Java HotSpot(TM) 64-Bit Server VM (25.101-b13) for linux-amd64 JRE (1.8.0_101-b13), built on Jun 22 2016 02:59:44 by "java_re" with gcc 4.3.0 20080428 (Red Hat 4.3.0-8)
Memory: 4k page, physical 264122320k(88940620k free), swap 268399612k(268399612k free)
CommandLine flags: -XX:GCLogFileSize=1048576 -XX:+HeapDumpOnOutOfMemoryError -XX:HeapDumpPath=artifacts/heapdump -XX:InitialHeapSize=805306368 -XX:MaxHeapSize=805306368 -XX:NumberOfGCLogFiles=10 -XX:+PrintGC -XX:+PrintGCDateStamps -XX:+PrintGCDetails -XX:+PrintGCTimeStamps -XX:+UseCompressedClassPointers -XX:+UseCompressedOops -XX:+UseGCLogFileRotation -XX:+UseParallelGC 
2016-09-25T23:10:13.379-0400: 2.170: [GC (Metadata GC Threshold) [PSYoungGen: 121898K->15562K(229376K)] 121898K->15650K(753664K), 0.0253009 secs] [Times: user=0.07 sys=0.05, real=0.03 secs] 
2016-09-25T23:10:13.404-0400: 2.196: [Full GC (Metadata GC Threshold) [PSYoungGen: 15562K->0K(229376K)] [ParOldGen: 88K->14600K(345600K)] 15650K->14600K(574976K), [Metaspace: 21065K->21065K(1067008K)], 0.0520575 secs] [Times: user=0.53 sys=0.00, real=0.05 secs] 
2016-09-25T23:10:15.338-0400: 4.130: [GC (Metadata GC Threshold) [PSYoungGen: 124256K->15284K(229376K)] 138857K->30021K(574976K), 0.0154364 secs] [Times: user=0.08 sys=0.05, real=0.01 secs] 
2016-09-25T23:10:15.354-0400: 4.145: [Full GC (Metadata GC Threshold) [PSYoungGen: 15284K->0K(229376K)] [ParOldGen: 14736K->20830K(524288K)] 30021K->20830K(753664K), [Metaspace: 35062K->35062K(1079296K)], 0.0645671 secs] [Times: user=0.62 sys=0.02, real=0.07 secs] 
2016-09-25T23:10:17.016-0400: 5.807: [GC (GCLocker Initiated GC) [PSYoungGen: 195304K->32748K(229376K)] 218835K->76871K(753664K), 0.0189398 secs] [Times: user=0.23 sys=0.02, real=0.02 secs] 
2016-09-25T23:10:17.306-0400: 6.097: [GC (GCLocker Initiated GC) [PSYoungGen: 229356K->32554K(229376K)] 277614K->141571K(753664K), 0.0163358 secs] [Times: user=0.24 sys=0.02, real=0.01 secs] 
2016-09-25T23:10:17.417-0400: 6.209: [GC (GCLocker Initiated GC) [PSYoungGen: 229162K->32545K(229376K)] 340906K->195598K(753664K), 0.0088142 secs] [Times: user=0.11 sys=0.01, real=0.01 secs] 
2016-09-25T23:10:17.530-0400: 6.321: [GC (GCLocker Initiated GC) [PSYoungGen: 229153K->32760K(199680K)] 404404K->266070K(723968K), 0.0115546 secs] [Times: user=0.16 sys=0.04, real=0.01 secs] 
2016-09-25T23:10:17.627-0400: 6.419: [GC (GCLocker Initiated GC) [PSYoungGen: 199672K->47605K(214528K)] 433237K->329939K(738816K), 0.0117884 secs] [Times: user=0.14 sys=0.04, real=0.01 secs] 
2016-09-25T23:10:17.716-0400: 6.508: [GC (GCLocker Initiated GC) [PSYoungGen: 214517K->47533K(155136K)] 505129K->403538K(679424K), 0.0175452 secs] [Times: user=0.22 sys=0.08, real=0.02 secs] 
2016-09-25T23:10:17.789-0400: 6.580: [GC (GCLocker Initiated GC) [PSYoungGen: 155053K->72769K(180736K)] 514222K->451408K(705024K), 0.0097023 secs] [Times: user=0.09 sys=0.04, real=0.01 secs] 
2016-09-25T23:10:17.840-0400: 6.631: [GC (GCLocker Initiated GC) [PSYoungGen: 180289K->67037K(169472K)] 559027K->459777K(693760K), 0.0206864 secs] [Times: user=0.34 sys=0.00, real=0.02 secs] 
2016-09-25T23:10:17.891-0400: 6.683: [GC (GCLocker Initiated GC) [PSYoungGen: 155101K->60075K(175104K)] 550712K->470941K(699392K), 0.0078714 secs] [Times: user=0.08 sys=0.01, real=0.01 secs] 
2016-09-25T23:10:17.943-0400: 6.734: [GC (GCLocker Initiated GC) [PSYoungGen: 148139K->43776K(175104K)] 561783K->486093K(699392K), 0.0080805 secs] [Times: user=0.09 sys=0.01, real=0.00 secs] 
2016-09-25T23:10:17.987-0400: 6.779: [Full GC (Ergonomics) [PSYoungGen: 131840K->0K(175104K)] [ParOldGen: 458641K->75735K(524288K)] 590482K->75735K(699392K), [Metaspace: 42923K->42907K(1085440K)], 0.1706781 secs] [Times: user=2.31 sys=0.02, real=0.17 secs] 
2016-09-25T23:10:18.209-0400: 7.001: [GC (GCLocker Initiated GC) [PSYoungGen: 88064K->64460K(175104K)] 178699K->155103K(699392K), 0.0113056 secs] [Times: user=0.18 sys=0.01, real=0.01 secs] 
2016-09-25T23:10:18.251-0400: 7.042: [GC (GCLocker Initiated GC) [PSYoungGen: 152524K->58663K(175104K)] 248653K->160618K(699392K), 0.0109321 secs] [Times: user=0.09 sys=0.00, real=0.01 secs] 
2016-09-25T23:10:18.298-0400: 7.090: [GC (GCLocker Initiated GC) [PSYoungGen: 146727K->70988K(175104K)] 266399K->196308K(699392K), 0.0101186 secs] [Times: user=0.10 sys=0.00, real=0.01 secs] 
2016-09-25T23:10:18.353-0400: 7.145: [GC (GCLocker Initiated GC) [PSYoungGen: 159052K->46540K(175104K)] 292623K->204717K(699392K), 0.0063759 secs] [Times: user=0.08 sys=0.00, real=0.01 secs] 
2016-09-25T23:10:18.396-0400: 7.188: [GC (GCLocker Initiated GC) [PSYoungGen: 134604K->69717K(175104K)] 296857K->243009K(699392K), 0.0091756 secs] [Times: user=0.10 sys=0.00, real=0.01 secs] 
2016-09-25T23:10:18.434-0400: 7.226: [GC (GCLocker Initiated GC) [PSYoungGen: 157781K->76388K(175104K)] 331147K->262293K(699392K), 0.0071036 secs] [Times: user=0.07 sys=0.02, real=0.00 secs] 
2016-09-25T23:10:18.480-0400: 7.272: [GC (GCLocker Initiated GC) [PSYoungGen: 164452K->80579K(175104K)] 355954K->281846K(699392K), 0.0070024 secs] [Times: user=0.08 sys=0.01, real=0.01 secs] 
2016-09-25T23:10:18.524-0400: 7.316: [GC (GCLocker Initiated GC) [PSYoungGen: 168643K->56039K(175104K)] 378088K->287410K(699392K), 0.0071535 secs] [Times: user=0.07 sys=0.00, real=0.00 secs] 
2016-09-25T23:10:18.568-0400: 7.359: [GC (GCLocker Initiated GC) [PSYoungGen: 144103K->65568K(175104K)] 381000K->325731K(699392K), 0.0074299 secs] [Times: user=0.12 sys=0.00, real=0.01 secs] 
2016-09-25T23:10:18.612-0400: 7.403: [GC (GCLocker Initiated GC) [PSYoungGen: 153632K->53418K(175104K)] 419322K->347729K(699392K), 0.0077191 secs] [Times: user=0.09 sys=0.00, real=0.01 secs] 
2016-09-25T23:10:18.652-0400: 7.444: [GC (GCLocker Initiated GC) [PSYoungGen: 141482K->43921K(175104K)] 438580K->387316K(699392K), 0.0075531 secs] [Times: user=0.13 sys=0.00, real=0.01 secs] 
2016-09-25T23:10:18.699-0400: 7.491: [GC (GCLocker Initiated GC) [PSYoungGen: 131985K->43936K(175104K)] 479521K->422823K(699392K), 0.0064195 secs] [Times: user=0.10 sys=0.00, real=0.01 secs] 
2016-09-25T23:10:18.730-0400: 7.522: [GC (GCLocker Initiated GC) [PSYoungGen: 132000K->85934K(175104K)] 516952K->484767K(699392K), 0.0078249 secs] [Times: user=0.11 sys=0.01, real=0.01 secs] 
2016-09-25T23:10:18.776-0400: 7.568: [GC (GCLocker Initiated GC) [PSYoungGen: 173998K->56167K(175104K)] 578415K->483910K(699392K), 0.0079034 secs] [Times: user=0.12 sys=0.01, real=0.01 secs] 
2016-09-25T23:10:18.816-0400: 7.607: [GC (GCLocker Initiated GC) [PSYoungGen: 144231K->70988K(175104K)] 577605K->520904K(699392K), 0.0070995 secs] [Times: user=0.10 sys=0.00, real=0.01 secs] 
2016-09-25T23:10:18.861-0400: 7.653: [GC (GCLocker Initiated GC) [PSYoungGen: 159052K->65632K(175104K)] 614597K->533642K(699392K), 0.0065974 secs] [Times: user=0.10 sys=0.01, real=0.01 secs] 
2016-09-25T23:10:18.914-0400: 7.705: [Full GC (Ergonomics) [PSYoungGen: 153696K->0K(175104K)] [ParOldGen: 476145K->67617K(524288K)] 629842K->67617K(699392K), [Metaspace: 43035K->43035K(1085440K)], 0.0551579 secs] [Times: user=0.66 sys=0.00, real=0.06 secs] 
2016-09-25T23:10:19.005-0400: 7.797: [GC (GCLocker Initiated GC) [PSYoungGen: 88064K->73828K(175104K)] 155811K->141584K(699392K), 0.0070965 secs] [Times: user=0.07 sys=0.01, real=0.00 secs] 
2016-09-25T23:10:19.052-0400: 7.844: [GC (GCLocker Initiated GC) [PSYoungGen: 161892K->65696K(175104K)] 236531K->170515K(699392K), 0.0078946 secs] [Times: user=0.10 sys=0.00, real=0.01 secs] 
2016-09-25T23:10:19.104-0400: 7.895: [GC (GCLocker Initiated GC) [PSYoungGen: 153760K->54750K(175104K)] 264108K->184352K(699392K), 0.0061079 secs] [Times: user=0.09 sys=0.00, real=0.00 secs] 
2016-09-25T23:10:19.138-0400: 7.929: [GC (GCLocker Initiated GC) [PSYoungGen: 142814K->54864K(175104K)] 275157K->223989K(699392K), 0.0071081 secs] [Times: user=0.10 sys=0.00, real=0.01 secs] 
2016-09-25T23:10:19.183-0400: 7.974: [GC (GCLocker Initiated GC) [PSYoungGen: 142928K->80589K(175104K)] 318967K->267772K(699392K), 0.0071067 secs] [Times: user=0.09 sys=0.00, real=0.00 secs] 
2016-09-25T23:10:19.237-0400: 8.028: [GC (GCLocker Initiated GC) [PSYoungGen: 168653K->44120K(175104K)] 358588K->273658K(699392K), 0.0059700 secs] [Times: user=0.07 sys=0.00, real=0.01 secs] 
2016-09-25T23:10:19.270-0400: 8.061: [GC (GCLocker Initiated GC) [PSYoungGen: 132184K->82109K(175104K)] 364495K->331081K(699392K), 0.0077293 secs] [Times: user=0.09 sys=0.00, real=0.01 secs] 
2016-09-25T23:10:19.320-0400: 8.112: [GC (GCLocker Initiated GC) [PSYoungGen: 170173K->75340K(175104K)] 428839K->348072K(699392K), 0.0078229 secs] [Times: user=0.09 sys=0.00, real=0.01 secs] 
2016-09-25T23:10:19.370-0400: 8.162: [GC (GCLocker Initiated GC) [PSYoungGen: 163404K->63034K(175104K)] 440254K->353922K(699392K), 0.0066943 secs] [Times: user=0.08 sys=0.01, real=0.01 secs] 
2016-09-25T23:10:19.410-0400: 8.202: [GC (GCLocker Initiated GC) [PSYoungGen: 151098K->68576K(175104K)] 451690K->395320K(699392K), 0.0084041 secs] [Times: user=0.11 sys=0.00, real=0.01 secs] 
2016-09-25T23:10:19.460-0400: 8.252: [GC (GCLocker Initiated GC) [PSYoungGen: 156640K->67066K(175104K)] 488862K->405248K(699392K), 0.0065360 secs] [Times: user=0.08 sys=0.00, real=0.01 secs] 
2016-09-25T23:10:19.501-0400: 8.292: [GC (GCLocker Initiated GC) [PSYoungGen: 155130K->65862K(175104K)] 496211K->431740K(699392K), 0.0068907 secs] [Times: user=0.10 sys=0.00, real=0.01 secs] 
2016-09-25T23:10:19.543-0400: 8.335: [GC (GCLocker Initiated GC) [PSYoungGen: 153926K->72736K(175104K)] 521409K->456945K(699392K), 0.0079789 secs] [Times: user=0.09 sys=0.00, real=0.00 secs] 
2016-09-25T23:10:19.591-0400: 8.383: [GC (GCLocker Initiated GC) [PSYoungGen: 160800K->61638K(175104K)] 545077K->469531K(699392K), 0.0073307 secs] [Times: user=0.10 sys=0.01, real=0.01 secs] 
2016-09-25T23:10:19.629-0400: 8.421: [GC (Allocation Failure) [PSYoungGen: 149702K->64412K(175104K)] 563173K->483715K(699392K), 0.0084639 secs] [Times: user=0.08 sys=0.01, real=0.01 secs] 
2016-09-25T23:10:19.679-0400: 8.470: [GC (GCLocker Initiated GC) [PSYoungGen: 151725K->52060K(175104K)] 573728K->511079K(699392K), 0.0074916 secs] [Times: user=0.08 sys=0.00, real=0.01 secs] 
2016-09-25T23:10:19.719-0400: 8.511: [GC (GCLocker Initiated GC) [PSYoungGen: 140124K->86081K(175104K)] 602039K->565918K(699392K), 0.0076346 secs] [Times: user=0.11 sys=0.00, real=0.01 secs] 
2016-09-25T23:10:19.727-0400: 8.519: [Full GC (Ergonomics) [PSYoungGen: 86081K->0K(175104K)] [ParOldGen: 479836K->80475K(524288K)] 565918K->80475K(699392K), [Metaspace: 43288K->43288K(1085440K)], 0.0608291 secs] [Times: user=0.39 sys=0.01, real=0.06 secs] 
2016-09-25T23:10:19.820-0400: 8.612: [GC (GCLocker Initiated GC) [PSYoungGen: 88064K->79696K(175104K)] 168666K->160298K(699392K), 0.0065345 secs] [Times: user=0.09 sys=0.00, real=0.01 secs] 
2016-09-25T23:10:19.864-0400: 8.655: [GC (GCLocker Initiated GC) [PSYoungGen: 167760K->56380K(175104K)] 253816K->163582K(699392K), 0.0064820 secs] [Times: user=0.07 sys=0.00, real=0.00 secs] 
2016-09-25T23:10:19.909-0400: 8.700: [GC (GCLocker Initiated GC) [PSYoungGen: 144444K->56454K(175104K)] 264018K->191388K(699392K), 0.0066220 secs] [Times: user=0.08 sys=0.00, real=0.01 secs] 
2016-09-25T23:10:19.947-0400: 8.739: [GC (GCLocker Initiated GC) [PSYoungGen: 144518K->76456K(175104K)] 282273K->223031K(699392K), 0.0068527 secs] [Times: user=0.09 sys=0.00, real=0.00 secs] 
2016-09-25T23:10:19.988-0400: 8.780: [GC (GCLocker Initiated GC) [PSYoungGen: 164520K->75262K(175104K)] 313866K->254768K(699392K), 0.0077900 secs] [Times: user=0.11 sys=0.00, real=0.01 secs] 
2016-09-25T23:10:20.031-0400: 8.823: [GC (GCLocker Initiated GC) [PSYoungGen: 163326K->75326K(175104K)] 345738K->277166K(699392K), 0.0074282 secs] [Times: user=0.11 sys=0.00, real=0.01 secs] 
2016-09-25T23:10:20.081-0400: 8.872: [GC (GCLocker Initiated GC) [PSYoungGen: 163390K->53648K(175104K)] 370862K->288716K(699392K), 0.0061087 secs] [Times: user=0.08 sys=0.01, real=0.01 secs] 
2016-09-25T23:10:20.115-0400: 8.907: [GC (GCLocker Initiated GC) [PSYoungGen: 141712K->84776K(175104K)] 381039K->340873K(699392K), 0.0078212 secs] [Times: user=0.11 sys=0.00, real=0.01 secs] 
2016-09-25T23:10:20.164-0400: 8.955: [GC (GCLocker Initiated GC) [PSYoungGen: 172840K->57758K(175104K)] 437713K->346144K(699392K), 0.0071916 secs] [Times: user=0.08 sys=0.00, real=0.00 secs] 
2016-09-25T23:10:20.209-0400: 9.000: [GC (GCLocker Initiated GC) [PSYoungGen: 145822K->63144K(175104K)] 439801K->371225K(699392K), 0.0063187 secs] [Times: user=0.08 sys=0.01, real=0.01 secs] 
2016-09-25T23:10:20.248-0400: 9.040: [GC (GCLocker Initiated GC) [PSYoungGen: 151208K->72562K(175104K)] 460841K->401565K(699392K), 0.0069346 secs] [Times: user=0.09 sys=0.00, real=0.01 secs] 
2016-09-25T23:10:20.286-0400: 9.078: [GC (GCLocker Initiated GC) [PSYoungGen: 160626K->75198K(175104K)] 493823K->425066K(699392K), 0.0071128 secs] [Times: user=0.11 sys=0.00, real=0.00 secs] 
2016-09-25T23:10:20.334-0400: 9.126: [GC (GCLocker Initiated GC) [PSYoungGen: 163262K->51024K(175104K)] 523138K->426180K(699392K), 0.0072952 secs] [Times: user=0.06 sys=0.00, real=0.01 secs] 
2016-09-25T23:10:20.376-0400: 9.167: [GC (GCLocker Initiated GC) [PSYoungGen: 139088K->50838K(175104K)] 516986K->463092K(699392K), 0.0072283 secs] [Times: user=0.08 sys=0.01, real=0.01 secs] 
2016-09-25T23:10:20.411-0400: 9.203: [GC (GCLocker Initiated GC) [PSYoungGen: 138902K->57758K(175104K)] 552576K->482632K(699392K), 0.0075996 secs] [Times: user=0.06 sys=0.01, real=0.01 secs] 
2016-09-25T23:10:20.458-0400: 9.249: [GC (GCLocker Initiated GC) [PSYoungGen: 145822K->39860K(175104K)] 573458K->497782K(699392K), 0.0158979 secs] [Times: user=0.13 sys=0.00, real=0.01 secs] 
2016-09-25T23:10:20.507-0400: 9.299: [GC (GCLocker Initiated GC) [PSYoungGen: 127924K->51026K(175104K)] 591330K->535169K(699392K), 0.0077007 secs] [Times: user=0.08 sys=0.00, real=0.01 secs] 
2016-09-25T23:10:20.580-0400: 9.372: [GC (GCLocker Initiated GC) [PSYoungGen: 139090K->61908K(175104K)] 623447K->568411K(699392K), 0.0083164 secs] [Times: user=0.09 sys=0.03, real=0.01 secs] 
2016-09-25T23:10:20.589-0400: 9.380: [Full GC (Ergonomics) [PSYoungGen: 61908K->0K(175104K)] [ParOldGen: 506503K->83789K(524288K)] 568411K->83789K(699392K), [Metaspace: 43361K->43361K(1085440K)], 0.0470837 secs] [Times: user=0.45 sys=0.00, real=0.05 secs] 
2016-09-25T23:10:20.671-0400: 9.463: [GC (GCLocker Initiated GC) [PSYoungGen: 88062K->72960K(175104K)] 178850K->163748K(699392K), 0.0078710 secs] [Times: user=0.08 sys=0.01, real=0.01 secs] 
2016-09-25T23:10:20.725-0400: 9.517: [GC (GCLocker Initiated GC) [PSYoungGen: 161024K->52234K(175104K)] 261416K->177859K(699392K), 0.0068551 secs] [Times: user=0.10 sys=0.00, real=0.00 secs] 
2016-09-25T23:10:20.770-0400: 9.562: [GC (GCLocker Initiated GC) [PSYoungGen: 140298K->65812K(175104K)] 275534K->221773K(699392K), 0.0106020 secs] [Times: user=0.15 sys=0.00, real=0.01 secs] 
2016-09-25T23:10:20.809-0400: 9.600: [GC (GCLocker Initiated GC) [PSYoungGen: 153876K->84808K(175104K)] 312732K->256338K(699392K), 0.0076603 secs] [Times: user=0.12 sys=0.00, real=0.01 secs] 
2016-09-25T23:10:20.854-0400: 9.646: [GC (GCLocker Initiated GC) [PSYoungGen: 172872K->67098K(175104K)] 351233K->262287K(699392K), 0.0071338 secs] [Times: user=0.08 sys=0.01, real=0.01 secs] 
2016-09-25T23:10:20.899-0400: 9.691: [GC (GCLocker Initiated GC) [PSYoungGen: 155162K->50994K(175104K)] 357277K->291335K(699392K), 0.0076121 secs] [Times: user=0.10 sys=0.01, real=0.01 secs] 
2016-09-25T23:10:20.941-0400: 9.733: [GC (GCLocker Initiated GC) [PSYoungGen: 139058K->71276K(175104K)] 384937K->333939K(699392K), 0.0069189 secs] [Times: user=0.09 sys=0.01, real=0.01 secs] 
2016-09-25T23:10:20.987-0400: 9.779: [GC (GCLocker Initiated GC) [PSYoungGen: 159340K->55026K(175104K)] 435548K->346668K(699392K), 0.0068623 secs] [Times: user=0.07 sys=0.00, real=0.01 secs] 
2016-09-25T23:10:21.022-0400: 9.813: [GC (GCLocker Initiated GC) [PSYoungGen: 143090K->76662K(175104K)] 434969K->392141K(699392K), 0.0076090 secs] [Times: user=0.10 sys=0.00, real=0.01 secs] 
2016-09-25T23:10:21.071-0400: 9.863: [GC (GCLocker Initiated GC) [PSYoungGen: 164726K->84694K(175104K)] 485672K->418308K(699392K), 0.0081668 secs] [Times: user=0.12 sys=0.01, real=0.01 secs] 
2016-09-25T23:10:21.122-0400: 9.913: [GC (GCLocker Initiated GC) [PSYoungGen: 172758K->60366K(175104K)] 509111K->425542K(699392K), 0.0065186 secs] [Times: user=0.10 sys=0.00, real=0.01 secs] 
2016-09-25T23:10:21.154-0400: 9.946: [GC (GCLocker Initiated GC) [PSYoungGen: 148430K->73958K(175104K)] 516491K->470841K(699392K), 0.0079322 secs] [Times: user=0.11 sys=0.00, real=0.01 secs] 
2016-09-25T23:10:21.196-0400: 9.988: [GC (GCLocker Initiated GC) [PSYoungGen: 162022K->78058K(175104K)] 568553K->506721K(699392K), 0.0070699 secs] [Times: user=0.09 sys=0.00, real=0.01 secs] 
2016-09-25T23:10:21.241-0400: 10.033: [GC (GCLocker Initiated GC) [PSYoungGen: 166122K->64462K(175104K)] 604469K->518247K(699392K), 0.0067905 secs] [Times: user=0.10 sys=0.00, real=0.01 secs] 
2016-09-25T23:10:21.280-0400: 10.072: [GC (GCLocker Initiated GC) [PSYoungGen: 152526K->67176K(175104K)] 611796K->548589K(699392K), 0.0074556 secs] [Times: user=0.09 sys=0.00, real=0.01 secs] 
2016-09-25T23:10:21.328-0400: 10.120: [GC (GCLocker Initiated GC) [PSYoungGen: 155240K->57698K(175104K)] 642263K->569546K(699392K), 0.0076337 secs] [Times: user=0.11 sys=0.00, real=0.01 secs] 
2016-09-25T23:10:21.336-0400: 10.128: [Full GC (Ergonomics) [PSYoungGen: 57698K->0K(175104K)] [ParOldGen: 511848K->75564K(524288K)] 569546K->75564K(699392K), [Metaspace: 43379K->43379K(1085440K)], 0.0463219 secs] [Times: user=0.40 sys=0.00, real=0.05 secs] 
2016-09-25T23:10:21.407-0400: 10.199: [GC (GCLocker Initiated GC) [PSYoungGen: 88064K->84890K(175104K)] 163684K->163211K(699392K), 0.0085226 secs] [Times: user=0.12 sys=0.00, real=0.01 secs] 
2016-09-25T23:10:21.456-0400: 10.248: [GC (GCLocker Initiated GC) [PSYoungGen: 172954K->69894K(175104K)] 256900K->195090K(699392K), 0.0081209 secs] [Times: user=0.12 sys=0.00, real=0.01 secs] 
2016-09-25T23:10:21.501-0400: 10.293: [GC (GCLocker Initiated GC) [PSYoungGen: 157958K->55012K(175104K)] 288655K->209250K(699392K), 0.0062723 secs] [Times: user=0.08 sys=0.00, real=0.01 secs] 
2016-09-25T23:10:21.533-0400: 10.325: [GC (GCLocker Initiated GC) [PSYoungGen: 143076K->83426K(175104K)] 297554K->257404K(699392K), 0.0074692 secs] [Times: user=0.10 sys=0.00, real=0.01 secs] 
2016-09-25T23:10:21.578-0400: 10.370: [GC (GCLocker Initiated GC) [PSYoungGen: 171490K->50820K(175104K)] 348324K->259316K(699392K), 0.0060046 secs] [Times: user=0.08 sys=0.00, real=0.01 secs] 
2016-09-25T23:10:21.623-0400: 10.414: [GC (GCLocker Initiated GC) [PSYoungGen: 138884K->60476K(175104K)] 347567K->288545K(699392K), 0.0066316 secs] [Times: user=0.08 sys=0.00, real=0.00 secs] 
2016-09-25T23:10:21.663-0400: 10.455: [GC (GCLocker Initiated GC) [PSYoungGen: 148540K->58970K(175104K)] 376797K->314860K(699392K), 0.0098572 secs] [Times: user=0.14 sys=0.00, real=0.00 secs] 
2016-09-25T23:10:21.705-0400: 10.496: [GC (GCLocker Initiated GC) [PSYoungGen: 147034K->64540K(175104K)] 408736K->357816K(699392K), 0.0072769 secs] [Times: user=0.11 sys=0.00, real=0.00 secs] 
2016-09-25T23:10:21.757-0400: 10.548: [GC (GCLocker Initiated GC) [PSYoungGen: 152604K->38968K(175104K)] 470260K->369380K(699392K), 0.0050439 secs] [Times: user=0.06 sys=0.00, real=0.00 secs] 
2016-09-25T23:10:21.799-0400: 10.591: [GC (GCLocker Initiated GC) [PSYoungGen: 127032K->65720K(175104K)] 462957K->406327K(699392K), 0.0076452 secs] [Times: user=0.06 sys=0.01, real=0.01 secs] 
2016-09-25T23:10:21.838-0400: 10.629: [GC (GCLocker Initiated GC) [PSYoungGen: 153784K->76690K(175104K)] 500305K->461467K(699392K), 0.0080156 secs] [Times: user=0.11 sys=0.00, real=0.01 secs] 
2016-09-25T23:10:21.885-0400: 10.676: [GC (GCLocker Initiated GC) [PSYoungGen: 164754K->53616K(175104K)] 553764K->471554K(699392K), 0.0069423 secs] [Times: user=0.09 sys=0.00, real=0.00 secs] 
2016-09-25T23:10:21.920-0400: 10.712: [GC (GCLocker Initiated GC) [PSYoungGen: 141680K->64526K(175104K)] 559815K->504779K(699392K), 0.0111323 secs] [Times: user=0.14 sys=0.01, real=0.01 secs] 
2016-09-25T23:10:21.966-0400: 10.758: [GC (GCLocker Initiated GC) [PSYoungGen: 152590K->61826K(175104K)] 595703K->539284K(699392K), 0.0078497 secs] [Times: user=0.10 sys=0.00, real=0.01 secs] 
2016-09-25T23:10:21.974-0400: 10.766: [Full GC (Ergonomics) [PSYoungGen: 61826K->0K(175104K)] [ParOldGen: 477457K->93998K(524288K)] 539284K->93998K(699392K), [Metaspace: 43380K->43380K(1085440K)], 0.0482639 secs] [Times: user=0.38 sys=0.00, real=0.05 secs] 
2016-09-25T23:10:22.064-0400: 10.856: [GC (GCLocker Initiated GC) [PSYoungGen: 88064K->80950K(175104K)] 186236K->179123K(699392K), 0.0061279 secs] [Times: user=0.08 sys=0.00, real=0.00 secs] 
2016-09-25T23:10:22.097-0400: 10.889: [GC (GCLocker Initiated GC) [PSYoungGen: 169014K->71340K(175104K)] 272851K->207079K(699392K), 0.0071298 secs] [Times: user=0.11 sys=0.00, real=0.01 secs] 
2016-09-25T23:10:22.139-0400: 10.931: [GC (GCLocker Initiated GC) [PSYoungGen: 159404K->67066K(175104K)] 302017K->226527K(699392K), 0.0059284 secs] [Times: user=0.08 sys=0.00, real=0.01 secs] 
2016-09-25T23:10:22.180-0400: 10.972: [GC (GCLocker Initiated GC) [PSYoungGen: 155130K->54984K(175104K)] 314852K->239494K(699392K), 0.0069879 secs] [Times: user=0.08 sys=0.00, real=0.01 secs] 
2016-09-25T23:10:22.218-0400: 11.010: [GC (GCLocker Initiated GC) [PSYoungGen: 143048K->67116K(175104K)] 327726K->273862K(699392K), 0.0067044 secs] [Times: user=0.07 sys=0.01, real=0.01 secs] 
2016-09-25T23:10:22.257-0400: 11.049: [GC (GCLocker Initiated GC) [PSYoungGen: 155180K->64604K(153088K)] 367588K->311312K(677376K), 0.0075844 secs] [Times: user=0.12 sys=0.00, real=0.01 secs] 
2016-09-25T23:10:22.302-0400: 11.093: [GC (GCLocker Initiated GC) [PSYoungGen: 152668K->69926K(173056K)] 400763K->334910K(697344K), 0.0064438 secs] [Times: user=0.09 sys=0.00, real=0.01 secs] 
2016-09-25T23:10:22.344-0400: 11.136: [GC (GCLocker Initiated GC) [PSYoungGen: 157990K->56238K(173056K)] 423052K->358334K(697344K), 0.0066822 secs] [Times: user=0.10 sys=0.00, real=0.00 secs] 
2016-09-25T23:10:22.380-0400: 11.171: [GC (GCLocker Initiated GC) [PSYoungGen: 144302K->83554K(172544K)] 446487K->399699K(696832K), 0.0067641 secs] [Times: user=0.09 sys=0.00, real=0.01 secs] 
2016-09-25T23:10:22.420-0400: 11.212: [GC (GCLocker Initiated GC) [PSYoungGen: 171618K->74146K(175104K)] 498816K->426291K(699392K), 0.0074293 secs] [Times: user=0.12 sys=0.00, real=0.01 secs] 
2016-09-25T23:10:22.465-0400: 11.257: [GC (GCLocker Initiated GC) [PSYoungGen: 162210K->71134K(175104K)] 522601K->447123K(699392K), 0.0064466 secs] [Times: user=0.08 sys=0.00, real=0.00 secs] 
2016-09-25T23:10:22.501-0400: 11.293: [GC (GCLocker Initiated GC) [PSYoungGen: 159198K->69880K(175104K)] 538078K->492451K(699392K), 0.0076991 secs] [Times: user=0.11 sys=0.00, real=0.01 secs] 
2016-09-25T23:10:22.543-0400: 11.335: [GC (GCLocker Initiated GC) [PSYoungGen: 157944K->75354K(175104K)] 594744K->535654K(699392K), 0.0075445 secs] [Times: user=0.11 sys=0.00, real=0.00 secs] 
2016-09-25T23:10:22.593-0400: 11.385: [GC (GCLocker Initiated GC) [PSYoungGen: 163418K->62970K(175104K)] 629324K->545668K(699392K), 0.0068733 secs] [Times: user=0.10 sys=0.00, real=0.01 secs] 
2016-09-25T23:10:22.600-0400: 11.392: [Full GC (Ergonomics) [PSYoungGen: 62970K->0K(175104K)] [ParOldGen: 482697K->91821K(524288K)] 545668K->91821K(699392K), [Metaspace: 43399K->43399K(1085440K)], 0.0431050 secs] [Times: user=0.34 sys=0.01, real=0.05 secs] 
2016-09-25T23:10:22.679-0400: 11.470: [GC (GCLocker Initiated GC) [PSYoungGen: 88064K->82112K(175104K)] 185379K->179427K(699392K), 0.0060060 secs] [Times: user=0.08 sys=0.00, real=0.01 secs] 
2016-09-25T23:10:22.720-0400: 11.512: [GC (GCLocker Initiated GC) [PSYoungGen: 170176K->57661K(175104K)] 277181K->197690K(699392K), 0.0080430 secs] [Times: user=0.10 sys=0.00, real=0.01 secs] 
2016-09-25T23:10:22.768-0400: 11.560: [GC (GCLocker Initiated GC) [PSYoungGen: 145725K->57634K(175104K)] 291361K->229505K(699392K), 0.0067769 secs] [Times: user=0.08 sys=0.00, real=0.01 secs] 
2016-09-25T23:10:22.808-0400: 11.600: [GC (GCLocker Initiated GC) [PSYoungGen: 145698K->77916K(175104K)] 320493K->269413K(699392K), 0.0069017 secs] [Times: user=0.10 sys=0.00, real=0.01 secs] 
2016-09-25T23:10:22.846-0400: 11.638: [GC (GCLocker Initiated GC) [PSYoungGen: 165980K->41401K(175104K)] 365655K->291537K(699392K), 0.0069303 secs] [Times: user=0.09 sys=0.01, real=0.00 secs] 
2016-09-25T23:10:22.884-0400: 11.676: [GC (GCLocker Initiated GC) [PSYoungGen: 129465K->61812K(175104K)] 382414K->330104K(699392K), 0.0064799 secs] [Times: user=0.09 sys=0.00, real=0.00 secs] 
2016-09-25T23:10:22.924-0400: 11.716: [GC (GCLocker Initiated GC) [PSYoungGen: 149876K->72768K(175104K)] 426426K->367458K(699392K), 0.0065317 secs] [Times: user=0.09 sys=0.00, real=0.00 secs] 
2016-09-25T23:10:22.965-0400: 11.757: [GC (GCLocker Initiated GC) [PSYoungGen: 160832K->49597K(175104K)] 459762K->374860K(699392K), 0.0063003 secs] [Times: user=0.08 sys=0.00, real=0.00 secs] 
2016-09-25T23:10:23.005-0400: 11.797: [GC (GCLocker Initiated GC) [PSYoungGen: 137661K->69770K(175104K)] 464433K->419961K(699392K), 0.0065893 secs] [Times: user=0.10 sys=0.00, real=0.00 secs] 
2016-09-25T23:10:23.038-0400: 11.830: [GC (GCLocker Initiated GC) [PSYoungGen: 157834K->79343K(175104K)] 513510K->459731K(699392K), 0.0079918 secs] [Times: user=0.12 sys=0.00, real=0.01 secs] 
2016-09-25T23:10:23.087-0400: 11.879: [GC (GCLocker Initiated GC) [PSYoungGen: 167407K->59217K(175104K)] 556038K->471368K(699392K), 0.0074870 secs] [Times: user=0.11 sys=0.00, real=0.01 secs] 
2016-09-25T23:10:23.122-0400: 11.914: [GC (GCLocker Initiated GC) [PSYoungGen: 147281K->71120K(175104K)] 559673K->512581K(699392K), 0.0073493 secs] [Times: user=0.11 sys=0.00, real=0.00 secs] 
2016-09-25T23:10:23.163-0400: 11.955: [GC (GCLocker Initiated GC) [PSYoungGen: 159184K->75293K(175104K)] 601869K->546756K(699392K), 0.0085482 secs] [Times: user=0.11 sys=0.00, real=0.00 secs] 
2016-09-25T23:10:23.207-0400: 11.998: [GC (GCLocker Initiated GC) [PSYoungGen: 163357K->65747K(175104K)] 641682K->550003K(699392K), 0.0071213 secs] [Times: user=0.07 sys=0.00, real=0.00 secs] 
2016-09-25T23:10:23.214-0400: 12.006: [Full GC (Ergonomics) [PSYoungGen: 65747K->0K(175104K)] [ParOldGen: 484255K->94947K(524288K)] 550003K->94947K(699392K), [Metaspace: 43399K->43399K(1085440K)], 0.0440587 secs] [Times: user=0.30 sys=0.00, real=0.05 secs] 
2016-09-25T23:10:23.287-0400: 12.078: [GC (GCLocker Initiated GC) [PSYoungGen: 88064K->84954K(175104K)] 188512K->185402K(699392K), 0.0066525 secs] [Times: user=0.08 sys=0.01, real=0.00 secs] 
2016-09-25T23:10:23.327-0400: 12.119: [GC (GCLocker Initiated GC) [PSYoungGen: 173018K->71257K(175104K)] 287095K->207689K(699392K), 0.0068268 secs] [Times: user=0.10 sys=0.00, real=0.01 secs] 
2016-09-25T23:10:23.374-0400: 12.166: [GC (GCLocker Initiated GC) [PSYoungGen: 159321K->57729K(175104K)] 301354K->217857K(699392K), 0.0065436 secs] [Times: user=0.09 sys=0.00, real=0.00 secs] 
2016-09-25T23:10:23.409-0400: 12.200: [GC (GCLocker Initiated GC) [PSYoungGen: 145793K->86075K(175104K)] 308718K->263034K(699392K), 0.0077459 secs] [Times: user=0.10 sys=0.00, real=0.01 secs] 
2016-09-25T23:10:23.454-0400: 12.246: [GC (GCLocker Initiated GC) [PSYoungGen: 174139K->71179K(175104K)] 353995K->261083K(699392K), 0.0064978 secs] [Times: user=0.09 sys=0.01, real=0.00 secs] 
2016-09-25T23:10:23.498-0400: 12.290: [GC (GCLocker Initiated GC) [PSYoungGen: 159243K->83348K(175104K)] 352071K->287494K(699392K), 0.0090702 secs] [Times: user=0.11 sys=0.01, real=0.01 secs] 
2016-09-25T23:10:23.537-0400: 12.328: [GC (GCLocker Initiated GC) [PSYoungGen: 171412K->72561K(175104K)] 378938K->308980K(699392K), 0.0074164 secs] [Times: user=0.09 sys=0.00, real=0.01 secs] 
2016-09-25T23:10:23.574-0400: 12.366: [GC (GCLocker Initiated GC) [PSYoungGen: 160625K->61542K(175104K)] 397121K->344593K(699392K), 0.0077247 secs] [Times: user=0.11 sys=0.00, real=0.01 secs] 
2016-09-25T23:10:23.612-0400: 12.404: [GC (GCLocker Initiated GC) [PSYoungGen: 149606K->64589K(175104K)] 438163K->387316K(699392K), 0.0077412 secs] [Times: user=0.11 sys=0.00, real=0.01 secs] 
2016-09-25T23:10:23.660-0400: 12.452: [GC (GCLocker Initiated GC) [PSYoungGen: 152653K->59157K(175104K)] 481630K->403647K(699392K), 0.0064558 secs] [Times: user=0.10 sys=0.00, real=0.01 secs] 
2016-09-25T23:10:23.695-0400: 12.487: [GC (GCLocker Initiated GC) [PSYoungGen: 147221K->80789K(175104K)] 494605K->450453K(699392K), 0.0072643 secs] [Times: user=0.10 sys=0.00, real=0.01 secs] 
2016-09-25T23:10:23.741-0400: 12.533: [GC (GCLocker Initiated GC) [PSYoungGen: 168853K->72621K(175104K)] 548130K->467387K(699392K), 0.0068177 secs] [Times: user=0.10 sys=0.00, real=0.01 secs] 
2016-09-25T23:10:23.777-0400: 12.569: [GC (GCLocker Initiated GC) [PSYoungGen: 160685K->75138K(175104K)] 558259K->490861K(699392K), 0.0064571 secs] [Times: user=0.10 sys=0.00, real=0.01 secs] 
2016-09-25T23:10:23.821-0400: 12.612: [GC (GCLocker Initiated GC) [PSYoungGen: 163202K->63267K(175104K)] 593858K->533513K(699392K), 0.0075013 secs] [Times: user=0.10 sys=0.00, real=0.01 secs] 
2016-09-25T23:10:23.862-0400: 12.654: [Full GC (Ergonomics) [PSYoungGen: 151331K->0K(175104K)] [ParOldGen: 475738K->108002K(524288K)] 627070K->108002K(699392K), [Metaspace: 43400K->43400K(1085440K)], 0.0472156 secs] [Times: user=0.37 sys=0.00, real=0.05 secs] 
2016-09-25T23:10:23.946-0400: 12.738: [GC (GCLocker Initiated GC) [PSYoungGen: 88064K->68767K(175104K)] 201586K->182290K(699392K), 0.0060159 secs] [Times: user=0.06 sys=0.01, real=0.00 secs] 
2016-09-25T23:10:23.984-0400: 12.775: [GC (GCLocker Initiated GC) [PSYoungGen: 156831K->72561K(175104K)] 274118K->197362K(699392K), 0.0066904 secs] [Times: user=0.09 sys=0.00, real=0.00 secs] 
2016-09-25T23:10:24.027-0400: 12.819: [GC (GCLocker Initiated GC) [PSYoungGen: 160625K->65908K(175104K)] 293612K->237313K(699392K), 0.0067055 secs] [Times: user=0.09 sys=0.00, real=0.00 secs] 
2016-09-25T23:10:24.071-0400: 12.862: [GC (GCLocker Initiated GC) [PSYoungGen: 153972K->57711K(175104K)] 331141K->269223K(699392K), 0.0074914 secs] [Times: user=0.10 sys=0.00, real=0.01 secs] 
2016-09-25T23:10:24.116-0400: 12.908: [GC (GCLocker Initiated GC) [PSYoungGen: 145775K->44152K(175104K)] 359996K->299444K(699392K), 0.0073366 secs] [Times: user=0.10 sys=0.00, real=0.01 secs] 
2016-09-25T23:10:24.147-0400: 12.938: [GC (GCLocker Initiated GC) [PSYoungGen: 132216K->83472K(175104K)] 390377K->352904K(699392K), 0.0067739 secs] [Times: user=0.10 sys=0.00, real=0.00 secs] 
2016-09-25T23:10:24.199-0400: 12.991: [GC (GCLocker Initiated GC) [PSYoungGen: 171536K->44211K(175104K)] 455894K->361672K(699392K), 0.0063460 secs] [Times: user=0.08 sys=0.00, real=0.01 secs] 
2016-09-25T23:10:24.245-0400: 13.036: [GC (GCLocker Initiated GC) [PSYoungGen: 132275K->63143K(175104K)] 459328K->405561K(699392K), 0.0065097 secs] [Times: user=0.09 sys=0.01, real=0.00 secs] 
2016-09-25T23:10:24.280-0400: 13.072: [GC (GCLocker Initiated GC) [PSYoungGen: 151207K->79467K(175104K)] 504906K->436449K(699392K), 0.0062194 secs] [Times: user=0.08 sys=0.00, real=0.01 secs] 
2016-09-25T23:10:24.327-0400: 13.119: [GC (GCLocker Initiated GC) [PSYoungGen: 167531K->76625K(175104K)] 539605K->452040K(699392K), 0.0069367 secs] [Times: user=0.08 sys=0.00, real=0.01 secs] 
2016-09-25T23:10:24.371-0400: 13.162: [GC (GCLocker Initiated GC) [PSYoungGen: 164689K->69769K(175104K)] 547526K->463943K(699392K), 0.0067916 secs] [Times: user=0.09 sys=0.00, real=0.01 secs] 
2016-09-25T23:10:24.405-0400: 13.197: [GC (GCLocker Initiated GC) [PSYoungGen: 157833K->73879K(175104K)] 565663K->494234K(699392K), 0.0075156 secs] [Times: user=0.09 sys=0.01, real=0.00 secs] 
2016-09-25T23:10:24.451-0400: 13.243: [GC (GCLocker Initiated GC) [PSYoungGen: 161943K->64461K(175104K)] 582419K->507008K(699392K), 0.0081270 secs] [Times: user=0.10 sys=0.00, real=0.01 secs] 
2016-09-25T23:10:24.492-0400: 13.284: [GC (GCLocker Initiated GC) [PSYoungGen: 152525K->61670K(175104K)] 595166K->530500K(699392K), 0.0070046 secs] [Times: user=0.10 sys=0.00, real=0.01 secs] 
2016-09-25T23:10:24.528-0400: 13.320: [Full GC (Ergonomics) [PSYoungGen: 149734K->0K(175104K)] [ParOldGen: 476072K->114578K(524288K)] 625806K->114578K(699392K), [Metaspace: 43410K->43410K(1085440K)], 0.0564045 secs] [Times: user=0.39 sys=0.01, real=0.06 secs] 
2016-09-25T23:10:24.622-0400: 13.414: [GC (GCLocker Initiated GC) [PSYoungGen: 88064K->67243K(175104K)] 206854K->186033K(699392K), 0.0060313 secs] [Times: user=0.07 sys=0.00, real=0.00 secs] 
2016-09-25T23:10:24.659-0400: 13.451: [GC (GCLocker Initiated GC) [PSYoungGen: 155307K->52297K(175104K)] 277039K->211149K(699392K), 0.0069969 secs] [Times: user=0.09 sys=0.00, real=0.01 secs] 
2016-09-25T23:10:24.704-0400: 13.495: [GC (GCLocker Initiated GC) [PSYoungGen: 140361K->73971K(175104K)] 315614K->272735K(699392K), 0.0097611 secs] [Times: user=0.11 sys=0.00, real=0.00 secs] 
2016-09-25T23:10:24.761-0400: 13.552: [GC (GCLocker Initiated GC) [PSYoungGen: 162035K->67207K(175104K)] 366386K->274840K(699392K), 0.0068645 secs] [Times: user=0.09 sys=0.00, real=0.01 secs] 
2016-09-25T23:10:24.807-0400: 13.598: [GC (GCLocker Initiated GC) [PSYoungGen: 155271K->77837K(175104K)] 366515K->296384K(699392K), 0.0059492 secs] [Times: user=0.08 sys=0.00, real=0.00 secs] 
2016-09-25T23:10:24.851-0400: 13.643: [GC (GCLocker Initiated GC) [PSYoungGen: 165901K->57647K(175104K)] 391367K->332128K(699392K), 0.0131737 secs] [Times: user=0.10 sys=0.00, real=0.02 secs] 
2016-09-25T23:10:24.914-0400: 13.706: [GC (GCLocker Initiated GC) [PSYoungGen: 145711K->68621K(175104K)] 432445K->359839K(699392K), 0.0072080 secs] [Times: user=0.07 sys=0.00, real=0.00 secs] 
2016-09-25T23:10:24.968-0400: 13.760: [GC (GCLocker Initiated GC) [PSYoungGen: 156685K->52169K(175104K)] 454867K->394176K(699392K), 0.0069617 secs] [Times: user=0.08 sys=0.01, real=0.01 secs] 
2016-09-25T23:10:25.005-0400: 13.797: [GC (GCLocker Initiated GC) [PSYoungGen: 140233K->84666K(175104K)] 482292K->440658K(699392K), 0.0102888 secs] [Times: user=0.13 sys=0.00, real=0.01 secs] 
2016-09-25T23:10:25.052-0400: 13.844: [GC (GCLocker Initiated GC) [PSYoungGen: 172730K->57665K(175104K)] 528826K->454752K(699392K), 0.0074037 secs] [Times: user=0.09 sys=0.01, real=0.01 secs] 
2016-09-25T23:10:25.099-0400: 13.890: [GC (GCLocker Initiated GC) [PSYoungGen: 145729K->79439K(175104K)] 553751K->505501K(699392K), 0.0083326 secs] [Times: user=0.12 sys=0.00, real=0.01 secs] 
2016-09-25T23:10:25.153-0400: 13.945: [GC (GCLocker Initiated GC) [PSYoungGen: 167503K->49675K(175104K)] 600483K->518325K(699392K), 0.0066125 secs] [Times: user=0.10 sys=0.00, real=0.01 secs] 
2016-09-25T23:10:25.160-0400: 13.951: [Full GC (Ergonomics) [PSYoungGen: 49675K->0K(175104K)] [ParOldGen: 468650K->111654K(524288K)] 518325K->111654K(699392K), [Metaspace: 43410K->43410K(1085440K)], 0.0531522 secs] [Times: user=0.40 sys=0.00, real=0.05 secs] 
2016-09-25T23:10:25.250-0400: 14.042: [GC (GCLocker Initiated GC) [PSYoungGen: 88064K->75614K(175104K)] 202608K->190158K(699392K), 0.0077900 secs] [Times: user=0.11 sys=0.00, real=0.01 secs] 
2016-09-25T23:10:25.304-0400: 14.096: [GC (GCLocker Initiated GC) [PSYoungGen: 163678K->57711K(175104K)] 283029K->195456K(699392K), 0.0065907 secs] [Times: user=0.09 sys=0.00, real=0.00 secs] 
2016-09-25T23:10:25.349-0400: 14.140: [GC (GCLocker Initiated GC) [PSYoungGen: 145775K->72561K(175104K)] 295776K->235271K(699392K), 0.0063736 secs] [Times: user=0.09 sys=0.00, real=0.01 secs] 
2016-09-25T23:10:25.400-0400: 14.191: [GC (GCLocker Initiated GC) [PSYoungGen: 160625K->61651K(175104K)] 326140K->246582K(699392K), 0.0067140 secs] [Times: user=0.10 sys=0.00, real=0.01 secs] 
2016-09-25T23:10:25.448-0400: 14.239: [GC (GCLocker Initiated GC) [PSYoungGen: 149715K->69893K(175104K)] 334742K->274293K(699392K), 0.0088368 secs] [Times: user=0.10 sys=0.00, real=0.01 secs] 
2016-09-25T23:10:25.496-0400: 14.288: [GC (GCLocker Initiated GC) [PSYoungGen: 157957K->44051K(175104K)] 363949K->268116K(699392K), 0.0088916 secs] [Times: user=0.07 sys=0.00, real=0.01 secs] 
2016-09-25T23:10:25.548-0400: 14.340: [GC (GCLocker Initiated GC) [PSYoungGen: 132115K->67115K(175104K)] 367177K->314890K(699392K), 0.0076357 secs] [Times: user=0.11 sys=0.00, real=0.01 secs] 
2016-09-25T23:10:25.593-0400: 14.385: [GC (GCLocker Initiated GC) [PSYoungGen: 155179K->68511K(175104K)] 405754K->334405K(699392K), 0.0111174 secs] [Times: user=0.13 sys=0.01, real=0.02 secs] 
2016-09-25T23:10:25.647-0400: 14.439: [GC (GCLocker Initiated GC) [PSYoungGen: 156575K->43877K(175104K)] 427940K->352208K(699392K), 0.0113868 secs] [Times: user=0.12 sys=0.00, real=0.01 secs] 
2016-09-25T23:10:25.694-0400: 14.485: [GC (GCLocker Initiated GC) [PSYoungGen: 131941K->65875K(175104K)] 443144K->395005K(699392K), 0.0113023 secs] [Times: user=0.14 sys=0.00, real=0.02 secs] 
2016-09-25T23:10:25.756-0400: 14.548: [GC (GCLocker Initiated GC) [PSYoungGen: 153939K->43003K(175104K)] 491536K->393353K(699392K), 0.0079159 secs] [Times: user=0.07 sys=0.00, real=0.01 secs] 
2016-09-25T23:10:25.797-0400: 14.588: [GC (GCLocker Initiated GC) [PSYoungGen: 131067K->64082K(175104K)] 486890K->429984K(699392K), 0.0088723 secs] [Times: user=0.07 sys=0.00, real=0.01 secs] 
2016-09-25T23:10:25.852-0400: 14.643: [GC (GCLocker Initiated GC) [PSYoungGen: 152146K->49547K(175104K)] 525044K->453855K(699392K), 0.0076807 secs] [Times: user=0.10 sys=0.00, real=0.01 secs] 
2016-09-25T23:10:25.899-0400: 14.691: [GC (GCLocker Initiated GC) [PSYoungGen: 137611K->66987K(175104K)] 544389K->479684K(699392K), 0.0088270 secs] [Times: user=0.08 sys=0.00, real=0.01 secs] 
2016-09-25T23:10:25.944-0400: 14.736: [GC (GCLocker Initiated GC) [PSYoungGen: 155051K->77883K(175104K)] 570870K->507663K(699392K), 0.0091881 secs] [Times: user=0.13 sys=0.00, real=0.00 secs] 
2016-09-25T23:10:25.994-0400: 14.785: [GC (GCLocker Initiated GC) [PSYoungGen: 165947K->63052K(175104K)] 595837K->519060K(699392K), 0.0072249 secs] [Times: user=0.09 sys=0.00, real=0.01 secs] 
2016-09-25T23:10:26.036-0400: 14.828: [GC (GCLocker Initiated GC) [PSYoungGen: 151116K->76643K(175104K)] 607441K->560441K(699392K), 0.0096399 secs] [Times: user=0.15 sys=0.00, real=0.01 secs] 
2016-09-25T23:10:26.046-0400: 14.837: [Full GC (Ergonomics) [PSYoungGen: 76643K->0K(175104K)] [ParOldGen: 483797K->125177K(524288K)] 560441K->125177K(699392K), [Metaspace: 43419K->43419K(1085440K)], 0.0540606 secs] [Times: user=0.39 sys=0.01, real=0.05 secs] 
2016-09-25T23:10:26.144-0400: 14.935: [GC (GCLocker Initiated GC) [PSYoungGen: 88064K->60603K(175104K)] 225517K->198056K(699392K), 0.0076674 secs] [Times: user=0.07 sys=0.00, real=0.00 secs] 
2016-09-25T23:10:26.188-0400: 14.980: [GC (GCLocker Initiated GC) [PSYoungGen: 148667K->68498K(175104K)] 286202K->213553K(699392K), 0.0086110 secs] [Times: user=0.06 sys=0.00, real=0.01 secs] 
2016-09-25T23:10:26.243-0400: 15.035: [GC (GCLocker Initiated GC) [PSYoungGen: 156562K->44101K(175104K)] 304377K->234325K(699392K), 0.0062738 secs] [Times: user=0.07 sys=0.00, real=0.00 secs] 
2016-09-25T23:10:26.287-0400: 15.078: [GC (GCLocker Initiated GC) [PSYoungGen: 132165K->59236K(175104K)] 329236K->271622K(699392K), 0.0126303 secs] [Times: user=0.15 sys=0.00, real=0.01 secs] 
2016-09-25T23:10:26.350-0400: 15.141: [GC (GCLocker Initiated GC) [PSYoungGen: 147300K->52183K(140288K)] 363825K->296395K(664576K), 0.0070098 secs] [Times: user=0.06 sys=0.00, real=0.01 secs] 
2016-09-25T23:10:26.404-0400: 15.196: [GC (GCLocker Initiated GC) [PSYoungGen: 140247K->61665K(176128K)] 389922K->321286K(700416K), 0.0195360 secs] [Times: user=0.25 sys=0.00, real=0.02 secs] 
2016-09-25T23:10:26.456-0400: 15.248: [GC (GCLocker Initiated GC) [PSYoungGen: 151777K->50787K(174080K)] 414203K->355611K(698368K), 0.0138478 secs] [Times: user=0.14 sys=0.01, real=0.01 secs] 
2016-09-25T23:10:26.508-0400: 15.299: [GC (GCLocker Initiated GC) [PSYoungGen: 140899K->67130K(175104K)] 448454K->392812K(699392K), 0.0097812 secs] [Times: user=0.15 sys=0.00, real=0.01 secs] 
2016-09-25T23:10:26.566-0400: 15.357: [GC (GCLocker Initiated GC) [PSYoungGen: 158778K->49502K(175616K)] 484629K->401547K(699904K), 0.0075239 secs] [Times: user=0.07 sys=0.00, real=0.00 secs] 
2016-09-25T23:10:26.608-0400: 15.399: [GC (GCLocker Initiated GC) [PSYoungGen: 141150K->75371K(171520K)] 493370K->449701K(695808K), 0.0099787 secs] [Times: user=0.10 sys=0.00, real=0.01 secs] 
2016-09-25T23:10:26.669-0400: 15.460: [GC (GCLocker Initiated GC) [PSYoungGen: 163435K->61793K(175104K)] 543230K->457119K(699392K), 0.0121910 secs] [Times: user=0.11 sys=0.00, real=0.01 secs] 
2016-09-25T23:10:26.725-0400: 15.517: [GC (GCLocker Initiated GC) [PSYoungGen: 149857K->48261K(174080K)] 556196K->471307K(698368K), 0.0139209 secs] [Times: user=0.15 sys=0.01, real=0.01 secs] 
2016-09-25T23:10:26.775-0400: 15.567: [GC (GCLocker Initiated GC) [PSYoungGen: 138885K->57519K(175104K)] 562088K->509564K(699392K), 0.0127727 secs] [Times: user=0.13 sys=0.00, real=0.01 secs] 
2016-09-25T23:10:26.835-0400: 15.627: [GC (GCLocker Initiated GC) [PSYoungGen: 148143K->54933K(175616K)] 600818K->537771K(699904K), 0.0104100 secs] [Times: user=0.12 sys=0.00, real=0.01 secs] 
2016-09-25T23:10:26.846-0400: 15.638: [Full GC (Ergonomics) [PSYoungGen: 54933K->0K(175616K)] [ParOldGen: 482837K->117905K(524288K)] 537771K->117905K(699904K), [Metaspace: 43426K->43426K(1085440K)], 0.0597483 secs] [Times: user=0.47 sys=0.01, real=0.06 secs] 
2016-09-25T23:10:26.937-0400: 15.729: [GC (GCLocker Initiated GC) [PSYoungGen: 95232K->72690K(176128K)] 216071K->193529K(700416K), 0.0086825 secs] [Times: user=0.06 sys=0.00, real=0.01 secs] 
2016-09-25T23:10:26.996-0400: 15.787: [GC (GCLocker Initiated GC) [PSYoungGen: 167922K->71197K(175104K)] 288946K->211969K(699392K), 0.0067026 secs] [Times: user=0.09 sys=0.00, real=0.01 secs] 
2016-09-25T23:10:27.037-0400: 15.829: [GC (GCLocker Initiated GC) [PSYoungGen: 162333K->63189K(154624K)] 311337K->228879K(678912K), 0.0082442 secs] [Times: user=0.08 sys=0.00, real=0.01 secs] 
2016-09-25T23:10:27.088-0400: 15.879: [GC (GCLocker Initiated GC) [PSYoungGen: 154325K->67303K(176128K)] 326799K->261995K(700416K), 0.0066127 secs] [Times: user=0.10 sys=0.00, real=0.01 secs] 
2016-09-25T23:10:27.138-0400: 15.930: [GC (GCLocker Initiated GC) [PSYoungGen: 159975K->49548K(176128K)] 357395K->286755K(700416K), 0.0072877 secs] [Times: user=0.09 sys=0.00, real=0.01 secs] 
2016-09-25T23:10:27.175-0400: 15.966: [GC (GCLocker Initiated GC) [PSYoungGen: 142220K->83444K(171520K)] 379518K->340208K(695808K), 0.0135654 secs] [Times: user=0.18 sys=0.01, real=0.01 secs] 
2016-09-25T23:10:27.234-0400: 16.026: [GC (GCLocker Initiated GC) [PSYoungGen: 171508K->67299K(175104K)] 448696K->353051K(699392K), 0.0082052 secs] [Times: user=0.11 sys=0.01, real=0.02 secs] 
2016-09-25T23:10:27.290-0400: 16.081: [GC (GCLocker Initiated GC) [PSYoungGen: 155363K->58997K(175104K)] 453514K->365917K(699392K), 0.0077396 secs] [Times: user=0.11 sys=0.01, real=0.01 secs] 
2016-09-25T23:10:27.340-0400: 16.132: [GC (GCLocker Initiated GC) [PSYoungGen: 147061K->68511K(156672K)] 465034K->401748K(680960K), 0.0096983 secs] [Times: user=0.14 sys=0.00, real=0.01 secs] 
2016-09-25T23:10:27.391-0400: 16.183: [GC (GCLocker Initiated GC) [PSYoungGen: 156575K->69738K(174592K)] 489863K->426515K(698880K), 0.0090525 secs] [Times: user=0.14 sys=0.00, real=0.01 secs] 
2016-09-25T23:10:27.433-0400: 16.225: [GC (GCLocker Initiated GC) [PSYoungGen: 157802K->46848K(174592K)] 514739K->431229K(698880K), 0.0064855 secs] [Times: user=0.07 sys=0.00, real=0.01 secs] 
2016-09-25T23:10:27.484-0400: 16.276: [GC (GCLocker Initiated GC) [PSYoungGen: 134912K->75464K(175104K)] 535583K->495663K(699392K), 0.0090797 secs] [Times: user=0.12 sys=0.00, real=0.00 secs] 
2016-09-25T23:10:27.530-0400: 16.322: [GC (GCLocker Initiated GC) [PSYoungGen: 163528K->64351K(175104K)] 583992K->534253K(699392K), 0.0112042 secs] [Times: user=0.12 sys=0.00, real=0.01 secs] 
2016-09-25T23:10:27.585-0400: 16.376: [Full GC (Ergonomics) [PSYoungGen: 152415K->0K(175104K)] [ParOldGen: 484875K->140159K(524288K)] 637291K->140159K(699392K), [Metaspace: 43428K->43428K(1085440K)], 0.0547510 secs] [Times: user=0.43 sys=0.02, real=0.05 secs] 
2016-09-25T23:10:27.689-0400: 16.480: [GC (GCLocker Initiated GC) [PSYoungGen: 88064K->65912K(172032K)] 228237K->206085K(696320K), 0.0058197 secs] [Times: user=0.07 sys=0.00, real=0.01 secs] 
2016-09-25T23:10:27.729-0400: 16.521: [GC (GCLocker Initiated GC) [PSYoungGen: 153976K->72608K(173568K)] 294843K->235719K(697856K), 0.0072586 secs] [Times: user=0.10 sys=0.00, real=0.01 secs] 
2016-09-25T23:10:27.778-0400: 16.569: [GC (GCLocker Initiated GC) [PSYoungGen: 160672K->59047K(175616K)] 330667K->270176K(699904K), 0.0072602 secs] [Times: user=0.09 sys=0.00, real=0.01 secs] 
2016-09-25T23:10:27.824-0400: 16.616: [GC (GCLocker Initiated GC) [PSYoungGen: 149159K->57606K(175616K)] 360463K->300538K(699904K), 0.0071773 secs] [Times: user=0.08 sys=0.00, real=0.00 secs] 
2016-09-25T23:10:27.874-0400: 16.666: [GC (GCLocker Initiated GC) [PSYoungGen: 147718K->69768K(175104K)] 394768K->332083K(699392K), 0.0101786 secs] [Times: user=0.06 sys=0.01, real=0.01 secs] 
2016-09-25T23:10:27.922-0400: 16.714: [GC (GCLocker Initiated GC) [PSYoungGen: 160392K->54979K(175616K)] 426793K->338087K(699904K), 0.0061448 secs] [Times: user=0.07 sys=0.00, real=0.00 secs] 
2016-09-25T23:10:27.971-0400: 16.763: [GC (GCLocker Initiated GC) [PSYoungGen: 145603K->75201K(173568K)] 435697K->379379K(697856K), 0.0093899 secs] [Times: user=0.13 sys=0.00, real=0.01 secs] 
2016-09-25T23:10:28.020-0400: 16.811: [GC (GCLocker Initiated GC) [PSYoungGen: 164289K->67102K(175616K)] 471248K->402896K(699904K), 0.0106403 secs] [Times: user=0.16 sys=0.00, real=0.01 secs] 
2016-09-25T23:10:28.075-0400: 16.867: [GC (GCLocker Initiated GC) [PSYoungGen: 156190K->59111K(172544K)] 494853K->427910K(696832K), 0.0099768 secs] [Times: user=0.14 sys=0.00, real=0.01 secs] 
2016-09-25T23:10:28.127-0400: 16.919: [GC (GCLocker Initiated GC) [PSYoungGen: 149223K->69692K(174592K)] 520881K->455380K(698880K), 0.0089741 secs] [Times: user=0.09 sys=0.00, real=0.01 secs] 
2016-09-25T23:10:28.172-0400: 16.964: [GC (GCLocker Initiated GC) [PSYoungGen: 159804K->57673K(175616K)] 545544K->480339K(699904K), 0.0076333 secs] [Times: user=0.09 sys=0.00, real=0.01 secs] 
2016-09-25T23:10:28.210-0400: 17.001: [GC (GCLocker Initiated GC) [PSYoungGen: 150857K->72556K(176640K)] 579164K->539115K(700928K), 0.0084619 secs] [Times: user=0.13 sys=0.00, real=0.01 secs] 
2016-09-25T23:10:28.261-0400: 17.053: [Full GC (Ergonomics) [PSYoungGen: 165740K->0K(176640K)] [ParOldGen: 471990K->132807K(524288K)] 637731K->132807K(700928K), [Metaspace: 43430K->43430K(1085440K)], 0.0780256 secs] [Times: user=0.57 sys=0.00, real=0.08 secs] 
2016-09-25T23:10:28.398-0400: 17.190: [GC (GCLocker Initiated GC) [PSYoungGen: 93184K->84869K(173056K)] 234143K->225836K(697344K), 0.0119108 secs] [Times: user=0.12 sys=0.01, real=0.01 secs] 
2016-09-25T23:10:28.447-0400: 17.239: [GC (GCLocker Initiated GC) [PSYoungGen: 172933K->60136K(175104K)] 320717K->220739K(699392K), 0.0080155 secs] [Times: user=0.07 sys=0.00, real=0.01 secs] 
2016-09-25T23:10:28.496-0400: 17.287: [GC (GCLocker Initiated GC) [PSYoungGen: 148200K->61488K(175104K)] 308933K->264356K(699392K), 0.0088887 secs] [Times: user=0.09 sys=0.00, real=0.01 secs] 
2016-09-25T23:10:28.543-0400: 17.335: [GC (GCLocker Initiated GC) [PSYoungGen: 149552K->85947K(175104K)] 352607K->324406K(699392K), 0.0117521 secs] [Times: user=0.15 sys=0.00, real=0.01 secs] 
2016-09-25T23:10:28.633-0400: 17.425: [GC (GCLocker Initiated GC) [PSYoungGen: 174011K->48050K(175104K)] 420667K->330169K(699392K), 0.0118387 secs] [Times: user=0.13 sys=0.00, real=0.02 secs] 
2016-09-25T23:10:28.680-0400: 17.472: [GC (GCLocker Initiated GC) [PSYoungGen: 136114K->55975K(175104K)] 418279K->360003K(699392K), 0.0098097 secs] [Times: user=0.09 sys=0.00, real=0.01 secs] 
2016-09-25T23:10:28.715-0400: 17.507: [GC (GCLocker Initiated GC) [PSYoungGen: 144039K->50560K(175104K)] 457579K->384639K(699392K), 0.0114088 secs] [Times: user=0.10 sys=0.00, real=0.01 secs] 
2016-09-25T23:10:28.776-0400: 17.568: [GC (GCLocker Initiated GC) [PSYoungGen: 138624K->55926K(175104K)] 482236K->407955K(699392K), 0.0112837 secs] [Times: user=0.11 sys=0.00, real=0.01 secs] 
2016-09-25T23:10:28.839-0400: 17.631: [GC (GCLocker Initiated GC) [PSYoungGen: 143990K->37139K(175104K)] 497846K->422332K(699392K), 0.0122903 secs] [Times: user=0.10 sys=0.00, real=0.01 secs] 
2016-09-25T23:10:28.891-0400: 17.682: [GC (GCLocker Initiated GC) [PSYoungGen: 125203K->79036K(175104K)] 513274K->479640K(699392K), 0.0111165 secs] [Times: user=0.14 sys=0.01, real=0.01 secs] 
2016-09-25T23:10:28.933-0400: 17.724: [GC (GCLocker Initiated GC) [PSYoungGen: 167100K->53421K(175104K)] 575985K->477416K(699392K), 0.0064044 secs] [Times: user=0.06 sys=0.00, real=0.01 secs] 
2016-09-25T23:10:28.976-0400: 17.768: [GC (GCLocker Initiated GC) [PSYoungGen: 141485K->62836K(175104K)] 575006K->499390K(699392K), 0.0084165 secs] [Times: user=0.12 sys=0.00, real=0.01 secs] 
2016-09-25T23:10:29.035-0400: 17.826: [GC (GCLocker Initiated GC) [PSYoungGen: 150900K->57311K(175104K)] 587585K->511891K(699392K), 0.0135658 secs] [Times: user=0.11 sys=0.00, real=0.01 secs] 
2016-09-25T23:10:29.092-0400: 17.883: [GC (GCLocker Initiated GC) [PSYoungGen: 145375K->83215K(175104K)] 600040K->554365K(699392K), 0.0111947 secs] [Times: user=0.15 sys=0.00, real=0.02 secs] 
2016-09-25T23:10:29.138-0400: 17.929: [GC (GCLocker Initiated GC) [PSYoungGen: 171279K->66840K(175104K)] 647974K->573589K(699392K), 0.0077751 secs] [Times: user=0.09 sys=0.00, real=0.01 secs] 
2016-09-25T23:10:29.146-0400: 17.937: [Full GC (Ergonomics) [PSYoungGen: 66840K->0K(175104K)] [ParOldGen: 506749K->137921K(524288K)] 573589K->137921K(699392K), [Metaspace: 43438K->43438K(1085440K)], 0.0465436 secs] [Times: user=0.36 sys=0.00, real=0.04 secs] 
2016-09-25T23:10:29.239-0400: 18.031: [GC (GCLocker Initiated GC) [PSYoungGen: 88064K->61518K(175104K)] 226052K->199507K(699392K), 0.0091771 secs] [Times: user=0.08 sys=0.00, real=0.01 secs] 
2016-09-25T23:10:29.286-0400: 18.078: [GC (GCLocker Initiated GC) [PSYoungGen: 149582K->65568K(175104K)] 287738K->239225K(699392K), 0.0138181 secs] [Times: user=0.18 sys=0.00, real=0.01 secs] 
2016-09-25T23:10:29.350-0400: 18.141: [GC (GCLocker Initiated GC) [PSYoungGen: 153632K->67078K(175104K)] 330232K->273700K(699392K), 0.0073991 secs] [Times: user=0.09 sys=0.00, real=0.01 secs] 
2016-09-25T23:10:29.393-0400: 18.185: [GC (GCLocker Initiated GC) [PSYoungGen: 155142K->72400K(175104K)] 367327K->298434K(699392K), 0.0063342 secs] [Times: user=0.08 sys=0.00, real=0.01 secs] 
2016-09-25T23:10:29.432-0400: 18.224: [GC (GCLocker Initiated GC) [PSYoungGen: 160464K->57596K(175104K)] 397507K->336824K(699392K), 0.0069576 secs] [Times: user=0.10 sys=0.00, real=0.01 secs] 
2016-09-25T23:10:29.475-0400: 18.266: [GC (GCLocker Initiated GC) [PSYoungGen: 145660K->67014K(173056K)] 424995K->371003K(697344K), 0.0139590 secs] [Times: user=0.20 sys=0.00, real=0.01 secs] 
2016-09-25T23:10:29.543-0400: 18.334: [GC (GCLocker Initiated GC) [PSYoungGen: 155077K->71032K(174080K)] 463372K->401259K(698368K), 0.0129585 secs] [Times: user=0.14 sys=0.00, real=0.01 secs] 
2016-09-25T23:10:29.596-0400: 18.388: [GC (GCLocker Initiated GC) [PSYoungGen: 159096K->60186K(174080K)] 492216K->415287K(698368K), 0.0064936 secs] [Times: user=0.09 sys=0.00, real=0.01 secs] 
2016-09-25T23:10:29.635-0400: 18.427: [GC (GCLocker Initiated GC) [PSYoungGen: 150298K->54850K(175104K)] 508148K->461638K(699392K), 0.0085311 secs] [Times: user=0.12 sys=0.00, real=0.01 secs] 
2016-09-25T23:10:29.675-0400: 18.467: [GC (GCLocker Initiated GC) [PSYoungGen: 144962K->48006K(176640K)] 555883K->487570K(700928K), 0.0167102 secs] [Times: user=0.13 sys=0.01, real=0.01 secs] 
2016-09-25T23:10:29.754-0400: 18.546: [GC (GCLocker Initiated GC) [PSYoungGen: 140166K->62964K(155136K)] 587986K->528739K(679424K), 0.0145189 secs] [Times: user=0.20 sys=0.00, real=0.01 secs] 
2016-09-25T23:10:29.814-0400: 18.606: [Full GC (Ergonomics) [PSYoungGen: 155124K->0K(155136K)] [ParOldGen: 474000K->147962K(524288K)] 629124K->147962K(679424K), [Metaspace: 43439K->43439K(1085440K)], 0.0495120 secs] [Times: user=0.35 sys=0.01, real=0.05 secs] 
2016-09-25T23:10:29.909-0400: 18.701: [GC (GCLocker Initiated GC) [PSYoungGen: 92160K->50640K(176640K)] 242919K->201399K(700928K), 0.0101150 secs] [Times: user=0.04 sys=0.00, real=0.01 secs] 
2016-09-25T23:10:29.968-0400: 18.759: [GC (GCLocker Initiated GC) [PSYoungGen: 143824K->57407K(176128K)] 294700K->226230K(700416K), 0.0070787 secs] [Times: user=0.06 sys=0.00, real=0.01 secs] 
2016-09-25T23:10:30.016-0400: 18.808: [GC (GCLocker Initiated GC) [PSYoungGen: 150591K->61408K(177664K)] 324942K->245540K(701952K), 0.0116513 secs] [Times: user=0.12 sys=0.00, real=0.01 secs] 
2016-09-25T23:10:30.073-0400: 18.865: [GC (GCLocker Initiated GC) [PSYoungGen: 158688K->62938K(177152K)] 351467K->262789K(701440K), 0.0258634 secs] [Times: user=0.32 sys=0.01, real=0.03 secs] 
2016-09-25T23:10:30.145-0400: 18.936: [GC (GCLocker Initiated GC) [PSYoungGen: 160218K->60043K(180736K)] 362840K->279222K(705024K), 0.0096451 secs] [Times: user=0.10 sys=0.01, real=0.01 secs] 
2016-09-25T23:10:30.194-0400: 18.986: [GC (GCLocker Initiated GC) [PSYoungGen: 163467K->75036K(180736K)] 382674K->303975K(705024K), 0.0145652 secs] [Times: user=0.19 sys=0.00, real=0.02 secs] 
2016-09-25T23:10:30.249-0400: 19.041: [GC (GCLocker Initiated GC) [PSYoungGen: 178460K->79229K(173056K)] 412973K->328861K(697344K), 0.0096756 secs] [Times: user=0.13 sys=0.00, real=0.01 secs] 
2016-09-25T23:10:30.300-0400: 19.091: [GC (GCLocker Initiated GC) [PSYoungGen: 171389K->68350K(177152K)] 421107K->336030K(701440K), 0.0075592 secs] [Times: user=0.09 sys=0.00, real=0.01 secs] 
2016-09-25T23:10:30.344-0400: 19.135: [GC (GCLocker Initiated GC) [PSYoungGen: 160510K->64282K(173056K)] 433687K->348583K(697344K), 0.0072694 secs] [Times: user=0.09 sys=0.00, real=0.00 secs] 
2016-09-25T23:10:30.397-0400: 19.188: [GC (GCLocker Initiated GC) [PSYoungGen: 156442K->38412K(175104K)] 454258K->344600K(699392K), 0.0087463 secs] [Times: user=0.07 sys=0.00, real=0.01 secs] 
2016-09-25T23:10:30.450-0400: 19.242: [GC (GCLocker Initiated GC) [PSYoungGen: 130572K->57390K(177664K)] 438173K->372112K(701952K), 0.0105087 secs] [Times: user=0.13 sys=0.00, real=0.01 secs] 
2016-09-25T23:10:30.490-0400: 19.282: [GC (GCLocker Initiated GC) [PSYoungGen: 150062K->73700K(166400K)] 465080K->401131K(690688K), 0.0092129 secs] [Times: user=0.07 sys=0.01, real=0.01 secs] 
2016-09-25T23:10:30.546-0400: 19.337: [GC (GCLocker Initiated GC) [PSYoungGen: 166372K->60250K(178176K)] 501410K->403704K(702464K), 0.0128495 secs] [Times: user=0.15 sys=0.00, real=0.01 secs] 
2016-09-25T23:10:30.603-0400: 19.395: [GC (GCLocker Initiated GC) [PSYoungGen: 152410K->32961K(125440K)] 509498K->418702K(649728K), 0.0160771 secs] [Times: user=0.16 sys=0.00, real=0.01 secs] 
2016-09-25T23:10:30.660-0400: 19.452: [GC (GCLocker Initiated GC) [PSYoungGen: 125121K->61518K(177152K)] 518451K->457827K(701440K), 0.0083099 secs] [Times: user=0.09 sys=0.00, real=0.01 secs] 
2016-09-25T23:10:30.702-0400: 19.493: [GC (GCLocker Initiated GC) [PSYoungGen: 151630K->76304K(175104K)] 553603K->498953K(699392K), 0.0079750 secs] [Times: user=0.10 sys=0.00, real=0.01 secs] 
2016-09-25T23:10:30.750-0400: 19.541: [GC (GCLocker Initiated GC) [PSYoungGen: 166416K->62868K(175616K)] 589193K->502116K(699904K), 0.0066849 secs] [Times: user=0.09 sys=0.00, real=0.01 secs] 
2016-09-25T23:10:30.790-0400: 19.582: [GC (GCLocker Initiated GC) [PSYoungGen: 151444K->56086K(144896K)] 596207K->525483K(669184K), 0.0068488 secs] [Times: user=0.09 sys=0.00, real=0.01 secs] 
2016-09-25T23:10:30.841-0400: 19.633: [GC (GCLocker Initiated GC) [PSYoungGen: 144662K->61486K(175616K)] 620878K->567698K(699904K), 0.0082555 secs] [Times: user=0.09 sys=0.00, real=0.01 secs] 
2016-09-25T23:10:30.850-0400: 19.641: [Full GC (Ergonomics) [PSYoungGen: 61486K->0K(175616K)] [ParOldGen: 506211K->140116K(524288K)] 567698K->140116K(699904K), [Metaspace: 43439K->43439K(1085440K)], 0.0657597 secs] [Times: user=0.42 sys=0.01, real=0.07 secs] 
2016-09-25T23:10:30.952-0400: 19.744: [GC (GCLocker Initiated GC) [PSYoungGen: 90624K->76471K(173568K)] 230875K->216723K(697856K), 0.0133661 secs] [Times: user=0.14 sys=0.00, real=0.02 secs] 
2016-09-25T23:10:30.995-0400: 19.787: [GC (GCLocker Initiated GC) [PSYoungGen: 167095K->57407K(177152K)] 310139K->219760K(701440K), 0.0097488 secs] [Times: user=0.07 sys=0.00, real=0.01 secs] 
2016-09-25T23:10:31.051-0400: 19.843: [GC (GCLocker Initiated GC) [PSYoungGen: 148031K->54736K(145408K)] 314584K->243239K(669696K), 0.0166014 secs] [Times: user=0.14 sys=0.00, real=0.02 secs] 
2016-09-25T23:10:31.106-0400: 19.898: [GC (GCLocker Initiated GC) [PSYoungGen: 145360K->76361K(171520K)] 336715K->288336K(695808K), 0.0064459 secs] [Times: user=0.10 sys=0.00, real=0.00 secs] 
2016-09-25T23:10:31.151-0400: 19.943: [GC (GCLocker Initiated GC) [PSYoungGen: 163913K->43923K(174592K)] 381398K->294069K(698880K), 0.0124736 secs] [Times: user=0.16 sys=0.00, real=0.02 secs] 
2016-09-25T23:10:31.201-0400: 19.993: [GC (GCLocker Initiated GC) [PSYoungGen: 131475K->72418K(175104K)] 385826K->339242K(699392K), 0.0097515 secs] [Times: user=0.09 sys=0.00, real=0.01 secs] 
2016-09-25T23:10:31.248-0400: 20.039: [GC (GCLocker Initiated GC) [PSYoungGen: 160482K->54824K(175104K)] 432774K->350406K(699392K), 0.0109168 secs] [Times: user=0.08 sys=0.00, real=0.01 secs] 
2016-09-25T23:10:31.301-0400: 20.093: [GC (GCLocker Initiated GC) [PSYoungGen: 142888K->61602K(172032K)] 442751K->384759K(696320K), 0.0117848 secs] [Times: user=0.14 sys=0.00, real=0.01 secs] 
2016-09-25T23:10:31.350-0400: 20.142: [GC (GCLocker Initiated GC) [PSYoungGen: 149666K->62797K(173568K)] 475605K->402684K(697856K), 0.0075092 secs] [Times: user=0.06 sys=0.01, real=0.01 secs] 
2016-09-25T23:10:31.389-0400: 20.181: [GC (GCLocker Initiated GC) [PSYoungGen: 150861K->67198K(176128K)] 496322K->458860K(700416K), 0.0099223 secs] [Times: user=0.14 sys=0.01, real=0.01 secs] 
2016-09-25T23:10:31.446-0400: 20.237: [GC (GCLocker Initiated GC) [PSYoungGen: 159870K->69682K(176128K)] 562456K->486224K(700416K), 0.0071910 secs] [Times: user=0.08 sys=0.01, real=0.00 secs] 
2016-09-25T23:10:31.495-0400: 20.287: [GC (GCLocker Initiated GC) [PSYoungGen: 162354K->54879K(177664K)] 581642K->513697K(701952K), 0.0089212 secs] [Times: user=0.12 sys=0.00, real=0.01 secs] 
2016-09-25T23:10:31.557-0400: 20.348: [Full GC (Ergonomics) [PSYoungGen: 149087K->0K(177664K)] [ParOldGen: 481972K->142654K(524288K)] 631060K->142654K(701952K), [Metaspace: 43440K->43440K(1085440K)], 0.0495382 secs] [Times: user=0.37 sys=0.00, real=0.05 secs] 
2016-09-25T23:10:31.642-0400: 20.434: [GC (GCLocker Initiated GC) [PSYoungGen: 94208K->82052K(176640K)] 236951K->235596K(700928K), 0.0065298 secs] [Times: user=0.09 sys=0.00, real=0.01 secs] 
2016-09-25T23:10:31.690-0400: 20.482: [GC (GCLocker Initiated GC) [PSYoungGen: 176260K->76563K(173568K)] 335362K->256483K(697856K), 0.0099086 secs] [Times: user=0.13 sys=0.01, real=0.01 secs] 
2016-09-25T23:10:31.741-0400: 20.532: [GC (GCLocker Initiated GC) [PSYoungGen: 164627K->46818K(175104K)] 350013K->267729K(699392K), 0.0080984 secs] [Times: user=0.12 sys=0.00, real=0.01 secs] 
2016-09-25T23:10:31.786-0400: 20.577: [GC (GCLocker Initiated GC) [PSYoungGen: 134882K->72591K(175104K)] 356065K->302349K(699392K), 0.0145409 secs] [Times: user=0.19 sys=0.00, real=0.01 secs] 
2016-09-25T23:10:31.849-0400: 20.640: [GC (GCLocker Initiated GC) [PSYoungGen: 160655K->42663K(175104K)] 390606K->290762K(699392K), 0.0083246 secs] [Times: user=0.06 sys=0.01, real=0.01 secs] 
2016-09-25T23:10:31.892-0400: 20.683: [GC (GCLocker Initiated GC) [PSYoungGen: 130727K->65692K(175104K)] 381580K->345501K(699392K), 0.0105426 secs] [Times: user=0.13 sys=0.00, real=0.02 secs] 
2016-09-25T23:10:31.939-0400: 20.730: [GC (GCLocker Initiated GC) [PSYoungGen: 153756K->76680K(175104K)] 436283K->378581K(699392K), 0.0091581 secs] [Times: user=0.14 sys=0.00, real=0.01 secs] 
2016-09-25T23:10:31.987-0400: 20.779: [GC (GCLocker Initiated GC) [PSYoungGen: 164744K->64422K(175104K)] 466701K->393966K(699392K), 0.0071085 secs] [Times: user=0.09 sys=0.00, real=0.01 secs] 
2016-09-25T23:10:32.036-0400: 20.828: [GC (GCLocker Initiated GC) [PSYoungGen: 152486K->86194K(175104K)] 484873K->439364K(699392K), 0.0073256 secs] [Times: user=0.10 sys=0.00, real=0.01 secs] 
2016-09-25T23:10:32.088-0400: 20.879: [GC (GCLocker Initiated GC) [PSYoungGen: 174258K->53769K(175104K)] 531626K->445571K(699392K), 0.0065986 secs] [Times: user=0.09 sys=0.01, real=0.01 secs] 
2016-09-25T23:10:32.132-0400: 20.923: [GC (GCLocker Initiated GC) [PSYoungGen: 141833K->44009K(175104K)] 537766K->471563K(699392K), 0.0071867 secs] [Times: user=0.05 sys=0.00, real=0.01 secs] 
2016-09-25T23:10:32.181-0400: 20.973: [GC (GCLocker Initiated GC) [PSYoungGen: 132073K->57825K(175104K)] 571809K->512953K(699392K), 0.0068537 secs] [Times: user=0.09 sys=0.01, real=0.01 secs] 
2016-09-25T23:10:32.238-0400: 21.030: [GC (GCLocker Initiated GC) [PSYoungGen: 145889K->50955K(175104K)] 607519K->529383K(699392K), 0.0084230 secs] [Times: user=0.11 sys=0.01, real=0.01 secs] 
2016-09-25T23:10:32.291-0400: 21.083: [Full GC (Ergonomics) [PSYoungGen: 139019K->0K(175104K)] [ParOldGen: 486531K->141495K(524288K)] 625551K->141495K(699392K), [Metaspace: 43445K->43445K(1085440K)], 0.0556252 secs] [Times: user=0.46 sys=0.01, real=0.06 secs] 
2016-09-25T23:10:32.391-0400: 21.182: [GC (GCLocker Initiated GC) [PSYoungGen: 88064K->74294K(175104K)] 237859K->224089K(699392K), 0.0365764 secs] [Times: user=0.49 sys=0.00, real=0.04 secs] 
2016-09-25T23:10:32.482-0400: 21.274: [GC (GCLocker Initiated GC) [PSYoungGen: 162358K->49626K(175104K)] 316297K->222109K(699392K), 0.0083978 secs] [Times: user=0.14 sys=0.01, real=0.01 secs] 
2016-09-25T23:10:32.526-0400: 21.318: [GC (GCLocker Initiated GC) [PSYoungGen: 137690K->62959K(175104K)] 312982K->275356K(699392K), 0.0093400 secs] [Times: user=0.15 sys=0.00, real=0.01 secs] 
2016-09-25T23:10:32.584-0400: 21.375: [GC (GCLocker Initiated GC) [PSYoungGen: 151023K->61780K(175104K)] 364855K->297603K(699392K), 0.0073903 secs] [Times: user=0.08 sys=0.00, real=0.00 secs] 
2016-09-25T23:10:32.628-0400: 21.419: [GC (GCLocker Initiated GC) [PSYoungGen: 149844K->60529K(172032K)] 393909K->326772K(696320K), 0.0066490 secs] [Times: user=0.09 sys=0.01, real=0.01 secs] 
2016-09-25T23:10:32.679-0400: 21.471: [GC (GCLocker Initiated GC) [PSYoungGen: 148593K->60528K(173568K)] 415009K->358600K(697856K), 0.0072009 secs] [Times: user=0.07 sys=0.01, real=0.01 secs] 
2016-09-25T23:10:32.733-0400: 21.524: [GC (GCLocker Initiated GC) [PSYoungGen: 148592K->48196K(176128K)] 449456K->369951K(700416K), 0.0060087 secs] [Times: user=0.07 sys=0.00, real=0.01 secs] 
2016-09-25T23:10:32.780-0400: 21.571: [GC (GCLocker Initiated GC) [PSYoungGen: 140868K->59196K(176128K)] 467163K->407549K(700416K), 0.0149872 secs] [Times: user=0.14 sys=0.00, real=0.02 secs] 
2016-09-25T23:10:32.847-0400: 21.639: [GC (GCLocker Initiated GC) [PSYoungGen: 151868K->35818K(174080K)] 512186K->410402K(698368K), 0.0082789 secs] [Times: user=0.08 sys=0.00, real=0.01 secs] 
2016-09-25T23:10:32.903-0400: 21.694: [GC (GCLocker Initiated GC) [PSYoungGen: 129002K->59053K(176128K)] 506313K->440852K(700416K), 0.0085948 secs] [Times: user=0.10 sys=0.01, real=0.00 secs] 
2016-09-25T23:10:32.961-0400: 21.753: [GC (GCLocker Initiated GC) [PSYoungGen: 152237K->73811K(173568K)] 545014K->479381K(697856K), 0.0234244 secs] [Times: user=0.25 sys=0.01, real=0.03 secs] 
2016-09-25T23:10:33.036-0400: 21.828: [GC (GCLocker Initiated GC) [PSYoungGen: 165971K->60313K(177152K)] 577074K->489437K(701440K), 0.0104102 secs] [Times: user=0.09 sys=0.01, real=0.01 secs] 
2016-09-25T23:10:33.092-0400: 21.884: [GC (GCLocker Initiated GC) [PSYoungGen: 152473K->58833K(172032K)] 581728K->504838K(696320K), 0.0099059 secs] [Times: user=0.08 sys=0.00, real=0.02 secs] 
2016-09-25T23:10:33.159-0400: 21.950: [GC (GCLocker Initiated GC) [PSYoungGen: 153553K->34623K(175104K)] 607748K->505465K(699392K), 0.0067218 secs] [Times: user=0.06 sys=0.00, real=0.01 secs] 
2016-09-25T23:10:33.216-0400: 22.008: [GC (GCLocker Initiated GC) [PSYoungGen: 129343K->61784K(180224K)] 603359K->537798K(704512K), 0.0074692 secs] [Times: user=0.10 sys=0.00, real=0.01 secs] 
2016-09-25T23:10:33.268-0400: 22.059: [GC (GCLocker Initiated GC) [PSYoungGen: 159576K->50991K(148992K)] 645237K->575130K(673280K), 0.0112610 secs] [Times: user=0.16 sys=0.01, real=0.01 secs] 
2016-09-25T23:10:33.279-0400: 22.071: [Full GC (Ergonomics) [PSYoungGen: 50991K->0K(148992K)] [ParOldGen: 524139K->161686K(524288K)] 575130K->161686K(673280K), [Metaspace: 43445K->43445K(1085440K)], 0.0684582 secs] [Times: user=0.54 sys=0.02, real=0.07 secs] 
2016-09-25T23:10:33.403-0400: 22.194: [GC (GCLocker Initiated GC) [PSYoungGen: 97792K->75756K(172544K)] 270990K->248955K(696832K), 0.0086691 secs] [Times: user=0.12 sys=0.00, real=0.00 secs] 
2016-09-25T23:10:36.028-0400: 24.820: [GC (GCLocker Initiated GC) [PSYoungGen: 167916K->33301K(125952K)] 346544K->226366K(650240K), 0.0136178 secs] [Times: user=0.12 sys=0.01, real=0.01 secs] 
2016-09-25T23:10:36.105-0400: 24.897: [GC (GCLocker Initiated GC) [PSYoungGen: 125461K->39839K(175616K)] 329411K->248517K(699904K), 0.0063353 secs] [Times: user=0.05 sys=0.01, real=0.00 secs] 
2016-09-25T23:10:36.149-0400: 24.941: [GC (GCLocker Initiated GC) [PSYoungGen: 128415K->75226K(175104K)] 345398K->310068K(699392K), 0.0128662 secs] [Times: user=0.16 sys=0.00, real=0.02 secs] 
2016-09-25T23:10:36.224-0400: 25.015: [GC (GCLocker Initiated GC) [PSYoungGen: 163802K->42640K(175104K)] 407003K->298503K(699392K), 0.0179167 secs] [Times: user=0.20 sys=0.00, real=0.01 secs] 
2016-09-25T23:10:36.303-0400: 25.095: [GC (GCLocker Initiated GC) [PSYoungGen: 130704K->42646K(175104K)] 392038K->315266K(699392K), 0.0133297 secs] [Times: user=0.14 sys=0.00, real=0.01 secs] 
2016-09-25T23:10:36.360-0400: 25.151: [GC (GCLocker Initiated GC) [PSYoungGen: 130710K->56366K(173056K)] 406101K->353873K(697344K), 0.0225603 secs] [Times: user=0.28 sys=0.00, real=0.03 secs] 
2016-09-25T23:10:36.442-0400: 25.233: [GC (GCLocker Initiated GC) [PSYoungGen: 144430K->52380K(174080K)] 447412K->373612K(698368K), 0.0106612 secs] [Times: user=0.11 sys=0.01, real=0.01 secs] 
2016-09-25T23:10:36.490-0400: 25.282: [GC (GCLocker Initiated GC) [PSYoungGen: 140444K->56274K(173568K)] 464519K->399881K(697856K), 0.0119137 secs] [Times: user=0.09 sys=0.00, real=0.01 secs] 
2016-09-25T23:10:36.556-0400: 25.347: [GC (GCLocker Initiated GC) [PSYoungGen: 148946K->54996K(174080K)] 495355K->418258K(698368K), 0.0164463 secs] [Times: user=0.14 sys=0.00, real=0.01 secs] 
2016-09-25T23:10:36.627-0400: 25.418: [GC (GCLocker Initiated GC) [PSYoungGen: 147668K->65950K(176640K)] 511016K->450184K(700928K), 0.0069643 secs] [Times: user=0.09 sys=0.01, real=0.00 secs] 
2016-09-25T23:10:36.676-0400: 25.468: [GC (GCLocker Initiated GC) [PSYoungGen: 163742K->78407K(176640K)] 556258K->505392K(700928K), 0.0105180 secs] [Times: user=0.10 sys=0.00, real=0.01 secs] 
2016-09-25T23:10:36.752-0400: 25.543: [GC (GCLocker Initiated GC) [PSYoungGen: 176199K->70002K(173568K)] 615548K->529092K(697856K), 0.0103658 secs] [Times: user=0.14 sys=0.00, real=0.02 secs] 
2016-09-25T23:10:36.817-0400: 25.608: [GC (GCLocker Initiated GC) [PSYoungGen: 158066K->56290K(175104K)] 621630K->528626K(699392K), 0.0061323 secs] [Times: user=0.09 sys=0.00, real=0.01 secs] 
2016-09-25T23:10:36.858-0400: 25.649: [GC (GCLocker Initiated GC) [PSYoungGen: 144354K->80684K(174080K)] 618142K->565756K(698368K), 0.0077632 secs] [Times: user=0.12 sys=0.01, real=0.01 secs] 
2016-09-25T23:10:36.913-0400: 25.705: [GC (GCLocker Initiated GC) --[PSYoungGen: 168748K->168748K(174080K)] 656628K->692278K(698368K), 0.0132696 secs] [Times: user=0.12 sys=0.01, real=0.02 secs] 
2016-09-25T23:10:36.927-0400: 25.718: [Full GC (Ergonomics) [PSYoungGen: 168748K->0K(174080K)] [ParOldGen: 523530K->142620K(524288K)] 692278K->142620K(698368K), [Metaspace: 43457K->43457K(1085440K)], 0.1600882 secs] [Times: user=1.92 sys=0.02, real=0.16 secs] 
2016-09-25T23:10:37.131-0400: 25.922: [GC (GCLocker Initiated GC) [PSYoungGen: 88064K->76803K(175104K)] 230875K->219614K(699392K), 0.0052223 secs] [Times: user=0.06 sys=0.00, real=0.01 secs] 
2016-09-25T23:10:37.168-0400: 25.960: [GC (GCLocker Initiated GC) [PSYoungGen: 164867K->65838K(175104K)] 313146K->232323K(699392K), 0.0111802 secs] [Times: user=0.09 sys=0.00, real=0.01 secs] 
2016-09-25T23:10:37.239-0400: 26.031: [GC (GCLocker Initiated GC) [PSYoungGen: 153902K->44122K(175104K)] 323166K->238423K(699392K), 0.0095352 secs] [Times: user=0.08 sys=0.00, real=0.01 secs] 
2016-09-25T23:10:37.289-0400: 26.080: [GC (GCLocker Initiated GC) [PSYoungGen: 132186K->78026K(175104K)] 326618K->290646K(699392K), 0.0067609 secs] [Times: user=0.10 sys=0.00, real=0.01 secs] 
2016-09-25T23:10:37.343-0400: 26.135: [GC (GCLocker Initiated GC) [PSYoungGen: 166090K->56586K(175104K)] 381575K->296988K(699392K), 0.0091023 secs] [Times: user=0.09 sys=0.00, real=0.00 secs] 
2016-09-25T23:10:37.398-0400: 26.190: [GC (GCLocker Initiated GC) [PSYoungGen: 144650K->56464K(175104K)] 387896K->332840K(699392K), 0.0076631 secs] [Times: user=0.09 sys=0.00, real=0.01 secs] 
2016-09-25T23:10:37.450-0400: 26.242: [GC (GCLocker Initiated GC) [PSYoungGen: 144528K->70105K(175104K)] 429233K->377104K(699392K), 0.0082537 secs] [Times: user=0.11 sys=0.01, real=0.01 secs] 
2016-09-25T23:10:37.501-0400: 26.293: [GC (GCLocker Initiated GC) [PSYoungGen: 158169K->49558K(175104K)] 465406K->377872K(699392K), 0.0080144 secs] [Times: user=0.11 sys=0.00, real=0.01 secs] 
2016-09-25T23:10:37.543-0400: 26.334: [GC (GCLocker Initiated GC) [PSYoungGen: 137622K->70201K(175104K)] 466030K->434216K(699392K), 0.0080087 secs] [Times: user=0.10 sys=0.00, real=0.00 secs] 
2016-09-25T23:10:37.606-0400: 26.397: [GC (GCLocker Initiated GC) [PSYoungGen: 158265K->52564K(175104K)] 533198K->448622K(699392K), 0.0069735 secs] [Times: user=0.09 sys=0.00, real=0.00 secs] 
2016-09-25T23:10:37.666-0400: 26.457: [GC (GCLocker Initiated GC) [PSYoungGen: 140628K->57904K(175104K)] 539692K->479328K(699392K), 0.0157432 secs] [Times: user=0.16 sys=0.01, real=0.01 secs] 
2016-09-25T23:10:37.717-0400: 26.509: [GC (GCLocker Initiated GC) [PSYoungGen: 145968K->71339K(175104K)] 570144K->509799K(699392K), 0.0082449 secs] [Times: user=0.08 sys=0.01, real=0.01 secs] 
2016-09-25T23:10:37.781-0400: 26.573: [GC (GCLocker Initiated GC) [PSYoungGen: 159403K->40247K(175104K)] 606273K->520137K(699392K), 0.0095822 secs] [Times: user=0.12 sys=0.01, real=0.01 secs] 
2016-09-25T23:10:37.835-0400: 26.627: [GC (GCLocker Initiated GC) [PSYoungGen: 128311K->53691K(175104K)] 610982K->561379K(699392K), 0.0097212 secs] [Times: user=0.09 sys=0.00, real=0.01 secs] 
2016-09-25T23:10:37.845-0400: 26.637: [Full GC (Ergonomics) [PSYoungGen: 53691K->0K(175104K)] [ParOldGen: 507688K->147219K(524288K)] 561379K->147219K(699392K), [Metaspace: 43458K->43458K(1085440K)], 0.0604000 secs] [Times: user=0.33 sys=0.01, real=0.06 secs] 
2016-09-25T23:10:37.940-0400: 26.732: [GC (GCLocker Initiated GC) [PSYoungGen: 88064K->80173K(175104K)] 240844K->232953K(699392K), 0.0096163 secs] [Times: user=0.07 sys=0.00, real=0.01 secs] 
2016-09-25T23:10:38.007-0400: 26.799: [GC (GCLocker Initiated GC) [PSYoungGen: 168237K->45883K(175104K)] 330587K->238064K(699392K), 0.0083928 secs] [Times: user=0.07 sys=0.00, real=0.01 secs] 
2016-09-25T23:10:38.059-0400: 26.851: [GC (GCLocker Initiated GC) [PSYoungGen: 133947K->69879K(175104K)] 326350K->279423K(699392K), 0.0090206 secs] [Times: user=0.12 sys=0.00, real=0.01 secs] 
2016-09-25T23:10:38.113-0400: 26.905: [GC (GCLocker Initiated GC) [PSYoungGen: 157943K->77103K(175104K)] 370866K->309539K(699392K), 0.0064645 secs] [Times: user=0.08 sys=0.00, real=0.01 secs] 
2016-09-25T23:10:38.175-0400: 26.966: [GC (GCLocker Initiated GC) [PSYoungGen: 165167K->31036K(175104K)] 408479K->318527K(699392K), 0.0100146 secs] [Times: user=0.13 sys=0.00, real=0.01 secs] 
2016-09-25T23:10:38.217-0400: 27.008: [GC (GCLocker Initiated GC) [PSYoungGen: 119100K->74087K(175104K)] 406847K->378831K(699392K), 0.0097046 secs] [Times: user=0.09 sys=0.00, real=0.01 secs] 
2016-09-25T23:10:38.271-0400: 27.063: [GC (GCLocker Initiated GC) [PSYoungGen: 162151K->51076K(175104K)] 471085K->375715K(699392K), 0.0099626 secs] [Times: user=0.08 sys=0.00, real=0.01 secs] 
2016-09-25T23:10:38.329-0400: 27.121: [GC (GCLocker Initiated GC) [PSYoungGen: 139140K->72658K(175104K)] 466575K->417080K(699392K), 0.0069460 secs] [Times: user=0.08 sys=0.00, real=0.01 secs] 
2016-09-25T23:10:38.382-0400: 27.174: [GC (GCLocker Initiated GC) [PSYoungGen: 160722K->60895K(175104K)] 512041K->437134K(699392K), 0.0093483 secs] [Times: user=0.11 sys=0.00, real=0.01 secs] 
2016-09-25T23:10:38.436-0400: 27.228: [GC (GCLocker Initiated GC) [PSYoungGen: 148959K->71465K(175104K)] 536234K->470500K(699392K), 0.0100862 secs] [Times: user=0.15 sys=0.00, real=0.01 secs] 
2016-09-25T23:10:38.498-0400: 27.289: [GC (GCLocker Initiated GC) [PSYoungGen: 159529K->56459K(175104K)] 571090K->499855K(699392K), 0.0092091 secs] [Times: user=0.11 sys=0.00, real=0.01 secs] 
2016-09-25T23:10:38.548-0400: 27.339: [GC (GCLocker Initiated GC) [PSYoungGen: 144523K->76813K(175104K)] 590667K->547907K(699392K), 0.0073057 secs] [Times: user=0.11 sys=0.00, real=0.01 secs] 
2016-09-25T23:10:38.597-0400: 27.389: [GC (GCLocker Initiated GC) [PSYoungGen: 164877K->57973K(175104K)] 638715K->547389K(699392K), 0.0085199 secs] [Times: user=0.09 sys=0.00, real=0.01 secs] 
2016-09-25T23:10:38.606-0400: 27.397: [Full GC (Ergonomics) [PSYoungGen: 57973K->0K(175104K)] [ParOldGen: 489416K->156434K(524288K)] 547389K->156434K(699392K), [Metaspace: 43472K->43472K(1085440K)], 0.0551248 secs] [Times: user=0.52 sys=0.00, real=0.05 secs] 
2016-09-25T23:10:39.728-0400: 28.520: [GC (GCLocker Initiated GC) [PSYoungGen: 88064K->47557K(175104K)] 248635K->208137K(699392K), 0.0070087 secs] [Times: user=0.05 sys=0.00, real=0.01 secs] 
2016-09-25T23:10:39.776-0400: 28.567: [GC (GCLocker Initiated GC) [PSYoungGen: 135621K->52443K(175104K)] 296405K->233549K(699392K), 0.0081757 secs] [Times: user=0.07 sys=0.00, real=0.01 secs] 
2016-09-25T23:10:39.833-0400: 28.625: [GC (GCLocker Initiated GC) [PSYoungGen: 140507K->63335K(175104K)] 321751K->256214K(699392K), 0.0103699 secs] [Times: user=0.10 sys=0.00, real=0.02 secs] 
2016-09-25T23:10:39.907-0400: 28.699: [GC (GCLocker Initiated GC) [PSYoungGen: 151399K->74313K(175104K)] 344584K->288603K(699392K), 0.0106708 secs] [Times: user=0.12 sys=0.00, real=0.01 secs] 
2016-09-25T23:10:39.966-0400: 28.758: [GC (GCLocker Initiated GC) [PSYoungGen: 162377K->45878K(175104K)] 382222K->296316K(699392K), 0.0066583 secs] [Times: user=0.07 sys=0.00, real=0.00 secs] 
2016-09-25T23:10:40.009-0400: 28.801: [GC (GCLocker Initiated GC) [PSYoungGen: 133942K->82276K(175104K)] 384465K->352623K(699392K), 0.0095056 secs] [Times: user=0.08 sys=0.00, real=0.01 secs] 
2016-09-25T23:10:40.068-0400: 28.860: [GC (GCLocker Initiated GC) [PSYoungGen: 170340K->59440K(175104K)] 441196K->370306K(699392K), 0.0133977 secs] [Times: user=0.15 sys=0.01, real=0.01 secs] 
2016-09-25T23:10:40.150-0400: 28.942: [GC (GCLocker Initiated GC) [PSYoungGen: 147504K->51397K(175104K)] 461168K->384883K(699392K), 0.0107826 secs] [Times: user=0.12 sys=0.00, real=0.01 secs] 
2016-09-25T23:10:40.201-0400: 28.992: [GC (GCLocker Initiated GC) [PSYoungGen: 139461K->58067K(175104K)] 478582K->408943K(699392K), 0.0069123 secs] [Times: user=0.06 sys=0.00, real=0.01 secs] 
2016-09-25T23:10:40.251-0400: 29.043: [GC (GCLocker Initiated GC) [PSYoungGen: 146131K->43040K(175104K)] 499868K->419444K(699392K), 0.0070317 secs] [Times: user=0.06 sys=0.01, real=0.01 secs] 
2016-09-25T23:10:40.303-0400: 29.095: [GC (GCLocker Initiated GC) [PSYoungGen: 131104K->85286K(175104K)] 507612K->488346K(699392K), 0.0145572 secs] [Times: user=0.14 sys=0.00, real=0.01 secs] 
2016-09-25T23:10:40.380-0400: 29.172: [GC (GCLocker Initiated GC) [PSYoungGen: 173350K->54147K(175104K)] 578481K->476518K(699392K), 0.0202349 secs] [Times: user=0.16 sys=0.02, real=0.02 secs] 
2016-09-25T23:10:40.444-0400: 29.236: [GC (GCLocker Initiated GC) [PSYoungGen: 142211K->44335K(175104K)] 568697K->503072K(699392K), 0.0110453 secs] [Times: user=0.09 sys=0.00, real=0.01 secs] 
2016-09-25T23:10:40.493-0400: 29.284: [GC (GCLocker Initiated GC) [PSYoungGen: 132399K->60656K(175104K)] 599384K->549945K(699392K), 0.0087681 secs] [Times: user=0.08 sys=0.00, real=0.01 secs] 
2016-09-25T23:10:40.502-0400: 29.293: [Full GC (Ergonomics) [PSYoungGen: 60656K->0K(175104K)] [ParOldGen: 489288K->172129K(524288K)] 549945K->172129K(699392K), [Metaspace: 43489K->43489K(1085440K)], 0.0928346 secs] [Times: user=0.48 sys=0.02, real=0.10 secs] 
2016-09-25T23:10:40.654-0400: 29.446: [GC (GCLocker Initiated GC) [PSYoungGen: 88064K->58772K(175104K)] 275185K->245894K(699392K), 0.0133933 secs] [Times: user=0.14 sys=0.00, real=0.02 secs] 
2016-09-25T23:10:40.710-0400: 29.502: [GC (GCLocker Initiated GC) [PSYoungGen: 146836K->44706K(175104K)] 339431K->265842K(699392K), 0.0095518 secs] [Times: user=0.13 sys=0.01, real=0.01 secs] 
2016-09-25T23:10:40.792-0400: 29.584: [GC (GCLocker Initiated GC) [PSYoungGen: 132770K->49902K(173056K)] 358488K->296857K(697344K), 0.0112590 secs] [Times: user=0.13 sys=0.00, real=0.02 secs] 
2016-09-25T23:10:40.863-0400: 29.654: [GC (GCLocker Initiated GC) [PSYoungGen: 137966K->63220K(174080K)] 393274K->346426K(698368K), 0.0068985 secs] [Times: user=0.09 sys=0.00, real=0.00 secs] 
2016-09-25T23:10:40.910-0400: 29.702: [GC (GCLocker Initiated GC) [PSYoungGen: 151284K->49776K(172544K)] 435967K->379701K(696832K), 0.0069118 secs] [Times: user=0.11 sys=0.00, real=0.01 secs] 
2016-09-25T23:10:40.973-0400: 29.765: [GC (GCLocker Initiated GC) [PSYoungGen: 140400K->77177K(174592K)] 479959K->436395K(698880K), 0.0132984 secs] [Times: user=0.14 sys=0.00, real=0.02 secs] 
2016-09-25T23:10:41.045-0400: 29.836: [GC (GCLocker Initiated GC) [PSYoungGen: 167801K->74438K(175104K)] 532529K->468561K(699392K), 0.0149903 secs] [Times: user=0.16 sys=0.00, real=0.01 secs] 
2016-09-25T23:10:41.109-0400: 29.901: [GC (GCLocker Initiated GC) [PSYoungGen: 162502K->62040K(175104K)] 560951K->487004K(699392K), 0.0074591 secs] [Times: user=0.11 sys=0.00, real=0.01 secs] 
2016-09-25T23:10:41.161-0400: 29.953: [GC (GCLocker Initiated GC) [PSYoungGen: 150104K->47021K(175104K)] 581331K->501989K(699392K), 0.0064428 secs] [Times: user=0.10 sys=0.00, real=0.01 secs] 
2016-09-25T23:10:41.192-0400: 29.983: [GC (GCLocker Initiated GC) [PSYoungGen: 135085K->81140K(175104K)] 592831K->558447K(699392K), 0.0156535 secs] [Times: user=0.22 sys=0.01, real=0.02 secs] 
2016-09-25T23:10:41.263-0400: 30.054: [GC (GCLocker Initiated GC) [PSYoungGen: 169204K->66060K(175104K)] 650013K->561336K(699392K), 0.0147408 secs] [Times: user=0.15 sys=0.01, real=0.01 secs] 
2016-09-25T23:10:41.278-0400: 30.069: [Full GC (Ergonomics) [PSYoungGen: 66060K->0K(175104K)] [ParOldGen: 495275K->171693K(524288K)] 561336K->171693K(699392K), [Metaspace: 43494K->43494K(1085440K)], 0.0590914 secs] [Times: user=0.50 sys=0.00, real=0.06 secs] 
2016-09-25T23:10:41.387-0400: 30.179: [GC (GCLocker Initiated GC) [PSYoungGen: 88064K->58326K(175104K)] 262595K->232858K(699392K), 0.0089515 secs] [Times: user=0.10 sys=0.00, real=0.01 secs] 
2016-09-25T23:10:41.444-0400: 30.235: [GC (GCLocker Initiated GC) [PSYoungGen: 146390K->41607K(175104K)] 322342K->243121K(699392K), 0.0087643 secs] [Times: user=0.09 sys=0.00, real=0.00 secs] 
2016-09-25T23:10:41.489-0400: 30.281: [GC (GCLocker Initiated GC) [PSYoungGen: 129671K->71551K(175104K)] 331280K->304946K(699392K), 0.0094392 secs] [Times: user=0.12 sys=0.00, real=0.01 secs] 
2016-09-25T23:10:41.553-0400: 30.345: [GC (GCLocker Initiated GC) [PSYoungGen: 159615K->62018K(175104K)] 393143K->323469K(699392K), 0.0060983 secs] [Times: user=0.10 sys=0.00, real=0.01 secs] 
2016-09-25T23:10:41.598-0400: 30.390: [GC (GCLocker Initiated GC) [PSYoungGen: 150082K->62325K(175104K)] 417155K->350480K(699392K), 0.0060038 secs] [Times: user=0.08 sys=0.00, real=0.01 secs] 
2016-09-25T23:10:41.656-0400: 30.448: [GC (GCLocker Initiated GC) [PSYoungGen: 150389K->74296K(175104K)] 449425K->396019K(699392K), 0.0066122 secs] [Times: user=0.10 sys=0.00, real=0.01 secs] 
2016-09-25T23:10:41.714-0400: 30.506: [GC (GCLocker Initiated GC) [PSYoungGen: 162360K->49767K(175104K)] 490881K->395404K(699392K), 0.0062052 secs] [Times: user=0.08 sys=0.00, real=0.00 secs] 
2016-09-25T23:10:41.764-0400: 30.555: [GC (GCLocker Initiated GC) [PSYoungGen: 137831K->70060K(175104K)] 486605K->441137K(699392K), 0.0064276 secs] [Times: user=0.10 sys=0.00, real=0.00 secs] 
2016-09-25T23:10:41.824-0400: 30.615: [GC (GCLocker Initiated GC) [PSYoungGen: 158124K->60458K(175104K)] 540199K->467575K(699392K), 0.0087689 secs] [Times: user=0.14 sys=0.01, real=0.00 secs] 
2016-09-25T23:10:41.878-0400: 30.669: [GC (GCLocker Initiated GC) [PSYoungGen: 148522K->57849K(171008K)] 563773K->479054K(695296K), 0.0066880 secs] [Times: user=0.08 sys=0.00, real=0.01 secs] 
2016-09-25T23:10:41.923-0400: 30.715: [GC (GCLocker Initiated GC) [PSYoungGen: 145913K->79361K(173056K)] 569891K->516258K(697344K), 0.0088800 secs] [Times: user=0.12 sys=0.00, real=0.00 secs] 
2016-09-25T23:10:41.987-0400: 30.779: [GC (GCLocker Initiated GC) [PSYoungGen: 167425K->56404K(175104K)] 612456K->531768K(699392K), 0.0067662 secs] [Times: user=0.10 sys=0.00, real=0.00 secs] 
2016-09-25T23:10:42.044-0400: 30.835: [GC (GCLocker Initiated GC) [PSYoungGen: 144468K->54916K(143360K)] 622641K->543082K(667648K), 0.0068895 secs] [Times: user=0.06 sys=0.00, real=0.00 secs] 
2016-09-25T23:10:42.051-0400: 30.842: [Full GC (Ergonomics) [PSYoungGen: 54916K->0K(143360K)] [ParOldGen: 488165K->170758K(524288K)] 543082K->170758K(667648K), [Metaspace: 43495K->43495K(1085440K)], 0.0639016 secs] [Times: user=0.48 sys=0.01, real=0.07 secs] 
2016-09-25T23:10:42.150-0400: 30.941: [GC (GCLocker Initiated GC) [PSYoungGen: 88064K->82477K(174080K)] 261725K->256138K(698368K), 0.0094914 secs] [Times: user=0.11 sys=0.01, real=0.01 secs] 
2016-09-25T23:10:42.208-0400: 31.000: [GC (GCLocker Initiated GC) [PSYoungGen: 170029K->54928K(174592K)] 350550K->270188K(698880K), 0.0119035 secs] [Times: user=0.18 sys=0.00, real=0.01 secs] 
2016-09-25T23:10:42.256-0400: 31.048: [GC (GCLocker Initiated GC) [PSYoungGen: 142480K->65971K(175104K)] 360668K->307614K(699392K), 0.0094101 secs] [Times: user=0.11 sys=0.00, real=0.01 secs] 
2016-09-25T23:10:42.309-0400: 31.101: [GC (GCLocker Initiated GC) [PSYoungGen: 154035K->78045K(175104K)] 398507K->336701K(699392K), 0.0097155 secs] [Times: user=0.15 sys=0.00, real=0.01 secs] 
2016-09-25T23:10:42.376-0400: 31.167: [GC (GCLocker Initiated GC) [PSYoungGen: 166109K->61695K(175104K)] 430323K->344117K(699392K), 0.0068086 secs] [Times: user=0.08 sys=0.00, real=0.01 secs] 
2016-09-25T23:10:42.415-0400: 31.207: [GC (GCLocker Initiated GC) [PSYoungGen: 149759K->67227K(175104K)] 434982K->373158K(699392K), 0.0090704 secs] [Times: user=0.10 sys=0.00, real=0.01 secs] 
2016-09-25T23:10:42.469-0400: 31.261: [GC (GCLocker Initiated GC) [PSYoungGen: 155291K->84715K(175104K)] 466789K->415742K(699392K), 0.0082502 secs] [Times: user=0.09 sys=0.01, real=0.01 secs] 
2016-09-25T23:10:42.521-0400: 31.312: [GC (GCLocker Initiated GC) [PSYoungGen: 172779K->59082K(175104K)] 511955K->419043K(699392K), 0.0168538 secs] [Times: user=0.24 sys=0.00, real=0.02 secs] 
2016-09-25T23:10:42.581-0400: 31.373: [GC (GCLocker Initiated GC) [PSYoungGen: 147146K->61754K(175104K)] 507211K->450838K(699392K), 0.0095113 secs] [Times: user=0.14 sys=0.00, real=0.01 secs] 
2016-09-25T23:10:42.628-0400: 31.419: [GC (GCLocker Initiated GC) [PSYoungGen: 149818K->80860K(175104K)] 545816K->494928K(699392K), 0.0094592 secs] [Times: user=0.09 sys=0.02, real=0.01 secs] 
2016-09-25T23:10:42.683-0400: 31.474: [GC (GCLocker Initiated GC) [PSYoungGen: 168924K->75326K(175104K)] 591265K->522650K(699392K), 0.0096006 secs] [Times: user=0.16 sys=0.00, real=0.00 secs] 
2016-09-25T23:10:42.746-0400: 31.538: [GC (GCLocker Initiated GC) [PSYoungGen: 163390K->56281K(175104K)] 613662K->534134K(699392K), 0.0075257 secs] [Times: user=0.08 sys=0.00, real=0.00 secs] 
2016-09-25T23:10:42.788-0400: 31.580: [GC (GCLocker Initiated GC) [PSYoungGen: 144345K->73858K(175104K)] 622332K->578082K(699392K), 0.0072363 secs] [Times: user=0.09 sys=0.01, real=0.01 secs] 
2016-09-25T23:10:42.796-0400: 31.587: [Full GC (Ergonomics) [PSYoungGen: 73858K->0K(175104K)] [ParOldGen: 504223K->186389K(524288K)] 578082K->186389K(699392K), [Metaspace: 43495K->43495K(1085440K)], 0.0581978 secs] [Times: user=0.52 sys=0.00, real=0.05 secs] 
2016-09-25T23:10:42.896-0400: 31.688: [GC (GCLocker Initiated GC) [PSYoungGen: 88064K->86501K(175104K)] 278099K->279236K(699392K), 0.0068149 secs] [Times: user=0.09 sys=0.01, real=0.01 secs] 
2016-09-25T23:10:42.945-0400: 31.737: [GC (GCLocker Initiated GC) [PSYoungGen: 174565K->64390K(175104K)] 367332K->282440K(699392K), 0.0067055 secs] [Times: user=0.10 sys=0.00, real=0.00 secs] 
2016-09-25T23:10:42.994-0400: 31.785: [GC (GCLocker Initiated GC) [PSYoungGen: 152454K->74040K(175104K)] 371974K->302169K(699392K), 0.0086441 secs] [Times: user=0.13 sys=0.00, real=0.02 secs] 
2016-09-25T23:10:43.040-0400: 31.832: [GC (GCLocker Initiated GC) [PSYoungGen: 162104K->76558K(175104K)] 390454K->328511K(699392K), 0.0089178 secs] [Times: user=0.14 sys=0.00, real=0.01 secs] 
2016-09-25T23:10:43.086-0400: 31.877: [GC (GCLocker Initiated GC) [PSYoungGen: 164622K->68785K(175104K)] 418436K->355460K(699392K), 0.0089983 secs] [Times: user=0.13 sys=0.00, real=0.01 secs] 
2016-09-25T23:10:43.140-0400: 31.932: [GC (GCLocker Initiated GC) [PSYoungGen: 156849K->61595K(175104K)] 446284K->378811K(699392K), 0.0058900 secs] [Times: user=0.07 sys=0.00, real=0.01 secs] 
2016-09-25T23:10:43.183-0400: 31.975: [GC (GCLocker Initiated GC) [PSYoungGen: 149659K->57805K(175104K)] 469720K->405268K(699392K), 0.0091183 secs] [Times: user=0.09 sys=0.00, real=0.00 secs] 
2016-09-25T23:10:43.234-0400: 32.026: [GC (GCLocker Initiated GC) [PSYoungGen: 145869K->64605K(175104K)] 496142K->435788K(699392K), 0.0101565 secs] [Times: user=0.09 sys=0.00, real=0.01 secs] 
2016-09-25T23:10:43.286-0400: 32.078: [GC (GCLocker Initiated GC) [PSYoungGen: 152669K->71353K(175104K)] 526615K->474334K(699392K), 0.0073895 secs] [Times: user=0.11 sys=0.00, real=0.00 secs] 
2016-09-25T23:10:43.340-0400: 32.131: [GC (GCLocker Initiated GC) [PSYoungGen: 159417K->68603K(175104K)] 570676K->499380K(699392K), 0.0089869 secs] [Times: user=0.13 sys=0.00, real=0.01 secs] 
2016-09-25T23:10:43.379-0400: 32.171: [GC (GCLocker Initiated GC) [PSYoungGen: 156667K->78083K(175104K)] 595711K->529884K(699392K), 0.0069785 secs] [Times: user=0.09 sys=0.00, real=0.01 secs] 
2016-09-25T23:10:43.430-0400: 32.222: [GC (GCLocker Initiated GC) [PSYoungGen: 166147K->64457K(175104K)] 626212K->548101K(699392K), 0.0065108 secs] [Times: user=0.08 sys=0.00, real=0.01 secs] 
2016-09-25T23:10:43.487-0400: 32.279: [Full GC (Ergonomics) [PSYoungGen: 152521K->0K(175104K)] [ParOldGen: 497336K->182730K(524288K)] 649858K->182730K(699392K), [Metaspace: 43495K->43495K(1085440K)], 0.0535858 secs] [Times: user=0.36 sys=0.00, real=0.05 secs] 
2016-09-25T23:10:43.582-0400: 32.373: [GC (GCLocker Initiated GC) [PSYoungGen: 88064K->86265K(175104K)] 271011K->274613K(699392K), 0.0152376 secs] [Times: user=0.22 sys=0.01, real=0.02 secs] 
2016-09-25T23:10:43.641-0400: 32.433: [GC (GCLocker Initiated GC) [PSYoungGen: 174329K->68486K(175104K)] 365417K->294090K(699392K), 0.0096250 secs] [Times: user=0.10 sys=0.01, real=0.01 secs] 
2016-09-25T23:10:43.692-0400: 32.484: [GC (GCLocker Initiated GC) [PSYoungGen: 156550K->60521K(175104K)] 391734K->311041K(699392K), 0.0090941 secs] [Times: user=0.14 sys=0.00, real=0.01 secs] 
2016-09-25T23:10:43.748-0400: 32.540: [GC (GCLocker Initiated GC) [PSYoungGen: 148585K->67188K(175104K)] 401930K->334698K(699392K), 0.0088134 secs] [Times: user=0.13 sys=0.00, real=0.01 secs] 
2016-09-25T23:10:43.798-0400: 32.589: [GC (GCLocker Initiated GC) [PSYoungGen: 155252K->57658K(175104K)] 428273K->362355K(699392K), 0.0091215 secs] [Times: user=0.11 sys=0.00, real=0.01 secs] 
2016-09-25T23:10:43.845-0400: 32.637: [GC (Allocation Failure) [PSYoungGen: 145722K->63074K(175104K)] 454571K->398056K(699392K), 0.0088618 secs] [Times: user=0.10 sys=0.00, real=0.00 secs] 
2016-09-25T23:10:43.854-0400: 32.646: [GC (GCLocker Initiated GC) [PSYoungGen: 63385K->416K(175104K)] 398366K->414428K(699392K), 0.0056649 secs] [Times: user=0.06 sys=0.01, real=0.00 secs] 
2016-09-25T23:10:43.907-0400: 32.699: [GC (GCLocker Initiated GC) [PSYoungGen: 87588K->67440K(175104K)] 507000K->486861K(699392K), 0.0065670 secs] [Times: user=0.07 sys=0.01, real=0.00 secs] 
2016-09-25T23:10:43.954-0400: 32.746: [GC (GCLocker Initiated GC) [PSYoungGen: 155504K->84868K(175104K)] 578155K->525911K(699392K), 0.0068271 secs] [Times: user=0.10 sys=0.00, real=0.00 secs] 
2016-09-25T23:10:44.002-0400: 32.794: [GC (GCLocker Initiated GC) [PSYoungGen: 172932K->71060K(175104K)] 614095K->539863K(699392K), 0.0070190 secs] [Times: user=0.08 sys=0.00, real=0.01 secs] 
2016-09-25T23:10:44.009-0400: 32.801: [Full GC (Ergonomics) [PSYoungGen: 71060K->0K(175104K)] [ParOldGen: 468803K->185826K(524288K)] 539863K->185826K(699392K), [Metaspace: 43495K->43495K(1085440K)], 0.0581092 secs] [Times: user=0.49 sys=0.01, real=0.06 secs] 
2016-09-25T23:10:44.118-0400: 32.910: [GC (GCLocker Initiated GC) [PSYoungGen: 88064K->77005K(175104K)] 286153K->275094K(699392K), 0.0104186 secs] [Times: user=0.13 sys=0.00, real=0.01 secs] 
2016-09-25T23:10:44.181-0400: 32.972: [GC (GCLocker Initiated GC) [PSYoungGen: 165069K->75185K(175104K)] 374103K->291926K(699392K), 0.0106078 secs] [Times: user=0.13 sys=0.00, real=0.01 secs] 
2016-09-25T23:10:44.246-0400: 33.038: [GC (GCLocker Initiated GC) [PSYoungGen: 163249K->38548K(175104K)] 385418K->282804K(699392K), 0.0200575 secs] [Times: user=0.19 sys=0.01, real=0.02 secs] 
2016-09-25T23:10:44.303-0400: 33.094: [GC (GCLocker Initiated GC) [PSYoungGen: 126612K->61739K(175104K)] 373685K->328224K(699392K), 0.0133141 secs] [Times: user=0.16 sys=0.00, real=0.01 secs] 
2016-09-25T23:10:44.356-0400: 33.148: [GC (GCLocker Initiated GC) [PSYoungGen: 149803K->60245K(175104K)] 419043K->346174K(699392K), 0.0137164 secs] [Times: user=0.13 sys=0.00, real=0.01 secs] 
2016-09-25T23:10:44.422-0400: 33.214: [GC (GCLocker Initiated GC) [PSYoungGen: 148309K->42779K(175104K)] 434328K->352306K(699392K), 0.0114024 secs] [Times: user=0.13 sys=0.00, real=0.00 secs] 
2016-09-25T23:10:44.472-0400: 33.264: [GC (GCLocker Initiated GC) [PSYoungGen: 130843K->49646K(175104K)] 443440K->384364K(699392K), 0.0116574 secs] [Times: user=0.07 sys=0.00, real=0.02 secs] 
2016-09-25T23:10:44.530-0400: 33.321: [GC (GCLocker Initiated GC) [PSYoungGen: 137710K->69808K(175104K)] 477902K->425553K(699392K), 0.0078966 secs] [Times: user=0.10 sys=0.00, real=0.01 secs] 
2016-09-25T23:10:44.570-0400: 33.362: [GC (GCLocker Initiated GC) [PSYoungGen: 157872K->54866K(175104K)] 513668K->424636K(699392K), 0.0080758 secs] [Times: user=0.07 sys=0.00, real=0.01 secs] 
2016-09-25T23:10:44.614-0400: 33.405: [GC (GCLocker Initiated GC) [PSYoungGen: 142930K->60530K(175104K)] 515964K->453083K(699392K), 0.0072472 secs] [Times: user=0.07 sys=0.01, real=0.01 secs] 
2016-09-25T23:10:44.666-0400: 33.458: [GC (GCLocker Initiated GC) [PSYoungGen: 148594K->53555K(175104K)] 544141K->476844K(699392K), 0.0106116 secs] [Times: user=0.13 sys=0.00, real=0.01 secs] 
2016-09-25T23:10:44.732-0400: 33.524: [GC (GCLocker Initiated GC) [PSYoungGen: 141619K->67256K(175104K)] 569024K->508586K(699392K), 0.0122499 secs] [Times: user=0.16 sys=0.00, real=0.02 secs] 
2016-09-25T23:10:44.802-0400: 33.594: [GC (GCLocker Initiated GC) [PSYoungGen: 155320K->60333K(148480K)] 596832K->518671K(672768K), 0.0067090 secs] [Times: user=0.10 sys=0.00, real=0.01 secs] 
2016-09-25T23:10:44.845-0400: 33.637: [GC (GCLocker Initiated GC) [PSYoungGen: 148397K->61717K(175104K)] 609591K->547669K(699392K), 0.0070706 secs] [Times: user=0.10 sys=0.00, real=0.00 secs] 
2016-09-25T23:10:44.853-0400: 33.644: [Full GC (Ergonomics) [PSYoungGen: 61717K->0K(175104K)] [ParOldGen: 485951K->188103K(524288K)] 547669K->188103K(699392K), [Metaspace: 43524K->43524K(1085440K)], 0.0657844 secs] [Times: user=0.43 sys=0.01, real=0.07 secs] 
2016-09-25T23:10:44.977-0400: 33.768: [GC (GCLocker Initiated GC) [PSYoungGen: 90112K->80991K(173056K)] 278366K->269245K(697344K), 0.0101608 secs] [Times: user=0.12 sys=0.00, real=0.01 secs] 
2016-09-25T23:10:45.031-0400: 33.822: [GC (GCLocker Initiated GC) [PSYoungGen: 171103K->72744K(175104K)] 366260K->287710K(699392K), 0.0066391 secs] [Times: user=0.10 sys=0.00, real=0.01 secs] 
2016-09-25T23:10:45.069-0400: 33.861: [GC (GCLocker Initiated GC) [PSYoungGen: 160808K->64506K(175104K)] 375802K->308608K(699392K), 0.0076121 secs] [Times: user=0.09 sys=0.00, real=0.01 secs] 
2016-09-25T23:10:45.130-0400: 33.922: [GC (GCLocker Initiated GC) [PSYoungGen: 152570K->75449K(175104K)] 411706K->349996K(699392K), 0.0104676 secs] [Times: user=0.12 sys=0.01, real=0.01 secs] 
2016-09-25T23:10:45.206-0400: 33.997: [GC (GCLocker Initiated GC) [PSYoungGen: 163513K->61767K(175104K)] 446378K->368250K(699392K), 0.0138577 secs] [Times: user=0.13 sys=0.01, real=0.01 secs] 
2016-09-25T23:10:45.266-0400: 34.057: [GC (GCLocker Initiated GC) [PSYoungGen: 149831K->77938K(175104K)] 464803K->396156K(699392K), 0.0058701 secs] [Times: user=0.09 sys=0.00, real=0.00 secs] 
2016-09-25T23:10:45.327-0400: 34.118: [GC (GCLocker Initiated GC) [PSYoungGen: 166002K->34682K(175104K)] 500504K->400750K(699392K), 0.0054799 secs] [Times: user=0.06 sys=0.00, real=0.00 secs] 
2016-09-25T23:10:45.394-0400: 34.185: [GC (GCLocker Initiated GC) [PSYoungGen: 122746K->53567K(175104K)] 488960K->444573K(699392K), 0.0105099 secs] [Times: user=0.14 sys=0.00, real=0.02 secs] 
2016-09-25T23:10:45.459-0400: 34.251: [GC (GCLocker Initiated GC) [PSYoungGen: 141631K->79385K(175104K)] 535468K->488529K(699392K), 0.0164345 secs] [Times: user=0.16 sys=0.00, real=0.02 secs] 
2016-09-25T23:10:45.522-0400: 34.314: [GC (GCLocker Initiated GC) [PSYoungGen: 167449K->55130K(175104K)] 590183K->491960K(699392K), 0.0079790 secs] [Times: user=0.08 sys=0.00, real=0.00 secs] 
2016-09-25T23:10:45.571-0400: 34.363: [GC (GCLocker Initiated GC) [PSYoungGen: 143194K->53614K(175104K)] 585446K->526249K(699392K), 0.0103931 secs] [Times: user=0.14 sys=0.00, real=0.01 secs] 
2016-09-25T23:10:45.636-0400: 34.428: [GC (GCLocker Initiated GC) [PSYoungGen: 141678K->62993K(175104K)] 617122K->563225K(699392K), 0.0120068 secs] [Times: user=0.14 sys=0.01, real=0.01 secs] 
2016-09-25T23:10:45.648-0400: 34.440: [Full GC (Ergonomics) [PSYoungGen: 62993K->0K(175104K)] [ParOldGen: 500232K->200762K(524288K)] 563225K->200762K(699392K), [Metaspace: 43524K->43524K(1085440K)], 0.0691344 secs] [Times: user=0.59 sys=0.00, real=0.07 secs] 
2016-09-25T23:10:45.757-0400: 34.548: [GC (GCLocker Initiated GC) [PSYoungGen: 88064K->72915K(175104K)] 291609K->276460K(699392K), 0.0096243 secs] [Times: user=0.15 sys=0.00, real=0.01 secs] 
2016-09-25T23:10:45.808-0400: 34.600: [GC (GCLocker Initiated GC) [PSYoungGen: 160979K->51034K(175104K)] 367348K->285312K(699392K), 0.0102205 secs] [Times: user=0.15 sys=0.01, real=0.01 secs] 
2016-09-25T23:10:45.883-0400: 34.675: [GC (GCLocker Initiated GC) [PSYoungGen: 139098K->64628K(175104K)] 382908K->326585K(699392K), 0.0111811 secs] [Times: user=0.17 sys=0.01, real=0.01 secs] 
2016-09-25T23:10:45.952-0400: 34.744: [GC (GCLocker Initiated GC) [PSYoungGen: 152692K->45222K(175104K)] 414818K->318834K(699392K), 0.0076621 secs] [Times: user=0.07 sys=0.00, real=0.01 secs] 
2016-09-25T23:10:45.999-0400: 34.790: [GC (GCLocker Initiated GC) [PSYoungGen: 133286K->72697K(175104K)] 413715K->367114K(699392K), 0.0068100 secs] [Times: user=0.09 sys=0.00, real=0.01 secs] 
2016-09-25T23:10:46.055-0400: 34.847: [GC (GCLocker Initiated GC) [PSYoungGen: 160761K->68239K(175104K)] 455286K->387703K(699392K), 0.0156993 secs] [Times: user=0.18 sys=0.00, real=0.01 secs] 
2016-09-25T23:10:46.145-0400: 34.937: [GC (GCLocker Initiated GC) [PSYoungGen: 156303K->56237K(175104K)] 475812K->396439K(699392K), 0.0096351 secs] [Times: user=0.12 sys=0.00, real=0.01 secs] 
2016-09-25T23:10:46.193-0400: 34.985: [GC (GCLocker Initiated GC) [PSYoungGen: 144301K->48271K(175104K)] 489984K->417463K(699392K), 0.0081183 secs] [Times: user=0.11 sys=0.00, real=0.01 secs] 
2016-09-25T23:10:46.255-0400: 35.046: [GC (GCLocker Initiated GC) [PSYoungGen: 136335K->71315K(175104K)] 513817K->465714K(699392K), 0.0068683 secs] [Times: user=0.11 sys=0.00, real=0.00 secs] 
2016-09-25T23:10:46.297-0400: 35.089: [GC (GCLocker Initiated GC) [PSYoungGen: 159379K->77734K(175104K)] 553972K->485140K(699392K), 0.0098958 secs] [Times: user=0.15 sys=0.00, real=0.01 secs] 
2016-09-25T23:10:46.357-0400: 35.148: [GC (GCLocker Initiated GC) [PSYoungGen: 165798K->83476K(175104K)] 581436K->523771K(699392K), 0.0085300 secs] [Times: user=0.13 sys=0.00, real=0.01 secs] 
2016-09-25T23:10:46.416-0400: 35.208: [GC (GCLocker Initiated GC) [PSYoungGen: 171540K->60313K(175104K)] 615980K->529735K(699392K), 0.0200727 secs] [Times: user=0.26 sys=0.01, real=0.02 secs] 
2016-09-25T23:10:46.483-0400: 35.275: [GC (GCLocker Initiated GC) [PSYoungGen: 148377K->60402K(175104K)] 619258K->562819K(699392K), 0.0106885 secs] [Times: user=0.13 sys=0.01, real=0.00 secs] 
2016-09-25T23:10:46.494-0400: 35.285: [Full GC (Ergonomics) [PSYoungGen: 60402K->0K(175104K)] [ParOldGen: 502416K->202512K(524288K)] 562819K->202512K(699392K), [Metaspace: 43526K->43526K(1085440K)], 0.0662702 secs] [Times: user=0.56 sys=0.01, real=0.07 secs] 
2016-09-25T23:10:46.626-0400: 35.418: [GC (GCLocker Initiated GC) [PSYoungGen: 88064K->67470K(175104K)] 298724K->278130K(699392K), 0.0061371 secs] [Times: user=0.08 sys=0.00, real=0.00 secs] 
2016-09-25T23:10:46.675-0400: 35.466: [GC (GCLocker Initiated GC) [PSYoungGen: 155534K->79238K(175104K)] 373088K->307122K(699392K), 0.0086413 secs] [Times: user=0.09 sys=0.00, real=0.01 secs] 
2016-09-25T23:10:46.729-0400: 35.521: [GC (GCLocker Initiated GC) [PSYoungGen: 167302K->57617K(175104K)] 398065K->314580K(699392K), 0.0094447 secs] [Times: user=0.13 sys=0.00, real=0.01 secs] 
2016-09-25T23:10:46.787-0400: 35.579: [GC (GCLocker Initiated GC) [PSYoungGen: 145681K->59174K(175104K)] 406906K->345192K(699392K), 0.0068855 secs] [Times: user=0.10 sys=0.00, real=0.01 secs] 
2016-09-25T23:10:46.834-0400: 35.626: [GC (GCLocker Initiated GC) [PSYoungGen: 147238K->67246K(175104K)] 438806K->376980K(699392K), 0.0067688 secs] [Times: user=0.10 sys=0.01, real=0.00 secs] 
2016-09-25T23:10:46.892-0400: 35.684: [GC (GCLocker Initiated GC) [PSYoungGen: 155310K->46833K(175104K)] 467759K->396384K(699392K), 0.0059558 secs] [Times: user=0.07 sys=0.01, real=0.01 secs] 
2016-09-25T23:10:46.940-0400: 35.731: [GC (GCLocker Initiated GC) [PSYoungGen: 134897K->74131K(175104K)] 484669K->439266K(699392K), 0.0092435 secs] [Times: user=0.11 sys=0.00, real=0.01 secs] 
2016-09-25T23:10:46.996-0400: 35.787: [GC (Allocation Failure) [PSYoungGen: 162195K->55010K(175104K)] 527432K->461527K(699392K), 0.0105054 secs] [Times: user=0.16 sys=0.01, real=0.01 secs] 
2016-09-25T23:10:47.050-0400: 35.842: [GC (GCLocker Initiated GC) [PSYoungGen: 143074K->65927K(175104K)] 549650K->505534K(699392K), 0.0080992 secs] [Times: user=0.11 sys=0.00, real=0.01 secs] 
2016-09-25T23:10:47.101-0400: 35.893: [GC (GCLocker Initiated GC) [PSYoungGen: 153991K->65830K(175104K)] 593761K->529229K(699392K), 0.0099950 secs] [Times: user=0.13 sys=0.00, real=0.01 secs] 
2016-09-25T23:10:47.146-0400: 35.937: [GC (GCLocker Initiated GC) [PSYoungGen: 153894K->59140K(172032K)] 620127K->556985K(696320K), 0.0099216 secs] [Times: user=0.13 sys=0.00, real=0.01 secs] 
2016-09-25T23:10:47.156-0400: 35.947: [Full GC (Ergonomics) [PSYoungGen: 59140K->0K(172032K)] [ParOldGen: 497845K->208939K(524288K)] 556985K->208939K(696320K), [Metaspace: 43526K->43526K(1085440K)], 0.0655036 secs] [Times: user=0.71 sys=0.00, real=0.06 secs] 
2016-09-25T23:10:47.274-0400: 36.065: [GC (GCLocker Initiated GC) [PSYoungGen: 88064K->82399K(173568K)] 304010K->298346K(697856K), 0.0086418 secs] [Times: user=0.10 sys=0.01, real=0.02 secs] 
2016-09-25T23:10:47.320-0400: 36.112: [GC (GCLocker Initiated GC) [PSYoungGen: 170463K->65789K(175104K)] 387338K->313343K(699392K), 0.0097806 secs] [Times: user=0.13 sys=0.00, real=0.01 secs] 
2016-09-25T23:10:47.375-0400: 36.167: [GC (GCLocker Initiated GC) [PSYoungGen: 153853K->44345K(175104K)] 406839K->335637K(699392K), 0.0102566 secs] [Times: user=0.09 sys=0.00, real=0.01 secs] 
2016-09-25T23:10:47.431-0400: 36.223: [GC (GCLocker Initiated GC) [PSYoungGen: 132409K->33205K(175104K)] 425194K->337317K(699392K), 0.0100212 secs] [Times: user=0.07 sys=0.00, real=0.01 secs] 
2016-09-25T23:10:47.486-0400: 36.278: [GC (GCLocker Initiated GC) [PSYoungGen: 121269K->58943K(175104K)] 430943K->379947K(699392K), 0.0184896 secs] [Times: user=0.17 sys=0.00, real=0.02 secs] 
2016-09-25T23:10:47.555-0400: 36.347: [GC (GCLocker Initiated GC) [PSYoungGen: 147007K->56353K(174080K)] 470838K->392923K(698368K), 0.0111468 secs] [Times: user=0.11 sys=0.00, real=0.01 secs] 
2016-09-25T23:10:47.605-0400: 36.396: [GC (GCLocker Initiated GC) [PSYoungGen: 144417K->41364K(174592K)] 481398K->399194K(698880K), 0.0199713 secs] [Times: user=0.15 sys=0.01, real=0.02 secs] 
2016-09-25T23:10:47.662-0400: 36.454: [GC (GCLocker Initiated GC) [PSYoungGen: 129428K->67272K(175104K)] 487344K->435154K(699392K), 0.0133951 secs] [Times: user=0.14 sys=0.00, real=0.01 secs] 
2016-09-25T23:10:47.724-0400: 36.516: [GC (GCLocker Initiated GC) [PSYoungGen: 155336K->56140K(144384K)] 531368K->444984K(668672K), 0.0101818 secs] [Times: user=0.08 sys=0.00, real=0.01 secs] 
2016-09-25T23:10:47.779-0400: 36.570: [GC (GCLocker Initiated GC) [PSYoungGen: 144204K->45490K(174080K)] 535848K->448428K(698368K), 0.0110606 secs] [Times: user=0.10 sys=0.00, real=0.01 secs] 
2016-09-25T23:10:47.834-0400: 36.626: [GC (GCLocker Initiated GC) [PSYoungGen: 134066K->77922K(173568K)] 537379K->507477K(697856K), 0.0152492 secs] [Times: user=0.19 sys=0.00, real=0.01 secs] 
2016-09-25T23:10:47.892-0400: 36.684: [GC (GCLocker Initiated GC) [PSYoungGen: 166498K->41421K(175104K)] 596139K->505391K(699392K), 0.0067886 secs] [Times: user=0.06 sys=0.00, real=0.01 secs] 
2016-09-25T23:10:47.940-0400: 36.732: [GC (GCLocker Initiated GC) [PSYoungGen: 129485K->61931K(175104K)] 599087K->584753K(699392K), 0.0101328 secs] [Times: user=0.11 sys=0.00, real=0.01 secs] 
2016-09-25T23:10:47.950-0400: 36.742: [Full GC (Ergonomics) [PSYoungGen: 61931K->0K(175104K)] [ParOldGen: 522821K->216270K(524288K)] 584753K->216270K(699392K), [Metaspace: 43655K->43655K(1087488K)], 0.0555766 secs] [Times: user=0.45 sys=0.00, real=0.06 secs] 
2016-09-25T23:10:48.048-0400: 36.839: [GC (GCLocker Initiated GC) [PSYoungGen: 88064K->85023K(175104K)] 307271K->309631K(699392K), 0.0097437 secs] [Times: user=0.10 sys=0.00, real=0.01 secs] 
2016-09-25T23:10:48.098-0400: 36.890: [GC (GCLocker Initiated GC) [PSYoungGen: 173087K->57645K(175104K)] 397855K->312920K(699392K), 0.0100394 secs] [Times: user=0.08 sys=0.00, real=0.01 secs] 
2016-09-25T23:10:48.152-0400: 36.944: [GC (GCLocker Initiated GC) [PSYoungGen: 145709K->57794K(175104K)] 401041K->347421K(699392K), 0.0084992 secs] [Times: user=0.12 sys=0.00, real=0.01 secs] 
2016-09-25T23:10:48.207-0400: 36.999: [GC (GCLocker Initiated GC) [PSYoungGen: 145858K->51030K(175104K)] 443632K->372328K(699392K), 0.0092133 secs] [Times: user=0.08 sys=0.00, real=0.01 secs] 
2016-09-25T23:10:48.259-0400: 37.051: [GC (GCLocker Initiated GC) [PSYoungGen: 139094K->75298K(175104K)] 467345K->408247K(699392K), 0.0096857 secs] [Times: user=0.07 sys=0.00, real=0.01 secs] 
2016-09-25T23:10:48.323-0400: 37.114: [GC (Allocation Failure) [PSYoungGen: 163362K->67118K(175104K)] 499178K->435954K(699392K), 0.0098432 secs] [Times: user=0.10 sys=0.01, real=0.00 secs] 
2016-09-25T23:10:48.374-0400: 37.166: [GC (GCLocker Initiated GC) [PSYoungGen: 155154K->76706K(175104K)] 524364K->454505K(699392K), 0.0120843 secs] [Times: user=0.14 sys=0.01, real=0.01 secs] 
2016-09-25T23:10:48.431-0400: 37.222: [GC (GCLocker Initiated GC) [PSYoungGen: 164770K->48186K(175104K)] 550784K->440197K(699392K), 0.0067572 secs] [Times: user=0.07 sys=0.00, real=0.01 secs] 
2016-09-25T23:10:48.482-0400: 37.274: [GC (GCLocker Initiated GC) [PSYoungGen: 136250K->67177K(175104K)] 535193K->500415K(699392K), 0.0081315 secs] [Times: user=0.10 sys=0.02, real=0.00 secs] 
2016-09-25T23:10:48.525-0400: 37.317: [GC (GCLocker Initiated GC) [PSYoungGen: 155241K->78058K(175104K)] 595447K->537672K(699392K), 0.0074027 secs] [Times: user=0.11 sys=0.00, real=0.00 secs] 
2016-09-25T23:10:48.589-0400: 37.380: [GC (GCLocker Initiated GC) [PSYoungGen: 166122K->53655K(175104K)] 637193K->538834K(699392K), 0.0073140 secs] [Times: user=0.06 sys=0.00, real=0.01 secs] 
2016-09-25T23:10:48.596-0400: 37.388: [Full GC (Ergonomics) [PSYoungGen: 53655K->0K(175104K)] [ParOldGen: 485179K->210865K(524288K)] 538834K->210865K(699392K), [Metaspace: 43658K->43658K(1087488K)], 0.0593362 secs] [Times: user=0.36 sys=0.01, real=0.06 secs] 
2016-09-25T23:10:48.703-0400: 37.494: [GC (GCLocker Initiated GC) [PSYoungGen: 88064K->79509K(175104K)] 309799K->301245K(699392K), 0.0094908 secs] [Times: user=0.14 sys=0.00, real=0.00 secs] 
2016-09-25T23:10:48.750-0400: 37.542: [GC (GCLocker Initiated GC) [PSYoungGen: 167573K->84569K(175104K)] 392192K->327527K(699392K), 0.0104439 secs] [Times: user=0.11 sys=0.00, real=0.01 secs] 
2016-09-25T23:10:48.808-0400: 37.600: [GC (GCLocker Initiated GC) [PSYoungGen: 172633K->41449K(175104K)] 421144K->332315K(699392K), 0.0101433 secs] [Times: user=0.14 sys=0.00, real=0.01 secs] 
2016-09-25T23:10:48.853-0400: 37.644: [GC (GCLocker Initiated GC) [PSYoungGen: 129513K->65970K(175104K)] 421895K->383122K(699392K), 0.0109290 secs] [Times: user=0.12 sys=0.00, real=0.02 secs] 
2016-09-25T23:10:48.908-0400: 37.700: [GC (GCLocker Initiated GC) [PSYoungGen: 154034K->58940K(175104K)] 475470K->413574K(699392K), 0.0271222 secs] [Times: user=0.37 sys=0.00, real=0.03 secs] 
2016-09-25T23:10:48.971-0400: 37.763: [GC (GCLocker Initiated GC) [PSYoungGen: 147004K->67099K(175104K)] 501881K->433278K(699392K), 0.0065530 secs] [Times: user=0.06 sys=0.01, real=0.01 secs] 
2016-09-25T23:10:49.013-0400: 37.804: [GC (GCLocker Initiated GC) [PSYoungGen: 155163K->56359K(175104K)] 528329K->465151K(699392K), 0.0072985 secs] [Times: user=0.09 sys=0.00, real=0.01 secs] 
2016-09-25T23:10:49.070-0400: 37.862: [GC (GCLocker Initiated GC) [PSYoungGen: 144423K->85997K(175104K)] 558721K->517143K(699392K), 0.0097531 secs] [Times: user=0.15 sys=0.00, real=0.01 secs] 
2016-09-25T23:10:49.120-0400: 37.912: [GC (GCLocker Initiated GC) [PSYoungGen: 174061K->60333K(175104K)] 605347K->509664K(699392K), 0.0093340 secs] [Times: user=0.14 sys=0.01, real=0.01 secs] 
2016-09-25T23:10:49.169-0400: 37.961: [GC (GCLocker Initiated GC) [PSYoungGen: 148397K->50885K(175104K)] 599371K->532040K(699392K), 0.0065147 secs] [Times: user=0.08 sys=0.00, real=0.01 secs] 
2016-09-25T23:10:49.176-0400: 37.968: [Full GC (Ergonomics) [PSYoungGen: 50885K->0K(175104K)] [ParOldGen: 481155K->212837K(524288K)] 532040K->212837K(699392K), [Metaspace: 43658K->43658K(1087488K)], 0.0540974 secs] [Times: user=0.43 sys=0.00, real=0.05 secs] 
2016-09-25T23:10:49.274-0400: 38.066: [GC (GCLocker Initiated GC) [PSYoungGen: 88064K->63437K(175104K)] 305489K->280862K(699392K), 0.0062890 secs] [Times: user=0.07 sys=0.00, real=0.01 secs] 
2016-09-25T23:10:49.310-0400: 38.101: [GC (GCLocker Initiated GC) [PSYoungGen: 151501K->75224K(175104K)] 369200K->324814K(699392K), 0.0101919 secs] [Times: user=0.11 sys=0.00, real=0.01 secs] 
2016-09-25T23:10:49.378-0400: 38.170: [GC (GCLocker Initiated GC) [PSYoungGen: 163288K->52320K(175104K)] 422431K->361983K(699392K), 0.0076059 secs] [Times: user=0.09 sys=0.00, real=0.01 secs] 
2016-09-25T23:10:52.202-0400: 40.993: [GC (GCLocker Initiated GC) [PSYoungGen: 140384K->42936K(175104K)] 461070K->383034K(699392K), 0.0151628 secs] [Times: user=0.10 sys=0.01, real=0.02 secs] 
2016-09-25T23:10:52.272-0400: 41.064: [GC (GCLocker Initiated GC) [PSYoungGen: 131000K->61689K(175104K)] 476613K->421461K(699392K), 0.0068485 secs] [Times: user=0.08 sys=0.01, real=0.01 secs] 
2016-09-25T23:10:52.333-0400: 41.125: [GC (GCLocker Initiated GC) [PSYoungGen: 149753K->64604K(175104K)] 519132K->469574K(699392K), 0.0076849 secs] [Times: user=0.11 sys=0.00, real=0.01 secs] 
2016-09-25T23:10:52.398-0400: 41.190: [GC (GCLocker Initiated GC) [PSYoungGen: 152668K->68592K(175104K)] 566549K->511454K(699392K), 0.0098550 secs] [Times: user=0.10 sys=0.01, real=0.01 secs] 
2016-09-25T23:10:52.470-0400: 41.262: [GC (GCLocker Initiated GC) [PSYoungGen: 156656K->69782K(175104K)] 602370K->532252K(699392K), 0.0096114 secs] [Times: user=0.14 sys=0.00, real=0.01 secs] 
2016-09-25T23:10:52.518-0400: 41.310: [GC (GCLocker Initiated GC) [PSYoungGen: 157846K->83410K(175104K)] 621728K->555720K(699392K), 0.0106083 secs] [Times: user=0.11 sys=0.00, real=0.01 secs] 
2016-09-25T23:10:52.529-0400: 41.321: [Full GC (Ergonomics) [PSYoungGen: 83410K->0K(175104K)] [ParOldGen: 472309K->215889K(524288K)] 555720K->215889K(699392K), [Metaspace: 43664K->43664K(1087488K)], 0.0774713 secs] [Times: user=0.53 sys=0.01, real=0.08 secs] 
2016-09-25T23:10:52.651-0400: 41.443: [GC (GCLocker Initiated GC) [PSYoungGen: 88064K->80872K(175104K)] 306907K->299716K(699392K), 0.0069405 secs] [Times: user=0.10 sys=0.00, real=0.01 secs] 
2016-09-25T23:10:52.717-0400: 41.509: [GC (GCLocker Initiated GC) [PSYoungGen: 168936K->67236K(175104K)] 406860K->316661K(699392K), 0.0066402 secs] [Times: user=0.08 sys=0.01, real=0.01 secs] 
2016-09-25T23:10:52.772-0400: 41.564: [GC (GCLocker Initiated GC) [PSYoungGen: 155300K->60346K(175104K)] 407490K->329326K(699392K), 0.0096481 secs] [Times: user=0.14 sys=0.00, real=0.01 secs] 
2016-09-25T23:10:52.831-0400: 41.623: [GC (GCLocker Initiated GC) [PSYoungGen: 148410K->77909K(175104K)] 423590K->363002K(699392K), 0.0072808 secs] [Times: user=0.09 sys=0.01, real=0.01 secs] 
2016-09-25T23:10:52.879-0400: 41.670: [GC (GCLocker Initiated GC) [PSYoungGen: 165973K->79387K(175104K)] 455210K->382591K(699392K), 0.0080060 secs] [Times: user=0.09 sys=0.00, real=0.01 secs] 
2016-09-25T23:10:52.941-0400: 41.732: [GC (GCLocker Initiated GC) [PSYoungGen: 167451K->49510K(175104K)] 474823K->383079K(699392K), 0.0100052 secs] [Times: user=0.10 sys=0.01, real=0.01 secs] 
2016-09-25T23:10:53.003-0400: 41.794: [GC (GCLocker Initiated GC) [PSYoungGen: 137574K->64338K(175104K)] 476791K->440543K(699392K), 0.0101168 secs] [Times: user=0.11 sys=0.00, real=0.00 secs] 
2016-09-25T23:10:53.059-0400: 41.851: [GC (GCLocker Initiated GC) [PSYoungGen: 152402K->74000K(175104K)] 531426K->462874K(699392K), 0.0092804 secs] [Times: user=0.14 sys=0.00, real=0.01 secs] 
2016-09-25T23:10:53.112-0400: 41.903: [GC (GCLocker Initiated GC) [PSYoungGen: 162064K->80577K(175104K)] 551058K->495822K(699392K), 0.0078033 secs] [Times: user=0.09 sys=0.00, real=0.01 secs] 
2016-09-25T23:10:53.167-0400: 41.959: [GC (GCLocker Initiated GC) [PSYoungGen: 168641K->65849K(175104K)] 588020K->503236K(699392K), 0.0074486 secs] [Times: user=0.09 sys=0.00, real=0.01 secs] 
2016-09-25T23:10:53.222-0400: 42.014: [GC (GCLocker Initiated GC) [PSYoungGen: 153913K->60404K(175104K)] 599925K->547545K(699392K), 0.0118022 secs] [Times: user=0.11 sys=0.01, real=0.01 secs] 
2016-09-25T23:10:53.234-0400: 42.026: [Full GC (Ergonomics) [PSYoungGen: 60404K->0K(175104K)] [ParOldGen: 487140K->223358K(524288K)] 547545K->223358K(699392K), [Metaspace: 43664K->43664K(1087488K)], 0.0549963 secs] [Times: user=0.46 sys=0.00, real=0.05 secs] 
2016-09-25T23:10:53.336-0400: 42.128: [GC (GCLocker Initiated GC) [PSYoungGen: 88064K->72702K(175104K)] 315620K->300258K(699392K), 0.0084281 secs] [Times: user=0.07 sys=0.00, real=0.01 secs] 
2016-09-25T23:10:53.392-0400: 42.184: [GC (GCLocker Initiated GC) [PSYoungGen: 160766K->73968K(175104K)] 395188K->337424K(699392K), 0.0091033 secs] [Times: user=0.10 sys=0.00, real=0.01 secs] 
2016-09-25T23:10:53.443-0400: 42.235: [GC (GCLocker Initiated GC) [PSYoungGen: 162032K->64531K(175104K)] 430941K->371828K(699392K), 0.0074583 secs] [Times: user=0.10 sys=0.00, real=0.00 secs] 
2016-09-25T23:10:53.499-0400: 42.291: [GC (GCLocker Initiated GC) [PSYoungGen: 152595K->45573K(175104K)] 469602K->384773K(699392K), 0.0062792 secs] [Times: user=0.08 sys=0.00, real=0.01 secs] 
2016-09-25T23:10:53.552-0400: 42.343: [GC (GCLocker Initiated GC) [PSYoungGen: 133637K->72349K(175104K)] 473042K->418980K(699392K), 0.0122952 secs] [Times: user=0.11 sys=0.01, real=0.02 secs] 
2016-09-25T23:10:53.594-0400: 42.385: [GC (GCLocker Initiated GC) [PSYoungGen: 160413K->61741K(175104K)] 507220K->435999K(699392K), 0.0065879 secs] [Times: user=0.08 sys=0.01, real=0.01 secs] 
2016-09-25T23:10:53.647-0400: 42.439: [GC (GCLocker Initiated GC) [PSYoungGen: 149805K->71204K(175104K)] 526910K->475841K(699392K), 0.0095471 secs] [Times: user=0.10 sys=0.00, real=0.01 secs] 
2016-09-25T23:10:53.693-0400: 42.484: [GC (GCLocker Initiated GC) [PSYoungGen: 159268K->68568K(175104K)] 569505K->506384K(699392K), 0.0072267 secs] [Times: user=0.10 sys=0.00, real=0.01 secs] 
2016-09-25T23:10:53.742-0400: 42.534: [GC (GCLocker Initiated GC) [PSYoungGen: 156632K->76634K(175104K)] 597279K->530059K(699392K), 0.0069104 secs] [Times: user=0.09 sys=0.01, real=0.00 secs] 
2016-09-25T23:10:53.798-0400: 42.590: [GC (GCLocker Initiated GC) [PSYoungGen: 164698K->60415K(175104K)] 630190K->550729K(699392K), 0.0068099 secs] [Times: user=0.09 sys=0.00, real=0.01 secs] 
2016-09-25T23:10:53.805-0400: 42.597: [Full GC (Ergonomics) [PSYoungGen: 60415K->0K(175104K)] [ParOldGen: 490313K->229445K(524288K)] 550729K->229445K(699392K), [Metaspace: 43665K->43665K(1087488K)], 0.0677148 secs] [Times: user=0.52 sys=0.00, real=0.06 secs] 
2016-09-25T23:10:53.916-0400: 42.708: [GC (GCLocker Initiated GC) [PSYoungGen: 88064K->79483K(175104K)] 324384K->315804K(699392K), 0.0068236 secs] [Times: user=0.09 sys=0.00, real=0.01 secs] 
2016-09-25T23:10:53.967-0400: 42.759: [GC (GCLocker Initiated GC) [PSYoungGen: 167547K->64419K(175104K)] 409530K->342253K(699392K), 0.0079026 secs] [Times: user=0.10 sys=0.01, real=0.01 secs] 
2016-09-25T23:10:54.018-0400: 42.810: [GC (GCLocker Initiated GC) [PSYoungGen: 152483K->37356K(175104K)] 430515K->354943K(699392K), 0.0097528 secs] [Times: user=0.07 sys=0.00, real=0.01 secs] 
2016-09-25T23:10:54.062-0400: 42.853: [GC (GCLocker Initiated GC) [PSYoungGen: 125420K->60345K(175104K)] 443067K->406788K(699392K), 0.0083450 secs] [Times: user=0.13 sys=0.00, real=0.01 secs] 
2016-09-25T23:10:54.107-0400: 42.899: [GC (GCLocker Initiated GC) [PSYoungGen: 148409K->74053K(175104K)] 499158K->448245K(699392K), 0.0155316 secs] [Times: user=0.24 sys=0.01, real=0.02 secs] 
2016-09-25T23:10:54.171-0400: 42.963: [GC (GCLocker Initiated GC) [PSYoungGen: 162117K->71094K(175104K)] 544316K->463456K(699392K), 0.0068481 secs] [Times: user=0.08 sys=0.01, real=0.01 secs] 
2016-09-25T23:10:54.220-0400: 43.012: [GC (GCLocker Initiated GC) [PSYoungGen: 159158K->83217K(175104K)] 551614K->492336K(699392K), 0.0068390 secs] [Times: user=0.10 sys=0.01, real=0.01 secs] 
2016-09-25T23:10:54.259-0400: 43.051: [GC (GCLocker Initiated GC) [PSYoungGen: 171281K->76752K(175104K)] 581843K->514680K(699392K), 0.0195080 secs] [Times: user=0.28 sys=0.01, real=0.02 secs] 
2016-09-25T23:10:54.331-0400: 43.123: [GC (GCLocker Initiated GC) [PSYoungGen: 164816K->40118K(175104K)] 617824K->523462K(699392K), 0.0076058 secs] [Times: user=0.08 sys=0.01, real=0.01 secs] 
2016-09-25T23:10:54.339-0400: 43.131: [Full GC (Ergonomics) [PSYoungGen: 40118K->0K(175104K)] [ParOldGen: 483343K->230646K(524288K)] 523462K->230646K(699392K), [Metaspace: 43665K->43665K(1087488K)], 0.0567423 secs] [Times: user=0.44 sys=0.00, real=0.06 secs] 
2016-09-25T23:10:54.439-0400: 43.230: [GC (GCLocker Initiated GC) [PSYoungGen: 88064K->75354K(175104K)] 318768K->306058K(699392K), 0.0079811 secs] [Times: user=0.09 sys=0.01, real=0.01 secs] 
2016-09-25T23:10:54.486-0400: 43.277: [GC (GCLocker Initiated GC) [PSYoungGen: 163418K->75294K(175104K)] 399792K->332545K(699392K), 0.0073637 secs] [Times: user=0.09 sys=0.00, real=0.00 secs] 
2016-09-25T23:10:54.535-0400: 43.327: [GC (GCLocker Initiated GC) [PSYoungGen: 163358K->41413K(175104K)] 427553K->319633K(699392K), 0.0099319 secs] [Times: user=0.10 sys=0.00, real=0.01 secs] 
2016-09-25T23:10:54.589-0400: 43.380: [GC (GCLocker Initiated GC) [PSYoungGen: 129477K->64468K(175104K)] 415999K->355641K(699392K), 0.0058689 secs] [Times: user=0.08 sys=0.00, real=0.01 secs] 
2016-09-25T23:10:54.641-0400: 43.433: [GC (GCLocker Initiated GC) [PSYoungGen: 152532K->75357K(175104K)] 445294K->394283K(699392K), 0.0075333 secs] [Times: user=0.12 sys=0.00, real=0.01 secs] 
2016-09-25T23:10:54.689-0400: 43.481: [GC (GCLocker Initiated GC) [PSYoungGen: 163421K->49254K(175104K)] 485244K->389211K(699392K), 0.0078154 secs] [Times: user=0.06 sys=0.00, real=0.01 secs] 
2016-09-25T23:10:54.738-0400: 43.530: [GC (GCLocker Initiated GC) [PSYoungGen: 137318K->86062K(175104K)] 477379K->450829K(699392K), 0.0117079 secs] [Times: user=0.10 sys=0.01, real=0.01 secs] 
2016-09-25T23:10:54.791-0400: 43.583: [GC (GCLocker Initiated GC) [PSYoungGen: 174126K->42655K(175104K)] 547239K->440599K(699392K), 0.0087180 secs] [Times: user=0.07 sys=0.00, real=0.01 secs] 
2016-09-25T23:10:54.845-0400: 43.637: [GC (GCLocker Initiated GC) [PSYoungGen: 130719K->58943K(175104K)] 528790K->477841K(699392K), 0.0148965 secs] [Times: user=0.19 sys=0.00, real=0.01 secs] 
2016-09-25T23:10:55.649-0400: 44.441: [GC (GCLocker Initiated GC) [PSYoungGen: 147007K->34587K(175104K)] 567293K->499916K(699392K), 0.0094886 secs] [Times: user=0.10 sys=0.00, real=0.01 secs] 
2016-09-25T23:10:55.693-0400: 44.484: [GC (GCLocker Initiated GC) [PSYoungGen: 122651K->69967K(175104K)] 590829K->560322K(699392K), 0.0082997 secs] [Times: user=0.09 sys=0.00, real=0.01 secs] 
2016-09-25T23:10:55.701-0400: 44.493: [Full GC (Ergonomics) [PSYoungGen: 69967K->0K(175104K)] [ParOldGen: 490355K->234025K(524288K)] 560322K->234025K(699392K), [Metaspace: 43665K->43665K(1087488K)], 0.0626519 secs] [Times: user=0.41 sys=0.01, real=0.07 secs] 
2016-09-25T23:10:55.828-0400: 44.620: [GC (GCLocker Initiated GC) [PSYoungGen: 88064K->67340K(175104K)] 322144K->301420K(699392K), 0.0123258 secs] [Times: user=0.12 sys=0.01, real=0.01 secs] 
2016-09-25T23:10:55.893-0400: 44.684: [GC (GCLocker Initiated GC) [PSYoungGen: 155404K->46834K(175104K)] 393650K->298080K(699392K), 0.0140158 secs] [Times: user=0.16 sys=0.01, real=0.02 secs] 
2016-09-25T23:10:55.938-0400: 44.730: [GC (GCLocker Initiated GC) [PSYoungGen: 134898K->73823K(175104K)] 388998K->342001K(699392K), 0.0086271 secs] [Times: user=0.08 sys=0.00, real=0.01 secs] 
2016-09-25T23:10:55.979-0400: 44.770: [GC (GCLocker Initiated GC) [PSYoungGen: 161887K->84807K(175104K)] 434286K->376633K(699392K), 0.0110109 secs] [Times: user=0.13 sys=0.01, real=0.01 secs] 
2016-09-25T23:10:56.053-0400: 44.844: [GC (GCLocker Initiated GC) [PSYoungGen: 172871K->45560K(175104K)] 476940K->382624K(699392K), 0.0127699 secs] [Times: user=0.12 sys=0.01, real=0.02 secs] 
2016-09-25T23:10:56.111-0400: 44.903: [GC (GCLocker Initiated GC) [PSYoungGen: 133624K->79287K(175104K)] 470867K->444061K(699392K), 0.0114184 secs] [Times: user=0.14 sys=0.00, real=0.02 secs] 
2016-09-25T23:10:56.160-0400: 44.952: [GC (GCLocker Initiated GC) [PSYoungGen: 167351K->72581K(175104K)] 537721K->462306K(699392K), 0.0160774 secs] [Times: user=0.19 sys=0.00, real=0.02 secs] 
2016-09-25T23:10:56.209-0400: 45.000: [GC (GCLocker Initiated GC) [PSYoungGen: 160645K->67137K(175104K)] 553190K->485939K(699392K), 0.0069284 secs] [Times: user=0.10 sys=0.00, real=0.01 secs] 
2016-09-25T23:10:56.263-0400: 45.055: [GC (GCLocker Initiated GC) [PSYoungGen: 155201K->75433K(175104K)] 586410K->516599K(699392K), 0.0107245 secs] [Times: user=0.15 sys=0.01, real=0.00 secs] 
2016-09-25T23:10:56.337-0400: 45.128: [GC (GCLocker Initiated GC) [PSYoungGen: 163497K->75079K(175104K)] 604797K->521067K(699392K), 0.0107768 secs] [Times: user=0.13 sys=0.01, real=0.01 secs] 
2016-09-25T23:10:56.398-0400: 45.190: [GC (GCLocker Initiated GC) [PSYoungGen: 163143K->71027K(175104K)] 614718K->540545K(699392K), 0.0070572 secs] [Times: user=0.10 sys=0.00, real=0.01 secs] 
2016-09-25T23:10:56.439-0400: 45.231: [GC (GCLocker Initiated GC) [PSYoungGen: 159091K->61814K(175104K)] 631342K->573650K(699392K), 0.0072790 secs] [Times: user=0.10 sys=0.00, real=0.01 secs] 
2016-09-25T23:10:56.447-0400: 45.238: [Full GC (Ergonomics) [PSYoungGen: 61814K->0K(175104K)] [ParOldGen: 511835K->227360K(524288K)] 573650K->227360K(699392K), [Metaspace: 43673K->43673K(1087488K)], 0.1735002 secs] [Times: user=2.17 sys=0.03, real=0.17 secs] 
2016-09-25T23:10:56.659-0400: 45.451: [GC (GCLocker Initiated GC) [PSYoungGen: 88064K->66056K(175104K)] 320879K->298871K(699392K), 0.0056752 secs] [Times: user=0.07 sys=0.00, real=0.01 secs] 
2016-09-25T23:10:56.710-0400: 45.501: [GC (GCLocker Initiated GC) [PSYoungGen: 154120K->84701K(175104K)] 387041K->331958K(699392K), 0.0117242 secs] [Times: user=0.15 sys=0.00, real=0.01 secs] 
2016-09-25T23:10:56.784-0400: 45.575: [GC (GCLocker Initiated GC) [PSYoungGen: 172765K->56242K(175104K)] 420104K->332428K(699392K), 0.0174103 secs] [Times: user=0.23 sys=0.00, real=0.01 secs] 
2016-09-25T23:10:56.838-0400: 45.629: [GC (GCLocker Initiated GC) [PSYoungGen: 144306K->61674K(175104K)] 420700K->361486K(699392K), 0.0066363 secs] [Times: user=0.09 sys=0.00, real=0.01 secs] 
2016-09-25T23:10:56.873-0400: 45.665: [GC (GCLocker Initiated GC) [PSYoungGen: 149738K->60313K(175104K)] 453852K->408115K(699392K), 0.0075538 secs] [Times: user=0.12 sys=0.00, real=0.01 secs] 
2016-09-25T23:10:56.913-0400: 45.705: [GC (GCLocker Initiated GC) [PSYoungGen: 148377K->60293K(175104K)] 501833K->447948K(699392K), 0.0106769 secs] [Times: user=0.16 sys=0.00, real=0.02 secs] 
2016-09-25T23:10:56.989-0400: 45.781: [GC (GCLocker Initiated GC) [PSYoungGen: 148357K->59115K(175104K)] 544192K->474335K(699392K), 0.0080395 secs] [Times: user=0.12 sys=0.00, real=0.01 secs] 
2016-09-25T23:10:57.049-0400: 45.840: [GC (GCLocker Initiated GC) [PSYoungGen: 147179K->61740K(175104K)] 562484K->508684K(699392K), 0.0103687 secs] [Times: user=0.15 sys=0.00, real=0.01 secs] 
2016-09-25T23:10:57.092-0400: 45.883: [GC (GCLocker Initiated GC) [PSYoungGen: 149804K->76634K(175104K)] 596781K->563327K(699392K), 0.0115288 secs] [Times: user=0.17 sys=0.00, real=0.02 secs] 
2016-09-25T23:10:57.103-0400: 45.895: [Full GC (Ergonomics) [PSYoungGen: 76634K->0K(175104K)] [ParOldGen: 486693K->227436K(524288K)] 563327K->227436K(699392K), [Metaspace: 43675K->43675K(1087488K)], 0.0524243 secs] [Times: user=0.43 sys=0.01, real=0.05 secs] 
2016-09-25T23:10:57.221-0400: 46.012: [GC (GCLocker Initiated GC) [PSYoungGen: 88064K->59340K(175104K)] 320939K->292215K(699392K), 0.0097991 secs] [Times: user=0.13 sys=0.00, real=0.01 secs] 
2016-09-25T23:10:57.278-0400: 46.069: [GC (GCLocker Initiated GC) [PSYoungGen: 147404K->73967K(175104K)] 380455K->328130K(699392K), 0.0076271 secs] [Times: user=0.10 sys=0.00, real=0.01 secs] 
2016-09-25T23:10:57.327-0400: 46.119: [GC (GCLocker Initiated GC) [PSYoungGen: 162031K->53620K(175104K)] 424472K->345042K(699392K), 0.0086244 secs] [Times: user=0.11 sys=0.01, real=0.01 secs] 
2016-09-25T23:10:57.372-0400: 46.164: [GC (GCLocker Initiated GC) [PSYoungGen: 141684K->67141K(175104K)] 433305K->383572K(699392K), 0.0094316 secs] [Times: user=0.13 sys=0.00, real=0.01 secs] 
2016-09-25T23:10:57.425-0400: 46.217: [GC (GCLocker Initiated GC) [PSYoungGen: 155205K->57734K(175104K)] 475913K->408690K(699392K), 0.0118108 secs] [Times: user=0.10 sys=0.02, real=0.01 secs] 
2016-09-25T23:10:57.490-0400: 46.281: [GC (GCLocker Initiated GC) [PSYoungGen: 145798K->71299K(175104K)] 502280K->445917K(699392K), 0.0107834 secs] [Times: user=0.15 sys=0.01, real=0.01 secs] 
2016-09-25T23:10:57.564-0400: 46.356: [GC (GCLocker Initiated GC) [PSYoungGen: 159363K->67255K(173056K)] 547563K->468187K(697344K), 0.0100963 secs] [Times: user=0.09 sys=0.02, real=0.01 secs] 
2016-09-25T23:10:57.629-0400: 46.420: [GC (GCLocker Initiated GC) [PSYoungGen: 155319K->54883K(174080K)] 559157K->479543K(698368K), 0.0070141 secs] [Times: user=0.11 sys=0.00, real=0.01 secs] 
2016-09-25T23:10:57.659-0400: 46.451: [GC (GCLocker Initiated GC) [PSYoungGen: 142947K->84691K(173568K)] 570546K->522199K(697856K), 0.0070943 secs] [Times: user=0.10 sys=0.00, real=0.01 secs] 
2016-09-25T23:10:57.713-0400: 46.505: [GC (GCLocker Initiated GC) [PSYoungGen: 172755K->45554K(175104K)] 617277K->509479K(699392K), 0.0082578 secs] [Times: user=0.07 sys=0.00, real=0.01 secs] 
2016-09-25T23:10:57.755-0400: 46.547: [GC (GCLocker Initiated GC) [PSYoungGen: 133618K->72529K(175104K)] 597670K->545214K(699392K), 0.0066785 secs] [Times: user=0.05 sys=0.03, real=0.00 secs] 
2016-09-25T23:10:57.796-0400: 46.587: [GC (GCLocker Initiated GC) [PSYoungGen: 160593K->71249K(175104K)] 636071K->575568K(699392K), 0.0078179 secs] [Times: user=0.12 sys=0.00, real=0.01 secs] 
2016-09-25T23:10:57.804-0400: 46.595: [Full GC (Ergonomics) [PSYoungGen: 71249K->0K(175104K)] [ParOldGen: 504319K->225940K(524288K)] 575568K->225940K(699392K), [Metaspace: 43675K->43675K(1087488K)], 0.0640856 secs] [Times: user=0.32 sys=0.17, real=0.06 secs] 
2016-09-25T23:10:57.915-0400: 46.706: [GC (GCLocker Initiated GC) [PSYoungGen: 88064K->65812K(175104K)] 314104K->291852K(699392K), 0.0059635 secs] [Times: user=0.08 sys=0.01, real=0.00 secs] 
2016-09-25T23:10:57.961-0400: 46.753: [GC (GCLocker Initiated GC) [PSYoungGen: 153876K->71332K(175104K)] 382742K->323760K(699392K), 0.0076030 secs] [Times: user=0.10 sys=0.00, real=0.01 secs] 
2016-09-25T23:10:58.001-0400: 46.793: [GC (GCLocker Initiated GC) [PSYoungGen: 159396K->72433K(175104K)] 412062K->333855K(699392K), 0.0066719 secs] [Times: user=0.09 sys=0.00, real=0.01 secs] 
2016-09-25T23:10:58.043-0400: 46.835: [GC (GCLocker Initiated GC) [PSYoungGen: 160497K->78108K(175104K)] 430268K->359043K(699392K), 0.0119103 secs] [Times: user=0.12 sys=0.00, real=0.01 secs] 
2016-09-25T23:10:58.103-0400: 46.895: [GC (GCLocker Initiated GC) [PSYoungGen: 166172K->37077K(175104K)] 447216K->329495K(699392K), 0.0085379 secs] [Times: user=0.07 sys=0.01, real=0.00 secs] 
2016-09-25T23:10:58.147-0400: 46.939: [GC (GCLocker Initiated GC) [PSYoungGen: 125141K->68421K(175104K)] 423093K->388368K(699392K), 0.0194240 secs] [Times: user=0.26 sys=0.01, real=0.02 secs] 
2016-09-25T23:10:58.213-0400: 47.005: [GC (GCLocker Initiated GC) [PSYoungGen: 156485K->50839K(175104K)] 476510K->394344K(699392K), 0.0087882 secs] [Times: user=0.09 sys=0.00, real=0.01 secs] 
2016-09-25T23:10:58.261-0400: 47.053: [GC (GCLocker Initiated GC) [PSYoungGen: 138903K->53533K(175104K)] 485726K->430496K(699392K), 0.0070965 secs] [Times: user=0.10 sys=0.01, real=0.01 secs] 
2016-09-25T23:10:58.302-0400: 47.094: [GC (GCLocker Initiated GC) [PSYoungGen: 141597K->70022K(175104K)] 524136K->463787K(699392K), 0.0102844 secs] [Times: user=0.11 sys=0.02, real=0.00 secs] 
2016-09-25T23:10:58.358-0400: 47.149: [GC (GCLocker Initiated GC) [PSYoungGen: 158086K->56169K(175104K)] 554636K->480391K(699392K), 0.0106869 secs] [Times: user=0.08 sys=0.00, real=0.01 secs] 
2016-09-25T23:10:58.407-0400: 47.198: [GC (GCLocker Initiated GC) [PSYoungGen: 144233K->61627K(175104K)] 572612K->497071K(699392K), 0.0087716 secs] [Times: user=0.10 sys=0.00, real=0.01 secs] 
2016-09-25T23:10:58.458-0400: 47.249: [GC (GCLocker Initiated GC) [PSYoungGen: 149691K->57692K(145920K)] 587958K->508635K(670208K), 0.0094245 secs] [Times: user=0.08 sys=0.01, real=0.01 secs] 
2016-09-25T23:10:58.507-0400: 47.299: [GC (GCLocker Initiated GC) [PSYoungGen: 145756K->51051K(174080K)] 599586K->528315K(698368K), 0.0085695 secs] [Times: user=0.10 sys=0.00, real=0.01 secs] 
2016-09-25T23:10:58.560-0400: 47.351: [Full GC (Ergonomics) [PSYoungGen: 139627K->0K(174080K)] [ParOldGen: 486829K->235734K(524288K)] 626457K->235734K(698368K), [Metaspace: 43679K->43679K(1087488K)], 0.0494206 secs] [Times: user=0.43 sys=0.02, real=0.05 secs] 
2016-09-25T23:10:58.638-0400: 47.429: [GC (GCLocker Initiated GC) [PSYoungGen: 88576K->84917K(173568K)] 324423K->326164K(697856K), 0.0076712 secs] [Times: user=0.11 sys=0.01, real=0.01 secs] 
2016-09-25T23:10:58.685-0400: 47.477: [GC (GCLocker Initiated GC) [PSYoungGen: 173493K->60386K(175104K)] 417627K->328207K(699392K), 0.0077716 secs] [Times: user=0.07 sys=0.00, real=0.00 secs] 
2016-09-25T23:10:58.730-0400: 47.522: [GC (GCLocker Initiated GC) [PSYoungGen: 148450K->58946K(175104K)] 420368K->348895K(699392K), 0.0081582 secs] [Times: user=0.07 sys=0.01, real=0.01 secs] 
2016-09-25T23:10:58.778-0400: 47.570: [GC (GCLocker Initiated GC) [PSYoungGen: 147010K->45254K(175104K)] 439784K->350654K(699392K), 0.0135999 secs] [Times: user=0.10 sys=0.02, real=0.01 secs] 
2016-09-25T23:10:58.831-0400: 47.622: [GC (GCLocker Initiated GC) [PSYoungGen: 133318K->42839K(175104K)] 442459K->367266K(699392K), 0.0493766 secs] [Times: user=0.64 sys=0.05, real=0.05 secs] 
2016-09-25T23:10:58.932-0400: 47.724: [GC (GCLocker Initiated GC) [PSYoungGen: 130903K->64442K(175104K)] 463590K->422039K(699392K), 0.0072969 secs] [Times: user=0.12 sys=0.00, real=0.01 secs] 
2016-09-25T23:10:59.031-0400: 47.823: [GC (GCLocker Initiated GC) [PSYoungGen: 152506K->53667K(141824K)] 515573K->437513K(666112K), 0.0449788 secs] [Times: user=0.27 sys=0.04, real=0.05 secs] 
2016-09-25T23:10:59.124-0400: 47.916: [GC (GCLocker Initiated GC) [PSYoungGen: 141731K->56207K(175616K)] 537806K->471783K(699904K), 0.0452352 secs] [Times: user=0.42 sys=0.05, real=0.04 secs] 
2016-09-25T23:10:59.241-0400: 48.033: [GC (GCLocker Initiated GC) [PSYoungGen: 146319K->60296K(173568K)] 564718K->489940K(697856K), 0.0100899 secs] [Times: user=0.12 sys=0.01, real=0.01 secs] 
2016-09-25T23:10:59.306-0400: 48.097: [GC (GCLocker Initiated GC) [PSYoungGen: 150408K->75242K(170496K)] 580108K->524310K(694784K), 0.0138373 secs] [Times: user=0.15 sys=0.02, real=0.01 secs] 
2016-09-25T23:10:59.376-0400: 48.168: [GC (GCLocker Initiated GC) [PSYoungGen: 164330K->61844K(174592K)] 625126K->531260K(698880K), 0.0227894 secs] [Times: user=0.29 sys=0.00, real=0.02 secs] 
2016-09-25T23:10:59.444-0400: 48.235: [GC (GCLocker Initiated GC) [PSYoungGen: 150932K->45254K(175616K)] 629912K->531534K(699904K), 0.0189335 secs] [Times: user=0.14 sys=0.02, real=0.02 secs] 
2016-09-25T23:10:59.521-0400: 48.312: [GC (GCLocker Initiated GC) [PSYoungGen: 138438K->76605K(169984K)] 627560K->570204K(694272K), 0.0216437 secs] [Times: user=0.15 sys=0.04, real=0.03 secs] 
2016-09-25T23:10:59.542-0400: 48.334: [Full GC (Ergonomics) [PSYoungGen: 76605K->0K(169984K)] [ParOldGen: 493599K->242617K(524288K)] 570204K->242617K(694272K), [Metaspace: 43680K->43680K(1087488K)], 0.1157501 secs] [Times: user=1.44 sys=0.13, real=0.11 secs] 
2016-09-25T23:10:59.840-0400: 48.632: [GC (GCLocker Initiated GC) [PSYoungGen: 93184K->82402K(175104K)] 346688K->335906K(699392K), 0.0086071 secs] [Times: user=0.11 sys=0.01, real=0.01 secs] 
2016-09-25T23:10:59.911-0400: 48.703: [GC (GCLocker Initiated GC) [PSYoungGen: 170466K->49572K(175104K)] 428072K->335108K(699392K), 0.0205706 secs] [Times: user=0.34 sys=0.01, real=0.02 secs] 
2016-09-25T23:11:00.019-0400: 48.810: [GC (GCLocker Initiated GC) [PSYoungGen: 137636K->65677K(175104K)] 428703K->382886K(699392K), 0.0088287 secs] [Times: user=0.11 sys=0.01, real=0.01 secs] 
2016-09-25T23:11:00.114-0400: 48.906: [GC (GCLocker Initiated GC) [PSYoungGen: 153741K->58958K(175104K)] 470986K->411728K(699392K), 0.0087907 secs] [Times: user=0.11 sys=0.02, real=0.02 secs] 
2016-09-25T23:11:00.310-0400: 49.102: [GC (GCLocker Initiated GC) [PSYoungGen: 147022K->53450K(175104K)] 502543K->422959K(699392K), 0.0086177 secs] [Times: user=0.10 sys=0.01, real=0.01 secs] 
2016-09-25T23:11:00.408-0400: 49.200: [GC (GCLocker Initiated GC) [PSYoungGen: 141514K->38656K(175104K)] 528808K->441292K(699392K), 0.0076936 secs] [Times: user=0.09 sys=0.01, real=0.01 secs] 
2016-09-25T23:11:00.581-0400: 49.373: [GC (GCLocker Initiated GC) [PSYoungGen: 126720K->59239K(172032K)] 530868K->466643K(696320K), 0.0087998 secs] [Times: user=0.11 sys=0.02, real=0.01 secs] 
2016-09-25T23:11:00.637-0400: 49.428: [GC (GCLocker Initiated GC) [PSYoungGen: 147303K->45176K(173568K)] 556104K->468070K(697856K), 0.0149546 secs] [Times: user=0.21 sys=0.00, real=0.01 secs] 
2016-09-25T23:11:00.693-0400: 49.485: [GC (GCLocker Initiated GC) [PSYoungGen: 133240K->67250K(175616K)] 556260K->515016K(699904K), 0.0113935 secs] [Times: user=0.15 sys=0.00, real=0.02 secs] 
2016-09-25T23:11:00.745-0400: 49.537: [GC (GCLocker Initiated GC) [PSYoungGen: 157362K->52298K(142848K)] 612457K->528238K(667136K), 0.0081901 secs] [Times: user=0.11 sys=0.00, real=0.00 secs] 
2016-09-25T23:11:00.797-0400: 49.589: [GC (GCLocker Initiated GC) [PSYoungGen: 142410K->57425K(177664K)] 627842K->551603K(701952K), 0.0071510 secs] [Times: user=0.10 sys=0.00, real=0.01 secs] 
2016-09-25T23:11:00.805-0400: 49.596: [Full GC (Ergonomics) [PSYoungGen: 57425K->0K(177664K)] [ParOldGen: 494177K->237955K(524288K)] 551603K->237955K(701952K), [Metaspace: 43680K->43680K(1087488K)], 0.0511922 secs] [Times: user=0.59 sys=0.02, real=0.05 secs] 
2016-09-25T23:11:00.928-0400: 49.720: [GC (GCLocker Initiated GC) [PSYoungGen: 93184K->67597K(175104K)] 348839K->323253K(699392K), 0.0114765 secs] [Times: user=0.12 sys=0.04, real=0.01 secs] 
2016-09-25T23:11:01.081-0400: 49.872: [GC (GCLocker Initiated GC) [PSYoungGen: 160781K->58989K(177664K)] 430162K->329329K(701952K), 0.0106220 secs] [Times: user=0.12 sys=0.05, real=0.01 secs] 
2016-09-25T23:11:01.167-0400: 49.958: [GC (GCLocker Initiated GC) [PSYoungGen: 156269K->44160K(178176K)] 438873K->328566K(702464K), 0.0333355 secs] [Times: user=0.42 sys=0.09, real=0.03 secs] 
2016-09-25T23:11:01.262-0400: 50.054: [GC (GCLocker Initiated GC) [PSYoungGen: 141440K->46563K(179712K)] 435354K->354425K(704000K), 0.0086151 secs] [Times: user=0.08 sys=0.07, real=0.00 secs] 
2016-09-25T23:11:01.324-0400: 50.115: [GC (GCLocker Initiated GC) [PSYoungGen: 146403K->61550K(180224K)] 459829K->398245K(704512K), 0.0225060 secs] [Times: user=0.39 sys=0.05, real=0.02 secs] 
2016-09-25T23:11:01.417-0400: 50.208: [GC (GCLocker Initiated GC) [PSYoungGen: 161390K->62984K(181760K)] 500791K->425823K(706048K), 0.0110987 secs] [Times: user=0.11 sys=0.10, real=0.01 secs] 
2016-09-25T23:11:01.490-0400: 50.281: [GC (GCLocker Initiated GC) [PSYoungGen: 164360K->60364K(161792K)] 527394K->437350K(686080K), 0.0157289 secs] [Times: user=0.18 sys=0.08, real=0.02 secs] 
2016-09-25T23:11:01.571-0400: 50.363: [GC (GCLocker Initiated GC) [PSYoungGen: 161740K->48342K(180736K)] 545743K->451809K(705024K), 0.0221814 secs] [Times: user=0.35 sys=0.03, real=0.02 secs] 
2016-09-25T23:11:01.666-0400: 50.458: [GC (GCLocker Initiated GC) [PSYoungGen: 150230K->71228K(180224K)] 560594K->488954K(704512K), 0.0139119 secs] [Times: user=0.15 sys=0.02, real=0.01 secs] 
2016-09-25T23:11:01.733-0400: 50.525: [GC (GCLocker Initiated GC) [PSYoungGen: 173116K->52302K(181760K)] 601788K->489598K(706048K), 0.0076462 secs] [Times: user=0.09 sys=0.00, real=0.01 secs] 
2016-09-25T23:11:01.783-0400: 50.575: [GC (GCLocker Initiated GC) [PSYoungGen: 152142K->56335K(156672K)] 594132K->525911K(680960K), 0.0095598 secs] [Times: user=0.10 sys=0.00, real=0.00 secs] 
2016-09-25T23:11:01.828-0400: 50.620: [GC (GCLocker Initiated GC) [PSYoungGen: 156175K->76543K(173056K)] 625855K->562900K(697344K), 0.0080295 secs] [Times: user=0.12 sys=0.00, real=0.01 secs] 
2016-09-25T23:11:01.874-0400: 50.666: [Full GC (Ergonomics) [PSYoungGen: 171263K->0K(173056K)] [ParOldGen: 490671K->250848K(524288K)] 661934K->250848K(697344K), [Metaspace: 43694K->43694K(1087488K)], 0.0607730 secs] [Times: user=0.53 sys=0.03, real=0.06 secs] 
2016-09-25T23:11:01.981-0400: 50.773: [GC (GCLocker Initiated GC) [PSYoungGen: 94720K->71435K(166400K)] 346593K->323309K(690688K), 0.0064496 secs] [Times: user=0.09 sys=0.01, real=0.01 secs] 
2016-09-25T23:11:02.018-0400: 50.810: [GC (GCLocker Initiated GC) [PSYoungGen: 166155K->76667K(173568K)] 419603K->349805K(697856K), 0.0096591 secs] [Times: user=0.14 sys=0.00, real=0.01 secs] 
2016-09-25T23:11:02.067-0400: 50.859: [GC (GCLocker Initiated GC) [PSYoungGen: 164731K->63056K(175104K)] 439236K->359804K(699392K), 0.0074914 secs] [Times: user=0.11 sys=0.00, real=0.01 secs] 
2016-09-25T23:11:02.107-0400: 50.899: [GC (GCLocker Initiated GC) [PSYoungGen: 151120K->75205K(174592K)] 447968K->386050K(698880K), 0.0081761 secs] [Times: user=0.13 sys=0.00, real=0.01 secs] 
2016-09-25T23:11:02.165-0400: 50.957: [GC (GCLocker Initiated GC) [PSYoungGen: 163269K->63192K(175104K)] 480933K->397575K(699392K), 0.0103123 secs] [Times: user=0.15 sys=0.01, real=0.01 secs] 
2016-09-25T23:11:02.206-0400: 50.998: [GC (GCLocker Initiated GC) [PSYoungGen: 151256K->63133K(171008K)] 488570K->410497K(695296K), 0.0070330 secs] [Times: user=0.09 sys=0.00, real=0.00 secs] 
2016-09-25T23:11:02.249-0400: 51.041: [GC (GCLocker Initiated GC) [PSYoungGen: 151709K->64531K(173056K)] 507361K->445057K(697344K), 0.0096810 secs] [Times: user=0.10 sys=0.01, real=0.01 secs] 
2016-09-25T23:11:02.304-0400: 51.096: [GC (GCLocker Initiated GC) [PSYoungGen: 153107K->59010K(175616K)] 533683K->475219K(699904K), 0.0079309 secs] [Times: user=0.10 sys=0.00, real=0.00 secs] 
2016-09-25T23:11:02.354-0400: 51.146: [GC (GCLocker Initiated GC) [PSYoungGen: 154242K->73986K(176640K)] 573292K->519218K(700928K), 0.0151864 secs] [Times: user=0.16 sys=0.00, real=0.02 secs] 
2016-09-25T23:11:02.420-0400: 51.212: [GC (GCLocker Initiated GC) [PSYoungGen: 169218K->53695K(178688K)] 618559K->541442K(702976K), 0.0121596 secs] [Times: user=0.10 sys=0.00, real=0.01 secs] 
2016-09-25T23:11:02.433-0400: 51.224: [Full GC (Ergonomics) [PSYoungGen: 53695K->0K(178688K)] [ParOldGen: 487747K->248656K(524288K)] 541442K->248656K(702976K), [Metaspace: 43697K->43697K(1087488K)], 0.0594084 secs] [Times: user=0.50 sys=0.00, real=0.06 secs] 
2016-09-25T23:11:02.531-0400: 51.323: [GC (GCLocker Initiated GC) [PSYoungGen: 94720K->77003K(172032K)] 348962K->331245K(696320K), 0.0063168 secs] [Times: user=0.08 sys=0.00, real=0.01 secs] 
2016-09-25T23:11:02.591-0400: 51.383: [GC (GCLocker Initiated GC) [PSYoungGen: 171723K->64408K(177664K)] 426036K->348050K(701952K), 0.0097488 secs] [Times: user=0.16 sys=0.00, real=0.01 secs] 
2016-09-25T23:11:02.645-0400: 51.437: [GC (GCLocker Initiated GC) [PSYoungGen: 155544K->55109K(146432K)] 450201K->355616K(670720K), 0.0066792 secs] [Times: user=0.08 sys=0.01, real=0.00 secs] 
2016-09-25T23:11:02.687-0400: 51.479: [GC (GCLocker Initiated GC) [PSYoungGen: 146245K->69783K(174592K)] 452313K->387368K(698880K), 0.0100280 secs] [Times: user=0.12 sys=0.00, real=0.01 secs] 
2016-09-25T23:11:02.736-0400: 51.528: [GC (GCLocker Initiated GC) [PSYoungGen: 160407K->73978K(175104K)] 482153K->425909K(699392K), 0.0105239 secs] [Times: user=0.16 sys=0.00, real=0.01 secs] 
2016-09-25T23:11:02.788-0400: 51.580: [GC (GCLocker Initiated GC) [PSYoungGen: 164602K->71177K(176128K)] 526669K->445935K(700416K), 0.0112750 secs] [Times: user=0.17 sys=0.00, real=0.01 secs] 
2016-09-25T23:11:02.847-0400: 51.639: [GC (GCLocker Initiated GC) [PSYoungGen: 161289K->81860K(172032K)] 538825K->466659K(696320K), 0.0091072 secs] [Times: user=0.14 sys=0.00, real=0.01 secs] 
2016-09-25T23:11:02.892-0400: 51.684: [GC (GCLocker Initiated GC) [PSYoungGen: 171972K->69850K(175104K)] 562228K->496973K(699392K), 0.0099816 secs] [Times: user=0.16 sys=0.00, real=0.02 secs] 
2016-09-25T23:11:02.951-0400: 51.743: [GC (GCLocker Initiated GC) [PSYoungGen: 157914K->69866K(175104K)] 592307K->516896K(699392K), 0.0082203 secs] [Times: user=0.13 sys=0.00, real=0.01 secs] 
2016-09-25T23:11:03.000-0400: 51.791: [GC (GCLocker Initiated GC) [PSYoungGen: 157930K->72491K(175104K)] 605079K->536424K(699392K), 0.0095025 secs] [Times: user=0.12 sys=0.00, real=0.01 secs] 
2016-09-25T23:11:03.052-0400: 51.844: [GC (GCLocker Initiated GC) [PSYoungGen: 160555K->78095K(175104K)] 627280K->573667K(699392K), 0.0084048 secs] [Times: user=0.10 sys=0.00, real=0.01 secs] 
2016-09-25T23:11:03.061-0400: 51.853: [Full GC (Ergonomics) [PSYoungGen: 78095K->0K(175104K)] [ParOldGen: 495572K->257701K(524288K)] 573667K->257701K(699392K), [Metaspace: 43697K->43697K(1087488K)], 0.0543727 secs] [Times: user=0.42 sys=0.01, real=0.06 secs] 
2016-09-25T23:11:03.168-0400: 51.960: [GC (GCLocker Initiated GC) [PSYoungGen: 88064K->68839K(175104K)] 354009K->334784K(699392K), 0.0071879 secs] [Times: user=0.08 sys=0.00, real=0.01 secs] 
2016-09-25T23:11:03.218-0400: 52.010: [GC (GCLocker Initiated GC) [PSYoungGen: 156903K->60287K(175104K)] 428471K->346343K(699392K), 0.0093265 secs] [Times: user=0.09 sys=0.00, real=0.01 secs] 
2016-09-25T23:11:03.276-0400: 52.068: [GC (GCLocker Initiated GC) [PSYoungGen: 148351K->63176K(173056K)] 439993K->367448K(697344K), 0.0092017 secs] [Times: user=0.11 sys=0.00, real=0.01 secs] 
2016-09-25T23:11:03.327-0400: 52.119: [GC (GCLocker Initiated GC) [PSYoungGen: 151240K->75361K(174080K)] 461135K->408790K(698368K), 0.0080555 secs] [Times: user=0.11 sys=0.00, real=0.01 secs] 
2016-09-25T23:11:03.381-0400: 52.172: [GC (GCLocker Initiated GC) [PSYoungGen: 163425K->64496K(175104K)] 505929K->411599K(699392K), 0.0072210 secs] [Times: user=0.08 sys=0.00, real=0.01 secs] 
2016-09-25T23:11:03.431-0400: 52.223: [GC (GCLocker Initiated GC) [PSYoungGen: 153584K->69607K(158720K)] 500833K->437756K(683008K), 0.0073294 secs] [Times: user=0.07 sys=0.00, real=0.01 secs] 
2016-09-25T23:11:03.477-0400: 52.269: [GC (GCLocker Initiated GC) [PSYoungGen: 158695K->53645K(173568K)] 526905K->447843K(697856K), 0.0117404 secs] [Times: user=0.08 sys=0.01, real=0.01 secs] 
2016-09-25T23:11:03.528-0400: 52.320: [GC (GCLocker Initiated GC) [PSYoungGen: 142733K->83421K(174592K)] 542515K->489309K(698880K), 0.0085769 secs] [Times: user=0.12 sys=0.00, real=0.01 secs] 
2016-09-25T23:11:03.587-0400: 52.378: [GC (GCLocker Initiated GC) [PSYoungGen: 172509K->60398K(175104K)] 593463K->503503K(699392K), 0.0090461 secs] [Times: user=0.11 sys=0.00, real=0.01 secs] 
2016-09-25T23:11:03.644-0400: 52.435: [GC (GCLocker Initiated GC) [PSYoungGen: 148462K->68483K(175104K)] 594713K->526044K(699392K), 0.0069985 secs] [Times: user=0.10 sys=0.00, real=0.00 secs] 
2016-09-25T23:11:03.680-0400: 52.472: [GC (GCLocker Initiated GC) [PSYoungGen: 156547K->65818K(172032K)] 615581K->548349K(696320K), 0.0105756 secs] [Times: user=0.13 sys=0.02, real=0.01 secs] 
2016-09-25T23:11:03.736-0400: 52.528: [Full GC (Ergonomics) [PSYoungGen: 153882K->0K(172032K)] [ParOldGen: 485436K->258855K(524288K)] 639318K->258855K(696320K), [Metaspace: 43697K->43697K(1087488K)], 0.0671665 secs] [Times: user=0.48 sys=0.02, real=0.07 secs] 
2016-09-25T23:11:03.851-0400: 52.643: [GC (GCLocker Initiated GC) [PSYoungGen: 88064K->83546K(173568K)] 349737K->350619K(697856K), 0.0097041 secs] [Times: user=0.10 sys=0.01, real=0.01 secs] 
2016-09-25T23:11:03.901-0400: 52.693: [GC (GCLocker Initiated GC) [PSYoungGen: 171610K->56256K(175104K)] 449571K->347019K(699392K), 0.0073616 secs] [Times: user=0.07 sys=0.00, real=0.01 secs] 
2016-09-25T23:11:03.947-0400: 52.739: [GC (GCLocker Initiated GC) [PSYoungGen: 144320K->73771K(175104K)] 441004K->384509K(699392K), 0.0098170 secs] [Times: user=0.11 sys=0.01, real=0.01 secs] 
2016-09-25T23:11:03.993-0400: 52.785: [GC (GCLocker Initiated GC) [PSYoungGen: 161835K->64378K(175104K)] 475442K->417578K(699392K), 0.0082294 secs] [Times: user=0.12 sys=0.01, real=0.01 secs] 
2016-09-25T23:11:04.043-0400: 52.834: [GC (GCLocker Initiated GC) [PSYoungGen: 152442K->54973K(175104K)] 507055K->423542K(699392K), 0.0099552 secs] [Times: user=0.13 sys=0.00, real=0.00 secs] 
2016-09-25T23:11:04.090-0400: 52.881: [GC (GCLocker Initiated GC) [PSYoungGen: 143037K->72719K(175104K)] 514566K->458261K(699392K), 0.0152266 secs] [Times: user=0.20 sys=0.00, real=0.02 secs] 
2016-09-25T23:11:04.141-0400: 52.932: [GC (GCLocker Initiated GC) [PSYoungGen: 160783K->61745K(175104K)] 549155K->465612K(699392K), 0.0102224 secs] [Times: user=0.14 sys=0.01, real=0.01 secs] 
2016-09-25T23:11:04.204-0400: 52.995: [GC (GCLocker Initiated GC) [PSYoungGen: 149809K->58118K(175104K)] 560606K->501839K(699392K), 0.0119389 secs] [Times: user=0.18 sys=0.00, real=0.01 secs] 
2016-09-25T23:11:04.262-0400: 53.054: [GC (GCLocker Initiated GC) [PSYoungGen: 146182K->63155K(151552K)] 594075K->534909K(675840K), 0.0107619 secs] [Times: user=0.14 sys=0.01, real=0.00 secs] 
2016-09-25T23:11:04.317-0400: 53.108: [GC (GCLocker Initiated GC) [PSYoungGen: 151219K->60792K(174592K)] 628510K->548088K(698880K), 0.0101889 secs] [Times: user=0.07 sys=0.00, real=0.01 secs] 
2016-09-25T23:11:04.327-0400: 53.119: [Full GC (Ergonomics) [PSYoungGen: 60792K->0K(174592K)] [ParOldGen: 487296K->262098K(524288K)] 548088K->262098K(698880K), [Metaspace: 43697K->43697K(1087488K)], 0.0513593 secs] [Times: user=0.45 sys=0.00, real=0.05 secs] 
2016-09-25T23:11:04.423-0400: 53.215: [GC (GCLocker Initiated GC) [PSYoungGen: 89088K->69158K(173568K)] 355372K->335442K(697856K), 0.0062548 secs] [Times: user=0.09 sys=0.00, real=0.00 secs] 
2016-09-25T23:11:04.480-0400: 53.271: [GC (GCLocker Initiated GC) [PSYoungGen: 158246K->72671K(175616K)] 430028K->368606K(699904K), 0.0074535 secs] [Times: user=0.10 sys=0.01, real=0.01 secs] 
2016-09-25T23:11:04.533-0400: 53.325: [GC (GCLocker Initiated GC) [PSYoungGen: 164319K->68935K(176128K)] 469907K->412964K(700416K), 0.0106508 secs] [Times: user=0.14 sys=0.00, real=0.02 secs] 
2016-09-25T23:11:04.597-0400: 53.388: [GC (GCLocker Initiated GC) [PSYoungGen: 160583K->46913K(175104K)] 514369K->424564K(699392K), 0.0146223 secs] [Times: user=0.20 sys=0.00, real=0.01 secs] 
2016-09-25T23:11:04.652-0400: 53.444: [GC (GCLocker Initiated GC) [PSYoungGen: 138049K->83685K(175104K)] 515814K->474125K(699392K), 0.0104153 secs] [Times: user=0.15 sys=0.01, real=0.02 secs] 
2016-09-25T23:11:04.716-0400: 53.508: [GC (GCLocker Initiated GC) [PSYoungGen: 174821K->60644K(175104K)] 571849K->472032K(699392K), 0.0062107 secs] [Times: user=0.08 sys=0.00, real=0.01 secs] 
2016-09-25T23:11:04.770-0400: 53.561: [GC (GCLocker Initiated GC) [PSYoungGen: 148708K->50861K(175104K)] 562956K->495585K(699392K), 0.0070880 secs] [Times: user=0.09 sys=0.00, real=0.01 secs] 
2016-09-25T23:11:04.814-0400: 53.606: [GC (GCLocker Initiated GC) [PSYoungGen: 138925K->78357K(175104K)] 597247K->554716K(699392K), 0.0111194 secs] [Times: user=0.15 sys=0.00, real=0.01 secs] 
2016-09-25T23:11:04.878-0400: 53.670: [Full GC (Ergonomics) [PSYoungGen: 166421K->0K(175104K)] [ParOldGen: 482039K->259527K(524288K)] 648461K->259527K(699392K), [Metaspace: 43697K->43697K(1087488K)], 0.0553460 secs] [Times: user=0.49 sys=0.01, real=0.05 secs] 
2016-09-25T23:11:04.934-0400: 53.726: [GC (GCLocker Initiated GC) [PSYoungGen: 495K->224K(175104K)] 260022K->259751K(699392K), 0.0026150 secs] [Times: user=0.03 sys=0.00, real=0.00 secs] 
2016-09-25T23:11:04.970-0400: 53.762: [GC (GCLocker Initiated GC) [PSYoungGen: 87441K->83746K(175104K)] 349668K->345982K(699392K), 0.0109537 secs] [Times: user=0.11 sys=0.02, real=0.01 secs] 
2016-09-25T23:11:05.033-0400: 53.824: [GC (Allocation Failure) [PSYoungGen: 171810K->75879K(175104K)] 439642K->360882K(699392K), 0.0092539 secs] [Times: user=0.11 sys=0.01, real=0.01 secs] 
2016-09-25T23:11:05.094-0400: 53.885: [GC (GCLocker Initiated GC) [PSYoungGen: 163752K->60374K(175104K)] 454156K->377524K(699392K), 0.0097757 secs] [Times: user=0.15 sys=0.00, real=0.02 secs] 
2016-09-25T23:11:05.142-0400: 53.934: [GC (GCLocker Initiated GC) [PSYoungGen: 148438K->68792K(175104K)] 465737K->404167K(699392K), 0.0098394 secs] [Times: user=0.10 sys=0.00, real=0.00 secs] 
2016-09-25T23:11:05.196-0400: 53.987: [GC (GCLocker Initiated GC) [PSYoungGen: 156856K->58094K(175104K)] 495166K->429697K(699392K), 0.0093841 secs] [Times: user=0.11 sys=0.00, real=0.01 secs] 
2016-09-25T23:11:05.244-0400: 54.035: [GC (GCLocker Initiated GC) [PSYoungGen: 146158K->85285K(175104K)] 520598K->474195K(699392K), 0.0104173 secs] [Times: user=0.16 sys=0.00, real=0.01 secs] 
2016-09-25T23:11:05.306-0400: 54.098: [GC (GCLocker Initiated GC) [PSYoungGen: 173349K->55366K(175104K)] 574528K->484623K(699392K), 0.0097650 secs] [Times: user=0.15 sys=0.01, real=0.01 secs] 
2016-09-25T23:11:05.353-0400: 54.145: [GC (GCLocker Initiated GC) [PSYoungGen: 143430K->75386K(175104K)] 572738K->525874K(699392K), 0.0084416 secs] [Times: user=0.11 sys=0.00, real=0.01 secs] 
2016-09-25T23:11:05.404-0400: 54.195: [GC (GCLocker Initiated GC) [PSYoungGen: 163450K->64885K(175104K)] 614061K->537753K(699392K), 0.0113004 secs] [Times: user=0.11 sys=0.00, real=0.01 secs] 
2016-09-25T23:11:05.465-0400: 54.257: [GC (GCLocker Initiated GC) [PSYoungGen: 152949K->66416K(175104K)] 628582K->565974K(699392K), 0.0097787 secs] [Times: user=0.12 sys=0.01, real=0.01 secs] 
2016-09-25T23:11:05.475-0400: 54.267: [Full GC (Ergonomics) [PSYoungGen: 66416K->0K(175104K)] [ParOldGen: 499557K->274334K(524288K)] 565974K->274334K(699392K), [Metaspace: 43697K->43697K(1087488K)], 0.0691214 secs] [Times: user=0.47 sys=0.01, real=0.07 secs] 
2016-09-25T23:11:05.594-0400: 54.386: [GC (GCLocker Initiated GC) [PSYoungGen: 88064K->69602K(175104K)] 373260K->354799K(699392K), 0.0079188 secs] [Times: user=0.10 sys=0.00, real=0.01 secs] 
2016-09-25T23:11:05.630-0400: 54.422: [GC (GCLocker Initiated GC) [PSYoungGen: 157666K->59552K(175104K)] 445661K->385750K(699392K), 0.0090925 secs] [Times: user=0.09 sys=0.02, real=0.01 secs] 
2016-09-25T23:11:05.679-0400: 54.471: [GC (GCLocker Initiated GC) [PSYoungGen: 147616K->64653K(175104K)] 473959K->418922K(699392K), 0.0103663 secs] [Times: user=0.09 sys=0.00, real=0.01 secs] 
2016-09-25T23:11:05.754-0400: 54.546: [GC (GCLocker Initiated GC) [PSYoungGen: 152717K->44825K(175104K)] 512586K->433883K(699392K), 0.0126947 secs] [Times: user=0.12 sys=0.00, real=0.01 secs] 
2016-09-25T23:11:05.823-0400: 54.615: [GC (GCLocker Initiated GC) [PSYoungGen: 132889K->53819K(175104K)] 522070K->467103K(699392K), 0.0128438 secs] [Times: user=0.16 sys=0.01, real=0.01 secs] 
2016-09-25T23:11:05.874-0400: 54.666: [GC (GCLocker Initiated GC) [PSYoungGen: 141883K->74526K(175104K)] 560704K->517150K(699392K), 0.0099582 secs] [Times: user=0.15 sys=0.01, real=0.02 secs] 
2016-09-25T23:11:05.926-0400: 54.718: [GC (GCLocker Initiated GC) [PSYoungGen: 162590K->47296K(175104K)] 612249K->530541K(699392K), 0.0099796 secs] [Times: user=0.10 sys=0.00, real=0.01 secs] 
2016-09-25T23:11:05.936-0400: 54.728: [Full GC (Ergonomics) [PSYoungGen: 47296K->0K(175104K)] [ParOldGen: 483245K->267916K(524288K)] 530541K->267916K(699392K), [Metaspace: 43697K->43697K(1087488K)], 0.0839260 secs] [Times: user=0.69 sys=0.01, real=0.08 secs] 
2016-09-25T23:11:06.070-0400: 54.862: [GC (GCLocker Initiated GC) [PSYoungGen: 88064K->84197K(175104K)] 356151K->352285K(699392K), 0.0098333 secs] [Times: user=0.13 sys=0.00, real=0.01 secs] 
2016-09-25T23:11:06.116-0400: 54.908: [GC (GCLocker Initiated GC) [PSYoungGen: 172261K->58063K(175104K)] 440352K->365313K(699392K), 0.0076612 secs] [Times: user=0.11 sys=0.00, real=0.01 secs] 
2016-09-25T23:11:06.178-0400: 54.970: [GC (GCLocker Initiated GC) [PSYoungGen: 146127K->51448K(175104K)] 455113K->381591K(699392K), 0.0184276 secs] [Times: user=0.24 sys=0.00, real=0.02 secs] 
2016-09-25T23:11:06.257-0400: 55.048: [GC (GCLocker Initiated GC) [PSYoungGen: 139512K->72980K(175104K)] 473960K->423460K(699392K), 0.0116533 secs] [Times: user=0.17 sys=0.00, real=0.01 secs] 
2016-09-25T23:11:06.315-0400: 55.107: [GC (GCLocker Initiated GC) [PSYoungGen: 161044K->77197K(175104K)] 518459K->445004K(699392K), 0.0073189 secs] [Times: user=0.10 sys=0.00, real=0.01 secs] 
2016-09-25T23:11:06.381-0400: 55.173: [GC (GCLocker Initiated GC) [PSYoungGen: 165261K->75582K(175104K)] 538817K->455662K(699392K), 0.0122383 secs] [Times: user=0.18 sys=0.00, real=0.01 secs] 
2016-09-25T23:11:06.451-0400: 55.243: [GC (GCLocker Initiated GC) [PSYoungGen: 163646K->70056K(175104K)] 543879K->467284K(699392K), 0.0112480 secs] [Times: user=0.16 sys=0.00, real=0.02 secs] 
2016-09-25T23:11:06.506-0400: 55.298: [GC (GCLocker Initiated GC) [PSYoungGen: 158120K->45758K(175104K)] 558237K->466827K(699392K), 0.0072910 secs] [Times: user=0.06 sys=0.00, real=0.00 secs] 
2016-09-25T23:11:06.557-0400: 55.348: [GC (GCLocker Initiated GC) [PSYoungGen: 133822K->44761K(175104K)] 556421K->488470K(699392K), 0.0096570 secs] [Times: user=0.07 sys=0.00, real=0.01 secs] 
2016-09-25T23:11:06.639-0400: 55.431: [GC (GCLocker Initiated GC) [PSYoungGen: 132825K->60992K(175104K)] 586075K->541065K(699392K), 0.0097055 secs] [Times: user=0.13 sys=0.00, real=0.01 secs] 
2016-09-25T23:11:06.712-0400: 55.504: [Full GC (Ergonomics) [PSYoungGen: 149056K->0K(175104K)] [ParOldGen: 482827K->277451K(524288K)] 631884K->277451K(699392K), [Metaspace: 43697K->43697K(1087488K)], 0.0524587 secs] [Times: user=0.38 sys=0.00, real=0.06 secs] 
2016-09-25T23:11:06.802-0400: 55.593: [GC (GCLocker Initiated GC) [PSYoungGen: 88064K->85905K(175104K)] 368297K->370189K(699392K), 0.0137800 secs] [Times: user=0.17 sys=0.00, real=0.02 secs] 
2016-09-25T23:11:06.887-0400: 55.679: [GC (GCLocker Initiated GC) [PSYoungGen: 173969K->43183K(175104K)] 469087K->357620K(699392K), 0.0114909 secs] [Times: user=0.09 sys=0.00, real=0.01 secs] 
2016-09-25T23:11:06.955-0400: 55.747: [GC (GCLocker Initiated GC) [PSYoungGen: 131247K->75813K(175104K)] 452605K->410298K(699392K), 0.0074894 secs] [Times: user=0.11 sys=0.00, real=0.01 secs] 
2016-09-25T23:11:06.999-0400: 55.791: [GC (GCLocker Initiated GC) [PSYoungGen: 163877K->63508K(175104K)] 503980K->414104K(699392K), 0.0069035 secs] [Times: user=0.07 sys=0.00, real=0.01 secs] 
2016-09-25T23:11:07.047-0400: 55.839: [GC (GCLocker Initiated GC) [PSYoungGen: 151572K->61835K(175104K)] 506318K->440582K(699392K), 0.0112490 secs] [Times: user=0.18 sys=0.01, real=0.01 secs] 
2016-09-25T23:11:07.116-0400: 55.907: [GC (GCLocker Initiated GC) [PSYoungGen: 149899K->63547K(175104K)] 529830K->464381K(699392K), 0.0131856 secs] [Times: user=0.12 sys=0.01, real=0.01 secs] 
2016-09-25T23:11:07.183-0400: 55.975: [GC (GCLocker Initiated GC) [PSYoungGen: 151611K->70159K(175104K)] 564705K->499074K(699392K), 0.0079126 secs] [Times: user=0.11 sys=0.01, real=0.00 secs] 
2016-09-25T23:11:07.233-0400: 56.024: [GC (GCLocker Initiated GC) [PSYoungGen: 158223K->62033K(175104K)] 589981K->510828K(699392K), 0.0107481 secs] [Times: user=0.13 sys=0.00, real=0.02 secs] 
2016-09-25T23:11:07.280-0400: 56.072: [GC (GCLocker Initiated GC) [PSYoungGen: 150097K->68843K(175104K)] 599011K->534744K(699392K), 0.0072809 secs] [Times: user=0.08 sys=0.00, real=0.01 secs] 
2016-09-25T23:11:07.332-0400: 56.123: [GC (GCLocker Initiated GC) [PSYoungGen: 156907K->67495K(174080K)] 625576K->561311K(698368K), 0.0082758 secs] [Times: user=0.10 sys=0.00, real=0.01 secs] 
2016-09-25T23:11:07.340-0400: 56.132: [Full GC (Ergonomics) [PSYoungGen: 67495K->0K(174080K)] [ParOldGen: 493815K->288489K(524288K)] 561311K->288489K(698368K), [Metaspace: 43697K->43697K(1087488K)], 0.0533360 secs] [Times: user=0.38 sys=0.00, real=0.05 secs] 
2016-09-25T23:11:07.442-0400: 56.234: [GC (GCLocker Initiated GC) [PSYoungGen: 88064K->77060K(174592K)] 380693K->369698K(698880K), 0.0070822 secs] [Times: user=0.09 sys=0.00, real=0.01 secs] 
2016-09-25T23:11:07.498-0400: 56.290: [GC (GCLocker Initiated GC) [PSYoungGen: 165124K->76982K(175104K)] 460513K->390958K(699392K), 0.0101560 secs] [Times: user=0.14 sys=0.00, real=0.01 secs] 
2016-09-25T23:11:07.558-0400: 56.349: [GC (GCLocker Initiated GC) [PSYoungGen: 165046K->53971K(175104K)] 492550K->398600K(699392K), 0.0108911 secs] [Times: user=0.13 sys=0.01, real=0.01 secs] 
2016-09-25T23:11:07.615-0400: 56.406: [GC (GCLocker Initiated GC) [PSYoungGen: 142035K->64468K(175104K)] 492472K->422520K(699392K), 0.0123690 secs] [Times: user=0.10 sys=0.00, real=0.01 secs] 
2016-09-25T23:11:07.671-0400: 56.462: [GC (GCLocker Initiated GC) [PSYoungGen: 152532K->68685K(175104K)] 514743K->442282K(699392K), 0.0072900 secs] [Times: user=0.09 sys=0.01, real=0.01 secs] 
2016-09-25T23:11:07.720-0400: 56.511: [GC (GCLocker Initiated GC) [PSYoungGen: 156749K->64506K(172032K)] 535823K->456414K(696320K), 0.0098668 secs] [Times: user=0.07 sys=0.00, real=0.01 secs] 
2016-09-25T23:11:07.772-0400: 56.564: [GC (GCLocker Initiated GC) [PSYoungGen: 152570K->60732K(173568K)] 550013K->496599K(697856K), 0.0101030 secs] [Times: user=0.14 sys=0.00, real=0.02 secs] 
2016-09-25T23:11:07.821-0400: 56.612: [GC (GCLocker Initiated GC) [PSYoungGen: 148796K->77941K(172544K)] 584904K->533810K(696832K), 0.0134720 secs] [Times: user=0.17 sys=0.00, real=0.02 secs] 
2016-09-25T23:11:07.883-0400: 56.674: [GC (GCLocker Initiated GC) [PSYoungGen: 166005K->67357K(175104K)] 626625K->540706K(699392K), 0.0090428 secs] [Times: user=0.11 sys=0.00, real=0.00 secs] 
2016-09-25T23:11:07.943-0400: 56.735: [GC (GCLocker Initiated GC) [PSYoungGen: 155421K->51223K(175104K)] 639933K->564836K(699392K), 0.0070271 secs] [Times: user=0.07 sys=0.00, real=0.00 secs] 
2016-09-25T23:11:07.950-0400: 56.742: [Full GC (Ergonomics) [PSYoungGen: 51223K->0K(175104K)] [ParOldGen: 513612K->296201K(524288K)] 564836K->296201K(699392K), [Metaspace: 43698K->43698K(1087488K)], 0.0611528 secs] [Times: user=0.45 sys=0.00, real=0.06 secs] 
2016-09-25T23:11:08.064-0400: 56.855: [GC (GCLocker Initiated GC) [PSYoungGen: 89600K->40208K(130048K)] 392692K->343301K(654336K), 0.0091412 secs] [Times: user=0.07 sys=0.00, real=0.00 secs] 
2016-09-25T23:11:08.112-0400: 56.904: [GC (GCLocker Initiated GC) [PSYoungGen: 129808K->71344K(175104K)] 438334K->392894K(699392K), 0.0255226 secs] [Times: user=0.31 sys=0.00, real=0.03 secs] 
2016-09-25T23:11:08.195-0400: 56.986: [GC (GCLocker Initiated GC) [PSYoungGen: 159408K->45473K(175104K)] 487731K->386702K(699392K), 0.0136543 secs] [Times: user=0.13 sys=0.00, real=0.01 secs] 
2016-09-25T23:11:08.258-0400: 57.050: [GC (GCLocker Initiated GC) [PSYoungGen: 133537K->33288K(175104K)] 480213K->396716K(699392K), 0.0063443 secs] [Times: user=0.07 sys=0.00, real=0.01 secs] 
2016-09-25T23:11:08.306-0400: 57.097: [GC (GCLocker Initiated GC) [PSYoungGen: 121352K->71251K(175104K)] 488277K->445598K(699392K), 0.0106421 secs] [Times: user=0.10 sys=0.00, real=0.01 secs] 
2016-09-25T23:11:08.361-0400: 57.152: [GC (GCLocker Initiated GC) [PSYoungGen: 159315K->68607K(175104K)] 540552K->481617K(699392K), 0.0086501 secs] [Times: user=0.12 sys=0.00, real=0.01 secs] 
2016-09-25T23:11:08.415-0400: 57.207: [GC (GCLocker Initiated GC) [PSYoungGen: 156671K->72886K(175104K)] 579248K->512290K(699392K), 0.0131583 secs] [Times: user=0.19 sys=0.00, real=0.01 secs] 
2016-09-25T23:11:08.471-0400: 57.263: [GC (GCLocker Initiated GC) [PSYoungGen: 160950K->57745K(175104K)] 608579K->531804K(699392K), 0.0109749 secs] [Times: user=0.12 sys=0.00, real=0.01 secs] 
2016-09-25T23:11:08.539-0400: 57.331: [GC (GCLocker Initiated GC) [PSYoungGen: 145809K->65782K(175104K)] 622648K->554022K(699392K), 0.0093791 secs] [Times: user=0.12 sys=0.00, real=0.01 secs] 
2016-09-25T23:11:08.549-0400: 57.341: [Full GC (Ergonomics) [PSYoungGen: 65782K->0K(175104K)] [ParOldGen: 488240K->291919K(524288K)] 554022K->291919K(699392K), [Metaspace: 43698K->43698K(1087488K)], 0.0538404 secs] [Times: user=0.44 sys=0.00, real=0.06 secs] 
2016-09-25T23:11:08.629-0400: 57.421: [GC (GCLocker Initiated GC) [PSYoungGen: 88064K->81565K(175104K)] 381512K->375013K(699392K), 0.0208183 secs] [Times: user=0.19 sys=0.00, real=0.02 secs] 
2016-09-25T23:11:08.709-0400: 57.501: [GC (GCLocker Initiated GC) [PSYoungGen: 169629K->58938K(175104K)] 465894K->394386K(699392K), 0.0123364 secs] [Times: user=0.15 sys=0.00, real=0.01 secs] 
2016-09-25T23:11:08.765-0400: 57.556: [GC (GCLocker Initiated GC) [PSYoungGen: 147002K->56532K(175104K)] 482543K->420871K(699392K), 0.0105000 secs] [Times: user=0.10 sys=0.00, real=0.01 secs] 
2016-09-25T23:11:08.817-0400: 57.609: [GC (GCLocker Initiated GC) [PSYoungGen: 144596K->56657K(175104K)] 513082K->435280K(699392K), 0.0182025 secs] [Times: user=0.24 sys=0.00, real=0.02 secs] 
2016-09-25T23:11:08.885-0400: 57.677: [GC (GCLocker Initiated GC) [PSYoungGen: 144721K->57880K(175104K)] 526280K->459265K(699392K), 0.0128530 secs] [Times: user=0.15 sys=0.00, real=0.01 secs] 
2016-09-25T23:11:08.946-0400: 57.738: [GC (GCLocker Initiated GC) [PSYoungGen: 145944K->67302K(155648K)] 550155K->483045K(679936K), 0.0070657 secs] [Times: user=0.08 sys=0.00, real=0.00 secs] 
2016-09-25T23:11:08.993-0400: 57.785: [GC (GCLocker Initiated GC) [PSYoungGen: 155366K->59012K(176128K)] 573920K->497155K(700416K), 0.0137868 secs] [Times: user=0.16 sys=0.01, real=0.02 secs] 
2016-09-25T23:11:09.064-0400: 57.855: [GC (GCLocker Initiated GC) [PSYoungGen: 148612K->50010K(174592K)] 597659K->515880K(698880K), 0.0062983 secs] [Times: user=0.06 sys=0.00, real=0.00 secs] 
2016-09-25T23:11:09.115-0400: 57.907: [GC (GCLocker Initiated GC) [PSYoungGen: 139610K->74059K(172544K)] 606320K->557887K(696832K), 0.0084461 secs] [Times: user=0.10 sys=0.00, real=0.01 secs] 
2016-09-25T23:11:09.162-0400: 57.954: [GC (GCLocker Initiated GC) [PSYoungGen: 162123K->82355K(175104K)] 647470K->598149K(699392K), 0.0108029 secs] [Times: user=0.17 sys=0.00, real=0.01 secs] 
2016-09-25T23:11:09.173-0400: 57.964: [Full GC (Ergonomics) [PSYoungGen: 82355K->0K(175104K)] [ParOldGen: 515794K->301570K(524288K)] 598149K->301570K(699392K), [Metaspace: 43698K->43698K(1087488K)], 0.0729136 secs] [Times: user=0.49 sys=0.00, real=0.08 secs] 
2016-09-25T23:11:09.293-0400: 58.085: [GC (GCLocker Initiated GC) [PSYoungGen: 88064K->70453K(175104K)] 403346K->385735K(699392K), 0.0084146 secs] [Times: user=0.09 sys=0.01, real=0.01 secs] 
2016-09-25T23:11:09.354-0400: 58.146: [GC (GCLocker Initiated GC) [PSYoungGen: 158517K->56578K(175104K)] 473889K->398743K(699392K), 0.0075182 secs] [Times: user=0.12 sys=0.00, real=0.01 secs] 
2016-09-25T23:11:09.414-0400: 58.205: [GC (GCLocker Initiated GC) [PSYoungGen: 144642K->51145K(175104K)] 486884K->423882K(699392K), 0.0066650 secs] [Times: user=0.10 sys=0.01, real=0.01 secs] 
2016-09-25T23:11:09.455-0400: 58.246: [GC (GCLocker Initiated GC) [PSYoungGen: 139209K->71744K(175104K)] 521504K->475068K(699392K), 0.0085883 secs] [Times: user=0.11 sys=0.01, real=0.01 secs] 
2016-09-25T23:11:09.516-0400: 58.308: [GC (GCLocker Initiated GC) [PSYoungGen: 159808K->59152K(175104K)] 565336K->488580K(699392K), 0.0097945 secs] [Times: user=0.11 sys=0.00, real=0.01 secs] 
2016-09-25T23:11:09.561-0400: 58.352: [GC (GCLocker Initiated GC) [PSYoungGen: 147216K->82173K(175104K)] 576837K->523249K(699392K), 0.0081295 secs] [Times: user=0.11 sys=0.00, real=0.01 secs] 
2016-09-25T23:11:09.620-0400: 58.411: [GC (GCLocker Initiated GC) [PSYoungGen: 170237K->51345K(175104K)] 612765K->521623K(699392K), 0.0088726 secs] [Times: user=0.13 sys=0.00, real=0.01 secs] 
2016-09-25T23:11:09.672-0400: 58.464: [GC (GCLocker Initiated GC) [PSYoungGen: 139409K->63472K(175104K)] 615270K->556393K(699392K), 0.0079715 secs] [Times: user=0.09 sys=0.00, real=0.01 secs] 
2016-09-25T23:11:09.680-0400: 58.472: [Full GC (Ergonomics) [PSYoungGen: 63472K->0K(175104K)] [ParOldGen: 492920K->302354K(524288K)] 556393K->302354K(699392K), [Metaspace: 43698K->43698K(1087488K)], 0.0595563 secs] [Times: user=0.44 sys=0.00, real=0.06 secs] 
2016-09-25T23:11:09.786-0400: 58.578: [GC (GCLocker Initiated GC) [PSYoungGen: 88064K->74769K(175104K)] 397300K->384006K(699392K), 0.0073680 secs] [Times: user=0.11 sys=0.00, real=0.00 secs] 
2016-09-25T23:11:09.838-0400: 58.629: [GC (GCLocker Initiated GC) [PSYoungGen: 162833K->75574K(175104K)] 485746K->402520K(699392K), 0.0096801 secs] [Times: user=0.13 sys=0.00, real=0.01 secs] 
2016-09-25T23:11:09.897-0400: 58.689: [GC (GCLocker Initiated GC) [PSYoungGen: 163638K->56285K(175104K)] 498755K->416594K(699392K), 0.0070963 secs] [Times: user=0.10 sys=0.00, real=0.01 secs] 
2016-09-25T23:11:09.939-0400: 58.730: [GC (GCLocker Initiated GC) [PSYoungGen: 144349K->64598K(175104K)] 504805K->451188K(699392K), 0.0101459 secs] [Times: user=0.11 sys=0.00, real=0.01 secs] 
2016-09-25T23:11:09.985-0400: 58.777: [GC (GCLocker Initiated GC) [PSYoungGen: 152662K->72914K(175104K)] 540691K->503473K(699392K), 0.0250218 secs] [Times: user=0.28 sys=0.00, real=0.02 secs] 
2016-09-25T23:11:10.063-0400: 58.854: [GC (GCLocker Initiated GC) [PSYoungGen: 160978K->52558K(175104K)] 594880K->507598K(699392K), 0.0108103 secs] [Times: user=0.07 sys=0.00, real=0.00 secs] 
2016-09-25T23:11:10.107-0400: 58.899: [GC (GCLocker Initiated GC) [PSYoungGen: 140622K->64645K(175104K)] 595809K->555818K(699392K), 0.0117363 secs] [Times: user=0.14 sys=0.00, real=0.01 secs] 
2016-09-25T23:11:10.119-0400: 58.911: [Full GC (Ergonomics) [PSYoungGen: 64645K->0K(175104K)] [ParOldGen: 491173K->313912K(524288K)] 555818K->313912K(699392K), [Metaspace: 43698K->43698K(1087488K)], 0.0626552 secs] [Times: user=0.56 sys=0.00, real=0.06 secs] 
2016-09-25T23:11:10.238-0400: 59.029: [GC (GCLocker Initiated GC) [PSYoungGen: 88064K->62604K(151040K)] 410162K->384702K(675328K), 0.0059579 secs] [Times: user=0.08 sys=0.00, real=0.01 secs] 
2016-09-25T23:11:10.278-0400: 59.070: [GC (GCLocker Initiated GC) [PSYoungGen: 150668K->66387K(174080K)] 480796K->405977K(698368K), 0.0107665 secs] [Times: user=0.10 sys=0.00, real=0.01 secs] 
2016-09-25T23:11:10.333-0400: 59.125: [GC (GCLocker Initiated GC) [PSYoungGen: 155475K->72716K(173056K)] 500722K->435286K(697344K), 0.0120074 secs] [Times: user=0.10 sys=0.01, real=0.02 secs] 
2016-09-25T23:11:10.391-0400: 59.183: [GC (GCLocker Initiated GC) [PSYoungGen: 161804K->52744K(176128K)] 540735K->463427K(700416K), 0.0075414 secs] [Times: user=0.11 sys=0.00, real=0.01 secs] 
2016-09-25T23:11:10.445-0400: 59.237: [GC (GCLocker Initiated GC) [PSYoungGen: 143880K->64742K(156160K)] 554791K->498245K(680448K), 0.0103867 secs] [Times: user=0.16 sys=0.00, real=0.01 secs] 
2016-09-25T23:11:10.490-0400: 59.282: [GC (GCLocker Initiated GC) [PSYoungGen: 155878K->66117K(176128K)] 592200K->516687K(700416K), 0.0092170 secs] [Times: user=0.08 sys=0.00, real=0.01 secs] 
2016-09-25T23:11:10.558-0400: 59.349: [GC (GCLocker Initiated GC) [PSYoungGen: 158789K->51413K(175104K)] 616168K->527359K(699392K), 0.0090432 secs] [Times: user=0.13 sys=0.00, real=0.01 secs] 
2016-09-25T23:11:10.600-0400: 59.391: [GC (GCLocker Initiated GC) [PSYoungGen: 144085K->73074K(176128K)] 620295K->570454K(700416K), 0.0089166 secs] [Times: user=0.12 sys=0.00, real=0.01 secs] 
2016-09-25T23:11:10.609-0400: 59.401: [Full GC (Ergonomics) [PSYoungGen: 73074K->0K(176128K)] [ParOldGen: 497379K->305108K(524288K)] 570454K->305108K(700416K), [Metaspace: 43705K->43705K(1087488K)], 0.1693429 secs] [Times: user=2.23 sys=0.01, real=0.17 secs] 
2016-09-25T23:11:10.858-0400: 59.650: [GC (GCLocker Initiated GC) [PSYoungGen: 93184K->77460K(171008K)] 401168K->385445K(695296K), 0.0146133 secs] [Times: user=0.12 sys=0.01, real=0.01 secs] 
2016-09-25T23:11:10.922-0400: 59.714: [GC (GCLocker Initiated GC) [PSYoungGen: 170644K->56888K(175616K)] 484058K->379831K(699904K), 0.0217724 secs] [Times: user=0.29 sys=0.01, real=0.02 secs] 
2016-09-25T23:11:10.986-0400: 59.778: [GC (GCLocker Initiated GC) [PSYoungGen: 145464K->78285K(175104K)] 479337K->422657K(699392K), 0.0135774 secs] [Times: user=0.15 sys=0.01, real=0.01 secs] 
2016-09-25T23:11:11.073-0400: 59.864: [GC (GCLocker Initiated GC) [PSYoungGen: 166861K->70066K(175104K)] 511309K->428877K(699392K), 0.0198113 secs] [Times: user=0.25 sys=0.01, real=0.02 secs] 
2016-09-25T23:11:11.137-0400: 59.929: [GC (GCLocker Initiated GC) [PSYoungGen: 158130K->53980K(175104K)] 521073K->459521K(699392K), 0.0090306 secs] [Times: user=0.12 sys=0.01, real=0.01 secs] 
2016-09-25T23:11:11.180-0400: 59.972: [GC (GCLocker Initiated GC) [PSYoungGen: 142044K->79611K(175104K)] 547743K->513128K(699392K), 0.0112212 secs] [Times: user=0.17 sys=0.01, real=0.01 secs] 
2016-09-25T23:11:11.242-0400: 60.034: [GC (GCLocker Initiated GC) [PSYoungGen: 167675K->84008K(175104K)] 610735K->534641K(699392K), 0.0155732 secs] [Times: user=0.16 sys=0.01, real=0.02 secs] 
2016-09-25T23:11:11.336-0400: 60.127: [GC (GCLocker Initiated GC) [PSYoungGen: 172072K->38919K(175104K)] 631968K->506735K(699392K), 0.0077622 secs] [Times: user=0.06 sys=0.00, real=0.01 secs] 
2016-09-25T23:11:11.378-0400: 60.170: [GC (GCLocker Initiated GC) [PSYoungGen: 126983K->64212K(175104K)] 594888K->547718K(699392K), 0.0173033 secs] [Times: user=0.21 sys=0.00, real=0.02 secs] 
2016-09-25T23:11:11.396-0400: 60.187: [Full GC (Ergonomics) [PSYoungGen: 64212K->0K(175104K)] [ParOldGen: 483506K->304364K(524288K)] 547718K->304364K(699392K), [Metaspace: 43707K->43707K(1087488K)], 0.0799897 secs] [Times: user=0.48 sys=0.01, real=0.08 secs] 
2016-09-25T23:11:11.527-0400: 60.318: [GC (GCLocker Initiated GC) [PSYoungGen: 88064K->73637K(175104K)] 396080K->381653K(699392K), 0.0074291 secs] [Times: user=0.10 sys=0.00, real=0.01 secs] 
2016-09-25T23:11:11.578-0400: 60.369: [GC (GCLocker Initiated GC) [PSYoungGen: 161701K->59279K(175104K)] 472575K->394763K(699392K), 0.0078143 secs] [Times: user=0.11 sys=0.00, real=0.01 secs] 
2016-09-25T23:11:11.620-0400: 60.411: [GC (GCLocker Initiated GC) [PSYoungGen: 147343K->66163K(175104K)] 485618K->422778K(699392K), 0.0112192 secs] [Times: user=0.13 sys=0.00, real=0.01 secs] 
2016-09-25T23:11:11.712-0400: 60.504: [GC (GCLocker Initiated GC) [PSYoungGen: 154227K->54174K(175104K)] 517787K->445681K(699392K), 0.0109864 secs] [Times: user=0.16 sys=0.01, real=0.02 secs] 
2016-09-25T23:11:11.768-0400: 60.559: [GC (GCLocker Initiated GC) [PSYoungGen: 142238K->57865K(175104K)] 533842K->491041K(699392K), 0.0080558 secs] [Times: user=0.09 sys=0.01, real=0.01 secs] 
2016-09-25T23:11:11.816-0400: 60.608: [GC (GCLocker Initiated GC) [PSYoungGen: 145929K->60796K(175104K)] 579273K->519213K(699392K), 0.0083035 secs] [Times: user=0.11 sys=0.00, real=0.01 secs] 
2016-09-25T23:11:11.877-0400: 60.669: [GC (GCLocker Initiated GC) [PSYoungGen: 148860K->50060K(174080K)] 607337K->536494K(698368K), 0.0103304 secs] [Times: user=0.12 sys=0.00, real=0.01 secs] 
2016-09-25T23:11:11.888-0400: 60.679: [Full GC (Ergonomics) [PSYoungGen: 50060K->0K(174080K)] [ParOldGen: 486433K->302526K(524288K)] 536494K->302526K(698368K), [Metaspace: 43707K->43707K(1087488K)], 0.0799603 secs] [Times: user=0.62 sys=0.01, real=0.08 secs] 
2016-09-25T23:11:12.009-0400: 60.800: [GC (GCLocker Initiated GC) [PSYoungGen: 88064K->85884K(174592K)] 390713K->391233K(698880K), 0.0081991 secs] [Times: user=0.12 sys=0.00, real=0.01 secs] 
2016-09-25T23:11:12.071-0400: 60.863: [GC (GCLocker Initiated GC) [PSYoungGen: 173948K->56695K(175104K)] 482136K->408421K(699392K), 0.0118770 secs] [Times: user=0.17 sys=0.01, real=0.02 secs] 
2016-09-25T23:11:12.168-0400: 60.959: [GC (Allocation Failure) [PSYoungGen: 144759K->54258K(175104K)] 506151K->469166K(699392K), 0.0127759 secs] [Times: user=0.18 sys=0.00, real=0.01 secs] 
2016-09-25T23:11:12.181-0400: 60.973: [GC (GCLocker Initiated GC) [PSYoungGen: 54460K->160K(175104K)] 469367K->473032K(699392K), 0.0132640 secs] [Times: user=0.09 sys=0.00, real=0.02 secs] 
2016-09-25T23:11:12.195-0400: 60.986: [Full GC (Ergonomics) [PSYoungGen: 160K->0K(175104K)] [ParOldGen: 472872K->309566K(524288K)] 473032K->309566K(699392K), [Metaspace: 43707K->43707K(1087488K)], 0.0560369 secs] [Times: user=0.42 sys=0.00, real=0.05 secs] 
2016-09-25T23:11:12.283-0400: 61.074: [GC (GCLocker Initiated GC) [PSYoungGen: 85812K->86959K(175104K)] 398079K->401925K(699392K), 0.0089532 secs] [Times: user=0.13 sys=0.00, real=0.00 secs] 
2016-09-25T23:11:12.342-0400: 61.134: [GC (GCLocker Initiated GC) [PSYoungGen: 175023K->71584K(175104K)] 496899K->409751K(699392K), 0.0085325 secs] [Times: user=0.10 sys=0.00, real=0.01 secs] 
2016-09-25T23:11:12.403-0400: 61.195: [GC (GCLocker Initiated GC) [PSYoungGen: 159648K->65921K(175104K)] 506207K->418736K(699392K), 0.0123816 secs] [Times: user=0.18 sys=0.00, real=0.01 secs] 
2016-09-25T23:11:12.470-0400: 61.262: [GC (GCLocker Initiated GC) [PSYoungGen: 153985K->51071K(175104K)] 510954K->420931K(699392K), 0.0060149 secs] [Times: user=0.07 sys=0.01, real=0.01 secs] 
2016-09-25T23:11:12.511-0400: 61.303: [GC (GCLocker Initiated GC) [PSYoungGen: 139135K->82577K(175104K)] 514527K->472206K(699392K), 0.0126256 secs] [Times: user=0.09 sys=0.00, real=0.02 secs] 
2016-09-25T23:11:12.575-0400: 61.366: [GC (GCLocker Initiated GC) [PSYoungGen: 170641K->79601K(175104K)] 564397K->495890K(699392K), 0.0126944 secs] [Times: user=0.14 sys=0.00, real=0.01 secs] 
2016-09-25T23:11:12.634-0400: 61.426: [GC (GCLocker Initiated GC) [PSYoungGen: 167665K->64501K(175104K)] 584009K->501916K(699392K), 0.0105534 secs] [Times: user=0.16 sys=0.00, real=0.02 secs] 
2016-09-25T23:11:12.689-0400: 61.480: [GC (GCLocker Initiated GC) [PSYoungGen: 152565K->66459K(175104K)] 595495K->523473K(699392K), 0.0085058 secs] [Times: user=0.10 sys=0.00, real=0.01 secs] 
2016-09-25T23:11:12.743-0400: 61.535: [GC (GCLocker Initiated GC) [PSYoungGen: 154523K->67547K(175104K)] 623777K->552811K(699392K), 0.0107824 secs] [Times: user=0.13 sys=0.00, real=0.00 secs] 
2016-09-25T23:11:12.754-0400: 61.546: [Full GC (Ergonomics) [PSYoungGen: 67547K->0K(175104K)] [ParOldGen: 485263K->317072K(524288K)] 552811K->317072K(699392K), [Metaspace: 43707K->43707K(1087488K)], 0.0663366 secs] [Times: user=0.59 sys=0.01, real=0.07 secs] 
2016-09-25T23:11:12.871-0400: 61.663: [GC (GCLocker Initiated GC) [PSYoungGen: 88064K->67880K(175104K)] 405304K->385120K(699392K), 0.0108431 secs] [Times: user=0.14 sys=0.00, real=0.02 secs] 
2016-09-25T23:11:12.923-0400: 61.715: [GC (GCLocker Initiated GC) [PSYoungGen: 155944K->74381K(175104K)] 478632K->414518K(699392K), 0.0100646 secs] [Times: user=0.16 sys=0.01, real=0.00 secs] 
2016-09-25T23:11:12.981-0400: 61.773: [GC (GCLocker Initiated GC) [PSYoungGen: 162445K->64683K(175104K)] 505682K->427837K(699392K), 0.0073091 secs] [Times: user=0.11 sys=0.00, real=0.01 secs] 
2016-09-25T23:11:13.033-0400: 61.824: [GC (GCLocker Initiated GC) [PSYoungGen: 152747K->70035K(175104K)] 515993K->466430K(699392K), 0.0085138 secs] [Times: user=0.13 sys=0.00, real=0.01 secs] 
2016-09-25T23:11:13.093-0400: 61.885: [GC (GCLocker Initiated GC) [PSYoungGen: 158099K->69143K(175104K)] 576325K->489399K(699392K), 0.0094493 secs] [Times: user=0.13 sys=0.01, real=0.02 secs] 
2016-09-25T23:11:13.152-0400: 61.944: [GC (GCLocker Initiated GC) [PSYoungGen: 157207K->62042K(175104K)] 583074K->490421K(699392K), 0.0077752 secs] [Times: user=0.09 sys=0.00, real=0.01 secs] 
2016-09-25T23:11:13.206-0400: 61.998: [GC (GCLocker Initiated GC) [PSYoungGen: 150106K->76739K(175104K)] 579976K->513956K(699392K), 0.0097894 secs] [Times: user=0.13 sys=0.00, real=0.01 secs] 
2016-09-25T23:11:13.265-0400: 62.057: [GC (GCLocker Initiated GC) [PSYoungGen: 164803K->67165K(175104K)] 611652K->538893K(699392K), 0.0078510 secs] [Times: user=0.12 sys=0.01, real=0.00 secs] 
2016-09-25T23:11:13.314-0400: 62.106: [GC (GCLocker Initiated GC) [PSYoungGen: 155229K->76883K(175104K)] 627113K->576410K(699392K), 0.0103199 secs] [Times: user=0.16 sys=0.00, real=0.01 secs] 
2016-09-25T23:11:13.325-0400: 62.116: [Full GC (Ergonomics) [PSYoungGen: 76883K->0K(175104K)] [ParOldGen: 499527K->321643K(524288K)] 576410K->321643K(699392K), [Metaspace: 43707K->43707K(1087488K)], 0.0638299 secs] [Times: user=0.53 sys=0.00, real=0.06 secs] 
2016-09-25T23:11:13.436-0400: 62.228: [GC (GCLocker Initiated GC) [PSYoungGen: 88064K->71170K(175104K)] 422104K->405210K(699392K), 0.0068277 secs] [Times: user=0.10 sys=0.00, real=0.01 secs] 
2016-09-25T23:11:13.500-0400: 62.292: [GC (GCLocker Initiated GC) [PSYoungGen: 159234K->79540K(175104K)] 500877K->432409K(699392K), 0.0113005 secs] [Times: user=0.12 sys=0.00, real=0.01 secs] 
2016-09-25T23:11:13.554-0400: 62.345: [GC (GCLocker Initiated GC) [PSYoungGen: 167604K->71191K(175104K)] 520629K->447937K(699392K), 0.0084819 secs] [Times: user=0.12 sys=0.00, real=0.02 secs] 
2016-09-25T23:11:13.600-0400: 62.392: [GC (GCLocker Initiated GC) [PSYoungGen: 159255K->68709K(175104K)] 540029K->475640K(699392K), 0.0089784 secs] [Times: user=0.12 sys=0.00, real=0.01 secs] 
2016-09-25T23:11:13.653-0400: 62.445: [GC (GCLocker Initiated GC) [PSYoungGen: 156773K->75502K(175104K)] 563970K->519922K(699392K), 0.0128190 secs] [Times: user=0.20 sys=0.00, real=0.02 secs] 
2016-09-25T23:11:13.707-0400: 62.498: [GC (GCLocker Initiated GC) [PSYoungGen: 163566K->74320K(175104K)] 609863K->553809K(699392K), 0.0093257 secs] [Times: user=0.15 sys=0.00, real=0.01 secs] 
2016-09-25T23:11:13.716-0400: 62.508: [Full GC (Ergonomics) [PSYoungGen: 74320K->0K(175104K)] [ParOldGen: 479489K->327282K(524288K)] 553809K->327282K(699392K), [Metaspace: 43712K->43712K(1087488K)], 0.0654132 secs] [Times: user=0.59 sys=0.00, real=0.06 secs] 
2016-09-25T23:11:13.833-0400: 62.625: [GC (GCLocker Initiated GC) [PSYoungGen: 88064K->77060K(175104K)] 418105K->407102K(699392K), 0.0066508 secs] [Times: user=0.08 sys=0.00, real=0.01 secs] 
2016-09-25T23:11:13.885-0400: 62.677: [GC (GCLocker Initiated GC) [PSYoungGen: 165124K->51041K(175104K)] 497014K->406825K(699392K), 0.0165103 secs] [Times: user=0.19 sys=0.00, real=0.01 secs] 
2016-09-25T23:11:13.953-0400: 62.745: [GC (GCLocker Initiated GC) [PSYoungGen: 139105K->63358K(175104K)] 496527K->448607K(699392K), 0.0100530 secs] [Times: user=0.11 sys=0.00, real=0.02 secs] 
2016-09-25T23:11:13.994-0400: 62.786: [GC (GCLocker Initiated GC) [PSYoungGen: 151422K->64641K(175104K)] 539454K->469675K(699392K), 0.0082270 secs] [Times: user=0.07 sys=0.00, real=0.01 secs] 
2016-09-25T23:11:14.054-0400: 62.845: [GC (GCLocker Initiated GC) [PSYoungGen: 152705K->63229K(151552K)] 560556K->513753K(675840K), 0.0116722 secs] [Times: user=0.07 sys=0.02, real=0.02 secs] 
2016-09-25T23:11:14.118-0400: 62.910: [GC (GCLocker Initiated GC) [PSYoungGen: 151293K->71638K(175104K)] 610092K->546019K(699392K), 0.0083280 secs] [Times: user=0.12 sys=0.00, real=0.01 secs] 
2016-09-25T23:11:14.127-0400: 62.918: [Full GC (Ergonomics) [PSYoungGen: 71638K->0K(175104K)] [ParOldGen: 474381K->327059K(524288K)] 546019K->327059K(699392K), [Metaspace: 43712K->43712K(1087488K)], 0.0722558 secs] [Times: user=0.51 sys=0.01, real=0.07 secs] 
2016-09-25T23:11:14.237-0400: 63.028: [GC (GCLocker Initiated GC) [PSYoungGen: 88576K->82804K(174592K)] 415727K->409955K(698880K), 0.0107922 secs] [Times: user=0.08 sys=0.00, real=0.01 secs] 
2016-09-25T23:11:14.294-0400: 63.085: [GC (GCLocker Initiated GC) [PSYoungGen: 171380K->59080K(175104K)] 498840K->421663K(699392K), 0.0110576 secs] [Times: user=0.12 sys=0.00, real=0.02 secs] 
2016-09-25T23:11:14.348-0400: 63.139: [GC (GCLocker Initiated GC) [PSYoungGen: 147144K->59073K(175104K)] 515238K->447911K(699392K), 0.0208706 secs] [Times: user=0.24 sys=0.00, real=0.02 secs] 
2016-09-25T23:11:14.415-0400: 63.206: [GC (GCLocker Initiated GC) [PSYoungGen: 147137K->44461K(175104K)] 544167K->470533K(699392K), 0.0089465 secs] [Times: user=0.08 sys=0.00, real=0.01 secs] 
2016-09-25T23:11:14.466-0400: 63.257: [GC (GCLocker Initiated GC) [PSYoungGen: 132525K->70194K(175104K)] 568209K->526881K(699392K), 0.0109030 secs] [Times: user=0.11 sys=0.00, real=0.01 secs] 
2016-09-25T23:11:14.531-0400: 63.322: [GC (GCLocker Initiated GC) [PSYoungGen: 158258K->59348K(175104K)] 627207K->561549K(699392K), 0.0085650 secs] [Times: user=0.11 sys=0.01, real=0.01 secs] 
2016-09-25T23:11:14.539-0400: 63.331: [Full GC (Ergonomics) [PSYoungGen: 59348K->0K(175104K)] [ParOldGen: 502200K->327210K(524288K)] 561549K->327210K(699392K), [Metaspace: 43712K->43712K(1087488K)], 0.0560151 secs] [Times: user=0.44 sys=0.00, real=0.06 secs] 
2016-09-25T23:11:14.640-0400: 63.432: [GC (GCLocker Initiated GC) [PSYoungGen: 88064K->71732K(175104K)] 418098K->401766K(699392K), 0.0127982 secs] [Times: user=0.13 sys=0.00, real=0.01 secs] 
2016-09-25T23:11:14.695-0400: 63.486: [GC (GCLocker Initiated GC) [PSYoungGen: 159796K->74152K(175104K)] 492712K->425786K(699392K), 0.0105853 secs] [Times: user=0.09 sys=0.01, real=0.01 secs] 
2016-09-25T23:11:14.742-0400: 63.534: [GC (GCLocker Initiated GC) [PSYoungGen: 162216K->74143K(175104K)] 513969K->446873K(699392K), 0.0112388 secs] [Times: user=0.14 sys=0.00, real=0.00 secs] 
2016-09-25T23:11:14.796-0400: 63.587: [GC (GCLocker Initiated GC) [PSYoungGen: 162207K->79669K(175104K)] 535045K->473580K(699392K), 0.0088393 secs] [Times: user=0.13 sys=0.00, real=0.01 secs] 
2016-09-25T23:11:14.849-0400: 63.640: [GC (GCLocker Initiated GC) [PSYoungGen: 167733K->60872K(175104K)] 567174K->496326K(699392K), 0.0101542 secs] [Times: user=0.15 sys=0.00, real=0.01 secs] 
2016-09-25T23:11:14.901-0400: 63.693: [GC (GCLocker Initiated GC) [PSYoungGen: 148936K->39044K(175104K)] 589867K->503866K(699392K), 0.0303214 secs] [Times: user=0.38 sys=0.00, real=0.03 secs] 
2016-09-25T23:11:14.970-0400: 63.761: [GC (GCLocker Initiated GC) [PSYoungGen: 127108K->80995K(175104K)] 592037K->565753K(699392K), 0.0087403 secs] [Times: user=0.13 sys=0.00, real=0.01 secs] 
2016-09-25T23:11:14.979-0400: 63.770: [Full GC (Ergonomics) [PSYoungGen: 80995K->0K(175104K)] [ParOldGen: 484757K->332991K(524288K)] 565753K->332991K(699392K), [Metaspace: 43712K->43712K(1087488K)], 0.0566388 secs] [Times: user=0.52 sys=0.00, real=0.06 secs] 
2016-09-25T23:11:15.079-0400: 63.871: [GC (GCLocker Initiated GC) [PSYoungGen: 88064K->81277K(175104K)] 423841K->417055K(699392K), 0.0104298 secs] [Times: user=0.12 sys=0.00, real=0.01 secs] 
2016-09-25T23:11:15.131-0400: 63.922: [GC (GCLocker Initiated GC) [PSYoungGen: 169341K->67502K(175104K)] 510679K->424842K(699392K), 0.0151349 secs] [Times: user=0.19 sys=0.00, real=0.02 secs] 
2016-09-25T23:11:15.198-0400: 63.989: [GC (GCLocker Initiated GC) [PSYoungGen: 155566K->53797K(175104K)] 512983K->443300K(699392K), 0.0106191 secs] [Times: user=0.11 sys=0.00, real=0.01 secs] 
2016-09-25T23:11:15.255-0400: 64.046: [GC (GCLocker Initiated GC) [PSYoungGen: 141861K->59231K(175104K)] 531514K->469789K(699392K), 0.0075915 secs] [Times: user=0.09 sys=0.00, real=0.01 secs] 
2016-09-25T23:11:15.302-0400: 64.094: [GC (Allocation Failure) [PSYoungGen: 147295K->78398K(175104K)] 560735K->526385K(699392K), 0.0097412 secs] [Times: user=0.14 sys=0.00, real=0.01 secs] 
2016-09-25T23:11:15.360-0400: 64.151: [GC (GCLocker Initiated GC) [PSYoungGen: 166462K->47048K(175104K)] 615205K->535869K(699392K), 0.0099290 secs] [Times: user=0.13 sys=0.00, real=0.01 secs] 
2016-09-25T23:11:15.370-0400: 64.161: [Full GC (Ergonomics) [PSYoungGen: 47048K->0K(175104K)] [ParOldGen: 488821K->326079K(524288K)] 535869K->326079K(699392K), [Metaspace: 43712K->43712K(1087488K)], 0.0464370 secs] [Times: user=0.37 sys=0.01, real=0.05 secs] 
2016-09-25T23:11:15.457-0400: 64.248: [GC (GCLocker Initiated GC) [PSYoungGen: 88064K->71996K(175104K)] 422492K->406424K(699392K), 0.0096764 secs] [Times: user=0.13 sys=0.01, real=0.01 secs] 
2016-09-25T23:11:15.518-0400: 64.310: [GC (GCLocker Initiated GC) [PSYoungGen: 160060K->43011K(175104K)] 504033K->393723K(699392K), 0.0084614 secs] [Times: user=0.07 sys=0.01, real=0.01 secs] 
2016-09-25T23:11:15.574-0400: 64.366: [GC (GCLocker Initiated GC) [PSYoungGen: 131075K->76552K(175104K)] 483329K->434983K(699392K), 0.0085963 secs] [Times: user=0.14 sys=0.01, real=0.02 secs] 
2016-09-25T23:11:15.620-0400: 64.411: [GC (GCLocker Initiated GC) [PSYoungGen: 164616K->64670K(175104K)] 525908K->461545K(699392K), 0.0115832 secs] [Times: user=0.14 sys=0.00, real=0.01 secs] 
2016-09-25T23:11:15.671-0400: 64.463: [GC (GCLocker Initiated GC) [PSYoungGen: 152734K->60678K(175104K)] 555249K->494971K(699392K), 0.0090575 secs] [Times: user=0.13 sys=0.00, real=0.01 secs] 
2016-09-25T23:11:15.719-0400: 64.511: [GC (GCLocker Initiated GC) [PSYoungGen: 148741K->48406K(175104K)] 585983K->494545K(699392K), 0.0072330 secs] [Times: user=0.08 sys=0.00, real=0.01 secs] 
2016-09-25T23:11:15.792-0400: 64.583: [GC (GCLocker Initiated GC) [PSYoungGen: 136470K->64970K(175104K)] 593464K->525484K(699392K), 0.0112376 secs] [Times: user=0.18 sys=0.00, real=0.02 secs] 
2016-09-25T23:11:15.849-0400: 64.640: [GC (GCLocker Initiated GC) [PSYoungGen: 153034K->72502K(175104K)] 619108K->545096K(699392K), 0.0120674 secs] [Times: user=0.13 sys=0.02, real=0.01 secs] 
2016-09-25T23:11:15.908-0400: 64.699: [Full GC (Ergonomics) [PSYoungGen: 160566K->0K(175104K)] [ParOldGen: 474022K->336938K(524288K)] 634589K->336938K(699392K), [Metaspace: 43712K->43712K(1087488K)], 0.0570306 secs] [Times: user=0.41 sys=0.01, real=0.06 secs] 
2016-09-25T23:11:16.027-0400: 64.819: [GC (GCLocker Initiated GC) [PSYoungGen: 88064K->86744K(175104K)] 427799K->426480K(699392K), 0.0125190 secs] [Times: user=0.19 sys=0.02, real=0.01 secs] 
2016-09-25T23:11:16.105-0400: 64.896: [GC (GCLocker Initiated GC) [PSYoungGen: 174808K->64823K(175104K)] 517560K->437090K(699392K), 0.0086468 secs] [Times: user=0.12 sys=0.00, real=0.00 secs] 
2016-09-25T23:11:16.155-0400: 64.947: [GC (GCLocker Initiated GC) [PSYoungGen: 152887K->75335K(175104K)] 530648K->463483K(699392K), 0.0114081 secs] [Times: user=0.14 sys=0.00, real=0.01 secs] 
2016-09-25T23:11:16.228-0400: 65.020: [GC (GCLocker Initiated GC) [PSYoungGen: 163399K->62059K(175104K)] 554355K->486092K(699392K), 0.0115581 secs] [Times: user=0.16 sys=0.00, real=0.01 secs] 
2016-09-25T23:11:16.323-0400: 65.115: [GC (GCLocker Initiated GC) [PSYoungGen: 150123K->51698K(175104K)] 581024K->517146K(699392K), 0.0080496 secs] [Times: user=0.10 sys=0.00, real=0.00 secs] 
2016-09-25T23:11:16.381-0400: 65.173: [GC (GCLocker Initiated GC) [PSYoungGen: 139762K->53537K(175104K)] 608038K->559422K(699392K), 0.0107276 secs] [Times: user=0.12 sys=0.01, real=0.01 secs] 
2016-09-25T23:11:16.393-0400: 65.184: [Full GC (Ergonomics) [PSYoungGen: 53537K->0K(175104K)] [ParOldGen: 505884K->342211K(524288K)] 559422K->342211K(699392K), [Metaspace: 43756K->43756K(1087488K)], 0.0855218 secs] [Times: user=0.73 sys=0.00, real=0.09 secs] 
2016-09-25T23:11:16.523-0400: 65.315: [GC (GCLocker Initiated GC) [PSYoungGen: 88064K->80126K(175104K)] 431823K->423894K(699392K), 0.0080366 secs] [Times: user=0.12 sys=0.00, real=0.00 secs] 
2016-09-25T23:11:16.574-0400: 65.366: [GC (GCLocker Initiated GC) [PSYoungGen: 168190K->56766K(175104K)] 513573K->433239K(699392K), 0.0152794 secs] [Times: user=0.17 sys=0.01, real=0.01 secs] 
2016-09-25T23:11:16.653-0400: 65.444: [GC (GCLocker Initiated GC) [PSYoungGen: 144830K->74183K(175104K)] 524167K->465163K(699392K), 0.0117048 secs] [Times: user=0.19 sys=0.00, real=0.02 secs] 
2016-09-25T23:11:16.726-0400: 65.518: [GC (GCLocker Initiated GC) [PSYoungGen: 162247K->57715K(175104K)] 553623K->470196K(699392K), 0.0070261 secs] [Times: user=0.09 sys=0.00, real=0.00 secs] 
2016-09-25T23:11:16.769-0400: 65.561: [GC (GCLocker Initiated GC) [PSYoungGen: 145779K->56569K(175104K)] 563910K->510391K(699392K), 0.0083035 secs] [Times: user=0.09 sys=0.00, real=0.01 secs] 
2016-09-25T23:11:16.845-0400: 65.636: [GC (GCLocker Initiated GC) [PSYoungGen: 144633K->56579K(175104K)] 610638K->549078K(699392K), 0.0121189 secs] [Times: user=0.14 sys=0.00, real=0.01 secs] 
2016-09-25T23:11:16.857-0400: 65.648: [Full GC (Ergonomics) [PSYoungGen: 56579K->0K(175104K)] [ParOldGen: 492498K->344831K(524288K)] 549078K->344831K(699392K), [Metaspace: 43777K->43777K(1087488K)], 0.0809709 secs] [Times: user=0.73 sys=0.00, real=0.08 secs] 
2016-09-25T23:11:16.984-0400: 65.775: [GC (GCLocker Initiated GC) [PSYoungGen: 88064K->67919K(175104K)] 435699K->415555K(699392K), 0.0103521 secs] [Times: user=0.16 sys=0.01, real=0.00 secs] 
2016-09-25T23:11:17.054-0400: 65.845: [GC (GCLocker Initiated GC) [PSYoungGen: 155983K->55258K(175104K)] 503656K->441990K(699392K), 0.0116955 secs] [Times: user=0.19 sys=0.01, real=0.02 secs] 
2016-09-25T23:11:17.128-0400: 65.919: [GC (GCLocker Initiated GC) [PSYoungGen: 143322K->83867K(175104K)] 532987K->482433K(699392K), 0.0142304 secs] [Times: user=0.12 sys=0.02, real=0.02 secs] 
2016-09-25T23:11:17.190-0400: 65.981: [GC (GCLocker Initiated GC) [PSYoungGen: 171931K->67176K(175104K)] 573510K->487274K(699392K), 0.0093215 secs] [Times: user=0.14 sys=0.00, real=0.01 secs] 
2016-09-25T23:11:17.239-0400: 66.030: [GC (GCLocker Initiated GC) [PSYoungGen: 155240K->66035K(175104K)] 575429K->509808K(699392K), 0.0095693 secs] [Times: user=0.14 sys=0.00, real=0.01 secs] 
2016-09-25T23:11:17.286-0400: 66.077: [GC (GCLocker Initiated GC) [PSYoungGen: 154099K->54040K(175104K)] 603378K->517538K(699392K), 0.0079527 secs] [Times: user=0.06 sys=0.01, real=0.00 secs] 
2016-09-25T23:11:17.351-0400: 66.143: [Full GC (Ergonomics) [PSYoungGen: 142104K->0K(175104K)] [ParOldGen: 475785K->345556K(524288K)] 617890K->345556K(699392K), [Metaspace: 43778K->43778K(1087488K)], 0.0735870 secs] [Times: user=0.64 sys=0.00, real=0.08 secs] 
2016-09-25T23:11:17.465-0400: 66.257: [GC (GCLocker Initiated GC) [PSYoungGen: 88064K->85406K(175104K)] 433791K->431134K(699392K), 0.0106850 secs] [Times: user=0.14 sys=0.00, real=0.01 secs] 
2016-09-25T23:11:17.524-0400: 66.315: [GC (GCLocker Initiated GC) [PSYoungGen: 173470K->59553K(175104K)] 530088K->441713K(699392K), 0.0122373 secs] [Times: user=0.15 sys=0.01, real=0.01 secs] 
2016-09-25T23:11:17.589-0400: 66.381: [GC (GCLocker Initiated GC) [PSYoungGen: 147617K->82429K(175104K)] 536710K->475204K(699392K), 0.0096432 secs] [Times: user=0.14 sys=0.01, real=0.01 secs] 
2016-09-25T23:11:17.638-0400: 66.430: [GC (GCLocker Initiated GC) [PSYoungGen: 170493K->79447K(175104K)] 566252K->493649K(699392K), 0.0126684 secs] [Times: user=0.17 sys=0.01, real=0.01 secs] 
2016-09-25T23:11:17.694-0400: 66.486: [GC (GCLocker Initiated GC) [PSYoungGen: 167511K->71392K(175104K)] 595420K->503961K(699392K), 0.0154573 secs] [Times: user=0.20 sys=0.01, real=0.01 secs] 
2016-09-25T23:11:17.761-0400: 66.553: [GC (GCLocker Initiated GC) [PSYoungGen: 159456K->53562K(175104K)] 596250K->512636K(699392K), 0.0091365 secs] [Times: user=0.14 sys=0.01, real=0.01 secs] 
2016-09-25T23:11:17.809-0400: 66.601: [GC (GCLocker Initiated GC) [PSYoungGen: 141626K->85049K(175104K)] 603613K->579881K(699392K), 0.0121559 secs] [Times: user=0.19 sys=0.00, real=0.01 secs] 
2016-09-25T23:11:17.821-0400: 66.613: [Full GC (Ergonomics) [PSYoungGen: 85049K->0K(175104K)] [ParOldGen: 494831K->360121K(524288K)] 579881K->360121K(699392K), [Metaspace: 43778K->43778K(1087488K)], 0.0649697 secs] [Times: user=0.59 sys=0.01, real=0.07 secs] 
2016-09-25T23:11:17.934-0400: 66.725: [GC (GCLocker Initiated GC) [PSYoungGen: 88064K->65025K(175104K)] 451196K->428157K(699392K), 0.0102352 secs] [Times: user=0.12 sys=0.00, real=0.02 secs] 
2016-09-25T23:11:17.992-0400: 66.783: [GC (GCLocker Initiated GC) [PSYoungGen: 153089K->44411K(175104K)] 523090K->431847K(699392K), 0.0069634 secs] [Times: user=0.07 sys=0.00, real=0.01 secs] 
2016-09-25T23:11:18.041-0400: 66.833: [GC (GCLocker Initiated GC) [PSYoungGen: 132475K->77124K(175104K)] 530873K->492585K(699392K), 0.0102301 secs] [Times: user=0.15 sys=0.01, real=0.01 secs] 
2016-09-25T23:11:18.104-0400: 66.895: [GC (GCLocker Initiated GC) [PSYoungGen: 165188K->38910K(175104K)] 583647K->494815K(699392K), 0.0075691 secs] [Times: user=0.07 sys=0.01, real=0.00 secs] 
2016-09-25T23:11:18.148-0400: 66.939: [GC (GCLocker Initiated GC) [PSYoungGen: 126974K->78277K(175104K)] 582939K->555199K(699392K), 0.0159498 secs] [Times: user=0.18 sys=0.00, real=0.02 secs] 
2016-09-25T23:11:18.215-0400: 67.006: [Full GC (Ergonomics) [PSYoungGen: 166341K->0K(175104K)] [ParOldGen: 489468K->357859K(524288K)] 655810K->357859K(699392K), [Metaspace: 43785K->43785K(1087488K)], 0.0605851 secs] [Times: user=0.46 sys=0.00, real=0.06 secs] 
2016-09-25T23:11:18.319-0400: 67.111: [GC (GCLocker Initiated GC) [PSYoungGen: 88064K->79851K(175104K)] 446179K->437967K(699392K), 0.0076152 secs] [Times: user=0.11 sys=0.00, real=0.01 secs] 
2016-09-25T23:11:18.382-0400: 67.174: [GC (GCLocker Initiated GC) [PSYoungGen: 167915K->56931K(175104K)] 534445K->429883K(699392K), 0.0083694 secs] [Times: user=0.08 sys=0.00, real=0.00 secs] 
2016-09-25T23:11:18.444-0400: 67.236: [GC (GCLocker Initiated GC) [PSYoungGen: 144995K->52196K(175104K)] 522052K->468222K(699392K), 0.0095622 secs] [Times: user=0.13 sys=0.00, real=0.00 secs] 
2016-09-25T23:11:18.495-0400: 67.287: [GC (GCLocker Initiated GC) [PSYoungGen: 140260K->71858K(175104K)] 560473K->511403K(699392K), 0.0116163 secs] [Times: user=0.17 sys=0.00, real=0.01 secs] 
2016-09-25T23:11:18.554-0400: 67.346: [GC (GCLocker Initiated GC) [PSYoungGen: 159922K->67419K(175104K)] 601480K->524973K(699392K), 0.0084899 secs] [Times: user=0.11 sys=0.00, real=0.01 secs] 
2016-09-25T23:11:18.611-0400: 67.403: [GC (GCLocker Initiated GC) [PSYoungGen: 155483K->79532K(175104K)] 616455K->560221K(699392K), 0.0089901 secs] [Times: user=0.13 sys=0.00, real=0.01 secs] 
2016-09-25T23:11:18.673-0400: 67.465: [Full GC (Ergonomics) [PSYoungGen: 167596K->0K(175104K)] [ParOldGen: 492904K->356493K(524288K)] 660500K->356493K(699392K), [Metaspace: 43785K->43785K(1087488K)], 0.0786107 secs] [Times: user=0.51 sys=0.02, real=0.08 secs] 
2016-09-25T23:11:18.804-0400: 67.596: [GC (GCLocker Initiated GC) [PSYoungGen: 88064K->84108K(175104K)] 446218K->442263K(699392K), 0.0134895 secs] [Times: user=0.17 sys=0.01, real=0.01 secs] 
2016-09-25T23:11:18.873-0400: 67.664: [GC (GCLocker Initiated GC) [PSYoungGen: 172172K->59492K(175104K)] 533208K->435314K(699392K), 0.0106744 secs] [Times: user=0.12 sys=0.00, real=0.02 secs] 
2016-09-25T23:11:18.930-0400: 67.722: [GC (GCLocker Initiated GC) [PSYoungGen: 147556K->52564K(175104K)] 534584K->451258K(699392K), 0.0210224 secs] [Times: user=0.23 sys=0.01, real=0.02 secs] 
2016-09-25T23:11:19.006-0400: 67.797: [GC (GCLocker Initiated GC) [PSYoungGen: 140628K->50033K(175104K)] 557043K->486389K(699392K), 0.0108858 secs] [Times: user=0.15 sys=0.00, real=0.01 secs] 
2016-09-25T23:11:19.061-0400: 67.852: [GC (GCLocker Initiated GC) [PSYoungGen: 138097K->75411K(175104K)] 574537K->524994K(699392K), 0.0078112 secs] [Times: user=0.10 sys=0.00, real=0.01 secs] 
2016-09-25T23:11:19.110-0400: 67.902: [GC (GCLocker Initiated GC) [PSYoungGen: 163475K->86565K(175104K)] 614612K->561381K(699392K), 0.0102081 secs] [Times: user=0.16 sys=0.01, real=0.01 secs] 
2016-09-25T23:11:19.184-0400: 67.976: [Full GC (Ergonomics) [PSYoungGen: 174629K->0K(175104K)] [ParOldGen: 487010K->360819K(524288K)] 661640K->360819K(699392K), [Metaspace: 43786K->43786K(1087488K)], 0.0565094 secs] [Times: user=0.52 sys=0.01, real=0.05 secs] 
2016-09-25T23:11:19.297-0400: 68.089: [GC (GCLocker Initiated GC) [PSYoungGen: 88064K->60928K(175104K)] 449043K->421907K(699392K), 0.0065249 secs] [Times: user=0.06 sys=0.00, real=0.01 secs] 
2016-09-25T23:11:19.348-0400: 68.139: [GC (GCLocker Initiated GC) [PSYoungGen: 148992K->59455K(175104K)] 512730K->443206K(699392K), 0.0073764 secs] [Times: user=0.07 sys=0.00, real=0.01 secs] 
2016-09-25T23:11:19.408-0400: 68.200: [GC (GCLocker Initiated GC) [PSYoungGen: 147519K->43274K(175104K)] 540621K->453589K(699392K), 0.0075013 secs] [Times: user=0.08 sys=0.00, real=0.01 secs] 
2016-09-25T23:11:19.462-0400: 68.254: [GC (GCLocker Initiated GC) [PSYoungGen: 131338K->59458K(175104K)] 546089K->478053K(699392K), 0.0062980 secs] [Times: user=0.09 sys=0.01, real=0.00 secs] 
2016-09-25T23:11:19.505-0400: 68.297: [GC (GCLocker Initiated GC) [PSYoungGen: 147522K->72660K(175104K)] 570379K->497675K(699392K), 0.0097602 secs] [Times: user=0.09 sys=0.00, real=0.01 secs] 
2016-09-25T23:11:19.563-0400: 68.355: [GC (GCLocker Initiated GC) [PSYoungGen: 160724K->72810K(175104K)] 585812K->522984K(699392K), 0.0090766 secs] [Times: user=0.14 sys=0.00, real=0.00 secs] 
2016-09-25T23:11:19.618-0400: 68.409: [GC (GCLocker Initiated GC) [PSYoungGen: 160874K->72963K(175104K)] 611168K->537541K(699392K), 0.0102028 secs] [Times: user=0.16 sys=0.00, real=0.01 secs] 
2016-09-25T23:11:19.687-0400: 68.479: [GC (GCLocker Initiated GC) [PSYoungGen: 161027K->53932K(175104K)] 632477K->538453K(699392K), 0.0098627 secs] [Times: user=0.11 sys=0.00, real=0.01 secs] 
2016-09-25T23:11:19.755-0400: 68.547: [GC (GCLocker Initiated GC) [PSYoungGen: 141996K->60638K(175104K)] 628052K->569324K(699392K), 0.0104073 secs] [Times: user=0.14 sys=0.01, real=0.01 secs] 
2016-09-25T23:11:19.766-0400: 68.557: [Full GC (Ergonomics) [PSYoungGen: 60638K->0K(175104K)] [ParOldGen: 508686K->363665K(524288K)] 569324K->363665K(699392K), [Metaspace: 43788K->43788K(1087488K)], 0.0841088 secs] [Times: user=0.87 sys=0.00, real=0.08 secs] 
2016-09-25T23:11:19.892-0400: 68.684: [GC (GCLocker Initiated GC) [PSYoungGen: 88064K->81776K(175104K)] 451893K->445605K(699392K), 0.0077976 secs] [Times: user=0.11 sys=0.00, real=0.01 secs] 
2016-09-25T23:11:19.957-0400: 68.749: [GC (GCLocker Initiated GC) [PSYoungGen: 169840K->62236K(175104K)] 536463K->462849K(699392K), 0.0082686 secs] [Times: user=0.13 sys=0.00, real=0.01 secs] 
2016-09-25T23:11:20.011-0400: 68.803: [GC (GCLocker Initiated GC) [PSYoungGen: 150300K->59120K(175104K)] 551063K->494703K(699392K), 0.0082726 secs] [Times: user=0.12 sys=0.00, real=0.01 secs] 
2016-09-25T23:11:20.066-0400: 68.858: [GC (GCLocker Initiated GC) [PSYoungGen: 147184K->81323K(175104K)] 585477K->551264K(699392K), 0.0132393 secs] [Times: user=0.17 sys=0.00, real=0.01 secs] 
2016-09-25T23:11:20.138-0400: 68.929: [Full GC (Ergonomics) [PSYoungGen: 169387K->0K(175104K)] [ParOldGen: 476784K->372092K(524288K)] 646171K->372092K(699392K), [Metaspace: 43788K->43788K(1087488K)], 0.0652352 secs] [Times: user=0.58 sys=0.00, real=0.07 secs] 
2016-09-25T23:11:20.256-0400: 69.047: [GC (GCLocker Initiated GC) [PSYoungGen: 88064K->69166K(175104K)] 460229K->441331K(699392K), 0.0092768 secs] [Times: user=0.10 sys=0.01, real=0.01 secs] 
2016-09-25T23:11:20.299-0400: 69.091: [GC (GCLocker Initiated GC) [PSYoungGen: 157230K->85194K(175104K)] 534930K->478819K(699392K), 0.0123608 secs] [Times: user=0.18 sys=0.00, real=0.01 secs] 
2016-09-25T23:11:20.367-0400: 69.159: [GC (GCLocker Initiated GC) [PSYoungGen: 173258K->68810K(175104K)] 575129K->502784K(699392K), 0.0093169 secs] [Times: user=0.13 sys=0.00, real=0.01 secs] 
2016-09-25T23:11:20.427-0400: 69.219: [GC (GCLocker Initiated GC) [PSYoungGen: 156874K->60932K(175104K)] 600363K->516007K(699392K), 0.0074692 secs] [Times: user=0.10 sys=0.00, real=0.01 secs] 
2016-09-25T23:11:20.473-0400: 69.264: [GC (GCLocker Initiated GC) [PSYoungGen: 148996K->74300K(175104K)] 604177K->545403K(699392K), 0.0113149 secs] [Times: user=0.14 sys=0.00, real=0.02 secs] 
2016-09-25T23:11:20.533-0400: 69.325: [Full GC (Ergonomics) [PSYoungGen: 162364K->0K(175104K)] [ParOldGen: 482200K->361762K(524288K)] 644564K->361762K(699392K), [Metaspace: 43788K->43788K(1087488K)], 0.2663668 secs] [Times: user=3.90 sys=0.04, real=0.27 secs] 
2016-09-25T23:11:20.859-0400: 69.650: [GC (GCLocker Initiated GC) [PSYoungGen: 88064K->74457K(175104K)] 451816K->438209K(699392K), 0.0130434 secs] [Times: user=0.16 sys=0.01, real=0.01 secs] 
2016-09-25T23:11:20.914-0400: 69.705: [GC (GCLocker Initiated GC) [PSYoungGen: 162521K->44190K(175104K)] 534390K->429246K(699392K), 0.0066703 secs] [Times: user=0.07 sys=0.00, real=0.01 secs] 
2016-09-25T23:11:20.955-0400: 69.746: [GC (GCLocker Initiated GC) [PSYoungGen: 132254K->71155K(175104K)] 520205K->466635K(699392K), 0.0124191 secs] [Times: user=0.09 sys=0.00, real=0.01 secs] 
2016-09-25T23:11:21.032-0400: 69.823: [GC (GCLocker Initiated GC) [PSYoungGen: 159219K->64569K(175104K)] 561562K->499883K(699392K), 0.0120480 secs] [Times: user=0.18 sys=0.00, real=0.02 secs] 
2016-09-25T23:11:21.107-0400: 69.898: [GC (GCLocker Initiated GC) [PSYoungGen: 152633K->41667K(175104K)] 590665K->493822K(699392K), 0.0066773 secs] [Times: user=0.06 sys=0.00, real=0.00 secs] 
2016-09-25T23:11:21.154-0400: 69.946: [GC (GCLocker Initiated GC) [PSYoungGen: 129731K->72797K(175104K)] 584691K->547444K(699392K), 0.0087854 secs] [Times: user=0.12 sys=0.00, real=0.02 secs] 
2016-09-25T23:11:21.214-0400: 70.005: [GC (GCLocker Initiated GC) [PSYoungGen: 160861K->70194K(175104K)] 642415K->561965K(699392K), 0.0109447 secs] [Times: user=0.19 sys=0.00, real=0.02 secs] 
2016-09-25T23:11:21.225-0400: 70.016: [Full GC (Ergonomics) [PSYoungGen: 70194K->0K(175104K)] [ParOldGen: 491771K->363588K(524288K)] 561965K->363588K(699392K), [Metaspace: 43795K->43795K(1087488K)], 0.0870509 secs] [Times: user=0.73 sys=0.00, real=0.08 secs] 
2016-09-25T23:11:21.347-0400: 70.138: [GC (GCLocker Initiated GC) [PSYoungGen: 88064K->84105K(175104K)] 451771K->447813K(699392K), 0.0082668 secs] [Times: user=0.09 sys=0.00, real=0.01 secs] 
2016-09-25T23:11:21.395-0400: 70.186: [GC (GCLocker Initiated GC) [PSYoungGen: 172169K->49892K(175104K)] 540087K->455486K(699392K), 0.0244460 secs] [Times: user=0.30 sys=0.00, real=0.02 secs] 
2016-09-25T23:11:21.500-0400: 70.291: [GC (GCLocker Initiated GC) [PSYoungGen: 137956K->39094K(175104K)] 557118K->468485K(699392K), 0.0095424 secs] [Times: user=0.12 sys=0.00, real=0.01 secs] 
2016-09-25T23:11:21.546-0400: 70.338: [GC (GCLocker Initiated GC) [PSYoungGen: 127158K->85159K(175104K)] 559336K->523680K(699392K), 0.0085337 secs] [Times: user=0.13 sys=0.00, real=0.01 secs] 
2016-09-25T23:11:21.611-0400: 70.402: [GC (GCLocker Initiated GC) [PSYoungGen: 173223K->56194K(175104K)] 617252K->533562K(699392K), 0.0086159 secs] [Times: user=0.11 sys=0.00, real=0.01 secs] 
2016-09-25T23:11:21.619-0400: 70.411: [Full GC (Ergonomics) [PSYoungGen: 56194K->0K(175104K)] [ParOldGen: 477368K->375176K(524288K)] 533562K->375176K(699392K), [Metaspace: 43795K->43795K(1087488K)], 0.0896613 secs] [Times: user=0.63 sys=0.00, real=0.09 secs] 
2016-09-25T23:11:21.772-0400: 70.564: [GC (GCLocker Initiated GC) [PSYoungGen: 88064K->65196K(175104K)] 472762K->449895K(699392K), 0.0061665 secs] [Times: user=0.09 sys=0.00, real=0.01 secs] 
2016-09-25T23:11:21.821-0400: 70.612: [GC (GCLocker Initiated GC) [PSYoungGen: 153260K->70139K(175104K)] 547535K->500756K(699392K), 0.0096731 secs] [Times: user=0.13 sys=0.00, real=0.01 secs] 
2016-09-25T23:11:21.877-0400: 70.669: [GC (GCLocker Initiated GC) [PSYoungGen: 158203K->68674K(175104K)] 590379K->525960K(699392K), 0.0184958 secs] [Times: user=0.21 sys=0.01, real=0.02 secs] 
2016-09-25T23:11:21.960-0400: 70.752: [GC (GCLocker Initiated GC) [PSYoungGen: 156738K->60661K(175104K)] 615451K->552533K(699392K), 0.0149458 secs] [Times: user=0.19 sys=0.00, real=0.02 secs] 
2016-09-25T23:11:21.976-0400: 70.767: [Full GC (Ergonomics) [PSYoungGen: 60661K->0K(175104K)] [ParOldGen: 491871K->374230K(524288K)] 552533K->374230K(699392K), [Metaspace: 43795K->43795K(1087488K)], 0.0583668 secs] [Times: user=0.59 sys=0.01, real=0.05 secs] 
2016-09-25T23:11:22.076-0400: 70.867: [GC (GCLocker Initiated GC) [PSYoungGen: 88064K->76158K(175104K)] 470485K->458579K(699392K), 0.0093529 secs] [Times: user=0.12 sys=0.00, real=0.01 secs] 
2016-09-25T23:11:22.148-0400: 70.940: [GC (GCLocker Initiated GC) [PSYoungGen: 164222K->44490K(175104K)] 553490K->467530K(699392K), 0.0165163 secs] [Times: user=0.17 sys=0.00, real=0.02 secs] 
2016-09-25T23:11:22.229-0400: 71.021: [GC (GCLocker Initiated GC) [PSYoungGen: 132554K->67385K(175104K)] 562468K->526496K(699392K), 0.0097934 secs] [Times: user=0.11 sys=0.02, real=0.01 secs] 
2016-09-25T23:11:22.280-0400: 71.072: [Full GC (Ergonomics) [PSYoungGen: 155449K->0K(175104K)] [ParOldGen: 474072K->374812K(524288K)] 629522K->374812K(699392K), [Metaspace: 43795K->43795K(1087488K)], 0.0581833 secs] [Times: user=0.39 sys=0.01, real=0.06 secs] 
2016-09-25T23:11:22.393-0400: 71.185: [GC (GCLocker Initiated GC) [PSYoungGen: 88064K->55357K(175104K)] 466933K->434227K(699392K), 0.0111877 secs] [Times: user=0.16 sys=0.00, real=0.02 secs] 
2016-09-25T23:11:22.438-0400: 71.229: [GC (GCLocker Initiated GC) [PSYoungGen: 143421K->65767K(175104K)] 522524K->474225K(699392K), 0.0099851 secs] [Times: user=0.12 sys=0.01, real=0.01 secs] 
2016-09-25T23:11:22.497-0400: 71.289: [GC (GCLocker Initiated GC) [PSYoungGen: 153831K->59276K(175104K)] 565067K->503571K(699392K), 0.0088932 secs] [Times: user=0.13 sys=0.00, real=0.01 secs] 
2016-09-25T23:11:22.560-0400: 71.351: [GC (GCLocker Initiated GC) [PSYoungGen: 147340K->43403K(175104K)] 609369K->523712K(699392K), 0.0091940 secs] [Times: user=0.11 sys=0.00, real=0.01 secs] 
2016-09-25T23:11:22.569-0400: 71.361: [Full GC (Ergonomics) [PSYoungGen: 43403K->0K(175104K)] [ParOldGen: 480309K->374974K(524288K)] 523712K->374974K(699392K), [Metaspace: 43795K->43795K(1087488K)], 0.0589226 secs] [Times: user=0.44 sys=0.00, real=0.06 secs] 
2016-09-25T23:11:22.679-0400: 71.470: [GC (GCLocker Initiated GC) [PSYoungGen: 88064K->78726K(175104K)] 473908K->464571K(699392K), 0.0112324 secs] [Times: user=0.11 sys=0.01, real=0.01 secs] 
2016-09-25T23:11:22.737-0400: 71.529: [GC (GCLocker Initiated GC) [PSYoungGen: 166790K->50890K(175104K)] 562206K->471918K(699392K), 0.0081509 secs] [Times: user=0.10 sys=0.00, real=0.01 secs] 
2016-09-25T23:11:22.789-0400: 71.581: [GC (GCLocker Initiated GC) [PSYoungGen: 138954K->57762K(175104K)] 562736K->492912K(699392K), 0.0261558 secs] [Times: user=0.25 sys=0.00, real=0.03 secs] 
2016-09-25T23:11:22.865-0400: 71.657: [GC (GCLocker Initiated GC) [PSYoungGen: 145826K->56512K(175104K)] 581076K->503189K(699392K), 0.0073451 secs] [Times: user=0.08 sys=0.00, real=0.00 secs] 
2016-09-25T23:11:22.909-0400: 71.700: [GC (GCLocker Initiated GC) [PSYoungGen: 144576K->78301K(175104K)] 595415K->542068K(699392K), 0.0104191 secs] [Times: user=0.15 sys=0.00, real=0.01 secs] 
2016-09-25T23:11:22.970-0400: 71.761: [GC (GCLocker Initiated GC) [PSYoungGen: 166365K->57966K(175104K)] 638398K->555142K(699392K), 0.0084733 secs] [Times: user=0.09 sys=0.00, real=0.01 secs] 
2016-09-25T23:11:22.978-0400: 71.770: [Full GC (Ergonomics) [PSYoungGen: 57966K->0K(175104K)] [ParOldGen: 497175K->382919K(524288K)] 555142K->382919K(699392K), [Metaspace: 43795K->43795K(1087488K)], 0.0577821 secs] [Times: user=0.49 sys=0.01, real=0.06 secs] 
2016-09-25T23:11:23.083-0400: 71.875: [GC (GCLocker Initiated GC) [PSYoungGen: 88064K->63773K(175104K)] 480682K->456392K(699392K), 0.0096674 secs] [Times: user=0.08 sys=0.00, real=0.00 secs] 
2016-09-25T23:11:23.137-0400: 71.929: [GC (GCLocker Initiated GC) [PSYoungGen: 151837K->85920K(175104K)] 547315K->486798K(699392K), 0.0110793 secs] [Times: user=0.16 sys=0.00, real=0.01 secs] 
2016-09-25T23:11:23.189-0400: 71.981: [GC (GCLocker Initiated GC) [PSYoungGen: 173984K->55032K(175104K)] 581857K->486196K(699392K), 0.0079387 secs] [Times: user=0.09 sys=0.00, real=0.01 secs] 
2016-09-25T23:11:23.250-0400: 72.042: [GC (GCLocker Initiated GC) [PSYoungGen: 143096K->67363K(175104K)] 579769K->519491K(699392K), 0.0080888 secs] [Times: user=0.12 sys=0.00, real=0.01 secs] 
2016-09-25T23:11:23.289-0400: 72.081: [GC (GCLocker Initiated GC) [PSYoungGen: 155427K->71183K(175104K)] 607677K->541748K(699392K), 0.0106692 secs] [Times: user=0.13 sys=0.00, real=0.01 secs] 
2016-09-25T23:11:23.351-0400: 72.142: [GC (GCLocker Initiated GC) [PSYoungGen: 159247K->68679K(175104K)] 637990K->573639K(699392K), 0.0113690 secs] [Times: user=0.14 sys=0.00, real=0.02 secs] 
2016-09-25T23:11:23.362-0400: 72.154: [Full GC (Ergonomics) [PSYoungGen: 68679K->0K(175104K)] [ParOldGen: 504960K->385210K(524288K)] 573639K->385210K(699392K), [Metaspace: 43795K->43795K(1087488K)], 0.0627143 secs] [Times: user=0.59 sys=0.01, real=0.06 secs] 
2016-09-25T23:11:23.480-0400: 72.271: [GC (GCLocker Initiated GC) [PSYoungGen: 88064K->60938K(175104K)] 492906K->465780K(699392K), 0.0112297 secs] [Times: user=0.14 sys=0.00, real=0.01 secs] 
2016-09-25T23:11:23.535-0400: 72.326: [GC (GCLocker Initiated GC) [PSYoungGen: 149002K->54836K(175104K)] 556719K->487919K(699392K), 0.0074149 secs] [Times: user=0.08 sys=0.00, real=0.01 secs] 
2016-09-25T23:11:23.589-0400: 72.380: [GC (GCLocker Initiated GC) [PSYoungGen: 142900K->58968K(147456K)] 582844K->522319K(671744K), 0.0117680 secs] [Times: user=0.15 sys=0.00, real=0.01 secs] 
2016-09-25T23:11:23.644-0400: 72.436: [GC (GCLocker Initiated GC) [PSYoungGen: 147032K->83980K(173056K)] 618617K->571765K(697344K), 0.0098869 secs] [Times: user=0.12 sys=0.00, real=0.00 secs] 
2016-09-25T23:11:23.654-0400: 72.446: [Full GC (Ergonomics) [PSYoungGen: 83980K->0K(173056K)] [ParOldGen: 487784K->386548K(524288K)] 571765K->386548K(697344K), [Metaspace: 43795K->43795K(1087488K)], 0.0555869 secs] [Times: user=0.46 sys=0.00, real=0.06 secs] 
2016-09-25T23:11:23.758-0400: 72.549: [GC (GCLocker Initiated GC) [PSYoungGen: 87040K->72900K(174080K)] 476460K->462321K(698368K), 0.0092822 secs] [Times: user=0.12 sys=0.01, real=0.01 secs] 
2016-09-25T23:11:23.809-0400: 72.601: [GC (GCLocker Initiated GC) [PSYoungGen: 159940K->85030K(175104K)] 559311K->494742K(699392K), 0.0153363 secs] [Times: user=0.21 sys=0.00, real=0.02 secs] 
2016-09-25T23:11:23.873-0400: 72.665: [GC (GCLocker Initiated GC) [PSYoungGen: 173094K->61686K(175104K)] 582990K->492637K(699392K), 0.0117508 secs] [Times: user=0.09 sys=0.00, real=0.02 secs] 
2016-09-25T23:11:23.930-0400: 72.722: [GC (GCLocker Initiated GC) [PSYoungGen: 149750K->61869K(175104K)] 590449K->524685K(699392K), 0.0081553 secs] [Times: user=0.11 sys=0.00, real=0.01 secs] 
2016-09-25T23:11:23.990-0400: 72.782: [GC (GCLocker Initiated GC) [PSYoungGen: 149933K->52120K(175104K)] 618390K->540140K(699392K), 0.0111315 secs] [Times: user=0.11 sys=0.00, real=0.01 secs] 
2016-09-25T23:11:24.002-0400: 72.793: [Full GC (Ergonomics) [PSYoungGen: 52120K->0K(175104K)] [ParOldGen: 488020K->382746K(524288K)] 540140K->382746K(699392K), [Metaspace: 43796K->43796K(1087488K)], 0.0660010 secs] [Times: user=0.55 sys=0.03, real=0.07 secs] 
2016-09-25T23:11:24.116-0400: 72.907: [GC (GCLocker Initiated GC) [PSYoungGen: 88064K->72734K(175104K)] 474136K->458807K(699392K), 0.0069579 secs] [Times: user=0.10 sys=0.00, real=0.01 secs] 
2016-09-25T23:11:24.158-0400: 72.950: [GC (GCLocker Initiated GC) [PSYoungGen: 160798K->60546K(175104K)] 552484K->474636K(699392K), 0.0100945 secs] [Times: user=0.15 sys=0.00, real=0.01 secs] 
2016-09-25T23:11:24.217-0400: 73.008: [GC (GCLocker Initiated GC) [PSYoungGen: 148610K->67210K(175104K)] 569566K->513232K(699392K), 0.0086642 secs] [Times: user=0.13 sys=0.00, real=0.01 secs] 
2016-09-25T23:11:24.269-0400: 73.061: [GC (GCLocker Initiated GC) [PSYoungGen: 155274K->57669K(175104K)] 609616K->532857K(699392K), 0.0165443 secs] [Times: user=0.18 sys=0.00, real=0.02 secs] 
2016-09-25T23:11:24.335-0400: 73.126: [GC (GCLocker Initiated GC) [PSYoungGen: 145733K->69881K(175104K)] 627871K->572898K(699392K), 0.0117985 secs] [Times: user=0.15 sys=0.01, real=0.01 secs] 
2016-09-25T23:11:24.347-0400: 73.138: [Full GC (Ergonomics) [PSYoungGen: 69881K->0K(175104K)] [ParOldGen: 503016K->389817K(524288K)] 572898K->389817K(699392K), [Metaspace: 43797K->43797K(1087488K)], 0.0624183 secs] [Times: user=0.51 sys=0.01, real=0.06 secs] 
2016-09-25T23:11:24.455-0400: 73.247: [GC (GCLocker Initiated GC) [PSYoungGen: 88064K->66242K(154624K)] 480741K->458919K(678912K), 0.0106264 secs] [Times: user=0.13 sys=0.01, real=0.01 secs] 
2016-09-25T23:11:24.511-0400: 73.303: [GC (GCLocker Initiated GC) [PSYoungGen: 154306K->84343K(172032K)] 549934K->496172K(696320K), 0.0081901 secs] [Times: user=0.12 sys=0.00, real=0.01 secs] 
2016-09-25T23:11:24.555-0400: 73.347: [GC (GCLocker Initiated GC) [PSYoungGen: 170871K->65639K(173568K)] 582859K->514172K(697856K), 0.0115520 secs] [Times: user=0.09 sys=0.00, real=0.01 secs] 
2016-09-25T23:11:24.605-0400: 73.397: [GC (GCLocker Initiated GC) [PSYoungGen: 152167K->73911K(175104K)] 600822K->560795K(699392K), 0.0122283 secs] [Times: user=0.17 sys=0.01, real=0.01 secs] 
2016-09-25T23:11:24.618-0400: 73.409: [Full GC (Ergonomics) [PSYoungGen: 73911K->0K(175104K)] [ParOldGen: 486884K->388195K(524288K)] 560795K->388195K(699392K), [Metaspace: 43797K->43797K(1087488K)], 0.0617110 secs] [Times: user=0.54 sys=0.00, real=0.06 secs] 
2016-09-25T23:11:24.715-0400: 73.507: [GC (GCLocker Initiated GC) [PSYoungGen: 88064K->75565K(175104K)] 477829K->465331K(699392K), 0.0094134 secs] [Times: user=0.12 sys=0.00, real=0.01 secs] 
2016-09-25T23:11:24.771-0400: 73.562: [GC (GCLocker Initiated GC) [PSYoungGen: 163629K->63096K(175104K)] 558906K->487534K(699392K), 0.0098940 secs] [Times: user=0.10 sys=0.01, real=0.01 secs] 
2016-09-25T23:11:24.812-0400: 73.604: [GC (GCLocker Initiated GC) [PSYoungGen: 151160K->67341K(155648K)] 578428K->526235K(679936K), 0.0091428 secs] [Times: user=0.14 sys=0.00, real=0.01 secs] 
2016-09-25T23:11:24.865-0400: 73.657: [GC (GCLocker Initiated GC) [PSYoungGen: 155405K->72599K(174592K)] 615807K->557944K(698880K), 0.0090957 secs] [Times: user=0.11 sys=0.01, real=0.01 secs] 
2016-09-25T23:11:24.875-0400: 73.669: [Full GC (Ergonomics) [PSYoungGen: 72599K->0K(174592K)] [ParOldGen: 485345K->385356K(524288K)] 557944K->385356K(698880K), [Metaspace: 43797K->43797K(1087488K)], 0.0642260 secs] [Times: user=0.63 sys=0.01, real=0.06 secs] 
2016-09-25T23:11:24.982-0400: 73.774: [GC (GCLocker Initiated GC) [PSYoungGen: 88064K->86175K(174592K)] 477589K->475701K(698880K), 0.0080956 secs] [Times: user=0.12 sys=0.00, real=0.01 secs] 
2016-09-25T23:11:25.020-0400: 73.812: [GC (GCLocker Initiated GC) [PSYoungGen: 174239K->64588K(175104K)] 569369K->492804K(699392K), 0.0102719 secs] [Times: user=0.16 sys=0.00, real=0.01 secs] 
2016-09-25T23:11:25.080-0400: 73.872: [GC (GCLocker Initiated GC) [PSYoungGen: 152652K->68460K(175104K)] 589023K->518945K(699392K), 0.0109346 secs] [Times: user=0.13 sys=0.01, real=0.01 secs] 
2016-09-25T23:11:25.130-0400: 73.921: [GC (GCLocker Initiated GC) [PSYoungGen: 156524K->59017K(175104K)] 607089K->537050K(699392K), 0.0099813 secs] [Times: user=0.11 sys=0.00, real=0.01 secs] 
2016-09-25T23:11:25.140-0400: 73.931: [Full GC (Ergonomics) [PSYoungGen: 59017K->0K(175104K)] [ParOldGen: 478033K->390403K(524288K)] 537050K->390403K(699392K), [Metaspace: 43797K->43797K(1087488K)], 0.0599250 secs] [Times: user=0.57 sys=0.00, real=0.06 secs] 
2016-09-25T23:11:25.249-0400: 74.041: [GC (GCLocker Initiated GC) [PSYoungGen: 88064K->75357K(175104K)] 486829K->474122K(699392K), 0.0090935 secs] [Times: user=0.10 sys=0.00, real=0.01 secs] 
2016-09-25T23:11:25.308-0400: 74.100: [GC (GCLocker Initiated GC) [PSYoungGen: 163421K->58983K(175104K)] 562248K->480076K(699392K), 0.0064656 secs] [Times: user=0.09 sys=0.00, real=0.01 secs] 
2016-09-25T23:11:25.352-0400: 74.143: [GC (GCLocker Initiated GC) [PSYoungGen: 147047K->61680K(175104K)] 573739K->498269K(699392K), 0.0081256 secs] [Times: user=0.06 sys=0.00, real=0.01 secs] 
2016-09-25T23:11:25.412-0400: 74.203: [GC (GCLocker Initiated GC) [PSYoungGen: 149744K->52222K(175104K)] 591832K->515128K(699392K), 0.0079314 secs] [Times: user=0.11 sys=0.01, real=0.01 secs] 
2016-09-25T23:11:25.462-0400: 74.253: [GC (GCLocker Initiated GC) [PSYoungGen: 140286K->57485K(175104K)] 614181K->535828K(699392K), 0.0084624 secs] [Times: user=0.07 sys=0.00, real=0.01 secs] 
2016-09-25T23:11:25.503-0400: 74.294: [Full GC (Ergonomics) [PSYoungGen: 145549K->0K(175104K)] [ParOldGen: 486642K->402580K(524288K)] 632191K->402580K(699392K), [Metaspace: 43797K->43797K(1087488K)], 0.0753156 secs] [Times: user=0.66 sys=0.00, real=0.07 secs] 
2016-09-25T23:11:25.626-0400: 74.418: [GC (GCLocker Initiated GC) [PSYoungGen: 88064K->57763K(174080K)] 496829K->466528K(698368K), 0.0111546 secs] [Times: user=0.08 sys=0.02, real=0.01 secs] 
2016-09-25T23:11:25.682-0400: 74.473: [GC (GCLocker Initiated GC) [PSYoungGen: 145827K->70179K(174592K)] 561462K->485814K(698880K), 0.0083623 secs] [Times: user=0.08 sys=0.00, real=0.01 secs] 
2016-09-25T23:11:25.724-0400: 74.516: [GC (GCLocker Initiated GC) [PSYoungGen: 158243K->75675K(174592K)] 582906K->500338K(698880K), 0.0081757 secs] [Times: user=0.10 sys=0.00, real=0.00 secs] 
2016-09-25T23:11:25.760-0400: 74.552: [GC (GCLocker Initiated GC) [PSYoungGen: 163739K->63029K(175104K)] 591172K->499344K(699392K), 0.0085022 secs] [Times: user=0.11 sys=0.00, real=0.01 secs] 
2016-09-25T23:11:25.809-0400: 74.601: [GC (GCLocker Initiated GC) [PSYoungGen: 151093K->84919K(174592K)] 594272K->541599K(698880K), 0.0105844 secs] [Times: user=0.14 sys=0.00, real=0.01 secs] 
2016-09-25T23:11:25.872-0400: 74.663: [GC (GCLocker Initiated GC) [PSYoungGen: 172983K->71193K(175104K)] 633791K->554046K(699392K), 0.0116518 secs] [Times: user=0.19 sys=0.00, real=0.02 secs] 
2016-09-25T23:11:25.934-0400: 74.726: [Full GC (Ergonomics) [PSYoungGen: 159257K->0K(175104K)] [ParOldGen: 491188K->403774K(524288K)] 650445K->403774K(699392K), [Metaspace: 43797K->43797K(1087488K)], 0.0662638 secs] [Times: user=0.64 sys=0.02, real=0.06 secs] 
2016-09-25T23:11:26.039-0400: 74.831: [GC (GCLocker Initiated GC) [PSYoungGen: 88064K->69748K(175104K)] 496084K->477769K(699392K), 0.0074787 secs] [Times: user=0.10 sys=0.01, real=0.01 secs] 
2016-09-25T23:11:26.098-0400: 74.889: [GC (GCLocker Initiated GC) [PSYoungGen: 157812K->76572K(175104K)] 574190K->509596K(699392K), 0.0150811 secs] [Times: user=0.18 sys=0.01, real=0.01 secs] 
2016-09-25T23:11:26.181-0400: 74.973: [GC (GCLocker Initiated GC) [PSYoungGen: 164636K->30482K(175104K)] 604033K->489223K(699392K), 0.0077406 secs] [Times: user=0.05 sys=0.00, real=0.01 secs] 
2016-09-25T23:11:26.223-0400: 75.015: [GC (GCLocker Initiated GC) [PSYoungGen: 118546K->48074K(175104K)] 586821K->541095K(699392K), 0.0068402 secs] [Times: user=0.09 sys=0.01, real=0.00 secs] 
2016-09-25T23:11:26.230-0400: 75.022: [Full GC (Ergonomics) [PSYoungGen: 48074K->0K(175104K)] [ParOldGen: 493021K->393804K(524288K)] 541095K->393804K(699392K), [Metaspace: 43797K->43797K(1087488K)], 0.0579108 secs] [Times: user=0.50 sys=0.01, real=0.06 secs] 
2016-09-25T23:11:26.346-0400: 75.138: [GC (GCLocker Initiated GC) [PSYoungGen: 88064K->72539K(175104K)] 485952K->470427K(699392K), 0.0080093 secs] [Times: user=0.11 sys=0.00, real=0.01 secs] 
2016-09-25T23:11:26.410-0400: 75.202: [GC (GCLocker Initiated GC) [PSYoungGen: 160603K->45385K(175104K)] 558528K->462721K(699392K), 0.0140709 secs] [Times: user=0.11 sys=0.01, real=0.02 secs] 
2016-09-25T23:11:26.451-0400: 75.243: [GC (GCLocker Initiated GC) [PSYoungGen: 133449K->85905K(175104K)] 553656K->517287K(699392K), 0.0095619 secs] [Times: user=0.12 sys=0.00, real=0.01 secs] 
2016-09-25T23:11:26.499-0400: 75.290: [GC (GCLocker Initiated GC) [PSYoungGen: 173969K->61611K(175104K)] 614952K->527361K(699392K), 0.0082560 secs] [Times: user=0.09 sys=0.01, real=0.01 secs] 
2016-09-25T23:11:26.570-0400: 75.362: [GC (GCLocker Initiated GC) [PSYoungGen: 149675K->49431K(175104K)] 623621K->546873K(699392K), 0.0227554 secs] [Times: user=0.28 sys=0.00, real=0.02 secs] 
2016-09-25T23:11:26.593-0400: 75.385: [Full GC (Ergonomics) [PSYoungGen: 49431K->0K(175104K)] [ParOldGen: 497442K->394794K(524288K)] 546873K->394794K(699392K), [Metaspace: 43797K->43797K(1087488K)], 0.0659488 secs] [Times: user=0.61 sys=0.01, real=0.07 secs] 
2016-09-25T23:11:26.693-0400: 75.485: [GC (GCLocker Initiated GC) [PSYoungGen: 88064K->84858K(175104K)] 484282K->483777K(699392K), 0.0076592 secs] [Times: user=0.10 sys=0.00, real=0.01 secs] 
2016-09-25T23:11:26.734-0400: 75.526: [GC (GCLocker Initiated GC) [PSYoungGen: 172922K->77852K(175104K)] 571886K->499193K(699392K), 0.0125124 secs] [Times: user=0.19 sys=0.00, real=0.02 secs] 
2016-09-25T23:11:26.805-0400: 75.597: [GC (GCLocker Initiated GC) [PSYoungGen: 165916K->65854K(175104K)] 587296K->510637K(699392K), 0.0117694 secs] [Times: user=0.15 sys=0.01, real=0.01 secs] 
2016-09-25T23:11:26.871-0400: 75.663: [GC (GCLocker Initiated GC) [PSYoungGen: 153918K->64489K(175104K)] 604259K->534374K(699392K), 0.0076740 secs] [Times: user=0.12 sys=0.01, real=0.01 secs] 
2016-09-25T23:11:26.928-0400: 75.720: [GC (GCLocker Initiated GC) [PSYoungGen: 152553K->65757K(175104K)] 622536K->560548K(699392K), 0.0099864 secs] [Times: user=0.14 sys=0.00, real=0.01 secs] 
2016-09-25T23:11:26.938-0400: 75.730: [Full GC (Ergonomics) [PSYoungGen: 65757K->0K(175104K)] [ParOldGen: 494791K->386563K(524288K)] 560548K->386563K(699392K), [Metaspace: 43797K->43797K(1087488K)], 0.0684873 secs] [Times: user=0.59 sys=0.01, real=0.07 secs] 
2016-09-25T23:11:27.061-0400: 75.852: [GC (GCLocker Initiated GC) [PSYoungGen: 88064K->76790K(175104K)] 477421K->466148K(699392K), 0.0113397 secs] [Times: user=0.14 sys=0.00, real=0.01 secs] 
2016-09-25T23:11:27.115-0400: 75.907: [GC (GCLocker Initiated GC) [PSYoungGen: 164854K->74042K(175104K)] 557195K->488715K(699392K), 0.0084124 secs] [Times: user=0.13 sys=0.00, real=0.01 secs] 
2016-09-25T23:11:27.165-0400: 75.957: [GC (GCLocker Initiated GC) [PSYoungGen: 162106K->60341K(175104K)] 576817K->495945K(699392K), 0.0075017 secs] [Times: user=0.10 sys=0.01, real=0.00 secs] 
2016-09-25T23:11:27.225-0400: 76.017: [GC (GCLocker Initiated GC) [PSYoungGen: 148405K->63092K(175104K)] 590188K->516161K(699392K), 0.0110197 secs] [Times: user=0.12 sys=0.00, real=0.01 secs] 
2016-09-25T23:11:27.299-0400: 76.090: [GC (Allocation Failure) [PSYoungGen: 151156K->76541K(175104K)] 612384K->543731K(699392K), 0.0118656 secs] [Times: user=0.15 sys=0.01, real=0.01 secs] 
2016-09-25T23:11:27.349-0400: 76.141: [GC (GCLocker Initiated GC) [PSYoungGen: 164605K->77948K(175104K)] 631807K->575292K(699392K), 0.0099025 secs] [Times: user=0.13 sys=0.00, real=0.01 secs] 
2016-09-25T23:11:27.360-0400: 76.151: [Full GC (Ergonomics) [PSYoungGen: 77948K->0K(175104K)] [ParOldGen: 497343K->397784K(524288K)] 575292K->397784K(699392K), [Metaspace: 43797K->43797K(1087488K)], 0.0574763 secs] [Times: user=0.39 sys=0.01, real=0.06 secs] 
2016-09-25T23:11:27.460-0400: 76.251: [GC (GCLocker Initiated GC) [PSYoungGen: 88064K->64383K(175104K)] 490021K->466340K(699392K), 0.0088490 secs] [Times: user=0.11 sys=0.00, real=0.01 secs] 
2016-09-25T23:11:27.503-0400: 76.295: [GC (GCLocker Initiated GC) [PSYoungGen: 152447K->76807K(175104K)] 554498K->496924K(699392K), 0.0117834 secs] [Times: user=0.16 sys=0.00, real=0.01 secs] 
2016-09-25T23:11:27.561-0400: 76.353: [GC (GCLocker Initiated GC) [PSYoungGen: 164871K->61791K(175104K)] 591886K->517863K(699392K), 0.0139388 secs] [Times: user=0.16 sys=0.01, real=0.02 secs] 
2016-09-25T23:11:27.620-0400: 76.411: [GC (GCLocker Initiated GC) [PSYoungGen: 149855K->40173K(175104K)] 611379K->532012K(699392K), 0.0099322 secs] [Times: user=0.09 sys=0.01, real=0.01 secs] 
2016-09-25T23:11:27.630-0400: 76.422: [Full GC (Ergonomics) [PSYoungGen: 40173K->0K(175104K)] [ParOldGen: 491838K->396030K(524288K)] 532012K->396030K(699392K), [Metaspace: 43797K->43797K(1087488K)], 0.0632394 secs] [Times: user=0.63 sys=0.00, real=0.06 secs] 
2016-09-25T23:11:27.742-0400: 76.534: [GC (GCLocker Initiated GC) [PSYoungGen: 88064K->63534K(175104K)] 492378K->467849K(699392K), 0.0191149 secs] [Times: user=0.24 sys=0.00, real=0.02 secs] 
2016-09-25T23:11:27.808-0400: 76.599: [GC (GCLocker Initiated GC) [PSYoungGen: 151598K->60398K(175104K)] 558748K->494113K(699392K), 0.0090558 secs] [Times: user=0.10 sys=0.00, real=0.01 secs] 
2016-09-25T23:11:27.857-0400: 76.649: [GC (GCLocker Initiated GC) [PSYoungGen: 148462K->56304K(175104K)] 582263K->513610K(699392K), 0.0088639 secs] [Times: user=0.07 sys=0.01, real=0.01 secs] 
2016-09-25T23:11:27.911-0400: 76.703: [GC (GCLocker Initiated GC) [PSYoungGen: 144368K->75243K(175104K)] 607277K->564399K(699392K), 0.0111008 secs] [Times: user=0.17 sys=0.00, real=0.02 secs] 
2016-09-25T23:11:27.922-0400: 76.714: [Full GC (Ergonomics) [PSYoungGen: 75243K->0K(175104K)] [ParOldGen: 489156K->406578K(524288K)] 564399K->406578K(699392K), [Metaspace: 43797K->43797K(1087488K)], 0.1200167 secs] [Times: user=1.60 sys=0.00, real=0.12 secs] 
2016-09-25T23:11:28.086-0400: 76.878: [GC (GCLocker Initiated GC) [PSYoungGen: 88064K->59267K(175104K)] 497463K->468666K(699392K), 0.0061542 secs] [Times: user=0.09 sys=0.00, real=0.00 secs] 
2016-09-25T23:11:28.136-0400: 76.928: [GC (GCLocker Initiated GC) [PSYoungGen: 147331K->53617K(175104K)] 566499K->485623K(699392K), 0.0089642 secs] [Times: user=0.14 sys=0.00, real=0.01 secs] 
2016-09-25T23:11:28.184-0400: 76.976: [GC (GCLocker Initiated GC) [PSYoungGen: 141681K->69906K(175104K)] 579189K->513366K(699392K), 0.0140018 secs] [Times: user=0.19 sys=0.00, real=0.01 secs] 
2016-09-25T23:11:28.239-0400: 77.031: [GC (GCLocker Initiated GC) [PSYoungGen: 157970K->69821K(175104K)] 606962K->530206K(699392K), 0.0117309 secs] [Times: user=0.14 sys=0.01, real=0.01 secs] 
2016-09-25T23:11:28.295-0400: 77.087: [GC (GCLocker Initiated GC) [PSYoungGen: 157885K->53681K(175104K)] 626588K->541871K(699392K), 0.0104281 secs] [Times: user=0.08 sys=0.01, real=0.01 secs] 
2016-09-25T23:11:28.306-0400: 77.097: [Full GC (Ergonomics) [PSYoungGen: 53681K->0K(175104K)] [ParOldGen: 488189K->393437K(524288K)] 541871K->393437K(699392K), [Metaspace: 43798K->43798K(1087488K)], 0.0601490 secs] [Times: user=0.56 sys=0.01, real=0.06 secs] 
2016-09-25T23:11:28.403-0400: 77.195: [GC (GCLocker Initiated GC) [PSYoungGen: 88064K->84949K(175104K)] 481650K->478535K(699392K), 0.0119388 secs] [Times: user=0.18 sys=0.00, real=0.01 secs] 
2016-09-25T23:11:28.464-0400: 77.256: [GC (GCLocker Initiated GC) [PSYoungGen: 173013K->49721K(175104K)] 571065K->482320K(699392K), 0.0098452 secs] [Times: user=0.15 sys=0.01, real=0.00 secs] 
2016-09-25T23:11:28.503-0400: 77.295: [GC (GCLocker Initiated GC) [PSYoungGen: 137785K->80649K(175104K)] 570581K->542490K(699392K), 0.0117166 secs] [Times: user=0.18 sys=0.01, real=0.01 secs] 
2016-09-25T23:11:28.565-0400: 77.356: [GC (GCLocker Initiated GC) [PSYoungGen: 168713K->71154K(175104K)] 633524K->558120K(699392K), 0.0084876 secs] [Times: user=0.14 sys=0.00, real=0.00 secs] 
2016-09-25T23:11:28.573-0400: 77.365: [Full GC (Ergonomics) [PSYoungGen: 71154K->0K(175104K)] [ParOldGen: 486966K->401529K(524288K)] 558120K->401529K(699392K), [Metaspace: 43805K->43805K(1087488K)], 0.0606421 secs] [Times: user=0.54 sys=0.00, real=0.06 secs] 
2016-09-25T23:11:28.688-0400: 77.480: [GC (GCLocker Initiated GC) [PSYoungGen: 88064K->55095K(175104K)] 495078K->462110K(699392K), 0.0139351 secs] [Times: user=0.17 sys=0.00, real=0.02 secs] 
2016-09-25T23:11:28.736-0400: 77.528: [GC (GCLocker Initiated GC) [PSYoungGen: 143159K->85166K(175104K)] 550323K->528122K(699392K), 0.0156684 secs] [Times: user=0.20 sys=0.01, real=0.01 secs] 
2016-09-25T23:11:28.808-0400: 77.600: [GC (Allocation Failure) [PSYoungGen: 173230K->57936K(175104K)] 625769K->545179K(699392K), 0.0083786 secs] [Times: user=0.12 sys=0.00, real=0.01 secs] 
2016-09-25T23:11:28.817-0400: 77.608: [Full GC (Ergonomics) [PSYoungGen: 57936K->0K(175104K)] [ParOldGen: 487243K->402603K(524288K)] 545179K->402603K(699392K), [Metaspace: 43805K->43805K(1087488K)], 0.0718328 secs] [Times: user=0.54 sys=0.01, real=0.07 secs] 
2016-09-25T23:11:28.933-0400: 77.725: [GC (GCLocker Initiated GC) [PSYoungGen: 86811K->81243K(175104K)] 494814K->489247K(699392K), 0.0148863 secs] [Times: user=0.22 sys=0.00, real=0.02 secs] 
2016-09-25T23:11:29.003-0400: 77.795: [GC (GCLocker Initiated GC) [PSYoungGen: 169307K->55115K(175104K)] 584091K->492558K(699392K), 0.0114572 secs] [Times: user=0.13 sys=0.01, real=0.01 secs] 
2016-09-25T23:11:29.067-0400: 77.858: [GC (GCLocker Initiated GC) [PSYoungGen: 143179K->56598K(175104K)] 580779K->515059K(699392K), 0.0117280 secs] [Times: user=0.15 sys=0.00, real=0.01 secs] 
2016-09-25T23:11:29.117-0400: 77.909: [GC (GCLocker Initiated GC) [PSYoungGen: 144662K->60636K(175104K)] 605882K->541608K(699392K), 0.0104114 secs] [Times: user=0.12 sys=0.00, real=0.01 secs] 
2016-09-25T23:11:29.128-0400: 77.920: [Full GC (Ergonomics) [PSYoungGen: 60636K->0K(175104K)] [ParOldGen: 480972K->409732K(524288K)] 541608K->409732K(699392K), [Metaspace: 43805K->43805K(1087488K)], 0.0637754 secs] [Times: user=0.50 sys=0.00, real=0.06 secs] 
2016-09-25T23:11:29.242-0400: 78.034: [GC (GCLocker Initiated GC) [PSYoungGen: 88064K->74213K(175104K)] 500588K->486738K(699392K), 0.0074603 secs] [Times: user=0.07 sys=0.00, real=0.00 secs] 
2016-09-25T23:11:29.291-0400: 78.083: [GC (GCLocker Initiated GC) [PSYoungGen: 162277K->52790K(175104K)] 584259K->494513K(699392K), 0.0096808 secs] [Times: user=0.15 sys=0.01, real=0.01 secs] 
2016-09-25T23:11:29.348-0400: 78.140: [GC (GCLocker Initiated GC) [PSYoungGen: 140854K->42943K(175104K)] 585427K->497984K(699392K), 0.0092861 secs] [Times: user=0.12 sys=0.00, real=0.01 secs] 
2016-09-25T23:11:29.398-0400: 78.190: [GC (GCLocker Initiated GC) [PSYoungGen: 131007K->79476K(175104K)] 586170K->563671K(699392K), 0.0094548 secs] [Times: user=0.16 sys=0.00, real=0.01 secs] 
2016-09-25T23:11:29.408-0400: 78.199: [Full GC (Ergonomics) [PSYoungGen: 79476K->0K(175104K)] [ParOldGen: 484194K->411643K(524288K)] 563671K->411643K(699392K), [Metaspace: 43805K->43805K(1087488K)], 0.0600597 secs] [Times: user=0.47 sys=0.01, real=0.06 secs] 
2016-09-25T23:11:29.520-0400: 78.311: [GC (GCLocker Initiated GC) [PSYoungGen: 88064K->53116K(175104K)] 507937K->472990K(699392K), 0.0202871 secs] [Times: user=0.25 sys=0.01, real=0.02 secs] 
2016-09-25T23:11:29.588-0400: 78.380: [GC (GCLocker Initiated GC) [PSYoungGen: 141180K->76159K(175104K)] 564211K->508718K(699392K), 0.0240282 secs] [Times: user=0.33 sys=0.00, real=0.02 secs] 
2016-09-25T23:11:29.665-0400: 78.457: [GC (GCLocker Initiated GC) [PSYoungGen: 164223K->49690K(175104K)] 599525K->528288K(699392K), 0.0082052 secs] [Times: user=0.12 sys=0.00, real=0.00 secs] 
2016-09-25T23:11:29.673-0400: 78.465: [Full GC (Ergonomics) [PSYoungGen: 49690K->0K(175104K)] [ParOldGen: 478597K->405147K(524288K)] 528288K->405147K(699392K), [Metaspace: 43805K->43805K(1087488K)], 0.0629565 secs] [Times: user=0.65 sys=0.01, real=0.07 secs] 
2016-09-25T23:11:29.782-0400: 78.574: [GC (GCLocker Initiated GC) [PSYoungGen: 88064K->65770K(175104K)] 496013K->473720K(699392K), 0.0075366 secs] [Times: user=0.08 sys=0.00, real=0.00 secs] 
2016-09-25T23:11:29.844-0400: 78.636: [GC (GCLocker Initiated GC) [PSYoungGen: 153834K->66298K(175104K)] 567301K->512736K(699392K), 0.0085955 secs] [Times: user=0.13 sys=0.00, real=0.00 secs] 
2016-09-25T23:11:29.894-0400: 78.685: [GC (GCLocker Initiated GC) [PSYoungGen: 154362K->77572K(175104K)] 600958K->545412K(699392K), 0.0116401 secs] [Times: user=0.16 sys=0.01, real=0.02 secs] 
2016-09-25T23:11:29.955-0400: 78.747: [GC (GCLocker Initiated GC) [PSYoungGen: 165636K->48744K(175104K)] 636349K->560115K(699392K), 0.0105163 secs] [Times: user=0.16 sys=0.00, real=0.01 secs] 
2016-09-25T23:11:29.966-0400: 78.757: [Full GC (Ergonomics) [PSYoungGen: 48744K->0K(175104K)] [ParOldGen: 511371K->413245K(524288K)] 560115K->413245K(699392K), [Metaspace: 43805K->43805K(1087488K)], 0.0598257 secs] [Times: user=0.57 sys=0.00, real=0.06 secs] 
2016-09-25T23:11:30.066-0400: 78.858: [GC (GCLocker Initiated GC) [PSYoungGen: 88064K->73304K(175104K)] 508256K->493497K(699392K), 0.0075054 secs] [Times: user=0.10 sys=0.00, real=0.00 secs] 
2016-09-25T23:11:30.128-0400: 78.920: [GC (GCLocker Initiated GC) [PSYoungGen: 161368K->45734K(175104K)] 581649K->503590K(699392K), 0.0098277 secs] [Times: user=0.14 sys=0.00, real=0.01 secs] 
2016-09-25T23:11:30.170-0400: 78.961: [GC (GCLocker Initiated GC) [PSYoungGen: 133798K->79349K(175104K)] 592215K->569588K(699392K), 0.0118363 secs] [Times: user=0.16 sys=0.01, real=0.01 secs] 
2016-09-25T23:11:30.182-0400: 78.973: [Full GC (Ergonomics) [PSYoungGen: 79349K->0K(175104K)] [ParOldGen: 490239K->416884K(524288K)] 569588K->416884K(699392K), [Metaspace: 43805K->43805K(1087488K)], 0.0619248 secs] [Times: user=0.60 sys=0.02, real=0.07 secs] 
2016-09-25T23:11:30.304-0400: 79.096: [GC (GCLocker Initiated GC) [PSYoungGen: 88064K->70512K(175104K)] 505398K->487855K(699392K), 0.0087720 secs] [Times: user=0.14 sys=0.01, real=0.00 secs] 
2016-09-25T23:11:30.350-0400: 79.142: [GC (GCLocker Initiated GC) [PSYoungGen: 158576K->74615K(175104K)] 576123K->513618K(699392K), 0.0083398 secs] [Times: user=0.08 sys=0.00, real=0.01 secs] 
2016-09-25T23:11:30.420-0400: 79.211: [GC (GCLocker Initiated GC) [PSYoungGen: 162679K->58109K(175104K)] 606505K->528868K(699392K), 0.0119700 secs] [Times: user=0.15 sys=0.01, real=0.01 secs] 
2016-09-25T23:11:30.432-0400: 79.223: [Full GC (Ergonomics) [PSYoungGen: 58109K->0K(175104K)] [ParOldGen: 470758K->414894K(524288K)] 528868K->414894K(699392K), [Metaspace: 43811K->43811K(1087488K)], 0.0659501 secs] [Times: user=0.52 sys=0.01, real=0.07 secs] 
2016-09-25T23:11:30.550-0400: 79.341: [GC (GCLocker Initiated GC) [PSYoungGen: 88064K->74792K(175104K)] 505707K->492435K(699392K), 0.0116526 secs] [Times: user=0.14 sys=0.00, real=0.01 secs] 
2016-09-25T23:11:30.604-0400: 79.396: [GC (GCLocker Initiated GC) [PSYoungGen: 162856K->67886K(175104K)] 584066K->514844K(699392K), 0.0112046 secs] [Times: user=0.16 sys=0.00, real=0.01 secs] 
2016-09-25T23:11:30.665-0400: 79.457: [GC (GCLocker Initiated GC) [PSYoungGen: 155950K->66602K(175104K)] 602996K->540570K(699392K), 0.0113465 secs] [Times: user=0.19 sys=0.00, real=0.01 secs] 
2016-09-25T23:11:30.677-0400: 79.469: [Full GC (Ergonomics) [PSYoungGen: 66602K->0K(175104K)] [ParOldGen: 473968K->416937K(524288K)] 540570K->416937K(699392K), [Metaspace: 43811K->43811K(1087488K)], 0.0591139 secs] [Times: user=0.59 sys=0.01, real=0.06 secs] 
2016-09-25T23:11:30.779-0400: 79.570: [GC (GCLocker Initiated GC) [PSYoungGen: 88064K->66054K(175104K)] 505112K->483103K(699392K), 0.0147789 secs] [Times: user=0.21 sys=0.00, real=0.01 secs] 
2016-09-25T23:11:30.834-0400: 79.626: [GC (GCLocker Initiated GC) [PSYoungGen: 154118K->67042K(175104K)] 574343K->519163K(699392K), 0.0095230 secs] [Times: user=0.13 sys=0.01, real=0.01 secs] 
2016-09-25T23:11:30.920-0400: 79.712: [GC (GCLocker Initiated GC) [PSYoungGen: 155106K->81603K(175104K)] 616851K->543349K(699392K), 0.0112026 secs] [Times: user=0.15 sys=0.01, real=0.01 secs] 
2016-09-25T23:11:30.986-0400: 79.777: [GC (GCLocker Initiated GC) [PSYoungGen: 169667K->85182K(175104K)] 631426K->572689K(699392K), 0.0178079 secs] [Times: user=0.20 sys=0.00, real=0.02 secs] 
2016-09-25T23:11:31.004-0400: 79.795: [Full GC (Ergonomics) [PSYoungGen: 85182K->0K(175104K)] [ParOldGen: 487507K->431126K(524288K)] 572689K->431126K(699392K), [Metaspace: 43811K->43811K(1087488K)], 0.0549301 secs] [Times: user=0.53 sys=0.00, real=0.05 secs] 
2016-09-25T23:11:31.114-0400: 79.905: [GC (GCLocker Initiated GC) [PSYoungGen: 88064K->67145K(175104K)] 522137K->501219K(699392K), 0.0107779 secs] [Times: user=0.13 sys=0.01, real=0.02 secs] 
2016-09-25T23:11:31.190-0400: 79.981: [GC (GCLocker Initiated GC) [PSYoungGen: 155209K->76140K(175104K)] 589405K->540639K(699392K), 0.0135259 secs] [Times: user=0.17 sys=0.00, real=0.02 secs] 
2016-09-25T23:11:31.254-0400: 80.045: [GC (GCLocker Initiated GC) [PSYoungGen: 164204K->69889K(175104K)] 631495K->562935K(699392K), 0.0082261 secs] [Times: user=0.11 sys=0.00, real=0.01 secs] 
2016-09-25T23:11:31.262-0400: 80.054: [Full GC (Ergonomics) [PSYoungGen: 69889K->0K(175104K)] [ParOldGen: 493045K->427973K(524288K)] 562935K->427973K(699392K), [Metaspace: 43811K->43811K(1087488K)], 0.0507003 secs] [Times: user=0.45 sys=0.01, real=0.05 secs] 
2016-09-25T23:11:31.388-0400: 80.179: [GC (GCLocker Initiated GC) [PSYoungGen: 88064K->53676K(175104K)] 520224K->485837K(699392K), 0.0076547 secs] [Times: user=0.11 sys=0.01, real=0.01 secs] 
2016-09-25T23:11:31.447-0400: 80.239: [GC (GCLocker Initiated GC) [PSYoungGen: 141740K->86189K(175104K)] 574377K->526138K(699392K), 0.0130842 secs] [Times: user=0.16 sys=0.00, real=0.01 secs] 
2016-09-25T23:11:31.506-0400: 80.297: [GC (GCLocker Initiated GC) [PSYoungGen: 174253K->52813K(175104K)] 617066K->526053K(699392K), 0.0102275 secs] [Times: user=0.11 sys=0.00, real=0.01 secs] 
2016-09-25T23:11:31.516-0400: 80.308: [Full GC (Ergonomics) [PSYoungGen: 52813K->0K(175104K)] [ParOldGen: 473240K->424878K(524288K)] 526053K->424878K(699392K), [Metaspace: 43811K->43811K(1087488K)], 0.0789155 secs] [Times: user=0.63 sys=0.01, real=0.08 secs] 
2016-09-25T23:11:31.668-0400: 80.459: [GC (GCLocker Initiated GC) [PSYoungGen: 88064K->58892K(175104K)] 513010K->483839K(699392K), 0.0059832 secs] [Times: user=0.07 sys=0.00, real=0.00 secs] 
2016-09-25T23:11:31.707-0400: 80.498: [GC (GCLocker Initiated GC) [PSYoungGen: 146956K->68632K(175104K)] 581390K->539946K(699392K), 0.0099416 secs] [Times: user=0.18 sys=0.00, real=0.01 secs] 
2016-09-25T23:11:31.717-0400: 80.509: [Full GC (Ergonomics) [PSYoungGen: 68632K->0K(175104K)] [ParOldGen: 471313K->437408K(524288K)] 539946K->437408K(699392K), [Metaspace: 43811K->43811K(1087488K)], 0.0796880 secs] [Times: user=0.67 sys=0.02, real=0.08 secs] 
2016-09-25T23:11:31.879-0400: 80.671: [GC (GCLocker Initiated GC) [PSYoungGen: 88064K->62432K(175104K)] 532294K->506663K(699392K), 0.0278916 secs] [Times: user=0.34 sys=0.00, real=0.03 secs] 
2016-09-25T23:11:31.950-0400: 80.742: [GC (GCLocker Initiated GC) [PSYoungGen: 150496K->73220K(175104K)] 594883K->549971K(699392K), 0.0242137 secs] [Times: user=0.39 sys=0.00, real=0.03 secs] 
2016-09-25T23:11:31.975-0400: 80.766: [Full GC (Ergonomics) [PSYoungGen: 73220K->0K(175104K)] [ParOldGen: 476751K->433609K(524288K)] 549971K->433609K(699392K), [Metaspace: 43811K->43811K(1087488K)], 0.0990763 secs] [Times: user=0.66 sys=0.03, real=0.09 secs] 
2016-09-25T23:11:32.116-0400: 80.908: [GC (GCLocker Initiated GC) [PSYoungGen: 88064K->67869K(175104K)] 527191K->506997K(699392K), 0.0196506 secs] [Times: user=0.22 sys=0.01, real=0.02 secs] 
2016-09-25T23:11:32.191-0400: 80.982: [GC (GCLocker Initiated GC) [PSYoungGen: 155933K->53549K(175104K)] 601135K->516234K(699392K), 0.0150529 secs] [Times: user=0.16 sys=0.00, real=0.02 secs] 
2016-09-25T23:11:32.283-0400: 81.074: [GC (GCLocker Initiated GC) [PSYoungGen: 141613K->51972K(175104K)] 607029K->533788K(699392K), 0.0181554 secs] [Times: user=0.23 sys=0.00, real=0.01 secs] 
2016-09-25T23:11:32.301-0400: 81.093: [Full GC (Ergonomics) [PSYoungGen: 51972K->0K(175104K)] [ParOldGen: 481816K->418951K(524288K)] 533788K->418951K(699392K), [Metaspace: 43811K->43811K(1087488K)], 0.0508948 secs] [Times: user=0.48 sys=0.03, real=0.05 secs] 
2016-09-25T23:11:32.395-0400: 81.187: [GC (GCLocker Initiated GC) [PSYoungGen: 88064K->84643K(175104K)] 512484K->511763K(699392K), 0.0131200 secs] [Times: user=0.21 sys=0.03, real=0.01 secs] 
2016-09-25T23:11:32.474-0400: 81.266: [GC (GCLocker Initiated GC) [PSYoungGen: 172707K->63956K(175104K)] 610669K->557727K(699392K), 0.0128837 secs] [Times: user=0.20 sys=0.02, real=0.01 secs] 
2016-09-25T23:11:32.487-0400: 81.279: [Full GC (Ergonomics) [PSYoungGen: 63956K->0K(175104K)] [ParOldGen: 493770K->443476K(524288K)] 557727K->443476K(699392K), [Metaspace: 43811K->43811K(1087488K)], 0.0773653 secs] [Times: user=0.70 sys=0.08, real=0.08 secs] 
2016-09-25T23:11:32.624-0400: 81.415: [GC (GCLocker Initiated GC) [PSYoungGen: 88064K->44314K(175104K)] 546997K->503247K(699392K), 0.0064878 secs] [Times: user=0.07 sys=0.00, real=0.00 secs] 
2016-09-25T23:11:32.693-0400: 81.484: [GC (Allocation Failure) [PSYoungGen: 132378K->75774K(175104K)] 591440K->543686K(699392K), 0.0084232 secs] [Times: user=0.12 sys=0.00, real=0.01 secs] 
2016-09-25T23:11:32.701-0400: 81.493: [Full GC (Ergonomics) [PSYoungGen: 75774K->0K(175104K)] [ParOldGen: 467912K->437187K(524288K)] 543686K->437187K(699392K), [Metaspace: 43844K->43844K(1087488K)], 0.0467316 secs] [Times: user=0.41 sys=0.00, real=0.05 secs] 
2016-09-25T23:11:32.791-0400: 81.583: [GC (GCLocker Initiated GC) [PSYoungGen: 87360K->70801K(175104K)] 527248K->510688K(699392K), 0.0082564 secs] [Times: user=0.10 sys=0.00, real=0.01 secs] 
2016-09-25T23:11:32.857-0400: 81.648: [GC (GCLocker Initiated GC) [PSYoungGen: 158865K->67259K(175104K)] 613657K->530247K(699392K), 0.0072210 secs] [Times: user=0.12 sys=0.00, real=0.01 secs] 
2016-09-25T23:11:32.904-0400: 81.695: [GC (GCLocker Initiated GC) [PSYoungGen: 155323K->82515K(175104K)] 621085K->566472K(699392K), 0.0090639 secs] [Times: user=0.16 sys=0.00, real=0.00 secs] 
2016-09-25T23:11:32.913-0400: 81.705: [Full GC (Ergonomics) [PSYoungGen: 82515K->0K(175104K)] [ParOldGen: 483957K->446026K(524288K)] 566472K->446026K(699392K), [Metaspace: 43846K->43846K(1087488K)], 0.0546978 secs] [Times: user=0.53 sys=0.00, real=0.06 secs] 
2016-09-25T23:11:33.019-0400: 81.811: [GC (GCLocker Initiated GC) [PSYoungGen: 88064K->75711K(175104K)] 534303K->521951K(699392K), 0.0082108 secs] [Times: user=0.12 sys=0.00, real=0.01 secs] 
2016-09-25T23:11:33.068-0400: 81.859: [GC (GCLocker Initiated GC) [PSYoungGen: 163775K->54743K(175104K)] 612802K->529079K(699392K), 0.0075638 secs] [Times: user=0.06 sys=0.02, real=0.01 secs] 
2016-09-25T23:11:33.076-0400: 81.867: [Full GC (Ergonomics) [PSYoungGen: 54743K->0K(175104K)] [ParOldGen: 474335K->442541K(524288K)] 529079K->442541K(699392K), [Metaspace: 43851K->43851K(1087488K)], 0.0565610 secs] [Times: user=0.58 sys=0.00, real=0.05 secs] 
2016-09-25T23:11:33.177-0400: 81.968: [GC (GCLocker Initiated GC) [PSYoungGen: 88064K->74829K(175104K)] 533429K->520195K(699392K), 0.0071606 secs] [Times: user=0.09 sys=0.00, real=0.01 secs] 
2016-09-25T23:11:33.236-0400: 82.028: [GC (GCLocker Initiated GC) [PSYoungGen: 162893K->47971K(175104K)] 611088K->515186K(699392K), 0.0068652 secs] [Times: user=0.07 sys=0.01, real=0.01 secs] 
2016-09-25T23:11:33.290-0400: 82.082: [GC (GCLocker Initiated GC) [PSYoungGen: 136035K->65668K(175104K)] 606122K->556335K(699392K), 0.0154240 secs] [Times: user=0.26 sys=0.01, real=0.02 secs] 
2016-09-25T23:11:33.306-0400: 82.097: [Full GC (Ergonomics) [PSYoungGen: 65668K->0K(175104K)] [ParOldGen: 490666K->444357K(524288K)] 556335K->444357K(699392K), [Metaspace: 43864K->43864K(1087488K)], 0.2009846 secs] [Times: user=3.06 sys=0.01, real=0.20 secs] 
2016-09-25T23:11:33.543-0400: 82.335: [GC (GCLocker Initiated GC) [PSYoungGen: 88064K->86506K(175104K)] 532527K->530969K(699392K), 0.0130811 secs] [Times: user=0.17 sys=0.00, real=0.01 secs] 
2016-09-25T23:11:33.606-0400: 82.398: [GC (GCLocker Initiated GC) [PSYoungGen: 174570K->44235K(175104K)] 621834K->526361K(699392K), 0.0076577 secs] [Times: user=0.10 sys=0.00, real=0.00 secs] 
2016-09-25T23:11:33.614-0400: 82.405: [Full GC (Ergonomics) [PSYoungGen: 44235K->0K(175104K)] [ParOldGen: 482126K->440852K(524288K)] 526361K->440852K(699392K), [Metaspace: 43873K->43873K(1087488K)], 0.0597686 secs] [Times: user=0.51 sys=0.01, real=0.06 secs] 
2016-09-25T23:11:33.722-0400: 82.513: [GC (GCLocker Initiated GC) [PSYoungGen: 88064K->73453K(175104K)] 534460K->519850K(699392K), 0.0091483 secs] [Times: user=0.13 sys=0.01, real=0.01 secs] 
2016-09-25T23:11:33.774-0400: 82.566: [GC (GCLocker Initiated GC) [PSYoungGen: 161517K->52316K(175104K)] 610667K->531311K(699392K), 0.0081885 secs] [Times: user=0.11 sys=0.01, real=0.01 secs] 
2016-09-25T23:11:33.783-0400: 82.574: [Full GC (Ergonomics) [PSYoungGen: 52316K->0K(175104K)] [ParOldGen: 478995K->445691K(524288K)] 531311K->445691K(699392K), [Metaspace: 43873K->43873K(1087488K)], 0.0547455 secs] [Times: user=0.54 sys=0.00, real=0.05 secs] 
2016-09-25T23:11:33.883-0400: 82.675: [GC (GCLocker Initiated GC) [PSYoungGen: 88064K->71195K(175104K)] 540752K->523883K(699392K), 0.0078531 secs] [Times: user=0.10 sys=0.01, real=0.00 secs] 
2016-09-25T23:11:33.943-0400: 82.735: [GC (GCLocker Initiated GC) [PSYoungGen: 159259K->56363K(175104K)] 613578K->526055K(699392K), 0.0073623 secs] [Times: user=0.10 sys=0.00, real=0.00 secs] 
2016-09-25T23:11:33.977-0400: 82.769: [GC (GCLocker Initiated GC) [PSYoungGen: 144427K->83802K(175104K)] 614214K->577160K(699392K), 0.0093070 secs] [Times: user=0.14 sys=0.01, real=0.01 secs] 
2016-09-25T23:11:33.987-0400: 82.778: [Full GC (Ergonomics) [PSYoungGen: 83802K->0K(175104K)] [ParOldGen: 493358K->459984K(524288K)] 577160K->459984K(699392K), [Metaspace: 43874K->43874K(1087488K)], 0.0521133 secs] [Times: user=0.51 sys=0.01, real=0.05 secs] 
2016-09-25T23:11:34.094-0400: 82.886: [GC (GCLocker Initiated GC) [PSYoungGen: 88064K->70789K(175104K)] 559476K->542201K(699392K), 0.0071191 secs] [Times: user=0.10 sys=0.00, real=0.01 secs] 
2016-09-25T23:11:34.146-0400: 82.938: [GC (GCLocker Initiated GC) [PSYoungGen: 158853K->59783K(175104K)] 630362K->543595K(699392K), 0.0066863 secs] [Times: user=0.07 sys=0.00, real=0.00 secs] 
2016-09-25T23:11:34.153-0400: 82.945: [Full GC (Ergonomics) [PSYoungGen: 59783K->0K(175104K)] [ParOldGen: 483811K->448401K(524288K)] 543595K->448401K(699392K), [Metaspace: 43875K->43875K(1087488K)], 0.0488120 secs] [Times: user=0.44 sys=0.00, real=0.05 secs] 
2016-09-25T23:11:34.244-0400: 83.035: [GC (GCLocker Initiated GC) [PSYoungGen: 88064K->80042K(175104K)] 547323K->539302K(699392K), 0.0112867 secs] [Times: user=0.17 sys=0.01, real=0.01 secs] 
2016-09-25T23:11:34.307-0400: 83.098: [GC (Allocation Failure) [PSYoungGen: 168106K->74793K(175104K)] 628777K->547230K(699392K), 0.0091810 secs] [Times: user=0.14 sys=0.00, real=0.01 secs] 
2016-09-25T23:11:34.353-0400: 83.145: [GC (GCLocker Initiated GC) [PSYoungGen: 162857K->61369K(175104K)] 635305K->560952K(699392K), 0.0076005 secs] [Times: user=0.12 sys=0.00, real=0.01 secs] 
2016-09-25T23:11:34.361-0400: 83.152: [Full GC (Ergonomics) [PSYoungGen: 61369K->0K(175104K)] [ParOldGen: 499583K->459930K(524288K)] 560952K->459930K(699392K), [Metaspace: 43876K->43876K(1087488K)], 0.0508920 secs] [Times: user=0.48 sys=0.00, real=0.05 secs] 
2016-09-25T23:11:34.453-0400: 83.245: [GC (GCLocker Initiated GC) [PSYoungGen: 88064K->63260K(175104K)] 556228K->531425K(699392K), 0.0082778 secs] [Times: user=0.10 sys=0.00, real=0.01 secs] 
2016-09-25T23:11:34.501-0400: 83.293: [GC (GCLocker Initiated GC) [PSYoungGen: 151324K->77779K(175104K)] 623584K->568170K(699392K), 0.0081471 secs] [Times: user=0.12 sys=0.00, real=0.01 secs] 
2016-09-25T23:11:34.509-0400: 83.301: [Full GC (Ergonomics) [PSYoungGen: 77779K->0K(175104K)] [ParOldGen: 490390K->456766K(524288K)] 568170K->456766K(699392K), [Metaspace: 43876K->43876K(1087488K)], 0.0557663 secs] [Times: user=0.55 sys=0.00, real=0.06 secs] 
2016-09-25T23:11:34.609-0400: 83.400: [GC (GCLocker Initiated GC) [PSYoungGen: 88064K->78646K(175104K)] 545395K->535978K(699392K), 0.0084924 secs] [Times: user=0.09 sys=0.00, real=0.01 secs] 
2016-09-25T23:11:34.665-0400: 83.457: [GC (GCLocker Initiated GC) [PSYoungGen: 166710K->58820K(175104K)] 624118K->541571K(699392K), 0.0075196 secs] [Times: user=0.11 sys=0.00, real=0.00 secs] 
2016-09-25T23:11:34.673-0400: 83.465: [Full GC (Ergonomics) [PSYoungGen: 58820K->0K(175104K)] [ParOldGen: 482751K->455917K(524288K)] 541571K->455917K(699392K), [Metaspace: 43876K->43876K(1087488K)], 0.0527498 secs] [Times: user=0.51 sys=0.00, real=0.06 secs] 
2016-09-25T23:11:34.766-0400: 83.557: [GC (GCLocker Initiated GC) [PSYoungGen: 88064K->80448K(175104K)] 546803K->539188K(699392K), 0.0077598 secs] [Times: user=0.09 sys=0.01, real=0.00 secs] 
2016-09-25T23:11:34.813-0400: 83.605: [GC (GCLocker Initiated GC) [PSYoungGen: 168512K->76592K(175104K)] 630123K->553209K(699392K), 0.0075664 secs] [Times: user=0.12 sys=0.00, real=0.01 secs] 
2016-09-25T23:11:34.866-0400: 83.658: [GC (GCLocker Initiated GC) [PSYoungGen: 164656K->53455K(175104K)] 646683K->573794K(699392K), 0.0094682 secs] [Times: user=0.12 sys=0.00, real=0.01 secs] 
2016-09-25T23:11:34.876-0400: 83.667: [Full GC (Ergonomics) [PSYoungGen: 53455K->0K(175104K)] [ParOldGen: 520339K->464759K(524288K)] 573794K->464759K(699392K), [Metaspace: 43878K->43878K(1087488K)], 0.0524058 secs] [Times: user=0.49 sys=0.00, real=0.05 secs] 
2016-09-25T23:11:34.971-0400: 83.763: [GC (GCLocker Initiated GC) [PSYoungGen: 88064K->78717K(175104K)] 553685K->544338K(699392K), 0.0093974 secs] [Times: user=0.12 sys=0.00, real=0.01 secs] 
2016-09-25T23:11:35.029-0400: 83.820: [GC (GCLocker Initiated GC) [PSYoungGen: 166781K->50404K(175104K)] 632465K->536203K(699392K), 0.0066914 secs] [Times: user=0.08 sys=0.00, real=0.01 secs] 
2016-09-25T23:11:35.036-0400: 83.827: [Full GC (Ergonomics) [PSYoungGen: 50404K->0K(175104K)] [ParOldGen: 485798K->461430K(524288K)] 536203K->461430K(699392K), [Metaspace: 43879K->43879K(1087488K)], 0.0548250 secs] [Times: user=0.54 sys=0.00, real=0.05 secs] 
2016-09-25T23:11:35.126-0400: 83.918: [GC (GCLocker Initiated GC) [PSYoungGen: 88064K->78004K(175104K)] 553852K->543792K(699392K), 0.0073561 secs] [Times: user=0.11 sys=0.01, real=0.00 secs] 
2016-09-25T23:11:35.183-0400: 83.974: [GC (GCLocker Initiated GC) [PSYoungGen: 166068K->56217K(175104K)] 642473K->553274K(699392K), 0.0080266 secs] [Times: user=0.11 sys=0.00, real=0.00 secs] 
2016-09-25T23:11:35.191-0400: 83.982: [Full GC (Ergonomics) [PSYoungGen: 56217K->0K(175104K)] [ParOldGen: 497057K->465677K(524288K)] 553274K->465677K(699392K), [Metaspace: 43880K->43880K(1087488K)], 0.0661834 secs] [Times: user=0.63 sys=0.00, real=0.07 secs] 
2016-09-25T23:11:35.288-0400: 84.080: [GC (GCLocker Initiated GC) [PSYoungGen: 88064K->86116K(175104K)] 556555K->560007K(699392K), 0.0095606 secs] [Times: user=0.14 sys=0.01, real=0.01 secs] 
2016-09-25T23:11:35.347-0400: 84.138: [Full GC (Ergonomics) [PSYoungGen: 174180K->0K(175104K)] [ParOldGen: 482228K->474318K(524288K)] 656409K->474318K(699392K), [Metaspace: 43880K->43880K(1087488K)], 0.0581513 secs] [Times: user=0.49 sys=0.02, real=0.06 secs] 
2016-09-25T23:11:35.461-0400: 84.252: [GC (GCLocker Initiated GC) [PSYoungGen: 88064K->57574K(175104K)] 567836K->537346K(699392K), 0.0072364 secs] [Times: user=0.08 sys=0.01, real=0.01 secs] 
2016-09-25T23:11:35.499-0400: 84.291: [Full GC (Ergonomics) [PSYoungGen: 145638K->0K(175104K)] [ParOldGen: 482483K->476325K(524288K)] 628121K->476325K(699392K), [Metaspace: 43880K->43880K(1087488K)], 0.0572889 secs] [Times: user=0.50 sys=0.01, real=0.06 secs] 
2016-09-25T23:11:35.607-0400: 84.399: [Full GC (Ergonomics) [PSYoungGen: 88064K->0K(175104K)] [ParOldGen: 483180K->472150K(524288K)] 571244K->472150K(699392K), [Metaspace: 43880K->43880K(1087488K)], 0.0557755 secs] [Times: user=0.45 sys=0.01, real=0.06 secs] 
2016-09-25T23:11:35.722-0400: 84.513: [GC (GCLocker Initiated GC) [PSYoungGen: 88064K->52401K(175104K)] 563142K->527480K(699392K), 0.0144478 secs] [Times: user=0.18 sys=0.00, real=0.02 secs] 
2016-09-25T23:11:35.771-0400: 84.562: [GC (GCLocker Initiated GC) [PSYoungGen: 140465K->63448K(175104K)] 617996K->560608K(699392K), 0.0111615 secs] [Times: user=0.15 sys=0.00, real=0.01 secs] 
2016-09-25T23:11:35.782-0400: 84.574: [Full GC (Ergonomics) [PSYoungGen: 63448K->0K(175104K)] [ParOldGen: 497159K->477344K(524288K)] 560608K->477344K(699392K), [Metaspace: 43880K->43880K(1087488K)], 0.0575540 secs] [Times: user=0.53 sys=0.00, real=0.05 secs] 
2016-09-25T23:11:35.879-0400: 84.670: [GC (GCLocker Initiated GC) [PSYoungGen: 88064K->78209K(175104K)] 568366K->558511K(699392K), 0.0072538 secs] [Times: user=0.11 sys=0.00, real=0.01 secs] 
2016-09-25T23:11:35.927-0400: 84.719: [GC (GCLocker Initiated GC) [PSYoungGen: 166273K->57758K(175104K)] 646632K->565880K(699392K), 0.0108228 secs] [Times: user=0.12 sys=0.00, real=0.01 secs] 
2016-09-25T23:11:35.939-0400: 84.730: [Full GC (Ergonomics) [PSYoungGen: 57758K->0K(175104K)] [ParOldGen: 508121K->473612K(524288K)] 565880K->473612K(699392K), [Metaspace: 43880K->43880K(1087488K)], 0.0504223 secs] [Times: user=0.45 sys=0.01, real=0.05 secs] 
2016-09-25T23:11:36.028-0400: 84.819: [GC (GCLocker Initiated GC) [PSYoungGen: 88064K->82922K(175104K)] 564458K->559316K(699392K), 0.0092305 secs] [Times: user=0.13 sys=0.00, real=0.01 secs] 
2016-09-25T23:11:36.081-0400: 84.873: [GC (GCLocker Initiated GC) [PSYoungGen: 170986K->85919K(175104K)] 651498K->581433K(699392K), 0.0088290 secs] [Times: user=0.14 sys=0.00, real=0.01 secs] 
2016-09-25T23:11:36.090-0400: 84.882: [Full GC (Ergonomics) [PSYoungGen: 85919K->0K(175104K)] [ParOldGen: 495513K->481315K(524288K)] 581433K->481315K(699392K), [Metaspace: 43895K->43895K(1087488K)], 0.0555062 secs] [Times: user=0.56 sys=0.00, real=0.06 secs] 
2016-09-25T23:11:36.189-0400: 84.981: [GC (GCLocker Initiated GC) [PSYoungGen: 88064K->82298K(175104K)] 569526K->563760K(699392K), 0.0077102 secs] [Times: user=0.11 sys=0.00, real=0.01 secs] 
2016-09-25T23:11:36.242-0400: 85.034: [Full GC (Ergonomics) [PSYoungGen: 170362K->0K(175104K)] [ParOldGen: 485014K->479336K(524288K)] 655376K->479336K(699392K), [Metaspace: 43895K->43895K(1087488K)], 0.0550118 secs] [Times: user=0.56 sys=0.01, real=0.05 secs] 
2016-09-25T23:11:36.349-0400: 85.141: [Full GC (Ergonomics) [PSYoungGen: 88064K->0K(175104K)] [ParOldGen: 498511K->487044K(524288K)] 586575K->487044K(699392K), [Metaspace: 43895K->43895K(1087488K)], 0.0539262 secs] [Times: user=0.52 sys=0.00, real=0.06 secs] 
2016-09-25T23:11:36.450-0400: 85.242: [Full GC (Ergonomics) [PSYoungGen: 88064K->0K(175104K)] [ParOldGen: 490582K->478583K(524288K)] 578646K->478583K(699392K), [Metaspace: 43895K->43895K(1087488K)], 0.0571954 secs] [Times: user=0.56 sys=0.00, real=0.06 secs] 
2016-09-25T23:11:36.548-0400: 85.340: [GC (GCLocker Initiated GC) [PSYoungGen: 88064K->84974K(175104K)] 568154K->567765K(699392K), 0.0078589 secs] [Times: user=0.12 sys=0.00, real=0.01 secs] 
2016-09-25T23:11:36.598-0400: 85.390: [Full GC (Ergonomics) [PSYoungGen: 173038K->0K(175104K)] [ParOldGen: 488296K->487331K(524288K)] 661335K->487331K(699392K), [Metaspace: 43895K->43895K(1087488K)], 0.0597989 secs] [Times: user=0.54 sys=0.00, real=0.06 secs] 
2016-09-25T23:11:36.696-0400: 85.488: [Full GC (Ergonomics) [PSYoungGen: 88064K->0K(175104K)] [ParOldGen: 492859K->488090K(524288K)] 580923K->488090K(699392K), [Metaspace: 43895K->43895K(1087488K)], 0.1338871 secs] [Times: user=1.87 sys=0.00, real=0.13 secs] 
2016-09-25T23:11:36.878-0400: 85.670: [Full GC (Ergonomics) [PSYoungGen: 88064K->0K(175104K)] [ParOldGen: 493595K->483498K(524288K)] 581659K->483498K(699392K), [Metaspace: 43895K->43895K(1087488K)], 0.0625940 secs] [Times: user=0.59 sys=0.01, real=0.06 secs] 
2016-09-25T23:11:36.978-0400: 85.769: [Full GC (Ergonomics) [PSYoungGen: 88064K->0K(175104K)] [ParOldGen: 489045K->487104K(524288K)] 577109K->487104K(699392K), [Metaspace: 43895K->43895K(1087488K)], 0.0603900 secs] [Times: user=0.52 sys=0.01, real=0.06 secs] 
2016-09-25T23:11:37.079-0400: 85.871: [Full GC (Ergonomics) [PSYoungGen: 88064K->0K(175104K)] [ParOldGen: 487196K->487856K(524288K)] 575260K->487856K(699392K), [Metaspace: 43895K->43895K(1087488K)], 0.0525411 secs] [Times: user=0.42 sys=0.01, real=0.05 secs] 
2016-09-25T23:11:37.174-0400: 85.966: [Full GC (Ergonomics) [PSYoungGen: 88064K->0K(175104K)] [ParOldGen: 490708K->488578K(524288K)] 578772K->488578K(699392K), [Metaspace: 43895K->43895K(1087488K)], 0.0484611 secs] [Times: user=0.42 sys=0.00, real=0.05 secs] 
2016-09-25T23:11:37.262-0400: 86.054: [Full GC (Ergonomics) [PSYoungGen: 88064K->0K(175104K)] [ParOldGen: 496795K->491974K(524288K)] 584859K->491974K(699392K), [Metaspace: 43895K->43895K(1087488K)], 0.0560278 secs] [Times: user=0.47 sys=0.00, real=0.05 secs] 
2016-09-25T23:11:37.362-0400: 86.154: [Full GC (Ergonomics) [PSYoungGen: 88064K->0K(175104K)] [ParOldGen: 504248K->495512K(524288K)] 592312K->495512K(699392K), [Metaspace: 43895K->43895K(1087488K)], 0.0507939 secs] [Times: user=0.42 sys=0.00, real=0.04 secs] 
2016-09-25T23:11:37.455-0400: 86.247: [Full GC (Ergonomics) [PSYoungGen: 88064K->0K(175104K)] [ParOldGen: 498411K->485178K(524288K)] 586475K->485178K(699392K), [Metaspace: 43895K->43895K(1087488K)], 0.0481770 secs] [Times: user=0.40 sys=0.00, real=0.05 secs] 
2016-09-25T23:11:37.533-0400: 86.325: [GC (GCLocker Initiated GC) [PSYoungGen: 88064K->81860K(175104K)] 573365K->567162K(699392K), 0.0110589 secs] [Times: user=0.18 sys=0.00, real=0.02 secs] 
2016-09-25T23:11:37.588-0400: 86.380: [Full GC (Ergonomics) [PSYoungGen: 169924K->0K(175104K)] [ParOldGen: 489493K->486533K(524288K)] 659418K->486533K(699392K), [Metaspace: 43901K->43901K(1087488K)], 0.0530486 secs] [Times: user=0.46 sys=0.00, real=0.05 secs] 
2016-09-25T23:11:37.673-0400: 86.465: [GC (GCLocker Initiated GC) [PSYoungGen: 88064K->84379K(175104K)] 574776K->581892K(699392K), 0.0092993 secs] [Times: user=0.14 sys=0.00, real=0.02 secs] 
2016-09-25T23:11:37.683-0400: 86.475: [Full GC (Ergonomics) [PSYoungGen: 84379K->0K(175104K)] [ParOldGen: 497512K->492606K(524288K)] 581892K->492606K(699392K), [Metaspace: 43901K->43901K(1087488K)], 0.0577188 secs] [Times: user=0.58 sys=0.01, real=0.05 secs] 
2016-09-25T23:11:37.779-0400: 86.571: [Full GC (Ergonomics) [PSYoungGen: 88064K->0K(175104K)] [ParOldGen: 496538K->491918K(524288K)] 584602K->491918K(699392K), [Metaspace: 43901K->43901K(1087488K)], 0.0543761 secs] [Times: user=0.52 sys=0.00, real=0.05 secs] 
2016-09-25T23:11:37.868-0400: 86.660: [Full GC (Ergonomics) [PSYoungGen: 88064K->0K(175104K)] [ParOldGen: 492067K->491146K(524288K)] 580131K->491146K(699392K), [Metaspace: 43901K->43901K(1087488K)], 0.0545644 secs] [Times: user=0.50 sys=0.01, real=0.06 secs] 
2016-09-25T23:11:37.967-0400: 86.758: [Full GC (Ergonomics) [PSYoungGen: 88064K->0K(175104K)] [ParOldGen: 500690K->497243K(524288K)] 588754K->497243K(699392K), [Metaspace: 43901K->43901K(1087488K)], 0.0560258 secs] [Times: user=0.55 sys=0.00, real=0.06 secs] 
2016-09-25T23:11:38.059-0400: 86.851: [Full GC (Ergonomics) [PSYoungGen: 88064K->0K(175104K)] [ParOldGen: 502900K->500633K(524288K)] 590964K->500633K(699392K), [Metaspace: 43901K->43901K(1087488K)], 0.0557768 secs] [Times: user=0.55 sys=0.00, real=0.06 secs] 
2016-09-25T23:11:38.151-0400: 86.943: [Full GC (Ergonomics) [PSYoungGen: 88064K->0K(175104K)] [ParOldGen: 506187K->495755K(524288K)] 594251K->495755K(699392K), [Metaspace: 43901K->43901K(1087488K)], 0.0515897 secs] [Times: user=0.46 sys=0.00, real=0.06 secs] 
2016-09-25T23:11:38.237-0400: 87.029: [Full GC (Ergonomics) [PSYoungGen: 88064K->0K(175104K)] [ParOldGen: 495877K->499117K(524288K)] 583941K->499117K(699392K), [Metaspace: 43902K->43902K(1087488K)], 0.0592656 secs] [Times: user=0.61 sys=0.01, real=0.06 secs] 
2016-09-25T23:11:38.336-0400: 87.128: [Full GC (Ergonomics) [PSYoungGen: 88064K->0K(175104K)] [ParOldGen: 510031K->505106K(524288K)] 598095K->505106K(699392K), [Metaspace: 43902K->43902K(1087488K)], 0.0619831 secs] [Times: user=0.65 sys=0.00, real=0.06 secs] 
2016-09-25T23:11:38.443-0400: 87.235: [Full GC (Ergonomics) [PSYoungGen: 88064K->0K(175104K)] [ParOldGen: 507861K->486746K(524288K)] 595925K->486746K(699392K), [Metaspace: 43912K->43912K(1087488K)], 0.0587346 secs] [Times: user=0.56 sys=0.01, real=0.05 secs] 
2016-09-25T23:11:38.530-0400: 87.322: [Full GC (Ergonomics) [PSYoungGen: 88064K->0K(175104K)] [ParOldGen: 494940K->508921K(524288K)] 583004K->508921K(699392K), [Metaspace: 43912K->43912K(1087488K)], 0.0530955 secs] [Times: user=0.49 sys=0.01, real=0.06 secs] 
2016-09-25T23:11:38.633-0400: 87.425: [Full GC (Ergonomics) [PSYoungGen: 88064K->0K(175104K)] [ParOldGen: 509033K->493099K(524288K)] 597097K->493099K(699392K), [Metaspace: 43912K->43912K(1087488K)], 0.0558253 secs] [Times: user=0.48 sys=0.00, real=0.06 secs] 
2016-09-25T23:11:38.719-0400: 87.510: [Full GC (Ergonomics) [PSYoungGen: 88064K->0K(175104K)] [ParOldGen: 493158K->501825K(524288K)] 581222K->501825K(699392K), [Metaspace: 43912K->43912K(1087488K)], 0.0615607 secs] [Times: user=0.57 sys=0.02, real=0.06 secs] 
2016-09-25T23:11:38.825-0400: 87.617: [Full GC (Ergonomics) [PSYoungGen: 88064K->0K(175104K)] [ParOldGen: 505934K->484406K(524288K)] 593998K->484406K(699392K), [Metaspace: 43912K->43912K(1087488K)], 0.1267987 secs] [Times: user=1.71 sys=0.02, real=0.12 secs] 
2016-09-25T23:11:38.985-0400: 87.776: [GC (GCLocker Initiated GC) [PSYoungGen: 88064K->85332K(175104K)] 572597K->569866K(699392K), 0.0072776 secs] [Times: user=0.12 sys=0.00, real=0.00 secs] 
2016-09-25T23:11:39.030-0400: 87.822: [Full GC (Ergonomics) [PSYoungGen: 173396K->0K(175104K)] [ParOldGen: 495483K->501904K(524288K)] 668880K->501904K(699392K), [Metaspace: 43912K->43912K(1087488K)], 0.0586384 secs] [Times: user=0.48 sys=0.01, real=0.06 secs] 
2016-09-25T23:11:39.132-0400: 87.924: [Full GC (Ergonomics) [PSYoungGen: 88064K->0K(175104K)] [ParOldGen: 504799K->496891K(524288K)] 592863K->496891K(699392K), [Metaspace: 43912K->43912K(1087488K)], 0.0633649 secs] [Times: user=0.63 sys=0.01, real=0.07 secs] 
2016-09-25T23:11:39.231-0400: 88.022: [Full GC (Ergonomics) [PSYoungGen: 88064K->0K(175104K)] [ParOldGen: 499778K->497467K(524288K)] 587842K->497467K(699392K), [Metaspace: 43912K->43912K(1087488K)], 0.0582463 secs] [Times: user=0.51 sys=0.00, real=0.06 secs] 
2016-09-25T23:11:39.327-0400: 88.118: [Full GC (Ergonomics) [PSYoungGen: 88064K->0K(175104K)] [ParOldGen: 500202K->497996K(524288K)] 588266K->497996K(699392K), [Metaspace: 43912K->43912K(1087488K)], 0.0549012 secs] [Times: user=0.51 sys=0.01, real=0.05 secs] 
2016-09-25T23:11:39.418-0400: 88.210: [Full GC (Ergonomics) [PSYoungGen: 88064K->0K(175104K)] [ParOldGen: 503489K->501288K(524288K)] 591553K->501288K(699392K), [Metaspace: 43912K->43912K(1087488K)], 0.0569848 secs] [Times: user=0.50 sys=0.01, real=0.06 secs] 
2016-09-25T23:11:39.520-0400: 88.312: [Full GC (Ergonomics) [PSYoungGen: 88064K->0K(175104K)] [ParOldGen: 504171K->499068K(524288K)] 592235K->499068K(699392K), [Metaspace: 43913K->43913K(1087488K)], 0.0535945 secs] [Times: user=0.49 sys=0.01, real=0.06 secs] 
2016-09-25T23:11:39.614-0400: 88.405: [Full GC (Ergonomics) [PSYoungGen: 88064K->0K(175104K)] [ParOldGen: 501905K->502364K(524288K)] 589969K->502364K(699392K), [Metaspace: 43913K->43913K(1087488K)], 0.0542649 secs] [Times: user=0.46 sys=0.00, real=0.06 secs] 
2016-09-25T23:11:39.711-0400: 88.502: [Full GC (Ergonomics) [PSYoungGen: 88064K->0K(175104K)] [ParOldGen: 509268K->500335K(524288K)] 597332K->500335K(699392K), [Metaspace: 43913K->43913K(1087488K)], 0.0553415 secs] [Times: user=0.54 sys=0.01, real=0.06 secs] 
2016-09-25T23:11:39.799-0400: 88.590: [Full GC (Ergonomics) [PSYoungGen: 88064K->0K(175104K)] [ParOldGen: 503109K->506140K(524288K)] 591173K->506140K(699392K), [Metaspace: 43913K->43913K(1087488K)], 0.0509887 secs] [Times: user=0.49 sys=0.00, real=0.05 secs] 
2016-09-25T23:11:39.895-0400: 88.687: [Full GC (Ergonomics) [PSYoungGen: 88064K->0K(175104K)] [ParOldGen: 509044K->497178K(524288K)] 597108K->497178K(699392K), [Metaspace: 43913K->43913K(1087488K)], 0.0573294 secs] [Times: user=0.61 sys=0.00, real=0.05 secs] 
2016-09-25T23:11:39.982-0400: 88.774: [Full GC (Ergonomics) [PSYoungGen: 88064K->0K(175104K)] [ParOldGen: 499986K->507056K(524288K)] 588050K->507056K(699392K), [Metaspace: 43913K->43913K(1087488K)], 0.0576360 secs] [Times: user=0.59 sys=0.00, real=0.05 secs] 
2016-09-25T23:11:40.077-0400: 88.869: [Full GC (Ergonomics) [PSYoungGen: 88064K->0K(175104K)] [ParOldGen: 510073K->501014K(524288K)] 598137K->501014K(699392K), [Metaspace: 43913K->43913K(1087488K)], 0.0575215 secs] [Times: user=0.61 sys=0.00, real=0.06 secs] 
2016-09-25T23:11:40.166-0400: 88.958: [Full GC (Ergonomics) [PSYoungGen: 88064K->0K(175104K)] [ParOldGen: 506520K->508043K(524288K)] 594584K->508043K(699392K), [Metaspace: 43913K->43913K(1087488K)], 0.0536358 secs] [Times: user=0.48 sys=0.00, real=0.05 secs] 
2016-09-25T23:11:40.267-0400: 89.059: [Full GC (Ergonomics) [PSYoungGen: 88064K->0K(175104K)] [ParOldGen: 515256K->501927K(524288K)] 603320K->501927K(699392K), [Metaspace: 43917K->43917K(1087488K)], 0.0548619 secs] [Times: user=0.52 sys=0.00, real=0.05 secs] 
2016-09-25T23:11:40.363-0400: 89.154: [Full GC (Ergonomics) [PSYoungGen: 88064K->0K(175104K)] [ParOldGen: 504796K->488876K(524288K)] 592860K->488876K(699392K), [Metaspace: 43917K->43917K(1087488K)], 0.0502497 secs] [Times: user=0.42 sys=0.00, real=0.04 secs] 
2016-09-25T23:11:40.440-0400: 89.232: [Full GC (Ergonomics) [PSYoungGen: 88064K->0K(175104K)] [ParOldGen: 491785K->515044K(524288K)] 579849K->515044K(699392K), [Metaspace: 43917K->43917K(1087488K)], 0.0524996 secs] [Times: user=0.47 sys=0.00, real=0.05 secs] 
2016-09-25T23:11:40.552-0400: 89.344: [Full GC (Ergonomics) [PSYoungGen: 88064K->0K(175104K)] [ParOldGen: 515246K->498053K(524288K)] 603310K->498053K(699392K), [Metaspace: 43953K->43953K(1087488K)], 0.0514406 secs] [Times: user=0.48 sys=0.00, real=0.06 secs] 
2016-09-25T23:11:40.629-0400: 89.421: [Full GC (Ergonomics) [PSYoungGen: 88064K->0K(175104K)] [ParOldGen: 498104K->510622K(524288K)] 586168K->510622K(699392K), [Metaspace: 43954K->43954K(1087488K)], 0.0552094 secs] [Times: user=0.48 sys=0.00, real=0.06 secs] 
2016-09-25T23:11:40.728-0400: 89.520: [Full GC (Ergonomics) [PSYoungGen: 88064K->0K(175104K)] [ParOldGen: 510720K->511148K(524288K)] 598784K->511148K(699392K), [Metaspace: 43954K->43954K(1087488K)], 0.0599136 secs] [Times: user=0.47 sys=0.01, real=0.06 secs] 
2016-09-25T23:11:40.834-0400: 89.625: [Full GC (Ergonomics) [PSYoungGen: 88064K->0K(175104K)] [ParOldGen: 517934K->498030K(524288K)] 605998K->498030K(699392K), [Metaspace: 43954K->43954K(1087488K)], 0.0567272 secs] [Times: user=0.57 sys=0.01, real=0.06 secs] 
2016-09-25T23:11:40.919-0400: 89.711: [Full GC (Ergonomics) [PSYoungGen: 88064K->0K(175104K)] [ParOldGen: 498577K->505438K(524288K)] 586641K->505438K(699392K), [Metaspace: 43954K->43954K(1087488K)], 0.0936021 secs] [Times: user=1.17 sys=0.01, real=0.09 secs] 
2016-09-25T23:11:41.056-0400: 89.847: [Full GC (Ergonomics) [PSYoungGen: 88064K->0K(175104K)] [ParOldGen: 510938K->504633K(524288K)] 599002K->504633K(699392K), [Metaspace: 43957K->43957K(1087488K)], 0.0553068 secs] [Times: user=0.53 sys=0.00, real=0.05 secs] 
2016-09-25T23:11:41.152-0400: 89.943: [Full GC (Ergonomics) [PSYoungGen: 88064K->0K(175104K)] [ParOldGen: 504740K->502471K(524288K)] 592804K->502471K(699392K), [Metaspace: 43957K->43957K(1087488K)], 0.0580012 secs] [Times: user=0.57 sys=0.00, real=0.06 secs] 
2016-09-25T23:11:41.249-0400: 90.041: [Full GC (Ergonomics) [PSYoungGen: 88064K->0K(175104K)] [ParOldGen: 506594K->503146K(524288K)] 594658K->503146K(699392K), [Metaspace: 43957K->43957K(1087488K)], 0.0665118 secs] [Times: user=0.62 sys=0.00, real=0.07 secs] 
2016-09-25T23:11:41.351-0400: 90.143: [Full GC (Ergonomics) [PSYoungGen: 88064K->0K(175104K)] [ParOldGen: 503341K->506418K(524288K)] 591405K->506418K(699392K), [Metaspace: 43957K->43957K(1087488K)], 0.0580538 secs] [Times: user=0.55 sys=0.01, real=0.06 secs] 
2016-09-25T23:11:41.449-0400: 90.241: [Full GC (Ergonomics) [PSYoungGen: 88064K->0K(175104K)] [ParOldGen: 506604K->506995K(524288K)] 594668K->506995K(699392K), [Metaspace: 43957K->43957K(1087488K)], 0.0509188 secs] [Times: user=0.36 sys=0.00, real=0.05 secs] 
2016-09-25T23:11:41.533-0400: 90.324: [Full GC (Ergonomics) [PSYoungGen: 88064K->0K(175104K)] [ParOldGen: 517987K->515910K(524288K)] 606051K->515910K(699392K), [Metaspace: 43957K->43957K(1087488K)], 0.0546367 secs] [Times: user=0.52 sys=0.01, real=0.06 secs] 
2016-09-25T23:11:41.636-0400: 90.428: [Full GC (Ergonomics) [PSYoungGen: 88064K->0K(175104K)] [ParOldGen: 522005K->504288K(524288K)] 610069K->504288K(699392K), [Metaspace: 43957K->43957K(1087488K)], 0.0500859 secs] [Times: user=0.41 sys=0.00, real=0.05 secs] 
2016-09-25T23:11:41.710-0400: 90.501: [Full GC (Ergonomics) [PSYoungGen: 86676K->0K(175104K)] [ParOldGen: 506988K->522460K(524288K)] 593665K->522460K(699392K), [Metaspace: 43957K->43957K(1087488K)], 0.0521531 secs] [Times: user=0.47 sys=0.01, real=0.05 secs] 
2016-09-25T23:11:41.808-0400: 90.600: [Full GC (Ergonomics) [PSYoungGen: 87118K->0K(175104K)] [ParOldGen: 522460K->506995K(524288K)] 609579K->506995K(699392K), [Metaspace: 43957K->43957K(1087488K)], 0.0571812 secs] [Times: user=0.56 sys=0.02, real=0.06 secs] 
2016-09-25T23:11:41.907-0400: 90.698: [Full GC (Ergonomics) [PSYoungGen: 88064K->0K(175104K)] [ParOldGen: 507071K->507409K(524288K)] 595135K->507409K(699392K), [Metaspace: 43957K->43957K(1087488K)], 0.0551179 secs] [Times: user=0.55 sys=0.00, real=0.05 secs] 
2016-09-25T23:11:41.991-0400: 90.783: [Full GC (Ergonomics) [PSYoungGen: 88064K->0K(175104K)] [ParOldGen: 507488K->513517K(524288K)] 595552K->513517K(699392K), [Metaspace: 43957K->43957K(1087488K)], 0.0603419 secs] [Times: user=0.56 sys=0.00, real=0.06 secs] 
2016-09-25T23:11:42.094-0400: 90.886: [Full GC (Ergonomics) [PSYoungGen: 88064K->0K(175104K)] [ParOldGen: 513585K->508665K(524288K)] 601649K->508665K(699392K), [Metaspace: 43957K->43957K(1087488K)], 0.0559855 secs] [Times: user=0.51 sys=0.00, real=0.05 secs] 
2016-09-25T23:11:42.192-0400: 90.984: [Full GC (Ergonomics) [PSYoungGen: 88064K->0K(175104K)] [ParOldGen: 508715K->501129K(524288K)] 596779K->501129K(699392K), [Metaspace: 43957K->43957K(1087488K)], 0.0579421 secs] [Times: user=0.54 sys=0.00, real=0.06 secs] 
2016-09-25T23:11:42.283-0400: 91.074: [Full GC (Ergonomics) [PSYoungGen: 88064K->0K(175104K)] [ParOldGen: 508026K->520910K(524288K)] 596090K->520910K(699392K), [Metaspace: 43957K->43957K(1087488K)], 0.0549244 secs] [Times: user=0.51 sys=0.01, real=0.05 secs] 
2016-09-25T23:11:42.383-0400: 91.175: [Full GC (Ergonomics) [PSYoungGen: 87561K->0K(175104K)] [ParOldGen: 523610K->510826K(524288K)] 611172K->510826K(699392K), [Metaspace: 43957K->43957K(1087488K)], 0.0616998 secs] [Times: user=0.57 sys=0.00, real=0.06 secs] 
2016-09-25T23:11:42.480-0400: 91.271: [Full GC (Ergonomics) [PSYoungGen: 88064K->0K(175104K)] [ParOldGen: 510888K->516742K(524288K)] 598952K->516742K(699392K), [Metaspace: 43957K->43957K(1087488K)], 0.0573893 secs] [Times: user=0.52 sys=0.01, real=0.06 secs] 
2016-09-25T23:11:42.577-0400: 91.369: [Full GC (Ergonomics) [PSYoungGen: 88064K->0K(175104K)] [ParOldGen: 518205K->514835K(524288K)] 606269K->514835K(699392K), [Metaspace: 43957K->43957K(1087488K)], 0.0568690 secs] [Times: user=0.58 sys=0.00, real=0.06 secs] 
2016-09-25T23:11:42.676-0400: 91.468: [Full GC (Ergonomics) [PSYoungGen: 88064K->0K(175104K)] [ParOldGen: 522305K->509010K(524288K)] 610369K->509010K(699392K), [Metaspace: 43957K->43957K(1087488K)], 0.0594139 secs] [Times: user=0.61 sys=0.01, real=0.06 secs] 
2016-09-25T23:11:42.774-0400: 91.566: [Full GC (Ergonomics) [PSYoungGen: 88064K->0K(175104K)] [ParOldGen: 517417K->516238K(524288K)] 605481K->516238K(699392K), [Metaspace: 43961K->43961K(1087488K)], 0.0533071 secs] [Times: user=0.45 sys=0.00, real=0.05 secs] 
2016-09-25T23:11:42.867-0400: 91.659: [Full GC (Ergonomics) [PSYoungGen: 88064K->0K(175104K)] [ParOldGen: 523065K->522431K(524288K)] 611129K->522431K(699392K), [Metaspace: 43961K->43961K(1087488K)], 0.0606117 secs] [Times: user=0.60 sys=0.00, real=0.06 secs] 
2016-09-25T23:11:42.973-0400: 91.765: [Full GC (Ergonomics) [PSYoungGen: 87249K->0K(175104K)] [ParOldGen: 522431K->509583K(524288K)] 609680K->509583K(699392K), [Metaspace: 43961K->43961K(1087488K)], 0.0859660 secs] [Times: user=1.05 sys=0.02, real=0.09 secs] 
2016-09-25T23:11:43.097-0400: 91.889: [Full GC (Ergonomics) [PSYoungGen: 88064K->0K(175104K)] [ParOldGen: 509673K->515496K(524288K)] 597737K->515496K(699392K), [Metaspace: 43961K->43961K(1087488K)], 0.0477149 secs] [Times: user=0.40 sys=0.01, real=0.05 secs] 
2016-09-25T23:11:43.185-0400: 91.977: [Full GC (Ergonomics) [PSYoungGen: 88064K->0K(175104K)] [ParOldGen: 518282K->519009K(524288K)] 606346K->519009K(699392K), [Metaspace: 43961K->43961K(1087488K)], 0.0605559 secs] [Times: user=0.57 sys=0.01, real=0.06 secs] 
2016-09-25T23:11:43.296-0400: 92.087: [Full GC (Ergonomics) [PSYoungGen: 88064K->0K(175104K)] [ParOldGen: 523138K->511638K(524288K)] 611202K->511638K(699392K), [Metaspace: 43961K->43961K(1087488K)], 0.0507368 secs] [Times: user=0.36 sys=0.00, real=0.05 secs] 
2016-09-25T23:11:43.387-0400: 92.178: [Full GC (Ergonomics) [PSYoungGen: 88064K->0K(175104K)] [ParOldGen: 511714K->520446K(524288K)] 599778K->520446K(699392K), [Metaspace: 43961K->43961K(1087488K)], 0.0613213 secs] [Times: user=0.60 sys=0.00, real=0.06 secs] 
2016-09-25T23:11:43.484-0400: 92.276: [Full GC (Ergonomics) [PSYoungGen: 86661K->0K(175104K)] [ParOldGen: 523146K->521202K(524288K)] 609807K->521202K(699392K), [Metaspace: 43961K->43961K(1087488K)], 0.0516245 secs] [Times: user=0.46 sys=0.00, real=0.05 secs] 
2016-09-25T23:11:43.574-0400: 92.366: [Full GC (Ergonomics) [PSYoungGen: 88064K->2700K(175104K)] [ParOldGen: 524023K->521767K(524288K)] 612087K->524467K(699392K), [Metaspace: 43961K->43961K(1087488K)], 0.0597093 secs] [Times: user=0.59 sys=0.01, real=0.06 secs] 
2016-09-25T23:11:43.678-0400: 92.469: [Full GC (Ergonomics) [PSYoungGen: 88064K->0K(175104K)] [ParOldGen: 522595K->513176K(524288K)] 610659K->513176K(699392K), [Metaspace: 43961K->43961K(1087488K)], 0.0557661 secs] [Times: user=0.54 sys=0.00, real=0.05 secs] 
2016-09-25T23:11:43.766-0400: 92.558: [Full GC (Ergonomics) [PSYoungGen: 88064K->5470K(175104K)] [ParOldGen: 518760K->522175K(524288K)] 606824K->527646K(699392K), [Metaspace: 43961K->43961K(1087488K)], 0.1137003 secs] [Times: user=1.51 sys=0.00, real=0.11 secs] 
2016-09-25T23:11:43.928-0400: 92.719: [Full GC (Ergonomics) [PSYoungGen: 88064K->0K(175104K)] [ParOldGen: 522191K->504156K(524288K)] 610255K->504156K(699392K), [Metaspace: 43961K->43961K(1087488K)], 0.0555056 secs] [Times: user=0.50 sys=0.01, real=0.06 secs] 
2016-09-25T23:11:44.015-0400: 92.806: [Full GC (Ergonomics) [PSYoungGen: 88064K->0K(175104K)] [ParOldGen: 504522K->522204K(524288K)] 592586K->522204K(699392K), [Metaspace: 43961K->43961K(1087488K)], 0.0742322 secs] [Times: user=0.74 sys=0.00, real=0.07 secs] 
2016-09-25T23:11:44.132-0400: 92.924: [Full GC (Ergonomics) [PSYoungGen: 87957K->0K(175104K)] [ParOldGen: 522204K->518940K(524288K)] 610161K->518940K(699392K), [Metaspace: 43961K->43961K(1087488K)], 0.0600707 secs] [Times: user=0.41 sys=0.00, real=0.06 secs] 
2016-09-25T23:11:44.237-0400: 93.028: [Full GC (Ergonomics) [PSYoungGen: 86795K->0K(175104K)] [ParOldGen: 521640K->522300K(524288K)] 608435K->522300K(699392K), [Metaspace: 43961K->43961K(1087488K)], 0.0595459 secs] [Times: user=0.50 sys=0.00, real=0.06 secs] 
2016-09-25T23:11:44.337-0400: 93.128: [Full GC (Ergonomics) [PSYoungGen: 88064K->0K(175104K)] [ParOldGen: 522372K->521698K(524288K)] 610436K->521698K(699392K), [Metaspace: 43961K->43961K(1087488K)], 0.0551980 secs] [Times: user=0.52 sys=0.01, real=0.05 secs] 
2016-09-25T23:11:44.428-0400: 93.220: [Full GC (Ergonomics) [PSYoungGen: 87599K->0K(175104K)] [ParOldGen: 521698K->518321K(524288K)] 609298K->518321K(699392K), [Metaspace: 43961K->43961K(1087488K)], 0.0563657 secs] [Times: user=0.55 sys=0.00, real=0.06 secs] 
2016-09-25T23:11:44.524-0400: 93.315: [Full GC (Ergonomics) [PSYoungGen: 88064K->0K(175104K)] [ParOldGen: 522405K->521675K(524288K)] 610469K->521675K(699392K), [Metaspace: 43961K->43961K(1087488K)], 0.0589719 secs] [Times: user=0.57 sys=0.00, real=0.06 secs] 
2016-09-25T23:11:44.622-0400: 93.414: [Full GC (Ergonomics) [PSYoungGen: 88064K->2700K(175104K)] [ParOldGen: 521743K->522377K(524288K)] 609807K->525078K(699392K), [Metaspace: 43961K->43961K(1087488K)], 0.0542448 secs] [Times: user=0.53 sys=0.01, real=0.05 secs] 
2016-09-25T23:11:44.713-0400: 93.505: [Full GC (Ergonomics) [PSYoungGen: 87513K->0K(175104K)] [ParOldGen: 522377K->523165K(524288K)] 609891K->523165K(699392K), [Metaspace: 43962K->43962K(1087488K)], 0.0561823 secs] [Times: user=0.56 sys=0.00, real=0.06 secs] 
2016-09-25T23:11:44.807-0400: 93.599: [Full GC (Ergonomics) [PSYoungGen: 88064K->2768K(175104K)] [ParOldGen: 523285K->522370K(524288K)] 611349K->525139K(699392K), [Metaspace: 43962K->43962K(1087488K)], 0.1098930 secs] [Times: user=1.47 sys=0.00, real=0.11 secs] 
2016-09-25T23:11:44.952-0400: 93.744: [Full GC (Ergonomics) [PSYoungGen: 88064K->12150K(175104K)] [ParOldGen: 522382K->521709K(524288K)] 610446K->533859K(699392K), [Metaspace: 43962K->43962K(1087488K)], 0.1487712 secs] [Times: user=2.16 sys=0.00, real=0.15 secs] 
2016-09-25T23:11:45.144-0400: 93.935: [Full GC (Ergonomics) [PSYoungGen: 88064K->0K(175104K)] [ParOldGen: 523259K->517029K(524288K)] 611323K->517029K(699392K), [Metaspace: 43962K->43962K(1087488K)], 0.0589339 secs] [Times: user=0.59 sys=0.00, real=0.06 secs] 
2016-09-25T23:11:45.232-0400: 94.024: [Full GC (Ergonomics) [PSYoungGen: 88064K->10968K(175104K)] [ParOldGen: 517110K->523970K(524288K)] 605174K->534939K(699392K), [Metaspace: 43962K->43962K(1087488K)], 0.1576063 secs] [Times: user=2.34 sys=0.01, real=0.16 secs] 
2016-09-25T23:11:45.429-0400: 94.220: [Full GC (Ergonomics) [PSYoungGen: 87565K->0K(175104K)] [ParOldGen: 523970K->522206K(524288K)] 611536K->522206K(699392K), [Metaspace: 43962K->43962K(1087488K)], 0.0581084 secs] [Times: user=0.49 sys=0.01, real=0.06 secs] 
2016-09-25T23:11:45.526-0400: 94.318: [Full GC (Ergonomics) [PSYoungGen: 88064K->0K(175104K)] [ParOldGen: 523737K->522684K(524288K)] 611801K->522684K(699392K), [Metaspace: 43962K->43962K(1087488K)], 0.0598430 secs] [Times: user=0.56 sys=0.00, real=0.06 secs] 
2016-09-25T23:11:45.618-0400: 94.410: [Full GC (Ergonomics) [PSYoungGen: 88064K->12277K(175104K)] [ParOldGen: 522919K->524015K(524288K)] 610983K->536293K(699392K), [Metaspace: 43963K->43963K(1087488K)], 0.1620669 secs] [Times: user=2.40 sys=0.01, real=0.16 secs] 
2016-09-25T23:11:45.820-0400: 94.612: [Full GC (Ergonomics) [PSYoungGen: 88064K->8165K(175104K)] [ParOldGen: 524121K->523058K(524288K)] 612185K->531224K(699392K), [Metaspace: 43963K->43963K(1087488K)], 0.1653172 secs] [Times: user=2.26 sys=0.00, real=0.17 secs] 
2016-09-25T23:11:46.020-0400: 94.811: [Full GC (Ergonomics) [PSYoungGen: 88064K->8116K(175104K)] [ParOldGen: 523143K->523675K(524288K)] 611207K->531791K(699392K), [Metaspace: 43963K->43963K(1087488K)], 0.1442302 secs] [Times: user=2.02 sys=0.01, real=0.15 secs] 
2016-09-25T23:11:46.202-0400: 94.993: [Full GC (Ergonomics) [PSYoungGen: 87473K->6750K(175104K)] [ParOldGen: 523675K->522784K(524288K)] 611148K->529534K(699392K), [Metaspace: 43964K->43964K(1087488K)], 0.1623285 secs] [Times: user=2.36 sys=0.02, real=0.17 secs] 
2016-09-25T23:11:46.400-0400: 95.192: [Full GC (Ergonomics) [PSYoungGen: 88064K->2700K(175104K)] [ParOldGen: 522789K->523317K(524288K)] 610853K->526018K(699392K), [Metaspace: 43964K->43964K(1087488K)], 0.1542710 secs] [Times: user=2.31 sys=0.00, real=0.16 secs] 
2016-09-25T23:11:46.596-0400: 95.388: [Full GC (Ergonomics) [PSYoungGen: 87945K->6750K(175104K)] [ParOldGen: 523317K->523725K(524288K)] 611263K->530475K(699392K), [Metaspace: 43964K->43964K(1087488K)], 0.1558116 secs] [Times: user=2.32 sys=0.01, real=0.15 secs] 
2016-09-25T23:11:46.779-0400: 95.570: [Full GC (Ergonomics) [PSYoungGen: 88062K->9617K(175104K)] [ParOldGen: 523819K->522817K(524288K)] 611882K->532435K(699392K), [Metaspace: 43964K->43964K(1087488K)], 0.1583919 secs] [Times: user=2.32 sys=0.02, real=0.16 secs] 
2016-09-25T23:11:46.984-0400: 95.775: [Full GC (Ergonomics) [PSYoungGen: 87818K->0K(175104K)] [ParOldGen: 522817K->523505K(524288K)] 610635K->523505K(699392K), [Metaspace: 43964K->43964K(1087488K)], 0.0567808 secs] [Times: user=0.55 sys=0.00, real=0.05 secs] 
2016-09-25T23:11:47.077-0400: 95.868: [Full GC (Ergonomics) [PSYoungGen: 88064K->12153K(175104K)] [ParOldGen: 523577K->522399K(524288K)] 611641K->534552K(699392K), [Metaspace: 43964K->43964K(1087488K)], 0.1619962 secs] [Times: user=2.40 sys=0.00, real=0.16 secs] 
2016-09-25T23:11:47.266-0400: 96.058: [Full GC (Ergonomics) [PSYoungGen: 87704K->12300K(175104K)] [ParOldGen: 522399K->522869K(524288K)] 610103K->535170K(699392K), [Metaspace: 43964K->43964K(1087488K)], 0.1569322 secs] [Times: user=2.22 sys=0.02, real=0.16 secs] 
2016-09-25T23:11:47.464-0400: 96.256: [Full GC (Ergonomics) [PSYoungGen: 88064K->5458K(175104K)] [ParOldGen: 523016K->523184K(524288K)] 611080K->528643K(699392K), [Metaspace: 43964K->43964K(1087488K)], 0.1543576 secs] [Times: user=2.12 sys=0.01, real=0.15 secs] 
2016-09-25T23:11:47.647-0400: 96.439: [Full GC (Ergonomics) [PSYoungGen: 87421K->19062K(175104K)] [ParOldGen: 523184K->522195K(524288K)] 610605K->541257K(699392K), [Metaspace: 43964K->43964K(1087488K)], 0.1556639 secs] [Times: user=2.27 sys=0.01, real=0.16 secs] 
2016-09-25T23:11:47.842-0400: 96.634: [Full GC (Ergonomics) [PSYoungGen: 88064K->12329K(175104K)] [ParOldGen: 522250K->523820K(524288K)] 610314K->536149K(699392K), [Metaspace: 43964K->43964K(1087488K)], 0.1550844 secs] [Times: user=2.28 sys=0.02, real=0.15 secs] 
2016-09-25T23:11:48.027-0400: 96.819: [Full GC (Ergonomics) [PSYoungGen: 86428K->16522K(175104K)] [ParOldGen: 523820K->522841K(524288K)] 610248K->539363K(699392K), [Metaspace: 43964K->43964K(1087488K)], 0.1475980 secs] [Times: user=2.17 sys=0.01, real=0.15 secs] 
2016-09-25T23:11:48.213-0400: 97.005: [Full GC (Ergonomics) [PSYoungGen: 88064K->0K(175104K)] [ParOldGen: 523093K->520916K(524288K)] 611157K->520916K(699392K), [Metaspace: 43964K->43964K(1087488K)], 0.0594710 secs] [Times: user=0.52 sys=0.00, real=0.06 secs] 
2016-09-25T23:11:48.308-0400: 97.100: [Full GC (Ergonomics) [PSYoungGen: 88064K->10824K(175104K)] [ParOldGen: 521078K->523859K(524288K)] 609142K->534683K(699392K), [Metaspace: 43964K->43964K(1087488K)], 0.1519095 secs] [Times: user=2.24 sys=0.01, real=0.15 secs] 
2016-09-25T23:11:48.503-0400: 97.295: [Full GC (Ergonomics) [PSYoungGen: 85505K->4113K(175104K)] [ParOldGen: 523859K->522864K(524288K)] 609364K->526978K(699392K), [Metaspace: 43964K->43964K(1087488K)], 0.1534083 secs] [Times: user=2.26 sys=0.01, real=0.15 secs] 
2016-09-25T23:11:48.686-0400: 97.477: [Full GC (Ergonomics) [PSYoungGen: 88064K->24441K(175104K)] [ParOldGen: 522904K->521979K(524288K)] 610968K->546420K(699392K), [Metaspace: 43964K->43964K(1087488K)], 0.1559405 secs] [Times: user=2.32 sys=0.01, real=0.15 secs] 
2016-09-25T23:11:48.883-0400: 97.675: [Full GC (Ergonomics) [PSYoungGen: 88064K->6828K(175104K)] [ParOldGen: 522111K->523553K(524288K)] 610175K->530382K(699392K), [Metaspace: 43964K->43964K(1087488K)], 0.1549445 secs] [Times: user=2.23 sys=0.01, real=0.15 secs] 
2016-09-25T23:11:49.070-0400: 97.861: [Full GC (Ergonomics) [PSYoungGen: 88064K->13662K(175104K)] [ParOldGen: 523650K->524106K(524288K)] 611714K->537768K(699392K), [Metaspace: 43964K->43964K(1087488K)], 0.1639655 secs] [Times: user=2.43 sys=0.01, real=0.16 secs] 
2016-09-25T23:11:49.274-0400: 98.065: [Full GC (Ergonomics) [PSYoungGen: 86332K->17764K(175104K)] [ParOldGen: 524106K->521633K(524288K)] 610438K->539398K(699392K), [Metaspace: 43964K->43964K(1087488K)], 0.1674078 secs] [Times: user=2.28 sys=0.01, real=0.17 secs] 
2016-09-25T23:11:49.466-0400: 98.258: [Full GC (Ergonomics) [PSYoungGen: 86985K->20596K(175104K)] [ParOldGen: 521633K->521890K(524288K)] 608618K->542487K(699392K), [Metaspace: 43964K->43964K(1087488K)], 0.1624572 secs] [Times: user=2.41 sys=0.01, real=0.16 secs] 
2016-09-25T23:11:49.663-0400: 98.455: [Full GC (Ergonomics) [PSYoungGen: 88064K->4050K(175104K)] [ParOldGen: 522394K->524097K(524288K)] 610458K->528147K(699392K), [Metaspace: 43964K->43964K(1087488K)], 0.1488167 secs] [Times: user=2.18 sys=0.01, real=0.14 secs] 
2016-09-25T23:11:49.845-0400: 98.636: [Full GC (Ergonomics) [PSYoungGen: 85568K->10938K(175104K)] [ParOldGen: 524097K->524137K(524288K)] 609665K->535075K(699392K), [Metaspace: 43964K->43964K(1087488K)], 0.1628875 secs] [Times: user=2.38 sys=0.02, real=0.16 secs] 
2016-09-25T23:11:50.044-0400: 98.835: [Full GC (Ergonomics) [PSYoungGen: 86684K->16391K(175104K)] [ParOldGen: 524137K->521828K(524288K)] 610821K->538219K(699392K), [Metaspace: 43964K->43964K(1087488K)], 0.1731273 secs] [Times: user=2.47 sys=0.00, real=0.17 secs] 
2016-09-25T23:11:50.251-0400: 99.043: [Full GC (Ergonomics) [PSYoungGen: 88064K->12215K(175104K)] [ParOldGen: 521852K->523630K(524288K)] 609916K->535845K(699392K), [Metaspace: 43964K->43964K(1087488K)], 0.1489226 secs] [Times: user=2.20 sys=0.00, real=0.15 secs] 
2016-09-25T23:11:50.423-0400: 99.214: [Full GC (Ergonomics) [PSYoungGen: 87954K->20599K(175104K)] [ParOldGen: 523630K->523709K(524288K)] 611585K->544309K(699392K), [Metaspace: 43964K->43964K(1087488K)], 0.1524022 secs] [Times: user=2.26 sys=0.00, real=0.15 secs] 
2016-09-25T23:11:50.611-0400: 99.403: [Full GC (Ergonomics) [PSYoungGen: 88064K->9633K(175104K)] [ParOldGen: 523731K->522824K(524288K)] 611795K->532458K(699392K), [Metaspace: 43970K->43970K(1087488K)], 0.1633225 secs] [Times: user=2.40 sys=0.02, real=0.17 secs] 
2016-09-25T23:11:50.816-0400: 99.608: [Full GC (Ergonomics) [PSYoungGen: 88064K->13637K(175104K)] [ParOldGen: 522885K->523137K(524288K)] 610949K->536775K(699392K), [Metaspace: 43970K->43970K(1087488K)], 0.1532184 secs] [Times: user=2.22 sys=0.01, real=0.15 secs] 
2016-09-25T23:11:50.997-0400: 99.789: [Full GC (Ergonomics) [PSYoungGen: 88064K->16300K(175104K)] [ParOldGen: 523683K->522306K(524288K)] 611747K->538607K(699392K), [Metaspace: 43970K->43970K(1087488K)], 0.2005711 secs] [Times: user=2.32 sys=0.04, real=0.20 secs] 
2016-09-25T23:11:51.230-0400: 100.021: [Full GC (Ergonomics) [PSYoungGen: 85998K->10871K(175104K)] [ParOldGen: 522306K->523873K(524288K)] 608304K->534744K(699392K), [Metaspace: 43970K->43970K(1087488K)], 0.1612707 secs] [Times: user=2.40 sys=0.00, real=0.16 secs] 
2016-09-25T23:11:51.423-0400: 100.214: [Full GC (Ergonomics) [PSYoungGen: 88064K->19067K(175104K)] [ParOldGen: 524089K->524230K(524288K)] 612153K->543297K(699392K), [Metaspace: 43970K->43970K(1087488K)], 0.1545753 secs] [Times: user=2.23 sys=0.01, real=0.15 secs] 
2016-09-25T23:11:51.611-0400: 100.402: [Full GC (Ergonomics) [PSYoungGen: 88064K->20468K(175104K)] [ParOldGen: 524230K->523178K(524288K)] 612294K->543646K(699392K), [Metaspace: 43970K->43970K(1087488K)], 0.1502408 secs] [Times: user=2.14 sys=0.01, real=0.15 secs] 
2016-09-25T23:11:51.791-0400: 100.582: [Full GC (Ergonomics) [PSYoungGen: 87283K->21811K(175104K)] [ParOldGen: 523178K->522233K(524288K)] 610461K->544044K(699392K), [Metaspace: 43970K->43970K(1087488K)], 0.1506553 secs] [Times: user=2.20 sys=0.02, real=0.15 secs] 
2016-09-25T23:11:51.981-0400: 100.773: [Full GC (Ergonomics) [PSYoungGen: 88064K->13731K(175104K)] [ParOldGen: 522281K->522472K(524288K)] 610345K->536204K(699392K), [Metaspace: 43970K->43970K(1087488K)], 0.1584037 secs] [Times: user=2.35 sys=0.02, real=0.16 secs] 
2016-09-25T23:11:52.166-0400: 100.958: [Full GC (Ergonomics) [PSYoungGen: 88064K->21848K(175104K)] [ParOldGen: 522498K->522848K(524288K)] 610562K->544696K(699392K), [Metaspace: 43970K->43970K(1087488K)], 0.1539212 secs] [Times: user=2.30 sys=0.00, real=0.15 secs] 
2016-09-25T23:11:52.358-0400: 101.150: [Full GC (Ergonomics) [PSYoungGen: 86111K->13639K(175104K)] [ParOldGen: 522848K->523101K(524288K)] 608960K->536740K(699392K), [Metaspace: 43970K->43970K(1087488K)], 0.1508024 secs] [Times: user=2.21 sys=0.01, real=0.15 secs] 
2016-09-25T23:11:52.530-0400: 101.322: [Full GC (Ergonomics) [PSYoungGen: 88064K->31346K(175104K)] [ParOldGen: 523232K->522150K(524288K)] 611296K->553497K(699392K), [Metaspace: 43970K->43970K(1087488K)], 0.1490548 secs] [Times: user=2.18 sys=0.01, real=0.15 secs] 
2016-09-25T23:11:52.709-0400: 101.500: [Full GC (Ergonomics) [PSYoungGen: 87914K->13823K(175104K)] [ParOldGen: 522150K->523631K(524288K)] 610064K->537454K(699392K), [Metaspace: 43970K->43970K(1087488K)], 0.1552629 secs] [Times: user=2.28 sys=0.01, real=0.16 secs] 
2016-09-25T23:11:52.897-0400: 101.688: [Full GC (Ergonomics) [PSYoungGen: 87704K->17905K(175104K)] [ParOldGen: 523631K->524124K(524288K)] 611336K->542029K(699392K), [Metaspace: 43970K->43970K(1087488K)], 0.1621668 secs] [Times: user=2.35 sys=0.01, real=0.16 secs] 
2016-09-25T23:11:53.085-0400: 101.876: [Full GC (Ergonomics) [PSYoungGen: 86528K->23290K(175104K)] [ParOldGen: 524124K->523001K(524288K)] 610652K->546292K(699392K), [Metaspace: 43970K->43970K(1087488K)], 0.1599657 secs] [Times: user=2.24 sys=0.02, real=0.16 secs] 
2016-09-25T23:11:53.272-0400: 102.064: [Full GC (Ergonomics) [PSYoungGen: 87199K->19212K(175104K)] [ParOldGen: 523001K->523408K(524288K)] 610201K->542621K(699392K), [Metaspace: 43970K->43970K(1087488K)], 0.1568754 secs] [Times: user=2.29 sys=0.02, real=0.16 secs] 
2016-09-25T23:11:53.455-0400: 102.247: [Full GC (Ergonomics) [PSYoungGen: 88064K->23268K(175104K)] [ParOldGen: 523545K->523606K(524288K)] 611609K->546875K(699392K), [Metaspace: 43970K->43970K(1087488K)], 0.1544541 secs] [Times: user=2.30 sys=0.01, real=0.15 secs] 
2016-09-25T23:11:53.648-0400: 102.440: [Full GC (Ergonomics) [PSYoungGen: 88064K->16517K(175104K)] [ParOldGen: 523687K->522476K(524288K)] 611751K->538994K(699392K), [Metaspace: 43970K->43970K(1087488K)], 0.1504040 secs] [Times: user=2.13 sys=0.01, real=0.15 secs] 
2016-09-25T23:11:53.824-0400: 102.616: [Full GC (Ergonomics) [PSYoungGen: 88064K->20498K(175104K)] [ParOldGen: 523433K->521925K(524288K)] 611497K->542424K(699392K), [Metaspace: 43970K->43970K(1087488K)], 0.1517062 secs] [Times: user=2.23 sys=0.02, real=0.15 secs] 
2016-09-25T23:11:54.000-0400: 102.791: [Full GC (Ergonomics) [PSYoungGen: 86492K->24593K(175104K)] [ParOldGen: 521925K->523198K(524288K)] 608417K->547792K(699392K), [Metaspace: 43970K->43970K(1087488K)], 0.1598184 secs] [Times: user=2.35 sys=0.00, real=0.16 secs] 
2016-09-25T23:11:54.189-0400: 102.980: [Full GC (Ergonomics) [PSYoungGen: 88064K->23176K(175104K)] [ParOldGen: 523295K->522210K(524288K)] 611359K->545386K(699392K), [Metaspace: 43970K->43970K(1087488K)], 0.1556893 secs] [Times: user=2.29 sys=0.00, real=0.16 secs] 
2016-09-25T23:11:54.369-0400: 103.160: [Full GC (Ergonomics) [PSYoungGen: 87762K->21810K(175104K)] [ParOldGen: 522210K->523597K(524288K)] 609973K->545407K(699392K), [Metaspace: 43970K->43970K(1087488K)], 0.1571261 secs] [Times: user=2.33 sys=0.00, real=0.16 secs] 
2016-09-25T23:11:54.560-0400: 103.352: [Full GC (Ergonomics) [PSYoungGen: 85744K->17862K(175104K)] [ParOldGen: 523597K->522333K(524288K)] 609342K->540196K(699392K), [Metaspace: 43970K->43970K(1087488K)], 0.1589892 secs] [Times: user=2.31 sys=0.00, real=0.16 secs] 
2016-09-25T23:11:54.746-0400: 103.537: [Full GC (Ergonomics) [PSYoungGen: 88064K->29974K(175104K)] [ParOldGen: 523932K->524216K(524288K)] 611996K->554190K(699392K), [Metaspace: 43970K->43970K(1087488K)], 0.1570528 secs] [Times: user=2.25 sys=0.01, real=0.16 secs] 
2016-09-25T23:11:54.938-0400: 103.730: [Full GC (Ergonomics) [PSYoungGen: 88064K->12431K(175104K)] [ParOldGen: 524259K->521609K(524288K)] 612323K->534040K(699392K), [Metaspace: 43970K->43970K(1087488K)], 0.1687946 secs] [Times: user=2.39 sys=0.03, real=0.17 secs] 
2016-09-25T23:11:55.134-0400: 103.925: [Full GC (Ergonomics) [PSYoungGen: 88064K->28574K(175104K)] [ParOldGen: 521678K->523479K(524288K)] 609742K->552054K(699392K), [Metaspace: 43970K->43970K(1087488K)], 0.1521789 secs] [Times: user=2.29 sys=0.01, real=0.16 secs] 
2016-09-25T23:11:55.317-0400: 104.109: [Full GC (Ergonomics) [PSYoungGen: 88064K->16521K(175104K)] [ParOldGen: 523559K->523624K(524288K)] 611623K->540145K(699392K), [Metaspace: 43970K->43970K(1087488K)], 0.1646438 secs] [Times: user=2.36 sys=0.02, real=0.16 secs] 
2016-09-25T23:11:55.515-0400: 104.306: [Full GC (Ergonomics) [PSYoungGen: 87728K->20463K(175104K)] [ParOldGen: 523624K->524100K(524288K)] 611353K->544564K(699392K), [Metaspace: 43970K->43970K(1087488K)], 0.1650449 secs] [Times: user=2.47 sys=0.01, real=0.16 secs] 
2016-09-25T23:11:55.711-0400: 104.502: [Full GC (Ergonomics) [PSYoungGen: 86719K->23255K(175104K)] [ParOldGen: 524100K->524280K(524288K)] 610820K->547535K(699392K), [Metaspace: 43970K->43970K(1087488K)], 0.1532796 secs] [Times: user=2.23 sys=0.01, real=0.16 secs] 
2016-09-25T23:11:55.894-0400: 104.686: [Full GC (Ergonomics) [PSYoungGen: 87795K->16509K(175104K)] [ParOldGen: 524280K->521862K(524288K)] 612075K->538371K(699392K), [Metaspace: 43970K->43970K(1087488K)], 0.1539530 secs] [Times: user=2.27 sys=0.00, real=0.15 secs] 
2016-09-25T23:11:56.073-0400: 104.864: [Full GC (Ergonomics) [PSYoungGen: 85912K->27332K(175104K)] [ParOldGen: 521862K->523648K(524288K)] 607774K->550981K(699392K), [Metaspace: 43970K->43970K(1087488K)], 0.1693475 secs] [Times: user=2.49 sys=0.01, real=0.17 secs] 
2016-09-25T23:11:56.280-0400: 105.071: [Full GC (Ergonomics) [PSYoungGen: 88064K->19306K(175104K)] [ParOldGen: 523660K->523716K(524288K)] 611724K->543023K(699392K), [Metaspace: 43970K->43970K(1087488K)], 0.1591567 secs] [Times: user=2.48 sys=0.00, real=0.16 secs] 
2016-09-25T23:11:56.464-0400: 105.256: [Full GC (Ergonomics) [PSYoungGen: 86827K->27405K(175104K)] [ParOldGen: 523716K->524124K(524288K)] 610544K->551530K(699392K), [Metaspace: 43987K->43987K(1087488K)], 0.1656368 secs] [Times: user=2.44 sys=0.01, real=0.16 secs] 
2016-09-25T23:11:56.663-0400: 105.455: [Full GC (Ergonomics) [PSYoungGen: 87115K->24824K(175104K)] [ParOldGen: 524124K->524257K(524288K)] 611240K->549082K(699392K), [Metaspace: 44012K->44012K(1087488K)], 0.1599782 secs] [Times: user=2.48 sys=0.05, real=0.16 secs] 
2016-09-25T23:11:56.853-0400: 105.645: [Full GC (Ergonomics) [PSYoungGen: 88064K->30123K(175104K)] [ParOldGen: 524284K->521945K(524288K)] 612348K->552069K(699392K), [Metaspace: 44013K->44013K(1087488K)], 0.1537572 secs] [Times: user=2.16 sys=0.01, real=0.16 secs] 
2016-09-25T23:11:57.037-0400: 105.828: [Full GC (Ergonomics) [PSYoungGen: 88064K->23501K(175104K)] [ParOldGen: 522002K->523414K(524288K)] 610066K->546915K(699392K), [Metaspace: 44017K->44017K(1087488K)], 0.1807949 secs] [Times: user=2.73 sys=0.00, real=0.18 secs] 
2016-09-25T23:11:57.248-0400: 106.040: [Full GC (Ergonomics) [PSYoungGen: 88064K->19266K(175104K)] [ParOldGen: 523477K->522642K(524288K)] 611541K->541908K(699392K), [Metaspace: 44017K->44017K(1087488K)], 0.1541730 secs] [Times: user=2.38 sys=0.02, real=0.16 secs] 
2016-09-25T23:11:57.429-0400: 106.221: [Full GC (Ergonomics) [PSYoungGen: 87696K->23263K(175104K)] [ParOldGen: 522642K->524265K(524288K)] 610338K->547529K(699392K), [Metaspace: 44019K->44019K(1087488K)], 0.1570445 secs] [Times: user=2.34 sys=0.00, real=0.16 secs] 
2016-09-25T23:11:57.619-0400: 106.410: [Full GC (Ergonomics) [PSYoungGen: 88064K->23484K(175104K)] [ParOldGen: 524284K->521614K(524288K)] 612348K->545099K(699392K), [Metaspace: 44022K->44022K(1087488K)], 0.1571605 secs] [Times: user=2.32 sys=0.02, real=0.16 secs] 
2016-09-25T23:11:57.799-0400: 106.590: [Full GC (Ergonomics) [PSYoungGen: 86614K->27271K(175104K)] [ParOldGen: 521614K->523572K(524288K)] 608229K->550844K(699392K), [Metaspace: 44022K->44022K(1087488K)], 0.1502871 secs] [Times: user=2.17 sys=0.00, real=0.15 secs] 
2016-09-25T23:11:57.971-0400: 106.763: [Full GC (Ergonomics) [PSYoungGen: 85993K->32978K(175104K)] [ParOldGen: 523572K->523537K(524288K)] 609565K->556515K(699392K), [Metaspace: 44025K->44025K(1087488K)], 0.1609055 secs] [Times: user=2.41 sys=0.01, real=0.16 secs] 
2016-09-25T23:11:58.167-0400: 106.959: [Full GC (Ergonomics) [PSYoungGen: 87450K->21968K(175104K)] [ParOldGen: 523537K->523971K(524288K)] 610987K->545940K(699392K), [Metaspace: 44025K->44025K(1087488K)], 0.1562131 secs] [Times: user=2.29 sys=0.00, real=0.16 secs] 
2016-09-25T23:11:58.349-0400: 107.141: [Full GC (Ergonomics) [PSYoungGen: 88064K->30309K(175104K)] [ParOldGen: 524019K->524045K(524288K)] 612083K->554355K(699392K), [Metaspace: 44025K->44025K(1087488K)], 0.1696147 secs] [Times: user=2.41 sys=0.00, real=0.17 secs] 
2016-09-25T23:11:58.548-0400: 107.340: [Full GC (Ergonomics) [PSYoungGen: 86664K->23537K(175104K)] [ParOldGen: 524045K->522928K(524288K)] 610710K->546466K(699392K), [Metaspace: 44026K->44026K(1087488K)], 0.1604573 secs] [Times: user=2.44 sys=0.05, real=0.16 secs] 
2016-09-25T23:11:58.728-0400: 107.520: [Full GC (Ergonomics) [PSYoungGen: 88064K->31435K(175104K)] [ParOldGen: 524286K->522253K(524288K)] 612350K->553689K(699392K), [Metaspace: 44026K->44026K(1087488K)], 0.1552365 secs] [Times: user=2.32 sys=0.01, real=0.16 secs] 
2016-09-25T23:11:58.919-0400: 107.711: [Full GC (Ergonomics) [PSYoungGen: 88064K->24761K(175104K)] [ParOldGen: 523614K->522259K(524288K)] 611678K->547021K(699392K), [Metaspace: 44026K->44026K(1087488K)], 0.1688225 secs] [Times: user=2.54 sys=0.00, real=0.17 secs] 
2016-09-25T23:11:59.113-0400: 107.905: [Full GC (Ergonomics) [PSYoungGen: 87605K->27441K(175104K)] [ParOldGen: 522259K->522758K(524288K)] 609865K->550200K(699392K), [Metaspace: 44026K->44026K(1087488K)], 0.1714038 secs] [Times: user=2.56 sys=0.00, real=0.18 secs] 
2016-09-25T23:11:59.309-0400: 108.101: [Full GC (Ergonomics) [PSYoungGen: 85481K->28837K(175104K)] [ParOldGen: 522758K->524148K(524288K)] 608240K->552985K(699392K), [Metaspace: 44026K->44026K(1087488K)], 0.1616056 secs] [Times: user=2.48 sys=0.03, real=0.16 secs] 
2016-09-25T23:11:59.501-0400: 108.292: [Full GC (Ergonomics) [PSYoungGen: 85618K->24781K(175104K)] [ParOldGen: 524148K->523090K(524288K)] 609766K->547871K(699392K), [Metaspace: 44029K->44029K(1087488K)], 0.1721242 secs] [Times: user=2.52 sys=0.01, real=0.17 secs] 
2016-09-25T23:11:59.699-0400: 108.491: [Full GC (Ergonomics) [PSYoungGen: 87140K->32731K(175104K)] [ParOldGen: 523090K->523516K(524288K)] 610230K->556248K(699392K), [Metaspace: 44040K->44040K(1087488K)], 0.1809188 secs] [Times: user=2.80 sys=0.03, real=0.18 secs] 
2016-09-25T23:11:59.915-0400: 108.707: [Full GC (Ergonomics) [PSYoungGen: 88064K->26220K(175104K)] [ParOldGen: 523656K->522162K(524288K)] 611720K->548383K(699392K), [Metaspace: 44040K->44040K(1087488K)], 0.1684181 secs] [Times: user=2.46 sys=0.00, real=0.17 secs] 
2016-09-25T23:12:00.113-0400: 108.904: [Full GC (Ergonomics) [PSYoungGen: 87296K->27458K(175104K)] [ParOldGen: 522162K->523959K(524288K)] 609459K->551418K(699392K), [Metaspace: 44040K->44040K(1087488K)], 0.1643026 secs] [Times: user=2.19 sys=0.00, real=0.17 secs] 
2016-09-25T23:12:00.312-0400: 109.104: [Full GC (Ergonomics) [PSYoungGen: 88064K->30265K(175104K)] [ParOldGen: 524056K->524085K(524288K)] 612120K->554350K(699392K), [Metaspace: 44040K->44040K(1087488K)], 0.1734178 secs] [Times: user=2.10 sys=0.01, real=0.18 secs] 
2016-09-25T23:12:00.515-0400: 109.306: [Full GC (Ergonomics) [PSYoungGen: 88064K->33084K(175104K)] [ParOldGen: 524287K->522975K(524288K)] 612351K->556059K(699392K), [Metaspace: 44040K->44040K(1087488K)], 0.1564378 secs] [Times: user=2.17 sys=0.02, real=0.15 secs] 
2016-09-25T23:12:00.700-0400: 109.491: [Full GC (Ergonomics) [PSYoungGen: 88064K->38364K(175104K)] [ParOldGen: 523136K->521920K(524288K)] 611200K->560285K(699392K), [Metaspace: 44042K->44042K(1087488K)], 0.1583207 secs] [Times: user=2.08 sys=0.01, real=0.16 secs] 
2016-09-25T23:12:00.882-0400: 109.673: [Full GC (Ergonomics) [PSYoungGen: 88026K->28851K(175104K)] [ParOldGen: 521920K->523585K(524288K)] 609947K->552437K(699392K), [Metaspace: 44042K->44042K(1087488K)], 0.1728454 secs] [Times: user=2.33 sys=0.02, real=0.18 secs] 
2016-09-25T23:12:01.088-0400: 109.879: [Full GC (Ergonomics) [PSYoungGen: 88064K->26223K(175104K)] [ParOldGen: 523706K->523680K(524288K)] 611770K->549904K(699392K), [Metaspace: 44042K->44042K(1087488K)], 0.1723968 secs] [Times: user=2.38 sys=0.00, real=0.17 secs] 
2016-09-25T23:12:01.287-0400: 110.079: [Full GC (Ergonomics) [PSYoungGen: 86873K->28752K(175104K)] [ParOldGen: 523680K->524255K(524288K)] 610554K->553008K(699392K), [Metaspace: 44042K->44042K(1087488K)], 0.1604608 secs] [Times: user=2.12 sys=0.01, real=0.16 secs] 
2016-09-25T23:12:01.475-0400: 110.266: [Full GC (Ergonomics) [PSYoungGen: 87000K->31706K(175104K)] [ParOldGen: 524255K->521581K(524288K)] 611255K->553287K(699392K), [Metaspace: 44042K->44042K(1087488K)], 0.1673463 secs] [Times: user=2.01 sys=0.01, real=0.17 secs] 
2016-09-25T23:12:01.673-0400: 110.464: [Full GC (Ergonomics) [PSYoungGen: 87604K->19388K(175104K)] [ParOldGen: 524281K->522072K(524288K)] 611885K->541460K(699392K), [Metaspace: 44042K->44042K(1087488K)], 0.1346195 secs] [Times: user=1.79 sys=0.01, real=0.14 secs] 
2016-09-25T23:12:01.847-0400: 110.638: [Full GC (Ergonomics) [PSYoungGen: 88064K->23593K(175104K)] [ParOldGen: 523535K->523499K(524288K)] 611599K->547092K(699392K), [Metaspace: 44043K->44043K(1087488K)], 0.1618189 secs] [Times: user=2.17 sys=0.02, real=0.16 secs] 
2016-09-25T23:12:02.035-0400: 110.826: [Full GC (Ergonomics) [PSYoungGen: 86942K->31474K(175104K)] [ParOldGen: 523499K->524133K(524288K)] 610441K->555607K(699392K), [Metaspace: 44043K->44043K(1087488K)], 0.1733759 secs] [Times: user=1.87 sys=0.02, real=0.17 secs] 
2016-09-25T23:12:02.235-0400: 111.027: [Full GC (Ergonomics) [PSYoungGen: 88064K->34389K(175104K)] [ParOldGen: 524149K->522709K(524288K)] 612213K->557099K(699392K), [Metaspace: 44043K->44043K(1087488K)], 0.1542334 secs] [Times: user=2.12 sys=0.01, real=0.15 secs] 
2016-09-25T23:12:02.426-0400: 111.217: [Full GC (Ergonomics) [PSYoungGen: 87964K->26480K(175104K)] [ParOldGen: 522709K->522879K(524288K)] 610674K->549359K(699392K), [Metaspace: 44043K->44043K(1087488K)], 0.1616827 secs] [Times: user=2.13 sys=0.00, real=0.16 secs] 
2016-09-25T23:12:02.616-0400: 111.407: [Full GC (Ergonomics) [PSYoungGen: 88064K->34332K(175104K)] [ParOldGen: 523141K->523378K(524288K)] 611205K->557711K(699392K), [Metaspace: 44043K->44043K(1087488K)], 0.1591658 secs] [Times: user=2.15 sys=0.01, real=0.16 secs] 
2016-09-25T23:12:02.810-0400: 111.602: [Full GC (Ergonomics) [PSYoungGen: 87137K->19823K(175104K)] [ParOldGen: 523378K->523591K(524288K)] 610515K->543414K(699392K), [Metaspace: 44044K->44044K(1087488K)], 0.1708796 secs] [Times: user=2.48 sys=0.02, real=0.17 secs] 
2016-09-25T23:12:03.010-0400: 111.801: [Full GC (Ergonomics) [PSYoungGen: 88064K->34521K(175104K)] [ParOldGen: 523691K->522257K(524288K)] 611755K->556779K(699392K), [Metaspace: 44044K->44044K(1087488K)], 0.1768050 secs] [Times: user=2.45 sys=0.00, real=0.18 secs] 
2016-09-25T23:12:03.225-0400: 112.016: [Full GC (Ergonomics) [PSYoungGen: 88064K->28973K(175104K)] [ParOldGen: 522336K->523887K(524288K)] 610400K->552860K(699392K), [Metaspace: 44044K->44044K(1087488K)], 0.1692312 secs] [Times: user=2.12 sys=0.01, real=0.17 secs] 
2016-09-25T23:12:03.414-0400: 112.206: [Full GC (Ergonomics) [PSYoungGen: 88064K->38480K(175104K)] [ParOldGen: 523953K->522655K(524288K)] 612017K->561136K(699392K), [Metaspace: 44044K->44044K(1087488K)], 0.1830217 secs] [Times: user=2.42 sys=0.03, real=0.18 secs] 
2016-09-25T23:12:03.629-0400: 112.421: [Full GC (Ergonomics) [PSYoungGen: 87451K->31686K(175104K)] [ParOldGen: 522655K->523001K(524288K)] 610106K->554688K(699392K), [Metaspace: 44044K->44044K(1087488K)], 0.2022586 secs] [Times: user=2.45 sys=0.01, real=0.20 secs] 
2016-09-25T23:12:03.866-0400: 112.657: [Full GC (Ergonomics) [PSYoungGen: 87258K->31621K(175104K)] [ParOldGen: 523001K->523161K(524288K)] 610259K->554783K(699392K), [Metaspace: 44044K->44044K(1087488K)], 0.1598420 secs] [Times: user=2.34 sys=0.04, real=0.16 secs] 
2016-09-25T23:12:04.065-0400: 112.856: [Full GC (Ergonomics) [PSYoungGen: 87443K->31811K(175104K)] [ParOldGen: 523161K->523395K(524288K)] 610605K->555206K(699392K), [Metaspace: 44044K->44044K(1087488K)], 0.1608709 secs] [Times: user=2.34 sys=0.02, real=0.16 secs] 
2016-09-25T23:12:04.253-0400: 113.045: [Full GC (Ergonomics) [PSYoungGen: 88064K->34397K(175104K)] [ParOldGen: 523457K->522106K(524288K)] 611521K->556503K(699392K), [Metaspace: 44044K->44044K(1087488K)], 0.1621199 secs] [Times: user=2.13 sys=0.01, real=0.17 secs] 
2016-09-25T23:12:04.445-0400: 113.236: [Full GC (Ergonomics) [PSYoungGen: 87429K->34405K(175104K)] [ParOldGen: 522106K->522336K(524288K)] 609536K->556742K(699392K), [Metaspace: 44046K->44046K(1087488K)], 0.1664118 secs] [Times: user=2.39 sys=0.02, real=0.16 secs] 
2016-09-25T23:12:04.643-0400: 113.435: [Full GC (Ergonomics) [PSYoungGen: 88064K->35658K(175104K)] [ParOldGen: 522489K->523764K(524288K)] 610553K->559422K(699392K), [Metaspace: 44046K->44046K(1087488K)], 0.1734958 secs] [Times: user=2.48 sys=0.01, real=0.17 secs] 
2016-09-25T23:12:04.844-0400: 113.636: [Full GC (Ergonomics) [PSYoungGen: 85934K->33151K(175104K)] [ParOldGen: 523764K->523783K(524288K)] 609698K->556934K(699392K), [Metaspace: 44046K->44046K(1087488K)], 0.1646618 secs] [Times: user=2.25 sys=0.02, real=0.16 secs] 
2016-09-25T23:12:05.036-0400: 113.828: [Full GC (Ergonomics) [PSYoungGen: 87580K->37106K(175104K)] [ParOldGen: 523783K->522739K(524288K)] 611363K->559846K(699392K), [Metaspace: 44046K->44046K(1087488K)], 0.1612569 secs] [Times: user=2.20 sys=0.03, real=0.16 secs] 
2016-09-25T23:12:05.232-0400: 114.024: [Full GC (Ergonomics) [PSYoungGen: 87832K->27663K(175104K)] [ParOldGen: 522739K->524286K(524288K)] 610572K->551950K(699392K), [Metaspace: 44046K->44046K(1087488K)], 0.1714260 secs] [Times: user=2.46 sys=0.01, real=0.18 secs] 
2016-09-25T23:12:05.433-0400: 114.225: [Full GC (Ergonomics) [PSYoungGen: 88064K->37171K(175104K)] [ParOldGen: 524287K->523013K(524288K)] 612351K->560184K(699392K), [Metaspace: 44046K->44046K(1087488K)], 0.1677908 secs] [Times: user=2.28 sys=0.02, real=0.17 secs] 
2016-09-25T23:12:05.628-0400: 114.420: [Full GC (Ergonomics) [PSYoungGen: 88064K->33184K(175104K)] [ParOldGen: 523095K->521640K(524288K)] 611159K->554824K(699392K), [Metaspace: 44046K->44046K(1087488K)], 0.1707190 secs] [Times: user=2.32 sys=0.03, real=0.17 secs] 
2016-09-25T23:12:05.840-0400: 114.632: [Full GC (Ergonomics) [PSYoungGen: 88045K->31880K(175104K)] [ParOldGen: 522990K->523006K(524288K)] 611035K->554887K(699392K), [Metaspace: 44046K->44046K(1087488K)], 0.1788680 secs] [Times: user=2.23 sys=0.01, real=0.18 secs] 
2016-09-25T23:12:06.048-0400: 114.840: [Full GC (Ergonomics) [PSYoungGen: 87936K->29120K(175104K)] [ParOldGen: 523006K->523547K(524288K)] 610943K->552667K(699392K), [Metaspace: 44046K->44046K(1087488K)], 0.1631901 secs] [Times: user=2.09 sys=0.02, real=0.16 secs] 
2016-09-25T23:12:06.239-0400: 115.030: [Full GC (Ergonomics) [PSYoungGen: 88064K->41109K(175104K)] [ParOldGen: 523774K->522178K(524288K)] 611838K->563288K(699392K), [Metaspace: 44046K->44046K(1087488K)], 0.1689077 secs] [Times: user=2.33 sys=0.01, real=0.17 secs] 
2016-09-25T23:12:06.441-0400: 115.233: [Full GC (Ergonomics) [PSYoungGen: 88064K->30431K(175104K)] [ParOldGen: 522688K->523704K(524288K)] 610752K->554136K(699392K), [Metaspace: 44046K->44046K(1087488K)], 0.1765360 secs] [Times: user=2.42 sys=0.03, real=0.18 secs] 
2016-09-25T23:12:06.647-0400: 115.438: [Full GC (Ergonomics) [PSYoungGen: 88064K->41379K(175104K)] [ParOldGen: 523901K->522182K(524288K)] 611965K->563562K(699392K), [Metaspace: 44053K->44053K(1087488K)], 0.1865901 secs] [Times: user=2.77 sys=0.01, real=0.18 secs] 
2016-09-25T23:12:06.863-0400: 115.655: [Full GC (Ergonomics) [PSYoungGen: 88064K->27597K(175104K)] [ParOldGen: 522338K->523673K(524288K)] 610402K->551271K(699392K), [Metaspace: 44078K->44078K(1087488K)], 0.1983131 secs] [Times: user=3.00 sys=0.01, real=0.19 secs] 
2016-09-25T23:12:09.943-0400: 118.734: [Full GC (Ergonomics) [PSYoungGen: 88064K->0K(175104K)] [ParOldGen: 523680K->514616K(524288K)] 611744K->514616K(699392K), [Metaspace: 44100K->44093K(1087488K)], 0.1565026 secs] [Times: user=1.76 sys=0.02, real=0.15 secs] 
2016-09-25T23:12:15.559-0400: 124.351: [Full GC (Ergonomics) [PSYoungGen: 88064K->0K(175104K)] [ParOldGen: 514616K->521693K(524288K)] 602680K->521693K(699392K), [Metaspace: 44095K->44095K(1087488K)], 0.1063074 secs] [Times: user=1.00 sys=0.01, real=0.11 secs] 
2016-09-25T23:12:20.747-0400: 129.538: [Full GC (Ergonomics) [PSYoungGen: 88064K->0K(175104K)] [ParOldGen: 521693K->503491K(524288K)] 609757K->503491K(699392K), [Metaspace: 44096K->44096K(1087488K)], 0.1068300 secs] [Times: user=0.83 sys=0.03, real=0.10 secs] 
2016-09-25T23:12:25.880-0400: 134.671: [Full GC (Ergonomics) [PSYoungGen: 88064K->0K(175104K)] [ParOldGen: 503491K->500178K(524288K)] 591555K->500178K(699392K), [Metaspace: 44096K->44096K(1087488K)], 0.0938236 secs] [Times: user=0.74 sys=0.02, real=0.09 secs] 
2016-09-25T23:12:30.894-0400: 139.685: [Full GC (Ergonomics) [PSYoungGen: 88064K->0K(175104K)] [ParOldGen: 500178K->480376K(524288K)] 588242K->480376K(699392K), [Metaspace: 44119K->44119K(1087488K)], 0.1098613 secs] [Times: user=0.82 sys=0.02, real=0.12 secs] 
2016-09-25T23:12:35.923-0400: 144.714: [GC (Allocation Failure) [PSYoungGen: 88064K->21412K(175104K)] 568440K->501789K(699392K), 0.0142303 secs] [Times: user=0.12 sys=0.01, real=0.01 secs] 
