Java HotSpot(TM) 64-Bit Server VM (25.77-b03) for linux-amd64 JRE (1.8.0_77-b03), built on Mar 20 2016 22:00:46 by "java_re" with gcc 4.3.0 20080428 (Red Hat 4.3.0-8)
Memory: 4k page, physical 264122324k(97687824k free), swap 268399612k(268246072k free)
CommandLine flags: -XX:GCLogFileSize=1048576 -XX:+HeapDumpOnOutOfMemoryError -XX:HeapDumpPath=artifacts/heapdump -XX:InitialHeapSize=805306368 -XX:MaxHeapSize=805306368 -XX:NumberOfGCLogFiles=10 -XX:+PrintGC -XX:+PrintGCDateStamps -XX:+PrintGCDetails -XX:+PrintGCTimeStamps -XX:+UseCompressedClassPointers -XX:+UseCompressedOops -XX:+UseGCLogFileRotation -XX:+UseParallelGC 
2016-09-13T18:05:25.707-0400: 2.170: [GC (Metadata GC Threshold) [PSYoungGen: 125830K->15705K(229376K)] 125830K->15785K(753664K), 0.0198606 secs] [Times: user=0.06 sys=0.08, real=0.02 secs] 
2016-09-13T18:05:25.727-0400: 2.190: [Full GC (Metadata GC Threshold) [PSYoungGen: 15705K->0K(229376K)] [ParOldGen: 80K->14596K(361472K)] 15785K->14596K(590848K), [Metaspace: 21046K->21046K(1067008K)], 0.0622605 secs] [Times: user=0.52 sys=0.05, real=0.07 secs] 
2016-09-13T18:05:35.243-0400: 11.706: [GC (Metadata GC Threshold) [PSYoungGen: 119547K->14726K(229376K)] 134143K->29458K(590848K), 0.0169443 secs] [Times: user=0.06 sys=0.09, real=0.02 secs] 
2016-09-13T18:05:35.260-0400: 11.723: [Full GC (Metadata GC Threshold) [PSYoungGen: 14726K->0K(229376K)] [ParOldGen: 14732K->20207K(524288K)] 29458K->20207K(753664K), [Metaspace: 34902K->34902K(1079296K)], 0.0532448 secs] [Times: user=0.50 sys=0.02, real=0.05 secs] 
2016-09-13T18:05:36.733-0400: 13.196: [GC (GCLocker Initiated GC) [PSYoungGen: 196608K->32742K(229376K)] 216821K->98779K(753664K), 0.0199596 secs] [Times: user=0.24 sys=0.06, real=0.02 secs] 
2016-09-13T18:05:37.105-0400: 13.568: [GC (GCLocker Initiated GC) [PSYoungGen: 229350K->27894K(229376K)] 295760K->167212K(753664K), 0.0289817 secs] [Times: user=0.39 sys=0.02, real=0.03 secs] 
2016-09-13T18:05:37.477-0400: 13.940: [GC (GCLocker Initiated GC) [PSYoungGen: 224502K->31011K(227840K)] 363845K->218962K(752128K), 0.0097869 secs] [Times: user=0.11 sys=0.02, real=0.00 secs] 
2016-09-13T18:05:37.952-0400: 14.415: [GC (GCLocker Initiated GC) [PSYoungGen: 227619K->29903K(175616K)] 422001K->248593K(699904K), 0.0185764 secs] [Times: user=0.22 sys=0.01, real=0.02 secs] 
2016-09-13T18:05:38.266-0400: 14.729: [GC (Allocation Failure) [PSYoungGen: 171215K->50063K(191488K)] 402399K->281255K(715776K), 0.0174502 secs] [Times: user=0.23 sys=0.01, real=0.02 secs] 
2016-09-13T18:05:38.588-0400: 15.051: [GC (GCLocker Initiated GC) [PSYoungGen: 190191K->44450K(196096K)] 422901K->310712K(720384K), 0.0154140 secs] [Times: user=0.18 sys=0.04, real=0.01 secs] 
2016-09-13T18:05:38.921-0400: 15.384: [GC (GCLocker Initiated GC) [PSYoungGen: 175519K->38292K(169472K)] 442143K->310338K(693760K), 0.0093445 secs] [Times: user=0.08 sys=0.00, real=0.01 secs] 
2016-09-13T18:05:39.158-0400: 15.621: [GC (Allocation Failure) [PSYoungGen: 169364K->7435K(192000K)] 441420K->280214K(716288K), 0.0048983 secs] [Times: user=0.02 sys=0.03, real=0.00 secs] 
2016-09-13T18:05:39.448-0400: 15.911: [GC (GCLocker Initiated GC) [PSYoungGen: 134962K->18985K(194560K)] 413817K->298764K(718848K), 0.0056934 secs] [Times: user=0.06 sys=0.00, real=0.00 secs] 
2016-09-13T18:05:39.765-0400: 16.229: [GC (GCLocker Initiated GC) [PSYoungGen: 148009K->38464K(194048K)] 427964K->318768K(718336K), 0.0188354 secs] [Times: user=0.25 sys=0.00, real=0.02 secs] 
2016-09-13T18:05:40.061-0400: 16.524: [GC (GCLocker Initiated GC) [PSYoungGen: 170048K->18838K(195584K)] 458116K->307138K(719872K), 0.0075177 secs] [Times: user=0.07 sys=0.01, real=0.01 secs] 
2016-09-13T18:05:40.367-0400: 16.831: [GC (GCLocker Initiated GC) [PSYoungGen: 150422K->18966K(195584K)] 444916K->313826K(719872K), 0.0074130 secs] [Times: user=0.06 sys=0.01, real=0.01 secs] 
2016-09-13T18:05:40.672-0400: 17.136: [GC (Allocation Failure) [PSYoungGen: 154134K->37255K(197120K)] 449158K->332677K(721408K), 0.0067046 secs] [Times: user=0.08 sys=0.00, real=0.01 secs] 
2016-09-13T18:05:40.956-0400: 17.420: [GC (GCLocker Initiated GC) [PSYoungGen: 166907K->23432K(196608K)] 468404K->325293K(720896K), 0.0060345 secs] [Times: user=0.06 sys=0.01, real=0.00 secs] 
2016-09-13T18:05:41.307-0400: 17.770: [GC (GCLocker Initiated GC) [PSYoungGen: 162184K->37459K(198656K)] 464317K->339939K(722944K), 0.0065041 secs] [Times: user=0.07 sys=0.01, real=0.01 secs] 
2016-09-13T18:05:41.568-0400: 18.032: [GC (GCLocker Initiated GC) [PSYoungGen: 176211K->55591K(189440K)] 478875K->358676K(713728K), 0.0092890 secs] [Times: user=0.13 sys=0.01, real=0.01 secs] 
2016-09-13T18:05:41.709-0400: 18.173: [GC (GCLocker Initiated GC) [PSYoungGen: 185639K->52769K(183296K)] 488900K->356513K(707584K), 0.0082625 secs] [Times: user=0.10 sys=0.00, real=0.01 secs] 
2016-09-13T18:05:41.854-0400: 18.317: [GC (GCLocker Initiated GC) [PSYoungGen: 182817K->44795K(191488K)] 486779K->349164K(715776K), 0.0101084 secs] [Times: user=0.12 sys=0.00, real=0.01 secs] 
2016-09-13T18:05:42.043-0400: 18.507: [GC (GCLocker Initiated GC) [PSYoungGen: 166651K->56882K(179200K)] 471076K->361617K(703488K), 0.0157544 secs] [Times: user=0.18 sys=0.00, real=0.02 secs] 
2016-09-13T18:05:42.186-0400: 18.649: [GC (Allocation Failure) [PSYoungGen: 178738K->28152K(189952K)] 483702K->345570K(714240K), 0.0232380 secs] [Times: user=0.26 sys=0.02, real=0.03 secs] 
2016-09-13T18:05:42.356-0400: 18.819: [GC (GCLocker Initiated GC) [PSYoungGen: 143864K->47964K(187904K)] 461288K->365684K(712192K), 0.0074496 secs] [Times: user=0.11 sys=0.00, real=0.00 secs] 
2016-09-13T18:05:42.522-0400: 18.985: [GC (GCLocker Initiated GC) [PSYoungGen: 163676K->31003K(187392K)] 493649K->361236K(711680K), 0.0206440 secs] [Times: user=0.25 sys=0.00, real=0.02 secs] 
2016-09-13T18:05:42.690-0400: 19.153: [GC (GCLocker Initiated GC) [PSYoungGen: 148251K->50940K(187904K)] 478591K->390708K(712192K), 0.0068212 secs] [Times: user=0.08 sys=0.01, real=0.01 secs] 
2016-09-13T18:05:42.858-0400: 19.321: [GC (GCLocker Initiated GC) [PSYoungGen: 168188K->14509K(187904K)] 520195K->377385K(712192K), 0.0126757 secs] [Times: user=0.13 sys=0.01, real=0.01 secs] 
2016-09-13T18:05:43.039-0400: 19.502: [GC (GCLocker Initiated GC) [PSYoungGen: 130221K->38597K(154624K)] 497862K->411250K(678912K), 0.0095745 secs] [Times: user=0.08 sys=0.01, real=0.01 secs] 
2016-09-13T18:05:43.198-0400: 19.662: [GC (GCLocker Initiated GC) [PSYoungGen: 154309K->34106K(189440K)] 527066K->407052K(713728K), 0.0081204 secs] [Times: user=0.07 sys=0.00, real=0.00 secs] 
2016-09-13T18:05:43.341-0400: 19.804: [GC (GCLocker Initiated GC) [PSYoungGen: 153402K->55590K(186880K)] 526571K->447254K(711168K), 0.0081678 secs] [Times: user=0.09 sys=0.01, real=0.01 secs] 
2016-09-13T18:05:43.519-0400: 19.982: [GC (GCLocker Initiated GC) [PSYoungGen: 174886K->46282K(190976K)] 568144K->439800K(715264K), 0.0065345 secs] [Times: user=0.05 sys=0.00, real=0.00 secs] 
2016-09-13T18:05:43.666-0400: 20.129: [GC (GCLocker Initiated GC) [PSYoungGen: 165578K->46288K(165888K)] 559115K->446187K(690176K), 0.0083084 secs] [Times: user=0.10 sys=0.01, real=0.01 secs] 
2016-09-13T18:05:43.840-0400: 20.304: [GC (Allocation Failure) [PSYoungGen: 165584K->46376K(190464K)] 567163K->458816K(714752K), 0.0116544 secs] [Times: user=0.14 sys=0.00, real=0.01 secs] 
2016-09-13T18:05:43.980-0400: 20.444: [GC (GCLocker Initiated GC) [PSYoungGen: 166184K->41736K(161792K)] 578627K->454522K(686080K), 0.0075321 secs] [Times: user=0.08 sys=0.00, real=0.01 secs] 
2016-09-13T18:05:44.154-0400: 20.617: [GC (GCLocker Initiated GC) [PSYoungGen: 161544K->32836K(190464K)] 574347K->445786K(714752K), 0.0113516 secs] [Times: user=0.15 sys=0.01, real=0.01 secs] 
2016-09-13T18:05:44.297-0400: 20.760: [GC (GCLocker Initiated GC) [PSYoungGen: 155716K->64666K(188928K)] 570431K->479685K(713216K), 0.0087846 secs] [Times: user=0.13 sys=0.00, real=0.00 secs] 
2016-09-13T18:05:44.471-0400: 20.935: [GC (GCLocker Initiated GC) [PSYoungGen: 187546K->46250K(190976K)] 602587K->461563K(715264K), 0.0151693 secs] [Times: user=0.18 sys=0.01, real=0.01 secs] 
2016-09-13T18:05:44.643-0400: 21.106: [GC (Allocation Failure) [PSYoungGen: 164522K->26473K(189440K)] 579860K->454233K(713728K), 0.0105378 secs] [Times: user=0.09 sys=0.00, real=0.01 secs] 
2016-09-13T18:05:44.795-0400: 21.258: [GC (GCLocker Initiated GC) [PSYoungGen: 143266K->31167K(189440K)] 572544K->466895K(713728K), 0.0103304 secs] [Times: user=0.10 sys=0.03, real=0.01 secs] 
2016-09-13T18:05:44.947-0400: 21.411: [GC (GCLocker Initiated GC) [PSYoungGen: 150975K->28056K(189440K)] 592792K->470107K(713728K), 0.0123507 secs] [Times: user=0.15 sys=0.02, real=0.02 secs] 
2016-09-13T18:05:45.109-0400: 21.572: [GC (GCLocker Initiated GC) [PSYoungGen: 147864K->48090K(192000K)] 593113K->493642K(716288K), 0.0066695 secs] [Times: user=0.09 sys=0.01, real=0.00 secs] 
2016-09-13T18:05:45.283-0400: 21.746: [GC (Allocation Failure) [PSYoungGen: 170970K->46408K(192000K)] 618221K->495518K(716288K), 0.0092475 secs] [Times: user=0.10 sys=0.00, real=0.01 secs] 
2016-09-13T18:05:45.447-0400: 21.910: [GC (GCLocker Initiated GC) [PSYoungGen: 168521K->28121K(192512K)] 619149K->479164K(716800K), 0.0064366 secs] [Times: user=0.07 sys=0.00, real=0.01 secs] 
2016-09-13T18:05:45.608-0400: 22.071: [GC (GCLocker Initiated GC) [PSYoungGen: 152537K->38951K(163840K)] 603586K->490303K(688128K), 0.0149959 secs] [Times: user=0.17 sys=0.00, real=0.01 secs] 
2016-09-13T18:05:45.806-0400: 22.270: [GC (GCLocker Initiated GC) [PSYoungGen: 163367K->13056K(189952K)] 626892K->481655K(714240K), 0.0108056 secs] [Times: user=0.11 sys=0.04, real=0.02 secs] 
2016-09-13T18:05:45.988-0400: 22.451: [GC (GCLocker Initiated GC) [PSYoungGen: 137472K->26351K(191488K)] 612148K->504355K(715776K), 0.0082032 secs] [Times: user=0.08 sys=0.00, real=0.02 secs] 
2016-09-13T18:05:46.143-0400: 22.606: [GC (GCLocker Initiated GC) [PSYoungGen: 150767K->47837K(193024K)] 630431K->527794K(717312K), 0.0187905 secs] [Times: user=0.26 sys=0.00, real=0.02 secs] 
2016-09-13T18:05:46.318-0400: 22.781: [GC (GCLocker Initiated GC) [PSYoungGen: 174813K->63084K(190464K)] 654797K->560019K(714752K), 0.0120550 secs] [Times: user=0.13 sys=0.02, real=0.01 secs] 
2016-09-13T18:05:46.508-0400: 22.971: [GC (GCLocker Initiated GC) [PSYoungGen: 190060K->47960K(186368K)] 687063K->549815K(710656K), 0.0083122 secs] [Times: user=0.09 sys=0.01, real=0.02 secs] 
2016-09-13T18:05:46.660-0400: 23.123: [GC (GCLocker Initiated GC) [PSYoungGen: 162648K->37207K(152064K)] 664593K->551669K(676352K), 0.0071651 secs] [Times: user=0.09 sys=0.01, real=0.00 secs] 
2016-09-13T18:05:46.667-0400: 23.131: [Full GC (Ergonomics) [PSYoungGen: 37207K->0K(152064K)] [ParOldGen: 514461K->34256K(524288K)] 551669K->34256K(676352K), [Metaspace: 44114K->44095K(1087488K)], 0.2172829 secs] [Times: user=2.77 sys=0.02, real=0.22 secs] 
2016-09-13T18:05:47.030-0400: 23.493: [GC (GCLocker Initiated GC) [PSYoungGen: 114688K->67931K(176640K)] 150581K->109899K(700928K), 0.0080998 secs] [Times: user=0.11 sys=0.00, real=0.01 secs] 
2016-09-13T18:05:47.161-0400: 23.624: [GC (GCLocker Initiated GC) [PSYoungGen: 173403K->41948K(183808K)] 218511K->128594K(708096K), 0.0080265 secs] [Times: user=0.11 sys=0.01, real=0.01 secs] 
2016-09-13T18:05:51.695-0400: 28.159: [GC (GCLocker Initiated GC) [PSYoungGen: 147420K->67619K(175104K)] 240193K->179000K(699392K), 0.0118968 secs] [Times: user=0.15 sys=0.00, real=0.01 secs] 
2016-09-13T18:05:51.852-0400: 28.315: [GC (GCLocker Initiated GC) [PSYoungGen: 167971K->64576K(165376K)] 279676K->212989K(689664K), 0.0106466 secs] [Times: user=0.14 sys=0.00, real=0.01 secs] 
2016-09-13T18:05:51.971-0400: 28.434: [GC (GCLocker Initiated GC) [PSYoungGen: 164928K->75398K(172544K)] 313573K->250195K(696832K), 0.0095050 secs] [Times: user=0.13 sys=0.02, real=0.01 secs] 
2016-09-13T18:05:52.085-0400: 28.548: [GC (GCLocker Initiated GC) [PSYoungGen: 163462K->81281K(175104K)] 340041K->314527K(699392K), 0.0112418 secs] [Times: user=0.14 sys=0.02, real=0.02 secs] 
2016-09-13T18:05:52.193-0400: 28.657: [GC (Allocation Failure) [PSYoungGen: 169345K->69322K(175104K)] 404364K->341107K(699392K), 0.0096834 secs] [Times: user=0.13 sys=0.01, real=0.01 secs] 
2016-09-13T18:05:52.300-0400: 28.763: [GC (GCLocker Initiated GC) [PSYoungGen: 156837K->69164K(175104K)] 430141K->379227K(699392K), 0.0101305 secs] [Times: user=0.15 sys=0.00, real=0.01 secs] 
2016-09-13T18:05:52.405-0400: 28.868: [GC (Allocation Failure) [PSYoungGen: 157228K->63180K(175104K)] 475068K->417810K(699392K), 0.0128959 secs] [Times: user=0.19 sys=0.00, real=0.02 secs] 
2016-09-13T18:05:52.533-0400: 28.996: [GC (GCLocker Initiated GC) [PSYoungGen: 146475K->67518K(175104K)] 507180K->465001K(699392K), 0.0093922 secs] [Times: user=0.13 sys=0.01, real=0.01 secs] 
2016-09-13T18:05:52.645-0400: 29.108: [GC (GCLocker Initiated GC) [PSYoungGen: 155582K->41858K(175104K)] 565261K->488256K(699392K), 0.0097919 secs] [Times: user=0.12 sys=0.01, real=0.01 secs] 
2016-09-13T18:05:52.761-0400: 29.224: [GC (GCLocker Initiated GC) [PSYoungGen: 129922K->70778K(175104K)] 582600K->549615K(699392K), 0.0153920 secs] [Times: user=0.22 sys=0.01, real=0.02 secs] 
2016-09-13T18:05:52.777-0400: 29.240: [Full GC (Ergonomics) [PSYoungGen: 70778K->0K(175104K)] [ParOldGen: 478837K->45623K(524288K)] 549615K->45623K(699392K), [Metaspace: 44097K->44097K(1087488K)], 0.0609962 secs] [Times: user=0.40 sys=0.00, real=0.06 secs] 
2016-09-13T18:05:52.936-0400: 29.399: [GC (GCLocker Initiated GC) [PSYoungGen: 88064K->81441K(175104K)] 133801K->133253K(699392K), 0.0081204 secs] [Times: user=0.08 sys=0.01, real=0.00 secs] 
2016-09-13T18:05:53.047-0400: 29.510: [GC (GCLocker Initiated GC) [PSYoungGen: 169505K->45049K(175104K)] 233610K->162674K(699392K), 0.0110097 secs] [Times: user=0.13 sys=0.01, real=0.02 secs] 
2016-09-13T18:05:53.152-0400: 29.616: [GC (GCLocker Initiated GC) [PSYoungGen: 133113K->85870K(175104K)] 252318K->246513K(699392K), 0.0111777 secs] [Times: user=0.17 sys=0.01, real=0.01 secs] 
2016-09-13T18:05:53.277-0400: 29.740: [GC (GCLocker Initiated GC) [PSYoungGen: 173934K->37334K(175104K)] 346811K->248511K(699392K), 0.0096474 secs] [Times: user=0.10 sys=0.01, real=0.00 secs] 
2016-09-13T18:05:53.418-0400: 29.882: [GC (GCLocker Initiated GC) [PSYoungGen: 125398K->73657K(175104K)] 344212K->318654K(699392K), 0.0102475 secs] [Times: user=0.13 sys=0.01, real=0.01 secs] 
2016-09-13T18:05:53.592-0400: 30.055: [GC (GCLocker Initiated GC) [PSYoungGen: 161721K->66125K(175104K)] 406924K->337333K(699392K), 0.0171665 secs] [Times: user=0.21 sys=0.01, real=0.02 secs] 
2016-09-13T18:05:53.723-0400: 30.186: [GC (GCLocker Initiated GC) [PSYoungGen: 154189K->76508K(175104K)] 425553K->384606K(699392K), 0.0116255 secs] [Times: user=0.15 sys=0.00, real=0.01 secs] 
2016-09-13T18:05:53.866-0400: 30.329: [GC (GCLocker Initiated GC) [PSYoungGen: 164572K->73843K(175104K)] 482018K->432505K(699392K), 0.0096033 secs] [Times: user=0.14 sys=0.00, real=0.02 secs] 
2016-09-13T18:05:53.983-0400: 30.446: [GC (GCLocker Initiated GC) [PSYoungGen: 161907K->70714K(175104K)] 520711K->448190K(699392K), 0.0095971 secs] [Times: user=0.11 sys=0.01, real=0.01 secs] 
2016-09-13T18:05:54.094-0400: 30.557: [GC (GCLocker Initiated GC) [PSYoungGen: 158778K->64569K(175104K)] 536408K->472741K(699392K), 0.0100563 secs] [Times: user=0.11 sys=0.00, real=0.01 secs] 
2016-09-13T18:05:54.217-0400: 30.680: [GC (GCLocker Initiated GC) [PSYoungGen: 152633K->59827K(175104K)] 562348K->501810K(699392K), 0.0228640 secs] [Times: user=0.23 sys=0.00, real=0.02 secs] 
2016-09-13T18:05:54.342-0400: 30.805: [GC (GCLocker Initiated GC) [PSYoungGen: 147891K->75429K(175104K)] 590092K->548325K(699392K), 0.0157333 secs] [Times: user=0.23 sys=0.00, real=0.02 secs] 
2016-09-13T18:05:54.358-0400: 30.821: [Full GC (Ergonomics) [PSYoungGen: 75429K->0K(175104K)] [ParOldGen: 472896K->44322K(524288K)] 548325K->44322K(699392K), [Metaspace: 44112K->44112K(1087488K)], 0.0655716 secs] [Times: user=0.38 sys=0.02, real=0.06 secs] 
2016-09-13T18:05:54.529-0400: 30.992: [GC (GCLocker Initiated GC) [PSYoungGen: 88064K->79826K(175104K)] 133930K->125693K(699392K), 0.0125689 secs] [Times: user=0.17 sys=0.01, real=0.01 secs] 
2016-09-13T18:05:54.659-0400: 31.122: [GC (GCLocker Initiated GC) [PSYoungGen: 167890K->28307K(175104K)] 225935K->144420K(699392K), 0.0158373 secs] [Times: user=0.21 sys=0.01, real=0.01 secs] 
2016-09-13T18:05:54.816-0400: 31.279: [GC (Allocation Failure) [PSYoungGen: 116371K->11323K(175104K)] 244767K->143108K(699392K), 0.0071099 secs] [Times: user=0.07 sys=0.00, real=0.00 secs] 
2016-09-13T18:05:54.952-0400: 31.415: [GC (GCLocker Initiated GC) [PSYoungGen: 99387K->46376K(175104K)] 237247K->192079K(699392K), 0.0153941 secs] [Times: user=0.20 sys=0.01, real=0.01 secs] 
2016-09-13T18:05:55.101-0400: 31.564: [GC (Allocation Failure) [PSYoungGen: 134440K->56759K(175104K)] 286305K->245342K(699392K), 0.0174518 secs] [Times: user=0.23 sys=0.00, real=0.02 secs] 
2016-09-13T18:05:55.238-0400: 31.701: [GC (GCLocker Initiated GC) [PSYoungGen: 144823K->44709K(175104K)] 333409K->269998K(699392K), 0.0154268 secs] [Times: user=0.24 sys=0.00, real=0.01 secs] 
2016-09-13T18:05:55.379-0400: 31.843: [GC (GCLocker Initiated GC) [PSYoungGen: 132773K->57077K(175104K)] 358097K->305405K(699392K), 0.0080798 secs] [Times: user=0.12 sys=0.01, real=0.00 secs] 
2016-09-13T18:05:55.487-0400: 31.950: [GC (GCLocker Initiated GC) [PSYoungGen: 145141K->64635K(175104K)] 393694K->331671K(699392K), 0.0081749 secs] [Times: user=0.11 sys=0.00, real=0.01 secs] 
2016-09-13T18:05:55.598-0400: 32.062: [GC (GCLocker Initiated GC) [PSYoungGen: 152699K->52363K(175104K)] 425823K->343965K(699392K), 0.0081643 secs] [Times: user=0.11 sys=0.00, real=0.00 secs] 
2016-09-13T18:05:55.703-0400: 32.167: [GC (GCLocker Initiated GC) [PSYoungGen: 140427K->42065K(175104K)] 439795K->352319K(699392K), 0.0073418 secs] [Times: user=0.06 sys=0.00, real=0.01 secs] 
2016-09-13T18:05:55.841-0400: 32.304: [GC (Allocation Failure) [PSYoungGen: 130129K->32767K(175104K)] 440510K->343460K(699392K), 0.0063944 secs] [Times: user=0.08 sys=0.00, real=0.00 secs] 
2016-09-13T18:05:55.966-0400: 32.430: [GC (Allocation Failure) [PSYoungGen: 120831K->11234K(175104K)] 431524K->322199K(699392K), 0.0058594 secs] [Times: user=0.08 sys=0.00, real=0.01 secs] 
2016-09-13T18:05:56.095-0400: 32.558: [GC (GCLocker Initiated GC) [PSYoungGen: 99298K->41666K(175104K)] 410265K->352706K(699392K), 0.0103929 secs] [Times: user=0.12 sys=0.00, real=0.01 secs] 
2016-09-13T18:05:56.252-0400: 32.716: [GC (GCLocker Initiated GC) [PSYoungGen: 129730K->59988K(175104K)] 440962K->371438K(699392K), 0.0095309 secs] [Times: user=0.10 sys=0.00, real=0.01 secs] 
2016-09-13T18:05:56.398-0400: 32.861: [GC (GCLocker Initiated GC) [PSYoungGen: 148052K->32677K(175104K)] 459537K->344258K(699392K), 0.0061847 secs] [Times: user=0.09 sys=0.00, real=0.00 secs] 
2016-09-13T18:05:56.512-0400: 32.975: [GC (GCLocker Initiated GC) [PSYoungGen: 120741K->46292K(134656K)] 433975K->367415K(658944K), 0.0117329 secs] [Times: user=0.16 sys=0.00, real=0.01 secs] 
2016-09-13T18:05:56.662-0400: 33.125: [GC (GCLocker Initiated GC) [PSYoungGen: 134356K->46535K(176640K)] 457120K->369565K(700928K), 0.0069937 secs] [Times: user=0.10 sys=0.00, real=0.01 secs] 
2016-09-13T18:05:56.820-0400: 33.284: [GC (GCLocker Initiated GC) [PSYoungGen: 138183K->24833K(173056K)] 461215K->348148K(697344K), 0.0053608 secs] [Times: user=0.05 sys=0.00, real=0.00 secs] 
2016-09-13T18:05:56.951-0400: 33.414: [GC (Allocation Failure) [PSYoungGen: 116481K->37201K(178176K)] 439818K->360677K(702464K), 0.0059426 secs] [Times: user=0.07 sys=0.01, real=0.01 secs] 
2016-09-13T18:05:57.105-0400: 33.568: [GC (GCLocker Initiated GC) [PSYoungGen: 135505K->64670K(177664K)] 458986K->393000K(701952K), 0.0123640 secs] [Times: user=0.16 sys=0.00, real=0.02 secs] 
2016-09-13T18:05:57.289-0400: 33.752: [GC (Allocation Failure) [PSYoungGen: 162974K->39988K(180224K)] 491458K->368794K(704512K), 0.0093137 secs] [Times: user=0.10 sys=0.00, real=0.01 secs] 
2016-09-13T18:05:57.451-0400: 33.915: [GC (GCLocker Initiated GC) [PSYoungGen: 137780K->23532K(178688K)] 472661K->358706K(702976K), 0.0063485 secs] [Times: user=0.06 sys=0.00, real=0.01 secs] 
2016-09-13T18:05:57.622-0400: 34.085: [GC (GCLocker Initiated GC) [PSYoungGen: 121324K->46313K(177664K)] 458198K->383338K(701952K), 0.0174585 secs] [Times: user=0.21 sys=0.00, real=0.02 secs] 
2016-09-13T18:05:57.818-0400: 34.281: [GC (GCLocker Initiated GC) [PSYoungGen: 146665K->20500K(178688K)] 489785K->363774K(702976K), 0.0040449 secs] [Times: user=0.03 sys=0.00, real=0.00 secs] 
2016-09-13T18:05:57.966-0400: 34.429: [GC (GCLocker Initiated GC) [PSYoungGen: 120852K->14393K(181248K)] 471927K->368755K(705536K), 0.0114737 secs] [Times: user=0.14 sys=0.01, real=0.02 secs] 
2016-09-13T18:05:58.131-0400: 34.595: [GC (Allocation Failure) [PSYoungGen: 116793K->37047K(139776K)] 471185K->393126K(664064K), 0.0190067 secs] [Times: user=0.22 sys=0.02, real=0.02 secs] 
2016-09-13T18:05:58.306-0400: 34.769: [GC (GCLocker Initiated GC) [PSYoungGen: 139447K->70620K(169984K)] 497052K->443674K(694272K), 0.0084054 secs] [Times: user=0.11 sys=0.00, real=0.01 secs] 
2016-09-13T18:05:58.451-0400: 34.915: [GC (GCLocker Initiated GC) [PSYoungGen: 164828K->32799K(178176K)] 544158K->412193K(702464K), 0.0130190 secs] [Times: user=0.18 sys=0.00, real=0.01 secs] 
2016-09-13T18:05:58.616-0400: 35.079: [GC (GCLocker Initiated GC) [PSYoungGen: 127007K->9868K(177664K)] 515621K->398777K(701952K), 0.0036897 secs] [Times: user=0.04 sys=0.01, real=0.00 secs] 
2016-09-13T18:05:58.815-0400: 35.278: [GC (GCLocker Initiated GC) [PSYoungGen: 106636K->9667K(179200K)] 501645K->404811K(703488K), 0.0128964 secs] [Times: user=0.10 sys=0.02, real=0.02 secs] 
2016-09-13T18:05:58.972-0400: 35.435: [GC (Allocation Failure) [PSYoungGen: 106435K->28051K(173056K)] 501808K->438791K(697344K), 0.0074562 secs] [Times: user=0.10 sys=0.00, real=0.01 secs] 
2016-09-13T18:05:59.098-0400: 35.561: [GC (GCLocker Initiated GC) [PSYoungGen: 124819K->50906K(176128K)] 535561K->461917K(700416K), 0.0107799 secs] [Times: user=0.14 sys=0.01, real=0.01 secs] 
2016-09-13T18:05:59.269-0400: 35.733: [GC (Allocation Failure) [PSYoungGen: 147674K->28211K(178176K)] 566527K->447305K(702464K), 0.0061292 secs] [Times: user=0.07 sys=0.00, real=0.00 secs] 
2016-09-13T18:05:59.432-0400: 35.896: [GC (Allocation Failure) [PSYoungGen: 130099K->28147K(179712K)] 549193K->447541K(704000K), 0.0064692 secs] [Times: user=0.08 sys=0.00, real=0.01 secs] 
2016-09-13T18:05:59.609-0400: 36.072: [GC (GCLocker Initiated GC) [PSYoungGen: 130035K->34106K(177664K)] 549470K->453817K(701952K), 0.0075508 secs] [Times: user=0.08 sys=0.00, real=0.01 secs] 
2016-09-13T18:05:59.772-0400: 36.235: [GC (Allocation Failure) [PSYoungGen: 143674K->69164K(180224K)] 563483K->513475K(704512K), 0.0103112 secs] [Times: user=0.13 sys=0.00, real=0.01 secs] 
2016-09-13T18:05:59.943-0400: 36.406: [GC (GCLocker Initiated GC) [PSYoungGen: 178732K->40270K(185344K)] 623048K->531917K(709632K), 0.0106260 secs] [Times: user=0.14 sys=0.00, real=0.01 secs] 
2016-09-13T18:05:59.954-0400: 36.417: [Full GC (Ergonomics) [PSYoungGen: 40270K->0K(185344K)] [ParOldGen: 491646K->36836K(524288K)] 531917K->36836K(709632K), [Metaspace: 44244K->44244K(1087488K)], 0.0516106 secs] [Times: user=0.30 sys=0.00, real=0.05 secs] 
2016-09-13T18:06:00.131-0400: 36.594: [GC (GCLocker Initiated GC) [PSYoungGen: 105472K->49132K(182272K)] 142344K->86005K(706560K), 0.0228493 secs] [Times: user=0.20 sys=0.01, real=0.02 secs] 
2016-09-13T18:06:00.299-0400: 36.762: [GC (GCLocker Initiated GC) [PSYoungGen: 154604K->32840K(182784K)] 199106K->92917K(707072K), 0.0137074 secs] [Times: user=0.18 sys=0.00, real=0.01 secs] 
2016-09-13T18:06:00.484-0400: 36.948: [GC (Allocation Failure) [PSYoungGen: 140872K->28062K(182272K)] 201005K->88499K(706560K), 0.0065222 secs] [Times: user=0.06 sys=0.00, real=0.01 secs] 
2016-09-13T18:06:00.645-0400: 37.109: [GC (GCLocker Initiated GC) [PSYoungGen: 134413K->32835K(183808K)] 200926K->99502K(708096K), 0.0099699 secs] [Times: user=0.16 sys=0.00, real=0.01 secs] 
2016-09-13T18:06:00.849-0400: 37.312: [GC (GCLocker Initiated GC) [PSYoungGen: 148035K->12900K(184832K)] 220790K->85974K(709120K), 0.0044100 secs] [Times: user=0.02 sys=0.01, real=0.00 secs] 
2016-09-13T18:06:01.042-0400: 37.505: [GC (GCLocker Initiated GC) [PSYoungGen: 128100K->32650K(187392K)] 201200K->115100K(711680K), 0.0111855 secs] [Times: user=0.15 sys=0.00, real=0.01 secs] 
2016-09-13T18:06:01.247-0400: 37.711: [GC (Allocation Failure) [PSYoungGen: 154506K->10044K(189440K)] 249301K->109708K(713728K), 0.0043627 secs] [Times: user=0.02 sys=0.00, real=0.01 secs] 
2016-09-13T18:06:01.445-0400: 37.908: [GC (GCLocker Initiated GC) [PSYoungGen: 130950K->8286K(193536K)] 236689K->114438K(717824K), 0.0122905 secs] [Times: user=0.13 sys=0.00, real=0.02 secs] 
2016-09-13T18:06:01.649-0400: 38.112: [GC (GCLocker Initiated GC) [PSYoungGen: 133214K->28248K(153600K)] 245558K->140755K(677888K), 0.0059445 secs] [Times: user=0.05 sys=0.00, real=0.00 secs] 
2016-09-13T18:06:01.848-0400: 38.312: [GC (GCLocker Initiated GC) [PSYoungGen: 153176K->41884K(188928K)] 267277K->156269K(713216K), 0.0067614 secs] [Times: user=0.08 sys=0.00, real=0.00 secs] 
2016-09-13T18:06:02.053-0400: 38.516: [GC (GCLocker Initiated GC) [PSYoungGen: 165788K->41570K(189952K)] 281761K->157808K(714240K), 0.0196957 secs] [Times: user=0.25 sys=0.00, real=0.02 secs] 
2016-09-13T18:06:02.277-0400: 38.740: [GC (GCLocker Initiated GC) [PSYoungGen: 165474K->52507K(187392K)] 281768K->168955K(711680K), 0.0061477 secs] [Times: user=0.06 sys=0.00, real=0.00 secs] 
2016-09-13T18:06:02.470-0400: 38.933: [GC (GCLocker Initiated GC) [PSYoungGen: 173339K->49565K(170496K)] 289831K->167649K(694784K), 0.0126724 secs] [Times: user=0.13 sys=0.01, real=0.01 secs] 
2016-09-13T18:06:02.702-0400: 39.166: [GC (GCLocker Initiated GC) [PSYoungGen: 170397K->64479K(175616K)] 290111K->193510K(699904K), 0.0170074 secs] [Times: user=0.19 sys=0.01, real=0.02 secs] 
2016-09-13T18:06:02.872-0400: 39.335: [GC (GCLocker Initiated GC) [PSYoungGen: 166879K->5397K(108032K)] 311244K->149984K(632320K), 0.0112419 secs] [Times: user=0.13 sys=0.00, real=0.01 secs] 
2016-09-13T18:06:03.034-0400: 39.497: [GC (Allocation Failure) [PSYoungGen: 107797K->35559K(185344K)] 252459K->180533K(709632K), 0.0052676 secs] [Times: user=0.04 sys=0.00, real=0.01 secs] 
2016-09-13T18:06:03.178-0400: 39.641: [GC (Allocation Failure) [PSYoungGen: 139495K->24860K(129024K)] 284469K->179136K(653312K), 0.0204656 secs] [Times: user=0.25 sys=0.01, real=0.02 secs] 
2016-09-13T18:06:03.355-0400: 39.819: [GC (GCLocker Initiated GC) [PSYoungGen: 128796K->26511K(181760K)] 283081K->180959K(706048K), 0.0106020 secs] [Times: user=0.12 sys=0.00, real=0.01 secs] 
2016-09-13T18:06:03.518-0400: 39.981: [GC (GCLocker Initiated GC) [PSYoungGen: 133519K->31007K(178688K)] 288194K->185919K(702976K), 0.0077394 secs] [Times: user=0.06 sys=0.00, real=0.00 secs] 
2016-09-13T18:06:03.707-0400: 40.170: [GC (GCLocker Initiated GC) [PSYoungGen: 138015K->46441K(183296K)] 300678K->209263K(707584K), 0.0063104 secs] [Times: user=0.07 sys=0.00, real=0.01 secs] 
2016-09-13T18:06:03.909-0400: 40.372: [GC (GCLocker Initiated GC) [PSYoungGen: 161129K->46345K(184320K)] 325505K->210910K(708608K), 0.0165081 secs] [Times: user=0.15 sys=0.00, real=0.01 secs] 
2016-09-13T18:06:04.102-0400: 40.565: [GC (GCLocker Initiated GC) [PSYoungGen: 161033K->34004K(187392K)] 332008K->209827K(711680K), 0.0197348 secs] [Times: user=0.19 sys=0.01, real=0.02 secs] 
2016-09-13T18:06:04.307-0400: 40.770: [GC (GCLocker Initiated GC) [PSYoungGen: 155860K->43371K(189440K)] 337783K->234545K(713728K), 0.0158866 secs] [Times: user=0.15 sys=0.01, real=0.02 secs] 
2016-09-13T18:06:04.504-0400: 40.967: [GC (GCLocker Initiated GC) [PSYoungGen: 165227K->23341K(193024K)] 368610K->234564K(717312K), 0.0209365 secs] [Times: user=0.24 sys=0.00, real=0.02 secs] 
2016-09-13T18:06:04.731-0400: 41.194: [GC (GCLocker Initiated GC) [PSYoungGen: 150829K->23686K(194048K)] 369749K->254969K(718336K), 0.0089811 secs] [Times: user=0.09 sys=0.00, real=0.01 secs] 
2016-09-13T18:06:04.952-0400: 41.416: [GC (GCLocker Initiated GC) [PSYoungGen: 151174K->32458K(190976K)] 388686K->270254K(715264K), 0.0120698 secs] [Times: user=0.12 sys=0.01, real=0.01 secs] 
2016-09-13T18:06:05.153-0400: 41.616: [GC (GCLocker Initiated GC) [PSYoungGen: 163018K->11318K(193024K)] 400995K->260102K(717312K), 0.0100527 secs] [Times: user=0.09 sys=0.00, real=0.01 secs] 
2016-09-13T18:06:05.379-0400: 41.842: [GC (Allocation Failure) [PSYoungGen: 141878K->14291K(199168K)] 396918K->269643K(723456K), 0.0175970 secs] [Times: user=0.20 sys=0.00, real=0.02 secs] 
2016-09-13T18:06:05.602-0400: 42.066: [GC (GCLocker Initiated GC) [PSYoungGen: 145675K->23597K(159744K)] 407101K->294343K(684032K), 0.0199054 secs] [Times: user=0.19 sys=0.01, real=0.02 secs] 
2016-09-13T18:06:05.852-0400: 42.315: [GC (GCLocker Initiated GC) [PSYoungGen: 159277K->28029K(199680K)] 442438K->311344K(723968K), 0.0184568 secs] [Times: user=0.17 sys=0.00, real=0.02 secs] 
2016-09-13T18:06:06.068-0400: 42.532: [GC (GCLocker Initiated GC) [PSYoungGen: 166781K->44699K(196608K)] 450118K->328294K(720896K), 0.0125141 secs] [Times: user=0.11 sys=0.01, real=0.01 secs] 
2016-09-13T18:06:06.282-0400: 42.745: [GC (GCLocker Initiated GC) [PSYoungGen: 183451K->43244K(198144K)] 467103K->334668K(722432K), 0.0131782 secs] [Times: user=0.16 sys=0.00, real=0.01 secs] 
2016-09-13T18:06:06.500-0400: 42.963: [GC (GCLocker Initiated GC) [PSYoungGen: 180460K->41870K(179200K)] 475097K->336666K(703488K), 0.0061699 secs] [Times: user=0.06 sys=0.00, real=0.00 secs] 
2016-09-13T18:06:06.742-0400: 43.205: [GC (Allocation Failure) [PSYoungGen: 179086K->5115K(195072K)] 486241K->312518K(719360K), 0.0048166 secs] [Times: user=0.04 sys=0.00, real=0.00 secs] 
2016-09-13T18:06:06.985-0400: 43.449: [GC (GCLocker Initiated GC) [PSYoungGen: 135610K->10013K(197120K)] 449088K->323717K(721408K), 0.0035370 secs] [Times: user=0.03 sys=0.00, real=0.01 secs] 
2016-09-13T18:06:07.219-0400: 43.682: [GC (GCLocker Initiated GC) [PSYoungGen: 142109K->28169K(189952K)] 463591K->349715K(714240K), 0.0140465 secs] [Times: user=0.12 sys=0.00, real=0.01 secs] 
2016-09-13T18:06:07.429-0400: 43.892: [GC (GCLocker Initiated GC) [PSYoungGen: 160265K->51029K(193536K)] 481990K->372873K(717824K), 0.0074911 secs] [Times: user=0.09 sys=0.00, real=0.01 secs] 
2016-09-13T18:06:07.620-0400: 44.083: [GC (Allocation Failure) [PSYoungGen: 183125K->26410K(197632K)] 505028K->348549K(721920K), 0.0114081 secs] [Times: user=0.10 sys=0.00, real=0.01 secs] 
2016-09-13T18:06:07.844-0400: 44.308: [GC (GCLocker Initiated GC) [PSYoungGen: 155411K->14265K(195584K)] 483625K->342609K(719872K), 0.0255713 secs] [Times: user=0.30 sys=0.00, real=0.03 secs] 
2016-09-13T18:06:08.050-0400: 44.513: [GC (GCLocker Initiated GC) [PSYoungGen: 146361K->46368K(193024K)] 474814K->375121K(717312K), 0.0217262 secs] [Times: user=0.23 sys=0.01, real=0.02 secs] 
2016-09-13T18:06:08.260-0400: 44.724: [GC (GCLocker Initiated GC) [PSYoungGen: 176416K->47864K(178176K)] 505207K->376834K(702464K), 0.0074298 secs] [Times: user=0.07 sys=0.00, real=0.01 secs] 
2016-09-13T18:06:08.475-0400: 44.938: [GC (Allocation Failure) [PSYoungGen: 177912K->46063K(189952K)] 507060K->375428K(714240K), 0.0244125 secs] [Times: user=0.27 sys=0.00, real=0.03 secs] 
2016-09-13T18:06:08.669-0400: 45.132: [GC (GCLocker Initiated GC) [PSYoungGen: 166895K->44667K(165888K)] 496265K->374157K(690176K), 0.0241813 secs] [Times: user=0.30 sys=0.00, real=0.02 secs] 
2016-09-13T18:06:08.865-0400: 45.328: [GC (Allocation Failure) [PSYoungGen: 165499K->46590K(189952K)] 495286K->376573K(714240K), 0.0243155 secs] [Times: user=0.31 sys=0.00, real=0.03 secs] 
2016-09-13T18:06:09.064-0400: 45.528: [GC (GCLocker Initiated GC) [PSYoungGen: 163993K->52395K(171520K)] 495495K->384083K(695808K), 0.0144039 secs] [Times: user=0.19 sys=0.00, real=0.02 secs] 
2016-09-13T18:06:09.279-0400: 45.742: [GC (Allocation Failure) [PSYoungGen: 171179K->25025K(189440K)] 502889K->356914K(713728K), 0.0201759 secs] [Times: user=0.22 sys=0.00, real=0.02 secs] 
2016-09-13T18:06:09.471-0400: 45.934: [GC (GCLocker Initiated GC) [PSYoungGen: 140225K->31094K(146432K)] 472117K->367728K(670720K), 0.0141076 secs] [Times: user=0.16 sys=0.02, real=0.01 secs] 
2016-09-13T18:06:09.641-0400: 46.104: [GC (GCLocker Initiated GC) [PSYoungGen: 146294K->23679K(186880K)] 486110K->363780K(711168K), 0.0115712 secs] [Times: user=0.11 sys=0.00, real=0.01 secs] 
2016-09-13T18:06:09.857-0400: 46.320: [GC (GCLocker Initiated GC) [PSYoungGen: 140415K->26224K(185344K)] 486675K->372790K(709632K), 0.0286392 secs] [Times: user=0.24 sys=0.00, real=0.02 secs] 
2016-09-13T18:06:10.052-0400: 46.515: [GC (GCLocker Initiated GC) [PSYoungGen: 142960K->46436K(188416K)] 497321K->400976K(712704K), 0.0188916 secs] [Times: user=0.24 sys=0.00, real=0.02 secs] 
2016-09-13T18:06:10.245-0400: 46.709: [GC (GCLocker Initiated GC) [PSYoungGen: 168292K->25013K(189952K)] 524571K->381486K(714240K), 0.0116064 secs] [Times: user=0.10 sys=0.00, real=0.02 secs] 
2016-09-13T18:06:10.437-0400: 46.900: [GC (GCLocker Initiated GC) [PSYoungGen: 146869K->28151K(189952K)] 505039K->386534K(714240K), 0.0250435 secs] [Times: user=0.32 sys=0.00, real=0.02 secs] 
2016-09-13T18:06:10.648-0400: 47.112: [GC (GCLocker Initiated GC) [PSYoungGen: 155639K->28087K(192000K)] 520203K->392911K(716288K), 0.0267686 secs] [Times: user=0.28 sys=0.00, real=0.02 secs] 
2016-09-13T18:06:10.854-0400: 47.317: [GC (GCLocker Initiated GC) [PSYoungGen: 155575K->46218K(195072K)] 520516K->411384K(719360K), 0.0350330 secs] [Times: user=0.40 sys=0.00, real=0.04 secs] 
2016-09-13T18:06:11.085-0400: 47.548: [GC (GCLocker Initiated GC) [PSYoungGen: 179338K->46250K(179712K)] 544655K->411713K(704000K), 0.0075770 secs] [Times: user=0.07 sys=0.00, real=0.01 secs] 
2016-09-13T18:06:11.299-0400: 47.762: [GC (GCLocker Initiated GC) [PSYoungGen: 179370K->64416K(181248K)] 547901K->433077K(705536K), 0.0119612 secs] [Times: user=0.12 sys=0.01, real=0.01 secs] 
2016-09-13T18:06:11.470-0400: 47.934: [GC (GCLocker Initiated GC) [PSYoungGen: 180128K->50902K(166912K)] 548853K->430559K(691200K), 0.0167494 secs] [Times: user=0.19 sys=0.00, real=0.01 secs] 
2016-09-13T18:06:11.674-0400: 48.137: [GC (GCLocker Initiated GC) [PSYoungGen: 166614K->29681K(189440K)] 546452K->418921K(713728K), 0.0279333 secs] [Times: user=0.35 sys=0.01, real=0.03 secs] 
2016-09-13T18:06:11.882-0400: 48.346: [GC (GCLocker Initiated GC) [PSYoungGen: 144369K->62865K(177664K)] 533863K->452569K(701952K), 0.0106616 secs] [Times: user=0.10 sys=0.00, real=0.01 secs] 
2016-09-13T18:06:12.050-0400: 48.513: [GC (GCLocker Initiated GC) [PSYoungGen: 177553K->14297K(181760K)] 580984K->417816K(706048K), 0.0148975 secs] [Times: user=0.15 sys=0.00, real=0.01 secs] 
2016-09-13T18:06:12.228-0400: 48.692: [GC (Allocation Failure) [PSYoungGen: 117721K->28119K(131584K)] 521457K->439694K(655872K), 0.0103231 secs] [Times: user=0.13 sys=0.00, real=0.01 secs] 
2016-09-13T18:06:12.416-0400: 48.879: [GC (GCLocker Initiated GC) [PSYoungGen: 130918K->23472K(182784K)] 548568K->441356K(707072K), 0.0102112 secs] [Times: user=0.12 sys=0.00, real=0.00 secs] 
2016-09-13T18:06:12.577-0400: 49.040: [GC (GCLocker Initiated GC) [PSYoungGen: 129456K->28030K(181248K)] 548922K->447638K(705536K), 0.0053597 secs] [Times: user=0.04 sys=0.00, real=0.00 secs] 
2016-09-13T18:06:12.719-0400: 49.183: [GC (GCLocker Initiated GC) [PSYoungGen: 134014K->46323K(182272K)] 555403K->467958K(706560K), 0.0091691 secs] [Times: user=0.09 sys=0.00, real=0.01 secs] 
2016-09-13T18:06:12.900-0400: 49.363: [GC (GCLocker Initiated GC) [PSYoungGen: 155891K->60046K(182784K)] 580727K->485131K(707072K), 0.0097683 secs] [Times: user=0.14 sys=0.00, real=0.01 secs] 
2016-09-13T18:06:13.095-0400: 49.559: [GC (GCLocker Initiated GC) [PSYoungGen: 169614K->35336K(185344K)] 600928K->466894K(709632K), 0.0200461 secs] [Times: user=0.15 sys=0.00, real=0.02 secs] 
2016-09-13T18:06:13.295-0400: 49.758: [GC (GCLocker Initiated GC) [PSYoungGen: 144392K->51035K(183808K)] 576109K->482938K(708096K), 0.0100502 secs] [Times: user=0.13 sys=0.00, real=0.01 secs] 
2016-09-13T18:06:13.459-0400: 49.922: [GC (Allocation Failure) [PSYoungGen: 160091K->46345K(186368K)] 592350K->478881K(710656K), 0.0066080 secs] [Times: user=0.07 sys=0.00, real=0.00 secs] 
2016-09-13T18:06:13.645-0400: 50.108: [GC (GCLocker Initiated GC) [PSYoungGen: 155953K->9804K(121856K)] 594564K->448675K(646144K), 0.0148598 secs] [Times: user=0.16 sys=0.00, real=0.02 secs] 
2016-09-13T18:06:13.836-0400: 50.299: [GC (GCLocker Initiated GC) [PSYoungGen: 121420K->29415K(187904K)] 560472K->468652K(712192K), 0.0304050 secs] [Times: user=0.33 sys=0.00, real=0.02 secs] 
2016-09-13T18:06:14.027-0400: 50.491: [GC (GCLocker Initiated GC) [PSYoungGen: 140519K->53720K(185344K)] 579884K->493290K(709632K), 0.0075448 secs] [Times: user=0.06 sys=0.01, real=0.01 secs] 
2016-09-13T18:06:14.225-0400: 50.688: [GC (GCLocker Initiated GC) [PSYoungGen: 164824K->29680K(185344K)] 604417K->478634K(709632K), 0.0113379 secs] [Times: user=0.14 sys=0.00, real=0.02 secs] 
2016-09-13T18:06:14.401-0400: 50.864: [GC (GCLocker Initiated GC) [PSYoungGen: 140784K->56978K(168448K)] 589871K->507838K(692736K), 0.0158883 secs] [Times: user=0.20 sys=0.00, real=0.02 secs] 
2016-09-13T18:06:14.575-0400: 51.038: [GC (Allocation Failure) [PSYoungGen: 168082K->64288K(173056K)] 625170K->529034K(697344K), 0.0086590 secs] [Times: user=0.07 sys=0.00, real=0.01 secs] 
2016-09-13T18:06:14.725-0400: 51.189: [GC (GCLocker Initiated GC) [PSYoungGen: 158359K->44641K(178688K)] 624624K->565798K(702976K), 0.0123681 secs] [Times: user=0.10 sys=0.01, real=0.02 secs] 
2016-09-13T18:06:14.738-0400: 51.201: [Full GC (Ergonomics) [PSYoungGen: 44641K->0K(178688K)] [ParOldGen: 521157K->43724K(524288K)] 565798K->43724K(702976K), [Metaspace: 44336K->44336K(1087488K)], 0.0586316 secs] [Times: user=0.35 sys=0.02, real=0.06 secs] 
2016-09-13T18:06:14.892-0400: 51.356: [GC (GCLocker Initiated GC) [PSYoungGen: 95232K->61570K(175616K)] 139137K->105475K(699904K), 0.0165090 secs] [Times: user=0.22 sys=0.00, real=0.02 secs] 
2016-09-13T18:06:15.041-0400: 51.504: [GC (Allocation Failure) [PSYoungGen: 156802K->23567K(178688K)] 202566K->84928K(702976K), 0.0122148 secs] [Times: user=0.14 sys=0.00, real=0.01 secs] 
2016-09-13T18:06:15.184-0400: 51.648: [GC (GCLocker Initiated GC) [PSYoungGen: 118004K->41673K(170496K)] 180883K->104982K(694784K), 0.0101748 secs] [Times: user=0.12 sys=0.00, real=0.01 secs] 
2016-09-13T18:06:15.443-0400: 51.906: [GC (GCLocker Initiated GC) [PSYoungGen: 136905K->24769K(174592K)] 209521K->97516K(698880K), 0.0056216 secs] [Times: user=0.03 sys=0.00, real=0.01 secs] 
2016-09-13T18:06:15.555-0400: 52.018: [GC (Allocation Failure) [PSYoungGen: 120001K->64692K(173568K)] 192972K->137908K(697856K), 0.0086749 secs] [Times: user=0.07 sys=0.00, real=0.01 secs] 
2016-09-13T18:06:15.674-0400: 52.137: [GC (GCLocker Initiated GC) [PSYoungGen: 159924K->43185K(178688K)] 233142K->137894K(702976K), 0.0174688 secs] [Times: user=0.13 sys=0.00, real=0.02 secs] 
2016-09-13T18:06:15.831-0400: 52.294: [GC (GCLocker Initiated GC) [PSYoungGen: 138417K->41757K(169984K)] 234920K->138501K(694272K), 0.0217968 secs] [Times: user=0.17 sys=0.01, real=0.02 secs] 
2016-09-13T18:06:15.982-0400: 52.446: [GC (GCLocker Initiated GC) [PSYoungGen: 140573K->26351K(175104K)] 237339K->129527K(699392K), 0.0167445 secs] [Times: user=0.20 sys=0.00, real=0.02 secs] 
2016-09-13T18:06:16.104-0400: 52.568: [GC (Allocation Failure) [PSYoungGen: 125167K->51029K(185344K)] 229937K->157579K(709632K), 0.0067779 secs] [Times: user=0.07 sys=0.00, real=0.01 secs] 
2016-09-13T18:06:16.112-0400: 52.575: [GC (GCLocker Initiated GC) [PSYoungGen: 51045K->32K(110592K)] 157596K->163283K(634880K), 0.0063255 secs] [Times: user=0.08 sys=0.00, real=0.01 secs] 
2016-09-13T18:06:16.313-0400: 52.777: [GC (GCLocker Initiated GC) [PSYoungGen: 108305K->33143K(185856K)] 277631K->202469K(710144K), 0.0103313 secs] [Times: user=0.13 sys=0.00, real=0.01 secs] 
2016-09-13T18:06:16.503-0400: 52.967: [GC (GCLocker Initiated GC) [PSYoungGen: 139127K->34164K(140288K)] 322208K->223948K(664576K), 0.0101985 secs] [Times: user=0.14 sys=0.00, real=0.01 secs] 
2016-09-13T18:06:16.667-0400: 53.130: [GC (GCLocker Initiated GC) [PSYoungGen: 140148K->51002K(177664K)] 330061K->245641K(701952K), 0.0074722 secs] [Times: user=0.09 sys=0.00, real=0.01 secs] 
2016-09-13T18:06:16.843-0400: 53.307: [GC (GCLocker Initiated GC) [PSYoungGen: 155450K->43534K(179200K)] 350114K->238523K(703488K), 0.0072953 secs] [Times: user=0.09 sys=0.00, real=0.01 secs] 
2016-09-13T18:06:17.014-0400: 53.477: [GC (GCLocker Initiated GC) [PSYoungGen: 147982K->43183K(184832K)] 343144K->240058K(709120K), 0.0351947 secs] [Times: user=0.31 sys=0.01, real=0.04 secs] 
2016-09-13T18:06:17.231-0400: 53.695: [GC (GCLocker Initiated GC) [PSYoungGen: 157871K->47897K(185856K)] 355059K->245331K(710144K), 0.0121548 secs] [Times: user=0.12 sys=0.00, real=0.01 secs] 
2016-09-13T18:06:17.408-0400: 53.871: [GC (GCLocker Initiated GC) [PSYoungGen: 162585K->46319K(188928K)] 361674K->251661K(713216K), 0.0254474 secs] [Times: user=0.28 sys=0.01, real=0.02 secs] 
2016-09-13T18:06:17.617-0400: 54.080: [GC (Allocation Failure) [PSYoungGen: 166127K->37046K(189952K)] 371491K->242663K(714240K), 0.0054186 secs] [Times: user=0.04 sys=0.00, real=0.00 secs] 
2016-09-13T18:06:17.793-0400: 54.256: [GC (GCLocker Initiated GC) [PSYoungGen: 156854K->35714K(188928K)] 362480K->247664K(713216K), 0.0103912 secs] [Times: user=0.12 sys=0.01, real=0.01 secs] 
2016-09-13T18:06:17.957-0400: 54.420: [GC (GCLocker Initiated GC) [PSYoungGen: 159618K->30906K(189952K)] 371594K->243076K(714240K), 0.0200167 secs] [Times: user=0.16 sys=0.00, real=0.02 secs] 
2016-09-13T18:06:18.215-0400: 54.678: [GC (GCLocker Initiated GC) [PSYoungGen: 154810K->14410K(194048K)] 373056K->234503K(718336K), 0.0145465 secs] [Times: user=0.13 sys=0.01, real=0.02 secs] 
2016-09-13T18:06:18.403-0400: 54.867: [GC (Allocation Failure) [PSYoungGen: 143434K->39951K(195584K)] 363667K->260307K(719872K), 0.0093976 secs] [Times: user=0.06 sys=0.00, real=0.01 secs] 
2016-09-13T18:06:18.627-0400: 55.091: [GC (GCLocker Initiated GC) [PSYoungGen: 165110K->26510K(193536K)] 391542K->257687K(717824K), 0.0236922 secs] [Times: user=0.26 sys=0.00, real=0.03 secs] 
2016-09-13T18:06:18.857-0400: 55.321: [GC (GCLocker Initiated GC) [PSYoungGen: 157070K->43117K(194560K)] 388249K->274489K(718848K), 0.0125568 secs] [Times: user=0.13 sys=0.00, real=0.01 secs] 
2016-09-13T18:06:19.054-0400: 55.517: [GC (GCLocker Initiated GC) [PSYoungGen: 173677K->50870K(193024K)] 411302K->288714K(717312K), 0.0248845 secs] [Times: user=0.28 sys=0.01, real=0.03 secs] 
2016-09-13T18:06:19.259-0400: 55.722: [GC (GCLocker Initiated GC) [PSYoungGen: 179894K->60050K(189440K)] 419497K->299940K(713728K), 0.0218523 secs] [Times: user=0.21 sys=0.01, real=0.02 secs] 
2016-09-13T18:06:19.449-0400: 55.912: [GC (Allocation Failure) [PSYoungGen: 189074K->52324K(187392K)] 429107K->292629K(711680K), 0.0105198 secs] [Times: user=0.10 sys=0.00, real=0.01 secs] 
2016-09-13T18:06:19.460-0400: 55.923: [GC (GCLocker Initiated GC) [PSYoungGen: 52336K->32K(116224K)] 292641K->295435K(640512K), 0.0071122 secs] [Times: user=0.06 sys=0.00, real=0.00 secs] 
2016-09-13T18:06:19.646-0400: 56.109: [GC (GCLocker Initiated GC) [PSYoungGen: 113259K->55393K(179200K)] 414738K->356871K(703488K), 0.0255448 secs] [Times: user=0.22 sys=0.00, real=0.03 secs] 
2016-09-13T18:06:19.827-0400: 56.290: [GC (GCLocker Initiated GC) [PSYoungGen: 157793K->26531K(182272K)] 459297K->351199K(706560K), 0.0184259 secs] [Times: user=0.17 sys=0.00, real=0.02 secs] 
2016-09-13T18:06:19.978-0400: 56.441: [GC (Allocation Failure) [PSYoungGen: 128931K->29639K(176128K)] 453715K->359359K(700416K), 0.0100822 secs] [Times: user=0.11 sys=0.00, real=0.01 secs] 
2016-09-13T18:06:20.134-0400: 56.597: [GC (Allocation Failure) [PSYoungGen: 134087K->46192K(179712K)] 463807K->379190K(704000K), 0.0243622 secs] [Times: user=0.30 sys=0.00, real=0.03 secs] 
2016-09-13T18:06:20.302-0400: 56.765: [GC (GCLocker Initiated GC) [PSYoungGen: 149242K->29638K(182272K)] 483760K->364353K(706560K), 0.0223159 secs] [Times: user=0.24 sys=0.00, real=0.02 secs] 
2016-09-13T18:06:20.504-0400: 56.967: [GC (GCLocker Initiated GC) [PSYoungGen: 141766K->41566K(184832K)] 482559K->382647K(709120K), 0.0134092 secs] [Times: user=0.13 sys=0.00, real=0.02 secs] 
2016-09-13T18:06:20.701-0400: 57.164: [GC (GCLocker Initiated GC) [PSYoungGen: 153694K->30967K(184832K)] 507158K->384621K(709120K), 0.0240255 secs] [Times: user=0.27 sys=0.00, real=0.02 secs] 
2016-09-13T18:06:20.901-0400: 57.365: [GC (GCLocker Initiated GC) [PSYoungGen: 149751K->29515K(187392K)] 509620K->394213K(711680K), 0.0115086 secs] [Times: user=0.11 sys=0.00, real=0.01 secs] 
2016-09-13T18:06:21.082-0400: 57.545: [GC (GCLocker Initiated GC) [PSYoungGen: 148299K->46345K(193024K)] 513046K->411396K(717312K), 0.0103482 secs] [Times: user=0.10 sys=0.00, real=0.01 secs] 
2016-09-13T18:06:21.307-0400: 57.770: [GC (GCLocker Initiated GC) [PSYoungGen: 172809K->35678K(162304K)] 545487K->408557K(686592K), 0.0217765 secs] [Times: user=0.27 sys=0.00, real=0.03 secs] 
2016-09-13T18:06:21.498-0400: 57.961: [GC (GCLocker Initiated GC) [PSYoungGen: 162142K->60142K(185344K)] 535297K->448746K(709632K), 0.0074257 secs] [Times: user=0.10 sys=0.00, real=0.00 secs] 
2016-09-13T18:06:21.693-0400: 58.157: [GC (GCLocker Initiated GC) [PSYoungGen: 180974K->43085K(191488K)] 569682K->432068K(715776K), 0.0151846 secs] [Times: user=0.14 sys=0.00, real=0.02 secs] 
2016-09-13T18:06:21.905-0400: 58.368: [GC (GCLocker Initiated GC) [PSYoungGen: 163917K->46250K(188416K)] 558981K->447513K(712704K), 0.0233979 secs] [Times: user=0.29 sys=0.00, real=0.03 secs] 
2016-09-13T18:06:22.099-0400: 58.563: [GC (GCLocker Initiated GC) [PSYoungGen: 169130K->52356K(190976K)] 570536K->453917K(715264K), 0.0175214 secs] [Times: user=0.18 sys=0.00, real=0.02 secs] 
2016-09-13T18:06:22.301-0400: 58.765: [GC (GCLocker Initiated GC) [PSYoungGen: 175236K->46095K(192512K)] 582984K->460111K(716800K), 0.0200284 secs] [Times: user=0.23 sys=0.01, real=0.02 secs] 
2016-09-13T18:06:22.505-0400: 58.969: [GC (GCLocker Initiated GC) [PSYoungGen: 169487K->37237K(160768K)] 583528K->451433K(685056K), 0.0067794 secs] [Times: user=0.07 sys=0.00, real=0.01 secs] 
2016-09-13T18:06:22.711-0400: 59.175: [GC (GCLocker Initiated GC) [PSYoungGen: 160629K->26387K(191488K)] 576369K->456018K(715776K), 0.0304442 secs] [Times: user=0.33 sys=0.00, real=0.03 secs] 
2016-09-13T18:06:22.917-0400: 59.380: [GC (GCLocker Initiated GC) [PSYoungGen: 150803K->41601K(191488K)] 582060K->474547K(715776K), 0.0165227 secs] [Times: user=0.13 sys=0.00, real=0.01 secs] 
2016-09-13T18:06:23.116-0400: 59.579: [GC (GCLocker Initiated GC) [PSYoungGen: 166017K->30997K(194048K)] 600498K->465679K(718336K), 0.0500242 secs] [Times: user=0.44 sys=0.00, real=0.04 secs] 
2016-09-13T18:06:23.354-0400: 59.818: [GC (GCLocker Initiated GC) [PSYoungGen: 160021K->26378K(193024K)] 594806K->467506K(717312K), 0.0144055 secs] [Times: user=0.12 sys=0.00, real=0.02 secs] 
2016-09-13T18:06:23.581-0400: 60.044: [GC (GCLocker Initiated GC) [PSYoungGen: 155402K->41634K(196096K)] 598080K->484467K(720384K), 0.0129816 secs] [Times: user=0.13 sys=0.00, real=0.01 secs] 
2016-09-13T18:06:23.746-0400: 60.209: [GC (GCLocker Initiated GC) [PSYoungGen: 175778K->26601K(196608K)] 618792K->477368K(720896K), 0.0123786 secs] [Times: user=0.14 sys=0.00, real=0.02 secs] 
2016-09-13T18:06:23.957-0400: 60.420: [GC (Allocation Failure) [PSYoungGen: 160745K->27998K(198656K)] 611534K->479046K(722944K), 0.0165179 secs] [Times: user=0.13 sys=0.00, real=0.01 secs] 
2016-09-13T18:06:24.204-0400: 60.667: [GC (GCLocker Initiated GC) [PSYoungGen: 165726K->35490K(173568K)] 616777K->491233K(697856K), 0.0284247 secs] [Times: user=0.21 sys=0.02, real=0.03 secs] 
2016-09-13T18:06:24.438-0400: 60.901: [GC (GCLocker Initiated GC) [PSYoungGen: 173218K->43057K(198144K)] 629105K->499154K(722432K), 0.0191803 secs] [Times: user=0.16 sys=0.00, real=0.02 secs] 
2016-09-13T18:06:24.674-0400: 61.137: [GC (GCLocker Initiated GC) [PSYoungGen: 182321K->58469K(198144K)] 638680K->521058K(722432K), 0.0103264 secs] [Times: user=0.11 sys=0.00, real=0.01 secs] 
2016-09-13T18:06:24.876-0400: 61.339: [GC (GCLocker Initiated GC) [PSYoungGen: 197733K->50801K(193024K)] 661943K->515147K(717312K), 0.0229744 secs] [Times: user=0.24 sys=0.00, real=0.02 secs] 
2016-09-13T18:06:25.099-0400: 61.563: [GC (GCLocker Initiated GC) [PSYoungGen: 179825K->34254K(195584K)] 651993K->514201K(719872K), 0.0159111 secs] [Times: user=0.20 sys=0.00, real=0.01 secs] 
2016-09-13T18:06:25.294-0400: 61.757: [GC (GCLocker Initiated GC) [PSYoungGen: 163278K->64697K(183808K)] 643527K->552790K(708096K), 0.0090536 secs] [Times: user=0.13 sys=0.01, real=0.01 secs] 
2016-09-13T18:06:25.506-0400: 61.969: [GC (GCLocker Initiated GC) [PSYoungGen: 183481K->37361K(190464K)] 677727K->531880K(714752K), 0.0071375 secs] [Times: user=0.09 sys=0.00, real=0.01 secs] 
2016-09-13T18:06:25.703-0400: 62.166: [GC (GCLocker Initiated GC) [PSYoungGen: 156145K->58336K(185344K)] 656844K->559189K(709632K), 0.0105248 secs] [Times: user=0.07 sys=0.00, real=0.01 secs] 
2016-09-13T18:06:25.894-0400: 62.357: [Full GC (Ergonomics) [PSYoungGen: 174048K->0K(185344K)] [ParOldGen: 513362K->44469K(524288K)] 687411K->44469K(709632K), [Metaspace: 44369K->44369K(1087488K)], 0.0590309 secs] [Times: user=0.40 sys=0.01, real=0.06 secs] 
2016-09-13T18:06:26.104-0400: 62.567: [GC (GCLocker Initiated GC) [PSYoungGen: 115712K->72329K(188416K)] 160204K->125933K(712704K), 0.0092043 secs] [Times: user=0.09 sys=0.00, real=0.01 secs] 
2016-09-13T18:06:26.288-0400: 62.751: [GC (GCLocker Initiated GC) [PSYoungGen: 188041K->26729K(174080K)] 247894K->102188K(698368K), 0.0236715 secs] [Times: user=0.24 sys=0.01, real=0.02 secs] 
2016-09-13T18:06:26.495-0400: 62.958: [GC (GCLocker Initiated GC) [PSYoungGen: 127081K->18950K(119808K)] 214709K->106828K(644096K), 0.0123544 secs] [Times: user=0.14 sys=0.00, real=0.01 secs] 
2016-09-13T18:06:26.651-0400: 63.114: [GC (GCLocker Initiated GC) [PSYoungGen: 119302K->44789K(183296K)] 207200K->137315K(707584K), 0.0068268 secs] [Times: user=0.06 sys=0.00, real=0.01 secs] 
2016-09-13T18:06:26.805-0400: 63.268: [GC (GCLocker Initiated GC) [PSYoungGen: 146677K->52207K(180736K)] 239234K->146684K(705024K), 0.0143852 secs] [Times: user=0.12 sys=0.00, real=0.02 secs] 
2016-09-13T18:06:26.998-0400: 63.461: [GC (GCLocker Initiated GC) [PSYoungGen: 154095K->5307K(178176K)] 256418K->120014K(702464K), 0.0103266 secs] [Times: user=0.11 sys=0.00, real=0.01 secs] 
2016-09-13T18:06:27.131-0400: 63.594: [GC (GCLocker Initiated GC) [PSYoungGen: 104635K->43089K(180736K)] 219361K->158075K(705024K), 0.0138596 secs] [Times: user=0.15 sys=0.00, real=0.01 secs] 
2016-09-13T18:06:27.302-0400: 63.765: [GC (GCLocker Initiated GC) [PSYoungGen: 142417K->30908K(175616K)] 269701K->161506K(699904K), 0.0074099 secs] [Times: user=0.07 sys=0.01, real=0.01 secs] 
2016-09-13T18:06:27.496-0400: 63.960: [GC (GCLocker Initiated GC) [PSYoungGen: 132796K->46345K(178176K)] 263592K->183394K(702464K), 0.0142929 secs] [Times: user=0.14 sys=0.00, real=0.01 secs] 
2016-09-13T18:06:27.656-0400: 64.120: [GC (Allocation Failure) [PSYoungGen: 148233K->41885K(179712K)] 287016K->181018K(704000K), 0.0104936 secs] [Times: user=0.09 sys=0.00, real=0.00 secs] 
2016-09-13T18:06:27.855-0400: 64.319: [GC (GCLocker Initiated GC) [PSYoungGen: 152366K->44641K(183296K)] 297575K->190066K(707584K), 0.0216238 secs] [Times: user=0.23 sys=0.00, real=0.03 secs] 
2016-09-13T18:06:28.031-0400: 64.494: [GC (GCLocker Initiated GC) [PSYoungGen: 155233K->26382K(186880K)] 302190K->173470K(711168K), 0.0056007 secs] [Times: user=0.05 sys=0.00, real=0.01 secs] 
2016-09-13T18:06:28.207-0400: 64.670: [GC (GCLocker Initiated GC) [PSYoungGen: 144654K->29606K(188928K)] 292013K->183241K(713216K), 0.0181693 secs] [Times: user=0.20 sys=0.00, real=0.02 secs] 
2016-09-13T18:06:28.403-0400: 64.866: [GC (GCLocker Initiated GC) [PSYoungGen: 147878K->30999K(186880K)] 303054K->186342K(711168K), 0.0112407 secs] [Times: user=0.10 sys=0.01, real=0.01 secs] 
2016-09-13T18:06:28.603-0400: 65.067: [GC (GCLocker Initiated GC) [PSYoungGen: 153367K->46217K(189440K)] 308757K->209375K(713728K), 0.0257717 secs] [Times: user=0.27 sys=0.01, real=0.03 secs] 
2016-09-13T18:06:28.817-0400: 65.280: [GC (GCLocker Initiated GC) [PSYoungGen: 168585K->43212K(193536K)] 331779K->212690K(717824K), 0.0149445 secs] [Times: user=0.15 sys=0.00, real=0.01 secs] 
2016-09-13T18:06:29.024-0400: 65.488: [GC (GCLocker Initiated GC) [PSYoungGen: 170700K->35399K(163328K)] 340489K->205374K(687616K), 0.0289988 secs] [Times: user=0.25 sys=0.00, real=0.03 secs] 
2016-09-13T18:06:29.245-0400: 65.708: [GC (GCLocker Initiated GC) [PSYoungGen: 162887K->27929K(194048K)] 338965K->204150K(718336K), 0.0377349 secs] [Times: user=0.40 sys=0.00, real=0.04 secs] 
2016-09-13T18:06:29.450-0400: 65.914: [GC (Allocation Failure) [PSYoungGen: 157977K->28115K(193536K)] 340300K->213614K(717824K), 0.0106870 secs] [Times: user=0.08 sys=0.00, real=0.01 secs] 
2016-09-13T18:06:29.650-0400: 66.113: [GC (GCLocker Initiated GC) [PSYoungGen: 158163K->43276K(197120K)] 343663K->241152K(721408K), 0.0176443 secs] [Times: user=0.18 sys=0.00, real=0.02 secs] 
2016-09-13T18:06:29.873-0400: 66.337: [GC (GCLocker Initiated GC) [PSYoungGen: 177932K->41757K(197120K)] 376062K->240080K(721408K), 0.0116768 secs] [Times: user=0.13 sys=0.00, real=0.01 secs] 
2016-09-13T18:06:30.081-0400: 66.545: [GC (Allocation Failure) [PSYoungGen: 176413K->47768K(197120K)] 374962K->246440K(721408K), 0.0174996 secs] [Times: user=0.19 sys=0.00, real=0.02 secs] 
2016-09-13T18:06:30.299-0400: 66.762: [GC (GCLocker Initiated GC) [PSYoungGen: 182849K->49509K(185344K)] 387596K->254461K(709632K), 0.0098551 secs] [Times: user=0.09 sys=0.00, real=0.01 secs] 
2016-09-13T18:06:30.535-0400: 66.998: [GC (Allocation Failure) [PSYoungGen: 185189K->23708K(196608K)] 396493K->235230K(720896K), 0.0136118 secs] [Times: user=0.13 sys=0.00, real=0.02 secs] 
2016-09-13T18:06:30.734-0400: 67.197: [GC (GCLocker Initiated GC) [PSYoungGen: 155804K->38534K(171008K)] 367331K->250337K(695296K), 0.0229514 secs] [Times: user=0.24 sys=0.00, real=0.03 secs] 
2016-09-13T18:06:30.943-0400: 67.407: [GC (Allocation Failure) [PSYoungGen: 170630K->23309K(195072K)] 384037K->236788K(719360K), 0.0216601 secs] [Times: user=0.24 sys=0.00, real=0.02 secs] 
2016-09-13T18:06:31.183-0400: 67.646: [GC (GCLocker Initiated GC) [PSYoungGen: 155917K->32709K(195072K)] 369399K->246364K(719360K), 0.0108787 secs] [Times: user=0.11 sys=0.00, real=0.01 secs] 
2016-09-13T18:06:31.405-0400: 67.868: [GC (GCLocker Initiated GC) [PSYoungGen: 165317K->28243K(198656K)] 389674K->252865K(722944K), 0.0092580 secs] [Times: user=0.11 sys=0.00, real=0.01 secs] 
2016-09-13T18:06:31.659-0400: 68.123: [GC (GCLocker Initiated GC) [PSYoungGen: 166483K->9949K(197632K)] 403349K->246903K(721920K), 0.0083983 secs] [Times: user=0.10 sys=0.01, real=0.01 secs] 
2016-09-13T18:06:31.880-0400: 68.344: [GC (GCLocker Initiated GC) [PSYoungGen: 148189K->46415K(196608K)] 385277K->283715K(720896K), 0.0173973 secs] [Times: user=0.24 sys=0.00, real=0.02 secs] 
2016-09-13T18:06:32.106-0400: 68.569: [GC (GCLocker Initiated GC) [PSYoungGen: 181583K->32827K(168448K)] 431369K->282795K(692736K), 0.0071832 secs] [Times: user=0.10 sys=0.00, real=0.01 secs] 
2016-09-13T18:06:32.329-0400: 68.792: [GC (GCLocker Initiated GC) [PSYoungGen: 167995K->46224K(196096K)] 417966K->296349K(720384K), 0.0176112 secs] [Times: user=0.21 sys=0.00, real=0.01 secs] 
2016-09-13T18:06:32.542-0400: 69.005: [GC (GCLocker Initiated GC) [PSYoungGen: 181392K->24949K(198144K)] 437889K->281569K(722432K), 0.0149889 secs] [Times: user=0.17 sys=0.00, real=0.02 secs] 
2016-09-13T18:06:32.812-0400: 69.276: [GC (GCLocker Initiated GC) [PSYoungGen: 160117K->8062K(197120K)] 429038K->277234K(721408K), 0.0129430 secs] [Times: user=0.13 sys=0.00, real=0.01 secs] 
2016-09-13T18:06:33.050-0400: 69.513: [GC (GCLocker Initiated GC) [PSYoungGen: 143230K->46286K(181760K)] 418611K->321782K(706048K), 0.0106418 secs] [Times: user=0.07 sys=0.00, real=0.01 secs] 
2016-09-13T18:06:33.250-0400: 69.713: [GC (GCLocker Initiated GC) [PSYoungGen: 181454K->28152K(198656K)] 463158K->310114K(722944K), 0.0071119 secs] [Times: user=0.08 sys=0.00, real=0.01 secs] 
2016-09-13T18:06:33.452-0400: 69.915: [GC (GCLocker Initiated GC) [PSYoungGen: 160760K->47959K(196096K)] 442898K->330463K(720384K), 0.0112801 secs] [Times: user=0.10 sys=0.00, real=0.01 secs] 
2016-09-13T18:06:33.673-0400: 70.136: [GC (Allocation Failure) [PSYoungGen: 180567K->41598K(196608K)] 463138K->324312K(720896K), 0.0065991 secs] [Times: user=0.06 sys=0.00, real=0.01 secs] 
2016-09-13T18:06:33.884-0400: 70.348: [GC (Allocation Failure) [PSYoungGen: 171466K->23504K(154112K)] 454180K->315512K(678400K), 0.0072596 secs] [Times: user=0.07 sys=0.01, real=0.01 secs] 
2016-09-13T18:06:34.102-0400: 70.565: [GC (GCLocker Initiated GC) [PSYoungGen: 154064K->52234K(190464K)] 446085K->344558K(714752K), 0.0091569 secs] [Times: user=0.09 sys=0.00, real=0.01 secs] 
2016-09-13T18:06:34.323-0400: 70.786: [GC (GCLocker Initiated GC) [PSYoungGen: 178186K->59918K(186368K)] 472356K->354211K(710656K), 0.0201273 secs] [Times: user=0.17 sys=0.00, real=0.02 secs] 
2016-09-13T18:06:34.499-0400: 70.962: [GC (GCLocker Initiated GC) [PSYoungGen: 185870K->38597K(191488K)] 483376K->336270K(715776K), 0.0071099 secs] [Times: user=0.04 sys=0.00, real=0.00 secs] 
2016-09-13T18:06:34.700-0400: 71.163: [GC (GCLocker Initiated GC) [PSYoungGen: 155845K->50993K(187904K)] 459828K->355214K(712192K), 0.0196171 secs] [Times: user=0.26 sys=0.00, real=0.02 secs] 
2016-09-13T18:06:34.903-0400: 71.366: [GC (Allocation Failure) [PSYoungGen: 168241K->29420K(189952K)] 474081K->335555K(714240K), 0.0062534 secs] [Times: user=0.06 sys=0.00, real=0.01 secs] 
2016-09-13T18:06:35.100-0400: 71.564: [GC (GCLocker Initiated GC) [PSYoungGen: 147500K->28121K(189440K)] 455154K->345094K(713728K), 0.0221476 secs] [Times: user=0.28 sys=0.00, real=0.02 secs] 
2016-09-13T18:06:35.318-0400: 71.781: [GC (GCLocker Initiated GC) [PSYoungGen: 146905K->44730K(189952K)] 470191K->368204K(714240K), 0.0109098 secs] [Times: user=0.05 sys=0.01, real=0.01 secs] 
2016-09-13T18:06:35.499-0400: 71.962: [GC (GCLocker Initiated GC) [PSYoungGen: 165562K->50997K(189440K)] 496849K->382655K(713728K), 0.0184503 secs] [Times: user=0.22 sys=0.01, real=0.02 secs] 
2016-09-13T18:06:35.699-0400: 72.162: [GC (GCLocker Initiated GC) [PSYoungGen: 171829K->52331K(188416K)] 503504K->384290K(712704K), 0.0220025 secs] [Times: user=0.32 sys=0.00, real=0.02 secs] 
2016-09-13T18:06:35.900-0400: 72.363: [GC (GCLocker Initiated GC) [PSYoungGen: 170091K->44858K(189952K)] 509826K->390838K(714240K), 0.0109086 secs] [Times: user=0.11 sys=0.00, real=0.01 secs] 
2016-09-13T18:06:36.110-0400: 72.574: [GC (GCLocker Initiated GC) [PSYoungGen: 162618K->27933K(188928K)] 516229K->381746K(713216K), 0.0283707 secs] [Times: user=0.26 sys=0.00, real=0.03 secs] 
2016-09-13T18:06:36.317-0400: 72.780: [GC (GCLocker Initiated GC) [PSYoungGen: 147229K->68968K(188416K)] 501229K->423169K(712704K), 0.0076457 secs] [Times: user=0.05 sys=0.00, real=0.00 secs] 
2016-09-13T18:06:36.502-0400: 72.965: [GC (GCLocker Initiated GC) [PSYoungGen: 188264K->29542K(183296K)] 554830K->402428K(707584K), 0.0298668 secs] [Times: user=0.33 sys=0.00, real=0.03 secs] 
2016-09-13T18:06:36.706-0400: 73.169: [GC (GCLocker Initiated GC) [PSYoungGen: 139110K->29633K(185856K)] 518260K->408965K(710144K), 0.0127672 secs] [Times: user=0.13 sys=0.00, real=0.02 secs] 
2016-09-13T18:06:36.892-0400: 73.355: [GC (GCLocker Initiated GC) [PSYoungGen: 139201K->34003K(179712K)] 524800K->419781K(704000K), 0.0183037 secs] [Times: user=0.17 sys=0.00, real=0.02 secs] 
2016-09-13T18:06:37.069-0400: 73.532: [GC (GCLocker Initiated GC) [PSYoungGen: 144595K->46280K(183296K)] 530398K->432252K(707584K), 0.0120459 secs] [Times: user=0.12 sys=0.00, real=0.01 secs] 
2016-09-13T18:06:37.268-0400: 73.732: [GC (GCLocker Initiated GC) [PSYoungGen: 156872K->5343K(184320K)] 558261K->417604K(708608K), 0.0269261 secs] [Times: user=0.30 sys=0.00, real=0.02 secs] 
2016-09-13T18:06:37.472-0400: 73.936: [GC (GCLocker Initiated GC) [PSYoungGen: 117983K->30935K(187392K)] 536339K->449484K(711680K), 0.0240559 secs] [Times: user=0.23 sys=0.00, real=0.03 secs] 
2016-09-13T18:06:37.666-0400: 74.129: [GC (GCLocker Initiated GC) [PSYoungGen: 143575K->58309K(181248K)] 562375K->487879K(705536K), 0.0094796 secs] [Times: user=0.07 sys=0.00, real=0.01 secs] 
2016-09-13T18:06:37.831-0400: 74.294: [GC (GCLocker Initiated GC) [PSYoungGen: 167877K->26591K(185856K)] 597475K->456473K(710144K), 0.0098420 secs] [Times: user=0.08 sys=0.00, real=0.01 secs] 
2016-09-13T18:06:38.006-0400: 74.470: [GC (Allocation Failure) [PSYoungGen: 136159K->40083K(179200K)] 567782K->473484K(703488K), 0.0147839 secs] [Times: user=0.10 sys=0.01, real=0.02 secs] 
2016-09-13T18:06:38.188-0400: 74.652: [GC (GCLocker Initiated GC) [PSYoungGen: 151187K->28088K(183296K)] 584594K->461670K(707584K), 0.0329337 secs] [Times: user=0.28 sys=0.01, real=0.03 secs] 
2016-09-13T18:06:38.367-0400: 74.830: [GC (Allocation Failure) [PSYoungGen: 139192K->41788K(184832K)] 572776K->475672K(709120K), 0.0068372 secs] [Times: user=0.08 sys=0.00, real=0.01 secs] 
2016-09-13T18:06:38.532-0400: 74.995: [GC (GCLocker Initiated GC) [PSYoungGen: 155783K->23632K(188416K)] 595742K->463845K(712704K), 0.0103747 secs] [Times: user=0.14 sys=0.00, real=0.01 secs] 
2016-09-13T18:06:38.740-0400: 75.204: [GC (GCLocker Initiated GC) [PSYoungGen: 143440K->40175K(189952K)] 583778K->480609K(714240K), 0.0173128 secs] [Times: user=0.14 sys=0.00, real=0.02 secs] 
2016-09-13T18:06:38.959-0400: 75.422: [GC (GCLocker Initiated GC) [PSYoungGen: 165615K->9671K(192000K)] 607590K->451803K(716288K), 0.0188949 secs] [Times: user=0.14 sys=0.01, real=0.02 secs] 
2016-09-13T18:06:39.155-0400: 75.618: [GC (Allocation Failure) [PSYoungGen: 135111K->5311K(192000K)] 583341K->464472K(716288K), 0.0111593 secs] [Times: user=0.13 sys=0.00, real=0.01 secs] 
2016-09-13T18:06:39.370-0400: 75.834: [GC (Allocation Failure) [PSYoungGen: 129215K->41667K(165888K)] 588376K->507208K(690176K), 0.0173671 secs] [Times: user=0.22 sys=0.01, real=0.02 secs] 
2016-09-13T18:06:39.568-0400: 76.031: [GC (GCLocker Initiated GC) [PSYoungGen: 164334K->43275K(191488K)] 631393K->510523K(715776K), 0.0058564 secs] [Times: user=0.05 sys=0.00, real=0.00 secs] 
2016-09-13T18:06:39.743-0400: 76.207: [GC (Allocation Failure) [PSYoungGen: 165131K->43057K(192000K)] 632600K->510669K(716288K), 0.0171029 secs] [Times: user=0.13 sys=0.01, real=0.02 secs] 
2016-09-13T18:06:39.943-0400: 76.406: [GC (GCLocker Initiated GC) [PSYoungGen: 164661K->32586K(184832K)] 638348K->506478K(709120K), 0.0249976 secs] [Times: user=0.28 sys=0.01, real=0.03 secs] 
2016-09-13T18:06:40.179-0400: 76.642: [GC (GCLocker Initiated GC) [PSYoungGen: 154442K->5392K(188416K)] 631547K->482672K(712704K), 0.0135396 secs] [Times: user=0.15 sys=0.00, real=0.01 secs] 
2016-09-13T18:06:40.365-0400: 76.828: [GC (Allocation Failure) [PSYoungGen: 127248K->17548K(194560K)] 610620K->501270K(718848K), 0.0170961 secs] [Times: user=0.18 sys=0.00, real=0.02 secs] 
2016-09-13T18:06:40.548-0400: 77.011: [GC (GCLocker Initiated GC) [PSYoungGen: 144524K->32554K(159744K)] 628254K->527133K(684032K), 0.0069568 secs] [Times: user=0.05 sys=0.00, real=0.00 secs] 
2016-09-13T18:06:40.773-0400: 77.236: [GC (GCLocker Initiated GC) [PSYoungGen: 159530K->46345K(188416K)] 655829K->542894K(712704K), 0.0234612 secs] [Times: user=0.25 sys=0.00, real=0.03 secs] 
2016-09-13T18:06:40.996-0400: 77.460: [GC (GCLocker Initiated GC) [PSYoungGen: 170761K->50779K(191488K)] 667335K->547562K(715776K), 0.0165404 secs] [Times: user=0.17 sys=0.00, real=0.01 secs] 
2016-09-13T18:06:41.208-0400: 77.671: [GC (GCLocker Initiated GC) [PSYoungGen: 175195K->6635K(190464K)] 684154K->523381K(714752K), 0.0322487 secs] [Times: user=0.32 sys=0.00, real=0.03 secs] 
2016-09-13T18:06:41.240-0400: 77.703: [Full GC (Ergonomics) [PSYoungGen: 6635K->0K(190464K)] [ParOldGen: 516746K->37138K(524288K)] 523381K->37138K(714752K), [Metaspace: 44458K->44458K(1087488K)], 0.0540564 secs] [Times: user=0.30 sys=0.01, real=0.05 secs] 
2016-09-13T18:06:41.493-0400: 77.956: [GC (GCLocker Initiated GC) [PSYoungGen: 119808K->58755K(178688K)] 170637K->109584K(702976K), 0.0069597 secs] [Times: user=0.09 sys=0.00, real=0.01 secs] 
2016-09-13T18:06:41.659-0400: 78.122: [GC (GCLocker Initiated GC) [PSYoungGen: 178563K->32709K(188416K)] 235531K->134172K(712704K), 0.0100323 secs] [Times: user=0.09 sys=0.00, real=0.01 secs] 
2016-09-13T18:06:41.846-0400: 78.310: [GC (GCLocker Initiated GC) [PSYoungGen: 143301K->23563K(134656K)] 252626K->140679K(658944K), 0.0235313 secs] [Times: user=0.28 sys=0.00, real=0.03 secs] 
2016-09-13T18:06:42.022-0400: 78.485: [GC (GCLocker Initiated GC) [PSYoungGen: 134155K->50975K(178688K)] 251590K->168739K(702976K), 0.0066950 secs] [Times: user=0.09 sys=0.01, real=0.01 secs] 
2016-09-13T18:06:42.159-0400: 78.622: [GC (GCLocker Initiated GC) [PSYoungGen: 158495K->51061K(181760K)] 277930K->170658K(706048K), 0.0071126 secs] [Times: user=0.09 sys=0.00, real=0.00 secs] 
2016-09-13T18:06:42.322-0400: 78.785: [GC (GCLocker Initiated GC) [PSYoungGen: 158581K->69195K(169472K)] 278361K->204574K(693760K), 0.0198534 secs] [Times: user=0.22 sys=0.00, real=0.02 secs] 
2016-09-13T18:06:42.498-0400: 78.961: [GC (GCLocker Initiated GC) [PSYoungGen: 162379K->28184K(177664K)] 305415K->171308K(701952K), 0.0105935 secs] [Times: user=0.11 sys=0.01, real=0.01 secs] 
2016-09-13T18:06:42.658-0400: 79.122: [GC (GCLocker Initiated GC) [PSYoungGen: 121368K->23341K(172032K)] 272340K->174564K(696320K), 0.0126792 secs] [Times: user=0.15 sys=0.00, real=0.01 secs] 
2016-09-13T18:06:42.819-0400: 79.283: [GC (GCLocker Initiated GC) [PSYoungGen: 119085K->23723K(176128K)] 275094K->179910K(700416K), 0.0105845 secs] [Times: user=0.15 sys=0.00, real=0.01 secs] 
2016-09-13T18:06:42.972-0400: 79.435: [GC (Allocation Failure) [PSYoungGen: 119467K->23442K(174592K)] 277310K->181511K(698880K), 0.0099106 secs] [Times: user=0.12 sys=0.00, real=0.01 secs] 
2016-09-13T18:06:43.129-0400: 79.592: [GC (GCLocker Initiated GC) [PSYoungGen: 125761K->23537K(179200K)] 289905K->187819K(703488K), 0.0121038 secs] [Times: user=0.16 sys=0.00, real=0.01 secs] 
2016-09-13T18:06:43.304-0400: 79.768: [GC (GCLocker Initiated GC) [PSYoungGen: 126961K->70746K(168960K)] 291430K->235408K(693248K), 0.0089401 secs] [Times: user=0.09 sys=0.00, real=0.01 secs] 
2016-09-13T18:06:43.464-0400: 79.927: [GC (GCLocker Initiated GC) [PSYoungGen: 165978K->49419K(178688K)] 330810K->214492K(702976K), 0.0107950 secs] [Times: user=0.13 sys=0.00, real=0.01 secs] 
2016-09-13T18:06:43.628-0400: 80.091: [GC (GCLocker Initiated GC) [PSYoungGen: 144651K->32794K(171520K)] 309900K->198244K(695808K), 0.0102462 secs] [Times: user=0.09 sys=0.00, real=0.01 secs] 
2016-09-13T18:06:43.807-0400: 80.270: [GC (Allocation Failure) [PSYoungGen: 128026K->23384K(175104K)] 301363K->196883K(699392K), 0.0142403 secs] [Times: user=0.18 sys=0.01, real=0.02 secs] 
2016-09-13T18:06:43.944-0400: 80.407: [GC (GCLocker Initiated GC) [PSYoungGen: 118616K->46504K(179712K)] 292118K->220126K(704000K), 0.0148792 secs] [Times: user=0.17 sys=0.00, real=0.02 secs] 
2016-09-13T18:06:44.099-0400: 80.563: [GC (GCLocker Initiated GC) [PSYoungGen: 150440K->58341K(162304K)] 325687K->239935K(686592K), 0.0284080 secs] [Times: user=0.30 sys=0.01, real=0.03 secs] 
2016-09-13T18:06:44.308-0400: 80.771: [GC (GCLocker Initiated GC) [PSYoungGen: 162277K->14510K(180736K)] 350131K->202582K(705024K), 0.0256146 secs] [Times: user=0.27 sys=0.01, real=0.02 secs] 
2016-09-13T18:06:44.485-0400: 80.948: [GC (GCLocker Initiated GC) [PSYoungGen: 113838K->61443K(161280K)] 302145K->253103K(685568K), 0.0147111 secs] [Times: user=0.15 sys=0.00, real=0.02 secs] 
2016-09-13T18:06:44.635-0400: 81.098: [GC (GCLocker Initiated GC) [PSYoungGen: 160771K->32699K(179712K)] 352464K->224546K(704000K), 0.0137690 secs] [Times: user=0.14 sys=0.00, real=0.02 secs] 
2016-09-13T18:06:44.785-0400: 81.248: [GC (Allocation Failure) [PSYoungGen: 126395K->38570K(132608K)] 319973K->242993K(656896K), 0.0123599 secs] [Times: user=0.12 sys=0.00, real=0.02 secs] 
2016-09-13T18:06:44.905-0400: 81.369: [GC (GCLocker Initiated GC) [PSYoungGen: 131364K->46318K(173056K)] 337306K->252433K(697344K), 0.0140211 secs] [Times: user=0.17 sys=0.00, real=0.02 secs] 
2016-09-13T18:06:45.063-0400: 81.526: [GC (GCLocker Initiated GC) [PSYoungGen: 141038K->41724K(172032K)] 350283K->251226K(696320K), 0.0070622 secs] [Times: user=0.04 sys=0.01, real=0.01 secs] 
2016-09-13T18:06:45.226-0400: 81.690: [GC (Allocation Failure) [PSYoungGen: 136444K->27929K(182272K)] 346037K->237775K(706560K), 0.0268284 secs] [Times: user=0.30 sys=0.00, real=0.03 secs] 
2016-09-13T18:06:45.422-0400: 81.886: [GC (GCLocker Initiated GC) [PSYoungGen: 135961K->53790K(180736K)] 345818K->263860K(705024K), 0.0127555 secs] [Times: user=0.12 sys=0.00, real=0.01 secs] 
2016-09-13T18:06:45.593-0400: 82.057: [GC (GCLocker Initiated GC) [PSYoungGen: 161822K->44730K(187392K)] 372104K->255222K(711680K), 0.0076660 secs] [Times: user=0.06 sys=0.01, real=0.01 secs] 
2016-09-13T18:06:45.750-0400: 82.213: [GC (GCLocker Initiated GC) [PSYoungGen: 158394K->41475K(155648K)] 370642K->253996K(679936K), 0.0259730 secs] [Times: user=0.29 sys=0.01, real=0.03 secs] 
2016-09-13T18:06:45.949-0400: 82.412: [GC (GCLocker Initiated GC) [PSYoungGen: 155139K->23655K(186368K)] 369358K->238161K(710656K), 0.0105681 secs] [Times: user=0.10 sys=0.00, real=0.01 secs] 
2016-09-13T18:06:46.139-0400: 82.602: [GC (GCLocker Initiated GC) [PSYoungGen: 139367K->24705K(185856K)] 360261K->245769K(710144K), 0.0225823 secs] [Times: user=0.15 sys=0.00, real=0.02 secs] 
2016-09-13T18:06:46.355-0400: 82.818: [GC (Allocation Failure) [PSYoungGen: 140417K->5211K(187392K)] 373952K->238869K(711680K), 0.0034387 secs] [Times: user=0.02 sys=0.00, real=0.01 secs] 
2016-09-13T18:06:46.551-0400: 83.015: [GC (Allocation Failure) [PSYoungGen: 122971K->23346K(189952K)] 356629K->257272K(714240K), 0.0062745 secs] [Times: user=0.05 sys=0.00, real=0.01 secs] 
2016-09-13T18:06:46.735-0400: 83.199: [GC (GCLocker Initiated GC) [PSYoungGen: 141106K->43212K(189440K)] 375038K->277290K(713728K), 0.0174446 secs] [Times: user=0.16 sys=0.01, real=0.02 secs] 
2016-09-13T18:06:46.913-0400: 83.377: [GC (GCLocker Initiated GC) [PSYoungGen: 163020K->44768K(189952K)] 397209K->279198K(714240K), 0.0195183 secs] [Times: user=0.19 sys=0.00, real=0.02 secs] 
2016-09-13T18:06:47.103-0400: 83.566: [GC (GCLocker Initiated GC) [PSYoungGen: 164576K->46153K(190464K)] 400647K->282461K(714752K), 0.0072922 secs] [Times: user=0.04 sys=0.00, real=0.01 secs] 
2016-09-13T18:06:47.306-0400: 83.769: [GC (GCLocker Initiated GC) [PSYoungGen: 165961K->47619K(167936K)] 402355K->284272K(692224K), 0.0326958 secs] [Times: user=0.36 sys=0.00, real=0.04 secs] 
2016-09-13T18:06:47.502-0400: 83.965: [GC (GCLocker Initiated GC) [PSYoungGen: 167427K->66117K(176128K)] 404191K->303044K(700416K), 0.0149591 secs] [Times: user=0.15 sys=0.00, real=0.02 secs] 
2016-09-13T18:06:47.674-0400: 84.137: [GC (GCLocker Initiated GC) [PSYoungGen: 170565K->44703K(183296K)] 407749K->282033K(707584K), 0.0207063 secs] [Times: user=0.19 sys=0.00, real=0.02 secs] 
2016-09-13T18:06:47.853-0400: 84.316: [GC (Allocation Failure) [PSYoungGen: 149151K->9894K(182272K)] 398911K->259856K(706560K), 0.0149551 secs] [Times: user=0.14 sys=0.00, real=0.02 secs] 
2016-09-13T18:06:48.040-0400: 84.503: [GC (GCLocker Initiated GC) [PSYoungGen: 115366K->28173K(134144K)] 365329K->278371K(658432K), 0.0064953 secs] [Times: user=0.05 sys=0.00, real=0.00 secs] 
2016-09-13T18:06:48.208-0400: 84.672: [GC (GCLocker Initiated GC) [PSYoungGen: 133645K->14360K(182784K)] 391592K->272588K(707072K), 0.0066479 secs] [Times: user=0.06 sys=0.00, real=0.00 secs] 
2016-09-13T18:06:48.404-0400: 84.867: [GC (GCLocker Initiated GC) [PSYoungGen: 121368K->29448K(182784K)] 385693K->293900K(707072K), 0.0133246 secs] [Times: user=0.13 sys=0.00, real=0.02 secs] 
2016-09-13T18:06:48.593-0400: 85.056: [GC (Allocation Failure) [PSYoungGen: 136456K->44736K(183296K)] 402465K->318568K(707584K), 0.0187121 secs] [Times: user=0.18 sys=0.01, real=0.02 secs] 
2016-09-13T18:06:48.754-0400: 85.217: [GC (GCLocker Initiated GC) [PSYoungGen: 151598K->32741K(183296K)] 431506K->312889K(707584K), 0.0083309 secs] [Times: user=0.08 sys=0.00, real=0.01 secs] 
2016-09-13T18:06:48.912-0400: 85.376: [GC (GCLocker Initiated GC) [PSYoungGen: 143333K->46256K(185856K)] 423503K->326687K(710144K), 0.0103968 secs] [Times: user=0.10 sys=0.00, real=0.01 secs] 
2016-09-13T18:06:49.104-0400: 85.567: [GC (GCLocker Initiated GC) [PSYoungGen: 162480K->29739K(186368K)] 442988K->324186K(710656K), 0.0075294 secs] [Times: user=0.09 sys=0.00, real=0.01 secs] 
2016-09-13T18:06:49.299-0400: 85.763: [GC (GCLocker Initiated GC) [PSYoungGen: 145963K->49351K(188928K)] 446674K->350369K(713216K), 0.0220677 secs] [Times: user=0.25 sys=0.00, real=0.02 secs] 
2016-09-13T18:06:49.500-0400: 85.963: [GC (GCLocker Initiated GC) [PSYoungGen: 170183K->50870K(190464K)] 477385K->358305K(714752K), 0.0099351 secs] [Times: user=0.13 sys=0.01, real=0.01 secs] 
2016-09-13T18:06:49.730-0400: 86.193: [GC (GCLocker Initiated GC) [PSYoungGen: 171702K->45972K(190976K)] 480845K->358354K(715264K), 0.0073729 secs] [Times: user=0.06 sys=0.00, real=0.01 secs] 
2016-09-13T18:06:49.898-0400: 86.362: [GC (GCLocker Initiated GC) [PSYoungGen: 165268K->61538K(181248K)] 480708K->377083K(705536K), 0.0141326 secs] [Times: user=0.18 sys=0.01, real=0.01 secs] 
2016-09-13T18:06:50.099-0400: 86.562: [GC (GCLocker Initiated GC) [PSYoungGen: 180834K->46190K(187392K)] 496532K->362076K(711680K), 0.0172248 secs] [Times: user=0.18 sys=0.00, real=0.02 secs] 
2016-09-13T18:06:50.295-0400: 86.758: [GC (GCLocker Initiated GC) [PSYoungGen: 157294K->43115K(154624K)] 473423K->359493K(678912K), 0.0180268 secs] [Times: user=0.20 sys=0.00, real=0.02 secs] 
2016-09-13T18:06:50.481-0400: 86.944: [GC (GCLocker Initiated GC) [PSYoungGen: 154219K->46409K(184832K)] 470729K->363212K(709120K), 0.0089815 secs] [Times: user=0.15 sys=0.00, real=0.01 secs] 
2016-09-13T18:06:50.656-0400: 87.119: [GC (GCLocker Initiated GC) [PSYoungGen: 159049K->32581K(183296K)] 482025K->355816K(707584K), 0.0122716 secs] [Times: user=0.14 sys=0.01, real=0.01 secs] 
2016-09-13T18:06:50.857-0400: 87.320: [GC (GCLocker Initiated GC) [PSYoungGen: 145221K->32773K(189952K)] 474665K->373164K(714240K), 0.0104999 secs] [Times: user=0.15 sys=0.00, real=0.00 secs] 
2016-09-13T18:06:51.065-0400: 87.528: [GC (GCLocker Initiated GC) [PSYoungGen: 153605K->9958K(188928K)] 506260K->362768K(713216K), 0.0143037 secs] [Times: user=0.17 sys=0.00, real=0.02 secs] 
2016-09-13T18:06:51.275-0400: 87.739: [GC (GCLocker Initiated GC) [PSYoungGen: 130790K->44801K(192000K)] 485150K->399378K(716288K), 0.0096078 secs] [Times: user=0.10 sys=0.01, real=0.01 secs] 
2016-09-13T18:06:51.463-0400: 87.926: [GC (Allocation Failure) [PSYoungGen: 166145K->46345K(191488K)] 520837K->402677K(715776K), 0.0098230 secs] [Times: user=0.10 sys=0.00, real=0.01 secs] 
2016-09-13T18:06:51.645-0400: 88.109: [GC (GCLocker Initiated GC) [PSYoungGen: 162860K->29740K(189440K)] 525266K->395476K(713728K), 0.0069845 secs] [Times: user=0.08 sys=0.00, real=0.01 secs] 
2016-09-13T18:06:51.854-0400: 88.317: [GC (GCLocker Initiated GC) [PSYoungGen: 151596K->9980K(190464K)] 531176K->389784K(714752K), 0.0105682 secs] [Times: user=0.11 sys=0.00, real=0.01 secs] 
2016-09-13T18:06:52.095-0400: 88.558: [GC (Allocation Failure) [PSYoungGen: 131836K->3473K(187904K)] 530203K->402021K(712192K), 0.0143065 secs] [Times: user=0.13 sys=0.00, real=0.02 secs] 
2016-09-13T18:06:52.283-0400: 88.746: [GC (GCLocker Initiated GC) [PSYoungGen: 121233K->49259K(167424K)] 519787K->447998K(691712K), 0.0096523 secs] [Times: user=0.07 sys=0.00, real=0.01 secs] 
2016-09-13T18:06:52.481-0400: 88.944: [GC (GCLocker Initiated GC) [PSYoungGen: 167019K->53780K(181248K)] 565783K->452762K(705536K), 0.0217880 secs] [Times: user=0.23 sys=0.00, real=0.02 secs] 
2016-09-13T18:06:52.659-0400: 89.122: [GC (GCLocker Initiated GC) [PSYoungGen: 160276K->63121K(169984K)] 559441K->474681K(694272K), 0.0099475 secs] [Times: user=0.16 sys=0.00, real=0.01 secs] 
2016-09-13T18:06:52.847-0400: 89.310: [GC (GCLocker Initiated GC) [PSYoungGen: 169617K->23432K(180224K)] 588997K->442971K(704512K), 0.0069509 secs] [Times: user=0.08 sys=0.00, real=0.01 secs] 
2016-09-13T18:06:53.010-0400: 89.473: [GC (Allocation Failure) [PSYoungGen: 119688K->28116K(124416K)] 545503K->454152K(648704K), 0.0066396 secs] [Times: user=0.08 sys=0.00, real=0.01 secs] 
2016-09-13T18:06:53.144-0400: 89.607: [GC (GCLocker Initiated GC) [PSYoungGen: 124372K->41817K(177152K)] 550414K->468056K(701440K), 0.0063828 secs] [Times: user=0.08 sys=0.00, real=0.01 secs] 
2016-09-13T18:06:53.298-0400: 89.762: [GC (GCLocker Initiated GC) [PSYoungGen: 140121K->70587K(175104K)] 566556K->497243K(699392K), 0.0207802 secs] [Times: user=0.26 sys=0.00, real=0.02 secs] 
2016-09-13T18:06:53.509-0400: 89.972: [GC (GCLocker Initiated GC) [PSYoungGen: 168891K->41570K(180736K)] 597297K->470202K(705024K), 0.0099119 secs] [Times: user=0.08 sys=0.00, real=0.01 secs] 
2016-09-13T18:06:53.647-0400: 90.110: [GC (Allocation Failure) [PSYoungGen: 136802K->9895K(176640K)] 579275K->452506K(700928K), 0.0033456 secs] [Times: user=0.03 sys=0.00, real=0.01 secs] 
2016-09-13T18:06:53.651-0400: 90.114: [GC (GCLocker Initiated GC) [PSYoungGen: 9904K->32K(175616K)] 452515K->452365K(699904K), 0.0028242 secs] [Times: user=0.02 sys=0.00, real=0.00 secs] 
2016-09-13T18:06:53.810-0400: 90.273: [GC (GCLocker Initiated GC) [PSYoungGen: 93216K->76821K(170496K)] 545552K->529157K(694784K), 0.0100234 secs] [Times: user=0.13 sys=0.00, real=0.01 secs] 
2016-09-13T18:06:53.956-0400: 90.419: [GC (GCLocker Initiated GC) [PSYoungGen: 170005K->9900K(175104K)] 625554K->496227K(699392K), 0.0070488 secs] [Times: user=0.10 sys=0.01, real=0.00 secs] 
2016-09-13T18:06:54.092-0400: 90.556: [GC (GCLocker Initiated GC) [PSYoungGen: 97964K->41694K(175104K)] 590369K->534290K(699392K), 0.0081164 secs] [Times: user=0.12 sys=0.01, real=0.01 secs] 
2016-09-13T18:06:54.244-0400: 90.707: [GC (Allocation Failure) [PSYoungGen: 129758K->32708K(173056K)] 622468K->525564K(697344K), 0.0055350 secs] [Times: user=0.06 sys=0.00, real=0.01 secs] 
2016-09-13T18:06:54.391-0400: 90.854: [GC (GCLocker Initiated GC) [PSYoungGen: 120188K->37143K(125440K)] 614563K->536399K(649728K), 0.0061819 secs] [Times: user=0.07 sys=0.00, real=0.01 secs] 
2016-09-13T18:06:54.508-0400: 90.971: [GC (Allocation Failure) [PSYoungGen: 125207K->49356K(172032K)] 624625K->552056K(696320K), 0.0078382 secs] [Times: user=0.10 sys=0.00, real=0.00 secs] 
2016-09-13T18:06:54.679-0400: 91.142: [GC (GCLocker Initiated GC) [PSYoungGen: 139980K->41598K(172544K)] 642683K->553573K(696832K), 0.0172790 secs] [Times: user=0.14 sys=0.00, real=0.02 secs] 
2016-09-13T18:06:54.696-0400: 91.159: [Full GC (Ergonomics) [PSYoungGen: 41598K->0K(172544K)] [ParOldGen: 511974K->37451K(524288K)] 553573K->37451K(696832K), [Metaspace: 44483K->44483K(1087488K)], 0.0476812 secs] [Times: user=0.31 sys=0.00, real=0.04 secs] 
2016-09-13T18:06:54.865-0400: 91.328: [GC (GCLocker Initiated GC) [PSYoungGen: 90624K->41948K(177152K)] 140264K->91589K(701440K), 0.0099660 secs] [Times: user=0.14 sys=0.00, real=0.01 secs] 
2016-09-13T18:06:55.048-0400: 91.512: [GC (Allocation Failure) [PSYoungGen: 142812K->41853K(177664K)] 192505K->119282K(701952K), 0.0097945 secs] [Times: user=0.14 sys=0.00, real=0.01 secs] 
2016-09-13T18:06:55.217-0400: 91.680: [GC (GCLocker Initiated GC) [PSYoungGen: 141335K->46415K(183808K)] 220283K->125694K(708096K), 0.0073436 secs] [Times: user=0.09 sys=0.00, real=0.00 secs] 
2016-09-13T18:06:55.379-0400: 91.842: [GC (GCLocker Initiated GC) [PSYoungGen: 155983K->46441K(183296K)] 235533K->126233K(707584K), 0.0066773 secs] [Times: user=0.08 sys=0.00, real=0.00 secs] 
2016-09-13T18:06:55.517-0400: 91.980: [GC (GCLocker Initiated GC) [PSYoungGen: 156009K->60205K(180736K)] 235910K->140414K(705024K), 0.0075391 secs] [Times: user=0.10 sys=0.00, real=0.00 secs] 
2016-09-13T18:06:55.699-0400: 92.162: [GC (GCLocker Initiated GC) [PSYoungGen: 167725K->43186K(184832K)] 254187K->135897K(709120K), 0.0128523 secs] [Times: user=0.13 sys=0.00, real=0.01 secs] 
2016-09-13T18:06:55.884-0400: 92.347: [GC (GCLocker Initiated GC) [PSYoungGen: 150706K->46255K(180736K)] 243650K->139377K(705024K), 0.0060911 secs] [Times: user=0.08 sys=0.00, real=0.01 secs] 
2016-09-13T18:06:56.069-0400: 92.532: [GC (GCLocker Initiated GC) [PSYoungGen: 156847K->52389K(183296K)] 251529K->147282K(707584K), 0.0095590 secs] [Times: user=0.11 sys=0.00, real=0.01 secs] 
2016-09-13T18:06:56.264-0400: 92.727: [GC (GCLocker Initiated GC) [PSYoungGen: 162981K->9916K(182784K)] 270252K->120288K(707072K), 0.0208157 secs] [Times: user=0.22 sys=0.00, real=0.02 secs] 
2016-09-13T18:06:56.460-0400: 92.923: [GC (GCLocker Initiated GC) [PSYoungGen: 119484K->20586K(185856K)] 242168K->143583K(710144K), 0.0039752 secs] [Times: user=0.04 sys=0.00, real=0.00 secs] 
2016-09-13T18:06:56.642-0400: 93.105: [GC (Allocation Failure) [PSYoungGen: 130154K->29538K(181248K)] 253329K->160387K(705536K), 0.0386836 secs] [Times: user=0.45 sys=0.00, real=0.04 secs] 
2016-09-13T18:06:56.841-0400: 93.304: [GC (GCLocker Initiated GC) [PSYoungGen: 139618K->32591K(183808K)] 270469K->163708K(708096K), 0.0100830 secs] [Times: user=0.15 sys=0.00, real=0.01 secs] 
2016-09-13T18:06:57.002-0400: 93.465: [GC (GCLocker Initiated GC) [PSYoungGen: 142671K->41789K(185856K)] 273892K->173140K(710144K), 0.0111287 secs] [Times: user=0.12 sys=0.00, real=0.01 secs] 
2016-09-13T18:06:57.177-0400: 93.641: [GC (Allocation Failure) [PSYoungGen: 159549K->23655K(186880K)] 292645K->157125K(711168K), 0.0063270 secs] [Times: user=0.07 sys=0.00, real=0.00 secs] 
2016-09-13T18:06:57.360-0400: 93.823: [GC (GCLocker Initiated GC) [PSYoungGen: 141415K->33913K(186368K)] 274891K->167525K(710656K), 0.0204409 secs] [Times: user=0.19 sys=0.00, real=0.02 secs] 
2016-09-13T18:06:57.557-0400: 94.020: [GC (Allocation Failure) [PSYoungGen: 158329K->32587K(189952K)] 292099K->166429K(714240K), 0.0053980 secs] [Times: user=0.04 sys=0.00, real=0.00 secs] 
2016-09-13T18:06:57.753-0400: 94.216: [GC (GCLocker Initiated GC) [PSYoungGen: 157003K->34067K(190464K)] 290847K->167984K(714752K), 0.0111073 secs] [Times: user=0.11 sys=0.00, real=0.01 secs] 
2016-09-13T18:06:58.005-0400: 94.468: [GC (GCLocker Initiated GC) [PSYoungGen: 167699K->23495K(194048K)] 307859K->163899K(718336K), 0.0097539 secs] [Times: user=0.08 sys=0.00, real=0.01 secs] 
2016-09-13T18:06:58.236-0400: 94.699: [GC (GCLocker Initiated GC) [PSYoungGen: 157127K->41698K(201216K)] 297692K->182540K(725504K), 0.0254780 secs] [Times: user=0.28 sys=0.00, real=0.03 secs] 
2016-09-13T18:06:58.457-0400: 94.920: [GC (GCLocker Initiated GC) [PSYoungGen: 183010K->55485K(197120K)] 323947K->196639K(721408K), 0.0073578 secs] [Times: user=0.06 sys=0.01, real=0.00 secs] 
2016-09-13T18:06:58.669-0400: 95.132: [GC (GCLocker Initiated GC) [PSYoungGen: 196797K->41761K(197632K)] 338222K->192501K(721920K), 0.0216185 secs] [Times: user=0.23 sys=0.00, real=0.02 secs] 
2016-09-13T18:06:58.875-0400: 95.338: [GC (GCLocker Initiated GC) [PSYoungGen: 174369K->49228K(182272K)] 325380K->200382K(706560K), 0.0143008 secs] [Times: user=0.13 sys=0.00, real=0.02 secs] 
2016-09-13T18:06:59.096-0400: 95.560: [GC (GCLocker Initiated GC) [PSYoungGen: 181836K->50556K(193024K)] 333250K->202018K(717312K), 0.0208363 secs] [Times: user=0.19 sys=0.00, real=0.02 secs] 
2016-09-13T18:06:59.302-0400: 95.765: [GC (Allocation Failure) [PSYoungGen: 177532K->46313K(194560K)] 330646K->199534K(718848K), 0.0096117 secs] [Times: user=0.09 sys=0.00, real=0.01 secs] 
2016-09-13T18:06:59.503-0400: 95.966: [GC (GCLocker Initiated GC) [PSYoungGen: 173289K->46367K(193536K)] 326510K->199746K(717824K), 0.0182963 secs] [Times: user=0.18 sys=0.01, real=0.02 secs] 
2016-09-13T18:06:59.714-0400: 96.177: [GC (GCLocker Initiated GC) [PSYoungGen: 173343K->60068K(187392K)] 326797K->213740K(711680K), 0.0100968 secs] [Times: user=0.10 sys=0.00, real=0.01 secs] 
2016-09-13T18:06:59.900-0400: 96.363: [GC (GCLocker Initiated GC) [PSYoungGen: 187044K->68876K(177152K)] 342257K->224262K(701440K), 0.0328278 secs] [Times: user=0.30 sys=0.01, real=0.03 secs] 
2016-09-13T18:07:00.098-0400: 96.561: [GC (GCLocker Initiated GC) [PSYoungGen: 174348K->26544K(183808K)] 343611K->211162K(708096K), 0.0116987 secs] [Times: user=0.15 sys=0.00, real=0.01 secs] 
2016-09-13T18:07:00.275-0400: 96.738: [GC (GCLocker Initiated GC) [PSYoungGen: 132016K->40084K(177664K)] 316659K->233962K(701952K), 0.0222773 secs] [Times: user=0.19 sys=0.00, real=0.03 secs] 
2016-09-13T18:07:00.457-0400: 96.921: [GC (GCLocker Initiated GC) [PSYoungGen: 145556K->44858K(180736K)] 339674K->240654K(705024K), 0.0220697 secs] [Times: user=0.24 sys=0.00, real=0.02 secs] 
2016-09-13T18:07:00.641-0400: 97.104: [GC (GCLocker Initiated GC) [PSYoungGen: 150330K->37201K(183296K)] 347670K->234809K(707584K), 0.0063599 secs] [Times: user=0.06 sys=0.00, real=0.00 secs] 
2016-09-13T18:07:00.823-0400: 97.286: [GC (GCLocker Initiated GC) [PSYoungGen: 151377K->47676K(185344K)] 350637K->250243K(709632K), 0.0145026 secs] [Times: user=0.13 sys=0.01, real=0.02 secs] 
2016-09-13T18:07:01.019-0400: 97.482: [GC (GCLocker Initiated GC) [PSYoungGen: 161852K->44858K(185856K)] 366209K->249456K(710144K), 0.0167866 secs] [Times: user=0.18 sys=0.00, real=0.02 secs] 
2016-09-13T18:07:01.219-0400: 97.682: [GC (GCLocker Initiated GC) [PSYoungGen: 165690K->46281K(188928K)] 370565K->251291K(713216K), 0.0095259 secs] [Times: user=0.10 sys=0.01, real=0.01 secs] 
2016-09-13T18:07:01.406-0400: 97.869: [GC (GCLocker Initiated GC) [PSYoungGen: 167113K->11163K(189440K)] 378444K->222609K(713728K), 0.0358547 secs] [Times: user=0.40 sys=0.01, real=0.04 secs] 
2016-09-13T18:07:01.621-0400: 98.084: [GC (GCLocker Initiated GC) [PSYoungGen: 134043K->52203K(175104K)] 345511K->273025K(699392K), 0.0148191 secs] [Times: user=0.15 sys=0.01, real=0.02 secs] 
2016-09-13T18:07:01.824-0400: 98.287: [GC (Allocation Failure) [PSYoungGen: 175083K->43339K(193024K)] 396114K->272134K(717312K), 0.0176252 secs] [Times: user=0.20 sys=0.00, real=0.02 secs] 
2016-09-13T18:07:02.018-0400: 98.481: [GC (GCLocker Initiated GC) [PSYoungGen: 164628K->41570K(163840K)] 394942K->272152K(688128K), 0.0189879 secs] [Times: user=0.19 sys=0.00, real=0.02 secs] 
2016-09-13T18:07:02.212-0400: 98.675: [GC (GCLocker Initiated GC) [PSYoungGen: 163426K->23473K(186880K)] 400106K->260291K(711168K), 0.0107293 secs] [Times: user=0.11 sys=0.00, real=0.01 secs] 
2016-09-13T18:07:02.421-0400: 98.885: [GC (GCLocker Initiated GC) [PSYoungGen: 144305K->43488K(187904K)] 381327K->283829K(712192K), 0.0172938 secs] [Times: user=0.16 sys=0.00, real=0.02 secs] 
2016-09-13T18:07:02.609-0400: 99.072: [GC (GCLocker Initiated GC) [PSYoungGen: 164320K->11442K(191488K)] 413938K->261505K(715776K), 0.0119164 secs] [Times: user=0.14 sys=0.00, real=0.01 secs] 
2016-09-13T18:07:02.808-0400: 99.271: [GC (GCLocker Initiated GC) [PSYoungGen: 137394K->32681K(194048K)] 389112K->290652K(718336K), 0.0091750 secs] [Times: user=0.09 sys=0.00, real=0.01 secs] 
2016-09-13T18:07:03.046-0400: 99.509: [GC (GCLocker Initiated GC) [PSYoungGen: 158633K->25083K(193024K)] 422946K->295641K(717312K), 0.0269551 secs] [Times: user=0.28 sys=0.00, real=0.03 secs] 
2016-09-13T18:07:03.249-0400: 99.712: [GC (GCLocker Initiated GC) [PSYoungGen: 153595K->44794K(193536K)] 425713K->317166K(717824K), 0.0114163 secs] [Times: user=0.09 sys=0.00, real=0.01 secs] 
2016-09-13T18:07:03.452-0400: 99.915: [GC (GCLocker Initiated GC) [PSYoungGen: 173306K->41912K(195584K)] 447266K->328270K(719872K), 0.0099466 secs] [Times: user=0.13 sys=0.00, real=0.01 secs] 
2016-09-13T18:07:03.661-0400: 100.124: [GC (GCLocker Initiated GC) [PSYoungGen: 173496K->50971K(182784K)] 459877K->337581K(707072K), 0.0168824 secs] [Times: user=0.20 sys=0.00, real=0.02 secs] 
2016-09-13T18:07:03.891-0400: 100.354: [GC (GCLocker Initiated GC) [PSYoungGen: 182555K->49384K(193024K)] 469383K->344028K(717312K), 0.0078782 secs] [Times: user=0.09 sys=0.00, real=0.01 secs] 
2016-09-13T18:07:04.081-0400: 100.544: [GC (GCLocker Initiated GC) [PSYoungGen: 175336K->41699K(167936K)] 470341K->344477K(692224K), 0.0099950 secs] [Times: user=0.11 sys=0.00, real=0.01 secs] 
2016-09-13T18:07:04.267-0400: 100.731: [GC (GCLocker Initiated GC) [PSYoungGen: 167651K->42994K(194560K)] 470547K->345930K(718848K), 0.0369920 secs] [Times: user=0.44 sys=0.00, real=0.04 secs] 
2016-09-13T18:07:04.505-0400: 100.969: [GC (GCLocker Initiated GC) [PSYoungGen: 171506K->47704K(193024K)] 474453K->350797K(717312K), 0.0199898 secs] [Times: user=0.18 sys=0.00, real=0.02 secs] 
2016-09-13T18:07:04.696-0400: 101.159: [GC (GCLocker Initiated GC) [PSYoungGen: 176216K->57044K(189952K)] 481031K->363588K(714240K), 0.0297270 secs] [Times: user=0.36 sys=0.00, real=0.02 secs] 
2016-09-13T18:07:04.899-0400: 101.362: [GC (GCLocker Initiated GC) [PSYoungGen: 181972K->67544K(192512K)] 490753K->376550K(716800K), 0.0102166 secs] [Times: user=0.11 sys=0.00, real=0.01 secs] 
2016-09-13T18:07:05.098-0400: 101.561: [GC (GCLocker Initiated GC) [PSYoungGen: 192472K->47955K(185344K)] 509174K->372516K(709632K), 0.0101004 secs] [Times: user=0.13 sys=0.00, real=0.01 secs] 
2016-09-13T18:07:05.309-0400: 101.773: [GC (Allocation Failure) [PSYoungGen: 163667K->6675K(122880K)] 496037K->345388K(647168K), 0.0035063 secs] [Times: user=0.02 sys=0.00, real=0.00 secs] 
2016-09-13T18:07:05.488-0400: 101.952: [GC (GCLocker Initiated GC) [PSYoungGen: 121401K->61378K(177664K)] 461633K->401761K(701952K), 0.0169332 secs] [Times: user=0.19 sys=0.00, real=0.01 secs] 
2016-09-13T18:07:05.656-0400: 102.120: [GC (GCLocker Initiated GC) [PSYoungGen: 161730K->50838K(181248K)] 502264K->391510K(705536K), 0.0342782 secs] [Times: user=0.31 sys=0.00, real=0.03 secs] 
2016-09-13T18:07:05.857-0400: 102.320: [GC (GCLocker Initiated GC) [PSYoungGen: 151190K->41666K(174080K)] 499696K->395029K(698368K), 0.0094932 secs] [Times: user=0.08 sys=0.00, real=0.00 secs] 
2016-09-13T18:07:06.014-0400: 102.477: [GC (GCLocker Initiated GC) [PSYoungGen: 143042K->47833K(178176K)] 496463K->401463K(702464K), 0.0070462 secs] [Times: user=0.06 sys=0.00, real=0.01 secs] 
2016-09-13T18:07:06.163-0400: 102.626: [GC (GCLocker Initiated GC) [PSYoungGen: 149209K->44832K(178176K)] 503047K->408044K(702464K), 0.0112394 secs] [Times: user=0.15 sys=0.00, real=0.01 secs] 
2016-09-13T18:07:06.341-0400: 102.804: [GC (GCLocker Initiated GC) [PSYoungGen: 155424K->23559K(182784K)] 524712K->393022K(707072K), 0.0078298 secs] [Times: user=0.06 sys=0.00, real=0.01 secs] 
2016-09-13T18:07:06.544-0400: 103.008: [GC (GCLocker Initiated GC) [PSYoungGen: 134151K->46288K(187392K)] 503683K->416136K(711680K), 0.0111010 secs] [Times: user=0.13 sys=0.01, real=0.02 secs] 
2016-09-13T18:07:06.743-0400: 103.206: [GC (GCLocker Initiated GC) [PSYoungGen: 163536K->30903K(188416K)] 539580K->407020K(712704K), 0.0327066 secs] [Times: user=0.31 sys=0.01, real=0.04 secs] 
2016-09-13T18:07:06.925-0400: 103.388: [GC (GCLocker Initiated GC) [PSYoungGen: 148151K->43312K(185344K)] 525822K->431844K(709632K), 0.0156438 secs] [Times: user=0.17 sys=0.00, real=0.02 secs] 
2016-09-13T18:07:07.110-0400: 103.574: [GC (GCLocker Initiated GC) [PSYoungGen: 163632K->29606K(188416K)] 553856K->420106K(712704K), 0.0100653 secs] [Times: user=0.08 sys=0.00, real=0.01 secs] 
2016-09-13T18:07:07.299-0400: 103.762: [GC (GCLocker Initiated GC) [PSYoungGen: 149926K->61310K(184320K)] 540544K->453824K(708608K), 0.0317678 secs] [Times: user=0.33 sys=0.00, real=0.03 secs] 
2016-09-13T18:07:07.497-0400: 103.960: [GC (GCLocker Initiated GC) [PSYoungGen: 178046K->61470K(178688K)] 570725K->454221K(702976K), 0.0207480 secs] [Times: user=0.24 sys=0.00, real=0.02 secs] 
2016-09-13T18:07:07.699-0400: 104.162: [GC (GCLocker Initiated GC) [PSYoungGen: 178206K->26569K(185344K)] 577313K->425896K(709632K), 0.0269611 secs] [Times: user=0.24 sys=0.00, real=0.02 secs] 
2016-09-13T18:07:07.899-0400: 104.362: [GC (GCLocker Initiated GC) [PSYoungGen: 135113K->46190K(155136K)] 536219K->447635K(679424K), 0.0194290 secs] [Times: user=0.17 sys=0.01, real=0.02 secs] 
2016-09-13T18:07:08.065-0400: 104.528: [GC (GCLocker Initiated GC) [PSYoungGen: 154734K->46186K(185344K)] 556450K->452578K(709632K), 0.0203435 secs] [Times: user=0.19 sys=0.00, real=0.02 secs] 
2016-09-13T18:07:08.260-0400: 104.723: [GC (GCLocker Initiated GC) [PSYoungGen: 156778K->39924K(183296K)] 563179K->446448K(707584K), 0.0100960 secs] [Times: user=0.09 sys=0.00, real=0.01 secs] 
2016-09-13T18:07:08.468-0400: 104.932: [GC (GCLocker Initiated GC) [PSYoungGen: 150516K->28029K(184832K)] 563237K->440904K(709120K), 0.0272752 secs] [Times: user=0.26 sys=0.01, real=0.03 secs] 
2016-09-13T18:07:08.651-0400: 105.114: [GC (GCLocker Initiated GC) [PSYoungGen: 142717K->68845K(184832K)] 555614K->481936K(709120K), 0.0137916 secs] [Times: user=0.15 sys=0.00, real=0.01 secs] 
2016-09-13T18:07:08.803-0400: 105.267: [GC (GCLocker Initiated GC) [PSYoungGen: 183533K->44826K(187904K)] 596805K->468899K(712192K), 0.0072315 secs] [Times: user=0.07 sys=0.00, real=0.01 secs] 
2016-09-13T18:07:09.016-0400: 105.479: [GC (Allocation Failure) [PSYoungGen: 155418K->11164K(184832K)] 585667K->441599K(709120K), 0.0063747 secs] [Times: user=0.05 sys=0.00, real=0.00 secs] 
2016-09-13T18:07:09.022-0400: 105.486: [GC (GCLocker Initiated GC) [PSYoungGen: 11279K->96K(178176K)] 441714K->449173K(702464K), 0.0102040 secs] [Times: user=0.16 sys=0.00, real=0.01 secs] 
2016-09-13T18:07:09.203-0400: 105.666: [GC (GCLocker Initiated GC) [PSYoungGen: 100491K->78394K(180224K)] 555644K->533555K(704512K), 0.0185693 secs] [Times: user=0.23 sys=0.00, real=0.02 secs] 
2016-09-13T18:07:09.346-0400: 105.810: [GC (GCLocker Initiated GC) [PSYoungGen: 179770K->61628K(169984K)] 635283K->555577K(694272K), 0.0150004 secs] [Times: user=0.17 sys=0.00, real=0.02 secs] 
2016-09-13T18:07:09.475-0400: 105.938: [GC (GCLocker Initiated GC) [PSYoungGen: 149692K->40237K(175104K)] 645349K->554475K(699392K), 0.0104674 secs] [Times: user=0.09 sys=0.00, real=0.01 secs] 
2016-09-13T18:07:09.486-0400: 105.949: [Full GC (Ergonomics) [PSYoungGen: 40237K->0K(175104K)] [ParOldGen: 514237K->38231K(524288K)] 554475K->38231K(699392K), [Metaspace: 44528K->44528K(1087488K)], 0.0690487 secs] [Times: user=0.37 sys=0.02, real=0.07 secs] 
2016-09-13T18:07:09.667-0400: 106.130: [GC (GCLocker Initiated GC) [PSYoungGen: 88064K->54061K(175104K)] 132393K->98390K(699392K), 0.0138194 secs] [Times: user=0.15 sys=0.00, real=0.02 secs] 
2016-09-13T18:07:09.805-0400: 106.268: [GC (GCLocker Initiated GC) [PSYoungGen: 142125K->43122K(131584K)] 186735K->116959K(655872K), 0.0094171 secs] [Times: user=0.11 sys=0.00, real=0.01 secs] 
2016-09-13T18:07:09.934-0400: 106.398: [GC (GCLocker Initiated GC) [PSYoungGen: 131186K->66061K(169984K)] 211540K->146530K(694272K), 0.0208313 secs] [Times: user=0.20 sys=0.00, real=0.02 secs] 
2016-09-13T18:07:10.060-0400: 106.524: [GC (GCLocker Initiated GC) [PSYoungGen: 151565K->43275K(172544K)] 233589K->161931K(696832K), 0.0157534 secs] [Times: user=0.18 sys=0.00, real=0.02 secs] 
2016-09-13T18:07:10.202-0400: 106.665: [GC (GCLocker Initiated GC) [PSYoungGen: 128779K->34254K(170496K)] 253540K->159233K(694784K), 0.0093163 secs] [Times: user=0.09 sys=0.00, real=0.01 secs] 
2016-09-13T18:07:10.348-0400: 106.812: [GC (GCLocker Initiated GC) [PSYoungGen: 124366K->24672K(173056K)] 249452K->151587K(697344K), 0.0091916 secs] [Times: user=0.10 sys=0.00, real=0.01 secs] 
2016-09-13T18:07:10.521-0400: 106.984: [GC (GCLocker Initiated GC) [PSYoungGen: 114784K->43120K(171520K)] 241959K->173542K(695808K), 0.0402558 secs] [Times: user=0.44 sys=0.00, real=0.04 secs] 
2016-09-13T18:07:10.699-0400: 107.163: [GC (GCLocker Initiated GC) [PSYoungGen: 139888K->24769K(175616K)] 282619K->167709K(699904K), 0.0056434 secs] [Times: user=0.04 sys=0.00, real=0.00 secs] 
2016-09-13T18:07:10.844-0400: 107.307: [GC (GCLocker Initiated GC) [PSYoungGen: 121537K->29634K(178688K)] 264505K->172865K(702976K), 0.0101723 secs] [Times: user=0.10 sys=0.00, real=0.01 secs] 
2016-09-13T18:07:10.988-0400: 107.452: [GC (GCLocker Initiated GC) [PSYoungGen: 134594K->26383K(181248K)] 279394K->177452K(705536K), 0.0076866 secs] [Times: user=0.04 sys=0.01, real=0.01 secs] 
2016-09-13T18:07:11.143-0400: 107.606: [GC (GCLocker Initiated GC) [PSYoungGen: 131343K->41753K(179712K)] 282498K->193134K(704000K), 0.0060786 secs] [Times: user=0.07 sys=0.00, real=0.01 secs] 
2016-09-13T18:07:11.356-0400: 107.819: [GC (GCLocker Initiated GC) [PSYoungGen: 152345K->5217K(183296K)] 316141K->169168K(707584K), 0.0253106 secs] [Times: user=0.31 sys=0.00, real=0.02 secs] 
2016-09-13T18:07:11.540-0400: 108.004: [GC (GCLocker Initiated GC) [PSYoungGen: 115809K->40429K(187392K)] 287516K->212307K(711680K), 0.0057533 secs] [Times: user=0.06 sys=0.00, real=0.00 secs] 
2016-09-13T18:07:11.730-0400: 108.193: [GC (GCLocker Initiated GC) [PSYoungGen: 154093K->10081K(186880K)] 332118K->195866K(711168K), 0.0110478 secs] [Times: user=0.13 sys=0.01, real=0.01 secs] 
2016-09-13T18:07:11.928-0400: 108.391: [GC (GCLocker Initiated GC) [PSYoungGen: 123745K->32517K(181248K)] 315628K->224813K(705536K), 0.0166855 secs] [Times: user=0.23 sys=0.00, real=0.01 secs] 
2016-09-13T18:07:12.126-0400: 108.589: [GC (GCLocker Initiated GC) [PSYoungGen: 147717K->60232K(184832K)] 341613K->264937K(709120K), 0.0083513 secs] [Times: user=0.12 sys=0.00, real=0.01 secs] 
2016-09-13T18:07:12.303-0400: 108.766: [GC (GCLocker Initiated GC) [PSYoungGen: 175432K->28030K(188416K)] 381812K->234666K(712704K), 0.0257607 secs] [Times: user=0.29 sys=0.00, real=0.03 secs] 
2016-09-13T18:07:12.487-0400: 108.950: [GC (GCLocker Initiated GC) [PSYoungGen: 140158K->60079K(172544K)] 346850K->266958K(696832K), 0.0074057 secs] [Times: user=0.11 sys=0.00, real=0.01 secs] 
2016-09-13T18:07:12.673-0400: 109.136: [GC (GCLocker Initiated GC) [PSYoungGen: 172207K->43276K(185344K)] 380627K->254805K(709632K), 0.0122348 secs] [Times: user=0.08 sys=0.00, real=0.01 secs] 
2016-09-13T18:07:12.864-0400: 109.327: [GC (GCLocker Initiated GC) [PSYoungGen: 149772K->5338K(183296K)] 373607K->235466K(707584K), 0.0095713 secs] [Times: user=0.11 sys=0.00, real=0.01 secs] 
2016-09-13T18:07:13.046-0400: 109.509: [GC (Allocation Failure) [PSYoungGen: 111834K->15939K(183808K)] 348059K->252291K(708096K), 0.0049061 secs] [Times: user=0.02 sys=0.00, real=0.01 secs] 
2016-09-13T18:07:13.211-0400: 109.674: [GC (GCLocker Initiated GC) [PSYoungGen: 121923K->23664K(130048K)] 358281K->273877K(654336K), 0.0108579 secs] [Times: user=0.13 sys=0.00, real=0.01 secs] 
2016-09-13T18:07:13.378-0400: 109.841: [GC (GCLocker Initiated GC) [PSYoungGen: 129648K->27961K(185344K)] 380042K->278572K(709632K), 0.0107807 secs] [Times: user=0.11 sys=0.00, real=0.01 secs] 
2016-09-13T18:07:13.564-0400: 110.028: [GC (GCLocker Initiated GC) [PSYoungGen: 138553K->9741K(181760K)] 396936K->268297K(706048K), 0.0111821 secs] [Times: user=0.12 sys=0.00, real=0.01 secs] 
2016-09-13T18:07:13.755-0400: 110.219: [GC (GCLocker Initiated GC) [PSYoungGen: 120333K->24827K(187392K)] 385082K->289836K(711680K), 0.0139742 secs] [Times: user=0.12 sys=0.01, real=0.02 secs] 
2016-09-13T18:07:13.963-0400: 110.427: [GC (Allocation Failure) [PSYoungGen: 144635K->4992K(187392K)] 415741K->276292K(711680K), 0.0098089 secs] [Times: user=0.08 sys=0.00, real=0.01 secs] 
2016-09-13T18:07:14.153-0400: 110.616: [GC (GCLocker Initiated GC) [PSYoungGen: 124800K->14297K(190976K)] 396100K->293424K(715264K), 0.0052871 secs] [Times: user=0.04 sys=0.00, real=0.01 secs] 
2016-09-13T18:07:14.340-0400: 110.804: [GC (Allocation Failure) [PSYoungGen: 140761K->23276K(192512K)] 421477K->304185K(716800K), 0.0157105 secs] [Times: user=0.19 sys=0.00, real=0.02 secs] 
2016-09-13T18:07:14.546-0400: 111.009: [GC (GCLocker Initiated GC) [PSYoungGen: 148382K->28025K(192000K)] 430810K->310628K(716288K), 0.0091959 secs] [Times: user=0.10 sys=0.00, real=0.01 secs] 
2016-09-13T18:07:14.792-0400: 111.256: [GC (GCLocker Initiated GC) [PSYoungGen: 161657K->29575K(193024K)] 447320K->315451K(717312K), 0.0125393 secs] [Times: user=0.14 sys=0.00, real=0.01 secs] 
2016-09-13T18:07:15.003-0400: 111.467: [GC (Allocation Failure) [PSYoungGen: 163207K->16161K(200192K)] 455398K->323773K(724480K), 0.0108343 secs] [Times: user=0.14 sys=0.00, real=0.01 secs] 
2016-09-13T18:07:15.246-0400: 111.709: [GC (GCLocker Initiated GC) [PSYoungGen: 161057K->31031K(201216K)] 474744K->344927K(725504K), 0.0275077 secs] [Times: user=0.29 sys=0.02, real=0.03 secs] 
2016-09-13T18:07:15.493-0400: 111.956: [GC (GCLocker Initiated GC) [PSYoungGen: 175927K->39994K(201728K)] 491443K->355598K(726016K), 0.0098932 secs] [Times: user=0.09 sys=0.00, real=0.01 secs] 
2016-09-13T18:07:15.715-0400: 112.179: [GC (GCLocker Initiated GC) [PSYoungGen: 186426K->46441K(193024K)] 502055K->363736K(717312K), 0.0236262 secs] [Times: user=0.25 sys=0.01, real=0.03 secs] 
2016-09-13T18:07:15.969-0400: 112.433: [GC (GCLocker Initiated GC) [PSYoungGen: 192873K->44671K(195072K)] 510411K->363979K(719360K), 0.0216460 secs] [Times: user=0.19 sys=0.01, real=0.02 secs] 
2016-09-13T18:07:16.212-0400: 112.675: [GC (GCLocker Initiated GC) [PSYoungGen: 177791K->23341K(197632K)] 503196K->349053K(721920K), 0.0218414 secs] [Times: user=0.25 sys=0.00, real=0.02 secs] 
2016-09-13T18:07:16.435-0400: 112.898: [GC (GCLocker Initiated GC) [PSYoungGen: 156461K->28020K(190976K)] 483718K->356883K(715264K), 0.0071898 secs] [Times: user=0.05 sys=0.01, real=0.01 secs] 
2016-09-13T18:07:16.633-0400: 113.096: [GC (GCLocker Initiated GC) [PSYoungGen: 163188K->32619K(194560K)] 492073K->376878K(718848K), 0.0069979 secs] [Times: user=0.08 sys=0.00, real=0.01 secs] 
2016-09-13T18:07:16.857-0400: 113.321: [GC (GCLocker Initiated GC) [PSYoungGen: 167787K->26628K(197120K)] 518317K->387944K(721408K), 0.0219844 secs] [Times: user=0.32 sys=0.00, real=0.02 secs] 
2016-09-13T18:07:17.107-0400: 113.570: [GC (GCLocker Initiated GC) [PSYoungGen: 172036K->31257K(200704K)] 547260K->406726K(724992K), 0.0081289 secs] [Times: user=0.07 sys=0.00, real=0.01 secs] 
2016-09-13T18:07:17.325-0400: 113.789: [GC (GCLocker Initiated GC) [PSYoungGen: 176665K->41753K(204800K)] 552428K->417595K(729088K), 0.0075281 secs] [Times: user=0.08 sys=0.01, real=0.01 secs] 
2016-09-13T18:07:17.611-0400: 114.075: [GC (Allocation Failure) [PSYoungGen: 193305K->23282K(206848K)] 575223K->405382K(731136K), 0.0067898 secs] [Times: user=0.05 sys=0.00, real=0.01 secs] 
2016-09-13T18:07:17.855-0400: 114.318: [GC (GCLocker Initiated GC) [PSYoungGen: 169105K->44634K(201728K)] 557280K->432857K(726016K), 0.0317692 secs] [Times: user=0.26 sys=0.00, real=0.03 secs] 
2016-09-13T18:07:18.087-0400: 114.550: [GC (GCLocker Initiated GC) [PSYoungGen: 192090K->43085K(190976K)] 586402K->437597K(715264K), 0.0174876 secs] [Times: user=0.14 sys=0.01, real=0.02 secs] 
2016-09-13T18:07:18.328-0400: 114.792: [GC (Allocation Failure) [PSYoungGen: 190541K->5174K(199168K)] 591377K->406108K(723456K), 0.0154318 secs] [Times: user=0.16 sys=0.01, real=0.01 secs] 
2016-09-13T18:07:18.548-0400: 115.011: [GC (GCLocker Initiated GC) [PSYoungGen: 145462K->31056K(171520K)] 546402K->432206K(695808K), 0.0228772 secs] [Times: user=0.23 sys=0.00, real=0.02 secs] 
2016-09-13T18:07:18.784-0400: 115.248: [GC (GCLocker Initiated GC) [PSYoungGen: 171344K->15778K(201216K)] 572520K->417104K(725504K), 0.0039617 secs] [Times: user=0.02 sys=0.00, real=0.01 secs] 
2016-09-13T18:07:19.031-0400: 115.495: [GC (Allocation Failure) [PSYoungGen: 158626K->27987K(200704K)] 560231K->435877K(724992K), 0.0125626 secs] [Times: user=0.12 sys=0.00, real=0.01 secs] 
2016-09-13T18:07:19.247-0400: 115.710: [GC (GCLocker Initiated GC) [PSYoungGen: 170805K->50875K(195584K)] 578759K->459163K(719872K), 0.0139285 secs] [Times: user=0.14 sys=0.01, real=0.02 secs] 
2016-09-13T18:07:19.482-0400: 115.945: [GC (GCLocker Initiated GC) [PSYoungGen: 191163K->46503K(186880K)] 601064K->456588K(711168K), 0.0236089 secs] [Times: user=0.22 sys=0.01, real=0.02 secs] 
2016-09-13T18:07:19.699-0400: 116.162: [GC (GCLocker Initiated GC) [PSYoungGen: 186791K->60014K(184320K)] 597240K->470755K(708608K), 0.0110963 secs] [Times: user=0.12 sys=0.00, real=0.01 secs] 
2016-09-13T18:07:19.899-0400: 116.363: [GC (GCLocker Initiated GC) [PSYoungGen: 180846K->59882K(180736K)] 593461K->472623K(705024K), 0.0300932 secs] [Times: user=0.32 sys=0.00, real=0.03 secs] 
2016-09-13T18:07:20.104-0400: 116.567: [GC (GCLocker Initiated GC) [PSYoungGen: 180714K->34041K(188928K)] 595055K->448521K(713216K), 0.0066897 secs] [Times: user=0.06 sys=0.00, real=0.01 secs] 
2016-09-13T18:07:20.284-0400: 116.747: [GC (GCLocker Initiated GC) [PSYoungGen: 146681K->35490K(148480K)] 562872K->456352K(672768K), 0.0237565 secs] [Times: user=0.20 sys=0.00, real=0.02 secs] 
2016-09-13T18:07:20.464-0400: 116.928: [GC (GCLocker Initiated GC) [PSYoungGen: 148130K->46153K(182784K)] 569243K->467389K(707072K), 0.0163943 secs] [Times: user=0.17 sys=0.00, real=0.02 secs] 
2016-09-13T18:07:20.655-0400: 117.118: [GC (GCLocker Initiated GC) [PSYoungGen: 158793K->23563K(182784K)] 587844K->452882K(707072K), 0.0101490 secs] [Times: user=0.11 sys=0.00, real=0.01 secs] 
2016-09-13T18:07:20.854-0400: 117.317: [GC (GCLocker Initiated GC) [PSYoungGen: 136203K->9890K(189440K)] 577682K->451586K(713728K), 0.0200465 secs] [Times: user=0.20 sys=0.00, real=0.02 secs] 
2016-09-13T18:07:21.080-0400: 117.543: [GC (Allocation Failure) [PSYoungGen: 130210K->43085K(190976K)] 572113K->485290K(715264K), 0.0231871 secs] [Times: user=0.23 sys=0.00, real=0.02 secs] 
2016-09-13T18:07:21.286-0400: 117.750: [GC (GCLocker Initiated GC) [PSYoungGen: 162632K->14451K(190976K)] 610913K->462960K(715264K), 0.0229499 secs] [Times: user=0.23 sys=0.00, real=0.03 secs] 
2016-09-13T18:07:21.469-0400: 117.932: [GC (GCLocker Initiated GC) [PSYoungGen: 135795K->47831K(169472K)] 586001K->498326K(693760K), 0.0303495 secs] [Times: user=0.32 sys=0.00, real=0.03 secs] 
2016-09-13T18:07:21.669-0400: 118.132: [GC (GCLocker Initiated GC) [PSYoungGen: 169175K->41566K(190976K)] 621479K->494005K(715264K), 0.0340001 secs] [Times: user=0.35 sys=0.00, real=0.03 secs] 
2016-09-13T18:07:21.865-0400: 118.328: [GC (GCLocker Initiated GC) [PSYoungGen: 160350K->31157K(150016K)] 620601K->491629K(674304K), 0.0096376 secs] [Times: user=0.08 sys=0.01, real=0.01 secs] 
2016-09-13T18:07:22.068-0400: 118.532: [GC (GCLocker Initiated GC) [PSYoungGen: 149941K->26473K(188928K)] 616810K->501158K(713216K), 0.0239350 secs] [Times: user=0.27 sys=0.01, real=0.02 secs] 
2016-09-13T18:07:22.260-0400: 118.723: [GC (GCLocker Initiated GC) [PSYoungGen: 147305K->47832K(186880K)] 622046K->522724K(711168K), 0.0099565 secs] [Times: user=0.10 sys=0.00, real=0.01 secs] 
2016-09-13T18:07:22.454-0400: 118.917: [GC (GCLocker Initiated GC) [PSYoungGen: 168664K->28094K(194048K)] 649636K->513757K(718336K), 0.0115131 secs] [Times: user=0.10 sys=0.00, real=0.01 secs] 
2016-09-13T18:07:22.671-0400: 119.135: [GC (GCLocker Initiated GC) [PSYoungGen: 156094K->41603K(194048K)] 641956K->527756K(718336K), 0.0104458 secs] [Times: user=0.10 sys=0.00, real=0.01 secs] 
2016-09-13T18:07:22.874-0400: 119.337: [GC (GCLocker Initiated GC) [PSYoungGen: 169603K->47832K(193536K)] 657301K->535676K(717824K), 0.0141658 secs] [Times: user=0.14 sys=0.00, real=0.02 secs] 
2016-09-13T18:07:23.071-0400: 119.534: [GC (Allocation Failure) [PSYoungGen: 175832K->47901K(176128K)] 663900K->546759K(700416K), 0.0256343 secs] [Times: user=0.34 sys=0.00, real=0.03 secs] 
2016-09-13T18:07:23.298-0400: 119.761: [GC (GCLocker Initiated GC) [PSYoungGen: 175901K->43186K(194560K)] 676278K->551398K(718848K), 0.0158969 secs] [Times: user=0.18 sys=0.00, real=0.01 secs] 
2016-09-13T18:07:23.500-0400: 119.964: [Full GC (Ergonomics) [PSYoungGen: 169138K->0K(194560K)] [ParOldGen: 520395K->45009K(524288K)] 689533K->45009K(718848K), [Metaspace: 44546K->44546K(1087488K)], 0.0505573 secs] [Times: user=0.20 sys=0.01, real=0.05 secs] 
2016-09-13T18:07:23.730-0400: 120.194: [GC (GCLocker Initiated GC) [PSYoungGen: 125952K->23958K(150016K)] 177237K->75243K(674304K), 0.0247718 secs] [Times: user=0.33 sys=0.00, real=0.02 secs] 
2016-09-13T18:07:23.924-0400: 120.387: [GC (GCLocker Initiated GC) [PSYoungGen: 149910K->41630K(194560K)] 201203K->99467K(718848K), 0.0123519 secs] [Times: user=0.08 sys=0.01, real=0.02 secs] 
2016-09-13T18:07:24.132-0400: 120.595: [GC (GCLocker Initiated GC) [PSYoungGen: 169118K->37269K(164864K)] 227251K->95757K(689152K), 0.0220197 secs] [Times: user=0.32 sys=0.00, real=0.02 secs] 
2016-09-13T18:07:24.354-0400: 120.818: [GC (GCLocker Initiated GC) [PSYoungGen: 164757K->12715K(190976K)] 223273K->77531K(715264K), 0.0098622 secs] [Times: user=0.09 sys=0.00, real=0.01 secs] 
2016-09-13T18:07:24.557-0400: 121.021: [GC (Allocation Failure) [PSYoungGen: 140715K->23463K(192512K)] 205634K->89988K(716800K), 0.0187337 secs] [Times: user=0.12 sys=0.00, real=0.02 secs] 
2016-09-13T18:07:24.771-0400: 121.234: [GC (GCLocker Initiated GC) [PSYoungGen: 150572K->14487K(197632K)] 218616K->82831K(721920K), 0.0031109 secs] [Times: user=0.02 sys=0.00, real=0.00 secs] 
2016-09-13T18:07:24.981-0400: 121.444: [GC (Allocation Failure) [PSYoungGen: 148631K->24988K(159232K)] 217038K->93518K(683520K), 0.0078469 secs] [Times: user=0.05 sys=0.01, real=0.01 secs] 
2016-09-13T18:07:25.186-0400: 121.650: [GC (GCLocker Initiated GC) [PSYoungGen: 159132K->29575K(199680K)] 227665K->98262K(723968K), 0.0209738 secs] [Times: user=0.22 sys=0.00, real=0.02 secs] 
2016-09-13T18:07:25.410-0400: 121.874: [GC (GCLocker Initiated GC) [PSYoungGen: 167303K->29451K(196608K)] 237554K->99880K(720896K), 0.0118245 secs] [Times: user=0.10 sys=0.00, real=0.01 secs] 
2016-09-13T18:07:25.658-0400: 122.121: [GC (GCLocker Initiated GC) [PSYoungGen: 167179K->14356K(197120K)] 251299K->101664K(721408K), 0.0106365 secs] [Times: user=0.10 sys=0.01, real=0.01 secs] 
2016-09-13T18:07:25.886-0400: 122.349: [GC (GCLocker Initiated GC) [PSYoungGen: 155156K->40207K(197632K)] 242645K->138466K(721920K), 0.0322583 secs] [Times: user=0.34 sys=0.00, real=0.04 secs] 
2016-09-13T18:07:26.106-0400: 122.569: [GC (GCLocker Initiated GC) [PSYoungGen: 181007K->41731K(201216K)] 281056K->141844K(725504K), 0.0102865 secs] [Times: user=0.10 sys=0.00, real=0.02 secs] 
2016-09-13T18:07:26.321-0400: 122.784: [GC (Allocation Failure) [PSYoungGen: 185091K->38628K(202752K)] 285258K->138925K(727040K), 0.0343250 secs] [Times: user=0.33 sys=0.00, real=0.03 secs] 
2016-09-13T18:07:26.582-0400: 123.045: [GC (GCLocker Initiated GC) [PSYoungGen: 177524K->9895K(200704K)] 283896K->121199K(724992K), 0.0030589 secs] [Times: user=0.02 sys=0.00, real=0.00 secs] 
2016-09-13T18:07:26.813-0400: 123.277: [GC (Allocation Failure) [PSYoungGen: 151207K->5242K(146944K)] 270275K->124578K(671232K), 0.0088026 secs] [Times: user=0.08 sys=0.00, real=0.01 secs] 
2016-09-13T18:07:27.054-0400: 123.517: [GC (GCLocker Initiated GC) [PSYoungGen: 146554K->59924K(183296K)] 265895K->179507K(707584K), 0.0080905 secs] [Times: user=0.08 sys=0.00, real=0.01 secs] 
2016-09-13T18:07:27.254-0400: 123.717: [GC (GCLocker Initiated GC) [PSYoungGen: 181780K->16002K(192000K)] 313578K->147961K(716288K), 0.0232926 secs] [Times: user=0.27 sys=0.00, real=0.03 secs] 
2016-09-13T18:07:27.470-0400: 123.934: [GC (GCLocker Initiated GC) [PSYoungGen: 137858K->41694K(192000K)] 271514K->181702K(716288K), 0.0269994 secs] [Times: user=0.29 sys=0.00, real=0.03 secs] 
2016-09-13T18:07:27.661-0400: 124.124: [GC (GCLocker Initiated GC) [PSYoungGen: 164574K->46281K(169472K)] 304607K->186461K(693760K), 0.0098623 secs] [Times: user=0.11 sys=0.00, real=0.01 secs] 
2016-09-13T18:07:27.865-0400: 124.328: [GC (GCLocker Initiated GC) [PSYoungGen: 169161K->50998K(184320K)] 309396K->200646K(708608K), 0.0186283 secs] [Times: user=0.24 sys=0.00, real=0.02 secs] 
2016-09-13T18:07:28.055-0400: 124.519: [GC (GCLocker Initiated GC) [PSYoungGen: 163638K->15970K(187392K)] 325491K->185609K(711680K), 0.0039952 secs] [Times: user=0.04 sys=0.00, real=0.01 secs] 
2016-09-13T18:07:28.245-0400: 124.708: [GC (GCLocker Initiated GC) [PSYoungGen: 128610K->26319K(180224K)] 298430K->202399K(704512K), 0.0426890 secs] [Times: user=0.39 sys=0.00, real=0.05 secs] 
2016-09-13T18:07:28.454-0400: 124.917: [GC (GCLocker Initiated GC) [PSYoungGen: 139983K->46345K(184320K)] 319280K->225781K(708608K), 0.0099071 secs] [Times: user=0.10 sys=0.00, real=0.01 secs] 
2016-09-13T18:07:28.642-0400: 125.105: [GC (GCLocker Initiated GC) [PSYoungGen: 160009K->28148K(186880K)] 339620K->207847K(711168K), 0.0108911 secs] [Times: user=0.11 sys=0.01, real=0.01 secs] 
2016-09-13T18:07:28.814-0400: 125.278: [GC (Allocation Failure) [PSYoungGen: 147444K->31099K(188416K)] 327282K->211283K(712704K), 0.0075452 secs] [Times: user=0.07 sys=0.00, real=0.01 secs] 
2016-09-13T18:07:29.000-0400: 125.464: [GC (GCLocker Initiated GC) [PSYoungGen: 150078K->14573K(190976K)] 331781K->204053K(715264K), 0.0049501 secs] [Times: user=0.04 sys=0.00, real=0.00 secs] 
2016-09-13T18:07:29.203-0400: 125.666: [GC (GCLocker Initiated GC) [PSYoungGen: 140013K->44730K(190976K)] 329710K->234695K(715264K), 0.0145304 secs] [Times: user=0.11 sys=0.01, real=0.02 secs] 
2016-09-13T18:07:29.443-0400: 125.907: [GC (GCLocker Initiated GC) [PSYoungGen: 170170K->23499K(194048K)] 366414K->219936K(718336K), 0.0216331 secs] [Times: user=0.21 sys=0.01, real=0.02 secs] 
2016-09-13T18:07:29.647-0400: 126.110: [GC (GCLocker Initiated GC) [PSYoungGen: 153035K->5307K(194560K)] 363216K->215768K(718848K), 0.0290243 secs] [Times: user=0.35 sys=0.01, real=0.04 secs] 
2016-09-13T18:07:29.863-0400: 126.326: [GC (GCLocker Initiated GC) [PSYoungGen: 134843K->48045K(188928K)] 345491K->258963K(713216K), 0.0223264 secs] [Times: user=0.24 sys=0.01, real=0.02 secs] 
2016-09-13T18:07:30.090-0400: 126.553: [GC (GCLocker Initiated GC) [PSYoungGen: 170925K->11318K(192512K)] 394020K->239163K(716800K), 0.0143419 secs] [Times: user=0.14 sys=0.00, real=0.01 secs] 
2016-09-13T18:07:30.299-0400: 126.762: [GC (GCLocker Initiated GC) [PSYoungGen: 134198K->24955K(184832K)] 375898K->275985K(709120K), 0.0212257 secs] [Times: user=0.21 sys=0.01, real=0.02 secs] 
2016-09-13T18:07:30.486-0400: 126.949: [GC (GCLocker Initiated GC) [PSYoungGen: 148347K->47895K(188928K)] 399391K->299107K(713216K), 0.0103920 secs] [Times: user=0.08 sys=0.01, real=0.02 secs] 
2016-09-13T18:07:30.706-0400: 127.169: [GC (GCLocker Initiated GC) [PSYoungGen: 171287K->35464K(194560K)] 428747K->293118K(718848K), 0.0068373 secs] [Times: user=0.06 sys=0.00, real=0.01 secs] 
2016-09-13T18:07:30.897-0400: 127.361: [GC (GCLocker Initiated GC) [PSYoungGen: 161416K->58335K(184320K)] 419139K->317708K(708608K), 0.0112438 secs] [Times: user=0.09 sys=0.01, real=0.01 secs] 
2016-09-13T18:07:31.098-0400: 127.561: [GC (GCLocker Initiated GC) [PSYoungGen: 184287K->47705K(185344K)] 449874K->318092K(709632K), 0.0284177 secs] [Times: user=0.31 sys=0.00, real=0.02 secs] 
2016-09-13T18:07:31.288-0400: 127.751: [GC (Allocation Failure) [PSYoungGen: 159321K->44826K(186880K)] 436021K->332401K(711168K), 0.0148858 secs] [Times: user=0.16 sys=0.00, real=0.01 secs] 
2016-09-13T18:07:31.303-0400: 127.767: [GC (GCLocker Initiated GC) [PSYoungGen: 44840K->64K(183296K)] 332416K->333717K(707584K), 0.0112126 secs] [Times: user=0.13 sys=0.00, real=0.01 secs] 
2016-09-13T18:07:31.480-0400: 127.944: [GC (GCLocker Initiated GC) [PSYoungGen: 108219K->49372K(158208K)] 443391K->384544K(682496K), 0.0247737 secs] [Times: user=0.24 sys=0.00, real=0.02 secs] 
2016-09-13T18:07:31.663-0400: 128.127: [GC (Allocation Failure) [PSYoungGen: 157916K->43521K(184320K)] 493285K->393005K(708608K), 0.0132419 secs] [Times: user=0.15 sys=0.00, real=0.02 secs] 
2016-09-13T18:07:31.847-0400: 128.311: [GC (GCLocker Initiated GC) [PSYoungGen: 148993K->41571K(147456K)] 499996K->392800K(671744K), 0.0069915 secs] [Times: user=0.06 sys=0.00, real=0.01 secs] 
2016-09-13T18:07:32.037-0400: 128.501: [GC (GCLocker Initiated GC) [PSYoungGen: 147043K->44885K(182784K)] 500004K->398032K(707072K), 0.0156522 secs] [Times: user=0.19 sys=0.00, real=0.01 secs] 
2016-09-13T18:07:32.198-0400: 128.661: [GC (Allocation Failure) [PSYoungGen: 151381K->32682K(181760K)] 504779K->386381K(706048K), 0.0105306 secs] [Times: user=0.13 sys=0.00, real=0.01 secs] 
2016-09-13T18:07:32.338-0400: 128.801: [GC (GCLocker Initiated GC) [PSYoungGen: 134453K->28029K(184832K)] 494227K->388036K(709120K), 0.0088333 secs] [Times: user=0.11 sys=0.00, real=0.00 secs] 
2016-09-13T18:07:32.523-0400: 128.986: [GC (GCLocker Initiated GC) [PSYoungGen: 140669K->67512K(182784K)] 500724K->427734K(707072K), 0.0239979 secs] [Times: user=0.23 sys=0.00, real=0.02 secs] 
2016-09-13T18:07:32.699-0400: 129.162: [GC (GCLocker Initiated GC) [PSYoungGen: 180152K->61660K(174592K)] 540597K->435961K(698880K), 0.0204782 secs] [Times: user=0.20 sys=0.00, real=0.02 secs] 
2016-09-13T18:07:32.870-0400: 129.333: [GC (GCLocker Initiated GC) [PSYoungGen: 157916K->41725K(179200K)] 533968K->417986K(703488K), 0.0060238 secs] [Times: user=0.06 sys=0.00, real=0.01 secs] 
2016-09-13T18:07:33.020-0400: 129.483: [GC (Allocation Failure) [PSYoungGen: 137981K->29699K(174080K)] 514250K->406189K(698368K), 0.0062848 secs] [Times: user=0.05 sys=0.00, real=0.00 secs] 
2016-09-13T18:07:33.026-0400: 129.490: [GC (GCLocker Initiated GC) [PSYoungGen: 29877K->128K(177152K)] 406367K->405867K(701440K), 0.0073172 secs] [Times: user=0.07 sys=0.00, real=0.01 secs] 
2016-09-13T18:07:33.201-0400: 129.665: [GC (GCLocker Initiated GC) [PSYoungGen: 94233K->64384K(169472K)] 506048K->476215K(693760K), 0.0196272 secs] [Times: user=0.20 sys=0.00, real=0.02 secs] 
2016-09-13T18:07:33.379-0400: 129.842: [GC (Allocation Failure) [PSYoungGen: 153472K->2019K(91136K)] 571633K->453940K(615424K), 0.0196287 secs] [Times: user=0.20 sys=0.00, real=0.02 secs] 
2016-09-13T18:07:33.503-0400: 129.966: [GC (GCLocker Initiated GC) [PSYoungGen: 89623K->44422K(176128K)] 543063K->498072K(700416K), 0.0065067 secs] [Times: user=0.05 sys=0.00, real=0.01 secs] 
2016-09-13T18:07:33.643-0400: 130.106: [GC (GCLocker Initiated GC) [PSYoungGen: 133510K->29537K(118784K)] 587341K->483439K(643072K), 0.0305102 secs] [Times: user=0.31 sys=0.00, real=0.03 secs] 
2016-09-13T18:07:33.812-0400: 130.275: [GC (GCLocker Initiated GC) [PSYoungGen: 118625K->46064K(172544K)] 572695K->500590K(696832K), 0.0120514 secs] [Times: user=0.12 sys=0.00, real=0.01 secs] 
2016-09-13T18:07:33.967-0400: 130.430: [GC (Allocation Failure) [PSYoungGen: 136176K->41693K(171520K)] 590996K->501181K(695808K), 0.0100003 secs] [Times: user=0.10 sys=0.01, real=0.02 secs] 
2016-09-13T18:07:34.086-0400: 130.549: [GC (GCLocker Initiated GC) [PSYoungGen: 131805K->47831K(177152K)] 591296K->525805K(701440K), 0.0417039 secs] [Times: user=0.48 sys=0.00, real=0.05 secs] 
2016-09-13T18:07:34.254-0400: 130.717: [Full GC (Ergonomics) [PSYoungGen: 146135K->0K(177152K)] [ParOldGen: 493202K->40578K(524288K)] 639337K->40578K(701440K), [Metaspace: 44558K->44558K(1087488K)], 0.0566120 secs] [Times: user=0.30 sys=0.01, real=0.06 secs] 
2016-09-13T18:07:34.441-0400: 130.904: [GC (GCLocker Initiated GC) [PSYoungGen: 98304K->69066K(167424K)] 138944K->109706K(691712K), 0.0250145 secs] [Times: user=0.27 sys=0.00, real=0.02 secs] 
2016-09-13T18:07:34.592-0400: 131.055: [GC (GCLocker Initiated GC) [PSYoungGen: 167370K->26511K(177664K)] 208136K->99680K(701952K), 0.0095689 secs] [Times: user=0.10 sys=0.00, real=0.01 secs] 
2016-09-13T18:07:34.709-0400: 131.173: [GC (GCLocker Initiated GC) [PSYoungGen: 117647K->44608K(136192K)] 192362K->119454K(660480K), 0.0066928 secs] [Times: user=0.03 sys=0.00, real=0.01 secs] 
2016-09-13T18:07:34.862-0400: 131.325: [GC (GCLocker Initiated GC) [PSYoungGen: 135744K->47640K(174592K)] 210721K->127382K(698880K), 0.0215970 secs] [Times: user=0.21 sys=0.00, real=0.02 secs] 
2016-09-13T18:07:35.049-0400: 131.512: [GC (GCLocker Initiated GC) [PSYoungGen: 140312K->41506K(173056K)] 221708K->126059K(697344K), 0.0142485 secs] [Times: user=0.14 sys=0.00, real=0.01 secs] 
2016-09-13T18:07:35.196-0400: 131.659: [GC (GCLocker Initiated GC) [PSYoungGen: 134178K->12870K(175616K)] 224923K->103769K(699904K), 0.0217582 secs] [Times: user=0.23 sys=0.00, real=0.02 secs] 
2016-09-13T18:07:35.369-0400: 131.833: [GC (Allocation Failure) [PSYoungGen: 111686K->5083K(176640K)] 214816K->108367K(700928K), 0.0110410 secs] [Times: user=0.09 sys=0.00, real=0.01 secs] 
2016-09-13T18:07:35.510-0400: 131.974: [GC (GCLocker Initiated GC) [PSYoungGen: 103899K->47678K(181760K)] 207184K->151223K(706048K), 0.0277039 secs] [Times: user=0.36 sys=0.00, real=0.03 secs] 
2016-09-13T18:07:35.683-0400: 132.147: [GC (GCLocker Initiated GC) [PSYoungGen: 150078K->41794K(144384K)] 253861K->145705K(668672K), 0.0099331 secs] [Times: user=0.13 sys=0.00, real=0.01 secs] 
2016-09-13T18:07:35.855-0400: 132.318: [GC (GCLocker Initiated GC) [PSYoungGen: 144194K->29638K(183808K)] 248112K->133758K(708096K), 0.0133642 secs] [Times: user=0.15 sys=0.00, real=0.02 secs] 
2016-09-13T18:07:36.031-0400: 132.494: [GC (GCLocker Initiated GC) [PSYoungGen: 135622K->26447K(180736K)] 241316K->132416K(705024K), 0.0179493 secs] [Times: user=0.18 sys=0.00, real=0.02 secs] 
2016-09-13T18:07:36.186-0400: 132.650: [GC (GCLocker Initiated GC) [PSYoungGen: 132431K->32650K(183808K)] 238579K->154337K(708096K), 0.0066838 secs] [Times: user=0.08 sys=0.00, real=0.01 secs] 
2016-09-13T18:07:36.362-0400: 132.825: [GC (Allocation Failure) [PSYoungGen: 145802K->43149K(182272K)] 267620K->165102K(706560K), 0.0152328 secs] [Times: user=0.14 sys=0.00, real=0.02 secs] 
2016-09-13T18:07:36.541-0400: 133.004: [GC (GCLocker Initiated GC) [PSYoungGen: 154927K->28029K(190464K)] 278400K->151714K(714752K), 0.0246040 secs] [Times: user=0.30 sys=0.00, real=0.02 secs] 
2016-09-13T18:07:36.773-0400: 133.236: [GC (GCLocker Initiated GC) [PSYoungGen: 151933K->28210K(190976K)] 277295K->153782K(715264K), 0.0214150 secs] [Times: user=0.33 sys=0.00, real=0.02 secs] 
2016-09-13T18:07:36.941-0400: 133.404: [GC (GCLocker Initiated GC) [PSYoungGen: 152114K->43174K(193536K)] 277729K->168991K(717824K), 0.0320698 secs] [Times: user=0.34 sys=0.00, real=0.03 secs] 
2016-09-13T18:07:37.145-0400: 133.608: [GC (Allocation Failure) [PSYoungGen: 171686K->9831K(193536K)] 306634K->145129K(717824K), 0.0033830 secs] [Times: user=0.02 sys=0.01, real=0.01 secs] 
2016-09-13T18:07:37.367-0400: 133.830: [GC (Allocation Failure) [PSYoungGen: 138343K->28116K(193536K)] 273641K->165224K(717824K), 0.0124963 secs] [Times: user=0.11 sys=0.00, real=0.02 secs] 
2016-09-13T18:07:37.602-0400: 134.065: [GC (GCLocker Initiated GC) [PSYoungGen: 156652K->28179K(194560K)] 299836K->171541K(718848K), 0.0067892 secs] [Times: user=0.09 sys=0.00, real=0.01 secs] 
2016-09-13T18:07:37.817-0400: 134.280: [GC (GCLocker Initiated GC) [PSYoungGen: 158739K->30903K(193536K)] 302240K->174621K(717824K), 0.0283583 secs] [Times: user=0.26 sys=0.00, real=0.02 secs] 
2016-09-13T18:07:38.058-0400: 134.522: [GC (GCLocker Initiated GC) [PSYoungGen: 167607K->41660K(195072K)] 317403K->196152K(719360K), 0.0068678 secs] [Times: user=0.03 sys=0.00, real=0.00 secs] 
2016-09-13T18:07:38.258-0400: 134.721: [GC (GCLocker Initiated GC) [PSYoungGen: 178364K->43585K(199680K)] 334553K->200145K(723968K), 0.0180985 secs] [Times: user=0.24 sys=0.01, real=0.02 secs] 
2016-09-13T18:07:38.480-0400: 134.943: [GC (Allocation Failure) [PSYoungGen: 183873K->41698K(182272K)] 342211K->200151K(706560K), 0.0094586 secs] [Times: user=0.09 sys=0.00, real=0.01 secs] 
2016-09-13T18:07:38.704-0400: 135.167: [GC (GCLocker Initiated GC) [PSYoungGen: 181986K->32741K(203264K)] 340439K->191478K(727552K), 0.0114784 secs] [Times: user=0.15 sys=0.00, real=0.02 secs] 
2016-09-13T18:07:38.923-0400: 135.386: [GC (GCLocker Initiated GC) [PSYoungGen: 174565K->46408K(200704K)] 333368K->205462K(724992K), 0.0101824 secs] [Times: user=0.13 sys=0.00, real=0.01 secs] 
2016-09-13T18:07:39.149-0400: 135.613: [GC (GCLocker Initiated GC) [PSYoungGen: 188232K->26320K(202240K)] 347308K->185605K(726528K), 0.0195287 secs] [Times: user=0.18 sys=0.00, real=0.02 secs] 
2016-09-13T18:07:39.405-0400: 135.869: [GC (GCLocker Initiated GC) [PSYoungGen: 167632K->46472K(187904K)] 327143K->219905K(712192K), 0.0111888 secs] [Times: user=0.13 sys=0.01, real=0.02 secs] 
2016-09-13T18:07:39.671-0400: 136.135: [GC (GCLocker Initiated GC) [PSYoungGen: 187784K->38533K(201728K)] 367648K->218656K(726016K), 0.0065951 secs] [Times: user=0.05 sys=0.00, real=0.01 secs] 
2016-09-13T18:07:39.881-0400: 136.344: [GC (GCLocker Initiated GC) [PSYoungGen: 178309K->46154K(200192K)] 358485K->226457K(724480K), 0.0080889 secs] [Times: user=0.10 sys=0.00, real=0.01 secs] 
2016-09-13T18:07:40.089-0400: 136.552: [GC (GCLocker Initiated GC) [PSYoungGen: 185930K->43276K(200704K)] 366341K->234513K(724992K), 0.0065611 secs] [Times: user=0.07 sys=0.01, real=0.01 secs] 
2016-09-13T18:07:40.307-0400: 136.771: [GC (Allocation Failure) [PSYoungGen: 182540K->27869K(167424K)] 373913K->219420K(691712K), 0.0058766 secs] [Times: user=0.04 sys=0.00, real=0.01 secs] 
2016-09-13T18:07:40.530-0400: 136.993: [GC (GCLocker Initiated GC) [PSYoungGen: 167121K->49447K(197120K)] 360191K->247299K(721408K), 0.0119931 secs] [Times: user=0.13 sys=0.00, real=0.01 secs] 
2016-09-13T18:07:40.776-0400: 137.239: [GC (GCLocker Initiated GC) [PSYoungGen: 185639K->23432K(199168K)] 386627K->224621K(723456K), 0.0305610 secs] [Times: user=0.26 sys=0.00, real=0.02 secs] 
2016-09-13T18:07:41.007-0400: 137.471: [GC (GCLocker Initiated GC) [PSYoungGen: 159624K->61566K(185856K)] 362516K->279859K(710144K), 0.0078674 secs] [Times: user=0.09 sys=0.01, real=0.01 secs] 
2016-09-13T18:07:41.204-0400: 137.668: [GC (GCLocker Initiated GC) [PSYoungGen: 184446K->35810K(192512K)] 402762K->260477K(716800K), 0.0166485 secs] [Times: user=0.20 sys=0.00, real=0.02 secs] 
2016-09-13T18:07:41.385-0400: 137.848: [GC (Allocation Failure) [PSYoungGen: 158690K->29602K(187904K)] 383452K->260664K(712192K), 0.0063023 secs] [Times: user=0.05 sys=0.00, real=0.01 secs] 
2016-09-13T18:07:41.564-0400: 138.028: [GC (GCLocker Initiated GC) [PSYoungGen: 154255K->27902K(191488K)] 386836K->260556K(715776K), 0.0063416 secs] [Times: user=0.04 sys=0.00, real=0.01 secs] 
2016-09-13T18:07:41.770-0400: 138.234: [GC (GCLocker Initiated GC) [PSYoungGen: 153342K->23431K(194048K)] 385997K->256216K(718336K), 0.0378980 secs] [Times: user=0.30 sys=0.00, real=0.04 secs] 
2016-09-13T18:07:42.004-0400: 138.467: [GC (Allocation Failure) [PSYoungGen: 154503K->44634K(195584K)] 387458K->277834K(719872K), 0.0222935 secs] [Times: user=0.19 sys=0.00, real=0.02 secs] 
2016-09-13T18:07:42.236-0400: 138.699: [GC (GCLocker Initiated GC) [PSYoungGen: 175706K->36950K(193024K)] 408909K->274895K(717312K), 0.0217353 secs] [Times: user=0.20 sys=0.00, real=0.02 secs] 
2016-09-13T18:07:42.455-0400: 138.918: [GC (GCLocker Initiated GC) [PSYoungGen: 169558K->9863K(195072K)] 419807K->260250K(719360K), 0.0069768 secs] [Times: user=0.07 sys=0.00, real=0.01 secs] 
2016-09-13T18:07:42.658-0400: 139.121: [GC (GCLocker Initiated GC) [PSYoungGen: 142471K->60014K(183808K)] 393087K->318524K(708096K), 0.0104545 secs] [Times: user=0.10 sys=0.00, real=0.01 secs] 
2016-09-13T18:07:42.852-0400: 139.315: [GC (GCLocker Initiated GC) [PSYoungGen: 179822K->9990K(130048K)] 450684K->281144K(654336K), 0.0217276 secs] [Times: user=0.26 sys=0.00, real=0.02 secs] 
2016-09-13T18:07:43.049-0400: 139.512: [GC (GCLocker Initiated GC) [PSYoungGen: 129798K->55554K(181760K)] 400977K->327073K(706048K), 0.0067287 secs] [Times: user=0.10 sys=0.00, real=0.00 secs] 
2016-09-13T18:07:43.236-0400: 139.700: [GC (Allocation Failure) [PSYoungGen: 165122K->34291K(185856K)] 436688K->316739K(710144K), 0.0123354 secs] [Times: user=0.16 sys=0.01, real=0.01 secs] 
2016-09-13T18:07:43.416-0400: 139.879: [GC (Allocation Failure) [PSYoungGen: 142667K->44863K(184320K)] 425114K->329164K(708608K), 0.0127274 secs] [Times: user=0.14 sys=0.00, real=0.01 secs] 
2016-09-13T18:07:43.584-0400: 140.047: [GC (GCLocker Initiated GC) [PSYoungGen: 156762K->28083K(185344K)] 442582K->314159K(709632K), 0.0118909 secs] [Times: user=0.16 sys=0.00, real=0.02 secs] 
2016-09-13T18:07:43.752-0400: 140.215: [GC (Allocation Failure) [PSYoungGen: 141235K->27934K(186880K)] 428935K->315828K(711168K), 0.0180298 secs] [Times: user=0.14 sys=0.00, real=0.02 secs] 
2016-09-13T18:07:43.958-0400: 140.421: [GC (GCLocker Initiated GC) [PSYoungGen: 147742K->43276K(187904K)] 435641K->335899K(712192K), 0.0080260 secs] [Times: user=0.07 sys=0.00, real=0.00 secs] 
2016-09-13T18:07:44.168-0400: 140.631: [GC (GCLocker Initiated GC) [PSYoungGen: 163084K->8031K(190976K)] 461790K->306906K(715264K), 0.0044652 secs] [Times: user=0.02 sys=0.00, real=0.00 secs] 
2016-09-13T18:07:44.372-0400: 140.835: [GC (Allocation Failure) [PSYoungGen: 130911K->43180K(192512K)] 430021K->346985K(716800K), 0.0286111 secs] [Times: user=0.28 sys=0.00, real=0.03 secs] 
2016-09-13T18:07:44.554-0400: 141.017: [GC (GCLocker Initiated GC) [PSYoungGen: 166060K->31031K(186368K)] 469868K->335040K(710656K), 0.0056587 secs] [Times: user=0.03 sys=0.00, real=0.01 secs] 
2016-09-13T18:07:44.756-0400: 141.219: [GC (Allocation Failure) [PSYoungGen: 153911K->44545K(189440K)] 458146K->348919K(713728K), 0.0341847 secs] [Times: user=0.32 sys=0.00, real=0.04 secs] 
2016-09-13T18:07:44.967-0400: 141.431: [GC (GCLocker Initiated GC) [PSYoungGen: 167425K->14483K(194048K)] 471802K->319022K(718336K), 0.0124233 secs] [Times: user=0.11 sys=0.00, real=0.02 secs] 
2016-09-13T18:07:45.157-0400: 141.621: [GC (Allocation Failure) [PSYoungGen: 141459K->43026K(170496K)] 446081K->347905K(694784K), 0.0264727 secs] [Times: user=0.29 sys=0.00, real=0.02 secs] 
2016-09-13T18:07:45.360-0400: 141.823: [GC (GCLocker Initiated GC) [PSYoungGen: 170002K->33913K(197632K)] 474886K->338978K(721920K), 0.0188377 secs] [Times: user=0.17 sys=0.00, real=0.02 secs] 
2016-09-13T18:07:45.583-0400: 142.046: [GC (GCLocker Initiated GC) [PSYoungGen: 163449K->26633K(156672K)] 471586K->335054K(680960K), 0.0138782 secs] [Times: user=0.13 sys=0.01, real=0.02 secs] 
2016-09-13T18:07:45.806-0400: 142.269: [GC (GCLocker Initiated GC) [PSYoungGen: 156169K->38682K(192512K)] 466366K->355349K(716800K), 0.0155475 secs] [Times: user=0.17 sys=0.01, real=0.02 secs] 
2016-09-13T18:07:46.025-0400: 142.488: [GC (GCLocker Initiated GC) [PSYoungGen: 168730K->23522K(192000K)] 486942K->341872K(716288K), 0.0155359 secs] [Times: user=0.14 sys=0.00, real=0.02 secs] 
2016-09-13T18:07:46.227-0400: 142.690: [GC (Allocation Failure) [PSYoungGen: 153570K->23559K(198656K)] 472011K->352711K(722944K), 0.0170907 secs] [Times: user=0.16 sys=0.00, real=0.02 secs] 
2016-09-13T18:07:46.444-0400: 142.907: [GC (GCLocker Initiated GC) [PSYoungGen: 157624K->9826K(198656K)] 492852K->345314K(722944K), 0.0222101 secs] [Times: user=0.21 sys=0.01, real=0.02 secs] 
2016-09-13T18:07:46.669-0400: 143.133: [GC (GCLocker Initiated GC) [PSYoungGen: 149090K->41602K(198656K)] 484748K->377518K(722944K), 0.0181662 secs] [Times: user=0.22 sys=0.00, real=0.01 secs] 
2016-09-13T18:07:46.899-0400: 143.362: [GC (GCLocker Initiated GC) [PSYoungGen: 179842K->46281K(184832K)] 515789K->382453K(709120K), 0.0075954 secs] [Times: user=0.07 sys=0.00, real=0.00 secs] 
2016-09-13T18:07:47.109-0400: 143.573: [GC (GCLocker Initiated GC) [PSYoungGen: 184521K->35719K(199680K)] 520791K->379774K(723968K), 0.0064660 secs] [Times: user=0.08 sys=0.00, real=0.01 secs] 
2016-09-13T18:07:47.323-0400: 143.786: [GC (Allocation Failure) [PSYoungGen: 170887K->43212K(197632K)] 515176K->395328K(721920K), 0.0140606 secs] [Times: user=0.10 sys=0.00, real=0.02 secs] 
2016-09-13T18:07:47.553-0400: 144.017: [GC (GCLocker Initiated GC) [PSYoungGen: 178380K->40142K(199168K)] 530502K->392473K(723456K), 0.0148615 secs] [Times: user=0.11 sys=0.00, real=0.02 secs] 
2016-09-13T18:07:47.800-0400: 144.263: [GC (Allocation Failure) [PSYoungGen: 175822K->5275K(141312K)] 534231K->363908K(665600K), 0.0259238 secs] [Times: user=0.27 sys=0.00, real=0.02 secs] 
2016-09-13T18:07:48.009-0400: 144.473: [GC (GCLocker Initiated GC) [PSYoungGen: 140955K->61501K(181760K)] 499598K->420362K(706048K), 0.0322708 secs] [Times: user=0.32 sys=0.01, real=0.03 secs] 
2016-09-13T18:07:48.238-0400: 144.701: [GC (GCLocker Initiated GC) [PSYoungGen: 178237K->26448K(189440K)] 537120K->403707K(713728K), 0.0113111 secs] [Times: user=0.12 sys=0.00, real=0.01 secs] 
2016-09-13T18:07:48.400-0400: 144.863: [GC (GCLocker Initiated GC) [PSYoungGen: 143184K->17394K(185856K)] 520463K->399400K(710144K), 0.0096815 secs] [Times: user=0.10 sys=0.00, real=0.01 secs] 
2016-09-13T18:07:48.578-0400: 145.041: [GC (Allocation Failure) [PSYoungGen: 136690K->9826K(188928K)] 524946K->405839K(713216K), 0.0267433 secs] [Times: user=0.27 sys=0.01, real=0.02 secs] 
2016-09-13T18:07:48.793-0400: 145.257: [GC (GCLocker Initiated GC) [PSYoungGen: 129102K->27934K(185344K)] 526634K->425710K(709632K), 0.0174458 secs] [Times: user=0.19 sys=0.00, real=0.02 secs] 
2016-09-13T18:07:48.964-0400: 145.427: [GC (GCLocker Initiated GC) [PSYoungGen: 150814K->37014K(188928K)] 548651K->435076K(713216K), 0.0296931 secs] [Times: user=0.33 sys=0.00, real=0.03 secs] 
2016-09-13T18:07:49.153-0400: 145.616: [GC (Allocation Failure) [PSYoungGen: 159894K->40116K(195072K)] 558157K->446127K(719360K), 0.0063439 secs] [Times: user=0.06 sys=0.00, real=0.01 secs] 
2016-09-13T18:07:49.408-0400: 145.871: [GC (GCLocker Initiated GC) [PSYoungGen: 171188K->29479K(160768K)] 577202K->435751K(685056K), 0.0155245 secs] [Times: user=0.20 sys=0.00, real=0.01 secs] 
2016-09-13T18:07:49.615-0400: 146.078: [GC (Allocation Failure) [PSYoungGen: 160551K->46489K(192000K)] 567009K->453197K(716288K), 0.0138085 secs] [Times: user=0.16 sys=0.01, real=0.02 secs] 
2016-09-13T18:07:49.803-0400: 146.266: [GC (GCLocker Initiated GC) [PSYoungGen: 174901K->17394K(195072K)] 587684K->430461K(719360K), 0.0265141 secs] [Times: user=0.30 sys=0.00, real=0.03 secs] 
2016-09-13T18:07:50.027-0400: 146.490: [GC (GCLocker Initiated GC) [PSYoungGen: 147442K->34041K(192000K)] 562132K->448819K(716288K), 0.0109056 secs] [Times: user=0.09 sys=0.00, real=0.02 secs] 
2016-09-13T18:07:50.237-0400: 146.701: [GC (GCLocker Initiated GC) [PSYoungGen: 167161K->30935K(195072K)] 581961K->448845K(719360K), 0.0135975 secs] [Times: user=0.13 sys=0.00, real=0.01 secs] 
2016-09-13T18:07:50.455-0400: 146.919: [GC (GCLocker Initiated GC) [PSYoungGen: 164055K->28083K(196096K)] 588215K->463021K(720384K), 0.0111061 secs] [Times: user=0.12 sys=0.00, real=0.01 secs] 
2016-09-13T18:07:50.684-0400: 147.147: [GC (Allocation Failure) [PSYoungGen: 169395K->41667K(198144K)] 604610K->477084K(722432K), 0.0129876 secs] [Times: user=0.12 sys=0.01, real=0.02 secs] 
2016-09-13T18:07:50.891-0400: 147.354: [GC (GCLocker Initiated GC) [PSYoungGen: 182979K->53684K(193536K)] 618399K->489226K(717824K), 0.0204427 secs] [Times: user=0.19 sys=0.00, real=0.02 secs] 
2016-09-13T18:07:51.132-0400: 147.596: [GC (Allocation Failure) [PSYoungGen: 188852K->5301K(140800K)] 630819K->447457K(665088K), 0.0135246 secs] [Times: user=0.13 sys=0.01, real=0.01 secs] 
2016-09-13T18:07:51.357-0400: 147.821: [GC (GCLocker Initiated GC) [PSYoungGen: 140469K->15656K(197120K)] 582625K->458084K(721408K), 0.0145290 secs] [Times: user=0.13 sys=0.00, real=0.01 secs] 
2016-09-13T18:07:51.561-0400: 148.024: [GC (Allocation Failure) [PSYoungGen: 147240K->40143K(196608K)] 592946K->485989K(720896K), 0.0084941 secs] [Times: user=0.07 sys=0.00, real=0.01 secs] 
2016-09-13T18:07:51.802-0400: 148.265: [GC (GCLocker Initiated GC) [PSYoungGen: 170192K->29325K(191488K)] 622112K->481336K(715776K), 0.0148752 secs] [Times: user=0.15 sys=0.00, real=0.02 secs] 
2016-09-13T18:07:52.014-0400: 148.477: [GC (GCLocker Initiated GC) [PSYoungGen: 161421K->29617K(194048K)] 613435K->481808K(718336K), 0.0156979 secs] [Times: user=0.16 sys=0.00, real=0.02 secs] 
2016-09-13T18:07:52.243-0400: 148.706: [GC (GCLocker Initiated GC) [PSYoungGen: 161713K->46434K(197632K)] 615616K->500602K(721920K), 0.0134656 secs] [Times: user=0.12 sys=0.00, real=0.02 secs] 
2016-09-13T18:07:52.467-0400: 148.930: [GC (GCLocker Initiated GC) [PSYoungGen: 184674K->23469K(200192K)] 646730K->485805K(724480K), 0.0119793 secs] [Times: user=0.11 sys=0.00, real=0.02 secs] 
2016-09-13T18:07:52.689-0400: 149.153: [GC (GCLocker Initiated GC) [PSYoungGen: 161709K->28119K(194048K)] 636373K->502906K(718336K), 0.0196622 secs] [Times: user=0.19 sys=0.00, real=0.02 secs] 
2016-09-13T18:07:52.907-0400: 149.370: [GC (GCLocker Initiated GC) [PSYoungGen: 167383K->55239K(197632K)] 642198K->542464K(721920K), 0.0390553 secs] [Times: user=0.42 sys=0.01, real=0.04 secs] 
2016-09-13T18:07:53.169-0400: 149.633: [GC (GCLocker Initiated GC) [PSYoungGen: 194503K->11505K(196608K)] 683428K->514257K(720896K), 0.0070392 secs] [Times: user=0.07 sys=0.00, real=0.01 secs] 
2016-09-13T18:07:53.363-0400: 149.827: [GC (GCLocker Initiated GC) [PSYoungGen: 143601K->23409K(155648K)] 649416K->529450K(679936K), 0.0223955 secs] [Times: user=0.25 sys=0.00, real=0.02 secs] 
2016-09-13T18:07:53.615-0400: 150.079: [GC (GCLocker Initiated GC) [PSYoungGen: 155505K->27966K(198144K)] 661801K->534420K(722432K), 0.0261122 secs] [Times: user=0.34 sys=0.00, real=0.03 secs] 
2016-09-13T18:07:53.834-0400: 150.298: [GC (GCLocker Initiated GC) [PSYoungGen: 163134K->43149K(195584K)] 669814K->550059K(719872K), 0.0191063 secs] [Times: user=0.21 sys=0.01, real=0.02 secs] 
2016-09-13T18:07:54.040-0400: 150.503: [GC (GCLocker Initiated GC) [PSYoungGen: 178317K->27991K(199168K)] 685374K->535179K(723456K), 0.0332677 secs] [Times: user=0.36 sys=0.00, real=0.03 secs] 
2016-09-13T18:07:54.254-0400: 150.717: [GC (Allocation Failure) [PSYoungGen: 167767K->38623K(199680K)] 675086K->546215K(723968K), 0.0100933 secs] [Times: user=0.10 sys=0.00, real=0.01 secs] 
2016-09-13T18:07:54.452-0400: 150.916: [GC (GCLocker Initiated GC) [PSYoungGen: 177295K->43280K(199680K)] 686406K->552698K(723968K), 0.0267091 secs] [Times: user=0.30 sys=0.00, real=0.03 secs] 
2016-09-13T18:07:54.699-0400: 151.162: [Full GC (Ergonomics) [PSYoungGen: 183568K->0K(199680K)] [ParOldGen: 521658K->45918K(524288K)] 705226K->45918K(723968K), [Metaspace: 44619K->44619K(1087488K)], 0.0628647 secs] [Times: user=0.34 sys=0.01, real=0.06 secs] 
2016-09-13T18:07:54.943-0400: 151.407: [GC (GCLocker Initiated GC) [PSYoungGen: 140288K->32803K(173568K)] 190821K->83336K(697856K), 0.0063422 secs] [Times: user=0.04 sys=0.00, real=0.01 secs] 
2016-09-13T18:07:55.182-0400: 151.645: [GC (GCLocker Initiated GC) [PSYoungGen: 173091K->22072K(200704K)] 223626K->83689K(724992K), 0.0058213 secs] [Times: user=0.04 sys=0.00, real=0.01 secs] 
2016-09-13T18:07:55.409-0400: 151.872: [GC (GCLocker Initiated GC) [PSYoungGen: 164408K->32741K(200192K)] 227590K->96248K(724480K), 0.0322030 secs] [Times: user=0.37 sys=0.00, real=0.03 secs] 
2016-09-13T18:07:55.674-0400: 152.137: [GC (GCLocker Initiated GC) [PSYoungGen: 175077K->52298K(196096K)] 240191K->123657K(720384K), 0.0225367 secs] [Times: user=0.20 sys=0.01, real=0.03 secs] 
2016-09-13T18:07:55.879-0400: 152.343: [GC (GCLocker Initiated GC) [PSYoungGen: 193098K->48087K(188928K)] 264708K->119939K(713216K), 0.0065487 secs] [Times: user=0.08 sys=0.00, real=0.00 secs] 
2016-09-13T18:07:56.096-0400: 152.559: [GC (GCLocker Initiated GC) [PSYoungGen: 188887K->57140K(187904K)] 262518K->131090K(712192K), 0.0132137 secs] [Times: user=0.14 sys=0.00, real=0.01 secs] 
2016-09-13T18:07:56.298-0400: 152.761: [GC (GCLocker Initiated GC) [PSYoungGen: 182068K->41566K(193536K)] 262162K->121917K(717824K), 0.0151733 secs] [Times: user=0.15 sys=0.00, real=0.01 secs] 
2016-09-13T18:07:56.503-0400: 152.967: [GC (GCLocker Initiated GC) [PSYoungGen: 166494K->49483K(193024K)] 253127K->136369K(717312K), 0.0095673 secs] [Times: user=0.12 sys=0.00, real=0.01 secs] 
2016-09-13T18:07:56.702-0400: 153.165: [GC (GCLocker Initiated GC) [PSYoungGen: 175435K->49132K(175104K)] 262337K->137773K(699392K), 0.0267887 secs] [Times: user=0.19 sys=0.00, real=0.03 secs] 
2016-09-13T18:07:56.928-0400: 153.391: [GC (GCLocker Initiated GC) [PSYoungGen: 175084K->9991K(188928K)] 263727K->106552K(713216K), 0.0164588 secs] [Times: user=0.13 sys=0.00, real=0.01 secs] 
2016-09-13T18:07:57.101-0400: 153.565: [GC (GCLocker Initiated GC) [PSYoungGen: 129799K->57046K(177152K)] 226441K->153937K(701440K), 0.0064619 secs] [Times: user=0.07 sys=0.00, real=0.01 secs] 
2016-09-13T18:07:57.299-0400: 153.762: [GC (GCLocker Initiated GC) [PSYoungGen: 176854K->48023K(186880K)] 273865K->155786K(711168K), 0.0077196 secs] [Times: user=0.09 sys=0.00, real=0.00 secs] 
2016-09-13T18:07:57.503-0400: 153.967: [GC (GCLocker Initiated GC) [PSYoungGen: 159639K->34201K(145920K)] 267569K->142356K(670208K), 0.0144219 secs] [Times: user=0.14 sys=0.01, real=0.02 secs] 
2016-09-13T18:07:57.681-0400: 154.144: [GC (Allocation Failure) [PSYoungGen: 145817K->40020K(187392K)] 254270K->148579K(711680K), 0.0204052 secs] [Times: user=0.18 sys=0.00, real=0.02 secs] 
2016-09-13T18:07:57.850-0400: 154.313: [GC (GCLocker Initiated GC) [PSYoungGen: 154084K->46282K(184320K)] 264162K->156578K(708608K), 0.0110280 secs] [Times: user=0.09 sys=0.00, real=0.01 secs] 
2016-09-13T18:07:58.050-0400: 154.513: [GC (GCLocker Initiated GC) [PSYoungGen: 160970K->35809K(190464K)] 277377K->152394K(714752K), 0.0126232 secs] [Times: user=0.12 sys=0.00, real=0.01 secs] 
2016-09-13T18:07:58.249-0400: 154.713: [GC (GCLocker Initiated GC) [PSYoungGen: 157665K->32549K(188928K)] 280370K->167603K(713216K), 0.0064389 secs] [Times: user=0.05 sys=0.00, real=0.01 secs] 
2016-09-13T18:07:58.466-0400: 154.929: [GC (GCLocker Initiated GC) [PSYoungGen: 154405K->40238K(193024K)] 291134K->180135K(717312K), 0.0168533 secs] [Times: user=0.15 sys=0.00, real=0.02 secs] 
2016-09-13T18:07:58.691-0400: 155.154: [GC (GCLocker Initiated GC) [PSYoungGen: 168750K->32618K(192000K)] 314894K->178979K(716288K), 0.0135089 secs] [Times: user=0.15 sys=0.00, real=0.01 secs] 
2016-09-13T18:07:58.895-0400: 155.358: [GC (Allocation Failure) [PSYoungGen: 161130K->47641K(195072K)] 307651K->194332K(719360K), 0.0138563 secs] [Times: user=0.14 sys=0.01, real=0.02 secs] 
2016-09-13T18:07:59.118-0400: 155.581: [GC (GCLocker Initiated GC) [PSYoungGen: 179784K->43152K(196096K)] 327994K->194530K(720384K), 0.0296933 secs] [Times: user=0.26 sys=0.00, real=0.03 secs] 
2016-09-13T18:07:59.324-0400: 155.787: [GC (GCLocker Initiated GC) [PSYoungGen: 176272K->43429K(198144K)] 330866K->198225K(722432K), 0.0131953 secs] [Times: user=0.15 sys=0.00, real=0.02 secs] 
2016-09-13T18:07:59.548-0400: 156.011: [GC (GCLocker Initiated GC) [PSYoungGen: 180645K->26441K(198656K)] 341756K->187879K(722944K), 0.0096620 secs] [Times: user=0.09 sys=0.00, real=0.01 secs] 
2016-09-13T18:07:59.802-0400: 156.266: [GC (GCLocker Initiated GC) [PSYoungGen: 163657K->9805K(195584K)] 337381K->183659K(719872K), 0.0038563 secs] [Times: user=0.03 sys=0.00, real=0.00 secs] 
2016-09-13T18:08:00.048-0400: 156.511: [GC (GCLocker Initiated GC) [PSYoungGen: 143949K->28023K(198144K)] 330062K->214325K(722432K), 0.0178833 secs] [Times: user=0.14 sys=0.00, real=0.01 secs] 
2016-09-13T18:08:00.271-0400: 156.735: [GC (GCLocker Initiated GC) [PSYoungGen: 162167K->26384K(195072K)] 350010K->214420K(719360K), 0.0095298 secs] [Times: user=0.07 sys=0.01, real=0.01 secs] 
2016-09-13T18:08:00.470-0400: 156.933: [GC (GCLocker Initiated GC) [PSYoungGen: 162064K->46532K(197120K)] 350224K->247053K(721408K), 0.0198718 secs] [Times: user=0.25 sys=0.00, real=0.02 secs] 
2016-09-13T18:08:00.693-0400: 157.156: [GC (GCLocker Initiated GC) [PSYoungGen: 182212K->52362K(192512K)] 382839K->253132K(716800K), 0.0104002 secs] [Times: user=0.11 sys=0.00, real=0.01 secs] 
2016-09-13T18:08:00.910-0400: 157.373: [GC (GCLocker Initiated GC) [PSYoungGen: 181386K->38746K(195584K)] 388354K->253518K(719872K), 0.0289584 secs] [Times: user=0.31 sys=0.00, real=0.03 secs] 
2016-09-13T18:08:01.103-0400: 157.566: [GC (GCLocker Initiated GC) [PSYoungGen: 167770K->41788K(192512K)] 387302K->266117K(716800K), 0.0160929 secs] [Times: user=0.15 sys=0.00, real=0.02 secs] 
2016-09-13T18:08:01.305-0400: 157.768: [GC (GCLocker Initiated GC) [PSYoungGen: 172860K->47708K(194560K)] 397263K->272379K(718848K), 0.0098849 secs] [Times: user=0.09 sys=0.00, real=0.01 secs] 
2016-09-13T18:08:01.523-0400: 157.987: [GC (GCLocker Initiated GC) [PSYoungGen: 178780K->50753K(193536K)] 403482K->280268K(717824K), 0.0078596 secs] [Times: user=0.10 sys=0.00, real=0.01 secs] 
2016-09-13T18:08:01.742-0400: 158.205: [GC (GCLocker Initiated GC) [PSYoungGen: 179777K->28120K(195584K)] 415381K->268459K(719872K), 0.0154219 secs] [Times: user=0.16 sys=0.00, real=0.02 secs] 
2016-09-13T18:08:02.001-0400: 158.465: [GC (Allocation Failure) [PSYoungGen: 157144K->9986K(192000K)] 409696K->262790K(716288K), 0.0095618 secs] [Times: user=0.08 sys=0.00, real=0.01 secs] 
2016-09-13T18:08:02.193-0400: 158.657: [GC (GCLocker Initiated GC) [PSYoungGen: 134941K->32389K(158720K)] 389264K->286839K(683008K), 0.0177667 secs] [Times: user=0.10 sys=0.00, real=0.02 secs] 
2016-09-13T18:08:02.405-0400: 158.868: [GC (GCLocker Initiated GC) [PSYoungGen: 158341K->44571K(193024K)] 412851K->299137K(717312K), 0.0215069 secs] [Times: user=0.23 sys=0.00, real=0.02 secs] 
2016-09-13T18:08:02.616-0400: 159.079: [GC (GCLocker Initiated GC) [PSYoungGen: 172059K->11542K(193536K)] 434238K->278490K(717824K), 0.0095541 secs] [Times: user=0.10 sys=0.00, real=0.00 secs] 
2016-09-13T18:08:02.815-0400: 159.279: [GC (GCLocker Initiated GC) [PSYoungGen: 139030K->29483K(192000K)] 406271K->307704K(716288K), 0.0286421 secs] [Times: user=0.30 sys=0.01, real=0.03 secs] 
2016-09-13T18:08:03.047-0400: 159.510: [GC (GCLocker Initiated GC) [PSYoungGen: 158507K->12873K(193536K)] 450558K->305149K(717824K), 0.0036449 secs] [Times: user=0.03 sys=0.00, real=0.01 secs] 
2016-09-13T18:08:03.264-0400: 159.727: [GC (Allocation Failure) [PSYoungGen: 141897K->23628K(194048K)] 440388K->322403K(718336K), 0.0256865 secs] [Times: user=0.31 sys=0.00, real=0.03 secs] 
2016-09-13T18:08:03.486-0400: 159.949: [GC (GCLocker Initiated GC) [PSYoungGen: 151500K->27929K(195584K)] 456350K->333039K(719872K), 0.0219200 secs] [Times: user=0.22 sys=0.00, real=0.03 secs] 
2016-09-13T18:08:03.706-0400: 160.169: [GC (GCLocker Initiated GC) [PSYoungGen: 160537K->9703K(197632K)] 473412K->327256K(721920K), 0.0088512 secs] [Times: user=0.09 sys=0.00, real=0.01 secs] 
2016-09-13T18:08:03.931-0400: 160.394: [GC (GCLocker Initiated GC) [PSYoungGen: 146919K->5212K(198144K)] 476827K->339918K(722432K), 0.0126770 secs] [Times: user=0.17 sys=0.00, real=0.01 secs] 
2016-09-13T18:08:04.164-0400: 160.627: [GC (GCLocker Initiated GC) [PSYoungGen: 142428K->27961K(196608K)] 477141K->362789K(720896K), 0.0135233 secs] [Times: user=0.14 sys=0.01, real=0.02 secs] 
2016-09-13T18:08:04.407-0400: 160.870: [GC (GCLocker Initiated GC) [PSYoungGen: 167737K->29515K(198656K)] 508911K->370836K(722944K), 0.0113405 secs] [Times: user=0.12 sys=0.00, real=0.02 secs] 
2016-09-13T18:08:04.634-0400: 161.097: [GC (GCLocker Initiated GC) [PSYoungGen: 169291K->26474K(197120K)] 510634K->367968K(721408K), 0.0154643 secs] [Times: user=0.20 sys=0.00, real=0.02 secs] 
2016-09-13T18:08:04.857-0400: 161.320: [GC (Allocation Failure) [PSYoungGen: 172906K->46382K(200192K)] 514570K->391171K(724480K), 0.0083245 secs] [Times: user=0.07 sys=0.00, real=0.00 secs] 
2016-09-13T18:08:05.086-0400: 161.549: [GC (GCLocker Initiated GC) [PSYoungGen: 188704K->27970K(205312K)] 539569K->379036K(729600K), 0.0113110 secs] [Times: user=0.08 sys=0.00, real=0.02 secs] 
2016-09-13T18:08:05.374-0400: 161.837: [GC (GCLocker Initiated GC) [PSYoungGen: 176450K->23628K(203776K)] 529109K->376391K(728064K), 0.0119317 secs] [Times: user=0.16 sys=0.00, real=0.01 secs] 
2016-09-13T18:08:05.597-0400: 162.060: [GC (GCLocker Initiated GC) [PSYoungGen: 172108K->19139K(204800K)] 526507K->373779K(729088K), 0.0093036 secs] [Times: user=0.12 sys=0.00, real=0.00 secs] 
2016-09-13T18:08:05.848-0400: 162.311: [GC (GCLocker Initiated GC) [PSYoungGen: 170179K->9827K(203776K)] 531042K->370761K(728064K), 0.0143359 secs] [Times: user=0.17 sys=0.01, real=0.02 secs] 
2016-09-13T18:08:06.080-0400: 162.544: [GC (GCLocker Initiated GC) [PSYoungGen: 160865K->50875K(195584K)] 522043K->412191K(719872K), 0.0260226 secs] [Times: user=0.28 sys=0.00, real=0.02 secs] 
2016-09-13T18:08:06.298-0400: 162.762: [GC (GCLocker Initiated GC) [PSYoungGen: 193211K->58533K(201216K)] 554763K->435377K(725504K), 0.0129357 secs] [Times: user=0.18 sys=0.00, real=0.01 secs] 
2016-09-13T18:08:06.548-0400: 163.012: [GC (Allocation Failure) [PSYoungGen: 200869K->23403K(192000K)] 583930K->406602K(716288K), 0.0330408 secs] [Times: user=0.43 sys=0.00, real=0.03 secs] 
2016-09-13T18:08:06.763-0400: 163.226: [GC (GCLocker Initiated GC) [PSYoungGen: 150815K->14764K(196608K)] 540090K->404410K(720896K), 0.0042163 secs] [Times: user=0.04 sys=0.00, real=0.00 secs] 
2016-09-13T18:08:06.993-0400: 163.456: [GC (GCLocker Initiated GC) [PSYoungGen: 145836K->20426K(191488K)] 538705K->413367K(715776K), 0.0081216 secs] [Times: user=0.09 sys=0.00, real=0.01 secs] 
2016-09-13T18:08:07.194-0400: 163.658: [GC (GCLocker Initiated GC) [PSYoungGen: 152522K->14328K(194560K)] 547023K->408967K(718848K), 0.0065286 secs] [Times: user=0.05 sys=0.00, real=0.01 secs] 
2016-09-13T18:08:07.414-0400: 163.877: [GC (GCLocker Initiated GC) [PSYoungGen: 146424K->10012K(197632K)] 547287K->424787K(721920K), 0.0174083 secs] [Times: user=0.23 sys=0.00, real=0.02 secs] 
2016-09-13T18:08:07.654-0400: 164.117: [GC (GCLocker Initiated GC) [PSYoungGen: 148252K->29331K(199168K)] 569248K->455092K(723456K), 0.0109742 secs] [Times: user=0.12 sys=0.00, real=0.01 secs] 
2016-09-13T18:08:07.898-0400: 164.361: [GC (GCLocker Initiated GC) [PSYoungGen: 167571K->28061K(196608K)] 607876K->473077K(720896K), 0.0116253 secs] [Times: user=0.15 sys=0.00, real=0.01 secs] 
2016-09-13T18:08:08.157-0400: 164.620: [GC (GCLocker Initiated GC) [PSYoungGen: 170397K->5275K(198656K)] 627660K->462748K(722944K), 0.0130967 secs] [Times: user=0.17 sys=0.00, real=0.01 secs] 
2016-09-13T18:08:08.390-0400: 164.853: [GC (GCLocker Initiated GC) [PSYoungGen: 147611K->35810K(203264K)] 605165K->493656K(727552K), 0.0062492 secs] [Times: user=0.07 sys=0.01, real=0.01 secs] 
2016-09-13T18:08:08.630-0400: 165.093: [GC (GCLocker Initiated GC) [PSYoungGen: 182242K->23655K(170496K)] 641696K->492404K(694784K), 0.0117684 secs] [Times: user=0.14 sys=0.00, real=0.01 secs] 
2016-09-13T18:08:08.857-0400: 165.320: [GC (GCLocker Initiated GC) [PSYoungGen: 170087K->41698K(198656K)] 639261K->511090K(722944K), 0.0093817 secs] [Times: user=0.10 sys=0.00, real=0.00 secs] 
2016-09-13T18:08:09.088-0400: 165.551: [GC (GCLocker Initiated GC) [PSYoungGen: 185570K->44576K(188928K)] 655091K->514266K(713216K), 0.0334114 secs] [Times: user=0.29 sys=0.01, real=0.03 secs] 
2016-09-13T18:08:09.333-0400: 165.796: [GC (Allocation Failure) [PSYoungGen: 188448K->23500K(202752K)] 665891K->507170K(727040K), 0.0073500 secs] [Times: user=0.08 sys=0.00, real=0.01 secs] 
2016-09-13T18:08:09.569-0400: 166.032: [GC (GCLocker Initiated GC) [PSYoungGen: 164300K->46309K(187392K)] 647975K->530147K(711680K), 0.0076885 secs] [Times: user=0.06 sys=0.00, real=0.01 secs] 
2016-09-13T18:08:09.802-0400: 166.265: [GC (GCLocker Initiated GC) [PSYoungGen: 187109K->35554K(200192K)] 672530K->521098K(724480K), 0.0152640 secs] [Times: user=0.15 sys=0.00, real=0.02 secs] 
2016-09-13T18:08:10.033-0400: 166.496: [GC (GCLocker Initiated GC) [PSYoungGen: 172770K->59854K(197120K)] 658497K->573120K(721408K), 0.0195859 secs] [Times: user=0.23 sys=0.01, real=0.02 secs] 
2016-09-13T18:08:10.053-0400: 166.516: [Full GC (Ergonomics) [PSYoungGen: 59854K->0K(197120K)] [ParOldGen: 513265K->40122K(524288K)] 573120K->40122K(721408K), [Metaspace: 44639K->44639K(1087488K)], 0.0491027 secs] [Times: user=0.25 sys=0.00, real=0.05 secs] 
2016-09-13T18:08:10.284-0400: 166.747: [GC (GCLocker Initiated GC) [PSYoungGen: 137216K->60236K(174592K)] 179035K->108131K(698880K), 0.0105937 secs] [Times: user=0.09 sys=0.00, real=0.01 secs] 
2016-09-13T18:08:10.456-0400: 166.919: [GC (GCLocker Initiated GC) [PSYoungGen: 169804K->29703K(185856K)] 229969K->140456K(710144K), 0.0097855 secs] [Times: user=0.12 sys=0.00, real=0.00 secs] 
2016-09-13T18:08:10.635-0400: 167.098: [GC (GCLocker Initiated GC) [PSYoungGen: 139271K->34291K(175616K)] 251646K->156020K(699904K), 0.0077008 secs] [Times: user=0.08 sys=0.00, real=0.01 secs] 
2016-09-13T18:08:10.805-0400: 167.268: [GC (Allocation Failure) [PSYoungGen: 146931K->46250K(182272K)] 268794K->172953K(706560K), 0.0105172 secs] [Times: user=0.11 sys=0.00, real=0.01 secs] 
2016-09-13T18:08:10.979-0400: 167.442: [GC (GCLocker Initiated GC) [PSYoungGen: 158890K->37234K(186880K)] 285595K->164118K(711168K), 0.0063666 secs] [Times: user=0.08 sys=0.00, real=0.00 secs] 
2016-09-13T18:08:11.175-0400: 167.638: [GC (GCLocker Initiated GC) [PSYoungGen: 159602K->29730K(189440K)] 286585K->161396K(713728K), 0.0272270 secs] [Times: user=0.31 sys=0.00, real=0.03 secs] 
2016-09-13T18:08:11.370-0400: 167.834: [GC (GCLocker Initiated GC) [PSYoungGen: 152098K->25044K(190976K)] 285308K->158491K(715264K), 0.0061719 secs] [Times: user=0.05 sys=0.00, real=0.01 secs] 
2016-09-13T18:08:11.613-0400: 168.076: [GC (Allocation Failure) [PSYoungGen: 154580K->3410K(193536K)] 300516K->149610K(717824K), 0.0336557 secs] [Times: user=0.35 sys=0.00, real=0.03 secs] 
2016-09-13T18:08:11.830-0400: 168.293: [GC (GCLocker Initiated GC) [PSYoungGen: 132946K->47645K(190464K)] 279152K->193957K(714752K), 0.0270220 secs] [Times: user=0.24 sys=0.00, real=0.03 secs] 
2016-09-13T18:08:12.070-0400: 168.534: [GC (GCLocker Initiated GC) [PSYoungGen: 171549K->23404K(193024K)] 324241K->176258K(717312K), 0.0115676 secs] [Times: user=0.12 sys=0.00, real=0.01 secs] 
2016-09-13T18:08:12.255-0400: 168.719: [GC (GCLocker Initiated GC) [PSYoungGen: 147308K->12927K(192512K)] 312393K->178207K(716800K), 0.0068822 secs] [Times: user=0.07 sys=0.00, real=0.01 secs] 
2016-09-13T18:08:12.452-0400: 168.916: [GC (GCLocker Initiated GC) [PSYoungGen: 138879K->12773K(193024K)] 316438K->193637K(717312K), 0.0130466 secs] [Times: user=0.07 sys=0.00, real=0.01 secs] 
2016-09-13T18:08:12.659-0400: 169.122: [GC (GCLocker Initiated GC) [PSYoungGen: 138725K->46350K(189952K)] 319597K->227389K(714240K), 0.0064758 secs] [Times: user=0.06 sys=0.00, real=0.00 secs] 
2016-09-13T18:08:12.857-0400: 169.320: [GC (Allocation Failure) [PSYoungGen: 170254K->43053K(167424K)] 351648K->224701K(691712K), 0.0118312 secs] [Times: user=0.11 sys=0.00, real=0.01 secs] 
2016-09-13T18:08:13.055-0400: 169.519: [GC (GCLocker Initiated GC) [PSYoungGen: 166457K->43275K(190976K)] 349624K->231179K(715264K), 0.0184753 secs] [Times: user=0.18 sys=0.00, real=0.02 secs] 
2016-09-13T18:08:13.254-0400: 169.717: [GC (GCLocker Initiated GC) [PSYoungGen: 164107K->43179K(191488K)] 352176K->231473K(715776K), 0.0141783 secs] [Times: user=0.15 sys=0.00, real=0.02 secs] 
2016-09-13T18:08:13.457-0400: 169.921: [GC (Allocation Failure) [PSYoungGen: 164011K->43276K(191488K)] 352573K->232098K(715776K), 0.0200285 secs] [Times: user=0.22 sys=0.00, real=0.02 secs] 
2016-09-13T18:08:13.645-0400: 170.108: [GC (GCLocker Initiated GC) [PSYoungGen: 159186K->26633K(147968K)] 354084K->221749K(672256K), 0.0206116 secs] [Times: user=0.21 sys=0.01, real=0.02 secs] 
2016-09-13T18:08:13.860-0400: 170.324: [GC (GCLocker Initiated GC) [PSYoungGen: 147465K->23441K(190464K)] 350407K->226651K(714752K), 0.0169811 secs] [Times: user=0.16 sys=0.00, real=0.02 secs] 
2016-09-13T18:08:14.077-0400: 170.540: [GC (Allocation Failure) [PSYoungGen: 145809K->23277K(188928K)] 355443K->232983K(713216K), 0.0286791 secs] [Times: user=0.28 sys=0.00, real=0.02 secs] 
2016-09-13T18:08:14.268-0400: 170.731: [GC (GCLocker Initiated GC) [PSYoungGen: 145633K->46282K(190464K)] 356857K->257571K(714752K), 0.0065572 secs] [Times: user=0.06 sys=0.00, real=0.00 secs] 
2016-09-13T18:08:14.475-0400: 170.938: [GC (GCLocker Initiated GC) [PSYoungGen: 171722K->44698K(192512K)] 383207K->256372K(716800K), 0.0454364 secs] [Times: user=0.51 sys=0.00, real=0.05 secs] 
2016-09-13T18:08:14.698-0400: 171.161: [GC (GCLocker Initiated GC) [PSYoungGen: 170138K->28270K(190976K)] 395675K->258529K(715264K), 0.0107269 secs] [Times: user=0.12 sys=0.00, real=0.01 secs] 
2016-09-13T18:08:14.906-0400: 171.369: [GC (GCLocker Initiated GC) [PSYoungGen: 155246K->27993K(192512K)] 387261K->260202K(716800K), 0.0188182 secs] [Times: user=0.20 sys=0.00, real=0.02 secs] 
2016-09-13T18:08:15.120-0400: 171.583: [GC (GCLocker Initiated GC) [PSYoungGen: 154969K->47708K(193536K)] 388959K->281879K(717824K), 0.0253379 secs] [Times: user=0.22 sys=0.01, real=0.02 secs] 
2016-09-13T18:08:15.310-0400: 171.773: [GC (GCLocker Initiated GC) [PSYoungGen: 177756K->46250K(176640K)] 412108K->280729K(700928K), 0.0121467 secs] [Times: user=0.11 sys=0.01, real=0.01 secs] 
2016-09-13T18:08:15.516-0400: 171.979: [GC (GCLocker Initiated GC) [PSYoungGen: 176298K->38470K(197120K)] 410808K->273177K(721408K), 0.0050803 secs] [Times: user=0.03 sys=0.00, real=0.01 secs] 
2016-09-13T18:08:15.729-0400: 172.192: [GC (Allocation Failure) [PSYoungGen: 168518K->26628K(157184K)] 404760K->266054K(681472K), 0.0206210 secs] [Times: user=0.22 sys=0.00, real=0.02 secs] 
2016-09-13T18:08:15.928-0400: 172.391: [GC (GCLocker Initiated GC) [PSYoungGen: 152179K->23281K(194048K)] 397679K->275058K(718336K), 0.0285833 secs] [Times: user=0.27 sys=0.00, real=0.03 secs] 
2016-09-13T18:08:16.152-0400: 172.616: [GC (GCLocker Initiated GC) [PSYoungGen: 153841K->28422K(193536K)] 408865K->283656K(717824K), 0.0158690 secs] [Times: user=0.17 sys=0.00, real=0.02 secs] 
2016-09-13T18:08:16.379-0400: 172.842: [GC (GCLocker Initiated GC) [PSYoungGen: 158982K->30993K(196608K)] 414359K->286579K(720896K), 0.0117704 secs] [Times: user=0.09 sys=0.00, real=0.01 secs] 
2016-09-13T18:08:16.627-0400: 173.091: [GC (Allocation Failure) [PSYoungGen: 169233K->40200K(196608K)] 425135K->300871K(720896K), 0.0296496 secs] [Times: user=0.32 sys=0.00, real=0.04 secs] 
2016-09-13T18:08:16.840-0400: 173.303: [GC (GCLocker Initiated GC) [PSYoungGen: 178440K->29702K(200192K)] 439112K->290780K(724480K), 0.0084358 secs] [Times: user=0.07 sys=0.00, real=0.01 secs] 
2016-09-13T18:08:17.067-0400: 173.530: [GC (GCLocker Initiated GC) [PSYoungGen: 174598K->46277K(201728K)] 435801K->307705K(726016K), 0.0130974 secs] [Times: user=0.12 sys=0.01, real=0.02 secs] 
2016-09-13T18:08:17.318-0400: 173.781: [GC (GCLocker Initiated GC) [PSYoungGen: 191173K->52383K(194560K)] 458719K->320118K(718848K), 0.0326422 secs] [Times: user=0.33 sys=0.01, real=0.03 secs] 
2016-09-13T18:08:17.522-0400: 173.985: [GC (GCLocker Initiated GC) [PSYoungGen: 187551K->60073K(195584K)] 456955K->332771K(719872K), 0.0143600 secs] [Times: user=0.13 sys=0.00, real=0.02 secs] 
2016-09-13T18:08:17.744-0400: 174.207: [GC (Allocation Failure) [PSYoungGen: 195241K->23463K(190464K)] 468093K->296552K(714752K), 0.0178017 secs] [Times: user=0.16 sys=0.00, real=0.02 secs] 
2016-09-13T18:08:17.942-0400: 174.405: [GC (GCLocker Initiated GC) [PSYoungGen: 146794K->34217K(193024K)] 421402K->309191K(717312K), 0.0146480 secs] [Times: user=0.14 sys=0.00, real=0.02 secs] 
2016-09-13T18:08:18.140-0400: 174.604: [GC (GCLocker Initiated GC) [PSYoungGen: 158121K->29575K(189952K)] 439209K->315480K(714240K), 0.0057166 secs] [Times: user=0.04 sys=0.00, real=0.00 secs] 
2016-09-13T18:08:18.351-0400: 174.815: [GC (GCLocker Initiated GC) [PSYoungGen: 156039K->27865K(191488K)] 448197K->320217K(715776K), 0.0102960 secs] [Times: user=0.06 sys=0.00, real=0.01 secs] 
2016-09-13T18:08:18.573-0400: 175.036: [GC (Allocation Failure) [PSYoungGen: 154329K->28087K(194048K)] 446929K->320959K(718336K), 0.0277408 secs] [Times: user=0.30 sys=0.00, real=0.03 secs] 
2016-09-13T18:08:18.799-0400: 175.262: [GC (GCLocker Initiated GC) [PSYoungGen: 161719K->23595K(195584K)] 456110K->318258K(719872K), 0.0120555 secs] [Times: user=0.13 sys=0.00, real=0.01 secs] 
2016-09-13T18:08:19.019-0400: 175.483: [GC (GCLocker Initiated GC) [PSYoungGen: 157227K->9890K(198144K)] 461072K->313952K(722432K), 0.0187846 secs] [Times: user=0.17 sys=0.00, real=0.02 secs] 
2016-09-13T18:08:19.249-0400: 175.712: [GC (GCLocker Initiated GC) [PSYoungGen: 147106K->43212K(180736K)] 452851K->349225K(705024K), 0.0385597 secs] [Times: user=0.42 sys=0.00, real=0.04 secs] 
2016-09-13T18:08:19.491-0400: 175.954: [GC (Allocation Failure) [PSYoungGen: 180428K->5371K(195584K)] 505005K->330224K(719872K), 0.0183691 secs] [Times: user=0.21 sys=0.00, real=0.02 secs] 
2016-09-13T18:08:19.698-0400: 176.161: [GC (GCLocker Initiated GC) [PSYoungGen: 137467K->64417K(196608K)] 462332K->389483K(720896K), 0.0223005 secs] [Times: user=0.23 sys=0.01, real=0.02 secs] 
2016-09-13T18:08:19.908-0400: 176.371: [GC (GCLocker Initiated GC) [PSYoungGen: 196513K->61470K(165888K)] 521694K->392806K(690176K), 0.0106586 secs] [Times: user=0.11 sys=0.00, real=0.01 secs] 
2016-09-13T18:08:20.085-0400: 176.548: [GC (Allocation Failure) [PSYoungGen: 161822K->27934K(181248K)] 500787K->371586K(705536K), 0.0262588 secs] [Times: user=0.28 sys=0.00, real=0.03 secs] 
2016-09-13T18:08:20.252-0400: 176.715: [GC (GCLocker Initiated GC) [PSYoungGen: 128286K->43302K(176128K)] 471939K->387070K(700416K), 0.0067933 secs] [Times: user=0.06 sys=0.00, real=0.01 secs] 
2016-09-13T18:08:20.437-0400: 176.900: [GC (GCLocker Initiated GC) [PSYoungGen: 146726K->27897K(180224K)] 490636K->371966K(704512K), 0.0146122 secs] [Times: user=0.12 sys=0.00, real=0.01 secs] 
2016-09-13T18:08:20.608-0400: 177.071: [GC (GCLocker Initiated GC) [PSYoungGen: 131321K->28029K(179200K)] 483094K->380007K(703488K), 0.0235320 secs] [Times: user=0.23 sys=0.01, real=0.03 secs] 
2016-09-13T18:08:20.807-0400: 177.270: [GC (GCLocker Initiated GC) [PSYoungGen: 139645K->26288K(182784K)] 499247K->386138K(707072K), 0.0168681 secs] [Times: user=0.15 sys=0.00, real=0.02 secs] 
2016-09-13T18:08:20.982-0400: 177.445: [GC (GCLocker Initiated GC) [PSYoungGen: 137904K->28062K(184320K)] 497999K->398967K(708608K), 0.0102100 secs] [Times: user=0.10 sys=0.00, real=0.01 secs] 
2016-09-13T18:08:21.209-0400: 177.672: [GC (GCLocker Initiated GC) [PSYoungGen: 149918K->9709K(188416K)] 527001K->386993K(712704K), 0.0155822 secs] [Times: user=0.15 sys=0.00, real=0.01 secs] 
2016-09-13T18:08:21.410-0400: 177.873: [GC (GCLocker Initiated GC) [PSYoungGen: 131565K->27960K(189952K)] 515098K->411608K(714240K), 0.0302271 secs] [Times: user=0.28 sys=0.00, real=0.03 secs] 
2016-09-13T18:08:21.627-0400: 178.091: [GC (GCLocker Initiated GC) [PSYoungGen: 156472K->41784K(192512K)] 541702K->427297K(716800K), 0.0175541 secs] [Times: user=0.18 sys=0.01, real=0.02 secs] 
2016-09-13T18:08:21.813-0400: 178.276: [GC (GCLocker Initiated GC) [PSYoungGen: 170296K->26410K(194048K)] 555835K->412194K(718336K), 0.0069182 secs] [Times: user=0.04 sys=0.00, real=0.01 secs] 
2016-09-13T18:08:22.043-0400: 178.506: [GC (GCLocker Initiated GC) [PSYoungGen: 159530K->23469K(195584K)] 546841K->424577K(719872K), 0.0101569 secs] [Times: user=0.12 sys=0.01, real=0.01 secs] 
2016-09-13T18:08:22.250-0400: 178.713: [GC (GCLocker Initiated GC) [PSYoungGen: 156589K->8184K(198144K)] 569906K->421592K(722432K), 0.0275050 secs] [Times: user=0.23 sys=0.00, real=0.03 secs] 
2016-09-13T18:08:22.485-0400: 178.949: [GC (GCLocker Initiated GC) [PSYoungGen: 145912K->31031K(199168K)] 565423K->455323K(723456K), 0.0320335 secs] [Times: user=0.31 sys=0.00, real=0.04 secs] 
2016-09-13T18:08:22.701-0400: 179.164: [GC (GCLocker Initiated GC) [PSYoungGen: 168759K->56976K(188416K)] 594790K->498431K(712704K), 0.0287636 secs] [Times: user=0.29 sys=0.00, real=0.03 secs] 
2016-09-13T18:08:22.932-0400: 179.395: [GC (Allocation Failure) [PSYoungGen: 186000K->29634K(195584K)] 633648K->477621K(719872K), 0.0127602 secs] [Times: user=0.10 sys=0.00, real=0.01 secs] 
2016-09-13T18:08:23.116-0400: 179.579: [GC (GCLocker Initiated GC) [PSYoungGen: 158658K->47555K(192512K)] 606646K->497271K(716800K), 0.0125202 secs] [Times: user=0.11 sys=0.01, real=0.01 secs] 
2016-09-13T18:08:23.323-0400: 179.787: [GC (Allocation Failure) [PSYoungGen: 176579K->41475K(195584K)] 626504K->491465K(719872K), 0.0155230 secs] [Times: user=0.15 sys=0.01, real=0.02 secs] 
2016-09-13T18:08:23.546-0400: 180.009: [GC (Allocation Failure) [PSYoungGen: 170341K->9768K(194048K)] 620331K->459912K(718336K), 0.0189186 secs] [Times: user=0.21 sys=0.00, real=0.02 secs] 
2016-09-13T18:08:23.760-0400: 180.223: [GC (Allocation Failure) [PSYoungGen: 137768K->46249K(174592K)] 587912K->496532K(698880K), 0.0108267 secs] [Times: user=0.09 sys=0.00, real=0.01 secs] 
2016-09-13T18:08:23.984-0400: 180.447: [GC (Allocation Failure) [PSYoungGen: 172762K->9859K(193024K)] 623045K->460359K(717312K), 0.0155138 secs] [Times: user=0.18 sys=0.00, real=0.02 secs] 
2016-09-13T18:08:24.169-0400: 180.632: [GC (Allocation Failure) [PSYoungGen: 133192K->41634K(165888K)] 583692K->492340K(690176K), 0.0091258 secs] [Times: user=0.09 sys=0.00, real=0.01 secs] 
2016-09-13T18:08:24.363-0400: 180.826: [GC (GCLocker Initiated GC) [PSYoungGen: 165538K->43121K(191488K)] 616257K->494025K(715776K), 0.0081971 secs] [Times: user=0.07 sys=0.00, real=0.01 secs] 
2016-09-13T18:08:24.548-0400: 181.011: [GC (Allocation Failure) [PSYoungGen: 164977K->41411K(192000K)] 615889K->492560K(716288K), 0.0103892 secs] [Times: user=0.07 sys=0.01, real=0.01 secs] 
2016-09-13T18:08:24.757-0400: 181.220: [GC (Allocation Failure) [PSYoungGen: 161987K->23249K(187904K)] 613135K->474528K(712192K), 0.0122321 secs] [Times: user=0.11 sys=0.00, real=0.01 secs] 
2016-09-13T18:08:24.951-0400: 181.414: [GC (GCLocker Initiated GC) [PSYoungGen: 145617K->11136K(189952K)] 596896K->462601K(714240K), 0.0064154 secs] [Times: user=0.04 sys=0.00, real=0.01 secs] 
2016-09-13T18:08:25.140-0400: 181.604: [GC (GCLocker Initiated GC) [PSYoungGen: 133504K->29356K(187904K)] 592685K->488739K(712192K), 0.0206002 secs] [Times: user=0.22 sys=0.00, real=0.02 secs] 
2016-09-13T18:08:25.340-0400: 181.803: [GC (GCLocker Initiated GC) [PSYoungGen: 155820K->44602K(190976K)] 615284K->505766K(715264K), 0.0059431 secs] [Times: user=0.05 sys=0.01, real=0.00 secs] 
2016-09-13T18:08:25.552-0400: 182.015: [GC (GCLocker Initiated GC) [PSYoungGen: 171066K->52299K(186880K)] 632318K->513984K(711168K), 0.0104233 secs] [Times: user=0.13 sys=0.00, real=0.01 secs] 
2016-09-13T18:08:25.781-0400: 182.244: [GC (Allocation Failure) [PSYoungGen: 173131K->8157K(129024K)] 634880K->479231K(653312K), 0.0090160 secs] [Times: user=0.07 sys=0.00, real=0.01 secs] 
2016-09-13T18:08:25.946-0400: 182.409: [GC (GCLocker Initiated GC) [PSYoungGen: 128989K->12836K(192000K)] 600066K->490351K(716288K), 0.0352397 secs] [Times: user=0.29 sys=0.00, real=0.04 secs] 
2016-09-13T18:08:26.150-0400: 182.613: [GC (GCLocker Initiated GC) [PSYoungGen: 133668K->24895K(145920K)] 620471K->511934K(670208K), 0.0176542 secs] [Times: user=0.17 sys=0.00, real=0.01 secs] 
2016-09-13T18:08:26.361-0400: 182.824: [GC (GCLocker Initiated GC) [PSYoungGen: 145727K->9709K(188416K)] 634299K->498513K(712704K), 0.0336266 secs] [Times: user=0.37 sys=0.00, real=0.03 secs] 
2016-09-13T18:08:26.557-0400: 183.020: [GC (GCLocker Initiated GC) [PSYoungGen: 131053K->58245K(187904K)] 619888K->547325K(712192K), 0.0102441 secs] [Times: user=0.10 sys=0.00, real=0.00 secs] 
2016-09-13T18:08:26.753-0400: 183.217: [GC (Allocation Failure) [PSYoungGen: 179589K->24987K(191488K)] 674897K->538770K(715776K), 0.0153132 secs] [Times: user=0.15 sys=0.00, real=0.02 secs] 
2016-09-13T18:08:26.769-0400: 183.232: [Full GC (Ergonomics) [PSYoungGen: 24987K->0K(191488K)] [ParOldGen: 513782K->39101K(524288K)] 538770K->39101K(715776K), [Metaspace: 44641K->44641K(1087488K)], 0.0643385 secs] [Times: user=0.38 sys=0.01, real=0.06 secs] 
2016-09-13T18:08:26.994-0400: 183.457: [GC (GCLocker Initiated GC) [PSYoungGen: 117248K->50869K(187904K)] 156352K->89973K(712192K), 0.0113825 secs] [Times: user=0.06 sys=0.00, real=0.01 secs] 
2016-09-13T18:08:27.183-0400: 183.647: [GC (GCLocker Initiated GC) [PSYoungGen: 168117K->43157K(187904K)] 207322K->93416K(712192K), 0.0071753 secs] [Times: user=0.05 sys=0.00, real=0.01 secs] 
2016-09-13T18:08:27.343-0400: 183.806: [GC (GCLocker Initiated GC) [PSYoungGen: 156821K->38501K(152576K)] 216410K->102878K(676864K), 0.0105231 secs] [Times: user=0.07 sys=0.00, real=0.01 secs] 
2016-09-13T18:08:27.514-0400: 183.978: [GC (GCLocker Initiated GC) [PSYoungGen: 152165K->44863K(185344K)] 216597K->109426K(709632K), 0.0063969 secs] [Times: user=0.03 sys=0.01, real=0.01 secs] 
2016-09-13T18:08:27.701-0400: 184.164: [GC (GCLocker Initiated GC) [PSYoungGen: 158015K->56822K(169984K)] 224407K->126382K(694272K), 0.0096171 secs] [Times: user=0.08 sys=0.00, real=0.01 secs] 
2016-09-13T18:08:27.897-0400: 184.360: [GC (GCLocker Initiated GC) [PSYoungGen: 169974K->24981K(186880K)] 251792K->106926K(711168K), 0.0248229 secs] [Times: user=0.27 sys=0.00, real=0.02 secs] 
2016-09-13T18:08:28.085-0400: 184.549: [GC (GCLocker Initiated GC) [PSYoungGen: 134549K->23314K(133120K)] 216588K->105605K(657408K), 0.0075242 secs] [Times: user=0.07 sys=0.00, real=0.01 secs] 
2016-09-13T18:08:28.268-0400: 184.732: [GC (GCLocker Initiated GC) [PSYoungGen: 132882K->72324K(168448K)] 215191K->154796K(692736K), 0.0124937 secs] [Times: user=0.14 sys=0.00, real=0.01 secs] 
2016-09-13T18:08:28.439-0400: 184.902: [GC (Allocation Failure) [PSYoungGen: 167556K->46223K(178688K)] 250125K->132136K(702976K), 0.0141631 secs] [Times: user=0.16 sys=0.00, real=0.01 secs] 
2016-09-13T18:08:28.609-0400: 185.073: [GC (GCLocker Initiated GC) [PSYoungGen: 141455K->46405K(174080K)] 227371K->132563K(698368K), 0.0113072 secs] [Times: user=0.14 sys=0.00, real=0.01 secs] 
2016-09-13T18:08:28.766-0400: 185.229: [GC (GCLocker Initiated GC) [PSYoungGen: 143173K->50812K(177152K)] 229523K->137242K(701440K), 0.0094405 secs] [Times: user=0.13 sys=0.00, real=0.01 secs] 
2016-09-13T18:08:28.926-0400: 185.390: [GC (GCLocker Initiated GC) [PSYoungGen: 147580K->28269K(178688K)] 248064K->128950K(702976K), 0.0098592 secs] [Times: user=0.11 sys=0.00, real=0.02 secs] 
2016-09-13T18:08:29.072-0400: 185.535: [GC (GCLocker Initiated GC) [PSYoungGen: 129645K->41753K(180224K)] 230379K->147358K(704512K), 0.0101661 secs] [Times: user=0.09 sys=0.00, real=0.01 secs] 
2016-09-13T18:08:29.256-0400: 185.719: [GC (Allocation Failure) [PSYoungGen: 143129K->3724K(179200K)] 261059K->140043K(703488K), 0.0086963 secs] [Times: user=0.08 sys=0.00, real=0.00 secs] 
2016-09-13T18:08:29.420-0400: 185.884: [GC (GCLocker Initiated GC) [PSYoungGen: 107148K->26377K(181760K)] 243469K->162826K(706048K), 0.0230667 secs] [Times: user=0.24 sys=0.00, real=0.02 secs] 
2016-09-13T18:08:29.601-0400: 186.064: [GC (GCLocker Initiated GC) [PSYoungGen: 129801K->27934K(177664K)] 266261K->164574K(701952K), 0.0056683 secs] [Times: user=0.05 sys=0.00, real=0.00 secs] 
2016-09-13T18:08:29.748-0400: 186.211: [GC (GCLocker Initiated GC) [PSYoungGen: 135966K->38564K(180736K)] 272805K->180169K(705024K), 0.0145264 secs] [Times: user=0.15 sys=0.00, real=0.01 secs] 
2016-09-13T18:08:29.910-0400: 186.374: [GC (GCLocker Initiated GC) [PSYoungGen: 146596K->47614K(189440K)] 288226K->194041K(713728K), 0.0100901 secs] [Times: user=0.06 sys=0.01, real=0.01 secs] 
2016-09-13T18:08:30.120-0400: 186.583: [GC (GCLocker Initiated GC) [PSYoungGen: 166398K->23223K(190464K)] 312828K->172903K(714752K), 0.0251285 secs] [Times: user=0.25 sys=0.00, real=0.02 secs] 
2016-09-13T18:08:30.329-0400: 186.793: [GC (GCLocker Initiated GC) [PSYoungGen: 142007K->29484K(184320K)] 291748K->179412K(708608K), 0.0115706 secs] [Times: user=0.10 sys=0.01, real=0.01 secs] 
2016-09-13T18:08:30.510-0400: 186.973: [GC (GCLocker Initiated GC) [PSYoungGen: 149292K->35686K(187392K)] 299398K->187552K(711680K), 0.0141333 secs] [Times: user=0.12 sys=0.01, real=0.01 secs] 
2016-09-13T18:08:30.711-0400: 187.174: [GC (GCLocker Initiated GC) [PSYoungGen: 155494K->62897K(181760K)] 307558K->215178K(706048K), 0.0387069 secs] [Times: user=0.39 sys=0.00, real=0.04 secs] 
2016-09-13T18:08:30.908-0400: 187.371: [GC (GCLocker Initiated GC) [PSYoungGen: 179633K->46281K(189440K)] 338195K->204974K(713728K), 0.0164698 secs] [Times: user=0.14 sys=0.01, real=0.01 secs] 
2016-09-13T18:08:31.098-0400: 187.562: [GC (GCLocker Initiated GC) [PSYoungGen: 163017K->24959K(186880K)] 337119K->199313K(711168K), 0.0131518 secs] [Times: user=0.12 sys=0.01, real=0.01 secs] 
2016-09-13T18:08:31.299-0400: 187.762: [GC (GCLocker Initiated GC) [PSYoungGen: 142207K->31031K(188416K)] 328740K->217715K(712704K), 0.0362078 secs] [Times: user=0.37 sys=0.01, real=0.03 secs] 
2016-09-13T18:08:31.501-0400: 187.964: [GC (GCLocker Initiated GC) [PSYoungGen: 148279K->63025K(180224K)] 335169K->253108K(704512K), 0.0085710 secs] [Times: user=0.07 sys=0.00, real=0.01 secs] 
2016-09-13T18:08:31.681-0400: 188.144: [GC (GCLocker Initiated GC) [PSYoungGen: 174641K->40078K(186880K)] 364888K->230448K(711168K), 0.0058386 secs] [Times: user=0.04 sys=0.00, real=0.00 secs] 
2016-09-13T18:08:31.852-0400: 188.315: [GC (GCLocker Initiated GC) [PSYoungGen: 151694K->43184K(180736K)] 342291K->238515K(705024K), 0.0068498 secs] [Times: user=0.05 sys=0.00, real=0.01 secs] 
2016-09-13T18:08:32.069-0400: 188.533: [GC (GCLocker Initiated GC) [PSYoungGen: 157872K->24891K(185344K)] 359456K->226578K(709632K), 0.0103131 secs] [Times: user=0.03 sys=0.00, real=0.01 secs] 
2016-09-13T18:08:32.258-0400: 188.721: [GC (Allocation Failure) [PSYoungGen: 139579K->41694K(187392K)] 341522K->243879K(711680K), 0.0067088 secs] [Times: user=0.06 sys=0.00, real=0.00 secs] 
2016-09-13T18:08:32.450-0400: 188.913: [GC (GCLocker Initiated GC) [PSYoungGen: 163550K->64608K(186880K)] 365741K->266945K(711168K), 0.0074982 secs] [Times: user=0.08 sys=0.01, real=0.01 secs] 
2016-09-13T18:08:32.653-0400: 189.116: [GC (Allocation Failure) [PSYoungGen: 186464K->23501K(187904K)] 396621K->233852K(712192K), 0.0183965 secs] [Times: user=0.23 sys=0.00, real=0.02 secs] 
2016-09-13T18:08:32.858-0400: 189.322: [GC (GCLocker Initiated GC) [PSYoungGen: 130802K->46319K(159744K)] 347228K->262966K(684032K), 0.0070771 secs] [Times: user=0.08 sys=0.00, real=0.00 secs] 
2016-09-13T18:08:33.034-0400: 189.497: [GC (GCLocker Initiated GC) [PSYoungGen: 159471K->23592K(187392K)] 376119K->240490K(711680K), 0.0062699 secs] [Times: user=0.08 sys=0.00, real=0.01 secs] 
2016-09-13T18:08:33.217-0400: 189.680: [GC (GCLocker Initiated GC) [PSYoungGen: 137256K->15752K(186880K)] 360251K->238885K(711168K), 0.0194846 secs] [Times: user=0.25 sys=0.00, real=0.02 secs] 
2016-09-13T18:08:33.417-0400: 189.880: [GC (GCLocker Initiated GC) [PSYoungGen: 129416K->41629K(186368K)] 352601K->266484K(710656K), 0.0134558 secs] [Times: user=0.14 sys=0.00, real=0.01 secs] 
2016-09-13T18:08:33.598-0400: 190.061: [GC (GCLocker Initiated GC) [PSYoungGen: 157341K->37328K(187392K)] 382299K->262516K(711680K), 0.0102547 secs] [Times: user=0.14 sys=0.00, real=0.01 secs] 
2016-09-13T18:08:33.759-0400: 190.222: [GC (GCLocker Initiated GC) [PSYoungGen: 153040K->28306K(188416K)] 379888K->255454K(712704K), 0.0065220 secs] [Times: user=0.09 sys=0.00, real=0.00 secs] 
2016-09-13T18:08:33.944-0400: 190.408: [GC (Allocation Failure) [PSYoungGen: 150162K->34036K(188416K)] 377368K->261480K(712704K), 0.0245053 secs] [Times: user=0.30 sys=0.00, real=0.03 secs] 
2016-09-13T18:08:34.147-0400: 190.611: [GC (GCLocker Initiated GC) [PSYoungGen: 155394K->50876K(189952K)] 384356K->289130K(714240K), 0.0080259 secs] [Times: user=0.10 sys=0.00, real=0.01 secs] 
2016-09-13T18:08:34.407-0400: 190.870: [GC (GCLocker Initiated GC) [PSYoungGen: 176828K->17611K(193024K)] 427352K->268348K(717312K), 0.0048410 secs] [Times: user=0.04 sys=0.00, real=0.01 secs] 
2016-09-13T18:08:34.605-0400: 191.068: [GC (GCLocker Initiated GC) [PSYoungGen: 143563K->11228K(193024K)] 401917K->275985K(717312K), 0.0083318 secs] [Times: user=0.07 sys=0.00, real=0.01 secs] 
2016-09-13T18:08:34.810-0400: 191.273: [GC (GCLocker Initiated GC) [PSYoungGen: 137180K->32645K(158720K)] 401959K->311221K(683008K), 0.0091573 secs] [Times: user=0.11 sys=0.01, real=0.01 secs] 
2016-09-13T18:08:35.006-0400: 191.470: [GC (GCLocker Initiated GC) [PSYoungGen: 158597K->34163K(194048K)] 437203K->323619K(718336K), 0.0240850 secs] [Times: user=0.20 sys=0.00, real=0.03 secs] 
2016-09-13T18:08:35.234-0400: 191.698: [GC (GCLocker Initiated GC) [PSYoungGen: 163699K->46058K(191488K)] 453297K->340406K(715776K), 0.0229333 secs] [Times: user=0.21 sys=0.00, real=0.03 secs] 
2016-09-13T18:08:35.473-0400: 191.937: [GC (GCLocker Initiated GC) [PSYoungGen: 175594K->58366K(185856K)] 471740K->354642K(710144K), 0.0088811 secs] [Times: user=0.08 sys=0.00, real=0.01 secs] 
2016-09-13T18:08:35.658-0400: 192.121: [GC (GCLocker Initiated GC) [PSYoungGen: 180222K->11218K(133120K)] 488866K->320031K(657408K), 0.0053547 secs] [Times: user=0.04 sys=0.00, real=0.00 secs] 
2016-09-13T18:08:35.848-0400: 192.311: [GC (GCLocker Initiated GC) [PSYoungGen: 133074K->24950K(193024K)] 448180K->346278K(717312K), 0.0310192 secs] [Times: user=0.33 sys=0.00, real=0.03 secs] 
2016-09-13T18:08:36.058-0400: 192.521: [GC (GCLocker Initiated GC) [PSYoungGen: 146806K->27992K(150016K)] 474341K->355641K(674304K), 0.0067012 secs] [Times: user=0.05 sys=0.00, real=0.00 secs] 
2016-09-13T18:08:36.247-0400: 192.710: [GC (GCLocker Initiated GC) [PSYoungGen: 149848K->44890K(186368K)] 479184K->382070K(710656K), 0.0103986 secs] [Times: user=0.11 sys=0.01, real=0.02 secs] 
2016-09-13T18:08:36.451-0400: 192.914: [GC (Allocation Failure) [PSYoungGen: 165210K->27934K(187904K)] 508725K->380786K(712192K), 0.0320093 secs] [Times: user=0.33 sys=0.00, real=0.03 secs] 
2016-09-13T18:08:36.658-0400: 193.121: [GC (GCLocker Initiated GC) [PSYoungGen: 148254K->47890K(190976K)] 501112K->400886K(715264K), 0.0144982 secs] [Times: user=0.13 sys=0.00, real=0.01 secs] 
2016-09-13T18:08:36.907-0400: 193.370: [GC (GCLocker Initiated GC) [PSYoungGen: 173842K->49291K(175616K)] 527015K->402708K(699904K), 0.0076368 secs] [Times: user=0.06 sys=0.00, real=0.01 secs] 
2016-09-13T18:08:37.106-0400: 193.569: [GC (GCLocker Initiated GC) [PSYoungGen: 175243K->35646K(196096K)] 534809K->395410K(720384K), 0.0098186 secs] [Times: user=0.08 sys=0.00, real=0.02 secs] 
2016-09-13T18:08:37.292-0400: 193.756: [GC (GCLocker Initiated GC) [PSYoungGen: 162110K->43029K(192512K)] 523669K->412356K(716800K), 0.0283822 secs] [Times: user=0.22 sys=0.00, real=0.03 secs] 
2016-09-13T18:08:37.500-0400: 193.963: [GC (GCLocker Initiated GC) [PSYoungGen: 169493K->47795K(191488K)] 546571K->425031K(715776K), 0.0141297 secs] [Times: user=0.13 sys=0.01, real=0.01 secs] 
2016-09-13T18:08:37.708-0400: 194.171: [GC (GCLocker Initiated GC) [PSYoungGen: 173235K->50992K(192512K)] 550739K->433345K(716800K), 0.0259338 secs] [Times: user=0.28 sys=0.01, real=0.02 secs] 
2016-09-13T18:08:37.917-0400: 194.380: [GC (GCLocker Initiated GC) [PSYoungGen: 176432K->64379K(180736K)] 558816K->446956K(705024K), 0.0116648 secs] [Times: user=0.10 sys=0.02, real=0.01 secs] 
2016-09-13T18:08:38.076-0400: 194.539: [GC (GCLocker Initiated GC) [PSYoungGen: 175995K->51055K(186880K)] 558753K->435463K(711168K), 0.0130387 secs] [Times: user=0.11 sys=0.00, real=0.01 secs] 
2016-09-13T18:08:38.261-0400: 194.724: [GC (Allocation Failure) [PSYoungGen: 162671K->44731K(181760K)] 547202K->429480K(706048K), 0.0138098 secs] [Times: user=0.14 sys=0.00, real=0.01 secs] 
2016-09-13T18:08:38.456-0400: 194.919: [GC (GCLocker Initiated GC) [PSYoungGen: 155036K->6697K(184320K)] 545859K->406771K(708608K), 0.0155286 secs] [Times: user=0.12 sys=0.00, real=0.01 secs] 
2016-09-13T18:08:38.651-0400: 195.115: [GC (GCLocker Initiated GC) [PSYoungGen: 118313K->9795K(183808K)] 532062K->423864K(708096K), 0.0128138 secs] [Times: user=0.13 sys=0.00, real=0.01 secs] 
2016-09-13T18:08:38.856-0400: 195.319: [GC (Allocation Failure) [PSYoungGen: 117315K->24832K(132608K)] 531599K->439223K(656896K), 0.0132133 secs] [Times: user=0.10 sys=0.00, real=0.01 secs] 
2016-09-13T18:08:39.016-0400: 195.479: [GC (GCLocker Initiated GC) [PSYoungGen: 132107K->43244K(184832K)] 548017K->459429K(709120K), 0.0130455 secs] [Times: user=0.12 sys=0.00, real=0.02 secs] 
2016-09-13T18:08:39.187-0400: 195.650: [GC (GCLocker Initiated GC) [PSYoungGen: 152812K->50844K(183808K)] 569205K->467479K(708096K), 0.0102515 secs] [Times: user=0.12 sys=0.00, real=0.02 secs] 
2016-09-13T18:08:39.336-0400: 195.799: [GC (GCLocker Initiated GC) [PSYoungGen: 160412K->46190K(186880K)] 577320K->463245K(711168K), 0.0227203 secs] [Times: user=0.28 sys=0.01, real=0.03 secs] 
2016-09-13T18:08:39.527-0400: 195.990: [GC (GCLocker Initiated GC) [PSYoungGen: 157294K->49325K(186368K)] 574371K->466636K(710656K), 0.0063303 secs] [Times: user=0.07 sys=0.00, real=0.01 secs] 
2016-09-13T18:08:39.709-0400: 196.172: [GC (GCLocker Initiated GC) [PSYoungGen: 160429K->32587K(182272K)] 577762K->459160K(706560K), 0.0122740 secs] [Times: user=0.15 sys=0.00, real=0.01 secs] 
2016-09-13T18:08:39.899-0400: 196.363: [GC (GCLocker Initiated GC) [PSYoungGen: 143691K->26537K(184320K)] 578036K->468654K(708608K), 0.0122876 secs] [Times: user=0.12 sys=0.01, real=0.01 secs] 
2016-09-13T18:08:40.081-0400: 196.544: [GC (GCLocker Initiated GC) [PSYoungGen: 137641K->46559K(186880K)] 581353K->490539K(711168K), 0.0066011 secs] [Times: user=0.08 sys=0.00, real=0.00 secs] 
2016-09-13T18:08:40.283-0400: 196.746: [GC (GCLocker Initiated GC) [PSYoungGen: 163295K->57010K(174080K)] 607487K->501282K(698368K), 0.0100464 secs] [Times: user=0.14 sys=0.00, real=0.01 secs] 
2016-09-13T18:08:40.506-0400: 196.969: [GC (GCLocker Initiated GC) [PSYoungGen: 173746K->9837K(182784K)] 636401K->484813K(707072K), 0.0138389 secs] [Times: user=0.15 sys=0.00, real=0.02 secs] 
2016-09-13T18:08:40.679-0400: 197.142: [GC (GCLocker Initiated GC) [PSYoungGen: 117357K->51093K(158720K)] 592582K->526480K(683008K), 0.0110793 secs] [Times: user=0.17 sys=0.00, real=0.01 secs] 
2016-09-13T18:08:40.844-0400: 197.307: [GC (GCLocker Initiated GC) [PSYoungGen: 158613K->17521K(184320K)] 640148K->499273K(708608K), 0.0131024 secs] [Times: user=0.13 sys=0.00, real=0.02 secs] 
2016-09-13T18:08:41.024-0400: 197.487: [GC (GCLocker Initiated GC) [PSYoungGen: 123505K->23377K(129536K)] 608505K->514728K(653824K), 0.0185111 secs] [Times: user=0.16 sys=0.00, real=0.02 secs] 
2016-09-13T18:08:41.207-0400: 197.670: [GC (GCLocker Initiated GC) [PSYoungGen: 129361K->18854K(183808K)] 626809K->516477K(708096K), 0.0217167 secs] [Times: user=0.23 sys=0.00, real=0.03 secs] 
2016-09-13T18:08:41.415-0400: 197.878: [GC (GCLocker Initiated GC) [PSYoungGen: 126374K->46351K(182272K)] 631750K->564087K(706560K), 0.0070118 secs] [Times: user=0.09 sys=0.00, real=0.01 secs] 
2016-09-13T18:08:41.422-0400: 197.885: [Full GC (Ergonomics) [PSYoungGen: 46351K->0K(182272K)] [ParOldGen: 517736K->47127K(524288K)] 564087K->47127K(706560K), [Metaspace: 44653K->44653K(1087488K)], 0.0497208 secs] [Times: user=0.30 sys=0.01, real=0.05 secs] 
2016-09-13T18:08:41.614-0400: 198.078: [GC (GCLocker Initiated GC) [PSYoungGen: 107520K->73964K(165376K)] 161001K->145670K(689664K), 0.0189055 secs] [Times: user=0.22 sys=0.00, real=0.02 secs] 
2016-09-13T18:08:41.793-0400: 198.256: [GC (GCLocker Initiated GC) [PSYoungGen: 164076K->11387K(176128K)] 241882K->135210K(700416K), 0.0084941 secs] [Times: user=0.10 sys=0.00, real=0.01 secs] 
2016-09-13T18:08:41.902-0400: 198.365: [GC (GCLocker Initiated GC) [PSYoungGen: 101499K->43238K(171008K)] 233040K->179561K(695296K), 0.0096758 secs] [Times: user=0.10 sys=0.00, real=0.01 secs] 
2016-09-13T18:08:42.048-0400: 198.511: [GC (GCLocker Initiated GC) [PSYoungGen: 133350K->17589K(173568K)] 281995K->166577K(697856K), 0.0185106 secs] [Times: user=0.20 sys=0.00, real=0.01 secs] 
2016-09-13T18:08:42.221-0400: 198.685: [GC (GCLocker Initiated GC) [PSYoungGen: 107701K->35490K(169472K)] 256934K->184990K(693760K), 0.0217330 secs] [Times: user=0.21 sys=0.01, real=0.02 secs] 
2016-09-13T18:08:42.380-0400: 198.843: [GC (Allocation Failure) [PSYoungGen: 132258K->14201K(174592K)] 281807K->163952K(698880K), 0.0048779 secs] [Times: user=0.04 sys=0.00, real=0.00 secs] 
2016-09-13T18:08:42.505-0400: 198.968: [GC (GCLocker Initiated GC) [PSYoungGen: 110969K->50960K(180224K)] 260720K->200816K(704512K), 0.0282672 secs] [Times: user=0.32 sys=0.00, real=0.03 secs] 
2016-09-13T18:08:42.703-0400: 199.167: [GC (GCLocker Initiated GC) [PSYoungGen: 154384K->28142K(131584K)] 305769K->179739K(655872K), 0.0058826 secs] [Times: user=0.05 sys=0.00, real=0.01 secs] 
2016-09-13T18:08:42.853-0400: 199.316: [GC (Allocation Failure) [PSYoungGen: 131566K->28087K(184832K)] 289422K->186212K(709120K), 0.0060720 secs] [Times: user=0.04 sys=0.00, real=0.01 secs] 
2016-09-13T18:08:43.043-0400: 199.507: [GC (Allocation Failure) [PSYoungGen: 135781K->6571K(181760K)] 293906K->170969K(706048K), 0.0040663 secs] [Times: user=0.02 sys=0.00, real=0.00 secs] 
2016-09-13T18:08:43.202-0400: 199.665: [GC (GCLocker Initiated GC) [PSYoungGen: 110665K->15880K(187904K)] 281138K->186609K(712192K), 0.0051174 secs] [Times: user=0.04 sys=0.00, real=0.00 secs] 
2016-09-13T18:08:43.404-0400: 199.868: [GC (GCLocker Initiated GC) [PSYoungGen: 131080K->30903K(146432K)] 301854K->201835K(670720K), 0.0186049 secs] [Times: user=0.19 sys=0.01, real=0.02 secs] 
2016-09-13T18:08:43.578-0400: 200.042: [GC (GCLocker Initiated GC) [PSYoungGen: 146103K->65807K(174592K)] 317077K->255196K(698880K), 0.0074920 secs] [Times: user=0.06 sys=0.00, real=0.00 secs] 
2016-09-13T18:08:43.730-0400: 200.193: [GC (Allocation Failure) [PSYoungGen: 172303K->21886K(184320K)] 363398K->268010K(708608K), 0.0153165 secs] [Times: user=0.16 sys=0.01, real=0.01 secs] 
2016-09-13T18:08:43.898-0400: 200.361: [GC (GCLocker Initiated GC) [PSYoungGen: 128257K->65903K(170496K)] 375899K->313685K(694784K), 0.0151072 secs] [Times: user=0.16 sys=0.00, real=0.01 secs] 
2016-09-13T18:08:44.078-0400: 200.541: [GC (Allocation Failure) [PSYoungGen: 161135K->41598K(178688K)] 410521K->291114K(702976K), 0.0148400 secs] [Times: user=0.15 sys=0.00, real=0.01 secs] 
2016-09-13T18:08:44.243-0400: 200.706: [GC (GCLocker Initiated GC) [PSYoungGen: 136830K->26352K(171008K)] 386349K->275994K(695296K), 0.0060263 secs] [Times: user=0.04 sys=0.00, real=0.01 secs] 
2016-09-13T18:08:44.400-0400: 200.863: [GC (Allocation Failure) [PSYoungGen: 124144K->31159K(176128K)] 373847K->281040K(700416K), 0.0046573 secs] [Times: user=0.04 sys=0.00, real=0.00 secs] 
2016-09-13T18:08:44.548-0400: 201.012: [GC (GCLocker Initiated GC) [PSYoungGen: 128951K->62896K(175104K)] 378837K->313003K(699392K), 0.0150538 secs] [Times: user=0.12 sys=0.00, real=0.01 secs] 
2016-09-13T18:08:44.712-0400: 201.176: [GC (GCLocker Initiated GC) [PSYoungGen: 163248K->47806K(181248K)] 413671K->316605K(705536K), 0.0105208 secs] [Times: user=0.11 sys=0.00, real=0.01 secs] 
2016-09-13T18:08:44.882-0400: 201.345: [GC (Allocation Failure) [PSYoungGen: 148158K->52389K(179712K)] 417130K->321516K(704000K), 0.0306564 secs] [Times: user=0.29 sys=0.00, real=0.03 secs] 
2016-09-13T18:08:45.063-0400: 201.526: [GC (GCLocker Initiated GC) [PSYoungGen: 151717K->28247K(128000K)] 420847K->306809K(652288K), 0.0162742 secs] [Times: user=0.20 sys=0.01, real=0.02 secs] 
2016-09-13T18:08:45.203-0400: 201.666: [GC (GCLocker Initiated GC) [PSYoungGen: 127575K->46192K(181248K)] 406383K->325347K(705536K), 0.0135630 secs] [Times: user=0.17 sys=0.01, real=0.02 secs] 
2016-09-13T18:08:45.358-0400: 201.821: [GC (GCLocker Initiated GC) [PSYoungGen: 148080K->41789K(179712K)] 427411K->321216K(704000K), 0.0092722 secs] [Times: user=0.10 sys=0.00, real=0.00 secs] 
2016-09-13T18:08:45.529-0400: 201.992: [GC (GCLocker Initiated GC) [PSYoungGen: 143677K->66030K(174080K)] 423297K->345935K(698368K), 0.0097303 secs] [Times: user=0.10 sys=0.00, real=0.01 secs] 
2016-09-13T18:08:45.687-0400: 202.150: [GC (GCLocker Initiated GC) [PSYoungGen: 164846K->23344K(180224K)] 452477K->317259K(704512K), 0.0051040 secs] [Times: user=0.05 sys=0.00, real=0.01 secs] 
2016-09-13T18:08:45.853-0400: 202.316: [GC (GCLocker Initiated GC) [PSYoungGen: 122160K->25236K(177152K)] 422286K->325694K(701440K), 0.0123477 secs] [Times: user=0.12 sys=0.00, real=0.01 secs] 
2016-09-13T18:08:46.017-0400: 202.481: [GC (GCLocker Initiated GC) [PSYoungGen: 125076K->32491K(179200K)] 425691K->333421K(703488K), 0.0064486 secs] [Times: user=0.06 sys=0.01, real=0.00 secs] 
2016-09-13T18:08:46.208-0400: 202.671: [GC (Allocation Failure) [PSYoungGen: 132331K->24831K(180736K)] 439439K->333588K(705024K), 0.0214215 secs] [Times: user=0.20 sys=0.00, real=0.02 secs] 
2016-09-13T18:08:46.406-0400: 202.869: [GC (GCLocker Initiated GC) [PSYoungGen: 129347K->29357K(181248K)] 444179K->344324K(705536K), 0.0115455 secs] [Times: user=0.11 sys=0.00, real=0.02 secs] 
2016-09-13T18:08:46.548-0400: 203.011: [GC (GCLocker Initiated GC) [PSYoungGen: 135853K->44699K(185856K)] 451024K->360017K(710144K), 0.0279774 secs] [Times: user=0.30 sys=0.01, real=0.03 secs] 
2016-09-13T18:08:46.710-0400: 203.173: [GC (GCLocker Initiated GC) [PSYoungGen: 158363K->46350K(185344K)] 473842K->362010K(709632K), 0.0065619 secs] [Times: user=0.05 sys=0.00, real=0.01 secs] 
2016-09-13T18:08:46.905-0400: 203.368: [GC (GCLocker Initiated GC) [PSYoungGen: 160014K->41630K(187904K)] 481837K->363765K(712192K), 0.0146886 secs] [Times: user=0.13 sys=0.00, real=0.02 secs] 
2016-09-13T18:08:47.122-0400: 203.586: [GC (GCLocker Initiated GC) [PSYoungGen: 160414K->47801K(188928K)] 482694K->370236K(713216K), 0.0140689 secs] [Times: user=0.16 sys=0.00, real=0.02 secs] 
2016-09-13T18:08:47.299-0400: 203.763: [GC (GCLocker Initiated GC) [PSYoungGen: 166585K->67609K(176640K)] 490784K->392037K(700928K), 0.0194127 secs] [Times: user=0.20 sys=0.01, real=0.02 secs] 
2016-09-13T18:08:47.494-0400: 203.957: [GC (GCLocker Initiated GC) [PSYoungGen: 174105K->24955K(184320K)] 510948K->371065K(708608K), 0.0134114 secs] [Times: user=0.13 sys=0.00, real=0.01 secs] 
2016-09-13T18:08:47.669-0400: 204.133: [GC (GCLocker Initiated GC) [PSYoungGen: 131451K->43180K(177664K)] 477729K->389639K(701952K), 0.0079325 secs] [Times: user=0.06 sys=0.00, real=0.01 secs] 
2016-09-13T18:08:47.847-0400: 204.311: [GC (GCLocker Initiated GC) [PSYoungGen: 150188K->27992K(181248K)] 502788K->380869K(705536K), 0.0132221 secs] [Times: user=0.13 sys=0.00, real=0.02 secs] 
2016-09-13T18:08:48.039-0400: 204.503: [GC (Allocation Failure) [PSYoungGen: 135000K->27897K(183808K)] 488052K->381150K(708096K), 0.0052570 secs] [Times: user=0.03 sys=0.01, real=0.00 secs] 
2016-09-13T18:08:48.242-0400: 204.705: [GC (GCLocker Initiated GC) [PSYoungGen: 142585K->43089K(186368K)] 495841K->396475K(710656K), 0.0065874 secs] [Times: user=0.05 sys=0.00, real=0.01 secs] 
2016-09-13T18:08:48.405-0400: 204.869: [GC (GCLocker Initiated GC) [PSYoungGen: 157777K->14356K(189952K)] 517272K->374018K(714240K), 0.0146701 secs] [Times: user=0.15 sys=0.00, real=0.02 secs] 
2016-09-13T18:08:48.618-0400: 205.081: [GC (GCLocker Initiated GC) [PSYoungGen: 134164K->50774K(171008K)] 494001K->410816K(695296K), 0.0070783 secs] [Times: user=0.06 sys=0.00, real=0.00 secs] 
2016-09-13T18:08:48.806-0400: 205.269: [GC (GCLocker Initiated GC) [PSYoungGen: 170582K->43269K(190464K)] 530906K->408410K(714752K), 0.0067994 secs] [Times: user=0.06 sys=0.01, real=0.01 secs] 
2016-09-13T18:08:48.979-0400: 205.442: [GC (GCLocker Initiated GC) [PSYoungGen: 160517K->24860K(142336K)] 525820K->390379K(666624K), 0.0332364 secs] [Times: user=0.33 sys=0.02, real=0.03 secs] 
2016-09-13T18:08:49.182-0400: 205.646: [GC (GCLocker Initiated GC) [PSYoungGen: 142108K->23376K(188928K)] 509196K->390654K(713216K), 0.0071091 secs] [Times: user=0.05 sys=0.00, real=0.01 secs] 
2016-09-13T18:08:49.364-0400: 205.827: [GC (Allocation Failure) [PSYoungGen: 141648K->41817K(187904K)] 508976K->409683K(712192K), 0.0067578 secs] [Times: user=0.08 sys=0.00, real=0.01 secs] 
2016-09-13T18:08:49.562-0400: 206.026: [GC (GCLocker Initiated GC) [PSYoungGen: 160089K->41821K(191488K)] 527960K->409930K(715776K), 0.0067401 secs] [Times: user=0.09 sys=0.00, real=0.01 secs] 
2016-09-13T18:08:49.748-0400: 206.212: [GC (Allocation Failure) [PSYoungGen: 164701K->41793K(190464K)] 534535K->411853K(714752K), 0.0100148 secs] [Times: user=0.12 sys=0.00, real=0.01 secs] 
2016-09-13T18:08:49.759-0400: 206.222: [GC (GCLocker Initiated GC) [PSYoungGen: 42715K->256K(188416K)] 412774K->411816K(712704K), 0.0053039 secs] [Times: user=0.07 sys=0.00, real=0.00 secs] 
2016-09-13T18:08:49.959-0400: 206.422: [GC (GCLocker Initiated GC) [PSYoungGen: 122624K->38879K(192000K)] 534186K->450442K(716288K), 0.0079529 secs] [Times: user=0.07 sys=0.00, real=0.00 secs] 
2016-09-13T18:08:50.157-0400: 206.620: [GC (GCLocker Initiated GC) [PSYoungGen: 161247K->20341K(188928K)] 572811K->446015K(713216K), 0.0156655 secs] [Times: user=0.21 sys=0.00, real=0.01 secs] 
2016-09-13T18:08:50.362-0400: 206.825: [GC (Allocation Failure) [PSYoungGen: 144757K->11721K(191488K)] 572024K->439085K(715776K), 0.0090659 secs] [Times: user=0.12 sys=0.00, real=0.01 secs] 
2016-09-13T18:08:50.547-0400: 207.011: [GC (GCLocker Initiated GC) [PSYoungGen: 130882K->23533K(190976K)] 564321K->464823K(715264K), 0.0068577 secs] [Times: user=0.06 sys=0.01, real=0.01 secs] 
2016-09-13T18:08:50.770-0400: 207.233: [GC (Allocation Failure) [PSYoungGen: 151533K->13023K(193024K)] 594469K->456181K(717312K), 0.0042972 secs] [Times: user=0.04 sys=0.00, real=0.00 secs] 
2016-09-13T18:08:50.996-0400: 207.460: [GC (GCLocker Initiated GC) [PSYoungGen: 141023K->41785K(195072K)] 584182K->492845K(719360K), 0.0099733 secs] [Times: user=0.12 sys=0.00, real=0.00 secs] 
2016-09-13T18:08:51.190-0400: 207.653: [GC (GCLocker Initiated GC) [PSYoungGen: 172857K->27961K(159232K)] 623942K->479161K(683520K), 0.0122730 secs] [Times: user=0.16 sys=0.00, real=0.01 secs] 
2016-09-13T18:08:51.408-0400: 207.872: [GC (GCLocker Initiated GC) [PSYoungGen: 159033K->44730K(193024K)] 610303K->497673K(717312K), 0.0163452 secs] [Times: user=0.15 sys=0.00, real=0.01 secs] 
2016-09-13T18:08:51.619-0400: 208.082: [GC (GCLocker Initiated GC) [PSYoungGen: 175290K->27897K(195072K)] 628236K->484074K(719360K), 0.0203996 secs] [Times: user=0.21 sys=0.00, real=0.02 secs] 
2016-09-13T18:08:51.829-0400: 208.292: [GC (GCLocker Initiated GC) [PSYoungGen: 158457K->41970K(196096K)] 614860K->498567K(720384K), 0.0085971 secs] [Times: user=0.09 sys=0.01, real=0.01 secs] 
2016-09-13T18:08:52.035-0400: 208.498: [GC (Allocation Failure) [PSYoungGen: 176114K->28392K(197120K)] 632719K->495933K(721408K), 0.0160874 secs] [Times: user=0.23 sys=0.00, real=0.02 secs] 
2016-09-13T18:08:52.246-0400: 208.709: [GC (GCLocker Initiated GC) [PSYoungGen: 157350K->23527K(197632K)] 630966K->501924K(721920K), 0.0276181 secs] [Times: user=0.31 sys=0.00, real=0.03 secs] 
2016-09-13T18:08:52.478-0400: 208.942: [GC (GCLocker Initiated GC) [PSYoungGen: 162279K->41946K(197632K)] 640681K->520684K(721920K), 0.0106232 secs] [Times: user=0.14 sys=0.00, real=0.01 secs] 
2016-09-13T18:08:52.699-0400: 209.162: [GC (GCLocker Initiated GC) [PSYoungGen: 180698K->29549K(199680K)] 665608K->519336K(723968K), 0.0084526 secs] [Times: user=0.09 sys=0.00, real=0.01 secs] 
2016-09-13T18:08:52.928-0400: 209.392: [GC (GCLocker Initiated GC) [PSYoungGen: 172397K->46654K(200704K)] 662340K->536708K(724992K), 0.0071083 secs] [Times: user=0.08 sys=0.00, real=0.00 secs] 
2016-09-13T18:08:53.179-0400: 209.643: [GC (GCLocker Initiated GC) [PSYoungGen: 189502K->9794K(199168K)] 685807K->506280K(723456K), 0.0125780 secs] [Times: user=0.10 sys=0.00, real=0.01 secs] 
2016-09-13T18:08:53.406-0400: 209.869: [GC (GCLocker Initiated GC) [PSYoungGen: 148034K->32554K(171008K)] 650655K->535491K(695296K), 0.0195758 secs] [Times: user=0.15 sys=0.00, real=0.02 secs] 
2016-09-13T18:08:53.645-0400: 210.109: [GC (GCLocker Initiated GC) [PSYoungGen: 170794K->26505K(200704K)] 673744K->529579K(724992K), 0.0240190 secs] [Times: user=0.21 sys=0.01, real=0.03 secs] 
2016-09-13T18:08:53.861-0400: 210.324: [GC (GCLocker Initiated GC) [PSYoungGen: 167817K->46096K(198656K)] 670917K->550873K(722944K), 0.0107834 secs] [Times: user=0.10 sys=0.00, real=0.01 secs] 
2016-09-13T18:08:54.091-0400: 210.554: [Full GC (Ergonomics) [PSYoungGen: 187408K->0K(198656K)] [ParOldGen: 520117K->47193K(524288K)] 707525K->47193K(722944K), [Metaspace: 44667K->44667K(1087488K)], 0.0670516 secs] [Times: user=0.37 sys=0.00, real=0.07 secs] 
2016-09-13T18:08:54.340-0400: 210.803: [GC (GCLocker Initiated GC) [PSYoungGen: 141312K->43493K(198656K)] 196410K->98591K(722944K), 0.0186036 secs] [Times: user=0.20 sys=0.00, real=0.02 secs] 
2016-09-13T18:08:54.555-0400: 211.018: [GC (GCLocker Initiated GC) [PSYoungGen: 181733K->26544K(200192K)] 236942K->97449K(724480K), 0.0252709 secs] [Times: user=0.31 sys=0.00, real=0.03 secs] 
2016-09-13T18:08:54.810-0400: 211.274: [GC (GCLocker Initiated GC) [PSYoungGen: 164784K->11317K(199680K)] 243302K->89971K(723968K), 0.0034895 secs] [Times: user=0.02 sys=0.00, real=0.00 secs] 
2016-09-13T18:08:55.035-0400: 211.498: [GC (GCLocker Initiated GC) [PSYoungGen: 150581K->28025K(167424K)] 229397K->116187K(691712K), 0.0240967 secs] [Times: user=0.26 sys=0.01, real=0.03 secs] 
2016-09-13T18:08:55.288-0400: 211.751: [GC (GCLocker Initiated GC) [PSYoungGen: 167289K->11105K(198656K)] 267850K->111721K(722944K), 0.0147885 secs] [Times: user=0.11 sys=0.00, real=0.01 secs] 
2016-09-13T18:08:55.497-0400: 211.961: [GC (GCLocker Initiated GC) [PSYoungGen: 151393K->52329K(193024K)] 252197K->153272K(717312K), 0.0269013 secs] [Times: user=0.27 sys=0.00, real=0.02 secs] 
2016-09-13T18:08:55.724-0400: 212.187: [GC (Allocation Failure) [PSYoungGen: 192617K->41570K(196096K)] 293799K->142946K(720384K), 0.0305291 secs] [Times: user=0.32 sys=0.00, real=0.03 secs] 
2016-09-13T18:08:55.940-0400: 212.404: [GC (GCLocker Initiated GC) [PSYoungGen: 172594K->31212K(162304K)] 280044K->138853K(686592K), 0.0199163 secs] [Times: user=0.19 sys=0.01, real=0.02 secs] 
2016-09-13T18:08:56.152-0400: 212.616: [GC (GCLocker Initiated GC) [PSYoungGen: 162284K->43185K(192000K)] 270020K->151126K(716288K), 0.0126865 secs] [Times: user=0.13 sys=0.00, real=0.01 secs] 
2016-09-13T18:08:56.353-0400: 212.816: [GC (GCLocker Initiated GC) [PSYoungGen: 173233K->29421K(193536K)] 281386K->137768K(717824K), 0.0093132 secs] [Times: user=0.12 sys=0.00, real=0.01 secs] 
2016-09-13T18:08:56.586-0400: 213.049: [GC (GCLocker Initiated GC) [PSYoungGen: 159469K->49192K(194048K)] 269372K->159159K(718336K), 0.0147996 secs] [Times: user=0.13 sys=0.01, real=0.02 secs] 
2016-09-13T18:08:56.805-0400: 213.268: [GC (GCLocker Initiated GC) [PSYoungGen: 182312K->28443K(197632K)] 301536K->152452K(721920K), 0.0156515 secs] [Times: user=0.16 sys=0.00, real=0.02 secs] 
2016-09-13T18:08:57.051-0400: 213.515: [GC (Allocation Failure) [PSYoungGen: 161563K->5265K(195584K)] 299484K->143428K(719872K), 0.0109751 secs] [Times: user=0.10 sys=0.01, real=0.01 secs] 
2016-09-13T18:08:57.287-0400: 213.750: [GC (GCLocker Initiated GC) [PSYoungGen: 138042K->43189K(176640K)] 277723K->183033K(700928K), 0.0159791 secs] [Times: user=0.16 sys=0.00, real=0.02 secs] 
2016-09-13T18:08:57.480-0400: 213.943: [GC (Allocation Failure) [PSYoungGen: 176309K->44912K(193536K)] 316340K->185110K(717824K), 0.0330030 secs] [Times: user=0.38 sys=0.00, real=0.03 secs] 
2016-09-13T18:08:57.682-0400: 214.145: [GC (GCLocker Initiated GC) [PSYoungGen: 172912K->50843K(179200K)] 313113K->191265K(703488K), 0.0238337 secs] [Times: user=0.33 sys=0.00, real=0.02 secs] 
2016-09-13T18:08:57.899-0400: 214.362: [GC (GCLocker Initiated GC) [PSYoungGen: 178843K->51002K(186880K)] 319323K->196362K(711168K), 0.0153051 secs] [Times: user=0.20 sys=0.00, real=0.01 secs] 
2016-09-13T18:08:58.083-0400: 214.546: [GC (GCLocker Initiated GC) [PSYoungGen: 167738K->51034K(167936K)] 313118K->196943K(692224K), 0.0071890 secs] [Times: user=0.10 sys=0.00, real=0.01 secs] 
2016-09-13T18:08:58.266-0400: 214.729: [GC (Allocation Failure) [PSYoungGen: 167770K->44922K(188928K)] 313962K->195911K(713216K), 0.0070647 secs] [Times: user=0.08 sys=0.00, real=0.01 secs] 
2016-09-13T18:08:58.445-0400: 214.909: [GC (GCLocker Initiated GC) [PSYoungGen: 156201K->28088K(142848K)] 313265K->190064K(667136K), 0.0171594 secs] [Times: user=0.18 sys=0.00, real=0.02 secs] 
2016-09-13T18:08:58.655-0400: 215.118: [GC (GCLocker Initiated GC) [PSYoungGen: 142776K->8280K(184832K)] 317190K->182883K(709120K), 0.0115859 secs] [Times: user=0.11 sys=0.01, real=0.01 secs] 
2016-09-13T18:08:58.867-0400: 215.330: [GC (GCLocker Initiated GC) [PSYoungGen: 121432K->58214K(171520K)] 296284K->233250K(695808K), 0.0213979 secs] [Times: user=0.17 sys=0.00, real=0.03 secs] 
2016-09-13T18:08:59.054-0400: 215.517: [GC (GCLocker Initiated GC) [PSYoungGen: 171366K->40084K(186880K)] 354231K->223063K(711168K), 0.0100389 secs] [Times: user=0.04 sys=0.00, real=0.01 secs] 
2016-09-13T18:08:59.252-0400: 215.715: [GC (GCLocker Initiated GC) [PSYoungGen: 148628K->28189K(137216K)] 337831K->217641K(661504K), 0.0065612 secs] [Times: user=0.07 sys=0.00, real=0.01 secs] 
2016-09-13T18:08:59.410-0400: 215.873: [GC (GCLocker Initiated GC) [PSYoungGen: 136733K->32672K(184832K)] 327732K->228587K(709120K), 0.0113177 secs] [Times: user=0.15 sys=0.00, real=0.01 secs] 
2016-09-13T18:08:59.594-0400: 216.058: [GC (GCLocker Initiated GC) [PSYoungGen: 144288K->37297K(181760K)] 340228K->236411K(706048K), 0.0079027 secs] [Times: user=0.10 sys=0.00, real=0.01 secs] 
2016-09-13T18:08:59.744-0400: 216.207: [GC (GCLocker Initiated GC) [PSYoungGen: 148913K->46346K(185344K)] 348260K->258085K(709632K), 0.0070742 secs] [Times: user=0.09 sys=0.01, real=0.01 secs] 
2016-09-13T18:08:59.978-0400: 216.442: [GC (Allocation Failure) [PSYoungGen: 164618K->23528K(185856K)] 378080K->237096K(710144K), 0.0131612 secs] [Times: user=0.10 sys=0.00, real=0.01 secs] 
2016-09-13T18:09:00.138-0400: 216.601: [GC (GCLocker Initiated GC) [PSYoungGen: 141376K->43084K(193536K)] 356463K->258360K(717824K), 0.0071783 secs] [Times: user=0.04 sys=0.00, real=0.00 secs] 
2016-09-13T18:09:00.346-0400: 216.810: [GC (GCLocker Initiated GC) [PSYoungGen: 170572K->38687K(194048K)] 386069K->259001K(718336K), 0.0060552 secs] [Times: user=0.03 sys=0.00, real=0.01 secs] 
2016-09-13T18:09:00.557-0400: 217.020: [GC (GCLocker Initiated GC) [PSYoungGen: 166175K->46032K(193536K)] 386715K->266729K(717824K), 0.0239669 secs] [Times: user=0.21 sys=0.00, real=0.02 secs] 
2016-09-13T18:09:00.747-0400: 217.210: [GC (GCLocker Initiated GC) [PSYoungGen: 175056K->32553K(194048K)] 397338K->255041K(718336K), 0.0191045 secs] [Times: user=0.19 sys=0.00, real=0.02 secs] 
2016-09-13T18:09:00.987-0400: 217.450: [GC (GCLocker Initiated GC) [PSYoungGen: 161577K->29698K(195072K)] 385765K->254111K(719360K), 0.0257276 secs] [Times: user=0.29 sys=0.01, real=0.03 secs] 
2016-09-13T18:09:01.206-0400: 217.669: [GC (GCLocker Initiated GC) [PSYoungGen: 163330K->44634K(195584K)] 387774K->272318K(719872K), 0.0315291 secs] [Times: user=0.34 sys=0.00, real=0.04 secs] 
2016-09-13T18:09:01.437-0400: 217.900: [GC (GCLocker Initiated GC) [PSYoungGen: 178266K->46250K(197632K)] 406015K->278698K(721920K), 0.0402981 secs] [Times: user=0.48 sys=0.00, real=0.04 secs] 
2016-09-13T18:09:01.677-0400: 218.140: [GC (GCLocker Initiated GC) [PSYoungGen: 181418K->40275K(175616K)] 415598K->277713K(699904K), 0.0061787 secs] [Times: user=0.05 sys=0.00, real=0.00 secs] 
2016-09-13T18:09:01.870-0400: 218.333: [GC (GCLocker Initiated GC) [PSYoungGen: 175443K->49160K(195584K)] 412907K->286830K(719872K), 0.0312202 secs] [Times: user=0.29 sys=0.00, real=0.03 secs] 
2016-09-13T18:09:02.071-0400: 218.534: [GC (Allocation Failure) [PSYoungGen: 183304K->43333K(197632K)] 421031K->288735K(721920K), 0.0063074 secs] [Times: user=0.05 sys=0.00, real=0.01 secs] 
2016-09-13T18:09:02.316-0400: 218.780: [GC (GCLocker Initiated GC) [PSYoungGen: 177477K->50710K(196608K)] 422884K->296486K(720896K), 0.0080268 secs] [Times: user=0.05 sys=0.00, real=0.00 secs] 
2016-09-13T18:09:02.514-0400: 218.978: [GC (GCLocker Initiated GC) [PSYoungGen: 184854K->9672K(143872K)] 444329K->278477K(668160K), 0.0303686 secs] [Times: user=0.31 sys=0.00, real=0.03 secs] 
2016-09-13T18:09:02.730-0400: 219.193: [GC (Allocation Failure) [PSYoungGen: 143816K->46191K(194048K)] 412750K->324501K(718336K), 0.0100287 secs] [Times: user=0.07 sys=0.00, real=0.01 secs] 
2016-09-13T18:09:02.923-0400: 219.386: [GC (Allocation Failure) [PSYoungGen: 173167K->43206K(170496K)] 451477K->326224K(694784K), 0.0226920 secs] [Times: user=0.22 sys=0.01, real=0.02 secs] 
2016-09-13T18:09:03.122-0400: 219.586: [GC (GCLocker Initiated GC) [PSYoungGen: 170182K->46132K(193536K)] 453200K->329343K(717824K), 0.0064607 secs] [Times: user=0.05 sys=0.01, real=0.01 secs] 
2016-09-13T18:09:03.345-0400: 219.808: [GC (GCLocker Initiated GC) [PSYoungGen: 173620K->23309K(193536K)] 464480K->314296K(717824K), 0.0132840 secs] [Times: user=0.14 sys=0.00, real=0.02 secs] 
2016-09-13T18:09:03.565-0400: 220.028: [GC (GCLocker Initiated GC) [PSYoungGen: 150797K->24827K(195584K)] 442123K->316200K(719872K), 0.0252093 secs] [Times: user=0.27 sys=0.01, real=0.03 secs] 
2016-09-13T18:09:03.778-0400: 220.241: [GC (GCLocker Initiated GC) [PSYoungGen: 154363K->43058K(173056K)] 447448K->336353K(697344K), 0.0068691 secs] [Times: user=0.06 sys=0.00, real=0.00 secs] 
2016-09-13T18:09:03.982-0400: 220.445: [GC (Allocation Failure) [PSYoungGen: 172594K->31120K(196608K)] 465978K->324643K(720896K), 0.0146484 secs] [Times: user=0.15 sys=0.00, real=0.02 secs] 
2016-09-13T18:09:04.200-0400: 220.663: [GC (GCLocker Initiated GC) [PSYoungGen: 162704K->28120K(195072K)] 456230K->328021K(719360K), 0.0163615 secs] [Times: user=0.22 sys=0.00, real=0.02 secs] 
2016-09-13T18:09:04.416-0400: 220.879: [GC (GCLocker Initiated GC) [PSYoungGen: 159704K->44608K(195584K)] 459854K->344978K(719872K), 0.0090608 secs] [Times: user=0.10 sys=0.00, real=0.00 secs] 
2016-09-13T18:09:04.618-0400: 221.082: [GC (Allocation Failure) [PSYoungGen: 177728K->32798K(196096K)] 478316K->333564K(720384K), 0.0074383 secs] [Times: user=0.07 sys=0.00, real=0.00 secs] 
2016-09-13T18:09:04.846-0400: 221.309: [GC (GCLocker Initiated GC) [PSYoungGen: 159932K->6660K(195072K)] 466773K->313671K(719360K), 0.0269534 secs] [Times: user=0.24 sys=0.00, real=0.03 secs] 
2016-09-13T18:09:05.081-0400: 221.544: [GC (Allocation Failure) [PSYoungGen: 140804K->32750K(197632K)] 447912K->340084K(721920K), 0.0069324 secs] [Times: user=0.08 sys=0.00, real=0.01 secs] 
2016-09-13T18:09:05.273-0400: 221.737: [GC (GCLocker Initiated GC) [PSYoungGen: 166894K->44698K(197120K)] 474234K->352239K(721408K), 0.0134445 secs] [Times: user=0.12 sys=0.00, real=0.01 secs] 
2016-09-13T18:09:05.498-0400: 221.962: [GC (GCLocker Initiated GC) [PSYoungGen: 180890K->27966K(198656K)] 502280K->349573K(722944K), 0.0048991 secs] [Times: user=0.05 sys=0.01, real=0.00 secs] 
2016-09-13T18:09:05.714-0400: 222.177: [GC (GCLocker Initiated GC) [PSYoungGen: 164158K->47836K(196608K)] 486129K->369962K(720896K), 0.0123182 secs] [Times: user=0.14 sys=0.00, real=0.01 secs] 
2016-09-13T18:09:05.940-0400: 222.403: [GC (GCLocker Initiated GC) [PSYoungGen: 184028K->41571K(199168K)] 506157K->363780K(723456K), 0.0058783 secs] [Times: user=0.05 sys=0.00, real=0.00 secs] 
2016-09-13T18:09:06.194-0400: 222.657: [GC (GCLocker Initiated GC) [PSYoungGen: 177763K->43089K(199168K)] 501634K->367091K(723456K), 0.0276886 secs] [Times: user=0.26 sys=0.00, real=0.03 secs] 
2016-09-13T18:09:06.412-0400: 222.875: [GC (Allocation Failure) [PSYoungGen: 179281K->12655K(148992K)] 511205K->344781K(673280K), 0.0257951 secs] [Times: user=0.26 sys=0.00, real=0.03 secs] 
2016-09-13T18:09:06.643-0400: 223.106: [GC (Allocation Failure) [PSYoungGen: 145141K->5084K(194048K)] 477266K->343411K(718336K), 0.0242191 secs] [Times: user=0.29 sys=0.00, real=0.02 secs] 
2016-09-13T18:09:06.855-0400: 223.318: [GC (GCLocker Initiated GC) [PSYoungGen: 135132K->53688K(183808K)] 473461K->392124K(708096K), 0.0133912 secs] [Times: user=0.12 sys=0.00, real=0.02 secs] 
2016-09-13T18:09:07.050-0400: 223.513: [GC (GCLocker Initiated GC) [PSYoungGen: 183736K->29787K(194048K)] 528363K->374608K(718336K), 0.0338083 secs] [Times: user=0.33 sys=0.01, real=0.03 secs] 
2016-09-13T18:09:07.276-0400: 223.739: [GC (GCLocker Initiated GC) [PSYoungGen: 152667K->43053K(190976K)] 497700K->388345K(715264K), 0.0200731 secs] [Times: user=0.22 sys=0.00, real=0.02 secs] 
2016-09-13T18:09:07.470-0400: 223.934: [GC (GCLocker Initiated GC) [PSYoungGen: 165933K->64639K(177664K)] 511418K->416378K(701952K), 0.0206660 secs] [Times: user=0.25 sys=0.00, real=0.02 secs] 
2016-09-13T18:09:07.652-0400: 224.115: [GC (Allocation Failure) [PSYoungGen: 174207K->44794K(185856K)] 532202K->402999K(710144K), 0.0076606 secs] [Times: user=0.07 sys=0.00, real=0.01 secs] 
2016-09-13T18:09:07.812-0400: 224.276: [GC (GCLocker Initiated GC) [PSYoungGen: 154133K->32617K(179200K)] 513856K->392608K(703488K), 0.0328425 secs] [Times: user=0.37 sys=0.00, real=0.03 secs] 
2016-09-13T18:09:08.049-0400: 224.513: [GC (GCLocker Initiated GC) [PSYoungGen: 143721K->9730K(183296K)] 509861K->376072K(707584K), 0.0124401 secs] [Times: user=0.12 sys=0.00, real=0.01 secs] 
2016-09-13T18:09:08.215-0400: 224.678: [GC (GCLocker Initiated GC) [PSYoungGen: 120833K->46217K(188416K)] 487421K->412943K(712704K), 0.0144234 secs] [Times: user=0.14 sys=0.00, real=0.02 secs] 
2016-09-13T18:09:08.368-0400: 224.831: [GC (GCLocker Initiated GC) [PSYoungGen: 160905K->32740K(147456K)] 529211K->401259K(671744K), 0.0107428 secs] [Times: user=0.11 sys=0.00, real=0.01 secs] 
2016-09-13T18:09:08.558-0400: 225.021: [GC (GCLocker Initiated GC) [PSYoungGen: 147428K->11286K(184832K)] 517591K->383272K(709120K), 0.0230300 secs] [Times: user=0.24 sys=0.00, real=0.02 secs] 
2016-09-13T18:09:08.753-0400: 225.217: [GC (GCLocker Initiated GC) [PSYoungGen: 125462K->26229K(185344K)] 500645K->409232K(709632K), 0.0462362 secs] [Times: user=0.47 sys=0.00, real=0.05 secs] 
2016-09-13T18:09:08.940-0400: 225.403: [GC (GCLocker Initiated GC) [PSYoungGen: 140405K->52296K(185344K)] 523586K->440097K(709632K), 0.0291586 secs] [Times: user=0.30 sys=0.00, real=0.03 secs] 
2016-09-13T18:09:09.112-0400: 225.575: [GC (GCLocker Initiated GC) [PSYoungGen: 169032K->44767K(188928K)] 558533K->434446K(713216K), 0.0232314 secs] [Times: user=0.25 sys=0.00, real=0.02 secs] 
2016-09-13T18:09:09.311-0400: 225.774: [GC (Allocation Failure) [PSYoungGen: 161503K->26537K(185344K)] 552723K->417892K(709632K), 0.0103818 secs] [Times: user=0.08 sys=0.01, real=0.01 secs] 
2016-09-13T18:09:09.488-0400: 225.951: [GC (GCLocker Initiated GC) [PSYoungGen: 143343K->62860K(180224K)] 536217K->457529K(704512K), 0.0147329 secs] [Times: user=0.13 sys=0.00, real=0.01 secs] 
2016-09-13T18:09:09.698-0400: 226.161: [GC (GCLocker Initiated GC) [PSYoungGen: 180108K->50879K(182784K)] 581114K->452114K(707072K), 0.0114311 secs] [Times: user=0.12 sys=0.00, real=0.01 secs] 
2016-09-13T18:09:09.870-0400: 226.333: [GC (GCLocker Initiated GC) [PSYoungGen: 156351K->46499K(183808K)] 559145K->449519K(708096K), 0.0078791 secs] [Times: user=0.08 sys=0.00, real=0.01 secs] 
2016-09-13T18:09:10.053-0400: 226.516: [GC (GCLocker Initiated GC) [PSYoungGen: 151971K->26505K(180736K)] 561200K->436002K(705024K), 0.0136855 secs] [Times: user=0.12 sys=0.01, real=0.01 secs] 
2016-09-13T18:09:10.230-0400: 226.693: [GC (GCLocker Initiated GC) [PSYoungGen: 133001K->32794K(182272K)] 542595K->442589K(706560K), 0.0072089 secs] [Times: user=0.06 sys=0.00, real=0.01 secs] 
2016-09-13T18:09:10.404-0400: 226.867: [GC (GCLocker Initiated GC) [PSYoungGen: 139290K->22019K(185344K)] 555183K->438279K(709632K), 0.0142513 secs] [Times: user=0.13 sys=0.00, real=0.02 secs] 
2016-09-13T18:09:10.606-0400: 227.069: [GC (GCLocker Initiated GC) [PSYoungGen: 134659K->31184K(184832K)] 557322K->461683K(709120K), 0.0221724 secs] [Times: user=0.25 sys=0.00, real=0.03 secs] 
2016-09-13T18:09:10.808-0400: 227.271: [GC (GCLocker Initiated GC) [PSYoungGen: 143824K->38687K(187904K)] 576020K->480311K(712192K), 0.0105130 secs] [Times: user=0.11 sys=0.00, real=0.01 secs] 
2016-09-13T18:09:10.975-0400: 227.438: [GC (GCLocker Initiated GC) [PSYoungGen: 157983K->26473K(186368K)] 601276K->469967K(710656K), 0.0089824 secs] [Times: user=0.09 sys=0.00, real=0.01 secs] 
2016-09-13T18:09:11.186-0400: 227.649: [GC (Allocation Failure) [PSYoungGen: 145769K->11218K(190976K)] 595358K->460941K(715264K), 0.0360914 secs] [Times: user=0.36 sys=0.00, real=0.04 secs] 
2016-09-13T18:09:11.411-0400: 227.874: [GC (GCLocker Initiated GC) [PSYoungGen: 136658K->61378K(186880K)] 587900K->520361K(711168K), 0.0100645 secs] [Times: user=0.09 sys=0.00, real=0.01 secs] 
2016-09-13T18:09:11.617-0400: 228.080: [GC (Allocation Failure) [PSYoungGen: 186818K->32649K(191488K)] 646063K->492119K(715776K), 0.0119771 secs] [Times: user=0.12 sys=0.00, real=0.01 secs] 
2016-09-13T18:09:11.803-0400: 228.266: [GC (GCLocker Initiated GC) [PSYoungGen: 149240K->29543K(147456K)] 614786K->495306K(671744K), 0.0490869 secs] [Times: user=0.50 sys=0.00, real=0.05 secs] 
2016-09-13T18:09:12.034-0400: 228.497: [GC (Allocation Failure) [PSYoungGen: 147303K->23553K(187392K)] 619479K->495934K(711680K), 0.0149104 secs] [Times: user=0.14 sys=0.00, real=0.02 secs] 
2016-09-13T18:09:12.197-0400: 228.660: [GC (GCLocker Initiated GC) [PSYoungGen: 142668K->26441K(185856K)] 616568K->500535K(710144K), 0.0056972 secs] [Times: user=0.04 sys=0.00, real=0.00 secs] 
2016-09-13T18:09:12.359-0400: 228.822: [GC (GCLocker Initiated GC) [PSYoungGen: 145737K->27806K(193024K)] 620018K->502288K(717312K), 0.0221415 secs] [Times: user=0.20 sys=0.00, real=0.02 secs] 
2016-09-13T18:09:12.593-0400: 229.056: [GC (GCLocker Initiated GC) [PSYoungGen: 157854K->29447K(192000K)] 632356K->504138K(716288K), 0.0350593 secs] [Times: user=0.36 sys=0.01, real=0.04 secs] 
2016-09-13T18:09:12.809-0400: 229.272: [GC (GCLocker Initiated GC) [PSYoungGen: 159495K->46096K(195072K)] 634365K->525697K(719360K), 0.0225126 secs] [Times: user=0.23 sys=0.00, real=0.02 secs] 
2016-09-13T18:09:13.021-0400: 229.484: [GC (Allocation Failure) [PSYoungGen: 181264K->31124K(197120K)] 662453K->512436K(721408K), 0.0248185 secs] [Times: user=0.26 sys=0.00, real=0.02 secs] 
2016-09-13T18:09:13.244-0400: 229.707: [GC (GCLocker Initiated GC) [PSYoungGen: 165322K->8063K(198656K)] 652709K->504901K(722944K), 0.0122381 secs] [Times: user=0.11 sys=0.00, real=0.02 secs] 
2016-09-13T18:09:13.464-0400: 229.927: [GC (GCLocker Initiated GC) [PSYoungGen: 146815K->49287K(188416K)] 643679K->546321K(712704K), 0.0219141 secs] [Times: user=0.20 sys=0.00, real=0.02 secs] 
2016-09-13T18:09:13.699-0400: 230.162: [GC (GCLocker Initiated GC) [PSYoungGen: 188039K->24764K(198656K)] 691181K->534225K(722944K), 0.0143109 secs] [Times: user=0.11 sys=0.00, real=0.01 secs] 
2016-09-13T18:09:13.908-0400: 230.371: [GC (GCLocker Initiated GC) [PSYoungGen: 158396K->34067K(167936K)] 667882K->543759K(692224K), 0.0109449 secs] [Times: user=0.11 sys=0.00, real=0.01 secs] 
2016-09-13T18:09:14.118-0400: 230.582: [GC (GCLocker Initiated GC) [PSYoungGen: 167699K->46122K(192000K)] 677441K->563683K(716288K), 0.0184150 secs] [Times: user=0.18 sys=0.00, real=0.02 secs] 
2016-09-13T18:09:14.137-0400: 230.600: [Full GC (Ergonomics) [PSYoungGen: 46122K->0K(192000K)] [ParOldGen: 517561K->40220K(524288K)] 563683K->40220K(716288K), [Metaspace: 44670K->44670K(1087488K)], 0.0553226 secs] [Times: user=0.24 sys=0.02, real=0.05 secs] 
2016-09-13T18:09:14.342-0400: 230.806: [GC (GCLocker Initiated GC) [PSYoungGen: 131072K->41943K(194560K)] 177618K->88490K(718848K), 0.0215310 secs] [Times: user=0.23 sys=0.00, real=0.02 secs] 
2016-09-13T18:09:14.563-0400: 231.026: [GC (Allocation Failure) [PSYoungGen: 173015K->6699K(194560K)] 227328K->70578K(718848K), 0.0100246 secs] [Times: user=0.06 sys=0.00, real=0.01 secs] 
2016-09-13T18:09:14.766-0400: 231.229: [GC (GCLocker Initiated GC) [PSYoungGen: 137771K->29538K(160768K)] 201656K->93628K(685056K), 0.0379123 secs] [Times: user=0.38 sys=0.00, real=0.04 secs] 
2016-09-13T18:09:14.998-0400: 231.462: [GC (GCLocker Initiated GC) [PSYoungGen: 160610K->18849K(196608K)] 224716K->83165K(720896K), 0.0071548 secs] [Times: user=0.05 sys=0.01, real=0.00 secs] 
2016-09-13T18:09:15.212-0400: 231.676: [GC (GCLocker Initiated GC) [PSYoungGen: 152993K->6883K(195584K)] 225070K->89781K(719872K), 0.0122781 secs] [Times: user=0.12 sys=0.00, real=0.01 secs] 
2016-09-13T18:09:15.452-0400: 231.915: [GC (GCLocker Initiated GC) [PSYoungGen: 141027K->5366K(199168K)] 237805K->102377K(723456K), 0.0211182 secs] [Times: user=0.21 sys=0.00, real=0.02 secs] 
2016-09-13T18:09:15.705-0400: 232.168: [GC (GCLocker Initiated GC) [PSYoungGen: 142582K->41630K(179200K)] 239608K->138728K(703488K), 0.0092164 secs] [Times: user=0.07 sys=0.00, real=0.01 secs] 
2016-09-13T18:09:15.908-0400: 232.371: [GC (GCLocker Initiated GC) [PSYoungGen: 178846K->9841K(198144K)] 283678K->114879K(722432K), 0.0088436 secs] [Times: user=0.09 sys=0.00, real=0.01 secs] 
2016-09-13T18:09:16.127-0400: 232.591: [GC (GCLocker Initiated GC) [PSYoungGen: 142961K->50934K(184320K)] 248018K->156224K(708608K), 0.0096524 secs] [Times: user=0.12 sys=0.01, real=0.02 secs] 
2016-09-13T18:09:16.354-0400: 232.817: [GC (GCLocker Initiated GC) [PSYoungGen: 184054K->22034K(195584K)] 296947K->141213K(719872K), 0.0276970 secs] [Times: user=0.27 sys=0.00, real=0.03 secs] 
2016-09-13T18:09:16.559-0400: 233.022: [GC (GCLocker Initiated GC) [PSYoungGen: 147986K->43334K(192512K)] 268745K->164362K(716800K), 0.0101207 secs] [Times: user=0.08 sys=0.00, real=0.01 secs] 
2016-09-13T18:09:16.758-0400: 233.221: [GC (GCLocker Initiated GC) [PSYoungGen: 169286K->38687K(194048K)] 292140K->163320K(718336K), 0.0190734 secs] [Times: user=0.19 sys=0.00, real=0.02 secs] 
2016-09-13T18:09:16.978-0400: 233.441: [GC (GCLocker Initiated GC) [PSYoungGen: 164127K->46340K(172032K)] 290525K->172948K(696320K), 0.0172965 secs] [Times: user=0.19 sys=0.00, real=0.01 secs] 
2016-09-13T18:09:17.208-0400: 233.672: [GC (GCLocker Initiated GC) [PSYoungGen: 171780K->5185K(190464K)] 310635K->144324K(714752K), 0.0114999 secs] [Times: user=0.11 sys=0.00, real=0.01 secs] 
2016-09-13T18:09:17.407-0400: 233.870: [GC (GCLocker Initiated GC) [PSYoungGen: 124993K->11095K(131072K)] 270258K->156459K(655360K), 0.0199999 secs] [Times: user=0.20 sys=0.00, real=0.02 secs] 
2016-09-13T18:09:17.608-0400: 234.071: [GC (GCLocker Initiated GC) [PSYoungGen: 130903K->20750K(194048K)] 282364K->175477K(718336K), 0.0101731 secs] [Times: user=0.10 sys=0.00, real=0.01 secs] 
2016-09-13T18:09:17.813-0400: 234.276: [GC (GCLocker Initiated GC) [PSYoungGen: 144654K->34010K(190464K)] 299538K->198391K(714752K), 0.0238414 secs] [Times: user=0.26 sys=0.00, real=0.03 secs] 
2016-09-13T18:09:18.041-0400: 234.504: [GC (GCLocker Initiated GC) [PSYoungGen: 157914K->46407K(187904K)] 322476K->221838K(712192K), 0.0224462 secs] [Times: user=0.24 sys=0.00, real=0.02 secs] 
2016-09-13T18:09:18.215-0400: 234.678: [GC (GCLocker Initiated GC) [PSYoungGen: 168775K->37329K(190976K)] 344387K->213229K(715264K), 0.0059578 secs] [Times: user=0.06 sys=0.00, real=0.01 secs] 
2016-09-13T18:09:18.405-0400: 234.869: [GC (GCLocker Initiated GC) [PSYoungGen: 159697K->23818K(186880K)] 341698K->205990K(711168K), 0.0040757 secs] [Times: user=0.04 sys=0.00, real=0.01 secs] 
2016-09-13T18:09:18.612-0400: 235.075: [GC (Allocation Failure) [PSYoungGen: 149258K->11190K(190464K)] 337616K->201331K(714752K), 0.0033437 secs] [Times: user=0.02 sys=0.00, real=0.00 secs] 
2016-09-13T18:09:18.842-0400: 235.305: [GC (GCLocker Initiated GC) [PSYoungGen: 136630K->28051K(190464K)] 326773K->218333K(714752K), 0.0096691 secs] [Times: user=0.07 sys=0.00, real=0.01 secs] 
2016-09-13T18:09:19.049-0400: 235.512: [GC (GCLocker Initiated GC) [PSYoungGen: 160659K->10058K(194048K)] 363259K->212950K(718336K), 0.0120213 secs] [Times: user=0.12 sys=0.01, real=0.01 secs] 
2016-09-13T18:09:19.261-0400: 235.724: [GC (GCLocker Initiated GC) [PSYoungGen: 142666K->40265K(197120K)] 347333K->245091K(721408K), 0.0144251 secs] [Times: user=0.13 sys=0.00, real=0.01 secs] 
2016-09-13T18:09:19.507-0400: 235.971: [GC (GCLocker Initiated GC) [PSYoungGen: 176457K->44576K(181248K)] 381353K->249740K(705536K), 0.0152462 secs] [Times: user=0.14 sys=0.01, real=0.02 secs] 
2016-09-13T18:09:19.745-0400: 236.208: [GC (GCLocker Initiated GC) [PSYoungGen: 180768K->41656K(194560K)] 387676K->248757K(718848K), 0.0074025 secs] [Times: user=0.04 sys=0.00, real=0.01 secs] 
2016-09-13T18:09:19.916-0400: 236.380: [GC (GCLocker Initiated GC) [PSYoungGen: 170680K->49260K(178688K)] 377979K->256851K(702976K), 0.0420542 secs] [Times: user=0.48 sys=0.00, real=0.04 secs] 
2016-09-13T18:09:20.117-0400: 236.580: [GC (GCLocker Initiated GC) [PSYoungGen: 178284K->44980K(189952K)] 386074K->253030K(714240K), 0.0169372 secs] [Times: user=0.18 sys=0.00, real=0.01 secs] 
2016-09-13T18:09:20.305-0400: 236.768: [GC (GCLocker Initiated GC) [PSYoungGen: 164788K->55335K(175616K)] 372860K->263786K(699904K), 0.0195718 secs] [Times: user=0.23 sys=0.01, real=0.02 secs] 
2016-09-13T18:09:20.513-0400: 236.976: [GC (GCLocker Initiated GC) [PSYoungGen: 175143K->29707K(189440K)] 383775K->244518K(713728K), 0.0279101 secs] [Times: user=0.33 sys=0.00, real=0.03 secs] 
2016-09-13T18:09:20.710-0400: 237.174: [GC (GCLocker Initiated GC) [PSYoungGen: 143883K->27966K(142336K)] 360302K->244456K(666624K), 0.0098197 secs] [Times: user=0.11 sys=0.00, real=0.01 secs] 
2016-09-13T18:09:20.887-0400: 237.351: [GC (Allocation Failure) [PSYoungGen: 142142K->51000K(181760K)] 364798K->273894K(706048K), 0.0201602 secs] [Times: user=0.22 sys=0.01, real=0.02 secs] 
2016-09-13T18:09:20.908-0400: 237.371: [GC (GCLocker Initiated GC) [PSYoungGen: 51174K->128K(184320K)] 274068K->273730K(708608K), 0.0074585 secs] [Times: user=0.10 sys=0.00, real=0.00 secs] 
2016-09-13T18:09:21.076-0400: 237.539: [GC (GCLocker Initiated GC) [PSYoungGen: 111381K->58744K(176640K)] 386502K->333865K(700928K), 0.0147553 secs] [Times: user=0.17 sys=0.00, real=0.01 secs] 
2016-09-13T18:09:21.248-0400: 237.711: [GC (GCLocker Initiated GC) [PSYoungGen: 160120K->34164K(181760K)] 441465K->328183K(706048K), 0.0169323 secs] [Times: user=0.21 sys=0.00, real=0.01 secs] 
2016-09-13T18:09:21.421-0400: 237.884: [GC (GCLocker Initiated GC) [PSYoungGen: 135540K->29547K(174592K)] 429816K->328468K(698880K), 0.0061221 secs] [Times: user=0.05 sys=0.00, real=0.00 secs] 
2016-09-13T18:09:21.617-0400: 238.080: [GC (GCLocker Initiated GC) [PSYoungGen: 135019K->24980K(178688K)] 440269K->330415K(702976K), 0.0293702 secs] [Times: user=0.36 sys=0.00, real=0.02 secs] 
2016-09-13T18:09:21.816-0400: 238.280: [GC (Allocation Failure) [PSYoungGen: 130452K->23564K(183296K)] 442177K->335514K(707584K), 0.0112301 secs] [Times: user=0.16 sys=0.00, real=0.00 secs] 
2016-09-13T18:09:21.991-0400: 238.455: [GC (Allocation Failure) [PSYoungGen: 141836K->23554K(186880K)] 453786K->335722K(711168K), 0.0237034 secs] [Times: user=0.27 sys=0.00, real=0.02 secs] 
2016-09-13T18:09:22.169-0400: 238.632: [GC (GCLocker Initiated GC) [PSYoungGen: 135938K->27870K(186880K)] 454181K->346153K(711168K), 0.0074018 secs] [Times: user=0.06 sys=0.00, real=0.01 secs] 
2016-09-13T18:09:22.366-0400: 238.829: [GC (Allocation Failure) [PSYoungGen: 154846K->34200K(190976K)] 473310K->352810K(715264K), 0.0213789 secs] [Times: user=0.23 sys=0.00, real=0.02 secs] 
2016-09-13T18:09:22.546-0400: 239.009: [GC (GCLocker Initiated GC) [PSYoungGen: 161176K->34290K(193536K)] 479789K->353153K(717824K), 0.0104902 secs] [Times: user=0.11 sys=0.00, real=0.02 secs] 
2016-09-13T18:09:22.797-0400: 239.261: [GC (GCLocker Initiated GC) [PSYoungGen: 170994K->28024K(196608K)] 491585K->348774K(720896K), 0.0215504 secs] [Times: user=0.25 sys=0.00, real=0.02 secs] 
2016-09-13T18:09:23.015-0400: 239.478: [GC (GCLocker Initiated GC) [PSYoungGen: 164728K->31284K(196608K)] 487019K->353713K(720896K), 0.0072492 secs] [Times: user=0.07 sys=0.00, real=0.01 secs] 
2016-09-13T18:09:23.269-0400: 239.733: [GC (GCLocker Initiated GC) [PSYoungGen: 176180K->35714K(199680K)] 498628K->365943K(723968K), 0.0118557 secs] [Times: user=0.14 sys=0.00, real=0.01 secs] 
2016-09-13T18:09:23.480-0400: 239.943: [GC (GCLocker Initiated GC) [PSYoungGen: 180610K->44703K(202752K)] 511121K->376950K(727040K), 0.0134018 secs] [Times: user=0.09 sys=0.00, real=0.01 secs] 
2016-09-13T18:09:23.708-0400: 240.172: [GC (GCLocker Initiated GC) [PSYoungGen: 193183K->32427K(205312K)] 525454K->364900K(729600K), 0.0055802 secs] [Times: user=0.05 sys=0.00, real=0.00 secs] 
2016-09-13T18:09:23.959-0400: 240.423: [GC (Allocation Failure) [PSYoungGen: 180907K->8127K(203264K)] 515057K->353063K(727552K), 0.0101151 secs] [Times: user=0.08 sys=0.00, real=0.01 secs] 
2016-09-13T18:09:24.201-0400: 240.664: [GC (GCLocker Initiated GC) [PSYoungGen: 156363K->9740K(158720K)] 507374K->360849K(683008K), 0.0178370 secs] [Times: user=0.18 sys=0.00, real=0.02 secs] 
2016-09-13T18:09:24.450-0400: 240.914: [GC (GCLocker Initiated GC) [PSYoungGen: 158220K->43111K(199168K)] 509466K->394501K(723456K), 0.0265085 secs] [Times: user=0.25 sys=0.00, real=0.03 secs] 
2016-09-13T18:09:24.693-0400: 241.156: [GC (GCLocker Initiated GC) [PSYoungGen: 184423K->23345K(201728K)] 548295K->387465K(726016K), 0.0253753 secs] [Times: user=0.28 sys=0.00, real=0.03 secs] 
2016-09-13T18:09:24.923-0400: 241.386: [GC (GCLocker Initiated GC) [PSYoungGen: 164657K->44603K(198656K)] 529008K->409148K(722944K), 0.0126285 secs] [Times: user=0.12 sys=0.00, real=0.02 secs] 
2016-09-13T18:09:25.159-0400: 241.622: [GC (GCLocker Initiated GC) [PSYoungGen: 184891K->32549K(201216K)] 549617K->397397K(725504K), 0.0217796 secs] [Times: user=0.25 sys=0.00, real=0.02 secs] 
2016-09-13T18:09:25.395-0400: 241.858: [GC (Allocation Failure) [PSYoungGen: 172837K->23773K(197632K)] 537743K->388921K(721920K), 0.0056382 secs] [Times: user=0.06 sys=0.01, real=0.01 secs] 
2016-09-13T18:09:25.621-0400: 242.084: [GC (GCLocker Initiated GC) [PSYoungGen: 165050K->46318K(199680K)] 531717K->413213K(723968K), 0.0160762 secs] [Times: user=0.12 sys=0.00, real=0.02 secs] 
2016-09-13T18:09:25.866-0400: 242.329: [GC (GCLocker Initiated GC) [PSYoungGen: 188654K->46314K(196608K)] 563347K->425802K(720896K), 0.0227975 secs] [Times: user=0.29 sys=0.00, real=0.03 secs] 
2016-09-13T18:09:26.074-0400: 242.537: [GC (GCLocker Initiated GC) [PSYoungGen: 182506K->41666K(199168K)] 565261K->424626K(723456K), 0.0067077 secs] [Times: user=0.05 sys=0.00, real=0.01 secs] 
2016-09-13T18:09:26.292-0400: 242.755: [GC (GCLocker Initiated GC) [PSYoungGen: 177858K->46191K(196096K)] 561097K->429560K(720384K), 0.0097405 secs] [Times: user=0.11 sys=0.00, real=0.01 secs] 
2016-09-13T18:09:26.509-0400: 242.972: [GC (GCLocker Initiated GC) [PSYoungGen: 179311K->63026K(196608K)] 562853K->446747K(720896K), 0.0103062 secs] [Times: user=0.13 sys=0.00, real=0.01 secs] 
2016-09-13T18:09:26.701-0400: 243.164: [GC (GCLocker Initiated GC) [PSYoungGen: 196146K->49446K(182272K)] 579903K->433382K(706560K), 0.0132771 secs] [Times: user=0.13 sys=0.00, real=0.01 secs] 
2016-09-13T18:09:26.900-0400: 243.363: [GC (GCLocker Initiated GC) [PSYoungGen: 166182K->44581K(189440K)] 556444K->442784K(713728K), 0.0318831 secs] [Times: user=0.34 sys=0.01, real=0.03 secs] 
2016-09-13T18:09:27.108-0400: 243.571: [GC (GCLocker Initiated GC) [PSYoungGen: 161317K->27929K(185344K)] 561061K->427811K(709632K), 0.0097462 secs] [Times: user=0.08 sys=0.00, real=0.01 secs] 
2016-09-13T18:09:27.306-0400: 243.769: [GC (GCLocker Initiated GC) [PSYoungGen: 145689K->46122K(187904K)] 545664K->446169K(712192K), 0.0199244 secs] [Times: user=0.18 sys=0.00, real=0.02 secs] 
2016-09-13T18:09:27.489-0400: 243.952: [GC (GCLocker Initiated GC) [PSYoungGen: 163882K->61405K(181760K)] 563950K->467679K(706048K), 0.0318252 secs] [Times: user=0.32 sys=0.01, real=0.03 secs] 
2016-09-13T18:09:27.697-0400: 244.161: [GC (GCLocker Initiated GC) [PSYoungGen: 173021K->32549K(186880K)] 587000K->446762K(711168K), 0.0076692 secs] [Times: user=0.07 sys=0.00, real=0.00 secs] 
2016-09-13T18:09:27.879-0400: 244.343: [GC (Allocation Failure) [PSYoungGen: 144165K->41598K(179712K)] 558520K->460655K(704000K), 0.0193818 secs] [Times: user=0.17 sys=0.00, real=0.02 secs] 
2016-09-13T18:09:28.054-0400: 244.518: [GC (GCLocker Initiated GC) [PSYoungGen: 153655K->27934K(184320K)] 578788K->453197K(708608K), 0.0054191 secs] [Times: user=0.04 sys=0.00, real=0.01 secs] 
2016-09-13T18:09:28.251-0400: 244.715: [GC (Allocation Failure) [PSYoungGen: 141598K->24891K(189440K)] 573165K->456631K(713728K), 0.0128194 secs] [Times: user=0.10 sys=0.00, real=0.01 secs] 
2016-09-13T18:09:28.462-0400: 244.925: [GC (GCLocker Initiated GC) [PSYoungGen: 146747K->62923K(184832K)] 578506K->494942K(709120K), 0.0362773 secs] [Times: user=0.38 sys=0.00, real=0.04 secs] 
2016-09-13T18:09:28.681-0400: 245.144: [GC (GCLocker Initiated GC) [PSYoungGen: 184779K->34036K(189440K)] 622899K->472452K(713728K), 0.0217570 secs] [Times: user=0.24 sys=0.00, real=0.02 secs] 
2016-09-13T18:09:28.877-0400: 245.341: [GC (GCLocker Initiated GC) [PSYoungGen: 148212K->27870K(142336K)] 588325K->474255K(666624K), 0.0181185 secs] [Times: user=0.17 sys=0.00, real=0.01 secs] 
2016-09-13T18:09:29.051-0400: 245.514: [GC (GCLocker Initiated GC) [PSYoungGen: 142046K->50742K(184832K)] 594623K->503479K(709120K), 0.0080934 secs] [Times: user=0.06 sys=0.00, real=0.01 secs] 
2016-09-13T18:09:29.217-0400: 245.680: [GC (Allocation Failure) [PSYoungGen: 163894K->28087K(185856K)] 619841K->485691K(710144K), 0.0285933 secs] [Times: user=0.26 sys=0.00, real=0.02 secs] 
2016-09-13T18:09:29.418-0400: 245.882: [GC (GCLocker Initiated GC) [PSYoungGen: 140824K->43085K(186368K)] 599947K->502480K(710656K), 0.0388722 secs] [Times: user=0.40 sys=0.00, real=0.04 secs] 
2016-09-13T18:09:29.627-0400: 246.090: [GC (GCLocker Initiated GC) [PSYoungGen: 160845K->41756K(187904K)] 620264K->501388K(712192K), 0.0140503 secs] [Times: user=0.14 sys=0.00, real=0.02 secs] 
2016-09-13T18:09:29.790-0400: 246.254: [GC (GCLocker Initiated GC) [PSYoungGen: 159516K->27806K(190464K)] 619174K->487654K(714752K), 0.0344578 secs] [Times: user=0.37 sys=0.00, real=0.03 secs] 
2016-09-13T18:09:30.016-0400: 246.479: [GC (GCLocker Initiated GC) [PSYoungGen: 151710K->27901K(190976K)] 611562K->490987K(715264K), 0.0272511 secs] [Times: user=0.31 sys=0.00, real=0.02 secs] 
2016-09-13T18:09:30.215-0400: 246.678: [GC (GCLocker Initiated GC) [PSYoungGen: 151805K->52298K(190976K)] 615063K->515959K(715264K), 0.0140747 secs] [Times: user=0.17 sys=0.01, real=0.02 secs] 
2016-09-13T18:09:30.397-0400: 246.860: [GC (GCLocker Initiated GC) [PSYoungGen: 177226K->26415K(193536K)] 642446K->496337K(717824K), 0.0062715 secs] [Times: user=0.05 sys=0.00, real=0.00 secs] 
2016-09-13T18:09:30.615-0400: 247.078: [GC (GCLocker Initiated GC) [PSYoungGen: 151343K->23441K(191488K)] 629055K->508973K(715776K), 0.0263526 secs] [Times: user=0.25 sys=0.00, real=0.03 secs] 
2016-09-13T18:09:30.812-0400: 247.276: [GC (GCLocker Initiated GC) [PSYoungGen: 149393K->30876K(193024K)] 636463K->518001K(717312K), 0.0130583 secs] [Times: user=0.12 sys=0.00, real=0.01 secs] 
2016-09-13T18:09:31.015-0400: 247.478: [GC (GCLocker Initiated GC) [PSYoungGen: 156828K->30881K(191488K)] 644108K->525859K(715776K), 0.0059968 secs] [Times: user=0.05 sys=0.00, real=0.01 secs] 
2016-09-13T18:09:31.231-0400: 247.695: [GC (Allocation Failure) [PSYoungGen: 160929K->23495K(193024K)] 656056K->523300K(717312K), 0.0147484 secs] [Times: user=0.14 sys=0.00, real=0.01 secs] 
2016-09-13T18:09:31.434-0400: 247.897: [GC (GCLocker Initiated GC) [PSYoungGen: 153543K->29484K(194560K)] 653351K->529569K(718848K), 0.0192112 secs] [Times: user=0.23 sys=0.00, real=0.02 secs] 
2016-09-13T18:09:31.654-0400: 248.117: [GC (GCLocker Initiated GC) [PSYoungGen: 166700K->23871K(197120K)] 674561K->531966K(721408K), 0.0178258 secs] [Times: user=0.21 sys=0.00, real=0.02 secs] 
2016-09-13T18:09:31.874-0400: 248.337: [GC (GCLocker Initiated GC) [PSYoungGen: 161087K->49292K(196096K)] 669263K->557748K(720384K), 0.0091163 secs] [Times: user=0.09 sys=0.00, real=0.01 secs] 
2016-09-13T18:09:32.098-0400: 248.562: [GC (GCLocker Initiated GC) [PSYoungGen: 186508K->52579K(189952K)] 701279K->576712K(714240K), 0.0108539 secs] [Times: user=0.13 sys=0.00, real=0.01 secs] 
2016-09-13T18:09:32.109-0400: 248.573: [Full GC (Ergonomics) [PSYoungGen: 52579K->0K(189952K)] [ParOldGen: 524132K->48428K(524288K)] 576712K->48428K(714240K), [Metaspace: 44681K->44681K(1087488K)], 0.0567671 secs] [Times: user=0.37 sys=0.01, real=0.05 secs] 
2016-09-13T18:09:32.359-0400: 248.822: [GC (GCLocker Initiated GC) [PSYoungGen: 137216K->37672K(198144K)] 193311K->93768K(722432K), 0.0242017 secs] [Times: user=0.34 sys=0.00, real=0.02 secs] 
2016-09-13T18:09:32.596-0400: 249.059: [GC (GCLocker Initiated GC) [PSYoungGen: 169256K->14479K(195584K)] 226892K->83240K(719872K), 0.0103716 secs] [Times: user=0.10 sys=0.00, real=0.00 secs] 
2016-09-13T18:09:32.782-0400: 249.246: [GC (GCLocker Initiated GC) [PSYoungGen: 146063K->24981K(196608K)] 215002K->97163K(720896K), 0.0265114 secs] [Times: user=0.24 sys=0.01, real=0.03 secs] 
2016-09-13T18:09:33.008-0400: 249.471: [GC (GCLocker Initiated GC) [PSYoungGen: 158101K->28253K(196608K)] 237982K->108383K(720896K), 0.0071589 secs] [Times: user=0.08 sys=0.00, real=0.00 secs] 
2016-09-13T18:09:33.225-0400: 249.688: [GC (GCLocker Initiated GC) [PSYoungGen: 161373K->31311K(195584K)] 241684K->111907K(719872K), 0.0095455 secs] [Times: user=0.09 sys=0.00, real=0.01 secs] 
2016-09-13T18:09:33.458-0400: 249.921: [GC (GCLocker Initiated GC) [PSYoungGen: 168527K->57041K(196096K)] 249148K->137919K(720384K), 0.0120139 secs] [Times: user=0.13 sys=0.00, real=0.01 secs] 
2016-09-13T18:09:33.684-0400: 250.147: [GC (GCLocker Initiated GC) [PSYoungGen: 194257K->28125K(198656K)] 281391K->118589K(722944K), 0.0128427 secs] [Times: user=0.16 sys=0.00, real=0.02 secs] 
2016-09-13T18:09:33.889-0400: 250.353: [GC (Allocation Failure) [PSYoungGen: 161757K->21826K(155648K)] 260102K->120440K(679936K), 0.0047921 secs] [Times: user=0.03 sys=0.00, real=0.00 secs] 
2016-09-13T18:09:34.098-0400: 250.561: [GC (GCLocker Initiated GC) [PSYoungGen: 155458K->56855K(187392K)] 254081K->161778K(711680K), 0.0290481 secs] [Times: user=0.26 sys=0.00, real=0.02 secs] 
2016-09-13T18:09:34.316-0400: 250.779: [GC (GCLocker Initiated GC) [PSYoungGen: 181783K->32613K(193536K)] 286715K->137751K(717824K), 0.0107213 secs] [Times: user=0.10 sys=0.00, real=0.00 secs] 
2016-09-13T18:09:34.519-0400: 250.982: [GC (GCLocker Initiated GC) [PSYoungGen: 157541K->47896K(192512K)] 262682K->153345K(716800K), 0.0163072 secs] [Times: user=0.20 sys=0.01, real=0.01 secs] 
2016-09-13T18:09:34.699-0400: 251.162: [GC (GCLocker Initiated GC) [PSYoungGen: 174872K->65993K(193024K)] 280347K->171606K(717312K), 0.0148259 secs] [Times: user=0.14 sys=0.00, real=0.01 secs] 
2016-09-13T18:09:34.923-0400: 251.386: [GC (Allocation Failure) [PSYoungGen: 192969K->20276K(181760K)] 304923K->137046K(706048K), 0.0088760 secs] [Times: user=0.07 sys=0.00, real=0.01 secs] 
2016-09-13T18:09:35.098-0400: 251.561: [GC (GCLocker Initiated GC) [PSYoungGen: 132916K->64571K(177664K)] 249691K->181521K(701952K), 0.0171535 secs] [Times: user=0.19 sys=0.00, real=0.01 secs] 
2016-09-13T18:09:35.296-0400: 251.759: [GC (Allocation Failure) [PSYoungGen: 177211K->44784K(183296K)] 300550K->168245K(707584K), 0.0062565 secs] [Times: user=0.05 sys=0.00, real=0.00 secs] 
2016-09-13T18:09:35.303-0400: 251.766: [GC (GCLocker Initiated GC) [PSYoungGen: 44784K->0K(102400K)] 168245K->169499K(626688K), 0.0092996 secs] [Times: user=0.10 sys=0.01, real=0.01 secs] 
2016-09-13T18:09:35.467-0400: 251.930: [GC (GCLocker Initiated GC) [PSYoungGen: 100848K->57035K(174080K)] 271867K->228054K(698368K), 0.0126777 secs] [Times: user=0.11 sys=0.00, real=0.02 secs] 
2016-09-13T18:09:35.621-0400: 252.084: [GC (Allocation Failure) [PSYoungGen: 149195K->30970K(177152K)] 320345K->213093K(701440K), 0.0141243 secs] [Times: user=0.13 sys=0.00, real=0.01 secs] 
2016-09-13T18:09:35.760-0400: 252.224: [GC (GCLocker Initiated GC) [PSYoungGen: 123130K->29485K(171008K)] 305259K->217899K(695296K), 0.0324799 secs] [Times: user=0.38 sys=0.00, real=0.03 secs] 
2016-09-13T18:09:35.931-0400: 252.394: [GC (GCLocker Initiated GC) [PSYoungGen: 124717K->47838K(174080K)] 314722K->238053K(698368K), 0.0116270 secs] [Times: user=0.15 sys=0.00, real=0.01 secs] 
2016-09-13T18:09:36.087-0400: 252.550: [GC (GCLocker Initiated GC) [PSYoungGen: 143070K->46439K(181248K)] 333300K->243005K(705536K), 0.0116658 secs] [Times: user=0.14 sys=0.00, real=0.02 secs] 
2016-09-13T18:09:36.257-0400: 252.720: [GC (Allocation Failure) [PSYoungGen: 150887K->34068K(182272K)] 353541K->237019K(706560K), 0.0055204 secs] [Times: user=0.06 sys=0.00, real=0.00 secs] 
2016-09-13T18:09:36.421-0400: 252.884: [GC (GCLocker Initiated GC) [PSYoungGen: 138516K->29766K(182272K)] 341469K->237430K(706560K), 0.0160809 secs] [Times: user=0.16 sys=0.00, real=0.02 secs] 
2016-09-13T18:09:36.614-0400: 253.077: [GC (GCLocker Initiated GC) [PSYoungGen: 139334K->14541K(182272K)] 353252K->228767K(706560K), 0.0063081 secs] [Times: user=0.05 sys=0.00, real=0.01 secs] 
2016-09-13T18:09:36.800-0400: 253.263: [GC (GCLocker Initiated GC) [PSYoungGen: 124109K->25018K(185856K)] 339862K->240980K(710144K), 0.0208258 secs] [Times: user=0.21 sys=0.00, real=0.02 secs] 
2016-09-13T18:09:37.006-0400: 253.469: [GC (GCLocker Initiated GC) [PSYoungGen: 141242K->61378K(177664K)] 363316K->283736K(701952K), 0.0145846 secs] [Times: user=0.15 sys=0.00, real=0.02 secs] 
2016-09-13T18:09:37.206-0400: 253.669: [GC (GCLocker Initiated GC) [PSYoungGen: 177602K->43153K(186368K)] 400076K->284010K(710656K), 0.0132985 secs] [Times: user=0.12 sys=0.00, real=0.02 secs] 
2016-09-13T18:09:37.368-0400: 253.831: [GC (GCLocker Initiated GC) [PSYoungGen: 152209K->53687K(162816K)] 393247K->294954K(687104K), 0.0491802 secs] [Times: user=0.49 sys=0.00, real=0.05 secs] 
2016-09-13T18:09:37.590-0400: 254.053: [GC (Allocation Failure) [PSYoungGen: 162743K->5370K(180224K)] 410289K->307800K(704512K), 0.0145419 secs] [Times: user=0.14 sys=0.01, real=0.01 secs] 
2016-09-13T18:09:37.747-0400: 254.210: [GC (GCLocker Initiated GC) [PSYoungGen: 107412K->14424K(182272K)] 411360K->318590K(706560K), 0.0040218 secs] [Times: user=0.03 sys=0.00, real=0.01 secs] 
2016-09-13T18:09:37.892-0400: 254.355: [GC (GCLocker Initiated GC) [PSYoungGen: 116824K->32739K(173056K)] 427159K->343300K(697344K), 0.0406592 secs] [Times: user=0.43 sys=0.00, real=0.04 secs] 
2016-09-13T18:09:38.091-0400: 254.554: [GC (GCLocker Initiated GC) [PSYoungGen: 136163K->28088K(178176K)] 460596K->352771K(702464K), 0.0120114 secs] [Times: user=0.14 sys=0.01, real=0.01 secs] 
2016-09-13T18:09:38.253-0400: 254.717: [GC (GCLocker Initiated GC) [PSYoungGen: 131512K->28248K(179200K)] 464036K->360975K(703488K), 0.0062256 secs] [Times: user=0.06 sys=0.00, real=0.01 secs] 
2016-09-13T18:09:38.437-0400: 254.900: [GC (GCLocker Initiated GC) [PSYoungGen: 143960K->26441K(184320K)] 476709K->359353K(708608K), 0.0136824 secs] [Times: user=0.12 sys=0.00, real=0.01 secs] 
2016-09-13T18:09:38.615-0400: 255.078: [GC (GCLocker Initiated GC) [PSYoungGen: 142153K->32617K(184832K)] 476608K->368823K(709120K), 0.0063890 secs] [Times: user=0.04 sys=0.01, real=0.01 secs] 
2016-09-13T18:09:38.820-0400: 255.283: [GC (Allocation Failure) [PSYoungGen: 160105K->24948K(190464K)] 496520K->366164K(714752K), 0.0069038 secs] [Times: user=0.05 sys=0.00, real=0.00 secs] 
2016-09-13T18:09:39.056-0400: 255.519: [GC (GCLocker Initiated GC) [PSYoungGen: 152436K->40052K(198144K)] 495171K->383051K(722432K), 0.0216604 secs] [Times: user=0.21 sys=0.00, real=0.02 secs] 
2016-09-13T18:09:39.292-0400: 255.755: [GC (GCLocker Initiated GC) [PSYoungGen: 178292K->61341K(199680K)] 521349K->404584K(723968K), 0.0149617 secs] [Times: user=0.16 sys=0.00, real=0.01 secs] 
2016-09-13T18:09:39.497-0400: 255.961: [GC (GCLocker Initiated GC) [PSYoungGen: 199581K->46128K(185344K)] 542852K->389682K(709632K), 0.0067294 secs] [Times: user=0.06 sys=0.00, real=0.00 secs] 
2016-09-13T18:09:39.680-0400: 256.144: [GC (Allocation Failure) [PSYoungGen: 169008K->46319K(169472K)] 514228K->394756K(693760K), 0.0253690 secs] [Times: user=0.29 sys=0.00, real=0.02 secs] 
2016-09-13T18:09:39.869-0400: 256.332: [GC (GCLocker Initiated GC) [PSYoungGen: 168476K->43307K(193024K)] 518432K->393417K(717312K), 0.0076523 secs] [Times: user=0.06 sys=0.00, real=0.01 secs] 
2016-09-13T18:09:40.076-0400: 256.540: [GC (GCLocker Initiated GC) [PSYoungGen: 166187K->41884K(164864K)] 519535K->395434K(689152K), 0.0176398 secs] [Times: user=0.17 sys=0.00, real=0.01 secs] 
2016-09-13T18:09:40.285-0400: 256.748: [GC (GCLocker Initiated GC) [PSYoungGen: 164764K->41666K(192000K)] 521527K->398623K(716288K), 0.0147727 secs] [Times: user=0.15 sys=0.00, real=0.02 secs] 
2016-09-13T18:09:40.485-0400: 256.949: [GC (Allocation Failure) [PSYoungGen: 166082K->28024K(190464K)] 530805K->392886K(714752K), 0.0116559 secs] [Times: user=0.12 sys=0.00, real=0.02 secs] 
2016-09-13T18:09:40.686-0400: 257.149: [GC (GCLocker Initiated GC) [PSYoungGen: 147364K->27959K(194560K)] 518300K->399026K(718848K), 0.0053096 secs] [Times: user=0.04 sys=0.00, real=0.01 secs] 
2016-09-13T18:09:40.907-0400: 257.370: [GC (GCLocker Initiated GC) [PSYoungGen: 157495K->62956K(192512K)] 530418K->436131K(716800K), 0.0131529 secs] [Times: user=0.07 sys=0.00, real=0.02 secs] 
2016-09-13T18:09:41.133-0400: 257.596: [GC (GCLocker Initiated GC) [PSYoungGen: 192492K->65994K(176128K)] 565924K->439601K(700416K), 0.0092021 secs] [Times: user=0.08 sys=0.01, real=0.01 secs] 
2016-09-13T18:09:41.298-0400: 257.761: [GC (GCLocker Initiated GC) [PSYoungGen: 172490K->47746K(184320K)] 546307K->421784K(708608K), 0.0158603 secs] [Times: user=0.15 sys=0.00, real=0.01 secs] 
2016-09-13T18:09:41.475-0400: 257.938: [GC (GCLocker Initiated GC) [PSYoungGen: 154242K->49320K(181760K)] 528302K->423555K(706048K), 0.0099461 secs] [Times: user=0.12 sys=0.00, real=0.01 secs] 
2016-09-13T18:09:41.656-0400: 258.119: [GC (GCLocker Initiated GC) [PSYoungGen: 157352K->3883K(112128K)] 546939K->407361K(636416K), 0.0211835 secs] [Times: user=0.25 sys=0.00, real=0.02 secs] 
2016-09-13T18:09:41.851-0400: 258.314: [GC (Allocation Failure) [PSYoungGen: 111915K->28089K(185344K)] 521548K->437939K(709632K), 0.0082609 secs] [Times: user=0.09 sys=0.00, real=0.01 secs] 
2016-09-13T18:09:42.043-0400: 258.507: [GC (GCLocker Initiated GC) [PSYoungGen: 131348K->28120K(134656K)] 547273K->444208K(658944K), 0.0071211 secs] [Times: user=0.06 sys=0.00, real=0.01 secs] 
2016-09-13T18:09:42.206-0400: 258.670: [GC (GCLocker Initiated GC) [PSYoungGen: 134616K->29512K(183808K)] 556998K->452135K(708096K), 0.0196619 secs] [Times: user=0.16 sys=0.01, real=0.02 secs] 
2016-09-13T18:09:42.382-0400: 258.845: [GC (Allocation Failure) [PSYoungGen: 138568K->23713K(181248K)] 562941K->448355K(705536K), 0.0066077 secs] [Times: user=0.08 sys=0.00, real=0.01 secs] 
2016-09-13T18:09:42.552-0400: 259.015: [GC (Allocation Failure) [PSYoungGen: 132769K->41571K(187904K)] 557411K->466372K(712192K), 0.0184600 secs] [Times: user=0.16 sys=0.01, real=0.02 secs] 
2016-09-13T18:09:42.732-0400: 259.195: [GC (Allocation Failure) [PSYoungGen: 157786K->27774K(186368K)] 582587K->452657K(710656K), 0.0169766 secs] [Times: user=0.14 sys=0.00, real=0.02 secs] 
2016-09-13T18:09:42.923-0400: 259.387: [GC (GCLocker Initiated GC) [PSYoungGen: 144504K->41565K(189440K)] 569451K->466702K(713728K), 0.0287960 secs] [Times: user=0.26 sys=0.00, real=0.03 secs] 
2016-09-13T18:09:43.134-0400: 259.597: [GC (GCLocker Initiated GC) [PSYoungGen: 163421K->5333K(188928K)] 602400K->444462K(713216K), 0.0031524 secs] [Times: user=0.02 sys=0.00, real=0.01 secs] 
2016-09-13T18:09:43.348-0400: 259.811: [GC (GCLocker Initiated GC) [PSYoungGen: 127189K->23409K(193024K)] 574172K->470594K(717312K), 0.0049250 secs] [Times: user=0.04 sys=0.00, real=0.00 secs] 
2016-09-13T18:09:43.554-0400: 260.018: [GC (Allocation Failure) [PSYoungGen: 149361K->46223K(193024K)] 596854K->494007K(717312K), 0.0221345 secs] [Times: user=0.21 sys=0.00, real=0.03 secs] 
2016-09-13T18:09:43.759-0400: 260.222: [GC (GCLocker Initiated GC) [PSYoungGen: 171983K->41629K(193536K)] 621287K->491110K(717824K), 0.0076717 secs] [Times: user=0.05 sys=0.00, real=0.00 secs] 
2016-09-13T18:09:43.982-0400: 260.445: [GC (GCLocker Initiated GC) [PSYoungGen: 166557K->46245K(171520K)] 617800K->497689K(695808K), 0.0266600 secs] [Times: user=0.30 sys=0.00, real=0.03 secs] 
2016-09-13T18:09:44.194-0400: 260.657: [GC (GCLocker Initiated GC) [PSYoungGen: 171170K->32522K(195584K)] 622917K->484391K(719872K), 0.0163480 secs] [Times: user=0.19 sys=0.00, real=0.02 secs] 
2016-09-13T18:09:44.393-0400: 260.856: [GC (GCLocker Initiated GC) [PSYoungGen: 158474K->29479K(155648K)] 610441K->481671K(679936K), 0.0093281 secs] [Times: user=0.08 sys=0.00, real=0.01 secs] 
2016-09-13T18:09:44.576-0400: 261.039: [GC (Allocation Failure) [PSYoungGen: 155431K->24986K(192000K)] 607649K->481946K(716288K), 0.0209022 secs] [Times: user=0.21 sys=0.00, real=0.02 secs] 
2016-09-13T18:09:44.797-0400: 261.261: [GC (Allocation Failure) [PSYoungGen: 151977K->20371K(190464K)] 608937K->482136K(714752K), 0.0165817 secs] [Times: user=0.16 sys=0.00, real=0.01 secs] 
2016-09-13T18:09:45.014-0400: 261.478: [GC (GCLocker Initiated GC) [PSYoungGen: 143770K->24959K(197120K)] 611610K->493073K(721408K), 0.0199601 secs] [Times: user=0.18 sys=0.01, real=0.02 secs] 
2016-09-13T18:09:45.269-0400: 261.733: [GC (GCLocker Initiated GC) [PSYoungGen: 161663K->23250K(197120K)] 637490K->499204K(721408K), 0.0198798 secs] [Times: user=0.18 sys=0.00, real=0.02 secs] 
2016-09-13T18:09:45.467-0400: 261.930: [GC (GCLocker Initiated GC) [PSYoungGen: 159954K->49259K(195072K)] 637521K->526999K(719360K), 0.0297496 secs] [Times: user=0.30 sys=0.00, real=0.04 secs] 
2016-09-13T18:09:45.685-0400: 262.148: [GC (GCLocker Initiated GC) [PSYoungGen: 185451K->40173K(199168K)] 664771K->527304K(723456K), 0.0334199 secs] [Times: user=0.34 sys=0.01, real=0.04 secs] 
2016-09-13T18:09:45.898-0400: 262.361: [GC (GCLocker Initiated GC) [PSYoungGen: 176365K->42961K(198144K)] 663777K->530624K(722432K), 0.0154448 secs] [Times: user=0.14 sys=0.00, real=0.01 secs] 
2016-09-13T18:09:46.106-0400: 262.569: [GC (GCLocker Initiated GC) [PSYoungGen: 178129K->44641K(180224K)] 665985K->537204K(704512K), 0.0277498 secs] [Times: user=0.31 sys=0.00, real=0.03 secs] 
2016-09-13T18:09:46.313-0400: 262.776: [GC (GCLocker Initiated GC) [PSYoungGen: 179809K->43053K(197632K)] 672501K->541868K(721920K), 0.0243160 secs] [Times: user=0.25 sys=0.00, real=0.03 secs] 
2016-09-13T18:09:46.571-0400: 263.034: [GC (GCLocker Initiated GC) [PSYoungGen: 176173K->23596K(157184K)] 676634K->536469K(681472K), 0.0123777 secs] [Times: user=0.13 sys=0.00, real=0.01 secs] 
2016-09-13T18:09:46.583-0400: 263.046: [Full GC (Ergonomics) [PSYoungGen: 23596K->0K(157184K)] [ParOldGen: 512873K->33428K(524288K)] 536469K->33428K(681472K), [Metaspace: 44699K->44699K(1087488K)], 0.0555957 secs] [Times: user=0.31 sys=0.02, real=0.06 secs] 
2016-09-13T18:09:46.807-0400: 263.271: [GC (GCLocker Initiated GC) [PSYoungGen: 133120K->38938K(198656K)] 172851K->78670K(722944K), 0.0095329 secs] [Times: user=0.13 sys=0.00, real=0.02 secs] 
2016-09-13T18:09:47.004-0400: 263.467: [GC (GCLocker Initiated GC) [PSYoungGen: 173594K->51088K(185856K)] 213365K->100346K(710144K), 0.0103902 secs] [Times: user=0.14 sys=0.00, real=0.01 secs] 
2016-09-13T18:09:47.213-0400: 263.676: [GC (GCLocker Initiated GC) [PSYoungGen: 185744K->44735K(196608K)] 236702K->103571K(720896K), 0.0074774 secs] [Times: user=0.04 sys=0.01, real=0.01 secs] 
2016-09-13T18:09:47.427-0400: 263.890: [GC (GCLocker Initiated GC) [PSYoungGen: 175807K->31222K(162304K)] 236297K->91887K(686592K), 0.0122896 secs] [Times: user=0.12 sys=0.00, real=0.02 secs] 
2016-09-13T18:09:47.663-0400: 264.126: [GC (GCLocker Initiated GC) [PSYoungGen: 162294K->46351K(194048K)] 230719K->119577K(718336K), 0.0077213 secs] [Times: user=0.08 sys=0.00, real=0.01 secs] 
2016-09-13T18:09:47.851-0400: 264.314: [GC (GCLocker Initiated GC) [PSYoungGen: 176399K->47924K(195072K)] 249644K->121312K(719360K), 0.0135480 secs] [Times: user=0.15 sys=0.00, real=0.01 secs] 
2016-09-13T18:09:48.062-0400: 264.525: [GC (Allocation Failure) [PSYoungGen: 177972K->46312K(196096K)] 251592K->121633K(720384K), 0.0083709 secs] [Times: user=0.06 sys=0.00, real=0.01 secs] 
2016-09-13T18:09:48.272-0400: 264.735: [GC (GCLocker Initiated GC) [PSYoungGen: 176360K->40020K(170496K)] 251684K->115620K(694784K), 0.0297804 secs] [Times: user=0.28 sys=0.00, real=0.03 secs] 
2016-09-13T18:09:48.502-0400: 264.965: [GC (GCLocker Initiated GC) [PSYoungGen: 170068K->28211K(194048K)] 260985K->119298K(718336K), 0.0179947 secs] [Times: user=0.20 sys=0.00, real=0.02 secs] 
2016-09-13T18:09:48.756-0400: 265.219: [GC (GCLocker Initiated GC) [PSYoungGen: 158771K->12902K(193536K)] 250023K->104429K(717824K), 0.0153249 secs] [Times: user=0.15 sys=0.00, real=0.01 secs] 
2016-09-13T18:09:48.966-0400: 265.430: [GC (Allocation Failure) [PSYoungGen: 143462K->23623K(198144K)] 235008K->119962K(722432K), 0.0064491 secs] [Times: user=0.07 sys=0.00, real=0.01 secs] 
2016-09-13T18:09:49.172-0400: 265.635: [GC (GCLocker Initiated GC) [PSYoungGen: 155648K->32859K(166400K)] 253507K->130908K(690688K), 0.0066648 secs] [Times: user=0.08 sys=0.00, real=0.01 secs] 
2016-09-13T18:09:49.382-0400: 265.845: [GC (GCLocker Initiated GC) [PSYoungGen: 165979K->47932K(192000K)] 264216K->146398K(716288K), 0.0121995 secs] [Times: user=0.12 sys=0.01, real=0.01 secs] 
2016-09-13T18:09:49.618-0400: 266.081: [GC (GCLocker Initiated GC) [PSYoungGen: 178492K->12806K(194560K)] 289232K->123752K(718848K), 0.0062957 secs] [Times: user=0.04 sys=0.00, real=0.00 secs] 
2016-09-13T18:09:49.806-0400: 266.270: [GC (GCLocker Initiated GC) [PSYoungGen: 143366K->28148K(195072K)] 255852K->151495K(719360K), 0.0161087 secs] [Times: user=0.21 sys=0.00, real=0.02 secs] 
2016-09-13T18:09:50.018-0400: 266.481: [GC (GCLocker Initiated GC) [PSYoungGen: 161268K->32708K(196096K)] 284785K->156470K(720384K), 0.0122681 secs] [Times: user=0.13 sys=0.00, real=0.01 secs] 
2016-09-13T18:09:50.249-0400: 266.712: [GC (GCLocker Initiated GC) [PSYoungGen: 165828K->23655K(198144K)] 291318K->149378K(722432K), 0.0182680 secs] [Times: user=0.15 sys=0.01, real=0.01 secs] 
2016-09-13T18:09:50.466-0400: 266.929: [GC (GCLocker Initiated GC) [PSYoungGen: 161895K->44827K(197120K)] 287791K->171007K(721408K), 0.0111007 secs] [Times: user=0.14 sys=0.00, real=0.02 secs] 
2016-09-13T18:09:50.683-0400: 267.146: [GC (GCLocker Initiated GC) [PSYoungGen: 183067K->51192K(193024K)] 309462K->177774K(717312K), 0.0080748 secs] [Times: user=0.09 sys=0.01, real=0.01 secs] 
2016-09-13T18:09:50.899-0400: 267.362: [GC (GCLocker Initiated GC) [PSYoungGen: 183288K->32735K(197120K)] 322203K->171825K(721408K), 0.0053264 secs] [Times: user=0.05 sys=0.00, real=0.00 secs] 
2016-09-13T18:09:51.115-0400: 267.578: [GC (GCLocker Initiated GC) [PSYoungGen: 164831K->44635K(196608K)] 303943K->183925K(720896K), 0.0141659 secs] [Times: user=0.11 sys=0.00, real=0.02 secs] 
2016-09-13T18:09:51.341-0400: 267.804: [GC (GCLocker Initiated GC) [PSYoungGen: 179291K->27892K(197632K)] 318617K->171956K(721920K), 0.0094334 secs] [Times: user=0.07 sys=0.00, real=0.01 secs] 
2016-09-13T18:09:51.553-0400: 268.016: [GC (Allocation Failure) [PSYoungGen: 162548K->23404K(197120K)] 309881K->178528K(721408K), 0.0073404 secs] [Times: user=0.06 sys=0.00, real=0.01 secs] 
2016-09-13T18:09:51.796-0400: 268.260: [GC (GCLocker Initiated GC) [PSYoungGen: 160618K->27838K(198144K)] 315747K->183176K(722432K), 0.0092056 secs] [Times: user=0.08 sys=0.00, real=0.00 secs] 
2016-09-13T18:09:52.028-0400: 268.491: [GC (GCLocker Initiated GC) [PSYoungGen: 165054K->41629K(200192K)] 322057K->198721K(724480K), 0.0173295 secs] [Times: user=0.16 sys=0.00, real=0.02 secs] 
2016-09-13T18:09:52.259-0400: 268.722: [GC (GCLocker Initiated GC) [PSYoungGen: 182429K->23554K(200704K)] 345689K->187024K(724992K), 0.0197801 secs] [Times: user=0.22 sys=0.00, real=0.02 secs] 
2016-09-13T18:09:52.501-0400: 268.964: [GC (GCLocker Initiated GC) [PSYoungGen: 164354K->58404K(189440K)] 331047K->245088K(713728K), 0.0101190 secs] [Times: user=0.08 sys=0.00, real=0.01 secs] 
2016-09-13T18:09:52.699-0400: 269.162: [GC (GCLocker Initiated GC) [PSYoungGen: 188452K->32804K(196096K)] 388989K->242699K(720384K), 0.0150254 secs] [Times: user=0.18 sys=0.00, real=0.01 secs] 
2016-09-13T18:09:52.900-0400: 269.363: [GC (GCLocker Initiated GC) [PSYoungGen: 162852K->40238K(191488K)] 374279K->251847K(715776K), 0.0082506 secs] [Times: user=0.06 sys=0.01, real=0.01 secs] 
2016-09-13T18:09:53.140-0400: 269.603: [GC (GCLocker Initiated GC) [PSYoungGen: 172846K->34191K(195072K)] 386007K->247534K(719360K), 0.0060347 secs] [Times: user=0.04 sys=0.00, real=0.00 secs] 
2016-09-13T18:09:53.337-0400: 269.800: [GC (GCLocker Initiated GC) [PSYoungGen: 166799K->43359K(199680K)] 380454K->263220K(723968K), 0.0097215 secs] [Times: user=0.10 sys=0.00, real=0.00 secs] 
2016-09-13T18:09:53.607-0400: 270.071: [GC (GCLocker Initiated GC) [PSYoungGen: 183135K->31034K(200192K)] 404537K->252760K(724480K), 0.0149039 secs] [Times: user=0.14 sys=0.01, real=0.02 secs] 
2016-09-13T18:09:53.810-0400: 270.274: [GC (GCLocker Initiated GC) [PSYoungGen: 170810K->26324K(201216K)] 392561K->254335K(725504K), 0.0264749 secs] [Times: user=0.27 sys=0.00, real=0.03 secs] 
2016-09-13T18:09:54.052-0400: 270.515: [GC (GCLocker Initiated GC) [PSYoungGen: 168660K->20425K(200704K)] 402939K->265474K(724992K), 0.0222092 secs] [Times: user=0.25 sys=0.00, real=0.02 secs] 
2016-09-13T18:09:54.297-0400: 270.761: [GC (GCLocker Initiated GC) [PSYoungGen: 162761K->46346K(198656K)] 409467K->293277K(722944K), 0.0483354 secs] [Times: user=0.66 sys=0.00, real=0.04 secs] 
2016-09-13T18:09:54.525-0400: 270.989: [GC (GCLocker Initiated GC) [PSYoungGen: 186634K->29639K(201216K)] 435249K->286010K(725504K), 0.0232949 secs] [Times: user=0.28 sys=0.00, real=0.03 secs] 
2016-09-13T18:09:54.752-0400: 271.215: [GC (GCLocker Initiated GC) [PSYoungGen: 169927K->43371K(200704K)] 427948K->301621K(724992K), 0.0107389 secs] [Times: user=0.11 sys=0.01, real=0.01 secs] 
2016-09-13T18:09:54.989-0400: 271.453: [GC (Allocation Failure) [PSYoungGen: 185195K->9671K(151552K)] 449751K->274390K(675840K), 0.0077841 secs] [Times: user=0.06 sys=0.00, real=0.01 secs] 
2016-09-13T18:09:55.204-0400: 271.667: [GC (GCLocker Initiated GC) [PSYoungGen: 151495K->31089K(202752K)] 417732K->297520K(727040K), 0.0218520 secs] [Times: user=0.21 sys=0.00, real=0.02 secs] 
2016-09-13T18:09:55.444-0400: 271.908: [GC (GCLocker Initiated GC) [PSYoungGen: 171889K->12832K(200192K)] 444408K->285506K(724480K), 0.0102565 secs] [Times: user=0.10 sys=0.00, real=0.01 secs] 
2016-09-13T18:09:55.675-0400: 272.138: [GC (GCLocker Initiated GC) [PSYoungGen: 153632K->43308K(198144K)] 427833K->320677K(722432K), 0.0175250 secs] [Times: user=0.17 sys=0.00, real=0.02 secs] 
2016-09-13T18:09:55.903-0400: 272.367: [GC (GCLocker Initiated GC) [PSYoungGen: 181548K->43234K(181760K)] 458943K->320757K(706048K), 0.0395386 secs] [Times: user=0.40 sys=0.00, real=0.04 secs] 
2016-09-13T18:09:56.155-0400: 272.618: [GC (Allocation Failure) [PSYoungGen: 181474K->5116K(195072K)] 471233K->302622K(719360K), 0.0057121 secs] [Times: user=0.04 sys=0.00, real=0.01 secs] 
2016-09-13T18:09:56.161-0400: 272.625: [GC (GCLocker Initiated GC) [PSYoungGen: 6143K->96K(132608K)] 303649K->302583K(656896K), 0.0076039 secs] [Times: user=0.08 sys=0.00, real=0.01 secs] 
2016-09-13T18:09:56.342-0400: 272.805: [GC (GCLocker Initiated GC) [PSYoungGen: 130874K->35744K(196608K)] 434880K->339751K(720896K), 0.0101639 secs] [Times: user=0.12 sys=0.00, real=0.01 secs] 
2016-09-13T18:09:56.572-0400: 273.036: [GC (GCLocker Initiated GC) [PSYoungGen: 165792K->3757K(195584K)] 479182K->335837K(719872K), 0.0219042 secs] [Times: user=0.26 sys=0.00, real=0.02 secs] 
2016-09-13T18:09:56.804-0400: 273.268: [GC (Allocation Failure) [PSYoungGen: 133805K->28030K(190976K)] 472046K->366394K(715264K), 0.0111195 secs] [Times: user=0.10 sys=0.00, real=0.01 secs] 
2016-09-13T18:09:57.031-0400: 273.494: [GC (GCLocker Initiated GC) [PSYoungGen: 158142K->44730K(193536K)] 498025K->384795K(717824K), 0.0384886 secs] [Times: user=0.41 sys=0.00, real=0.04 secs] 
2016-09-13T18:09:57.241-0400: 273.704: [GC (GCLocker Initiated GC) [PSYoungGen: 175290K->29388K(196096K)] 515380K->369730K(720384K), 0.0102866 secs] [Times: user=0.10 sys=0.00, real=0.01 secs] 
2016-09-13T18:09:57.451-0400: 273.914: [GC (GCLocker Initiated GC) [PSYoungGen: 162508K->11473K(196096K)] 515172K->371897K(720384K), 0.0045440 secs] [Times: user=0.04 sys=0.00, real=0.01 secs] 
2016-09-13T18:09:57.667-0400: 274.130: [GC (GCLocker Initiated GC) [PSYoungGen: 144593K->44576K(193536K)] 505042K->405199K(717824K), 0.0122584 secs] [Times: user=0.12 sys=0.00, real=0.02 secs] 
2016-09-13T18:09:57.886-0400: 274.349: [GC (Allocation Failure) [PSYoungGen: 175648K->46472K(177664K)] 536402K->415094K(701952K), 0.0079002 secs] [Times: user=0.09 sys=0.00, real=0.01 secs] 
2016-09-13T18:09:57.894-0400: 274.357: [GC (GCLocker Initiated GC) [PSYoungGen: 46674K->96K(191488K)] 415296K->414935K(715776K), 0.0068673 secs] [Times: user=0.08 sys=0.00, real=0.01 secs] 
2016-09-13T18:09:58.087-0400: 274.550: [GC (GCLocker Initiated GC) [PSYoungGen: 122976K->52266K(175616K)] 537820K->467126K(699904K), 0.0073515 secs] [Times: user=0.05 sys=0.00, real=0.01 secs] 
2016-09-13T18:09:58.265-0400: 274.728: [GC (Allocation Failure) [PSYoungGen: 175146K->32675K(190464K)] 590124K->476809K(714752K), 0.0245127 secs] [Times: user=0.20 sys=0.01, real=0.03 secs] 
2016-09-13T18:09:58.456-0400: 274.919: [GC (GCLocker Initiated GC) [PSYoungGen: 148387K->46314K(187392K)] 592523K->495359K(711680K), 0.0271150 secs] [Times: user=0.37 sys=0.00, real=0.02 secs] 
2016-09-13T18:09:58.648-0400: 275.111: [GC (GCLocker Initiated GC) [PSYoungGen: 162026K->41561K(188928K)] 611206K->490922K(713216K), 0.0092915 secs] [Times: user=0.08 sys=0.00, real=0.01 secs] 
2016-09-13T18:09:58.845-0400: 275.308: [GC (GCLocker Initiated GC) [PSYoungGen: 156761K->17557K(133120K)] 613749K->474783K(657408K), 0.0037008 secs] [Times: user=0.03 sys=0.00, real=0.01 secs] 
2016-09-13T18:09:59.025-0400: 275.489: [GC (GCLocker Initiated GC) [PSYoungGen: 132757K->31179K(190976K)] 590161K->494911K(715264K), 0.0132999 secs] [Times: user=0.12 sys=0.01, real=0.02 secs] 
2016-09-13T18:09:59.236-0400: 275.699: [GC (Allocation Failure) [PSYoungGen: 150475K->21981K(186880K)] 614300K->486019K(711168K), 0.0214031 secs] [Times: user=0.18 sys=0.00, real=0.02 secs] 
2016-09-13T18:09:59.427-0400: 275.891: [GC (GCLocker Initiated GC) [PSYoungGen: 140961K->24950K(190976K)] 606518K->495265K(715264K), 0.0053232 secs] [Times: user=0.04 sys=0.00, real=0.01 secs] 
2016-09-13T18:09:59.611-0400: 276.074: [GC (GCLocker Initiated GC) [PSYoungGen: 150390K->31002K(188416K)] 622402K->503226K(712704K), 0.0065482 secs] [Times: user=0.05 sys=0.00, real=0.01 secs] 
2016-09-13T18:09:59.812-0400: 276.275: [GC (GCLocker Initiated GC) [PSYoungGen: 156442K->24972K(195584K)] 628871K->497528K(719872K), 0.0058291 secs] [Times: user=0.05 sys=0.00, real=0.01 secs] 
2016-09-13T18:10:00.049-0400: 276.512: [GC (Allocation Failure) [PSYoungGen: 160652K->9894K(193536K)] 645629K->495135K(717824K), 0.0221970 secs] [Times: user=0.25 sys=0.00, real=0.02 secs] 
2016-09-13T18:10:00.268-0400: 276.731: [GC (GCLocker Initiated GC) [PSYoungGen: 145574K->49350K(193536K)] 630818K->534803K(717824K), 0.0174961 secs] [Times: user=0.17 sys=0.00, real=0.01 secs] 
2016-09-13T18:10:00.498-0400: 276.962: [GC (GCLocker Initiated GC) [PSYoungGen: 184518K->50870K(186368K)] 676300K->542885K(710656K), 0.0135152 secs] [Times: user=0.13 sys=0.00, real=0.01 secs] 
2016-09-13T18:10:00.707-0400: 277.170: [GC (GCLocker Initiated GC) [PSYoungGen: 186038K->55427K(183808K)] 678078K->547539K(708096K), 0.0080814 secs] [Times: user=0.08 sys=0.00, real=0.01 secs] 
2016-09-13T18:10:00.915-0400: 277.378: [GC (GCLocker Initiated GC) [PSYoungGen: 171139K->26569K(188928K)] 669475K->535801K(713216K), 0.0303904 secs] [Times: user=0.36 sys=0.00, real=0.03 secs] 
2016-09-13T18:10:00.945-0400: 277.408: [Full GC (Ergonomics) [PSYoungGen: 26569K->0K(188928K)] [ParOldGen: 509231K->41569K(524288K)] 535801K->41569K(713216K), [Metaspace: 44731K->44731K(1087488K)], 0.0564847 secs] [Times: user=0.39 sys=0.02, real=0.06 secs] 
2016-09-13T18:10:01.137-0400: 277.600: [GC (GCLocker Initiated GC) [PSYoungGen: 115712K->55740K(182272K)] 157411K->97439K(706560K), 0.0117820 secs] [Times: user=0.14 sys=0.00, real=0.01 secs] 
2016-09-13T18:10:01.302-0400: 277.765: [GC (GCLocker Initiated GC) [PSYoungGen: 167356K->44737K(186880K)] 209131K->97854K(711168K), 0.0187419 secs] [Times: user=0.21 sys=0.00, real=0.02 secs] 
2016-09-13T18:10:01.477-0400: 277.940: [GC (GCLocker Initiated GC) [PSYoungGen: 156353K->57132K(180224K)] 209495K->114951K(704512K), 0.0141369 secs] [Times: user=0.19 sys=0.01, real=0.01 secs] 
2016-09-13T18:10:01.651-0400: 278.114: [GC (GCLocker Initiated GC) [PSYoungGen: 162604K->44800K(183808K)] 226561K->116505K(708096K), 0.0071353 secs] [Times: user=0.06 sys=0.00, real=0.01 secs] 
2016-09-13T18:10:01.828-0400: 278.291: [GC (Allocation Failure) [PSYoungGen: 150272K->31180K(177152K)] 221999K->107615K(701440K), 0.0171511 secs] [Times: user=0.18 sys=0.00, real=0.01 secs] 
2016-09-13T18:10:02.002-0400: 278.465: [GC (GCLocker Initiated GC) [PSYoungGen: 138188K->32619K(181248K)] 214637K->123040K(705536K), 0.0078603 secs] [Times: user=0.08 sys=0.00, real=0.01 secs] 
2016-09-13T18:10:02.178-0400: 278.641: [GC (Allocation Failure) [PSYoungGen: 139627K->41857K(183296K)] 231737K->134146K(707584K), 0.0067032 secs] [Times: user=0.09 sys=0.00, real=0.00 secs] 
2016-09-13T18:10:02.370-0400: 278.834: [GC (Allocation Failure) [PSYoungGen: 157055K->28051K(186368K)] 249344K->138912K(710656K), 0.0067407 secs] [Times: user=0.04 sys=0.01, real=0.01 secs] 
2016-09-13T18:10:02.550-0400: 279.013: [GC (GCLocker Initiated GC) [PSYoungGen: 143600K->50620K(189440K)] 255979K->163209K(713728K), 0.0060794 secs] [Times: user=0.05 sys=0.00, real=0.01 secs] 
2016-09-13T18:10:02.721-0400: 279.184: [GC (Allocation Failure) [PSYoungGen: 171452K->47742K(191488K)] 284057K->160436K(715776K), 0.0077141 secs] [Times: user=0.07 sys=0.00, real=0.01 secs] 
2016-09-13T18:10:02.907-0400: 279.370: [GC (GCLocker Initiated GC) [PSYoungGen: 168574K->50940K(189440K)] 281273K->174507K(713728K), 0.0246593 secs] [Times: user=0.31 sys=0.00, real=0.03 secs] 
2016-09-13T18:10:03.115-0400: 279.578: [GC (Allocation Failure) [PSYoungGen: 169724K->41597K(160768K)] 293324K->165277K(685056K), 0.0181752 secs] [Times: user=0.18 sys=0.00, real=0.02 secs] 
2016-09-13T18:10:03.299-0400: 279.762: [GC (GCLocker Initiated GC) [PSYoungGen: 160381K->66021K(179712K)] 284069K->196051K(704000K), 0.0106219 secs] [Times: user=0.09 sys=0.02, real=0.01 secs] 
2016-09-13T18:10:03.479-0400: 279.942: [GC (GCLocker Initiated GC) [PSYoungGen: 176613K->46255K(186368K)] 306663K->176470K(710656K), 0.0180370 secs] [Times: user=0.14 sys=0.01, real=0.02 secs] 
2016-09-13T18:10:03.673-0400: 280.136: [GC (GCLocker Initiated GC) [PSYoungGen: 156847K->43207K(178176K)] 288607K->179741K(702464K), 0.0243044 secs] [Times: user=0.26 sys=0.00, real=0.03 secs] 
2016-09-13T18:10:03.884-0400: 280.347: [GC (GCLocker Initiated GC) [PSYoungGen: 155847K->29671K(183296K)] 292412K->173941K(707584K), 0.0123143 secs] [Times: user=0.14 sys=0.01, real=0.02 secs] 
2016-09-13T18:10:04.073-0400: 280.536: [GC (Allocation Failure) [PSYoungGen: 142311K->3782K(183808K)] 298949K->165178K(708096K), 0.0116199 secs] [Times: user=0.12 sys=0.00, real=0.01 secs] 
2016-09-13T18:10:04.243-0400: 280.707: [GC (Allocation Failure) [PSYoungGen: 114523K->9885K(123904K)] 275919K->171628K(648192K), 0.0272990 secs] [Times: user=0.27 sys=0.00, real=0.03 secs] 
2016-09-13T18:10:04.429-0400: 280.893: [GC (GCLocker Initiated GC) [PSYoungGen: 123549K->31035K(189952K)] 285301K->192968K(714240K), 0.0110750 secs] [Times: user=0.07 sys=0.00, real=0.01 secs] 
2016-09-13T18:10:04.612-0400: 281.075: [GC (GCLocker Initiated GC) [PSYoungGen: 145723K->46712K(186880K)] 309376K->210654K(711168K), 0.0095512 secs] [Times: user=0.10 sys=0.00, real=0.01 secs] 
2016-09-13T18:10:04.806-0400: 281.270: [GC (GCLocker Initiated GC) [PSYoungGen: 161400K->26378K(187904K)] 332961K->198117K(712192K), 0.0052541 secs] [Times: user=0.03 sys=0.00, real=0.01 secs] 
2016-09-13T18:10:04.994-0400: 281.457: [GC (GCLocker Initiated GC) [PSYoungGen: 143114K->31126K(187392K)] 316399K->207587K(711680K), 0.0099683 secs] [Times: user=0.09 sys=0.01, real=0.01 secs] 
2016-09-13T18:10:05.204-0400: 281.667: [GC (GCLocker Initiated GC) [PSYoungGen: 147862K->28030K(188928K)] 324398K->213904K(713216K), 0.0224164 secs] [Times: user=0.24 sys=0.00, real=0.02 secs] 
2016-09-13T18:10:05.409-0400: 281.872: [GC (GCLocker Initiated GC) [PSYoungGen: 150910K->24828K(188416K)] 342965K->217025K(712704K), 0.0223181 secs] [Times: user=0.23 sys=0.00, real=0.02 secs] 
2016-09-13T18:10:05.593-0400: 282.057: [GC (Allocation Failure) [PSYoungGen: 147708K->26436K(195072K)] 340120K->218987K(719360K), 0.0237172 secs] [Times: user=0.24 sys=0.00, real=0.03 secs] 
2016-09-13T18:10:05.801-0400: 282.264: [GC (GCLocker Initiated GC) [PSYoungGen: 154546K->29628K(194560K)] 353172K->228432K(718848K), 0.0107602 secs] [Times: user=0.12 sys=0.00, real=0.01 secs] 
2016-09-13T18:10:06.007-0400: 282.470: [GC (GCLocker Initiated GC) [PSYoungGen: 161724K->29639K(197120K)] 362225K->230357K(721408K), 0.0125272 secs] [Times: user=0.13 sys=0.00, real=0.02 secs] 
2016-09-13T18:10:06.246-0400: 282.709: [GC (GCLocker Initiated GC) [PSYoungGen: 168903K->14729K(196608K)] 381856K->227852K(720896K), 0.0034720 secs] [Times: user=0.03 sys=0.01, real=0.01 secs] 
2016-09-13T18:10:06.474-0400: 282.937: [GC (GCLocker Initiated GC) [PSYoungGen: 153993K->52453K(193024K)] 367200K->267503K(717312K), 0.0113245 secs] [Times: user=0.14 sys=0.01, real=0.01 secs] 
2016-09-13T18:10:06.699-0400: 283.162: [GC (GCLocker Initiated GC) [PSYoungGen: 187621K->32686K(198656K)] 415037K->269369K(722944K), 0.0102446 secs] [Times: user=0.14 sys=0.00, real=0.01 secs] 
2016-09-13T18:10:06.934-0400: 283.397: [GC (GCLocker Initiated GC) [PSYoungGen: 167854K->24896K(193024K)] 410883K->268060K(717312K), 0.0131033 secs] [Times: user=0.11 sys=0.00, real=0.01 secs] 
2016-09-13T18:10:07.182-0400: 283.646: [GC (Allocation Failure) [PSYoungGen: 163136K->14387K(197120K)] 412450K->263832K(721408K), 0.0116761 secs] [Times: user=0.12 sys=0.00, real=0.01 secs] 
2016-09-13T18:10:07.416-0400: 283.879: [GC (GCLocker Initiated GC) [PSYoungGen: 152627K->46281K(196608K)] 402080K->302059K(720896K), 0.0293063 secs] [Times: user=0.30 sys=0.00, real=0.02 secs] 
2016-09-13T18:10:07.654-0400: 284.117: [GC (Allocation Failure) [PSYoungGen: 183497K->5398K(142848K)] 451757K->273942K(667136K), 0.0229063 secs] [Times: user=0.26 sys=0.01, real=0.03 secs] 
2016-09-13T18:10:07.875-0400: 284.339: [GC (GCLocker Initiated GC) [PSYoungGen: 142614K->46154K(192512K)] 411163K->314964K(716800K), 0.0250989 secs] [Times: user=0.26 sys=0.00, real=0.03 secs] 
2016-09-13T18:10:08.074-0400: 284.537: [GC (GCLocker Initiated GC) [PSYoungGen: 175178K->47773K(177152K)] 444147K->316846K(701440K), 0.0221999 secs] [Times: user=0.21 sys=0.00, real=0.03 secs] 
2016-09-13T18:10:08.287-0400: 284.751: [GC (GCLocker Initiated GC) [PSYoungGen: 176797K->40138K(193536K)] 447603K->311066K(717824K), 0.0257143 secs] [Times: user=0.26 sys=0.00, real=0.03 secs] 
2016-09-13T18:10:08.499-0400: 284.962: [GC (GCLocker Initiated GC) [PSYoungGen: 164042K->49383K(173568K)] 442599K->328095K(697856K), 0.0147576 secs] [Times: user=0.16 sys=0.01, real=0.01 secs] 
2016-09-13T18:10:08.698-0400: 285.161: [GC (GCLocker Initiated GC) [PSYoungGen: 173287K->51087K(185856K)] 458353K->343894K(710144K), 0.0089189 secs] [Times: user=0.10 sys=0.00, real=0.00 secs] 
2016-09-13T18:10:08.893-0400: 285.357: [GC (GCLocker Initiated GC) [PSYoungGen: 165775K->27806K(188416K)] 472311K->334681K(712704K), 0.0131008 secs] [Times: user=0.12 sys=0.00, real=0.01 secs] 
2016-09-13T18:10:09.098-0400: 285.561: [GC (GCLocker Initiated GC) [PSYoungGen: 142494K->28002K(184320K)] 463216K->348846K(708608K), 0.0168701 secs] [Times: user=0.17 sys=0.00, real=0.01 secs] 
2016-09-13T18:10:09.300-0400: 285.763: [GC (GCLocker Initiated GC) [PSYoungGen: 145250K->64730K(182272K)] 466365K->386103K(706560K), 0.0114937 secs] [Times: user=0.11 sys=0.00, real=0.01 secs] 
2016-09-13T18:10:09.499-0400: 285.962: [GC (GCLocker Initiated GC) [PSYoungGen: 181978K->50966K(183296K)] 509677K->379004K(707584K), 0.0070421 secs] [Times: user=0.08 sys=0.00, real=0.00 secs] 
2016-09-13T18:10:09.666-0400: 286.129: [GC (GCLocker Initiated GC) [PSYoungGen: 157462K->46436K(184320K)] 485597K->374887K(708608K), 0.0084750 secs] [Times: user=0.11 sys=0.01, real=0.01 secs] 
2016-09-13T18:10:09.862-0400: 286.325: [GC (GCLocker Initiated GC) [PSYoungGen: 152932K->46437K(181248K)] 481634K->375349K(705536K), 0.0106695 secs] [Times: user=0.13 sys=0.01, real=0.01 secs] 
2016-09-13T18:10:10.028-0400: 286.491: [GC (GCLocker Initiated GC) [PSYoungGen: 153957K->38975K(182784K)] 482891K->368122K(707072K), 0.0121266 secs] [Times: user=0.16 sys=0.00, real=0.01 secs] 
2016-09-13T18:10:10.216-0400: 286.679: [GC (GCLocker Initiated GC) [PSYoungGen: 146495K->9671K(183296K)] 483280K->357352K(707584K), 0.0120893 secs] [Times: user=0.12 sys=0.01, real=0.02 secs] 
2016-09-13T18:10:10.406-0400: 286.869: [GC (GCLocker Initiated GC) [PSYoungGen: 120775K->5334K(185344K)] 477917K->373423K(709632K), 0.0072373 secs] [Times: user=0.09 sys=0.00, real=0.01 secs] 
2016-09-13T18:10:10.616-0400: 287.080: [GC (GCLocker Initiated GC) [PSYoungGen: 116438K->26601K(184320K)] 490628K->400996K(708608K), 0.0056657 secs] [Times: user=0.06 sys=0.00, real=0.00 secs] 
2016-09-13T18:10:10.773-0400: 287.237: [GC (GCLocker Initiated GC) [PSYoungGen: 138729K->32740K(185344K)] 514823K->418129K(709632K), 0.0117102 secs] [Times: user=0.13 sys=0.00, real=0.01 secs] 
2016-09-13T18:10:10.976-0400: 287.439: [GC (GCLocker Initiated GC) [PSYoungGen: 144868K->6607K(184832K)] 531798K->393668K(709120K), 0.0097878 secs] [Times: user=0.06 sys=0.00, real=0.01 secs] 
2016-09-13T18:10:11.177-0400: 287.640: [GC (GCLocker Initiated GC) [PSYoungGen: 122319K->32522K(185856K)] 515711K->426089K(710144K), 0.0260633 secs] [Times: user=0.28 sys=0.00, real=0.02 secs] 
2016-09-13T18:10:11.379-0400: 287.842: [GC (GCLocker Initiated GC) [PSYoungGen: 148234K->15752K(190976K)] 542006K->409662K(715264K), 0.0378972 secs] [Times: user=0.39 sys=0.00, real=0.04 secs] 
2016-09-13T18:10:11.573-0400: 288.037: [GC (GCLocker Initiated GC) [PSYoungGen: 139656K->8248K(189952K)] 541285K->419267K(714240K), 0.0154105 secs] [Times: user=0.17 sys=0.00, real=0.02 secs] 
2016-09-13T18:10:11.741-0400: 288.204: [GC (GCLocker Initiated GC) [PSYoungGen: 132152K->43148K(192000K)] 544832K->459066K(716288K), 0.0199904 secs] [Times: user=0.20 sys=0.00, real=0.02 secs] 
2016-09-13T18:10:11.944-0400: 288.407: [GC (GCLocker Initiated GC) [PSYoungGen: 169100K->23250K(149504K)] 588161K->442450K(673792K), 0.0063745 secs] [Times: user=0.05 sys=0.00, real=0.01 secs] 
2016-09-13T18:10:12.189-0400: 288.653: [GC (Allocation Failure) [PSYoungGen: 149202K->14382K(194560K)] 574507K->439884K(718848K), 0.0101611 secs] [Times: user=0.10 sys=0.01, real=0.01 secs] 
2016-09-13T18:10:12.408-0400: 288.872: [GC (GCLocker Initiated GC) [PSYoungGen: 143918K->29538K(193024K)] 575500K->465885K(717312K), 0.0102677 secs] [Times: user=0.11 sys=0.00, real=0.01 secs] 
2016-09-13T18:10:12.617-0400: 289.081: [GC (Allocation Failure) [PSYoungGen: 159074K->31158K(196096K)] 597074K->469392K(720384K), 0.0070958 secs] [Times: user=0.08 sys=0.01, real=0.00 secs] 
2016-09-13T18:10:12.843-0400: 289.307: [GC (GCLocker Initiated GC) [PSYoungGen: 164993K->23559K(194560K)] 604745K->471036K(718848K), 0.0063209 secs] [Times: user=0.06 sys=0.00, real=0.01 secs] 
2016-09-13T18:10:13.051-0400: 289.515: [GC (GCLocker Initiated GC) [PSYoungGen: 158727K->9868K(198656K)] 618358K->469806K(722944K), 0.0244192 secs] [Times: user=0.26 sys=0.00, real=0.03 secs] 
2016-09-13T18:10:13.298-0400: 289.762: [GC (GCLocker Initiated GC) [PSYoungGen: 151692K->46446K(198656K)] 620855K->515819K(722944K), 0.0104937 secs] [Times: user=0.12 sys=0.01, real=0.01 secs] 
2016-09-13T18:10:13.564-0400: 290.028: [GC (Allocation Failure) [PSYoungGen: 188270K->23186K(202752K)] 664068K->499169K(727040K), 0.0150657 secs] [Times: user=0.17 sys=0.00, real=0.02 secs] 
2016-09-13T18:10:13.793-0400: 290.256: [GC (GCLocker Initiated GC) [PSYoungGen: 165010K->46313K(188416K)] 640995K->522453K(712704K), 0.0067006 secs] [Times: user=0.07 sys=0.00, real=0.01 secs] 
2016-09-13T18:10:14.005-0400: 290.468: [GC (GCLocker Initiated GC) [PSYoungGen: 188137K->43211K(196096K)] 664334K->519601K(720384K), 0.0192969 secs] [Times: user=0.19 sys=0.00, real=0.02 secs] 
2016-09-13T18:10:14.242-0400: 290.705: [GC (Allocation Failure) [PSYoungGen: 176331K->26537K(159744K)] 654460K->509504K(684032K), 0.0100441 secs] [Times: user=0.11 sys=0.00, real=0.01 secs] 
2016-09-13T18:10:14.464-0400: 290.927: [GC (GCLocker Initiated GC) [PSYoungGen: 159657K->26479K(199168K)] 642629K->509629K(723456K), 0.0126300 secs] [Times: user=0.08 sys=0.00, real=0.02 secs] 
2016-09-13T18:10:14.684-0400: 291.147: [GC (GCLocker Initiated GC) [PSYoungGen: 163695K->51087K(196608K)] 647074K->534759K(720896K), 0.0150195 secs] [Times: user=0.19 sys=0.00, real=0.02 secs] 
2016-09-13T18:10:14.902-0400: 291.366: [GC (GCLocker Initiated GC) [PSYoungGen: 188303K->46319K(193536K)] 675195K->533444K(717824K), 0.0096604 secs] [Times: user=0.12 sys=0.00, real=0.01 secs] 
2016-09-13T18:10:15.100-0400: 291.563: [GC (GCLocker Initiated GC) [PSYoungGen: 175343K->32613K(161792K)] 674774K->532198K(686080K), 0.0067715 secs] [Times: user=0.07 sys=0.00, real=0.00 secs] 
2016-09-13T18:10:15.326-0400: 291.789: [GC (GCLocker Initiated GC) [PSYoungGen: 161637K->31127K(197632K)] 661356K->531079K(721920K), 0.0219204 secs] [Times: user=0.20 sys=0.00, real=0.03 secs] 
2016-09-13T18:10:15.546-0400: 292.009: [GC (GCLocker Initiated GC) [PSYoungGen: 165271K->29448K(194560K)] 671569K->540473K(718848K), 0.0195735 secs] [Times: user=0.21 sys=0.00, real=0.02 secs] 
2016-09-13T18:10:15.773-0400: 292.236: [GC (Allocation Failure) [PSYoungGen: 163592K->31056K(198656K)] 674639K->542242K(722944K), 0.0100282 secs] [Times: user=0.09 sys=0.00, real=0.01 secs] 
2016-09-13T18:10:16.000-0400: 292.464: [GC (Allocation Failure) [PSYoungGen: 170216K->28104K(196608K)] 681402K->542513K(720896K), 0.0234319 secs] [Times: user=0.22 sys=0.00, real=0.02 secs] 
2016-09-13T18:10:16.244-0400: 292.707: [Full GC (Ergonomics) [PSYoungGen: 164315K->0K(196608K)] [ParOldGen: 520483K->38630K(524288K)] 684799K->38630K(720896K), [Metaspace: 44735K->44735K(1087488K)], 0.0777808 secs] [Times: user=0.44 sys=0.03, real=0.08 secs] 
2016-09-13T18:10:16.498-0400: 292.961: [GC (GCLocker Initiated GC) [PSYoungGen: 140288K->54098K(196096K)] 179018K->139910K(720384K), 0.0186434 secs] [Times: user=0.22 sys=0.01, real=0.02 secs] 
2016-09-13T18:10:16.699-0400: 293.162: [GC (Allocation Failure) [PSYoungGen: 195410K->51242K(193024K)] 281426K->146752K(717312K), 0.0073817 secs] [Times: user=0.09 sys=0.00, real=0.00 secs] 
2016-09-13T18:10:16.895-0400: 293.358: [GC (GCLocker Initiated GC) [PSYoungGen: 190112K->21886K(198144K)] 291698K->123802K(722432K), 0.0194516 secs] [Times: user=0.17 sys=0.00, real=0.02 secs] 
2016-09-13T18:10:17.136-0400: 293.599: [GC (GCLocker Initiated GC) [PSYoungGen: 156030K->31031K(165376K)] 257971K->133111K(689664K), 0.0234399 secs] [Times: user=0.22 sys=0.00, real=0.02 secs] 
2016-09-13T18:10:17.324-0400: 293.787: [GC (GCLocker Initiated GC) [PSYoungGen: 165175K->44762K(194560K)] 267503K->153313K(718848K), 0.0141693 secs] [Times: user=0.14 sys=0.00, real=0.02 secs] 
2016-09-13T18:10:17.541-0400: 294.004: [GC (GCLocker Initiated GC) [PSYoungGen: 177882K->23505K(195584K)] 294297K->140059K(719872K), 0.0073313 secs] [Times: user=0.07 sys=0.00, real=0.01 secs] 
2016-09-13T18:10:17.797-0400: 294.261: [GC (GCLocker Initiated GC) [PSYoungGen: 156625K->47769K(195072K)] 273884K->165253K(719360K), 0.0180100 secs] [Times: user=0.18 sys=0.00, real=0.01 secs] 
2016-09-13T18:10:18.018-0400: 294.481: [GC (GCLocker Initiated GC) [PSYoungGen: 180889K->35623K(168960K)] 304532K->159480K(693248K), 0.0127215 secs] [Times: user=0.15 sys=0.00, real=0.01 secs] 
2016-09-13T18:10:18.222-0400: 294.685: [GC (GCLocker Initiated GC) [PSYoungGen: 168743K->23409K(197632K)] 292633K->150554K(721920K), 0.0113739 secs] [Times: user=0.11 sys=0.00, real=0.01 secs] 
2016-09-13T18:10:18.446-0400: 294.909: [GC (GCLocker Initiated GC) [PSYoungGen: 159601K->24987K(197120K)] 293024K->158638K(721408K), 0.0197802 secs] [Times: user=0.16 sys=0.00, real=0.02 secs] 
2016-09-13T18:10:18.685-0400: 295.148: [GC (GCLocker Initiated GC) [PSYoungGen: 161179K->44926K(198144K)] 295104K->179053K(722432K), 0.0119517 secs] [Times: user=0.13 sys=0.00, real=0.02 secs] 
2016-09-13T18:10:18.899-0400: 295.362: [GC (GCLocker Initiated GC) [PSYoungGen: 183166K->32949K(199680K)] 329501K->179549K(723968K), 0.0061393 secs] [Times: user=0.08 sys=0.01, real=0.00 secs] 
2016-09-13T18:10:19.113-0400: 295.577: [GC (GCLocker Initiated GC) [PSYoungGen: 171189K->47741K(198144K)] 317814K->194693K(722432K), 0.0233802 secs] [Times: user=0.25 sys=0.00, real=0.03 secs] 
2016-09-13T18:10:19.344-0400: 295.808: [GC (GCLocker Initiated GC) [PSYoungGen: 186493K->6666K(145920K)] 341187K->170689K(670208K), 0.0076007 secs] [Times: user=0.06 sys=0.00, real=0.01 secs] 
2016-09-13T18:10:19.624-0400: 296.087: [GC (GCLocker Initiated GC) [PSYoungGen: 145418K->53752K(188928K)] 312513K->222642K(713216K), 0.0193855 secs] [Times: user=0.18 sys=0.00, real=0.02 secs] 
2016-09-13T18:10:19.843-0400: 296.306: [GC (Allocation Failure) [PSYoungGen: 178680K->24917K(193536K)] 353855K->206353K(717824K), 0.0098445 secs] [Times: user=0.07 sys=0.00, real=0.01 secs] 
2016-09-13T18:10:20.032-0400: 296.495: [GC (GCLocker Initiated GC) [PSYoungGen: 149845K->37361K(187904K)] 331283K->219064K(712192K), 0.0055352 secs] [Times: user=0.06 sys=0.00, real=0.01 secs] 
2016-09-13T18:10:20.256-0400: 296.720: [GC (Allocation Failure) [PSYoungGen: 163825K->17543K(191488K)] 345548K->199433K(715776K), 0.0096637 secs] [Times: user=0.11 sys=0.00, real=0.00 secs] 
