Java HotSpot(TM) 64-Bit Server VM (25.101-b13) for linux-amd64 JRE (1.8.0_101-b13), built on Jun 22 2016 02:59:44 by "java_re" with gcc 4.3.0 20080428 (Red Hat 4.3.0-8)
Memory: 4k page, physical 264122320k(99561624k free), swap 268399612k(268399612k free)
CommandLine flags: -XX:GCLogFileSize=1048576 -XX:+HeapDumpOnOutOfMemoryError -XX:HeapDumpPath=artifacts/heapdump -XX:InitialHeapSize=805306368 -XX:MaxHeapSize=805306368 -XX:NumberOfGCLogFiles=10 -XX:+PrintGC -XX:+PrintGCDateStamps -XX:+PrintGCDetails -XX:+PrintGCTimeStamps -XX:+UseCompressedClassPointers -XX:+UseCompressedOops -XX:+UseGCLogFileRotation -XX:+UseParallelGC 
2016-09-25T21:41:18.565-0400: 2.179: [GC (Metadata GC Threshold) [PSYoungGen: 121899K->15559K(229376K)] 121899K->15648K(753664K), 0.0264199 secs] [Times: user=0.13 sys=0.07, real=0.02 secs] 
2016-09-25T21:41:18.592-0400: 2.205: [Full GC (Metadata GC Threshold) [PSYoungGen: 15559K->0K(229376K)] [ParOldGen: 88K->14600K(332800K)] 15648K->14600K(562176K), [Metaspace: 21065K->21065K(1067008K)], 0.0418813 secs] [Times: user=0.30 sys=0.01, real=0.04 secs] 
2016-09-25T21:41:20.425-0400: 4.039: [GC (Metadata GC Threshold) [PSYoungGen: 125205K->14989K(229376K)] 139805K->29725K(562176K), 0.0241626 secs] [Times: user=0.15 sys=0.00, real=0.02 secs] 
2016-09-25T21:41:20.450-0400: 4.063: [Full GC (Metadata GC Threshold) [PSYoungGen: 14989K->0K(229376K)] [ParOldGen: 14736K->20412K(524288K)] 29725K->20412K(753664K), [Metaspace: 34972K->34972K(1079296K)], 0.0709876 secs] [Times: user=0.57 sys=0.02, real=0.07 secs] 
2016-09-25T21:41:22.118-0400: 5.731: [GC (GCLocker Initiated GC) [PSYoungGen: 196608K->32759K(229376K)] 217024K->88492K(753664K), 0.0250702 secs] [Times: user=0.32 sys=0.02, real=0.03 secs] 
2016-09-25T21:41:22.371-0400: 5.985: [GC (GCLocker Initiated GC) [PSYoungGen: 229367K->31002K(229376K)] 293430K->100473K(753664K), 0.0081964 secs] [Times: user=0.07 sys=0.02, real=0.01 secs] 
2016-09-25T21:41:22.497-0400: 6.110: [GC (GCLocker Initiated GC) [PSYoungGen: 227610K->31223K(227840K)] 299233K->108254K(752128K), 0.0113192 secs] [Times: user=0.10 sys=0.01, real=0.01 secs] 
2016-09-25T21:41:22.643-0400: 6.257: [GC (GCLocker Initiated GC) [PSYoungGen: 227831K->32969K(193024K)] 313191K->142638K(717312K), 0.0095916 secs] [Times: user=0.12 sys=0.01, real=0.00 secs] 
2016-09-25T21:41:22.767-0400: 6.381: [GC (GCLocker Initiated GC) [PSYoungGen: 191689K->50661K(209408K)] 301458K->165838K(733696K), 0.0074460 secs] [Times: user=0.10 sys=0.00, real=0.01 secs] 
2016-09-25T21:41:22.872-0400: 6.486: [GC (GCLocker Initiated GC) [PSYoungGen: 209381K->40477K(199168K)] 331337K->165958K(723456K), 0.0148792 secs] [Times: user=0.17 sys=0.00, real=0.02 secs] 
2016-09-25T21:41:22.979-0400: 6.592: [GC (GCLocker Initiated GC) [PSYoungGen: 186909K->56565K(203264K)] 320297K->217524K(727552K), 0.0082131 secs] [Times: user=0.08 sys=0.01, real=0.01 secs] 
2016-09-25T21:41:23.067-0400: 6.680: [GC (GCLocker Initiated GC) [PSYoungGen: 202997K->40056K(196096K)] 364004K->242062K(720384K), 0.0070970 secs] [Times: user=0.07 sys=0.03, real=0.00 secs] 
2016-09-25T21:41:23.168-0400: 6.781: [GC (GCLocker Initiated GC) [PSYoungGen: 177272K->35806K(199680K)] 383380K->255909K(723968K), 0.0069841 secs] [Times: user=0.07 sys=0.02, real=0.01 secs] 
2016-09-25T21:41:23.269-0400: 6.883: [GC (GCLocker Initiated GC) [PSYoungGen: 173022K->39992K(195072K)] 399908K->286070K(719360K), 0.0072199 secs] [Times: user=0.07 sys=0.00, real=0.01 secs] 
2016-09-25T21:41:23.368-0400: 6.981: [GC (GCLocker Initiated GC) [PSYoungGen: 179256K->45416K(198144K)] 425490K->292039K(722432K), 0.0071879 secs] [Times: user=0.06 sys=0.01, real=0.01 secs] 
2016-09-25T21:41:23.466-0400: 7.079: [GC (GCLocker Initiated GC) [PSYoungGen: 184680K->38804K(199680K)] 442167K->299441K(723968K), 0.0071308 secs] [Times: user=0.07 sys=0.00, real=0.00 secs] 
2016-09-25T21:41:23.571-0400: 7.184: [GC (GCLocker Initiated GC) [PSYoungGen: 182676K->35838K(201216K)] 443342K->305176K(725504K), 0.0067476 secs] [Times: user=0.04 sys=0.00, real=0.01 secs] 
2016-09-25T21:41:23.664-0400: 7.278: [GC (GCLocker Initiated GC) [PSYoungGen: 179710K->42886K(203264K)] 454641K->331783K(727552K), 0.0089772 secs] [Times: user=0.10 sys=0.02, real=0.00 secs] 
2016-09-25T21:41:23.795-0400: 7.408: [GC (GCLocker Initiated GC) [PSYoungGen: 191366K->22681K(204288K)] 487173K->319044K(728576K), 0.0091534 secs] [Times: user=0.13 sys=0.00, real=0.01 secs] 
2016-09-25T21:41:23.891-0400: 7.504: [GC (GCLocker Initiated GC) [PSYoungGen: 171161K->56325K(195584K)] 467763K->356268K(719872K), 0.0071012 secs] [Times: user=0.07 sys=0.00, real=0.01 secs] 
2016-09-25T21:41:24.007-0400: 7.620: [GC (GCLocker Initiated GC) [PSYoungGen: 194565K->44221K(200192K)] 499931K->350074K(724480K), 0.0050592 secs] [Times: user=0.05 sys=0.00, real=0.00 secs] 
2016-09-25T21:41:24.118-0400: 7.732: [GC (GCLocker Initiated GC) [PSYoungGen: 182461K->49777K(197120K)] 493757K->361623K(721408K), 0.0112802 secs] [Times: user=0.11 sys=0.01, real=0.01 secs] 
2016-09-25T21:41:24.215-0400: 7.828: [GC (GCLocker Initiated GC) [PSYoungGen: 184945K->41586K(177152K)] 505092K->373090K(701440K), 0.0106289 secs] [Times: user=0.12 sys=0.01, real=0.01 secs] 
2016-09-25T21:41:24.309-0400: 7.923: [GC (GCLocker Initiated GC) [PSYoungGen: 176754K->52386K(196096K)] 511194K->387352K(720384K), 0.0144137 secs] [Times: user=0.16 sys=0.00, real=0.02 secs] 
2016-09-25T21:41:24.457-0400: 8.070: [GC (GCLocker Initiated GC) [PSYoungGen: 187042K->21191K(156160K)] 531510K->366145K(680448K), 0.0057970 secs] [Times: user=0.03 sys=0.00, real=0.01 secs] 
2016-09-25T21:41:24.557-0400: 8.170: [GC (GCLocker Initiated GC) [PSYoungGen: 155847K->41347K(199168K)] 501051K->397964K(723456K), 0.0067388 secs] [Times: user=0.07 sys=0.00, real=0.01 secs] 
2016-09-25T21:41:24.659-0400: 8.272: [GC (GCLocker Initiated GC) [PSYoungGen: 175491K->45461K(197120K)] 534849K->405298K(721408K), 0.0047744 secs] [Times: user=0.04 sys=0.00, real=0.01 secs] 
2016-09-25T21:41:24.751-0400: 8.364: [GC (GCLocker Initiated GC) [PSYoungGen: 179605K->53671K(194048K)] 542187K->443756K(718336K), 0.0079657 secs] [Times: user=0.09 sys=0.01, real=0.01 secs] 
2016-09-25T21:41:24.842-0400: 8.455: [GC (GCLocker Initiated GC) [PSYoungGen: 184743K->49575K(180736K)] 574962K->440360K(705024K), 0.0046936 secs] [Times: user=0.06 sys=0.00, real=0.00 secs] 
2016-09-25T21:41:24.930-0400: 8.543: [GC (GCLocker Initiated GC) [PSYoungGen: 180647K->49607K(196096K)] 571449K->440920K(720384K), 0.0060798 secs] [Times: user=0.07 sys=0.00, real=0.01 secs] 
2016-09-25T21:41:25.024-0400: 8.638: [GC (GCLocker Initiated GC) [PSYoungGen: 179655K->51004K(181248K)] 573718K->445577K(705536K), 0.0052849 secs] [Times: user=0.07 sys=0.00, real=0.00 secs] 
2016-09-25T21:41:25.115-0400: 8.728: [GC (GCLocker Initiated GC) [PSYoungGen: 181052K->34740K(196096K)] 578971K->433185K(720384K), 0.0049723 secs] [Times: user=0.03 sys=0.01, real=0.00 secs] 
2016-09-25T21:41:25.219-0400: 8.832: [GC (GCLocker Initiated GC) [PSYoungGen: 163764K->49639K(195072K)] 571734K->458159K(719360K), 0.0090239 secs] [Times: user=0.11 sys=0.00, real=0.01 secs] 
2016-09-25T21:41:25.315-0400: 8.928: [GC (GCLocker Initiated GC) [PSYoungGen: 178663K->51035K(194560K)] 595525K->476453K(718848K), 0.0078279 secs] [Times: user=0.08 sys=0.01, real=0.01 secs] 
2016-09-25T21:41:25.411-0400: 9.024: [GC (GCLocker Initiated GC) [PSYoungGen: 179547K->48257K(195072K)] 613199K->482474K(719360K), 0.0052713 secs] [Times: user=0.07 sys=0.00, real=0.01 secs] 
2016-09-25T21:41:25.500-0400: 9.114: [GC (GCLocker Initiated GC) [PSYoungGen: 176769K->53529K(194048K)] 611127K->488375K(718336K), 0.0055890 secs] [Times: user=0.06 sys=0.00, real=0.01 secs] 
2016-09-25T21:41:25.592-0400: 9.205: [GC (GCLocker Initiated GC) [PSYoungGen: 181529K->41521K(169984K)] 621864K->482303K(694272K), 0.0052464 secs] [Times: user=0.06 sys=0.00, real=0.01 secs] 
2016-09-25T21:41:25.673-0400: 9.286: [GC (GCLocker Initiated GC) [PSYoungGen: 169521K->33215K(194560K)] 615909K->480096K(718848K), 0.0105256 secs] [Times: user=0.10 sys=0.00, real=0.02 secs] 
2016-09-25T21:41:25.762-0400: 9.376: [GC (GCLocker Initiated GC) [PSYoungGen: 162239K->63075K(192512K)] 609172K->510518K(716800K), 0.0062577 secs] [Times: user=0.06 sys=0.01, real=0.00 secs] 
2016-09-25T21:41:25.864-0400: 9.478: [GC (GCLocker Initiated GC) [PSYoungGen: 192099K->33388K(191488K)] 649123K->509840K(715776K), 0.0059786 secs] [Times: user=0.04 sys=0.02, real=0.00 secs] 
2016-09-25T21:41:25.952-0400: 9.565: [GC (GCLocker Initiated GC) [PSYoungGen: 155244K->42793K(164864K)] 635779K->523875K(689152K), 0.0049464 secs] [Times: user=0.06 sys=0.00, real=0.01 secs] 
2016-09-25T21:41:26.044-0400: 9.657: [GC (GCLocker Initiated GC) [PSYoungGen: 164649K->38775K(192000K)] 652582K->538011K(716288K), 0.0086294 secs] [Times: user=0.10 sys=0.01, real=0.00 secs] 
2016-09-25T21:41:26.141-0400: 9.755: [Full GC (Ergonomics) [PSYoungGen: 162679K->0K(192000K)] [ParOldGen: 505992K->53358K(524288K)] 668671K->53358K(716288K), [Metaspace: 43113K->43109K(1085440K)], 0.1787102 secs] [Times: user=2.28 sys=0.03, real=0.18 secs] 
2016-09-25T21:41:26.402-0400: 10.015: [GC (GCLocker Initiated GC) [PSYoungGen: 123904K->53753K(190464K)] 182698K->112556K(714752K), 0.0050496 secs] [Times: user=0.06 sys=0.00, real=0.01 secs] 
2016-09-25T21:41:26.489-0400: 10.103: [GC (GCLocker Initiated GC) [PSYoungGen: 177657K->56357K(189952K)] 239204K->129359K(714240K), 0.0071278 secs] [Times: user=0.09 sys=0.02, real=0.01 secs] 
2016-09-25T21:41:26.578-0400: 10.191: [GC (GCLocker Initiated GC) [PSYoungGen: 178213K->41429K(192000K)] 251218K->141945K(716288K), 0.0098635 secs] [Times: user=0.15 sys=0.00, real=0.01 secs] 
2016-09-25T21:41:26.659-0400: 10.272: [GC (GCLocker Initiated GC) [PSYoungGen: 163285K->41219K(188416K)] 264047K->142390K(712704K), 0.0104639 secs] [Times: user=0.12 sys=0.00, real=0.01 secs] 
2016-09-25T21:41:26.744-0400: 10.358: [GC (GCLocker Initiated GC) [PSYoungGen: 164611K->54943K(190464K)] 265853K->156663K(714752K), 0.0060478 secs] [Times: user=0.05 sys=0.01, real=0.00 secs] 
2016-09-25T21:41:26.823-0400: 10.436: [GC (GCLocker Initiated GC) [PSYoungGen: 178335K->59121K(188416K)] 280169K->177662K(712704K), 0.0061071 secs] [Times: user=0.07 sys=0.00, real=0.00 secs] 
2016-09-25T21:41:26.904-0400: 10.518: [GC (GCLocker Initiated GC) [PSYoungGen: 178929K->44207K(190976K)] 305745K->187758K(715264K), 0.0080447 secs] [Times: user=0.09 sys=0.00, real=0.00 secs] 
2016-09-25T21:41:26.986-0400: 10.600: [GC (GCLocker Initiated GC) [PSYoungGen: 164015K->64425K(184832K)] 310465K->211378K(709120K), 0.0053398 secs] [Times: user=0.07 sys=0.00, real=0.00 secs] 
2016-09-25T21:41:27.065-0400: 10.678: [GC (GCLocker Initiated GC) [PSYoungGen: 180137K->57706K(173568K)] 335276K->213308K(697856K), 0.0054546 secs] [Times: user=0.08 sys=0.00, real=0.00 secs] 
2016-09-25T21:41:27.147-0400: 10.760: [GC (GCLocker Initiated GC) [PSYoungGen: 173418K->34743K(187904K)] 339853K->201608K(712192K), 0.0044646 secs] [Times: user=0.04 sys=0.00, real=0.00 secs] 
2016-09-25T21:41:27.244-0400: 10.857: [GC (GCLocker Initiated GC) [PSYoungGen: 148407K->60283K(174080K)] 315289K->227676K(698368K), 0.0086391 secs] [Times: user=0.10 sys=0.01, real=0.00 secs] 
2016-09-25T21:41:27.323-0400: 10.936: [GC (GCLocker Initiated GC) [PSYoungGen: 173947K->46907K(187904K)] 346817K->236404K(712192K), 0.0085848 secs] [Times: user=0.10 sys=0.00, real=0.00 secs] 
2016-09-25T21:41:27.418-0400: 11.032: [GC (GCLocker Initiated GC) [PSYoungGen: 158523K->42778K(154624K)] 357613K->255888K(678912K), 0.0063749 secs] [Times: user=0.08 sys=0.01, real=0.01 secs] 
2016-09-25T21:41:27.519-0400: 11.132: [GC (GCLocker Initiated GC) [PSYoungGen: 154394K->48197K(186880K)] 367665K->261908K(711168K), 0.0094328 secs] [Times: user=0.13 sys=0.00, real=0.01 secs] 
2016-09-25T21:41:27.613-0400: 11.226: [GC (GCLocker Initiated GC) [PSYoungGen: 162373K->34660K(184320K)] 388259K->260918K(708608K), 0.0110176 secs] [Times: user=0.16 sys=0.00, real=0.02 secs] 
2016-09-25T21:41:27.710-0400: 11.323: [GC (GCLocker Initiated GC) [PSYoungGen: 148836K->33342K(189952K)] 392769K->288569K(714240K), 0.0080215 secs] [Times: user=0.06 sys=0.01, real=0.01 secs] 
2016-09-25T21:41:27.810-0400: 11.424: [GC (GCLocker Initiated GC) [PSYoungGen: 152638K->50924K(189952K)] 411363K->310144K(714240K), 0.0078954 secs] [Times: user=0.05 sys=0.00, real=0.01 secs] 
2016-09-25T21:41:27.904-0400: 11.517: [GC (GCLocker Initiated GC) [PSYoungGen: 170220K->54851K(190464K)] 429569K->333578K(714752K), 0.0103881 secs] [Times: user=0.13 sys=0.00, real=0.01 secs] 
2016-09-25T21:41:28.008-0400: 11.622: [GC (GCLocker Initiated GC) [PSYoungGen: 175171K->38775K(190976K)] 464868K->345075K(715264K), 0.0103961 secs] [Times: user=0.12 sys=0.00, real=0.01 secs] 
2016-09-25T21:41:28.113-0400: 11.726: [GC (GCLocker Initiated GC) [PSYoungGen: 159095K->52275K(190464K)] 470823K->364474K(714752K), 0.0051875 secs] [Times: user=0.06 sys=0.01, real=0.01 secs] 
2016-09-25T21:41:28.209-0400: 11.823: [GC (GCLocker Initiated GC) [PSYoungGen: 173619K->42697K(190976K)] 488625K->377082K(715264K), 0.0343396 secs] [Times: user=0.44 sys=0.00, real=0.04 secs] 
2016-09-25T21:41:28.338-0400: 11.951: [GC (GCLocker Initiated GC) [PSYoungGen: 164041K->34661K(191488K)] 499764K->389779K(715776K), 0.0119299 secs] [Times: user=0.13 sys=0.00, real=0.01 secs] 
2016-09-25T21:41:28.442-0400: 12.056: [GC (GCLocker Initiated GC) [PSYoungGen: 158053K->41507K(191488K)] 522623K->411988K(715776K), 0.0098469 secs] [Times: user=0.14 sys=0.00, real=0.00 secs] 
2016-09-25T21:41:28.546-0400: 12.159: [GC (GCLocker Initiated GC) [PSYoungGen: 164899K->35947K(193024K)] 538147K->409689K(717312K), 0.0091226 secs] [Times: user=0.08 sys=0.01, real=0.01 secs] 
2016-09-25T21:41:28.657-0400: 12.270: [GC (GCLocker Initiated GC) [PSYoungGen: 162411K->43983K(192512K)] 538866K->420877K(716800K), 0.0114412 secs] [Times: user=0.09 sys=0.00, real=0.01 secs] 
2016-09-25T21:41:28.780-0400: 12.393: [GC (GCLocker Initiated GC) [PSYoungGen: 170447K->48115K(193024K)] 550143K->428267K(717312K), 0.0079330 secs] [Times: user=0.06 sys=0.00, real=0.01 secs] 
2016-09-25T21:41:28.885-0400: 12.498: [GC (GCLocker Initiated GC) [PSYoungGen: 177651K->52088K(193024K)] 557966K->432853K(717312K), 0.0129278 secs] [Times: user=0.08 sys=0.04, real=0.01 secs] 
2016-09-25T21:41:28.993-0400: 12.606: [GC (GCLocker Initiated GC) [PSYoungGen: 181624K->49593K(198144K)] 562398K->447029K(722432K), 0.0208798 secs] [Times: user=0.26 sys=0.00, real=0.03 secs] 
2016-09-25T21:41:29.121-0400: 12.734: [GC (GCLocker Initiated GC) [PSYoungGen: 183225K->37333K(171008K)] 591489K->456826K(695296K), 0.0121163 secs] [Times: user=0.15 sys=0.01, real=0.01 secs] 
2016-09-25T21:41:29.232-0400: 12.845: [GC (GCLocker Initiated GC) [PSYoungGen: 170965K->45308K(198656K)] 598650K->484232K(722944K), 0.0159114 secs] [Times: user=0.15 sys=0.01, real=0.02 secs] 
2016-09-25T21:41:29.347-0400: 12.960: [GC (GCLocker Initiated GC) [PSYoungGen: 180476K->42696K(197120K)] 627604K->490193K(721408K), 0.0063793 secs] [Times: user=0.05 sys=0.00, real=0.00 secs] 
2016-09-25T21:41:29.460-0400: 13.073: [GC (GCLocker Initiated GC) [PSYoungGen: 177864K->30342K(196096K)] 638927K->505260K(720384K), 0.0118964 secs] [Times: user=0.10 sys=0.00, real=0.01 secs] 
2016-09-25T21:41:29.588-0400: 13.201: [GC (GCLocker Initiated GC) [PSYoungGen: 166022K->39745K(197120K)] 645721K->527769K(721408K), 0.0196581 secs] [Times: user=0.20 sys=0.00, real=0.02 secs] 
2016-09-25T21:41:29.707-0400: 13.320: [GC (GCLocker Initiated GC) [PSYoungGen: 175425K->42350K(197632K)] 668930K->544197K(721920K), 0.0155910 secs] [Times: user=0.16 sys=0.00, real=0.02 secs] 
2016-09-25T21:41:29.723-0400: 13.336: [Full GC (Ergonomics) [PSYoungGen: 42350K->0K(197632K)] [ParOldGen: 501846K->66094K(524288K)] 544197K->66094K(721920K), [Metaspace: 43197K->43197K(1085440K)], 0.0592494 secs] [Times: user=0.35 sys=0.01, real=0.06 secs] 
2016-09-25T21:41:29.879-0400: 13.492: [GC (GCLocker Initiated GC) [PSYoungGen: 140288K->44052K(199168K)] 210630K->114394K(723456K), 0.0051541 secs] [Times: user=0.05 sys=0.00, real=0.01 secs] 
2016-09-25T21:41:29.998-0400: 13.612: [GC (GCLocker Initiated GC) [PSYoungGen: 184340K->11384K(196608K)] 279122K->117316K(720896K), 0.0125309 secs] [Times: user=0.12 sys=0.01, real=0.01 secs] 
2016-09-25T21:41:30.100-0400: 13.714: [GC (GCLocker Initiated GC) [PSYoungGen: 150648K->58838K(198144K)] 256825K->170702K(722432K), 0.0104217 secs] [Times: user=0.14 sys=0.01, real=0.01 secs] 
2016-09-25T21:41:30.213-0400: 13.826: [GC (GCLocker Initiated GC) [PSYoungGen: 198102K->62919K(182784K)] 309999K->185899K(707072K), 0.0106757 secs] [Times: user=0.11 sys=0.00, real=0.02 secs] 
2016-09-25T21:41:30.294-0400: 13.908: [GC (GCLocker Initiated GC) [PSYoungGen: 181703K->64204K(183296K)] 304703K->198295K(707584K), 0.0090564 secs] [Times: user=0.13 sys=0.00, real=0.01 secs] 
2016-09-25T21:41:30.387-0400: 14.000: [GC (GCLocker Initiated GC) [PSYoungGen: 182988K->68204K(175104K)] 317133K->202617K(699392K), 0.0116278 secs] [Times: user=0.16 sys=0.00, real=0.01 secs] 
2016-09-25T21:41:30.465-0400: 14.078: [GC (GCLocker Initiated GC) [PSYoungGen: 166508K->66874K(165376K)] 303659K->207016K(689664K), 0.0089237 secs] [Times: user=0.08 sys=0.00, real=0.00 secs] 
2016-09-25T21:41:30.537-0400: 14.150: [GC (GCLocker Initiated GC) [PSYoungGen: 165178K->28836K(176640K)] 310829K->185462K(700928K), 0.0201669 secs] [Times: user=0.19 sys=0.00, real=0.02 secs] 
2016-09-25T21:41:30.668-0400: 14.282: [GC (GCLocker Initiated GC) [PSYoungGen: 119972K->35661K(126976K)] 280660K->210100K(651264K), 0.0148153 secs] [Times: user=0.18 sys=0.01, real=0.02 secs] 
2016-09-25T21:41:30.733-0400: 14.347: [GC (GCLocker Initiated GC) [PSYoungGen: 126797K->54608K(176128K)] 304186K->232221K(700416K), 0.0087597 secs] [Times: user=0.09 sys=0.00, real=0.02 secs] 
2016-09-25T21:41:30.821-0400: 14.434: [GC (Allocation Failure) [PSYoungGen: 146768K->35693K(175104K)] 332509K->243275K(699392K), 0.0175388 secs] [Times: user=0.22 sys=0.00, real=0.02 secs] 
2016-09-25T21:41:30.927-0400: 14.540: [GC (GCLocker Initiated GC) [PSYoungGen: 126813K->27597K(176640K)] 338445K->239437K(700928K), 0.0243113 secs] [Times: user=0.34 sys=0.01, real=0.02 secs] 
2016-09-25T21:41:31.024-0400: 14.637: [GC (GCLocker Initiated GC) [PSYoungGen: 122829K->61408K(176640K)] 334803K->273624K(700928K), 0.0106546 secs] [Times: user=0.12 sys=0.00, real=0.01 secs] 
2016-09-25T21:41:31.124-0400: 14.737: [GC (GCLocker Initiated GC) [PSYoungGen: 156640K->41111K(177152K)] 368912K->253577K(701440K), 0.0127585 secs] [Times: user=0.12 sys=0.00, real=0.01 secs] 
2016-09-25T21:41:31.192-0400: 14.805: [GC (GCLocker Initiated GC) [PSYoungGen: 137879K->45121K(177664K)] 350430K->257875K(701952K), 0.0150207 secs] [Times: user=0.14 sys=0.00, real=0.02 secs] 
2016-09-25T21:41:31.303-0400: 14.916: [GC (GCLocker Initiated GC) [PSYoungGen: 141889K->42426K(178688K)] 354758K->260927K(702976K), 0.0143537 secs] [Times: user=0.09 sys=0.00, real=0.01 secs] 
2016-09-25T21:41:31.382-0400: 14.995: [GC (GCLocker Initiated GC) [PSYoungGen: 145850K->47947K(178176K)] 369869K->293833K(702464K), 0.0222589 secs] [Times: user=0.31 sys=0.00, real=0.03 secs] 
2016-09-25T21:41:31.501-0400: 15.115: [GC (GCLocker Initiated GC) [PSYoungGen: 151371K->58772K(182272K)] 397368K->313150K(706560K), 0.0118523 secs] [Times: user=0.09 sys=0.01, real=0.01 secs] 
2016-09-25T21:41:31.588-0400: 15.202: [GC (GCLocker Initiated GC) [PSYoungGen: 168340K->39982K(184832K)] 429501K->323071K(709120K), 0.0191870 secs] [Times: user=0.27 sys=0.00, real=0.02 secs] 
2016-09-25T21:41:31.720-0400: 15.333: [GC (GCLocker Initiated GC) [PSYoungGen: 149550K->31870K(184832K)] 436741K->332951K(709120K), 0.0282342 secs] [Times: user=0.37 sys=0.00, real=0.03 secs] 
2016-09-25T21:41:31.816-0400: 15.429: [GC (Allocation Failure) [PSYoungGen: 145022K->69874K(183296K)] 446176K->371401K(707584K), 0.0057955 secs] [Times: user=0.07 sys=0.00, real=0.00 secs] 
2016-09-25T21:41:31.822-0400: 15.436: [GC (GCLocker Initiated GC) [PSYoungGen: 70439K->320K(172032K)] 371965K->368629K(696320K), 0.0058566 secs] [Times: user=0.08 sys=0.00, real=0.00 secs] 
2016-09-25T21:41:31.921-0400: 15.534: [GC (GCLocker Initiated GC) [PSYoungGen: 93504K->51101K(177664K)] 461821K->419419K(701952K), 0.0093475 secs] [Times: user=0.10 sys=0.00, real=0.01 secs] 
2016-09-25T21:41:32.004-0400: 15.617: [GC (GCLocker Initiated GC) [PSYoungGen: 144285K->65731K(171520K)] 515333K->438815K(695808K), 0.0062187 secs] [Times: user=0.07 sys=0.01, real=0.00 secs] 
2016-09-25T21:41:32.077-0400: 15.691: [GC (GCLocker Initiated GC) [PSYoungGen: 153795K->40085K(175104K)] 528247K->436587K(699392K), 0.0064988 secs] [Times: user=0.09 sys=0.00, real=0.01 secs] 
2016-09-25T21:41:32.164-0400: 15.777: [GC (GCLocker Initiated GC) [PSYoungGen: 128149K->42698K(166912K)] 527354K->453142K(691200K), 0.0064542 secs] [Times: user=0.08 sys=0.01, real=0.00 secs] 
2016-09-25T21:41:32.239-0400: 15.852: [GC (GCLocker Initiated GC) [PSYoungGen: 133322K->65737K(171520K)] 543910K->476717K(695808K), 0.0079929 secs] [Times: user=0.12 sys=0.00, real=0.01 secs] 
2016-09-25T21:41:32.333-0400: 15.946: [GC (GCLocker Initiated GC) [PSYoungGen: 156361K->41408K(178688K)] 572905K->474593K(702976K), 0.0057105 secs] [Times: user=0.08 sys=0.00, real=0.01 secs] 
2016-09-25T21:41:32.406-0400: 16.020: [GC (GCLocker Initiated GC) [PSYoungGen: 136128K->67155K(162304K)] 569359K->500814K(686592K), 0.0151617 secs] [Times: user=0.16 sys=0.00, real=0.01 secs] 
2016-09-25T21:41:32.500-0400: 16.113: [GC (GCLocker Initiated GC) [PSYoungGen: 161875K->30756K(176640K)] 611956K->481266K(700928K), 0.0137082 secs] [Times: user=0.20 sys=0.00, real=0.01 secs] 
2016-09-25T21:41:32.601-0400: 16.214: [GC (GCLocker Initiated GC) [PSYoungGen: 120868K->23607K(175616K)] 583661K->486920K(699904K), 0.0149287 secs] [Times: user=0.16 sys=0.00, real=0.02 secs] 
2016-09-25T21:41:32.675-0400: 16.288: [GC (GCLocker Initiated GC) [PSYoungGen: 113719K->53565K(176128K)] 582582K->522837K(700416K), 0.0072838 secs] [Times: user=0.08 sys=0.00, real=0.01 secs] 
2016-09-25T21:41:32.768-0400: 16.382: [GC (Allocation Failure) [PSYoungGen: 144189K->37090K(128000K)] 616305K->520440K(652288K), 0.0132633 secs] [Times: user=0.07 sys=0.00, real=0.01 secs] 
2016-09-25T21:41:32.848-0400: 16.461: [GC (GCLocker Initiated GC) [PSYoungGen: 126430K->49641K(176128K)] 615181K->538792K(700416K), 0.0110789 secs] [Times: user=0.10 sys=0.00, real=0.01 secs] 
2016-09-25T21:41:32.938-0400: 16.551: [GC (GCLocker Initiated GC) [PSYoungGen: 143337K->45513K(174080K)] 632590K->535312K(698368K), 0.0094055 secs] [Times: user=0.13 sys=0.00, real=0.01 secs] 
2016-09-25T21:41:33.021-0400: 16.635: [GC (GCLocker Initiated GC) [PSYoungGen: 139209K->67040K(171520K)] 629063K->557282K(695808K), 0.0102694 secs] [Times: user=0.14 sys=0.00, real=0.01 secs] 
2016-09-25T21:41:33.121-0400: 16.734: [Full GC (Ergonomics) [PSYoungGen: 161248K->0K(171520K)] [ParOldGen: 495736K->76245K(524288K)] 656984K->76245K(695808K), [Metaspace: 43224K->43224K(1085440K)], 0.0572637 secs] [Times: user=0.37 sys=0.01, real=0.06 secs] 
2016-09-25T21:41:33.260-0400: 16.873: [GC (GCLocker Initiated GC) [PSYoungGen: 94208K->40061K(176640K)] 173196K->119050K(700928K), 0.0230333 secs] [Times: user=0.22 sys=0.01, real=0.03 secs] 
2016-09-25T21:41:33.347-0400: 16.960: [GC (GCLocker Initiated GC) [PSYoungGen: 134269K->42828K(172032K)] 220028K->150795K(696320K), 0.0057930 secs] [Times: user=0.07 sys=0.00, real=0.00 secs] 
2016-09-25T21:41:33.445-0400: 17.058: [GC (GCLocker Initiated GC) [PSYoungGen: 142668K->46988K(177152K)] 261519K->166353K(701440K), 0.0048414 secs] [Times: user=0.06 sys=0.00, real=0.00 secs] 
2016-09-25T21:41:33.541-0400: 17.154: [GC (GCLocker Initiated GC) [PSYoungGen: 146828K->29340K(183808K)] 271624K->170895K(708096K), 0.0096050 secs] [Times: user=0.12 sys=0.00, real=0.01 secs] 
2016-09-25T21:41:33.625-0400: 17.238: [GC (GCLocker Initiated GC) [PSYoungGen: 139932K->59091K(185344K)] 281520K->211997K(709632K), 0.0104265 secs] [Times: user=0.16 sys=0.00, real=0.01 secs] 
2016-09-25T21:41:33.730-0400: 17.343: [GC (GCLocker Initiated GC) [PSYoungGen: 169683K->45671K(183296K)] 329507K->227673K(707584K), 0.0084119 secs] [Times: user=0.09 sys=0.00, real=0.01 secs] 
2016-09-25T21:41:33.837-0400: 17.450: [GC (GCLocker Initiated GC) [PSYoungGen: 156263K->47036K(184320K)] 341112K->235250K(708608K), 0.0077382 secs] [Times: user=0.08 sys=0.00, real=0.01 secs] 
2016-09-25T21:41:33.942-0400: 17.555: [GC (GCLocker Initiated GC) [PSYoungGen: 157628K->30909K(187392K)] 358707K->232587K(711680K), 0.0180064 secs] [Times: user=0.19 sys=0.00, real=0.02 secs] 
2016-09-25T21:41:34.064-0400: 17.677: [GC (GCLocker Initiated GC) [PSYoungGen: 146621K->47056K(187392K)] 351757K->252862K(711680K), 0.0052554 secs] [Times: user=0.06 sys=0.00, real=0.00 secs] 
2016-09-25T21:41:34.179-0400: 17.792: [GC (GCLocker Initiated GC) [PSYoungGen: 162768K->32308K(188416K)] 380841K->251098K(712704K), 0.0064402 secs] [Times: user=0.08 sys=0.00, real=0.01 secs] 
2016-09-25T21:41:34.287-0400: 17.900: [GC (GCLocker Initiated GC) [PSYoungGen: 151092K->33609K(188416K)] 386091K->269253K(712704K), 0.0104106 secs] [Times: user=0.12 sys=0.01, real=0.01 secs] 
2016-09-25T21:41:34.403-0400: 18.016: [GC (GCLocker Initiated GC) [PSYoungGen: 152393K->36211K(190464K)] 393459K->277974K(714752K), 0.0076296 secs] [Times: user=0.04 sys=0.01, real=0.00 secs] 
2016-09-25T21:41:34.522-0400: 18.135: [GC (GCLocker Initiated GC) [PSYoungGen: 160115K->24102K(190976K)] 411409K->278825K(715264K), 0.0137385 secs] [Times: user=0.12 sys=0.00, real=0.02 secs] 
2016-09-25T21:41:34.646-0400: 18.259: [GC (GCLocker Initiated GC) [PSYoungGen: 148006K->34841K(192512K)] 406808K->294456K(716800K), 0.0145220 secs] [Times: user=0.12 sys=0.00, real=0.01 secs] 
2016-09-25T21:41:34.785-0400: 18.398: [GC (GCLocker Initiated GC) [PSYoungGen: 162329K->44498K(193536K)] 430178K->324070K(717824K), 0.0113113 secs] [Times: user=0.12 sys=0.00, real=0.01 secs] 
2016-09-25T21:41:34.927-0400: 18.541: [GC (GCLocker Initiated GC) [PSYoungGen: 171986K->37725K(192000K)] 459733K->326282K(716288K), 0.0174225 secs] [Times: user=0.14 sys=0.00, real=0.02 secs] 
2016-09-25T21:41:35.057-0400: 18.670: [GC (GCLocker Initiated GC) [PSYoungGen: 168797K->48530K(194048K)] 457508K->338084K(718336K), 0.0175814 secs] [Times: user=0.17 sys=0.01, real=0.02 secs] 
2016-09-25T21:41:35.192-0400: 18.806: [GC (GCLocker Initiated GC) [PSYoungGen: 179602K->52568K(194048K)] 471997K->345747K(718336K), 0.0058003 secs] [Times: user=0.06 sys=0.00, real=0.01 secs] 
2016-09-25T21:41:35.331-0400: 18.945: [GC (GCLocker Initiated GC) [PSYoungGen: 182616K->44472K(196096K)] 479916K->356140K(720384K), 0.0125995 secs] [Times: user=0.16 sys=0.00, real=0.02 secs] 
2016-09-25T21:41:35.450-0400: 19.063: [GC (GCLocker Initiated GC) [PSYoungGen: 174520K->41612K(191488K)] 488892K->367536K(715776K), 0.0127970 secs] [Times: user=0.10 sys=0.01, real=0.02 secs] 
2016-09-25T21:41:35.601-0400: 19.214: [GC (GCLocker Initiated GC) [PSYoungGen: 173196K->62070K(194048K)] 501841K->391491K(718336K), 0.0060857 secs] [Times: user=0.07 sys=0.00, real=0.01 secs] 
2016-09-25T21:41:35.729-0400: 19.342: [GC (GCLocker Initiated GC) [PSYoungGen: 193654K->48405K(195072K)] 523237K->386832K(719360K), 0.0088677 secs] [Times: user=0.08 sys=0.01, real=0.01 secs] 
2016-09-25T21:41:35.836-0400: 19.449: [GC (Allocation Failure) [PSYoungGen: 175893K->45588K(173568K)] 517108K->387437K(697856K), 0.0096666 secs] [Times: user=0.15 sys=0.00, real=0.01 secs] 
2016-09-25T21:41:35.975-0400: 19.589: [GC (GCLocker Initiated GC) [PSYoungGen: 170795K->35858K(193024K)] 515344K->389049K(717312K), 0.0070464 secs] [Times: user=0.07 sys=0.00, real=0.01 secs] 
2016-09-25T21:41:36.098-0400: 19.711: [GC (GCLocker Initiated GC) [PSYoungGen: 163858K->37455K(192512K)] 527465K->401565K(716800K), 0.0243517 secs] [Times: user=0.32 sys=0.01, real=0.02 secs] 
2016-09-25T21:41:36.240-0400: 19.853: [GC (GCLocker Initiated GC) [PSYoungGen: 165455K->40108K(196096K)] 534988K->431806K(720384K), 0.0076841 secs] [Times: user=0.07 sys=0.00, real=0.01 secs] 
2016-09-25T21:41:37.588-0400: 21.202: [GC (GCLocker Initiated GC) [PSYoungGen: 174252K->41422K(196096K)] 568678K->455267K(720384K), 0.0089300 secs] [Times: user=0.07 sys=0.00, real=0.01 secs] 
2016-09-25T21:41:37.740-0400: 21.353: [GC (GCLocker Initiated GC) [PSYoungGen: 175566K->25143K(197120K)] 594914K->466629K(721408K), 0.0193706 secs] [Times: user=0.21 sys=0.00, real=0.02 secs] 
2016-09-25T21:41:37.901-0400: 21.514: [GC (GCLocker Initiated GC) [PSYoungGen: 161847K->45485K(198656K)] 608761K->506453K(722944K), 0.0115965 secs] [Times: user=0.07 sys=0.00, real=0.01 secs] 
2016-09-25T21:41:39.360-0400: 22.973: [GC (GCLocker Initiated GC) [PSYoungGen: 182189K->14473K(195584K)] 663611K->518062K(719872K), 0.0545717 secs] [Times: user=0.57 sys=0.01, real=0.06 secs] 
2016-09-25T21:41:39.415-0400: 23.028: [Full GC (Ergonomics) [PSYoungGen: 14473K->0K(195584K)] [ParOldGen: 503589K->96866K(524288K)] 518062K->96866K(719872K), [Metaspace: 43237K->43237K(1085440K)], 0.0745351 secs] [Times: user=0.39 sys=0.02, real=0.07 secs] 
2016-09-25T21:41:39.636-0400: 23.249: [GC (GCLocker Initiated GC) [PSYoungGen: 134144K->25088K(198144K)] 243249K->134193K(722432K), 0.0191705 secs] [Times: user=0.16 sys=0.01, real=0.02 secs] 
2016-09-25T21:41:39.793-0400: 23.406: [GC (GCLocker Initiated GC) [PSYoungGen: 159232K->43982K(197120K)] 268513K->159148K(721408K), 0.0157302 secs] [Times: user=0.12 sys=0.00, real=0.02 secs] 
2016-09-25T21:41:39.936-0400: 23.549: [GC (GCLocker Initiated GC) [PSYoungGen: 178126K->38683K(173056K)] 298821K->159889K(697344K), 0.0216330 secs] [Times: user=0.20 sys=0.00, real=0.02 secs] 
2016-09-25T21:41:40.101-0400: 23.714: [GC (GCLocker Initiated GC) [PSYoungGen: 172827K->36082K(199168K)] 306282K->180860K(723456K), 0.0130612 secs] [Times: user=0.12 sys=0.01, real=0.01 secs] 
2016-09-25T21:41:40.238-0400: 23.851: [GC (GCLocker Initiated GC) [PSYoungGen: 173810K->57777K(197120K)] 318655K->224836K(721408K), 0.0155343 secs] [Times: user=0.19 sys=0.00, real=0.01 secs] 
2016-09-25T21:41:40.383-0400: 23.996: [GC (GCLocker Initiated GC) [PSYoungGen: 195505K->30578K(198656K)] 362813K->214589K(722944K), 0.0161593 secs] [Times: user=0.10 sys=0.00, real=0.01 secs] 
2016-09-25T21:41:40.521-0400: 24.135: [GC (GCLocker Initiated GC) [PSYoungGen: 164722K->42734K(177152K)] 354310K->232840K(701440K), 0.0188090 secs] [Times: user=0.14 sys=0.01, real=0.02 secs] 
2016-09-25T21:41:40.663-0400: 24.276: [GC (GCLocker Initiated GC) [PSYoungGen: 176878K->44159K(197120K)] 375136K->242973K(721408K), 0.0142688 secs] [Times: user=0.13 sys=0.00, real=0.01 secs] 
2016-09-25T21:41:40.814-0400: 24.428: [GC (GCLocker Initiated GC) [PSYoungGen: 178815K->22511K(196608K)] 387267K->239590K(720896K), 0.0059069 secs] [Times: user=0.04 sys=0.00, real=0.00 secs] 
2016-09-25T21:41:40.951-0400: 24.564: [GC (GCLocker Initiated GC) [PSYoungGen: 157167K->29164K(199168K)] 378909K->251513K(723456K), 0.0228040 secs] [Times: user=0.22 sys=0.00, real=0.02 secs] 
2016-09-25T21:41:41.103-0400: 24.716: [GC (GCLocker Initiated GC) [PSYoungGen: 166380K->44079K(199168K)] 397003K->277920K(723456K), 0.0146278 secs] [Times: user=0.14 sys=0.00, real=0.01 secs] 
2016-09-25T21:41:41.233-0400: 24.846: [GC (GCLocker Initiated GC) [PSYoungGen: 181295K->25352K(200192K)] 427332K->271909K(724480K), 0.0051889 secs] [Times: user=0.05 sys=0.00, real=0.01 secs] 
2016-09-25T21:41:41.388-0400: 25.002: [GC (GCLocker Initiated GC) [PSYoungGen: 163592K->48132K(186880K)] 410319K->295447K(711168K), 0.0085783 secs] [Times: user=0.08 sys=0.00, real=0.01 secs] 
2016-09-25T21:41:41.518-0400: 25.131: [GC (GCLocker Initiated GC) [PSYoungGen: 186372K->31958K(200192K)] 444493K->306801K(724480K), 0.0186751 secs] [Times: user=0.14 sys=0.00, real=0.02 secs] 
2016-09-25T21:41:41.675-0400: 25.288: [GC (GCLocker Initiated GC) [PSYoungGen: 168662K->40134K(177152K)] 446957K->319017K(701440K), 0.0207924 secs] [Times: user=0.24 sys=0.00, real=0.02 secs] 
2016-09-25T21:41:41.862-0400: 25.476: [GC (Allocation Failure) [PSYoungGen: 176838K->30485K(198144K)] 460119K->314295K(722432K), 0.0140295 secs] [Times: user=0.11 sys=0.00, real=0.01 secs] 
2016-09-25T21:41:42.048-0400: 25.661: [GC (GCLocker Initiated GC) [PSYoungGen: 168213K->30749K(197120K)] 454730K->317771K(721408K), 0.0331513 secs] [Times: user=0.29 sys=0.00, real=0.03 secs] 
2016-09-25T21:41:42.206-0400: 25.819: [GC (GCLocker Initiated GC) [PSYoungGen: 168477K->41464K(201216K)] 458232K->331789K(725504K), 0.0081364 secs] [Times: user=0.07 sys=0.00, real=0.00 secs] 
2016-09-25T21:41:42.380-0400: 25.993: [GC (GCLocker Initiated GC) [PSYoungGen: 184312K->21198K(200704K)] 486970K->329748K(724992K), 0.0088344 secs] [Times: user=0.08 sys=0.01, real=0.01 secs] 
2016-09-25T21:41:42.546-0400: 26.159: [GC (GCLocker Initiated GC) [PSYoungGen: 164046K->53744K(194560K)] 472842K->363201K(718848K), 0.0288667 secs] [Times: user=0.36 sys=0.00, real=0.03 secs] 
2016-09-25T21:41:42.729-0400: 26.342: [GC (GCLocker Initiated GC) [PSYoungGen: 189936K->37276K(199168K)] 499428K->347286K(723456K), 0.0147257 secs] [Times: user=0.14 sys=0.00, real=0.02 secs] 
2016-09-25T21:41:42.886-0400: 26.500: [GC (GCLocker Initiated GC) [PSYoungGen: 173468K->29191K(196096K)] 495724K->351961K(720384K), 0.0107085 secs] [Times: user=0.08 sys=0.00, real=0.01 secs] 
2016-09-25T21:41:43.033-0400: 26.646: [GC (GCLocker Initiated GC) [PSYoungGen: 167943K->34639K(198656K)] 497500K->372953K(722944K), 0.0488798 secs] [Times: user=0.57 sys=0.01, real=0.05 secs] 
2016-09-25T21:41:43.763-0400: 27.377: [GC (GCLocker Initiated GC) [PSYoungGen: 173391K->19812K(202240K)] 529271K->392453K(726528K), 0.0243816 secs] [Times: user=0.24 sys=0.00, real=0.02 secs] 
2016-09-25T21:41:43.931-0400: 27.545: [GC (GCLocker Initiated GC) [PSYoungGen: 164196K->40107K(202752K)] 540931K->417450K(727040K), 0.0226915 secs] [Times: user=0.20 sys=0.00, real=0.03 secs] 
2016-09-25T21:41:44.096-0400: 27.709: [GC (GCLocker Initiated GC) [PSYoungGen: 184491K->45441K(201216K)] 567257K->453088K(725504K), 0.0090834 secs] [Times: user=0.08 sys=0.00, real=0.01 secs] 
2016-09-25T21:41:44.257-0400: 27.870: [GC (GCLocker Initiated GC) [PSYoungGen: 188801K->32167K(202752K)] 606044K->466188K(727040K), 0.0175705 secs] [Times: user=0.17 sys=0.01, real=0.02 secs] 
2016-09-25T21:41:44.408-0400: 28.021: [GC (GCLocker Initiated GC) [PSYoungGen: 175527K->50848K(197120K)] 609700K->485595K(721408K), 0.0234764 secs] [Times: user=0.26 sys=0.00, real=0.02 secs] 
2016-09-25T21:41:44.571-0400: 28.184: [GC (GCLocker Initiated GC) [PSYoungGen: 190112K->52324K(192000K)] 627674K->506641K(716288K), 0.0122368 secs] [Times: user=0.18 sys=0.01, real=0.02 secs] 
2016-09-25T21:41:44.698-0400: 28.311: [GC (GCLocker Initiated GC) [PSYoungGen: 191588K->41427K(199168K)] 645942K->496316K(723456K), 0.0088017 secs] [Times: user=0.08 sys=0.01, real=0.01 secs] 
2016-09-25T21:41:44.846-0400: 28.459: [GC (GCLocker Initiated GC) [PSYoungGen: 176083K->37134K(172032K)] 631051K->492621K(696320K), 0.0141312 secs] [Times: user=0.12 sys=0.00, real=0.01 secs] 
2016-09-25T21:41:44.989-0400: 28.602: [GC (GCLocker Initiated GC) [PSYoungGen: 171790K->37428K(197632K)] 631541K->516579K(721920K), 0.0137520 secs] [Times: user=0.16 sys=0.00, real=0.02 secs] 
2016-09-25T21:41:45.119-0400: 28.732: [GC (GCLocker Initiated GC) [PSYoungGen: 174132K->42623K(195584K)] 653401K->522391K(719872K), 0.0076113 secs] [Times: user=0.07 sys=0.00, real=0.01 secs] 
2016-09-25T21:41:45.238-0400: 28.852: [GC (GCLocker Initiated GC) [PSYoungGen: 179327K->23703K(200192K)] 664498K->528220K(724480K), 0.0198867 secs] [Times: user=0.16 sys=0.01, real=0.02 secs] 
2016-09-25T21:41:45.258-0400: 28.872: [Full GC (Ergonomics) [PSYoungGen: 23703K->0K(200192K)] [ParOldGen: 504516K->105204K(524288K)] 528220K->105204K(724480K), [Metaspace: 43260K->43260K(1085440K)], 0.0712300 secs] [Times: user=0.35 sys=0.02, real=0.07 secs] 
2016-09-25T21:41:45.474-0400: 29.088: [GC (GCLocker Initiated GC) [PSYoungGen: 141824K->18680K(200704K)] 264599K->141456K(724992K), 0.0178409 secs] [Times: user=0.16 sys=0.00, real=0.01 secs] 
2016-09-25T21:41:45.603-0400: 29.216: [GC (GCLocker Initiated GC) [PSYoungGen: 160504K->35903K(199680K)] 283391K->170448K(723968K), 0.0143437 secs] [Times: user=0.13 sys=0.01, real=0.01 secs] 
2016-09-25T21:41:45.733-0400: 29.346: [GC (GCLocker Initiated GC) [PSYoungGen: 178751K->23966K(200704K)] 322966K->176748K(724992K), 0.0154811 secs] [Times: user=0.13 sys=0.01, real=0.02 secs] 
2016-09-25T21:41:45.860-0400: 29.473: [GC (GCLocker Initiated GC) [PSYoungGen: 166814K->27937K(201216K)] 322329K->183997K(725504K), 0.0275406 secs] [Times: user=0.24 sys=0.00, real=0.03 secs] 
2016-09-25T21:41:46.012-0400: 29.625: [GC (GCLocker Initiated GC) [PSYoungGen: 174369K->21199K(202752K)] 341257K->216931K(727040K), 0.0206809 secs] [Times: user=0.13 sys=0.02, real=0.02 secs] 
2016-09-25T21:41:46.143-0400: 29.757: [GC (GCLocker Initiated GC) [PSYoungGen: 167631K->52334K(195584K)] 363396K->272965K(719872K), 0.0103892 secs] [Times: user=0.12 sys=0.00, real=0.00 secs] 
2016-09-25T21:41:46.259-0400: 29.872: [GC (GCLocker Initiated GC) [PSYoungGen: 191598K->33178K(200704K)] 415017K->265188K(724992K), 0.0246204 secs] [Times: user=0.20 sys=0.00, real=0.03 secs] 
2016-09-25T21:41:46.386-0400: 30.000: [GC (GCLocker Initiated GC) [PSYoungGen: 172442K->44233K(200192K)] 409989K->290402K(724480K), 0.0138255 secs] [Times: user=0.15 sys=0.01, real=0.01 secs] 
2016-09-25T21:41:46.512-0400: 30.125: [GC (GCLocker Initiated GC) [PSYoungGen: 186057K->18531K(201728K)] 444464K->296375K(726016K), 0.0112309 secs] [Times: user=0.11 sys=0.01, real=0.02 secs] 
2016-09-25T21:41:46.648-0400: 30.261: [GC (GCLocker Initiated GC) [PSYoungGen: 160355K->60403K(186368K)] 438240K->338869K(710656K), 0.0122689 secs] [Times: user=0.12 sys=0.01, real=0.01 secs] 
2016-09-25T21:41:46.795-0400: 30.409: [GC (GCLocker Initiated GC) [PSYoungGen: 186355K->27768K(194048K)] 470226K->325630K(718336K), 0.0146101 secs] [Times: user=0.08 sys=0.02, real=0.01 secs] 
2016-09-25T21:41:46.911-0400: 30.524: [GC (GCLocker Initiated GC) [PSYoungGen: 153720K->40231K(189440K)] 461342K->348317K(713728K), 0.0163614 secs] [Times: user=0.18 sys=0.00, real=0.02 secs] 
2016-09-25T21:41:47.060-0400: 30.673: [GC (GCLocker Initiated GC) [PSYoungGen: 167719K->48180K(192512K)] 475958K->367792K(716800K), 0.0268507 secs] [Times: user=0.29 sys=0.01, real=0.03 secs] 
2016-09-25T21:41:47.230-0400: 30.843: [GC (GCLocker Initiated GC) [PSYoungGen: 175668K->22683K(196096K)] 510950K->374639K(720384K), 0.0211732 secs] [Times: user=0.18 sys=0.02, real=0.02 secs] 
2016-09-25T21:41:47.358-0400: 30.972: [GC (GCLocker Initiated GC) [PSYoungGen: 152219K->27756K(157696K)] 513680K->389725K(681984K), 0.0092196 secs] [Times: user=0.06 sys=0.00, real=0.01 secs] 
2016-09-25T21:41:47.516-0400: 31.129: [GC (GCLocker Initiated GC) [PSYoungGen: 157292K->46833K(192512K)] 519300K->428241K(716800K), 0.0254835 secs] [Times: user=0.26 sys=0.01, real=0.02 secs] 
2016-09-25T21:41:47.664-0400: 31.278: [GC (GCLocker Initiated GC) [PSYoungGen: 174833K->62957K(190976K)] 556286K->444879K(715264K), 0.0257140 secs] [Times: user=0.18 sys=0.04, real=0.02 secs] 
2016-09-25T21:41:47.798-0400: 31.411: [GC (GCLocker Initiated GC) [PSYoungGen: 190957K->21036K(187904K)] 579654K->423682K(712192K), 0.0167862 secs] [Times: user=0.15 sys=0.00, real=0.02 secs] 
2016-09-25T21:41:47.947-0400: 31.561: [GC (GCLocker Initiated GC) [PSYoungGen: 137772K->34492K(151552K)] 547193K->457912K(675840K), 0.0161841 secs] [Times: user=0.17 sys=0.00, real=0.02 secs] 
2016-09-25T21:41:48.056-0400: 31.669: [GC (GCLocker Initiated GC) [PSYoungGen: 151228K->34576K(190976K)] 577537K->472163K(715264K), 0.0111278 secs] [Times: user=0.09 sys=0.00, real=0.01 secs] 
2016-09-25T21:41:48.177-0400: 31.791: [GC (GCLocker Initiated GC) [PSYoungGen: 155920K->24025K(187904K)] 603071K->490550K(712192K), 0.0282452 secs] [Times: user=0.30 sys=0.01, real=0.03 secs] 
2016-09-25T21:41:48.317-0400: 31.931: [GC (GCLocker Initiated GC) [PSYoungGen: 145369K->39969K(193536K)] 613236K->508275K(717824K), 0.0085500 secs] [Times: user=0.07 sys=0.01, real=0.01 secs] 
2016-09-25T21:41:48.427-0400: 32.040: [GC (GCLocker Initiated GC) [PSYoungGen: 167457K->26520K(192000K)] 643949K->517038K(716288K), 0.0135392 secs] [Times: user=0.11 sys=0.01, real=0.01 secs] 
2016-09-25T21:41:48.540-0400: 32.153: [GC (GCLocker Initiated GC) [PSYoungGen: 154008K->45388K(193024K)] 647334K->552684K(717312K), 0.0249809 secs] [Times: user=0.29 sys=0.00, real=0.03 secs] 
2016-09-25T21:41:48.565-0400: 32.179: [Full GC (Ergonomics) [PSYoungGen: 45388K->0K(193024K)] [ParOldGen: 507295K->121044K(524288K)] 552684K->121044K(717312K), [Metaspace: 43270K->43270K(1085440K)], 0.0841455 secs] [Times: user=0.39 sys=0.03, real=0.08 secs] 
2016-09-25T21:41:48.783-0400: 32.396: [GC (GCLocker Initiated GC) [PSYoungGen: 130048K->36175K(194560K)] 259304K->165432K(718848K), 0.0091336 secs] [Times: user=0.09 sys=0.00, real=0.00 secs] 
2016-09-25T21:41:48.888-0400: 32.501: [GC (GCLocker Initiated GC) [PSYoungGen: 166223K->46930K(194560K)] 298320K->204115K(718848K), 0.0123994 secs] [Times: user=0.16 sys=0.00, real=0.01 secs] 
2016-09-25T21:41:49.005-0400: 32.618: [GC (GCLocker Initiated GC) [PSYoungGen: 180050K->29264K(196096K)] 346705K->196397K(720384K), 0.0242781 secs] [Times: user=0.24 sys=0.00, real=0.02 secs] 
2016-09-25T21:41:49.141-0400: 32.754: [GC (GCLocker Initiated GC) [PSYoungGen: 162384K->42826K(198656K)] 336352K->217292K(722944K), 0.0059616 secs] [Times: user=0.04 sys=0.02, real=0.01 secs] 
2016-09-25T21:41:49.268-0400: 32.881: [GC (GCLocker Initiated GC) [PSYoungGen: 180042K->49505K(186880K)] 354601K->224568K(711168K), 0.0087901 secs] [Times: user=0.06 sys=0.01, real=0.01 secs] 
2016-09-25T21:41:49.377-0400: 32.991: [GC (GCLocker Initiated GC) [PSYoungGen: 186721K->49492K(195072K)] 361955K->238668K(719360K), 0.0283212 secs] [Times: user=0.33 sys=0.00, real=0.03 secs] 
2016-09-25T21:41:49.510-0400: 33.124: [GC (GCLocker Initiated GC) [PSYoungGen: 180564K->41348K(172544K)] 369821K->231113K(696832K), 0.0109443 secs] [Times: user=0.08 sys=0.00, real=0.01 secs] 
2016-09-25T21:41:49.641-0400: 33.254: [GC (GCLocker Initiated GC) [PSYoungGen: 172420K->27989K(196096K)] 371461K->241034K(720384K), 0.0049772 secs] [Times: user=0.04 sys=0.00, real=0.01 secs] 
2016-09-25T21:41:49.760-0400: 33.374: [GC (GCLocker Initiated GC) [PSYoungGen: 160597K->41230K(196096K)] 373884K->255002K(720384K), 0.0429153 secs] [Times: user=0.40 sys=0.00, real=0.05 secs] 
2016-09-25T21:41:49.923-0400: 33.536: [GC (GCLocker Initiated GC) [PSYoungGen: 173838K->27951K(197632K)] 395914K->250501K(721920K), 0.0356236 secs] [Times: user=0.34 sys=0.00, real=0.03 secs] 
2016-09-25T21:41:50.081-0400: 33.695: [GC (GCLocker Initiated GC) [PSYoungGen: 163631K->35979K(197120K)] 391603K->264462K(721408K), 0.0118586 secs] [Times: user=0.09 sys=0.00, real=0.01 secs] 
2016-09-25T21:41:50.196-0400: 33.810: [GC (GCLocker Initiated GC) [PSYoungGen: 171659K->39928K(199168K)] 400186K->285145K(723456K), 0.0098850 secs] [Times: user=0.07 sys=0.00, real=0.01 secs] 
2016-09-25T21:41:50.348-0400: 33.961: [GC (GCLocker Initiated GC) [PSYoungGen: 180216K->30385K(198144K)] 425450K->292277K(722432K), 0.0311331 secs] [Times: user=0.31 sys=0.00, real=0.03 secs] 
2016-09-25T21:41:50.501-0400: 34.115: [GC (GCLocker Initiated GC) [PSYoungGen: 170673K->34726K(202752K)] 442153K->306699K(727040K), 0.0141504 secs] [Times: user=0.13 sys=0.02, real=0.02 secs] 
2016-09-25T21:41:50.641-0400: 34.254: [GC (GCLocker Initiated GC) [PSYoungGen: 181670K->33160K(202752K)] 453723K->321973K(727040K), 0.0117949 secs] [Times: user=0.09 sys=0.00, real=0.01 secs] 
2016-09-25T21:41:50.771-0400: 34.385: [GC (GCLocker Initiated GC) [PSYoungGen: 180104K->48175K(202240K)] 473203K->341754K(726528K), 0.0181177 secs] [Times: user=0.20 sys=0.00, real=0.02 secs] 
2016-09-25T21:41:50.902-0400: 34.515: [GC (GCLocker Initiated GC) [PSYoungGen: 196143K->56409K(204800K)] 489899K->356146K(729088K), 0.0098236 secs] [Times: user=0.12 sys=0.00, real=0.01 secs] 
2016-09-25T21:41:51.035-0400: 34.648: [GC (GCLocker Initiated GC) [PSYoungGen: 204377K->34564K(198656K)] 508425K->339111K(722944K), 0.0168618 secs] [Times: user=0.20 sys=0.00, real=0.01 secs] 
2016-09-25T21:41:51.160-0400: 34.773: [GC (GCLocker Initiated GC) [PSYoungGen: 175876K->48372K(189952K)] 485880K->383250K(714240K), 0.0073396 secs] [Times: user=0.08 sys=0.01, real=0.01 secs] 
2016-09-25T21:41:51.287-0400: 34.900: [GC (GCLocker Initiated GC) [PSYoungGen: 189684K->21246K(198144K)] 540837K->386385K(722432K), 0.0125053 secs] [Times: user=0.12 sys=0.00, real=0.01 secs] 
2016-09-25T21:41:51.414-0400: 35.027: [GC (GCLocker Initiated GC) [PSYoungGen: 157438K->41511K(199168K)] 525382K->409931K(723456K), 0.0135086 secs] [Times: user=0.11 sys=0.00, real=0.02 secs] 
2016-09-25T21:41:51.548-0400: 35.161: [GC (GCLocker Initiated GC) [PSYoungGen: 177703K->38764K(194048K)] 552912K->428165K(718336K), 0.0172582 secs] [Times: user=0.18 sys=0.01, real=0.02 secs] 
2016-09-25T21:41:51.731-0400: 35.344: [GC (GCLocker Initiated GC) [PSYoungGen: 175980K->26549K(196608K)] 569444K->428733K(720896K), 0.0246330 secs] [Times: user=0.21 sys=0.00, real=0.03 secs] 
2016-09-25T21:41:51.908-0400: 35.521: [GC (GCLocker Initiated GC) [PSYoungGen: 163765K->43025K(202752K)] 570045K->460820K(727040K), 0.0143773 secs] [Times: user=0.12 sys=0.01, real=0.01 secs] 
2016-09-25T21:41:52.068-0400: 35.681: [GC (GCLocker Initiated GC) [PSYoungGen: 186385K->41767K(185344K)] 613687K->469724K(709632K), 0.0183234 secs] [Times: user=0.16 sys=0.00, real=0.02 secs] 
2016-09-25T21:41:52.244-0400: 35.858: [GC (GCLocker Initiated GC) [PSYoungGen: 185127K->43217K(202240K)] 617167K->500464K(726528K), 0.0219867 secs] [Times: user=0.22 sys=0.01, real=0.02 secs] 
2016-09-25T21:41:52.463-0400: 36.076: [GC (GCLocker Initiated GC) [PSYoungGen: 186577K->28248K(202240K)] 649254K->497308K(726528K), 0.0234188 secs] [Times: user=0.22 sys=0.01, real=0.02 secs] 
2016-09-25T21:41:52.656-0400: 36.270: [GC (GCLocker Initiated GC) [PSYoungGen: 171608K->16167K(200704K)] 659729K->526888K(724992K), 0.0274566 secs] [Times: user=0.29 sys=0.01, real=0.03 secs] 
2016-09-25T21:41:52.685-0400: 36.299: [Full GC (Ergonomics) [PSYoungGen: 16167K->0K(200704K)] [ParOldGen: 510721K->137577K(524288K)] 526888K->137577K(724992K), [Metaspace: 43407K->43407K(1085440K)], 0.1033540 secs] [Times: user=0.66 sys=0.00, real=0.10 secs] 
2016-09-25T21:41:52.941-0400: 36.554: [GC (GCLocker Initiated GC) [PSYoungGen: 142336K->35315K(177664K)] 286977K->179956K(701952K), 0.0192235 secs] [Times: user=0.22 sys=0.00, real=0.02 secs] 
2016-09-25T21:41:53.098-0400: 36.711: [GC (GCLocker Initiated GC) [PSYoungGen: 177651K->50211K(198144K)] 322305K->215025K(722432K), 0.0098596 secs] [Times: user=0.11 sys=0.00, real=0.01 secs] 
2016-09-25T21:41:53.248-0400: 36.862: [GC (GCLocker Initiated GC) [PSYoungGen: 190499K->60716K(201216K)] 355506K->237507K(725504K), 0.0155910 secs] [Times: user=0.16 sys=0.01, real=0.02 secs] 
2016-09-25T21:41:53.415-0400: 37.028: [GC (GCLocker Initiated GC) [PSYoungGen: 201004K->35070K(193024K)] 381950K->219599K(717312K), 0.0235631 secs] [Times: user=0.25 sys=0.00, real=0.02 secs] 
2016-09-25T21:41:53.558-0400: 37.171: [GC (GCLocker Initiated GC) [PSYoungGen: 167166K->44481K(197120K)] 354424K->232755K(721408K), 0.0126246 secs] [Times: user=0.12 sys=0.00, real=0.01 secs] 
2016-09-25T21:41:53.699-0400: 37.313: [GC (GCLocker Initiated GC) [PSYoungGen: 176577K->22760K(196608K)] 371811K->237790K(720896K), 0.0459298 secs] [Times: user=0.44 sys=0.01, real=0.05 secs] 
2016-09-25T21:41:53.878-0400: 37.491: [GC (GCLocker Initiated GC) [PSYoungGen: 154856K->44319K(197120K)] 369891K->271019K(721408K), 0.0299437 secs] [Times: user=0.30 sys=0.00, real=0.03 secs] 
2016-09-25T21:41:54.028-0400: 37.641: [GC (GCLocker Initiated GC) [PSYoungGen: 176415K->56473K(189952K)] 405828K->286621K(714240K), 0.0095293 secs] [Times: user=0.08 sys=0.00, real=0.01 secs] 
2016-09-25T21:41:54.148-0400: 37.762: [GC (GCLocker Initiated GC) [PSYoungGen: 181401K->57853K(182784K)] 415710K->303805K(707072K), 0.0213493 secs] [Times: user=0.16 sys=0.01, real=0.02 secs] 
2016-09-25T21:41:54.288-0400: 37.901: [GC (GCLocker Initiated GC) [PSYoungGen: 182781K->23988K(189440K)] 434136K->297672K(713728K), 0.0312941 secs] [Times: user=0.31 sys=0.02, real=0.03 secs] 
2016-09-25T21:41:54.427-0400: 38.040: [GC (GCLocker Initiated GC) [PSYoungGen: 140724K->48256K(165376K)] 417121K->325299K(689664K), 0.0095131 secs] [Times: user=0.10 sys=0.00, real=0.01 secs] 
2016-09-25T21:41:54.542-0400: 38.155: [GC (GCLocker Initiated GC) [PSYoungGen: 164992K->30480K(189952K)] 444973K->310979K(714240K), 0.0141767 secs] [Times: user=0.11 sys=0.00, real=0.02 secs] 
2016-09-25T21:41:54.667-0400: 38.280: [GC (GCLocker Initiated GC) [PSYoungGen: 148240K->42769K(160768K)] 428774K->323883K(685056K), 0.0520174 secs] [Times: user=0.49 sys=0.01, real=0.05 secs] 
2016-09-25T21:41:54.817-0400: 38.430: [GC (GCLocker Initiated GC) [PSYoungGen: 160529K->51000K(186880K)] 447083K->338089K(711168K), 0.0061336 secs] [Times: user=0.04 sys=0.00, real=0.01 secs] 
2016-09-25T21:41:54.941-0400: 38.554: [GC (GCLocker Initiated GC) [PSYoungGen: 168760K->50937K(187904K)] 458717K->341504K(712192K), 0.0232496 secs] [Times: user=0.22 sys=0.00, real=0.03 secs] 
2016-09-25T21:41:55.073-0400: 38.686: [GC (GCLocker Initiated GC) [PSYoungGen: 168697K->50785K(190464K)] 459422K->342097K(714752K), 0.0070340 secs] [Times: user=0.05 sys=0.00, real=0.01 secs] 
2016-09-25T21:41:55.199-0400: 38.812: [GC (GCLocker Initiated GC) [PSYoungGen: 170593K->41502K(161792K)] 468878K->340334K(686080K), 0.0416849 secs] [Times: user=0.43 sys=0.00, real=0.04 secs] 
2016-09-25T21:41:55.356-0400: 38.970: [GC (GCLocker Initiated GC) [PSYoungGen: 161310K->37655K(190464K)] 465750K->342713K(714752K), 0.0061799 secs] [Times: user=0.04 sys=0.00, real=0.01 secs] 
2016-09-25T21:41:55.475-0400: 39.089: [GC (GCLocker Initiated GC) [PSYoungGen: 159511K->26543K(188928K)] 467302K->334971K(713216K), 0.0137901 secs] [Times: user=0.12 sys=0.00, real=0.01 secs] 
2016-09-25T21:41:55.595-0400: 39.208: [GC (GCLocker Initiated GC) [PSYoungGen: 148399K->56341K(188928K)] 456873K->365492K(713216K), 0.0138559 secs] [Times: user=0.14 sys=0.00, real=0.01 secs] 
2016-09-25T21:41:55.709-0400: 39.322: [GC (GCLocker Initiated GC) [PSYoungGen: 178197K->42896K(192000K)] 487778K->385508K(716288K), 0.0187278 secs] [Times: user=0.16 sys=0.00, real=0.02 secs] 
2016-09-25T21:41:55.841-0400: 39.454: [GC (GCLocker Initiated GC) [PSYoungGen: 164752K->28224K(191488K)] 517014K->410913K(715776K), 0.0208478 secs] [Times: user=0.19 sys=0.00, real=0.02 secs] 
2016-09-25T21:41:55.983-0400: 39.597: [GC (GCLocker Initiated GC) [PSYoungGen: 152640K->40231K(192000K)] 540966K->429278K(716288K), 0.0165606 secs] [Times: user=0.13 sys=0.01, real=0.01 secs] 
2016-09-25T21:41:56.118-0400: 39.731: [GC (GCLocker Initiated GC) [PSYoungGen: 164647K->45678K(193024K)] 553875K->435659K(717312K), 0.0093532 secs] [Times: user=0.08 sys=0.01, real=0.01 secs] 
2016-09-25T21:41:56.236-0400: 39.849: [GC (GCLocker Initiated GC) [PSYoungGen: 173678K->48298K(192512K)] 566396K->441719K(716800K), 0.0175265 secs] [Times: user=0.17 sys=0.01, real=0.01 secs] 
2016-09-25T21:41:56.374-0400: 39.987: [GC (GCLocker Initiated GC) [PSYoungGen: 176298K->30864K(197120K)] 577945K->449463K(721408K), 0.0287983 secs] [Times: user=0.24 sys=0.00, real=0.04 secs] 
2016-09-25T21:41:56.548-0400: 40.161: [GC (GCLocker Initiated GC) [PSYoungGen: 163472K->38961K(172032K)] 584807K->461141K(696320K), 0.0114742 secs] [Times: user=0.11 sys=0.00, real=0.01 secs] 
2016-09-25T21:41:56.692-0400: 40.305: [GC (GCLocker Initiated GC) [PSYoungGen: 171569K->55178K(192512K)] 596458K->486300K(716800K), 0.0228304 secs] [Times: user=0.22 sys=0.03, real=0.03 secs] 
2016-09-25T21:41:56.861-0400: 40.475: [GC (GCLocker Initiated GC) [PSYoungGen: 185226K->43176K(195584K)] 621916K->491436K(719872K), 0.0102077 secs] [Times: user=0.12 sys=0.00, real=0.01 secs] 
2016-09-25T21:41:57.030-0400: 40.643: [GC (GCLocker Initiated GC) [PSYoungGen: 173224K->37469K(193536K)] 621599K->492082K(717824K), 0.0303689 secs] [Times: user=0.29 sys=0.00, real=0.03 secs] 
2016-09-25T21:41:57.231-0400: 40.844: [GC (GCLocker Initiated GC) [PSYoungGen: 170589K->18505K(195584K)] 629668K->491815K(719872K), 0.0197388 secs] [Times: user=0.16 sys=0.01, real=0.02 secs] 
2016-09-25T21:41:57.380-0400: 40.993: [GC (GCLocker Initiated GC) [PSYoungGen: 151625K->30668K(198656K)] 624964K->518262K(722944K), 0.0540825 secs] [Times: user=0.54 sys=0.01, real=0.05 secs] 
2016-09-25T21:41:57.550-0400: 41.163: [GC (GCLocker Initiated GC) [PSYoungGen: 164812K->29421K(163840K)] 660533K->547422K(688128K), 0.0122619 secs] [Times: user=0.08 sys=0.00, real=0.01 secs] 
2016-09-25T21:41:57.562-0400: 41.175: [Full GC (Ergonomics) [PSYoungGen: 29421K->0K(163840K)] [ParOldGen: 518000K->155979K(524288K)] 547422K->155979K(688128K), [Metaspace: 43428K->43428K(1085440K)], 0.1014726 secs] [Times: user=0.48 sys=0.02, real=0.11 secs] 
2016-09-25T21:41:57.798-0400: 41.413: [GC (GCLocker Initiated GC) [PSYoungGen: 134144K->23557K(196608K)] 309473K->198886K(720896K), 0.0174997 secs] [Times: user=0.12 sys=0.01, real=0.02 secs] 
2016-09-25T21:41:57.929-0400: 41.542: [GC (GCLocker Initiated GC) [PSYoungGen: 157701K->34919K(196608K)] 338459K->216934K(720896K), 0.0173062 secs] [Times: user=0.19 sys=0.00, real=0.02 secs] 
2016-09-25T21:42:01.520-0400: 45.133: [GC (Allocation Failure) [PSYoungGen: 169063K->42905K(196608K)] 351080K->225631K(720896K), 0.1152524 secs] [Times: user=0.08 sys=0.05, real=0.12 secs] 
2016-09-25T21:42:01.763-0400: 45.376: [GC (GCLocker Initiated GC) [PSYoungGen: 179609K->38928K(197120K)] 362527K->222557K(721408K), 0.0509561 secs] [Times: user=0.18 sys=0.05, real=0.05 secs] 
2016-09-25T21:42:01.949-0400: 45.562: [GC (GCLocker Initiated GC) [PSYoungGen: 175632K->18545K(199680K)] 367498K->211150K(723968K), 0.0236248 secs] [Times: user=0.14 sys=0.04, real=0.02 secs] 
2016-09-25T21:42:02.197-0400: 45.810: [GC (GCLocker Initiated GC) [PSYoungGen: 159345K->27919K(200704K)] 354881K->240322K(724992K), 0.0501394 secs] [Times: user=0.33 sys=0.06, real=0.05 secs] 
2016-09-25T21:42:02.428-0400: 46.042: [GC (GCLocker Initiated GC) [PSYoungGen: 168719K->33633K(198656K)] 397359K->262992K(722944K), 0.0240248 secs] [Times: user=0.35 sys=0.01, real=0.02 secs] 
2016-09-25T21:42:02.642-0400: 46.255: [GC (GCLocker Initiated GC) [PSYoungGen: 177505K->28007K(200192K)] 411191K->284103K(724480K), 0.0636090 secs] [Times: user=0.79 sys=0.08, real=0.07 secs] 
2016-09-25T21:42:02.843-0400: 46.456: [GC (Allocation Failure) [PSYoungGen: 171879K->18595K(205824K)] 440333K->287736K(730112K), 0.0906402 secs] [Times: user=0.87 sys=0.14, real=0.08 secs] 
2016-09-25T21:42:03.078-0400: 46.691: [GC (GCLocker Initiated GC) [PSYoungGen: 167310K->27883K(178688K)] 441851K->303189K(702976K), 0.0333377 secs] [Times: user=0.28 sys=0.07, real=0.03 secs] 
2016-09-25T21:42:03.235-0400: 46.848: [GC (GCLocker Initiated GC) [PSYoungGen: 178411K->36144K(206336K)] 459339K->317780K(730624K), 0.0285121 secs] [Times: user=0.32 sys=0.02, real=0.03 secs] 
2016-09-25T21:42:03.422-0400: 47.036: [GC (GCLocker Initiated GC) [PSYoungGen: 188208K->33387K(205312K)] 472567K->318462K(729600K), 0.0104454 secs] [Times: user=0.08 sys=0.00, real=0.00 secs] 
2016-09-25T21:42:03.576-0400: 47.189: [GC (GCLocker Initiated GC) [PSYoungGen: 185451K->38884K(205824K)] 473322K->338334K(730112K), 0.0404980 secs] [Times: user=0.34 sys=0.01, real=0.04 secs] 
2016-09-25T21:42:03.768-0400: 47.382: [GC (GCLocker Initiated GC) [PSYoungGen: 192996K->32030K(206336K)] 495220K->359351K(730624K), 0.0072317 secs] [Times: user=0.07 sys=0.00, real=0.01 secs] 
2016-09-25T21:42:03.940-0400: 47.553: [GC (GCLocker Initiated GC) [PSYoungGen: 186142K->34991K(208896K)] 516404K->379501K(733184K), 0.0088281 secs] [Times: user=0.07 sys=0.00, real=0.01 secs] 
2016-09-25T21:42:06.488-0400: 50.102: [GC (GCLocker Initiated GC) [PSYoungGen: 194223K->48557K(207872K)] 541678K->399497K(732160K), 0.0253091 secs] [Times: user=0.21 sys=0.00, real=0.02 secs] 
2016-09-25T21:42:06.696-0400: 50.309: [GC (GCLocker Initiated GC) [PSYoungGen: 207789K->33583K(209920K)] 560895K->387524K(734208K), 0.0159551 secs] [Times: user=0.15 sys=0.00, real=0.01 secs] 
2016-09-25T21:42:06.851-0400: 50.464: [GC (GCLocker Initiated GC) [PSYoungGen: 189743K->18748K(208384K)] 546797K->392841K(732672K), 0.0370222 secs] [Times: user=0.36 sys=0.02, real=0.04 secs] 
2016-09-25T21:42:07.054-0400: 50.668: [GC (GCLocker Initiated GC) [PSYoungGen: 174908K->28179K(208896K)] 549034K->438307K(733184K), 0.0166228 secs] [Times: user=0.17 sys=0.00, real=0.01 secs] 
2016-09-25T21:42:07.261-0400: 50.874: [GC (GCLocker Initiated GC) [PSYoungGen: 185363K->29608K(208896K)] 600901K->459489K(733184K), 0.0266638 secs] [Times: user=0.27 sys=0.01, real=0.03 secs] 
2016-09-25T21:42:07.480-0400: 51.093: [GC (GCLocker Initiated GC) [PSYoungGen: 186792K->45831K(204800K)] 616919K->476976K(729088K), 0.0114518 secs] [Times: user=0.11 sys=0.00, real=0.01 secs] 
2016-09-25T21:42:07.683-0400: 51.297: [GC (Allocation Failure) [PSYoungGen: 200455K->24274K(208384K)] 640036K->483604K(732672K), 0.0163065 secs] [Times: user=0.16 sys=0.00, real=0.01 secs] 
2016-09-25T21:42:07.885-0400: 51.498: [GC (GCLocker Initiated GC) [PSYoungGen: 178898K->51425K(198656K)] 638232K->514463K(722944K), 0.0209435 secs] [Times: user=0.21 sys=0.00, real=0.02 secs] 
2016-09-25T21:42:08.077-0400: 51.690: [GC (GCLocker Initiated GC) [PSYoungGen: 196833K->47173K(193024K)] 659938K->511131K(717312K), 0.0373736 secs] [Times: user=0.30 sys=0.00, real=0.04 secs] 
2016-09-25T21:42:08.277-0400: 51.890: [GC (GCLocker Initiated GC) [PSYoungGen: 192581K->38194K(203264K)] 664727K->527574K(727552K), 0.0185158 secs] [Times: user=0.17 sys=0.00, real=0.02 secs] 
2016-09-25T21:42:08.295-0400: 51.909: [Full GC (Ergonomics) [PSYoungGen: 38194K->0K(203264K)] [ParOldGen: 489379K->174023K(524288K)] 527574K->174023K(727552K), [Metaspace: 43452K->43452K(1085440K)], 0.0753899 secs] [Times: user=0.46 sys=0.01, real=0.07 secs] 
2016-09-25T21:42:08.510-0400: 52.123: [GC (GCLocker Initiated GC) [PSYoungGen: 142848K->40842K(183808K)] 329206K->227201K(708096K), 0.0080577 secs] [Times: user=0.05 sys=0.00, real=0.01 secs] 
2016-09-25T21:42:08.683-0400: 52.296: [GC (Allocation Failure) [PSYoungGen: 183690K->55425K(193536K)] 370101K->251196K(717824K), 0.0198354 secs] [Times: user=0.23 sys=0.00, real=0.02 secs] 
2016-09-25T21:42:08.703-0400: 52.317: [GC (GCLocker Initiated GC) [PSYoungGen: 55912K->64K(135680K)] 251684K->261744K(659968K), 0.0061714 secs] [Times: user=0.08 sys=0.01, real=0.00 secs] 
2016-09-25T21:42:08.845-0400: 52.458: [GC (GCLocker Initiated GC) [PSYoungGen: 134929K->34458K(198144K)] 400660K->300197K(722432K), 0.0110270 secs] [Times: user=0.10 sys=0.00, real=0.01 secs] 
2016-09-25T21:42:08.980-0400: 52.593: [GC (GCLocker Initiated GC) [PSYoungGen: 165018K->44562K(194560K)] 440200K->322697K(718848K), 0.0078841 secs] [Times: user=0.07 sys=0.00, real=0.01 secs] 
2016-09-25T21:42:09.110-0400: 52.723: [GC (GCLocker Initiated GC) [PSYoungGen: 175122K->30805K(196096K)] 456077K->320790K(720384K), 0.0167909 secs] [Times: user=0.17 sys=0.00, real=0.02 secs] 
2016-09-25T21:42:09.260-0400: 52.874: [GC (GCLocker Initiated GC) [PSYoungGen: 163413K->44449K(195584K)] 453752K->335644K(719872K), 0.0066461 secs] [Times: user=0.07 sys=0.00, real=0.01 secs] 
2016-09-25T21:42:09.393-0400: 53.006: [GC (GCLocker Initiated GC) [PSYoungGen: 177057K->42875K(198656K)] 476582K->343129K(722944K), 0.0077860 secs] [Times: user=0.07 sys=0.00, real=0.01 secs] 
2016-09-25T21:42:09.531-0400: 53.144: [GC (GCLocker Initiated GC) [PSYoungGen: 178043K->36097K(171520K)] 478405K->339864K(695808K), 0.0256028 secs] [Times: user=0.24 sys=0.00, real=0.03 secs] 
2016-09-25T21:42:09.689-0400: 53.303: [GC (GCLocker Initiated GC) [PSYoungGen: 171265K->25293K(196608K)] 476988K->331733K(720896K), 0.0305099 secs] [Times: user=0.29 sys=0.00, real=0.03 secs] 
2016-09-25T21:42:09.843-0400: 53.457: [GC (GCLocker Initiated GC) [PSYoungGen: 160973K->30651K(196096K)] 474363K->344754K(720384K), 0.0328229 secs] [Times: user=0.36 sys=0.00, real=0.03 secs] 
2016-09-25T21:42:10.001-0400: 53.614: [GC (GCLocker Initiated GC) [PSYoungGen: 166331K->26818K(200704K)] 489942K->361924K(724992K), 0.0293219 secs] [Times: user=0.30 sys=0.00, real=0.03 secs] 
2016-09-25T21:42:10.149-0400: 53.762: [GC (GCLocker Initiated GC) [PSYoungGen: 168642K->27947K(199680K)] 506648K->366657K(723968K), 0.0286676 secs] [Times: user=0.26 sys=0.01, real=0.03 secs] 
2016-09-25T21:42:10.301-0400: 53.915: [GC (GCLocker Initiated GC) [PSYoungGen: 169771K->40223K(201216K)] 509861K->381029K(725504K), 0.0259984 secs] [Times: user=0.23 sys=0.01, real=0.03 secs] 
2016-09-25T21:42:10.444-0400: 54.057: [GC (Allocation Failure) [PSYoungGen: 185119K->25406K(201728K)] 531401K->396749K(726016K), 0.0161279 secs] [Times: user=0.13 sys=0.00, real=0.01 secs] 
2016-09-25T21:42:10.583-0400: 54.196: [GC (GCLocker Initiated GC) [PSYoungGen: 170302K->44180K(202240K)] 541649K->416249K(726528K), 0.0145446 secs] [Times: user=0.12 sys=0.00, real=0.01 secs] 
2016-09-25T21:42:10.711-0400: 54.324: [GC (GCLocker Initiated GC) [PSYoungGen: 190612K->38653K(204288K)] 562755K->411440K(728576K), 0.0104171 secs] [Times: user=0.09 sys=0.00, real=0.01 secs] 
2016-09-25T21:42:10.851-0400: 54.465: [GC (GCLocker Initiated GC) [PSYoungGen: 185085K->25366K(202240K)] 566061K->428579K(726528K), 0.0206984 secs] [Times: user=0.20 sys=0.01, real=0.02 secs] 
2016-09-25T21:42:10.996-0400: 54.609: [GC (GCLocker Initiated GC) [PSYoungGen: 172822K->47186K(195072K)] 582957K->457994K(719360K), 0.0279318 secs] [Times: user=0.28 sys=0.02, real=0.03 secs] 
2016-09-25T21:42:11.146-0400: 54.760: [GC (Allocation Failure) [PSYoungGen: 194642K->37252K(204800K)] 608504K->451727K(729088K), 0.0224065 secs] [Times: user=0.25 sys=0.00, real=0.02 secs] 
2016-09-25T21:42:11.305-0400: 54.918: [GC (GCLocker Initiated GC) [PSYoungGen: 183172K->36020K(182272K)] 600347K->461769K(706560K), 0.0227215 secs] [Times: user=0.23 sys=0.00, real=0.02 secs] 
2016-09-25T21:42:11.463-0400: 55.076: [GC (GCLocker Initiated GC) [PSYoungGen: 181940K->44223K(199680K)] 607722K->470621K(723968K), 0.0313352 secs] [Times: user=0.34 sys=0.00, real=0.03 secs] 
2016-09-25T21:42:11.594-0400: 55.207: [GC (GCLocker Initiated GC) [PSYoungGen: 188607K->46942K(201216K)] 617737K->490155K(725504K), 0.0103045 secs] [Times: user=0.08 sys=0.00, real=0.01 secs] 
2016-09-25T21:42:11.730-0400: 55.344: [GC (GCLocker Initiated GC) [PSYoungGen: 191326K->28021K(203776K)] 641318K->500203K(728064K), 0.0135511 secs] [Times: user=0.16 sys=0.00, real=0.02 secs] 
2016-09-25T21:42:11.854-0400: 55.467: [GC (GCLocker Initiated GC) [PSYoungGen: 172917K->42711K(203264K)] 650944K->545574K(727552K), 0.0307097 secs] [Times: user=0.30 sys=0.00, real=0.04 secs] 
2016-09-25T21:42:11.885-0400: 55.498: [Full GC (Ergonomics) [PSYoungGen: 42711K->0K(203264K)] [ParOldGen: 502863K->189714K(524288K)] 545574K->189714K(727552K), [Metaspace: 43458K->43458K(1085440K)], 0.1103099 secs] [Times: user=0.60 sys=0.03, real=0.11 secs] 
2016-09-25T21:42:12.120-0400: 55.733: [GC (GCLocker Initiated GC) [PSYoungGen: 144896K->38621K(201216K)] 345421K->239147K(725504K), 0.0109857 secs] [Times: user=0.11 sys=0.00, real=0.01 secs] 
2016-09-25T21:42:12.269-0400: 55.882: [GC (GCLocker Initiated GC) [PSYoungGen: 184029K->30513K(202240K)] 395418K->255803K(726528K), 0.0051932 secs] [Times: user=0.04 sys=0.00, real=0.00 secs] 
2016-09-25T21:42:12.401-0400: 56.014: [GC (GCLocker Initiated GC) [PSYoungGen: 175921K->42582K(204800K)] 406703K->273713K(729088K), 0.0243546 secs] [Times: user=0.23 sys=0.00, real=0.03 secs] 
2016-09-25T21:42:12.538-0400: 56.151: [GC (GCLocker Initiated GC) [PSYoungGen: 191574K->48247K(197632K)] 426742K->283758K(721920K), 0.0134147 secs] [Times: user=0.13 sys=0.00, real=0.01 secs] 
2016-09-25T21:42:12.682-0400: 56.295: [GC (GCLocker Initiated GC) [PSYoungGen: 197239K->43969K(203776K)] 432775K->279962K(728064K), 0.0112917 secs] [Times: user=0.08 sys=0.00, real=0.01 secs] 
2016-09-25T21:42:12.831-0400: 56.445: [GC (GCLocker Initiated GC) [PSYoungGen: 189377K->42776K(203776K)] 425403K->279214K(728064K), 0.0107798 secs] [Times: user=0.10 sys=0.01, real=0.02 secs] 
2016-09-25T21:42:12.946-0400: 56.559: [GC (GCLocker Initiated GC) [PSYoungGen: 188184K->32027K(201728K)] 424808K->290756K(726016K), 0.0106049 secs] [Times: user=0.10 sys=0.01, real=0.01 secs] 
2016-09-25T21:42:13.103-0400: 56.716: [GC (GCLocker Initiated GC) [PSYoungGen: 177435K->48228K(202752K)] 441601K->323773K(727040K), 0.0103078 secs] [Times: user=0.12 sys=0.00, real=0.00 secs] 
2016-09-25T21:42:13.236-0400: 56.849: [GC (GCLocker Initiated GC) [PSYoungGen: 193636K->34735K(203264K)] 471918K->337867K(727552K), 0.0321324 secs] [Times: user=0.34 sys=0.00, real=0.03 secs] 
2016-09-25T21:42:13.389-0400: 57.002: [GC (GCLocker Initiated GC) [PSYoungGen: 179631K->37307K(182272K)] 485619K->343894K(706560K), 0.0176017 secs] [Times: user=0.18 sys=0.00, real=0.02 secs] 
2016-09-25T21:42:13.531-0400: 57.145: [GC (GCLocker Initiated GC) [PSYoungGen: 182203K->31940K(202752K)] 495741K->345954K(727040K), 0.0464849 secs] [Times: user=0.51 sys=0.00, real=0.05 secs] 
2016-09-25T21:42:13.705-0400: 57.319: [GC (GCLocker Initiated GC) [PSYoungGen: 178372K->44264K(202240K)] 495101K->377694K(726528K), 0.0217544 secs] [Times: user=0.29 sys=0.01, real=0.02 secs] 
2016-09-25T21:42:13.865-0400: 57.478: [GC (GCLocker Initiated GC) [PSYoungGen: 190696K->52433K(198656K)] 527075K->397529K(722944K), 0.0105547 secs] [Times: user=0.12 sys=0.00, real=0.01 secs] 
2016-09-25T21:42:14.015-0400: 57.628: [GC (GCLocker Initiated GC) [PSYoungGen: 194769K->20019K(162816K)] 552067K->380575K(687104K), 0.0410829 secs] [Times: user=0.54 sys=0.00, real=0.04 secs] 
2016-09-25T21:42:14.216-0400: 57.830: [GC (GCLocker Initiated GC) [PSYoungGen: 162355K->45650K(199680K)] 522991K->407158K(723968K), 0.0103260 secs] [Times: user=0.11 sys=0.00, real=0.01 secs] 
2016-09-25T21:42:14.347-0400: 57.961: [GC (GCLocker Initiated GC) [PSYoungGen: 183890K->47088K(185344K)] 545562K->420205K(709632K), 0.0514550 secs] [Times: user=0.47 sys=0.01, real=0.05 secs] 
2016-09-25T21:42:14.534-0400: 58.147: [GC (GCLocker Initiated GC) [PSYoungGen: 185328K->29634K(200192K)] 563934K->417152K(724480K), 0.0201196 secs] [Times: user=0.23 sys=0.00, real=0.02 secs] 
2016-09-25T21:42:14.704-0400: 58.317: [GC (GCLocker Initiated GC) [PSYoungGen: 167362K->26809K(164864K)] 561916K->422294K(689152K), 0.0161017 secs] [Times: user=0.14 sys=0.01, real=0.01 secs] 
2016-09-25T21:42:14.845-0400: 58.459: [GC (GCLocker Initiated GC) [PSYoungGen: 164537K->33801K(200704K)] 561079K->431151K(724992K), 0.0131770 secs] [Times: user=0.13 sys=0.00, real=0.01 secs] 
2016-09-25T21:42:15.005-0400: 58.618: [GC (GCLocker Initiated GC) [PSYoungGen: 173065K->28643K(199168K)] 586700K->454215K(723456K), 0.0155363 secs] [Times: user=0.14 sys=0.00, real=0.01 secs] 
2016-09-25T21:42:15.143-0400: 58.756: [GC (GCLocker Initiated GC) [PSYoungGen: 167907K->46120K(198144K)] 596271K->475744K(722432K), 0.0115290 secs] [Times: user=0.10 sys=0.02, real=0.01 secs] 
2016-09-25T21:42:15.296-0400: 58.910: [GC (GCLocker Initiated GC) [PSYoungGen: 185384K->42199K(199680K)] 623169K->508192K(723968K), 0.0101892 secs] [Times: user=0.10 sys=0.02, real=0.01 secs] 
2016-09-25T21:42:15.445-0400: 59.058: [GC (GCLocker Initiated GC) [PSYoungGen: 181463K->47719K(199168K)] 651512K->518971K(723456K), 0.0111139 secs] [Times: user=0.11 sys=0.00, real=0.01 secs] 
2016-09-25T21:42:15.583-0400: 59.197: [GC (GCLocker Initiated GC) [PSYoungGen: 186983K->61070K(200704K)] 658268K->533702K(724992K), 0.0070587 secs] [Times: user=0.06 sys=0.00, real=0.00 secs] 
2016-09-25T21:42:15.733-0400: 59.346: [GC (GCLocker Initiated GC) [PSYoungGen: 200334K->24612K(188416K)] 679955K->521736K(712704K), 0.0306621 secs] [Times: user=0.30 sys=0.00, real=0.04 secs] 
2016-09-25T21:42:15.764-0400: 59.377: [Full GC (Ergonomics) [PSYoungGen: 24612K->0K(188416K)] [ParOldGen: 497123K->211768K(524288K)] 521736K->211768K(712704K), [Metaspace: 43477K->43477K(1085440K)], 0.0718273 secs] [Times: user=0.55 sys=0.02, real=0.07 secs] 
2016-09-25T21:42:15.973-0400: 59.586: [GC (GCLocker Initiated GC) [PSYoungGen: 126976K->59521K(186880K)] 341618K->274164K(711168K), 0.0101471 secs] [Times: user=0.13 sys=0.00, real=0.02 secs] 
2016-09-25T21:42:16.097-0400: 59.710: [GC (GCLocker Initiated GC) [PSYoungGen: 186497K->61142K(180736K)] 403956K->282060K(705024K), 0.0282905 secs] [Times: user=0.30 sys=0.00, real=0.03 secs] 
2016-09-25T21:42:16.244-0400: 59.857: [GC (GCLocker Initiated GC) [PSYoungGen: 169686K->35589K(185344K)] 405619K->291739K(709632K), 0.0077524 secs] [Times: user=0.10 sys=0.00, real=0.00 secs] 
2016-09-25T21:42:16.380-0400: 59.993: [GC (GCLocker Initiated GC) [PSYoungGen: 144133K->45970K(179200K)] 404366K->307498K(703488K), 0.0082980 secs] [Times: user=0.06 sys=0.01, real=0.01 secs] 
2016-09-25T21:42:16.509-0400: 60.122: [GC (GCLocker Initiated GC) [PSYoungGen: 156562K->21924K(183296K)] 425311K->313293K(707584K), 0.0288888 secs] [Times: user=0.30 sys=0.02, real=0.03 secs] 
2016-09-25T21:42:16.662-0400: 60.275: [GC (GCLocker Initiated GC) [PSYoungGen: 132516K->37894K(184832K)] 423915K->333156K(709120K), 0.0217927 secs] [Times: user=0.24 sys=0.00, real=0.03 secs] 
2016-09-25T21:42:16.788-0400: 60.402: [GC (GCLocker Initiated GC) [PSYoungGen: 154118K->69159K(185856K)] 449421K->365634K(710144K), 0.0110602 secs] [Times: user=0.12 sys=0.00, real=0.01 secs] 
2016-09-25T21:42:16.950-0400: 60.563: [GC (GCLocker Initiated GC) [PSYoungGen: 185383K->32822K(185856K)] 492728K->365661K(710144K), 0.0180881 secs] [Times: user=0.22 sys=0.00, real=0.02 secs] 
2016-09-25T21:42:17.081-0400: 60.695: [GC (GCLocker Initiated GC) [PSYoungGen: 142390K->46235K(156160K)] 478078K->383287K(680448K), 0.0122326 secs] [Times: user=0.10 sys=0.01, real=0.01 secs] 
2016-09-25T21:42:17.219-0400: 60.832: [GC (GCLocker Initiated GC) [PSYoungGen: 155803K->38046K(186880K)] 493806K->393417K(711168K), 0.0180968 secs] [Times: user=0.20 sys=0.00, real=0.02 secs] 
2016-09-25T21:42:17.388-0400: 61.002: [GC (GCLocker Initiated GC) [PSYoungGen: 150174K->31234K(184320K)] 513880K->409619K(708608K), 0.0142740 secs] [Times: user=0.17 sys=0.00, real=0.02 secs] 
2016-09-25T21:42:17.540-0400: 61.154: [GC (GCLocker Initiated GC) [PSYoungGen: 143362K->47472K(186880K)] 531257K->436557K(711168K), 0.0104044 secs] [Times: user=0.09 sys=0.01, real=0.01 secs] 
2016-09-25T21:42:17.685-0400: 61.298: [GC (GCLocker Initiated GC) [PSYoungGen: 163184K->38113K(186368K)] 559303K->451668K(710656K), 0.0396113 secs] [Times: user=0.48 sys=0.04, real=0.04 secs] 
2016-09-25T21:42:17.865-0400: 61.479: [GC (GCLocker Initiated GC) [PSYoungGen: 153825K->27153K(188416K)] 574227K->464938K(712704K), 0.0064162 secs] [Times: user=0.06 sys=0.00, real=0.00 secs] 
2016-09-25T21:42:18.021-0400: 61.634: [GC (GCLocker Initiated GC) [PSYoungGen: 147473K->35701K(188416K)] 590896K->480324K(712704K), 0.0198343 secs] [Times: user=0.18 sys=0.02, real=0.02 secs] 
2016-09-25T21:42:18.178-0400: 61.791: [GC (GCLocker Initiated GC) [PSYoungGen: 156021K->36803K(192000K)] 610172K->492290K(716288K), 0.0249148 secs] [Times: user=0.28 sys=0.01, real=0.03 secs] 
2016-09-25T21:42:18.319-0400: 61.932: [GC (GCLocker Initiated GC) [PSYoungGen: 164803K->48784K(192000K)] 628501K->527341K(716288K), 0.0107277 secs] [Times: user=0.11 sys=0.00, real=0.01 secs] 
2016-09-25T21:42:18.471-0400: 62.084: [GC (GCLocker Initiated GC) [PSYoungGen: 176784K->40480K(194048K)] 662664K->527494K(718336K), 0.0084484 secs] [Times: user=0.07 sys=0.00, real=0.01 secs] 
2016-09-25T21:42:18.595-0400: 62.208: [GC (GCLocker Initiated GC) [PSYoungGen: 173600K->37732K(195584K)] 661968K->535234K(719872K), 0.0151424 secs] [Times: user=0.15 sys=0.01, real=0.01 secs] 
2016-09-25T21:42:18.610-0400: 62.224: [Full GC (Ergonomics) [PSYoungGen: 37732K->0K(195584K)] [ParOldGen: 497502K->228208K(524288K)] 535234K->228208K(719872K), [Metaspace: 43491K->43491K(1085440K)], 0.0676477 secs] [Times: user=0.36 sys=0.04, real=0.07 secs] 
2016-09-25T21:42:18.825-0400: 62.438: [GC (GCLocker Initiated GC) [PSYoungGen: 133120K->34405K(197632K)] 373503K->274789K(721920K), 0.0094504 secs] [Times: user=0.10 sys=0.00, real=0.01 secs] 
2016-09-25T21:42:18.949-0400: 62.563: [GC (GCLocker Initiated GC) [PSYoungGen: 173157K->59295K(198144K)] 413737K->309484K(722432K), 0.0100553 secs] [Times: user=0.15 sys=0.00, real=0.01 secs] 
2016-09-25T21:42:19.062-0400: 62.676: [GC (GCLocker Initiated GC) [PSYoungGen: 198047K->63407K(184832K)] 448281K->333298K(709120K), 0.0091122 secs] [Times: user=0.12 sys=0.01, real=0.00 secs] 
2016-09-25T21:42:19.180-0400: 62.794: [GC (GCLocker Initiated GC) [PSYoungGen: 184239K->51014K(191488K)] 454163K->337884K(715776K), 0.0064388 secs] [Times: user=0.07 sys=0.01, real=0.01 secs] 
2016-09-25T21:42:19.276-0400: 62.890: [GC (GCLocker Initiated GC) [PSYoungGen: 171846K->51276K(191488K)] 458726K->360348K(715776K), 0.0056161 secs] [Times: user=0.07 sys=0.01, real=0.00 secs] 
2016-09-25T21:42:19.413-0400: 63.026: [GC (GCLocker Initiated GC) [PSYoungGen: 172108K->47136K(168448K)] 483923K->370518K(692736K), 0.0123788 secs] [Times: user=0.15 sys=0.00, real=0.02 secs] 
2016-09-25T21:42:19.533-0400: 63.146: [GC (GCLocker Initiated GC) [PSYoungGen: 167968K->19927K(187904K)] 503629K->359012K(712192K), 0.0046936 secs] [Times: user=0.03 sys=0.00, real=0.01 secs] 
2016-09-25T21:42:19.637-0400: 63.251: [GC (GCLocker Initiated GC) [PSYoungGen: 138711K->15864K(134656K)] 492803K->381391K(658944K), 0.0261592 secs] [Times: user=0.30 sys=0.00, real=0.03 secs] 
2016-09-25T21:42:19.772-0400: 63.386: [GC (GCLocker Initiated GC) [PSYoungGen: 134648K->50985K(187392K)] 500211K->417307K(711680K), 0.0052335 secs] [Times: user=0.05 sys=0.01, real=0.01 secs] 
2016-09-25T21:42:19.887-0400: 63.500: [GC (GCLocker Initiated GC) [PSYoungGen: 165673K->40159K(155136K)] 538983K->441071K(679424K), 0.0117859 secs] [Times: user=0.13 sys=0.00, real=0.01 secs] 
2016-09-25T21:42:20.007-0400: 63.620: [GC (GCLocker Initiated GC) [PSYoungGen: 154847K->50854K(185856K)] 561300K->457845K(710144K), 0.0274344 secs] [Times: user=0.27 sys=0.01, real=0.02 secs] 
2016-09-25T21:42:20.182-0400: 63.796: [GC (GCLocker Initiated GC) [PSYoungGen: 166054K->49677K(186368K)] 581300K->465491K(710656K), 0.0140256 secs] [Times: user=0.15 sys=0.01, real=0.01 secs] 
2016-09-25T21:42:20.304-0400: 63.917: [GC (GCLocker Initiated GC) [PSYoungGen: 164877K->63199K(181760K)] 580715K->479563K(706048K), 0.0066018 secs] [Times: user=0.07 sys=0.01, real=0.00 secs] 
2016-09-25T21:42:20.400-0400: 64.013: [GC (GCLocker Initiated GC) [PSYoungGen: 173791K->43143K(186368K)] 598310K->470989K(710656K), 0.0249865 secs] [Times: user=0.32 sys=0.02, real=0.03 secs] 
2016-09-25T21:42:20.537-0400: 64.150: [GC (GCLocker Initiated GC) [PSYoungGen: 153735K->41892K(179200K)] 592980K->481837K(703488K), 0.0093082 secs] [Times: user=0.11 sys=0.01, real=0.01 secs] 
2016-09-25T21:42:20.657-0400: 64.270: [GC (GCLocker Initiated GC) [PSYoungGen: 155044K->37668K(183808K)] 603426K->486811K(708096K), 0.0109057 secs] [Times: user=0.12 sys=0.00, real=0.01 secs] 
2016-09-25T21:42:20.774-0400: 64.388: [GC (GCLocker Initiated GC) [PSYoungGen: 150820K->40337K(185856K)] 609490K->499674K(710144K), 0.0331874 secs] [Times: user=0.42 sys=0.00, real=0.03 secs] 
2016-09-25T21:42:20.917-0400: 64.531: [GC (GCLocker Initiated GC) [PSYoungGen: 162705K->48439K(189440K)] 630275K->516670K(713728K), 0.0293955 secs] [Times: user=0.36 sys=0.01, real=0.03 secs] 
2016-09-25T21:42:21.054-0400: 64.667: [GC (GCLocker Initiated GC) [PSYoungGen: 170807K->45709K(190976K)] 643206K->527014K(715264K), 0.0065873 secs] [Times: user=0.06 sys=0.00, real=0.01 secs] 
2016-09-25T21:42:21.179-0400: 64.792: [GC (GCLocker Initiated GC) [PSYoungGen: 173709K->21475K(193024K)] 666083K->525408K(717312K), 0.0518350 secs] [Times: user=0.51 sys=0.02, real=0.05 secs] 
2016-09-25T21:42:21.231-0400: 64.844: [Full GC (Ergonomics) [PSYoungGen: 21475K->0K(193024K)] [ParOldGen: 503932K->243701K(524288K)] 525408K->243701K(717312K), [Metaspace: 43493K->43493K(1085440K)], 0.0770553 secs] [Times: user=0.59 sys=0.02, real=0.08 secs] 
2016-09-25T21:42:21.432-0400: 65.045: [GC (GCLocker Initiated GC) [PSYoungGen: 128000K->40823K(194048K)] 381391K->294215K(718336K), 0.0103010 secs] [Times: user=0.14 sys=0.01, real=0.02 secs] 
2016-09-25T21:42:21.566-0400: 65.179: [GC (GCLocker Initiated GC) [PSYoungGen: 170871K->56630K(186880K)] 427122K->313922K(711168K), 0.0062454 secs] [Times: user=0.08 sys=0.00, real=0.00 secs] 
2016-09-25T21:42:21.674-0400: 65.288: [GC (GCLocker Initiated GC) [PSYoungGen: 186678K->58134K(187904K)] 444047K->329811K(712192K), 0.0070456 secs] [Times: user=0.07 sys=0.01, real=0.00 secs] 
2016-09-25T21:42:21.800-0400: 65.413: [GC (GCLocker Initiated GC) [PSYoungGen: 177942K->55339K(175616K)] 449708K->352279K(699904K), 0.0085012 secs] [Times: user=0.11 sys=0.00, real=0.01 secs] 
2016-09-25T21:42:21.916-0400: 65.529: [GC (GCLocker Initiated GC) [PSYoungGen: 175147K->51323K(190464K)] 476912K->353963K(714752K), 0.0126153 secs] [Times: user=0.16 sys=0.00, real=0.01 secs] 
2016-09-25T21:42:22.061-0400: 65.674: [GC (GCLocker Initiated GC) [PSYoungGen: 169595K->43085K(161792K)] 475139K->349522K(686080K), 0.0070864 secs] [Times: user=0.06 sys=0.00, real=0.01 secs] 
2016-09-25T21:42:22.198-0400: 65.811: [GC (GCLocker Initiated GC) [PSYoungGen: 161357K->51063K(188416K)] 473223K->363630K(712704K), 0.0229751 secs] [Times: user=0.27 sys=0.00, real=0.02 secs] 
2016-09-25T21:42:22.334-0400: 65.947: [GC (GCLocker Initiated GC) [PSYoungGen: 169847K->36180K(187904K)] 487826K->373771K(712192K), 0.0312241 secs] [Times: user=0.33 sys=0.01, real=0.04 secs] 
2016-09-25T21:42:22.510-0400: 66.123: [GC (GCLocker Initiated GC) [PSYoungGen: 154964K->24086K(190464K)] 504728K->374562K(714752K), 0.0259106 secs] [Times: user=0.15 sys=0.03, real=0.03 secs] 
2016-09-25T21:42:22.667-0400: 66.280: [GC (GCLocker Initiated GC) [PSYoungGen: 145942K->33511K(192000K)] 500251K->388604K(716288K), 0.0204053 secs] [Times: user=0.24 sys=0.01, real=0.02 secs] 
2016-09-25T21:42:22.778-0400: 66.391: [GC (GCLocker Initiated GC) [PSYoungGen: 155367K->41578K(186368K)] 515866K->402795K(710656K), 0.0082796 secs] [Times: user=0.09 sys=0.00, real=0.01 secs] 
2016-09-25T21:42:22.942-0400: 66.555: [GC (GCLocker Initiated GC) [PSYoungGen: 164458K->23868K(189440K)] 531108K->391053K(713728K), 0.0066513 secs] [Times: user=0.04 sys=0.00, real=0.01 secs] 
2016-09-25T21:42:23.073-0400: 66.687: [GC (GCLocker Initiated GC) [PSYoungGen: 146748K->37403K(191488K)] 516704K->408045K(715776K), 0.0133104 secs] [Times: user=0.12 sys=0.00, real=0.02 secs] 
2016-09-25T21:42:23.198-0400: 66.811: [GC (GCLocker Initiated GC) [PSYoungGen: 165403K->34896K(193024K)] 541561K->425220K(717312K), 0.0061698 secs] [Times: user=0.06 sys=0.00, real=0.01 secs] 
2016-09-25T21:42:23.311-0400: 66.924: [GC (GCLocker Initiated GC) [PSYoungGen: 162896K->52447K(193536K)] 555937K->446203K(717824K), 0.0102413 secs] [Times: user=0.10 sys=0.00, real=0.01 secs] 
2016-09-25T21:42:23.433-0400: 67.046: [GC (GCLocker Initiated GC) [PSYoungGen: 182495K->33482K(196096K)] 578972K->430602K(720384K), 0.0199793 secs] [Times: user=0.20 sys=0.01, real=0.02 secs] 
2016-09-25T21:42:23.568-0400: 67.182: [GC (GCLocker Initiated GC) [PSYoungGen: 163530K->41585K(192000K)] 563375K->463744K(716288K), 0.0181839 secs] [Times: user=0.10 sys=0.01, real=0.02 secs] 
2016-09-25T21:42:23.699-0400: 67.312: [GC (GCLocker Initiated GC) [PSYoungGen: 173169K->35144K(194560K)] 602867K->465584K(718848K), 0.0165033 secs] [Times: user=0.18 sys=0.00, real=0.02 secs] 
2016-09-25T21:42:23.829-0400: 67.442: [GC (GCLocker Initiated GC) [PSYoungGen: 166728K->46919K(199168K)] 597177K->488951K(723456K), 0.0124745 secs] [Times: user=0.10 sys=0.03, real=0.01 secs] 
2016-09-25T21:42:23.957-0400: 67.570: [GC (GCLocker Initiated GC) [PSYoungGen: 184647K->47210K(199680K)] 629414K->492524K(723968K), 0.0122973 secs] [Times: user=0.11 sys=0.00, real=0.01 secs] 
2016-09-25T21:42:24.095-0400: 67.708: [GC (GCLocker Initiated GC) [PSYoungGen: 184938K->26738K(199680K)] 645144K->498446K(723968K), 0.0165437 secs] [Times: user=0.19 sys=0.01, real=0.01 secs] 
2016-09-25T21:42:24.226-0400: 67.839: [GC (GCLocker Initiated GC) [PSYoungGen: 163954K->61934K(199168K)] 635713K->537153K(723456K), 0.0068178 secs] [Times: user=0.09 sys=0.01, real=0.00 secs] 
2016-09-25T21:42:24.379-0400: 67.992: [GC (GCLocker Initiated GC) [PSYoungGen: 199150K->55189K(182784K)] 677161K->550032K(707072K), 0.0098352 secs] [Times: user=0.13 sys=0.01, real=0.01 secs] 
2016-09-25T21:42:24.489-0400: 68.103: [GC (GCLocker Initiated GC) [PSYoungGen: 174997K->40242K(190976K)] 669954K->557549K(715264K), 0.0065171 secs] [Times: user=0.07 sys=0.01, real=0.01 secs] 
2016-09-25T21:42:24.496-0400: 68.109: [Full GC (Ergonomics) [PSYoungGen: 40242K->0K(190976K)] [ParOldGen: 517306K->256575K(524288K)] 557549K->256575K(715264K), [Metaspace: 43540K->43540K(1085440K)], 0.0651716 secs] [Times: user=0.50 sys=0.02, real=0.06 secs] 
2016-09-25T21:42:24.683-0400: 68.296: [GC (GCLocker Initiated GC) [PSYoungGen: 119808K->37739K(185344K)] 381978K->299910K(709632K), 0.0064591 secs] [Times: user=0.04 sys=0.01, real=0.00 secs] 
2016-09-25T21:42:24.804-0400: 68.417: [GC (GCLocker Initiated GC) [PSYoungGen: 160107K->41626K(189440K)] 427747K->310348K(713728K), 0.0077227 secs] [Times: user=0.07 sys=0.00, real=0.00 secs] 
2016-09-25T21:42:24.921-0400: 68.535: [GC (GCLocker Initiated GC) [PSYoungGen: 163994K->11770K(191488K)] 446519K->313816K(715776K), 0.0114079 secs] [Times: user=0.08 sys=0.00, real=0.01 secs] 
2016-09-25T21:42:25.038-0400: 68.651: [GC (GCLocker Initiated GC) [PSYoungGen: 138746K->33239K(194560K)] 446430K->341606K(718848K), 0.0060636 secs] [Times: user=0.04 sys=0.00, real=0.01 secs] 
2016-09-25T21:42:25.153-0400: 68.766: [GC (GCLocker Initiated GC) [PSYoungGen: 160215K->46869K(193024K)] 474134K->361331K(717312K), 0.0073277 secs] [Times: user=0.05 sys=0.00, real=0.01 secs] 
2016-09-25T21:42:25.277-0400: 68.890: [GC (GCLocker Initiated GC) [PSYoungGen: 175381K->33625K(194560K)] 500673K->375773K(718848K), 0.0156243 secs] [Times: user=0.16 sys=0.01, real=0.01 secs] 
2016-09-25T21:42:25.408-0400: 69.021: [GC (GCLocker Initiated GC) [PSYoungGen: 162137K->48382K(195072K)] 504337K->410155K(719360K), 0.0102025 secs] [Times: user=0.09 sys=0.01, real=0.01 secs] 
2016-09-25T21:42:25.529-0400: 69.143: [GC (GCLocker Initiated GC) [PSYoungGen: 178942K->29518K(196096K)] 553072K->423216K(720384K), 0.0107248 secs] [Times: user=0.13 sys=0.00, real=0.01 secs] 
2016-09-25T21:42:25.647-0400: 69.260: [GC (GCLocker Initiated GC) [PSYoungGen: 160078K->36074K(190976K)] 555517K->432210K(715264K), 0.0126090 secs] [Times: user=0.11 sys=0.00, real=0.01 secs] 
2016-09-25T21:42:25.765-0400: 69.378: [GC (GCLocker Initiated GC) [PSYoungGen: 167658K->60442K(192512K)] 563824K->459946K(716800K), 0.0145364 secs] [Times: user=0.15 sys=0.01, real=0.01 secs] 
2016-09-25T21:42:25.897-0400: 69.511: [GC (Allocation Failure) [PSYoungGen: 192026K->39035K(196096K)] 597007K->452782K(720384K), 0.0218553 secs] [Times: user=0.23 sys=0.02, real=0.02 secs] 
2016-09-25T21:42:25.920-0400: 69.533: [GC (GCLocker Initiated GC) [PSYoungGen: 39702K->224K(128000K)] 453449K->455330K(652288K), 0.0127163 secs] [Times: user=0.05 sys=0.01, real=0.01 secs] 
2016-09-25T21:42:26.049-0400: 69.662: [GC (GCLocker Initiated GC) [PSYoungGen: 126212K->46137K(190976K)] 584019K->503952K(715264K), 0.0079281 secs] [Times: user=0.07 sys=0.02, real=0.01 secs] 
2016-09-25T21:42:26.168-0400: 69.781: [GC (GCLocker Initiated GC) [PSYoungGen: 166969K->49800K(171008K)] 627842K->511845K(695296K), 0.0242151 secs] [Times: user=0.29 sys=0.00, real=0.02 secs] 
2016-09-25T21:42:26.313-0400: 69.927: [GC (GCLocker Initiated GC) [PSYoungGen: 170632K->33473K(192512K)] 640809K->515098K(716800K), 0.0281096 secs] [Times: user=0.30 sys=0.00, real=0.03 secs] 
2016-09-25T21:42:26.455-0400: 70.069: [Full GC (Ergonomics) [PSYoungGen: 154305K->0K(192512K)] [ParOldGen: 498006K->273651K(524288K)] 652312K->273651K(716800K), [Metaspace: 43549K->43549K(1085440K)], 0.0612209 secs] [Times: user=0.43 sys=0.01, real=0.06 secs] 
2016-09-25T21:42:26.616-0400: 70.229: [GC (GCLocker Initiated GC) [PSYoungGen: 120832K->49767K(190464K)] 397358K->326293K(714752K), 0.0105846 secs] [Times: user=0.09 sys=0.00, real=0.01 secs] 
2016-09-25T21:42:26.739-0400: 70.353: [GC (GCLocker Initiated GC) [PSYoungGen: 170599K->49670K(190464K)] 449877K->329779K(714752K), 0.0108777 secs] [Times: user=0.14 sys=0.00, real=0.01 secs] 
2016-09-25T21:42:26.865-0400: 70.479: [GC (GCLocker Initiated GC) [PSYoungGen: 169478K->49745K(169984K)] 449751K->330584K(694272K), 0.0093899 secs] [Times: user=0.12 sys=0.00, real=0.01 secs] 
2016-09-25T21:42:27.002-0400: 70.616: [GC (GCLocker Initiated GC) [PSYoungGen: 169553K->40177K(193024K)] 455856K->327145K(717312K), 0.0095629 secs] [Times: user=0.07 sys=0.01, real=0.00 secs] 
2016-09-25T21:42:27.115-0400: 70.729: [GC (GCLocker Initiated GC) [PSYoungGen: 161521K->42973K(164352K)] 451241K->336100K(688640K), 0.0119967 secs] [Times: user=0.11 sys=0.00, real=0.01 secs] 
2016-09-25T21:42:27.266-0400: 70.879: [GC (GCLocker Initiated GC) [PSYoungGen: 164317K->37691K(189440K)] 460213K->347818K(713728K), 0.0132404 secs] [Times: user=0.13 sys=0.00, real=0.01 secs] 
2016-09-25T21:42:27.410-0400: 71.024: [GC (GCLocker Initiated GC) [PSYoungGen: 160571K->36279K(187904K)] 473414K->360622K(712192K), 0.0293553 secs] [Times: user=0.33 sys=0.00, real=0.03 secs] 
2016-09-25T21:42:27.544-0400: 71.157: [GC (GCLocker Initiated GC) [PSYoungGen: 159159K->30900K(194560K)] 488939K->364183K(718848K), 0.0110188 secs] [Times: user=0.09 sys=0.00, real=0.01 secs] 
2016-09-25T21:42:27.693-0400: 71.306: [GC (GCLocker Initiated GC) [PSYoungGen: 161972K->21388K(194048K)] 504843K->365155K(718336K), 0.0073294 secs] [Times: user=0.07 sys=0.00, real=0.01 secs] 
2016-09-25T21:42:27.855-0400: 71.468: [GC (GCLocker Initiated GC) [PSYoungGen: 152460K->44393K(198656K)] 501678K->394485K(722944K), 0.0097398 secs] [Times: user=0.08 sys=0.00, real=0.01 secs] 
2016-09-25T21:42:27.973-0400: 71.587: [GC (GCLocker Initiated GC) [PSYoungGen: 179561K->55469K(190976K)] 532435K->409248K(715264K), 0.0073284 secs] [Times: user=0.06 sys=0.01, real=0.02 secs] 
2016-09-25T21:42:28.124-0400: 71.737: [GC (GCLocker Initiated GC) [PSYoungGen: 190637K->48546K(194048K)] 544665K->411663K(718336K), 0.0070984 secs] [Times: user=0.05 sys=0.01, real=0.00 secs] 
2016-09-25T21:42:28.242-0400: 71.855: [GC (GCLocker Initiated GC) [PSYoungGen: 175522K->55325K(182784K)] 538679K->419395K(707072K), 0.0179121 secs] [Times: user=0.19 sys=0.01, real=0.02 secs] 
2016-09-25T21:42:28.386-0400: 72.000: [GC (GCLocker Initiated GC) [PSYoungGen: 182301K->40413K(194048K)] 549076K->421565K(718336K), 0.0143979 secs] [Times: user=0.16 sys=0.00, real=0.01 secs] 
2016-09-25T21:42:28.522-0400: 72.135: [GC (GCLocker Initiated GC) [PSYoungGen: 164317K->46127K(170496K)] 556329K->439058K(694784K), 0.0091381 secs] [Times: user=0.11 sys=0.01, real=0.01 secs] 
2016-09-25T21:42:28.646-0400: 72.259: [GC (GCLocker Initiated GC) [PSYoungGen: 170031K->40422K(193024K)] 565681K->453269K(717312K), 0.0211782 secs] [Times: user=0.17 sys=0.01, real=0.02 secs] 
2016-09-25T21:42:28.793-0400: 72.406: [GC (GCLocker Initiated GC) [PSYoungGen: 166374K->45838K(190976K)] 584649K->464969K(715264K), 0.0095630 secs] [Times: user=0.06 sys=0.00, real=0.02 secs] 
2016-09-25T21:42:28.928-0400: 72.542: [GC (GCLocker Initiated GC) [PSYoungGen: 171790K->20375K(192512K)] 608595K->471648K(716800K), 0.0066060 secs] [Times: user=0.06 sys=0.00, real=0.01 secs] 
2016-09-25T21:42:29.063-0400: 72.677: [GC (GCLocker Initiated GC) [PSYoungGen: 148887K->37535K(194048K)] 604497K->494301K(718336K), 0.0108584 secs] [Times: user=0.07 sys=0.01, real=0.01 secs] 
2016-09-25T21:42:29.203-0400: 72.816: [GC (GCLocker Initiated GC) [PSYoungGen: 166047K->29921K(196096K)] 631717K->496445K(720384K), 0.0231210 secs] [Times: user=0.21 sys=0.00, real=0.02 secs] 
2016-09-25T21:42:29.354-0400: 72.967: [GC (GCLocker Initiated GC) [PSYoungGen: 163041K->23124K(196096K)] 635564K->515641K(720384K), 0.0139561 secs] [Times: user=0.12 sys=0.00, real=0.02 secs] 
2016-09-25T21:42:29.485-0400: 73.098: [Full GC (Ergonomics) [PSYoungGen: 156244K->0K(196096K)] [ParOldGen: 504669K->288925K(524288K)] 660914K->288925K(720384K), [Metaspace: 43565K->43565K(1085440K)], 0.0811326 secs] [Times: user=0.53 sys=0.02, real=0.08 secs] 
2016-09-25T21:42:29.709-0400: 73.322: [GC (GCLocker Initiated GC) [PSYoungGen: 133120K->42482K(197632K)] 430256K->339618K(721920K), 0.0069554 secs] [Times: user=0.07 sys=0.00, real=0.01 secs] 
2016-09-25T21:42:29.842-0400: 73.455: [GC (GCLocker Initiated GC) [PSYoungGen: 178162K->52807K(188928K)] 475329K->352807K(713216K), 0.0219075 secs] [Times: user=0.24 sys=0.02, real=0.03 secs] 
2016-09-25T21:42:30.006-0400: 73.619: [GC (GCLocker Initiated GC) [PSYoungGen: 188487K->26995K(197120K)] 488504K->349607K(721408K), 0.0053807 secs] [Times: user=0.04 sys=0.00, real=0.00 secs] 
2016-09-25T21:42:30.135-0400: 73.748: [GC (GCLocker Initiated GC) [PSYoungGen: 158579K->28486K(160256K)] 488042K->361618K(684544K), 0.0085740 secs] [Times: user=0.06 sys=0.00, real=0.01 secs] 
2016-09-25T21:42:30.259-0400: 73.872: [GC (GCLocker Initiated GC) [PSYoungGen: 160070K->30918K(197120K)] 498630K->373232K(721408K), 0.0053360 secs] [Times: user=0.03 sys=0.00, real=0.01 secs] 
2016-09-25T21:42:30.376-0400: 73.990: [GC (GCLocker Initiated GC) [PSYoungGen: 164038K->44749K(195584K)] 509295K->415333K(719872K), 0.0077268 secs] [Times: user=0.12 sys=0.00, real=0.01 secs] 
2016-09-25T21:42:30.501-0400: 74.114: [GC (GCLocker Initiated GC) [PSYoungGen: 177869K->47214K(197120K)] 548553K->418951K(721408K), 0.0100451 secs] [Times: user=0.09 sys=0.00, real=0.01 secs] 
2016-09-25T21:42:30.642-0400: 74.255: [GC (GCLocker Initiated GC) [PSYoungGen: 181358K->27243K(198144K)] 565274K->430946K(722432K), 0.0181605 secs] [Times: user=0.17 sys=0.01, real=0.02 secs] 
2016-09-25T21:42:30.774-0400: 74.387: [GC (GCLocker Initiated GC) [PSYoungGen: 161387K->51357K(193536K)] 565336K->467315K(717824K), 0.0143877 secs] [Times: user=0.16 sys=0.00, real=0.01 secs] 
2016-09-25T21:42:30.906-0400: 74.520: [GC (GCLocker Initiated GC) [PSYoungGen: 181405K->63536K(194048K)] 597397K->485919K(718336K), 0.0210953 secs] [Times: user=0.22 sys=0.00, real=0.02 secs] 
2016-09-25T21:42:31.049-0400: 74.662: [GC (GCLocker Initiated GC) [PSYoungGen: 193584K->43257K(189952K)] 616111K->491080K(714240K), 0.0115609 secs] [Times: user=0.14 sys=0.01, real=0.01 secs] 
2016-09-25T21:42:31.185-0400: 74.798: [GC (GCLocker Initiated GC) [PSYoungGen: 165113K->41831K(163840K)] 615863K->504347K(688128K), 0.0066992 secs] [Times: user=0.09 sys=0.00, real=0.00 secs] 
2016-09-25T21:42:31.302-0400: 74.915: [GC (GCLocker Initiated GC) [PSYoungGen: 163687K->43284K(193536K)] 638456K->518887K(717824K), 0.0072123 secs] [Times: user=0.07 sys=0.01, real=0.00 secs] 
2016-09-25T21:42:31.431-0400: 75.044: [Full GC (Ergonomics) [PSYoungGen: 169236K->0K(193536K)] [ParOldGen: 498602K->310122K(524288K)] 667838K->310122K(717824K), [Metaspace: 43565K->43565K(1085440K)], 0.0624988 secs] [Times: user=0.37 sys=0.00, real=0.06 secs] 
2016-09-25T21:42:31.647-0400: 75.260: [GC (GCLocker Initiated GC) [PSYoungGen: 125952K->47545K(191488K)] 444268K->365861K(715776K), 0.0072241 secs] [Times: user=0.05 sys=0.00, real=0.00 secs] 
2016-09-25T21:42:31.779-0400: 75.392: [GC (GCLocker Initiated GC) [PSYoungGen: 173497K->63507K(185344K)] 495880K->390941K(709632K), 0.0169386 secs] [Times: user=0.15 sys=0.01, real=0.02 secs] 
2016-09-25T21:42:31.923-0400: 75.536: [GC (GCLocker Initiated GC) [PSYoungGen: 183315K->37703K(190976K)] 513557K->385012K(715264K), 0.0167777 secs] [Times: user=0.14 sys=0.00, real=0.01 secs] 
2016-09-25T21:42:32.082-0400: 75.695: [GC (GCLocker Initiated GC) [PSYoungGen: 157511K->40555K(185344K)] 508910K->398152K(709632K), 0.0175613 secs] [Times: user=0.17 sys=0.00, real=0.02 secs] 
2016-09-25T21:42:32.235-0400: 75.848: [GC (GCLocker Initiated GC) [PSYoungGen: 161899K->29663K(188928K)] 523660K->416621K(713216K), 0.0127941 secs] [Times: user=0.12 sys=0.00, real=0.01 secs] 
2016-09-25T21:42:32.367-0400: 75.980: [GC (GCLocker Initiated GC) [PSYoungGen: 151007K->24201K(193536K)] 547778K->421845K(717824K), 0.0297273 secs] [Times: user=0.39 sys=0.00, real=0.03 secs] 
2016-09-25T21:42:32.521-0400: 76.134: [GC (GCLocker Initiated GC) [PSYoungGen: 150153K->47277K(194048K)] 554696K->452623K(718336K), 0.0056861 secs] [Times: user=0.08 sys=0.00, real=0.01 secs] 
2016-09-25T21:42:32.652-0400: 76.265: [GC (GCLocker Initiated GC) [PSYoungGen: 173229K->36196K(190976K)] 581281K->455913K(715264K), 0.0127967 secs] [Times: user=0.10 sys=0.01, real=0.02 secs] 
2016-09-25T21:42:32.774-0400: 76.387: [GC (GCLocker Initiated GC) [PSYoungGen: 162660K->41752K(192512K)] 587824K->467660K(716800K), 0.0152618 secs] [Times: user=0.18 sys=0.00, real=0.02 secs] 
2016-09-25T21:42:32.930-0400: 76.543: [GC (GCLocker Initiated GC) [PSYoungGen: 168216K->49718K(194560K)] 594205K->476526K(718848K), 0.0105716 secs] [Times: user=0.09 sys=0.01, real=0.01 secs] 
2016-09-25T21:42:33.065-0400: 76.678: [GC (GCLocker Initiated GC) [PSYoungGen: 180278K->40426K(195584K)] 609908K->492486K(719872K), 0.0065049 secs] [Times: user=0.07 sys=0.01, real=0.00 secs] 
2016-09-25T21:42:33.201-0400: 76.815: [GC (GCLocker Initiated GC) [PSYoungGen: 170986K->40289K(194048K)] 625798K->495842K(718336K), 0.0072914 secs] [Times: user=0.07 sys=0.00, real=0.01 secs] 
2016-09-25T21:42:33.314-0400: 76.927: [GC (GCLocker Initiated GC) [PSYoungGen: 174433K->44437K(195072K)] 629997K->500748K(719360K), 0.0057272 secs] [Times: user=0.05 sys=0.00, real=0.01 secs] 
2016-09-25T21:42:33.435-0400: 77.049: [GC (GCLocker Initiated GC) [PSYoungGen: 178581K->43312K(199168K)] 634922K->500569K(723456K), 0.0054770 secs] [Times: user=0.04 sys=0.00, real=0.00 secs] 
2016-09-25T21:42:33.563-0400: 77.177: [GC (GCLocker Initiated GC) [PSYoungGen: 184624K->14936K(200192K)] 648984K->491238K(724480K), 0.0084950 secs] [Times: user=0.08 sys=0.01, real=0.00 secs] 
2016-09-25T21:42:33.685-0400: 77.299: [GC (GCLocker Initiated GC) [PSYoungGen: 156248K->20433K(198144K)] 639425K->510230K(722432K), 0.0052740 secs] [Times: user=0.05 sys=0.00, real=0.00 secs] 
2016-09-25T21:42:33.793-0400: 77.407: [GC (GCLocker Initiated GC) [PSYoungGen: 156625K->31108K(167424K)] 651899K->527595K(691712K), 0.0067049 secs] [Times: user=0.04 sys=0.00, real=0.01 secs] 
2016-09-25T21:42:33.901-0400: 77.515: [GC (GCLocker Initiated GC) [PSYoungGen: 167300K->59717K(188416K)] 663924K->560258K(712704K), 0.0128744 secs] [Times: user=0.15 sys=0.01, real=0.02 secs] 
2016-09-25T21:42:33.914-0400: 77.528: [Full GC (Ergonomics) [PSYoungGen: 59717K->0K(188416K)] [ParOldGen: 500540K->317916K(524288K)] 560258K->317916K(712704K), [Metaspace: 43641K->43641K(1085440K)], 0.0519849 secs] [Times: user=0.35 sys=0.01, real=0.05 secs] 
2016-09-25T21:42:34.061-0400: 77.675: [GC (GCLocker Initiated GC) [PSYoungGen: 126976K->38374K(194560K)] 447670K->359068K(718848K), 0.0050297 secs] [Times: user=0.04 sys=0.00, real=0.01 secs] 
2016-09-25T21:42:34.164-0400: 77.777: [GC (GCLocker Initiated GC) [PSYoungGen: 165350K->39364K(187392K)] 491619K->367094K(711680K), 0.0071539 secs] [Times: user=0.06 sys=0.00, real=0.00 secs] 
2016-09-25T21:42:34.268-0400: 77.881: [GC (GCLocker Initiated GC) [PSYoungGen: 169412K->50038K(192512K)] 499975K->381741K(716800K), 0.0068975 secs] [Times: user=0.08 sys=0.00, real=0.01 secs] 
2016-09-25T21:42:34.370-0400: 77.983: [GC (GCLocker Initiated GC) [PSYoungGen: 180086K->32361K(198656K)] 514527K->370451K(722944K), 0.0176160 secs] [Times: user=0.14 sys=0.00, real=0.02 secs] 
2016-09-25T21:42:34.484-0400: 78.098: [GC (GCLocker Initiated GC) [PSYoungGen: 167529K->48757K(198144K)] 505764K->388015K(722432K), 0.0095653 secs] [Times: user=0.12 sys=0.00, real=0.00 secs] 
2016-09-25T21:42:34.594-0400: 78.207: [GC (GCLocker Initiated GC) [PSYoungGen: 183925K->40555K(196096K)] 527269K->387657K(720384K), 0.0215731 secs] [Times: user=0.20 sys=0.00, real=0.03 secs] 
2016-09-25T21:42:34.714-0400: 78.327: [GC (GCLocker Initiated GC) [PSYoungGen: 175723K->43508K(197120K)] 528287K->418805K(721408K), 0.0070891 secs] [Times: user=0.09 sys=0.00, real=0.01 secs] 
2016-09-25T21:42:34.826-0400: 78.440: [GC (GCLocker Initiated GC) [PSYoungGen: 178676K->31206K(199168K)] 553976K->407640K(723456K), 0.0208122 secs] [Times: user=0.27 sys=0.01, real=0.02 secs] 
2016-09-25T21:42:34.945-0400: 78.558: [GC (GCLocker Initiated GC) [PSYoungGen: 170470K->39273K(199680K)] 549637K->419489K(723968K), 0.0059657 secs] [Times: user=0.06 sys=0.00, real=0.00 secs] 
2016-09-25T21:42:35.050-0400: 78.664: [GC (GCLocker Initiated GC) [PSYoungGen: 178537K->27140K(199680K)] 564207K->435572K(723968K), 0.0065576 secs] [Times: user=0.05 sys=0.00, real=0.01 secs] 
2016-09-25T21:42:35.159-0400: 78.772: [GC (GCLocker Initiated GC) [PSYoungGen: 168452K->48794K(200192K)] 579777K->461194K(724480K), 0.0088999 secs] [Times: user=0.11 sys=0.00, real=0.01 secs] 
2016-09-25T21:42:35.279-0400: 78.893: [GC (GCLocker Initiated GC) [PSYoungGen: 190106K->35516K(202240K)] 610620K->457166K(726528K), 0.0050431 secs] [Times: user=0.05 sys=0.00, real=0.01 secs] 
2016-09-25T21:42:35.396-0400: 79.009: [GC (GCLocker Initiated GC) [PSYoungGen: 177852K->54291K(197120K)] 602340K->480026K(721408K), 0.0070890 secs] [Times: user=0.09 sys=0.00, real=0.01 secs] 
2016-09-25T21:42:35.510-0400: 79.123: [GC (GCLocker Initiated GC) [PSYoungGen: 196627K->39643K(201216K)] 633302K->480162K(725504K), 0.0083386 secs] [Times: user=0.12 sys=0.00, real=0.01 secs] 
2016-09-25T21:42:35.630-0400: 79.244: [GC (GCLocker Initiated GC) [PSYoungGen: 177883K->55739K(194048K)] 621343K->500579K(718336K), 0.0061995 secs] [Times: user=0.06 sys=0.00, real=0.01 secs] 
2016-09-25T21:42:35.749-0400: 79.362: [GC (GCLocker Initiated GC) [PSYoungGen: 193979K->50654K(195584K)] 638981K->497027K(719872K), 0.0134831 secs] [Times: user=0.20 sys=0.00, real=0.02 secs] 
2016-09-25T21:42:35.867-0400: 79.480: [GC (GCLocker Initiated GC) [PSYoungGen: 181726K->41189K(172544K)] 630955K->491905K(696832K), 0.0055115 secs] [Times: user=0.05 sys=0.01, real=0.00 secs] 
2016-09-25T21:42:35.979-0400: 79.592: [GC (GCLocker Initiated GC) [PSYoungGen: 172261K->32730K(196096K)] 628532K->490441K(720384K), 0.0086636 secs] [Times: user=0.06 sys=0.00, real=0.01 secs] 
2016-09-25T21:42:36.088-0400: 79.701: [GC (GCLocker Initiated GC) [PSYoungGen: 165338K->40922K(195584K)] 623074K->513438K(719872K), 0.0201076 secs] [Times: user=0.21 sys=0.01, real=0.02 secs] 
2016-09-25T21:42:36.224-0400: 79.837: [GC (GCLocker Initiated GC) [PSYoungGen: 173530K->42370K(197632K)] 646067K->537967K(721920K), 0.0081925 secs] [Times: user=0.09 sys=0.00, real=0.00 secs] 
2016-09-25T21:42:36.329-0400: 79.942: [GC (GCLocker Initiated GC) [PSYoungGen: 179586K->34204K(196608K)] 677952K->550193K(720896K), 0.0134494 secs] [Times: user=0.14 sys=0.00, real=0.02 secs] 
2016-09-25T21:42:36.342-0400: 79.956: [Full GC (Ergonomics) [PSYoungGen: 34204K->0K(196608K)] [ParOldGen: 515988K->339385K(524288K)] 550193K->339385K(720896K), [Metaspace: 43661K->43661K(1087488K)], 0.0578635 secs] [Times: user=0.35 sys=0.01, real=0.05 secs] 
2016-09-25T21:42:36.507-0400: 80.120: [GC (GCLocker Initiated GC) [PSYoungGen: 137216K->37441K(201728K)] 480762K->380988K(726016K), 0.0065422 secs] [Times: user=0.05 sys=0.00, real=0.00 secs] 
2016-09-25T21:42:36.629-0400: 80.243: [GC (GCLocker Initiated GC) [PSYoungGen: 180801K->35928K(201216K)] 524551K->400511K(725504K), 0.0221519 secs] [Times: user=0.28 sys=0.01, real=0.02 secs] 
2016-09-25T21:42:36.760-0400: 80.374: [GC (GCLocker Initiated GC) [PSYoungGen: 179288K->56274K(196096K)] 550676K->434728K(720384K), 0.0110632 secs] [Times: user=0.15 sys=0.00, real=0.01 secs] 
2016-09-25T21:42:36.880-0400: 80.493: [GC (GCLocker Initiated GC) [PSYoungGen: 195538K->60232K(199680K)] 579437K->472901K(723968K), 0.0075174 secs] [Times: user=0.11 sys=0.00, real=0.01 secs] 
2016-09-25T21:42:37.015-0400: 80.628: [GC (GCLocker Initiated GC) [PSYoungGen: 199496K->56124K(187392K)] 612407K->495005K(711680K), 0.0086289 secs] [Times: user=0.08 sys=0.00, real=0.01 secs] 
2016-09-25T21:42:37.128-0400: 80.741: [GC (GCLocker Initiated GC) [PSYoungGen: 181052K->45196K(193536K)] 619953K->485693K(717824K), 0.0063637 secs] [Times: user=0.07 sys=0.00, real=0.01 secs] 
2016-09-25T21:42:37.266-0400: 80.879: [GC (GCLocker Initiated GC) [PSYoungGen: 170124K->32854K(190464K)] 617378K->481697K(714752K), 0.0049692 secs] [Times: user=0.05 sys=0.01, real=0.00 secs] 
2016-09-25T21:42:37.368-0400: 80.981: [GC (GCLocker Initiated GC) [PSYoungGen: 159830K->33013K(193024K)] 610179K->484726K(717312K), 0.0198800 secs] [Times: user=0.28 sys=0.00, real=0.02 secs] 
2016-09-25T21:42:37.488-0400: 81.101: [GC (GCLocker Initiated GC) [PSYoungGen: 159989K->36781K(193024K)] 611712K->489932K(717312K), 0.0099578 secs] [Times: user=0.13 sys=0.00, real=0.01 secs] 
2016-09-25T21:42:37.609-0400: 81.222: [GC (GCLocker Initiated GC) [PSYoungGen: 166829K->42298K(194560K)] 628446K->505212K(718848K), 0.0060717 secs] [Times: user=0.05 sys=0.00, real=0.01 secs] 
2016-09-25T21:42:37.728-0400: 81.342: [GC (GCLocker Initiated GC) [PSYoungGen: 172346K->30156K(197120K)] 640691K->499987K(721408K), 0.0049805 secs] [Times: user=0.05 sys=0.00, real=0.00 secs] 
2016-09-25T21:42:37.855-0400: 81.468: [GC (GCLocker Initiated GC) [PSYoungGen: 164812K->27322K(197120K)] 638704K->521401K(721408K), 0.0060451 secs] [Times: user=0.06 sys=0.00, real=0.00 secs] 
2016-09-25T21:42:37.861-0400: 81.474: [Full GC (Ergonomics) [PSYoungGen: 27322K->0K(197120K)] [ParOldGen: 494078K->353941K(524288K)] 521401K->353941K(721408K), [Metaspace: 43764K->43764K(1087488K)], 0.0550390 secs] [Times: user=0.50 sys=0.03, real=0.06 secs] 
2016-09-25T21:42:38.019-0400: 81.632: [GC (GCLocker Initiated GC) [PSYoungGen: 134656K->45387K(199680K)] 495353K->406092K(723968K), 0.0060978 secs] [Times: user=0.08 sys=0.00, real=0.01 secs] 
2016-09-25T21:42:38.136-0400: 81.749: [GC (GCLocker Initiated GC) [PSYoungGen: 182603K->38091K(175616K)] 548798K->408677K(699904K), 0.0081270 secs] [Times: user=0.08 sys=0.01, real=0.01 secs] 
2016-09-25T21:42:38.246-0400: 81.860: [GC (GCLocker Initiated GC) [PSYoungGen: 175307K->35262K(198656K)] 547736K->408884K(722944K), 0.0072852 secs] [Times: user=0.06 sys=0.00, real=0.00 secs] 
2016-09-25T21:42:38.358-0400: 81.972: [GC (GCLocker Initiated GC) [PSYoungGen: 173502K->53162K(197632K)] 547144K->428037K(721920K), 0.0058152 secs] [Times: user=0.07 sys=0.00, real=0.01 secs] 
2016-09-25T21:42:38.478-0400: 82.091: [GC (GCLocker Initiated GC) [PSYoungGen: 191402K->32854K(200704K)] 575828K->429422K(724992K), 0.0111231 secs] [Times: user=0.15 sys=0.00, real=0.01 secs] 
2016-09-25T21:42:38.592-0400: 82.205: [GC (GCLocker Initiated GC) [PSYoungGen: 171094K->43498K(181760K)] 575894K->449678K(706048K), 0.0097958 secs] [Times: user=0.14 sys=0.00, real=0.01 secs] 
2016-09-25T21:42:38.714-0400: 82.327: [GC (GCLocker Initiated GC) [PSYoungGen: 181738K->35738K(200704K)] 606971K->462116K(724992K), 0.0057625 secs] [Times: user=0.05 sys=0.00, real=0.01 secs] 
2016-09-25T21:42:38.844-0400: 82.457: [GC (GCLocker Initiated GC) [PSYoungGen: 175514K->38161K(199168K)] 614232K->478331K(723456K), 0.0401269 secs] [Times: user=0.43 sys=0.00, real=0.04 secs] 
2016-09-25T21:42:39.004-0400: 82.617: [GC (GCLocker Initiated GC) [PSYoungGen: 177937K->42273K(200192K)] 626296K->491851K(724480K), 0.0094760 secs] [Times: user=0.11 sys=0.00, real=0.00 secs] 
2016-09-25T21:42:39.114-0400: 82.727: [GC (GCLocker Initiated GC) [PSYoungGen: 184609K->43365K(199680K)] 637109K->497222K(723968K), 0.0132044 secs] [Times: user=0.14 sys=0.00, real=0.02 secs] 
2016-09-25T21:42:39.244-0400: 82.857: [GC (GCLocker Initiated GC) [PSYoungGen: 185701K->13776K(200192K)] 659844K->489066K(724480K), 0.0036807 secs] [Times: user=0.04 sys=0.00, real=0.00 secs] 
2016-09-25T21:42:39.347-0400: 82.961: [GC (GCLocker Initiated GC) [PSYoungGen: 157136K->39221K(202752K)] 632549K->526685K(727040K), 0.0239934 secs] [Times: user=0.27 sys=0.01, real=0.02 secs] 
2016-09-25T21:42:39.473-0400: 83.086: [GC (GCLocker Initiated GC) [PSYoungGen: 182581K->37950K(197632K)] 671435K->527825K(721920K), 0.0102315 secs] [Times: user=0.10 sys=0.00, real=0.02 secs] 
2016-09-25T21:42:39.584-0400: 83.197: [GC (GCLocker Initiated GC) [PSYoungGen: 182846K->43234K(200704K)] 672940K->542512K(724992K), 0.0194042 secs] [Times: user=0.20 sys=0.00, real=0.02 secs] 
2016-09-25T21:42:39.712-0400: 83.325: [GC (GCLocker Initiated GC) [PSYoungGen: 188130K->42100K(205824K)] 690113K->553223K(730112K), 0.0108382 secs] [Times: user=0.14 sys=0.00, real=0.02 secs] 
2016-09-25T21:42:39.723-0400: 83.336: [Full GC (Ergonomics) [PSYoungGen: 42100K->0K(205824K)] [ParOldGen: 511122K->371294K(524288K)] 553223K->371294K(730112K), [Metaspace: 43789K->43789K(1087488K)], 0.0552529 secs] [Times: user=0.34 sys=0.01, real=0.05 secs] 
2016-09-25T21:42:39.883-0400: 83.496: [GC (Allocation Failure) [PSYoungGen: 150016K->54381K(204800K)] 521433K->436598K(729088K), 0.0228601 secs] [Times: user=0.33 sys=0.00, real=0.02 secs] 
2016-09-25T21:42:39.907-0400: 83.520: [GC (GCLocker Initiated GC) [PSYoungGen: 54910K->192K(189440K)] 437127K->443220K(713728K), 0.0056010 secs] [Times: user=0.06 sys=0.00, real=0.00 secs] 
2016-09-25T21:42:40.016-0400: 83.629: [GC (GCLocker Initiated GC) [PSYoungGen: 132288K->50310K(182784K)] 575323K->493354K(707072K), 0.0114778 secs] [Times: user=0.15 sys=0.00, real=0.01 secs] 
2016-09-25T21:42:40.133-0400: 83.747: [GC (GCLocker Initiated GC) [PSYoungGen: 182406K->44713K(195072K)] 630893K->497186K(719360K), 0.0115611 secs] [Times: user=0.13 sys=0.00, real=0.02 secs] 
2016-09-25T21:42:40.260-0400: 83.873: [GC (GCLocker Initiated GC) [PSYoungGen: 172713K->27159K(155648K)] 640144K->498364K(679936K), 0.0358737 secs] [Times: user=0.38 sys=0.01, real=0.04 secs] 
2016-09-25T21:42:40.415-0400: 84.029: [GC (GCLocker Initiated GC) [PSYoungGen: 155159K->36679K(197120K)] 631987K->514673K(721408K), 0.0106519 secs] [Times: user=0.12 sys=0.00, real=0.01 secs] 
2016-09-25T21:42:40.523-0400: 84.137: [GC (GCLocker Initiated GC) [PSYoungGen: 167751K->46032K(194048K)] 648653K->528065K(718336K), 0.0068768 secs] [Times: user=0.04 sys=0.00, real=0.00 secs] 
2016-09-25T21:42:40.634-0400: 84.247: [GC (GCLocker Initiated GC) [PSYoungGen: 177104K->33850K(197120K)] 664738K->522509K(721408K), 0.0099458 secs] [Times: user=0.09 sys=0.00, real=0.02 secs] 
2016-09-25T21:42:40.741-0400: 84.355: [GC (GCLocker Initiated GC) [PSYoungGen: 169018K->36519K(197120K)] 660762K->529313K(721408K), 0.0059103 secs] [Times: user=0.05 sys=0.00, real=0.01 secs] 
2016-09-25T21:42:40.842-0400: 84.455: [Full GC (Ergonomics) [PSYoungGen: 171687K->0K(197120K)] [ParOldGen: 495679K->357261K(524288K)] 667366K->357261K(721408K), [Metaspace: 43790K->43790K(1087488K)], 0.2359179 secs] [Times: user=2.84 sys=0.02, real=0.24 secs] 
2016-09-25T21:42:41.192-0400: 84.805: [GC (GCLocker Initiated GC) [PSYoungGen: 135168K->39575K(198656K)] 497847K->402255K(722944K), 0.0224772 secs] [Times: user=0.34 sys=0.00, real=0.03 secs] 
2016-09-25T21:42:41.315-0400: 84.929: [GC (GCLocker Initiated GC) [PSYoungGen: 179351K->44720K(198144K)] 547485K->416929K(722432K), 0.0101482 secs] [Times: user=0.09 sys=0.00, real=0.01 secs] 
2016-09-25T21:42:41.436-0400: 85.049: [GC (GCLocker Initiated GC) [PSYoungGen: 184496K->42019K(203264K)] 556712K->415371K(727552K), 0.0053097 secs] [Times: user=0.07 sys=0.00, real=0.00 secs] 
2016-09-25T21:42:41.549-0400: 85.162: [GC (GCLocker Initiated GC) [PSYoungGen: 186915K->20689K(165888K)] 568722K->403543K(690176K), 0.0161883 secs] [Times: user=0.21 sys=0.00, real=0.02 secs] 
2016-09-25T21:42:41.673-0400: 85.286: [GC (GCLocker Initiated GC) [PSYoungGen: 165585K->35080K(204800K)] 548546K->419278K(729088K), 0.0137248 secs] [Times: user=0.13 sys=0.00, real=0.02 secs] 
2016-09-25T21:42:41.808-0400: 85.421: [GC (GCLocker Initiated GC) [PSYoungGen: 180488K->26944K(202752K)] 567561K->433943K(727040K), 0.0274608 secs] [Times: user=0.29 sys=0.00, real=0.03 secs] 
2016-09-25T21:42:41.940-0400: 85.553: [GC (GCLocker Initiated GC) [PSYoungGen: 172352K->43312K(202240K)] 582055K->454046K(726528K), 0.0123388 secs] [Times: user=0.16 sys=0.00, real=0.01 secs] 
2016-09-25T21:42:42.051-0400: 85.664: [GC (GCLocker Initiated GC) [PSYoungGen: 188208K->42098K(202752K)] 604392K->459361K(727040K), 0.0090976 secs] [Times: user=0.11 sys=0.00, real=0.01 secs] 
2016-09-25T21:42:42.181-0400: 85.794: [GC (GCLocker Initiated GC) [PSYoungGen: 186994K->35475K(200192K)] 607012K->456627K(724480K), 0.0104272 secs] [Times: user=0.13 sys=0.00, real=0.01 secs] 
2016-09-25T21:42:42.312-0400: 85.926: [GC (GCLocker Initiated GC) [PSYoungGen: 181907K->26993K(202240K)] 605800K->473723K(726528K), 0.0182364 secs] [Times: user=0.21 sys=0.01, real=0.02 secs] 
2016-09-25T21:42:42.439-0400: 86.053: [GC (Allocation Failure) [PSYoungGen: 173425K->29718K(204288K)] 631229K->493969K(728576K), 0.0054633 secs] [Times: user=0.06 sys=0.01, real=0.01 secs] 
2016-09-25T21:42:42.559-0400: 86.172: [GC (GCLocker Initiated GC) [PSYoungGen: 180246K->37574K(205312K)] 647198K->505463K(729600K), 0.0204241 secs] [Times: user=0.29 sys=0.00, real=0.02 secs] 
2016-09-25T21:42:42.690-0400: 86.303: [GC (GCLocker Initiated GC) [PSYoungGen: 188102K->24028K(207360K)] 657399K->494105K(731648K), 0.0213119 secs] [Times: user=0.19 sys=0.01, real=0.02 secs] 
2016-09-25T21:42:42.814-0400: 86.427: [GC (GCLocker Initiated GC) [PSYoungGen: 177628K->37524K(207360K)] 647849K->508599K(731648K), 0.0097622 secs] [Times: user=0.08 sys=0.00, real=0.02 secs] 
2016-09-25T21:42:42.947-0400: 86.560: [GC (GCLocker Initiated GC) [PSYoungGen: 191124K->16261K(206848K)] 675865K->501780K(731136K), 0.0046717 secs] [Times: user=0.04 sys=0.00, real=0.00 secs] 
2016-09-25T21:42:43.072-0400: 86.686: [GC (GCLocker Initiated GC) [PSYoungGen: 169861K->25815K(207872K)] 659507K->516608K(732160K), 0.0065890 secs] [Times: user=0.05 sys=0.00, real=0.01 secs] 
2016-09-25T21:42:43.199-0400: 86.812: [GC (GCLocker Initiated GC) [PSYoungGen: 179415K->16372K(207360K)] 681022K->532730K(731648K), 0.0125054 secs] [Times: user=0.09 sys=0.00, real=0.01 secs] 
2016-09-25T21:42:43.212-0400: 86.825: [Full GC (Ergonomics) [PSYoungGen: 16372K->0K(207360K)] [ParOldGen: 516358K->368973K(524288K)] 532730K->368973K(731648K), [Metaspace: 43806K->43806K(1087488K)], 0.0636104 secs] [Times: user=0.35 sys=0.02, real=0.07 secs] 
2016-09-25T21:42:43.393-0400: 87.006: [GC (GCLocker Initiated GC) [PSYoungGen: 153600K->51700K(205312K)] 525299K->423399K(729600K), 0.0233140 secs] [Times: user=0.28 sys=0.00, real=0.03 secs] 
2016-09-25T21:42:43.531-0400: 87.145: [GC (GCLocker Initiated GC) [PSYoungGen: 205300K->28579K(203264K)] 590505K->417762K(727552K), 0.0171818 secs] [Times: user=0.16 sys=0.00, real=0.02 secs] 
2016-09-25T21:42:43.670-0400: 87.284: [GC (GCLocker Initiated GC) [PSYoungGen: 175011K->27165K(174080K)] 570989K->424379K(698368K), 0.0058973 secs] [Times: user=0.04 sys=0.01, real=0.01 secs] 
2016-09-25T21:42:43.789-0400: 87.402: [GC (GCLocker Initiated GC) [PSYoungGen: 173597K->29710K(205312K)] 574895K->434871K(729600K), 0.0068158 secs] [Times: user=0.08 sys=0.00, real=0.01 secs] 
2016-09-25T21:42:43.907-0400: 87.521: [GC (GCLocker Initiated GC) [PSYoungGen: 179214K->29639K(203264K)] 590126K->441639K(727552K), 0.0165505 secs] [Times: user=0.13 sys=0.00, real=0.02 secs] 
2016-09-25T21:42:44.047-0400: 87.660: [GC (GCLocker Initiated GC) [PSYoungGen: 179143K->38044K(204288K)] 599251K->461941K(728576K), 0.0054481 secs] [Times: user=0.04 sys=0.00, real=0.00 secs] 
2016-09-25T21:42:44.170-0400: 87.784: [GC (GCLocker Initiated GC) [PSYoungGen: 190108K->42213K(204800K)] 616785K->470044K(729088K), 0.0053333 secs] [Times: user=0.06 sys=0.00, real=0.01 secs] 
2016-09-25T21:42:44.285-0400: 87.898: [GC (GCLocker Initiated GC) [PSYoungGen: 194277K->35346K(208384K)] 630212K->472465K(732672K), 0.0099374 secs] [Times: user=0.09 sys=0.00, real=0.01 secs] 
2016-09-25T21:42:44.418-0400: 88.031: [GC (GCLocker Initiated GC) [PSYoungGen: 189970K->27278K(182272K)] 636698K->475122K(706560K), 0.0265660 secs] [Times: user=0.27 sys=0.00, real=0.03 secs] 
2016-09-25T21:42:44.552-0400: 88.165: [GC (GCLocker Initiated GC) [PSYoungGen: 181902K->37881K(207360K)] 629779K->487050K(731648K), 0.0143972 secs] [Times: user=0.14 sys=0.00, real=0.02 secs] 
2016-09-25T21:42:44.680-0400: 88.294: [GC (GCLocker Initiated GC) [PSYoungGen: 193017K->50248K(205824K)] 650439K->508789K(730112K), 0.0269913 secs] [Times: user=0.32 sys=0.00, real=0.03 secs] 
2016-09-25T21:42:44.841-0400: 88.454: [GC (GCLocker Initiated GC) [PSYoungGen: 205384K->35469K(207360K)] 669354K->500752K(731648K), 0.0131474 secs] [Times: user=0.14 sys=0.00, real=0.02 secs] 
2016-09-25T21:42:44.955-0400: 88.568: [GC (GCLocker Initiated GC) [PSYoungGen: 186509K->35035K(186368K)] 654544K->507033K(710656K), 0.0095665 secs] [Times: user=0.06 sys=0.00, real=0.01 secs] 
2016-09-25T21:42:45.088-0400: 88.701: [GC (GCLocker Initiated GC) [PSYoungGen: 186075K->27239K(204288K)] 664879K->526029K(728576K), 0.0113796 secs] [Times: user=0.14 sys=0.00, real=0.01 secs] 
2016-09-25T21:42:45.206-0400: 88.820: [GC (GCLocker Initiated GC) [PSYoungGen: 178791K->29629K(203776K)] 683163K->535124K(728064K), 0.0223116 secs] [Times: user=0.26 sys=0.01, real=0.02 secs] 
2016-09-25T21:42:45.347-0400: 88.960: [Full GC (Ergonomics) [PSYoungGen: 181181K->0K(203776K)] [ParOldGen: 521867K->386714K(524288K)] 703049K->386714K(728064K), [Metaspace: 43807K->43807K(1087488K)], 0.0626891 secs] [Times: user=0.47 sys=0.01, real=0.06 secs] 
2016-09-25T21:42:45.521-0400: 89.134: [GC (GCLocker Initiated GC) [PSYoungGen: 151552K->40894K(207360K)] 540974K->430316K(731648K), 0.0068849 secs] [Times: user=0.06 sys=0.00, real=0.01 secs] 
2016-09-25T21:42:45.630-0400: 89.244: [GC (GCLocker Initiated GC) [PSYoungGen: 197054K->50084K(206336K)] 586530K->446270K(730624K), 0.0125851 secs] [Times: user=0.16 sys=0.00, real=0.02 secs] 
2016-09-25T21:42:45.765-0400: 89.379: [GC (GCLocker Initiated GC) [PSYoungGen: 206244K->36786K(207872K)] 607835K->452913K(732160K), 0.0099596 secs] [Times: user=0.12 sys=0.01, real=0.01 secs] 
2016-09-25T21:42:45.883-0400: 89.497: [GC (GCLocker Initiated GC) [PSYoungGen: 188850K->52872K(205312K)] 605054K->472972K(729600K), 0.0093119 secs] [Times: user=0.11 sys=0.01, real=0.00 secs] 
2016-09-25T21:42:46.005-0400: 89.618: [GC (GCLocker Initiated GC) [PSYoungGen: 204936K->31339K(203264K)] 625039K->474173K(727552K), 0.0268315 secs] [Times: user=0.32 sys=0.01, real=0.02 secs] 
2016-09-25T21:42:46.131-0400: 89.745: [GC (GCLocker Initiated GC) [PSYoungGen: 177771K->44682K(191488K)] 621361K->489422K(715776K), 0.0122083 secs] [Times: user=0.17 sys=0.00, real=0.02 secs] 
2016-09-25T21:42:46.241-0400: 89.854: [GC (GCLocker Initiated GC) [PSYoungGen: 191114K->58045K(193024K)] 638582K->506530K(717312K), 0.0067642 secs] [Times: user=0.11 sys=0.00, real=0.01 secs] 
2016-09-25T21:42:46.339-0400: 89.953: [GC (GCLocker Initiated GC) [PSYoungGen: 192189K->37890K(198144K)] 646107K->519680K(722432K), 0.0063096 secs] [Times: user=0.08 sys=0.00, real=0.01 secs] 
2016-09-25T21:42:46.438-0400: 90.051: [GC (GCLocker Initiated GC) [PSYoungGen: 172034K->56891K(192000K)] 653895K->561339K(716288K), 0.0084596 secs] [Times: user=0.11 sys=0.00, real=0.01 secs] 
2016-09-25T21:42:46.446-0400: 90.059: [Full GC (Ergonomics) [PSYoungGen: 56891K->0K(192000K)] [ParOldGen: 504447K->395352K(524288K)] 561339K->395352K(716288K), [Metaspace: 43817K->43817K(1087488K)], 0.0654600 secs] [Times: user=0.63 sys=0.02, real=0.06 secs] 
2016-09-25T21:42:46.610-0400: 90.224: [GC (GCLocker Initiated GC) [PSYoungGen: 130048K->59783K(189952K)] 526767K->456502K(714240K), 0.0061558 secs] [Times: user=0.09 sys=0.00, real=0.01 secs] 
2016-09-25T21:42:46.719-0400: 90.332: [GC (GCLocker Initiated GC) [PSYoungGen: 189831K->49859K(192000K)] 589291K->450554K(716288K), 0.0057631 secs] [Times: user=0.08 sys=0.00, real=0.01 secs] 
2016-09-25T21:42:46.828-0400: 90.442: [GC (GCLocker Initiated GC) [PSYoungGen: 171203K->29714K(191488K)] 583955K->443257K(715776K), 0.0044499 secs] [Times: user=0.06 sys=0.00, real=0.00 secs] 
2016-09-25T21:42:46.927-0400: 90.540: [GC (GCLocker Initiated GC) [PSYoungGen: 151058K->15823K(188928K)] 582237K->447803K(713216K), 0.0042337 secs] [Times: user=0.04 sys=0.00, real=0.00 secs] 
2016-09-25T21:42:47.019-0400: 90.632: [GC (GCLocker Initiated GC) [PSYoungGen: 134607K->44271K(190464K)] 576066K->486463K(714752K), 0.0067370 secs] [Times: user=0.06 sys=0.00, real=0.01 secs] 
2016-09-25T21:42:47.118-0400: 90.732: [GC (GCLocker Initiated GC) [PSYoungGen: 163055K->27969K(189440K)] 605249K->484212K(713728K), 0.0057580 secs] [Times: user=0.05 sys=0.00, real=0.01 secs] 
2016-09-25T21:42:47.230-0400: 90.843: [GC (GCLocker Initiated GC) [PSYoungGen: 148289K->47080K(189952K)] 604566K->503974K(714240K), 0.0157366 secs] [Times: user=0.20 sys=0.01, real=0.02 secs] 
2016-09-25T21:42:47.342-0400: 90.955: [GC (GCLocker Initiated GC) [PSYoungGen: 167400K->37967K(186368K)] 625664K->524073K(710656K), 0.0084425 secs] [Times: user=0.10 sys=0.01, real=0.01 secs] 
2016-09-25T21:42:47.438-0400: 91.051: [GC (GCLocker Initiated GC) [PSYoungGen: 160847K->30913K(189440K)] 649757K->520804K(713728K), 0.0221222 secs] [Times: user=0.20 sys=0.00, real=0.02 secs] 
2016-09-25T21:42:47.558-0400: 91.172: [GC (GCLocker Initiated GC) [PSYoungGen: 153793K->25654K(193536K)] 646403K->532778K(717824K), 0.0051287 secs] [Times: user=0.03 sys=0.00, real=0.01 secs] 
2016-09-25T21:42:47.564-0400: 91.177: [Full GC (Ergonomics) [PSYoungGen: 25654K->0K(193536K)] [ParOldGen: 507123K->396422K(524288K)] 532778K->396422K(717824K), [Metaspace: 43825K->43825K(1087488K)], 0.0645204 secs] [Times: user=0.41 sys=0.01, real=0.06 secs] 
2016-09-25T21:42:47.732-0400: 91.345: [GC (GCLocker Initiated GC) [PSYoungGen: 130048K->39690K(195072K)] 531898K->441541K(719360K), 0.0120255 secs] [Times: user=0.14 sys=0.00, real=0.02 secs] 
2016-09-25T21:42:47.842-0400: 91.456: [GC (GCLocker Initiated GC) [PSYoungGen: 169738K->54221K(191488K)] 571607K->460312K(715776K), 0.0080950 secs] [Times: user=0.07 sys=0.00, real=0.00 secs] 
2016-09-25T21:42:47.952-0400: 91.565: [GC (GCLocker Initiated GC) [PSYoungGen: 182221K->48852K(177152K)] 588378K->472476K(701440K), 0.0077246 secs] [Times: user=0.06 sys=0.00, real=0.01 secs] 
2016-09-25T21:42:48.069-0400: 91.682: [GC (GCLocker Initiated GC) [PSYoungGen: 176852K->51603K(191488K)] 600525K->476399K(715776K), 0.0185867 secs] [Times: user=0.22 sys=0.00, real=0.02 secs] 
2016-09-25T21:42:48.188-0400: 91.801: [GC (GCLocker Initiated GC) [PSYoungGen: 175507K->48977K(193024K)] 603087K->496710K(717312K), 0.0062505 secs] [Times: user=0.08 sys=0.01, real=0.01 secs] 
2016-09-25T21:42:48.291-0400: 91.904: [GC (GCLocker Initiated GC) [PSYoungGen: 172881K->48858K(193024K)] 620643K->497859K(717312K), 0.0118733 secs] [Times: user=0.12 sys=0.00, real=0.02 secs] 
2016-09-25T21:42:48.395-0400: 92.008: [GC (GCLocker Initiated GC) [PSYoungGen: 172762K->48823K(173056K)] 621848K->509925K(697344K), 0.0107284 secs] [Times: user=0.10 sys=0.01, real=0.01 secs] 
2016-09-25T21:42:48.510-0400: 92.123: [GC (GCLocker Initiated GC) [PSYoungGen: 172727K->36600K(194048K)] 636785K->520707K(718336K), 0.0141880 secs] [Times: user=0.14 sys=0.02, real=0.02 secs] 
2016-09-25T21:42:48.630-0400: 92.243: [GC (GCLocker Initiated GC) [PSYoungGen: 162040K->25909K(192512K)] 651610K->516683K(716800K), 0.0130939 secs] [Times: user=0.13 sys=0.00, real=0.02 secs] 
2016-09-25T21:42:48.741-0400: 92.355: [Full GC (Ergonomics) [PSYoungGen: 151349K->0K(192512K)] [ParOldGen: 493612K->414337K(524288K)] 644961K->414337K(716800K), [Metaspace: 43828K->43828K(1087488K)], 0.0633956 secs] [Times: user=0.39 sys=0.01, real=0.07 secs] 
2016-09-25T21:42:48.909-0400: 92.523: [GC (GCLocker Initiated GC) [PSYoungGen: 125440K->30314K(194560K)] 546586K->451460K(718848K), 0.0212386 secs] [Times: user=0.22 sys=0.00, real=0.02 secs] 
2016-09-25T21:42:49.023-0400: 92.636: [GC (GCLocker Initiated GC) [PSYoungGen: 157290K->36613K(163840K)] 578473K->471590K(688128K), 0.0082454 secs] [Times: user=0.06 sys=0.00, real=0.00 secs] 
2016-09-25T21:42:49.144-0400: 92.757: [GC (GCLocker Initiated GC) [PSYoungGen: 163589K->35457K(194560K)] 601340K->493333K(718848K), 0.0192574 secs] [Times: user=0.20 sys=0.00, real=0.02 secs] 
2016-09-25T21:42:49.275-0400: 92.888: [GC (GCLocker Initiated GC) [PSYoungGen: 164993K->31292K(192512K)] 628422K->498752K(716800K), 0.0121115 secs] [Times: user=0.11 sys=0.00, real=0.01 secs] 
2016-09-25T21:42:49.391-0400: 93.004: [GC (GCLocker Initiated GC) [PSYoungGen: 160828K->36583K(197120K)] 628388K->505494K(721408K), 0.0205184 secs] [Times: user=0.19 sys=0.00, real=0.02 secs] 
2016-09-25T21:42:49.516-0400: 93.129: [GC (GCLocker Initiated GC) [PSYoungGen: 172775K->28892K(196096K)] 647088K->517940K(720384K), 0.0154569 secs] [Times: user=0.17 sys=0.01, real=0.01 secs] 
2016-09-25T21:42:49.642-0400: 93.256: [Full GC (Ergonomics) [PSYoungGen: 165084K->0K(196096K)] [ParOldGen: 496003K->423282K(524288K)] 661087K->423282K(720384K), [Metaspace: 43834K->43834K(1087488K)], 0.0492958 secs] [Times: user=0.30 sys=0.01, real=0.04 secs] 
2016-09-25T21:42:49.800-0400: 93.414: [GC (GCLocker Initiated GC) [PSYoungGen: 136192K->58940K(191488K)] 559574K->490423K(715776K), 0.0296957 secs] [Times: user=0.42 sys=0.00, real=0.03 secs] 
2016-09-25T21:42:49.938-0400: 93.551: [GC (GCLocker Initiated GC) [PSYoungGen: 191036K->34056K(197120K)] 625230K->474004K(721408K), 0.0254939 secs] [Times: user=0.31 sys=0.00, real=0.03 secs] 
2016-09-25T21:42:50.063-0400: 93.676: [GC (GCLocker Initiated GC) [PSYoungGen: 166152K->52884K(192512K)] 609011K->497054K(716800K), 0.0060522 secs] [Times: user=0.07 sys=0.00, real=0.00 secs] 
2016-09-25T21:42:50.168-0400: 93.781: [GC (GCLocker Initiated GC) [PSYoungGen: 181908K->55703K(184832K)] 626089K->500996K(709120K), 0.0077307 secs] [Times: user=0.10 sys=0.00, real=0.01 secs] 
2016-09-25T21:42:50.276-0400: 93.889: [GC (GCLocker Initiated GC) [PSYoungGen: 184727K->58368K(186368K)] 635457K->510305K(710656K), 0.0194942 secs] [Times: user=0.30 sys=0.00, real=0.02 secs] 
2016-09-25T21:42:50.394-0400: 94.007: [GC (GCLocker Initiated GC) [PSYoungGen: 175104K->31296K(189440K)] 640803K->508927K(713728K), 0.0051313 secs] [Times: user=0.04 sys=0.01, real=0.01 secs] 
2016-09-25T21:42:50.495-0400: 94.108: [GC (GCLocker Initiated GC) [PSYoungGen: 148032K->39440K(183808K)] 635168K->527732K(708096K), 0.0091771 secs] [Times: user=0.12 sys=0.00, real=0.01 secs] 
2016-09-25T21:42:50.599-0400: 94.213: [GC (GCLocker Initiated GC) [PSYoungGen: 156688K->32550K(186880K)] 651734K->539564K(711168K), 0.0081215 secs] [Times: user=0.09 sys=0.00, real=0.01 secs] 
2016-09-25T21:42:50.608-0400: 94.221: [Full GC (Ergonomics) [PSYoungGen: 32550K->0K(186880K)] [ParOldGen: 507013K->402593K(524288K)] 539564K->402593K(711168K), [Metaspace: 43834K->43834K(1087488K)], 0.0922640 secs] [Times: user=0.91 sys=0.00, real=0.09 secs] 
2016-09-25T21:42:50.797-0400: 94.411: [GC (GCLocker Initiated GC) [PSYoungGen: 117248K->47945K(190464K)] 522682K->453380K(714752K), 0.0054263 secs] [Times: user=0.07 sys=0.01, real=0.01 secs] 
2016-09-25T21:42:50.895-0400: 94.508: [GC (GCLocker Initiated GC) [PSYoungGen: 171849K->33875K(192000K)] 582872K->454476K(716288K), 0.0117995 secs] [Times: user=0.17 sys=0.00, real=0.01 secs] 
2016-09-25T21:42:51.018-0400: 94.631: [GC (GCLocker Initiated GC) [PSYoungGen: 157779K->40671K(188416K)] 578382K->462381K(712704K), 0.0204581 secs] [Times: user=0.24 sys=0.00, real=0.02 secs] 
2016-09-25T21:42:51.138-0400: 94.751: [GC (GCLocker Initiated GC) [PSYoungGen: 167647K->63896K(191488K)] 593469K->498972K(715776K), 0.0075501 secs] [Times: user=0.09 sys=0.00, real=0.01 secs] 
2016-09-25T21:42:51.243-0400: 94.856: [GC (GCLocker Initiated GC) [PSYoungGen: 190872K->43599K(194048K)] 631378K->507037K(718336K), 0.0060400 secs] [Times: user=0.07 sys=0.00, real=0.00 secs] 
2016-09-25T21:42:51.350-0400: 94.963: [GC (GCLocker Initiated GC) [PSYoungGen: 166991K->46121K(169984K)] 630447K->521678K(694272K), 0.0070659 secs] [Times: user=0.09 sys=0.00, real=0.01 secs] 
2016-09-25T21:42:51.457-0400: 95.070: [GC (GCLocker Initiated GC) [PSYoungGen: 169513K->35246K(190976K)] 649309K->532413K(715264K), 0.0062534 secs] [Times: user=0.07 sys=0.00, real=0.01 secs] 
2016-09-25T21:42:51.463-0400: 95.076: [Full GC (Ergonomics) [PSYoungGen: 35246K->0K(190976K)] [ParOldGen: 497167K->415763K(524288K)] 532413K->415763K(715264K), [Metaspace: 43841K->43841K(1087488K)], 0.0561882 secs] [Times: user=0.55 sys=0.02, real=0.05 secs] 
2016-09-25T21:42:51.614-0400: 95.227: [GC (GCLocker Initiated GC) [PSYoungGen: 124416K->46388K(189952K)] 540214K->462186K(714240K), 0.0098313 secs] [Times: user=0.09 sys=0.01, real=0.02 secs] 
2016-09-25T21:42:51.726-0400: 95.340: [GC (Allocation Failure) [PSYoungGen: 170804K->31219K(195584K)] 590846K->456780K(719872K), 0.0169530 secs] [Times: user=0.21 sys=0.01, real=0.02 secs] 
2016-09-25T21:42:51.848-0400: 95.461: [GC (GCLocker Initiated GC) [PSYoungGen: 160716K->23027K(195072K)] 587628K->453670K(719360K), 0.0079830 secs] [Times: user=0.06 sys=0.01, real=0.01 secs] 
2016-09-25T21:42:51.948-0400: 95.561: [GC (GCLocker Initiated GC) [PSYoungGen: 153587K->50124K(193536K)] 584368K->482027K(717824K), 0.0168109 secs] [Times: user=0.19 sys=0.00, real=0.02 secs] 
2016-09-25T21:42:52.059-0400: 95.672: [GC (GCLocker Initiated GC) [PSYoungGen: 178124K->50320K(178688K)] 610037K->486041K(702976K), 0.0058429 secs] [Times: user=0.06 sys=0.00, real=0.01 secs] 
2016-09-25T21:42:52.167-0400: 95.781: [GC (Allocation Failure) [PSYoungGen: 178320K->50323K(193536K)] 614081K->490049K(717824K), 0.0169495 secs] [Times: user=0.21 sys=0.00, real=0.02 secs] 
2016-09-25T21:42:52.185-0400: 95.798: [GC (GCLocker Initiated GC) [PSYoungGen: 50728K->224K(126464K)] 490454K->502247K(650752K), 0.0061398 secs] [Times: user=0.06 sys=0.00, real=0.00 secs] 
2016-09-25T21:42:52.191-0400: 95.804: [Full GC (Ergonomics) [PSYoungGen: 224K->0K(126464K)] [ParOldGen: 502023K->425045K(524288K)] 502247K->425045K(650752K), [Metaspace: 43851K->43851K(1087488K)], 0.0697232 secs] [Times: user=0.62 sys=0.00, real=0.07 secs] 
2016-09-25T21:42:52.361-0400: 95.974: [GC (GCLocker Initiated GC) [PSYoungGen: 125199K->49520K(187904K)] 552944K->477265K(712192K), 0.0096170 secs] [Times: user=0.08 sys=0.00, real=0.01 secs] 
2016-09-25T21:42:52.470-0400: 96.084: [GC (GCLocker Initiated GC) [PSYoungGen: 164208K->51633K(166400K)] 591967K->481294K(690688K), 0.0118350 secs] [Times: user=0.13 sys=0.00, real=0.02 secs] 
2016-09-25T21:42:52.594-0400: 96.207: [GC (GCLocker Initiated GC) [PSYoungGen: 166321K->50380K(187392K)] 598715K->497485K(711680K), 0.0062106 secs] [Times: user=0.09 sys=0.00, real=0.01 secs] 
2016-09-25T21:42:52.693-0400: 96.306: [GC (GCLocker Initiated GC) [PSYoungGen: 163020K->47617K(160768K)] 610180K->523101K(685056K), 0.0105687 secs] [Times: user=0.14 sys=0.00, real=0.02 secs] 
2016-09-25T21:42:52.804-0400: 96.417: [GC (GCLocker Initiated GC) [PSYoungGen: 160257K->41107K(189440K)] 638508K->547587K(713728K), 0.0069969 secs] [Times: user=0.09 sys=0.01, real=0.00 secs] 
2016-09-25T21:42:52.811-0400: 96.424: [Full GC (Ergonomics) [PSYoungGen: 41107K->0K(189440K)] [ParOldGen: 506479K->428343K(524288K)] 547587K->428343K(713728K), [Metaspace: 43852K->43852K(1087488K)], 0.0494764 secs] [Times: user=0.42 sys=0.00, real=0.05 secs] 
2016-09-25T21:42:52.963-0400: 96.576: [GC (GCLocker Initiated GC) [PSYoungGen: 115712K->39756K(186368K)] 552188K->476233K(710656K), 0.0074610 secs] [Times: user=0.05 sys=0.00, real=0.00 secs] 
2016-09-25T21:42:53.075-0400: 96.688: [GC (GCLocker Initiated GC) [PSYoungGen: 155468K->37943K(188416K)] 591963K->502899K(712704K), 0.0209199 secs] [Times: user=0.22 sys=0.00, real=0.02 secs] 
2016-09-25T21:42:53.196-0400: 96.810: [GC (GCLocker Initiated GC) [PSYoungGen: 157751K->36683K(186368K)] 622725K->502886K(710656K), 0.0191160 secs] [Times: user=0.20 sys=0.00, real=0.02 secs] 
2016-09-25T21:42:53.315-0400: 96.928: [GC (GCLocker Initiated GC) [PSYoungGen: 156491K->59711K(187392K)] 622716K->527231K(711680K), 0.0139600 secs] [Times: user=0.17 sys=0.00, real=0.01 secs] 
2016-09-25T21:42:53.440-0400: 97.053: [GC (GCLocker Initiated GC) [PSYoungGen: 182079K->34325K(192000K)] 659187K->528886K(716288K), 0.0125823 secs] [Times: user=0.16 sys=0.00, real=0.01 secs] 
2016-09-25T21:42:53.452-0400: 97.066: [Full GC (Ergonomics) [PSYoungGen: 34325K->0K(192000K)] [ParOldGen: 494560K->434462K(524288K)] 528886K->434462K(716288K), [Metaspace: 43852K->43852K(1087488K)], 0.0657547 secs] [Times: user=0.51 sys=0.01, real=0.07 secs] 
2016-09-25T21:42:53.620-0400: 97.234: [GC (GCLocker Initiated GC) [PSYoungGen: 122368K->62810K(183808K)] 561032K->501475K(708096K), 0.0080379 secs] [Times: user=0.12 sys=0.00, real=0.01 secs] 
2016-09-25T21:42:53.733-0400: 97.347: [GC (GCLocker Initiated GC) [PSYoungGen: 178522K->25856K(141824K)] 622593K->490311K(666112K), 0.0141560 secs] [Times: user=0.18 sys=0.00, real=0.02 secs] 
2016-09-25T21:42:53.849-0400: 97.463: [GC (GCLocker Initiated GC) [PSYoungGen: 141568K->27048K(188928K)] 608948K->495600K(713216K), 0.0072257 secs] [Times: user=0.07 sys=0.00, real=0.01 secs] 
2016-09-25T21:42:53.948-0400: 97.561: [GC (GCLocker Initiated GC) [PSYoungGen: 142248K->39256K(154624K)] 610814K->509004K(678912K), 0.0096131 secs] [Times: user=0.12 sys=0.00, real=0.01 secs] 
2016-09-25T21:42:54.040-0400: 97.653: [GC (GCLocker Initiated GC) [PSYoungGen: 154456K->40661K(188416K)] 626954K->525063K(712704K), 0.0057869 secs] [Times: user=0.06 sys=0.00, real=0.01 secs] 
2016-09-25T21:42:54.149-0400: 97.763: [Full GC (Ergonomics) [PSYoungGen: 158933K->0K(188416K)] [ParOldGen: 488421K->440132K(524288K)] 647355K->440132K(712704K), [Metaspace: 43852K->43852K(1087488K)], 0.0483308 secs] [Times: user=0.25 sys=0.01, real=0.05 secs] 
2016-09-25T21:42:54.292-0400: 97.906: [GC (GCLocker Initiated GC) [PSYoungGen: 118272K->41074K(185344K)] 558813K->481616K(709632K), 0.0110468 secs] [Times: user=0.10 sys=0.00, real=0.02 secs] 
2016-09-25T21:42:54.397-0400: 98.010: [GC (GCLocker Initiated GC) [PSYoungGen: 159346K->42170K(190976K)] 604019K->499199K(715264K), 0.0112794 secs] [Times: user=0.13 sys=0.00, real=0.01 secs] 
2016-09-25T21:42:54.507-0400: 98.121: [GC (GCLocker Initiated GC) [PSYoungGen: 168634K->36589K(189440K)] 628397K->497485K(713728K), 0.0178317 secs] [Times: user=0.16 sys=0.00, real=0.02 secs] 
2016-09-25T21:42:54.632-0400: 98.245: [GC (GCLocker Initiated GC) [PSYoungGen: 163053K->35238K(197120K)] 623979K->513596K(721408K), 0.0237664 secs] [Times: user=0.24 sys=0.00, real=0.03 secs] 
2016-09-25T21:42:54.784-0400: 98.397: [GC (GCLocker Initiated GC) [PSYoungGen: 170918K->32718K(196096K)] 660235K->523275K(720384K), 0.0261816 secs] [Times: user=0.27 sys=0.00, real=0.02 secs] 
2016-09-25T21:42:54.916-0400: 98.529: [GC (GCLocker Initiated GC) [PSYoungGen: 168398K->37998K(200192K)] 659062K->530074K(724480K), 0.0216343 secs] [Times: user=0.24 sys=0.01, real=0.02 secs] 
2016-09-25T21:42:54.938-0400: 98.551: [Full GC (Ergonomics) [PSYoungGen: 37998K->0K(200192K)] [ParOldGen: 492076K->445593K(524288K)] 530074K->445593K(724480K), [Metaspace: 43855K->43855K(1087488K)], 0.0682567 secs] [Times: user=0.47 sys=0.00, real=0.07 secs] 
2016-09-25T21:42:55.129-0400: 98.743: [GC (GCLocker Initiated GC) [PSYoungGen: 141824K->42894K(199680K)] 593055K->494126K(723968K), 0.0194573 secs] [Times: user=0.24 sys=0.01, real=0.02 secs] 
2016-09-25T21:42:55.279-0400: 98.892: [GC (GCLocker Initiated GC) [PSYoungGen: 184718K->28837K(203264K)] 645528K->494309K(727552K), 0.0055296 secs] [Times: user=0.05 sys=0.00, real=0.01 secs] 
2016-09-25T21:42:55.409-0400: 99.022: [GC (GCLocker Initiated GC) [PSYoungGen: 174757K->50428K(196608K)] 640262K->517506K(720896K), 0.0113199 secs] [Times: user=0.14 sys=0.00, real=0.01 secs] 
2016-09-25T21:42:55.527-0400: 99.140: [GC (GCLocker Initiated GC) [PSYoungGen: 196348K->19211K(199168K)] 671605K->506593K(723456K), 0.0082170 secs] [Times: user=0.07 sys=0.00, real=0.01 secs] 
2016-09-25T21:42:55.640-0400: 99.254: [GC (GCLocker Initiated GC) [PSYoungGen: 158475K->20392K(159744K)] 651316K->525438K(684032K), 0.0070011 secs] [Times: user=0.04 sys=0.00, real=0.01 secs] 
2016-09-25T21:42:55.647-0400: 99.261: [Full GC (Ergonomics) [PSYoungGen: 20392K->0K(159744K)] [ParOldGen: 505046K->438620K(524288K)] 525438K->438620K(684032K), [Metaspace: 43859K->43859K(1087488K)], 0.0852749 secs] [Times: user=0.83 sys=0.01, real=0.08 secs] 
2016-09-25T21:42:55.841-0400: 99.454: [GC (GCLocker Initiated GC) [PSYoungGen: 139264K->61708K(185856K)] 577969K->500414K(710144K), 0.0068817 secs] [Times: user=0.08 sys=0.01, real=0.01 secs] 
2016-09-25T21:42:55.942-0400: 99.555: [GC (GCLocker Initiated GC) [PSYoungGen: 185612K->60202K(184320K)] 624427K->499017K(708608K), 0.0064883 secs] [Times: user=0.07 sys=0.00, real=0.00 secs] 
2016-09-25T21:42:56.050-0400: 99.663: [GC (GCLocker Initiated GC) [PSYoungGen: 184106K->73414K(169984K)] 625720K->515029K(694272K), 0.0066529 secs] [Times: user=0.09 sys=0.00, real=0.01 secs] 
2016-09-25T21:42:56.135-0400: 99.748: [GC (GCLocker Initiated GC) [PSYoungGen: 169670K->61811K(158208K)] 614086K->506227K(682496K), 0.0097184 secs] [Times: user=0.12 sys=0.00, real=0.01 secs] 
2016-09-25T21:42:56.222-0400: 99.835: [GC (GCLocker Initiated GC) [PSYoungGen: 158067K->48969K(179200K)] 605334K->496237K(703488K), 0.0064829 secs] [Times: user=0.05 sys=0.00, real=0.01 secs] 
2016-09-25T21:42:56.297-0400: 99.911: [GC (GCLocker Initiated GC) [PSYoungGen: 142665K->82445K(176640K)] 589999K->540579K(700928K), 0.0165054 secs] [Times: user=0.23 sys=0.00, real=0.01 secs] 
2016-09-25T21:42:56.384-0400: 99.997: [GC (GCLocker Initiated GC) [PSYoungGen: 176141K->74939K(173568K)] 638393K->542824K(697856K), 0.0086675 secs] [Times: user=0.12 sys=0.00, real=0.00 secs] 
2016-09-25T21:42:56.455-0400: 100.068: [GC (GCLocker Initiated GC) [PSYoungGen: 163003K->73872K(175104K)] 630962K->559920K(699392K), 0.0073790 secs] [Times: user=0.09 sys=0.00, real=0.00 secs] 
2016-09-25T21:42:56.541-0400: 100.154: [GC (GCLocker Initiated GC) [PSYoungGen: 161936K->43384K(175104K)] 649408K->562266K(699392K), 0.0067628 secs] [Times: user=0.10 sys=0.00, real=0.01 secs] 
2016-09-25T21:42:56.548-0400: 100.161: [Full GC (Ergonomics) [PSYoungGen: 43384K->0K(175104K)] [ParOldGen: 518881K->438524K(524288K)] 562266K->438524K(699392K), [Metaspace: 43860K->43860K(1087488K)], 0.0665794 secs] [Times: user=0.70 sys=0.01, real=0.07 secs] 
2016-09-25T21:42:56.684-0400: 100.297: [GC (GCLocker Initiated GC) [PSYoungGen: 88064K->42206K(175104K)] 536083K->490225K(699392K), 0.0045338 secs] [Times: user=0.07 sys=0.00, real=0.00 secs] 
2016-09-25T21:42:56.761-0400: 100.375: [GC (GCLocker Initiated GC) [PSYoungGen: 130270K->58084K(175104K)] 581039K->519537K(699392K), 0.0070869 secs] [Times: user=0.09 sys=0.00, real=0.01 secs] 
2016-09-25T21:42:56.845-0400: 100.458: [GC (GCLocker Initiated GC) [PSYoungGen: 146148K->45886K(175104K)] 610388K->524578K(699392K), 0.0059972 secs] [Times: user=0.08 sys=0.00, real=0.00 secs] 
2016-09-25T21:42:56.920-0400: 100.534: [GC (GCLocker Initiated GC) [PSYoungGen: 133950K->41857K(175104K)] 618168K->526923K(699392K), 0.0062224 secs] [Times: user=0.08 sys=0.00, real=0.01 secs] 
2016-09-25T21:42:57.000-0400: 100.614: [GC (GCLocker Initiated GC) [PSYoungGen: 129921K->51334K(139776K)] 616219K->538501K(664064K), 0.0067777 secs] [Times: user=0.07 sys=0.00, real=0.01 secs] 
2016-09-25T21:42:57.079-0400: 100.693: [GC (GCLocker Initiated GC) [PSYoungGen: 139398K->42977K(175104K)] 626595K->531094K(699392K), 0.0064931 secs] [Times: user=0.08 sys=0.00, real=0.01 secs] 
2016-09-25T21:42:57.153-0400: 100.766: [Full GC (Ergonomics) [PSYoungGen: 133089K->0K(175104K)] [ParOldGen: 497737K->452268K(524288K)] 630826K->452268K(699392K), [Metaspace: 43860K->43860K(1087488K)], 0.0963715 secs] [Times: user=0.89 sys=0.04, real=0.10 secs] 
2016-09-25T21:42:57.338-0400: 100.952: [GC (GCLocker Initiated GC) [PSYoungGen: 90112K->36675K(173056K)] 549360K->495924K(697344K), 0.0047934 secs] [Times: user=0.05 sys=0.01, real=0.01 secs] 
2016-09-25T21:42:57.409-0400: 101.023: [GC (GCLocker Initiated GC) [PSYoungGen: 126787K->65817K(173056K)] 586114K->525144K(697344K), 0.0061150 secs] [Times: user=0.09 sys=0.00, real=0.01 secs] 
2016-09-25T21:42:57.493-0400: 101.106: [GC (GCLocker Initiated GC) [PSYoungGen: 156953K->59845K(176128K)] 621837K->524729K(700416K), 0.0104248 secs] [Times: user=0.15 sys=0.00, real=0.02 secs] 
2016-09-25T21:42:57.590-0400: 101.204: [GC (GCLocker Initiated GC) [PSYoungGen: 150981K->60721K(177152K)] 621721K->531461K(701440K), 0.0074764 secs] [Times: user=0.09 sys=0.00, real=0.01 secs] 
2016-09-25T21:42:57.662-0400: 101.275: [GC (GCLocker Initiated GC) [PSYoungGen: 152881K->58640K(151040K)] 633212K->538971K(675328K), 0.0063503 secs] [Times: user=0.06 sys=0.00, real=0.01 secs] 
2016-09-25T21:42:57.747-0400: 101.360: [GC (GCLocker Initiated GC) [PSYoungGen: 150800K->41734K(177152K)] 637977K->528911K(701440K), 0.0166137 secs] [Times: user=0.20 sys=0.00, real=0.02 secs] 
2016-09-25T21:42:57.846-0400: 101.459: [GC (GCLocker Initiated GC) [PSYoungGen: 134918K->61844K(176128K)] 624835K->554190K(700416K), 0.0141208 secs] [Times: user=0.14 sys=0.00, real=0.01 secs] 
2016-09-25T21:42:57.932-0400: 101.545: [GC (GCLocker Initiated GC) [PSYoungGen: 155028K->76056K(171520K)] 651078K->576464K(695808K), 0.0072006 secs] [Times: user=0.07 sys=0.00, real=0.01 secs] 
2016-09-25T21:42:58.018-0400: 101.631: [GC (GCLocker Initiated GC) --[PSYoungGen: 164120K->164120K(171520K)] 669964K->687820K(695808K), 0.0241764 secs] [Times: user=0.19 sys=0.00, real=0.02 secs] 
2016-09-25T21:42:58.042-0400: 101.655: [Full GC (Ergonomics) [PSYoungGen: 164120K->0K(171520K)] [ParOldGen: 523699K->456897K(524288K)] 687820K->456897K(695808K), [Metaspace: 43860K->43860K(1087488K)], 0.0548338 secs] [Times: user=0.33 sys=0.01, real=0.06 secs] 
2016-09-25T21:42:58.175-0400: 101.788: [GC (GCLocker Initiated GC) [PSYoungGen: 88064K->46266K(175104K)] 551742K->509944K(699392K), 0.0128718 secs] [Times: user=0.13 sys=0.00, real=0.01 secs] 
2016-09-25T21:42:58.258-0400: 101.871: [GC (GCLocker Initiated GC) [PSYoungGen: 134330K->53811K(168960K)] 598039K->517521K(693248K), 0.0057416 secs] [Times: user=0.05 sys=0.00, real=0.01 secs] 
2016-09-25T21:42:58.337-0400: 101.950: [GC (GCLocker Initiated GC) [PSYoungGen: 141875K->46723K(172032K)] 612340K->522603K(696320K), 0.0142826 secs] [Times: user=0.13 sys=0.00, real=0.01 secs] 
2016-09-25T21:42:58.411-0400: 102.024: [GC (GCLocker Initiated GC) [PSYoungGen: 134787K->39010K(175616K)] 616123K->546388K(699904K), 0.0064576 secs] [Times: user=0.07 sys=0.00, real=0.01 secs] 
2016-09-25T21:42:58.418-0400: 102.031: [Full GC (Ergonomics) [PSYoungGen: 39010K->0K(175616K)] [ParOldGen: 507377K->465393K(524288K)] 546388K->465393K(699904K), [Metaspace: 43860K->43860K(1087488K)], 0.0527361 secs] [Times: user=0.48 sys=0.01, real=0.05 secs] 
2016-09-25T21:42:58.560-0400: 102.173: [GC (GCLocker Initiated GC) [PSYoungGen: 95744K->43475K(177664K)] 570631K->518363K(701952K), 0.0052946 secs] [Times: user=0.07 sys=0.00, real=0.01 secs] 
2016-09-25T21:42:58.633-0400: 102.246: [GC (GCLocker Initiated GC) [PSYoungGen: 139219K->47328K(175616K)] 619570K->546373K(699904K), 0.0062992 secs] [Times: user=0.06 sys=0.00, real=0.01 secs] 
2016-09-25T21:42:58.639-0400: 102.253: [Full GC (Ergonomics) [PSYoungGen: 47328K->0K(175616K)] [ParOldGen: 499045K->424927K(524288K)] 546373K->424927K(699904K), [Metaspace: 43860K->43860K(1087488K)], 0.0728474 secs] [Times: user=0.69 sys=0.01, real=0.07 secs] 
2016-09-25T21:42:58.794-0400: 102.408: [GC (GCLocker Initiated GC) [PSYoungGen: 99840K->46241K(178176K)] 524788K->471190K(702464K), 0.0106426 secs] [Times: user=0.13 sys=0.00, real=0.01 secs] 
2016-09-25T21:42:58.896-0400: 102.509: [GC (GCLocker Initiated GC) [PSYoungGen: 146081K->48765K(179200K)] 576524K->479208K(703488K), 0.0076843 secs] [Times: user=0.11 sys=0.00, real=0.01 secs] 
2016-09-25T21:42:58.997-0400: 102.610: [GC (GCLocker Initiated GC) [PSYoungGen: 155773K->72672K(181248K)] 588951K->522050K(705536K), 0.0076546 secs] [Times: user=0.09 sys=0.00, real=0.01 secs] 
2016-09-25T21:42:59.100-0400: 102.713: [GC (GCLocker Initiated GC) [PSYoungGen: 179680K->64163K(179200K)] 631811K->516294K(703488K), 0.0126909 secs] [Times: user=0.15 sys=0.00, real=0.01 secs] 
2016-09-25T21:42:59.189-0400: 102.802: [GC (GCLocker Initiated GC) [PSYoungGen: 163491K->77077K(176640K)] 618400K->531986K(700928K), 0.0120781 secs] [Times: user=0.12 sys=0.01, real=0.01 secs] 
2016-09-25T21:42:59.283-0400: 102.896: [GC (GCLocker Initiated GC) [PSYoungGen: 176405K->59210K(176640K)] 639473K->524919K(700928K), 0.0097837 secs] [Times: user=0.09 sys=0.00, real=0.00 secs] 
2016-09-25T21:42:59.371-0400: 102.985: [GC (GCLocker Initiated GC) [PSYoungGen: 150346K->51860K(143360K)] 623026K->524540K(667648K), 0.0073778 secs] [Times: user=0.06 sys=0.00, real=0.01 secs] 
2016-09-25T21:42:59.456-0400: 103.069: [GC (GCLocker Initiated GC) [PSYoungGen: 142996K->81238K(171008K)] 619150K->565493K(695296K), 0.0077790 secs] [Times: user=0.10 sys=0.00, real=0.01 secs] 
2016-09-25T21:42:59.532-0400: 103.146: [GC (GCLocker Initiated GC) --[PSYoungGen: 168790K->168790K(171008K)] 662505K->691500K(695296K), 0.0301725 secs] [Times: user=0.32 sys=0.00, real=0.04 secs] 
2016-09-25T21:42:59.563-0400: 103.176: [Full GC (Ergonomics) [PSYoungGen: 168790K->0K(171008K)] [ParOldGen: 522710K->427562K(524288K)] 691500K->427562K(695296K), [Metaspace: 43860K->43860K(1087488K)], 0.0540613 secs] [Times: user=0.36 sys=0.00, real=0.05 secs] 
2016-09-25T21:42:59.681-0400: 103.295: [GC (GCLocker Initiated GC) [PSYoungGen: 87552K->58415K(174592K)] 517874K->488738K(698880K), 0.0056563 secs] [Times: user=0.07 sys=0.01, real=0.01 secs] 
2016-09-25T21:42:59.768-0400: 103.381: [GC (GCLocker Initiated GC) [PSYoungGen: 145967K->40287K(175104K)] 576554K->470874K(699392K), 0.0062895 secs] [Times: user=0.09 sys=0.00, real=0.00 secs] 
2016-09-25T21:42:59.832-0400: 103.446: [GC (GCLocker Initiated GC) [PSYoungGen: 128351K->55670K(143872K)] 569934K->497253K(668160K), 0.0104517 secs] [Times: user=0.16 sys=0.00, real=0.02 secs] 
2016-09-25T21:42:59.931-0400: 103.544: [GC (GCLocker Initiated GC) [PSYoungGen: 143734K->23924K(169984K)] 590825K->471015K(694272K), 0.0129798 secs] [Times: user=0.13 sys=0.00, real=0.02 secs] 
2016-09-25T21:43:00.009-0400: 103.622: [GC (GCLocker Initiated GC) [PSYoungGen: 109428K->50433K(172544K)] 562376K->503381K(696832K), 0.0105714 secs] [Times: user=0.13 sys=0.00, real=0.01 secs] 
2016-09-25T21:43:00.089-0400: 103.702: [GC (GCLocker Initiated GC) [PSYoungGen: 135937K->72701K(171520K)] 588922K->525686K(695808K), 0.0066551 secs] [Times: user=0.10 sys=0.00, real=0.01 secs] 
2016-09-25T21:43:00.166-0400: 103.780: [GC (GCLocker Initiated GC) [PSYoungGen: 160253K->57590K(174592K)] 618661K->519869K(698880K), 0.0090529 secs] [Times: user=0.13 sys=0.00, real=0.01 secs] 
2016-09-25T21:43:00.251-0400: 103.864: [GC (GCLocker Initiated GC) [PSYoungGen: 145142K->67916K(174080K)] 610173K->532947K(698368K), 0.0082963 secs] [Times: user=0.12 sys=0.01, real=0.01 secs] 
2016-09-25T21:43:00.333-0400: 103.946: [GC (GCLocker Initiated GC) [PSYoungGen: 155980K->69927K(175104K)] 623866K->539253K(699392K), 0.0075695 secs] [Times: user=0.06 sys=0.00, real=0.01 secs] 
2016-09-25T21:43:00.400-0400: 104.013: [GC (GCLocker Initiated GC) [PSYoungGen: 157991K->76002K(175104K)] 629804K->560225K(699392K), 0.0077484 secs] [Times: user=0.11 sys=0.00, real=0.01 secs] 
2016-09-25T21:43:00.477-0400: 104.090: [GC (GCLocker Initiated GC) [PSYoungGen: 164066K->73840K(175104K)] 651026K->581358K(699392K), 0.0102164 secs] [Times: user=0.15 sys=0.00, real=0.01 secs] 
2016-09-25T21:43:00.488-0400: 104.101: [Full GC (Ergonomics) [PSYoungGen: 73840K->0K(175104K)] [ParOldGen: 507518K->428505K(524288K)] 581358K->428505K(699392K), [Metaspace: 43860K->43860K(1087488K)], 0.0984731 secs] [Times: user=1.07 sys=0.00, real=0.10 secs] 
2016-09-25T21:43:00.664-0400: 104.278: [GC (GCLocker Initiated GC) [PSYoungGen: 88064K->43810K(175104K)] 523509K->479256K(699392K), 0.0056197 secs] [Times: user=0.07 sys=0.00, real=0.00 secs] 
2016-09-25T21:43:00.737-0400: 104.350: [GC (GCLocker Initiated GC) [PSYoungGen: 131874K->55179K(175104K)] 575564K->498869K(699392K), 0.0057560 secs] [Times: user=0.07 sys=0.00, real=0.01 secs] 
2016-09-25T21:43:00.812-0400: 104.426: [GC (GCLocker Initiated GC) [PSYoungGen: 143243K->41749K(175104K)] 592465K->495743K(699392K), 0.0057611 secs] [Times: user=0.07 sys=0.00, real=0.01 secs] 
2016-09-25T21:43:00.892-0400: 104.506: [GC (GCLocker Initiated GC) [PSYoungGen: 129813K->37726K(175104K)] 596141K->504882K(699392K), 0.0050025 secs] [Times: user=0.07 sys=0.00, real=0.01 secs] 
2016-09-25T21:43:00.963-0400: 104.577: [GC (GCLocker Initiated GC) [PSYoungGen: 125790K->43060K(175104K)] 598533K->530101K(699392K), 0.0130407 secs] [Times: user=0.18 sys=0.00, real=0.01 secs] 
2016-09-25T21:43:01.051-0400: 104.664: [GC (GCLocker Initiated GC) [PSYoungGen: 131124K->57860K(175104K)] 618239K->545760K(699392K), 0.0054142 secs] [Times: user=0.07 sys=0.00, real=0.01 secs] 
2016-09-25T21:43:01.120-0400: 104.734: [GC (GCLocker Initiated GC) [PSYoungGen: 145924K->48527K(172032K)] 642083K->545329K(696320K), 0.0057587 secs] [Times: user=0.08 sys=0.00, real=0.01 secs] 
2016-09-25T21:43:01.200-0400: 104.813: [GC (Allocation Failure) [PSYoungGen: 136591K->61475K(173568K)] 633532K->558416K(697856K), 0.0065263 secs] [Times: user=0.09 sys=0.00, real=0.01 secs] 
2016-09-25T21:43:01.264-0400: 104.877: [GC (GCLocker Initiated GC) [PSYoungGen: 147796K->51133K(172032K)] 647437K->550774K(696320K), 0.0103891 secs] [Times: user=0.12 sys=0.00, real=0.01 secs] 
2016-09-25T21:43:01.344-0400: 104.958: [GC (GCLocker Initiated GC) [PSYoungGen: 142781K->58639K(174592K)] 642433K->558290K(698880K), 0.0055850 secs] [Times: user=0.08 sys=0.00, real=0.00 secs] 
2016-09-25T21:43:01.410-0400: 105.023: [GC (GCLocker Initiated GC) [PSYoungGen: 150287K->49708K(175104K)] 652647K->552069K(699392K), 0.0062826 secs] [Times: user=0.05 sys=0.00, real=0.01 secs] 
2016-09-25T21:43:01.481-0400: 105.095: [GC (GCLocker Initiated GC) [PSYoungGen: 147500K->76000K(174080K)] 652759K->581259K(698368K), 0.0143318 secs] [Times: user=0.19 sys=0.00, real=0.02 secs] 
2016-09-25T21:43:01.568-0400: 105.181: [GC (GCLocker Initiated GC) [PSYoungGen: 173792K->46361K(178176K)] 681861K->568718K(702464K), 0.0161688 secs] [Times: user=0.20 sys=0.00, real=0.02 secs] 
2016-09-25T21:43:01.584-0400: 105.197: [Full GC (Ergonomics) [PSYoungGen: 46361K->0K(178176K)] [ParOldGen: 522357K->440232K(524288K)] 568718K->440232K(702464K), [Metaspace: 43860K->43860K(1087488K)], 0.0591088 secs] [Times: user=0.36 sys=0.01, real=0.06 secs] 
2016-09-25T21:43:01.702-0400: 105.315: [GC (GCLocker Initiated GC) [PSYoungGen: 93184K->60656K(154112K)] 536182K->503655K(678400K), 0.0050377 secs] [Times: user=0.06 sys=0.00, real=0.01 secs] 
2016-09-25T21:43:01.767-0400: 105.380: [GC (Allocation Failure) [PSYoungGen: 153840K->77533K(171008K)] 599669K->523362K(695296K), 0.0167277 secs] [Times: user=0.21 sys=0.00, real=0.02 secs] 
2016-09-25T21:43:01.784-0400: 105.397: [GC (GCLocker Initiated GC) [PSYoungGen: 77552K->80201K(175104K)] 523381K->526030K(699392K), 0.0065720 secs] [Times: user=0.10 sys=0.00, real=0.00 secs] 
2016-09-25T21:43:01.863-0400: 105.476: [GC (GCLocker Initiated GC) [PSYoungGen: 166413K->80781K(175104K)] 614942K->529310K(699392K), 0.0068681 secs] [Times: user=0.08 sys=0.00, real=0.00 secs] 
2016-09-25T21:43:01.938-0400: 105.552: [GC (GCLocker Initiated GC) [PSYoungGen: 168845K->50509K(175104K)] 617400K->535543K(699392K), 0.0123345 secs] [Times: user=0.17 sys=0.00, real=0.01 secs] 
2016-09-25T21:43:02.013-0400: 105.626: [GC (GCLocker Initiated GC) [PSYoungGen: 138573K->81538K(175104K)] 626472K->570140K(699392K), 0.0082815 secs] [Times: user=0.12 sys=0.00, real=0.01 secs] 
2016-09-25T21:43:02.096-0400: 105.710: [GC (GCLocker Initiated GC) --[PSYoungGen: 169602K->169602K(175104K)] 665084K->693483K(699392K), 0.0144896 secs] [Times: user=0.17 sys=0.00, real=0.01 secs] 
2016-09-25T21:43:02.111-0400: 105.724: [Full GC (Ergonomics) [PSYoungGen: 169602K->0K(175104K)] [ParOldGen: 523881K->443925K(524288K)] 693483K->443925K(699392K), [Metaspace: 43861K->43861K(1087488K)], 0.0635596 secs] [Times: user=0.73 sys=0.01, real=0.07 secs] 
2016-09-25T21:43:02.250-0400: 105.864: [GC (GCLocker Initiated GC) [PSYoungGen: 88064K->36270K(175104K)] 531999K->480206K(699392K), 0.0170536 secs] [Times: user=0.17 sys=0.00, real=0.02 secs] 
2016-09-25T21:43:02.343-0400: 105.956: [GC (GCLocker Initiated GC) [PSYoungGen: 124334K->52508K(175104K)] 576473K->505609K(699392K), 0.0121555 secs] [Times: user=0.18 sys=0.00, real=0.01 secs] 
2016-09-25T21:43:02.431-0400: 106.044: [GC (GCLocker Initiated GC) [PSYoungGen: 140572K->44364K(175104K)] 595027K->515806K(699392K), 0.0133118 secs] [Times: user=0.18 sys=0.01, real=0.02 secs] 
2016-09-25T21:43:02.502-0400: 106.115: [GC (GCLocker Initiated GC) [PSYoungGen: 132428K->46906K(175104K)] 604051K->519213K(699392K), 0.0073465 secs] [Times: user=0.07 sys=0.00, real=0.01 secs] 
2016-09-25T21:43:02.582-0400: 106.195: [GC (GCLocker Initiated GC) [PSYoungGen: 134970K->52345K(175104K)] 610059K->528085K(699392K), 0.0059070 secs] [Times: user=0.06 sys=0.00, real=0.01 secs] 
2016-09-25T21:43:02.663-0400: 106.277: [GC (GCLocker Initiated GC) [PSYoungGen: 140409K->40288K(175104K)] 616719K->517265K(699392K), 0.0095039 secs] [Times: user=0.13 sys=0.00, real=0.00 secs] 
2016-09-25T21:43:02.741-0400: 106.355: [GC (GCLocker Initiated GC) [PSYoungGen: 128352K->56638K(175104K)] 620265K->549256K(699392K), 0.0059310 secs] [Times: user=0.06 sys=0.02, real=0.01 secs] 
2016-09-25T21:43:02.811-0400: 106.424: [GC (GCLocker Initiated GC) [PSYoungGen: 144702K->51090K(173056K)] 637401K->568897K(697344K), 0.0116035 secs] [Times: user=0.15 sys=0.00, real=0.02 secs] 
2016-09-25T21:43:02.823-0400: 106.436: [Full GC (Ergonomics) [PSYoungGen: 51090K->0K(173056K)] [ParOldGen: 517806K->448820K(524288K)] 568897K->448820K(697344K), [Metaspace: 43861K->43861K(1087488K)], 0.0661334 secs] [Times: user=0.53 sys=0.01, real=0.06 secs] 
2016-09-25T21:43:02.952-0400: 106.565: [GC (GCLocker Initiated GC) [PSYoungGen: 88064K->49960K(174080K)] 536972K->498869K(698368K), 0.0055728 secs] [Times: user=0.08 sys=0.00, real=0.01 secs] 
2016-09-25T21:43:03.020-0400: 106.633: [GC (GCLocker Initiated GC) [PSYoungGen: 138024K->55232K(172544K)] 587041K->505152K(696832K), 0.0061770 secs] [Times: user=0.07 sys=0.01, real=0.01 secs] 
2016-09-25T21:43:03.109-0400: 106.723: [GC (GCLocker Initiated GC) [PSYoungGen: 147904K->21732K(173568K)] 611405K->496677K(697856K), 0.0048538 secs] [Times: user=0.05 sys=0.00, real=0.01 secs] 
2016-09-25T21:43:03.180-0400: 106.793: [GC (GCLocker Initiated GC) [PSYoungGen: 114404K->60104K(178176K)] 589542K->535243K(702464K), 0.0139771 secs] [Times: user=0.16 sys=0.00, real=0.01 secs] 
2016-09-25T21:43:03.262-0400: 106.876: [GC (GCLocker Initiated GC) [PSYoungGen: 154312K->63885K(158208K)] 629489K->539972K(682496K), 0.0219274 secs] [Times: user=0.25 sys=0.00, real=0.02 secs] 
2016-09-25T21:43:03.365-0400: 106.979: [GC (GCLocker Initiated GC) [PSYoungGen: 158093K->25682K(174592K)] 647695K->535471K(698880K), 0.0073118 secs] [Times: user=0.08 sys=0.00, real=0.00 secs] 
2016-09-25T21:43:03.373-0400: 106.986: [Full GC (Ergonomics) [PSYoungGen: 25682K->0K(174592K)] [ParOldGen: 509789K->438955K(524288K)] 535471K->438955K(698880K), [Metaspace: 43861K->43861K(1087488K)], 0.0818237 secs] [Times: user=1.08 sys=0.01, real=0.09 secs] 
2016-09-25T21:43:03.537-0400: 107.151: [GC (GCLocker Initiated GC) [PSYoungGen: 89088K->72635K(161792K)] 528072K->511620K(686080K), 0.0068029 secs] [Times: user=0.09 sys=0.01, real=0.01 secs] 
2016-09-25T21:43:03.602-0400: 107.216: [GC (GCLocker Initiated GC) [PSYoungGen: 161723K->55136K(175104K)] 604833K->509702K(699392K), 0.0093991 secs] [Times: user=0.15 sys=0.00, real=0.00 secs] 
2016-09-25T21:43:03.674-0400: 107.287: [GC (GCLocker Initiated GC) [PSYoungGen: 143200K->34664K(175104K)] 603980K->512271K(699392K), 0.0068236 secs] [Times: user=0.06 sys=0.00, real=0.01 secs] 
2016-09-25T21:43:03.739-0400: 107.352: [GC (GCLocker Initiated GC) [PSYoungGen: 122728K->57674K(175104K)] 600412K->536003K(699392K), 0.0057945 secs] [Times: user=0.07 sys=0.00, real=0.01 secs] 
2016-09-25T21:43:03.808-0400: 107.421: [GC (GCLocker Initiated GC) [PSYoungGen: 145738K->56909K(145408K)] 627366K->538538K(669696K), 0.0061567 secs] [Times: user=0.08 sys=0.00, real=0.00 secs] 
2016-09-25T21:43:03.877-0400: 107.490: [GC (Allocation Failure) [PSYoungGen: 144973K->54740K(175104K)] 629663K->539430K(699392K), 0.0076751 secs] [Times: user=0.08 sys=0.00, real=0.01 secs] 
2016-09-25T21:43:03.886-0400: 107.499: [GC (GCLocker Initiated GC) [PSYoungGen: 55372K->61500K(173056K)] 540062K->546190K(697344K), 0.0060477 secs] [Times: user=0.08 sys=0.00, real=0.00 secs] 
2016-09-25T21:43:03.955-0400: 107.568: [GC (GCLocker Initiated GC) [PSYoungGen: 151348K->38265K(178176K)] 637388K->536195K(702464K), 0.0057681 secs] [Times: user=0.08 sys=0.00, real=0.00 secs] 
2016-09-25T21:43:04.034-0400: 107.648: [Full GC (Ergonomics) [PSYoungGen: 132985K->0K(178176K)] [ParOldGen: 503388K->443683K(524288K)] 636374K->443683K(702464K), [Metaspace: 43864K->43864K(1087488K)], 0.0535595 secs] [Times: user=0.48 sys=0.00, real=0.05 secs] 
2016-09-25T21:43:04.160-0400: 107.774: [GC (GCLocker Initiated GC) [PSYoungGen: 94720K->58203K(177664K)] 541191K->504674K(701952K), 0.0070451 secs] [Times: user=0.10 sys=0.00, real=0.01 secs] 
2016-09-25T21:43:04.242-0400: 107.856: [GC (GCLocker Initiated GC) [PSYoungGen: 152923K->41768K(178176K)] 607635K->500145K(702464K), 0.0060808 secs] [Times: user=0.07 sys=0.00, real=0.00 secs] 
2016-09-25T21:43:04.336-0400: 107.950: [GC (GCLocker Initiated GC) [PSYoungGen: 138536K->47168K(177664K)] 602548K->513390K(701952K), 0.0066997 secs] [Times: user=0.07 sys=0.00, real=0.01 secs] 
2016-09-25T21:43:04.429-0400: 108.043: [GC (GCLocker Initiated GC) [PSYoungGen: 143936K->28236K(177664K)] 615018K->500162K(701952K), 0.0062859 secs] [Times: user=0.07 sys=0.00, real=0.01 secs] 
2016-09-25T21:43:04.496-0400: 108.110: [GC (GCLocker Initiated GC) [PSYoungGen: 127052K->54969K(178688K)] 599002K->527743K(702976K), 0.0061468 secs] [Times: user=0.05 sys=0.01, real=0.01 secs] 
2016-09-25T21:43:04.585-0400: 108.198: [GC (GCLocker Initiated GC) [PSYoungGen: 153785K->44355K(176640K)] 629379K->520518K(700928K), 0.0087280 secs] [Times: user=0.12 sys=0.00, real=0.00 secs] 
2016-09-25T21:43:04.678-0400: 108.292: [GC (GCLocker Initiated GC) [PSYoungGen: 147267K->33434K(179712K)] 626371K->513224K(704000K), 0.0085884 secs] [Times: user=0.10 sys=0.00, real=0.01 secs] 
2016-09-25T21:43:04.773-0400: 108.386: [GC (GCLocker Initiated GC) [PSYoungGen: 136346K->36092K(183296K)] 616147K->516690K(707584K), 0.0060924 secs] [Times: user=0.06 sys=0.00, real=0.01 secs] 
2016-09-25T21:43:04.865-0400: 108.478: [GC (GCLocker Initiated GC) [PSYoungGen: 144636K->59836K(184320K)] 625331K->540531K(708608K), 0.0105699 secs] [Times: user=0.06 sys=0.00, real=0.01 secs] 
2016-09-25T21:43:04.960-0400: 108.573: [GC (GCLocker Initiated GC) [PSYoungGen: 168380K->56426K(183296K)] 651852K->539898K(707584K), 0.0087497 secs] [Times: user=0.08 sys=0.00, real=0.01 secs] 
2016-09-25T21:43:05.052-0400: 108.666: [GC (GCLocker Initiated GC) [PSYoungGen: 161898K->77604K(183296K)] 648650K->564356K(707584K), 0.0169112 secs] [Times: user=0.21 sys=0.01, real=0.02 secs] 
2016-09-25T21:43:05.170-0400: 108.783: [GC (GCLocker Initiated GC) [PSYoungGen: 183076K->57420K(171008K)] 672568K->558371K(695296K), 0.0167087 secs] [Times: user=0.21 sys=0.00, real=0.02 secs] 
2016-09-25T21:43:05.268-0400: 108.882: [Full GC (Ergonomics) [PSYoungGen: 149580K->0K(171008K)] [ParOldGen: 511776K->453216K(524288K)] 661356K->453216K(695296K), [Metaspace: 43867K->43867K(1087488K)], 0.0668906 secs] [Times: user=0.51 sys=0.00, real=0.07 secs] 
2016-09-25T21:43:05.423-0400: 109.036: [GC (GCLocker Initiated GC) [PSYoungGen: 92160K->44640K(177152K)] 545442K->497923K(701440K), 0.0102733 secs] [Times: user=0.11 sys=0.00, real=0.00 secs] 
2016-09-25T21:43:05.513-0400: 109.126: [GC (GCLocker Initiated GC) [PSYoungGen: 136800K->46783K(169984K)] 590190K->500173K(694272K), 0.0054565 secs] [Times: user=0.04 sys=0.01, real=0.01 secs] 
2016-09-25T21:43:05.597-0400: 109.211: [GC (GCLocker Initiated GC) [PSYoungGen: 140991K->62386K(174592K)] 599893K->521288K(698880K), 0.0148983 secs] [Times: user=0.19 sys=0.00, real=0.01 secs] 
2016-09-25T21:43:05.696-0400: 109.309: [GC (GCLocker Initiated GC) [PSYoungGen: 156594K->37029K(180736K)] 616965K->501869K(705024K), 0.0123269 secs] [Times: user=0.12 sys=0.00, real=0.01 secs] 
2016-09-25T21:43:05.778-0400: 109.391: [GC (GCLocker Initiated GC) [PSYoungGen: 135845K->27982K(180224K)] 603642K->508156K(704512K), 0.0058119 secs] [Times: user=0.04 sys=0.01, real=0.01 secs] 
2016-09-25T21:43:05.879-0400: 109.493: [GC (GCLocker Initiated GC) [PSYoungGen: 126798K->36069K(179200K)] 607001K->516950K(703488K), 0.0053000 secs] [Times: user=0.05 sys=0.00, real=0.01 secs] 
2016-09-25T21:43:05.955-0400: 109.569: [GC (GCLocker Initiated GC) [PSYoungGen: 134885K->51073K(179712K)] 618622K->543639K(704000K), 0.0074254 secs] [Times: user=0.10 sys=0.00, real=0.01 secs] 
2016-09-25T21:43:06.050-0400: 109.663: [GC (GCLocker Initiated GC) [PSYoungGen: 149889K->28047K(179200K)] 647895K->537608K(703488K), 0.0070662 secs] [Times: user=0.06 sys=0.00, real=0.01 secs] 
2016-09-25T21:43:06.057-0400: 109.670: [Full GC (Ergonomics) [PSYoungGen: 28047K->0K(179200K)] [ParOldGen: 509561K->456065K(524288K)] 537608K->456065K(703488K), [Metaspace: 43867K->43867K(1087488K)], 0.0714112 secs] [Times: user=0.49 sys=0.01, real=0.07 secs] 
2016-09-25T21:43:06.212-0400: 109.826: [GC (GCLocker Initiated GC) [PSYoungGen: 100352K->46282K(179712K)] 556430K->502360K(704000K), 0.0102079 secs] [Times: user=0.14 sys=0.00, real=0.02 secs] 
2016-09-25T21:43:06.295-0400: 109.909: [GC (GCLocker Initiated GC) [PSYoungGen: 146634K->37433K(180736K)] 612191K->502990K(705024K), 0.0087944 secs] [Times: user=0.09 sys=0.00, real=0.01 secs] 
2016-09-25T21:43:06.412-0400: 110.025: [GC (GCLocker Initiated GC) [PSYoungGen: 143417K->44086K(180224K)] 615890K->517771K(704512K), 0.0051068 secs] [Times: user=0.05 sys=0.00, real=0.01 secs] 
2016-09-25T21:43:06.521-0400: 110.134: [GC (GCLocker Initiated GC) [PSYoungGen: 150070K->21676K(183808K)] 630564K->502178K(708096K), 0.0078056 secs] [Times: user=0.04 sys=0.00, real=0.01 secs] 
2016-09-25T21:43:06.625-0400: 110.238: [GC (GCLocker Initiated GC) [PSYoungGen: 133804K->67507K(179712K)] 614444K->548146K(704000K), 0.0107741 secs] [Times: user=0.13 sys=0.00, real=0.01 secs] 
2016-09-25T21:43:06.726-0400: 110.339: [GC (GCLocker Initiated GC) [PSYoungGen: 179635K->61375K(177664K)] 660416K->542157K(701952K), 0.0139730 secs] [Times: user=0.17 sys=0.00, real=0.01 secs] 
2016-09-25T21:43:06.826-0400: 110.439: [GC (GCLocker Initiated GC) [PSYoungGen: 159679K->50544K(180224K)] 640485K->551155K(704512K), 0.0103982 secs] [Times: user=0.13 sys=0.00, real=0.01 secs] 
2016-09-25T21:43:06.917-0400: 110.531: [GC (GCLocker Initiated GC) [PSYoungGen: 148848K->42527K(174592K)] 649480K->543978K(698880K), 0.0110429 secs] [Times: user=0.14 sys=0.00, real=0.01 secs] 
2016-09-25T21:43:07.005-0400: 110.618: [GC (GCLocker Initiated GC) [PSYoungGen: 142879K->53053K(177664K)] 644441K->563686K(701952K), 0.0069957 secs] [Times: user=0.07 sys=0.00, real=0.00 secs] 
2016-09-25T21:43:07.012-0400: 110.625: [Full GC (Ergonomics) [PSYoungGen: 53053K->0K(177664K)] [ParOldGen: 510633K->449901K(524288K)] 563686K->449901K(701952K), [Metaspace: 43873K->43873K(1087488K)], 0.0706805 secs] [Times: user=0.68 sys=0.01, real=0.08 secs] 
2016-09-25T21:43:07.160-0400: 110.773: [GC (GCLocker Initiated GC) [PSYoungGen: 100352K->37524K(181248K)] 554390K->491562K(705536K), 0.0098737 secs] [Times: user=0.11 sys=0.00, real=0.01 secs] 
2016-09-25T21:43:07.253-0400: 110.866: [GC (GCLocker Initiated GC) [PSYoungGen: 145556K->62771K(183296K)] 600587K->517802K(707584K), 0.0116267 secs] [Times: user=0.14 sys=0.00, real=0.02 secs] 
2016-09-25T21:43:07.347-0400: 110.961: [GC (GCLocker Initiated GC) [PSYoungGen: 170803K->59434K(181248K)] 625956K->514587K(705536K), 0.0078466 secs] [Times: user=0.08 sys=0.01, real=0.01 secs] 
2016-09-25T21:43:07.442-0400: 111.055: [GC (GCLocker Initiated GC) [PSYoungGen: 161834K->56327K(182272K)] 626531K->521024K(706560K), 0.0175734 secs] [Times: user=0.18 sys=0.02, real=0.02 secs] 
2016-09-25T21:43:07.557-0400: 111.171: [GC (GCLocker Initiated GC) [PSYoungGen: 158727K->37369K(180736K)] 628895K->527335K(705024K), 0.0111312 secs] [Times: user=0.14 sys=0.00, real=0.01 secs] 
2016-09-25T21:43:07.653-0400: 111.267: [GC (GCLocker Initiated GC) [PSYoungGen: 140281K->46201K(181760K)] 635724K->545749K(706048K), 0.0073721 secs] [Times: user=0.06 sys=0.00, real=0.01 secs] 
2016-09-25T21:43:07.749-0400: 111.363: [GC (GCLocker Initiated GC) [PSYoungGen: 149113K->38583K(181760K)] 651378K->556130K(706048K), 0.0157162 secs] [Times: user=0.19 sys=0.00, real=0.02 secs] 
2016-09-25T21:43:07.765-0400: 111.379: [Full GC (Ergonomics) [PSYoungGen: 38583K->0K(181760K)] [ParOldGen: 517547K->452571K(524288K)] 556130K->452571K(706048K), [Metaspace: 43873K->43873K(1087488K)], 0.0709686 secs] [Times: user=0.67 sys=0.01, real=0.07 secs] 
2016-09-25T21:43:07.953-0400: 111.567: [GC (GCLocker Initiated GC) [PSYoungGen: 107008K->58687K(181760K)] 570486K->522166K(706048K), 0.0120307 secs] [Times: user=0.18 sys=0.01, real=0.02 secs] 
2016-09-25T21:43:08.065-0400: 111.678: [GC (GCLocker Initiated GC) [PSYoungGen: 165695K->35037K(186368K)] 637352K->513649K(710656K), 0.0056349 secs] [Times: user=0.05 sys=0.00, real=0.00 secs] 
2016-09-25T21:43:08.160-0400: 111.774: [GC (GCLocker Initiated GC) [PSYoungGen: 145117K->48682K(159232K)] 629366K->533914K(683520K), 0.0103768 secs] [Times: user=0.14 sys=0.00, real=0.01 secs] 
2016-09-25T21:43:08.270-0400: 111.883: [GC (GCLocker Initiated GC) [PSYoungGen: 158762K->32333K(183808K)] 656285K->530728K(708096K), 0.0092678 secs] [Times: user=0.09 sys=0.02, real=0.01 secs] 
2016-09-25T21:43:08.375-0400: 111.988: [GC (GCLocker Initiated GC) [PSYoungGen: 142413K->34779K(183808K)] 640811K->534052K(708096K), 0.0086132 secs] [Times: user=0.06 sys=0.00, real=0.01 secs] 
2016-09-25T21:43:08.477-0400: 112.090: [GC (Allocation Failure) [PSYoungGen: 144859K->34911K(187392K)] 648946K->539867K(711680K), 0.0144334 secs] [Times: user=0.18 sys=0.01, real=0.01 secs] 
2016-09-25T21:43:08.588-0400: 112.202: [Full GC (Ergonomics) [PSYoungGen: 150474K->0K(187392K)] [ParOldGen: 510355K->458364K(524288K)] 660830K->458364K(711680K), [Metaspace: 43873K->43873K(1087488K)], 0.0731611 secs] [Times: user=0.67 sys=0.00, real=0.07 secs] 
2016-09-25T21:43:08.757-0400: 112.371: [GC (GCLocker Initiated GC) [PSYoungGen: 115712K->47465K(187392K)] 574130K->505884K(711680K), 0.0108252 secs] [Times: user=0.13 sys=0.00, real=0.01 secs] 
2016-09-25T21:43:08.859-0400: 112.472: [GC (GCLocker Initiated GC) [PSYoungGen: 163177K->45764K(187904K)] 621636K->505358K(712192K), 0.0095470 secs] [Times: user=0.10 sys=0.00, real=0.01 secs] 
2016-09-25T21:43:08.969-0400: 112.582: [GC (GCLocker Initiated GC) [PSYoungGen: 166084K->33483K(188416K)] 625761K->496661K(712704K), 0.0060999 secs] [Times: user=0.04 sys=0.00, real=0.01 secs] 
2016-09-25T21:43:09.079-0400: 112.692: [GC (GCLocker Initiated GC) [PSYoungGen: 153803K->35745K(192000K)] 623809K->505751K(716288K), 0.0064545 secs] [Times: user=0.04 sys=0.01, real=0.01 secs] 
2016-09-25T21:43:09.187-0400: 112.800: [GC (GCLocker Initiated GC) [PSYoungGen: 162209K->40594K(193024K)] 638980K->517365K(717312K), 0.0072388 secs] [Times: user=0.07 sys=0.00, real=0.01 secs] 
2016-09-25T21:43:09.299-0400: 112.912: [GC (GCLocker Initiated GC) [PSYoungGen: 167058K->63051K(186368K)] 649251K->545243K(710656K), 0.0068898 secs] [Times: user=0.06 sys=0.01, real=0.01 secs] 
2016-09-25T21:43:09.396-0400: 113.009: [GC (GCLocker Initiated GC) [PSYoungGen: 184907K->69144K(191488K)] 667191K->562228K(715776K), 0.0076066 secs] [Times: user=0.07 sys=0.00, real=0.01 secs] 
2016-09-25T21:43:09.495-0400: 113.108: [GC (GCLocker Initiated GC) [PSYoungGen: 191000K->45411K(185344K)] 685448K->539859K(709632K), 0.0068905 secs] [Times: user=0.05 sys=0.00, real=0.00 secs] 
2016-09-25T21:43:09.585-0400: 113.198: [GC (GCLocker Initiated GC) [PSYoungGen: 160099K->55791K(170496K)] 666920K->562612K(694784K), 0.0064863 secs] [Times: user=0.06 sys=0.00, real=0.00 secs] 
2016-09-25T21:43:09.687-0400: 113.300: [Full GC (Ergonomics) [PSYoungGen: 170479K->0K(170496K)] [ParOldGen: 517701K->465854K(524288K)] 688180K->465854K(694784K), [Metaspace: 43875K->43875K(1087488K)], 0.0600753 secs] [Times: user=0.45 sys=0.01, real=0.06 secs] 
2016-09-25T21:43:09.842-0400: 113.455: [GC (GCLocker Initiated GC) [PSYoungGen: 114688K->47311K(189952K)] 581923K->514546K(714240K), 0.0131618 secs] [Times: user=0.10 sys=0.02, real=0.02 secs] 
2016-09-25T21:43:09.938-0400: 113.551: [GC (GCLocker Initiated GC) [PSYoungGen: 162511K->35787K(151040K)] 632516K->505792K(675328K), 0.0056178 secs] [Times: user=0.05 sys=0.00, real=0.01 secs] 
2016-09-25T21:43:10.031-0400: 113.644: [GC (GCLocker Initiated GC) [PSYoungGen: 150987K->57124K(185344K)] 627814K->533951K(709632K), 0.0275100 secs] [Times: user=0.32 sys=0.01, real=0.03 secs] 
2016-09-25T21:43:10.143-0400: 113.757: [GC (GCLocker Initiated GC) [PSYoungGen: 170788K->72576K(186368K)] 650530K->552318K(710656K), 0.0116831 secs] [Times: user=0.14 sys=0.01, real=0.01 secs] 
2016-09-25T21:43:10.249-0400: 113.862: [GC (Allocation Failure) [PSYoungGen: 186240K->54139K(181248K)] 668695K->536594K(705536K), 0.0103361 secs] [Times: user=0.10 sys=0.01, real=0.01 secs] 
2016-09-25T21:43:10.260-0400: 113.873: [GC (GCLocker Initiated GC) [PSYoungGen: 54328K->66467K(172032K)] 536783K->548922K(696320K), 0.0087991 secs] [Times: user=0.10 sys=0.00, real=0.01 secs] 
2016-09-25T21:43:10.345-0400: 113.959: [GC (GCLocker Initiated GC) [PSYoungGen: 169610K->28422K(178688K)] 654765K->521407K(702976K), 0.0085162 secs] [Times: user=0.09 sys=0.01, real=0.00 secs] 
2016-09-25T21:43:10.419-0400: 114.033: [GC (GCLocker Initiated GC) [PSYoungGen: 125702K->38356K(179712K)] 618708K->546389K(704000K), 0.0073421 secs] [Times: user=0.08 sys=0.01, real=0.01 secs] 
2016-09-25T21:43:10.506-0400: 114.119: [Full GC (Ergonomics) [PSYoungGen: 135636K->0K(179712K)] [ParOldGen: 517630K->458151K(524288K)] 653266K->458151K(704000K), [Metaspace: 43875K->43875K(1087488K)], 0.0765312 secs] [Times: user=0.68 sys=0.00, real=0.08 secs] 
2016-09-25T21:43:10.655-0400: 114.268: [GC (GCLocker Initiated GC) [PSYoungGen: 97280K->52461K(175616K)] 562301K->517483K(699904K), 0.0247030 secs] [Times: user=0.37 sys=0.00, real=0.02 secs] 
2016-09-25T21:43:10.761-0400: 114.375: [GC (GCLocker Initiated GC) [PSYoungGen: 150765K->61221K(177664K)] 616175K->526631K(701952K), 0.0068430 secs] [Times: user=0.10 sys=0.00, real=0.01 secs] 
2016-09-25T21:43:10.834-0400: 114.447: [GC (GCLocker Initiated GC) [PSYoungGen: 159525K->55744K(181760K)] 625037K->529951K(706048K), 0.0093452 secs] [Times: user=0.10 sys=0.00, real=0.02 secs] 
2016-09-25T21:43:10.916-0400: 114.530: [GC (GCLocker Initiated GC) [PSYoungGen: 157120K->44420K(145920K)] 634043K->533377K(670208K), 0.0229425 secs] [Times: user=0.30 sys=0.00, real=0.02 secs] 
2016-09-25T21:43:11.014-0400: 114.627: [GC (GCLocker Initiated GC) [PSYoungGen: 145796K->29056K(179712K)] 640231K->524212K(704000K), 0.0075222 secs] [Times: user=0.07 sys=0.00, real=0.01 secs] 
2016-09-25T21:43:11.101-0400: 114.714: [Full GC (Ergonomics) [PSYoungGen: 130432K->0K(179712K)] [ParOldGen: 511393K->466961K(524288K)] 641826K->466961K(704000K), [Metaspace: 43875K->43875K(1087488K)], 0.0832791 secs] [Times: user=0.70 sys=0.02, real=0.09 secs] 
2016-09-25T21:43:11.273-0400: 114.887: [GC (GCLocker Initiated GC) [PSYoungGen: 101376K->45802K(180224K)] 568558K->512984K(704512K), 0.0100023 secs] [Times: user=0.10 sys=0.00, real=0.02 secs] 
2016-09-25T21:43:11.356-0400: 114.969: [GC (GCLocker Initiated GC) [PSYoungGen: 147178K->37365K(182272K)] 616185K->507264K(706560K), 0.0063868 secs] [Times: user=0.04 sys=0.00, real=0.00 secs] 
2016-09-25T21:43:11.459-0400: 115.072: [GC (GCLocker Initiated GC) [PSYoungGen: 143349K->37602K(181248K)] 632260K->529889K(705536K), 0.0055714 secs] [Times: user=0.04 sys=0.00, real=0.01 secs] 
2016-09-25T21:43:11.556-0400: 115.169: [GC (GCLocker Initiated GC) [PSYoungGen: 143586K->45711K(184320K)] 635921K->538846K(708608K), 0.0160889 secs] [Times: user=0.12 sys=0.00, real=0.01 secs] 
2016-09-25T21:43:11.665-0400: 115.278: [GC (GCLocker Initiated GC) [PSYoungGen: 158863K->44389K(184320K)] 652329K->538674K(708608K), 0.0087625 secs] [Times: user=0.06 sys=0.00, real=0.00 secs] 
2016-09-25T21:43:11.758-0400: 115.372: [GC (GCLocker Initiated GC) [PSYoungGen: 157541K->53752K(188416K)] 654544K->551546K(712704K), 0.0203725 secs] [Times: user=0.20 sys=0.00, real=0.02 secs] 
2016-09-25T21:43:11.876-0400: 115.490: [GC (GCLocker Initiated GC) --[PSYoungGen: 173048K->173048K(188416K)] 675888K->695572K(712704K), 0.0131111 secs] [Times: user=0.14 sys=0.00, real=0.01 secs] 
2016-09-25T21:43:11.890-0400: 115.503: [Full GC (Ergonomics) [PSYoungGen: 173048K->0K(188416K)] [ParOldGen: 522524K->462510K(524288K)] 695572K->462510K(712704K), [Metaspace: 43882K->43882K(1087488K)], 0.0608758 secs] [Times: user=0.58 sys=0.00, real=0.06 secs] 
2016-09-25T21:43:12.035-0400: 115.648: [GC (GCLocker Initiated GC) [PSYoungGen: 119296K->56949K(188928K)] 590049K->527702K(713216K), 0.0059593 secs] [Times: user=0.08 sys=0.00, real=0.00 secs] 
2016-09-25T21:43:12.147-0400: 115.761: [GC (GCLocker Initiated GC) [PSYoungGen: 176245K->44592K(189952K)] 649795K->519319K(714240K), 0.0056729 secs] [Times: user=0.05 sys=0.00, real=0.00 secs] 
2016-09-25T21:43:12.241-0400: 115.855: [GC (GCLocker Initiated GC) [PSYoungGen: 165936K->53960K(190464K)] 643408K->532392K(714752K), 0.0094036 secs] [Times: user=0.10 sys=0.01, real=0.01 secs] 
2016-09-25T21:43:12.347-0400: 115.960: [GC (GCLocker Initiated GC) [PSYoungGen: 175304K->29564K(190464K)] 659297K->530652K(714752K), 0.0099307 secs] [Times: user=0.10 sys=0.00, real=0.01 secs] 
2016-09-25T21:43:12.433-0400: 116.046: [GC (GCLocker Initiated GC) [PSYoungGen: 150396K->70155K(191488K)] 654235K->574842K(715776K), 0.0077837 secs] [Times: user=0.08 sys=0.01, real=0.01 secs] 
2016-09-25T21:43:18.886-0400: 122.500: [GC (Allocation Failure) [PSYoungGen: 190987K->26867K(177152K)] 695678K->537743K(701440K), 0.0273514 secs] [Times: user=0.18 sys=0.00, real=0.02 secs] 
2016-09-25T21:43:18.914-0400: 122.527: [Full GC (Ergonomics) [PSYoungGen: 26867K->0K(177152K)] [ParOldGen: 510875K->428397K(524288K)] 537743K->428397K(701440K), [Metaspace: 43933K->43929K(1087488K)], 0.0957237 secs] [Times: user=0.78 sys=0.00, real=0.10 secs] 
2016-09-25T21:43:25.759-0400: 129.372: [GC (Allocation Failure) [PSYoungGen: 106496K->28486K(184320K)] 534893K->456884K(708608K), 0.0223925 secs] [Times: user=0.21 sys=0.00, real=0.02 secs] 
2016-09-25T21:43:32.280-0400: 135.893: [GC (Allocation Failure) [PSYoungGen: 134982K->56909K(182272K)] 563380K->485315K(706560K), 0.0153773 secs] [Times: user=0.15 sys=0.01, real=0.02 secs] 
2016-09-25T21:43:38.638-0400: 142.251: [GC (Allocation Failure) [PSYoungGen: 161357K->78834K(183296K)] 589763K->513906K(707584K), 0.0168554 secs] [Times: user=0.17 sys=0.01, real=0.02 secs] 
