Java HotSpot(TM) 64-Bit Server VM (25.77-b03) for linux-amd64 JRE (1.8.0_77-b03), built on Mar 20 2016 22:00:46 by "java_re" with gcc 4.3.0 20080428 (Red Hat 4.3.0-8)
Memory: 4k page, physical 264122324k(97688808k free), swap 268399612k(268246068k free)
CommandLine flags: -XX:GCLogFileSize=1048576 -XX:+HeapDumpOnOutOfMemoryError -XX:HeapDumpPath=artifacts/heapdump -XX:InitialHeapSize=805306368 -XX:MaxHeapSize=805306368 -XX:NumberOfGCLogFiles=10 -XX:+PrintGC -XX:+PrintGCDateStamps -XX:+PrintGCDetails -XX:+PrintGCTimeStamps -XX:+UseCompressedClassPointers -XX:+UseCompressedOops -XX:+UseGCLogFileRotation -XX:+UseParallelGC 
2016-09-13T17:45:53.613-0400: 2.169: [GC (Metadata GC Threshold) [PSYoungGen: 121898K->15542K(229376K)] 121898K->15630K(753664K), 0.0206837 secs] [Times: user=0.10 sys=0.03, real=0.02 secs] 
2016-09-13T17:45:53.633-0400: 2.190: [Full GC (Metadata GC Threshold) [PSYoungGen: 15542K->0K(229376K)] [ParOldGen: 88K->14598K(342016K)] 15630K->14598K(571392K), [Metaspace: 21055K->21055K(1067008K)], 0.0399033 secs] [Times: user=0.33 sys=0.00, real=0.04 secs] 
2016-09-13T17:45:55.415-0400: 3.972: [GC (Metadata GC Threshold) [PSYoungGen: 124222K->14651K(229376K)] 138821K->29386K(571392K), 0.0426024 secs] [Times: user=0.32 sys=0.02, real=0.05 secs] 
2016-09-13T17:45:55.458-0400: 4.015: [Full GC (Metadata GC Threshold) [PSYoungGen: 14651K->0K(229376K)] [ParOldGen: 14734K->20207K(524288K)] 29386K->20207K(753664K), [Metaspace: 34912K->34912K(1079296K)], 0.0639312 secs] [Times: user=0.40 sys=0.02, real=0.06 secs] 
2016-09-13T17:45:57.142-0400: 5.699: [GC (GCLocker Initiated GC) [PSYoungGen: 191030K->30526K(229376K)] 217312K->75042K(753664K), 0.0136641 secs] [Times: user=0.15 sys=0.00, real=0.02 secs] 
2016-09-13T17:45:57.478-0400: 6.035: [GC (Allocation Failure) [PSYoungGen: 227134K->27973K(229376K)] 278074K->91071K(753664K), 0.0274357 secs] [Times: user=0.29 sys=0.01, real=0.02 secs] 
2016-09-13T17:45:57.788-0400: 6.345: [GC (GCLocker Initiated GC) [PSYoungGen: 218955K->29908K(226816K)] 288127K->129464K(751104K), 0.0154989 secs] [Times: user=0.17 sys=0.01, real=0.01 secs] 
2016-09-13T17:45:58.123-0400: 6.680: [GC (GCLocker Initiated GC) [PSYoungGen: 226516K->30575K(218624K)] 332173K->148389K(742912K), 0.0097819 secs] [Times: user=0.06 sys=0.04, real=0.01 secs] 
2016-09-13T17:45:58.520-0400: 7.077: [GC (GCLocker Initiated GC) [PSYoungGen: 213871K->38489K(222208K)] 332046K->180972K(746496K), 0.0110145 secs] [Times: user=0.09 sys=0.02, real=0.01 secs] 
2016-09-13T17:45:58.926-0400: 7.483: [GC (GCLocker Initiated GC) [PSYoungGen: 221785K->33963K(211968K)] 364629K->204556K(736256K), 0.0203138 secs] [Times: user=0.20 sys=0.02, real=0.02 secs] 
2016-09-13T17:45:59.373-0400: 7.929: [GC (GCLocker Initiated GC) [PSYoungGen: 205995K->3536K(175616K)] 376600K->184113K(699904K), 0.0082649 secs] [Times: user=0.06 sys=0.00, real=0.01 secs] 
2016-09-13T17:45:59.701-0400: 8.257: [GC (GCLocker Initiated GC) [PSYoungGen: 175568K->42259K(206336K)] 356506K->224039K(730624K), 0.0182588 secs] [Times: user=0.16 sys=0.00, real=0.02 secs] 
2016-09-13T17:46:00.088-0400: 8.645: [GC (GCLocker Initiated GC) [PSYoungGen: 200979K->19076K(210432K)] 389190K->212892K(734720K), 0.0193540 secs] [Times: user=0.20 sys=0.01, real=0.01 secs] 
2016-09-13T17:46:00.431-0400: 8.987: [GC (Allocation Failure) [PSYoungGen: 177796K->19025K(207360K)] 371934K->213594K(731648K), 0.0065196 secs] [Times: user=0.08 sys=0.00, real=0.01 secs] 
2016-09-13T17:46:00.794-0400: 9.351: [GC (Allocation Failure) [PSYoungGen: 178769K->18710K(209408K)] 373338K->213672K(733696K), 0.0261193 secs] [Times: user=0.31 sys=0.00, real=0.03 secs] 
2016-09-13T17:46:01.178-0400: 9.735: [GC (Allocation Failure) [PSYoungGen: 172398K->645K(210944K)] 367360K->195972K(735232K), 0.0111555 secs] [Times: user=0.12 sys=0.01, real=0.01 secs] 
2016-09-13T17:46:01.566-0400: 10.123: [GC (GCLocker Initiated GC) [PSYoungGen: 163461K->49496K(212480K)] 358794K->251285K(736768K), 0.0117118 secs] [Times: user=0.12 sys=0.01, real=0.02 secs] 
2016-09-13T17:46:01.843-0400: 10.400: [GC (GCLocker Initiated GC) [PSYoungGen: 212312K->48019K(186880K)] 414166K->250187K(711168K), 0.0081796 secs] [Times: user=0.05 sys=0.01, real=0.01 secs] 
2016-09-13T17:46:02.009-0400: 10.565: [GC (GCLocker Initiated GC) [PSYoungGen: 185235K->32867K(199680K)] 389080K->243377K(723968K), 0.0280400 secs] [Times: user=0.37 sys=0.00, real=0.03 secs] 
2016-09-13T17:46:02.176-0400: 10.733: [GC (GCLocker Initiated GC) [PSYoungGen: 170083K->50844K(189952K)] 382179K->269414K(714240K), 0.0111219 secs] [Times: user=0.12 sys=0.01, real=0.00 secs] 
2016-09-13T17:46:02.331-0400: 10.888: [GC (GCLocker Initiated GC) [PSYoungGen: 179868K->32608K(195584K)] 398463K->257516K(719872K), 0.0074937 secs] [Times: user=0.05 sys=0.01, real=0.01 secs] 
2016-09-13T17:46:02.505-0400: 11.062: [GC (GCLocker Initiated GC) [PSYoungGen: 161632K->63024K(180224K)] 386660K->297527K(704512K), 0.0105706 secs] [Times: user=0.12 sys=0.01, real=0.01 secs] 
2016-09-13T17:46:02.650-0400: 11.206: [GC (GCLocker Initiated GC) [PSYoungGen: 179760K->49319K(166400K)] 414329K->288784K(690688K), 0.0111552 secs] [Times: user=0.10 sys=0.02, real=0.01 secs] 
2016-09-13T17:46:02.809-0400: 11.366: [GC (Allocation Failure) [PSYoungGen: 166055K->31063K(190976K)] 411757K->277012K(715264K), 0.0063593 secs] [Times: user=0.06 sys=0.00, real=0.01 secs] 
2016-09-13T17:46:02.959-0400: 11.515: [GC (GCLocker Initiated GC) [PSYoungGen: 147725K->44801K(187904K)] 395193K->301694K(712192K), 0.0084679 secs] [Times: user=0.09 sys=0.00, real=0.00 secs] 
2016-09-13T17:46:03.112-0400: 11.668: [GC (GCLocker Initiated GC) [PSYoungGen: 161537K->67676K(174592K)] 418606K->324967K(698880K), 0.0103574 secs] [Times: user=0.07 sys=0.01, real=0.01 secs] 
2016-09-13T17:46:03.271-0400: 11.827: [GC (GCLocker Initiated GC) [PSYoungGen: 171100K->24891K(182784K)] 434535K->293134K(707072K), 0.0098258 secs] [Times: user=0.06 sys=0.00, real=0.01 secs] 
2016-09-13T17:46:03.415-0400: 11.971: [GC (GCLocker Initiated GC) [PSYoungGen: 128315K->49361K(182272K)] 396616K->327127K(706560K), 0.0148307 secs] [Times: user=0.19 sys=0.00, real=0.02 secs] 
2016-09-13T17:46:03.559-0400: 12.116: [GC (GCLocker Initiated GC) [PSYoungGen: 154321K->35528K(140800K)] 432234K->318136K(665088K), 0.0083574 secs] [Times: user=0.09 sys=0.00, real=0.00 secs] 
2016-09-13T17:46:03.717-0400: 12.274: [GC (GCLocker Initiated GC) [PSYoungGen: 140488K->59956K(176640K)] 423211K->342980K(700928K), 0.0076596 secs] [Times: user=0.08 sys=0.02, real=0.00 secs] 
2016-09-13T17:46:03.869-0400: 12.425: [GC (GCLocker Initiated GC) [PSYoungGen: 161844K->13087K(181248K)] 458649K->320785K(705536K), 0.0228598 secs] [Times: user=0.33 sys=0.01, real=0.02 secs] 
2016-09-13T17:46:04.016-0400: 12.572: [GC (Allocation Failure) [PSYoungGen: 114975K->44768K(180224K)] 422935K->362258K(704512K), 0.0073937 secs] [Times: user=0.08 sys=0.00, real=0.00 secs] 
2016-09-13T17:46:04.135-0400: 12.692: [GC (GCLocker Initiated GC) [PSYoungGen: 147680K->55468K(181248K)] 465176K->373193K(705536K), 0.0084039 secs] [Times: user=0.11 sys=0.00, real=0.01 secs] 
2016-09-13T17:46:04.291-0400: 12.848: [GC (GCLocker Initiated GC) [PSYoungGen: 158380K->47960K(182272K)] 477643K->385698K(706560K), 0.0089566 secs] [Times: user=0.08 sys=0.01, real=0.01 secs] 
2016-09-13T17:46:04.424-0400: 12.981: [GC (GCLocker Initiated GC) [PSYoungGen: 149848K->23600K(181248K)] 492183K->373919K(705536K), 0.0065020 secs] [Times: user=0.07 sys=0.01, real=0.01 secs] 
2016-09-13T17:46:04.583-0400: 13.140: [GC (Allocation Failure) [PSYoungGen: 125488K->26510K(180224K)] 475908K->377127K(704512K), 0.0145338 secs] [Times: user=0.14 sys=0.00, real=0.02 secs] 
2016-09-13T17:46:04.703-0400: 13.260: [GC (GCLocker Initiated GC) [PSYoungGen: 130446K->46227K(180736K)] 481066K->403191K(705024K), 0.0095915 secs] [Times: user=0.11 sys=0.00, real=0.01 secs] 
2016-09-13T17:46:04.848-0400: 13.404: [GC (GCLocker Initiated GC) [PSYoungGen: 150163K->32773K(179200K)] 519337K->402275K(703488K), 0.0110211 secs] [Times: user=0.13 sys=0.01, real=0.02 secs] 
2016-09-13T17:46:04.999-0400: 13.555: [GC (GCLocker Initiated GC) [PSYoungGen: 141829K->31253K(182272K)] 513044K->402740K(706560K), 0.0067742 secs] [Times: user=0.07 sys=0.00, real=0.00 secs] 
2016-09-13T17:46:05.140-0400: 13.697: [GC (GCLocker Initiated GC) [PSYoungGen: 140309K->46412K(187904K)] 511820K->418226K(712192K), 0.0204717 secs] [Times: user=0.19 sys=0.00, real=0.02 secs] 
2016-09-13T17:46:05.298-0400: 13.855: [GC (GCLocker Initiated GC) [PSYoungGen: 164172K->46384K(188928K)] 542125K->436804K(713216K), 0.0137117 secs] [Times: user=0.15 sys=0.04, real=0.01 secs] 
2016-09-13T17:46:05.459-0400: 14.016: [GC (GCLocker Initiated GC) [PSYoungGen: 164144K->55399K(185344K)] 556244K->452253K(709632K), 0.0088740 secs] [Times: user=0.07 sys=0.01, real=0.01 secs] 
2016-09-13T17:46:05.619-0400: 14.176: [GC (GCLocker Initiated GC) [PSYoungGen: 170087K->31127K(188416K)] 567145K->434545K(712704K), 0.0144702 secs] [Times: user=0.18 sys=0.00, real=0.01 secs] 
2016-09-13T17:46:05.803-0400: 14.359: [GC (GCLocker Initiated GC) [PSYoungGen: 145815K->49260K(186880K)] 549249K->462079K(711168K), 0.0299734 secs] [Times: user=0.39 sys=0.00, real=0.03 secs] 
2016-09-13T17:46:05.978-0400: 14.535: [GC (GCLocker Initiated GC) [PSYoungGen: 165484K->29426K(188416K)] 578500K->448817K(712704K), 0.0097171 secs] [Times: user=0.12 sys=0.00, real=0.01 secs] 
2016-09-13T17:46:06.111-0400: 14.668: [GC (GCLocker Initiated GC) [PSYoungGen: 145650K->49356K(189952K)] 566772K->495004K(714240K), 0.0097779 secs] [Times: user=0.10 sys=0.00, real=0.01 secs] 
2016-09-13T17:46:06.296-0400: 14.852: [GC (GCLocker Initiated GC) [PSYoungGen: 168140K->41662K(160768K)] 615470K->489165K(685056K), 0.0237611 secs] [Times: user=0.24 sys=0.00, real=0.02 secs] 
2016-09-13T17:46:06.451-0400: 15.007: [GC (GCLocker Initiated GC) [PSYoungGen: 160446K->32772K(189952K)] 611090K->483704K(714240K), 0.0062303 secs] [Times: user=0.06 sys=0.01, real=0.01 secs] 
2016-09-13T17:46:06.617-0400: 15.173: [GC (GCLocker Initiated GC) [PSYoungGen: 153604K->32522K(188416K)] 606221K->497759K(712704K), 0.0117820 secs] [Times: user=0.11 sys=0.03, real=0.01 secs] 
2016-09-13T17:46:06.778-0400: 15.335: [GC (GCLocker Initiated GC) [PSYoungGen: 153354K->50780K(189952K)] 618611K->516234K(714240K), 0.0080834 secs] [Times: user=0.09 sys=0.00, real=0.00 secs] 
2016-09-13T17:46:06.913-0400: 15.470: [GC (GCLocker Initiated GC) [PSYoungGen: 174684K->63020K(187392K)] 643395K->533471K(711680K), 0.0186015 secs] [Times: user=0.22 sys=0.01, real=0.02 secs] 
2016-09-13T17:46:07.100-0400: 15.656: [GC (GCLocker Initiated GC) [PSYoungGen: 186924K->38784K(190976K)] 669619K->521776K(715264K), 0.0169767 secs] [Times: user=0.22 sys=0.00, real=0.02 secs] 
2016-09-13T17:46:07.273-0400: 15.830: [GC (GCLocker Initiated GC) [PSYoungGen: 156544K->49447K(167424K)] 639702K->534379K(691712K), 0.0154999 secs] [Times: user=0.18 sys=0.01, real=0.02 secs] 
2016-09-13T17:46:07.439-0400: 15.996: [GC (GCLocker Initiated GC) [PSYoungGen: 167207K->46256K(189952K)] 652161K->531560K(714240K), 0.0122977 secs] [Times: user=0.15 sys=0.00, real=0.01 secs] 
2016-09-13T17:46:07.591-0400: 16.147: [GC (GCLocker Initiated GC) [PSYoungGen: 165552K->32523K(188416K)] 650879K->519590K(712704K), 0.0124051 secs] [Times: user=0.14 sys=0.00, real=0.01 secs] 
2016-09-13T17:46:07.761-0400: 16.318: [GC (GCLocker Initiated GC) [PSYoungGen: 151819K->49383K(190976K)] 640430K->545817K(715264K), 0.0083292 secs] [Times: user=0.09 sys=0.02, real=0.01 secs] 
2016-09-13T17:46:07.925-0400: 16.481: [GC (GCLocker Initiated GC) [PSYoungGen: 171751K->40340K(190976K)] 668364K->546440K(715264K), 0.0101802 secs] [Times: user=0.09 sys=0.00, real=0.01 secs] 
2016-09-13T17:46:07.935-0400: 16.492: [Full GC (Ergonomics) [PSYoungGen: 40340K->0K(190976K)] [ParOldGen: 506100K->35436K(524288K)] 546440K->35436K(715264K), [Metaspace: 44103K->44099K(1087488K)], 0.2453997 secs] [Times: user=3.31 sys=0.06, real=0.25 secs] 
2016-09-13T17:46:08.321-0400: 16.877: [GC (GCLocker Initiated GC) [PSYoungGen: 122368K->37551K(192000K)] 169979K->85163K(716288K), 0.0052940 secs] [Times: user=0.06 sys=0.00, real=0.00 secs] 
2016-09-13T17:46:08.478-0400: 17.035: [GC (GCLocker Initiated GC) [PSYoungGen: 164015K->29448K(191488K)] 217727K->91358K(715776K), 0.0115486 secs] [Times: user=0.10 sys=0.00, real=0.01 secs] 
2016-09-13T17:46:08.628-0400: 17.185: [GC (GCLocker Initiated GC) [PSYoungGen: 155912K->37297K(193536K)] 224046K->111900K(717824K), 0.0073545 secs] [Times: user=0.07 sys=0.00, real=0.01 secs] 
2016-09-13T17:46:08.774-0400: 17.330: [GC (GCLocker Initiated GC) [PSYoungGen: 169393K->52516K(195072K)] 251676K->135072K(719360K), 0.0144677 secs] [Times: user=0.15 sys=0.00, real=0.02 secs] 
2016-09-13T17:46:09.931-0400: 18.488: [GC (GCLocker Initiated GC) [PSYoungGen: 184612K->5472K(189440K)] 279522K->120295K(713728K), 0.0089335 secs] [Times: user=0.05 sys=0.01, real=0.01 secs] 
2016-09-13T17:46:10.115-0400: 18.672: [GC (GCLocker Initiated GC) [PSYoungGen: 129376K->58463K(182784K)] 244475K->178352K(707072K), 0.0209414 secs] [Times: user=0.21 sys=0.01, real=0.03 secs] 
2016-09-13T17:46:10.287-0400: 18.844: [GC (GCLocker Initiated GC) [PSYoungGen: 182367K->69323K(174080K)] 302287K->207779K(698368K), 0.0104884 secs] [Times: user=0.10 sys=0.01, real=0.02 secs] 
2016-09-13T17:46:10.449-0400: 19.005: [GC (GCLocker Initiated GC) [PSYoungGen: 169675K->76752K(177152K)] 314229K->279339K(701440K), 0.0160838 secs] [Times: user=0.21 sys=0.01, real=0.01 secs] 
2016-09-13T17:46:10.600-0400: 19.157: [GC (GCLocker Initiated GC) [PSYoungGen: 177104K->58502K(173056K)] 379723K->322218K(697344K), 0.0138301 secs] [Times: user=0.18 sys=0.00, real=0.01 secs] 
2016-09-13T17:46:10.723-0400: 19.280: [GC (GCLocker Initiated GC) [PSYoungGen: 146566K->55426K(175104K)] 410488K->377181K(699392K), 0.0139198 secs] [Times: user=0.17 sys=0.00, real=0.02 secs] 
2016-09-13T17:46:10.849-0400: 19.406: [GC (GCLocker Initiated GC) [PSYoungGen: 143490K->72068K(175104K)] 466971K->432213K(699392K), 0.0189431 secs] [Times: user=0.19 sys=0.00, real=0.02 secs] 
2016-09-13T17:46:10.985-0400: 19.542: [GC (Allocation Failure) [PSYoungGen: 160132K->61570K(175104K)] 520475K->476896K(699392K), 0.0211585 secs] [Times: user=0.29 sys=0.02, real=0.02 secs] 
2016-09-13T17:46:11.105-0400: 19.662: [GC (GCLocker Initiated GC) [PSYoungGen: 148663K->64671K(175104K)] 565508K->524298K(699392K), 0.0114027 secs] [Times: user=0.14 sys=0.00, real=0.02 secs] 
2016-09-13T17:46:11.117-0400: 19.673: [Full GC (Ergonomics) [PSYoungGen: 64671K->0K(175104K)] [ParOldGen: 459627K->44499K(524288K)] 524298K->44499K(699392K), [Metaspace: 44119K->44119K(1087488K)], 0.0653916 secs] [Times: user=0.45 sys=0.02, real=0.06 secs] 
2016-09-13T17:46:11.291-0400: 19.848: [GC (GCLocker Initiated GC) [PSYoungGen: 88064K->52737K(175104K)] 146453K->111126K(699392K), 0.0094328 secs] [Times: user=0.11 sys=0.00, real=0.01 secs] 
2016-09-13T17:46:11.431-0400: 19.988: [GC (GCLocker Initiated GC) [PSYoungGen: 140801K->50998K(174080K)] 208457K->146711K(698368K), 0.0105650 secs] [Times: user=0.14 sys=0.01, real=0.01 secs] 
2016-09-13T17:46:11.550-0400: 20.107: [GC (GCLocker Initiated GC) [PSYoungGen: 139062K->35681K(174592K)] 234823K->155987K(698880K), 0.0122303 secs] [Times: user=0.11 sys=0.01, real=0.01 secs] 
2016-09-13T17:46:11.691-0400: 20.248: [GC (GCLocker Initiated GC) [PSYoungGen: 123745K->46223K(170496K)] 262396K->214014K(694784K), 0.0129589 secs] [Times: user=0.11 sys=0.00, real=0.01 secs] 
2016-09-13T17:46:11.802-0400: 20.359: [GC (GCLocker Initiated GC) [PSYoungGen: 135823K->64517K(173056K)] 305144K->279682K(697344K), 0.0229530 secs] [Times: user=0.24 sys=0.01, real=0.02 secs] 
2016-09-13T17:46:11.938-0400: 20.495: [GC (GCLocker Initiated GC) [PSYoungGen: 154117K->47891K(175616K)] 369321K->305861K(699904K), 0.0088348 secs] [Times: user=0.10 sys=0.01, real=0.00 secs] 
2016-09-13T17:46:12.052-0400: 20.609: [GC (GCLocker Initiated GC) [PSYoungGen: 141075K->63057K(176128K)] 399146K->362505K(700416K), 0.0107169 secs] [Times: user=0.11 sys=0.00, real=0.01 secs] 
2016-09-13T17:46:12.196-0400: 20.752: [GC (Allocation Failure) [PSYoungGen: 156241K->46159K(176128K)] 455731K->385451K(700416K), 0.0091632 secs] [Times: user=0.08 sys=0.00, real=0.00 secs] 
2016-09-13T17:46:12.325-0400: 20.882: [GC (GCLocker Initiated GC) [PSYoungGen: 140738K->40206K(177152K)] 486105K->423843K(701440K), 0.0277360 secs] [Times: user=0.28 sys=0.01, real=0.03 secs] 
2016-09-13T17:46:12.477-0400: 21.034: [GC (GCLocker Initiated GC) [PSYoungGen: 135438K->72106K(171008K)] 519371K->492785K(695296K), 0.0104991 secs] [Times: user=0.11 sys=0.00, real=0.00 secs] 
2016-09-13T17:46:12.604-0400: 21.161: [GC (GCLocker Initiated GC) [PSYoungGen: 162218K->67739K(158208K)] 588992K->549358K(682496K), 0.0130599 secs] [Times: user=0.15 sys=0.01, real=0.02 secs] 
2016-09-13T17:46:12.617-0400: 21.174: [Full GC (Ergonomics) [PSYoungGen: 67739K->0K(158208K)] [ParOldGen: 481618K->44408K(524288K)] 549358K->44408K(682496K), [Metaspace: 44174K->44174K(1087488K)], 0.0522928 secs] [Times: user=0.33 sys=0.00, real=0.05 secs] 
2016-09-13T17:46:12.817-0400: 21.373: [GC (Allocation Failure) [PSYoungGen: 90112K->85837K(175104K)] 140687K->142496K(699392K), 0.0213178 secs] [Times: user=0.29 sys=0.02, real=0.02 secs] 
2016-09-13T17:46:12.838-0400: 21.395: [GC (GCLocker Initiated GC) [PSYoungGen: 85986K->64K(175104K)] 142645K->149950K(699392K), 0.0098312 secs] [Times: user=0.14 sys=0.01, real=0.01 secs] 
2016-09-13T17:46:12.965-0400: 21.522: [GC (GCLocker Initiated GC) [PSYoungGen: 88128K->85934K(175104K)] 238018K->243419K(699392K), 0.0109234 secs] [Times: user=0.16 sys=0.01, real=0.02 secs] 
2016-09-13T17:46:13.105-0400: 21.662: [GC (GCLocker Initiated GC) [PSYoungGen: 173998K->76758K(175104K)] 331680K->280472K(699392K), 0.0201123 secs] [Times: user=0.24 sys=0.02, real=0.02 secs] 
2016-09-13T17:46:13.216-0400: 21.772: [GC (GCLocker Initiated GC) [PSYoungGen: 164822K->52485K(175104K)] 370083K->294454K(699392K), 0.0099326 secs] [Times: user=0.12 sys=0.00, real=0.00 secs] 
2016-09-13T17:46:13.335-0400: 21.892: [GC (GCLocker Initiated GC) [PSYoungGen: 140549K->64543K(175104K)] 390209K->353892K(699392K), 0.0108888 secs] [Times: user=0.12 sys=0.00, real=0.01 secs] 
2016-09-13T17:46:13.439-0400: 21.995: [GC (GCLocker Initiated GC) [PSYoungGen: 152607K->47741K(175104K)] 443653K->377045K(699392K), 0.0126806 secs] [Times: user=0.11 sys=0.00, real=0.01 secs] 
2016-09-13T17:46:13.580-0400: 22.137: [GC (GCLocker Initiated GC) [PSYoungGen: 135805K->44826K(175104K)] 471326K->417055K(699392K), 0.0084750 secs] [Times: user=0.09 sys=0.01, real=0.01 secs] 
2016-09-13T17:46:13.685-0400: 22.241: [GC (Allocation Failure) [PSYoungGen: 132890K->67608K(175104K)] 508388K->481370K(699392K), 0.0130474 secs] [Times: user=0.16 sys=0.00, real=0.02 secs] 
2016-09-13T17:46:13.810-0400: 22.367: [GC (GCLocker Initiated GC) [PSYoungGen: 155672K->66061K(175104K)] 569442K->516557K(699392K), 0.0151528 secs] [Times: user=0.14 sys=0.00, real=0.01 secs] 
2016-09-13T17:46:13.944-0400: 22.500: [GC (GCLocker Initiated GC) [PSYoungGen: 154125K->50687K(175104K)] 604710K->537939K(699392K), 0.0134524 secs] [Times: user=0.11 sys=0.00, real=0.02 secs] 
2016-09-13T17:46:13.957-0400: 22.514: [Full GC (Ergonomics) [PSYoungGen: 50687K->0K(175104K)] [ParOldGen: 487251K->32045K(524288K)] 537939K->32045K(699392K), [Metaspace: 44183K->44183K(1087488K)], 0.0524805 secs] [Times: user=0.35 sys=0.00, real=0.05 secs] 
2016-09-13T17:46:14.144-0400: 22.700: [GC (GCLocker Initiated GC) [PSYoungGen: 88064K->65993K(175104K)] 120134K->98064K(699392K), 0.0170464 secs] [Times: user=0.16 sys=0.01, real=0.02 secs] 
2016-09-13T17:46:14.267-0400: 22.824: [GC (GCLocker Initiated GC) [PSYoungGen: 154057K->61352K(175104K)] 192225K->139430K(699392K), 0.0181469 secs] [Times: user=0.23 sys=0.00, real=0.02 secs] 
2016-09-13T17:46:14.400-0400: 22.957: [GC (GCLocker Initiated GC) [PSYoungGen: 149416K->46372K(175104K)] 235094K->176174K(699392K), 0.0115623 secs] [Times: user=0.13 sys=0.00, real=0.01 secs] 
2016-09-13T17:46:14.549-0400: 23.106: [GC (GCLocker Initiated GC) [PSYoungGen: 134436K->52334K(175104K)] 267522K->234344K(699392K), 0.0125793 secs] [Times: user=0.14 sys=0.00, real=0.01 secs] 
2016-09-13T17:46:14.678-0400: 23.235: [GC (Allocation Failure) [PSYoungGen: 140398K->63056K(175104K)] 328544K->287844K(699392K), 0.0106294 secs] [Times: user=0.11 sys=0.00, real=0.01 secs] 
2016-09-13T17:46:14.786-0400: 23.343: [GC (GCLocker Initiated GC) [PSYoungGen: 148641K->53880K(172032K)] 379504K->339676K(696320K), 0.0314064 secs] [Times: user=0.43 sys=0.00, real=0.04 secs] 
2016-09-13T17:46:14.926-0400: 23.483: [GC (GCLocker Initiated GC) [PSYoungGen: 141943K->70778K(173568K)] 429456K->394974K(697856K), 0.0148193 secs] [Times: user=0.19 sys=0.01, real=0.02 secs] 
2016-09-13T17:46:15.039-0400: 23.596: [GC (GCLocker Initiated GC) [PSYoungGen: 158842K->76699K(175104K)] 484636K->443832K(699392K), 0.0145126 secs] [Times: user=0.14 sys=0.02, real=0.01 secs] 
2016-09-13T17:46:15.141-0400: 23.698: [GC (GCLocker Initiated GC) [PSYoungGen: 164763K->49541K(175104K)] 532012K->465573K(699392K), 0.0099542 secs] [Times: user=0.12 sys=0.00, real=0.01 secs] 
2016-09-13T17:46:15.234-0400: 23.791: [GC (GCLocker Initiated GC) [PSYoungGen: 137605K->49573K(175104K)] 555317K->514820K(699392K), 0.0103550 secs] [Times: user=0.12 sys=0.00, real=0.01 secs] 
2016-09-13T17:46:15.245-0400: 23.801: [Full GC (Ergonomics) [PSYoungGen: 49573K->0K(175104K)] [ParOldGen: 465247K->33877K(524288K)] 514820K->33877K(699392K), [Metaspace: 44259K->44259K(1087488K)], 0.0615626 secs] [Times: user=0.44 sys=0.01, real=0.06 secs] 
2016-09-13T17:46:15.404-0400: 23.961: [GC (GCLocker Initiated GC) [PSYoungGen: 88064K->72488K(175104K)] 134178K->118602K(699392K), 0.0079075 secs] [Times: user=0.09 sys=0.01, real=0.01 secs] 
2016-09-13T17:46:15.525-0400: 24.082: [GC (Allocation Failure) [PSYoungGen: 160552K->76663K(175104K)] 206901K->181215K(699392K), 0.0177375 secs] [Times: user=0.24 sys=0.00, real=0.02 secs] 
2016-09-13T17:46:15.543-0400: 24.100: [GC (GCLocker Initiated GC) [PSYoungGen: 76678K->64K(175104K)] 181231K->186991K(699392K), 0.0092760 secs] [Times: user=0.12 sys=0.01, real=0.01 secs] 
2016-09-13T17:46:15.632-0400: 24.188: [GC (GCLocker Initiated GC) [PSYoungGen: 88128K->81250K(175104K)] 275066K->298563K(699392K), 0.0101450 secs] [Times: user=0.14 sys=0.00, real=0.01 secs] 
2016-09-13T17:46:15.736-0400: 24.293: [GC (GCLocker Initiated GC) [PSYoungGen: 169314K->84447K(175104K)] 389711K->327949K(699392K), 0.0148237 secs] [Times: user=0.19 sys=0.01, real=0.01 secs] 
2016-09-13T17:46:15.854-0400: 24.410: [GC (GCLocker Initiated GC) [PSYoungGen: 172511K->49628K(175104K)] 422222K->349804K(699392K), 0.0078718 secs] [Times: user=0.11 sys=0.00, real=0.01 secs] 
2016-09-13T17:46:15.961-0400: 24.518: [GC (GCLocker Initiated GC) [PSYoungGen: 137692K->75242K(175104K)] 441190K->418568K(699392K), 0.0171968 secs] [Times: user=0.21 sys=0.00, real=0.02 secs] 
2016-09-13T17:46:16.076-0400: 24.633: [GC (GCLocker Initiated GC) [PSYoungGen: 163306K->32480K(175104K)] 508190K->415405K(699392K), 0.0127695 secs] [Times: user=0.10 sys=0.00, real=0.01 secs] 
2016-09-13T17:46:16.198-0400: 24.755: [GC (GCLocker Initiated GC) [PSYoungGen: 120544K->26702K(175104K)] 517295K->461792K(699392K), 0.0094894 secs] [Times: user=0.11 sys=0.00, real=0.00 secs] 
2016-09-13T17:46:16.366-0400: 24.923: [GC (GCLocker Initiated GC) [PSYoungGen: 114766K->41538K(175104K)] 549916K->481494K(699392K), 0.0087501 secs] [Times: user=0.06 sys=0.00, real=0.01 secs] 
2016-09-13T17:46:16.654-0400: 25.211: [GC (GCLocker Initiated GC) [PSYoungGen: 129602K->30817K(175104K)] 571078K->472518K(699392K), 5.8879227 secs] [Times: user=0.10 sys=0.01, real=5.89 secs] 
2016-09-13T17:46:22.658-0400: 31.215: [Full GC (Ergonomics) [PSYoungGen: 118881K->0K(175104K)] [ParOldGen: 449523K->45532K(524288K)] 568405K->45532K(699392K), [Metaspace: 44270K->44270K(1087488K)], 0.0703372 secs] [Times: user=0.38 sys=0.02, real=0.07 secs] 
2016-09-13T17:46:22.819-0400: 31.375: [GC (GCLocker Initiated GC) [PSYoungGen: 88064K->73969K(175104K)] 135171K->121076K(699392K), 0.0157071 secs] [Times: user=0.19 sys=0.00, real=0.01 secs] 
2016-09-13T17:46:22.923-0400: 31.479: [GC (GCLocker Initiated GC) [PSYoungGen: 162033K->66121K(175104K)] 210679K->147111K(699392K), 0.0085465 secs] [Times: user=0.10 sys=0.01, real=0.01 secs] 
2016-09-13T17:46:23.037-0400: 31.594: [GC (GCLocker Initiated GC) [PSYoungGen: 154185K->29542K(175104K)] 241408K->156529K(699392K), 0.0184765 secs] [Times: user=0.18 sys=0.00, real=0.02 secs] 
2016-09-13T17:46:23.148-0400: 31.704: [GC (GCLocker Initiated GC) [PSYoungGen: 117606K->64385K(175104K)] 244621K->228235K(699392K), 0.0105355 secs] [Times: user=0.09 sys=0.00, real=0.02 secs] 
2016-09-13T17:46:23.266-0400: 31.823: [GC (GCLocker Initiated GC) [PSYoungGen: 152449K->38623K(175104K)] 316483K->243834K(699392K), 0.0110793 secs] [Times: user=0.06 sys=0.01, real=0.02 secs] 
2016-09-13T17:46:23.396-0400: 31.953: [GC (GCLocker Initiated GC) [PSYoungGen: 126687K->49133K(175104K)] 345818K->298989K(699392K), 0.0117504 secs] [Times: user=0.08 sys=0.00, real=0.01 secs] 
2016-09-13T17:46:23.517-0400: 32.074: [GC (GCLocker Initiated GC) [PSYoungGen: 137197K->52170K(175104K)] 388655K->340217K(699392K), 0.0201720 secs] [Times: user=0.21 sys=0.01, real=0.02 secs] 
2016-09-13T17:46:23.660-0400: 32.217: [GC (GCLocker Initiated GC) [PSYoungGen: 140234K->58341K(175104K)] 428320K->376947K(699392K), 0.0168771 secs] [Times: user=0.17 sys=0.00, real=0.02 secs] 
2016-09-13T17:46:23.814-0400: 32.371: [GC (GCLocker Initiated GC) [PSYoungGen: 146405K->46281K(175104K)] 471335K->407903K(699392K), 0.0119536 secs] [Times: user=0.11 sys=0.00, real=0.01 secs] 
2016-09-13T17:46:23.968-0400: 32.525: [GC (GCLocker Initiated GC) [PSYoungGen: 134345K->84165K(175104K)] 496158K->485776K(699392K), 0.0332069 secs] [Times: user=0.28 sys=0.01, real=0.03 secs] 
2016-09-13T17:46:25.027-0400: 33.584: [GC (GCLocker Initiated GC) [PSYoungGen: 172229K->49542K(175104K)] 581500K->507646K(699392K), 0.0176872 secs] [Times: user=0.22 sys=0.00, real=0.02 secs] 
2016-09-13T17:46:25.168-0400: 33.725: [GC (GCLocker Initiated GC) [PSYoungGen: 137606K->78276K(175104K)] 597494K->574880K(699392K), 0.0101359 secs] [Times: user=0.15 sys=0.00, real=0.01 secs] 
2016-09-13T17:46:25.178-0400: 33.735: [Full GC (Ergonomics) [PSYoungGen: 78276K->0K(175104K)] [ParOldGen: 496603K->42695K(524288K)] 574880K->42695K(699392K), [Metaspace: 44277K->44277K(1087488K)], 0.0824134 secs] [Times: user=0.24 sys=0.03, real=0.08 secs] 
2016-09-13T17:46:25.361-0400: 33.917: [GC (GCLocker Initiated GC) [PSYoungGen: 88064K->79889K(175104K)] 131013K->122839K(699392K), 0.0102025 secs] [Times: user=0.15 sys=0.00, real=0.01 secs] 
2016-09-13T17:46:25.497-0400: 34.054: [GC (GCLocker Initiated GC) [PSYoungGen: 167953K->53912K(175104K)] 217020K->150455K(699392K), 0.0100525 secs] [Times: user=0.11 sys=0.01, real=0.00 secs] 
2016-09-13T17:46:25.622-0400: 34.179: [GC (GCLocker Initiated GC) [PSYoungGen: 141976K->61506K(175104K)] 244821K->208652K(699392K), 0.0097180 secs] [Times: user=0.10 sys=0.00, real=0.01 secs] 
2016-09-13T17:46:25.741-0400: 34.298: [GC (GCLocker Initiated GC) [PSYoungGen: 149570K->73747K(175104K)] 296861K->268436K(699392K), 0.0107445 secs] [Times: user=0.12 sys=0.00, real=0.01 secs] 
2016-09-13T17:46:25.851-0400: 34.408: [GC (GCLocker Initiated GC) [PSYoungGen: 161811K->79889K(175104K)] 358245K->314734K(699392K), 0.0098941 secs] [Times: user=0.15 sys=0.00, real=0.01 secs] 
2016-09-13T17:46:25.965-0400: 34.521: [GC (GCLocker Initiated GC) [PSYoungGen: 167953K->79764K(175104K)] 402887K->351476K(699392K), 0.0112186 secs] [Times: user=0.14 sys=0.01, real=0.02 secs] 
2016-09-13T17:46:26.081-0400: 34.637: [GC (GCLocker Initiated GC) [PSYoungGen: 167828K->66158K(175104K)] 441081K->376123K(699392K), 0.0107608 secs] [Times: user=0.14 sys=0.01, real=0.01 secs] 
2016-09-13T17:46:26.200-0400: 34.757: [GC (GCLocker Initiated GC) [PSYoungGen: 154222K->82896K(175104K)] 464385K->438859K(699392K), 0.0106002 secs] [Times: user=0.16 sys=0.00, real=0.01 secs] 
2016-09-13T17:46:26.330-0400: 34.887: [GC (GCLocker Initiated GC) [PSYoungGen: 170960K->84442K(175104K)] 534564K->484750K(699392K), 0.0187158 secs] [Times: user=0.29 sys=0.02, real=0.02 secs] 
2016-09-13T17:46:26.474-0400: 35.031: [GC (GCLocker Initiated GC) [PSYoungGen: 172506K->61538K(175104K)] 572844K->521440K(699392K), 0.0194784 secs] [Times: user=0.31 sys=0.00, real=0.02 secs] 
2016-09-13T17:46:26.494-0400: 35.051: [Full GC (Ergonomics) [PSYoungGen: 61538K->0K(175104K)] [ParOldGen: 459901K->36635K(524288K)] 521440K->36635K(699392K), [Metaspace: 44278K->44278K(1087488K)], 0.0614103 secs] [Times: user=0.36 sys=0.01, real=0.06 secs] 
2016-09-13T17:46:26.661-0400: 35.218: [GC (GCLocker Initiated GC) [PSYoungGen: 88064K->85875K(175104K)] 128063K->131949K(699392K), 0.0104243 secs] [Times: user=0.14 sys=0.00, real=0.01 secs] 
2016-09-13T17:46:26.790-0400: 35.346: [GC (GCLocker Initiated GC) [PSYoungGen: 173939K->67704K(175104K)] 226230K->149260K(699392K), 0.0121942 secs] [Times: user=0.14 sys=0.00, real=0.01 secs] 
2016-09-13T17:46:26.914-0400: 35.470: [GC (GCLocker Initiated GC) [PSYoungGen: 155768K->40301K(175104K)] 239057K->181662K(699392K), 0.0263470 secs] [Times: user=0.31 sys=0.00, real=0.03 secs] 
2016-09-13T17:46:27.054-0400: 35.610: [GC (GCLocker Initiated GC) [PSYoungGen: 128365K->56731K(175104K)] 269851K->234920K(699392K), 0.0101414 secs] [Times: user=0.09 sys=0.00, real=0.01 secs] 
2016-09-13T17:46:27.181-0400: 35.737: [GC (GCLocker Initiated GC) [PSYoungGen: 144795K->60142K(175104K)] 326101K->279705K(699392K), 0.0381324 secs] [Times: user=0.55 sys=0.00, real=0.04 secs] 
2016-09-13T17:46:27.327-0400: 35.884: [GC (GCLocker Initiated GC) [PSYoungGen: 148206K->44614K(175104K)] 373867K->300942K(699392K), 0.0088531 secs] [Times: user=0.08 sys=0.00, real=0.02 secs] 
2016-09-13T17:46:27.489-0400: 36.046: [GC (GCLocker Initiated GC) [PSYoungGen: 132678K->67726K(175104K)] 390624K->363785K(699392K), 0.0172306 secs] [Times: user=0.23 sys=0.01, real=0.01 secs] 
2016-09-13T17:46:27.630-0400: 36.187: [GC (GCLocker Initiated GC) [PSYoungGen: 155790K->41853K(175104K)] 458107K->385504K(699392K), 0.0109721 secs] [Times: user=0.13 sys=0.01, real=0.01 secs] 
2016-09-13T17:46:27.746-0400: 36.303: [GC (GCLocker Initiated GC) [PSYoungGen: 129917K->81282K(175104K)] 473676K->467898K(699392K), 0.0099363 secs] [Times: user=0.14 sys=0.00, real=0.02 secs] 
2016-09-13T17:46:27.863-0400: 36.419: [GC (GCLocker Initiated GC) [PSYoungGen: 169346K->66248K(175104K)] 562188K->513952K(699392K), 0.0103856 secs] [Times: user=0.10 sys=0.01, real=0.01 secs] 
2016-09-13T17:46:27.978-0400: 36.534: [GC (GCLocker Initiated GC) [PSYoungGen: 154312K->47677K(175104K)] 603630K->533768K(699392K), 0.0117545 secs] [Times: user=0.11 sys=0.00, real=0.01 secs] 
2016-09-13T17:46:27.990-0400: 36.546: [Full GC (Ergonomics) [PSYoungGen: 47677K->0K(175104K)] [ParOldGen: 486091K->44347K(524288K)] 533768K->44347K(699392K), [Metaspace: 44287K->44287K(1087488K)], 0.0712228 secs] [Times: user=0.31 sys=0.01, real=0.07 secs] 
2016-09-13T17:46:28.190-0400: 36.746: [GC (GCLocker Initiated GC) [PSYoungGen: 88064K->82865K(175104K)] 134211K->135087K(699392K), 0.0226893 secs] [Times: user=0.25 sys=0.00, real=0.02 secs] 
2016-09-13T17:46:28.308-0400: 36.865: [GC (GCLocker Initiated GC) [PSYoungGen: 170929K->72169K(175104K)] 223226K->170377K(699392K), 0.0105659 secs] [Times: user=0.14 sys=0.00, real=0.01 secs] 
2016-09-13T17:46:28.413-0400: 36.970: [GC (GCLocker Initiated GC) [PSYoungGen: 160233K->61570K(175104K)] 258515K->205687K(699392K), 0.0090008 secs] [Times: user=0.12 sys=0.01, real=0.01 secs] 
2016-09-13T17:46:28.518-0400: 37.074: [GC (GCLocker Initiated GC) [PSYoungGen: 149634K->82802K(175104K)] 295324K->281961K(699392K), 0.0116683 secs] [Times: user=0.17 sys=0.00, real=0.01 secs] 
2016-09-13T17:46:28.643-0400: 37.200: [GC (GCLocker Initiated GC) [PSYoungGen: 170866K->78430K(175104K)] 370277K->322162K(699392K), 0.0103059 secs] [Times: user=0.15 sys=0.00, real=0.01 secs] 
2016-09-13T17:46:28.768-0400: 37.324: [GC (GCLocker Initiated GC) [PSYoungGen: 166494K->72138K(175104K)] 410332K->360309K(699392K), 0.0106127 secs] [Times: user=0.14 sys=0.00, real=0.01 secs] 
2016-09-13T17:46:28.888-0400: 37.445: [GC (GCLocker Initiated GC) [PSYoungGen: 160202K->58533K(175104K)] 451612K->386613K(699392K), 0.0291115 secs] [Times: user=0.36 sys=0.00, real=0.03 secs] 
2016-09-13T17:46:29.030-0400: 37.587: [GC (GCLocker Initiated GC) [PSYoungGen: 146597K->49405K(175104K)] 474794K->414294K(699392K), 0.0188214 secs] [Times: user=0.18 sys=0.01, real=0.02 secs] 
2016-09-13T17:46:29.167-0400: 37.724: [GC (GCLocker Initiated GC) [PSYoungGen: 137469K->54066K(175104K)] 508690K->481757K(699392K), 0.0175349 secs] [Times: user=0.20 sys=0.01, real=0.02 secs] 
2016-09-13T17:46:29.297-0400: 37.853: [GC (GCLocker Initiated GC) [PSYoungGen: 142130K->52457K(175104K)] 570005K->517066K(699392K), 0.0093835 secs] [Times: user=0.10 sys=0.00, real=0.00 secs] 
2016-09-13T17:46:29.306-0400: 37.863: [Full GC (Ergonomics) [PSYoungGen: 52457K->0K(175104K)] [ParOldGen: 464609K->33719K(524288K)] 517066K->33719K(699392K), [Metaspace: 44313K->44313K(1087488K)], 0.0574784 secs] [Times: user=0.33 sys=0.01, real=0.06 secs] 
2016-09-13T17:46:29.473-0400: 38.029: [GC (GCLocker Initiated GC) [PSYoungGen: 88064K->52585K(175104K)] 127895K->92416K(699392K), 0.0089818 secs] [Times: user=0.11 sys=0.00, real=0.01 secs] 
2016-09-13T17:46:29.605-0400: 38.161: [GC (GCLocker Initiated GC) [PSYoungGen: 140649K->84319K(175104K)] 186665K->171766K(699392K), 0.0103935 secs] [Times: user=0.13 sys=0.00, real=0.01 secs] 
2016-09-13T17:46:29.736-0400: 38.293: [GC (GCLocker Initiated GC) [PSYoungGen: 172383K->84319K(175104K)] 266151K->214779K(699392K), 0.0103652 secs] [Times: user=0.14 sys=0.00, real=0.00 secs] 
2016-09-13T17:46:29.860-0400: 38.417: [GC (GCLocker Initiated GC) [PSYoungGen: 172383K->49447K(175104K)] 303007K->218218K(699392K), 0.0080574 secs] [Times: user=0.10 sys=0.00, real=0.01 secs] 
2016-09-13T17:46:29.988-0400: 38.545: [GC (GCLocker Initiated GC) [PSYoungGen: 137511K->49419K(175104K)] 307830K->256446K(699392K), 0.0077952 secs] [Times: user=0.09 sys=0.01, real=0.01 secs] 
2016-09-13T17:46:30.106-0400: 38.662: [GC (GCLocker Initiated GC) [PSYoungGen: 137483K->64512K(175104K)] 344539K->309828K(699392K), 0.0139748 secs] [Times: user=0.14 sys=0.01, real=0.02 secs] 
2016-09-13T17:46:30.228-0400: 38.785: [GC (GCLocker Initiated GC) [PSYoungGen: 152576K->25051K(175104K)] 410122K->319340K(699392K), 0.0227193 secs] [Times: user=0.24 sys=0.01, real=0.02 secs] 
2016-09-13T17:46:30.372-0400: 38.929: [GC (GCLocker Initiated GC) [PSYoungGen: 113115K->50875K(175104K)] 409016K->347092K(699392K), 0.0175852 secs] [Times: user=0.19 sys=0.00, real=0.02 secs] 
2016-09-13T17:46:30.511-0400: 39.067: [GC (GCLocker Initiated GC) [PSYoungGen: 138939K->62897K(175104K)] 441412K->377722K(699392K), 0.0162433 secs] [Times: user=0.14 sys=0.01, real=0.01 secs] 
2016-09-13T17:46:30.637-0400: 39.194: [GC (GCLocker Initiated GC) [PSYoungGen: 150961K->46160K(175104K)] 466065K->379722K(699392K), 0.0141113 secs] [Times: user=0.17 sys=0.00, real=0.01 secs] 
2016-09-13T17:46:30.756-0400: 39.313: [GC (GCLocker Initiated GC) [PSYoungGen: 134224K->46377K(175104K)] 467819K->401523K(699392K), 0.0210438 secs] [Times: user=0.29 sys=0.00, real=0.02 secs] 
2016-09-13T17:46:30.876-0400: 39.433: [GC (GCLocker Initiated GC) [PSYoungGen: 134441K->56763K(175104K)] 491287K->436615K(699392K), 0.0173006 secs] [Times: user=0.19 sys=0.00, real=0.01 secs] 
2016-09-13T17:46:31.014-0400: 39.571: [GC (GCLocker Initiated GC) [PSYoungGen: 144827K->26473K(175104K)] 532290K->432241K(699392K), 0.0074177 secs] [Times: user=0.07 sys=0.00, real=0.01 secs] 
2016-09-13T17:46:31.140-0400: 39.696: [GC (GCLocker Initiated GC) [PSYoungGen: 114537K->29543K(175104K)] 520333K->435649K(699392K), 0.0125485 secs] [Times: user=0.10 sys=0.00, real=0.01 secs] 
2016-09-13T17:46:31.259-0400: 39.815: [GC (GCLocker Initiated GC) [PSYoungGen: 117607K->46037K(175104K)] 523822K->485997K(699392K), 0.0097688 secs] [Times: user=0.08 sys=0.00, real=0.01 secs] 
2016-09-13T17:46:31.410-0400: 39.967: [GC (GCLocker Initiated GC) [PSYoungGen: 134101K->24922K(175104K)] 580199K->475746K(699392K), 0.0359782 secs] [Times: user=0.35 sys=0.01, real=0.03 secs] 
2016-09-13T17:46:31.580-0400: 40.137: [GC (GCLocker Initiated GC) [PSYoungGen: 112986K->43057K(131584K)] 563833K->494231K(655872K), 0.0110279 secs] [Times: user=0.07 sys=0.00, real=0.01 secs] 
2016-09-13T17:46:31.715-0400: 40.271: [GC (GCLocker Initiated GC) [PSYoungGen: 131121K->68946K(173056K)] 588528K->552445K(697344K), 0.0106178 secs] [Times: user=0.13 sys=0.01, real=0.01 secs] 
2016-09-13T17:46:31.726-0400: 40.282: [Full GC (Ergonomics) [PSYoungGen: 68946K->0K(173056K)] [ParOldGen: 483499K->50355K(524288K)] 552445K->50355K(697344K), [Metaspace: 44322K->44322K(1087488K)], 0.0707857 secs] [Times: user=0.40 sys=0.02, real=0.08 secs] 
2016-09-13T17:46:31.923-0400: 40.480: [GC (GCLocker Initiated GC) [PSYoungGen: 87040K->49569K(174080K)] 137466K->99996K(698368K), 0.0073805 secs] [Times: user=0.10 sys=0.00, real=0.01 secs] 
2016-09-13T17:46:32.030-0400: 40.587: [GC (Allocation Failure) [PSYoungGen: 136609K->31127K(174080K)] 187060K->100241K(698368K), 0.0069349 secs] [Times: user=0.10 sys=0.00, real=0.01 secs] 
2016-09-13T17:46:32.138-0400: 40.695: [GC (GCLocker Initiated GC) [PSYoungGen: 119578K->67618K(174592K)] 190211K->147574K(698880K), 0.0087356 secs] [Times: user=0.11 sys=0.00, real=0.00 secs] 
2016-09-13T17:46:32.278-0400: 40.835: [GC (GCLocker Initiated GC) [PSYoungGen: 156706K->49542K(175104K)] 236864K->148158K(699392K), 0.0150157 secs] [Times: user=0.20 sys=0.00, real=0.01 secs] 
2016-09-13T17:46:32.441-0400: 40.997: [GC (GCLocker Initiated GC) [PSYoungGen: 139142K->65909K(175104K)] 237967K->165085K(699392K), 0.0077631 secs] [Times: user=0.10 sys=0.00, real=0.01 secs] 
2016-09-13T17:46:32.592-0400: 41.149: [GC (Allocation Failure) [PSYoungGen: 155509K->23632K(175104K)] 262479K->130765K(699392K), 0.0052922 secs] [Times: user=0.04 sys=0.00, real=0.01 secs] 
2016-09-13T17:46:32.716-0400: 41.273: [GC (GCLocker Initiated GC) [PSYoungGen: 111696K->59955K(175104K)] 218834K->167441K(699392K), 0.0068608 secs] [Times: user=0.07 sys=0.00, real=0.00 secs] 
2016-09-13T17:46:32.866-0400: 41.422: [GC (GCLocker Initiated GC) [PSYoungGen: 148019K->28030K(175104K)] 261814K->141991K(699392K), 0.0097539 secs] [Times: user=0.11 sys=0.00, real=0.01 secs] 
2016-09-13T17:46:33.019-0400: 41.575: [GC (GCLocker Initiated GC) [PSYoungGen: 116094K->40174K(128512K)] 231786K->156119K(652800K), 0.0084234 secs] [Times: user=0.05 sys=0.00, real=0.00 secs] 
2016-09-13T17:46:33.165-0400: 41.721: [GC (GCLocker Initiated GC) [PSYoungGen: 128238K->32559K(175616K)] 251836K->156449K(699904K), 0.0107996 secs] [Times: user=0.13 sys=0.00, real=0.02 secs] 
2016-09-13T17:46:33.332-0400: 41.889: [GC (GCLocker Initiated GC) [PSYoungGen: 122159K->47987K(137728K)] 247696K->178321K(662016K), 0.0083394 secs] [Times: user=0.07 sys=0.01, real=0.01 secs] 
2016-09-13T17:46:33.464-0400: 42.021: [GC (GCLocker Initiated GC) [PSYoungGen: 137587K->27961K(173568K)] 274217K->164859K(697856K), 0.0092585 secs] [Times: user=0.05 sys=0.01, real=0.01 secs] 
2016-09-13T17:46:33.607-0400: 42.164: [GC (GCLocker Initiated GC) [PSYoungGen: 120121K->43186K(173056K)] 257305K->180433K(697344K), 0.0071162 secs] [Times: user=0.05 sys=0.01, real=0.01 secs] 
2016-09-13T17:46:33.771-0400: 42.328: [GC (Allocation Failure) [PSYoungGen: 135346K->23600K(177152K)] 278867K->167358K(701440K), 0.0265371 secs] [Times: user=0.31 sys=0.00, real=0.03 secs] 
2016-09-13T17:46:33.941-0400: 42.498: [GC (GCLocker Initiated GC) [PSYoungGen: 123292K->46441K(177152K)] 270087K->193583K(701440K), 0.0075924 secs] [Times: user=0.08 sys=0.01, real=0.01 secs] 
2016-09-13T17:46:34.116-0400: 42.673: [GC (GCLocker Initiated GC) [PSYoungGen: 146281K->28215K(183808K)] 308816K->190975K(708096K), 0.0139022 secs] [Times: user=0.15 sys=0.00, real=0.01 secs] 
2016-09-13T17:46:34.303-0400: 42.859: [GC (GCLocker Initiated GC) [PSYoungGen: 136759K->32713K(183296K)] 311847K->208038K(707584K), 0.0062625 secs] [Times: user=0.07 sys=0.01, real=0.01 secs] 
2016-09-13T17:46:34.505-0400: 43.062: [GC (Allocation Failure) [PSYoungGen: 141257K->23473K(185344K)] 329076K->211502K(709632K), 0.0122359 secs] [Times: user=0.13 sys=0.00, real=0.02 secs] 
2016-09-13T17:46:34.721-0400: 43.277: [GC (GCLocker Initiated GC) [PSYoungGen: 135821K->32581K(184832K)] 329925K->226828K(709120K), 0.0057450 secs] [Times: user=0.06 sys=0.00, real=0.00 secs] 
2016-09-13T17:46:34.885-0400: 43.442: [GC (GCLocker Initiated GC) [PSYoungGen: 145221K->46409K(187392K)] 339493K->240852K(711680K), 0.0173670 secs] [Times: user=0.24 sys=0.01, real=0.02 secs] 
2016-09-13T17:46:35.093-0400: 43.649: [GC (Allocation Failure) [PSYoungGen: 163657K->43213K(187392K)] 358405K->245779K(711680K), 0.0168928 secs] [Times: user=0.20 sys=0.00, real=0.02 secs] 
2016-09-13T17:46:35.281-0400: 43.838: [GC (GCLocker Initiated GC) [PSYoungGen: 154823K->32741K(189440K)] 363464K->241577K(713728K), 0.0056621 secs] [Times: user=0.06 sys=0.00, real=0.00 secs] 
2016-09-13T17:46:35.543-0400: 44.100: [GC (GCLocker Initiated GC) [PSYoungGen: 156133K->28051K(189952K)] 372775K->244902K(714240K), 0.0080864 secs] [Times: user=0.03 sys=0.01, real=0.01 secs] 
2016-09-13T17:46:35.745-0400: 44.301: [GC (GCLocker Initiated GC) [PSYoungGen: 151443K->34409K(192000K)] 368475K->256255K(716288K), 0.0107121 secs] [Times: user=0.13 sys=0.00, real=0.01 secs] 
2016-09-13T17:46:35.959-0400: 44.515: [GC (GCLocker Initiated GC) [PSYoungGen: 164457K->49510K(193536K)] 386325K->271604K(717824K), 0.0089209 secs] [Times: user=0.07 sys=0.02, real=0.01 secs] 
2016-09-13T17:46:36.145-0400: 44.701: [GC (GCLocker Initiated GC) [PSYoungGen: 179558K->52359K(191488K)] 409294K->283878K(715776K), 0.0232282 secs] [Times: user=0.16 sys=0.01, real=0.03 secs] 
2016-09-13T17:46:36.368-0400: 44.925: [GC (Allocation Failure) [PSYoungGen: 178311K->23564K(194048K)] 416081K->275165K(718336K), 0.0149732 secs] [Times: user=0.17 sys=0.00, real=0.01 secs] 
2016-09-13T17:46:36.572-0400: 45.128: [GC (GCLocker Initiated GC) [PSYoungGen: 149516K->43117K(190976K)] 401120K->294938K(715264K), 0.0175248 secs] [Times: user=0.17 sys=0.00, real=0.02 secs] 
2016-09-13T17:46:36.762-0400: 45.318: [GC (GCLocker Initiated GC) [PSYoungGen: 169069K->50870K(192512K)] 428523K->310494K(716800K), 0.0104246 secs] [Times: user=0.08 sys=0.00, real=0.01 secs] 
2016-09-13T17:46:36.936-0400: 45.493: [GC (GCLocker Initiated GC) [PSYoungGen: 176822K->44922K(194560K)] 439511K->318559K(718848K), 0.0109513 secs] [Times: user=0.11 sys=0.00, real=0.00 secs] 
2016-09-13T17:46:37.132-0400: 45.689: [GC (GCLocker Initiated GC) [PSYoungGen: 170874K->46064K(172032K)] 444533K->319983K(696320K), 0.0083644 secs] [Times: user=0.05 sys=0.00, real=0.01 secs] 
2016-09-13T17:46:37.326-0400: 45.882: [GC (GCLocker Initiated GC) [PSYoungGen: 172016K->51034K(192000K)] 447484K->341861K(716288K), 0.0075263 secs] [Times: user=0.08 sys=0.01, real=0.01 secs] 
2016-09-13T17:46:37.548-0400: 46.105: [GC (Allocation Failure) [PSYoungGen: 175962K->27961K(193024K)] 466841K->326667K(717312K), 0.0255925 secs] [Times: user=0.28 sys=0.01, real=0.02 secs] 
2016-09-13T17:46:37.746-0400: 46.303: [GC (GCLocker Initiated GC) [PSYoungGen: 152889K->50966K(192000K)] 451596K->349811K(716288K), 0.0087308 secs] [Times: user=0.10 sys=0.00, real=0.01 secs] 
2016-09-13T17:46:37.932-0400: 46.489: [GC (Allocation Failure) [PSYoungGen: 174870K->50879K(175104K)] 473902K->350154K(699392K), 0.0171637 secs] [Times: user=0.22 sys=0.00, real=0.02 secs] 
2016-09-13T17:46:38.145-0400: 46.702: [GC (GCLocker Initiated GC) [PSYoungGen: 174783K->46121K(193536K)] 474058K->345522K(717824K), 0.0188578 secs] [Times: user=0.16 sys=0.01, real=0.02 secs] 
2016-09-13T17:46:38.356-0400: 46.913: [GC (GCLocker Initiated GC) [PSYoungGen: 170025K->27833K(192512K)] 475741K->333656K(716800K), 0.0177885 secs] [Times: user=0.15 sys=0.00, real=0.01 secs] 
2016-09-13T17:46:38.567-0400: 47.124: [GC (Allocation Failure) [PSYoungGen: 151737K->5429K(187392K)] 462255K->316093K(711680K), 0.0099430 secs] [Times: user=0.13 sys=0.00, real=0.02 secs] 
2016-09-13T17:46:38.750-0400: 47.307: [GC (GCLocker Initiated GC) [PSYoungGen: 119420K->32645K(190464K)] 436160K->349568K(714752K), 0.0059924 secs] [Times: user=0.07 sys=0.00, real=0.01 secs] 
2016-09-13T17:46:38.955-0400: 47.512: [GC (GCLocker Initiated GC) [PSYoungGen: 151429K->23531K(188928K)] 474502K->346809K(713216K), 0.0062600 secs] [Times: user=0.07 sys=0.00, real=0.01 secs] 
2016-09-13T17:46:39.196-0400: 47.753: [GC (GCLocker Initiated GC) [PSYoungGen: 144875K->23346K(189952K)] 469861K->348672K(714240K), 0.0221860 secs] [Times: user=0.27 sys=0.00, real=0.02 secs] 
2016-09-13T17:46:39.425-0400: 47.981: [GC (GCLocker Initiated GC) [PSYoungGen: 144690K->37201K(188416K)] 477640K->370313K(712704K), 0.0095098 secs] [Times: user=0.11 sys=0.00, real=0.01 secs] 
2016-09-13T17:46:39.606-0400: 48.163: [GC (GCLocker Initiated GC) [PSYoungGen: 163153K->64662K(190976K)] 496290K->414673K(715264K), 0.0140455 secs] [Times: user=0.20 sys=0.00, real=0.02 secs] 
2016-09-13T17:46:39.811-0400: 48.368: [GC (GCLocker Initiated GC) [PSYoungGen: 190614K->11513K(184832K)] 546817K->377058K(709120K), 0.0120060 secs] [Times: user=0.14 sys=0.00, real=0.01 secs] 
2016-09-13T17:46:39.979-0400: 48.535: [GC (GCLocker Initiated GC) [PSYoungGen: 125177K->31094K(187904K)] 492283K->398495K(712192K), 0.0073755 secs] [Times: user=0.06 sys=0.00, real=0.00 secs] 
2016-09-13T17:46:40.167-0400: 48.724: [GC (Allocation Failure) [PSYoungGen: 144758K->23687K(183808K)] 512408K->405322K(708096K), 0.0166040 secs] [Times: user=0.25 sys=0.00, real=0.02 secs] 
2016-09-13T17:46:40.372-0400: 48.929: [GC (GCLocker Initiated GC) [PSYoungGen: 140423K->64513K(181760K)] 522070K->446425K(706048K), 0.0083057 secs] [Times: user=0.09 sys=0.00, real=0.01 secs] 
2016-09-13T17:46:40.527-0400: 49.083: [GC (GCLocker Initiated GC) [PSYoungGen: 181249K->55586K(179712K)] 563371K->437871K(704000K), 0.0102121 secs] [Times: user=0.15 sys=0.00, real=0.02 secs] 
2016-09-13T17:46:40.690-0400: 49.247: [GC (GCLocker Initiated GC) [PSYoungGen: 157986K->46440K(182272K)] 542007K->430852K(706560K), 0.0070846 secs] [Times: user=0.08 sys=0.00, real=0.01 secs] 
2016-09-13T17:46:40.868-0400: 49.425: [GC (GCLocker Initiated GC) [PSYoungGen: 148840K->31222K(176128K)] 539612K->422177K(700416K), 0.0106425 secs] [Times: user=0.15 sys=0.00, real=0.01 secs] 
2016-09-13T17:46:41.051-0400: 49.608: [GC (GCLocker Initiated GC) [PSYoungGen: 134646K->56918K(179712K)] 525640K->449641K(704000K), 0.0257618 secs] [Times: user=0.19 sys=0.02, real=0.03 secs] 
2016-09-13T17:46:41.234-0400: 49.790: [GC (GCLocker Initiated GC) [PSYoungGen: 160342K->55621K(179712K)] 553097K->457837K(704000K), 0.0080668 secs] [Times: user=0.11 sys=0.00, real=0.01 secs] 
2016-09-13T17:46:41.390-0400: 49.946: [GC (GCLocker Initiated GC) [PSYoungGen: 155973K->52426K(181248K)] 558223K->454972K(705536K), 0.0096489 secs] [Times: user=0.10 sys=0.01, real=0.01 secs] 
2016-09-13T17:46:41.538-0400: 50.095: [GC (GCLocker Initiated GC) [PSYoungGen: 152778K->61534K(175104K)] 555396K->475116K(699392K), 0.0104911 secs] [Times: user=0.12 sys=0.01, real=0.01 secs] 
2016-09-13T17:46:41.682-0400: 50.239: [GC (GCLocker Initiated GC) [PSYoungGen: 155742K->41756K(178176K)] 569439K->461773K(702464K), 0.0169495 secs] [Times: user=0.18 sys=0.00, real=0.02 secs] 
2016-09-13T17:46:41.850-0400: 50.407: [GC (GCLocker Initiated GC) [PSYoungGen: 135964K->34072K(174080K)] 556151K->454523K(698368K), 0.0096215 secs] [Times: user=0.08 sys=0.01, real=0.01 secs] 
2016-09-13T17:46:42.029-0400: 50.585: [GC (GCLocker Initiated GC) [PSYoungGen: 131352K->64544K(176128K)] 551838K->485311K(700416K), 0.0094440 secs] [Times: user=0.10 sys=0.01, real=0.01 secs] 
2016-09-13T17:46:42.170-0400: 50.727: [GC (GCLocker Initiated GC) [PSYoungGen: 161824K->47704K(180224K)] 582683K->468741K(704512K), 0.0246935 secs] [Times: user=0.26 sys=0.01, real=0.02 secs] 
2016-09-13T17:46:42.332-0400: 50.888: [GC (GCLocker Initiated GC) [PSYoungGen: 146008K->36950K(135680K)] 573166K->490195K(659968K), 0.0100894 secs] [Times: user=0.08 sys=0.00, real=0.01 secs] 
2016-09-13T17:46:42.482-0400: 51.038: [GC (GCLocker Initiated GC) [PSYoungGen: 135254K->50806K(179200K)] 588638K->504287K(703488K), 0.0133963 secs] [Times: user=0.12 sys=0.01, real=0.01 secs] 
2016-09-13T17:46:42.663-0400: 51.219: [GC (GCLocker Initiated GC) [PSYoungGen: 151670K->12746K(178176K)] 617413K->483250K(702464K), 0.0164979 secs] [Times: user=0.13 sys=0.02, real=0.02 secs] 
2016-09-13T17:46:42.844-0400: 51.401: [GC (GCLocker Initiated GC) [PSYoungGen: 113610K->46352K(182272K)] 584315K->521854K(706560K), 0.0089295 secs] [Times: user=0.07 sys=0.00, real=0.01 secs] 
2016-09-13T17:46:43.016-0400: 51.572: [GC (GCLocker Initiated GC) [PSYoungGen: 151312K->23463K(182272K)] 632896K->509824K(706560K), 0.0119440 secs] [Times: user=0.13 sys=0.00, real=0.01 secs] 
2016-09-13T17:46:43.175-0400: 51.732: [GC (GCLocker Initiated GC) [PSYoungGen: 128423K->59955K(177664K)] 616329K->548177K(701952K), 0.0155349 secs] [Times: user=0.20 sys=0.01, real=0.02 secs] 
2016-09-13T17:46:43.316-0400: 51.872: [GC (GCLocker Initiated GC) [PSYoungGen: 160307K->52458K(181248K)] 648752K->551784K(705536K), 0.0083852 secs] [Times: user=0.11 sys=0.00, real=0.01 secs] 
2016-09-13T17:46:43.513-0400: 52.070: [Full GC (Ergonomics) [PSYoungGen: 152810K->0K(181248K)] [ParOldGen: 513167K->43184K(524288K)] 665977K->43184K(705536K), [Metaspace: 44363K->44363K(1087488K)], 0.0668326 secs] [Times: user=0.39 sys=0.02, real=0.07 secs] 
2016-09-13T17:46:43.724-0400: 52.281: [GC (GCLocker Initiated GC) [PSYoungGen: 100352K->66159K(172544K)] 149638K->115453K(696832K), 0.0279246 secs] [Times: user=0.32 sys=0.00, real=0.03 secs] 
2016-09-13T17:46:43.871-0400: 52.428: [GC (GCLocker Initiated GC) [PSYoungGen: 158319K->63148K(155648K)] 207713K->128078K(679936K), 0.0081633 secs] [Times: user=0.11 sys=0.00, real=0.01 secs] 
2016-09-13T17:46:44.024-0400: 52.581: [GC (GCLocker Initiated GC) [PSYoungGen: 155308K->32930K(176128K)] 221994K->99794K(700416K), 0.0058993 secs] [Times: user=0.07 sys=0.00, real=0.01 secs] 
2016-09-13T17:46:44.150-0400: 52.707: [GC (Allocation Failure) [PSYoungGen: 122018K->41821K(131072K)] 188980K->109040K(655360K), 0.0064269 secs] [Times: user=0.09 sys=0.00, real=0.01 secs] 
2016-09-13T17:46:44.284-0400: 52.840: [GC (GCLocker Initiated GC) [PSYoungGen: 130909K->46414K(175616K)] 198134K->132188K(699904K), 0.0108614 secs] [Times: user=0.13 sys=0.01, real=0.01 secs] 
2016-09-13T17:46:44.446-0400: 53.002: [GC (GCLocker Initiated GC) [PSYoungGen: 139086K->29644K(172032K)] 226441K->117259K(696320K), 0.0057511 secs] [Times: user=0.04 sys=0.01, real=0.01 secs] 
2016-09-13T17:46:44.576-0400: 53.132: [GC (GCLocker Initiated GC) [PSYoungGen: 122316K->23532K(178688K)] 213041K->120679K(702976K), 0.0064607 secs] [Times: user=0.08 sys=0.00, real=0.01 secs] 
2016-09-13T17:46:44.728-0400: 53.285: [GC (GCLocker Initiated GC) [PSYoungGen: 123372K->50780K(178688K)] 220622K->148232K(702976K), 0.0153550 secs] [Times: user=0.20 sys=0.00, real=0.01 secs] 
2016-09-13T17:46:44.916-0400: 53.472: [GC (GCLocker Initiated GC) [PSYoungGen: 150620K->24832K(182784K)] 254171K->136148K(707072K), 0.0093630 secs] [Times: user=0.09 sys=0.00, real=0.00 secs] 
2016-09-13T17:46:45.096-0400: 53.653: [GC (Allocation Failure) [PSYoungGen: 129280K->27992K(132608K)] 240808K->141216K(656896K), 0.0220139 secs] [Times: user=0.24 sys=0.00, real=0.02 secs] 
2016-09-13T17:46:45.266-0400: 53.823: [GC (GCLocker Initiated GC) [PSYoungGen: 131651K->52392K(181248K)] 246394K->167336K(705536K), 0.0092679 secs] [Times: user=0.07 sys=0.01, real=0.02 secs] 
2016-09-13T17:46:45.442-0400: 53.998: [GC (GCLocker Initiated GC) [PSYoungGen: 156840K->29448K(182272K)] 273406K->146192K(706560K), 0.0053372 secs] [Times: user=0.05 sys=0.01, real=0.00 secs] 
2016-09-13T17:46:45.599-0400: 54.156: [GC (Allocation Failure) [PSYoungGen: 133896K->24955K(183296K)] 250841K->146661K(707584K), 0.0250211 secs] [Times: user=0.28 sys=0.00, real=0.02 secs] 
2016-09-13T17:46:45.784-0400: 54.341: [GC (GCLocker Initiated GC) [PSYoungGen: 133499K->41633K(183296K)] 255210K->163656K(707584K), 0.0100864 secs] [Times: user=0.12 sys=0.00, real=0.01 secs] 
2016-09-13T17:46:45.943-0400: 54.500: [GC (GCLocker Initiated GC) [PSYoungGen: 150177K->46468K(185856K)] 273900K->170495K(710144K), 0.0150274 secs] [Times: user=0.17 sys=0.01, real=0.02 secs] 
2016-09-13T17:46:46.136-0400: 54.693: [GC (GCLocker Initiated GC) [PSYoungGen: 159620K->31120K(185344K)] 283708K->155413K(709632K), 0.0056224 secs] [Times: user=0.04 sys=0.00, real=0.00 secs] 
2016-09-13T17:46:46.313-0400: 54.870: [GC (GCLocker Initiated GC) [PSYoungGen: 144272K->65807K(177664K)] 268602K->197842K(701952K), 0.0101647 secs] [Times: user=0.07 sys=0.01, real=0.01 secs] 
2016-09-13T17:46:46.483-0400: 55.040: [GC (GCLocker Initiated GC) [PSYoungGen: 173327K->44699K(184832K)] 306909K->179930K(709120K), 0.0341044 secs] [Times: user=0.34 sys=0.00, real=0.04 secs] 
2016-09-13T17:46:46.662-0400: 55.219: [GC (GCLocker Initiated GC) [PSYoungGen: 152219K->44736K(178176K)] 287831K->189689K(702464K), 0.0380244 secs] [Times: user=0.42 sys=0.01, real=0.04 secs] 
2016-09-13T17:46:46.864-0400: 55.421: [GC (GCLocker Initiated GC) [PSYoungGen: 154816K->49132K(182784K)] 305881K->200317K(707072K), 0.0330602 secs] [Times: user=0.29 sys=0.00, real=0.04 secs] 
2016-09-13T17:46:47.061-0400: 55.617: [GC (GCLocker Initiated GC) [PSYoungGen: 159212K->22140K(188928K)] 322633K->199554K(713216K), 0.0100343 secs] [Times: user=0.09 sys=0.00, real=0.01 secs] 
2016-09-13T17:46:47.244-0400: 55.801: [GC (Allocation Failure) [PSYoungGen: 138876K->32485K(149504K)] 316360K->210233K(673792K), 0.0055625 secs] [Times: user=0.04 sys=0.00, real=0.01 secs] 
2016-09-13T17:46:47.415-0400: 55.972: [GC (Allocation Failure) [PSYoungGen: 149221K->47891K(188928K)] 326969K->233458K(713216K), 0.0094611 secs] [Times: user=0.08 sys=0.01, real=0.01 secs] 
2016-09-13T17:46:47.613-0400: 56.170: [GC (Allocation Failure) [PSYoungGen: 165651K->44545K(188416K)] 351218K->230306K(712704K), 0.0202193 secs] [Times: user=0.20 sys=0.00, real=0.02 secs] 
2016-09-13T17:46:47.813-0400: 56.370: [GC (GCLocker Initiated GC) [PSYoungGen: 162305K->59823K(183808K)] 348072K->245678K(708096K), 0.0140199 secs] [Times: user=0.15 sys=0.00, real=0.02 secs] 
2016-09-13T17:46:47.999-0400: 56.556: [GC (Allocation Failure) [PSYoungGen: 174511K->44640K(188416K)] 362024K->232275K(712704K), 0.0223466 secs] [Times: user=0.29 sys=0.00, real=0.02 secs] 
2016-09-13T17:46:48.185-0400: 56.742: [GC (GCLocker Initiated GC) [PSYoungGen: 158709K->46377K(183296K)] 347863K->235694K(707584K), 0.0120757 secs] [Times: user=0.16 sys=0.00, real=0.02 secs] 
2016-09-13T17:46:48.354-0400: 56.911: [GC (GCLocker Initiated GC) [PSYoungGen: 163625K->44762K(186880K)] 353221K->234548K(711168K), 0.0228905 secs] [Times: user=0.23 sys=0.01, real=0.03 secs] 
2016-09-13T17:46:48.537-0400: 57.094: [GC (GCLocker Initiated GC) [PSYoungGen: 162010K->46159K(187904K)] 351846K->236238K(712192K), 0.0419087 secs] [Times: user=0.45 sys=0.00, real=0.04 secs] 
2016-09-13T17:46:48.741-0400: 57.298: [GC (GCLocker Initiated GC) [PSYoungGen: 171087K->44726K(190976K)] 361194K->239556K(715264K), 0.0115040 secs] [Times: user=0.13 sys=0.00, real=0.01 secs] 
2016-09-13T17:46:48.962-0400: 57.518: [GC (GCLocker Initiated GC) [PSYoungGen: 169654K->35592K(194048K)] 366038K->239807K(718336K), 0.0160699 secs] [Times: user=0.18 sys=0.00, real=0.02 secs] 
2016-09-13T17:46:49.163-0400: 57.719: [GC (GCLocker Initiated GC) [PSYoungGen: 167688K->57009K(195584K)] 371934K->268944K(719872K), 0.0220403 secs] [Times: user=0.23 sys=0.01, real=0.02 secs] 
2016-09-13T17:46:49.399-0400: 57.955: [GC (GCLocker Initiated GC) [PSYoungGen: 189105K->23628K(192512K)] 404103K->252635K(716800K), 0.0107983 secs] [Times: user=0.15 sys=0.00, real=0.01 secs] 
2016-09-13T17:46:49.618-0400: 58.175: [GC (GCLocker Initiated GC) [PSYoungGen: 149580K->28089K(194048K)] 378590K->257341K(718336K), 0.0114791 secs] [Times: user=0.16 sys=0.00, real=0.01 secs] 
2016-09-13T17:46:49.806-0400: 58.362: [GC (GCLocker Initiated GC) [PSYoungGen: 154041K->50874K(192000K)] 383548K->280594K(716288K), 0.0222094 secs] [Times: user=0.22 sys=0.00, real=0.03 secs] 
2016-09-13T17:46:50.009-0400: 58.565: [GC (Allocation Failure) [PSYoungGen: 174778K->28211K(193024K)] 404836K->267644K(717312K), 0.0054276 secs] [Times: user=0.07 sys=0.00, real=0.00 secs] 
2016-09-13T17:46:50.214-0400: 58.771: [GC (GCLocker Initiated GC) [PSYoungGen: 152115K->64417K(181248K)] 391563K->304207K(705536K), 0.0088838 secs] [Times: user=0.08 sys=0.00, real=0.01 secs] 
2016-09-13T17:46:50.400-0400: 58.956: [GC (Allocation Failure) [PSYoungGen: 177057K->20277K(133120K)] 424552K->267871K(657408K), 0.0075192 secs] [Times: user=0.05 sys=0.00, real=0.00 secs] 
2016-09-13T17:46:50.602-0400: 59.158: [GC (GCLocker Initiated GC) [PSYoungGen: 132917K->46378K(187904K)] 380514K->294204K(712192K), 0.0060559 secs] [Times: user=0.07 sys=0.01, real=0.01 secs] 
2016-09-13T17:46:50.755-0400: 59.312: [GC (GCLocker Initiated GC) [PSYoungGen: 159018K->48118K(160768K)] 406922K->296142K(685056K), 0.0179426 secs] [Times: user=0.23 sys=0.01, real=0.02 secs] 
2016-09-13T17:46:50.932-0400: 59.488: [GC (GCLocker Initiated GC) [PSYoungGen: 160758K->32709K(187392K)] 408963K->299300K(711680K), 0.0123018 secs] [Times: user=0.13 sys=0.00, real=0.01 secs] 
2016-09-13T17:46:51.129-0400: 59.686: [GC (GCLocker Initiated GC) [PSYoungGen: 146885K->41911K(185856K)] 418182K->313442K(710144K), 0.0077029 secs] [Times: user=0.07 sys=0.01, real=0.01 secs] 
2016-09-13T17:46:51.303-0400: 59.860: [GC (GCLocker Initiated GC) [PSYoungGen: 156087K->59919K(182272K)] 427841K->331804K(706560K), 0.0139290 secs] [Times: user=0.16 sys=0.00, real=0.02 secs] 
2016-09-13T17:46:51.495-0400: 60.052: [GC (Allocation Failure) [PSYoungGen: 173071K->46185K(186368K)] 445034K->318279K(710656K), 0.0229070 secs] [Times: user=0.23 sys=0.01, real=0.03 secs] 
2016-09-13T17:46:51.682-0400: 60.238: [GC (GCLocker Initiated GC) [PSYoungGen: 159337K->58597K(184832K)] 431434K->337085K(709120K), 0.0128587 secs] [Times: user=0.14 sys=0.01, real=0.01 secs] 
2016-09-13T17:46:51.864-0400: 60.420: [GC (GCLocker Initiated GC) [PSYoungGen: 172261K->34195K(187904K)] 450907K->313092K(712192K), 0.0176018 secs] [Times: user=0.20 sys=0.00, real=0.02 secs] 
2016-09-13T17:46:52.052-0400: 60.609: [GC (GCLocker Initiated GC) [PSYoungGen: 147859K->34132K(183808K)] 426758K->313315K(708096K), 0.0053747 secs] [Times: user=0.04 sys=0.00, real=0.01 secs] 
2016-09-13T17:46:52.224-0400: 60.781: [GC (GCLocker Initiated GC) [PSYoungGen: 148820K->55361K(186368K)] 428147K->334892K(710656K), 0.0106246 secs] [Times: user=0.07 sys=0.00, real=0.01 secs] 
2016-09-13T17:46:52.421-0400: 60.978: [GC (GCLocker Initiated GC) [PSYoungGen: 170049K->41666K(187392K)] 451219K->333839K(711680K), 0.0205368 secs] [Times: user=0.19 sys=0.00, real=0.02 secs] 
2016-09-13T17:46:52.650-0400: 61.206: [GC (GCLocker Initiated GC) [PSYoungGen: 158402K->6762K(123904K)] 458193K->317394K(648192K), 0.0269885 secs] [Times: user=0.28 sys=0.00, real=0.03 secs] 
2016-09-13T17:46:52.853-0400: 61.410: [GC (GCLocker Initiated GC) [PSYoungGen: 123498K->34100K(189952K)] 440225K->351120K(714240K), 0.0097000 secs] [Times: user=0.10 sys=0.00, real=0.01 secs] 
2016-09-13T17:46:53.038-0400: 61.594: [GC (GCLocker Initiated GC) [PSYoungGen: 149300K->60046K(175616K)] 467877K->387913K(699904K), 0.0120498 secs] [Times: user=0.15 sys=0.00, real=0.01 secs] 
2016-09-13T17:46:53.209-0400: 61.766: [GC (GCLocker Initiated GC) [PSYoungGen: 175246K->32799K(187392K)] 509388K->367158K(711680K), 0.0154216 secs] [Times: user=0.21 sys=0.00, real=0.01 secs] 
2016-09-13T17:46:53.400-0400: 61.957: [GC (Allocation Failure) [PSYoungGen: 143391K->28296K(139264K)] 477847K->362931K(663552K), 0.0092039 secs] [Times: user=0.12 sys=0.00, real=0.01 secs] 
2016-09-13T17:46:53.579-0400: 62.136: [GC (GCLocker Initiated GC) [PSYoungGen: 138623K->41725K(186368K)] 474777K->378171K(710656K), 0.0138746 secs] [Times: user=0.15 sys=0.01, real=0.01 secs] 
2016-09-13T17:46:53.754-0400: 62.311: [GC (Allocation Failure) [PSYoungGen: 154877K->38821K(183808K)] 491406K->393841K(708096K), 0.0096568 secs] [Times: user=0.13 sys=0.01, real=0.01 secs] 
2016-09-13T17:46:53.765-0400: 62.321: [GC (GCLocker Initiated GC) [PSYoungGen: 39902K->96K(182784K)] 394922K->393561K(707072K), 0.0065071 secs] [Times: user=0.09 sys=0.00, real=0.01 secs] 
2016-09-13T17:46:53.924-0400: 62.481: [GC (GCLocker Initiated GC) [PSYoungGen: 114784K->67703K(182784K)] 508262K->467265K(707072K), 0.0096924 secs] [Times: user=0.08 sys=0.01, real=0.01 secs] 
2016-09-13T17:46:54.096-0400: 62.653: [GC (GCLocker Initiated GC) [PSYoungGen: 182391K->46408K(183296K)] 582013K->458666K(707584K), 0.0082092 secs] [Times: user=0.07 sys=0.00, real=0.00 secs] 
2016-09-13T17:46:54.271-0400: 62.828: [GC (GCLocker Initiated GC) [PSYoungGen: 150344K->46378K(150528K)] 562705K->458996K(674816K), 0.0074253 secs] [Times: user=0.09 sys=0.01, real=0.01 secs] 
2016-09-13T17:46:54.461-0400: 63.018: [GC (GCLocker Initiated GC) [PSYoungGen: 150314K->41788K(184320K)] 564626K->456305K(708608K), 0.0099218 secs] [Times: user=0.09 sys=0.00, real=0.01 secs] 
2016-09-13T17:46:54.655-0400: 63.212: [GC (GCLocker Initiated GC) [PSYoungGen: 148796K->46096K(181248K)] 563472K->461001K(705536K), 0.0217904 secs] [Times: user=0.26 sys=0.01, real=0.03 secs] 
2016-09-13T17:46:54.838-0400: 63.395: [GC (Allocation Failure) [PSYoungGen: 153104K->38815K(184832K)] 574157K->460030K(709120K), 0.0069569 secs] [Times: user=0.09 sys=0.00, real=0.00 secs] 
2016-09-13T17:46:55.002-0400: 63.559: [GC (GCLocker Initiated GC) [PSYoungGen: 152479K->37361K(183808K)] 573697K->469559K(708096K), 0.0082941 secs] [Times: user=0.10 sys=0.00, real=0.01 secs] 
2016-09-13T17:46:55.172-0400: 63.729: [GC (GCLocker Initiated GC) [PSYoungGen: 151025K->32677K(190464K)] 589431K->471372K(714752K), 0.0168133 secs] [Times: user=0.19 sys=0.00, real=0.02 secs] 
2016-09-13T17:46:55.399-0400: 63.955: [GC (GCLocker Initiated GC) [PSYoungGen: 155045K->23404K(188928K)] 595330K->469967K(713216K), 0.0226399 secs] [Times: user=0.25 sys=0.00, real=0.02 secs] 
2016-09-13T17:46:55.595-0400: 64.151: [GC (Allocation Failure) [PSYoungGen: 145772K->46186K(194048K)] 593959K->494583K(718336K), 0.0070365 secs] [Times: user=0.07 sys=0.00, real=0.01 secs] 
2016-09-13T17:46:55.764-0400: 64.321: [GC (Allocation Failure) [PSYoungGen: 173493K->50778K(178688K)] 621890K->499329K(702976K), 0.0146964 secs] [Times: user=0.15 sys=0.00, real=0.02 secs] 
2016-09-13T17:46:55.984-0400: 64.541: [GC (Allocation Failure) [PSYoungGen: 172475K->5142K(187392K)] 621026K->453862K(711680K), 0.0526364 secs] [Times: user=0.57 sys=0.00, real=0.06 secs] 
2016-09-13T17:46:56.203-0400: 64.759: [GC (GCLocker Initiated GC) [PSYoungGen: 123287K->32587K(190464K)] 578083K->487675K(714752K), 0.0103490 secs] [Times: user=0.12 sys=0.00, real=0.01 secs] 
2016-09-13T17:46:56.398-0400: 64.955: [GC (GCLocker Initiated GC) [PSYoungGen: 151371K->28214K(187392K)] 608052K->484992K(711680K), 0.0106851 secs] [Times: user=0.12 sys=0.00, real=0.01 secs] 
2016-09-13T17:46:56.604-0400: 65.160: [GC (GCLocker Initiated GC) [PSYoungGen: 150070K->32649K(188928K)] 613032K->495824K(713216K), 0.0127680 secs] [Times: user=0.12 sys=0.01, real=0.02 secs] 
2016-09-13T17:46:56.775-0400: 65.332: [GC (GCLocker Initiated GC) [PSYoungGen: 154505K->52324K(189952K)] 619221K->518863K(714240K), 0.0252170 secs] [Times: user=0.30 sys=0.00, real=0.03 secs] 
2016-09-13T17:46:56.998-0400: 65.554: [GC (GCLocker Initiated GC) [PSYoungGen: 178276K->6698K(133120K)] 648028K->485838K(657408K), 0.0048813 secs] [Times: user=0.03 sys=0.00, real=0.00 secs] 
2016-09-13T17:46:57.209-0400: 65.765: [GC (GCLocker Initiated GC) [PSYoungGen: 132650K->32517K(195584K)] 611815K->511950K(719872K), 0.0115732 secs] [Times: user=0.11 sys=0.00, real=0.01 secs] 
2016-09-13T17:46:57.417-0400: 65.974: [GC (GCLocker Initiated GC) [PSYoungGen: 158469K->29543K(155648K)] 643991K->521382K(679936K), 0.0081851 secs] [Times: user=0.07 sys=0.00, real=0.00 secs] 
2016-09-13T17:46:57.615-0400: 66.172: [GC (Allocation Failure) [PSYoungGen: 155495K->38586K(190976K)] 647689K->534079K(715264K), 0.0151582 secs] [Times: user=0.15 sys=0.01, real=0.02 secs] 
2016-09-13T17:46:57.817-0400: 66.374: [GC (GCLocker Initiated GC) [PSYoungGen: 164888K->41721K(189952K)] 661899K->539090K(714240K), 0.0099514 secs] [Times: user=0.14 sys=0.00, real=0.00 secs] 
2016-09-13T17:46:58.042-0400: 66.599: [GC (Allocation Failure) [PSYoungGen: 168697K->28126K(196096K)] 672435K->531991K(720384K), 0.0071455 secs] [Times: user=0.09 sys=0.00, real=0.01 secs] 
2016-09-13T17:46:58.251-0400: 66.808: [GC (GCLocker Initiated GC) [PSYoungGen: 158570K->46281K(197120K)] 668510K->556321K(721408K), 0.0103874 secs] [Times: user=0.10 sys=0.01, real=0.01 secs] 
2016-09-13T17:46:58.473-0400: 67.029: [GC (GCLocker Initiated GC) [PSYoungGen: 182473K->52453K(192000K)] 692538K->562693K(716288K), 0.0109991 secs] [Times: user=0.12 sys=0.00, real=0.01 secs] 
2016-09-13T17:46:58.687-0400: 67.243: [GC (GCLocker Initiated GC) [PSYoungGen: 181477K->27966K(195584K)] 691742K->543040K(719872K), 0.0188506 secs] [Times: user=0.22 sys=0.00, real=0.02 secs] 
2016-09-13T17:46:58.706-0400: 67.262: [Full GC (Ergonomics) [PSYoungGen: 27966K->0K(195584K)] [ParOldGen: 515074K->33235K(524288K)] 543040K->33235K(719872K), [Metaspace: 44451K->44451K(1087488K)], 0.0574911 secs] [Times: user=0.35 sys=0.02, real=0.06 secs] 
2016-09-13T17:46:58.944-0400: 67.501: [GC (GCLocker Initiated GC) [PSYoungGen: 129024K->55773K(187904K)] 174602K->101351K(712192K), 0.0078237 secs] [Times: user=0.09 sys=0.01, real=0.01 secs] 
2016-09-13T17:46:59.135-0400: 67.692: [GC (GCLocker Initiated GC) [PSYoungGen: 178653K->52548K(175616K)] 225781K->123110K(699904K), 0.0222089 secs] [Times: user=0.29 sys=0.00, real=0.03 secs] 
2016-09-13T17:46:59.317-0400: 67.874: [GC (GCLocker Initiated GC) [PSYoungGen: 175428K->66154K(177152K)] 246031K->142983K(701440K), 0.0148922 secs] [Times: user=0.17 sys=0.00, real=0.01 secs] 
2016-09-13T17:46:59.487-0400: 68.043: [GC (GCLocker Initiated GC) [PSYoungGen: 171626K->55526K(161280K)] 250068K->134065K(685568K), 0.0071409 secs] [Times: user=0.09 sys=0.00, real=0.01 secs] 
2016-09-13T17:46:59.657-0400: 68.213: [GC (Allocation Failure) [PSYoungGen: 160998K->6852K(177152K)] 251781K->120629K(701440K), 0.0142654 secs] [Times: user=0.15 sys=0.01, real=0.01 secs] 
2016-09-13T17:46:59.814-0400: 68.371: [GC (GCLocker Initiated GC) [PSYoungGen: 103374K->64388K(161792K)] 218670K->179944K(686080K), 0.0230120 secs] [Times: user=0.22 sys=0.00, real=0.03 secs] 
2016-09-13T17:46:59.982-0400: 68.539: [GC (GCLocker Initiated GC) [PSYoungGen: 161668K->41757K(179200K)] 279085K->159412K(703488K), 0.0125762 secs] [Times: user=0.12 sys=0.00, real=0.01 secs] 
2016-09-13T17:47:00.113-0400: 68.670: [GC (Allocation Failure) [PSYoungGen: 133917K->70524K(175104K)] 251748K->188618K(699392K), 0.0236633 secs] [Times: user=0.27 sys=0.00, real=0.03 secs] 
2016-09-13T17:47:00.276-0400: 68.832: [GC (GCLocker Initiated GC) [PSYoungGen: 158227K->29734K(175104K)] 282396K->161593K(699392K), 0.0070995 secs] [Times: user=0.06 sys=0.00, real=0.01 secs] 
2016-09-13T17:47:00.430-0400: 68.987: [GC (GCLocker Initiated GC) [PSYoungGen: 117798K->75207K(175104K)] 251205K->208899K(699392K), 0.0191089 secs] [Times: user=0.24 sys=0.00, real=0.02 secs] 
2016-09-13T17:47:00.604-0400: 69.161: [GC (GCLocker Initiated GC) [PSYoungGen: 163271K->26447K(175104K)] 303202K->169566K(699392K), 0.0063042 secs] [Times: user=0.06 sys=0.00, real=0.01 secs] 
2016-09-13T17:47:00.745-0400: 69.302: [GC (GCLocker Initiated GC) [PSYoungGen: 114511K->58246K(175104K)] 260808K->204740K(699392K), 0.0154091 secs] [Times: user=0.13 sys=0.00, real=0.02 secs] 
2016-09-13T17:47:00.897-0400: 69.454: [GC (GCLocker Initiated GC) [PSYoungGen: 146310K->26564K(175104K)] 292835K->191453K(699392K), 0.0110377 secs] [Times: user=0.10 sys=0.00, real=0.01 secs] 
2016-09-13T17:47:01.016-0400: 69.573: [GC (GCLocker Initiated GC) [PSYoungGen: 114628K->43148K(175104K)] 279618K->211443K(699392K), 0.0598972 secs] [Times: user=0.60 sys=0.01, real=0.06 secs] 
2016-09-13T17:47:01.202-0400: 69.758: [GC (Allocation Failure) [PSYoungGen: 131212K->59770K(175104K)] 301313K->230163K(699392K), 0.0097201 secs] [Times: user=0.10 sys=0.01, real=0.01 secs] 
2016-09-13T17:47:01.332-0400: 69.889: [GC (GCLocker Initiated GC) [PSYoungGen: 147834K->32490K(175104K)] 318230K->221273K(699392K), 0.0334042 secs] [Times: user=0.34 sys=0.00, real=0.03 secs] 
2016-09-13T17:47:01.474-0400: 70.030: [GC (GCLocker Initiated GC) [PSYoungGen: 120554K->46350K(167936K)] 309605K->253867K(692224K), 0.0098691 secs] [Times: user=0.07 sys=0.01, real=0.01 secs] 
2016-09-13T17:47:01.609-0400: 70.166: [GC (GCLocker Initiated GC) [PSYoungGen: 134414K->9736K(171520K)] 354201K->234415K(695808K), 0.0155363 secs] [Times: user=0.15 sys=0.01, real=0.01 secs] 
2016-09-13T17:47:01.734-0400: 70.291: [GC (GCLocker Initiated GC) [PSYoungGen: 97800K->47651K(176640K)] 324113K->278815K(700928K), 0.0101190 secs] [Times: user=0.09 sys=0.00, real=0.01 secs] 
2016-09-13T17:47:01.884-0400: 70.440: [GC (Allocation Failure) [PSYoungGen: 140835K->38628K(132096K)] 372030K->288186K(656384K), 0.0346251 secs] [Times: user=0.33 sys=0.00, real=0.04 secs] 
2016-09-13T17:47:02.052-0400: 70.609: [GC (GCLocker Initiated GC) [PSYoungGen: 128835K->41784K(178688K)] 384468K->300802K(702976K), 0.0068529 secs] [Times: user=0.06 sys=0.00, real=0.01 secs] 
2016-09-13T17:47:02.232-0400: 70.789: [GC (GCLocker Initiated GC) [PSYoungGen: 140600K->53879K(175104K)] 404456K->317970K(699392K), 0.0289386 secs] [Times: user=0.29 sys=0.00, real=0.03 secs] 
2016-09-13T17:47:02.416-0400: 70.973: [GC (GCLocker Initiated GC) [PSYoungGen: 152695K->31057K(184320K)] 430586K->309157K(708608K), 0.0214714 secs] [Times: user=0.23 sys=0.00, real=0.02 secs] 
2016-09-13T17:47:02.589-0400: 71.146: [GC (GCLocker Initiated GC) [PSYoungGen: 138577K->28120K(183296K)] 418209K->317134K(707584K), 0.0058376 secs] [Times: user=0.05 sys=0.00, real=0.00 secs] 
2016-09-13T17:47:02.778-0400: 71.335: [GC (GCLocker Initiated GC) [PSYoungGen: 135640K->26447K(185344K)] 424684K->317325K(709632K), 0.0146544 secs] [Times: user=0.13 sys=0.00, real=0.01 secs] 
2016-09-13T17:47:02.941-0400: 71.498: [GC (GCLocker Initiated GC) [PSYoungGen: 137039K->41566K(184320K)] 428152K->334357K(708608K), 0.0088171 secs] [Times: user=0.05 sys=0.00, real=0.01 secs] 
2016-09-13T17:47:03.096-0400: 71.653: [GC (GCLocker Initiated GC) [PSYoungGen: 152158K->44666K(185856K)] 444974K->337672K(710144K), 0.0090815 secs] [Times: user=0.08 sys=0.00, real=0.00 secs] 
2016-09-13T17:47:03.272-0400: 71.828: [GC (GCLocker Initiated GC) [PSYoungGen: 159354K->32643K(184832K)] 454071K->330650K(709120K), 0.0116410 secs] [Times: user=0.10 sys=0.00, real=0.01 secs] 
2016-09-13T17:47:03.475-0400: 72.032: [GC (GCLocker Initiated GC) [PSYoungGen: 147331K->34035K(189952K)] 446920K->333845K(714240K), 0.0173440 secs] [Times: user=0.16 sys=0.00, real=0.02 secs] 
2016-09-13T17:47:03.673-0400: 72.230: [GC (GCLocker Initiated GC) [PSYoungGen: 156915K->46377K(188928K)] 457027K->346636K(713216K), 0.0114746 secs] [Times: user=0.11 sys=0.01, real=0.01 secs] 
2016-09-13T17:47:03.880-0400: 72.437: [GC (GCLocker Initiated GC) [PSYoungGen: 169257K->27901K(194560K)] 469538K->328417K(718848K), 0.0133038 secs] [Times: user=0.12 sys=0.00, real=0.01 secs] 
2016-09-13T17:47:04.078-0400: 72.635: [GC (GCLocker Initiated GC) [PSYoungGen: 157437K->47735K(195072K)] 458015K->354657K(719360K), 0.0157975 secs] [Times: user=0.13 sys=0.00, real=0.01 secs] 
2016-09-13T17:47:04.287-0400: 72.843: [GC (GCLocker Initiated GC) [PSYoungGen: 177271K->41607K(193536K)] 484195K->351865K(717824K), 0.0209743 secs] [Times: user=0.24 sys=0.00, real=0.02 secs] 
2016-09-13T17:47:04.493-0400: 73.049: [GC (GCLocker Initiated GC) [PSYoungGen: 171655K->47577K(194560K)] 481938K->358054K(718848K), 0.0180564 secs] [Times: user=0.17 sys=0.01, real=0.02 secs] 
2016-09-13T17:47:04.714-0400: 73.271: [GC (GCLocker Initiated GC) [PSYoungGen: 177625K->41949K(195072K)] 500296K->367852K(719360K), 0.0091018 secs] [Times: user=0.11 sys=0.00, real=0.01 secs] 
2016-09-13T17:47:04.913-0400: 73.469: [GC (GCLocker Initiated GC) [PSYoungGen: 174557K->60110K(193024K)] 500596K->403105K(717312K), 0.0125504 secs] [Times: user=0.18 sys=0.00, real=0.01 secs] 
2016-09-13T17:47:05.130-0400: 73.687: [GC (GCLocker Initiated GC) [PSYoungGen: 192718K->50716K(192512K)] 535735K->393942K(716800K), 0.0214332 secs] [Times: user=0.19 sys=0.00, real=0.02 secs] 
2016-09-13T17:47:05.377-0400: 73.933: [GC (GCLocker Initiated GC) [PSYoungGen: 174620K->5365K(129536K)] 525516K->368542K(653824K), 0.0140817 secs] [Times: user=0.13 sys=0.01, real=0.01 secs] 
2016-09-13T17:47:05.611-0400: 74.167: [GC (GCLocker Initiated GC) [PSYoungGen: 129269K->28019K(190464K)] 500061K->399048K(714752K), 0.0138567 secs] [Times: user=0.12 sys=0.00, real=0.01 secs] 
2016-09-13T17:47:05.790-0400: 74.346: [GC (GCLocker Initiated GC) [PSYoungGen: 145779K->47741K(189440K)] 517045K->429896K(713728K), 0.0081171 secs] [Times: user=0.07 sys=0.00, real=0.01 secs] 
2016-09-13T17:47:05.953-0400: 74.509: [GC (GCLocker Initiated GC) [PSYoungGen: 165501K->29384K(188416K)] 553756K->417766K(712704K), 0.0205978 secs] [Times: user=0.18 sys=0.00, real=0.02 secs] 
2016-09-13T17:47:06.148-0400: 74.704: [GC (GCLocker Initiated GC) [PSYoungGen: 148168K->29478K(188928K)] 536585K->419588K(713216K), 0.0063758 secs] [Times: user=0.04 sys=0.01, real=0.01 secs] 
2016-09-13T17:47:06.357-0400: 74.914: [GC (GCLocker Initiated GC) [PSYoungGen: 148262K->57014K(185344K)] 538500K->447595K(709632K), 0.0187281 secs] [Times: user=0.20 sys=0.00, real=0.02 secs] 
2016-09-13T17:47:06.542-0400: 75.098: [GC (GCLocker Initiated GC) [PSYoungGen: 173750K->43244K(189440K)] 565964K->441750K(713728K), 0.0162577 secs] [Times: user=0.16 sys=0.00, real=0.02 secs] 
2016-09-13T17:47:06.729-0400: 75.285: [GC (GCLocker Initiated GC) [PSYoungGen: 159980K->26473K(186368K)] 558552K->431397K(710656K), 0.0062490 secs] [Times: user=0.03 sys=0.00, real=0.00 secs] 
2016-09-13T17:47:06.912-0400: 75.469: [GC (GCLocker Initiated GC) [PSYoungGen: 145257K->49224K(188928K)] 556299K->460490K(713216K), 0.0191754 secs] [Times: user=0.20 sys=0.00, real=0.02 secs] 
2016-09-13T17:47:07.112-0400: 75.669: [GC (GCLocker Initiated GC) [PSYoungGen: 168008K->44757K(190464K)] 579279K->463761K(714752K), 0.0081483 secs] [Times: user=0.07 sys=0.01, real=0.01 secs] 
2016-09-13T17:47:07.313-0400: 75.870: [GC (GCLocker Initiated GC) [PSYoungGen: 166101K->49224K(190976K)] 592721K->476053K(715264K), 0.0321284 secs] [Times: user=0.36 sys=0.00, real=0.03 secs] 
2016-09-13T17:47:07.517-0400: 76.074: [GC (GCLocker Initiated GC) [PSYoungGen: 170568K->64639K(179712K)] 598999K->500901K(704000K), 0.0182324 secs] [Times: user=0.27 sys=0.00, real=0.01 secs] 
2016-09-13T17:47:07.713-0400: 76.269: [GC (GCLocker Initiated GC) [PSYoungGen: 174207K->38784K(185856K)] 624225K->489060K(710144K), 0.0082315 secs] [Times: user=0.11 sys=0.00, real=0.01 secs] 
2016-09-13T17:47:07.896-0400: 76.453: [GC (GCLocker Initiated GC) [PSYoungGen: 148352K->25113K(183296K)] 598682K->483182K(707584K), 0.0202561 secs] [Times: user=0.20 sys=0.00, real=0.02 secs] 
2016-09-13T17:47:08.074-0400: 76.630: [GC (GCLocker Initiated GC) [PSYoungGen: 137241K->46217K(185856K)] 595335K->504686K(710144K), 0.0079889 secs] [Times: user=0.07 sys=0.00, real=0.01 secs] 
2016-09-13T17:47:08.250-0400: 76.807: [GC (GCLocker Initiated GC) [PSYoungGen: 158345K->35622K(183296K)] 616898K->495950K(707584K), 0.0152489 secs] [Times: user=0.17 sys=0.00, real=0.01 secs] 
2016-09-13T17:47:08.444-0400: 77.001: [GC (GCLocker Initiated GC) [PSYoungGen: 151846K->37205K(186368K)] 612210K->506825K(710656K), 0.0328284 secs] [Times: user=0.36 sys=0.00, real=0.04 secs] 
2016-09-13T17:47:08.653-0400: 77.209: [GC (GCLocker Initiated GC) [PSYoungGen: 153429K->8280K(188928K)] 636844K->502528K(713216K), 0.0047916 secs] [Times: user=0.03 sys=0.00, real=0.01 secs] 
2016-09-13T17:47:08.856-0400: 77.413: [GC (Allocation Failure) [PSYoungGen: 129112K->25076K(191488K)] 626498K->528837K(715776K), 0.0224671 secs] [Times: user=0.21 sys=0.00, real=0.02 secs] 
2016-09-13T17:47:08.879-0400: 77.436: [GC (GCLocker Initiated GC) --[PSYoungGen: 25088K->25088K(191488K)] 528849K->544572K(715776K), 0.0059826 secs] [Times: user=0.04 sys=0.00, real=0.00 secs] 
2016-09-13T17:47:08.885-0400: 77.442: [Full GC (Ergonomics) [PSYoungGen: 25088K->0K(191488K)] [ParOldGen: 519484K->35170K(524288K)] 544572K->35170K(715776K), [Metaspace: 44471K->44471K(1087488K)], 0.0646971 secs] [Times: user=0.31 sys=0.01, real=0.07 secs] 
2016-09-13T17:47:09.125-0400: 77.681: [GC (GCLocker Initiated GC) [PSYoungGen: 120832K->61442K(180224K)] 156004K->96615K(704512K), 0.0101033 secs] [Times: user=0.06 sys=0.00, real=0.01 secs] 
2016-09-13T17:47:09.294-0400: 77.851: [GC (GCLocker Initiated GC) [PSYoungGen: 172034K->34253K(186368K)] 213316K->98747K(710656K), 0.0252304 secs] [Times: user=0.24 sys=0.01, real=0.03 secs] 
2016-09-13T17:47:09.472-0400: 78.029: [GC (GCLocker Initiated GC) [PSYoungGen: 144845K->32607K(178176K)] 209454K->99014K(702464K), 0.0133068 secs] [Times: user=0.11 sys=0.01, real=0.01 secs] 
2016-09-13T17:47:09.635-0400: 78.191: [GC (GCLocker Initiated GC) [PSYoungGen: 146271K->44576K(183808K)] 212839K->111369K(708096K), 0.0075435 secs] [Times: user=0.05 sys=0.00, real=0.01 secs] 
2016-09-13T17:47:09.792-0400: 78.349: [GC (GCLocker Initiated GC) [PSYoungGen: 158240K->29666K(188416K)] 226599K->98237K(712704K), 0.0187981 secs] [Times: user=0.17 sys=0.00, real=0.02 secs] 
2016-09-13T17:47:09.978-0400: 78.535: [GC (Allocation Failure) [PSYoungGen: 152034K->20558K(190464K)] 223695K->103191K(714752K), 0.0180992 secs] [Times: user=0.18 sys=0.00, real=0.02 secs] 
2016-09-13T17:47:10.175-0400: 78.732: [GC (GCLocker Initiated GC) [PSYoungGen: 142926K->38624K(189440K)] 225564K->121456K(713728K), 0.0169971 secs] [Times: user=0.15 sys=0.00, real=0.02 secs] 
2016-09-13T17:47:10.374-0400: 78.931: [GC (GCLocker Initiated GC) [PSYoungGen: 165088K->37269K(192000K)] 248121K->120483K(716288K), 0.0226989 secs] [Times: user=0.25 sys=0.01, real=0.03 secs] 
2016-09-13T17:47:10.575-0400: 79.131: [GC (GCLocker Initiated GC) [PSYoungGen: 163733K->29357K(193536K)] 247028K->112810K(717824K), 0.0050554 secs] [Times: user=0.03 sys=0.00, real=0.01 secs] 
2016-09-13T17:47:10.811-0400: 79.367: [GC (GCLocker Initiated GC) [PSYoungGen: 162989K->35714K(195072K)] 246494K->119365K(719360K), 0.0108045 secs] [Times: user=0.12 sys=0.00, real=0.01 secs] 
2016-09-13T17:47:11.042-0400: 79.599: [GC (GCLocker Initiated GC) [PSYoungGen: 169346K->53811K(194048K)] 253022K->160470K(718336K), 0.0253836 secs] [Times: user=0.22 sys=0.00, real=0.02 secs] 
2016-09-13T17:47:11.256-0400: 79.813: [GC (GCLocker Initiated GC) [PSYoungGen: 188979K->6703K(142336K)] 303289K->159192K(666624K), 0.0135087 secs] [Times: user=0.12 sys=0.00, real=0.01 secs] 
2016-09-13T17:47:11.474-0400: 80.031: [GC (GCLocker Initiated GC) [PSYoungGen: 141871K->41789K(196608K)] 294693K->194757K(720896K), 0.0273702 secs] [Times: user=0.31 sys=0.01, real=0.03 secs] 
2016-09-13T17:47:11.703-0400: 80.260: [GC (GCLocker Initiated GC) [PSYoungGen: 172349K->43085K(196096K)] 325570K->196432K(720384K), 0.0175040 secs] [Times: user=0.18 sys=0.01, real=0.02 secs] 
2016-09-13T17:47:11.913-0400: 80.470: [GC (GCLocker Initiated GC) [PSYoungGen: 173645K->41630K(196096K)] 334650K->202774K(720384K), 0.0250172 secs] [Times: user=0.32 sys=0.00, real=0.03 secs] 
2016-09-13T17:47:12.142-0400: 80.699: [GC (GCLocker Initiated GC) [PSYoungGen: 172702K->43180K(196096K)] 340100K->210685K(720384K), 0.0243989 secs] [Times: user=0.27 sys=0.00, real=0.02 secs] 
2016-09-13T17:47:12.361-0400: 80.917: [GC (GCLocker Initiated GC) [PSYoungGen: 174252K->41699K(195584K)] 345038K->212727K(719872K), 0.0063874 secs] [Times: user=0.07 sys=0.00, real=0.00 secs] 
2016-09-13T17:47:12.568-0400: 81.125: [GC (Allocation Failure) [PSYoungGen: 174307K->35778K(196096K)] 351510K->213143K(720384K), 0.0227312 secs] [Times: user=0.27 sys=0.01, real=0.02 secs] 
2016-09-13T17:47:12.786-0400: 81.342: [GC (Allocation Failure) [PSYoungGen: 168386K->40137K(197120K)] 345751K->225290K(721408K), 0.0472273 secs] [Times: user=0.57 sys=0.01, real=0.05 secs] 
2016-09-13T17:47:13.050-0400: 81.606: [GC (GCLocker Initiated GC) [PSYoungGen: 171459K->27934K(197120K)] 362687K->219351K(721408K), 0.0105282 secs] [Times: user=0.09 sys=0.00, real=0.01 secs] 
2016-09-13T17:47:13.300-0400: 81.857: [GC (GCLocker Initiated GC) [PSYoungGen: 165150K->14297K(199680K)] 362649K->211955K(723968K), 0.0222434 secs] [Times: user=0.22 sys=0.00, real=0.02 secs] 
2016-09-13T17:47:13.498-0400: 82.054: [GC (GCLocker Initiated GC) [PSYoungGen: 154585K->28055K(201216K)] 355498K->229190K(725504K), 0.0057386 secs] [Times: user=0.05 sys=0.00, real=0.00 secs] 
2016-09-13T17:47:13.674-0400: 82.231: [GC (GCLocker Initiated GC) [PSYoungGen: 168343K->46345K(198656K)] 369627K->249423K(722944K), 0.0192098 secs] [Times: user=0.20 sys=0.01, real=0.02 secs] 
2016-09-13T17:47:13.907-0400: 82.464: [GC (GCLocker Initiated GC) [PSYoungGen: 185609K->31222K(200704K)] 396303K->242083K(724992K), 0.0102454 secs] [Times: user=0.12 sys=0.00, real=0.02 secs] 
2016-09-13T17:47:14.129-0400: 82.685: [GC (GCLocker Initiated GC) [PSYoungGen: 170486K->46154K(198656K)] 381447K->258887K(722944K), 0.0161618 secs] [Times: user=0.13 sys=0.00, real=0.01 secs] 
2016-09-13T17:47:14.367-0400: 82.923: [GC (Allocation Failure) [PSYoungGen: 185418K->5212K(144896K)] 407352K->237923K(669184K), 0.0115874 secs] [Times: user=0.11 sys=0.01, real=0.02 secs] 
2016-09-13T17:47:14.609-0400: 83.165: [GC (GCLocker Initiated GC) [PSYoungGen: 140670K->32581K(201216K)] 379456K->271515K(725504K), 0.0241470 secs] [Times: user=0.26 sys=0.01, real=0.02 secs] 
2016-09-13T17:47:14.864-0400: 83.421: [GC (GCLocker Initiated GC) [PSYoungGen: 169797K->41761K(198144K)] 414810K->286870K(722432K), 0.0090327 secs] [Times: user=0.08 sys=0.01, real=0.01 secs] 
2016-09-13T17:47:15.075-0400: 83.632: [GC (GCLocker Initiated GC) [PSYoungGen: 178976K->47895K(195584K)] 424381K->295020K(719872K), 0.0182661 secs] [Times: user=0.20 sys=0.00, real=0.02 secs] 
2016-09-13T17:47:15.292-0400: 83.848: [GC (Allocation Failure) [PSYoungGen: 182037K->43271K(198144K)] 429430K->290823K(722432K), 0.0188599 secs] [Times: user=0.21 sys=0.00, real=0.02 secs] 
2016-09-13T17:47:15.500-0400: 84.057: [GC (GCLocker Initiated GC) [PSYoungGen: 176552K->47678K(195072K)] 425623K->296888K(719360K), 0.0227306 secs] [Times: user=0.25 sys=0.00, real=0.02 secs] 
2016-09-13T17:47:15.725-0400: 84.282: [GC (GCLocker Initiated GC) [PSYoungGen: 178750K->52325K(183808K)] 427977K->301648K(708096K), 0.0217654 secs] [Times: user=0.22 sys=0.00, real=0.02 secs] 
2016-09-13T17:47:15.973-0400: 84.529: [GC (GCLocker Initiated GC) [PSYoungGen: 183397K->38500K(196608K)] 432849K->288149K(720896K), 0.0136420 secs] [Times: user=0.14 sys=0.00, real=0.01 secs] 
2016-09-13T17:47:16.154-0400: 84.711: [GC (GCLocker Initiated GC) [PSYoungGen: 166500K->26597K(154624K)] 416291K->279648K(678912K), 0.0099629 secs] [Times: user=0.08 sys=0.00, real=0.01 secs] 
2016-09-13T17:47:16.346-0400: 84.903: [GC (Allocation Failure) [PSYoungGen: 154597K->23457K(193536K)] 407807K->276915K(717824K), 0.0127238 secs] [Times: user=0.12 sys=0.01, real=0.02 secs] 
2016-09-13T17:47:16.558-0400: 85.115: [GC (GCLocker Initiated GC) [PSYoungGen: 151969K->46308K(193024K)] 405429K->299969K(717312K), 0.0274585 secs] [Times: user=0.29 sys=0.00, real=0.02 secs] 
2016-09-13T17:47:16.771-0400: 85.328: [GC (Allocation Failure) [PSYoungGen: 174820K->34131K(193536K)] 428600K->288219K(717824K), 0.0097064 secs] [Times: user=0.11 sys=0.00, real=0.01 secs] 
2016-09-13T17:47:16.978-0400: 85.534: [GC (GCLocker Initiated GC) [PSYoungGen: 162005K->28055K(195072K)] 422168K->288428K(719360K), 0.0316237 secs] [Times: user=0.32 sys=0.00, real=0.03 secs] 
2016-09-13T17:47:17.221-0400: 85.777: [GC (GCLocker Initiated GC) [PSYoungGen: 160151K->46319K(197120K)] 429791K->316152K(721408K), 0.0161682 secs] [Times: user=0.17 sys=0.00, real=0.02 secs] 
2016-09-13T17:47:17.419-0400: 85.976: [GC (GCLocker Initiated GC) [PSYoungGen: 181487K->44513K(198656K)] 451476K->314558K(722944K), 0.0100527 secs] [Times: user=0.07 sys=0.01, real=0.01 secs] 
2016-09-13T17:47:17.659-0400: 86.216: [GC (GCLocker Initiated GC) [PSYoungGen: 179681K->41789K(196608K)] 451444K->313707K(720896K), 0.0080342 secs] [Times: user=0.08 sys=0.00, real=0.00 secs] 
2016-09-13T17:47:17.857-0400: 86.414: [GC (GCLocker Initiated GC) [PSYoungGen: 176957K->37387K(197632K)] 455172K->315909K(721920K), 0.0211918 secs] [Times: user=0.25 sys=0.01, real=0.02 secs] 
2016-09-13T17:47:18.091-0400: 86.648: [GC (Allocation Failure) [PSYoungGen: 172555K->41725K(198656K)] 452822K->326837K(722944K), 0.0098600 secs] [Times: user=0.10 sys=0.00, real=0.01 secs] 
2016-09-13T17:47:18.313-0400: 86.869: [GC (GCLocker Initiated GC) [PSYoungGen: 178863K->47896K(198656K)] 470051K->339317K(722944K), 0.0251073 secs] [Times: user=0.27 sys=0.00, real=0.03 secs] 
2016-09-13T17:47:18.543-0400: 87.100: [GC (GCLocker Initiated GC) [PSYoungGen: 187160K->44609K(201728K)] 478747K->336413K(726016K), 0.0191141 secs] [Times: user=0.18 sys=0.00, real=0.02 secs] 
2016-09-13T17:47:18.758-0400: 87.315: [GC (Allocation Failure) [PSYoungGen: 185409K->25104K(201216K)] 483602K->323443K(725504K), 0.0318457 secs] [Times: user=0.35 sys=0.00, real=0.03 secs] 
2016-09-13T17:47:19.030-0400: 87.586: [GC (GCLocker Initiated GC) [PSYoungGen: 165904K->29389K(201216K)] 464246K->327870K(725504K), 0.0109352 secs] [Times: user=0.09 sys=0.00, real=0.01 secs] 
2016-09-13T17:47:19.234-0400: 87.791: [GC (GCLocker Initiated GC) [PSYoungGen: 170189K->31062K(172032K)] 468692K->329637K(696320K), 0.0072068 secs] [Times: user=0.06 sys=0.00, real=0.01 secs] 
2016-09-13T17:47:19.459-0400: 88.016: [GC (GCLocker Initiated GC) [PSYoungGen: 171862K->8207K(197632K)] 482600K->326674K(721920K), 0.0186304 secs] [Times: user=0.21 sys=0.00, real=0.02 secs] 
2016-09-13T17:47:19.712-0400: 88.269: [GC (GCLocker Initiated GC) [PSYoungGen: 146447K->28189K(200192K)] 472695K->363728K(724480K), 0.0075107 secs] [Times: user=0.09 sys=0.00, real=0.01 secs] 
2016-09-13T17:47:19.945-0400: 88.501: [GC (GCLocker Initiated GC) [PSYoungGen: 166429K->59796K(187904K)] 503716K->397218K(712192K), 0.0215394 secs] [Times: user=0.22 sys=0.01, real=0.02 secs] 
2016-09-13T17:47:20.149-0400: 88.706: [GC (Allocation Failure) [PSYoungGen: 187796K->28020K(195072K)] 531387K->371675K(719360K), 0.0067450 secs] [Times: user=0.06 sys=0.00, real=0.01 secs] 
2016-09-13T17:47:20.356-0400: 88.913: [GC (GCLocker Initiated GC) [PSYoungGen: 156020K->26477K(190464K)] 499678K->370324K(714752K), 0.0123053 secs] [Times: user=0.12 sys=0.00, real=0.01 secs] 
2016-09-13T17:47:20.611-0400: 89.167: [GC (GCLocker Initiated GC) [PSYoungGen: 156013K->43057K(193536K)] 500014K->387330K(717824K), 0.0251340 secs] [Times: user=0.26 sys=0.00, real=0.03 secs] 
2016-09-13T17:47:20.866-0400: 89.423: [GC (GCLocker Initiated GC) [PSYoungGen: 172593K->64289K(182272K)] 516921K->408747K(706560K), 0.0249671 secs] [Times: user=0.24 sys=0.00, real=0.03 secs] 
2016-09-13T17:47:21.062-0400: 89.619: [GC (GCLocker Initiated GC) [PSYoungGen: 182049K->29484K(189952K)] 532792K->390970K(714240K), 0.0154543 secs] [Times: user=0.18 sys=0.00, real=0.02 secs] 
2016-09-13T17:47:21.217-0400: 89.774: [GC (Allocation Failure) [PSYoungGen: 147244K->64729K(177664K)] 510424K->434284K(701952K), 0.0197261 secs] [Times: user=0.20 sys=0.01, real=0.02 secs] 
2016-09-13T17:47:21.365-0400: 89.922: [GC (GCLocker Initiated GC) [PSYoungGen: 172249K->47901K(184832K)] 541807K->427009K(709120K), 0.0140130 secs] [Times: user=0.15 sys=0.00, real=0.02 secs] 
2016-09-13T17:47:21.508-0400: 90.065: [GC (Allocation Failure) [PSYoungGen: 155421K->46127K(180736K)] 540853K->449950K(705024K), 0.0130635 secs] [Times: user=0.12 sys=0.00, real=0.01 secs] 
2016-09-13T17:47:21.692-0400: 90.248: [GC (GCLocker Initiated GC) [PSYoungGen: 154671K->46472K(183296K)] 558497K->450437K(707584K), 0.0255043 secs] [Times: user=0.28 sys=0.00, real=0.03 secs] 
2016-09-13T17:47:21.885-0400: 90.442: [GC (GCLocker Initiated GC) [PSYoungGen: 155016K->46192K(183296K)] 559005K->450476K(707584K), 0.0135590 secs] [Times: user=0.14 sys=0.00, real=0.02 secs] 
2016-09-13T17:47:22.066-0400: 90.623: [GC (GCLocker Initiated GC) [PSYoungGen: 160368K->50842K(185856K)] 564797K->459983K(710144K), 0.0286241 secs] [Times: user=0.26 sys=0.00, real=0.03 secs] 
2016-09-13T17:47:22.268-0400: 90.824: [GC (GCLocker Initiated GC) [PSYoungGen: 165018K->14601K(185856K)] 586504K->436320K(710144K), 0.0105806 secs] [Times: user=0.12 sys=0.00, real=0.01 secs] 
2016-09-13T17:47:22.463-0400: 91.019: [GC (Allocation Failure) [PSYoungGen: 128265K->60079K(174080K)] 550334K->487012K(698368K), 0.0097199 secs] [Times: user=0.15 sys=0.00, real=0.01 secs] 
2016-09-13T17:47:22.653-0400: 91.209: [GC (GCLocker Initiated GC) [PSYoungGen: 173743K->32768K(185856K)] 600679K->459816K(710144K), 0.0051112 secs] [Times: user=0.05 sys=0.00, real=0.01 secs] 
2016-09-13T17:47:22.832-0400: 91.389: [GC (GCLocker Initiated GC) [PSYoungGen: 140800K->27838K(136192K)] 575474K->462768K(660480K), 0.0231761 secs] [Times: user=0.21 sys=0.00, real=0.02 secs] 
2016-09-13T17:47:23.037-0400: 91.594: [GC (GCLocker Initiated GC) [PSYoungGen: 135870K->32746K(184832K)] 570934K->477133K(709120K), 0.0109736 secs] [Times: user=0.10 sys=0.01, real=0.01 secs] 
2016-09-13T17:47:23.227-0400: 91.784: [GC (GCLocker Initiated GC) [PSYoungGen: 142826K->24737K(182784K)] 590269K->472323K(707072K), 0.0138633 secs] [Times: user=0.12 sys=0.00, real=0.02 secs] 
2016-09-13T17:47:23.377-0400: 91.934: [GC (GCLocker Initiated GC) [PSYoungGen: 134817K->52501K(184320K)] 582439K->500294K(708608K), 0.0356723 secs] [Times: user=0.39 sys=0.00, real=0.03 secs] 
2016-09-13T17:47:23.538-0400: 92.095: [GC (GCLocker Initiated GC) [PSYoungGen: 165141K->49291K(186368K)] 613091K->499098K(710656K), 0.0083015 secs] [Times: user=0.07 sys=0.00, real=0.00 secs] 
2016-09-13T17:47:23.712-0400: 92.269: [GC (GCLocker Initiated GC) [PSYoungGen: 161931K->67571K(174592K)] 611831K->520747K(698880K), 0.0149775 secs] [Times: user=0.17 sys=0.00, real=0.01 secs] 
2016-09-13T17:47:23.900-0400: 92.456: [GC (Allocation Failure) [PSYoungGen: 167923K->34010K(181248K)] 621219K->493594K(705536K), 0.0079447 secs] [Times: user=0.08 sys=0.00, real=0.01 secs] 
2016-09-13T17:47:24.071-0400: 92.627: [GC (GCLocker Initiated GC) [PSYoungGen: 134362K->46372K(175104K)] 593951K->512223K(699392K), 0.0252025 secs] [Times: user=0.27 sys=0.01, real=0.03 secs] 
2016-09-13T17:47:24.234-0400: 92.791: [GC (Allocation Failure) [PSYoungGen: 148772K->46096K(179200K)] 614910K->512510K(703488K), 0.0077915 secs] [Times: user=0.06 sys=0.00, real=0.01 secs] 
2016-09-13T17:47:24.384-0400: 92.941: [GC (GCLocker Initiated GC) [PSYoungGen: 148496K->46281K(179200K)] 614913K->517366K(703488K), 0.0139714 secs] [Times: user=0.15 sys=0.00, real=0.02 secs] 
2016-09-13T17:47:24.537-0400: 93.093: [GC (GCLocker Initiated GC) [PSYoungGen: 156873K->52361K(183296K)] 628050K->523762K(707584K), 0.0099387 secs] [Times: user=0.10 sys=0.01, real=0.00 secs] 
2016-09-13T17:47:24.724-0400: 93.281: [GC (GCLocker Initiated GC) [PSYoungGen: 162953K->55235K(186880K)] 635934K->528399K(711168K), 0.0105926 secs] [Times: user=0.09 sys=0.00, real=0.01 secs] 
2016-09-13T17:47:24.927-0400: 93.484: [GC (GCLocker Initiated GC) [PSYoungGen: 168899K->23404K(137216K)] 643746K->498381K(661504K), 0.0054376 secs] [Times: user=0.05 sys=0.00, real=0.01 secs] 
2016-09-13T17:47:25.123-0400: 93.680: [GC (GCLocker Initiated GC) [PSYoungGen: 137068K->9904K(181760K)] 621283K->494345K(706048K), 0.0038215 secs] [Times: user=0.04 sys=0.00, real=0.00 secs] 
2016-09-13T17:47:25.311-0400: 93.868: [GC (GCLocker Initiated GC) [PSYoungGen: 116400K->43244K(184320K)] 600869K->527970K(708608K), 0.0205800 secs] [Times: user=0.18 sys=0.01, real=0.02 secs] 
2016-09-13T17:47:25.466-0400: 94.022: [GC (GCLocker Initiated GC) [PSYoungGen: 149740K->49452K(184320K)] 634477K->549728K(708608K), 0.0117811 secs] [Times: user=0.17 sys=0.00, real=0.02 secs] 
2016-09-13T17:47:25.653-0400: 94.210: [GC (GCLocker Initiated GC) [PSYoungGen: 158508K->15971K(184320K)] 658799K->524137K(708608K), 0.0101024 secs] [Times: user=0.14 sys=0.00, real=0.01 secs] 
2016-09-13T17:47:25.815-0400: 94.372: [GC (GCLocker Initiated GC) [PSYoungGen: 125027K->40015K(181248K)] 633334K->554544K(705536K), 0.0226119 secs] [Times: user=0.18 sys=0.00, real=0.03 secs] 
2016-09-13T17:47:25.838-0400: 94.394: [Full GC (Ergonomics) [PSYoungGen: 40015K->0K(181248K)] [ParOldGen: 514528K->38834K(524288K)] 554544K->38834K(705536K), [Metaspace: 44516K->44516K(1087488K)], 0.0607700 secs] [Times: user=0.32 sys=0.01, real=0.06 secs] 
2016-09-13T17:47:26.075-0400: 94.631: [GC (Allocation Failure) [PSYoungGen: 111104K->69066K(180224K)] 151750K->127938K(704512K), 0.0175543 secs] [Times: user=0.16 sys=0.00, real=0.02 secs] 
2016-09-13T17:47:26.235-0400: 94.792: [GC (GCLocker Initiated GC) [PSYoungGen: 180170K->64321K(173056K)] 239047K->147908K(697344K), 0.0105509 secs] [Times: user=0.09 sys=0.00, real=0.01 secs] 
2016-09-13T17:47:26.379-0400: 94.936: [GC (Allocation Failure) [PSYoungGen: 156481K->32581K(177152K)] 241609K->117855K(701440K), 0.0307881 secs] [Times: user=0.31 sys=0.00, real=0.03 secs] 
2016-09-13T17:47:26.526-0400: 95.083: [GC (GCLocker Initiated GC) [PSYoungGen: 123815K->26319K(173056K)] 215164K->139223K(697344K), 0.0153787 secs] [Times: user=0.13 sys=0.01, real=0.02 secs] 
2016-09-13T17:47:26.660-0400: 95.216: [GC (GCLocker Initiated GC) [PSYoungGen: 120527K->41629K(176128K)] 241045K->162309K(700416K), 0.0247690 secs] [Times: user=0.27 sys=0.00, real=0.02 secs] 
2016-09-13T17:47:26.807-0400: 95.364: [GC (GCLocker Initiated GC) [PSYoungGen: 135837K->32745K(177152K)] 265724K->162982K(701440K), 0.0129268 secs] [Times: user=0.12 sys=0.00, real=0.02 secs] 
2016-09-13T17:47:26.980-0400: 95.537: [GC (GCLocker Initiated GC) [PSYoungGen: 135145K->10040K(178176K)] 267020K->146647K(702464K), 0.0064291 secs] [Times: user=0.08 sys=0.00, real=0.00 secs] 
2016-09-13T17:47:27.136-0400: 95.692: [GC (GCLocker Initiated GC) [PSYoungGen: 112440K->52106K(181760K)] 249248K->189045K(706048K), 0.0132766 secs] [Times: user=0.14 sys=0.00, real=0.01 secs] 
2016-09-13T17:47:27.323-0400: 95.879: [GC (GCLocker Initiated GC) [PSYoungGen: 156554K->44917K(183296K)] 301226K->189704K(707584K), 0.0144500 secs] [Times: user=0.15 sys=0.00, real=0.02 secs] 
2016-09-13T17:47:27.505-0400: 96.061: [GC (GCLocker Initiated GC) [PSYoungGen: 149365K->31062K(178176K)] 306545K->191594K(702464K), 0.0263413 secs] [Times: user=0.24 sys=0.00, real=0.03 secs] 
2016-09-13T17:47:27.696-0400: 96.253: [GC (GCLocker Initiated GC) [PSYoungGen: 137046K->44698K(180736K)] 297596K->211559K(705024K), 0.0253979 secs] [Times: user=0.27 sys=0.00, real=0.02 secs] 
2016-09-13T17:47:27.872-0400: 96.429: [GC (GCLocker Initiated GC) [PSYoungGen: 150682K->26543K(183296K)] 317728K->202959K(707584K), 0.0282932 secs] [Times: user=0.33 sys=0.01, real=0.03 secs] 
2016-09-13T17:47:28.058-0400: 96.614: [GC (GCLocker Initiated GC) [PSYoungGen: 140207K->41731K(185856K)] 324278K->226070K(710144K), 0.0077449 secs] [Times: user=0.07 sys=0.00, real=0.00 secs] 
2016-09-13T17:47:28.226-0400: 96.783: [GC (GCLocker Initiated GC) [PSYoungGen: 155395K->34255K(184320K)] 339747K->226363K(708608K), 0.0232677 secs] [Times: user=0.25 sys=0.00, real=0.03 secs] 
2016-09-13T17:47:28.455-0400: 97.011: [GC (GCLocker Initiated GC) [PSYoungGen: 154063K->46495K(187392K)] 347938K->240607K(711680K), 0.0107272 secs] [Times: user=0.11 sys=0.01, real=0.01 secs] 
2016-09-13T17:47:28.635-0400: 97.192: [GC (GCLocker Initiated GC) [PSYoungGen: 166303K->44832K(194048K)] 360521K->259094K(718336K), 0.0505389 secs] [Times: user=0.58 sys=0.00, real=0.05 secs] 
2016-09-13T17:47:28.864-0400: 97.420: [GC (GCLocker Initiated GC) [PSYoungGen: 171296K->26442K(153088K)] 397733K->262183K(677376K), 0.0084898 secs] [Times: user=0.08 sys=0.01, real=0.01 secs] 
2016-09-13T17:47:29.059-0400: 97.616: [GC (GCLocker Initiated GC) [PSYoungGen: 152906K->29639K(194560K)] 394775K->273224K(718848K), 0.0217365 secs] [Times: user=0.22 sys=0.01, real=0.02 secs] 
2016-09-13T17:47:29.267-0400: 97.823: [GC (GCLocker Initiated GC) [PSYoungGen: 157639K->54067K(193536K)] 401265K->308590K(717824K), 0.0187909 secs] [Times: user=0.23 sys=0.01, real=0.02 secs] 
2016-09-13T17:47:29.472-0400: 98.029: [GC (GCLocker Initiated GC) [PSYoungGen: 182067K->62925K(181248K)] 436630K->325240K(705536K), 0.0084837 secs] [Times: user=0.07 sys=0.00, real=0.01 secs] 
2016-09-13T17:47:29.672-0400: 98.229: [GC (GCLocker Initiated GC) [PSYoungGen: 175565K->5115K(117760K)] 450192K->288969K(642048K), 0.0059981 secs] [Times: user=0.06 sys=0.00, real=0.01 secs] 
2016-09-13T17:47:29.867-0400: 98.423: [GC (GCLocker Initiated GC) [PSYoungGen: 117755K->64639K(172544K)] 403278K->350447K(696832K), 0.0152276 secs] [Times: user=0.18 sys=0.00, real=0.02 secs] 
2016-09-13T17:47:30.056-0400: 98.612: [GC (GCLocker Initiated GC) [PSYoungGen: 159871K->6730K(102400K)] 463926K->310994K(626688K), 0.0114680 secs] [Times: user=0.15 sys=0.00, real=0.00 secs] 
2016-09-13T17:47:30.228-0400: 98.785: [GC (GCLocker Initiated GC) [PSYoungGen: 101962K->34422K(181248K)] 406426K->340623K(705536K), 0.0168738 secs] [Times: user=0.22 sys=0.00, real=0.01 secs] 
2016-09-13T17:47:30.382-0400: 98.938: [GC (GCLocker Initiated GC) [PSYoungGen: 130678K->23655K(120320K)] 438419K->331645K(644608K), 0.0104806 secs] [Times: user=0.15 sys=0.00, real=0.01 secs] 
2016-09-13T17:47:30.516-0400: 99.072: [GC (GCLocker Initiated GC) [PSYoungGen: 119911K->37147K(178176K)] 429510K->347071K(702464K), 0.0098297 secs] [Times: user=0.14 sys=0.00, real=0.00 secs] 
2016-09-13T17:47:30.667-0400: 99.223: [GC (GCLocker Initiated GC) [PSYoungGen: 136987K->49505K(174592K)] 447064K->364341K(698880K), 0.0199985 secs] [Times: user=0.21 sys=0.01, real=0.02 secs] 
2016-09-13T17:47:30.853-0400: 99.409: [GC (GCLocker Initiated GC) [PSYoungGen: 149345K->12464K(185344K)] 471800K->335288K(709632K), 0.0169060 secs] [Times: user=0.12 sys=0.00, real=0.02 secs] 
2016-09-13T17:47:31.026-0400: 99.583: [GC (GCLocker Initiated GC) [PSYoungGen: 121520K->46308K(185344K)] 445970K->372463K(709632K), 0.0305931 secs] [Times: user=0.28 sys=0.01, real=0.04 secs] 
2016-09-13T17:47:31.218-0400: 99.774: [GC (GCLocker Initiated GC) [PSYoungGen: 155364K->62770K(174080K)] 481803K->389469K(698368K), 0.0157102 secs] [Times: user=0.16 sys=0.00, real=0.01 secs] 
2016-09-13T17:47:31.376-0400: 99.933: [GC (GCLocker Initiated GC) [PSYoungGen: 160050K->47773K(179712K)] 486777K->374656K(704000K), 0.0245811 secs] [Times: user=0.23 sys=0.00, real=0.02 secs] 
2016-09-13T17:47:31.548-0400: 100.105: [GC (GCLocker Initiated GC) [PSYoungGen: 145053K->44671K(174592K)] 472094K->373515K(698880K), 0.0084210 secs] [Times: user=0.06 sys=0.01, real=0.01 secs] 
2016-09-13T17:47:31.714-0400: 100.271: [GC (GCLocker Initiated GC) [PSYoungGen: 142975K->34233K(177664K)] 477952K->369503K(701952K), 0.0074402 secs] [Times: user=0.08 sys=0.00, real=0.01 secs] 
2016-09-13T17:47:31.860-0400: 100.417: [GC (GCLocker Initiated GC) [PSYoungGen: 132537K->46435K(180736K)] 474183K->400505K(705024K), 0.0176415 secs] [Times: user=0.20 sys=0.00, real=0.02 secs] 
2016-09-13T17:47:32.032-0400: 100.589: [GC (GCLocker Initiated GC) [PSYoungGen: 152931K->52331K(181760K)] 507034K->406730K(706048K), 0.0253286 secs] [Times: user=0.26 sys=0.01, real=0.03 secs] 
2016-09-13T17:47:32.237-0400: 100.793: [GC (GCLocker Initiated GC) [PSYoungGen: 158827K->44762K(183808K)] 513368K->407111K(708096K), 0.0097887 secs] [Times: user=0.09 sys=0.00, real=0.00 secs] 
2016-09-13T17:47:32.416-0400: 100.973: [GC (GCLocker Initiated GC) [PSYoungGen: 155354K->56785K(184832K)] 519431K->421047K(709120K), 0.0233509 secs] [Times: user=0.23 sys=0.00, real=0.02 secs] 
2016-09-13T17:47:32.595-0400: 101.152: [GC (GCLocker Initiated GC) [PSYoungGen: 167377K->38815K(185344K)] 537847K->409571K(709632K), 0.0178987 secs] [Times: user=0.18 sys=0.00, real=0.02 secs] 
2016-09-13T17:47:32.761-0400: 101.318: [GC (GCLocker Initiated GC) [PSYoungGen: 149919K->32581K(185344K)] 520699K->406827K(709632K), 0.0067302 secs] [Times: user=0.05 sys=0.00, real=0.01 secs] 
2016-09-13T17:47:32.979-0400: 101.536: [GC (GCLocker Initiated GC) [PSYoungGen: 143685K->23346K(186368K)] 525875K->408800K(710656K), 0.0185126 secs] [Times: user=0.17 sys=0.00, real=0.02 secs] 
2016-09-13T17:47:33.154-0400: 101.711: [GC (GCLocker Initiated GC) [PSYoungGen: 137010K->28119K(186368K)] 525679K->416935K(710656K), 0.0232066 secs] [Times: user=0.26 sys=0.01, real=0.03 secs] 
2016-09-13T17:47:33.327-0400: 101.884: [GC (GCLocker Initiated GC) [PSYoungGen: 141783K->40228K(185856K)] 533897K->432551K(710144K), 0.0152668 secs] [Times: user=0.16 sys=0.01, real=0.02 secs] 
2016-09-13T17:47:33.495-0400: 102.052: [GC (GCLocker Initiated GC) [PSYoungGen: 158500K->46585K(186880K)] 551055K->439279K(711168K), 0.0135454 secs] [Times: user=0.19 sys=0.00, real=0.02 secs] 
2016-09-13T17:47:33.683-0400: 102.240: [GC (GCLocker Initiated GC) [PSYoungGen: 164857K->46314K(192512K)] 557654K->439278K(716800K), 0.0255559 secs] [Times: user=0.31 sys=0.01, real=0.03 secs] 
2016-09-13T17:47:33.876-0400: 102.433: [GC (Allocation Failure) [PSYoungGen: 171242K->46216K(193024K)] 565900K->444026K(717312K), 0.0070359 secs] [Times: user=0.05 sys=0.00, real=0.00 secs] 
2016-09-13T17:47:34.068-0400: 102.625: [GC (GCLocker Initiated GC) [PSYoungGen: 171142K->43217K(190976K)] 568955K->441239K(715264K), 0.0091178 secs] [Times: user=0.08 sys=0.00, real=0.01 secs] 
2016-09-13T17:47:34.273-0400: 102.830: [GC (GCLocker Initiated GC) [PSYoungGen: 169681K->43090K(192512K)] 567712K->441236K(716800K), 0.0280578 secs] [Times: user=0.30 sys=0.01, real=0.03 secs] 
2016-09-13T17:47:34.491-0400: 103.048: [GC (GCLocker Initiated GC) [PSYoungGen: 169554K->26383K(195072K)] 580060K->437028K(719360K), 0.0199337 secs] [Times: user=0.16 sys=0.01, real=0.02 secs] 
2016-09-13T17:47:34.725-0400: 103.282: [GC (GCLocker Initiated GC) [PSYoungGen: 157455K->33914K(195584K)] 568115K->444776K(719872K), 0.0216691 secs] [Times: user=0.24 sys=0.00, real=0.02 secs] 
2016-09-13T17:47:34.945-0400: 103.501: [GC (GCLocker Initiated GC) [PSYoungGen: 164986K->24955K(196608K)] 575961K->443695K(720896K), 0.0143937 secs] [Times: user=0.16 sys=0.01, real=0.02 secs] 
2016-09-13T17:47:35.155-0400: 103.711: [GC (GCLocker Initiated GC) [PSYoungGen: 158587K->15879K(196608K)] 577352K->434872K(720896K), 0.0237824 secs] [Times: user=0.23 sys=0.00, real=0.03 secs] 
2016-09-13T17:47:35.350-0400: 103.906: [GC (GCLocker Initiated GC) [PSYoungGen: 149511K->46181K(195584K)] 568535K->468488K(719872K), 0.0221843 secs] [Times: user=0.20 sys=0.00, real=0.02 secs] 
2016-09-13T17:47:35.572-0400: 104.129: [GC (Allocation Failure) [PSYoungGen: 177253K->9703K(140800K)] 605771K->444436K(665088K), 0.0243447 secs] [Times: user=0.26 sys=0.00, real=0.03 secs] 
2016-09-13T17:47:35.791-0400: 104.347: [GC (GCLocker Initiated GC) [PSYoungGen: 139594K->29351K(197632K)] 575845K->465764K(721920K), 0.0148844 secs] [Times: user=0.13 sys=0.01, real=0.01 secs] 
2016-09-13T17:47:36.015-0400: 104.572: [GC (GCLocker Initiated GC) [PSYoungGen: 159911K->41538K(195072K)] 599407K->481083K(719360K), 0.0083120 secs] [Times: user=0.06 sys=0.00, real=0.01 secs] 
2016-09-13T17:47:36.233-0400: 104.790: [GC (GCLocker Initiated GC) [PSYoungGen: 172098K->44703K(194048K)] 614876K->487662K(718336K), 0.0155572 secs] [Times: user=0.14 sys=0.00, real=0.02 secs] 
2016-09-13T17:47:36.436-0400: 104.992: [GC (GCLocker Initiated GC) [PSYoungGen: 174239K->28148K(195072K)] 617310K->471385K(719360K), 0.0375254 secs] [Times: user=0.40 sys=0.01, real=0.04 secs] 
2016-09-13T17:47:36.660-0400: 105.216: [GC (GCLocker Initiated GC) [PSYoungGen: 157684K->23499K(195584K)] 606999K->473078K(719872K), 0.0072179 secs] [Times: user=0.05 sys=0.00, real=0.00 secs] 
2016-09-13T17:47:36.857-0400: 105.413: [GC (GCLocker Initiated GC) [PSYoungGen: 156619K->46127K(195584K)] 606396K->496160K(719872K), 0.0240128 secs] [Times: user=0.32 sys=0.00, real=0.02 secs] 
2016-09-13T17:47:37.084-0400: 105.640: [GC (GCLocker Initiated GC) [PSYoungGen: 179247K->38655K(198144K)] 629467K->489014K(722432K), 0.0122559 secs] [Times: user=0.14 sys=0.00, real=0.02 secs] 
2016-09-13T17:47:37.300-0400: 105.856: [GC (GCLocker Initiated GC) [PSYoungGen: 173311K->30966K(165888K)] 635857K->493787K(690176K), 0.0135642 secs] [Times: user=0.12 sys=0.00, real=0.01 secs] 
2016-09-13T17:47:37.510-0400: 106.067: [GC (GCLocker Initiated GC) [PSYoungGen: 165622K->44676K(195584K)] 628692K->518579K(719872K), 0.0302170 secs] [Times: user=0.30 sys=0.00, real=0.03 secs] 
2016-09-13T17:47:37.787-0400: 106.344: [GC (Allocation Failure) [PSYoungGen: 179332K->24796K(196608K)] 654978K->500568K(720896K), 0.0177122 secs] [Times: user=0.15 sys=0.00, real=0.02 secs] 
2016-09-13T17:47:37.989-0400: 106.546: [GC (GCLocker Initiated GC) [PSYoungGen: 159282K->41694K(199680K)] 636574K->519148K(723968K), 0.0106171 secs] [Times: user=0.10 sys=0.00, real=0.01 secs] 
2016-09-13T17:47:38.201-0400: 106.758: [GC (GCLocker Initiated GC) [PSYoungGen: 180446K->47928K(186880K)] 657947K->525560K(711168K), 0.0139990 secs] [Times: user=0.11 sys=0.00, real=0.01 secs] 
2016-09-13T17:47:38.422-0400: 106.978: [GC (Allocation Failure) [PSYoungGen: 186680K->23719K(199168K)] 665984K->509299K(723456K), 0.0159342 secs] [Times: user=0.20 sys=0.00, real=0.02 secs] 
2016-09-13T17:47:38.644-0400: 107.201: [GC (GCLocker Initiated GC) [PSYoungGen: 154318K->6725K(142848K)] 645974K->498582K(667136K), 0.0194517 secs] [Times: user=0.16 sys=0.00, real=0.02 secs] 
2016-09-13T17:47:38.866-0400: 107.423: [GC (GCLocker Initiated GC) [PSYoungGen: 142405K->46223K(193024K)] 634312K->538276K(717312K), 0.0226695 secs] [Times: user=0.20 sys=0.00, real=0.03 secs] 
2016-09-13T17:47:39.081-0400: 107.638: [GC (GCLocker Initiated GC) [PSYoungGen: 174223K->41660K(195072K)] 666331K->535473K(719360K), 0.0135386 secs] [Times: user=0.13 sys=0.00, real=0.01 secs] 
2016-09-13T17:47:39.276-0400: 107.833: [GC (GCLocker Initiated GC) [PSYoungGen: 169660K->43153K(194560K)] 663604K->537365K(718848K), 0.0082216 secs] [Times: user=0.05 sys=0.00, real=0.00 secs] 
2016-09-13T17:47:39.484-0400: 108.040: [GC (Allocation Failure) [PSYoungGen: 171665K->43371K(195072K)] 667605K->539528K(719360K), 0.0194565 secs] [Times: user=0.20 sys=0.00, real=0.02 secs] 
2016-09-13T17:47:39.685-0400: 108.242: [GC (GCLocker Initiated GC) [PSYoungGen: 171287K->27838K(191488K)] 673520K->530335K(715776K), 0.0110351 secs] [Times: user=0.11 sys=0.00, real=0.02 secs] 
2016-09-13T17:47:39.898-0400: 108.455: [GC (GCLocker Initiated GC) [PSYoungGen: 156862K->43184K(193536K)] 667146K->553591K(717824K), 0.0123305 secs] [Times: user=0.12 sys=0.01, real=0.01 secs] 
2016-09-13T17:47:40.103-0400: 108.659: [GC (GCLocker Initiated GC) [PSYoungGen: 172208K->50623K(192512K)] 682817K->561417K(716800K), 0.0343685 secs] [Times: user=0.32 sys=0.00, real=0.04 secs] 
2016-09-13T17:47:40.329-0400: 108.886: [GC (GCLocker Initiated GC) [PSYoungGen: 178623K->35591K(195072K)] 689445K->546631K(719360K), 0.0065176 secs] [Times: user=0.06 sys=0.00, real=0.01 secs] 
2016-09-13T17:47:40.540-0400: 109.097: [GC (Allocation Failure) --[PSYoungGen: 163591K->163591K(195072K)] 680915K->687158K(719360K), 0.0094468 secs] [Times: user=0.06 sys=0.00, real=0.01 secs] 
2016-09-13T17:47:40.550-0400: 109.106: [Full GC (Ergonomics) [PSYoungGen: 163591K->0K(195072K)] [ParOldGen: 523566K->36013K(524288K)] 687158K->36013K(719360K), [Metaspace: 44544K->44544K(1087488K)], 0.0530890 secs] [Times: user=0.30 sys=0.00, real=0.05 secs] 
2016-09-13T17:47:40.800-0400: 109.357: [GC (GCLocker Initiated GC) [PSYoungGen: 128000K->44885K(195072K)] 164048K->80934K(719360K), 0.0233747 secs] [Times: user=0.26 sys=0.00, real=0.02 secs] 
2016-09-13T17:47:40.994-0400: 109.550: [GC (GCLocker Initiated GC) [PSYoungGen: 175445K->63053K(194048K)] 211702K->130000K(718336K), 0.0110730 secs] [Times: user=0.09 sys=0.00, real=0.01 secs] 
2016-09-13T17:47:41.220-0400: 109.777: [GC (GCLocker Initiated GC) [PSYoungGen: 193613K->28215K(189952K)] 262105K->133320K(714240K), 0.0097914 secs] [Times: user=0.13 sys=0.00, real=0.01 secs] 
2016-09-13T17:47:41.406-0400: 109.962: [GC (GCLocker Initiated GC) [PSYoungGen: 150071K->43090K(192000K)] 255186K->150063K(716288K), 0.0193845 secs] [Times: user=0.22 sys=0.00, real=0.02 secs] 
2016-09-13T17:47:41.607-0400: 110.164: [GC (GCLocker Initiated GC) [PSYoungGen: 164946K->32804K(188416K)] 271941K->147531K(712704K), 0.0095050 secs] [Times: user=0.10 sys=0.00, real=0.02 secs] 
2016-09-13T17:47:41.779-0400: 110.336: [GC (Allocation Failure) [PSYoungGen: 156196K->21949K(190464K)] 272444K->146229K(714752K), 0.0198430 secs] [Times: user=0.16 sys=0.01, real=0.02 secs] 
2016-09-13T17:47:41.979-0400: 110.536: [GC (GCLocker Initiated GC) [PSYoungGen: 145341K->34003K(189952K)] 269622K->158407K(714240K), 0.0099535 secs] [Times: user=0.09 sys=0.00, real=0.01 secs] 
2016-09-13T17:47:42.207-0400: 110.764: [GC (Allocation Failure) [PSYoungGen: 162003K->28206K(192512K)] 292694K->163611K(716800K), 0.0075483 secs] [Times: user=0.08 sys=0.01, real=0.01 secs] 
2016-09-13T17:47:42.409-0400: 110.966: [GC (GCLocker Initiated GC) [PSYoungGen: 156206K->49473K(194560K)] 291611K->185190K(718848K), 0.0203675 secs] [Times: user=0.27 sys=0.00, real=0.02 secs] 
2016-09-13T17:47:42.626-0400: 111.183: [GC (GCLocker Initiated GC) [PSYoungGen: 180545K->28179K(196608K)] 317996K->165871K(720896K), 0.0253807 secs] [Times: user=0.34 sys=0.00, real=0.03 secs] 
2016-09-13T17:47:42.861-0400: 111.417: [GC (GCLocker Initiated GC) [PSYoungGen: 159251K->28055K(192512K)] 310754K->179681K(716800K), 0.0251276 secs] [Times: user=0.26 sys=0.00, real=0.02 secs] 
2016-09-13T17:47:43.057-0400: 111.614: [GC (GCLocker Initiated GC) [PSYoungGen: 160151K->49192K(195072K)] 311799K->201112K(719360K), 0.0309504 secs] [Times: user=0.34 sys=0.00, real=0.03 secs] 
2016-09-13T17:47:43.279-0400: 111.836: [GC (Allocation Failure) [PSYoungGen: 181288K->32708K(197120K)] 333383K->187905K(721408K), 0.0095864 secs] [Times: user=0.06 sys=0.00, real=0.01 secs] 
2016-09-13T17:47:43.485-0400: 112.042: [GC (GCLocker Initiated GC) [PSYoungGen: 160368K->32763K(165888K)] 321640K->194194K(690176K), 0.0110051 secs] [Times: user=0.10 sys=0.01, real=0.02 secs] 
2016-09-13T17:47:43.698-0400: 112.254: [GC (GCLocker Initiated GC) [PSYoungGen: 165883K->55618K(191488K)] 327417K->217280K(715776K), 0.0083761 secs] [Times: user=0.10 sys=0.00, real=0.00 secs] 
2016-09-13T17:47:43.910-0400: 112.466: [GC (GCLocker Initiated GC) [PSYoungGen: 185666K->64789K(195072K)] 347577K->226855K(719360K), 0.0074006 secs] [Times: user=0.09 sys=0.00, real=0.01 secs] 
2016-09-13T17:47:44.103-0400: 112.659: [GC (GCLocker Initiated GC) [PSYoungGen: 194837K->37015K(187904K)] 358483K->200929K(712192K), 0.0099340 secs] [Times: user=0.09 sys=0.00, real=0.01 secs] 
2016-09-13T17:47:44.319-0400: 112.875: [GC (GCLocker Initiated GC) [PSYoungGen: 157847K->62994K(184320K)] 323552K->228854K(708608K), 0.0146019 secs] [Times: user=0.21 sys=0.00, real=0.01 secs] 
2016-09-13T17:47:44.510-0400: 113.066: [GC (GCLocker Initiated GC) [PSYoungGen: 183826K->28194K(186880K)] 351347K->195870K(711168K), 0.0070542 secs] [Times: user=0.09 sys=0.00, real=0.01 secs] 
2016-09-13T17:47:44.719-0400: 113.275: [GC (GCLocker Initiated GC) [PSYoungGen: 139298K->46377K(157696K)] 307174K->214437K(681984K), 0.0099664 secs] [Times: user=0.13 sys=0.01, real=0.01 secs] 
2016-09-13T17:47:44.911-0400: 113.468: [GC (GCLocker Initiated GC) [PSYoungGen: 157481K->44763K(186880K)] 327151K->214650K(711168K), 0.0318528 secs] [Times: user=0.35 sys=0.00, real=0.03 secs] 
2016-09-13T17:47:45.077-0400: 113.634: [GC (GCLocker Initiated GC) [PSYoungGen: 157915K->46590K(184832K)] 329502K->218347K(709120K), 0.0144233 secs] [Times: user=0.19 sys=0.00, real=0.01 secs] 
2016-09-13T17:47:45.274-0400: 113.831: [GC (GCLocker Initiated GC) [PSYoungGen: 159742K->28180K(186880K)] 339154K->207818K(711168K), 0.0114753 secs] [Times: user=0.12 sys=0.00, real=0.01 secs] 
2016-09-13T17:47:45.456-0400: 114.013: [GC (Allocation Failure) [PSYoungGen: 144916K->41753K(186880K)] 324651K->227710K(711168K), 0.0062396 secs] [Times: user=0.06 sys=0.00, real=0.00 secs] 
2016-09-13T17:47:45.656-0400: 114.213: [GC (GCLocker Initiated GC) [PSYoungGen: 158489K->47677K(189952K)] 344462K->233849K(714240K), 0.0366439 secs] [Times: user=0.40 sys=0.01, real=0.03 secs] 
2016-09-13T17:47:45.857-0400: 114.413: [GC (GCLocker Initiated GC) [PSYoungGen: 170045K->61374K(189440K)] 356285K->247830K(713728K), 0.0150050 secs] [Times: user=0.18 sys=0.00, real=0.01 secs] 
2016-09-13T17:47:46.043-0400: 114.599: [GC (GCLocker Initiated GC) [PSYoungGen: 183742K->11413K(184832K)] 370382K->202791K(709120K), 0.0063617 secs] [Times: user=0.04 sys=0.00, real=0.01 secs] 
2016-09-13T17:47:46.223-0400: 114.780: [GC (GCLocker Initiated GC) [PSYoungGen: 124053K->46191K(187392K)] 316960K->239244K(711680K), 0.0160218 secs] [Times: user=0.18 sys=0.01, real=0.02 secs] 
2016-09-13T17:47:46.413-0400: 114.970: [GC (Allocation Failure) [PSYoungGen: 158831K->23628K(186368K)] 357984K->222920K(710656K), 0.0101777 secs] [Times: user=0.13 sys=0.00, real=0.01 secs] 
2016-09-13T17:47:46.592-0400: 115.149: [GC (GCLocker Initiated GC) [PSYoungGen: 137216K->30844K(187392K)] 338027K->237905K(711680K), 0.0069631 secs] [Times: user=0.06 sys=0.01, real=0.01 secs] 
2016-09-13T17:47:46.776-0400: 115.333: [GC (GCLocker Initiated GC) [PSYoungGen: 145020K->46224K(188416K)] 353792K->255166K(712704K), 0.0095979 secs] [Times: user=0.13 sys=0.00, real=0.00 secs] 
2016-09-13T17:47:46.962-0400: 115.518: [GC (GCLocker Initiated GC) [PSYoungGen: 163472K->49260K(187904K)] 372631K->258574K(712192K), 0.0141127 secs] [Times: user=0.15 sys=0.00, real=0.02 secs] 
2016-09-13T17:47:47.208-0400: 115.765: [GC (GCLocker Initiated GC) [PSYoungGen: 166508K->24987K(190976K)] 377450K->236095K(715264K), 0.0114919 secs] [Times: user=0.12 sys=0.00, real=0.01 secs] 
2016-09-13T17:47:47.388-0400: 115.945: [GC (GCLocker Initiated GC) [PSYoungGen: 145307K->69063K(189440K)] 358087K->294235K(713728K), 0.0092900 secs] [Times: user=0.09 sys=0.00, real=0.01 secs] 
2016-09-13T17:47:47.541-0400: 116.098: [GC (GCLocker Initiated GC) [PSYoungGen: 189383K->16002K(175104K)] 422193K->294612K(699392K), 0.0088680 secs] [Times: user=0.11 sys=0.00, real=0.01 secs] 
2016-09-13T17:47:47.728-0400: 116.284: [GC (GCLocker Initiated GC) [PSYoungGen: 118402K->26569K(182272K)] 403167K->317643K(706560K), 0.0114957 secs] [Times: user=0.15 sys=0.00, real=0.01 secs] 
2016-09-13T17:47:47.916-0400: 116.473: [GC (GCLocker Initiated GC) [PSYoungGen: 128969K->35683K(173056K)] 432230K->339130K(697344K), 0.0113181 secs] [Times: user=0.13 sys=0.00, real=0.01 secs] 
2016-09-13T17:47:48.102-0400: 116.659: [GC (GCLocker Initiated GC) [PSYoungGen: 140131K->23590K(178688K)] 458943K->348615K(702976K), 0.0131972 secs] [Times: user=0.09 sys=0.00, real=0.01 secs] 
2016-09-13T17:47:48.273-0400: 116.830: [GC (GCLocker Initiated GC) [PSYoungGen: 128038K->49447K(186368K)] 453261K->374975K(710656K), 0.0097348 secs] [Times: user=0.12 sys=0.00, real=0.01 secs] 
2016-09-13T17:47:48.492-0400: 117.049: [GC (GCLocker Initiated GC) [PSYoungGen: 163111K->69005K(182784K)] 488838K->394863K(707072K), 0.0084376 secs] [Times: user=0.10 sys=0.00, real=0.01 secs] 
2016-09-13T17:47:48.658-0400: 117.215: [GC (GCLocker Initiated GC) [PSYoungGen: 182669K->35959K(183296K)] 514695K->368148K(707584K), 0.0147173 secs] [Times: user=0.20 sys=0.00, real=0.01 secs] 
2016-09-13T17:47:48.845-0400: 117.402: [GC (GCLocker Initiated GC) [PSYoungGen: 139895K->9864K(114176K)] 484429K->366947K(638464K), 0.0099562 secs] [Times: user=0.15 sys=0.00, real=0.01 secs] 
2016-09-13T17:47:49.025-0400: 117.582: [GC (GCLocker Initiated GC) [PSYoungGen: 113800K->41698K(184320K)] 472670K->400715K(708608K), 0.0191183 secs] [Times: user=0.26 sys=0.00, real=0.02 secs] 
2016-09-13T17:47:49.208-0400: 117.765: [GC (GCLocker Initiated GC) [PSYoungGen: 145634K->28142K(132096K)] 510748K->393407K(656384K), 0.0108107 secs] [Times: user=0.09 sys=0.00, real=0.01 secs] 
2016-09-13T17:47:49.386-0400: 117.942: [GC (GCLocker Initiated GC) [PSYoungGen: 132078K->9991K(178688K)] 504984K->390622K(702976K), 0.0114618 secs] [Times: user=0.10 sys=0.00, real=0.02 secs] 
2016-09-13T17:47:49.528-0400: 118.085: [GC (GCLocker Initiated GC) [PSYoungGen: 113415K->50785K(179200K)] 494087K->431765K(703488K), 0.0094575 secs] [Times: user=0.12 sys=0.00, real=0.01 secs] 
2016-09-13T17:47:49.706-0400: 118.263: [GC (GCLocker Initiated GC) [PSYoungGen: 154209K->50998K(181248K)] 535407K->442994K(705536K), 0.0071950 secs] [Times: user=0.10 sys=0.00, real=0.01 secs] 
2016-09-13T17:47:49.883-0400: 118.439: [GC (GCLocker Initiated GC) [PSYoungGen: 154422K->44730K(182784K)] 546422K->436975K(707072K), 0.0261552 secs] [Times: user=0.31 sys=0.00, real=0.03 secs] 
2016-09-13T17:47:50.057-0400: 118.614: [GC (GCLocker Initiated GC) [PSYoungGen: 148154K->20559K(180736K)] 552574K->425345K(705024K), 0.0107738 secs] [Times: user=0.15 sys=0.00, real=0.01 secs] 
2016-09-13T17:47:50.249-0400: 118.806: [GC (GCLocker Initiated GC) [PSYoungGen: 125519K->9896K(181760K)] 542626K->442515K(706048K), 0.0043425 secs] [Times: user=0.04 sys=0.00, real=0.00 secs] 
2016-09-13T17:47:50.410-0400: 118.967: [GC (GCLocker Initiated GC) [PSYoungGen: 114856K->32772K(177664K)] 549155K->467158K(701952K), 0.0064823 secs] [Times: user=0.07 sys=0.01, real=0.01 secs] 
2016-09-13T17:47:50.615-0400: 119.172: [GC (GCLocker Initiated GC) [PSYoungGen: 140804K->44763K(181248K)] 575221K->479261K(705536K), 0.0198814 secs] [Times: user=0.27 sys=0.00, real=0.02 secs] 
2016-09-13T17:47:50.810-0400: 119.367: [GC (Allocation Failure) [PSYoungGen: 152795K->60083K(177664K)] 587519K->508654K(701952K), 0.0087251 secs] [Times: user=0.12 sys=0.00, real=0.01 secs] 
2016-09-13T17:47:50.951-0400: 119.508: [GC (GCLocker Initiated GC) [PSYoungGen: 163623K->55554K(160256K)] 613713K->505861K(684544K), 0.0069194 secs] [Times: user=0.10 sys=0.00, real=0.01 secs] 
2016-09-13T17:47:51.116-0400: 119.672: [GC (GCLocker Initiated GC) [PSYoungGen: 160002K->47806K(181760K)] 618104K->524375K(706048K), 0.0082154 secs] [Times: user=0.09 sys=0.01, real=0.01 secs] 
2016-09-13T17:47:51.275-0400: 119.832: [GC (Allocation Failure) [PSYoungGen: 148158K->47864K(148480K)] 624978K->530921K(672768K), 0.0163034 secs] [Times: user=0.18 sys=0.01, real=0.02 secs] 
2016-09-13T17:47:51.444-0400: 120.001: [GC (GCLocker Initiated GC) [PSYoungGen: 144510K->9667K(178176K)] 633642K->498992K(702464K), 0.0133623 secs] [Times: user=0.12 sys=0.01, real=0.02 secs] 
2016-09-13T17:47:51.603-0400: 120.160: [GC (GCLocker Initiated GC) [PSYoungGen: 108483K->36924K(136192K)] 597836K->526409K(660480K), 0.0056218 secs] [Times: user=0.04 sys=0.00, real=0.01 secs] 
2016-09-13T17:47:51.758-0400: 120.315: [GC (GCLocker Initiated GC) [PSYoungGen: 135740K->43152K(180736K)] 625493K->537631K(705024K), 0.0151330 secs] [Times: user=0.13 sys=0.00, real=0.01 secs] 
2016-09-13T17:47:51.922-0400: 120.479: [GC (GCLocker Initiated GC) [PSYoungGen: 147088K->49261K(178688K)] 641590K->544059K(702976K), 0.0102970 secs] [Times: user=0.10 sys=0.00, real=0.01 secs] 
2016-09-13T17:47:52.098-0400: 120.655: [GC (GCLocker Initiated GC) [PSYoungGen: 153197K->30998K(184832K)] 654094K->539611K(709120K), 0.0142011 secs] [Times: user=0.13 sys=0.00, real=0.01 secs] 
2016-09-13T17:47:52.112-0400: 120.669: [Full GC (Ergonomics) [PSYoungGen: 30998K->0K(184832K)] [ParOldGen: 508613K->39495K(524288K)] 539611K->39495K(709120K), [Metaspace: 44561K->44561K(1087488K)], 0.0577652 secs] [Times: user=0.28 sys=0.02, real=0.06 secs] 
2016-09-13T17:47:52.319-0400: 120.876: [GC (GCLocker Initiated GC) [PSYoungGen: 112128K->55612K(185344K)] 151833K->95317K(709632K), 0.0282367 secs] [Times: user=0.34 sys=0.00, real=0.02 secs] 
2016-09-13T17:47:52.493-0400: 121.050: [GC (GCLocker Initiated GC) [PSYoungGen: 167740K->46405K(187392K)] 207473K->97196K(711680K), 0.0077940 secs] [Times: user=0.07 sys=0.00, real=0.01 secs] 
2016-09-13T17:47:52.660-0400: 121.217: [GC (GCLocker Initiated GC) [PSYoungGen: 157509K->23659K(135168K)] 216079K->94542K(659456K), 0.0108912 secs] [Times: user=0.11 sys=0.00, real=0.01 secs] 
2016-09-13T17:47:52.861-0400: 121.418: [GC (GCLocker Initiated GC) [PSYoungGen: 134763K->23521K(185856K)] 213243K->102215K(710144K), 0.0124151 secs] [Times: user=0.14 sys=0.00, real=0.01 secs] 
2016-09-13T17:47:53.065-0400: 121.622: [GC (GCLocker Initiated GC) [PSYoungGen: 135137K->12772K(185344K)] 226020K->103808K(709632K), 0.0231215 secs] [Times: user=0.25 sys=0.00, real=0.03 secs] 
2016-09-13T17:47:53.252-0400: 121.809: [GC (GCLocker Initiated GC) [PSYoungGen: 124388K->9736K(186880K)] 227772K->125504K(711168K), 0.0035117 secs] [Times: user=0.03 sys=0.00, real=0.01 secs] 
2016-09-13T17:47:53.446-0400: 122.002: [GC (GCLocker Initiated GC) [PSYoungGen: 122376K->12736K(125440K)] 250317K->140784K(649728K), 0.0094618 secs] [Times: user=0.10 sys=0.00, real=0.01 secs] 
2016-09-13T17:47:53.653-0400: 122.210: [GC (GCLocker Initiated GC) [PSYoungGen: 125376K->11291K(187904K)] 265725K->157854K(712192K), 0.0322830 secs] [Times: user=0.35 sys=0.01, real=0.03 secs] 
2016-09-13T17:47:53.858-0400: 122.414: [GC (GCLocker Initiated GC) [PSYoungGen: 125467K->62961K(177152K)] 272247K->214488K(701440K), 0.0194526 secs] [Times: user=0.20 sys=0.00, real=0.02 secs] 
2016-09-13T17:47:54.066-0400: 122.623: [GC (GCLocker Initiated GC) [PSYoungGen: 177137K->52452K(175104K)] 328694K->204243K(699392K), 0.0262495 secs] [Times: user=0.29 sys=0.01, real=0.03 secs] 
2016-09-13T17:47:54.252-0400: 122.808: [GC (Allocation Failure) [PSYoungGen: 146660K->23250K(117760K)] 312335K->193600K(642048K), 0.0106549 secs] [Times: user=0.10 sys=0.00, real=0.01 secs] 
2016-09-13T17:47:54.263-0400: 122.820: [GC (GCLocker Initiated GC) [PSYoungGen: 23259K->32K(176640K)] 193609K->193469K(700928K), 0.0095746 secs] [Times: user=0.10 sys=0.01, real=0.01 secs] 
2016-09-13T17:47:54.386-0400: 122.943: [GC (GCLocker Initiated GC) [PSYoungGen: 96288K->49222K(177664K)] 289728K->242662K(701952K), 0.0099047 secs] [Times: user=0.08 sys=0.01, real=0.02 secs] 
2016-09-13T17:47:54.522-0400: 123.079: [GC (GCLocker Initiated GC) [PSYoungGen: 145478K->58408K(171520K)] 342084K->279795K(695808K), 0.0138381 secs] [Times: user=0.12 sys=0.00, real=0.02 secs] 
2016-09-13T17:47:54.649-0400: 123.206: [GC (GCLocker Initiated GC) [PSYoungGen: 146472K->46185K(175104K)] 367923K->267786K(699392K), 0.0178786 secs] [Times: user=0.21 sys=0.00, real=0.01 secs] 
2016-09-13T17:47:54.813-0400: 123.370: [GC (GCLocker Initiated GC) [PSYoungGen: 134249K->8285K(174080K)] 361936K->245302K(698368K), 0.0106268 secs] [Times: user=0.10 sys=0.00, real=0.01 secs] 
2016-09-13T17:47:54.982-0400: 123.538: [GC (GCLocker Initiated GC) [PSYoungGen: 96349K->23249K(111616K)] 341315K->276008K(635904K), 0.0111443 secs] [Times: user=0.09 sys=0.01, real=0.01 secs] 
2016-09-13T17:47:55.105-0400: 123.661: [GC (GCLocker Initiated GC) [PSYoungGen: 111313K->27806K(176640K)] 365791K->282470K(700928K), 0.0240789 secs] [Times: user=0.27 sys=0.00, real=0.03 secs] 
2016-09-13T17:47:55.264-0400: 123.821: [GC (GCLocker Initiated GC) [PSYoungGen: 121502K->41661K(172544K)] 377779K->298135K(696832K), 0.0072820 secs] [Times: user=0.07 sys=0.00, real=0.01 secs] 
2016-09-13T17:47:55.412-0400: 123.969: [GC (GCLocker Initiated GC) [PSYoungGen: 135357K->44955K(178176K)] 391862K->301827K(702464K), 0.0059424 secs] [Times: user=0.06 sys=0.00, real=0.01 secs] 
2016-09-13T17:47:55.604-0400: 124.160: [GC (GCLocker Initiated GC) [PSYoungGen: 145307K->10018K(178176K)] 414348K->292958K(702464K), 0.0270502 secs] [Times: user=0.31 sys=0.00, real=0.03 secs] 
2016-09-13T17:47:55.792-0400: 124.348: [GC (Allocation Failure) [PSYoungGen: 110370K->41666K(183808K)] 393408K->329553K(708096K), 0.0129051 secs] [Times: user=0.12 sys=0.01, real=0.01 secs] 
2016-09-13T17:47:55.958-0400: 124.514: [GC (GCLocker Initiated GC) [PSYoungGen: 148674K->50998K(158208K)] 436567K->339190K(682496K), 0.0116643 secs] [Times: user=0.14 sys=0.00, real=0.01 secs] 
2016-09-13T17:47:56.119-0400: 124.675: [GC (GCLocker Initiated GC) [PSYoungGen: 158006K->50875K(179712K)] 446342K->339452K(704000K), 0.0241657 secs] [Times: user=0.31 sys=0.00, real=0.02 secs] 
2016-09-13T17:47:56.295-0400: 124.852: [GC (GCLocker Initiated GC) [PSYoungGen: 151227K->29612K(130048K)] 447421K->326083K(654336K), 0.0053386 secs] [Times: user=0.04 sys=0.01, real=0.01 secs] 
2016-09-13T17:47:56.444-0400: 125.000: [GC (GCLocker Initiated GC) [PSYoungGen: 129964K->28189K(182272K)] 426442K->335555K(706560K), 0.0134574 secs] [Times: user=0.18 sys=0.00, real=0.02 secs] 
2016-09-13T17:47:56.610-0400: 125.166: [GC (GCLocker Initiated GC) [PSYoungGen: 133149K->14393K(179200K)] 448263K->329748K(703488K), 0.0036502 secs] [Times: user=0.02 sys=0.00, real=0.00 secs] 
2016-09-13T17:47:56.797-0400: 125.353: [GC (GCLocker Initiated GC) [PSYoungGen: 119353K->27927K(184832K)] 434901K->343648K(709120K), 0.0093536 secs] [Times: user=0.06 sys=0.00, real=0.00 secs] 
2016-09-13T17:47:57.000-0400: 125.556: [GC (Allocation Failure) [PSYoungGen: 141591K->14393K(184320K)] 457334K->330432K(708608K), 0.0118436 secs] [Times: user=0.11 sys=0.00, real=0.01 secs] 
2016-09-13T17:47:57.172-0400: 125.729: [GC (GCLocker Initiated GC) [PSYoungGen: 123864K->28152K(185856K)] 445978K->368691K(710144K), 0.0080461 secs] [Times: user=0.10 sys=0.00, real=0.01 secs] 
2016-09-13T17:47:57.362-0400: 125.918: [GC (Allocation Failure) [PSYoungGen: 150008K->28024K(187904K)] 496842K->375044K(712192K), 0.0090033 secs] [Times: user=0.09 sys=0.00, real=0.01 secs] 
2016-09-13T17:47:57.556-0400: 126.112: [GC (GCLocker Initiated GC) [PSYoungGen: 149267K->32523K(193024K)] 497806K->381303K(717312K), 0.0145466 secs] [Times: user=0.17 sys=0.00, real=0.01 secs] 
2016-09-13T17:47:57.780-0400: 126.336: [GC (Allocation Failure) [PSYoungGen: 165643K->25013K(194048K)] 514489K->374065K(718336K), 0.0240600 secs] [Times: user=0.25 sys=0.01, real=0.02 secs] 
2016-09-13T17:47:58.026-0400: 126.583: [GC (GCLocker Initiated GC) [PSYoungGen: 158133K->27906K(197632K)] 507188K->377471K(721920K), 0.0145212 secs] [Times: user=0.14 sys=0.00, real=0.02 secs] 
2016-09-13T17:47:58.247-0400: 126.803: [GC (GCLocker Initiated GC) [PSYoungGen: 170754K->43052K(198656K)] 523638K->396078K(722944K), 0.0182796 secs] [Times: user=0.15 sys=0.00, real=0.02 secs] 
2016-09-13T17:47:58.475-0400: 127.032: [GC (GCLocker Initiated GC) [PSYoungGen: 185900K->46408K(197632K)] 540674K->401340K(721920K), 0.0138410 secs] [Times: user=0.13 sys=0.00, real=0.02 secs] 
2016-09-13T17:47:58.714-0400: 127.270: [GC (GCLocker Initiated GC) [PSYoungGen: 185672K->26415K(200704K)] 543770K->384796K(724992K), 0.0097145 secs] [Times: user=0.09 sys=0.00, real=0.01 secs] 
2016-09-13T17:47:58.938-0400: 127.494: [GC (Allocation Failure) [PSYoungGen: 165679K->30966K(194560K)] 524250K->389601K(718848K), 0.0153402 secs] [Times: user=0.14 sys=0.00, real=0.01 secs] 
2016-09-13T17:47:58.953-0400: 127.510: [GC (GCLocker Initiated GC) [PSYoungGen: 30966K->32K(198144K)] 389601K->387955K(722432K), 0.0048088 secs] [Times: user=0.04 sys=0.00, real=0.01 secs] 
2016-09-13T17:47:59.158-0400: 127.715: [GC (GCLocker Initiated GC) [PSYoungGen: 140488K->34381K(203264K)] 529931K->423824K(727552K), 0.0102660 secs] [Times: user=0.11 sys=0.00, real=0.01 secs] 
2016-09-13T17:47:59.350-0400: 127.907: [GC (GCLocker Initiated GC) [PSYoungGen: 177741K->25141K(168960K)] 568853K->421260K(693248K), 0.0325079 secs] [Times: user=0.33 sys=0.00, real=0.03 secs] 
2016-09-13T17:47:59.612-0400: 128.168: [GC (GCLocker Initiated GC) [PSYoungGen: 168501K->14477K(200704K)] 570901K->417137K(724992K), 0.0094364 secs] [Times: user=0.09 sys=0.00, real=0.01 secs] 
2016-09-13T17:47:59.866-0400: 128.423: [GC (GCLocker Initiated GC) [PSYoungGen: 158349K->53849K(198144K)] 564158K->466041K(722432K), 0.0100049 secs] [Times: user=0.10 sys=0.00, real=0.02 secs] 
2016-09-13T17:48:00.088-0400: 128.645: [GC (GCLocker Initiated GC) [PSYoungGen: 197721K->49314K(190976K)] 609930K->461611K(715264K), 0.0183342 secs] [Times: user=0.19 sys=0.00, real=0.01 secs] 
2016-09-13T17:48:00.290-0400: 128.846: [GC (GCLocker Initiated GC) [PSYoungGen: 177314K->28148K(195072K)] 602004K->459091K(719360K), 0.0258779 secs] [Times: user=0.32 sys=0.00, real=0.02 secs] 
2016-09-13T17:48:00.535-0400: 129.091: [GC (GCLocker Initiated GC) [PSYoungGen: 156148K->14419K(194048K)] 593340K->451899K(718336K), 0.0042725 secs] [Times: user=0.02 sys=0.00, real=0.01 secs] 
2016-09-13T17:48:00.718-0400: 129.275: [GC (GCLocker Initiated GC) [PSYoungGen: 145491K->47799K(195072K)] 584574K->487040K(719360K), 0.0441763 secs] [Times: user=0.48 sys=0.00, real=0.04 secs] 
2016-09-13T17:48:00.940-0400: 129.496: [GC (GCLocker Initiated GC) [PSYoungGen: 178871K->26569K(195584K)] 624345K->484509K(719872K), 0.0144369 secs] [Times: user=0.16 sys=0.00, real=0.01 secs] 
2016-09-13T17:48:01.157-0400: 129.713: [GC (GCLocker Initiated GC) [PSYoungGen: 157129K->32363K(163328K)] 615264K->490612K(687616K), 0.0119618 secs] [Times: user=0.11 sys=0.00, real=0.01 secs] 
2016-09-13T17:48:01.391-0400: 129.947: [GC (GCLocker Initiated GC) [PSYoungGen: 162923K->24705K(195584K)] 624231K->486128K(719872K), 0.0224709 secs] [Times: user=0.19 sys=0.01, real=0.02 secs] 
2016-09-13T17:48:01.618-0400: 130.175: [GC (GCLocker Initiated GC) [PSYoungGen: 158849K->52579K(194048K)] 620377K->514263K(718336K), 0.0289154 secs] [Times: user=0.33 sys=0.00, real=0.02 secs] 
2016-09-13T17:48:01.826-0400: 130.383: [GC (GCLocker Initiated GC) [PSYoungGen: 186723K->29420K(199680K)] 648429K->497423K(723968K), 0.0241119 secs] [Times: user=0.22 sys=0.00, real=0.03 secs] 
2016-09-13T17:48:02.054-0400: 130.611: [GC (GCLocker Initiated GC) [PSYoungGen: 164076K->50870K(185856K)] 638226K->529706K(710144K), 0.0117455 secs] [Times: user=0.09 sys=0.00, real=0.01 secs] 
2016-09-13T17:48:02.260-0400: 130.817: [GC (GCLocker Initiated GC) [PSYoungGen: 185526K->37042K(198144K)] 666101K->517803K(722432K), 0.0208579 secs] [Times: user=0.15 sys=0.00, real=0.02 secs] 
2016-09-13T17:48:02.467-0400: 131.024: [GC (GCLocker Initiated GC) [PSYoungGen: 169138K->46440K(196096K)] 651556K->529072K(720384K), 0.0102245 secs] [Times: user=0.11 sys=0.00, real=0.02 secs] 
2016-09-13T17:48:02.699-0400: 131.256: [GC (GCLocker Initiated GC) [PSYoungGen: 178536K->44772K(195584K)] 669105K->535598K(719872K), 0.0254214 secs] [Times: user=0.32 sys=0.00, real=0.02 secs] 
2016-09-13T17:48:02.899-0400: 131.455: [GC (GCLocker Initiated GC) [PSYoungGen: 174820K->64506K(194560K)] 665686K->561601K(718848K), 0.0101037 secs] [Times: user=0.11 sys=0.00, real=0.01 secs] 
2016-09-13T17:48:03.146-0400: 131.703: [GC (Allocation Failure) [PSYoungGen: 194554K->5183K(178176K)] 697802K->520868K(702464K), 0.0165523 secs] [Times: user=0.19 sys=0.00, real=0.02 secs] 
2016-09-13T17:48:03.163-0400: 131.719: [Full GC (Ergonomics) [PSYoungGen: 5183K->0K(178176K)] [ParOldGen: 515684K->33925K(524288K)] 520868K->33925K(702464K), [Metaspace: 44573K->44573K(1087488K)], 0.0521347 secs] [Times: user=0.32 sys=0.01, real=0.05 secs] 
2016-09-13T17:48:03.338-0400: 131.895: [GC (GCLocker Initiated GC) [PSYoungGen: 110592K->70868K(181760K)] 144519K->104796K(706048K), 0.0108271 secs] [Times: user=0.13 sys=0.00, real=0.01 secs] 
2016-09-13T17:48:03.508-0400: 132.065: [GC (GCLocker Initiated GC) [PSYoungGen: 181460K->9959K(171520K)] 230623K->68816K(695808K), 0.0036742 secs] [Times: user=0.03 sys=0.00, real=0.00 secs] 
2016-09-13T17:48:03.662-0400: 132.218: [GC (GCLocker Initiated GC) [PSYoungGen: 101095K->41784K(176640K)] 161742K->102656K(700928K), 0.0121183 secs] [Times: user=0.08 sys=0.00, real=0.01 secs] 
2016-09-13T17:48:03.858-0400: 132.415: [GC (Allocation Failure) [PSYoungGen: 132920K->23496K(170496K)] 206185K->96966K(694784K), 0.0136785 secs] [Times: user=0.14 sys=0.00, real=0.01 secs] 
2016-09-13T17:48:04.011-0400: 132.568: [GC (GCLocker Initiated GC) [PSYoungGen: 117704K->30997K(174592K)] 191177K->104592K(698880K), 0.0192166 secs] [Times: user=0.20 sys=0.00, real=0.02 secs] 
2016-09-13T17:48:04.141-0400: 132.698: [GC (GCLocker Initiated GC) [PSYoungGen: 125205K->52207K(179200K)] 198826K->126253K(703488K), 0.0073670 secs] [Times: user=0.08 sys=0.00, real=0.01 secs] 
2016-09-13T17:48:04.306-0400: 132.863: [GC (GCLocker Initiated GC) [PSYoungGen: 155119K->12932K(181760K)] 235263K->117609K(706048K), 0.0273847 secs] [Times: user=0.34 sys=0.01, real=0.03 secs] 
2016-09-13T17:48:04.502-0400: 133.059: [GC (GCLocker Initiated GC) [PSYoungGen: 115844K->43308K(180224K)] 220640K->149970K(704512K), 0.0099728 secs] [Times: user=0.09 sys=0.00, real=0.01 secs] 
2016-09-13T17:48:04.650-0400: 133.206: [GC (GCLocker Initiated GC) [PSYoungGen: 147756K->32741K(181760K)] 260705K->145907K(706048K), 0.0149269 secs] [Times: user=0.13 sys=0.01, real=0.01 secs] 
2016-09-13T17:48:04.820-0400: 133.376: [GC (GCLocker Initiated GC) [PSYoungGen: 137189K->28055K(181760K)] 250536K->144579K(706048K), 0.0267657 secs] [Times: user=0.25 sys=0.00, real=0.02 secs] 
2016-09-13T17:48:05.027-0400: 133.583: [GC (Allocation Failure) [PSYoungGen: 139159K->41820K(182272K)] 257388K->160192K(706560K), 0.0098167 secs] [Times: user=0.09 sys=0.00, real=0.02 secs] 
2016-09-13T17:48:05.182-0400: 133.739: [GC (GCLocker Initiated GC) [PSYoungGen: 152921K->27929K(187392K)] 271296K->146506K(711680K), 0.0325040 secs] [Times: user=0.34 sys=0.00, real=0.03 secs] 
2016-09-13T17:48:05.377-0400: 133.933: [GC (Allocation Failure) [PSYoungGen: 148761K->26415K(188928K)] 267340K->145132K(713216K), 0.0163997 secs] [Times: user=0.16 sys=0.00, real=0.01 secs] 
2016-09-13T17:48:05.547-0400: 134.103: [GC (GCLocker Initiated GC) [PSYoungGen: 147247K->29512K(189440K)] 265966K->148465K(713728K), 0.0239524 secs] [Times: user=0.25 sys=0.00, real=0.03 secs] 
2016-09-13T17:48:05.780-0400: 134.337: [GC (GCLocker Initiated GC) [PSYoungGen: 157512K->30967K(191488K)] 276644K->150229K(715776K), 0.0051565 secs] [Times: user=0.04 sys=0.00, real=0.00 secs] 
2016-09-13T17:48:05.965-0400: 134.521: [GC (GCLocker Initiated GC) [PSYoungGen: 158967K->27896K(195072K)] 278402K->149047K(719360K), 0.0317942 secs] [Times: user=0.30 sys=0.00, real=0.04 secs] 
2016-09-13T17:48:06.213-0400: 134.770: [GC (GCLocker Initiated GC) [PSYoungGen: 165624K->50966K(196608K)] 286869K->172471K(720896K), 0.0162024 secs] [Times: user=0.17 sys=0.00, real=0.02 secs] 
2016-09-13T17:48:06.432-0400: 134.989: [GC (GCLocker Initiated GC) [PSYoungGen: 188694K->29579K(201216K)] 310271K->151417K(725504K), 0.0179158 secs] [Times: user=0.17 sys=0.00, real=0.02 secs] 
2016-09-13T17:48:06.654-0400: 135.211: [GC (Allocation Failure) [PSYoungGen: 167819K->46404K(199168K)] 289742K->168545K(723456K), 0.0152039 secs] [Times: user=0.16 sys=0.00, real=0.02 secs] 
2016-09-13T17:48:06.886-0400: 135.442: [GC (GCLocker Initiated GC) [PSYoungGen: 184644K->44827K(197120K)] 306788K->167204K(721408K), 0.0274129 secs] [Times: user=0.30 sys=0.00, real=0.03 secs] 
2016-09-13T17:48:07.133-0400: 135.690: [GC (GCLocker Initiated GC) [PSYoungGen: 178971K->32587K(166912K)] 307656K->161450K(691200K), 0.0234798 secs] [Times: user=0.26 sys=0.00, real=0.03 secs] 
2016-09-13T17:48:07.316-0400: 135.873: [GC (GCLocker Initiated GC) [PSYoungGen: 166731K->47705K(195584K)] 295778K->176816K(719872K), 0.0166299 secs] [Times: user=0.15 sys=0.01, real=0.01 secs] 
2016-09-13T17:48:07.517-0400: 136.074: [GC (GCLocker Initiated GC) [PSYoungGen: 181337K->44666K(197120K)] 310474K->173926K(721408K), 0.0291334 secs] [Times: user=0.31 sys=0.00, real=0.02 secs] 
2016-09-13T17:48:07.741-0400: 136.298: [GC (GCLocker Initiated GC) [PSYoungGen: 178298K->6858K(193024K)] 315168K->153182K(717312K), 0.0037012 secs] [Times: user=0.02 sys=0.00, real=0.00 secs] 
2016-09-13T17:48:07.984-0400: 136.541: [GC (GCLocker Initiated GC) [PSYoungGen: 135882K->17458K(195584K)] 282231K->171616K(719872K), 0.0034066 secs] [Times: user=0.02 sys=0.01, real=0.00 secs] 
2016-09-13T17:48:08.180-0400: 136.737: [GC (Allocation Failure) [PSYoungGen: 146482K->23431K(192000K)] 302444K->185598K(716288K), 0.0227395 secs] [Times: user=0.19 sys=0.00, real=0.02 secs] 
2016-09-13T17:48:08.419-0400: 136.976: [GC (GCLocker Initiated GC) [PSYoungGen: 152967K->28088K(194048K)] 315135K->190482K(718336K), 0.0066258 secs] [Times: user=0.05 sys=0.00, real=0.00 secs] 
2016-09-13T17:48:08.611-0400: 137.168: [GC (GCLocker Initiated GC) [PSYoungGen: 157624K->47795K(194048K)] 320054K->210405K(718336K), 0.0175179 secs] [Times: user=0.15 sys=0.00, real=0.02 secs] 
2016-09-13T17:48:08.808-0400: 137.364: [GC (Allocation Failure) [PSYoungGen: 179891K->32613K(197120K)] 344036K->198502K(721408K), 0.0217592 secs] [Times: user=0.22 sys=0.00, real=0.02 secs] 
2016-09-13T17:48:09.043-0400: 137.600: [GC (GCLocker Initiated GC) [PSYoungGen: 163647K->9708K(196096K)] 335612K->186446K(720384K), 0.0157239 secs] [Times: user=0.16 sys=0.00, real=0.02 secs] 
2016-09-13T17:48:09.253-0400: 137.810: [GC (GCLocker Initiated GC) [PSYoungGen: 143852K->24886K(197120K)] 326930K->208092K(721408K), 0.0194570 secs] [Times: user=0.18 sys=0.01, real=0.02 secs] 
2016-09-13T17:48:09.470-0400: 138.027: [GC (GCLocker Initiated GC) [PSYoungGen: 159030K->43339K(196608K)] 343930K->228476K(720896K), 0.0099674 secs] [Times: user=0.09 sys=0.00, real=0.01 secs] 
2016-09-13T17:48:09.699-0400: 138.256: [GC (GCLocker Initiated GC) [PSYoungGen: 179019K->49260K(185344K)] 370481K->240940K(709632K), 0.0255744 secs] [Times: user=0.29 sys=0.00, real=0.02 secs] 
2016-09-13T17:48:09.899-0400: 138.456: [GC (GCLocker Initiated GC) [PSYoungGen: 184940K->47928K(192000K)] 376633K->239776K(716288K), 0.0062821 secs] [Times: user=0.07 sys=0.00, real=0.00 secs] 
2016-09-13T17:48:10.100-0400: 138.656: [GC (GCLocker Initiated GC) [PSYoungGen: 173880K->66125K(192512K)] 365904K->259953K(716800K), 0.0133587 secs] [Times: user=0.17 sys=0.01, real=0.01 secs] 
2016-09-13T17:48:10.319-0400: 138.876: [GC (GCLocker Initiated GC) [PSYoungGen: 192077K->41506K(183296K)] 387574K->237251K(707584K), 0.0341652 secs] [Times: user=0.32 sys=0.00, real=0.03 secs] 
2016-09-13T17:48:10.528-0400: 139.085: [GC (GCLocker Initiated GC) [PSYoungGen: 155170K->43329K(187904K)] 351087K->239408K(712192K), 0.0410718 secs] [Times: user=0.46 sys=0.00, real=0.04 secs] 
2016-09-13T17:48:10.721-0400: 139.278: [GC (GCLocker Initiated GC) [PSYoungGen: 156993K->43057K(182784K)] 353139K->239376K(707072K), 0.0084929 secs] [Times: user=0.04 sys=0.00, real=0.01 secs] 
2016-09-13T17:48:10.898-0400: 139.455: [GC (GCLocker Initiated GC) [PSYoungGen: 158769K->44890K(186368K)] 361361K->247708K(710656K), 0.0280661 secs] [Times: user=0.35 sys=0.01, real=0.02 secs] 
2016-09-13T17:48:11.087-0400: 139.643: [GC (GCLocker Initiated GC) [PSYoungGen: 160602K->29638K(188416K)] 369671K->238908K(712704K), 0.0061124 secs] [Times: user=0.03 sys=0.01, real=0.01 secs] 
2016-09-13T17:48:11.288-0400: 139.845: [GC (Allocation Failure) [PSYoungGen: 151494K->47742K(190464K)] 360833K->257283K(714752K), 0.0116892 secs] [Times: user=0.15 sys=0.00, real=0.01 secs] 
2016-09-13T17:48:11.485-0400: 140.041: [GC (GCLocker Initiated GC) [PSYoungGen: 164896K->31191K(191488K)] 380511K->259060K(715776K), 0.0067940 secs] [Times: user=0.09 sys=0.01, real=0.01 secs] 
2016-09-13T17:48:11.681-0400: 140.238: [GC (GCLocker Initiated GC) [PSYoungGen: 156119K->46441K(192512K)] 384033K->274577K(716800K), 0.0142617 secs] [Times: user=0.18 sys=0.00, real=0.02 secs] 
2016-09-13T17:48:11.908-0400: 140.464: [GC (GCLocker Initiated GC) [PSYoungGen: 171369K->34169K(190464K)] 411861K->287076K(714752K), 0.0067757 secs] [Times: user=0.06 sys=0.00, real=0.00 secs] 
2016-09-13T17:48:12.096-0400: 140.652: [GC (GCLocker Initiated GC) [PSYoungGen: 161145K->61533K(188928K)] 414077K->314588K(713216K), 0.0115421 secs] [Times: user=0.10 sys=0.01, real=0.00 secs] 
2016-09-13T17:48:12.308-0400: 140.865: [GC (GCLocker Initiated GC) [PSYoungGen: 188509K->67609K(177664K)] 441685K->328711K(701952K), 0.0092055 secs] [Times: user=0.11 sys=0.00, real=0.01 secs] 
2016-09-13T17:48:12.487-0400: 141.043: [GC (GCLocker Initiated GC) [PSYoungGen: 174105K->46478K(184320K)] 435332K->318522K(708608K), 0.0078014 secs] [Times: user=0.09 sys=0.00, real=0.01 secs] 
2016-09-13T17:48:12.668-0400: 141.225: [GC (GCLocker Initiated GC) [PSYoungGen: 152974K->58495K(182272K)] 425041K->330797K(706560K), 0.0083601 secs] [Times: user=0.08 sys=0.00, real=0.01 secs] 
2016-09-13T17:48:12.851-0400: 141.408: [GC (Allocation Failure) [PSYoungGen: 164991K->25013K(184320K)] 437315K->305090K(708608K), 0.0058065 secs] [Times: user=0.04 sys=0.00, real=0.01 secs] 
2016-09-13T17:48:13.020-0400: 141.577: [GC (GCLocker Initiated GC) [PSYoungGen: 131241K->43282K(178176K)] 412836K->334415K(702464K), 0.0095644 secs] [Times: user=0.09 sys=0.00, real=0.01 secs] 
2016-09-13T17:48:13.193-0400: 141.750: [GC (GCLocker Initiated GC) [PSYoungGen: 149778K->31067K(181248K)] 441076K->322567K(705536K), 0.0067214 secs] [Times: user=0.07 sys=0.00, real=0.01 secs] 
2016-09-13T17:48:13.346-0400: 141.902: [GC (GCLocker Initiated GC) [PSYoungGen: 137563K->17301K(186368K)] 429108K->315099K(710656K), 0.0095128 secs] [Times: user=0.08 sys=0.00, real=0.01 secs] 
2016-09-13T17:48:13.515-0400: 142.072: [GC (GCLocker Initiated GC) [PSYoungGen: 129941K->44698K(157696K)] 427752K->348860K(681984K), 0.0113675 secs] [Times: user=0.10 sys=0.01, real=0.01 secs] 
2016-09-13T17:48:13.703-0400: 142.260: [GC (GCLocker Initiated GC) [PSYoungGen: 157338K->43149K(188928K)] 463139K->355257K(713216K), 0.0238206 secs] [Times: user=0.25 sys=0.00, real=0.02 secs] 
2016-09-13T17:48:13.924-0400: 142.481: [GC (GCLocker Initiated GC) [PSYoungGen: 158861K->32585K(186880K)] 484860K->358797K(711168K), 0.0321580 secs] [Times: user=0.33 sys=0.00, real=0.04 secs] 
2016-09-13T17:48:14.130-0400: 142.687: [GC (GCLocker Initiated GC) [PSYoungGen: 148297K->59950K(182272K)] 474551K->386472K(706560K), 0.0063747 secs] [Times: user=0.05 sys=0.00, real=0.01 secs] 
2016-09-13T17:48:14.291-0400: 142.848: [GC (GCLocker Initiated GC) [PSYoungGen: 173102K->64725K(178176K)] 499912K->391710K(702464K), 0.0085550 secs] [Times: user=0.09 sys=0.00, real=0.01 secs] 
2016-09-13T17:48:14.468-0400: 143.025: [GC (GCLocker Initiated GC) [PSYoungGen: 177877K->50971K(183808K)] 505035K->378413K(708096K), 0.0076136 secs] [Times: user=0.07 sys=0.01, real=0.01 secs] 
2016-09-13T17:48:14.653-0400: 143.209: [GC (GCLocker Initiated GC) [PSYoungGen: 155419K->27897K(132608K)] 488999K->361632K(656896K), 0.0155805 secs] [Times: user=0.13 sys=0.00, real=0.02 secs] 
2016-09-13T17:48:14.840-0400: 143.397: [GC (GCLocker Initiated GC) [PSYoungGen: 132345K->27956K(183296K)] 466151K->361834K(707584K), 0.0252198 secs] [Times: user=0.26 sys=0.00, real=0.02 secs] 
2016-09-13T17:48:15.019-0400: 143.576: [GC (GCLocker Initiated GC) [PSYoungGen: 133428K->44581K(182272K)] 467409K->378759K(706560K), 0.0138164 secs] [Times: user=0.14 sys=0.00, real=0.01 secs] 
2016-09-13T17:48:15.205-0400: 143.762: [GC (GCLocker Initiated GC) [PSYoungGen: 150053K->23468K(182784K)] 491962K->365487K(707072K), 0.0125806 secs] [Times: user=0.12 sys=0.00, real=0.02 secs] 
2016-09-13T17:48:15.368-0400: 143.924: [GC (GCLocker Initiated GC) [PSYoungGen: 131500K->29542K(182272K)] 479830K->378156K(706560K), 0.0234540 secs] [Times: user=0.23 sys=0.00, real=0.02 secs] 
2016-09-13T17:48:15.561-0400: 144.117: [GC (GCLocker Initiated GC) [PSYoungGen: 137574K->23340K(186368K)] 487975K->373918K(710656K), 0.0048425 secs] [Times: user=0.04 sys=0.00, real=0.00 secs] 
2016-09-13T17:48:15.732-0400: 144.289: [GC (Allocation Failure) [PSYoungGen: 137004K->26505K(185856K)] 487817K->377457K(710144K), 0.0216086 secs] [Times: user=0.26 sys=0.00, real=0.02 secs] 
2016-09-13T17:48:15.922-0400: 144.479: [GC (GCLocker Initiated GC) [PSYoungGen: 140169K->56976K(183296K)] 491127K->408146K(707584K), 0.0220972 secs] [Times: user=0.23 sys=0.00, real=0.02 secs] 
2016-09-13T17:48:16.121-0400: 144.677: [GC (Allocation Failure) [PSYoungGen: 169616K->31151K(187392K)] 530094K->391918K(711680K), 0.0282605 secs] [Times: user=0.27 sys=0.00, real=0.03 secs] 
2016-09-13T17:48:16.299-0400: 144.855: [GC (GCLocker Initiated GC) [PSYoungGen: 138984K->62994K(177664K)] 505826K->430060K(701952K), 0.0103103 secs] [Times: user=0.10 sys=0.00, real=0.01 secs] 
2016-09-13T17:48:16.457-0400: 145.014: [GC (Allocation Failure) [PSYoungGen: 168466K->52546K(158208K)] 535699K->419828K(682496K), 0.0114070 secs] [Times: user=0.09 sys=0.00, real=0.01 secs] 
2016-09-13T17:48:16.636-0400: 145.193: [GC (GCLocker Initiated GC) [PSYoungGen: 158017K->47806K(184320K)] 525301K->415513K(708608K), 0.0086512 secs] [Times: user=0.08 sys=0.01, real=0.00 secs] 
2016-09-13T17:48:16.808-0400: 145.364: [GC (GCLocker Initiated GC) [PSYoungGen: 153278K->41720K(147456K)] 521088K->409620K(671744K), 0.0128404 secs] [Times: user=0.11 sys=0.00, real=0.01 secs] 
2016-09-13T17:48:16.971-0400: 145.527: [GC (GCLocker Initiated GC) [PSYoungGen: 147192K->46313K(181248K)] 515301K->423769K(705536K), 0.0200244 secs] [Times: user=0.21 sys=0.00, real=0.02 secs] 
2016-09-13T17:48:17.149-0400: 145.706: [GC (GCLocker Initiated GC) [PSYoungGen: 153321K->43025K(179712K)] 530969K->420850K(704000K), 0.0215906 secs] [Times: user=0.21 sys=0.00, real=0.02 secs] 
2016-09-13T17:48:17.330-0400: 145.887: [GC (Allocation Failure) [PSYoungGen: 150033K->5397K(181248K)] 533983K->389486K(705536K), 0.0058804 secs] [Times: user=0.05 sys=0.01, real=0.01 secs] 
2016-09-13T17:48:17.512-0400: 146.069: [GC (Allocation Failure) [PSYoungGen: 117013K->44768K(184832K)] 501102K->433670K(709120K), 0.0373227 secs] [Times: user=0.41 sys=0.00, real=0.04 secs] 
2016-09-13T17:48:17.699-0400: 146.256: [GC (GCLocker Initiated GC) [PSYoungGen: 153033K->29639K(184832K)] 548011K->424873K(709120K), 0.0062353 secs] [Times: user=0.07 sys=0.00, real=0.00 secs] 
2016-09-13T17:48:17.878-0400: 146.435: [GC (GCLocker Initiated GC) [PSYoungGen: 146375K->41938K(187392K)] 541899K->437762K(711680K), 0.0202385 secs] [Times: user=0.25 sys=0.00, real=0.02 secs] 
2016-09-13T17:48:18.064-0400: 146.621: [GC (GCLocker Initiated GC) [PSYoungGen: 158674K->49165K(190976K)] 554526K->445293K(715264K), 0.0068467 secs] [Times: user=0.06 sys=0.00, real=0.01 secs] 
2016-09-13T17:48:18.268-0400: 146.825: [GC (Allocation Failure) [PSYoungGen: 171533K->50838K(173568K)] 567904K->451878K(697856K), 0.0333364 secs] [Times: user=0.33 sys=0.00, real=0.03 secs] 
2016-09-13T17:48:18.464-0400: 147.021: [GC (GCLocker Initiated GC) [PSYoungGen: 173206K->46440K(192512K)] 574249K->455321K(716800K), 0.0127411 secs] [Times: user=0.12 sys=0.01, real=0.02 secs] 
2016-09-13T17:48:18.658-0400: 147.215: [GC (GCLocker Initiated GC) [PSYoungGen: 168296K->46441K(168448K)] 577457K->455785K(692736K), 0.0129428 secs] [Times: user=0.13 sys=0.01, real=0.01 secs] 
2016-09-13T17:48:18.856-0400: 147.413: [GC (GCLocker Initiated GC) [PSYoungGen: 168297K->27928K(190464K)] 583738K->443547K(714752K), 0.0125781 secs] [Times: user=0.11 sys=0.00, real=0.01 secs] 
2016-09-13T17:48:19.087-0400: 147.643: [GC (GCLocker Initiated GC) [PSYoungGen: 149784K->27901K(190464K)] 571763K->451674K(714752K), 0.0193843 secs] [Times: user=0.19 sys=0.00, real=0.02 secs] 
2016-09-13T17:48:19.278-0400: 147.835: [GC (GCLocker Initiated GC) [PSYoungGen: 149757K->44634K(192000K)] 573619K->468683K(716288K), 0.0236941 secs] [Times: user=0.24 sys=0.00, real=0.02 secs] 
2016-09-13T17:48:19.489-0400: 148.046: [GC (GCLocker Initiated GC) [PSYoungGen: 170074K->41660K(192512K)] 594223K->467528K(716800K), 0.0220739 secs] [Times: user=0.22 sys=0.00, real=0.02 secs] 
2016-09-13T17:48:19.682-0400: 148.239: [GC (GCLocker Initiated GC) [PSYoungGen: 167100K->41603K(192512K)] 593021K->467820K(716800K), 0.0218585 secs] [Times: user=0.23 sys=0.00, real=0.02 secs] 
2016-09-13T17:48:19.883-0400: 148.439: [GC (GCLocker Initiated GC) [PSYoungGen: 171651K->47773K(193024K)] 597968K->474221K(717312K), 0.0138267 secs] [Times: user=0.12 sys=0.00, real=0.02 secs] 
2016-09-13T17:48:20.115-0400: 148.672: [GC (GCLocker Initiated GC) [PSYoungGen: 177821K->31157K(198656K)] 611994K->465483K(722944K), 0.0159004 secs] [Times: user=0.16 sys=0.00, real=0.02 secs] 
2016-09-13T17:48:20.313-0400: 148.869: [GC (GCLocker Initiated GC) [PSYoungGen: 166837K->58437K(194560K)] 601459K->519114K(718848K), 0.0245330 secs] [Times: user=0.23 sys=0.00, real=0.03 secs] 
2016-09-13T17:48:20.526-0400: 149.082: [GC (Allocation Failure) [PSYoungGen: 194117K->41756K(197120K)] 656500K->525726K(721408K), 0.0314156 secs] [Times: user=0.29 sys=0.00, real=0.04 secs] 
2016-09-13T17:48:20.742-0400: 149.299: [GC (GCLocker Initiated GC) [PSYoungGen: 170167K->27934K(194560K)] 660212K->518197K(718848K), 0.0130555 secs] [Times: user=0.14 sys=0.00, real=0.01 secs] 
2016-09-13T17:48:20.969-0400: 149.525: [GC (GCLocker Initiated GC) [PSYoungGen: 157470K->27897K(194560K)] 649323K->519798K(718848K), 0.0099150 secs] [Times: user=0.08 sys=0.01, real=0.01 secs] 
2016-09-13T17:48:21.182-0400: 149.739: [GC (GCLocker Initiated GC) [PSYoungGen: 157433K->32485K(194560K)] 649376K->524567K(718848K), 0.0093558 secs] [Times: user=0.08 sys=0.00, real=0.01 secs] 
2016-09-13T17:48:21.386-0400: 149.942: [GC (GCLocker Initiated GC) [PSYoungGen: 162021K->8248K(193024K)] 657166K->512636K(717312K), 0.0130577 secs] [Times: user=0.12 sys=0.00, real=0.02 secs] 
2016-09-13T17:48:21.610-0400: 150.167: [GC (GCLocker Initiated GC) [PSYoungGen: 137784K->32458K(195584K)] 642197K->543163K(719872K), 0.0187869 secs] [Times: user=0.19 sys=0.01, real=0.02 secs] 
2016-09-13T17:48:21.629-0400: 150.186: [Full GC (Ergonomics) [PSYoungGen: 32458K->0K(195584K)] [ParOldGen: 510705K->36244K(524288K)] 543163K->36244K(719872K), [Metaspace: 44627K->44627K(1087488K)], 0.0533184 secs] [Times: user=0.23 sys=0.01, real=0.05 secs] 
2016-09-13T17:48:21.900-0400: 150.457: [GC (GCLocker Initiated GC) [PSYoungGen: 129536K->63333K(183296K)] 165922K->117945K(707584K), 0.0078250 secs] [Times: user=0.07 sys=0.00, real=0.01 secs] 
2016-09-13T17:48:22.064-0400: 150.621: [GC (Allocation Failure) [PSYoungGen: 183141K->23567K(190976K)] 245551K->104831K(715264K), 0.0263353 secs] [Times: user=0.30 sys=0.01, real=0.03 secs] 
2016-09-13T17:48:22.251-0400: 150.808: [GC (GCLocker Initiated GC) [PSYoungGen: 143375K->46212K(190976K)] 224642K->127809K(715264K), 0.0137143 secs] [Times: user=0.14 sys=0.00, real=0.01 secs] 
2016-09-13T17:48:22.460-0400: 151.016: [GC (GCLocker Initiated GC) [PSYoungGen: 167044K->27960K(148992K)] 262462K->123572K(673280K), 0.0075408 secs] [Times: user=0.05 sys=0.00, real=0.00 secs] 
2016-09-13T17:48:22.641-0400: 151.197: [GC (GCLocker Initiated GC) [PSYoungGen: 148792K->23655K(191488K)] 244409K->119430K(715776K), 0.0134837 secs] [Times: user=0.13 sys=0.00, real=0.01 secs] 
2016-09-13T17:48:22.817-0400: 151.373: [GC (GCLocker Initiated GC) [PSYoungGen: 146023K->32586K(155136K)] 241805K->128528K(679424K), 0.0155242 secs] [Times: user=0.16 sys=0.00, real=0.01 secs] 
2016-09-13T17:48:23.021-0400: 151.577: [GC (GCLocker Initiated GC) [PSYoungGen: 154954K->28151K(191488K)] 251063K->124449K(715776K), 0.0184358 secs] [Times: user=0.18 sys=0.00, real=0.02 secs] 
2016-09-13T17:48:23.226-0400: 151.782: [GC (GCLocker Initiated GC) [PSYoungGen: 154615K->32677K(189952K)] 251067K->129386K(714240K), 0.0061966 secs] [Times: user=0.07 sys=0.00, real=0.01 secs] 
2016-09-13T17:48:23.431-0400: 151.987: [GC (GCLocker Initiated GC) [PSYoungGen: 159141K->23745K(195584K)] 257538K->122281K(719872K), 0.0218207 secs] [Times: user=0.28 sys=0.01, real=0.02 secs] 
2016-09-13T17:48:23.650-0400: 152.206: [GC (GCLocker Initiated GC) [PSYoungGen: 158401K->41534K(194560K)] 258808K->142142K(718848K), 0.0183218 secs] [Times: user=0.18 sys=0.00, real=0.02 secs] 
2016-09-13T17:48:23.861-0400: 152.417: [GC (Allocation Failure) [PSYoungGen: 176190K->35621K(198656K)] 276875K->136445K(722944K), 0.0165375 secs] [Times: user=0.16 sys=0.00, real=0.02 secs] 
2016-09-13T17:48:24.104-0400: 152.661: [GC (GCLocker Initiated GC) [PSYoungGen: 176664K->26541K(200192K)] 283563K->133660K(724480K), 0.0183992 secs] [Times: user=0.16 sys=0.00, real=0.02 secs] 
2016-09-13T17:48:24.383-0400: 152.940: [GC (Allocation Failure) [PSYoungGen: 168365K->5270K(200704K)] 281819K->118980K(724992K), 0.0247424 secs] [Times: user=0.20 sys=0.00, real=0.03 secs] 
2016-09-13T17:48:24.621-0400: 153.178: [GC (GCLocker Initiated GC) [PSYoungGen: 147151K->29479K(173056K)] 266937K->149458K(697344K), 0.0158906 secs] [Times: user=0.13 sys=0.00, real=0.02 secs] 
2016-09-13T17:48:24.840-0400: 153.397: [GC (GCLocker Initiated GC) [PSYoungGen: 172839K->55581K(192000K)] 292851K->178851K(716288K), 0.0095862 secs] [Times: user=0.14 sys=0.00, real=0.01 secs] 
2016-09-13T17:48:25.026-0400: 153.582: [GC (Allocation Failure) [PSYoungGen: 190749K->23373K(198656K)] 314197K->148534K(722944K), 0.0376570 secs] [Times: user=0.37 sys=0.00, real=0.04 secs] 
2016-09-13T17:48:25.248-0400: 153.805: [GC (GCLocker Initiated GC) [PSYoungGen: 158541K->61441K(183808K)] 283707K->192837K(708096K), 0.0130454 secs] [Times: user=0.12 sys=0.00, real=0.01 secs] 
2016-09-13T17:48:25.455-0400: 154.011: [GC (GCLocker Initiated GC) [PSYoungGen: 183297K->23585K(192000K)] 320819K->161277K(716288K), 0.0328386 secs] [Times: user=0.31 sys=0.00, real=0.04 secs] 
2016-09-13T17:48:25.657-0400: 154.214: [GC (GCLocker Initiated GC) [PSYoungGen: 145441K->44698K(191488K)] 284859K->184424K(715776K), 0.0113453 secs] [Times: user=0.11 sys=0.00, real=0.01 secs] 
2016-09-13T17:48:25.862-0400: 154.418: [GC (GCLocker Initiated GC) [PSYoungGen: 168090K->69100K(192512K)] 307835K->213677K(716800K), 0.0156511 secs] [Times: user=0.18 sys=0.00, real=0.02 secs] 
2016-09-13T17:48:26.079-0400: 154.635: [GC (GCLocker Initiated GC) [PSYoungGen: 192492K->30940K(177152K)] 337094K->175751K(701440K), 0.0142312 secs] [Times: user=0.16 sys=0.00, real=0.01 secs] 
2016-09-13T17:48:26.263-0400: 154.819: [GC (GCLocker Initiated GC) [PSYoungGen: 138460K->23863K(184832K)] 286484K->187237K(709120K), 0.0078292 secs] [Times: user=0.10 sys=0.01, real=0.01 secs] 
2016-09-13T17:48:26.427-0400: 154.984: [GC (GCLocker Initiated GC) [PSYoungGen: 131383K->27998K(178176K)] 296306K->193027K(702464K), 0.0186569 secs] [Times: user=0.22 sys=0.00, real=0.02 secs] 
2016-09-13T17:48:26.612-0400: 155.169: [GC (GCLocker Initiated GC) [PSYoungGen: 137054K->32805K(182272K)] 308273K->204391K(706560K), 0.0066522 secs] [Times: user=0.07 sys=0.00, real=0.01 secs] 
2016-09-13T17:48:26.756-0400: 155.313: [GC (GCLocker Initiated GC) [PSYoungGen: 141861K->29388K(182784K)] 313700K->202999K(707072K), 0.0142503 secs] [Times: user=0.11 sys=0.00, real=0.01 secs] 
2016-09-13T17:48:26.945-0400: 155.502: [GC (GCLocker Initiated GC) [PSYoungGen: 148172K->41629K(186368K)] 322082K->221914K(710656K), 0.0133092 secs] [Times: user=0.14 sys=0.00, real=0.02 secs] 
2016-09-13T17:48:27.140-0400: 155.697: [GC (GCLocker Initiated GC) [PSYoungGen: 160413K->23341K(192000K)] 348302K->211439K(716288K), 0.0106296 secs] [Times: user=0.10 sys=0.00, real=0.01 secs] 
2016-09-13T17:48:27.386-0400: 155.943: [GC (GCLocker Initiated GC) [PSYoungGen: 150829K->8392K(193536K)] 345181K->202851K(717824K), 0.0107225 secs] [Times: user=0.11 sys=0.00, real=0.02 secs] 
2016-09-13T17:48:27.609-0400: 156.166: [GC (GCLocker Initiated GC) [PSYoungGen: 135880K->46192K(190976K)] 332008K->242536K(715264K), 0.0060847 secs] [Times: user=0.05 sys=0.00, real=0.00 secs] 
2016-09-13T17:48:27.812-0400: 156.369: [GC (Allocation Failure) [PSYoungGen: 170096K->23404K(193024K)] 374206K->227563K(717312K), 0.0130664 secs] [Times: user=0.13 sys=0.00, real=0.01 secs] 
2016-09-13T17:48:28.042-0400: 156.599: [GC (GCLocker Initiated GC) [PSYoungGen: 144025K->28029K(187904K)] 354259K->238581K(712192K), 0.0068241 secs] [Times: user=0.06 sys=0.00, real=0.01 secs] 
2016-09-13T17:48:28.231-0400: 156.788: [GC (GCLocker Initiated GC) [PSYoungGen: 153981K->27929K(190464K)] 364535K->238643K(714752K), 0.0224055 secs] [Times: user=0.23 sys=0.00, real=0.02 secs] 
2016-09-13T17:48:28.444-0400: 157.000: [GC (GCLocker Initiated GC) [PSYoungGen: 153881K->32675K(192512K)] 372386K->251443K(716800K), 0.0134166 secs] [Times: user=0.11 sys=0.01, real=0.02 secs] 
2016-09-13T17:48:28.664-0400: 157.220: [GC (GCLocker Initiated GC) [PSYoungGen: 168355K->29638K(195072K)] 393464K->259635K(719360K), 0.0139460 secs] [Times: user=0.13 sys=0.00, real=0.02 secs] 
2016-09-13T17:48:28.879-0400: 157.435: [GC (Allocation Failure) [PSYoungGen: 165318K->41697K(201216K)] 397009K->273574K(725504K), 0.0408781 secs] [Times: user=0.34 sys=0.00, real=0.04 secs] 
2016-09-13T17:48:29.104-0400: 157.660: [GC (GCLocker Initiated GC) [PSYoungGen: 186081K->32613K(202752K)] 417959K->264605K(727040K), 0.0058383 secs] [Times: user=0.04 sys=0.00, real=0.01 secs] 
2016-09-13T17:48:29.344-0400: 157.900: [GC (GCLocker Initiated GC) [PSYoungGen: 176997K->25044K(202752K)] 410624K->258869K(727040K), 0.0057552 secs] [Times: user=0.03 sys=0.00, real=0.01 secs] 
2016-09-13T17:48:29.572-0400: 158.128: [GC (GCLocker Initiated GC) [PSYoungGen: 173012K->32746K(202752K)] 407119K->267107K(727040K), 0.0076878 secs] [Times: user=0.08 sys=0.00, real=0.01 secs] 
2016-09-13T17:48:29.812-0400: 158.369: [GC (Allocation Failure) [PSYoungGen: 180714K->28119K(205824K)] 415197K->262820K(730112K), 0.0202775 secs] [Times: user=0.24 sys=0.00, real=0.02 secs] 
2016-09-13T17:48:30.067-0400: 158.623: [GC (GCLocker Initiated GC) [PSYoungGen: 182231K->43085K(205312K)] 416938K->278001K(729600K), 0.0351564 secs] [Times: user=0.38 sys=0.00, real=0.04 secs] 
2016-09-13T17:48:30.327-0400: 158.883: [GC (GCLocker Initiated GC) [PSYoungGen: 197197K->47705K(201216K)] 432138K->282761K(725504K), 0.0069384 secs] [Times: user=0.06 sys=0.00, real=0.01 secs] 
2016-09-13T17:48:30.548-0400: 159.104: [GC (GCLocker Initiated GC) [PSYoungGen: 195161K->24837K(204800K)] 436675K->271046K(729088K), 0.0208597 secs] [Times: user=0.19 sys=0.00, real=0.02 secs] 
2016-09-13T17:48:30.815-0400: 159.371: [GC (GCLocker Initiated GC) [PSYoungGen: 172293K->28146K(200704K)] 427818K->283841K(724992K), 0.0312460 secs] [Times: user=0.35 sys=0.01, real=0.03 secs] 
2016-09-13T17:48:31.071-0400: 159.628: [GC (GCLocker Initiated GC) [PSYoungGen: 176626K->46277K(203264K)] 432592K->302526K(727552K), 0.0109079 secs] [Times: user=0.11 sys=0.00, real=0.01 secs] 
2016-09-13T17:48:31.298-0400: 159.854: [GC (GCLocker Initiated GC) [PSYoungGen: 194757K->46249K(200192K)] 452710K->304341K(724480K), 0.0199095 secs] [Times: user=0.21 sys=0.00, real=0.02 secs] 
2016-09-13T17:48:31.510-0400: 160.067: [GC (GCLocker Initiated GC) [PSYoungGen: 188585K->50806K(193536K)] 446702K->309175K(717824K), 0.0223575 secs] [Times: user=0.21 sys=0.00, real=0.02 secs] 
2016-09-13T17:48:31.748-0400: 160.304: [GC (GCLocker Initiated GC) [PSYoungGen: 193142K->46440K(196608K)] 453270K->317465K(720896K), 0.0070598 secs] [Times: user=0.07 sys=0.00, real=0.00 secs] 
2016-09-13T17:48:31.964-0400: 160.521: [GC (GCLocker Initiated GC) [PSYoungGen: 179560K->29516K(162816K)] 450610K->300850K(687104K), 0.0126189 secs] [Times: user=0.12 sys=0.01, real=0.02 secs] 
2016-09-13T17:48:32.206-0400: 160.763: [GC (GCLocker Initiated GC) [PSYoungGen: 162636K->12901K(195584K)] 441588K->292046K(719872K), 0.0144020 secs] [Times: user=0.14 sys=0.00, real=0.02 secs] 
2016-09-13T17:48:32.422-0400: 160.979: [GC (GCLocker Initiated GC) [PSYoungGen: 145509K->23399K(197120K)] 424658K->308774K(721408K), 0.0150559 secs] [Times: user=0.15 sys=0.01, real=0.02 secs] 
2016-09-13T17:48:32.633-0400: 161.189: [GC (Allocation Failure) [PSYoungGen: 156007K->26346K(193024K)] 441468K->312052K(717312K), 0.0226408 secs] [Times: user=0.23 sys=0.00, real=0.02 secs] 
2016-09-13T17:48:32.846-0400: 161.403: [GC (GCLocker Initiated GC) [PSYoungGen: 155867K->27870K(195584K)] 447647K->328893K(719872K), 0.0055605 secs] [Times: user=0.04 sys=0.01, real=0.01 secs] 
2016-09-13T17:48:33.058-0400: 161.614: [GC (GCLocker Initiated GC) [PSYoungGen: 162014K->47927K(195584K)] 463146K->349206K(719872K), 0.0064298 secs] [Times: user=0.06 sys=0.00, real=0.00 secs] 
2016-09-13T17:48:33.298-0400: 161.855: [GC (GCLocker Initiated GC) [PSYoungGen: 184119K->26383K(199168K)] 494626K->337091K(723456K), 0.0327344 secs] [Times: user=0.35 sys=0.00, real=0.03 secs] 
2016-09-13T17:48:33.519-0400: 162.076: [GC (GCLocker Initiated GC) [PSYoungGen: 162575K->59982K(186880K)] 473339K->376999K(711168K), 0.0161962 secs] [Times: user=0.15 sys=0.01, real=0.02 secs] 
2016-09-13T17:48:33.710-0400: 162.267: [GC (GCLocker Initiated GC) [PSYoungGen: 185934K->47641K(174080K)] 502980K->369445K(698368K), 0.0137094 secs] [Times: user=0.11 sys=0.01, real=0.01 secs] 
2016-09-13T17:48:33.933-0400: 162.490: [GC (GCLocker Initiated GC) [PSYoungGen: 173593K->26670K(194048K)] 501513K->356345K(718336K), 0.0098570 secs] [Times: user=0.11 sys=0.01, real=0.01 secs] 
2016-09-13T17:48:34.140-0400: 162.697: [GC (GCLocker Initiated GC) [PSYoungGen: 151086K->53817K(178688K)] 482298K->385196K(702976K), 0.0080340 secs] [Times: user=0.08 sys=0.00, real=0.01 secs] 
2016-09-13T17:48:34.330-0400: 162.887: [GC (Allocation Failure) [PSYoungGen: 178233K->28183K(192512K)] 509875K->369084K(716800K), 0.0058683 secs] [Times: user=0.06 sys=0.00, real=0.01 secs] 
2016-09-13T17:48:34.523-0400: 163.080: [GC (GCLocker Initiated GC) [PSYoungGen: 149015K->46218K(190464K)] 489919K->387339K(714752K), 0.0096838 secs] [Times: user=0.11 sys=0.00, real=0.01 secs] 
2016-09-13T17:48:34.726-0400: 163.283: [GC (GCLocker Initiated GC) [PSYoungGen: 167050K->23409K(191488K)] 514276K->370774K(715776K), 0.0063685 secs] [Times: user=0.04 sys=0.01, real=0.01 secs] 
2016-09-13T17:48:34.912-0400: 163.469: [GC (GCLocker Initiated GC) [PSYoungGen: 145265K->46163K(190976K)] 492711K->393811K(715264K), 0.0071035 secs] [Times: user=0.06 sys=0.00, real=0.01 secs] 
2016-09-13T17:48:35.104-0400: 163.660: [GC (GCLocker Initiated GC) [PSYoungGen: 168019K->46100K(192512K)] 515669K->397037K(716800K), 0.0241405 secs] [Times: user=0.20 sys=0.00, real=0.03 secs] 
2016-09-13T17:48:35.310-0400: 163.867: [GC (GCLocker Initiated GC) [PSYoungGen: 168980K->46312K(192512K)] 521506K->399048K(716800K), 0.0218023 secs] [Times: user=0.21 sys=0.00, real=0.02 secs] 
2016-09-13T17:48:35.512-0400: 164.068: [GC (GCLocker Initiated GC) [PSYoungGen: 169192K->50779K(190464K)] 521955K->403810K(714752K), 0.0149264 secs] [Times: user=0.15 sys=0.00, real=0.01 secs] 
2016-09-13T17:48:35.717-0400: 164.274: [GC (GCLocker Initiated GC) [PSYoungGen: 171611K->27875K(191488K)] 524643K->388668K(715776K), 0.0075986 secs] [Times: user=0.07 sys=0.00, real=0.00 secs] 
2016-09-13T17:48:35.899-0400: 164.456: [GC (GCLocker Initiated GC) [PSYoungGen: 148707K->67545K(177664K)] 509525K->434621K(701952K), 0.0140145 secs] [Times: user=0.15 sys=0.00, real=0.01 secs] 
2016-09-13T17:48:36.085-0400: 164.642: [GC (GCLocker Initiated GC) [PSYoungGen: 175065K->26505K(184832K)] 548331K->407495K(709120K), 0.0088755 secs] [Times: user=0.10 sys=0.00, real=0.01 secs] 
2016-09-13T17:48:36.283-0400: 164.839: [GC (GCLocker Initiated GC) [PSYoungGen: 134025K->46255K(181760K)] 515148K->433832K(706048K), 0.0223770 secs] [Times: user=0.26 sys=0.00, real=0.02 secs] 
2016-09-13T17:48:36.456-0400: 165.013: [GC (GCLocker Initiated GC) [PSYoungGen: 154799K->29539K(183808K)] 550003K->424865K(708096K), 0.0135266 secs] [Times: user=0.10 sys=0.00, real=0.01 secs] 
2016-09-13T17:48:36.651-0400: 165.208: [GC (Allocation Failure) [PSYoungGen: 138083K->9831K(185344K)] 545662K->423757K(709632K), 0.0247904 secs] [Times: user=0.27 sys=0.00, real=0.03 secs] 
2016-09-13T17:48:36.852-0400: 165.409: [GC (GCLocker Initiated GC) [PSYoungGen: 121447K->61443K(173568K)] 535379K->478580K(697856K), 0.0100149 secs] [Times: user=0.10 sys=0.00, real=0.01 secs] 
2016-09-13T17:48:37.021-0400: 165.577: [GC (GCLocker Initiated GC) [PSYoungGen: 173059K->23527K(182784K)] 591727K->442259K(707072K), 0.0048771 secs] [Times: user=0.04 sys=0.00, real=0.00 secs] 
2016-09-13T17:48:37.174-0400: 165.731: [GC (Allocation Failure) [PSYoungGen: 125415K->29325K(131584K)] 544367K->448647K(655872K), 0.0238521 secs] [Times: user=0.24 sys=0.01, real=0.03 secs] 
2016-09-13T17:48:37.329-0400: 165.886: [GC (GCLocker Initiated GC) [PSYoungGen: 130380K->24895K(179712K)] 551221K->450454K(704000K), 0.0055476 secs] [Times: user=0.05 sys=0.00, real=0.00 secs] 
2016-09-13T17:48:37.498-0400: 166.054: [GC (GCLocker Initiated GC) [PSYoungGen: 128319K->46163K(178176K)] 560155K->478330K(702464K), 0.0096795 secs] [Times: user=0.09 sys=0.00, real=0.00 secs] 
2016-09-13T17:48:37.687-0400: 166.243: [GC (GCLocker Initiated GC) [PSYoungGen: 149587K->28056K(183808K)] 594149K->477471K(708096K), 0.0101120 secs] [Times: user=0.09 sys=0.01, real=0.02 secs] 
2016-09-13T17:48:37.886-0400: 166.443: [GC (Allocation Failure) [PSYoungGen: 140696K->41565K(184832K)] 590389K->491451K(709120K), 0.0256086 secs] [Times: user=0.25 sys=0.00, real=0.03 secs] 
2016-09-13T17:48:38.098-0400: 166.654: [GC (GCLocker Initiated GC) [PSYoungGen: 153061K->68973K(174080K)] 604466K->520587K(698368K), 0.0093220 secs] [Times: user=0.08 sys=0.01, real=0.00 secs] 
2016-09-13T17:48:38.251-0400: 166.808: [GC (GCLocker Initiated GC) [PSYoungGen: 172397K->43333K(182784K)] 625655K->496706K(707072K), 0.0101870 secs] [Times: user=0.08 sys=0.00, real=0.01 secs] 
2016-09-13T17:48:38.413-0400: 166.970: [GC (Allocation Failure) [PSYoungGen: 146757K->37206K(174080K)] 600196K->490921K(698368K), 0.0107354 secs] [Times: user=0.13 sys=0.00, real=0.01 secs] 
2016-09-13T17:48:38.584-0400: 167.140: [GC (GCLocker Initiated GC) [PSYoungGen: 141912K->47581K(179712K)] 597146K->509021K(704000K), 0.0319298 secs] [Times: user=0.36 sys=0.00, real=0.04 secs] 
2016-09-13T17:48:38.765-0400: 167.322: [GC (Allocation Failure) [PSYoungGen: 153565K->46404K(185856K)] 616804K->509868K(710144K), 0.0074547 secs] [Times: user=0.08 sys=0.00, real=0.01 secs] 
2016-09-13T17:48:38.928-0400: 167.484: [GC (Allocation Failure) [PSYoungGen: 161604K->29640K(187392K)] 625068K->497952K(711680K), 0.0108198 secs] [Times: user=0.12 sys=0.01, real=0.01 secs] 
2016-09-13T17:48:39.126-0400: 167.682: [GC (GCLocker Initiated GC) [PSYoungGen: 144840K->69222K(175616K)] 613165K->537826K(699904K), 0.0105502 secs] [Times: user=0.09 sys=0.01, real=0.02 secs] 
2016-09-13T17:48:39.300-0400: 167.856: [GC (GCLocker Initiated GC) [PSYoungGen: 173670K->32554K(183296K)] 648386K->507508K(707584K), 0.0197233 secs] [Times: user=0.20 sys=0.00, real=0.02 secs] 
2016-09-13T17:48:39.498-0400: 168.054: [GC (GCLocker Initiated GC) [PSYoungGen: 137002K->27902K(179200K)] 624169K->519862K(703488K), 0.0222128 secs] [Times: user=0.20 sys=0.01, real=0.02 secs] 
2016-09-13T17:48:39.681-0400: 168.237: [GC (GCLocker Initiated GC) [PSYoungGen: 134398K->46244K(182272K)] 628055K->539965K(706560K), 0.0148877 secs] [Times: user=0.13 sys=0.00, real=0.02 secs] 
2016-09-13T17:48:39.869-0400: 168.426: [GC (Allocation Failure) [PSYoungGen: 152740K->6697K(182784K)] 658621K->512743K(707072K), 0.0118991 secs] [Times: user=0.10 sys=0.00, real=0.01 secs] 
2016-09-13T17:48:40.041-0400: 168.597: [GC (Allocation Failure) [PSYoungGen: 115241K->24923K(185344K)] 621287K->537317K(709632K), 0.0109804 secs] [Times: user=0.10 sys=0.00, real=0.01 secs] 
2016-09-13T17:48:40.203-0400: 168.760: [GC (Allocation Failure) [PSYoungGen: 133467K->35496K(177152K)] 645861K->548191K(701440K), 0.0058471 secs] [Times: user=0.05 sys=0.00, real=0.01 secs] 
2016-09-13T17:48:40.384-0400: 168.941: [GC (GCLocker Initiated GC) [PSYoungGen: 145002K->29420K(181760K)] 659215K->543803K(706048K), 0.0107460 secs] [Times: user=0.10 sys=0.00, real=0.01 secs] 
2016-09-13T17:48:40.570-0400: 169.127: [Full GC (Ergonomics) [PSYoungGen: 139500K->0K(181760K)] [ParOldGen: 520731K->31927K(524288K)] 660232K->31927K(706048K), [Metaspace: 44651K->44651K(1087488K)], 0.0817092 secs] [Times: user=0.62 sys=0.00, real=0.08 secs] 
2016-09-13T17:48:40.814-0400: 169.370: [GC (GCLocker Initiated GC) [PSYoungGen: 110080K->66189K(176640K)] 142253K->110512K(700928K), 0.0085223 secs] [Times: user=0.10 sys=0.00, real=0.01 secs] 
2016-09-13T17:48:40.970-0400: 169.527: [GC (GCLocker Initiated GC) [PSYoungGen: 173709K->32773K(184832K)] 219763K->88354K(709120K), 0.0067607 secs] [Times: user=0.09 sys=0.00, real=0.01 secs] 
2016-09-13T17:48:41.111-0400: 169.668: [GC (GCLocker Initiated GC) [PSYoungGen: 140293K->34078K(175616K)] 195938K->89870K(699904K), 0.0097914 secs] [Times: user=0.07 sys=0.00, real=0.01 secs] 
2016-09-13T17:48:41.285-0400: 169.842: [GC (GCLocker Initiated GC) [PSYoungGen: 144670K->31126K(181760K)] 206661K->93298K(706048K), 0.0074726 secs] [Times: user=0.07 sys=0.00, real=0.01 secs] 
2016-09-13T17:48:41.449-0400: 170.006: [GC (GCLocker Initiated GC) [PSYoungGen: 141718K->46476K(189952K)] 203938K->110565K(714240K), 0.0085174 secs] [Times: user=0.09 sys=0.00, real=0.01 secs] 
2016-09-13T17:48:41.670-0400: 170.227: [GC (GCLocker Initiated GC) [PSYoungGen: 168332K->41570K(191488K)] 234194K->107755K(715776K), 0.0166930 secs] [Times: user=0.15 sys=0.00, real=0.01 secs] 
2016-09-13T17:48:41.887-0400: 170.444: [GC (GCLocker Initiated GC) [PSYoungGen: 163426K->20271K(191488K)] 235964K->92849K(715776K), 0.0260804 secs] [Times: user=0.30 sys=0.00, real=0.03 secs] 
2016-09-13T17:48:42.108-0400: 170.664: [GC (GCLocker Initiated GC) [PSYoungGen: 144175K->64481K(188416K)] 218423K->138891K(712704K), 0.0094760 secs] [Times: user=0.14 sys=0.00, real=0.02 secs] 
2016-09-13T17:48:42.297-0400: 170.854: [GC (GCLocker Initiated GC) [PSYoungGen: 188385K->26537K(188416K)] 278169K->116421K(712704K), 0.0115719 secs] [Times: user=0.15 sys=0.00, real=0.01 secs] 
2016-09-13T17:48:42.483-0400: 171.040: [GC (GCLocker Initiated GC) [PSYoungGen: 141225K->41730K(156672K)] 232946K->135320K(680960K), 0.0067926 secs] [Times: user=0.07 sys=0.01, real=0.01 secs] 
2016-09-13T17:48:42.662-0400: 171.218: [GC (GCLocker Initiated GC) [PSYoungGen: 156418K->46159K(186880K)] 250189K->140131K(711168K), 0.0129069 secs] [Times: user=0.11 sys=0.00, real=0.01 secs] 
2016-09-13T17:48:42.875-0400: 171.431: [GC (GCLocker Initiated GC) [PSYoungGen: 161359K->43121K(186368K)] 255560K->137437K(710656K), 0.0167536 secs] [Times: user=0.14 sys=0.00, real=0.02 secs] 
2016-09-13T17:48:43.048-0400: 171.605: [GC (GCLocker Initiated GC) [PSYoungGen: 158321K->34073K(188928K)] 252659K->128687K(713216K), 0.0089905 secs] [Times: user=0.10 sys=0.00, real=0.01 secs] 
2016-09-13T17:48:43.254-0400: 171.810: [GC (GCLocker Initiated GC) [PSYoungGen: 155417K->16002K(188928K)] 262203K->127661K(713216K), 0.0141144 secs] [Times: user=0.16 sys=0.00, real=0.02 secs] 
2016-09-13T17:48:43.454-0400: 172.010: [GC (GCLocker Initiated GC) [PSYoungGen: 137346K->46431K(192512K)] 249208K->170625K(716800K), 0.0165480 secs] [Times: user=0.24 sys=0.00, real=0.02 secs] 
2016-09-13T17:48:43.647-0400: 172.204: [GC (GCLocker Initiated GC) [PSYoungGen: 170335K->50875K(175104K)] 294709K->175525K(699392K), 0.0074706 secs] [Times: user=0.07 sys=0.01, real=0.01 secs] 
2016-09-13T17:48:43.861-0400: 172.417: [GC (GCLocker Initiated GC) [PSYoungGen: 174779K->23655K(192000K)] 308790K->168571K(716288K), 0.0124610 secs] [Times: user=0.15 sys=0.00, real=0.01 secs] 
2016-09-13T17:48:44.075-0400: 172.632: [GC (GCLocker Initiated GC) [PSYoungGen: 144999K->47678K(191488K)] 290200K->193140K(715776K), 0.0218873 secs] [Times: user=0.24 sys=0.01, real=0.03 secs] 
2016-09-13T17:48:44.261-0400: 172.818: [GC (GCLocker Initiated GC) [PSYoungGen: 169022K->47832K(190464K)] 314509K->199540K(714752K), 0.0114906 secs] [Times: user=0.13 sys=0.00, real=0.01 secs] 
2016-09-13T17:48:44.446-0400: 173.002: [GC (GCLocker Initiated GC) [PSYoungGen: 167640K->47896K(190976K)] 319474K->212137K(715264K), 0.0096017 secs] [Times: user=0.14 sys=0.01, real=0.01 secs] 
2016-09-13T17:48:44.657-0400: 173.214: [GC (GCLocker Initiated GC) [PSYoungGen: 167704K->26314K(188928K)] 338042K->198283K(713216K), 0.0071768 secs] [Times: user=0.06 sys=0.00, real=0.00 secs] 
2016-09-13T17:48:44.848-0400: 173.404: [GC (GCLocker Initiated GC) [PSYoungGen: 146122K->62960K(182784K)] 318094K->236647K(707072K), 0.0112879 secs] [Times: user=0.09 sys=0.00, real=0.01 secs] 
2016-09-13T17:48:45.051-0400: 173.607: [GC (GCLocker Initiated GC) [PSYoungGen: 182768K->27892K(187392K)] 362751K->208139K(711680K), 0.0182884 secs] [Times: user=0.19 sys=0.00, real=0.02 secs] 
2016-09-13T17:48:45.255-0400: 173.811: [GC (GCLocker Initiated GC) [PSYoungGen: 138996K->5212K(116736K)] 333177K->199547K(641024K), 0.0029014 secs] [Times: user=0.02 sys=0.00, real=0.01 secs] 
2016-09-13T17:48:45.449-0400: 174.005: [GC (GCLocker Initiated GC) [PSYoungGen: 116316K->12827K(184832K)] 322823K->219399K(709120K), 0.0180872 secs] [Times: user=0.24 sys=0.00, real=0.01 secs] 
2016-09-13T17:48:45.636-0400: 174.193: [GC (GCLocker Initiated GC) [PSYoungGen: 120347K->47740K(155648K)] 326947K->259153K(679936K), 0.0103464 secs] [Times: user=0.08 sys=0.00, real=0.00 secs] 
2016-09-13T17:48:45.810-0400: 174.366: [GC (GCLocker Initiated GC) [PSYoungGen: 155260K->44795K(184832K)] 366707K->268696K(709120K), 0.0159636 secs] [Times: user=0.19 sys=0.00, real=0.01 secs] 
2016-09-13T17:48:46.014-0400: 174.571: [GC (GCLocker Initiated GC) [PSYoungGen: 151803K->5470K(112640K)] 389551K->257140K(636928K), 0.0038677 secs] [Times: user=0.04 sys=0.00, real=0.01 secs] 
2016-09-13T17:48:46.160-0400: 174.717: [GC (GCLocker Initiated GC) [PSYoungGen: 112478K->43282K(184320K)] 364203K->295370K(708608K), 0.0086881 secs] [Times: user=0.11 sys=0.00, real=0.01 secs] 
2016-09-13T17:48:46.334-0400: 174.891: [GC (Allocation Failure) [PSYoungGen: 149266K->47874K(183808K)] 401519K->307923K(708096K), 0.0070021 secs] [Times: user=0.09 sys=0.00, real=0.01 secs] 
2016-09-13T17:48:46.517-0400: 175.074: [GC (GCLocker Initiated GC) [PSYoungGen: 153858K->27998K(178688K)] 413912K->292874K(702976K), 0.0125983 secs] [Times: user=0.13 sys=0.00, real=0.01 secs] 
2016-09-13T17:48:46.689-0400: 175.246: [GC (GCLocker Initiated GC) [PSYoungGen: 133982K->39956K(181248K)] 405198K->311286K(705536K), 0.0237573 secs] [Times: user=0.23 sys=0.00, real=0.02 secs] 
2016-09-13T17:48:46.867-0400: 175.424: [GC (GCLocker Initiated GC) [PSYoungGen: 145940K->50959K(184832K)] 417417K->322576K(709120K), 0.0225611 secs] [Times: user=0.26 sys=0.00, real=0.03 secs] 
2016-09-13T17:48:47.056-0400: 175.613: [GC (GCLocker Initiated GC) [PSYoungGen: 162575K->35783K(147456K)] 435736K->309318K(671744K), 0.0229200 secs] [Times: user=0.27 sys=0.00, real=0.02 secs] 
2016-09-13T17:48:47.246-0400: 175.802: [GC (GCLocker Initiated GC) [PSYoungGen: 147399K->9827K(184320K)] 433276K->303515K(708608K), 0.0234299 secs] [Times: user=0.30 sys=0.00, real=0.03 secs] 
2016-09-13T17:48:47.447-0400: 176.004: [GC (GCLocker Initiated GC) [PSYoungGen: 122467K->41570K(185344K)] 422439K->341740K(709632K), 0.0205785 secs] [Times: user=0.23 sys=0.00, real=0.03 secs] 
2016-09-13T17:48:47.624-0400: 176.181: [GC (GCLocker Initiated GC) [PSYoungGen: 154210K->34254K(182272K)] 454402K->334647K(706560K), 0.0059139 secs] [Times: user=0.05 sys=0.00, real=0.01 secs] 
2016-09-13T17:48:47.802-0400: 176.359: [GC (GCLocker Initiated GC) [PSYoungGen: 152014K->46563K(185856K)] 452633K->356634K(710144K), 0.0102034 secs] [Times: user=0.11 sys=0.01, real=0.01 secs] 
2016-09-13T17:48:48.003-0400: 176.559: [GC (GCLocker Initiated GC) [PSYoungGen: 164323K->46377K(192000K)] 474413K->356759K(716288K), 0.0070256 secs] [Times: user=0.08 sys=0.00, real=0.01 secs] 
2016-09-13T17:48:48.230-0400: 176.786: [GC (GCLocker Initiated GC) [PSYoungGen: 169257K->23281K(146432K)] 485857K->340067K(670720K), 0.0128110 secs] [Times: user=0.10 sys=0.02, real=0.01 secs] 
2016-09-13T17:48:48.436-0400: 176.993: [GC (GCLocker Initiated GC) [PSYoungGen: 146161K->43148K(192512K)] 464652K->361816K(716800K), 0.0456021 secs] [Times: user=0.53 sys=0.00, real=0.04 secs] 
2016-09-13T17:48:48.638-0400: 177.194: [GC (GCLocker Initiated GC) [PSYoungGen: 167052K->46154K(192000K)] 487429K->366741K(716288K), 0.0214694 secs] [Times: user=0.21 sys=0.00, real=0.02 secs] 
2016-09-13T17:48:48.818-0400: 177.374: [GC (GCLocker Initiated GC) [PSYoungGen: 170058K->29384K(191488K)] 492186K->351551K(715776K), 0.0080861 secs] [Times: user=0.07 sys=0.00, real=0.00 secs] 
2016-09-13T17:48:49.010-0400: 177.566: [GC (GCLocker Initiated GC) [PSYoungGen: 154824K->32607K(192512K)] 477008K->362582K(716800K), 0.0128497 secs] [Times: user=0.11 sys=0.00, real=0.01 secs] 
2016-09-13T17:48:49.216-0400: 177.772: [GC (GCLocker Initiated GC) [PSYoungGen: 158047K->29543K(193536K)] 488097K->365893K(717824K), 0.0093838 secs] [Times: user=0.09 sys=0.01, real=0.00 secs] 
2016-09-13T17:48:49.445-0400: 178.001: [GC (GCLocker Initiated GC) [PSYoungGen: 160103K->38500K(193536K)] 502550K->384154K(717824K), 0.0166962 secs] [Times: user=0.12 sys=0.00, real=0.02 secs] 
2016-09-13T17:48:49.649-0400: 178.206: [GC (GCLocker Initiated GC) [PSYoungGen: 169060K->29506K(197632K)] 520962K->381656K(721920K), 0.0298902 secs] [Times: user=0.31 sys=0.00, real=0.03 secs] 
2016-09-13T17:48:49.883-0400: 178.439: [GC (Allocation Failure) [PSYoungGen: 167234K->44667K(197632K)] 521059K->403301K(721920K), 0.0140299 secs] [Times: user=0.16 sys=0.00, real=0.02 secs] 
2016-09-13T17:48:50.086-0400: 178.642: [GC (GCLocker Initiated GC) [PSYoungGen: 178588K->28094K(201216K)] 543296K->397545K(725504K), 0.0118618 secs] [Times: user=0.12 sys=0.00, real=0.02 secs] 
2016-09-13T17:48:50.309-0400: 178.866: [GC (Allocation Failure) [PSYoungGen: 169406K->49297K(190976K)] 538971K->419080K(715264K), 0.0138759 secs] [Times: user=0.18 sys=0.00, real=0.01 secs] 
2016-09-13T17:48:50.579-0400: 179.136: [GC (GCLocker Initiated GC) [PSYoungGen: 190609K->14425K(196608K)] 560392K->384386K(720896K), 0.0057948 secs] [Times: user=0.08 sys=0.00, real=0.00 secs] 
2016-09-13T17:48:50.787-0400: 179.343: [GC (GCLocker Initiated GC) [PSYoungGen: 148569K->46527K(180736K)] 520265K->418488K(705024K), 0.0077931 secs] [Times: user=0.09 sys=0.01, real=0.01 secs] 
2016-09-13T17:48:51.004-0400: 179.561: [GC (GCLocker Initiated GC) [PSYoungGen: 180671K->31099K(199168K)] 558958K->409604K(723456K), 0.0066665 secs] [Times: user=0.06 sys=0.01, real=0.01 secs] 
2016-09-13T17:48:51.244-0400: 179.801: [GC (Allocation Failure) [PSYoungGen: 164731K->23441K(157184K)] 551037K->409902K(681472K), 0.0133905 secs] [Times: user=0.11 sys=0.00, real=0.02 secs] 
2016-09-13T17:48:51.446-0400: 180.003: [GC (GCLocker Initiated GC) [PSYoungGen: 151705K->28056K(198144K)] 544241K->420801K(722432K), 0.0180920 secs] [Times: user=0.17 sys=0.00, real=0.02 secs] 
2016-09-13T17:48:51.669-0400: 180.226: [GC (GCLocker Initiated GC) [PSYoungGen: 163736K->44853K(196096K)] 556503K->437920K(720384K), 0.0238401 secs] [Times: user=0.25 sys=0.01, real=0.02 secs] 
2016-09-13T17:48:51.889-0400: 180.446: [GC (GCLocker Initiated GC) [PSYoungGen: 180533K->25083K(200704K)] 586035K->438388K(724992K), 0.0079711 secs] [Times: user=0.07 sys=0.00, real=0.01 secs] 
2016-09-13T17:48:52.135-0400: 180.691: [GC (Allocation Failure) [PSYoungGen: 164347K->23617K(163328K)] 584076K->443615K(687616K), 0.0067475 secs] [Times: user=0.07 sys=0.00, real=0.01 secs] 
2016-09-13T17:48:52.368-0400: 180.925: [GC (Allocation Failure) [PSYoungGen: 161694K->9672K(198144K)] 581692K->429872K(722432K), 0.0107296 secs] [Times: user=0.09 sys=0.00, real=0.01 secs] 
2016-09-13T17:48:52.566-0400: 181.123: [GC (GCLocker Initiated GC) [PSYoungGen: 147912K->27928K(166400K)] 568112K->448309K(690688K), 0.0280700 secs] [Times: user=0.26 sys=0.00, real=0.03 secs] 
2016-09-13T17:48:52.805-0400: 181.362: [GC (GCLocker Initiated GC) [PSYoungGen: 166168K->32639K(200704K)] 586567K->453173K(724992K), 0.0434218 secs] [Times: user=0.41 sys=0.00, real=0.05 secs] 
2016-09-13T17:48:53.050-0400: 181.607: [GC (GCLocker Initiated GC) [PSYoungGen: 174975K->32708K(199168K)] 603275K->461315K(723456K), 0.0109804 secs] [Times: user=0.12 sys=0.00, real=0.01 secs] 
2016-09-13T17:48:53.279-0400: 181.835: [GC (GCLocker Initiated GC) [PSYoungGen: 175044K->46350K(198144K)] 603830K->479934K(722432K), 0.0266198 secs] [Times: user=0.30 sys=0.00, real=0.02 secs] 
2016-09-13T17:48:53.503-0400: 182.060: [GC (GCLocker Initiated GC) [PSYoungGen: 189710K->31348K(201728K)] 623464K->465328K(726016K), 0.0239003 secs] [Times: user=0.31 sys=0.00, real=0.02 secs] 
2016-09-13T17:48:53.728-0400: 182.284: [GC (GCLocker Initiated GC) [PSYoungGen: 174708K->28094K(199680K)] 610378K->464052K(723968K), 0.0099007 secs] [Times: user=0.12 sys=0.00, real=0.01 secs] 
2016-09-13T17:48:54.006-0400: 182.562: [GC (GCLocker Initiated GC) [PSYoungGen: 176062K->32523K(202240K)] 612051K->468667K(726528K), 0.0106918 secs] [Times: user=0.14 sys=0.00, real=0.02 secs] 
2016-09-13T17:48:54.252-0400: 182.809: [GC (GCLocker Initiated GC) [PSYoungGen: 180491K->20397K(207360K)] 619784K->467481K(731648K), 0.0213501 secs] [Times: user=0.21 sys=0.01, real=0.02 secs] 
2016-09-13T17:48:54.500-0400: 183.057: [GC (GCLocker Initiated GC) [PSYoungGen: 176045K->27806K(207872K)] 630763K->482643K(732160K), 0.0207455 secs] [Times: user=0.18 sys=0.00, real=0.02 secs] 
2016-09-13T17:48:54.714-0400: 183.270: [GC (GCLocker Initiated GC) [PSYoungGen: 183454K->46375K(204288K)] 638366K->504405K(728576K), 0.0382571 secs] [Times: user=0.37 sys=0.01, real=0.04 secs] 
2016-09-13T17:48:54.988-0400: 183.544: [GC (GCLocker Initiated GC) [PSYoungGen: 199975K->26442K(207872K)] 659540K->492405K(732160K), 0.0213584 secs] [Times: user=0.19 sys=0.00, real=0.02 secs] 
2016-09-13T17:48:55.266-0400: 183.823: [GC (GCLocker Initiated GC) [PSYoungGen: 180042K->44545K(203776K)] 653742K->521413K(728064K), 0.0273599 secs] [Times: user=0.28 sys=0.00, real=0.03 secs] 
2016-09-13T17:48:55.497-0400: 184.054: [GC (GCLocker Initiated GC) [PSYoungGen: 195073K->47673K(198656K)] 678047K->530695K(722944K), 0.0319145 secs] [Times: user=0.37 sys=0.00, real=0.03 secs] 
2016-09-13T17:48:55.756-0400: 184.313: [GC (GCLocker Initiated GC) [PSYoungGen: 198201K->34259K(205312K)] 681245K->526661K(729600K), 0.0114352 secs] [Times: user=0.12 sys=0.00, real=0.01 secs] 
2016-09-13T17:48:55.993-0400: 184.550: [GC (GCLocker Initiated GC) [PSYoungGen: 180179K->25084K(171008K)] 672754K->526962K(695296K), 0.0103354 secs] [Times: user=0.11 sys=0.00, real=0.01 secs] 
2016-09-13T17:48:56.203-0400: 184.759: [GC (GCLocker Initiated GC) [PSYoungGen: 171004K->37110K(202240K)] 672988K->539167K(726528K), 0.0228861 secs] [Times: user=0.26 sys=0.00, real=0.02 secs] 
2016-09-13T17:48:56.475-0400: 185.031: [GC (GCLocker Initiated GC) [PSYoungGen: 183542K->55271K(201728K)] 687428K->565450K(726016K), 0.0154733 secs] [Times: user=0.12 sys=0.00, real=0.02 secs] 
2016-09-13T17:48:56.722-0400: 185.278: [Full GC (Ergonomics) [PSYoungGen: 201703K->0K(201728K)] [ParOldGen: 517987K->38663K(524288K)] 719691K->38663K(726016K), [Metaspace: 44654K->44654K(1087488K)], 0.0601356 secs] [Times: user=0.30 sys=0.01, real=0.06 secs] 
2016-09-13T17:48:56.982-0400: 185.539: [GC (Allocation Failure) [PSYoungGen: 146432K->40673K(197632K)] 191396K->85637K(721920K), 0.0110221 secs] [Times: user=0.15 sys=0.00, real=0.01 secs] 
2016-09-13T17:48:57.153-0400: 185.710: [GC (GCLocker Initiated GC) [PSYoungGen: 177889K->54189K(191488K)] 222856K->105676K(715776K), 0.0099294 secs] [Times: user=0.11 sys=0.00, real=0.01 secs] 
2016-09-13T17:48:57.400-0400: 185.956: [GC (GCLocker Initiated GC) [PSYoungGen: 191405K->32395K(197632K)] 242925K->84116K(721920K), 0.0093743 secs] [Times: user=0.11 sys=0.00, real=0.01 secs] 
2016-09-13T17:48:57.615-0400: 186.172: [GC (GCLocker Initiated GC) [PSYoungGen: 163979K->63084K(195072K)] 217237K->119550K(719360K), 0.0100464 secs] [Times: user=0.12 sys=0.01, real=0.01 secs] 
2016-09-13T17:48:57.827-0400: 186.383: [GC (GCLocker Initiated GC) [PSYoungGen: 194668K->26446K(187904K)] 251137K->107507K(712192K), 0.0302984 secs] [Times: user=0.27 sys=0.00, real=0.04 secs] 
2016-09-13T17:48:58.031-0400: 186.588: [GC (GCLocker Initiated GC) [PSYoungGen: 147278K->52394K(173568K)] 228550K->133849K(697856K), 0.0063165 secs] [Times: user=0.06 sys=0.00, real=0.01 secs] 
2016-09-13T17:48:58.209-0400: 186.765: [GC (GCLocker Initiated GC) [PSYoungGen: 173226K->41719K(192512K)] 254885K->123492K(716800K), 0.0060260 secs] [Times: user=0.05 sys=0.00, real=0.00 secs] 
2016-09-13T17:48:58.414-0400: 186.970: [GC (GCLocker Initiated GC) [PSYoungGen: 162039K->34041K(154624K)] 245443K->117780K(678912K), 0.0132116 secs] [Times: user=0.12 sys=0.00, real=0.01 secs] 
2016-09-13T17:48:58.648-0400: 187.205: [GC (GCLocker Initiated GC) [PSYoungGen: 154361K->5179K(185344K)] 256674K->116815K(709632K), 0.0087814 secs] [Times: user=0.10 sys=0.00, real=0.01 secs] 
2016-09-13T17:48:58.830-0400: 187.387: [GC (Allocation Failure) [PSYoungGen: 122427K->27988K(188416K)] 234096K->139925K(712704K), 0.0199345 secs] [Times: user=0.17 sys=0.00, real=0.02 secs] 
2016-09-13T17:48:59.017-0400: 187.574: [GC (GCLocker Initiated GC) [PSYoungGen: 145236K->28062K(185856K)] 257176K->146266K(710144K), 0.0115297 secs] [Times: user=0.12 sys=0.00, real=0.01 secs] 
2016-09-13T17:48:59.214-0400: 187.770: [GC (GCLocker Initiated GC) [PSYoungGen: 149918K->44699K(188928K)] 268144K->163093K(713216K), 0.0184691 secs] [Times: user=0.18 sys=0.00, real=0.02 secs] 
2016-09-13T17:48:59.410-0400: 187.966: [GC (GCLocker Initiated GC) [PSYoungGen: 166555K->46313K(193536K)] 284985K->172526K(717824K), 0.0178518 secs] [Times: user=0.19 sys=0.00, real=0.02 secs] 
2016-09-13T17:48:59.622-0400: 188.179: [GC (GCLocker Initiated GC) [PSYoungGen: 172265K->46313K(172544K)] 298689K->180498K(696832K), 0.0340085 secs] [Times: user=0.39 sys=0.00, real=0.04 secs] 
2016-09-13T17:48:59.836-0400: 188.393: [GC (GCLocker Initiated GC) [PSYoungGen: 172265K->28206K(195072K)] 308144K->164231K(719360K), 0.0123901 secs] [Times: user=0.12 sys=0.01, real=0.01 secs] 
2016-09-13T17:49:00.027-0400: 188.584: [GC (GCLocker Initiated GC) [PSYoungGen: 154670K->47863K(193536K)] 290907K->184310K(717824K), 0.0069725 secs] [Times: user=0.05 sys=0.00, real=0.01 secs] 
2016-09-13T17:49:00.244-0400: 188.801: [GC (GCLocker Initiated GC) [PSYoungGen: 174327K->29479K(193024K)] 312315K->167676K(717312K), 0.0141696 secs] [Times: user=0.14 sys=0.00, real=0.02 secs] 
2016-09-13T17:49:00.444-0400: 189.001: [GC (GCLocker Initiated GC) [PSYoungGen: 156455K->5430K(132608K)] 303780K->152972K(656896K), 0.0102105 secs] [Times: user=0.11 sys=0.00, real=0.01 secs] 
2016-09-13T17:49:00.659-0400: 189.215: [GC (Allocation Failure) [PSYoungGen: 132406K->11631K(192000K)] 292391K->171739K(716288K), 0.0130587 secs] [Times: user=0.14 sys=0.00, real=0.01 secs] 
2016-09-13T17:49:00.852-0400: 189.409: [GC (GCLocker Initiated GC) [PSYoungGen: 134511K->51142K(174080K)] 294625K->216050K(698368K), 0.0077155 secs] [Times: user=0.10 sys=0.00, real=0.01 secs] 
2016-09-13T17:49:01.055-0400: 189.612: [GC (GCLocker Initiated GC) [PSYoungGen: 174022K->41693K(189952K)] 340512K->208321K(714240K), 0.0097693 secs] [Times: user=0.08 sys=0.01, real=0.01 secs] 
2016-09-13T17:49:01.263-0400: 189.820: [GC (GCLocker Initiated GC) [PSYoungGen: 158941K->56631K(174080K)] 325832K->223723K(698368K), 0.0218025 secs] [Times: user=0.13 sys=0.02, real=0.02 secs] 
2016-09-13T17:49:01.449-0400: 190.005: [GC (GCLocker Initiated GC) [PSYoungGen: 173879K->40243K(188416K)] 342676K->209237K(712704K), 0.0477950 secs] [Times: user=0.52 sys=0.01, real=0.05 secs] 
2016-09-13T17:49:01.653-0400: 190.210: [GC (Allocation Failure) [PSYoungGen: 152371K->11473K(185856K)] 335246K->194660K(710144K), 0.0114333 secs] [Times: user=0.11 sys=0.00, real=0.01 secs] 
2016-09-13T17:49:01.833-0400: 190.390: [GC (GCLocker Initiated GC) [PSYoungGen: 123601K->31067K(184320K)] 306791K->214502K(708608K), 0.0124582 secs] [Times: user=0.08 sys=0.00, real=0.01 secs] 
2016-09-13T17:49:02.016-0400: 190.573: [GC (GCLocker Initiated GC) [PSYoungGen: 145243K->32645K(185344K)] 328795K->216379K(709632K), 0.0233095 secs] [Times: user=0.26 sys=0.01, real=0.02 secs] 
2016-09-13T17:49:02.214-0400: 190.770: [GC (GCLocker Initiated GC) [PSYoungGen: 146821K->43303K(188416K)] 332208K->228920K(712704K), 0.0255995 secs] [Times: user=0.31 sys=0.00, real=0.03 secs] 
2016-09-13T17:49:02.412-0400: 190.968: [GC (GCLocker Initiated GC) [PSYoungGen: 164135K->50779K(188416K)] 349774K->244282K(712704K), 0.0212318 secs] [Times: user=0.20 sys=0.00, real=0.02 secs] 
2016-09-13T17:49:02.607-0400: 191.163: [GC (GCLocker Initiated GC) [PSYoungGen: 171611K->9827K(188928K)] 372800K->218819K(713216K), 0.0037417 secs] [Times: user=0.03 sys=0.00, real=0.01 secs] 
2016-09-13T17:49:02.807-0400: 191.364: [GC (GCLocker Initiated GC) [PSYoungGen: 128611K->31152K(150016K)] 343761K->246532K(674304K), 0.0200320 secs] [Times: user=0.19 sys=0.01, real=0.02 secs] 
2016-09-13T17:49:03.009-0400: 191.566: [GC (Allocation Failure) [PSYoungGen: 149936K->46122K(186880K)] 365335K->261805K(711168K), 0.0065262 secs] [Times: user=0.05 sys=0.00, real=0.01 secs] 
2016-09-13T17:49:03.210-0400: 191.767: [GC (GCLocker Initiated GC) [PSYoungGen: 163044K->29639K(188416K)] 384802K->257560K(712704K), 0.0121404 secs] [Times: user=0.13 sys=0.00, real=0.01 secs] 
2016-09-13T17:49:03.427-0400: 191.983: [GC (GCLocker Initiated GC) [PSYoungGen: 148423K->28024K(188416K)] 376366K->256227K(712704K), 0.0302151 secs] [Times: user=0.33 sys=0.00, real=0.04 secs] 
2016-09-13T17:49:03.617-0400: 192.174: [GC (GCLocker Initiated GC) [PSYoungGen: 153464K->41968K(189952K)] 384900K->276675K(714240K), 0.0096998 secs] [Times: user=0.09 sys=0.00, real=0.00 secs] 
2016-09-13T17:49:03.814-0400: 192.370: [GC (GCLocker Initiated GC) [PSYoungGen: 167408K->46249K(194560K)] 402304K->281326K(718848K), 0.0077993 secs] [Times: user=0.06 sys=0.00, real=0.01 secs] 
2016-09-13T17:49:04.014-0400: 192.570: [GC (GCLocker Initiated GC) [PSYoungGen: 176297K->31158K(161280K)] 414434K->269536K(685568K), 0.0049098 secs] [Times: user=0.06 sys=0.00, real=0.01 secs] 
2016-09-13T17:49:04.221-0400: 192.778: [GC (GCLocker Initiated GC) [PSYoungGen: 161206K->47742K(194048K)] 399627K->290945K(718336K), 0.0091805 secs] [Times: user=0.12 sys=0.00, real=0.01 secs] 
2016-09-13T17:49:04.453-0400: 193.010: [GC (GCLocker Initiated GC) [PSYoungGen: 177790K->6635K(136704K)] 433371K->262354K(660992K), 0.0107737 secs] [Times: user=0.12 sys=0.00, real=0.01 secs] 
2016-09-13T17:49:04.653-0400: 193.210: [GC (GCLocker Initiated GC) [PSYoungGen: 136683K->40302K(195072K)] 394046K->297780K(719360K), 0.0098162 secs] [Times: user=0.09 sys=0.00, real=0.01 secs] 
2016-09-13T17:49:04.863-0400: 193.420: [GC (Allocation Failure) [PSYoungGen: 167790K->44922K(194560K)] 425446K->302756K(718848K), 0.0169268 secs] [Times: user=0.18 sys=0.00, real=0.02 secs] 
2016-09-13T17:49:05.067-0400: 193.624: [GC (GCLocker Initiated GC) [PSYoungGen: 172207K->41916K(194560K)] 431560K->301486K(718848K), 0.0163303 secs] [Times: user=0.17 sys=0.00, real=0.02 secs] 
2016-09-13T17:49:05.268-0400: 193.824: [GC (GCLocker Initiated GC) [PSYoungGen: 169404K->43153K(194560K)] 429108K->303066K(718848K), 0.0102213 secs] [Times: user=0.07 sys=0.00, real=0.01 secs] 
2016-09-13T17:49:05.493-0400: 194.049: [GC (GCLocker Initiated GC) [PSYoungGen: 170641K->46351K(194048K)] 436892K->312689K(718336K), 0.0143665 secs] [Times: user=0.17 sys=0.01, real=0.01 secs] 
2016-09-13T17:49:05.700-0400: 194.257: [GC (GCLocker Initiated GC) [PSYoungGen: 173839K->49196K(177152K)] 446442K->321872K(701440K), 0.0071339 secs] [Times: user=0.06 sys=0.00, real=0.00 secs] 
2016-09-13T17:49:05.905-0400: 194.462: [GC (GCLocker Initiated GC) [PSYoungGen: 176684K->49293K(191488K)] 449385K->322157K(715776K), 0.0123458 secs] [Times: user=0.11 sys=0.00, real=0.02 secs] 
2016-09-13T17:49:06.122-0400: 194.679: [GC (Allocation Failure) [PSYoungGen: 172173K->26610K(192512K)] 451316K->318116K(716800K), 0.0513969 secs] [Times: user=0.56 sys=0.00, real=0.05 secs] 
2016-09-13T17:49:06.338-0400: 194.895: [GC (GCLocker Initiated GC) [PSYoungGen: 149490K->43090K(190464K)] 441002K->334866K(714752K), 0.0267625 secs] [Times: user=0.26 sys=0.00, real=0.02 secs] 
2016-09-13T17:49:06.567-0400: 195.124: [GC (GCLocker Initiated GC) [PSYoungGen: 166994K->5279K(191488K)] 466433K->304865K(715776K), 0.0052274 secs] [Times: user=0.04 sys=0.00, real=0.01 secs] 
2016-09-13T17:49:06.741-0400: 195.297: [GC (GCLocker Initiated GC) [PSYoungGen: 129183K->2132K(186880K)] 436372K->309514K(711168K), 0.0184427 secs] [Times: user=0.20 sys=0.00, real=0.02 secs] 
2016-09-13T17:49:06.944-0400: 195.501: [GC (Allocation Failure) [PSYoungGen: 118868K->41724K(189440K)] 426572K->349657K(713728K), 0.0177475 secs] [Times: user=0.19 sys=0.00, real=0.02 secs] 
2016-09-13T17:49:07.121-0400: 195.678: [GC (GCLocker Initiated GC) [PSYoungGen: 153532K->32836K(180736K)] 467540K->347156K(705024K), 0.0315342 secs] [Times: user=0.39 sys=0.00, real=0.03 secs] 
2016-09-13T17:49:07.320-0400: 195.877: [GC (GCLocker Initiated GC) [PSYoungGen: 150084K->32981K(185344K)] 470633K->353676K(709632K), 0.0088778 secs] [Times: user=0.10 sys=0.00, real=0.01 secs] 
2016-09-13T17:49:07.511-0400: 196.067: [GC (GCLocker Initiated GC) [PSYoungGen: 150229K->50812K(190976K)] 471150K->371959K(715264K), 0.0070284 secs] [Times: user=0.06 sys=0.01, real=0.01 secs] 
2016-09-13T17:49:07.729-0400: 196.285: [GC (GCLocker Initiated GC) [PSYoungGen: 176764K->24859K(194048K)] 504336K->352620K(718336K), 0.0122497 secs] [Times: user=0.14 sys=0.00, real=0.01 secs] 
2016-09-13T17:49:07.925-0400: 196.482: [GC (GCLocker Initiated GC) [PSYoungGen: 150811K->44854K(193536K)] 478773K->373125K(717824K), 0.0095736 secs] [Times: user=0.12 sys=0.00, real=0.01 secs] 
2016-09-13T17:49:08.166-0400: 196.722: [GC (GCLocker Initiated GC) [PSYoungGen: 171830K->27870K(155136K)] 503159K->359330K(679424K), 0.0101197 secs] [Times: user=0.06 sys=0.00, real=0.02 secs] 
2016-09-13T17:49:08.345-0400: 196.902: [GC (GCLocker Initiated GC) [PSYoungGen: 154846K->18790K(194048K)] 486328K->350415K(718336K), 0.0039061 secs] [Times: user=0.03 sys=0.00, real=0.01 secs] 
2016-09-13T17:49:08.544-0400: 197.101: [GC (GCLocker Initiated GC) [PSYoungGen: 147302K->43142K(193536K)] 478932K->376414K(717824K), 0.0169378 secs] [Times: user=0.19 sys=0.01, real=0.02 secs] 
2016-09-13T17:49:08.749-0400: 197.305: [GC (GCLocker Initiated GC) [PSYoungGen: 171654K->41730K(196608K)] 506788K->377215K(720896K), 0.0227012 secs] [Times: user=0.32 sys=0.00, real=0.02 secs] 
2016-09-13T17:49:09.010-0400: 197.567: [GC (GCLocker Initiated GC) [PSYoungGen: 172802K->5279K(136704K)] 522046K->354724K(660992K), 0.0035300 secs] [Times: user=0.03 sys=0.00, real=0.00 secs] 
2016-09-13T17:49:09.224-0400: 197.780: [GC (Allocation Failure) [PSYoungGen: 136351K->29416K(198144K)] 487334K->380600K(722432K), 0.0252593 secs] [Times: user=0.26 sys=0.00, real=0.03 secs] 
2016-09-13T17:49:09.422-0400: 197.978: [GC (GCLocker Initiated GC) [PSYoungGen: 159976K->35686K(166400K)] 511163K->397710K(690688K), 0.0158984 secs] [Times: user=0.19 sys=0.00, real=0.02 secs] 
2016-09-13T17:49:09.655-0400: 198.212: [GC (GCLocker Initiated GC) [PSYoungGen: 166246K->9853K(192512K)] 540632K->384398K(716800K), 0.0128843 secs] [Times: user=0.13 sys=0.00, real=0.02 secs] 
2016-09-13T17:49:09.855-0400: 198.412: [GC (GCLocker Initiated GC) [PSYoungGen: 139901K->47640K(193024K)] 514488K->422408K(717312K), 0.0216852 secs] [Times: user=0.23 sys=0.00, real=0.03 secs] 
2016-09-13T17:49:10.064-0400: 198.621: [GC (GCLocker Initiated GC) [PSYoungGen: 177688K->50993K(188416K)] 552497K->432068K(712704K), 0.0089539 secs] [Times: user=0.11 sys=0.00, real=0.01 secs] 
2016-09-13T17:49:10.255-0400: 198.811: [GC (GCLocker Initiated GC) [PSYoungGen: 172849K->46604K(168960K)] 555534K->429518K(693248K), 0.0106645 secs] [Times: user=0.13 sys=0.00, real=0.01 secs] 
2016-09-13T17:49:10.478-0400: 199.035: [GC (GCLocker Initiated GC) [PSYoungGen: 168460K->44854K(190464K)] 551421K->427974K(714752K), 0.0083127 secs] [Times: user=0.08 sys=0.00, real=0.00 secs] 
2016-09-13T17:49:10.654-0400: 199.211: [GC (GCLocker Initiated GC) [PSYoungGen: 163638K->46223K(190464K)] 546786K->431028K(714752K), 0.0226118 secs] [Times: user=0.26 sys=0.00, real=0.03 secs] 
2016-09-13T17:49:10.850-0400: 199.407: [GC (Allocation Failure) [PSYoungGen: 165007K->31335K(185344K)] 556022K->430193K(709632K), 0.0102275 secs] [Times: user=0.14 sys=0.00, real=0.01 secs] 
2016-09-13T17:49:11.045-0400: 199.602: [GC (GCLocker Initiated GC) [PSYoungGen: 147436K->29735K(187904K)] 552369K->442499K(712192K), 0.0065810 secs] [Times: user=0.07 sys=0.00, real=0.01 secs] 
2016-09-13T17:49:11.251-0400: 199.808: [GC (GCLocker Initiated GC) [PSYoungGen: 148519K->32645K(187392K)] 567512K->451920K(711680K), 0.0079620 secs] [Times: user=0.09 sys=0.00, real=0.01 secs] 
2016-09-13T17:49:11.452-0400: 200.009: [GC (Allocation Failure) [PSYoungGen: 158597K->46250K(190464K)] 577907K->465714K(714752K), 0.0129654 secs] [Times: user=0.16 sys=0.00, real=0.01 secs] 
2016-09-13T17:49:11.663-0400: 200.220: [GC (GCLocker Initiated GC) [PSYoungGen: 172202K->46440K(194560K)] 591666K->466158K(718848K), 0.0151464 secs] [Times: user=0.19 sys=0.00, real=0.02 secs] 
2016-09-13T17:49:11.871-0400: 200.428: [GC (GCLocker Initiated GC) [PSYoungGen: 175464K->49415K(178688K)] 595189K->469452K(702976K), 0.0122447 secs] [Times: user=0.15 sys=0.00, real=0.01 secs] 
2016-09-13T17:49:12.088-0400: 200.644: [GC (GCLocker Initiated GC) [PSYoungGen: 178439K->41789K(195584K)] 606314K->475980K(719872K), 0.0175322 secs] [Times: user=0.23 sys=0.01, real=0.02 secs] 
2016-09-13T17:49:12.301-0400: 200.857: [GC (GCLocker Initiated GC) [PSYoungGen: 169277K->47832K(194048K)] 611361K->490121K(718336K), 0.0226814 secs] [Times: user=0.24 sys=0.00, real=0.02 secs] 
2016-09-13T17:49:12.499-0400: 201.055: [GC (GCLocker Initiated GC) [PSYoungGen: 175320K->66190K(180736K)] 617794K->519677K(705024K), 0.0102403 secs] [Times: user=0.13 sys=0.00, real=0.01 secs] 
2016-09-13T17:49:12.695-0400: 201.252: [GC (GCLocker Initiated GC) [PSYoungGen: 179854K->47613K(187904K)] 633522K->501393K(712192K), 0.0129400 secs] [Times: user=0.09 sys=0.01, real=0.02 secs] 
2016-09-13T17:49:12.902-0400: 201.458: [GC (GCLocker Initiated GC) [PSYoungGen: 161277K->40264K(181248K)] 616754K->495918K(705536K), 0.0312973 secs] [Times: user=0.34 sys=0.00, real=0.03 secs] 
2016-09-13T17:49:13.102-0400: 201.659: [GC (GCLocker Initiated GC) [PSYoungGen: 155464K->53972K(185344K)] 612693K->511391K(709632K), 0.0094558 secs] [Times: user=0.13 sys=0.01, real=0.01 secs] 
2016-09-13T17:49:13.271-0400: 201.828: [GC (GCLocker Initiated GC) [PSYoungGen: 169172K->66025K(179200K)] 626616K->529691K(703488K), 0.0145990 secs] [Times: user=0.17 sys=0.00, real=0.01 secs] 
2016-09-13T17:49:13.454-0400: 202.011: [GC (GCLocker Initiated GC) [PSYoungGen: 173545K->9991K(117760K)] 651053K->519583K(642048K), 0.0066373 secs] [Times: user=0.07 sys=0.00, real=0.01 secs] 
2016-09-13T17:49:13.461-0400: 202.017: [Full GC (Ergonomics) [PSYoungGen: 9991K->0K(117760K)] [ParOldGen: 509592K->39257K(524288K)] 519583K->39257K(642048K), [Metaspace: 44672K->44672K(1087488K)], 0.1861517 secs] [Times: user=2.14 sys=0.00, real=0.18 secs] 
2016-09-13T17:49:13.778-0400: 202.335: [GC (GCLocker Initiated GC) [PSYoungGen: 107520K->79698K(168448K)] 147045K->119232K(692736K), 0.0085320 secs] [Times: user=0.07 sys=0.00, real=0.00 secs] 
2016-09-13T17:49:13.879-0400: 202.436: [GC (GCLocker Initiated GC) [PSYoungGen: 167762K->46255K(175104K)] 208893K->116628K(699392K), 0.0082949 secs] [Times: user=0.06 sys=0.00, real=0.00 secs] 
2016-09-13T17:49:14.020-0400: 202.577: [GC (GCLocker Initiated GC) [PSYoungGen: 134319K->28221K(172032K)] 212321K->110974K(696320K), 0.0105782 secs] [Times: user=0.11 sys=0.00, real=0.01 secs] 
2016-09-13T17:49:14.143-0400: 202.699: [GC (GCLocker Initiated GC) [PSYoungGen: 117309K->49478K(174080K)] 200322K->137376K(698368K), 0.0084536 secs] [Times: user=0.12 sys=0.00, real=0.01 secs] 
2016-09-13T17:49:14.293-0400: 202.849: [GC (Allocation Failure) [PSYoungGen: 138566K->5525K(173056K)] 246462K->131871K(697344K), 0.0073336 secs] [Times: user=0.09 sys=0.00, real=0.01 secs] 
2016-09-13T17:49:14.427-0400: 202.983: [GC (GCLocker Initiated GC) [PSYoungGen: 95637K->32736K(176128K)] 221983K->159457K(700416K), 0.0071829 secs] [Times: user=0.07 sys=0.00, real=0.01 secs] 
2016-09-13T17:49:14.550-0400: 203.106: [GC (GCLocker Initiated GC) [PSYoungGen: 122848K->31257K(169984K)] 255750K->164428K(694272K), 0.0081133 secs] [Times: user=0.09 sys=0.00, real=0.01 secs] 
2016-09-13T17:49:14.697-0400: 203.254: [GC (GCLocker Initiated GC) [PSYoungGen: 124441K->46378K(173056K)] 267015K->196842K(697344K), 0.0077982 secs] [Times: user=0.10 sys=0.00, real=0.00 secs] 
2016-09-13T17:49:14.849-0400: 203.406: [GC (GCLocker Initiated GC) [PSYoungGen: 139562K->49410K(180736K)] 290135K->200145K(705024K), 0.0116740 secs] [Times: user=0.14 sys=0.00, real=0.01 secs] 
2016-09-13T17:49:15.045-0400: 203.601: [GC (GCLocker Initiated GC) [PSYoungGen: 153346K->3501K(107520K)] 310181K->166541K(631808K), 0.0262786 secs] [Times: user=0.22 sys=0.00, real=0.03 secs] 
2016-09-13T17:49:15.212-0400: 203.768: [GC (GCLocker Initiated GC) [PSYoungGen: 107437K->37110K(185344K)] 270503K->200397K(709632K), 0.0096895 secs] [Times: user=0.11 sys=0.00, real=0.01 secs] 
2016-09-13T17:49:15.364-0400: 203.920: [GC (Allocation Failure) [PSYoungGen: 141558K->34041K(138752K)] 304951K->212862K(663040K), 0.0103595 secs] [Times: user=0.10 sys=0.00, real=0.01 secs] 
2016-09-13T17:49:15.518-0400: 204.075: [GC (GCLocker Initiated GC) [PSYoungGen: 138489K->43058K(179200K)] 317316K->229665K(703488K), 0.0068332 secs] [Times: user=0.04 sys=0.01, real=0.00 secs] 
2016-09-13T17:49:15.700-0400: 204.257: [GC (GCLocker Initiated GC) [PSYoungGen: 149042K->69096K(177664K)] 335881K->256172K(701952K), 0.0321744 secs] [Times: user=0.37 sys=0.00, real=0.03 secs] 
2016-09-13T17:49:15.885-0400: 204.441: [GC (GCLocker Initiated GC) [PSYoungGen: 175080K->28306K(183808K)] 368235K->221691K(708096K), 0.0106112 secs] [Times: user=0.12 sys=0.00, real=0.01 secs] 
2016-09-13T17:49:16.055-0400: 204.612: [GC (Allocation Failure) [PSYoungGen: 131730K->28216K(132096K)] 332890K->229676K(656384K), 0.0211176 secs] [Times: user=0.23 sys=0.01, real=0.03 secs] 
2016-09-13T17:49:16.252-0400: 204.809: [GC (GCLocker Initiated GC) [PSYoungGen: 128423K->14393K(179200K)] 335957K->222106K(703488K), 0.0103520 secs] [Times: user=0.10 sys=0.01, real=0.01 secs] 
2016-09-13T17:49:16.426-0400: 204.983: [GC (GCLocker Initiated GC) [PSYoungGen: 117305K->47677K(179712K)] 326759K->257266K(704000K), 0.0129254 secs] [Times: user=0.11 sys=0.00, real=0.02 secs] 
2016-09-13T17:49:16.585-0400: 205.142: [GC (Allocation Failure) [PSYoungGen: 150589K->29483K(180224K)] 361803K->240910K(704512K), 0.0148061 secs] [Times: user=0.14 sys=0.00, real=0.02 secs] 
2016-09-13T17:49:16.762-0400: 205.319: [GC (Allocation Failure) [PSYoungGen: 136538K->23500K(182784K)] 347964K->244261K(707072K), 0.0103447 secs] [Times: user=0.10 sys=0.00, real=0.01 secs] 
2016-09-13T17:49:16.931-0400: 205.487: [GC (Allocation Failure) [PSYoungGen: 132044K->44698K(186880K)] 352805K->265712K(711168K), 0.0075390 secs] [Times: user=0.07 sys=0.00, real=0.01 secs] 
2016-09-13T17:49:17.117-0400: 205.674: [GC (GCLocker Initiated GC) [PSYoungGen: 159898K->26382K(187904K)] 380915K->247658K(712192K), 0.0158303 secs] [Times: user=0.16 sys=0.00, real=0.01 secs] 
2016-09-13T17:49:17.305-0400: 205.861: [GC (GCLocker Initiated GC) [PSYoungGen: 141582K->61687K(179200K)] 363051K->283502K(703488K), 0.0192147 secs] [Times: user=0.20 sys=0.00, real=0.02 secs] 
2016-09-13T17:49:17.481-0400: 206.037: [GC (GCLocker Initiated GC) [PSYoungGen: 170231K->52389K(161280K)] 392127K->274570K(685568K), 0.0301599 secs] [Times: user=0.31 sys=0.00, real=0.03 secs] 
2016-09-13T17:49:17.662-0400: 206.218: [GC (GCLocker Initiated GC) [PSYoungGen: 160933K->41725K(186880K)] 384878K->273516K(711168K), 0.0063973 secs] [Times: user=0.05 sys=0.00, real=0.01 secs] 
2016-09-13T17:49:17.829-0400: 206.386: [GC (Allocation Failure) [PSYoungGen: 150269K->29479K(138240K)] 382083K->261494K(662528K), 0.0182541 secs] [Times: user=0.19 sys=0.00, real=0.01 secs] 
2016-09-13T17:49:18.013-0400: 206.570: [GC (GCLocker Initiated GC) [PSYoungGen: 138023K->27875K(184320K)] 370044K->267741K(708608K), 0.0315708 secs] [Times: user=0.36 sys=0.01, real=0.03 secs] 
2016-09-13T17:49:18.209-0400: 206.766: [GC (GCLocker Initiated GC) [PSYoungGen: 138467K->34286K(182272K)] 384433K->280502K(706560K), 0.0149450 secs] [Times: user=0.19 sys=0.01, real=0.01 secs] 
2016-09-13T17:49:18.403-0400: 206.960: [GC (GCLocker Initiated GC) [PSYoungGen: 144878K->46223K(185856K)] 392740K->303489K(710144K), 0.0221440 secs] [Times: user=0.22 sys=0.00, real=0.02 secs] 
2016-09-13T17:49:18.582-0400: 207.138: [GC (GCLocker Initiated GC) [PSYoungGen: 162959K->62802K(185856K)] 420401K->320462K(710144K), 0.0139971 secs] [Times: user=0.13 sys=0.00, real=0.02 secs] 
2016-09-13T17:49:18.752-0400: 207.309: [GC (Allocation Failure) [PSYoungGen: 179538K->23658K(187392K)] 437401K->324268K(711680K), 0.0388225 secs] [Times: user=0.40 sys=0.00, real=0.04 secs] 
2016-09-13T17:49:18.930-0400: 207.486: [GC (Allocation Failure) [PSYoungGen: 135786K->41630K(154112K)] 436396K->342520K(678400K), 0.0058389 secs] [Times: user=0.06 sys=0.00, real=0.00 secs] 
2016-09-13T17:49:19.087-0400: 207.644: [GC (GCLocker Initiated GC) [PSYoungGen: 149527K->43211K(185856K)] 456492K->350357K(710144K), 0.0151839 secs] [Times: user=0.12 sys=0.00, real=0.02 secs] 
2016-09-13T17:49:19.300-0400: 207.856: [GC (GCLocker Initiated GC) [PSYoungGen: 156875K->43058K(184320K)] 465698K->352169K(708608K), 0.0211263 secs] [Times: user=0.24 sys=0.00, real=0.02 secs] 
2016-09-13T17:49:19.499-0400: 208.056: [GC (GCLocker Initiated GC) [PSYoungGen: 156722K->5152K(184832K)] 474988K->323525K(709120K), 0.0105743 secs] [Times: user=0.10 sys=0.00, real=0.01 secs] 
2016-09-13T17:49:19.684-0400: 208.241: [GC (Allocation Failure) [PSYoungGen: 121376K->49313K(187904K)] 440019K->368076K(712192K), 0.0425055 secs] [Times: user=0.44 sys=0.00, real=0.04 secs] 
2016-09-13T17:49:19.904-0400: 208.460: [GC (GCLocker Initiated GC) [PSYoungGen: 164989K->61537K(178688K)] 485270K->382000K(702976K), 0.0107369 secs] [Times: user=0.09 sys=0.00, real=0.01 secs] 
2016-09-13T17:49:20.065-0400: 208.622: [GC (Allocation Failure) [PSYoungGen: 167009K->69068K(174592K)] 487687K->389976K(698880K), 0.0218158 secs] [Times: user=0.27 sys=0.00, real=0.02 secs] 
2016-09-13T17:49:20.234-0400: 208.791: [GC (GCLocker Initiated GC) [PSYoungGen: 174540K->46377K(179712K)] 495450K->367426K(704000K), 0.0215766 secs] [Times: user=0.28 sys=0.00, real=0.03 secs] 
2016-09-13T17:49:20.380-0400: 208.936: [GC (GCLocker Initiated GC) [PSYoungGen: 140585K->27870K(122368K)] 463323K->350706K(646656K), 0.0096016 secs] [Times: user=0.05 sys=0.01, real=0.01 secs] 
2016-09-13T17:49:20.513-0400: 209.069: [GC (GCLocker Initiated GC) [PSYoungGen: 122078K->65935K(169984K)] 444990K->389030K(694272K), 0.0160126 secs] [Times: user=0.16 sys=0.00, real=0.02 secs] 
2016-09-13T17:49:20.671-0400: 209.228: [GC (Allocation Failure) [PSYoungGen: 155023K->49228K(175104K)] 478152K->377102K(699392K), 0.0237864 secs] [Times: user=0.27 sys=0.00, real=0.02 secs] 
2016-09-13T17:49:20.819-0400: 209.376: [GC (GCLocker Initiated GC) [PSYoungGen: 138316K->30940K(171008K)] 466195K->366647K(695296K), 0.0175231 secs] [Times: user=0.21 sys=0.00, real=0.02 secs] 
2016-09-13T17:49:20.970-0400: 209.527: [GC (GCLocker Initiated GC) [PSYoungGen: 123100K->46345K(174592K)] 460426K->383834K(698880K), 0.0093560 secs] [Times: user=0.10 sys=0.00, real=0.01 secs] 
2016-09-13T17:49:21.117-0400: 209.674: [GC (GCLocker Initiated GC) [PSYoungGen: 138505K->63056K(175616K)] 477618K->402373K(699904K), 0.0138254 secs] [Times: user=0.15 sys=0.00, real=0.01 secs] 
2016-09-13T17:49:21.279-0400: 209.836: [GC (GCLocker Initiated GC) [PSYoungGen: 159312K->47645K(179200K)] 498654K->387189K(703488K), 0.0091094 secs] [Times: user=0.07 sys=0.00, real=0.01 secs] 
2016-09-13T17:49:21.420-0400: 209.977: [GC (Allocation Failure) [PSYoungGen: 143901K->29538K(176128K)] 483683K->380203K(700416K), 0.0421580 secs] [Times: user=0.46 sys=0.00, real=0.04 secs] 
2016-09-13T17:49:21.602-0400: 210.158: [GC (GCLocker Initiated GC) [PSYoungGen: 125273K->26260K(178176K)] 482013K->383205K(702464K), 0.0115451 secs] [Times: user=0.11 sys=0.00, real=0.01 secs] 
2016-09-13T17:49:21.753-0400: 210.309: [GC (GCLocker Initiated GC) [PSYoungGen: 125076K->23499K(182272K)] 488103K->386735K(706560K), 0.0098059 secs] [Times: user=0.09 sys=0.00, real=0.01 secs] 
2016-09-13T17:49:21.915-0400: 210.472: [GC (GCLocker Initiated GC) [PSYoungGen: 127435K->44768K(148992K)] 490860K->408591K(673280K), 0.0228360 secs] [Times: user=0.24 sys=0.00, real=0.03 secs] 
2016-09-13T17:49:22.085-0400: 210.642: [GC (GCLocker Initiated GC) [PSYoungGen: 148704K->43088K(183808K)] 514068K->408710K(708096K), 0.0156390 secs] [Times: user=0.15 sys=0.02, real=0.02 secs] 
2016-09-13T17:49:22.280-0400: 210.836: [GC (GCLocker Initiated GC) [PSYoungGen: 150608K->47704K(181248K)] 516464K->413738K(705536K), 0.0072667 secs] [Times: user=0.06 sys=0.00, real=0.00 secs] 
2016-09-13T17:49:22.449-0400: 211.006: [GC (GCLocker Initiated GC) [PSYoungGen: 155224K->24833K(184832K)] 528877K->401630K(709120K), 0.0277006 secs] [Times: user=0.31 sys=0.00, real=0.03 secs] 
2016-09-13T17:49:22.651-0400: 211.208: [GC (GCLocker Initiated GC) [PSYoungGen: 136961K->8338K(184832K)] 526055K->405223K(709120K), 0.0301541 secs] [Times: user=0.30 sys=0.01, real=0.03 secs] 
2016-09-13T17:49:22.842-0400: 211.399: [GC (Allocation Failure) [PSYoungGen: 120466K->28024K(187392K)] 517377K->425266K(711680K), 0.0111025 secs] [Times: user=0.11 sys=0.00, real=0.01 secs] 
2016-09-13T17:49:23.016-0400: 211.573: [GC (GCLocker Initiated GC) [PSYoungGen: 142712K->37046K(152064K)] 539957K->436003K(676352K), 0.0251813 secs] [Times: user=0.28 sys=0.00, real=0.02 secs] 
2016-09-13T17:49:23.232-0400: 211.788: [GC (GCLocker Initiated GC) [PSYoungGen: 151734K->43152K(186368K)] 550872K->442491K(710656K), 0.0178727 secs] [Times: user=0.17 sys=0.00, real=0.02 secs] 
2016-09-13T17:49:23.408-0400: 211.965: [GC (Allocation Failure) [PSYoungGen: 160400K->43116K(185856K)] 559762K->442671K(710144K), 0.0097453 secs] [Times: user=0.06 sys=0.00, real=0.01 secs] 
2016-09-13T17:49:23.582-0400: 212.139: [GC (GCLocker Initiated GC) [PSYoungGen: 160364K->32618K(190976K)] 559977K->438540K(715264K), 0.0152309 secs] [Times: user=0.15 sys=0.00, real=0.02 secs] 
2016-09-13T17:49:23.784-0400: 212.341: [GC (GCLocker Initiated GC) [PSYoungGen: 158570K->29512K(191488K)] 566048K->437134K(715776K), 0.0060841 secs] [Times: user=0.05 sys=0.00, real=0.01 secs] 
2016-09-13T17:49:23.987-0400: 212.543: [GC (GCLocker Initiated GC) [PSYoungGen: 155464K->6543K(193024K)] 564629K->420411K(717312K), 0.0120415 secs] [Times: user=0.09 sys=0.00, real=0.02 secs] 
2016-09-13T17:49:24.208-0400: 212.765: [GC (GCLocker Initiated GC) [PSYoungGen: 135567K->26441K(195584K)] 557139K->457402K(719872K), 0.0094301 secs] [Times: user=0.07 sys=0.00, real=0.01 secs] 
2016-09-13T17:49:24.428-0400: 212.985: [GC (GCLocker Initiated GC) [PSYoungGen: 155465K->34254K(191488K)] 586625K->465639K(715776K), 0.0215437 secs] [Times: user=0.24 sys=0.00, real=0.02 secs] 
2016-09-13T17:49:24.643-0400: 213.200: [GC (GCLocker Initiated GC) [PSYoungGen: 165838K->6720K(193536K)] 603453K->450530K(717824K), 0.0199794 secs] [Times: user=0.20 sys=0.01, real=0.02 secs] 
2016-09-13T17:49:24.847-0400: 213.403: [GC (GCLocker Initiated GC) [PSYoungGen: 138304K->49291K(191488K)] 582133K->493243K(715776K), 0.0117649 secs] [Times: user=0.10 sys=0.00, real=0.02 secs] 
2016-09-13T17:49:25.057-0400: 213.614: [GC (GCLocker Initiated GC) [PSYoungGen: 177291K->24917K(195072K)] 627392K->479789K(719360K), 0.0283217 secs] [Times: user=0.25 sys=0.00, real=0.02 secs] 
2016-09-13T17:49:25.298-0400: 213.855: [GC (GCLocker Initiated GC) [PSYoungGen: 152917K->27928K(187392K)] 621810K->497018K(711680K), 0.0231955 secs] [Times: user=0.22 sys=0.00, real=0.02 secs] 
2016-09-13T17:49:25.498-0400: 214.055: [GC (GCLocker Initiated GC) [PSYoungGen: 157976K->47800K(192000K)] 633361K->523410K(716288K), 0.0149527 secs] [Times: user=0.14 sys=0.00, real=0.01 secs] 
2016-09-13T17:49:25.703-0400: 214.259: [GC (GCLocker Initiated GC) [PSYoungGen: 177848K->43317K(195072K)] 655136K->520823K(719360K), 0.0148418 secs] [Times: user=0.18 sys=0.00, real=0.02 secs] 
2016-09-13T17:49:25.927-0400: 214.484: [GC (GCLocker Initiated GC) [PSYoungGen: 173365K->41544K(196096K)] 651132K->519433K(720384K), 0.0152083 secs] [Times: user=0.13 sys=0.00, real=0.02 secs] 
2016-09-13T17:49:26.130-0400: 214.686: [GC (GCLocker Initiated GC) [PSYoungGen: 171592K->41688K(194560K)] 649510K->519765K(718848K), 0.0145805 secs] [Times: user=0.16 sys=0.00, real=0.01 secs] 
2016-09-13T17:49:26.355-0400: 214.912: [GC (GCLocker Initiated GC) [PSYoungGen: 172248K->14138K(195584K)] 650498K->492640K(719872K), 0.0460907 secs] [Times: user=0.44 sys=0.00, real=0.05 secs] 
2016-09-13T17:49:26.587-0400: 215.143: [GC (Allocation Failure) [PSYoungGen: 144698K->25012K(194560K)] 624970K->505399K(718848K), 0.0219077 secs] [Times: user=0.22 sys=0.00, real=0.03 secs] 
2016-09-13T17:49:26.802-0400: 215.358: [GC (GCLocker Initiated GC) [PSYoungGen: 153173K->28084K(195584K)] 639635K->514763K(719872K), 0.0065150 secs] [Times: user=0.07 sys=0.00, real=0.01 secs] 
2016-09-13T17:49:27.024-0400: 215.581: [GC (GCLocker Initiated GC) [PSYoungGen: 159668K->46404K(194048K)] 649617K->536492K(718336K), 0.0114479 secs] [Times: user=0.13 sys=0.01, real=0.02 secs] 
2016-09-13T17:49:27.249-0400: 215.806: [GC (GCLocker Initiated GC) [PSYoungGen: 179012K->28148K(196608K)] 681252K->530711K(720896K), 0.0241365 secs] [Times: user=0.31 sys=0.00, real=0.02 secs] 
2016-09-13T17:49:27.457-0400: 216.014: [GC (GCLocker Initiated GC) [PSYoungGen: 160756K->34346K(192512K)] 669420K->543081K(716800K), 0.0100594 secs] [Times: user=0.10 sys=0.01, real=0.00 secs] 
2016-09-13T17:49:27.685-0400: 216.242: [GC (GCLocker Initiated GC) [PSYoungGen: 170538K->23250K(195584K)] 685350K->542891K(719872K), 0.0100729 secs] [Times: user=0.10 sys=0.00, real=0.02 secs] 
2016-09-13T17:49:27.696-0400: 216.252: [Full GC (Ergonomics) [PSYoungGen: 23250K->0K(195584K)] [ParOldGen: 519640K->36607K(524288K)] 542891K->36607K(719872K), [Metaspace: 44678K->44678K(1087488K)], 0.0564887 secs] [Times: user=0.27 sys=0.02, real=0.05 secs] 
2016-09-13T17:49:27.925-0400: 216.482: [GC (GCLocker Initiated GC) [PSYoungGen: 136192K->55553K(191488K)] 172837K->110423K(715776K), 0.0085992 secs] [Times: user=0.07 sys=0.00, real=0.01 secs] 
2016-09-13T17:49:28.102-0400: 216.659: [GC (GCLocker Initiated GC) [PSYoungGen: 188673K->44954K(178176K)] 245118K->117038K(702464K), 0.0107842 secs] [Times: user=0.15 sys=0.00, real=0.01 secs] 
2016-09-13T17:49:28.315-0400: 216.872: [GC (GCLocker Initiated GC) [PSYoungGen: 178074K->46318K(194560K)] 250237K->120201K(718848K), 0.0119235 secs] [Times: user=0.15 sys=0.00, real=0.01 secs] 
2016-09-13T17:49:28.543-0400: 217.099: [GC (GCLocker Initiated GC) [PSYoungGen: 175342K->23468K(195584K)] 256883K->109818K(719872K), 0.0097213 secs] [Times: user=0.09 sys=0.00, real=0.01 secs] 
2016-09-13T17:49:28.788-0400: 217.344: [GC (GCLocker Initiated GC) [PSYoungGen: 152492K->19221K(194048K)] 244939K->111909K(718336K), 0.0103261 secs] [Times: user=0.13 sys=0.00, real=0.01 secs] 
2016-09-13T17:49:29.000-0400: 217.557: [GC (Allocation Failure) [PSYoungGen: 148757K->21954K(195072K)] 243173K->130214K(719360K), 0.0146961 secs] [Times: user=0.16 sys=0.00, real=0.01 secs] 
2016-09-13T17:49:29.214-0400: 217.771: [GC (GCLocker Initiated GC) [PSYoungGen: 151490K->46319K(194560K)] 259756K->154723K(718848K), 0.0059147 secs] [Times: user=0.07 sys=0.00, real=0.01 secs] 
2016-09-13T17:49:29.417-0400: 217.973: [GC (GCLocker Initiated GC) [PSYoungGen: 176367K->23463K(196096K)] 284952K->132154K(720384K), 0.0125857 secs] [Times: user=0.13 sys=0.00, real=0.01 secs] 
2016-09-13T17:49:29.644-0400: 218.201: [GC (GCLocker Initiated GC) [PSYoungGen: 153511K->24896K(191488K)] 268324K->139961K(715776K), 0.0330907 secs] [Times: user=0.26 sys=0.00, real=0.04 secs] 
2016-09-13T17:49:29.849-0400: 218.406: [GC (GCLocker Initiated GC) [PSYoungGen: 155968K->61346K(192512K)] 271260K->176831K(716800K), 0.0084443 secs] [Times: user=0.06 sys=0.00, real=0.01 secs] 
2016-09-13T17:49:30.055-0400: 218.611: [GC (GCLocker Initiated GC) [PSYoungGen: 192418K->29676K(194048K)] 315800K->153237K(718336K), 0.0095963 secs] [Times: user=0.11 sys=0.00, real=0.01 secs] 
2016-09-13T17:49:30.258-0400: 218.815: [GC (GCLocker Initiated GC) [PSYoungGen: 154092K->43057K(192512K)] 277991K->168676K(716800K), 0.0166578 secs] [Times: user=0.17 sys=0.01, real=0.01 secs] 
2016-09-13T17:49:30.455-0400: 219.011: [GC (GCLocker Initiated GC) [PSYoungGen: 167473K->44603K(192512K)] 293387K->170581K(716800K), 0.0181187 secs] [Times: user=0.17 sys=0.00, real=0.02 secs] 
2016-09-13T17:49:30.678-0400: 219.234: [GC (GCLocker Initiated GC) [PSYoungGen: 169019K->40211K(192512K)] 295229K->166559K(716800K), 0.0116238 secs] [Times: user=0.11 sys=0.00, real=0.01 secs] 
2016-09-13T17:49:30.873-0400: 219.429: [GC (GCLocker Initiated GC) [PSYoungGen: 164627K->49229K(190976K)] 291012K->175742K(715264K), 0.0104420 secs] [Times: user=0.09 sys=0.00, real=0.01 secs] 
2016-09-13T17:49:31.078-0400: 219.635: [GC (Allocation Failure) [PSYoungGen: 173645K->46186K(192512K)] 300188K->180478K(716800K), 0.0244092 secs] [Times: user=0.26 sys=0.00, real=0.02 secs] 
2016-09-13T17:49:31.268-0400: 219.825: [GC (GCLocker Initiated GC) [PSYoungGen: 170602K->38628K(188928K)] 304899K->174657K(713216K), 0.0245615 secs] [Times: user=0.23 sys=0.00, real=0.02 secs] 
2016-09-13T17:49:31.478-0400: 220.034: [GC (GCLocker Initiated GC) [PSYoungGen: 164580K->47769K(191488K)] 302184K->185516K(715776K), 0.0379817 secs] [Times: user=0.43 sys=0.00, real=0.04 secs] 
2016-09-13T17:49:31.702-0400: 220.259: [GC (GCLocker Initiated GC) [PSYoungGen: 173721K->46349K(196096K)] 313090K->192049K(720384K), 0.0152588 secs] [Times: user=0.14 sys=0.00, real=0.02 secs] 
2016-09-13T17:49:31.903-0400: 220.459: [GC (GCLocker Initiated GC) [PSYoungGen: 176397K->28148K(158208K)] 335943K->187924K(682496K), 0.0248922 secs] [Times: user=0.34 sys=0.00, real=0.02 secs] 
2016-09-13T17:49:32.120-0400: 220.677: [GC (GCLocker Initiated GC) [PSYoungGen: 158196K->60105K(186368K)] 319697K->221744K(710656K), 0.0074919 secs] [Times: user=0.05 sys=0.00, real=0.01 secs] 
2016-09-13T17:49:32.299-0400: 220.855: [GC (GCLocker Initiated GC) [PSYoungGen: 180937K->66094K(187392K)] 342599K->234074K(711680K), 0.0069803 secs] [Times: user=0.08 sys=0.00, real=0.00 secs] 
2016-09-13T17:49:32.499-0400: 221.056: [GC (GCLocker Initiated GC) [PSYoungGen: 186926K->44736K(187904K)] 361200K->223767K(712192K), 0.0073457 secs] [Times: user=0.04 sys=0.00, real=0.00 secs] 
2016-09-13T17:49:32.699-0400: 221.256: [GC (GCLocker Initiated GC) [PSYoungGen: 157888K->44830K(158208K)] 344644K->231701K(682496K), 0.0104745 secs] [Times: user=0.09 sys=0.00, real=0.01 secs] 
2016-09-13T17:49:32.926-0400: 221.483: [GC (GCLocker Initiated GC) [PSYoungGen: 157982K->49256K(184832K)] 345040K->236572K(709120K), 0.0094135 secs] [Times: user=0.10 sys=0.00, real=0.02 secs] 
2016-09-13T17:49:33.118-0400: 221.675: [GC (GCLocker Initiated GC) [PSYoungGen: 162920K->37359K(184320K)] 356410K->230996K(708608K), 0.0145931 secs] [Times: user=0.18 sys=0.00, real=0.01 secs] 
2016-09-13T17:49:33.302-0400: 221.858: [GC (GCLocker Initiated GC) [PSYoungGen: 151023K->30967K(189440K)] 358378K->238602K(713728K), 0.0191413 secs] [Times: user=0.16 sys=0.00, real=0.02 secs] 
2016-09-13T17:49:33.517-0400: 222.074: [GC (GCLocker Initiated GC) [PSYoungGen: 151287K->26383K(189440K)] 371134K->250917K(713728K), 0.0093926 secs] [Times: user=0.08 sys=0.00, real=0.00 secs] 
2016-09-13T17:49:33.709-0400: 222.266: [GC (GCLocker Initiated GC) [PSYoungGen: 146703K->29447K(190976K)] 377533K->260439K(715264K), 0.0119051 secs] [Times: user=0.09 sys=0.00, real=0.01 secs] 
2016-09-13T17:49:33.923-0400: 222.480: [GC (GCLocker Initiated GC) [PSYoungGen: 153351K->27939K(192000K)] 384416K->265296K(716288K), 0.0075108 secs] [Times: user=0.07 sys=0.00, real=0.01 secs] 
2016-09-13T17:49:34.105-0400: 222.662: [GC (GCLocker Initiated GC) [PSYoungGen: 151843K->46345K(193536K)] 390780K->288376K(717824K), 0.0166931 secs] [Times: user=0.16 sys=0.00, real=0.02 secs] 
2016-09-13T17:49:34.303-0400: 222.860: [GC (GCLocker Initiated GC) [PSYoungGen: 172809K->46319K(194048K)] 416541K->290284K(718336K), 0.0145341 secs] [Times: user=0.17 sys=0.00, real=0.02 secs] 
2016-09-13T17:49:34.508-0400: 223.064: [GC (GCLocker Initiated GC) [PSYoungGen: 172783K->47773K(194048K)] 416988K->292133K(718336K), 0.0139527 secs] [Times: user=0.15 sys=0.00, real=0.01 secs] 
2016-09-13T17:49:34.735-0400: 223.291: [GC (GCLocker Initiated GC) [PSYoungGen: 174749K->28243K(194560K)] 425436K->279049K(718848K), 0.0113664 secs] [Times: user=0.10 sys=0.01, real=0.01 secs] 
2016-09-13T17:49:34.946-0400: 223.502: [GC (GCLocker Initiated GC) [PSYoungGen: 155219K->5244K(188928K)] 415163K->265318K(713216K), 0.0149619 secs] [Times: user=0.16 sys=0.01, real=0.02 secs] 
2016-09-13T17:49:35.200-0400: 223.756: [GC (Allocation Failure) [PSYoungGen: 127098K->28065K(192000K)] 390383K->291637K(716288K), 0.0200610 secs] [Times: user=0.20 sys=0.01, real=0.02 secs] 
2016-09-13T17:49:35.399-0400: 223.956: [GC (GCLocker Initiated GC) [PSYoungGen: 149921K->28119K(186880K)] 413496K->291983K(711168K), 0.0218023 secs] [Times: user=0.22 sys=0.01, real=0.02 secs] 
2016-09-13T17:49:35.589-0400: 224.146: [GC (Allocation Failure) [PSYoungGen: 152023K->28024K(189952K)] 416242K->292460K(714240K), 0.0089696 secs] [Times: user=0.08 sys=0.00, real=0.01 secs] 
2016-09-13T17:49:35.786-0400: 224.343: [GC (GCLocker Initiated GC) [PSYoungGen: 151928K->14387K(196096K)] 416367K->279001K(720384K), 0.0273786 secs] [Times: user=0.34 sys=0.00, real=0.03 secs] 
2016-09-13T17:49:35.996-0400: 224.552: [GC (Allocation Failure) [PSYoungGen: 146483K->27896K(160256K)] 411250K->292939K(684544K), 0.0182488 secs] [Times: user=0.17 sys=0.01, real=0.01 secs] 
2016-09-13T17:49:36.213-0400: 224.770: [GC (GCLocker Initiated GC) [PSYoungGen: 156523K->56977K(187904K)] 427641K->328320K(712192K), 0.0148749 secs] [Times: user=0.15 sys=0.00, real=0.02 secs] 
2016-09-13T17:49:36.424-0400: 224.980: [GC (Allocation Failure) [PSYoungGen: 182929K->48013K(174080K)] 455975K->321210K(698368K), 0.0186879 secs] [Times: user=0.17 sys=0.00, real=0.02 secs] 
2016-09-13T17:49:36.637-0400: 225.194: [GC (GCLocker Initiated GC) [PSYoungGen: 173965K->47641K(189952K)] 447177K->327121K(714240K), 0.0177669 secs] [Times: user=0.16 sys=0.00, real=0.01 secs] 
2016-09-13T17:49:36.814-0400: 225.371: [GC (GCLocker Initiated GC) [PSYoungGen: 167449K->46287K(190976K)] 448481K->327489K(715264K), 0.0099806 secs] [Times: user=0.11 sys=0.00, real=0.01 secs] 
2016-09-13T17:49:37.009-0400: 225.566: [GC (GCLocker Initiated GC) [PSYoungGen: 166095K->28057K(187904K)] 447359K->321681K(712192K), 0.0197815 secs] [Times: user=0.24 sys=0.00, real=0.02 secs] 
2016-09-13T17:49:37.212-0400: 225.769: [GC (GCLocker Initiated GC) [PSYoungGen: 147865K->69063K(188928K)] 447807K->388930K(713216K), 0.0163202 secs] [Times: user=0.16 sys=0.01, real=0.02 secs] 
2016-09-13T17:49:37.412-0400: 225.968: [GC (GCLocker Initiated GC) [PSYoungGen: 188871K->12741K(177664K)] 515012K->383127K(701952K), 0.0357263 secs] [Times: user=0.37 sys=0.01, real=0.04 secs] 
2016-09-13T17:49:37.608-0400: 226.165: [GC (GCLocker Initiated GC) [PSYoungGen: 117189K->29357K(183296K)] 489221K->401599K(707584K), 0.0107428 secs] [Times: user=0.10 sys=0.00, real=0.01 secs] 
2016-09-13T17:49:37.752-0400: 226.309: [GC (GCLocker Initiated GC) [PSYoungGen: 133805K->27929K(175616K)] 513765K->412533K(699904K), 0.0057618 secs] [Times: user=0.05 sys=0.00, real=0.01 secs] 
2016-09-13T17:49:37.916-0400: 226.472: [GC (GCLocker Initiated GC) [PSYoungGen: 134937K->50870K(180736K)] 519708K->435798K(705024K), 0.0076662 secs] [Times: user=0.06 sys=0.00, real=0.00 secs] 
2016-09-13T17:49:38.088-0400: 226.645: [GC (GCLocker Initiated GC) [PSYoungGen: 157878K->62897K(175104K)] 542965K->452781K(699392K), 0.0240395 secs] [Times: user=0.24 sys=0.00, real=0.02 secs] 
2016-09-13T17:49:38.260-0400: 226.816: [GC (GCLocker Initiated GC) [PSYoungGen: 162225K->49250K(180736K)] 552132K->439304K(705024K), 0.0147823 secs] [Times: user=0.14 sys=0.00, real=0.01 secs] 
2016-09-13T17:49:38.422-0400: 226.979: [GC (GCLocker Initiated GC) [PSYoungGen: 148578K->27996K(176128K)] 538780K->425988K(700416K), 0.0146894 secs] [Times: user=0.13 sys=0.00, real=0.02 secs] 
2016-09-13T17:49:38.599-0400: 227.155: [GC (GCLocker Initiated GC) [PSYoungGen: 127836K->47613K(178688K)] 525971K->450659K(702976K), 0.0137936 secs] [Times: user=0.12 sys=0.00, real=0.01 secs] 
2016-09-13T17:49:38.753-0400: 227.309: [GC (GCLocker Initiated GC) [PSYoungGen: 147453K->23494K(181248K)] 558333K->434567K(705536K), 0.0175064 secs] [Times: user=0.14 sys=0.00, real=0.02 secs] 
2016-09-13T17:49:38.920-0400: 227.476: [GC (GCLocker Initiated GC) [PSYoungGen: 128966K->65998K(171520K)] 540056K->477341K(695808K), 0.0071918 secs] [Times: user=0.06 sys=0.00, real=0.00 secs] 
2016-09-13T17:49:39.086-0400: 227.643: [GC (GCLocker Initiated GC) [PSYoungGen: 171470K->28215K(180736K)] 590582K->453608K(705024K), 0.0106463 secs] [Times: user=0.11 sys=0.00, real=0.02 secs] 
2016-09-13T17:49:39.259-0400: 227.816: [GC (Allocation Failure) [PSYoungGen: 125495K->46245K(143872K)] 551089K->472178K(668160K), 0.0071083 secs] [Times: user=0.06 sys=0.00, real=0.00 secs] 
2016-09-13T17:49:39.267-0400: 227.823: [GC (GCLocker Initiated GC) [PSYoungGen: 46253K->32K(174592K)] 472187K->470462K(698880K), 0.0136976 secs] [Times: user=0.12 sys=0.01, real=0.02 secs] 
2016-09-13T17:49:39.421-0400: 227.978: [GC (GCLocker Initiated GC) [PSYoungGen: 94752K->64478K(159232K)] 565185K->534911K(683520K), 0.0270098 secs] [Times: user=0.29 sys=0.00, real=0.03 secs] 
2016-09-13T17:49:39.616-0400: 228.173: [GC (GCLocker Initiated GC) [PSYoungGen: 159198K->27902K(176640K)] 635734K->533689K(700928K), 0.0146865 secs] [Times: user=0.14 sys=0.01, real=0.01 secs] 
2016-09-13T17:49:39.631-0400: 228.188: [Full GC (Ergonomics) [PSYoungGen: 27902K->0K(176640K)] [ParOldGen: 505786K->39147K(524288K)] 533689K->39147K(700928K), [Metaspace: 44681K->44681K(1087488K)], 0.0517846 secs] [Times: user=0.26 sys=0.01, real=0.05 secs] 
2016-09-13T17:49:39.811-0400: 228.368: [GC (Allocation Failure) [PSYoungGen: 89600K->79949K(175104K)] 129032K->131532K(699392K), 0.0079902 secs] [Times: user=0.08 sys=0.00, real=0.01 secs] 
2016-09-13T17:49:39.910-0400: 228.467: [GC (GCLocker Initiated GC) [PSYoungGen: 164280K->46368K(175104K)] 221938K->139376K(699392K), 0.0115729 secs] [Times: user=0.10 sys=0.01, real=0.01 secs] 
2016-09-13T17:49:40.055-0400: 228.611: [GC (GCLocker Initiated GC) [PSYoungGen: 134432K->28119K(175104K)] 233775K->145951K(699392K), 0.0070624 secs] [Times: user=0.05 sys=0.00, real=0.01 secs] 
2016-09-13T17:49:40.165-0400: 228.722: [GC (GCLocker Initiated GC) [PSYoungGen: 116183K->37083K(173056K)] 235562K->156749K(697344K), 0.0053771 secs] [Times: user=0.05 sys=0.01, real=0.01 secs] 
2016-09-13T17:49:40.301-0400: 228.858: [GC (GCLocker Initiated GC) [PSYoungGen: 125147K->52546K(174080K)] 245008K->186343K(698368K), 0.0169357 secs] [Times: user=0.23 sys=0.00, real=0.02 secs] 
2016-09-13T17:49:40.457-0400: 229.014: [GC (GCLocker Initiated GC) [PSYoungGen: 140610K->59988K(173568K)] 274431K->194179K(697856K), 0.0096722 secs] [Times: user=0.13 sys=0.00, real=0.00 secs] 
2016-09-13T17:49:40.606-0400: 229.163: [GC (Allocation Failure) [PSYoungGen: 148052K->31159K(175104K)] 289918K->173128K(699392K), 0.0082989 secs] [Times: user=0.08 sys=0.00, real=0.01 secs] 
2016-09-13T17:49:40.733-0400: 229.289: [GC (GCLocker Initiated GC) [PSYoungGen: 119223K->41879K(166912K)] 261192K->194775K(691200K), 0.0083754 secs] [Times: user=0.10 sys=0.00, real=0.01 secs] 
2016-09-13T17:49:40.885-0400: 229.442: [GC (GCLocker Initiated GC) [PSYoungGen: 131479K->26352K(171008K)] 290671K->203967K(695296K), 0.0118239 secs] [Times: user=0.11 sys=0.00, real=0.02 secs] 
2016-09-13T17:49:41.057-0400: 229.614: [GC (GCLocker Initiated GC) [PSYoungGen: 115952K->49356K(177664K)] 299940K->233514K(701952K), 0.0059188 secs] [Times: user=0.06 sys=0.00, real=0.00 secs] 
2016-09-13T17:49:41.235-0400: 229.792: [GC (GCLocker Initiated GC) [PSYoungGen: 149708K->44640K(179712K)] 334048K->229189K(704000K), 0.0188202 secs] [Times: user=0.17 sys=0.00, real=0.02 secs] 
2016-09-13T17:49:41.415-0400: 229.971: [GC (GCLocker Initiated GC) [PSYoungGen: 144992K->44608K(178176K)] 329625K->229493K(702464K), 0.0128622 secs] [Times: user=0.11 sys=0.00, real=0.01 secs] 
2016-09-13T17:49:41.615-0400: 230.172: [GC (Allocation Failure) [PSYoungGen: 150592K->21730K(180224K)] 341806K->217628K(704512K), 0.0362592 secs] [Times: user=0.34 sys=0.00, real=0.04 secs] 
2016-09-13T17:49:41.788-0400: 230.344: [GC (GCLocker Initiated GC) [PSYoungGen: 125800K->29384K(185344K)] 327772K->231542K(709632K), 0.0175814 secs] [Times: user=0.20 sys=0.01, real=0.01 secs] 
2016-09-13T17:49:41.936-0400: 230.493: [GC (GCLocker Initiated GC) [PSYoungGen: 142536K->52393K(186368K)] 344931K->255025K(710656K), 0.0210684 secs] [Times: user=0.22 sys=0.00, real=0.02 secs] 
2016-09-13T17:49:42.101-0400: 230.657: [GC (GCLocker Initiated GC) [PSYoungGen: 165545K->43488K(185344K)] 374367K->258634K(709632K), 0.0060672 secs] [Times: user=0.05 sys=0.00, real=0.00 secs] 
2016-09-13T17:49:42.282-0400: 230.838: [GC (GCLocker Initiated GC) [PSYoungGen: 157664K->46255K(186368K)] 372836K->261770K(710656K), 0.0060599 secs] [Times: user=0.05 sys=0.00, real=0.01 secs] 
2016-09-13T17:49:42.472-0400: 231.029: [GC (GCLocker Initiated GC) [PSYoungGen: 160431K->41667K(184832K)] 377730K->266770K(709120K), 0.0219724 secs] [Times: user=0.26 sys=0.01, real=0.02 secs] 
2016-09-13T17:49:42.680-0400: 231.236: [GC (GCLocker Initiated GC) [PSYoungGen: 160451K->52298K(187392K)] 385582K->277641K(711680K), 0.0158098 secs] [Times: user=0.16 sys=0.00, real=0.01 secs] 
2016-09-13T17:49:42.889-0400: 231.445: [GC (GCLocker Initiated GC) [PSYoungGen: 171082K->61315K(183296K)] 398169K->296214K(707584K), 0.0072882 secs] [Times: user=0.06 sys=0.01, real=0.01 secs] 
2016-09-13T17:49:43.055-0400: 231.612: [GC (GCLocker Initiated GC) [PSYoungGen: 174979K->28216K(187904K)] 416184K->269600K(712192K), 0.0205508 secs] [Times: user=0.25 sys=0.00, real=0.03 secs] 
2016-09-13T17:49:43.253-0400: 231.809: [GC (GCLocker Initiated GC) [PSYoungGen: 141880K->14415K(184320K)] 395542K->268279K(708608K), 0.0037302 secs] [Times: user=0.02 sys=0.00, real=0.01 secs] 
2016-09-13T17:49:43.437-0400: 231.993: [GC (GCLocker Initiated GC) [PSYoungGen: 125007K->23405K(186368K)] 378936K->284976K(710656K), 0.0255666 secs] [Times: user=0.25 sys=0.00, real=0.02 secs] 
2016-09-13T17:49:43.628-0400: 232.184: [GC (GCLocker Initiated GC) [PSYoungGen: 133997K->29606K(181248K)] 397254K->293017K(705536K), 0.0175756 secs] [Times: user=0.17 sys=0.00, real=0.01 secs] 
2016-09-13T17:49:43.813-0400: 232.369: [GC (GCLocker Initiated GC) [PSYoungGen: 141222K->52479K(184320K)] 404684K->316249K(708608K), 0.0068343 secs] [Times: user=0.07 sys=0.01, real=0.01 secs] 
2016-09-13T17:49:43.996-0400: 232.553: [GC (GCLocker Initiated GC) [PSYoungGen: 164095K->25104K(188416K)] 427887K->293670K(712704K), 0.0323896 secs] [Times: user=0.38 sys=0.02, real=0.03 secs] 
2016-09-13T17:49:44.196-0400: 232.752: [GC (GCLocker Initiated GC) [PSYoungGen: 138768K->5425K(119296K)] 415069K->289562K(643584K), 0.0112399 secs] [Times: user=0.13 sys=0.00, real=0.00 secs] 
2016-09-13T17:49:44.387-0400: 232.944: [GC (GCLocker Initiated GC) [PSYoungGen: 119089K->5147K(184832K)] 410862K->297116K(709120K), 0.0044549 secs] [Times: user=0.04 sys=0.00, real=0.01 secs] 
2016-09-13T17:49:44.569-0400: 233.126: [GC (Allocation Failure) [PSYoungGen: 114715K->23282K(133120K)] 408460K->317287K(657408K), 0.0130408 secs] [Times: user=0.12 sys=0.00, real=0.01 secs] 
2016-09-13T17:49:44.724-0400: 233.281: [GC (Allocation Failure) [PSYoungGen: 131416K->41970K(183808K)] 425421K->336228K(708096K), 0.0062688 secs] [Times: user=0.08 sys=0.00, real=0.01 secs] 
2016-09-13T17:49:44.886-0400: 233.443: [GC (GCLocker Initiated GC) [PSYoungGen: 147847K->28094K(183808K)] 448180K->328628K(708096K), 0.0065014 secs] [Times: user=0.06 sys=0.00, real=0.01 secs] 
2016-09-13T17:49:45.080-0400: 233.636: [GC (GCLocker Initiated GC) [PSYoungGen: 138686K->46436K(183296K)] 440920K->348861K(707584K), 0.0074344 secs] [Times: user=0.07 sys=0.00, real=0.00 secs] 
2016-09-13T17:49:45.276-0400: 233.832: [GC (GCLocker Initiated GC) [PSYoungGen: 160100K->49265K(185344K)] 462750K->352061K(709632K), 0.0088151 secs] [Times: user=0.10 sys=0.00, real=0.00 secs] 
2016-09-13T17:49:45.454-0400: 234.011: [GC (Allocation Failure) [PSYoungGen: 162929K->25050K(187392K)] 471976K->338836K(711680K), 0.0078716 secs] [Times: user=0.07 sys=0.00, real=0.01 secs] 
2016-09-13T17:49:45.649-0400: 234.206: [GC (GCLocker Initiated GC) [PSYoungGen: 141786K->41597K(187904K)] 455573K->355758K(712192K), 0.0092739 secs] [Times: user=0.07 sys=0.00, real=0.01 secs] 
2016-09-13T17:49:45.855-0400: 234.412: [GC (Allocation Failure) [PSYoungGen: 158333K->5274K(188416K)] 487689K->334897K(712704K), 0.0035369 secs] [Times: user=0.02 sys=0.00, real=0.01 secs] 
2016-09-13T17:49:46.065-0400: 234.621: [GC (GCLocker Initiated GC) [PSYoungGen: 119784K->24860K(142848K)] 455482K->360736K(667136K), 0.0053284 secs] [Times: user=0.04 sys=0.00, real=0.01 secs] 
2016-09-13T17:49:46.270-0400: 234.826: [GC (Allocation Failure) [PSYoungGen: 142620K->27864K(192000K)] 484711K->370062K(716288K), 0.0105640 secs] [Times: user=0.08 sys=0.01, real=0.01 secs] 
2016-09-13T17:49:46.446-0400: 235.003: [GC (GCLocker Initiated GC) [PSYoungGen: 150744K->43373K(188416K)] 492948K->390382K(712704K), 0.0106117 secs] [Times: user=0.12 sys=0.00, real=0.02 secs] 
2016-09-13T17:49:46.650-0400: 235.207: [GC (GCLocker Initiated GC) [PSYoungGen: 166253K->28156K(192512K)] 521004K->383054K(716800K), 0.0157595 secs] [Times: user=0.19 sys=0.00, real=0.01 secs] 
2016-09-13T17:49:46.885-0400: 235.441: [GC (GCLocker Initiated GC) [PSYoungGen: 157692K->47550K(193536K)] 512609K->402661K(717824K), 0.0404517 secs] [Times: user=0.41 sys=0.00, real=0.04 secs] 
2016-09-13T17:49:47.099-0400: 235.656: [GC (GCLocker Initiated GC) [PSYoungGen: 177086K->44922K(193024K)] 539833K->423086K(717312K), 0.0067185 secs] [Times: user=0.06 sys=0.00, real=0.00 secs] 
2016-09-13T17:49:47.303-0400: 235.860: [GC (GCLocker Initiated GC) [PSYoungGen: 170874K->24868K(151040K)] 562760K->418548K(675328K), 0.0163243 secs] [Times: user=0.18 sys=0.00, real=0.02 secs] 
2016-09-13T17:49:47.530-0400: 236.086: [GC (GCLocker Initiated GC) [PSYoungGen: 150820K->5242K(191488K)] 550577K->405110K(715776K), 0.0250521 secs] [Times: user=0.26 sys=0.00, real=0.02 secs] 
2016-09-13T17:49:47.743-0400: 236.300: [GC (GCLocker Initiated GC) [PSYoungGen: 130682K->32549K(193024K)] 530585K->432662K(717312K), 0.0107413 secs] [Times: user=0.09 sys=0.01, real=0.01 secs] 
2016-09-13T17:49:47.929-0400: 236.486: [GC (GCLocker Initiated GC) [PSYoungGen: 157989K->62987K(180224K)] 558171K->463366K(704512K), 0.0173360 secs] [Times: user=0.20 sys=0.00, real=0.01 secs] 
2016-09-13T17:49:48.134-0400: 236.691: [GC (GCLocker Initiated GC) [PSYoungGen: 178699K->14132K(188928K)] 585458K->440958K(713216K), 0.0147162 secs] [Times: user=0.14 sys=0.00, real=0.02 secs] 
2016-09-13T17:49:48.322-0400: 236.879: [GC (GCLocker Initiated GC) [PSYoungGen: 129844K->23408K(183296K)] 564368K->458113K(707584K), 0.0199087 secs] [Times: user=0.21 sys=0.00, real=0.02 secs] 
2016-09-13T17:49:48.505-0400: 237.062: [GC (GCLocker Initiated GC) [PSYoungGen: 139632K->55585K(186368K)] 575879K->492073K(710656K), 0.0149624 secs] [Times: user=0.18 sys=0.00, real=0.02 secs] 
2016-09-13T17:49:48.700-0400: 237.256: [GC (GCLocker Initiated GC) [PSYoungGen: 171809K->50838K(181760K)] 614590K->501513K(706048K), 0.0096814 secs] [Times: user=0.09 sys=0.00, real=0.01 secs] 
2016-09-13T17:49:48.885-0400: 237.442: [GC (GCLocker Initiated GC) [PSYoungGen: 157334K->46223K(184320K)] 608315K->501972K(708608K), 0.0201337 secs] [Times: user=0.19 sys=0.00, real=0.02 secs] 
2016-09-13T17:49:49.069-0400: 237.626: [GC (Allocation Failure) [PSYoungGen: 152719K->44571K(181760K)] 608708K->500680K(706048K), 0.0254252 secs] [Times: user=0.24 sys=0.01, real=0.02 secs] 
2016-09-13T17:49:49.265-0400: 237.822: [GC (GCLocker Initiated GC) [PSYoungGen: 151579K->43089K(183296K)] 607691K->502443K(707584K), 0.0103315 secs] [Times: user=0.08 sys=0.00, real=0.01 secs] 
2016-09-13T17:49:49.432-0400: 237.989: [GC (GCLocker Initiated GC) [PSYoungGen: 150097K->31094K(180736K)] 609471K->490677K(705024K), 0.0059916 secs] [Times: user=0.05 sys=0.00, real=0.01 secs] 
2016-09-13T17:49:49.614-0400: 238.171: [GC (GCLocker Initiated GC) [PSYoungGen: 142198K->26441K(183296K)] 609458K->496933K(707584K), 0.0088895 secs] [Times: user=0.07 sys=0.00, real=0.01 secs] 
2016-09-13T17:49:49.776-0400: 238.333: [GC (GCLocker Initiated GC) [PSYoungGen: 137545K->29452K(183808K)] 608252K->504999K(708096K), 0.0190679 secs] [Times: user=0.18 sys=0.00, real=0.01 secs] 
2016-09-13T17:49:49.975-0400: 238.532: [GC (Allocation Failure) [PSYoungGen: 148748K->27897K(187392K)] 624451K->508300K(711680K), 0.0075440 secs] [Times: user=0.05 sys=0.00, real=0.01 secs] 
2016-09-13T17:49:50.164-0400: 238.720: [GC (GCLocker Initiated GC) [PSYoungGen: 146150K->8184K(193024K)] 632627K->494851K(717312K), 0.0264674 secs] [Times: user=0.24 sys=0.00, real=0.03 secs] 
2016-09-13T17:49:50.362-0400: 238.919: [GC (GCLocker Initiated GC) [PSYoungGen: 135160K->28088K(155136K)] 623552K->516705K(679424K), 0.0104976 secs] [Times: user=0.09 sys=0.00, real=0.01 secs] 
2016-09-13T17:49:50.591-0400: 239.148: [GC (GCLocker Initiated GC) [PSYoungGen: 155064K->26533K(195072K)] 645235K->516847K(719360K), 0.0131598 secs] [Times: user=0.11 sys=0.01, real=0.01 secs] 
2016-09-13T17:49:50.810-0400: 239.366: [GC (Allocation Failure) [PSYoungGen: 157093K->47736K(193024K)] 647521K->542934K(717312K), 0.0165778 secs] [Times: user=0.17 sys=0.00, real=0.01 secs] 
2016-09-13T17:49:51.020-0400: 239.577: [GC (GCLocker Initiated GC) [PSYoungGen: 178296K->31035K(196608K)] 673496K->534031K(720896K), 0.0172930 secs] [Times: user=0.15 sys=0.00, real=0.02 secs] 
2016-09-13T17:49:51.222-0400: 239.779: [GC (GCLocker Initiated GC) [PSYoungGen: 165179K->29415K(196608K)] 668278K->532731K(720896K), 0.0287311 secs] [Times: user=0.35 sys=0.00, real=0.03 secs] 
2016-09-13T17:49:51.457-0400: 240.014: [Full GC (Ergonomics) [PSYoungGen: 163559K->0K(196608K)] [ParOldGen: 515583K->38025K(524288K)] 679143K->38025K(720896K), [Metaspace: 44689K->44689K(1087488K)], 0.0533206 secs] [Times: user=0.35 sys=0.01, real=0.05 secs] 
2016-09-13T17:49:51.686-0400: 240.242: [GC (GCLocker Initiated GC) [PSYoungGen: 130709K->49413K(193536K)] 174809K->93513K(717824K), 0.0129493 secs] [Times: user=0.16 sys=0.00, real=0.02 secs] 
2016-09-13T17:49:51.911-0400: 240.467: [GC (GCLocker Initiated GC) [PSYoungGen: 183045K->34354K(197120K)] 227173K->107797K(721408K), 0.0123866 secs] [Times: user=0.15 sys=0.00, real=0.01 secs] 
2016-09-13T17:49:52.133-0400: 240.689: [GC (Allocation Failure) [PSYoungGen: 167986K->34106K(192512K)] 242968K->119984K(716800K), 0.0086167 secs] [Times: user=0.10 sys=0.00, real=0.01 secs] 
2016-09-13T17:49:52.350-0400: 240.906: [GC (GCLocker Initiated GC) [PSYoungGen: 167570K->24891K(196096K)] 259523K->126103K(720384K), 0.0209737 secs] [Times: user=0.16 sys=0.00, real=0.02 secs] 
2016-09-13T17:49:52.549-0400: 241.105: [GC (GCLocker Initiated GC) [PSYoungGen: 162619K->32741K(197632K)] 265394K->135643K(721920K), 0.0270340 secs] [Times: user=0.30 sys=0.00, real=0.03 secs] 
2016-09-13T17:49:52.807-0400: 241.363: [GC (GCLocker Initiated GC) [PSYoungGen: 179173K->46473K(201216K)] 283691K->151249K(725504K), 0.0184671 secs] [Times: user=0.20 sys=0.00, real=0.02 secs] 
2016-09-13T17:49:53.064-0400: 241.620: [GC (GCLocker Initiated GC) [PSYoungGen: 192905K->12895K(202240K)] 309853K->130077K(726528K), 0.0206134 secs] [Times: user=0.19 sys=0.00, real=0.02 secs] 
2016-09-13T17:49:53.305-0400: 241.862: [GC (Allocation Failure) [PSYoungGen: 157279K->41817K(186368K)] 276273K->170090K(710656K), 0.0103378 secs] [Times: user=0.12 sys=0.00, real=0.01 secs] 
2016-09-13T17:49:53.521-0400: 242.077: [GC (Allocation Failure) [PSYoungGen: 182005K->28248K(203776K)] 310278K->156660K(728064K), 0.0211663 secs] [Times: user=0.21 sys=0.00, real=0.02 secs] 
2016-09-13T17:49:53.747-0400: 242.303: [GC (GCLocker Initiated GC) [PSYoungGen: 170317K->24768K(168960K)] 304804K->159449K(693248K), 0.0209747 secs] [Times: user=0.20 sys=0.00, real=0.03 secs] 
2016-09-13T17:49:54.023-0400: 242.580: [GC (GCLocker Initiated GC) [PSYoungGen: 168640K->24980K(201728K)] 309434K->165822K(726016K), 0.0377223 secs] [Times: user=0.33 sys=0.01, real=0.04 secs] 
2016-09-13T17:49:54.260-0400: 242.817: [GC (GCLocker Initiated GC) [PSYoungGen: 169876K->32554K(200704K)] 310804K->173765K(724992K), 0.0103630 secs] [Times: user=0.09 sys=0.00, real=0.01 secs] 
2016-09-13T17:49:54.464-0400: 243.021: [GC (Allocation Failure) [PSYoungGen: 177450K->43181K(201216K)] 320370K->186224K(725504K), 0.0245434 secs] [Times: user=0.23 sys=0.00, real=0.03 secs] 
2016-09-13T17:49:54.706-0400: 243.263: [GC (GCLocker Initiated GC) [PSYoungGen: 190637K->44762K(203264K)] 333684K->192512K(727552K), 0.0265848 secs] [Times: user=0.27 sys=0.00, real=0.03 secs] 
2016-09-13T17:49:54.941-0400: 243.497: [GC (Allocation Failure) [PSYoungGen: 192218K->23505K(204800K)] 346152K->177648K(729088K), 0.0211359 secs] [Times: user=0.22 sys=0.01, real=0.02 secs] 
2016-09-13T17:49:55.185-0400: 243.742: [GC (GCLocker Initiated GC) [PSYoungGen: 169937K->15688K(203776K)] 324080K->170033K(728064K), 0.0281996 secs] [Times: user=0.28 sys=0.00, real=0.03 secs] 
2016-09-13T17:49:55.443-0400: 244.000: [GC (Allocation Failure) [PSYoungGen: 162120K->9672K(202240K)] 322612K->170235K(726528K), 0.0136256 secs] [Times: user=0.10 sys=0.00, real=0.02 secs] 
2016-09-13T17:49:55.670-0400: 244.227: [GC (GCLocker Initiated GC) [PSYoungGen: 154056K->41697K(186368K)] 314625K->202373K(710656K), 0.0095016 secs] [Times: user=0.10 sys=0.00, real=0.01 secs] 
2016-09-13T17:49:55.910-0400: 244.466: [GC (GCLocker Initiated GC) [PSYoungGen: 186081K->9932K(200704K)] 354526K->178610K(724992K), 0.0316486 secs] [Times: user=0.36 sys=0.00, real=0.03 secs] 
2016-09-13T17:49:56.140-0400: 244.697: [GC (Allocation Failure) [PSYoungGen: 150220K->31063K(171520K)] 320418K->201416K(695808K), 0.0260981 secs] [Times: user=0.30 sys=0.00, real=0.02 secs] 
2016-09-13T17:49:56.167-0400: 244.723: [GC (GCLocker Initiated GC) [PSYoungGen: 31926K->64K(197632K)] 202280K->202630K(721920K), 0.0050284 secs] [Times: user=0.04 sys=0.00, real=0.01 secs] 
2016-09-13T17:49:56.353-0400: 244.910: [GC (GCLocker Initiated GC) [PSYoungGen: 138816K->37513K(199680K)] 341388K->240085K(723968K), 0.0052781 secs] [Times: user=0.04 sys=0.00, real=0.01 secs] 
2016-09-13T17:49:56.613-0400: 245.170: [GC (GCLocker Initiated GC) [PSYoungGen: 176265K->23660K(196608K)] 388106K->245191K(720896K), 0.0117967 secs] [Times: user=0.12 sys=0.00, real=0.01 secs] 
2016-09-13T17:49:56.853-0400: 245.410: [GC (GCLocker Initiated GC) [PSYoungGen: 163436K->9863K(198656K)] 392736K->239361K(722944K), 0.0088657 secs] [Times: user=0.07 sys=0.00, real=0.01 secs] 
2016-09-13T17:49:57.062-0400: 245.619: [GC (Allocation Failure) [PSYoungGen: 149639K->52634K(189440K)] 379281K->282475K(713728K), 0.0076925 secs] [Times: user=0.07 sys=0.00, real=0.01 secs] 
2016-09-13T17:49:57.277-0400: 245.834: [GC (Allocation Failure) [PSYoungGen: 182518K->38693K(196608K)] 412359K->273366K(720896K), 0.0089536 secs] [Times: user=0.09 sys=0.00, real=0.00 secs] 
2016-09-13T17:49:57.478-0400: 246.035: [GC (GCLocker Initiated GC) [PSYoungGen: 169765K->44736K(191488K)] 404441K->279574K(715776K), 0.0088764 secs] [Times: user=0.11 sys=0.00, real=0.00 secs] 
2016-09-13T17:49:57.692-0400: 246.249: [GC (GCLocker Initiated GC) [PSYoungGen: 170688K->41880K(167936K)] 411726K->283085K(692224K), 0.0278443 secs] [Times: user=0.40 sys=0.00, real=0.03 secs] 
2016-09-13T17:49:57.907-0400: 246.463: [GC (GCLocker Initiated GC) [PSYoungGen: 167832K->55526K(183296K)] 409130K->297101K(707584K), 0.0074341 secs] [Times: user=0.11 sys=0.00, real=0.01 secs] 
2016-09-13T17:49:58.111-0400: 246.668: [GC (GCLocker Initiated GC) [PSYoungGen: 170214K->46472K(161280K)] 411964K->288397K(685568K), 0.0131917 secs] [Times: user=0.17 sys=0.00, real=0.01 secs] 
2016-09-13T17:49:58.299-0400: 246.856: [GC (GCLocker Initiated GC) [PSYoungGen: 161160K->27993K(190464K)] 416871K->283847K(714752K), 0.0064657 secs] [Times: user=0.06 sys=0.00, real=0.00 secs] 
2016-09-13T17:49:58.470-0400: 247.027: [GC (GCLocker Initiated GC) [PSYoungGen: 144217K->46345K(187904K)] 400196K->307011K(712192K), 0.0157363 secs] [Times: user=0.19 sys=0.00, real=0.01 secs] 
2016-09-13T17:49:58.671-0400: 247.227: [GC (GCLocker Initiated GC) [PSYoungGen: 162569K->54036K(182784K)] 423378K->315118K(707072K), 0.0071187 secs] [Times: user=0.07 sys=0.00, real=0.01 secs] 
2016-09-13T17:49:58.854-0400: 247.411: [GC (Allocation Failure) [PSYoungGen: 164628K->9709K(120320K)] 439605K->292359K(644608K), 0.0079505 secs] [Times: user=0.06 sys=0.00, real=0.01 secs] 
2016-09-13T17:49:59.046-0400: 247.602: [GC (GCLocker Initiated GC) [PSYoungGen: 114675K->28120K(188928K)] 403400K->316910K(713216K), 0.0069632 secs] [Times: user=0.09 sys=0.00, real=0.01 secs] 
2016-09-13T17:49:59.262-0400: 247.819: [GC (Allocation Failure) [PSYoungGen: 140760K->46345K(185856K)] 435814K->341617K(710144K), 0.0111929 secs] [Times: user=0.15 sys=0.00, real=0.01 secs] 
2016-09-13T17:49:59.456-0400: 248.013: [GC (GCLocker Initiated GC) [PSYoungGen: 154171K->41826K(187392K)] 455518K->343407K(711680K), 0.0096739 secs] [Times: user=0.11 sys=0.00, real=0.00 secs] 
2016-09-13T17:49:59.628-0400: 248.184: [GC (GCLocker Initiated GC) [PSYoungGen: 156002K->37355K(151552K)] 457647K->339147K(675840K), 0.0070782 secs] [Times: user=0.07 sys=0.00, real=0.01 secs] 
2016-09-13T17:49:59.799-0400: 248.356: [GC (GCLocker Initiated GC) [PSYoungGen: 151531K->9800K(184832K)] 455020K->313435K(709120K), 0.0043977 secs] [Times: user=0.03 sys=0.00, real=0.00 secs] 
2016-09-13T17:49:59.981-0400: 248.538: [GC (GCLocker Initiated GC) [PSYoungGen: 125000K->32645K(185856K)] 428878K->336733K(710144K), 0.0156683 secs] [Times: user=0.19 sys=0.00, real=0.02 secs] 
2016-09-13T17:50:00.181-0400: 248.738: [GC (GCLocker Initiated GC) [PSYoungGen: 147845K->23559K(189952K)] 451936K->327899K(714240K), 0.0152636 secs] [Times: user=0.18 sys=0.01, real=0.02 secs] 
2016-09-13T17:50:00.399-0400: 248.955: [GC (GCLocker Initiated GC) [PSYoungGen: 146951K->5329K(188928K)] 459060K->317691K(713216K), 0.0048094 secs] [Times: user=0.03 sys=0.00, real=0.00 secs] 
2016-09-13T17:50:00.592-0400: 249.149: [GC (Allocation Failure) [PSYoungGen: 128721K->27992K(191488K)] 441247K->340708K(715776K), 0.0092736 secs] [Times: user=0.10 sys=0.00, real=0.01 secs] 
2016-09-13T17:50:00.793-0400: 249.350: [GC (GCLocker Initiated GC) [PSYoungGen: 156780K->27929K(193536K)] 471015K->342381K(717824K), 0.0209790 secs] [Times: user=0.23 sys=0.01, real=0.02 secs] 
2016-09-13T17:50:01.019-0400: 249.576: [GC (Allocation Failure) [PSYoungGen: 157977K->5088K(196608K)] 481753K->328921K(720896K), 0.0109779 secs] [Times: user=0.11 sys=0.00, real=0.01 secs] 
2016-09-13T17:50:01.241-0400: 249.798: [GC (GCLocker Initiated GC) [PSYoungGen: 140257K->46159K(182784K)] 465609K->371640K(707072K), 0.0118256 secs] [Times: user=0.13 sys=0.01, real=0.01 secs] 
2016-09-13T17:50:01.454-0400: 250.010: [GC (GCLocker Initiated GC) [PSYoungGen: 182351K->27965K(200704K)] 514086K->359902K(724992K), 0.0425171 secs] [Times: user=0.49 sys=0.00, real=0.05 secs] 
2016-09-13T17:50:01.696-0400: 250.253: [GC (GCLocker Initiated GC) [PSYoungGen: 163645K->48023K(183808K)] 495668K->380279K(708096K), 0.0081788 secs] [Times: user=0.09 sys=0.00, real=0.00 secs] 
2016-09-13T17:50:01.907-0400: 250.464: [GC (GCLocker Initiated GC) [PSYoungGen: 183703K->46127K(192512K)] 516254K->379028K(716800K), 0.0075258 secs] [Times: user=0.07 sys=0.00, real=0.01 secs] 
2016-09-13T17:50:02.099-0400: 250.656: [GC (GCLocker Initiated GC) [PSYoungGen: 173103K->55553K(182784K)] 506131K->388898K(707072K), 0.0082939 secs] [Times: user=0.09 sys=0.01, real=0.01 secs] 
2016-09-13T17:50:02.308-0400: 250.865: [GC (GCLocker Initiated GC) [PSYoungGen: 182529K->46351K(188416K)] 515999K->384669K(712704K), 0.0074331 secs] [Times: user=0.10 sys=0.00, real=0.01 secs] 
2016-09-13T17:50:02.499-0400: 251.055: [GC (GCLocker Initiated GC) [PSYoungGen: 162063K->37228K(153088K)] 512589K->387946K(677376K), 0.0106873 secs] [Times: user=0.13 sys=0.00, real=0.01 secs] 
2016-09-13T17:50:02.700-0400: 251.257: [GC (GCLocker Initiated GC) [PSYoungGen: 152940K->41570K(187392K)] 509833K->404770K(711680K), 0.0113586 secs] [Times: user=0.11 sys=0.00, real=0.01 secs] 
2016-09-13T17:50:02.901-0400: 251.458: [GC (GCLocker Initiated GC) [PSYoungGen: 158818K->37174K(186368K)] 522130K->400743K(710656K), 0.0113846 secs] [Times: user=0.13 sys=0.00, real=0.01 secs] 
2016-09-13T17:50:03.101-0400: 251.658: [GC (GCLocker Initiated GC) [PSYoungGen: 154422K->32709K(190464K)] 519635K->399584K(714752K), 0.0115566 secs] [Times: user=0.14 sys=0.00, real=0.01 secs] 
2016-09-13T17:50:03.318-0400: 251.875: [GC (GCLocker Initiated GC) [PSYoungGen: 158149K->12869K(188928K)] 531263K->392359K(713216K), 0.0115315 secs] [Times: user=0.10 sys=0.00, real=0.01 secs] 
2016-09-13T17:50:03.509-0400: 252.065: [GC (GCLocker Initiated GC) [PSYoungGen: 138309K->52261K(189952K)] 517820K->431982K(714240K), 0.0166833 secs] [Times: user=0.21 sys=0.00, real=0.01 secs] 
2016-09-13T17:50:03.717-0400: 252.274: [GC (Allocation Failure) [PSYoungGen: 177189K->61629K(186880K)] 557137K->452469K(711168K), 0.0079729 secs] [Times: user=0.11 sys=0.00, real=0.00 secs] 
2016-09-13T17:50:03.916-0400: 252.473: [GC (GCLocker Initiated GC) [PSYoungGen: 186557K->32645K(189952K)] 577400K->423921K(714240K), 0.0125957 secs] [Times: user=0.15 sys=0.00, real=0.01 secs] 
2016-09-13T17:50:04.111-0400: 252.668: [GC (GCLocker Initiated GC) [PSYoungGen: 147845K->23404K(138752K)] 540665K->416304K(663040K), 0.0140145 secs] [Times: user=0.15 sys=0.00, real=0.01 secs] 
2016-09-13T17:50:04.300-0400: 252.857: [GC (GCLocker Initiated GC) [PSYoungGen: 138604K->69100K(173568K)] 540867K->471663K(697856K), 0.0098665 secs] [Times: user=0.11 sys=0.00, real=0.01 secs] 
2016-09-13T17:50:04.465-0400: 253.022: [GC (GCLocker Initiated GC) [PSYoungGen: 171500K->46154K(182272K)] 574198K->448974K(706560K), 0.0126024 secs] [Times: user=0.11 sys=0.00, real=0.02 secs] 
2016-09-13T17:50:04.631-0400: 253.188: [GC (GCLocker Initiated GC) [PSYoungGen: 148554K->28242K(177664K)] 551440K->443522K(701952K), 0.0117709 secs] [Times: user=0.14 sys=0.02, real=0.01 secs] 
2016-09-13T17:50:04.818-0400: 253.375: [GC (GCLocker Initiated GC) [PSYoungGen: 132178K->15944K(180736K)] 553747K->442374K(705024K), 0.0041520 secs] [Times: user=0.04 sys=0.00, real=0.00 secs] 
2016-09-13T17:50:04.998-0400: 253.555: [GC (Allocation Failure) [PSYoungGen: 119880K->14420K(185344K)] 552463K->456299K(709632K), 0.0264712 secs] [Times: user=0.34 sys=0.00, real=0.02 secs] 
2016-09-13T17:50:05.166-0400: 253.723: [GC (GCLocker Initiated GC) [PSYoungGen: 121802K->46446K(185344K)] 565200K->502254K(709632K), 0.0088404 secs] [Times: user=0.11 sys=0.01, real=0.01 secs] 
2016-09-13T17:50:05.331-0400: 253.888: [GC (GCLocker Initiated GC) [PSYoungGen: 154990K->53849K(180224K)] 610902K->509991K(704512K), 0.0094024 secs] [Times: user=0.13 sys=0.00, real=0.01 secs] 
2016-09-13T17:50:05.499-0400: 254.055: [GC (GCLocker Initiated GC) [PSYoungGen: 157273K->64543K(168448K)] 615350K->528873K(692736K), 0.0167632 secs] [Times: user=0.19 sys=0.02, real=0.01 secs] 
2016-09-13T17:50:05.681-0400: 254.237: [GC (Allocation Failure) [PSYoungGen: 167967K->41725K(180736K)] 632652K->506723K(705024K), 0.0067891 secs] [Times: user=0.08 sys=0.00, real=0.00 secs] 
2016-09-13T17:50:05.838-0400: 254.394: [GC (GCLocker Initiated GC) [PSYoungGen: 135456K->32650K(128000K)] 601973K->499435K(652288K), 0.0200200 secs] [Times: user=0.20 sys=0.01, real=0.02 secs] 
2016-09-13T17:50:05.995-0400: 254.551: [GC (GCLocker Initiated GC) [PSYoungGen: 127882K->50875K(174080K)] 594880K->518060K(698368K), 0.0082568 secs] [Times: user=0.09 sys=0.00, real=0.01 secs] 
2016-09-13T17:50:06.145-0400: 254.702: [GC (Allocation Failure) [PSYoungGen: 146107K->46286K(174080K)] 613498K->513863K(698368K), 0.0170907 secs] [Times: user=0.21 sys=0.00, real=0.02 secs] 
2016-09-13T17:50:06.299-0400: 254.856: [GC (GCLocker Initiated GC) [PSYoungGen: 141518K->50780K(181760K)] 609109K->518655K(706048K), 0.0063126 secs] [Times: user=0.08 sys=0.00, real=0.00 secs] 
2016-09-13T17:50:06.449-0400: 255.006: [GC (GCLocker Initiated GC) [PSYoungGen: 155228K->46377K(181760K)] 623158K->514403K(706048K), 0.0119438 secs] [Times: user=0.16 sys=0.00, real=0.01 secs] 
2016-09-13T17:50:06.647-0400: 255.204: [GC (GCLocker Initiated GC) [PSYoungGen: 150825K->31035K(183296K)] 618873K->499309K(707584K), 0.0099780 secs] [Times: user=0.13 sys=0.00, real=0.02 secs] 
2016-09-13T17:50:06.828-0400: 255.385: [GC (GCLocker Initiated GC) [PSYoungGen: 140091K->46437K(182784K)] 608420K->530270K(707072K), 0.0099928 secs] [Times: user=0.12 sys=0.00, real=0.01 secs] 
2016-09-13T17:50:06.992-0400: 255.548: [GC (GCLocker Initiated GC) [PSYoungGen: 155493K->32363K(186880K)] 639351K->518004K(711168K), 0.0359665 secs] [Times: user=0.36 sys=0.00, real=0.03 secs] 
2016-09-13T17:50:07.208-0400: 255.765: [GC (GCLocker Initiated GC) [PSYoungGen: 148075K->9613K(186880K)] 641449K->509208K(711168K), 0.0093438 secs] [Times: user=0.07 sys=0.00, real=0.01 secs] 
2016-09-13T17:50:07.403-0400: 255.960: [GC (GCLocker Initiated GC) [PSYoungGen: 125325K->34067K(187392K)] 631174K->540224K(711680K), 0.0058277 secs] [Times: user=0.04 sys=0.00, real=0.01 secs] 
2016-09-13T17:50:07.573-0400: 256.130: [GC (GCLocker Initiated GC) [PSYoungGen: 151315K->32523K(187904K)] 657507K->538876K(712192K), 0.0062144 secs] [Times: user=0.04 sys=0.01, real=0.01 secs] 
2016-09-13T17:50:07.761-0400: 256.318: [Full GC (Ergonomics) [PSYoungGen: 149771K->0K(187904K)] [ParOldGen: 512553K->37121K(524288K)] 662325K->37121K(712192K), [Metaspace: 44709K->44709K(1087488K)], 0.0584931 secs] [Times: user=0.26 sys=0.00, real=0.06 secs] 
2016-09-13T17:50:07.960-0400: 256.517: [GC (GCLocker Initiated GC) [PSYoungGen: 117248K->66211K(178688K)] 154374K->103338K(702976K), 0.0158480 secs] [Times: user=0.16 sys=0.00, real=0.02 secs] 
2016-09-13T17:50:08.117-0400: 256.673: [GC (GCLocker Initiated GC) [PSYoungGen: 176803K->52331K(163328K)] 214033K->102148K(687616K), 0.0228737 secs] [Times: user=0.28 sys=0.00, real=0.02 secs] 
2016-09-13T17:50:08.300-0400: 256.856: [GC (GCLocker Initiated GC) [PSYoungGen: 162923K->29639K(186880K)] 218844K->91747K(711168K), 0.0046657 secs] [Times: user=0.05 sys=0.00, real=0.00 secs] 
2016-09-13T17:50:08.480-0400: 257.037: [GC (GCLocker Initiated GC) [PSYoungGen: 139719K->47959K(158208K)] 202011K->115092K(682496K), 0.0213082 secs] [Times: user=0.22 sys=0.00, real=0.02 secs] 
2016-09-13T17:50:08.666-0400: 257.223: [GC (GCLocker Initiated GC) [PSYoungGen: 158039K->46314K(186368K)] 225337K->113837K(710656K), 0.0217693 secs] [Times: user=0.30 sys=0.00, real=0.03 secs] 
2016-09-13T17:50:08.854-0400: 257.411: [GC (GCLocker Initiated GC) [PSYoungGen: 157930K->14515K(184832K)] 237647K->98994K(709120K), 0.0427193 secs] [Times: user=0.51 sys=0.00, real=0.05 secs] 
2016-09-13T17:50:09.049-0400: 257.605: [GC (GCLocker Initiated GC) [PSYoungGen: 126131K->26383K(187392K)] 216895K->120435K(711680K), 0.0162168 secs] [Times: user=0.14 sys=0.00, real=0.01 secs] 
2016-09-13T17:50:09.260-0400: 257.817: [GC (GCLocker Initiated GC) [PSYoungGen: 140559K->31120K(145408K)] 234734K->125446K(669696K), 0.0073199 secs] [Times: user=0.07 sys=0.01, real=0.01 secs] 
2016-09-13T17:50:09.438-0400: 257.995: [GC (GCLocker Initiated GC) [PSYoungGen: 145296K->28125K(187904K)] 242832K->133538K(712192K), 0.0185353 secs] [Times: user=0.19 sys=0.00, real=0.02 secs] 
2016-09-13T17:50:09.640-0400: 258.196: [GC (GCLocker Initiated GC) [PSYoungGen: 145373K->47833K(186368K)] 250864K->153507K(710656K), 0.0059932 secs] [Times: user=0.05 sys=0.00, real=0.00 secs] 
2016-09-13T17:50:09.827-0400: 258.384: [GC (Allocation Failure) [PSYoungGen: 165081K->41761K(190976K)] 271099K->148009K(715264K), 0.0112554 secs] [Times: user=0.11 sys=0.00, real=0.02 secs] 
2016-09-13T17:50:10.004-0400: 258.560: [GC (GCLocker Initiated GC) [PSYoungGen: 164641K->29480K(191488K)] 270892K->135936K(715776K), 0.0219011 secs] [Times: user=0.20 sys=0.00, real=0.02 secs] 
2016-09-13T17:50:10.210-0400: 258.767: [GC (GCLocker Initiated GC) [PSYoungGen: 152360K->32650K(190976K)] 260360K->140887K(715264K), 0.0263221 secs] [Times: user=0.29 sys=0.00, real=0.03 secs] 
2016-09-13T17:50:10.420-0400: 258.976: [GC (GCLocker Initiated GC) [PSYoungGen: 159626K->31344K(191488K)] 269410K->152060K(715776K), 0.0171347 secs] [Times: user=0.16 sys=0.00, real=0.02 secs] 
2016-09-13T17:50:10.628-0400: 259.184: [GC (GCLocker Initiated GC) [PSYoungGen: 158320K->28056K(196608K)] 280575K->158138K(720896K), 0.0094227 secs] [Times: user=0.09 sys=0.01, real=0.02 secs] 
2016-09-13T17:50:10.859-0400: 259.416: [GC (GCLocker Initiated GC) [PSYoungGen: 162712K->44736K(196096K)] 300643K->190466K(720384K), 0.0114659 secs] [Times: user=0.13 sys=0.00, real=0.01 secs] 
2016-09-13T17:50:11.059-0400: 259.616: [GC (GCLocker Initiated GC) [PSYoungGen: 179392K->46346K(197632K)] 325264K->192378K(721920K), 0.0267726 secs] [Times: user=0.27 sys=0.01, real=0.02 secs] 
2016-09-13T17:50:11.299-0400: 259.855: [GC (GCLocker Initiated GC) [PSYoungGen: 181514K->37169K(172544K)] 333836K->191246K(696832K), 0.0140690 secs] [Times: user=0.14 sys=0.00, real=0.01 secs] 
2016-09-13T17:50:11.523-0400: 260.079: [GC (GCLocker Initiated GC) [PSYoungGen: 172337K->23541K(197120K)] 329627K->185663K(721408K), 0.0123409 secs] [Times: user=0.13 sys=0.00, real=0.01 secs] 
2016-09-13T17:50:11.736-0400: 260.293: [GC (Allocation Failure) [PSYoungGen: 159733K->41565K(197120K)] 322182K->204189K(721408K), 0.0306113 secs] [Times: user=0.29 sys=0.01, real=0.02 secs] 
2016-09-13T17:50:11.946-0400: 260.502: [GC (GCLocker Initiated GC) [PSYoungGen: 173544K->14542K(198656K)] 342242K->183395K(722944K), 0.0244882 secs] [Times: user=0.27 sys=0.01, real=0.03 secs] 
2016-09-13T17:50:12.216-0400: 260.773: [GC (GCLocker Initiated GC) [PSYoungGen: 152782K->23381K(200192K)] 329430K->200253K(724480K), 0.0123878 secs] [Times: user=0.10 sys=0.01, real=0.01 secs] 
2016-09-13T17:50:12.436-0400: 260.993: [GC (GCLocker Initiated GC) [PSYoungGen: 161621K->24923K(196608K)] 338668K->202191K(720896K), 0.0205596 secs] [Times: user=0.19 sys=0.00, real=0.02 secs] 
2016-09-13T17:50:12.664-0400: 261.221: [GC (GCLocker Initiated GC) [PSYoungGen: 164187K->26378K(198656K)] 347709K->209964K(722944K), 0.0213806 secs] [Times: user=0.20 sys=0.00, real=0.02 secs] 
2016-09-13T17:50:12.899-0400: 261.455: [GC (GCLocker Initiated GC) [PSYoungGen: 165642K->52139K(194048K)] 352299K->238851K(718336K), 0.0185922 secs] [Times: user=0.16 sys=0.01, real=0.02 secs] 
2016-09-13T17:50:13.135-0400: 261.691: [GC (Allocation Failure) [PSYoungGen: 188331K->28270K(199168K)] 381364K->222952K(723456K), 0.0260611 secs] [Times: user=0.26 sys=0.02, real=0.03 secs] 
2016-09-13T17:50:13.370-0400: 261.927: [GC (GCLocker Initiated GC) [PSYoungGen: 164462K->56791K(188928K)] 359161K->257842K(713216K), 0.0147733 secs] [Times: user=0.14 sys=0.00, real=0.01 secs] 
2016-09-13T17:50:13.533-0400: 262.090: [GC (Allocation Failure) [PSYoungGen: 184791K->26500K(195072K)] 391938K->233746K(719360K), 0.0222130 secs] [Times: user=0.23 sys=0.00, real=0.02 secs] 
2016-09-13T17:50:13.742-0400: 262.299: [GC (GCLocker Initiated GC) [PSYoungGen: 149078K->32827K(187904K)] 362399K->251020K(712192K), 0.0082068 secs] [Times: user=0.08 sys=0.00, real=0.01 secs] 
2016-09-13T17:50:13.954-0400: 262.511: [GC (GCLocker Initiated GC) [PSYoungGen: 162875K->46217K(192512K)] 381325K->264740K(716800K), 0.0163944 secs] [Times: user=0.15 sys=0.00, real=0.02 secs] 
2016-09-13T17:50:14.207-0400: 262.763: [GC (GCLocker Initiated GC) [PSYoungGen: 176265K->9900K(195072K)] 406982K->240900K(719360K), 0.0079136 secs] [Times: user=0.05 sys=0.00, real=0.01 secs] 
2016-09-13T17:50:14.421-0400: 262.977: [GC (Allocation Failure) [PSYoungGen: 140972K->5179K(136704K)] 378333K->242726K(660992K), 0.0084557 secs] [Times: user=0.08 sys=0.00, real=0.01 secs] 
2016-09-13T17:50:14.635-0400: 263.192: [GC (GCLocker Initiated GC) [PSYoungGen: 136251K->32650K(197632K)] 373862K->270486K(721920K), 0.0172954 secs] [Times: user=0.21 sys=0.00, real=0.02 secs] 
2016-09-13T17:50:14.856-0400: 263.413: [GC (GCLocker Initiated GC) [PSYoungGen: 163210K->9763K(195072K)] 413275K->260104K(719360K), 0.0129705 secs] [Times: user=0.15 sys=0.00, real=0.01 secs] 
2016-09-13T17:50:15.063-0400: 263.620: [GC (GCLocker Initiated GC) [PSYoungGen: 140323K->46318K(191488K)] 390798K->306044K(715776K), 0.0074149 secs] [Times: user=0.08 sys=0.00, real=0.01 secs] 
2016-09-13T17:50:15.280-0400: 263.836: [GC (GCLocker Initiated GC) [PSYoungGen: 173294K->40147K(194560K)] 434848K->301910K(718848K), 0.0188236 secs] [Times: user=0.14 sys=0.01, real=0.02 secs] 
2016-09-13T17:50:15.498-0400: 264.055: [GC (GCLocker Initiated GC) [PSYoungGen: 167123K->23499K(189440K)] 444237K->300873K(713728K), 0.0125256 secs] [Times: user=0.12 sys=0.00, real=0.01 secs] 
2016-09-13T17:50:15.709-0400: 264.266: [GC (GCLocker Initiated GC) [PSYoungGen: 150475K->62956K(189952K)] 429650K->342473K(714240K), 0.0153673 secs] [Times: user=0.16 sys=0.00, real=0.01 secs] 
2016-09-13T17:50:15.921-0400: 264.478: [GC (GCLocker Initiated GC) [PSYoungGen: 189932K->41666K(188928K)] 472581K->329156K(713216K), 0.0307006 secs] [Times: user=0.36 sys=0.00, real=0.03 secs] 
2016-09-13T17:50:16.110-0400: 264.667: [GC (GCLocker Initiated GC) [PSYoungGen: 158402K->64630K(181760K)] 446096K->352589K(706048K), 0.0105332 secs] [Times: user=0.13 sys=0.00, real=0.01 secs] 
2016-09-13T17:50:16.291-0400: 264.847: [GC (GCLocker Initiated GC) [PSYoungGen: 181366K->47959K(182272K)] 469481K->336311K(706560K), 0.0113974 secs] [Times: user=0.13 sys=0.00, real=0.01 secs] 
2016-09-13T17:50:16.480-0400: 265.036: [GC (Allocation Failure) [PSYoungGen: 149847K->41907K(143872K)] 440032K->332309K(668160K), 0.0097795 secs] [Times: user=0.12 sys=0.00, real=0.01 secs] 
2016-09-13T17:50:16.633-0400: 265.190: [GC (Allocation Failure) [PSYoungGen: 143795K->28152K(180736K)] 434197K->318725K(705024K), 0.0060672 secs] [Times: user=0.09 sys=0.00, real=0.01 secs] 
2016-09-13T17:50:16.815-0400: 265.372: [GC (GCLocker Initiated GC) [PSYoungGen: 132088K->50752K(178688K)] 422661K->341658K(702976K), 0.0138443 secs] [Times: user=0.17 sys=0.00, real=0.02 secs] 
2016-09-13T17:50:17.004-0400: 265.560: [GC (GCLocker Initiated GC) [PSYoungGen: 154688K->23776K(185856K)] 453402K->322724K(710144K), 0.0104014 secs] [Times: user=0.12 sys=0.00, real=0.01 secs] 
2016-09-13T17:50:17.153-0400: 265.709: [GC (GCLocker Initiated GC) [PSYoungGen: 134880K->46567K(185856K)] 433831K->345831K(710144K), 0.0102724 secs] [Times: user=0.14 sys=0.00, real=0.01 secs] 
2016-09-13T17:50:17.321-0400: 265.877: [GC (GCLocker Initiated GC) [PSYoungGen: 157671K->50843K(185344K)] 456957K->350413K(709632K), 0.0145108 secs] [Times: user=0.13 sys=0.00, real=0.01 secs] 
2016-09-13T17:50:17.509-0400: 266.066: [GC (GCLocker Initiated GC) [PSYoungGen: 161435K->29484K(140288K)] 467107K->342897K(664576K), 0.0101242 secs] [Times: user=0.08 sys=0.00, real=0.01 secs] 
2016-09-13T17:50:17.709-0400: 266.266: [GC (GCLocker Initiated GC) [PSYoungGen: 140076K->12910K(184320K)] 461102K->340200K(708608K), 0.0183738 secs] [Times: user=0.19 sys=0.00, real=0.01 secs] 
2016-09-13T17:50:17.897-0400: 266.454: [GC (GCLocker Initiated GC) [PSYoungGen: 123502K->49254K(185344K)] 450861K->379844K(709632K), 0.0251426 secs] [Times: user=0.21 sys=0.00, real=0.02 secs] 
2016-09-13T17:50:18.080-0400: 266.637: [GC (GCLocker Initiated GC) [PSYoungGen: 159846K->44666K(186368K)] 490458K->375626K(710656K), 0.0102343 secs] [Times: user=0.12 sys=0.00, real=0.01 secs] 
2016-09-13T17:50:18.247-0400: 266.804: [GC (GCLocker Initiated GC) [PSYoungGen: 156282K->32741K(144384K)] 493361K->371638K(668672K), 0.0075754 secs] [Times: user=0.07 sys=0.00, real=0.01 secs] 
2016-09-13T17:50:18.454-0400: 267.010: [GC (GCLocker Initiated GC) [PSYoungGen: 144357K->29511K(186368K)] 483425K->376383K(710656K), 0.0070388 secs] [Times: user=0.04 sys=0.01, real=0.01 secs] 
2016-09-13T17:50:18.659-0400: 267.216: [GC (GCLocker Initiated GC) [PSYoungGen: 144199K->5401K(184320K)] 504912K->366327K(708608K), 0.0094576 secs] [Times: user=0.09 sys=0.00, real=0.01 secs] 
2016-09-13T17:50:18.841-0400: 267.397: [GC (GCLocker Initiated GC) [PSYoungGen: 120089K->26537K(189440K)] 481040K->387634K(713728K), 0.0144275 secs] [Times: user=0.14 sys=0.00, real=0.01 secs] 
2016-09-13T17:50:19.044-0400: 267.601: [GC (GCLocker Initiated GC) [PSYoungGen: 147369K->46345K(189952K)] 508576K->418432K(714240K), 0.0127622 secs] [Times: user=0.09 sys=0.00, real=0.02 secs] 
2016-09-13T17:50:19.229-0400: 267.786: [GC (Allocation Failure) [PSYoungGen: 167177K->28152K(189440K)] 542471K->403762K(713728K), 0.0065418 secs] [Times: user=0.09 sys=0.00, real=0.01 secs] 
2016-09-13T17:50:19.442-0400: 267.999: [GC (GCLocker Initiated GC) [PSYoungGen: 149075K->46287K(190464K)] 526204K->428209K(714752K), 0.0143187 secs] [Times: user=0.18 sys=0.00, real=0.02 secs] 
2016-09-13T17:50:19.642-0400: 268.199: [GC (GCLocker Initiated GC) [PSYoungGen: 168655K->29635K(190976K)] 550742K->411889K(715264K), 0.0071032 secs] [Times: user=0.07 sys=0.00, real=0.01 secs] 
2016-09-13T17:50:19.831-0400: 268.388: [GC (GCLocker Initiated GC) [PSYoungGen: 154563K->50716K(192000K)] 537019K->438074K(716288K), 0.0161888 secs] [Times: user=0.17 sys=0.02, real=0.02 secs] 
2016-09-13T17:50:20.048-0400: 268.605: [GC (Allocation Failure) [PSYoungGen: 175644K->41539K(193536K)] 564786K->430754K(717824K), 0.0211992 secs] [Times: user=0.17 sys=0.01, real=0.02 secs] 
2016-09-13T17:50:20.246-0400: 268.802: [GC (GCLocker Initiated GC) [PSYoungGen: 164062K->52325K(176640K)] 560870K->449280K(700928K), 0.0133336 secs] [Times: user=0.13 sys=0.00, real=0.02 secs] 
2016-09-13T17:50:20.440-0400: 268.997: [GC (GCLocker Initiated GC) [PSYoungGen: 176229K->29570K(193024K)] 573206K->426669K(717312K), 0.0100344 secs] [Times: user=0.09 sys=0.01, real=0.01 secs] 
2016-09-13T17:50:20.650-0400: 269.207: [GC (GCLocker Initiated GC) [PSYoungGen: 151426K->6731K(190976K)] 562235K->431501K(715264K), 0.0061101 secs] [Times: user=0.06 sys=0.00, real=0.01 secs] 
2016-09-13T17:50:20.848-0400: 269.405: [GC (GCLocker Initiated GC) [PSYoungGen: 128587K->41661K(192000K)] 554984K->468205K(716288K), 0.0067203 secs] [Times: user=0.06 sys=0.00, real=0.00 secs] 
2016-09-13T17:50:21.044-0400: 269.601: [GC (Allocation Failure) [PSYoungGen: 162493K->32523K(153600K)] 589182K->459362K(677888K), 0.0129582 secs] [Times: user=0.10 sys=0.00, real=0.02 secs] 
2016-09-13T17:50:21.252-0400: 269.809: [GC (GCLocker Initiated GC) [PSYoungGen: 153079K->14484K(187392K)] 585993K->461172K(711680K), 0.0048674 secs] [Times: user=0.04 sys=0.00, real=0.01 secs] 
2016-09-13T17:50:21.467-0400: 270.023: [GC (GCLocker Initiated GC) [PSYoungGen: 134804K->32458K(187904K)] 581517K->479301K(712192K), 0.0274389 secs] [Times: user=0.22 sys=0.00, real=0.03 secs] 
2016-09-13T17:50:21.703-0400: 270.260: [GC (GCLocker Initiated GC) [PSYoungGen: 152778K->29420K(192000K)] 611837K->500788K(716288K), 0.0123523 secs] [Times: user=0.08 sys=0.00, real=0.02 secs] 
2016-09-13T17:50:21.880-0400: 270.437: [GC (GCLocker Initiated GC) [PSYoungGen: 159468K->52383K(191488K)] 630869K->523915K(715776K), 0.0082379 secs] [Times: user=0.06 sys=0.00, real=0.01 secs] 
2016-09-13T17:50:22.083-0400: 270.639: [GC (GCLocker Initiated GC) [PSYoungGen: 182431K->46320K(194048K)] 654152K->530401K(718336K), 0.0081357 secs] [Times: user=0.10 sys=0.00, real=0.01 secs] 
2016-09-13T17:50:22.280-0400: 270.836: [GC (GCLocker Initiated GC) [PSYoungGen: 174320K->46436K(174592K)] 660166K->537033K(698880K), 0.0095536 secs] [Times: user=0.10 sys=0.00, real=0.01 secs] 
2016-09-13T17:50:22.480-0400: 271.037: [GC (Allocation Failure) [PSYoungGen: 174436K->44640K(194048K)] 665167K->535560K(718336K), 0.0247974 secs] [Times: user=0.25 sys=0.00, real=0.02 secs] 
2016-09-13T17:50:22.685-0400: 271.242: [GC (GCLocker Initiated GC) [PSYoungGen: 166651K->27961K(154112K)] 663646K->532717K(678400K), 0.0121628 secs] [Times: user=0.13 sys=0.00, real=0.02 secs] 
2016-09-13T17:50:22.899-0400: 271.455: [Full GC (Ergonomics) [PSYoungGen: 153913K->0K(154112K)] [ParOldGen: 518683K->45870K(524288K)] 672597K->45870K(678400K), [Metaspace: 44748K->44748K(1087488K)], 0.0603181 secs] [Times: user=0.30 sys=0.01, real=0.06 secs] 
2016-09-13T17:50:23.158-0400: 271.715: [GC (Allocation Failure) [PSYoungGen: 125952K->57136K(186368K)] 172135K->103319K(710656K), 0.0135887 secs] [Times: user=0.14 sys=0.00, real=0.01 secs] 
2016-09-13T17:50:23.340-0400: 271.897: [GC (GCLocker Initiated GC) [PSYoungGen: 176944K->40148K(190976K)] 223133K->94336K(715264K), 0.0268264 secs] [Times: user=0.32 sys=0.00, real=0.02 secs] 
2016-09-13T17:50:23.513-0400: 272.069: [GC (GCLocker Initiated GC) [PSYoungGen: 159956K->49224K(190976K)] 215730K->105133K(715264K), 0.0095805 secs] [Times: user=0.09 sys=0.00, real=0.01 secs] 
2016-09-13T17:50:23.720-0400: 272.276: [GC (GCLocker Initiated GC) [PSYoungGen: 171592K->43253K(192000K)] 235111K->108437K(716288K), 0.0097035 secs] [Times: user=0.08 sys=0.00, real=0.01 secs] 
2016-09-13T17:50:23.919-0400: 272.476: [GC (GCLocker Initiated GC) [PSYoungGen: 165621K->30912K(189952K)] 231018K->96574K(714240K), 0.0165076 secs] [Times: user=0.18 sys=0.00, real=0.01 secs] 
2016-09-13T17:50:24.106-0400: 272.662: [GC (GCLocker Initiated GC) [PSYoungGen: 155328K->52267K(190976K)] 221092K->118102K(715264K), 0.0154584 secs] [Times: user=0.18 sys=0.00, real=0.02 secs] 
2016-09-13T17:50:24.326-0400: 272.883: [GC (GCLocker Initiated GC) [PSYoungGen: 176683K->23600K(193536K)] 250287K->106488K(717824K), 0.0118354 secs] [Times: user=0.14 sys=0.00, real=0.02 secs] 
2016-09-13T17:50:24.541-0400: 273.097: [GC (GCLocker Initiated GC) [PSYoungGen: 148528K->37111K(162304K)] 232960K->121753K(686592K), 0.0095311 secs] [Times: user=0.10 sys=0.00, real=0.01 secs] 
2016-09-13T17:50:24.721-0400: 273.278: [GC (GCLocker Initiated GC) [PSYoungGen: 162039K->41729K(192512K)] 248286K->132628K(716800K), 0.0104386 secs] [Times: user=0.08 sys=0.00, real=0.01 secs] 
2016-09-13T17:50:24.925-0400: 273.482: [GC (Allocation Failure) [PSYoungGen: 168193K->41912K(190976K)] 259409K->133403K(715264K), 0.0128523 secs] [Times: user=0.15 sys=0.01, real=0.02 secs] 
2016-09-13T17:50:25.143-0400: 273.700: [GC (GCLocker Initiated GC) [PSYoungGen: 168376K->32772K(195584K)] 259907K->124561K(719872K), 0.0086841 secs] [Times: user=0.10 sys=0.01, real=0.01 secs] 
2016-09-13T17:50:25.360-0400: 273.916: [GC (GCLocker Initiated GC) [PSYoungGen: 165380K->30811K(194560K)] 258835K->124373K(718848K), 0.0372807 secs] [Times: user=0.28 sys=0.02, real=0.04 secs] 
2016-09-13T17:50:25.608-0400: 274.164: [GC (Allocation Failure) [PSYoungGen: 163419K->27902K(198656K)] 263296K->149257K(722944K), 0.0238736 secs] [Times: user=0.23 sys=0.00, real=0.02 secs] 
2016-09-13T17:50:25.835-0400: 274.392: [GC (GCLocker Initiated GC) [PSYoungGen: 165630K->37138K(198144K)] 286991K->158653K(722432K), 0.0255238 secs] [Times: user=0.26 sys=0.01, real=0.03 secs] 
2016-09-13T17:50:26.062-0400: 274.619: [GC (GCLocker Initiated GC) [PSYoungGen: 174866K->40206K(199168K)] 305799K->171326K(723456K), 0.0098115 secs] [Times: user=0.09 sys=0.00, real=0.01 secs] 
2016-09-13T17:50:26.272-0400: 274.829: [GC (GCLocker Initiated GC) [PSYoungGen: 181518K->43057K(198656K)] 312805K->174521K(722944K), 0.0251339 secs] [Times: user=0.24 sys=0.01, real=0.03 secs] 
2016-09-13T17:50:26.497-0400: 275.054: [GC (GCLocker Initiated GC) [PSYoungGen: 184369K->53907K(196608K)] 315865K->185542K(720896K), 0.0101586 secs] [Times: user=0.07 sys=0.01, real=0.01 secs] 
2016-09-13T17:50:26.739-0400: 275.296: [GC (GCLocker Initiated GC) [PSYoungGen: 193171K->35656K(200704K)] 324831K->176686K(724992K), 0.0295612 secs] [Times: user=0.40 sys=0.01, real=0.03 secs] 
2016-09-13T17:50:26.950-0400: 275.506: [GC (GCLocker Initiated GC) [PSYoungGen: 174920K->47859K(200192K)] 316088K->198302K(724480K), 0.0102683 secs] [Times: user=0.08 sys=0.00, real=0.01 secs] 
2016-09-13T17:50:27.212-0400: 275.769: [GC (GCLocker Initiated GC) [PSYoungGen: 188147K->27928K(201216K)] 344713K->186206K(725504K), 0.0423398 secs] [Times: user=0.43 sys=0.01, real=0.04 secs] 
2016-09-13T17:50:27.439-0400: 275.996: [GC (GCLocker Initiated GC) [PSYoungGen: 168216K->46127K(200192K)] 326668K->207884K(724480K), 0.0303244 secs] [Times: user=0.37 sys=0.00, real=0.03 secs] 
2016-09-13T17:50:27.655-0400: 276.212: [GC (Allocation Failure) [PSYoungGen: 185391K->23624K(163328K)] 354971K->193299K(687616K), 0.0082722 secs] [Times: user=0.08 sys=0.00, real=0.01 secs] 
2016-09-13T17:50:27.885-0400: 276.442: [GC (GCLocker Initiated GC) [PSYoungGen: 162462K->32581K(201728K)] 338213K->208495K(726016K), 0.0231419 secs] [Times: user=0.27 sys=0.01, real=0.03 secs] 
2016-09-13T17:50:28.089-0400: 276.645: [GC (GCLocker Initiated GC) [PSYoungGen: 172357K->58527K(198656K)] 348288K->246688K(722944K), 0.0128583 secs] [Times: user=0.12 sys=0.01, real=0.01 secs] 
2016-09-13T17:50:28.325-0400: 276.882: [GC (Allocation Failure) [PSYoungGen: 198303K->41661K(196608K)] 386602K->240875K(720896K), 0.0198007 secs] [Times: user=0.21 sys=0.00, real=0.02 secs] 
2016-09-13T17:50:28.537-0400: 277.094: [GC (GCLocker Initiated GC) [PSYoungGen: 173703K->44790K(197632K)] 374436K->245740K(721920K), 0.0214797 secs] [Times: user=0.24 sys=0.00, real=0.02 secs] 
2016-09-13T17:50:28.755-0400: 277.311: [GC (Allocation Failure) [PSYoungGen: 177910K->46409K(196096K)] 378977K->247647K(720384K), 0.0104832 secs] [Times: user=0.12 sys=0.00, real=0.01 secs] 
2016-09-13T17:50:28.962-0400: 277.519: [GC (GCLocker Initiated GC) [PSYoungGen: 180041K->29517K(197120K)] 381284K->230978K(721408K), 0.0055457 secs] [Times: user=0.05 sys=0.00, real=0.00 secs] 
2016-09-13T17:50:29.208-0400: 277.764: [GC (GCLocker Initiated GC) [PSYoungGen: 163149K->14578K(194560K)] 372329K->223904K(718848K), 0.0158714 secs] [Times: user=0.17 sys=0.00, real=0.01 secs] 
2016-09-13T17:50:29.426-0400: 277.983: [GC (GCLocker Initiated GC) [PSYoungGen: 145650K->31094K(196608K)] 355149K->245504K(720896K), 0.0243261 secs] [Times: user=0.24 sys=0.00, real=0.03 secs] 
2016-09-13T17:50:29.651-0400: 278.208: [GC (GCLocker Initiated GC) [PSYoungGen: 162166K->27870K(194560K)] 382723K->248558K(718848K), 0.0300354 secs] [Times: user=0.27 sys=0.01, real=0.03 secs] 
2016-09-13T17:50:29.854-0400: 278.411: [GC (GCLocker Initiated GC) [PSYoungGen: 160990K->47827K(195584K)] 381700K->268634K(719872K), 0.0226299 secs] [Times: user=0.23 sys=0.01, real=0.03 secs] 
2016-09-13T17:50:30.087-0400: 278.643: [GC (GCLocker Initiated GC) [PSYoungGen: 180947K->25045K(198656K)] 408149K->260185K(722944K), 0.0195138 secs] [Times: user=0.20 sys=0.01, real=0.02 secs] 
2016-09-13T17:50:30.298-0400: 278.855: [GC (GCLocker Initiated GC) [PSYoungGen: 159701K->63180K(198144K)] 396387K->300141K(722432K), 0.0280468 secs] [Times: user=0.32 sys=0.00, real=0.02 secs] 
2016-09-13T17:50:30.516-0400: 279.073: [GC (GCLocker Initiated GC) [PSYoungGen: 197836K->32618K(188928K)] 434816K->269832K(713216K), 0.0053425 secs] [Times: user=0.04 sys=0.00, real=0.00 secs] 
2016-09-13T17:50:30.714-0400: 279.270: [GC (GCLocker Initiated GC) [PSYoungGen: 157546K->63083K(188416K)] 394785K->306606K(712704K), 0.0431341 secs] [Times: user=0.50 sys=0.00, real=0.05 secs] 
2016-09-13T17:50:30.950-0400: 279.507: [GC (GCLocker Initiated GC) [PSYoungGen: 188011K->46313K(188416K)] 437826K->302509K(712704K), 0.0145671 secs] [Times: user=0.15 sys=0.00, real=0.01 secs] 
2016-09-13T17:50:31.112-0400: 279.668: [GC (GCLocker Initiated GC) [PSYoungGen: 161001K->32581K(147456K)] 417224K->288998K(671744K), 0.0096550 secs] [Times: user=0.09 sys=0.00, real=0.01 secs] 
2016-09-13T17:50:31.298-0400: 279.854: [GC (GCLocker Initiated GC) [PSYoungGen: 147269K->49420K(185856K)] 405450K->321514K(710144K), 0.0155958 secs] [Times: user=0.20 sys=0.01, real=0.01 secs] 
2016-09-13T17:50:31.503-0400: 280.059: [GC (Allocation Failure) [PSYoungGen: 163596K->41539K(186368K)] 435995K->314002K(710656K), 0.0110885 secs] [Times: user=0.11 sys=0.00, real=0.01 secs] 
2016-09-13T17:50:31.704-0400: 280.260: [GC (GCLocker Initiated GC) [PSYoungGen: 155715K->64544K(180736K)] 428186K->337195K(705024K), 0.0125853 secs] [Times: user=0.12 sys=0.00, real=0.02 secs] 
2016-09-13T17:50:31.892-0400: 280.448: [GC (GCLocker Initiated GC) [PSYoungGen: 176160K->13022K(124928K)] 467073K->304110K(649216K), 0.0089089 secs] [Times: user=0.09 sys=0.00, real=0.01 secs] 
2016-09-13T17:50:32.073-0400: 280.630: [GC (GCLocker Initiated GC) [PSYoungGen: 124638K->46280K(186368K)] 415980K->339326K(710656K), 0.0286647 secs] [Times: user=0.25 sys=0.00, real=0.03 secs] 
2016-09-13T17:50:32.251-0400: 280.808: [GC (GCLocker Initiated GC) [PSYoungGen: 155336K->14260K(184832K)] 460558K->319683K(709120K), 0.0093332 secs] [Times: user=0.08 sys=0.00, real=0.01 secs] 
2016-09-13T17:50:32.460-0400: 281.017: [GC (GCLocker Initiated GC) [PSYoungGen: 123316K->41538K(182272K)] 438056K->359462K(706560K), 0.0306455 secs] [Times: user=0.31 sys=0.00, real=0.03 secs] 
2016-09-13T17:50:32.651-0400: 281.208: [GC (GCLocker Initiated GC) [PSYoungGen: 151106K->9740K(183808K)] 481506K->340317K(708096K), 0.0037656 secs] [Times: user=0.02 sys=0.00, real=0.00 secs] 
2016-09-13T17:50:32.830-0400: 281.387: [GC (GCLocker Initiated GC) [PSYoungGen: 119308K->26378K(184320K)] 449898K->361872K(708608K), 0.0264858 secs] [Times: user=0.29 sys=0.00, real=0.03 secs] 
2016-09-13T17:50:33.019-0400: 281.576: [GC (GCLocker Initiated GC) [PSYoungGen: 138506K->44671K(185344K)] 474006K->380324K(709632K), 0.0141293 secs] [Times: user=0.13 sys=0.00, real=0.01 secs] 
2016-09-13T17:50:33.211-0400: 281.767: [GC (GCLocker Initiated GC) [PSYoungGen: 156799K->32676K(181760K)] 500281K->376399K(706048K), 0.0151890 secs] [Times: user=0.14 sys=0.00, real=0.01 secs] 
2016-09-13T17:50:33.410-0400: 281.967: [GC (GCLocker Initiated GC) [PSYoungGen: 148388K->27992K(185344K)] 498519K->378372K(709632K), 0.0130332 secs] [Times: user=0.14 sys=0.00, real=0.01 secs] 
2016-09-13T17:50:33.604-0400: 282.161: [GC (GCLocker Initiated GC) [PSYoungGen: 143704K->32618K(185856K)] 497185K->386415K(710144K), 0.0248337 secs] [Times: user=0.27 sys=0.01, real=0.03 secs] 
2016-09-13T17:50:33.812-0400: 282.368: [GC (GCLocker Initiated GC) [PSYoungGen: 157546K->59855K(189952K)] 518959K->448749K(714240K), 0.0180031 secs] [Times: user=0.17 sys=0.00, real=0.02 secs] 
2016-09-13T17:50:34.014-0400: 282.571: [GC (GCLocker Initiated GC) [PSYoungGen: 184783K->52325K(186880K)] 575218K->500726K(711168K), 0.0104563 secs] [Times: user=0.12 sys=0.00, real=0.01 secs] 
2016-09-13T17:50:34.221-0400: 282.777: [GC (GCLocker Initiated GC) [PSYoungGen: 168037K->28061K(188928K)] 622632K->485856K(713216K), 0.0100531 secs] [Times: user=0.12 sys=0.00, real=0.01 secs] 
2016-09-13T17:50:34.406-0400: 282.963: [GC (GCLocker Initiated GC) [PSYoungGen: 143773K->44794K(187392K)] 601825K->503072K(711680K), 0.0112741 secs] [Times: user=0.10 sys=0.01, real=0.02 secs] 
2016-09-13T17:50:34.599-0400: 283.155: [GC (Allocation Failure) [PSYoungGen: 162042K->26377K(188416K)] 620512K->485107K(712704K), 0.0091794 secs] [Times: user=0.08 sys=0.00, real=0.01 secs] 
2016-09-13T17:50:34.807-0400: 283.364: [GC (GCLocker Initiated GC) [PSYoungGen: 140522K->32427K(187392K)] 605327K->497382K(711680K), 0.0150113 secs] [Times: user=0.14 sys=0.00, real=0.02 secs] 
2016-09-13T17:50:34.991-0400: 283.547: [GC (Allocation Failure) [PSYoungGen: 153771K->32709K(188928K)] 620491K->499510K(713216K), 0.0145180 secs] [Times: user=0.13 sys=0.00, real=0.01 secs] 
2016-09-13T17:50:35.005-0400: 283.562: [GC (GCLocker Initiated GC) [PSYoungGen: 33436K->160K(190464K)] 500237K->499287K(714752K), 0.0048083 secs] [Times: user=0.04 sys=0.00, real=0.01 secs] 
2016-09-13T17:50:35.010-0400: 283.567: [Full GC (Ergonomics) [PSYoungGen: 160K->0K(190464K)] [ParOldGen: 499127K->35584K(524288K)] 499287K->35584K(714752K), [Metaspace: 44748K->44748K(1087488K)], 0.0541950 secs] [Times: user=0.24 sys=0.00, real=0.05 secs] 
2016-09-13T17:50:35.222-0400: 283.778: [GC (Allocation Failure) [PSYoungGen: 125440K->64761K(190464K)] 161024K->112496K(714752K), 0.0099082 secs] [Times: user=0.10 sys=0.00, real=0.01 secs] 
2016-09-13T17:50:35.398-0400: 283.954: [GC (GCLocker Initiated GC) [PSYoungGen: 190201K->26755K(185344K)] 237937K->99282K(709632K), 0.0088099 secs] [Times: user=0.07 sys=0.00, real=0.00 secs] 
2016-09-13T17:50:35.556-0400: 284.112: [GC (Allocation Failure) [PSYoungGen: 140419K->5275K(119296K)] 220884K->86024K(643584K), 0.0054735 secs] [Times: user=0.06 sys=0.00, real=0.00 secs] 
2016-09-13T17:50:35.736-0400: 284.293: [GC (Allocation Failure) [PSYoungGen: 118939K->41821K(187392K)] 199688K->122787K(711680K), 0.0061618 secs] [Times: user=0.04 sys=0.00, real=0.00 secs] 
2016-09-13T17:50:35.918-0400: 284.474: [GC (GCLocker Initiated GC) [PSYoungGen: 153948K->50870K(163328K)] 234920K->132119K(687616K), 0.0172323 secs] [Times: user=0.23 sys=0.00, real=0.01 secs] 
2016-09-13T17:50:36.099-0400: 284.656: [GC (GCLocker Initiated GC) [PSYoungGen: 162998K->46218K(184832K)] 250461K->133760K(709120K), 0.0255127 secs] [Times: user=0.25 sys=0.00, real=0.02 secs] 
2016-09-13T17:50:36.302-0400: 284.858: [GC (GCLocker Initiated GC) [PSYoungGen: 153738K->34258K(141824K)] 253524K->141860K(666112K), 0.0092897 secs] [Times: user=0.10 sys=0.00, real=0.01 secs] 
2016-09-13T17:50:36.500-0400: 285.057: [GC (GCLocker Initiated GC) [PSYoungGen: 141778K->23596K(182272K)] 263090K->145149K(706560K), 0.0085433 secs] [Times: user=0.08 sys=0.00, real=0.01 secs] 
2016-09-13T17:50:36.699-0400: 285.255: [GC (GCLocker Initiated GC) [PSYoungGen: 132652K->32521K(180736K)] 262032K->162235K(705024K), 0.0066887 secs] [Times: user=0.07 sys=0.00, real=0.00 secs] 
2016-09-13T17:50:36.890-0400: 285.446: [GC (Allocation Failure) [PSYoungGen: 141577K->40334K(186368K)] 271454K->172034K(710656K), 0.0113990 secs] [Times: user=0.11 sys=0.01, real=0.01 secs] 
2016-09-13T17:50:37.066-0400: 285.623: [GC (GCLocker Initiated GC) [PSYoungGen: 158606K->42989K(185344K)] 290309K->179425K(709632K), 0.0083479 secs] [Times: user=0.06 sys=0.00, real=0.01 secs] 
2016-09-13T17:50:37.249-0400: 285.805: [GC (Allocation Failure) [PSYoungGen: 161261K->47614K(193024K)] 297720K->184188K(717312K), 0.0161452 secs] [Times: user=0.12 sys=0.00, real=0.01 secs] 
2016-09-13T17:50:37.265-0400: 285.822: [GC (GCLocker Initiated GC) [PSYoungGen: 48369K->224K(126464K)] 184942K->182771K(650752K), 0.0056603 secs] [Times: user=0.05 sys=0.00, real=0.01 secs] 
2016-09-13T17:50:37.459-0400: 286.016: [GC (GCLocker Initiated GC) [PSYoungGen: 125406K->54061K(182784K)] 309472K->238135K(707072K), 0.0157698 secs] [Times: user=0.14 sys=0.00, real=0.01 secs] 
2016-09-13T17:50:37.672-0400: 286.228: [GC (GCLocker Initiated GC) [PSYoungGen: 165677K->6730K(118784K)] 362000K->230975K(643072K), 0.0052990 secs] [Times: user=0.04 sys=0.00, real=0.01 secs] 
2016-09-13T17:50:37.853-0400: 286.409: [GC (GCLocker Initiated GC) [PSYoungGen: 118346K->17494K(187904K)] 354814K->261822K(712192K), 0.0122382 secs] [Times: user=0.14 sys=0.00, real=0.01 secs] 
2016-09-13T17:50:38.065-0400: 286.622: [GC (GCLocker Initiated GC) [PSYoungGen: 129110K->38687K(150528K)] 382737K->303179K(674816K), 0.0098318 secs] [Times: user=0.10 sys=0.00, real=0.01 secs] 
2016-09-13T17:50:38.256-0400: 286.813: [GC (Allocation Failure) [PSYoungGen: 150303K->9735K(184320K)] 427109K->286727K(708608K), 0.0158972 secs] [Times: user=0.15 sys=0.00, real=0.01 secs] 
2016-09-13T17:50:38.442-0400: 286.999: [GC (Allocation Failure) [PSYoungGen: 117503K->9735K(184320K)] 394494K->286979K(708608K), 0.0182485 secs] [Times: user=0.16 sys=0.00, real=0.02 secs] 
2016-09-13T17:50:38.617-0400: 287.174: [GC (GCLocker Initiated GC) [PSYoungGen: 120148K->52111K(181248K)] 398911K->331142K(705536K), 0.0071769 secs] [Times: user=0.05 sys=0.00, real=0.00 secs] 
2016-09-13T17:50:38.771-0400: 287.328: [GC (GCLocker Initiated GC) [PSYoungGen: 161679K->31088K(185856K)] 440822K->310456K(710144K), 0.0110485 secs] [Times: user=0.11 sys=0.00, real=0.01 secs] 
2016-09-13T17:50:38.953-0400: 287.510: [GC (Allocation Failure) [PSYoungGen: 140656K->35431K(181248K)] 420189K->318304K(705536K), 0.0175982 secs] [Times: user=0.17 sys=0.00, real=0.02 secs] 
2016-09-13T17:50:39.129-0400: 287.686: [GC (Allocation Failure) [PSYoungGen: 149095K->23308K(183808K)] 431968K->306300K(708096K), 0.0171240 secs] [Times: user=0.17 sys=0.00, real=0.01 secs] 
2016-09-13T17:50:39.300-0400: 287.856: [GC (GCLocker Initiated GC) [PSYoungGen: 135861K->62801K(177664K)] 420371K->347473K(701952K), 0.0107703 secs] [Times: user=0.08 sys=0.00, real=0.01 secs] 
2016-09-13T17:50:39.498-0400: 288.055: [GC (GCLocker Initiated GC) [PSYoungGen: 173393K->35523K(186368K)] 470238K->332570K(710656K), 0.0067340 secs] [Times: user=0.05 sys=0.00, real=0.00 secs] 
2016-09-13T17:50:39.698-0400: 288.255: [GC (GCLocker Initiated GC) [PSYoungGen: 146115K->32585K(175616K)] 455424K->345121K(699904K), 0.0196004 secs] [Times: user=0.19 sys=0.00, real=0.02 secs] 
2016-09-13T17:50:39.906-0400: 288.463: [GC (GCLocker Initiated GC) [PSYoungGen: 146761K->29389K(182784K)] 459319K->345207K(707072K), 0.0054530 secs] [Times: user=0.05 sys=0.01, real=0.01 secs] 
2016-09-13T17:50:40.082-0400: 288.638: [GC (GCLocker Initiated GC) [PSYoungGen: 143565K->48055K(192000K)] 459625K->374909K(716288K), 0.0112061 secs] [Times: user=0.10 sys=0.00, real=0.01 secs] 
2016-09-13T17:50:40.278-0400: 288.835: [GC (GCLocker Initiated GC) [PSYoungGen: 174007K->46250K(172544K)] 500887K->373339K(696832K), 0.0227001 secs] [Times: user=0.25 sys=0.00, real=0.02 secs] 
2016-09-13T17:50:40.502-0400: 289.059: [GC (GCLocker Initiated GC) [PSYoungGen: 172202K->47582K(190976K)] 500849K->379382K(715264K), 0.0178298 secs] [Times: user=0.18 sys=0.00, real=0.02 secs] 
2016-09-13T17:50:40.730-0400: 289.287: [GC (Allocation Failure) [PSYoungGen: 169438K->46159K(192000K)] 501274K->385785K(716288K), 0.0459800 secs] [Times: user=0.42 sys=0.01, real=0.05 secs] 
2016-09-13T17:50:40.933-0400: 289.490: [GC (GCLocker Initiated GC) [PSYoungGen: 168015K->47737K(190976K)] 507643K->392056K(715264K), 0.0152946 secs] [Times: user=0.13 sys=0.00, real=0.02 secs] 
2016-09-13T17:50:41.125-0400: 289.682: [GC (GCLocker Initiated GC) [PSYoungGen: 168569K->19135K(140288K)] 525076K->375845K(664576K), 0.0047238 secs] [Times: user=0.03 sys=0.00, real=0.01 secs] 
2016-09-13T17:50:41.304-0400: 289.861: [GC (GCLocker Initiated GC) [PSYoungGen: 139967K->23504K(192512K)] 507348K->391158K(716800K), 0.0062477 secs] [Times: user=0.04 sys=0.00, real=0.01 secs] 
2016-09-13T17:50:41.504-0400: 290.061: [GC (GCLocker Initiated GC) [PSYoungGen: 144848K->61464K(183296K)] 514240K->430999K(707584K), 0.0094223 secs] [Times: user=0.08 sys=0.00, real=0.01 secs] 
2016-09-13T17:50:41.730-0400: 290.287: [GC (GCLocker Initiated GC) [PSYoungGen: 182808K->41980K(188416K)] 561619K->420914K(712704K), 0.0154967 secs] [Times: user=0.14 sys=0.03, real=0.01 secs] 
2016-09-13T17:50:41.900-0400: 290.457: [GC (GCLocker Initiated GC) [PSYoungGen: 154108K->72005K(184320K)] 533294K->451337K(708608K), 0.0199000 secs] [Times: user=0.24 sys=0.00, real=0.02 secs] 
2016-09-13T17:50:42.090-0400: 290.646: [GC (GCLocker Initiated GC) [PSYoungGen: 184133K->43408K(181248K)] 563700K->430814K(705536K), 0.0137101 secs] [Times: user=0.16 sys=0.00, real=0.01 secs] 
2016-09-13T17:50:42.265-0400: 290.822: [GC (GCLocker Initiated GC) [PSYoungGen: 146832K->68941K(172544K)] 534439K->456769K(696832K), 0.0084859 secs] [Times: user=0.07 sys=0.00, real=0.01 secs] 
2016-09-13T17:50:42.419-0400: 290.975: [GC (GCLocker Initiated GC) [PSYoungGen: 172365K->32522K(178688K)] 560408K->420704K(702976K), 0.0060189 secs] [Times: user=0.06 sys=0.00, real=0.00 secs] 
2016-09-13T17:50:42.605-0400: 291.162: [GC (GCLocker Initiated GC) [PSYoungGen: 125706K->8243K(176640K)] 526280K->409038K(700928K), 0.0055173 secs] [Times: user=0.05 sys=0.00, real=0.01 secs] 
2016-09-13T17:50:42.753-0400: 291.310: [GC (GCLocker Initiated GC) [PSYoungGen: 101427K->28183K(175616K)] 508557K->435629K(699904K), 0.0108067 secs] [Times: user=0.13 sys=0.00, real=0.01 secs] 
2016-09-13T17:50:42.908-0400: 291.465: [GC (GCLocker Initiated GC) [PSYoungGen: 121367K->23408K(176128K)] 533495K->435788K(700416K), 0.0057410 secs] [Times: user=0.05 sys=0.00, real=0.00 secs] 
2016-09-13T17:50:43.055-0400: 291.611: [GC (GCLocker Initiated GC) [PSYoungGen: 116592K->46345K(178176K)] 529212K->459190K(702464K), 0.0118340 secs] [Times: user=0.14 sys=0.01, real=0.01 secs] 
2016-09-13T17:50:43.238-0400: 291.795: [GC (GCLocker Initiated GC) [PSYoungGen: 144137K->46159K(178176K)] 557205K->459436K(702464K), 0.0075783 secs] [Times: user=0.05 sys=0.00, real=0.00 secs] 
2016-09-13T17:50:43.392-0400: 291.948: [GC (GCLocker Initiated GC) [PSYoungGen: 143951K->50874K(179712K)] 558869K->466033K(704000K), 0.0076435 secs] [Times: user=0.08 sys=0.00, real=0.01 secs] 
2016-09-13T17:50:43.523-0400: 292.079: [GC (GCLocker Initiated GC) [PSYoungGen: 151738K->43217K(180224K)] 567060K->458717K(704512K), 0.0135383 secs] [Times: user=0.14 sys=0.00, real=0.02 secs] 
2016-09-13T17:50:43.698-0400: 292.255: [GC (GCLocker Initiated GC) [PSYoungGen: 144081K->28030K(181248K)] 573516K->463797K(705536K), 0.0128847 secs] [Times: user=0.15 sys=0.00, real=0.01 secs] 
2016-09-13T17:50:43.915-0400: 292.472: [GC (GCLocker Initiated GC) [PSYoungGen: 133502K->50955K(180736K)] 576949K->494557K(705024K), 0.0121648 secs] [Times: user=0.12 sys=0.00, real=0.01 secs] 
2016-09-13T17:50:44.094-0400: 292.650: [GC (GCLocker Initiated GC) [PSYoungGen: 156427K->49323K(186368K)] 600210K->500859K(710656K), 0.0106792 secs] [Times: user=0.10 sys=0.01, real=0.01 secs] 
2016-09-13T17:50:44.268-0400: 292.825: [GC (GCLocker Initiated GC) [PSYoungGen: 159915K->58405K(169472K)] 611588K->510247K(693760K), 0.0107103 secs] [Times: user=0.12 sys=0.00, real=0.01 secs] 
2016-09-13T17:50:44.432-0400: 292.989: [GC (GCLocker Initiated GC) [PSYoungGen: 168997K->32799K(185344K)] 620852K->484751K(709632K), 0.0137321 secs] [Times: user=0.20 sys=0.00, real=0.01 secs] 
2016-09-13T17:50:44.655-0400: 293.212: [GC (Allocation Failure) [PSYoungGen: 139295K->5057K(111616K)] 609799K->484950K(635904K), 0.0106528 secs] [Times: user=0.07 sys=0.00, real=0.01 secs] 
2016-09-13T17:50:44.845-0400: 293.402: [GC (GCLocker Initiated GC) [PSYoungGen: 107967K->28147K(184832K)] 593935K->514229K(709120K), 0.0091164 secs] [Times: user=0.10 sys=0.00, real=0.01 secs] 
2016-09-13T17:50:44.997-0400: 293.554: [GC (GCLocker Initiated GC) [PSYoungGen: 133107K->17394K(122368K)] 620819K->505422K(646656K), 0.0033184 secs] [Times: user=0.02 sys=0.00, real=0.00 secs] 
2016-09-13T17:50:45.164-0400: 293.721: [GC (Allocation Failure) [PSYoungGen: 122354K->23344K(183808K)] 610435K->517713K(708096K), 0.0164893 secs] [Times: user=0.20 sys=0.00, real=0.02 secs] 
2016-09-13T17:50:45.312-0400: 293.869: [GC (GCLocker Initiated GC) [PSYoungGen: 130352K->52489K(181760K)] 624724K->547173K(706048K), 0.0098102 secs] [Times: user=0.12 sys=0.00, real=0.01 secs] 
2016-09-13T17:50:45.498-0400: 294.054: [GC (GCLocker Initiated GC) [PSYoungGen: 159497K->41570K(185344K)] 657386K->539685K(709632K), 0.0161817 secs] [Times: user=0.16 sys=0.00, real=0.01 secs] 
2016-09-13T17:50:45.685-0400: 294.242: [GC (GCLocker Initiated GC) [PSYoungGen: 151138K->46446K(184832K)] 650944K->546536K(709120K), 0.0244841 secs] [Times: user=0.34 sys=0.00, real=0.03 secs] 
2016-09-13T17:50:45.898-0400: 294.455: [GC (GCLocker Initiated GC) [PSYoungGen: 156014K->44731K(185344K)] 662617K->551485K(709632K), 0.0082568 secs] [Times: user=0.09 sys=0.00, real=0.00 secs] 
2016-09-13T17:50:46.051-0400: 294.608: [GC (GCLocker Initiated GC) [PSYoungGen: 156347K->28088K(185856K)] 669374K->541302K(710144K), 0.0258750 secs] [Times: user=0.37 sys=0.00, real=0.03 secs] 
2016-09-13T17:50:46.244-0400: 294.801: [Full GC (Ergonomics) [PSYoungGen: 134661K->0K(185856K)] [ParOldGen: 519288K->31385K(524288K)] 653949K->31385K(710144K), [Metaspace: 44752K->44752K(1087488K)], 0.0621911 secs] [Times: user=0.40 sys=0.00, real=0.06 secs] 
2016-09-13T17:50:46.454-0400: 295.011: [GC (GCLocker Initiated GC) [PSYoungGen: 108544K->72174K(170496K)] 146004K->115710K(694784K), 0.0102433 secs] [Times: user=0.14 sys=0.00, real=0.01 secs] 
2016-09-13T17:50:46.609-0400: 295.166: [GC (GCLocker Initiated GC) [PSYoungGen: 170478K->41762K(180224K)] 220192K->123796K(704512K), 0.0067533 secs] [Times: user=0.07 sys=0.00, real=0.01 secs] 
2016-09-13T17:50:46.745-0400: 295.302: [GC (GCLocker Initiated GC) [PSYoungGen: 140066K->76726K(165888K)] 223667K->160602K(690176K), 0.0129930 secs] [Times: user=0.16 sys=0.00, real=0.02 secs] 
2016-09-13T17:50:46.886-0400: 295.442: [GC (GCLocker Initiated GC) [PSYoungGen: 164790K->46352K(175104K)] 248847K->185287K(699392K), 0.0104085 secs] [Times: user=0.14 sys=0.00, real=0.02 secs] 
2016-09-13T17:50:47.047-0400: 295.603: [GC (GCLocker Initiated GC) [PSYoungGen: 134416K->5574K(173056K)] 287192K->158529K(697344K), 0.0056571 secs] [Times: user=0.08 sys=0.00, real=0.01 secs] 
2016-09-13T17:50:47.204-0400: 295.761: [GC (GCLocker Initiated GC) [PSYoungGen: 94662K->18918K(175616K)] 255278K->179731K(699904K), 0.0186670 secs] [Times: user=0.18 sys=0.00, real=0.02 secs] 
2016-09-13T17:50:47.386-0400: 295.942: [GC (GCLocker Initiated GC) [PSYoungGen: 108006K->23378K(171008K)] 275081K->202829K(695296K), 0.0052450 secs] [Times: user=0.05 sys=0.00, real=0.01 secs] 
2016-09-13T17:50:47.524-0400: 296.080: [GC (GCLocker Initiated GC) [PSYoungGen: 112978K->32617K(173568K)] 300198K->219967K(697856K), 0.0172588 secs] [Times: user=0.20 sys=0.01, real=0.02 secs] 
2016-09-13T17:50:47.673-0400: 296.229: [GC (GCLocker Initiated GC) [PSYoungGen: 122217K->54062K(174592K)] 309598K->241708K(698880K), 0.0077608 secs] [Times: user=0.10 sys=0.01, real=0.01 secs] 
2016-09-13T17:50:47.833-0400: 296.390: [GC (GCLocker Initiated GC) [PSYoungGen: 148782K->29547K(176640K)] 336534K->229675K(700928K), 0.0117935 secs] [Times: user=0.16 sys=0.00, real=0.01 secs] 
2016-09-13T17:50:47.966-0400: 296.523: [GC (GCLocker Initiated GC) [PSYoungGen: 124267K->28030K(175616K)] 326004K->239121K(699904K), 0.0077543 secs] [Times: user=0.10 sys=0.00, real=0.01 secs] 
2016-09-13T17:50:48.161-0400: 296.718: [GC (GCLocker Initiated GC) [PSYoungGen: 128894K->5370K(177664K)] 343121K->219818K(701952K), 0.0058759 secs] [Times: user=0.05 sys=0.00, real=0.00 secs] 
