Java HotSpot(TM) 64-Bit Server VM (25.77-b03) for linux-amd64 JRE (1.8.0_77-b03), built on Mar 20 2016 22:00:46 by "java_re" with gcc 4.3.0 20080428 (Red Hat 4.3.0-8)
Memory: 4k page, physical 264122324k(97699384k free), swap 268399612k(268246072k free)
CommandLine flags: -XX:GCLogFileSize=1048576 -XX:+HeapDumpOnOutOfMemoryError -XX:HeapDumpPath=artifacts/heapdump -XX:InitialHeapSize=805306368 -XX:MaxHeapSize=805306368 -XX:NumberOfGCLogFiles=10 -XX:+PrintGC -XX:+PrintGCDateStamps -XX:+PrintGCDetails -XX:+PrintGCTimeStamps -XX:+UseCompressedClassPointers -XX:+UseCompressedOops -XX:+UseGCLogFileRotation -XX:+UseParallelGC 
2016-09-13T19:34:16.482-0400: 2.182: [GC (Metadata GC Threshold) [PSYoungGen: 121898K->15604K(229376K)] 121898K->15692K(753664K), 0.0223286 secs] [Times: user=0.13 sys=0.01, real=0.02 secs] 
2016-09-13T19:34:16.504-0400: 2.204: [Full GC (Metadata GC Threshold) [PSYoungGen: 15604K->0K(229376K)] [ParOldGen: 88K->14599K(347648K)] 15692K->14599K(577024K), [Metaspace: 21055K->21055K(1067008K)], 0.0492816 secs] [Times: user=0.38 sys=0.00, real=0.05 secs] 
2016-09-13T19:34:18.350-0400: 4.050: [GC (Metadata GC Threshold) [PSYoungGen: 125205K->14765K(229376K)] 139805K->29500K(577024K), 0.0282510 secs] [Times: user=0.22 sys=0.04, real=0.03 secs] 
2016-09-13T19:34:18.378-0400: 4.078: [Full GC (Metadata GC Threshold) [PSYoungGen: 14765K->0K(229376K)] [ParOldGen: 14735K->20206K(524288K)] 29500K->20206K(753664K), [Metaspace: 34907K->34907K(1079296K)], 0.0845823 secs] [Times: user=0.69 sys=0.02, real=0.08 secs] 
2016-09-13T19:34:20.030-0400: 5.730: [GC (GCLocker Initiated GC) [PSYoungGen: 195374K->30542K(229376K)] 221656K->68982K(753664K), 0.0114888 secs] [Times: user=0.11 sys=0.01, real=0.01 secs] 
2016-09-13T19:34:20.410-0400: 6.110: [GC (GCLocker Initiated GC) [PSYoungGen: 227150K->29492K(229376K)] 265957K->98674K(753664K), 0.0275620 secs] [Times: user=0.32 sys=0.01, real=0.03 secs] 
2016-09-13T19:34:20.751-0400: 6.451: [GC (GCLocker Initiated GC) [PSYoungGen: 226100K->31491K(228352K)] 295643K->131417K(752640K), 0.0100490 secs] [Times: user=0.09 sys=0.01, real=0.01 secs] 
2016-09-13T19:34:21.036-0400: 6.736: [GC (GCLocker Initiated GC) [PSYoungGen: 228099K->30319K(215040K)] 328386K->160989K(739328K), 0.0254616 secs] [Times: user=0.30 sys=0.00, real=0.02 secs] 
2016-09-13T19:34:21.344-0400: 7.044: [GC (GCLocker Initiated GC) [PSYoungGen: 211567K->35227K(216576K)] 342603K->202722K(740864K), 0.0371583 secs] [Times: user=0.41 sys=0.02, real=0.04 secs] 
2016-09-13T19:34:21.736-0400: 7.436: [GC (GCLocker Initiated GC) [PSYoungGen: 216475K->23648K(220160K)] 390226K->197407K(744448K), 0.0128011 secs] [Times: user=0.13 sys=0.00, real=0.01 secs] 
2016-09-13T19:34:22.114-0400: 7.814: [GC (GCLocker Initiated GC) [PSYoungGen: 200288K->34514K(218624K)] 374133K->230028K(742912K), 0.0191155 secs] [Times: user=0.15 sys=0.00, real=0.02 secs] 
2016-09-13T19:34:23.450-0400: 9.150: [GC (Allocation Failure) [PSYoungGen: 211154K->24797K(219136K)] 406670K->221124K(743424K), 0.9542098 secs] [Times: user=0.08 sys=0.02, real=0.95 secs] 
2016-09-13T19:34:24.721-0400: 10.421: [GC (Allocation Failure) [PSYoungGen: 200925K->36382K(212992K)] 397252K->233527K(737280K), 0.0318128 secs] [Times: user=0.20 sys=0.00, real=0.03 secs] 
2016-09-13T19:34:25.063-0400: 10.763: [GC (GCLocker Initiated GC) [PSYoungGen: 212510K->37474K(214528K)] 409661K->241693K(738816K), 0.0140484 secs] [Times: user=0.09 sys=0.02, real=0.02 secs] 
2016-09-13T19:34:25.420-0400: 11.120: [GC (GCLocker Initiated GC) [PSYoungGen: 207458K->18993K(216064K)] 413203K->225506K(740352K), 0.0239053 secs] [Times: user=0.23 sys=0.01, real=0.02 secs] 
2016-09-13T19:34:25.832-0400: 11.532: [GC (GCLocker Initiated GC) [PSYoungGen: 188977K->41715K(208896K)] 395512K->248658K(733184K), 0.0131599 secs] [Times: user=0.09 sys=0.01, real=0.01 secs] 
2016-09-13T19:34:26.200-0400: 11.900: [GC (GCLocker Initiated GC) [PSYoungGen: 204531K->46772K(209920K)] 411622K->255723K(734208K), 0.0140212 secs] [Times: user=0.14 sys=0.00, real=0.01 secs] 
2016-09-13T19:34:26.400-0400: 12.100: [GC (GCLocker Initiated GC) [PSYoungGen: 209588K->27992K(209920K)] 418564K->239163K(734208K), 0.0176149 secs] [Times: user=0.19 sys=0.00, real=0.02 secs] 
2016-09-13T19:34:26.608-0400: 12.308: [GC (GCLocker Initiated GC) [PSYoungGen: 185688K->49165K(207360K)] 396887K->265239K(731648K), 0.0240615 secs] [Times: user=0.23 sys=0.00, real=0.02 secs] 
2016-09-13T19:34:26.810-0400: 12.510: [GC (GCLocker Initiated GC) [PSYoungGen: 206861K->50992K(194048K)] 424669K->288797K(718336K), 0.0129998 secs] [Times: user=0.10 sys=0.03, real=0.01 secs] 
2016-09-13T19:34:26.987-0400: 12.687: [GC (GCLocker Initiated GC) [PSYoungGen: 190256K->34036K(200704K)] 428083K->272162K(724992K), 0.0140452 secs] [Times: user=0.11 sys=0.01, real=0.02 secs] 
2016-09-13T19:34:27.157-0400: 12.857: [GC (GCLocker Initiated GC) [PSYoungGen: 173300K->50993K(196096K)] 411524K->294069K(720384K), 0.0224138 secs] [Times: user=0.21 sys=0.02, real=0.02 secs] 
2016-09-13T19:34:27.366-0400: 13.066: [GC (GCLocker Initiated GC) [PSYoungGen: 188209K->38725K(199680K)] 434390K->285245K(723968K), 0.0103941 secs] [Times: user=0.11 sys=0.00, real=0.02 secs] 
2016-09-13T19:34:27.554-0400: 13.254: [GC (GCLocker Initiated GC) [PSYoungGen: 175941K->59982K(188928K)] 422688K->308421K(713216K), 0.0317092 secs] [Times: user=0.33 sys=0.01, real=0.03 secs] 
2016-09-13T19:34:27.753-0400: 13.453: [GC (GCLocker Initiated GC) [PSYoungGen: 187982K->50934K(179200K)] 436577K->304475K(703488K), 0.0149958 secs] [Times: user=0.12 sys=0.01, real=0.02 secs] 
2016-09-13T19:34:27.936-0400: 13.636: [GC (GCLocker Initiated GC) [PSYoungGen: 178934K->47865K(193024K)] 434037K->307812K(717312K), 0.0071333 secs] [Times: user=0.05 sys=0.01, real=0.00 secs] 
2016-09-13T19:34:28.112-0400: 13.812: [GC (Allocation Failure) [PSYoungGen: 171769K->28342K(152576K)] 445438K->315967K(676864K), 0.0152015 secs] [Times: user=0.16 sys=0.04, real=0.01 secs] 
2016-09-13T19:34:28.300-0400: 14.000: [GC (GCLocker Initiated GC) [PSYoungGen: 149919K->15848K(190464K)] 443619K->309859K(714752K), 0.0126627 secs] [Times: user=0.12 sys=0.00, real=0.01 secs] 
2016-09-13T19:34:28.487-0400: 14.187: [GC (GCLocker Initiated GC) [PSYoungGen: 138216K->37137K(159744K)] 438344K->337533K(684032K), 0.0104708 secs] [Times: user=0.07 sys=0.00, real=0.02 secs] 
2016-09-13T19:34:28.670-0400: 14.370: [GC (GCLocker Initiated GC) [PSYoungGen: 159505K->32453K(192512K)] 472097K->346828K(716800K), 0.0185225 secs] [Times: user=0.17 sys=0.01, real=0.02 secs] 
2016-09-13T19:34:28.868-0400: 14.568: [GC (GCLocker Initiated GC) [PSYoungGen: 158917K->31222K(190464K)] 487087K->362669K(714752K), 0.0140975 secs] [Times: user=0.14 sys=0.00, real=0.01 secs] 
2016-09-13T19:34:29.052-0400: 14.752: [GC (GCLocker Initiated GC) [PSYoungGen: 157686K->14515K(193536K)] 495210K->352320K(717824K), 0.0369561 secs] [Times: user=0.45 sys=0.00, real=0.04 secs] 
2016-09-13T19:34:29.268-0400: 14.968: [GC (GCLocker Initiated GC) [PSYoungGen: 145587K->34195K(194560K)] 497132K->386090K(718848K), 0.0173594 secs] [Times: user=0.17 sys=0.01, real=0.01 secs] 
2016-09-13T19:34:29.465-0400: 15.165: [GC (GCLocker Initiated GC) [PSYoungGen: 165267K->44640K(195072K)] 520381K->406179K(719360K), 0.0115315 secs] [Times: user=0.11 sys=0.02, real=0.02 secs] 
2016-09-13T19:34:29.656-0400: 15.356: [GC (GCLocker Initiated GC) [PSYoungGen: 179296K->43366K(196608K)] 542497K->406781K(720896K), 0.0269264 secs] [Times: user=0.34 sys=0.00, real=0.02 secs] 
2016-09-13T19:34:29.856-0400: 15.556: [GC (GCLocker Initiated GC) [PSYoungGen: 178022K->58342K(188416K)] 541587K->434363K(712704K), 0.0385157 secs] [Times: user=0.51 sys=0.00, real=0.03 secs] 
2016-09-13T19:34:30.031-0400: 15.731: [GC (Allocation Failure) [PSYoungGen: 184294K->52394K(178688K)] 561941K->430254K(702976K), 0.0162443 secs] [Times: user=0.18 sys=0.01, real=0.02 secs] 
2016-09-13T19:34:30.048-0400: 15.748: [GC (GCLocker Initiated GC) [PSYoungGen: 52798K->32K(183808K)] 430658K->429985K(708096K), 0.0169140 secs] [Times: user=0.15 sys=0.02, real=0.01 secs] 
2016-09-13T19:34:30.204-0400: 15.904: [GC (GCLocker Initiated GC) [PSYoungGen: 113696K->67989K(181760K)] 543652K->497945K(706048K), 0.0100435 secs] [Times: user=0.12 sys=0.00, real=0.01 secs] 
2016-09-13T19:34:30.354-0400: 16.054: [GC (GCLocker Initiated GC) [PSYoungGen: 181653K->44763K(182272K)] 617822K->522598K(706560K), 0.0171967 secs] [Times: user=0.17 sys=0.04, real=0.02 secs] 
2016-09-13T19:34:30.498-0400: 16.198: [Full GC (Ergonomics) [PSYoungGen: 146651K->0K(182272K)] [ParOldGen: 479539K->48927K(524288K)] 626191K->48927K(706560K), [Metaspace: 44001K->43997K(1087488K)], 0.1808430 secs] [Times: user=2.31 sys=0.04, real=0.18 secs] 
2016-09-13T19:34:30.805-0400: 16.505: [GC (GCLocker Initiated GC) [PSYoungGen: 101888K->78493K(180736K)] 150841K->128973K(705024K), 0.0105310 secs] [Times: user=0.13 sys=0.00, real=0.02 secs] 
2016-09-13T19:34:30.925-0400: 16.625: [GC (GCLocker Initiated GC) [PSYoungGen: 180381K->50780K(169472K)] 231043K->132258K(693760K), 0.0245575 secs] [Times: user=0.31 sys=0.00, real=0.03 secs] 
2016-09-13T19:34:31.065-0400: 16.765: [GC (GCLocker Initiated GC) [PSYoungGen: 138844K->52585K(175104K)] 228006K->160201K(699392K), 0.0125730 secs] [Times: user=0.15 sys=0.00, real=0.02 secs] 
2016-09-13T19:34:31.171-0400: 16.871: [GC (GCLocker Initiated GC) [PSYoungGen: 140649K->50907K(172032K)] 249918K->186303K(696320K), 0.0081494 secs] [Times: user=0.10 sys=0.00, real=0.01 secs] 
2016-09-13T19:34:31.290-0400: 16.990: [GC (GCLocker Initiated GC) [PSYoungGen: 138971K->29670K(173568K)] 288133K->197365K(697856K), 0.0190761 secs] [Times: user=0.20 sys=0.00, real=0.02 secs] 
2016-09-13T19:34:31.425-0400: 17.125: [GC (GCLocker Initiated GC) [PSYoungGen: 117734K->67708K(172032K)] 286975K->264741K(696320K), 0.0095935 secs] [Times: user=0.11 sys=0.00, real=0.01 secs] 
2016-09-13T19:34:31.526-0400: 17.226: [GC (GCLocker Initiated GC) [PSYoungGen: 155772K->56892K(175104K)] 352835K->274024K(699392K), 0.0091919 secs] [Times: user=0.13 sys=0.00, real=0.01 secs] 
2016-09-13T19:34:31.635-0400: 17.335: [GC (GCLocker Initiated GC) [PSYoungGen: 144956K->52547K(174080K)] 362115K->300292K(698368K), 0.0083790 secs] [Times: user=0.11 sys=0.01, real=0.01 secs] 
2016-09-13T19:34:31.767-0400: 17.467: [GC (Allocation Failure) [PSYoungGen: 140611K->31067K(174592K)] 388387K->302061K(698880K), 0.0080425 secs] [Times: user=0.11 sys=0.00, real=0.02 secs] 
2016-09-13T19:34:31.881-0400: 17.581: [GC (GCLocker Initiated GC) [PSYoungGen: 119131K->67523K(173568K)] 390137K->343353K(697856K), 0.0098509 secs] [Times: user=0.09 sys=0.00, real=0.01 secs] 
2016-09-13T19:34:31.986-0400: 17.686: [GC (GCLocker Initiated GC) [PSYoungGen: 155587K->70588K(175104K)] 431439K->346595K(699392K), 0.0174382 secs] [Times: user=0.21 sys=0.00, real=0.02 secs] 
2016-09-13T19:34:32.110-0400: 17.810: [GC (GCLocker Initiated GC) [PSYoungGen: 158652K->47896K(175104K)] 434905K->331980K(699392K), 0.0112006 secs] [Times: user=0.15 sys=0.00, real=0.01 secs] 
2016-09-13T19:34:32.231-0400: 17.931: [GC (GCLocker Initiated GC) [PSYoungGen: 135960K->70750K(175104K)] 421696K->356845K(699392K), 0.0107162 secs] [Times: user=0.11 sys=0.00, real=0.01 secs] 
2016-09-13T19:34:32.338-0400: 18.038: [GC (GCLocker Initiated GC) [PSYoungGen: 158814K->46415K(175104K)] 448054K->340587K(699392K), 0.0144188 secs] [Times: user=0.16 sys=0.00, real=0.01 secs] 
2016-09-13T19:34:32.468-0400: 18.168: [GC (GCLocker Initiated GC) [PSYoungGen: 134479K->43405K(175104K)] 428843K->356264K(699392K), 0.0100963 secs] [Times: user=0.11 sys=0.01, real=0.01 secs] 
2016-09-13T19:34:32.607-0400: 18.307: [GC (GCLocker Initiated GC) [PSYoungGen: 131469K->16075K(175104K)] 450500K->343027K(699392K), 0.0111603 secs] [Times: user=0.14 sys=0.00, real=0.02 secs] 
2016-09-13T19:34:32.735-0400: 18.435: [GC (GCLocker Initiated GC) [PSYoungGen: 104139K->44896K(133120K)] 437361K->383027K(657408K), 0.0113693 secs] [Times: user=0.11 sys=0.02, real=0.01 secs] 
2016-09-13T19:34:32.860-0400: 18.560: [GC (GCLocker Initiated GC) [PSYoungGen: 132960K->35591K(176640K)] 471117K->392187K(700928K), 0.0148143 secs] [Times: user=0.18 sys=0.01, real=0.01 secs] 
2016-09-13T19:34:32.973-0400: 18.673: [GC (GCLocker Initiated GC) [PSYoungGen: 125703K->32586K(122880K)] 483870K->398623K(647168K), 0.0101483 secs] [Times: user=0.13 sys=0.00, real=0.01 secs] 
2016-09-13T19:34:33.095-0400: 18.795: [GC (GCLocker Initiated GC) [PSYoungGen: 122698K->59923K(172544K)] 491846K->429253K(696832K), 0.0264144 secs] [Times: user=0.26 sys=0.01, real=0.03 secs] 
2016-09-13T19:34:33.249-0400: 18.949: [GC (GCLocker Initiated GC) [PSYoungGen: 149523K->11257K(174080K)] 525037K->387046K(698368K), 0.0241379 secs] [Times: user=0.24 sys=0.00, real=0.02 secs] 
2016-09-13T19:34:33.374-0400: 19.074: [GC (GCLocker Initiated GC) [PSYoungGen: 100857K->52332K(176128K)] 476691K->431408K(700416K), 0.0152576 secs] [Times: user=0.14 sys=0.00, real=0.02 secs] 
2016-09-13T19:34:33.484-0400: 19.184: [GC (GCLocker Initiated GC) [PSYoungGen: 141420K->50874K(140288K)] 520585K->457570K(664576K), 0.0133697 secs] [Times: user=0.14 sys=0.00, real=0.02 secs] 
2016-09-13T19:34:33.604-0400: 19.304: [GC (GCLocker Initiated GC) [PSYoungGen: 139962K->32459K(175616K)] 552839K->445620K(699904K), 0.0093188 secs] [Times: user=0.10 sys=0.01, real=0.01 secs] 
2016-09-13T19:34:33.724-0400: 19.424: [GC (GCLocker Initiated GC) [PSYoungGen: 123595K->66029K(173568K)] 536825K->484045K(697856K), 0.0125231 secs] [Times: user=0.11 sys=0.01, real=0.02 secs] 
2016-09-13T19:34:33.850-0400: 19.550: [GC (GCLocker Initiated GC) [PSYoungGen: 157165K->35681K(177152K)] 581446K->478439K(701440K), 0.0128435 secs] [Times: user=0.13 sys=0.01, real=0.01 secs] 
2016-09-13T19:34:33.974-0400: 19.674: [GC (GCLocker Initiated GC) [PSYoungGen: 126305K->37115K(128000K)] 569140K->480317K(652288K), 0.0081442 secs] [Times: user=0.09 sys=0.00, real=0.01 secs] 
2016-09-13T19:34:34.113-0400: 19.813: [GC (GCLocker Initiated GC) [PSYoungGen: 127739K->53848K(173056K)] 577250K->503600K(697344K), 0.0153179 secs] [Times: user=0.19 sys=0.00, real=0.02 secs] 
2016-09-13T19:34:34.267-0400: 19.967: [GC (GCLocker Initiated GC) [PSYoungGen: 144984K->35782K(173056K)] 594921K->486027K(697344K), 0.0076270 secs] [Times: user=0.07 sys=0.01, real=0.01 secs] 
2016-09-13T19:34:34.385-0400: 20.085: [GC (GCLocker Initiated GC) [PSYoungGen: 126918K->52330K(178688K)] 577199K->513573K(702976K), 0.0123522 secs] [Times: user=0.14 sys=0.00, real=0.02 secs] 
2016-09-13T19:34:34.524-0400: 20.224: [GC (GCLocker Initiated GC) [PSYoungGen: 151146K->34041K(178176K)] 612506K->521555K(702464K), 0.0111575 secs] [Times: user=0.08 sys=0.02, real=0.01 secs] 
2016-09-13T19:34:34.662-0400: 20.362: [Full GC (Ergonomics) [PSYoungGen: 132857K->0K(178176K)] [ParOldGen: 496646K->33426K(524288K)] 629503K->33426K(702464K), [Metaspace: 44115K->44115K(1087488K)], 0.0782673 secs] [Times: user=0.38 sys=0.03, real=0.08 secs] 
2016-09-13T19:34:34.868-0400: 20.568: [GC (GCLocker Initiated GC) [PSYoungGen: 98816K->72574K(169984K)] 132281K->106039K(694272K), 0.0110637 secs] [Times: user=0.11 sys=0.00, real=0.01 secs] 
2016-09-13T19:34:34.994-0400: 20.694: [GC (GCLocker Initiated GC) [PSYoungGen: 164734K->46414K(177152K)] 199843K->106492K(701440K), 0.0106682 secs] [Times: user=0.12 sys=0.02, real=0.01 secs] 
2016-09-13T19:34:35.126-0400: 20.826: [GC (GCLocker Initiated GC) [PSYoungGen: 138574K->68946K(171520K)] 207788K->156603K(695808K), 0.0100008 secs] [Times: user=0.09 sys=0.00, real=0.02 secs] 
2016-09-13T19:34:35.284-0400: 20.984: [GC (GCLocker Initiated GC) [PSYoungGen: 159058K->23308K(113664K)] 246749K->112640K(637952K), 0.0497303 secs] [Times: user=0.39 sys=0.01, real=0.05 secs] 
2016-09-13T19:34:35.465-0400: 21.165: [GC (GCLocker Initiated GC) [PSYoungGen: 113420K->5116K(174592K)] 221158K->123769K(698880K), 0.0065435 secs] [Times: user=0.05 sys=0.00, real=0.01 secs] 
2016-09-13T19:34:35.588-0400: 21.288: [GC (GCLocker Initiated GC) [PSYoungGen: 93180K->27806K(175104K)] 211936K->146719K(699392K), 0.0131131 secs] [Times: user=0.08 sys=0.00, real=0.01 secs] 
2016-09-13T19:34:35.723-0400: 21.423: [GC (GCLocker Initiated GC) [PSYoungGen: 115870K->64730K(175104K)] 234794K->193017K(699392K), 0.0107285 secs] [Times: user=0.07 sys=0.01, real=0.01 secs] 
2016-09-13T19:34:35.852-0400: 21.552: [GC (GCLocker Initiated GC) [PSYoungGen: 152794K->46122K(175104K)] 281185K->174765K(699392K), 0.0074181 secs] [Times: user=0.07 sys=0.00, real=0.01 secs] 
2016-09-13T19:34:36.013-0400: 21.713: [GC (Allocation Failure) [PSYoungGen: 134186K->34067K(171008K)] 269013K->169123K(695296K), 0.0195801 secs] [Times: user=0.18 sys=0.01, real=0.02 secs] 
2016-09-13T19:34:36.178-0400: 21.878: [GC (GCLocker Initiated GC) [PSYoungGen: 120985K->21890K(173056K)] 257559K->172489K(697344K), 0.0151739 secs] [Times: user=0.16 sys=0.01, real=0.01 secs] 
2016-09-13T19:34:36.338-0400: 22.038: [GC (GCLocker Initiated GC) [PSYoungGen: 109954K->59610K(172544K)] 262344K->212114K(696832K), 0.0107440 secs] [Times: user=0.08 sys=0.00, real=0.01 secs] 
2016-09-13T19:34:36.495-0400: 22.195: [GC (Allocation Failure) [PSYoungGen: 147674K->29415K(175104K)] 312521K->194334K(699392K), 0.0078268 secs] [Times: user=0.08 sys=0.01, real=0.01 secs] 
2016-09-13T19:34:36.652-0400: 22.352: [GC (Allocation Failure) [PSYoungGen: 117479K->46031K(169472K)] 282398K->212654K(693760K), 0.0373417 secs] [Times: user=0.46 sys=0.00, real=0.04 secs] 
2016-09-13T19:34:36.796-0400: 22.496: [GC (GCLocker Initiated GC) [PSYoungGen: 136143K->26445K(172544K)] 302766K->193270K(696832K), 0.0059241 secs] [Times: user=0.05 sys=0.00, real=0.00 secs] 
2016-09-13T19:34:36.924-0400: 22.624: [GC (GCLocker Initiated GC) [PSYoungGen: 116557K->64353K(172032K)] 283622K->231627K(696320K), 0.0158124 secs] [Times: user=0.18 sys=0.00, real=0.02 secs] 
2016-09-13T19:34:37.078-0400: 22.778: [GC (GCLocker Initiated GC) [PSYoungGen: 155489K->72378K(163840K)] 322819K->239864K(688128K), 0.0178675 secs] [Times: user=0.21 sys=0.00, real=0.02 secs] 
2016-09-13T19:34:37.215-0400: 22.915: [GC (Allocation Failure) [PSYoungGen: 163514K->61537K(175104K)] 331164K->235573K(699392K), 0.0085073 secs] [Times: user=0.10 sys=0.01, real=0.01 secs] 
2016-09-13T19:34:37.333-0400: 23.033: [GC (GCLocker Initiated GC) [PSYoungGen: 149314K->70492K(175104K)] 324869K->246481K(699392K), 0.0161024 secs] [Times: user=0.15 sys=0.01, real=0.02 secs] 
2016-09-13T19:34:37.471-0400: 23.171: [GC (GCLocker Initiated GC) [PSYoungGen: 158556K->47773K(175104K)] 334618K->242313K(699392K), 0.0138899 secs] [Times: user=0.16 sys=0.01, real=0.01 secs] 
2016-09-13T19:34:37.620-0400: 23.320: [GC (GCLocker Initiated GC) [PSYoungGen: 135837K->23533K(175104K)] 336474K->224290K(699392K), 0.0106411 secs] [Times: user=0.12 sys=0.00, real=0.01 secs] 
2016-09-13T19:34:37.792-0400: 23.492: [GC (Allocation Failure) [PSYoungGen: 111597K->23377K(175104K)] 315516K->239660K(699392K), 0.0118884 secs] [Times: user=0.13 sys=0.00, real=0.01 secs] 
2016-09-13T19:34:37.914-0400: 23.614: [GC (GCLocker Initiated GC) [PSYoungGen: 111441K->32554K(175104K)] 327730K->249126K(699392K), 0.0044486 secs] [Times: user=0.04 sys=0.00, real=0.01 secs] 
2016-09-13T19:34:38.064-0400: 23.764: [GC (GCLocker Initiated GC) [PSYoungGen: 120618K->59890K(175104K)] 338887K->278369K(699392K), 0.0234288 secs] [Times: user=0.23 sys=0.00, real=0.02 secs] 
2016-09-13T19:34:38.212-0400: 23.912: [GC (GCLocker Initiated GC) [PSYoungGen: 147954K->32517K(175104K)] 374156K->259014K(699392K), 0.0071359 secs] [Times: user=0.06 sys=0.00, real=0.01 secs] 
2016-09-13T19:34:38.333-0400: 24.033: [GC (GCLocker Initiated GC) [PSYoungGen: 120581K->47587K(173056K)] 347321K->274567K(697344K), 0.0124740 secs] [Times: user=0.11 sys=0.00, real=0.01 secs] 
2016-09-13T19:34:38.488-0400: 24.188: [GC (GCLocker Initiated GC) [PSYoungGen: 135651K->46346K(134656K)] 362766K->291869K(658944K), 0.0151313 secs] [Times: user=0.15 sys=0.00, real=0.01 secs] 
2016-09-13T19:34:38.649-0400: 24.349: [GC (GCLocker Initiated GC) [PSYoungGen: 134410K->54008K(173568K)] 386103K->307516K(697856K), 0.0077098 secs] [Times: user=0.07 sys=0.00, real=0.01 secs] 
2016-09-13T19:34:38.794-0400: 24.494: [GC (GCLocker Initiated GC) [PSYoungGen: 145144K->52426K(173568K)] 401880K->313959K(697856K), 0.0099609 secs] [Times: user=0.09 sys=0.01, real=0.01 secs] 
2016-09-13T19:34:38.930-0400: 24.630: [GC (Allocation Failure) [PSYoungGen: 143562K->53848K(179200K)] 405126K->315638K(703488K), 0.0105550 secs] [Times: user=0.09 sys=0.01, real=0.01 secs] 
2016-09-13T19:34:40.184-0400: 25.884: [GC (GCLocker Initiated GC) [PSYoungGen: 151640K->41889K(139776K)] 413433K->317576K(664064K), 0.0097389 secs] [Times: user=0.10 sys=0.00, real=0.01 secs] 
2016-09-13T19:34:40.345-0400: 26.045: [GC (GCLocker Initiated GC) [PSYoungGen: 139681K->32645K(179200K)] 421644K->314848K(703488K), 0.0081746 secs] [Times: user=0.06 sys=0.01, real=0.01 secs] 
2016-09-13T19:34:40.501-0400: 26.201: [GC (GCLocker Initiated GC) [PSYoungGen: 133509K->75084K(176128K)] 417334K->383430K(700416K), 0.0200221 secs] [Times: user=0.24 sys=0.01, real=0.02 secs] 
2016-09-13T19:34:40.650-0400: 26.350: [GC (GCLocker Initiated GC) [PSYoungGen: 175948K->58744K(176640K)] 484325K->422054K(700928K), 0.0131110 secs] [Times: user=0.17 sys=0.01, real=0.01 secs] 
2016-09-13T19:34:40.790-0400: 26.490: [GC (GCLocker Initiated GC) [PSYoungGen: 149880K->84442K(175616K)] 519304K->498238K(699904K), 0.0098663 secs] [Times: user=0.15 sys=0.00, real=0.01 secs] 
2016-09-13T19:34:40.922-0400: 26.622: [GC (GCLocker Initiated GC) [PSYoungGen: 175578K->66152K(174592K)] 589633K->538098K(698880K), 0.0123153 secs] [Times: user=0.14 sys=0.00, real=0.01 secs] 
2016-09-13T19:34:40.934-0400: 26.634: [Full GC (Ergonomics) [PSYoungGen: 66152K->0K(174592K)] [ParOldGen: 471945K->42990K(524288K)] 538098K->42990K(698880K), [Metaspace: 44250K->44250K(1087488K)], 0.0593235 secs] [Times: user=0.34 sys=0.01, real=0.06 secs] 
2016-09-13T19:34:41.101-0400: 26.801: [GC (GCLocker Initiated GC) [PSYoungGen: 88064K->82986K(175104K)] 134250K->135248K(699392K), 0.0087867 secs] [Times: user=0.11 sys=0.00, real=0.01 secs] 
2016-09-13T19:34:41.208-0400: 26.908: [GC (GCLocker Initiated GC) [PSYoungGen: 171050K->60115K(175104K)] 223381K->164424K(699392K), 0.0102444 secs] [Times: user=0.13 sys=0.00, real=0.01 secs] 
2016-09-13T19:34:41.323-0400: 27.023: [GC (GCLocker Initiated GC) [PSYoungGen: 148179K->75112K(175104K)] 254028K->217719K(699392K), 0.0145865 secs] [Times: user=0.18 sys=0.00, real=0.02 secs] 
2016-09-13T19:34:41.454-0400: 27.154: [GC (GCLocker Initiated GC) [PSYoungGen: 163176K->41788K(175104K)] 305962K->231857K(699392K), 0.0098827 secs] [Times: user=0.10 sys=0.00, real=0.01 secs] 
2016-09-13T19:34:41.609-0400: 27.309: [GC (GCLocker Initiated GC) [PSYoungGen: 129852K->56859K(175104K)] 319949K->285260K(699392K), 0.0165768 secs] [Times: user=0.15 sys=0.01, real=0.01 secs] 
2016-09-13T19:34:41.732-0400: 27.432: [GC (GCLocker Initiated GC) [PSYoungGen: 144923K->81404K(175104K)] 373501K->351253K(699392K), 0.0166103 secs] [Times: user=0.19 sys=0.01, real=0.02 secs] 
2016-09-13T19:34:41.882-0400: 27.582: [GC (GCLocker Initiated GC) [PSYoungGen: 169468K->31222K(175104K)] 442516K->359237K(699392K), 0.0226220 secs] [Times: user=0.27 sys=0.00, real=0.02 secs] 
2016-09-13T19:34:42.007-0400: 27.707: [GC (GCLocker Initiated GC) [PSYoungGen: 119286K->43276K(175104K)] 453397K->414140K(699392K), 0.0121911 secs] [Times: user=0.14 sys=0.00, real=0.02 secs] 
2016-09-13T19:34:42.133-0400: 27.833: [GC (GCLocker Initiated GC) [PSYoungGen: 131340K->84228K(175104K)] 508290K->505570K(699392K), 0.0114804 secs] [Times: user=0.17 sys=0.00, real=0.01 secs] 
2016-09-13T19:34:42.299-0400: 27.999: [GC (GCLocker Initiated GC) [PSYoungGen: 172292K->35774K(175104K)] 612197K->530513K(699392K), 0.0200745 secs] [Times: user=0.20 sys=0.01, real=0.02 secs] 
2016-09-13T19:34:42.319-0400: 28.019: [Full GC (Ergonomics) [PSYoungGen: 35774K->0K(175104K)] [ParOldGen: 494739K->41217K(524288K)] 530513K->41217K(699392K), [Metaspace: 44251K->44251K(1087488K)], 0.0683618 secs] [Times: user=0.42 sys=0.02, real=0.07 secs] 
2016-09-13T19:34:42.501-0400: 28.201: [GC (GCLocker Initiated GC) [PSYoungGen: 88064K->84479K(175104K)] 131063K->133553K(699392K), 0.0081729 secs] [Times: user=0.12 sys=0.00, real=0.01 secs] 
2016-09-13T19:34:42.620-0400: 28.320: [GC (GCLocker Initiated GC) [PSYoungGen: 172543K->61570K(175104K)] 227743K->153647K(699392K), 0.0101049 secs] [Times: user=0.14 sys=0.00, real=0.01 secs] 
2016-09-13T19:34:42.727-0400: 28.427: [GC (GCLocker Initiated GC) [PSYoungGen: 149634K->80012K(175104K)] 243392K->192244K(699392K), 0.0159521 secs] [Times: user=0.20 sys=0.00, real=0.02 secs] 
2016-09-13T19:34:42.873-0400: 28.573: [GC (GCLocker Initiated GC) [PSYoungGen: 168076K->64517K(175104K)] 280500K->227434K(699392K), 0.0095871 secs] [Times: user=0.14 sys=0.00, real=0.01 secs] 
2016-09-13T19:34:42.999-0400: 28.699: [GC (GCLocker Initiated GC) [PSYoungGen: 152581K->38752K(175104K)] 323355K->253793K(699392K), 0.0081340 secs] [Times: user=0.10 sys=0.00, real=0.00 secs] 
2016-09-13T19:34:43.119-0400: 28.819: [GC (GCLocker Initiated GC) [PSYoungGen: 126816K->62933K(175104K)] 343618K->298256K(699392K), 0.0100693 secs] [Times: user=0.09 sys=0.00, real=0.01 secs] 
2016-09-13T19:34:43.260-0400: 28.960: [GC (GCLocker Initiated GC) [PSYoungGen: 150997K->38752K(175104K)] 392509K->285133K(699392K), 0.0077658 secs] [Times: user=0.08 sys=0.00, real=0.01 secs] 
2016-09-13T19:34:43.398-0400: 29.098: [GC (Allocation Failure) [PSYoungGen: 126816K->23500K(175104K)] 379386K->277825K(699392K), 0.0216634 secs] [Times: user=0.26 sys=0.00, real=0.02 secs] 
2016-09-13T19:34:43.521-0400: 29.221: [GC (GCLocker Initiated GC) [PSYoungGen: 108855K->52426K(175104K)] 369255K->313131K(699392K), 0.0078999 secs] [Times: user=0.08 sys=0.01, real=0.01 secs] 
2016-09-13T19:34:43.642-0400: 29.342: [GC (GCLocker Initiated GC) [PSYoungGen: 140490K->55463K(175104K)] 401231K->320947K(699392K), 0.0126280 secs] [Times: user=0.13 sys=0.00, real=0.01 secs] 
2016-09-13T19:34:43.765-0400: 29.465: [GC (GCLocker Initiated GC) [PSYoungGen: 143527K->32650K(175104K)] 410679K->304658K(699392K), 0.0067820 secs] [Times: user=0.06 sys=0.01, real=0.01 secs] 
2016-09-13T19:34:43.890-0400: 29.590: [GC (GCLocker Initiated GC) [PSYoungGen: 120714K->50748K(175104K)] 392777K->322986K(699392K), 0.0218025 secs] [Times: user=0.25 sys=0.00, real=0.02 secs] 
2016-09-13T19:34:44.052-0400: 29.752: [GC (Allocation Failure) [PSYoungGen: 138812K->46309K(175104K)] 411072K->323256K(699392K), 0.0083386 secs] [Times: user=0.07 sys=0.01, real=0.01 secs] 
2016-09-13T19:34:44.202-0400: 29.902: [GC (GCLocker Initiated GC) [PSYoungGen: 129520K->26542K(175104K)] 412543K->315876K(699392K), 0.0075943 secs] [Times: user=0.05 sys=0.00, real=0.01 secs] 
2016-09-13T19:34:44.380-0400: 30.080: [GC (GCLocker Initiated GC) [PSYoungGen: 114606K->28029K(175104K)] 404024K->317664K(699392K), 0.0181552 secs] [Times: user=0.22 sys=0.00, real=0.02 secs] 
2016-09-13T19:34:44.514-0400: 30.214: [GC (GCLocker Initiated GC) [PSYoungGen: 116093K->79704K(175104K)] 405944K->369880K(699392K), 0.0078359 secs] [Times: user=0.08 sys=0.00, real=0.01 secs] 
2016-09-13T19:34:44.656-0400: 30.356: [GC (GCLocker Initiated GC) [PSYoungGen: 167768K->44762K(175104K)] 459677K->341393K(699392K), 0.0143235 secs] [Times: user=0.15 sys=0.00, real=0.02 secs] 
2016-09-13T19:34:44.822-0400: 30.522: [GC (GCLocker Initiated GC) [PSYoungGen: 132826K->32735K(175104K)] 435579K->335773K(699392K), 0.0082371 secs] [Times: user=0.09 sys=0.00, real=0.01 secs] 
2016-09-13T19:34:44.972-0400: 30.672: [GC (GCLocker Initiated GC) [PSYoungGen: 120799K->62929K(175104K)] 425659K->390894K(699392K), 0.0194253 secs] [Times: user=0.20 sys=0.00, real=0.02 secs] 
2016-09-13T19:34:45.118-0400: 30.818: [GC (GCLocker Initiated GC) [PSYoungGen: 150993K->50966K(175104K)] 480586K->398935K(699392K), 0.0150449 secs] [Times: user=0.17 sys=0.00, real=0.01 secs] 
2016-09-13T19:34:45.248-0400: 30.948: [GC (GCLocker Initiated GC) [PSYoungGen: 139030K->53821K(142336K)] 487029K->402100K(666624K), 0.0117111 secs] [Times: user=0.13 sys=0.00, real=0.01 secs] 
2016-09-13T19:34:45.375-0400: 31.075: [GC (GCLocker Initiated GC) [PSYoungGen: 141885K->46122K(177152K)] 490184K->399265K(701440K), 0.0107315 secs] [Times: user=0.07 sys=0.01, real=0.01 secs] 
2016-09-13T19:34:45.547-0400: 31.247: [GC (GCLocker Initiated GC) [PSYoungGen: 137258K->6762K(174080K)] 504093K->392074K(698368K), 0.0089971 secs] [Times: user=0.05 sys=0.01, real=0.02 secs] 
2016-09-13T19:34:45.707-0400: 31.407: [GC (GCLocker Initiated GC) [PSYoungGen: 97898K->41849K(175616K)] 484812K->439660K(699904K), 0.0075246 secs] [Times: user=0.08 sys=0.00, real=0.01 secs] 
2016-09-13T19:34:45.822-0400: 31.522: [GC (GCLocker Initiated GC) [PSYoungGen: 133497K->76666K(175104K)] 531455K->474904K(699392K), 0.0112292 secs] [Times: user=0.10 sys=0.00, real=0.01 secs] 
2016-09-13T19:34:45.964-0400: 31.664: [GC (GCLocker Initiated GC) [PSYoungGen: 168314K->47955K(175104K)] 566602K->455691K(699392K), 0.0079999 secs] [Times: user=0.08 sys=0.00, real=0.01 secs] 
2016-09-13T19:34:46.119-0400: 31.819: [GC (GCLocker Initiated GC) [PSYoungGen: 136019K->55308K(143872K)] 545555K->483404K(668160K), 0.0113714 secs] [Times: user=0.06 sys=0.01, real=0.01 secs] 
2016-09-13T19:34:46.253-0400: 31.953: [GC (GCLocker Initiated GC) [PSYoungGen: 143372K->33977K(175104K)] 571618K->462365K(699392K), 0.0082643 secs] [Times: user=0.08 sys=0.00, real=0.01 secs] 
2016-09-13T19:34:46.399-0400: 32.099: [GC (Allocation Failure) [PSYoungGen: 123065K->62961K(174080K)] 551643K->491686K(698368K), 0.0089678 secs] [Times: user=0.09 sys=0.00, real=0.01 secs] 
2016-09-13T19:34:46.534-0400: 32.234: [GC (GCLocker Initiated GC) [PSYoungGen: 152049K->52331K(174080K)] 580777K->517769K(698368K), 0.0148058 secs] [Times: user=0.20 sys=0.01, real=0.02 secs] 
2016-09-13T19:34:46.705-0400: 32.405: [GC (GCLocker Initiated GC) [PSYoungGen: 142443K->46382K(174592K)] 608063K->512204K(698880K), 0.0139291 secs] [Times: user=0.19 sys=0.00, real=0.02 secs] 
2016-09-13T19:34:46.845-0400: 32.545: [GC (GCLocker Initiated GC) [PSYoungGen: 136494K->56855K(175616K)] 603924K->524649K(699904K), 0.0067475 secs] [Times: user=0.09 sys=0.00, real=0.01 secs] 
2016-09-13T19:34:46.983-0400: 32.683: [GC (GCLocker Initiated GC) [PSYoungGen: 151063K->34258K(175104K)] 618876K->509910K(699392K), 0.0073064 secs] [Times: user=0.09 sys=0.00, real=0.01 secs] 
2016-09-13T19:34:47.117-0400: 32.817: [GC (GCLocker Initiated GC) [PSYoungGen: 128466K->75117K(168448K)] 607233K->577159K(692736K), 0.0113390 secs] [Times: user=0.14 sys=0.01, real=0.01 secs] 
2016-09-13T19:34:47.129-0400: 32.829: [Full GC (Ergonomics) [PSYoungGen: 75117K->0K(168448K)] [ParOldGen: 502041K->53509K(524288K)] 577159K->53509K(692736K), [Metaspace: 44275K->44275K(1087488K)], 0.0560671 secs] [Times: user=0.30 sys=0.01, real=0.05 secs] 
2016-09-13T19:34:47.298-0400: 32.998: [GC (GCLocker Initiated GC) [PSYoungGen: 88064K->63179K(175104K)] 141654K->116777K(699392K), 0.0069255 secs] [Times: user=0.09 sys=0.00, real=0.00 secs] 
2016-09-13T19:34:47.441-0400: 33.141: [GC (GCLocker Initiated GC) [PSYoungGen: 151243K->49420K(171008K)] 204965K->115659K(695296K), 0.0071405 secs] [Times: user=0.07 sys=0.00, real=0.01 secs] 
2016-09-13T19:34:47.567-0400: 33.267: [GC (GCLocker Initiated GC) [PSYoungGen: 137484K->46463K(173056K)] 203935K->113155K(697344K), 0.0101297 secs] [Times: user=0.12 sys=0.01, real=0.02 secs] 
2016-09-13T19:34:47.702-0400: 33.402: [GC (Allocation Failure) [PSYoungGen: 134527K->28062K(176640K)] 207450K->119502K(700928K), 0.0156829 secs] [Times: user=0.16 sys=0.00, real=0.02 secs] 
2016-09-13T19:34:47.870-0400: 33.570: [GC (GCLocker Initiated GC) [PSYoungGen: 121758K->29666K(177152K)] 213201K->125898K(701440K), 0.0188902 secs] [Times: user=0.23 sys=0.00, real=0.02 secs] 
2016-09-13T19:34:48.011-0400: 33.711: [GC (GCLocker Initiated GC) [PSYoungGen: 123362K->38475K(174592K)] 221290K->136688K(698880K), 0.0063797 secs] [Times: user=0.04 sys=0.00, real=0.01 secs] 
2016-09-13T19:34:48.158-0400: 33.858: [GC (GCLocker Initiated GC) [PSYoungGen: 133707K->59890K(176640K)] 231979K->158309K(700928K), 0.0094044 secs] [Times: user=0.06 sys=0.00, real=0.01 secs] 
2016-09-13T19:34:48.315-0400: 34.015: [GC (GCLocker Initiated GC) [PSYoungGen: 155122K->31191K(179712K)] 259730K->157341K(704000K), 0.0074764 secs] [Times: user=0.04 sys=0.00, real=0.01 secs] 
2016-09-13T19:34:48.480-0400: 34.180: [GC (GCLocker Initiated GC) [PSYoungGen: 128471K->60019K(157696K)] 256276K->198749K(681984K), 0.0093312 secs] [Times: user=0.07 sys=0.00, real=0.01 secs] 
2016-09-13T19:34:48.637-0400: 34.337: [GC (Allocation Failure) [PSYoungGen: 157299K->34282K(179712K)] 296051K->173243K(704000K), 0.0106967 secs] [Times: user=0.12 sys=0.00, real=0.01 secs] 
2016-09-13T19:34:48.781-0400: 34.481: [GC (GCLocker Initiated GC) [PSYoungGen: 129921K->44608K(140800K)] 270401K->192844K(665088K), 0.0117725 secs] [Times: user=0.08 sys=0.00, real=0.01 secs] 
2016-09-13T19:34:48.928-0400: 34.628: [GC (GCLocker Initiated GC) [PSYoungGen: 140352K->62866K(171520K)] 288684K->211392K(695808K), 0.0290950 secs] [Times: user=0.24 sys=0.01, real=0.03 secs] 
2016-09-13T19:34:49.097-0400: 34.797: [GC (GCLocker Initiated GC) [PSYoungGen: 155538K->49260K(174592K)] 304154K->197990K(698880K), 0.0106303 secs] [Times: user=0.05 sys=0.00, real=0.00 secs] 
2016-09-13T19:34:49.263-0400: 34.963: [GC (GCLocker Initiated GC) [PSYoungGen: 141932K->31343K(178688K)] 290682K->192501K(702976K), 0.0288218 secs] [Times: user=0.37 sys=0.00, real=0.03 secs] 
2016-09-13T19:34:49.458-0400: 35.158: [GC (GCLocker Initiated GC) [PSYoungGen: 132207K->37052K(179712K)] 293423K->204655K(704000K), 0.0070563 secs] [Times: user=0.08 sys=0.00, real=0.00 secs] 
2016-09-13T19:34:49.594-0400: 35.294: [GC (GCLocker Initiated GC) [PSYoungGen: 137916K->63148K(178688K)] 305644K->243228K(702976K), 0.0079098 secs] [Times: user=0.10 sys=0.00, real=0.01 secs] 
2016-09-13T19:34:49.742-0400: 35.442: [GC (GCLocker Initiated GC) [PSYoungGen: 164524K->23536K(124928K)] 344729K->226784K(649216K), 0.0075923 secs] [Times: user=0.05 sys=0.00, real=0.01 secs] 
2016-09-13T19:34:49.897-0400: 35.597: [GC (GCLocker Initiated GC) [PSYoungGen: 124912K->46319K(183808K)] 328206K->249917K(708096K), 0.0067302 secs] [Times: user=0.09 sys=0.00, real=0.00 secs] 
2016-09-13T19:34:50.069-0400: 35.769: [GC (GCLocker Initiated GC) [PSYoungGen: 148719K->23660K(180736K)] 359987K->235170K(705024K), 0.0064582 secs] [Times: user=0.07 sys=0.00, real=0.01 secs] 
2016-09-13T19:34:50.267-0400: 35.967: [GC (GCLocker Initiated GC) [PSYoungGen: 126060K->27971K(181760K)] 351370K->253525K(706048K), 0.0063413 secs] [Times: user=0.03 sys=0.01, real=0.01 secs] 
2016-09-13T19:34:50.433-0400: 36.133: [GC (GCLocker Initiated GC) [PSYoungGen: 131395K->48019K(180736K)] 357218K->274020K(705024K), 0.0092754 secs] [Times: user=0.11 sys=0.00, real=0.01 secs] 
2016-09-13T19:34:50.608-0400: 36.308: [GC (Allocation Failure) [PSYoungGen: 151443K->46414K(183296K)] 383839K->279114K(707584K), 0.0099625 secs] [Times: user=0.13 sys=0.00, real=0.01 secs] 
2016-09-13T19:34:50.618-0400: 36.318: [GC (GCLocker Initiated GC) [PSYoungGen: 46426K->32K(182784K)] 279126K->278798K(707072K), 0.0064672 secs] [Times: user=0.09 sys=0.00, real=0.00 secs] 
2016-09-13T19:34:50.785-0400: 36.485: [GC (GCLocker Initiated GC) [PSYoungGen: 108064K->78394K(166912K)] 386843K->378436K(691200K), 0.0084508 secs] [Times: user=0.11 sys=0.00, real=0.01 secs] 
2016-09-13T19:34:50.909-0400: 36.609: [GC (GCLocker Initiated GC) [PSYoungGen: 166458K->41825K(175104K)] 472756K->392566K(699392K), 0.0094964 secs] [Times: user=0.11 sys=0.01, real=0.01 secs] 
2016-09-13T19:34:51.069-0400: 36.769: [GC (GCLocker Initiated GC) [PSYoungGen: 129889K->29602K(168960K)] 486834K->386764K(693248K), 0.0200203 secs] [Times: user=0.27 sys=0.00, real=0.02 secs] 
2016-09-13T19:34:51.267-0400: 36.967: [GC (GCLocker Initiated GC) [PSYoungGen: 119714K->49297K(173056K)] 492098K->428040K(697344K), 0.0254222 secs] [Times: user=0.29 sys=0.02, real=0.03 secs] 
2016-09-13T19:34:51.430-0400: 37.130: [GC (GCLocker Initiated GC) [PSYoungGen: 139409K->57041K(177152K)] 518245K->437716K(701440K), 0.0103769 secs] [Times: user=0.12 sys=0.00, real=0.01 secs] 
2016-09-13T19:34:51.569-0400: 37.269: [GC (GCLocker Initiated GC) [PSYoungGen: 152273K->44800K(140288K)] 534628K->438127K(664576K), 0.0076792 secs] [Times: user=0.08 sys=0.00, real=0.01 secs] 
2016-09-13T19:34:51.716-0400: 37.416: [GC (GCLocker Initiated GC) [PSYoungGen: 140032K->38784K(179200K)] 547056K->464233K(703488K), 0.0214402 secs] [Times: user=0.29 sys=0.00, real=0.02 secs] 
2016-09-13T19:34:51.878-0400: 37.578: [GC (GCLocker Initiated GC) [PSYoungGen: 138112K->47805K(176640K)] 563754K->484323K(700928K), 0.0113471 secs] [Times: user=0.13 sys=0.00, real=0.01 secs] 
2016-09-13T19:34:52.043-0400: 37.743: [GC (GCLocker Initiated GC) [PSYoungGen: 147133K->32777K(182272K)] 583833K->475769K(706560K), 0.0139874 secs] [Times: user=0.18 sys=0.00, real=0.02 secs] 
2016-09-13T19:34:52.222-0400: 37.922: [GC (GCLocker Initiated GC) [PSYoungGen: 139273K->49320K(180736K)] 582279K->492598K(705024K), 0.0076497 secs] [Times: user=0.10 sys=0.00, real=0.01 secs] 
2016-09-13T19:34:52.383-0400: 38.083: [GC (GCLocker Initiated GC) [PSYoungGen: 155816K->31162K(186880K)] 600668K->482253K(711168K), 0.0095864 secs] [Times: user=0.09 sys=0.00, real=0.01 secs] 
2016-09-13T19:34:52.572-0400: 38.272: [GC (GCLocker Initiated GC) [PSYoungGen: 144314K->5292K(185856K)] 598603K->459791K(710144K), 0.0136866 secs] [Times: user=0.12 sys=0.00, real=0.01 secs] 
2016-09-13T19:34:52.766-0400: 38.466: [GC (GCLocker Initiated GC) [PSYoungGen: 118444K->27897K(187392K)] 574482K->484050K(711680K), 0.0067712 secs] [Times: user=0.05 sys=0.01, real=0.01 secs] 
2016-09-13T19:34:52.928-0400: 38.628: [GC (GCLocker Initiated GC) [PSYoungGen: 140537K->70778K(183808K)] 596768K->539412K(708096K), 0.0221613 secs] [Times: user=0.25 sys=0.00, real=0.02 secs] 
2016-09-13T19:34:53.115-0400: 38.815: [GC (GCLocker Initiated GC) [PSYoungGen: 183418K->67612K(166400K)] 653752K->565644K(690688K), 0.0216563 secs] [Times: user=0.24 sys=0.01, real=0.03 secs] 
2016-09-13T19:34:53.137-0400: 38.837: [Full GC (Ergonomics) [PSYoungGen: 67612K->0K(166400K)] [ParOldGen: 498032K->46546K(524288K)] 565644K->46546K(690688K), [Metaspace: 44323K->44323K(1087488K)], 0.0604038 secs] [Times: user=0.35 sys=0.01, real=0.06 secs] 
2016-09-13T19:34:53.330-0400: 39.030: [GC (GCLocker Initiated GC) [PSYoungGen: 88064K->75302K(175104K)] 134775K->122013K(699392K), 0.0100295 secs] [Times: user=0.13 sys=0.00, real=0.01 secs] 
2016-09-13T19:34:53.462-0400: 39.162: [GC (GCLocker Initiated GC) [PSYoungGen: 163366K->52363K(175104K)] 211770K->111793K(699392K), 0.0068687 secs] [Times: user=0.09 sys=0.00, real=0.01 secs] 
2016-09-13T19:34:53.615-0400: 39.315: [GC (GCLocker Initiated GC) [PSYoungGen: 140427K->28225K(175104K)] 207650K->106349K(699392K), 0.0063634 secs] [Times: user=0.07 sys=0.01, real=0.01 secs] 
2016-09-13T19:34:53.750-0400: 39.450: [GC (GCLocker Initiated GC) [PSYoungGen: 116289K->52357K(175104K)] 194440K->130821K(699392K), 0.0117769 secs] [Times: user=0.14 sys=0.00, real=0.01 secs] 
2016-09-13T19:34:53.859-0400: 39.559: [GC (GCLocker Initiated GC) [PSYoungGen: 140421K->50752K(175104K)] 219029K->149266K(699392K), 0.0090344 secs] [Times: user=0.09 sys=0.00, real=0.01 secs] 
2016-09-13T19:34:54.000-0400: 39.700: [GC (Allocation Failure) [PSYoungGen: 138816K->28157K(173056K)] 237646K->134787K(697344K), 0.0062708 secs] [Times: user=0.06 sys=0.01, real=0.00 secs] 
2016-09-13T19:34:54.123-0400: 39.823: [GC (GCLocker Initiated GC) [PSYoungGen: 116221K->69009K(174080K)] 222860K->175924K(698368K), 0.0099990 secs] [Times: user=0.12 sys=0.01, real=0.01 secs] 
2016-09-13T19:34:54.277-0400: 39.977: [GC (GCLocker Initiated GC) [PSYoungGen: 157073K->54063K(175104K)] 264162K->161286K(699392K), 0.0116280 secs] [Times: user=0.14 sys=0.00, real=0.01 secs] 
2016-09-13T19:34:54.428-0400: 40.128: [GC (GCLocker Initiated GC) [PSYoungGen: 142127K->37137K(175104K)] 249389K->147642K(699392K), 0.0111219 secs] [Times: user=0.04 sys=0.00, real=0.01 secs] 
2016-09-13T19:34:54.584-0400: 40.284: [GC (GCLocker Initiated GC) [PSYoungGen: 125201K->27972K(173056K)] 237264K->153969K(697344K), 0.0103011 secs] [Times: user=0.12 sys=0.00, real=0.01 secs] 
2016-09-13T19:34:54.715-0400: 40.415: [GC (GCLocker Initiated GC) [PSYoungGen: 116036K->47896K(174080K)] 248299K->192479K(698368K), 0.0070332 secs] [Times: user=0.10 sys=0.00, real=0.01 secs] 
2016-09-13T19:34:54.865-0400: 40.565: [GC (GCLocker Initiated GC) [PSYoungGen: 135960K->47869K(171520K)] 286667K->207981K(695808K), 0.0073177 secs] [Times: user=0.07 sys=0.00, real=0.01 secs] 
2016-09-13T19:34:55.023-0400: 40.723: [GC (GCLocker Initiated GC) [PSYoungGen: 140541K->53753K(173056K)] 300683K->215647K(697344K), 0.0262940 secs] [Times: user=0.33 sys=0.00, real=0.03 secs] 
2016-09-13T19:34:55.195-0400: 40.895: [GC (GCLocker Initiated GC) [PSYoungGen: 146425K->26445K(181248K)] 314507K->200815K(705536K), 0.0119885 secs] [Times: user=0.12 sys=0.00, real=0.01 secs] 
2016-09-13T19:34:55.332-0400: 41.032: [GC (Allocation Failure) [PSYoungGen: 128333K->51030K(181760K)] 302901K->225953K(706048K), 0.0171237 secs] [Times: user=0.25 sys=0.00, real=0.02 secs] 
2016-09-13T19:34:55.504-0400: 41.204: [GC (GCLocker Initiated GC) [PSYoungGen: 152918K->64602K(175104K)] 327842K->239741K(699392K), 0.0121442 secs] [Times: user=0.13 sys=0.00, real=0.02 secs] 
2016-09-13T19:34:55.679-0400: 41.379: [GC (GCLocker Initiated GC) [PSYoungGen: 160858K->67486K(163840K)] 337692K->244498K(688128K), 0.0099406 secs] [Times: user=0.13 sys=0.00, real=0.01 secs] 
2016-09-13T19:34:55.835-0400: 41.535: [GC (GCLocker Initiated GC) [PSYoungGen: 163742K->46559K(178688K)] 342418K->225471K(702976K), 0.0094101 secs] [Times: user=0.11 sys=0.01, real=0.01 secs] 
2016-09-13T19:34:56.000-0400: 41.700: [GC (GCLocker Initiated GC) [PSYoungGen: 138207K->23468K(175104K)] 318764K->204243K(699392K), 0.0049003 secs] [Times: user=0.04 sys=0.00, real=0.00 secs] 
2016-09-13T19:34:56.149-0400: 41.849: [GC (GCLocker Initiated GC) [PSYoungGen: 115116K->30844K(177152K)] 296100K->212022K(701440K), 0.0157258 secs] [Times: user=0.18 sys=0.00, real=0.01 secs] 
2016-09-13T19:34:56.287-0400: 41.987: [GC (Allocation Failure) [PSYoungGen: 123516K->44730K(137728K)] 304822K->227752K(662016K), 0.0109866 secs] [Times: user=0.09 sys=0.00, real=0.02 secs] 
2016-09-13T19:34:56.434-0400: 42.134: [GC (Allocation Failure) [PSYoungGen: 137402K->46378K(176128K)] 320424K->244911K(700416K), 0.0110108 secs] [Times: user=0.16 sys=0.01, real=0.01 secs] 
2016-09-13T19:34:56.615-0400: 42.315: [GC (GCLocker Initiated GC) [PSYoungGen: 139779K->27998K(173568K)] 344387K->232800K(697856K), 0.0085003 secs] [Times: user=0.08 sys=0.01, real=0.01 secs] 
2016-09-13T19:34:56.761-0400: 42.461: [GC (GCLocker Initiated GC) [PSYoungGen: 124766K->64544K(176640K)] 329570K->269625K(700928K), 0.0191115 secs] [Times: user=0.24 sys=0.00, real=0.02 secs] 
2016-09-13T19:34:56.914-0400: 42.614: [GC (GCLocker Initiated GC) [PSYoungGen: 164896K->46500K(181248K)] 370006K->270120K(705536K), 0.0136721 secs] [Times: user=0.19 sys=0.00, real=0.01 secs] 
2016-09-13T19:34:57.066-0400: 42.766: [GC (GCLocker Initiated GC) [PSYoungGen: 146852K->64544K(176128K)] 370544K->288528K(700416K), 0.0088114 secs] [Times: user=0.08 sys=0.01, real=0.01 secs] 
2016-09-13T19:34:57.242-0400: 42.942: [GC (GCLocker Initiated GC) [PSYoungGen: 162848K->47705K(180224K)] 387072K->272072K(704512K), 0.0262687 secs] [Times: user=0.27 sys=0.00, real=0.03 secs] 
2016-09-13T19:34:57.415-0400: 43.115: [GC (GCLocker Initiated GC) [PSYoungGen: 146009K->31004K(179712K)] 372083K->261863K(704000K), 0.0102045 secs] [Times: user=0.11 sys=0.00, real=0.01 secs] 
2016-09-13T19:34:57.559-0400: 43.259: [GC (GCLocker Initiated GC) [PSYoungGen: 132892K->43217K(180224K)] 363909K->282030K(704512K), 0.0072836 secs] [Times: user=0.07 sys=0.00, real=0.00 secs] 
2016-09-13T19:34:57.714-0400: 43.414: [GC (GCLocker Initiated GC) [PSYoungGen: 145105K->44545K(181248K)] 390026K->307900K(705536K), 0.0317741 secs] [Times: user=0.33 sys=0.00, real=0.03 secs] 
2016-09-13T19:34:57.907-0400: 43.607: [GC (GCLocker Initiated GC) [PSYoungGen: 153089K->28247K(181248K)] 430213K->311633K(705536K), 0.0105491 secs] [Times: user=0.10 sys=0.00, real=0.02 secs] 
2016-09-13T19:34:58.097-0400: 43.797: [GC (GCLocker Initiated GC) [PSYoungGen: 136791K->49352K(188416K)] 420227K->334602K(712704K), 0.0066581 secs] [Times: user=0.07 sys=0.00, real=0.00 secs] 
2016-09-13T19:34:58.281-0400: 43.981: [GC (GCLocker Initiated GC) [PSYoungGen: 166088K->66158K(183296K)] 451357K->351582K(707584K), 0.0208445 secs] [Times: user=0.26 sys=0.00, real=0.02 secs] 
2016-09-13T19:34:58.469-0400: 44.169: [GC (GCLocker Initiated GC) [PSYoungGen: 182894K->46286K(187904K)] 468323K->333418K(712192K), 0.0139561 secs] [Times: user=0.17 sys=0.00, real=0.01 secs] 
2016-09-13T19:34:58.651-0400: 44.351: [GC (GCLocker Initiated GC) [PSYoungGen: 156878K->49559K(160256K)] 444060K->336999K(684544K), 0.0070095 secs] [Times: user=0.06 sys=0.00, real=0.01 secs] 
2016-09-13T19:34:58.825-0400: 44.525: [GC (GCLocker Initiated GC) [PSYoungGen: 160151K->54034K(183296K)] 447611K->346366K(707584K), 0.0200308 secs] [Times: user=0.24 sys=0.00, real=0.02 secs] 
2016-09-13T19:34:59.009-0400: 44.709: [GC (GCLocker Initiated GC) [PSYoungGen: 164626K->26416K(183296K)] 463125K->332831K(707584K), 0.0078020 secs] [Times: user=0.05 sys=0.00, real=0.01 secs] 
2016-09-13T19:34:59.199-0400: 44.899: [GC (GCLocker Initiated GC) [PSYoungGen: 137008K->41661K(186368K)] 443674K->348497K(710656K), 0.0164276 secs] [Times: user=0.11 sys=0.00, real=0.01 secs] 
2016-09-13T19:34:59.389-0400: 45.089: [GC (GCLocker Initiated GC) [PSYoungGen: 157373K->46287K(187392K)] 465965K->355178K(711680K), 0.0258600 secs] [Times: user=0.29 sys=0.00, real=0.02 secs] 
2016-09-13T19:34:59.579-0400: 45.279: [GC (Allocation Failure) [PSYoungGen: 161999K->32543K(189952K)] 478601K->349268K(714240K), 0.0202225 secs] [Times: user=0.20 sys=0.00, real=0.02 secs] 
2016-09-13T19:34:59.774-0400: 45.474: [GC (GCLocker Initiated GC) [PSYoungGen: 152863K->41762K(189440K)] 469594K->364751K(713728K), 0.0263833 secs] [Times: user=0.30 sys=0.01, real=0.03 secs] 
2016-09-13T19:34:59.966-0400: 45.666: [GC (GCLocker Initiated GC) [PSYoungGen: 162082K->14700K(187904K)] 491155K->343990K(712192K), 0.0110477 secs] [Times: user=0.13 sys=0.00, real=0.02 secs] 
2016-09-13T19:35:00.162-0400: 45.862: [GC (GCLocker Initiated GC) [PSYoungGen: 135532K->29483K(190464K)] 464906K->359067K(714752K), 0.0134719 secs] [Times: user=0.14 sys=0.00, real=0.01 secs] 
2016-09-13T19:35:00.403-0400: 46.103: [GC (GCLocker Initiated GC) [PSYoungGen: 150315K->64513K(180224K)] 481710K->396058K(704512K), 0.0229106 secs] [Times: user=0.26 sys=0.00, real=0.02 secs] 
2016-09-13T19:35:00.572-0400: 46.272: [GC (GCLocker Initiated GC) [PSYoungGen: 176129K->70641K(182272K)] 507732K->419105K(706560K), 0.0177138 secs] [Times: user=0.18 sys=0.00, real=0.02 secs] 
2016-09-13T19:35:00.737-0400: 46.437: [GC (GCLocker Initiated GC) [PSYoungGen: 182257K->56821K(176128K)] 531077K->452943K(700416K), 0.0252868 secs] [Times: user=0.25 sys=0.01, real=0.02 secs] 
2016-09-13T19:35:00.912-0400: 46.612: [GC (Allocation Failure) [PSYoungGen: 153077K->35527K(179200K)] 549227K->431859K(703488K), 0.0140736 secs] [Times: user=0.14 sys=0.00, real=0.01 secs] 
2016-09-13T19:35:01.064-0400: 46.764: [GC (GCLocker Initiated GC) [PSYoungGen: 130544K->44571K(170496K)] 528394K->451665K(694784K), 0.0153000 secs] [Times: user=0.17 sys=0.00, real=0.02 secs] 
2016-09-13T19:35:01.226-0400: 46.926: [GC (GCLocker Initiated GC) [PSYoungGen: 142363K->23504K(175616K)] 557230K->438560K(699904K), 0.0105486 secs] [Times: user=0.11 sys=0.00, real=0.02 secs] 
2016-09-13T19:35:01.389-0400: 47.089: [GC (GCLocker Initiated GC) [PSYoungGen: 121296K->32745K(180736K)] 537994K->449755K(705024K), 0.0091349 secs] [Times: user=0.11 sys=0.00, real=0.01 secs] 
2016-09-13T19:35:01.537-0400: 47.236: [GC (GCLocker Initiated GC) [PSYoungGen: 138729K->43340K(182272K)] 555820K->465269K(706560K), 0.0080436 secs] [Times: user=0.08 sys=0.00, real=0.00 secs] 
2016-09-13T19:35:01.714-0400: 47.414: [GC (GCLocker Initiated GC) [PSYoungGen: 149324K->28151K(184832K)] 578960K->458080K(709120K), 0.0134151 secs] [Times: user=0.13 sys=0.00, real=0.01 secs] 
2016-09-13T19:35:01.913-0400: 47.613: [GC (GCLocker Initiated GC) [PSYoungGen: 139767K->44881K(184320K)] 576071K->489074K(708608K), 0.0113076 secs] [Times: user=0.12 sys=0.00, real=0.01 secs] 
2016-09-13T19:35:02.091-0400: 47.791: [GC (GCLocker Initiated GC) [PSYoungGen: 156497K->43243K(187392K)] 600793K->487662K(711680K), 0.0259387 secs] [Times: user=0.26 sys=0.01, real=0.03 secs] 
2016-09-13T19:35:02.285-0400: 47.985: [GC (Allocation Failure) [PSYoungGen: 161515K->47890K(187392K)] 606103K->492817K(711680K), 0.0071915 secs] [Times: user=0.07 sys=0.00, real=0.01 secs] 
2016-09-13T19:35:02.292-0400: 47.992: [GC (GCLocker Initiated GC) [PSYoungGen: 47899K->32K(184320K)] 492826K->495623K(708608K), 0.0085535 secs] [Times: user=0.10 sys=0.00, real=0.01 secs] 
2016-09-13T19:35:02.301-0400: 48.001: [Full GC (Ergonomics) [PSYoungGen: 32K->0K(184320K)] [ParOldGen: 495591K->38365K(524288K)] 495623K->38365K(708608K), [Metaspace: 44346K->44346K(1087488K)], 0.0923746 secs] [Times: user=0.47 sys=0.05, real=0.09 secs] 
2016-09-13T19:35:02.537-0400: 48.237: [GC (GCLocker Initiated GC) [PSYoungGen: 115552K->66061K(182272K)] 155437K->105946K(706560K), 0.0158561 secs] [Times: user=0.18 sys=0.00, real=0.01 secs] 
2016-09-13T19:35:02.692-0400: 48.392: [GC (GCLocker Initiated GC) [PSYoungGen: 181773K->46378K(183808K)] 224978K->118917K(708096K), 0.0130433 secs] [Times: user=0.19 sys=0.00, real=0.01 secs] 
2016-09-13T19:35:02.857-0400: 48.557: [GC (GCLocker Initiated GC) [PSYoungGen: 150314K->49356K(153600K)] 223029K->125338K(677888K), 0.0137798 secs] [Times: user=0.17 sys=0.00, real=0.01 secs] 
2016-09-13T19:35:03.023-0400: 48.723: [GC (GCLocker Initiated GC) [PSYoungGen: 153292K->46181K(183808K)] 229301K->125496K(708096K), 0.0149694 secs] [Times: user=0.20 sys=0.01, real=0.02 secs] 
2016-09-13T19:35:03.194-0400: 48.894: [GC (GCLocker Initiated GC) [PSYoungGen: 152165K->43248K(149504K)] 231698K->127551K(673792K), 0.0287040 secs] [Times: user=0.41 sys=0.00, real=0.03 secs] 
2016-09-13T19:35:03.399-0400: 49.099: [GC (Allocation Failure) [PSYoungGen: 149232K->5376K(178176K)] 241257K->97619K(702464K), 0.0034504 secs] [Times: user=0.02 sys=0.00, real=0.00 secs] 
2016-09-13T19:35:03.574-0400: 49.274: [GC (GCLocker Initiated GC) [PSYoungGen: 110848K->19049K(181248K)] 203093K->111550K(705536K), 0.0136124 secs] [Times: user=0.16 sys=0.00, real=0.01 secs] 
2016-09-13T19:35:03.712-0400: 49.412: [GC (Allocation Failure) [PSYoungGen: 124521K->50998K(184320K)] 223295K->149955K(708608K), 0.0067521 secs] [Times: user=0.09 sys=0.00, real=0.01 secs] 
2016-09-13T19:35:03.880-0400: 49.580: [GC (GCLocker Initiated GC) [PSYoungGen: 159542K->51061K(159744K)] 258500K->150240K(684032K), 0.0077371 secs] [Times: user=0.07 sys=0.01, real=0.00 secs] 
2016-09-13T19:35:04.062-0400: 49.762: [GC (GCLocker Initiated GC) [PSYoungGen: 159605K->44864K(185856K)] 265127K->150596K(710144K), 0.0070332 secs] [Times: user=0.08 sys=0.00, real=0.01 secs] 
2016-09-13T19:35:04.244-0400: 49.944: [GC (GCLocker Initiated GC) [PSYoungGen: 152896K->50939K(184320K)] 258826K->157103K(708608K), 0.0068906 secs] [Times: user=0.08 sys=0.00, real=0.01 secs] 
2016-09-13T19:35:04.463-0400: 50.163: [GC (GCLocker Initiated GC) [PSYoungGen: 158971K->9905K(182272K)] 279066K->130139K(706560K), 0.0033566 secs] [Times: user=0.01 sys=0.02, real=0.00 secs] 
2016-09-13T19:35:04.627-0400: 50.327: [GC (GCLocker Initiated GC) [PSYoungGen: 115377K->49096K(183808K)] 235627K->169496K(708096K), 0.0084957 secs] [Times: user=0.07 sys=0.00, real=0.01 secs] 
2016-09-13T19:35:04.778-0400: 50.478: [GC (GCLocker Initiated GC) [PSYoungGen: 154568K->50806K(182784K)] 275034K->179004K(707072K), 0.0170606 secs] [Times: user=0.18 sys=0.00, real=0.01 secs] 
2016-09-13T19:35:04.947-0400: 50.647: [GC (GCLocker Initiated GC) [PSYoungGen: 155254K->43149K(147968K)] 283549K->173228K(672256K), 0.0225117 secs] [Times: user=0.17 sys=0.00, real=0.03 secs] 
2016-09-13T19:35:05.129-0400: 50.829: [GC (GCLocker Initiated GC) [PSYoungGen: 147597K->44853K(183296K)] 280901K->178336K(707584K), 0.0271492 secs] [Times: user=0.28 sys=0.00, real=0.03 secs] 
2016-09-13T19:35:05.302-0400: 51.002: [GC (GCLocker Initiated GC) [PSYoungGen: 151861K->73560K(180736K)] 285486K->213453K(705024K), 0.0208173 secs] [Times: user=0.20 sys=0.01, real=0.02 secs] 
2016-09-13T19:35:05.476-0400: 51.176: [GC (GCLocker Initiated GC) [PSYoungGen: 180568K->51029K(180736K)] 320556K->191176K(705024K), 0.0266477 secs] [Times: user=0.26 sys=0.00, real=0.03 secs] 
2016-09-13T19:35:05.652-0400: 51.352: [GC (GCLocker Initiated GC) [PSYoungGen: 150357K->29643K(129024K)] 296652K->186874K(653312K), 0.0147465 secs] [Times: user=0.18 sys=0.00, real=0.01 secs] 
2016-09-13T19:35:05.839-0400: 51.539: [GC (GCLocker Initiated GC) [PSYoungGen: 128971K->59887K(176640K)] 287970K->223687K(700928K), 0.0162836 secs] [Times: user=0.18 sys=0.00, real=0.01 secs] 
2016-09-13T19:35:06.011-0400: 51.711: [GC (GCLocker Initiated GC) [PSYoungGen: 156143K->28120K(179200K)] 323065K->195288K(703488K), 0.0104470 secs] [Times: user=0.10 sys=0.02, real=0.01 secs] 
2016-09-13T19:35:06.152-0400: 51.852: [GC (GCLocker Initiated GC) [PSYoungGen: 124376K->78149K(169984K)] 291709K->245707K(694272K), 0.0251119 secs] [Times: user=0.25 sys=0.01, real=0.03 secs] 
2016-09-13T19:35:06.297-0400: 51.997: [GC (GCLocker Initiated GC) [PSYoungGen: 166213K->47864K(175104K)] 335340K->273340K(699392K), 0.0112689 secs] [Times: user=0.10 sys=0.01, real=0.01 secs] 
2016-09-13T19:35:06.426-0400: 52.126: [GC (GCLocker Initiated GC) [PSYoungGen: 135928K->32581K(172032K)] 367541K->264382K(696320K), 0.0102682 secs] [Times: user=0.10 sys=0.00, real=0.02 secs] 
2016-09-13T19:35:06.575-0400: 52.275: [GC (GCLocker Initiated GC) [PSYoungGen: 120645K->26320K(173568K)] 358742K->264646K(697856K), 0.0071033 secs] [Times: user=0.05 sys=0.01, real=0.01 secs] 
2016-09-13T19:35:06.717-0400: 52.417: [GC (GCLocker Initiated GC) [PSYoungGen: 114384K->49100K(172032K)] 352899K->292368K(696320K), 0.0311531 secs] [Times: user=0.25 sys=0.00, real=0.03 secs] 
2016-09-13T19:35:06.880-0400: 52.580: [GC (GCLocker Initiated GC) [PSYoungGen: 140748K->27902K(174592K)] 385639K->272907K(698880K), 0.0253862 secs] [Times: user=0.27 sys=0.00, real=0.02 secs] 
2016-09-13T19:35:07.038-0400: 52.738: [GC (GCLocker Initiated GC) [PSYoungGen: 119550K->46287K(173056K)] 364653K->291581K(697344K), 0.0091122 secs] [Times: user=0.09 sys=0.00, real=0.00 secs] 
2016-09-13T19:35:07.186-0400: 52.886: [GC (GCLocker Initiated GC) [PSYoungGen: 143567K->49383K(176640K)] 389060K->295137K(700928K), 0.0183906 secs] [Times: user=0.21 sys=0.00, real=0.02 secs] 
2016-09-13T19:35:07.327-0400: 53.027: [GC (GCLocker Initiated GC) [PSYoungGen: 146663K->26388K(180224K)] 392660K->300089K(704512K), 0.0080842 secs] [Times: user=0.08 sys=0.00, real=0.01 secs] 
2016-09-13T19:35:07.500-0400: 53.200: [GC (Allocation Failure) [PSYoungGen: 131348K->23654K(182272K)] 412648K->305194K(706560K), 0.0335188 secs] [Times: user=0.41 sys=0.00, real=0.03 secs] 
2016-09-13T19:35:07.678-0400: 53.378: [GC (GCLocker Initiated GC) [PSYoungGen: 124827K->23586K(183296K)] 412442K->311502K(707584K), 0.0105383 secs] [Times: user=0.12 sys=0.00, real=0.01 secs] 
2016-09-13T19:35:07.861-0400: 53.561: [GC (Allocation Failure) [PSYoungGen: 131618K->8216K(184320K)] 431992K->308771K(708608K), 0.0150740 secs] [Times: user=0.10 sys=0.00, real=0.02 secs] 
2016-09-13T19:35:08.051-0400: 53.751: [GC (GCLocker Initiated GC) [PSYoungGen: 114830K->44799K(185344K)] 421460K->351670K(709632K), 0.0112035 secs] [Times: user=0.08 sys=0.00, real=0.01 secs] 
2016-09-13T19:35:08.231-0400: 53.931: [GC (GCLocker Initiated GC) [PSYoungGen: 152831K->50874K(159232K)] 459874K->358127K(683520K), 0.0172193 secs] [Times: user=0.19 sys=0.00, real=0.02 secs] 
2016-09-13T19:35:08.395-0400: 54.095: [GC (GCLocker Initiated GC) [PSYoungGen: 158906K->32555K(186880K)] 466326K->340216K(711168K), 0.0064521 secs] [Times: user=0.08 sys=0.00, real=0.01 secs] 
2016-09-13T19:35:08.575-0400: 54.275: [GC (GCLocker Initiated GC) [PSYoungGen: 141099K->24863K(133632K)] 456712K->340607K(657920K), 0.0124918 secs] [Times: user=0.09 sys=0.01, real=0.02 secs] 
2016-09-13T19:35:08.755-0400: 54.455: [GC (GCLocker Initiated GC) [PSYoungGen: 133407K->22038K(182784K)] 450860K->339669K(707072K), 0.0103288 secs] [Times: user=0.06 sys=0.00, real=0.01 secs] 
2016-09-13T19:35:08.936-0400: 54.636: [GC (GCLocker Initiated GC) [PSYoungGen: 131606K->50907K(181760K)] 449482K->369025K(706048K), 0.0101721 secs] [Times: user=0.13 sys=0.00, real=0.00 secs] 
2016-09-13T19:35:09.113-0400: 54.813: [GC (GCLocker Initiated GC) [PSYoungGen: 160475K->46249K(187904K)] 478662K->364551K(712192K), 0.0090686 secs] [Times: user=0.06 sys=0.00, real=0.01 secs] 
2016-09-13T19:35:09.324-0400: 55.024: [GC (GCLocker Initiated GC) [PSYoungGen: 159913K->28189K(142336K)] 484426K->362130K(666624K), 0.0217924 secs] [Times: user=0.32 sys=0.00, real=0.02 secs] 
2016-09-13T19:35:09.522-0400: 55.222: [GC (GCLocker Initiated GC) [PSYoungGen: 141853K->56982K(181760K)] 475988K->391383K(706048K), 0.0094525 secs] [Times: user=0.08 sys=0.00, real=0.01 secs] 
2016-09-13T19:35:09.689-0400: 55.389: [GC (GCLocker Initiated GC) [PSYoungGen: 166550K->24896K(185856K)] 502495K->360979K(710144K), 0.0059278 secs] [Times: user=0.06 sys=0.00, real=0.00 secs] 
2016-09-13T19:35:09.865-0400: 55.565: [GC (GCLocker Initiated GC) [PSYoungGen: 134464K->50838K(184320K)] 470683K->388743K(708608K), 0.0135585 secs] [Times: user=0.16 sys=0.00, real=0.02 secs] 
2016-09-13T19:35:10.044-0400: 55.744: [GC (GCLocker Initiated GC) [PSYoungGen: 160406K->43084K(153088K)] 498507K->387448K(677376K), 0.0167286 secs] [Times: user=0.12 sys=0.00, real=0.02 secs] 
2016-09-13T19:35:10.222-0400: 55.922: [GC (GCLocker Initiated GC) [PSYoungGen: 152652K->43247K(187392K)] 497050K->387898K(711680K), 0.0264731 secs] [Times: user=0.26 sys=0.00, real=0.03 secs] 
2016-09-13T19:35:10.419-0400: 56.119: [GC (GCLocker Initiated GC) [PSYoungGen: 156399K->46376K(185344K)] 507232K->398993K(709632K), 0.0127923 secs] [Times: user=0.12 sys=0.00, real=0.01 secs] 
2016-09-13T19:35:10.579-0400: 56.279: [GC (GCLocker Initiated GC) [PSYoungGen: 159528K->32459K(187904K)] 513686K->386826K(712192K), 0.0458935 secs] [Times: user=0.49 sys=0.00, real=0.04 secs] 
2016-09-13T19:35:10.787-0400: 56.487: [GC (GCLocker Initiated GC) [PSYoungGen: 150219K->31030K(187392K)] 510692K->397666K(711680K), 0.0100096 secs] [Times: user=0.08 sys=0.00, real=0.02 secs] 
2016-09-13T19:35:10.971-0400: 56.671: [GC (Allocation Failure) [PSYoungGen: 148790K->23409K(190976K)] 521744K->405686K(715264K), 0.0336960 secs] [Times: user=0.38 sys=0.00, real=0.03 secs] 
2016-09-13T19:35:11.184-0400: 56.884: [GC (GCLocker Initiated GC) [PSYoungGen: 145599K->41633K(190464K)] 529395K->425623K(714752K), 0.0156903 secs] [Times: user=0.15 sys=0.00, real=0.02 secs] 
2016-09-13T19:35:11.363-0400: 57.063: [GC (GCLocker Initiated GC) [PSYoungGen: 164513K->52575K(190464K)] 548721K->436961K(714752K), 0.0108231 secs] [Times: user=0.11 sys=0.00, real=0.01 secs] 
2016-09-13T19:35:11.595-0400: 57.295: [GC (Allocation Failure) [PSYoungGen: 176479K->41597K(193024K)] 561220K->426511K(717312K), 0.0115630 secs] [Times: user=0.08 sys=0.01, real=0.01 secs] 
2016-09-13T19:35:11.791-0400: 57.491: [GC (GCLocker Initiated GC) [PSYoungGen: 165501K->41566K(188416K)] 550421K->426679K(712704K), 0.0264050 secs] [Times: user=0.30 sys=0.00, real=0.03 secs] 
2016-09-13T19:35:12.048-0400: 57.748: [GC (GCLocker Initiated GC) [PSYoungGen: 167518K->23372K(190976K)] 560388K->416282K(715264K), 0.0124284 secs] [Times: user=0.10 sys=0.00, real=0.01 secs] 
2016-09-13T19:35:12.230-0400: 57.930: [GC (GCLocker Initiated GC) [PSYoungGen: 149324K->59951K(186368K)] 545295K->462148K(710656K), 0.0139813 secs] [Times: user=0.14 sys=0.02, real=0.01 secs] 
2016-09-13T19:35:12.408-0400: 58.108: [GC (GCLocker Initiated GC) [PSYoungGen: 180783K->43403K(191488K)] 589247K->476388K(715776K), 0.0150058 secs] [Times: user=0.17 sys=0.00, real=0.01 secs] 
2016-09-13T19:35:12.614-0400: 58.314: [GC (GCLocker Initiated GC) [PSYoungGen: 164235K->50748K(190976K)] 597269K->484062K(715264K), 0.0105836 secs] [Times: user=0.10 sys=0.01, real=0.01 secs] 
2016-09-13T19:35:12.826-0400: 58.526: [GC (GCLocker Initiated GC) [PSYoungGen: 172604K->68972K(190976K)] 605948K->538838K(715264K), 0.0318159 secs] [Times: user=0.33 sys=0.00, real=0.04 secs] 
2016-09-13T19:35:13.027-0400: 58.727: [GC (GCLocker Initiated GC) [PSYoungGen: 190828K->50774K(179712K)] 662369K->545223K(704000K), 0.0144127 secs] [Times: user=0.13 sys=0.00, real=0.02 secs] 
2016-09-13T19:35:13.041-0400: 58.741: [Full GC (Ergonomics) [PSYoungGen: 50774K->0K(179712K)] [ParOldGen: 494449K->44651K(524288K)] 545223K->44651K(704000K), [Metaspace: 44370K->44370K(1087488K)], 0.0675623 secs] [Times: user=0.29 sys=0.01, real=0.07 secs] 
2016-09-13T19:35:13.266-0400: 58.966: [GC (GCLocker Initiated GC) [PSYoungGen: 108544K->76789K(185344K)] 159402K->147415K(709632K), 0.0120571 secs] [Times: user=0.13 sys=0.00, real=0.02 secs] 
2016-09-13T19:35:13.425-0400: 59.125: [GC (GCLocker Initiated GC) [PSYoungGen: 185333K->17457K(164864K)] 262078K->153829K(689152K), 0.0280194 secs] [Times: user=0.28 sys=0.00, real=0.03 secs] 
2016-09-13T19:35:13.600-0400: 59.300: [GC (GCLocker Initiated GC) [PSYoungGen: 105521K->64294K(175104K)] 242001K->207208K(699392K), 0.0124644 secs] [Times: user=0.12 sys=0.01, real=0.01 secs] 
2016-09-13T19:35:13.729-0400: 59.429: [GC (GCLocker Initiated GC) [PSYoungGen: 152358K->76566K(175104K)] 295359K->228825K(699392K), 0.0202487 secs] [Times: user=0.17 sys=0.00, real=0.02 secs] 
2016-09-13T19:35:13.855-0400: 59.555: [GC (GCLocker Initiated GC) [PSYoungGen: 164630K->34200K(175104K)] 323056K->237034K(699392K), 0.0107633 secs] [Times: user=0.08 sys=0.01, real=0.01 secs] 
2016-09-13T19:35:13.975-0400: 59.675: [GC (GCLocker Initiated GC) [PSYoungGen: 122264K->27838K(175104K)] 332731K->244573K(699392K), 0.0302933 secs] [Times: user=0.32 sys=0.00, real=0.03 secs] 
2016-09-13T19:35:14.137-0400: 59.837: [GC (GCLocker Initiated GC) [PSYoungGen: 115902K->31317K(175104K)] 345083K->266799K(699392K), 0.0102707 secs] [Times: user=0.11 sys=0.00, real=0.00 secs] 
2016-09-13T19:35:14.262-0400: 59.962: [GC (Allocation Failure) [PSYoungGen: 119381K->66157K(175104K)] 355100K->302111K(699392K), 0.0152465 secs] [Times: user=0.19 sys=0.00, real=0.02 secs] 
2016-09-13T19:35:14.402-0400: 60.102: [GC (GCLocker Initiated GC) [PSYoungGen: 148397K->31152K(175104K)] 390425K->273488K(699392K), 0.0232201 secs] [Times: user=0.28 sys=0.00, real=0.02 secs] 
2016-09-13T19:35:14.561-0400: 60.261: [GC (Allocation Failure) [PSYoungGen: 119216K->44675K(175104K)] 363087K->288896K(699392K), 0.0179162 secs] [Times: user=0.18 sys=0.01, real=0.02 secs] 
2016-09-13T19:35:14.734-0400: 60.434: [GC (GCLocker Initiated GC) [PSYoungGen: 132739K->46377K(175104K)] 376963K->318244K(699392K), 0.0142339 secs] [Times: user=0.16 sys=0.01, real=0.02 secs] 
2016-09-13T19:35:14.889-0400: 60.589: [GC (GCLocker Initiated GC) [PSYoungGen: 134441K->32639K(171008K)] 412576K->311066K(695296K), 0.0097574 secs] [Times: user=0.10 sys=0.00, real=0.01 secs] 
2016-09-13T19:35:15.019-0400: 60.719: [GC (GCLocker Initiated GC) [PSYoungGen: 120703K->47869K(173056K)] 405254K->332653K(697344K), 0.0063994 secs] [Times: user=0.05 sys=0.00, real=0.00 secs] 
2016-09-13T19:35:15.156-0400: 60.856: [GC (GCLocker Initiated GC) [PSYoungGen: 135933K->69032K(170496K)] 422511K->355936K(694784K), 0.0102813 secs] [Times: user=0.10 sys=0.00, real=0.00 secs] 
2016-09-13T19:35:15.289-0400: 60.989: [GC (GCLocker Initiated GC) [PSYoungGen: 157096K->43312K(175104K)] 445543K->357764K(699392K), 0.0156573 secs] [Times: user=0.19 sys=0.00, real=0.01 secs] 
2016-09-13T19:35:15.453-0400: 61.153: [GC (Allocation Failure) [PSYoungGen: 131376K->35714K(168960K)] 451953K->356560K(693248K), 0.0066034 secs] [Times: user=0.06 sys=0.00, real=0.01 secs] 
2016-09-13T19:35:15.615-0400: 61.315: [GC (GCLocker Initiated GC) [PSYoungGen: 123002K->44672K(173056K)] 449923K->376523K(697344K), 0.0178487 secs] [Times: user=0.17 sys=0.00, real=0.02 secs] 
2016-09-13T19:35:15.760-0400: 61.460: [GC (GCLocker Initiated GC) [PSYoungGen: 135296K->52139K(178176K)] 468765K->385816K(702464K), 0.0208895 secs] [Times: user=0.21 sys=0.00, real=0.02 secs] 
2016-09-13T19:35:15.921-0400: 61.621: [GC (GCLocker Initiated GC) [PSYoungGen: 153003K->50902K(179200K)] 494305K->428856K(703488K), 0.0131868 secs] [Times: user=0.18 sys=0.00, real=0.01 secs] 
2016-09-13T19:35:16.088-0400: 61.788: [GC (GCLocker Initiated GC) [PSYoungGen: 151766K->70773K(174080K)] 529807K->455175K(698368K), 0.0087609 secs] [Times: user=0.12 sys=0.01, real=0.01 secs] 
2016-09-13T19:35:16.241-0400: 61.941: [GC (GCLocker Initiated GC) [PSYoungGen: 168053K->49543K(179712K)] 554060K->446406K(704000K), 0.0079442 secs] [Times: user=0.10 sys=0.00, real=0.01 secs] 
2016-09-13T19:35:16.393-0400: 62.093: [GC (GCLocker Initiated GC) [PSYoungGen: 146823K->11291K(175616K)] 543790K->416144K(699904K), 0.0139423 secs] [Times: user=0.16 sys=0.00, real=0.01 secs] 
2016-09-13T19:35:16.528-0400: 62.228: [GC (GCLocker Initiated GC) [PSYoungGen: 107547K->50844K(179200K)] 512528K->455991K(703488K), 0.0082031 secs] [Times: user=0.11 sys=0.00, real=0.01 secs] 
2016-09-13T19:35:16.685-0400: 62.385: [GC (GCLocker Initiated GC) [PSYoungGen: 147100K->46472K(171520K)] 553934K->453485K(695808K), 0.0121909 secs] [Times: user=0.14 sys=0.00, real=0.02 secs] 
2016-09-13T19:35:16.862-0400: 62.562: [GC (GCLocker Initiated GC) [PSYoungGen: 144776K->14487K(176128K)] 557884K->427938K(700416K), 0.0243816 secs] [Times: user=0.27 sys=0.01, real=0.02 secs] 
2016-09-13T19:35:17.039-0400: 62.739: [GC (GCLocker Initiated GC) [PSYoungGen: 112791K->49447K(183296K)] 526342K->467867K(707584K), 0.0132554 secs] [Times: user=0.17 sys=0.00, real=0.01 secs] 
2016-09-13T19:35:17.192-0400: 62.892: [GC (GCLocker Initiated GC) [PSYoungGen: 152871K->28179K(132096K)] 574546K->456147K(656384K), 0.0216930 secs] [Times: user=0.25 sys=0.00, real=0.02 secs] 
2016-09-13T19:35:17.357-0400: 63.057: [GC (GCLocker Initiated GC) [PSYoungGen: 131603K->47777K(182784K)] 559900K->480835K(707072K), 0.0222599 secs] [Times: user=0.22 sys=0.00, real=0.02 secs] 
2016-09-13T19:35:17.547-0400: 63.247: [GC (GCLocker Initiated GC) [PSYoungGen: 152737K->59700K(181248K)] 585932K->499226K(705536K), 0.0249316 secs] [Times: user=0.26 sys=0.01, real=0.03 secs] 
2016-09-13T19:35:17.707-0400: 63.407: [GC (GCLocker Initiated GC) [PSYoungGen: 164660K->62924K(175616K)] 604305K->502765K(699904K), 0.0174288 secs] [Times: user=0.17 sys=0.00, real=0.02 secs] 
2016-09-13T19:35:17.862-0400: 63.562: [GC (GCLocker Initiated GC) [PSYoungGen: 159180K->11286K(108032K)] 611241K->468120K(632320K), 0.0144488 secs] [Times: user=0.12 sys=0.01, real=0.02 secs] 
2016-09-13T19:35:18.041-0400: 63.741: [GC (GCLocker Initiated GC) [PSYoungGen: 107542K->50747K(178176K)] 564570K->514001K(702464K), 0.0138894 secs] [Times: user=0.13 sys=0.00, real=0.01 secs] 
2016-09-13T19:35:18.183-0400: 63.883: [GC (Allocation Failure) [PSYoungGen: 143931K->29483K(122880K)] 607293K->493043K(647168K), 0.0094804 secs] [Times: user=0.07 sys=0.00, real=0.01 secs] 
2016-09-13T19:35:18.327-0400: 64.027: [GC (GCLocker Initiated GC) [PSYoungGen: 121295K->47582K(177664K)] 586373K->512925K(701952K), 0.0121110 secs] [Times: user=0.10 sys=0.01, real=0.02 secs] 
2016-09-13T19:35:18.520-0400: 64.220: [GC (GCLocker Initiated GC) [PSYoungGen: 142814K->29549K(175616K)] 608179K->494994K(699904K), 0.0107062 secs] [Times: user=0.12 sys=0.00, real=0.01 secs] 
2016-09-13T19:35:18.665-0400: 64.365: [GC (GCLocker Initiated GC) [PSYoungGen: 124781K->61502K(174592K)] 590486K->534912K(698880K), 0.0149432 secs] [Times: user=0.17 sys=0.00, real=0.02 secs] 
2016-09-13T19:35:18.821-0400: 64.521: [GC (GCLocker Initiated GC) [PSYoungGen: 157246K->34200K(178176K)] 630840K->507991K(702464K), 0.0196656 secs] [Times: user=0.19 sys=0.00, real=0.02 secs] 
2016-09-13T19:35:18.969-0400: 64.669: [GC (Allocation Failure) [PSYoungGen: 129944K->32549K(174080K)] 603877K->506830K(698368K), 0.0219357 secs] [Times: user=0.27 sys=0.00, real=0.02 secs] 
2016-09-13T19:35:19.114-0400: 64.814: [GC (GCLocker Initiated GC) [PSYoungGen: 128661K->51024K(177664K)] 609016K->531566K(701952K), 0.0148464 secs] [Times: user=0.21 sys=0.00, real=0.02 secs] 
2016-09-13T19:35:19.298-0400: 64.998: [GC (GCLocker Initiated GC) [PSYoungGen: 150352K->64639K(174080K)] 632673K->547295K(698368K), 0.0135914 secs] [Times: user=0.14 sys=0.01, real=0.01 secs] 
2016-09-13T19:35:19.457-0400: 65.157: [GC (GCLocker Initiated GC) [PSYoungGen: 160895K->31035K(179200K)] 655877K->526247K(703488K), 0.0094134 secs] [Times: user=0.10 sys=0.00, real=0.00 secs] 
2016-09-13T19:35:19.618-0400: 65.318: [GC (GCLocker Initiated GC) [PSYoungGen: 127291K->43302K(169472K)] 622568K->538676K(693760K), 0.0072961 secs] [Times: user=0.08 sys=0.00, real=0.00 secs] 
2016-09-13T19:35:19.776-0400: 65.476: [GC (GCLocker Initiated GC) [PSYoungGen: 141094K->17335K(175104K)] 636493K->517559K(699392K), 0.0113776 secs] [Times: user=0.11 sys=0.00, real=0.00 secs] 
2016-09-13T19:35:19.935-0400: 65.635: [GC (GCLocker Initiated GC) [PSYoungGen: 115127K->44672K(181760K)] 621432K->560225K(706048K), 0.0203282 secs] [Times: user=0.17 sys=0.01, real=0.03 secs] 
2016-09-13T19:35:19.956-0400: 65.656: [Full GC (Ergonomics) [PSYoungGen: 44672K->0K(181760K)] [ParOldGen: 515553K->43441K(524288K)] 560225K->43441K(706048K), [Metaspace: 44448K->44448K(1087488K)], 0.0655035 secs] [Times: user=0.33 sys=0.01, real=0.06 secs] 
2016-09-13T19:35:20.168-0400: 65.868: [GC (GCLocker Initiated GC) [PSYoungGen: 106496K->60200K(166912K)] 156195K->109908K(691200K), 0.0076417 secs] [Times: user=0.08 sys=0.01, real=0.01 secs] 
2016-09-13T19:35:20.311-0400: 66.011: [GC (GCLocker Initiated GC) [PSYoungGen: 166696K->49357K(183808K)] 216488K->114790K(708096K), 0.0210790 secs] [Times: user=0.28 sys=0.00, real=0.02 secs] 
2016-09-13T19:35:20.463-0400: 66.163: [GC (GCLocker Initiated GC) [PSYoungGen: 153293K->51056K(155136K)] 218782K->121307K(679424K), 0.0141294 secs] [Times: user=0.14 sys=0.01, real=0.02 secs] 
2016-09-13T19:35:20.655-0400: 66.355: [GC (GCLocker Initiated GC) [PSYoungGen: 154992K->69100K(173056K)] 225275K->151833K(697344K), 0.0094416 secs] [Times: user=0.11 sys=0.00, real=0.01 secs] 
2016-09-13T19:35:20.800-0400: 66.500: [GC (GCLocker Initiated GC) [PSYoungGen: 164332K->34259K(178688K)] 247070K->124907K(702976K), 0.0137181 secs] [Times: user=0.18 sys=0.00, real=0.01 secs] 
2016-09-13T19:35:20.928-0400: 66.628: [GC (GCLocker Initiated GC) [PSYoungGen: 129491K->73783K(169984K)] 220398K->164911K(694272K), 0.0216849 secs] [Times: user=0.22 sys=0.00, real=0.02 secs] 
2016-09-13T19:35:21.110-0400: 66.810: [GC (GCLocker Initiated GC) [PSYoungGen: 161847K->5280K(175104K)] 260586K->122500K(699392K), 0.0256115 secs] [Times: user=0.31 sys=0.00, real=0.03 secs] 
2016-09-13T19:35:21.255-0400: 66.955: [GC (GCLocker Initiated GC) [PSYoungGen: 93344K->59796K(175104K)] 210848K->177438K(699392K), 0.0142913 secs] [Times: user=0.12 sys=0.00, real=0.02 secs] 
2016-09-13T19:35:21.395-0400: 67.095: [GC (Allocation Failure) [PSYoungGen: 147860K->46468K(175104K)] 267177K->165947K(699392K), 0.0063167 secs] [Times: user=0.07 sys=0.00, real=0.01 secs] 
2016-09-13T19:35:21.517-0400: 67.217: [GC (GCLocker Initiated GC) [PSYoungGen: 129803K->55590K(175104K)] 255357K->181543K(699392K), 0.0244059 secs] [Times: user=0.38 sys=0.00, real=0.02 secs] 
2016-09-13T19:35:21.706-0400: 67.406: [GC (GCLocker Initiated GC) [PSYoungGen: 143654K->28024K(175104K)] 277264K->161922K(699392K), 0.0058305 secs] [Times: user=0.05 sys=0.00, real=0.01 secs] 
2016-09-13T19:35:21.862-0400: 67.562: [GC (GCLocker Initiated GC) [PSYoungGen: 116088K->65998K(175104K)] 250231K->200382K(699392K), 0.0108390 secs] [Times: user=0.12 sys=0.01, real=0.01 secs] 
2016-09-13T19:35:22.002-0400: 67.702: [GC (GCLocker Initiated GC) [PSYoungGen: 154062K->67517K(175104K)] 288671K->202351K(699392K), 0.0081296 secs] [Times: user=0.08 sys=0.00, real=0.01 secs] 
2016-09-13T19:35:22.134-0400: 67.834: [GC (GCLocker Initiated GC) [PSYoungGen: 155581K->56849K(175104K)] 296777K->207394K(699392K), 0.0185167 secs] [Times: user=0.16 sys=0.00, real=0.02 secs] 
2016-09-13T19:35:22.284-0400: 67.984: [GC (GCLocker Initiated GC) [PSYoungGen: 144913K->49265K(175104K)] 301751K->247393K(699392K), 0.0195466 secs] [Times: user=0.19 sys=0.00, real=0.02 secs] 
2016-09-13T19:35:22.431-0400: 68.131: [GC (GCLocker Initiated GC) [PSYoungGen: 137329K->46250K(171008K)] 335555K->249266K(695296K), 0.0245355 secs] [Times: user=0.24 sys=0.01, real=0.02 secs] 
2016-09-13T19:35:22.581-0400: 68.281: [GC (Allocation Failure) [PSYoungGen: 134314K->43312K(173056K)] 337493K->251261K(697344K), 0.0102566 secs] [Times: user=0.08 sys=0.00, real=0.01 secs] 
2016-09-13T19:35:22.592-0400: 68.292: [GC (GCLocker Initiated GC) [PSYoungGen: 43865K->32K(170496K)] 251813K->250963K(694784K), 0.0140697 secs] [Times: user=0.12 sys=0.00, real=0.01 secs] 
2016-09-13T19:35:22.726-0400: 68.426: [GC (GCLocker Initiated GC) [PSYoungGen: 88096K->75111K(175104K)] 339038K->326053K(699392K), 0.0141543 secs] [Times: user=0.11 sys=0.00, real=0.02 secs] 
2016-09-13T19:35:22.857-0400: 68.557: [GC (GCLocker Initiated GC) [PSYoungGen: 163175K->55430K(175104K)] 414431K->316067K(699392K), 0.0224238 secs] [Times: user=0.26 sys=0.01, real=0.02 secs] 
2016-09-13T19:35:23.010-0400: 68.710: [GC (GCLocker Initiated GC) [PSYoungGen: 143494K->52431K(175104K)] 404318K->318171K(699392K), 0.0070764 secs] [Times: user=0.09 sys=0.00, real=0.01 secs] 
2016-09-13T19:35:23.129-0400: 68.829: [GC (GCLocker Initiated GC) [PSYoungGen: 140495K->57040K(175104K)] 406294K->347341K(699392K), 0.0102730 secs] [Times: user=0.11 sys=0.00, real=0.01 secs] 
2016-09-13T19:35:23.271-0400: 68.971: [GC (GCLocker Initiated GC) [PSYoungGen: 145104K->53688K(175104K)] 437153K->364207K(699392K), 0.0199682 secs] [Times: user=0.21 sys=0.00, real=0.02 secs] 
2016-09-13T19:35:23.404-0400: 69.104: [GC (GCLocker Initiated GC) [PSYoungGen: 141752K->64512K(175104K)] 452366K->378404K(699392K), 0.0231679 secs] [Times: user=0.30 sys=0.00, real=0.03 secs] 
2016-09-13T19:35:23.560-0400: 69.260: [GC (GCLocker Initiated GC) [PSYoungGen: 152576K->50715K(139264K)] 468168K->371073K(663552K), 0.0136976 secs] [Times: user=0.15 sys=0.00, real=0.01 secs] 
2016-09-13T19:35:23.730-0400: 69.430: [GC (GCLocker Initiated GC) [PSYoungGen: 138779K->8216K(171008K)] 477586K->365371K(695296K), 0.0147866 secs] [Times: user=0.11 sys=0.01, real=0.01 secs] 
2016-09-13T19:35:23.892-0400: 69.592: [GC (GCLocker Initiated GC) [PSYoungGen: 94232K->49325K(173056K)] 452998K->415993K(697344K), 0.0152377 secs] [Times: user=0.21 sys=0.00, real=0.01 secs] 
2016-09-13T19:35:24.052-0400: 69.752: [GC (GCLocker Initiated GC) [PSYoungGen: 135341K->28093K(172032K)] 502055K->402587K(696320K), 0.0106015 secs] [Times: user=0.13 sys=0.00, real=0.01 secs] 
2016-09-13T19:35:24.179-0400: 69.879: [GC (GCLocker Initiated GC) [PSYoungGen: 117181K->30999K(174080K)] 493222K->407320K(698368K), 0.0070387 secs] [Times: user=0.06 sys=0.00, real=0.00 secs] 
2016-09-13T19:35:24.303-0400: 70.003: [GC (GCLocker Initiated GC) [PSYoungGen: 120087K->31226K(173568K)] 502681K->423162K(697856K), 0.0109713 secs] [Times: user=0.11 sys=0.00, real=0.01 secs] 
2016-09-13T19:35:24.463-0400: 70.163: [GC (Allocation Failure) [PSYoungGen: 124922K->18881K(175616K)] 522941K->417219K(699904K), 0.0217819 secs] [Times: user=0.23 sys=0.00, real=0.02 secs] 
2016-09-13T19:35:24.606-0400: 70.306: [GC (Allocation Failure) [PSYoungGen: 112577K->41725K(173056K)] 510915K->447878K(697344K), 0.0228903 secs] [Times: user=0.24 sys=0.01, real=0.03 secs] 
2016-09-13T19:35:24.784-0400: 70.484: [GC (GCLocker Initiated GC) [PSYoungGen: 140029K->69041K(176640K)] 546185K->475373K(700928K), 0.0101419 secs] [Times: user=0.11 sys=0.00, real=0.01 secs] 
2016-09-13T19:35:24.922-0400: 70.622: [GC (GCLocker Initiated GC) [PSYoungGen: 167345K->37138K(180224K)] 573794K->461884K(704512K), 0.0108846 secs] [Times: user=0.12 sys=0.00, real=0.01 secs] 
2016-09-13T19:35:25.067-0400: 70.767: [GC (Allocation Failure) [PSYoungGen: 132370K->40174K(135680K)] 558875K->472960K(659968K), 0.0065401 secs] [Times: user=0.05 sys=0.00, real=0.01 secs] 
2016-09-13T19:35:25.210-0400: 70.910: [GC (GCLocker Initiated GC) [PSYoungGen: 134184K->30908K(175104K)] 568488K->465398K(699392K), 0.0104004 secs] [Times: user=0.08 sys=0.00, real=0.01 secs] 
2016-09-13T19:35:25.405-0400: 71.105: [GC (GCLocker Initiated GC) [PSYoungGen: 127676K->37079K(173568K)] 568271K->477813K(697856K), 0.0165547 secs] [Times: user=0.18 sys=0.00, real=0.02 secs] 
2016-09-13T19:35:25.571-0400: 71.271: [GC (GCLocker Initiated GC) [PSYoungGen: 133847K->20307K(181248K)] 576268K->470445K(705536K), 0.0116827 secs] [Times: user=0.11 sys=0.00, real=0.01 secs] 
2016-09-13T19:35:25.751-0400: 71.451: [GC (GCLocker Initiated GC) [PSYoungGen: 127315K->50714K(181248K)] 577707K->501437K(705536K), 0.0147039 secs] [Times: user=0.12 sys=0.00, real=0.01 secs] 
2016-09-13T19:35:25.925-0400: 71.625: [GC (GCLocker Initiated GC) [PSYoungGen: 157722K->46185K(185856K)] 610065K->498737K(710144K), 0.0109576 secs] [Times: user=0.10 sys=0.00, real=0.02 secs] 
2016-09-13T19:35:26.094-0400: 71.794: [GC (GCLocker Initiated GC) [PSYoungGen: 158825K->61346K(174080K)] 611575K->514285K(698368K), 0.0354041 secs] [Times: user=0.36 sys=0.00, real=0.04 secs] 
2016-09-13T19:35:26.277-0400: 71.977: [GC (GCLocker Initiated GC) [PSYoungGen: 173986K->40419K(186880K)] 627035K->493771K(711168K), 0.0157287 secs] [Times: user=0.12 sys=0.02, real=0.01 secs] 
2016-09-13T19:35:26.463-0400: 72.163: [GC (GCLocker Initiated GC) [PSYoungGen: 148963K->37270K(145920K)] 614631K->503270K(670208K), 0.0142710 secs] [Times: user=0.15 sys=0.00, real=0.02 secs] 
2016-09-13T19:35:26.663-0400: 72.363: [GC (Allocation Failure) [PSYoungGen: 145814K->23441K(181248K)] 624240K->509687K(705536K), 0.0248749 secs] [Times: user=0.30 sys=0.01, real=0.03 secs] 
2016-09-13T19:35:26.844-0400: 72.544: [GC (GCLocker Initiated GC) [PSYoungGen: 131985K->34105K(181248K)] 618233K->520605K(705536K), 0.0103868 secs] [Times: user=0.10 sys=0.00, real=0.01 secs] 
2016-09-13T19:35:27.012-0400: 72.712: [GC (GCLocker Initiated GC) [PSYoungGen: 142649K->24737K(187904K)] 638415K->520654K(712192K), 0.0383833 secs] [Times: user=0.37 sys=0.00, real=0.04 secs] 
2016-09-13T19:35:27.226-0400: 72.926: [GC (GCLocker Initiated GC) [PSYoungGen: 141985K->41912K(187392K)] 638077K->544273K(711680K), 0.0127226 secs] [Times: user=0.15 sys=0.00, real=0.02 secs] 
2016-09-13T19:35:27.419-0400: 73.119: [Full GC (Ergonomics) [PSYoungGen: 159160K->0K(187392K)] [ParOldGen: 510063K->37533K(524288K)] 669223K->37533K(711680K), [Metaspace: 44458K->44458K(1087488K)], 0.0697371 secs] [Times: user=0.39 sys=0.01, real=0.07 secs] 
2016-09-13T19:35:27.489-0400: 73.189: [GC (GCLocker Initiated GC) [PSYoungGen: 11K->96K(185856K)] 37544K->37629K(710144K), 0.0025557 secs] [Times: user=0.02 sys=0.00, real=0.00 secs] 
2016-09-13T19:35:27.646-0400: 73.346: [GC (GCLocker Initiated GC) [PSYoungGen: 117856K->70778K(188928K)] 155389K->132619K(713216K), 0.0139642 secs] [Times: user=0.18 sys=0.01, real=0.02 secs] 
2016-09-13T19:35:27.813-0400: 73.513: [GC (GCLocker Initiated GC) [PSYoungGen: 188538K->23409K(175616K)] 251924K->114480K(699904K), 0.0099056 secs] [Times: user=0.08 sys=0.00, real=0.01 secs] 
2016-09-13T19:35:27.991-0400: 73.691: [GC (GCLocker Initiated GC) [PSYoungGen: 125809K->50966K(153600K)] 216920K->151375K(677888K), 0.0076977 secs] [Times: user=0.08 sys=0.00, real=0.01 secs] 
2016-09-13T19:35:28.159-0400: 73.859: [GC (GCLocker Initiated GC) [PSYoungGen: 153366K->32713K(184832K)] 256839K->165319K(709120K), 0.0351090 secs] [Times: user=0.40 sys=0.00, real=0.03 secs] 
2016-09-13T19:35:28.326-0400: 74.026: [GC (GCLocker Initiated GC) [PSYoungGen: 136649K->32794K(137216K)] 281511K->193168K(661504K), 0.0109992 secs] [Times: user=0.15 sys=0.00, real=0.02 secs] 
2016-09-13T19:35:28.495-0400: 74.195: [GC (GCLocker Initiated GC) [PSYoungGen: 136730K->72360K(168960K)] 297240K->233112K(693248K), 0.0092636 secs] [Times: user=0.10 sys=0.01, real=0.01 secs] 
2016-09-13T19:35:28.644-0400: 74.344: [GC (GCLocker Initiated GC) [PSYoungGen: 167080K->40181K(178176K)] 327847K->201190K(702464K), 0.0184137 secs] [Times: user=0.19 sys=0.01, real=0.02 secs] 
2016-09-13T19:35:28.822-0400: 74.522: [GC (GCLocker Initiated GC) [PSYoungGen: 134901K->57004K(178688K)] 302028K->225762K(702976K), 0.0073580 secs] [Times: user=0.08 sys=0.00, real=0.01 secs] 
2016-09-13T19:35:28.983-0400: 74.683: [GC (Allocation Failure) [PSYoungGen: 156332K->28279K(180736K)] 325295K->211195K(705024K), 0.0078757 secs] [Times: user=0.08 sys=0.01, real=0.01 secs] 
2016-09-13T19:35:29.132-0400: 74.832: [GC (GCLocker Initiated GC) [PSYoungGen: 127607K->77995K(167936K)] 312057K->282528K(692224K), 0.0144291 secs] [Times: user=0.17 sys=0.01, real=0.01 secs] 
2016-09-13T19:35:29.263-0400: 74.963: [GC (GCLocker Initiated GC) [PSYoungGen: 166059K->49254K(175104K)] 370728K->253987K(699392K), 0.0227496 secs] [Times: user=0.22 sys=0.00, real=0.02 secs] 
2016-09-13T19:35:29.409-0400: 75.109: [GC (GCLocker Initiated GC) [PSYoungGen: 137318K->64639K(175104K)] 343653K->271251K(699392K), 0.0223290 secs] [Times: user=0.27 sys=0.00, real=0.02 secs] 
2016-09-13T19:35:29.570-0400: 75.270: [GC (GCLocker Initiated GC) [PSYoungGen: 152703K->50875K(175104K)] 359498K->257854K(699392K), 0.0151298 secs] [Times: user=0.18 sys=0.01, real=0.01 secs] 
2016-09-13T19:35:29.734-0400: 75.434: [GC (Allocation Failure) [PSYoungGen: 138939K->23559K(175104K)] 353667K->256717K(699392K), 0.0067664 secs] [Times: user=0.07 sys=0.00, real=0.01 secs] 
2016-09-13T19:35:29.857-0400: 75.557: [GC (GCLocker Initiated GC) [PSYoungGen: 111623K->64576K(175104K)] 344787K->298091K(699392K), 0.0101837 secs] [Times: user=0.09 sys=0.00, real=0.00 secs] 
2016-09-13T19:35:30.004-0400: 75.704: [GC (GCLocker Initiated GC) [PSYoungGen: 152640K->64539K(175104K)] 386294K->301430K(699392K), 0.0242962 secs] [Times: user=0.34 sys=0.01, real=0.03 secs] 
2016-09-13T19:35:30.142-0400: 75.842: [GC (GCLocker Initiated GC) [PSYoungGen: 152603K->55558K(175104K)] 392554K->295895K(699392K), 0.0062176 secs] [Times: user=0.08 sys=0.00, real=0.01 secs] 
2016-09-13T19:35:30.283-0400: 75.982: [GC (GCLocker Initiated GC) [PSYoungGen: 143622K->67735K(175104K)] 385610K->337338K(699392K), 0.0102515 secs] [Times: user=0.09 sys=0.01, real=0.01 secs] 
2016-09-13T19:35:30.444-0400: 76.144: [GC (GCLocker Initiated GC) [PSYoungGen: 155799K->41730K(175104K)] 430095K->316244K(699392K), 0.0156387 secs] [Times: user=0.18 sys=0.00, real=0.02 secs] 
2016-09-13T19:35:30.596-0400: 76.296: [GC (GCLocker Initiated GC) [PSYoungGen: 129794K->32645K(175104K)] 404673K->307782K(699392K), 0.0127591 secs] [Times: user=0.16 sys=0.00, real=0.01 secs] 
2016-09-13T19:35:30.723-0400: 76.423: [GC (GCLocker Initiated GC) [PSYoungGen: 120709K->56923K(175104K)] 403582K->340057K(699392K), 0.0103837 secs] [Times: user=0.15 sys=0.00, real=0.01 secs] 
2016-09-13T19:35:30.888-0400: 76.588: [GC (GCLocker Initiated GC) [PSYoungGen: 144987K->29611K(175104K)] 431208K->323667K(699392K), 0.0212197 secs] [Times: user=0.31 sys=0.00, real=0.02 secs] 
2016-09-13T19:35:31.015-0400: 76.715: [GC (GCLocker Initiated GC) [PSYoungGen: 117675K->44826K(133120K)] 412028K->347163K(657408K), 0.0110508 secs] [Times: user=0.13 sys=0.01, real=0.01 secs] 
2016-09-13T19:35:31.142-0400: 76.842: [GC (GCLocker Initiated GC) [PSYoungGen: 132890K->53886K(173568K)] 435252K->356535K(697856K), 0.0098339 secs] [Times: user=0.16 sys=0.00, real=0.01 secs] 
2016-09-13T19:35:31.291-0400: 76.991: [GC (GCLocker Initiated GC) [PSYoungGen: 142974K->46346K(172544K)] 445855K->381387K(696832K), 0.0193761 secs] [Times: user=0.22 sys=0.00, real=0.02 secs] 
2016-09-13T19:35:31.446-0400: 77.146: [GC (GCLocker Initiated GC) [PSYoungGen: 135434K->29516K(175104K)] 470505K->370942K(699392K), 0.0177825 secs] [Times: user=0.21 sys=0.00, real=0.02 secs] 
2016-09-13T19:35:31.584-0400: 77.284: [GC (GCLocker Initiated GC) [PSYoungGen: 124236K->29447K(174592K)] 465882K->372845K(698880K), 0.0277756 secs] [Times: user=0.33 sys=0.00, real=0.03 secs] 
2016-09-13T19:35:31.761-0400: 77.461: [GC (GCLocker Initiated GC) [PSYoungGen: 124167K->27897K(181760K)] 473816K->377748K(706048K), 0.0149090 secs] [Times: user=0.17 sys=0.00, real=0.02 secs] 
2016-09-13T19:35:31.914-0400: 77.614: [GC (GCLocker Initiated GC) [PSYoungGen: 130297K->64257K(166912K)] 483269K->417402K(691200K), 0.0468086 secs] [Times: user=0.57 sys=0.01, real=0.05 secs] 
2016-09-13T19:35:32.114-0400: 77.814: [GC (GCLocker Initiated GC) [PSYoungGen: 166657K->32799K(180736K)] 527787K->406266K(705024K), 0.0113930 secs] [Times: user=0.14 sys=0.00, real=0.01 secs] 
2016-09-13T19:35:32.258-0400: 77.958: [GC (Allocation Failure) [PSYoungGen: 130591K->46282K(144384K)] 504127K->424824K(668672K), 0.0098741 secs] [Times: user=0.12 sys=0.00, real=0.01 secs] 
2016-09-13T19:35:32.419-0400: 78.119: [GC (GCLocker Initiated GC) [PSYoungGen: 144074K->67523K(171520K)] 524147K->456945K(695808K), 0.0087061 secs] [Times: user=0.10 sys=0.01, real=0.00 secs] 
2016-09-13T19:35:32.580-0400: 78.280: [GC (Allocation Failure) [PSYoungGen: 160195K->28061K(176640K)] 557431K->425472K(700928K), 0.0322403 secs] [Times: user=0.31 sys=0.00, real=0.03 secs] 
2016-09-13T19:35:32.740-0400: 78.440: [GC (GCLocker Initiated GC) [PSYoungGen: 120733K->67358K(171520K)] 518158K->465020K(695808K), 0.0186642 secs] [Times: user=0.15 sys=0.00, real=0.02 secs] 
2016-09-13T19:35:32.871-0400: 78.571: [GC (GCLocker Initiated GC) [PSYoungGen: 155422K->59859K(175104K)] 553233K->457749K(699392K), 0.0107297 secs] [Times: user=0.09 sys=0.01, real=0.01 secs] 
2016-09-13T19:35:33.025-0400: 78.724: [GC (GCLocker Initiated GC) [PSYoungGen: 147923K->34131K(175104K)] 551923K->438349K(699392K), 0.0109510 secs] [Times: user=0.12 sys=0.00, real=0.01 secs] 
2016-09-13T19:35:33.162-0400: 78.862: [GC (GCLocker Initiated GC) [PSYoungGen: 122195K->40211K(128512K)] 526415K->446202K(652800K), 0.0392428 secs] [Times: user=0.40 sys=0.01, real=0.04 secs] 
2016-09-13T19:35:33.321-0400: 79.021: [GC (GCLocker Initiated GC) [PSYoungGen: 128275K->56796K(171520K)] 540440K->487531K(695808K), 0.0090075 secs] [Times: user=0.12 sys=0.00, real=0.01 secs] 
2016-09-13T19:35:33.478-0400: 79.178: [GC (GCLocker Initiated GC) [PSYoungGen: 144348K->28338K(172032K)] 575108K->469923K(696320K), 0.0132887 secs] [Times: user=0.17 sys=0.00, real=0.01 secs] 
2016-09-13T19:35:33.610-0400: 79.310: [GC (GCLocker Initiated GC) [PSYoungGen: 115890K->26441K(175616K)] 563731K->474543K(699904K), 0.0139968 secs] [Times: user=0.18 sys=0.00, real=0.01 secs] 
2016-09-13T19:35:33.790-0400: 79.490: [GC (GCLocker Initiated GC) [PSYoungGen: 120137K->29480K(176640K)] 574414K->483958K(700928K), 0.0125507 secs] [Times: user=0.11 sys=0.00, real=0.01 secs] 
2016-09-13T19:35:33.935-0400: 79.635: [GC (GCLocker Initiated GC) [PSYoungGen: 123176K->30844K(175616K)] 577718K->490139K(699904K), 0.0297639 secs] [Times: user=0.30 sys=0.00, real=0.03 secs] 
2016-09-13T19:35:34.116-0400: 79.816: [GC (GCLocker Initiated GC) [PSYoungGen: 128636K->58430K(177152K)] 589559K->525599K(701440K), 0.0164586 secs] [Times: user=0.14 sys=0.00, real=0.01 secs] 
2016-09-13T19:35:34.285-0400: 79.985: [GC (GCLocker Initiated GC) [PSYoungGen: 156222K->50876K(180736K)] 625151K->520117K(705024K), 0.0221886 secs] [Times: user=0.24 sys=0.01, real=0.02 secs] 
2016-09-13T19:35:34.443-0400: 80.143: [GC (GCLocker Initiated GC) [PSYoungGen: 149692K->55302K(180224K)] 619059K->529341K(704512K), 0.0109409 secs] [Times: user=0.06 sys=0.01, real=0.01 secs] 
2016-09-13T19:35:34.579-0400: 80.279: [GC (GCLocker Initiated GC) [PSYoungGen: 154118K->65966K(172032K)] 629892K->541966K(696320K), 0.0142432 secs] [Times: user=0.14 sys=0.00, real=0.01 secs] 
2016-09-13T19:35:34.714-0400: 80.414: [GC (GCLocker Initiated GC) [PSYoungGen: 156078K->52355K(176128K)] 632269K->528759K(700416K), 0.0188182 secs] [Times: user=0.20 sys=0.00, real=0.02 secs] 
2016-09-13T19:35:34.880-0400: 80.580: [GC (GCLocker Initiated GC) [PSYoungGen: 142467K->42962K(168448K)] 619075K->519798K(692736K), 0.0158729 secs] [Times: user=0.12 sys=0.00, real=0.02 secs] 
2016-09-13T19:35:35.070-0400: 80.770: [GC (GCLocker Initiated GC) [PSYoungGen: 134610K->58150K(173056K)] 613279K->536890K(697344K), 0.0158581 secs] [Times: user=0.09 sys=0.00, real=0.01 secs] 
2016-09-13T19:35:35.214-0400: 80.914: [GC (GCLocker Initiated GC) [PSYoungGen: 149798K->32708K(180224K)] 634828K->517919K(704512K), 0.0189828 secs] [Times: user=0.17 sys=0.00, real=0.02 secs] 
2016-09-13T19:35:35.407-0400: 81.107: [GC (GCLocker Initiated GC) [PSYoungGen: 131524K->27838K(180224K)] 631130K->527716K(704512K), 0.0130906 secs] [Times: user=0.11 sys=0.00, real=0.02 secs] 
2016-09-13T19:35:35.570-0400: 81.270: [GC (GCLocker Initiated GC) [PSYoungGen: 126654K->78203K(168960K)] 628276K->579964K(693248K), 0.0153587 secs] [Times: user=0.14 sys=0.02, real=0.01 secs] 
2016-09-13T19:35:35.727-0400: 81.427: [Full GC (Ergonomics) [PSYoungGen: 166267K->0K(168960K)] [ParOldGen: 514036K->42474K(524288K)] 680303K->42474K(693248K), [Metaspace: 44480K->44480K(1087488K)], 0.0711056 secs] [Times: user=0.37 sys=0.02, real=0.08 secs] 
2016-09-13T19:35:35.946-0400: 81.646: [GC (GCLocker Initiated GC) [PSYoungGen: 88064K->72042K(175104K)] 132254K->116232K(699392K), 0.0095443 secs] [Times: user=0.10 sys=0.00, real=0.01 secs] 
2016-09-13T19:35:36.052-0400: 81.752: [GC (GCLocker Initiated GC) [PSYoungGen: 160106K->47933K(175104K)] 205958K->106268K(699392K), 0.0084834 secs] [Times: user=0.10 sys=0.01, real=0.01 secs] 
2016-09-13T19:35:36.169-0400: 81.869: [GC (GCLocker Initiated GC) [PSYoungGen: 135997K->26320K(175104K)] 197582K->91167K(699392K), 0.0109277 secs] [Times: user=0.07 sys=0.00, real=0.01 secs] 
2016-09-13T19:35:36.279-0400: 81.979: [GC (GCLocker Initiated GC) [PSYoungGen: 114384K->47641K(174080K)] 179449K->132538K(698368K), 0.0341125 secs] [Times: user=0.30 sys=0.00, real=0.03 secs] 
2016-09-13T19:35:36.437-0400: 82.137: [GC (GCLocker Initiated GC) [PSYoungGen: 135705K->61315K(174592K)] 222321K->148086K(698880K), 0.0234903 secs] [Times: user=0.24 sys=0.01, real=0.02 secs] 
2016-09-13T19:35:36.561-0400: 82.261: [GC (GCLocker Initiated GC) [PSYoungGen: 149379K->50779K(171008K)] 236256K->137802K(695296K), 0.0109355 secs] [Times: user=0.08 sys=0.00, real=0.01 secs] 
2016-09-13T19:35:36.689-0400: 82.389: [GC (Allocation Failure) [PSYoungGen: 139355K->40237K(173056K)] 226604K->153554K(697344K), 0.0094170 secs] [Times: user=0.08 sys=0.00, real=0.01 secs] 
2016-09-13T19:35:36.850-0400: 82.550: [GC (GCLocker Initiated GC) [PSYoungGen: 123912K->14425K(174592K)] 243303K->134081K(698880K), 0.0088246 secs] [Times: user=0.13 sys=0.00, real=0.01 secs] 
2016-09-13T19:35:37.015-0400: 82.715: [GC (GCLocker Initiated GC) [PSYoungGen: 106585K->20458K(177152K)] 233897K->147874K(701440K), 0.0100735 secs] [Times: user=0.10 sys=0.00, real=0.01 secs] 
2016-09-13T19:35:37.160-0400: 82.860: [GC (GCLocker Initiated GC) [PSYoungGen: 112618K->5370K(173056K)] 253731K->157352K(697344K), 0.0210066 secs] [Times: user=0.23 sys=0.00, real=0.02 secs] 
2016-09-13T19:35:37.345-0400: 83.045: [GC (GCLocker Initiated GC) [PSYoungGen: 93434K->43309K(131584K)] 247019K->201781K(655872K), 0.0321007 secs] [Times: user=0.33 sys=0.00, real=0.04 secs] 
2016-09-13T19:35:37.488-0400: 83.188: [GC (GCLocker Initiated GC) [PSYoungGen: 131373K->52234K(173568K)] 289912K->210927K(697856K), 0.0322531 secs] [Times: user=0.32 sys=0.00, real=0.03 secs] 
2016-09-13T19:35:37.633-0400: 83.333: [GC (Allocation Failure) [PSYoungGen: 141834K->41698K(174080K)] 303774K->203915K(698368K), 0.0152163 secs] [Times: user=0.13 sys=0.01, real=0.02 secs] 
2016-09-13T19:35:37.753-0400: 83.453: [GC (GCLocker Initiated GC) [PSYoungGen: 131298K->47646K(175616K)] 293521K->210160K(699904K), 0.0164151 secs] [Times: user=0.15 sys=0.00, real=0.02 secs] 
2016-09-13T19:35:37.898-0400: 83.598: [GC (GCLocker Initiated GC) [PSYoungGen: 142878K->29543K(174080K)] 311484K->216611K(698368K), 0.0217640 secs] [Times: user=0.24 sys=0.00, real=0.02 secs] 
2016-09-13T19:35:38.059-0400: 83.759: [GC (GCLocker Initiated GC) [PSYoungGen: 124775K->33978K(180736K)] 318130K->233667K(705024K), 0.0155862 secs] [Times: user=0.12 sys=0.00, real=0.01 secs] 
2016-09-13T19:35:38.236-0400: 83.936: [GC (GCLocker Initiated GC) [PSYoungGen: 139450K->40275K(180224K)] 339159K->240112K(704512K), 0.0069043 secs] [Times: user=0.08 sys=0.00, real=0.00 secs] 
2016-09-13T19:35:38.417-0400: 84.117: [GC (GCLocker Initiated GC) [PSYoungGen: 145747K->46185K(184832K)] 352122K->258774K(709120K), 0.0119652 secs] [Times: user=0.14 sys=0.00, real=0.01 secs] 
2016-09-13T19:35:38.610-0400: 84.310: [GC (GCLocker Initiated GC) [PSYoungGen: 159337K->49319K(183808K)] 372113K->268453K(708096K), 0.0197975 secs] [Times: user=0.17 sys=0.01, real=0.02 secs] 
2016-09-13T19:35:38.814-0400: 84.514: [GC (GCLocker Initiated GC) [PSYoungGen: 162471K->62956K(180736K)] 383248K->283985K(705024K), 0.0314824 secs] [Times: user=0.32 sys=0.00, real=0.03 secs] 
2016-09-13T19:35:39.008-0400: 84.708: [GC (GCLocker Initiated GC) [PSYoungGen: 172524K->23553K(185856K)] 405715K->256832K(710144K), 0.0358886 secs] [Times: user=0.35 sys=0.00, real=0.03 secs] 
2016-09-13T19:35:39.193-0400: 84.893: [GC (GCLocker Initiated GC) [PSYoungGen: 133121K->55271K(182784K)] 366455K->288939K(707072K), 0.0218668 secs] [Times: user=0.21 sys=0.00, real=0.02 secs] 
2016-09-13T19:35:39.361-0400: 85.061: [GC (GCLocker Initiated GC) [PSYoungGen: 161767K->61436K(167936K)] 395505K->300013K(692224K), 0.0104075 secs] [Times: user=0.09 sys=0.00, real=0.01 secs] 
2016-09-13T19:35:39.505-0400: 85.205: [GC (GCLocker Initiated GC) [PSYoungGen: 167932K->44640K(184320K)] 408159K->291230K(708608K), 0.0060107 secs] [Times: user=0.05 sys=0.00, real=0.01 secs] 
2016-09-13T19:35:39.712-0400: 85.412: [GC (GCLocker Initiated GC) [PSYoungGen: 147552K->30939K(134144K)] 408071K->291581K(658432K), 0.0059442 secs] [Times: user=0.04 sys=0.00, real=0.01 secs] 
2016-09-13T19:35:39.873-0400: 85.573: [GC (GCLocker Initiated GC) [PSYoungGen: 133851K->27897K(180224K)] 394538K->293275K(704512K), 0.0087854 secs] [Times: user=0.07 sys=0.00, real=0.01 secs] 
2016-09-13T19:35:40.049-0400: 85.749: [GC (GCLocker Initiated GC) [PSYoungGen: 131321K->52389K(179712K)] 398371K->319693K(704000K), 0.0068806 secs] [Times: user=0.08 sys=0.00, real=0.01 secs] 
2016-09-13T19:35:40.213-0400: 85.913: [GC (GCLocker Initiated GC) [PSYoungGen: 155813K->9767K(181248K)] 435549K->292671K(705536K), 0.0124461 secs] [Times: user=0.13 sys=0.00, real=0.01 secs] 
2016-09-13T19:35:40.378-0400: 86.078: [GC (GCLocker Initiated GC) [PSYoungGen: 114215K->32736K(137216K)] 397353K->316241K(661504K), 0.0100933 secs] [Times: user=0.13 sys=0.00, real=0.01 secs] 
2016-09-13T19:35:40.566-0400: 86.266: [GC (GCLocker Initiated GC) [PSYoungGen: 137184K->5592K(181248K)] 434615K->303209K(705536K), 0.0034915 secs] [Times: user=0.03 sys=0.00, real=0.01 secs] 
2016-09-13T19:35:40.740-0400: 86.440: [GC (GCLocker Initiated GC) [PSYoungGen: 110552K->31318K(182784K)] 414330K->335345K(707072K), 0.0089227 secs] [Times: user=0.09 sys=0.00, real=0.01 secs] 
2016-09-13T19:35:40.935-0400: 86.635: [GC (GCLocker Initiated GC) [PSYoungGen: 136278K->64449K(174080K)] 440375K->368684K(698368K), 0.0083498 secs] [Times: user=0.07 sys=0.02, real=0.01 secs] 
2016-09-13T19:35:41.107-0400: 86.807: [GC (GCLocker Initiated GC) [PSYoungGen: 163777K->53971K(153600K)] 468099K->363012K(677888K), 0.0123273 secs] [Times: user=0.13 sys=0.00, real=0.02 secs] 
2016-09-13T19:35:41.260-0400: 86.960: [GC (GCLocker Initiated GC) [PSYoungGen: 153299K->46468K(180736K)] 468430K->369575K(705024K), 0.0145611 secs] [Times: user=0.15 sys=0.00, real=0.01 secs] 
2016-09-13T19:35:41.425-0400: 87.125: [GC (GCLocker Initiated GC) [PSYoungGen: 144260K->46064K(143872K)] 469342K->371430K(668160K), 0.0167234 secs] [Times: user=0.16 sys=0.00, real=0.02 secs] 
2016-09-13T19:35:41.599-0400: 87.299: [GC (GCLocker Initiated GC) [PSYoungGen: 143856K->41788K(180736K)] 469527K->372195K(705024K), 0.0075844 secs] [Times: user=0.06 sys=0.01, real=0.00 secs] 
2016-09-13T19:35:41.760-0400: 87.460: [GC (GCLocker Initiated GC) [PSYoungGen: 143164K->59795K(177152K)] 473805K->408934K(701440K), 0.0196501 secs] [Times: user=0.16 sys=0.00, real=0.02 secs] 
2016-09-13T19:35:41.906-0400: 87.606: [GC (GCLocker Initiated GC) [PSYoungGen: 161171K->75143K(167424K)] 510523K->436732K(691712K), 0.0094581 secs] [Times: user=0.11 sys=0.00, real=0.01 secs] 
2016-09-13T19:35:42.053-0400: 87.753: [GC (GCLocker Initiated GC) [PSYoungGen: 163207K->29574K(175104K)] 532493K->399057K(699392K), 0.0103546 secs] [Times: user=0.09 sys=0.00, real=0.01 secs] 
2016-09-13T19:35:42.209-0400: 87.909: [GC (GCLocker Initiated GC) [PSYoungGen: 117638K->49319K(169472K)] 487180K->419054K(693760K), 0.0219413 secs] [Times: user=0.22 sys=0.00, real=0.02 secs] 
2016-09-13T19:35:42.355-0400: 88.055: [GC (GCLocker Initiated GC) [PSYoungGen: 137895K->43376K(172544K)] 507689K->423952K(696832K), 0.0154635 secs] [Times: user=0.16 sys=0.01, real=0.02 secs] 
2016-09-13T19:35:42.480-0400: 88.180: [GC (Allocation Failure) [PSYoungGen: 131952K->51088K(176640K)] 512746K->451825K(700928K), 0.0149639 secs] [Times: user=0.19 sys=0.00, real=0.01 secs] 
2016-09-13T19:35:42.634-0400: 88.334: [GC (GCLocker Initiated GC) [PSYoungGen: 148880K->37297K(177152K)] 549620K->438281K(701440K), 0.0285422 secs] [Times: user=0.35 sys=0.00, real=0.03 secs] 
2016-09-13T19:35:42.817-0400: 88.517: [GC (GCLocker Initiated GC) [PSYoungGen: 135089K->30907K(181760K)] 537617K->433637K(706048K), 0.0125510 secs] [Times: user=0.13 sys=0.00, real=0.01 secs] 
2016-09-13T19:35:43.002-0400: 88.702: [GC (GCLocker Initiated GC) [PSYoungGen: 135867K->9736K(181248K)] 546222K->430932K(705536K), 0.0342312 secs] [Times: user=0.41 sys=0.00, real=0.04 secs] 
2016-09-13T19:35:43.195-0400: 88.895: [GC (GCLocker Initiated GC) [PSYoungGen: 114696K->41480K(181248K)] 545058K->476603K(705536K), 0.0165622 secs] [Times: user=0.17 sys=0.00, real=0.02 secs] 
2016-09-13T19:35:43.348-0400: 89.048: [GC (GCLocker Initiated GC) [PSYoungGen: 148488K->52452K(182272K)] 583727K->487890K(706560K), 0.0112371 secs] [Times: user=0.11 sys=0.00, real=0.01 secs] 
2016-09-13T19:35:43.515-0400: 89.215: [GC (GCLocker Initiated GC) [PSYoungGen: 159460K->29610K(184832K)] 607223K->477649K(709120K), 0.0503256 secs] [Times: user=0.53 sys=0.00, real=0.05 secs] 
2016-09-13T19:35:43.735-0400: 89.435: [GC (GCLocker Initiated GC) [PSYoungGen: 140202K->44699K(185344K)] 595969K->500715K(709632K), 0.0103887 secs] [Times: user=0.07 sys=0.00, real=0.01 secs] 
2016-09-13T19:35:43.905-0400: 89.605: [GC (GCLocker Initiated GC) [PSYoungGen: 155291K->29606K(185344K)] 617392K->499470K(709632K), 0.0088424 secs] [Times: user=0.07 sys=0.00, real=0.01 secs] 
2016-09-13T19:35:44.093-0400: 89.793: [GC (Allocation Failure) [PSYoungGen: 143782K->43116K(185856K)] 613884K->521064K(710144K), 0.0079985 secs] [Times: user=0.07 sys=0.00, real=0.01 secs] 
2016-09-13T19:35:44.280-0400: 89.980: [GC (GCLocker Initiated GC) [PSYoungGen: 156935K->27833K(189440K)] 640957K->512041K(713728K), 0.0291127 secs] [Times: user=0.34 sys=0.01, real=0.03 secs] 
2016-09-13T19:35:44.487-0400: 90.187: [GC (GCLocker Initiated GC) [PSYoungGen: 148153K->46409K(189440K)] 633955K->532358K(713728K), 0.0343301 secs] [Times: user=0.38 sys=0.00, real=0.04 secs] 
2016-09-13T19:35:44.677-0400: 90.377: [GC (GCLocker Initiated GC) [PSYoungGen: 166729K->53785K(188928K)] 652809K->540086K(713216K), 0.0150462 secs] [Times: user=0.14 sys=0.00, real=0.01 secs] 
2016-09-13T19:35:44.855-0400: 90.555: [GC (GCLocker Initiated GC) [PSYoungGen: 173593K->24891K(190976K)] 666137K->525131K(715264K), 0.0367136 secs] [Times: user=0.39 sys=0.00, real=0.04 secs] 
2016-09-13T19:35:45.088-0400: 90.788: [GC (GCLocker Initiated GC) [PSYoungGen: 144699K->26575K(188928K)] 646477K->528622K(713216K), 0.0215768 secs] [Times: user=0.23 sys=0.00, real=0.02 secs] 
2016-09-13T19:35:45.277-0400: 90.977: [GC (GCLocker Initiated GC) [PSYoungGen: 146383K->64475K(184320K)] 648444K->571267K(708608K), 0.0102034 secs] [Times: user=0.10 sys=0.01, real=0.00 secs] 
2016-09-13T19:35:45.460-0400: 91.160: [Full GC (Ergonomics) [PSYoungGen: 184283K->0K(184320K)] [ParOldGen: 512892K->38134K(524288K)] 697176K->38134K(708608K), [Metaspace: 44505K->44505K(1087488K)], 0.0644185 secs] [Times: user=0.34 sys=0.01, real=0.06 secs] 
2016-09-13T19:35:45.702-0400: 91.402: [GC (GCLocker Initiated GC) [PSYoungGen: 119808K->57194K(180224K)] 158076K->95463K(704512K), 0.0156784 secs] [Times: user=0.21 sys=0.01, real=0.02 secs] 
2016-09-13T19:35:45.849-0400: 91.549: [GC (GCLocker Initiated GC) [PSYoungGen: 160618K->29672K(182784K)] 199133K->97455K(707072K), 0.0097161 secs] [Times: user=0.13 sys=0.00, real=0.01 secs] 
2016-09-13T19:35:46.003-0400: 91.703: [GC (GCLocker Initiated GC) [PSYoungGen: 133096K->59986K(178176K)] 201096K->128149K(702464K), 0.0129837 secs] [Times: user=0.13 sys=0.01, real=0.02 secs] 
2016-09-13T19:35:46.155-0400: 91.855: [GC (GCLocker Initiated GC) [PSYoungGen: 160338K->46344K(181248K)] 228526K->114734K(705536K), 0.0073470 secs] [Times: user=0.04 sys=0.00, real=0.01 secs] 
2016-09-13T19:35:46.313-0400: 92.013: [GC (GCLocker Initiated GC) [PSYoungGen: 146696K->43376K(174592K)] 224411K->153301K(698880K), 0.0107840 secs] [Times: user=0.12 sys=0.01, real=0.01 secs] 
2016-09-13T19:35:46.518-0400: 92.218: [GC (Allocation Failure) [PSYoungGen: 146288K->41720K(178176K)] 257896K->153564K(702464K), 0.0107945 secs] [Times: user=0.07 sys=0.00, real=0.01 secs] 
2016-09-13T19:35:46.693-0400: 92.393: [GC (GCLocker Initiated GC) [PSYoungGen: 144632K->58342K(184832K)] 256481K->170491K(709120K), 0.0150743 secs] [Times: user=0.16 sys=0.01, real=0.02 secs] 
2016-09-13T19:35:46.863-0400: 92.563: [GC (GCLocker Initiated GC) [PSYoungGen: 170982K->28051K(187392K)] 289239K->146415K(711680K), 0.0098933 secs] [Times: user=0.09 sys=0.00, real=0.01 secs] 
2016-09-13T19:35:47.045-0400: 92.745: [GC (GCLocker Initiated GC) [PSYoungGen: 140691K->29419K(185344K)] 259245K->149795K(709632K), 0.0186387 secs] [Times: user=0.17 sys=0.00, real=0.02 secs] 
2016-09-13T19:35:47.236-0400: 92.936: [GC (GCLocker Initiated GC) [PSYoungGen: 142059K->41789K(186368K)] 265711K->165678K(710656K), 0.0372920 secs] [Times: user=0.42 sys=0.01, real=0.04 secs] 
2016-09-13T19:35:47.461-0400: 93.161: [GC (GCLocker Initiated GC) [PSYoungGen: 154429K->47837K(186880K)] 284820K->178508K(711168K), 0.0070761 secs] [Times: user=0.06 sys=0.01, real=0.01 secs] 
2016-09-13T19:35:47.621-0400: 93.321: [GC (Allocation Failure) [PSYoungGen: 164061K->51114K(186368K)] 294891K->182145K(710656K), 0.0080101 secs] [Times: user=0.06 sys=0.00, real=0.01 secs] 
2016-09-13T19:35:47.629-0400: 93.329: [GC (GCLocker Initiated GC) [PSYoungGen: 51311K->128K(182272K)] 182342K->181946K(706560K), 0.0060840 secs] [Times: user=0.06 sys=0.00, real=0.00 secs] 
2016-09-13T19:35:47.789-0400: 93.489: [GC (GCLocker Initiated GC) [PSYoungGen: 111744K->75191K(186880K)] 293564K->260057K(711168K), 0.0103905 secs] [Times: user=0.10 sys=0.00, real=0.01 secs] 
2016-09-13T19:35:47.976-0400: 93.676: [GC (Allocation Failure) [PSYoungGen: 186807K->29766K(171520K)] 377815K->271240K(695808K), 0.0190079 secs] [Times: user=0.20 sys=0.01, real=0.01 secs] 
2016-09-13T19:35:48.128-0400: 93.828: [GC (GCLocker Initiated GC) [PSYoungGen: 125060K->65935K(162304K)] 368053K->309334K(686592K), 0.0156954 secs] [Times: user=0.17 sys=0.00, real=0.01 secs] 
2016-09-13T19:35:48.286-0400: 93.986: [GC (Allocation Failure) [PSYoungGen: 162191K->47896K(177152K)] 405747K->291629K(701440K), 0.0112122 secs] [Times: user=0.10 sys=0.00, real=0.02 secs] 
2016-09-13T19:35:48.452-0400: 94.152: [GC (GCLocker Initiated GC) [PSYoungGen: 134528K->23281K(113664K)] 384336K->282470K(637952K), 0.0152232 secs] [Times: user=0.16 sys=0.00, real=0.01 secs] 
2016-09-13T19:35:48.627-0400: 94.327: [GC (GCLocker Initiated GC) [PSYoungGen: 113393K->50815K(175616K)] 372709K->310349K(699904K), 0.0224268 secs] [Times: user=0.15 sys=0.00, real=0.03 secs] 
2016-09-13T19:35:48.802-0400: 94.502: [GC (GCLocker Initiated GC) [PSYoungGen: 141951K->28023K(174592K)] 409351K->295648K(698880K), 0.0237377 secs] [Times: user=0.23 sys=0.00, real=0.02 secs] 
2016-09-13T19:35:48.940-0400: 94.640: [GC (GCLocker Initiated GC) [PSYoungGen: 119159K->79700K(169984K)] 388355K->355228K(694272K), 0.0245251 secs] [Times: user=0.26 sys=0.01, real=0.02 secs] 
2016-09-13T19:35:49.070-0400: 94.770: [GC (GCLocker Initiated GC) [PSYoungGen: 167764K->22012K(175104K)] 449462K->360149K(699392K), 0.0133014 secs] [Times: user=0.12 sys=0.01, real=0.01 secs] 
2016-09-13T19:35:49.203-0400: 94.903: [GC (GCLocker Initiated GC) [PSYoungGen: 110076K->55303K(175104K)] 448371K->398568K(699392K), 0.0175971 secs] [Times: user=0.13 sys=0.01, real=0.02 secs] 
2016-09-13T19:35:49.323-0400: 95.023: [GC (GCLocker Initiated GC) [PSYoungGen: 143367K->47806K(175104K)] 488226K->392957K(699392K), 0.0090117 secs] [Times: user=0.09 sys=0.00, real=0.01 secs] 
2016-09-13T19:35:49.470-0400: 95.170: [GC (GCLocker Initiated GC) [PSYoungGen: 135870K->52265K(174080K)] 481242K->416016K(698368K), 0.0359340 secs] [Times: user=0.33 sys=0.00, real=0.03 secs] 
2016-09-13T19:35:49.644-0400: 95.344: [GC (GCLocker Initiated GC) [PSYoungGen: 140329K->5174K(174592K)] 517854K->382956K(698880K), 0.0078736 secs] [Times: user=0.07 sys=0.00, real=0.01 secs] 
2016-09-13T19:35:49.782-0400: 95.482: [GC (GCLocker Initiated GC) [PSYoungGen: 93238K->41507K(171008K)] 472735K->421252K(695296K), 0.0272268 secs] [Times: user=0.26 sys=0.01, real=0.03 secs] 
2016-09-13T19:35:49.915-0400: 95.615: [GC (GCLocker Initiated GC) [PSYoungGen: 130083K->24895K(173056K)] 513041K->408015K(697344K), 0.0097439 secs] [Times: user=0.06 sys=0.00, real=0.01 secs] 
2016-09-13T19:35:50.062-0400: 95.762: [GC (GCLocker Initiated GC) [PSYoungGen: 113471K->46186K(173056K)] 496786K->429782K(697344K), 0.0253396 secs] [Times: user=0.25 sys=0.00, real=0.02 secs] 
2016-09-13T19:35:50.233-0400: 95.933: [GC (GCLocker Initiated GC) [PSYoungGen: 140906K->52357K(175616K)] 526068K->437748K(699904K), 0.0228052 secs] [Times: user=0.25 sys=0.00, real=0.03 secs] 
2016-09-13T19:35:50.397-0400: 96.097: [GC (GCLocker Initiated GC) [PSYoungGen: 147077K->29452K(177664K)] 532652K->421241K(701952K), 0.0246551 secs] [Times: user=0.27 sys=0.00, real=0.02 secs] 
2016-09-13T19:35:50.557-0400: 96.257: [GC (GCLocker Initiated GC) [PSYoungGen: 129292K->61251K(161280K)] 521343K->453429K(685568K), 0.0168572 secs] [Times: user=0.17 sys=0.00, real=0.01 secs] 
2016-09-13T19:35:50.708-0400: 96.408: [GC (GCLocker Initiated GC) [PSYoungGen: 161091K->34072K(181248K)] 554813K->427983K(705536K), 0.0068193 secs] [Times: user=0.05 sys=0.00, real=0.00 secs] 
2016-09-13T19:35:50.862-0400: 96.562: [GC (GCLocker Initiated GC) [PSYoungGen: 131864K->25268K(123392K)] 531906K->436238K(647680K), 0.0067309 secs] [Times: user=0.06 sys=0.00, real=0.01 secs] 
2016-09-13T19:35:51.030-0400: 96.730: [GC (GCLocker Initiated GC) [PSYoungGen: 123060K->38411K(181760K)] 534118K->454291K(706048K), 0.0124901 secs] [Times: user=0.12 sys=0.00, real=0.01 secs] 
2016-09-13T19:35:51.198-0400: 96.898: [GC (GCLocker Initiated GC) [PSYoungGen: 140299K->47800K(177664K)] 556373K->471596K(701952K), 0.0073173 secs] [Times: user=0.07 sys=0.00, real=0.00 secs] 
2016-09-13T19:35:51.361-0400: 97.061: [GC (GCLocker Initiated GC) [PSYoungGen: 149688K->46159K(183296K)] 573671K->470460K(707584K), 0.0066916 secs] [Times: user=0.06 sys=0.00, real=0.01 secs] 
2016-09-13T19:35:51.539-0400: 97.239: [GC (Allocation Failure) [PSYoungGen: 154191K->14266K(181760K)] 580033K->440278K(706048K), 0.0034814 secs] [Times: user=0.02 sys=0.00, real=0.00 secs] 
2016-09-13T19:35:51.689-0400: 97.389: [GC (GCLocker Initiated GC) [PSYoungGen: 117338K->46185K(187392K)] 549425K->479930K(711680K), 0.0076589 secs] [Times: user=0.07 sys=0.00, real=0.01 secs] 
2016-09-13T19:35:51.885-0400: 97.585: [GC (GCLocker Initiated GC) [PSYoungGen: 158825K->46308K(186880K)] 592678K->480362K(711168K), 0.0069285 secs] [Times: user=0.07 sys=0.00, real=0.01 secs] 
2016-09-13T19:35:52.098-0400: 97.798: [GC (GCLocker Initiated GC) [PSYoungGen: 158948K->14393K(185856K)] 605180K->460917K(710144K), 0.0233356 secs] [Times: user=0.27 sys=0.00, real=0.02 secs] 
2016-09-13T19:35:52.265-0400: 97.965: [GC (GCLocker Initiated GC) [PSYoungGen: 126521K->52298K(164864K)] 573258K->503859K(689152K), 0.0215722 secs] [Times: user=0.27 sys=0.00, real=0.02 secs] 
2016-09-13T19:35:52.452-0400: 98.152: [GC (GCLocker Initiated GC) [PSYoungGen: 164426K->14446K(184832K)] 629700K->483003K(709120K), 0.0093573 secs] [Times: user=0.09 sys=0.00, real=0.01 secs] 
2016-09-13T19:35:52.638-0400: 98.338: [GC (GCLocker Initiated GC) [PSYoungGen: 122990K->32549K(141312K)] 591639K->505956K(665600K), 0.0069196 secs] [Times: user=0.05 sys=0.00, real=0.00 secs] 
2016-09-13T19:35:52.833-0400: 98.533: [GC (Allocation Failure) [PSYoungGen: 141093K->44640K(183808K)] 614777K->521531K(708096K), 0.0105526 secs] [Times: user=0.09 sys=0.00, real=0.01 secs] 
2016-09-13T19:35:52.999-0400: 98.699: [GC (GCLocker Initiated GC) [PSYoungGen: 154720K->34254K(182784K)] 631614K->511349K(707072K), 0.0203792 secs] [Times: user=0.24 sys=0.00, real=0.02 secs] 
2016-09-13T19:35:53.164-0400: 98.864: [GC (GCLocker Initiated GC) [PSYoungGen: 144334K->27965K(186880K)] 623208K->507181K(711168K), 0.0112936 secs] [Times: user=0.13 sys=0.00, real=0.01 secs] 
2016-09-13T19:35:53.347-0400: 99.047: [GC (Allocation Failure) [PSYoungGen: 145213K->41694K(185344K)] 626148K->522852K(709632K), 0.0143961 secs] [Times: user=0.16 sys=0.00, real=0.02 secs] 
2016-09-13T19:35:53.556-0400: 99.256: [GC (GCLocker Initiated GC) [PSYoungGen: 158942K->29457K(192000K)] 640103K->510791K(716288K), 0.0174344 secs] [Times: user=0.16 sys=0.01, real=0.01 secs] 
2016-09-13T19:35:53.750-0400: 99.450: [GC (Allocation Failure) [PSYoungGen: 155921K->12826K(191488K)] 637277K->494446K(715776K), 0.0099199 secs] [Times: user=0.07 sys=0.01, real=0.01 secs] 
2016-09-13T19:35:53.958-0400: 99.658: [GC (GCLocker Initiated GC) [PSYoungGen: 139290K->14330K(196096K)] 620913K->502261K(720384K), 0.0124063 secs] [Times: user=0.14 sys=0.00, real=0.01 secs] 
2016-09-13T19:35:54.188-0400: 99.888: [GC (GCLocker Initiated GC) [PSYoungGen: 144378K->14323K(144384K)] 632332K->502424K(668672K), 0.0064708 secs] [Times: user=0.05 sys=0.00, real=0.00 secs] 
2016-09-13T19:35:54.404-0400: 100.104: [GC (Allocation Failure) [PSYoungGen: 144371K->29635K(199168K)] 638561K->536258K(723456K), 0.0283188 secs] [Times: user=0.32 sys=0.00, real=0.03 secs] 
2016-09-13T19:35:54.613-0400: 100.313: [GC (GCLocker Initiated GC) [PSYoungGen: 163267K->49350K(195584K)] 669899K->557773K(719872K), 0.0179747 secs] [Times: user=0.19 sys=0.00, real=0.02 secs] 
2016-09-13T19:35:54.831-0400: 100.531: [GC (GCLocker Initiated GC) [PSYoungGen: 182982K->26477K(197632K)] 691484K->535231K(721920K), 0.0254553 secs] [Times: user=0.29 sys=0.01, real=0.03 secs] 
2016-09-13T19:35:55.057-0400: 100.757: [Full GC (Ergonomics) [PSYoungGen: 159085K->0K(197632K)] [ParOldGen: 522451K->46418K(524288K)] 681536K->46418K(721920K), [Metaspace: 44529K->44529K(1087488K)], 0.0644515 secs] [Times: user=0.36 sys=0.01, real=0.06 secs] 
2016-09-13T19:35:55.283-0400: 100.983: [GC (Allocation Failure) [PSYoungGen: 132608K->61941K(194560K)] 179198K->120682K(718848K), 0.0148668 secs] [Times: user=0.17 sys=0.01, real=0.02 secs] 
2016-09-13T19:35:55.492-0400: 101.192: [GC (GCLocker Initiated GC) [PSYoungGen: 193538K->40212K(189440K)] 253798K->125241K(713728K), 0.0087555 secs] [Times: user=0.07 sys=0.00, real=0.01 secs] 
2016-09-13T19:35:55.678-0400: 101.378: [GC (GCLocker Initiated GC) [PSYoungGen: 162068K->40239K(192000K)] 247365K->125633K(716288K), 0.0347900 secs] [Times: user=0.38 sys=0.00, real=0.03 secs] 
2016-09-13T19:35:55.898-0400: 101.598: [GC (GCLocker Initiated GC) [PSYoungGen: 162095K->46398K(191488K)] 249041K->133607K(715776K), 0.0168459 secs] [Times: user=0.18 sys=0.00, real=0.01 secs] 
2016-09-13T19:35:56.081-0400: 101.781: [GC (Allocation Failure) [PSYoungGen: 169278K->48076K(171008K)] 256689K->146415K(695296K), 0.0097213 secs] [Times: user=0.12 sys=0.00, real=0.01 secs] 
2016-09-13T19:35:56.305-0400: 102.005: [GC (GCLocker Initiated GC) [PSYoungGen: 170956K->49165K(189440K)] 269307K->147670K(713728K), 0.0099871 secs] [Times: user=0.07 sys=0.00, real=0.01 secs] 
2016-09-13T19:35:56.472-0400: 102.172: [GC (GCLocker Initiated GC) [PSYoungGen: 167949K->43276K(162304K)] 267998K->143396K(686592K), 0.0220876 secs] [Times: user=0.25 sys=0.00, real=0.02 secs] 
2016-09-13T19:35:56.657-0400: 102.357: [GC (Allocation Failure) [PSYoungGen: 162060K->37042K(192000K)] 262208K->140429K(716288K), 0.0072278 secs] [Times: user=0.03 sys=0.00, real=0.00 secs] 
2016-09-13T19:35:56.862-0400: 102.562: [GC (GCLocker Initiated GC) [PSYoungGen: 158879K->62865K(185344K)] 263785K->175563K(709632K), 0.0100571 secs] [Times: user=0.09 sys=0.00, real=0.01 secs] 
2016-09-13T19:35:57.066-0400: 102.766: [GC (GCLocker Initiated GC) [PSYoungGen: 185233K->67613K(175616K)] 298160K->186864K(699904K), 0.0088367 secs] [Times: user=0.10 sys=0.00, real=0.01 secs] 
2016-09-13T19:35:57.222-0400: 102.922: [GC (GCLocker Initiated GC) [PSYoungGen: 170013K->29515K(182272K)] 289396K->158271K(706560K), 0.0110736 secs] [Times: user=0.12 sys=0.00, real=0.01 secs] 
2016-09-13T19:35:57.389-0400: 103.089: [GC (Allocation Failure) [PSYoungGen: 131915K->28206K(178176K)] 260849K->160661K(702464K), 0.0101002 secs] [Times: user=0.10 sys=0.00, real=0.01 secs] 
2016-09-13T19:35:57.570-0400: 103.270: [GC (Allocation Failure) [PSYoungGen: 130398K->23464K(180736K)] 262854K->156078K(705024K), 0.0053954 secs] [Times: user=0.06 sys=0.00, real=0.00 secs] 
2016-09-13T19:35:57.714-0400: 103.414: [GC (GCLocker Initiated GC) [PSYoungGen: 126888K->64512K(174080K)] 259502K->197332K(698368K), 0.0222269 secs] [Times: user=0.26 sys=0.00, real=0.03 secs] 
2016-09-13T19:35:57.888-0400: 103.588: [GC (GCLocker Initiated GC) [PSYoungGen: 161792K->44922K(179712K)] 296178K->179609K(704000K), 0.0232650 secs] [Times: user=0.22 sys=0.00, real=0.02 secs] 
2016-09-13T19:35:58.050-0400: 103.750: [GC (GCLocker Initiated GC) [PSYoungGen: 142202K->23499K(176128K)] 284598K->167622K(700416K), 0.0101988 secs] [Times: user=0.12 sys=0.00, real=0.01 secs] 
2016-09-13T19:35:58.204-0400: 103.904: [GC (GCLocker Initiated GC) [PSYoungGen: 123851K->32367K(179200K)] 267999K->176717K(703488K), 0.0128372 secs] [Times: user=0.16 sys=0.00, real=0.02 secs] 
2016-09-13T19:35:58.392-0400: 104.092: [GC (GCLocker Initiated GC) [PSYoungGen: 132719K->5275K(181248K)] 284715K->169663K(705536K), 0.0029261 secs] [Times: user=0.02 sys=0.00, real=0.00 secs] 
2016-09-13T19:35:58.537-0400: 104.237: [GC (Allocation Failure) [PSYoungGen: 109723K->41942K(183296K)] 275830K->208357K(707584K), 0.0250387 secs] [Times: user=0.27 sys=0.00, real=0.02 secs] 
2016-09-13T19:35:58.704-0400: 104.404: [GC (GCLocker Initiated GC) [PSYoungGen: 144909K->46254K(182272K)] 312843K->214366K(706560K), 0.0142626 secs] [Times: user=0.14 sys=0.00, real=0.02 secs] 
2016-09-13T19:35:58.895-0400: 104.595: [GC (GCLocker Initiated GC) [PSYoungGen: 152750K->47831K(182784K)] 321061K->216360K(707072K), 0.0228016 secs] [Times: user=0.21 sys=0.01, real=0.03 secs] 
2016-09-13T19:35:59.066-0400: 104.766: [GC (GCLocker Initiated GC) [PSYoungGen: 154327K->47582K(184832K)] 322878K->216326K(709120K), 0.0156925 secs] [Times: user=0.15 sys=0.00, real=0.02 secs] 
2016-09-13T19:35:59.256-0400: 104.956: [GC (GCLocker Initiated GC) [PSYoungGen: 157150K->11196K(185344K)] 338067K->201321K(709632K), 0.0178988 secs] [Times: user=0.17 sys=0.00, real=0.01 secs] 
2016-09-13T19:35:59.451-0400: 105.151: [GC (GCLocker Initiated GC) [PSYoungGen: 120764K->14423K(185344K)] 323095K->223050K(709632K), 0.0088125 secs] [Times: user=0.07 sys=0.00, real=0.01 secs] 
2016-09-13T19:35:59.632-0400: 105.331: [GC (GCLocker Initiated GC) [PSYoungGen: 122967K->26415K(135168K)] 333135K->241411K(659456K), 0.0256317 secs] [Times: user=0.23 sys=0.00, real=0.03 secs] 
2016-09-13T19:35:59.838-0400: 105.538: [GC (GCLocker Initiated GC) [PSYoungGen: 134959K->44768K(181760K)] 350053K->270778K(706048K), 0.0330130 secs] [Times: user=0.37 sys=0.01, real=0.03 secs] 
2016-09-13T19:36:00.015-0400: 105.715: [GC (GCLocker Initiated GC) [PSYoungGen: 152800K->44826K(182272K)] 385110K->277362K(706560K), 0.0206634 secs] [Times: user=0.22 sys=0.00, real=0.02 secs] 
2016-09-13T19:36:00.188-0400: 105.888: [GC (GCLocker Initiated GC) [PSYoungGen: 152858K->34200K(180736K)] 388689K->270364K(705024K), 0.0232847 secs] [Times: user=0.27 sys=0.00, real=0.02 secs] 
2016-09-13T19:36:00.344-0400: 106.044: [GC (Allocation Failure) [PSYoungGen: 148376K->41762K(184320K)] 386335K->279889K(708608K), 0.0123880 secs] [Times: user=0.14 sys=0.00, real=0.02 secs] 
2016-09-13T19:36:00.516-0400: 106.216: [GC (GCLocker Initiated GC) [PSYoungGen: 155938K->49482K(189952K)] 394065K->287823K(714240K), 0.0098710 secs] [Times: user=0.10 sys=0.00, real=0.01 secs] 
2016-09-13T19:36:00.752-0400: 106.452: [GC (GCLocker Initiated GC) [PSYoungGen: 170314K->5334K(126464K)] 420879K->256140K(650752K), 0.0174239 secs] [Times: user=0.21 sys=0.00, real=0.02 secs] 
2016-09-13T19:36:00.947-0400: 106.647: [GC (GCLocker Initiated GC) [PSYoungGen: 126166K->32581K(192512K)] 377133K->283731K(716800K), 0.0098019 secs] [Times: user=0.09 sys=0.01, real=0.02 secs] 
2016-09-13T19:36:01.139-0400: 106.839: [GC (Allocation Failure) [PSYoungGen: 151877K->23585K(143360K)] 403191K->274988K(667648K), 0.0127974 secs] [Times: user=0.15 sys=0.01, real=0.01 secs] 
2016-09-13T19:36:01.325-0400: 107.025: [GC (GCLocker Initiated GC) [PSYoungGen: 142554K->41843K(186880K)] 395476K->295017K(711168K), 0.0146243 secs] [Times: user=0.13 sys=0.00, real=0.02 secs] 
2016-09-13T19:36:01.524-0400: 107.224: [GC (Allocation Failure) [PSYoungGen: 161139K->23728K(186880K)] 420429K->283271K(711168K), 0.0057903 secs] [Times: user=0.07 sys=0.00, real=0.01 secs] 
2016-09-13T19:36:01.706-0400: 107.406: [GC (GCLocker Initiated GC) [PSYoungGen: 143024K->44708K(192000K)] 402572K->304545K(716288K), 0.0250178 secs] [Times: user=0.35 sys=0.00, real=0.03 secs] 
2016-09-13T19:36:01.909-0400: 107.609: [GC (Allocation Failure) [PSYoungGen: 170660K->49356K(175616K)] 430731K->309668K(699904K), 0.0218032 secs] [Times: user=0.28 sys=0.00, real=0.02 secs] 
2016-09-13T19:36:01.931-0400: 107.631: [GC (GCLocker Initiated GC) [PSYoungGen: 49375K->96K(187392K)] 309687K->303337K(711680K), 0.0076869 secs] [Times: user=0.06 sys=0.00, real=0.01 secs] 
2016-09-13T19:36:02.120-0400: 107.820: [GC (GCLocker Initiated GC) [PSYoungGen: 113840K->34190K(152064K)] 423156K->343514K(676352K), 0.0207684 secs] [Times: user=0.25 sys=0.00, real=0.02 secs] 
2016-09-13T19:36:02.320-0400: 108.020: [GC (GCLocker Initiated GC) [PSYoungGen: 151950K->26633K(192512K)] 461295K->345506K(716800K), 0.0134655 secs] [Times: user=0.16 sys=0.00, real=0.01 secs] 
2016-09-13T19:36:02.499-0400: 108.199: [GC (GCLocker Initiated GC) [PSYoungGen: 150025K->47927K(189440K)] 470573K->374791K(713728K), 0.0248849 secs] [Times: user=0.29 sys=0.01, real=0.02 secs] 
2016-09-13T19:36:02.726-0400: 108.426: [GC (GCLocker Initiated GC) [PSYoungGen: 171319K->38725K(194560K)] 498205K->365927K(718848K), 0.0101178 secs] [Times: user=0.12 sys=0.00, real=0.02 secs] 
2016-09-13T19:36:02.906-0400: 108.606: [GC (GCLocker Initiated GC) [PSYoungGen: 165189K->44672K(193536K)] 494041K->375252K(717824K), 0.0162911 secs] [Times: user=0.13 sys=0.00, real=0.02 secs] 
2016-09-13T19:36:03.124-0400: 108.824: [GC (Allocation Failure) [PSYoungGen: 171136K->21859K(194048K)] 507933K->364909K(718336K), 0.0132959 secs] [Times: user=0.14 sys=0.00, real=0.02 secs] 
2016-09-13T19:36:03.321-0400: 109.021: [GC (GCLocker Initiated GC) [PSYoungGen: 148835K->46223K(194048K)] 491887K->389330K(718336K), 0.0100715 secs] [Times: user=0.12 sys=0.00, real=0.01 secs] 
2016-09-13T19:36:03.557-0400: 109.257: [GC (GCLocker Initiated GC) [PSYoungGen: 173199K->23282K(194048K)] 522455K->372603K(718336K), 0.0138898 secs] [Times: user=0.15 sys=0.00, real=0.01 secs] 
2016-09-13T19:36:03.740-0400: 109.440: [GC (GCLocker Initiated GC) [PSYoungGen: 150258K->46190K(194048K)] 499840K->395887K(718336K), 0.0139494 secs] [Times: user=0.14 sys=0.00, real=0.01 secs] 
2016-09-13T19:36:03.952-0400: 109.652: [GC (GCLocker Initiated GC) [PSYoungGen: 173166K->28180K(192000K)] 524453K->379701K(716288K), 0.0063598 secs] [Times: user=0.08 sys=0.00, real=0.01 secs] 
2016-09-13T19:36:04.210-0400: 109.910: [GC (GCLocker Initiated GC) [PSYoungGen: 155156K->14174K(193024K)] 513017K->372099K(717312K), 0.0363118 secs] [Times: user=0.44 sys=0.00, real=0.03 secs] 
2016-09-13T19:36:04.421-0400: 110.121: [GC (GCLocker Initiated GC) [PSYoungGen: 141150K->44853K(193536K)] 500680K->404479K(717824K), 0.0071700 secs] [Times: user=0.08 sys=0.01, real=0.01 secs] 
2016-09-13T19:36:04.610-0400: 110.310: [GC (Allocation Failure) [PSYoungGen: 171829K->46377K(173568K)] 531648K->406382K(697856K), 0.0072999 secs] [Times: user=0.09 sys=0.00, real=0.01 secs] 
2016-09-13T19:36:04.618-0400: 110.318: [GC (GCLocker Initiated GC) [PSYoungGen: 46390K->32K(187904K)] 406395K->406089K(712192K), 0.0068089 secs] [Times: user=0.09 sys=0.01, real=0.00 secs] 
2016-09-13T19:36:04.801-0400: 110.501: [GC (GCLocker Initiated GC) [PSYoungGen: 117499K->69254K(188416K)] 525075K->507205K(712704K), 0.0111603 secs] [Times: user=0.15 sys=0.00, real=0.01 secs] 
2016-09-13T19:36:04.988-0400: 110.688: [GC (GCLocker Initiated GC) [PSYoungGen: 188038K->43121K(176128K)] 627726K->493728K(700416K), 0.0164646 secs] [Times: user=0.11 sys=0.00, real=0.01 secs] 
2016-09-13T19:36:05.174-0400: 110.874: [GC (Allocation Failure) [PSYoungGen: 145521K->23559K(182272K)] 597893K->476116K(706560K), 0.0199420 secs] [Times: user=0.22 sys=0.00, real=0.02 secs] 
2016-09-13T19:36:05.331-0400: 111.031: [GC (Allocation Failure) [PSYoungGen: 125243K->47709K(181248K)] 577800K->500551K(705536K), 0.0128026 secs] [Times: user=0.13 sys=0.00, real=0.01 secs] 
2016-09-13T19:36:05.495-0400: 111.195: [GC (GCLocker Initiated GC) [PSYoungGen: 152157K->46344K(182784K)] 605005K->499322K(707072K), 0.0141065 secs] [Times: user=0.15 sys=0.01, real=0.02 secs] 
2016-09-13T19:36:05.649-0400: 111.349: [GC (GCLocker Initiated GC) [PSYoungGen: 150792K->28110K(178176K)] 609867K->487516K(702464K), 0.0215759 secs] [Times: user=0.20 sys=0.01, real=0.02 secs] 
2016-09-13T19:36:05.843-0400: 111.543: [GC (GCLocker Initiated GC) [PSYoungGen: 134094K->31130K(181248K)] 593610K->496912K(705536K), 0.0056325 secs] [Times: user=0.05 sys=0.00, real=0.01 secs] 
2016-09-13T19:36:06.009-0400: 111.709: [GC (GCLocker Initiated GC) [PSYoungGen: 137114K->9767K(185856K)] 612181K->486468K(710144K), 0.0414613 secs] [Times: user=0.40 sys=0.00, real=0.04 secs] 
2016-09-13T19:36:06.236-0400: 111.936: [GC (GCLocker Initiated GC) [PSYoungGen: 123431K->44571K(186880K)] 600157K->521557K(711168K), 0.0064449 secs] [Times: user=0.05 sys=0.00, real=0.00 secs] 
2016-09-13T19:36:06.392-0400: 112.092: [GC (Allocation Failure) [PSYoungGen: 158235K->29762K(182784K)] 635410K->513116K(707072K), 0.0217568 secs] [Times: user=0.20 sys=0.00, real=0.02 secs] 
2016-09-13T19:36:06.578-0400: 112.278: [GC (GCLocker Initiated GC) [PSYoungGen: 145474K->47677K(185856K)] 628834K->531169K(710144K), 0.0191395 secs] [Times: user=0.18 sys=0.00, real=0.02 secs] 
2016-09-13T19:36:06.769-0400: 112.469: [GC (Allocation Failure) [PSYoungGen: 163389K->23404K(190464K)] 648623K->508839K(714752K), 0.0149367 secs] [Times: user=0.14 sys=0.01, real=0.01 secs] 
2016-09-13T19:36:06.950-0400: 112.650: [GC (GCLocker Initiated GC) [PSYoungGen: 143724K->46372K(190464K)] 629164K->532081K(714752K), 0.0148338 secs] [Times: user=0.16 sys=0.00, real=0.01 secs] 
2016-09-13T19:36:07.123-0400: 112.823: [GC (Allocation Failure) [PSYoungGen: 166692K->46408K(189952K)] 652650K->532599K(714240K), 0.0171463 secs] [Times: user=0.19 sys=0.00, real=0.02 secs] 
2016-09-13T19:36:07.308-0400: 113.008: [GC (GCLocker Initiated GC) [PSYoungGen: 165192K->47773K(166912K)] 651387K->534169K(691200K), 0.0111482 secs] [Times: user=0.08 sys=0.00, real=0.01 secs] 
2016-09-13T19:36:07.517-0400: 113.216: [GC (GCLocker Initiated GC) [PSYoungGen: 166557K->61410K(178688K)] 653237K->548295K(702976K), 0.0405275 secs] [Times: user=0.44 sys=0.00, real=0.04 secs] 
2016-09-13T19:36:07.692-0400: 113.392: [GC (GCLocker Initiated GC) [PSYoungGen: 167906K->62956K(169472K)] 656329K->551630K(693760K), 0.0137220 secs] [Times: user=0.12 sys=0.01, real=0.01 secs] 
2016-09-13T19:36:07.862-0400: 113.562: [GC (GCLocker Initiated GC) [PSYoungGen: 169452K->43247K(183296K)] 659843K->535425K(707584K), 0.0222454 secs] [Times: user=0.25 sys=0.00, real=0.02 secs] 
2016-09-13T19:36:08.064-0400: 113.764: [GC (GCLocker Initiated GC) [PSYoungGen: 144111K->47614K(148480K)] 642550K->546266K(672768K), 0.0185217 secs] [Times: user=0.19 sys=0.00, real=0.02 secs] 
2016-09-13T19:36:08.250-0400: 113.950: [GC (Allocation Failure) [PSYoungGen: 148478K->23500K(178176K)] 653420K->528647K(702464K), 0.0070190 secs] [Times: user=0.07 sys=0.00, real=0.01 secs] 
2016-09-13T19:36:08.443-0400: 114.143: [Full GC (Ergonomics) [PSYoungGen: 123488K->0K(178176K)] [ParOldGen: 511222K->39057K(524288K)] 634711K->39057K(702464K), [Metaspace: 44540K->44540K(1087488K)], 0.0506896 secs] [Times: user=0.27 sys=0.00, real=0.05 secs] 
2016-09-13T19:36:08.613-0400: 114.313: [GC (GCLocker Initiated GC) [PSYoungGen: 100864K->58654K(178176K)] 146016K->103807K(702464K), 0.0085138 secs] [Times: user=0.09 sys=0.00, real=0.01 secs] 
2016-09-13T19:36:08.745-0400: 114.445: [GC (GCLocker Initiated GC) [PSYoungGen: 159518K->29703K(183296K)] 204806K->110504K(707584K), 0.0100550 secs] [Times: user=0.13 sys=0.01, real=0.02 secs] 
2016-09-13T19:36:08.899-0400: 114.599: [GC (GCLocker Initiated GC) [PSYoungGen: 133639K->47805K(152064K)] 220731K->142814K(676352K), 0.0215899 secs] [Times: user=0.22 sys=0.00, real=0.02 secs] 
2016-09-13T19:36:09.075-0400: 114.775: [GC (GCLocker Initiated GC) [PSYoungGen: 151741K->41912K(185344K)] 248531K->138884K(709632K), 0.0234225 secs] [Times: user=0.32 sys=0.00, real=0.03 secs] 
2016-09-13T19:36:09.267-0400: 114.967: [GC (GCLocker Initiated GC) [PSYoungGen: 149944K->31217K(181760K)] 253013K->134500K(706048K), 0.0042627 secs] [Times: user=0.04 sys=0.00, real=0.01 secs] 
2016-09-13T19:36:09.449-0400: 115.149: [GC (GCLocker Initiated GC) [PSYoungGen: 139249K->14457K(182784K)] 254705K->139203K(707072K), 0.0097822 secs] [Times: user=0.10 sys=0.01, real=0.01 secs] 
2016-09-13T19:36:09.626-0400: 115.326: [GC (GCLocker Initiated GC) [PSYoungGen: 124537K->31302K(183808K)] 249306K->163899K(708096K), 0.0176733 secs] [Times: user=0.17 sys=0.01, real=0.02 secs] 
2016-09-13T19:36:09.806-0400: 115.506: [GC (GCLocker Initiated GC) [PSYoungGen: 141382K->34313K(183296K)] 273998K->179453K(707584K), 0.0142429 secs] [Times: user=0.15 sys=0.00, real=0.02 secs] 
2016-09-13T19:36:10.012-0400: 115.712: [GC (GCLocker Initiated GC) [PSYoungGen: 151049K->43404K(185344K)] 296393K->190418K(709632K), 0.0122216 secs] [Times: user=0.12 sys=0.00, real=0.01 secs] 
2016-09-13T19:36:10.205-0400: 115.905: [GC (GCLocker Initiated GC) [PSYoungGen: 160140K->9645K(190976K)] 316283K->166056K(715264K), 0.0248205 secs] [Times: user=0.27 sys=0.00, real=0.03 secs] 
2016-09-13T19:36:10.429-0400: 116.129: [GC (GCLocker Initiated GC) [PSYoungGen: 132525K->43212K(192512K)] 289037K->199811K(716800K), 0.0112384 secs] [Times: user=0.11 sys=0.00, real=0.01 secs] 
2016-09-13T19:36:10.606-0400: 116.306: [GC (GCLocker Initiated GC) [PSYoungGen: 166092K->17234K(192000K)] 328791K->181571K(716288K), 0.0217166 secs] [Times: user=0.24 sys=0.00, real=0.03 secs] 
2016-09-13T19:36:10.814-0400: 116.514: [GC (GCLocker Initiated GC) [PSYoungGen: 140626K->23404K(146944K)] 305105K->200222K(671232K), 0.0419030 secs] [Times: user=0.42 sys=0.01, real=0.05 secs] 
2016-09-13T19:36:11.054-0400: 116.754: [GC (GCLocker Initiated GC) [PSYoungGen: 146796K->32491K(195584K)] 331355K->217283K(719872K), 0.0236948 secs] [Times: user=0.26 sys=0.00, real=0.03 secs] 
2016-09-13T19:36:11.250-0400: 116.950: [GC (GCLocker Initiated GC) [PSYoungGen: 160491K->46372K(192000K)] 346833K->232911K(716288K), 0.0273414 secs] [Times: user=0.30 sys=0.00, real=0.03 secs] 
2016-09-13T19:36:11.455-0400: 117.155: [GC (GCLocker Initiated GC) [PSYoungGen: 174372K->32731K(194048K)] 368575K->228760K(718336K), 0.0081080 secs] [Times: user=0.08 sys=0.00, real=0.01 secs] 
2016-09-13T19:36:11.678-0400: 117.378: [GC (GCLocker Initiated GC) [PSYoungGen: 164827K->59954K(192512K)] 362404K->269911K(716800K), 0.0218517 secs] [Times: user=0.23 sys=0.00, real=0.02 secs] 
2016-09-13T19:36:11.871-0400: 117.571: [GC (GCLocker Initiated GC) [PSYoungGen: 192050K->40205K(194560K)] 402106K->259579K(718848K), 0.0059507 secs] [Times: user=0.03 sys=0.01, real=0.01 secs] 
2016-09-13T19:36:12.076-0400: 117.776: [GC (GCLocker Initiated GC) [PSYoungGen: 165133K->47705K(192512K)] 384764K->267537K(716800K), 0.0216407 secs] [Times: user=0.23 sys=0.00, real=0.02 secs] 
2016-09-13T19:36:12.284-0400: 117.984: [GC (Allocation Failure) [PSYoungGen: 172633K->41874K(192512K)] 392630K->261967K(716800K), 0.0110239 secs] [Times: user=0.12 sys=0.00, real=0.01 secs] 
2016-09-13T19:36:12.465-0400: 118.164: [GC (GCLocker Initiated GC) [PSYoungGen: 167826K->40265K(193024K)] 387922K->260605K(717312K), 0.0257314 secs] [Times: user=0.30 sys=0.00, real=0.03 secs] 
2016-09-13T19:36:12.698-0400: 118.398: [GC (GCLocker Initiated GC) [PSYoungGen: 166217K->23405K(193536K)] 401888K->259328K(717824K), 0.0097504 secs] [Times: user=0.09 sys=0.00, real=0.01 secs] 
2016-09-13T19:36:12.926-0400: 118.626: [GC (GCLocker Initiated GC) [PSYoungGen: 151917K->43057K(193536K)] 394040K->285295K(717824K), 0.0502508 secs] [Times: user=0.48 sys=0.01, real=0.06 secs] 
2016-09-13T19:36:13.188-0400: 118.888: [GC (GCLocker Initiated GC) [PSYoungGen: 171569K->31216K(194560K)] 421501K->281374K(718848K), 0.0050140 secs] [Times: user=0.04 sys=0.00, real=0.00 secs] 
2016-09-13T19:36:13.349-0400: 119.049: [GC (GCLocker Initiated GC) [PSYoungGen: 163824K->34030K(195584K)] 414068K->287513K(719872K), 0.0138747 secs] [Times: user=0.15 sys=0.01, real=0.01 secs] 
2016-09-13T19:36:13.572-0400: 119.272: [GC (GCLocker Initiated GC) [PSYoungGen: 166638K->41475K(198144K)] 420231K->298432K(722432K), 0.0126489 secs] [Times: user=0.12 sys=0.00, real=0.01 secs] 
2016-09-13T19:36:13.803-0400: 119.503: [GC (GCLocker Initiated GC) [PSYoungGen: 179715K->47614K(198144K)] 436700K->309211K(722432K), 0.0131768 secs] [Times: user=0.12 sys=0.00, real=0.02 secs] 
2016-09-13T19:36:14.027-0400: 119.727: [GC (GCLocker Initiated GC) [PSYoungGen: 185854K->27897K(201216K)] 447454K->295724K(725504K), 0.0053693 secs] [Times: user=0.04 sys=0.00, real=0.01 secs] 
2016-09-13T19:36:14.275-0400: 119.975: [GC (GCLocker Initiated GC) [PSYoungGen: 167161K->10044K(149504K)] 448768K->291841K(673792K), 0.0193400 secs] [Times: user=0.21 sys=0.00, real=0.02 secs] 
2016-09-13T19:36:14.498-0400: 120.198: [GC (GCLocker Initiated GC) [PSYoungGen: 149308K->52202K(191488K)] 437348K->340533K(715776K), 0.0098876 secs] [Times: user=0.10 sys=0.00, real=0.01 secs] 
2016-09-13T19:36:14.709-0400: 120.409: [GC (GCLocker Initiated GC) [PSYoungGen: 180202K->29547K(195072K)] 474792K->330348K(719360K), 0.0110817 secs] [Times: user=0.12 sys=0.00, real=0.01 secs] 
2016-09-13T19:36:14.915-0400: 120.615: [GC (GCLocker Initiated GC) [PSYoungGen: 157547K->42898K(193536K)] 458373K->343893K(717824K), 0.0263080 secs] [Times: user=0.21 sys=0.00, real=0.03 secs] 
2016-09-13T19:36:15.106-0400: 120.806: [GC (GCLocker Initiated GC) [PSYoungGen: 172946K->44545K(195072K)] 474080K->348772K(719360K), 0.0256603 secs] [Times: user=0.27 sys=0.00, real=0.03 secs] 
2016-09-13T19:36:15.337-0400: 121.037: [GC (Allocation Failure) [PSYoungGen: 174593K->28183K(195072K)] 484941K->346339K(719360K), 0.0097175 secs] [Times: user=0.08 sys=0.00, real=0.00 secs] 
2016-09-13T19:36:15.557-0400: 121.257: [GC (Allocation Failure) [PSYoungGen: 159380K->8152K(196096K)] 477536K->326557K(720384K), 0.0152917 secs] [Times: user=0.12 sys=0.01, real=0.01 secs] 
2016-09-13T19:36:15.755-0400: 121.455: [GC (GCLocker Initiated GC) [PSYoungGen: 139461K->28025K(195072K)] 459384K->348182K(719360K), 0.0083236 secs] [Times: user=0.10 sys=0.01, real=0.01 secs] 
2016-09-13T19:36:15.993-0400: 121.693: [GC (GCLocker Initiated GC) [PSYoungGen: 160121K->23707K(195584K)] 483446K->347210K(719872K), 0.0241736 secs] [Times: user=0.30 sys=0.00, real=0.03 secs] 
2016-09-13T19:36:16.216-0400: 121.916: [GC (GCLocker Initiated GC) [PSYoungGen: 155803K->35592K(196608K)] 479325K->359415K(720896K), 0.0111186 secs] [Times: user=0.12 sys=0.01, real=0.01 secs] 
2016-09-13T19:36:16.451-0400: 122.151: [GC (GCLocker Initiated GC) [PSYoungGen: 172296K->26537K(197120K)] 502369K->362808K(721408K), 0.0196159 secs] [Times: user=0.21 sys=0.00, real=0.02 secs] 
2016-09-13T19:36:16.665-0400: 122.365: [GC (GCLocker Initiated GC) [PSYoungGen: 163241K->41724K(199680K)] 499696K->378348K(723968K), 0.0291034 secs] [Times: user=0.25 sys=0.00, real=0.03 secs] 
2016-09-13T19:36:16.900-0400: 122.600: [GC (GCLocker Initiated GC) [PSYoungGen: 182524K->49224K(190464K)] 519185K->386020K(714752K), 0.0207760 secs] [Times: user=0.21 sys=0.00, real=0.02 secs] 
2016-09-13T19:36:17.121-0400: 122.821: [GC (GCLocker Initiated GC) [PSYoungGen: 190024K->46308K(196096K)] 526838K->387774K(720384K), 0.0290891 secs] [Times: user=0.30 sys=0.00, real=0.03 secs] 
2016-09-13T19:36:17.330-0400: 123.030: [GC (GCLocker Initiated GC) [PSYoungGen: 179428K->31035K(164352K)] 522438K->383508K(688640K), 0.0163036 secs] [Times: user=0.16 sys=0.01, real=0.01 secs] 
2016-09-13T19:36:17.566-0400: 123.266: [GC (GCLocker Initiated GC) [PSYoungGen: 164155K->23591K(197632K)] 516714K->385422K(721920K), 0.0145937 secs] [Times: user=0.14 sys=0.00, real=0.02 secs] 
2016-09-13T19:36:17.794-0400: 123.494: [GC (GCLocker Initiated GC) [PSYoungGen: 158759K->28121K(197120K)] 520901K->390579K(721408K), 0.0114527 secs] [Times: user=0.12 sys=0.00, real=0.01 secs] 
2016-09-13T19:36:17.991-0400: 123.691: [GC (GCLocker Initiated GC) [PSYoungGen: 163289K->28024K(198656K)] 527361K->392234K(722944K), 0.0160592 secs] [Times: user=0.17 sys=0.00, real=0.01 secs] 
2016-09-13T19:36:18.204-0400: 123.904: [GC (GCLocker Initiated GC) [PSYoungGen: 167288K->35710K(197632K)] 531585K->400215K(721920K), 0.0222211 secs] [Times: user=0.25 sys=0.00, real=0.02 secs] 
2016-09-13T19:36:18.461-0400: 124.161: [GC (GCLocker Initiated GC) [PSYoungGen: 174974K->26473K(202240K)] 551821K->411061K(726528K), 0.0090055 secs] [Times: user=0.08 sys=0.00, real=0.01 secs] 
2016-09-13T19:36:18.699-0400: 124.399: [GC (GCLocker Initiated GC) [PSYoungGen: 171881K->23377K(201216K)] 571887K->423643K(725504K), 0.0226712 secs] [Times: user=0.20 sys=0.00, real=0.02 secs] 
2016-09-13T19:36:18.946-0400: 124.646: [GC (GCLocker Initiated GC) [PSYoungGen: 168785K->23341K(205312K)] 575349K->430047K(729600K), 0.0140117 secs] [Times: user=0.12 sys=0.00, real=0.02 secs] 
2016-09-13T19:36:19.195-0400: 124.895: [GC (Allocation Failure) [PSYoungGen: 173869K->21896K(204288K)] 580595K->428678K(728576K), 0.0483928 secs] [Times: user=0.55 sys=0.00, real=0.05 secs] 
2016-09-13T19:36:19.244-0400: 124.944: [GC (GCLocker Initiated GC) [PSYoungGen: 23192K->256K(203776K)] 429974K->425600K(728064K), 0.0037867 secs] [Times: user=0.03 sys=0.00, real=0.00 secs] 
2016-09-13T19:36:19.460-0400: 125.160: [GC (GCLocker Initiated GC) [PSYoungGen: 149579K->37572K(188416K)] 576443K->464468K(712704K), 0.0139391 secs] [Times: user=0.11 sys=0.00, real=0.01 secs] 
2016-09-13T19:36:19.725-0400: 125.425: [GC (GCLocker Initiated GC) [PSYoungGen: 188100K->20277K(206848K)] 621359K->458720K(731136K), 0.0097663 secs] [Times: user=0.09 sys=0.00, real=0.01 secs] 
2016-09-13T19:36:19.937-0400: 125.637: [GC (GCLocker Initiated GC) [PSYoungGen: 170293K->46096K(196608K)] 608811K->484686K(720896K), 0.0061599 secs] [Times: user=0.05 sys=0.00, real=0.00 secs] 
2016-09-13T19:36:20.210-0400: 125.910: [GC (GCLocker Initiated GC) [PSYoungGen: 196112K->8498K(201728K)] 646974K->467094K(726016K), 0.0061684 secs] [Times: user=0.05 sys=0.00, real=0.01 secs] 
2016-09-13T19:36:20.430-0400: 126.130: [GC (GCLocker Initiated GC) [PSYoungGen: 150834K->33978K(202240K)] 610971K->494331K(726528K), 0.0134930 secs] [Times: user=0.14 sys=0.00, real=0.01 secs] 
2016-09-13T19:36:20.650-0400: 126.350: [GC (GCLocker Initiated GC) [PSYoungGen: 176314K->41757K(198656K)] 638469K->511595K(722944K), 0.0317582 secs] [Times: user=0.34 sys=0.00, real=0.03 secs] 
2016-09-13T19:36:20.919-0400: 126.619: [GC (GCLocker Initiated GC) [PSYoungGen: 181021K->24959K(164352K)] 663044K->507097K(688640K), 0.0159844 secs] [Times: user=0.14 sys=0.01, real=0.01 secs] 
2016-09-13T19:36:21.131-0400: 126.831: [GC (GCLocker Initiated GC) [PSYoungGen: 164223K->14201K(200704K)] 658519K->508776K(724992K), 0.0140139 secs] [Times: user=0.16 sys=0.00, real=0.01 secs] 
2016-09-13T19:36:21.394-0400: 127.094: [GC (GCLocker Initiated GC) [PSYoungGen: 156025K->31067K(200192K)] 650681K->530394K(724480K), 0.0387796 secs] [Times: user=0.38 sys=0.00, real=0.04 secs] 
2016-09-13T19:36:21.652-0400: 127.352: [GC (GCLocker Initiated GC) [PSYoungGen: 172891K->43116K(199168K)] 673774K->548764K(723456K), 0.0143859 secs] [Times: user=0.13 sys=0.00, real=0.01 secs] 
2016-09-13T19:36:21.858-0400: 127.558: [Full GC (Ergonomics) [PSYoungGen: 185452K->0K(199168K)] [ParOldGen: 511821K->32045K(524288K)] 697273K->32045K(723456K), [Metaspace: 44566K->44566K(1087488K)], 0.0758143 secs] [Times: user=0.47 sys=0.01, real=0.07 secs] 
2016-09-13T19:36:22.088-0400: 127.788: [GC (GCLocker Initiated GC) [PSYoungGen: 140902K->55740K(198144K)] 174466K->101453K(722432K), 0.0205143 secs] [Times: user=0.23 sys=0.00, real=0.02 secs] 
2016-09-13T19:36:22.298-0400: 127.998: [GC (GCLocker Initiated GC) [PSYoungGen: 198076K->52420K(184832K)] 245326K->124409K(709120K), 0.0143508 secs] [Times: user=0.16 sys=0.00, real=0.01 secs] 
2016-09-13T19:36:22.504-0400: 128.204: [GC (GCLocker Initiated GC) [PSYoungGen: 173252K->28061K(191488K)] 246860K->109546K(715776K), 0.0279517 secs] [Times: user=0.32 sys=0.00, real=0.03 secs] 
2016-09-13T19:36:22.734-0400: 128.434: [GC (Allocation Failure) [PSYoungGen: 148890K->28183K(183808K)] 236635K->116071K(708096K), 0.0102335 secs] [Times: user=0.10 sys=0.00, real=0.01 secs] 
2016-09-13T19:36:22.904-0400: 128.604: [GC (GCLocker Initiated GC) [PSYoungGen: 151575K->62993K(188928K)] 239463K->151212K(713216K), 0.0289424 secs] [Times: user=0.32 sys=0.00, real=0.03 secs] 
2016-09-13T19:36:23.100-0400: 128.800: [GC (GCLocker Initiated GC) [PSYoungGen: 186385K->27902K(190976K)] 274632K->116256K(715264K), 0.0524647 secs] [Times: user=0.54 sys=0.01, real=0.05 secs] 
2016-09-13T19:36:23.300-0400: 129.000: [GC (Allocation Failure) [PSYoungGen: 145662K->66053K(184320K)] 234130K->156186K(708608K), 0.0134758 secs] [Times: user=0.15 sys=0.00, real=0.01 secs] 
2016-09-13T19:36:23.482-0400: 129.182: [GC (GCLocker Initiated GC) [PSYoungGen: 183813K->46382K(184320K)] 273952K->142809K(708608K), 0.0121753 secs] [Times: user=0.13 sys=0.00, real=0.01 secs] 
2016-09-13T19:36:23.670-0400: 129.370: [GC (GCLocker Initiated GC) [PSYoungGen: 152878K->29607K(136192K)] 255561K->132638K(660480K), 0.0262025 secs] [Times: user=0.30 sys=0.00, real=0.03 secs] 
2016-09-13T19:36:23.853-0400: 129.553: [GC (Allocation Failure) [PSYoungGen: 136103K->41761K(184832K)] 242467K->148205K(709120K), 0.0120284 secs] [Times: user=0.12 sys=0.00, real=0.01 secs] 
2016-09-13T19:36:24.017-0400: 129.717: [GC (GCLocker Initiated GC) [PSYoungGen: 150817K->31033K(182272K)] 257264K->137661K(706560K), 0.0068410 secs] [Times: user=0.05 sys=0.00, real=0.00 secs] 
2016-09-13T19:36:24.223-0400: 129.923: [GC (GCLocker Initiated GC) [PSYoungGen: 140089K->29451K(186368K)] 254499K->144126K(710656K), 0.0215719 secs] [Times: user=0.19 sys=0.00, real=0.02 secs] 
2016-09-13T19:36:24.416-0400: 130.116: [GC (GCLocker Initiated GC) [PSYoungGen: 144651K->44858K(184320K)] 260871K->161329K(708608K), 0.0211602 secs] [Times: user=0.21 sys=0.01, real=0.02 secs] 
2016-09-13T19:36:24.617-0400: 130.317: [GC (GCLocker Initiated GC) [PSYoungGen: 160058K->31068K(190976K)] 284252K->157061K(715264K), 0.0253836 secs] [Times: user=0.24 sys=0.01, real=0.02 secs] 
2016-09-13T19:36:24.827-0400: 130.527: [GC (GCLocker Initiated GC) [PSYoungGen: 154972K->47927K(190976K)] 282519K->181786K(715264K), 0.0220387 secs] [Times: user=0.26 sys=0.00, real=0.03 secs] 
2016-09-13T19:36:25.039-0400: 130.739: [GC (GCLocker Initiated GC) [PSYoungGen: 171831K->47704K(193024K)] 305749K->187970K(717312K), 0.0144803 secs] [Times: user=0.13 sys=0.00, real=0.01 secs] 
2016-09-13T19:36:25.247-0400: 130.947: [GC (GCLocker Initiated GC) [PSYoungGen: 172632K->40110K(165376K)] 314643K->188433K(689664K), 0.0260710 secs] [Times: user=0.22 sys=0.00, real=0.03 secs] 
2016-09-13T19:36:25.453-0400: 131.153: [GC (GCLocker Initiated GC) [PSYoungGen: 165038K->49320K(190464K)] 314919K->199375K(714752K), 0.0120745 secs] [Times: user=0.12 sys=0.00, real=0.01 secs] 
2016-09-13T19:36:25.663-0400: 131.363: [GC (GCLocker Initiated GC) [PSYoungGen: 173736K->38693K(191488K)] 328470K->201176K(715776K), 0.0147485 secs] [Times: user=0.14 sys=0.00, real=0.02 secs] 
2016-09-13T19:36:25.851-0400: 131.551: [GC (GCLocker Initiated GC) [PSYoungGen: 163109K->44948K(194048K)] 325835K->207907K(718336K), 0.0100473 secs] [Times: user=0.09 sys=0.00, real=0.01 secs] 
2016-09-13T19:36:26.079-0400: 131.779: [GC (GCLocker Initiated GC) [PSYoungGen: 174484K->49356K(193536K)] 338988K->214085K(717824K), 0.0172989 secs] [Times: user=0.19 sys=0.01, real=0.02 secs] 
2016-09-13T19:36:26.261-0400: 131.961: [GC (GCLocker Initiated GC) [PSYoungGen: 178892K->28052K(197120K)] 349775K->202045K(721408K), 0.0399904 secs] [Times: user=0.32 sys=0.00, real=0.04 secs] 
2016-09-13T19:36:26.469-0400: 132.169: [GC (GCLocker Initiated GC) [PSYoungGen: 160148K->61506K(194048K)] 334202K->246471K(718336K), 0.0219674 secs] [Times: user=0.24 sys=0.01, real=0.02 secs] 
2016-09-13T19:36:26.683-0400: 132.383: [GC (Allocation Failure) [PSYoungGen: 193602K->53972K(185856K)] 378768K->248410K(710144K), 0.0079033 secs] [Times: user=0.08 sys=0.00, real=0.01 secs] 
2016-09-13T19:36:26.868-0400: 132.568: [GC (GCLocker Initiated GC) [PSYoungGen: 171732K->41688K(189952K)] 366176K->237796K(714240K), 0.0365882 secs] [Times: user=0.44 sys=0.00, real=0.03 secs] 
2016-09-13T19:36:27.064-0400: 132.764: [GC (GCLocker Initiated GC) [PSYoungGen: 159448K->65967K(181248K)] 355728K->262439K(705536K), 0.0094701 secs] [Times: user=0.11 sys=0.01, real=0.01 secs] 
2016-09-13T19:36:27.253-0400: 132.953: [GC (GCLocker Initiated GC) [PSYoungGen: 177583K->10289K(122368K)] 386438K->219282K(646656K), 0.0114016 secs] [Times: user=0.13 sys=0.01, real=0.01 secs] 
2016-09-13T19:36:27.451-0400: 133.151: [GC (GCLocker Initiated GC) [PSYoungGen: 121905K->5452K(178688K)] 344793K->228910K(702976K), 0.0094238 secs] [Times: user=0.09 sys=0.00, real=0.01 secs] 
2016-09-13T19:36:27.625-0400: 133.325: [GC (GCLocker Initiated GC) [PSYoungGen: 105804K->35655K(136192K)] 329293K->259256K(660480K), 0.0072786 secs] [Times: user=0.09 sys=0.00, real=0.01 secs] 
2016-09-13T19:36:27.780-0400: 133.480: [GC (GCLocker Initiated GC) [PSYoungGen: 136007K->32485K(183296K)] 359634K->257823K(707584K), 0.0252715 secs] [Times: user=0.25 sys=0.00, real=0.02 secs] 
2016-09-13T19:36:27.955-0400: 133.655: [GC (GCLocker Initiated GC) [PSYoungGen: 138469K->5088K(180224K)] 368531K->243079K(704512K), 0.0095498 secs] [Times: user=0.07 sys=0.00, real=0.01 secs] 
2016-09-13T19:36:28.128-0400: 133.828: [GC (GCLocker Initiated GC) [PSYoungGen: 111072K->9703K(185856K)] 349075K->247844K(710144K), 0.0107254 secs] [Times: user=0.10 sys=0.00, real=0.01 secs] 
2016-09-13T19:36:28.298-0400: 133.998: [GC (GCLocker Initiated GC) [PSYoungGen: 119271K->50652K(160256K)] 358953K->290594K(684544K), 0.0386807 secs] [Times: user=0.39 sys=0.00, real=0.04 secs] 
2016-09-13T19:36:28.480-0400: 134.180: [GC (Allocation Failure) [PSYoungGen: 160220K->43407K(184320K)] 400296K->292826K(708608K), 0.0116099 secs] [Times: user=0.14 sys=0.00, real=0.01 secs] 
2016-09-13T19:36:28.662-0400: 134.362: [GC (GCLocker Initiated GC) [PSYoungGen: 148879K->53753K(159232K)] 398307K->303470K(683520K), 0.0377463 secs] [Times: user=0.42 sys=0.00, real=0.04 secs] 
2016-09-13T19:36:28.850-0400: 134.550: [GC (GCLocker Initiated GC) [PSYoungGen: 159225K->18880K(182784K)] 421155K->280956K(707072K), 0.0049816 secs] [Times: user=0.04 sys=0.00, real=0.00 secs] 
2016-09-13T19:36:29.017-0400: 134.717: [GC (GCLocker Initiated GC) [PSYoungGen: 121280K->9773K(112640K)] 389563K->278340K(636928K), 0.0097910 secs] [Times: user=0.12 sys=0.00, real=0.00 secs] 
2016-09-13T19:36:29.199-0400: 134.899: [GC (Allocation Failure) [PSYoungGen: 112173K->23613K(184320K)] 382382K->293989K(708608K), 0.0090610 secs] [Times: user=0.09 sys=0.00, real=0.01 secs] 
2016-09-13T19:36:29.358-0400: 135.058: [GC (GCLocker Initiated GC) [PSYoungGen: 123657K->23313K(129024K)] 400108K->299879K(653312K), 0.0257330 secs] [Times: user=0.27 sys=0.00, real=0.02 secs] 
2016-09-13T19:36:29.541-0400: 135.241: [GC (GCLocker Initiated GC) [PSYoungGen: 128785K->29384K(184320K)] 411451K->312227K(708608K), 0.0257139 secs] [Times: user=0.24 sys=0.00, real=0.02 secs] 
2016-09-13T19:36:29.712-0400: 135.412: [GC (GCLocker Initiated GC) [PSYoungGen: 141000K->46286K(180224K)] 424090K->332552K(704512K), 0.0214401 secs] [Times: user=0.20 sys=0.00, real=0.02 secs] 
2016-09-13T19:36:29.893-0400: 135.593: [GC (GCLocker Initiated GC) [PSYoungGen: 157902K->40365K(192000K)] 452056K->334796K(716288K), 0.0146052 secs] [Times: user=0.15 sys=0.00, real=0.02 secs] 
2016-09-13T19:36:30.111-0400: 135.811: [GC (GCLocker Initiated GC) [PSYoungGen: 161709K->49227K(171008K)] 457847K->345656K(695296K), 0.0494337 secs] [Times: user=0.53 sys=0.00, real=0.05 secs] 
2016-09-13T19:36:30.342-0400: 136.042: [GC (GCLocker Initiated GC) [PSYoungGen: 170571K->32767K(193024K)] 473137K->335542K(717312K), 0.0103121 secs] [Times: user=0.11 sys=0.00, real=0.01 secs] 
2016-09-13T19:36:30.503-0400: 136.203: [GC (GCLocker Initiated GC) [PSYoungGen: 153599K->43244K(164352K)] 459434K->355372K(688640K), 0.0118027 secs] [Times: user=0.13 sys=0.00, real=0.01 secs] 
2016-09-13T19:36:30.717-0400: 136.417: [GC (GCLocker Initiated GC) [PSYoungGen: 164076K->32527K(192000K)] 482295K->351121K(716288K), 0.0243526 secs] [Times: user=0.21 sys=0.00, real=0.02 secs] 
2016-09-13T19:36:30.931-0400: 136.631: [GC (GCLocker Initiated GC) [PSYoungGen: 155919K->29783K(189440K)] 482232K->356192K(713728K), 0.0097108 secs] [Times: user=0.09 sys=0.00, real=0.01 secs] 
2016-09-13T19:36:31.128-0400: 136.828: [GC (GCLocker Initiated GC) [PSYoungGen: 153175K->26574K(193536K)] 485931K->365576K(717824K), 0.0234194 secs] [Times: user=0.32 sys=0.00, real=0.02 secs] 
2016-09-13T19:36:31.356-0400: 137.056: [GC (GCLocker Initiated GC) [PSYoungGen: 156110K->23599K(191488K)] 504465K->372199K(715776K), 0.0105245 secs] [Times: user=0.13 sys=0.00, real=0.00 secs] 
2016-09-13T19:36:31.552-0400: 137.252: [GC (GCLocker Initiated GC) [PSYoungGen: 153135K->27992K(198144K)] 503365K->378467K(722432K), 0.0072792 secs] [Times: user=0.08 sys=0.00, real=0.01 secs] 
2016-09-13T19:36:31.790-0400: 137.490: [GC (Allocation Failure) [PSYoungGen: 166232K->21948K(197120K)] 516722K->372721K(721408K), 0.0269399 secs] [Times: user=0.28 sys=0.00, real=0.03 secs] 
2016-09-13T19:36:32.036-0400: 137.736: [GC (GCLocker Initiated GC) [PSYoungGen: 159235K->41698K(200704K)] 511527K->404969K(724992K), 0.0262576 secs] [Times: user=0.25 sys=0.00, real=0.02 secs] 
2016-09-13T19:36:32.260-0400: 137.960: [GC (Allocation Failure) [PSYoungGen: 184034K->27902K(201728K)] 547327K->391318K(726016K), 0.0093648 secs] [Times: user=0.08 sys=0.00, real=0.01 secs] 
2016-09-13T19:36:32.474-0400: 138.174: [GC (GCLocker Initiated GC) [PSYoungGen: 170238K->36977K(202240K)] 533657K->403496K(726528K), 0.0301904 secs] [Times: user=0.29 sys=0.00, real=0.03 secs] 
2016-09-13T19:36:32.702-0400: 138.402: [GC (GCLocker Initiated GC) [PSYoungGen: 181873K->49260K(201728K)] 549936K->417608K(726016K), 0.0074543 secs] [Times: user=0.07 sys=0.00, real=0.01 secs] 
2016-09-13T19:36:32.970-0400: 138.670: [GC (GCLocker Initiated GC) [PSYoungGen: 194156K->23623K(202240K)] 570343K->409042K(726528K), 0.0278804 secs] [Times: user=0.30 sys=0.00, real=0.03 secs] 
2016-09-13T19:36:33.204-0400: 138.904: [GC (GCLocker Initiated GC) [PSYoungGen: 165447K->28029K(169984K)] 557094K->419936K(694272K), 0.0058421 secs] [Times: user=0.06 sys=0.00, real=0.01 secs] 
2016-09-13T19:36:33.417-0400: 139.117: [GC (GCLocker Initiated GC) [PSYoungGen: 169853K->29580K(201728K)] 561965K->421918K(726016K), 0.0384336 secs] [Times: user=0.42 sys=0.00, real=0.03 secs] 
2016-09-13T19:36:33.670-0400: 139.370: [GC (GCLocker Initiated GC) [PSYoungGen: 173452K->47614K(199680K)] 567369K->446337K(723968K), 0.0145421 secs] [Times: user=0.13 sys=0.01, real=0.01 secs] 
2016-09-13T19:36:33.904-0400: 139.604: [GC (GCLocker Initiated GC) [PSYoungGen: 191486K->50927K(195584K)] 590400K->451499K(719872K), 0.0138936 secs] [Times: user=0.12 sys=0.00, real=0.02 secs] 
2016-09-13T19:36:34.112-0400: 139.812: [GC (GCLocker Initiated GC) [PSYoungGen: 187119K->30876K(199168K)] 589232K->433241K(723456K), 0.0400030 secs] [Times: user=0.42 sys=0.01, real=0.04 secs] 
2016-09-13T19:36:34.321-0400: 140.021: [GC (GCLocker Initiated GC) [PSYoungGen: 167068K->47953K(196096K)] 569614K->458255K(720384K), 0.0101454 secs] [Times: user=0.09 sys=0.00, real=0.01 secs] 
2016-09-13T19:36:34.540-0400: 140.240: [GC (GCLocker Initiated GC) [PSYoungGen: 183121K->27806K(198656K)] 599677K->444489K(722944K), 0.0126135 secs] [Times: user=0.10 sys=0.00, real=0.01 secs] 
2016-09-13T19:36:34.765-0400: 140.465: [GC (GCLocker Initiated GC) [PSYoungGen: 162974K->29511K(194560K)] 579819K->446428K(718848K), 0.0313039 secs] [Times: user=0.34 sys=0.00, real=0.04 secs] 
2016-09-13T19:36:34.994-0400: 140.694: [GC (GCLocker Initiated GC) [PSYoungGen: 166215K->15901K(197120K)] 583154K->433116K(721408K), 0.0207890 secs] [Times: user=0.20 sys=0.00, real=0.02 secs] 
2016-09-13T19:36:35.223-0400: 140.923: [GC (GCLocker Initiated GC) [PSYoungGen: 152605K->35741K(199168K)] 570052K->454940K(723456K), 0.0139969 secs] [Times: user=0.14 sys=0.00, real=0.02 secs] 
2016-09-13T19:36:35.460-0400: 141.160: [GC (Allocation Failure) [PSYoungGen: 176541K->23431K(200192K)] 603495K->450492K(724480K), 0.0270534 secs] [Times: user=0.25 sys=0.00, real=0.02 secs] 
2016-09-13T19:36:35.697-0400: 141.397: [GC (GCLocker Initiated GC) [PSYoungGen: 164213K->44581K(199680K)] 591370K->471956K(723968K), 0.0366517 secs] [Times: user=0.37 sys=0.00, real=0.03 secs] 
2016-09-13T19:36:35.921-0400: 141.621: [GC (GCLocker Initiated GC) [PSYoungGen: 185893K->41756K(183296K)] 617996K->473931K(707584K), 0.0182215 secs] [Times: user=0.19 sys=0.01, real=0.02 secs] 
2016-09-13T19:36:36.159-0400: 141.859: [GC (GCLocker Initiated GC) [PSYoungGen: 183068K->20340K(201728K)] 615269K->452820K(726016K), 0.0114462 secs] [Times: user=0.11 sys=0.00, real=0.01 secs] 
2016-09-13T19:36:36.409-0400: 142.109: [GC (Allocation Failure) [PSYoungGen: 161140K->8275K(149504K)] 605952K->460832K(673792K), 0.0207237 secs] [Times: user=0.26 sys=0.00, real=0.02 secs] 
2016-09-13T19:36:36.623-0400: 142.323: [GC (GCLocker Initiated GC) [PSYoungGen: 149075K->27998K(202752K)] 601636K->488370K(727040K), 0.0067110 secs] [Times: user=0.05 sys=0.00, real=0.01 secs] 
2016-09-13T19:36:36.856-0400: 142.556: [GC (Allocation Failure) [PSYoungGen: 168798K->28178K(169472K)] 635423K->494942K(693760K), 0.0251344 secs] [Times: user=0.29 sys=0.00, real=0.02 secs] 
2016-09-13T19:36:37.098-0400: 142.799: [GC (GCLocker Initiated GC) [PSYoungGen: 168978K->55304K(190976K)] 635755K->522369K(715264K), 0.0083483 secs] [Times: user=0.09 sys=0.00, real=0.00 secs] 
2016-09-13T19:36:37.333-0400: 143.033: [GC (Allocation Failure) [PSYoungGen: 189448K->27870K(197632K)] 662646K->501199K(721920K), 0.0096399 secs] [Times: user=0.06 sys=0.00, real=0.01 secs] 
2016-09-13T19:36:37.521-0400: 143.221: [GC (GCLocker Initiated GC) [PSYoungGen: 162014K->51029K(192512K)] 635344K->524552K(716800K), 0.0079299 secs] [Times: user=0.09 sys=0.00, real=0.01 secs] 
2016-09-13T19:36:37.717-0400: 143.417: [GC (GCLocker Initiated GC) [PSYoungGen: 182101K->47619K(179200K)] 655785K->521489K(703488K), 0.0080128 secs] [Times: user=0.08 sys=0.01, real=0.00 secs] 
2016-09-13T19:36:37.939-0400: 143.639: [GC (GCLocker Initiated GC) [PSYoungGen: 178691K->41666K(195584K)] 652624K->523409K(719872K), 0.0176238 secs] [Times: user=0.22 sys=0.00, real=0.02 secs] 
2016-09-13T19:36:38.180-0400: 143.880: [GC (GCLocker Initiated GC) [PSYoungGen: 170178K->46350K(195072K)] 655194K->531591K(719360K), 0.0101495 secs] [Times: user=0.15 sys=0.00, real=0.01 secs] 
2016-09-13T19:36:38.380-0400: 144.080: [GC (Allocation Failure) [PSYoungGen: 174862K->23628K(195072K)] 660206K->509221K(719360K), 0.0105720 secs] [Times: user=0.14 sys=0.00, real=0.01 secs] 
2016-09-13T19:36:38.583-0400: 144.283: [GC (GCLocker Initiated GC) [PSYoungGen: 152140K->28024K(156672K)] 637739K->513841K(680960K), 0.0212331 secs] [Times: user=0.25 sys=0.00, real=0.02 secs] 
2016-09-13T19:36:38.814-0400: 144.514: [GC (GCLocker Initiated GC) [PSYoungGen: 156536K->23472K(195072K)] 650140K->517301K(719360K), 0.0058274 secs] [Times: user=0.05 sys=0.00, real=0.01 secs] 
2016-09-13T19:36:39.006-0400: 144.706: [GC (Allocation Failure) [PSYoungGen: 153520K->38784K(194048K)] 647472K->532993K(718336K), 0.0073024 secs] [Times: user=0.10 sys=0.01, real=0.01 secs] 
2016-09-13T19:36:39.238-0400: 144.938: [GC (GCLocker Initiated GC) [PSYoungGen: 168832K->43280K(195072K)] 663044K->542314K(719360K), 0.0224224 secs] [Times: user=0.30 sys=0.00, real=0.02 secs] 
2016-09-13T19:36:39.457-0400: 145.157: [GC (GCLocker Initiated GC) [PSYoungGen: 175888K->5211K(195584K)] 690331K->519942K(719872K), 0.0030921 secs] [Times: user=0.03 sys=0.00, real=0.00 secs] 
2016-09-13T19:36:39.666-0400: 145.366: [GC (GCLocker Initiated GC) [PSYoungGen: 137819K->44826K(193536K)] 652698K->559876K(717824K), 0.0195246 secs] [Times: user=0.17 sys=0.00, real=0.02 secs] 
2016-09-13T19:36:39.879-0400: 145.579: [GC (GCLocker Initiated GC) [PSYoungGen: 172826K->46281K(174592K)] 688105K->563238K(698880K), 0.0082585 secs] [Times: user=0.08 sys=0.00, real=0.00 secs] 
2016-09-13T19:36:40.087-0400: 145.787: [GC (Allocation Failure) [PSYoungGen: 174281K->49228K(189952K)] 691391K->566468K(714240K), 0.0185342 secs] [Times: user=0.21 sys=0.00, real=0.02 secs] 
2016-09-13T19:36:40.279-0400: 145.979: [GC (GCLocker Initiated GC) [PSYoungGen: 171084K->50970K(173056K)] 688327K->574498K(697344K), 0.0222926 secs] [Times: user=0.22 sys=0.00, real=0.02 secs] 
2016-09-13T19:36:40.302-0400: 146.002: [Full GC (Ergonomics) [PSYoungGen: 50970K->0K(173056K)] [ParOldGen: 523528K->40409K(524288K)] 574498K->40409K(697344K), [Metaspace: 44622K->44622K(1087488K)], 0.0535213 secs] [Times: user=0.32 sys=0.00, real=0.05 secs] 
2016-09-13T19:36:40.542-0400: 146.242: [GC (GCLocker Initiated GC) [PSYoungGen: 121856K->53971K(183808K)] 168365K->100481K(708096K), 0.0126054 secs] [Times: user=0.14 sys=0.00, real=0.01 secs] 
2016-09-13T19:36:40.709-0400: 146.409: [GC (GCLocker Initiated GC) [PSYoungGen: 165587K->70810K(182784K)] 213808K->149770K(707072K), 0.0185655 secs] [Times: user=0.21 sys=0.00, real=0.02 secs] 
2016-09-13T19:36:40.874-0400: 146.574: [GC (Allocation Failure) [PSYoungGen: 182426K->59954K(170496K)] 261662K->139467K(694784K), 0.0151166 secs] [Times: user=0.14 sys=0.01, real=0.02 secs] 
2016-09-13T19:36:41.012-0400: 146.712: [GC (GCLocker Initiated GC) [PSYoungGen: 150154K->46313K(176640K)] 231185K->127562K(700928K), 0.0137386 secs] [Times: user=0.14 sys=0.00, real=0.01 secs] 
2016-09-13T19:36:41.155-0400: 146.855: [GC (GCLocker Initiated GC) [PSYoungGen: 137449K->41852K(166400K)] 218930K->123546K(690688K), 0.0112894 secs] [Times: user=0.13 sys=0.00, real=0.01 secs] 
2016-09-13T19:36:41.311-0400: 147.011: [GC (GCLocker Initiated GC) [PSYoungGen: 136060K->24860K(173056K)] 223864K->131169K(697344K), 0.0077677 secs] [Times: user=0.06 sys=0.00, real=0.01 secs] 
2016-09-13T19:36:41.461-0400: 147.161: [GC (GCLocker Initiated GC) [PSYoungGen: 119068K->41758K(176128K)] 225563K->149903K(700416K), 0.0240381 secs] [Times: user=0.27 sys=0.00, real=0.02 secs] 
2016-09-13T19:36:41.637-0400: 147.337: [GC (GCLocker Initiated GC) [PSYoungGen: 146206K->32644K(179712K)] 254532K->141116K(704000K), 0.0304067 secs] [Times: user=0.38 sys=0.00, real=0.02 secs] 
2016-09-13T19:36:41.816-0400: 147.516: [GC (Allocation Failure) [PSYoungGen: 137092K->50811K(185344K)] 245757K->159737K(709632K), 0.0071910 secs] [Times: user=0.06 sys=0.00, real=0.00 secs] 
2016-09-13T19:36:41.991-0400: 147.691: [GC (GCLocker Initiated GC) [PSYoungGen: 163963K->24956K(186880K)] 272892K->141696K(711168K), 0.0165464 secs] [Times: user=0.16 sys=0.00, real=0.02 secs] 
2016-09-13T19:36:42.151-0400: 147.851: [GC (GCLocker Initiated GC) [PSYoungGen: 138108K->46222K(186368K)] 254998K->163258K(710656K), 0.0092433 secs] [Times: user=0.07 sys=0.00, real=0.01 secs] 
2016-09-13T19:36:42.321-0400: 148.021: [GC (GCLocker Initiated GC) [PSYoungGen: 160910K->41793K(187392K)] 278201K->159329K(711680K), 0.0244410 secs] [Times: user=0.24 sys=0.00, real=0.02 secs] 
2016-09-13T19:36:42.505-0400: 148.205: [GC (Allocation Failure) [PSYoungGen: 156481K->53881K(185344K)] 274039K->173262K(709632K), 0.0068712 secs] [Times: user=0.09 sys=0.00, real=0.01 secs] 
2016-09-13T19:36:42.709-0400: 148.409: [GC (GCLocker Initiated GC) [PSYoungGen: 169593K->29612K(187392K)] 288977K->159806K(711680K), 0.0095854 secs] [Times: user=0.12 sys=0.00, real=0.01 secs] 
2016-09-13T19:36:42.901-0400: 148.601: [GC (GCLocker Initiated GC) [PSYoungGen: 145324K->51240K(189440K)] 275634K->181933K(713728K), 0.0252353 secs] [Times: user=0.29 sys=0.00, real=0.02 secs] 
2016-09-13T19:36:43.122-0400: 148.822: [GC (GCLocker Initiated GC) [PSYoungGen: 170024K->50838K(169984K)] 306980K->188012K(694272K), 0.0360188 secs] [Times: user=0.40 sys=0.00, real=0.04 secs] 
2016-09-13T19:36:43.321-0400: 149.021: [GC (GCLocker Initiated GC) [PSYoungGen: 169622K->44789K(192512K)] 307112K->182409K(716800K), 0.0084878 secs] [Times: user=0.07 sys=0.00, real=0.01 secs] 
2016-09-13T19:36:43.531-0400: 149.231: [GC (GCLocker Initiated GC) [PSYoungGen: 165109K->66089K(186880K)] 302757K->204096K(711168K), 0.0123707 secs] [Times: user=0.08 sys=0.02, real=0.01 secs] 
2016-09-13T19:36:43.715-0400: 149.415: [GC (GCLocker Initiated GC) [PSYoungGen: 186409K->46313K(189440K)] 324458K->195243K(713728K), 0.0097035 secs] [Times: user=0.10 sys=0.00, real=0.01 secs] 
2016-09-13T19:36:43.880-0400: 149.580: [GC (Allocation Failure) [PSYoungGen: 160489K->41720K(156160K)] 311191K->194166K(680448K), 0.0250864 secs] [Times: user=0.26 sys=0.00, real=0.02 secs] 
2016-09-13T19:36:44.076-0400: 149.776: [GC (GCLocker Initiated GC) [PSYoungGen: 155896K->67550K(178688K)] 308356K->220228K(702976K), 0.0103423 secs] [Times: user=0.10 sys=0.00, real=0.00 secs] 
2016-09-13T19:36:44.246-0400: 149.946: [GC (GCLocker Initiated GC) [PSYoungGen: 175582K->14329K(122368K)] 334360K->173284K(646656K), 0.0034303 secs] [Times: user=0.02 sys=0.00, real=0.01 secs] 
2016-09-13T19:36:44.407-0400: 150.107: [GC (Allocation Failure) [PSYoungGen: 122361K->34163K(184832K)] 281355K->193567K(709120K), 0.0078033 secs] [Times: user=0.08 sys=0.00, real=0.01 secs] 
2016-09-13T19:36:44.565-0400: 150.265: [GC (GCLocker Initiated GC) [PSYoungGen: 138207K->24801K(182784K)] 299130K->193527K(707072K), 0.0142594 secs] [Times: user=0.14 sys=0.00, real=0.02 secs] 
2016-09-13T19:36:44.747-0400: 150.447: [GC (GCLocker Initiated GC) [PSYoungGen: 130273K->5147K(179712K)] 303577K->178582K(704000K), 0.0080927 secs] [Times: user=0.07 sys=0.00, real=0.01 secs] 
2016-09-13T19:36:44.919-0400: 150.619: [GC (Allocation Failure) [PSYoungGen: 107547K->28030K(182272K)] 281156K->202014K(706560K), 0.0067892 secs] [Times: user=0.08 sys=0.00, real=0.00 secs] 
2016-09-13T19:36:45.081-0400: 150.781: [GC (Allocation Failure) [PSYoungGen: 130430K->52362K(180736K)] 304414K->226500K(705024K), 0.0127538 secs] [Times: user=0.13 sys=0.01, real=0.01 secs] 
2016-09-13T19:36:45.249-0400: 150.949: [GC (GCLocker Initiated GC) [PSYoungGen: 155786K->46249K(182272K)] 329932K->225150K(706560K), 0.0099761 secs] [Times: user=0.11 sys=0.00, real=0.01 secs] 
2016-09-13T19:36:45.417-0400: 151.117: [GC (Allocation Failure) [PSYoungGen: 149673K->27997K(178688K)] 330268K->208843K(702976K), 0.0264748 secs] [Times: user=0.24 sys=0.01, real=0.02 secs] 
2016-09-13T19:36:45.611-0400: 151.311: [GC (GCLocker Initiated GC) [PSYoungGen: 130352K->52139K(181248K)] 317274K->239336K(705536K), 0.0136395 secs] [Times: user=0.11 sys=0.01, real=0.01 secs] 
2016-09-13T19:36:45.767-0400: 151.467: [GC (GCLocker Initiated GC) [PSYoungGen: 157611K->28056K(184832K)] 344825K->215441K(709120K), 0.0227406 secs] [Times: user=0.26 sys=0.00, real=0.03 secs] 
2016-09-13T19:36:45.936-0400: 151.636: [GC (GCLocker Initiated GC) [PSYoungGen: 137112K->46414K(184832K)] 324770K->245070K(709120K), 0.0235362 secs] [Times: user=0.29 sys=0.00, real=0.02 secs] 
2016-09-13T19:36:46.107-0400: 151.807: [GC (GCLocker Initiated GC) [PSYoungGen: 155470K->59764K(179200K)] 354372K->258801K(703488K), 0.0154237 secs] [Times: user=0.16 sys=0.00, real=0.02 secs] 
2016-09-13T19:36:46.282-0400: 151.982: [GC (GCLocker Initiated GC) [PSYoungGen: 164212K->50938K(183296K)] 363506K->250386K(707584K), 0.0150826 secs] [Times: user=0.20 sys=0.00, real=0.02 secs] 
2016-09-13T19:36:46.467-0400: 152.167: [GC (GCLocker Initiated GC) [PSYoungGen: 155386K->37047K(178176K)] 354862K->236638K(702464K), 0.0065380 secs] [Times: user=0.03 sys=0.00, real=0.01 secs] 
2016-09-13T19:36:46.666-0400: 152.366: [GC (GCLocker Initiated GC) [PSYoungGen: 141495K->28216K(180736K)] 348796K->250942K(705024K), 0.0088242 secs] [Times: user=0.13 sys=0.00, real=0.01 secs] 
2016-09-13T19:36:46.818-0400: 152.518: [GC (GCLocker Initiated GC) [PSYoungGen: 132664K->32677K(180736K)] 355571K->255849K(705024K), 0.0061619 secs] [Times: user=0.09 sys=0.00, real=0.00 secs] 
2016-09-13T19:36:46.971-0400: 152.671: [GC (Allocation Failure) [PSYoungGen: 143781K->28247K(183808K)] 367006K->251650K(708096K), 0.0065928 secs] [Times: user=0.07 sys=0.01, real=0.01 secs] 
2016-09-13T19:36:47.141-0400: 152.841: [GC (Allocation Failure) [PSYoungGen: 138737K->46341K(187904K)] 362140K->270064K(712192K), 0.0066198 secs] [Times: user=0.09 sys=0.00, real=0.01 secs] 
2016-09-13T19:36:47.346-0400: 153.046: [GC (Allocation Failure) [PSYoungGen: 159834K->23340K(189440K)] 383557K->247162K(713728K), 0.0126400 secs] [Times: user=0.09 sys=0.00, real=0.02 secs] 
2016-09-13T19:36:47.521-0400: 153.221: [GC (GCLocker Initiated GC) [PSYoungGen: 141612K->43085K(187392K)] 365435K->267085K(711680K), 0.0159822 secs] [Times: user=0.14 sys=0.01, real=0.02 secs] 
2016-09-13T19:36:47.725-0400: 153.425: [GC (GCLocker Initiated GC) [PSYoungGen: 163405K->63184K(183808K)] 387582K->287649K(708096K), 0.0119238 secs] [Times: user=0.11 sys=0.00, real=0.02 secs] 
2016-09-13T19:36:47.900-0400: 153.600: [GC (GCLocker Initiated GC) [PSYoungGen: 183504K->56791K(181760K)] 408054K->281563K(706048K), 0.0089889 secs] [Times: user=0.10 sys=0.00, real=0.01 secs] 
2016-09-13T19:36:48.107-0400: 153.807: [GC (GCLocker Initiated GC) [PSYoungGen: 163287K->24923K(184320K)] 401825K->266629K(708608K), 0.0139676 secs] [Times: user=0.11 sys=0.00, real=0.02 secs] 
2016-09-13T19:36:48.277-0400: 153.977: [GC (GCLocker Initiated GC) [PSYoungGen: 131419K->44954K(179712K)] 373306K->287125K(704000K), 0.0156177 secs] [Times: user=0.15 sys=0.00, real=0.01 secs] 
2016-09-13T19:36:48.458-0400: 154.158: [GC (Allocation Failure) [PSYoungGen: 151962K->46250K(182272K)] 394280K->288786K(706560K), 0.0131409 secs] [Times: user=0.13 sys=0.01, real=0.01 secs] 
2016-09-13T19:36:48.644-0400: 154.344: [GC (GCLocker Initiated GC) [PSYoungGen: 151256K->9766K(183296K)] 399867K->258500K(707584K), 0.0063028 secs] [Times: user=0.05 sys=0.00, real=0.01 secs] 
2016-09-13T19:36:48.808-0400: 154.508: [GC (GCLocker Initiated GC) [PSYoungGen: 119334K->32554K(142336K)] 369737K->283229K(666624K), 0.0047850 secs] [Times: user=0.04 sys=0.00, real=0.00 secs] 
2016-09-13T19:36:48.998-0400: 154.698: [GC (Allocation Failure) [PSYoungGen: 142122K->11095K(184320K)] 392975K->262142K(708608K), 0.0093095 secs] [Times: user=0.07 sys=0.00, real=0.01 secs] 
2016-09-13T19:36:49.172-0400: 154.872: [GC (GCLocker Initiated GC) [PSYoungGen: 117996K->9826K(185344K)] 375118K->267079K(709632K), 0.0124587 secs] [Times: user=0.11 sys=0.00, real=0.01 secs] 
2016-09-13T19:36:49.358-0400: 155.058: [GC (Allocation Failure) [PSYoungGen: 120930K->44858K(186368K)] 378445K->302716K(710656K), 0.0184774 secs] [Times: user=0.19 sys=0.00, real=0.02 secs] 
2016-09-13T19:36:49.520-0400: 155.220: [GC (GCLocker Initiated GC) [PSYoungGen: 156474K->44609K(186880K)] 414337K->302623K(711168K), 0.0103502 secs] [Times: user=0.10 sys=0.00, real=0.01 secs] 
2016-09-13T19:36:49.730-0400: 155.430: [GC (GCLocker Initiated GC) [PSYoungGen: 156225K->46222K(186368K)] 420451K->310645K(710656K), 0.0141301 secs] [Times: user=0.13 sys=0.00, real=0.01 secs] 
2016-09-13T19:36:49.899-0400: 155.599: [GC (GCLocker Initiated GC) [PSYoungGen: 157838K->64506K(176128K)] 422517K->329466K(700416K), 0.0122934 secs] [Times: user=0.12 sys=0.00, real=0.01 secs] 
2016-09-13T19:36:50.086-0400: 155.786: [GC (Allocation Failure) [PSYoungGen: 176122K->43334K(182784K)] 441334K->308767K(707072K), 0.0225427 secs] [Times: user=0.25 sys=0.00, real=0.03 secs] 
2016-09-13T19:36:50.251-0400: 155.951: [GC (GCLocker Initiated GC) [PSYoungGen: 142527K->28270K(129536K)] 414034K->300069K(653824K), 0.0058371 secs] [Times: user=0.07 sys=0.00, real=0.01 secs] 
2016-09-13T19:36:50.427-0400: 156.127: [GC (GCLocker Initiated GC) [PSYoungGen: 129134K->28120K(180736K)] 401008K->300260K(705024K), 0.0082274 secs] [Times: user=0.12 sys=0.00, real=0.01 secs] 
2016-09-13T19:36:50.585-0400: 156.285: [GC (Allocation Failure) [PSYoungGen: 131544K->27929K(178176K)] 403860K->300412K(702464K), 0.0052048 secs] [Times: user=0.05 sys=0.00, real=0.01 secs] 
2016-09-13T19:36:50.730-0400: 156.430: [GC (GCLocker Initiated GC) [PSYoungGen: 126121K->23505K(184320K)] 404678K->302244K(708608K), 0.0047676 secs] [Times: user=0.05 sys=0.00, real=0.00 secs] 
2016-09-13T19:36:50.906-0400: 156.606: [GC (GCLocker Initiated GC) [PSYoungGen: 135121K->47646K(182784K)] 413891K->326610K(707072K), 0.0118662 secs] [Times: user=0.09 sys=0.00, real=0.02 secs] 
2016-09-13T19:36:51.099-0400: 156.799: [GC (GCLocker Initiated GC) [PSYoungGen: 159262K->43248K(189952K)] 444318K->337587K(714240K), 0.0212420 secs] [Times: user=0.23 sys=0.00, real=0.02 secs] 
2016-09-13T19:36:51.305-0400: 157.005: [GC (GCLocker Initiated GC) [PSYoungGen: 162032K->28120K(146944K)] 457991K->324359K(671232K), 0.0231518 secs] [Times: user=0.20 sys=0.00, real=0.03 secs] 
2016-09-13T19:36:51.501-0400: 157.201: [GC (GCLocker Initiated GC) [PSYoungGen: 146904K->26659K(191488K)] 444827K->333862K(715776K), 0.0226035 secs] [Times: user=0.20 sys=0.00, real=0.02 secs] 
2016-09-13T19:36:51.699-0400: 157.399: [GC (GCLocker Initiated GC) [PSYoungGen: 148515K->61500K(183808K)] 457358K->370627K(708096K), 0.0219956 secs] [Times: user=0.21 sys=0.00, real=0.02 secs] 
2016-09-13T19:36:51.902-0400: 157.602: [GC (GCLocker Initiated GC) [PSYoungGen: 183356K->34348K(190976K)] 492540K->343816K(715264K), 0.0444700 secs] [Times: user=0.50 sys=0.01, real=0.04 secs] 
2016-09-13T19:36:52.104-0400: 157.804: [GC (GCLocker Initiated GC) [PSYoungGen: 151084K->44763K(161792K)] 466658K->365284K(686080K), 0.0107708 secs] [Times: user=0.10 sys=0.00, real=0.01 secs] 
2016-09-13T19:36:52.302-0400: 158.002: [GC (GCLocker Initiated GC) [PSYoungGen: 161499K->23623K(188416K)] 497387K->365748K(712704K), 0.0068098 secs] [Times: user=0.08 sys=0.00, real=0.01 secs] 
2016-09-13T19:36:52.501-0400: 158.201: [GC (GCLocker Initiated GC) [PSYoungGen: 141383K->44640K(187392K)] 489612K->393129K(711680K), 0.0114928 secs] [Times: user=0.13 sys=0.00, real=0.01 secs] 
2016-09-13T19:36:52.700-0400: 158.400: [GC (GCLocker Initiated GC) [PSYoungGen: 162400K->60074K(182272K)] 511161K->418131K(706560K), 0.0124123 secs] [Times: user=0.16 sys=0.01, real=0.01 secs] 
2016-09-13T19:36:52.885-0400: 158.585: [GC (GCLocker Initiated GC) [PSYoungGen: 172714K->46446K(187392K)] 532339K->406284K(711680K), 0.0222062 secs] [Times: user=0.26 sys=0.00, real=0.02 secs] 
2016-09-13T19:36:53.064-0400: 158.764: [GC (GCLocker Initiated GC) [PSYoungGen: 159086K->43461K(182272K)] 520621K->405206K(706560K), 0.0097240 secs] [Times: user=0.10 sys=0.00, real=0.01 secs] 
2016-09-13T19:36:53.254-0400: 158.954: [GC (GCLocker Initiated GC) [PSYoungGen: 157125K->44949K(185344K)] 519058K->407091K(709632K), 0.0121754 secs] [Times: user=0.10 sys=0.01, real=0.01 secs] 
2016-09-13T19:36:53.448-0400: 159.148: [GC (GCLocker Initiated GC) [PSYoungGen: 158613K->34105K(185856K)] 522296K->397973K(710144K), 0.0148164 secs] [Times: user=0.15 sys=0.00, real=0.02 secs] 
2016-09-13T19:36:53.654-0400: 159.354: [GC (GCLocker Initiated GC) [PSYoungGen: 154425K->53816K(188928K)] 518470K->421098K(713216K), 0.0232019 secs] [Times: user=0.28 sys=0.00, real=0.03 secs] 
2016-09-13T19:36:53.862-0400: 159.562: [GC (GCLocker Initiated GC) [PSYoungGen: 174136K->32613K(192000K)] 550596K->409136K(716288K), 0.0099090 secs] [Times: user=0.08 sys=0.00, real=0.01 secs] 
2016-09-13T19:36:54.053-0400: 159.753: [GC (Allocation Failure) [PSYoungGen: 154981K->9927K(132608K)] 545446K->412809K(656896K), 0.0180223 secs] [Times: user=0.26 sys=0.00, real=0.02 secs] 
2016-09-13T19:36:54.258-0400: 159.958: [GC (GCLocker Initiated GC) [PSYoungGen: 132295K->46249K(190464K)] 535179K->449362K(714752K), 0.0192308 secs] [Times: user=0.20 sys=0.00, real=0.02 secs] 
2016-09-13T19:36:54.448-0400: 160.148: [GC (Allocation Failure) [PSYoungGen: 165033K->47923K(190464K)] 568330K->451426K(714752K), 0.0098742 secs] [Times: user=0.12 sys=0.00, real=0.01 secs] 
2016-09-13T19:36:54.645-0400: 160.345: [GC (GCLocker Initiated GC) [PSYoungGen: 166641K->12872K(187392K)] 576219K->422640K(711680K), 0.0050402 secs] [Times: user=0.03 sys=0.00, real=0.01 secs] 
2016-09-13T19:36:54.858-0400: 160.558: [GC (GCLocker Initiated GC) [PSYoungGen: 128584K->5025K(120832K)] 552212K->428909K(645120K), 0.0135267 secs] [Times: user=0.13 sys=0.00, real=0.01 secs] 
2016-09-13T19:36:55.056-0400: 160.756: [GC (GCLocker Initiated GC) [PSYoungGen: 120737K->28024K(190464K)] 550712K->458079K(714752K), 0.0163026 secs] [Times: user=0.18 sys=0.00, real=0.01 secs] 
2016-09-13T19:36:55.257-0400: 160.957: [GC (GCLocker Initiated GC) [PSYoungGen: 143736K->23527K(139264K)] 581597K->469191K(663552K), 0.0197958 secs] [Times: user=0.22 sys=0.00, real=0.02 secs] 
2016-09-13T19:36:55.456-0400: 161.156: [GC (GCLocker Initiated GC) [PSYoungGen: 139239K->23563K(187904K)] 592672K->477248K(712192K), 0.0183854 secs] [Times: user=0.20 sys=0.01, real=0.01 secs] 
2016-09-13T19:36:55.645-0400: 161.345: [GC (GCLocker Initiated GC) [PSYoungGen: 141835K->44630K(185344K)] 595701K->498769K(709632K), 0.0067563 secs] [Times: user=0.05 sys=0.00, real=0.01 secs] 
2016-09-13T19:36:55.837-0400: 161.537: [GC (Allocation Failure) [PSYoungGen: 162902K->32512K(189440K)] 617166K->486957K(713728K), 0.0100265 secs] [Times: user=0.08 sys=0.00, real=0.00 secs] 
2016-09-13T19:36:56.043-0400: 161.743: [GC (Allocation Failure) [PSYoungGen: 158976K->9677K(191488K)] 613421K->464276K(715776K), 0.0263079 secs] [Times: user=0.33 sys=0.00, real=0.03 secs] 
2016-09-13T19:36:56.244-0400: 161.944: [GC (GCLocker Initiated GC) [PSYoungGen: 135551K->28120K(191488K)] 596226K->488957K(715776K), 0.0114010 secs] [Times: user=0.13 sys=0.00, real=0.02 secs] 
2016-09-13T19:36:56.452-0400: 162.152: [GC (Allocation Failure) [PSYoungGen: 159704K->46254K(194048K)] 620781K->507524K(718336K), 0.0082231 secs] [Times: user=0.07 sys=0.01, real=0.01 secs] 
2016-09-13T19:36:56.704-0400: 162.404: [GC (GCLocker Initiated GC) [PSYoungGen: 177838K->41475K(196608K)] 639114K->502894K(720896K), 0.0153698 secs] [Times: user=0.16 sys=0.00, real=0.02 secs] 
2016-09-13T19:36:56.887-0400: 162.587: [GC (GCLocker Initiated GC) [PSYoungGen: 172547K->46568K(177664K)] 641624K->515816K(701952K), 0.0074985 secs] [Times: user=0.10 sys=0.00, real=0.01 secs] 
2016-09-13T19:36:57.099-0400: 162.799: [GC (GCLocker Initiated GC) [PSYoungGen: 177640K->47938K(191488K)] 653179K->523835K(715776K), 0.0067915 secs] [Times: user=0.06 sys=0.00, real=0.00 secs] 
2016-09-13T19:36:57.313-0400: 163.013: [GC (GCLocker Initiated GC) [PSYoungGen: 171842K->69089K(193024K)] 647797K->546786K(717312K), 0.0165426 secs] [Times: user=0.13 sys=0.00, real=0.02 secs] 
2016-09-13T19:36:57.499-0400: 163.199: [GC (GCLocker Initiated GC) [PSYoungGen: 192993K->64666K(162304K)] 672231K->557865K(686592K), 0.0088401 secs] [Times: user=0.11 sys=0.00, real=0.00 secs] 
2016-09-13T19:36:57.674-0400: 163.374: [GC (Allocation Failure) [PSYoungGen: 157850K->41635K(177664K)] 652827K->542920K(701952K), 0.0077604 secs] [Times: user=0.07 sys=0.00, real=0.01 secs] 
2016-09-13T19:36:57.829-0400: 163.529: [GC (GCLocker Initiated GC) [PSYoungGen: 134819K->24923K(171520K)] 636107K->526357K(695808K), 0.0054499 secs] [Times: user=0.05 sys=0.00, real=0.00 secs] 
2016-09-13T19:36:58.020-0400: 163.720: [GC (GCLocker Initiated GC) [PSYoungGen: 122203K->34015K(176640K)] 632913K->544935K(700928K), 0.0068787 secs] [Times: user=0.07 sys=0.00, real=0.00 secs] 
2016-09-13T19:36:58.180-0400: 163.880: [GC (Allocation Failure) [PSYoungGen: 131295K->41724K(175616K)] 642570K->562216K(699904K), 0.0223687 secs] [Times: user=0.24 sys=0.00, real=0.02 secs] 
2016-09-13T19:36:58.202-0400: 163.902: [Full GC (Ergonomics) [PSYoungGen: 41724K->0K(175616K)] [ParOldGen: 520491K->38125K(524288K)] 562216K->38125K(699904K), [Metaspace: 44644K->44644K(1087488K)], 0.0511438 secs] [Times: user=0.22 sys=0.01, real=0.05 secs] 
2016-09-13T19:36:58.380-0400: 164.080: [GC (GCLocker Initiated GC) [PSYoungGen: 106491K->58622K(180224K)] 146136K->98267K(704512K), 0.0073165 secs] [Times: user=0.07 sys=0.00, real=0.01 secs] 
2016-09-13T19:36:58.508-0400: 164.208: [GC (GCLocker Initiated GC) [PSYoungGen: 165118K->61601K(176640K)] 204966K->118566K(700928K), 0.0120701 secs] [Times: user=0.15 sys=0.00, real=0.01 secs] 
2016-09-13T19:36:58.681-0400: 164.381: [GC (GCLocker Initiated GC) [PSYoungGen: 160929K->50992K(180736K)] 218111K->108360K(705024K), 0.0084777 secs] [Times: user=0.09 sys=0.00, real=0.01 secs] 
2016-09-13T19:36:58.852-0400: 164.552: [GC (GCLocker Initiated GC) [PSYoungGen: 150320K->41944K(172544K)] 213905K->105829K(696832K), 0.0173308 secs] [Times: user=0.22 sys=0.00, real=0.02 secs] 
2016-09-13T19:36:59.010-0400: 164.710: [GC (GCLocker Initiated GC) [PSYoungGen: 142296K->14575K(177152K)] 212260K->84781K(701440K), 0.0035058 secs] [Times: user=0.03 sys=0.00, real=0.00 secs] 
2016-09-13T19:36:59.175-0400: 164.875: [GC (Allocation Failure) [PSYoungGen: 114927K->9831K(180224K)] 191277K->86402K(704512K), 0.0151657 secs] [Times: user=0.21 sys=0.00, real=0.02 secs] 
2016-09-13T19:36:59.335-0400: 165.035: [GC (GCLocker Initiated GC) [PSYoungGen: 109714K->28030K(129536K)] 192360K->110917K(653824K), 0.0068188 secs] [Times: user=0.07 sys=0.00, real=0.01 secs] 
2016-09-13T19:36:59.497-0400: 165.197: [GC (GCLocker Initiated GC) [PSYoungGen: 129406K->64416K(172032K)] 214003K->149151K(696320K), 0.0149319 secs] [Times: user=0.15 sys=0.00, real=0.01 secs] 
2016-09-13T19:36:59.657-0400: 165.357: [GC (GCLocker Initiated GC) [PSYoungGen: 158624K->44980K(178176K)] 243569K->130175K(702464K), 0.0107711 secs] [Times: user=0.14 sys=0.00, real=0.00 secs] 
2016-09-13T19:36:59.825-0400: 165.525: [GC (GCLocker Initiated GC) [PSYoungGen: 139188K->54040K(177664K)] 224552K->139719K(701952K), 0.0112681 secs] [Times: user=0.15 sys=0.00, real=0.02 secs] 
2016-09-13T19:36:59.996-0400: 165.696: [GC (GCLocker Initiated GC) [PSYoungGen: 150808K->40052K(137216K)] 238117K->127483K(661504K), 0.0348708 secs] [Times: user=0.36 sys=0.01, real=0.03 secs] 
2016-09-13T19:37:00.166-0400: 165.866: [GC (GCLocker Initiated GC) [PSYoungGen: 136820K->44677K(180224K)] 225878K->133879K(704512K), 0.0070290 secs] [Times: user=0.09 sys=0.00, real=0.01 secs] 
2016-09-13T19:37:00.320-0400: 166.020: [GC (GCLocker Initiated GC) [PSYoungGen: 146053K->51119K(177664K)] 241450K->152762K(701952K), 0.0094985 secs] [Times: user=0.12 sys=0.00, real=0.01 secs] 
2016-09-13T19:37:00.476-0400: 166.176: [GC (GCLocker Initiated GC) [PSYoungGen: 152495K->41756K(182272K)] 257345K->146866K(706560K), 0.0092716 secs] [Times: user=0.09 sys=0.00, real=0.00 secs] 
2016-09-13T19:37:00.668-0400: 166.368: [GC (GCLocker Initiated GC) [PSYoungGen: 151324K->29579K(182784K)] 262715K->141254K(707072K), 0.0116125 secs] [Times: user=0.13 sys=0.00, real=0.01 secs] 
2016-09-13T19:37:00.864-0400: 166.564: [GC (GCLocker Initiated GC) [PSYoungGen: 139147K->40148K(183296K)] 258466K->159693K(707584K), 0.0109971 secs] [Times: user=0.08 sys=0.00, real=0.01 secs] 
2016-09-13T19:37:01.044-0400: 166.744: [GC (Allocation Failure) [PSYoungGen: 156884K->27902K(185856K)] 276520K->155188K(710144K), 0.0158612 secs] [Times: user=0.16 sys=0.01, real=0.02 secs] 
2016-09-13T19:37:01.243-0400: 166.943: [GC (Allocation Failure) [PSYoungGen: 141045K->5244K(187392K)] 268330K->138727K(711680K), 0.0039912 secs] [Times: user=0.03 sys=0.00, real=0.00 secs] 
2016-09-13T19:37:01.415-0400: 167.115: [GC (GCLocker Initiated GC) [PSYoungGen: 124028K->28024K(190464K)] 257514K->161582K(714752K), 0.0307599 secs] [Times: user=0.32 sys=0.01, real=0.03 secs] 
2016-09-13T19:37:01.626-0400: 167.326: [GC (GCLocker Initiated GC) [PSYoungGen: 146808K->46287K(190464K)] 282162K->181787K(714752K), 0.0162525 secs] [Times: user=0.22 sys=0.00, real=0.02 secs] 
2016-09-13T19:37:01.815-0400: 167.515: [GC (GCLocker Initiated GC) [PSYoungGen: 167119K->35810K(156672K)] 305715K->174609K(680960K), 0.0070983 secs] [Times: user=0.08 sys=0.00, real=0.01 secs] 
2016-09-13T19:37:02.009-0400: 167.709: [GC (GCLocker Initiated GC) [PSYoungGen: 156642K->8279K(187392K)] 301616K->162517K(711680K), 0.0182010 secs] [Times: user=0.23 sys=0.00, real=0.02 secs] 
2016-09-13T19:37:02.213-0400: 167.913: [GC (GCLocker Initiated GC) [PSYoungGen: 128599K->48018K(189440K)] 282882K->202576K(713728K), 0.0145560 secs] [Times: user=0.18 sys=0.00, real=0.01 secs] 
2016-09-13T19:37:02.408-0400: 168.108: [GC (GCLocker Initiated GC) [PSYoungGen: 168338K->31063K(189440K)] 326036K->189021K(713728K), 0.0290352 secs] [Times: user=0.34 sys=0.00, real=0.03 secs] 
2016-09-13T19:37:02.632-0400: 168.332: [GC (GCLocker Initiated GC) [PSYoungGen: 153431K->43181K(190464K)] 313099K->210547K(714752K), 0.0097901 secs] [Times: user=0.12 sys=0.00, real=0.01 secs] 
2016-09-13T19:37:02.819-0400: 168.519: [GC (GCLocker Initiated GC) [PSYoungGen: 165549K->24988K(191488K)] 334441K->193968K(715776K), 0.0136284 secs] [Times: user=0.13 sys=0.01, real=0.01 secs] 
2016-09-13T19:37:03.007-0400: 168.707: [GC (GCLocker Initiated GC) [PSYoungGen: 151452K->35777K(193024K)] 321981K->206501K(717312K), 0.0067303 secs] [Times: user=0.08 sys=0.00, real=0.01 secs] 
2016-09-13T19:37:03.244-0400: 168.944: [GC (GCLocker Initiated GC) [PSYoungGen: 162241K->23250K(194560K)] 339267K->206674K(718848K), 0.0126104 secs] [Times: user=0.10 sys=0.00, real=0.02 secs] 
2016-09-13T19:37:03.446-0400: 169.146: [GC (GCLocker Initiated GC) [PSYoungGen: 154834K->26545K(194048K)] 346007K->217924K(718336K), 0.0103432 secs] [Times: user=0.10 sys=0.00, real=0.02 secs] 
2016-09-13T19:37:03.658-0400: 169.358: [GC (GCLocker Initiated GC) [PSYoungGen: 158129K->46440K(195072K)] 349535K->238084K(719360K), 0.0112448 secs] [Times: user=0.14 sys=0.00, real=0.01 secs] 
2016-09-13T19:37:03.901-0400: 169.600: [GC (GCLocker Initiated GC) [PSYoungGen: 180584K->32585K(197632K)] 385998K->238216K(721920K), 0.0078439 secs] [Times: user=0.07 sys=0.00, real=0.01 secs] 
2016-09-13T19:37:04.099-0400: 169.799: [GC (GCLocker Initiated GC) [PSYoungGen: 166729K->55426K(190464K)] 372518K->267457K(714752K), 0.0234060 secs] [Times: user=0.22 sys=0.00, real=0.02 secs] 
2016-09-13T19:37:04.322-0400: 170.022: [GC (GCLocker Initiated GC) [PSYoungGen: 185474K->61442K(192000K)] 399137K->284494K(716288K), 0.0114148 secs] [Times: user=0.12 sys=0.00, real=0.01 secs] 
2016-09-13T19:37:04.539-0400: 170.239: [GC (GCLocker Initiated GC) [PSYoungGen: 191490K->27998K(190976K)] 420720K->257355K(715264K), 0.0073178 secs] [Times: user=0.06 sys=0.00, real=0.00 secs] 
2016-09-13T19:37:04.760-0400: 170.460: [GC (GCLocker Initiated GC) [PSYoungGen: 148830K->23377K(191488K)] 384550K->259295K(715776K), 0.0074000 secs] [Times: user=0.07 sys=0.00, real=0.01 secs] 
2016-09-13T19:37:04.942-0400: 170.642: [GC (GCLocker Initiated GC) [PSYoungGen: 144209K->41629K(188416K)] 380185K->277747K(712704K), 0.0127055 secs] [Times: user=0.08 sys=0.00, real=0.01 secs] 
2016-09-13T19:37:05.141-0400: 170.841: [GC (GCLocker Initiated GC) [PSYoungGen: 162973K->28029K(189952K)] 400687K->265857K(714240K), 0.0164365 secs] [Times: user=0.17 sys=0.00, real=0.02 secs] 
2016-09-13T19:37:05.331-0400: 171.031: [GC (GCLocker Initiated GC) [PSYoungGen: 149373K->49378K(192000K)] 387313K->287477K(716288K), 0.0113614 secs] [Times: user=0.16 sys=0.00, real=0.01 secs] 
2016-09-13T19:37:05.540-0400: 171.240: [GC (GCLocker Initiated GC) [PSYoungGen: 174306K->23345K(193536K)] 418740K->274044K(717824K), 0.0243801 secs] [Times: user=0.33 sys=0.00, real=0.02 secs] 
2016-09-13T19:37:05.771-0400: 171.471: [GC (GCLocker Initiated GC) [PSYoungGen: 148273K->9952K(192000K)] 405329K->267209K(716288K), 0.0081779 secs] [Times: user=0.08 sys=0.00, real=0.01 secs] 
2016-09-13T19:37:05.972-0400: 171.672: [GC (GCLocker Initiated GC) [PSYoungGen: 133856K->8216K(132608K)] 397363K->271897K(656896K), 0.0219310 secs] [Times: user=0.19 sys=0.00, real=0.02 secs] 
2016-09-13T19:37:06.175-0400: 171.875: [GC (GCLocker Initiated GC) [PSYoungGen: 132120K->46216K(188928K)] 395985K->310341K(713216K), 0.0133971 secs] [Times: user=0.12 sys=0.00, real=0.02 secs] 
2016-09-13T19:37:06.369-0400: 172.069: [GC (Allocation Failure) [PSYoungGen: 165000K->9704K(190464K)] 435236K->280058K(714752K), 0.0174175 secs] [Times: user=0.11 sys=0.01, real=0.01 secs] 
2016-09-13T19:37:06.572-0400: 172.272: [GC (GCLocker Initiated GC) [PSYoungGen: 128488K->39988K(189440K)] 398848K->310520K(713728K), 0.0295771 secs] [Times: user=0.26 sys=0.00, real=0.03 secs] 
2016-09-13T19:37:06.754-0400: 172.454: [GC (GCLocker Initiated GC) [PSYoungGen: 158772K->32607K(151552K)] 430854K->304817K(675840K), 0.0317103 secs] [Times: user=0.31 sys=0.00, real=0.03 secs] 
2016-09-13T19:37:06.966-0400: 172.666: [GC (GCLocker Initiated GC) [PSYoungGen: 151391K->5338K(186880K)] 431314K->287122K(711168K), 0.0042446 secs] [Times: user=0.04 sys=0.00, real=0.01 secs] 
2016-09-13T19:37:07.147-0400: 172.847: [GC (GCLocker Initiated GC) [PSYoungGen: 124634K->41502K(187904K)] 408163K->325245K(712192K), 0.0177022 secs] [Times: user=0.16 sys=0.00, real=0.02 secs] 
2016-09-13T19:37:07.345-0400: 173.045: [GC (Allocation Failure) [PSYoungGen: 160798K->12651K(192512K)] 444548K->296532K(716800K), 0.0215388 secs] [Times: user=0.21 sys=0.00, real=0.02 secs] 
2016-09-13T19:37:07.541-0400: 173.241: [GC (GCLocker Initiated GC) [PSYoungGen: 135119K->29484K(153600K)] 420519K->322558K(677888K), 0.0056883 secs] [Times: user=0.06 sys=0.00, real=0.00 secs] 
2016-09-13T19:37:07.749-0400: 173.449: [GC (GCLocker Initiated GC) [PSYoungGen: 153388K->27998K(193536K)] 452809K->327556K(717824K), 0.0103795 secs] [Times: user=0.09 sys=0.00, real=0.01 secs] 
2016-09-13T19:37:07.950-0400: 173.650: [GC (GCLocker Initiated GC) [PSYoungGen: 156510K->28024K(189952K)] 457634K->329374K(714240K), 0.0111169 secs] [Times: user=0.10 sys=0.00, real=0.01 secs] 
2016-09-13T19:37:08.165-0400: 173.865: [GC (Allocation Failure) [PSYoungGen: 156536K->24923K(195584K)] 458171K->326833K(719872K), 0.0157141 secs] [Times: user=0.15 sys=0.01, real=0.02 secs] 
2016-09-13T19:37:08.401-0400: 174.101: [GC (GCLocker Initiated GC) [PSYoungGen: 161903K->12805K(193536K)] 469888K->320960K(717824K), 0.0122601 secs] [Times: user=0.09 sys=0.00, real=0.01 secs] 
2016-09-13T19:37:08.640-0400: 174.340: [GC (GCLocker Initiated GC) [PSYoungGen: 150533K->29325K(204800K)] 458700K->337702K(729088K), 0.0306572 secs] [Times: user=0.28 sys=0.01, real=0.03 secs] 
2016-09-13T19:37:08.884-0400: 174.584: [GC (GCLocker Initiated GC) [PSYoungGen: 179341K->43149K(203776K)] 487751K->359299K(728064K), 0.0120416 secs] [Times: user=0.12 sys=0.00, real=0.02 secs] 
2016-09-13T19:37:09.098-0400: 174.798: [GC (GCLocker Initiated GC) [PSYoungGen: 193165K->47836K(196608K)] 515751K->373558K(720896K), 0.0345744 secs] [Times: user=0.31 sys=0.00, real=0.03 secs] 
2016-09-13T19:37:09.347-0400: 175.047: [GC (GCLocker Initiated GC) [PSYoungGen: 187100K->23282K(200704K)] 520496K->356999K(724992K), 0.0222901 secs] [Times: user=0.17 sys=0.00, real=0.03 secs] 
2016-09-13T19:37:09.602-0400: 175.302: [GC (GCLocker Initiated GC) [PSYoungGen: 162546K->29357K(193536K)] 497812K->364687K(717824K), 0.0311788 secs] [Times: user=0.38 sys=0.00, real=0.03 secs] 
2016-09-13T19:37:09.880-0400: 175.580: [GC (GCLocker Initiated GC) [PSYoungGen: 170669K->55458K(198144K)] 512351K->412439K(722432K), 0.0114410 secs] [Times: user=0.10 sys=0.00, real=0.01 secs] 
2016-09-13T19:37:10.079-0400: 175.779: [GC (GCLocker Initiated GC) [PSYoungGen: 196770K->43402K(196608K)] 553908K->455499K(720896K), 0.0160878 secs] [Times: user=0.13 sys=0.00, real=0.01 secs] 
2016-09-13T19:37:10.271-0400: 175.971: [GC (GCLocker Initiated GC) [PSYoungGen: 176522K->46218K(179712K)] 590330K->460217K(704000K), 0.0064526 secs] [Times: user=0.05 sys=0.00, real=0.01 secs] 
2016-09-13T19:37:10.483-0400: 176.183: [GC (GCLocker Initiated GC) [PSYoungGen: 179338K->49313K(190976K)] 593479K->463510K(715264K), 0.0065627 secs] [Times: user=0.05 sys=0.00, real=0.01 secs] 
2016-09-13T19:37:10.688-0400: 176.388: [GC (GCLocker Initiated GC) [PSYoungGen: 174241K->46096K(171520K)] 588455K->460423K(695808K), 0.0250166 secs] [Times: user=0.22 sys=0.00, real=0.02 secs] 
2016-09-13T19:37:10.898-0400: 176.598: [GC (GCLocker Initiated GC) [PSYoungGen: 171024K->49352K(189952K)] 586950K->466960K(714240K), 0.0070776 secs] [Times: user=0.06 sys=0.01, real=0.00 secs] 
2016-09-13T19:37:11.082-0400: 176.782: [GC (GCLocker Initiated GC) [PSYoungGen: 170184K->49514K(170496K)] 588038K->479772K(694784K), 0.0086275 secs] [Times: user=0.08 sys=0.00, real=0.01 secs] 
2016-09-13T19:37:11.280-0400: 176.980: [GC (Allocation Failure) [PSYoungGen: 170346K->44641K(192000K)] 600737K->475245K(716288K), 0.0133158 secs] [Times: user=0.13 sys=0.00, real=0.01 secs] 
2016-09-13T19:37:11.294-0400: 176.994: [GC (GCLocker Initiated GC) [PSYoungGen: 44658K->64K(121344K)] 475262K->476709K(645632K), 0.0064600 secs] [Times: user=0.08 sys=0.00, real=0.01 secs] 
2016-09-13T19:37:11.480-0400: 177.180: [GC (GCLocker Initiated GC) [PSYoungGen: 120896K->67575K(172032K)] 597546K->544226K(696320K), 0.0175660 secs] [Times: user=0.13 sys=0.00, real=0.02 secs] 
2016-09-13T19:37:11.652-0400: 177.352: [Full GC (Ergonomics) [PSYoungGen: 165879K->0K(172032K)] [ParOldGen: 488999K->39402K(524288K)] 654878K->39402K(696320K), [Metaspace: 44647K->44647K(1087488K)], 0.0541659 secs] [Times: user=0.25 sys=0.01, real=0.05 secs] 
2016-09-13T19:37:11.853-0400: 177.553: [GC (GCLocker Initiated GC) [PSYoungGen: 98304K->70900K(169472K)] 143851K->116447K(693760K), 0.0099978 secs] [Times: user=0.11 sys=0.00, real=0.01 secs] 
2016-09-13T19:37:12.008-0400: 177.708: [GC (GCLocker Initiated GC) [PSYoungGen: 169204K->38821K(176640K)] 222561K->121667K(700928K), 0.0218020 secs] [Times: user=0.32 sys=0.00, real=0.03 secs] 
2016-09-13T19:37:12.155-0400: 177.855: [GC (Allocation Failure) [PSYoungGen: 128421K->22046K(112128K)] 217467K->123449K(636416K), 0.0047021 secs] [Times: user=0.05 sys=0.01, real=0.01 secs] 
2016-09-13T19:37:12.160-0400: 177.860: [GC (GCLocker Initiated GC) [PSYoungGen: 22614K->32K(172032K)] 124017K->122986K(696320K), 0.0064422 secs] [Times: user=0.03 sys=0.00, real=0.00 secs] 
2016-09-13T19:37:12.286-0400: 177.986: [GC (GCLocker Initiated GC) [PSYoungGen: 82676K->61629K(174080K)] 211705K->190658K(698368K), 0.0088335 secs] [Times: user=0.14 sys=0.00, real=0.01 secs] 
2016-09-13T19:37:12.439-0400: 178.139: [GC (GCLocker Initiated GC) [PSYoungGen: 149181K->32862K(175104K)] 278274K->180595K(699392K), 0.0060089 secs] [Times: user=0.08 sys=0.00, real=0.00 secs] 
2016-09-13T19:37:12.604-0400: 178.304: [GC (Allocation Failure) [PSYoungGen: 120926K->8125K(175104K)] 281030K->171530K(699392K), 0.0050900 secs] [Times: user=0.03 sys=0.00, real=0.01 secs] 
2016-09-13T19:37:12.757-0400: 178.457: [GC (GCLocker Initiated GC) [PSYoungGen: 96183K->46224K(173056K)] 259594K->209903K(697344K), 0.0086083 secs] [Times: user=0.09 sys=0.00, real=0.00 secs] 
2016-09-13T19:37:12.897-0400: 178.597: [GC (GCLocker Initiated GC) [PSYoungGen: 134288K->47964K(174080K)] 298165K->230178K(698368K), 0.0100076 secs] [Times: user=0.14 sys=0.00, real=0.00 secs] 
2016-09-13T19:37:13.042-0400: 178.742: [GC (GCLocker Initiated GC) [PSYoungGen: 136028K->30939K(168448K)] 318353K->213509K(692736K), 0.0061805 secs] [Times: user=0.05 sys=0.00, real=0.01 secs] 
2016-09-13T19:37:13.207-0400: 178.907: [GC (GCLocker Initiated GC) [PSYoungGen: 121563K->14265K(172544K)] 310289K->203298K(696832K), 0.0056357 secs] [Times: user=0.05 sys=0.00, real=0.01 secs] 
2016-09-13T19:37:13.325-0400: 179.025: [GC (GCLocker Initiated GC) [PSYoungGen: 104889K->50716K(178176K)] 294031K->249129K(702464K), 0.0159918 secs] [Times: user=0.20 sys=0.00, real=0.02 secs] 
2016-09-13T19:37:13.501-0400: 179.201: [GC (GCLocker Initiated GC) [PSYoungGen: 147996K->41756K(139264K)] 346523K->258663K(663552K), 0.0076821 secs] [Times: user=0.06 sys=0.00, real=0.01 secs] 
2016-09-13T19:37:13.655-0400: 179.355: [GC (GCLocker Initiated GC) [PSYoungGen: 139036K->12896K(178688K)] 368115K->242240K(702976K), 0.0213867 secs] [Times: user=0.22 sys=0.00, real=0.03 secs] 
2016-09-13T19:37:13.850-0400: 179.550: [GC (GCLocker Initiated GC) [PSYoungGen: 111712K->24991K(178688K)] 353267K->271299K(702976K), 0.0164710 secs] [Times: user=0.16 sys=0.00, real=0.01 secs] 
2016-09-13T19:37:14.009-0400: 179.709: [GC (GCLocker Initiated GC) [PSYoungGen: 123807K->44698K(179200K)] 370138K->291302K(703488K), 0.0128156 secs] [Times: user=0.13 sys=0.00, real=0.01 secs] 
2016-09-13T19:37:14.192-0400: 179.892: [GC (Allocation Failure) [PSYoungGen: 147098K->5051K(179200K)] 399829K->259560K(703488K), 0.0035409 secs] [Times: user=0.02 sys=0.00, real=0.01 secs] 
2016-09-13T19:37:14.343-0400: 180.043: [GC (GCLocker Initiated GC) [PSYoungGen: 101765K->9735K(184832K)] 362349K->270454K(709120K), 0.0032631 secs] [Times: user=0.02 sys=0.00, real=0.00 secs] 
2016-09-13T19:37:14.566-0400: 180.266: [GC (GCLocker Initiated GC) [PSYoungGen: 117767K->27965K(136192K)] 380194K->290647K(660480K), 0.0194884 secs] [Times: user=0.19 sys=0.00, real=0.02 secs] 
2016-09-13T19:37:14.723-0400: 180.423: [GC (GCLocker Initiated GC) [PSYoungGen: 135997K->41597K(180736K)] 401888K->307710K(705024K), 0.0139406 secs] [Times: user=0.14 sys=0.00, real=0.02 secs] 
2016-09-13T19:37:14.873-0400: 180.573: [GC (GCLocker Initiated GC) [PSYoungGen: 150141K->49196K(180736K)] 416349K->315614K(705024K), 0.0216804 secs] [Times: user=0.22 sys=0.00, real=0.02 secs] 
2016-09-13T19:37:15.055-0400: 180.755: [GC (GCLocker Initiated GC) [PSYoungGen: 157740K->9704K(187392K)] 437843K->294556K(711680K), 0.0101666 secs] [Times: user=0.09 sys=0.00, real=0.01 secs] 
2016-09-13T19:37:15.247-0400: 180.947: [GC (GCLocker Initiated GC) [PSYoungGen: 121832K->11417K(123904K)] 419013K->319466K(648192K), 0.0153847 secs] [Times: user=0.17 sys=0.00, real=0.02 secs] 
2016-09-13T19:37:15.462-0400: 181.162: [GC (GCLocker Initiated GC) [PSYoungGen: 123545K->29415K(189952K)] 437871K->343934K(714240K), 0.0057201 secs] [Times: user=0.04 sys=0.00, real=0.00 secs] 
2016-09-13T19:37:15.664-0400: 181.364: [GC (Allocation Failure) [PSYoungGen: 145639K->6733K(185856K)] 474066K->339969K(710144K), 0.0093814 secs] [Times: user=0.09 sys=0.00, real=0.01 secs] 
2016-09-13T19:37:15.883-0400: 181.583: [GC (GCLocker Initiated GC) [PSYoungGen: 122957K->27842K(188928K)] 456193K->361409K(713216K), 0.0129810 secs] [Times: user=0.12 sys=0.00, real=0.02 secs] 
2016-09-13T19:37:16.088-0400: 181.788: [GC (GCLocker Initiated GC) [PSYoungGen: 150210K->29507K(187904K)] 489862K->369357K(712192K), 0.0180315 secs] [Times: user=0.17 sys=0.00, real=0.01 secs] 
2016-09-13T19:37:16.278-0400: 181.978: [GC (GCLocker Initiated GC) [PSYoungGen: 151875K->59987K(181248K)] 491908K->410815K(705536K), 0.0071736 secs] [Times: user=0.08 sys=0.00, real=0.00 secs] 
2016-09-13T19:37:16.453-0400: 182.153: [GC (GCLocker Initiated GC) [PSYoungGen: 178771K->26592K(190464K)] 535803K->383840K(714752K), 0.0090619 secs] [Times: user=0.08 sys=0.00, real=0.01 secs] 
2016-09-13T19:37:16.654-0400: 182.354: [GC (GCLocker Initiated GC) [PSYoungGen: 145376K->34004K(181760K)] 508733K->399018K(706048K), 0.0326236 secs] [Times: user=0.25 sys=0.01, real=0.03 secs] 
2016-09-13T19:37:16.903-0400: 182.603: [GC (GCLocker Initiated GC) [PSYoungGen: 156372K->14365K(187904K)] 527485K->399353K(712192K), 0.0158010 secs] [Times: user=0.15 sys=0.00, real=0.02 secs] 
2016-09-13T19:37:17.134-0400: 182.834: [GC (GCLocker Initiated GC) [PSYoungGen: 136733K->46064K(192000K)] 521938K->431427K(716288K), 0.0280075 secs] [Times: user=0.31 sys=0.00, real=0.03 secs] 
2016-09-13T19:37:17.341-0400: 183.041: [GC (GCLocker Initiated GC) [PSYoungGen: 173040K->23808K(194560K)] 563035K->413950K(718848K), 0.0258434 secs] [Times: user=0.26 sys=0.00, real=0.02 secs] 
2016-09-13T19:37:17.545-0400: 183.245: [GC (GCLocker Initiated GC) [PSYoungGen: 150784K->46244K(192000K)] 547283K->442952K(716288K), 0.0120319 secs] [Times: user=0.10 sys=0.01, real=0.02 secs] 
2016-09-13T19:37:17.716-0400: 183.416: [GC (GCLocker Initiated GC) [PSYoungGen: 173220K->32554K(159744K)] 571460K->431145K(684032K), 0.0108123 secs] [Times: user=0.12 sys=0.00, real=0.00 secs] 
2016-09-13T19:37:17.911-0400: 183.610: [GC (GCLocker Initiated GC) [PSYoungGen: 159530K->29388K(197120K)] 558146K->431169K(721408K), 0.0223045 secs] [Times: user=0.20 sys=0.00, real=0.02 secs] 
2016-09-13T19:37:18.136-0400: 183.836: [GC (GCLocker Initiated GC) [PSYoungGen: 161996K->9704K(194048K)] 576090K->434518K(718336K), 0.0310210 secs] [Times: user=0.36 sys=0.00, real=0.02 secs] 
2016-09-13T19:37:18.346-0400: 184.046: [GC (GCLocker Initiated GC) [PSYoungGen: 142312K->5456K(198144K)] 576254K->439512K(722432K), 0.0109734 secs] [Times: user=0.12 sys=0.01, real=0.02 secs] 
2016-09-13T19:37:18.595-0400: 184.295: [GC (GCLocker Initiated GC) [PSYoungGen: 141136K->30970K(166912K)] 575198K->465366K(691200K), 0.0182347 secs] [Times: user=0.17 sys=0.00, real=0.02 secs] 
2016-09-13T19:37:18.812-0400: 184.512: [GC (GCLocker Initiated GC) [PSYoungGen: 166650K->20376K(199680K)] 607143K->465651K(723968K), 0.0328979 secs] [Times: user=0.39 sys=0.00, real=0.03 secs] 
2016-09-13T19:37:19.052-0400: 184.752: [GC (GCLocker Initiated GC) [PSYoungGen: 159128K->6757K(197632K)] 616578K->476591K(721920K), 0.0109135 secs] [Times: user=0.12 sys=0.00, real=0.01 secs] 
2016-09-13T19:37:19.282-0400: 184.982: [GC (GCLocker Initiated GC) [PSYoungGen: 145509K->47740K(193024K)] 615546K->525569K(717312K), 0.0149847 secs] [Times: user=0.15 sys=0.00, real=0.02 secs] 
2016-09-13T19:37:19.499-0400: 185.199: [GC (GCLocker Initiated GC) [PSYoungGen: 181884K->52197K(186368K)] 665854K->536368K(710656K), 0.0220504 secs] [Times: user=0.20 sys=0.00, real=0.02 secs] 
2016-09-13T19:37:19.699-0400: 185.399: [GC (GCLocker Initiated GC) [PSYoungGen: 186341K->67480K(172032K)] 670541K->557975K(696320K), 0.0349562 secs] [Times: user=0.36 sys=0.00, real=0.03 secs] 
2016-09-13T19:37:19.889-0400: 185.589: [GC (GCLocker Initiated GC) [PSYoungGen: 169880K->28189K(182272K)] 672537K->543264K(706560K), 0.0228076 secs] [Times: user=0.20 sys=0.00, real=0.02 secs] 
2016-09-13T19:37:19.912-0400: 185.612: [Full GC (Ergonomics) [PSYoungGen: 28189K->0K(182272K)] [ParOldGen: 515075K->44098K(524288K)] 543264K->44098K(706560K), [Metaspace: 44657K->44657K(1087488K)], 0.0570051 secs] [Times: user=0.31 sys=0.01, real=0.06 secs] 
2016-09-13T19:37:20.107-0400: 185.807: [GC (GCLocker Initiated GC) [PSYoungGen: 102400K->52323K(180736K)] 152596K->102520K(705024K), 0.0158079 secs] [Times: user=0.15 sys=0.00, real=0.02 secs] 
2016-09-13T19:37:20.254-0400: 185.954: [GC (GCLocker Initiated GC) [PSYoungGen: 156771K->43339K(183296K)] 208664K->107796K(707584K), 0.0137509 secs] [Times: user=0.15 sys=0.00, real=0.02 secs] 
2016-09-13T19:37:20.431-0400: 186.131: [GC (GCLocker Initiated GC) [PSYoungGen: 147787K->32526K(175104K)] 212425K->97394K(699392K), 0.0180728 secs] [Times: user=0.23 sys=0.00, real=0.02 secs] 
2016-09-13T19:37:20.611-0400: 186.311: [GC (GCLocker Initiated GC) [PSYoungGen: 137998K->38566K(179712K)] 208967K->112884K(704000K), 0.0248327 secs] [Times: user=0.24 sys=0.01, real=0.03 secs] 
2016-09-13T19:37:20.812-0400: 186.512: [GC (GCLocker Initiated GC) [PSYoungGen: 144038K->5372K(187392K)] 232279K->104423K(711680K), 0.0178994 secs] [Times: user=0.18 sys=0.01, real=0.02 secs] 
2016-09-13T19:37:21.009-0400: 186.709: [GC (GCLocker Initiated GC) [PSYoungGen: 121084K->43057K(188928K)] 227967K->150062K(713216K), 0.0118896 secs] [Times: user=0.12 sys=0.01, real=0.01 secs] 
2016-09-13T19:37:21.184-0400: 186.884: [GC (GCLocker Initiated GC) [PSYoungGen: 158769K->46192K(187392K)] 265986K->153568K(711680K), 0.0184176 secs] [Times: user=0.20 sys=0.00, real=0.02 secs] 
2016-09-13T19:37:21.366-0400: 187.066: [GC (GCLocker Initiated GC) [PSYoungGen: 160880K->19002K(188416K)] 268281K->126549K(712704K), 0.0262216 secs] [Times: user=0.31 sys=0.00, real=0.03 secs] 
2016-09-13T19:37:21.554-0400: 187.254: [GC (GCLocker Initiated GC) [PSYoungGen: 133690K->28211K(182272K)] 242934K->149921K(706560K), 0.0134123 secs] [Times: user=0.14 sys=0.00, real=0.01 secs] 
2016-09-13T19:37:21.739-0400: 187.439: [GC (GCLocker Initiated GC) [PSYoungGen: 143923K->29571K(185344K)] 271795K->157557K(709632K), 0.0284541 secs] [Times: user=0.29 sys=0.00, real=0.03 secs] 
2016-09-13T19:37:21.967-0400: 187.667: [GC (GCLocker Initiated GC) [PSYoungGen: 145283K->5211K(191488K)] 279347K->148526K(715776K), 0.0039362 secs] [Times: user=0.02 sys=0.01, real=0.01 secs] 
2016-09-13T19:37:22.157-0400: 187.857: [GC (GCLocker Initiated GC) [PSYoungGen: 130139K->41656K(192512K)] 273527K->185280K(716800K), 0.0468014 secs] [Times: user=0.47 sys=0.01, real=0.04 secs] 
2016-09-13T19:37:22.365-0400: 188.065: [GC (GCLocker Initiated GC) [PSYoungGen: 166584K->29820K(187904K)] 316308K->191870K(712192K), 0.0099972 secs] [Times: user=0.10 sys=0.00, real=0.01 secs] 
2016-09-13T19:37:22.553-0400: 188.253: [GC (Allocation Failure) [PSYoungGen: 156284K->50715K(190976K)] 318551K->214828K(715264K), 0.0224211 secs] [Times: user=0.22 sys=0.00, real=0.02 secs] 
2016-09-13T19:37:22.757-0400: 188.457: [GC (GCLocker Initiated GC) [PSYoungGen: 173150K->29452K(194560K)] 343338K->199837K(718848K), 0.0193586 secs] [Times: user=0.18 sys=0.00, real=0.02 secs] 
2016-09-13T19:37:22.979-0400: 188.679: [GC (GCLocker Initiated GC) [PSYoungGen: 157452K->9736K(193536K)] 333957K->186450K(717824K), 0.0029074 secs] [Times: user=0.02 sys=0.00, real=0.00 secs] 
2016-09-13T19:37:23.182-0400: 188.882: [GC (GCLocker Initiated GC) [PSYoungGen: 137736K->24955K(191488K)] 314531K->206412K(715776K), 0.0126154 secs] [Times: user=0.11 sys=0.00, real=0.01 secs] 
2016-09-13T19:37:23.407-0400: 189.106: [GC (GCLocker Initiated GC) [PSYoungGen: 155003K->23410K(193536K)] 342566K->211255K(717824K), 0.0054636 secs] [Times: user=0.05 sys=0.00, real=0.01 secs] 
2016-09-13T19:37:23.612-0400: 189.312: [GC (Allocation Failure) [PSYoungGen: 153458K->24949K(193536K)] 343034K->220746K(717824K), 0.0068183 secs] [Times: user=0.05 sys=0.00, real=0.01 secs] 
2016-09-13T19:37:23.843-0400: 189.543: [GC (GCLocker Initiated GC) [PSYoungGen: 160727K->14292K(196096K)] 362599K->216279K(720384K), 0.0186940 secs] [Times: user=0.18 sys=0.00, real=0.02 secs] 
2016-09-13T19:37:24.073-0400: 189.773: [GC (Allocation Failure) [PSYoungGen: 151508K->49164K(193536K)] 353554K->251274K(717824K), 0.0152828 secs] [Times: user=0.12 sys=0.00, real=0.02 secs] 
2016-09-13T19:37:24.271-0400: 189.971: [GC (GCLocker Initiated GC) [PSYoungGen: 184332K->40078K(175616K)] 386453K->248452K(699904K), 0.0136082 secs] [Times: user=0.12 sys=0.00, real=0.01 secs] 
2016-09-13T19:37:24.503-0400: 190.203: [GC (GCLocker Initiated GC) [PSYoungGen: 175246K->28067K(201216K)] 397464K->250601K(725504K), 0.0099396 secs] [Times: user=0.09 sys=0.00, real=0.01 secs] 
2016-09-13T19:37:24.742-0400: 190.442: [GC (GCLocker Initiated GC) [PSYoungGen: 165283K->23341K(160768K)] 394202K->252332K(685056K), 0.0107354 secs] [Times: user=0.10 sys=0.00, real=0.01 secs] 
2016-09-13T19:37:25.005-0400: 190.705: [GC (GCLocker Initiated GC) [PSYoungGen: 160557K->8221K(195072K)] 401893K->249722K(719360K), 0.0156265 secs] [Times: user=0.17 sys=0.00, real=0.02 secs] 
2016-09-13T19:37:25.221-0400: 190.921: [GC (GCLocker Initiated GC) [PSYoungGen: 144413K->29484K(196096K)] 386056K->271270K(720384K), 0.0193711 secs] [Times: user=0.18 sys=0.01, real=0.02 secs] 
2016-09-13T19:37:25.453-0400: 191.153: [GC (Allocation Failure) [PSYoungGen: 165676K->52331K(192512K)] 407792K->314271K(716800K), 0.0245914 secs] [Times: user=0.26 sys=0.00, real=0.03 secs] 
2016-09-13T19:37:25.649-0400: 191.349: [GC (GCLocker Initiated GC) [PSYoungGen: 187499K->43276K(178688K)] 449439K->305370K(702976K), 0.0282982 secs] [Times: user=0.27 sys=0.00, real=0.03 secs] 
2016-09-13T19:37:25.890-0400: 191.590: [GC (GCLocker Initiated GC) [PSYoungGen: 178444K->43121K(195072K)] 442263K->307126K(719360K), 0.0066737 secs] [Times: user=0.04 sys=0.01, real=0.01 secs] 
2016-09-13T19:37:26.087-0400: 191.787: [GC (GCLocker Initiated GC) [PSYoungGen: 173169K->40238K(196096K)] 437378K->304535K(720384K), 0.0104269 secs] [Times: user=0.09 sys=0.00, real=0.02 secs] 
2016-09-13T19:37:26.300-0400: 192.000: [GC (GCLocker Initiated GC) [PSYoungGen: 170286K->46308K(193536K)] 442444K->318718K(717824K), 0.0101513 secs] [Times: user=0.07 sys=0.00, real=0.01 secs] 
2016-09-13T19:37:26.521-0400: 192.221: [GC (GCLocker Initiated GC) [PSYoungGen: 174308K->61342K(189440K)] 447020K->334239K(713728K), 0.0221257 secs] [Times: user=0.21 sys=0.01, real=0.02 secs] 
2016-09-13T19:37:26.743-0400: 192.443: [GC (GCLocker Initiated GC) [PSYoungGen: 189342K->46373K(187392K)] 463912K->321106K(711680K), 0.0094374 secs] [Times: user=0.10 sys=0.00, real=0.01 secs] 
2016-09-13T19:37:26.934-0400: 192.634: [GC (GCLocker Initiated GC) [PSYoungGen: 161061K->27934K(142848K)] 442058K->309063K(667136K), 0.0066049 secs] [Times: user=0.07 sys=0.00, real=0.01 secs] 
2016-09-13T19:37:27.114-0400: 192.814: [GC (GCLocker Initiated GC) [PSYoungGen: 142622K->44634K(187904K)] 423988K->326080K(712192K), 0.0105895 secs] [Times: user=0.07 sys=0.00, real=0.01 secs] 
2016-09-13T19:37:27.323-0400: 193.023: [GC (GCLocker Initiated GC) [PSYoungGen: 160858K->65934K(182272K)] 444011K->373663K(706560K), 0.0106182 secs] [Times: user=0.08 sys=0.01, real=0.01 secs] 
2016-09-13T19:37:27.507-0400: 193.207: [GC (GCLocker Initiated GC) [PSYoungGen: 182158K->31035K(185856K)] 496161K->351264K(710144K), 0.0069524 secs] [Times: user=0.05 sys=0.00, real=0.01 secs] 
2016-09-13T19:37:27.679-0400: 193.379: [GC (GCLocker Initiated GC) [PSYoungGen: 138555K->43181K(151040K)] 460608K->365422K(675328K), 0.0108846 secs] [Times: user=0.12 sys=0.00, real=0.01 secs] 
2016-09-13T19:37:27.852-0400: 193.552: [GC (GCLocker Initiated GC) [PSYoungGen: 150701K->10080K(179200K)] 486792K->346342K(703488K), 0.0079688 secs] [Times: user=0.09 sys=0.00, real=0.01 secs] 
2016-09-13T19:37:28.042-0400: 193.742: [GC (GCLocker Initiated GC) [PSYoungGen: 115552K->27897K(181248K)] 453401K->365982K(705536K), 0.0125463 secs] [Times: user=0.12 sys=0.01, real=0.01 secs] 
2016-09-13T19:37:28.242-0400: 193.942: [GC (Allocation Failure) [PSYoungGen: 133369K->41635K(183808K)] 471787K->384803K(708096K), 0.0138953 secs] [Times: user=0.18 sys=0.01, real=0.02 secs] 
2016-09-13T19:37:28.402-0400: 194.102: [GC (GCLocker Initiated GC) [PSYoungGen: 149718K->28216K(184832K)] 498961K->377606K(709120K), 0.0059274 secs] [Times: user=0.06 sys=0.01, real=0.01 secs] 
2016-09-13T19:37:28.562-0400: 194.262: [GC (Allocation Failure) [PSYoungGen: 141368K->31003K(186368K)] 490959K->380870K(710656K), 0.0064704 secs] [Times: user=0.05 sys=0.00, real=0.01 secs] 
2016-09-13T19:37:28.762-0400: 194.462: [GC (GCLocker Initiated GC) [PSYoungGen: 149174K->6724K(187904K)] 505115K->362942K(712192K), 0.0152860 secs] [Times: user=0.12 sys=0.00, real=0.02 secs] 
2016-09-13T19:37:28.948-0400: 194.648: [GC (GCLocker Initiated GC) [PSYoungGen: 127556K->32586K(189440K)] 483879K->389201K(713728K), 0.0099845 secs] [Times: user=0.11 sys=0.00, real=0.01 secs] 
2016-09-13T19:37:29.151-0400: 194.851: [GC (Allocation Failure) [PSYoungGen: 159050K->28041K(191488K)] 515745K->394008K(715776K), 0.0177894 secs] [Times: user=0.14 sys=0.00, real=0.02 secs] 
2016-09-13T19:37:29.355-0400: 195.055: [GC (GCLocker Initiated GC) [PSYoungGen: 154505K->32825K(190976K)] 520475K->406676K(715264K), 0.0135360 secs] [Times: user=0.14 sys=0.00, real=0.02 secs] 
2016-09-13T19:37:29.614-0400: 195.314: [GC (GCLocker Initiated GC) [PSYoungGen: 166969K->23505K(194048K)] 547099K->403998K(718336K), 0.0141228 secs] [Times: user=0.18 sys=0.00, real=0.02 secs] 
2016-09-13T19:37:29.841-0400: 195.541: [GC (GCLocker Initiated GC) [PSYoungGen: 157649K->40361K(202240K)] 538167K->421113K(726528K), 0.0124112 secs] [Times: user=0.16 sys=0.00, real=0.01 secs] 
2016-09-13T19:37:30.062-0400: 195.762: [GC (GCLocker Initiated GC) [PSYoungGen: 183721K->55399K(199168K)] 566199K->447282K(723456K), 0.0256802 secs] [Times: user=0.22 sys=0.00, real=0.03 secs] 
2016-09-13T19:37:30.300-0400: 196.000: [GC (GCLocker Initiated GC) [PSYoungGen: 198759K->34196K(199680K)] 596878K->432490K(723968K), 0.0063450 secs] [Times: user=0.06 sys=0.00, real=0.00 secs] 
2016-09-13T19:37:30.493-0400: 196.193: [GC (GCLocker Initiated GC) [PSYoungGen: 170900K->53847K(190976K)] 570850K->454069K(715264K), 0.0333565 secs] [Times: user=0.32 sys=0.00, real=0.03 secs] 
2016-09-13T19:37:30.742-0400: 196.442: [GC (GCLocker Initiated GC) [PSYoungGen: 190551K->28115K(197120K)] 597020K->439334K(721408K), 0.0193914 secs] [Times: user=0.22 sys=0.00, real=0.02 secs] 
2016-09-13T19:37:30.951-0400: 196.651: [GC (GCLocker Initiated GC) [PSYoungGen: 158675K->14297K(195584K)] 569919K->425684K(719872K), 0.0293955 secs] [Times: user=0.29 sys=0.00, real=0.03 secs] 
2016-09-13T19:37:31.165-0400: 196.865: [GC (GCLocker Initiated GC) [PSYoungGen: 144857K->32517K(193024K)] 556422K->447200K(717312K), 0.0099645 secs] [Times: user=0.08 sys=0.00, real=0.01 secs] 
2016-09-13T19:37:31.388-0400: 197.088: [GC (GCLocker Initiated GC) [PSYoungGen: 164101K->49415K(194560K)] 578819K->464319K(718848K), 0.0205603 secs] [Times: user=0.23 sys=0.00, real=0.02 secs] 
2016-09-13T19:37:31.609-0400: 197.309: [GC (GCLocker Initiated GC) [PSYoungGen: 180999K->40334K(197632K)] 602006K->466199K(721920K), 0.0109233 secs] [Times: user=0.14 sys=0.00, real=0.01 secs] 
2016-09-13T19:37:31.856-0400: 197.556: [GC (GCLocker Initiated GC) [PSYoungGen: 172430K->23410K(155648K)] 612246K->477152K(679936K), 0.0069134 secs] [Times: user=0.07 sys=0.00, real=0.00 secs] 
2016-09-13T19:37:32.057-0400: 197.757: [GC (GCLocker Initiated GC) [PSYoungGen: 155506K->28083K(198144K)] 615348K->487981K(722432K), 0.0153673 secs] [Times: user=0.11 sys=0.00, real=0.01 secs] 
2016-09-13T19:37:32.268-0400: 197.968: [GC (GCLocker Initiated GC) [PSYoungGen: 162227K->43184K(196096K)] 622131K->512543K(720384K), 0.0100403 secs] [Times: user=0.09 sys=0.00, real=0.01 secs] 
2016-09-13T19:37:32.487-0400: 198.187: [GC (GCLocker Initiated GC) [PSYoungGen: 177328K->55267K(189440K)] 646714K->524795K(713728K), 0.0251472 secs] [Times: user=0.23 sys=0.00, real=0.03 secs] 
2016-09-13T19:37:32.717-0400: 198.417: [GC (GCLocker Initiated GC) [PSYoungGen: 182243K->30908K(194560K)] 651793K->509710K(718848K), 0.0174660 secs] [Times: user=0.21 sys=0.00, real=0.01 secs] 
2016-09-13T19:37:32.908-0400: 198.608: [GC (GCLocker Initiated GC) [PSYoungGen: 157884K->10049K(193536K)] 650519K->504342K(717824K), 0.0108540 secs] [Times: user=0.13 sys=0.00, real=0.01 secs] 
2016-09-13T19:37:33.123-0400: 198.823: [GC (Allocation Failure) [PSYoungGen: 138049K->23346K(195072K)] 638508K->530318K(719360K), 0.0066317 secs] [Times: user=0.07 sys=0.00, real=0.01 secs] 
2016-09-13T19:37:33.339-0400: 199.039: [Full GC (Ergonomics) [PSYoungGen: 148450K->0K(195072K)] [ParOldGen: 513046K->49094K(524288K)] 661497K->49094K(719360K), [Metaspace: 44666K->44666K(1087488K)], 0.0665340 secs] [Times: user=0.41 sys=0.00, real=0.06 secs] 
2016-09-13T19:37:33.577-0400: 199.277: [GC (Allocation Failure) [PSYoungGen: 128000K->22507K(192000K)] 183381K->77888K(716288K), 0.0038551 secs] [Times: user=0.03 sys=0.00, real=0.00 secs] 
2016-09-13T19:37:33.757-0400: 199.457: [GC (GCLocker Initiated GC) [PSYoungGen: 152043K->25025K(193536K)] 207430K->94834K(717824K), 0.0060702 secs] [Times: user=0.06 sys=0.00, real=0.00 secs] 
2016-09-13T19:37:33.982-0400: 199.682: [GC (GCLocker Initiated GC) [PSYoungGen: 154561K->23464K(194560K)] 224383K->93424K(718848K), 0.0091418 secs] [Times: user=0.10 sys=0.00, real=0.01 secs] 
2016-09-13T19:37:34.204-0400: 199.904: [GC (GCLocker Initiated GC) [PSYoungGen: 159656K->49388K(196096K)] 229795K->121193K(720384K), 0.0106909 secs] [Times: user=0.13 sys=0.00, real=0.01 secs] 
2016-09-13T19:37:34.430-0400: 200.130: [GC (GCLocker Initiated GC) [PSYoungGen: 185580K->32645K(199168K)] 258981K->106209K(723456K), 0.0194763 secs] [Times: user=0.24 sys=0.00, real=0.02 secs] 
2016-09-13T19:37:34.654-0400: 200.354: [GC (Allocation Failure) [PSYoungGen: 169861K->43493K(198144K)] 243606K->126463K(722432K), 0.0068836 secs] [Times: user=0.08 sys=0.00, real=0.01 secs] 
2016-09-13T19:37:34.882-0400: 200.582: [GC (GCLocker Initiated GC) [PSYoungGen: 180136K->46591K(195584K)] 264624K->131442K(719872K), 0.0078519 secs] [Times: user=0.09 sys=0.00, real=0.01 secs] 
2016-09-13T19:37:35.082-0400: 200.782: [GC (GCLocker Initiated GC) [PSYoungGen: 179711K->44822K(178176K)] 264754K->130040K(702464K), 0.0203491 secs] [Times: user=0.22 sys=0.00, real=0.02 secs] 
2016-09-13T19:37:35.298-0400: 200.998: [GC (GCLocker Initiated GC) [PSYoungGen: 177942K->38789K(198656K)] 275401K->136453K(722944K), 0.0082212 secs] [Times: user=0.11 sys=0.00, real=0.00 secs] 
2016-09-13T19:37:35.505-0400: 201.205: [GC (GCLocker Initiated GC) [PSYoungGen: 171909K->43191K(196608K)] 269726K->150363K(720896K), 0.0129608 secs] [Times: user=0.17 sys=0.00, real=0.02 secs] 
2016-09-13T19:37:35.741-0400: 201.441: [GC (GCLocker Initiated GC) [PSYoungGen: 176311K->23218K(197120K)] 291165K->138128K(721408K), 0.0141332 secs] [Times: user=0.13 sys=0.00, real=0.01 secs] 
2016-09-13T19:37:35.989-0400: 201.689: [GC (GCLocker Initiated GC) [PSYoungGen: 156850K->43089K(196608K)] 276396K->162749K(720896K), 0.0177606 secs] [Times: user=0.17 sys=0.00, real=0.01 secs] 
2016-09-13T19:37:36.196-0400: 201.896: [GC (GCLocker Initiated GC) [PSYoungGen: 176721K->12836K(196608K)] 296389K->132697K(720896K), 0.0177436 secs] [Times: user=0.16 sys=0.00, real=0.01 secs] 
2016-09-13T19:37:36.424-0400: 202.124: [GC (GCLocker Initiated GC) [PSYoungGen: 145956K->26437K(159744K)] 267349K->151133K(684032K), 0.0054571 secs] [Times: user=0.03 sys=0.00, real=0.01 secs] 
2016-09-13T19:37:36.626-0400: 202.326: [GC (GCLocker Initiated GC) [PSYoungGen: 159557K->26601K(198144K)] 284305K->159156K(722432K), 0.0239587 secs] [Times: user=0.27 sys=0.00, real=0.03 secs] 
2016-09-13T19:37:36.862-0400: 202.562: [GC (Allocation Failure) [PSYoungGen: 162281K->27961K(196608K)] 301140K->167029K(720896K), 0.0259742 secs] [Times: user=0.28 sys=0.01, real=0.03 secs] 
2016-09-13T19:37:37.086-0400: 202.786: [GC (GCLocker Initiated GC) [PSYoungGen: 162885K->28147K(199168K)] 308029K->173437K(723456K), 0.0101447 secs] [Times: user=0.09 sys=0.01, real=0.02 secs] 
2016-09-13T19:37:37.308-0400: 203.008: [GC (GCLocker Initiated GC) [PSYoungGen: 168947K->30903K(197632K)] 320345K->182436K(721920K), 0.0203236 secs] [Times: user=0.19 sys=0.00, real=0.02 secs] 
2016-09-13T19:37:37.559-0400: 203.259: [GC (GCLocker Initiated GC) [PSYoungGen: 171703K->11168K(199680K)] 323238K->176519K(723968K), 0.0047409 secs] [Times: user=0.04 sys=0.00, real=0.00 secs] 
2016-09-13T19:37:37.783-0400: 203.483: [GC (GCLocker Initiated GC) [PSYoungGen: 156576K->27865K(201216K)] 324990K->196470K(725504K), 0.0134762 secs] [Times: user=0.12 sys=0.00, real=0.02 secs] 
2016-09-13T19:37:38.025-0400: 203.725: [GC (GCLocker Initiated GC) [PSYoungGen: 173273K->29452K(203264K)] 341910K->207431K(727552K), 0.0315262 secs] [Times: user=0.34 sys=0.00, real=0.04 secs] 
2016-09-13T19:37:38.277-0400: 203.977: [GC (Allocation Failure) [PSYoungGen: 182540K->43148K(204288K)] 360574K->221390K(728576K), 0.0108485 secs] [Times: user=0.07 sys=0.02, real=0.01 secs] 
2016-09-13T19:37:38.488-0400: 204.188: [GC (GCLocker Initiated GC) [PSYoungGen: 196236K->47864K(200192K)] 374484K->226306K(724480K), 0.0187133 secs] [Times: user=0.18 sys=0.00, real=0.01 secs] 
2016-09-13T19:37:38.778-0400: 204.478: [GC (Allocation Failure) [PSYoungGen: 194296K->23304K(204288K)] 379163K->208289K(728576K), 0.0270815 secs] [Times: user=0.21 sys=0.01, real=0.02 secs] 
2016-09-13T19:37:39.002-0400: 204.702: [GC (GCLocker Initiated GC) [PSYoungGen: 168584K->14447K(204288K)] 359645K->205580K(728576K), 0.0259817 secs] [Times: user=0.35 sys=0.00, real=0.03 secs] 
2016-09-13T19:37:39.268-0400: 204.968: [GC (GCLocker Initiated GC) [PSYoungGen: 161903K->50875K(198656K)] 354586K->243720K(722944K), 0.0105493 secs] [Times: user=0.14 sys=0.00, real=0.01 secs] 
2016-09-13T19:37:39.498-0400: 205.198: [GC (GCLocker Initiated GC) [PSYoungGen: 198331K->23409K(201216K)] 400466K->231820K(725504K), 0.0144330 secs] [Times: user=0.10 sys=0.00, real=0.01 secs] 
2016-09-13T19:37:39.698-0400: 205.398: [GC (GCLocker Initiated GC) [PSYoungGen: 162161K->53716K(192512K)] 370731K->262475K(716800K), 0.0318289 secs] [Times: user=0.28 sys=0.00, real=0.03 secs] 
2016-09-13T19:37:39.919-0400: 205.618: [GC (GCLocker Initiated GC) [PSYoungGen: 192468K->46249K(193024K)] 401458K->255378K(717312K), 0.0117369 secs] [Times: user=0.10 sys=0.00, real=0.01 secs] 
2016-09-13T19:37:40.126-0400: 205.826: [GC (GCLocker Initiated GC) [PSYoungGen: 173225K->38438K(194560K)] 382474K->247930K(718848K), 0.0272183 secs] [Times: user=0.24 sys=0.01, real=0.03 secs] 
2016-09-13T19:37:40.353-0400: 206.053: [GC (Allocation Failure) [PSYoungGen: 165414K->28210K(190464K)] 375115K->238090K(714752K), 0.0144450 secs] [Times: user=0.16 sys=0.01, real=0.01 secs] 
2016-09-13T19:37:40.560-0400: 206.260: [GC (GCLocker Initiated GC) [PSYoungGen: 156126K->9890K(192512K)] 367525K->221633K(716800K), 0.0165759 secs] [Times: user=0.16 sys=0.00, real=0.02 secs] 
2016-09-13T19:37:40.751-0400: 206.451: [GC (GCLocker Initiated GC) [PSYoungGen: 138402K->27934K(194048K)] 351904K->241571K(718336K), 0.0100268 secs] [Times: user=0.09 sys=0.00, real=0.01 secs] 
2016-09-13T19:37:40.997-0400: 206.697: [GC (GCLocker Initiated GC) [PSYoungGen: 161054K->29389K(195584K)] 377758K->246279K(719872K), 0.0109226 secs] [Times: user=0.08 sys=0.01, real=0.01 secs] 
2016-09-13T19:37:41.206-0400: 206.906: [GC (GCLocker Initiated GC) [PSYoungGen: 162509K->8221K(197632K)] 387228K->242215K(721920K), 0.0122935 secs] [Times: user=0.10 sys=0.00, real=0.02 secs] 
2016-09-13T19:37:41.451-0400: 207.151: [GC (GCLocker Initiated GC) [PSYoungGen: 145949K->12950K(198656K)] 392112K->259169K(722944K), 0.0392048 secs] [Times: user=0.45 sys=0.00, real=0.04 secs] 
2016-09-13T19:37:41.683-0400: 207.383: [GC (GCLocker Initiated GC) [PSYoungGen: 150678K->50806K(190464K)] 397034K->300389K(714752K), 0.0063334 secs] [Times: user=0.04 sys=0.01, real=0.01 secs] 
2016-09-13T19:37:41.899-0400: 207.599: [GC (GCLocker Initiated GC) [PSYoungGen: 180854K->30907K(196096K)] 438210K->293037K(720384K), 0.0325473 secs] [Times: user=0.33 sys=0.00, real=0.03 secs] 
2016-09-13T19:37:42.123-0400: 207.823: [GC (Allocation Failure) [PSYoungGen: 160955K->56918K(185856K)] 423441K->319558K(710144K), 0.0239023 secs] [Times: user=0.30 sys=0.00, real=0.02 secs] 
2016-09-13T19:37:42.303-0400: 208.003: [GC (GCLocker Initiated GC) [PSYoungGen: 179272K->46382K(169472K)] 443430K->310758K(693760K), 0.0109966 secs] [Times: user=0.12 sys=0.01, real=0.01 secs] 
2016-09-13T19:37:42.521-0400: 208.221: [GC (GCLocker Initiated GC) [PSYoungGen: 169262K->47864K(188928K)] 433827K->312678K(713216K), 0.0258923 secs] [Times: user=0.30 sys=0.00, real=0.02 secs] 
2016-09-13T19:37:42.714-0400: 208.413: [GC (GCLocker Initiated GC) [PSYoungGen: 165624K->64538K(182784K)] 431974K->332723K(707072K), 0.0104777 secs] [Times: user=0.09 sys=0.00, real=0.01 secs] 
2016-09-13T19:37:42.888-0400: 208.588: [GC (GCLocker Initiated GC) [PSYoungGen: 182298K->44793K(184320K)] 450684K->313438K(708608K), 0.0399431 secs] [Times: user=0.38 sys=0.00, real=0.04 secs] 
2016-09-13T19:37:43.097-0400: 208.797: [GC (Allocation Failure) [PSYoungGen: 149753K->58309K(163328K)] 418597K->327507K(687616K), 0.0069917 secs] [Times: user=0.05 sys=0.00, real=0.00 secs] 
2016-09-13T19:37:43.245-0400: 208.945: [GC (GCLocker Initiated GC) [PSYoungGen: 159513K->28237K(182784K)] 434787K->303712K(707072K), 0.0157288 secs] [Times: user=0.18 sys=0.00, real=0.02 secs] 
2016-09-13T19:37:43.406-0400: 209.106: [GC (GCLocker Initiated GC) [PSYoungGen: 129613K->53695K(180736K)] 405168K->329593K(705024K), 0.0067199 secs] [Times: user=0.06 sys=0.00, real=0.01 secs] 
2016-09-13T19:37:43.560-0400: 209.260: [GC (GCLocker Initiated GC) [PSYoungGen: 155071K->46186K(179712K)] 431056K->331411K(704000K), 0.0064560 secs] [Times: user=0.06 sys=0.00, real=0.00 secs] 
2016-09-13T19:37:43.713-0400: 209.413: [GC (GCLocker Initiated GC) [PSYoungGen: 148586K->53752K(180736K)] 433859K->339182K(705024K), 0.0186315 secs] [Times: user=0.19 sys=0.00, real=0.02 secs] 
2016-09-13T19:37:43.888-0400: 209.588: [GC (GCLocker Initiated GC) [PSYoungGen: 156152K->41534K(177664K)] 447826K->334869K(701952K), 0.0094919 secs] [Times: user=0.08 sys=0.00, real=0.01 secs] 
2016-09-13T19:37:44.057-0400: 209.757: [GC (GCLocker Initiated GC) [PSYoungGen: 145982K->43179K(180224K)] 441039K->338350K(704512K), 0.0163603 secs] [Times: user=0.17 sys=0.00, real=0.01 secs] 
2016-09-13T19:37:44.250-0400: 209.950: [GC (GCLocker Initiated GC) [PSYoungGen: 147627K->9677K(183296K)] 455293K->317683K(707584K), 0.0074913 secs] [Times: user=0.06 sys=0.00, real=0.01 secs] 
2016-09-13T19:37:44.442-0400: 210.142: [GC (GCLocker Initiated GC) [PSYoungGen: 120269K->28056K(185856K)] 429941K->337784K(710144K), 0.0128042 secs] [Times: user=0.12 sys=0.00, real=0.01 secs] 
2016-09-13T19:37:44.648-0400: 210.348: [GC (GCLocker Initiated GC) [PSYoungGen: 138648K->23314K(183808K)] 460556K->345361K(708096K), 0.0324589 secs] [Times: user=0.35 sys=0.00, real=0.03 secs] 
2016-09-13T19:37:44.856-0400: 210.556: [GC (GCLocker Initiated GC) [PSYoungGen: 136466K->20521K(185856K)] 470895K->355088K(710144K), 0.0110805 secs] [Times: user=0.10 sys=0.00, real=0.00 secs] 
2016-09-13T19:37:45.033-0400: 210.733: [GC (Allocation Failure) [PSYoungGen: 133673K->24929K(184832K)] 469795K->373477K(709120K), 0.0278416 secs] [Times: user=0.32 sys=0.00, real=0.03 secs] 
2016-09-13T19:37:45.239-0400: 210.939: [GC (GCLocker Initiated GC) [PSYoungGen: 140904K->24895K(187392K)] 490971K->375093K(711680K), 0.0209156 secs] [Times: user=0.17 sys=0.00, real=0.02 secs] 
2016-09-13T19:37:45.431-0400: 211.131: [GC (GCLocker Initiated GC) [PSYoungGen: 142143K->47609K(189952K)] 492369K->398036K(714240K), 0.0102206 secs] [Times: user=0.06 sys=0.01, real=0.01 secs] 
2016-09-13T19:37:45.609-0400: 211.309: [GC (GCLocker Initiated GC) [PSYoungGen: 169465K->8317K(130560K)] 527664K->378821K(654848K), 0.0111392 secs] [Times: user=0.09 sys=0.00, real=0.01 secs] 
2016-09-13T19:37:45.817-0400: 211.517: [GC (GCLocker Initiated GC) [PSYoungGen: 130173K->26509K(194048K)] 502271K->398816K(718336K), 0.0351857 secs] [Times: user=0.37 sys=0.00, real=0.03 secs] 
2016-09-13T19:37:46.047-0400: 211.747: [GC (GCLocker Initiated GC) [PSYoungGen: 149389K->29416K(152576K)] 527826K->407988K(676864K), 0.0219891 secs] [Times: user=0.22 sys=0.01, real=0.03 secs] 
2016-09-13T19:37:46.235-0400: 211.935: [GC (GCLocker Initiated GC) [PSYoungGen: 152296K->50806K(183296K)] 531049K->440329K(707584K), 0.0168212 secs] [Times: user=0.20 sys=0.00, real=0.02 secs] 
2016-09-13T19:37:46.422-0400: 212.122: [GC (Allocation Failure) [PSYoungGen: 169590K->43376K(187392K)] 559367K->456251K(711680K), 0.0150796 secs] [Times: user=0.19 sys=0.00, real=0.02 secs] 
2016-09-13T19:37:46.602-0400: 212.302: [GC (GCLocker Initiated GC) [PSYoungGen: 156261K->14510K(193024K)] 575211K->433736K(717312K), 0.0097536 secs] [Times: user=0.12 sys=0.00, real=0.01 secs] 
2016-09-13T19:37:46.810-0400: 212.510: [GC (GCLocker Initiated GC) [PSYoungGen: 138926K->17397K(141824K)] 565787K->444394K(666112K), 0.0292768 secs] [Times: user=0.33 sys=0.00, real=0.03 secs] 
2016-09-13T19:37:47.055-0400: 212.755: [GC (GCLocker Initiated GC) [PSYoungGen: 141813K->23282K(195072K)] 582652K->468911K(719360K), 0.0106058 secs] [Times: user=0.08 sys=0.00, real=0.01 secs] 
2016-09-13T19:37:47.257-0400: 212.957: [GC (GCLocker Initiated GC) [PSYoungGen: 150770K->32491K(160256K)] 596488K->478280K(684544K), 0.0073551 secs] [Times: user=0.06 sys=0.00, real=0.00 secs] 
2016-09-13T19:37:47.457-0400: 213.157: [GC (GCLocker Initiated GC) [PSYoungGen: 159979K->29512K(195072K)] 611863K->481535K(719360K), 0.0058857 secs] [Times: user=0.05 sys=0.00, real=0.00 secs] 
2016-09-13T19:37:47.677-0400: 213.377: [GC (GCLocker Initiated GC) [PSYoungGen: 162120K->46404K(192000K)] 614226K->506208K(716288K), 0.0218335 secs] [Times: user=0.24 sys=0.00, real=0.02 secs] 
2016-09-13T19:37:47.898-0400: 213.598: [GC (GCLocker Initiated GC) [PSYoungGen: 179012K->40015K(199680K)] 645157K->506329K(723968K), 0.0285821 secs] [Times: user=0.34 sys=0.00, real=0.02 secs] 
2016-09-13T19:37:48.118-0400: 213.818: [GC (Allocation Failure) [PSYoungGen: 177231K->49447K(186880K)] 646630K->518976K(711168K), 0.0101122 secs] [Times: user=0.07 sys=0.01, real=0.01 secs] 
2016-09-13T19:37:48.129-0400: 213.829: [GC (GCLocker Initiated GC) [PSYoungGen: 49462K->32K(190976K)] 518991K->520154K(715264K), 0.0141688 secs] [Times: user=0.16 sys=0.01, real=0.01 secs] 
2016-09-13T19:37:48.143-0400: 213.843: [Full GC (Ergonomics) [PSYoungGen: 32K->0K(190976K)] [ParOldGen: 520122K->41469K(524288K)] 520154K->41469K(715264K), [Metaspace: 44670K->44670K(1087488K)], 0.0520999 secs] [Times: user=0.28 sys=0.00, real=0.05 secs] 
2016-09-13T19:37:48.340-0400: 214.040: [GC (GCLocker Initiated GC) [PSYoungGen: 124928K->55740K(180736K)] 166403K->97215K(705024K), 0.0077995 secs] [Times: user=0.06 sys=0.01, real=0.00 secs] 
2016-09-13T19:37:48.539-0400: 214.239: [GC (Allocation Failure) [PSYoungGen: 180668K->23437K(190464K)] 228287K->80705K(714752K), 0.0124442 secs] [Times: user=0.13 sys=0.00, real=0.01 secs] 
2016-09-13T19:37:48.732-0400: 214.432: [GC (Allocation Failure) [PSYoungGen: 138998K->11409K(128000K)] 196266K->68808K(652288K), 0.0118578 secs] [Times: user=0.12 sys=0.00, real=0.01 secs] 
2016-09-13T19:37:48.906-0400: 214.606: [GC (GCLocker Initiated GC) [PSYoungGen: 127633K->31034K(190976K)] 185034K->88637K(715264K), 0.0096445 secs] [Times: user=0.08 sys=0.00, real=0.02 secs] 
2016-09-13T19:37:49.111-0400: 214.811: [GC (Allocation Failure) [PSYoungGen: 150842K->29539K(187392K)] 210112K->89010K(711680K), 0.0105378 secs] [Times: user=0.10 sys=0.00, real=0.01 secs] 
2016-09-13T19:37:49.326-0400: 215.026: [GC (GCLocker Initiated GC) [PSYoungGen: 148839K->38559K(187904K)] 214385K->110312K(712192K), 0.0218077 secs] [Times: user=0.20 sys=0.00, real=0.03 secs] 
2016-09-13T19:37:49.500-0400: 215.200: [GC (GCLocker Initiated GC) [PSYoungGen: 162463K->63147K(187392K)] 234403K->135346K(711680K), 0.0227595 secs] [Times: user=0.23 sys=0.00, real=0.02 secs] 
2016-09-13T19:37:49.705-0400: 215.405: [GC (GCLocker Initiated GC) [PSYoungGen: 187051K->47736K(186880K)] 259273K->120195K(711168K), 0.0144888 secs] [Times: user=0.15 sys=0.00, real=0.02 secs] 
2016-09-13T19:37:49.898-0400: 215.598: [GC (GCLocker Initiated GC) [PSYoungGen: 162424K->41885K(188416K)] 245616K->128372K(712704K), 0.0060699 secs] [Times: user=0.08 sys=0.00, real=0.00 secs] 
2016-09-13T19:37:50.100-0400: 215.800: [GC (GCLocker Initiated GC) [PSYoungGen: 156573K->38752K(183296K)] 257127K->139394K(707584K), 0.0143678 secs] [Times: user=0.20 sys=0.00, real=0.01 secs] 
2016-09-13T19:37:50.306-0400: 216.006: [GC (GCLocker Initiated GC) [PSYoungGen: 154976K->55716K(185856K)] 255807K->159830K(710144K), 0.0108775 secs] [Times: user=0.15 sys=0.00, real=0.02 secs] 
2016-09-13T19:37:50.499-0400: 216.199: [GC (GCLocker Initiated GC) [PSYoungGen: 171940K->52453K(185856K)] 282173K->162927K(710144K), 0.0123092 secs] [Times: user=0.14 sys=0.00, real=0.01 secs] 
2016-09-13T19:37:50.674-0400: 216.374: [GC (Allocation Failure) [PSYoungGen: 165093K->43281K(156160K)] 275807K->155751K(680448K), 0.0149709 secs] [Times: user=0.20 sys=0.00, real=0.02 secs] 
2016-09-13T19:37:50.860-0400: 216.560: [GC (GCLocker Initiated GC) [PSYoungGen: 154760K->41570K(189440K)] 268749K->155752K(713728K), 0.0131254 secs] [Times: user=0.14 sys=0.00, real=0.01 secs] 
2016-09-13T19:37:51.055-0400: 216.755: [GC (GCLocker Initiated GC) [PSYoungGen: 158306K->26409K(186880K)] 278817K->147035K(711168K), 0.0138868 secs] [Times: user=0.14 sys=0.00, real=0.02 secs] 
2016-09-13T19:37:51.278-0400: 216.978: [GC (GCLocker Initiated GC) [PSYoungGen: 143145K->32427K(189952K)] 263793K->153213K(714240K), 0.0187271 secs] [Times: user=0.22 sys=0.00, real=0.02 secs] 
2016-09-13T19:37:51.456-0400: 217.156: [GC (GCLocker Initiated GC) [PSYoungGen: 153771K->41979K(188928K)] 277706K->173678K(713216K), 0.0222834 secs] [Times: user=0.28 sys=0.00, real=0.02 secs] 
2016-09-13T19:37:51.659-0400: 217.359: [GC (GCLocker Initiated GC) [PSYoungGen: 163323K->24981K(192512K)] 301453K->163453K(716800K), 0.0221191 secs] [Times: user=0.19 sys=0.01, real=0.02 secs] 
2016-09-13T19:37:51.875-0400: 217.575: [GC (GCLocker Initiated GC) [PSYoungGen: 151445K->43088K(192000K)] 290080K->181893K(716288K), 0.0147458 secs] [Times: user=0.12 sys=0.00, real=0.02 secs] 
2016-09-13T19:37:52.113-0400: 217.813: [GC (GCLocker Initiated GC) [PSYoungGen: 169552K->46032K(195072K)] 316083K->192705K(719360K), 0.0145354 secs] [Times: user=0.12 sys=0.01, real=0.02 secs] 
2016-09-13T19:37:52.308-0400: 218.008: [GC (GCLocker Initiated GC) [PSYoungGen: 176080K->43338K(195584K)] 329040K->214729K(719872K), 0.0284812 secs] [Times: user=0.26 sys=0.00, real=0.03 secs] 
2016-09-13T19:37:52.537-0400: 218.237: [GC (GCLocker Initiated GC) [PSYoungGen: 173386K->32549K(194048K)] 350914K->210326K(718336K), 0.0087366 secs] [Times: user=0.08 sys=0.00, real=0.00 secs] 
2016-09-13T19:37:52.713-0400: 218.413: [GC (GCLocker Initiated GC) [PSYoungGen: 164645K->49509K(195072K)] 342436K->231994K(719360K), 0.0277460 secs] [Times: user=0.31 sys=0.00, real=0.03 secs] 
2016-09-13T19:37:52.921-0400: 218.621: [GC (GCLocker Initiated GC) [PSYoungGen: 181605K->49387K(194560K)] 364424K->237047K(718848K), 0.0070656 secs] [Times: user=0.06 sys=0.00, real=0.01 secs] 
2016-09-13T19:37:53.151-0400: 218.851: [GC (GCLocker Initiated GC) [PSYoungGen: 179435K->5179K(135680K)] 370277K->196222K(659968K), 0.0035193 secs] [Times: user=0.02 sys=0.00, real=0.00 secs] 
2016-09-13T19:37:53.386-0400: 219.086: [GC (GCLocker Initiated GC) [PSYoungGen: 135227K->17271K(192000K)] 326295K->208565K(716288K), 0.0034574 secs] [Times: user=0.02 sys=0.00, real=0.01 secs] 
2016-09-13T19:37:53.590-0400: 219.290: [GC (GCLocker Initiated GC) [PSYoungGen: 140151K->9799K(133120K)] 337752K->216667K(657408K), 0.0228553 secs] [Times: user=0.24 sys=0.00, real=0.02 secs] 
2016-09-13T19:37:53.788-0400: 219.488: [GC (GCLocker Initiated GC) [PSYoungGen: 132679K->46319K(188928K)] 341264K->255164K(713216K), 0.0138715 secs] [Times: user=0.15 sys=0.00, real=0.01 secs] 
2016-09-13T19:37:53.960-0400: 219.660: [GC (Allocation Failure) [PSYoungGen: 165103K->41694K(190464K)] 374226K->251058K(714752K), 0.0133723 secs] [Times: user=0.14 sys=0.00, real=0.01 secs] 
2016-09-13T19:37:54.142-0400: 219.842: [GC (GCLocker Initiated GC) [PSYoungGen: 155398K->27929K(185856K)] 370838K->243531K(710144K), 0.0070315 secs] [Times: user=0.07 sys=0.01, real=0.01 secs] 
2016-09-13T19:37:54.347-0400: 220.047: [GC (Allocation Failure) [PSYoungGen: 147737K->11100K(188416K)] 364935K->228405K(712704K), 0.0110786 secs] [Times: user=0.11 sys=0.00, real=0.02 secs] 
2016-09-13T19:37:54.550-0400: 220.250: [GC (Allocation Failure) [PSYoungGen: 130908K->24923K(188928K)] 348213K->248457K(713216K), 0.0118454 secs] [Times: user=0.11 sys=0.00, real=0.01 secs] 
2016-09-13T19:37:54.756-0400: 220.456: [GC (GCLocker Initiated GC) [PSYoungGen: 149339K->29570K(190976K)] 372873K->253337K(715264K), 0.0170984 secs] [Times: user=0.17 sys=0.00, real=0.01 secs] 
2016-09-13T19:37:54.967-0400: 220.667: [GC (GCLocker Initiated GC) [PSYoungGen: 153986K->41538K(193024K)] 377968K->265714K(717312K), 0.0139715 secs] [Times: user=0.11 sys=0.01, real=0.02 secs] 
2016-09-13T19:37:55.151-0400: 220.851: [GC (GCLocker Initiated GC) [PSYoungGen: 171586K->49255K(194048K)] 395934K->273710K(718336K), 0.0300818 secs] [Times: user=0.33 sys=0.00, real=0.03 secs] 
2016-09-13T19:37:55.349-0400: 221.048: [GC (GCLocker Initiated GC) [PSYoungGen: 179303K->27865K(195584K)] 403759K->253991K(719872K), 0.0203467 secs] [Times: user=0.19 sys=0.01, real=0.02 secs] 
2016-09-13T19:37:55.572-0400: 221.272: [GC (GCLocker Initiated GC) [PSYoungGen: 158425K->28024K(195072K)] 384749K->254538K(719360K), 0.0123998 secs] [Times: user=0.11 sys=0.01, real=0.01 secs] 
2016-09-13T19:37:55.798-0400: 221.498: [GC (GCLocker Initiated GC) [PSYoungGen: 158584K->32703K(194048K)] 385260K->259530K(718336K), 0.0240509 secs] [Times: user=0.29 sys=0.00, real=0.02 secs] 
2016-09-13T19:37:56.024-0400: 221.724: [GC (GCLocker Initiated GC) [PSYoungGen: 167871K->27929K(194560K)] 396242K->259590K(718848K), 0.0072615 secs] [Times: user=0.05 sys=0.00, real=0.01 secs] 
2016-09-13T19:37:56.253-0400: 221.953: [GC (Allocation Failure) [PSYoungGen: 163097K->6762K(200192K)] 408622K->261561K(724480K), 0.0046108 secs] [Times: user=0.03 sys=0.00, real=0.01 secs] 
2016-09-13T19:37:56.485-0400: 222.185: [GC (Allocation Failure) [PSYoungGen: 144377K->23373K(201728K)] 399176K->278315K(726016K), 0.0161521 secs] [Times: user=0.18 sys=0.00, real=0.02 secs] 
2016-09-13T19:37:56.706-0400: 222.406: [GC (GCLocker Initiated GC) [PSYoungGen: 165709K->44577K(198656K)] 422170K->301176K(722944K), 0.0115789 secs] [Times: user=0.12 sys=0.00, real=0.02 secs] 
2016-09-13T19:37:56.942-0400: 222.642: [GC (Allocation Failure) [PSYoungGen: 185889K->5174K(146944K)] 448711K->268127K(671232K), 0.0133340 secs] [Times: user=0.12 sys=0.00, real=0.01 secs] 
2016-09-13T19:37:57.206-0400: 222.906: [GC (GCLocker Initiated GC) [PSYoungGen: 141331K->32746K(201728K)] 410359K->301904K(726016K), 0.0168410 secs] [Times: user=0.20 sys=0.01, real=0.02 secs] 
2016-09-13T19:37:57.417-0400: 223.117: [GC (GCLocker Initiated GC) [PSYoungGen: 172522K->46404K(186368K)] 443234K->317392K(710656K), 0.0103593 secs] [Times: user=0.12 sys=0.00, real=0.00 secs] 
2016-09-13T19:37:57.644-0400: 223.344: [GC (GCLocker Initiated GC) [PSYoungGen: 186180K->19108K(199680K)] 463310K->296495K(723968K), 0.0104655 secs] [Times: user=0.12 sys=0.00, real=0.01 secs] 
2016-09-13T19:37:57.855-0400: 223.555: [GC (GCLocker Initiated GC) [PSYoungGen: 155300K->46346K(182784K)] 432721K->323942K(707072K), 0.0230254 secs] [Times: user=0.33 sys=0.00, real=0.03 secs] 
2016-09-13T19:37:58.072-0400: 223.772: [GC (GCLocker Initiated GC) [PSYoungGen: 182538K->50778K(189440K)] 460256K->330161K(713728K), 0.0179596 secs] [Times: user=0.15 sys=0.00, real=0.02 secs] 
2016-09-13T19:37:58.277-0400: 223.977: [GC (GCLocker Initiated GC) [PSYoungGen: 174682K->46439K(170496K)] 455827K->330898K(694784K), 0.0113795 secs] [Times: user=0.10 sys=0.00, real=0.01 secs] 
2016-09-13T19:37:58.481-0400: 224.181: [GC (GCLocker Initiated GC) [PSYoungGen: 170343K->44794K(190464K)] 454842K->329632K(714752K), 0.0238244 secs] [Times: user=0.28 sys=0.00, real=0.02 secs] 
2016-09-13T19:37:58.684-0400: 224.384: [GC (GCLocker Initiated GC) [PSYoungGen: 164602K->53976K(174080K)] 449466K->343645K(698368K), 0.0170064 secs] [Times: user=0.21 sys=0.01, real=0.02 secs] 
2016-09-13T19:37:58.866-0400: 224.566: [GC (GCLocker Initiated GC) [PSYoungGen: 173784K->41937K(189440K)] 465211K->348802K(713728K), 0.0072209 secs] [Times: user=0.07 sys=0.00, real=0.01 secs] 
2016-09-13T19:37:59.060-0400: 224.760: [GC (Allocation Failure) [PSYoungGen: 157137K->23649K(139264K)] 473326K->340130K(663552K), 0.0326036 secs] [Times: user=0.38 sys=0.00, real=0.03 secs] 
2016-09-13T19:37:59.259-0400: 224.959: [GC (GCLocker Initiated GC) [PSYoungGen: 138639K->46159K(185856K)] 456639K->364238K(710144K), 0.0095664 secs] [Times: user=0.08 sys=0.00, real=0.01 secs] 
2016-09-13T19:37:59.448-0400: 225.148: [GC (GCLocker Initiated GC) [PSYoungGen: 160847K->34041K(186368K)] 485179K->358504K(710656K), 0.0194825 secs] [Times: user=0.19 sys=0.00, real=0.02 secs] 
2016-09-13T19:37:59.653-0400: 225.353: [GC (GCLocker Initiated GC) [PSYoungGen: 148729K->9735K(186368K)] 485364K->346485K(710656K), 0.0041778 secs] [Times: user=0.02 sys=0.00, real=0.01 secs] 
2016-09-13T19:37:59.864-0400: 225.564: [GC (GCLocker Initiated GC) [PSYoungGen: 127495K->26351K(187904K)] 471886K->375476K(712192K), 0.0241884 secs] [Times: user=0.23 sys=0.00, real=0.03 secs] 
2016-09-13T19:38:00.053-0400: 225.753: [GC (GCLocker Initiated GC) [PSYoungGen: 144111K->43175K(191488K)] 493319K->394103K(715776K), 0.0356237 secs] [Times: user=0.40 sys=0.00, real=0.04 secs] 
2016-09-13T19:38:00.252-0400: 225.952: [GC (GCLocker Initiated GC) [PSYoungGen: 166567K->28120K(191488K)] 523635K->385342K(715776K), 0.0210016 secs] [Times: user=0.24 sys=0.00, real=0.02 secs] 
2016-09-13T19:38:00.450-0400: 226.150: [GC (GCLocker Initiated GC) [PSYoungGen: 151512K->43052K(192000K)] 508879K->400592K(716288K), 0.0266174 secs] [Times: user=0.21 sys=0.00, real=0.03 secs] 
2016-09-13T19:38:00.665-0400: 226.365: [GC (GCLocker Initiated GC) [PSYoungGen: 169004K->43243K(192000K)] 528246K->402671K(716288K), 0.0302508 secs] [Times: user=0.34 sys=0.00, real=0.03 secs] 
2016-09-13T19:38:00.889-0400: 226.589: [GC (GCLocker Initiated GC) [PSYoungGen: 169195K->28089K(193024K)] 540983K->400154K(717312K), 0.0116588 secs] [Times: user=0.10 sys=0.00, real=0.01 secs] 
2016-09-13T19:38:01.099-0400: 226.799: [GC (GCLocker Initiated GC) [PSYoungGen: 158137K->41794K(194560K)] 531953K->415823K(718848K), 0.0065783 secs] [Times: user=0.06 sys=0.00, real=0.00 secs] 
2016-09-13T19:38:01.317-0400: 227.017: [GC (GCLocker Initiated GC) [PSYoungGen: 171842K->49227K(194048K)] 547440K->424972K(718336K), 0.0451153 secs] [Times: user=0.48 sys=0.01, real=0.04 secs] 
2016-09-13T19:38:01.554-0400: 227.254: [GC (GCLocker Initiated GC) [PSYoungGen: 179275K->27965K(196096K)] 556811K->413229K(720384K), 0.0072849 secs] [Times: user=0.06 sys=0.00, real=0.01 secs] 
2016-09-13T19:38:01.717-0400: 227.417: [GC (GCLocker Initiated GC) [PSYoungGen: 158013K->47677K(194048K)] 543411K->433293K(718336K), 0.0061697 secs] [Times: user=0.04 sys=0.00, real=0.00 secs] 
2016-09-13T19:38:01.931-0400: 227.631: [GC (GCLocker Initiated GC) [PSYoungGen: 176701K->46382K(175616K)] 562487K->432459K(699904K), 0.0263708 secs] [Times: user=0.31 sys=0.00, real=0.03 secs] 
2016-09-13T19:38:02.155-0400: 227.855: [GC (GCLocker Initiated GC) [PSYoungGen: 175406K->23654K(195584K)] 570778K->419211K(719872K), 0.0100881 secs] [Times: user=0.09 sys=0.00, real=0.01 secs] 
2016-09-13T19:38:02.375-0400: 228.075: [GC (Allocation Failure) [PSYoungGen: 152166K->23474K(152064K)] 550855K->422405K(676352K), 0.0181555 secs] [Times: user=0.22 sys=0.00, real=0.02 secs] 
2016-09-13T19:38:02.603-0400: 228.302: [GC (GCLocker Initiated GC) [PSYoungGen: 146612K->9741K(192512K)] 551618K->414850K(716800K), 0.0100589 secs] [Times: user=0.09 sys=0.01, real=0.01 secs] 
2016-09-13T19:38:02.802-0400: 228.502: [GC (GCLocker Initiated GC) [PSYoungGen: 136717K->29479K(156672K)] 541852K->434796K(680960K), 0.0157826 secs] [Times: user=0.13 sys=0.00, real=0.02 secs] 
2016-09-13T19:38:03.018-0400: 228.718: [GC (GCLocker Initiated GC) [PSYoungGen: 156455K->61564K(182784K)] 568133K->473459K(707072K), 0.0308075 secs] [Times: user=0.32 sys=0.00, real=0.03 secs] 
2016-09-13T19:38:03.215-0400: 228.915: [GC (GCLocker Initiated GC) [PSYoungGen: 180348K->34258K(190464K)] 598507K->489144K(714752K), 0.0297154 secs] [Times: user=0.32 sys=0.00, real=0.03 secs] 
2016-09-13T19:38:03.407-0400: 229.107: [GC (GCLocker Initiated GC) [PSYoungGen: 153042K->49384K(190464K)] 609573K->506156K(714752K), 0.0137910 secs] [Times: user=0.16 sys=0.00, real=0.02 secs] 
2016-09-13T19:38:03.603-0400: 229.303: [GC (GCLocker Initiated GC) [PSYoungGen: 171240K->8375K(130560K)] 635628K->480496K(654848K), 0.0060812 secs] [Times: user=0.06 sys=0.00, real=0.01 secs] 
2016-09-13T19:38:03.805-0400: 229.505: [GC (GCLocker Initiated GC) [PSYoungGen: 130231K->12678K(190464K)] 608452K->491319K(714752K), 0.0043836 secs] [Times: user=0.02 sys=0.00, real=0.01 secs] 
2016-09-13T19:38:04.015-0400: 229.715: [GC (GCLocker Initiated GC) [PSYoungGen: 131462K->9772K(129024K)] 619238K->515912K(653312K), 0.0090468 secs] [Times: user=0.08 sys=0.00, real=0.01 secs] 
2016-09-13T19:38:04.024-0400: 229.724: [Full GC (Ergonomics) [PSYoungGen: 9772K->0K(129024K)] [ParOldGen: 506140K->34650K(524288K)] 515912K->34650K(653312K), [Metaspace: 44676K->44676K(1087488K)], 0.2328936 secs] [Times: user=2.30 sys=0.02, real=0.24 secs] 
2016-09-13T19:38:04.452-0400: 230.152: [GC (GCLocker Initiated GC) [PSYoungGen: 118784K->66370K(171520K)] 159598K->107185K(695808K), 0.0218362 secs] [Times: user=0.22 sys=0.00, real=0.02 secs] 
2016-09-13T19:38:04.625-0400: 230.325: [GC (GCLocker Initiated GC) [PSYoungGen: 166722K->49169K(150016K)] 207666K->131614K(674304K), 0.0094649 secs] [Times: user=0.10 sys=0.00, real=0.01 secs] 
2016-09-13T19:38:04.751-0400: 230.451: [GC (GCLocker Initiated GC) [PSYoungGen: 149521K->67571K(169984K)] 232195K->173258K(694272K), 0.0317937 secs] [Times: user=0.35 sys=0.01, real=0.03 secs] 
2016-09-13T19:38:04.872-0400: 230.572: [GC (GCLocker Initiated GC) [PSYoungGen: 155635K->85748K(175104K)] 261506K->231457K(699392K), 0.0187575 secs] [Times: user=0.17 sys=0.01, real=0.02 secs] 
2016-09-13T19:38:04.999-0400: 230.699: [GC (GCLocker Initiated GC) [PSYoungGen: 173812K->46128K(175104K)] 319583K->216432K(699392K), 0.0144444 secs] [Times: user=0.13 sys=0.00, real=0.01 secs] 
2016-09-13T19:38:05.130-0400: 230.830: [GC (Allocation Failure) [PSYoungGen: 134192K->28061K(175104K)] 304515K->227395K(699392K), 0.0134620 secs] [Times: user=0.14 sys=0.01, real=0.01 secs] 
2016-09-13T19:38:05.248-0400: 230.948: [GC (GCLocker Initiated GC) [PSYoungGen: 114229K->40015K(175104K)] 319638K->247181K(699392K), 0.0144711 secs] [Times: user=0.13 sys=0.00, real=0.01 secs] 
2016-09-13T19:38:05.380-0400: 231.080: [GC (GCLocker Initiated GC) [PSYoungGen: 128079K->34258K(122368K)] 335271K->241706K(646656K), 0.0053110 secs] [Times: user=0.03 sys=0.01, real=0.00 secs] 
2016-09-13T19:38:05.488-0400: 231.188: [GC (GCLocker Initiated GC) [PSYoungGen: 122322K->35718K(177664K)] 341944K->255644K(701952K), 0.0216752 secs] [Times: user=0.24 sys=0.01, real=0.02 secs] 
2016-09-13T19:38:05.636-0400: 231.336: [GC (GCLocker Initiated GC) [PSYoungGen: 127366K->52164K(174080K)] 347406K->282994K(698368K), 0.0226884 secs] [Times: user=0.23 sys=0.00, real=0.02 secs] 
2016-09-13T19:38:05.754-0400: 231.454: [GC (GCLocker Initiated GC) [PSYoungGen: 143812K->47927K(177664K)] 376188K->286729K(701952K), 0.0218166 secs] [Times: user=0.25 sys=0.00, real=0.03 secs] 
2016-09-13T19:38:05.890-0400: 231.590: [GC (GCLocker Initiated GC) [PSYoungGen: 143159K->28088K(176128K)] 394348K->297831K(700416K), 0.0140743 secs] [Times: user=0.16 sys=0.01, real=0.01 secs] 
2016-09-13T19:38:06.048-0400: 231.748: [GC (GCLocker Initiated GC) [PSYoungGen: 123320K->35646K(178176K)] 399164K->311699K(702464K), 0.0266684 secs] [Times: user=0.29 sys=0.01, real=0.03 secs] 
2016-09-13T19:38:06.232-0400: 231.932: [GC (Allocation Failure) [PSYoungGen: 137534K->27932K(178176K)] 413709K->308861K(702464K), 0.0166555 secs] [Times: user=0.16 sys=0.00, real=0.02 secs] 
2016-09-13T19:38:06.392-0400: 232.092: [GC (Allocation Failure) [PSYoungGen: 129819K->27865K(184320K)] 410748K->312104K(708608K), 0.0236397 secs] [Times: user=0.22 sys=0.00, real=0.03 secs] 
2016-09-13T19:38:06.560-0400: 232.260: [GC (GCLocker Initiated GC) [PSYoungGen: 138969K->47709K(184320K)] 423215K->332243K(708608K), 0.0114534 secs] [Times: user=0.10 sys=0.01, real=0.01 secs] 
2016-09-13T19:38:06.718-0400: 232.418: [GC (GCLocker Initiated GC) [PSYoungGen: 158813K->46095K(187904K)] 445203K->332627K(712192K), 0.0181538 secs] [Times: user=0.19 sys=0.00, real=0.02 secs] 
2016-09-13T19:38:06.915-0400: 232.615: [GC (GCLocker Initiated GC) [PSYoungGen: 161807K->52266K(168448K)] 449880K->340469K(692736K), 0.0204093 secs] [Times: user=0.20 sys=0.01, real=0.02 secs] 
2016-09-13T19:38:07.128-0400: 232.828: [GC (GCLocker Initiated GC) [PSYoungGen: 167978K->49196K(188416K)] 456323K->342374K(712704K), 0.0435136 secs] [Times: user=0.48 sys=0.00, real=0.04 secs] 
2016-09-13T19:38:07.307-0400: 233.007: [GC (GCLocker Initiated GC) [PSYoungGen: 163372K->66026K(180224K)] 456726K->368675K(704512K), 0.0234402 secs] [Times: user=0.29 sys=0.00, real=0.03 secs] 
2016-09-13T19:38:07.501-0400: 233.201: [GC (GCLocker Initiated GC) [PSYoungGen: 180202K->25114K(182784K)] 496594K->349305K(707072K), 0.0218318 secs] [Times: user=0.25 sys=0.01, real=0.02 secs] 
2016-09-13T19:38:07.678-0400: 233.378: [GC (GCLocker Initiated GC) [PSYoungGen: 128026K->53972K(182272K)] 452259K->378430K(706560K), 0.0104470 secs] [Times: user=0.12 sys=0.00, real=0.01 secs] 
2016-09-13T19:38:07.858-0400: 233.558: [GC (GCLocker Initiated GC) [PSYoungGen: 156884K->11287K(178176K)] 493520K->357214K(702464K), 0.0086179 secs] [Times: user=0.09 sys=0.00, real=0.00 secs] 
2016-09-13T19:38:08.028-0400: 233.728: [GC (GCLocker Initiated GC) [PSYoungGen: 109591K->23500K(180224K)] 455522K->383313K(704512K), 0.0119744 secs] [Times: user=0.13 sys=0.00, real=0.02 secs] 
2016-09-13T19:38:08.198-0400: 233.898: [GC (GCLocker Initiated GC) [PSYoungGen: 121804K->52112K(179712K)] 481642K->412191K(704000K), 0.0087434 secs] [Times: user=0.06 sys=0.01, real=0.00 secs] 
2016-09-13T19:38:08.345-0400: 234.045: [GC (GCLocker Initiated GC) [PSYoungGen: 151440K->28210K(128000K)] 511524K->394500K(652288K), 0.0080041 secs] [Times: user=0.06 sys=0.00, real=0.01 secs] 
2016-09-13T19:38:08.506-0400: 234.206: [GC (GCLocker Initiated GC) [PSYoungGen: 127538K->46223K(181248K)] 493844K->414394K(705536K), 0.0088767 secs] [Times: user=0.09 sys=0.01, real=0.01 secs] 
2016-09-13T19:38:08.660-0400: 234.360: [GC (GCLocker Initiated GC) [PSYoungGen: 148111K->43334K(179712K)] 516416K->411873K(704000K), 0.0140290 secs] [Times: user=0.16 sys=0.00, real=0.01 secs] 
2016-09-13T19:38:08.833-0400: 234.533: [GC (GCLocker Initiated GC) [PSYoungGen: 145222K->53880K(179200K)] 513788K->422664K(703488K), 0.0103567 secs] [Times: user=0.10 sys=0.01, real=0.01 secs] 
2016-09-13T19:38:09.008-0400: 234.708: [GC (Allocation Failure) [PSYoungGen: 157304K->27865K(180736K)] 532319K->407622K(705024K), 0.0120501 secs] [Times: user=0.12 sys=0.00, real=0.01 secs] 
2016-09-13T19:38:09.157-0400: 234.857: [GC (GCLocker Initiated GC) [PSYoungGen: 130236K->28270K(181760K)] 511512K->417400K(706048K), 0.0115429 secs] [Times: user=0.13 sys=0.00, real=0.01 secs] 
2016-09-13T19:38:09.331-0400: 235.031: [GC (GCLocker Initiated GC) [PSYoungGen: 137326K->41746K(183296K)] 526564K->431194K(707584K), 0.0120431 secs] [Times: user=0.11 sys=0.00, real=0.01 secs] 
2016-09-13T19:38:09.506-0400: 235.206: [GC (GCLocker Initiated GC) [PSYoungGen: 150802K->52139K(184832K)] 540286K->441824K(709120K), 0.0546135 secs] [Times: user=0.51 sys=0.01, real=0.06 secs] 
2016-09-13T19:38:09.726-0400: 235.426: [GC (GCLocker Initiated GC) [PSYoungGen: 165291K->43185K(186880K)] 561062K->449766K(711168K), 0.0094068 secs] [Times: user=0.10 sys=0.00, real=0.02 secs] 
2016-09-13T19:38:09.902-0400: 235.602: [GC (GCLocker Initiated GC) [PSYoungGen: 156337K->9704K(185344K)] 570598K->424167K(709632K), 0.0032548 secs] [Times: user=0.02 sys=0.00, real=0.00 secs] 
2016-09-13T19:38:10.082-0400: 235.782: [GC (Allocation Failure) [PSYoungGen: 123880K->47799K(187904K)] 538577K->462701K(712192K), 0.0271225 secs] [Times: user=0.30 sys=0.00, real=0.03 secs] 
2016-09-13T19:38:10.264-0400: 235.964: [GC (GCLocker Initiated GC) [PSYoungGen: 161975K->50938K(186368K)] 576878K->466066K(710656K), 0.0171959 secs] [Times: user=0.20 sys=0.00, real=0.02 secs] 
2016-09-13T19:38:10.472-0400: 236.172: [GC (GCLocker Initiated GC) [PSYoungGen: 163578K->27934K(140800K)] 584994K->449461K(665088K), 0.0056127 secs] [Times: user=0.05 sys=0.00, real=0.01 secs] 
2016-09-13T19:38:10.669-0400: 236.369: [GC (GCLocker Initiated GC) [PSYoungGen: 140574K->38662K(189952K)] 568202K->466469K(714240K), 0.0067258 secs] [Times: user=0.08 sys=0.00, real=0.01 secs] 
2016-09-13T19:38:10.872-0400: 236.572: [GC (GCLocker Initiated GC) [PSYoungGen: 155398K->60078K(186880K)] 585009K->503462K(711168K), 0.0148364 secs] [Times: user=0.16 sys=0.01, real=0.01 secs] 
2016-09-13T19:38:11.052-0400: 236.752: [GC (GCLocker Initiated GC) [PSYoungGen: 176814K->11285K(184320K)] 632577K->467292K(708608K), 0.0142017 secs] [Times: user=0.13 sys=0.00, real=0.01 secs] 
2016-09-13T19:38:11.241-0400: 236.941: [GC (GCLocker Initiated GC) [PSYoungGen: 120853K->33914K(143872K)] 576887K->490141K(668160K), 0.0068374 secs] [Times: user=0.04 sys=0.00, real=0.01 secs] 
2016-09-13T19:38:11.436-0400: 237.136: [GC (GCLocker Initiated GC) [PSYoungGen: 143482K->41725K(186368K)] 599795K->502717K(710656K), 0.0204473 secs] [Times: user=0.25 sys=0.00, real=0.02 secs] 
2016-09-13T19:38:11.608-0400: 237.308: [GC (GCLocker Initiated GC) [PSYoungGen: 154877K->14361K(184320K)] 622056K->481816K(708608K), 0.0045690 secs] [Times: user=0.04 sys=0.00, real=0.01 secs] 
2016-09-13T19:38:11.770-0400: 237.470: [GC (Allocation Failure) [PSYoungGen: 127513K->28025K(186880K)] 595054K->506455K(711168K), 0.0187374 secs] [Times: user=0.20 sys=0.00, real=0.02 secs] 
2016-09-13T19:38:11.971-0400: 237.671: [GC (GCLocker Initiated GC) [PSYoungGen: 141184K->9863K(188416K)] 625689K->494656K(712704K), 0.0255959 secs] [Times: user=0.26 sys=0.01, real=0.03 secs] 
2016-09-13T19:38:12.187-0400: 237.887: [GC (GCLocker Initiated GC) [PSYoungGen: 128647K->11131K(192000K)] 613465K->496084K(716288K), 0.0105516 secs] [Times: user=0.09 sys=0.00, real=0.02 secs] 
2016-09-13T19:38:12.379-0400: 238.079: [GC (GCLocker Initiated GC) [PSYoungGen: 132987K->41539K(163840K)] 617967K->534315K(688128K), 0.0118900 secs] [Times: user=0.12 sys=0.00, real=0.01 secs] 
2016-09-13T19:38:12.576-0400: 238.276: [GC (GCLocker Initiated GC) [PSYoungGen: 163395K->14446K(192512K)] 656193K->507292K(716800K), 0.0071891 secs] [Times: user=0.06 sys=0.00, real=0.00 secs] 
2016-09-13T19:38:12.754-0400: 238.454: [GC (GCLocker Initiated GC) [PSYoungGen: 136302K->29479K(151552K)] 635466K->536571K(675840K), 0.0122690 secs] [Times: user=0.11 sys=0.01, real=0.01 secs] 
2016-09-13T19:38:12.970-0400: 238.670: [Full GC (Ergonomics) [PSYoungGen: 151335K->0K(151552K)] [ParOldGen: 508633K->27307K(524288K)] 659968K->27307K(675840K), [Metaspace: 44681K->44681K(1087488K)], 0.0717834 secs] [Times: user=0.49 sys=0.01, real=0.07 secs] 
2016-09-13T19:38:13.189-0400: 238.889: [GC (GCLocker Initiated GC) [PSYoungGen: 121856K->34386K(189440K)] 149165K->61696K(713728K), 0.0266245 secs] [Times: user=0.28 sys=0.00, real=0.03 secs] 
2016-09-13T19:38:13.391-0400: 239.091: [GC (GCLocker Initiated GC) [PSYoungGen: 158290K->5478K(187392K)] 193384K->45587K(711680K), 0.0034825 secs] [Times: user=0.01 sys=0.01, real=0.00 secs] 
2016-09-13T19:38:13.551-0400: 239.251: [GC (Allocation Failure) [PSYoungGen: 129382K->27806K(192512K)] 169672K->68253K(716800K), 0.0057442 secs] [Times: user=0.02 sys=0.00, real=0.01 secs] 
2016-09-13T19:38:13.791-0400: 239.491: [GC (GCLocker Initiated GC) [PSYoungGen: 161366K->34201K(195072K)] 203332K->76432K(719360K), 0.0254581 secs] [Times: user=0.26 sys=0.00, real=0.03 secs] 
2016-09-13T19:38:14.015-0400: 239.715: [GC (GCLocker Initiated GC) [PSYoungGen: 168345K->38726K(200192K)] 210601K->81232K(724480K), 0.0099941 secs] [Times: user=0.11 sys=0.00, real=0.01 secs] 
2016-09-13T19:38:14.238-0400: 239.938: [GC (Allocation Failure) [PSYoungGen: 179014K->26506K(166912K)] 221542K->75214K(691200K), 0.0127610 secs] [Times: user=0.12 sys=0.00, real=0.01 secs] 
2016-09-13T19:38:14.451-0400: 240.151: [GC (GCLocker Initiated GC) [PSYoungGen: 166794K->43148K(197632K)] 215507K->93553K(721920K), 0.0102937 secs] [Times: user=0.07 sys=0.00, real=0.01 secs] 
2016-09-13T19:38:14.667-0400: 240.367: [GC (GCLocker Initiated GC) [PSYoungGen: 182412K->47773K(187392K)] 233094K->98681K(711680K), 0.0099837 secs] [Times: user=0.09 sys=0.01, real=0.02 secs] 
2016-09-13T19:38:14.898-0400: 240.598: [GC (GCLocker Initiated GC) [PSYoungGen: 187037K->41824K(197120K)] 247141K->106643K(721408K), 0.0109122 secs] [Times: user=0.11 sys=0.00, real=0.01 secs] 
2016-09-13T19:38:15.109-0400: 240.809: [GC (GCLocker Initiated GC) [PSYoungGen: 174944K->46159K(179712K)] 240124K->111532K(704000K), 0.0232930 secs] [Times: user=0.26 sys=0.00, real=0.02 secs] 
2016-09-13T19:38:15.334-0400: 241.034: [GC (Allocation Failure) [PSYoungGen: 179279K->41624K(196608K)] 244844K->107391K(720896K), 0.0107540 secs] [Times: user=0.10 sys=0.00, real=0.01 secs] 
2016-09-13T19:38:15.540-0400: 241.240: [GC (GCLocker Initiated GC) [PSYoungGen: 172184K->43212K(196096K)] 237961K->109324K(720384K), 0.0059246 secs] [Times: user=0.05 sys=0.01, real=0.00 secs] 
2016-09-13T19:38:15.750-0400: 241.450: [GC (GCLocker Initiated GC) [PSYoungGen: 173772K->26569K(194048K)] 240003K->92978K(718336K), 0.0339614 secs] [Times: user=0.35 sys=0.00, real=0.03 secs] 
2016-09-13T19:38:15.999-0400: 241.699: [GC (Allocation Failure) [PSYoungGen: 157641K->27966K(195072K)] 224301K->94867K(719360K), 0.0283293 secs] [Times: user=0.30 sys=0.00, real=0.02 secs] 
2016-09-13T19:38:16.220-0400: 241.920: [GC (GCLocker Initiated GC) [PSYoungGen: 159038K->43211K(197120K)] 225945K->110299K(721408K), 0.0068995 secs] [Times: user=0.04 sys=0.00, real=0.00 secs] 
2016-09-13T19:38:16.424-0400: 242.124: [GC (GCLocker Initiated GC) [PSYoungGen: 177867K->28247K(197632K)] 246759K->97494K(721920K), 0.0093663 secs] [Times: user=0.12 sys=0.00, real=0.01 secs] 
2016-09-13T19:38:16.657-0400: 242.357: [GC (GCLocker Initiated GC) [PSYoungGen: 162903K->32773K(195072K)] 244432K->114626K(719360K), 0.0096008 secs] [Times: user=0.10 sys=0.00, real=0.00 secs] 
2016-09-13T19:38:16.878-0400: 242.578: [GC (Allocation Failure) [PSYoungGen: 170501K->46377K(196608K)] 252357K->130002K(720896K), 0.0218391 secs] [Times: user=0.28 sys=0.00, real=0.02 secs] 
2016-09-13T19:38:17.109-0400: 242.809: [GC (GCLocker Initiated GC) [PSYoungGen: 179174K->28184K(202240K)] 268873K->118046K(726528K), 0.0074783 secs] [Times: user=0.07 sys=0.00, real=0.01 secs] 
2016-09-13T19:38:17.322-0400: 243.022: [GC (GCLocker Initiated GC) [PSYoungGen: 169496K->49478K(190976K)] 259384K->139625K(715264K), 0.0083195 secs] [Times: user=0.06 sys=0.00, real=0.01 secs] 
2016-09-13T19:38:17.552-0400: 243.252: [GC (Allocation Failure) [PSYoungGen: 190790K->1860K(193024K)] 282469K->98265K(717312K), 0.0446765 secs] [Times: user=0.33 sys=0.00, real=0.05 secs] 
2016-09-13T19:38:17.763-0400: 243.463: [GC (Allocation Failure) [PSYoungGen: 127449K->11286K(141824K)] 223854K->107763K(666112K), 0.0094621 secs] [Times: user=0.08 sys=0.00, real=0.01 secs] 
2016-09-13T19:38:17.942-0400: 243.642: [GC (Allocation Failure) [PSYoungGen: 141334K->24800K(198144K)] 237811K->121435K(722432K), 0.0100027 secs] [Times: user=0.07 sys=0.00, real=0.01 secs] 
2016-09-13T19:38:18.175-0400: 243.875: [GC (GCLocker Initiated GC) [PSYoungGen: 156384K->47709K(179712K)] 253029K->144548K(704000K), 0.0249550 secs] [Times: user=0.20 sys=0.01, real=0.03 secs] 
2016-09-13T19:38:18.392-0400: 244.092: [GC (GCLocker Initiated GC) [PSYoungGen: 179293K->9827K(195072K)] 280710K->111402K(719360K), 0.0327336 secs] [Times: user=0.34 sys=0.01, real=0.03 secs] 
2016-09-13T19:38:18.643-0400: 244.343: [GC (GCLocker Initiated GC) [PSYoungGen: 137827K->49383K(177664K)] 239427K->151220K(701952K), 0.0218308 secs] [Times: user=0.22 sys=0.02, real=0.02 secs] 
2016-09-13T19:38:18.845-0400: 244.545: [GC (GCLocker Initiated GC) [PSYoungGen: 177383K->6731K(190464K)] 286827K->125489K(714752K), 0.0118848 secs] [Times: user=0.08 sys=0.00, real=0.02 secs] 
2016-09-13T19:38:19.025-0400: 244.725: [GC (GCLocker Initiated GC) [PSYoungGen: 126539K->29633K(149504K)] 245314K->148547K(673792K), 0.0231372 secs] [Times: user=0.24 sys=0.00, real=0.03 secs] 
2016-09-13T19:38:19.219-0400: 244.919: [GC (GCLocker Initiated GC) [PSYoungGen: 149441K->50684K(183296K)] 268410K->174478K(707584K), 0.0178504 secs] [Times: user=0.19 sys=0.01, real=0.02 secs] 
2016-09-13T19:38:19.423-0400: 245.123: [GC (GCLocker Initiated GC) [PSYoungGen: 166908K->31126K(187392K)] 296813K->170282K(711680K), 0.0052310 secs] [Times: user=0.04 sys=0.00, real=0.01 secs] 
2016-09-13T19:38:19.662-0400: 245.362: [GC (GCLocker Initiated GC) [PSYoungGen: 147350K->61347K(180224K)] 286612K->205426K(704512K), 0.0220370 secs] [Times: user=0.24 sys=0.00, real=0.02 secs] 
2016-09-13T19:38:19.818-0400: 245.518: [GC (GCLocker Initiated GC) [PSYoungGen: 173987K->49255K(162304K)] 318233K->195099K(686592K), 0.0079650 secs] [Times: user=0.06 sys=0.00, real=0.00 secs] 
2016-09-13T19:38:19.976-0400: 245.676: [GC (Allocation Failure) [PSYoungGen: 161895K->9677K(184832K)] 313957K->161986K(709120K), 0.0248213 secs] [Times: user=0.19 sys=0.00, real=0.02 secs] 
2016-09-13T19:38:20.167-0400: 245.867: [GC (GCLocker Initiated GC) [PSYoungGen: 118164K->50742K(159744K)] 278067K->216954K(684032K), 0.0102486 secs] [Times: user=0.09 sys=0.00, real=0.02 secs] 
2016-09-13T19:38:20.324-0400: 246.024: [GC (GCLocker Initiated GC) [PSYoungGen: 159286K->61410K(172032K)] 325693K->227955K(696320K), 0.0184586 secs] [Times: user=0.18 sys=0.00, real=0.02 secs] 
2016-09-13T19:38:20.493-0400: 246.193: [GC (GCLocker Initiated GC) [PSYoungGen: 154594K->41752K(177664K)] 324408K->211704K(701952K), 0.0059869 secs] [Times: user=0.04 sys=0.00, real=0.01 secs] 
2016-09-13T19:38:20.660-0400: 246.360: [GC (GCLocker Initiated GC) [PSYoungGen: 134936K->26224K(169984K)] 317117K->208591K(694272K), 0.0157307 secs] [Times: user=0.16 sys=0.00, real=0.02 secs] 
2016-09-13T19:38:20.818-0400: 246.518: [GC (GCLocker Initiated GC) [PSYoungGen: 122480K->32517K(175104K)] 304855K->215014K(699392K), 0.0107784 secs] [Times: user=0.09 sys=0.01, real=0.01 secs] 
2016-09-13T19:38:20.964-0400: 246.663: [GC (GCLocker Initiated GC) [PSYoungGen: 128773K->42929K(178176K)] 311580K->232122K(702464K), 0.0139429 secs] [Times: user=0.11 sys=0.00, real=0.02 secs] 
2016-09-13T19:38:21.140-0400: 246.840: [GC (GCLocker Initiated GC) [PSYoungGen: 150449K->29357K(181760K)] 339661K->218771K(706048K), 0.0289184 secs] [Times: user=0.35 sys=0.00, real=0.03 secs] 
2016-09-13T19:38:21.331-0400: 247.031: [GC (GCLocker Initiated GC) [PSYoungGen: 136877K->56823K(182272K)] 326330K->254024K(706560K), 0.0147388 secs] [Times: user=0.15 sys=0.00, real=0.01 secs] 
2016-09-13T19:38:21.511-0400: 247.211: [GC (GCLocker Initiated GC) [PSYoungGen: 167415K->44794K(186368K)] 364917K->245540K(710656K), 0.0252149 secs] [Times: user=0.29 sys=0.01, real=0.03 secs] 
2016-09-13T19:38:21.699-0400: 247.399: [GC (GCLocker Initiated GC) [PSYoungGen: 155386K->46255K(183808K)] 362455K->253541K(708096K), 0.0098743 secs] [Times: user=0.09 sys=0.00, real=0.01 secs] 
2016-09-13T19:38:21.855-0400: 247.555: [GC (GCLocker Initiated GC) [PSYoungGen: 158383K->44735K(185856K)] 365723K->252253K(710144K), 0.0440520 secs] [Times: user=0.37 sys=0.01, real=0.05 secs] 
2016-09-13T19:38:22.060-0400: 247.760: [GC (GCLocker Initiated GC) [PSYoungGen: 156863K->69058K(175616K)] 365922K->279901K(699904K), 0.0091540 secs] [Times: user=0.05 sys=0.01, real=0.01 secs] 
2016-09-13T19:38:22.204-0400: 247.904: [GC (GCLocker Initiated GC) [PSYoungGen: 172482K->31030K(182784K)] 383352K->251202K(707072K), 0.0368181 secs] [Times: user=0.34 sys=0.00, real=0.04 secs] 
2016-09-13T19:38:22.411-0400: 248.111: [GC (GCLocker Initiated GC) [PSYoungGen: 134454K->14291K(181248K)] 366832K->254465K(705536K), 0.0050698 secs] [Times: user=0.04 sys=0.00, real=0.01 secs] 
2016-09-13T19:38:22.570-0400: 248.270: [GC (GCLocker Initiated GC) [PSYoungGen: 117715K->42930K(146432K)] 357956K->287928K(670720K), 0.0090507 secs] [Times: user=0.06 sys=0.00, real=0.01 secs] 
2016-09-13T19:38:22.710-0400: 248.410: [GC (GCLocker Initiated GC) [PSYoungGen: 146354K->44704K(183808K)] 391467K->299033K(708096K), 0.0088664 secs] [Times: user=0.09 sys=0.00, real=0.01 secs] 
2016-09-13T19:38:22.899-0400: 248.599: [GC (GCLocker Initiated GC) [PSYoungGen: 151712K->28024K(181760K)] 418210K->305407K(706048K), 0.0302613 secs] [Times: user=0.33 sys=0.00, real=0.03 secs] 
2016-09-13T19:38:23.098-0400: 248.798: [GC (GCLocker Initiated GC) [PSYoungGen: 135032K->18789K(183808K)] 424684K->314800K(708096K), 0.0096285 secs] [Times: user=0.09 sys=0.00, real=0.01 secs] 
2016-09-13T19:38:23.278-0400: 248.978: [GC (GCLocker Initiated GC) [PSYoungGen: 129381K->42962K(183808K)] 425595K->339287K(708096K), 0.0188004 secs] [Times: user=0.15 sys=0.00, real=0.02 secs] 
2016-09-13T19:38:23.468-0400: 249.168: [GC (GCLocker Initiated GC) [PSYoungGen: 153554K->43084K(186880K)] 450067K->339719K(711168K), 0.0255994 secs] [Times: user=0.22 sys=0.00, real=0.02 secs] 
2016-09-13T19:38:23.656-0400: 249.356: [GC (GCLocker Initiated GC) [PSYoungGen: 159820K->65966K(182784K)] 456477K->368967K(707072K), 0.0112746 secs] [Times: user=0.12 sys=0.00, real=0.00 secs] 
2016-09-13T19:38:23.860-0400: 249.560: [GC (GCLocker Initiated GC) [PSYoungGen: 182702K->5179K(179200K)] 499415K->328168K(703488K), 0.0153566 secs] [Times: user=0.15 sys=0.00, real=0.01 secs] 
2016-09-13T19:38:24.032-0400: 249.732: [GC (GCLocker Initiated GC) [PSYoungGen: 106555K->34104K(135680K)] 429674K->358967K(659968K), 0.0165451 secs] [Times: user=0.14 sys=0.00, real=0.02 secs] 
2016-09-13T19:38:24.204-0400: 249.904: [GC (GCLocker Initiated GC) [PSYoungGen: 135480K->44672K(181248K)] 460514K->369932K(705536K), 0.0214459 secs] [Times: user=0.24 sys=0.01, real=0.02 secs] 
2016-09-13T19:38:24.401-0400: 250.101: [GC (GCLocker Initiated GC) [PSYoungGen: 149632K->24860K(180224K)] 476524K->351961K(704512K), 0.0100117 secs] [Times: user=0.08 sys=0.00, real=0.01 secs] 
2016-09-13T19:38:24.549-0400: 250.249: [GC (GCLocker Initiated GC) [PSYoungGen: 129820K->69037K(172032K)] 458498K->410035K(696320K), 0.0115910 secs] [Times: user=0.13 sys=0.01, real=0.01 secs] 
2016-09-13T19:38:24.693-0400: 250.393: [GC (GCLocker Initiated GC) [PSYoungGen: 167341K->40334K(180224K)] 516087K->443867K(704512K), 0.0127360 secs] [Times: user=0.16 sys=0.00, real=0.01 secs] 
2016-09-13T19:38:24.861-0400: 250.561: [GC (GCLocker Initiated GC) [PSYoungGen: 138638K->50907K(176640K)] 542313K->454924K(700928K), 0.0091342 secs] [Times: user=0.09 sys=0.00, real=0.01 secs] 
2016-09-13T19:38:25.053-0400: 250.753: [GC (Allocation Failure) [PSYoungGen: 152795K->46000K(180224K)] 557086K->450355K(704512K), 0.0102085 secs] [Times: user=0.07 sys=0.00, real=0.01 secs] 
2016-09-13T19:38:25.216-0400: 250.916: [GC (GCLocker Initiated GC) [PSYoungGen: 146474K->43244K(176128K)] 552348K->449264K(700416K), 0.0107319 secs] [Times: user=0.09 sys=0.00, real=0.00 secs] 
2016-09-13T19:38:25.378-0400: 251.078: [GC (GCLocker Initiated GC) [PSYoungGen: 150252K->27998K(180736K)] 559488K->437361K(705024K), 0.0224868 secs] [Times: user=0.21 sys=0.00, real=0.02 secs] 
2016-09-13T19:38:25.550-0400: 251.250: [GC (GCLocker Initiated GC) [PSYoungGen: 135006K->29480K(185344K)] 552081K->446702K(709632K), 0.0127452 secs] [Times: user=0.13 sys=0.00, real=0.01 secs] 
2016-09-13T19:38:25.741-0400: 251.441: [GC (GCLocker Initiated GC) [PSYoungGen: 145192K->26387K(187392K)] 565582K->454584K(711680K), 0.0163373 secs] [Times: user=0.14 sys=0.00, real=0.02 secs] 
2016-09-13T19:38:25.918-0400: 251.618: [GC (GCLocker Initiated GC) [PSYoungGen: 142099K->47646K(189440K)] 570324K->476065K(713728K), 0.0250462 secs] [Times: user=0.25 sys=0.00, real=0.02 secs] 
2016-09-13T19:38:26.106-0400: 251.806: [GC (GCLocker Initiated GC) [PSYoungGen: 167454K->46286K(190464K)] 596057K->481177K(714752K), 0.0090808 secs] [Times: user=0.08 sys=0.00, real=0.01 secs] 
2016-09-13T19:38:26.319-0400: 252.019: [GC (GCLocker Initiated GC) [PSYoungGen: 166094K->58245K(184320K)] 602523K->499495K(708608K), 0.0100799 secs] [Times: user=0.08 sys=0.00, real=0.01 secs] 
2016-09-13T19:38:26.502-0400: 252.202: [GC (GCLocker Initiated GC) [PSYoungGen: 171909K->52203K(165888K)] 613201K->493681K(690176K), 0.0077492 secs] [Times: user=0.06 sys=0.00, real=0.01 secs] 
2016-09-13T19:38:26.699-0400: 252.399: [GC (GCLocker Initiated GC) [PSYoungGen: 165867K->47524K(188416K)] 607479K->493839K(712704K), 0.0221399 secs] [Times: user=0.20 sys=0.00, real=0.02 secs] 
2016-09-13T19:38:26.870-0400: 252.570: [GC (GCLocker Initiated GC) [PSYoungGen: 160676K->47832K(161280K)] 607231K->494550K(685568K), 0.0145025 secs] [Times: user=0.14 sys=0.00, real=0.01 secs] 
2016-09-13T19:38:27.057-0400: 252.757: [GC (GCLocker Initiated GC) [PSYoungGen: 160984K->41598K(187904K)] 607709K->488591K(712192K), 0.0095578 secs] [Times: user=0.09 sys=0.00, real=0.00 secs] 
2016-09-13T19:38:27.271-0400: 252.971: [GC (GCLocker Initiated GC) [PSYoungGen: 157310K->11313K(185344K)] 616550K->470659K(709632K), 0.0065173 secs] [Times: user=0.04 sys=0.00, real=0.01 secs] 
2016-09-13T19:38:27.447-0400: 253.147: [GC (GCLocker Initiated GC) [PSYoungGen: 127025K->27992K(190464K)] 592566K->493727K(714752K), 0.0121239 secs] [Times: user=0.09 sys=0.01, real=0.02 secs] 
2016-09-13T19:38:27.647-0400: 253.347: [GC (GCLocker Initiated GC) [PSYoungGen: 145752K->26442K(144384K)] 617581K->498378K(668672K), 0.0194018 secs] [Times: user=0.20 sys=0.00, real=0.02 secs] 
2016-09-13T19:38:27.850-0400: 253.550: [GC (GCLocker Initiated GC) [PSYoungGen: 144202K->41821K(189440K)] 616348K->515663K(713728K), 0.0142355 secs] [Times: user=0.16 sys=0.01, real=0.01 secs] 
2016-09-13T19:38:28.050-0400: 253.750: [GC (GCLocker Initiated GC) [PSYoungGen: 161117K->9704K(187904K)] 648787K->497583K(712192K), 0.0063787 secs] [Times: user=0.05 sys=0.00, real=0.01 secs] 
2016-09-13T19:38:28.249-0400: 253.949: [GC (GCLocker Initiated GC) [PSYoungGen: 129000K->43333K(192000K)] 617167K->531745K(716288K), 0.0067876 secs] [Times: user=0.05 sys=0.00, real=0.01 secs] 
2016-09-13T19:38:28.451-0400: 254.151: [GC (GCLocker Initiated GC) [PSYoungGen: 164677K->26388K(147968K)] 659261K->521185K(672256K), 0.0198642 secs] [Times: user=0.25 sys=0.00, real=0.02 secs] 
2016-09-13T19:38:28.654-0400: 254.354: [GC (GCLocker Initiated GC) [PSYoungGen: 147732K->32709K(192000K)] 650282K->535547K(716288K), 0.0055217 secs] [Times: user=0.04 sys=0.00, real=0.01 secs] 
2016-09-13T19:38:28.883-0400: 254.583: [GC (GCLocker Initiated GC) [PSYoungGen: 156613K->41601K(189440K)] 659742K->548052K(713728K), 0.0213651 secs] [Times: user=0.20 sys=0.01, real=0.02 secs] 
2016-09-13T19:38:29.070-0400: 254.770: [GC (GCLocker Initiated GC) [PSYoungGen: 165505K->46280K(192512K)] 671983K->553011K(716800K), 0.0160295 secs] [Times: user=0.15 sys=0.00, real=0.01 secs] 
2016-09-13T19:38:29.278-0400: 254.978: [GC (GCLocker Initiated GC) [PSYoungGen: 173768K->41570K(193536K)] 682160K->559370K(717824K), 0.0124509 secs] [Times: user=0.10 sys=0.00, real=0.01 secs] 
2016-09-13T19:38:29.290-0400: 254.990: [Full GC (Ergonomics) [PSYoungGen: 41570K->0K(193536K)] [ParOldGen: 517799K->38771K(524288K)] 559370K->38771K(717824K), [Metaspace: 44689K->44689K(1087488K)], 0.0571733 secs] [Times: user=0.27 sys=0.00, real=0.06 secs] 
2016-09-13T19:38:29.543-0400: 255.243: [GC (GCLocker Initiated GC) [PSYoungGen: 127488K->52637K(192000K)] 180134K->105284K(716288K), 0.0257568 secs] [Times: user=0.27 sys=0.01, real=0.03 secs] 
2016-09-13T19:38:29.719-0400: 255.419: [GC (GCLocker Initiated GC) [PSYoungGen: 179613K->67577K(194560K)] 232300K->146568K(718848K), 0.0103350 secs] [Times: user=0.13 sys=0.00, real=0.01 secs] 
2016-09-13T19:38:29.918-0400: 255.618: [GC (GCLocker Initiated GC) [PSYoungGen: 194553K->63116K(155648K)] 275141K->145318K(679936K), 0.0146452 secs] [Times: user=0.16 sys=0.00, real=0.01 secs] 
2016-09-13T19:38:30.074-0400: 255.774: [GC (GCLocker Initiated GC) [PSYoungGen: 151180K->43334K(175104K)] 233500K->125931K(699392K), 0.0069389 secs] [Times: user=0.07 sys=0.00, real=0.01 secs] 
2016-09-13T19:38:30.231-0400: 255.931: [GC (GCLocker Initiated GC) [PSYoungGen: 131398K->46598K(165376K)] 214257K->134330K(689664K), 0.0101971 secs] [Times: user=0.14 sys=0.00, real=0.01 secs] 
2016-09-13T19:38:30.392-0400: 256.092: [GC (Allocation Failure) [PSYoungGen: 137222K->28216K(171520K)] 231230K->122465K(695808K), 0.0098658 secs] [Times: user=0.14 sys=0.00, real=0.01 secs] 
2016-09-13T19:38:30.524-0400: 256.224: [GC (GCLocker Initiated GC) [PSYoungGen: 118840K->69101K(170496K)] 213103K->163534K(694784K), 0.0095093 secs] [Times: user=0.13 sys=0.00, real=0.01 secs] 
2016-09-13T19:38:30.659-0400: 256.359: [GC (Allocation Failure) [PSYoungGen: 159213K->32677K(176128K)] 259897K->133540K(700416K), 0.0066948 secs] [Times: user=0.08 sys=0.01, real=0.00 secs] 
2016-09-13T19:38:30.821-0400: 256.521: [GC (GCLocker Initiated GC) [PSYoungGen: 122789K->41794K(168448K)] 223652K->152023K(692736K), 0.0104072 secs] [Times: user=0.13 sys=0.00, real=0.01 secs] 
2016-09-13T19:38:30.973-0400: 256.673: [GC (GCLocker Initiated GC) [PSYoungGen: 133442K->10085K(173056K)] 245312K->122220K(697344K), 0.0030004 secs] [Times: user=0.02 sys=0.00, real=0.01 secs] 
2016-09-13T19:38:31.124-0400: 256.824: [GC (GCLocker Initiated GC) [PSYoungGen: 101733K->50811K(179200K)] 220194K->169521K(703488K), 0.0172983 secs] [Times: user=0.20 sys=0.00, real=0.02 secs] 
2016-09-13T19:38:31.294-0400: 256.994: [GC (GCLocker Initiated GC) [PSYoungGen: 146555K->9952K(105984K)] 283598K->147204K(630272K), 0.0058368 secs] [Times: user=0.04 sys=0.00, real=0.01 secs] 
2016-09-13T19:38:31.458-0400: 257.158: [GC (Allocation Failure) [PSYoungGen: 105696K->24796K(179712K)] 249216K->168544K(704000K), 0.0129533 secs] [Times: user=0.10 sys=0.00, real=0.01 secs] 
2016-09-13T19:38:31.616-0400: 257.316: [GC (GCLocker Initiated GC) [PSYoungGen: 120028K->32523K(128000K)] 263779K->176463K(652288K), 0.0063146 secs] [Times: user=0.07 sys=0.00, real=0.00 secs] 
2016-09-13T19:38:31.779-0400: 257.479: [GC (GCLocker Initiated GC) [PSYoungGen: 127755K->14451K(174592K)] 271749K->158624K(698880K), 0.0105669 secs] [Times: user=0.14 sys=0.00, real=0.01 secs] 
2016-09-13T19:38:31.925-0400: 257.625: [GC (GCLocker Initiated GC) [PSYoungGen: 110195K->28366K(174080K)] 260551K->183527K(698368K), 0.0060746 secs] [Times: user=0.09 sys=0.00, real=0.01 secs] 
2016-09-13T19:38:32.088-0400: 257.788: [GC (GCLocker Initiated GC) [PSYoungGen: 124110K->38534K(181248K)] 285466K->200171K(705536K), 0.0093511 secs] [Times: user=0.11 sys=0.00, real=0.01 secs] 
2016-09-13T19:38:32.272-0400: 257.972: [GC (GCLocker Initiated GC) [PSYoungGen: 146054K->46281K(180224K)] 307698K->208056K(704512K), 0.0364348 secs] [Times: user=0.33 sys=0.01, real=0.04 secs] 
2016-09-13T19:38:32.457-0400: 258.157: [GC (GCLocker Initiated GC) [PSYoungGen: 153801K->8057K(186880K)] 327748K->182189K(711168K), 0.0035831 secs] [Times: user=0.02 sys=0.00, real=0.00 secs] 
2016-09-13T19:38:32.661-0400: 258.361: [GC (GCLocker Initiated GC) [PSYoungGen: 121721K->9894K(187904K)] 308192K->199623K(712192K), 0.0037206 secs] [Times: user=0.02 sys=0.00, real=0.00 secs] 
2016-09-13T19:38:32.847-0400: 258.547: [GC (GCLocker Initiated GC) [PSYoungGen: 123558K->43117K(187904K)] 313479K->233294K(712192K), 0.0070536 secs] [Times: user=0.05 sys=0.00, real=0.01 secs] 
2016-09-13T19:38:33.045-0400: 258.745: [GC (GCLocker Initiated GC) [PSYoungGen: 156781K->8152K(187904K)] 353036K->204589K(712192K), 0.0047446 secs] [Times: user=0.03 sys=0.00, real=0.01 secs] 
2016-09-13T19:38:33.230-0400: 258.930: [GC (GCLocker Initiated GC) [PSYoungGen: 121816K->26505K(179712K)] 318334K->223216K(704000K), 0.0055703 secs] [Times: user=0.03 sys=0.00, real=0.01 secs] 
2016-09-13T19:38:33.409-0400: 259.109: [GC (GCLocker Initiated GC) [PSYoungGen: 140169K->44768K(183808K)] 337037K->245020K(708096K), 0.0070804 secs] [Times: user=0.05 sys=0.00, real=0.01 secs] 
2016-09-13T19:38:33.621-0400: 259.321: [GC (GCLocker Initiated GC) [PSYoungGen: 158432K->25019K(186880K)] 366292K->233091K(711168K), 0.0052880 secs] [Times: user=0.05 sys=0.00, real=0.00 secs] 
2016-09-13T19:38:33.818-0400: 259.518: [GC (GCLocker Initiated GC) [PSYoungGen: 144827K->50875K(188416K)] 353080K->259354K(712704K), 0.0073238 secs] [Times: user=0.08 sys=0.00, real=0.00 secs] 
2016-09-13T19:38:34.007-0400: 259.707: [GC (GCLocker Initiated GC) [PSYoungGen: 170683K->32821K(189440K)] 380747K->243111K(713728K), 0.0206302 secs] [Times: user=0.20 sys=0.01, real=0.02 secs] 
2016-09-13T19:38:34.217-0400: 259.917: [GC (GCLocker Initiated GC) [PSYoungGen: 153653K->66030K(186880K)] 365565K->316098K(711168K), 0.0099553 secs] [Times: user=0.09 sys=0.00, real=0.00 secs] 
2016-09-13T19:38:34.414-0400: 260.114: [GC (GCLocker Initiated GC) [PSYoungGen: 186862K->28087K(187392K)] 443125K->321002K(711680K), 0.0137650 secs] [Times: user=0.13 sys=0.00, real=0.02 secs] 
2016-09-13T19:38:34.600-0400: 260.300: [GC (GCLocker Initiated GC) [PSYoungGen: 140215K->8088K(186880K)] 434651K->304366K(711168K), 0.0246460 secs] [Times: user=0.26 sys=0.00, real=0.02 secs] 
2016-09-13T19:38:34.790-0400: 260.490: [GC (Allocation Failure) [PSYoungGen: 120216K->34010K(180736K)] 416510K->330486K(705024K), 0.0129030 secs] [Times: user=0.14 sys=0.00, real=0.01 secs] 
2016-09-13T19:38:34.938-0400: 260.638: [GC (GCLocker Initiated GC) [PSYoungGen: 146138K->43244K(183808K)] 442617K->364162K(708096K), 0.0270452 secs] [Times: user=0.31 sys=0.00, real=0.02 secs] 
2016-09-13T19:38:35.128-0400: 260.828: [GC (GCLocker Initiated GC) [PSYoungGen: 155372K->64665K(175104K)] 477996K->387597K(699392K), 0.0120919 secs] [Times: user=0.11 sys=0.00, real=0.01 secs] 
2016-09-13T19:38:35.325-0400: 261.025: [GC (GCLocker Initiated GC) [PSYoungGen: 168089K->24832K(182784K)] 498720K->355695K(707072K), 0.0275657 secs] [Times: user=0.30 sys=0.00, real=0.03 secs] 
2016-09-13T19:38:35.507-0400: 261.207: [GC (GCLocker Initiated GC) [PSYoungGen: 128256K->46441K(180736K)] 469936K->388378K(705024K), 0.0111923 secs] [Times: user=0.13 sys=0.00, real=0.02 secs] 
2016-09-13T19:38:35.671-0400: 261.371: [GC (GCLocker Initiated GC) [PSYoungGen: 151913K->64545K(170496K)] 494051K->406857K(694784K), 0.0239483 secs] [Times: user=0.25 sys=0.00, real=0.02 secs] 
2016-09-13T19:38:35.854-0400: 261.554: [GC (GCLocker Initiated GC) [PSYoungGen: 170017K->44885K(180736K)] 512339K->387389K(705024K), 0.0324213 secs] [Times: user=0.36 sys=0.00, real=0.03 secs] 
2016-09-13T19:38:36.060-0400: 261.760: [GC (GCLocker Initiated GC) [PSYoungGen: 142165K->29484K(126976K)] 496973K->389155K(651264K), 0.0122099 secs] [Times: user=0.12 sys=0.00, real=0.01 secs] 
2016-09-13T19:38:36.199-0400: 261.899: [GC (GCLocker Initiated GC) [PSYoungGen: 126764K->49192K(176128K)] 486543K->409105K(700416K), 0.0100337 secs] [Times: user=0.10 sys=0.00, real=0.01 secs] 
2016-09-13T19:38:36.342-0400: 262.042: [GC (GCLocker Initiated GC) [PSYoungGen: 146472K->23472K(176128K)] 509630K->386746K(700416K), 0.0097387 secs] [Times: user=0.10 sys=0.00, real=0.01 secs] 
2016-09-13T19:38:36.505-0400: 262.205: [GC (GCLocker Initiated GC) [PSYoungGen: 120752K->28056K(179200K)] 497842K->405380K(703488K), 0.0131359 secs] [Times: user=0.16 sys=0.00, real=0.02 secs] 
2016-09-13T19:38:36.685-0400: 262.385: [GC (Allocation Failure) [PSYoungGen: 133528K->46440K(180736K)] 510907K->424103K(705024K), 0.0087390 secs] [Times: user=0.09 sys=0.00, real=0.01 secs] 
2016-09-13T19:38:36.862-0400: 262.562: [GC (GCLocker Initiated GC) [PSYoungGen: 151240K->60010K(178688K)] 530421K->441022K(702976K), 0.0069497 secs] [Times: user=0.06 sys=0.01, real=0.01 secs] 
2016-09-13T19:38:37.009-0400: 262.709: [GC (GCLocker Initiated GC) [PSYoungGen: 163434K->29634K(182784K)] 544472K->410818K(707072K), 0.0106198 secs] [Times: user=0.11 sys=0.00, real=0.01 secs] 
2016-09-13T19:38:37.183-0400: 262.883: [GC (GCLocker Initiated GC) [PSYoungGen: 133058K->23468K(178688K)] 515996K->409727K(702976K), 0.0127842 secs] [Times: user=0.13 sys=0.00, real=0.02 secs] 
2016-09-13T19:38:37.352-0400: 263.052: [GC (GCLocker Initiated GC) [PSYoungGen: 128940K->23250K(181760K)] 521355K->415792K(706048K), 0.0217143 secs] [Times: user=0.24 sys=0.00, real=0.02 secs] 
2016-09-13T19:38:37.525-0400: 263.225: [GC (GCLocker Initiated GC) [PSYoungGen: 128722K->47836K(185344K)] 521291K->440536K(709632K), 0.0103637 secs] [Times: user=0.10 sys=0.00, real=0.01 secs] 
2016-09-13T19:38:37.687-0400: 263.387: [GC (GCLocker Initiated GC) [PSYoungGen: 158940K->46159K(186368K)] 551660K->445308K(710656K), 0.0142225 secs] [Times: user=0.14 sys=0.00, real=0.02 secs] 
2016-09-13T19:38:37.885-0400: 263.585: [GC (Allocation Failure) [PSYoungGen: 157263K->24895K(184320K)] 562503K->434854K(708608K), 0.0105476 secs] [Times: user=0.08 sys=0.00, real=0.02 secs] 
2016-09-13T19:38:38.087-0400: 263.787: [GC (GCLocker Initiated GC) [PSYoungGen: 134861K->26436K(185856K)] 550895K->442588K(710144K), 0.0154841 secs] [Times: user=0.16 sys=0.00, real=0.02 secs] 
2016-09-13T19:38:38.260-0400: 263.960: [GC (GCLocker Initiated GC) [PSYoungGen: 138564K->46346K(187392K)] 554813K->462793K(711680K), 0.0390785 secs] [Times: user=0.46 sys=0.00, real=0.04 secs] 
2016-09-13T19:38:38.459-0400: 264.159: [GC (GCLocker Initiated GC) [PSYoungGen: 162058K->46223K(187904K)] 580050K->464412K(712192K), 0.0095558 secs] [Times: user=0.07 sys=0.00, real=0.01 secs] 
2016-09-13T19:38:38.652-0400: 264.352: [GC (GCLocker Initiated GC) [PSYoungGen: 161935K->23621K(188928K)] 583331K->451313K(713216K), 0.0140865 secs] [Times: user=0.14 sys=0.00, real=0.01 secs] 
2016-09-13T19:38:38.850-0400: 264.550: [GC (Allocation Failure) [PSYoungGen: 141893K->9671K(189440K)] 581883K->450051K(713728K), 0.0096543 secs] [Times: user=0.10 sys=0.00, real=0.01 secs] 
2016-09-13T19:38:39.074-0400: 264.774: [GC (GCLocker Initiated GC) [PSYoungGen: 127943K->29702K(185856K)] 568325K->470286K(710144K), 0.0058412 secs] [Times: user=0.05 sys=0.00, real=0.01 secs] 
2016-09-13T19:38:39.262-0400: 264.962: [GC (GCLocker Initiated GC) [PSYoungGen: 148486K->50939K(187904K)] 590785K->493526K(712192K), 0.0083697 secs] [Times: user=0.10 sys=0.00, real=0.01 secs] 
2016-09-13T19:38:39.448-0400: 265.148: [GC (GCLocker Initiated GC) [PSYoungGen: 169723K->35810K(188928K)] 618608K->484767K(713216K), 0.0115215 secs] [Times: user=0.11 sys=0.00, real=0.01 secs] 
2016-09-13T19:38:39.650-0400: 265.350: [GC (GCLocker Initiated GC) [PSYoungGen: 156642K->12745K(189440K)] 611699K->468079K(713728K), 0.0272906 secs] [Times: user=0.27 sys=0.00, real=0.03 secs] 
2016-09-13T19:38:39.872-0400: 265.572: [GC (GCLocker Initiated GC) [PSYoungGen: 133577K->12806K(193024K)] 602702K->488303K(717312K), 0.0098307 secs] [Times: user=0.10 sys=0.00, real=0.01 secs] 
2016-09-13T19:38:40.066-0400: 265.766: [GC (Allocation Failure) [PSYoungGen: 136710K->41725K(193024K)] 612390K->525095K(717312K), 0.0098902 secs] [Times: user=0.11 sys=0.00, real=0.02 secs] 
2016-09-13T19:38:40.260-0400: 265.960: [GC (GCLocker Initiated GC) [PSYoungGen: 165629K->44762K(190976K)] 649002K->528337K(715264K), 0.0305593 secs] [Times: user=0.32 sys=0.01, real=0.03 secs] 
2016-09-13T19:38:40.465-0400: 266.165: [GC (GCLocker Initiated GC) [PSYoungGen: 166618K->41789K(192000K)] 651804K->527274K(716288K), 0.0233149 secs] [Times: user=0.27 sys=0.00, real=0.03 secs] 
2016-09-13T19:38:40.665-0400: 266.365: [GC (GCLocker Initiated GC) [PSYoungGen: 163645K->46217K(190464K)] 649236K->532076K(714752K), 0.0242932 secs] [Times: user=0.24 sys=0.00, real=0.03 secs] 
2016-09-13T19:38:40.856-0400: 266.556: [GC (GCLocker Initiated GC) [PSYoungGen: 167049K->34163K(155136K)] 659095K->526410K(679424K), 0.0133122 secs] [Times: user=0.12 sys=0.00, real=0.01 secs] 
2016-09-13T19:38:41.051-0400: 266.751: [GC (Allocation Failure) [PSYoungGen: 154995K->29452K(190976K)] 653470K->537257K(715264K), 0.0196302 secs] [Times: user=0.20 sys=0.00, real=0.02 secs] 
2016-09-13T19:38:41.265-0400: 266.965: [GC (GCLocker Initiated GC) [PSYoungGen: 152409K->43238K(188928K)] 661732K->552669K(713216K), 0.0073515 secs] [Times: user=0.05 sys=0.00, real=0.01 secs] 
2016-09-13T19:38:41.457-0400: 267.157: [GC (GCLocker Initiated GC) [PSYoungGen: 167142K->50934K(190976K)] 676799K->560753K(715264K), 0.0216009 secs] [Times: user=0.27 sys=0.00, real=0.02 secs] 
2016-09-13T19:38:41.665-0400: 267.365: [GC (GCLocker Initiated GC) [PSYoungGen: 176886K->44862K(194048K)] 688470K->556674K(718336K), 0.0086772 secs] [Times: user=0.08 sys=0.00, real=0.01 secs] 
2016-09-13T19:38:41.876-0400: 267.576: [Full GC (Ergonomics) [PSYoungGen: 170814K->0K(194048K)] [ParOldGen: 514857K->39739K(524288K)] 685671K->39739K(718336K), [Metaspace: 44736K->44736K(1087488K)], 0.0723865 secs] [Times: user=0.40 sys=0.02, real=0.07 secs] 
2016-09-13T19:38:42.098-0400: 267.798: [GC (GCLocker Initiated GC) [PSYoungGen: 125952K->63269K(181248K)] 165905K->109298K(705536K), 0.0218959 secs] [Times: user=0.26 sys=0.01, real=0.02 secs] 
2016-09-13T19:38:42.290-0400: 267.990: [GC (GCLocker Initiated GC) [PSYoungGen: 176933K->34173K(187904K)] 223062K->89852K(712192K), 0.0050821 secs] [Times: user=0.06 sys=0.00, real=0.00 secs] 
2016-09-13T19:38:42.478-0400: 268.178: [GC (Allocation Failure) [PSYoungGen: 147837K->64608K(178688K)] 203801K->129918K(702976K), 0.0098125 secs] [Times: user=0.14 sys=0.00, real=0.01 secs] 
2016-09-13T19:38:42.641-0400: 268.341: [GC (GCLocker Initiated GC) [PSYoungGen: 170800K->32809K(184320K)] 237629K->99895K(708608K), 0.0105869 secs] [Times: user=0.16 sys=0.00, real=0.01 secs] 
2016-09-13T19:38:42.815-0400: 268.515: [GC (GCLocker Initiated GC) [PSYoungGen: 139305K->46383K(179200K)] 206617K->114019K(703488K), 0.0099711 secs] [Times: user=0.13 sys=0.01, real=0.01 secs] 
2016-09-13T19:38:42.994-0400: 268.694: [GC (GCLocker Initiated GC) [PSYoungGen: 154927K->28211K(182784K)] 222608K->96063K(707072K), 0.0284912 secs] [Times: user=0.31 sys=0.00, real=0.03 secs] 
2016-09-13T19:38:43.168-0400: 268.868: [GC (GCLocker Initiated GC) [PSYoungGen: 136755K->46312K(184320K)] 204875K->114791K(708608K), 0.0252723 secs] [Times: user=0.28 sys=0.00, real=0.03 secs] 
2016-09-13T19:38:43.354-0400: 269.054: [GC (Allocation Failure) [PSYoungGen: 160488K->46154K(186368K)] 229039K->114866K(710656K), 0.0149894 secs] [Times: user=0.16 sys=0.00, real=0.02 secs] 
2016-09-13T19:38:43.504-0400: 269.204: [GC (GCLocker Initiated GC) [PSYoungGen: 159291K->43371K(184832K)] 231040K->119847K(709120K), 0.0097184 secs] [Times: user=0.08 sys=0.00, real=0.01 secs] 
2016-09-13T19:38:43.711-0400: 269.411: [GC (GCLocker Initiated GC) [PSYoungGen: 162155K->29575K(187904K)] 240178K->107773K(712192K), 0.0439966 secs] [Times: user=0.48 sys=0.02, real=0.04 secs] 
2016-09-13T19:38:43.917-0400: 269.617: [GC (GCLocker Initiated GC) [PSYoungGen: 148359K->32581K(189952K)] 226646K->121777K(714240K), 0.0261092 secs] [Times: user=0.31 sys=0.01, real=0.02 secs] 
2016-09-13T19:38:44.100-0400: 269.800: [GC (GCLocker Initiated GC) [PSYoungGen: 157509K->64656K(189952K)] 246992K->165089K(714240K), 0.0097705 secs] [Times: user=0.08 sys=0.00, real=0.01 secs] 
2016-09-13T19:38:44.299-0400: 269.999: [GC (GCLocker Initiated GC) [PSYoungGen: 189584K->47677K(189952K)] 296179K->159022K(714240K), 0.0266090 secs] [Times: user=0.25 sys=0.00, real=0.02 secs] 
2016-09-13T19:38:44.515-0400: 270.215: [GC (GCLocker Initiated GC) [PSYoungGen: 165437K->38469K(156672K)] 277031K->154754K(680960K), 0.0228474 secs] [Times: user=0.22 sys=0.01, real=0.03 secs] 
2016-09-13T19:38:44.699-0400: 270.399: [GC (GCLocker Initiated GC) [PSYoungGen: 156229K->45092K(189440K)] 274184K->163316K(713728K), 0.0187246 secs] [Times: user=0.20 sys=0.00, real=0.02 secs] 
2016-09-13T19:38:44.908-0400: 270.608: [GC (GCLocker Initiated GC) [PSYoungGen: 164388K->27896K(187904K)] 290399K->154167K(712192K), 0.0137083 secs] [Times: user=0.11 sys=0.00, real=0.01 secs] 
2016-09-13T19:38:45.099-0400: 270.799: [GC (GCLocker Initiated GC) [PSYoungGen: 147192K->64442K(182272K)] 273579K->191050K(706560K), 0.0211736 secs] [Times: user=0.24 sys=0.00, real=0.02 secs] 
2016-09-13T19:38:45.299-0400: 270.999: [GC (GCLocker Initiated GC) [PSYoungGen: 178106K->27902K(187904K)] 312353K->163928K(712192K), 0.0062982 secs] [Times: user=0.04 sys=0.00, real=0.00 secs] 
2016-09-13T19:38:45.476-0400: 271.176: [GC (Allocation Failure) [PSYoungGen: 141566K->47705K(185344K)] 277631K->202075K(709632K), 0.0074657 secs] [Times: user=0.06 sys=0.00, real=0.00 secs] 
2016-09-13T19:38:45.656-0400: 271.356: [GC (GCLocker Initiated GC) [PSYoungGen: 161881K->44757K(186880K)] 316256K->206889K(711168K), 0.0359825 secs] [Times: user=0.39 sys=0.00, real=0.03 secs] 
2016-09-13T19:38:45.861-0400: 271.561: [GC (GCLocker Initiated GC) [PSYoungGen: 158933K->28088K(188928K)] 322636K->191918K(713216K), 0.0226301 secs] [Times: user=0.26 sys=0.00, real=0.02 secs] 
2016-09-13T19:38:46.058-0400: 271.758: [GC (GCLocker Initiated GC) [PSYoungGen: 146872K->60105K(179200K)] 313816K->234860K(703488K), 0.0102074 secs] [Times: user=0.12 sys=0.00, real=0.01 secs] 
2016-09-13T19:38:46.269-0400: 271.969: [GC (GCLocker Initiated GC) [PSYoungGen: 178889K->14350K(183808K)] 366020K->201662K(708096K), 0.0216911 secs] [Times: user=0.24 sys=0.01, real=0.02 secs] 
2016-09-13T19:38:46.462-0400: 272.162: [GC (GCLocker Initiated GC) [PSYoungGen: 123918K->34104K(143872K)] 311311K->223275K(668160K), 0.0077270 secs] [Times: user=0.06 sys=0.00, real=0.01 secs] 
2016-09-13T19:38:46.627-0400: 272.327: [GC (GCLocker Initiated GC) [PSYoungGen: 143672K->46345K(186368K)] 336079K->248040K(710656K), 0.0224365 secs] [Times: user=0.26 sys=0.00, real=0.03 secs] 
2016-09-13T19:38:46.819-0400: 272.519: [GC (GCLocker Initiated GC) [PSYoungGen: 158985K->67549K(180224K)] 360868K->269579K(704512K), 0.0103437 secs] [Times: user=0.12 sys=0.01, real=0.01 secs] 
2016-09-13T19:38:47.044-0400: 272.744: [GC (GCLocker Initiated GC) [PSYoungGen: 180189K->41628K(185856K)] 383949K->245581K(710144K), 0.0214156 secs] [Times: user=0.17 sys=0.00, real=0.02 secs] 
2016-09-13T19:38:47.197-0400: 272.897: [GC (GCLocker Initiated GC) [PSYoungGen: 147612K->41534K(147968K)] 353279K->247583K(672256K), 0.0239113 secs] [Times: user=0.22 sys=0.00, real=0.02 secs] 
2016-09-13T19:38:47.348-0400: 273.048: [GC (GCLocker Initiated GC) [PSYoungGen: 147518K->37104K(181248K)] 356783K->246491K(705536K), 0.0098697 secs] [Times: user=0.07 sys=0.00, real=0.01 secs] 
2016-09-13T19:38:47.496-0400: 273.196: [GC (GCLocker Initiated GC) [PSYoungGen: 145136K->60014K(179200K)] 354549K->272749K(703488K), 0.0201859 secs] [Times: user=0.20 sys=0.00, real=0.02 secs] 
2016-09-13T19:38:47.668-0400: 273.368: [GC (GCLocker Initiated GC) [PSYoungGen: 168046K->46595K(188928K)] 382484K->276486K(713216K), 0.0069471 secs] [Times: user=0.07 sys=0.00, real=0.00 secs] 
2016-09-13T19:38:47.876-0400: 273.576: [GC (GCLocker Initiated GC) [PSYoungGen: 161283K->52395K(187392K)] 391196K->282541K(711680K), 0.0084390 secs] [Times: user=0.11 sys=0.00, real=0.00 secs] 
2016-09-13T19:38:48.050-0400: 273.750: [GC (GCLocker Initiated GC) [PSYoungGen: 167083K->43143K(185344K)] 397309K->274961K(709632K), 0.0241024 secs] [Times: user=0.22 sys=0.00, real=0.02 secs] 
2016-09-13T19:38:48.247-0400: 273.947: [GC (GCLocker Initiated GC) [PSYoungGen: 159367K->28183K(186880K)] 397497K->266585K(711168K), 0.0098856 secs] [Times: user=0.10 sys=0.00, real=0.02 secs] 
2016-09-13T19:38:48.449-0400: 274.149: [GC (Allocation Failure) [PSYoungGen: 144407K->9954K(185344K)] 395123K->261016K(709632K), 0.0113347 secs] [Times: user=0.16 sys=0.00, real=0.01 secs] 
2016-09-13T19:38:48.644-0400: 274.343: [GC (GCLocker Initiated GC) [PSYoungGen: 122528K->9922K(124928K)] 379666K->267269K(649216K), 0.0064259 secs] [Times: user=0.07 sys=0.00, real=0.01 secs] 
2016-09-13T19:38:48.826-0400: 274.526: [GC (GCLocker Initiated GC) [PSYoungGen: 124610K->30907K(189440K)] 381979K->288454K(713728K), 0.0280562 secs] [Times: user=0.24 sys=0.00, real=0.03 secs] 
2016-09-13T19:38:49.019-0400: 274.719: [GC (GCLocker Initiated GC) [PSYoungGen: 145083K->29511K(143872K)] 402997K->293694K(668160K), 0.0134111 secs] [Times: user=0.14 sys=0.01, real=0.01 secs] 
2016-09-13T19:38:49.215-0400: 274.915: [GC (GCLocker Initiated GC) [PSYoungGen: 143687K->46408K(183808K)] 407998K->311110K(708096K), 0.0076301 secs] [Times: user=0.09 sys=0.00, real=0.01 secs] 
2016-09-13T19:38:49.408-0400: 275.108: [GC (GCLocker Initiated GC) [PSYoungGen: 160072K->19077K(184320K)] 432549K->291803K(708608K), 0.0107825 secs] [Times: user=0.13 sys=0.00, real=0.01 secs] 
2016-09-13T19:38:49.580-0400: 275.280: [GC (GCLocker Initiated GC) [PSYoungGen: 132741K->23473K(188416K)] 407164K->298066K(712704K), 0.0052094 secs] [Times: user=0.03 sys=0.00, real=0.00 secs] 
2016-09-13T19:38:49.798-0400: 275.498: [GC (GCLocker Initiated GC) [PSYoungGen: 144817K->9709K(189952K)] 425663K->290748K(714240K), 0.0065858 secs] [Times: user=0.05 sys=0.01, real=0.00 secs] 
2016-09-13T19:38:49.980-0400: 275.680: [GC (GCLocker Initiated GC) [PSYoungGen: 131053K->24859K(188416K)] 412120K->306116K(712704K), 0.0169573 secs] [Times: user=0.17 sys=0.00, real=0.02 secs] 
2016-09-13T19:38:50.203-0400: 275.903: [GC (GCLocker Initiated GC) [PSYoungGen: 148763K->31035K(190464K)] 436117K->323155K(714752K), 0.0134412 secs] [Times: user=0.14 sys=0.00, real=0.02 secs] 
2016-09-13T19:38:50.409-0400: 276.109: [GC (GCLocker Initiated GC) [PSYoungGen: 154939K->44545K(193024K)] 447104K->344526K(717312K), 0.0102833 secs] [Times: user=0.08 sys=0.00, real=0.01 secs] 
2016-09-13T19:38:50.619-0400: 276.319: [GC (GCLocker Initiated GC) [PSYoungGen: 174081K->47764K(194560K)] 474082K->347887K(718848K), 0.0339723 secs] [Times: user=0.37 sys=0.00, real=0.03 secs] 
2016-09-13T19:38:50.855-0400: 276.555: [GC (GCLocker Initiated GC) [PSYoungGen: 177300K->24796K(195584K)] 491291K->340369K(719872K), 0.0100357 secs] [Times: user=0.09 sys=0.00, real=0.01 secs] 
2016-09-13T19:38:51.071-0400: 276.771: [GC (GCLocker Initiated GC) [PSYoungGen: 153308K->46096K(194560K)] 475173K->368083K(718848K), 0.0089578 secs] [Times: user=0.07 sys=0.00, real=0.01 secs] 
2016-09-13T19:38:51.252-0400: 276.952: [GC (GCLocker Initiated GC) [PSYoungGen: 174608K->49260K(190464K)] 496621K->371412K(714752K), 0.0084421 secs] [Times: user=0.08 sys=0.00, real=0.01 secs] 
2016-09-13T19:38:51.458-0400: 277.158: [GC (GCLocker Initiated GC) [PSYoungGen: 172140K->46378K(169472K)] 495989K->381124K(693760K), 0.0102323 secs] [Times: user=0.12 sys=0.00, real=0.01 secs] 
2016-09-13T19:38:51.668-0400: 277.368: [GC (GCLocker Initiated GC) [PSYoungGen: 169258K->28083K(193536K)] 510108K->369079K(717824K), 0.0284168 secs] [Times: user=0.27 sys=0.01, real=0.03 secs] 
2016-09-13T19:38:51.897-0400: 277.597: [GC (GCLocker Initiated GC) [PSYoungGen: 151475K->64447K(187904K)] 492675K->410553K(712192K), 0.0106566 secs] [Times: user=0.08 sys=0.01, real=0.01 secs] 
2016-09-13T19:38:52.078-0400: 277.778: [GC (GCLocker Initiated GC) [PSYoungGen: 187839K->59918K(176640K)] 534229K->406596K(700928K), 0.0176874 secs] [Times: user=0.17 sys=0.00, real=0.02 secs] 
2016-09-13T19:38:52.247-0400: 277.947: [GC (GCLocker Initiated GC) [PSYoungGen: 162318K->29667K(182272K)] 515200K->382872K(706560K), 0.0127088 secs] [Times: user=0.14 sys=0.00, real=0.02 secs] 
2016-09-13T19:38:52.408-0400: 278.108: [GC (GCLocker Initiated GC) [PSYoungGen: 132067K->28002K(177152K)] 486794K->390403K(701440K), 0.0257651 secs] [Times: user=0.27 sys=0.00, real=0.02 secs] 
2016-09-13T19:38:52.602-0400: 278.302: [GC (GCLocker Initiated GC) [PSYoungGen: 132450K->46350K(180736K)] 496649K->410845K(705024K), 0.0102072 secs] [Times: user=0.11 sys=0.00, real=0.01 secs] 
2016-09-13T19:38:52.753-0400: 278.453: [GC (GCLocker Initiated GC) [PSYoungGen: 150798K->73587K(168448K)] 515321K->444465K(692736K), 0.0101863 secs] [Times: user=0.09 sys=0.00, real=0.01 secs] 
2016-09-13T19:38:52.904-0400: 278.604: [GC (GCLocker Initiated GC) [PSYoungGen: 166771K->23473K(177664K)] 550048K->463186K(701952K), 0.0204202 secs] [Times: user=0.22 sys=0.00, real=0.02 secs] 
2016-09-13T19:38:53.070-0400: 278.770: [GC (GCLocker Initiated GC) [PSYoungGen: 116657K->46313K(172544K)] 557917K->487825K(696832K), 0.0122489 secs] [Times: user=0.13 sys=0.00, real=0.01 secs] 
2016-09-13T19:38:53.234-0400: 278.934: [GC (GCLocker Initiated GC) [PSYoungGen: 140521K->24928K(175616K)] 582035K->474476K(699904K), 0.0108815 secs] [Times: user=0.09 sys=0.00, real=0.01 secs] 
2016-09-13T19:38:53.412-0400: 279.112: [GC (GCLocker Initiated GC) [PSYoungGen: 119136K->19012K(178688K)] 576328K->476414K(702976K), 0.0051001 secs] [Times: user=0.05 sys=0.00, real=0.01 secs] 
2016-09-13T19:38:53.559-0400: 279.259: [GC (GCLocker Initiated GC) [PSYoungGen: 119364K->44635K(180224K)] 576825K->509931K(704512K), 0.0125700 secs] [Times: user=0.10 sys=0.00, real=0.01 secs] 
2016-09-13T19:38:53.713-0400: 279.413: [GC (GCLocker Initiated GC) [PSYoungGen: 144987K->66030K(171008K)] 611858K->537612K(695296K), 0.0280872 secs] [Times: user=0.31 sys=0.00, real=0.03 secs] 
2016-09-13T19:38:53.868-0400: 279.568: [GC (GCLocker Initiated GC) [PSYoungGen: 159214K->43180K(177664K)] 630908K->522618K(701952K), 0.0103219 secs] [Times: user=0.10 sys=0.00, real=0.01 secs] 
2016-09-13T19:38:54.055-0400: 279.755: [GC (GCLocker Initiated GC) [PSYoungGen: 136364K->21949K(173568K)] 628290K->518642K(697856K), 0.0103573 secs] [Times: user=0.08 sys=0.00, real=0.01 secs] 
2016-09-13T19:38:54.207-0400: 279.907: [GC (GCLocker Initiated GC) [PSYoungGen: 118717K->14572K(177152K)] 621491K->517465K(701440K), 0.0189150 secs] [Times: user=0.20 sys=0.00, real=0.02 secs] 
2016-09-13T19:38:54.357-0400: 280.057: [GC (Allocation Failure) [PSYoungGen: 111340K->46350K(179712K)] 614588K->549885K(704000K), 0.0100114 secs] [Times: user=0.10 sys=0.00, real=0.00 secs] 
2016-09-13T19:38:54.501-0400: 280.201: [Full GC (Ergonomics) [PSYoungGen: 147726K->0K(179712K)] [ParOldGen: 505057K->49279K(524288K)] 652783K->49279K(704000K), [Metaspace: 44736K->44736K(1087488K)], 0.0663272 secs] [Times: user=0.35 sys=0.01, real=0.06 secs] 
2016-09-13T19:38:54.701-0400: 280.401: [GC (GCLocker Initiated GC) [PSYoungGen: 101376K->54034K(180736K)] 150683K->103342K(705024K), 0.0095958 secs] [Times: user=0.11 sys=0.01, real=0.01 secs] 
2016-09-13T19:38:54.846-0400: 280.546: [GC (GCLocker Initiated GC) [PSYoungGen: 155410K->47901K(181760K)] 204899K->109970K(706048K), 0.0162226 secs] [Times: user=0.20 sys=0.00, real=0.02 secs] 
2016-09-13T19:38:55.030-0400: 280.730: [GC (GCLocker Initiated GC) [PSYoungGen: 148253K->41817K(142336K)] 212041K->105708K(666624K), 0.0063221 secs] [Times: user=0.06 sys=0.00, real=0.01 secs] 
2016-09-13T19:38:55.189-0400: 280.889: [GC (GCLocker Initiated GC) [PSYoungGen: 142169K->49483K(177152K)] 207785K->115352K(701440K), 0.0074497 secs] [Times: user=0.08 sys=0.00, real=0.01 secs] 
2016-09-13T19:38:55.318-0400: 281.018: [GC (GCLocker Initiated GC) [PSYoungGen: 149835K->53944K(177152K)] 215749K->120025K(701440K), 0.0074282 secs] [Times: user=0.06 sys=0.00, real=0.00 secs] 
2016-09-13T19:38:55.500-0400: 281.200: [GC (GCLocker Initiated GC) [PSYoungGen: 154296K->40088K(180224K)] 220556K->109586K(704512K), 0.0215706 secs] [Times: user=0.23 sys=0.00, real=0.02 secs] 
2016-09-13T19:38:55.682-0400: 281.382: [GC (GCLocker Initiated GC) [PSYoungGen: 147608K->41862K(182272K)] 218961K->113366K(706560K), 0.0097068 secs] [Times: user=0.11 sys=0.00, real=0.01 secs] 
2016-09-13T19:38:55.851-0400: 281.551: [GC (GCLocker Initiated GC) [PSYoungGen: 149382K->28179K(186880K)] 226975K->105903K(711168K), 0.0151952 secs] [Times: user=0.16 sys=0.01, real=0.01 secs] 
2016-09-13T19:38:56.065-0400: 281.765: [GC (GCLocker Initiated GC) [PSYoungGen: 143379K->9799K(186368K)] 234861K->101498K(710656K), 0.0135110 secs] [Times: user=0.15 sys=0.00, real=0.02 secs] 
2016-09-13T19:38:56.251-0400: 281.951: [GC (GCLocker Initiated GC) [PSYoungGen: 124999K->41629K(188928K)] 216902K->138332K(713216K), 0.0066197 secs] [Times: user=0.04 sys=0.00, real=0.01 secs] 
2016-09-13T19:38:56.456-0400: 282.156: [GC (Allocation Failure) [PSYoungGen: 159389K->14356K(188928K)] 268431K->123600K(713216K), 0.0209270 secs] [Times: user=0.21 sys=0.00, real=0.02 secs] 
2016-09-13T19:38:56.477-0400: 282.177: [GC (GCLocker Initiated GC) [PSYoungGen: 14361K->0K(184832K)] 123605K->123363K(709120K), 0.0081297 secs] [Times: user=0.08 sys=0.00, real=0.00 secs] 
2016-09-13T19:38:56.663-0400: 282.363: [GC (GCLocker Initiated GC) [PSYoungGen: 112640K->72509K(185344K)] 236019K->208038K(709632K), 0.0149533 secs] [Times: user=0.20 sys=0.00, real=0.02 secs] 
2016-09-13T19:38:56.840-0400: 282.540: [GC (GCLocker Initiated GC) [PSYoungGen: 185149K->44731K(172032K)] 320913K->208307K(696320K), 0.0102099 secs] [Times: user=0.10 sys=0.00, real=0.01 secs] 
2016-09-13T19:38:56.988-0400: 282.688: [GC (Allocation Failure) [PSYoungGen: 139963K->32650K(178688K)] 303805K->196728K(702976K), 0.0109337 secs] [Times: user=0.15 sys=0.00, real=0.01 secs] 
2016-09-13T19:38:57.131-0400: 282.831: [GC (GCLocker Initiated GC) [PSYoungGen: 127882K->34035K(167424K)] 291963K->198278K(691712K), 0.0098953 secs] [Times: user=0.05 sys=0.00, real=0.01 secs] 
2016-09-13T19:38:57.299-0400: 282.999: [GC (GCLocker Initiated GC) [PSYoungGen: 132851K->32903K(174592K)] 304870K->205254K(698880K), 0.0143184 secs] [Times: user=0.17 sys=0.00, real=0.01 secs] 
2016-09-13T19:38:57.460-0400: 283.160: [GC (GCLocker Initiated GC) [PSYoungGen: 131719K->72138K(169984K)] 304151K->250820K(694272K), 0.0136214 secs] [Times: user=0.12 sys=0.01, real=0.01 secs] 
2016-09-13T19:38:57.639-0400: 283.339: [GC (Allocation Failure) [PSYoungGen: 169418K->23500K(179712K)] 348322K->235987K(704000K), 0.0159258 secs] [Times: user=0.18 sys=0.00, real=0.01 secs] 
2016-09-13T19:38:57.803-0400: 283.503: [GC (GCLocker Initiated GC) [PSYoungGen: 118206K->27993K(173056K)] 336768K->246824K(697344K), 0.0067494 secs] [Times: user=0.07 sys=0.00, real=0.01 secs] 
2016-09-13T19:38:57.948-0400: 283.648: [GC (GCLocker Initiated GC) [PSYoungGen: 126809K->43335K(177152K)] 345671K->262328K(701440K), 0.0106886 secs] [Times: user=0.09 sys=0.00, real=0.01 secs] 
2016-09-13T19:38:58.113-0400: 283.813: [GC (GCLocker Initiated GC) [PSYoungGen: 142151K->26415K(178688K)] 373346K->282048K(702976K), 0.0146075 secs] [Times: user=0.14 sys=0.00, real=0.02 secs] 
2016-09-13T19:38:58.304-0400: 284.004: [GC (GCLocker Initiated GC) [PSYoungGen: 133935K->37234K(182272K)] 391122K->302272K(706560K), 0.0105339 secs] [Times: user=0.15 sys=0.00, real=0.01 secs] 
2016-09-13T19:38:58.467-0400: 284.167: [GC (GCLocker Initiated GC) [PSYoungGen: 144754K->46408K(187392K)] 410024K->319493K(711680K), 0.0106139 secs] [Times: user=0.12 sys=0.00, real=0.02 secs] 
2016-09-13T19:38:58.663-0400: 284.363: [GC (GCLocker Initiated GC) [PSYoungGen: 162632K->26505K(187392K)] 442086K->306231K(711680K), 0.0063180 secs] [Times: user=0.04 sys=0.00, real=0.01 secs] 
2016-09-13T19:38:58.854-0400: 284.554: [GC (Allocation Failure) [PSYoungGen: 142729K->28275K(189440K)] 428690K->314464K(713728K), 0.0064802 secs] [Times: user=0.07 sys=0.00, real=0.01 secs] 
2016-09-13T19:38:59.059-0400: 284.759: [GC (GCLocker Initiated GC) [PSYoungGen: 149619K->47741K(189440K)] 435810K->338663K(713728K), 0.0293005 secs] [Times: user=0.32 sys=0.00, real=0.03 secs] 
2016-09-13T19:38:59.261-0400: 284.961: [GC (GCLocker Initiated GC) [PSYoungGen: 169085K->46063K(193024K)] 460028K->337132K(717312K), 0.0179803 secs] [Times: user=0.18 sys=0.00, real=0.02 secs] 
2016-09-13T19:38:59.447-0400: 285.147: [GC (GCLocker Initiated GC) [PSYoungGen: 169967K->46217K(193024K)] 461058K->342125K(717312K), 0.0109851 secs] [Times: user=0.09 sys=0.01, real=0.02 secs] 
2016-09-13T19:38:59.655-0400: 285.355: [GC (GCLocker Initiated GC) [PSYoungGen: 170121K->25087K(192000K)] 473706K->342591K(716288K), 0.0384701 secs] [Times: user=0.45 sys=0.00, real=0.04 secs] 
2016-09-13T19:38:59.887-0400: 285.587: [GC (Allocation Failure) [PSYoungGen: 148991K->27897K(192512K)] 472715K->351838K(716800K), 0.0095308 secs] [Times: user=0.09 sys=0.01, real=0.02 secs] 
2016-09-13T19:39:00.079-0400: 285.779: [GC (GCLocker Initiated GC) [PSYoungGen: 151801K->46191K(192000K)] 475745K->370265K(716288K), 0.0122414 secs] [Times: user=0.12 sys=0.00, real=0.01 secs] 
2016-09-13T19:39:00.307-0400: 286.007: [GC (GCLocker Initiated GC) [PSYoungGen: 171119K->46313K(192512K)] 501290K->376768K(716800K), 0.0144909 secs] [Times: user=0.16 sys=0.00, real=0.02 secs] 
2016-09-13T19:39:00.512-0400: 286.212: [GC (GCLocker Initiated GC) [PSYoungGen: 171241K->28056K(192000K)] 507975K->366486K(716288K), 0.0324607 secs] [Times: user=0.38 sys=0.00, real=0.03 secs] 
2016-09-13T19:39:00.700-0400: 286.400: [GC (GCLocker Initiated GC) [PSYoungGen: 154520K->63053K(189952K)] 494651K->427776K(714240K), 0.0132699 secs] [Times: user=0.15 sys=0.00, real=0.01 secs] 
2016-09-13T19:39:00.898-0400: 286.598: [GC (GCLocker Initiated GC) [PSYoungGen: 189517K->46440K(188928K)] 560354K->440280K(713216K), 0.0107331 secs] [Times: user=0.12 sys=0.00, real=0.01 secs] 
2016-09-13T19:39:01.098-0400: 286.798: [GC (GCLocker Initiated GC) [PSYoungGen: 163176K->46128K(163328K)] 558593K->447876K(687616K), 0.0215910 secs] [Times: user=0.19 sys=0.00, real=0.02 secs] 
2016-09-13T19:39:01.302-0400: 287.002: [GC (GCLocker Initiated GC) [PSYoungGen: 162864K->25008K(189440K)] 566309K->430036K(713728K), 0.0076105 secs] [Times: user=0.04 sys=0.00, real=0.01 secs] 
2016-09-13T19:39:01.498-0400: 287.198: [GC (GCLocker Initiated GC) [PSYoungGen: 142768K->50715K(188928K)] 549377K->457550K(713216K), 0.0170245 secs] [Times: user=0.19 sys=0.00, real=0.01 secs] 
2016-09-13T19:39:01.687-0400: 287.387: [GC (GCLocker Initiated GC) [PSYoungGen: 168475K->23712K(190464K)] 584447K->439839K(714752K), 0.0100920 secs] [Times: user=0.13 sys=0.00, real=0.02 secs] 
2016-09-13T19:39:01.891-0400: 287.591: [GC (GCLocker Initiated GC) [PSYoungGen: 141984K->43245K(161792K)] 564536K->466123K(686080K), 0.0195286 secs] [Times: user=0.17 sys=0.00, real=0.02 secs] 
2016-09-13T19:39:02.098-0400: 287.798: [GC (GCLocker Initiated GC) [PSYoungGen: 161517K->29734K(189952K)] 592175K->460531K(714240K), 0.0268497 secs] [Times: user=0.28 sys=0.00, real=0.02 secs] 
2016-09-13T19:39:02.312-0400: 288.012: [GC (GCLocker Initiated GC) [PSYoungGen: 149542K->15779K(188416K)] 592517K->458955K(712704K), 0.0217319 secs] [Times: user=0.21 sys=0.01, real=0.02 secs] 
2016-09-13T19:39:02.499-0400: 288.199: [GC (GCLocker Initiated GC) [PSYoungGen: 135587K->61314K(180224K)] 578860K->510750K(704512K), 0.0258343 secs] [Times: user=0.34 sys=0.00, real=0.02 secs] 
2016-09-13T19:39:02.703-0400: 288.403: [GC (GCLocker Initiated GC) [PSYoungGen: 171906K->23533K(186368K)] 635150K->486994K(710656K), 0.0100923 secs] [Times: user=0.11 sys=0.01, real=0.01 secs] 
2016-09-13T19:39:02.898-0400: 288.598: [GC (GCLocker Initiated GC) [PSYoungGen: 134125K->29634K(180224K)] 609752K->505473K(704512K), 0.0142701 secs] [Times: user=0.14 sys=0.00, real=0.01 secs] 
2016-09-13T19:39:03.078-0400: 288.778: [GC (Allocation Failure) [PSYoungGen: 141250K->50838K(183808K)] 617111K->526968K(708096K), 0.0171003 secs] [Times: user=0.20 sys=0.00, real=0.01 secs] 
2016-09-13T19:39:03.261-0400: 288.961: [GC (GCLocker Initiated GC) [PSYoungGen: 161836K->43121K(188416K)] 639484K->523969K(712704K), 0.0094490 secs] [Times: user=0.08 sys=0.00, real=0.01 secs] 
2016-09-13T19:39:03.450-0400: 289.150: [GC (Allocation Failure) [PSYoungGen: 159345K->46281K(188416K)] 640316K->527399K(712704K), 0.0097924 secs] [Times: user=0.08 sys=0.00, real=0.01 secs] 
2016-09-13T19:39:03.644-0400: 289.344: [GC (GCLocker Initiated GC) [PSYoungGen: 157830K->9799K(186368K)] 645022K->507900K(710656K), 0.0267767 secs] [Times: user=0.27 sys=0.00, real=0.03 secs] 
2016-09-13T19:39:03.844-0400: 289.544: [GC (GCLocker Initiated GC) [PSYoungGen: 124487K->32395K(147456K)] 628677K->536861K(671744K), 0.0368276 secs] [Times: user=0.42 sys=0.00, real=0.04 secs] 
2016-09-13T19:39:04.054-0400: 289.754: [GC (GCLocker Initiated GC) [PSYoungGen: 147083K->43030K(188416K)] 653331K->550936K(712704K), 0.0103752 secs] [Times: user=0.09 sys=0.00, real=0.01 secs] 
2016-09-13T19:39:04.239-0400: 289.939: [Full GC (Ergonomics) [PSYoungGen: 160790K->0K(188416K)] [ParOldGen: 509590K->40539K(524288K)] 670381K->40539K(712704K), [Metaspace: 44747K->44747K(1087488K)], 0.0565618 secs] [Times: user=0.32 sys=0.00, real=0.06 secs] 
2016-09-13T19:39:04.455-0400: 290.155: [GC (GCLocker Initiated GC) [PSYoungGen: 117760K->64751K(182784K)] 161370K->138737K(707072K), 0.0214318 secs] [Times: user=0.24 sys=0.00, real=0.03 secs] 
2016-09-13T19:39:04.660-0400: 290.360: [GC (Allocation Failure) [PSYoungGen: 182509K->41820K(187904K)] 256758K->148404K(712192K), 0.0169342 secs] [Times: user=0.20 sys=0.00, real=0.02 secs] 
2016-09-13T19:39:04.841-0400: 290.541: [GC (Allocation Failure) [PSYoungGen: 152924K->64513K(176128K)] 259508K->171405K(700416K), 0.0141121 secs] [Times: user=0.16 sys=0.00, real=0.01 secs] 
2016-09-13T19:39:05.004-0400: 290.704: [GC (GCLocker Initiated GC) [PSYoungGen: 175617K->49415K(183296K)] 282515K->156393K(707584K), 0.0151800 secs] [Times: user=0.15 sys=0.00, real=0.02 secs] 
2016-09-13T19:39:05.186-0400: 290.886: [GC (GCLocker Initiated GC) [PSYoungGen: 152839K->43333K(146944K)] 259954K->150662K(671232K), 0.0214491 secs] [Times: user=0.21 sys=0.00, real=0.02 secs] 
2016-09-13T19:39:05.416-0400: 291.116: [GC (GCLocker Initiated GC) [PSYoungGen: 146757K->5307K(175616K)] 266288K->143378K(699904K), 0.0096549 secs] [Times: user=0.07 sys=0.00, real=0.00 secs] 
2016-09-13T19:39:05.544-0400: 291.244: [GC (GCLocker Initiated GC) [PSYoungGen: 105659K->46345K(178688K)] 250104K->191098K(702976K), 0.0125510 secs] [Times: user=0.14 sys=0.01, real=0.02 secs] 
2016-09-13T19:39:05.694-0400: 291.394: [GC (GCLocker Initiated GC) [PSYoungGen: 146697K->56950K(179712K)] 291593K->220362K(704000K), 0.0093997 secs] [Times: user=0.09 sys=0.00, real=0.01 secs] 
2016-09-13T19:39:05.851-0400: 291.551: [GC (GCLocker Initiated GC) [PSYoungGen: 159350K->14691K(117248K)] 335138K->199865K(641536K), 0.0121311 secs] [Times: user=0.15 sys=0.00, real=0.01 secs] 
2016-09-13T19:39:06.013-0400: 291.713: [GC (GCLocker Initiated GC) [PSYoungGen: 117091K->43247K(183808K)] 302433K->228820K(708096K), 0.0178755 secs] [Times: user=0.15 sys=0.00, real=0.02 secs] 
2016-09-13T19:39:06.170-0400: 291.870: [GC (GCLocker Initiated GC) [PSYoungGen: 146159K->32613K(135680K)] 331868K->218701K(659968K), 0.0112145 secs] [Times: user=0.14 sys=0.00, real=0.01 secs] 
2016-09-13T19:39:06.315-0400: 292.015: [GC (GCLocker Initiated GC) [PSYoungGen: 135525K->44672K(179200K)] 321639K->231022K(703488K), 0.0064613 secs] [Times: user=0.04 sys=0.00, real=0.01 secs] 
2016-09-13T19:39:06.505-0400: 292.205: [GC (GCLocker Initiated GC) [PSYoungGen: 148608K->26351K(178176K)] 341158K->223691K(702464K), 0.0316714 secs] [Times: user=0.32 sys=0.00, real=0.04 secs] 
2016-09-13T19:39:06.707-0400: 292.407: [GC (GCLocker Initiated GC) [PSYoungGen: 130287K->27993K(186368K)] 335307K->233232K(710656K), 0.0051113 secs] [Times: user=0.05 sys=0.00, real=0.01 secs] 
2016-09-13T19:39:06.873-0400: 292.573: [GC (GCLocker Initiated GC) [PSYoungGen: 142169K->49606K(185344K)] 347547K->255172K(709632K), 0.0238498 secs] [Times: user=0.27 sys=0.00, real=0.03 secs] 
2016-09-13T19:39:07.086-0400: 292.786: [GC (Allocation Failure) [PSYoungGen: 163782K->15912K(188928K)] 375432K->227883K(713216K), 0.0101760 secs] [Times: user=0.13 sys=0.00, real=0.02 secs] 
2016-09-13T19:39:07.275-0400: 292.975: [GC (GCLocker Initiated GC) [PSYoungGen: 131917K->43340K(160256K)] 345406K->263059K(684544K), 0.0105664 secs] [Times: user=0.11 sys=0.00, real=0.01 secs] 
2016-09-13T19:39:07.490-0400: 293.190: [GC (GCLocker Initiated GC) [PSYoungGen: 160076K->27934K(190976K)] 381958K->254528K(715264K), 0.0066876 secs] [Times: user=0.07 sys=0.01, real=0.01 secs] 
2016-09-13T19:39:07.665-0400: 293.365: [GC (GCLocker Initiated GC) [PSYoungGen: 147230K->46627K(188928K)] 381649K->281150K(713216K), 0.0121023 secs] [Times: user=0.16 sys=0.00, real=0.02 secs] 
2016-09-13T19:39:07.869-0400: 293.569: [GC (GCLocker Initiated GC) [PSYoungGen: 165923K->60020K(181248K)] 402157K->319432K(705536K), 0.0107083 secs] [Times: user=0.12 sys=0.00, real=0.01 secs] 
2016-09-13T19:39:08.050-0400: 293.750: [GC (GCLocker Initiated GC) [PSYoungGen: 170612K->9927K(120832K)] 442463K->281948K(645120K), 0.0129221 secs] [Times: user=0.16 sys=0.00, real=0.01 secs] 
2016-09-13T19:39:08.231-0400: 293.931: [GC (GCLocker Initiated GC) [PSYoungGen: 120519K->50902K(182272K)] 392660K->323285K(706560K), 0.0099406 secs] [Times: user=0.11 sys=0.01, real=0.01 secs] 
2016-09-13T19:39:08.422-0400: 294.122: [GC (GCLocker Initiated GC) [PSYoungGen: 156374K->23441K(183808K)] 437997K->305120K(708096K), 0.0064788 secs] [Times: user=0.07 sys=0.00, real=0.01 secs] 
2016-09-13T19:39:08.599-0400: 294.299: [GC (Allocation Failure) [PSYoungGen: 128913K->27992K(178688K)] 412286K->311496K(702976K), 0.0067673 secs] [Times: user=0.04 sys=0.00, real=0.00 secs] 
2016-09-13T19:39:08.751-0400: 294.451: [GC (Allocation Failure) [PSYoungGen: 134097K->27961K(181248K)] 417601K->311607K(705536K), 0.0070550 secs] [Times: user=0.08 sys=0.00, real=0.01 secs] 
2016-09-13T19:39:08.911-0400: 294.611: [GC (GCLocker Initiated GC) [PSYoungGen: 134969K->47868K(186880K)] 418618K->331766K(711168K), 0.0097548 secs] [Times: user=0.07 sys=0.00, real=0.01 secs] 
2016-09-13T19:39:09.130-0400: 294.830: [GC (GCLocker Initiated GC) [PSYoungGen: 163068K->21757K(187904K)] 448510K->307412K(712192K), 0.0142398 secs] [Times: user=0.11 sys=0.00, real=0.01 secs] 
2016-09-13T19:39:09.304-0400: 295.004: [GC (GCLocker Initiated GC) [PSYoungGen: 136957K->64570K(176128K)] 424307K->353766K(700416K), 0.0080001 secs] [Times: user=0.09 sys=0.00, real=0.01 secs] 
2016-09-13T19:39:09.465-0400: 295.165: [GC (Allocation Failure) [PSYoungGen: 169018K->41889K(183296K)] 461424K->334478K(707584K), 0.0068946 secs] [Times: user=0.08 sys=0.00, real=0.01 secs] 
2016-09-13T19:39:09.646-0400: 295.346: [GC (GCLocker Initiated GC) [PSYoungGen: 140884K->46351K(179712K)] 439548K->345232K(704000K), 0.0076859 secs] [Times: user=0.10 sys=0.00, real=0.01 secs] 
2016-09-13T19:39:09.811-0400: 295.511: [GC (GCLocker Initiated GC) [PSYoungGen: 153359K->51034K(182784K)] 452460K->350294K(707072K), 0.0065418 secs] [Times: user=0.09 sys=0.00, real=0.01 secs] 
2016-09-13T19:39:10.012-0400: 295.712: [GC (GCLocker Initiated GC) [PSYoungGen: 158042K->29511K(183296K)] 463400K->335137K(707584K), 0.0182277 secs] [Times: user=0.23 sys=0.00, real=0.02 secs] 
2016-09-13T19:39:10.180-0400: 295.880: [GC (GCLocker Initiated GC) [PSYoungGen: 139079K->43217K(184320K)] 444877K->355257K(708608K), 0.0097782 secs] [Times: user=0.10 sys=0.00, real=0.01 secs] 
2016-09-13T19:39:10.341-0400: 296.041: [GC (GCLocker Initiated GC) [PSYoungGen: 152785K->32738K(184320K)] 472658K->352824K(708608K), 0.0055897 secs] [Times: user=0.04 sys=0.00, real=0.00 secs] 
2016-09-13T19:39:39.503-0400: 325.203: [GC (Allocation Failure) [PSYoungGen: 147426K->5222K(185344K)] 467518K->330210K(709632K), 0.0248995 secs] [Times: user=0.30 sys=0.00, real=0.02 secs] 
