Java HotSpot(TM) 64-Bit Server VM (25.101-b13) for linux-amd64 JRE (1.8.0_101-b13), built on Jun 22 2016 02:59:44 by "java_re" with gcc 4.3.0 20080428 (Red Hat 4.3.0-8)
Memory: 4k page, physical 264122320k(254684820k free), swap 268399612k(268399612k free)
CommandLine flags: -XX:GCLogFileSize=1048576 -XX:+HeapDumpOnOutOfMemoryError -XX:HeapDumpPath=artifacts/heapdump -XX:InitialHeapSize=805306368 -XX:MaxHeapSize=805306368 -XX:NumberOfGCLogFiles=10 -XX:+PrintGC -XX:+PrintGCDateStamps -XX:+PrintGCDetails -XX:+PrintGCTimeStamps -XX:+UseCompressedClassPointers -XX:+UseCompressedOops -XX:+UseGCLogFileRotation -XX:+UseParallelGC 
2016-09-24T00:57:16.704-0400: 2.158: [GC (Metadata GC Threshold) [PSYoungGen: 121898K->15526K(229376K)] 121898K->15614K(753664K), 0.0258663 secs] [Times: user=0.10 sys=0.03, real=0.02 secs] 
2016-09-24T00:57:16.731-0400: 2.184: [Full GC (Metadata GC Threshold) [PSYoungGen: 15526K->0K(229376K)] [ParOldGen: 88K->14601K(342016K)] 15614K->14601K(571392K), [Metaspace: 21073K->21073K(1067008K)], 0.0491195 secs] [Times: user=0.40 sys=0.00, real=0.05 secs] 
2016-09-24T00:57:22.893-0400: 8.347: [GC (Metadata GC Threshold) [PSYoungGen: 120735K->14816K(229376K)] 135336K->29554K(571392K), 0.0174037 secs] [Times: user=0.09 sys=0.03, real=0.02 secs] 
2016-09-24T00:57:22.911-0400: 8.364: [Full GC (Metadata GC Threshold) [PSYoungGen: 14816K->0K(229376K)] [ParOldGen: 14737K->20244K(524288K)] 29554K->20244K(753664K), [Metaspace: 35084K->35084K(1079296K)], 0.0490737 secs] [Times: user=0.37 sys=0.00, real=0.05 secs] 
2016-09-24T00:57:24.641-0400: 10.095: [GC (GCLocker Initiated GC) [PSYoungGen: 196208K->24093K(229376K)] 222528K->50420K(753664K), 0.0184539 secs] [Times: user=0.22 sys=0.00, real=0.02 secs] 
2016-09-24T00:57:25.506-0400: 10.959: [GC (GCLocker Initiated GC) [PSYoungGen: 220701K->27024K(229376K)] 247389K->65870K(753664K), 0.0392913 secs] [Times: user=0.38 sys=0.01, real=0.04 secs] 
2016-09-24T00:57:26.556-0400: 12.009: [GC (GCLocker Initiated GC) [PSYoungGen: 223632K->27599K(224256K)] 262483K->78608K(748544K), 0.0079511 secs] [Times: user=0.05 sys=0.03, real=0.01 secs] 
2016-09-24T00:57:27.645-0400: 13.098: [GC (Allocation Failure) [PSYoungGen: 224207K->21688K(230400K)] 281445K->78934K(754688K), 0.0064130 secs] [Times: user=0.07 sys=0.01, real=0.00 secs] 
2016-09-24T00:57:28.707-0400: 14.160: [GC (Allocation Failure) [PSYoungGen: 218808K->27408K(228864K)] 276054K->96812K(753152K), 0.0090427 secs] [Times: user=0.07 sys=0.01, real=0.01 secs] 
2016-09-24T00:57:29.718-0400: 15.171: [GC (Allocation Failure) [PSYoungGen: 224528K->33259K(216576K)] 293932K->109082K(740864K), 0.0133031 secs] [Times: user=0.14 sys=0.02, real=0.01 secs] 
2016-09-24T00:57:30.751-0400: 16.204: [GC (Allocation Failure) [PSYoungGen: 213589K->27344K(222720K)] 289412K->103175K(747008K), 0.0185782 secs] [Times: user=0.23 sys=0.04, real=0.02 secs] 
2016-09-24T00:57:31.719-0400: 17.172: [GC (Allocation Failure) [PSYoungGen: 210640K->33355K(220160K)] 286471K->121344K(744448K), 0.0253406 secs] [Times: user=0.31 sys=0.02, real=0.03 secs] 
2016-09-24T00:57:32.651-0400: 18.104: [GC (Allocation Failure) [PSYoungGen: 209764K->6971K(188416K)] 297753K->97346K(712704K), 0.0091506 secs] [Times: user=0.06 sys=0.05, real=0.01 secs] 
2016-09-24T00:57:33.621-0400: 19.074: [GC (Allocation Failure) [PSYoungGen: 188219K->24972K(221184K)] 278594K->115419K(745472K), 0.0060254 secs] [Times: user=0.03 sys=0.01, real=0.01 secs] 
2016-09-24T00:57:34.602-0400: 20.056: [GC (Allocation Failure) [PSYoungGen: 202537K->6747K(219648K)] 292984K->97202K(743936K), 0.0154872 secs] [Times: user=0.14 sys=0.02, real=0.02 secs] 
2016-09-24T00:57:35.500-0400: 20.953: [GC (Allocation Failure) [PSYoungGen: 180159K->6779K(218112K)] 270615K->97242K(742400K), 0.0228526 secs] [Times: user=0.25 sys=0.02, real=0.03 secs] 
2016-09-24T00:57:36.466-0400: 21.920: [GC (Allocation Failure) [PSYoungGen: 179456K->6491K(219136K)] 269919K->97279K(743424K), 0.0132143 secs] [Times: user=0.12 sys=0.01, real=0.01 secs] 
2016-09-24T00:57:37.073-0400: 22.526: [GC (Allocation Failure) [PSYoungGen: 179779K->37262K(210944K)] 270567K->134213K(735232K), 0.0344992 secs] [Times: user=0.35 sys=0.01, real=0.04 secs] 
2016-09-24T00:57:37.327-0400: 22.781: [GC (GCLocker Initiated GC) [PSYoungGen: 205198K->44005K(211968K)] 302160K->220038K(736256K), 0.0141087 secs] [Times: user=0.16 sys=0.03, real=0.01 secs] 
2016-09-24T00:57:37.593-0400: 23.046: [GC (Allocation Failure) [PSYoungGen: 211937K->38065K(200704K)] 400464K->226689K(724992K), 0.0174293 secs] [Times: user=0.20 sys=0.00, real=0.02 secs] 
2016-09-24T00:57:37.806-0400: 23.259: [GC (GCLocker Initiated GC) [PSYoungGen: 188593K->50055K(200704K)] 377223K->256982K(724992K), 0.0280537 secs] [Times: user=0.27 sys=0.00, real=0.02 secs] 
2016-09-24T00:57:38.067-0400: 23.520: [GC (GCLocker Initiated GC) [PSYoungGen: 200583K->56258K(185344K)] 420015K->275802K(709632K), 0.0133640 secs] [Times: user=0.16 sys=0.00, real=0.01 secs] 
2016-09-24T00:57:38.257-0400: 23.711: [GC (GCLocker Initiated GC) [PSYoungGen: 180162K->68220K(192512K)] 406154K->294460K(716800K), 0.0275348 secs] [Times: user=0.29 sys=0.00, real=0.03 secs] 
2016-09-24T00:57:38.450-0400: 23.904: [GC (GCLocker Initiated GC) [PSYoungGen: 192124K->67501K(157696K)] 424554K->318875K(681984K), 0.0120940 secs] [Times: user=0.13 sys=0.01, real=0.02 secs] 
2016-09-24T00:57:38.578-0400: 24.031: [GC (GCLocker Initiated GC) [PSYoungGen: 155565K->85694K(175104K)] 407256K->349639K(699392K), 0.0297210 secs] [Times: user=0.31 sys=0.01, real=0.03 secs] 
2016-09-24T00:57:38.735-0400: 24.189: [GC (GCLocker Initiated GC) [PSYoungGen: 173758K->85822K(175104K)] 437727K->392396K(699392K), 0.0139066 secs] [Times: user=0.18 sys=0.02, real=0.01 secs] 
2016-09-24T00:57:43.879-0400: 29.333: [GC (GCLocker Initiated GC) [PSYoungGen: 173886K->839K(175104K)] 486577K->386535K(699392K), 0.0128784 secs] [Times: user=0.10 sys=0.06, real=0.01 secs] 
2016-09-24T00:57:44.000-0400: 29.454: [GC (GCLocker Initiated GC) [PSYoungGen: 88903K->79683K(175104K)] 480732K->471850K(699392K), 0.0126607 secs] [Times: user=0.12 sys=0.03, real=0.01 secs] 
2016-09-24T00:57:44.155-0400: 29.608: [GC (GCLocker Initiated GC) [PSYoungGen: 167747K->79583K(175104K)] 566048K->526971K(699392K), 0.0160701 secs] [Times: user=0.18 sys=0.04, real=0.01 secs] 
2016-09-24T00:57:44.292-0400: 29.745: [GC (GCLocker Initiated GC) --[PSYoungGen: 167647K->167647K(175104K)] 615195K->688255K(699392K), 0.0149893 secs] [Times: user=0.18 sys=0.02, real=0.02 secs] 
2016-09-24T00:57:44.307-0400: 29.760: [Full GC (Ergonomics) [PSYoungGen: 167647K->0K(175104K)] [ParOldGen: 520608K->51292K(524288K)] 688255K->51292K(699392K), [Metaspace: 43735K->43731K(1085440K)], 0.2401010 secs] [Times: user=2.85 sys=0.03, real=0.24 secs] 
2016-09-24T00:57:44.687-0400: 30.140: [GC (GCLocker Initiated GC) [PSYoungGen: 88064K->86406K(175104K)] 157831K->180473K(699392K), 0.0157815 secs] [Times: user=0.20 sys=0.01, real=0.02 secs] 
2016-09-24T00:57:44.823-0400: 30.277: [GC (GCLocker Initiated GC) [PSYoungGen: 174470K->49308K(175104K)] 268585K->223493K(699392K), 0.0137455 secs] [Times: user=0.15 sys=0.02, real=0.01 secs] 
2016-09-24T00:57:44.948-0400: 30.401: [GC (GCLocker Initiated GC) [PSYoungGen: 137372K->85954K(175104K)] 317914K->315756K(699392K), 0.0127071 secs] [Times: user=0.15 sys=0.01, real=0.01 secs] 
2016-09-24T00:57:45.070-0400: 30.523: [GC (GCLocker Initiated GC) [PSYoungGen: 174018K->73540K(175104K)] 410084K->383010K(699392K), 0.0132814 secs] [Times: user=0.17 sys=0.01, real=0.02 secs] 
2016-09-24T00:57:45.199-0400: 30.652: [GC (GCLocker Initiated GC) [PSYoungGen: 161604K->86150K(175104K)] 471294K->444600K(699392K), 0.0124603 secs] [Times: user=0.16 sys=0.01, real=0.01 secs] 
2016-09-24T00:57:45.342-0400: 30.795: [GC (Allocation Failure) [PSYoungGen: 174214K->79683K(175104K)] 538836K->505527K(699392K), 0.0129632 secs] [Times: user=0.16 sys=0.02, real=0.02 secs] 
2016-09-24T00:57:45.356-0400: 30.810: [Full GC (Ergonomics) [PSYoungGen: 79683K->0K(175104K)] [ParOldGen: 425844K->51248K(524288K)] 505527K->51248K(699392K), [Metaspace: 43759K->43759K(1087488K)], 0.0618128 secs] [Times: user=0.42 sys=0.03, real=0.06 secs] 
2016-09-24T00:57:45.537-0400: 30.991: [GC (GCLocker Initiated GC) [PSYoungGen: 88064K->86142K(175104K)] 139318K->161696K(699392K), 0.0120448 secs] [Times: user=0.16 sys=0.01, real=0.01 secs] 
2016-09-24T00:57:45.663-0400: 31.117: [GC (GCLocker Initiated GC) [PSYoungGen: 174206K->79911K(175104K)] 255894K->216862K(699392K), 0.0137679 secs] [Times: user=0.20 sys=0.01, real=0.01 secs] 
2016-09-24T00:57:45.812-0400: 31.265: [GC (GCLocker Initiated GC) [PSYoungGen: 167975K->85658K(175104K)] 304979K->271757K(699392K), 0.0119018 secs] [Times: user=0.16 sys=0.00, real=0.02 secs] 
2016-09-24T00:57:45.935-0400: 31.388: [GC (GCLocker Initiated GC) [PSYoungGen: 173722K->79911K(175104K)] 359941K->320981K(699392K), 0.0136289 secs] [Times: user=0.14 sys=0.01, real=0.01 secs] 
2016-09-24T00:57:46.089-0400: 31.543: [GC (GCLocker Initiated GC) [PSYoungGen: 167975K->85562K(175104K)] 409075K->387860K(699392K), 0.0141719 secs] [Times: user=0.15 sys=0.00, real=0.02 secs] 
2016-09-24T00:57:46.242-0400: 31.696: [GC (GCLocker Initiated GC) [PSYoungGen: 173626K->85598K(175104K)] 476184K->442935K(699392K), 0.0230799 secs] [Times: user=0.23 sys=0.01, real=0.02 secs] 
2016-09-24T00:57:46.397-0400: 31.850: [GC (GCLocker Initiated GC) [PSYoungGen: 173662K->85594K(175104K)] 537098K->540471K(699392K), 0.0227144 secs] [Times: user=0.25 sys=0.02, real=0.02 secs] 
2016-09-24T00:57:46.420-0400: 31.873: [Full GC (Ergonomics) [PSYoungGen: 85594K->0K(175104K)] [ParOldGen: 454876K->51165K(524288K)] 540471K->51165K(699392K), [Metaspace: 43803K->43803K(1087488K)], 0.0585292 secs] [Times: user=0.32 sys=0.01, real=0.06 secs] 
2016-09-24T00:57:46.621-0400: 32.075: [GC (GCLocker Initiated GC) [PSYoungGen: 88064K->80007K(175104K)] 145329K->137281K(699392K), 0.0262588 secs] [Times: user=0.28 sys=0.00, real=0.03 secs] 
2016-09-24T00:57:46.776-0400: 32.229: [GC (GCLocker Initiated GC) [PSYoungGen: 168071K->85790K(175104K)] 231506K->216950K(699392K), 0.0136122 secs] [Times: user=0.16 sys=0.00, real=0.01 secs] 
2016-09-24T00:57:46.901-0400: 32.354: [GC (GCLocker Initiated GC) [PSYoungGen: 173854K->67793K(175104K)] 305247K->241871K(699392K), 0.0192358 secs] [Times: user=0.18 sys=0.00, real=0.02 secs] 
2016-09-24T00:57:47.039-0400: 32.492: [GC (GCLocker Initiated GC) [PSYoungGen: 155857K->61590K(175104K)] 336248K->303031K(699392K), 0.0132936 secs] [Times: user=0.15 sys=0.00, real=0.01 secs] 
2016-09-24T00:57:47.162-0400: 32.615: [GC (GCLocker Initiated GC) [PSYoungGen: 149654K->85822K(175104K)] 397289K->376282K(699392K), 0.0191748 secs] [Times: user=0.24 sys=0.00, real=0.02 secs] 
2016-09-24T00:57:47.313-0400: 32.766: [GC (GCLocker Initiated GC) [PSYoungGen: 173886K->73676K(175104K)] 470469K->425201K(699392K), 0.0185649 secs] [Times: user=0.19 sys=0.01, real=0.02 secs] 
2016-09-24T00:57:47.451-0400: 32.905: [GC (GCLocker Initiated GC) [PSYoungGen: 161740K->85854K(175104K)] 519372K->492410K(699392K), 0.0168277 secs] [Times: user=0.18 sys=0.01, real=0.02 secs] 
2016-09-24T00:57:47.595-0400: 33.048: [GC (GCLocker Initiated GC) [PSYoungGen: 173918K->79715K(175104K)] 580807K->559844K(699392K), 0.0138556 secs] [Times: user=0.17 sys=0.01, real=0.01 secs] 
2016-09-24T00:57:47.609-0400: 33.062: [Full GC (Ergonomics) [PSYoungGen: 79715K->0K(175104K)] [ParOldGen: 480128K->45078K(524288K)] 559844K->45078K(699392K), [Metaspace: 43823K->43823K(1087488K)], 0.0586821 secs] [Times: user=0.39 sys=0.02, real=0.06 secs] 
2016-09-24T00:57:47.782-0400: 33.235: [GC (GCLocker Initiated GC) [PSYoungGen: 88064K->86078K(175104K)] 139298K->167696K(699392K), 0.0136976 secs] [Times: user=0.14 sys=0.00, real=0.02 secs] 
2016-09-24T00:57:47.898-0400: 33.352: [GC (GCLocker Initiated GC) [PSYoungGen: 174142K->49344K(175104K)] 255797K->216604K(699392K), 0.0137331 secs] [Times: user=0.10 sys=0.00, real=0.01 secs] 
2016-09-24T00:57:48.014-0400: 33.467: [GC (GCLocker Initiated GC) [PSYoungGen: 137408K->85922K(175104K)] 304889K->320528K(699392K), 0.0206892 secs] [Times: user=0.18 sys=0.01, real=0.03 secs] 
2016-09-24T00:57:48.143-0400: 33.596: [GC (Allocation Failure) [PSYoungGen: 173981K->85598K(175104K)] 408942K->363320K(699392K), 0.0297182 secs] [Times: user=0.24 sys=0.01, real=0.02 secs] 
2016-09-24T00:57:48.275-0400: 33.728: [GC (GCLocker Initiated GC) [PSYoungGen: 173662K->67665K(175104K)] 451390K->388005K(699392K), 0.0387926 secs] [Times: user=0.38 sys=0.00, real=0.03 secs] 
2016-09-24T00:57:48.411-0400: 33.865: [GC (Allocation Failure) [PSYoungGen: 155729K->85758K(175104K)] 482281K->473352K(699392K), 0.0186015 secs] [Times: user=0.18 sys=0.00, real=0.02 secs] 
2016-09-24T00:57:48.562-0400: 34.015: [GC (GCLocker Initiated GC) [PSYoungGen: 173822K->43137K(175104K)] 561421K->503936K(699392K), 0.0191589 secs] [Times: user=0.26 sys=0.01, real=0.02 secs] 
2016-09-24T00:57:48.581-0400: 34.035: [Full GC (Ergonomics) [PSYoungGen: 43137K->0K(175104K)] [ParOldGen: 460799K->45491K(524288K)] 503936K->45491K(699392K), [Metaspace: 43839K->43839K(1087488K)], 0.0566712 secs] [Times: user=0.44 sys=0.02, real=0.06 secs] 
2016-09-24T00:57:48.753-0400: 34.206: [GC (GCLocker Initiated GC) [PSYoungGen: 88064K->86210K(175104K)] 139779K->180450K(699392K), 0.0147711 secs] [Times: user=0.20 sys=0.00, real=0.02 secs] 
2016-09-24T00:57:48.900-0400: 34.353: [GC (Allocation Failure) [PSYoungGen: 174274K->31278K(175104K)] 287066K->193562K(699392K), 0.0114352 secs] [Times: user=0.12 sys=0.00, real=0.01 secs] 
2016-09-24T00:57:49.031-0400: 34.484: [GC (GCLocker Initiated GC) [PSYoungGen: 118611K->61362K(175104K)] 286970K->248237K(699392K), 0.0140431 secs] [Times: user=0.17 sys=0.00, real=0.02 secs] 
2016-09-24T00:57:49.141-0400: 34.595: [GC (GCLocker Initiated GC) [PSYoungGen: 149426K->85790K(175104K)] 336393K->327584K(699392K), 0.0130492 secs] [Times: user=0.14 sys=0.01, real=0.02 secs] 
2016-09-24T00:57:49.256-0400: 34.709: [GC (GCLocker Initiated GC) [PSYoungGen: 173854K->85790K(175104K)] 422229K->389124K(699392K), 0.0157225 secs] [Times: user=0.18 sys=0.00, real=0.01 secs] 
2016-09-24T00:57:49.371-0400: 34.825: [GC (GCLocker Initiated GC) [PSYoungGen: 173854K->73672K(175104K)] 483316K->432057K(699392K), 0.0108451 secs] [Times: user=0.13 sys=0.01, real=0.02 secs] 
2016-09-24T00:57:49.502-0400: 34.956: [GC (GCLocker Initiated GC) [PSYoungGen: 161736K->37194K(175104K)] 532604K->463005K(699392K), 0.0192786 secs] [Times: user=0.19 sys=0.00, real=0.01 secs] 
2016-09-24T00:57:49.656-0400: 35.109: [GC (GCLocker Initiated GC) [PSYoungGen: 125258K->67697K(175104K)] 557331K->518459K(699392K), 0.0141771 secs] [Times: user=0.14 sys=0.01, real=0.01 secs] 
2016-09-24T00:57:49.670-0400: 35.123: [Full GC (Ergonomics) [PSYoungGen: 67697K->0K(175104K)] [ParOldGen: 450761K->51363K(524288K)] 518459K->51363K(699392K), [Metaspace: 43853K->43853K(1087488K)], 0.0570513 secs] [Times: user=0.35 sys=0.02, real=0.06 secs] 
2016-09-24T00:57:49.840-0400: 35.293: [GC (GCLocker Initiated GC) [PSYoungGen: 88064K->86438K(175104K)] 145762K->168436K(699392K), 0.0153304 secs] [Times: user=0.17 sys=0.01, real=0.02 secs] 
2016-09-24T00:57:49.978-0400: 35.431: [GC (GCLocker Initiated GC) [PSYoungGen: 174502K->55547K(175104K)] 256698K->193342K(699392K), 0.0150786 secs] [Times: user=0.21 sys=0.00, real=0.01 secs] 
2016-09-24T00:57:50.097-0400: 35.550: [GC (GCLocker Initiated GC) [PSYoungGen: 143611K->67469K(175104K)] 281587K->223962K(699392K), 0.0127996 secs] [Times: user=0.13 sys=0.01, real=0.01 secs] 
2016-09-24T00:57:50.232-0400: 35.686: [GC (GCLocker Initiated GC) [PSYoungGen: 155533K->73840K(175104K)] 318134K->254934K(699392K), 0.0220739 secs] [Times: user=0.23 sys=0.01, real=0.03 secs] 
2016-09-24T00:57:50.410-0400: 35.863: [GC (GCLocker Initiated GC) [PSYoungGen: 161904K->18997K(175104K)] 367468K->243061K(699392K), 0.0073600 secs] [Times: user=0.07 sys=0.00, real=0.01 secs] 
2016-09-24T00:57:50.529-0400: 35.983: [GC (Allocation Failure) [PSYoungGen: 107061K->55123K(175104K)] 331218K->279819K(699392K), 0.0141184 secs] [Times: user=0.15 sys=0.00, real=0.02 secs] 
2016-09-24T00:57:50.544-0400: 35.997: [GC (GCLocker Initiated GC) [PSYoungGen: 55133K->32K(175104K)] 279829K->279635K(699392K), 0.0076674 secs] [Times: user=0.07 sys=0.00, real=0.00 secs] 
2016-09-24T00:57:50.661-0400: 36.114: [GC (GCLocker Initiated GC) [PSYoungGen: 88096K->80755K(175104K)] 367704K->360371K(699392K), 0.0222297 secs] [Times: user=0.25 sys=0.00, real=0.03 secs] 
2016-09-24T00:57:50.817-0400: 36.271: [GC (GCLocker Initiated GC) [PSYoungGen: 168819K->85562K(175104K)] 454609K->390872K(699392K), 0.0104434 secs] [Times: user=0.10 sys=0.00, real=0.01 secs] 
2016-09-24T00:57:50.932-0400: 36.385: [GC (GCLocker Initiated GC) [PSYoungGen: 173626K->85626K(175104K)] 479039K->433732K(699392K), 0.0146200 secs] [Times: user=0.16 sys=0.00, real=0.02 secs] 
2016-09-24T00:57:51.068-0400: 36.521: [GC (GCLocker Initiated GC) [PSYoungGen: 173690K->73836K(175104K)] 534155K->476986K(699392K), 0.0162221 secs] [Times: user=0.20 sys=0.00, real=0.02 secs] 
2016-09-24T00:57:51.210-0400: 36.663: [GC (GCLocker Initiated GC) [PSYoungGen: 161900K->55223K(175104K)] 577326K->470901K(699392K), 0.0184512 secs] [Times: user=0.17 sys=0.01, real=0.02 secs] 
2016-09-24T00:57:51.352-0400: 36.806: [GC (GCLocker Initiated GC) [PSYoungGen: 143287K->36966K(175104K)] 571330K->483493K(699392K), 0.0162017 secs] [Times: user=0.14 sys=0.00, real=0.02 secs] 
2016-09-24T00:57:51.368-0400: 36.822: [Full GC (Ergonomics) [PSYoungGen: 36966K->0K(175104K)] [ParOldGen: 446527K->45349K(524288K)] 483493K->45349K(699392K), [Metaspace: 43885K->43885K(1087488K)], 0.0788179 secs] [Times: user=0.39 sys=0.01, real=0.08 secs] 
2016-09-24T00:57:51.559-0400: 37.013: [GC (GCLocker Initiated GC) [PSYoungGen: 88064K->85758K(175104K)] 133684K->137453K(699392K), 0.0128133 secs] [Times: user=0.11 sys=0.00, real=0.01 secs] 
2016-09-24T00:57:51.685-0400: 37.138: [GC (GCLocker Initiated GC) [PSYoungGen: 173822K->55611K(175104K)] 231842K->150521K(699392K), 0.0106618 secs] [Times: user=0.14 sys=0.00, real=0.01 secs] 
2016-09-24T00:57:51.826-0400: 37.279: [GC (GCLocker Initiated GC) [PSYoungGen: 143675K->73768K(175104K)] 251001K->199626K(699392K), 0.0126755 secs] [Times: user=0.15 sys=0.01, real=0.01 secs] 
2016-09-24T00:57:51.981-0400: 37.435: [GC (Allocation Failure) [PSYoungGen: 161832K->31574K(175104K)] 293885K->163739K(699392K), 0.0063738 secs] [Times: user=0.08 sys=0.00, real=0.01 secs] 
2016-09-24T00:57:52.085-0400: 37.538: [GC (GCLocker Initiated GC) [PSYoungGen: 119638K->73544K(175104K)] 251809K->236365K(699392K), 0.0144769 secs] [Times: user=0.19 sys=0.01, real=0.01 secs] 
2016-09-24T00:57:52.253-0400: 37.707: [GC (GCLocker Initiated GC) [PSYoungGen: 161608K->43137K(175104K)] 330658K->248765K(699392K), 0.0438831 secs] [Times: user=0.56 sys=0.00, real=0.05 secs] 
2016-09-24T00:57:52.415-0400: 37.868: [GC (GCLocker Initiated GC) [PSYoungGen: 131201K->73316K(175104K)] 337022K->297473K(699392K), 0.0098508 secs] [Times: user=0.08 sys=0.01, real=0.01 secs] 
2016-09-24T00:57:52.518-0400: 37.971: [GC (GCLocker Initiated GC) [PSYoungGen: 161380K->61654K(175104K)] 385670K->359019K(699392K), 0.0170318 secs] [Times: user=0.22 sys=0.01, real=0.02 secs] 
2016-09-24T00:57:52.634-0400: 38.088: [GC (GCLocker Initiated GC) [PSYoungGen: 149718K->73708K(175104K)] 447259K->401900K(699392K), 0.0207722 secs] [Times: user=0.23 sys=0.00, real=0.02 secs] 
2016-09-24T00:57:52.740-0400: 38.194: [GC (GCLocker Initiated GC) [PSYoungGen: 161772K->79651K(175104K)] 490067K->456682K(699392K), 0.0142571 secs] [Times: user=0.15 sys=0.00, real=0.02 secs] 
2016-09-24T00:57:52.859-0400: 38.313: [GC (GCLocker Initiated GC) [PSYoungGen: 167715K->79815K(175104K)] 544861K->493867K(699392K), 0.0121364 secs] [Times: user=0.14 sys=0.00, real=0.01 secs] 
2016-09-24T00:57:53.006-0400: 38.459: [GC (GCLocker Initiated GC) [PSYoungGen: 167879K->73512K(175104K)] 582034K->506183K(699392K), 0.0218894 secs] [Times: user=0.26 sys=0.00, real=0.02 secs] 
2016-09-24T00:57:53.137-0400: 38.590: [GC (GCLocker Initiated GC) [PSYoungGen: 161575K->73772K(175104K)] 600677K->513149K(699392K), 0.0108284 secs] [Times: user=0.10 sys=0.00, real=0.01 secs] 
2016-09-24T00:57:53.269-0400: 38.722: [GC (GCLocker Initiated GC) [PSYoungGen: 161836K->85694K(175104K)] 601423K->568262K(699392K), 0.0206284 secs] [Times: user=0.23 sys=0.00, real=0.02 secs] 
2016-09-24T00:57:53.290-0400: 38.743: [Full GC (Ergonomics) [PSYoungGen: 85694K->0K(175104K)] [ParOldGen: 482567K->51827K(524288K)] 568262K->51827K(699392K), [Metaspace: 43905K->43905K(1087488K)], 0.0691554 secs] [Times: user=0.31 sys=0.00, real=0.07 secs] 
2016-09-24T00:57:53.469-0400: 38.923: [GC (Allocation Failure) [PSYoungGen: 88064K->73900K(175104K)] 140246K->126082K(699392K), 0.0165340 secs] [Times: user=0.14 sys=0.00, real=0.02 secs] 
2016-09-24T00:57:53.606-0400: 39.059: [GC (GCLocker Initiated GC) [PSYoungGen: 157750K->36962K(175104K)] 216008K->162755K(699392K), 0.0137568 secs] [Times: user=0.12 sys=0.00, real=0.01 secs] 
2016-09-24T00:57:53.713-0400: 39.166: [GC (GCLocker Initiated GC) [PSYoungGen: 125026K->86086K(175104K)] 251013K->230441K(699392K), 0.0463603 secs] [Times: user=0.53 sys=0.00, real=0.05 secs] 
2016-09-24T00:57:53.853-0400: 39.306: [GC (GCLocker Initiated GC) [PSYoungGen: 174150K->79779K(175104K)] 318664K->303756K(699392K), 0.0134010 secs] [Times: user=0.18 sys=0.01, real=0.02 secs] 
2016-09-24T00:57:53.994-0400: 39.448: [GC (GCLocker Initiated GC) [PSYoungGen: 167843K->67501K(175104K)] 392120K->346736K(699392K), 0.0118936 secs] [Times: user=0.13 sys=0.01, real=0.01 secs] 
2016-09-24T00:57:54.119-0400: 39.573: [GC (GCLocker Initiated GC) [PSYoungGen: 155565K->55479K(175104K)] 434843K->407808K(699392K), 0.0207494 secs] [Times: user=0.24 sys=0.00, real=0.02 secs] 
2016-09-24T00:57:54.257-0400: 39.710: [GC (GCLocker Initiated GC) [PSYoungGen: 143543K->74036K(175104K)] 495935K->426712K(699392K), 0.0163280 secs] [Times: user=0.17 sys=0.00, real=0.01 secs] 
2016-09-24T00:57:54.377-0400: 39.830: [GC (Allocation Failure) [PSYoungGen: 162100K->73772K(175104K)] 520959K->451320K(699392K), 0.0112114 secs] [Times: user=0.12 sys=0.00, real=0.01 secs] 
2016-09-24T00:57:54.485-0400: 39.939: [GC (GCLocker Initiated GC) [PSYoungGen: 156309K->49376K(175104K)] 539932K->481727K(699392K), 0.0339805 secs] [Times: user=0.35 sys=0.00, real=0.03 secs] 
2016-09-24T00:57:54.519-0400: 39.973: [Full GC (Ergonomics) [PSYoungGen: 49376K->0K(175104K)] [ParOldGen: 432351K->58119K(524288K)] 481727K->58119K(699392K), [Metaspace: 43942K->43942K(1087488K)], 0.0663093 secs] [Times: user=0.33 sys=0.02, real=0.07 secs] 
2016-09-24T00:57:54.698-0400: 40.151: [GC (GCLocker Initiated GC) [PSYoungGen: 88064K->79975K(175104K)] 152501K->144412K(699392K), 0.0104308 secs] [Times: user=0.10 sys=0.00, real=0.01 secs] 
2016-09-24T00:57:54.837-0400: 40.290: [GC (GCLocker Initiated GC) [PSYoungGen: 168039K->55515K(175104K)] 238739K->163380K(699392K), 0.0242438 secs] [Times: user=0.29 sys=0.00, real=0.02 secs] 
2016-09-24T00:57:54.980-0400: 40.433: [GC (GCLocker Initiated GC) [PSYoungGen: 143579K->55743K(175104K)] 251632K->182336K(699392K), 0.0064830 secs] [Times: user=0.06 sys=0.01, real=0.01 secs] 
2016-09-24T00:57:55.106-0400: 40.560: [GC (GCLocker Initiated GC) [PSYoungGen: 143807K->73772K(175104K)] 270745K->219054K(699392K), 0.0102714 secs] [Times: user=0.09 sys=0.00, real=0.01 secs] 
2016-09-24T00:57:55.247-0400: 40.700: [GC (GCLocker Initiated GC) [PSYoungGen: 161836K->49440K(175104K)] 319310K->225414K(699392K), 0.0386816 secs] [Times: user=0.39 sys=0.00, real=0.04 secs] 
2016-09-24T00:57:55.399-0400: 40.852: [GC (GCLocker Initiated GC) [PSYoungGen: 137504K->73608K(175104K)] 313520K->267961K(699392K), 0.0088320 secs] [Times: user=0.09 sys=0.00, real=0.01 secs] 
2016-09-24T00:57:55.505-0400: 40.959: [GC (GCLocker Initiated GC) [PSYoungGen: 161672K->49571K(175104K)] 362343K->311301K(699392K), 0.0187751 secs] [Times: user=0.20 sys=0.00, real=0.02 secs] 
2016-09-24T00:57:55.627-0400: 41.080: [GC (Allocation Failure) [PSYoungGen: 137635K->85758K(175104K)] 399720K->372770K(699392K), 0.0351252 secs] [Times: user=0.43 sys=0.00, real=0.03 secs] 
2016-09-24T00:57:55.774-0400: 41.227: [GC (GCLocker Initiated GC) [PSYoungGen: 173822K->55711K(175104K)] 460839K->361057K(699392K), 0.0111780 secs] [Times: user=0.13 sys=0.00, real=0.02 secs] 
2016-09-24T00:57:55.909-0400: 41.362: [GC (GCLocker Initiated GC) [PSYoungGen: 143775K->55351K(175104K)] 467500K->397585K(699392K), 0.0107168 secs] [Times: user=0.09 sys=0.00, real=0.01 secs] 
2016-09-24T00:57:56.055-0400: 41.509: [GC (Allocation Failure) [PSYoungGen: 143415K->55387K(175104K)] 492079K->404146K(699392K), 0.0320114 secs] [Times: user=0.39 sys=0.01, real=0.03 secs] 
2016-09-24T00:57:56.088-0400: 41.541: [GC (GCLocker Initiated GC) [PSYoungGen: 55771K->64K(175104K)] 404531K->404033K(699392K), 0.0087106 secs] [Times: user=0.09 sys=0.00, real=0.01 secs] 
2016-09-24T00:57:56.195-0400: 41.648: [GC (GCLocker Initiated GC) [PSYoungGen: 88128K->86078K(175104K)] 492102K->514352K(699392K), 0.0118011 secs] [Times: user=0.14 sys=0.01, real=0.01 secs] 
2016-09-24T00:57:56.308-0400: 41.761: [GC (GCLocker Initiated GC) [PSYoungGen: 174142K->61622K(175104K)] 608635K->539203K(699392K), 0.0137391 secs] [Times: user=0.18 sys=0.00, real=0.01 secs] 
2016-09-24T00:57:56.322-0400: 41.775: [Full GC (Ergonomics) [PSYoungGen: 61622K->0K(175104K)] [ParOldGen: 477581K->45649K(524288K)] 539203K->45649K(699392K), [Metaspace: 43975K->43975K(1087488K)], 0.0554003 secs] [Times: user=0.33 sys=0.01, real=0.06 secs] 
2016-09-24T00:57:56.479-0400: 41.932: [GC (GCLocker Initiated GC) [PSYoungGen: 88064K->86370K(175104K)] 139935K->144317K(699392K), 0.0134890 secs] [Times: user=0.14 sys=0.00, real=0.01 secs] 
2016-09-24T00:57:56.608-0400: 42.062: [GC (GCLocker Initiated GC) [PSYoungGen: 174434K->85562K(175104K)] 232418K->168813K(699392K), 0.0152100 secs] [Times: user=0.14 sys=0.02, real=0.02 secs] 
2016-09-24T00:57:56.718-0400: 42.172: [GC (GCLocker Initiated GC) [PSYoungGen: 173626K->79715K(175104K)] 257244K->230294K(699392K), 0.0161241 secs] [Times: user=0.21 sys=0.01, real=0.02 secs] 
2016-09-24T00:57:56.866-0400: 42.320: [GC (GCLocker Initiated GC) [PSYoungGen: 167779K->79583K(175104K)] 324492K->273038K(699392K), 0.0152530 secs] [Times: user=0.16 sys=0.01, real=0.01 secs] 
2016-09-24T00:57:57.008-0400: 42.461: [GC (Allocation Failure) [PSYoungGen: 167647K->55643K(175104K)] 367375K->328438K(699392K), 0.0218701 secs] [Times: user=0.30 sys=0.00, real=0.02 secs] 
2016-09-24T00:57:57.130-0400: 42.583: [GC (GCLocker Initiated GC) [PSYoungGen: 143707K->85726K(175104K)] 416508K->365237K(699392K), 0.0126375 secs] [Times: user=0.12 sys=0.00, real=0.02 secs] 
2016-09-24T00:57:57.248-0400: 42.702: [GC (GCLocker Initiated GC) [PSYoungGen: 173790K->55127K(175104K)] 453483K->371514K(699392K), 0.0242538 secs] [Times: user=0.26 sys=0.00, real=0.02 secs] 
2016-09-24T00:57:57.400-0400: 42.854: [GC (GCLocker Initiated GC) [PSYoungGen: 143191K->36934K(175104K)] 465750K->384053K(699392K), 0.0088487 secs] [Times: user=0.09 sys=0.01, real=0.01 secs] 
2016-09-24T00:57:57.552-0400: 43.005: [GC (GCLocker Initiated GC) [PSYoungGen: 124998K->55191K(175104K)] 478234K->408530K(699392K), 0.0351166 secs] [Times: user=0.30 sys=0.00, real=0.04 secs] 
2016-09-24T00:57:57.720-0400: 43.173: [GC (GCLocker Initiated GC) [PSYoungGen: 143255K->67341K(175104K)] 502717K->469432K(699392K), 0.0238703 secs] [Times: user=0.20 sys=0.01, real=0.03 secs] 
2016-09-24T00:57:57.877-0400: 43.331: [GC (Allocation Failure) [PSYoungGen: 155405K->43169K(175104K)] 563769K->482011K(699392K), 0.0177344 secs] [Times: user=0.16 sys=0.00, real=0.02 secs] 
2016-09-24T00:57:58.012-0400: 43.466: [GC (GCLocker Initiated GC) [PSYoungGen: 131233K->73640K(175104K)] 576150K->555355K(699392K), 0.0126459 secs] [Times: user=0.16 sys=0.00, real=0.02 secs] 
2016-09-24T00:57:58.025-0400: 43.478: [Full GC (Ergonomics) [PSYoungGen: 73640K->0K(175104K)] [ParOldGen: 481715K->58310K(524288K)] 555355K->58310K(699392K), [Metaspace: 43980K->43980K(1087488K)], 0.0613887 secs] [Times: user=0.56 sys=0.02, real=0.06 secs] 
2016-09-24T00:57:58.208-0400: 43.662: [GC (GCLocker Initiated GC) [PSYoungGen: 88064K->86402K(175104K)] 158538K->156876K(699392K), 0.0091372 secs] [Times: user=0.12 sys=0.01, real=0.01 secs] 
2016-09-24T00:57:58.302-0400: 43.756: [GC (GCLocker Initiated GC) [PSYoungGen: 174466K->49340K(175104K)] 251118K->169496K(699392K), 0.0132122 secs] [Times: user=0.12 sys=0.00, real=0.01 secs] 
2016-09-24T00:57:58.414-0400: 43.868: [GC (GCLocker Initiated GC) [PSYoungGen: 137404K->61654K(175104K)] 257776K->261113K(699392K), 0.0136240 secs] [Times: user=0.11 sys=0.00, real=0.01 secs] 
2016-09-24T00:57:58.517-0400: 43.971: [GC (GCLocker Initiated GC) [PSYoungGen: 149718K->85890K(175104K)] 349231K->364849K(699392K), 0.0201815 secs] [Times: user=0.19 sys=0.00, real=0.02 secs] 
2016-09-24T00:57:58.659-0400: 44.112: [GC (GCLocker Initiated GC) [PSYoungGen: 173954K->67893K(175104K)] 452938K->383806K(699392K), 0.0118064 secs] [Times: user=0.16 sys=0.00, real=0.01 secs] 
2016-09-24T00:57:58.835-0400: 44.289: [GC (GCLocker Initiated GC) [PSYoungGen: 155957K->42909K(175104K)] 478189K->389849K(699392K), 0.0114836 secs] [Times: user=0.09 sys=0.00, real=0.01 secs] 
2016-09-24T00:57:58.993-0400: 44.446: [GC (GCLocker Initiated GC) [PSYoungGen: 130973K->37485K(175104K)] 496477K->403149K(699392K), 0.0068965 secs] [Times: user=0.06 sys=0.00, real=0.01 secs] 
2016-09-24T00:57:59.110-0400: 44.564: [GC (GCLocker Initiated GC) [PSYoungGen: 125549K->73444K(175104K)] 491249K->445337K(699392K), 0.0174112 secs] [Times: user=0.18 sys=0.00, real=0.02 secs] 
2016-09-24T00:57:59.239-0400: 44.693: [GC (GCLocker Initiated GC) [PSYoungGen: 161508K->73968K(175104K)] 539501K->500673K(699392K), 0.0232258 secs] [Times: user=0.29 sys=0.00, real=0.03 secs] 
2016-09-24T00:57:59.368-0400: 44.821: [Full GC (Ergonomics) [PSYoungGen: 162032K->0K(175104K)] [ParOldGen: 432888K->52911K(524288K)] 594920K->52911K(699392K), [Metaspace: 43981K->43981K(1087488K)], 0.0754649 secs] [Times: user=0.37 sys=0.02, real=0.08 secs] 
2016-09-24T00:57:59.542-0400: 44.995: [GC (GCLocker Initiated GC) [PSYoungGen: 88064K->73768K(175104K)] 147405K->133110K(699392K), 0.0069004 secs] [Times: user=0.07 sys=0.00, real=0.01 secs] 
2016-09-24T00:57:59.657-0400: 45.111: [GC (GCLocker Initiated GC) [PSYoungGen: 161832K->67761K(175104K)] 221233K->164151K(699392K), 0.0113199 secs] [Times: user=0.07 sys=0.00, real=0.01 secs] 
2016-09-24T00:57:59.796-0400: 45.250: [GC (GCLocker Initiated GC) [PSYoungGen: 155825K->31410K(175104K)] 264369K->207096K(699392K), 0.0136944 secs] [Times: user=0.15 sys=0.00, real=0.01 secs] 
2016-09-24T00:57:59.933-0400: 45.387: [GC (GCLocker Initiated GC) [PSYoungGen: 119474K->55255K(175104K)] 301405K->237469K(699392K), 0.0101627 secs] [Times: user=0.11 sys=0.00, real=0.02 secs] 
2016-09-24T00:58:00.065-0400: 45.518: [GC (GCLocker Initiated GC) [PSYoungGen: 143319K->73804K(175104K)] 325894K->274896K(699392K), 0.0081665 secs] [Times: user=0.10 sys=0.00, real=0.00 secs] 
2016-09-24T00:58:00.195-0400: 45.649: [GC (Allocation Failure) [PSYoungGen: 161868K->61298K(175104K)] 369070K->286992K(699392K), 0.0332992 secs] [Times: user=0.34 sys=0.00, real=0.03 secs] 
2016-09-24T00:58:00.353-0400: 45.807: [GC (GCLocker Initiated GC) [PSYoungGen: 146864K->49440K(175104K)] 378633K->311696K(699392K), 0.0081491 secs] [Times: user=0.08 sys=0.00, real=0.01 secs] 
2016-09-24T00:58:00.492-0400: 45.945: [GC (GCLocker Initiated GC) [PSYoungGen: 137504K->43101K(175104K)] 412092K->354602K(699392K), 0.0088176 secs] [Times: user=0.09 sys=0.00, real=0.01 secs] 
2016-09-24T00:58:00.630-0400: 46.084: [GC (GCLocker Initiated GC) [PSYoungGen: 131165K->73968K(175104K)] 449079K->416326K(699392K), 0.0094832 secs] [Times: user=0.11 sys=0.00, real=0.01 secs] 
2016-09-24T00:58:00.781-0400: 46.235: [GC (GCLocker Initiated GC) [PSYoungGen: 162032K->55419K(175104K)] 504616K->416856K(699392K), 0.0100246 secs] [Times: user=0.10 sys=0.00, real=0.01 secs] 
2016-09-24T00:58:00.908-0400: 46.361: [GC (GCLocker Initiated GC) [PSYoungGen: 143483K->73672K(175104K)] 505281K->453846K(699392K), 0.0087773 secs] [Times: user=0.14 sys=0.00, real=0.01 secs] 
2016-09-24T00:58:01.026-0400: 46.479: [GC (GCLocker Initiated GC) [PSYoungGen: 161736K->61458K(175104K)] 541985K->472202K(699392K), 0.0123840 secs] [Times: user=0.11 sys=0.00, real=0.01 secs] 
2016-09-24T00:58:01.156-0400: 46.609: [GC (Allocation Failure) [PSYoungGen: 149522K->68156K(175104K)] 560352K->515565K(699392K), 0.0117784 secs] [Times: user=0.15 sys=0.00, real=0.01 secs] 
2016-09-24T00:58:01.275-0400: 46.728: [GC (GCLocker Initiated GC) [PSYoungGen: 156220K->85854K(175104K)] 603634K->576436K(699392K), 0.0137205 secs] [Times: user=0.18 sys=0.00, real=0.01 secs] 
2016-09-24T00:58:01.288-0400: 46.742: [Full GC (Ergonomics) [PSYoungGen: 85854K->0K(175104K)] [ParOldGen: 490582K->58980K(524288K)] 576436K->58980K(699392K), [Metaspace: 43987K->43987K(1087488K)], 0.0659784 secs] [Times: user=0.45 sys=0.01, real=0.07 secs] 
2016-09-24T00:58:01.456-0400: 46.909: [GC (GCLocker Initiated GC) [PSYoungGen: 88064K->85954K(175104K)] 153257K->175447K(699392K), 0.0096924 secs] [Times: user=0.12 sys=0.01, real=0.01 secs] 
2016-09-24T00:58:01.579-0400: 47.033: [GC (Allocation Failure) [PSYoungGen: 174018K->55415K(175104K)] 264024K->224711K(699392K), 0.0126825 secs] [Times: user=0.14 sys=0.01, real=0.01 secs] 
2016-09-24T00:58:01.677-0400: 47.130: [GC (GCLocker Initiated GC) [PSYoungGen: 143479K->86018K(175104K)] 312781K->304259K(699392K), 0.0108414 secs] [Times: user=0.14 sys=0.01, real=0.01 secs] 
2016-09-24T00:58:01.797-0400: 47.250: [GC (GCLocker Initiated GC) [PSYoungGen: 174082K->86346K(175104K)] 392466K->353654K(699392K), 0.0116978 secs] [Times: user=0.16 sys=0.00, real=0.01 secs] 
2016-09-24T00:58:01.912-0400: 47.365: [GC (GCLocker Initiated GC) [PSYoungGen: 174410K->55415K(175104K)] 453872K->395779K(699392K), 0.0100144 secs] [Times: user=0.13 sys=0.00, real=0.01 secs] 
2016-09-24T00:58:02.047-0400: 47.501: [GC (Allocation Failure) [PSYoungGen: 143479K->79879K(175104K)] 483957K->438749K(699392K), 0.0102532 secs] [Times: user=0.13 sys=0.01, real=0.01 secs] 
2016-09-24T00:58:02.149-0400: 47.603: [GC (GCLocker Initiated GC) [PSYoungGen: 167943K->85854K(175104K)] 526825K->499891K(699392K), 0.0109067 secs] [Times: user=0.16 sys=0.00, real=0.01 secs] 
2016-09-24T00:58:02.283-0400: 47.737: [GC (GCLocker Initiated GC) [PSYoungGen: 173918K->74196K(175104K)] 587957K->543053K(699392K), 0.0163918 secs] [Times: user=0.21 sys=0.00, real=0.01 secs] 
2016-09-24T00:58:02.300-0400: 47.753: [Full GC (Ergonomics) [PSYoungGen: 74196K->0K(175104K)] [ParOldGen: 468857K->52536K(524288K)] 543053K->52536K(699392K), [Metaspace: 44018K->44018K(1087488K)], 0.0617895 secs] [Times: user=0.38 sys=0.01, real=0.06 secs] 
2016-09-24T00:58:02.474-0400: 47.927: [GC (GCLocker Initiated GC) [PSYoungGen: 88064K->86242K(175104K)] 140798K->163277K(699392K), 0.0090085 secs] [Times: user=0.11 sys=0.00, real=0.02 secs] 
2016-09-24T00:58:02.583-0400: 48.036: [GC (GCLocker Initiated GC) [PSYoungGen: 174306K->79879K(175104K)] 251389K->212225K(699392K), 0.0130428 secs] [Times: user=0.19 sys=0.00, real=0.01 secs] 
2016-09-24T00:58:02.700-0400: 48.154: [GC (GCLocker Initiated GC) [PSYoungGen: 167943K->61522K(175104K)] 300454K->249016K(699392K), 0.0110205 secs] [Times: user=0.14 sys=0.00, real=0.01 secs] 
2016-09-24T00:58:02.832-0400: 48.286: [GC (Allocation Failure) [PSYoungGen: 149586K->61362K(175104K)] 343381K->279725K(699392K), 0.0086478 secs] [Times: user=0.08 sys=0.00, real=0.01 secs] 
2016-09-24T00:58:02.955-0400: 48.408: [GC (GCLocker Initiated GC) [PSYoungGen: 149426K->73444K(175104K)] 367789K->328573K(699392K), 0.0127960 secs] [Times: user=0.14 sys=0.00, real=0.01 secs] 
2016-09-24T00:58:03.080-0400: 48.533: [GC (GCLocker Initiated GC) [PSYoungGen: 161508K->86314K(175104K)] 416729K->402452K(699392K), 0.0153459 secs] [Times: user=0.20 sys=0.02, real=0.02 secs] 
2016-09-24T00:58:03.230-0400: 48.683: [GC (GCLocker Initiated GC) [PSYoungGen: 174378K->73840K(175104K)] 490524K->408830K(699392K), 0.0103845 secs] [Times: user=0.11 sys=0.00, real=0.01 secs] 
2016-09-24T00:58:03.351-0400: 48.805: [GC (GCLocker Initiated GC) [PSYoungGen: 161904K->79651K(175104K)] 497015K->433271K(699392K), 0.0231583 secs] [Times: user=0.20 sys=0.00, real=0.03 secs] 
2016-09-24T00:58:03.508-0400: 48.962: [GC (GCLocker Initiated GC) [PSYoungGen: 167715K->37194K(175104K)] 521540K->445821K(699392K), 0.0165995 secs] [Times: user=0.18 sys=0.00, real=0.02 secs] 
2016-09-24T00:58:03.621-0400: 49.075: [GC (GCLocker Initiated GC) [PSYoungGen: 125258K->42973K(175104K)] 533978K->512703K(699392K), 0.0172468 secs] [Times: user=0.19 sys=0.00, real=0.02 secs] 
2016-09-24T00:58:03.638-0400: 49.092: [Full GC (Ergonomics) [PSYoungGen: 42973K->0K(175104K)] [ParOldGen: 469729K->58379K(524288K)] 512703K->58379K(699392K), [Metaspace: 44077K->44077K(1087488K)], 0.0745207 secs] [Times: user=0.32 sys=0.03, real=0.07 secs] 
2016-09-24T00:58:03.810-0400: 49.264: [GC (GCLocker Initiated GC) [PSYoungGen: 88064K->80587K(175104K)] 146552K->139075K(699392K), 0.0313217 secs] [Times: user=0.38 sys=0.00, real=0.03 secs] 
2016-09-24T00:58:03.957-0400: 49.410: [GC (GCLocker Initiated GC) [PSYoungGen: 168651K->73608K(175104K)] 233388K->231046K(699392K), 0.0122059 secs] [Times: user=0.15 sys=0.01, real=0.01 secs] 
2016-09-24T00:58:04.098-0400: 49.552: [GC (GCLocker Initiated GC) [PSYoungGen: 161672K->18936K(175104K)] 331475K->225277K(699392K), 0.0090682 secs] [Times: user=0.06 sys=0.01, real=0.01 secs] 
2016-09-24T00:58:04.205-0400: 49.659: [GC (GCLocker Initiated GC) [PSYoungGen: 107000K->85822K(175104K)] 325544K->335048K(699392K), 0.0094983 secs] [Times: user=0.12 sys=0.00, real=0.01 secs] 
2016-09-24T00:58:04.322-0400: 49.775: [GC (GCLocker Initiated GC) [PSYoungGen: 173886K->43137K(175104K)] 435550K->378016K(699392K), 0.0174052 secs] [Times: user=0.18 sys=0.01, real=0.02 secs] 
2016-09-24T00:58:04.458-0400: 49.912: [GC (GCLocker Initiated GC) [PSYoungGen: 131201K->73476K(175104K)] 466161K->408720K(699392K), 0.0093376 secs] [Times: user=0.08 sys=0.00, real=0.01 secs] 
2016-09-24T00:58:04.613-0400: 50.066: [GC (GCLocker Initiated GC) [PSYoungGen: 161540K->73804K(175104K)] 503215K->433855K(699392K), 0.0090301 secs] [Times: user=0.11 sys=0.01, real=0.01 secs] 
2016-09-24T00:58:04.752-0400: 50.206: [GC (GCLocker Initiated GC) [PSYoungGen: 161868K->73836K(175104K)] 522241K->452725K(699392K), 0.0102270 secs] [Times: user=0.15 sys=0.00, real=0.02 secs] 
2016-09-24T00:58:04.900-0400: 50.354: [GC (GCLocker Initiated GC) [PSYoungGen: 161900K->73448K(175104K)] 553020K->489136K(699392K), 0.0177343 secs] [Times: user=0.19 sys=0.01, real=0.02 secs] 
2016-09-24T00:58:05.033-0400: 50.486: [GC (GCLocker Initiated GC) [PSYoungGen: 161512K->67501K(175104K)] 577260K->501625K(699392K), 0.0082892 secs] [Times: user=0.08 sys=0.00, real=0.01 secs] 
2016-09-24T00:58:05.042-0400: 50.495: [Full GC (Ergonomics) [PSYoungGen: 67501K->0K(175104K)] [ParOldGen: 434124K->58551K(524288K)] 501625K->58551K(699392K), [Metaspace: 44086K->44086K(1087488K)], 0.0864397 secs] [Times: user=0.34 sys=0.05, real=0.09 secs] 
2016-09-24T00:58:05.236-0400: 50.690: [GC (GCLocker Initiated GC) [PSYoungGen: 88064K->86306K(175104K)] 152887K->151138K(699392K), 0.0118333 secs] [Times: user=0.08 sys=0.01, real=0.01 secs] 
2016-09-24T00:58:05.375-0400: 50.828: [GC (GCLocker Initiated GC) [PSYoungGen: 174370K->85594K(175104K)] 239543K->206613K(699392K), 0.0249090 secs] [Times: user=0.35 sys=0.00, real=0.02 secs] 
2016-09-24T00:58:05.525-0400: 50.979: [GC (GCLocker Initiated GC) [PSYoungGen: 173658K->79519K(175104K)] 294921K->273857K(699392K), 0.0268206 secs] [Times: user=0.32 sys=0.01, real=0.02 secs] 
2016-09-24T00:58:05.674-0400: 51.128: [GC (Allocation Failure) [PSYoungGen: 167583K->61522K(175104K)] 374416K->304940K(699392K), 0.0108723 secs] [Times: user=0.14 sys=0.00, real=0.01 secs] 
2016-09-24T00:58:05.794-0400: 51.247: [GC (GCLocker Initiated GC) [PSYoungGen: 149586K->85954K(175104K)] 393010K->341859K(699392K), 0.0105965 secs] [Times: user=0.14 sys=0.00, real=0.02 secs] 
2016-09-24T00:58:05.916-0400: 51.370: [GC (GCLocker Initiated GC) [PSYoungGen: 174018K->73476K(175104K)] 429998K->366386K(699392K), 0.0101211 secs] [Times: user=0.15 sys=0.01, real=0.01 secs] 
2016-09-24T00:58:06.025-0400: 51.478: [GC (GCLocker Initiated GC) [PSYoungGen: 161540K->55227K(175104K)] 454621K->348363K(699392K), 0.0188509 secs] [Times: user=0.09 sys=0.00, real=0.02 secs] 
2016-09-24T00:58:06.188-0400: 51.642: [GC (Allocation Failure) [PSYoungGen: 143291K->73380K(175104K)] 436564K->385177K(699392K), 0.0100178 secs] [Times: user=0.13 sys=0.00, real=0.01 secs] 
2016-09-24T00:58:06.316-0400: 51.769: [GC (GCLocker Initiated GC) [PSYoungGen: 160548K->55483K(175104K)] 478421K->409917K(699392K), 0.0258495 secs] [Times: user=0.34 sys=0.00, real=0.02 secs] 
2016-09-24T00:58:06.488-0400: 51.941: [GC (GCLocker Initiated GC) [PSYoungGen: 143547K->67209K(175104K)] 504238K->452467K(699392K), 0.0276729 secs] [Times: user=0.31 sys=0.00, real=0.03 secs] 
2016-09-24T00:58:06.654-0400: 52.108: [GC (GCLocker Initiated GC) [PSYoungGen: 155273K->55551K(175104K)] 546821K->477570K(699392K), 0.0129778 secs] [Times: user=0.09 sys=0.01, real=0.02 secs] 
2016-09-24T00:58:06.784-0400: 52.238: [GC (GCLocker Initiated GC) [PSYoungGen: 143615K->85726K(175104K)] 565749K->532755K(699392K), 0.0112016 secs] [Times: user=0.11 sys=0.00, real=0.01 secs] 
2016-09-24T00:58:06.932-0400: 52.386: [GC (Allocation Failure) [PSYoungGen: 173790K->55447K(175104K)] 627143K->569717K(699392K), 0.0108990 secs] [Times: user=0.12 sys=0.01, real=0.02 secs] 
2016-09-24T00:58:06.943-0400: 52.397: [Full GC (Ergonomics) [PSYoungGen: 55447K->0K(175104K)] [ParOldGen: 514270K->46605K(524288K)] 569717K->46605K(699392K), [Metaspace: 44154K->44154K(1087488K)], 0.0531738 secs] [Times: user=0.29 sys=0.00, real=0.05 secs] 
2016-09-24T00:58:07.117-0400: 52.570: [GC (GCLocker Initiated GC) [PSYoungGen: 85915K->67921K(175104K)] 138595K->120601K(699392K), 0.0204508 secs] [Times: user=0.23 sys=0.00, real=0.02 secs] 
2016-09-24T00:58:07.254-0400: 52.707: [GC (Allocation Failure) [PSYoungGen: 155985K->73608K(175104K)] 214882K->151286K(699392K), 0.0184381 secs] [Times: user=0.21 sys=0.00, real=0.02 secs] 
2016-09-24T00:58:07.397-0400: 52.850: [GC (GCLocker Initiated GC) [PSYoungGen: 160430K->55419K(175104K)] 244183K->139447K(699392K), 0.0099494 secs] [Times: user=0.10 sys=0.00, real=0.01 secs] 
2016-09-24T00:58:07.519-0400: 52.973: [GC (GCLocker Initiated GC) [PSYoungGen: 143483K->48888K(175104K)] 227632K->151505K(699392K), 0.0323548 secs] [Times: user=0.29 sys=0.00, real=0.03 secs] 
2016-09-24T00:58:07.718-0400: 53.171: [GC (GCLocker Initiated GC) [PSYoungGen: 136952K->55255K(175104K)] 245647K->164029K(699392K), 0.0061627 secs] [Times: user=0.05 sys=0.00, real=0.01 secs] 
2016-09-24T00:58:07.843-0400: 53.297: [GC (GCLocker Initiated GC) [PSYoungGen: 143319K->85498K(175104K)] 252230K->206842K(699392K), 0.0194964 secs] [Times: user=0.18 sys=0.01, real=0.02 secs] 
2016-09-24T00:58:07.951-0400: 53.404: [GC (GCLocker Initiated GC) [PSYoungGen: 173562K->79779K(175104K)] 295261K->244147K(699392K), 0.0144864 secs] [Times: user=0.16 sys=0.00, real=0.02 secs] 
2016-09-24T00:58:08.091-0400: 53.544: [GC (GCLocker Initiated GC) [PSYoungGen: 167843K->79847K(175104K)] 332342K->281103K(699392K), 0.0118701 secs] [Times: user=0.12 sys=0.01, real=0.02 secs] 
2016-09-24T00:58:08.219-0400: 53.673: [GC (GCLocker Initiated GC) [PSYoungGen: 167911K->85598K(175104K)] 369221K->311459K(699392K), 0.0112778 secs] [Times: user=0.10 sys=0.00, real=0.01 secs] 
2016-09-24T00:58:08.342-0400: 53.796: [GC (GCLocker Initiated GC) [PSYoungGen: 173662K->79651K(175104K)] 399583K->366465K(699392K), 0.0330857 secs] [Times: user=0.42 sys=0.01, real=0.03 secs] 
2016-09-24T00:58:08.476-0400: 53.929: [GC (GCLocker Initiated GC) [PSYoungGen: 167715K->79783K(175104K)] 454577K->409461K(699392K), 0.0134856 secs] [Times: user=0.13 sys=0.00, real=0.01 secs] 
2016-09-24T00:58:08.648-0400: 54.101: [GC (GCLocker Initiated GC) [PSYoungGen: 167847K->49312K(175104K)] 497757K->422171K(699392K), 0.0282557 secs] [Times: user=0.27 sys=0.00, real=0.03 secs] 
2016-09-24T00:58:08.796-0400: 54.250: [GC (Allocation Failure) [PSYoungGen: 137376K->85726K(175104K)] 510523K->465083K(699392K), 0.0103980 secs] [Times: user=0.09 sys=0.00, real=0.01 secs] 
2016-09-24T00:58:08.807-0400: 54.261: [GC (GCLocker Initiated GC) [PSYoungGen: 85748K->224K(175104K)] 465106K->464993K(699392K), 0.0219197 secs] [Times: user=0.23 sys=0.01, real=0.02 secs] 
2016-09-24T00:58:08.830-0400: 54.283: [Full GC (Ergonomics) [PSYoungGen: 224K->0K(175104K)] [ParOldGen: 464769K->51827K(524288K)] 464993K->51827K(699392K), [Metaspace: 44155K->44155K(1087488K)], 0.0662864 secs] [Times: user=0.39 sys=0.00, real=0.07 secs] 
2016-09-24T00:58:09.005-0400: 54.458: [GC (GCLocker Initiated GC) [PSYoungGen: 86335K->85758K(175104K)] 144237K->149735K(699392K), 0.0101490 secs] [Times: user=0.12 sys=0.00, real=0.01 secs] 
2016-09-24T00:58:09.143-0400: 54.596: [GC (GCLocker Initiated GC) [PSYoungGen: 173822K->49408K(175104K)] 249996K->162308K(699392K), 0.0144023 secs] [Times: user=0.17 sys=0.00, real=0.01 secs] 
2016-09-24T00:58:09.256-0400: 54.709: [GC (Allocation Failure) [PSYoungGen: 137469K->85822K(175104K)] 257202K->278763K(699392K), 0.0119934 secs] [Times: user=0.13 sys=0.00, real=0.01 secs] 
2016-09-24T00:58:09.376-0400: 54.830: [GC (GCLocker Initiated GC) [PSYoungGen: 171875K->49084K(175104K)] 370892K->272652K(699392K), 0.0191617 secs] [Times: user=0.18 sys=0.00, real=0.02 secs] 
2016-09-24T00:58:09.517-0400: 54.970: [GC (GCLocker Initiated GC) [PSYoungGen: 137148K->43073K(175104K)] 366816K->309435K(699392K), 0.0311494 secs] [Times: user=0.29 sys=0.00, real=0.03 secs] 
2016-09-24T00:58:09.671-0400: 55.124: [GC (Allocation Failure) [PSYoungGen: 131137K->67473K(175104K)] 403711K->352285K(699392K), 0.0218411 secs] [Times: user=0.19 sys=0.00, real=0.02 secs] 
2016-09-24T00:58:09.826-0400: 55.279: [GC (GCLocker Initiated GC) [PSYoungGen: 155537K->61230K(175104K)] 446424K->395081K(699392K), 0.0282587 secs] [Times: user=0.26 sys=0.00, real=0.02 secs] 
2016-09-24T00:58:10.000-0400: 55.454: [GC (Allocation Failure) [PSYoungGen: 149294K->37162K(175104K)] 489240K->377227K(699392K), 0.0067566 secs] [Times: user=0.06 sys=0.01, real=0.01 secs] 
2016-09-24T00:58:10.113-0400: 55.567: [GC (Allocation Failure) [PSYoungGen: 122115K->79715K(175104K)] 462181K->420056K(699392K), 0.0076158 secs] [Times: user=0.07 sys=0.00, real=0.01 secs] 
2016-09-24T00:58:10.254-0400: 55.708: [GC (GCLocker Initiated GC) [PSYoungGen: 167779K->67473K(175104K)] 508121K->438269K(699392K), 0.0137943 secs] [Times: user=0.11 sys=0.00, real=0.01 secs] 
2016-09-24T00:58:10.397-0400: 55.850: [GC (GCLocker Initiated GC) [PSYoungGen: 155537K->55387K(175104K)] 532456K->450807K(699392K), 0.0202150 secs] [Times: user=0.21 sys=0.00, real=0.02 secs] 
2016-09-24T00:58:10.518-0400: 55.972: [GC (GCLocker Initiated GC) [PSYoungGen: 143451K->79683K(175104K)] 544961K->499545K(699392K), 0.0305634 secs] [Times: user=0.38 sys=0.01, real=0.03 secs] 
2016-09-24T00:58:10.660-0400: 56.114: [GC (GCLocker Initiated GC) [PSYoungGen: 167747K->73640K(175104K)] 593872K->530415K(699392K), 0.0115777 secs] [Times: user=0.11 sys=0.00, real=0.01 secs] 
2016-09-24T00:58:10.672-0400: 56.126: [Full GC (Ergonomics) [PSYoungGen: 73640K->0K(175104K)] [ParOldGen: 456775K->51823K(524288K)] 530415K->51823K(699392K), [Metaspace: 44155K->44155K(1087488K)], 0.0650358 secs] [Times: user=0.38 sys=0.02, real=0.07 secs] 
2016-09-24T00:58:10.862-0400: 56.315: [GC (GCLocker Initiated GC) [PSYoungGen: 88064K->86406K(175104K)] 139893K->150385K(699392K), 0.0205030 secs] [Times: user=0.27 sys=0.00, real=0.03 secs] 
2016-09-24T00:58:11.018-0400: 56.471: [GC (Allocation Failure) [PSYoungGen: 174470K->49504K(175104K)] 250634K->181063K(699392K), 0.0257958 secs] [Times: user=0.25 sys=0.01, real=0.03 secs] 
2016-09-24T00:58:11.142-0400: 56.595: [GC (GCLocker Initiated GC) [PSYoungGen: 137568K->67341K(175104K)] 269134K->211309K(699392K), 0.0102128 secs] [Times: user=0.07 sys=0.00, real=0.01 secs] 
2016-09-24T00:58:11.282-0400: 56.735: [GC (GCLocker Initiated GC) [PSYoungGen: 155405K->55351K(175104K)] 305591K->242294K(699392K), 0.0120082 secs] [Times: user=0.12 sys=0.00, real=0.01 secs] 
2016-09-24T00:58:11.413-0400: 56.866: [GC (GCLocker Initiated GC) [PSYoungGen: 143415K->73544K(175104K)] 336598K->266987K(699392K), 0.0159833 secs] [Times: user=0.16 sys=0.00, real=0.02 secs] 
2016-09-24T00:58:11.542-0400: 56.995: [GC (Allocation Failure) [PSYoungGen: 161608K->79687K(175104K)] 355165K->303731K(699392K), 0.0318563 secs] [Times: user=0.35 sys=0.01, real=0.03 secs] 
2016-09-24T00:58:11.708-0400: 57.161: [GC (GCLocker Initiated GC) [PSYoungGen: 164304K->30823K(175104K)] 394423K->321959K(699392K), 0.0122596 secs] [Times: user=0.09 sys=0.00, real=0.01 secs] 
2016-09-24T00:58:11.906-0400: 57.359: [GC (GCLocker Initiated GC) [PSYoungGen: 118887K->36834K(175104K)] 422452K->340494K(699392K), 0.0208157 secs] [Times: user=0.19 sys=0.01, real=0.02 secs] 
2016-09-24T00:58:12.050-0400: 57.504: [GC (GCLocker Initiated GC) [PSYoungGen: 124898K->85370K(175104K)] 428607K->401332K(699392K), 0.0191413 secs] [Times: user=0.20 sys=0.00, real=0.02 secs] 
2016-09-24T00:58:12.194-0400: 57.647: [GC (GCLocker Initiated GC) [PSYoungGen: 173434K->61362K(175104K)] 489487K->413993K(699392K), 0.0381183 secs] [Times: user=0.43 sys=0.00, real=0.04 secs] 
2016-09-24T00:58:12.332-0400: 57.785: [GC (GCLocker Initiated GC) [PSYoungGen: 149426K->73836K(175104K)] 508137K->451244K(699392K), 0.0102805 secs] [Times: user=0.13 sys=0.01, real=0.02 secs] 
2016-09-24T00:58:12.453-0400: 57.907: [GC (GCLocker Initiated GC) [PSYoungGen: 161900K->73772K(175104K)] 545716K->476308K(699392K), 0.0111159 secs] [Times: user=0.18 sys=0.00, real=0.02 secs] 
2016-09-24T00:58:12.599-0400: 58.052: [GC (Allocation Failure) [PSYoungGen: 161836K->67437K(175104K)] 564649K->488751K(699392K), 0.0216539 secs] [Times: user=0.24 sys=0.00, real=0.02 secs] 
2016-09-24T00:58:12.729-0400: 58.182: [GC (GCLocker Initiated GC) [PSYoungGen: 154167K->73544K(175104K)] 581556K->525328K(699392K), 0.0225235 secs] [Times: user=0.22 sys=0.01, real=0.02 secs] 
2016-09-24T00:58:12.903-0400: 58.356: [GC (GCLocker Initiated GC) [PSYoungGen: 161608K->18936K(175104K)] 619575K->513458K(699392K), 0.0227649 secs] [Times: user=0.24 sys=0.01, real=0.02 secs] 
2016-09-24T00:58:12.926-0400: 58.379: [Full GC (Ergonomics) [PSYoungGen: 18936K->0K(175104K)] [ParOldGen: 494521K->51962K(524288K)] 513458K->51962K(699392K), [Metaspace: 44155K->44155K(1087488K)], 0.0676621 secs] [Times: user=0.37 sys=0.02, real=0.06 secs] 
2016-09-24T00:58:13.096-0400: 58.549: [GC (GCLocker Initiated GC) [PSYoungGen: 88064K->86530K(175104K)] 146155K->181071K(699392K), 0.0097928 secs] [Times: user=0.13 sys=0.00, real=0.01 secs] 
2016-09-24T00:58:13.210-0400: 58.663: [GC (GCLocker Initiated GC) [PSYoungGen: 174594K->73936K(175104K)] 281456K->224307K(699392K), 0.0120013 secs] [Times: user=0.12 sys=0.01, real=0.01 secs] 
2016-09-24T00:58:13.331-0400: 58.784: [GC (GCLocker Initiated GC) [PSYoungGen: 162000K->79719K(175104K)] 312681K->230520K(699392K), 0.0231343 secs] [Times: user=0.23 sys=0.00, real=0.02 secs] 
2016-09-24T00:58:13.491-0400: 58.944: [GC (GCLocker Initiated GC) [PSYoungGen: 167783K->42977K(175104K)] 318586K->230302K(699392K), 0.0142778 secs] [Times: user=0.12 sys=0.00, real=0.02 secs] 
2016-09-24T00:58:13.609-0400: 59.062: [GC (GCLocker Initiated GC) [PSYoungGen: 131041K->79555K(175104K)] 324577K->273351K(699392K), 0.0215763 secs] [Times: user=0.20 sys=0.00, real=0.02 secs] 
2016-09-24T00:58:13.772-0400: 59.226: [GC (GCLocker Initiated GC) [PSYoungGen: 167619K->73544K(175104K)] 373601K->298026K(699392K), 0.0268176 secs] [Times: user=0.25 sys=0.00, real=0.03 secs] 
2016-09-24T00:58:13.926-0400: 59.379: [GC (GCLocker Initiated GC) [PSYoungGen: 161608K->49244K(175104K)] 392298K->322751K(699392K), 0.0273016 secs] [Times: user=0.25 sys=0.01, real=0.02 secs] 
2016-09-24T00:58:14.083-0400: 59.536: [GC (GCLocker Initiated GC) [PSYoungGen: 137308K->61398K(175104K)] 410879K->341147K(699392K), 0.0165423 secs] [Times: user=0.16 sys=0.00, real=0.01 secs] 
2016-09-24T00:58:14.198-0400: 59.651: [GC (GCLocker Initiated GC) [PSYoungGen: 149462K->73544K(175104K)] 429561K->372316K(699392K), 0.0152409 secs] [Times: user=0.15 sys=0.00, real=0.01 secs] 
2016-09-24T00:58:14.336-0400: 59.789: [GC (GCLocker Initiated GC) [PSYoungGen: 161608K->55291K(175104K)] 460640K->384957K(699392K), 0.0408767 secs] [Times: user=0.42 sys=0.00, real=0.04 secs] 
2016-09-24T00:58:14.496-0400: 59.950: [GC (GCLocker Initiated GC) [PSYoungGen: 143355K->85854K(175104K)] 479163K->428028K(699392K), 0.0133774 secs] [Times: user=0.16 sys=0.00, real=0.01 secs] 
2016-09-24T00:58:14.658-0400: 60.112: [GC (GCLocker Initiated GC) [PSYoungGen: 173918K->37194K(175104K)] 528565K->428418K(699392K), 0.0167822 secs] [Times: user=0.15 sys=0.01, real=0.02 secs] 
2016-09-24T00:58:14.803-0400: 60.257: [GC (Allocation Failure) [PSYoungGen: 125258K->73676K(175104K)] 516764K->465786K(699392K), 0.0153124 secs] [Times: user=0.16 sys=0.00, real=0.01 secs] 
2016-09-24T00:58:14.955-0400: 60.408: [GC (GCLocker Initiated GC) [PSYoungGen: 161740K->55059K(175104K)] 553850K->495880K(699392K), 0.0287699 secs] [Times: user=0.29 sys=0.00, real=0.03 secs] 
2016-09-24T00:58:15.077-0400: 60.531: [GC (GCLocker Initiated GC) [PSYoungGen: 143123K->85726K(175104K)] 584076K->581481K(699392K), 0.0246969 secs] [Times: user=0.23 sys=0.00, real=0.03 secs] 
2016-09-24T00:58:15.102-0400: 60.556: [Full GC (Ergonomics) [PSYoungGen: 85726K->0K(175104K)] [ParOldGen: 495755K->57921K(524288K)] 581481K->57921K(699392K), [Metaspace: 44167K->44167K(1087488K)], 0.0741260 secs] [Times: user=0.47 sys=0.01, real=0.07 secs] 
2016-09-24T00:58:15.285-0400: 60.739: [GC (GCLocker Initiated GC) [PSYoungGen: 88064K->86762K(175104K)] 146267K->157115K(699392K), 0.0353248 secs] [Times: user=0.42 sys=0.00, real=0.03 secs] 
2016-09-24T00:58:15.428-0400: 60.881: [GC (GCLocker Initiated GC) [PSYoungGen: 174826K->43041K(175104K)] 251375K->163198K(699392K), 0.0147615 secs] [Times: user=0.09 sys=0.01, real=0.02 secs] 
2016-09-24T00:58:15.555-0400: 61.008: [GC (GCLocker Initiated GC) [PSYoungGen: 131105K->61362K(175104K)] 257452K->236428K(699392K), 0.0197607 secs] [Times: user=0.21 sys=0.00, real=0.02 secs] 
2016-09-24T00:58:15.698-0400: 61.152: [GC (GCLocker Initiated GC) [PSYoungGen: 149426K->73580K(175104K)] 324663K->273392K(699392K), 0.0140804 secs] [Times: user=0.12 sys=0.00, real=0.01 secs] 
2016-09-24T00:58:15.833-0400: 61.287: [GC (GCLocker Initiated GC) [PSYoungGen: 161644K->30923K(175104K)] 367892K->286170K(699392K), 0.0187281 secs] [Times: user=0.17 sys=0.00, real=0.02 secs] 
2016-09-24T00:58:15.961-0400: 61.414: [GC (Allocation Failure) [PSYoungGen: 118987K->86054K(175104K)] 380492K->353770K(699392K), 0.0132888 secs] [Times: user=0.13 sys=0.00, real=0.02 secs] 
2016-09-24T00:58:16.139-0400: 61.592: [GC (Allocation Failure) [PSYoungGen: 174118K->42813K(175104K)] 441834K->353485K(699392K), 0.0258902 secs] [Times: user=0.23 sys=0.00, real=0.03 secs] 
2016-09-24T00:58:16.295-0400: 61.748: [GC (GCLocker Initiated GC) [PSYoungGen: 130877K->73576K(175104K)] 441549K->384368K(699392K), 0.0245057 secs] [Times: user=0.26 sys=0.01, real=0.02 secs] 
2016-09-24T00:58:16.450-0400: 61.903: [GC (GCLocker Initiated GC) [PSYoungGen: 161640K->61198K(175104K)] 472509K->390591K(699392K), 0.0214228 secs] [Times: user=0.21 sys=0.02, real=0.02 secs] 
2016-09-24T00:58:16.571-0400: 62.025: [GC (GCLocker Initiated GC) [PSYoungGen: 149262K->73544K(175104K)] 478966K->403344K(699392K), 0.0162616 secs] [Times: user=0.18 sys=0.00, real=0.02 secs] 
2016-09-24T00:58:16.707-0400: 62.160: [GC (GCLocker Initiated GC) [PSYoungGen: 161608K->73476K(175104K)] 498158K->452851K(699392K), 0.0109410 secs] [Times: user=0.14 sys=0.01, real=0.01 secs] 
2016-09-24T00:58:16.860-0400: 62.313: [GC (GCLocker Initiated GC) [PSYoungGen: 161540K->55255K(175104K)] 547279K->459338K(699392K), 0.0120876 secs] [Times: user=0.10 sys=0.00, real=0.01 secs] 
2016-09-24T00:58:17.008-0400: 62.462: [GC (GCLocker Initiated GC) [PSYoungGen: 143319K->73640K(175104K)] 548172K->515071K(699392K), 0.0212428 secs] [Times: user=0.25 sys=0.00, real=0.02 secs] 
2016-09-24T00:58:17.143-0400: 62.597: [GC (GCLocker Initiated GC) [PSYoungGen: 161704K->79779K(175104K)] 603333K->539768K(699392K), 0.0122105 secs] [Times: user=0.16 sys=0.01, real=0.01 secs] 
2016-09-24T00:58:17.156-0400: 62.609: [Full GC (Ergonomics) [PSYoungGen: 79779K->0K(175104K)] [ParOldGen: 459989K->51584K(524288K)] 539768K->51584K(699392K), [Metaspace: 44172K->44172K(1087488K)], 0.1111449 secs] [Times: user=1.31 sys=0.01, real=0.11 secs] 
2016-09-24T00:58:17.379-0400: 62.833: [GC (GCLocker Initiated GC) [PSYoungGen: 88064K->73508K(175104K)] 139707K->125151K(699392K), 0.0098688 secs] [Times: user=0.13 sys=0.00, real=0.01 secs] 
2016-09-24T00:58:17.493-0400: 62.947: [GC (GCLocker Initiated GC) [PSYoungGen: 161572K->86150K(175104K)] 213385K->180640K(699392K), 0.0119725 secs] [Times: user=0.16 sys=0.00, real=0.02 secs] 
2016-09-24T00:58:17.602-0400: 63.055: [GC (GCLocker Initiated GC) [PSYoungGen: 174214K->85758K(175104K)] 268953K->211672K(699392K), 0.0161441 secs] [Times: user=0.21 sys=0.01, real=0.02 secs] 
2016-09-24T00:58:17.732-0400: 63.186: [GC (GCLocker Initiated GC) [PSYoungGen: 173820K->43265K(175104K)] 306170K->248666K(699392K), 0.0155755 secs] [Times: user=0.17 sys=0.00, real=0.02 secs] 
2016-09-24T00:58:17.889-0400: 63.343: [GC (GCLocker Initiated GC) [PSYoungGen: 131329K->73708K(175104K)] 337080K->297967K(699392K), 0.0130223 secs] [Times: user=0.11 sys=0.01, real=0.02 secs] 
2016-09-24T00:58:18.024-0400: 63.477: [GC (GCLocker Initiated GC) [PSYoungGen: 161772K->85822K(175104K)] 386157K->329076K(699392K), 0.0180530 secs] [Times: user=0.23 sys=0.00, real=0.01 secs] 
2016-09-24T00:58:18.156-0400: 63.610: [GC (GCLocker Initiated GC) [PSYoungGen: 173886K->67829K(175104K)] 417456K->341893K(699392K), 0.0121434 secs] [Times: user=0.09 sys=0.00, real=0.01 secs] 
2016-09-24T00:58:18.311-0400: 63.764: [GC (GCLocker Initiated GC) [PSYoungGen: 155893K->43105K(175104K)] 442457K->372610K(699392K), 0.0257649 secs] [Times: user=0.24 sys=0.00, real=0.03 secs] 
2016-09-24T00:58:18.475-0400: 63.928: [GC (GCLocker Initiated GC) [PSYoungGen: 131169K->55419K(175104K)] 461006K->403577K(699392K), 0.0156796 secs] [Times: user=0.12 sys=0.00, real=0.01 secs] 
2016-09-24T00:58:18.620-0400: 64.073: [GC (Allocation Failure) [PSYoungGen: 143483K->55583K(175104K)] 504141K->416485K(699392K), 0.0166436 secs] [Times: user=0.14 sys=0.00, real=0.02 secs] 
2016-09-24T00:58:18.637-0400: 64.090: [GC (GCLocker Initiated GC) [PSYoungGen: 55598K->224K(175104K)] 416500K->416359K(699392K), 0.0146715 secs] [Times: user=0.13 sys=0.00, real=0.01 secs] 
2016-09-24T00:58:18.777-0400: 64.231: [GC (GCLocker Initiated GC) [PSYoungGen: 88285K->67145K(175104K)] 504425K->483293K(699392K), 0.0095977 secs] [Times: user=0.09 sys=0.00, real=0.01 secs] 
2016-09-24T00:58:18.909-0400: 64.362: [GC (Allocation Failure) [PSYoungGen: 155209K->49280K(175104K)] 577637K->514345K(699392K), 0.0170255 secs] [Times: user=0.15 sys=0.00, real=0.02 secs] 
2016-09-24T00:58:18.926-0400: 64.379: [Full GC (Ergonomics) [PSYoungGen: 49280K->0K(175104K)] [ParOldGen: 465065K->51795K(524288K)] 514345K->51795K(699392K), [Metaspace: 44173K->44173K(1087488K)], 0.0595325 secs] [Times: user=0.32 sys=0.03, real=0.06 secs] 
2016-09-24T00:58:19.107-0400: 64.560: [GC (GCLocker Initiated GC) [PSYoungGen: 83195K->74060K(175104K)] 141066K->131930K(699392K), 0.0167394 secs] [Times: user=0.18 sys=0.00, real=0.02 secs] 
2016-09-24T00:58:19.263-0400: 64.716: [GC (GCLocker Initiated GC) [PSYoungGen: 162124K->43137K(175104K)] 232494K->150808K(699392K), 0.0099353 secs] [Times: user=0.09 sys=0.01, real=0.00 secs] 
2016-09-24T00:58:19.408-0400: 64.862: [GC (GCLocker Initiated GC) [PSYoungGen: 131201K->31378K(175104K)] 257123K->157373K(699392K), 0.0116327 secs] [Times: user=0.14 sys=0.01, real=0.01 secs] 
2016-09-24T00:58:19.535-0400: 64.988: [GC (Allocation Failure) [PSYoungGen: 119442K->73704K(175104K)] 245608K->230723K(699392K), 0.0089523 secs] [Times: user=0.13 sys=0.00, real=0.01 secs] 
2016-09-24T00:58:19.652-0400: 65.105: [GC (GCLocker Initiated GC) [PSYoungGen: 161762K->49312K(175104K)] 324856K->261273K(699392K), 0.0158466 secs] [Times: user=0.11 sys=0.00, real=0.02 secs] 
2016-09-24T00:58:19.810-0400: 65.264: [GC (GCLocker Initiated GC) [PSYoungGen: 137376K->55027K(175104K)] 355466K->291749K(699392K), 0.0340146 secs] [Times: user=0.31 sys=0.01, real=0.04 secs] 
2016-09-24T00:58:19.965-0400: 65.418: [GC (GCLocker Initiated GC) [PSYoungGen: 143091K->79623K(175104K)] 386015K->322626K(699392K), 0.0153417 secs] [Times: user=0.15 sys=0.00, real=0.01 secs] 
2016-09-24T00:58:20.102-0400: 65.555: [GC (GCLocker Initiated GC) [PSYoungGen: 167687K->43041K(175104K)] 417014K->341244K(699392K), 0.0347967 secs] [Times: user=0.32 sys=0.00, real=0.04 secs] 
2016-09-24T00:58:20.262-0400: 65.716: [GC (GCLocker Initiated GC) [PSYoungGen: 131105K->55255K(175104K)] 429366K->390242K(699392K), 0.0205967 secs] [Times: user=0.19 sys=0.01, real=0.02 secs] 
2016-09-24T00:58:20.407-0400: 65.860: [GC (GCLocker Initiated GC) [PSYoungGen: 143319K->67409K(175104K)] 478532K->408957K(699392K), 0.0466722 secs] [Times: user=0.45 sys=0.01, real=0.04 secs] 
2016-09-24T00:58:20.591-0400: 66.044: [GC (GCLocker Initiated GC) [PSYoungGen: 155473K->42977K(175104K)] 497163K->384934K(699392K), 0.0224781 secs] [Times: user=0.24 sys=0.00, real=0.02 secs] 
2016-09-24T00:58:20.749-0400: 66.202: [GC (GCLocker Initiated GC) [PSYoungGen: 131041K->61262K(175104K)] 473022K->421784K(699392K), 0.0253376 secs] [Times: user=0.28 sys=0.00, real=0.03 secs] 
2016-09-24T00:58:20.897-0400: 66.351: [GC (GCLocker Initiated GC) [PSYoungGen: 149326K->85562K(175104K)] 509918K->470581K(699392K), 0.0132708 secs] [Times: user=0.14 sys=0.00, real=0.01 secs] 
2016-09-24T00:58:21.054-0400: 66.507: [GC (GCLocker Initiated GC) [PSYoungGen: 173626K->61362K(175104K)] 564777K->489059K(699392K), 0.0225638 secs] [Times: user=0.24 sys=0.00, real=0.03 secs] 
2016-09-24T00:58:21.184-0400: 66.638: [GC (GCLocker Initiated GC) [PSYoungGen: 149426K->85986K(175104K)] 583430K->520313K(699392K), 0.0117584 secs] [Times: user=0.15 sys=0.00, real=0.01 secs] 
2016-09-24T00:58:21.298-0400: 66.752: [GC (GCLocker Initiated GC) [PSYoungGen: 174050K->79747K(175104K)] 608520K->569199K(699392K), 0.0120461 secs] [Times: user=0.18 sys=0.00, real=0.01 secs] 
2016-09-24T00:58:21.312-0400: 66.765: [Full GC (Ergonomics) [PSYoungGen: 79747K->0K(175104K)] [ParOldGen: 489452K->58194K(524288K)] 569199K->58194K(699392K), [Metaspace: 44218K->44218K(1087488K)], 0.0628672 secs] [Times: user=0.44 sys=0.01, real=0.07 secs] 
2016-09-24T00:58:21.494-0400: 66.947: [GC (GCLocker Initiated GC) [PSYoungGen: 88064K->74220K(175104K)] 158489K->144645K(699392K), 0.0115777 secs] [Times: user=0.15 sys=0.00, real=0.02 secs] 
2016-09-24T00:58:21.619-0400: 67.072: [GC (GCLocker Initiated GC) [PSYoungGen: 162284K->73704K(175104K)] 232885K->194061K(699392K), 0.0233290 secs] [Times: user=0.24 sys=0.01, real=0.03 secs] 
2016-09-24T00:58:21.762-0400: 67.215: [GC (GCLocker Initiated GC) [PSYoungGen: 161768K->73936K(175104K)] 288465K->212887K(699392K), 0.0120075 secs] [Times: user=0.09 sys=0.00, real=0.01 secs] 
2016-09-24T00:58:21.905-0400: 67.359: [GC (GCLocker Initiated GC) [PSYoungGen: 162000K->37290K(175104K)] 313445K->225665K(699392K), 0.0086477 secs] [Times: user=0.09 sys=0.00, real=0.00 secs] 
2016-09-24T00:58:22.061-0400: 67.514: [GC (GCLocker Initiated GC) [PSYoungGen: 125354K->61394K(175104K)] 319969K->274361K(699392K), 0.0214177 secs] [Times: user=0.21 sys=0.00, real=0.03 secs] 
2016-09-24T00:58:22.243-0400: 67.696: [GC (GCLocker Initiated GC) [PSYoungGen: 149458K->73544K(175104K)] 362629K->305044K(699392K), 0.0173946 secs] [Times: user=0.16 sys=0.00, real=0.01 secs] 
2016-09-24T00:58:22.378-0400: 67.832: [GC (Allocation Failure) [PSYoungGen: 161608K->49212K(175104K)] 393210K->317360K(699392K), 0.0222892 secs] [Times: user=0.22 sys=0.00, real=0.02 secs] 
2016-09-24T00:58:22.504-0400: 67.958: [GC (GCLocker Initiated GC) [PSYoungGen: 135477K->18741K(175104K)] 409701K->353817K(699392K), 0.0361028 secs] [Times: user=0.35 sys=0.02, real=0.03 secs] 
2016-09-24T00:58:22.652-0400: 68.105: [GC (GCLocker Initiated GC) [PSYoungGen: 106805K->73968K(175104K)] 454286K->421757K(699392K), 0.0092390 secs] [Times: user=0.09 sys=0.00, real=0.01 secs] 
2016-09-24T00:58:22.775-0400: 68.229: [GC (GCLocker Initiated GC) [PSYoungGen: 162032K->73836K(175104K)] 510182K->440682K(699392K), 0.0097103 secs] [Times: user=0.11 sys=0.00, real=0.01 secs] 
2016-09-24T00:58:22.886-0400: 68.339: [GC (Allocation Failure) [PSYoungGen: 161900K->55255K(175104K)] 534862K->446546K(699392K), 0.0245609 secs] [Times: user=0.30 sys=0.02, real=0.02 secs] 
2016-09-24T00:58:23.054-0400: 68.508: [GC (GCLocker Initiated GC) [PSYoungGen: 143319K->55383K(175104K)] 534615K->465016K(699392K), 0.0147994 secs] [Times: user=0.19 sys=0.00, real=0.01 secs] 
2016-09-24T00:58:23.198-0400: 68.652: [GC (GCLocker Initiated GC) [PSYoungGen: 143447K->43269K(175104K)] 553358K->465426K(699392K), 0.0109142 secs] [Times: user=0.11 sys=0.00, real=0.01 secs] 
2016-09-24T00:58:23.316-0400: 68.769: [GC (GCLocker Initiated GC) [PSYoungGen: 131330K->55711K(175104K)] 565998K->508739K(699392K), 0.0234847 secs] [Times: user=0.22 sys=0.00, real=0.02 secs] 
2016-09-24T00:58:23.458-0400: 68.912: [GC (GCLocker Initiated GC) [PSYoungGen: 143775K->73548K(175104K)] 597170K->527210K(699392K), 0.0217450 secs] [Times: user=0.20 sys=0.00, real=0.02 secs] 
2016-09-24T00:58:23.598-0400: 69.051: [GC (GCLocker Initiated GC) [PSYoungGen: 161612K->55059K(175104K)] 615706K->545714K(699392K), 0.0263877 secs] [Times: user=0.28 sys=0.02, real=0.03 secs] 
2016-09-24T00:58:23.624-0400: 69.078: [Full GC (Ergonomics) [PSYoungGen: 55059K->0K(175104K)] [ParOldGen: 490655K->45952K(524288K)] 545714K->45952K(699392K), [Metaspace: 44222K->44222K(1087488K)], 0.0547767 secs] [Times: user=0.27 sys=0.00, real=0.05 secs] 
2016-09-24T00:58:23.780-0400: 69.234: [GC (GCLocker Initiated GC) [PSYoungGen: 88064K->86538K(175104K)] 134136K->132610K(699392K), 0.0106422 secs] [Times: user=0.10 sys=0.00, real=0.01 secs] 
2016-09-24T00:58:23.886-0400: 69.340: [GC (GCLocker Initiated GC) [PSYoungGen: 174602K->73708K(175104K)] 226858K->169193K(699392K), 0.0293921 secs] [Times: user=0.32 sys=0.00, real=0.03 secs] 
2016-09-24T00:58:24.023-0400: 69.476: [GC (GCLocker Initiated GC) [PSYoungGen: 161772K->24947K(175104K)] 257444K->169464K(699392K), 0.0173363 secs] [Times: user=0.13 sys=0.01, real=0.01 secs] 
2016-09-24T00:58:24.146-0400: 69.599: [GC (GCLocker Initiated GC) [PSYoungGen: 113011K->73540K(175104K)] 257727K->273566K(699392K), 0.0131596 secs] [Times: user=0.12 sys=0.02, real=0.01 secs] 
2016-09-24T00:58:24.262-0400: 69.716: [GC (GCLocker Initiated GC) [PSYoungGen: 161604K->67765K(175104K)] 361794K->328832K(699392K), 0.0111258 secs] [Times: user=0.09 sys=0.01, real=0.00 secs] 
2016-09-24T00:58:24.376-0400: 69.829: [GC (GCLocker Initiated GC) [PSYoungGen: 155829K->55255K(175104K)] 423327K->323348K(699392K), 0.0110184 secs] [Times: user=0.11 sys=0.00, real=0.01 secs] 
2016-09-24T00:58:24.515-0400: 69.968: [GC (Allocation Failure) [PSYoungGen: 143319K->61462K(175104K)] 411549K->348356K(699392K), 0.0283893 secs] [Times: user=0.30 sys=0.00, real=0.03 secs] 
2016-09-24T00:58:24.651-0400: 70.105: [GC (GCLocker Initiated GC) [PSYoungGen: 148920K->73576K(175104K)] 441890K->403303K(699392K), 0.0106415 secs] [Times: user=0.11 sys=0.00, real=0.02 secs] 
2016-09-24T00:58:24.751-0400: 70.205: [GC (GCLocker Initiated GC) [PSYoungGen: 161640K->73544K(175104K)] 491431K->433986K(699392K), 0.0109023 secs] [Times: user=0.10 sys=0.00, real=0.01 secs] 
2016-09-24T00:58:24.872-0400: 70.326: [GC (GCLocker Initiated GC) [PSYoungGen: 161608K->61426K(175104K)] 528491K->489367K(699392K), 0.0168768 secs] [Times: user=0.16 sys=0.00, real=0.02 secs] 
2016-09-24T00:58:25.024-0400: 70.477: [GC (GCLocker Initiated GC) [PSYoungGen: 149490K->73772K(175104K)] 583687K->508269K(699392K), 0.0285945 secs] [Times: user=0.33 sys=0.00, real=0.02 secs] 
2016-09-24T00:58:25.174-0400: 70.628: [GC (GCLocker Initiated GC) [PSYoungGen: 161836K->19264K(175104K)] 602430K->478351K(699392K), 0.0117823 secs] [Times: user=0.16 sys=0.01, real=0.01 secs] 
2016-09-24T00:58:25.186-0400: 70.640: [Full GC (Ergonomics) [PSYoungGen: 19264K->0K(175104K)] [ParOldGen: 459086K->40345K(524288K)] 478351K->40345K(699392K), [Metaspace: 44270K->44270K(1087488K)], 0.0576864 secs] [Times: user=0.46 sys=0.01, real=0.06 secs] 
2016-09-24T00:58:25.358-0400: 70.811: [GC (GCLocker Initiated GC) [PSYoungGen: 88064K->79519K(175104K)] 128456K->119912K(699392K), 0.0135212 secs] [Times: user=0.14 sys=0.00, real=0.01 secs] 
2016-09-24T00:58:25.490-0400: 70.944: [GC (GCLocker Initiated GC) [PSYoungGen: 167583K->55711K(175104K)] 220302K->163232K(699392K), 0.0146348 secs] [Times: user=0.14 sys=0.00, real=0.02 secs] 
2016-09-24T00:58:25.643-0400: 71.096: [GC (GCLocker Initiated GC) [PSYoungGen: 143775K->73576K(175104K)] 257441K->205726K(699392K), 0.0205384 secs] [Times: user=0.18 sys=0.01, real=0.02 secs] 
2016-09-24T00:58:25.766-0400: 71.219: [GC (GCLocker Initiated GC) [PSYoungGen: 161640K->73772K(175104K)] 293827K->242544K(699392K), 0.0112583 secs] [Times: user=0.11 sys=0.01, real=0.01 secs] 
2016-09-24T00:58:25.893-0400: 71.347: [GC (GCLocker Initiated GC) [PSYoungGen: 161836K->24784K(175104K)] 337402K->267435K(699392K), 0.0154558 secs] [Times: user=0.15 sys=0.00, real=0.02 secs] 
2016-09-24T00:58:26.010-0400: 71.463: [GC (GCLocker Initiated GC) [PSYoungGen: 112848K->67469K(175104K)] 367876K->322601K(699392K), 0.0260540 secs] [Times: user=0.28 sys=0.00, real=0.03 secs] 
2016-09-24T00:58:26.142-0400: 71.595: [GC (GCLocker Initiated GC) [PSYoungGen: 155533K->73480K(175104K)] 416910K->353201K(699392K), 0.0254688 secs] [Times: user=0.26 sys=0.00, real=0.03 secs] 
2016-09-24T00:58:26.296-0400: 71.749: [GC (GCLocker Initiated GC) [PSYoungGen: 161544K->49344K(175104K)] 447505K->371858K(699392K), 0.0155192 secs] [Times: user=0.17 sys=0.00, real=0.01 secs] 
2016-09-24T00:58:26.415-0400: 71.869: [GC (Allocation Failure) [PSYoungGen: 137408K->67405K(175104K)] 466185K->402360K(699392K), 0.0076010 secs] [Times: user=0.07 sys=0.00, real=0.01 secs] 
2016-09-24T00:58:26.526-0400: 71.979: [GC (GCLocker Initiated GC) [PSYoungGen: 155469K->55191K(175104K)] 490430K->426698K(699392K), 0.0142447 secs] [Times: user=0.11 sys=0.01, real=0.01 secs] 
2016-09-24T00:58:26.668-0400: 72.121: [GC (GCLocker Initiated GC) [PSYoungGen: 143255K->79847K(175104K)] 514792K->475976K(699392K), 0.0244191 secs] [Times: user=0.27 sys=0.00, real=0.02 secs] 
2016-09-24T00:58:26.823-0400: 72.276: [GC (GCLocker Initiated GC) [PSYoungGen: 167911K->73672K(175104K)] 570279K->525096K(699392K), 0.0158661 secs] [Times: user=0.15 sys=0.01, real=0.01 secs] 
2016-09-24T00:58:26.839-0400: 72.292: [Full GC (Ergonomics) [PSYoungGen: 73672K->0K(175104K)] [ParOldGen: 451424K->52204K(524288K)] 525096K->52204K(699392K), [Metaspace: 44291K->44291K(1087488K)], 0.0532117 secs] [Times: user=0.30 sys=0.00, real=0.05 secs] 
2016-09-24T00:58:27.007-0400: 72.460: [GC (GCLocker Initiated GC) [PSYoungGen: 88064K->86374K(175104K)] 146632K->169242K(699392K), 0.0131677 secs] [Times: user=0.17 sys=0.00, real=0.01 secs] 
2016-09-24T00:58:27.155-0400: 72.609: [GC (GCLocker Initiated GC) [PSYoungGen: 174438K->19000K(175104K)] 263691K->157698K(699392K), 0.0088868 secs] [Times: user=0.07 sys=0.00, real=0.01 secs] 
2016-09-24T00:58:27.279-0400: 72.733: [GC (GCLocker Initiated GC) [PSYoungGen: 107064K->85758K(175104K)] 245999K->231059K(699392K), 0.0395157 secs] [Times: user=0.49 sys=0.01, real=0.04 secs] 
2016-09-24T00:58:27.453-0400: 72.906: [GC (GCLocker Initiated GC) [PSYoungGen: 173822K->37190K(175104K)] 331449K->231394K(699392K), 0.0069015 secs] [Times: user=0.08 sys=0.00, real=0.01 secs] 
2016-09-24T00:58:27.592-0400: 73.045: [GC (GCLocker Initiated GC) [PSYoungGen: 125254K->55583K(175104K)] 325894K->256334K(699392K), 0.0066452 secs] [Times: user=0.06 sys=0.00, real=0.01 secs] 
2016-09-24T00:58:27.711-0400: 73.164: [GC (Allocation Failure) [PSYoungGen: 143647K->74132K(175104K)] 344754K->275522K(699392K), 0.0181270 secs] [Times: user=0.26 sys=0.00, real=0.02 secs] 
2016-09-24T00:58:27.832-0400: 73.286: [GC (GCLocker Initiated GC) [PSYoungGen: 158974K->55383K(175104K)] 366440K->281373K(699392K), 0.0111233 secs] [Times: user=0.15 sys=0.00, real=0.02 secs] 
2016-09-24T00:58:27.957-0400: 73.411: [GC (GCLocker Initiated GC) [PSYoungGen: 143447K->37030K(175104K)] 370054K->263905K(699392K), 0.0072910 secs] [Times: user=0.06 sys=0.01, real=0.01 secs] 
2016-09-24T00:58:28.090-0400: 73.544: [GC (Allocation Failure) [PSYoungGen: 125094K->49116K(175104K)] 358309K->300808K(699392K), 0.0143095 secs] [Times: user=0.15 sys=0.01, real=0.02 secs] 
2016-09-24T00:58:28.245-0400: 73.699: [GC (Allocation Failure) [PSYoungGen: 133583K->37062K(175104K)] 385275K->307074K(699392K), 0.0102488 secs] [Times: user=0.08 sys=0.01, real=0.01 secs] 
2016-09-24T00:58:28.358-0400: 73.811: [GC (GCLocker Initiated GC) [PSYoungGen: 125126K->73576K(175104K)] 395144K->361947K(699392K), 0.0116824 secs] [Times: user=0.11 sys=0.00, real=0.01 secs] 
2016-09-24T00:58:28.489-0400: 73.942: [GC (GCLocker Initiated GC) [PSYoungGen: 161640K->55387K(175104K)] 456358K->386666K(699392K), 0.0181850 secs] [Times: user=0.18 sys=0.00, real=0.02 secs] 
2016-09-24T00:58:28.624-0400: 74.078: [GC (GCLocker Initiated GC) [PSYoungGen: 143451K->56038K(175104K)] 474906K->406003K(699392K), 0.0272273 secs] [Times: user=0.31 sys=0.00, real=0.02 secs] 
2016-09-24T00:58:28.781-0400: 74.235: [GC (GCLocker Initiated GC) [PSYoungGen: 144102K->79487K(175104K)] 494115K->454550K(699392K), 0.0204836 secs] [Times: user=0.18 sys=0.00, real=0.02 secs] 
2016-09-24T00:58:28.895-0400: 74.348: [GC (GCLocker Initiated GC) [PSYoungGen: 167551K->61562K(175104K)] 542848K->467337K(699392K), 0.0136432 secs] [Times: user=0.12 sys=0.00, real=0.01 secs] 
2016-09-24T00:58:28.994-0400: 74.447: [GC (GCLocker Initiated GC) [PSYoungGen: 149626K->79491K(175104K)] 556242K->510824K(699392K), 0.0214621 secs] [Times: user=0.19 sys=0.01, real=0.03 secs] 
2016-09-24T00:58:29.111-0400: 74.564: [GC (GCLocker Initiated GC) [PSYoungGen: 167555K->67405K(175104K)] 605097K->517208K(699392K), 0.0254558 secs] [Times: user=0.24 sys=0.00, real=0.03 secs] 
2016-09-24T00:58:29.265-0400: 74.719: [GC (GCLocker Initiated GC) [PSYoungGen: 155469K->36866K(175104K)] 617425K->517298K(699392K), 0.0222056 secs] [Times: user=0.22 sys=0.01, real=0.02 secs] 
2016-09-24T00:58:29.288-0400: 74.741: [Full GC (Ergonomics) [PSYoungGen: 36866K->0K(175104K)] [ParOldGen: 480432K->46144K(524288K)] 517298K->46144K(699392K), [Metaspace: 44299K->44299K(1087488K)], 0.0504158 secs] [Times: user=0.25 sys=0.01, real=0.05 secs] 
2016-09-24T00:58:29.452-0400: 74.906: [GC (GCLocker Initiated GC) [PSYoungGen: 88064K->86014K(175104K)] 134244K->186870K(699392K), 0.0115144 secs] [Times: user=0.16 sys=0.00, real=0.02 secs] 
2016-09-24T00:58:29.556-0400: 75.010: [GC (GCLocker Initiated GC) [PSYoungGen: 174078K->73640K(175104K)] 275300K->242251K(699392K), 0.0146380 secs] [Times: user=0.19 sys=0.01, real=0.01 secs] 
2016-09-24T00:58:29.682-0400: 75.135: [GC (GCLocker Initiated GC) [PSYoungGen: 161704K->67405K(175104K)] 330564K->272990K(699392K), 0.0182624 secs] [Times: user=0.15 sys=0.00, real=0.02 secs] 
2016-09-24T00:58:29.808-0400: 75.261: [GC (GCLocker Initiated GC) [PSYoungGen: 155469K->73936K(175104K)] 361203K->298178K(699392K), 0.0119483 secs] [Times: user=0.13 sys=0.00, real=0.01 secs] 
2016-09-24T00:58:29.949-0400: 75.403: [GC (Allocation Failure) [PSYoungGen: 162000K->61102K(175104K)] 386396K->285929K(699392K), 0.0083896 secs] [Times: user=0.07 sys=0.01, real=0.01 secs] 
2016-09-24T00:58:30.092-0400: 75.545: [GC (GCLocker Initiated GC) [PSYoungGen: 149166K->55027K(175104K)] 373994K->310309K(699392K), 0.0218921 secs] [Times: user=0.21 sys=0.00, real=0.02 secs] 
2016-09-24T00:58:30.258-0400: 75.712: [GC (GCLocker Initiated GC) [PSYoungGen: 143091K->67337K(175104K)] 410571K->334912K(699392K), 0.0188075 secs] [Times: user=0.17 sys=0.00, real=0.02 secs] 
2016-09-24T00:58:30.374-0400: 75.827: [GC (GCLocker Initiated GC) [PSYoungGen: 155401K->85662K(175104K)] 423051K->420265K(699392K), 0.0188610 secs] [Times: user=0.15 sys=0.00, real=0.02 secs] 
2016-09-24T00:58:30.506-0400: 75.959: [GC (GCLocker Initiated GC) [PSYoungGen: 173726K->73776K(175104K)] 514759K->433294K(699392K), 0.0162186 secs] [Times: user=0.09 sys=0.00, real=0.01 secs] 
2016-09-24T00:58:30.642-0400: 76.095: [GC (GCLocker Initiated GC) [PSYoungGen: 161840K->55255K(175104K)] 527620K->457720K(699392K), 0.0234762 secs] [Times: user=0.21 sys=0.01, real=0.03 secs] 
2016-09-24T00:58:30.746-0400: 76.200: [GC (GCLocker Initiated GC) [PSYoungGen: 143319K->67277K(175104K)] 545893K->469939K(699392K), 0.0152012 secs] [Times: user=0.13 sys=0.00, real=0.01 secs] 
2016-09-24T00:58:30.889-0400: 76.342: [GC (GCLocker Initiated GC) [PSYoungGen: 155341K->18773K(175104K)] 576410K->500867K(699392K), 0.0228977 secs] [Times: user=0.21 sys=0.00, real=0.02 secs] 
2016-09-24T00:58:30.912-0400: 76.365: [Full GC (Ergonomics) [PSYoungGen: 18773K->0K(175104K)] [ParOldGen: 482094K->52122K(524288K)] 500867K->52122K(699392K), [Metaspace: 44300K->44300K(1087488K)], 0.0636808 secs] [Times: user=0.33 sys=0.02, real=0.07 secs] 
2016-09-24T00:58:31.101-0400: 76.555: [GC (Allocation Failure) [PSYoungGen: 88064K->55771K(175104K)] 146879K->114586K(699392K), 0.0063797 secs] [Times: user=0.06 sys=0.00, real=0.01 secs] 
2016-09-24T00:58:31.227-0400: 76.680: [GC (GCLocker Initiated GC) [PSYoungGen: 143835K->61426K(175104K)] 202650K->157255K(699392K), 0.0099597 secs] [Times: user=0.13 sys=0.00, real=0.01 secs] 
2016-09-24T00:58:31.317-0400: 76.770: [GC (GCLocker Initiated GC) [PSYoungGen: 149490K->79715K(175104K)] 245636K->194246K(699392K), 0.0186715 secs] [Times: user=0.23 sys=0.00, real=0.02 secs] 
2016-09-24T00:58:31.457-0400: 76.911: [GC (GCLocker Initiated GC) [PSYoungGen: 167779K->49667K(175104K)] 288589K->201128K(699392K), 0.0131826 secs] [Times: user=0.15 sys=0.00, real=0.01 secs] 
2016-09-24T00:58:31.598-0400: 77.051: [GC (GCLocker Initiated GC) [PSYoungGen: 137731K->85790K(175104K)] 289267K->274115K(699392K), 0.0114629 secs] [Times: user=0.13 sys=0.00, real=0.01 secs] 
2016-09-24T00:58:31.706-0400: 77.160: [GC (GCLocker Initiated GC) [PSYoungGen: 173854K->55287K(175104K)] 374371K->304704K(699392K), 0.0166998 secs] [Times: user=0.17 sys=0.01, real=0.02 secs] 
2016-09-24T00:58:31.851-0400: 77.305: [GC (GCLocker Initiated GC) [PSYoungGen: 143351K->37126K(175104K)] 405223K->341807K(699392K), 0.0145896 secs] [Times: user=0.15 sys=0.00, real=0.02 secs] 
2016-09-24T00:58:32.005-0400: 77.458: [GC (GCLocker Initiated GC) [PSYoungGen: 125190K->55319K(175104K)] 442136K->414917K(699392K), 0.0171115 secs] [Times: user=0.18 sys=0.00, real=0.01 secs] 
2016-09-24T00:58:32.150-0400: 77.603: [GC (GCLocker Initiated GC) [PSYoungGen: 143383K->73612K(175104K)] 503012K->433516K(699392K), 0.0154951 secs] [Times: user=0.13 sys=0.00, real=0.02 secs] 
2016-09-24T00:58:32.290-0400: 77.744: [GC (Allocation Failure) [PSYoungGen: 161676K->55387K(175104K)] 521935K->446477K(699392K), 0.0149649 secs] [Times: user=0.11 sys=0.00, real=0.02 secs] 
2016-09-24T00:58:32.415-0400: 77.868: [GC (GCLocker Initiated GC) [PSYoungGen: 143451K->67373K(175104K)] 534546K->495186K(699392K), 0.0136659 secs] [Times: user=0.11 sys=0.00, real=0.01 secs] 
2016-09-24T00:58:32.524-0400: 77.978: [GC (GCLocker Initiated GC) [PSYoungGen: 155437K->36902K(175104K)] 589563K->489496K(699392K), 0.0247506 secs] [Times: user=0.19 sys=0.00, real=0.02 secs] 
2016-09-24T00:58:32.658-0400: 78.112: [GC (GCLocker Initiated GC) [PSYoungGen: 124966K->61362K(175104K)] 577781K->563052K(699392K), 0.0119752 secs] [Times: user=0.11 sys=0.00, real=0.01 secs] 
2016-09-24T00:58:32.670-0400: 78.124: [Full GC (Ergonomics) [PSYoungGen: 61362K->0K(175104K)] [ParOldGen: 501690K->52350K(524288K)] 563052K->52350K(699392K), [Metaspace: 44336K->44336K(1087488K)], 0.0581294 secs] [Times: user=0.30 sys=0.01, real=0.06 secs] 
2016-09-24T00:58:32.841-0400: 78.294: [GC (GCLocker Initiated GC) [PSYoungGen: 88064K->86114K(175104K)] 140462K->174962K(699392K), 0.0320650 secs] [Times: user=0.32 sys=0.00, real=0.03 secs] 
2016-09-24T00:58:33.003-0400: 78.456: [GC (GCLocker Initiated GC) [PSYoungGen: 174178K->49404K(175104K)] 269272K->224045K(699392K), 0.0176585 secs] [Times: user=0.18 sys=0.00, real=0.01 secs] 
2016-09-24T00:58:33.116-0400: 78.569: [GC (Allocation Failure) [PSYoungGen: 137468K->61366K(175104K)] 312442K->254660K(699392K), 0.0163397 secs] [Times: user=0.13 sys=0.00, real=0.01 secs] 
2016-09-24T00:58:33.267-0400: 78.720: [GC (GCLocker Initiated GC) [PSYoungGen: 149430K->73380K(175104K)] 342730K->285345K(699392K), 0.0101682 secs] [Times: user=0.10 sys=0.00, real=0.01 secs] 
2016-09-24T00:58:33.406-0400: 78.859: [GC (GCLocker Initiated GC) [PSYoungGen: 161442K->55223K(175104K)] 385912K->291946K(699392K), 0.0142021 secs] [Times: user=0.14 sys=0.00, real=0.01 secs] 
2016-09-24T00:58:33.511-0400: 78.965: [GC (GCLocker Initiated GC) [PSYoungGen: 143287K->79587K(175104K)] 380063K->316646K(699392K), 0.0305434 secs] [Times: user=0.31 sys=0.00, real=0.03 secs] 
2016-09-24T00:58:33.646-0400: 79.099: [GC (GCLocker Initiated GC) [PSYoungGen: 167651K->61622K(175104K)] 410843K->383925K(699392K), 0.0130444 secs] [Times: user=0.15 sys=0.01, real=0.01 secs] 
2016-09-24T00:58:33.784-0400: 79.238: [GC (GCLocker Initiated GC) [PSYoungGen: 149686K->43301K(175104K)] 472031K->414701K(699392K), 0.0174258 secs] [Times: user=0.18 sys=0.00, real=0.01 secs] 
2016-09-24T00:58:33.903-0400: 79.357: [GC (GCLocker Initiated GC) [PSYoungGen: 131365K->55287K(175104K)] 509072K->481722K(699392K), 0.0107891 secs] [Times: user=0.11 sys=0.00, real=0.01 secs] 
2016-09-24T00:58:34.044-0400: 79.497: [GC (GCLocker Initiated GC) [PSYoungGen: 143351K->85726K(175104K)] 569899K->518469K(699392K), 0.0188708 secs] [Times: user=0.21 sys=0.01, real=0.02 secs] 
2016-09-24T00:58:34.063-0400: 79.516: [Full GC (Ergonomics) [PSYoungGen: 85726K->0K(175104K)] [ParOldGen: 432742K->46112K(524288K)] 518469K->46112K(699392K), [Metaspace: 44336K->44336K(1087488K)], 0.0483397 secs] [Times: user=0.21 sys=0.01, real=0.04 secs] 
2016-09-24T00:58:34.217-0400: 79.671: [GC (GCLocker Initiated GC) [PSYoungGen: 88064K->86466K(175104K)] 146490K->169192K(699392K), 0.0215563 secs] [Times: user=0.29 sys=0.00, real=0.02 secs] 
2016-09-24T00:58:34.328-0400: 79.781: [GC (GCLocker Initiated GC) [PSYoungGen: 174530K->73540K(175104K)] 257293K->193745K(699392K), 0.0101470 secs] [Times: user=0.12 sys=0.00, real=0.01 secs] 
2016-09-24T00:58:34.450-0400: 79.903: [GC (GCLocker Initiated GC) [PSYoungGen: 161604K->37162K(175104K)] 287964K->230466K(699392K), 0.0182493 secs] [Times: user=0.17 sys=0.00, real=0.02 secs] 
2016-09-24T00:58:34.599-0400: 80.052: [GC (GCLocker Initiated GC) [PSYoungGen: 125226K->67665K(175104K)] 324686K->267589K(699392K), 0.0091654 secs] [Times: user=0.10 sys=0.00, real=0.01 secs] 
2016-09-24T00:58:34.701-0400: 80.154: [GC (GCLocker Initiated GC) [PSYoungGen: 155729K->49084K(175104K)] 355992K->298215K(699392K), 0.0217363 secs] [Times: user=0.21 sys=0.00, real=0.03 secs] 
2016-09-24T00:58:34.853-0400: 80.306: [GC (GCLocker Initiated GC) [PSYoungGen: 137148K->55191K(175104K)] 392789K->329160K(699392K), 0.0219416 secs] [Times: user=0.24 sys=0.00, real=0.03 secs] 
2016-09-24T00:58:35.000-0400: 80.453: [GC (GCLocker Initiated GC) [PSYoungGen: 143255K->36966K(175104K)] 429483K->341694K(699392K), 0.0064805 secs] [Times: user=0.05 sys=0.00, real=0.01 secs] 
2016-09-24T00:58:35.127-0400: 80.580: [GC (GCLocker Initiated GC) [PSYoungGen: 125030K->55091K(175104K)] 436094K->366422K(699392K), 0.0294178 secs] [Times: user=0.31 sys=0.00, real=0.03 secs] 
2016-09-24T00:58:35.253-0400: 80.706: [GC (Allocation Failure) [PSYoungGen: 143155K->55451K(175104K)] 454589K->385222K(699392K), 0.0230685 secs] [Times: user=0.27 sys=0.00, real=0.03 secs] 
2016-09-24T00:58:35.276-0400: 80.730: [GC (GCLocker Initiated GC) [PSYoungGen: 55460K->32K(175104K)] 385232K->421668K(699392K), 0.0080754 secs] [Times: user=0.09 sys=0.00, real=0.01 secs] 
2016-09-24T00:58:35.404-0400: 80.857: [GC (GCLocker Initiated GC) [PSYoungGen: 88096K->86082K(175104K)] 509733K->507719K(699392K), 0.0157781 secs] [Times: user=0.18 sys=0.00, real=0.01 secs] 
2016-09-24T00:58:35.561-0400: 81.014: [Full GC (Ergonomics) [PSYoungGen: 174146K->0K(175104K)] [ParOldGen: 427715K->40062K(524288K)] 601861K->40062K(699392K), [Metaspace: 44336K->44336K(1087488K)], 0.0782390 secs] [Times: user=0.41 sys=0.01, real=0.08 secs] 
2016-09-24T00:58:35.757-0400: 81.211: [GC (GCLocker Initiated GC) [PSYoungGen: 88064K->86274K(175104K)] 128168K->156754K(699392K), 0.0157288 secs] [Times: user=0.19 sys=0.00, real=0.01 secs] 
2016-09-24T00:58:35.866-0400: 81.320: [GC (GCLocker Initiated GC) [PSYoungGen: 174338K->73868K(175104K)] 250904K->205853K(699392K), 0.0194939 secs] [Times: user=0.24 sys=0.00, real=0.02 secs] 
2016-09-24T00:58:36.035-0400: 81.488: [GC (GCLocker Initiated GC) [PSYoungGen: 161932K->36738K(175104K)] 300016K->199374K(699392K), 0.0465357 secs] [Times: user=0.50 sys=0.00, real=0.04 secs] 
2016-09-24T00:58:36.226-0400: 81.679: [GC (GCLocker Initiated GC) [PSYoungGen: 124802K->61166K(175104K)] 287462K->236077K(699392K), 0.0077009 secs] [Times: user=0.06 sys=0.01, real=0.00 secs] 
2016-09-24T00:58:36.323-0400: 81.777: [GC (Allocation Failure) [PSYoungGen: 149230K->67241K(175104K)] 324195K->266602K(699392K), 0.0089608 secs] [Times: user=0.07 sys=0.00, real=0.00 secs] 
2016-09-24T00:58:36.333-0400: 81.786: [GC (GCLocker Initiated GC) [PSYoungGen: 67481K->160K(175104K)] 266842K->290862K(699392K), 0.0304385 secs] [Times: user=0.30 sys=0.00, real=0.04 secs] 
2016-09-24T00:58:36.486-0400: 81.939: [GC (GCLocker Initiated GC) [PSYoungGen: 83346K->56031K(175104K)] 380124K->352824K(699392K), 0.0258924 secs] [Times: user=0.24 sys=0.01, real=0.02 secs] 
2016-09-24T00:58:36.658-0400: 82.111: [GC (GCLocker Initiated GC) [PSYoungGen: 144095K->55059K(175104K)] 446999K->377116K(699392K), 0.0169348 secs] [Times: user=0.15 sys=0.00, real=0.02 secs] 
2016-09-24T00:58:36.810-0400: 82.263: [GC (GCLocker Initiated GC) [PSYoungGen: 143123K->74000K(175104K)] 471616K->451236K(699392K), 0.0179807 secs] [Times: user=0.21 sys=0.00, real=0.02 secs] 
2016-09-24T00:58:36.916-0400: 82.369: [GC (GCLocker Initiated GC) [PSYoungGen: 162064K->73576K(175104K)] 545406K->487740K(699392K), 0.0307141 secs] [Times: user=0.39 sys=0.00, real=0.03 secs] 
2016-09-24T00:58:37.051-0400: 82.504: [GC (GCLocker Initiated GC) [PSYoungGen: 161640K->67960K(175104K)] 582246K->525168K(699392K), 0.0124405 secs] [Times: user=0.13 sys=0.01, real=0.02 secs] 
2016-09-24T00:58:37.063-0400: 82.517: [Full GC (Ergonomics) [PSYoungGen: 67960K->0K(175104K)] [ParOldGen: 457207K->59057K(524288K)] 525168K->59057K(699392K), [Metaspace: 44341K->44341K(1087488K)], 0.0555450 secs] [Times: user=0.34 sys=0.01, real=0.05 secs] 
2016-09-24T00:58:37.219-0400: 82.672: [GC (Allocation Failure) [PSYoungGen: 88064K->86242K(175104K)] 159480K->169808K(699392K), 0.0114002 secs] [Times: user=0.10 sys=0.01, real=0.01 secs] 
2016-09-24T00:58:37.314-0400: 82.767: [GC (GCLocker Initiated GC) [PSYoungGen: 172982K->73640K(175104K)] 262623K->218668K(699392K), 0.0155801 secs] [Times: user=0.14 sys=0.00, real=0.02 secs] 
2016-09-24T00:58:37.449-0400: 82.902: [GC (GCLocker Initiated GC) [PSYoungGen: 161704K->55419K(175104K)] 313118K->261955K(699392K), 0.0107065 secs] [Times: user=0.10 sys=0.00, real=0.01 secs] 
2016-09-24T00:58:37.569-0400: 83.022: [GC (GCLocker Initiated GC) [PSYoungGen: 143483K->79715K(175104K)] 350195K->305099K(699392K), 0.0100487 secs] [Times: user=0.10 sys=0.00, real=0.01 secs] 
2016-09-24T00:58:37.692-0400: 83.145: [GC (GCLocker Initiated GC) [PSYoungGen: 167779K->86018K(175104K)] 393435K->336126K(699392K), 0.0120935 secs] [Times: user=0.17 sys=0.00, real=0.02 secs] 
2016-09-24T00:58:37.818-0400: 83.271: [GC (GCLocker Initiated GC) [PSYoungGen: 174082K->67373K(175104K)] 424461K->324055K(699392K), 0.0254212 secs] [Times: user=0.24 sys=0.01, real=0.03 secs] 
2016-09-24T00:58:37.941-0400: 83.395: [GC (GCLocker Initiated GC) [PSYoungGen: 155437K->49408K(175104K)] 412255K->342812K(699392K), 0.0173932 secs] [Times: user=0.23 sys=0.00, real=0.02 secs] 
2016-09-24T00:58:38.062-0400: 83.515: [GC (GCLocker Initiated GC) [PSYoungGen: 137472K->49376K(175104K)] 437301K->410270K(699392K), 0.0115052 secs] [Times: user=0.13 sys=0.00, real=0.01 secs] 
2016-09-24T00:58:38.182-0400: 83.635: [GC (GCLocker Initiated GC) [PSYoungGen: 137440K->85594K(175104K)] 498382K->465233K(699392K), 0.0117335 secs] [Times: user=0.13 sys=0.00, real=0.01 secs] 
2016-09-24T00:58:38.311-0400: 83.764: [GC (GCLocker Initiated GC) [PSYoungGen: 173658K->49084K(175104K)] 553366K->465338K(699392K), 0.0126650 secs] [Times: user=0.09 sys=0.00, real=0.02 secs] 
2016-09-24T00:58:38.429-0400: 83.883: [GC (GCLocker Initiated GC) [PSYoungGen: 137148K->55355K(175104K)] 553505K->514496K(699392K), 0.0183278 secs] [Times: user=0.17 sys=0.00, real=0.02 secs] 
2016-09-24T00:58:38.448-0400: 83.901: [Full GC (Ergonomics) [PSYoungGen: 55355K->0K(175104K)] [ParOldGen: 459141K->58897K(524288K)] 514496K->58897K(699392K), [Metaspace: 44341K->44341K(1087488K)], 0.0554625 secs] [Times: user=0.28 sys=0.01, real=0.06 secs] 
2016-09-24T00:58:38.625-0400: 84.078: [GC (GCLocker Initiated GC) [PSYoungGen: 88064K->86894K(175104K)] 147210K->158190K(699392K), 0.0088509 secs] [Times: user=0.10 sys=0.00, real=0.00 secs] 
2016-09-24T00:58:38.754-0400: 84.207: [GC (GCLocker Initiated GC) [PSYoungGen: 174958K->36966K(175104K)] 246503K->151963K(699392K), 0.0185518 secs] [Times: user=0.18 sys=0.00, real=0.02 secs] 
2016-09-24T00:58:38.898-0400: 84.351: [GC (GCLocker Initiated GC) [PSYoungGen: 125030K->73412K(175104K)] 240102K->188588K(699392K), 0.0164727 secs] [Times: user=0.18 sys=0.02, real=0.02 secs] 
2016-09-24T00:58:39.076-0400: 84.529: [GC (GCLocker Initiated GC) [PSYoungGen: 161476K->67241K(175104K)] 276846K->200955K(699392K), 0.0091920 secs] [Times: user=0.07 sys=0.00, real=0.01 secs] 
2016-09-24T00:58:39.208-0400: 84.661: [GC (GCLocker Initiated GC) [PSYoungGen: 155305K->30663K(175104K)] 289155K->188892K(699392K), 0.0117660 secs] [Times: user=0.10 sys=0.01, real=0.01 secs] 
2016-09-24T00:58:39.309-0400: 84.762: [GC (GCLocker Initiated GC) [PSYoungGen: 118727K->85758K(175104K)] 277177K->286877K(699392K), 0.0202280 secs] [Times: user=0.26 sys=0.00, real=0.02 secs] 
2016-09-24T00:58:39.431-0400: 84.885: [GC (GCLocker Initiated GC) [PSYoungGen: 173822K->61622K(175104K)] 375207K->336206K(699392K), 0.0182473 secs] [Times: user=0.18 sys=0.00, real=0.02 secs] 
2016-09-24T00:58:39.577-0400: 85.030: [GC (GCLocker Initiated GC) [PSYoungGen: 149686K->37258K(175104K)] 436607K->360905K(699392K), 0.0133293 secs] [Times: user=0.13 sys=0.00, real=0.01 secs] 
2016-09-24T00:58:39.676-0400: 85.129: [GC (GCLocker Initiated GC) [PSYoungGen: 125322K->85694K(175104K)] 449077K->433893K(699392K), 0.0172036 secs] [Times: user=0.18 sys=0.00, real=0.01 secs] 
2016-09-24T00:58:39.823-0400: 85.276: [GC (GCLocker Initiated GC) [PSYoungGen: 173758K->49408K(175104K)] 528265K->434369K(699392K), 0.0134862 secs] [Times: user=0.15 sys=0.00, real=0.01 secs] 
2016-09-24T00:58:39.926-0400: 85.379: [GC (GCLocker Initiated GC) [PSYoungGen: 137472K->61394K(175104K)] 522481K->483137K(699392K), 0.0094514 secs] [Times: user=0.11 sys=0.00, real=0.01 secs] 
2016-09-24T00:58:40.054-0400: 85.507: [GC (GCLocker Initiated GC) [PSYoungGen: 149458K->73612K(175104K)] 577598K->520072K(699392K), 0.0279117 secs] [Times: user=0.29 sys=0.00, real=0.03 secs] 
2016-09-24T00:58:40.200-0400: 85.654: [GC (GCLocker Initiated GC) [PSYoungGen: 161676K->61298K(175104K)] 608251K->544754K(699392K), 0.0156541 secs] [Times: user=0.15 sys=0.00, real=0.02 secs] 
2016-09-24T00:58:40.216-0400: 85.669: [Full GC (Ergonomics) [PSYoungGen: 61298K->0K(175104K)] [ParOldGen: 483456K->52904K(524288K)] 544754K->52904K(699392K), [Metaspace: 44342K->44342K(1087488K)], 0.0745698 secs] [Times: user=0.44 sys=0.01, real=0.07 secs] 
2016-09-24T00:58:40.400-0400: 85.854: [GC (GCLocker Initiated GC) [PSYoungGen: 88064K->86210K(175104K)] 147157K->163528K(699392K), 0.0097576 secs] [Times: user=0.12 sys=0.00, real=0.01 secs] 
2016-09-24T00:58:40.516-0400: 85.969: [GC (GCLocker Initiated GC) [PSYoungGen: 174274K->67565K(175104K)] 251724K->230776K(699392K), 0.0129268 secs] [Times: user=0.16 sys=0.00, real=0.01 secs] 
2016-09-24T00:58:40.637-0400: 86.090: [GC (GCLocker Initiated GC) [PSYoungGen: 155629K->73836K(175104K)] 318849K->267715K(699392K), 0.0098375 secs] [Times: user=0.14 sys=0.00, real=0.01 secs] 
2016-09-24T00:58:40.753-0400: 86.206: [GC (GCLocker Initiated GC) [PSYoungGen: 161900K->73836K(175104K)] 355780K->286265K(699392K), 0.0093047 secs] [Times: user=0.12 sys=0.00, real=0.02 secs] 
2016-09-24T00:58:40.879-0400: 86.333: [GC (GCLocker Initiated GC) [PSYoungGen: 161900K->85630K(175104K)] 374488K->322794K(699392K), 0.0117061 secs] [Times: user=0.10 sys=0.01, real=0.01 secs] 
2016-09-24T00:58:41.006-0400: 86.459: [GC (GCLocker Initiated GC) [PSYoungGen: 173694K->85790K(175104K)] 411056K->366000K(699392K), 0.0147721 secs] [Times: user=0.19 sys=0.01, real=0.01 secs] 
2016-09-24T00:58:41.155-0400: 86.609: [GC (GCLocker Initiated GC) [PSYoungGen: 173854K->49016K(175104K)] 454105K->347760K(699392K), 0.0185756 secs] [Times: user=0.18 sys=0.00, real=0.01 secs] 
2016-09-24T00:58:41.299-0400: 86.752: [GC (GCLocker Initiated GC) [PSYoungGen: 137080K->73836K(175104K)] 441902K->378801K(699392K), 0.0104601 secs] [Times: user=0.12 sys=0.00, real=0.01 secs] 
2016-09-24T00:58:41.440-0400: 86.893: [GC (GCLocker Initiated GC) [PSYoungGen: 161900K->73640K(175104K)] 467063K->397484K(699392K), 0.0265231 secs] [Times: user=0.31 sys=0.00, real=0.03 secs] 
2016-09-24T00:58:41.572-0400: 87.026: [GC (GCLocker Initiated GC) [PSYoungGen: 161704K->73704K(175104K)] 485803K->416180K(699392K), 0.0196386 secs] [Times: user=0.25 sys=0.01, real=0.02 secs] 
2016-09-24T00:58:41.692-0400: 87.146: [GC (GCLocker Initiated GC) [PSYoungGen: 161768K->43237K(175104K)] 516406K->434608K(699392K), 0.0254682 secs] [Times: user=0.30 sys=0.01, real=0.03 secs] 
2016-09-24T00:58:41.844-0400: 87.298: [GC (GCLocker Initiated GC) [PSYoungGen: 131301K->73708K(175104K)] 529052K->471883K(699392K), 0.0082272 secs] [Times: user=0.07 sys=0.00, real=0.00 secs] 
2016-09-24T00:58:41.974-0400: 87.428: [GC (GCLocker Initiated GC) [PSYoungGen: 161772K->49276K(175104K)] 566170K->484372K(699392K), 0.0299486 secs] [Times: user=0.29 sys=0.00, real=0.03 secs] 
2016-09-24T00:58:42.100-0400: 87.554: [GC (Allocation Failure) [PSYoungGen: 137340K->73740K(175104K)] 578855K->539682K(699392K), 0.0202520 secs] [Times: user=0.21 sys=0.00, real=0.02 secs] 
2016-09-24T00:58:42.121-0400: 87.574: [Full GC (Ergonomics) [PSYoungGen: 73740K->0K(175104K)] [ParOldGen: 465942K->52933K(524288K)] 539682K->52933K(699392K), [Metaspace: 44345K->44345K(1087488K)], 0.0536322 secs] [Times: user=0.24 sys=0.01, real=0.06 secs] 
2016-09-24T00:58:42.277-0400: 87.731: [GC (GCLocker Initiated GC) [PSYoungGen: 88064K->79875K(175104K)] 141002K->132814K(699392K), 0.0206122 secs] [Times: user=0.22 sys=0.00, real=0.02 secs] 
2016-09-24T00:58:42.417-0400: 87.870: [GC (GCLocker Initiated GC) [PSYoungGen: 167939K->73804K(175104K)] 227045K->151690K(699392K), 0.0138762 secs] [Times: user=0.15 sys=0.00, real=0.01 secs] 
2016-09-24T00:58:42.532-0400: 87.986: [GC (GCLocker Initiated GC) [PSYoungGen: 161868K->73608K(175104K)] 239903K->170167K(699392K), 0.0311898 secs] [Times: user=0.35 sys=0.00, real=0.04 secs] 
2016-09-24T00:58:42.672-0400: 88.126: [GC (GCLocker Initiated GC) [PSYoungGen: 161672K->73608K(175104K)] 258611K->225538K(699392K), 0.0103624 secs] [Times: user=0.14 sys=0.00, real=0.02 secs] 
2016-09-24T00:58:42.802-0400: 88.255: [GC (Allocation Failure) [PSYoungGen: 161672K->79715K(175104K)] 319718K->256286K(699392K), 0.0082793 secs] [Times: user=0.10 sys=0.00, real=0.01 secs] 
2016-09-24T00:58:42.919-0400: 88.372: [GC (GCLocker Initiated GC) [PSYoungGen: 167775K->79847K(175104K)] 344352K->293173K(699392K), 0.0237074 secs] [Times: user=0.27 sys=0.00, real=0.03 secs] 
2016-09-24T00:58:43.065-0400: 88.519: [GC (GCLocker Initiated GC) [PSYoungGen: 167911K->49308K(175104K)] 387477K->324004K(699392K), 0.0164490 secs] [Times: user=0.18 sys=0.00, real=0.01 secs] 
2016-09-24T00:58:43.197-0400: 88.650: [GC (GCLocker Initiated GC) [PSYoungGen: 137372K->55291K(175104K)] 412305K->330296K(699392K), 0.0068068 secs] [Times: user=0.05 sys=0.00, real=0.01 secs] 
2016-09-24T00:58:43.311-0400: 88.765: [GC (Allocation Failure) [PSYoungGen: 143355K->61362K(175104K)] 418715K->373652K(699392K), 0.0160963 secs] [Times: user=0.17 sys=0.01, real=0.02 secs] 
2016-09-24T00:58:43.445-0400: 88.898: [GC (GCLocker Initiated GC) [PSYoungGen: 149426K->85726K(175104K)] 461717K->404376K(699392K), 0.0189847 secs] [Times: user=0.20 sys=0.00, real=0.02 secs] 
2016-09-24T00:58:43.605-0400: 89.058: [GC (GCLocker Initiated GC) [PSYoungGen: 173790K->43105K(175104K)] 498763K->386579K(699392K), 0.0096457 secs] [Times: user=0.09 sys=0.00, real=0.01 secs] 
2016-09-24T00:58:43.728-0400: 89.182: [GC (Allocation Failure) [PSYoungGen: 131169K->85694K(175104K)] 474830K->466097K(699392K), 0.0163664 secs] [Times: user=0.17 sys=0.00, real=0.02 secs] 
2016-09-24T00:58:43.858-0400: 89.312: [GC (GCLocker Initiated GC) [PSYoungGen: 168179K->37098K(175104K)] 554657K->466368K(699392K), 0.0172813 secs] [Times: user=0.15 sys=0.00, real=0.02 secs] 
2016-09-24T00:58:44.006-0400: 89.460: [GC (GCLocker Initiated GC) [PSYoungGen: 125162K->43169K(175104K)] 566932K->503603K(699392K), 0.0212523 secs] [Times: user=0.23 sys=0.00, real=0.02 secs] 
2016-09-24T00:58:44.028-0400: 89.481: [Full GC (Ergonomics) [PSYoungGen: 43169K->0K(175104K)] [ParOldGen: 460434K->52571K(524288K)] 503603K->52571K(699392K), [Metaspace: 44348K->44348K(1087488K)], 0.0654557 secs] [Times: user=0.41 sys=0.01, real=0.06 secs] 
2016-09-24T00:58:44.248-0400: 89.701: [GC (GCLocker Initiated GC) [PSYoungGen: 88064K->85598K(175104K)] 141008K->144618K(699392K), 0.0215839 secs] [Times: user=0.18 sys=0.00, real=0.02 secs] 
2016-09-24T00:58:44.390-0400: 89.844: [GC (Allocation Failure) [PSYoungGen: 173662K->55255K(175104K)] 233037K->175647K(699392K), 0.0121064 secs] [Times: user=0.11 sys=0.01, real=0.02 secs] 
2016-09-24T00:58:44.513-0400: 89.966: [GC (GCLocker Initiated GC) [PSYoungGen: 143319K->43137K(175104K)] 263717K->200081K(699392K), 0.0113096 secs] [Times: user=0.09 sys=0.00, real=0.02 secs] 
2016-09-24T00:58:44.651-0400: 90.105: [GC (GCLocker Initiated GC) [PSYoungGen: 131201K->55615K(175104K)] 288490K->249473K(699392K), 0.0188161 secs] [Times: user=0.18 sys=0.00, real=0.02 secs] 
2016-09-24T00:58:44.819-0400: 90.272: [GC (GCLocker Initiated GC) [PSYoungGen: 143679K->55191K(175104K)] 337825K->267962K(699392K), 0.0138669 secs] [Times: user=0.12 sys=0.01, real=0.01 secs] 
2016-09-24T00:58:44.931-0400: 90.384: [GC (GCLocker Initiated GC) [PSYoungGen: 143255K->55191K(175104K)] 368329K->280353K(699392K), 0.0163103 secs] [Times: user=0.16 sys=0.00, real=0.02 secs] 
2016-09-24T00:58:45.063-0400: 90.517: [GC (GCLocker Initiated GC) [PSYoungGen: 143255K->79847K(175104K)] 368688K->384398K(699392K), 0.0227847 secs] [Times: user=0.24 sys=0.00, real=0.02 secs] 
2016-09-24T00:58:45.209-0400: 90.663: [GC (GCLocker Initiated GC) [PSYoungGen: 167911K->43269K(175104K)] 484856K->397103K(699392K), 0.0138948 secs] [Times: user=0.13 sys=0.00, real=0.02 secs] 
2016-09-24T00:58:45.327-0400: 90.780: [GC (GCLocker Initiated GC) [PSYoungGen: 131332K->73676K(175104K)] 485539K->464592K(699392K), 0.0125174 secs] [Times: user=0.11 sys=0.00, real=0.01 secs] 
2016-09-24T00:58:45.449-0400: 90.902: [GC (GCLocker Initiated GC) [PSYoungGen: 161735K->61426K(175104K)] 553018K->514078K(699392K), 0.0229732 secs] [Times: user=0.23 sys=0.00, real=0.02 secs] 
2016-09-24T00:58:45.472-0400: 90.925: [Full GC (Ergonomics) [PSYoungGen: 61426K->0K(175104K)] [ParOldGen: 452652K->59536K(524288K)] 514078K->59536K(699392K), [Metaspace: 44353K->44353K(1087488K)], 0.0535772 secs] [Times: user=0.43 sys=0.00, real=0.06 secs] 
2016-09-24T00:58:45.606-0400: 91.059: [GC (GCLocker Initiated GC) [PSYoungGen: 88064K->86110K(175104K)] 147789K->188360K(699392K), 0.0130967 secs] [Times: user=0.20 sys=0.00, real=0.01 secs] 
2016-09-24T00:58:45.704-0400: 91.157: [GC (GCLocker Initiated GC) [PSYoungGen: 174174K->85986K(175104K)] 276607K->249748K(699392K), 0.0140206 secs] [Times: user=0.21 sys=0.00, real=0.01 secs] 
2016-09-24T00:58:45.818-0400: 91.271: [GC (GCLocker Initiated GC) [PSYoungGen: 174050K->86182K(175104K)] 337982K->311172K(699392K), 0.0142623 secs] [Times: user=0.24 sys=0.00, real=0.01 secs] 
2016-09-24T00:58:45.952-0400: 91.406: [GC (GCLocker Initiated GC) [PSYoungGen: 174246K->85854K(175104K)] 405353K->341397K(699392K), 0.0116375 secs] [Times: user=0.18 sys=0.00, real=0.02 secs] 
2016-09-24T00:58:46.086-0400: 91.539: [GC (GCLocker Initiated GC) [PSYoungGen: 173918K->73672K(175104K)] 429509K->396224K(699392K), 0.0168185 secs] [Times: user=0.22 sys=0.01, real=0.02 secs] 
2016-09-24T00:58:46.257-0400: 91.711: [GC (GCLocker Initiated GC) [PSYoungGen: 161736K->55579K(175104K)] 496783K->427359K(699392K), 0.0109086 secs] [Times: user=0.11 sys=0.00, real=0.01 secs] 
2016-09-24T00:58:46.382-0400: 91.836: [GC (Allocation Failure) [PSYoungGen: 143643K->73384K(175104K)] 515778K->445607K(699392K), 0.0085337 secs] [Times: user=0.07 sys=0.01, real=0.00 secs] 
2016-09-24T00:58:46.503-0400: 91.956: [GC (GCLocker Initiated GC) [PSYoungGen: 160930K->31154K(175104K)] 539228K->433840K(699392K), 0.0083457 secs] [Times: user=0.06 sys=0.00, real=0.00 secs] 
2016-09-24T00:58:46.632-0400: 92.085: [GC (GCLocker Initiated GC) [PSYoungGen: 119218K->61526K(175104K)] 522097K->470787K(699392K), 0.0242586 secs] [Times: user=0.26 sys=0.00, real=0.03 secs] 
2016-09-24T00:58:46.754-0400: 92.207: [GC (GCLocker Initiated GC) [PSYoungGen: 149590K->73476K(175104K)] 558939K->544022K(699392K), 0.0123879 secs] [Times: user=0.16 sys=0.00, real=0.02 secs] 
2016-09-24T00:58:46.766-0400: 92.220: [Full GC (Ergonomics) [PSYoungGen: 73476K->0K(175104K)] [ParOldGen: 470546K->52684K(524288K)] 544022K->52684K(699392K), [Metaspace: 44354K->44354K(1087488K)], 0.0537503 secs] [Times: user=0.32 sys=0.00, real=0.05 secs] 
2016-09-24T00:58:46.936-0400: 92.389: [GC (GCLocker Initiated GC) [PSYoungGen: 88064K->86694K(175104K)] 140796K->169801K(699392K), 0.0103501 secs] [Times: user=0.15 sys=0.00, real=0.01 secs] 
2016-09-24T00:58:47.046-0400: 92.500: [GC (GCLocker Initiated GC) [PSYoungGen: 174758K->61554K(175104K)] 258035K->243187K(699392K), 0.0128461 secs] [Times: user=0.18 sys=0.01, real=0.01 secs] 
2016-09-24T00:58:47.164-0400: 92.617: [GC (Allocation Failure) [PSYoungGen: 149618K->85986K(175104K)] 331505K->286258K(699392K), 0.0092982 secs] [Times: user=0.12 sys=0.00, real=0.00 secs] 
2016-09-24T00:58:47.274-0400: 92.728: [GC (GCLocker Initiated GC) [PSYoungGen: 174050K->73708K(175104K)] 374328K->316826K(699392K), 0.0196884 secs] [Times: user=0.24 sys=0.00, real=0.01 secs] 
2016-09-24T00:58:47.414-0400: 92.868: [GC (Allocation Failure) [PSYoungGen: 161772K->55127K(175104K)] 411164K->322979K(699392K), 0.0090175 secs] [Times: user=0.07 sys=0.01, real=0.01 secs] 
2016-09-24T00:58:47.537-0400: 92.991: [GC (GCLocker Initiated GC) [PSYoungGen: 143191K->55579K(175104K)] 411049K->360031K(699392K), 0.0092894 secs] [Times: user=0.12 sys=0.00, real=0.01 secs] 
2016-09-24T00:58:47.670-0400: 93.123: [GC (GCLocker Initiated GC) [PSYoungGen: 143643K->79619K(175104K)] 454531K->409163K(699392K), 0.0120060 secs] [Times: user=0.08 sys=0.01, real=0.01 secs] 
2016-09-24T00:58:47.820-0400: 93.273: [GC (Allocation Failure) [PSYoungGen: 167683K->61526K(175104K)] 497487K->409658K(699392K), 0.0322778 secs] [Times: user=0.31 sys=0.00, real=0.03 secs] 
2016-09-24T00:58:47.960-0400: 93.414: [GC (GCLocker Initiated GC) [PSYoungGen: 149590K->73512K(175104K)] 497729K->440144K(699392K), 0.0143475 secs] [Times: user=0.16 sys=0.00, real=0.02 secs] 
2016-09-24T00:58:48.109-0400: 93.563: [GC (GCLocker Initiated GC) [PSYoungGen: 161576K->49276K(175104K)] 540511K->446556K(699392K), 0.0384174 secs] [Times: user=0.37 sys=0.01, real=0.04 secs] 
2016-09-24T00:58:48.249-0400: 93.703: [GC (GCLocker Initiated GC) [PSYoungGen: 137340K->85662K(175104K)] 534668K->519707K(699392K), 0.0382621 secs] [Times: user=0.41 sys=0.01, real=0.04 secs] 
2016-09-24T00:58:48.422-0400: 93.875: [GC (GCLocker Initiated GC) [PSYoungGen: 173726K->55287K(175104K)] 607874K->520086K(699392K), 0.0123103 secs] [Times: user=0.12 sys=0.01, real=0.01 secs] 
2016-09-24T00:58:48.434-0400: 93.888: [Full GC (Ergonomics) [PSYoungGen: 55287K->0K(175104K)] [ParOldGen: 464799K->46631K(524288K)] 520086K->46631K(699392K), [Metaspace: 44366K->44366K(1087488K)], 0.0578641 secs] [Times: user=0.39 sys=0.01, real=0.05 secs] 
2016-09-24T00:58:48.624-0400: 94.078: [GC (GCLocker Initiated GC) [PSYoungGen: 88064K->86342K(175104K)] 147127K->151480K(699392K), 0.0080573 secs] [Times: user=0.10 sys=0.00, real=0.00 secs] 
2016-09-24T00:58:48.794-0400: 94.248: [GC (GCLocker Initiated GC) [PSYoungGen: 174406K->37517K(175104K)] 245980K->158232K(699392K), 0.0111327 secs] [Times: user=0.13 sys=0.00, real=0.01 secs] 
2016-09-24T00:58:48.908-0400: 94.361: [GC (GCLocker Initiated GC) [PSYoungGen: 125581K->55415K(175104K)] 258745K->206947K(699392K), 0.0189908 secs] [Times: user=0.22 sys=0.00, real=0.02 secs] 
2016-09-24T00:58:49.065-0400: 94.518: [GC (GCLocker Initiated GC) [PSYoungGen: 143479K->61786K(175104K)] 295220K->231896K(699392K), 0.0184488 secs] [Times: user=0.18 sys=0.00, real=0.02 secs] 
2016-09-24T00:58:49.196-0400: 94.650: [GC (Allocation Failure) [PSYoungGen: 149850K->73544K(175104K)] 326311K->274893K(699392K), 0.0243059 secs] [Times: user=0.26 sys=0.00, real=0.02 secs] 
2016-09-24T00:58:49.324-0400: 94.777: [GC (GCLocker Initiated GC) [PSYoungGen: 161608K->73640K(175104K)] 362963K->329845K(699392K), 0.0126735 secs] [Times: user=0.18 sys=0.00, real=0.01 secs] 
2016-09-24T00:58:49.436-0400: 94.890: [GC (GCLocker Initiated GC) [PSYoungGen: 161704K->85726K(175104K)] 418007K->396988K(699392K), 0.0119190 secs] [Times: user=0.11 sys=0.00, real=0.01 secs] 
2016-09-24T00:58:49.564-0400: 95.018: [GC (GCLocker Initiated GC) [PSYoungGen: 173790K->61590K(175104K)] 485351K->410073K(699392K), 0.0211300 secs] [Times: user=0.25 sys=0.00, real=0.02 secs] 
2016-09-24T00:58:49.680-0400: 95.133: [GC (GCLocker Initiated GC) [PSYoungGen: 149654K->85662K(175104K)] 498195K->477004K(699392K), 0.0145775 secs] [Times: user=0.09 sys=0.00, real=0.02 secs] 
2016-09-24T00:58:49.807-0400: 95.260: [GC (GCLocker Initiated GC) [PSYoungGen: 173726K->67665K(175104K)] 577329K->514092K(699392K), 0.0173985 secs] [Times: user=0.17 sys=0.00, real=0.02 secs] 
2016-09-24T00:58:49.929-0400: 95.382: [GC (GCLocker Initiated GC) [PSYoungGen: 155729K->86118K(175104K)] 602517K->563597K(699392K), 0.0268215 secs] [Times: user=0.30 sys=0.00, real=0.03 secs] 
2016-09-24T00:58:49.956-0400: 95.409: [Full GC (Ergonomics) [PSYoungGen: 86118K->0K(175104K)] [ParOldGen: 477479K->53327K(524288K)] 563597K->53327K(699392K), [Metaspace: 44366K->44366K(1087488K)], 0.0497882 secs] [Times: user=0.27 sys=0.01, real=0.05 secs] 
2016-09-24T00:58:50.111-0400: 95.565: [GC (GCLocker Initiated GC) [PSYoungGen: 88064K->73640K(175104K)] 147467K->133044K(699392K), 0.0102895 secs] [Times: user=0.15 sys=0.00, real=0.01 secs] 
2016-09-24T00:58:50.251-0400: 95.704: [GC (GCLocker Initiated GC) [PSYoungGen: 161704K->61654K(175104K)] 233434K->151932K(699392K), 0.0081498 secs] [Times: user=0.11 sys=0.01, real=0.01 secs] 
2016-09-24T00:58:50.403-0400: 95.857: [GC (Allocation Failure) [PSYoungGen: 149718K->55223K(175104K)] 252282K->188594K(699392K), 0.0168867 secs] [Times: user=0.16 sys=0.00, real=0.01 secs] 
2016-09-24T00:58:50.536-0400: 95.989: [GC (GCLocker Initiated GC) [PSYoungGen: 143287K->49084K(175104K)] 276663K->188803K(699392K), 0.0197617 secs] [Times: user=0.18 sys=0.01, real=0.02 secs] 
2016-09-24T00:58:50.668-0400: 96.121: [GC (GCLocker Initiated GC) [PSYoungGen: 137148K->79947K(175104K)] 277065K->238349K(699392K), 0.0190184 secs] [Times: user=0.18 sys=0.00, real=0.02 secs] 
2016-09-24T00:58:50.824-0400: 96.277: [GC (GCLocker Initiated GC) [PSYoungGen: 168011K->49539K(175104K)] 344685K->244722K(699392K), 0.0298345 secs] [Times: user=0.31 sys=0.00, real=0.02 secs] 
2016-09-24T00:58:50.947-0400: 96.400: [GC (GCLocker Initiated GC) [PSYoungGen: 137603K->67501K(175104K)] 332828K->293423K(699392K), 0.0216367 secs] [Times: user=0.30 sys=0.00, real=0.02 secs] 
2016-09-24T00:58:51.078-0400: 96.531: [GC (GCLocker Initiated GC) [PSYoungGen: 155565K->73672K(175104K)] 381775K->354865K(699392K), 0.0112406 secs] [Times: user=0.13 sys=0.00, real=0.01 secs] 
2016-09-24T00:58:51.218-0400: 96.671: [GC (GCLocker Initiated GC) [PSYoungGen: 161736K->55383K(175104K)] 455333K->367489K(699392K), 0.0102328 secs] [Times: user=0.10 sys=0.00, real=0.01 secs] 
2016-09-24T00:58:51.344-0400: 96.798: [GC (GCLocker Initiated GC) [PSYoungGen: 143447K->67469K(175104K)] 461737K->386034K(699392K), 0.0096129 secs] [Times: user=0.11 sys=0.00, real=0.00 secs] 
2016-09-24T00:58:51.471-0400: 96.925: [GC (GCLocker Initiated GC) [PSYoungGen: 155533K->43173K(175104K)] 480311K->398405K(699392K), 0.0144313 secs] [Times: user=0.10 sys=0.01, real=0.02 secs] 
2016-09-24T00:58:51.632-0400: 97.085: [GC (GCLocker Initiated GC) [PSYoungGen: 131237K->31019K(175104K)] 504915K->471805K(699392K), 0.0145853 secs] [Times: user=0.15 sys=0.00, real=0.02 secs] 
2016-09-24T00:58:51.778-0400: 97.232: [GC (GCLocker Initiated GC) [PSYoungGen: 119083K->36934K(175104K)] 566295K->484225K(699392K), 0.0133576 secs] [Times: user=0.12 sys=0.01, real=0.01 secs] 
2016-09-24T00:58:51.909-0400: 97.362: [Full GC (Ergonomics) [PSYoungGen: 124998K->0K(175104K)] [ParOldGen: 453570K->52839K(524288K)] 578569K->52839K(699392K), [Metaspace: 44367K->44367K(1087488K)], 0.0546198 secs] [Times: user=0.27 sys=0.01, real=0.06 secs] 
2016-09-24T00:58:52.076-0400: 97.530: [GC (Allocation Failure) [PSYoungGen: 88064K->80071K(175104K)] 141225K->133232K(699392K), 0.0346940 secs] [Times: user=0.36 sys=0.01, real=0.03 secs] 
2016-09-24T00:58:52.226-0400: 97.680: [GC (GCLocker Initiated GC) [PSYoungGen: 162151K->73672K(175104K)] 221387K->170241K(699392K), 0.0239207 secs] [Times: user=0.33 sys=0.00, real=0.02 secs] 
2016-09-24T00:58:52.357-0400: 97.811: [GC (GCLocker Initiated GC) [PSYoungGen: 161736K->86182K(175104K)] 258516K->207405K(699392K), 0.0101287 secs] [Times: user=0.14 sys=0.01, real=0.01 secs] 
2016-09-24T00:58:52.511-0400: 97.965: [GC (GCLocker Initiated GC) [PSYoungGen: 174246K->49112K(175104K)] 307756K->237596K(699392K), 0.0127737 secs] [Times: user=0.16 sys=0.00, real=0.02 secs] 
2016-09-24T00:58:52.655-0400: 98.108: [GC (GCLocker Initiated GC) [PSYoungGen: 137176K->67305K(175104K)] 325743K->280300K(699392K), 0.0240394 secs] [Times: user=0.20 sys=0.01, real=0.02 secs] 
2016-09-24T00:58:52.774-0400: 98.228: [GC (GCLocker Initiated GC) [PSYoungGen: 155369K->73576K(175104K)] 368731K->323516K(699392K), 0.0106345 secs] [Times: user=0.13 sys=0.00, real=0.01 secs] 
2016-09-24T00:58:52.887-0400: 98.341: [GC (Allocation Failure) [PSYoungGen: 161640K->73868K(175104K)] 411823K->360817K(699392K), 0.0110715 secs] [Times: user=0.13 sys=0.00, real=0.01 secs] 
2016-09-24T00:58:53.017-0400: 98.470: [GC (GCLocker Initiated GC) [PSYoungGen: 157827K->85790K(175104K)] 450851K->403421K(699392K), 0.0109346 secs] [Times: user=0.14 sys=0.00, real=0.01 secs] 
2016-09-24T00:58:53.137-0400: 98.591: [GC (GCLocker Initiated GC) [PSYoungGen: 173854K->61622K(175104K)] 491661K->397765K(699392K), 0.0131180 secs] [Times: user=0.13 sys=0.00, real=0.01 secs] 
2016-09-24T00:58:53.274-0400: 98.728: [GC (GCLocker Initiated GC) [PSYoungGen: 149686K->61362K(175104K)] 492002K->464696K(699392K), 0.0179769 secs] [Times: user=0.21 sys=0.00, real=0.01 secs] 
2016-09-24T00:58:53.431-0400: 98.885: [GC (GCLocker Initiated GC) [PSYoungGen: 149426K->61070K(175104K)] 552802K->488989K(699392K), 0.0280494 secs] [Times: user=0.31 sys=0.01, real=0.03 secs] 
2016-09-24T00:58:53.550-0400: 99.003: [GC (GCLocker Initiated GC) [PSYoungGen: 149134K->85790K(175104K)] 577101K->550351K(699392K), 0.0150686 secs] [Times: user=0.19 sys=0.00, real=0.02 secs] 
2016-09-24T00:58:53.565-0400: 99.019: [Full GC (Ergonomics) [PSYoungGen: 85790K->0K(175104K)] [ParOldGen: 464561K->51936K(524288K)] 550351K->51936K(699392K), [Metaspace: 44367K->44367K(1087488K)], 0.1563135 secs] [Times: user=1.93 sys=0.02, real=0.15 secs] 
2016-09-24T00:58:53.834-0400: 99.288: [GC (GCLocker Initiated GC) [PSYoungGen: 88064K->73896K(175104K)] 146442K->132274K(699392K), 0.0100884 secs] [Times: user=0.11 sys=0.00, real=0.01 secs] 
2016-09-24T00:58:53.971-0400: 99.425: [GC (Allocation Failure) [PSYoungGen: 161960K->49600K(175104K)] 232614K->157268K(699392K), 0.0216875 secs] [Times: user=0.28 sys=0.01, real=0.02 secs] 
2016-09-24T00:58:54.098-0400: 99.551: [GC (GCLocker Initiated GC) [PSYoungGen: 137664K->85822K(175104K)] 245337K->242427K(699392K), 0.0127431 secs] [Times: user=0.20 sys=0.00, real=0.01 secs] 
2016-09-24T00:58:54.224-0400: 99.677: [GC (GCLocker Initiated GC) [PSYoungGen: 173886K->85758K(175104K)] 330533K->297192K(699392K), 0.0186184 secs] [Times: user=0.24 sys=0.01, real=0.02 secs] 
2016-09-24T00:58:54.363-0400: 99.816: [GC (GCLocker Initiated GC) [PSYoungGen: 173822K->67761K(175104K)] 385510K->322102K(699392K), 0.0146049 secs] [Times: user=0.17 sys=0.00, real=0.01 secs] 
2016-09-24T00:58:54.486-0400: 99.940: [GC (GCLocker Initiated GC) [PSYoungGen: 155825K->85886K(175104K)] 416335K->364920K(699392K), 0.0282308 secs] [Times: user=0.39 sys=0.00, real=0.03 secs] 
2016-09-24T00:58:54.644-0400: 100.098: [GC (GCLocker Initiated GC) [PSYoungGen: 173947K->73968K(175104K)] 459412K->402273K(699392K), 0.0124118 secs] [Times: user=0.16 sys=0.00, real=0.01 secs] 
2016-09-24T00:58:54.771-0400: 100.224: [GC (Allocation Failure) [PSYoungGen: 162032K->55775K(175104K)] 496757K->409368K(699392K), 0.0097383 secs] [Times: user=0.14 sys=0.00, real=0.01 secs] 
2016-09-24T00:58:54.903-0400: 100.356: [GC (GCLocker Initiated GC) [PSYoungGen: 140002K->43297K(175104K)] 499671K->415258K(699392K), 0.0069531 secs] [Times: user=0.07 sys=0.00, real=0.00 secs] 
2016-09-24T00:58:55.043-0400: 100.496: [GC (GCLocker Initiated GC) [PSYoungGen: 131361K->61590K(175104K)] 503420K->451970K(699392K), 0.0167470 secs] [Times: user=0.17 sys=0.00, real=0.01 secs] 
2016-09-24T00:58:55.158-0400: 100.612: [GC (Allocation Failure) [PSYoungGen: 149650K->73672K(175104K)] 540386K->482948K(699392K), 0.0110814 secs] [Times: user=0.18 sys=0.00, real=0.01 secs] 
2016-09-24T00:58:55.289-0400: 100.742: [GC (GCLocker Initiated GC) [PSYoungGen: 161736K->73868K(175104K)] 571017K->501518K(699392K), 0.0102461 secs] [Times: user=0.16 sys=0.01, real=0.01 secs] 
2016-09-24T00:58:55.410-0400: 100.864: [GC (GCLocker Initiated GC) [PSYoungGen: 161932K->85822K(175104K)] 589819K->544392K(699392K), 0.0128376 secs] [Times: user=0.21 sys=0.00, real=0.02 secs] 
2016-09-24T00:58:55.538-0400: 100.991: [GC (Allocation Failure) [PSYoungGen: 173886K->79747K(175104K)] 632665K->557051K(699392K), 0.0122563 secs] [Times: user=0.18 sys=0.00, real=0.01 secs] 
2016-09-24T00:58:55.550-0400: 101.003: [Full GC (Ergonomics) [PSYoungGen: 79747K->0K(175104K)] [ParOldGen: 477304K->46037K(524288K)] 557051K->46037K(699392K), [Metaspace: 44370K->44370K(1087488K)], 0.0436604 secs] [Times: user=0.34 sys=0.00, real=0.04 secs] 
2016-09-24T00:58:55.691-0400: 101.144: [GC (GCLocker Initiated GC) [PSYoungGen: 88064K->86734K(175104K)] 134107K->138852K(699392K), 0.0108821 secs] [Times: user=0.16 sys=0.00, real=0.01 secs] 
2016-09-24T00:58:55.821-0400: 101.275: [GC (GCLocker Initiated GC) [PSYoungGen: 174798K->85854K(175104K)] 227092K->175317K(699392K), 0.0136182 secs] [Times: user=0.20 sys=0.01, real=0.02 secs] 
2016-09-24T00:58:55.941-0400: 101.395: [GC (Allocation Failure) [PSYoungGen: 173918K->74000K(175104K)] 269509K->169726K(699392K), 0.0108055 secs] [Times: user=0.16 sys=0.00, real=0.01 secs] 
2016-09-24T00:58:56.074-0400: 101.527: [GC (GCLocker Initiated GC) [PSYoungGen: 156010K->73640K(175104K)] 257812K->212230K(699392K), 0.0110954 secs] [Times: user=0.17 sys=0.00, real=0.02 secs] 
2016-09-24T00:58:56.219-0400: 101.672: [GC (GCLocker Initiated GC) [PSYoungGen: 161704K->37649K(175104K)] 306540K->200822K(699392K), 0.0067420 secs] [Times: user=0.09 sys=0.00, real=0.01 secs] 
2016-09-24T00:58:56.315-0400: 101.768: [GC (GCLocker Initiated GC) [PSYoungGen: 125713K->85854K(175104K)] 295272K->261795K(699392K), 0.0102568 secs] [Times: user=0.16 sys=0.00, real=0.01 secs] 
2016-09-24T00:58:56.442-0400: 101.895: [GC (Allocation Failure) [PSYoungGen: 173918K->85822K(175104K)] 356099K->286511K(699392K), 0.0101229 secs] [Times: user=0.13 sys=0.00, real=0.01 secs] 
2016-09-24T00:58:56.565-0400: 102.018: [GC (GCLocker Initiated GC) [PSYoungGen: 173808K->55775K(175104K)] 380573K->299321K(699392K), 0.0100714 secs] [Times: user=0.15 sys=0.00, real=0.01 secs] 
2016-09-24T00:58:56.702-0400: 102.155: [GC (GCLocker Initiated GC) [PSYoungGen: 143839K->55255K(175104K)] 399680K->329588K(699392K), 0.0089085 secs] [Times: user=0.08 sys=0.00, real=0.01 secs] 
2016-09-24T00:58:56.835-0400: 102.289: [GC (GCLocker Initiated GC) [PSYoungGen: 143319K->73836K(175104K)] 424083K->385102K(699392K), 0.0124098 secs] [Times: user=0.17 sys=0.00, real=0.01 secs] 
2016-09-24T00:58:56.980-0400: 102.434: [GC (Allocation Failure) [PSYoungGen: 161900K->37290K(175104K)] 479462K->373556K(699392K), 0.0125178 secs] [Times: user=0.13 sys=0.00, real=0.01 secs] 
2016-09-24T00:58:57.086-0400: 102.540: [GC (GCLocker Initiated GC) [PSYoungGen: 125354K->73508K(175104K)] 461626K->434247K(699392K), 0.0160457 secs] [Times: user=0.22 sys=0.00, real=0.02 secs] 
2016-09-24T00:58:57.242-0400: 102.695: [GC (GCLocker Initiated GC) [PSYoungGen: 161572K->79751K(175104K)] 522444K->452892K(699392K), 0.0117041 secs] [Times: user=0.14 sys=0.00, real=0.01 secs] 
2016-09-24T00:58:57.390-0400: 102.844: [GC (GCLocker Initiated GC) [PSYoungGen: 167815K->31214K(175104K)] 553113K->459501K(699392K), 0.0140728 secs] [Times: user=0.15 sys=0.00, real=0.02 secs] 
2016-09-24T00:58:57.518-0400: 102.972: [GC (GCLocker Initiated GC) [PSYoungGen: 119278K->37194K(175104K)] 560037K->478031K(699392K), 0.0133934 secs] [Times: user=0.13 sys=0.00, real=0.01 secs] 
2016-09-24T00:58:57.651-0400: 103.105: [GC (GCLocker Initiated GC) [PSYoungGen: 125258K->73804K(175104K)] 578449K->545519K(699392K), 0.0090589 secs] [Times: user=0.11 sys=0.00, real=0.01 secs] 
2016-09-24T00:58:57.661-0400: 103.114: [Full GC (Ergonomics) [PSYoungGen: 73804K->0K(175104K)] [ParOldGen: 471715K->58480K(524288K)] 545519K->58480K(699392K), [Metaspace: 44371K->44371K(1087488K)], 0.0534014 secs] [Times: user=0.40 sys=0.01, real=0.05 secs] 
2016-09-24T00:58:57.834-0400: 103.287: [GC (GCLocker Initiated GC) [PSYoungGen: 88064K->86110K(175104K)] 158983K->175255K(699392K), 0.0124961 secs] [Times: user=0.18 sys=0.00, real=0.02 secs] 
2016-09-24T00:58:57.944-0400: 103.398: [GC (GCLocker Initiated GC) [PSYoungGen: 174174K->73836K(175104K)] 263692K->249007K(699392K), 0.0129099 secs] [Times: user=0.21 sys=0.00, real=0.01 secs] 
2016-09-24T00:58:58.073-0400: 103.526: [GC (GCLocker Initiated GC) [PSYoungGen: 161900K->86018K(175104K)] 337292K->298168K(699392K), 0.0130742 secs] [Times: user=0.21 sys=0.01, real=0.02 secs] 
2016-09-24T00:58:58.228-0400: 103.682: [GC (GCLocker Initiated GC) [PSYoungGen: 174082K->55283K(175104K)] 392623K->310722K(699392K), 0.0110825 secs] [Times: user=0.17 sys=0.01, real=0.01 secs] 
2016-09-24T00:58:58.357-0400: 103.811: [GC (GCLocker Initiated GC) [PSYoungGen: 143347K->61494K(175104K)] 405031K->323274K(699392K), 0.0127565 secs] [Times: user=0.08 sys=0.01, real=0.01 secs] 
2016-09-24T00:58:58.488-0400: 103.941: [GC (Allocation Failure) [PSYoungGen: 149558K->61166K(175104K)] 411508K->372156K(699392K), 0.0249316 secs] [Times: user=0.27 sys=0.00, real=0.02 secs] 
2016-09-24T00:58:58.624-0400: 104.078: [GC (GCLocker Initiated GC) [PSYoungGen: 146196K->73804K(175104K)] 463261K->433538K(699392K), 0.0112832 secs] [Times: user=0.17 sys=0.00, real=0.01 secs] 
2016-09-24T00:58:58.744-0400: 104.197: [GC (GCLocker Initiated GC) [PSYoungGen: 161868K->55679K(175104K)] 521951K->434303K(699392K), 0.0084258 secs] [Times: user=0.13 sys=0.00, real=0.00 secs] 
2016-09-24T00:58:58.878-0400: 104.331: [GC (GCLocker Initiated GC) [PSYoungGen: 143743K->73968K(175104K)] 528769K->459261K(699392K), 0.0104352 secs] [Times: user=0.13 sys=0.00, real=0.01 secs] 
2016-09-24T00:58:59.036-0400: 104.490: [GC (Allocation Failure) [PSYoungGen: 162032K->73476K(175104K)] 547664K->477640K(699392K), 0.0115561 secs] [Times: user=0.17 sys=0.00, real=0.01 secs] 
2016-09-24T00:58:59.049-0400: 104.502: [GC (GCLocker Initiated GC) [PSYoungGen: 73826K->32K(175104K)] 477991K->477293K(699392K), 0.0098898 secs] [Times: user=0.15 sys=0.00, real=0.01 secs] 
2016-09-24T00:58:59.059-0400: 104.512: [Full GC (Ergonomics) [PSYoungGen: 32K->0K(175104K)] [ParOldGen: 477261K->45769K(524288K)] 477293K->45769K(699392K), [Metaspace: 44372K->44372K(1087488K)], 0.0480466 secs] [Times: user=0.44 sys=0.01, real=0.05 secs] 
2016-09-24T00:58:59.237-0400: 104.690: [GC (GCLocker Initiated GC) [PSYoungGen: 88064K->86274K(175104K)] 133839K->156349K(699392K), 0.0116744 secs] [Times: user=0.18 sys=0.00, real=0.01 secs] 
2016-09-24T00:58:59.392-0400: 104.846: [GC (GCLocker Initiated GC) [PSYoungGen: 174338K->79423K(175104K)] 250547K->192621K(699392K), 0.0111523 secs] [Times: user=0.14 sys=0.00, real=0.02 secs] 
2016-09-24T00:58:59.498-0400: 104.951: [GC (GCLocker Initiated GC) [PSYoungGen: 167487K->55643K(175104K)] 286919K->223835K(699392K), 0.0111290 secs] [Times: user=0.10 sys=0.01, real=0.01 secs] 
2016-09-24T00:58:59.624-0400: 105.077: [GC (GCLocker Initiated GC) [PSYoungGen: 143707K->86018K(175104K)] 312271K->273123K(699392K), 0.0108881 secs] [Times: user=0.15 sys=0.00, real=0.01 secs] 
2016-09-24T00:58:59.721-0400: 105.174: [GC (GCLocker Initiated GC) [PSYoungGen: 174082K->73704K(175104K)] 367516K->315898K(699392K), 0.0121317 secs] [Times: user=0.18 sys=0.00, real=0.01 secs] 
2016-09-24T00:58:59.855-0400: 105.309: [GC (GCLocker Initiated GC) [PSYoungGen: 161768K->55483K(175104K)] 416187K->328239K(699392K), 0.0086075 secs] [Times: user=0.08 sys=0.01, real=0.01 secs] 
2016-09-24T00:58:59.980-0400: 105.434: [GC (GCLocker Initiated GC) [PSYoungGen: 143547K->85630K(175104K)] 416406K->389312K(699392K), 0.0098648 secs] [Times: user=0.10 sys=0.00, real=0.01 secs] 
2016-09-24T00:59:00.105-0400: 105.558: [GC (GCLocker Initiated GC) [PSYoungGen: 173694K->43005K(175104K)] 477389K->401502K(699392K), 0.0339834 secs] [Times: user=0.42 sys=0.01, real=0.03 secs] 
2016-09-24T00:59:00.265-0400: 105.718: [GC (GCLocker Initiated GC) [PSYoungGen: 131069K->79427K(175104K)] 495818K->444248K(699392K), 0.0181904 secs] [Times: user=0.19 sys=0.00, real=0.02 secs] 
2016-09-24T00:59:00.416-0400: 105.870: [GC (GCLocker Initiated GC) [PSYoungGen: 167491K->67209K(175104K)] 532354K->468789K(699392K), 0.0098827 secs] [Times: user=0.10 sys=0.00, real=0.01 secs] 
2016-09-24T00:59:00.569-0400: 106.023: [GC (GCLocker Initiated GC) [PSYoungGen: 155273K->42909K(175104K)] 557040K->499447K(699392K), 0.0093936 secs] [Times: user=0.09 sys=0.00, real=0.01 secs] 
2016-09-24T00:59:00.579-0400: 106.032: [Full GC (Ergonomics) [PSYoungGen: 42909K->0K(175104K)] [ParOldGen: 456538K->39972K(524288K)] 499447K->39972K(699392K), [Metaspace: 44372K->44372K(1087488K)], 0.0504779 secs] [Times: user=0.34 sys=0.01, real=0.05 secs] 
2016-09-24T00:59:00.731-0400: 106.185: [GC (GCLocker Initiated GC) [PSYoungGen: 88064K->86178K(175104K)] 134254K->138443K(699392K), 0.0098116 secs] [Times: user=0.12 sys=0.00, real=0.01 secs] 
2016-09-24T00:59:00.850-0400: 106.304: [GC (GCLocker Initiated GC) [PSYoungGen: 174242K->55711K(175104K)] 226727K->169486K(699392K), 0.0102470 secs] [Times: user=0.10 sys=0.00, real=0.01 secs] 
2016-09-24T00:59:00.959-0400: 106.412: [GC (GCLocker Initiated GC) [PSYoungGen: 143775K->73804K(175104K)] 257712K->206265K(699392K), 0.0119382 secs] [Times: user=0.12 sys=0.00, real=0.01 secs] 
2016-09-24T00:59:01.067-0400: 106.520: [GC (GCLocker Initiated GC) [PSYoungGen: 161868K->61458K(175104K)] 294612K->212547K(699392K), 0.0117454 secs] [Times: user=0.11 sys=0.01, real=0.01 secs] 
2016-09-24T00:59:01.211-0400: 106.665: [GC (Allocation Failure) [PSYoungGen: 149522K->86150K(175104K)] 306951K->249733K(699392K), 0.0238185 secs] [Times: user=0.27 sys=0.00, real=0.03 secs] 
2016-09-24T00:59:01.354-0400: 106.807: [GC (GCLocker Initiated GC) [PSYoungGen: 170881K->55479K(175104K)] 340540K->280136K(699392K), 0.0129403 secs] [Times: user=0.17 sys=0.01, real=0.02 secs] 
2016-09-24T00:59:01.486-0400: 106.939: [GC (GCLocker Initiated GC) [PSYoungGen: 143543K->42977K(175104K)] 368758K->280437K(699392K), 0.0299600 secs] [Times: user=0.28 sys=0.00, real=0.03 secs] 
2016-09-24T00:59:01.608-0400: 107.061: [GC (GCLocker Initiated GC) [PSYoungGen: 131041K->79523K(175104K)] 368711K->317445K(699392K), 0.0096069 secs] [Times: user=0.08 sys=0.00, real=0.01 secs] 
2016-09-24T00:59:01.718-0400: 107.172: [GC (GCLocker Initiated GC) [PSYoungGen: 167587K->79779K(175104K)] 405679K->360688K(699392K), 0.0176798 secs] [Times: user=0.21 sys=0.00, real=0.02 secs] 
2016-09-24T00:59:01.858-0400: 107.312: [GC (Allocation Failure) [PSYoungGen: 167843K->43105K(175104K)] 454925K->379047K(699392K), 0.0107956 secs] [Times: user=0.08 sys=0.00, real=0.01 secs] 
2016-09-24T00:59:01.982-0400: 107.435: [GC (GCLocker Initiated GC) [PSYoungGen: 131169K->73512K(175104K)] 467112K->446196K(699392K), 0.0135063 secs] [Times: user=0.12 sys=0.00, real=0.02 secs] 
2016-09-24T00:59:02.113-0400: 107.566: [GC (GCLocker Initiated GC) [PSYoungGen: 161575K->18709K(175104K)] 534592K->428427K(699392K), 0.0145082 secs] [Times: user=0.11 sys=0.00, real=0.02 secs] 
2016-09-24T00:59:02.240-0400: 107.693: [GC (GCLocker Initiated GC) [PSYoungGen: 106773K->85662K(175104K)] 516557K->507684K(699392K), 0.0124201 secs] [Times: user=0.09 sys=0.00, real=0.01 secs] 
2016-09-24T00:59:02.379-0400: 107.833: [GC (GCLocker Initiated GC) [PSYoungGen: 173726K->36998K(175104K)] 601944K->532340K(699392K), 0.0310150 secs] [Times: user=0.30 sys=0.00, real=0.03 secs] 
2016-09-24T00:59:02.410-0400: 107.864: [Full GC (Ergonomics) [PSYoungGen: 36998K->0K(175104K)] [ParOldGen: 495342K->40036K(524288K)] 532340K->40036K(699392K), [Metaspace: 44373K->44373K(1087488K)], 0.0552796 secs] [Times: user=0.30 sys=0.01, real=0.06 secs] 
2016-09-24T00:59:02.557-0400: 108.010: [GC (GCLocker Initiated GC) [PSYoungGen: 88064K->86078K(175104K)] 128158K->144398K(699392K), 0.0098791 secs] [Times: user=0.13 sys=0.01, real=0.01 secs] 
2016-09-24T00:59:02.688-0400: 108.142: [GC (GCLocker Initiated GC) [PSYoungGen: 174142K->61558K(175104K)] 232503K->150998K(699392K), 0.0086821 secs] [Times: user=0.10 sys=0.00, real=0.01 secs] 
2016-09-24T00:59:02.789-0400: 108.243: [GC (Allocation Failure) [PSYoungGen: 149622K->79747K(175104K)] 239317K->218350K(699392K), 0.0189456 secs] [Times: user=0.21 sys=0.00, real=0.02 secs] 
2016-09-24T00:59:02.924-0400: 108.377: [GC (Allocation Failure) [PSYoungGen: 167811K->43560K(175104K)] 306414K->261298K(699392K), 0.0114726 secs] [Times: user=0.15 sys=0.00, real=0.01 secs] 
2016-09-24T00:59:03.050-0400: 108.504: [GC (GCLocker Initiated GC) [PSYoungGen: 129282K->67469K(175104K)] 353094K->291549K(699392K), 0.0075862 secs] [Times: user=0.07 sys=0.00, real=0.01 secs] 
2016-09-24T00:59:03.168-0400: 108.622: [GC (GCLocker Initiated GC) [PSYoungGen: 155533K->61490K(175104K)] 379985K->322551K(699392K), 0.0122709 secs] [Times: user=0.11 sys=0.00, real=0.01 secs] 
2016-09-24T00:59:03.288-0400: 108.741: [GC (GCLocker Initiated GC) [PSYoungGen: 149554K->55451K(175104K)] 416777K->347053K(699392K), 0.0226569 secs] [Times: user=0.23 sys=0.01, real=0.02 secs] 
2016-09-24T00:59:03.412-0400: 108.865: [GC (GCLocker Initiated GC) [PSYoungGen: 143515K->79623K(175104K)] 435210K->377636K(699392K), 0.0223384 secs] [Times: user=0.18 sys=0.00, real=0.03 secs] 
2016-09-24T00:59:03.525-0400: 108.979: [GC (Allocation Failure) [PSYoungGen: 167687K->73704K(175104K)] 465905K->439054K(699392K), 0.0234644 secs] [Times: user=0.26 sys=0.01, real=0.02 secs] 
2016-09-24T00:59:03.659-0400: 109.113: [GC (GCLocker Initiated GC) [PSYoungGen: 161768K->85890K(175104K)] 527118K->475660K(699392K), 0.0099579 secs] [Times: user=0.10 sys=0.00, real=0.01 secs] 
2016-09-24T00:59:03.809-0400: 109.262: [GC (GCLocker Initiated GC) [PSYoungGen: 173954K->42909K(175104K)] 569829K->475673K(699392K), 0.0351461 secs] [Times: user=0.39 sys=0.00, real=0.04 secs] 
2016-09-24T00:59:03.930-0400: 109.383: [GC (Allocation Failure) [PSYoungGen: 130973K->85790K(175104K)] 564087K->525083K(699392K), 0.0094737 secs] [Times: user=0.10 sys=0.00, real=0.01 secs] 
2016-09-24T00:59:04.075-0400: 109.528: [GC (Allocation Failure) [PSYoungGen: 173854K->42973K(175104K)] 613147K->518991K(699392K), 0.0090799 secs] [Times: user=0.09 sys=0.00, real=0.01 secs] 
2016-09-24T00:59:04.084-0400: 109.537: [Full GC (Ergonomics) [PSYoungGen: 42973K->0K(175104K)] [ParOldGen: 476018K->40045K(524288K)] 518991K->40045K(699392K), [Metaspace: 44379K->44379K(1087488K)], 0.0565727 secs] [Times: user=0.34 sys=0.01, real=0.05 secs] 
2016-09-24T00:59:04.239-0400: 109.692: [GC (GCLocker Initiated GC) [PSYoungGen: 88064K->86210K(175104K)] 128121K->168792K(699392K), 0.0187330 secs] [Times: user=0.24 sys=0.00, real=0.02 secs] 
2016-09-24T00:59:04.358-0400: 109.811: [GC (GCLocker Initiated GC) [PSYoungGen: 174274K->73544K(175104K)] 257100K->175150K(699392K), 0.0161975 secs] [Times: user=0.20 sys=0.00, real=0.02 secs] 
2016-09-24T00:59:04.473-0400: 109.926: [GC (GCLocker Initiated GC) [PSYoungGen: 161608K->85594K(175104K)] 263262K->224005K(699392K), 0.0125442 secs] [Times: user=0.15 sys=0.00, real=0.02 secs] 
2016-09-24T00:59:04.612-0400: 110.066: [GC (Allocation Failure) [PSYoungGen: 173658K->67565K(175104K)] 324362K->260929K(699392K), 0.0177247 secs] [Times: user=0.22 sys=0.00, real=0.02 secs] 
2016-09-24T00:59:04.732-0400: 110.185: [GC (GCLocker Initiated GC) [PSYoungGen: 155629K->73540K(175104K)] 349000K->303644K(699392K), 0.0101313 secs] [Times: user=0.12 sys=0.01, real=0.01 secs] 
2016-09-24T00:59:04.856-0400: 110.309: [GC (GCLocker Initiated GC) [PSYoungGen: 161604K->49539K(175104K)] 391780K->316269K(699392K), 0.0178454 secs] [Times: user=0.17 sys=0.00, real=0.01 secs] 
2016-09-24T00:59:04.984-0400: 110.438: [GC (Allocation Failure) [PSYoungGen: 137603K->79491K(175104K)] 404386K->346548K(699392K), 0.0146187 secs] [Times: user=0.15 sys=0.01, real=0.01 secs] 
2016-09-24T00:59:05.111-0400: 110.565: [GC (GCLocker Initiated GC) [PSYoungGen: 161493K->43237K(175104K)] 434626K->383470K(699392K), 0.0112452 secs] [Times: user=0.10 sys=0.00, real=0.02 secs] 
2016-09-24T00:59:05.263-0400: 110.717: [GC (GCLocker Initiated GC) [PSYoungGen: 131301K->37126K(175104K)] 490109K->414606K(699392K), 0.0343371 secs] [Times: user=0.33 sys=0.00, real=0.03 secs] 
2016-09-24T00:59:05.429-0400: 110.882: [GC (GCLocker Initiated GC) [PSYoungGen: 125190K->55547K(175104K)] 502857K->433513K(699392K), 0.0104592 secs] [Times: user=0.14 sys=0.00, real=0.01 secs] 
2016-09-24T00:59:05.524-0400: 110.978: [GC (GCLocker Initiated GC) [PSYoungGen: 143611K->85694K(175104K)] 521630K->463825K(699392K), 0.0114188 secs] [Times: user=0.09 sys=0.00, real=0.01 secs] 
2016-09-24T00:59:05.653-0400: 111.107: [GC (GCLocker Initiated GC) [PSYoungGen: 173758K->61522K(175104K)] 552117K->513104K(699392K), 0.0130723 secs] [Times: user=0.21 sys=0.01, real=0.02 secs] 
2016-09-24T00:59:05.667-0400: 111.120: [Full GC (Ergonomics) [PSYoungGen: 61522K->0K(175104K)] [ParOldGen: 451582K->46726K(524288K)] 513104K->46726K(699392K), [Metaspace: 44382K->44382K(1087488K)], 0.0519928 secs] [Times: user=0.32 sys=0.01, real=0.05 secs] 
2016-09-24T00:59:05.841-0400: 111.294: [GC (GCLocker Initiated GC) [PSYoungGen: 88064K->85822K(175104K)] 140913K->181204K(699392K), 0.0114770 secs] [Times: user=0.16 sys=0.00, real=0.01 secs] 
2016-09-24T00:59:05.963-0400: 111.417: [GC (GCLocker Initiated GC) [PSYoungGen: 173886K->55643K(175104K)] 281454K->218397K(699392K), 0.0164406 secs] [Times: user=0.20 sys=0.00, real=0.01 secs] 
2016-09-24T00:59:06.093-0400: 111.546: [GC (GCLocker Initiated GC) [PSYoungGen: 143707K->73640K(175104K)] 312595K->261053K(699392K), 0.0304349 secs] [Times: user=0.37 sys=0.00, real=0.04 secs] 
2016-09-24T00:59:06.237-0400: 111.691: [GC (GCLocker Initiated GC) [PSYoungGen: 161704K->49312K(175104K)] 349327K->298016K(699392K), 0.0243333 secs] [Times: user=0.24 sys=0.00, real=0.02 secs] 
2016-09-24T00:59:06.364-0400: 111.817: [GC (GCLocker Initiated GC) [PSYoungGen: 137376K->55255K(175104K)] 386122K->352885K(699392K), 0.0215791 secs] [Times: user=0.25 sys=0.00, real=0.02 secs] 
2016-09-24T00:59:06.494-0400: 111.947: [GC (GCLocker Initiated GC) [PSYoungGen: 143319K->61526K(175104K)] 447099K->383651K(699392K), 0.0098069 secs] [Times: user=0.07 sys=0.00, real=0.02 secs] 
2016-09-24T00:59:06.631-0400: 112.084: [GC (Allocation Failure) [PSYoungGen: 149587K->73836K(175104K)] 472067K->433198K(699392K), 0.0215392 secs] [Times: user=0.22 sys=0.00, real=0.02 secs] 
2016-09-24T00:59:06.788-0400: 112.242: [GC (GCLocker Initiated GC) [PSYoungGen: 161041K->37062K(175104K)] 526478K->402586K(699392K), 0.0062998 secs] [Times: user=0.08 sys=0.00, real=0.01 secs] 
2016-09-24T00:59:06.907-0400: 112.360: [GC (GCLocker Initiated GC) [PSYoungGen: 125126K->85758K(175104K)] 490692K->457519K(699392K), 0.0287072 secs] [Times: user=0.30 sys=0.00, real=0.03 secs] 
2016-09-24T00:59:07.039-0400: 112.492: [GC (GCLocker Initiated GC) [PSYoungGen: 173822K->85854K(175104K)] 545748K->530995K(699392K), 0.0134858 secs] [Times: user=0.21 sys=0.00, real=0.01 secs] 
2016-09-24T00:59:07.053-0400: 112.506: [Full GC (Ergonomics) [PSYoungGen: 85854K->0K(175104K)] [ParOldGen: 445141K->52847K(524288K)] 530995K->52847K(699392K), [Metaspace: 44383K->44383K(1087488K)], 0.0536829 secs] [Times: user=0.36 sys=0.01, real=0.06 secs] 
2016-09-24T00:59:07.220-0400: 112.673: [GC (GCLocker Initiated GC) [PSYoungGen: 88064K->86114K(175104K)] 147145K->163420K(699392K), 0.0185165 secs] [Times: user=0.20 sys=0.01, real=0.02 secs] 
2016-09-24T00:59:07.360-0400: 112.814: [GC (GCLocker Initiated GC) [PSYoungGen: 174178K->49635K(175104K)] 257724K->225035K(699392K), 0.0149209 secs] [Times: user=0.17 sys=0.01, real=0.02 secs] 
2016-09-24T00:59:07.487-0400: 112.940: [GC (GCLocker Initiated GC) [PSYoungGen: 137699K->49084K(175104K)] 313135K->249070K(699392K), 0.0172413 secs] [Times: user=0.16 sys=0.00, real=0.02 secs] 
2016-09-24T00:59:07.640-0400: 113.093: [GC (GCLocker Initiated GC) [PSYoungGen: 137148K->67501K(175104K)] 337344K->292116K(699392K), 0.0088443 secs] [Times: user=0.08 sys=0.00, real=0.01 secs] 
2016-09-24T00:59:07.753-0400: 113.207: [GC (GCLocker Initiated GC) [PSYoungGen: 155565K->73904K(175104K)] 380322K->317186K(699392K), 0.0214159 secs] [Times: user=0.28 sys=0.00, real=0.03 secs] 
2016-09-24T00:59:07.895-0400: 113.348: [GC (Allocation Failure) [PSYoungGen: 161968K->55351K(175104K)] 411439K->323323K(699392K), 0.0138747 secs] [Times: user=0.13 sys=0.00, real=0.01 secs] 
2016-09-24T00:59:08.034-0400: 113.488: [GC (GCLocker Initiated GC) [PSYoungGen: 143415K->79783K(175104K)] 411387K->378414K(699392K), 0.0136295 secs] [Times: user=0.12 sys=0.00, real=0.01 secs] 
2016-09-24T00:59:08.172-0400: 113.626: [GC (Allocation Failure) [PSYoungGen: 167847K->36966K(175104K)] 478972K->366575K(699392K), 0.0123982 secs] [Times: user=0.11 sys=0.00, real=0.02 secs] 
2016-09-24T00:59:08.299-0400: 113.752: [GC (GCLocker Initiated GC) [PSYoungGen: 125030K->73448K(175104K)] 454645K->403322K(699392K), 0.0125891 secs] [Times: user=0.11 sys=0.00, real=0.01 secs] 
2016-09-24T00:59:08.439-0400: 113.893: [GC (GCLocker Initiated GC) [PSYoungGen: 161512K->67665K(175104K)] 491579K->416077K(699392K), 0.0093237 secs] [Times: user=0.10 sys=0.00, real=0.01 secs] 
2016-09-24T00:59:08.566-0400: 114.019: [GC (GCLocker Initiated GC) [PSYoungGen: 155729K->36966K(175104K)] 510470K->410208K(699392K), 0.0211539 secs] [Times: user=0.24 sys=0.01, real=0.02 secs] 
2016-09-24T00:59:08.691-0400: 114.145: [GC (GCLocker Initiated GC) [PSYoungGen: 125030K->85630K(175104K)] 498454K->459157K(699392K), 0.0145460 secs] [Times: user=0.16 sys=0.00, real=0.02 secs] 
2016-09-24T00:59:08.865-0400: 114.318: [GC (GCLocker Initiated GC) [PSYoungGen: 173694K->43041K(175104K)] 559530K->465587K(699392K), 0.0215394 secs] [Times: user=0.22 sys=0.00, real=0.02 secs] 
2016-09-24T00:59:09.010-0400: 114.464: [GC (GCLocker Initiated GC) [PSYoungGen: 131105K->61234K(175104K)] 553827K->484043K(699392K), 0.0252512 secs] [Times: user=0.24 sys=0.00, real=0.03 secs] 
2016-09-24T00:59:09.158-0400: 114.611: [GC (GCLocker Initiated GC) [PSYoungGen: 149298K->49376K(175104K)] 578302K->521016K(699392K), 0.0156450 secs] [Times: user=0.18 sys=0.00, real=0.01 secs] 
2016-09-24T00:59:09.174-0400: 114.627: [Full GC (Ergonomics) [PSYoungGen: 49376K->0K(175104K)] [ParOldGen: 471640K->52659K(524288K)] 521016K->52659K(699392K), [Metaspace: 44392K->44392K(1087488K)], 0.0653671 secs] [Times: user=0.43 sys=0.01, real=0.07 secs] 
2016-09-24T00:59:09.348-0400: 114.801: [GC (GCLocker Initiated GC) [PSYoungGen: 88064K->73608K(175104K)] 153026K->138570K(699392K), 0.0136786 secs] [Times: user=0.15 sys=0.01, real=0.01 secs] 
2016-09-24T00:59:09.501-0400: 114.955: [GC (GCLocker Initiated GC) [PSYoungGen: 161672K->73936K(175104K)] 226839K->176008K(699392K), 0.0203890 secs] [Times: user=0.23 sys=0.00, real=0.02 secs] 
2016-09-24T00:59:09.645-0400: 115.098: [GC (GCLocker Initiated GC) [PSYoungGen: 162000K->73480K(175104K)] 270244K->200201K(699392K), 0.0098884 secs] [Times: user=0.08 sys=0.00, real=0.01 secs] 
2016-09-24T00:59:09.803-0400: 115.256: [GC (GCLocker Initiated GC) [PSYoungGen: 161544K->55123K(175104K)] 294347K->188045K(699392K), 0.0102977 secs] [Times: user=0.11 sys=0.00, real=0.00 secs] 
2016-09-24T00:59:09.934-0400: 115.387: [GC (GCLocker Initiated GC) [PSYoungGen: 143187K->61102K(175104K)] 276414K->194432K(699392K), 0.0300831 secs] [Times: user=0.30 sys=0.01, real=0.04 secs] 
2016-09-24T00:59:10.072-0400: 115.526: [GC (GCLocker Initiated GC) [PSYoungGen: 149163K->73640K(175104K)] 288924K->231762K(699392K), 0.0141053 secs] [Times: user=0.19 sys=0.00, real=0.02 secs] 
2016-09-24T00:59:10.208-0400: 115.662: [GC (GCLocker Initiated GC) [PSYoungGen: 161704K->55351K(175104K)] 332325K->244497K(699392K), 0.0108815 secs] [Times: user=0.12 sys=0.00, real=0.01 secs] 
2016-09-24T00:59:10.308-0400: 115.762: [GC (GCLocker Initiated GC) [PSYoungGen: 143415K->43301K(175104K)] 332933K->263445K(699392K), 0.0094398 secs] [Times: user=0.07 sys=0.00, real=0.01 secs] 
2016-09-24T00:59:10.454-0400: 115.907: [GC (GCLocker Initiated GC) [PSYoungGen: 131365K->19492K(175104K)] 370011K->294724K(699392K), 0.0074390 secs] [Times: user=0.05 sys=0.00, real=0.01 secs] 
2016-09-24T00:59:10.557-0400: 116.011: [GC (GCLocker Initiated GC) [PSYoungGen: 107556K->61166K(175104K)] 382964K->349467K(699392K), 0.0076942 secs] [Times: user=0.06 sys=0.00, real=0.01 secs] 
2016-09-24T00:59:10.650-0400: 116.103: [GC (GCLocker Initiated GC) [PSYoungGen: 149230K->85922K(175104K)] 443648K->447300K(699392K), 0.0413703 secs] [Times: user=0.44 sys=0.00, real=0.04 secs] 
2016-09-24T00:59:10.810-0400: 116.263: [GC (GCLocker Initiated GC) [PSYoungGen: 173986K->19324K(175104K)] 547679K->460330K(699392K), 0.0131029 secs] [Times: user=0.15 sys=0.00, real=0.02 secs] 
2016-09-24T00:59:10.823-0400: 116.276: [Full GC (Ergonomics) [PSYoungGen: 19324K->0K(175104K)] [ParOldGen: 441005K->47073K(524288K)] 460330K->47073K(699392K), [Metaspace: 44392K->44392K(1087488K)], 0.0534538 secs] [Times: user=0.38 sys=0.00, real=0.05 secs] 
2016-09-24T00:59:10.958-0400: 116.411: [GC (Allocation Failure) [PSYoungGen: 88064K->86046K(175104K)] 141360K->181867K(699392K), 0.0131206 secs] [Times: user=0.16 sys=0.01, real=0.01 secs] 
2016-09-24T00:59:11.074-0400: 116.528: [GC (GCLocker Initiated GC) [PSYoungGen: 174110K->55387K(175104K)] 269933K->194266K(699392K), 0.0204636 secs] [Times: user=0.19 sys=0.00, real=0.03 secs] 
2016-09-24T00:59:11.219-0400: 116.672: [GC (GCLocker Initiated GC) [PSYoungGen: 143451K->55255K(175104K)] 282372K->212685K(699392K), 0.0247994 secs] [Times: user=0.26 sys=0.00, real=0.03 secs] 
2016-09-24T00:59:11.344-0400: 116.798: [GC (GCLocker Initiated GC) [PSYoungGen: 143319K->79715K(175104K)] 300835K->280087K(699392K), 0.0344201 secs] [Times: user=0.46 sys=0.00, real=0.03 secs] 
2016-09-24T00:59:11.498-0400: 116.952: [GC (GCLocker Initiated GC) [PSYoungGen: 167779K->61590K(175104K)] 368260K->310790K(699392K), 0.0282654 secs] [Times: user=0.31 sys=0.00, real=0.03 secs] 
2016-09-24T00:59:11.655-0400: 117.108: [GC (GCLocker Initiated GC) [PSYoungGen: 149654K->73380K(175104K)] 404999K->347233K(699392K), 0.0099556 secs] [Times: user=0.10 sys=0.00, real=0.01 secs] 
2016-09-24T00:59:11.824-0400: 117.278: [GC (GCLocker Initiated GC) [PSYoungGen: 161444K->79455K(175104K)] 435340K->389936K(699392K), 0.0162333 secs] [Times: user=0.18 sys=0.00, real=0.01 secs] 
2016-09-24T00:59:11.952-0400: 117.405: [GC (GCLocker Initiated GC) [PSYoungGen: 167519K->67209K(175104K)] 478042K->414317K(699392K), 0.0159513 secs] [Times: user=0.14 sys=0.00, real=0.02 secs] 
2016-09-24T00:59:12.069-0400: 117.522: [GC (GCLocker Initiated GC) [PSYoungGen: 155273K->55223K(175104K)] 502429K->438909K(699392K), 0.0189708 secs] [Times: user=0.20 sys=0.00, real=0.02 secs] 
2016-09-24T00:59:12.205-0400: 117.658: [GC (GCLocker Initiated GC) [PSYoungGen: 143287K->43073K(175104K)] 539130K->469559K(699392K), 0.0096410 secs] [Times: user=0.06 sys=0.00, real=0.01 secs] 
2016-09-24T00:59:12.325-0400: 117.778: [GC (GCLocker Initiated GC) [PSYoungGen: 131137K->73412K(175104K)] 557817K->518485K(699392K), 0.0184350 secs] [Times: user=0.27 sys=0.00, real=0.02 secs] 
2016-09-24T00:59:12.453-0400: 117.906: [GC (Allocation Failure) [PSYoungGen: 161476K->85986K(175104K)] 606630K->561626K(699392K), 0.0115132 secs] [Times: user=0.19 sys=0.00, real=0.02 secs] 
2016-09-24T00:59:12.465-0400: 117.918: [Full GC (Ergonomics) [PSYoungGen: 85986K->0K(175104K)] [ParOldGen: 475640K->46839K(524288K)] 561626K->46839K(699392K), [Metaspace: 44392K->44392K(1087488K)], 0.0543580 secs] [Times: user=0.43 sys=0.01, real=0.05 secs] 
2016-09-24T00:59:12.608-0400: 118.061: [GC (GCLocker Initiated GC) [PSYoungGen: 88064K->86274K(175104K)] 134909K->175644K(699392K), 0.0132568 secs] [Times: user=0.23 sys=0.00, real=0.01 secs] 
2016-09-24T00:59:12.721-0400: 118.174: [GC (GCLocker Initiated GC) [PSYoungGen: 174338K->55387K(175104K)] 264018K->182049K(699392K), 0.0194562 secs] [Times: user=0.19 sys=0.00, real=0.02 secs] 
2016-09-24T00:59:12.851-0400: 118.304: [GC (GCLocker Initiated GC) [PSYoungGen: 143451K->73608K(175104K)] 270545K->219202K(699392K), 0.0098740 secs] [Times: user=0.10 sys=0.00, real=0.01 secs] 
2016-09-24T00:59:12.983-0400: 118.437: [GC (Allocation Failure) [PSYoungGen: 161672K->49116K(175104K)] 319492K->225264K(699392K), 0.0097358 secs] [Times: user=0.08 sys=0.00, real=0.00 secs] 
2016-09-24T00:59:13.112-0400: 118.566: [GC (GCLocker Initiated GC) [PSYoungGen: 137180K->55223K(175104K)] 313334K->249705K(699392K), 0.0280287 secs] [Times: user=0.29 sys=0.00, real=0.03 secs] 
2016-09-24T00:59:13.263-0400: 118.716: [GC (GCLocker Initiated GC) [PSYoungGen: 143287K->61430K(175104K)] 344010K->280637K(699392K), 0.0206690 secs] [Times: user=0.17 sys=0.00, real=0.02 secs] 
2016-09-24T00:59:13.424-0400: 118.877: [GC (GCLocker Initiated GC) [PSYoungGen: 149494K->36934K(175104K)] 369063K->274964K(699392K), 0.0274405 secs] [Times: user=0.24 sys=0.01, real=0.02 secs] 
2016-09-24T00:59:13.545-0400: 118.999: [GC (GCLocker Initiated GC) [PSYoungGen: 124998K->61298K(175104K)] 369173K->336123K(699392K), 0.0337722 secs] [Times: user=0.38 sys=0.01, real=0.03 secs] 
2016-09-24T00:59:13.666-0400: 119.120: [GC (GCLocker Initiated GC) [PSYoungGen: 149362K->85922K(175104K)] 424548K->397866K(699392K), 0.0147882 secs] [Times: user=0.17 sys=0.00, real=0.01 secs] 
2016-09-24T00:59:13.819-0400: 119.273: [GC (GCLocker Initiated GC) [PSYoungGen: 173986K->43073K(175104K)] 492085K->379657K(699392K), 0.0535945 secs] [Times: user=0.54 sys=0.00, real=0.05 secs] 
2016-09-24T00:59:13.970-0400: 119.423: [GC (Allocation Failure) [PSYoungGen: 131137K->79751K(175104K)] 468076K->416958K(699392K), 0.0189365 secs] [Times: user=0.16 sys=0.00, real=0.02 secs] 
2016-09-24T00:59:14.094-0400: 119.548: [GC (GCLocker Initiated GC) [PSYoungGen: 167815K->49408K(175104K)] 505028K->453745K(699392K), 0.0108101 secs] [Times: user=0.11 sys=0.00, real=0.01 secs] 
2016-09-24T00:59:14.238-0400: 119.692: [GC (GCLocker Initiated GC) [PSYoungGen: 137472K->85730K(175104K)] 541885K->508464K(699392K), 0.0101207 secs] [Times: user=0.09 sys=0.00, real=0.01 secs] 
2016-09-24T00:59:14.365-0400: 119.818: [GC (GCLocker Initiated GC) [PSYoungGen: 173794K->48920K(175104K)] 596564K->508548K(699392K), 0.0221369 secs] [Times: user=0.23 sys=0.00, real=0.02 secs] 
2016-09-24T00:59:14.387-0400: 119.840: [Full GC (Ergonomics) [PSYoungGen: 48920K->0K(175104K)] [ParOldGen: 459628K->47112K(524288K)] 508548K->47112K(699392K), [Metaspace: 44394K->44394K(1087488K)], 0.0624309 secs] [Times: user=0.38 sys=0.00, real=0.06 secs] 
2016-09-24T00:59:14.541-0400: 119.994: [GC (GCLocker Initiated GC) [PSYoungGen: 88064K->86342K(175104K)] 135251K->139604K(699392K), 0.0275399 secs] [Times: user=0.31 sys=0.00, real=0.03 secs] 
2016-09-24T00:59:14.693-0400: 120.147: [GC (GCLocker Initiated GC) [PSYoungGen: 174406K->61330K(175104K)] 227716K->151769K(699392K), 0.0135454 secs] [Times: user=0.15 sys=0.01, real=0.02 secs] 
2016-09-24T00:59:14.815-0400: 120.268: [GC (GCLocker Initiated GC) [PSYoungGen: 149394K->43041K(175104K)] 239965K->176225K(699392K), 0.0178208 secs] [Times: user=0.17 sys=0.00, real=0.01 secs] 
2016-09-24T00:59:14.929-0400: 120.382: [GC (GCLocker Initiated GC) [PSYoungGen: 131105K->85726K(175104K)] 264399K->249727K(699392K), 0.0098890 secs] [Times: user=0.11 sys=0.00, real=0.01 secs] 
2016-09-24T00:59:15.060-0400: 120.513: [GC (GCLocker Initiated GC) [PSYoungGen: 173790K->61522K(175104K)] 343987K->304918K(699392K), 0.0163860 secs] [Times: user=0.20 sys=0.00, real=0.02 secs] 
2016-09-24T00:59:15.225-0400: 120.679: [GC (GCLocker Initiated GC) [PSYoungGen: 149586K->37126K(175104K)] 405196K->329493K(699392K), 0.0272398 secs] [Times: user=0.33 sys=0.01, real=0.02 secs] 
2016-09-24T00:59:15.352-0400: 120.806: [GC (GCLocker Initiated GC) [PSYoungGen: 125190K->79391K(175104K)] 417588K->372064K(699392K), 0.0139699 secs] [Times: user=0.14 sys=0.00, real=0.02 secs] 
2016-09-24T00:59:15.465-0400: 120.918: [GC (GCLocker Initiated GC) [PSYoungGen: 167455K->61266K(175104K)] 460304K->427119K(699392K), 0.0119850 secs] [Times: user=0.12 sys=0.00, real=0.01 secs] 
2016-09-24T00:59:15.595-0400: 121.048: [GC (GCLocker Initiated GC) [PSYoungGen: 149326K->67469K(175104K)] 515541K->464326K(699392K), 0.0127019 secs] [Times: user=0.14 sys=0.00, real=0.01 secs] 
2016-09-24T00:59:15.724-0400: 121.178: [GC (GCLocker Initiated GC) [PSYoungGen: 155533K->43041K(175104K)] 552393K->476446K(699392K), 0.0232394 secs] [Times: user=0.21 sys=0.01, real=0.02 secs] 
2016-09-24T00:59:15.866-0400: 121.320: [Full GC (Ergonomics) [PSYoungGen: 131105K->0K(175104K)] [ParOldGen: 445832K->52982K(524288K)] 576937K->52982K(699392K), [Metaspace: 44394K->44394K(1087488K)], 0.0721271 secs] [Times: user=0.50 sys=0.02, real=0.07 secs] 
2016-09-24T00:59:16.064-0400: 121.517: [GC (Allocation Failure) [PSYoungGen: 88064K->85986K(175104K)] 147325K->151322K(699392K), 0.0124515 secs] [Times: user=0.11 sys=0.01, real=0.01 secs] 
2016-09-24T00:59:16.201-0400: 121.655: [GC (GCLocker Initiated GC) [PSYoungGen: 169368K->37158K(175104K)] 240779K->163724K(699392K), 0.0192131 secs] [Times: user=0.20 sys=0.00, real=0.02 secs] 
2016-09-24T00:59:16.337-0400: 121.791: [GC (GCLocker Initiated GC) [PSYoungGen: 125222K->73608K(175104K)] 257906K->224660K(699392K), 0.0101394 secs] [Times: user=0.08 sys=0.02, real=0.01 secs] 
2016-09-24T00:59:16.456-0400: 121.910: [GC (GCLocker Initiated GC) [PSYoungGen: 161672K->85986K(175104K)] 312799K->304246K(699392K), 0.0246704 secs] [Times: user=0.26 sys=0.00, real=0.02 secs] 
2016-09-24T00:59:16.581-0400: 122.034: [GC (GCLocker Initiated GC) [PSYoungGen: 174050K->61558K(175104K)] 392519K->341077K(699392K), 0.0145970 secs] [Times: user=0.14 sys=0.00, real=0.02 secs] 
2016-09-24T00:59:16.709-0400: 122.162: [GC (GCLocker Initiated GC) [PSYoungGen: 149622K->73580K(175104K)] 435487K->365763K(699392K), 0.0237097 secs] [Times: user=0.21 sys=0.00, real=0.02 secs] 
2016-09-24T00:59:16.816-0400: 122.269: [GC (GCLocker Initiated GC) [PSYoungGen: 161641K->67469K(175104K)] 454180K->372393K(699392K), 0.0101014 secs] [Times: user=0.08 sys=0.01, real=0.01 secs] 
2016-09-24T00:59:16.937-0400: 122.390: [GC (GCLocker Initiated GC) [PSYoungGen: 155533K->49212K(175104K)] 466759K->378766K(699392K), 0.0161733 secs] [Times: user=0.14 sys=0.00, real=0.01 secs] 
2016-09-24T00:59:17.067-0400: 122.520: [GC (GCLocker Initiated GC) [PSYoungGen: 137276K->67569K(175104K)] 473043K->409670K(699392K), 0.0088233 secs] [Times: user=0.07 sys=0.01, real=0.01 secs] 
2016-09-24T00:59:17.202-0400: 122.656: [GC (GCLocker Initiated GC) [PSYoungGen: 155633K->85630K(175104K)] 503852K->452350K(699392K), 0.0281837 secs] [Times: user=0.32 sys=0.00, real=0.03 secs] 
2016-09-24T00:59:17.380-0400: 122.833: [GC (Allocation Failure) [PSYoungGen: 173694K->36802K(175104K)] 540456K->458350K(699392K), 0.0155425 secs] [Times: user=0.16 sys=0.01, real=0.02 secs] 
2016-09-24T00:59:17.487-0400: 122.940: [GC (GCLocker Initiated GC) [PSYoungGen: 124866K->49148K(175104K)] 546415K->513310K(699392K), 0.0181712 secs] [Times: user=0.19 sys=0.00, real=0.02 secs] 
2016-09-24T00:59:17.505-0400: 122.958: [Full GC (Ergonomics) [PSYoungGen: 49148K->0K(175104K)] [ParOldGen: 464162K->53195K(524288K)] 513310K->53195K(699392K), [Metaspace: 44395K->44395K(1087488K)], 0.0530118 secs] [Times: user=0.31 sys=0.01, real=0.05 secs] 
2016-09-24T00:59:17.655-0400: 123.108: [GC (GCLocker Initiated GC) [PSYoungGen: 88064K->86402K(175104K)] 147454K->157942K(699392K), 0.0327384 secs] [Times: user=0.42 sys=0.00, real=0.03 secs] 
2016-09-24T00:59:17.814-0400: 123.268: [GC (Allocation Failure) [PSYoungGen: 174466K->73476K(175104K)] 246362K->225323K(699392K), 0.0155746 secs] [Times: user=0.23 sys=0.00, real=0.01 secs] 
2016-09-24T00:59:17.936-0400: 123.389: [GC (GCLocker Initiated GC) [PSYoungGen: 161539K->79783K(175104K)] 313391K->231755K(699392K), 0.0142754 secs] [Times: user=0.15 sys=0.00, real=0.01 secs] 
2016-09-24T00:59:18.087-0400: 123.540: [GC (GCLocker Initiated GC) [PSYoungGen: 167847K->55483K(175104K)] 325952K->262668K(699392K), 0.0382225 secs] [Times: user=0.45 sys=0.00, real=0.04 secs] 
2016-09-24T00:59:18.249-0400: 123.702: [GC (GCLocker Initiated GC) [PSYoungGen: 143547K->37194K(175104K)] 369200K->275076K(699392K), 0.0098719 secs] [Times: user=0.08 sys=0.00, real=0.01 secs] 
2016-09-24T00:59:18.390-0400: 123.843: [GC (Allocation Failure) [PSYoungGen: 125258K->67861K(175104K)] 363367K->306277K(699392K), 0.0071056 secs] [Times: user=0.09 sys=0.00, real=0.01 secs] 
2016-09-24T00:59:18.486-0400: 123.940: [GC (GCLocker Initiated GC) [PSYoungGen: 152549K->61654K(175104K)] 397041K->355085K(699392K), 0.0148197 secs] [Times: user=0.21 sys=0.00, real=0.01 secs] 
2016-09-24T00:59:18.644-0400: 124.097: [GC (GCLocker Initiated GC) [PSYoungGen: 149718K->73640K(175104K)] 455346K->397777K(699392K), 0.0088801 secs] [Times: user=0.09 sys=0.00, real=0.00 secs] 
2016-09-24T00:59:18.789-0400: 124.242: [GC (GCLocker Initiated GC) [PSYoungGen: 161704K->55223K(175104K)] 492070K->422322K(699392K), 0.0148780 secs] [Times: user=0.17 sys=0.00, real=0.02 secs] 
2016-09-24T00:59:18.924-0400: 124.377: [GC (GCLocker Initiated GC) [PSYoungGen: 143287K->73640K(175104K)] 510592K->471628K(699392K), 0.0195337 secs] [Times: user=0.20 sys=0.00, real=0.02 secs] 
2016-09-24T00:59:19.059-0400: 124.513: [GC (GCLocker Initiated GC) [PSYoungGen: 161704K->24784K(175104K)] 565842K->471730K(699392K), 0.0426533 secs] [Times: user=0.38 sys=0.00, real=0.04 secs] 
2016-09-24T00:59:19.102-0400: 124.556: [Full GC (Ergonomics) [PSYoungGen: 24784K->0K(175104K)] [ParOldGen: 446946K->41022K(524288K)] 471730K->41022K(699392K), [Metaspace: 44396K->44396K(1087488K)], 0.0750162 secs] [Times: user=0.45 sys=0.01, real=0.08 secs] 
2016-09-24T00:59:19.307-0400: 124.760: [GC (Allocation Failure) [PSYoungGen: 88064K->86146K(175104K)] 129441K->151823K(699392K), 0.0228321 secs] [Times: user=0.24 sys=0.01, real=0.02 secs] 
2016-09-24T00:59:19.446-0400: 124.899: [GC (GCLocker Initiated GC) [PSYoungGen: 170994K->43357K(175104K)] 242747K->176407K(699392K), 0.0199102 secs] [Times: user=0.20 sys=0.01, real=0.02 secs] 
2016-09-24T00:59:19.564-0400: 125.018: [GC (GCLocker Initiated GC) [PSYoungGen: 131421K->43109K(175104K)] 265184K->195200K(699392K), 0.0420322 secs] [Times: user=0.39 sys=0.00, real=0.04 secs] 
2016-09-24T00:59:19.703-0400: 125.157: [GC (GCLocker Initiated GC) [PSYoungGen: 131173K->55451K(175104K)] 295590K->238509K(699392K), 0.0181839 secs] [Times: user=0.20 sys=0.00, real=0.01 secs] 
2016-09-24T00:59:19.827-0400: 125.280: [GC (GCLocker Initiated GC) [PSYoungGen: 143515K->85790K(175104K)] 326728K->317919K(699392K), 0.0131322 secs] [Times: user=0.20 sys=0.00, real=0.01 secs] 
2016-09-24T00:59:19.940-0400: 125.393: [GC (GCLocker Initiated GC) [PSYoungGen: 173854K->67889K(175104K)] 406304K->336925K(699392K), 0.0098965 secs] [Times: user=0.08 sys=0.00, real=0.01 secs] 
2016-09-24T00:59:20.067-0400: 125.521: [GC (GCLocker Initiated GC) [PSYoungGen: 155953K->85822K(175104K)] 431380K->404486K(699392K), 0.0126480 secs] [Times: user=0.14 sys=0.00, real=0.01 secs] 
2016-09-24T00:59:20.208-0400: 125.662: [GC (GCLocker Initiated GC) [PSYoungGen: 173886K->49116K(175104K)] 492562K->367863K(699392K), 0.0197477 secs] [Times: user=0.19 sys=0.00, real=0.02 secs] 
2016-09-24T00:59:20.321-0400: 125.775: [GC (GCLocker Initiated GC) [PSYoungGen: 137180K->67373K(175104K)] 462213K->392650K(699392K), 0.0161421 secs] [Times: user=0.15 sys=0.00, real=0.02 secs] 
2016-09-24T00:59:20.472-0400: 125.926: [GC (Allocation Failure) [PSYoungGen: 155437K->43141K(175104K)] 480996K->405246K(699392K), 0.0239841 secs] [Times: user=0.25 sys=0.00, real=0.03 secs] 
2016-09-24T00:59:20.602-0400: 126.056: [GC (GCLocker Initiated GC) [PSYoungGen: 131205K->85890K(175104K)] 499385K->460436K(699392K), 0.0110841 secs] [Times: user=0.12 sys=0.00, real=0.00 secs] 
2016-09-24T00:59:20.729-0400: 126.182: [GC (Allocation Failure) [PSYoungGen: 173954K->73740K(175104K)] 548856K->485211K(699392K), 0.0097456 secs] [Times: user=0.10 sys=0.01, real=0.01 secs] 
2016-09-24T00:59:20.851-0400: 126.304: [GC (GCLocker Initiated GC) [PSYoungGen: 158117K->73576K(175104K)] 575663K->527864K(699392K), 0.0182574 secs] [Times: user=0.23 sys=0.00, real=0.02 secs] 
2016-09-24T00:59:20.869-0400: 126.323: [Full GC (Ergonomics) [PSYoungGen: 73576K->0K(175104K)] [ParOldGen: 454288K->53388K(524288K)] 527864K->53388K(699392K), [Metaspace: 44397K->44397K(1087488K)], 0.0539694 secs] [Times: user=0.29 sys=0.02, real=0.06 secs] 
2016-09-24T00:59:21.034-0400: 126.487: [GC (GCLocker Initiated GC) [PSYoungGen: 88064K->86178K(175104K)] 147882K->170296K(699392K), 0.0099865 secs] [Times: user=0.10 sys=0.00, real=0.02 secs] 
2016-09-24T00:59:21.163-0400: 126.617: [GC (GCLocker Initiated GC) [PSYoungGen: 174242K->37062K(175104K)] 264623K->164604K(699392K), 0.0082190 secs] [Times: user=0.07 sys=0.00, real=0.00 secs] 
2016-09-24T00:59:21.271-0400: 126.725: [GC (GCLocker Initiated GC) [PSYoungGen: 125126K->79715K(175104K)] 252699K->268182K(699392K), 0.0219992 secs] [Times: user=0.24 sys=0.00, real=0.02 secs] 
2016-09-24T00:59:21.433-0400: 126.886: [GC (GCLocker Initiated GC) [PSYoungGen: 167779K->43301K(175104K)] 362390K->292886K(699392K), 0.0428337 secs] [Times: user=0.44 sys=0.00, real=0.05 secs] 
2016-09-24T00:59:21.581-0400: 127.035: [GC (GCLocker Initiated GC) [PSYoungGen: 131365K->67401K(175104K)] 380981K->366080K(699392K), 0.0162426 secs] [Times: user=0.20 sys=0.00, real=0.02 secs] 
2016-09-24T00:59:21.690-0400: 127.143: [GC (GCLocker Initiated GC) [PSYoungGen: 155465K->79683K(175104K)] 454259K->439347K(699392K), 0.0134331 secs] [Times: user=0.16 sys=0.00, real=0.02 secs] 
2016-09-24T00:59:21.813-0400: 127.267: [GC (GCLocker Initiated GC) [PSYoungGen: 167747K->49372K(175104K)] 527570K->482379K(699392K), 0.0182118 secs] [Times: user=0.17 sys=0.01, real=0.02 secs] 
2016-09-24T00:59:21.831-0400: 127.285: [Full GC (Ergonomics) [PSYoungGen: 49372K->0K(175104K)] [ParOldGen: 433007K->59520K(524288K)] 482379K->59520K(699392K), [Metaspace: 44399K->44399K(1087488K)], 0.0544653 secs] [Times: user=0.38 sys=0.00, real=0.06 secs] 
2016-09-24T00:59:22.009-0400: 127.462: [GC (GCLocker Initiated GC) [PSYoungGen: 88064K->86602K(175104K)] 165890K->170503K(699392K), 0.0120355 secs] [Times: user=0.18 sys=0.00, real=0.01 secs] 
2016-09-24T00:59:22.130-0400: 127.583: [GC (GCLocker Initiated GC) [PSYoungGen: 174666K->67629K(175104K)] 258637K->207198K(699392K), 0.0145649 secs] [Times: user=0.23 sys=0.00, real=0.02 secs] 
2016-09-24T00:59:22.261-0400: 127.714: [GC (GCLocker Initiated GC) [PSYoungGen: 155693K->85954K(175104K)] 295466K->262453K(699392K), 0.0210867 secs] [Times: user=0.17 sys=0.00, real=0.02 secs] 
2016-09-24T00:59:22.418-0400: 127.871: [GC (GCLocker Initiated GC) [PSYoungGen: 174018K->43461K(175104K)] 363000K->281662K(699392K), 0.0102785 secs] [Times: user=0.14 sys=0.00, real=0.01 secs] 
2016-09-24T00:59:22.587-0400: 128.040: [GC (GCLocker Initiated GC) [PSYoungGen: 131525K->36966K(175104K)] 376005K->281689K(699392K), 0.0235578 secs] [Times: user=0.18 sys=0.00, real=0.02 secs] 
2016-09-24T00:59:22.730-0400: 128.184: [GC (GCLocker Initiated GC) [PSYoungGen: 125030K->55515K(175104K)] 376173K->324987K(699392K), 0.0090935 secs] [Times: user=0.07 sys=0.00, real=0.01 secs] 
2016-09-24T00:59:22.861-0400: 128.315: [GC (Allocation Failure) [PSYoungGen: 143579K->79423K(175104K)] 413143K->349082K(699392K), 0.0228020 secs] [Times: user=0.22 sys=0.00, real=0.03 secs] 
2016-09-24T00:59:22.997-0400: 128.450: [GC (GCLocker Initiated GC) [PSYoungGen: 167487K->49443K(175104K)] 437152K->361745K(699392K), 0.0223971 secs] [Times: user=0.22 sys=0.00, real=0.02 secs] 
2016-09-24T00:59:23.122-0400: 128.576: [GC (GCLocker Initiated GC) [PSYoungGen: 137507K->73772K(175104K)] 450176K->405153K(699392K), 0.0103907 secs] [Times: user=0.14 sys=0.01, real=0.00 secs] 
2016-09-24T00:59:23.240-0400: 128.694: [GC (GCLocker Initiated GC) [PSYoungGen: 161836K->79555K(175104K)] 493275K->429463K(699392K), 0.0359583 secs] [Times: user=0.37 sys=0.00, real=0.04 secs] 
2016-09-24T00:59:23.374-0400: 128.827: [GC (GCLocker Initiated GC) [PSYoungGen: 167619K->43173K(175104K)] 523863K->442217K(699392K), 0.0181650 secs] [Times: user=0.19 sys=0.00, real=0.02 secs] 
2016-09-24T00:59:23.496-0400: 128.949: [GC (GCLocker Initiated GC) [PSYoungGen: 131237K->55155K(175104K)] 536712K->479467K(699392K), 0.0198807 secs] [Times: user=0.21 sys=0.00, real=0.02 secs] 
2016-09-24T00:59:23.621-0400: 129.074: [GC (GCLocker Initiated GC) [PSYoungGen: 143219K->85826K(175104K)] 567610K->522487K(699392K), 0.0096077 secs] [Times: user=0.10 sys=0.00, real=0.01 secs] 
2016-09-24T00:59:23.759-0400: 129.212: [GC (Allocation Failure) [PSYoungGen: 173890K->55251K(175104K)] 610855K->510888K(699392K), 0.0098410 secs] [Times: user=0.13 sys=0.00, real=0.01 secs] 
2016-09-24T00:59:23.768-0400: 129.222: [Full GC (Ergonomics) [PSYoungGen: 55251K->0K(175104K)] [ParOldGen: 455637K->41667K(524288K)] 510888K->41667K(699392K), [Metaspace: 44399K->44399K(1087488K)], 0.0544982 secs] [Times: user=0.40 sys=0.02, real=0.06 secs] 
2016-09-24T00:59:23.940-0400: 129.393: [GC (GCLocker Initiated GC) [PSYoungGen: 86293K->55835K(175104K)] 134036K->103585K(699392K), 0.0061723 secs] [Times: user=0.08 sys=0.01, real=0.01 secs] 
2016-09-24T00:59:24.049-0400: 129.502: [GC (GCLocker Initiated GC) [PSYoungGen: 143899K->61298K(175104K)] 197827K->133975K(699392K), 0.0251775 secs] [Times: user=0.24 sys=0.01, real=0.02 secs] 
2016-09-24T00:59:24.210-0400: 129.664: [GC (GCLocker Initiated GC) [PSYoungGen: 149360K->61558K(175104K)] 228474K->159156K(699392K), 0.0239073 secs] [Times: user=0.24 sys=0.00, real=0.03 secs] 
2016-09-24T00:59:24.350-0400: 129.804: [GC (GCLocker Initiated GC) [PSYoungGen: 149622K->37162K(175104K)] 254245K->178691K(699392K), 0.0218531 secs] [Times: user=0.26 sys=0.01, real=0.02 secs] 
2016-09-24T00:59:24.465-0400: 129.918: [GC (GCLocker Initiated GC) [PSYoungGen: 125226K->67469K(175104K)] 267048K->227628K(699392K), 0.0171613 secs] [Times: user=0.18 sys=0.00, real=0.01 secs] 
2016-09-24T00:59:24.636-0400: 130.089: [GC (GCLocker Initiated GC) [PSYoungGen: 155533K->49016K(175104K)] 321773K->233748K(699392K), 0.0131595 secs] [Times: user=0.12 sys=0.00, real=0.01 secs] 
2016-09-24T00:59:24.767-0400: 130.220: [GC (GCLocker Initiated GC) [PSYoungGen: 137080K->85402K(175104K)] 321865K->276390K(699392K), 0.0157620 secs] [Times: user=0.14 sys=0.00, real=0.02 secs] 
2016-09-24T00:59:24.875-0400: 130.328: [GC (GCLocker Initiated GC) [PSYoungGen: 173466K->67469K(175104K)] 364753K->301409K(699392K), 0.0218637 secs] [Times: user=0.22 sys=0.00, real=0.02 secs] 
2016-09-24T00:59:25.012-0400: 130.465: [GC (GCLocker Initiated GC) [PSYoungGen: 155533K->79651K(175104K)] 389515K->332150K(699392K), 0.0194304 secs] [Times: user=0.20 sys=0.00, real=0.02 secs] 
2016-09-24T00:59:25.133-0400: 130.586: [GC (GCLocker Initiated GC) [PSYoungGen: 167715K->43173K(175104K)] 420429K->338679K(699392K), 0.0216730 secs] [Times: user=0.20 sys=0.01, real=0.03 secs] 
2016-09-24T00:59:25.294-0400: 130.747: [GC (GCLocker Initiated GC) [PSYoungGen: 131237K->55187K(175104K)] 433005K->393845K(699392K), 0.0151045 secs] [Times: user=0.16 sys=0.00, real=0.02 secs] 
2016-09-24T00:59:25.446-0400: 130.900: [GC (GCLocker Initiated GC) [PSYoungGen: 143251K->73512K(175104K)] 488182K->436788K(699392K), 0.0088731 secs] [Times: user=0.08 sys=0.00, real=0.01 secs] 
2016-09-24T00:59:25.604-0400: 131.058: [GC (Allocation Failure) [PSYoungGen: 161576K->37585K(175104K)] 537329K->431675K(699392K), 0.0127114 secs] [Times: user=0.13 sys=0.00, real=0.01 secs] 
2016-09-24T00:59:25.742-0400: 131.196: [GC (GCLocker Initiated GC) [PSYoungGen: 125649K->36802K(175104K)] 519745K->449389K(699392K), 0.0210607 secs] [Times: user=0.17 sys=0.00, real=0.02 secs] 
2016-09-24T00:59:25.860-0400: 131.313: [GC (GCLocker Initiated GC) [PSYoungGen: 124866K->73772K(175104K)] 543750K->504934K(699392K), 0.0132631 secs] [Times: user=0.15 sys=0.00, real=0.01 secs] 
2016-09-24T00:59:25.983-0400: 131.436: [GC (GCLocker Initiated GC) [PSYoungGen: 161836K->61462K(175104K)] 593016K->511315K(699392K), 0.0123799 secs] [Times: user=0.12 sys=0.01, real=0.01 secs] 
2016-09-24T00:59:26.091-0400: 131.544: [GC (GCLocker Initiated GC) [PSYoungGen: 149526K->85954K(175104K)] 605658K->566670K(699392K), 0.0210649 secs] [Times: user=0.21 sys=0.00, real=0.02 secs] 
2016-09-24T00:59:26.112-0400: 131.566: [Full GC (Ergonomics) [PSYoungGen: 85954K->0K(175104K)] [ParOldGen: 480715K->54141K(524288K)] 566670K->54141K(699392K), [Metaspace: 44424K->44424K(1087488K)], 0.0546407 secs] [Times: user=0.27 sys=0.01, real=0.06 secs] 
2016-09-24T00:59:26.265-0400: 131.718: [GC (GCLocker Initiated GC) [PSYoungGen: 88064K->73608K(175104K)] 142319K->127863K(699392K), 0.0188464 secs] [Times: user=0.18 sys=0.01, real=0.02 secs] 
2016-09-24T00:59:26.391-0400: 131.844: [GC (GCLocker Initiated GC) [PSYoungGen: 161672K->43201K(175104K)] 216037K->152780K(699392K), 0.0092593 secs] [Times: user=0.09 sys=0.00, real=0.01 secs] 
2016-09-24T00:59:26.508-0400: 131.961: [GC (GCLocker Initiated GC) [PSYoungGen: 131265K->55319K(175104K)] 246922K->219860K(699392K), 0.0365823 secs] [Times: user=0.37 sys=0.00, real=0.04 secs] 
2016-09-24T00:59:26.671-0400: 132.125: [GC (GCLocker Initiated GC) [PSYoungGen: 143383K->61426K(175104K)] 307971K->226282K(699392K), 0.0091490 secs] [Times: user=0.10 sys=0.00, real=0.01 secs] 
2016-09-24T00:59:26.839-0400: 132.293: [GC (GCLocker Initiated GC) [PSYoungGen: 149490K->55415K(175104K)] 326632K->299706K(699392K), 0.0121440 secs] [Times: user=0.13 sys=0.00, real=0.01 secs] 
2016-09-24T00:59:26.979-0400: 132.432: [GC (GCLocker Initiated GC) [PSYoungGen: 143479K->18840K(175104K)] 400085K->275535K(699392K), 0.0347711 secs] [Times: user=0.34 sys=0.00, real=0.03 secs] 
2016-09-24T00:59:27.123-0400: 132.577: [GC (GCLocker Initiated GC) [PSYoungGen: 106904K->49116K(175104K)] 369797K->312268K(699392K), 0.0114346 secs] [Times: user=0.09 sys=0.00, real=0.01 secs] 
2016-09-24T00:59:27.231-0400: 132.685: [GC (GCLocker Initiated GC) [PSYoungGen: 137180K->49180K(175104K)] 400525K->349070K(699392K), 0.0159765 secs] [Times: user=0.15 sys=0.00, real=0.02 secs] 
2016-09-24T00:59:27.331-0400: 132.784: [GC (GCLocker Initiated GC) [PSYoungGen: 137244K->85990K(175104K)] 437305K->410627K(699392K), 0.0110623 secs] [Times: user=0.08 sys=0.00, real=0.01 secs] 
2016-09-24T00:59:27.467-0400: 132.920: [GC (GCLocker Initiated GC) [PSYoungGen: 174054K->67665K(175104K)] 498805K->453785K(699392K), 0.0246723 secs] [Times: user=0.28 sys=0.00, real=0.02 secs] 
2016-09-24T00:59:27.593-0400: 133.047: [GC (GCLocker Initiated GC) [PSYoungGen: 155729K->49440K(175104K)] 541891K->502891K(699392K), 0.0159499 secs] [Times: user=0.18 sys=0.00, real=0.02 secs] 
2016-09-24T00:59:27.609-0400: 133.063: [Full GC (Ergonomics) [PSYoungGen: 49440K->0K(175104K)] [ParOldGen: 453451K->47860K(524288K)] 502891K->47860K(699392K), [Metaspace: 44425K->44425K(1087488K)], 0.0548333 secs] [Times: user=0.33 sys=0.01, real=0.06 secs] 
2016-09-24T00:59:27.783-0400: 133.236: [GC (GCLocker Initiated GC) [PSYoungGen: 88064K->73964K(175104K)] 136106K->122006K(699392K), 0.0104205 secs] [Times: user=0.11 sys=0.00, real=0.00 secs] 
2016-09-24T00:59:27.891-0400: 133.344: [GC (GCLocker Initiated GC) [PSYoungGen: 162028K->49116K(175104K)] 210117K->134179K(699392K), 0.0099602 secs] [Times: user=0.07 sys=0.00, real=0.01 secs] 
2016-09-24T00:59:28.020-0400: 133.473: [GC (GCLocker Initiated GC) [PSYoungGen: 137180K->86050K(175104K)] 228393K->256578K(699392K), 0.0244661 secs] [Times: user=0.36 sys=0.00, real=0.03 secs] 
2016-09-24T00:59:28.169-0400: 133.623: [GC (Allocation Failure) [PSYoungGen: 174114K->31086K(175104K)] 350977K->250766K(699392K), 0.0170983 secs] [Times: user=0.21 sys=0.01, real=0.02 secs] 
2016-09-24T00:59:28.286-0400: 133.739: [GC (GCLocker Initiated GC) [PSYoungGen: 119150K->73508K(175104K)] 338831K->311720K(699392K), 0.0097560 secs] [Times: user=0.15 sys=0.00, real=0.01 secs] 
2016-09-24T00:59:28.425-0400: 133.878: [GC (GCLocker Initiated GC) [PSYoungGen: 161572K->85822K(175104K)] 411993K->336339K(699392K), 0.0100100 secs] [Times: user=0.11 sys=0.00, real=0.01 secs] 
2016-09-24T00:59:28.540-0400: 133.993: [GC (GCLocker Initiated GC) [PSYoungGen: 173886K->67405K(175104K)] 424456K->354717K(699392K), 0.0105605 secs] [Times: user=0.08 sys=0.01, real=0.01 secs] 
2016-09-24T00:59:28.662-0400: 134.116: [GC (GCLocker Initiated GC) [PSYoungGen: 155469K->74032K(175104K)] 449194K->404522K(699392K), 0.0141945 secs] [Times: user=0.20 sys=0.00, real=0.01 secs] 
2016-09-24T00:59:28.800-0400: 134.254: [GC (GCLocker Initiated GC) [PSYoungGen: 162096K->74032K(175104K)] 492596K->405019K(699392K), 0.0094233 secs] [Times: user=0.14 sys=0.00, real=0.01 secs] 
2016-09-24T00:59:28.925-0400: 134.378: [GC (Allocation Failure) [PSYoungGen: 162092K->55479K(175104K)] 505585K->435565K(699392K), 0.0102839 secs] [Times: user=0.16 sys=0.00, real=0.01 secs] 
2016-09-24T00:59:28.935-0400: 134.389: [GC (GCLocker Initiated GC) [PSYoungGen: 55848K->64K(175104K)] 435935K->435515K(699392K), 0.0088558 secs] [Times: user=0.13 sys=0.00, real=0.01 secs] 
2016-09-24T00:59:29.066-0400: 134.519: [GC (GCLocker Initiated GC) [PSYoungGen: 88128K->86602K(175104K)] 523585K->546375K(699392K), 0.0108611 secs] [Times: user=0.17 sys=0.00, real=0.01 secs] 
2016-09-24T00:59:29.077-0400: 134.530: [Full GC (Ergonomics) [PSYoungGen: 86602K->0K(175104K)] [ParOldGen: 459773K->52298K(524288K)] 546375K->52298K(699392K), [Metaspace: 44425K->44425K(1087488K)], 0.0801185 secs] [Times: user=0.73 sys=0.02, real=0.08 secs] 
2016-09-24T00:59:29.291-0400: 134.744: [GC (GCLocker Initiated GC) [PSYoungGen: 88064K->67501K(175104K)] 152649K->132086K(699392K), 0.0118780 secs] [Times: user=0.11 sys=0.00, real=0.02 secs] 
2016-09-24T00:59:29.413-0400: 134.866: [GC (GCLocker Initiated GC) [PSYoungGen: 155565K->73836K(175104K)] 226575K->206092K(699392K), 0.0116231 secs] [Times: user=0.18 sys=0.00, real=0.02 secs] 
2016-09-24T00:59:29.571-0400: 135.025: [GC (GCLocker Initiated GC) [PSYoungGen: 161900K->37062K(175104K)] 300530K->194412K(699392K), 0.0067320 secs] [Times: user=0.08 sys=0.00, real=0.01 secs] 
2016-09-24T00:59:29.698-0400: 135.151: [GC (GCLocker Initiated GC) [PSYoungGen: 125126K->79683K(175104K)] 282702K->255612K(699392K), 0.0127746 secs] [Times: user=0.15 sys=0.00, real=0.01 secs] 
2016-09-24T00:59:29.829-0400: 135.282: [GC (GCLocker Initiated GC) [PSYoungGen: 167747K->55611K(175104K)] 343819K->292568K(699392K), 0.0104276 secs] [Times: user=0.15 sys=0.01, real=0.01 secs] 
2016-09-24T00:59:29.928-0400: 135.382: [GC (GCLocker Initiated GC) [PSYoungGen: 143675K->85790K(175104K)] 380646K->359534K(699392K), 0.0103371 secs] [Times: user=0.13 sys=0.00, real=0.01 secs] 
2016-09-24T00:59:30.089-0400: 135.543: [GC (GCLocker Initiated GC) [PSYoungGen: 173854K->43336K(175104K)] 459936K->372212K(699392K), 0.0091036 secs] [Times: user=0.06 sys=0.00, real=0.01 secs] 
2016-09-24T00:59:30.222-0400: 135.675: [GC (Allocation Failure) [PSYoungGen: 131400K->85658K(175104K)] 460312K->463469K(699392K), 0.0115199 secs] [Times: user=0.17 sys=0.01, real=0.01 secs] 
2016-09-24T00:59:30.330-0400: 135.784: [GC (GCLocker Initiated GC) [PSYoungGen: 173722K->79715K(175104K)] 551534K->506302K(699392K), 0.0109349 secs] [Times: user=0.13 sys=0.00, real=0.01 secs] 
2016-09-24T00:59:30.474-0400: 135.928: [GC (GCLocker Initiated GC) [PSYoungGen: 167779K->43105K(175104K)] 600796K->500666K(699392K), 0.0157695 secs] [Times: user=0.13 sys=0.00, real=0.01 secs] 
2016-09-24T00:59:30.490-0400: 135.943: [Full GC (Ergonomics) [PSYoungGen: 43105K->0K(175104K)] [ParOldGen: 457561K->52173K(524288K)] 500666K->52173K(699392K), [Metaspace: 44425K->44425K(1087488K)], 0.0575686 secs] [Times: user=0.33 sys=0.01, real=0.06 secs] 
2016-09-24T00:59:30.653-0400: 136.106: [GC (GCLocker Initiated GC) [PSYoungGen: 88064K->86406K(175104K)] 146673K->151090K(699392K), 0.0114407 secs] [Times: user=0.17 sys=0.00, real=0.02 secs] 
2016-09-24T00:59:30.800-0400: 136.253: [GC (GCLocker Initiated GC) [PSYoungGen: 174470K->37485K(175104K)] 245299K->145656K(699392K), 0.0087389 secs] [Times: user=0.11 sys=0.00, real=0.01 secs] 
2016-09-24T00:59:30.914-0400: 136.368: [GC (GCLocker Initiated GC) [PSYoungGen: 125549K->85822K(175104K)] 233958K->200589K(699392K), 0.0125564 secs] [Times: user=0.13 sys=0.01, real=0.01 secs] 
2016-09-24T00:59:31.064-0400: 136.518: [GC (GCLocker Initiated GC) [PSYoungGen: 173886K->67565K(175104K)] 288925K->237562K(699392K), 0.0262725 secs] [Times: user=0.30 sys=0.00, real=0.02 secs] 
2016-09-24T00:59:31.205-0400: 136.658: [GC (Allocation Failure) [PSYoungGen: 155629K->73904K(175104K)] 325981K->262593K(699392K), 0.0096930 secs] [Times: user=0.09 sys=0.00, real=0.01 secs] 
2016-09-24T00:59:31.322-0400: 136.776: [GC (GCLocker Initiated GC) [PSYoungGen: 161786K->55319K(175104K)] 350731K->262748K(699392K), 0.0107389 secs] [Times: user=0.09 sys=0.00, real=0.00 secs] 
2016-09-24T00:59:31.472-0400: 136.925: [GC (GCLocker Initiated GC) [PSYoungGen: 143383K->25175K(175104K)] 369158K->287676K(699392K), 0.0071123 secs] [Times: user=0.06 sys=0.01, real=0.01 secs] 
2016-09-24T00:59:31.609-0400: 137.062: [GC (GCLocker Initiated GC) [PSYoungGen: 113239K->79523K(175104K)] 381863K->348586K(699392K), 0.0193256 secs] [Times: user=0.17 sys=0.00, real=0.02 secs] 
2016-09-24T00:59:31.728-0400: 137.182: [GC (GCLocker Initiated GC) [PSYoungGen: 167587K->49536K(175104K)] 443058K->404126K(699392K), 0.0103485 secs] [Times: user=0.12 sys=0.00, real=0.01 secs] 
2016-09-24T00:59:31.851-0400: 137.305: [GC (GCLocker Initiated GC) [PSYoungGen: 137600K->49408K(175104K)] 498368K->428700K(699392K), 0.0148191 secs] [Times: user=0.13 sys=0.00, real=0.02 secs] 
2016-09-24T00:59:31.972-0400: 137.425: [GC (GCLocker Initiated GC) [PSYoungGen: 137472K->85662K(175104K)] 516851K->465317K(699392K), 0.0231116 secs] [Times: user=0.29 sys=0.00, real=0.03 secs] 
2016-09-24T00:59:32.092-0400: 137.545: [GC (GCLocker Initiated GC) [PSYoungGen: 173726K->85822K(175104K)] 559654K->520510K(699392K), 0.0200032 secs] [Times: user=0.28 sys=0.00, real=0.02 secs] 
2016-09-24T00:59:32.236-0400: 137.690: [Full GC (Ergonomics) [PSYoungGen: 173886K->0K(175104K)] [ParOldGen: 440927K->52202K(524288K)] 614813K->52202K(699392K), [Metaspace: 44431K->44431K(1087488K)], 0.0559836 secs] [Times: user=0.32 sys=0.01, real=0.05 secs] 
2016-09-24T00:59:32.406-0400: 137.860: [GC (Allocation Failure) [PSYoungGen: 88064K->86182K(175104K)] 152598K->156792K(699392K), 0.0115578 secs] [Times: user=0.11 sys=0.00, real=0.01 secs] 
2016-09-24T00:59:32.521-0400: 137.974: [GC (GCLocker Initiated GC) [PSYoungGen: 174246K->55319K(175104K)] 244856K->175404K(699392K), 0.0110401 secs] [Times: user=0.13 sys=0.00, real=0.01 secs] 
2016-09-24T00:59:32.642-0400: 138.095: [GC (GCLocker Initiated GC) [PSYoungGen: 143383K->85890K(175104K)] 263517K->236683K(699392K), 0.0147899 secs] [Times: user=0.15 sys=0.00, real=0.02 secs] 
2016-09-24T00:59:32.763-0400: 138.217: [GC (Allocation Failure) [PSYoungGen: 173954K->49116K(175104K)] 324772K->236660K(699392K), 0.0163457 secs] [Times: user=0.15 sys=0.00, real=0.01 secs] 
2016-09-24T00:59:32.875-0400: 138.329: [GC (GCLocker Initiated GC) [PSYoungGen: 137180K->79879K(175104K)] 324724K->304157K(699392K), 0.0103577 secs] [Times: user=0.09 sys=0.00, real=0.01 secs] 
2016-09-24T00:59:33.012-0400: 138.466: [GC (GCLocker Initiated GC) [PSYoungGen: 167943K->79519K(175104K)] 392543K->316568K(699392K), 0.0212671 secs] [Times: user=0.22 sys=0.01, real=0.02 secs] 
2016-09-24T00:59:33.145-0400: 138.598: [GC (GCLocker Initiated GC) [PSYoungGen: 167583K->49116K(175104K)] 410984K->304747K(699392K), 0.0077445 secs] [Times: user=0.06 sys=0.00, real=0.00 secs] 
2016-09-24T00:59:33.272-0400: 138.726: [GC (GCLocker Initiated GC) [PSYoungGen: 137180K->79715K(175104K)] 393020K->372304K(699392K), 0.0170173 secs] [Times: user=0.17 sys=0.00, real=0.02 secs] 
2016-09-24T00:59:33.409-0400: 138.862: [GC (GCLocker Initiated GC) [PSYoungGen: 167779K->67729K(175104K)] 466474K->372594K(699392K), 0.0265944 secs] [Times: user=0.28 sys=0.01, real=0.03 secs] 
2016-09-24T00:59:33.527-0400: 138.980: [GC (GCLocker Initiated GC) [PSYoungGen: 155793K->73672K(175104K)] 460745K->415398K(699392K), 0.0125549 secs] [Times: user=0.19 sys=0.00, real=0.01 secs] 
2016-09-24T00:59:33.646-0400: 139.099: [GC (GCLocker Initiated GC) [PSYoungGen: 161736K->79619K(175104K)] 504233K->440624K(699392K), 0.0250925 secs] [Times: user=0.25 sys=0.01, real=0.02 secs] 
2016-09-24T00:59:33.794-0400: 139.247: [GC (Allocation Failure) [PSYoungGen: 167683K->48888K(175104K)] 528859K->434631K(699392K), 0.0128174 secs] [Times: user=0.10 sys=0.01, real=0.02 secs] 
2016-09-24T00:59:33.911-0400: 139.364: [GC (GCLocker Initiated GC) [PSYoungGen: 132137K->49116K(175104K)] 523956K->471397K(699392K), 0.0211849 secs] [Times: user=0.17 sys=0.00, real=0.02 secs] 
2016-09-24T00:59:34.068-0400: 139.521: [GC (GCLocker Initiated GC) [PSYoungGen: 137180K->37226K(175104K)] 577963K->496509K(699392K), 0.0067424 secs] [Times: user=0.05 sys=0.00, real=0.01 secs] 
2016-09-24T00:59:34.202-0400: 139.655: [Full GC (Ergonomics) [PSYoungGen: 125290K->0K(175104K)] [ParOldGen: 465685K->52422K(524288K)] 590975K->52422K(699392K), [Metaspace: 44432K->44432K(1087488K)], 0.0543074 secs] [Times: user=0.27 sys=0.01, real=0.06 secs] 
2016-09-24T00:59:34.380-0400: 139.834: [GC (Allocation Failure) [PSYoungGen: 88064K->86346K(175104K)] 146787K->151144K(699392K), 0.0111189 secs] [Times: user=0.14 sys=0.00, real=0.01 secs] 
2016-09-24T00:59:34.485-0400: 139.939: [GC (GCLocker Initiated GC) [PSYoungGen: 173253K->43133K(175104K)] 244127K->187402K(699392K), 0.0129880 secs] [Times: user=0.19 sys=0.00, real=0.01 secs] 
2016-09-24T00:59:34.603-0400: 140.057: [GC (Allocation Failure) [PSYoungGen: 131197K->86182K(175104K)] 275670K->255114K(699392K), 0.0142751 secs] [Times: user=0.19 sys=0.00, real=0.01 secs] 
2016-09-24T00:59:34.713-0400: 140.166: [GC (GCLocker Initiated GC) [PSYoungGen: 174246K->61366K(175104K)] 343184K->242869K(699392K), 0.0288692 secs] [Times: user=0.30 sys=0.01, real=0.03 secs] 
2016-09-24T00:59:34.871-0400: 140.324: [GC (GCLocker Initiated GC) [PSYoungGen: 149430K->61362K(175104K)] 331149K->298032K(699392K), 0.0197855 secs] [Times: user=0.21 sys=0.00, real=0.02 secs] 
2016-09-24T00:59:35.007-0400: 140.461: [GC (GCLocker Initiated GC) [PSYoungGen: 149426K->61430K(175104K)] 392207K->304330K(699392K), 0.0140767 secs] [Times: user=0.16 sys=0.00, real=0.01 secs] 
2016-09-24T00:59:35.121-0400: 140.575: [GC (GCLocker Initiated GC) [PSYoungGen: 149494K->61330K(175104K)] 392514K->323015K(699392K), 0.0101499 secs] [Times: user=0.09 sys=0.00, real=0.01 secs] 
2016-09-24T00:59:35.279-0400: 140.732: [GC (Allocation Failure) [PSYoungGen: 149394K->55419K(175104K)] 417504K->348096K(699392K), 0.0232483 secs] [Times: user=0.22 sys=0.00, real=0.03 secs] 
2016-09-24T00:59:35.405-0400: 140.859: [GC (GCLocker Initiated GC) [PSYoungGen: 143483K->85758K(175104K)] 436161K->403027K(699392K), 0.0180332 secs] [Times: user=0.19 sys=0.00, real=0.02 secs] 
2016-09-24T00:59:35.561-0400: 141.015: [GC (GCLocker Initiated GC) [PSYoungGen: 173822K->55319K(175104K)] 497244K->409236K(699392K), 0.0087025 secs] [Times: user=0.09 sys=0.00, real=0.01 secs] 
2016-09-24T00:59:35.679-0400: 141.132: [GC (GCLocker Initiated GC) [PSYoungGen: 143383K->61398K(175104K)] 497743K->434250K(699392K), 0.0135538 secs] [Times: user=0.12 sys=0.01, real=0.01 secs] 
2016-09-24T00:59:35.819-0400: 141.272: [GC (GCLocker Initiated GC) [PSYoungGen: 149462K->73544K(175104K)] 534690K->477289K(699392K), 0.0179011 secs] [Times: user=0.18 sys=0.00, real=0.02 secs] 
2016-09-24T00:59:35.963-0400: 141.417: [GC (GCLocker Initiated GC) [PSYoungGen: 161608K->37162K(175104K)] 565412K->459450K(699392K), 0.0305292 secs] [Times: user=0.35 sys=0.00, real=0.02 secs] 
2016-09-24T00:59:36.093-0400: 141.547: [GC (GCLocker Initiated GC) [PSYoungGen: 125226K->61362K(175104K)] 553654K->502076K(699392K), 0.0098415 secs] [Times: user=0.09 sys=0.00, real=0.02 secs] 
2016-09-24T00:59:36.207-0400: 141.660: [GC (GCLocker Initiated GC) [PSYoungGen: 149426K->79555K(175104K)] 590389K->539183K(699392K), 0.0102457 secs] [Times: user=0.09 sys=0.00, real=0.01 secs] 
2016-09-24T00:59:36.324-0400: 141.777: [GC (GCLocker Initiated GC) [PSYoungGen: 167619K->67569K(175104K)] 627570K->546036K(699392K), 0.0158038 secs] [Times: user=0.17 sys=0.00, real=0.01 secs] 
2016-09-24T00:59:36.340-0400: 141.793: [Full GC (Ergonomics) [PSYoungGen: 67569K->0K(175104K)] [ParOldGen: 478467K->46956K(524288K)] 546036K->46956K(699392K), [Metaspace: 44440K->44440K(1087488K)], 0.0547344 secs] [Times: user=0.31 sys=0.00, real=0.06 secs] 
2016-09-24T00:59:36.485-0400: 141.939: [GC (GCLocker Initiated GC) [PSYoungGen: 88064K->86014K(175104K)] 135286K->163611K(699392K), 0.0184286 secs] [Times: user=0.21 sys=0.00, real=0.02 secs] 
2016-09-24T00:59:36.615-0400: 142.068: [GC (GCLocker Initiated GC) [PSYoungGen: 174078K->67601K(175104K)] 251946K->194609K(699392K), 0.0183499 secs] [Times: user=0.21 sys=0.00, real=0.01 secs] 
2016-09-24T00:59:36.758-0400: 142.211: [GC (GCLocker Initiated GC) [PSYoungGen: 155665K->61394K(175104K)] 288885K->219362K(699392K), 0.0284865 secs] [Times: user=0.34 sys=0.00, real=0.03 secs] 
2016-09-24T00:59:36.877-0400: 142.331: [GC (GCLocker Initiated GC) [PSYoungGen: 149458K->73704K(175104K)] 307585K->304867K(699392K), 0.0149692 secs] [Times: user=0.16 sys=0.00, real=0.01 secs] 
2016-09-24T00:59:37.013-0400: 142.466: [GC (Allocation Failure) [PSYoungGen: 161768K->55483K(175104K)] 393129K->335751K(699392K), 0.0218344 secs] [Times: user=0.26 sys=0.00, real=0.03 secs] 
2016-09-24T00:59:37.147-0400: 142.601: [GC (GCLocker Initiated GC) [PSYoungGen: 139788K->67369K(175104K)] 426132K->372213K(699392K), 0.0196980 secs] [Times: user=0.21 sys=0.00, real=0.02 secs] 
2016-09-24T00:59:37.290-0400: 142.743: [GC (GCLocker Initiated GC) [PSYoungGen: 155433K->43141K(175104K)] 466534K->372554K(699392K), 0.0192545 secs] [Times: user=0.16 sys=0.00, real=0.02 secs] 
2016-09-24T00:59:37.431-0400: 142.884: [GC (GCLocker Initiated GC) [PSYoungGen: 131205K->73936K(175104K)] 460984K->422240K(699392K), 0.0163674 secs] [Times: user=0.18 sys=0.01, real=0.02 secs] 
2016-09-24T00:59:37.553-0400: 143.007: [GC (Allocation Failure) [PSYoungGen: 162000K->49052K(175104K)] 510412K->415941K(699392K), 0.0190193 secs] [Times: user=0.15 sys=0.01, real=0.02 secs] 
2016-09-24T00:59:37.689-0400: 143.142: [GC (GCLocker Initiated GC) [PSYoungGen: 133093K->37094K(175104K)] 506057K->440536K(699392K), 0.0104564 secs] [Times: user=0.09 sys=0.00, real=0.01 secs] 
2016-09-24T00:59:37.815-0400: 143.268: [GC (GCLocker Initiated GC) [PSYoungGen: 125158K->61430K(175104K)] 528827K->483599K(699392K), 0.0273809 secs] [Times: user=0.24 sys=0.00, real=0.03 secs] 
2016-09-24T00:59:37.959-0400: 143.413: [GC (GCLocker Initiated GC) [PSYoungGen: 149494K->73872K(175104K)] 578054K->502880K(699392K), 0.0197113 secs] [Times: user=0.19 sys=0.01, real=0.02 secs] 
2016-09-24T00:59:38.091-0400: 143.545: [GC (GCLocker Initiated GC) [PSYoungGen: 161936K->61362K(175104K)] 591075K->527563K(699392K), 0.0226173 secs] [Times: user=0.22 sys=0.00, real=0.02 secs] 
2016-09-24T00:59:38.114-0400: 143.568: [Full GC (Ergonomics) [PSYoungGen: 61362K->0K(175104K)] [ParOldGen: 466201K->52884K(524288K)] 527563K->52884K(699392K), [Metaspace: 44440K->44440K(1087488K)], 0.0574272 secs] [Times: user=0.28 sys=0.01, real=0.06 secs] 
2016-09-24T00:59:38.309-0400: 143.762: [GC (Allocation Failure) [PSYoungGen: 88064K->85950K(175104K)] 141074K->145035K(699392K), 0.0185216 secs] [Times: user=0.20 sys=0.00, real=0.02 secs] 
2016-09-24T00:59:38.432-0400: 143.885: [GC (GCLocker Initiated GC) [PSYoungGen: 174014K->79683K(175104K)] 233104K->194012K(699392K), 0.0113072 secs] [Times: user=0.11 sys=0.00, real=0.02 secs] 
2016-09-24T00:59:38.574-0400: 144.027: [GC (GCLocker Initiated GC) [PSYoungGen: 167747K->61494K(175104K)] 288210K->206376K(699392K), 0.0195516 secs] [Times: user=0.25 sys=0.00, real=0.02 secs] 
2016-09-24T00:59:38.701-0400: 144.154: [GC (GCLocker Initiated GC) [PSYoungGen: 149558K->54995K(175104K)] 300568K->212339K(699392K), 0.0264445 secs] [Times: user=0.24 sys=0.01, real=0.03 secs] 
2016-09-24T00:59:38.842-0400: 144.295: [GC (GCLocker Initiated GC) [PSYoungGen: 143059K->73412K(175104K)] 300456K->267371K(699392K), 0.0197932 secs] [Times: user=0.19 sys=0.01, real=0.02 secs] 
2016-09-24T00:59:38.969-0400: 144.422: [GC (GCLocker Initiated GC) [PSYoungGen: 161476K->67697K(175104K)] 355534K->316573K(699392K), 0.0107490 secs] [Times: user=0.12 sys=0.00, real=0.01 secs] 
2016-09-24T00:59:39.077-0400: 144.531: [GC (GCLocker Initiated GC) [PSYoungGen: 155761K->79783K(175104K)] 404859K->365615K(699392K), 0.0109154 secs] [Times: user=0.10 sys=0.00, real=0.01 secs] 
2016-09-24T00:59:39.204-0400: 144.657: [GC (GCLocker Initiated GC) [PSYoungGen: 167847K->55351K(175104K)] 466118K->372147K(699392K), 0.0098015 secs] [Times: user=0.14 sys=0.00, real=0.00 secs] 
2016-09-24T00:59:39.314-0400: 144.767: [GC (GCLocker Initiated GC) [PSYoungGen: 143415K->85986K(175104K)] 460365K->439701K(699392K), 0.0119101 secs] [Times: user=0.16 sys=0.01, real=0.02 secs] 
2016-09-24T00:59:39.453-0400: 144.906: [GC (GCLocker Initiated GC) [PSYoungGen: 174050K->85790K(175104K)] 533960K->525139K(699392K), 0.0120787 secs] [Times: user=0.18 sys=0.00, real=0.02 secs] 
2016-09-24T00:59:39.594-0400: 145.048: [Full GC (Ergonomics) [PSYoungGen: 173854K->0K(175104K)] [ParOldGen: 445644K->46836K(524288K)] 619499K->46836K(699392K), [Metaspace: 44443K->44443K(1087488K)], 0.0788878 secs] [Times: user=0.60 sys=0.01, real=0.08 secs] 
2016-09-24T00:59:39.769-0400: 145.223: [GC (GCLocker Initiated GC) [PSYoungGen: 88064K->74092K(175104K)] 141017K->127045K(699392K), 0.0098503 secs] [Times: user=0.14 sys=0.01, real=0.01 secs] 
2016-09-24T00:59:39.875-0400: 145.329: [GC (GCLocker Initiated GC) [PSYoungGen: 162156K->86118K(175104K)] 215213K->194593K(699392K), 0.0227286 secs] [Times: user=0.31 sys=0.01, real=0.02 secs] 
2016-09-24T00:59:40.015-0400: 145.469: [GC (GCLocker Initiated GC) [PSYoungGen: 174182K->55547K(175104K)] 288812K->194909K(699392K), 0.0097491 secs] [Times: user=0.09 sys=0.00, real=0.01 secs] 
2016-09-24T00:59:40.131-0400: 145.585: [GC (Allocation Failure) [PSYoungGen: 143611K->73448K(175104K)] 283138K->213398K(699392K), 0.0352072 secs] [Times: user=0.39 sys=0.01, real=0.04 secs] 
2016-09-24T00:59:40.279-0400: 145.733: [GC (GCLocker Initiated GC) [PSYoungGen: 156781K->73608K(175104K)] 302807K->268493K(699392K), 0.0112624 secs] [Times: user=0.10 sys=0.00, real=0.01 secs] 
2016-09-24T00:59:40.444-0400: 145.898: [GC (GCLocker Initiated GC) [PSYoungGen: 161672K->55451K(175104K)] 362764K->256818K(699392K), 0.0191921 secs] [Times: user=0.16 sys=0.00, real=0.02 secs] 
2016-09-24T00:59:40.545-0400: 145.998: [GC (GCLocker Initiated GC) [PSYoungGen: 143515K->85630K(175104K)] 345036K->299741K(699392K), 0.0121714 secs] [Times: user=0.13 sys=0.00, real=0.01 secs] 
2016-09-24T00:59:40.683-0400: 146.137: [GC (GCLocker Initiated GC) [PSYoungGen: 173694K->37226K(175104K)] 400137K->324678K(699392K), 0.0108808 secs] [Times: user=0.10 sys=0.00, real=0.01 secs] 
2016-09-24T00:59:40.810-0400: 146.263: [GC (GCLocker Initiated GC) [PSYoungGen: 125290K->73868K(175104K)] 413030K->361908K(699392K), 0.0140943 secs] [Times: user=0.15 sys=0.01, real=0.02 secs] 
2016-09-24T00:59:40.927-0400: 146.381: [GC (GCLocker Initiated GC) [PSYoungGen: 161932K->85854K(175104K)] 450048K->416811K(699392K), 0.0126002 secs] [Times: user=0.14 sys=0.00, real=0.01 secs] 
2016-09-24T00:59:41.053-0400: 146.507: [GC (GCLocker Initiated GC) [PSYoungGen: 173918K->79651K(175104K)] 504922K->477584K(699392K), 0.0303436 secs] [Times: user=0.35 sys=0.00, real=0.04 secs] 
2016-09-24T00:59:41.206-0400: 146.659: [GC (GCLocker Initiated GC) [PSYoungGen: 167715K->73608K(175104K)] 571888K->520621K(699392K), 0.0105729 secs] [Times: user=0.14 sys=0.00, real=0.01 secs] 
2016-09-24T00:59:41.216-0400: 146.670: [Full GC (Ergonomics) [PSYoungGen: 73608K->0K(175104K)] [ParOldGen: 447013K->53351K(524288K)] 520621K->53351K(699392K), [Metaspace: 44443K->44443K(1087488K)], 0.0554930 secs] [Times: user=0.34 sys=0.00, real=0.05 secs] 
2016-09-24T00:59:41.386-0400: 146.840: [GC (GCLocker Initiated GC) [PSYoungGen: 88064K->85954K(175104K)] 147521K->151486K(699392K), 0.0249506 secs] [Times: user=0.30 sys=0.00, real=0.02 secs] 
2016-09-24T00:59:41.516-0400: 146.969: [GC (Allocation Failure) [PSYoungGen: 174018K->43489K(175104K)] 251891K->212967K(699392K), 0.0108501 secs] [Times: user=0.13 sys=0.01, real=0.01 secs] 
2016-09-24T00:59:41.657-0400: 147.110: [GC (GCLocker Initiated GC) [PSYoungGen: 131553K->73608K(175104K)] 301032K->243618K(699392K), 0.0205883 secs] [Times: user=0.24 sys=0.00, real=0.02 secs] 
2016-09-24T00:59:41.781-0400: 147.234: [GC (Allocation Failure) [PSYoungGen: 161672K->67405K(175104K)] 331870K->256127K(699392K), 0.0087906 secs] [Times: user=0.09 sys=0.00, real=0.01 secs] 
2016-09-24T00:59:41.905-0400: 147.358: [GC (GCLocker Initiated GC) [PSYoungGen: 152827K->73672K(175104K)] 347624K->341521K(699392K), 0.0185495 secs] [Times: user=0.25 sys=0.00, real=0.02 secs] 
2016-09-24T00:59:42.059-0400: 147.513: [GC (Allocation Failure) [PSYoungGen: 161736K->55711K(175104K)] 435768K->330050K(699392K), 0.0323151 secs] [Times: user=0.37 sys=0.01, real=0.03 secs] 
2016-09-24T00:59:42.233-0400: 147.687: [GC (GCLocker Initiated GC) [PSYoungGen: 143775K->73476K(175104K)] 418120K->348113K(699392K), 0.0134816 secs] [Times: user=0.16 sys=0.00, real=0.02 secs] 
2016-09-24T00:59:42.362-0400: 147.815: [GC (GCLocker Initiated GC) [PSYoungGen: 161540K->55479K(175104K)] 442287K->372819K(699392K), 0.0123493 secs] [Times: user=0.17 sys=0.00, real=0.01 secs] 
2016-09-24T00:59:42.488-0400: 147.941: [GC (GCLocker Initiated GC) [PSYoungGen: 143543K->55874K(175104K)] 467268K->397945K(699392K), 0.0271200 secs] [Times: user=0.34 sys=0.02, real=0.03 secs] 
2016-09-24T00:59:42.620-0400: 148.073: [GC (GCLocker Initiated GC) [PSYoungGen: 143938K->73348K(175104K)] 486129K->440286K(699392K), 0.0154973 secs] [Times: user=0.18 sys=0.00, real=0.02 secs] 
2016-09-24T00:59:42.742-0400: 148.196: [GC (GCLocker Initiated GC) [PSYoungGen: 161412K->55323K(175104K)] 528357K->458814K(699392K), 0.0315565 secs] [Times: user=0.31 sys=0.00, real=0.02 secs] 
2016-09-24T00:59:42.894-0400: 148.347: [GC (GCLocker Initiated GC) [PSYoungGen: 143387K->61394K(175104K)] 546944K->489863K(699392K), 0.0176516 secs] [Times: user=0.14 sys=0.00, real=0.02 secs] 
2016-09-24T00:59:43.047-0400: 148.501: [GC (GCLocker Initiated GC) [PSYoungGen: 149458K->61362K(175104K)] 584161K->514581K(699392K), 0.0322537 secs] [Times: user=0.38 sys=0.00, real=0.03 secs] 
2016-09-24T00:59:43.080-0400: 148.533: [Full GC (Ergonomics) [PSYoungGen: 61362K->0K(175104K)] [ParOldGen: 453219K->53391K(524288K)] 514581K->53391K(699392K), [Metaspace: 44446K->44446K(1087488K)], 0.0553279 secs] [Times: user=0.31 sys=0.02, real=0.06 secs] 
2016-09-24T00:59:43.261-0400: 148.715: [GC (Allocation Failure) [PSYoungGen: 88064K->86014K(175104K)] 147577K->175903K(699392K), 0.0130796 secs] [Times: user=0.14 sys=0.01, real=0.02 secs] 
2016-09-24T00:59:43.385-0400: 148.839: [GC (GCLocker Initiated GC) [PSYoungGen: 174078K->24979K(175104K)] 263972K->182207K(699392K), 0.0304783 secs] [Times: user=0.28 sys=0.00, real=0.03 secs] 
2016-09-24T00:59:43.516-0400: 148.969: [GC (GCLocker Initiated GC) [PSYoungGen: 113043K->36802K(175104K)] 270319K->267228K(699392K), 0.0117370 secs] [Times: user=0.08 sys=0.00, real=0.01 secs] 
2016-09-24T00:59:43.658-0400: 149.111: [GC (Allocation Failure) [PSYoungGen: 124866K->86378K(175104K)] 355491K->341439K(699392K), 0.0099423 secs] [Times: user=0.12 sys=0.00, real=0.01 secs] 
2016-09-24T00:59:43.769-0400: 149.222: [GC (GCLocker Initiated GC) [PSYoungGen: 174442K->49312K(175104K)] 429503K->335335K(699392K), 0.0121073 secs] [Times: user=0.13 sys=0.00, real=0.01 secs] 
2016-09-24T00:59:43.889-0400: 149.342: [GC (GCLocker Initiated GC) [PSYoungGen: 137376K->73672K(175104K)] 429667K->402556K(699392K), 0.0121836 secs] [Times: user=0.17 sys=0.00, real=0.01 secs] 
2016-09-24T00:59:44.048-0400: 149.501: [GC (GCLocker Initiated GC) [PSYoungGen: 161736K->43237K(175104K)] 502812K->402633K(699392K), 0.0207280 secs] [Times: user=0.19 sys=0.01, real=0.02 secs] 
2016-09-24T00:59:44.199-0400: 149.652: [GC (Allocation Failure) [PSYoungGen: 131301K->73476K(175104K)] 490739K->433229K(699392K), 0.0367330 secs] [Times: user=0.46 sys=0.00, real=0.04 secs] 
2016-09-24T00:59:44.324-0400: 149.778: [GC (GCLocker Initiated GC) [PSYoungGen: 160738K->73576K(175104K)] 526567K->482033K(699392K), 0.0107538 secs] [Times: user=0.10 sys=0.00, real=0.01 secs] 
2016-09-24T00:59:44.467-0400: 149.920: [GC (GCLocker Initiated GC) [PSYoungGen: 161640K->73380K(175104K)] 570245K->500517K(699392K), 0.0129918 secs] [Times: user=0.14 sys=0.00, real=0.01 secs] 
2016-09-24T00:59:44.601-0400: 150.054: [GC (GCLocker Initiated GC) [PSYoungGen: 161444K->74000K(175104K)] 588671K->519572K(699392K), 0.0101375 secs] [Times: user=0.14 sys=0.00, real=0.01 secs] 
2016-09-24T00:59:44.709-0400: 150.162: [GC (GCLocker Initiated GC) [PSYoungGen: 162064K->86018K(175104K)] 607661K->574627K(699392K), 0.0129928 secs] [Times: user=0.17 sys=0.01, real=0.01 secs] 
2016-09-24T00:59:44.722-0400: 150.175: [Full GC (Ergonomics) [PSYoungGen: 86018K->0K(175104K)] [ParOldGen: 488609K->53777K(524288K)] 574627K->53777K(699392K), [Metaspace: 44446K->44446K(1087488K)], 0.0571405 secs] [Times: user=0.39 sys=0.01, real=0.06 secs] 
2016-09-24T00:59:44.886-0400: 150.339: [GC (GCLocker Initiated GC) [PSYoungGen: 88064K->73476K(175104K)] 148075K->133488K(699392K), 0.0119332 secs] [Times: user=0.13 sys=0.00, real=0.01 secs] 
2016-09-24T00:59:44.996-0400: 150.450: [GC (GCLocker Initiated GC) [PSYoungGen: 161540K->85954K(175104K)] 221594K->206933K(699392K), 0.0156162 secs] [Times: user=0.20 sys=0.00, real=0.01 secs] 
2016-09-24T00:59:45.125-0400: 150.578: [GC (GCLocker Initiated GC) [PSYoungGen: 174018K->67537K(175104K)] 295028K->231503K(699392K), 0.0181870 secs] [Times: user=0.19 sys=0.00, real=0.02 secs] 
2016-09-24T00:59:45.241-0400: 150.694: [GC (GCLocker Initiated GC) [PSYoungGen: 155601K->85694K(175104K)] 319676K->292578K(699392K), 0.0214649 secs] [Times: user=0.22 sys=0.00, real=0.02 secs] 
2016-09-24T00:59:45.378-0400: 150.832: [GC (GCLocker Initiated GC) [PSYoungGen: 173758K->30955K(175104K)] 393063K->305203K(699392K), 0.0163463 secs] [Times: user=0.18 sys=0.00, real=0.02 secs] 
2016-09-24T00:59:45.506-0400: 150.960: [GC (GCLocker Initiated GC) [PSYoungGen: 119019K->42813K(175104K)] 393337K->317406K(699392K), 0.0219155 secs] [Times: user=0.22 sys=0.00, real=0.02 secs] 
2016-09-24T00:59:45.658-0400: 151.111: [GC (GCLocker Initiated GC) [PSYoungGen: 130877K->79883K(175104K)] 411760K->360838K(699392K), 0.0243123 secs] [Times: user=0.24 sys=0.01, real=0.03 secs] 
2016-09-24T00:59:45.817-0400: 151.270: [GC (GCLocker Initiated GC) [PSYoungGen: 167947K->61102K(175104K)] 449246K->366953K(699392K), 0.0224016 secs] [Times: user=0.18 sys=0.00, real=0.02 secs] 
2016-09-24T00:59:45.942-0400: 151.395: [GC (GCLocker Initiated GC) [PSYoungGen: 149166K->61202K(175104K)] 455064K->367187K(699392K), 0.0145545 secs] [Times: user=0.13 sys=0.00, real=0.02 secs] 
2016-09-24T00:59:46.075-0400: 151.529: [GC (Allocation Failure) [PSYoungGen: 149266K->85986K(175104K)] 455338K->465258K(699392K), 0.0166203 secs] [Times: user=0.19 sys=0.00, real=0.01 secs] 
2016-09-24T00:59:46.202-0400: 151.655: [GC (GCLocker Initiated GC) [PSYoungGen: 169146K->42941K(175104K)] 554493K->465037K(699392K), 0.0101008 secs] [Times: user=0.07 sys=0.01, real=0.01 secs] 
2016-09-24T00:59:46.316-0400: 151.770: [GC (GCLocker Initiated GC) [PSYoungGen: 131005K->73676K(175104K)] 565461K->508260K(699392K), 0.0185253 secs] [Times: user=0.15 sys=0.01, real=0.02 secs] 
2016-09-24T00:59:46.446-0400: 151.900: [Full GC (Ergonomics) [PSYoungGen: 161740K->0K(175104K)] [ParOldGen: 440672K->47003K(524288K)] 602412K->47003K(699392K), [Metaspace: 44461K->44461K(1087488K)], 0.0709036 secs] [Times: user=0.38 sys=0.00, real=0.07 secs] 
2016-09-24T00:59:46.626-0400: 152.079: [GC (GCLocker Initiated GC) [PSYoungGen: 88064K->86210K(175104K)] 135332K->169929K(699392K), 0.0214742 secs] [Times: user=0.22 sys=0.00, real=0.02 secs] 
2016-09-24T00:59:46.760-0400: 152.214: [GC (Allocation Failure) [PSYoungGen: 174274K->25075K(175104K)] 264133K->188366K(699392K), 0.0152303 secs] [Times: user=0.12 sys=0.01, real=0.02 secs] 
2016-09-24T00:59:46.776-0400: 152.229: [GC (GCLocker Initiated GC) [PSYoungGen: 25849K->288K(175104K)] 189139K->225009K(699392K), 0.0086418 secs] [Times: user=0.08 sys=0.01, real=0.01 secs] 
2016-09-24T00:59:46.921-0400: 152.374: [GC (GCLocker Initiated GC) [PSYoungGen: 85133K->55547K(175104K)] 315929K->286359K(699392K), 0.0179174 secs] [Times: user=0.16 sys=0.00, real=0.02 secs] 
2016-09-24T00:59:47.050-0400: 152.503: [GC (GCLocker Initiated GC) [PSYoungGen: 143611K->85594K(175104K)] 380607K->359751K(699392K), 0.0187440 secs] [Times: user=0.21 sys=0.01, real=0.02 secs] 
2016-09-24T00:59:47.194-0400: 152.647: [GC (GCLocker Initiated GC) [PSYoungGen: 173658K->61430K(175104K)] 447857K->378250K(699392K), 0.0239332 secs] [Times: user=0.23 sys=0.00, real=0.03 secs] 
2016-09-24T00:59:47.321-0400: 152.774: [GC (GCLocker Initiated GC) [PSYoungGen: 149494K->73540K(175104K)] 472431K->439482K(699392K), 0.0136436 secs] [Times: user=0.16 sys=0.01, real=0.02 secs] 
2016-09-24T00:59:47.444-0400: 152.897: [GC (Allocation Failure) [PSYoungGen: 161604K->73968K(175104K)] 533719K->494810K(699392K), 0.0168623 secs] [Times: user=0.20 sys=0.01, real=0.01 secs] 
2016-09-24T00:59:47.561-0400: 153.014: [GC (GCLocker Initiated GC) [PSYoungGen: 162032K->73644K(175104K)] 582875K->512995K(699392K), 0.0187030 secs] [Times: user=0.20 sys=0.00, real=0.02 secs] 
2016-09-24T00:59:47.580-0400: 153.033: [Full GC (Ergonomics) [PSYoungGen: 73644K->0K(175104K)] [ParOldGen: 439351K->47219K(524288K)] 512995K->47219K(699392K), [Metaspace: 44461K->44461K(1087488K)], 0.0520114 secs] [Times: user=0.30 sys=0.00, real=0.05 secs] 
2016-09-24T00:59:47.752-0400: 153.206: [GC (Allocation Failure) [PSYoungGen: 88064K->73832K(175104K)] 135550K->121318K(699392K), 0.0068274 secs] [Times: user=0.07 sys=0.00, real=0.01 secs] 
2016-09-24T00:59:47.878-0400: 153.332: [GC (GCLocker Initiated GC) [PSYoungGen: 161896K->73576K(175104K)] 209383K->139967K(699392K), 0.0288146 secs] [Times: user=0.31 sys=0.00, real=0.03 secs] 
2016-09-24T00:59:48.049-0400: 153.503: [GC (Allocation Failure) [PSYoungGen: 161640K->37485K(175104K)] 240402K->152841K(699392K), 0.0113972 secs] [Times: user=0.11 sys=0.00, real=0.01 secs] 
2016-09-24T00:59:48.183-0400: 153.636: [GC (GCLocker Initiated GC) [PSYoungGen: 125549K->55155K(175104K)] 240905K->170794K(699392K), 0.0223211 secs] [Times: user=0.26 sys=0.00, real=0.02 secs] 
2016-09-24T00:59:48.309-0400: 153.762: [GC (GCLocker Initiated GC) [PSYoungGen: 143219K->55415K(175104K)] 265159K->207858K(699392K), 0.0139331 secs] [Times: user=0.16 sys=0.01, real=0.02 secs] 
2016-09-24T00:59:48.455-0400: 153.909: [GC (GCLocker Initiated GC) [PSYoungGen: 143479K->74100K(175104K)] 308209K->238957K(699392K), 0.0184600 secs] [Times: user=0.22 sys=0.00, real=0.01 secs] 
2016-09-24T00:59:48.598-0400: 154.051: [GC (GCLocker Initiated GC) [PSYoungGen: 162164K->86118K(175104K)] 327068K->287960K(699392K), 0.0101371 secs] [Times: user=0.13 sys=0.01, real=0.01 secs] 
2016-09-24T00:59:48.728-0400: 154.181: [GC (Allocation Failure) [PSYoungGen: 174182K->55219K(175104K)] 382230K->306099K(699392K), 0.0083798 secs] [Times: user=0.08 sys=0.00, real=0.01 secs] 
2016-09-24T00:59:48.859-0400: 154.312: [GC (GCLocker Initiated GC) [PSYoungGen: 143283K->73380K(175104K)] 394169K->324377K(699392K), 0.0345891 secs] [Times: user=0.39 sys=0.01, real=0.03 secs] 
2016-09-24T00:59:49.008-0400: 154.461: [GC (GCLocker Initiated GC) [PSYoungGen: 161444K->67341K(175104K)] 418636K->324637K(699392K), 0.0158858 secs] [Times: user=0.14 sys=0.00, real=0.02 secs] 
2016-09-24T00:59:49.125-0400: 154.578: [GC (GCLocker Initiated GC) [PSYoungGen: 155405K->49312K(175104K)] 412737K->361751K(699392K), 0.0105905 secs] [Times: user=0.07 sys=0.00, real=0.01 secs] 
2016-09-24T00:59:49.247-0400: 154.701: [GC (GCLocker Initiated GC) [PSYoungGen: 137376K->61686K(175104K)] 462237K->405227K(699392K), 0.0229199 secs] [Times: user=0.26 sys=0.00, real=0.02 secs] 
2016-09-24T00:59:49.360-0400: 154.813: [GC (GCLocker Initiated GC) [PSYoungGen: 149750K->79847K(175104K)] 493524K->454459K(699392K), 0.0188817 secs] [Times: user=0.19 sys=0.00, real=0.02 secs] 
2016-09-24T00:59:49.489-0400: 154.942: [GC (GCLocker Initiated GC) [PSYoungGen: 167911K->49472K(175104K)] 554794K->515605K(699392K), 0.0111461 secs] [Times: user=0.11 sys=0.00, real=0.01 secs] 
2016-09-24T00:59:49.500-0400: 154.954: [Full GC (Ergonomics) [PSYoungGen: 49472K->0K(175104K)] [ParOldGen: 466133K->53588K(524288K)] 515605K->53588K(699392K), [Metaspace: 44461K->44461K(1087488K)], 0.0644237 secs] [Times: user=0.43 sys=0.02, real=0.07 secs] 
2016-09-24T00:59:49.672-0400: 155.126: [GC (Allocation Failure) [PSYoungGen: 88064K->86182K(175104K)] 141884K->146077K(699392K), 0.0099729 secs] [Times: user=0.15 sys=0.00, real=0.02 secs] 
2016-09-24T00:59:49.801-0400: 155.255: [GC (GCLocker Initiated GC) [PSYoungGen: 173497K->55775K(175104K)] 239468K->140262K(699392K), 0.0072220 secs] [Times: user=0.06 sys=0.00, real=0.01 secs] 
2016-09-24T00:59:49.924-0400: 155.377: [GC (GCLocker Initiated GC) [PSYoungGen: 143839K->74000K(175104K)] 234751K->183616K(699392K), 0.0086429 secs] [Times: user=0.12 sys=0.00, real=0.00 secs] 
2016-09-24T00:59:50.067-0400: 155.520: [GC (Allocation Failure) [PSYoungGen: 162064K->55579K(175104K)] 278105K->208198K(699392K), 0.0209390 secs] [Times: user=0.26 sys=0.00, real=0.02 secs] 
2016-09-24T00:59:50.194-0400: 155.648: [GC (GCLocker Initiated GC) [PSYoungGen: 143643K->85790K(175104K)] 296267K->244805K(699392K), 0.0096396 secs] [Times: user=0.10 sys=0.01, real=0.01 secs] 
2016-09-24T00:59:50.315-0400: 155.769: [GC (GCLocker Initiated GC) [PSYoungGen: 173854K->49507K(175104K)] 339192K->251400K(699392K), 0.0108017 secs] [Times: user=0.10 sys=0.01, real=0.01 secs] 
2016-09-24T00:59:50.427-0400: 155.880: [GC (GCLocker Initiated GC) [PSYoungGen: 137571K->85822K(175104K)] 339657K->312507K(699392K), 0.0098899 secs] [Times: user=0.13 sys=0.00, real=0.01 secs] 
2016-09-24T00:59:50.551-0400: 156.004: [GC (GCLocker Initiated GC) [PSYoungGen: 173886K->55387K(175104K)] 407001K->306847K(699392K), 0.0096265 secs] [Times: user=0.09 sys=0.00, real=0.01 secs] 
2016-09-24T00:59:50.665-0400: 156.119: [GC (GCLocker Initiated GC) [PSYoungGen: 143451K->73608K(175104K)] 395076K->368017K(699392K), 0.0096987 secs] [Times: user=0.10 sys=0.00, real=0.01 secs] 
2016-09-24T00:59:50.813-0400: 156.266: [GC (GCLocker Initiated GC) [PSYoungGen: 161672K->37421K(175104K)] 468469K->362572K(699392K), 0.0127268 secs] [Times: user=0.13 sys=0.00, real=0.02 secs] 
2016-09-24T00:59:50.934-0400: 156.387: [GC (GCLocker Initiated GC) [PSYoungGen: 125485K->73416K(175104K)] 450787K->399149K(699392K), 0.0216489 secs] [Times: user=0.17 sys=0.00, real=0.03 secs] 
2016-09-24T00:59:51.066-0400: 156.519: [GC (GCLocker Initiated GC) [PSYoungGen: 161480K->79751K(175104K)] 493358K->436220K(699392K), 0.0102532 secs] [Times: user=0.10 sys=0.00, real=0.01 secs] 
2016-09-24T00:59:51.212-0400: 156.666: [GC (GCLocker Initiated GC) [PSYoungGen: 167815K->61590K(175104K)] 536600K->473200K(699392K), 0.0266659 secs] [Times: user=0.30 sys=0.00, real=0.03 secs] 
2016-09-24T00:59:51.356-0400: 156.809: [GC (GCLocker Initiated GC) [PSYoungGen: 149654K->61426K(175104K)] 567565K->522146K(699392K), 0.0234049 secs] [Times: user=0.23 sys=0.00, real=0.02 secs] 
2016-09-24T00:59:51.379-0400: 156.833: [Full GC (Ergonomics) [PSYoungGen: 61426K->0K(175104K)] [ParOldGen: 460720K->59526K(524288K)] 522146K->59526K(699392K), [Metaspace: 44461K->44461K(1087488K)], 0.0525287 secs] [Times: user=0.27 sys=0.01, real=0.05 secs] 
2016-09-24T00:59:51.541-0400: 156.994: [GC (Allocation Failure) [PSYoungGen: 88064K->86178K(175104K)] 147794K->151983K(699392K), 0.0099289 secs] [Times: user=0.10 sys=0.00, real=0.01 secs] 
2016-09-24T00:59:51.662-0400: 157.115: [GC (GCLocker Initiated GC) [PSYoungGen: 174242K->43237K(175104K)] 240052K->140258K(699392K), 0.0072941 secs] [Times: user=0.05 sys=0.00, real=0.01 secs] 
2016-09-24T00:59:51.787-0400: 157.240: [GC (GCLocker Initiated GC) [PSYoungGen: 131301K->85758K(175104K)] 228426K->189070K(699392K), 0.0089739 secs] [Times: user=0.07 sys=0.00, real=0.01 secs] 
2016-09-24T00:59:51.907-0400: 157.360: [GC (GCLocker Initiated GC) [PSYoungGen: 173822K->49372K(175104K)] 289432K->207806K(699392K), 0.0114146 secs] [Times: user=0.13 sys=0.00, real=0.01 secs] 
2016-09-24T00:59:52.049-0400: 157.502: [GC (Allocation Failure) [PSYoungGen: 137436K->49408K(175104K)] 301992K->244646K(699392K), 0.0120951 secs] [Times: user=0.12 sys=0.00, real=0.01 secs] 
2016-09-24T00:59:52.210-0400: 157.663: [GC (Allocation Failure) [PSYoungGen: 137472K->61298K(175104K)] 332710K->275029K(699392K), 0.0229266 secs] [Times: user=0.22 sys=0.00, real=0.02 secs] 
2016-09-24T00:59:52.350-0400: 157.803: [GC (GCLocker Initiated GC) [PSYoungGen: 144543K->67469K(175104K)] 364349K->305619K(699392K), 0.0162288 secs] [Times: user=0.17 sys=0.00, real=0.02 secs] 
2016-09-24T00:59:52.489-0400: 157.943: [GC (Allocation Failure) [PSYoungGen: 155533K->18904K(175104K)] 418153K->318078K(699392K), 0.0226900 secs] [Times: user=0.21 sys=0.00, real=0.02 secs] 
2016-09-24T00:59:52.638-0400: 158.091: [GC (GCLocker Initiated GC) [PSYoungGen: 106894K->73772K(175104K)] 406232K->373393K(699392K), 0.0174791 secs] [Times: user=0.19 sys=0.00, real=0.02 secs] 
2016-09-24T00:59:52.783-0400: 158.237: [GC (GCLocker Initiated GC) [PSYoungGen: 161836K->37030K(175104K)] 473896K->386323K(699392K), 0.0082742 secs] [Times: user=0.08 sys=0.00, real=0.00 secs] 
2016-09-24T00:59:52.889-0400: 158.342: [GC (GCLocker Initiated GC) [PSYoungGen: 125094K->73512K(175104K)] 474692K->459680K(699392K), 0.0116836 secs] [Times: user=0.10 sys=0.00, real=0.01 secs] 
2016-09-24T00:59:53.018-0400: 158.471: [GC (GCLocker Initiated GC) [PSYoungGen: 161576K->49084K(175104K)] 548027K->472065K(699392K), 0.0343823 secs] [Times: user=0.36 sys=0.00, real=0.03 secs] 
2016-09-24T00:59:53.171-0400: 158.624: [GC (GCLocker Initiated GC) [PSYoungGen: 137148K->49248K(175104K)] 566380K->496785K(699392K), 0.0066402 secs] [Times: user=0.05 sys=0.00, real=0.01 secs] 
2016-09-24T00:59:53.273-0400: 158.726: [GC (Allocation Failure) [PSYoungGen: 137312K->85662K(175104K)] 584952K->576119K(699392K), 0.0184933 secs] [Times: user=0.18 sys=0.01, real=0.02 secs] 
2016-09-24T00:59:53.292-0400: 158.745: [Full GC (Ergonomics) [PSYoungGen: 85662K->0K(175104K)] [ParOldGen: 490457K->53861K(524288K)] 576119K->53861K(699392K), [Metaspace: 44461K->44461K(1087488K)], 0.0583980 secs] [Times: user=0.37 sys=0.00, real=0.06 secs] 
2016-09-24T00:59:53.450-0400: 158.903: [GC (GCLocker Initiated GC) [PSYoungGen: 87574K->85982K(175104K)] 147511K->151994K(699392K), 0.0220542 secs] [Times: user=0.27 sys=0.01, real=0.02 secs] 
2016-09-24T00:59:53.603-0400: 159.056: [GC (GCLocker Initiated GC) [PSYoungGen: 174046K->31250K(175104K)] 246136K->152628K(699392K), 0.0165708 secs] [Times: user=0.16 sys=0.01, real=0.01 secs] 
2016-09-24T00:59:53.732-0400: 159.185: [GC (GCLocker Initiated GC) [PSYoungGen: 119314K->67273K(175104K)] 240756K->189153K(699392K), 0.0086662 secs] [Times: user=0.09 sys=0.00, real=0.01 secs] 
2016-09-24T00:59:53.849-0400: 159.302: [GC (GCLocker Initiated GC) [PSYoungGen: 155337K->43101K(175104K)] 283485K->207818K(699392K), 0.0137237 secs] [Times: user=0.13 sys=0.00, real=0.02 secs] 
2016-09-24T00:59:53.956-0400: 159.410: [GC (GCLocker Initiated GC) [PSYoungGen: 131165K->86022K(175104K)] 295930K->250915K(699392K), 0.0149642 secs] [Times: user=0.17 sys=0.00, real=0.01 secs] 
2016-09-24T00:59:54.081-0400: 159.534: [GC (Allocation Failure) [PSYoungGen: 174086K->61622K(175104K)] 339127K->287868K(699392K), 0.0111501 secs] [Times: user=0.10 sys=0.00, real=0.01 secs] 
2016-09-24T00:59:54.198-0400: 159.652: [GC (GCLocker Initiated GC) [PSYoungGen: 148209K->61234K(175104K)] 380531K->330077K(699392K), 0.0270187 secs] [Times: user=0.26 sys=0.00, real=0.03 secs] 
2016-09-24T00:59:54.330-0400: 159.784: [GC (GCLocker Initiated GC) [PSYoungGen: 149298K->43201K(175104K)] 418245K->373010K(699392K), 0.0114399 secs] [Times: user=0.12 sys=0.00, real=0.01 secs] 
2016-09-24T00:59:54.463-0400: 159.917: [GC (Allocation Failure) [PSYoungGen: 131265K->79651K(175104K)] 461115K->427869K(699392K), 0.0116471 secs] [Times: user=0.11 sys=0.00, real=0.01 secs] 
2016-09-24T00:59:54.596-0400: 160.050: [GC (GCLocker Initiated GC) [PSYoungGen: 167715K->37190K(175104K)] 522008K->416247K(699392K), 0.0075723 secs] [Times: user=0.07 sys=0.00, real=0.01 secs] 
2016-09-24T00:59:54.699-0400: 160.152: [GC (GCLocker Initiated GC) [PSYoungGen: 125254K->67241K(175104K)] 504359K->446637K(699392K), 0.0150952 secs] [Times: user=0.18 sys=0.00, real=0.01 secs] 
2016-09-24T00:59:54.822-0400: 160.276: [GC (GCLocker Initiated GC) [PSYoungGen: 155305K->67669K(175104K)] 540969K->453404K(699392K), 0.0139073 secs] [Times: user=0.13 sys=0.00, real=0.01 secs] 
2016-09-24T00:59:54.926-0400: 160.380: [GC (GCLocker Initiated GC) [PSYoungGen: 155733K->79715K(175104K)] 541560K->502480K(699392K), 0.0171116 secs] [Times: user=0.23 sys=0.00, real=0.02 secs] 
2016-09-24T00:59:55.045-0400: 160.499: [GC (GCLocker Initiated GC) [PSYoungGen: 167779K->67373K(175104K)] 590760K->526899K(699392K), 0.0099845 secs] [Times: user=0.07 sys=0.00, real=0.01 secs] 
2016-09-24T00:59:55.056-0400: 160.509: [Full GC (Ergonomics) [PSYoungGen: 67373K->0K(175104K)] [ParOldGen: 459526K->53807K(524288K)] 526899K->53807K(699392K), [Metaspace: 44463K->44463K(1087488K)], 0.0621321 secs] [Times: user=0.45 sys=0.01, real=0.06 secs] 
2016-09-24T00:59:55.223-0400: 160.677: [GC (GCLocker Initiated GC) [PSYoungGen: 88064K->86242K(175104K)] 142058K->164536K(699392K), 0.0097471 secs] [Times: user=0.12 sys=0.00, real=0.00 secs] 
2016-09-24T00:59:55.359-0400: 160.812: [GC (Allocation Failure) [PSYoungGen: 174306K->55415K(175104K)] 258947K->195443K(699392K), 0.0147465 secs] [Times: user=0.16 sys=0.00, real=0.01 secs] 
2016-09-24T00:59:55.374-0400: 160.827: [GC (GCLocker Initiated GC) [PSYoungGen: 55420K->0K(175104K)] 195449K->195113K(699392K), 0.0057012 secs] [Times: user=0.08 sys=0.00, real=0.01 secs] 
2016-09-24T00:59:55.488-0400: 160.941: [GC (GCLocker Initiated GC) [PSYoungGen: 82519K->55615K(175104K)] 283707K->256803K(699392K), 0.0172312 secs] [Times: user=0.15 sys=0.00, real=0.02 secs] 
2016-09-24T00:59:55.632-0400: 161.086: [GC (Allocation Failure) [PSYoungGen: 143679K->73416K(175104K)] 344993K->293535K(699392K), 0.0308798 secs] [Times: user=0.33 sys=0.00, real=0.04 secs] 
2016-09-24T00:59:55.793-0400: 161.247: [GC (GCLocker Initiated GC) [PSYoungGen: 161480K->43269K(175104K)] 381599K->299926K(699392K), 0.0112508 secs] [Times: user=0.09 sys=0.00, real=0.02 secs] 
2016-09-24T00:59:55.902-0400: 161.355: [GC (GCLocker Initiated GC) [PSYoungGen: 131333K->79587K(175104K)] 394112K->360867K(699392K), 0.0136565 secs] [Times: user=0.12 sys=0.00, real=0.02 secs] 
2016-09-24T00:59:56.036-0400: 161.489: [GC (GCLocker Initiated GC) [PSYoungGen: 167651K->85726K(175104K)] 448995K->403804K(699392K), 0.0144584 secs] [Times: user=0.15 sys=0.00, real=0.01 secs] 
2016-09-24T00:59:56.166-0400: 161.620: [GC (Allocation Failure) [PSYoungGen: 173790K->61298K(175104K)] 492049K->410207K(699392K), 0.0105766 secs] [Times: user=0.09 sys=0.00, real=0.01 secs] 
2016-09-24T00:59:56.282-0400: 161.735: [GC (GCLocker Initiated GC) [PSYoungGen: 149362K->67761K(175104K)] 498272K->435171K(699392K), 0.0209381 secs] [Times: user=0.24 sys=0.00, real=0.03 secs] 
2016-09-24T00:59:56.441-0400: 161.895: [GC (GCLocker Initiated GC) [PSYoungGen: 155825K->73544K(175104K)] 529604K->465839K(699392K), 0.0104018 secs] [Times: user=0.12 sys=0.00, real=0.01 secs] 
2016-09-24T00:59:56.581-0400: 162.034: [GC (GCLocker Initiated GC) [PSYoungGen: 161608K->43041K(175104K)] 554264K->454017K(699392K), 0.0068077 secs] [Times: user=0.07 sys=0.00, real=0.01 secs] 
2016-09-24T00:59:56.696-0400: 162.149: [GC (GCLocker Initiated GC) [PSYoungGen: 131105K->55419K(175104K)] 548416K->491043K(699392K), 0.0180640 secs] [Times: user=0.17 sys=0.00, real=0.01 secs] 
2016-09-24T00:59:56.846-0400: 162.299: [GC (GCLocker Initiated GC) [PSYoungGen: 143483K->55287K(175104K)] 591275K->539812K(699392K), 0.0110298 secs] [Times: user=0.09 sys=0.00, real=0.01 secs] 
2016-09-24T00:59:56.857-0400: 162.310: [Full GC (Ergonomics) [PSYoungGen: 55287K->0K(175104K)] [ParOldGen: 484525K->59804K(524288K)] 539812K->59804K(699392K), [Metaspace: 44464K->44464K(1087488K)], 0.0532214 secs] [Times: user=0.24 sys=0.02, real=0.05 secs] 
2016-09-24T00:59:57.052-0400: 162.505: [GC (GCLocker Initiated GC) [PSYoungGen: 88064K->86210K(175104K)] 148033K->146179K(699392K), 0.0117951 secs] [Times: user=0.10 sys=0.00, real=0.02 secs] 
2016-09-24T00:59:57.198-0400: 162.651: [GC (GCLocker Initiated GC) [PSYoungGen: 174274K->30827K(175104K)] 240657K->140554K(699392K), 0.0175546 secs] [Times: user=0.14 sys=0.00, real=0.02 secs] 
2016-09-24T00:59:57.334-0400: 162.788: [GC (GCLocker Initiated GC) [PSYoungGen: 118891K->24720K(175104K)] 234821K->152864K(699392K), 0.0151033 secs] [Times: user=0.14 sys=0.00, real=0.01 secs] 
2016-09-24T00:59:57.477-0400: 162.931: [GC (GCLocker Initiated GC) [PSYoungGen: 112784K->49411K(175104K)] 241211K->196160K(699392K), 0.0099057 secs] [Times: user=0.08 sys=0.00, real=0.01 secs] 
2016-09-24T00:59:57.605-0400: 163.059: [GC (GCLocker Initiated GC) [PSYoungGen: 137475K->67569K(175104K)] 284394K->251564K(699392K), 0.0265962 secs] [Times: user=0.29 sys=0.00, real=0.02 secs] 
2016-09-24T00:59:57.719-0400: 163.173: [GC (GCLocker Initiated GC) [PSYoungGen: 155633K->79779K(175104K)] 339749K->312795K(699392K), 0.0122900 secs] [Times: user=0.15 sys=0.01, real=0.01 secs] 
2016-09-24T00:59:57.817-0400: 163.271: [GC (GCLocker Initiated GC) [PSYoungGen: 167843K->86214K(175104K)] 401220K->386576K(699392K), 0.0146401 secs] [Times: user=0.24 sys=0.00, real=0.01 secs] 
2016-09-24T00:59:57.933-0400: 163.386: [GC (GCLocker Initiated GC) [PSYoungGen: 174278K->74000K(175104K)] 474793K->429522K(699392K), 0.0128168 secs] [Times: user=0.21 sys=0.00, real=0.02 secs] 
2016-09-24T00:59:58.061-0400: 163.514: [GC (GCLocker Initiated GC) [PSYoungGen: 162064K->55447K(175104K)] 524000K->472686K(699392K), 0.0117785 secs] [Times: user=0.14 sys=0.00, real=0.01 secs] 
2016-09-24T00:59:58.174-0400: 163.627: [GC (GCLocker Initiated GC) [PSYoungGen: 143511K->79683K(175104K)] 560825K->551987K(699392K), 0.0176985 secs] [Times: user=0.23 sys=0.01, real=0.02 secs] 
2016-09-24T00:59:58.191-0400: 163.645: [Full GC (Ergonomics) [PSYoungGen: 79683K->0K(175104K)] [ParOldGen: 472304K->54013K(524288K)] 551987K->54013K(699392K), [Metaspace: 44475K->44475K(1087488K)], 0.0574547 secs] [Times: user=0.33 sys=0.00, real=0.06 secs] 
2016-09-24T00:59:58.339-0400: 163.793: [GC (GCLocker Initiated GC) [PSYoungGen: 88064K->86662K(175104K)] 148481K->153154K(699392K), 0.0155752 secs] [Times: user=0.22 sys=0.01, real=0.02 secs] 
2016-09-24T00:59:58.462-0400: 163.916: [GC (GCLocker Initiated GC) [PSYoungGen: 174726K->73672K(175104K)] 247502K->184030K(699392K), 0.0328143 secs] [Times: user=0.41 sys=0.00, real=0.03 secs] 
2016-09-24T00:59:58.630-0400: 164.083: [GC (GCLocker Initiated GC) [PSYoungGen: 161736K->55874K(175104K)] 284594K->197069K(699392K), 0.0069458 secs] [Times: user=0.07 sys=0.01, real=0.01 secs] 
2016-09-24T00:59:58.765-0400: 164.219: [GC (Allocation Failure) [PSYoungGen: 143938K->18872K(175104K)] 291379K->166713K(699392K), 0.0128168 secs] [Times: user=0.11 sys=0.02, real=0.01 secs] 
2016-09-24T00:59:58.897-0400: 164.350: [GC (GCLocker Initiated GC) [PSYoungGen: 106936K->67305K(175104K)] 254783K->233503K(699392K), 0.0187593 secs] [Times: user=0.19 sys=0.01, real=0.02 secs] 
2016-09-24T00:59:59.019-0400: 164.473: [GC (GCLocker Initiated GC) [PSYoungGen: 155369K->79915K(175104K)] 321631K->264530K(699392K), 0.0179942 secs] [Times: user=0.19 sys=0.00, real=0.02 secs] 
2016-09-24T00:59:59.129-0400: 164.582: [GC (Allocation Failure) [PSYoungGen: 167979K->67733K(175104K)] 352893K->259169K(699392K), 0.0226728 secs] [Times: user=0.23 sys=0.00, real=0.02 secs] 
2016-09-24T00:59:59.252-0400: 164.706: [GC (GCLocker Initiated GC) [PSYoungGen: 155712K->55383K(175104K)] 347405K->295967K(699392K), 0.0162170 secs] [Times: user=0.19 sys=0.00, real=0.02 secs] 
2016-09-24T00:59:59.401-0400: 164.854: [GC (Allocation Failure) [PSYoungGen: 143447K->37354K(175104K)] 396184K->326692K(699392K), 0.0099743 secs] [Times: user=0.14 sys=0.00, real=0.01 secs] 
2016-09-24T00:59:59.498-0400: 164.951: [GC (GCLocker Initiated GC) [PSYoungGen: 123678K->79779K(175104K)] 419091K->375476K(699392K), 0.0141239 secs] [Times: user=0.17 sys=0.01, real=0.01 secs] 
2016-09-24T00:59:59.629-0400: 165.082: [GC (GCLocker Initiated GC) [PSYoungGen: 167843K->85790K(175104K)] 463784K->412390K(699392K), 0.0118866 secs] [Times: user=0.12 sys=0.01, real=0.01 secs] 
2016-09-24T00:59:59.742-0400: 165.195: [GC (GCLocker Initiated GC) [PSYoungGen: 173854K->49308K(175104K)] 500490K->424844K(699392K), 0.0155241 secs] [Times: user=0.16 sys=0.00, real=0.02 secs] 
2016-09-24T00:59:59.877-0400: 165.331: [GC (Allocation Failure) [PSYoungGen: 137372K->67505K(175104K)] 513263K->461732K(699392K), 0.0280587 secs] [Times: user=0.28 sys=0.01, real=0.03 secs] 
2016-09-24T01:00:00.004-0400: 165.458: [GC (GCLocker Initiated GC) [PSYoungGen: 155569K->85594K(175104K)] 549802K->486538K(699392K), 0.0275092 secs] [Times: user=0.32 sys=0.00, real=0.02 secs] 
2016-09-24T01:00:00.132-0400: 165.586: [GC (GCLocker Initiated GC) [PSYoungGen: 173658K->73448K(175104K)] 574812K->486871K(699392K), 0.0096972 secs] [Times: user=0.08 sys=0.00, real=0.02 secs] 
2016-09-24T01:00:00.268-0400: 165.721: [GC (GCLocker Initiated GC) [PSYoungGen: 161512K->49148K(175104K)] 581086K->541882K(699392K), 0.0281676 secs] [Times: user=0.31 sys=0.00, real=0.03 secs] 
2016-09-24T01:00:00.296-0400: 165.750: [Full GC (Ergonomics) [PSYoungGen: 49148K->0K(175104K)] [ParOldGen: 492734K->60043K(524288K)] 541882K->60043K(699392K), [Metaspace: 44475K->44475K(1087488K)], 0.0541770 secs] [Times: user=0.29 sys=0.01, real=0.05 secs] 
2016-09-24T01:00:00.467-0400: 165.921: [GC (GCLocker Initiated GC) [PSYoungGen: 88064K->86242K(175104K)] 148366K->158695K(699392K), 0.0119011 secs] [Times: user=0.14 sys=0.00, real=0.01 secs] 
2016-09-24T01:00:00.610-0400: 166.063: [GC (GCLocker Initiated GC) [PSYoungGen: 174306K->19456K(175104K)] 265154K->165699K(699392K), 0.0137727 secs] [Times: user=0.15 sys=0.00, real=0.02 secs] 
2016-09-24T01:00:00.768-0400: 166.222: [GC (GCLocker Initiated GC) [PSYoungGen: 107520K->73476K(175104K)] 253962K->220216K(699392K), 0.0143783 secs] [Times: user=0.16 sys=0.00, real=0.02 secs] 
2016-09-24T01:00:00.909-0400: 166.363: [GC (GCLocker Initiated GC) [PSYoungGen: 161540K->61718K(175104K)] 320534K->239064K(699392K), 0.0105139 secs] [Times: user=0.11 sys=0.00, real=0.01 secs] 
2016-09-24T01:00:01.027-0400: 166.480: [GC (GCLocker Initiated GC) [PSYoungGen: 149782K->79879K(175104K)] 327427K->306604K(699392K), 0.0219722 secs] [Times: user=0.27 sys=0.00, real=0.02 secs] 
2016-09-24T01:00:01.141-0400: 166.595: [GC (GCLocker Initiated GC) [PSYoungGen: 167943K->73672K(175104K)] 394839K->337497K(699392K), 0.0243693 secs] [Times: user=0.30 sys=0.00, real=0.03 secs] 
2016-09-24T01:00:01.267-0400: 166.720: [GC (Allocation Failure) [PSYoungGen: 161736K->67829K(175104K)] 425793K->398831K(699392K), 0.0116767 secs] [Times: user=0.12 sys=0.01, real=0.01 secs] 
2016-09-24T01:00:01.376-0400: 166.829: [GC (GCLocker Initiated GC) [PSYoungGen: 155893K->49212K(175104K)] 486902K->423022K(699392K), 0.0087533 secs] [Times: user=0.08 sys=0.00, real=0.01 secs] 
2016-09-24T01:00:01.494-0400: 166.947: [GC (GCLocker Initiated GC) [PSYoungGen: 137276K->73904K(175104K)] 517410K->472554K(699392K), 0.0175579 secs] [Times: user=0.21 sys=0.00, real=0.02 secs] 
2016-09-24T01:00:01.642-0400: 167.095: [GC (GCLocker Initiated GC) [PSYoungGen: 161968K->67697K(175104K)] 560855K->503482K(699392K), 0.0218871 secs] [Times: user=0.21 sys=0.00, real=0.03 secs] 
2016-09-24T01:00:01.777-0400: 167.230: [GC (GCLocker Initiated GC) [PSYoungGen: 155761K->85758K(175104K)] 591722K->534161K(699392K), 0.0330201 secs] [Times: user=0.35 sys=0.01, real=0.03 secs] 
2016-09-24T01:00:01.810-0400: 167.263: [Full GC (Ergonomics) [PSYoungGen: 85758K->0K(175104K)] [ParOldGen: 448402K->53906K(524288K)] 534161K->53906K(699392K), [Metaspace: 44484K->44484K(1087488K)], 0.0645900 secs] [Times: user=0.43 sys=0.00, real=0.07 secs] 
2016-09-24T01:00:01.988-0400: 167.442: [GC (GCLocker Initiated GC) [PSYoungGen: 88064K->73932K(175104K)] 142331K->128199K(699392K), 0.0078413 secs] [Times: user=0.07 sys=0.00, real=0.01 secs] 
2016-09-24T01:00:02.109-0400: 167.562: [GC (GCLocker Initiated GC) [PSYoungGen: 161996K->55871K(175104K)] 222514K->153387K(699392K), 0.0118281 secs] [Times: user=0.11 sys=0.00, real=0.01 secs] 
2016-09-24T01:00:02.235-0400: 167.688: [GC (GCLocker Initiated GC) [PSYoungGen: 143935K->49148K(175104K)] 247635K->189566K(699392K), 0.0192178 secs] [Times: user=0.20 sys=0.00, real=0.01 secs] 
2016-09-24T01:00:02.358-0400: 167.812: [GC (GCLocker Initiated GC) [PSYoungGen: 137212K->49180K(175104K)] 277806K->208283K(699392K), 0.0097778 secs] [Times: user=0.09 sys=0.01, real=0.01 secs] 
2016-09-24T01:00:02.478-0400: 167.931: [GC (GCLocker Initiated GC) [PSYoungGen: 137244K->85990K(175104K)] 296686K->270023K(699392K), 0.0177037 secs] [Times: user=0.18 sys=0.00, real=0.02 secs] 
2016-09-24T01:00:02.638-0400: 168.091: [GC (Allocation Failure) [PSYoungGen: 174054K->55287K(175104K)] 370570K->270460K(699392K), 0.0083965 secs] [Times: user=0.07 sys=0.00, real=0.01 secs] 
2016-09-24T01:00:02.768-0400: 168.221: [GC (GCLocker Initiated GC) [PSYoungGen: 139764K->36834K(175104K)] 361012K->258177K(699392K), 0.0316975 secs] [Times: user=0.34 sys=0.00, real=0.03 secs] 
2016-09-24T01:00:02.893-0400: 168.347: [GC (GCLocker Initiated GC) [PSYoungGen: 124898K->74196K(175104K)] 352632K->302081K(699392K), 0.0078902 secs] [Times: user=0.10 sys=0.01, real=0.01 secs] 
2016-09-24T01:00:03.018-0400: 168.471: [GC (GCLocker Initiated GC) [PSYoungGen: 162260K->85822K(175104K)] 390260K->332675K(699392K), 0.0191349 secs] [Times: user=0.21 sys=0.01, real=0.02 secs] 
2016-09-24T01:00:03.141-0400: 168.594: [GC (GCLocker Initiated GC) [PSYoungGen: 173886K->61426K(175104K)] 420927K->357187K(699392K), 0.0298080 secs] [Times: user=0.34 sys=0.00, real=0.03 secs] 
2016-09-24T01:00:03.284-0400: 168.737: [GC (Allocation Failure) [PSYoungGen: 149490K->67569K(175104K)] 445443K->418473K(699392K), 0.0219496 secs] [Times: user=0.27 sys=0.00, real=0.02 secs] 
2016-09-24T01:00:03.443-0400: 168.897: [GC (GCLocker Initiated GC) [PSYoungGen: 155633K->55219K(175104K)] 506537K->430855K(699392K), 0.0100330 secs] [Times: user=0.14 sys=0.00, real=0.00 secs] 
2016-09-24T01:00:03.540-0400: 168.993: [GC (GCLocker Initiated GC) [PSYoungGen: 143283K->85758K(175104K)] 518983K->491984K(699392K), 0.0111685 secs] [Times: user=0.14 sys=0.00, real=0.01 secs] 
2016-09-24T01:00:03.670-0400: 169.123: [GC (GCLocker Initiated GC) [PSYoungGen: 173822K->55583K(175104K)] 580270K->504832K(699392K), 0.0326415 secs] [Times: user=0.33 sys=0.01, real=0.04 secs] 
2016-09-24T01:00:03.827-0400: 169.280: [GC (GCLocker Initiated GC) [PSYoungGen: 143647K->79359K(175104K)] 592926K->547302K(699392K), 0.0131211 secs] [Times: user=0.14 sys=0.00, real=0.01 secs] 
2016-09-24T01:00:03.840-0400: 169.294: [Full GC (Ergonomics) [PSYoungGen: 79359K->0K(175104K)] [ParOldGen: 467943K->54014K(524288K)] 547302K->54014K(699392K), [Metaspace: 44489K->44489K(1087488K)], 0.0528528 secs] [Times: user=0.28 sys=0.01, real=0.05 secs] 
2016-09-24T01:00:03.988-0400: 169.441: [GC (GCLocker Initiated GC) [PSYoungGen: 88064K->86498K(175104K)] 142305K->171114K(699392K), 0.0224733 secs] [Times: user=0.28 sys=0.01, real=0.02 secs] 
2016-09-24T01:00:04.107-0400: 169.561: [GC (GCLocker Initiated GC) [PSYoungGen: 174562K->85726K(175104K)] 259237K->262510K(699392K), 0.0132976 secs] [Times: user=0.14 sys=0.00, real=0.01 secs] 
2016-09-24T01:00:04.232-0400: 169.685: [GC (GCLocker Initiated GC) [PSYoungGen: 173790K->55643K(175104K)] 356752K->305566K(699392K), 0.0180401 secs] [Times: user=0.22 sys=0.00, real=0.02 secs] 
2016-09-24T01:00:04.348-0400: 169.802: [GC (GCLocker Initiated GC) [PSYoungGen: 143707K->79911K(175104K)] 393997K->342642K(699392K), 0.0154421 secs] [Times: user=0.20 sys=0.00, real=0.02 secs] 
2016-09-24T01:00:04.479-0400: 169.932: [GC (GCLocker Initiated GC) [PSYoungGen: 167975K->61394K(175104K)] 430894K->361006K(699392K), 0.0152232 secs] [Times: user=0.16 sys=0.00, real=0.01 secs] 
2016-09-24T01:00:04.613-0400: 170.066: [GC (GCLocker Initiated GC) [PSYoungGen: 149456K->85726K(175104K)] 449430K->422269K(699392K), 0.0196763 secs] [Times: user=0.22 sys=0.00, real=0.02 secs] 
2016-09-24T01:00:04.745-0400: 170.198: [GC (GCLocker Initiated GC) [PSYoungGen: 173790K->73608K(175104K)] 516582K->422766K(699392K), 0.0129932 secs] [Times: user=0.17 sys=0.00, real=0.01 secs] 
2016-09-24T01:00:04.873-0400: 170.327: [GC (GCLocker Initiated GC) [PSYoungGen: 161672K->49116K(175104K)] 510866K->435011K(699392K), 0.0184513 secs] [Times: user=0.18 sys=0.00, real=0.02 secs] 
2016-09-24T01:00:05.005-0400: 170.459: [GC (Allocation Failure) [PSYoungGen: 137180K->74000K(175104K)] 529292K->484473K(699392K), 0.0099907 secs] [Times: user=0.13 sys=0.01, real=0.01 secs] 
2016-09-24T01:00:05.125-0400: 170.579: [GC (GCLocker Initiated GC) [PSYoungGen: 156917K->55351K(175104K)] 573466K->490719K(699392K), 0.0098257 secs] [Times: user=0.10 sys=0.01, real=0.01 secs] 
2016-09-24T01:00:05.257-0400: 170.711: [GC (GCLocker Initiated GC) [PSYoungGen: 143415K->49312K(175104K)] 591188K->515421K(699392K), 0.0116786 secs] [Times: user=0.12 sys=0.00, real=0.01 secs] 
2016-09-24T01:00:05.269-0400: 170.723: [Full GC (Ergonomics) [PSYoungGen: 49312K->0K(175104K)] [ParOldGen: 466109K->52648K(524288K)] 515421K->52648K(699392K), [Metaspace: 44489K->44489K(1087488K)], 0.0937309 secs] [Times: user=0.98 sys=0.02, real=0.10 secs] 
2016-09-24T01:00:05.498-0400: 170.952: [GC (Allocation Failure) [PSYoungGen: 88064K->74452K(175104K)] 159185K->145573K(699392K), 0.0099498 secs] [Times: user=0.12 sys=0.00, real=0.01 secs] 
2016-09-24T01:00:05.635-0400: 171.089: [GC (GCLocker Initiated GC) [PSYoungGen: 162382K->61490K(175104K)] 239579K->194081K(699392K), 0.0151976 secs] [Times: user=0.16 sys=0.00, real=0.01 secs] 
2016-09-24T01:00:05.799-0400: 171.253: [GC (GCLocker Initiated GC) [PSYoungGen: 149554K->61266K(175104K)] 282203K->200102K(699392K), 0.0105258 secs] [Times: user=0.08 sys=0.00, real=0.01 secs] 
2016-09-24T01:00:05.902-0400: 171.355: [GC (GCLocker Initiated GC) [PSYoungGen: 149330K->55579K(175104K)] 294355K->249520K(699392K), 0.0158820 secs] [Times: user=0.17 sys=0.00, real=0.02 secs] 
2016-09-24T01:00:06.045-0400: 171.498: [GC (GCLocker Initiated GC) [PSYoungGen: 143643K->61394K(175104K)] 350062K->317024K(699392K), 0.0302110 secs] [Times: user=0.32 sys=0.00, real=0.03 secs] 
2016-09-24T01:00:06.173-0400: 171.626: [GC (Allocation Failure) [PSYoungGen: 149458K->79619K(175104K)] 405180K->335453K(699392K), 0.0086677 secs] [Times: user=0.08 sys=0.01, real=0.01 secs] 
2016-09-24T01:00:06.286-0400: 171.739: [GC (GCLocker Initiated GC) [PSYoungGen: 167683K->73872K(175104K)] 429592K->378909K(699392K), 0.0118686 secs] [Times: user=0.11 sys=0.00, real=0.01 secs] 
2016-09-24T01:00:06.414-0400: 171.867: [GC (GCLocker Initiated GC) [PSYoungGen: 161936K->67537K(175104K)] 473292K->379145K(699392K), 0.0095554 secs] [Times: user=0.06 sys=0.00, real=0.02 secs] 
2016-09-24T01:00:06.551-0400: 172.005: [GC (Allocation Failure) [PSYoungGen: 155601K->55223K(175104K)] 473634K->391756K(699392K), 0.0259793 secs] [Times: user=0.28 sys=0.00, real=0.03 secs] 
2016-09-24T01:00:06.687-0400: 172.141: [GC (GCLocker Initiated GC) [PSYoungGen: 143287K->30695K(175104K)] 479822K->391602K(699392K), 0.0298270 secs] [Times: user=0.26 sys=0.00, real=0.03 secs] 
2016-09-24T01:00:06.826-0400: 172.279: [GC (GCLocker Initiated GC) [PSYoungGen: 118759K->49575K(175104K)] 479864K->429017K(699392K), 0.0182286 secs] [Times: user=0.17 sys=0.00, real=0.02 secs] 
2016-09-24T01:00:06.965-0400: 172.419: [GC (Allocation Failure) [PSYoungGen: 137639K->43105K(175104K)] 517151K->459981K(699392K), 0.0372788 secs] [Times: user=0.41 sys=0.00, real=0.04 secs] 
2016-09-24T01:00:07.113-0400: 172.566: [GC (GCLocker Initiated GC) [PSYoungGen: 129525K->43137K(175104K)] 552477K->514808K(699392K), 0.0152447 secs] [Times: user=0.17 sys=0.01, real=0.02 secs] 
2016-09-24T01:00:07.128-0400: 172.581: [Full GC (Ergonomics) [PSYoungGen: 43137K->0K(175104K)] [ParOldGen: 471671K->46601K(524288K)] 514808K->46601K(699392K), [Metaspace: 44508K->44508K(1087488K)], 0.0517970 secs] [Times: user=0.27 sys=0.00, real=0.05 secs] 
2016-09-24T01:00:07.274-0400: 172.727: [GC (GCLocker Initiated GC) [PSYoungGen: 88064K->86046K(175104K)] 134836K->138893K(699392K), 0.0185935 secs] [Times: user=0.23 sys=0.01, real=0.02 secs] 
2016-09-24T01:00:07.407-0400: 172.861: [GC (GCLocker Initiated GC) [PSYoungGen: 174110K->86282K(175104K)] 227240K->176571K(699392K), 0.0142024 secs] [Times: user=0.18 sys=0.01, real=0.01 secs] 
2016-09-24T01:00:07.518-0400: 172.972: [GC (GCLocker Initiated GC) [PSYoungGen: 174346K->73640K(175104K)] 264732K->200964K(699392K), 0.0177577 secs] [Times: user=0.25 sys=0.00, real=0.02 secs] 
2016-09-24T01:00:07.669-0400: 173.122: [GC (GCLocker Initiated GC) [PSYoungGen: 161704K->43201K(175104K)] 289231K->201175K(699392K), 0.0143532 secs] [Times: user=0.11 sys=0.01, real=0.02 secs] 
2016-09-24T01:00:07.808-0400: 173.262: [GC (GCLocker Initiated GC) [PSYoungGen: 131265K->79391K(175104K)] 295367K->243605K(699392K), 0.0081865 secs] [Times: user=0.06 sys=0.00, real=0.01 secs] 
2016-09-24T01:00:07.915-0400: 173.369: [GC (GCLocker Initiated GC) [PSYoungGen: 167455K->37162K(175104K)] 331828K->262388K(699392K), 0.0469905 secs] [Times: user=0.48 sys=0.01, real=0.05 secs] 
2016-09-24T01:00:08.096-0400: 173.550: [GC (GCLocker Initiated GC) [PSYoungGen: 125226K->49568K(175104K)] 362650K->354109K(699392K), 0.0216188 secs] [Times: user=0.22 sys=0.00, real=0.02 secs] 
2016-09-24T01:00:08.237-0400: 173.691: [GC (GCLocker Initiated GC) [PSYoungGen: 137632K->55415K(175104K)] 454444K->433292K(699392K), 0.0173608 secs] [Times: user=0.17 sys=0.01, real=0.02 secs] 
2016-09-24T01:00:08.358-0400: 173.812: [GC (GCLocker Initiated GC) [PSYoungGen: 143479K->61166K(175104K)] 521510K->487909K(699392K), 0.0135944 secs] [Times: user=0.12 sys=0.00, real=0.01 secs] 
2016-09-24T01:00:08.497-0400: 173.951: [GC (Allocation Failure) [PSYoungGen: 149230K->25207K(175104K)] 582233K->494765K(699392K), 0.0116346 secs] [Times: user=0.12 sys=0.00, real=0.01 secs] 
2016-09-24T01:00:08.509-0400: 173.962: [Full GC (Ergonomics) [PSYoungGen: 25207K->0K(175104K)] [ParOldGen: 469557K->41029K(524288K)] 494765K->41029K(699392K), [Metaspace: 44508K->44508K(1087488K)], 0.0530205 secs] [Times: user=0.26 sys=0.01, real=0.05 secs] 
2016-09-24T01:00:08.663-0400: 174.116: [GC (GCLocker Initiated GC) [PSYoungGen: 85137K->85594K(175104K)] 132242K->138773K(699392K), 0.0145196 secs] [Times: user=0.17 sys=0.00, real=0.01 secs] 
2016-09-24T01:00:08.809-0400: 174.262: [GC (GCLocker Initiated GC) [PSYoungGen: 173658K->37322K(175104K)] 245548K->164046K(699392K), 0.0166280 secs] [Times: user=0.17 sys=0.00, real=0.02 secs] 
2016-09-24T01:00:08.938-0400: 174.391: [GC (GCLocker Initiated GC) [PSYoungGen: 125386K->55351K(175104K)] 258334K->188762K(699392K), 0.0299736 secs] [Times: user=0.34 sys=0.00, real=0.03 secs] 
2016-09-24T01:00:09.099-0400: 174.553: [GC (GCLocker Initiated GC) [PSYoungGen: 143415K->85922K(175104K)] 277007K->238023K(699392K), 0.0216759 secs] [Times: user=0.25 sys=0.00, real=0.02 secs] 
2016-09-24T01:00:09.236-0400: 174.689: [GC (GCLocker Initiated GC) [PSYoungGen: 173986K->61134K(175104K)] 332260K->243960K(699392K), 0.0330017 secs] [Times: user=0.34 sys=0.00, real=0.03 secs] 
2016-09-24T01:00:09.393-0400: 174.846: [GC (GCLocker Initiated GC) [PSYoungGen: 149198K->43429K(175104K)] 338303K->269120K(699392K), 0.0253810 secs] [Times: user=0.32 sys=0.00, real=0.03 secs] 
2016-09-24T01:00:09.522-0400: 174.976: [GC (GCLocker Initiated GC) [PSYoungGen: 131493K->43133K(175104K)] 357259K->305804K(699392K), 0.0087489 secs] [Times: user=0.09 sys=0.00, real=0.00 secs] 
2016-09-24T01:00:09.634-0400: 175.088: [GC (GCLocker Initiated GC) [PSYoungGen: 131197K->85954K(175104K)] 394005K->367099K(699392K), 0.0231391 secs] [Times: user=0.29 sys=0.00, real=0.02 secs] 
2016-09-24T01:00:09.760-0400: 175.213: [GC (GCLocker Initiated GC) [PSYoungGen: 174018K->85890K(175104K)] 455317K->416424K(699392K), 0.0191542 secs] [Times: user=0.22 sys=0.00, real=0.02 secs] 
2016-09-24T01:00:09.903-0400: 175.356: [GC (GCLocker Initiated GC) [PSYoungGen: 173954K->67761K(175104K)] 504619K->453401K(699392K), 0.0164873 secs] [Times: user=0.21 sys=0.01, real=0.01 secs] 
2016-09-24T01:00:10.017-0400: 175.471: [GC (GCLocker Initiated GC) [PSYoungGen: 155825K->30923K(175104K)] 547581K->459405K(699392K), 0.0081837 secs] [Times: user=0.08 sys=0.00, real=0.01 secs] 
2016-09-24T01:00:10.127-0400: 175.581: [GC (GCLocker Initiated GC) [PSYoungGen: 118987K->85758K(175104K)] 547644K->514715K(699392K), 0.0084231 secs] [Times: user=0.09 sys=0.00, real=0.01 secs] 
2016-09-24T01:00:10.270-0400: 175.723: [GC (GCLocker Initiated GC) [PSYoungGen: 173822K->61590K(175104K)] 602826K->533402K(699392K), 0.0109558 secs] [Times: user=0.10 sys=0.00, real=0.01 secs] 
2016-09-24T01:00:10.281-0400: 175.734: [Full GC (Ergonomics) [PSYoungGen: 61590K->0K(175104K)] [ParOldGen: 471812K->53083K(524288K)] 533402K->53083K(699392K), [Metaspace: 44508K->44508K(1087488K)], 0.0632228 secs] [Times: user=0.36 sys=0.01, real=0.07 secs] 
2016-09-24T01:00:10.438-0400: 175.891: [GC (GCLocker Initiated GC) [PSYoungGen: 88064K->85658K(175104K)] 141178K->150922K(699392K), 0.0136472 secs] [Times: user=0.13 sys=0.02, real=0.01 secs] 
2016-09-24T01:00:10.551-0400: 176.004: [GC (GCLocker Initiated GC) [PSYoungGen: 173722K->56262K(175104K)] 245389K->219207K(699392K), 0.0164056 secs] [Times: user=0.20 sys=0.01, real=0.02 secs] 
2016-09-24T01:00:10.688-0400: 176.142: [GC (GCLocker Initiated GC) [PSYoungGen: 144326K->55159K(175104K)] 313505K->243382K(699392K), 0.0096558 secs] [Times: user=0.07 sys=0.00, real=0.01 secs] 
2016-09-24T01:00:10.842-0400: 176.295: [GC (GCLocker Initiated GC) [PSYoungGen: 143223K->85726K(175104K)] 331600K->316748K(699392K), 0.0215505 secs] [Times: user=0.21 sys=0.00, real=0.03 secs] 
2016-09-24T01:00:10.979-0400: 176.433: [GC (GCLocker Initiated GC) [PSYoungGen: 173790K->79523K(175104K)] 404975K->310983K(699392K), 0.0175575 secs] [Times: user=0.17 sys=0.00, real=0.02 secs] 
2016-09-24T01:00:11.094-0400: 176.547: [GC (GCLocker Initiated GC) [PSYoungGen: 167587K->79719K(175104K)] 399408K->336108K(699392K), 0.0205823 secs] [Times: user=0.19 sys=0.00, real=0.03 secs] 
2016-09-24T01:00:11.228-0400: 176.682: [GC (GCLocker Initiated GC) [PSYoungGen: 167783K->73544K(175104K)] 424478K->366825K(699392K), 0.0128051 secs] [Times: user=0.12 sys=0.00, real=0.01 secs] 
2016-09-24T01:00:11.371-0400: 176.824: [GC (Allocation Failure) [PSYoungGen: 161608K->19000K(175104K)] 473452K->330917K(699392K), 0.0160460 secs] [Times: user=0.15 sys=0.00, real=0.02 secs] 
2016-09-24T01:00:11.506-0400: 176.959: [GC (GCLocker Initiated GC) [PSYoungGen: 104515K->37030K(175104K)] 422506K->355288K(699392K), 0.0191575 secs] [Times: user=0.18 sys=0.00, real=0.02 secs] 
2016-09-24T01:00:11.661-0400: 177.114: [GC (GCLocker Initiated GC) [PSYoungGen: 125094K->37162K(175104K)] 455683K->386236K(699392K), 0.0159535 secs] [Times: user=0.13 sys=0.00, real=0.02 secs] 
2016-09-24T01:00:11.806-0400: 177.259: [GC (GCLocker Initiated GC) [PSYoungGen: 125226K->73480K(175104K)] 474655K->423340K(699392K), 0.0254341 secs] [Times: user=0.25 sys=0.00, real=0.02 secs] 
2016-09-24T01:00:11.950-0400: 177.403: [GC (GCLocker Initiated GC) [PSYoungGen: 161544K->43429K(175104K)] 511700K->430178K(699392K), 0.0225947 secs] [Times: user=0.24 sys=0.00, real=0.02 secs] 
2016-09-24T01:00:12.059-0400: 177.512: [GC (GCLocker Initiated GC) [PSYoungGen: 131493K->85858K(175104K)] 518385K->515566K(699392K), 0.0359391 secs] [Times: user=0.44 sys=0.00, real=0.04 secs] 
2016-09-24T01:00:12.208-0400: 177.661: [GC (GCLocker Initiated GC) [PSYoungGen: 173922K->49344K(175104K)] 615974K->540263K(699392K), 0.0104159 secs] [Times: user=0.11 sys=0.00, real=0.01 secs] 
2016-09-24T01:00:12.218-0400: 177.672: [Full GC (Ergonomics) [PSYoungGen: 49344K->0K(175104K)] [ParOldGen: 490919K->53128K(524288K)] 540263K->53128K(699392K), [Metaspace: 44509K->44509K(1087488K)], 0.0569491 secs] [Times: user=0.40 sys=0.02, real=0.06 secs] 
2016-09-24T01:00:12.381-0400: 177.834: [GC (GCLocker Initiated GC) [PSYoungGen: 88064K->86274K(175104K)] 141245K->163755K(699392K), 0.0111789 secs] [Times: user=0.17 sys=0.00, real=0.01 secs] 
2016-09-24T01:00:12.488-0400: 177.941: [GC (Allocation Failure) [PSYoungGen: 174338K->79911K(175104K)] 251872K->243083K(699392K), 0.0154379 secs] [Times: user=0.22 sys=0.00, real=0.02 secs] 
2016-09-24T01:00:12.620-0400: 178.073: [GC (GCLocker Initiated GC) [PSYoungGen: 167975K->85986K(175104K)] 331147K->292163K(699392K), 0.0107483 secs] [Times: user=0.16 sys=0.00, real=0.01 secs] 
2016-09-24T01:00:12.724-0400: 178.177: [GC (GCLocker Initiated GC) [PSYoungGen: 174050K->85790K(175104K)] 380286K->347033K(699392K), 0.0107281 secs] [Times: user=0.14 sys=0.00, real=0.01 secs] 
2016-09-24T01:00:12.855-0400: 178.309: [GC (GCLocker Initiated GC) [PSYoungGen: 173854K->55611K(175104K)] 435207K->414292K(699392K), 0.0119262 secs] [Times: user=0.16 sys=0.00, real=0.01 secs] 
2016-09-24T01:00:12.964-0400: 178.418: [GC (GCLocker Initiated GC) [PSYoungGen: 143675K->67665K(175104K)] 502639K->481619K(699392K), 0.0123387 secs] [Times: user=0.14 sys=0.00, real=0.01 secs] 
2016-09-24T01:00:13.078-0400: 178.531: [Full GC (Ergonomics) [PSYoungGen: 155729K->0K(175104K)] [ParOldGen: 420267K->53305K(524288K)] 575996K->53305K(699392K), [Metaspace: 44509K->44509K(1087488K)], 0.0459070 secs] [Times: user=0.19 sys=0.00, real=0.05 secs] 
2016-09-24T01:00:13.236-0400: 178.689: [GC (GCLocker Initiated GC) [PSYoungGen: 88064K->86274K(175104K)] 141641K->182377K(699392K), 0.0125229 secs] [Times: user=0.18 sys=0.00, real=0.01 secs] 
2016-09-24T01:00:13.379-0400: 178.832: [GC (Allocation Failure) [PSYoungGen: 174338K->43201K(175104K)] 270796K->188970K(699392K), 0.0427886 secs] [Times: user=0.56 sys=0.01, real=0.04 secs] 
2016-09-24T01:00:13.517-0400: 178.970: [GC (GCLocker Initiated GC) [PSYoungGen: 131265K->73704K(175104K)] 277041K->256074K(699392K), 0.0112291 secs] [Times: user=0.16 sys=0.00, real=0.01 secs] 
2016-09-24T01:00:13.646-0400: 179.099: [GC (GCLocker Initiated GC) [PSYoungGen: 161768K->85954K(175104K)] 344207K->286762K(699392K), 0.0177813 secs] [Times: user=0.21 sys=0.00, real=0.02 secs] 
2016-09-24T01:00:13.745-0400: 179.199: [GC (GCLocker Initiated GC) [PSYoungGen: 174018K->79943K(175104K)] 375187K->342161K(699392K), 0.0126849 secs] [Times: user=0.14 sys=0.00, real=0.01 secs] 
2016-09-24T01:00:13.879-0400: 179.333: [GC (GCLocker Initiated GC) [PSYoungGen: 168007K->43464K(175104K)] 436314K->354392K(699392K), 0.0334481 secs] [Times: user=0.36 sys=0.01, real=0.03 secs] 
2016-09-24T01:00:14.019-0400: 179.473: [GC (GCLocker Initiated GC) [PSYoungGen: 131528K->55255K(175104K)] 449160K->385312K(699392K), 0.0304226 secs] [Times: user=0.35 sys=0.00, real=0.03 secs] 
2016-09-24T01:00:14.161-0400: 179.615: [GC (Allocation Failure) [PSYoungGen: 143319K->85694K(175104K)] 473406K->428214K(699392K), 0.0144749 secs] [Times: user=0.15 sys=0.01, real=0.02 secs] 
2016-09-24T01:00:14.287-0400: 179.741: [GC (GCLocker Initiated GC) [PSYoungGen: 173758K->49244K(175104K)] 516284K->440630K(699392K), 0.0193331 secs] [Times: user=0.22 sys=0.00, real=0.02 secs] 
2016-09-24T01:00:14.433-0400: 179.887: [GC (GCLocker Initiated GC) [PSYoungGen: 137308K->43333K(175104K)] 534771K->459256K(699392K), 0.0146726 secs] [Times: user=0.15 sys=0.00, real=0.02 secs] 
2016-09-24T01:00:14.562-0400: 180.015: [GC (GCLocker Initiated GC) [PSYoungGen: 131397K->37030K(175104K)] 547378K->453295K(699392K), 0.0160521 secs] [Times: user=0.18 sys=0.00, real=0.02 secs] 
2016-09-24T01:00:14.690-0400: 180.143: [GC (GCLocker Initiated GC) [PSYoungGen: 125094K->61298K(175104K)] 547498K->496111K(699392K), 0.0373186 secs] [Times: user=0.39 sys=0.00, real=0.04 secs] 
2016-09-24T01:00:14.828-0400: 180.281: [GC (GCLocker Initiated GC) [PSYoungGen: 149362K->85790K(175104K)] 584418K->557760K(699392K), 0.0217425 secs] [Times: user=0.26 sys=0.00, real=0.02 secs] 
2016-09-24T01:00:14.849-0400: 180.303: [Full GC (Ergonomics) [PSYoungGen: 85790K->0K(175104K)] [ParOldGen: 471970K->59463K(524288K)] 557760K->59463K(699392K), [Metaspace: 44509K->44509K(1087488K)], 0.0576434 secs] [Times: user=0.31 sys=0.01, real=0.06 secs] 
2016-09-24T01:00:15.026-0400: 180.480: [GC (GCLocker Initiated GC) [PSYoungGen: 88064K->86242K(175104K)] 159864K->164117K(699392K), 0.0132248 secs] [Times: user=0.17 sys=0.00, real=0.01 secs] 
2016-09-24T01:00:15.157-0400: 180.611: [GC (Allocation Failure) [PSYoungGen: 174306K->61522K(175104K)] 252475K->195266K(699392K), 0.0300308 secs] [Times: user=0.41 sys=0.00, real=0.03 secs] 
2016-09-24T01:00:15.285-0400: 180.739: [GC (GCLocker Initiated GC) [PSYoungGen: 144129K->55447K(175104K)] 283948K->250060K(699392K), 0.0307175 secs] [Times: user=0.43 sys=0.00, real=0.03 secs] 
2016-09-24T01:00:15.436-0400: 180.890: [GC (GCLocker Initiated GC) [PSYoungGen: 143511K->61494K(175104K)] 344286K->274515K(699392K), 0.0155131 secs] [Times: user=0.15 sys=0.00, real=0.01 secs] 
2016-09-24T01:00:15.558-0400: 181.011: [GC (Allocation Failure) [PSYoungGen: 149558K->54963K(175104K)] 362704K->274600K(699392K), 0.0202232 secs] [Times: user=0.19 sys=0.00, real=0.02 secs] 
2016-09-24T01:00:15.689-0400: 181.142: [GC (GCLocker Initiated GC) [PSYoungGen: 137861K->55483K(175104K)] 363574K->293464K(699392K), 0.0212146 secs] [Times: user=0.22 sys=0.01, real=0.02 secs] 
2016-09-24T01:00:15.843-0400: 181.296: [GC (GCLocker Initiated GC) [PSYoungGen: 143547K->85726K(175104K)] 381833K->348760K(699392K), 0.0142272 secs] [Times: user=0.14 sys=0.00, real=0.01 secs] 
2016-09-24T01:00:15.981-0400: 181.435: [GC (GCLocker Initiated GC) [PSYoungGen: 173790K->30990K(175104K)] 436872K->330610K(699392K), 0.0257424 secs] [Times: user=0.24 sys=0.00, real=0.03 secs] 
2016-09-24T01:00:16.096-0400: 181.549: [GC (Allocation Failure) [PSYoungGen: 119054K->73448K(175104K)] 418704K->415882K(699392K), 0.0213626 secs] [Times: user=0.21 sys=0.00, real=0.02 secs] 
2016-09-24T01:00:16.244-0400: 181.697: [GC (GCLocker Initiated GC) [PSYoungGen: 156585K->30823K(175104K)] 505095K->434299K(699392K), 0.0176896 secs] [Times: user=0.18 sys=0.01, real=0.01 secs] 
2016-09-24T01:00:16.392-0400: 181.845: [GC (GCLocker Initiated GC) [PSYoungGen: 118887K->36934K(175104K)] 528793K->446904K(699392K), 0.0115122 secs] [Times: user=0.10 sys=0.00, real=0.02 secs] 
2016-09-24T01:00:16.494-0400: 181.947: [GC (GCLocker Initiated GC) [PSYoungGen: 124998K->73544K(175104K)] 535021K->502075K(699392K), 0.0144019 secs] [Times: user=0.15 sys=0.00, real=0.02 secs] 
2016-09-24T01:00:16.628-0400: 182.081: [GC (GCLocker Initiated GC) [PSYoungGen: 161608K->67896K(175104K)] 596570K->502946K(699392K), 0.0268261 secs] [Times: user=0.30 sys=0.00, real=0.03 secs] 
2016-09-24T01:00:16.767-0400: 182.220: [GC (GCLocker Initiated GC) [PSYoungGen: 155960K->54995K(175104K)] 591124K->514897K(699392K), 0.0353035 secs] [Times: user=0.35 sys=0.01, real=0.04 secs] 
2016-09-24T01:00:16.802-0400: 182.256: [Full GC (Ergonomics) [PSYoungGen: 54995K->0K(175104K)] [ParOldGen: 459902K->53429K(524288K)] 514897K->53429K(699392K), [Metaspace: 44514K->44514K(1087488K)], 0.0563995 secs] [Times: user=0.31 sys=0.00, real=0.05 secs] 
2016-09-24T01:00:16.968-0400: 182.422: [GC (GCLocker Initiated GC) [PSYoungGen: 88064K->68149K(175104K)] 141520K->121605K(699392K), 0.0094315 secs] [Times: user=0.07 sys=0.00, real=0.01 secs] 
2016-09-24T01:00:17.098-0400: 182.551: [GC (Allocation Failure) [PSYoungGen: 156213K->55351K(175104K)] 209940K->152578K(699392K), 0.0147195 secs] [Times: user=0.17 sys=0.00, real=0.01 secs] 
2016-09-24T01:00:17.244-0400: 182.698: [GC (GCLocker Initiated GC) [PSYoungGen: 138366K->55319K(175104K)] 241668K->176950K(699392K), 0.0217632 secs] [Times: user=0.25 sys=0.00, real=0.02 secs] 
2016-09-24T01:00:17.402-0400: 182.855: [GC (GCLocker Initiated GC) [PSYoungGen: 143383K->85530K(175104K)] 271131K->231599K(699392K), 0.0263284 secs] [Times: user=0.33 sys=0.00, real=0.03 secs] 
2016-09-24T01:00:17.544-0400: 182.997: [GC (GCLocker Initiated GC) [PSYoungGen: 173594K->79943K(175104K)] 320012K->287279K(699392K), 0.0117455 secs] [Times: user=0.19 sys=0.00, real=0.01 secs] 
2016-09-24T01:00:17.669-0400: 183.122: [GC (GCLocker Initiated GC) [PSYoungGen: 168007K->73804K(175104K)] 381610K->336291K(699392K), 0.0111049 secs] [Times: user=0.15 sys=0.00, real=0.01 secs] 
2016-09-24T01:00:17.815-0400: 183.268: [GC (GCLocker Initiated GC) [PSYoungGen: 161868K->67601K(175104K)] 424425K->348674K(699392K), 0.0107631 secs] [Times: user=0.15 sys=0.00, real=0.01 secs] 
2016-09-24T01:00:17.927-0400: 183.381: [GC (Allocation Failure) [PSYoungGen: 155665K->79715K(175104K)] 443134K->397867K(699392K), 0.0107111 secs] [Times: user=0.16 sys=0.00, real=0.01 secs] 
2016-09-24T01:00:18.038-0400: 183.492: [GC (GCLocker Initiated GC) [PSYoungGen: 167779K->67501K(175104K)] 485937K->440477K(699392K), 0.0108707 secs] [Times: user=0.15 sys=0.00, real=0.01 secs] 
2016-09-24T01:00:18.191-0400: 183.645: [GC (GCLocker Initiated GC) [PSYoungGen: 155565K->55711K(175104K)] 528902K->447409K(699392K), 0.0162056 secs] [Times: user=0.21 sys=0.00, real=0.02 secs] 
2016-09-24T01:00:18.337-0400: 183.791: [GC (Allocation Failure) [PSYoungGen: 143775K->37062K(175104K)] 541819K->471832K(699392K), 0.0075408 secs] [Times: user=0.09 sys=0.00, real=0.01 secs] 
2016-09-24T01:00:18.452-0400: 183.906: [GC (GCLocker Initiated GC) [PSYoungGen: 125126K->85662K(175104K)] 559896K->520536K(699392K), 0.0193267 secs] [Times: user=0.19 sys=0.00, real=0.02 secs] 
2016-09-24T01:00:18.615-0400: 184.068: [GC (GCLocker Initiated GC) [PSYoungGen: 173726K->31118K(175104K)] 621016K->533163K(699392K), 0.0305695 secs] [Times: user=0.27 sys=0.00, real=0.03 secs] 
2016-09-24T01:00:18.646-0400: 184.099: [Full GC (Ergonomics) [PSYoungGen: 31118K->0K(175104K)] [ParOldGen: 502044K->59357K(524288K)] 533163K->59357K(699392K), [Metaspace: 44519K->44519K(1087488K)], 0.0582538 secs] [Times: user=0.27 sys=0.00, real=0.06 secs] 
2016-09-24T01:00:18.835-0400: 184.289: [GC (GCLocker Initiated GC) [PSYoungGen: 88064K->86046K(175104K)] 153857K->151839K(699392K), 0.0127241 secs] [Times: user=0.15 sys=0.00, real=0.01 secs] 
2016-09-24T01:00:18.953-0400: 184.406: [GC (GCLocker Initiated GC) [PSYoungGen: 174110K->86118K(175104K)] 240264K->201591K(699392K), 0.0214084 secs] [Times: user=0.25 sys=0.00, real=0.02 secs] 
2016-09-24T01:00:19.065-0400: 184.519: [GC (GCLocker Initiated GC) [PSYoungGen: 174182K->67341K(175104K)] 289786K->219983K(699392K), 0.0282882 secs] [Times: user=0.30 sys=0.00, real=0.02 secs] 
2016-09-24T01:00:19.208-0400: 184.661: [GC (GCLocker Initiated GC) [PSYoungGen: 155405K->49635K(175104K)] 320418K->232969K(699392K), 0.0157713 secs] [Times: user=0.17 sys=0.00, real=0.02 secs] 
2016-09-24T01:00:19.315-0400: 184.769: [GC (GCLocker Initiated GC) [PSYoungGen: 137699K->79423K(175104K)] 327380K->300246K(699392K), 0.0172143 secs] [Times: user=0.16 sys=0.00, real=0.01 secs] 
2016-09-24T01:00:19.426-0400: 184.879: [GC (GCLocker Initiated GC) [PSYoungGen: 167487K->49603K(175104K)] 388604K->331566K(699392K), 0.0167428 secs] [Times: user=0.17 sys=0.00, real=0.02 secs] 
2016-09-24T01:00:19.548-0400: 185.001: [GC (GCLocker Initiated GC) [PSYoungGen: 137667K->18837K(175104K)] 425721K->362325K(699392K), 0.0157304 secs] [Times: user=0.15 sys=0.00, real=0.02 secs] 
2016-09-24T01:00:19.654-0400: 185.107: [GC (GCLocker Initiated GC) [PSYoungGen: 106901K->79751K(175104K)] 450688K->442031K(699392K), 0.0101933 secs] [Times: user=0.09 sys=0.00, real=0.02 secs] 
2016-09-24T01:00:19.773-0400: 185.226: [GC (GCLocker Initiated GC) [PSYoungGen: 167815K->49248K(175104K)] 530198K->436362K(699392K), 0.0207701 secs] [Times: user=0.22 sys=0.00, real=0.02 secs] 
2016-09-24T01:00:19.888-0400: 185.342: [GC (GCLocker Initiated GC) [PSYoungGen: 137312K->73476K(175104K)] 524591K->497684K(699392K), 0.0130916 secs] [Times: user=0.20 sys=0.00, real=0.01 secs] 
2016-09-24T01:00:20.040-0400: 185.493: [GC (Allocation Failure) [PSYoungGen: 161540K->79751K(175104K)] 585885K->504184K(699392K), 0.0086479 secs] [Times: user=0.09 sys=0.00, real=0.01 secs] 
2016-09-24T01:00:20.150-0400: 185.603: [GC (GCLocker Initiated GC) [PSYoungGen: 167815K->55187K(175104K)] 592248K->534962K(699392K), 0.0129641 secs] [Times: user=0.15 sys=0.00, real=0.02 secs] 
2016-09-24T01:00:20.163-0400: 185.616: [Full GC (Ergonomics) [PSYoungGen: 55187K->0K(175104K)] [ParOldGen: 479775K->41038K(524288K)] 534962K->41038K(699392K), [Metaspace: 44519K->44519K(1087488K)], 0.0549748 secs] [Times: user=0.32 sys=0.01, real=0.05 secs] 
2016-09-24T01:00:20.315-0400: 185.769: [GC (GCLocker Initiated GC) [PSYoungGen: 88064K->86110K(175104K)] 129290K->127336K(699392K), 0.0156940 secs] [Times: user=0.21 sys=0.01, real=0.01 secs] 
2016-09-24T01:00:20.455-0400: 185.909: [GC (GCLocker Initiated GC) [PSYoungGen: 174174K->86150K(175104K)] 221725K->170706K(699392K), 0.0246065 secs] [Times: user=0.32 sys=0.00, real=0.02 secs] 
2016-09-24T01:00:20.596-0400: 186.049: [GC (GCLocker Initiated GC) [PSYoungGen: 174214K->55579K(175104K)] 258803K->195150K(699392K), 0.0096881 secs] [Times: user=0.12 sys=0.00, real=0.01 secs] 
2016-09-24T01:00:20.691-0400: 186.144: [GC (GCLocker Initiated GC) [PSYoungGen: 143643K->67405K(175104K)] 283296K->231962K(699392K), 0.0221331 secs] [Times: user=0.23 sys=0.00, real=0.02 secs] 
2016-09-24T01:00:20.799-0400: 186.253: [GC (GCLocker Initiated GC) [PSYoungGen: 155469K->67633K(175104K)] 320165K->299430K(699392K), 0.0113343 secs] [Times: user=0.09 sys=0.00, real=0.01 secs] 
2016-09-24T01:00:20.908-0400: 186.361: [GC (GCLocker Initiated GC) [PSYoungGen: 155697K->55355K(175104K)] 387596K->324284K(699392K), 0.0116696 secs] [Times: user=0.07 sys=0.00, real=0.01 secs] 
2016-09-24T01:00:21.037-0400: 186.491: [GC (GCLocker Initiated GC) [PSYoungGen: 143419K->67341K(175104K)] 412389K->354616K(699392K), 0.0152991 secs] [Times: user=0.15 sys=0.01, real=0.01 secs] 
2016-09-24T01:00:21.174-0400: 186.627: [GC (Allocation Failure) [PSYoungGen: 155405K->67501K(175104K)] 442761K->379261K(699392K), 0.0101452 secs] [Times: user=0.09 sys=0.00, real=0.02 secs] 
2016-09-24T01:00:21.287-0400: 186.740: [GC (GCLocker Initiated GC) [PSYoungGen: 152340K->43005K(175104K)] 470175K->415790K(699392K), 0.0348138 secs] [Times: user=0.35 sys=0.01, real=0.03 secs] 
2016-09-24T01:00:21.412-0400: 186.866: [GC (GCLocker Initiated GC) [PSYoungGen: 131069K->85566K(175104K)] 504019K->470754K(699392K), 0.0103138 secs] [Times: user=0.07 sys=0.01, real=0.02 secs] 
2016-09-24T01:00:21.538-0400: 186.991: [GC (GCLocker Initiated GC) [PSYoungGen: 173630K->55319K(175104K)] 564910K->483324K(699392K), 0.0131543 secs] [Times: user=0.12 sys=0.00, real=0.01 secs] 
2016-09-24T01:00:21.668-0400: 187.122: [GC (GCLocker Initiated GC) [PSYoungGen: 143383K->61266K(175104K)] 577762K->520033K(699392K), 0.0292235 secs] [Times: user=0.30 sys=0.00, real=0.03 secs] 
2016-09-24T01:00:21.698-0400: 187.151: [Full GC (Ergonomics) [PSYoungGen: 61266K->0K(175104K)] [ParOldGen: 458767K->53242K(524288K)] 520033K->53242K(699392K), [Metaspace: 44519K->44519K(1087488K)], 0.0549721 secs] [Times: user=0.31 sys=0.00, real=0.05 secs] 
2016-09-24T01:00:21.865-0400: 187.318: [GC (Allocation Failure) [PSYoungGen: 88064K->86178K(175104K)] 141571K->157910K(699392K), 0.0121459 secs] [Times: user=0.14 sys=0.00, real=0.01 secs] 
2016-09-24T01:00:22.002-0400: 187.455: [GC (GCLocker Initiated GC) [PSYoungGen: 170887K->43169K(175104K)] 248695K->176511K(699392K), 0.0110750 secs] [Times: user=0.10 sys=0.00, real=0.01 secs] 
2016-09-24T01:00:22.165-0400: 187.619: [GC (GCLocker Initiated GC) [PSYoungGen: 131233K->37226K(175104K)] 282937K->189041K(699392K), 0.0183232 secs] [Times: user=0.18 sys=0.00, real=0.02 secs] 
2016-09-24T01:00:22.291-0400: 187.745: [GC (GCLocker Initiated GC) [PSYoungGen: 125290K->37258K(175104K)] 283239K->213708K(699392K), 0.0182939 secs] [Times: user=0.19 sys=0.00, real=0.02 secs] 
2016-09-24T01:00:22.421-0400: 187.874: [GC (GCLocker Initiated GC) [PSYoungGen: 125322K->79883K(175104K)] 308073K->281143K(699392K), 0.0131200 secs] [Times: user=0.14 sys=0.00, real=0.01 secs] 
2016-09-24T01:00:22.555-0400: 188.008: [GC (GCLocker Initiated GC) [PSYoungGen: 167947K->24915K(175104K)] 381667K->269427K(699392K), 0.0087949 secs] [Times: user=0.06 sys=0.00, real=0.01 secs] 
2016-09-24T01:00:22.677-0400: 188.130: [GC (GCLocker Initiated GC) [PSYoungGen: 112979K->61298K(175104K)] 357735K->324538K(699392K), 0.0224173 secs] [Times: user=0.21 sys=0.00, real=0.02 secs] 
2016-09-24T01:00:22.806-0400: 188.259: [GC (GCLocker Initiated GC) [PSYoungGen: 149362K->73872K(175104K)] 412766K->337372K(699392K), 0.0296982 secs] [Times: user=0.27 sys=0.00, real=0.03 secs] 
2016-09-24T01:00:22.990-0400: 188.443: [GC (GCLocker Initiated GC) [PSYoungGen: 161936K->43073K(175104K)] 425494K->343340K(699392K), 0.0087420 secs] [Times: user=0.05 sys=0.01, real=0.01 secs] 
2016-09-24T01:00:23.111-0400: 188.565: [GC (GCLocker Initiated GC) [PSYoungGen: 131137K->67373K(175104K)] 431766K->386322K(699392K), 0.0163159 secs] [Times: user=0.14 sys=0.00, real=0.02 secs] 
2016-09-24T01:00:23.250-0400: 188.703: [GC (Allocation Failure) [PSYoungGen: 155437K->37325K(175104K)] 486678K->386863K(699392K), 0.0191351 secs] [Times: user=0.19 sys=0.00, real=0.02 secs] 
2016-09-24T01:00:23.369-0400: 188.822: [GC (GCLocker Initiated GC) [PSYoungGen: 125389K->73640K(175104K)] 474933K->441724K(699392K), 0.0090884 secs] [Times: user=0.10 sys=0.00, real=0.01 secs] 
2016-09-24T01:00:23.496-0400: 188.950: [GC (GCLocker Initiated GC) [PSYoungGen: 161704K->19264K(175104K)] 554426K->430315K(699392K), 0.0150873 secs] [Times: user=0.13 sys=0.00, real=0.01 secs] 
2016-09-24T01:00:23.623-0400: 189.076: [GC (GCLocker Initiated GC) [PSYoungGen: 107328K->61298K(175104K)] 525122K->497896K(699392K), 0.0133235 secs] [Times: user=0.13 sys=0.00, real=0.01 secs] 
2016-09-24T01:00:23.733-0400: 189.186: [GC (GCLocker Initiated GC) [PSYoungGen: 149362K->85626K(175104K)] 586007K->589420K(699392K), 0.0166212 secs] [Times: user=0.19 sys=0.00, real=0.02 secs] 
2016-09-24T01:00:23.750-0400: 189.203: [Full GC (Ergonomics) [PSYoungGen: 85626K->0K(175104K)] [ParOldGen: 503793K->59666K(524288K)] 589420K->59666K(699392K), [Metaspace: 44519K->44519K(1087488K)], 0.0544895 secs] [Times: user=0.25 sys=0.01, real=0.06 secs] 
2016-09-24T01:00:23.915-0400: 189.369: [GC (Allocation Failure) [PSYoungGen: 88064K->86598K(175104K)] 147946K->152555K(699392K), 0.0130934 secs] [Times: user=0.14 sys=0.00, real=0.01 secs] 
2016-09-24T01:00:24.022-0400: 189.475: [GC (GCLocker Initiated GC) [PSYoungGen: 174662K->85854K(175104K)] 240630K->177114K(699392K), 0.0101043 secs] [Times: user=0.13 sys=0.01, real=0.01 secs] 
2016-09-24T01:00:24.138-0400: 189.592: [GC (Allocation Failure) [PSYoungGen: 173918K->61590K(175104K)] 265511K->189956K(699392K), 0.0100257 secs] [Times: user=0.12 sys=0.00, real=0.01 secs] 
2016-09-24T01:00:24.250-0400: 189.704: [GC (GCLocker Initiated GC) [PSYoungGen: 145502K->55223K(175104K)] 279943K->226374K(699392K), 0.0217762 secs] [Times: user=0.25 sys=0.00, real=0.02 secs] 
2016-09-24T01:00:24.384-0400: 189.837: [GC (GCLocker Initiated GC) [PSYoungGen: 143287K->55419K(175104K)] 314497K->244973K(699392K), 0.0109090 secs] [Times: user=0.11 sys=0.01, real=0.01 secs] 
2016-09-24T01:00:24.504-0400: 189.958: [GC (GCLocker Initiated GC) [PSYoungGen: 143483K->79359K(175104K)] 333145K->269273K(699392K), 0.0096760 secs] [Times: user=0.08 sys=0.01, real=0.00 secs] 
2016-09-24T01:00:24.630-0400: 190.083: [GC (GCLocker Initiated GC) [PSYoungGen: 167423K->55059K(175104K)] 357698K->269730K(699392K), 0.0175095 secs] [Times: user=0.14 sys=0.01, real=0.02 secs] 
2016-09-24T01:00:24.762-0400: 190.216: [GC (GCLocker Initiated GC) [PSYoungGen: 143123K->55191K(175104K)] 357835K->288224K(699392K), 0.0095907 secs] [Times: user=0.08 sys=0.00, real=0.00 secs] 
2016-09-24T01:00:24.883-0400: 190.337: [GC (Allocation Failure) [PSYoungGen: 143255K->61394K(175104K)] 382572K->337453K(699392K), 0.0209265 secs] [Times: user=0.20 sys=0.01, real=0.02 secs] 
2016-09-24T01:00:25.002-0400: 190.456: [GC (GCLocker Initiated GC) [PSYoungGen: 147445K->74032K(175104K)] 429579K->380977K(699392K), 0.0112382 secs] [Times: user=0.17 sys=0.00, real=0.00 secs] 
2016-09-24T01:00:25.113-0400: 190.567: [GC (GCLocker Initiated GC) [PSYoungGen: 162096K->85858K(175104K)] 469207K->411486K(699392K), 0.0094969 secs] [Times: user=0.10 sys=0.00, real=0.02 secs] 
2016-09-24T01:00:25.260-0400: 190.713: [GC (GCLocker Initiated GC) [PSYoungGen: 173922K->37094K(175104K)] 505767K->436032K(699392K), 0.0104805 secs] [Times: user=0.10 sys=0.00, real=0.01 secs] 
2016-09-24T01:00:25.398-0400: 190.851: [GC (Allocation Failure) [PSYoungGen: 125158K->55547K(175104K)] 524351K->473248K(699392K), 0.0226536 secs] [Times: user=0.25 sys=0.00, real=0.02 secs] 
2016-09-24T01:00:25.521-0400: 190.974: [GC (GCLocker Initiated GC) [PSYoungGen: 141674K->49308K(175104K)] 565451K->509810K(699392K), 0.0167725 secs] [Times: user=0.17 sys=0.00, real=0.02 secs] 
2016-09-24T01:00:25.662-0400: 191.115: [Full GC (Ergonomics) [PSYoungGen: 137372K->0K(175104K)] [ParOldGen: 472722K->47416K(524288K)] 610094K->47416K(699392K), [Metaspace: 44520K->44520K(1087488K)], 0.0623903 secs] [Times: user=0.35 sys=0.02, real=0.07 secs] 
2016-09-24T01:00:25.828-0400: 191.282: [GC (GCLocker Initiated GC) [PSYoungGen: 88064K->86078K(175104K)] 141681K->163995K(699392K), 0.0104134 secs] [Times: user=0.10 sys=0.00, real=0.01 secs] 
2016-09-24T01:00:25.941-0400: 191.395: [GC (GCLocker Initiated GC) [PSYoungGen: 174142K->55383K(175104K)] 252231K->213002K(699392K), 0.0248067 secs] [Times: user=0.28 sys=0.00, real=0.03 secs] 
2016-09-24T01:00:26.093-0400: 191.546: [GC (GCLocker Initiated GC) [PSYoungGen: 143447K->79455K(175104K)] 301114K->255623K(699392K), 0.0154830 secs] [Times: user=0.16 sys=0.00, real=0.02 secs] 
2016-09-24T01:00:26.227-0400: 191.681: [GC (GCLocker Initiated GC) [PSYoungGen: 167519K->85658K(175104K)] 349804K->316679K(699392K), 0.0193575 secs] [Times: user=0.22 sys=0.00, real=0.02 secs] 
2016-09-24T01:00:26.332-0400: 191.785: [GC (GCLocker Initiated GC) [PSYoungGen: 173722K->85794K(175104K)] 404924K->353582K(699392K), 0.0220794 secs] [Times: user=0.21 sys=0.00, real=0.02 secs] 
2016-09-24T01:00:26.457-0400: 191.910: [GC (Allocation Failure) [PSYoungGen: 173858K->67469K(175104K)] 441951K->372279K(699392K), 0.0460001 secs] [Times: user=0.52 sys=0.00, real=0.05 secs] 
2016-09-24T01:00:26.633-0400: 192.086: [GC (GCLocker Initiated GC) [PSYoungGen: 155533K->67373K(175104K)] 460349K->402644K(699392K), 0.0201846 secs] [Times: user=0.16 sys=0.00, real=0.02 secs] 
2016-09-24T01:00:26.795-0400: 192.248: [GC (GCLocker Initiated GC) [PSYoungGen: 155437K->55059K(175104K)] 497066K->396799K(699392K), 0.0146692 secs] [Times: user=0.14 sys=0.00, real=0.01 secs] 
2016-09-24T01:00:26.906-0400: 192.359: [GC (GCLocker Initiated GC) [PSYoungGen: 143123K->79847K(175104K)] 491042K->446118K(699392K), 0.0275465 secs] [Times: user=0.30 sys=0.00, real=0.02 secs] 
2016-09-24T01:00:27.084-0400: 192.537: [GC (GCLocker Initiated GC) [PSYoungGen: 167911K->55643K(175104K)] 540439K->501379K(699392K), 0.0174681 secs] [Times: user=0.22 sys=0.00, real=0.01 secs] 
2016-09-24T01:00:27.101-0400: 192.555: [Full GC (Ergonomics) [PSYoungGen: 55643K->0K(175104K)] [ParOldGen: 445735K->54212K(524288K)] 501379K->54212K(699392K), [Metaspace: 44521K->44521K(1087488K)], 0.0543129 secs] [Times: user=0.34 sys=0.00, real=0.06 secs] 
2016-09-24T01:00:27.244-0400: 192.697: [GC (GCLocker Initiated GC) [PSYoungGen: 88064K->86242K(175104K)] 142637K->183340K(699392K), 0.0121782 secs] [Times: user=0.17 sys=0.00, real=0.01 secs] 
2016-09-24T01:00:27.369-0400: 192.822: [GC (Allocation Failure) [PSYoungGen: 174306K->37258K(175104K)] 277527K->214098K(699392K), 0.0106340 secs] [Times: user=0.13 sys=0.00, real=0.01 secs] 
2016-09-24T01:00:27.469-0400: 192.923: [GC (GCLocker Initiated GC) [PSYoungGen: 123635K->55255K(175104K)] 306551K->238586K(699392K), 0.0075277 secs] [Times: user=0.05 sys=0.01, real=0.01 secs] 
2016-09-24T01:00:27.590-0400: 193.043: [GC (GCLocker Initiated GC) [PSYoungGen: 143319K->61562K(175104K)] 332946K->251260K(699392K), 0.0147102 secs] [Times: user=0.16 sys=0.00, real=0.02 secs] 
2016-09-24T01:00:27.704-0400: 193.157: [GC (GCLocker Initiated GC) [PSYoungGen: 149626K->73640K(175104K)] 339395K->288344K(699392K), 0.0102628 secs] [Times: user=0.10 sys=0.00, real=0.00 secs] 
2016-09-24T01:00:27.855-0400: 193.308: [GC (GCLocker Initiated GC) [PSYoungGen: 161704K->79519K(175104K)] 383062K->349768K(699392K), 0.0134408 secs] [Times: user=0.17 sys=0.01, real=0.01 secs] 
2016-09-24T01:00:27.968-0400: 193.422: [GC (GCLocker Initiated GC) [PSYoungGen: 167583K->67533K(175104K)] 444263K->386897K(699392K), 0.0158729 secs] [Times: user=0.20 sys=0.00, real=0.02 secs] 
2016-09-24T01:00:28.090-0400: 193.543: [GC (GCLocker Initiated GC) [PSYoungGen: 155597K->49248K(175104K)] 481208K->393351K(699392K), 0.0094400 secs] [Times: user=0.09 sys=0.01, real=0.01 secs] 
2016-09-24T01:00:28.267-0400: 193.721: [GC (GCLocker Initiated GC) [PSYoungGen: 137312K->54995K(175104K)] 487526K->423834K(699392K), 0.0284044 secs] [Times: user=0.24 sys=0.00, real=0.03 secs] 
2016-09-24T01:00:28.404-0400: 193.858: [GC (GCLocker Initiated GC) [PSYoungGen: 143059K->55159K(175104K)] 518020K->454539K(699392K), 0.0336604 secs] [Times: user=0.34 sys=0.00, real=0.03 secs] 
2016-09-24T01:00:28.558-0400: 194.012: [GC (GCLocker Initiated GC) [PSYoungGen: 143223K->73412K(175104K)] 542610K->491300K(699392K), 0.0138054 secs] [Times: user=0.15 sys=0.00, real=0.01 secs] 
2016-09-24T01:00:28.677-0400: 194.131: [GC (GCLocker Initiated GC) [PSYoungGen: 161476K->85886K(175104K)] 579736K->546839K(699392K), 0.0140285 secs] [Times: user=0.19 sys=0.01, real=0.01 secs] 
2016-09-24T01:00:28.691-0400: 194.145: [Full GC (Ergonomics) [PSYoungGen: 85886K->0K(175104K)] [ParOldGen: 460953K->53893K(524288K)] 546839K->53893K(699392K), [Metaspace: 44528K->44528K(1087488K)], 0.0632683 secs] [Times: user=0.47 sys=0.01, real=0.07 secs] 
2016-09-24T01:00:28.891-0400: 194.344: [GC (GCLocker Initiated GC) [PSYoungGen: 88064K->73744K(175104K)] 154266K->139946K(699392K), 0.0247028 secs] [Times: user=0.30 sys=0.00, real=0.03 secs] 
2016-09-24T01:00:29.016-0400: 194.470: [GC (GCLocker Initiated GC) [PSYoungGen: 161808K->73508K(175104K)] 228047K->176848K(699392K), 0.0115392 secs] [Times: user=0.18 sys=0.00, real=0.01 secs] 
2016-09-24T01:00:29.144-0400: 194.597: [GC (GCLocker Initiated GC) [PSYoungGen: 161572K->73772K(175104K)] 265088K->195649K(699392K), 0.0097648 secs] [Times: user=0.13 sys=0.00, real=0.00 secs] 
2016-09-24T01:00:29.309-0400: 194.763: [GC (GCLocker Initiated GC) [PSYoungGen: 161836K->43005K(175104K)] 296000K->214230K(699392K), 0.0116628 secs] [Times: user=0.10 sys=0.00, real=0.01 secs] 
2016-09-24T01:00:29.459-0400: 194.912: [GC (Allocation Failure) [PSYoungGen: 131069K->49180K(175104K)] 314631K->263244K(699392K), 0.0165944 secs] [Times: user=0.17 sys=0.00, real=0.02 secs] 
2016-09-24T01:00:29.596-0400: 195.049: [GC (GCLocker Initiated GC) [PSYoungGen: 134426K->49408K(175104K)] 354566K->287900K(699392K), 0.0089415 secs] [Times: user=0.08 sys=0.00, real=0.01 secs] 
2016-09-24T01:00:29.712-0400: 195.165: [GC (GCLocker Initiated GC) [PSYoungGen: 137472K->36866K(175104K)] 382238K->281907K(699392K), 0.0196028 secs] [Times: user=0.21 sys=0.00, real=0.02 secs] 
2016-09-24T01:00:29.858-0400: 195.312: [GC (GCLocker Initiated GC) [PSYoungGen: 124930K->55942K(175104K)] 388434K->319558K(699392K), 0.0137207 secs] [Times: user=0.14 sys=0.00, real=0.01 secs] 
2016-09-24T01:00:30.015-0400: 195.468: [GC (Allocation Failure) [PSYoungGen: 144006K->37062K(175104K)] 426129K->356214K(699392K), 0.0279725 secs] [Times: user=0.27 sys=0.00, real=0.03 secs] 
2016-09-24T01:00:30.145-0400: 195.598: [GC (GCLocker Initiated GC) [PSYoungGen: 125126K->85758K(175104K)] 444284K->411126K(699392K), 0.0078111 secs] [Times: user=0.12 sys=0.01, real=0.00 secs] 
2016-09-24T01:00:30.285-0400: 195.738: [GC (GCLocker Initiated GC) [PSYoungGen: 173822K->55743K(175104K)] 499315K->436047K(699392K), 0.0145119 secs] [Times: user=0.21 sys=0.00, real=0.01 secs] 
2016-09-24T01:00:30.396-0400: 195.849: [GC (GCLocker Initiated GC) [PSYoungGen: 143807K->85726K(175104K)] 524242K->472519K(699392K), 0.0086123 secs] [Times: user=0.11 sys=0.00, real=0.01 secs] 
2016-09-24T01:00:30.508-0400: 195.961: [GC (GCLocker Initiated GC) [PSYoungGen: 173790K->80043K(175104K)] 560654K->497433K(699392K), 0.0168486 secs] [Times: user=0.18 sys=0.00, real=0.02 secs] 
2016-09-24T01:00:30.632-0400: 196.085: [GC (GCLocker Initiated GC) [PSYoungGen: 168107K->85662K(175104K)] 585640K->533838K(699392K), 0.0192174 secs] [Times: user=0.19 sys=0.01, real=0.02 secs] 
2016-09-24T01:00:30.795-0400: 196.248: [GC (Allocation Failure) [PSYoungGen: 173726K->37130K(175104K)] 628147K->534343K(699392K), 0.0222659 secs] [Times: user=0.23 sys=0.00, real=0.02 secs] 
2016-09-24T01:00:30.817-0400: 196.271: [Full GC (Ergonomics) [PSYoungGen: 37130K->0K(175104K)] [ParOldGen: 497213K->41756K(524288K)] 534343K->41756K(699392K), [Metaspace: 44529K->44529K(1087488K)], 0.0602836 secs] [Times: user=0.38 sys=0.02, real=0.06 secs] 
2016-09-24T01:00:30.980-0400: 196.433: [GC (GCLocker Initiated GC) [PSYoungGen: 86570K->86018K(175104K)] 134401K->139924K(699392K), 0.0153744 secs] [Times: user=0.19 sys=0.00, real=0.02 secs] 
2016-09-24T01:00:31.141-0400: 196.595: [GC (GCLocker Initiated GC) [PSYoungGen: 174082K->43660K(175104K)] 228073K->134377K(699392K), 0.0194238 secs] [Times: user=0.20 sys=0.00, real=0.02 secs] 
2016-09-24T01:00:31.250-0400: 196.704: [GC (GCLocker Initiated GC) [PSYoungGen: 131724K->55255K(175104K)] 228642K->164910K(699392K), 0.0109767 secs] [Times: user=0.09 sys=0.00, real=0.01 secs] 
2016-09-24T01:00:31.382-0400: 196.835: [GC (GCLocker Initiated GC) [PSYoungGen: 143319K->30759K(175104K)] 259913K->177964K(699392K), 0.0163869 secs] [Times: user=0.15 sys=0.00, real=0.02 secs] 
2016-09-24T01:00:31.493-0400: 196.947: [GC (GCLocker Initiated GC) [PSYoungGen: 118823K->49020K(175104K)] 266121K->196389K(699392K), 0.0092908 secs] [Times: user=0.05 sys=0.00, real=0.02 secs] 
2016-09-24T01:00:31.635-0400: 197.089: [GC (GCLocker Initiated GC) [PSYoungGen: 137084K->61526K(175104K)] 284647K->263852K(699392K), 0.0133122 secs] [Times: user=0.12 sys=0.01, real=0.01 secs] 
2016-09-24T01:00:31.796-0400: 197.250: [GC (GCLocker Initiated GC) [PSYoungGen: 149590K->55483K(175104K)] 364394K->270742K(699392K), 0.0115485 secs] [Times: user=0.15 sys=0.01, real=0.01 secs] 
2016-09-24T01:00:31.916-0400: 197.370: [GC (GCLocker Initiated GC) [PSYoungGen: 143547K->37058K(175104K)] 358860K->301270K(699392K), 0.0101644 secs] [Times: user=0.11 sys=0.00, real=0.01 secs] 
2016-09-24T01:00:32.040-0400: 197.493: [GC (GCLocker Initiated GC) [PSYoungGen: 125122K->86186K(175104K)] 389515K->356790K(699392K), 0.0138755 secs] [Times: user=0.14 sys=0.00, real=0.01 secs] 
2016-09-24T01:00:32.133-0400: 197.586: [GC (GCLocker Initiated GC) [PSYoungGen: 174250K->73608K(175104K)] 444991K->363201K(699392K), 0.0114823 secs] [Times: user=0.10 sys=0.00, real=0.02 secs] 
2016-09-24T01:00:32.252-0400: 197.705: [GC (Allocation Failure) [PSYoungGen: 161672K->61362K(175104K)] 457611K->393871K(699392K), 0.0112626 secs] [Times: user=0.11 sys=0.00, real=0.02 secs] 
2016-09-24T01:00:32.379-0400: 197.832: [GC (GCLocker Initiated GC) [PSYoungGen: 148963K->43269K(175104K)] 487548K->412504K(699392K), 0.0178131 secs] [Times: user=0.17 sys=0.00, real=0.02 secs] 
2016-09-24T01:00:32.506-0400: 197.960: [GC (GCLocker Initiated GC) [PSYoungGen: 131333K->55319K(175104K)] 506835K->449322K(699392K), 0.0107598 secs] [Times: user=0.11 sys=0.00, real=0.01 secs] 
2016-09-24T01:00:32.648-0400: 198.101: [GC (GCLocker Initiated GC) [PSYoungGen: 143383K->55383K(175104K)] 549695K->461799K(699392K), 0.0149241 secs] [Times: user=0.15 sys=0.00, real=0.02 secs] 
2016-09-24T01:00:32.792-0400: 198.246: [GC (GCLocker Initiated GC) [PSYoungGen: 143447K->49116K(175104K)] 556035K->480213K(699392K), 0.0082538 secs] [Times: user=0.07 sys=0.00, real=0.01 secs] 
2016-09-24T01:00:32.903-0400: 198.357: [GC (GCLocker Initiated GC) [PSYoungGen: 137180K->61462K(175104K)] 574707K->499280K(699392K), 0.0238964 secs] [Times: user=0.22 sys=0.00, real=0.02 secs] 
2016-09-24T01:00:33.051-0400: 198.505: [GC (GCLocker Initiated GC) [PSYoungGen: 149526K->55319K(175104K)] 593741K->511952K(699392K), 0.0144478 secs] [Times: user=0.14 sys=0.00, real=0.02 secs] 
2016-09-24T01:00:33.175-0400: 198.629: [GC (GCLocker Initiated GC) [PSYoungGen: 143383K->49379K(137728K)] 600147K->524456K(662016K), 0.0289266 secs] [Times: user=0.28 sys=0.01, real=0.03 secs] 
2016-09-24T01:00:33.204-0400: 198.658: [Full GC (Ergonomics) [PSYoungGen: 49379K->0K(137728K)] [ParOldGen: 475076K->48346K(524288K)] 524456K->48346K(662016K), [Metaspace: 44529K->44529K(1087488K)], 0.0593112 secs] [Times: user=0.31 sys=0.00, real=0.06 secs] 
2016-09-24T01:00:33.365-0400: 198.818: [GC (GCLocker Initiated GC) [PSYoungGen: 88064K->73896K(173056K)] 142594K->128426K(697344K), 0.0253910 secs] [Times: user=0.36 sys=0.00, real=0.02 secs] 
2016-09-24T01:00:33.489-0400: 198.942: [GC (Allocation Failure) [PSYoungGen: 160936K->73580K(174080K)] 215597K->153064K(698368K), 0.0162308 secs] [Times: user=0.17 sys=0.01, real=0.02 secs] 
2016-09-24T01:00:33.635-0400: 199.088: [GC (GCLocker Initiated GC) [PSYoungGen: 160620K->73476K(175104K)] 240110K->153257K(699392K), 0.0089400 secs] [Times: user=0.14 sys=0.00, real=0.01 secs] 
2016-09-24T01:00:33.803-0400: 199.257: [GC (GCLocker Initiated GC) [PSYoungGen: 161540K->36994K(175104K)] 247445K->141243K(699392K), 0.0065578 secs] [Times: user=0.05 sys=0.00, real=0.00 secs] 
2016-09-24T01:00:33.927-0400: 199.380: [GC (GCLocker Initiated GC) [PSYoungGen: 125058K->85690K(175104K)] 235412K->226587K(699392K), 0.0107895 secs] [Times: user=0.16 sys=0.00, real=0.01 secs] 
2016-09-24T01:00:34.053-0400: 199.506: [GC (GCLocker Initiated GC) [PSYoungGen: 173754K->37290K(175104K)] 321025K->233288K(699392K), 0.0083555 secs] [Times: user=0.09 sys=0.00, real=0.01 secs] 
2016-09-24T01:00:34.167-0400: 199.621: [GC (Allocation Failure) [PSYoungGen: 125354K->85922K(175104K)] 321399K->306599K(699392K), 0.0105308 secs] [Times: user=0.14 sys=0.00, real=0.01 secs] 
2016-09-24T01:00:34.258-0400: 199.711: [GC (GCLocker Initiated GC) [PSYoungGen: 173986K->85954K(175104K)] 394669K->361635K(699392K), 0.0156065 secs] [Times: user=0.18 sys=0.01, real=0.01 secs] 
2016-09-24T01:00:34.399-0400: 199.852: [GC (GCLocker Initiated GC) [PSYoungGen: 174018K->85986K(175104K)] 449747K->422789K(699392K), 0.0137601 secs] [Times: user=0.18 sys=0.00, real=0.01 secs] 
2016-09-24T01:00:34.517-0400: 199.971: [GC (GCLocker Initiated GC) [PSYoungGen: 174050K->30955K(175104K)] 517048K->422821K(699392K), 0.0222481 secs] [Times: user=0.28 sys=0.01, real=0.02 secs] 
2016-09-24T01:00:34.631-0400: 200.085: [GC (GCLocker Initiated GC) [PSYoungGen: 119019K->85758K(175104K)] 511111K->502262K(699392K), 0.0115140 secs] [Times: user=0.14 sys=0.01, real=0.02 secs] 
2016-09-24T01:00:34.746-0400: 200.199: [GC (GCLocker Initiated GC) [PSYoungGen: 173822K->43041K(175104K)] 590637K->478349K(699392K), 0.0094772 secs] [Times: user=0.07 sys=0.01, real=0.01 secs] 
2016-09-24T01:00:34.882-0400: 200.336: [GC (GCLocker Initiated GC) [PSYoungGen: 131105K->73384K(175104K)] 566634K->539523K(699392K), 0.0271787 secs] [Times: user=0.27 sys=0.00, real=0.02 secs] 
2016-09-24T01:00:34.909-0400: 200.363: [Full GC (Ergonomics) [PSYoungGen: 73384K->0K(175104K)] [ParOldGen: 466139K->54055K(524288K)] 539523K->54055K(699392K), [Metaspace: 44529K->44529K(1087488K)], 0.0564834 secs] [Times: user=0.28 sys=0.00, real=0.06 secs] 
2016-09-24T01:00:35.076-0400: 200.530: [GC (GCLocker Initiated GC) [PSYoungGen: 88064K->86702K(175104K)] 148215K->165078K(699392K), 0.0171426 secs] [Times: user=0.20 sys=0.00, real=0.01 secs] 
2016-09-24T01:00:35.207-0400: 200.661: [GC (GCLocker Initiated GC) [PSYoungGen: 174766K->49340K(175104K)] 253267K->177348K(699392K), 0.0136769 secs] [Times: user=0.15 sys=0.01, real=0.01 secs] 
2016-09-24T01:00:35.341-0400: 200.794: [GC (Allocation Failure) [PSYoungGen: 137404K->49148K(175104K)] 265662K->177681K(699392K), 0.0144906 secs] [Times: user=0.15 sys=0.00, real=0.02 secs] 
2016-09-24T01:00:35.467-0400: 200.920: [GC (GCLocker Initiated GC) [PSYoungGen: 137212K->61230K(175104K)] 265751K->214336K(699392K), 0.0161213 secs] [Times: user=0.16 sys=0.00, real=0.02 secs] 
2016-09-24T01:00:35.608-0400: 201.061: [GC (GCLocker Initiated GC) [PSYoungGen: 149294K->55515K(175104K)] 308663K->233236K(699392K), 0.0096577 secs] [Times: user=0.13 sys=0.00, real=0.01 secs] 
2016-09-24T01:00:35.713-0400: 201.167: [GC (GCLocker Initiated GC) [PSYoungGen: 143579K->85922K(175104K)] 321393K->282253K(699392K), 0.0112676 secs] [Times: user=0.12 sys=0.00, real=0.02 secs] 
2016-09-24T01:00:35.827-0400: 201.281: [GC (GCLocker Initiated GC) [PSYoungGen: 173986K->55383K(175104K)] 370527K->361581K(699392K), 0.0265051 secs] [Times: user=0.31 sys=0.01, real=0.02 secs] 
2016-09-24T01:00:35.952-0400: 201.405: [GC (Allocation Failure) [PSYoungGen: 143447K->86022K(175104K)] 455952K->416872K(699392K), 0.0204534 secs] [Times: user=0.23 sys=0.00, real=0.02 secs] 
2016-09-24T01:00:36.090-0400: 201.543: [GC (GCLocker Initiated GC) [PSYoungGen: 170213K->25075K(175104K)] 507138K->417123K(699392K), 0.0174672 secs] [Times: user=0.17 sys=0.01, real=0.02 secs] 
2016-09-24T01:00:36.224-0400: 201.677: [GC (GCLocker Initiated GC) [PSYoungGen: 113139K->55906K(175104K)] 511624K->454706K(699392K), 0.0100475 secs] [Times: user=0.16 sys=0.00, real=0.00 secs] 
2016-09-24T01:00:36.345-0400: 201.798: [GC (GCLocker Initiated GC) [PSYoungGen: 143970K->79715K(175104K)] 543109K->497557K(699392K), 0.0116456 secs] [Times: user=0.16 sys=0.01, real=0.01 secs] 
2016-09-24T01:00:36.460-0400: 201.913: [GC (GCLocker Initiated GC) [PSYoungGen: 167779K->55611K(175104K)] 591772K->558895K(699392K), 0.0120492 secs] [Times: user=0.14 sys=0.00, real=0.01 secs] 
2016-09-24T01:00:36.472-0400: 201.925: [Full GC (Ergonomics) [PSYoungGen: 55611K->0K(175104K)] [ParOldGen: 503284K->60680K(524288K)] 558895K->60680K(699392K), [Metaspace: 44530K->44530K(1087488K)], 0.0567047 secs] [Times: user=0.36 sys=0.00, real=0.06 secs] 
2016-09-24T01:00:36.643-0400: 202.096: [GC (GCLocker Initiated GC) [PSYoungGen: 88064K->55515K(175104K)] 161227K->128678K(699392K), 0.0099955 secs] [Times: user=0.08 sys=0.01, real=0.00 secs] 
2016-09-24T01:00:36.748-0400: 202.202: [GC (GCLocker Initiated GC) [PSYoungGen: 143579K->55415K(175104K)] 216784K->184359K(699392K), 0.0120178 secs] [Times: user=0.18 sys=0.00, real=0.01 secs] 
2016-09-24T01:00:36.860-0400: 202.314: [GC (GCLocker Initiated GC) [PSYoungGen: 143479K->85922K(175104K)] 272666K->233462K(699392K), 0.0233717 secs] [Times: user=0.29 sys=0.00, real=0.03 secs] 
2016-09-24T01:00:37.012-0400: 202.465: [GC (Allocation Failure) [PSYoungGen: 173986K->85726K(175104K)] 321595K->264134K(699392K), 0.0205034 secs] [Times: user=0.20 sys=0.00, real=0.02 secs] 
2016-09-24T01:00:37.133-0400: 202.587: [GC (GCLocker Initiated GC) [PSYoungGen: 173790K->61234K(175104K)] 352204K->264059K(699392K), 0.0227708 secs] [Times: user=0.21 sys=0.00, real=0.03 secs] 
2016-09-24T01:00:37.256-0400: 202.709: [GC (GCLocker Initiated GC) [PSYoungGen: 149298K->55191K(175104K)] 352424K->288936K(699392K), 0.0272166 secs] [Times: user=0.28 sys=0.00, real=0.03 secs] 
2016-09-24T01:00:37.404-0400: 202.857: [GC (GCLocker Initiated GC) [PSYoungGen: 143255K->30923K(175104K)] 383286K->319798K(699392K), 0.0107286 secs] [Times: user=0.08 sys=0.01, real=0.01 secs] 
2016-09-24T01:00:37.516-0400: 202.970: [GC (GCLocker Initiated GC) [PSYoungGen: 118987K->86054K(175104K)] 408060K->399587K(699392K), 0.0126728 secs] [Times: user=0.14 sys=0.00, real=0.01 secs] 
2016-09-24T01:00:37.661-0400: 203.114: [GC (GCLocker Initiated GC) [PSYoungGen: 174118K->43329K(175104K)] 500066K->406355K(699392K), 0.0135383 secs] [Times: user=0.14 sys=0.00, real=0.02 secs] 
2016-09-24T01:00:37.813-0400: 203.266: [GC (GCLocker Initiated GC) [PSYoungGen: 131393K->37421K(175104K)] 506806K->431335K(699392K), 0.0065220 secs] [Times: user=0.04 sys=0.00, real=0.01 secs] 
2016-09-24T01:00:37.934-0400: 203.387: [GC (GCLocker Initiated GC) [PSYoungGen: 125485K->61362K(175104K)] 531619K->467762K(699392K), 0.0169472 secs] [Times: user=0.18 sys=0.01, real=0.02 secs] 
2016-09-24T01:00:38.049-0400: 203.502: [GC (GCLocker Initiated GC) [PSYoungGen: 149426K->49084K(175104K)] 556036K->498306K(699392K), 0.0158716 secs] [Times: user=0.13 sys=0.00, real=0.02 secs] 
2016-09-24T01:00:38.065-0400: 203.518: [Full GC (Ergonomics) [PSYoungGen: 49084K->0K(175104K)] [ParOldGen: 449222K->54245K(524288K)] 498306K->54245K(699392K), [Metaspace: 44531K->44531K(1087488K)], 0.0698287 secs] [Times: user=0.44 sys=0.02, real=0.07 secs] 
2016-09-24T01:00:38.257-0400: 203.711: [GC (GCLocker Initiated GC) [PSYoungGen: 88064K->67925K(175104K)] 154479K->134340K(699392K), 0.0108127 secs] [Times: user=0.09 sys=0.01, real=0.01 secs] 
2016-09-24T01:00:38.370-0400: 203.823: [GC (GCLocker Initiated GC) [PSYoungGen: 155989K->79551K(175104K)] 222513K->183229K(699392K), 0.0111663 secs] [Times: user=0.10 sys=0.01, real=0.01 secs] 
2016-09-24T01:00:38.502-0400: 203.955: [GC (Allocation Failure) [PSYoungGen: 167615K->43169K(175104K)] 277522K->232178K(699392K), 0.0176676 secs] [Times: user=0.21 sys=0.00, real=0.02 secs] 
2016-09-24T01:00:38.628-0400: 204.081: [GC (GCLocker Initiated GC) [PSYoungGen: 131233K->85790K(175104K)] 320249K->317631K(699392K), 0.0223002 secs] [Times: user=0.28 sys=0.00, real=0.02 secs] 
2016-09-24T01:00:38.757-0400: 204.210: [GC (GCLocker Initiated GC) [PSYoungGen: 173854K->43233K(175104K)] 412007K->299910K(699392K), 0.0149762 secs] [Times: user=0.16 sys=0.00, real=0.01 secs] 
2016-09-24T01:00:38.871-0400: 204.324: [GC (GCLocker Initiated GC) [PSYoungGen: 131297K->73640K(175104K)] 388123K->348974K(699392K), 0.0234644 secs] [Times: user=0.25 sys=0.00, real=0.03 secs] 
2016-09-24T01:00:39.017-0400: 204.470: [GC (GCLocker Initiated GC) [PSYoungGen: 161704K->79719K(175104K)] 437276K->361634K(699392K), 0.0146550 secs] [Times: user=0.13 sys=0.00, real=0.01 secs] 
2016-09-24T01:00:39.127-0400: 204.580: [GC (GCLocker Initiated GC) [PSYoungGen: 167783K->67469K(175104K)] 449981K->374251K(699392K), 0.0162352 secs] [Times: user=0.16 sys=0.00, real=0.02 secs] 
2016-09-24T01:00:39.256-0400: 204.710: [GC (GCLocker Initiated GC) [PSYoungGen: 155533K->85694K(175104K)] 462446K->429356K(699392K), 0.0116948 secs] [Times: user=0.10 sys=0.01, real=0.01 secs] 
2016-09-24T01:00:39.407-0400: 204.860: [GC (GCLocker Initiated GC) [PSYoungGen: 173758K->43173K(175104K)] 523699K->429824K(699392K), 0.0171338 secs] [Times: user=0.15 sys=0.00, real=0.02 secs] 
2016-09-24T01:00:39.542-0400: 204.996: [GC (GCLocker Initiated GC) [PSYoungGen: 131237K->55251K(175104K)] 524117K->448586K(699392K), 0.0144701 secs] [Times: user=0.18 sys=0.01, real=0.01 secs] 
2016-09-24T01:00:39.658-0400: 205.112: [GC (GCLocker Initiated GC) [PSYoungGen: 143315K->79847K(175104K)] 536860K->491744K(699392K), 0.0101331 secs] [Times: user=0.11 sys=0.00, real=0.01 secs] 
2016-09-24T01:00:39.809-0400: 205.263: [GC (GCLocker Initiated GC) [PSYoungGen: 167911K->55874K(175104K)] 592280K->499104K(699392K), 0.0088775 secs] [Times: user=0.10 sys=0.00, real=0.01 secs] 
2016-09-24T01:00:39.923-0400: 205.376: [GC (GCLocker Initiated GC) [PSYoungGen: 143938K->73544K(175104K)] 587272K->517161K(699392K), 0.0176764 secs] [Times: user=0.18 sys=0.00, real=0.01 secs] 
2016-09-24T01:00:40.062-0400: 205.515: [GC (GCLocker Initiated GC) [PSYoungGen: 161608K->74000K(175104K)] 611633K->560774K(699392K), 0.0136378 secs] [Times: user=0.15 sys=0.01, real=0.02 secs] 
2016-09-24T01:00:40.076-0400: 205.529: [Full GC (Ergonomics) [PSYoungGen: 74000K->0K(175104K)] [ParOldGen: 486774K->54511K(524288K)] 560774K->54511K(699392K), [Metaspace: 44531K->44531K(1087488K)], 0.0615125 secs] [Times: user=0.36 sys=0.00, real=0.06 secs] 
2016-09-24T01:00:40.243-0400: 205.697: [GC (GCLocker Initiated GC) [PSYoungGen: 88064K->86242K(175104K)] 142897K->159308K(699392K), 0.0201823 secs] [Times: user=0.22 sys=0.00, real=0.02 secs] 
2016-09-24T01:00:40.377-0400: 205.830: [GC (GCLocker Initiated GC) [PSYoungGen: 174305K->37293K(175104K)] 253802K->165922K(699392K), 0.0097858 secs] [Times: user=0.06 sys=0.00, real=0.01 secs] 
2016-09-24T01:00:40.496-0400: 205.949: [GC (GCLocker Initiated GC) [PSYoungGen: 125357K->55415K(175104K)] 260181K->208903K(699392K), 0.0128430 secs] [Times: user=0.12 sys=0.00, real=0.01 secs] 
2016-09-24T01:00:40.651-0400: 206.104: [GC (GCLocker Initiated GC) [PSYoungGen: 143479K->37290K(175104K)] 303054K->239493K(699392K), 0.0253764 secs] [Times: user=0.19 sys=0.01, real=0.03 secs] 
2016-09-24T01:00:40.827-0400: 206.281: [GC (GCLocker Initiated GC) [PSYoungGen: 125354K->55219K(175104K)] 327559K->258043K(699392K), 0.0073270 secs] [Times: user=0.10 sys=0.00, real=0.01 secs] 
2016-09-24T01:00:40.925-0400: 206.378: [GC (GCLocker Initiated GC) [PSYoungGen: 143283K->85562K(175104K)] 346412K->294870K(699392K), 0.0154842 secs] [Times: user=0.18 sys=0.00, real=0.01 secs] 
2016-09-24T01:00:41.062-0400: 206.515: [GC (GCLocker Initiated GC) [PSYoungGen: 173626K->85790K(175104K)] 383048K->325746K(699392K), 0.0106036 secs] [Times: user=0.12 sys=0.01, real=0.01 secs] 
2016-09-24T01:00:41.190-0400: 206.643: [GC (Allocation Failure) [PSYoungGen: 173854K->67601K(175104K)] 414003K->350559K(699392K), 0.0181654 secs] [Times: user=0.18 sys=0.00, real=0.02 secs] 
2016-09-24T01:00:41.300-0400: 206.754: [GC (GCLocker Initiated GC) [PSYoungGen: 155665K->79715K(175104K)] 438629K->435722K(699392K), 0.0173367 secs] [Times: user=0.19 sys=0.00, real=0.02 secs] 
2016-09-24T01:00:41.442-0400: 206.896: [GC (GCLocker Initiated GC) [PSYoungGen: 167779K->85562K(175104K)] 523824K->459928K(699392K), 0.0378109 secs] [Times: user=0.37 sys=0.01, real=0.03 secs] 
2016-09-24T01:00:41.584-0400: 207.037: [GC (GCLocker Initiated GC) [PSYoungGen: 173626K->73836K(175104K)] 548274K->515469K(699392K), 0.0269754 secs] [Times: user=0.36 sys=0.01, real=0.02 secs] 
2016-09-24T01:00:41.611-0400: 207.064: [Full GC (Ergonomics) [PSYoungGen: 73836K->0K(175104K)] [ParOldGen: 441632K->53197K(524288K)] 515469K->53197K(699392K), [Metaspace: 44536K->44536K(1087488K)], 0.0607714 secs] [Times: user=0.43 sys=0.00, real=0.06 secs] 
2016-09-24T01:00:41.768-0400: 207.221: [GC (GCLocker Initiated GC) [PSYoungGen: 88064K->85954K(175104K)] 141465K->145430K(699392K), 0.0154337 secs] [Times: user=0.22 sys=0.00, real=0.02 secs] 
2016-09-24T01:00:41.875-0400: 207.328: [GC (GCLocker Initiated GC) [PSYoungGen: 174018K->67465K(175104K)] 233553K->194452K(699392K), 0.0117072 secs] [Times: user=0.17 sys=0.00, real=0.01 secs] 
2016-09-24T01:00:42.011-0400: 207.464: [GC (GCLocker Initiated GC) [PSYoungGen: 155529K->61690K(175104K)] 282587K->231392K(699392K), 0.0107060 secs] [Times: user=0.11 sys=0.00, real=0.01 secs] 
2016-09-24T01:00:42.121-0400: 207.575: [GC (GCLocker Initiated GC) [PSYoungGen: 149754K->43173K(175104K)] 319604K->243821K(699392K), 0.0382595 secs] [Times: user=0.34 sys=0.00, real=0.04 secs] 
2016-09-24T01:00:42.260-0400: 207.713: [GC (GCLocker Initiated GC) [PSYoungGen: 131237K->85822K(175104K)] 338115K->341796K(699392K), 0.0135755 secs] [Times: user=0.21 sys=0.00, real=0.01 secs] 
2016-09-24T01:00:42.384-0400: 207.837: [GC (GCLocker Initiated GC) [PSYoungGen: 173886K->79619K(175104K)] 429919K->390626K(699392K), 0.0149517 secs] [Times: user=0.18 sys=0.00, real=0.01 secs] 
2016-09-24T01:00:42.526-0400: 207.980: [GC (GCLocker Initiated GC) [PSYoungGen: 167683K->55351K(175104K)] 478716K->445634K(699392K), 0.0156091 secs] [Times: user=0.16 sys=0.00, real=0.01 secs] 
2016-09-24T01:00:42.709-0400: 208.162: [GC (Allocation Failure) [PSYoungGen: 143415K->36738K(175104K)] 539781K->433331K(699392K), 0.0145506 secs] [Times: user=0.16 sys=0.01, real=0.02 secs] 
2016-09-24T01:00:42.854-0400: 208.308: [GC (GCLocker Initiated GC) [PSYoungGen: 124802K->55219K(175104K)] 521401K->476229K(699392K), 0.0100214 secs] [Times: user=0.09 sys=0.00, real=0.01 secs] 
2016-09-24T01:00:43.013-0400: 208.467: [Full GC (Ergonomics) [PSYoungGen: 143283K->0K(175104K)] [ParOldGen: 433415K->59319K(524288K)] 576698K->59319K(699392K), [Metaspace: 44536K->44536K(1087488K)], 0.0739770 secs] [Times: user=0.48 sys=0.01, real=0.08 secs] 
2016-09-24T01:00:43.180-0400: 208.634: [GC (GCLocker Initiated GC) [PSYoungGen: 88064K->81007K(175104K)] 147480K->164723K(699392K), 0.0099302 secs] [Times: user=0.15 sys=0.00, real=0.01 secs] 
2016-09-24T01:00:43.303-0400: 208.757: [GC (Allocation Failure) [PSYoungGen: 169071K->61622K(175104K)] 258960K->219724K(699392K), 0.0117816 secs] [Times: user=0.15 sys=0.01, real=0.01 secs] 
2016-09-24T01:00:43.415-0400: 208.868: [GC (GCLocker Initiated GC) [PSYoungGen: 149686K->85694K(175104K)] 307788K->274471K(699392K), 0.0182336 secs] [Times: user=0.21 sys=0.00, real=0.01 secs] 
2016-09-24T01:00:43.562-0400: 209.015: [GC (GCLocker Initiated GC) [PSYoungGen: 173758K->55451K(175104K)] 374923K->293341K(699392K), 0.0337342 secs] [Times: user=0.40 sys=0.01, real=0.04 secs] 
2016-09-24T01:00:43.704-0400: 209.158: [GC (GCLocker Initiated GC) [PSYoungGen: 143515K->61426K(175104K)] 381411K->336071K(699392K), 0.0169058 secs] [Times: user=0.22 sys=0.00, real=0.01 secs] 
2016-09-24T01:00:43.851-0400: 209.304: [GC (GCLocker Initiated GC) [PSYoungGen: 149490K->55807K(175104K)] 436602K->361271K(699392K), 0.0217172 secs] [Times: user=0.29 sys=0.00, real=0.02 secs] 
2016-09-24T01:00:44.008-0400: 209.462: [GC (GCLocker Initiated GC) [PSYoungGen: 143871K->61458K(175104K)] 455586K->409947K(699392K), 0.0212247 secs] [Times: user=0.25 sys=0.00, real=0.02 secs] 
2016-09-24T01:00:44.118-0400: 209.571: [GC (Allocation Failure) [PSYoungGen: 149522K->73640K(175104K)] 498125K->446671K(699392K), 0.0227378 secs] [Times: user=0.23 sys=0.00, real=0.02 secs] 
2016-09-24T01:00:44.257-0400: 209.711: [GC (GCLocker Initiated GC) [PSYoungGen: 161704K->79683K(175104K)] 534735K->513763K(699392K), 0.0393087 secs] [Times: user=0.46 sys=0.00, real=0.04 secs] 
2016-09-24T01:00:44.429-0400: 209.882: [GC (GCLocker Initiated GC) [PSYoungGen: 167747K->73416K(175104K)] 602104K->526258K(699392K), 0.0150106 secs] [Times: user=0.14 sys=0.00, real=0.02 secs] 
2016-09-24T01:00:44.444-0400: 209.898: [Full GC (Ergonomics) [PSYoungGen: 73416K->0K(175104K)] [ParOldGen: 452842K->47090K(524288K)] 526258K->47090K(699392K), [Metaspace: 44550K->44550K(1087488K)], 0.0546945 secs] [Times: user=0.29 sys=0.01, real=0.05 secs] 
2016-09-24T01:00:44.608-0400: 210.062: [GC (GCLocker Initiated GC) [PSYoungGen: 88064K->79943K(175104K)] 141450K->133329K(699392K), 0.0163087 secs] [Times: user=0.14 sys=0.00, real=0.02 secs] 
2016-09-24T01:00:44.776-0400: 210.229: [GC (Allocation Failure) [PSYoungGen: 168007K->24784K(175104K)] 221580K->133719K(699392K), 0.0097620 secs] [Times: user=0.09 sys=0.00, real=0.01 secs] 
2016-09-24T01:00:44.909-0400: 210.363: [GC (GCLocker Initiated GC) [PSYoungGen: 112848K->43073K(175104K)] 221789K->170326K(699392K), 0.0103201 secs] [Times: user=0.09 sys=0.00, real=0.01 secs] 
2016-09-24T01:00:45.050-0400: 210.504: [GC (Allocation Failure) [PSYoungGen: 131137K->43173K(175104K)] 264726K->201141K(699392K), 0.0147053 secs] [Times: user=0.16 sys=0.00, real=0.02 secs] 
2016-09-24T01:00:45.066-0400: 210.519: [GC (GCLocker Initiated GC) [PSYoungGen: 43539K->224K(175104K)] 201508K->213434K(699392K), 0.0086691 secs] [Times: user=0.12 sys=0.00, real=0.01 secs] 
2016-09-24T01:00:45.202-0400: 210.656: [GC (GCLocker Initiated GC) [PSYoungGen: 86980K->86118K(175104K)] 306265K->311478K(699392K), 0.0118044 secs] [Times: user=0.14 sys=0.00, real=0.00 secs] 
2016-09-24T01:00:45.309-0400: 210.762: [GC (GCLocker Initiated GC) [PSYoungGen: 174182K->79551K(175104K)] 399623K->366393K(699392K), 0.0226508 secs] [Times: user=0.28 sys=0.01, real=0.02 secs] 
2016-09-24T01:00:45.442-0400: 210.895: [GC (GCLocker Initiated GC) [PSYoungGen: 167615K->73740K(175104K)] 454610K->397305K(699392K), 0.0221513 secs] [Times: user=0.28 sys=0.00, real=0.03 secs] 
2016-09-24T01:00:45.568-0400: 211.022: [GC (Allocation Failure) [PSYoungGen: 161804K->73512K(175104K)] 485725K->397880K(699392K), 0.0083164 secs] [Times: user=0.08 sys=0.00, real=0.01 secs] 
2016-09-24T01:00:45.693-0400: 211.146: [GC (GCLocker Initiated GC) [PSYoungGen: 161576K->49052K(175104K)] 485945K->410138K(699392K), 0.0359830 secs] [Times: user=0.41 sys=0.00, real=0.04 secs] 
2016-09-24T01:00:45.842-0400: 211.295: [GC (GCLocker Initiated GC) [PSYoungGen: 137116K->73448K(175104K)] 498368K->434796K(699392K), 0.0191088 secs] [Times: user=0.15 sys=0.00, real=0.02 secs] 
2016-09-24T01:00:45.987-0400: 211.440: [GC (GCLocker Initiated GC) [PSYoungGen: 161512K->37098K(175104K)] 523138K->435433K(699392K), 0.0208043 secs] [Times: user=0.17 sys=0.01, real=0.02 secs] 
2016-09-24T01:00:46.150-0400: 211.603: [GC (GCLocker Initiated GC) [PSYoungGen: 125162K->55155K(175104K)] 529608K->478118K(699392K), 0.0276912 secs] [Times: user=0.25 sys=0.00, real=0.03 secs] 
2016-09-24T01:00:46.308-0400: 211.761: [GC (GCLocker Initiated GC) [PSYoungGen: 143219K->42909K(175104K)] 578637K->527030K(699392K), 0.0233012 secs] [Times: user=0.24 sys=0.00, real=0.02 secs] 
2016-09-24T01:00:46.331-0400: 211.785: [Full GC (Ergonomics) [PSYoungGen: 42909K->0K(175104K)] [ParOldGen: 484121K->53253K(524288K)] 527030K->53253K(699392K), [Metaspace: 44551K->44551K(1087488K)], 0.0665003 secs] [Times: user=0.38 sys=0.01, real=0.07 secs] 
2016-09-24T01:00:46.508-0400: 211.962: [GC (GCLocker Initiated GC) [PSYoungGen: 88064K->80690K(175104K)] 141324K->133951K(699392K), 0.0094352 secs] [Times: user=0.10 sys=0.00, real=0.01 secs] 
2016-09-24T01:00:46.649-0400: 212.103: [GC (Allocation Failure) [PSYoungGen: 168754K->61718K(175104K)] 234442K->146514K(699392K), 0.0127934 secs] [Times: user=0.15 sys=0.00, real=0.01 secs] 
2016-09-24T01:00:46.769-0400: 212.222: [GC (GCLocker Initiated GC) [PSYoungGen: 145361K->37094K(175104K)] 236232K->152376K(699392K), 0.0136696 secs] [Times: user=0.14 sys=0.00, real=0.02 secs] 
2016-09-24T01:00:46.921-0400: 212.374: [GC (Allocation Failure) [PSYoungGen: 125158K->55547K(175104K)] 246723K->177248K(699392K), 0.0266562 secs] [Times: user=0.33 sys=0.00, real=0.03 secs] 
2016-09-24T01:00:47.061-0400: 212.515: [GC (GCLocker Initiated GC) [PSYoungGen: 143611K->73444K(175104K)] 265317K->195614K(699392K), 0.0211233 secs] [Times: user=0.26 sys=0.00, real=0.03 secs] 
2016-09-24T01:00:47.209-0400: 212.663: [GC (Allocation Failure) [PSYoungGen: 161508K->55287K(175104K)] 289945K->202068K(699392K), 0.0152143 secs] [Times: user=0.16 sys=0.01, real=0.02 secs] 
2016-09-24T01:00:47.322-0400: 212.775: [GC (GCLocker Initiated GC) [PSYoungGen: 143351K->61230K(175104K)] 290143K->226515K(699392K), 0.0211281 secs] [Times: user=0.21 sys=0.00, real=0.03 secs] 
2016-09-24T01:00:47.443-0400: 212.897: [GC (GCLocker Initiated GC) [PSYoungGen: 149294K->85958K(175104K)] 314684K->269677K(699392K), 0.0152730 secs] [Times: user=0.17 sys=0.01, real=0.01 secs] 
2016-09-24T01:00:47.574-0400: 213.028: [GC (GCLocker Initiated GC) [PSYoungGen: 174022K->73480K(175104K)] 357867K->275997K(699392K), 0.0120221 secs] [Times: user=0.12 sys=0.00, real=0.01 secs] 
2016-09-24T01:00:47.716-0400: 213.170: [GC (GCLocker Initiated GC) [PSYoungGen: 161544K->24947K(175104K)] 382501K->288510K(699392K), 0.0211995 secs] [Times: user=0.19 sys=0.00, real=0.02 secs] 
2016-09-24T01:00:47.882-0400: 213.336: [GC (GCLocker Initiated GC) [PSYoungGen: 113011K->55679K(175104K)] 382757K->325863K(699392K), 0.0096027 secs] [Times: user=0.11 sys=0.00, real=0.00 secs] 
2016-09-24T01:00:48.003-0400: 213.456: [GC (GCLocker Initiated GC) [PSYoungGen: 143743K->79751K(175104K)] 414289K->350409K(699392K), 0.0098570 secs] [Times: user=0.07 sys=0.00, real=0.00 secs] 
2016-09-24T01:00:48.137-0400: 213.591: [GC (GCLocker Initiated GC) [PSYoungGen: 167815K->55223K(175104K)] 438476K->344540K(699392K), 0.0150902 secs] [Times: user=0.12 sys=0.00, real=0.01 secs] 
2016-09-24T01:00:48.293-0400: 213.746: [GC (GCLocker Initiated GC) [PSYoungGen: 143287K->61494K(175104K)] 438704K->387554K(699392K), 0.0300177 secs] [Times: user=0.33 sys=0.00, real=0.04 secs] 
2016-09-24T01:00:48.450-0400: 213.903: [GC (Allocation Failure) [PSYoungGen: 149558K->67305K(175104K)] 481813K->399991K(699392K), 0.0217242 secs] [Times: user=0.29 sys=0.00, real=0.02 secs] 
2016-09-24T01:00:48.613-0400: 214.067: [GC (GCLocker Initiated GC) [PSYoungGen: 155369K->42973K(175104K)] 488061K->424360K(699392K), 0.0100565 secs] [Times: user=0.09 sys=0.00, real=0.02 secs] 
2016-09-24T01:00:48.717-0400: 214.171: [GC (GCLocker Initiated GC) [PSYoungGen: 131037K->73580K(175104K)] 512640K->455271K(699392K), 0.0204427 secs] [Times: user=0.20 sys=0.00, real=0.02 secs] 
2016-09-24T01:00:48.866-0400: 214.320: [GC (GCLocker Initiated GC) [PSYoungGen: 161644K->61394K(175104K)] 543483K->480146K(699392K), 0.0170603 secs] [Times: user=0.19 sys=0.00, real=0.02 secs] 
2016-09-24T01:00:49.003-0400: 214.457: [GC (GCLocker Initiated GC) [PSYoungGen: 149458K->85790K(175104K)] 568549K->511255K(699392K), 0.0086998 secs] [Times: user=0.12 sys=0.00, real=0.00 secs] 
2016-09-24T01:00:49.138-0400: 214.591: [GC (GCLocker Initiated GC) [PSYoungGen: 173854K->73608K(175104K)] 599613K->530081K(699392K), 0.0306831 secs] [Times: user=0.36 sys=0.00, real=0.03 secs] 
2016-09-24T01:00:49.290-0400: 214.743: [GC (Allocation Failure) [PSYoungGen: 161668K->55383K(175104K)] 618497K->560947K(699392K), 0.0103970 secs] [Times: user=0.10 sys=0.00, real=0.01 secs] 
2016-09-24T01:00:49.300-0400: 214.754: [Full GC (Ergonomics) [PSYoungGen: 55383K->0K(175104K)] [ParOldGen: 505564K->53533K(524288K)] 560947K->53533K(699392K), [Metaspace: 44551K->44551K(1087488K)], 0.0565577 secs] [Times: user=0.36 sys=0.01, real=0.06 secs] 
2016-09-24T01:00:49.450-0400: 214.903: [GC (GCLocker Initiated GC) [PSYoungGen: 82287K->86406K(175104K)] 141895K->152089K(699392K), 0.0096969 secs] [Times: user=0.11 sys=0.00, real=0.01 secs] 
2016-09-24T01:00:49.620-0400: 215.074: [GC (Allocation Failure) [PSYoungGen: 174470K->43073K(175104K)] 240309K->127964K(699392K), 0.0295926 secs] [Times: user=0.25 sys=0.00, real=0.03 secs] 
2016-09-24T01:00:49.751-0400: 215.204: [GC (GCLocker Initiated GC) [PSYoungGen: 131137K->67405K(175104K)] 216029K->170797K(699392K), 0.0206171 secs] [Times: user=0.20 sys=0.00, real=0.02 secs] 
2016-09-24T01:00:49.898-0400: 215.351: [GC (Allocation Failure) [PSYoungGen: 155469K->43692K(175104K)] 265264K->190001K(699392K), 0.0222289 secs] [Times: user=0.20 sys=0.01, real=0.02 secs] 
2016-09-24T01:00:50.062-0400: 215.516: [GC (GCLocker Initiated GC) [PSYoungGen: 128498K->37126K(175104K)] 286956K->195868K(699392K), 0.0189499 secs] [Times: user=0.19 sys=0.00, real=0.01 secs] 
2016-09-24T01:00:50.214-0400: 215.668: [GC (GCLocker Initiated GC) [PSYoungGen: 125190K->19588K(175104K)] 302429K->197127K(699392K), 0.0058944 secs] [Times: user=0.06 sys=0.00, real=0.00 secs] 
2016-09-24T01:00:50.322-0400: 215.776: [GC (Allocation Failure) [PSYoungGen: 107652K->73284K(175104K)] 285311K->251537K(699392K), 0.0185043 secs] [Times: user=0.15 sys=0.00, real=0.01 secs] 
2016-09-24T01:00:50.469-0400: 215.922: [GC (GCLocker Initiated GC) [PSYoungGen: 161348K->73904K(175104K)] 339607K->288716K(699392K), 0.0131195 secs] [Times: user=0.13 sys=0.01, real=0.01 secs] 
2016-09-24T01:00:50.603-0400: 216.056: [GC (GCLocker Initiated GC) [PSYoungGen: 161968K->73348K(175104K)] 382910K->294722K(699392K), 0.0205510 secs] [Times: user=0.19 sys=0.00, real=0.02 secs] 
2016-09-24T01:00:50.746-0400: 216.200: [GC (GCLocker Initiated GC) [PSYoungGen: 161412K->61266K(175104K)] 382951K->301133K(699392K), 0.0192525 secs] [Times: user=0.17 sys=0.00, real=0.02 secs] 
2016-09-24T01:00:50.893-0400: 216.346: [GC (GCLocker Initiated GC) [PSYoungGen: 149330K->55123K(175104K)] 395443K->337954K(699392K), 0.0340321 secs] [Times: user=0.40 sys=0.00, real=0.04 secs] 
2016-09-24T01:00:51.041-0400: 216.494: [GC (GCLocker Initiated GC) [PSYoungGen: 143187K->67241K(175104K)] 426042K->386658K(699392K), 0.0103945 secs] [Times: user=0.09 sys=0.01, real=0.01 secs] 
2016-09-24T01:00:51.160-0400: 216.613: [GC (GCLocker Initiated GC) [PSYoungGen: 155305K->55711K(175104K)] 480989K->418005K(699392K), 0.0136685 secs] [Times: user=0.14 sys=0.00, real=0.01 secs] 
2016-09-24T01:00:51.285-0400: 216.738: [GC (GCLocker Initiated GC) [PSYoungGen: 143775K->61234K(175104K)] 512208K->448316K(699392K), 0.0427815 secs] [Times: user=0.42 sys=0.00, real=0.04 secs] 
2016-09-24T01:00:51.458-0400: 216.911: [GC (GCLocker Initiated GC) [PSYoungGen: 149298K->36998K(175104K)] 549237K->437024K(699392K), 0.0096941 secs] [Times: user=0.08 sys=0.00, real=0.01 secs] 
2016-09-24T01:00:51.595-0400: 217.049: [GC (GCLocker Initiated GC) [PSYoungGen: 125062K->73480K(175104K)] 525191K->473876K(699392K), 0.0117436 secs] [Times: user=0.11 sys=0.00, real=0.01 secs] 
2016-09-24T01:00:51.717-0400: 217.171: [GC (GCLocker Initiated GC) [PSYoungGen: 161544K->55255K(175104K)] 568265K->480476K(699392K), 0.0198839 secs] [Times: user=0.20 sys=0.00, real=0.02 secs] 
2016-09-24T01:00:51.872-0400: 217.325: [GC (GCLocker Initiated GC) [PSYoungGen: 143319K->86086K(175104K)] 568650K->523858K(699392K), 0.0106314 secs] [Times: user=0.11 sys=0.01, real=0.02 secs] 
2016-09-24T01:00:52.042-0400: 217.496: [GC (GCLocker Initiated GC) [PSYoungGen: 174150K->42845K(175104K)] 612013K->529896K(699392K), 0.0135753 secs] [Times: user=0.11 sys=0.01, real=0.01 secs] 
2016-09-24T01:00:52.056-0400: 217.509: [Full GC (Ergonomics) [PSYoungGen: 42845K->0K(175104K)] [ParOldGen: 487051K->47672K(524288K)] 529896K->47672K(699392K), [Metaspace: 44551K->44551K(1087488K)], 0.0631767 secs] [Times: user=0.36 sys=0.00, real=0.06 secs] 
2016-09-24T01:00:52.231-0400: 217.684: [GC (GCLocker Initiated GC) [PSYoungGen: 88064K->85822K(175104K)] 136020K->145928K(699392K), 0.0259593 secs] [Times: user=0.24 sys=0.00, real=0.03 secs] 
2016-09-24T01:00:52.385-0400: 217.839: [GC (GCLocker Initiated GC) [PSYoungGen: 173886K->43265K(175104K)] 240142K->164760K(699392K), 0.0087057 secs] [Times: user=0.10 sys=0.00, real=0.00 secs] 
2016-09-24T01:00:52.479-0400: 217.933: [GC (GCLocker Initiated GC) [PSYoungGen: 131329K->85726K(175104K)] 252882K->238118K(699392K), 0.0119022 secs] [Times: user=0.16 sys=0.00, real=0.01 secs] 
2016-09-24T01:00:52.612-0400: 218.066: [GC (Allocation Failure) [PSYoungGen: 173790K->43041K(175104K)] 332393K->238166K(699392K), 0.0396561 secs] [Times: user=0.40 sys=0.02, real=0.04 secs] 
2016-09-24T01:00:52.760-0400: 218.213: [GC (GCLocker Initiated GC) [PSYoungGen: 131105K->61558K(175104K)] 326235K->256948K(699392K), 0.0207185 secs] [Times: user=0.24 sys=0.00, real=0.02 secs] 
2016-09-24T01:00:52.894-0400: 218.347: [GC (Allocation Failure) [PSYoungGen: 149622K->67505K(175104K)] 345205K->293558K(699392K), 0.0295094 secs] [Times: user=0.31 sys=0.00, real=0.04 secs] 
2016-09-24T01:00:53.051-0400: 218.505: [GC (GCLocker Initiated GC) [PSYoungGen: 154246K->31019K(175104K)] 386375K->299857K(699392K), 0.0535169 secs] [Times: user=0.58 sys=0.01, real=0.06 secs] 
2016-09-24T01:00:53.219-0400: 218.672: [GC (Allocation Failure) [PSYoungGen: 119083K->85598K(175104K)] 388052K->360761K(699392K), 0.0309400 secs] [Times: user=0.30 sys=0.00, real=0.03 secs] 
2016-09-24T01:00:53.368-0400: 218.821: [GC (Allocation Failure) [PSYoungGen: 173662K->43041K(175104K)] 448825K->379206K(699392K), 0.0139001 secs] [Times: user=0.10 sys=0.01, real=0.01 secs] 
2016-09-24T01:00:53.487-0400: 218.940: [GC (GCLocker Initiated GC) [PSYoungGen: 126749K->30891K(175104K)] 468989K->409825K(699392K), 0.0324484 secs] [Times: user=0.35 sys=0.00, real=0.03 secs] 
2016-09-24T01:00:53.657-0400: 219.110: [GC (GCLocker Initiated GC) [PSYoungGen: 118955K->85826K(175104K)] 498070K->465201K(699392K), 0.0212798 secs] [Times: user=0.18 sys=0.00, real=0.02 secs] 
2016-09-24T01:00:53.820-0400: 219.273: [GC (GCLocker Initiated GC) [PSYoungGen: 173890K->43041K(175104K)] 553267K->459159K(699392K), 0.0356189 secs] [Times: user=0.42 sys=0.00, real=0.04 secs] 
2016-09-24T01:00:53.964-0400: 219.418: [GC (GCLocker Initiated GC) [PSYoungGen: 131105K->67565K(175104K)] 547477K->502502K(699392K), 0.0229735 secs] [Times: user=0.29 sys=0.00, real=0.02 secs] 
2016-09-24T01:00:54.102-0400: 219.555: [GC (GCLocker Initiated GC) [PSYoungGen: 155629K->73772K(175104K)] 590927K->564069K(699392K), 0.0140579 secs] [Times: user=0.19 sys=0.00, real=0.02 secs] 
2016-09-24T01:00:54.116-0400: 219.570: [Full GC (Ergonomics) [PSYoungGen: 73772K->0K(175104K)] [ParOldGen: 490296K->54180K(524288K)] 564069K->54180K(699392K), [Metaspace: 44561K->44561K(1087488K)], 0.0657848 secs] [Times: user=0.50 sys=0.02, real=0.06 secs] 
2016-09-24T01:00:54.283-0400: 219.736: [GC (GCLocker Initiated GC) [PSYoungGen: 88064K->85854K(175104K)] 142426K->164516K(699392K), 0.0107074 secs] [Times: user=0.16 sys=0.01, real=0.00 secs] 
2016-09-24T01:00:54.432-0400: 219.886: [GC (GCLocker Initiated GC) [PSYoungGen: 173918K->67565K(175104K)] 258926K->201465K(699392K), 0.0179777 secs] [Times: user=0.22 sys=0.00, real=0.02 secs] 
2016-09-24T01:00:54.572-0400: 220.025: [GC (Allocation Failure) [PSYoungGen: 155629K->73608K(175104K)] 289777K->208064K(699392K), 0.0095857 secs] [Times: user=0.11 sys=0.00, real=0.01 secs] 
2016-09-24T01:00:54.687-0400: 220.141: [GC (GCLocker Initiated GC) [PSYoungGen: 161672K->61522K(175104K)] 296133K->232701K(699392K), 0.0106099 secs] [Times: user=0.10 sys=0.00, real=0.01 secs] 
2016-09-24T01:00:54.830-0400: 220.283: [GC (GCLocker Initiated GC) [PSYoungGen: 149586K->86250K(175104K)] 320946K->263821K(699392K), 0.0101768 secs] [Times: user=0.14 sys=0.00, real=0.01 secs] 
2016-09-24T01:00:54.986-0400: 220.439: [GC (Allocation Failure) [PSYoungGen: 174314K->18933K(175104K)] 364049K->227356K(699392K), 0.0098438 secs] [Times: user=0.14 sys=0.00, real=0.01 secs] 
2016-09-24T01:00:55.148-0400: 220.602: [GC (GCLocker Initiated GC) [PSYoungGen: 103477K->55483K(175104K)] 317976K->270264K(699392K), 0.0064003 secs] [Times: user=0.06 sys=0.00, real=0.01 secs] 
2016-09-24T01:00:55.294-0400: 220.747: [GC (GCLocker Initiated GC) [PSYoungGen: 143547K->37094K(175104K)] 364406K->276438K(699392K), 0.0060333 secs] [Times: user=0.07 sys=0.00, real=0.01 secs] 
2016-09-24T01:00:55.428-0400: 220.881: [GC (GCLocker Initiated GC) [PSYoungGen: 125158K->85726K(175104K)] 364812K->331591K(699392K), 0.0126571 secs] [Times: user=0.14 sys=0.00, real=0.01 secs] 
2016-09-24T01:00:55.548-0400: 221.001: [GC (GCLocker Initiated GC) [PSYoungGen: 173790K->67597K(175104K)] 419977K->356632K(699392K), 0.0171540 secs] [Times: user=0.19 sys=0.00, real=0.02 secs] 
2016-09-24T01:00:55.687-0400: 221.140: [GC (GCLocker Initiated GC) [PSYoungGen: 155661K->43105K(175104K)] 456871K->362800K(699392K), 0.0154834 secs] [Times: user=0.13 sys=0.00, real=0.02 secs] 
2016-09-24T01:00:55.849-0400: 221.303: [GC (Allocation Failure) [PSYoungGen: 131169K->49372K(175104K)] 463061K->436082K(699392K), 0.0183650 secs] [Times: user=0.19 sys=0.00, real=0.02 secs] 
2016-09-24T01:00:56.000-0400: 221.453: [GC (GCLocker Initiated GC) [PSYoungGen: 137436K->49344K(175104K)] 524147K->454563K(699392K), 0.0101021 secs] [Times: user=0.08 sys=0.00, real=0.01 secs] 
2016-09-24T01:00:56.119-0400: 221.572: [GC (GCLocker Initiated GC) [PSYoungGen: 137408K->73640K(175104K)] 542759K->497523K(699392K), 0.0128101 secs] [Times: user=0.15 sys=0.00, real=0.01 secs] 
2016-09-24T01:00:56.259-0400: 221.712: [GC (GCLocker Initiated GC) [PSYoungGen: 161704K->85854K(175104K)] 585589K->534307K(699392K), 0.0122145 secs] [Times: user=0.10 sys=0.02, real=0.01 secs] 
2016-09-24T01:00:56.403-0400: 221.857: [GC (GCLocker Initiated GC) [PSYoungGen: 173918K->55255K(175104K)] 634799K->516419K(699392K), 0.0127766 secs] [Times: user=0.16 sys=0.00, real=0.01 secs] 
2016-09-24T01:00:56.536-0400: 221.990: [Full GC (Ergonomics) [PSYoungGen: 143319K->0K(175104K)] [ParOldGen: 467589K->54409K(524288K)] 610908K->54409K(699392K), [Metaspace: 44561K->44561K(1087488K)], 0.0601418 secs] [Times: user=0.37 sys=0.01, real=0.06 secs] 
2016-09-24T01:00:56.704-0400: 222.158: [GC (GCLocker Initiated GC) [PSYoungGen: 82731K->55351K(175104K)] 143215K->115835K(699392K), 0.0137841 secs] [Times: user=0.16 sys=0.00, real=0.01 secs] 
2016-09-24T01:00:56.867-0400: 222.321: [GC (GCLocker Initiated GC) [PSYoungGen: 143415K->49116K(175104K)] 204103K->128289K(699392K), 0.0081113 secs] [Times: user=0.06 sys=0.00, real=0.01 secs] 
2016-09-24T01:00:57.007-0400: 222.460: [GC (GCLocker Initiated GC) [PSYoungGen: 137180K->48984K(175104K)] 216390K->128461K(699392K), 0.0454364 secs] [Times: user=0.38 sys=0.01, real=0.04 secs] 
2016-09-24T01:00:57.144-0400: 222.597: [GC (GCLocker Initiated GC) [PSYoungGen: 137048K->55159K(175104K)] 216573K->146937K(699392K), 0.0175045 secs] [Times: user=0.16 sys=0.00, real=0.01 secs] 
2016-09-24T01:00:57.274-0400: 222.727: [GC (Allocation Failure) [PSYoungGen: 143223K->61298K(175104K)] 241308K->208235K(699392K), 0.0110402 secs] [Times: user=0.08 sys=0.00, real=0.02 secs] 
2016-09-24T01:00:57.422-0400: 222.876: [GC (GCLocker Initiated GC) [PSYoungGen: 147768K->37258K(175104K)] 300780K->227003K(699392K), 0.0331932 secs] [Times: user=0.38 sys=0.00, real=0.03 secs] 
2016-09-24T01:00:57.580-0400: 223.034: [GC (GCLocker Initiated GC) [PSYoungGen: 125322K->79651K(175104K)] 315434K->270031K(699392K), 0.0103053 secs] [Times: user=0.09 sys=0.00, real=0.01 secs] 
2016-09-24T01:00:57.715-0400: 223.168: [GC (GCLocker Initiated GC) [PSYoungGen: 167715K->37094K(175104K)] 370466K->288548K(699392K), 0.0245568 secs] [Times: user=0.26 sys=0.00, real=0.02 secs] 
2016-09-24T01:00:57.849-0400: 223.303: [GC (GCLocker Initiated GC) [PSYoungGen: 125158K->67665K(175104K)] 383054K->325665K(699392K), 0.0343248 secs] [Times: user=0.38 sys=0.00, real=0.04 secs] 
2016-09-24T01:00:58.020-0400: 223.473: [GC (GCLocker Initiated GC) [PSYoungGen: 155729K->55319K(175104K)] 419912K->338026K(699392K), 0.0272889 secs] [Times: user=0.31 sys=0.01, real=0.03 secs] 
2016-09-24T01:00:58.162-0400: 223.616: [GC (GCLocker Initiated GC) [PSYoungGen: 143383K->73676K(175104K)] 432454K->363047K(699392K), 0.0134437 secs] [Times: user=0.17 sys=0.00, real=0.01 secs] 
2016-09-24T01:00:58.312-0400: 223.766: [GC (GCLocker Initiated GC) [PSYoungGen: 161740K->36962K(175104K)] 463419K->375547K(699392K), 0.0099524 secs] [Times: user=0.08 sys=0.00, real=0.02 secs] 
2016-09-24T01:00:58.453-0400: 223.906: [GC (GCLocker Initiated GC) [PSYoungGen: 125026K->67373K(175104K)] 469913K->412355K(699392K), 0.0261412 secs] [Times: user=0.26 sys=0.00, real=0.03 secs] 
2016-09-24T01:00:58.614-0400: 224.068: [GC (GCLocker Initiated GC) [PSYoungGen: 155437K->73284K(175104K)] 500461K->436785K(699392K), 0.0147580 secs] [Times: user=0.13 sys=0.00, real=0.01 secs] 
2016-09-24T01:00:58.739-0400: 224.192: [GC (GCLocker Initiated GC) [PSYoungGen: 161348K->67569K(175104K)] 531094K->467778K(699392K), 0.0369877 secs] [Times: user=0.37 sys=0.00, real=0.04 secs] 
2016-09-24T01:00:58.926-0400: 224.379: [GC (GCLocker Initiated GC) [PSYoungGen: 155633K->43041K(175104K)] 562204K->486322K(699392K), 0.0305624 secs] [Times: user=0.30 sys=0.00, real=0.03 secs] 
2016-09-24T01:00:59.085-0400: 224.538: [GC (GCLocker Initiated GC) [PSYoungGen: 131105K->55583K(175104K)] 580665K->505230K(699392K), 0.0069125 secs] [Times: user=0.05 sys=0.00, real=0.00 secs] 
2016-09-24T01:00:59.213-0400: 224.666: [GC (GCLocker Initiated GC) [PSYoungGen: 143647K->55223K(175104K)] 599724K->529801K(699392K), 0.0187030 secs] [Times: user=0.19 sys=0.00, real=0.02 secs] 
2016-09-24T01:00:59.231-0400: 224.685: [Full GC (Ergonomics) [PSYoungGen: 55223K->0K(175104K)] [ParOldGen: 474578K->54437K(524288K)] 529801K->54437K(699392K), [Metaspace: 44561K->44561K(1087488K)], 0.0576674 secs] [Times: user=0.32 sys=0.00, real=0.06 secs] 
2016-09-24T01:00:59.400-0400: 224.854: [GC (GCLocker Initiated GC) [PSYoungGen: 88064K->86406K(175104K)] 142509K->153001K(699392K), 0.0094747 secs] [Times: user=0.11 sys=0.00, real=0.01 secs] 
2016-09-24T01:00:59.526-0400: 224.979: [GC (GCLocker Initiated GC) [PSYoungGen: 174470K->67405K(175104K)] 247422K->189833K(699392K), 0.0211137 secs] [Times: user=0.20 sys=0.01, real=0.02 secs] 
2016-09-24T01:00:59.658-0400: 225.111: [GC (GCLocker Initiated GC) [PSYoungGen: 155469K->61430K(175104K)] 284327K->208765K(699392K), 0.0142164 secs] [Times: user=0.12 sys=0.00, real=0.01 secs] 
2016-09-24T01:00:59.804-0400: 225.257: [GC (Allocation Failure) [PSYoungGen: 149494K->43041K(175104K)] 303046K->215077K(699392K), 0.0351467 secs] [Times: user=0.36 sys=0.00, real=0.03 secs] 
2016-09-24T01:00:59.942-0400: 225.396: [GC (GCLocker Initiated GC) [PSYoungGen: 131105K->79715K(175104K)] 303147K->282432K(699392K), 0.0130239 secs] [Times: user=0.13 sys=0.00, real=0.01 secs] 
2016-09-24T01:01:00.085-0400: 225.538: [GC (GCLocker Initiated GC) [PSYoungGen: 167779K->49180K(175104K)] 382806K->294857K(699392K), 0.0253694 secs] [Times: user=0.24 sys=0.00, real=0.02 secs] 
2016-09-24T01:01:00.223-0400: 225.676: [GC (GCLocker Initiated GC) [PSYoungGen: 137244K->67697K(175104K)] 383215K->350409K(699392K), 0.0132530 secs] [Times: user=0.12 sys=0.00, real=0.01 secs] 
2016-09-24T01:01:00.347-0400: 225.801: [GC (GCLocker Initiated GC) [PSYoungGen: 155759K->61298K(175104K)] 438838K->362705K(699392K), 0.0208994 secs] [Times: user=0.23 sys=0.00, real=0.02 secs] 
2016-09-24T01:01:00.498-0400: 225.952: [GC (GCLocker Initiated GC) [PSYoungGen: 149362K->37094K(175104K)] 457406K->381832K(699392K), 0.0210431 secs] [Times: user=0.22 sys=0.01, real=0.02 secs] 
2016-09-24T01:01:00.643-0400: 226.097: [GC (GCLocker Initiated GC) [PSYoungGen: 125158K->85694K(175104K)] 469967K->436674K(699392K), 0.0102090 secs] [Times: user=0.09 sys=0.00, real=0.00 secs] 
2016-09-24T01:01:00.779-0400: 226.232: [GC (GCLocker Initiated GC) [PSYoungGen: 173758K->37130K(175104K)] 531040K->425039K(699392K), 0.0137943 secs] [Times: user=0.11 sys=0.00, real=0.01 secs] 
2016-09-24T01:01:00.904-0400: 226.357: [GC (Allocation Failure) [PSYoungGen: 125194K->43005K(175104K)] 525441K->461745K(699392K), 0.0221473 secs] [Times: user=0.20 sys=0.00, real=0.02 secs] 
2016-09-24T01:01:01.045-0400: 226.498: [GC (GCLocker Initiated GC) [PSYoungGen: 131069K->79783K(175104K)] 549810K->529002K(699392K), 0.0130031 secs] [Times: user=0.13 sys=0.00, real=0.01 secs] 
2016-09-24T01:01:01.183-0400: 226.636: [GC (GCLocker Initiated GC) [PSYoungGen: 167847K->55191K(175104K)] 623368K->529352K(699392K), 0.0120179 secs] [Times: user=0.12 sys=0.00, real=0.01 secs] 
2016-09-24T01:01:01.195-0400: 226.648: [Full GC (Ergonomics) [PSYoungGen: 55191K->0K(175104K)] [ParOldGen: 474161K->48359K(524288K)] 529352K->48359K(699392K), [Metaspace: 44562K->44562K(1087488K)], 0.0522498 secs] [Times: user=0.25 sys=0.00, real=0.05 secs] 
2016-09-24T01:01:01.374-0400: 226.827: [GC (GCLocker Initiated GC) [PSYoungGen: 88064K->74060K(175104K)] 148895K->134891K(699392K), 0.0097836 secs] [Times: user=0.11 sys=0.00, real=0.02 secs] 
2016-09-24T01:01:01.521-0400: 226.974: [GC (GCLocker Initiated GC) [PSYoungGen: 162124K->37094K(175104K)] 235242K->116966K(699392K), 0.0152692 secs] [Times: user=0.16 sys=0.00, real=0.02 secs] 
2016-09-24T01:01:01.649-0400: 227.102: [GC (GCLocker Initiated GC) [PSYoungGen: 125158K->79911K(175104K)] 211147K->166012K(699392K), 0.0281746 secs] [Times: user=0.39 sys=0.01, real=0.03 secs] 
2016-09-24T01:01:01.790-0400: 227.244: [GC (Allocation Failure) [PSYoungGen: 167975K->55123K(175104K)] 254118K->190289K(699392K), 0.0334373 secs] [Times: user=0.34 sys=0.01, real=0.04 secs] 
2016-09-24T01:01:01.933-0400: 227.386: [GC (Allocation Failure) [PSYoungGen: 143187K->49280K(175104K)] 278353K->220984K(699392K), 0.0246610 secs] [Times: user=0.26 sys=0.00, real=0.03 secs] 
2016-09-24T01:01:02.072-0400: 227.526: [GC (GCLocker Initiated GC) [PSYoungGen: 137344K->73544K(175104K)] 309054K->263902K(699392K), 0.0150019 secs] [Times: user=0.13 sys=0.01, real=0.02 secs] 
2016-09-24T01:01:02.216-0400: 227.669: [GC (GCLocker Initiated GC) [PSYoungGen: 161608K->85726K(175104K)] 352009K->324854K(699392K), 0.0291238 secs] [Times: user=0.34 sys=0.00, real=0.03 secs] 
2016-09-24T01:01:02.366-0400: 227.819: [GC (GCLocker Initiated GC) [PSYoungGen: 173790K->61622K(175104K)] 419288K->343869K(699392K), 0.0096688 secs] [Times: user=0.08 sys=0.00, real=0.01 secs] 
2016-09-24T01:01:02.521-0400: 227.974: [GC (Allocation Failure) [PSYoungGen: 149686K->43069K(175104K)] 438195K->350291K(699392K), 0.0066074 secs] [Times: user=0.08 sys=0.00, real=0.01 secs] 
2016-09-24T01:01:02.654-0400: 228.108: [GC (GCLocker Initiated GC) [PSYoungGen: 128698K->55451K(175104K)] 441995K->393135K(699392K), 0.0270498 secs] [Times: user=0.29 sys=0.00, real=0.02 secs] 
2016-09-24T01:01:02.813-0400: 228.267: [GC (GCLocker Initiated GC) [PSYoungGen: 143515K->67373K(175104K)] 487635K->423911K(699392K), 0.0275165 secs] [Times: user=0.32 sys=0.00, real=0.03 secs] 
2016-09-24T01:01:02.980-0400: 228.434: [GC (Allocation Failure) [PSYoungGen: 155437K->61526K(175104K)] 512072K->436497K(699392K), 0.0205115 secs] [Times: user=0.17 sys=0.00, real=0.02 secs] 
2016-09-24T01:01:03.109-0400: 228.562: [GC (GCLocker Initiated GC) [PSYoungGen: 148155K->55159K(175104K)] 529202K->460749K(699392K), 0.0196546 secs] [Times: user=0.17 sys=0.00, real=0.02 secs] 
2016-09-24T01:01:03.247-0400: 228.701: [GC (GCLocker Initiated GC) [PSYoungGen: 143223K->55547K(175104K)] 561257K->473701K(699392K), 0.0095451 secs] [Times: user=0.08 sys=0.00, real=0.01 secs] 
2016-09-24T01:01:03.404-0400: 228.857: [GC (GCLocker Initiated GC) [PSYoungGen: 143611K->49084K(175104K)] 562002K->480032K(699392K), 0.0156156 secs] [Times: user=0.14 sys=0.00, real=0.01 secs] 
2016-09-24T01:01:03.555-0400: 229.009: [GC (GCLocker Initiated GC) [PSYoungGen: 137148K->24880K(175104K)] 568345K->492631K(699392K), 0.0091295 secs] [Times: user=0.06 sys=0.00, real=0.01 secs] 
2016-09-24T01:01:03.678-0400: 229.131: [GC (GCLocker Initiated GC) [PSYoungGen: 112944K->85598K(175104K)] 580748K->565664K(699392K), 0.0185015 secs] [Times: user=0.21 sys=0.00, real=0.02 secs] 
2016-09-24T01:01:03.696-0400: 229.150: [Full GC (Ergonomics) [PSYoungGen: 85598K->0K(175104K)] [ParOldGen: 480066K->48654K(524288K)] 565664K->48654K(699392K), [Metaspace: 44562K->44562K(1087488K)], 0.0584244 secs] [Times: user=0.38 sys=0.00, real=0.06 secs] 
2016-09-24T01:01:03.869-0400: 229.323: [GC (Allocation Failure) [PSYoungGen: 88064K->86598K(175104K)] 149089K->147623K(699392K), 0.0070713 secs] [Times: user=0.09 sys=0.00, real=0.01 secs] 
2016-09-24T01:01:04.002-0400: 229.456: [GC (GCLocker Initiated GC) [PSYoungGen: 170247K->54963K(175104K)] 237348K->165548K(699392K), 0.0188838 secs] [Times: user=0.19 sys=0.00, real=0.01 secs] 
2016-09-24T01:01:04.136-0400: 229.590: [GC (GCLocker Initiated GC) [PSYoungGen: 143027K->73480K(175104K)] 259745K->190310K(699392K), 0.0136917 secs] [Times: user=0.13 sys=0.00, real=0.01 secs] 
2016-09-24T01:01:04.287-0400: 229.741: [GC (GCLocker Initiated GC) [PSYoungGen: 161544K->67273K(175104K)] 284626K->251420K(699392K), 0.0108059 secs] [Times: user=0.15 sys=0.01, real=0.01 secs] 
2016-09-24T01:01:04.411-0400: 229.864: [GC (Allocation Failure) [PSYoungGen: 155337K->79779K(175104K)] 339705K->300749K(699392K), 0.0118010 secs] [Times: user=0.17 sys=0.00, real=0.02 secs] 
2016-09-24T01:01:04.518-0400: 229.971: [GC (GCLocker Initiated GC) [PSYoungGen: 167843K->85886K(175104K)] 388818K->343643K(699392K), 0.0100726 secs] [Times: user=0.15 sys=0.01, real=0.01 secs] 
2016-09-24T01:01:04.674-0400: 230.128: [GC (Allocation Failure) [PSYoungGen: 173950K->73804K(175104K)] 431748K->386413K(699392K), 0.0124800 secs] [Times: user=0.15 sys=0.00, real=0.01 secs] 
2016-09-24T01:01:04.801-0400: 230.255: [GC (GCLocker Initiated GC) [PSYoungGen: 159624K->73284K(175104K)] 478308K->416520K(699392K), 0.0112807 secs] [Times: user=0.08 sys=0.00, real=0.01 secs] 
2016-09-24T01:01:04.920-0400: 230.374: [GC (GCLocker Initiated GC) [PSYoungGen: 161348K->49052K(175104K)] 510847K->416863K(699392K), 0.0269061 secs] [Times: user=0.25 sys=0.00, real=0.03 secs] 
2016-09-24T01:01:05.063-0400: 230.517: [GC (GCLocker Initiated GC) [PSYoungGen: 137116K->67537K(175104K)] 505125K->484422K(699392K), 0.0213088 secs] [Times: user=0.18 sys=0.00, real=0.02 secs] 
2016-09-24T01:01:05.215-0400: 230.669: [GC (Allocation Failure) [PSYoungGen: 155601K->67469K(175104K)] 572780K->527488K(699392K), 0.0136487 secs] [Times: user=0.13 sys=0.00, real=0.01 secs] 
2016-09-24T01:01:05.229-0400: 230.682: [Full GC (Ergonomics) [PSYoungGen: 67469K->0K(175104K)] [ParOldGen: 460019K->48680K(524288K)] 527488K->48680K(699392K), [Metaspace: 44562K->44562K(1087488K)], 0.0569263 secs] [Times: user=0.28 sys=0.02, real=0.06 secs] 
2016-09-24T01:01:05.402-0400: 230.855: [GC (GCLocker Initiated GC) [PSYoungGen: 84128K->86014K(175104K)] 138883K->158994K(699392K), 0.0186457 secs] [Times: user=0.20 sys=0.00, real=0.02 secs] 
2016-09-24T01:01:05.532-0400: 230.985: [GC (GCLocker Initiated GC) [PSYoungGen: 174078K->37421K(175104K)] 253427K->171977K(699392K), 0.0153821 secs] [Times: user=0.15 sys=0.00, real=0.02 secs] 
2016-09-24T01:01:05.716-0400: 231.170: [GC (GCLocker Initiated GC) [PSYoungGen: 125485K->37062K(175104K)] 272356K->220649K(699392K), 0.0280718 secs] [Times: user=0.29 sys=0.00, real=0.03 secs] 
2016-09-24T01:01:05.889-0400: 231.342: [GC (GCLocker Initiated GC) [PSYoungGen: 125126K->48888K(175104K)] 308722K->232735K(699392K), 0.0286219 secs] [Times: user=0.30 sys=0.01, real=0.03 secs] 
2016-09-24T01:01:06.046-0400: 231.499: [GC (GCLocker Initiated GC) [PSYoungGen: 136952K->85562K(175104K)] 326927K->306024K(699392K), 0.0334949 secs] [Times: user=0.37 sys=0.01, real=0.03 secs] 
2016-09-24T01:01:06.209-0400: 231.662: [GC (GCLocker Initiated GC) [PSYoungGen: 173626K->67665K(175104K)] 400518K->361509K(699392K), 0.0140175 secs] [Times: user=0.13 sys=0.01, real=0.02 secs] 
2016-09-24T01:01:06.337-0400: 231.790: [GC (GCLocker Initiated GC) [PSYoungGen: 155726K->61330K(175104K)] 456001K->380081K(699392K), 0.0094431 secs] [Times: user=0.09 sys=0.00, real=0.01 secs] 
2016-09-24T01:01:06.477-0400: 231.930: [GC (GCLocker Initiated GC) [PSYoungGen: 149394K->73804K(175104K)] 468506K->429510K(699392K), 0.0118517 secs] [Times: user=0.17 sys=0.00, real=0.01 secs] 
2016-09-24T01:01:06.603-0400: 232.057: [GC (GCLocker Initiated GC) [PSYoungGen: 161868K->85854K(175104K)] 517941K->466526K(699392K), 0.0134940 secs] [Times: user=0.19 sys=0.00, real=0.01 secs] 
2016-09-24T01:01:06.735-0400: 232.189: [GC (GCLocker Initiated GC) [PSYoungGen: 173918K->55679K(175104K)] 561021K->461118K(699392K), 0.0273521 secs] [Times: user=0.31 sys=0.00, real=0.03 secs] 
2016-09-24T01:01:06.886-0400: 232.340: [GC (Allocation Failure) [PSYoungGen: 143743K->73480K(175104K)] 555439K->521917K(699392K), 0.0184570 secs] [Times: user=0.20 sys=0.00, real=0.02 secs] 
2016-09-24T01:01:07.053-0400: 232.507: [GC (GCLocker Initiated GC) [PSYoungGen: 161544K->55059K(175104K)] 609987K->521955K(699392K), 0.0134426 secs] [Times: user=0.15 sys=0.00, real=0.02 secs] 
2016-09-24T01:01:07.067-0400: 232.520: [Full GC (Ergonomics) [PSYoungGen: 55059K->0K(175104K)] [ParOldGen: 466895K->49108K(524288K)] 521955K->49108K(699392K), [Metaspace: 44563K->44563K(1087488K)], 0.0677198 secs] [Times: user=0.43 sys=0.01, real=0.07 secs] 
2016-09-24T01:01:07.255-0400: 232.709: [GC (GCLocker Initiated GC) [PSYoungGen: 88064K->86014K(175104K)] 143457K->153558K(699392K), 0.0371232 secs] [Times: user=0.42 sys=0.01, real=0.03 secs] 
2016-09-24T01:01:07.408-0400: 232.862: [GC (GCLocker Initiated GC) [PSYoungGen: 174078K->61494K(175104K)] 241658K->172099K(699392K), 0.0148811 secs] [Times: user=0.15 sys=0.01, real=0.02 secs] 
2016-09-24T01:01:07.515-0400: 232.968: [GC (GCLocker Initiated GC) [PSYoungGen: 149558K->61426K(175104K)] 266560K->227327K(699392K), 0.0105067 secs] [Times: user=0.11 sys=0.00, real=0.01 secs] 
2016-09-24T01:01:07.661-0400: 233.114: [GC (GCLocker Initiated GC) [PSYoungGen: 149490K->61398K(175104K)] 315440K->245660K(699392K), 0.0218220 secs] [Times: user=0.20 sys=0.01, real=0.03 secs] 
2016-09-24T01:01:07.813-0400: 233.266: [GC (GCLocker Initiated GC) [PSYoungGen: 149462K->73936K(175104K)] 339970K->277034K(699392K), 0.0164156 secs] [Times: user=0.15 sys=0.00, real=0.02 secs] 
2016-09-24T01:01:07.938-0400: 233.391: [GC (GCLocker Initiated GC) [PSYoungGen: 162000K->73544K(175104K)] 371404K->313771K(699392K), 0.0176393 secs] [Times: user=0.15 sys=0.00, real=0.02 secs] 
2016-09-24T01:01:08.096-0400: 233.550: [GC (GCLocker Initiated GC) [PSYoungGen: 161608K->55351K(175104K)] 408108K->338429K(699392K), 0.0101509 secs] [Times: user=0.11 sys=0.00, real=0.01 secs] 
2016-09-24T01:01:08.246-0400: 233.700: [GC (Allocation Failure) [PSYoungGen: 143415K->55159K(175104K)] 426854K->338857K(699392K), 0.0068719 secs] [Times: user=0.04 sys=0.00, real=0.00 secs] 
2016-09-24T01:01:08.253-0400: 233.707: [GC (GCLocker Initiated GC) [PSYoungGen: 55520K->32K(175104K)] 339219K->356967K(699392K), 0.0200417 secs] [Times: user=0.20 sys=0.01, real=0.02 secs] 
2016-09-24T01:01:08.407-0400: 233.861: [GC (GCLocker Initiated GC) [PSYoungGen: 88096K->85694K(175104K)] 445037K->454785K(699392K), 0.0199084 secs] [Times: user=0.20 sys=0.01, real=0.02 secs] 
2016-09-24T01:01:08.534-0400: 233.987: [GC (Allocation Failure) [PSYoungGen: 173758K->73608K(175104K)] 543143K->504050K(699392K), 0.0189877 secs] [Times: user=0.20 sys=0.01, real=0.02 secs] 
2016-09-24T01:01:08.656-0400: 234.109: [GC (GCLocker Initiated GC) [PSYoungGen: 161672K->79783K(175104K)] 592120K->552875K(699392K), 0.0138135 secs] [Times: user=0.15 sys=0.00, real=0.01 secs] 
2016-09-24T01:01:08.670-0400: 234.124: [Full GC (Ergonomics) [PSYoungGen: 79783K->0K(175104K)] [ParOldGen: 473092K->61252K(524288K)] 552875K->61252K(699392K), [Metaspace: 44565K->44565K(1087488K)], 0.0592361 secs] [Times: user=0.31 sys=0.02, real=0.06 secs] 
2016-09-24T01:01:08.847-0400: 234.300: [GC (Allocation Failure) [PSYoungGen: 88064K->74000K(175104K)] 149594K->135530K(699392K), 0.0242252 secs] [Times: user=0.27 sys=0.00, real=0.02 secs] 
2016-09-24T01:01:08.872-0400: 234.326: [GC (GCLocker Initiated GC) [PSYoungGen: 74018K->192K(175104K)] 135548K->153817K(699392K), 0.0076361 secs] [Times: user=0.09 sys=0.01, real=0.01 secs] 
2016-09-24T01:01:08.988-0400: 234.441: [GC (GCLocker Initiated GC) [PSYoungGen: 88256K->86050K(175104K)] 241887K->239681K(699392K), 0.0085237 secs] [Times: user=0.08 sys=0.00, real=0.01 secs] 
2016-09-24T01:01:09.090-0400: 234.544: [GC (GCLocker Initiated GC) [PSYoungGen: 174114K->86182K(175104K)] 327916K->343838K(699392K), 0.0148105 secs] [Times: user=0.22 sys=0.01, real=0.02 secs] 
2016-09-24T01:01:09.251-0400: 234.704: [GC (GCLocker Initiated GC) [PSYoungGen: 174246K->67433K(175104K)] 438019K->386157K(699392K), 0.0131168 secs] [Times: user=0.16 sys=0.00, real=0.02 secs] 
2016-09-24T01:01:09.407-0400: 234.860: [GC (GCLocker Initiated GC) [PSYoungGen: 155497K->55191K(175104K)] 480737K->398768K(699392K), 0.0147622 secs] [Times: user=0.14 sys=0.00, real=0.01 secs] 
2016-09-24T01:01:09.545-0400: 234.998: [GC (GCLocker Initiated GC) [PSYoungGen: 143255K->37062K(175104K)] 499062K->411337K(699392K), 0.0228206 secs] [Times: user=0.24 sys=0.00, real=0.02 secs] 
2016-09-24T01:01:09.708-0400: 235.162: [GC (GCLocker Initiated GC) [PSYoungGen: 125126K->49340K(175104K)] 505725K->448275K(699392K), 0.0264234 secs] [Times: user=0.33 sys=0.00, real=0.03 secs] 
2016-09-24T01:01:09.855-0400: 235.309: [GC (Allocation Failure) [PSYoungGen: 137404K->85854K(175104K)] 536572K->515540K(699392K), 0.0112316 secs] [Times: user=0.14 sys=0.00, real=0.01 secs] 
2016-09-24T01:01:09.867-0400: 235.320: [Full GC (Ergonomics) [PSYoungGen: 85854K->0K(175104K)] [ParOldGen: 429686K->61460K(524288K)] 515540K->61460K(699392K), [Metaspace: 44565K->44565K(1087488K)], 0.0576811 secs] [Times: user=0.36 sys=0.01, real=0.06 secs] 
2016-09-24T01:01:10.045-0400: 235.498: [GC (GCLocker Initiated GC) [PSYoungGen: 82482K->86538K(175104K)] 150018K->154073K(699392K), 0.0151004 secs] [Times: user=0.20 sys=0.00, real=0.01 secs] 
2016-09-24T01:01:10.188-0400: 235.642: [GC (GCLocker Initiated GC) [PSYoungGen: 174602K->49180K(175104K)] 242173K->153913K(699392K), 0.0099112 secs] [Times: user=0.10 sys=0.01, real=0.01 secs] 
2016-09-24T01:01:10.327-0400: 235.781: [GC (GCLocker Initiated GC) [PSYoungGen: 137244K->67465K(175104K)] 241980K->239342K(699392K), 0.0143928 secs] [Times: user=0.20 sys=0.00, real=0.01 secs] 
2016-09-24T01:01:10.457-0400: 235.911: [GC (GCLocker Initiated GC) [PSYoungGen: 155529K->85954K(175104K)] 327554K->264189K(699392K), 0.0144831 secs] [Times: user=0.16 sys=0.01, real=0.01 secs] 
2016-09-24T01:01:10.573-0400: 236.026: [GC (GCLocker Initiated GC) [PSYoungGen: 174018K->67241K(175104K)] 352313K->257962K(699392K), 0.0195169 secs] [Times: user=0.17 sys=0.00, real=0.02 secs] 
2016-09-24T01:01:10.723-0400: 236.176: [GC (GCLocker Initiated GC) [PSYoungGen: 155305K->43205K(175104K)] 352327K->288907K(699392K), 0.0133747 secs] [Times: user=0.10 sys=0.00, real=0.01 secs] 
2016-09-24T01:01:10.863-0400: 236.316: [GC (GCLocker Initiated GC) [PSYoungGen: 131269K->42845K(175104K)] 376991K->313134K(699392K), 0.0296009 secs] [Times: user=0.30 sys=0.00, real=0.02 secs] 
2016-09-24T01:01:11.000-0400: 236.454: [GC (GCLocker Initiated GC) [PSYoungGen: 130909K->85690K(175104K)] 401211K->362187K(699392K), 0.0094745 secs] [Times: user=0.12 sys=0.00, real=0.01 secs] 
2016-09-24T01:01:11.095-0400: 236.549: [GC (Allocation Failure) [PSYoungGen: 173754K->55611K(175104K)] 456580K->381114K(699392K), 0.0356688 secs] [Times: user=0.43 sys=0.00, real=0.03 secs] 
2016-09-24T01:01:11.242-0400: 236.696: [GC (GCLocker Initiated GC) [PSYoungGen: 143675K->73904K(175104K)] 469184K->436170K(699392K), 0.0262128 secs] [Times: user=0.33 sys=0.00, real=0.02 secs] 
2016-09-24T01:01:11.402-0400: 236.856: [GC (GCLocker Initiated GC) [PSYoungGen: 161968K->36802K(175104K)] 536477K->429787K(699392K), 0.0143275 secs] [Times: user=0.13 sys=0.01, real=0.01 secs] 
2016-09-24T01:01:11.519-0400: 236.972: [GC (GCLocker Initiated GC) [PSYoungGen: 124866K->85598K(175104K)] 518168K->479019K(699392K), 0.0290053 secs] [Times: user=0.28 sys=0.00, real=0.03 secs] 
2016-09-24T01:01:11.685-0400: 237.138: [GC (GCLocker Initiated GC) [PSYoungGen: 173662K->61230K(175104K)] 567433K->491734K(699392K), 0.0104896 secs] [Times: user=0.12 sys=0.00, real=0.01 secs] 
2016-09-24T01:01:11.816-0400: 237.269: [GC (GCLocker Initiated GC) [PSYoungGen: 149294K->85594K(175104K)] 585955K->540576K(699392K), 0.0142601 secs] [Times: user=0.17 sys=0.00, real=0.01 secs] 
2016-09-24T01:01:11.830-0400: 237.284: [Full GC (Ergonomics) [PSYoungGen: 85594K->0K(175104K)] [ParOldGen: 454981K->55331K(524288K)] 540576K->55331K(699392K), [Metaspace: 44567K->44567K(1087488K)], 0.0598360 secs] [Times: user=0.38 sys=0.01, real=0.06 secs] 
2016-09-24T01:01:11.989-0400: 237.442: [GC (GCLocker Initiated GC) [PSYoungGen: 88064K->86498K(175104K)] 143437K->166171K(699392K), 0.0099983 secs] [Times: user=0.14 sys=0.00, real=0.01 secs] 
2016-09-24T01:01:12.100-0400: 237.553: [GC (GCLocker Initiated GC) [PSYoungGen: 174562K->73836K(175104K)] 260489K->215438K(699392K), 0.0103986 secs] [Times: user=0.14 sys=0.01, real=0.01 secs] 
2016-09-24T01:01:12.250-0400: 237.704: [GC (GCLocker Initiated GC) [PSYoungGen: 161900K->73608K(175104K)] 303734K->252192K(699392K), 0.0187318 secs] [Times: user=0.18 sys=0.00, real=0.02 secs] 
2016-09-24T01:01:12.423-0400: 237.877: [GC (Allocation Failure) [PSYoungGen: 161672K->67341K(175104K)] 340303K->258374K(699392K), 0.0142454 secs] [Times: user=0.12 sys=0.00, real=0.01 secs] 
2016-09-24T01:01:12.562-0400: 238.015: [GC (GCLocker Initiated GC) [PSYoungGen: 155184K->43009K(175104K)] 352292K->270759K(699392K), 0.0092576 secs] [Times: user=0.05 sys=0.01, real=0.01 secs] 
2016-09-24T01:01:12.693-0400: 238.147: [GC (GCLocker Initiated GC) [PSYoungGen: 131073K->67373K(175104K)] 358859K->307404K(699392K), 0.0219860 secs] [Times: user=0.21 sys=0.00, real=0.03 secs] 
2016-09-24T01:01:12.851-0400: 238.304: [GC (GCLocker Initiated GC) [PSYoungGen: 155437K->55647K(175104K)] 413892K->368889K(699392K), 0.0216677 secs] [Times: user=0.23 sys=0.00, real=0.02 secs] 
2016-09-24T01:01:13.006-0400: 238.459: [GC (GCLocker Initiated GC) [PSYoungGen: 143711K->24915K(175104K)] 469111K->393116K(699392K), 0.0133024 secs] [Times: user=0.10 sys=0.01, real=0.01 secs] 
2016-09-24T01:01:13.121-0400: 238.575: [GC (Allocation Failure) [PSYoungGen: 112979K->55255K(175104K)] 481272K->424003K(699392K), 0.0209677 secs] [Times: user=0.20 sys=0.00, real=0.03 secs] 
2016-09-24T01:01:13.243-0400: 238.697: [GC (GCLocker Initiated GC) [PSYoungGen: 139760K->73480K(175104K)] 514583K->466624K(699392K), 0.0153674 secs] [Times: user=0.14 sys=0.00, real=0.01 secs] 
2016-09-24T01:01:13.396-0400: 238.850: [GC (GCLocker Initiated GC) [PSYoungGen: 161544K->43169K(175104K)] 560788K->479310K(699392K), 0.0168055 secs] [Times: user=0.19 sys=0.00, real=0.01 secs] 
2016-09-24T01:01:13.513-0400: 238.966: [GC (GCLocker Initiated GC) [PSYoungGen: 131233K->61654K(175104K)] 573731K->522661K(699392K), 0.0182636 secs] [Times: user=0.18 sys=0.00, real=0.02 secs] 
2016-09-24T01:01:13.531-0400: 238.985: [Full GC (Ergonomics) [PSYoungGen: 61654K->0K(175104K)] [ParOldGen: 461007K->55468K(524288K)] 522661K->55468K(699392K), [Metaspace: 44567K->44567K(1087488K)], 0.0596898 secs] [Times: user=0.37 sys=0.01, real=0.06 secs] 
2016-09-24T01:01:13.712-0400: 239.166: [GC (Allocation Failure) [PSYoungGen: 88064K->61981K(175104K)] 155936K->129854K(699392K), 0.0106575 secs] [Times: user=0.11 sys=0.01, real=0.02 secs] 
2016-09-24T01:01:13.880-0400: 239.334: [GC (GCLocker Initiated GC) [PSYoungGen: 144536K->24752K(175104K)] 218484K->117168K(699392K), 0.0167345 secs] [Times: user=0.14 sys=0.01, real=0.02 secs] 
2016-09-24T01:01:14.010-0400: 239.463: [GC (GCLocker Initiated GC) [PSYoungGen: 112816K->73640K(175104K)] 217424K->178563K(699392K), 0.0114332 secs] [Times: user=0.11 sys=0.01, real=0.01 secs] 
2016-09-24T01:01:14.118-0400: 239.571: [GC (GCLocker Initiated GC) [PSYoungGen: 161704K->67633K(175104K)] 272750K->215428K(699392K), 0.0361133 secs] [Times: user=0.33 sys=0.00, real=0.03 secs] 
2016-09-24T01:01:14.299-0400: 239.752: [GC (GCLocker Initiated GC) [PSYoungGen: 155697K->55251K(175104K)] 315695K->252171K(699392K), 0.0149138 secs] [Times: user=0.18 sys=0.00, real=0.01 secs] 
2016-09-24T01:01:14.455-0400: 239.908: [GC (GCLocker Initiated GC) [PSYoungGen: 143315K->73348K(175104K)] 346363K->319056K(699392K), 0.0101310 secs] [Times: user=0.11 sys=0.00, real=0.01 secs] 
2016-09-24T01:01:14.605-0400: 240.059: [GC (Allocation Failure) [PSYoungGen: 161412K->43041K(175104K)] 413332K->319356K(699392K), 0.0087044 secs] [Times: user=0.06 sys=0.00, real=0.00 secs] 
2016-09-24T01:01:14.614-0400: 240.068: [GC (GCLocker Initiated GC) [PSYoungGen: 43055K->128K(175104K)] 319371K->331463K(699392K), 0.0065061 secs] [Times: user=0.06 sys=0.00, real=0.00 secs] 
2016-09-24T01:01:14.753-0400: 240.206: [GC (GCLocker Initiated GC) [PSYoungGen: 88192K->85886K(175104K)] 419655K->435574K(699392K), 0.0315589 secs] [Times: user=0.35 sys=0.01, real=0.04 secs] 
2016-09-24T01:01:14.896-0400: 240.350: [GC (Allocation Failure) [PSYoungGen: 173950K->61330K(175104K)] 529867K->472453K(699392K), 0.0303402 secs] [Times: user=0.36 sys=0.01, real=0.03 secs] 
2016-09-24T01:01:15.053-0400: 240.506: [GC (GCLocker Initiated GC) [PSYoungGen: 149394K->61594K(175104K)] 560523K->479229K(699392K), 0.0182968 secs] [Times: user=0.17 sys=0.00, real=0.02 secs] 
2016-09-24T01:01:15.198-0400: 240.652: [GC (Allocation Failure) [PSYoungGen: 149658K->85758K(175104K)] 567503K->540189K(699392K), 0.0261164 secs] [Times: user=0.32 sys=0.00, real=0.03 secs] 
2016-09-24T01:01:15.225-0400: 240.678: [Full GC (Ergonomics) [PSYoungGen: 85758K->0K(175104K)] [ParOldGen: 454430K->49816K(524288K)] 540189K->49816K(699392K), [Metaspace: 44568K->44568K(1087488K)], 0.0597570 secs] [Times: user=0.42 sys=0.01, real=0.06 secs] 
2016-09-24T01:01:15.400-0400: 240.854: [GC (GCLocker Initiated GC) [PSYoungGen: 82971K->74060K(175104K)] 138863K->129951K(699392K), 0.0091767 secs] [Times: user=0.12 sys=0.00, real=0.01 secs] 
2016-09-24T01:01:15.527-0400: 240.981: [GC (GCLocker Initiated GC) [PSYoungGen: 162124K->73836K(175104K)] 224272K->154920K(699392K), 0.0104901 secs] [Times: user=0.14 sys=0.00, real=0.01 secs] 
2016-09-24T01:01:15.654-0400: 241.108: [GC (GCLocker Initiated GC) [PSYoungGen: 161900K->49052K(175104K)] 243345K->148966K(699392K), 0.0440379 secs] [Times: user=0.41 sys=0.00, real=0.04 secs] 
2016-09-24T01:01:15.842-0400: 241.295: [GC (GCLocker Initiated GC) [PSYoungGen: 137116K->61458K(175104K)] 243433K->186128K(699392K), 0.0104360 secs] [Times: user=0.09 sys=0.02, real=0.01 secs] 
2016-09-24T01:01:15.964-0400: 241.418: [GC (Allocation Failure) [PSYoungGen: 149522K->85758K(175104K)] 274267K->229044K(699392K), 0.0109564 secs] [Times: user=0.14 sys=0.01, real=0.01 secs] 
2016-09-24T01:01:16.112-0400: 241.566: [GC (GCLocker Initiated GC) [PSYoungGen: 173822K->36898K(175104K)] 317108K->235135K(699392K), 0.0197866 secs] [Times: user=0.25 sys=0.00, real=0.02 secs] 
2016-09-24T01:01:16.254-0400: 241.708: [GC (GCLocker Initiated GC) [PSYoungGen: 124962K->85658K(175104K)] 329327K->308360K(699392K), 0.0101466 secs] [Times: user=0.14 sys=0.00, real=0.01 secs] 
2016-09-24T01:01:16.383-0400: 241.837: [GC (GCLocker Initiated GC) [PSYoungGen: 173722K->67565K(175104K)] 396595K->339173K(699392K), 0.0106013 secs] [Times: user=0.14 sys=0.00, real=0.00 secs] 
2016-09-24T01:01:16.529-0400: 241.982: [GC (Allocation Failure) [PSYoungGen: 155629K->18769K(175104K)] 427240K->339271K(699392K), 0.0106755 secs] [Times: user=0.11 sys=0.01, real=0.01 secs] 
2016-09-24T01:01:16.645-0400: 242.099: [GC (GCLocker Initiated GC) [PSYoungGen: 102213K->73576K(175104K)] 428791K->400273K(699392K), 0.0097718 secs] [Times: user=0.09 sys=0.01, real=0.01 secs] 
2016-09-24T01:01:16.767-0400: 242.220: [GC (Allocation Failure) [PSYoungGen: 161640K->74132K(175104K)] 494756K->425960K(699392K), 0.0091735 secs] [Times: user=0.14 sys=0.00, real=0.01 secs] 
2016-09-24T01:01:16.890-0400: 242.344: [GC (GCLocker Initiated GC) [PSYoungGen: 162196K->36966K(175104K)] 514035K->425671K(699392K), 0.0162701 secs] [Times: user=0.13 sys=0.00, real=0.02 secs] 
2016-09-24T01:01:17.041-0400: 242.494: [GC (GCLocker Initiated GC) [PSYoungGen: 125030K->61494K(175104K)] 519920K->474696K(699392K), 0.0149553 secs] [Times: user=0.14 sys=0.01, real=0.02 secs] 
2016-09-24T01:01:17.203-0400: 242.657: [GC (GCLocker Initiated GC) [PSYoungGen: 149558K->61102K(175104K)] 568860K->480655K(699392K), 0.0247375 secs] [Times: user=0.28 sys=0.00, real=0.02 secs] 
2016-09-24T01:01:17.339-0400: 242.793: [GC (Allocation Failure) [PSYoungGen: 149166K->55191K(175104K)] 569047K->493392K(699392K), 0.0094956 secs] [Times: user=0.08 sys=0.00, real=0.01 secs] 
2016-09-24T01:01:17.463-0400: 242.916: [GC (GCLocker Initiated GC) [PSYoungGen: 137888K->55159K(175104K)] 582164K->530070K(699392K), 0.0375295 secs] [Times: user=0.37 sys=0.00, real=0.03 secs] 
2016-09-24T01:01:17.500-0400: 242.954: [Full GC (Ergonomics) [PSYoungGen: 55159K->0K(175104K)] [ParOldGen: 474911K->49479K(524288K)] 530070K->49479K(699392K), [Metaspace: 44573K->44573K(1087488K)], 0.0636501 secs] [Times: user=0.40 sys=0.00, real=0.07 secs] 
2016-09-24T01:01:17.687-0400: 243.141: [GC (GCLocker Initiated GC) [PSYoungGen: 88064K->86146K(175104K)] 137690K->160073K(699392K), 0.0143175 secs] [Times: user=0.17 sys=0.00, real=0.01 secs] 
2016-09-24T01:01:17.803-0400: 243.257: [GC (GCLocker Initiated GC) [PSYoungGen: 174210K->85626K(175104K)] 248223K->214886K(699392K), 0.0127529 secs] [Times: user=0.15 sys=0.00, real=0.01 secs] 
2016-09-24T01:01:17.916-0400: 243.369: [GC (GCLocker Initiated GC) [PSYoungGen: 173690K->31182K(175104K)] 302998K->269977K(699392K), 0.0110694 secs] [Times: user=0.13 sys=0.00, real=0.01 secs] 
2016-09-24T01:01:18.040-0400: 243.493: [GC (GCLocker Initiated GC) [PSYoungGen: 119246K->85854K(175104K)] 358095K->385760K(699392K), 0.0207598 secs] [Times: user=0.27 sys=0.01, real=0.02 secs] 
2016-09-24T01:01:18.184-0400: 243.637: [GC (GCLocker Initiated GC) [PSYoungGen: 173918K->49312K(175104K)] 473972K->404341K(699392K), 0.0114137 secs] [Times: user=0.08 sys=0.00, real=0.01 secs] 
2016-09-24T01:01:18.327-0400: 243.780: [GC (GCLocker Initiated GC) [PSYoungGen: 137376K->61426K(175104K)] 498516K->465391K(699392K), 0.0087979 secs] [Times: user=0.11 sys=0.00, real=0.01 secs] 
2016-09-24T01:01:18.489-0400: 243.943: [GC (GCLocker Initiated GC) [PSYoungGen: 149490K->55579K(175104K)] 565798K->496486K(699392K), 0.0118372 secs] [Times: user=0.16 sys=0.00, real=0.01 secs] 
2016-09-24T01:01:18.501-0400: 243.955: [Full GC (Ergonomics) [PSYoungGen: 55579K->0K(175104K)] [ParOldGen: 440907K->55885K(524288K)] 496486K->55885K(699392K), [Metaspace: 44573K->44573K(1087488K)], 0.0524117 secs] [Times: user=0.43 sys=0.00, real=0.05 secs] 
2016-09-24T01:01:18.679-0400: 244.133: [GC (GCLocker Initiated GC) [PSYoungGen: 88064K->85858K(175104K)] 144220K->148089K(699392K), 0.0147254 secs] [Times: user=0.14 sys=0.00, real=0.01 secs] 
2016-09-24T01:01:18.816-0400: 244.270: [GC (Allocation Failure) [PSYoungGen: 173922K->37258K(175104K)] 242578K->154765K(699392K), 0.0164119 secs] [Times: user=0.16 sys=0.00, real=0.01 secs] 
2016-09-24T01:01:18.945-0400: 244.399: [GC (GCLocker Initiated GC) [PSYoungGen: 125322K->79587K(175104K)] 242835K->203459K(699392K), 0.0103049 secs] [Times: user=0.07 sys=0.00, real=0.01 secs] 
2016-09-24T01:01:19.076-0400: 244.530: [GC (GCLocker Initiated GC) [PSYoungGen: 167651K->61430K(175104K)] 291777K->222094K(699392K), 0.0279517 secs] [Times: user=0.26 sys=0.00, real=0.03 secs] 
2016-09-24T01:01:19.210-0400: 244.663: [GC (GCLocker Initiated GC) [PSYoungGen: 149494K->79651K(175104K)] 322389K->252813K(699392K), 0.0149388 secs] [Times: user=0.15 sys=0.00, real=0.02 secs] 
2016-09-24T01:01:19.335-0400: 244.789: [GC (GCLocker Initiated GC) [PSYoungGen: 167715K->74000K(175104K)] 346999K->314186K(699392K), 0.0129369 secs] [Times: user=0.15 sys=0.00, real=0.01 secs] 
2016-09-24T01:01:19.462-0400: 244.916: [GC (GCLocker Initiated GC) [PSYoungGen: 162064K->73836K(175104K)] 408680K->375419K(699392K), 0.0128470 secs] [Times: user=0.12 sys=0.00, real=0.01 secs] 
2016-09-24T01:01:19.606-0400: 245.059: [GC (GCLocker Initiated GC) [PSYoungGen: 161900K->55483K(175104K)] 469580K->363447K(699392K), 0.0230882 secs] [Times: user=0.28 sys=0.01, real=0.02 secs] 
2016-09-24T01:01:19.749-0400: 245.203: [GC (GCLocker Initiated GC) [PSYoungGen: 143545K->74196K(175104K)] 463992K->394754K(699392K), 0.0089667 secs] [Times: user=0.09 sys=0.00, real=0.01 secs] 
2016-09-24T01:01:19.881-0400: 245.334: [GC (GCLocker Initiated GC) [PSYoungGen: 162260K->36998K(175104K)] 489181K->406875K(699392K), 0.0187926 secs] [Times: user=0.25 sys=0.00, real=0.02 secs] 
2016-09-24T01:01:20.006-0400: 245.460: [GC (GCLocker Initiated GC) [PSYoungGen: 125057K->85954K(175104K)] 495296K->462387K(699392K), 0.0101753 secs] [Times: user=0.11 sys=0.00, real=0.01 secs] 
2016-09-24T01:01:20.148-0400: 245.601: [GC (GCLocker Initiated GC) [PSYoungGen: 174018K->55415K(175104K)] 550604K->468915K(699392K), 0.0087443 secs] [Times: user=0.10 sys=0.00, real=0.01 secs] 
2016-09-24T01:01:20.289-0400: 245.742: [GC (Allocation Failure) [PSYoungGen: 143479K->73576K(175104K)] 557334K->505775K(699392K), 0.0109117 secs] [Times: user=0.12 sys=0.00, real=0.01 secs] 
2016-09-24T01:01:20.401-0400: 245.855: [GC (GCLocker Initiated GC) [PSYoungGen: 156449K->61394K(175104K)] 594724K->536214K(699392K), 0.0128684 secs] [Times: user=0.13 sys=0.01, real=0.02 secs] 
2016-09-24T01:01:20.414-0400: 245.868: [Full GC (Ergonomics) [PSYoungGen: 61394K->0K(175104K)] [ParOldGen: 474820K->68113K(524288K)] 536214K->68113K(699392K), [Metaspace: 44574K->44574K(1087488K)], 0.0604604 secs] [Times: user=0.41 sys=0.01, real=0.06 secs] 
2016-09-24T01:01:20.587-0400: 246.041: [GC (GCLocker Initiated GC) [PSYoungGen: 88064K->86374K(175104K)] 162540K->166925K(699392K), 0.0091474 secs] [Times: user=0.13 sys=0.00, real=0.01 secs] 
2016-09-24T01:01:20.684-0400: 246.137: [GC (GCLocker Initiated GC) [PSYoungGen: 174438K->49372K(175104K)] 261274K->203925K(699392K), 0.0104488 secs] [Times: user=0.11 sys=0.00, real=0.01 secs] 
2016-09-24T01:01:20.800-0400: 246.254: [GC (GCLocker Initiated GC) [PSYoungGen: 137436K->61330K(175104K)] 291991K->258685K(699392K), 0.0229030 secs] [Times: user=0.21 sys=0.00, real=0.03 secs] 
2016-09-24T01:01:20.921-0400: 246.374: [GC (GCLocker Initiated GC) [PSYoungGen: 149394K->49280K(175104K)] 352851K->271230K(699392K), 0.0119485 secs] [Times: user=0.11 sys=0.00, real=0.01 secs] 
2016-09-24T01:01:21.060-0400: 246.514: [GC (GCLocker Initiated GC) [PSYoungGen: 137344K->43073K(175104K)] 371649K->326557K(699392K), 0.0392815 secs] [Times: user=0.40 sys=0.01, real=0.04 secs] 
2016-09-24T01:01:21.247-0400: 246.701: [GC (GCLocker Initiated GC) [PSYoungGen: 131137K->48984K(175104K)] 414825K->332963K(699392K), 0.0209729 secs] [Times: user=0.23 sys=0.00, real=0.02 secs] 
2016-09-24T01:01:21.377-0400: 246.831: [GC (GCLocker Initiated GC) [PSYoungGen: 137048K->73576K(175104K)] 421030K->357686K(699392K), 0.0071579 secs] [Times: user=0.06 sys=0.00, real=0.01 secs] 
2016-09-24T01:01:21.485-0400: 246.938: [GC (GCLocker Initiated GC) [PSYoungGen: 161640K->85854K(175104K)] 445989K->394802K(699392K), 0.0142375 secs] [Times: user=0.16 sys=0.00, real=0.01 secs] 
2016-09-24T01:01:21.635-0400: 247.088: [GC (GCLocker Initiated GC) [PSYoungGen: 173918K->55319K(175104K)] 495293K->389088K(699392K), 0.0221078 secs] [Times: user=0.23 sys=0.01, real=0.02 secs] 
2016-09-24T01:01:21.791-0400: 247.244: [GC (GCLocker Initiated GC) [PSYoungGen: 143383K->49116K(175104K)] 477362K->383338K(699392K), 0.0197425 secs] [Times: user=0.20 sys=0.00, real=0.02 secs] 
2016-09-24T01:01:21.914-0400: 247.368: [GC (GCLocker Initiated GC) [PSYoungGen: 137180K->55515K(175104K)] 477811K->414474K(699392K), 0.0144357 secs] [Times: user=0.14 sys=0.01, real=0.01 secs] 
2016-09-24T01:01:22.051-0400: 247.504: [GC (GCLocker Initiated GC) [PSYoungGen: 143579K->49212K(175104K)] 508705K->432830K(699392K), 0.0195071 secs] [Times: user=0.19 sys=0.00, real=0.02 secs] 
2016-09-24T01:01:22.172-0400: 247.626: [GC (GCLocker Initiated GC) [PSYoungGen: 137276K->85726K(175104K)] 521121K->469699K(699392K), 0.0094075 secs] [Times: user=0.10 sys=0.00, real=0.01 secs] 
2016-09-24T01:01:22.288-0400: 247.742: [GC (GCLocker Initiated GC) [PSYoungGen: 173790K->43073K(175104K)] 563867K->469900K(699392K), 0.0096898 secs] [Times: user=0.08 sys=0.01, real=0.01 secs] 
2016-09-24T01:01:22.436-0400: 247.889: [GC (GCLocker Initiated GC) [PSYoungGen: 131137K->85598K(175104K)] 564383K->519104K(699392K), 0.0158685 secs] [Times: user=0.16 sys=0.00, real=0.01 secs] 
2016-09-24T01:01:22.593-0400: 248.047: [GC (GCLocker Initiated GC) [PSYoungGen: 173662K->43233K(175104K)] 613604K->513809K(699392K), 0.0404076 secs] [Times: user=0.40 sys=0.00, real=0.04 secs] 
2016-09-24T01:01:22.634-0400: 248.087: [Full GC (Ergonomics) [PSYoungGen: 43233K->0K(175104K)] [ParOldGen: 470576K->53505K(524288K)] 513809K->53505K(699392K), [Metaspace: 44576K->44576K(1087488K)], 0.0800017 secs] [Times: user=0.52 sys=0.01, real=0.08 secs] 
2016-09-24T01:01:22.830-0400: 248.283: [GC (GCLocker Initiated GC) [PSYoungGen: 88064K->79719K(175104K)] 141594K->133249K(699392K), 0.0198259 secs] [Times: user=0.18 sys=0.01, real=0.02 secs] 
2016-09-24T01:01:22.957-0400: 248.410: [GC (GCLocker Initiated GC) [PSYoungGen: 167783K->61362K(175104K)] 227547K->176233K(699392K), 0.0136717 secs] [Times: user=0.12 sys=0.01, real=0.01 secs] 
2016-09-24T01:01:23.109-0400: 248.562: [GC (GCLocker Initiated GC) [PSYoungGen: 149426K->18837K(175104K)] 277021K->189052K(699392K), 0.0268125 secs] [Times: user=0.29 sys=0.00, real=0.03 secs] 
2016-09-24T01:01:23.252-0400: 248.705: [GC (GCLocker Initiated GC) [PSYoungGen: 106901K->79719K(175104K)] 277175K->250260K(699392K), 0.0149241 secs] [Times: user=0.15 sys=0.00, real=0.02 secs] 
2016-09-24T01:01:23.400-0400: 248.854: [GC (GCLocker Initiated GC) [PSYoungGen: 167783K->55223K(175104K)] 338335K->262665K(699392K), 0.0113849 secs] [Times: user=0.11 sys=0.00, real=0.01 secs] 
2016-09-24T01:01:23.510-0400: 248.964: [GC (GCLocker Initiated GC) [PSYoungGen: 143287K->85694K(175104K)] 357160K->305910K(699392K), 0.0144041 secs] [Times: user=0.16 sys=0.00, real=0.02 secs] 
2016-09-24T01:01:23.672-0400: 249.126: [GC (GCLocker Initiated GC) [PSYoungGen: 173758K->36934K(175104K)] 400097K->312116K(699392K), 0.0198847 secs] [Times: user=0.17 sys=0.00, real=0.02 secs] 
2016-09-24T01:01:23.810-0400: 249.263: [GC (GCLocker Initiated GC) [PSYoungGen: 124998K->61298K(175104K)] 400233K->379161K(699392K), 0.0115136 secs] [Times: user=0.10 sys=0.01, real=0.01 secs] 
2016-09-24T01:01:23.941-0400: 249.395: [GC (Allocation Failure) [PSYoungGen: 149362K->67437K(175104K)] 473504K->391871K(699392K), 0.0090244 secs] [Times: user=0.09 sys=0.01, real=0.01 secs] 
2016-09-24T01:01:24.045-0400: 249.498: [GC (GCLocker Initiated GC) [PSYoungGen: 151901K->55159K(175104K)] 482411K->416295K(699392K), 0.0317445 secs] [Times: user=0.30 sys=0.00, real=0.03 secs] 
2016-09-24T01:01:24.229-0400: 249.683: [GC (GCLocker Initiated GC) [PSYoungGen: 143223K->61426K(175104K)] 504551K->459356K(699392K), 0.0221414 secs] [Times: user=0.28 sys=0.00, real=0.02 secs] 
2016-09-24T01:01:24.397-0400: 249.850: [GC (GCLocker Initiated GC) [PSYoungGen: 149490K->36966K(175104K)] 553676K->465728K(699392K), 0.0077036 secs] [Times: user=0.06 sys=0.00, real=0.01 secs] 
2016-09-24T01:01:24.525-0400: 249.979: [GC (GCLocker Initiated GC) [PSYoungGen: 125030K->55579K(175104K)] 572333K->521258K(699392K), 0.0071545 secs] [Times: user=0.09 sys=0.00, real=0.00 secs] 
2016-09-24T01:01:24.533-0400: 249.986: [Full GC (Ergonomics) [PSYoungGen: 55579K->0K(175104K)] [ParOldGen: 465679K->59617K(524288K)] 521258K->59617K(699392K), [Metaspace: 44578K->44578K(1087488K)], 0.0557462 secs] [Times: user=0.37 sys=0.01, real=0.06 secs] 
2016-09-24T01:01:24.713-0400: 250.166: [GC (GCLocker Initiated GC) [PSYoungGen: 88064K->55519K(175104K)] 148519K->115974K(699392K), 0.0372539 secs] [Times: user=0.37 sys=0.01, real=0.04 secs] 
2016-09-24T01:01:24.893-0400: 250.346: [GC (GCLocker Initiated GC) [PSYoungGen: 143583K->37549K(175104K)] 222433K->135088K(699392K), 0.0062372 secs] [Times: user=0.08 sys=0.00, real=0.01 secs] 
2016-09-24T01:01:25.032-0400: 250.485: [GC (Allocation Failure) [PSYoungGen: 125613K->55415K(175104K)] 229516K->159445K(699392K), 0.0077147 secs] [Times: user=0.08 sys=0.00, real=0.01 secs] 
2016-09-24T01:01:25.155-0400: 250.608: [GC (GCLocker Initiated GC) [PSYoungGen: 143479K->74032K(175104K)] 247515K->196452K(699392K), 0.0149200 secs] [Times: user=0.20 sys=0.01, real=0.01 secs] 
2016-09-24T01:01:25.270-0400: 250.724: [GC (GCLocker Initiated GC) [PSYoungGen: 162096K->86182K(175104K)] 284558K->239179K(699392K), 0.0106870 secs] [Times: user=0.14 sys=0.00, real=0.01 secs] 
2016-09-24T01:01:25.408-0400: 250.862: [GC (GCLocker Initiated GC) [PSYoungGen: 174246K->61522K(175104K)] 339715K->300215K(699392K), 0.0106001 secs] [Times: user=0.13 sys=0.01, real=0.01 secs] 
2016-09-24T01:01:25.531-0400: 250.984: [GC (GCLocker Initiated GC) [PSYoungGen: 149586K->73672K(175104K)] 394513K->318750K(699392K), 0.0110590 secs] [Times: user=0.12 sys=0.00, real=0.01 secs] 
2016-09-24T01:01:25.669-0400: 251.122: [GC (GCLocker Initiated GC) [PSYoungGen: 161736K->49052K(175104K)] 406867K->324794K(699392K), 0.0214369 secs] [Times: user=0.23 sys=0.00, real=0.02 secs] 
2016-09-24T01:01:25.803-0400: 251.257: [GC (Allocation Failure) [PSYoungGen: 137116K->85954K(175104K)] 419193K->416939K(699392K), 0.0115844 secs] [Times: user=0.15 sys=0.00, real=0.01 secs] 
2016-09-24T01:01:25.921-0400: 251.375: [GC (GCLocker Initiated GC) [PSYoungGen: 174018K->67369K(175104K)] 505009K->441332K(699392K), 0.0181432 secs] [Times: user=0.21 sys=0.00, real=0.02 secs] 
2016-09-24T01:01:26.061-0400: 251.514: [GC (GCLocker Initiated GC) [PSYoungGen: 155433K->61654K(175104K)] 535832K->460414K(699392K), 0.0105811 secs] [Times: user=0.11 sys=0.00, real=0.01 secs] 
2016-09-24T01:01:26.205-0400: 251.658: [GC (Allocation Failure) [PSYoungGen: 149718K->61426K(175104K)] 548704K->497309K(699392K), 0.0227713 secs] [Times: user=0.23 sys=0.00, real=0.02 secs] 
2016-09-24T01:01:26.358-0400: 251.811: [GC (GCLocker Initiated GC) [PSYoungGen: 149490K->55583K(175104K)] 585379K->509808K(699392K), 0.0219434 secs] [Times: user=0.21 sys=0.01, real=0.02 secs] 
2016-09-24T01:01:26.498-0400: 251.952: [Full GC (Ergonomics) [PSYoungGen: 143647K->0K(175104K)] [ParOldGen: 466534K->53865K(524288K)] 610181K->53865K(699392K), [Metaspace: 44581K->44581K(1087488K)], 0.0564895 secs] [Times: user=0.32 sys=0.01, real=0.06 secs] 
2016-09-24T01:01:26.675-0400: 252.129: [GC (GCLocker Initiated GC) [PSYoungGen: 88064K->80167K(175104K)] 148067K->140171K(699392K), 0.0087043 secs] [Times: user=0.11 sys=0.00, real=0.01 secs] 
2016-09-24T01:01:26.772-0400: 252.226: [GC (GCLocker Initiated GC) [PSYoungGen: 168231K->86086K(175104K)] 228265K->219607K(699392K), 0.0134122 secs] [Times: user=0.19 sys=0.00, real=0.02 secs] 
2016-09-24T01:01:26.885-0400: 252.338: [GC (GCLocker Initiated GC) [PSYoungGen: 174150K->55479K(175104K)] 319868K->274577K(699392K), 0.0181537 secs] [Times: user=0.23 sys=0.00, real=0.02 secs] 
2016-09-24T01:01:27.019-0400: 252.472: [GC (GCLocker Initiated GC) [PSYoungGen: 143543K->61490K(175104K)] 369010K->287077K(699392K), 0.0119883 secs] [Times: user=0.14 sys=0.00, real=0.01 secs] 
2016-09-24T01:01:27.151-0400: 252.604: [GC (GCLocker Initiated GC) [PSYoungGen: 149554K->61298K(175104K)] 381263K->311328K(699392K), 0.0226465 secs] [Times: user=0.24 sys=0.01, real=0.02 secs] 
2016-09-24T01:01:27.287-0400: 252.741: [GC (GCLocker Initiated GC) [PSYoungGen: 149362K->80075K(175104K)] 399596K->391195K(699392K), 0.0125946 secs] [Times: user=0.15 sys=0.00, real=0.01 secs] 
2016-09-24T01:01:27.450-0400: 252.904: [GC (GCLocker Initiated GC) [PSYoungGen: 168139K->49016K(175104K)] 491434K->390795K(699392K), 0.0258702 secs] [Times: user=0.28 sys=0.00, real=0.03 secs] 
2016-09-24T01:01:27.616-0400: 253.069: [GC (GCLocker Initiated GC) [PSYoungGen: 137080K->55027K(175104K)] 485155K->439655K(699392K), 0.0275909 secs] [Times: user=0.25 sys=0.00, real=0.03 secs] 
2016-09-24T01:01:27.742-0400: 253.195: [GC (GCLocker Initiated GC) [PSYoungGen: 143091K->61462K(175104K)] 527884K->464568K(699392K), 0.0333289 secs] [Times: user=0.36 sys=0.01, real=0.04 secs] 
2016-09-24T01:01:27.876-0400: 253.330: [GC (GCLocker Initiated GC) [PSYoungGen: 149526K->49504K(175104K)] 552993K->526162K(699392K), 0.0166833 secs] [Times: user=0.17 sys=0.01, real=0.01 secs] 
2016-09-24T01:01:27.893-0400: 253.346: [Full GC (Ergonomics) [PSYoungGen: 49504K->0K(175104K)] [ParOldGen: 476658K->54065K(524288K)] 526162K->54065K(699392K), [Metaspace: 44581K->44581K(1087488K)], 0.0478793 secs] [Times: user=0.25 sys=0.00, real=0.05 secs] 
2016-09-24T01:01:28.074-0400: 253.528: [GC (GCLocker Initiated GC) [PSYoungGen: 88064K->85790K(175104K)] 154545K->176571K(699392K), 0.0142652 secs] [Times: user=0.16 sys=0.00, real=0.01 secs] 
2016-09-24T01:01:28.203-0400: 253.656: [GC (GCLocker Initiated GC) [PSYoungGen: 173854K->37130K(175104K)] 270875K->170852K(699392K), 0.0298003 secs] [Times: user=0.30 sys=0.00, real=0.02 secs] 
2016-09-24T01:01:28.328-0400: 253.781: [GC (GCLocker Initiated GC) [PSYoungGen: 125194K->79523K(175104K)] 259256K->232061K(699392K), 0.0127800 secs] [Times: user=0.08 sys=0.00, real=0.01 secs] 
2016-09-24T01:01:28.460-0400: 253.914: [GC (GCLocker Initiated GC) [PSYoungGen: 167587K->73936K(175104K)] 332619K->257313K(699392K), 0.0122040 secs] [Times: user=0.17 sys=0.00, real=0.01 secs] 
2016-09-24T01:01:28.605-0400: 254.059: [GC (GCLocker Initiated GC) [PSYoungGen: 162000K->55415K(175104K)] 357686K->287883K(699392K), 0.0102492 secs] [Times: user=0.12 sys=0.01, real=0.01 secs] 
2016-09-24T01:01:28.724-0400: 254.177: [GC (GCLocker Initiated GC) [PSYoungGen: 143479K->86118K(175104K)] 376201K->325066K(699392K), 0.0097248 secs] [Times: user=0.13 sys=0.00, real=0.00 secs] 
2016-09-24T01:01:28.862-0400: 254.315: [GC (GCLocker Initiated GC) [PSYoungGen: 174182K->55479K(175104K)] 413446K->343579K(699392K), 0.0117371 secs] [Times: user=0.11 sys=0.01, real=0.01 secs] 
2016-09-24T01:01:28.985-0400: 254.438: [GC (GCLocker Initiated GC) [PSYoungGen: 143543K->73676K(175104K)] 431859K->362127K(699392K), 0.0097502 secs] [Times: user=0.10 sys=0.00, real=0.01 secs] 
2016-09-24T01:01:29.110-0400: 254.563: [GC (Allocation Failure) [PSYoungGen: 161740K->73640K(175104K)] 450524K->393231K(699392K), 0.0118357 secs] [Times: user=0.11 sys=0.00, real=0.01 secs] 
2016-09-24T01:01:29.269-0400: 254.723: [GC (GCLocker Initiated GC) [PSYoungGen: 156501K->36902K(175104K)] 482167K->362631K(699392K), 0.0073795 secs] [Times: user=0.06 sys=0.00, real=0.01 secs] 
2016-09-24T01:01:29.400-0400: 254.853: [GC (GCLocker Initiated GC) [PSYoungGen: 124966K->79555K(175104K)] 456914K->411794K(699392K), 0.0103838 secs] [Times: user=0.08 sys=0.00, real=0.01 secs] 
2016-09-24T01:01:29.532-0400: 254.986: [GC (GCLocker Initiated GC) [PSYoungGen: 167619K->67569K(175104K)] 500197K->461001K(699392K), 0.0193014 secs] [Times: user=0.20 sys=0.00, real=0.02 secs] 
2016-09-24T01:01:29.656-0400: 255.110: [GC (GCLocker Initiated GC) [PSYoungGen: 155633K->55351K(175104K)] 561452K->497928K(699392K), 0.0232491 secs] [Times: user=0.23 sys=0.00, real=0.02 secs] 
2016-09-24T01:01:29.680-0400: 255.133: [Full GC (Ergonomics) [PSYoungGen: 55351K->0K(175104K)] [ParOldGen: 442577K->59996K(524288K)] 497928K->59996K(699392K), [Metaspace: 44581K->44581K(1087488K)], 0.0636497 secs] [Times: user=0.54 sys=0.00, real=0.07 secs] 
2016-09-24T01:01:29.859-0400: 255.312: [GC (GCLocker Initiated GC) [PSYoungGen: 88064K->86274K(175104K)] 148158K->170668K(699392K), 0.0146981 secs] [Times: user=0.20 sys=0.00, real=0.01 secs] 
2016-09-24T01:01:29.998-0400: 255.451: [GC (Allocation Failure) [PSYoungGen: 174338K->43133K(175104K)] 265028K->189546K(699392K), 0.0096151 secs] [Times: user=0.11 sys=0.01, real=0.01 secs] 
2016-09-24T01:01:30.113-0400: 255.566: [GC (GCLocker Initiated GC) [PSYoungGen: 131197K->73608K(175104K)] 277615K->238395K(699392K), 0.0118544 secs] [Times: user=0.13 sys=0.00, real=0.02 secs] 
2016-09-24T01:01:30.232-0400: 255.686: [GC (GCLocker Initiated GC) [PSYoungGen: 161672K->86182K(175104K)] 326574K->293940K(699392K), 0.0156090 secs] [Times: user=0.19 sys=0.01, real=0.02 secs] 
2016-09-24T01:01:30.398-0400: 255.852: [GC (GCLocker Initiated GC) [PSYoungGen: 174246K->36998K(175104K)] 382107K->287816K(699392K), 0.0085942 secs] [Times: user=0.07 sys=0.00, real=0.01 secs] 
2016-09-24T01:01:30.530-0400: 255.983: [GC (Allocation Failure) [PSYoungGen: 125062K->55287K(175104K)] 388323K->343116K(699392K), 0.0180298 secs] [Times: user=0.15 sys=0.01, real=0.02 secs] 
2016-09-24T01:01:30.664-0400: 256.117: [GC (GCLocker Initiated GC) [PSYoungGen: 143351K->73512K(175104K)] 431198K->361470K(699392K), 0.0123779 secs] [Times: user=0.09 sys=0.00, real=0.01 secs] 
2016-09-24T01:01:30.798-0400: 256.252: [GC (GCLocker Initiated GC) [PSYoungGen: 161576K->61882K(175104K)] 455741K->392633K(699392K), 0.0122300 secs] [Times: user=0.14 sys=0.00, real=0.01 secs] 
2016-09-24T01:01:30.905-0400: 256.359: [GC (GCLocker Initiated GC) [PSYoungGen: 149946K->79683K(175104K)] 480907K->459575K(699392K), 0.0145048 secs] [Times: user=0.18 sys=0.01, real=0.01 secs] 
2016-09-24T01:01:31.033-0400: 256.486: [GC (Allocation Failure) [PSYoungGen: 167747K->61722K(175104K)] 547995K->484778K(699392K), 0.0096981 secs] [Times: user=0.09 sys=0.01, real=0.02 secs] 
2016-09-24T01:01:31.159-0400: 256.613: [GC (GCLocker Initiated GC) [PSYoungGen: 149786K->67469K(175104K)] 572848K->515427K(699392K), 0.0191887 secs] [Times: user=0.20 sys=0.00, real=0.02 secs] 
2016-09-24T01:01:31.296-0400: 256.750: [GC (GCLocker Initiated GC) [PSYoungGen: 155533K->61818K(175104K)] 603740K->528353K(699392K), 0.0113104 secs] [Times: user=0.12 sys=0.00, real=0.01 secs] 
2016-09-24T01:01:31.308-0400: 256.761: [Full GC (Ergonomics) [PSYoungGen: 61818K->0K(175104K)] [ParOldGen: 466535K->54137K(524288K)] 528353K->54137K(699392K), [Metaspace: 44581K->44581K(1087488K)], 0.0595486 secs] [Times: user=0.32 sys=0.01, real=0.06 secs] 
2016-09-24T01:01:31.467-0400: 256.921: [GC (GCLocker Initiated GC) [PSYoungGen: 88064K->85790K(175104K)] 148441K->158317K(699392K), 0.0278282 secs] [Times: user=0.30 sys=0.01, real=0.03 secs] 
2016-09-24T01:01:31.617-0400: 257.070: [GC (GCLocker Initiated GC) [PSYoungGen: 173854K->24816K(175104K)] 246429K->158572K(699392K), 0.0304421 secs] [Times: user=0.28 sys=0.00, real=0.03 secs] 
2016-09-24T01:01:31.744-0400: 257.198: [GC (GCLocker Initiated GC) [PSYoungGen: 112880K->86086K(175104K)] 252865K->268912K(699392K), 0.0231672 secs] [Times: user=0.27 sys=0.00, real=0.02 secs] 
2016-09-24T01:01:31.881-0400: 257.335: [GC (GCLocker Initiated GC) [PSYoungGen: 174150K->61622K(175104K)] 357342K->324237K(699392K), 0.0202242 secs] [Times: user=0.23 sys=0.00, real=0.02 secs] 
2016-09-24T01:01:32.024-0400: 257.478: [GC (GCLocker Initiated GC) [PSYoungGen: 149686K->73608K(175104K)] 418534K->372951K(699392K), 0.0106931 secs] [Times: user=0.09 sys=0.01, real=0.01 secs] 
2016-09-24T01:01:32.145-0400: 257.599: [GC (Allocation Failure) [PSYoungGen: 161672K->55323K(175104K)] 461371K->373342K(699392K), 0.0101425 secs] [Times: user=0.09 sys=0.01, real=0.01 secs] 
2016-09-24T01:01:32.264-0400: 257.717: [GC (GCLocker Initiated GC) [PSYoungGen: 143387K->85822K(175104K)] 461412K->428454K(699392K), 0.0132070 secs] [Times: user=0.16 sys=0.00, real=0.01 secs] 
2016-09-24T01:01:32.403-0400: 257.857: [GC (Allocation Failure) [PSYoungGen: 173886K->43301K(175104K)] 528929K->416813K(699392K), 0.0220413 secs] [Times: user=0.20 sys=0.01, real=0.02 secs] 
2016-09-24T01:01:32.542-0400: 257.995: [GC (GCLocker Initiated GC) [PSYoungGen: 131365K->61330K(175104K)] 504882K->435279K(699392K), 0.0189096 secs] [Times: user=0.21 sys=0.00, real=0.02 secs] 
2016-09-24T01:01:32.693-0400: 258.147: [GC (GCLocker Initiated GC) [PSYoungGen: 149394K->24979K(175104K)] 541918K->454206K(699392K), 0.0166667 secs] [Times: user=0.16 sys=0.00, real=0.02 secs] 
2016-09-24T01:01:32.851-0400: 258.304: [GC (GCLocker Initiated GC) [PSYoungGen: 113043K->49052K(175104K)] 548505K->484764K(699392K), 0.0146330 secs] [Times: user=0.12 sys=0.00, real=0.02 secs] 
2016-09-24T01:01:32.983-0400: 258.437: [GC (GCLocker Initiated GC) [PSYoungGen: 137116K->55355K(175104K)] 573190K->521899K(699392K), 0.0252712 secs] [Times: user=0.24 sys=0.00, real=0.02 secs] 
2016-09-24T01:01:33.009-0400: 258.462: [Full GC (Ergonomics) [PSYoungGen: 55355K->0K(175104K)] [ParOldGen: 466544K->42148K(524288K)] 521899K->42148K(699392K), [Metaspace: 44581K->44581K(1087488K)], 0.0579197 secs] [Times: user=0.32 sys=0.01, real=0.06 secs] 
2016-09-24T01:01:33.182-0400: 258.636: [GC (GCLocker Initiated GC) [PSYoungGen: 88064K->61330K(175104K)] 136413K->109679K(699392K), 0.0066952 secs] [Times: user=0.05 sys=0.01, real=0.00 secs] 
2016-09-24T01:01:33.278-0400: 258.732: [GC (GCLocker Initiated GC) [PSYoungGen: 149394K->67437K(175104K)] 197886K->170895K(699392K), 0.0192246 secs] [Times: user=0.16 sys=0.00, real=0.02 secs] 
2016-09-24T01:01:33.407-0400: 258.860: [GC (GCLocker Initiated GC) [PSYoungGen: 155501K->61330K(175104K)] 259074K->201621K(699392K), 0.0178684 secs] [Times: user=0.18 sys=0.01, real=0.02 secs] 
2016-09-24T01:01:33.522-0400: 258.976: [GC (GCLocker Initiated GC) [PSYoungGen: 149394K->55287K(175104K)] 289889K->214267K(699392K), 0.0252807 secs] [Times: user=0.24 sys=0.00, real=0.02 secs] 
2016-09-24T01:01:33.662-0400: 259.115: [GC (GCLocker Initiated GC) [PSYoungGen: 143351K->61462K(175104K)] 302613K->245111K(699392K), 0.0147012 secs] [Times: user=0.09 sys=0.00, real=0.02 secs] 
2016-09-24T01:01:33.808-0400: 259.262: [GC (GCLocker Initiated GC) [PSYoungGen: 149526K->55155K(173056K)] 339292K->263554K(697344K), 0.0345850 secs] [Times: user=0.41 sys=0.00, real=0.04 secs] 
2016-09-24T01:01:33.954-0400: 259.408: [GC (GCLocker Initiated GC) [PSYoungGen: 143219K->73612K(174080K)] 351822K->324859K(698368K), 0.0100582 secs] [Times: user=0.08 sys=0.00, real=0.01 secs] 
2016-09-24T01:01:34.089-0400: 259.542: [GC (GCLocker Initiated GC) [PSYoungGen: 161676K->49180K(175104K)] 413044K->337273K(699392K), 0.0226666 secs] [Times: user=0.20 sys=0.01, real=0.02 secs] 
2016-09-24T01:01:34.247-0400: 259.701: [GC (GCLocker Initiated GC) [PSYoungGen: 137244K->67501K(175104K)] 431908K->386577K(699392K), 0.0221243 secs] [Times: user=0.25 sys=0.00, real=0.02 secs] 
2016-09-24T01:01:34.403-0400: 259.857: [GC (GCLocker Initiated GC) [PSYoungGen: 155565K->61298K(172032K)] 474672K->404980K(696320K), 0.0133208 secs] [Times: user=0.13 sys=0.00, real=0.01 secs] 
2016-09-24T01:01:34.535-0400: 259.988: [GC (GCLocker Initiated GC) [PSYoungGen: 149362K->55191K(173568K)] 493069K->429524K(697856K), 0.0090546 secs] [Times: user=0.08 sys=0.00, real=0.01 secs] 
2016-09-24T01:01:34.662-0400: 260.115: [GC (GCLocker Initiated GC) [PSYoungGen: 143255K->73284K(173056K)] 517777K->478464K(697344K), 0.0187319 secs] [Times: user=0.18 sys=0.00, real=0.02 secs] 
2016-09-24T01:01:34.804-0400: 260.258: [GC (Allocation Failure) [PSYoungGen: 162372K->67665K(175616K)] 567745K->533931K(699904K), 0.0120080 secs] [Times: user=0.17 sys=0.00, real=0.01 secs] 
2016-09-24T01:01:34.817-0400: 260.270: [Full GC (Ergonomics) [PSYoungGen: 67665K->0K(175616K)] [ParOldGen: 466266K->48335K(524288K)] 533931K->48335K(699904K), [Metaspace: 44581K->44581K(1087488K)], 0.0639372 secs] [Times: user=0.57 sys=0.01, real=0.06 secs] 
2016-09-24T01:01:34.963-0400: 260.416: [GC (GCLocker Initiated GC) [PSYoungGen: 88876K->86110K(174592K)] 143287K->164821K(698880K), 0.0108330 secs] [Times: user=0.17 sys=0.00, real=0.00 secs] 
2016-09-24T01:01:35.066-0400: 260.519: [GC (GCLocker Initiated GC) [PSYoungGen: 174174K->86018K(175104K)] 253179K->256892K(699392K), 0.0146817 secs] [Times: user=0.24 sys=0.00, real=0.01 secs] 
2016-09-24T01:01:35.202-0400: 260.656: [GC (GCLocker Initiated GC) [PSYoungGen: 174082K->43269K(175104K)] 351067K->257143K(699392K), 0.0260382 secs] [Times: user=0.25 sys=0.00, real=0.02 secs] 
2016-09-24T01:01:35.323-0400: 260.777: [GC (Allocation Failure) [PSYoungGen: 131333K->79519K(175104K)] 351458K->300076K(699392K), 0.0079494 secs] [Times: user=0.08 sys=0.00, real=0.00 secs] 
2016-09-24T01:01:35.468-0400: 260.921: [GC (GCLocker Initiated GC) [PSYoungGen: 167583K->67633K(175104K)] 388140K->330819K(699392K), 0.0116890 secs] [Times: user=0.09 sys=0.01, real=0.01 secs] 
2016-09-24T01:01:35.579-0400: 261.033: [GC (GCLocker Initiated GC) [PSYoungGen: 155697K->85822K(175104K)] 418997K->374058K(699392K), 0.0101964 secs] [Times: user=0.14 sys=0.00, real=0.01 secs] 
2016-09-24T01:01:35.712-0400: 261.165: [GC (GCLocker Initiated GC) [PSYoungGen: 173886K->55547K(175104K)] 462298K->417175K(699392K), 0.0143648 secs] [Times: user=0.15 sys=0.01, real=0.02 secs] 
2016-09-24T01:01:35.834-0400: 261.287: [GC (GCLocker Initiated GC) [PSYoungGen: 143611K->85630K(175104K)] 505600K->460052K(699392K), 0.0117094 secs] [Times: user=0.12 sys=0.00, real=0.02 secs] 
2016-09-24T01:01:35.984-0400: 261.438: [GC (GCLocker Initiated GC) [PSYoungGen: 173694K->67633K(175104K)] 554233K->466516K(699392K), 0.0134285 secs] [Times: user=0.17 sys=0.00, real=0.01 secs] 
2016-09-24T01:01:36.107-0400: 261.560: [GC (Allocation Failure) [PSYoungGen: 155697K->73512K(175104K)] 560882K->515430K(699392K), 0.0172120 secs] [Times: user=0.18 sys=0.00, real=0.02 secs] 
2016-09-24T01:01:36.244-0400: 261.698: [Full GC (Ergonomics) [PSYoungGen: 157439K->0K(175104K)] [ParOldGen: 447993K->54608K(524288K)] 605432K->54608K(699392K), [Metaspace: 44581K->44581K(1087488K)], 0.0583319 secs] [Times: user=0.39 sys=0.01, real=0.06 secs] 
2016-09-24T01:01:36.420-0400: 261.874: [GC (Allocation Failure) [PSYoungGen: 88064K->85990K(175104K)] 155166K->153092K(699392K), 0.0118042 secs] [Times: user=0.11 sys=0.00, real=0.01 secs] 
2016-09-24T01:01:36.544-0400: 261.997: [GC (GCLocker Initiated GC) [PSYoungGen: 171182K->43137K(175104K)] 244360K->159292K(699392K), 0.0111679 secs] [Times: user=0.10 sys=0.00, real=0.01 secs] 
2016-09-24T01:01:36.690-0400: 262.143: [GC (GCLocker Initiated GC) [PSYoungGen: 131201K->49148K(175104K)] 253490K->189750K(699392K), 0.0139642 secs] [Times: user=0.13 sys=0.00, real=0.02 secs] 
2016-09-24T01:01:36.841-0400: 262.295: [GC (GCLocker Initiated GC) [PSYoungGen: 137212K->73512K(175104K)] 277984K->263184K(699392K), 0.0352457 secs] [Times: user=0.40 sys=0.00, real=0.04 secs] 
2016-09-24T01:01:36.964-0400: 262.417: [GC (GCLocker Initiated GC) [PSYoungGen: 161576K->85758K(175104K)] 351482K->282047K(699392K), 0.0100209 secs] [Times: user=0.11 sys=0.00, real=0.00 secs] 
2016-09-24T01:01:37.096-0400: 262.549: [GC (GCLocker Initiated GC) [PSYoungGen: 173822K->73968K(175104K)] 382460K->301154K(699392K), 0.0136571 secs] [Times: user=0.15 sys=0.00, real=0.01 secs] 
2016-09-24T01:01:37.263-0400: 262.717: [GC (GCLocker Initiated GC) [PSYoungGen: 162032K->49084K(175104K)] 395379K->300923K(699392K), 0.0179035 secs] [Times: user=0.19 sys=0.00, real=0.01 secs] 
2016-09-24T01:01:37.406-0400: 262.859: [GC (GCLocker Initiated GC) [PSYoungGen: 137148K->73936K(175104K)] 395144K->332223K(699392K), 0.0098392 secs] [Times: user=0.08 sys=0.00, real=0.01 secs] 
2016-09-24T01:01:37.551-0400: 263.004: [GC (GCLocker Initiated GC) [PSYoungGen: 162000K->18904K(175104K)] 438800K->338653K(699392K), 0.0116879 secs] [Times: user=0.11 sys=0.00, real=0.02 secs] 
2016-09-24T01:01:37.696-0400: 263.150: [GC (GCLocker Initiated GC) [PSYoungGen: 106968K->55223K(175104K)] 433153K->381675K(699392K), 0.0161331 secs] [Times: user=0.16 sys=0.00, real=0.01 secs] 
2016-09-24T01:01:37.847-0400: 263.300: [GC (GCLocker Initiated GC) [PSYoungGen: 143287K->55255K(175104K)] 482066K->394105K(699392K), 0.0094112 secs] [Times: user=0.09 sys=0.00, real=0.01 secs] 
2016-09-24T01:01:38.000-0400: 263.453: [GC (Allocation Failure) [PSYoungGen: 143319K->67305K(175104K)] 488376K->430862K(699392K), 0.0266378 secs] [Times: user=0.27 sys=0.01, real=0.03 secs] 
2016-09-24T01:01:38.138-0400: 263.592: [GC (GCLocker Initiated GC) [PSYoungGen: 152161K->61234K(175104K)] 521793K->437028K(699392K), 0.0162492 secs] [Times: user=0.15 sys=0.00, real=0.02 secs] 
2016-09-24T01:01:38.281-0400: 263.735: [GC (GCLocker Initiated GC) [PSYoungGen: 149298K->49052K(175104K)] 525291K->443522K(699392K), 0.0179262 secs] [Times: user=0.18 sys=0.00, real=0.02 secs] 
2016-09-24T01:01:38.406-0400: 263.859: [GC (Allocation Failure) [PSYoungGen: 137116K->73480K(175104K)] 531734K->468193K(699392K), 0.0124321 secs] [Times: user=0.10 sys=0.00, real=0.01 secs] 
2016-09-24T01:01:38.511-0400: 263.965: [GC (GCLocker Initiated GC) [PSYoungGen: 161544K->67501K(175104K)] 556263K->535444K(699392K), 0.0248437 secs] [Times: user=0.28 sys=0.00, real=0.03 secs] 
2016-09-24T01:01:38.536-0400: 263.990: [Full GC (Ergonomics) [PSYoungGen: 67501K->0K(175104K)] [ParOldGen: 467942K->48803K(524288K)] 535444K->48803K(699392K), [Metaspace: 44583K->44583K(1087488K)], 0.0563619 secs] [Times: user=0.36 sys=0.00, real=0.05 secs] 
2016-09-24T01:01:38.715-0400: 264.169: [GC (GCLocker Initiated GC) [PSYoungGen: 88064K->86014K(175104K)] 142983K->147008K(699392K), 0.0086042 secs] [Times: user=0.08 sys=0.00, real=0.01 secs] 
2016-09-24T01:01:38.845-0400: 264.298: [GC (GCLocker Initiated GC) [PSYoungGen: 174078K->79423K(175104K)] 235406K->183815K(699392K), 0.0302901 secs] [Times: user=0.34 sys=0.01, real=0.03 secs] 
2016-09-24T01:01:39.018-0400: 264.471: [GC (GCLocker Initiated GC) [PSYoungGen: 167487K->55615K(175104K)] 284323K->172570K(699392K), 0.0200832 secs] [Times: user=0.20 sys=0.00, real=0.02 secs] 
2016-09-24T01:01:39.144-0400: 264.597: [GC (GCLocker Initiated GC) [PSYoungGen: 143679K->55187K(175104K)] 260641K->190649K(699392K), 0.0153516 secs] [Times: user=0.15 sys=0.00, real=0.01 secs] 
2016-09-24T01:01:39.263-0400: 264.716: [GC (GCLocker Initiated GC) [PSYoungGen: 143251K->67729K(175104K)] 279058K->215773K(699392K), 0.0086773 secs] [Times: user=0.07 sys=0.00, real=0.00 secs] 
2016-09-24T01:01:39.418-0400: 264.872: [GC (GCLocker Initiated GC) [PSYoungGen: 155793K->43137K(175104K)] 316062K->246410K(699392K), 0.0082709 secs] [Times: user=0.07 sys=0.00, real=0.01 secs] 
2016-09-24T01:01:39.515-0400: 264.968: [GC (GCLocker Initiated GC) [PSYoungGen: 131201K->85986K(175104K)] 334712K->314121K(699392K), 0.0114114 secs] [Times: user=0.17 sys=0.00, real=0.01 secs] 
2016-09-24T01:01:39.643-0400: 265.097: [GC (Allocation Failure) [PSYoungGen: 174050K->67597K(175104K)] 408430K->332644K(699392K), 0.0120118 secs] [Times: user=0.13 sys=0.01, real=0.01 secs] 
2016-09-24T01:01:39.774-0400: 265.227: [GC (GCLocker Initiated GC) [PSYoungGen: 155661K->73508K(175104K)] 420713K->363184K(699392K), 0.0122213 secs] [Times: user=0.15 sys=0.01, real=0.02 secs] 
2016-09-24T01:01:39.898-0400: 265.352: [GC (GCLocker Initiated GC) [PSYoungGen: 161572K->49280K(175104K)] 457544K->381789K(699392K), 0.0187620 secs] [Times: user=0.15 sys=0.00, real=0.02 secs] 
2016-09-24T01:01:40.059-0400: 265.513: [GC (GCLocker Initiated GC) [PSYoungGen: 137344K->79619K(175104K)] 476077K->461177K(699392K), 0.0104144 secs] [Times: user=0.11 sys=0.00, real=0.01 secs] 
2016-09-24T01:01:40.216-0400: 265.669: [GC (GCLocker Initiated GC) [PSYoungGen: 167683K->73672K(175104K)] 561439K->504177K(699392K), 0.0132045 secs] [Times: user=0.18 sys=0.00, real=0.01 secs] 
2016-09-24T01:01:40.336-0400: 265.790: [GC (GCLocker Initiated GC) [PSYoungGen: 161736K->85694K(175104K)] 592283K->595540K(699392K), 0.0135978 secs] [Times: user=0.21 sys=0.00, real=0.01 secs] 
2016-09-24T01:01:40.350-0400: 265.803: [Full GC (Ergonomics) [PSYoungGen: 85694K->0K(175104K)] [ParOldGen: 509846K->54404K(524288K)] 595540K->54404K(699392K), [Metaspace: 44584K->44584K(1087488K)], 0.0614154 secs] [Times: user=0.47 sys=0.02, real=0.06 secs] 
2016-09-24T01:01:40.514-0400: 265.968: [GC (GCLocker Initiated GC) [PSYoungGen: 88064K->86826K(175104K)] 142509K->147346K(699392K), 0.0091793 secs] [Times: user=0.14 sys=0.00, real=0.01 secs] 
2016-09-24T01:01:40.658-0400: 266.111: [GC (GCLocker Initiated GC) [PSYoungGen: 174890K->55479K(175104K)] 241779K->141741K(699392K), 0.0091847 secs] [Times: user=0.13 sys=0.00, real=0.01 secs] 
2016-09-24T01:01:40.781-0400: 266.235: [GC (GCLocker Initiated GC) [PSYoungGen: 143543K->73672K(175104K)] 230098K->160527K(699392K), 0.0064574 secs] [Times: user=0.10 sys=0.00, real=0.01 secs] 
2016-09-24T01:01:40.915-0400: 266.368: [GC (GCLocker Initiated GC) [PSYoungGen: 161736K->67369K(175104K)] 248610K->172759K(699392K), 0.0100606 secs] [Times: user=0.14 sys=0.00, real=0.01 secs] 
2016-09-24T01:01:41.051-0400: 266.504: [GC (GCLocker Initiated GC) [PSYoungGen: 155433K->37130K(175104K)] 273117K->185276K(699392K), 0.0222100 secs] [Times: user=0.18 sys=0.00, real=0.02 secs] 
2016-09-24T01:01:41.207-0400: 266.660: [GC (Allocation Failure) [PSYoungGen: 125194K->55323K(175104K)] 279552K->228165K(699392K), 0.0234894 secs] [Times: user=0.26 sys=0.00, real=0.02 secs] 
2016-09-24T01:01:41.358-0400: 266.811: [GC (GCLocker Initiated GC) [PSYoungGen: 143382K->67469K(175104K)] 316230K->258793K(699392K), 0.0176497 secs] [Times: user=0.17 sys=0.00, real=0.02 secs] 
2016-09-24T01:01:41.503-0400: 266.956: [GC (GCLocker Initiated GC) [PSYoungGen: 155533K->37094K(175104K)] 353013K->307578K(699392K), 0.0100471 secs] [Times: user=0.07 sys=0.00, real=0.00 secs] 
2016-09-24T01:01:41.640-0400: 267.094: [GC (GCLocker Initiated GC) [PSYoungGen: 125158K->67701K(175104K)] 395980K->338783K(699392K), 0.0225070 secs] [Times: user=0.22 sys=0.00, real=0.03 secs] 
2016-09-24T01:01:41.773-0400: 267.226: [GC (GCLocker Initiated GC) [PSYoungGen: 155765K->49212K(175104K)] 427208K->339303K(699392K), 0.0169000 secs] [Times: user=0.13 sys=0.00, real=0.02 secs] 
2016-09-24T01:01:41.913-0400: 267.366: [GC (GCLocker Initiated GC) [PSYoungGen: 137276K->43169K(175104K)] 434027K->370406K(699392K), 0.0117921 secs] [Times: user=0.12 sys=0.00, real=0.02 secs] 
2016-09-24T01:01:42.041-0400: 267.495: [GC (GCLocker Initiated GC) [PSYoungGen: 131233K->73448K(175104K)] 458530K->406907K(699392K), 0.0108923 secs] [Times: user=0.07 sys=0.01, real=0.01 secs] 
2016-09-24T01:01:42.168-0400: 267.622: [GC (GCLocker Initiated GC) [PSYoungGen: 161512K->73612K(175104K)] 495254K->437997K(699392K), 0.0365270 secs] [Times: user=0.36 sys=0.01, real=0.04 secs] 
2016-09-24T01:01:42.331-0400: 267.784: [GC (GCLocker Initiated GC) [PSYoungGen: 161676K->42973K(175104K)] 526103K->450372K(699392K), 0.0100413 secs] [Times: user=0.10 sys=0.00, real=0.01 secs] 
2016-09-24T01:01:42.455-0400: 267.909: [GC (GCLocker Initiated GC) [PSYoungGen: 131037K->85858K(175104K)] 538517K->535983K(699392K), 0.0383015 secs] [Times: user=0.45 sys=0.00, real=0.03 secs] 
2016-09-24T01:01:42.596-0400: 268.050: [GC (GCLocker Initiated GC) [PSYoungGen: 173922K->85758K(175104K)] 624162K->560753K(699392K), 0.0104445 secs] [Times: user=0.09 sys=0.00, real=0.01 secs] 
2016-09-24T01:01:42.607-0400: 268.060: [Full GC (Ergonomics) [PSYoungGen: 85758K->0K(175104K)] [ParOldGen: 474995K->54917K(524288K)] 560753K->54917K(699392K), [Metaspace: 44592K->44592K(1087488K)], 0.0819804 secs] [Times: user=0.60 sys=0.02, real=0.08 secs] 
2016-09-24T01:01:42.828-0400: 268.281: [GC (GCLocker Initiated GC) [PSYoungGen: 88064K->79907K(175104K)] 149316K->141159K(699392K), 0.0081858 secs] [Times: user=0.12 sys=0.00, real=0.01 secs] 
2016-09-24T01:01:42.958-0400: 268.411: [GC (GCLocker Initiated GC) [PSYoungGen: 167971K->61654K(175104K)] 235475K->172246K(699392K), 0.0305742 secs] [Times: user=0.32 sys=0.00, real=0.03 secs] 
2016-09-24T01:01:43.112-0400: 268.566: [GC (Allocation Failure) [PSYoungGen: 149718K->85630K(175104K)] 260369K->233030K(699392K), 0.0105950 secs] [Times: user=0.09 sys=0.00, real=0.02 secs] 
2016-09-24T01:01:43.124-0400: 268.577: [GC (GCLocker Initiated GC) [PSYoungGen: 85946K->192K(175104K)] 233347K->251252K(699392K), 0.0086554 secs] [Times: user=0.10 sys=0.00, real=0.00 secs] 
2016-09-24T01:01:43.246-0400: 268.699: [GC (GCLocker Initiated GC) [PSYoungGen: 82710K->80003K(175104K)] 339845K->337146K(699392K), 0.0152375 secs] [Times: user=0.15 sys=0.00, real=0.01 secs] 
2016-09-24T01:01:43.392-0400: 268.845: [GC (GCLocker Initiated GC) [PSYoungGen: 168065K->43105K(175104K)] 431639K->343644K(699392K), 0.0110593 secs] [Times: user=0.08 sys=0.00, real=0.02 secs] 
2016-09-24T01:01:43.514-0400: 268.967: [GC (GCLocker Initiated GC) [PSYoungGen: 131169K->79651K(175104K)] 431851K->398874K(699392K), 0.0106234 secs] [Times: user=0.15 sys=0.00, real=0.02 secs] 
2016-09-24T01:01:43.646-0400: 269.100: [GC (GCLocker Initiated GC) [PSYoungGen: 167715K->85854K(175104K)] 487187K->460292K(699392K), 0.0131154 secs] [Times: user=0.20 sys=0.00, real=0.01 secs] 
2016-09-24T01:01:43.806-0400: 269.259: [GC (Allocation Failure) [PSYoungGen: 173918K->43009K(175104K)] 554607K->460416K(699392K), 0.0154769 secs] [Times: user=0.14 sys=0.01, real=0.01 secs] 
2016-09-24T01:01:43.914-0400: 269.367: [GC (GCLocker Initiated GC) [PSYoungGen: 131071K->85626K(175104K)] 548484K->545863K(699392K), 0.0119295 secs] [Times: user=0.17 sys=0.00, real=0.02 secs] 
2016-09-24T01:01:43.926-0400: 269.379: [Full GC (Ergonomics) [PSYoungGen: 85626K->0K(175104K)] [ParOldGen: 460237K->54757K(524288K)] 545863K->54757K(699392K), [Metaspace: 44607K->44607K(1087488K)], 0.0587467 secs] [Times: user=0.40 sys=0.01, real=0.06 secs] 
2016-09-24T01:01:44.093-0400: 269.547: [GC (GCLocker Initiated GC) [PSYoungGen: 88064K->86602K(175104K)] 142891K->159654K(699392K), 0.0117938 secs] [Times: user=0.14 sys=0.00, real=0.02 secs] 
2016-09-24T01:01:44.237-0400: 269.690: [GC (GCLocker Initiated GC) [PSYoungGen: 174666K->67273K(175104K)] 247794K->208077K(699392K), 0.0230860 secs] [Times: user=0.26 sys=0.01, real=0.02 secs] 
2016-09-24T01:01:44.367-0400: 269.820: [GC (GCLocker Initiated GC) [PSYoungGen: 155337K->49344K(175104K)] 302235K->226729K(699392K), 0.0203985 secs] [Times: user=0.22 sys=0.02, real=0.02 secs] 
2016-09-24T01:01:44.513-0400: 269.966: [GC (GCLocker Initiated GC) [PSYoungGen: 137408K->61198K(175104K)] 314975K->293739K(699392K), 0.0112028 secs] [Times: user=0.09 sys=0.00, real=0.02 secs] 
2016-09-24T01:01:44.663-0400: 270.116: [GC (GCLocker Initiated GC) [PSYoungGen: 149262K->30891K(175104K)] 394062K->294003K(699392K), 0.0242609 secs] [Times: user=0.23 sys=0.01, real=0.02 secs] 
2016-09-24T01:01:44.821-0400: 270.275: [GC (GCLocker Initiated GC) [PSYoungGen: 118955K->55191K(175104K)] 388470K->324973K(699392K), 0.0144467 secs] [Times: user=0.16 sys=0.01, real=0.02 secs] 
2016-09-24T01:01:44.942-0400: 270.395: [GC (GCLocker Initiated GC) [PSYoungGen: 143255K->79815K(175104K)] 413354K->374489K(699392K), 0.0161757 secs] [Times: user=0.15 sys=0.01, real=0.02 secs] 
2016-09-24T01:01:45.077-0400: 270.530: [GC (GCLocker Initiated GC) [PSYoungGen: 167879K->67469K(175104K)] 462617K->405188K(699392K), 0.0151587 secs] [Times: user=0.17 sys=0.00, real=0.01 secs] 
2016-09-24T01:01:45.218-0400: 270.671: [GC (GCLocker Initiated GC) [PSYoungGen: 155533K->49344K(175104K)] 499525K->423815K(699392K), 0.0094615 secs] [Times: user=0.06 sys=0.00, real=0.01 secs] 
2016-09-24T01:01:45.364-0400: 270.818: [GC (Allocation Failure) [PSYoungGen: 137408K->61458K(175104K)] 518068K->460807K(699392K), 0.0112214 secs] [Times: user=0.14 sys=0.01, real=0.01 secs] 
2016-09-24T01:01:45.477-0400: 270.930: [GC (GCLocker Initiated GC) [PSYoungGen: 149522K->67629K(175104K)] 548876K->515767K(699392K), 0.0119720 secs] [Times: user=0.14 sys=0.01, real=0.01 secs] 
2016-09-24T01:01:45.489-0400: 270.942: [Full GC (Ergonomics) [PSYoungGen: 67629K->0K(175104K)] [ParOldGen: 448138K->54785K(524288K)] 515767K->54785K(699392K), [Metaspace: 44611K->44611K(1087488K)], 0.0519501 secs] [Times: user=0.47 sys=0.00, real=0.05 secs] 
2016-09-24T01:01:45.649-0400: 271.102: [GC (GCLocker Initiated GC) [PSYoungGen: 88064K->86662K(175104K)] 148966K->184014K(699392K), 0.0120006 secs] [Times: user=0.16 sys=0.00, real=0.01 secs] 
2016-09-24T01:01:45.802-0400: 271.255: [GC (GCLocker Initiated GC) [PSYoungGen: 174726K->61230K(175104K)] 278159K->189915K(699392K), 0.0091194 secs] [Times: user=0.07 sys=0.00, real=0.01 secs] 
2016-09-24T01:01:45.942-0400: 271.396: [GC (GCLocker Initiated GC) [PSYoungGen: 149294K->79491K(175104K)] 284102K->226553K(699392K), 0.0101081 secs] [Times: user=0.07 sys=0.01, real=0.00 secs] 
2016-09-24T01:01:46.057-0400: 271.510: [GC (GCLocker Initiated GC) [PSYoungGen: 167555K->55415K(175104K)] 314821K->269830K(699392K), 0.0128269 secs] [Times: user=0.15 sys=0.00, real=0.01 secs] 
2016-09-24T01:01:46.223-0400: 271.677: [GC (GCLocker Initiated GC) [PSYoungGen: 143479K->67957K(175104K)] 370086K->312932K(699392K), 0.0105743 secs] [Times: user=0.13 sys=0.00, real=0.00 secs] 
2016-09-24T01:01:46.398-0400: 271.851: [GC (GCLocker Initiated GC) [PSYoungGen: 156021K->19164K(175104K)] 419352K->313466K(699392K), 0.0170546 secs] [Times: user=0.13 sys=0.00, real=0.02 secs] 
2016-09-24T01:01:46.549-0400: 272.003: [GC (GCLocker Initiated GC) [PSYoungGen: 107228K->55319K(175104K)] 401541K->349742K(699392K), 0.0136190 secs] [Times: user=0.15 sys=0.01, real=0.02 secs] 
2016-09-24T01:01:46.666-0400: 272.120: [GC (GCLocker Initiated GC) [PSYoungGen: 143383K->73608K(175104K)] 438005K->386566K(699392K), 0.0156691 secs] [Times: user=0.16 sys=0.00, real=0.01 secs] 
2016-09-24T01:01:46.787-0400: 272.240: [GC (GCLocker Initiated GC) [PSYoungGen: 161672K->67569K(175104K)] 474672K->417147K(699392K), 0.0219892 secs] [Times: user=0.22 sys=0.00, real=0.02 secs] 
2016-09-24T01:01:46.908-0400: 272.361: [GC (GCLocker Initiated GC) [PSYoungGen: 155633K->55419K(175104K)] 511495K->448023K(699392K), 0.0246117 secs] [Times: user=0.27 sys=0.00, real=0.02 secs] 
2016-09-24T01:01:47.050-0400: 272.504: [GC (GCLocker Initiated GC) [PSYoungGen: 143483K->85726K(175104K)] 542186K->490804K(699392K), 0.0093165 secs] [Times: user=0.10 sys=0.00, real=0.01 secs] 
2016-09-24T01:01:47.213-0400: 272.667: [GC (GCLocker Initiated GC) [PSYoungGen: 173790K->48920K(175104K)] 578870K->508778K(699392K), 0.0142152 secs] [Times: user=0.12 sys=0.00, real=0.02 secs] 
2016-09-24T01:01:47.227-0400: 272.681: [Full GC (Ergonomics) [PSYoungGen: 48920K->0K(175104K)] [ParOldGen: 459858K->49157K(524288K)] 508778K->49157K(699392K), [Metaspace: 44611K->44611K(1087488K)], 0.0622055 secs] [Times: user=0.42 sys=0.01, real=0.06 secs] 
2016-09-24T01:01:47.387-0400: 272.840: [GC (GCLocker Initiated GC) [PSYoungGen: 88064K->86570K(175104K)] 137537K->160343K(699392K), 0.0168302 secs] [Times: user=0.20 sys=0.00, real=0.02 secs] 
2016-09-24T01:01:47.492-0400: 272.945: [GC (GCLocker Initiated GC) [PSYoungGen: 174634K->85758K(175104K)] 248471K->227132K(699392K), 0.0152327 secs] [Times: user=0.14 sys=0.00, real=0.02 secs] 
2016-09-24T01:01:47.614-0400: 273.067: [GC (GCLocker Initiated GC) [PSYoungGen: 173822K->79943K(175104K)] 315344K->270232K(699392K), 0.0149621 secs] [Times: user=0.18 sys=0.00, real=0.02 secs] 
2016-09-24T01:01:47.768-0400: 273.222: [GC (Allocation Failure) [PSYoungGen: 168007K->55223K(175104K)] 364464K->270180K(699392K), 0.0147762 secs] [Times: user=0.15 sys=0.01, real=0.02 secs] 
2016-09-24T01:01:47.886-0400: 273.340: [GC (GCLocker Initiated GC) [PSYoungGen: 141402K->55419K(175104K)] 362435K->300995K(699392K), 0.0306620 secs] [Times: user=0.34 sys=0.00, real=0.03 secs] 
2016-09-24T01:01:48.053-0400: 273.507: [GC (GCLocker Initiated GC) [PSYoungGen: 143483K->37030K(175104K)] 395495K->319864K(699392K), 0.0096474 secs] [Times: user=0.09 sys=0.01, real=0.02 secs] 
2016-09-24T01:01:48.178-0400: 273.632: [GC (GCLocker Initiated GC) [PSYoungGen: 125094K->85858K(175104K)] 408132K->375075K(699392K), 0.0292003 secs] [Times: user=0.29 sys=0.00, real=0.03 secs] 
2016-09-24T01:01:48.332-0400: 273.786: [GC (GCLocker Initiated GC) [PSYoungGen: 173922K->61262K(175104K)] 463349K->405679K(699392K), 0.0137381 secs] [Times: user=0.16 sys=0.00, real=0.02 secs] 
2016-09-24T01:01:48.463-0400: 273.916: [GC (GCLocker Initiated GC) [PSYoungGen: 149326K->85790K(175104K)] 494400K->449232K(699392K), 0.0122883 secs] [Times: user=0.15 sys=0.01, real=0.01 secs] 
2016-09-24T01:01:48.607-0400: 274.060: [GC (GCLocker Initiated GC) [PSYoungGen: 173854K->48984K(175104K)] 549483K->424848K(699392K), 0.0079727 secs] [Times: user=0.05 sys=0.00, real=0.01 secs] 
2016-09-24T01:01:48.726-0400: 274.180: [GC (Allocation Failure) [PSYoungGen: 137048K->73868K(175104K)] 519185K->498642K(699392K), 0.0122245 secs] [Times: user=0.14 sys=0.01, real=0.01 secs] 
2016-09-24T01:01:48.869-0400: 274.322: [GC (GCLocker Initiated GC) [PSYoungGen: 161932K->61522K(175104K)] 586711K->523043K(699392K), 0.0205524 secs] [Times: user=0.26 sys=0.01, real=0.02 secs] 
2016-09-24T01:01:48.889-0400: 274.343: [Full GC (Ergonomics) [PSYoungGen: 61522K->0K(175104K)] [ParOldGen: 461521K->49156K(524288K)] 523043K->49156K(699392K), [Metaspace: 44611K->44611K(1087488K)], 0.0535261 secs] [Times: user=0.39 sys=0.00, real=0.06 secs] 
2016-09-24T01:01:49.060-0400: 274.514: [GC (GCLocker Initiated GC) [PSYoungGen: 88064K->86242K(175104K)] 149681K->153934K(699392K), 0.0099229 secs] [Times: user=0.13 sys=0.00, real=0.01 secs] 
2016-09-24T01:01:49.208-0400: 274.662: [GC (Allocation Failure) [PSYoungGen: 174306K->43041K(175104K)] 242353K->148390K(699392K), 0.0175431 secs] [Times: user=0.16 sys=0.00, real=0.02 secs] 
2016-09-24T01:01:49.340-0400: 274.793: [GC (GCLocker Initiated GC) [PSYoungGen: 125167K->55515K(175104K)] 236591K->185275K(699392K), 0.0215303 secs] [Times: user=0.23 sys=0.00, real=0.02 secs] 
2016-09-24T01:01:49.480-0400: 274.933: [GC (Allocation Failure) [PSYoungGen: 143579K->55415K(175104K)] 285755K->234317K(699392K), 0.0232732 secs] [Times: user=0.26 sys=0.00, real=0.03 secs] 
2016-09-24T01:01:49.504-0400: 274.957: [GC (GCLocker Initiated GC) [PSYoungGen: 55796K->64K(175104K)] 234698K->246349K(699392K), 0.0076342 secs] [Times: user=0.07 sys=0.00, real=0.00 secs] 
2016-09-24T01:01:49.635-0400: 275.089: [GC (GCLocker Initiated GC) [PSYoungGen: 86415K->86082K(175104K)] 338775K->350608K(699392K), 0.0214085 secs] [Times: user=0.23 sys=0.00, real=0.02 secs] 
2016-09-24T01:01:49.792-0400: 275.245: [GC (GCLocker Initiated GC) [PSYoungGen: 174146K->73512K(175104K)] 438764K->375456K(699392K), 0.0214075 secs] [Times: user=0.26 sys=0.00, real=0.02 secs] 
2016-09-24T01:01:49.903-0400: 275.356: [GC (GCLocker Initiated GC) [PSYoungGen: 161576K->85694K(175104K)] 463545K->442458K(699392K), 0.0109581 secs] [Times: user=0.13 sys=0.00, real=0.00 secs] 
2016-09-24T01:01:50.039-0400: 275.493: [GC (GCLocker Initiated GC) [PSYoungGen: 173758K->86054K(175104K)] 530856K->492043K(699392K), 0.0184010 secs] [Times: user=0.20 sys=0.00, real=0.02 secs] 
2016-09-24T01:01:50.194-0400: 275.647: [GC (GCLocker Initiated GC) [PSYoungGen: 174118K->49016K(175104K)] 586538K->498177K(699392K), 0.0139725 secs] [Times: user=0.15 sys=0.01, real=0.02 secs] 
2016-09-24T01:01:50.208-0400: 275.661: [Full GC (Ergonomics) [PSYoungGen: 49016K->0K(175104K)] [ParOldGen: 449161K->48746K(524288K)] 498177K->48746K(699392K), [Metaspace: 44611K->44611K(1087488K)], 0.0591408 secs] [Times: user=0.34 sys=0.01, real=0.06 secs] 
2016-09-24T01:01:50.380-0400: 275.833: [GC (GCLocker Initiated GC) [PSYoungGen: 88064K->74192K(175104K)] 142978K->129106K(699392K), 0.0066274 secs] [Times: user=0.07 sys=0.00, real=0.01 secs] 
2016-09-24T01:01:50.519-0400: 275.973: [GC (GCLocker Initiated GC) [PSYoungGen: 162256K->73864K(175104K)] 229374K->172240K(699392K), 0.0098412 secs] [Times: user=0.11 sys=0.00, real=0.01 secs] 
2016-09-24T01:01:50.655-0400: 276.109: [GC (Allocation Failure) [PSYoungGen: 161928K->37254K(175104K)] 279237K->209810K(699392K), 0.0102917 secs] [Times: user=0.15 sys=0.00, real=0.01 secs] 
2016-09-24T01:01:50.782-0400: 276.235: [GC (GCLocker Initiated GC) [PSYoungGen: 125318K->73804K(175104K)] 297879K->246673K(699392K), 0.0095566 secs] [Times: user=0.14 sys=0.01, real=0.01 secs] 
2016-09-24T01:01:50.896-0400: 276.349: [GC (Allocation Failure) [PSYoungGen: 161868K->61358K(175104K)] 334875K->289519K(699392K), 0.0121577 secs] [Times: user=0.20 sys=0.00, real=0.01 secs] 
2016-09-24T01:01:51.024-0400: 276.477: [GC (GCLocker Initiated GC) [PSYoungGen: 149422K->67729K(175104K)] 377589K->362865K(699392K), 0.0252185 secs] [Times: user=0.34 sys=0.00, real=0.02 secs] 
2016-09-24T01:01:51.166-0400: 276.619: [GC (GCLocker Initiated GC) [PSYoungGen: 155793K->85922K(175104K)] 450982K->399971K(699392K), 0.0312867 secs] [Times: user=0.40 sys=0.00, real=0.03 secs] 
2016-09-24T01:01:51.319-0400: 276.773: [GC (GCLocker Initiated GC) [PSYoungGen: 173986K->31118K(175104K)] 488304K->412710K(699392K), 0.0142832 secs] [Times: user=0.15 sys=0.00, real=0.01 secs] 
2016-09-24T01:01:51.446-0400: 276.900: [GC (GCLocker Initiated GC) [PSYoungGen: 119182K->85498K(175104K)] 500799K->479687K(699392K), 0.0148901 secs] [Times: user=0.15 sys=0.00, real=0.01 secs] 
2016-09-24T01:01:51.604-0400: 277.058: [GC (GCLocker Initiated GC) [PSYoungGen: 173562K->19264K(175104K)] 592379K->468568K(699392K), 0.0223855 secs] [Times: user=0.24 sys=0.00, real=0.02 secs] 
2016-09-24T01:01:51.627-0400: 277.080: [Full GC (Ergonomics) [PSYoungGen: 19264K->0K(175104K)] [ParOldGen: 449303K->54348K(524288K)] 468568K->54348K(699392K), [Metaspace: 44611K->44611K(1087488K)], 0.0605757 secs] [Times: user=0.43 sys=0.00, real=0.06 secs] 
2016-09-24T01:01:51.808-0400: 277.262: [GC (GCLocker Initiated GC) [PSYoungGen: 88064K->85922K(175104K)] 142588K->164746K(699392K), 0.0118579 secs] [Times: user=0.16 sys=0.00, real=0.01 secs] 
2016-09-24T01:01:51.930-0400: 277.383: [GC (GCLocker Initiated GC) [PSYoungGen: 173986K->37094K(175104K)] 258933K->225608K(699392K), 0.0115638 secs] [Times: user=0.12 sys=0.01, real=0.01 secs] 
2016-09-24T01:01:52.056-0400: 277.509: [GC (GCLocker Initiated GC) [PSYoungGen: 125158K->79947K(175104K)] 320023K->281007K(699392K), 0.0091266 secs] [Times: user=0.07 sys=0.00, real=0.01 secs] 
2016-09-24T01:01:52.209-0400: 277.663: [GC (Allocation Failure) [PSYoungGen: 168011K->37222K(175104K)] 387635K->293759K(699392K), 0.0106578 secs] [Times: user=0.08 sys=0.00, real=0.01 secs] 
2016-09-24T01:01:52.340-0400: 277.793: [GC (GCLocker Initiated GC) [PSYoungGen: 125286K->67373K(175104K)] 381829K->324183K(699392K), 0.0447391 secs] [Times: user=0.46 sys=0.01, real=0.05 secs] 
2016-09-24T01:01:52.531-0400: 277.984: [GC (GCLocker Initiated GC) [PSYoungGen: 155437K->37354K(175104K)] 424691K->343334K(699392K), 0.0099778 secs] [Times: user=0.10 sys=0.00, real=0.01 secs] 
2016-09-24T01:01:52.661-0400: 278.115: [GC (GCLocker Initiated GC) [PSYoungGen: 125418K->73384K(175104K)] 431473K->379675K(699392K), 0.0182174 secs] [Times: user=0.17 sys=0.00, real=0.02 secs] 
2016-09-24T01:01:52.812-0400: 278.265: [GC (GCLocker Initiated GC) [PSYoungGen: 161448K->79683K(175104K)] 473862K->410465K(699392K), 0.0117574 secs] [Times: user=0.12 sys=0.00, real=0.02 secs] 
2016-09-24T01:01:52.928-0400: 278.382: [GC (GCLocker Initiated GC) [PSYoungGen: 167747K->79815K(175104K)] 498548K->429100K(699392K), 0.0337678 secs] [Times: user=0.37 sys=0.00, real=0.03 secs] 
2016-09-24T01:01:53.089-0400: 278.543: [GC (Allocation Failure) [PSYoungGen: 167879K->48952K(175104K)] 523360K->465442K(699392K), 0.0227297 secs] [Times: user=0.17 sys=0.00, real=0.02 secs] 
2016-09-24T01:01:53.244-0400: 278.697: [GC (Allocation Failure) [PSYoungGen: 134317K->61426K(175104K)] 550807K->526660K(699392K), 0.0113639 secs] [Times: user=0.14 sys=0.00, real=0.01 secs] 
2016-09-24T01:01:53.255-0400: 278.709: [Full GC (Ergonomics) [PSYoungGen: 61426K->0K(175104K)] [ParOldGen: 465234K->48261K(524288K)] 526660K->48261K(699392K), [Metaspace: 44611K->44611K(1087488K)], 0.0559336 secs] [Times: user=0.38 sys=0.01, real=0.05 secs] 
2016-09-24T01:01:53.430-0400: 278.884: [GC (GCLocker Initiated GC) [PSYoungGen: 88064K->85662K(175104K)] 136331K->152154K(699392K), 0.0095137 secs] [Times: user=0.09 sys=0.00, real=0.01 secs] 
2016-09-24T01:01:53.563-0400: 279.017: [GC (Allocation Failure) [PSYoungGen: 173726K->25011K(175104K)] 246508K->170953K(699392K), 0.0101941 secs] [Times: user=0.08 sys=0.00, real=0.00 secs] 
2016-09-24T01:01:53.684-0400: 279.137: [GC (GCLocker Initiated GC) [PSYoungGen: 113075K->55223K(175104K)] 259024K->219647K(699392K), 0.0101821 secs] [Times: user=0.08 sys=0.00, real=0.00 secs] 
2016-09-24T01:01:53.828-0400: 279.282: [GC (GCLocker Initiated GC) [PSYoungGen: 143287K->79587K(175104K)] 313934K->268555K(699392K), 0.0316145 secs] [Times: user=0.32 sys=0.00, real=0.03 secs] 
2016-09-24T01:01:53.988-0400: 279.442: [GC (GCLocker Initiated GC) [PSYoungGen: 167651K->49312K(175104K)] 356924K->281385K(699392K), 0.0197495 secs] [Times: user=0.20 sys=0.00, real=0.02 secs] 
2016-09-24T01:01:54.128-0400: 279.582: [GC (GCLocker Initiated GC) [PSYoungGen: 137376K->55255K(175104K)] 369597K->324194K(699392K), 0.0097462 secs] [Times: user=0.09 sys=0.00, real=0.01 secs] 
2016-09-24T01:01:54.265-0400: 279.718: [GC (GCLocker Initiated GC) [PSYoungGen: 143319K->73576K(175104K)] 412294K->379105K(699392K), 0.0165391 secs] [Times: user=0.16 sys=0.01, real=0.01 secs] 
2016-09-24T01:01:54.409-0400: 279.863: [GC (GCLocker Initiated GC) [PSYoungGen: 161637K->73868K(175104K)] 473602K->416319K(699392K), 0.0198934 secs] [Times: user=0.20 sys=0.00, real=0.02 secs] 
2016-09-24T01:01:54.527-0400: 279.981: [GC (GCLocker Initiated GC) [PSYoungGen: 161932K->85954K(175104K)] 504744K->435133K(699392K), 0.0100056 secs] [Times: user=0.12 sys=0.00, real=0.01 secs] 
2016-09-24T01:01:54.649-0400: 280.102: [GC (GCLocker Initiated GC) [PSYoungGen: 174018K->79587K(175104K)] 523397K->465675K(699392K), 0.0107175 secs] [Times: user=0.10 sys=0.00, real=0.01 secs] 
2016-09-24T01:01:54.796-0400: 280.249: [GC (Allocation Failure) [PSYoungGen: 167651K->49344K(175104K)] 560091K->460105K(699392K), 0.0190065 secs] [Times: user=0.20 sys=0.00, real=0.02 secs] 
2016-09-24T01:01:54.928-0400: 280.381: [GC (GCLocker Initiated GC) [PSYoungGen: 137408K->61330K(175104K)] 548180K->490774K(699392K), 0.0100546 secs] [Times: user=0.09 sys=0.00, real=0.01 secs] 
2016-09-24T01:01:55.058-0400: 280.511: [GC (GCLocker Initiated GC) [PSYoungGen: 149394K->67405K(175104K)] 578874K->515214K(699392K), 0.0125839 secs] [Times: user=0.14 sys=0.00, real=0.01 secs] 
2016-09-24T01:01:55.202-0400: 280.655: [GC (Allocation Failure) [PSYoungGen: 155469K->61526K(175104K)] 609545K->515862K(699392K), 0.0113754 secs] [Times: user=0.10 sys=0.00, real=0.01 secs] 
2016-09-24T01:01:55.319-0400: 280.773: [GC (GCLocker Initiated GC) [PSYoungGen: 149590K->61330K(175104K)] 603931K->552569K(699392K), 0.0171812 secs] [Times: user=0.18 sys=0.00, real=0.02 secs] 
2016-09-24T01:01:55.336-0400: 280.790: [Full GC (Ergonomics) [PSYoungGen: 61330K->0K(175104K)] [ParOldGen: 491239K->54411K(524288K)] 552569K->54411K(699392K), [Metaspace: 44611K->44611K(1087488K)], 0.0532036 secs] [Times: user=0.27 sys=0.01, real=0.05 secs] 
2016-09-24T01:01:55.487-0400: 280.940: [GC (GCLocker Initiated GC) [PSYoungGen: 88064K->86146K(175104K)] 142842K->146999K(699392K), 0.0088816 secs] [Times: user=0.09 sys=0.00, real=0.01 secs] 
2016-09-24T01:01:55.615-0400: 281.069: [GC (GCLocker Initiated GC) [PSYoungGen: 174210K->67925K(175104K)] 235184K->184293K(699392K), 0.0112807 secs] [Times: user=0.12 sys=0.01, real=0.01 secs] 
2016-09-24T01:01:55.742-0400: 281.195: [GC (GCLocker Initiated GC) [PSYoungGen: 155989K->37290K(175104K)] 284801K->184391K(699392K), 0.0080741 secs] [Times: user=0.06 sys=0.00, real=0.01 secs] 
2016-09-24T01:01:55.860-0400: 281.313: [GC (GCLocker Initiated GC) [PSYoungGen: 125354K->85758K(175104K)] 272632K->257627K(699392K), 0.0118178 secs] [Times: user=0.14 sys=0.00, real=0.01 secs] 
2016-09-24T01:01:56.000-0400: 281.453: [GC (GCLocker Initiated GC) [PSYoungGen: 173822K->43237K(175104K)] 357889K->251707K(699392K), 0.0281273 secs] [Times: user=0.31 sys=0.00, real=0.03 secs] 
2016-09-24T01:01:56.127-0400: 281.580: [GC (GCLocker Initiated GC) [PSYoungGen: 131301K->73576K(175104K)] 339813K->288439K(699392K), 0.0163390 secs] [Times: user=0.16 sys=0.01, real=0.02 secs] 
2016-09-24T01:01:56.237-0400: 281.691: [GC (GCLocker Initiated GC) [PSYoungGen: 161640K->85858K(175104K)] 376864K->319590K(699392K), 0.0187763 secs] [Times: user=0.18 sys=0.00, real=0.02 secs] 
2016-09-24T01:01:56.360-0400: 281.813: [GC (GCLocker Initiated GC) [PSYoungGen: 173922K->43041K(175104K)] 407864K->319923K(699392K), 0.0393208 secs] [Times: user=0.43 sys=0.00, real=0.04 secs] 
2016-09-24T01:01:56.512-0400: 281.966: [GC (GCLocker Initiated GC) [PSYoungGen: 131105K->55679K(175104K)] 420313K->381464K(699392K), 0.0234039 secs] [Times: user=0.31 sys=0.01, real=0.03 secs] 
2016-09-24T01:01:56.664-0400: 282.118: [GC (Allocation Failure) [PSYoungGen: 143743K->55547K(175104K)] 475953K->388017K(699392K), 0.0099911 secs] [Times: user=0.11 sys=0.00, real=0.01 secs] 
2016-09-24T01:01:56.775-0400: 282.228: [GC (GCLocker Initiated GC) [PSYoungGen: 143609K->73576K(175104K)] 476085K->424380K(699392K), 0.0093081 secs] [Times: user=0.10 sys=0.00, real=0.01 secs] 
2016-09-24T01:01:56.896-0400: 282.349: [GC (GCLocker Initiated GC) [PSYoungGen: 161640K->55223K(175104K)] 518689K->412376K(699392K), 0.0115652 secs] [Times: user=0.12 sys=0.00, real=0.01 secs] 
2016-09-24T01:01:57.034-0400: 282.487: [GC (Allocation Failure) [PSYoungGen: 143287K->67405K(175104K)] 500621K->443224K(699392K), 0.0357058 secs] [Times: user=0.31 sys=0.01, real=0.04 secs] 
2016-09-24T01:01:57.177-0400: 282.630: [GC (GCLocker Initiated GC) [PSYoungGen: 155469K->73576K(175104K)] 531293K->449708K(699392K), 0.0077480 secs] [Times: user=0.10 sys=0.00, real=0.01 secs] 
2016-09-24T01:01:57.298-0400: 282.752: [GC (GCLocker Initiated GC) [PSYoungGen: 161640K->73936K(175104K)] 537836K->468648K(699392K), 0.0119568 secs] [Times: user=0.15 sys=0.00, real=0.01 secs] 
2016-09-24T01:01:57.455-0400: 282.909: [GC (GCLocker Initiated GC) [PSYoungGen: 162000K->61266K(175104K)] 556962K->474688K(699392K), 0.0165602 secs] [Times: user=0.15 sys=0.00, real=0.01 secs] 
2016-09-24T01:01:57.589-0400: 283.043: [GC (Allocation Failure) [PSYoungGen: 149330K->85598K(175104K)] 562805K->547792K(699392K), 0.0151315 secs] [Times: user=0.14 sys=0.00, real=0.02 secs] 
2016-09-24T01:01:57.700-0400: 283.153: [GC (GCLocker Initiated GC) --[PSYoungGen: 173662K->173662K(175104K)] 635862K->696716K(699392K), 0.0241833 secs] [Times: user=0.22 sys=0.00, real=0.03 secs] 
2016-09-24T01:01:57.724-0400: 283.178: [Full GC (Ergonomics) [PSYoungGen: 173662K->0K(175104K)] [ParOldGen: 523053K->61040K(524288K)] 696716K->61040K(699392K), [Metaspace: 44611K->44611K(1087488K)], 0.0628389 secs] [Times: user=0.44 sys=0.01, real=0.06 secs] 
2016-09-24T01:01:57.893-0400: 283.347: [GC (GCLocker Initiated GC) [PSYoungGen: 88064K->81139K(175104K)] 149426K->154651K(699392K), 0.0141941 secs] [Times: user=0.19 sys=0.00, real=0.02 secs] 
2016-09-24T01:01:58.015-0400: 283.468: [GC (Allocation Failure) [PSYoungGen: 169203K->85790K(175104K)] 242762K->203614K(699392K), 0.0117212 secs] [Times: user=0.19 sys=0.00, real=0.01 secs] 
2016-09-24T01:01:58.111-0400: 283.565: [GC (GCLocker Initiated GC) [PSYoungGen: 173854K->85854K(175104K)] 291684K->258511K(699392K), 0.0121789 secs] [Times: user=0.19 sys=0.00, real=0.02 secs] 
2016-09-24T01:01:58.250-0400: 283.704: [GC (Allocation Failure) [PSYoungGen: 173918K->61750K(175104K)] 352820K->295470K(699392K), 0.0112033 secs] [Times: user=0.17 sys=0.00, real=0.01 secs] 
2016-09-24T01:01:58.360-0400: 283.814: [GC (GCLocker Initiated GC) [PSYoungGen: 149814K->74196K(175104K)] 383540K->308213K(699392K), 0.0098212 secs] [Times: user=0.15 sys=0.00, real=0.01 secs] 
2016-09-24T01:01:58.488-0400: 283.942: [GC (GCLocker Initiated GC) [PSYoungGen: 162260K->55287K(175104K)] 402382K->313745K(699392K), 0.0081056 secs] [Times: user=0.09 sys=0.00, real=0.01 secs] 
2016-09-24T01:01:58.613-0400: 284.067: [GC (GCLocker Initiated GC) [PSYoungGen: 143351K->85854K(175104K)] 401902K->374932K(699392K), 0.0103384 secs] [Times: user=0.16 sys=0.01, real=0.02 secs] 
2016-09-24T01:01:58.736-0400: 284.189: [GC (GCLocker Initiated GC) [PSYoungGen: 173918K->73608K(175104K)] 469325K->405788K(699392K), 0.0108445 secs] [Times: user=0.13 sys=0.01, real=0.01 secs] 
2016-09-24T01:01:58.867-0400: 284.320: [GC (GCLocker Initiated GC) [PSYoungGen: 161672K->55547K(175104K)] 494093K->406452K(699392K), 0.0082184 secs] [Times: user=0.07 sys=0.01, real=0.01 secs] 
2016-09-24T01:01:58.984-0400: 284.437: [GC (GCLocker Initiated GC) [PSYoungGen: 143611K->73572K(175104K)] 494686K->443204K(699392K), 0.0117599 secs] [Times: user=0.16 sys=0.00, real=0.01 secs] 
2016-09-24T01:01:59.097-0400: 284.550: [GC (GCLocker Initiated GC) [PSYoungGen: 161636K->74327K(175104K)] 537575K->486868K(699392K), 0.0127639 secs] [Times: user=0.19 sys=0.00, real=0.01 secs] 
2016-09-24T01:01:59.237-0400: 284.690: [GC (GCLocker Initiated GC) [PSYoungGen: 162391K->73444K(175104K)] 575295K->505364K(699392K), 0.0110476 secs] [Times: user=0.16 sys=0.00, real=0.01 secs] 
2016-09-24T01:01:59.391-0400: 284.844: [GC (GCLocker Initiated GC) [PSYoungGen: 161508K->55283K(175104K)] 599572K->493483K(699392K), 0.0281955 secs] [Times: user=0.31 sys=0.00, real=0.03 secs] 
2016-09-24T01:01:59.521-0400: 284.974: [GC (GCLocker Initiated GC) [PSYoungGen: 143347K->73804K(175104K)] 581745K->554870K(699392K), 0.0104258 secs] [Times: user=0.13 sys=0.00, real=0.01 secs] 
2016-09-24T01:01:59.532-0400: 284.985: [Full GC (Ergonomics) [PSYoungGen: 73804K->0K(175104K)] [ParOldGen: 481066K->47774K(524288K)] 554870K->47774K(699392K), [Metaspace: 44611K->44611K(1087488K)], 0.0656074 secs] [Times: user=0.70 sys=0.00, real=0.07 secs] 
2016-09-24T01:01:59.696-0400: 285.149: [GC (GCLocker Initiated GC) [PSYoungGen: 88064K->86110K(175104K)] 142072K->152268K(699392K), 0.0128621 secs] [Times: user=0.19 sys=0.00, real=0.01 secs] 
2016-09-24T01:01:59.817-0400: 285.271: [GC (GCLocker Initiated GC) [PSYoungGen: 174174K->73836K(175104K)] 240581K->201752K(699392K), 0.0120911 secs] [Times: user=0.19 sys=0.01, real=0.01 secs] 
2016-09-24T01:01:59.928-0400: 285.382: [GC (GCLocker Initiated GC) [PSYoungGen: 161900K->85854K(175104K)] 290082K->238964K(699392K), 0.0113671 secs] [Times: user=0.18 sys=0.00, real=0.01 secs] 
2016-09-24T01:02:00.054-0400: 285.508: [GC (GCLocker Initiated GC) [PSYoungGen: 173918K->74000K(175104K)] 327043K->281975K(699392K), 0.0114116 secs] [Times: user=0.18 sys=0.00, real=0.01 secs] 
2016-09-24T01:02:00.188-0400: 285.642: [GC (GCLocker Initiated GC) [PSYoungGen: 162064K->37617K(175104K)] 376206K->252052K(699392K), 0.0079854 secs] [Times: user=0.12 sys=0.00, real=0.01 secs] 
2016-09-24T01:02:00.300-0400: 285.753: [GC (Allocation Failure) [PSYoungGen: 125681K->67369K(175104K)] 346428K->288251K(699392K), 0.0092180 secs] [Times: user=0.12 sys=0.00, real=0.01 secs] 
2016-09-24T01:02:00.414-0400: 285.868: [GC (GCLocker Initiated GC) [PSYoungGen: 155433K->80043K(175104K)] 376321K->331465K(699392K), 0.0109935 secs] [Times: user=0.14 sys=0.00, real=0.01 secs] 
2016-09-24T01:02:00.519-0400: 285.973: [GC (GCLocker Initiated GC) [PSYoungGen: 168107K->85854K(175104K)] 425663K->386562K(699392K), 0.0114066 secs] [Times: user=0.17 sys=0.00, real=0.01 secs] 
2016-09-24T01:02:00.645-0400: 286.099: [GC (GCLocker Initiated GC) [PSYoungGen: 173918K->85986K(175104K)] 480761K->459814K(699392K), 0.0131583 secs] [Times: user=0.21 sys=0.00, real=0.01 secs] 
2016-09-24T01:02:00.799-0400: 286.252: [GC (Allocation Failure) [PSYoungGen: 174050K->37058K(175104K)] 554519K->490735K(699392K), 0.0116874 secs] [Times: user=0.18 sys=0.00, real=0.01 secs] 
2016-09-24T01:02:00.811-0400: 286.264: [Full GC (Ergonomics) [PSYoungGen: 37058K->0K(175104K)] [ParOldGen: 453677K->41693K(524288K)] 490735K->41693K(699392K), [Metaspace: 44611K->44611K(1087488K)], 0.0480976 secs] [Times: user=0.46 sys=0.00, real=0.05 secs] 
2016-09-24T01:02:00.976-0400: 286.430: [GC (GCLocker Initiated GC) [PSYoungGen: 82450K->73640K(175104K)] 130219K->121408K(699392K), 0.0073451 secs] [Times: user=0.10 sys=0.00, real=0.01 secs] 
2016-09-24T01:02:01.119-0400: 286.572: [GC (GCLocker Initiated GC) [PSYoungGen: 161704K->55383K(175104K)] 215618K->146202K(699392K), 0.0098516 secs] [Times: user=0.14 sys=0.00, real=0.01 secs] 
2016-09-24T01:02:01.274-0400: 286.727: [GC (Allocation Failure) [PSYoungGen: 143447K->73836K(175104K)] 234622K->183347K(699392K), 0.0131783 secs] [Times: user=0.13 sys=0.01, real=0.02 secs] 
2016-09-24T01:02:01.406-0400: 286.860: [GC (GCLocker Initiated GC) [PSYoungGen: 161900K->85822K(175104K)] 271417K->219766K(699392K), 0.0131606 secs] [Times: user=0.18 sys=0.01, real=0.01 secs] 
2016-09-24T01:02:01.536-0400: 286.989: [GC (GCLocker Initiated GC) [PSYoungGen: 173886K->55970K(175104K)] 314221K->214659K(699392K), 0.0100541 secs] [Times: user=0.16 sys=0.00, real=0.01 secs] 
2016-09-24T01:02:01.654-0400: 287.107: [GC (Allocation Failure) [PSYoungGen: 144034K->79747K(175104K)] 302949K->275746K(699392K), 0.0116623 secs] [Times: user=0.17 sys=0.00, real=0.02 secs] 
2016-09-24T01:02:01.762-0400: 287.216: [GC (GCLocker Initiated GC) [PSYoungGen: 165282K->55611K(175104K)] 367357K->300534K(699392K), 0.0107777 secs] [Times: user=0.16 sys=0.00, real=0.00 secs] 
2016-09-24T01:02:01.863-0400: 287.317: [GC (GCLocker Initiated GC) [PSYoungGen: 143675K->85854K(175104K)] 388970K->386288K(699392K), 0.0130126 secs] [Times: user=0.21 sys=0.00, real=0.01 secs] 
2016-09-24T01:02:01.995-0400: 287.448: [GC (GCLocker Initiated GC) [PSYoungGen: 173918K->61462K(175104K)] 474394K->398500K(699392K), 0.0243759 secs] [Times: user=0.22 sys=0.00, real=0.02 secs] 
2016-09-24T01:02:02.131-0400: 287.584: [GC (Allocation Failure) [PSYoungGen: 149526K->37126K(175104K)] 498783K->453647K(699392K), 0.0189556 secs] [Times: user=0.19 sys=0.00, real=0.02 secs] 
2016-09-24T01:02:02.265-0400: 287.719: [GC (GCLocker Initiated GC) [PSYoungGen: 125182K->73444K(175104K)] 541735K->490265K(699392K), 0.0094216 secs] [Times: user=0.13 sys=0.00, real=0.01 secs] 
2016-09-24T01:02:02.398-0400: 287.852: [GC (GCLocker Initiated GC) [PSYoungGen: 161508K->67829K(175104K)] 578377K->503042K(699392K), 0.0225108 secs] [Times: user=0.27 sys=0.00, real=0.02 secs] 
2016-09-24T01:02:02.537-0400: 287.990: [Full GC (Ergonomics) [PSYoungGen: 155893K->0K(175104K)] [ParOldGen: 441346K->53746K(524288K)] 597239K->53746K(699392K), [Metaspace: 44611K->44611K(1087488K)], 0.0526676 secs] [Times: user=0.52 sys=0.00, real=0.05 secs] 
2016-09-24T01:02:02.690-0400: 288.144: [GC (GCLocker Initiated GC) [PSYoungGen: 88064K->80783K(175104K)] 148247K->140966K(699392K), 0.0073913 secs] [Times: user=0.08 sys=0.01, real=0.01 secs] 
2016-09-24T01:02:02.820-0400: 288.273: [GC (GCLocker Initiated GC) [PSYoungGen: 168847K->74196K(175104K)] 235303K->159861K(699392K), 0.0204238 secs] [Times: user=0.26 sys=0.00, real=0.02 secs] 
2016-09-24T01:02:02.975-0400: 288.429: [GC (GCLocker Initiated GC) [PSYoungGen: 162260K->55319K(175104K)] 254058K->183850K(699392K), 0.0122608 secs] [Times: user=0.11 sys=0.00, real=0.01 secs] 
2016-09-24T01:02:03.084-0400: 288.537: [GC (GCLocker Initiated GC) [PSYoungGen: 143383K->85822K(175104K)] 272013K->251053K(699392K), 0.0102057 secs] [Times: user=0.16 sys=0.00, real=0.01 secs] 
2016-09-24T01:02:03.206-0400: 288.660: [GC (GCLocker Initiated GC) [PSYoungGen: 173886K->85854K(175104K)] 339193K->306103K(699392K), 0.0188487 secs] [Times: user=0.19 sys=0.00, real=0.02 secs] 
2016-09-24T01:02:03.352-0400: 288.805: [GC (GCLocker Initiated GC) [PSYoungGen: 173918K->73640K(175104K)] 400352K->336840K(699392K), 0.0141603 secs] [Times: user=0.17 sys=0.00, real=0.02 secs] 
2016-09-24T01:02:03.501-0400: 288.954: [GC (GCLocker Initiated GC) [PSYoungGen: 161704K->55643K(175104K)] 431199K->361904K(699392K), 0.0111899 secs] [Times: user=0.13 sys=0.00, real=0.01 secs] 
2016-09-24T01:02:03.626-0400: 289.079: [GC (GCLocker Initiated GC) [PSYoungGen: 143707K->85790K(175104K)] 449973K->398251K(699392K), 0.0121632 secs] [Times: user=0.11 sys=0.00, real=0.01 secs] 
2016-09-24T01:02:03.740-0400: 289.194: [GC (Allocation Failure) [PSYoungGen: 173854K->49084K(175104K)] 486597K->368145K(699392K), 0.0188705 secs] [Times: user=0.14 sys=0.00, real=0.02 secs] 
2016-09-24T01:02:03.876-0400: 289.330: [GC (GCLocker Initiated GC) [PSYoungGen: 137148K->61390K(175104K)] 456216K->417224K(699392K), 0.0102577 secs] [Times: user=0.14 sys=0.00, real=0.01 secs] 
2016-09-24T01:02:04.032-0400: 289.485: [GC (GCLocker Initiated GC) [PSYoungGen: 149454K->62013K(175104K)] 505453K->436373K(699392K), 0.0131600 secs] [Times: user=0.13 sys=0.00, real=0.02 secs] 
2016-09-24T01:02:04.152-0400: 289.605: [GC (GCLocker Initiated GC) [PSYoungGen: 150077K->79747K(175104K)] 524702K->497188K(699392K), 0.0212429 secs] [Times: user=0.22 sys=0.00, real=0.02 secs] 
2016-09-24T01:02:04.326-0400: 289.780: [GC (GCLocker Initiated GC) [PSYoungGen: 167811K->61654K(175104K)] 591364K->527875K(699392K), 0.0117556 secs] [Times: user=0.15 sys=0.00, real=0.01 secs] 
2016-09-24T01:02:04.338-0400: 289.792: [Full GC (Ergonomics) [PSYoungGen: 61654K->0K(175104K)] [ParOldGen: 466221K->48056K(524288K)] 527875K->48056K(699392K), [Metaspace: 44611K->44611K(1087488K)], 0.0548033 secs] [Times: user=0.50 sys=0.01, real=0.05 secs] 
2016-09-24T01:02:04.509-0400: 289.963: [GC (GCLocker Initiated GC) [PSYoungGen: 88064K->86110K(175104K)] 136358K->152629K(699392K), 0.0105203 secs] [Times: user=0.15 sys=0.00, real=0.01 secs] 
2016-09-24T01:02:04.641-0400: 290.094: [GC (GCLocker Initiated GC) [PSYoungGen: 174174K->85986K(175104K)] 240808K->195873K(699392K), 0.0123446 secs] [Times: user=0.19 sys=0.00, real=0.01 secs] 
2016-09-24T01:02:04.775-0400: 290.229: [GC (Allocation Failure) [PSYoungGen: 174050K->55415K(175104K)] 290171K->208293K(699392K), 0.0108565 secs] [Times: user=0.14 sys=0.00, real=0.01 secs] 
2016-09-24T01:02:04.900-0400: 290.353: [GC (GCLocker Initiated GC) [PSYoungGen: 137735K->55743K(175104K)] 296689K->214971K(699392K), 0.0116742 secs] [Times: user=0.15 sys=0.00, real=0.01 secs] 
2016-09-24T01:02:05.006-0400: 290.460: [GC (GCLocker Initiated GC) [PSYoungGen: 143807K->73508K(175104K)] 303352K->257840K(699392K), 0.0117974 secs] [Times: user=0.16 sys=0.00, real=0.01 secs] 
2016-09-24T01:02:05.121-0400: 290.575: [GC (GCLocker Initiated GC) [PSYoungGen: 161572K->86314K(175104K)] 346153K->301413K(699392K), 0.0179854 secs] [Times: user=0.17 sys=0.00, real=0.02 secs] 
2016-09-24T01:02:05.253-0400: 290.706: [GC (GCLocker Initiated GC) [PSYoungGen: 174378K->85790K(175104K)] 389642K->350438K(699392K), 0.0209484 secs] [Times: user=0.26 sys=0.00, real=0.02 secs] 
2016-09-24T01:02:05.397-0400: 290.850: [GC (GCLocker Initiated GC) [PSYoungGen: 173854K->85822K(175104K)] 438633K->393246K(699392K), 0.0111080 secs] [Times: user=0.17 sys=0.00, real=0.01 secs] 
2016-09-24T01:02:05.533-0400: 290.986: [GC (GCLocker Initiated GC) [PSYoungGen: 173886K->55419K(175104K)] 487612K->417856K(699392K), 0.0190174 secs] [Times: user=0.19 sys=0.00, real=0.02 secs] 
2016-09-24T01:02:05.661-0400: 291.114: [GC (GCLocker Initiated GC) [PSYoungGen: 143483K->85662K(175104K)] 506096K->472843K(699392K), 0.0116821 secs] [Times: user=0.12 sys=0.00, real=0.01 secs] 
2016-09-24T01:02:05.793-0400: 291.246: [GC (Allocation Failure) [PSYoungGen: 173726K->74132K(175104K)] 561200K->479974K(699392K), 0.0107971 secs] [Times: user=0.11 sys=0.00, real=0.02 secs] 
2016-09-24T01:02:05.914-0400: 291.367: [GC (GCLocker Initiated GC) [PSYoungGen: 162196K->73672K(175104K)] 568038K->516436K(699392K), 0.0117951 secs] [Times: user=0.14 sys=0.01, real=0.02 secs] 
2016-09-24T01:02:06.054-0400: 291.508: [GC (Allocation Failure) [PSYoungGen: 161736K->37194K(175104K)] 617000K->510754K(699392K), 0.0201925 secs] [Times: user=0.18 sys=0.00, real=0.02 secs] 
2016-09-24T01:02:06.075-0400: 291.528: [Full GC (Ergonomics) [PSYoungGen: 37194K->0K(175104K)] [ParOldGen: 473560K->54124K(524288K)] 510754K->54124K(699392K), [Metaspace: 44615K->44615K(1087488K)], 0.0632153 secs] [Times: user=0.39 sys=0.01, real=0.06 secs] 
2016-09-24T01:02:06.235-0400: 291.688: [GC (GCLocker Initiated GC) [PSYoungGen: 82286K->85790K(175104K)] 142486K->152064K(699392K), 0.0113179 secs] [Times: user=0.12 sys=0.00, real=0.01 secs] 
2016-09-24T01:02:06.347-0400: 291.801: [GC (GCLocker Initiated GC) [PSYoungGen: 173854K->80075K(175104K)] 240282K->189319K(699392K), 0.0114926 secs] [Times: user=0.11 sys=0.00, real=0.01 secs] 
2016-09-24T01:02:06.481-0400: 291.934: [GC (GCLocker Initiated GC) [PSYoungGen: 168139K->73512K(175104K)] 277531K->207464K(699392K), 0.0182483 secs] [Times: user=0.22 sys=0.00, real=0.02 secs] 
2016-09-24T01:02:06.606-0400: 292.059: [GC (GCLocker Initiated GC) [PSYoungGen: 161576K->67437K(175104K)] 295891K->232402K(699392K), 0.0101065 secs] [Times: user=0.11 sys=0.00, real=0.01 secs] 
2016-09-24T01:02:06.737-0400: 292.190: [GC (GCLocker Initiated GC) [PSYoungGen: 155501K->49440K(175104K)] 326869K->257525K(699392K), 0.0095165 secs] [Times: user=0.09 sys=0.00, real=0.01 secs] 
2016-09-24T01:02:06.860-0400: 292.314: [GC (GCLocker Initiated GC) [PSYoungGen: 137504K->61266K(175104K)] 351717K->281822K(699392K), 0.0151948 secs] [Times: user=0.17 sys=0.00, real=0.02 secs] 
2016-09-24T01:02:07.002-0400: 292.456: [GC (GCLocker Initiated GC) [PSYoungGen: 149330K->67533K(175104K)] 382279K->331124K(699392K), 0.0161175 secs] [Times: user=0.19 sys=0.00, real=0.01 secs] 
2016-09-24T01:02:07.148-0400: 292.601: [GC (GCLocker Initiated GC) [PSYoungGen: 155597K->85954K(175104K)] 419415K->356154K(699392K), 0.0146812 secs] [Times: user=0.21 sys=0.00, real=0.02 secs] 
2016-09-24T01:02:07.294-0400: 292.748: [GC (GCLocker Initiated GC) [PSYoungGen: 174018K->49176K(175104K)] 444282K->386565K(699392K), 0.0102206 secs] [Times: user=0.11 sys=0.00, real=0.01 secs] 
2016-09-24T01:02:07.433-0400: 292.886: [GC (GCLocker Initiated GC) [PSYoungGen: 137240K->85958K(175104K)] 474710K->453907K(699392K), 0.0194847 secs] [Times: user=0.20 sys=0.00, real=0.02 secs] 
2016-09-24T01:02:07.553-0400: 293.006: [GC (GCLocker Initiated GC) [PSYoungGen: 174022K->85922K(175104K)] 548194K->478782K(699392K), 0.0324021 secs] [Times: user=0.37 sys=0.00, real=0.04 secs] 
2016-09-24T01:02:07.695-0400: 293.148: [GC (GCLocker Initiated GC) [PSYoungGen: 173986K->25043K(175104K)] 572974K->503283K(699392K), 0.0164459 secs] [Times: user=0.19 sys=0.00, real=0.01 secs] 
2016-09-24T01:02:07.712-0400: 293.165: [Full GC (Ergonomics) [PSYoungGen: 25043K->0K(175104K)] [ParOldGen: 478239K->48609K(524288K)] 503283K->48609K(699392K), [Metaspace: 44617K->44617K(1087488K)], 0.0564918 secs] [Times: user=0.32 sys=0.01, real=0.06 secs] 
2016-09-24T01:02:07.871-0400: 293.324: [GC (GCLocker Initiated GC) [PSYoungGen: 88064K->73736K(175104K)] 142829K->128501K(699392K), 0.0128239 secs] [Times: user=0.14 sys=0.00, real=0.02 secs] 
2016-09-24T01:02:07.993-0400: 293.447: [GC (GCLocker Initiated GC) [PSYoungGen: 161800K->79651K(175104K)] 216758K->183937K(699392K), 0.0180878 secs] [Times: user=0.22 sys=0.00, real=0.02 secs] 
2016-09-24T01:02:08.104-0400: 293.557: [GC (GCLocker Initiated GC) [PSYoungGen: 167715K->85822K(175104K)] 272048K->245146K(699392K), 0.0106477 secs] [Times: user=0.13 sys=0.00, real=0.01 secs] 
2016-09-24T01:02:08.251-0400: 293.705: [GC (GCLocker Initiated GC) [PSYoungGen: 173886K->37190K(175104K)] 346140K->252268K(699392K), 0.0069724 secs] [Times: user=0.10 sys=0.00, real=0.01 secs] 
2016-09-24T01:02:08.405-0400: 293.859: [GC (GCLocker Initiated GC) [PSYoungGen: 125254K->48888K(175104K)] 340380K->264249K(699392K), 0.0155841 secs] [Times: user=0.16 sys=0.00, real=0.01 secs] 
2016-09-24T01:02:08.535-0400: 293.988: [GC (GCLocker Initiated GC) [PSYoungGen: 136952K->85854K(175104K)] 352641K->326003K(699392K), 0.0109163 secs] [Times: user=0.15 sys=0.00, real=0.01 secs] 
2016-09-24T01:02:08.661-0400: 294.115: [GC (GCLocker Initiated GC) [PSYoungGen: 173918K->73868K(175104K)] 420509K->375285K(699392K), 0.0116372 secs] [Times: user=0.15 sys=0.00, real=0.01 secs] 
2016-09-24T01:02:08.809-0400: 294.263: [GC (GCLocker Initiated GC) [PSYoungGen: 161932K->43041K(175104K)] 469746K->369331K(699392K), 0.0139522 secs] [Times: user=0.12 sys=0.00, real=0.02 secs] 
2016-09-24T01:02:08.933-0400: 294.386: [GC (GCLocker Initiated GC) [PSYoungGen: 131105K->79879K(175104K)] 457756K->424891K(699392K), 0.0121489 secs] [Times: user=0.13 sys=0.00, real=0.02 secs] 
2016-09-24T01:02:09.064-0400: 294.518: [GC (Allocation Failure) [PSYoungGen: 167943K->85954K(175104K)] 513249K->474264K(699392K), 0.0118855 secs] [Times: user=0.16 sys=0.00, real=0.01 secs] 
2016-09-24T01:02:09.173-0400: 294.626: [GC (GCLocker Initiated GC) [PSYoungGen: 173984K->55223K(175104K)] 568370K->467929K(699392K), 0.0272046 secs] [Times: user=0.29 sys=0.00, real=0.03 secs] 
2016-09-24T01:02:09.305-0400: 294.759: [GC (Allocation Failure) [PSYoungGen: 143287K->86182K(175104K)] 562361K->529880K(699392K), 0.0180560 secs] [Times: user=0.24 sys=0.00, real=0.02 secs] 
2016-09-24T01:02:09.450-0400: 294.903: [GC (Allocation Failure) [PSYoungGen: 174246K->55415K(175104K)] 617944K->536026K(699392K), 0.0096414 secs] [Times: user=0.09 sys=0.01, real=0.01 secs] 
2016-09-24T01:02:09.460-0400: 294.913: [Full GC (Ergonomics) [PSYoungGen: 55415K->0K(175104K)] [ParOldGen: 480611K->48314K(524288K)] 536026K->48314K(699392K), [Metaspace: 44620K->44620K(1087488K)], 0.0608883 secs] [Times: user=0.42 sys=0.01, real=0.06 secs] 
2016-09-24T01:02:09.622-0400: 295.075: [GC (GCLocker Initiated GC) [PSYoungGen: 88064K->86110K(175104K)] 136385K->176956K(699392K), 0.0120704 secs] [Times: user=0.19 sys=0.00, real=0.01 secs] 
2016-09-24T01:02:09.741-0400: 295.194: [GC (GCLocker Initiated GC) [PSYoungGen: 174174K->55579K(175104K)] 265252K->201927K(699392K), 0.0109604 secs] [Times: user=0.15 sys=0.00, real=0.01 secs] 
2016-09-24T01:02:09.856-0400: 295.309: [GC (GCLocker Initiated GC) [PSYoungGen: 143643K->73704K(175104K)] 290359K->257178K(699392K), 0.0119100 secs] [Times: user=0.19 sys=0.00, real=0.01 secs] 
2016-09-24T01:02:10.020-0400: 295.474: [GC (Allocation Failure) [PSYoungGen: 161768K->61654K(175104K)] 345249K->245263K(699392K), 0.0067794 secs] [Times: user=0.10 sys=0.00, real=0.01 secs] 
2016-09-24T01:02:10.190-0400: 295.643: [GC (GCLocker Initiated GC) [PSYoungGen: 149718K->49280K(175104K)] 333332K->275875K(699392K), 0.0143081 secs] [Times: user=0.17 sys=0.00, real=0.02 secs] 
2016-09-24T01:02:10.374-0400: 295.828: [GC (Allocation Failure) [PSYoungGen: 137344K->73576K(175104K)] 370083K->306591K(699392K), 0.0082035 secs] [Times: user=0.10 sys=0.00, real=0.01 secs] 
2016-09-24T01:02:10.535-0400: 295.989: [GC (GCLocker Initiated GC) [PSYoungGen: 157384K->55743K(175104K)] 396474K->331613K(699392K), 0.0105260 secs] [Times: user=0.15 sys=0.00, real=0.01 secs] 
2016-09-24T01:02:10.737-0400: 296.191: [GC (Allocation Failure) [PSYoungGen: 143807K->73772K(175104K)] 425789K->355881K(699392K), 0.0089466 secs] [Times: user=0.13 sys=0.00, real=0.01 secs] 
2016-09-24T01:02:10.900-0400: 296.353: [GC (GCLocker Initiated GC) [PSYoungGen: 161836K->61522K(175104K)] 443951K->398783K(699392K), 0.0141430 secs] [Times: user=0.19 sys=0.01, real=0.02 secs] 
2016-09-24T01:02:11.055-0400: 296.509: [GC (GCLocker Initiated GC) [PSYoungGen: 149586K->74132K(175104K)] 487057K->411762K(699392K), 0.0098993 secs] [Times: user=0.15 sys=0.00, real=0.01 secs] 
2016-09-24T01:02:11.262-0400: 296.715: [GC (Allocation Failure) [PSYoungGen: 162196K->19100K(175104K)] 518311K->375483K(699392K), 0.0068230 secs] [Times: user=0.07 sys=0.01, real=0.01 secs] 
2016-09-24T01:02:11.433-0400: 296.886: [GC (GCLocker Initiated GC) [PSYoungGen: 104452K->43073K(175104K)] 466910K->405797K(699392K), 0.0086688 secs] [Times: user=0.08 sys=0.00, real=0.01 secs] 
2016-09-24T01:02:11.607-0400: 297.060: [GC (GCLocker Initiated GC) [PSYoungGen: 131137K->73740K(175104K)] 494105K->436819K(699392K), 0.0086134 secs] [Times: user=0.12 sys=0.00, real=0.01 secs] 
2016-09-24T01:02:11.803-0400: 297.256: [GC (GCLocker Initiated GC) [PSYoungGen: 161804K->43301K(175104K)] 531274K->413006K(699392K), 0.0117867 secs] [Times: user=0.07 sys=0.00, real=0.01 secs] 
2016-09-24T01:02:12.018-0400: 297.472: [GC (Allocation Failure) [PSYoungGen: 131365K->85922K(175104K)] 507182K->462030K(699392K), 0.0100558 secs] [Times: user=0.12 sys=0.00, real=0.01 secs] 
2016-09-24T01:02:12.030-0400: 297.483: [GC (GCLocker Initiated GC) [PSYoungGen: 85933K->128K(175104K)] 462042K->461999K(699392K), 0.0097503 secs] [Times: user=0.14 sys=0.00, real=0.01 secs] 
2016-09-24T01:02:12.040-0400: 297.493: [Full GC (Ergonomics) [PSYoungGen: 128K->0K(175104K)] [ParOldGen: 461871K->47969K(524288K)] 461999K->47969K(699392K), [Metaspace: 44657K->44657K(1087488K)], 0.0499667 secs] [Times: user=0.44 sys=0.01, real=0.05 secs] 
2016-09-24T01:02:12.240-0400: 297.694: [GC (GCLocker Initiated GC) [PSYoungGen: 88064K->86374K(175104K)] 136033K->140418K(699392K), 0.0104415 secs] [Times: user=0.15 sys=0.00, real=0.01 secs] 
2016-09-24T01:02:12.416-0400: 297.869: [GC (Allocation Failure) [PSYoungGen: 174438K->61394K(175104K)] 228827K->134835K(699392K), 0.0195945 secs] [Times: user=0.17 sys=0.00, real=0.02 secs] 
2016-09-24T01:02:12.605-0400: 298.058: [GC (GCLocker Initiated GC) [PSYoungGen: 149452K->73512K(175104K)] 222900K->147062K(699392K), 0.0098007 secs] [Times: user=0.07 sys=0.01, real=0.01 secs] 
2016-09-24T01:02:12.771-0400: 298.225: [GC (GCLocker Initiated GC) [PSYoungGen: 161576K->61298K(175104K)] 235168K->134994K(699392K), 0.0320153 secs] [Times: user=0.32 sys=0.01, real=0.04 secs] 
2016-09-24T01:02:12.962-0400: 298.416: [GC (GCLocker Initiated GC) [PSYoungGen: 149362K->73836K(175104K)] 223318K->166309K(699392K), 0.0247160 secs] [Times: user=0.25 sys=0.01, real=0.02 secs] 
2016-09-24T01:02:13.173-0400: 298.626: [GC (GCLocker Initiated GC) [PSYoungGen: 161900K->73740K(175104K)] 254712K->203261K(699392K), 0.0138339 secs] [Times: user=0.13 sys=0.00, real=0.02 secs] 
2016-09-24T01:02:13.357-0400: 298.810: [GC (GCLocker Initiated GC) [PSYoungGen: 161804K->85726K(175104K)] 291424K->221696K(699392K), 0.0260840 secs] [Times: user=0.29 sys=0.00, real=0.03 secs] 
2016-09-24T01:02:13.540-0400: 298.994: [GC (Allocation Failure) [PSYoungGen: 173790K->55287K(175104K)] 309936K->228166K(699392K), 0.0174014 secs] [Times: user=0.17 sys=0.00, real=0.02 secs] 
2016-09-24T01:02:13.711-0400: 299.165: [GC (GCLocker Initiated GC) [PSYoungGen: 137294K->55291K(175104K)] 316248K->234480K(699392K), 0.0226426 secs] [Times: user=0.21 sys=0.00, real=0.02 secs] 
2016-09-24T01:02:13.944-0400: 299.398: [GC (GCLocker Initiated GC) [PSYoungGen: 143355K->79651K(175104K)] 328667K->265231K(699392K), 0.0099011 secs] [Times: user=0.09 sys=0.00, real=0.01 secs] 
2016-09-24T01:02:14.131-0400: 299.585: [GC (GCLocker Initiated GC) [PSYoungGen: 167715K->73580K(175104K)] 353297K->265332K(699392K), 0.0216429 secs] [Times: user=0.21 sys=0.00, real=0.02 secs] 
2016-09-24T01:02:14.312-0400: 299.765: [GC (Allocation Failure) [PSYoungGen: 161644K->61234K(175104K)] 353752K->253577K(699392K), 0.0353947 secs] [Times: user=0.38 sys=0.00, real=0.04 secs] 
2016-09-24T01:02:14.533-0400: 299.987: [GC (Allocation Failure) [PSYoungGen: 149298K->61394K(175104K)] 341641K->253809K(699392K), 0.0148964 secs] [Times: user=0.15 sys=0.00, real=0.02 secs] 
2016-09-24T01:02:14.739-0400: 300.192: [GC (GCLocker Initiated GC) [PSYoungGen: 149458K->73804K(175104K)] 341878K->266335K(699392K), 0.0087400 secs] [Times: user=0.12 sys=0.00, real=0.01 secs] 
2016-09-24T01:02:14.925-0400: 300.378: [GC (GCLocker Initiated GC) [PSYoungGen: 161868K->74068K(175104K)] 354530K->266998K(699392K), 0.0104646 secs] [Times: user=0.12 sys=0.01, real=0.01 secs] 
2016-09-24T01:02:15.113-0400: 300.567: [GC (GCLocker Initiated GC) [PSYoungGen: 162132K->43109K(175104K)] 355104K->254549K(699392K), 0.0250397 secs] [Times: user=0.22 sys=0.00, real=0.03 secs] 
2016-09-24T01:02:15.276-0400: 300.730: [GC (GCLocker Initiated GC) [PSYoungGen: 131173K->49180K(175104K)] 348853K->303445K(699392K), 0.0170189 secs] [Times: user=0.14 sys=0.00, real=0.01 secs] 
2016-09-24T01:02:15.483-0400: 300.936: [GC (Allocation Failure) [PSYoungGen: 137244K->36934K(175104K)] 392061K->292003K(699392K), 0.0063419 secs] [Times: user=0.06 sys=0.00, real=0.00 secs] 
2016-09-24T01:02:15.654-0400: 301.107: [GC (GCLocker Initiated GC) [PSYoungGen: 122749K->55682K(175104K)] 383894K->317078K(699392K), 0.0136222 secs] [Times: user=0.15 sys=0.00, real=0.02 secs] 
2016-09-24T01:02:15.836-0400: 301.290: [GC (GCLocker Initiated GC) [PSYoungGen: 143746K->74064K(175104K)] 417334K->347950K(699392K), 0.0071088 secs] [Times: user=0.07 sys=0.00, real=0.01 secs] 
2016-09-24T01:02:16.013-0400: 301.467: [GC (Allocation Failure) [PSYoungGen: 162128K->24912K(175104K)] 442248K->347841K(699392K), 0.0112732 secs] [Times: user=0.10 sys=0.01, real=0.02 secs] 
2016-09-24T01:02:16.215-0400: 301.668: [GC (GCLocker Initiated GC) [PSYoungGen: 112976K->55159K(175104K)] 435910K->378369K(699392K), 0.0244207 secs] [Times: user=0.21 sys=0.01, real=0.02 secs] 
2016-09-24T01:02:16.427-0400: 301.881: [GC (GCLocker Initiated GC) [PSYoungGen: 143223K->67177K(175104K)] 466603K->390832K(699392K), 0.0162129 secs] [Times: user=0.16 sys=0.01, real=0.02 secs] 
2016-09-24T01:02:16.589-0400: 302.042: [GC (GCLocker Initiated GC) [PSYoungGen: 155241K->49703K(175104K)] 485321K->422420K(699392K), 0.0170851 secs] [Times: user=0.18 sys=0.00, real=0.02 secs] 
2016-09-24T01:02:16.744-0400: 302.198: [GC (Allocation Failure) [PSYoungGen: 137765K->55483K(175104K)] 510815K->447204K(699392K), 0.0164560 secs] [Times: user=0.17 sys=0.01, real=0.01 secs] 
2016-09-24T01:02:16.944-0400: 302.397: [GC (GCLocker Initiated GC) [PSYoungGen: 143547K->55059K(175104K)] 535274K->446858K(699392K), 0.0194363 secs] [Times: user=0.20 sys=0.00, real=0.02 secs] 
2016-09-24T01:02:17.154-0400: 302.607: [GC (GCLocker Initiated GC) [PSYoungGen: 143123K->85758K(175104K)] 535098K->490034K(699392K), 0.0206930 secs] [Times: user=0.22 sys=0.00, real=0.03 secs] 
2016-09-24T01:02:17.371-0400: 302.824: [GC (GCLocker Initiated GC) [PSYoungGen: 173822K->67437K(175104K)] 584366K->502384K(699392K), 0.0105263 secs] [Times: user=0.08 sys=0.00, real=0.01 secs] 
2016-09-24T01:02:17.529-0400: 302.982: [GC (GCLocker Initiated GC) [PSYoungGen: 155501K->55842K(175104K)] 590765K->527700K(699392K), 0.0187132 secs] [Times: user=0.21 sys=0.00, real=0.02 secs] 
2016-09-24T01:02:17.548-0400: 303.001: [Full GC (Ergonomics) [PSYoungGen: 55842K->0K(175104K)] [ParOldGen: 471857K->48655K(524288K)] 527700K->48655K(699392K), [Metaspace: 44657K->44657K(1087488K)], 0.0572246 secs] [Times: user=0.31 sys=0.01, real=0.06 secs] 
2016-09-24T01:02:17.756-0400: 303.210: [GC (GCLocker Initiated GC) [PSYoungGen: 88064K->86046K(175104K)] 137080K->147213K(699392K), 0.0184766 secs] [Times: user=0.21 sys=0.00, real=0.02 secs] 
2016-09-24T01:02:17.919-0400: 303.373: [GC (GCLocker Initiated GC) [PSYoungGen: 174110K->43169K(175104K)] 235458K->141475K(699392K), 0.0168847 secs] [Times: user=0.18 sys=0.00, real=0.02 secs] 
2016-09-24T01:02:18.109-0400: 303.562: [GC (GCLocker Initiated GC) [PSYoungGen: 131233K->55219K(175104K)] 229737K->154038K(699392K), 0.0063378 secs] [Times: user=0.09 sys=0.00, real=0.01 secs] 
2016-09-24T01:02:18.285-0400: 303.738: [GC (GCLocker Initiated GC) [PSYoungGen: 143283K->67469K(175104K)] 248297K->172611K(699392K), 0.0074162 secs] [Times: user=0.08 sys=0.00, real=0.00 secs] 
2016-09-24T01:02:18.486-0400: 303.940: [GC (Allocation Failure) [PSYoungGen: 155533K->55479K(175104K)] 260711K->203497K(699392K), 0.0107087 secs] [Times: user=0.12 sys=0.00, real=0.01 secs] 
2016-09-24T01:02:18.647-0400: 304.101: [GC (GCLocker Initiated GC) [PSYoungGen: 143543K->79651K(175104K)] 291572K->246196K(699392K), 0.0094663 secs] [Times: user=0.08 sys=0.00, real=0.01 secs] 
2016-09-24T01:02:18.827-0400: 304.280: [GC (GCLocker Initiated GC) [PSYoungGen: 167715K->55906K(175104K)] 340624K->228951K(699392K), 0.0095197 secs] [Times: user=0.13 sys=0.00, real=0.01 secs] 
2016-09-24T01:02:19.001-0400: 304.455: [GC (Allocation Failure) [PSYoungGen: 143970K->36934K(175104K)] 329313K->222683K(699392K), 0.0081986 secs] [Times: user=0.07 sys=0.00, real=0.01 secs] 
2016-09-24T01:02:19.164-0400: 304.618: [GC (GCLocker Initiated GC) [PSYoungGen: 120322K->43041K(175104K)] 312147K->234937K(699392K), 0.0287473 secs] [Times: user=0.19 sys=0.00, real=0.02 secs] 
2016-09-24T01:02:19.394-0400: 304.847: [GC (GCLocker Initiated GC) [PSYoungGen: 131105K->55419K(175104K)] 329353K->253934K(699392K), 0.0091423 secs] [Times: user=0.08 sys=0.00, real=0.02 secs] 
2016-09-24T01:02:19.603-0400: 305.056: [GC (GCLocker Initiated GC) [PSYoungGen: 143483K->61266K(175104K)] 342299K->260333K(699392K), 0.0212556 secs] [Times: user=0.22 sys=0.00, real=0.02 secs] 
2016-09-24T01:02:19.836-0400: 305.289: [GC (GCLocker Initiated GC) [PSYoungGen: 149330K->36934K(175104K)] 354482K->242150K(699392K), 0.0157464 secs] [Times: user=0.15 sys=0.00, real=0.01 secs] 
2016-09-24T01:02:20.013-0400: 305.467: [GC (GCLocker Initiated GC) [PSYoungGen: 124998K->73904K(175104K)] 342523K->291556K(699392K), 0.0125615 secs] [Times: user=0.14 sys=0.00, real=0.02 secs] 
2016-09-24T01:02:20.195-0400: 305.648: [GC (GCLocker Initiated GC) [PSYoungGen: 161968K->55451K(175104K)] 385743K->322190K(699392K), 0.0124715 secs] [Times: user=0.11 sys=0.00, real=0.01 secs] 
2016-09-24T01:02:20.401-0400: 305.854: [GC (Allocation Failure) [PSYoungGen: 143515K->19396K(175104K)] 428801K->304926K(699392K), 0.0128304 secs] [Times: user=0.11 sys=0.00, real=0.01 secs] 
2016-09-24T01:02:20.602-0400: 306.055: [GC (GCLocker Initiated GC) [PSYoungGen: 107460K->73380K(175104K)] 392990K->359333K(699392K), 0.0140781 secs] [Times: user=0.14 sys=0.00, real=0.02 secs] 
2016-09-24T01:02:20.763-0400: 306.217: [GC (GCLocker Initiated GC) [PSYoungGen: 161444K->49280K(175104K)] 453827K->341751K(699392K), 0.0202228 secs] [Times: user=0.19 sys=0.00, real=0.02 secs] 
2016-09-24T01:02:20.955-0400: 306.409: [GC (GCLocker Initiated GC) [PSYoungGen: 137344K->61494K(175104K)] 430092K->354469K(699392K), 0.0239422 secs] [Times: user=0.22 sys=0.00, real=0.02 secs] 
2016-09-24T01:02:21.171-0400: 306.624: [GC (GCLocker Initiated GC) [PSYoungGen: 149558K->54963K(175104K)] 442693K->348349K(699392K), 0.0365469 secs] [Times: user=0.40 sys=0.00, real=0.04 secs] 
2016-09-24T01:02:21.362-0400: 306.815: [GC (GCLocker Initiated GC) [PSYoungGen: 143027K->73740K(175104K)] 436724K->397923K(699392K), 0.0089174 secs] [Times: user=0.08 sys=0.01, real=0.01 secs] 
2016-09-24T01:02:21.530-0400: 306.983: [GC (GCLocker Initiated GC) [PSYoungGen: 161804K->73808K(175104K)] 492105K->404360K(699392K), 0.0227514 secs] [Times: user=0.23 sys=0.00, real=0.02 secs] 
2016-09-24T01:02:21.732-0400: 307.185: [GC (GCLocker Initiated GC) [PSYoungGen: 161872K->73772K(175104K)] 492769K->465498K(699392K), 0.0106836 secs] [Times: user=0.11 sys=0.00, real=0.02 secs] 
2016-09-24T01:02:21.910-0400: 307.364: [GC (GCLocker Initiated GC) [PSYoungGen: 161836K->61398K(175104K)] 553591K->453216K(699392K), 0.0182464 secs] [Times: user=0.17 sys=0.01, real=0.02 secs] 
2016-09-24T01:02:22.123-0400: 307.576: [GC (GCLocker Initiated GC) [PSYoungGen: 149462K->49440K(175104K)] 547666K->460069K(699392K), 0.0135080 secs] [Times: user=0.12 sys=0.00, real=0.01 secs] 
2016-09-24T01:02:22.300-0400: 307.753: [GC (GCLocker Initiated GC) [PSYoungGen: 137504K->74036K(175104K)] 548483K->485283K(699392K), 0.0115408 secs] [Times: user=0.12 sys=0.00, real=0.01 secs] 
2016-09-24T01:02:22.478-0400: 307.932: [GC (Allocation Failure) [PSYoungGen: 162100K->73576K(175104K)] 573702K->485445K(699392K), 0.0257705 secs] [Times: user=0.30 sys=0.00, real=0.03 secs] 
2016-09-24T01:02:22.704-0400: 308.157: [GC (GCLocker Initiated GC) [PSYoungGen: 158747K->49084K(175104K)] 576692K->467092K(699392K), 0.0171230 secs] [Times: user=0.15 sys=0.00, real=0.01 secs] 
2016-09-24T01:02:22.884-0400: 308.337: [GC (GCLocker Initiated GC) [PSYoungGen: 137148K->67669K(175104K)] 555349K->485957K(699392K), 0.0095722 secs] [Times: user=0.08 sys=0.00, real=0.00 secs] 
2016-09-24T01:02:23.065-0400: 308.519: [GC (GCLocker Initiated GC) [PSYoungGen: 155733K->73840K(175104K)] 574024K->492391K(699392K), 0.0166750 secs] [Times: user=0.17 sys=0.00, real=0.01 secs] 
2016-09-24T01:02:23.245-0400: 308.699: [GC (GCLocker Initiated GC) [PSYoungGen: 161904K->73676K(175104K)] 580743K->492799K(699392K), 0.0140839 secs] [Times: user=0.13 sys=0.00, real=0.01 secs] 
2016-09-24T01:02:23.443-0400: 308.896: [GC (GCLocker Initiated GC) [PSYoungGen: 161740K->49020K(175104K)] 580994K->468493K(699392K), 0.0202628 secs] [Times: user=0.16 sys=0.00, real=0.02 secs] 
2016-09-24T01:02:23.657-0400: 309.111: [GC (GCLocker Initiated GC) [PSYoungGen: 137084K->55355K(175104K)] 556661K->475020K(699392K), 0.0237243 secs] [Times: user=0.21 sys=0.00, real=0.02 secs] 
2016-09-24T01:02:23.866-0400: 309.320: [GC (GCLocker Initiated GC) [PSYoungGen: 143419K->49116K(175104K)] 569283K->499532K(699392K), 0.0119148 secs] [Times: user=0.11 sys=0.00, real=0.01 secs] 
2016-09-24T01:02:24.042-0400: 309.495: [GC (GCLocker Initiated GC) [PSYoungGen: 137180K->73580K(175104K)] 587799K->524311K(699392K), 0.0096968 secs] [Times: user=0.07 sys=0.00, real=0.01 secs] 
2016-09-24T01:02:24.219-0400: 309.672: [GC (GCLocker Initiated GC) [PSYoungGen: 161644K->73448K(175104K)] 612567K->524795K(699392K), 0.0094352 secs] [Times: user=0.09 sys=0.00, real=0.01 secs] 
2016-09-24T01:02:24.381-0400: 309.835: [GC (GCLocker Initiated GC) [PSYoungGen: 161512K->61266K(175104K)] 612901K->512734K(699392K), 0.0237042 secs] [Times: user=0.25 sys=0.00, real=0.03 secs] 
2016-09-24T01:02:24.583-0400: 310.036: [GC (Allocation Failure) [PSYoungGen: 149330K->61430K(175104K)] 601114K->531559K(699392K), 0.0184147 secs] [Times: user=0.17 sys=0.01, real=0.01 secs] 
2016-09-24T01:02:24.758-0400: 310.211: [GC (GCLocker Initiated GC) [PSYoungGen: 149494K->61298K(175104K)] 619628K->531675K(699392K), 0.0332345 secs] [Times: user=0.34 sys=0.00, real=0.03 secs] 
2016-09-24T01:02:24.977-0400: 310.430: [GC (GCLocker Initiated GC) [PSYoungGen: 149362K->55191K(143360K)] 620177K->526110K(667648K), 0.0275228 secs] [Times: user=0.28 sys=0.00, real=0.03 secs] 
2016-09-24T01:02:25.184-0400: 310.637: [GC (Allocation Failure) [PSYoungGen: 143255K->73580K(173056K)] 620514K->551107K(697344K), 0.0107225 secs] [Times: user=0.10 sys=0.00, real=0.01 secs] 
2016-09-24T01:02:25.345-0400: 310.799: [GC (GCLocker Initiated GC) [PSYoungGen: 160620K->73676K(174080K)] 638153K->594001K(698368K), 0.0118127 secs] [Times: user=0.10 sys=0.00, real=0.01 secs] 
2016-09-24T01:02:25.357-0400: 310.811: [Full GC (Ergonomics) [PSYoungGen: 73676K->0K(174080K)] [ParOldGen: 520325K->48428K(524288K)] 594001K->48428K(698368K), [Metaspace: 44667K->44667K(1087488K)], 0.0653830 secs] [Times: user=0.39 sys=0.01, real=0.07 secs] 
2016-09-24T01:02:25.609-0400: 311.062: [GC (GCLocker Initiated GC) [PSYoungGen: 87040K->79975K(175104K)] 135830K->128765K(699392K), 0.0227110 secs] [Times: user=0.22 sys=0.00, real=0.02 secs] 
2016-09-24T01:02:25.795-0400: 311.249: [GC (GCLocker Initiated GC) [PSYoungGen: 168039K->73672K(175104K)] 217086K->141695K(699392K), 0.0322881 secs] [Times: user=0.40 sys=0.00, real=0.03 secs] 
2016-09-24T01:02:26.027-0400: 311.480: [GC (Allocation Failure) [PSYoungGen: 161736K->49184K(175104K)] 230115K->117790K(699392K), 0.0116280 secs] [Times: user=0.11 sys=0.01, real=0.01 secs] 
2016-09-24T01:02:26.229-0400: 311.683: [GC (GCLocker Initiated GC) [PSYoungGen: 131811K->42973K(175104K)] 206493K->117945K(699392K), 0.0130599 secs] [Times: user=0.10 sys=0.00, real=0.02 secs] 
2016-09-24T01:02:26.394-0400: 311.847: [GC (GCLocker Initiated GC) [PSYoungGen: 131037K->55419K(175104K)] 212148K->136633K(699392K), 0.0190919 secs] [Times: user=0.18 sys=0.00, real=0.02 secs] 
2016-09-24T01:02:26.561-0400: 312.014: [GC (GCLocker Initiated GC) [PSYoungGen: 143483K->36966K(175104K)] 230875K->124625K(699392K), 0.0123028 secs] [Times: user=0.15 sys=0.00, real=0.01 secs] 
2016-09-24T01:02:26.739-0400: 312.192: [GC (Allocation Failure) [PSYoungGen: 125030K->55906K(175104K)] 219091K->150284K(699392K), 0.0178171 secs] [Times: user=0.24 sys=0.00, real=0.02 secs] 
2016-09-24T01:02:26.916-0400: 312.370: [GC (GCLocker Initiated GC) [PSYoungGen: 143970K->55515K(175104K)] 238348K->150167K(699392K), 0.0066359 secs] [Times: user=0.06 sys=0.00, real=0.01 secs] 
2016-09-24T01:02:27.084-0400: 312.538: [GC (GCLocker Initiated GC) [PSYoungGen: 143579K->73804K(175104K)] 238598K->169138K(699392K), 0.0089505 secs] [Times: user=0.06 sys=0.00, real=0.00 secs] 
2016-09-24T01:02:27.250-0400: 312.703: [GC (GCLocker Initiated GC) [PSYoungGen: 161868K->85854K(175104K)] 263369K->187630K(699392K), 0.0289370 secs] [Times: user=0.34 sys=0.00, real=0.03 secs] 
2016-09-24T01:02:27.446-0400: 312.899: [GC (Allocation Failure) [PSYoungGen: 173918K->67437K(175104K)] 275742K->212109K(699392K), 0.0092195 secs] [Times: user=0.09 sys=0.01, real=0.01 secs] 
2016-09-24T01:02:27.609-0400: 313.062: [GC (Allocation Failure) [PSYoungGen: 152689K->43137K(175104K)] 297362K->206309K(699392K), 0.0148846 secs] [Times: user=0.17 sys=0.00, real=0.02 secs] 
2016-09-24T01:02:27.766-0400: 313.220: [GC (GCLocker Initiated GC) [PSYoungGen: 131201K->73836K(175104K)] 294379K->237141K(699392K), 0.0085378 secs] [Times: user=0.08 sys=0.00, real=0.01 secs] 
2016-09-24T01:02:27.935-0400: 313.388: [GC (GCLocker Initiated GC) [PSYoungGen: 161900K->73708K(175104K)] 325360K->255832K(699392K), 0.0163321 secs] [Times: user=0.16 sys=0.00, real=0.01 secs] 
2016-09-24T01:02:28.117-0400: 313.571: [GC (GCLocker Initiated GC) [PSYoungGen: 161772K->85826K(175104K)] 343932K->316870K(699392K), 0.0224890 secs] [Times: user=0.20 sys=0.01, real=0.02 secs] 
2016-09-24T01:02:28.326-0400: 313.779: [GC (GCLocker Initiated GC) [PSYoungGen: 173890K->61362K(175104K)] 404997K->317029K(699392K), 0.0147916 secs] [Times: user=0.14 sys=0.00, real=0.01 secs] 
2016-09-24T01:02:28.523-0400: 313.977: [GC (GCLocker Initiated GC) [PSYoungGen: 149426K->49248K(175104K)] 405449K->305358K(699392K), 0.0122074 secs] [Times: user=0.09 sys=0.01, real=0.01 secs] 
2016-09-24T01:02:28.676-0400: 314.129: [GC (GCLocker Initiated GC) [PSYoungGen: 137312K->74327K(175104K)] 393447K->348995K(699392K), 0.0101452 secs] [Times: user=0.13 sys=0.00, real=0.01 secs] 
2016-09-24T01:02:28.816-0400: 314.270: [GC (GCLocker Initiated GC) [PSYoungGen: 162391K->73968K(175104K)] 437230K->367354K(699392K), 0.0145904 secs] [Times: user=0.18 sys=0.01, real=0.01 secs] 
2016-09-24T01:02:29.019-0400: 314.472: [GC (GCLocker Initiated GC) [PSYoungGen: 162032K->74164K(175104K)] 455734K->386423K(699392K), 0.0110219 secs] [Times: user=0.14 sys=0.00, real=0.01 secs] 
2016-09-24T01:02:29.244-0400: 314.697: [GC (GCLocker Initiated GC) [PSYoungGen: 162228K->55415K(175104K)] 480917K->374404K(699392K), 0.0105420 secs] [Times: user=0.11 sys=0.00, real=0.01 secs] 
2016-09-24T01:02:29.416-0400: 314.870: [GC (GCLocker Initiated GC) [PSYoungGen: 143479K->79815K(175104K)] 468618K->405042K(699392K), 0.0143284 secs] [Times: user=0.15 sys=0.00, real=0.01 secs] 
2016-09-24T01:02:29.591-0400: 315.045: [GC (GCLocker Initiated GC) [PSYoungGen: 167879K->43073K(175104K)] 493126K->411128K(699392K), 0.0228816 secs] [Times: user=0.21 sys=0.00, real=0.03 secs] 
2016-09-24T01:02:29.764-0400: 315.218: [GC (Allocation Failure) [PSYoungGen: 131137K->79719K(175104K)] 499424K->448297K(699392K), 0.0200115 secs] [Times: user=0.19 sys=0.00, real=0.02 secs] 
2016-09-24T01:02:29.955-0400: 315.408: [GC (GCLocker Initiated GC) [PSYoungGen: 166051K->37130K(175104K)] 540704K->448656K(699392K), 0.0084409 secs] [Times: user=0.06 sys=0.00, real=0.01 secs] 
2016-09-24T01:02:30.125-0400: 315.578: [GC (Allocation Failure) [PSYoungGen: 125194K->55387K(175104K)] 543145K->473598K(699392K), 0.0367465 secs] [Times: user=0.42 sys=0.00, real=0.03 secs] 
2016-09-24T01:02:30.318-0400: 315.771: [GC (GCLocker Initiated GC) [PSYoungGen: 139377K->37094K(175104K)] 563663K->461687K(699392K), 0.0111000 secs] [Times: user=0.14 sys=0.01, real=0.01 secs] 
2016-09-24T01:02:30.507-0400: 315.960: [GC (Allocation Failure) [PSYoungGen: 125158K->30727K(175104K)] 556142K->461962K(699392K), 0.0214310 secs] [Times: user=0.19 sys=0.00, real=0.02 secs] 
2016-09-24T01:02:30.696-0400: 316.149: [GC (GCLocker Initiated GC) [PSYoungGen: 118791K->42973K(175104K)] 550027K->498628K(699392K), 0.0317159 secs] [Times: user=0.34 sys=0.00, real=0.03 secs] 
2016-09-24T01:02:30.891-0400: 316.344: [GC (GCLocker Initiated GC) [PSYoungGen: 131037K->55059K(175104K)] 586744K->510870K(699392K), 0.0071039 secs] [Times: user=0.05 sys=0.00, real=0.01 secs] 
2016-09-24T01:02:31.056-0400: 316.510: [GC (GCLocker Initiated GC) [PSYoungGen: 143123K->61234K(175104K)] 599026K->517256K(699392K), 0.0128987 secs] [Times: user=0.11 sys=0.00, real=0.01 secs] 
2016-09-24T01:02:31.264-0400: 316.717: [GC (GCLocker Initiated GC) [PSYoungGen: 149298K->18872K(175104K)] 623715K->517865K(699392K), 0.0069844 secs] [Times: user=0.05 sys=0.00, real=0.00 secs] 
2016-09-24T01:02:31.271-0400: 316.724: [Full GC (Ergonomics) [PSYoungGen: 18872K->0K(175104K)] [ParOldGen: 498992K->48401K(524288K)] 517865K->48401K(699392K), [Metaspace: 44667K->44667K(1087488K)], 0.0574887 secs] [Times: user=0.29 sys=0.00, real=0.06 secs] 
2016-09-24T01:02:31.513-0400: 316.966: [GC (GCLocker Initiated GC) [PSYoungGen: 88064K->74231K(175104K)] 142655K->128823K(699392K), 0.0065036 secs] [Times: user=0.06 sys=0.00, real=0.01 secs] 
2016-09-24T01:02:31.725-0400: 317.179: [GC (GCLocker Initiated GC) [PSYoungGen: 162295K->73896K(175104K)] 217198K->165876K(699392K), 0.0125565 secs] [Times: user=0.13 sys=0.01, real=0.01 secs] 
2016-09-24T01:02:31.890-0400: 317.344: [GC (GCLocker Initiated GC) [PSYoungGen: 161960K->73772K(175104K)] 254060K->166215K(699392K), 0.0071853 secs] [Times: user=0.10 sys=0.00, real=0.01 secs] 
2016-09-24T01:02:32.077-0400: 317.530: [GC (Allocation Failure) [PSYoungGen: 161836K->67501K(175104K)] 254635K->160559K(699392K), 0.0113218 secs] [Times: user=0.11 sys=0.00, real=0.01 secs] 
2016-09-24T01:02:32.248-0400: 317.702: [GC (GCLocker Initiated GC) [PSYoungGen: 150435K->55159K(175104K)] 249569K->154388K(699392K), 0.0119030 secs] [Times: user=0.10 sys=0.00, real=0.01 secs] 
2016-09-24T01:02:32.444-0400: 317.898: [GC (GCLocker Initiated GC) [PSYoungGen: 143223K->67505K(175104K)] 248697K->173215K(699392K), 0.0265471 secs] [Times: user=0.27 sys=0.01, real=0.02 secs] 
2016-09-24T01:02:32.659-0400: 318.112: [GC (GCLocker Initiated GC) [PSYoungGen: 155569K->79683K(175104K)] 261332K->210037K(699392K), 0.0185275 secs] [Times: user=0.20 sys=0.00, real=0.02 secs] 
2016-09-24T01:02:32.844-0400: 318.297: [GC (GCLocker Initiated GC) [PSYoungGen: 167747K->61462K(175104K)] 298112K->222453K(699392K), 0.0435248 secs] [Times: user=0.48 sys=0.01, real=0.04 secs] 
2016-09-24T01:02:33.086-0400: 318.539: [GC (GCLocker Initiated GC) [PSYoungGen: 149526K->73804K(175104K)] 310732K->235310K(699392K), 0.0146721 secs] [Times: user=0.17 sys=0.00, real=0.01 secs] 
2016-09-24T01:02:33.261-0400: 318.714: [GC (Allocation Failure) [PSYoungGen: 161868K->73544K(175104K)] 323589K->235556K(699392K), 0.0150036 secs] [Times: user=0.14 sys=0.00, real=0.02 secs] 
2016-09-24T01:02:33.443-0400: 318.897: [GC (GCLocker Initiated GC) [PSYoungGen: 161608K->61298K(175104K)] 323625K->223575K(699392K), 0.0158237 secs] [Times: user=0.14 sys=0.00, real=0.01 secs] 
2016-09-24T01:02:33.643-0400: 319.096: [GC (GCLocker Initiated GC) [PSYoungGen: 149362K->55159K(175104K)] 317834K->223890K(699392K), 0.0134578 secs] [Times: user=0.14 sys=0.00, real=0.01 secs] 
2016-09-24T01:02:33.849-0400: 319.303: [GC (GCLocker Initiated GC) [PSYoungGen: 143223K->55319K(175104K)] 318060K->230423K(699392K), 0.0229139 secs] [Times: user=0.26 sys=0.00, real=0.02 secs] 
2016-09-24T01:02:34.054-0400: 319.507: [GC (Allocation Failure) [PSYoungGen: 143383K->73776K(175104K)] 318653K->249125K(699392K), 0.0122732 secs] [Times: user=0.09 sys=0.00, real=0.02 secs] 
2016-09-24T01:02:34.227-0400: 319.681: [GC (GCLocker Initiated GC) [PSYoungGen: 161840K->36902K(175104K)] 337195K->230905K(699392K), 0.0144569 secs] [Times: user=0.13 sys=0.00, real=0.01 secs] 
2016-09-24T01:02:34.419-0400: 319.872: [GC (GCLocker Initiated GC) [PSYoungGen: 124966K->61462K(175104K)] 319179K->255762K(699392K), 0.0066893 secs] [Times: user=0.05 sys=0.00, real=0.01 secs] 
2016-09-24T01:02:34.585-0400: 320.038: [GC (Allocation Failure) [PSYoungGen: 149526K->61526K(175104K)] 343924K->256175K(699392K), 0.0317260 secs] [Times: user=0.32 sys=0.00, real=0.03 secs] 
2016-09-24T01:02:34.800-0400: 320.254: [GC (GCLocker Initiated GC) [PSYoungGen: 149590K->61494K(175104K)] 344245K->280732K(699392K), 0.0217874 secs] [Times: user=0.21 sys=0.00, real=0.03 secs] 
2016-09-24T01:02:35.021-0400: 320.475: [GC (GCLocker Initiated GC) [PSYoungGen: 149558K->61789K(169984K)] 375176K->287660K(694272K), 0.0346992 secs] [Times: user=0.36 sys=0.00, real=0.04 secs] 
2016-09-24T01:02:35.224-0400: 320.677: [GC (Allocation Failure) [PSYoungGen: 149853K->79783K(172544K)] 375872K->324286K(696832K), 0.0145445 secs] [Times: user=0.16 sys=0.00, real=0.01 secs] 
2016-09-24T01:02:35.240-0400: 320.693: [GC (GCLocker Initiated GC) [PSYoungGen: 80122K->96K(175104K)] 324626K->336256K(699392K), 0.0080971 secs] [Times: user=0.08 sys=0.00, real=0.01 secs] 
2016-09-24T01:02:35.447-0400: 320.900: [GC (GCLocker Initiated GC) [PSYoungGen: 88160K->86050K(175104K)] 424326K->422224K(699392K), 0.0166212 secs] [Times: user=0.16 sys=0.00, real=0.02 secs] 
2016-09-24T01:02:35.679-0400: 321.132: [GC (Allocation Failure) [PSYoungGen: 174114K->55255K(175104K)] 510346K->410555K(699392K), 0.0250615 secs] [Times: user=0.24 sys=0.01, real=0.03 secs] 
2016-09-24T01:02:35.843-0400: 321.296: [GC (GCLocker Initiated GC) [PSYoungGen: 143319K->73380K(175104K)] 498620K->428792K(699392K), 0.0106035 secs] [Times: user=0.11 sys=0.01, real=0.00 secs] 
2016-09-24T01:02:36.015-0400: 321.469: [GC (GCLocker Initiated GC) [PSYoungGen: 161444K->49440K(175104K)] 529249K->417373K(699392K), 0.0185668 secs] [Times: user=0.20 sys=0.00, real=0.01 secs] 
2016-09-24T01:02:36.194-0400: 321.647: [GC (GCLocker Initiated GC) [PSYoungGen: 137504K->79619K(175104K)] 511553K->484491K(699392K), 0.0339222 secs] [Times: user=0.38 sys=0.00, real=0.04 secs] 
2016-09-24T01:02:36.429-0400: 321.883: [GC (Allocation Failure) [PSYoungGen: 167683K->18741K(175104K)] 573110K->472887K(699392K), 0.0067577 secs] [Times: user=0.06 sys=0.00, real=0.01 secs] 
2016-09-24T01:02:36.589-0400: 322.042: [Full GC (Ergonomics) [PSYoungGen: 104850K->0K(175104K)] [ParOldGen: 460221K->48304K(524288K)] 565071K->48304K(699392K), [Metaspace: 44670K->44670K(1087488K)], 0.0604299 secs] [Times: user=0.35 sys=0.01, real=0.06 secs] 
2016-09-24T01:02:36.823-0400: 322.276: [GC (GCLocker Initiated GC) [PSYoungGen: 88064K->86342K(175104K)] 142496K->158999K(699392K), 0.0145046 secs] [Times: user=0.18 sys=0.00, real=0.01 secs] 
2016-09-24T01:02:37.004-0400: 322.457: [GC (GCLocker Initiated GC) [PSYoungGen: 174406K->49276K(175104K)] 247267K->201853K(699392K), 0.0109259 secs] [Times: user=0.11 sys=0.00, real=0.01 secs] 
2016-09-24T01:02:37.174-0400: 322.628: [GC (GCLocker Initiated GC) [PSYoungGen: 137340K->55351K(175104K)] 290077K->244813K(699392K), 0.0153373 secs] [Times: user=0.13 sys=0.00, real=0.02 secs] 
2016-09-24T01:02:37.359-0400: 322.813: [GC (GCLocker Initiated GC) [PSYoungGen: 143415K->30791K(175104K)] 332913K->257015K(699392K), 0.0173156 secs] [Times: user=0.17 sys=0.01, real=0.02 secs] 
2016-09-24T01:02:37.549-0400: 323.003: [GC (GCLocker Initiated GC) [PSYoungGen: 118855K->67305K(175104K)] 345132K->330136K(699392K), 0.0301509 secs] [Times: user=0.34 sys=0.01, real=0.03 secs] 
2016-09-24T01:02:37.739-0400: 323.193: [GC (Allocation Failure) [PSYoungGen: 155369K->55351K(175104K)] 418906K->361555K(699392K), 0.0136326 secs] [Times: user=0.14 sys=0.00, real=0.01 secs] 
2016-09-24T01:02:37.932-0400: 323.385: [GC (Allocation Failure) [PSYoungGen: 143193K->37222K(175104K)] 449398K->343506K(699392K), 0.0168502 secs] [Times: user=0.18 sys=0.00, real=0.02 secs] 
2016-09-24T01:02:38.104-0400: 323.558: [GC (Allocation Failure) [PSYoungGen: 125286K->73936K(175104K)] 431570K->380535K(699392K), 0.0097142 secs] [Times: user=0.11 sys=0.00, real=0.00 secs] 
2016-09-24T01:02:38.269-0400: 323.723: [GC (GCLocker Initiated GC) [PSYoungGen: 161090K->43073K(175104K)] 473765K->356007K(699392K), 0.0079217 secs] [Times: user=0.06 sys=0.00, real=0.01 secs] 
2016-09-24T01:02:38.449-0400: 323.903: [GC (Allocation Failure) [PSYoungGen: 131137K->61330K(175104K)] 450266K->380742K(699392K), 0.0188168 secs] [Times: user=0.20 sys=0.00, real=0.02 secs] 
2016-09-24T01:02:38.614-0400: 324.068: [GC (Allocation Failure) [PSYoungGen: 149394K->55287K(175104K)] 468806K->405381K(699392K), 0.0122229 secs] [Times: user=0.14 sys=0.01, real=0.01 secs] 
2016-09-24T01:02:38.802-0400: 324.256: [GC (GCLocker Initiated GC) [PSYoungGen: 143351K->55415K(175104K)] 493451K->405854K(699392K), 0.0067325 secs] [Times: user=0.08 sys=0.00, real=0.00 secs] 
2016-09-24T01:02:38.956-0400: 324.410: [GC (GCLocker Initiated GC) [PSYoungGen: 143479K->73576K(175104K)] 494268K->424664K(699392K), 0.0151108 secs] [Times: user=0.18 sys=0.00, real=0.01 secs] 
2016-09-24T01:02:39.130-0400: 324.584: [GC (Allocation Failure) [PSYoungGen: 161640K->61430K(175104K)] 512798K->412667K(699392K), 0.0082046 secs] [Times: user=0.07 sys=0.00, real=0.01 secs] 
2016-09-24T01:02:39.292-0400: 324.746: [GC (GCLocker Initiated GC) [PSYoungGen: 144172K->24716K(175104K)] 501485K->424993K(699392K), 0.0066902 secs] [Times: user=0.06 sys=0.00, real=0.01 secs] 
2016-09-24T01:02:39.477-0400: 324.931: [GC (GCLocker Initiated GC) [PSYoungGen: 112780K->37094K(175104K)] 519403K->443837K(699392K), 0.0140109 secs] [Times: user=0.15 sys=0.00, real=0.01 secs] 
2016-09-24T01:02:39.905-0400: 325.359: [GC (GCLocker Initiated GC) [PSYoungGen: 125158K->18705K(175104K)] 532054K->444117K(699392K), 0.0063383 secs] [Times: user=0.09 sys=0.00, real=0.00 secs] 
2016-09-24T01:02:40.455-0400: 325.908: [GC (Allocation Failure) [PSYoungGen: 106769K->18609K(175104K)] 532447K->444501K(699392K), 0.0112678 secs] [Times: user=0.11 sys=0.00, real=0.01 secs] 
