Java HotSpot(TM) 64-Bit Server VM (25.77-b03) for linux-amd64 JRE (1.8.0_77-b03), built on Mar 20 2016 22:00:46 by "java_re" with gcc 4.3.0 20080428 (Red Hat 4.3.0-8)
Memory: 4k page, physical 264122324k(97728740k free), swap 268399612k(268246076k free)
CommandLine flags: -XX:GCLogFileSize=1048576 -XX:+HeapDumpOnOutOfMemoryError -XX:HeapDumpPath=artifacts/heapdump -XX:InitialHeapSize=805306368 -XX:MaxHeapSize=805306368 -XX:NumberOfGCLogFiles=10 -XX:+PrintGC -XX:+PrintGCDateStamps -XX:+PrintGCDetails -XX:+PrintGCTimeStamps -XX:+UseCompressedClassPointers -XX:+UseCompressedOops -XX:+UseGCLogFileRotation -XX:+UseParallelGC 
2016-09-13T20:24:41.064-0400: 2.269: [GC (Metadata GC Threshold) [PSYoungGen: 121900K->15503K(229376K)] 121900K->15583K(753664K), 0.0184136 secs] [Times: user=0.11 sys=0.01, real=0.02 secs] 
2016-09-13T20:24:41.083-0400: 2.288: [Full GC (Metadata GC Threshold) [PSYoungGen: 15503K->0K(229376K)] [ParOldGen: 80K->14598K(355840K)] 15583K->14598K(585216K), [Metaspace: 21057K->21057K(1067008K)], 0.0495299 secs] [Times: user=0.31 sys=0.05, real=0.05 secs] 
2016-09-13T20:24:42.886-0400: 4.091: [GC (Metadata GC Threshold) [PSYoungGen: 122256K->14781K(229376K)] 136855K->29516K(585216K), 0.0181279 secs] [Times: user=0.14 sys=0.02, real=0.02 secs] 
2016-09-13T20:24:42.904-0400: 4.110: [Full GC (Metadata GC Threshold) [PSYoungGen: 14781K->0K(229376K)] [ParOldGen: 14734K->20207K(524288K)] 29516K->20207K(753664K), [Metaspace: 34918K->34918K(1079296K)], 0.0722268 secs] [Times: user=0.68 sys=0.02, real=0.08 secs] 
2016-09-13T20:24:44.452-0400: 5.657: [GC (GCLocker Initiated GC) [PSYoungGen: 193903K->30177K(229376K)] 220186K->80768K(753664K), 0.0211236 secs] [Times: user=0.29 sys=0.01, real=0.02 secs] 
2016-09-13T20:24:44.850-0400: 6.055: [GC (GCLocker Initiated GC) [PSYoungGen: 226785K->28421K(229376K)] 285325K->99119K(753664K), 0.0073635 secs] [Times: user=0.08 sys=0.02, real=0.01 secs] 
2016-09-13T20:24:45.160-0400: 6.365: [GC (GCLocker Initiated GC) [PSYoungGen: 225029K->28576K(225280K)] 302158K->136088K(749568K), 0.0089242 secs] [Times: user=0.11 sys=0.02, real=0.01 secs] 
2016-09-13T20:24:45.530-0400: 6.736: [GC (GCLocker Initiated GC) [PSYoungGen: 225184K->35094K(217088K)] 333040K->167257K(741376K), 0.0074314 secs] [Times: user=0.09 sys=0.01, real=0.01 secs] 
2016-09-13T20:24:45.954-0400: 7.159: [GC (GCLocker Initiated GC) [PSYoungGen: 215318K->40945K(221184K)] 347842K->192135K(745472K), 0.0092812 secs] [Times: user=0.12 sys=0.01, real=0.01 secs] 
2016-09-13T20:24:46.348-0400: 7.553: [GC (GCLocker Initiated GC) [PSYoungGen: 221169K->35478K(192512K)] 378789K->199181K(716800K), 0.0093401 secs] [Times: user=0.11 sys=0.00, real=0.01 secs] 
2016-09-13T20:24:46.732-0400: 7.937: [GC (GCLocker Initiated GC) [PSYoungGen: 187030K->24039K(206848K)] 358676K->195694K(731136K), 0.0060893 secs] [Times: user=0.08 sys=0.01, real=0.01 secs] 
2016-09-13T20:24:47.074-0400: 8.279: [GC (GCLocker Initiated GC) [PSYoungGen: 175591K->42518K(203264K)] 353676K->220611K(727552K), 0.0092794 secs] [Times: user=0.11 sys=0.00, real=0.01 secs] 
2016-09-13T20:24:47.433-0400: 8.638: [GC (GCLocker Initiated GC) [PSYoungGen: 192022K->54903K(204800K)] 371995K->259184K(729088K), 0.0103083 secs] [Times: user=0.11 sys=0.02, real=0.01 secs] 
2016-09-13T20:24:47.716-0400: 8.922: [GC (GCLocker Initiated GC) [PSYoungGen: 204407K->50416K(187392K)] 409043K->255060K(711680K), 0.0318885 secs] [Times: user=0.40 sys=0.00, real=0.03 secs] 
2016-09-13T20:24:48.057-0400: 9.263: [GC (Allocation Failure) [PSYoungGen: 180464K->43206K(196096K)] 385463K->248206K(720384K), 0.0106769 secs] [Times: user=0.10 sys=0.00, real=0.01 secs] 
2016-09-13T20:24:48.303-0400: 9.508: [GC (GCLocker Initiated GC) [PSYoungGen: 173254K->60284K(184320K)] 378259K->286618K(708608K), 0.0101300 secs] [Times: user=0.11 sys=0.02, real=0.01 secs] 
2016-09-13T20:24:48.564-0400: 9.770: [GC (Allocation Failure) [PSYoungGen: 179068K->21600K(190464K)] 405462K->248896K(714752K), 0.0125754 secs] [Times: user=0.11 sys=0.01, real=0.02 secs] 
2016-09-13T20:24:48.868-0400: 10.073: [GC (GCLocker Initiated GC) [PSYoungGen: 140384K->24282K(187904K)] 367683K->252405K(712192K), 0.0093596 secs] [Times: user=0.11 sys=0.00, real=0.01 secs] 
2016-09-13T20:24:49.100-0400: 10.305: [GC (GCLocker Initiated GC) [PSYoungGen: 143578K->58636K(178176K)] 373334K->289437K(702464K), 0.0066785 secs] [Times: user=0.09 sys=0.00, real=0.00 secs] 
2016-09-13T20:24:49.220-0400: 10.426: [GC (GCLocker Initiated GC) [PSYoungGen: 177932K->70687K(170496K)] 408901K->302271K(694784K), 0.0073225 secs] [Times: user=0.09 sys=0.00, real=0.01 secs] 
2016-09-13T20:24:49.334-0400: 10.539: [GC (GCLocker Initiated GC) [PSYoungGen: 165919K->62555K(158208K)] 397556K->294800K(682496K), 0.0066513 secs] [Times: user=0.10 sys=0.01, real=0.01 secs] 
2016-09-13T20:24:49.468-0400: 10.673: [GC (Allocation Failure) [PSYoungGen: 157787K->53244K(175616K)] 393256K->295351K(699904K), 0.0085276 secs] [Times: user=0.12 sys=0.01, real=0.01 secs] 
2016-09-13T20:24:49.604-0400: 10.809: [GC (GCLocker Initiated GC) [PSYoungGen: 139374K->32821K(121856K)] 387556K->290937K(646144K), 0.0074512 secs] [Times: user=0.08 sys=0.00, real=0.01 secs] 
2016-09-13T20:24:49.712-0400: 10.917: [GC (GCLocker Initiated GC) [PSYoungGen: 121397K->70773K(170496K)] 379703K->329403K(694784K), 0.0072326 secs] [Times: user=0.10 sys=0.02, real=0.01 secs] 
2016-09-13T20:24:49.844-0400: 11.050: [GC (GCLocker Initiated GC) [PSYoungGen: 156789K->55528K(173056K)] 415727K->314754K(697344K), 0.0073226 secs] [Times: user=0.11 sys=0.00, real=0.01 secs] 
2016-09-13T20:24:49.952-0400: 11.157: [GC (GCLocker Initiated GC) [PSYoungGen: 141544K->31195K(175104K)] 406857K->296833K(699392K), 0.0054628 secs] [Times: user=0.06 sys=0.01, real=0.01 secs] 
2016-09-13T20:24:50.073-0400: 11.278: [GC (GCLocker Initiated GC) [PSYoungGen: 119259K->49324K(137728K)] 386435K->319814K(662016K), 0.0065124 secs] [Times: user=0.08 sys=0.00, real=0.01 secs] 
2016-09-13T20:24:50.197-0400: 11.402: [GC (Allocation Failure) [PSYoungGen: 137388K->28094K(174592K)] 408178K->312861K(698880K), 0.0061247 secs] [Times: user=0.08 sys=0.00, real=0.00 secs] 
2016-09-13T20:24:50.313-0400: 11.518: [GC (GCLocker Initiated GC) [PSYoungGen: 117182K->37180K(173568K)] 401954K->322254K(697856K), 0.0061494 secs] [Times: user=0.08 sys=0.00, real=0.01 secs] 
2016-09-13T20:24:50.461-0400: 11.666: [GC (GCLocker Initiated GC) [PSYoungGen: 126268K->29739K(175104K)] 425171K->328821K(699392K), 0.0250279 secs] [Times: user=0.37 sys=0.00, real=0.02 secs] 
2016-09-13T20:24:50.597-0400: 11.803: [GC (Allocation Failure) [PSYoungGen: 123435K->37301K(173568K)] 422684K->336944K(697856K), 0.0113360 secs] [Times: user=0.15 sys=0.01, real=0.01 secs] 
2016-09-13T20:24:50.723-0400: 11.929: [GC (GCLocker Initiated GC) [PSYoungGen: 130997K->37301K(179712K)] 430643K->337169K(704000K), 0.0061675 secs] [Times: user=0.07 sys=0.00, real=0.01 secs] 
2016-09-13T20:24:50.878-0400: 12.084: [GC (GCLocker Initiated GC) [PSYoungGen: 140725K->38852K(177664K)] 442148K->340535K(701952K), 0.0067088 secs] [Times: user=0.07 sys=0.00, real=0.00 secs] 
2016-09-13T20:24:51.018-0400: 12.223: [GC (GCLocker Initiated GC) [PSYoungGen: 142276K->41948K(185344K)] 447005K->354564K(709632K), 0.0180505 secs] [Times: user=0.25 sys=0.00, real=0.02 secs] 
2016-09-13T20:24:51.170-0400: 12.376: [GC (GCLocker Initiated GC) [PSYoungGen: 156124K->9645K(182784K)] 470272K->324144K(707072K), 0.0051305 secs] [Times: user=0.05 sys=0.01, real=0.00 secs] 
2016-09-13T20:24:51.301-0400: 12.506: [GC (GCLocker Initiated GC) [PSYoungGen: 123821K->63025K(178688K)] 438492K->377917K(702976K), 0.0317864 secs] [Times: user=0.34 sys=0.00, real=0.03 secs] 
2016-09-13T20:24:51.465-0400: 12.671: [GC (GCLocker Initiated GC) [PSYoungGen: 170545K->61602K(169472K)] 485459K->376746K(693760K), 0.0074829 secs] [Times: user=0.08 sys=0.00, real=0.01 secs] 
2016-09-13T20:24:51.623-0400: 12.828: [GC (GCLocker Initiated GC) [PSYoungGen: 169122K->48024K(182272K)] 485820K->374174K(706560K), 0.0092798 secs] [Times: user=0.13 sys=0.00, real=0.01 secs] 
2016-09-13T20:24:51.750-0400: 12.955: [GC (GCLocker Initiated GC) [PSYoungGen: 148888K->46446K(147456K)] 475139K->388282K(671744K), 0.0103101 secs] [Times: user=0.12 sys=0.02, real=0.01 secs] 
2016-09-13T20:24:51.901-0400: 13.106: [GC (GCLocker Initiated GC) [PSYoungGen: 147310K->49355K(179200K)] 489325K->391638K(703488K), 0.0068820 secs] [Times: user=0.08 sys=0.00, real=0.01 secs] 
2016-09-13T20:24:52.031-0400: 13.237: [GC (GCLocker Initiated GC) [PSYoungGen: 151243K->31226K(178176K)] 493707K->380160K(702464K), 0.0066013 secs] [Times: user=0.09 sys=0.00, real=0.01 secs] 
2016-09-13T20:24:52.162-0400: 13.367: [GC (GCLocker Initiated GC) [PSYoungGen: 133114K->40181K(181760K)] 488150K->395501K(706048K), 0.0055612 secs] [Times: user=0.06 sys=0.00, real=0.00 secs] 
2016-09-13T20:24:52.312-0400: 13.517: [GC (GCLocker Initiated GC) [PSYoungGen: 150773K->64481K(182784K)] 506140K->427679K(707072K), 0.0100417 secs] [Times: user=0.14 sys=0.00, real=0.01 secs] 
2016-09-13T20:24:52.461-0400: 13.666: [GC (GCLocker Initiated GC) [PSYoungGen: 175073K->44763K(186880K)] 538302K->420389K(711168K), 0.0075230 secs] [Times: user=0.11 sys=0.00, real=0.01 secs] 
2016-09-13T20:24:52.616-0400: 13.822: [GC (GCLocker Initiated GC) [PSYoungGen: 155355K->46192K(157184K)] 531061K->423663K(681472K), 0.0086801 secs] [Times: user=0.10 sys=0.00, real=0.00 secs] 
2016-09-13T20:24:52.753-0400: 13.958: [GC (GCLocker Initiated GC) [PSYoungGen: 156784K->46319K(185344K)] 535899K->425671K(709632K), 0.0075023 secs] [Times: user=0.09 sys=0.01, real=0.01 secs] 
2016-09-13T20:24:52.898-0400: 14.103: [GC (GCLocker Initiated GC) [PSYoungGen: 159983K->69165K(183296K)] 539364K->448752K(707584K), 0.0104386 secs] [Times: user=0.15 sys=0.00, real=0.01 secs] 
2016-09-13T20:24:53.057-0400: 14.262: [GC (GCLocker Initiated GC) [PSYoungGen: 182829K->55654K(185856K)] 564012K->438617K(710144K), 0.0069136 secs] [Times: user=0.09 sys=0.00, real=0.00 secs] 
2016-09-13T20:24:53.211-0400: 14.416: [GC (GCLocker Initiated GC) [PSYoungGen: 165222K->32581K(185856K)] 555908K->434191K(710144K), 0.0093571 secs] [Times: user=0.11 sys=0.00, real=0.01 secs] 
2016-09-13T20:24:53.353-0400: 14.559: [GC (GCLocker Initiated GC) [PSYoungGen: 142149K->12811K(179712K)] 549899K->429945K(704000K), 0.0175612 secs] [Times: user=0.25 sys=0.00, real=0.02 secs] 
2016-09-13T20:24:53.502-0400: 14.708: [GC (GCLocker Initiated GC) [PSYoungGen: 116235K->61633K(165376K)] 536623K->492921K(689664K), 0.0130854 secs] [Times: user=0.19 sys=0.01, real=0.01 secs] 
2016-09-13T20:24:53.648-0400: 14.853: [GC (GCLocker Initiated GC) [PSYoungGen: 165057K->57105K(178688K)] 596390K->488714K(702976K), 0.0104388 secs] [Times: user=0.13 sys=0.01, real=0.02 secs] 
2016-09-13T20:24:53.779-0400: 14.985: [GC (GCLocker Initiated GC) [PSYoungGen: 153361K->31041K(127488K)] 585171K->476895K(651776K), 0.0102817 secs] [Times: user=0.16 sys=0.00, real=0.01 secs] 
2016-09-13T20:24:53.906-0400: 15.112: [GC (GCLocker Initiated GC) [PSYoungGen: 127297K->32714K(180224K)] 574736K->484912K(704512K), 0.0062470 secs] [Times: user=0.07 sys=0.01, real=0.01 secs] 
2016-09-13T20:24:54.058-0400: 15.264: [GC (GCLocker Initiated GC) [PSYoungGen: 131018K->56951K(178688K)] 583256K->509497K(702976K), 0.0074543 secs] [Times: user=0.10 sys=0.00, real=0.00 secs] 
2016-09-13T20:24:54.205-0400: 15.410: [GC (GCLocker Initiated GC) [PSYoungGen: 155255K->34201K(179200K)] 614092K->502419K(703488K), 0.0076981 secs] [Times: user=0.09 sys=0.02, real=0.01 secs] 
2016-09-13T20:24:54.318-0400: 15.523: [GC (GCLocker Initiated GC) [PSYoungGen: 134041K->75239K(175104K)] 602278K->543722K(699392K), 0.0068699 secs] [Times: user=0.10 sys=0.00, real=0.00 secs] 
2016-09-13T20:24:54.449-0400: 15.654: [GC (GCLocker Initiated GC) --[PSYoungGen: 175079K->175079K(175104K)] 652875K->698762K(699392K), 0.0122180 secs] [Times: user=0.12 sys=0.02, real=0.01 secs] 
2016-09-13T20:24:54.461-0400: 15.667: [Full GC (Ergonomics) [PSYoungGen: 175079K->0K(175104K)] [ParOldGen: 523682K->38649K(524288K)] 698762K->38649K(699392K), [Metaspace: 44103K->44099K(1087488K)], 0.1979041 secs] [Times: user=2.70 sys=0.02, real=0.20 secs] 
2016-09-13T20:24:54.775-0400: 15.980: [GC (GCLocker Initiated GC) [PSYoungGen: 99840K->64703K(175104K)] 144578K->109442K(699392K), 0.0097974 secs] [Times: user=0.13 sys=0.00, real=0.01 secs] 
2016-09-13T20:24:54.872-0400: 16.078: [GC (GCLocker Initiated GC) [PSYoungGen: 152767K->44864K(175104K)] 197742K->120657K(699392K), 0.0071313 secs] [Times: user=0.10 sys=0.01, real=0.01 secs] 
2016-09-13T20:24:54.968-0400: 16.174: [GC (Allocation Failure) [PSYoungGen: 132928K->32714K(172032K)] 214938K->133265K(696320K), 0.0066850 secs] [Times: user=0.11 sys=0.00, real=0.00 secs] 
2016-09-13T20:24:55.064-0400: 16.270: [GC (GCLocker Initiated GC) [PSYoungGen: 118260K->66068K(173568K)] 224886K->191164K(697856K), 0.0070412 secs] [Times: user=0.08 sys=0.00, real=0.01 secs] 
2016-09-13T20:24:55.169-0400: 16.374: [GC (GCLocker Initiated GC) [PSYoungGen: 154132K->23817K(175104K)] 283965K->172172K(699392K), 0.0059353 secs] [Times: user=0.08 sys=0.00, real=0.00 secs] 
2016-09-13T20:24:55.282-0400: 16.487: [GC (GCLocker Initiated GC) [PSYoungGen: 111881K->55527K(175104K)] 260259K->204256K(699392K), 0.0057042 secs] [Times: user=0.07 sys=0.00, real=0.00 secs] 
2016-09-13T20:24:55.402-0400: 16.607: [GC (GCLocker Initiated GC) [PSYoungGen: 143591K->40121K(172032K)] 298465K->201291K(696320K), 0.0071253 secs] [Times: user=0.08 sys=0.00, real=0.01 secs] 
2016-09-13T20:24:55.516-0400: 16.721: [GC (GCLocker Initiated GC) [PSYoungGen: 128185K->32650K(173568K)] 289474K->207882K(697856K), 0.0063664 secs] [Times: user=0.07 sys=0.00, real=0.00 secs] 
2016-09-13T20:24:55.643-0400: 16.848: [GC (GCLocker Initiated GC) [PSYoungGen: 120714K->34323K(172544K)] 295982K->238787K(696832K), 0.0080659 secs] [Times: user=0.10 sys=0.00, real=0.01 secs] 
2016-09-13T20:24:55.752-0400: 16.957: [GC (Allocation Failure) [PSYoungGen: 126995K->28004K(174592K)] 337833K->252929K(698880K), 0.0099535 secs] [Times: user=0.13 sys=0.00, real=0.01 secs] 
2016-09-13T20:24:55.885-0400: 17.090: [GC (GCLocker Initiated GC) [PSYoungGen: 120676K->50902K(178176K)] 345602K->276015K(702464K), 0.0106125 secs] [Times: user=0.15 sys=0.00, real=0.01 secs] 
2016-09-13T20:24:56.063-0400: 17.268: [GC (GCLocker Initiated GC) [PSYoungGen: 150230K->50966K(179712K)] 381555K->282478K(704000K), 0.0069123 secs] [Times: user=0.10 sys=0.00, real=0.01 secs] 
2016-09-13T20:24:56.212-0400: 17.418: [GC (GCLocker Initiated GC) [PSYoungGen: 150294K->40207K(175104K)] 381825K->271890K(699392K), 0.0056765 secs] [Times: user=0.08 sys=0.00, real=0.15 secs] 
2016-09-13T20:24:56.518-0400: 17.723: [GC (GCLocker Initiated GC) [PSYoungGen: 142607K->28024K(178688K)] 375881K->269105K(702976K), 0.0198430 secs] [Times: user=0.25 sys=0.00, real=0.02 secs] 
2016-09-13T20:24:56.650-0400: 17.855: [GC (Allocation Failure) [PSYoungGen: 130424K->43373K(180224K)] 377604K->302925K(704512K), 0.0092055 secs] [Times: user=0.12 sys=0.00, real=0.01 secs] 
2016-09-13T20:24:56.797-0400: 18.002: [GC (GCLocker Initiated GC) [PSYoungGen: 153274K->47959K(183296K)] 414345K->309244K(707584K), 0.0083921 secs] [Times: user=0.07 sys=0.00, real=0.00 secs] 
2016-09-13T20:24:56.949-0400: 18.155: [GC (GCLocker Initiated GC) [PSYoungGen: 158039K->69255K(176640K)] 419441K->355148K(700928K), 0.0092123 secs] [Times: user=0.11 sys=0.00, real=0.01 secs] 
2016-09-13T20:24:57.110-0400: 18.316: [GC (GCLocker Initiated GC) [PSYoungGen: 173703K->23500K(128000K)] 474916K->331041K(652288K), 0.0070544 secs] [Times: user=0.07 sys=0.00, real=0.01 secs] 
2016-09-13T20:24:57.274-0400: 18.479: [GC (GCLocker Initiated GC) [PSYoungGen: 127948K->47800K(184832K)] 435542K->355620K(709120K), 0.0069044 secs] [Times: user=0.08 sys=0.01, real=0.01 secs] 
2016-09-13T20:24:57.453-0400: 18.658: [GC (GCLocker Initiated GC) [PSYoungGen: 153272K->23372K(182784K)] 467186K->342102K(707072K), 0.0083837 secs] [Times: user=0.09 sys=0.01, real=0.01 secs] 
2016-09-13T20:24:57.632-0400: 18.837: [GC (GCLocker Initiated GC) [PSYoungGen: 128844K->32586K(182272K)] 447576K->351661K(706560K), 0.0098966 secs] [Times: user=0.13 sys=0.00, real=0.01 secs] 
2016-09-13T20:24:57.804-0400: 19.009: [GC (GCLocker Initiated GC) [PSYoungGen: 139594K->37329K(182784K)] 464805K->367362K(707072K), 0.0069058 secs] [Times: user=0.07 sys=0.01, real=0.01 secs] 
2016-09-13T20:24:57.995-0400: 19.200: [GC (GCLocker Initiated GC) [PSYoungGen: 144337K->46351K(184832K)] 476042K->389019K(709120K), 0.0143324 secs] [Times: user=0.20 sys=0.00, real=0.02 secs] 
2016-09-13T20:24:58.178-0400: 19.384: [GC (GCLocker Initiated GC) [PSYoungGen: 158479K->5275K(183808K)] 510307K->357321K(708096K), 0.0032548 secs] [Times: user=0.03 sys=0.01, real=0.00 secs] 
2016-09-13T20:24:58.362-0400: 19.567: [GC (GCLocker Initiated GC) [PSYoungGen: 117403K->5340K(184320K)] 478583K->366821K(708608K), 0.0067095 secs] [Times: user=0.05 sys=0.00, real=0.01 secs] 
2016-09-13T20:24:58.543-0400: 19.749: [GC (GCLocker Initiated GC) [PSYoungGen: 114908K->47768K(157696K)] 476407K->409414K(681984K), 0.0065511 secs] [Times: user=0.06 sys=0.00, real=0.01 secs] 
2016-09-13T20:24:58.725-0400: 19.930: [GC (GCLocker Initiated GC) [PSYoungGen: 157336K->49447K(182784K)] 519194K->411554K(707072K), 0.0079137 secs] [Times: user=0.07 sys=0.01, real=0.01 secs] 
2016-09-13T20:24:58.906-0400: 20.111: [GC (GCLocker Initiated GC) [PSYoungGen: 154919K->23410K(129024K)] 530808K->399533K(653312K), 0.0068063 secs] [Times: user=0.07 sys=0.00, real=0.01 secs] 
2016-09-13T20:24:59.089-0400: 20.294: [GC (GCLocker Initiated GC) [PSYoungGen: 128882K->40207K(184832K)] 505011K->416475K(709120K), 0.0194635 secs] [Times: user=0.24 sys=0.01, real=0.02 secs] 
2016-09-13T20:24:59.258-0400: 20.463: [GC (GCLocker Initiated GC) [PSYoungGen: 148751K->50992K(182784K)] 525200K->427603K(707072K), 0.0121266 secs] [Times: user=0.19 sys=0.00, real=0.01 secs] 
2016-09-13T20:24:59.475-0400: 20.680: [GC (GCLocker Initiated GC) [PSYoungGen: 159536K->41634K(185344K)] 536441K->423313K(709632K), 0.0079024 secs] [Times: user=0.08 sys=0.00, real=0.01 secs] 
2016-09-13T20:24:59.649-0400: 20.854: [GC (GCLocker Initiated GC) [PSYoungGen: 153762K->28115K(185856K)] 535600K->410178K(710144K), 0.0272389 secs] [Times: user=0.30 sys=0.00, real=0.03 secs] 
2016-09-13T20:24:59.813-0400: 21.018: [GC (GCLocker Initiated GC) [PSYoungGen: 140243K->44826K(187392K)] 522563K->427454K(711680K), 0.0073259 secs] [Times: user=0.07 sys=0.01, real=0.01 secs] 
2016-09-13T20:24:59.992-0400: 21.197: [GC (GCLocker Initiated GC) [PSYoungGen: 160538K->24827K(186880K)] 543294K->407701K(711168K), 0.0345428 secs] [Times: user=0.35 sys=0.01, real=0.03 secs] 
2016-09-13T20:25:00.192-0400: 21.397: [GC (Allocation Failure) [PSYoungGen: 140539K->26384K(189440K)] 523572K->409619K(713728K), 0.0059270 secs] [Times: user=0.07 sys=0.00, real=0.01 secs] 
2016-09-13T20:25:00.372-0400: 21.577: [GC (GCLocker Initiated GC) [PSYoungGen: 145944K->32613K(189440K)] 530698K->417580K(713728K), 0.0063792 secs] [Times: user=0.07 sys=0.00, real=0.01 secs] 
2016-09-13T20:25:00.597-0400: 21.803: [GC (GCLocker Initiated GC) [PSYoungGen: 153445K->27966K(192000K)] 538510K->413281K(716288K), 0.0067934 secs] [Times: user=0.09 sys=0.00, real=0.00 secs] 
2016-09-13T20:25:00.817-0400: 22.022: [GC (GCLocker Initiated GC) [PSYoungGen: 154430K->37292K(190464K)] 539826K->422896K(714752K), 0.0056873 secs] [Times: user=0.06 sys=0.00, real=0.00 secs] 
2016-09-13T20:25:01.005-0400: 22.210: [GC (GCLocker Initiated GC) [PSYoungGen: 163756K->32776K(195584K)] 551059K->421844K(719872K), 0.0123736 secs] [Times: user=0.12 sys=0.00, real=0.02 secs] 
2016-09-13T20:25:01.379-0400: 22.584: [GC (Allocation Failure) [PSYoungGen: 167944K->25014K(194560K)] 563437K->425434K(718848K), 5.0815336 secs] [Times: user=0.18 sys=0.02, real=5.08 secs] 
2016-09-13T20:25:06.664-0400: 27.870: [GC (GCLocker Initiated GC) [PSYoungGen: 159388K->58527K(189952K)] 561327K->462280K(714240K), 0.0093876 secs] [Times: user=0.11 sys=0.00, real=0.01 secs] 
2016-09-13T20:25:06.869-0400: 28.075: [GC (GCLocker Initiated GC) [PSYoungGen: 189599K->32930K(196608K)] 607110K->450722K(720896K), 0.0108791 secs] [Times: user=0.14 sys=0.00, real=0.01 secs] 
2016-09-13T20:25:07.039-0400: 28.245: [GC (GCLocker Initiated GC) [PSYoungGen: 164002K->32832K(189952K)] 593981K->467633K(714240K), 0.0143370 secs] [Times: user=0.18 sys=0.01, real=0.01 secs] 
2016-09-13T20:25:07.216-0400: 28.421: [GC (GCLocker Initiated GC) [PSYoungGen: 166464K->29607K(194560K)] 602868K->467764K(718848K), 0.0075644 secs] [Times: user=0.08 sys=0.00, real=0.00 secs] 
2016-09-13T20:25:07.406-0400: 28.611: [GC (GCLocker Initiated GC) [PSYoungGen: 163239K->26665K(197632K)] 613714K->503257K(721920K), 0.0079361 secs] [Times: user=0.07 sys=0.02, real=0.01 secs] 
2016-09-13T20:25:07.621-0400: 28.826: [GC (GCLocker Initiated GC) [PSYoungGen: 168489K->49415K(200192K)] 654361K->538576K(724480K), 0.0159337 secs] [Times: user=0.17 sys=0.00, real=0.02 secs] 
2016-09-13T20:25:07.849-0400: 29.054: [GC (GCLocker Initiated GC) [PSYoungGen: 191239K->50966K(194560K)] 680489K->540387K(718848K), 0.0096896 secs] [Times: user=0.09 sys=0.01, real=0.01 secs] 
2016-09-13T20:25:08.089-0400: 29.294: [GC (Allocation Failure) [PSYoungGen: 184086K->40020K(197632K)] 673801K->531326K(721920K), 0.0164451 secs] [Times: user=0.16 sys=0.00, real=0.01 secs] 
2016-09-13T20:25:08.295-0400: 29.501: [GC (GCLocker Initiated GC) [PSYoungGen: 173140K->34226K(192000K)] 664448K->525732K(716288K), 0.0080483 secs] [Times: user=0.06 sys=0.00, real=2.02 secs] 
2016-09-13T20:25:10.537-0400: 31.742: [GC (GCLocker Initiated GC) [PSYoungGen: 168882K->23345K(195584K)] 672607K->527350K(719872K), 0.0093444 secs] [Times: user=0.09 sys=0.00, real=0.00 secs] 
2016-09-13T20:25:10.698-0400: 31.904: [GC (GCLocker Initiated GC) [PSYoungGen: 158001K->60111K(187904K)] 662101K->573581K(712192K), 0.0093928 secs] [Times: user=0.12 sys=0.01, real=0.01 secs] 
2016-09-13T20:25:10.708-0400: 31.913: [Full GC (Ergonomics) [PSYoungGen: 60111K->0K(187904K)] [ParOldGen: 513470K->45773K(524288K)] 573581K->45773K(712192K), [Metaspace: 44268K->44268K(1087488K)], 0.0607232 secs] [Times: user=0.35 sys=0.01, real=0.06 secs] 
2016-09-13T20:25:10.918-0400: 32.123: [GC (Allocation Failure) [PSYoungGen: 126976K->66621K(194048K)] 182035K->133830K(718336K), 0.0078047 secs] [Times: user=0.10 sys=0.00, real=0.00 secs] 
2016-09-13T20:25:11.061-0400: 32.267: [GC (GCLocker Initiated GC) [PSYoungGen: 187909K->34513K(184832K)] 261193K->157089K(709120K), 0.0187903 secs] [Times: user=0.28 sys=0.01, real=0.02 secs] 
2016-09-13T20:25:11.223-0400: 32.429: [GC (GCLocker Initiated GC) [PSYoungGen: 151249K->35747K(189440K)] 275366K->161554K(713728K), 0.0056446 secs] [Times: user=0.07 sys=0.00, real=0.01 secs] 
2016-09-13T20:25:11.350-0400: 32.556: [GC (GCLocker Initiated GC) [PSYoungGen: 152483K->42039K(182272K)] 281475K->200156K(706560K), 0.0102366 secs] [Times: user=0.13 sys=0.01, real=0.01 secs] 
2016-09-13T20:25:11.514-0400: 32.720: [GC (GCLocker Initiated GC) [PSYoungGen: 160823K->53874K(186880K)] 322134K->221573K(711168K), 0.0082459 secs] [Times: user=0.08 sys=0.00, real=0.01 secs] 
2016-09-13T20:25:11.696-0400: 32.902: [GC (GCLocker Initiated GC) [PSYoungGen: 172658K->49510K(191488K)] 340485K->217546K(715776K), 0.0069249 secs] [Times: user=0.08 sys=0.00, real=0.00 secs] 
2016-09-13T20:25:11.915-0400: 33.120: [GC (GCLocker Initiated GC) [PSYoungGen: 170342K->41853K(162816K)] 344549K->216306K(687104K), 0.0158998 secs] [Times: user=0.22 sys=0.00, real=0.02 secs] 
2016-09-13T20:25:12.112-0400: 33.318: [GC (GCLocker Initiated GC) [PSYoungGen: 162685K->46468K(189952K)] 343450K->239633K(714240K), 0.0068323 secs] [Times: user=0.09 sys=0.00, real=0.01 secs] 
2016-09-13T20:25:12.346-0400: 33.551: [GC (GCLocker Initiated GC) [PSYoungGen: 168324K->31286K(188928K)] 375203K->238441K(713216K), 0.0246849 secs] [Times: user=0.34 sys=0.03, real=0.03 secs] 
2016-09-13T20:25:12.541-0400: 33.746: [GC (GCLocker Initiated GC) [PSYoungGen: 153142K->51030K(192512K)] 362013K->266199K(716800K), 0.0075752 secs] [Times: user=0.10 sys=0.00, real=0.01 secs] 
2016-09-13T20:25:12.735-0400: 33.941: [GC (GCLocker Initiated GC) [PSYoungGen: 176982K->50998K(193536K)] 393852K->268030K(717824K), 0.0099796 secs] [Times: user=0.13 sys=0.00, real=0.01 secs] 
2016-09-13T20:25:12.944-0400: 34.149: [GC (GCLocker Initiated GC) [PSYoungGen: 176950K->38618K(192000K)] 394041K->255824K(716288K), 0.0357149 secs] [Times: user=0.41 sys=0.00, real=0.04 secs] 
2016-09-13T20:25:13.146-0400: 34.352: [GC (Allocation Failure) [PSYoungGen: 165082K->44921K(193024K)] 385426K->265665K(717312K), 0.0134773 secs] [Times: user=0.14 sys=0.00, real=0.02 secs] 
2016-09-13T20:25:13.340-0400: 34.545: [GC (GCLocker Initiated GC) [PSYoungGen: 171385K->46186K(194048K)] 392135K->267032K(718336K), 0.0088155 secs] [Times: user=0.06 sys=0.01, real=0.01 secs] 
2016-09-13T20:25:13.572-0400: 34.778: [GC (Allocation Failure) [PSYoungGen: 176746K->32521K(194560K)] 397880K->253894K(718848K), 0.0139091 secs] [Times: user=0.12 sys=0.00, real=0.01 secs] 
2016-09-13T20:25:13.794-0400: 34.999: [GC (GCLocker Initiated GC) [PSYoungGen: 163081K->41683K(195072K)] 384473K->263226K(719360K), 0.0220320 secs] [Times: user=0.18 sys=0.00, real=0.03 secs] 
2016-09-13T20:25:14.006-0400: 35.211: [GC (GCLocker Initiated GC) [PSYoungGen: 176339K->31035K(196608K)] 397991K->252810K(720896K), 0.0100149 secs] [Times: user=0.09 sys=0.00, real=0.02 secs] 
2016-09-13T20:25:14.222-0400: 35.427: [GC (GCLocker Initiated GC) [PSYoungGen: 165691K->26378K(200192K)] 395092K->263582K(724480K), 0.0238517 secs] [Times: user=0.23 sys=0.00, real=0.02 secs] 
2016-09-13T20:25:14.458-0400: 35.663: [GC (GCLocker Initiated GC) [PSYoungGen: 164618K->11354K(150016K)] 414098K->276134K(674304K), 0.0159499 secs] [Times: user=0.17 sys=0.01, real=0.01 secs] 
2016-09-13T20:25:14.683-0400: 35.889: [GC (GCLocker Initiated GC) [PSYoungGen: 149594K->43372K(197632K)] 415914K->319105K(721920K), 0.0100394 secs] [Times: user=0.12 sys=0.00, real=0.01 secs] 
2016-09-13T20:25:14.916-0400: 36.122: [GC (GCLocker Initiated GC) [PSYoungGen: 176492K->26639K(160256K)] 464736K->327224K(684544K), 0.0070426 secs] [Times: user=0.09 sys=0.01, real=0.00 secs] 
2016-09-13T20:25:15.133-0400: 36.339: [GC (GCLocker Initiated GC) [PSYoungGen: 159759K->46352K(195584K)] 460392K->347203K(719872K), 0.0117997 secs] [Times: user=0.14 sys=0.00, real=0.01 secs] 
2016-09-13T20:25:15.365-0400: 36.571: [GC (GCLocker Initiated GC) [PSYoungGen: 178448K->40239K(196608K)] 479321K->341283K(720896K), 0.0106188 secs] [Times: user=0.11 sys=0.00, real=0.02 secs] 
2016-09-13T20:25:15.560-0400: 36.765: [GC (Allocation Failure) [PSYoungGen: 172335K->41662K(196096K)] 473577K->349142K(720384K), 0.0082155 secs] [Times: user=0.06 sys=0.00, real=0.01 secs] 
2016-09-13T20:25:15.794-0400: 37.000: [GC (GCLocker Initiated GC) [PSYoungGen: 176318K->11228K(196608K)] 483801K->327978K(720896K), 0.0075896 secs] [Times: user=0.07 sys=0.00, real=0.01 secs] 
2016-09-13T20:25:15.999-0400: 37.205: [GC (GCLocker Initiated GC) [PSYoungGen: 145884K->37391K(198144K)] 462961K->354647K(722432K), 0.0063199 secs] [Times: user=0.07 sys=0.01, real=0.00 secs] 
2016-09-13T20:25:16.221-0400: 37.426: [GC (GCLocker Initiated GC) [PSYoungGen: 173583K->57068K(193536K)] 490874K->374656K(717824K), 0.0070963 secs] [Times: user=0.07 sys=0.01, real=0.01 secs] 
2016-09-13T20:25:16.442-0400: 37.647: [GC (GCLocker Initiated GC) [PSYoungGen: 193260K->37361K(197632K)] 510913K->367334K(721920K), 0.0078443 secs] [Times: user=0.10 sys=0.00, real=0.01 secs] 
2016-09-13T20:25:16.654-0400: 37.860: [GC (GCLocker Initiated GC) [PSYoungGen: 167409K->47928K(194560K)] 503625K->395049K(718848K), 0.0099789 secs] [Times: user=0.11 sys=0.00, real=0.01 secs] 
2016-09-13T20:25:16.866-0400: 38.072: [GC (GCLocker Initiated GC) [PSYoungGen: 177976K->34255K(195584K)] 531195K->387691K(719872K), 0.0070644 secs] [Times: user=0.08 sys=0.01, real=0.01 secs] 
2016-09-13T20:25:17.084-0400: 38.289: [GC (GCLocker Initiated GC) [PSYoungGen: 166351K->46350K(195584K)] 519857K->410666K(719872K), 0.0108548 secs] [Times: user=0.14 sys=0.01, real=0.01 secs] 
2016-09-13T20:25:17.314-0400: 38.519: [GC (GCLocker Initiated GC) [PSYoungGen: 178446K->28088K(198144K)] 555133K->405001K(722432K), 0.0114388 secs] [Times: user=0.11 sys=0.00, real=0.01 secs] 
2016-09-13T20:25:17.554-0400: 38.759: [GC (Allocation Failure) [PSYoungGen: 162744K->19099K(198144K)] 551829K->408492K(722432K), 0.0097652 secs] [Times: user=0.12 sys=0.01, real=0.01 secs] 
2016-09-13T20:25:17.762-0400: 38.967: [GC (GCLocker Initiated GC) [PSYoungGen: 153755K->47863K(194048K)] 543155K->438870K(718336K), 0.0074705 secs] [Times: user=0.07 sys=0.00, real=0.01 secs] 
2016-09-13T20:25:17.966-0400: 39.172: [GC (GCLocker Initiated GC) [PSYoungGen: 177911K->32587K(196096K)] 568968K->424006K(720384K), 0.0109071 secs] [Times: user=0.13 sys=0.00, real=0.02 secs] 
2016-09-13T20:25:18.183-0400: 39.388: [GC (GCLocker Initiated GC) [PSYoungGen: 162635K->27934K(193024K)] 554193K->419654K(717312K), 0.0072978 secs] [Times: user=0.05 sys=0.02, real=0.01 secs] 
2016-09-13T20:25:18.435-0400: 39.640: [GC (GCLocker Initiated GC) [PSYoungGen: 160030K->61655K(194048K)] 551958K->459818K(718336K), 0.0102858 secs] [Times: user=0.12 sys=0.01, real=0.01 secs] 
2016-09-13T20:25:18.647-0400: 39.852: [GC (GCLocker Initiated GC) [PSYoungGen: 193751K->46345K(192000K)] 592067K->444918K(716288K), 0.0087053 secs] [Times: user=0.08 sys=0.01, real=0.01 secs] 
2016-09-13T20:25:18.827-0400: 40.033: [GC (GCLocker Initiated GC) [PSYoungGen: 170249K->28147K(193024K)] 570441K->428454K(717312K), 0.0137122 secs] [Times: user=0.15 sys=0.01, real=0.02 secs] 
2016-09-13T20:25:19.034-0400: 40.240: [GC (GCLocker Initiated GC) [PSYoungGen: 152051K->23632K(192000K)] 553897K->425701K(716288K), 0.0107532 secs] [Times: user=0.15 sys=0.00, real=0.01 secs] 
2016-09-13T20:25:19.237-0400: 40.442: [GC (Allocation Failure) [PSYoungGen: 148560K->26542K(192512K)] 552346K->430513K(716800K), 0.0201847 secs] [Times: user=0.23 sys=0.00, real=0.02 secs] 
2016-09-13T20:25:19.257-0400: 40.463: [GC (GCLocker Initiated GC) [PSYoungGen: 26739K->96K(189440K)] 430710K->431912K(713728K), 0.0090476 secs] [Times: user=0.08 sys=0.00, real=0.00 secs] 
2016-09-13T20:25:19.450-0400: 40.656: [GC (GCLocker Initiated GC) [PSYoungGen: 120014K->66062K(189440K)] 557905K->510029K(713728K), 0.0111717 secs] [Times: user=0.12 sys=0.00, real=0.01 secs] 
2016-09-13T20:25:19.638-0400: 40.844: [GC (GCLocker Initiated GC) [PSYoungGen: 188942K->46499K(179200K)] 632943K->536489K(703488K), 0.0285451 secs] [Times: user=0.38 sys=0.00, real=0.02 secs] 
2016-09-13T20:25:19.667-0400: 40.873: [Full GC (Ergonomics) [PSYoungGen: 46499K->0K(179200K)] [ParOldGen: 489990K->33946K(524288K)] 536489K->33946K(703488K), [Metaspace: 44316K->44316K(1087488K)], 0.0615511 secs] [Times: user=0.33 sys=0.01, real=0.07 secs] 
2016-09-13T20:25:19.878-0400: 41.083: [GC (Allocation Failure) [PSYoungGen: 106496K->76975K(183808K)] 140753K->135533K(708096K), 0.0103621 secs] [Times: user=0.14 sys=0.00, real=0.01 secs] 
2016-09-13T20:25:20.016-0400: 41.222: [GC (GCLocker Initiated GC) [PSYoungGen: 183471K->70804K(166400K)] 242035K->170838K(690688K), 0.0106735 secs] [Times: user=0.15 sys=0.00, real=0.00 secs] 
2016-09-13T20:25:20.138-0400: 41.343: [GC (Allocation Failure) [PSYoungGen: 158868K->61601K(175104K)] 260594K->163662K(699392K), 0.0096146 secs] [Times: user=0.12 sys=0.01, real=0.01 secs] 
2016-09-13T20:25:20.279-0400: 41.485: [GC (GCLocker Initiated GC) [PSYoungGen: 149665K->49293K(175104K)] 251727K->169861K(699392K), 0.0077712 secs] [Times: user=0.08 sys=0.00, real=0.00 secs] 
2016-09-13T20:25:20.408-0400: 41.613: [GC (Allocation Failure) [PSYoungGen: 137357K->58686K(175104K)] 258011K->179543K(699392K), 0.0095075 secs] [Times: user=0.13 sys=0.00, real=0.02 secs] 
2016-09-13T20:25:20.566-0400: 41.772: [GC (GCLocker Initiated GC) [PSYoungGen: 146750K->43362K(175104K)] 267612K->167515K(699392K), 0.0153979 secs] [Times: user=0.22 sys=0.00, real=0.02 secs] 
2016-09-13T20:25:20.746-0400: 41.952: [GC (GCLocker Initiated GC) [PSYoungGen: 131426K->24864K(175104K)] 269457K->181369K(699392K), 0.0158870 secs] [Times: user=0.17 sys=0.00, real=0.02 secs] 
2016-09-13T20:25:20.903-0400: 42.109: [GC (GCLocker Initiated GC) [PSYoungGen: 112928K->31120K(174080K)] 269494K->192441K(698368K), 0.0137344 secs] [Times: user=0.16 sys=0.00, real=0.02 secs] 
2016-09-13T20:25:21.054-0400: 42.259: [GC (Allocation Failure) [PSYoungGen: 119184K->5493K(174592K)] 292999K->187225K(698880K), 0.0034790 secs] [Times: user=0.04 sys=0.00, real=0.01 secs] 
2016-09-13T20:25:21.174-0400: 42.380: [GC (GCLocker Initiated GC) [PSYoungGen: 93126K->70592K(175104K)] 276377K->254257K(699392K), 0.0221389 secs] [Times: user=0.38 sys=0.00, real=0.03 secs] 
2016-09-13T20:25:21.326-0400: 42.532: [GC (GCLocker Initiated GC) [PSYoungGen: 158656K->32799K(175104K)] 343942K->218276K(699392K), 0.0104691 secs] [Times: user=0.12 sys=0.01, real=0.02 secs] 
2016-09-13T20:25:21.477-0400: 42.682: [GC (GCLocker Initiated GC) [PSYoungGen: 120863K->14579K(175104K)] 318590K->212633K(699392K), 0.0078631 secs] [Times: user=0.10 sys=0.00, real=0.00 secs] 
2016-09-13T20:25:21.643-0400: 42.848: [GC (GCLocker Initiated GC) [PSYoungGen: 102643K->32735K(175104K)] 300708K->231062K(699392K), 0.0054332 secs] [Times: user=0.05 sys=0.00, real=0.01 secs] 
2016-09-13T20:25:21.782-0400: 42.987: [GC (GCLocker Initiated GC) [PSYoungGen: 120799K->23309K(171008K)] 319132K->229424K(695296K), 0.0117621 secs] [Times: user=0.14 sys=0.00, real=0.01 secs] 
2016-09-13T20:25:21.947-0400: 43.152: [GC (GCLocker Initiated GC) [PSYoungGen: 111373K->32622K(173056K)] 319098K->240545K(697344K), 0.0086994 secs] [Times: user=0.11 sys=0.00, real=0.01 secs] 
2016-09-13T20:25:22.078-0400: 43.284: [GC (GCLocker Initiated GC) [PSYoungGen: 120686K->64602K(168960K)] 328891K->277547K(693248K), 0.0079385 secs] [Times: user=0.12 sys=0.00, real=0.00 secs] 
2016-09-13T20:25:22.222-0400: 43.427: [GC (GCLocker Initiated GC) [PSYoungGen: 152666K->49196K(175104K)] 371846K->268565K(699392K), 0.0198288 secs] [Times: user=0.22 sys=0.00, real=0.02 secs] 
2016-09-13T20:25:22.373-0400: 43.578: [GC (GCLocker Initiated GC) [PSYoungGen: 137260K->52490K(174080K)] 359723K->275177K(698368K), 0.0066435 secs] [Times: user=0.08 sys=0.00, real=0.01 secs] 
2016-09-13T20:25:22.518-0400: 43.724: [GC (GCLocker Initiated GC) [PSYoungGen: 141578K->47806K(175104K)] 364506K->299785K(699392K), 0.0072370 secs] [Times: user=0.10 sys=0.00, real=0.00 secs] 
2016-09-13T20:25:22.660-0400: 43.866: [GC (GCLocker Initiated GC) [PSYoungGen: 136894K->52421K(175616K)] 390428K->306126K(699904K), 0.0068802 secs] [Times: user=0.08 sys=0.01, real=0.00 secs] 
2016-09-13T20:25:22.811-0400: 44.017: [GC (GCLocker Initiated GC) [PSYoungGen: 144069K->43153K(135168K)] 399630K->309575K(659456K), 0.0100100 secs] [Times: user=0.07 sys=0.02, real=0.01 secs] 
2016-09-13T20:25:22.966-0400: 44.171: [GC (Allocation Failure) [PSYoungGen: 134801K->60078K(171520K)] 402990K->328551K(695808K), 0.0165327 secs] [Times: user=0.24 sys=0.00, real=0.02 secs] 
2016-09-13T20:25:22.983-0400: 44.188: [GC (GCLocker Initiated GC) [PSYoungGen: 60095K->32K(174080K)] 328568K->328294K(698368K), 0.0069906 secs] [Times: user=0.08 sys=0.01, real=0.01 secs] 
2016-09-13T20:25:23.122-0400: 44.327: [GC (GCLocker Initiated GC) [PSYoungGen: 90098K->64640K(174080K)] 424436K->398978K(698368K), 0.0079717 secs] [Times: user=0.11 sys=0.00, real=0.01 secs] 
2016-09-13T20:25:23.260-0400: 44.466: [GC (GCLocker Initiated GC) [PSYoungGen: 152704K->37365K(175104K)] 493308K->390436K(699392K), 0.0070255 secs] [Times: user=0.10 sys=0.00, real=0.00 secs] 
2016-09-13T20:25:23.400-0400: 44.605: [GC (Allocation Failure) [PSYoungGen: 125429K->46414K(169472K)] 478731K->406064K(693760K), 0.0065752 secs] [Times: user=0.09 sys=0.00, real=0.00 secs] 
2016-09-13T20:25:23.521-0400: 44.726: [GC (GCLocker Initiated GC) [PSYoungGen: 134787K->73561K(172544K)] 495956K->435031K(696832K), 0.0097168 secs] [Times: user=0.10 sys=0.00, real=0.01 secs] 
2016-09-13T20:25:23.665-0400: 44.870: [GC (GCLocker Initiated GC) [PSYoungGen: 162137K->28183K(175104K)] 529835K->414327K(699392K), 0.0108590 secs] [Times: user=0.10 sys=0.02, real=0.02 secs] 
2016-09-13T20:25:23.822-0400: 45.028: [GC (GCLocker Initiated GC) [PSYoungGen: 116247K->47619K(136192K)] 502425K->434112K(660480K), 0.0065983 secs] [Times: user=0.05 sys=0.00, real=0.01 secs] 
2016-09-13T20:25:23.980-0400: 45.186: [GC (Allocation Failure) [PSYoungGen: 135683K->27933K(176128K)] 522399K->422418K(700416K), 0.0285915 secs] [Times: user=0.32 sys=0.00, real=0.03 secs] 
2016-09-13T20:25:24.123-0400: 45.328: [GC (GCLocker Initiated GC) [PSYoungGen: 117533K->67298K(174592K)] 512026K->462052K(698880K), 0.0219900 secs] [Times: user=0.23 sys=0.00, real=0.02 secs] 
2016-09-13T20:25:24.267-0400: 45.472: [GC (GCLocker Initiated GC) [PSYoungGen: 156898K->64538K(175104K)] 551872K->459729K(699392K), 0.0171522 secs] [Times: user=0.22 sys=0.00, real=0.02 secs] 
2016-09-13T20:25:24.405-0400: 45.611: [GC (GCLocker Initiated GC) [PSYoungGen: 152602K->29484K(175104K)] 553913K->431137K(699392K), 0.0098098 secs] [Times: user=0.10 sys=0.01, real=0.01 secs] 
2016-09-13T20:25:24.551-0400: 45.756: [GC (GCLocker Initiated GC) [PSYoungGen: 117548K->28157K(175104K)] 520820K->445347K(699392K), 0.0061791 secs] [Times: user=0.06 sys=0.02, real=0.01 secs] 
2016-09-13T20:25:24.708-0400: 45.913: [GC (GCLocker Initiated GC) [PSYoungGen: 116221K->50902K(175104K)] 539702K->492866K(699392K), 0.0193705 secs] [Times: user=0.25 sys=0.00, real=0.01 secs] 
2016-09-13T20:25:24.914-0400: 46.119: [GC (Allocation Failure) [PSYoungGen: 138966K->5248K(175104K)] 593082K->459494K(699392K), 0.0047054 secs] [Times: user=0.04 sys=0.00, real=0.01 secs] 
2016-09-13T20:25:25.051-0400: 46.257: [GC (GCLocker Initiated GC) [PSYoungGen: 93312K->68972K(175104K)] 547567K->523511K(699392K), 0.0148067 secs] [Times: user=0.18 sys=0.00, real=0.01 secs] 
2016-09-13T20:25:25.158-0400: 46.363: [GC (GCLocker Initiated GC) [PSYoungGen: 157036K->41693K(175104K)] 611603K->496477K(699392K), 0.0092928 secs] [Times: user=0.07 sys=0.00, real=0.00 secs] 
2016-09-13T20:25:25.284-0400: 46.489: [GC (GCLocker Initiated GC) [PSYoungGen: 129757K->41826K(130048K)] 584664K->527448K(654336K), 0.0095387 secs] [Times: user=0.11 sys=0.00, real=0.01 secs] 
2016-09-13T20:25:25.435-0400: 46.641: [GC (GCLocker Initiated GC) [PSYoungGen: 129890K->52426K(174592K)] 615548K->541370K(698880K), 0.0139560 secs] [Times: user=0.19 sys=0.01, real=0.02 secs] 
2016-09-13T20:25:25.586-0400: 46.792: [Full GC (Ergonomics) [PSYoungGen: 141002K->0K(174592K)] [ParOldGen: 490530K->28169K(524288K)] 631532K->28169K(698880K), [Metaspace: 44348K->44348K(1087488K)], 0.0862955 secs] [Times: user=0.45 sys=0.02, real=0.09 secs] 
2016-09-13T20:25:25.789-0400: 46.995: [GC (Allocation Failure) [PSYoungGen: 88576K->64789K(174080K)] 116871K->93084K(698368K), 0.0128973 secs] [Times: user=0.12 sys=0.00, real=0.01 secs] 
2016-09-13T20:25:25.939-0400: 47.144: [GC (GCLocker Initiated GC) [PSYoungGen: 148090K->32741K(175104K)] 182460K->81357K(699392K), 0.0140533 secs] [Times: user=0.14 sys=0.00, real=0.01 secs] 
2016-09-13T20:25:26.065-0400: 47.270: [GC (GCLocker Initiated GC) [PSYoungGen: 120805K->49545K(137728K)] 175657K->104631K(662016K), 0.0145913 secs] [Times: user=0.16 sys=0.00, real=0.02 secs] 
2016-09-13T20:25:26.194-0400: 47.399: [GC (GCLocker Initiated GC) [PSYoungGen: 137609K->49352K(175104K)] 192746K->104828K(699392K), 0.0144521 secs] [Times: user=0.15 sys=0.00, real=0.02 secs] 
2016-09-13T20:25:26.324-0400: 47.530: [GC (GCLocker Initiated GC) [PSYoungGen: 139976K->26478K(172544K)] 207744K->96044K(696832K), 0.0246076 secs] [Times: user=0.23 sys=0.00, real=0.03 secs] 
2016-09-13T20:25:26.492-0400: 47.698: [GC (GCLocker Initiated GC) [PSYoungGen: 117102K->23623K(178176K)] 192943K->99728K(702464K), 0.0086323 secs] [Times: user=0.09 sys=0.00, real=0.01 secs] 
2016-09-13T20:25:26.657-0400: 47.863: [GC (Allocation Failure) [PSYoungGen: 119879K->23718K(177664K)] 199209K->103348K(701952K), 0.0154548 secs] [Times: user=0.19 sys=0.00, real=0.01 secs] 
2016-09-13T20:25:26.811-0400: 48.016: [GC (GCLocker Initiated GC) [PSYoungGen: 119974K->32651K(177152K)] 199604K->112401K(701440K), 0.0101981 secs] [Times: user=0.12 sys=0.00, real=0.01 secs] 
2016-09-13T20:25:26.957-0400: 48.162: [GC (GCLocker Initiated GC) [PSYoungGen: 133003K->23532K(178176K)] 212770K->103477K(702464K), 0.0077074 secs] [Times: user=0.09 sys=0.00, real=0.00 secs] 
2016-09-13T20:25:27.115-0400: 48.320: [GC (GCLocker Initiated GC) [PSYoungGen: 123884K->37360K(177664K)] 216186K->129962K(701952K), 0.0062578 secs] [Times: user=0.06 sys=0.00, real=0.01 secs] 
2016-09-13T20:25:27.321-0400: 48.527: [GC (GCLocker Initiated GC) [PSYoungGen: 145392K->41763K(180736K)] 239680K->136269K(705024K), 0.0098263 secs] [Times: user=0.09 sys=0.01, real=0.01 secs] 
2016-09-13T20:25:27.496-0400: 48.702: [GC (Allocation Failure) [PSYoungGen: 149795K->47704K(189440K)] 244563K->142595K(713728K), 0.0174845 secs] [Times: user=0.15 sys=0.00, real=0.01 secs] 
2016-09-13T20:25:27.661-0400: 48.867: [GC (GCLocker Initiated GC) [PSYoungGen: 165142K->41964K(160768K)] 261551K->138555K(685056K), 0.0081367 secs] [Times: user=0.07 sys=0.00, real=0.01 secs] 
2016-09-13T20:25:27.856-0400: 49.061: [GC (GCLocker Initiated GC) [PSYoungGen: 160748K->34164K(191488K)] 263439K->137144K(715776K), 0.0344804 secs] [Times: user=0.39 sys=0.00, real=0.03 secs] 
2016-09-13T20:25:28.079-0400: 49.284: [GC (GCLocker Initiated GC) [PSYoungGen: 156532K->38656K(189440K)] 259727K->151043K(713728K), 0.0237567 secs] [Times: user=0.26 sys=0.00, real=0.02 secs] 
2016-09-13T20:25:28.273-0400: 49.478: [GC (Allocation Failure) [PSYoungGen: 161024K->41816K(190976K)] 275145K->156075K(715264K), 0.0141722 secs] [Times: user=0.16 sys=0.00, real=0.01 secs] 
2016-09-13T20:25:28.470-0400: 49.675: [GC (GCLocker Initiated GC) [PSYoungGen: 168792K->43212K(189952K)] 283054K->157718K(714240K), 0.0161978 secs] [Times: user=0.15 sys=0.00, real=0.01 secs] 
2016-09-13T20:25:28.682-0400: 49.887: [GC (GCLocker Initiated GC) [PSYoungGen: 170188K->50998K(195072K)] 284820K->165863K(719360K), 0.0127377 secs] [Times: user=0.14 sys=0.00, real=0.01 secs] 
2016-09-13T20:25:28.908-0400: 50.114: [GC (GCLocker Initiated GC) [PSYoungGen: 184118K->32645K(197120K)] 305082K->153689K(721408K), 0.0173559 secs] [Times: user=0.20 sys=0.00, real=0.01 secs] 
2016-09-13T20:25:29.146-0400: 50.352: [GC (GCLocker Initiated GC) [PSYoungGen: 165765K->29605K(196096K)] 286812K->155445K(720384K), 0.0101562 secs] [Times: user=0.06 sys=0.02, real=0.02 secs] 
2016-09-13T20:25:29.331-0400: 50.536: [GC (Allocation Failure) [PSYoungGen: 164773K->43270K(197632K)] 292412K->175840K(721920K), 0.0221829 secs] [Times: user=0.21 sys=0.00, real=0.02 secs] 
2016-09-13T20:25:29.550-0400: 50.756: [GC (GCLocker Initiated GC) [PSYoungGen: 174965K->28056K(198144K)] 313610K->166839K(722432K), 0.0060960 secs] [Times: user=0.06 sys=0.00, real=0.01 secs] 
2016-09-13T20:25:29.816-0400: 51.022: [GC (GCLocker Initiated GC) [PSYoungGen: 165784K->32704K(199168K)] 310672K->177783K(723456K), 0.0128789 secs] [Times: user=0.15 sys=0.01, real=0.01 secs] 
2016-09-13T20:25:30.052-0400: 51.257: [GC (GCLocker Initiated GC) [PSYoungGen: 170432K->32682K(199168K)] 321618K->194744K(723456K), 0.0070632 secs] [Times: user=0.07 sys=0.00, real=0.01 secs] 
2016-09-13T20:25:30.262-0400: 51.468: [GC (GCLocker Initiated GC) [PSYoungGen: 173482K->50838K(199680K)] 335601K->213151K(723968K), 0.0097152 secs] [Times: user=0.08 sys=0.00, real=0.01 secs] 
2016-09-13T20:25:30.472-0400: 51.678: [GC (GCLocker Initiated GC) [PSYoungGen: 191638K->41790K(201728K)] 353957K->208744K(726016K), 0.0221232 secs] [Times: user=0.24 sys=0.01, real=0.02 secs] 
2016-09-13T20:25:30.719-0400: 51.924: [GC (GCLocker Initiated GC) [PSYoungGen: 182078K->29866K(170496K)] 362740K->212217K(694784K), 0.0122244 secs] [Times: user=0.10 sys=0.00, real=0.01 secs] 
2016-09-13T20:25:30.959-0400: 52.165: [GC (GCLocker Initiated GC) [PSYoungGen: 170154K->26292K(200192K)] 352631K->208955K(724480K), 0.0218120 secs] [Times: user=0.22 sys=0.00, real=0.02 secs] 
2016-09-13T20:25:31.181-0400: 52.387: [GC (GCLocker Initiated GC) [PSYoungGen: 166580K->34227K(200192K)] 349250K->217068K(724480K), 0.0107381 secs] [Times: user=0.13 sys=0.00, real=0.01 secs] 
2016-09-13T20:25:31.405-0400: 52.610: [GC (GCLocker Initiated GC) [PSYoungGen: 174515K->46184K(198656K)] 357519K->232419K(722944K), 0.0275374 secs] [Times: user=0.26 sys=0.02, real=0.03 secs] 
2016-09-13T20:25:31.660-0400: 52.866: [GC (GCLocker Initiated GC) [PSYoungGen: 186984K->14564K(200192K)] 379304K->207205K(724480K), 0.0257516 secs] [Times: user=0.30 sys=0.01, real=0.02 secs] 
2016-09-13T20:25:31.883-0400: 53.088: [GC (GCLocker Initiated GC) [PSYoungGen: 155364K->52548K(193024K)] 348262K->248662K(717312K), 0.0154746 secs] [Times: user=0.17 sys=0.01, real=0.02 secs] 
2016-09-13T20:25:32.115-0400: 53.321: [GC (GCLocker Initiated GC) [PSYoungGen: 184644K->23618K(197120K)] 392916K->232190K(721408K), 0.0095363 secs] [Times: user=0.13 sys=0.00, real=0.01 secs] 
2016-09-13T20:25:32.324-0400: 53.529: [GC (GCLocker Initiated GC) [PSYoungGen: 155714K->46249K(195584K)] 364388K->255119K(719872K), 0.0129126 secs] [Times: user=0.14 sys=0.00, real=0.02 secs] 
2016-09-13T20:25:32.543-0400: 53.749: [GC (GCLocker Initiated GC) [PSYoungGen: 177321K->47836K(179200K)] 387919K->263200K(703488K), 0.0083793 secs] [Times: user=0.07 sys=0.00, real=0.01 secs] 
2016-09-13T20:25:32.762-0400: 53.967: [GC (GCLocker Initiated GC) [PSYoungGen: 178908K->43462K(196096K)] 394420K->259149K(720384K), 0.0103512 secs] [Times: user=0.14 sys=0.00, real=0.01 secs] 
2016-09-13T20:25:32.947-0400: 54.152: [GC (Allocation Failure) [PSYoungGen: 172998K->46559K(195584K)] 388913K->262774K(719872K), 0.0104593 secs] [Times: user=0.12 sys=0.00, real=0.02 secs] 
2016-09-13T20:25:33.149-0400: 54.355: [GC (GCLocker Initiated GC) [PSYoungGen: 176095K->43275K(193536K)] 392313K->259769K(717824K), 0.0247107 secs] [Times: user=0.25 sys=0.00, real=0.02 secs] 
2016-09-13T20:25:33.381-0400: 54.586: [GC (GCLocker Initiated GC) [PSYoungGen: 172811K->47737K(194560K)] 390855K->265999K(718848K), 0.0126666 secs] [Times: user=0.11 sys=0.00, real=0.01 secs] 
2016-09-13T20:25:33.582-0400: 54.787: [GC (GCLocker Initiated GC) [PSYoungGen: 177273K->46383K(196608K)] 395595K->274004K(720896K), 0.0069155 secs] [Times: user=0.08 sys=0.00, real=0.01 secs] 
2016-09-13T20:25:33.798-0400: 55.004: [GC (GCLocker Initiated GC) [PSYoungGen: 177455K->46282K(177664K)] 406864K->275851K(701952K), 0.0071758 secs] [Times: user=0.08 sys=0.00, real=0.00 secs] 
2016-09-13T20:25:34.005-0400: 55.211: [GC (GCLocker Initiated GC) [PSYoungGen: 177354K->43213K(198144K)] 407021K->272943K(722432K), 0.0261922 secs] [Times: user=0.33 sys=0.00, real=0.03 secs] 
2016-09-13T20:25:34.238-0400: 55.444: [GC (GCLocker Initiated GC) [PSYoungGen: 176333K->46249K(196096K)] 406098K->282295K(720384K), 0.0079192 secs] [Times: user=0.06 sys=0.01, real=0.00 secs] 
2016-09-13T20:25:34.477-0400: 55.683: [GC (GCLocker Initiated GC) [PSYoungGen: 179369K->55554K(194048K)] 421734K->302658K(718336K), 0.0234785 secs] [Times: user=0.32 sys=0.03, real=0.02 secs] 
2016-09-13T20:25:34.680-0400: 55.886: [GC (Allocation Failure) [PSYoungGen: 186626K->54130K(185344K)] 433794K->316818K(709632K), 0.0098324 secs] [Times: user=0.14 sys=0.00, real=0.01 secs] 
2016-09-13T20:25:34.873-0400: 56.078: [GC (GCLocker Initiated GC) [PSYoungGen: 185202K->50774K(194560K)] 447893K->316669K(718848K), 0.0075512 secs] [Times: user=0.06 sys=0.00, real=0.01 secs] 
2016-09-13T20:25:35.054-0400: 56.259: [GC (GCLocker Initiated GC) [PSYoungGen: 177750K->47736K(175104K)] 443687K->313796K(699392K), 0.0304326 secs] [Times: user=0.35 sys=0.00, real=0.03 secs] 
2016-09-13T20:25:35.265-0400: 56.470: [GC (GCLocker Initiated GC) [PSYoungGen: 174712K->51030K(193024K)] 440794K->326498K(717312K), 0.0076937 secs] [Times: user=0.09 sys=0.00, real=0.01 secs] 
2016-09-13T20:25:35.484-0400: 56.689: [GC (GCLocker Initiated GC) [PSYoungGen: 178006K->47960K(193024K)] 453546K->332847K(717312K), 0.0110669 secs] [Times: user=0.12 sys=0.00, real=0.01 secs] 
2016-09-13T20:25:35.673-0400: 56.879: [GC (Allocation Failure) [PSYoungGen: 174936K->40180K(195072K)] 460001K->329968K(719360K), 0.0094741 secs] [Times: user=0.06 sys=0.00, real=0.01 secs] 
2016-09-13T20:25:35.876-0400: 57.081: [GC (GCLocker Initiated GC) [PSYoungGen: 171252K->46341K(195072K)] 461043K->336337K(719360K), 0.0094705 secs] [Times: user=0.10 sys=0.00, real=0.00 secs] 
2016-09-13T20:25:36.099-0400: 57.304: [GC (GCLocker Initiated GC) [PSYoungGen: 177413K->32714K(196096K)] 481136K->336591K(720384K), 0.0059101 secs] [Times: user=0.05 sys=0.01, real=0.00 secs] 
2016-09-13T20:25:36.337-0400: 57.543: [GC (Allocation Failure) [PSYoungGen: 166346K->5398K(139264K)] 482717K->335680K(663552K), 0.0085486 secs] [Times: user=0.10 sys=0.00, real=0.00 secs] 
2016-09-13T20:25:36.556-0400: 57.761: [GC (GCLocker Initiated GC) [PSYoungGen: 139030K->46287K(194560K)] 469315K->376726K(718848K), 0.0125606 secs] [Times: user=0.15 sys=0.00, real=0.01 secs] 
2016-09-13T20:25:36.825-0400: 58.030: [GC (GCLocker Initiated GC) [PSYoungGen: 172751K->40142K(166912K)] 504903K->372446K(691200K), 0.0185629 secs] [Times: user=0.19 sys=0.00, real=0.02 secs] 
2016-09-13T20:25:37.015-0400: 58.220: [GC (GCLocker Initiated GC) [PSYoungGen: 166606K->40425K(194048K)] 505098K->379167K(718336K), 0.0099442 secs] [Times: user=0.10 sys=0.01, real=0.01 secs] 
2016-09-13T20:25:37.206-0400: 58.412: [GC (GCLocker Initiated GC) [PSYoungGen: 169449K->12926K(191488K)] 514269K->367178K(715776K), 0.0130884 secs] [Times: user=0.14 sys=0.00, real=0.02 secs] 
2016-09-13T20:25:37.413-0400: 58.619: [GC (GCLocker Initiated GC) [PSYoungGen: 141950K->29580K(198144K)] 497782K->385642K(722432K), 0.0058609 secs] [Times: user=0.05 sys=0.01, real=0.01 secs] 
2016-09-13T20:25:37.639-0400: 58.845: [GC (GCLocker Initiated GC) [PSYoungGen: 162700K->27774K(161280K)] 518835K->385483K(685568K), 0.0112029 secs] [Times: user=0.09 sys=0.00, real=0.01 secs] 
2016-09-13T20:25:37.867-0400: 59.072: [GC (GCLocker Initiated GC) [PSYoungGen: 160894K->9736K(194048K)] 532490K->386074K(718336K), 0.0264019 secs] [Times: user=0.27 sys=0.00, real=0.03 secs] 
2016-09-13T20:25:38.106-0400: 59.311: [GC (GCLocker Initiated GC) [PSYoungGen: 140808K->35554K(196096K)] 526324K->425831K(720384K), 0.0168442 secs] [Times: user=0.16 sys=0.00, real=0.02 secs] 
2016-09-13T20:25:38.301-0400: 59.506: [GC (GCLocker Initiated GC) [PSYoungGen: 166626K->58400K(187392K)] 556995K->467337K(711680K), 0.0167835 secs] [Times: user=0.16 sys=0.00, real=0.02 secs] 
2016-09-13T20:25:38.507-0400: 59.713: [GC (GCLocker Initiated GC) [PSYoungGen: 183328K->43301K(193536K)] 593828K->457000K(717824K), 0.0117639 secs] [Times: user=0.12 sys=0.00, real=0.02 secs] 
2016-09-13T20:25:38.720-0400: 59.926: [GC (GCLocker Initiated GC) [PSYoungGen: 168229K->24859K(190976K)] 582109K->443536K(715264K), 0.0094472 secs] [Times: user=0.08 sys=0.00, real=0.01 secs] 
2016-09-13T20:25:38.926-0400: 60.131: [GC (GCLocker Initiated GC) [PSYoungGen: 150299K->50870K(192512K)] 569097K->469756K(716800K), 0.0232480 secs] [Times: user=0.22 sys=0.02, real=0.03 secs] 
2016-09-13T20:25:39.136-0400: 60.341: [GC (GCLocker Initiated GC) [PSYoungGen: 176310K->31067K(193024K)] 601296K->465459K(717312K), 0.0120389 secs] [Times: user=0.13 sys=0.00, real=0.01 secs] 
2016-09-13T20:25:39.319-0400: 60.525: [GC (GCLocker Initiated GC) [PSYoungGen: 155995K->44832K(192512K)] 590410K->487066K(716800K), 0.0159271 secs] [Times: user=0.17 sys=0.01, real=0.01 secs] 
2016-09-13T20:25:39.542-0400: 60.747: [GC (GCLocker Initiated GC) [PSYoungGen: 169760K->44896K(194048K)] 612016K->494980K(718336K), 0.0264859 secs] [Times: user=0.28 sys=0.03, real=0.03 secs] 
2016-09-13T20:25:39.730-0400: 60.935: [GC (GCLocker Initiated GC) [PSYoungGen: 171872K->40302K(167424K)] 623497K->495132K(691712K), 0.0116902 secs] [Times: user=0.13 sys=0.00, real=0.01 secs] 
2016-09-13T20:25:39.925-0400: 61.131: [GC (GCLocker Initiated GC) [PSYoungGen: 167278K->43062K(194048K)] 622298K->504355K(718336K), 0.0274032 secs] [Times: user=0.34 sys=0.00, real=0.03 secs] 
2016-09-13T20:25:40.150-0400: 61.356: [GC (Allocation Failure) [PSYoungGen: 172086K->41693K(193024K)] 633605K->506400K(717312K), 0.0246825 secs] [Times: user=0.29 sys=0.00, real=0.02 secs] 
2016-09-13T20:25:40.341-0400: 61.547: [GC (GCLocker Initiated GC) [PSYoungGen: 170717K->52235K(193024K)] 635434K->523185K(717312K), 0.0307574 secs] [Times: user=0.38 sys=0.00, real=0.03 secs] 
2016-09-13T20:25:40.558-0400: 61.763: [GC (GCLocker Initiated GC) [PSYoungGen: 182795K->41538K(195584K)] 653995K->512870K(719872K), 0.0309960 secs] [Times: user=0.32 sys=0.00, real=0.03 secs] 
2016-09-13T20:25:40.775-0400: 61.980: [GC (GCLocker Initiated GC) [PSYoungGen: 172098K->43122K(194560K)] 644997K->516321K(718848K), 0.0067599 secs] [Times: user=0.06 sys=0.00, real=0.01 secs] 
2016-09-13T20:25:41.016-0400: 62.222: [GC (GCLocker Initiated GC) [PSYoungGen: 177266K->33977K(196096K)] 658078K->514910K(720384K), 0.0132156 secs] [Times: user=0.14 sys=0.00, real=0.01 secs] 
2016-09-13T20:25:41.234-0400: 62.439: [GC (Allocation Failure) [PSYoungGen: 168121K->29453K(199680K)] 649270K->518464K(723968K), 0.0254323 secs] [Times: user=0.22 sys=0.00, real=0.03 secs] 
2016-09-13T20:25:41.451-0400: 62.657: [GC (Allocation Failure) [PSYoungGen: 168717K->26320K(200192K)] 657728K->523026K(724480K), 0.0140221 secs] [Times: user=0.13 sys=0.00, real=0.01 secs] 
2016-09-13T20:25:41.668-0400: 62.874: [GC (GCLocker Initiated GC) [PSYoungGen: 165584K->44667K(201216K)] 662290K->541446K(725504K), 0.0153533 secs] [Times: user=0.14 sys=0.00, real=0.01 secs] 
2016-09-13T20:25:41.892-0400: 63.098: [GC (GCLocker Initiated GC) [PSYoungGen: 184955K->43153K(183808K)] 687987K->546323K(708096K), 0.0154760 secs] [Times: user=0.16 sys=0.00, real=0.02 secs] 
2016-09-13T20:25:42.125-0400: 63.330: [GC (GCLocker Initiated GC) [PSYoungGen: 183441K->47614K(199680K)] 686639K->550956K(723968K), 0.0168558 secs] [Times: user=0.19 sys=0.00, real=0.02 secs] 
2016-09-13T20:25:42.349-0400: 63.555: [GC (GCLocker Initiated GC) [PSYoungGen: 186878K->46185K(185856K)] 690247K->551220K(710144K), 0.0270791 secs] [Times: user=0.29 sys=0.01, real=0.03 secs] 
2016-09-13T20:25:42.595-0400: 63.801: [GC (Allocation Failure) [PSYoungGen: 185449K->29730K(200704K)] 690617K->548883K(724992K), 0.0064271 secs] [Times: user=0.07 sys=0.00, real=0.01 secs] 
2016-09-13T20:25:42.602-0400: 63.807: [Full GC (Ergonomics) [PSYoungGen: 29730K->0K(200704K)] [ParOldGen: 519152K->33253K(524288K)] 548883K->33253K(724992K), [Metaspace: 44384K->44384K(1087488K)], 0.0552849 secs] [Times: user=0.30 sys=0.00, real=0.06 secs] 
2016-09-13T20:25:42.849-0400: 64.055: [GC (GCLocker Initiated GC) [PSYoungGen: 138752K->51093K(189952K)] 172006K->84348K(714240K), 0.0172549 secs] [Times: user=0.22 sys=0.00, real=0.01 secs] 
2016-09-13T20:25:43.048-0400: 64.253: [GC (GCLocker Initiated GC) [PSYoungGen: 189845K->32894K(199680K)] 223208K->75904K(723968K), 0.0140517 secs] [Times: user=0.19 sys=0.01, real=0.01 secs] 
2016-09-13T20:25:43.253-0400: 64.459: [GC (Allocation Failure) [PSYoungGen: 169086K->34223K(170496K)] 218190K->83552K(694784K), 0.0248446 secs] [Times: user=0.29 sys=0.00, real=0.03 secs] 
2016-09-13T20:25:43.486-0400: 64.692: [GC (GCLocker Initiated GC) [PSYoungGen: 170415K->44858K(197632K)] 219750K->97385K(721920K), 0.0059481 secs] [Times: user=0.04 sys=0.00, real=0.01 secs] 
2016-09-13T20:25:43.725-0400: 64.931: [GC (GCLocker Initiated GC) [PSYoungGen: 181050K->43276K(197632K)] 235135K->97528K(721920K), 0.0117693 secs] [Times: user=0.10 sys=0.00, real=0.02 secs] 
2016-09-13T20:25:43.919-0400: 65.124: [GC (GCLocker Initiated GC) [PSYoungGen: 179468K->57013K(193536K)] 233948K->120808K(717824K), 0.0076493 secs] [Times: user=0.07 sys=0.01, real=0.00 secs] 
2016-09-13T20:25:44.141-0400: 65.346: [GC (GCLocker Initiated GC) [PSYoungGen: 190133K->21944K(155136K)] 260123K->92127K(679424K), 0.0308438 secs] [Times: user=0.31 sys=0.01, real=0.03 secs] 
2016-09-13T20:25:44.361-0400: 65.566: [GC (GCLocker Initiated GC) [PSYoungGen: 155064K->5334K(189440K)] 232867K->83354K(713728K), 0.0027469 secs] [Times: user=0.02 sys=0.00, real=0.00 secs] 
2016-09-13T20:25:44.599-0400: 65.804: [GC (GCLocker Initiated GC) [PSYoungGen: 129238K->11255K(135168K)] 213427K->95787K(659456K), 0.0170646 secs] [Times: user=0.18 sys=0.00, real=0.02 secs] 
2016-09-13T20:25:44.797-0400: 66.003: [GC (GCLocker Initiated GC) [PSYoungGen: 135159K->43218K(192000K)] 219741K->132437K(716288K), 0.0140536 secs] [Times: user=0.13 sys=0.00, real=0.01 secs] 
2016-09-13T20:25:45.008-0400: 66.213: [GC (GCLocker Initiated GC) [PSYoungGen: 165074K->46377K(168448K)] 260476K->141867K(692736K), 0.0101321 secs] [Times: user=0.09 sys=0.00, real=0.01 secs] 
2016-09-13T20:25:45.211-0400: 66.416: [GC (GCLocker Initiated GC) [PSYoungGen: 168233K->37541K(194048K)] 269832K->139325K(718336K), 0.0376950 secs] [Times: user=0.42 sys=0.00, real=0.04 secs] 
2016-09-13T20:25:45.421-0400: 66.626: [GC (GCLocker Initiated GC) [PSYoungGen: 160933K->43084K(166912K)] 264420K->152976K(691200K), 0.0092842 secs] [Times: user=0.08 sys=0.00, real=0.01 secs] 
2016-09-13T20:25:45.632-0400: 66.837: [GC (GCLocker Initiated GC) [PSYoungGen: 166476K->58432K(184832K)] 278027K->170138K(709120K), 0.0175549 secs] [Times: user=0.18 sys=0.00, real=0.02 secs] 
2016-09-13T20:25:45.828-0400: 67.034: [GC (GCLocker Initiated GC) [PSYoungGen: 176192K->31062K(189952K)] 287935K->142861K(714240K), 0.0106823 secs] [Times: user=0.11 sys=0.00, real=0.01 secs] 
2016-09-13T20:25:46.017-0400: 67.223: [GC (Allocation Failure) [PSYoungGen: 148822K->29479K(184832K)] 262197K->149197K(709120K), 0.0126166 secs] [Times: user=0.09 sys=0.00, real=0.01 secs] 
2016-09-13T20:25:46.181-0400: 67.387: [GC (GCLocker Initiated GC) [PSYoungGen: 149287K->26405K(188416K)] 269008K->146241K(712704K), 0.0215172 secs] [Times: user=0.21 sys=0.00, real=0.02 secs] 
2016-09-13T20:25:46.368-0400: 67.573: [GC (GCLocker Initiated GC) [PSYoungGen: 146213K->38692K(187392K)] 266416K->159126K(711680K), 0.0166767 secs] [Times: user=0.16 sys=0.00, real=0.01 secs] 
2016-09-13T20:25:46.592-0400: 67.798: [GC (GCLocker Initiated GC) [PSYoungGen: 164644K->14324K(190976K)] 285153K->135063K(715264K), 0.0156874 secs] [Times: user=0.07 sys=0.00, real=0.02 secs] 
2016-09-13T20:25:46.796-0400: 68.002: [GC (GCLocker Initiated GC) [PSYoungGen: 140276K->47805K(192000K)] 261273K->168973K(716288K), 0.0328492 secs] [Times: user=0.37 sys=0.01, real=0.03 secs] 
2016-09-13T20:25:47.021-0400: 68.226: [GC (Allocation Failure) [PSYoungGen: 173757K->28146K(194048K)] 296619K->151225K(718336K), 0.0140928 secs] [Times: user=0.14 sys=0.00, real=0.01 secs] 
2016-09-13T20:25:47.200-0400: 68.405: [GC (GCLocker Initiated GC) [PSYoungGen: 154098K->46217K(193024K)] 277181K->169631K(717312K), 0.0140379 secs] [Times: user=0.12 sys=0.00, real=0.01 secs] 
2016-09-13T20:25:47.402-0400: 68.608: [GC (Allocation Failure) [PSYoungGen: 173193K->44826K(194048K)] 304211K->175999K(718336K), 0.0071038 secs] [Times: user=0.07 sys=0.00, real=0.01 secs] 
2016-09-13T20:25:47.605-0400: 68.810: [GC (GCLocker Initiated GC) [PSYoungGen: 171283K->43175K(194048K)] 303975K->194368K(718336K), 0.0281182 secs] [Times: user=0.30 sys=0.01, real=0.03 secs] 
2016-09-13T20:25:47.841-0400: 69.047: [GC (GCLocker Initiated GC) [PSYoungGen: 171175K->46217K(194560K)] 322393K->197581K(718848K), 0.0147773 secs] [Times: user=0.15 sys=0.00, real=0.02 secs] 
2016-09-13T20:25:48.044-0400: 69.250: [GC (GCLocker Initiated GC) [PSYoungGen: 174217K->23318K(195072K)] 327186K->184082K(719360K), 0.0157979 secs] [Times: user=0.15 sys=0.00, real=0.02 secs] 
2016-09-13T20:25:48.262-0400: 69.467: [GC (GCLocker Initiated GC) [PSYoungGen: 151830K->41667K(170496K)] 319024K->213593K(694784K), 0.0151550 secs] [Times: user=0.15 sys=0.00, real=0.02 secs] 
2016-09-13T20:25:48.454-0400: 69.660: [GC (GCLocker Initiated GC) [PSYoungGen: 170178K->41629K(195584K)] 343913K->215397K(719872K), 0.0507233 secs] [Times: user=0.45 sys=0.01, real=0.05 secs] 
2016-09-13T20:25:48.727-0400: 69.932: [GC (GCLocker Initiated GC) [PSYoungGen: 171677K->41725K(194560K)] 351673K->221919K(718848K), 0.0113975 secs] [Times: user=0.10 sys=0.00, real=0.02 secs] 
2016-09-13T20:25:48.914-0400: 70.119: [GC (GCLocker Initiated GC) [PSYoungGen: 171773K->46280K(194560K)] 353561K->228261K(718848K), 0.0176586 secs] [Times: user=0.16 sys=0.00, real=0.02 secs] 
2016-09-13T20:25:49.111-0400: 70.316: [GC (GCLocker Initiated GC) [PSYoungGen: 177864K->26447K(195072K)] 361392K->222496K(719360K), 0.0270439 secs] [Times: user=0.28 sys=0.00, real=0.03 secs] 
2016-09-13T20:25:49.313-0400: 70.518: [GC (GCLocker Initiated GC) [PSYoungGen: 158031K->61282K(186368K)] 354132K->259154K(710656K), 0.0218677 secs] [Times: user=0.21 sys=0.01, real=0.02 secs] 
2016-09-13T20:25:49.545-0400: 70.750: [GC (GCLocker Initiated GC) [PSYoungGen: 184162K->14414K(137728K)] 394284K->224608K(662016K), 0.0243078 secs] [Times: user=0.23 sys=0.00, real=0.03 secs] 
2016-09-13T20:25:49.731-0400: 70.937: [GC (GCLocker Initiated GC) [PSYoungGen: 137294K->55517K(184832K)] 347731K->266253K(709120K), 0.0102975 secs] [Times: user=0.10 sys=0.00, real=0.01 secs] 
2016-09-13T20:25:49.908-0400: 71.113: [GC (GCLocker Initiated GC) [PSYoungGen: 169181K->44545K(187904K)] 380009K->255570K(712192K), 0.0066555 secs] [Times: user=0.06 sys=0.00, real=0.00 secs] 
2016-09-13T20:25:50.106-0400: 71.312: [GC (Allocation Failure) [PSYoungGen: 158209K->8189K(185344K)] 383046K->233098K(709632K), 0.0248419 secs] [Times: user=0.28 sys=0.00, real=0.03 secs] 
2016-09-13T20:25:50.299-0400: 71.504: [GC (GCLocker Initiated GC) [PSYoungGen: 120829K->39988K(153088K)] 345738K->265017K(677376K), 0.0083510 secs] [Times: user=0.06 sys=0.00, real=0.00 secs] 
2016-09-13T20:25:50.467-0400: 71.672: [GC (GCLocker Initiated GC) [PSYoungGen: 152628K->46222K(186880K)] 377827K->271601K(711168K), 0.0068120 secs] [Times: user=0.07 sys=0.00, real=0.01 secs] 
2016-09-13T20:25:50.670-0400: 71.876: [GC (GCLocker Initiated GC) [PSYoungGen: 160910K->40142K(186880K)] 388014K->267555K(711168K), 0.0145525 secs] [Times: user=0.16 sys=0.01, real=0.01 secs] 
2016-09-13T20:25:50.857-0400: 72.062: [GC (Allocation Failure) [PSYoungGen: 154830K->23623K(187904K)] 390094K->259111K(712192K), 0.0102838 secs] [Times: user=0.14 sys=0.00, real=0.00 secs] 
2016-09-13T20:25:51.066-0400: 72.271: [GC (GCLocker Initiated GC) [PSYoungGen: 137955K->47821K(187392K)] 379518K->289579K(711680K), 0.0197050 secs] [Times: user=0.17 sys=0.00, real=0.02 secs] 
2016-09-13T20:25:51.272-0400: 72.477: [GC (Allocation Failure) [PSYoungGen: 166093K->56631K(184832K)] 408206K->298921K(709120K), 0.0275619 secs] [Times: user=0.27 sys=0.00, real=0.03 secs] 
2016-09-13T20:25:51.447-0400: 72.652: [GC (GCLocker Initiated GC) [PSYoungGen: 171319K->56912K(172032K)] 419687K->305426K(696320K), 0.0104980 secs] [Times: user=0.10 sys=0.00, real=0.02 secs] 
2016-09-13T20:25:51.624-0400: 72.829: [GC (GCLocker Initiated GC) [PSYoungGen: 171600K->28119K(186880K)] 420117K->276866K(711168K), 0.0131470 secs] [Times: user=0.13 sys=0.00, real=0.02 secs] 
2016-09-13T20:25:51.811-0400: 73.016: [GC (Allocation Failure) [PSYoungGen: 138199K->27870K(138240K)] 394687K->284614K(662528K), 0.0217069 secs] [Times: user=0.22 sys=0.01, real=0.02 secs] 
2016-09-13T20:25:52.002-0400: 73.207: [GC (GCLocker Initiated GC) [PSYoungGen: 137093K->32427K(186880K)] 399913K->295310K(711168K), 0.0134819 secs] [Times: user=0.14 sys=0.00, real=0.01 secs] 
2016-09-13T20:25:52.219-0400: 73.425: [GC (GCLocker Initiated GC) [PSYoungGen: 145067K->8215K(184320K)] 415675K->278888K(708608K), 0.0135728 secs] [Times: user=0.13 sys=0.00, real=0.01 secs] 
2016-09-13T20:25:52.389-0400: 73.594: [GC (GCLocker Initiated GC) [PSYoungGen: 120855K->35523K(184832K)] 391553K->306497K(709120K), 0.0140188 secs] [Times: user=0.15 sys=0.00, real=0.01 secs] 
2016-09-13T20:25:52.580-0400: 73.785: [GC (GCLocker Initiated GC) [PSYoungGen: 152771K->8247K(186880K)] 429833K->293124K(711168K), 0.0374607 secs] [Times: user=0.39 sys=0.01, real=0.04 secs] 
2016-09-13T20:25:52.780-0400: 73.985: [GC (GCLocker Initiated GC) [PSYoungGen: 125495K->8280K(190464K)] 419739K->307404K(714752K), 0.0149165 secs] [Times: user=0.17 sys=0.00, real=0.01 secs] 
2016-09-13T20:25:52.971-0400: 74.177: [GC (GCLocker Initiated GC) [PSYoungGen: 128088K->9677K(190976K)] 427235K->309065K(715264K), 0.0102765 secs] [Times: user=0.11 sys=0.00, real=0.01 secs] 
2016-09-13T20:25:53.169-0400: 74.375: [GC (GCLocker Initiated GC) [PSYoungGen: 129485K->31126K(184832K)] 435179K->336966K(709120K), 0.0095526 secs] [Times: user=0.11 sys=0.00, real=0.01 secs] 
2016-09-13T20:25:53.380-0400: 74.585: [GC (Allocation Failure) [PSYoungGen: 151446K->41667K(187904K)] 459101K->349524K(712192K), 0.0155052 secs] [Times: user=0.17 sys=0.00, real=0.01 secs] 
2016-09-13T20:25:53.604-0400: 74.809: [GC (GCLocker Initiated GC) [PSYoungGen: 157223K->28148K(188416K)] 471155K->342227K(712704K), 0.0055262 secs] [Times: user=0.06 sys=0.00, real=0.01 secs] 
2016-09-13T20:25:53.820-0400: 75.026: [GC (Allocation Failure) [PSYoungGen: 154100K->29574K(190976K)] 468214K->343878K(715264K), 0.0288895 secs] [Times: user=0.28 sys=0.00, real=0.03 secs] 
2016-09-13T20:25:54.012-0400: 75.217: [GC (GCLocker Initiated GC) [PSYoungGen: 149730K->47646K(192512K)] 470108K->371351K(716800K), 0.0113453 secs] [Times: user=0.10 sys=0.00, real=0.01 secs] 
2016-09-13T20:25:54.206-0400: 75.412: [GC (GCLocker Initiated GC) [PSYoungGen: 178718K->29547K(196096K)] 510170K->361146K(720384K), 0.0111521 secs] [Times: user=0.13 sys=0.00, real=0.02 secs] 
2016-09-13T20:25:54.413-0400: 75.618: [GC (GCLocker Initiated GC) [PSYoungGen: 160619K->44763K(195584K)] 493773K->378151K(719872K), 0.0161731 secs] [Times: user=0.16 sys=0.01, real=0.02 secs] 
2016-09-13T20:25:54.650-0400: 75.855: [GC (GCLocker Initiated GC) [PSYoungGen: 178395K->44832K(178688K)] 515005K->393703K(702976K), 0.0293637 secs] [Times: user=0.33 sys=0.00, real=0.03 secs] 
2016-09-13T20:25:54.878-0400: 76.083: [GC (GCLocker Initiated GC) [PSYoungGen: 178464K->35559K(199168K)] 527357K->384525K(723456K), 0.0203487 secs] [Times: user=0.23 sys=0.00, real=0.02 secs] 
2016-09-13T20:25:55.080-0400: 76.285: [GC (GCLocker Initiated GC) [PSYoungGen: 169191K->31120K(164864K)] 524254K->387841K(689152K), 0.0075231 secs] [Times: user=0.07 sys=0.00, real=0.00 secs] 
2016-09-13T20:25:55.308-0400: 76.514: [GC (GCLocker Initiated GC) [PSYoungGen: 164752K->44635K(192512K)] 523170K->407818K(716800K), 0.0111403 secs] [Times: user=0.10 sys=0.00, real=0.01 secs] 
2016-09-13T20:25:55.507-0400: 76.712: [GC (GCLocker Initiated GC) [PSYoungGen: 176731K->12746K(194048K)] 546015K->382152K(718336K), 0.0058806 secs] [Times: user=0.04 sys=0.01, real=0.01 secs] 
2016-09-13T20:25:55.711-0400: 76.916: [GC (GCLocker Initiated GC) [PSYoungGen: 144842K->58618K(185856K)] 514432K->437496K(710144K), 0.0329378 secs] [Times: user=0.33 sys=0.00, real=0.03 secs] 
2016-09-13T20:25:55.912-0400: 77.117: [GC (Allocation Failure) [PSYoungGen: 181498K->44699K(192512K)] 560484K->423816K(716800K), 0.0117696 secs] [Times: user=0.12 sys=0.00, real=0.01 secs] 
2016-09-13T20:25:56.114-0400: 77.319: [GC (GCLocker Initiated GC) [PSYoungGen: 167059K->67448K(176128K)] 547695K->448297K(700416K), 0.0195356 secs] [Times: user=0.19 sys=0.00, real=0.02 secs] 
2016-09-13T20:25:56.302-0400: 77.508: [GC (GCLocker Initiated GC) [PSYoungGen: 173944K->41570K(184320K)] 554802K->422688K(708608K), 0.0102735 secs] [Times: user=0.08 sys=0.01, real=0.01 secs] 
2016-09-13T20:25:56.475-0400: 77.681: [GC (GCLocker Initiated GC) [PSYoungGen: 148066K->41629K(176128K)] 529189K->422886K(700416K), 0.0219865 secs] [Times: user=0.20 sys=0.00, real=0.03 secs] 
2016-09-13T20:25:56.641-0400: 77.847: [GC (Allocation Failure) [PSYoungGen: 151197K->31183K(181760K)] 532698K->412894K(706048K), 0.0105189 secs] [Times: user=0.10 sys=0.00, real=0.01 secs] 
2016-09-13T20:25:56.816-0400: 78.022: [GC (GCLocker Initiated GC) [PSYoungGen: 140751K->27965K(185344K)] 522462K->409951K(709632K), 0.0087471 secs] [Times: user=0.09 sys=0.00, real=0.00 secs] 
2016-09-13T20:25:57.058-0400: 78.264: [GC (GCLocker Initiated GC) [PSYoungGen: 147261K->26383K(188416K)] 530942K->410329K(712704K), 0.0206286 secs] [Times: user=0.21 sys=0.00, real=0.02 secs] 
2016-09-13T20:25:57.256-0400: 78.461: [GC (GCLocker Initiated GC) [PSYoungGen: 145679K->23639K(189952K)] 541819K->419910K(714240K), 0.0151235 secs] [Times: user=0.14 sys=0.00, real=0.01 secs] 
2016-09-13T20:25:57.440-0400: 78.646: [GC (GCLocker Initiated GC) [PSYoungGen: 148567K->27966K(192000K)] 546673K->426406K(716288K), 0.0244525 secs] [Times: user=0.25 sys=0.00, real=0.02 secs] 
2016-09-13T20:25:57.649-0400: 78.854: [GC (GCLocker Initiated GC) [PSYoungGen: 152894K->34327K(188928K)] 551481K->437728K(713216K), 0.0133020 secs] [Times: user=0.13 sys=0.00, real=0.01 secs] 
2016-09-13T20:25:57.854-0400: 79.059: [GC (Allocation Failure) [PSYoungGen: 164375K->5393K(192000K)] 581474K->422788K(716288K), 0.0251237 secs] [Times: user=0.30 sys=0.00, real=0.03 secs] 
2016-09-13T20:25:58.060-0400: 79.265: [GC (GCLocker Initiated GC) [PSYoungGen: 135441K->46375K(193536K)] 552847K->463995K(717824K), 0.0102963 secs] [Times: user=0.09 sys=0.00, real=0.01 secs] 
2016-09-13T20:25:58.270-0400: 79.475: [GC (GCLocker Initiated GC) [PSYoungGen: 175399K->43057K(172544K)] 593200K->461188K(696832K), 0.0140297 secs] [Times: user=0.13 sys=0.00, real=0.01 secs] 
2016-09-13T20:25:58.496-0400: 79.702: [GC (Allocation Failure) [PSYoungGen: 172081K->46159K(193024K)] 590463K->464758K(717312K), 0.0082396 secs] [Times: user=0.08 sys=0.01, real=0.00 secs] 
2016-09-13T20:25:58.691-0400: 79.897: [GC (GCLocker Initiated GC) [PSYoungGen: 172111K->51087K(177152K)] 590713K->469939K(701440K), 0.0072218 secs] [Times: user=0.07 sys=0.00, real=0.01 secs] 
2016-09-13T20:25:58.892-0400: 80.098: [GC (Allocation Failure) [PSYoungGen: 177039K->47678K(190464K)] 595913K->466730K(714752K), 0.0254585 secs] [Times: user=0.27 sys=0.00, real=0.03 secs] 
2016-09-13T20:25:59.089-0400: 80.295: [GC (GCLocker Initiated GC) [PSYoungGen: 167482K->44767K(190976K)] 586539K->471616K(715264K), 0.0282069 secs] [Times: user=0.30 sys=0.00, real=0.03 secs] 
2016-09-13T20:25:59.305-0400: 80.510: [GC (Allocation Failure) [PSYoungGen: 164575K->27961K(187904K)] 591580K->455125K(712192K), 0.0055272 secs] [Times: user=0.05 sys=0.00, real=0.01 secs] 
2016-09-13T20:25:59.486-0400: 80.692: [GC (GCLocker Initiated GC) [PSYoungGen: 148087K->44918K(189440K)] 576770K->475315K(713728K), 0.0193290 secs] [Times: user=0.19 sys=0.00, real=0.02 secs] 
2016-09-13T20:25:59.680-0400: 80.886: [GC (GCLocker Initiated GC) [PSYoungGen: 165238K->47773K(192512K)] 595740K->478446K(716800K), 0.0063228 secs] [Times: user=0.07 sys=0.00, real=0.00 secs] 
2016-09-13T20:25:59.925-0400: 81.130: [GC (GCLocker Initiated GC) [PSYoungGen: 171677K->69096K(193024K)] 605625K->507775K(717312K), 0.0109044 secs] [Times: user=0.16 sys=0.01, real=0.02 secs] 
2016-09-13T20:26:00.090-0400: 81.295: [GC (GCLocker Initiated GC) [PSYoungGen: 193000K->44635K(181760K)] 631701K->483534K(706048K), 0.0115914 secs] [Times: user=0.11 sys=0.00, real=0.01 secs] 
2016-09-13T20:26:00.262-0400: 81.467: [GC (GCLocker Initiated GC) [PSYoungGen: 157275K->28125K(187392K)] 602538K->487258K(711680K), 0.0152775 secs] [Times: user=0.20 sys=0.00, real=0.02 secs] 
2016-09-13T20:26:00.456-0400: 81.662: [GC (GCLocker Initiated GC) [PSYoungGen: 140765K->31131K(183296K)] 605996K->496564K(707584K), 0.0130358 secs] [Times: user=0.16 sys=0.01, real=0.01 secs] 
2016-09-13T20:26:00.661-0400: 81.866: [GC (GCLocker Initiated GC) [PSYoungGen: 144795K->17648K(185856K)] 622428K->507705K(710144K), 0.0071309 secs] [Times: user=0.08 sys=0.00, real=0.01 secs] 
2016-09-13T20:26:00.878-0400: 82.084: [GC (GCLocker Initiated GC) [PSYoungGen: 131312K->15747K(188928K)] 633645K->521406K(713216K), 0.0184464 secs] [Times: user=0.19 sys=0.00, real=0.02 secs] 
2016-09-13T20:26:01.072-0400: 82.278: [GC (GCLocker Initiated GC) [PSYoungGen: 131459K->42994K(158720K)] 637143K->556544K(683008K), 0.0072798 secs] [Times: user=0.06 sys=0.01, real=0.01 secs] 
2016-09-13T20:26:01.080-0400: 82.285: [Full GC (Ergonomics) [PSYoungGen: 42994K->0K(158720K)] [ParOldGen: 513549K->41856K(524288K)] 556544K->41856K(683008K), [Metaspace: 44494K->44494K(1087488K)], 0.0688670 secs] [Times: user=0.42 sys=0.00, real=0.07 secs] 
2016-09-13T20:26:01.307-0400: 82.513: [GC (GCLocker Initiated GC) [PSYoungGen: 115712K->49542K(186368K)] 163880K->97711K(710656K), 0.0137852 secs] [Times: user=0.09 sys=0.01, real=0.02 secs] 
2016-09-13T20:26:01.474-0400: 82.679: [GC (GCLocker Initiated GC) [PSYoungGen: 163718K->44922K(187904K)] 218176K->127298K(712192K), 0.0080820 secs] [Times: user=0.10 sys=0.00, real=0.01 secs] 
2016-09-13T20:26:01.654-0400: 82.860: [GC (GCLocker Initiated GC) [PSYoungGen: 159098K->23787K(185856K)] 244690K->109605K(710144K), 0.0190538 secs] [Times: user=0.24 sys=0.00, real=0.02 secs] 
2016-09-13T20:26:01.837-0400: 83.042: [GC (GCLocker Initiated GC) [PSYoungGen: 139499K->43127K(187392K)] 225334K->129196K(711680K), 0.0069605 secs] [Times: user=0.09 sys=0.00, real=0.00 secs] 
2016-09-13T20:26:02.026-0400: 83.232: [GC (GCLocker Initiated GC) [PSYoungGen: 158839K->52516K(187392K)] 246500K->147989K(711680K), 0.0086037 secs] [Times: user=0.11 sys=0.00, real=0.01 secs] 
2016-09-13T20:26:02.211-0400: 83.416: [GC (GCLocker Initiated GC) [PSYoungGen: 169252K->9704K(126464K)] 272483K->119219K(650752K), 0.0071830 secs] [Times: user=0.06 sys=0.00, real=0.01 secs] 
2016-09-13T20:26:02.396-0400: 83.602: [GC (GCLocker Initiated GC) [PSYoungGen: 126440K->12736K(186880K)] 237490K->123850K(711168K), 0.0210504 secs] [Times: user=0.18 sys=0.00, real=0.02 secs] 
2016-09-13T20:26:02.620-0400: 83.826: [GC (GCLocker Initiated GC) [PSYoungGen: 125376K->24832K(137728K)] 238233K->145480K(662016K), 0.0190714 secs] [Times: user=0.18 sys=0.01, real=0.02 secs] 
2016-09-13T20:26:02.774-0400: 83.979: [GC (GCLocker Initiated GC) [PSYoungGen: 137472K->24860K(187904K)] 259656K->147261K(712192K), 0.0179830 secs] [Times: user=0.16 sys=0.01, real=0.02 secs] 
2016-09-13T20:26:02.953-0400: 84.159: [GC (Allocation Failure) [PSYoungGen: 140572K->26256K(185344K)] 263165K->148979K(709632K), 0.0164013 secs] [Times: user=0.17 sys=0.00, real=0.02 secs] 
2016-09-13T20:26:03.138-0400: 84.344: [GC (GCLocker Initiated GC) [PSYoungGen: 141968K->46217K(185856K)] 264694K->169141K(710144K), 0.0086143 secs] [Times: user=0.08 sys=0.00, real=0.00 secs] 
2016-09-13T20:26:03.344-0400: 84.550: [GC (GCLocker Initiated GC) [PSYoungGen: 165001K->31030K(187392K)] 294026K->160240K(711680K), 0.0431720 secs] [Times: user=0.46 sys=0.01, real=0.05 secs] 
2016-09-13T20:26:03.557-0400: 84.762: [GC (GCLocker Initiated GC) [PSYoungGen: 149814K->28152K(189952K)] 285242K->166859K(714240K), 0.0113696 secs] [Times: user=0.14 sys=0.00, real=0.01 secs] 
2016-09-13T20:26:03.782-0400: 84.988: [GC (GCLocker Initiated GC) [PSYoungGen: 156152K->34196K(190976K)] 301112K->179378K(715264K), 0.0110678 secs] [Times: user=0.13 sys=0.00, real=0.01 secs] 
2016-09-13T20:26:03.969-0400: 85.174: [GC (GCLocker Initiated GC) [PSYoungGen: 162196K->20563K(198144K)] 307492K->165986K(722432K), 0.0205163 secs] [Times: user=0.25 sys=0.00, real=0.02 secs] 
2016-09-13T20:26:04.202-0400: 85.407: [GC (Allocation Failure) [PSYoungGen: 158803K->29666K(198144K)] 310320K->189019K(722432K), 0.0100658 secs] [Times: user=0.12 sys=0.00, real=0.01 secs] 
2016-09-13T20:26:04.423-0400: 85.629: [GC (GCLocker Initiated GC) [PSYoungGen: 166864K->32805K(200192K)] 327736K->199993K(724480K), 0.0058060 secs] [Times: user=0.06 sys=0.00, real=0.01 secs] 
2016-09-13T20:26:04.657-0400: 85.862: [GC (GCLocker Initiated GC) [PSYoungGen: 177189K->41598K(199680K)] 346102K->210658K(723968K), 0.0073508 secs] [Times: user=0.07 sys=0.00, real=0.00 secs] 
2016-09-13T20:26:04.894-0400: 86.099: [GC (Allocation Failure) [PSYoungGen: 185982K->50810K(196096K)] 355215K->220166K(720384K), 0.0085381 secs] [Times: user=0.05 sys=0.01, real=0.01 secs] 
2016-09-13T20:26:05.105-0400: 86.310: [GC (GCLocker Initiated GC) [PSYoungGen: 187404K->44513K(183808K)] 362834K->220153K(708096K), 0.0084862 secs] [Times: user=0.08 sys=0.00, real=0.01 secs] 
2016-09-13T20:26:05.360-0400: 86.565: [GC (GCLocker Initiated GC) [PSYoungGen: 183777K->40269K(200704K)] 359447K->216144K(724992K), 0.0081904 secs] [Times: user=0.07 sys=0.00, real=0.01 secs] 
2016-09-13T20:26:05.603-0400: 86.809: [GC (GCLocker Initiated GC) [PSYoungGen: 178509K->9640K(147968K)] 366660K->198106K(672256K), 0.0113269 secs] [Times: user=0.10 sys=0.00, real=0.01 secs] 
2016-09-13T20:26:05.857-0400: 87.063: [GC (GCLocker Initiated GC) [PSYoungGen: 147880K->46445K(194560K)] 336470K->235205K(718848K), 0.0093558 secs] [Times: user=0.08 sys=0.00, real=0.00 secs] 
2016-09-13T20:26:06.055-0400: 87.261: [GC (GCLocker Initiated GC) [PSYoungGen: 177517K->32576K(163840K)] 367818K->222997K(688128K), 0.0096196 secs] [Times: user=0.08 sys=0.00, real=0.01 secs] 
2016-09-13T20:26:06.246-0400: 87.452: [GC (GCLocker Initiated GC) [PSYoungGen: 163648K->29389K(197632K)] 354140K->226021K(721920K), 0.0265625 secs] [Times: user=0.27 sys=0.00, real=0.03 secs] 
2016-09-13T20:26:06.450-0400: 87.655: [GC (GCLocker Initiated GC) [PSYoungGen: 164557K->47741K(195584K)] 361285K->244584K(719872K), 0.0139876 secs] [Times: user=0.13 sys=0.00, real=0.01 secs] 
2016-09-13T20:26:06.671-0400: 87.876: [GC (GCLocker Initiated GC) [PSYoungGen: 182909K->46186K(196096K)] 380017K->245105K(720384K), 0.0157067 secs] [Times: user=0.15 sys=0.00, real=0.01 secs] 
2016-09-13T20:26:06.900-0400: 88.105: [GC (GCLocker Initiated GC) [PSYoungGen: 179306K->44730K(178176K)] 379853K->251566K(702464K), 0.0269919 secs] [Times: user=0.30 sys=0.00, real=0.02 secs] 
2016-09-13T20:26:07.105-0400: 88.311: [GC (GCLocker Initiated GC) [PSYoungGen: 177850K->46222K(196096K)] 384874K->253439K(720384K), 0.0132235 secs] [Times: user=0.13 sys=0.00, real=0.02 secs] 
2016-09-13T20:26:07.327-0400: 88.532: [GC (GCLocker Initiated GC) [PSYoungGen: 177294K->59636K(190976K)] 386194K->268663K(715264K), 0.0185334 secs] [Times: user=0.18 sys=0.01, real=0.02 secs] 
2016-09-13T20:26:07.565-0400: 88.770: [GC (GCLocker Initiated GC) [PSYoungGen: 190708K->46308K(192000K)] 401429K->257151K(716288K), 0.0190453 secs] [Times: user=0.16 sys=0.01, real=0.02 secs] 
2016-09-13T20:26:07.736-0400: 88.942: [GC (Allocation Failure) [PSYoungGen: 167652K->44790K(166400K)] 378673K->256079K(690688K), 0.0206809 secs] [Times: user=0.21 sys=0.00, real=0.02 secs] 
2016-09-13T20:26:07.921-0400: 89.127: [GC (GCLocker Initiated GC) [PSYoungGen: 166134K->66029K(181248K)] 377437K->277561K(705536K), 0.0220931 secs] [Times: user=0.23 sys=0.01, real=0.02 secs] 
2016-09-13T20:26:08.092-0400: 89.297: [GC (GCLocker Initiated GC) [PSYoungGen: 178669K->64602K(177664K)] 390240K->276478K(701952K), 0.0254174 secs] [Times: user=0.29 sys=0.00, real=0.03 secs] 
2016-09-13T20:26:08.287-0400: 89.493: [GC (GCLocker Initiated GC) [PSYoungGen: 177242K->47704K(185344K)] 389140K->259917K(709632K), 0.0149767 secs] [Times: user=0.14 sys=0.01, real=0.02 secs] 
2016-09-13T20:26:08.475-0400: 89.681: [GC (GCLocker Initiated GC) [PSYoungGen: 153176K->38709K(144384K)] 366965K->258802K(668672K), 0.0176898 secs] [Times: user=0.16 sys=0.00, real=0.02 secs] 
2016-09-13T20:26:08.662-0400: 89.867: [GC (GCLocker Initiated GC) [PSYoungGen: 144181K->26447K(180736K)] 378232K->260707K(705024K), 0.0117254 secs] [Times: user=0.11 sys=0.00, real=0.01 secs] 
2016-09-13T20:26:08.824-0400: 90.029: [GC (GCLocker Initiated GC) [PSYoungGen: 131919K->34222K(180736K)] 366240K->268710K(705024K), 0.0179536 secs] [Times: user=0.19 sys=0.00, real=0.02 secs] 
2016-09-13T20:26:09.011-0400: 90.216: [GC (GCLocker Initiated GC) [PSYoungGen: 139694K->32586K(185344K)] 380468K->284213K(709632K), 0.0103918 secs] [Times: user=0.10 sys=0.00, real=0.01 secs] 
2016-09-13T20:26:09.199-0400: 90.404: [GC (GCLocker Initiated GC) [PSYoungGen: 145738K->24955K(185344K)] 397506K->284526K(709632K), 0.0384226 secs] [Times: user=0.48 sys=0.00, real=0.04 secs] 
2016-09-13T20:26:09.450-0400: 90.655: [GC (GCLocker Initiated GC) [PSYoungGen: 138107K->28056K(186880K)] 411370K->301587K(711168K), 0.0105986 secs] [Times: user=0.11 sys=0.00, real=0.01 secs] 
2016-09-13T20:26:09.632-0400: 90.838: [GC (GCLocker Initiated GC) [PSYoungGen: 145816K->43152K(188416K)] 421131K->321698K(712704K), 0.0218769 secs] [Times: user=0.12 sys=0.00, real=0.02 secs] 
2016-09-13T20:26:09.819-0400: 91.025: [GC (GCLocker Initiated GC) [PSYoungGen: 160912K->28024K(189440K)] 442691K->310013K(713728K), 0.0288492 secs] [Times: user=0.33 sys=0.00, real=0.03 secs] 
2016-09-13T20:26:10.017-0400: 91.223: [GC (GCLocker Initiated GC) [PSYoungGen: 150392K->63089K(185856K)] 432576K->345502K(710144K), 0.0371740 secs] [Times: user=0.44 sys=0.00, real=0.03 secs] 
2016-09-13T20:26:10.219-0400: 91.424: [GC (GCLocker Initiated GC) [PSYoungGen: 185457K->35742K(189952K)] 473970K->324342K(714240K), 0.0064606 secs] [Times: user=0.05 sys=0.01, real=0.00 secs] 
2016-09-13T20:26:10.350-0400: 91.556: [GC (GCLocker Initiated GC) [PSYoungGen: 150942K->32830K(148480K)] 439677K->333971K(672768K), 0.0228108 secs] [Times: user=0.27 sys=0.00, real=0.02 secs] 
2016-09-13T20:26:10.546-0400: 91.752: [GC (GCLocker Initiated GC) [PSYoungGen: 148030K->38502K(188416K)] 449174K->350589K(712704K), 0.0083785 secs] [Times: user=0.08 sys=0.00, real=0.01 secs] 
2016-09-13T20:26:10.734-0400: 91.939: [GC (GCLocker Initiated GC) [PSYoungGen: 156774K->41726K(185344K)] 468869K->354042K(709632K), 0.0065520 secs] [Times: user=0.07 sys=0.00, real=0.01 secs] 
2016-09-13T20:26:10.924-0400: 92.129: [GC (GCLocker Initiated GC) [PSYoungGen: 159998K->23281K(189440K)] 478615K->342013K(713728K), 0.0172993 secs] [Times: user=0.20 sys=0.00, real=0.02 secs] 
2016-09-13T20:26:11.124-0400: 92.329: [GC (Allocation Failure) [PSYoungGen: 147697K->46255K(189952K)] 466523K->365176K(714240K), 0.0064459 secs] [Times: user=0.09 sys=0.00, real=0.01 secs] 
2016-09-13T20:26:11.346-0400: 92.552: [GC (GCLocker Initiated GC) [PSYoungGen: 169941K->50812K(193024K)] 490382K->371407K(717312K), 0.0127943 secs] [Times: user=0.17 sys=0.00, real=0.02 secs] 
2016-09-13T20:26:11.528-0400: 92.733: [GC (GCLocker Initiated GC) [PSYoungGen: 177788K->29766K(194560K)] 498400K->350533K(718848K), 0.0064292 secs] [Times: user=0.07 sys=0.01, real=0.00 secs] 
2016-09-13T20:26:11.747-0400: 92.953: [GC (Allocation Failure) [PSYoungGen: 156742K->23313K(194048K)] 483933K->356919K(718336K), 0.0129688 secs] [Times: user=0.13 sys=0.00, real=0.02 secs] 
2016-09-13T20:26:11.942-0400: 93.147: [GC (GCLocker Initiated GC) [PSYoungGen: 150758K->46435K(194560K)] 485882K->381777K(718848K), 0.0064659 secs] [Times: user=0.05 sys=0.00, real=0.01 secs] 
2016-09-13T20:26:12.146-0400: 93.352: [GC (GCLocker Initiated GC) [PSYoungGen: 174435K->29293K(193024K)] 509880K->364931K(717312K), 0.0076653 secs] [Times: user=0.08 sys=0.00, real=0.01 secs] 
2016-09-13T20:26:12.358-0400: 93.564: [GC (Allocation Failure) [PSYoungGen: 157805K->24988K(194048K)] 494984K->371391K(718336K), 0.0084466 secs] [Times: user=0.08 sys=0.00, real=0.00 secs] 
2016-09-13T20:26:12.577-0400: 93.782: [GC (GCLocker Initiated GC) [PSYoungGen: 153309K->29606K(192000K)] 501231K->386921K(716288K), 0.0077364 secs] [Times: user=0.07 sys=0.00, real=0.00 secs] 
2016-09-13T20:26:12.793-0400: 93.998: [GC (GCLocker Initiated GC) [PSYoungGen: 161190K->11254K(194560K)] 518603K->369022K(718848K), 0.0307872 secs] [Times: user=0.28 sys=0.00, real=0.03 secs] 
2016-09-13T20:26:13.041-0400: 94.247: [GC (GCLocker Initiated GC) [PSYoungGen: 142838K->27992K(196608K)] 502299K->387796K(720896K), 0.0089980 secs] [Times: user=0.08 sys=0.00, real=0.01 secs] 
2016-09-13T20:26:13.249-0400: 94.455: [GC (GCLocker Initiated GC) [PSYoungGen: 162648K->26441K(197120K)] 522511K->386513K(721408K), 0.0262671 secs] [Times: user=0.29 sys=0.01, real=0.03 secs] 
2016-09-13T20:26:13.478-0400: 94.684: [GC (GCLocker Initiated GC) [PSYoungGen: 161097K->26352K(197120K)] 521392K->395886K(721408K), 0.0177944 secs] [Times: user=0.15 sys=0.00, real=0.02 secs] 
2016-09-13T20:26:13.708-0400: 94.914: [GC (GCLocker Initiated GC) [PSYoungGen: 165616K->50806K(197632K)] 536703K->426521K(721920K), 0.0247036 secs] [Times: user=0.26 sys=0.00, real=0.02 secs] 
2016-09-13T20:26:13.918-0400: 95.124: [GC (GCLocker Initiated GC) [PSYoungGen: 190070K->32808K(200704K)] 565811K->416294K(724992K), 0.0124644 secs] [Times: user=0.12 sys=0.00, real=0.01 secs] 
2016-09-13T20:26:14.122-0400: 95.328: [GC (GCLocker Initiated GC) [PSYoungGen: 172072K->46127K(199168K)] 555580K->434337K(723456K), 0.0143031 secs] [Times: user=0.13 sys=0.00, real=0.02 secs] 
2016-09-13T20:26:14.359-0400: 95.565: [GC (GCLocker Initiated GC) [PSYoungGen: 185391K->44762K(197632K)] 573654K->437807K(721920K), 0.0234874 secs] [Times: user=0.27 sys=0.00, real=0.02 secs] 
2016-09-13T20:26:14.577-0400: 95.782: [GC (GCLocker Initiated GC) [PSYoungGen: 179930K->9762K(145408K)] 579228K->409254K(669696K), 0.0116962 secs] [Times: user=0.13 sys=0.00, real=0.01 secs] 
2016-09-13T20:26:14.804-0400: 96.009: [GC (GCLocker Initiated GC) [PSYoungGen: 144930K->43053K(196096K)] 544447K->442814K(720384K), 0.0224339 secs] [Times: user=0.21 sys=0.00, real=0.02 secs] 
2016-09-13T20:26:15.025-0400: 96.230: [GC (GCLocker Initiated GC) [PSYoungGen: 174125K->52229K(183808K)] 573921K->453691K(708096K), 0.0098235 secs] [Times: user=0.09 sys=0.00, real=0.01 secs] 
2016-09-13T20:26:15.244-0400: 96.450: [GC (GCLocker Initiated GC) [PSYoungGen: 183301K->23340K(194048K)] 586537K->435819K(718336K), 0.0459956 secs] [Times: user=0.45 sys=0.01, real=0.05 secs] 
2016-09-13T20:26:15.473-0400: 96.679: [GC (GCLocker Initiated GC) [PSYoungGen: 148268K->41502K(166912K)] 567082K->460518K(691200K), 0.0174751 secs] [Times: user=0.16 sys=0.00, real=0.02 secs] 
2016-09-13T20:26:15.659-0400: 96.865: [GC (GCLocker Initiated GC) [PSYoungGen: 166430K->28019K(194048K)] 591604K->453367K(718336K), 0.0070398 secs] [Times: user=0.06 sys=0.00, real=0.00 secs] 
2016-09-13T20:26:15.884-0400: 97.090: [GC (GCLocker Initiated GC) [PSYoungGen: 154995K->5183K(192000K)] 595683K->446206K(716288K), 0.0109750 secs] [Times: user=0.11 sys=0.00, real=0.01 secs] 
2016-09-13T20:26:16.088-0400: 97.293: [GC (GCLocker Initiated GC) [PSYoungGen: 132159K->43084K(193024K)] 573280K->484332K(717312K), 0.0158212 secs] [Times: user=0.15 sys=0.00, real=0.01 secs] 
2016-09-13T20:26:16.321-0400: 97.527: [GC (GCLocker Initiated GC) [PSYoungGen: 169036K->41630K(194048K)] 610285K->483093K(718336K), 0.0119423 secs] [Times: user=0.10 sys=0.00, real=0.01 secs] 
2016-09-13T20:26:16.506-0400: 97.712: [GC (GCLocker Initiated GC) [PSYoungGen: 167582K->51087K(188416K)] 610756K->494459K(712704K), 0.0117042 secs] [Times: user=0.13 sys=0.00, real=0.02 secs] 
2016-09-13T20:26:16.710-0400: 97.915: [GC (GCLocker Initiated GC) [PSYoungGen: 171919K->23500K(191488K)] 624557K->476414K(715776K), 0.0243610 secs] [Times: user=0.29 sys=0.00, real=0.02 secs] 
2016-09-13T20:26:16.899-0400: 98.105: [GC (GCLocker Initiated GC) [PSYoungGen: 144332K->46345K(190976K)] 600454K->502693K(715264K), 0.0068114 secs] [Times: user=0.06 sys=0.00, real=0.00 secs] 
2016-09-13T20:26:17.103-0400: 98.308: [GC (GCLocker Initiated GC) [PSYoungGen: 168201K->37264K(159232K)] 636803K->506063K(683520K), 0.0175272 secs] [Times: user=0.13 sys=0.00, real=0.02 secs] 
2016-09-13T20:26:17.299-0400: 98.505: [GC (GCLocker Initiated GC) [PSYoungGen: 159120K->61442K(182272K)] 629674K->532221K(706560K), 0.0311911 secs] [Times: user=0.29 sys=0.00, real=0.03 secs] 
2016-09-13T20:26:17.502-0400: 98.708: [GC (GCLocker Initiated GC) [PSYoungGen: 176130K->27908K(188416K)] 648450K->500461K(712704K), 0.0116779 secs] [Times: user=0.13 sys=0.00, real=0.01 secs] 
2016-09-13T20:26:17.700-0400: 98.905: [GC (GCLocker Initiated GC) [PSYoungGen: 142596K->23690K(184832K)] 632142K->513415K(709120K), 0.0144079 secs] [Times: user=0.18 sys=0.00, real=0.01 secs] 
2016-09-13T20:26:17.892-0400: 99.097: [GC (GCLocker Initiated GC) [PSYoungGen: 139914K->57030K(173568K)] 631325K->548709K(697856K), 0.0077067 secs] [Times: user=0.06 sys=0.00, real=0.01 secs] 
2016-09-13T20:26:18.108-0400: 99.313: [GC (GCLocker Initiated GC) [PSYoungGen: 173254K->23564K(187904K)] 678686K->529257K(712192K), 0.0081883 secs] [Times: user=0.10 sys=0.00, real=0.01 secs] 
2016-09-13T20:26:18.315-0400: 99.521: [Full GC (Ergonomics) [PSYoungGen: 136204K->0K(187904K)] [ParOldGen: 519405K->45082K(524288K)] 655610K->45082K(712192K), [Metaspace: 44521K->44521K(1087488K)], 0.0579326 secs] [Times: user=0.31 sys=0.01, real=0.06 secs] 
2016-09-13T20:26:18.538-0400: 99.744: [GC (GCLocker Initiated GC) [PSYoungGen: 112640K->57257K(169984K)] 163991K->108609K(694272K), 0.0141343 secs] [Times: user=0.13 sys=0.00, real=0.01 secs] 
2016-09-13T20:26:18.714-0400: 99.919: [GC (Allocation Failure) [PSYoungGen: 169897K->39962K(187392K)] 221318K->104038K(711680K), 0.0281794 secs] [Times: user=0.29 sys=0.00, real=0.03 secs] 
2016-09-13T20:26:18.888-0400: 100.094: [GC (GCLocker Initiated GC) [PSYoungGen: 149530K->41816K(151552K)] 213609K->110531K(675840K), 0.0209759 secs] [Times: user=0.20 sys=0.00, real=0.02 secs] 
2016-09-13T20:26:19.051-0400: 100.257: [GC (Allocation Failure) [PSYoungGen: 151384K->41693K(184320K)] 220180K->110832K(708608K), 0.0246689 secs] [Times: user=0.26 sys=0.00, real=0.03 secs] 
2016-09-13T20:26:19.252-0400: 100.457: [GC (GCLocker Initiated GC) [PSYoungGen: 153821K->46319K(181760K)] 222963K->115694K(706048K), 0.0196979 secs] [Times: user=0.20 sys=0.00, real=0.02 secs] 
2016-09-13T20:26:19.426-0400: 100.631: [GC (GCLocker Initiated GC) [PSYoungGen: 158447K->23564K(190464K)] 231027K->96303K(714752K), 0.0126808 secs] [Times: user=0.17 sys=0.00, real=0.02 secs] 
2016-09-13T20:26:19.617-0400: 100.823: [GC (GCLocker Initiated GC) [PSYoungGen: 144396K->23563K(189952K)] 221824K->101189K(714240K), 0.0175080 secs] [Times: user=0.21 sys=0.00, real=0.01 secs] 
2016-09-13T20:26:19.822-0400: 101.027: [GC (GCLocker Initiated GC) [PSYoungGen: 144395K->47932K(190976K)] 223718K->127465K(715264K), 0.0191016 secs] [Times: user=0.23 sys=0.00, real=0.02 secs] 
2016-09-13T20:26:20.019-0400: 101.224: [GC (GCLocker Initiated GC) [PSYoungGen: 170300K->37196K(159744K)] 249858K->116913K(684032K), 0.0150708 secs] [Times: user=0.17 sys=0.00, real=0.01 secs] 
2016-09-13T20:26:20.208-0400: 101.413: [GC (GCLocker Initiated GC) [PSYoungGen: 159564K->24836K(190976K)] 239359K->110829K(715264K), 0.0097207 secs] [Times: user=0.07 sys=0.00, real=0.01 secs] 
2016-09-13T20:26:20.413-0400: 101.619: [GC (Allocation Failure) [PSYoungGen: 149252K->31189K(190464K)] 235343K->126614K(714752K), 0.0186160 secs] [Times: user=0.19 sys=0.00, real=0.02 secs] 
2016-09-13T20:26:20.628-0400: 101.833: [GC (GCLocker Initiated GC) [PSYoungGen: 155166K->49292K(191488K)] 252110K->151171K(715776K), 0.0064914 secs] [Times: user=0.06 sys=0.00, real=0.00 secs] 
2016-09-13T20:26:20.882-0400: 102.087: [GC (GCLocker Initiated GC) [PSYoungGen: 176780K->34034K(193536K)] 280182K->137637K(717824K), 0.0073961 secs] [Times: user=0.05 sys=0.00, real=0.01 secs] 
2016-09-13T20:26:21.080-0400: 102.286: [GC (GCLocker Initiated GC) [PSYoungGen: 161522K->43088K(195072K)] 265368K->147237K(719360K), 0.0166291 secs] [Times: user=0.14 sys=0.00, real=0.02 secs] 
2016-09-13T20:26:21.256-0400: 102.462: [GC (GCLocker Initiated GC) [PSYoungGen: 175184K->49286K(195584K)] 279358K->153720K(719872K), 0.0065755 secs] [Times: user=0.04 sys=0.00, real=0.00 secs] 
2016-09-13T20:26:21.459-0400: 102.664: [GC (GCLocker Initiated GC) [PSYoungGen: 181382K->24891K(197120K)] 291913K->144814K(721408K), 0.0066349 secs] [Times: user=0.05 sys=0.00, real=0.00 secs] 
2016-09-13T20:26:21.671-0400: 102.876: [GC (GCLocker Initiated GC) [PSYoungGen: 156987K->44763K(197120K)] 276997K->168013K(721408K), 0.0270883 secs] [Times: user=0.27 sys=0.00, real=0.03 secs] 
2016-09-13T20:26:21.889-0400: 103.094: [GC (GCLocker Initiated GC) [PSYoungGen: 176859K->46250K(196096K)] 306206K->181795K(720384K), 0.0222254 secs] [Times: user=0.19 sys=0.00, real=0.02 secs] 
2016-09-13T20:26:22.099-0400: 103.305: [GC (GCLocker Initiated GC) [PSYoungGen: 177322K->49352K(180736K)] 319134K->201938K(705024K), 0.0114985 secs] [Times: user=0.13 sys=0.00, real=0.01 secs] 
2016-09-13T20:26:22.323-0400: 103.528: [GC (Allocation Failure) [PSYoungGen: 180424K->23436K(195584K)] 339177K->182312K(719872K), 0.0058471 secs] [Times: user=0.05 sys=0.02, real=0.01 secs] 
2016-09-13T20:26:22.531-0400: 103.737: [GC (Allocation Failure) [PSYoungGen: 149862K->23773K(195584K)] 308739K->182891K(719872K), 0.0069533 secs] [Times: user=0.08 sys=0.00, real=0.01 secs] 
2016-09-13T20:26:22.748-0400: 103.953: [GC (GCLocker Initiated GC) [PSYoungGen: 152797K->28089K(192512K)] 311917K->187404K(716800K), 0.0099361 secs] [Times: user=0.12 sys=0.00, real=0.01 secs] 
2016-09-13T20:26:22.947-0400: 104.153: [GC (GCLocker Initiated GC) [PSYoungGen: 157113K->50934K(194048K)] 316460K->210436K(718336K), 0.0163068 secs] [Times: user=0.19 sys=0.01, real=0.02 secs] 
2016-09-13T20:26:23.162-0400: 104.368: [GC (GCLocker Initiated GC) [PSYoungGen: 179958K->41724K(195584K)] 339549K->204490K(719872K), 0.0168958 secs] [Times: user=0.13 sys=0.00, real=0.02 secs] 
2016-09-13T20:26:23.388-0400: 104.593: [GC (GCLocker Initiated GC) [PSYoungGen: 170236K->11287K(140288K)] 339099K->180423K(664576K), 0.0090876 secs] [Times: user=0.07 sys=0.00, real=0.01 secs] 
2016-09-13T20:26:23.594-0400: 104.799: [GC (GCLocker Initiated GC) [PSYoungGen: 139799K->25083K(195584K)] 308940K->202023K(719872K), 0.0062887 secs] [Times: user=0.04 sys=0.00, real=0.01 secs] 
2016-09-13T20:26:23.796-0400: 105.001: [GC (GCLocker Initiated GC) [PSYoungGen: 152571K->23505K(151040K)] 329545K->200687K(675328K), 0.0346106 secs] [Times: user=0.36 sys=0.01, real=0.03 secs] 
2016-09-13T20:26:24.016-0400: 105.221: [GC (GCLocker Initiated GC) [PSYoungGen: 150993K->44731K(191488K)] 328272K->231357K(715776K), 0.0095186 secs] [Times: user=0.10 sys=0.00, real=0.00 secs] 
2016-09-13T20:26:24.229-0400: 105.434: [GC (GCLocker Initiated GC) [PSYoungGen: 171195K->43301K(192512K)] 357982K->233331K(716800K), 0.0124369 secs] [Times: user=0.13 sys=0.00, real=0.01 secs] 
2016-09-13T20:26:24.411-0400: 105.616: [GC (GCLocker Initiated GC) [PSYoungGen: 169765K->32453K(190464K)] 361345K->224183K(714752K), 0.0259443 secs] [Times: user=0.26 sys=0.00, real=0.03 secs] 
2016-09-13T20:26:24.651-0400: 105.857: [GC (GCLocker Initiated GC) [PSYoungGen: 161989K->31157K(193024K)] 367410K->245895K(717312K), 0.0207177 secs] [Times: user=0.18 sys=0.01, real=0.02 secs] 
2016-09-13T20:26:24.865-0400: 106.071: [GC (GCLocker Initiated GC) [PSYoungGen: 160693K->32490K(194048K)] 375456K->247553K(718336K), 0.0217821 secs] [Times: user=0.20 sys=0.00, real=0.02 secs] 
2016-09-13T20:26:25.079-0400: 106.284: [GC (GCLocker Initiated GC) [PSYoungGen: 169706K->43053K(196608K)] 384792K->264357K(720896K), 0.0160451 secs] [Times: user=0.13 sys=0.00, real=0.01 secs] 
2016-09-13T20:26:25.309-0400: 106.514: [GC (GCLocker Initiated GC) [PSYoungGen: 180269K->28152K(201216K)] 415423K->270988K(725504K), 0.0214465 secs] [Times: user=0.22 sys=0.01, real=0.02 secs] 
2016-09-13T20:26:25.561-0400: 106.766: [GC (GCLocker Initiated GC) [PSYoungGen: 171000K->26441K(201728K)] 420163K->275797K(726016K), 0.0169781 secs] [Times: user=0.17 sys=0.00, real=0.02 secs] 
2016-09-13T20:26:25.775-0400: 106.981: [GC (Allocation Failure) [PSYoungGen: 169289K->29512K(199680K)] 418668K->279029K(723968K), 0.0163948 secs] [Times: user=0.19 sys=0.00, real=0.02 secs] 
2016-09-13T20:26:26.016-0400: 107.222: [GC (GCLocker Initiated GC) [PSYoungGen: 174197K->46128K(201216K)] 425233K->304880K(725504K), 0.0169309 secs] [Times: user=0.16 sys=0.00, real=0.01 secs] 
2016-09-13T20:26:26.260-0400: 107.466: [GC (GCLocker Initiated GC) [PSYoungGen: 191536K->28098K(204800K)] 450422K->287123K(729088K), 0.0059601 secs] [Times: user=0.06 sys=0.00, real=0.00 secs] 
2016-09-13T20:26:26.480-0400: 107.685: [GC (Allocation Failure) [PSYoungGen: 174530K->41534K(203776K)] 433810K->300941K(728064K), 0.0212664 secs] [Times: user=0.24 sys=0.01, real=0.02 secs] 
2016-09-13T20:26:26.715-0400: 107.920: [GC (GCLocker Initiated GC) [PSYoungGen: 187656K->44898K(201216K)] 448581K->312136K(725504K), 0.0151267 secs] [Times: user=0.15 sys=0.00, real=0.02 secs] 
2016-09-13T20:26:26.971-0400: 108.176: [GC (GCLocker Initiated GC) [PSYoungGen: 188258K->27998K(202752K)] 461584K->301475K(727040K), 0.0260257 secs] [Times: user=0.30 sys=0.00, real=0.03 secs] 
2016-09-13T20:26:27.204-0400: 108.409: [GC (GCLocker Initiated GC) [PSYoungGen: 171358K->54126K(194560K)] 447898K->330828K(718848K), 0.0110289 secs] [Times: user=0.10 sys=0.00, real=0.01 secs] 
2016-09-13T20:26:27.439-0400: 108.644: [GC (GCLocker Initiated GC) [PSYoungGen: 190318K->34041K(199168K)] 467198K->320243K(723456K), 0.0142671 secs] [Times: user=0.13 sys=0.00, real=0.01 secs] 
2016-09-13T20:26:27.658-0400: 108.864: [GC (GCLocker Initiated GC) [PSYoungGen: 170233K->28088K(195072K)] 462694K->320704K(719360K), 0.0325729 secs] [Times: user=0.40 sys=0.00, real=0.03 secs] 
2016-09-13T20:26:27.894-0400: 109.099: [GC (GCLocker Initiated GC) [PSYoungGen: 166328K->46218K(198144K)] 459226K->339283K(722432K), 0.0144194 secs] [Times: user=0.16 sys=0.01, real=0.02 secs] 
2016-09-13T20:26:28.127-0400: 109.333: [GC (GCLocker Initiated GC) [PSYoungGen: 184458K->40242K(201216K)] 483807K->339737K(725504K), 0.0146542 secs] [Times: user=0.15 sys=0.00, real=0.02 secs] 
2016-09-13T20:26:28.362-0400: 109.568: [GC (GCLocker Initiated GC) [PSYoungGen: 180530K->23372K(200704K)] 487764K->330871K(724992K), 0.0259891 secs] [Times: user=0.29 sys=0.00, real=0.03 secs] 
2016-09-13T20:26:28.576-0400: 109.781: [GC (GCLocker Initiated GC) [PSYoungGen: 163660K->46185K(198656K)] 471357K->354071K(722944K), 0.0139496 secs] [Times: user=0.13 sys=0.00, real=0.01 secs] 
2016-09-13T20:26:28.805-0400: 110.011: [GC (Allocation Failure) [PSYoungGen: 184425K->44666K(200192K)] 492330K->352753K(724480K), 0.0197361 secs] [Times: user=0.19 sys=0.00, real=0.02 secs] 
2016-09-13T20:26:29.032-0400: 110.238: [GC (GCLocker Initiated GC) [PSYoungGen: 182906K->44698K(199168K)] 492511K->362015K(723456K), 0.0272485 secs] [Times: user=0.27 sys=0.00, real=0.03 secs] 
2016-09-13T20:26:29.265-0400: 110.470: [GC (GCLocker Initiated GC) [PSYoungGen: 181914K->28088K(199680K)] 507000K->353353K(723968K), 0.0216021 secs] [Times: user=0.22 sys=0.00, real=0.02 secs] 
2016-09-13T20:26:29.490-0400: 110.696: [GC (GCLocker Initiated GC) [PSYoungGen: 165304K->23281K(199680K)] 496887K->354955K(723968K), 0.0431516 secs] [Times: user=0.42 sys=0.00, real=0.04 secs] 
2016-09-13T20:26:29.714-0400: 110.919: [GC (GCLocker Initiated GC) [PSYoungGen: 161009K->57068K(195072K)] 494269K->402727K(719360K), 0.0074726 secs] [Times: user=0.09 sys=0.00, real=0.01 secs] 
2016-09-13T20:26:29.933-0400: 111.139: [GC (GCLocker Initiated GC) [PSYoungGen: 194795K->51038K(190976K)] 540767K->397197K(715264K), 0.0108399 secs] [Times: user=0.12 sys=0.00, real=0.01 secs] 
2016-09-13T20:26:30.122-0400: 111.327: [GC (GCLocker Initiated GC) [PSYoungGen: 174942K->53945K(178176K)] 521123K->400415K(702464K), 0.0097072 secs] [Times: user=0.11 sys=0.00, real=0.01 secs] 
2016-09-13T20:26:30.313-0400: 111.518: [GC (GCLocker Initiated GC) [PSYoungGen: 177849K->47874K(190976K)] 524379K->405280K(715264K), 0.0107635 secs] [Times: user=0.14 sys=0.00, real=0.01 secs] 
2016-09-13T20:26:30.530-0400: 111.735: [GC (Allocation Failure) [PSYoungGen: 167170K->23528K(190464K)] 530743K->387283K(714752K), 0.0064077 secs] [Times: user=0.06 sys=0.01, real=0.01 secs] 
2016-09-13T20:26:30.723-0400: 111.929: [GC (GCLocker Initiated GC) [PSYoungGen: 142240K->58437K(183808K)] 507515K->423917K(708096K), 0.0077131 secs] [Times: user=0.06 sys=0.00, real=0.01 secs] 
2016-09-13T20:26:30.898-0400: 112.104: [GC (GCLocker Initiated GC) [PSYoungGen: 171077K->41697K(187392K)] 542699K->413521K(711680K), 0.0100695 secs] [Times: user=0.06 sys=0.02, real=0.01 secs] 
2016-09-13T20:26:31.101-0400: 112.307: [GC (GCLocker Initiated GC) [PSYoungGen: 154337K->9709K(185344K)] 533899K->391120K(709632K), 0.0356252 secs] [Times: user=0.35 sys=0.00, real=0.04 secs] 
2016-09-13T20:26:31.302-0400: 112.507: [GC (GCLocker Initiated GC) [PSYoungGen: 123373K->69064K(182784K)] 506419K->452285K(707072K), 0.0117734 secs] [Times: user=0.12 sys=0.00, real=0.01 secs] 
2016-09-13T20:26:31.498-0400: 112.704: [GC (GCLocker Initiated GC) [PSYoungGen: 182728K->23504K(179712K)] 579626K->431255K(704000K), 0.0059558 secs] [Times: user=0.04 sys=0.00, real=0.00 secs] 
2016-09-13T20:26:31.669-0400: 112.874: [GC (GCLocker Initiated GC) [PSYoungGen: 123856K->49250K(181248K)] 531762K->457428K(705536K), 0.0205558 secs] [Times: user=0.19 sys=0.00, real=0.02 secs] 
2016-09-13T20:26:31.867-0400: 113.073: [GC (GCLocker Initiated GC) [PSYoungGen: 149602K->6793K(177664K)] 570117K->435024K(701952K), 0.0103231 secs] [Times: user=0.10 sys=0.00, real=0.02 secs] 
2016-09-13T20:26:32.041-0400: 113.247: [GC (GCLocker Initiated GC) [PSYoungGen: 104073K->50684K(147968K)] 533972K->480844K(672256K), 0.0146075 secs] [Times: user=0.14 sys=0.00, real=0.02 secs] 
2016-09-13T20:26:32.210-0400: 113.415: [GC (GCLocker Initiated GC) [PSYoungGen: 147964K->6667K(177152K)] 585810K->456833K(701440K), 0.0045705 secs] [Times: user=0.03 sys=0.00, real=0.00 secs] 
2016-09-13T20:26:32.359-0400: 113.564: [GC (GCLocker Initiated GC) [PSYoungGen: 100875K->67549K(161792K)] 551205K->518141K(686080K), 0.0069859 secs] [Times: user=0.08 sys=0.00, real=0.00 secs] 
2016-09-13T20:26:32.497-0400: 113.702: [GC (GCLocker Initiated GC) [PSYoungGen: 161757K->43276K(175104K)] 618653K->518547K(699392K), 0.0087440 secs] [Times: user=0.08 sys=0.00, real=0.00 secs] 
2016-09-13T20:26:32.650-0400: 113.855: [GC (GCLocker Initiated GC) [PSYoungGen: 131340K->34163K(122368K)] 612730K->515881K(646656K), 0.0202241 secs] [Times: user=0.20 sys=0.00, real=0.02 secs] 
2016-09-13T20:26:32.818-0400: 114.024: [GC (GCLocker Initiated GC) [PSYoungGen: 122227K->32367K(175104K)] 610166K->529628K(699392K), 0.0101027 secs] [Times: user=0.06 sys=0.00, real=0.01 secs] 
2016-09-13T20:26:32.964-0400: 114.169: [GC (GCLocker Initiated GC) [PSYoungGen: 124015K->46249K(171520K)] 621322K->549857K(695808K), 0.0139894 secs] [Times: user=0.13 sys=0.00, real=0.02 secs] 
2016-09-13T20:26:33.105-0400: 114.310: [Full GC (Ergonomics) [PSYoungGen: 137895K->0K(171520K)] [ParOldGen: 517508K->45685K(524288K)] 655403K->45685K(695808K), [Metaspace: 44540K->44540K(1087488K)], 0.0560905 secs] [Times: user=0.27 sys=0.01, real=0.06 secs] 
2016-09-13T20:26:33.296-0400: 114.502: [GC (GCLocker Initiated GC) [PSYoungGen: 91648K->55366K(175616K)] 137344K->101063K(699904K), 0.0125068 secs] [Times: user=0.10 sys=0.01, real=0.01 secs] 
2016-09-13T20:26:33.455-0400: 114.660: [GC (GCLocker Initiated GC) [PSYoungGen: 152134K->39988K(177664K)] 204036K->101357K(701952K), 0.0132103 secs] [Times: user=0.09 sys=0.00, real=0.02 secs] 
2016-09-13T20:26:33.610-0400: 114.815: [GC (GCLocker Initiated GC) [PSYoungGen: 136756K->47921K(180224K)] 198217K->109591K(704512K), 0.0248644 secs] [Times: user=0.24 sys=0.00, real=0.02 secs] 
2016-09-13T20:26:33.803-0400: 115.008: [GC (GCLocker Initiated GC) [PSYoungGen: 151345K->23345K(179712K)] 225488K->97705K(704000K), 0.0091618 secs] [Times: user=0.08 sys=0.01, real=0.01 secs] 
2016-09-13T20:26:33.940-0400: 115.145: [GC (Allocation Failure) [PSYoungGen: 126769K->44794K(183808K)] 201330K->119631K(708096K), 0.0284951 secs] [Times: user=0.31 sys=0.01, real=0.03 secs] 
2016-09-13T20:26:33.968-0400: 115.174: [GC (GCLocker Initiated GC) [PSYoungGen: 45488K->160K(184320K)] 120324K->122567K(708608K), 0.0059437 secs] [Times: user=0.06 sys=0.00, real=0.00 secs] 
2016-09-13T20:26:34.125-0400: 115.330: [GC (GCLocker Initiated GC) [PSYoungGen: 110240K->40179K(185344K)] 232650K->162589K(709632K), 0.0214447 secs] [Times: user=0.21 sys=0.00, real=0.02 secs] 
2016-09-13T20:26:34.326-0400: 115.531: [GC (GCLocker Initiated GC) [PSYoungGen: 150259K->38746K(148992K)] 278869K->175305K(673280K), 0.0426170 secs] [Times: user=0.43 sys=0.00, real=0.05 secs] 
2016-09-13T20:26:34.503-0400: 115.709: [GC (GCLocker Initiated GC) [PSYoungGen: 148826K->51174K(182784K)] 291580K->194168K(707072K), 0.0103967 secs] [Times: user=0.13 sys=0.01, real=0.01 secs] 
2016-09-13T20:26:34.666-0400: 115.872: [GC (GCLocker Initiated GC) [PSYoungGen: 161766K->41825K(184320K)] 305017K->185306K(708608K), 0.0162501 secs] [Times: user=0.16 sys=0.00, real=0.02 secs] 
2016-09-13T20:26:34.849-0400: 116.054: [GC (GCLocker Initiated GC) [PSYoungGen: 152417K->47672K(187904K)] 296082K->191573K(712192K), 0.0177865 secs] [Times: user=0.16 sys=0.00, real=0.01 secs] 
2016-09-13T20:26:35.048-0400: 116.253: [GC (GCLocker Initiated GC) [PSYoungGen: 163896K->11414K(187904K)] 320132K->167942K(712192K), 0.0060838 secs] [Times: user=0.05 sys=0.00, real=0.00 secs] 
2016-09-13T20:26:35.255-0400: 116.460: [GC (GCLocker Initiated GC) [PSYoungGen: 127638K->2205K(183808K)] 299407K->184756K(708096K), 0.0100365 secs] [Times: user=0.07 sys=0.00, real=0.01 secs] 
2016-09-13T20:26:35.448-0400: 116.654: [GC (GCLocker Initiated GC) [PSYoungGen: 112797K->27870K(138752K)] 301573K->216848K(663040K), 0.0123708 secs] [Times: user=0.12 sys=0.00, real=0.01 secs] 
2016-09-13T20:26:35.643-0400: 116.849: [GC (GCLocker Initiated GC) [PSYoungGen: 138462K->14451K(186368K)] 333522K->223366K(710656K), 0.0110560 secs] [Times: user=0.12 sys=0.00, real=0.01 secs] 
2016-09-13T20:26:35.830-0400: 117.035: [GC (Allocation Failure) [PSYoungGen: 128627K->28147K(185344K)] 337664K->237377K(709632K), 0.0063193 secs] [Times: user=0.05 sys=0.00, real=0.01 secs] 
2016-09-13T20:26:36.008-0400: 117.213: [GC (GCLocker Initiated GC) [PSYoungGen: 142323K->26319K(188416K)] 351556K->235812K(712704K), 0.0129759 secs] [Times: user=0.13 sys=0.00, real=0.02 secs] 
2016-09-13T20:26:36.203-0400: 117.409: [GC (GCLocker Initiated GC) [PSYoungGen: 147663K->27960K(186368K)] 357305K->237733K(710656K), 0.0053667 secs] [Times: user=0.04 sys=0.01, real=0.01 secs] 
2016-09-13T20:26:36.407-0400: 117.612: [GC (GCLocker Initiated GC) [PSYoungGen: 149304K->43120K(190464K)] 359247K->254908K(714752K), 0.0321714 secs] [Times: user=0.29 sys=0.00, real=0.04 secs] 
2016-09-13T20:26:36.646-0400: 117.851: [GC (GCLocker Initiated GC) [PSYoungGen: 171632K->44671K(192000K)] 389664K->262896K(716288K), 0.0073462 secs] [Times: user=0.06 sys=0.00, real=0.01 secs] 
2016-09-13T20:26:36.850-0400: 118.056: [GC (GCLocker Initiated GC) [PSYoungGen: 173183K->10006K(195072K)] 405300K->242293K(719360K), 0.0168879 secs] [Times: user=0.18 sys=0.00, real=0.01 secs] 
2016-09-13T20:26:37.077-0400: 118.282: [GC (GCLocker Initiated GC) [PSYoungGen: 140054K->41629K(172032K)] 372411K->274305K(696320K), 0.0108465 secs] [Times: user=0.07 sys=0.00, real=0.01 secs] 
2016-09-13T20:26:37.280-0400: 118.486: [GC (GCLocker Initiated GC) [PSYoungGen: 171677K->44852K(192512K)] 404531K->283940K(716800K), 0.0070267 secs] [Times: user=0.05 sys=0.00, real=0.00 secs] 
2016-09-13T20:26:37.477-0400: 118.683: [GC (GCLocker Initiated GC) [PSYoungGen: 170804K->38656K(194048K)] 410253K->278440K(718336K), 0.0113638 secs] [Times: user=0.11 sys=0.00, real=0.01 secs] 
2016-09-13T20:26:37.667-0400: 118.872: [GC (GCLocker Initiated GC) [PSYoungGen: 164608K->49223K(190464K)] 404573K->289235K(714752K), 0.0184213 secs] [Times: user=0.17 sys=0.00, real=0.02 secs] 
2016-09-13T20:26:37.883-0400: 119.088: [GC (Allocation Failure) [PSYoungGen: 173127K->41667K(193024K)] 415008K->283703K(717312K), 0.0060066 secs] [Times: user=0.05 sys=0.00, real=0.01 secs] 
2016-09-13T20:26:38.086-0400: 119.292: [GC (GCLocker Initiated GC) [PSYoungGen: 165184K->20149K(190976K)] 413294K->268366K(715264K), 0.0176924 secs] [Times: user=0.17 sys=0.01, real=0.02 secs] 
2016-09-13T20:26:38.300-0400: 119.506: [GC (GCLocker Initiated GC) [PSYoungGen: 145077K->28024K(192512K)] 405592K->288670K(716800K), 0.0181989 secs] [Times: user=0.19 sys=0.00, real=0.02 secs] 
2016-09-13T20:26:38.499-0400: 119.705: [GC (Allocation Failure) [PSYoungGen: 152952K->34190K(188928K)] 413815K->295469K(713216K), 0.0102143 secs] [Times: user=0.12 sys=0.00, real=0.01 secs] 
2016-09-13T20:26:38.707-0400: 119.912: [GC (GCLocker Initiated GC) [PSYoungGen: 163214K->44513K(191488K)] 424496K->312196K(715776K), 0.0066803 secs] [Times: user=0.04 sys=0.00, real=0.01 secs] 
2016-09-13T20:26:38.926-0400: 120.132: [GC (GCLocker Initiated GC) [PSYoungGen: 173537K->23623K(198656K)] 447572K->297879K(722944K), 0.0224266 secs] [Times: user=0.21 sys=0.01, real=0.03 secs] 
2016-09-13T20:26:39.180-0400: 120.385: [GC (Allocation Failure) [PSYoungGen: 159815K->5302K(141824K)] 440485K->286240K(666112K), 0.0110361 secs] [Times: user=0.14 sys=0.00, real=0.01 secs] 
2016-09-13T20:26:39.381-0400: 120.586: [GC (GCLocker Initiated GC) [PSYoungGen: 141494K->30876K(200704K)] 422442K->311967K(724992K), 0.0099831 secs] [Times: user=0.08 sys=0.00, real=0.01 secs] 
2016-09-13T20:26:39.614-0400: 120.820: [GC (GCLocker Initiated GC) [PSYoungGen: 167068K->32922K(169472K)] 454376K->320350K(693760K), 0.0116194 secs] [Times: user=0.13 sys=0.00, real=0.01 secs] 
2016-09-13T20:26:39.850-0400: 121.055: [GC (GCLocker Initiated GC) [PSYoungGen: 169114K->17516K(195584K)] 462639K->312678K(719872K), 0.0041982 secs] [Times: user=0.02 sys=0.00, real=0.00 secs] 
2016-09-13T20:26:40.073-0400: 121.278: [GC (GCLocker Initiated GC) [PSYoungGen: 154220K->55555K(195072K)] 449408K->361698K(719360K), 0.0097080 secs] [Times: user=0.12 sys=0.00, real=0.01 secs] 
2016-09-13T20:26:40.299-0400: 121.505: [GC (GCLocker Initiated GC) [PSYoungGen: 192259K->23309K(198656K)] 512353K->352662K(722944K), 0.0318285 secs] [Times: user=0.35 sys=0.01, real=0.03 secs] 
2016-09-13T20:26:40.500-0400: 121.706: [GC (GCLocker Initiated GC) [PSYoungGen: 156429K->47737K(181248K)] 487315K->378753K(705536K), 0.0075568 secs] [Times: user=0.06 sys=0.00, real=0.01 secs] 
2016-09-13T20:26:40.725-0400: 121.930: [GC (Allocation Failure) [PSYoungGen: 180857K->41730K(195584K)] 512083K->382255K(719872K), 0.0124583 secs] [Times: user=0.15 sys=0.00, real=0.02 secs] 
2016-09-13T20:26:40.947-0400: 122.153: [GC (GCLocker Initiated GC) [PSYoungGen: 170754K->11100K(140288K)] 511282K->351739K(664576K), 0.0043990 secs] [Times: user=0.02 sys=0.00, real=0.01 secs] 
2016-09-13T20:26:41.156-0400: 122.362: [GC (GCLocker Initiated GC) [PSYoungGen: 140124K->20399K(196608K)] 480769K->361132K(720896K), 0.0085401 secs] [Times: user=0.09 sys=0.00, real=0.00 secs] 
2016-09-13T20:26:41.349-0400: 122.555: [GC (GCLocker Initiated GC) [PSYoungGen: 149935K->50842K(180736K)] 490973K->392084K(705024K), 0.0178939 secs] [Times: user=0.23 sys=0.00, real=0.01 secs] 
2016-09-13T20:26:41.551-0400: 122.757: [GC (GCLocker Initiated GC) [PSYoungGen: 180378K->27934K(195584K)] 523180K->370921K(719872K), 0.0190849 secs] [Times: user=0.16 sys=0.00, real=0.02 secs] 
2016-09-13T20:26:41.768-0400: 122.973: [GC (GCLocker Initiated GC) [PSYoungGen: 153886K->37206K(163328K)] 496884K->380513K(687616K), 0.0103158 secs] [Times: user=0.14 sys=0.00, real=0.01 secs] 
2016-09-13T20:26:41.973-0400: 123.178: [GC (GCLocker Initiated GC) [PSYoungGen: 163158K->47892K(188416K)] 506724K->399242K(712704K), 0.0077839 secs] [Times: user=0.10 sys=0.00, real=0.01 secs] 
2016-09-13T20:26:42.182-0400: 123.387: [GC (GCLocker Initiated GC) [PSYoungGen: 171284K->25018K(190976K)] 522880K->376721K(715264K), 0.0124046 secs] [Times: user=0.07 sys=0.00, real=0.01 secs] 
2016-09-13T20:26:42.363-0400: 123.569: [GC (GCLocker Initiated GC) [PSYoungGen: 148410K->29357K(188928K)] 500187K->381509K(713216K), 0.0070718 secs] [Times: user=0.08 sys=0.00, real=0.01 secs] 
2016-09-13T20:26:42.602-0400: 123.808: [GC (GCLocker Initiated GC) [PSYoungGen: 158381K->27865K(192000K)] 516635K->386191K(716288K), 0.0337064 secs] [Times: user=0.29 sys=0.01, real=0.04 secs] 
2016-09-13T20:26:42.822-0400: 124.027: [GC (Allocation Failure) [PSYoungGen: 156889K->50678K(193024K)] 515287K->410684K(717312K), 0.0269692 secs] [Times: user=0.29 sys=0.01, real=0.03 secs] 
2016-09-13T20:26:43.031-0400: 124.236: [GC (GCLocker Initiated GC) [PSYoungGen: 182774K->46222K(178688K)] 542782K->410917K(702976K), 0.0376307 secs] [Times: user=0.38 sys=0.01, real=0.04 secs] 
2016-09-13T20:26:43.274-0400: 124.479: [GC (GCLocker Initiated GC) [PSYoungGen: 178318K->9581K(193536K)] 555187K->386578K(717824K), 0.0214022 secs] [Times: user=0.23 sys=0.00, real=0.02 secs] 
2016-09-13T20:26:43.463-0400: 124.669: [GC (GCLocker Initiated GC) [PSYoungGen: 136557K->37136K(164352K)] 513670K->414430K(688640K), 0.0136036 secs] [Times: user=0.12 sys=0.00, real=0.02 secs] 
2016-09-13T20:26:43.681-0400: 124.887: [GC (GCLocker Initiated GC) [PSYoungGen: 164112K->43212K(194048K)] 541433K->422296K(718336K), 0.0320196 secs] [Times: user=0.36 sys=0.01, real=0.03 secs] 
2016-09-13T20:26:43.893-0400: 125.098: [GC (GCLocker Initiated GC) [PSYoungGen: 171212K->26409K(194048K)] 562596K->417936K(718336K), 0.0160453 secs] [Times: user=0.16 sys=0.00, real=0.02 secs] 
2016-09-13T20:26:44.106-0400: 125.312: [GC (GCLocker Initiated GC) [PSYoungGen: 154409K->44671K(193536K)] 547644K->437977K(717824K), 0.0144853 secs] [Times: user=0.16 sys=0.00, real=0.02 secs] 
2016-09-13T20:26:44.319-0400: 125.524: [GC (GCLocker Initiated GC) [PSYoungGen: 173695K->50592K(179712K)] 567035K->444177K(704000K), 0.0447765 secs] [Times: user=0.50 sys=0.00, real=0.04 secs] 
2016-09-13T20:26:44.544-0400: 125.750: [GC (GCLocker Initiated GC) [PSYoungGen: 179616K->8216K(190464K)] 579387K->414181K(714752K), 0.0085026 secs] [Times: user=0.11 sys=0.00, real=0.01 secs] 
2016-09-13T20:26:44.705-0400: 125.911: [GC (GCLocker Initiated GC) [PSYoungGen: 130072K->65998K(187904K)] 536169K->478395K(712192K), 0.0086827 secs] [Times: user=0.09 sys=0.00, real=0.01 secs] 
2016-09-13T20:26:44.916-0400: 126.121: [GC (GCLocker Initiated GC) [PSYoungGen: 187854K->58367K(171520K)] 600505K->471191K(695808K), 0.0374918 secs] [Times: user=0.36 sys=0.00, real=0.03 secs] 
2016-09-13T20:26:45.095-0400: 126.301: [GC (Allocation Failure) [PSYoungGen: 155647K->46154K(179712K)] 568728K->459445K(704000K), 0.0075537 secs] [Times: user=0.07 sys=0.00, real=0.01 secs] 
2016-09-13T20:26:45.243-0400: 126.449: [GC (Allocation Failure) [PSYoungGen: 142671K->5179K(178176K)] 555962K->418600K(702464K), 0.0049770 secs] [Times: user=0.03 sys=0.00, real=0.01 secs] 
2016-09-13T20:26:45.379-0400: 126.585: [GC (GCLocker Initiated GC) [PSYoungGen: 102459K->27838K(125440K)] 515880K->441461K(649728K), 0.0215770 secs] [Times: user=0.24 sys=0.00, real=0.02 secs] 
2016-09-13T20:26:45.571-0400: 126.777: [GC (Allocation Failure) [PSYoungGen: 125118K->5215K(177664K)] 546474K->426717K(701952K), 0.0062728 secs] [Times: user=0.05 sys=0.00, real=0.01 secs] 
2016-09-13T20:26:45.699-0400: 126.905: [GC (GCLocker Initiated GC) [PSYoungGen: 103519K->44608K(178176K)] 525026K->466329K(702464K), 0.0176175 secs] [Times: user=0.17 sys=0.00, real=0.02 secs] 
2016-09-13T20:26:45.864-0400: 127.069: [GC (GCLocker Initiated GC) [PSYoungGen: 142912K->47768K(181248K)] 564856K->469859K(705536K), 0.0066997 secs] [Times: user=0.07 sys=0.00, real=0.01 secs] 
2016-09-13T20:26:46.032-0400: 127.238: [GC (GCLocker Initiated GC) [PSYoungGen: 149144K->32394K(134144K)] 571260K->454794K(658432K), 0.0078724 secs] [Times: user=0.06 sys=0.00, real=0.01 secs] 
2016-09-13T20:26:46.221-0400: 127.427: [GC (GCLocker Initiated GC) [PSYoungGen: 133770K->23250K(180224K)] 562505K->462810K(704512K), 0.0253009 secs] [Times: user=0.26 sys=0.00, real=0.02 secs] 
2016-09-13T20:26:46.406-0400: 127.611: [GC (Allocation Failure) [PSYoungGen: 127186K->23527K(178176K)] 573171K->469693K(702464K), 0.0150388 secs] [Times: user=0.15 sys=0.00, real=0.02 secs] 
2016-09-13T20:26:46.559-0400: 127.764: [GC (GCLocker Initiated GC) [PSYoungGen: 127463K->14297K(183808K)] 573629K->460747K(708096K), 0.0074194 secs] [Times: user=0.10 sys=0.00, real=0.00 secs] 
2016-09-13T20:26:46.739-0400: 127.944: [GC (Allocation Failure) [PSYoungGen: 126425K->5243K(183296K)] 578952K->457953K(707584K), 0.0245296 secs] [Times: user=0.25 sys=0.01, real=0.02 secs] 
2016-09-13T20:26:46.913-0400: 128.119: [GC (GCLocker Initiated GC) [PSYoungGen: 117371K->49387K(183808K)] 570081K->502278K(708096K), 0.0087269 secs] [Times: user=0.07 sys=0.01, real=0.01 secs] 
2016-09-13T20:26:47.101-0400: 128.306: [GC (GCLocker Initiated GC) [PSYoungGen: 162027K->12933K(187392K)] 622534K->473673K(711680K), 0.0233003 secs] [Times: user=0.26 sys=0.00, real=0.02 secs] 
2016-09-13T20:26:47.336-0400: 128.541: [GC (GCLocker Initiated GC) [PSYoungGen: 125573K->32618K(180736K)] 600017K->511918K(705024K), 0.0115327 secs] [Times: user=0.13 sys=0.00, real=0.00 secs] 
2016-09-13T20:26:47.512-0400: 128.718: [GC (GCLocker Initiated GC) [PSYoungGen: 146794K->63142K(177664K)] 626444K->549026K(701952K), 0.0257771 secs] [Times: user=0.24 sys=0.00, real=0.03 secs] 
2016-09-13T20:26:47.689-0400: 128.895: [GC (Allocation Failure) [PSYoungGen: 177318K->51025K(178176K)] 669361K->543239K(702464K), 0.0094560 secs] [Times: user=0.11 sys=0.00, real=0.01 secs] 
2016-09-13T20:26:47.846-0400: 129.052: [GC (GCLocker Initiated GC) [PSYoungGen: 145898K->26542K(125952K)] 644186K->532637K(650240K), 0.0145927 secs] [Times: user=0.18 sys=0.00, real=0.02 secs] 
2016-09-13T20:26:48.017-0400: 129.222: [GC (GCLocker Initiated GC) [PSYoungGen: 125870K->30907K(183808K)] 632012K->537337K(708096K), 0.0124911 secs] [Times: user=0.15 sys=0.00, real=0.01 secs] 
2016-09-13T20:26:48.196-0400: 129.401: [GC (GCLocker Initiated GC) [PSYoungGen: 136891K->27896K(179712K)] 644878K->535998K(704000K), 0.0097513 secs] [Times: user=0.08 sys=0.00, real=0.00 secs] 
2016-09-13T20:26:48.362-0400: 129.567: [GC (Allocation Failure) [PSYoungGen: 133880K->12746K(181760K)] 642107K->533357K(706048K), 0.0199439 secs] [Times: user=0.19 sys=0.01, real=0.02 secs] 
2016-09-13T20:26:48.382-0400: 129.587: [Full GC (Ergonomics) [PSYoungGen: 12746K->0K(181760K)] [ParOldGen: 520610K->28001K(524288K)] 533357K->28001K(706048K), [Metaspace: 44573K->44573K(1087488K)], 0.0535603 secs] [Times: user=0.23 sys=0.00, real=0.06 secs] 
2016-09-13T20:26:48.579-0400: 129.784: [GC (GCLocker Initiated GC) [PSYoungGen: 110990K->29819K(181248K)] 145067K->63896K(705536K), 0.0185662 secs] [Times: user=0.19 sys=0.00, real=0.02 secs] 
2016-09-13T20:26:48.732-0400: 129.938: [GC (GCLocker Initiated GC) [PSYoungGen: 140923K->46320K(185856K)] 176522K->86960K(710144K), 0.0223125 secs] [Times: user=0.32 sys=0.00, real=0.02 secs] 
2016-09-13T20:26:48.920-0400: 130.126: [GC (GCLocker Initiated GC) [PSYoungGen: 165616K->46281K(187904K)] 208119K->88997K(712192K), 0.0098332 secs] [Times: user=0.08 sys=0.00, real=0.01 secs] 
2016-09-13T20:26:49.111-0400: 130.317: [GC (GCLocker Initiated GC) [PSYoungGen: 165577K->35528K(189440K)] 208361K->78564K(713728K), 0.0057618 secs] [Times: user=0.06 sys=0.00, real=0.01 secs] 
2016-09-13T20:26:49.311-0400: 130.516: [GC (GCLocker Initiated GC) [PSYoungGen: 158408K->26414K(190464K)] 201466K->75767K(714752K), 0.0170032 secs] [Times: user=0.16 sys=0.00, real=0.02 secs] 
2016-09-13T20:26:49.499-0400: 130.705: [GC (GCLocker Initiated GC) [PSYoungGen: 149294K->63147K(181248K)] 198836K->120516K(705536K), 0.0210254 secs] [Times: user=0.25 sys=0.00, real=0.02 secs] 
2016-09-13T20:26:49.709-0400: 130.914: [GC (Allocation Failure) [PSYoungGen: 178859K->41693K(188928K)] 236493K->99529K(713216K), 0.0162530 secs] [Times: user=0.18 sys=0.00, real=0.01 secs] 
2016-09-13T20:26:49.886-0400: 131.091: [GC (GCLocker Initiated GC) [PSYoungGen: 152539K->32672K(182272K)] 216450K->96809K(706560K), 0.0282012 secs] [Times: user=0.37 sys=0.00, real=0.03 secs] 
2016-09-13T20:26:50.108-0400: 131.313: [GC (GCLocker Initiated GC) [PSYoungGen: 149920K->29644K(186368K)] 228025K->107919K(710656K), 0.0164106 secs] [Times: user=0.17 sys=0.00, real=0.01 secs] 
2016-09-13T20:26:50.303-0400: 131.509: [GC (Allocation Failure) [PSYoungGen: 146892K->29511K(187392K)] 225376K->109774K(711680K), 0.0137224 secs] [Times: user=0.12 sys=0.00, real=0.02 secs] 
2016-09-13T20:26:50.485-0400: 131.690: [GC (GCLocker Initiated GC) [PSYoungGen: 153750K->27838K(190976K)] 240088K->114298K(715264K), 0.0050474 secs] [Times: user=0.04 sys=0.00, real=0.01 secs] 
2016-09-13T20:26:50.699-0400: 131.904: [GC (GCLocker Initiated GC) [PSYoungGen: 154302K->41570K(196096K)] 248541K->136004K(720384K), 0.0061362 secs] [Times: user=0.04 sys=0.01, real=0.00 secs] 
2016-09-13T20:26:50.904-0400: 132.109: [GC (GCLocker Initiated GC) [PSYoungGen: 176226K->46132K(197632K)] 270768K->140867K(721920K), 0.0229306 secs] [Times: user=0.21 sys=0.00, real=0.02 secs] 
2016-09-13T20:26:51.155-0400: 132.360: [GC (GCLocker Initiated GC) [PSYoungGen: 180788K->26473K(198144K)] 275701K->130646K(722432K), 0.0243898 secs] [Times: user=0.29 sys=0.00, real=0.03 secs] 
2016-09-13T20:26:51.393-0400: 132.598: [GC (Allocation Failure) [PSYoungGen: 161641K->26537K(198144K)] 265926K->131082K(722432K), 0.0102465 secs] [Times: user=0.10 sys=0.00, real=0.01 secs] 
2016-09-13T20:26:51.608-0400: 132.814: [GC (GCLocker Initiated GC) [PSYoungGen: 160901K->29644K(196096K)] 271520K->142008K(720384K), 0.0210391 secs] [Times: user=0.16 sys=0.00, real=0.02 secs] 
2016-09-13T20:26:51.852-0400: 133.057: [GC (GCLocker Initiated GC) [PSYoungGen: 166860K->23441K(197120K)] 291628K->148434K(721408K), 0.0214511 secs] [Times: user=0.20 sys=0.00, real=0.02 secs] 
2016-09-13T20:26:52.061-0400: 133.266: [GC (GCLocker Initiated GC) [PSYoungGen: 160657K->44853K(199168K)] 285652K->170034K(723456K), 0.0127683 secs] [Times: user=0.09 sys=0.00, real=0.01 secs] 
2016-09-13T20:26:52.276-0400: 133.481: [GC (Allocation Failure) [PSYoungGen: 185141K->46405K(186880K)] 310528K->172033K(711168K), 0.0065110 secs] [Times: user=0.08 sys=0.00, real=0.00 secs] 
2016-09-13T20:26:52.509-0400: 133.714: [GC (GCLocker Initiated GC) [PSYoungGen: 186693K->46192K(197120K)] 312329K->171951K(721408K), 0.0159453 secs] [Times: user=0.15 sys=0.00, real=0.01 secs] 
2016-09-13T20:26:52.723-0400: 133.928: [GC (GCLocker Initiated GC) [PSYoungGen: 180336K->23499K(198144K)] 312226K->155528K(722432K), 0.0050340 secs] [Times: user=0.03 sys=0.00, real=0.01 secs] 
2016-09-13T20:26:52.949-0400: 134.154: [GC (GCLocker Initiated GC) [PSYoungGen: 157643K->9703K(195584K)] 295884K->152694K(719872K), 0.0032491 secs] [Times: user=0.03 sys=0.00, real=0.00 secs] 
2016-09-13T20:26:53.164-0400: 134.370: [GC (Allocation Failure) [PSYoungGen: 141799K->23559K(197120K)] 286492K->176059K(721408K), 0.0060577 secs] [Times: user=0.04 sys=0.00, real=0.01 secs] 
2016-09-13T20:26:53.397-0400: 134.603: [GC (GCLocker Initiated GC) [PSYoungGen: 154594K->31189K(190976K)] 308614K->185484K(715264K), 0.0058878 secs] [Times: user=0.05 sys=0.00, real=0.00 secs] 
2016-09-13T20:26:53.607-0400: 134.813: [GC (GCLocker Initiated GC) [PSYoungGen: 164821K->9890K(194048K)] 325204K->170487K(718336K), 0.0292023 secs] [Times: user=0.32 sys=0.02, real=0.04 secs] 
2016-09-13T20:26:53.849-0400: 135.054: [GC (Allocation Failure) [PSYoungGen: 143522K->12804K(201216K)] 310207K->179745K(725504K), 0.0093897 secs] [Times: user=0.08 sys=0.00, real=0.01 secs] 
2016-09-13T20:26:54.058-0400: 135.263: [GC (Allocation Failure) [PSYoungGen: 152070K->41661K(182272K)] 319011K->214950K(706560K), 0.0167253 secs] [Times: user=0.12 sys=0.00, real=0.01 secs] 
2016-09-13T20:26:54.310-0400: 135.516: [GC (GCLocker Initiated GC) [PSYoungGen: 181949K->44609K(194560K)] 355240K->218235K(718848K), 0.0333544 secs] [Times: user=0.38 sys=0.00, real=0.03 secs] 
2016-09-13T20:26:54.511-0400: 135.717: [GC (GCLocker Initiated GC) [PSYoungGen: 176705K->59855K(192000K)] 350686K->233983K(716288K), 0.0064585 secs] [Times: user=0.05 sys=0.01, real=0.01 secs] 
2016-09-13T20:26:54.701-0400: 135.907: [GC (GCLocker Initiated GC) [PSYoungGen: 191951K->69063K(168448K)] 366104K->243405K(692736K), 0.0174882 secs] [Times: user=0.16 sys=0.00, real=0.02 secs] 
2016-09-13T20:26:54.864-0400: 136.070: [GC (GCLocker Initiated GC) [PSYoungGen: 167367K->41761K(180224K)] 341876K->225633K(704512K), 0.0204279 secs] [Times: user=0.22 sys=0.00, real=0.02 secs] 
2016-09-13T20:26:55.051-0400: 136.257: [GC (GCLocker Initiated GC) [PSYoungGen: 140065K->14228K(177152K)] 337647K->211996K(701440K), 0.0093680 secs] [Times: user=0.08 sys=0.00, real=0.01 secs] 
2016-09-13T20:26:55.215-0400: 136.421: [GC (GCLocker Initiated GC) [PSYoungGen: 115604K->34040K(180224K)] 313533K->236663K(704512K), 0.0163883 secs] [Times: user=0.14 sys=0.00, real=0.02 secs] 
2016-09-13T20:26:55.402-0400: 136.607: [GC (Allocation Failure) [PSYoungGen: 135416K->29480K(178176K)] 344136K->238320K(702464K), 0.0127096 secs] [Times: user=0.10 sys=0.01, real=0.01 secs] 
2016-09-13T20:26:55.577-0400: 136.782: [GC (GCLocker Initiated GC) [PSYoungGen: 133781K->6852K(180224K)] 348696K->229566K(704512K), 0.0163455 secs] [Times: user=0.15 sys=0.00, real=0.01 secs] 
2016-09-13T20:26:55.770-0400: 136.975: [GC (GCLocker Initiated GC) [PSYoungGen: 115396K->29601K(184320K)] 345875K->260375K(708608K), 0.0154112 secs] [Times: user=0.16 sys=0.00, real=0.01 secs] 
2016-09-13T20:26:55.937-0400: 137.142: [GC (GCLocker Initiated GC) [PSYoungGen: 147361K->46500K(186880K)] 378394K->277724K(711168K), 0.0050126 secs] [Times: user=0.07 sys=0.01, real=0.00 secs] 
2016-09-13T20:26:56.149-0400: 137.354: [GC (GCLocker Initiated GC) [PSYoungGen: 164260K->28004K(189440K)] 395496K->259477K(713728K), 0.0066337 secs] [Times: user=0.08 sys=0.01, real=0.01 secs] 
2016-09-13T20:26:56.338-0400: 137.544: [GC (GCLocker Initiated GC) [PSYoungGen: 150372K->24892K(190464K)] 388047K->262674K(714752K), 0.0210389 secs] [Times: user=0.19 sys=0.02, real=0.02 secs] 
2016-09-13T20:26:56.559-0400: 137.764: [GC (GCLocker Initiated GC) [PSYoungGen: 147260K->41601K(192000K)] 386647K->287245K(716288K), 0.0199705 secs] [Times: user=0.18 sys=0.00, real=0.02 secs] 
2016-09-13T20:26:56.742-0400: 137.947: [GC (GCLocker Initiated GC) [PSYoungGen: 168065K->9773K(192512K)] 421554K->263404K(716800K), 0.0290022 secs] [Times: user=0.23 sys=0.00, real=0.03 secs] 
2016-09-13T20:26:57.006-0400: 138.212: [GC (GCLocker Initiated GC) [PSYoungGen: 136237K->9891K(195584K)] 402093K->275877K(719872K), 0.0247491 secs] [Times: user=0.19 sys=0.00, real=0.03 secs] 
2016-09-13T20:26:57.207-0400: 138.412: [GC (GCLocker Initiated GC) [PSYoungGen: 138915K->49442K(178688K)] 405060K->315758K(702976K), 0.0131587 secs] [Times: user=0.13 sys=0.01, real=0.02 secs] 
2016-09-13T20:26:57.405-0400: 138.610: [GC (GCLocker Initiated GC) [PSYoungGen: 178466K->32613K(194560K)] 444821K->299172K(718848K), 0.0177838 secs] [Times: user=0.16 sys=0.00, real=0.02 secs] 
2016-09-13T20:26:57.613-0400: 138.818: [GC (GCLocker Initiated GC) [PSYoungGen: 156517K->40146K(164352K)] 424691K->317635K(688640K), 0.0073640 secs] [Times: user=0.06 sys=0.00, real=0.01 secs] 
2016-09-13T20:26:57.808-0400: 139.014: [GC (GCLocker Initiated GC) [PSYoungGen: 164050K->14387K(191488K)] 447786K->298324K(715776K), 0.0049572 secs] [Times: user=0.03 sys=0.00, real=0.00 secs] 
2016-09-13T20:26:58.033-0400: 139.239: [GC (Allocation Failure) [PSYoungGen: 138803K->27923K(190976K)] 422779K->312108K(715264K), 0.0106398 secs] [Times: user=0.11 sys=0.00, real=0.01 secs] 
2016-09-13T20:26:58.228-0400: 139.433: [GC (GCLocker Initiated GC) [PSYoungGen: 152042K->38528K(192512K)] 437746K->324480K(716800K), 0.0152672 secs] [Times: user=0.14 sys=0.00, real=0.01 secs] 
2016-09-13T20:26:58.437-0400: 139.642: [GC (GCLocker Initiated GC) [PSYoungGen: 167552K->26351K(192000K)] 455045K->314112K(716288K), 0.0117391 secs] [Times: user=0.10 sys=0.00, real=0.01 secs] 
2016-09-13T20:26:58.651-0400: 139.857: [GC (GCLocker Initiated GC) [PSYoungGen: 155375K->31066K(195584K)] 449479K->326899K(719872K), 0.0179637 secs] [Times: user=0.17 sys=0.00, real=0.02 secs] 
2016-09-13T20:26:58.869-0400: 140.074: [GC (GCLocker Initiated GC) [PSYoungGen: 169306K->40174K(196096K)] 466836K->337890K(720384K), 0.0067989 secs] [Times: user=0.04 sys=0.00, real=0.00 secs] 
2016-09-13T20:26:59.107-0400: 140.312: [GC (GCLocker Initiated GC) [PSYoungGen: 178414K->47932K(196096K)] 482472K->352188K(720384K), 0.0256389 secs] [Times: user=0.26 sys=0.00, real=0.03 secs] 
2016-09-13T20:26:59.316-0400: 140.521: [GC (GCLocker Initiated GC) [PSYoungGen: 185148K->43149K(180736K)] 489503K->347654K(705024K), 0.0136626 secs] [Times: user=0.13 sys=0.00, real=0.01 secs] 
2016-09-13T20:26:59.542-0400: 140.747: [GC (GCLocker Initiated GC) [PSYoungGen: 180365K->23312K(200192K)] 486489K->329661K(724480K), 0.0057688 secs] [Times: user=0.03 sys=0.01, real=0.00 secs] 
2016-09-13T20:26:59.764-0400: 140.970: [GC (GCLocker Initiated GC) [PSYoungGen: 160528K->26319K(163840K)] 467048K->333032K(688128K), 0.0076812 secs] [Times: user=0.08 sys=0.00, real=0.01 secs] 
2016-09-13T20:26:59.996-0400: 141.201: [GC (GCLocker Initiated GC) [PSYoungGen: 163535K->15747K(197632K)] 470273K->322644K(721920K), 0.0191862 secs] [Times: user=0.16 sys=0.00, real=0.01 secs] 
2016-09-13T20:27:00.238-0400: 141.443: [GC (GCLocker Initiated GC) [PSYoungGen: 152963K->44799K(197632K)] 460010K->362730K(721920K), 0.0136548 secs] [Times: user=0.16 sys=0.00, real=0.01 secs] 
2016-09-13T20:27:00.442-0400: 141.648: [GC (Allocation Failure) [PSYoungGen: 182015K->25109K(200192K)] 499968K->343291K(724480K), 0.0148562 secs] [Times: user=0.16 sys=0.00, real=0.02 secs] 
2016-09-13T20:27:00.649-0400: 141.855: [GC (GCLocker Initiated GC) [PSYoungGen: 163861K->44827K(183808K)] 482046K->375360K(708096K), 0.0069791 secs] [Times: user=0.07 sys=0.00, real=0.01 secs] 
2016-09-13T20:27:00.877-0400: 142.083: [GC (GCLocker Initiated GC) [PSYoungGen: 183579K->50970K(192000K)] 514294K->381796K(716288K), 0.0201878 secs] [Times: user=0.27 sys=0.00, real=0.02 secs] 
2016-09-13T20:27:01.112-0400: 142.317: [GC (GCLocker Initiated GC) [PSYoungGen: 179994K->41857K(195584K)] 511159K->373272K(719872K), 0.0070248 secs] [Times: user=0.09 sys=0.00, real=0.01 secs] 
2016-09-13T20:27:01.305-0400: 142.511: [GC (GCLocker Initiated GC) [PSYoungGen: 170881K->51056K(189952K)] 510129K->390584K(714240K), 0.0076898 secs] [Times: user=0.10 sys=0.00, real=0.01 secs] 
2016-09-13T20:27:01.505-0400: 142.710: [GC (GCLocker Initiated GC) [PSYoungGen: 174960K->46345K(193024K)] 516236K->387759K(717312K), 0.0100276 secs] [Times: user=0.13 sys=0.00, real=0.01 secs] 
2016-09-13T20:27:01.735-0400: 142.941: [GC (GCLocker Initiated GC) [PSYoungGen: 170249K->47837K(190976K)] 518013K->395851K(715264K), 0.0076654 secs] [Times: user=0.08 sys=0.00, real=0.01 secs] 
2016-09-13T20:27:01.933-0400: 143.139: [GC (GCLocker Initiated GC) [PSYoungGen: 169693K->29730K(152064K)] 523834K->384060K(676352K), 0.0061022 secs] [Times: user=0.08 sys=0.00, real=0.01 secs] 
2016-09-13T20:27:02.133-0400: 143.338: [GC (GCLocker Initiated GC) [PSYoungGen: 151586K->23505K(192512K)] 512099K->390343K(716800K), 0.0120876 secs] [Times: user=0.16 sys=0.01, real=0.01 secs] 
2016-09-13T20:27:02.342-0400: 143.547: [GC (GCLocker Initiated GC) [PSYoungGen: 147409K->55267K(179200K)] 522030K->430038K(703488K), 0.0160368 secs] [Times: user=0.15 sys=0.00, real=0.02 secs] 
2016-09-13T20:27:02.540-0400: 143.746: [GC (GCLocker Initiated GC) [PSYoungGen: 179171K->28055K(192000K)] 555486K->404509K(716288K), 0.0087246 secs] [Times: user=0.07 sys=0.00, real=0.01 secs] 
2016-09-13T20:27:02.740-0400: 143.945: [GC (Allocation Failure) [PSYoungGen: 148375K->27870K(148480K)] 525094K->404833K(672768K), 0.0078735 secs] [Times: user=0.06 sys=0.00, real=0.00 secs] 
2016-09-13T20:27:02.952-0400: 144.157: [GC (GCLocker Initiated GC) [PSYoungGen: 148170K->55207K(185344K)] 526652K->433812K(709632K), 0.0095185 secs] [Times: user=0.08 sys=0.00, real=0.01 secs] 
2016-09-13T20:27:03.105-0400: 144.311: [GC (GCLocker Initiated GC) [PSYoungGen: 171943K->50902K(167936K)] 550715K->429832K(692224K), 0.0079799 secs] [Times: user=0.10 sys=0.00, real=0.01 secs] 
2016-09-13T20:27:03.299-0400: 144.504: [GC (GCLocker Initiated GC) [PSYoungGen: 167638K->50970K(187392K)] 552662K->437755K(711680K), 0.0102228 secs] [Times: user=0.12 sys=0.00, real=0.01 secs] 
2016-09-13T20:27:03.499-0400: 144.705: [GC (GCLocker Initiated GC) [PSYoungGen: 164634K->50780K(164864K)] 557702K->444140K(689152K), 0.0129100 secs] [Times: user=0.17 sys=0.00, real=0.01 secs] 
2016-09-13T20:27:03.698-0400: 144.904: [GC (GCLocker Initiated GC) [PSYoungGen: 164444K->43084K(189952K)] 565586K->444282K(714240K), 0.0131637 secs] [Times: user=0.08 sys=0.00, real=0.01 secs] 
2016-09-13T20:27:03.901-0400: 145.106: [GC (GCLocker Initiated GC) [PSYoungGen: 158284K->43212K(158720K)] 565867K->451032K(683008K), 0.0166078 secs] [Times: user=0.14 sys=0.00, real=0.02 secs] 
2016-09-13T20:27:04.094-0400: 145.299: [GC (GCLocker Initiated GC) [PSYoungGen: 158412K->34287K(186368K)] 578392K->454493K(710656K), 0.0104624 secs] [Times: user=0.14 sys=0.00, real=0.01 secs] 
2016-09-13T20:27:04.299-0400: 145.504: [GC (GCLocker Initiated GC) [PSYoungGen: 151023K->50907K(184832K)] 571386K->479133K(709120K), 0.0140253 secs] [Times: user=0.19 sys=0.00, real=0.01 secs] 
2016-09-13T20:27:04.496-0400: 145.701: [GC (GCLocker Initiated GC) [PSYoungGen: 167643K->64571K(181760K)] 596008K->493162K(706048K), 0.0099977 secs] [Times: user=0.15 sys=0.00, real=0.00 secs] 
2016-09-13T20:27:04.686-0400: 145.891: [GC (GCLocker Initiated GC) [PSYoungGen: 177211K->26442K(187392K)] 613464K->481082K(711680K), 0.0110559 secs] [Times: user=0.13 sys=0.00, real=0.02 secs] 
2016-09-13T20:27:04.868-0400: 146.074: [GC (GCLocker Initiated GC) [PSYoungGen: 139082K->55549K(184320K)] 593770K->510398K(708608K), 0.0083622 secs] [Times: user=0.09 sys=0.00, real=0.01 secs] 
2016-09-13T20:27:05.052-0400: 146.258: [GC (Allocation Failure) [PSYoungGen: 165117K->23436K(133120K)] 626264K->489416K(657408K), 0.0123636 secs] [Times: user=0.15 sys=0.00, real=0.01 secs] 
2016-09-13T20:27:05.241-0400: 146.446: [GC (GCLocker Initiated GC) [PSYoungGen: 133004K->32581K(187392K)] 598987K->498742K(711680K), 0.0067565 secs] [Times: user=0.07 sys=0.00, real=0.00 secs] 
2016-09-13T20:27:05.431-0400: 146.636: [GC (Allocation Failure) [PSYoungGen: 143173K->41506K(152576K)] 611006K->509477K(676864K), 0.0105331 secs] [Times: user=0.10 sys=0.00, real=0.01 secs] 
2016-09-13T20:27:05.582-0400: 146.788: [GC (GCLocker Initiated GC) [PSYoungGen: 150674K->27961K(183296K)] 620164K->497586K(707584K), 0.0067809 secs] [Times: user=0.08 sys=0.00, real=0.01 secs] 
2016-09-13T20:27:05.770-0400: 146.975: [GC (GCLocker Initiated GC) [PSYoungGen: 139577K->9884K(182272K)] 615336K->485849K(706560K), 0.0128434 secs] [Times: user=0.15 sys=0.00, real=0.01 secs] 
2016-09-13T20:27:05.950-0400: 147.156: [GC (GCLocker Initiated GC) [PSYoungGen: 121500K->9709K(187392K)] 605105K->496470K(711680K), 0.0148680 secs] [Times: user=0.20 sys=0.00, real=0.01 secs] 
2016-09-13T20:27:06.148-0400: 147.353: [GC (GCLocker Initiated GC) [PSYoungGen: 124397K->9831K(188416K)] 612760K->498346K(712704K), 0.0038481 secs] [Times: user=0.03 sys=0.00, real=0.01 secs] 
2016-09-13T20:27:06.322-0400: 147.528: [GC (GCLocker Initiated GC) [PSYoungGen: 124519K->50870K(182272K)] 613168K->539744K(706560K), 0.0089270 secs] [Times: user=0.09 sys=0.00, real=0.01 secs] 
2016-09-13T20:27:06.500-0400: 147.706: [GC (GCLocker Initiated GC) [PSYoungGen: 159414K->28215K(137216K)] 656131K->525079K(661504K), 0.0056583 secs] [Times: user=0.06 sys=0.00, real=0.00 secs] 
2016-09-13T20:27:06.704-0400: 147.909: [GC (GCLocker Initiated GC) [PSYoungGen: 136759K->50678K(182272K)] 635174K->549283K(706560K), 0.0349724 secs] [Times: user=0.38 sys=0.00, real=0.04 secs] 
2016-09-13T20:27:06.904-0400: 148.110: [GC (GCLocker Initiated GC) [PSYoungGen: 159734K->50875K(160256K)] 658409K->564899K(684544K), 0.0094483 secs] [Times: user=0.11 sys=0.00, real=0.01 secs] 
2016-09-13T20:27:06.914-0400: 148.119: [Full GC (Ergonomics) [PSYoungGen: 50875K->0K(160256K)] [ParOldGen: 514024K->40735K(524288K)] 564899K->40735K(684544K), [Metaspace: 44631K->44631K(1087488K)], 0.0566065 secs] [Times: user=0.44 sys=0.02, real=0.06 secs] 
2016-09-13T20:27:07.104-0400: 148.310: [GC (GCLocker Initiated GC) [PSYoungGen: 109056K->33204K(187904K)] 159084K->83232K(712192K), 0.0060535 secs] [Times: user=0.08 sys=0.00, real=0.01 secs] 
2016-09-13T20:27:07.268-0400: 148.473: [GC (GCLocker Initiated GC) [PSYoungGen: 143284K->46559K(184320K)] 193446K->106486K(708608K), 0.0102094 secs] [Times: user=0.13 sys=0.01, real=0.02 secs] 
2016-09-13T20:27:07.457-0400: 148.662: [GC (GCLocker Initiated GC) [PSYoungGen: 156639K->11100K(183296K)] 224184K->78773K(707584K), 0.0059605 secs] [Times: user=0.05 sys=0.00, real=0.00 secs] 
2016-09-13T20:27:07.632-0400: 148.837: [GC (GCLocker Initiated GC) [PSYoungGen: 120156K->20680K(184320K)] 191017K->100800K(708608K), 0.0107281 secs] [Times: user=0.11 sys=0.00, real=0.01 secs] 
2016-09-13T20:27:07.810-0400: 149.016: [GC (GCLocker Initiated GC) [PSYoungGen: 129736K->53971K(180736K)] 209948K->134696K(705024K), 0.0099259 secs] [Times: user=0.09 sys=0.00, real=0.01 secs] 
2016-09-13T20:27:07.972-0400: 149.177: [GC (Allocation Failure) [PSYoungGen: 161491K->46249K(184832K)] 242475K->133550K(709120K), 0.0146200 secs] [Times: user=0.14 sys=0.00, real=0.01 secs] 
2016-09-13T20:27:08.135-0400: 149.341: [GC (GCLocker Initiated GC) [PSYoungGen: 153769K->46373K(184320K)] 241073K->133851K(708608K), 0.0060824 secs] [Times: user=0.06 sys=0.01, real=0.01 secs] 
2016-09-13T20:27:08.303-0400: 149.508: [GC (GCLocker Initiated GC) [PSYoungGen: 154405K->41634K(150016K)] 243488K->130907K(674304K), 0.0098767 secs] [Times: user=0.07 sys=0.01, real=0.01 secs] 
2016-09-13T20:27:08.501-0400: 149.707: [GC (GCLocker Initiated GC) [PSYoungGen: 149666K->28083K(185344K)] 246723K->125325K(709632K), 0.0251705 secs] [Times: user=0.28 sys=0.00, real=0.02 secs] 
2016-09-13T20:27:08.715-0400: 149.920: [GC (GCLocker Initiated GC) [PSYoungGen: 139187K->49160K(183296K)] 236533K->151338K(707584K), 0.0086591 secs] [Times: user=0.07 sys=0.00, real=0.01 secs] 
2016-09-13T20:27:08.875-0400: 150.081: [GC (GCLocker Initiated GC) [PSYoungGen: 160264K->43237K(187904K)] 262585K->150172K(712192K), 0.0078500 secs] [Times: user=0.05 sys=0.00, real=0.01 secs] 
2016-09-13T20:27:09.048-0400: 150.254: [GC (GCLocker Initiated GC) [PSYoungGen: 159973K->44571K(188416K)] 267039K->153487K(712704K), 0.0095918 secs] [Times: user=0.07 sys=0.00, real=0.01 secs] 
2016-09-13T20:27:09.255-0400: 150.461: [GC (GCLocker Initiated GC) [PSYoungGen: 161307K->12774K(188416K)] 282440K->143157K(712704K), 0.0060218 secs] [Times: user=0.05 sys=0.00, real=0.01 secs] 
2016-09-13T20:27:09.460-0400: 150.666: [GC (GCLocker Initiated GC) [PSYoungGen: 130534K->20499K(189952K)] 268617K->166299K(714240K), 0.0052818 secs] [Times: user=0.02 sys=0.00, real=0.00 secs] 
2016-09-13T20:27:09.682-0400: 150.887: [GC (GCLocker Initiated GC) [PSYoungGen: 138259K->11132K(189952K)] 296225K->169340K(714240K), 0.0126077 secs] [Times: user=0.08 sys=0.00, real=0.01 secs] 
2016-09-13T20:27:09.890-0400: 151.096: [GC (GCLocker Initiated GC) [PSYoungGen: 129916K->44667K(163840K)] 288349K->210775K(688128K), 0.0072565 secs] [Times: user=0.05 sys=0.00, real=0.01 secs] 
2016-09-13T20:27:10.092-0400: 151.298: [GC (GCLocker Initiated GC) [PSYoungGen: 163451K->43307K(189952K)] 335815K->215891K(714240K), 0.0289237 secs] [Times: user=0.29 sys=0.00, real=0.03 secs] 
2016-09-13T20:27:10.280-0400: 151.485: [GC (GCLocker Initiated GC) [PSYoungGen: 161067K->44976K(189952K)] 335345K->219511K(714240K), 0.0098532 secs] [Times: user=0.08 sys=0.00, real=0.01 secs] 
2016-09-13T20:27:10.448-0400: 151.653: [GC (GCLocker Initiated GC) [PSYoungGen: 162736K->44608K(188928K)] 337483K->219544K(713216K), 0.0212992 secs] [Times: user=0.17 sys=0.00, real=0.02 secs] 
2016-09-13T20:27:10.656-0400: 151.861: [GC (GCLocker Initiated GC) [PSYoungGen: 162368K->14760K(189440K)] 350995K->203629K(713728K), 0.0248093 secs] [Times: user=0.27 sys=0.00, real=0.02 secs] 
2016-09-13T20:27:10.872-0400: 152.078: [GC (GCLocker Initiated GC) [PSYoungGen: 132520K->61411K(177664K)] 321486K->255421K(701952K), 0.0226258 secs] [Times: user=0.25 sys=0.00, real=0.02 secs] 
2016-09-13T20:27:11.058-0400: 152.264: [GC (GCLocker Initiated GC) [PSYoungGen: 166883K->31195K(183808K)] 374762K->240689K(708096K), 0.0056058 secs] [Times: user=0.04 sys=0.00, real=0.00 secs] 
2016-09-13T20:27:11.237-0400: 152.443: [GC (GCLocker Initiated GC) [PSYoungGen: 136667K->43122K(177664K)] 346417K->253059K(701952K), 0.0139712 secs] [Times: user=0.13 sys=0.00, real=0.01 secs] 
2016-09-13T20:27:11.409-0400: 152.614: [GC (GCLocker Initiated GC) [PSYoungGen: 151666K->53881K(182272K)] 361642K->263961K(706560K), 0.0110932 secs] [Times: user=0.12 sys=0.01, real=0.01 secs] 
2016-09-13T20:27:11.596-0400: 152.802: [GC (GCLocker Initiated GC) [PSYoungGen: 162425K->12868K(184832K)] 372524K->233753K(709120K), 0.0056617 secs] [Times: user=0.04 sys=0.00, real=0.00 secs] 
2016-09-13T20:27:11.751-0400: 152.956: [GC (GCLocker Initiated GC) [PSYoungGen: 121412K->29448K(138240K)] 348394K->258272K(662528K), 0.0149924 secs] [Times: user=0.14 sys=0.00, real=0.01 secs] 
2016-09-13T20:27:11.909-0400: 153.115: [GC (GCLocker Initiated GC) [PSYoungGen: 137992K->50934K(181760K)] 368491K->290708K(706048K), 0.0121495 secs] [Times: user=0.12 sys=0.00, real=0.01 secs] 
2016-09-13T20:27:12.096-0400: 153.302: [GC (Allocation Failure) [PSYoungGen: 158454K->41916K(183296K)] 406011K->300363K(707584K), 0.0075427 secs] [Times: user=0.07 sys=0.00, real=0.00 secs] 
2016-09-13T20:27:12.273-0400: 153.479: [GC (GCLocker Initiated GC) [PSYoungGen: 149436K->41571K(182784K)] 407886K->300285K(707072K), 0.0200638 secs] [Times: user=0.22 sys=0.00, real=0.02 secs] 
2016-09-13T20:27:12.477-0400: 153.682: [GC (GCLocker Initiated GC) [PSYoungGen: 154211K->47955K(184320K)] 412947K->306928K(708608K), 0.0201472 secs] [Times: user=0.26 sys=0.00, real=0.02 secs] 
2016-09-13T20:27:12.654-0400: 153.860: [GC (GCLocker Initiated GC) [PSYoungGen: 160595K->35715K(184832K)] 425668K->310084K(709120K), 0.0261437 secs] [Times: user=0.33 sys=0.00, real=0.03 secs] 
2016-09-13T20:27:12.871-0400: 154.076: [GC (GCLocker Initiated GC) [PSYoungGen: 153987K->29702K(187392K)] 434439K->321081K(711680K), 0.0144861 secs] [Times: user=0.17 sys=0.00, real=0.01 secs] 
2016-09-13T20:27:13.057-0400: 154.262: [GC (GCLocker Initiated GC) [PSYoungGen: 147974K->29704K(187904K)] 447084K->336712K(712192K), 0.0149664 secs] [Times: user=0.18 sys=0.00, real=0.01 secs] 
2016-09-13T20:27:13.256-0400: 154.462: [GC (GCLocker Initiated GC) [PSYoungGen: 154632K->38655K(190976K)] 463225K->351919K(715264K), 0.0063013 secs] [Times: user=0.06 sys=0.00, real=0.00 secs] 
2016-09-13T20:27:13.466-0400: 154.671: [GC (Allocation Failure) [PSYoungGen: 163583K->41694K(193024K)] 476944K->355198K(717312K), 0.0110871 secs] [Times: user=0.10 sys=0.00, real=0.02 secs] 
2016-09-13T20:27:13.688-0400: 154.893: [GC (GCLocker Initiated GC) [PSYoungGen: 170964K->26377K(195072K)] 490543K->346087K(719360K), 0.0091235 secs] [Times: user=0.08 sys=0.00, real=0.01 secs] 
2016-09-13T20:27:13.898-0400: 155.104: [GC (GCLocker Initiated GC) [PSYoungGen: 158473K->47863K(196608K)] 484271K->373866K(720896K), 0.0323335 secs] [Times: user=0.31 sys=0.00, real=0.03 secs] 
2016-09-13T20:27:14.107-0400: 155.313: [GC (GCLocker Initiated GC) [PSYoungGen: 182007K->50806K(185344K)] 508111K->377185K(709632K), 0.0072245 secs] [Times: user=0.07 sys=0.01, real=0.01 secs] 
2016-09-13T20:27:14.326-0400: 155.531: [GC (GCLocker Initiated GC) [PSYoungGen: 184950K->46350K(195072K)] 511516K->377722K(719360K), 0.0210531 secs] [Times: user=0.23 sys=0.00, real=0.02 secs] 
2016-09-13T20:27:14.558-0400: 155.763: [GC (GCLocker Initiated GC) [PSYoungGen: 175374K->27929K(157184K)] 512863K->365554K(681472K), 0.0114761 secs] [Times: user=0.12 sys=0.00, real=0.01 secs] 
2016-09-13T20:27:14.813-0400: 156.019: [GC (GCLocker Initiated GC) [PSYoungGen: 156953K->14669K(193536K)] 500858K->358804K(717824K), 0.0051223 secs] [Times: user=0.04 sys=0.00, real=0.01 secs] 
2016-09-13T20:27:15.023-0400: 156.228: [GC (Allocation Failure) [PSYoungGen: 142669K->23660K(195072K)] 496073K->377383K(719360K), 0.0104489 secs] [Times: user=0.08 sys=0.01, real=0.01 secs] 
2016-09-13T20:27:15.212-0400: 156.418: [GC (GCLocker Initiated GC) [PSYoungGen: 150982K->26409K(191488K)] 506224K->381903K(715776K), 0.0407318 secs] [Times: user=0.33 sys=0.00, real=0.04 secs] 
2016-09-13T20:27:15.451-0400: 156.656: [GC (GCLocker Initiated GC) [PSYoungGen: 155433K->31098K(193536K)] 524835K->400643K(717824K), 0.0103989 secs] [Times: user=0.10 sys=0.00, real=0.01 secs] 
2016-09-13T20:27:15.677-0400: 156.882: [GC (GCLocker Initiated GC) [PSYoungGen: 160122K->61406K(185856K)] 529861K->434399K(710144K), 0.0280358 secs] [Times: user=0.30 sys=0.00, real=0.02 secs] 
2016-09-13T20:27:15.862-0400: 157.068: [GC (GCLocker Initiated GC) [PSYoungGen: 185310K->47737K(172032K)] 558552K->421134K(696320K), 0.0240091 secs] [Times: user=0.25 sys=0.00, real=0.02 secs] 
2016-09-13T20:27:16.065-0400: 157.270: [GC (Allocation Failure) [PSYoungGen: 171641K->40079K(194048K)] 545354K->417058K(718336K), 0.0085126 secs] [Times: user=0.06 sys=0.00, real=0.01 secs] 
2016-09-13T20:27:16.246-0400: 157.452: [GC (GCLocker Initiated GC) [PSYoungGen: 161631K->24981K(148992K)] 544685K->408142K(673280K), 0.0125235 secs] [Times: user=0.12 sys=0.00, real=0.02 secs] 
2016-09-13T20:27:16.464-0400: 157.669: [GC (GCLocker Initiated GC) [PSYoungGen: 148885K->44763K(190976K)] 532303K->428348K(715264K), 0.0128336 secs] [Times: user=0.11 sys=0.00, real=0.02 secs] 
2016-09-13T20:27:16.659-0400: 157.864: [GC (Allocation Failure) [PSYoungGen: 168667K->47673K(190976K)] 552353K->431430K(715264K), 0.0198901 secs] [Times: user=0.21 sys=0.00, real=0.02 secs] 
2016-09-13T20:27:16.862-0400: 158.068: [GC (GCLocker Initiated GC) [PSYoungGen: 171577K->47826K(193024K)] 555334K->439382K(717312K), 0.0107024 secs] [Times: user=0.07 sys=0.00, real=0.01 secs] 
2016-09-13T20:27:17.048-0400: 158.253: [GC (GCLocker Initiated GC) [PSYoungGen: 172754K->44762K(169984K)] 565856K->438083K(694272K), 0.0159055 secs] [Times: user=0.16 sys=0.01, real=0.01 secs] 
2016-09-13T20:27:17.280-0400: 158.486: [GC (Allocation Failure) [PSYoungGen: 169690K->23596K(193024K)] 569087K->435369K(717312K), 0.0113288 secs] [Times: user=0.14 sys=0.01, real=0.01 secs] 
2016-09-13T20:27:17.498-0400: 158.704: [GC (GCLocker Initiated GC) [PSYoungGen: 148641K->59951K(185856K)] 561933K->473519K(710144K), 0.0124182 secs] [Times: user=0.13 sys=0.00, real=0.01 secs] 
2016-09-13T20:27:17.679-0400: 158.884: [GC (GCLocker Initiated GC) [PSYoungGen: 185391K->46409K(190464K)] 599197K->460327K(714752K), 0.0199871 secs] [Times: user=0.22 sys=0.00, real=0.02 secs] 
2016-09-13T20:27:17.862-0400: 159.067: [GC (Allocation Failure) [PSYoungGen: 164169K->46223K(164352K)] 578341K->460655K(688640K), 0.0110335 secs] [Times: user=0.12 sys=0.00, real=0.01 secs] 
2016-09-13T20:27:18.047-0400: 159.253: [GC (Allocation Failure) [PSYoungGen: 163983K->43085K(190976K)] 578415K->457604K(715264K), 0.0289103 secs] [Times: user=0.30 sys=0.00, real=0.04 secs] 
2016-09-13T20:27:18.254-0400: 159.459: [GC (GCLocker Initiated GC) [PSYoungGen: 163405K->46313K(188416K)] 577927K->461073K(712704K), 0.0153427 secs] [Times: user=0.16 sys=0.00, real=0.02 secs] 
2016-09-13T20:27:18.452-0400: 159.657: [GC (Allocation Failure) [PSYoungGen: 166633K->10118K(188416K)] 595282K->439019K(712704K), 0.0035222 secs] [Times: user=0.03 sys=0.00, real=0.00 secs] 
2016-09-13T20:27:18.658-0400: 159.864: [GC (GCLocker Initiated GC) [PSYoungGen: 130622K->39983K(190976K)] 561041K->470612K(715264K), 0.0308204 secs] [Times: user=0.31 sys=0.00, real=0.03 secs] 
2016-09-13T20:27:18.857-0400: 160.062: [GC (GCLocker Initiated GC) [PSYoungGen: 160815K->53944K(189440K)] 591632K->484900K(713728K), 0.0157897 secs] [Times: user=0.19 sys=0.00, real=0.01 secs] 
2016-09-13T20:27:19.080-0400: 160.286: [GC (GCLocker Initiated GC) [PSYoungGen: 175800K->35559K(192000K)] 606775K->468286K(716288K), 0.0049054 secs] [Times: user=0.05 sys=0.00, real=0.00 secs] 
2016-09-13T20:27:19.246-0400: 160.451: [GC (GCLocker Initiated GC) [PSYoungGen: 157415K->46313K(190464K)] 590212K->485335K(714752K), 0.0385649 secs] [Times: user=0.42 sys=0.00, real=0.04 secs] 
2016-09-13T20:27:19.460-0400: 160.666: [GC (GCLocker Initiated GC) [PSYoungGen: 170217K->41630K(191488K)] 610886K->482437K(715776K), 0.0062017 secs] [Times: user=0.04 sys=0.00, real=0.00 secs] 
2016-09-13T20:27:19.649-0400: 160.855: [GC (Allocation Failure) [PSYoungGen: 165534K->46435K(194048K)] 606587K->487733K(718336K), 0.0148331 secs] [Times: user=0.18 sys=0.00, real=0.01 secs] 
2016-09-13T20:27:19.857-0400: 161.063: [GC (GCLocker Initiated GC) [PSYoungGen: 174137K->41693K(193536K)] 616953K->484841K(717824K), 0.0199494 secs] [Times: user=0.19 sys=0.00, real=0.02 secs] 
2016-09-13T20:27:20.092-0400: 161.297: [GC (GCLocker Initiated GC) [PSYoungGen: 170205K->29671K(195072K)] 619473K->479247K(719360K), 0.0328643 secs] [Times: user=0.34 sys=0.00, real=0.03 secs] 
2016-09-13T20:27:20.314-0400: 161.519: [GC (GCLocker Initiated GC) [PSYoungGen: 161767K->11349K(194560K)] 617471K->480896K(718848K), 0.0115423 secs] [Times: user=0.09 sys=0.00, real=0.01 secs] 
2016-09-13T20:27:20.503-0400: 161.709: [GC (GCLocker Initiated GC) [PSYoungGen: 143445K->43021K(197632K)] 613163K->515907K(721920K), 0.0157147 secs] [Times: user=0.14 sys=0.00, real=0.02 secs] 
2016-09-13T20:27:20.699-0400: 161.904: [GC (Allocation Failure) [PSYoungGen: 175117K->64501K(196608K)] 649773K->545363K(720896K), 0.0138785 secs] [Times: user=0.12 sys=0.00, real=0.01 secs] 
2016-09-13T20:27:20.926-0400: 162.131: [GC (GCLocker Initiated GC) [PSYoungGen: 196591K->23532K(184320K)] 683528K->510753K(708608K), 0.0134677 secs] [Times: user=0.14 sys=0.01, real=0.02 secs] 
2016-09-13T20:27:21.141-0400: 162.347: [GC (GCLocker Initiated GC) [PSYoungGen: 142316K->46068K(190464K)] 629562K->533649K(714752K), 0.0068340 secs] [Times: user=0.05 sys=0.00, real=0.01 secs] 
2016-09-13T20:27:21.338-0400: 162.543: [GC (GCLocker Initiated GC) [PSYoungGen: 164847K->5462K(185856K)] 664927K->519386K(710144K), 0.0221934 secs] [Times: user=0.26 sys=0.00, real=0.02 secs] 
2016-09-13T20:27:21.360-0400: 162.566: [Full GC (Ergonomics) [PSYoungGen: 5462K->0K(185856K)] [ParOldGen: 513924K->36440K(524288K)] 519386K->36440K(710144K), [Metaspace: 44649K->44649K(1087488K)], 0.0562012 secs] [Times: user=0.30 sys=0.00, real=0.06 secs] 
2016-09-13T20:27:21.563-0400: 162.769: [GC (GCLocker Initiated GC) [PSYoungGen: 114688K->34163K(148992K)] 151181K->70657K(673280K), 0.0098015 secs] [Times: user=0.12 sys=0.01, real=0.01 secs] 
2016-09-13T20:27:21.711-0400: 162.917: [GC (GCLocker Initiated GC) [PSYoungGen: 148851K->44736K(187392K)] 185523K->99964K(711680K), 0.0139137 secs] [Times: user=0.13 sys=0.00, real=0.01 secs] 
2016-09-13T20:27:21.906-0400: 163.112: [GC (GCLocker Initiated GC) [PSYoungGen: 161984K->35773K(187392K)] 217223K->91163K(711680K), 0.0055074 secs] [Times: user=0.04 sys=0.01, real=0.01 secs] 
2016-09-13T20:27:22.107-0400: 163.312: [GC (GCLocker Initiated GC) [PSYoungGen: 153021K->21826K(189440K)] 216158K->88226K(713728K), 0.0219329 secs] [Times: user=0.18 sys=0.02, real=0.03 secs] 
2016-09-13T20:27:22.301-0400: 163.506: [GC (GCLocker Initiated GC) [PSYoungGen: 144194K->47772K(188928K)] 210617K->114396K(713216K), 0.0097357 secs] [Times: user=0.08 sys=0.00, real=0.01 secs] 
2016-09-13T20:27:22.505-0400: 163.710: [GC (GCLocker Initiated GC) [PSYoungGen: 170140K->40085K(194048K)] 244383K->116040K(718336K), 0.0076238 secs] [Times: user=0.05 sys=0.00, real=0.01 secs] 
2016-09-13T20:27:22.720-0400: 163.926: [GC (GCLocker Initiated GC) [PSYoungGen: 167573K->47644K(194048K)] 243803K->130073K(718336K), 0.0205291 secs] [Times: user=0.21 sys=0.00, real=0.02 secs] 
2016-09-13T20:27:22.931-0400: 164.136: [GC (GCLocker Initiated GC) [PSYoungGen: 175132K->43218K(194560K)] 257591K->125957K(718848K), 0.0180574 secs] [Times: user=0.19 sys=0.00, real=0.02 secs] 
2016-09-13T20:27:23.143-0400: 164.349: [GC (GCLocker Initiated GC) [PSYoungGen: 171218K->49105K(194560K)] 255498K->141110K(718848K), 0.0370369 secs] [Times: user=0.42 sys=0.00, real=0.04 secs] 
2016-09-13T20:27:23.352-0400: 164.557: [GC (GCLocker Initiated GC) [PSYoungGen: 177105K->14426K(191488K)] 275269K->124843K(715776K), 0.0368386 secs] [Times: user=0.50 sys=0.00, real=0.04 secs] 
2016-09-13T20:27:23.544-0400: 164.749: [GC (GCLocker Initiated GC) [PSYoungGen: 138330K->31216K(155136K)] 250292K->150868K(679424K), 0.0100421 secs] [Times: user=0.12 sys=0.00, real=0.01 secs] 
2016-09-13T20:27:23.755-0400: 164.961: [GC (GCLocker Initiated GC) [PSYoungGen: 155120K->9869K(190976K)] 280849K->151125K(715264K), 0.0111985 secs] [Times: user=0.14 sys=0.01, real=0.01 secs] 
2016-09-13T20:27:23.961-0400: 165.166: [GC (GCLocker Initiated GC) [PSYoungGen: 133773K->27992K(192512K)] 275030K->169444K(716800K), 0.0125291 secs] [Times: user=0.12 sys=0.00, real=0.01 secs] 
2016-09-13T20:27:24.153-0400: 165.358: [GC (GCLocker Initiated GC) [PSYoungGen: 151896K->43148K(192000K)] 293397K->184933K(716288K), 0.0130928 secs] [Times: user=0.12 sys=0.00, real=0.01 secs] 
2016-09-13T20:27:24.350-0400: 165.555: [GC (GCLocker Initiated GC) [PSYoungGen: 169100K->21826K(192512K)] 312582K->165486K(716800K), 0.0194918 secs] [Times: user=0.22 sys=0.00, real=0.02 secs] 
2016-09-13T20:27:24.611-0400: 165.817: [GC (GCLocker Initiated GC) [PSYoungGen: 147778K->6729K(193024K)] 303653K->162879K(717312K), 0.0094153 secs] [Times: user=0.08 sys=0.00, real=0.01 secs] 
2016-09-13T20:27:24.819-0400: 166.024: [GC (GCLocker Initiated GC) [PSYoungGen: 134729K->47737K(176128K)] 290909K->204119K(700416K), 0.0270222 secs] [Times: user=0.28 sys=0.00, real=0.02 secs] 
2016-09-13T20:27:25.020-0400: 166.225: [GC (GCLocker Initiated GC) [PSYoungGen: 175737K->35687K(195072K)] 332141K->199966K(719360K), 0.0068191 secs] [Times: user=0.07 sys=0.00, real=0.00 secs] 
2016-09-13T20:27:25.212-0400: 166.417: [GC (GCLocker Initiated GC) [PSYoungGen: 161639K->10113K(193024K)] 333650K->186855K(717312K), 0.0035753 secs] [Times: user=0.03 sys=0.00, real=0.00 secs] 
2016-09-13T20:27:25.451-0400: 166.657: [GC (GCLocker Initiated GC) [PSYoungGen: 136065K->29293K(189440K)] 312923K->206391K(713728K), 0.0172259 secs] [Times: user=0.15 sys=0.00, real=0.02 secs] 
2016-09-13T20:27:25.650-0400: 166.856: [GC (GCLocker Initiated GC) [PSYoungGen: 156781K->46313K(191488K)] 339964K->229659K(715776K), 0.0140856 secs] [Times: user=0.16 sys=0.00, real=0.01 secs] 
2016-09-13T20:27:25.850-0400: 167.056: [GC (Allocation Failure) [PSYoungGen: 173801K->28242K(194560K)] 363254K->245280K(718848K), 0.0074932 secs] [Times: user=0.08 sys=0.00, real=0.01 secs] 
2016-09-13T20:27:26.055-0400: 167.260: [GC (GCLocker Initiated GC) [PSYoungGen: 159826K->49420K(195072K)] 376864K->274490K(719360K), 0.0145778 secs] [Times: user=0.17 sys=0.00, real=0.02 secs] 
2016-09-13T20:27:26.294-0400: 167.500: [GC (GCLocker Initiated GC) [PSYoungGen: 181004K->31095K(195584K)] 418460K->268720K(719872K), 0.0129570 secs] [Times: user=0.13 sys=0.00, real=0.01 secs] 
2016-09-13T20:27:26.519-0400: 167.725: [GC (GCLocker Initiated GC) [PSYoungGen: 162167K->43152K(195072K)] 405923K->287024K(719360K), 0.0293892 secs] [Times: user=0.25 sys=0.01, real=0.03 secs] 
2016-09-13T20:27:26.714-0400: 167.920: [GC (GCLocker Initiated GC) [PSYoungGen: 174224K->50806K(190976K)] 418188K->294929K(715264K), 0.0264330 secs] [Times: user=0.26 sys=0.00, real=0.03 secs] 
2016-09-13T20:27:26.921-0400: 168.127: [GC (GCLocker Initiated GC) [PSYoungGen: 176758K->41874K(194048K)] 420907K->301373K(718336K), 0.0139492 secs] [Times: user=0.16 sys=0.00, real=0.01 secs] 
2016-09-13T20:27:27.116-0400: 168.321: [GC (GCLocker Initiated GC) [PSYoungGen: 167826K->49482K(192000K)] 427487K->315534K(716288K), 0.0159010 secs] [Times: user=0.16 sys=0.01, real=0.01 secs] 
2016-09-13T20:27:27.349-0400: 168.554: [GC (Allocation Failure) [PSYoungGen: 174410K->44672K(193536K)] 440658K->311129K(717824K), 0.0112919 secs] [Times: user=0.12 sys=0.00, real=0.01 secs] 
2016-09-13T20:27:27.525-0400: 168.731: [GC (GCLocker Initiated GC) [PSYoungGen: 169600K->43184K(190464K)] 436060K->317514K(714752K), 0.0130538 secs] [Times: user=0.13 sys=0.00, real=0.02 secs] 
2016-09-13T20:27:27.731-0400: 168.936: [GC (Allocation Failure) [PSYoungGen: 168112K->28306K(192000K)] 442626K->303085K(716288K), 0.0069504 secs] [Times: user=0.08 sys=0.00, real=0.01 secs] 
2016-09-13T20:27:27.953-0400: 169.158: [GC (Allocation Failure) [PSYoungGen: 153234K->28121K(192512K)] 428013K->303075K(716800K), 0.0067669 secs] [Times: user=0.07 sys=0.00, real=0.01 secs] 
2016-09-13T20:27:28.164-0400: 169.370: [GC (GCLocker Initiated GC) [PSYoungGen: 157145K->43153K(194048K)] 432099K->318246K(718336K), 0.0074663 secs] [Times: user=0.06 sys=0.00, real=0.01 secs] 
2016-09-13T20:27:28.362-0400: 169.568: [GC (GCLocker Initiated GC) [PSYoungGen: 172177K->41821K(194560K)] 449152K->318926K(718848K), 0.0080234 secs] [Times: user=0.09 sys=0.00, real=0.01 secs] 
2016-09-13T20:27:28.573-0400: 169.778: [GC (Allocation Failure) [PSYoungGen: 174429K->26373K(196096K)] 451741K->303879K(720384K), 0.0361075 secs] [Times: user=0.38 sys=0.00, real=0.04 secs] 
2016-09-13T20:27:28.795-0400: 170.001: [GC (GCLocker Initiated GC) [PSYoungGen: 158981K->14479K(197120K)] 436487K->301284K(721408K), 0.0123336 secs] [Times: user=0.15 sys=0.00, real=0.02 secs] 
2016-09-13T20:27:29.002-0400: 170.208: [GC (GCLocker Initiated GC) [PSYoungGen: 148623K->32716K(166912K)] 435534K->319766K(691200K), 0.0113349 secs] [Times: user=0.12 sys=0.00, real=0.01 secs] 
2016-09-13T20:27:29.219-0400: 170.424: [GC (GCLocker Initiated GC) [PSYoungGen: 166860K->32894K(199168K)] 454032K->320232K(723456K), 0.0303860 secs] [Times: user=0.37 sys=0.01, real=0.03 secs] 
2016-09-13T20:27:29.456-0400: 170.661: [GC (GCLocker Initiated GC) [PSYoungGen: 170622K->38726K(196608K)] 464066K->332403K(720896K), 0.0096686 secs] [Times: user=0.12 sys=0.00, real=0.00 secs] 
2016-09-13T20:27:29.681-0400: 170.887: [GC (GCLocker Initiated GC) [PSYoungGen: 176454K->46319K(198144K)] 471730K->344779K(722432K), 0.0122415 secs] [Times: user=0.15 sys=0.00, real=0.01 secs] 
2016-09-13T20:27:29.900-0400: 171.105: [GC (GCLocker Initiated GC) [PSYoungGen: 186095K->49255K(189440K)] 484576K->347867K(713728K), 0.0170946 secs] [Times: user=0.19 sys=0.00, real=0.02 secs] 
2016-09-13T20:27:30.114-0400: 171.320: [GC (GCLocker Initiated GC) [PSYoungGen: 189031K->61570K(186880K)] 487722K->368144K(711168K), 0.0105480 secs] [Times: user=0.13 sys=0.00, real=0.01 secs] 
2016-09-13T20:27:30.311-0400: 171.517: [GC (GCLocker Initiated GC) [PSYoungGen: 185474K->46159K(193024K)] 492071K->357434K(717312K), 0.0172597 secs] [Times: user=0.17 sys=0.00, real=0.02 secs] 
2016-09-13T20:27:30.508-0400: 171.713: [GC (GCLocker Initiated GC) [PSYoungGen: 170063K->46354K(191488K)] 481609K->362666K(715776K), 0.0139583 secs] [Times: user=0.17 sys=0.00, real=0.01 secs] 
2016-09-13T20:27:30.710-0400: 171.915: [GC (GCLocker Initiated GC) [PSYoungGen: 170770K->46260K(192512K)] 488863K->364520K(716800K), 0.0174308 secs] [Times: user=0.23 sys=0.00, real=0.01 secs] 
2016-09-13T20:27:30.907-0400: 172.112: [GC (GCLocker Initiated GC) [PSYoungGen: 170676K->47837K(192512K)] 489101K->366358K(716800K), 0.0098997 secs] [Times: user=0.13 sys=0.00, real=0.02 secs] 
2016-09-13T20:27:31.146-0400: 172.352: [GC (GCLocker Initiated GC) [PSYoungGen: 174301K->41629K(193536K)] 492897K->366575K(717824K), 0.0087486 secs] [Times: user=0.07 sys=0.00, real=0.01 secs] 
2016-09-13T20:27:31.355-0400: 172.560: [GC (Allocation Failure) [PSYoungGen: 168093K->46154K(194048K)] 493204K->371408K(718336K), 0.0070331 secs] [Times: user=0.07 sys=0.00, real=0.01 secs] 
2016-09-13T20:27:31.537-0400: 172.742: [GC (GCLocker Initiated GC) [PSYoungGen: 176202K->46658K(194048K)] 501459K->372143K(718336K), 0.0073827 secs] [Times: user=0.08 sys=0.01, real=0.00 secs] 
2016-09-13T20:27:31.775-0400: 172.980: [GC (Allocation Failure) [PSYoungGen: 176706K->5233K(189440K)] 509980K->338764K(713728K), 0.0193114 secs] [Times: user=0.19 sys=0.00, real=0.02 secs] 
2016-09-13T20:27:31.997-0400: 173.203: [GC (GCLocker Initiated GC) [PSYoungGen: 131185K->27966K(194048K)] 464719K->361579K(718336K), 0.0122932 secs] [Times: user=0.13 sys=0.00, real=0.01 secs] 
2016-09-13T20:27:32.210-0400: 173.416: [GC (GCLocker Initiated GC) [PSYoungGen: 153918K->23404K(192000K)] 496830K->366565K(716288K), 0.0106023 secs] [Times: user=0.11 sys=0.00, real=0.01 secs] 
2016-09-13T20:27:32.410-0400: 173.615: [GC (GCLocker Initiated GC) [PSYoungGen: 150380K->43375K(193536K)] 496742K->390013K(717824K), 0.0103688 secs] [Times: user=0.11 sys=0.00, real=0.01 secs] 
2016-09-13T20:27:32.619-0400: 173.825: [GC (GCLocker Initiated GC) [PSYoungGen: 170351K->47918K(194048K)] 517054K->394827K(718336K), 0.0180801 secs] [Times: user=0.14 sys=0.00, real=0.02 secs] 
2016-09-13T20:27:32.848-0400: 174.053: [GC (Allocation Failure) [PSYoungGen: 175918K->41824K(169984K)] 524524K->390652K(694272K), 0.0065247 secs] [Times: user=0.09 sys=0.00, real=0.00 secs] 
2016-09-13T20:27:33.058-0400: 174.264: [GC (GCLocker Initiated GC) [PSYoungGen: 165985K->47609K(193536K)] 520887K->402725K(717824K), 0.0147245 secs] [Times: user=0.17 sys=0.00, real=0.01 secs] 
2016-09-13T20:27:33.262-0400: 174.467: [GC (GCLocker Initiated GC) [PSYoungGen: 175609K->5557K(133632K)] 544637K->374880K(657920K), 0.0068200 secs] [Times: user=0.09 sys=0.00, real=0.01 secs] 
2016-09-13T20:27:33.466-0400: 174.671: [GC (GCLocker Initiated GC) [PSYoungGen: 133557K->46154K(192512K)] 503053K->415981K(716800K), 0.0111154 secs] [Times: user=0.15 sys=0.00, real=0.02 secs] 
2016-09-13T20:27:33.649-0400: 174.854: [GC (GCLocker Initiated GC) [PSYoungGen: 169034K->46351K(169472K)] 540573K->418035K(693760K), 0.0099994 secs] [Times: user=0.14 sys=0.01, real=0.01 secs] 
2016-09-13T20:27:33.867-0400: 175.073: [GC (Allocation Failure) [PSYoungGen: 169231K->44571K(193024K)] 540935K->416430K(717312K), 0.0078645 secs] [Times: user=0.06 sys=0.01, real=0.01 secs] 
2016-09-13T20:27:34.061-0400: 175.266: [GC (GCLocker Initiated GC) [PSYoungGen: 167451K->44954K(167936K)] 539312K->426099K(692224K), 0.0096600 secs] [Times: user=0.13 sys=0.01, real=0.01 secs] 
2016-09-13T20:27:34.261-0400: 175.467: [GC (GCLocker Initiated GC) [PSYoungGen: 167834K->47928K(191488K)] 549004K->429339K(715776K), 0.0198825 secs] [Times: user=0.24 sys=0.00, real=0.02 secs] 
2016-09-13T20:27:34.448-0400: 175.654: [GC (GCLocker Initiated GC) [PSYoungGen: 170808K->46405K(191488K)] 552300K->432753K(715776K), 0.0091079 secs] [Times: user=0.12 sys=0.00, real=0.01 secs] 
2016-09-13T20:27:34.654-0400: 175.859: [GC (GCLocker Initiated GC) [PSYoungGen: 169285K->23559K(192512K)] 561895K->422489K(716800K), 0.0133062 secs] [Times: user=0.16 sys=0.01, real=0.01 secs] 
2016-09-13T20:27:34.856-0400: 176.061: [GC (Allocation Failure) [PSYoungGen: 147975K->49256K(193024K)] 547098K->448474K(717312K), 0.0079494 secs] [Times: user=0.05 sys=0.00, real=0.00 secs] 
2016-09-13T20:27:35.081-0400: 176.286: [GC (GCLocker Initiated GC) [PSYoungGen: 168898K->26702K(193024K)] 574192K->441346K(717312K), 0.0337055 secs] [Times: user=0.35 sys=0.00, real=0.03 secs] 
2016-09-13T20:27:35.278-0400: 176.484: [GC (GCLocker Initiated GC) [PSYoungGen: 151118K->49256K(174080K)] 565787K->464126K(698368K), 0.0086574 secs] [Times: user=0.07 sys=0.01, real=0.00 secs] 
2016-09-13T20:27:35.482-0400: 176.688: [GC (GCLocker Initiated GC) [PSYoungGen: 173672K->47768K(192512K)] 588949K->464793K(716800K), 0.0074917 secs] [Times: user=0.06 sys=0.00, real=0.01 secs] 
2016-09-13T20:27:35.668-0400: 176.873: [GC (GCLocker Initiated GC) [PSYoungGen: 170648K->43276K(166400K)] 587848K->460619K(690688K), 0.0062388 secs] [Times: user=0.04 sys=0.00, real=0.00 secs] 
2016-09-13T20:27:35.863-0400: 177.069: [GC (GCLocker Initiated GC) [PSYoungGen: 166156K->52357K(188928K)] 583591K->470030K(713216K), 0.0294188 secs] [Times: user=0.37 sys=0.00, real=0.03 secs] 
2016-09-13T20:27:36.064-0400: 177.269: [GC (GCLocker Initiated GC) [PSYoungGen: 173701K->41757K(190464K)] 592918K->462670K(714752K), 0.0078212 secs] [Times: user=0.06 sys=0.00, real=0.01 secs] 
2016-09-13T20:27:36.252-0400: 177.458: [GC (GCLocker Initiated GC) [PSYoungGen: 163101K->31312K(192512K)] 590270K->467802K(716800K), 0.0247214 secs] [Times: user=0.32 sys=0.00, real=0.03 secs] 
2016-09-13T20:27:36.471-0400: 177.677: [GC (GCLocker Initiated GC) [PSYoungGen: 157264K->41665K(192000K)] 593913K->478515K(716288K), 0.0091547 secs] [Times: user=0.08 sys=0.00, real=0.01 secs] 
2016-09-13T20:27:36.662-0400: 177.868: [GC (GCLocker Initiated GC) [PSYoungGen: 167615K->50928K(192512K)] 604660K->488246K(716800K), 0.0189398 secs] [Times: user=0.19 sys=0.01, real=0.02 secs] 
2016-09-13T20:27:36.893-0400: 178.098: [GC (Allocation Failure) [PSYoungGen: 179440K->23281K(193536K)] 623116K->467135K(717824K), 0.0154110 secs] [Times: user=0.16 sys=0.00, real=0.02 secs] 
2016-09-13T20:27:37.099-0400: 178.304: [GC (GCLocker Initiated GC) [PSYoungGen: 151793K->49259K(194048K)] 595652K->493362K(718336K), 0.0150179 secs] [Times: user=0.15 sys=0.00, real=0.01 secs] 
2016-09-13T20:27:37.313-0400: 178.518: [GC (Allocation Failure) [PSYoungGen: 177259K->59951K(188416K)] 623096K->506005K(712704K), 0.0087756 secs] [Times: user=0.07 sys=0.00, real=0.01 secs] 
2016-09-13T20:27:37.509-0400: 178.714: [GC (GCLocker Initiated GC) [PSYoungGen: 186473K->43218K(193536K)] 634046K->491035K(717824K), 0.0202216 secs] [Times: user=0.19 sys=0.00, real=0.02 secs] 
2016-09-13T20:27:37.703-0400: 178.908: [GC (Allocation Failure) [PSYoungGen: 165586K->32804K(155648K)] 613629K->481010K(679936K), 0.0101631 secs] [Times: user=0.13 sys=0.00, real=0.01 secs] 
2016-09-13T20:27:37.900-0400: 179.105: [GC (GCLocker Initiated GC) [PSYoungGen: 155172K->64634K(182272K)] 603391K->513138K(706560K), 0.0087345 secs] [Times: user=0.09 sys=0.00, real=0.01 secs] 
2016-09-13T20:27:38.096-0400: 179.302: [GC (GCLocker Initiated GC) [PSYoungGen: 179322K->41693K(188416K)] 634179K->496696K(712704K), 0.0136288 secs] [Times: user=0.14 sys=0.00, real=0.01 secs] 
2016-09-13T20:27:38.287-0400: 179.493: [GC (GCLocker Initiated GC) [PSYoungGen: 156381K->43116K(180736K)] 611536K->498554K(705024K), 0.0225463 secs] [Times: user=0.20 sys=0.01, real=0.03 secs] 
2016-09-13T20:27:38.501-0400: 179.707: [GC (GCLocker Initiated GC) [PSYoungGen: 160364K->23218K(185856K)] 629763K->492885K(710144K), 0.0116789 secs] [Times: user=0.10 sys=0.00, real=0.01 secs] 
2016-09-13T20:27:38.699-0400: 179.904: [GC (GCLocker Initiated GC) [PSYoungGen: 140466K->46190K(192512K)] 611855K->517767K(716800K), 0.0211307 secs] [Times: user=0.21 sys=0.00, real=0.02 secs] 
2016-09-13T20:27:38.902-0400: 180.108: [GC (GCLocker Initiated GC) [PSYoungGen: 170094K->47926K(192512K)] 641798K->519958K(716800K), 0.0105040 secs] [Times: user=0.10 sys=0.00, real=0.01 secs] 
2016-09-13T20:27:39.100-0400: 180.305: [GC (GCLocker Initiated GC) [PSYoungGen: 171830K->43053K(188928K)] 651821K->523362K(713216K), 0.0096690 secs] [Times: user=0.07 sys=0.00, real=0.01 secs] 
2016-09-13T20:27:39.303-0400: 180.509: [GC (GCLocker Initiated GC) [PSYoungGen: 168493K->41730K(190976K)] 652047K->530085K(715264K), 0.0209146 secs] [Times: user=0.23 sys=0.00, real=0.02 secs] 
2016-09-13T20:27:39.503-0400: 180.709: [GC (GCLocker Initiated GC) [PSYoungGen: 167170K->46436K(195584K)] 657060K->536594K(719872K), 0.0081097 secs] [Times: user=0.07 sys=0.00, real=0.01 secs] 
2016-09-13T20:27:39.730-0400: 180.936: [GC (GCLocker Initiated GC) [PSYoungGen: 179556K->23469K(196096K)] 669786K->513956K(720384K), 0.0065070 secs] [Times: user=0.06 sys=0.00, real=0.01 secs] 
2016-09-13T20:27:39.961-0400: 181.166: [GC (GCLocker Initiated GC) [PSYoungGen: 156589K->5397K(190464K)] 656222K->505152K(714752K), 0.0033060 secs] [Times: user=0.02 sys=0.00, real=0.00 secs] 
2016-09-13T20:27:40.172-0400: 181.378: [GC (Allocation Failure) [PSYoungGen: 131349K->23468K(194048K)] 634283K->526813K(718336K), 0.0171414 secs] [Times: user=0.16 sys=0.00, real=0.02 secs] 
2016-09-13T20:27:40.373-0400: 181.579: [GC (GCLocker Initiated GC) [PSYoungGen: 149222K->28147K(189440K)] 654086K->533146K(713728K), 0.0188307 secs] [Times: user=0.20 sys=0.00, real=0.02 secs] 
2016-09-13T20:27:40.582-0400: 181.787: [GC (GCLocker Initiated GC) [PSYoungGen: 154611K->29480K(192000K)] 661157K->536219K(716288K), 0.0091865 secs] [Times: user=0.10 sys=0.00, real=0.01 secs] 
2016-09-13T20:27:40.794-0400: 182.000: [GC (GCLocker Initiated GC) [PSYoungGen: 155944K->17425K(196608K)] 665757K->527408K(720896K), 0.0135197 secs] [Times: user=0.16 sys=0.00, real=0.02 secs] 
2016-09-13T20:27:41.035-0400: 182.240: [GC (Allocation Failure) [PSYoungGen: 150545K->44730K(197120K)] 660771K->556685K(721408K), 0.0239214 secs] [Times: user=0.26 sys=0.01, real=0.03 secs] 
2016-09-13T20:27:41.255-0400: 182.460: [GC (GCLocker Initiated GC) [PSYoungGen: 177850K->32549K(194048K)] 689805K->544713K(718336K), 0.0251611 secs] [Times: user=0.23 sys=0.02, real=0.03 secs] 
2016-09-13T20:27:41.450-0400: 182.656: [GC (Allocation Failure) [PSYoungGen: 165669K->23528K(195584K)] 685619K->543649K(719872K), 0.0105833 secs] [Times: user=0.11 sys=0.01, real=0.01 secs] 
2016-09-13T20:27:41.668-0400: 182.873: [GC (GCLocker Initiated GC) [PSYoungGen: 156648K->46345K(196608K)] 676772K->566600K(720896K), 0.0076876 secs] [Times: user=0.05 sys=0.00, real=0.00 secs] 
2016-09-13T20:27:41.885-0400: 183.090: [GC (GCLocker Initiated GC) [PSYoungGen: 181513K->44730K(180224K)] 701975K->565384K(704512K), 0.0349601 secs] [Times: user=0.37 sys=0.01, real=0.04 secs] 
2016-09-13T20:27:42.104-0400: 183.310: [GC (GCLocker Initiated GC) [PSYoungGen: 179898K->41661K(198144K)] 700784K->562725K(722432K), 0.0142782 secs] [Times: user=0.12 sys=0.00, real=0.02 secs] 
2016-09-13T20:27:42.328-0400: 183.534: [Full GC (Ergonomics) [PSYoungGen: 175293K->0K(198144K)] [ParOldGen: 521338K->34350K(524288K)] 696632K->34350K(722432K), [Metaspace: 44652K->44652K(1087488K)], 0.0755910 secs] [Times: user=0.47 sys=0.01, real=0.07 secs] 
2016-09-13T20:27:42.552-0400: 183.758: [GC (GCLocker Initiated GC) [PSYoungGen: 133632K->40391K(174080K)] 168131K->74890K(698368K), 0.0141386 secs] [Times: user=0.13 sys=0.00, real=0.01 secs] 
2016-09-13T20:27:42.749-0400: 183.954: [GC (GCLocker Initiated GC) [PSYoungGen: 174023K->29676K(197120K)] 214801K->81666K(721408K), 0.0129982 secs] [Times: user=0.15 sys=0.00, real=0.01 secs] 
2016-09-13T20:27:42.972-0400: 184.177: [GC (GCLocker Initiated GC) [PSYoungGen: 164332K->38747K(196096K)] 216534K->91146K(720384K), 0.0129141 secs] [Times: user=0.15 sys=0.01, real=0.01 secs] 
2016-09-13T20:27:43.189-0400: 184.394: [GC (GCLocker Initiated GC) [PSYoungGen: 173403K->12992K(196608K)] 228864K->74714K(720896K), 0.0037706 secs] [Times: user=0.02 sys=0.00, real=0.00 secs] 
2016-09-13T20:27:43.439-0400: 184.644: [GC (GCLocker Initiated GC) [PSYoungGen: 149696K->41827K(198144K)] 213115K->116048K(722432K), 0.0104283 secs] [Times: user=0.12 sys=0.00, real=0.01 secs] 
2016-09-13T20:27:43.648-0400: 184.853: [GC (GCLocker Initiated GC) [PSYoungGen: 178531K->29324K(197632K)] 252778K->103619K(721920K), 0.0304860 secs] [Times: user=0.25 sys=0.00, real=0.03 secs] 
2016-09-13T20:27:43.880-0400: 185.086: [GC (GCLocker Initiated GC) [PSYoungGen: 168588K->43371K(199168K)] 243123K->133335K(723456K), 0.0107934 secs] [Times: user=0.10 sys=0.00, real=0.01 secs] 
2016-09-13T20:27:44.124-0400: 185.329: [GC (Allocation Failure) [PSYoungGen: 182635K->41689K(201216K)] 279023K->138279K(725504K), 0.0094392 secs] [Times: user=0.10 sys=0.00, real=0.01 secs] 
2016-09-13T20:27:44.346-0400: 185.551: [GC (GCLocker Initiated GC) [PSYoungGen: 181972K->57041K(197632K)] 278567K->159776K(721920K), 0.0095386 secs] [Times: user=0.10 sys=0.00, real=0.01 secs] 
2016-09-13T20:27:44.541-0400: 185.746: [GC (GCLocker Initiated GC) [PSYoungGen: 197329K->49101K(191488K)] 300102K->151980K(715776K), 0.0067541 secs] [Times: user=0.05 sys=0.00, real=0.00 secs] 
2016-09-13T20:27:44.741-0400: 185.947: [GC (Allocation Failure) [PSYoungGen: 176077K->38629K(194560K)] 279284K->151087K(718848K), 0.0081633 secs] [Times: user=0.06 sys=0.00, real=0.01 secs] 
2016-09-13T20:27:44.987-0400: 186.193: [GC (Allocation Failure) [PSYoungGen: 164720K->27902K(193536K)] 277178K->140511K(717824K), 0.0073312 secs] [Times: user=0.06 sys=0.00, real=0.01 secs] 
2016-09-13T20:27:45.159-0400: 186.364: [GC (GCLocker Initiated GC) [PSYoungGen: 157950K->37382K(194048K)] 270562K->150082K(718336K), 0.0076155 secs] [Times: user=0.07 sys=0.00, real=0.00 secs] 
2016-09-13T20:27:45.366-0400: 186.571: [GC (GCLocker Initiated GC) [PSYoungGen: 167430K->23553K(196096K)] 281755K->138064K(720384K), 0.0235107 secs] [Times: user=0.22 sys=0.00, real=0.03 secs] 
2016-09-13T20:27:45.604-0400: 186.810: [GC (GCLocker Initiated GC) [PSYoungGen: 158209K->11291K(196096K)] 278856K->132289K(720384K), 0.0176129 secs] [Times: user=0.19 sys=0.00, real=0.02 secs] 
2016-09-13T20:27:45.825-0400: 187.031: [GC (GCLocker Initiated GC) [PSYoungGen: 145947K->25008K(199168K)] 267076K->146276K(723456K), 0.0099147 secs] [Times: user=0.08 sys=0.00, real=0.01 secs] 
2016-09-13T20:27:46.060-0400: 187.265: [GC (GCLocker Initiated GC) [PSYoungGen: 161712K->28083K(164864K)] 289258K->155913K(689152K), 0.0198836 secs] [Times: user=0.21 sys=0.00, real=0.02 secs] 
2016-09-13T20:27:46.300-0400: 187.506: [GC (Allocation Failure) [PSYoungGen: 164787K->41917K(197120K)] 294359K->171699K(721408K), 0.0103344 secs] [Times: user=0.15 sys=0.00, real=0.01 secs] 
2016-09-13T20:27:46.487-0400: 187.693: [GC (GCLocker Initiated GC) [PSYoungGen: 178166K->43021K(197632K)] 309467K->174523K(721920K), 0.0108536 secs] [Times: user=0.11 sys=0.01, real=0.02 secs] 
2016-09-13T20:27:46.702-0400: 187.907: [GC (GCLocker Initiated GC) [PSYoungGen: 180237K->52298K(192512K)] 311764K->183963K(716800K), 0.0189090 secs] [Times: user=0.19 sys=0.00, real=0.02 secs] 
2016-09-13T20:27:46.946-0400: 188.152: [GC (GCLocker Initiated GC) [PSYoungGen: 183370K->41692K(196608K)] 315099K->182736K(720896K), 0.0188546 secs] [Times: user=0.13 sys=0.00, real=0.02 secs] 
2016-09-13T20:27:47.163-0400: 188.368: [GC (GCLocker Initiated GC) [PSYoungGen: 172764K->44544K(195584K)] 313835K->185859K(719872K), 0.0180557 secs] [Times: user=0.15 sys=0.00, real=0.02 secs] 
2016-09-13T20:27:47.387-0400: 188.592: [GC (GCLocker Initiated GC) [PSYoungGen: 176640K->9677K(141824K)] 327207K->160453K(666112K), 0.0040099 secs] [Times: user=0.02 sys=0.01, real=0.01 secs] 
2016-09-13T20:27:47.593-0400: 188.798: [GC (GCLocker Initiated GC) [PSYoungGen: 141773K->26660K(197120K)] 292588K->182233K(721408K), 0.0074546 secs] [Times: user=0.05 sys=0.00, real=0.01 secs] 
2016-09-13T20:27:47.816-0400: 189.022: [GC (GCLocker Initiated GC) [PSYoungGen: 157220K->27960K(158720K)] 322091K->196078K(683008K), 0.0220668 secs] [Times: user=0.24 sys=0.00, real=0.02 secs] 
2016-09-13T20:27:48.055-0400: 189.261: [GC (GCLocker Initiated GC) [PSYoungGen: 158520K->19013K(194048K)] 334291K->194938K(718336K), 0.0100133 secs] [Times: user=0.10 sys=0.01, real=0.01 secs] 
2016-09-13T20:27:48.255-0400: 189.461: [GC (GCLocker Initiated GC) [PSYoungGen: 150085K->26532K(193536K)] 332265K->213489K(717824K), 0.0209705 secs] [Times: user=0.20 sys=0.01, real=0.03 secs] 
2016-09-13T20:27:48.472-0400: 189.677: [GC (GCLocker Initiated GC) [PSYoungGen: 157604K->38591K(197632K)] 344600K->225914K(721920K), 0.0293981 secs] [Times: user=0.30 sys=0.00, real=0.03 secs] 
2016-09-13T20:27:48.698-0400: 189.904: [GC (GCLocker Initiated GC) [PSYoungGen: 175807K->27837K(197120K)] 369291K->227588K(721408K), 0.0112152 secs] [Times: user=0.10 sys=0.00, real=0.01 secs] 
2016-09-13T20:27:48.919-0400: 190.125: [GC (GCLocker Initiated GC) [PSYoungGen: 165053K->52197K(194048K)] 364849K->258263K(718336K), 0.0067346 secs] [Times: user=0.06 sys=0.00, real=0.00 secs] 
2016-09-13T20:27:49.124-0400: 190.329: [GC (GCLocker Initiated GC) [PSYoungGen: 188389K->51125K(187392K)] 396147K->259120K(711680K), 0.0066466 secs] [Times: user=0.08 sys=0.00, real=0.01 secs] 
2016-09-13T20:27:49.372-0400: 190.577: [GC (Allocation Failure) [PSYoungGen: 187317K->9768K(193536K)] 401481K->228733K(717824K), 0.0145279 secs] [Times: user=0.12 sys=0.00, real=0.01 secs] 
2016-09-13T20:27:49.571-0400: 190.776: [GC (GCLocker Initiated GC) [PSYoungGen: 136744K->24764K(152064K)] 355710K->243754K(676352K), 0.0262224 secs] [Times: user=0.29 sys=0.00, real=0.03 secs] 
2016-09-13T20:27:49.809-0400: 191.015: [GC (GCLocker Initiated GC) [PSYoungGen: 151740K->27970K(196096K)] 372318K->248702K(720384K), 0.0084606 secs] [Times: user=0.09 sys=0.01, real=0.01 secs] 
2016-09-13T20:27:50.011-0400: 191.216: [GC (GCLocker Initiated GC) [PSYoungGen: 158530K->35683K(193536K)] 385524K->262837K(717824K), 0.0104720 secs] [Times: user=0.12 sys=0.00, real=0.01 secs] 
2016-09-13T20:27:50.222-0400: 191.427: [GC (GCLocker Initiated GC) [PSYoungGen: 166243K->31103K(196608K)] 393446K->263124K(720896K), 0.0156325 secs] [Times: user=0.17 sys=0.00, real=0.02 secs] 
2016-09-13T20:27:50.448-0400: 191.653: [GC (GCLocker Initiated GC) [PSYoungGen: 167295K->6724K(195072K)] 411810K->256041K(719360K), 0.0119904 secs] [Times: user=0.09 sys=0.00, real=0.01 secs] 
2016-09-13T20:27:50.667-0400: 191.872: [GC (GCLocker Initiated GC) [PSYoungGen: 142916K->46414K(195584K)] 392462K->296276K(719872K), 0.0105259 secs] [Times: user=0.13 sys=0.01, real=0.02 secs] 
2016-09-13T20:27:50.898-0400: 192.104: [GC (GCLocker Initiated GC) [PSYoungGen: 181582K->44730K(180224K)] 433148K->296506K(704512K), 0.0143675 secs] [Times: user=0.13 sys=0.00, real=0.01 secs] 
2016-09-13T20:27:51.103-0400: 192.309: [GC (GCLocker Initiated GC) [PSYoungGen: 179898K->32576K(200192K)] 439357K->292260K(724480K), 0.0181357 secs] [Times: user=0.18 sys=0.00, real=0.02 secs] 
2016-09-13T20:27:51.351-0400: 192.557: [GC (GCLocker Initiated GC) [PSYoungGen: 167232K->29475K(164352K)] 426938K->296964K(688640K), 0.0395179 secs] [Times: user=0.41 sys=0.01, real=0.04 secs] 
2016-09-13T20:27:51.591-0400: 192.796: [GC (GCLocker Initiated GC) [PSYoungGen: 164131K->14601K(194560K)] 437814K->302132K(718848K), 0.0122272 secs] [Times: user=0.13 sys=0.01, real=0.01 secs] 
2016-09-13T20:27:51.802-0400: 193.008: [GC (GCLocker Initiated GC) [PSYoungGen: 149257K->28115K(194560K)] 444407K->323632K(718848K), 0.0455511 secs] [Times: user=0.50 sys=0.00, real=0.05 secs] 
2016-09-13T20:27:52.053-0400: 193.258: [GC (GCLocker Initiated GC) [PSYoungGen: 162771K->44698K(197120K)] 458313K->346502K(721408K), 0.0242619 secs] [Times: user=0.28 sys=0.00, real=0.03 secs] 
2016-09-13T20:27:52.276-0400: 193.482: [GC (GCLocker Initiated GC) [PSYoungGen: 184474K->55298K(195584K)] 486510K->365129K(719872K), 0.0220179 secs] [Times: user=0.21 sys=0.00, real=0.02 secs] 
2016-09-13T20:27:52.462-0400: 193.668: [GC (GCLocker Initiated GC) [PSYoungGen: 195074K->44763K(194048K)] 504999K->354839K(718336K), 0.0217942 secs] [Times: user=0.21 sys=0.01, real=0.02 secs] 
2016-09-13T20:27:52.669-0400: 193.875: [GC (GCLocker Initiated GC) [PSYoungGen: 172763K->41789K(195072K)] 484372K->358151K(719360K), 0.0139922 secs] [Times: user=0.14 sys=0.00, real=0.01 secs] 
2016-09-13T20:27:52.878-0400: 194.083: [GC (Allocation Failure) [PSYoungGen: 169789K->46255K(194048K)] 486377K->363010K(718336K), 0.0098214 secs] [Times: user=0.10 sys=0.00, real=0.00 secs] 
2016-09-13T20:27:53.077-0400: 194.282: [GC (GCLocker Initiated GC) [PSYoungGen: 174255K->46341K(174592K)] 491021K->363325K(698880K), 0.0179126 secs] [Times: user=0.19 sys=0.00, real=0.01 secs] 
2016-09-13T20:27:53.290-0400: 194.495: [GC (GCLocker Initiated GC) [PSYoungGen: 174341K->41753K(196096K)] 497531K->365070K(720384K), 0.0065260 secs] [Times: user=0.08 sys=0.00, real=0.01 secs] 
2016-09-13T20:27:53.499-0400: 194.704: [GC (GCLocker Initiated GC) [PSYoungGen: 170265K->41543K(170496K)] 493735K->365128K(694784K), 0.0228114 secs] [Times: user=0.27 sys=0.00, real=0.02 secs] 
2016-09-13T20:27:53.725-0400: 194.930: [GC (GCLocker Initiated GC) [PSYoungGen: 170055K->44667K(193024K)] 495351K->370083K(717312K), 0.0238530 secs] [Times: user=0.23 sys=0.00, real=0.03 secs] 
2016-09-13T20:27:53.926-0400: 195.132: [GC (GCLocker Initiated GC) [PSYoungGen: 173179K->44767K(193024K)] 498742K->376551K(717312K), 0.0386713 secs] [Times: user=0.43 sys=0.01, real=0.04 secs] 
2016-09-13T20:27:54.122-0400: 195.327: [GC (GCLocker Initiated GC) [PSYoungGen: 173279K->49261K(196096K)] 505074K->382871K(720384K), 0.0140657 secs] [Times: user=0.17 sys=0.00, real=0.02 secs] 
2016-09-13T20:27:54.347-0400: 195.553: [GC (Allocation Failure) [PSYoungGen: 181357K->2168K(134656K)] 518019K->348038K(658944K), 0.0038368 secs] [Times: user=0.02 sys=0.00, real=0.01 secs] 
2016-09-13T20:27:54.544-0400: 195.749: [GC (GCLocker Initiated GC) [PSYoungGen: 133027K->46281K(192000K)] 480416K->394072K(716288K), 0.0097503 secs] [Times: user=0.11 sys=0.00, real=0.01 secs] 
2016-09-13T20:27:54.750-0400: 195.956: [GC (Allocation Failure) [PSYoungGen: 169161K->46378K(192512K)] 517130K->394636K(716800K), 0.0088181 secs] [Times: user=0.12 sys=0.00, real=0.01 secs] 
2016-09-13T20:27:54.946-0400: 196.152: [GC (GCLocker Initiated GC) [PSYoungGen: 169258K->40077K(187392K)] 519035K->390035K(711680K), 0.0069168 secs] [Times: user=0.05 sys=0.00, real=0.01 secs] 
2016-09-13T20:27:55.160-0400: 196.366: [GC (GCLocker Initiated GC) [PSYoungGen: 162957K->27955K(189952K)] 513251K->378630K(714240K), 0.0238015 secs] [Times: user=0.26 sys=0.00, real=0.02 secs] 
2016-09-13T20:27:55.353-0400: 196.558: [GC (GCLocker Initiated GC) [PSYoungGen: 150835K->41725K(190976K)] 503256K->394379K(715264K), 0.0062819 secs] [Times: user=0.08 sys=0.00, real=0.01 secs] 
2016-09-13T20:27:55.559-0400: 196.764: [GC (GCLocker Initiated GC) [PSYoungGen: 170749K->30967K(193536K)] 523414K->383841K(717824K), 0.0110148 secs] [Times: user=0.10 sys=0.00, real=0.01 secs] 
2016-09-13T20:27:55.766-0400: 196.972: [GC (GCLocker Initiated GC) [PSYoungGen: 159991K->21885K(196608K)] 512978K->382663K(720896K), 0.0185049 secs] [Times: user=0.19 sys=0.01, real=0.02 secs] 
2016-09-13T20:27:56.013-0400: 197.218: [GC (GCLocker Initiated GC) [PSYoungGen: 156029K->24959K(197632K)] 526081K->395196K(721920K), 0.0204966 secs] [Times: user=0.28 sys=0.01, real=0.02 secs] 
2016-09-13T20:27:56.257-0400: 197.462: [GC (GCLocker Initiated GC) [PSYoungGen: 159103K->32575K(193536K)] 535527K->409063K(717824K), 0.0066500 secs] [Times: user=0.05 sys=0.01, real=0.00 secs] 
2016-09-13T20:27:56.467-0400: 197.673: [GC (GCLocker Initiated GC) [PSYoungGen: 168767K->47954K(196096K)] 545576K->424988K(720384K), 0.0172762 secs] [Times: user=0.24 sys=0.00, real=0.02 secs] 
2016-09-13T20:27:56.712-0400: 197.918: [GC (GCLocker Initiated GC) [PSYoungGen: 184146K->27833K(200704K)] 574917K->418766K(724992K), 0.0147876 secs] [Times: user=0.15 sys=0.00, real=0.01 secs] 
2016-09-13T20:27:56.917-0400: 198.123: [GC (GCLocker Initiated GC) [PSYoungGen: 166073K->52421K(190976K)] 557166K->443653K(715264K), 0.0103882 secs] [Times: user=0.11 sys=0.00, real=0.01 secs] 
2016-09-13T20:27:57.147-0400: 198.352: [GC (GCLocker Initiated GC) [PSYoungGen: 190661K->28055K(198144K)] 583591K->431822K(722432K), 0.0185820 secs] [Times: user=0.17 sys=0.01, real=0.02 secs] 
2016-09-13T20:27:57.344-0400: 198.549: [GC (Allocation Failure) [PSYoungGen: 161175K->28056K(161280K)] 566544K->433651K(685568K), 0.0125834 secs] [Times: user=0.12 sys=0.01, real=0.02 secs] 
2016-09-13T20:27:57.574-0400: 198.780: [GC (GCLocker Initiated GC) [PSYoungGen: 161176K->24892K(196608K)] 566771K->430534K(720896K), 0.0087919 secs] [Times: user=0.06 sys=0.00, real=0.01 secs] 
2016-09-13T20:27:57.791-0400: 198.997: [GC (GCLocker Initiated GC) [PSYoungGen: 159036K->14515K(195584K)] 566285K->428000K(719872K), 0.0112833 secs] [Times: user=0.14 sys=0.00, real=0.01 secs] 
2016-09-13T20:27:58.007-0400: 199.212: [GC (GCLocker Initiated GC) [PSYoungGen: 148659K->50998K(192000K)] 562362K->464891K(716288K), 0.0100939 secs] [Times: user=0.10 sys=0.00, real=0.02 secs] 
2016-09-13T20:27:58.236-0400: 199.441: [GC (Allocation Failure) [PSYoungGen: 181046K->24923K(196096K)] 595176K->439176K(720384K), 0.0170776 secs] [Times: user=0.12 sys=0.00, real=0.01 secs] 
2016-09-13T20:27:58.444-0400: 199.649: [GC (GCLocker Initiated GC) [PSYoungGen: 150387K->9735K(195584K)] 570716K->430324K(719872K), 0.0035297 secs] [Times: user=0.03 sys=0.00, real=0.00 secs] 
2016-09-13T20:27:58.652-0400: 199.857: [GC (GCLocker Initiated GC) [PSYoungGen: 141319K->9767K(196608K)] 574239K->442829K(720896K), 0.0332132 secs] [Times: user=0.31 sys=0.00, real=0.03 secs] 
2016-09-13T20:27:58.899-0400: 200.104: [GC (GCLocker Initiated GC) [PSYoungGen: 141351K->28246K(190464K)] 588325K->475375K(714752K), 0.0134398 secs] [Times: user=0.15 sys=0.00, real=0.01 secs] 
2016-09-13T20:27:59.117-0400: 200.322: [GC (GCLocker Initiated GC) [PSYoungGen: 159830K->49452K(193536K)] 607138K->496930K(717824K), 0.0109663 secs] [Times: user=0.15 sys=0.00, real=0.01 secs] 
2016-09-13T20:27:59.322-0400: 200.528: [GC (GCLocker Initiated GC) [PSYoungGen: 181036K->43313K(193024K)] 630344K->500456K(717312K), 0.0095311 secs] [Times: user=0.11 sys=0.00, real=0.01 secs] 
2016-09-13T20:27:59.539-0400: 200.744: [GC (GCLocker Initiated GC) [PSYoungGen: 170289K->41699K(194560K)] 627441K->499068K(718848K), 0.0070004 secs] [Times: user=0.08 sys=0.00, real=0.00 secs] 
2016-09-13T20:27:59.740-0400: 200.945: [GC (GCLocker Initiated GC) [PSYoungGen: 168675K->41810K(193536K)] 627840K->501105K(717824K), 0.0163746 secs] [Times: user=0.17 sys=0.00, real=0.02 secs] 
2016-09-13T20:27:59.931-0400: 201.137: [GC (Allocation Failure) [PSYoungGen: 168786K->23501K(194048K)] 628263K->483148K(718336K), 0.0103544 secs] [Times: user=0.13 sys=0.01, real=0.01 secs] 
2016-09-13T20:28:00.156-0400: 201.361: [GC (GCLocker Initiated GC) [PSYoungGen: 150477K->34195K(190976K)] 616221K->500153K(715264K), 0.0109852 secs] [Times: user=0.13 sys=0.00, real=0.00 secs] 
2016-09-13T20:28:00.391-0400: 201.597: [GC (Allocation Failure) [PSYoungGen: 163731K->11409K(192512K)] 635806K->492914K(716800K), 0.0116503 secs] [Times: user=0.09 sys=0.00, real=0.01 secs] 
2016-09-13T20:28:00.595-0400: 201.800: [GC (GCLocker Initiated GC) [PSYoungGen: 140945K->34137K(195584K)] 622457K->526588K(719872K), 0.0065060 secs] [Times: user=0.07 sys=0.00, real=0.01 secs] 
2016-09-13T20:28:00.805-0400: 202.010: [GC (GCLocker Initiated GC) [PSYoungGen: 169817K->15848K(197120K)] 668535K->514768K(721408K), 0.0169786 secs] [Times: user=0.17 sys=0.00, real=0.02 secs] 
2016-09-13T20:28:01.058-0400: 202.263: [GC (GCLocker Initiated GC) [PSYoungGen: 151528K->14329K(199680K)] 656548K->519586K(723968K), 0.0245037 secs] [Times: user=0.29 sys=0.00, real=0.02 secs] 
2016-09-13T20:28:01.275-0400: 202.480: [GC (Allocation Failure) [PSYoungGen: 153593K->46185K(185856K)] 659144K->553406K(710144K), 0.0337596 secs] [Times: user=0.36 sys=0.00, real=0.04 secs] 
2016-09-13T20:28:01.499-0400: 202.705: [GC (GCLocker Initiated GC) [PSYoungGen: 185449K->46319K(192000K)] 692673K->559867K(716288K), 0.0076317 secs] [Times: user=0.07 sys=0.01, real=0.00 secs] 
2016-09-13T20:28:01.507-0400: 202.713: [Full GC (Ergonomics) [PSYoungGen: 46319K->0K(192000K)] [ParOldGen: 513548K->38430K(524288K)] 559867K->38430K(716288K), [Metaspace: 44671K->44671K(1087488K)], 0.0592370 secs] [Times: user=0.43 sys=0.01, real=0.06 secs] 
2016-09-13T20:28:01.742-0400: 202.947: [GC (GCLocker Initiated GC) [PSYoungGen: 128000K->49537K(177664K)] 175745K->97282K(701952K), 0.0103232 secs] [Times: user=0.12 sys=0.00, real=0.01 secs] 
2016-09-13T20:28:01.934-0400: 203.139: [GC (GCLocker Initiated GC) [PSYoungGen: 177537K->25060K(194560K)] 226890K->83925K(718848K), 0.0264296 secs] [Times: user=0.29 sys=0.00, real=0.03 secs] 
2016-09-13T20:28:02.139-0400: 203.345: [GC (GCLocker Initiated GC) [PSYoungGen: 149476K->52324K(177152K)] 209916K->113053K(701440K), 0.0064089 secs] [Times: user=0.05 sys=0.01, real=0.00 secs] 
2016-09-13T20:28:02.326-0400: 203.532: [GC (Allocation Failure) [PSYoungGen: 176738K->21817K(192000K)] 239192K->90555K(716288K), 0.0060863 secs] [Times: user=0.04 sys=0.00, real=0.01 secs] 
2016-09-13T20:28:02.507-0400: 203.712: [GC (GCLocker Initiated GC) [PSYoungGen: 142137K->49388K(169984K)] 210878K->118327K(694272K), 0.0101945 secs] [Times: user=0.11 sys=0.00, real=0.02 secs] 
2016-09-13T20:28:02.704-0400: 203.910: [GC (GCLocker Initiated GC) [PSYoungGen: 169708K->46410K(188928K)] 238829K->115697K(713216K), 0.0098633 secs] [Times: user=0.10 sys=0.00, real=0.01 secs] 
2016-09-13T20:28:02.896-0400: 204.102: [GC (GCLocker Initiated GC) [PSYoungGen: 163146K->46437K(163328K)] 238701K->122237K(687616K), 0.0267047 secs] [Times: user=0.36 sys=0.00, real=0.02 secs] 
2016-09-13T20:28:03.091-0400: 204.296: [GC (GCLocker Initiated GC) [PSYoungGen: 163173K->67704K(173568K)] 239045K->152859K(697856K), 0.0101584 secs] [Times: user=0.13 sys=0.01, real=0.01 secs] 
2016-09-13T20:28:03.254-0400: 204.459: [GC (GCLocker Initiated GC) [PSYoungGen: 168056K->48051K(181248K)] 253471K->139814K(705536K), 0.0093569 secs] [Times: user=0.13 sys=0.01, real=0.01 secs] 
2016-09-13T20:28:03.422-0400: 204.628: [GC (GCLocker Initiated GC) [PSYoungGen: 148403K->29697K(176128K)] 240347K->121809K(700416K), 0.0115707 secs] [Times: user=0.13 sys=0.00, real=0.01 secs] 
2016-09-13T20:28:03.623-0400: 204.828: [GC (GCLocker Initiated GC) [PSYoungGen: 131073K->26382K(179200K)] 229320K->124807K(703488K), 0.0061449 secs] [Times: user=0.04 sys=0.00, real=0.01 secs] 
2016-09-13T20:28:03.763-0400: 204.968: [GC (GCLocker Initiated GC) [PSYoungGen: 127758K->35432K(176640K)] 226211K->134170K(700928K), 0.0112913 secs] [Times: user=0.10 sys=0.00, real=0.01 secs] 
2016-09-13T20:28:03.911-0400: 205.116: [GC (GCLocker Initiated GC) [PSYoungGen: 143464K->43247K(181248K)] 242277K->146754K(705536K), 0.0248144 secs] [Times: user=0.21 sys=0.01, real=0.03 secs] 
2016-09-13T20:28:04.104-0400: 205.309: [GC (Allocation Failure) [PSYoungGen: 151279K->29448K(183296K)] 256436K->142471K(707584K), 0.0131699 secs] [Times: user=0.15 sys=0.00, real=0.02 secs] 
2016-09-13T20:28:04.287-0400: 205.493: [GC (GCLocker Initiated GC) [PSYoungGen: 146696K->49414K(186880K)] 261238K->167148K(711168K), 0.0138381 secs] [Times: user=0.12 sys=0.00, real=0.02 secs] 
2016-09-13T20:28:04.499-0400: 205.704: [GC (GCLocker Initiated GC) [PSYoungGen: 166662K->49132K(189952K)] 285934K->168575K(714240K), 0.0256854 secs] [Times: user=0.29 sys=0.00, real=0.02 secs] 
2016-09-13T20:28:04.704-0400: 205.910: [GC (GCLocker Initiated GC) [PSYoungGen: 167916K->31153K(150016K)] 299743K->170804K(674304K), 0.0063302 secs] [Times: user=0.05 sys=0.00, real=0.01 secs] 
2016-09-13T20:28:04.898-0400: 206.103: [GC (GCLocker Initiated GC) [PSYoungGen: 149937K->41762K(191488K)] 295809K->190884K(715776K), 0.0112201 secs] [Times: user=0.05 sys=0.00, real=0.01 secs] 
2016-09-13T20:28:05.117-0400: 206.322: [GC (GCLocker Initiated GC) [PSYoungGen: 163106K->46281K(189440K)] 313779K->201712K(713728K), 0.0095667 secs] [Times: user=0.10 sys=0.00, real=0.00 secs] 
2016-09-13T20:28:05.322-0400: 206.528: [GC (Allocation Failure) [PSYoungGen: 167625K->46378K(192000K)] 323301K->208347K(716288K), 0.0112005 secs] [Times: user=0.13 sys=0.00, real=0.01 secs] 
2016-09-13T20:28:05.502-0400: 206.707: [GC (GCLocker Initiated GC) [PSYoungGen: 170794K->58558K(183296K)] 332769K->220648K(707584K), 0.0176054 secs] [Times: user=0.19 sys=0.00, real=0.02 secs] 
2016-09-13T20:28:05.703-0400: 206.908: [GC (GCLocker Initiated GC) [PSYoungGen: 182974K->5274K(183808K)] 360393K->182973K(708096K), 0.0344754 secs] [Times: user=0.32 sys=0.01, real=0.04 secs] 
2016-09-13T20:28:05.911-0400: 207.116: [GC (GCLocker Initiated GC) [PSYoungGen: 117914K->50843K(163840K)] 295697K->228875K(688128K), 0.0186041 secs] [Times: user=0.18 sys=0.00, real=0.02 secs] 
2016-09-13T20:28:06.099-0400: 207.304: [GC (GCLocker Initiated GC) [PSYoungGen: 163483K->44794K(188416K)] 343116K->224533K(712704K), 0.0177959 secs] [Times: user=0.18 sys=0.00, real=0.02 secs] 
2016-09-13T20:28:06.296-0400: 207.501: [GC (GCLocker Initiated GC) [PSYoungGen: 157434K->49319K(186368K)] 337232K->230924K(710656K), 0.0098364 secs] [Times: user=0.09 sys=0.00, real=0.00 secs] 
2016-09-13T20:28:06.485-0400: 207.691: [GC (Allocation Failure) [PSYoungGen: 161959K->44858K(186368K)] 343712K->235942K(710656K), 0.0100194 secs] [Times: user=0.09 sys=0.00, real=0.01 secs] 
2016-09-13T20:28:06.643-0400: 207.849: [GC (GCLocker Initiated GC) [PSYoungGen: 153572K->14478K(186368K)] 350730K->211897K(710656K), 0.0418249 secs] [Times: user=0.47 sys=0.00, real=0.04 secs] 
2016-09-13T20:28:06.841-0400: 208.047: [GC (GCLocker Initiated GC) [PSYoungGen: 129166K->26569K(188928K)] 326605K->224154K(713216K), 0.0076398 secs] [Times: user=0.05 sys=0.00, real=0.01 secs] 
2016-09-13T20:28:07.019-0400: 208.225: [GC (GCLocker Initiated GC) [PSYoungGen: 142793K->32363K(148992K)] 342030K->233304K(673280K), 0.0104706 secs] [Times: user=0.08 sys=0.00, real=0.01 secs] 
2016-09-13T20:28:07.213-0400: 208.418: [GC (GCLocker Initiated GC) [PSYoungGen: 148587K->52324K(184320K)] 349587K->253479K(708608K), 0.0284297 secs] [Times: user=0.30 sys=0.01, real=0.03 secs] 
2016-09-13T20:28:07.413-0400: 208.618: [GC (GCLocker Initiated GC) [PSYoungGen: 167012K->5274K(186880K)] 377416K->225000K(711168K), 0.0110661 secs] [Times: user=0.12 sys=0.00, real=0.01 secs] 
2016-09-13T20:28:07.596-0400: 208.801: [GC (GCLocker Initiated GC) [PSYoungGen: 119962K->9832K(186880K)] 342744K->232970K(711168K), 0.0105781 secs] [Times: user=0.11 sys=0.00, real=0.00 secs] 
2016-09-13T20:28:07.771-0400: 208.977: [GC (Allocation Failure) [PSYoungGen: 122472K->28083K(140800K)] 345808K->254677K(665088K), 0.0312967 secs] [Times: user=0.31 sys=0.01, real=0.03 secs] 
2016-09-13T20:28:07.966-0400: 209.172: [GC (GCLocker Initiated GC) [PSYoungGen: 136499K->26441K(187904K)] 369169K->259320K(712192K), 0.0070700 secs] [Times: user=0.05 sys=0.00, real=0.01 secs] 
2016-09-13T20:28:08.126-0400: 209.332: [GC (GCLocker Initiated GC) [PSYoungGen: 142665K->27901K(184832K)] 375577K->260935K(709120K), 0.0185351 secs] [Times: user=0.16 sys=0.01, real=0.02 secs] 
2016-09-13T20:28:08.320-0400: 209.526: [GC (GCLocker Initiated GC) [PSYoungGen: 144125K->62742K(179200K)] 377320K->296131K(703488K), 0.0104816 secs] [Times: user=0.07 sys=0.00, real=0.01 secs] 
2016-09-13T20:28:08.502-0400: 209.707: [GC (GCLocker Initiated GC) [PSYoungGen: 176406K->40015K(187392K)] 411451K->275124K(711680K), 0.0137199 secs] [Times: user=0.12 sys=0.00, real=0.01 secs] 
2016-09-13T20:28:08.702-0400: 209.908: [GC (GCLocker Initiated GC) [PSYoungGen: 153679K->24891K(182784K)] 395140K->266658K(707072K), 0.0188946 secs] [Times: user=0.19 sys=0.00, real=0.02 secs] 
2016-09-13T20:28:08.899-0400: 210.104: [GC (GCLocker Initiated GC) [PSYoungGen: 141115K->46217K(186368K)] 384594K->289914K(710656K), 0.0136023 secs] [Times: user=0.13 sys=0.00, real=0.01 secs] 
2016-09-13T20:28:09.099-0400: 210.304: [GC (GCLocker Initiated GC) [PSYoungGen: 162441K->32708K(186880K)] 413938K->284351K(711168K), 0.0079191 secs] [Times: user=0.07 sys=0.01, real=0.00 secs] 
2016-09-13T20:28:09.299-0400: 210.504: [GC (GCLocker Initiated GC) [PSYoungGen: 153540K->35655K(188928K)] 411286K->293561K(713216K), 0.0242067 secs] [Times: user=0.25 sys=0.02, real=0.02 secs] 
2016-09-13T20:28:09.498-0400: 210.703: [GC (GCLocker Initiated GC) [PSYoungGen: 156487K->59732K(184832K)] 414715K->330237K(709120K), 0.0145112 secs] [Times: user=0.15 sys=0.00, real=0.01 secs] 
2016-09-13T20:28:09.698-0400: 210.904: [GC (GCLocker Initiated GC) [PSYoungGen: 179540K->29634K(190976K)] 463741K->318588K(715264K), 0.0272051 secs] [Times: user=0.33 sys=0.00, real=0.02 secs] 
2016-09-13T20:28:09.900-0400: 211.106: [GC (GCLocker Initiated GC) [PSYoungGen: 149442K->61501K(181760K)] 440135K->358628K(706048K), 0.0253078 secs] [Times: user=0.29 sys=0.00, real=0.02 secs] 
2016-09-13T20:28:10.097-0400: 211.303: [GC (GCLocker Initiated GC) [PSYoungGen: 174141K->32453K(187392K)] 477406K->335936K(711680K), 0.0097209 secs] [Times: user=0.09 sys=0.00, real=0.00 secs] 
2016-09-13T20:28:10.282-0400: 211.487: [GC (Allocation Failure) [PSYoungGen: 145093K->47708K(185344K)] 448835K->354677K(709632K), 0.0193484 secs] [Times: user=0.18 sys=0.00, real=0.02 secs] 
2016-09-13T20:28:10.474-0400: 211.680: [GC (GCLocker Initiated GC) [PSYoungGen: 162396K->46185K(187392K)] 469368K->353276K(711680K), 0.0160629 secs] [Times: user=0.13 sys=0.00, real=0.02 secs] 
2016-09-13T20:28:10.646-0400: 211.851: [GC (GCLocker Initiated GC) [PSYoungGen: 160873K->46217K(186368K)] 469541K->355137K(710656K), 0.0152354 secs] [Times: user=0.14 sys=0.00, real=0.02 secs] 
2016-09-13T20:28:10.849-0400: 212.054: [GC (GCLocker Initiated GC) [PSYoungGen: 163977K->23472K(188416K)] 482160K->347932K(712704K), 0.0157471 secs] [Times: user=0.17 sys=0.00, real=0.01 secs] 
2016-09-13T20:28:11.073-0400: 212.278: [GC (GCLocker Initiated GC) [PSYoungGen: 141232K->14328K(189440K)] 477892K->351181K(713728K), 0.0340666 secs] [Times: user=0.35 sys=0.00, real=0.03 secs] 
2016-09-13T20:28:11.273-0400: 212.478: [GC (GCLocker Initiated GC) [PSYoungGen: 133112K->44735K(190464K)] 469967K->387804K(714752K), 0.0072218 secs] [Times: user=0.06 sys=0.00, real=0.01 secs] 
2016-09-13T20:28:11.456-0400: 212.662: [GC (Allocation Failure) [PSYoungGen: 163519K->20239K(189952K)] 512861K->369780K(714240K), 0.0127657 secs] [Times: user=0.11 sys=0.00, real=0.01 secs] 
2016-09-13T20:28:11.645-0400: 212.850: [GC (GCLocker Initiated GC) [PSYoungGen: 139535K->47673K(190464K)] 489108K->397368K(714752K), 0.0243299 secs] [Times: user=0.25 sys=0.01, real=0.03 secs] 
2016-09-13T20:28:11.856-0400: 213.061: [GC (GCLocker Initiated GC) [PSYoungGen: 166969K->32517K(186368K)] 524283K->389904K(710656K), 0.0076108 secs] [Times: user=0.06 sys=0.00, real=0.01 secs] 
2016-09-13T20:28:12.049-0400: 213.255: [GC (GCLocker Initiated GC) [PSYoungGen: 151813K->32713K(188416K)] 515352K->410099K(712704K), 0.0136288 secs] [Times: user=0.17 sys=0.00, real=0.01 secs] 
2016-09-13T20:28:12.247-0400: 213.453: [GC (GCLocker Initiated GC) [PSYoungGen: 152009K->41661K(191488K)] 530990K->420867K(715776K), 0.0187983 secs] [Times: user=0.20 sys=0.00, real=0.02 secs] 
2016-09-13T20:28:12.495-0400: 213.700: [GC (GCLocker Initiated GC) [PSYoungGen: 168125K->9734K(192000K)] 559505K->401382K(716288K), 0.0155779 secs] [Times: user=0.14 sys=0.01, real=0.02 secs] 
2016-09-13T20:28:12.759-0400: 213.964: [GC (GCLocker Initiated GC) [PSYoungGen: 136198K->1956K(189952K)] 535615K->401605K(714240K), 0.0151239 secs] [Times: user=0.12 sys=0.00, real=0.01 secs] 
2016-09-13T20:28:12.954-0400: 214.159: [GC (Allocation Failure) [PSYoungGen: 124836K->9576K(192512K)] 524498K->409271K(716800K), 0.0346380 secs] [Times: user=0.39 sys=0.00, real=0.04 secs] 
2016-09-13T20:28:13.170-0400: 214.375: [GC (GCLocker Initiated GC) [PSYoungGen: 131070K->30817K(185856K)] 532284K->438253K(710144K), 0.0178940 secs] [Times: user=0.18 sys=0.00, real=0.01 secs] 
2016-09-13T20:28:13.337-0400: 214.543: [GC (GCLocker Initiated GC) [PSYoungGen: 154209K->59950K(183808K)] 563346K->469190K(708096K), 0.0254407 secs] [Times: user=0.21 sys=0.00, real=0.02 secs] 
2016-09-13T20:28:13.526-0400: 214.732: [GC (GCLocker Initiated GC) [PSYoungGen: 183342K->34035K(192000K)] 594131K->445101K(716288K), 0.0175078 secs] [Times: user=0.19 sys=0.00, real=0.02 secs] 
2016-09-13T20:28:13.690-0400: 214.895: [GC (GCLocker Initiated GC) [PSYoungGen: 152307K->49352K(188416K)] 569473K->475785K(712704K), 0.0063434 secs] [Times: user=0.06 sys=0.00, real=0.01 secs] 
2016-09-13T20:28:13.898-0400: 215.104: [GC (GCLocker Initiated GC) [PSYoungGen: 167624K->29516K(188416K)] 606335K->472931K(712704K), 0.0165479 secs] [Times: user=0.12 sys=0.00, real=0.01 secs] 
2016-09-13T20:28:14.104-0400: 215.309: [GC (GCLocker Initiated GC) [PSYoungGen: 148812K->41539K(188928K)] 593880K->486749K(713216K), 0.0068671 secs] [Times: user=0.05 sys=0.00, real=0.01 secs] 
2016-09-13T20:28:14.299-0400: 215.505: [GC (GCLocker Initiated GC) [PSYoungGen: 160835K->30812K(187392K)] 618331K->488414K(711680K), 0.0173100 secs] [Times: user=0.14 sys=0.01, real=0.02 secs] 
2016-09-13T20:28:14.516-0400: 215.721: [GC (GCLocker Initiated GC) [PSYoungGen: 154204K->56821K(189952K)] 614860K->525210K(714240K), 0.0087783 secs] [Times: user=0.08 sys=0.01, real=0.01 secs] 
2016-09-13T20:28:14.711-0400: 215.916: [GC (GCLocker Initiated GC) [PSYoungGen: 180213K->41666K(192000K)] 650202K->511923K(716288K), 0.0142339 secs] [Times: user=0.14 sys=0.00, real=0.01 secs] 
2016-09-13T20:28:14.920-0400: 216.126: [GC (GCLocker Initiated GC) [PSYoungGen: 161986K->27937K(148480K)] 638320K->504547K(672768K), 0.0195599 secs] [Times: user=0.20 sys=0.00, real=0.02 secs] 
2016-09-13T20:28:15.142-0400: 216.347: [GC (Allocation Failure) [PSYoungGen: 148257K->15816K(187904K)] 624877K->492666K(712192K), 0.0400203 secs] [Times: user=0.46 sys=0.00, real=0.04 secs] 
2016-09-13T20:28:15.341-0400: 216.546: [GC (GCLocker Initiated GC) [PSYoungGen: 134804K->49165K(188416K)] 613173K->535274K(712704K), 0.0123354 secs] [Times: user=0.12 sys=0.00, real=0.01 secs] 
2016-09-13T20:28:15.517-0400: 216.723: [GC (GCLocker Initiated GC) [PSYoungGen: 168973K->55298K(183296K)] 656608K->543056K(707584K), 0.0147230 secs] [Times: user=0.14 sys=0.00, real=0.01 secs] 
2016-09-13T20:28:15.700-0400: 216.905: [GC (GCLocker Initiated GC) [PSYoungGen: 167938K->23250K(187392K)] 663511K->519075K(711680K), 0.0147137 secs] [Times: user=0.15 sys=0.01, real=0.01 secs] 
2016-09-13T20:28:15.907-0400: 217.112: [GC (GCLocker Initiated GC) [PSYoungGen: 135890K->44735K(184832K)] 631832K->540773K(709120K), 0.0180226 secs] [Times: user=0.13 sys=0.01, real=0.02 secs] 
2016-09-13T20:28:16.081-0400: 217.287: [GC (GCLocker Initiated GC) [PSYoungGen: 158911K->47645K(186880K)] 654968K->543896K(711168K), 0.0273487 secs] [Times: user=0.31 sys=0.00, real=0.03 secs] 
2016-09-13T20:28:16.252-0400: 217.457: [GC (GCLocker Initiated GC) [PSYoungGen: 161821K->65935K(175616K)] 658299K->567227K(699904K), 0.0116002 secs] [Times: user=0.10 sys=0.00, real=0.01 secs] 
2016-09-13T20:28:16.410-0400: 217.616: [GC (GCLocker Initiated GC) [PSYoungGen: 168335K->37332K(182272K)] 669836K->546664K(706560K), 0.0078038 secs] [Times: user=0.08 sys=0.01, real=0.01 secs] 
2016-09-13T20:28:16.582-0400: 217.788: [GC (Allocation Failure) [PSYoungGen: 139732K->28088K(176128K)] 649153K->537864K(700416K), 0.0102314 secs] [Times: user=0.08 sys=0.01, real=0.01 secs] 
2016-09-13T20:28:16.774-0400: 217.979: [GC (GCLocker Initiated GC) [PSYoungGen: 133560K->23436K(180736K)] 643336K->533414K(705024K), 0.0260997 secs] [Times: user=0.28 sys=0.00, real=0.03 secs] 
2016-09-13T20:28:16.927-0400: 218.132: [GC (Allocation Failure) [PSYoungGen: 128908K->23468K(183808K)] 638887K->533724K(708096K), 0.0230733 secs] [Times: user=0.27 sys=0.00, real=0.03 secs] 
2016-09-13T20:28:17.099-0400: 218.304: [GC (GCLocker Initiated GC) [PSYoungGen: 136108K->52202K(185856K)] 646369K->562613K(710144K), 0.0076050 secs] [Times: user=0.06 sys=0.00, real=0.00 secs] 
2016-09-13T20:28:17.282-0400: 218.488: [GC (GCLocker Initiated GC) [PSYoungGen: 164842K->46318K(187392K)] 675483K->557180K(711680K), 0.0102095 secs] [Times: user=0.09 sys=0.00, real=0.01 secs] 
2016-09-13T20:28:17.455-0400: 218.660: [GC (GCLocker Initiated GC) [PSYoungGen: 158446K->43244K(155648K)] 669326K->554267K(679936K), 0.0209183 secs] [Times: user=0.25 sys=0.00, real=0.03 secs] 
2016-09-13T20:28:17.648-0400: 218.853: [Full GC (Ergonomics) [PSYoungGen: 155372K->0K(155648K)] [ParOldGen: 517100K->39258K(524288K)] 672472K->39258K(679936K), [Metaspace: 44679K->44679K(1087488K)], 0.0670672 secs] [Times: user=0.49 sys=0.01, real=0.07 secs] 
2016-09-13T20:28:17.851-0400: 219.056: [GC (GCLocker Initiated GC) [PSYoungGen: 112128K->69200K(173056K)] 151442K->120664K(697344K), 0.0108843 secs] [Times: user=0.13 sys=0.01, real=0.01 secs] 
2016-09-13T20:28:18.017-0400: 219.223: [GC (Allocation Failure) [PSYoungGen: 169552K->41975K(181248K)] 222668K->134987K(705536K), 0.0107490 secs] [Times: user=0.15 sys=0.00, real=0.01 secs] 
2016-09-13T20:28:18.189-0400: 219.394: [GC (GCLocker Initiated GC) [PSYoungGen: 142327K->46351K(173056K)] 235342K->139717K(697344K), 0.0123395 secs] [Times: user=0.15 sys=0.00, real=0.01 secs] 
2016-09-13T20:28:18.346-0400: 219.551: [GC (GCLocker Initiated GC) [PSYoungGen: 150799K->50997K(179200K)] 244343K->144704K(703488K), 0.0102292 secs] [Times: user=0.13 sys=0.00, real=0.02 secs] 
2016-09-13T20:28:18.498-0400: 219.703: [GC (GCLocker Initiated GC) [PSYoungGen: 155445K->60200K(181248K)] 249400K->154439K(705536K), 0.0106265 secs] [Times: user=0.09 sys=0.00, real=0.01 secs] 
2016-09-13T20:28:18.677-0400: 219.882: [GC (GCLocker Initiated GC) [PSYoungGen: 166696K->41789K(184320K)] 261100K->136461K(708608K), 0.0161123 secs] [Times: user=0.15 sys=0.00, real=0.01 secs] 
2016-09-13T20:28:18.850-0400: 220.056: [GC (GCLocker Initiated GC) [PSYoungGen: 148285K->20398K(183808K)] 250735K->124694K(708096K), 0.0097100 secs] [Times: user=0.07 sys=0.00, real=0.01 secs] 
2016-09-13T20:28:19.024-0400: 220.229: [GC (GCLocker Initiated GC) [PSYoungGen: 128942K->28052K(184832K)] 233283K->132626K(709120K), 0.0158283 secs] [Times: user=0.15 sys=0.00, real=0.02 secs] 
2016-09-13T20:28:19.210-0400: 220.415: [GC (GCLocker Initiated GC) [PSYoungGen: 136596K->43312K(180736K)] 241421K->152840K(705024K), 0.0218955 secs] [Times: user=0.23 sys=0.00, real=0.02 secs] 
2016-09-13T20:28:19.400-0400: 220.606: [GC (GCLocker Initiated GC) [PSYoungGen: 153904K->32613K(183296K)] 263435K->142449K(707584K), 0.0046186 secs] [Times: user=0.04 sys=0.00, real=0.00 secs] 
2016-09-13T20:28:19.567-0400: 220.772: [GC (Allocation Failure) [PSYoungGen: 143205K->31031K(185344K)] 259183K->147152K(709632K), 0.0099807 secs] [Times: user=0.09 sys=0.00, real=0.02 secs] 
2016-09-13T20:28:19.753-0400: 220.958: [GC (GCLocker Initiated GC) [PSYoungGen: 149167K->32484K(187904K)] 266807K->173103K(712192K), 0.0231348 secs] [Times: user=0.22 sys=0.01, real=0.03 secs] 
2016-09-13T20:28:19.990-0400: 221.196: [GC (Allocation Failure) [PSYoungGen: 150756K->5152K(188928K)] 294585K->149249K(713216K), 0.0225811 secs] [Times: user=0.26 sys=0.00, real=0.02 secs] 
2016-09-13T20:28:20.194-0400: 221.400: [GC (GCLocker Initiated GC) [PSYoungGen: 122608K->23473K(191488K)] 272779K->173886K(715776K), 0.0213198 secs] [Times: user=0.25 sys=0.00, real=0.02 secs] 
2016-09-13T20:28:20.365-0400: 221.570: [GC (GCLocker Initiated GC) [PSYoungGen: 144305K->15779K(189440K)] 294866K->166467K(713728K), 0.0039150 secs] [Times: user=0.02 sys=0.00, real=0.01 secs] 
2016-09-13T20:28:20.560-0400: 221.766: [GC (GCLocker Initiated GC) [PSYoungGen: 138147K->23282K(190976K)] 296467K->181799K(715264K), 0.0068485 secs] [Times: user=0.05 sys=0.00, real=0.00 secs] 
2016-09-13T20:28:20.774-0400: 221.979: [GC (Allocation Failure) [PSYoungGen: 145650K->11259K(193024K)] 311962K->177701K(717312K), 0.0249191 secs] [Times: user=0.24 sys=0.00, real=0.03 secs] 
2016-09-13T20:28:20.997-0400: 222.202: [GC (GCLocker Initiated GC) [PSYoungGen: 136114K->9863K(193024K)] 308631K->187154K(717312K), 0.0108179 secs] [Times: user=0.09 sys=0.00, real=0.00 secs] 
2016-09-13T20:28:21.191-0400: 222.397: [GC (GCLocker Initiated GC) [PSYoungGen: 136327K->27924K(188928K)] 313661K->205380K(713216K), 0.0156135 secs] [Times: user=0.16 sys=0.00, real=0.01 secs] 
2016-09-13T20:28:21.408-0400: 222.614: [GC (GCLocker Initiated GC) [PSYoungGen: 157460K->29670K(192000K)] 341161K->213569K(716288K), 0.0203504 secs] [Times: user=0.24 sys=0.01, real=0.02 secs] 
2016-09-13T20:28:21.619-0400: 222.825: [GC (GCLocker Initiated GC) [PSYoungGen: 159206K->32549K(196096K)] 343124K->227453K(720384K), 0.0183959 secs] [Times: user=0.17 sys=0.00, real=0.02 secs] 
2016-09-13T20:28:21.850-0400: 223.055: [GC (GCLocker Initiated GC) [PSYoungGen: 172325K->8307K(198144K)] 379402K->223057K(722432K), 0.0263453 secs] [Times: user=0.20 sys=0.00, real=0.03 secs] 
2016-09-13T20:28:22.078-0400: 223.284: [GC (GCLocker Initiated GC) [PSYoungGen: 148083K->41980K(198144K)] 364527K->272425K(722432K), 0.0101031 secs] [Times: user=0.14 sys=0.00, real=0.01 secs] 
2016-09-13T20:28:22.298-0400: 223.503: [GC (GCLocker Initiated GC) [PSYoungGen: 181244K->49288K(188928K)] 417942K->286121K(713216K), 0.0145904 secs] [Times: user=0.09 sys=0.00, real=0.01 secs] 
2016-09-13T20:28:22.540-0400: 223.745: [GC (Allocation Failure) [PSYoungGen: 188552K->23559K(198656K)] 431647K->266777K(722944K), 0.0134866 secs] [Times: user=0.11 sys=0.00, real=0.01 secs] 
2016-09-13T20:28:22.784-0400: 223.990: [GC (GCLocker Initiated GC) [PSYoungGen: 156167K->8184K(196096K)] 405460K->257722K(720384K), 0.0076400 secs] [Times: user=0.06 sys=0.00, real=0.01 secs] 
2016-09-13T20:28:23.003-0400: 224.209: [GC (GCLocker Initiated GC) [PSYoungGen: 140792K->38469K(196096K)] 390341K->288152K(720384K), 0.0210438 secs] [Times: user=0.16 sys=0.00, real=0.02 secs] 
2016-09-13T20:28:23.242-0400: 224.448: [GC (GCLocker Initiated GC) [PSYoungGen: 170565K->47800K(180224K)] 420281K->299253K(704512K), 0.0071271 secs] [Times: user=0.05 sys=0.00, real=0.01 secs] 
2016-09-13T20:28:23.441-0400: 224.646: [GC (GCLocker Initiated GC) [PSYoungGen: 179896K->35491K(196096K)] 431561K->288892K(720384K), 0.0190485 secs] [Times: user=0.18 sys=0.01, real=0.02 secs] 
2016-09-13T20:28:23.655-0400: 224.861: [GC (GCLocker Initiated GC) [PSYoungGen: 163491K->24892K(153088K)] 429305K->296919K(677376K), 0.0080571 secs] [Times: user=0.05 sys=0.00, real=0.01 secs] 
2016-09-13T20:28:23.895-0400: 225.101: [GC (GCLocker Initiated GC) [PSYoungGen: 152892K->9645K(190976K)] 438720K->295654K(715264K), 0.0038439 secs] [Times: user=0.01 sys=0.00, real=0.01 secs] 
2016-09-13T20:28:24.078-0400: 225.283: [GC (GCLocker Initiated GC) [PSYoungGen: 137133K->46280K(191488K)] 423145K->332495K(715776K), 0.0075646 secs] [Times: user=0.04 sys=0.00, real=0.00 secs] 
2016-09-13T20:28:24.271-0400: 225.476: [GC (GCLocker Initiated GC) [PSYoungGen: 173768K->50716K(186880K)] 460031K->337238K(711168K), 0.0211179 secs] [Times: user=0.23 sys=0.01, real=0.02 secs] 
2016-09-13T20:28:24.482-0400: 225.687: [GC (GCLocker Initiated GC) [PSYoungGen: 170524K->38502K(190976K)] 457048K->329728K(715264K), 0.0110750 secs] [Times: user=0.10 sys=0.00, real=0.01 secs] 
2016-09-13T20:28:24.698-0400: 225.903: [GC (GCLocker Initiated GC) [PSYoungGen: 158310K->58374K(181248K)] 457162K->357389K(705536K), 0.0075113 secs] [Times: user=0.09 sys=0.00, real=0.00 secs] 
2016-09-13T20:28:24.862-0400: 226.068: [GC (GCLocker Initiated GC) [PSYoungGen: 169990K->43430K(186880K)] 469021K->354806K(711168K), 0.0205255 secs] [Times: user=0.25 sys=0.00, real=0.02 secs] 
2016-09-13T20:28:25.043-0400: 226.248: [GC (Allocation Failure) [PSYoungGen: 155046K->20334K(183808K)] 466447K->332102K(708096K), 0.0209667 secs] [Times: user=0.25 sys=0.00, real=0.02 secs] 
2016-09-13T20:28:25.224-0400: 226.429: [GC (GCLocker Initiated GC) [PSYoungGen: 132974K->29612K(185856K)] 444748K->355198K(710144K), 0.0091913 secs] [Times: user=0.10 sys=0.00, real=0.01 secs] 
2016-09-13T20:28:25.407-0400: 226.612: [GC (GCLocker Initiated GC) [PSYoungGen: 142252K->51088K(184832K)] 468173K->377184K(709120K), 0.0094291 secs] [Times: user=0.13 sys=0.00, real=0.02 secs] 
2016-09-13T20:28:25.604-0400: 226.810: [GC (GCLocker Initiated GC) [PSYoungGen: 165776K->11255K(187904K)] 497970K->343637K(712192K), 0.0128349 secs] [Times: user=0.12 sys=0.00, real=0.02 secs] 
2016-09-13T20:28:25.805-0400: 227.010: [GC (GCLocker Initiated GC) [PSYoungGen: 125943K->26473K(183808K)] 464411K->366638K(708096K), 0.0118417 secs] [Times: user=0.14 sys=0.00, real=0.02 secs] 
2016-09-13T20:28:25.980-0400: 227.186: [GC (Allocation Failure) [PSYoungGen: 142185K->27833K(186368K)] 482647K->370007K(710656K), 0.0136134 secs] [Times: user=0.14 sys=0.00, real=0.01 secs] 
2016-09-13T20:28:26.162-0400: 227.367: [GC (GCLocker Initiated GC) [PSYoungGen: 140413K->9762K(190464K)] 488662K->358149K(714752K), 0.0041126 secs] [Times: user=0.03 sys=0.00, real=0.00 secs] 
2016-09-13T20:28:26.370-0400: 227.576: [GC (Allocation Failure) [PSYoungGen: 132642K->23468K(190976K)] 482648K->373734K(715264K), 0.0105324 secs] [Times: user=0.11 sys=0.00, real=0.01 secs] 
2016-09-13T20:28:26.560-0400: 227.766: [GC (GCLocker Initiated GC) [PSYoungGen: 146348K->46122K(188416K)] 496617K->396659K(712704K), 0.0160372 secs] [Times: user=0.16 sys=0.01, real=0.02 secs] 
2016-09-13T20:28:26.775-0400: 227.981: [GC (Allocation Failure) [PSYoungGen: 169514K->23468K(191488K)] 521821K->375854K(715776K), 0.0084254 secs] [Times: user=0.09 sys=0.01, real=0.01 secs] 
2016-09-13T20:28:26.964-0400: 228.170: [GC (GCLocker Initiated GC) [PSYoungGen: 146860K->41666K(194048K)] 499249K->394249K(718336K), 0.0128340 secs] [Times: user=0.14 sys=0.00, real=0.02 secs] 
2016-09-13T20:28:27.181-0400: 228.386: [GC (GCLocker Initiated GC) [PSYoungGen: 170178K->23564K(194560K)] 522770K->376365K(718848K), 0.0133517 secs] [Times: user=0.15 sys=0.00, real=0.01 secs] 
2016-09-13T20:28:27.382-0400: 228.588: [GC (GCLocker Initiated GC) [PSYoungGen: 152076K->28056K(191488K)] 506406K->382620K(715776K), 0.0106777 secs] [Times: user=0.13 sys=0.00, real=0.01 secs] 
2016-09-13T20:28:27.605-0400: 228.810: [GC (GCLocker Initiated GC) [PSYoungGen: 160152K->14483K(193024K)] 520876K->375343K(717312K), 0.0100913 secs] [Times: user=0.10 sys=0.00, real=0.01 secs] 
2016-09-13T20:28:27.844-0400: 229.049: [GC (Allocation Failure) [PSYoungGen: 146579K->17393K(198144K)] 513572K->384549K(722432K), 0.0087545 secs] [Times: user=0.08 sys=0.00, real=0.01 secs] 
2016-09-13T20:28:28.046-0400: 229.252: [GC (GCLocker Initiated GC) [PSYoungGen: 153052K->29607K(199680K)] 526282K->404582K(723968K), 0.0068601 secs] [Times: user=0.05 sys=0.00, real=0.01 secs] 
2016-09-13T20:28:28.298-0400: 229.504: [GC (GCLocker Initiated GC) [PSYoungGen: 169895K->41719K(200192K)] 554150K->426171K(724480K), 0.0457506 secs] [Times: user=0.48 sys=0.02, real=0.04 secs] 
2016-09-13T20:28:28.528-0400: 229.734: [GC (GCLocker Initiated GC) [PSYoungGen: 184567K->49473K(192512K)] 569191K->434283K(716800K), 0.0113581 secs] [Times: user=0.11 sys=0.00, real=0.01 secs] 
2016-09-13T20:28:28.763-0400: 229.968: [GC (GCLocker Initiated GC) [PSYoungGen: 192321K->41666K(197120K)] 578825K->432936K(721408K), 0.0307220 secs] [Times: user=0.27 sys=0.00, real=0.03 secs] 
2016-09-13T20:28:29.005-0400: 230.211: [GC (GCLocker Initiated GC) [PSYoungGen: 174786K->27988K(161280K)] 572215K->425586K(685568K), 0.0068050 secs] [Times: user=0.04 sys=0.00, real=0.01 secs] 
2016-09-13T20:28:29.211-0400: 230.416: [GC (GCLocker Initiated GC) [PSYoungGen: 161108K->12650K(195072K)] 564906K->421069K(719360K), 0.0061491 secs] [Times: user=0.05 sys=0.00, real=0.01 secs] 
2016-09-13T20:28:29.448-0400: 230.653: [GC (Allocation Failure) [PSYoungGen: 145770K->26537K(195584K)] 554353K->435275K(719872K), 0.0066371 secs] [Times: user=0.06 sys=0.00, real=0.00 secs] 
2016-09-13T20:28:29.674-0400: 230.879: [GC (GCLocker Initiated GC) [PSYoungGen: 158685K->52138K(192000K)] 568941K->462556K(716288K), 0.0144206 secs] [Times: user=0.13 sys=0.00, real=0.02 secs] 
2016-09-13T20:28:29.866-0400: 231.071: [GC (GCLocker Initiated GC) [PSYoungGen: 184234K->47890K(180224K)] 594674K->458484K(704512K), 0.0210307 secs] [Times: user=0.22 sys=0.01, real=0.02 secs] 
2016-09-13T20:28:30.069-0400: 231.274: [GC (Allocation Failure) [PSYoungGen: 179986K->43057K(194560K)] 590800K->454170K(718848K), 0.0311783 secs] [Times: user=0.33 sys=0.00, real=0.03 secs] 
2016-09-13T20:28:30.275-0400: 231.480: [GC (GCLocker Initiated GC) [PSYoungGen: 170033K->46122K(173568K)] 581152K->457297K(697856K), 0.0203536 secs] [Times: user=0.18 sys=0.00, real=0.02 secs] 
2016-09-13T20:28:30.479-0400: 231.685: [GC (Allocation Failure) [PSYoungGen: 173098K->41752K(194048K)] 584617K->453401K(718336K), 0.0062879 secs] [Times: user=0.06 sys=0.00, real=0.00 secs] 
2016-09-13T20:28:30.669-0400: 231.875: [GC (GCLocker Initiated GC) [PSYoungGen: 167192K->46377K(193536K)] 578842K->458261K(717824K), 0.0080573 secs] [Times: user=0.09 sys=0.00, real=0.01 secs] 
2016-09-13T20:28:30.887-0400: 232.093: [GC (GCLocker Initiated GC) [PSYoungGen: 171817K->46409K(193536K)] 585280K->460114K(717824K), 0.0198261 secs] [Times: user=0.24 sys=0.00, real=0.02 secs] 
2016-09-13T20:28:31.081-0400: 232.287: [GC (GCLocker Initiated GC) [PSYoungGen: 171337K->44798K(169984K)] 585293K->458884K(694272K), 0.0069667 secs] [Times: user=0.06 sys=0.01, real=0.01 secs] 
2016-09-13T20:28:31.288-0400: 232.494: [GC (Allocation Failure) [PSYoungGen: 169726K->52458K(189952K)] 583840K->466739K(714240K), 0.0151116 secs] [Times: user=0.21 sys=0.00, real=0.01 secs] 
2016-09-13T20:28:31.508-0400: 232.713: [GC (GCLocker Initiated GC) [PSYoungGen: 173925K->46223K(192000K)] 589725K->466725K(716288K), 0.0074980 secs] [Times: user=0.06 sys=0.01, real=0.01 secs] 
2016-09-13T20:28:31.696-0400: 232.902: [GC (Allocation Failure) [PSYoungGen: 168079K->47709K(190464K)] 588743K->468567K(714752K), 0.0161900 secs] [Times: user=0.12 sys=0.00, real=0.01 secs] 
2016-09-13T20:28:31.897-0400: 233.103: [GC (GCLocker Initiated GC) [PSYoungGen: 170077K->43121K(191488K)] 590937K->464060K(715776K), 0.0342807 secs] [Times: user=0.37 sys=0.00, real=0.03 secs] 
2016-09-13T20:28:32.106-0400: 233.311: [GC (GCLocker Initiated GC) [PSYoungGen: 165489K->28141K(192000K)] 598709K->461557K(716288K), 0.0182310 secs] [Times: user=0.19 sys=0.00, real=0.02 secs] 
2016-09-13T20:28:32.306-0400: 233.511: [GC (GCLocker Initiated GC) [PSYoungGen: 153069K->41725K(192000K)] 588098K->477086K(716288K), 0.0099983 secs] [Times: user=0.09 sys=0.01, real=0.02 secs] 
2016-09-13T20:28:32.504-0400: 233.710: [GC (GCLocker Initiated GC) [PSYoungGen: 166653K->49228K(192512K)] 602243K->485036K(716800K), 0.0173530 secs] [Times: user=0.16 sys=0.00, real=0.02 secs] 
2016-09-13T20:28:32.714-0400: 233.919: [GC (GCLocker Initiated GC) [PSYoungGen: 176716K->56663K(193024K)] 612885K->492938K(717312K), 0.0314794 secs] [Times: user=0.31 sys=0.00, real=0.03 secs] 
2016-09-13T20:28:32.911-0400: 234.117: [GC (GCLocker Initiated GC) [PSYoungGen: 184151K->50678K(193024K)] 620448K->487032K(717312K), 0.0186549 secs] [Times: user=0.18 sys=0.00, real=0.02 secs] 
2016-09-13T20:28:33.106-0400: 234.311: [GC (Allocation Failure) [PSYoungGen: 174582K->26324K(150528K)] 611074K->469178K(674816K), 0.0125508 secs] [Times: user=0.12 sys=0.00, real=0.02 secs] 
2016-09-13T20:28:33.304-0400: 234.509: [GC (GCLocker Initiated GC) [PSYoungGen: 150228K->69036K(178176K)] 593088K->516587K(702464K), 0.0216297 secs] [Times: user=0.21 sys=0.01, real=0.02 secs] 
2016-09-13T20:28:33.510-0400: 234.716: [GC (GCLocker Initiated GC) [PSYoungGen: 177580K->38623K(185344K)] 631410K->492663K(709632K), 0.0241357 secs] [Times: user=0.25 sys=0.00, real=0.02 secs] 
2016-09-13T20:28:33.701-0400: 234.907: [GC (GCLocker Initiated GC) [PSYoungGen: 147167K->47801K(180224K)] 604403K->505246K(704512K), 0.0175426 secs] [Times: user=0.20 sys=0.00, real=0.02 secs] 
2016-09-13T20:28:33.879-0400: 235.084: [GC (GCLocker Initiated GC) [PSYoungGen: 158393K->26632K(183808K)] 622173K->496641K(708096K), 0.0101472 secs] [Times: user=0.11 sys=0.00, real=0.01 secs] 
2016-09-13T20:28:34.055-0400: 235.260: [GC (GCLocker Initiated GC) [PSYoungGen: 137224K->32826K(185856K)] 613427K->509271K(710144K), 0.0102257 secs] [Times: user=0.15 sys=0.00, real=0.01 secs] 
2016-09-13T20:28:34.274-0400: 235.479: [GC (GCLocker Initiated GC) [PSYoungGen: 148538K->44736K(187392K)] 625008K->521456K(711680K), 0.0104197 secs] [Times: user=0.11 sys=0.01, real=0.01 secs] 
2016-09-13T20:28:34.452-0400: 235.658: [GC (GCLocker Initiated GC) [PSYoungGen: 160448K->24896K(190464K)] 640380K->511128K(714752K), 0.0098740 secs] [Times: user=0.09 sys=0.00, real=0.01 secs] 
2016-09-13T20:28:34.649-0400: 235.855: [GC (GCLocker Initiated GC) [PSYoungGen: 145216K->9709K(130048K)] 643637K->508510K(654336K), 0.0041262 secs] [Times: user=0.02 sys=0.00, real=0.00 secs] 
2016-09-13T20:28:34.850-0400: 236.055: [GC (GCLocker Initiated GC) [PSYoungGen: 130029K->14700K(188928K)] 642756K->527802K(713216K), 0.0314201 secs] [Times: user=0.33 sys=0.01, real=0.03 secs] 
2016-09-13T20:28:35.060-0400: 236.265: [GC (GCLocker Initiated GC) [PSYoungGen: 131436K->47806K(164864K)] 644554K->565844K(689152K), 0.0199830 secs] [Times: user=0.25 sys=0.01, real=0.02 secs] 
2016-09-13T20:28:35.080-0400: 236.285: [Full GC (Ergonomics) [PSYoungGen: 47806K->0K(164864K)] [ParOldGen: 518037K->40370K(524288K)] 565844K->40370K(689152K), [Metaspace: 44687K->44687K(1087488K)], 0.0592025 secs] [Times: user=0.33 sys=0.01, real=0.06 secs] 
2016-09-13T20:28:35.329-0400: 236.534: [GC (GCLocker Initiated GC) [PSYoungGen: 116736K->51183K(184320K)] 164928K->99376K(708608K), 0.0293836 secs] [Times: user=0.36 sys=0.00, real=0.03 secs] 
2016-09-13T20:28:35.496-0400: 236.702: [GC (GCLocker Initiated GC) [PSYoungGen: 161775K->62962K(173568K)] 210105K->137676K(697856K), 0.0098803 secs] [Times: user=0.10 sys=0.00, real=0.00 secs] 
2016-09-13T20:28:35.648-0400: 236.854: [GC (GCLocker Initiated GC) [PSYoungGen: 173554K->31120K(183296K)] 248291K->107491K(707584K), 0.0284741 secs] [Times: user=0.23 sys=0.00, real=0.03 secs] 
2016-09-13T20:28:35.805-0400: 237.011: [GC (Allocation Failure) [PSYoungGen: 133520K->29388K(132096K)] 216226K->113830K(656384K), 0.0069997 secs] [Times: user=0.06 sys=0.00, real=0.01 secs] 
2016-09-13T20:28:35.958-0400: 237.164: [GC (GCLocker Initiated GC) [PSYoungGen: 131788K->44862K(179712K)] 216232K->129590K(704000K), 0.0224034 secs] [Times: user=0.27 sys=0.00, real=0.02 secs] 
2016-09-13T20:28:36.125-0400: 237.331: [GC (GCLocker Initiated GC) [PSYoungGen: 148286K->28142K(178688K)] 239209K->119354K(702976K), 0.0095444 secs] [Times: user=0.11 sys=0.00, real=0.01 secs] 
2016-09-13T20:28:36.299-0400: 237.505: [GC (GCLocker Initiated GC) [PSYoungGen: 131566K->29357K(184832K)] 235099K->133012K(709120K), 0.0118113 secs] [Times: user=0.11 sys=0.00, real=0.01 secs] 
2016-09-13T20:28:36.498-0400: 237.703: [GC (GCLocker Initiated GC) [PSYoungGen: 141997K->41790K(183808K)] 251844K->159377K(708096K), 0.0211436 secs] [Times: user=0.25 sys=0.00, real=0.02 secs] 
2016-09-13T20:28:36.685-0400: 237.891: [GC (GCLocker Initiated GC) [PSYoungGen: 154430K->47959K(187904K)] 272122K->165864K(712192K), 0.0104597 secs] [Times: user=0.11 sys=0.00, real=0.02 secs] 
2016-09-13T20:28:36.884-0400: 238.090: [GC (Allocation Failure) [PSYoungGen: 166231K->40078K(188416K)] 284341K->158440K(712704K), 0.0067102 secs] [Times: user=0.03 sys=0.00, real=0.01 secs] 
2016-09-13T20:28:37.075-0400: 238.281: [GC (GCLocker Initiated GC) [PSYoungGen: 158350K->44667K(190464K)] 276715K->163241K(714752K), 0.0151533 secs] [Times: user=0.04 sys=0.00, real=0.02 secs] 
2016-09-13T20:28:37.258-0400: 238.464: [GC (Allocation Failure) [PSYoungGen: 167547K->45018K(189952K)] 286423K->164056K(714240K), 0.0195084 secs] [Times: user=0.25 sys=0.00, real=0.02 secs] 
2016-09-13T20:28:37.487-0400: 238.692: [GC (GCLocker Initiated GC) [PSYoungGen: 167898K->40174K(190976K)] 286938K->159488K(715264K), 0.0135956 secs] [Times: user=0.12 sys=0.00, real=0.02 secs] 
2016-09-13T20:28:37.703-0400: 238.908: [GC (GCLocker Initiated GC) [PSYoungGen: 168686K->55490K(192512K)] 289611K->176687K(716800K), 0.0117765 secs] [Times: user=0.11 sys=0.00, real=0.01 secs] 
2016-09-13T20:28:37.892-0400: 239.097: [GC (GCLocker Initiated GC) [PSYoungGen: 184002K->40174K(196096K)] 311629K->174027K(720384K), 0.0216197 secs] [Times: user=0.21 sys=0.00, real=0.02 secs] 
2016-09-13T20:28:38.097-0400: 239.302: [GC (GCLocker Initiated GC) [PSYoungGen: 170222K->61346K(191488K)] 304411K->195736K(715776K), 0.0191823 secs] [Times: user=0.19 sys=0.01, real=0.02 secs] 
2016-09-13T20:28:38.314-0400: 239.519: [GC (GCLocker Initiated GC) [PSYoungGen: 191394K->32709K(193024K)] 332122K->173583K(717312K), 0.0164969 secs] [Times: user=0.15 sys=0.00, real=0.02 secs] 
2016-09-13T20:28:38.527-0400: 239.732: [GC (Allocation Failure) [PSYoungGen: 155589K->5242K(128512K)] 304214K->153990K(652800K), 0.0152467 secs] [Times: user=0.16 sys=0.00, real=0.02 secs] 
2016-09-13T20:28:38.737-0400: 239.942: [GC (GCLocker Initiated GC) [PSYoungGen: 128122K->41661K(191488K)] 276873K->190527K(715776K), 0.0136327 secs] [Times: user=0.10 sys=0.00, real=0.01 secs] 
2016-09-13T20:28:38.934-0400: 240.139: [GC (GCLocker Initiated GC) [PSYoungGen: 160445K->40047K(159232K)] 309553K->189341K(683520K), 0.0139364 secs] [Times: user=0.13 sys=0.01, real=0.02 secs] 
2016-09-13T20:28:39.105-0400: 240.310: [GC (Allocation Failure) [PSYoungGen: 158831K->49479K(185344K)] 309851K->200661K(709632K), 0.0178089 secs] [Times: user=0.19 sys=0.01, real=0.02 secs] 
2016-09-13T20:28:39.311-0400: 240.517: [GC (GCLocker Initiated GC) [PSYoungGen: 161269K->43340K(186368K)] 318526K->208382K(710656K), 0.0181546 secs] [Times: user=0.23 sys=0.00, real=0.02 secs] 
2016-09-13T20:28:39.504-0400: 240.709: [GC (GCLocker Initiated GC) [PSYoungGen: 161100K->23409K(192512K)] 335599K->198117K(716800K), 0.0116969 secs] [Times: user=0.12 sys=0.00, real=0.01 secs] 
2016-09-13T20:28:39.696-0400: 240.901: [GC (Allocation Failure) [PSYoungGen: 148849K->58431K(184320K)] 323629K->233330K(708608K), 0.0309413 secs] [Times: user=0.28 sys=0.00, real=0.02 secs] 
2016-09-13T20:28:39.921-0400: 241.126: [GC (GCLocker Initiated GC) [PSYoungGen: 181468K->24950K(190464K)] 362442K->206047K(714752K), 0.0126904 secs] [Times: user=0.13 sys=0.00, real=0.01 secs] 
2016-09-13T20:28:40.110-0400: 241.316: [GC (GCLocker Initiated GC) [PSYoungGen: 143734K->47837K(190464K)] 325038K->229303K(714752K), 0.0139661 secs] [Times: user=0.15 sys=0.00, real=0.01 secs] 
2016-09-13T20:28:40.300-0400: 241.506: [GC (GCLocker Initiated GC) [PSYoungGen: 166621K->44671K(187392K)] 355880K->235642K(711680K), 0.0218946 secs] [Times: user=0.23 sys=0.00, real=0.02 secs] 
2016-09-13T20:28:40.526-0400: 241.732: [GC (GCLocker Initiated GC) [PSYoungGen: 163455K->14292K(188928K)] 355955K->206947K(713216K), 0.0191770 secs] [Times: user=0.20 sys=0.00, real=0.02 secs] 
2016-09-13T20:28:40.704-0400: 241.910: [GC (GCLocker Initiated GC) [PSYoungGen: 133076K->27997K(190464K)] 325839K->225521K(714752K), 0.0283326 secs] [Times: user=0.28 sys=0.01, real=0.03 secs] 
2016-09-13T20:28:40.924-0400: 242.130: [GC (GCLocker Initiated GC) [PSYoungGen: 148317K->58240K(178688K)] 346188K->256262K(702976K), 0.0125317 secs] [Times: user=0.12 sys=0.00, real=0.02 secs] 
2016-09-13T20:28:41.101-0400: 242.307: [GC (GCLocker Initiated GC) [PSYoungGen: 178560K->20239K(187904K)] 384525K->226362K(712192K), 0.0264633 secs] [Times: user=0.31 sys=0.00, real=0.03 secs] 
2016-09-13T20:28:41.299-0400: 242.504: [GC (GCLocker Initiated GC) [PSYoungGen: 133391K->46527K(187392K)] 341118K->254581K(711680K), 0.0070908 secs] [Times: user=0.08 sys=0.01, real=0.00 secs] 
2016-09-13T20:28:41.482-0400: 242.687: [GC (GCLocker Initiated GC) [PSYoungGen: 159679K->47831K(187392K)] 367914K->256366K(711680K), 0.0078055 secs] [Times: user=0.07 sys=0.00, real=0.01 secs] 
2016-09-13T20:28:41.668-0400: 242.873: [GC (GCLocker Initiated GC) [PSYoungGen: 160983K->49196K(187392K)] 369666K->258089K(711680K), 0.0222855 secs] [Times: user=0.18 sys=0.00, real=0.02 secs] 
2016-09-13T20:28:41.903-0400: 243.108: [GC (GCLocker Initiated GC) [PSYoungGen: 162348K->21981K(187904K)] 385195K->251179K(712192K), 0.0049900 secs] [Times: user=0.03 sys=0.00, real=0.00 secs] 
2016-09-13T20:28:42.052-0400: 243.257: [GC (GCLocker Initiated GC) [PSYoungGen: 135645K->47891K(187904K)] 365072K->277602K(712192K), 0.0402509 secs] [Times: user=0.45 sys=0.00, real=0.04 secs] 
2016-09-13T20:28:42.285-0400: 243.490: [GC (GCLocker Initiated GC) [PSYoungGen: 161555K->14329K(186880K)] 403602K->256507K(711168K), 0.0031912 secs] [Times: user=0.02 sys=0.00, real=0.01 secs] 
2016-09-13T20:28:42.454-0400: 243.659: [GC (GCLocker Initiated GC) [PSYoungGen: 126969K->16002K(187392K)] 381381K->270648K(711680K), 0.0110839 secs] [Times: user=0.09 sys=0.00, real=0.01 secs] 
2016-09-13T20:28:42.654-0400: 243.859: [GC (GCLocker Initiated GC) [PSYoungGen: 128642K->8180K(186368K)] 395463K->281344K(710656K), 0.0122096 secs] [Times: user=0.10 sys=0.00, real=0.01 secs] 
2016-09-13T20:28:42.862-0400: 244.067: [GC (Allocation Failure) [PSYoungGen: 119796K->9671K(186880K)] 405140K->299761K(711168K), 0.0036662 secs] [Times: user=0.01 sys=0.01, real=0.00 secs] 
2016-09-13T20:28:43.043-0400: 244.249: [GC (Allocation Failure) [PSYoungGen: 115804K->5328K(185856K)] 405894K->301651K(710144K), 0.0233859 secs] [Times: user=0.22 sys=0.00, real=0.02 secs] 
2016-09-13T20:28:43.219-0400: 244.425: [GC (GCLocker Initiated GC) [PSYoungGen: 115950K->47650K(160256K)] 413792K->345776K(684544K), 0.0069615 secs] [Times: user=0.04 sys=0.00, real=0.00 secs] 
2016-09-13T20:28:43.406-0400: 244.611: [GC (GCLocker Initiated GC) [PSYoungGen: 159778K->30876K(189440K)] 459471K->330736K(713728K), 0.0059252 secs] [Times: user=0.04 sys=0.00, real=0.01 secs] 
2016-09-13T20:28:43.588-0400: 244.793: [GC (GCLocker Initiated GC) [PSYoungGen: 143004K->72041K(184320K)] 444430K->387349K(708608K), 0.0168086 secs] [Times: user=0.16 sys=0.00, real=0.01 secs] 
2016-09-13T20:28:43.753-0400: 244.958: [GC (Allocation Failure) [PSYoungGen: 184169K->14477K(175104K)] 505711K->390845K(699392K), 0.0202674 secs] [Times: user=0.21 sys=0.01, real=0.02 secs] 
2016-09-13T20:28:43.905-0400: 245.111: [GC (GCLocker Initiated GC) [PSYoungGen: 111757K->64353K(161792K)] 488135K->448562K(686080K), 0.0092980 secs] [Times: user=0.08 sys=0.01, real=0.01 secs] 
2016-09-13T20:28:44.065-0400: 245.270: [GC (GCLocker Initiated GC) [PSYoungGen: 161633K->44703K(175104K)] 545970K->429128K(699392K), 0.0238997 secs] [Times: user=0.22 sys=0.00, real=0.03 secs] 
2016-09-13T20:28:44.246-0400: 245.451: [GC (GCLocker Initiated GC) [PSYoungGen: 132767K->5333K(175104K)] 534065K->406817K(699392K), 0.0164499 secs] [Times: user=0.12 sys=0.00, real=0.02 secs] 
2016-09-13T20:28:44.408-0400: 245.613: [GC (Allocation Failure) [PSYoungGen: 93397K->29724K(166912K)] 500997K->437479K(691200K), 0.0099998 secs] [Times: user=0.08 sys=0.00, real=0.02 secs] 
2016-09-13T20:28:44.538-0400: 245.744: [GC (GCLocker Initiated GC) [PSYoungGen: 117786K->29394K(171008K)] 525544K->446556K(695296K), 0.0093505 secs] [Times: user=0.09 sys=0.00, real=0.01 secs] 
2016-09-13T20:28:44.699-0400: 245.904: [GC (GCLocker Initiated GC) [PSYoungGen: 117458K->23437K(173568K)] 549989K->456135K(697856K), 0.0061664 secs] [Times: user=0.05 sys=0.00, real=0.00 secs] 
2016-09-13T20:28:44.865-0400: 246.071: [GC (GCLocker Initiated GC) [PSYoungGen: 124301K->46223K(176128K)] 557043K->479104K(700416K), 0.0069696 secs] [Times: user=0.08 sys=0.00, real=0.01 secs] 
2016-09-13T20:28:45.042-0400: 246.248: [GC (Allocation Failure) [PSYoungGen: 147087K->29448K(180736K)] 579987K->462412K(705024K), 0.0060994 secs] [Times: user=0.06 sys=0.00, real=0.01 secs] 
2016-09-13T20:28:45.208-0400: 246.413: [GC (GCLocker Initiated GC) [PSYoungGen: 140040K->31066K(183296K)] 573010K->468723K(707584K), 0.0068378 secs] [Times: user=0.05 sys=0.01, real=0.00 secs] 
2016-09-13T20:28:45.394-0400: 246.600: [GC (GCLocker Initiated GC) [PSYoungGen: 141658K->24859K(185344K)] 580850K->464334K(709632K), 0.0147429 secs] [Times: user=0.14 sys=0.00, real=0.02 secs] 
2016-09-13T20:28:45.598-0400: 246.804: [GC (GCLocker Initiated GC) [PSYoungGen: 145179K->37206K(186880K)] 584680K->483058K(711168K), 0.0095999 secs] [Times: user=0.08 sys=0.01, real=0.01 secs] 
2016-09-13T20:28:45.814-0400: 247.020: [GC (Allocation Failure) [PSYoungGen: 157526K->9943K(195072K)] 615757K->475935K(719360K), 0.0146368 secs] [Times: user=0.16 sys=0.00, real=0.02 secs] 
2016-09-13T20:28:46.016-0400: 247.221: [GC (GCLocker Initiated GC) [PSYoungGen: 139991K->24769K(155136K)] 605988K->490931K(679424K), 0.0057999 secs] [Times: user=0.03 sys=0.00, real=0.00 secs] 
2016-09-13T20:28:46.227-0400: 247.433: [GC (Allocation Failure) [PSYoungGen: 154817K->27955K(197632K)] 621139K->494349K(721920K), 0.0410484 secs] [Times: user=0.46 sys=0.00, real=0.05 secs] 
2016-09-13T20:28:46.444-0400: 247.649: [GC (GCLocker Initiated GC) [PSYoungGen: 159454K->15720K(194560K)] 631923K->491494K(718848K), 0.0216455 secs] [Times: user=0.24 sys=0.00, real=0.02 secs] 
2016-09-13T20:28:46.657-0400: 247.862: [GC (GCLocker Initiated GC) [PSYoungGen: 150376K->41597K(196608K)] 626393K->517737K(720896K), 0.0261902 secs] [Times: user=0.26 sys=0.00, real=0.02 secs] 
2016-09-13T20:28:46.883-0400: 248.088: [GC (GCLocker Initiated GC) [PSYoungGen: 178813K->43153K(198656K)] 655185K->519683K(722944K), 0.0071491 secs] [Times: user=0.06 sys=0.00, real=0.01 secs] 
2016-09-13T20:28:47.098-0400: 248.303: [GC (GCLocker Initiated GC) [PSYoungGen: 180369K->33977K(198144K)] 669161K->522883K(722432K), 0.0143595 secs] [Times: user=0.14 sys=0.00, real=0.01 secs] 
2016-09-13T20:28:47.346-0400: 248.551: [GC (Allocation Failure) [PSYoungGen: 171705K->20117K(198656K)] 660624K->510732K(722944K), 0.0110676 secs] [Times: user=0.06 sys=0.01, real=0.02 secs] 
2016-09-13T20:28:47.570-0400: 248.775: [GC (GCLocker Initiated GC) [PSYoungGen: 157845K->46280K(196096K)] 648466K->537025K(720384K), 0.0159278 secs] [Times: user=0.15 sys=0.00, real=0.01 secs] 
2016-09-13T20:28:47.800-0400: 249.005: [GC (GCLocker Initiated GC) [PSYoungGen: 182472K->29261K(199168K)] 674930K->521897K(723456K), 0.0123779 secs] [Times: user=0.10 sys=0.00, real=0.01 secs] 
2016-09-13T20:28:48.045-0400: 249.250: [GC (Allocation Failure) [PSYoungGen: 165453K->56917K(188416K)] 658390K->556150K(712704K), 0.0113756 secs] [Times: user=0.08 sys=0.00, real=0.02 secs] 
2016-09-13T20:28:48.233-0400: 249.438: [GC (GCLocker Initiated GC) [PSYoungGen: 184917K->21794K(195072K)] 684150K->539423K(719360K), 0.0229304 secs] [Times: user=0.22 sys=0.01, real=0.03 secs] 
2016-09-13T20:28:48.256-0400: 249.461: [Full GC (Ergonomics) [PSYoungGen: 21794K->0K(195072K)] [ParOldGen: 517628K->33537K(524288K)] 539423K->33537K(719360K), [Metaspace: 44694K->44694K(1087488K)], 0.0715363 secs] [Times: user=0.48 sys=0.00, real=0.06 secs] 
2016-09-13T20:28:48.518-0400: 249.724: [GC (GCLocker Initiated GC) [PSYoungGen: 128000K->54252K(186368K)] 169303K->95556K(710656K), 0.0065416 secs] [Times: user=0.07 sys=0.00, real=0.00 secs] 
2016-09-13T20:28:48.691-0400: 249.896: [GC (GCLocker Initiated GC) [PSYoungGen: 175084K->44667K(191488K)] 217943K->129031K(715776K), 0.0196955 secs] [Times: user=0.19 sys=0.00, real=0.02 secs] 
2016-09-13T20:28:48.863-0400: 250.068: [GC (GCLocker Initiated GC) [PSYoungGen: 165499K->47860K(189440K)] 250070K->138660K(713728K), 0.0137873 secs] [Times: user=0.14 sys=0.01, real=0.02 secs] 
2016-09-13T20:28:49.040-0400: 250.246: [GC (GCLocker Initiated GC) [PSYoungGen: 166644K->35624K(154624K)] 259069K->128204K(678912K), 0.0097880 secs] [Times: user=0.10 sys=0.00, real=0.01 secs] 
2016-09-13T20:28:49.211-0400: 250.417: [GC (GCLocker Initiated GC) [PSYoungGen: 154408K->46381K(187392K)] 247176K->145460K(711680K), 0.0205717 secs] [Times: user=0.24 sys=0.00, real=0.02 secs] 
2016-09-13T20:28:49.409-0400: 250.614: [GC (GCLocker Initiated GC) [PSYoungGen: 165677K->24860K(187904K)] 266296K->125727K(712192K), 0.0214741 secs] [Times: user=0.25 sys=0.00, real=0.02 secs] 
2016-09-13T20:28:49.607-0400: 250.813: [GC (GCLocker Initiated GC) [PSYoungGen: 144156K->37478K(187392K)] 245045K->138586K(711680K), 0.0099632 secs] [Times: user=0.12 sys=0.00, real=0.02 secs] 
2016-09-13T20:28:49.803-0400: 251.009: [GC (GCLocker Initiated GC) [PSYoungGen: 162918K->38783K(190464K)] 264040K->146220K(714752K), 0.0161473 secs] [Times: user=0.16 sys=0.00, real=0.02 secs] 
2016-09-13T20:28:50.025-0400: 251.230: [GC (GCLocker Initiated GC) [PSYoungGen: 164223K->46249K(197120K)] 273387K->160344K(721408K), 0.0146942 secs] [Times: user=0.12 sys=0.01, real=0.02 secs] 
2016-09-13T20:28:50.224-0400: 251.430: [GC (GCLocker Initiated GC) [PSYoungGen: 180393K->31035K(165376K)] 294507K->149906K(689664K), 0.0096744 secs] [Times: user=0.07 sys=0.00, real=0.01 secs] 
2016-09-13T20:28:50.450-0400: 251.656: [GC (GCLocker Initiated GC) [PSYoungGen: 165179K->20339K(197120K)] 285571K->143957K(721408K), 0.0196189 secs] [Times: user=0.17 sys=0.00, real=0.02 secs] 
2016-09-13T20:28:50.699-0400: 251.905: [GC (Allocation Failure) [PSYoungGen: 154995K->32325K(197632K)] 278704K->156154K(721920K), 0.0338413 secs] [Times: user=0.28 sys=0.01, real=0.03 secs] 
2016-09-13T20:28:50.885-0400: 252.090: [GC (Allocation Failure) [PSYoungGen: 165887K->28306K(197632K)] 289715K->152340K(721920K), 0.0128155 secs] [Times: user=0.17 sys=0.00, real=0.02 secs] 
2016-09-13T20:28:51.100-0400: 252.305: [GC (GCLocker Initiated GC) [PSYoungGen: 166546K->53785K(197632K)] 290585K->178137K(721920K), 0.0303707 secs] [Times: user=0.35 sys=0.00, real=0.03 secs] 
2016-09-13T20:28:51.323-0400: 252.528: [GC (GCLocker Initiated GC) [PSYoungGen: 192025K->33048K(200192K)] 322550K->163802K(724480K), 0.0180777 secs] [Times: user=0.24 sys=0.01, real=0.02 secs] 
2016-09-13T20:28:51.532-0400: 252.737: [GC (GCLocker Initiated GC) [PSYoungGen: 169240K->28373K(164864K)] 306238K->165684K(689152K), 0.0097418 secs] [Times: user=0.15 sys=0.00, real=0.01 secs] 
2016-09-13T20:28:51.801-0400: 253.006: [GC (GCLocker Initiated GC) [PSYoungGen: 164565K->43090K(196096K)] 303660K->182378K(720384K), 0.0165163 secs] [Times: user=0.20 sys=0.00, real=0.02 secs] 
2016-09-13T20:28:52.021-0400: 253.226: [GC (GCLocker Initiated GC) [PSYoungGen: 178770K->59923K(196096K)] 318086K->213055K(720384K), 0.0136611 secs] [Times: user=0.12 sys=0.00, real=0.01 secs] 
2016-09-13T20:28:52.240-0400: 253.446: [GC (GCLocker Initiated GC) [PSYoungGen: 195603K->25040K(195072K)] 348758K->234614K(719360K), 0.0105715 secs] [Times: user=0.12 sys=0.00, real=0.01 secs] 
2016-09-13T20:28:52.416-0400: 253.622: [GC (GCLocker Initiated GC) [PSYoungGen: 154064K->25173K(195584K)] 363681K->242626K(719872K), 0.0055142 secs] [Times: user=0.04 sys=0.00, real=0.00 secs] 
2016-09-13T20:28:52.634-0400: 253.840: [GC (GCLocker Initiated GC) [PSYoungGen: 154197K->23533K(193536K)] 371672K->245806K(717824K), 0.0106144 secs] [Times: user=0.13 sys=0.00, real=0.01 secs] 
2016-09-13T20:28:52.853-0400: 254.059: [GC (Allocation Failure) [PSYoungGen: 153069K->9894K(194560K)] 387522K->252123K(718848K), 0.0179889 secs] [Times: user=0.16 sys=0.00, real=0.02 secs] 
2016-09-13T20:28:52.872-0400: 254.077: [GC (GCLocker Initiated GC) [PSYoungGen: 9904K->32K(192000K)] 252133K->258032K(716288K), 0.0031021 secs] [Times: user=0.02 sys=0.01, real=0.00 secs] 
2016-09-13T20:28:53.077-0400: 254.282: [GC (GCLocker Initiated GC) [PSYoungGen: 125984K->67666K(194048K)] 383987K->325669K(718336K), 0.0148042 secs] [Times: user=0.18 sys=0.00, real=0.01 secs] 
2016-09-13T20:28:53.267-0400: 254.472: [GC (GCLocker Initiated GC) [PSYoungGen: 193618K->50869K(168448K)] 451680K->335089K(692736K), 0.0101536 secs] [Times: user=0.09 sys=0.01, real=0.02 secs] 
2016-09-13T20:28:53.449-0400: 254.655: [GC (Allocation Failure) [PSYoungGen: 151221K->6603K(181248K)] 447646K->309360K(705536K), 0.0277564 secs] [Times: user=0.31 sys=0.00, real=0.03 secs] 
2016-09-13T20:28:53.638-0400: 254.844: [GC (GCLocker Initiated GC) [PSYoungGen: 106955K->50970K(177152K)] 409729K->353915K(701440K), 0.0099995 secs] [Times: user=0.11 sys=0.00, real=0.01 secs] 
2016-09-13T20:28:53.768-0400: 254.974: [GC (GCLocker Initiated GC) [PSYoungGen: 147226K->23564K(120320K)] 450193K->326709K(644608K), 0.0126008 secs] [Times: user=0.14 sys=0.01, real=0.01 secs] 
2016-09-13T20:28:53.900-0400: 255.105: [GC (Allocation Failure) [PSYoungGen: 119820K->53908K(175104K)] 423143K->365083K(699392K), 0.0102372 secs] [Times: user=0.12 sys=0.00, real=0.01 secs] 
2016-09-13T20:28:54.084-0400: 255.289: [GC (GCLocker Initiated GC) [PSYoungGen: 149140K->46195K(178176K)] 460317K->365172K(702464K), 0.0180918 secs] [Times: user=0.15 sys=0.00, real=0.02 secs] 
2016-09-13T20:28:54.261-0400: 255.467: [GC (GCLocker Initiated GC) [PSYoungGen: 141427K->29751K(171520K)] 460585K->349083K(695808K), 0.0057485 secs] [Times: user=0.04 sys=0.00, real=0.00 secs] 
2016-09-13T20:28:54.415-0400: 255.620: [GC (GCLocker Initiated GC) [PSYoungGen: 126519K->47491K(175616K)] 453490K->374717K(699904K), 0.0194506 secs] [Times: user=0.18 sys=0.00, real=0.02 secs] 
2016-09-13T20:28:54.569-0400: 255.774: [GC (GCLocker Initiated GC) [PSYoungGen: 144259K->40147K(178176K)] 471708K->372295K(702464K), 0.0134887 secs] [Times: user=0.14 sys=0.00, real=0.01 secs] 
2016-09-13T20:28:54.713-0400: 255.918: [GC (GCLocker Initiated GC) [PSYoungGen: 144595K->47896K(180736K)] 478318K->381805K(705024K), 0.0126095 secs] [Times: user=0.13 sys=0.00, real=0.01 secs] 
2016-09-13T20:28:54.899-0400: 256.104: [GC (GCLocker Initiated GC) [PSYoungGen: 152344K->22013K(183808K)] 494025K->374496K(708096K), 0.0073561 secs] [Times: user=0.07 sys=0.00, real=0.00 secs] 
2016-09-13T20:28:55.079-0400: 256.284: [GC (GCLocker Initiated GC) [PSYoungGen: 131581K->44640K(184832K)] 484071K->397331K(709120K), 0.0143293 secs] [Times: user=0.14 sys=0.00, real=0.01 secs] 
2016-09-13T20:28:55.251-0400: 256.456: [GC (GCLocker Initiated GC) [PSYoungGen: 154208K->53906K(182784K)] 506924K->406811K(707072K), 0.0269254 secs] [Times: user=0.25 sys=0.00, real=0.03 secs] 
2016-09-13T20:28:55.467-0400: 256.672: [GC (GCLocker Initiated GC) [PSYoungGen: 162450K->26510K(185344K)] 516985K->395132K(709632K), 0.0306186 secs] [Times: user=0.32 sys=0.01, real=0.04 secs] 
2016-09-13T20:28:55.655-0400: 256.860: [GC (Allocation Failure) [PSYoungGen: 135054K->52229K(183808K)] 503718K->421059K(708096K), 0.0103033 secs] [Times: user=0.08 sys=0.00, real=0.01 secs] 
2016-09-13T20:28:55.806-0400: 257.012: [GC (GCLocker Initiated GC) [PSYoungGen: 160266K->46249K(185344K)] 530615K->425841K(709632K), 0.0215813 secs] [Times: user=0.20 sys=0.00, real=0.03 secs] 
2016-09-13T20:28:56.014-0400: 257.219: [GC (GCLocker Initiated GC) [PSYoungGen: 154793K->35495K(178688K)] 540493K->421361K(702976K), 0.0098068 secs] [Times: user=0.09 sys=0.00, real=0.01 secs] 
2016-09-13T20:28:56.212-0400: 257.417: [GC (GCLocker Initiated GC) [PSYoungGen: 145063K->32549K(182272K)] 531511K->420674K(706560K), 0.0088963 secs] [Times: user=0.08 sys=0.00, real=0.01 secs] 
2016-09-13T20:28:56.355-0400: 257.560: [GC (GCLocker Initiated GC) [PSYoungGen: 142117K->68940K(175104K)] 530438K->457561K(699392K), 0.0111062 secs] [Times: user=0.10 sys=0.01, real=0.01 secs] 
2016-09-13T20:28:56.496-0400: 257.702: [GC (GCLocker Initiated GC) [PSYoungGen: 173388K->47795K(183296K)] 562132K->467115K(707584K), 0.0151830 secs] [Times: user=0.15 sys=0.00, real=0.01 secs] 
2016-09-13T20:28:56.673-0400: 257.879: [GC (GCLocker Initiated GC) [PSYoungGen: 152243K->46122K(177664K)] 571594K->465733K(701952K), 0.0246206 secs] [Times: user=0.23 sys=0.00, real=0.03 secs] 
2016-09-13T20:28:56.853-0400: 258.059: [GC (GCLocker Initiated GC) [PSYoungGen: 152106K->27838K(181248K)] 571740K->453686K(705536K), 0.0110806 secs] [Times: user=0.11 sys=0.00, real=0.01 secs] 
2016-09-13T20:28:57.019-0400: 258.225: [GC (GCLocker Initiated GC) [PSYoungGen: 133822K->26441K(184320K)] 561205K->463075K(708608K), 0.0195270 secs] [Times: user=0.22 sys=0.00, real=0.02 secs] 
2016-09-13T20:28:57.221-0400: 258.426: [GC (GCLocker Initiated GC) [PSYoungGen: 138569K->27992K(185856K)] 581545K->480423K(710144K), 0.0133985 secs] [Times: user=0.15 sys=0.00, real=0.01 secs] 
2016-09-13T20:28:57.411-0400: 258.616: [GC (GCLocker Initiated GC) [PSYoungGen: 140120K->29570K(185344K)] 598826K->488477K(709632K), 0.0064627 secs] [Times: user=0.06 sys=0.00, real=0.01 secs] 
2016-09-13T20:28:57.601-0400: 258.806: [GC (GCLocker Initiated GC) [PSYoungGen: 145794K->43180K(186880K)] 606574K->504091K(711168K), 0.0147629 secs] [Times: user=0.16 sys=0.01, real=0.02 secs] 
2016-09-13T20:28:57.771-0400: 258.976: [GC (GCLocker Initiated GC) [PSYoungGen: 159404K->68971K(175616K)] 621987K->531779K(699904K), 0.0204416 secs] [Times: user=0.22 sys=0.01, real=0.02 secs] 
2016-09-13T20:28:57.934-0400: 259.139: [GC (GCLocker Initiated GC) [PSYoungGen: 175467K->29489K(184320K)] 638487K->553469K(708608K), 0.0136013 secs] [Times: user=0.11 sys=0.00, real=0.01 secs] 
2016-09-13T20:28:57.947-0400: 259.153: [Full GC (Ergonomics) [PSYoungGen: 29489K->0K(184320K)] [ParOldGen: 523980K->41463K(524288K)] 553469K->41463K(708608K), [Metaspace: 44709K->44709K(1087488K)], 0.0640809 secs] [Times: user=0.45 sys=0.01, real=0.07 secs] 
2016-09-13T20:28:58.149-0400: 259.354: [GC (GCLocker Initiated GC) [PSYoungGen: 106496K->16209K(182784K)] 160141K->69855K(707072K), 0.0161191 secs] [Times: user=0.18 sys=0.01, real=0.01 secs] 
2016-09-13T20:28:58.325-0400: 259.531: [GC (GCLocker Initiated GC) [PSYoungGen: 124241K->41602K(184320K)] 177988K->101791K(708608K), 0.0313534 secs] [Times: user=0.40 sys=0.00, real=0.04 secs] 
2016-09-13T20:28:58.493-0400: 259.699: [GC (GCLocker Initiated GC) [PSYoungGen: 149634K->46218K(185344K)] 216012K->112739K(709632K), 0.0067445 secs] [Times: user=0.06 sys=0.01, real=0.01 secs] 
2016-09-13T20:28:58.656-0400: 259.862: [GC (GCLocker Initiated GC) [PSYoungGen: 157834K->46414K(185344K)] 226133K->115051K(709632K), 0.0219900 secs] [Times: user=0.28 sys=0.00, real=0.02 secs] 
2016-09-13T20:28:58.858-0400: 260.064: [GC (GCLocker Initiated GC) [PSYoungGen: 158030K->34196K(185344K)] 232850K->109208K(709632K), 0.0065539 secs] [Times: user=0.06 sys=0.01, real=0.00 secs] 
2016-09-13T20:28:59.058-0400: 260.264: [GC (GCLocker Initiated GC) [PSYoungGen: 149908K->31132K(186368K)] 231017K->118470K(710656K), 0.0144240 secs] [Times: user=0.12 sys=0.00, real=0.01 secs] 
2016-09-13T20:28:59.263-0400: 260.468: [GC (GCLocker Initiated GC) [PSYoungGen: 146844K->29947K(189440K)] 240304K->137287K(713728K), 0.0100035 secs] [Times: user=0.13 sys=0.00, real=0.01 secs] 
2016-09-13T20:28:59.453-0400: 260.659: [GC (Allocation Failure) [PSYoungGen: 152827K->46344K(189952K)] 260244K->153986K(714240K), 0.0073488 secs] [Times: user=0.07 sys=0.00, real=0.01 secs] 
2016-09-13T20:28:59.648-0400: 260.853: [GC (GCLocker Initiated GC) [PSYoungGen: 169224K->46372K(194560K)] 276869K->154202K(718848K), 0.0074983 secs] [Times: user=0.07 sys=0.00, real=0.00 secs] 
2016-09-13T20:28:59.848-0400: 261.054: [GC (Allocation Failure) [PSYoungGen: 173348K->41880K(168960K)] 282946K->151644K(693248K), 0.0052772 secs] [Times: user=0.04 sys=0.00, real=0.00 secs] 
2016-09-13T20:29:00.063-0400: 261.268: [GC (GCLocker Initiated GC) [PSYoungGen: 168856K->47896K(192000K)] 278621K->157816K(716288K), 0.0102508 secs] [Times: user=0.11 sys=0.00, real=0.01 secs] 
2016-09-13T20:29:00.286-0400: 261.492: [GC (GCLocker Initiated GC) [PSYoungGen: 174360K->28120K(192512K)] 290377K->144346K(716800K), 0.0184195 secs] [Times: user=0.24 sys=0.00, real=0.02 secs] 
2016-09-13T20:29:00.518-0400: 261.724: [GC (GCLocker Initiated GC) [PSYoungGen: 154584K->41635K(193024K)] 280080K->167407K(717312K), 0.0099989 secs] [Times: user=0.10 sys=0.00, real=0.01 secs] 
2016-09-13T20:29:00.708-0400: 261.914: [GC (GCLocker Initiated GC) [PSYoungGen: 172195K->59854K(190464K)] 298005K->191877K(714752K), 0.0407614 secs] [Times: user=0.39 sys=0.00, real=0.04 secs] 
2016-09-13T20:29:00.916-0400: 262.121: [GC (GCLocker Initiated GC) [PSYoungGen: 190414K->32618K(194048K)] 322488K->172519K(718336K), 0.0059819 secs] [Times: user=0.06 sys=0.00, real=0.00 secs] 
2016-09-13T20:29:01.124-0400: 262.330: [GC (GCLocker Initiated GC) [PSYoungGen: 157546K->32672K(157696K)] 303679K->188093K(681984K), 0.0145621 secs] [Times: user=0.17 sys=0.00, real=0.02 secs] 
2016-09-13T20:29:01.341-0400: 262.546: [GC (GCLocker Initiated GC) [PSYoungGen: 157600K->46281K(191488K)] 323740K->217148K(715776K), 0.0073816 secs] [Times: user=0.09 sys=0.00, real=0.01 secs] 
2016-09-13T20:29:01.542-0400: 262.747: [GC (GCLocker Initiated GC) [PSYoungGen: 171209K->23308K(191488K)] 349842K->202118K(715776K), 0.0135250 secs] [Times: user=0.16 sys=0.01, real=0.01 secs] 
2016-09-13T20:29:01.779-0400: 262.984: [GC (Allocation Failure) [PSYoungGen: 148236K->11100K(191488K)] 327073K->190174K(715776K), 0.0211286 secs] [Times: user=0.17 sys=0.00, real=0.02 secs] 
2016-09-13T20:29:01.963-0400: 263.168: [GC (GCLocker Initiated GC) [PSYoungGen: 136028K->26570K(193536K)] 315108K->222492K(717824K), 0.0224932 secs] [Times: user=0.23 sys=0.00, real=0.02 secs] 
2016-09-13T20:29:02.199-0400: 263.404: [GC (GCLocker Initiated GC) [PSYoungGen: 151498K->8306K(193024K)] 353518K->210448K(717312K), 0.0072629 secs] [Times: user=0.04 sys=0.00, real=0.00 secs] 
2016-09-13T20:29:02.372-0400: 263.577: [GC (GCLocker Initiated GC) [PSYoungGen: 134258K->23469K(149504K)] 338025K->236743K(673792K), 0.0053660 secs] [Times: user=0.07 sys=0.00, real=0.01 secs] 
2016-09-13T20:29:02.583-0400: 263.788: [GC (GCLocker Initiated GC) [PSYoungGen: 149421K->37233K(194048K)] 362717K->250684K(718336K), 0.0093216 secs] [Times: user=0.09 sys=0.00, real=0.01 secs] 
2016-09-13T20:29:02.810-0400: 264.015: [GC (GCLocker Initiated GC) [PSYoungGen: 165233K->11537K(193024K)] 386359K->246546K(717312K), 0.0114635 secs] [Times: user=0.12 sys=0.00, real=0.01 secs] 
2016-09-13T20:29:03.044-0400: 264.250: [GC (GCLocker Initiated GC) [PSYoungGen: 139537K->44603K(193024K)] 376231K->286189K(717312K), 0.0330170 secs] [Times: user=0.31 sys=0.00, real=0.04 secs] 
2016-09-13T20:29:03.257-0400: 264.463: [GC (GCLocker Initiated GC) [PSYoungGen: 172603K->14324K(195072K)] 420284K->262167K(719360K), 0.0044832 secs] [Times: user=0.04 sys=0.00, real=0.00 secs] 
2016-09-13T20:29:03.446-0400: 264.652: [GC (GCLocker Initiated GC) [PSYoungGen: 142324K->12870K(192512K)] 402339K->280707K(716800K), 0.0171228 secs] [Times: user=0.18 sys=0.00, real=0.02 secs] 
2016-09-13T20:29:03.651-0400: 264.856: [GC (GCLocker Initiated GC) [PSYoungGen: 141382K->43212K(194048K)] 409245K->318823K(718336K), 0.0141073 secs] [Times: user=0.15 sys=0.00, real=0.01 secs] 
2016-09-13T20:29:03.863-0400: 265.068: [GC (GCLocker Initiated GC) [PSYoungGen: 171724K->43243K(192512K)] 447391K->320654K(716800K), 0.0057969 secs] [Times: user=0.05 sys=0.00, real=0.01 secs] 
2016-09-13T20:29:04.088-0400: 265.294: [GC (Allocation Failure) [PSYoungGen: 168171K->27896K(153088K)] 459491K->319583K(677376K), 0.0160413 secs] [Times: user=0.14 sys=0.01, real=0.01 secs] 
2016-09-13T20:29:04.289-0400: 265.494: [GC (GCLocker Initiated GC) [PSYoungGen: 152587K->46372K(188928K)] 450349K->345862K(713216K), 0.0130889 secs] [Times: user=0.12 sys=0.00, real=0.01 secs] 
2016-09-13T20:29:04.510-0400: 265.715: [GC (GCLocker Initiated GC) [PSYoungGen: 169764K->28055K(191488K)] 483100K->341719K(715776K), 0.0085459 secs] [Times: user=0.09 sys=0.00, real=0.01 secs] 
2016-09-13T20:29:04.705-0400: 265.911: [GC (GCLocker Initiated GC) [PSYoungGen: 151447K->59737K(182784K)] 465115K->373590K(707072K), 0.0159937 secs] [Times: user=0.13 sys=0.01, real=0.02 secs] 
2016-09-13T20:29:04.906-0400: 266.112: [GC (GCLocker Initiated GC) [PSYoungGen: 177497K->59858K(177664K)] 491477K->373962K(701952K), 0.0086959 secs] [Times: user=0.05 sys=0.00, real=0.01 secs] 
2016-09-13T20:29:05.111-0400: 266.316: [GC (Allocation Failure) [PSYoungGen: 177618K->26446K(186368K)] 500940K->350059K(710656K), 0.0156195 secs] [Times: user=0.16 sys=0.00, real=0.01 secs] 
2016-09-13T20:29:05.286-0400: 266.491: [GC (GCLocker Initiated GC) [PSYoungGen: 133701K->27993K(136704K)] 463388K->360932K(660992K), 0.0102925 secs] [Times: user=0.10 sys=0.00, real=0.02 secs] 
2016-09-13T20:29:05.496-0400: 266.701: [GC (GCLocker Initiated GC) [PSYoungGen: 136537K->27928K(184320K)] 481850K->373380K(708608K), 0.0256207 secs] [Times: user=0.25 sys=0.00, real=0.02 secs] 
2016-09-13T20:29:05.700-0400: 266.905: [GC (GCLocker Initiated GC) [PSYoungGen: 139032K->33946K(181760K)] 490596K->385722K(706048K), 0.0142307 secs] [Times: user=0.13 sys=0.01, real=0.01 secs] 
2016-09-13T20:29:05.871-0400: 267.076: [GC (GCLocker Initiated GC) [PSYoungGen: 145050K->47838K(183808K)] 496849K->415027K(708096K), 0.0226681 secs] [Times: user=0.28 sys=0.00, real=0.02 secs] 
2016-09-13T20:29:06.058-0400: 267.263: [GC (GCLocker Initiated GC) [PSYoungGen: 164574K->29543K(185344K)] 539429K->406130K(709632K), 0.0099389 secs] [Times: user=0.12 sys=0.01, real=0.00 secs] 
2016-09-13T20:29:06.256-0400: 267.462: [GC (GCLocker Initiated GC) [PSYoungGen: 146279K->29575K(189952K)] 529067K->414216K(714240K), 0.0283072 secs] [Times: user=0.31 sys=0.00, real=0.02 secs] 
2016-09-13T20:29:06.471-0400: 267.677: [GC (GCLocker Initiated GC) [PSYoungGen: 156551K->44699K(191488K)] 541421K->435795K(715776K), 0.0230318 secs] [Times: user=0.23 sys=0.00, real=0.02 secs] 
2016-09-13T20:29:06.665-0400: 267.871: [GC (GCLocker Initiated GC) [PSYoungGen: 171675K->40147K(196096K)] 564561K->440780K(720384K), 0.0171568 secs] [Times: user=0.16 sys=0.00, real=0.02 secs] 
2016-09-13T20:29:06.878-0400: 268.083: [GC (GCLocker Initiated GC) [PSYoungGen: 172755K->46127K(196608K)] 573623K->447204K(720896K), 0.0067561 secs] [Times: user=0.05 sys=0.00, real=0.00 secs] 
2016-09-13T20:29:07.098-0400: 268.303: [GC (GCLocker Initiated GC) [PSYoungGen: 178735K->47709K(195072K)] 586079K->455248K(719360K), 0.0114263 secs] [Times: user=0.09 sys=0.00, real=0.01 secs] 
2016-09-13T20:29:07.308-0400: 268.514: [GC (GCLocker Initiated GC) [PSYoungGen: 177757K->26320K(196096K)] 585318K->433999K(720384K), 0.0198214 secs] [Times: user=0.18 sys=0.00, real=0.02 secs] 
2016-09-13T20:29:07.541-0400: 268.746: [GC (GCLocker Initiated GC) [PSYoungGen: 156368K->41699K(194048K)] 573342K->467965K(718336K), 0.0218485 secs] [Times: user=0.24 sys=0.00, real=0.02 secs] 
2016-09-13T20:29:07.746-0400: 268.951: [GC (GCLocker Initiated GC) [PSYoungGen: 172771K->14350K(195072K)] 606683K->448302K(719360K), 0.0042862 secs] [Times: user=0.02 sys=0.00, real=0.01 secs] 
2016-09-13T20:29:07.986-0400: 269.191: [GC (GCLocker Initiated GC) [PSYoungGen: 145422K->52267K(190464K)] 581065K->495853K(714752K), 0.0192584 secs] [Times: user=0.19 sys=0.00, real=0.02 secs] 
2016-09-13T20:29:08.215-0400: 269.420: [GC (GCLocker Initiated GC) [PSYoungGen: 177195K->26474K(193536K)] 626898K->476258K(717824K), 0.0167595 secs] [Times: user=0.18 sys=0.01, real=0.02 secs] 
2016-09-13T20:29:08.405-0400: 269.611: [GC (GCLocker Initiated GC) [PSYoungGen: 151402K->19094K(191488K)] 608833K->478190K(715776K), 0.0103884 secs] [Times: user=0.10 sys=0.00, real=0.02 secs] 
2016-09-13T20:29:08.618-0400: 269.823: [GC (Allocation Failure) [PSYoungGen: 145045K->23623K(193024K)] 605911K->492170K(717312K), 0.0127400 secs] [Times: user=0.14 sys=0.00, real=0.01 secs] 
2016-09-13T20:29:08.837-0400: 270.042: [GC (GCLocker Initiated GC) [PSYoungGen: 149575K->52266K(188416K)] 618131K->521098K(712704K), 0.0104244 secs] [Times: user=0.09 sys=0.00, real=0.00 secs] 
2016-09-13T20:29:09.029-0400: 270.235: [GC (GCLocker Initiated GC) [PSYoungGen: 175146K->29510K(192512K)] 644053K->498571K(716800K), 0.0195703 secs] [Times: user=0.18 sys=0.00, real=0.02 secs] 
2016-09-13T20:29:09.231-0400: 270.437: [GC (GCLocker Initiated GC) [PSYoungGen: 152390K->32709K(184832K)] 623151K->503825K(709120K), 0.0104767 secs] [Times: user=0.09 sys=0.00, real=0.01 secs] 
2016-09-13T20:29:09.441-0400: 270.646: [GC (Allocation Failure) [PSYoungGen: 158149K->40142K(189440K)] 629323K->516074K(713728K), 0.0377535 secs] [Times: user=0.39 sys=0.00, real=0.04 secs] 
2016-09-13T20:29:09.640-0400: 270.846: [GC (GCLocker Initiated GC) [PSYoungGen: 165582K->44666K(197632K)] 641520K->520880K(721920K), 0.0100248 secs] [Times: user=0.10 sys=0.00, real=0.01 secs] 
2016-09-13T20:29:09.837-0400: 271.043: [GC (Allocation Failure) [PSYoungGen: 178810K->25115K(159744K)] 655046K->501547K(684032K), 0.0111224 secs] [Times: user=0.11 sys=0.00, real=0.01 secs] 
2016-09-13T20:29:10.045-0400: 271.250: [GC (GCLocker Initiated GC) [PSYoungGen: 154379K->26378K(198656K)] 636887K->510614K(722944K), 0.0280161 secs] [Times: user=0.27 sys=0.00, real=0.03 secs] 
2016-09-13T20:29:10.298-0400: 271.503: [GC (GCLocker Initiated GC) [PSYoungGen: 162058K->49069K(197632K)] 653990K->541065K(721920K), 0.0097397 secs] [Times: user=0.07 sys=0.01, real=0.01 secs] 
2016-09-13T20:29:10.499-0400: 271.704: [GC (GCLocker Initiated GC) [PSYoungGen: 184749K->49409K(192512K)] 684502K->549242K(716800K), 0.0194421 secs] [Times: user=0.22 sys=0.00, real=0.02 secs] 
2016-09-13T20:29:10.717-0400: 271.922: [GC (GCLocker Initiated GC) [PSYoungGen: 177409K->28245K(195072K)] 677254K->528374K(719360K), 0.0051048 secs] [Times: user=0.05 sys=0.00, real=0.00 secs] 
2016-09-13T20:29:10.938-0400: 272.143: [GC (GCLocker Initiated GC) [PSYoungGen: 156245K->14100K(195072K)] 668549K->526621K(719360K), 0.0046627 secs] [Times: user=0.03 sys=0.00, real=0.00 secs] 
2016-09-13T20:29:11.174-0400: 272.380: [GC (Allocation Failure) [PSYoungGen: 143636K->23249K(153088K)] 657723K->540511K(677376K), 0.0190334 secs] [Times: user=0.14 sys=0.00, real=0.02 secs] 
2016-09-13T20:29:11.193-0400: 272.399: [Full GC (Ergonomics) [PSYoungGen: 23249K->0K(153088K)] [ParOldGen: 517261K->33204K(524288K)] 540511K->33204K(677376K), [Metaspace: 44741K->44741K(1087488K)], 0.0615599 secs] [Times: user=0.28 sys=0.01, real=0.06 secs] 
2016-09-13T20:29:11.419-0400: 272.624: [GC (GCLocker Initiated GC) [PSYoungGen: 129536K->63236K(181248K)] 162742K->102517K(705536K), 0.0080266 secs] [Times: user=0.06 sys=0.00, real=0.00 secs] 
2016-09-13T20:29:11.581-0400: 272.786: [GC (GCLocker Initiated GC) [PSYoungGen: 179972K->44816K(189440K)] 220953K->95287K(713728K), 0.0172914 secs] [Times: user=0.17 sys=0.00, real=0.02 secs] 
2016-09-13T20:29:11.734-0400: 272.940: [GC (GCLocker Initiated GC) [PSYoungGen: 161552K->23568K(186368K)] 219788K->82092K(710656K), 0.0063108 secs] [Times: user=0.07 sys=0.00, real=0.01 secs] 
2016-09-13T20:29:11.938-0400: 273.144: [GC (GCLocker Initiated GC) [PSYoungGen: 140304K->40301K(187904K)] 199004K->99144K(712192K), 0.0282229 secs] [Times: user=0.33 sys=0.00, real=0.02 secs] 
2016-09-13T20:29:12.115-0400: 273.320: [GC (GCLocker Initiated GC) [PSYoungGen: 157037K->53976K(186368K)] 215902K->113130K(710656K), 0.0097440 secs] [Times: user=0.10 sys=0.01, real=0.01 secs] 
2016-09-13T20:29:12.305-0400: 273.510: [GC (GCLocker Initiated GC) [PSYoungGen: 170712K->59982K(177152K)] 230064K->124029K(701440K), 0.0091467 secs] [Times: user=0.08 sys=0.00, real=0.01 secs] 
2016-09-13T20:29:12.519-0400: 273.724: [GC (GCLocker Initiated GC) [PSYoungGen: 176718K->46096K(185856K)] 246895K->121015K(710144K), 0.0065611 secs] [Times: user=0.04 sys=0.00, real=0.00 secs] 
2016-09-13T20:29:12.697-0400: 273.902: [GC (GCLocker Initiated GC) [PSYoungGen: 154128K->43312K(151552K)] 230789K->126203K(675840K), 0.0160651 secs] [Times: user=0.15 sys=0.00, real=0.01 secs] 
2016-09-13T20:29:12.878-0400: 274.083: [GC (GCLocker Initiated GC) [PSYoungGen: 151344K->44698K(183808K)] 234369K->127916K(708096K), 0.0062237 secs] [Times: user=0.05 sys=0.00, real=0.00 secs] 
2016-09-13T20:29:13.046-0400: 274.252: [GC (Allocation Failure) [PSYoungGen: 154778K->29607K(181760K)] 244214K->123816K(706048K), 0.0080272 secs] [Times: user=0.07 sys=0.00, real=0.01 secs] 
2016-09-13T20:29:13.240-0400: 274.445: [GC (GCLocker Initiated GC) [PSYoungGen: 139687K->29452K(188416K)] 233899K->128423K(712704K), 0.0070058 secs] [Times: user=0.06 sys=0.00, real=0.00 secs] 
2016-09-13T20:29:13.425-0400: 274.630: [GC (GCLocker Initiated GC) [PSYoungGen: 147212K->50747K(187392K)] 246202K->149954K(711680K), 0.0132727 secs] [Times: user=0.14 sys=0.00, real=0.02 secs] 
2016-09-13T20:29:13.610-0400: 274.815: [GC (Allocation Failure) [PSYoungGen: 168507K->33977K(189440K)] 267879K->141187K(713728K), 0.0062278 secs] [Times: user=0.04 sys=0.00, real=0.01 secs] 
2016-09-13T20:29:13.809-0400: 275.015: [GC (Allocation Failure) [PSYoungGen: 155833K->41570K(190464K)] 263043K->156537K(714752K), 0.0148974 secs] [Times: user=0.13 sys=0.00, real=0.01 secs] 
2016-09-13T20:29:14.010-0400: 275.216: [GC (GCLocker Initiated GC) [PSYoungGen: 163426K->26377K(193024K)] 279911K->142977K(717312K), 0.0178353 secs] [Times: user=0.18 sys=0.00, real=0.02 secs] 
2016-09-13T20:29:14.247-0400: 275.452: [GC (GCLocker Initiated GC) [PSYoungGen: 152841K->23553K(192512K)] 283380K->154353K(716800K), 0.0088670 secs] [Times: user=0.08 sys=0.00, real=0.02 secs] 
2016-09-13T20:29:14.456-0400: 275.661: [GC (GCLocker Initiated GC) [PSYoungGen: 150017K->16029K(195072K)] 294527K->160740K(719360K), 0.0101412 secs] [Times: user=0.09 sys=0.00, real=0.00 secs] 
2016-09-13T20:29:14.686-0400: 275.891: [GC (GCLocker Initiated GC) [PSYoungGen: 145053K->46412K(175616K)] 289857K->202198K(699904K), 0.0313323 secs] [Times: user=0.34 sys=0.00, real=0.04 secs] 
2016-09-13T20:29:14.923-0400: 276.129: [GC (GCLocker Initiated GC) [PSYoungGen: 175436K->43185K(194560K)] 332942K->200908K(718848K), 0.0051116 secs] [Times: user=0.04 sys=0.00, real=0.01 secs] 
2016-09-13T20:29:15.095-0400: 276.300: [GC (GCLocker Initiated GC) [PSYoungGen: 170161K->64698K(192000K)] 327936K->222644K(716288K), 0.0260495 secs] [Times: user=0.30 sys=0.02, real=0.03 secs] 
2016-09-13T20:29:15.298-0400: 276.504: [GC (GCLocker Initiated GC) [PSYoungGen: 191674K->41826K(187904K)] 360431K->210742K(712192K), 0.0100970 secs] [Times: user=0.10 sys=0.01, real=0.01 secs] 
2016-09-13T20:29:15.497-0400: 276.703: [GC (GCLocker Initiated GC) [PSYoungGen: 159586K->29612K(189952K)] 340684K->210892K(714240K), 0.0070237 secs] [Times: user=0.05 sys=0.00, real=0.00 secs] 
2016-09-13T20:29:15.698-0400: 276.904: [GC (GCLocker Initiated GC) [PSYoungGen: 147372K->41730K(185344K)] 331784K->232443K(709632K), 0.0197025 secs] [Times: user=0.18 sys=0.00, real=0.02 secs] 
2016-09-13T20:29:15.901-0400: 277.107: [GC (GCLocker Initiated GC) [PSYoungGen: 161026K->50906K(187904K)] 358080K->248098K(712192K), 0.0099328 secs] [Times: user=0.10 sys=0.00, real=0.01 secs] 
2016-09-13T20:29:16.099-0400: 277.304: [GC (GCLocker Initiated GC) [PSYoungGen: 170202K->49345K(190976K)] 375073K->254344K(715264K), 0.0217978 secs] [Times: user=0.24 sys=0.00, real=0.02 secs] 
2016-09-13T20:29:16.321-0400: 277.526: [GC (GCLocker Initiated GC) [PSYoungGen: 170177K->52288K(173568K)] 382820K->266717K(697856K), 0.0119222 secs] [Times: user=0.11 sys=0.00, real=0.01 secs] 
2016-09-13T20:29:16.508-0400: 277.713: [GC (GCLocker Initiated GC) [PSYoungGen: 173120K->43148K(193024K)] 387589K->260761K(717312K), 0.0317132 secs] [Times: user=0.33 sys=0.01, real=0.03 secs] 
2016-09-13T20:29:16.720-0400: 277.925: [GC (GCLocker Initiated GC) [PSYoungGen: 164492K->64665K(186368K)] 382159K->290168K(710656K), 0.0097566 secs] [Times: user=0.10 sys=0.00, real=0.01 secs] 
2016-09-13T20:29:16.898-0400: 278.104: [GC (GCLocker Initiated GC) [PSYoungGen: 186009K->57073K(184320K)] 417750K->289097K(708608K), 0.0101955 secs] [Times: user=0.10 sys=0.00, real=0.01 secs] 
2016-09-13T20:29:17.098-0400: 278.304: [GC (GCLocker Initiated GC) [PSYoungGen: 166641K->41789K(151552K)] 406401K->290903K(675840K), 0.0275431 secs] [Times: user=0.29 sys=0.00, real=0.02 secs] 
2016-09-13T20:29:17.307-0400: 278.512: [GC (GCLocker Initiated GC) [PSYoungGen: 151357K->27998K(184320K)] 409779K->286879K(708608K), 0.0142228 secs] [Times: user=0.15 sys=0.00, real=0.02 secs] 
2016-09-13T20:29:17.499-0400: 278.704: [GC (GCLocker Initiated GC) [PSYoungGen: 138590K->28120K(184832K)] 405092K->299455K(709120K), 0.0183152 secs] [Times: user=0.17 sys=0.00, real=0.02 secs] 
2016-09-13T20:29:17.669-0400: 278.874: [GC (GCLocker Initiated GC) [PSYoungGen: 138712K->64761K(178176K)] 410226K->336623K(702464K), 0.0140956 secs] [Times: user=0.16 sys=0.00, real=0.01 secs] 
2016-09-13T20:29:17.859-0400: 279.065: [GC (Allocation Failure) [PSYoungGen: 169209K->23586K(183296K)] 447239K->320043K(707584K), 0.0218052 secs] [Times: user=0.25 sys=0.00, real=0.02 secs] 
2016-09-13T20:29:18.029-0400: 279.234: [GC (Allocation Failure) [PSYoungGen: 128034K->32713K(179200K)] 424491K->329348K(703488K), 0.0119852 secs] [Times: user=0.15 sys=0.00, real=0.01 secs] 
2016-09-13T20:29:18.196-0400: 279.401: [GC (GCLocker Initiated GC) [PSYoungGen: 136050K->52325K(181248K)] 434204K->350622K(705536K), 0.0154162 secs] [Times: user=0.15 sys=0.00, real=0.01 secs] 
2016-09-13T20:29:18.365-0400: 279.570: [GC (GCLocker Initiated GC) [PSYoungGen: 156773K->14515K(182272K)] 456765K->314668K(706560K), 0.0093386 secs] [Times: user=0.09 sys=0.00, real=0.01 secs] 
2016-09-13T20:29:18.514-0400: 279.719: [GC (GCLocker Initiated GC) [PSYoungGen: 118963K->69069K(173568K)] 420654K->370943K(697856K), 0.0118559 secs] [Times: user=0.16 sys=0.00, real=0.01 secs] 
2016-09-13T20:29:18.698-0400: 279.904: [GC (GCLocker Initiated GC) [PSYoungGen: 173517K->28093K(178176K)] 489120K->343917K(702464K), 0.0130987 secs] [Times: user=0.14 sys=0.00, real=0.01 secs] 
2016-09-13T20:29:18.865-0400: 280.070: [GC (GCLocker Initiated GC) [PSYoungGen: 120253K->41666K(134144K)] 436224K->362541K(658432K), 0.0120616 secs] [Times: user=0.10 sys=0.01, real=0.02 secs] 
2016-09-13T20:29:19.026-0400: 280.231: [GC (GCLocker Initiated GC) [PSYoungGen: 133826K->20516K(172544K)] 456271K->343048K(696832K), 0.0126674 secs] [Times: user=0.13 sys=0.00, real=0.02 secs] 
2016-09-13T20:29:19.161-0400: 280.367: [GC (Allocation Failure) [PSYoungGen: 113188K->23383K(172032K)] 438883K->349338K(696320K), 0.0195392 secs] [Times: user=0.21 sys=0.00, real=0.02 secs] 
2016-09-13T20:29:19.323-0400: 280.528: [GC (GCLocker Initiated GC) [PSYoungGen: 115999K->60014K(175616K)] 443473K->387671K(699904K), 0.0095870 secs] [Times: user=0.09 sys=0.01, real=0.01 secs] 
2016-09-13T20:29:19.495-0400: 280.701: [GC (GCLocker Initiated GC) [PSYoungGen: 157294K->23436K(179712K)] 497293K->363829K(704000K), 0.0146940 secs] [Times: user=0.12 sys=0.01, real=0.02 secs] 
2016-09-13T20:29:19.653-0400: 280.858: [GC (GCLocker Initiated GC) [PSYoungGen: 120716K->50998K(179200K)] 461204K->391794K(703488K), 0.0086908 secs] [Times: user=0.12 sys=0.00, real=0.01 secs] 
2016-09-13T20:29:19.839-0400: 281.044: [GC (Allocation Failure) [PSYoungGen: 149811K->43185K(142336K)] 490915K->384523K(666624K), 0.0131461 secs] [Times: user=0.11 sys=0.00, real=0.01 secs] 
2016-09-13T20:29:19.974-0400: 281.179: [GC (GCLocker Initiated GC) [PSYoungGen: 142001K->37546K(182784K)] 483341K->379186K(707072K), 0.0154583 secs] [Times: user=0.22 sys=0.00, real=0.02 secs] 
2016-09-13T20:29:20.141-0400: 281.347: [GC (GCLocker Initiated GC) [PSYoungGen: 141482K->41726K(179200K)] 483170K->383671K(703488K), 0.0060525 secs] [Times: user=0.08 sys=0.00, real=0.00 secs] 
2016-09-13T20:29:20.309-0400: 281.514: [GC (GCLocker Initiated GC) [PSYoungGen: 145662K->29613K(182272K)] 495220K->379302K(706560K), 0.0098252 secs] [Times: user=0.09 sys=0.00, real=0.01 secs] 
2016-09-13T20:29:20.518-0400: 281.724: [GC (GCLocker Initiated GC) [PSYoungGen: 139181K->12714K(180736K)] 495107K->379476K(705024K), 0.0229846 secs] [Times: user=0.17 sys=0.00, real=0.02 secs] 
2016-09-13T20:29:20.710-0400: 281.915: [GC (GCLocker Initiated GC) [PSYoungGen: 122282K->37074K(185856K)] 501282K->422366K(710144K), 0.0219435 secs] [Times: user=0.22 sys=0.00, real=0.02 secs] 
2016-09-13T20:29:20.911-0400: 282.117: [GC (GCLocker Initiated GC) [PSYoungGen: 155858K->41565K(187904K)] 548888K->437822K(712192K), 0.0217209 secs] [Times: user=0.21 sys=0.00, real=0.02 secs] 
2016-09-13T20:29:21.101-0400: 282.306: [GC (GCLocker Initiated GC) [PSYoungGen: 160349K->27838K(189440K)] 568780K->436463K(713728K), 0.0211126 secs] [Times: user=0.22 sys=0.00, real=0.02 secs] 
2016-09-13T20:29:21.322-0400: 282.527: [GC (GCLocker Initiated GC) [PSYoungGen: 153278K->29511K(191488K)] 568006K->445872K(715776K), 0.0170276 secs] [Times: user=0.18 sys=0.00, real=0.02 secs] 
2016-09-13T20:29:21.542-0400: 282.747: [GC (GCLocker Initiated GC) [PSYoungGen: 154951K->46160K(194560K)] 574540K->471983K(718848K), 0.0080237 secs] [Times: user=0.07 sys=0.00, real=0.01 secs] 
2016-09-13T20:29:21.740-0400: 282.945: [GC (GCLocker Initiated GC) [PSYoungGen: 176720K->23595K(196096K)] 610401K->457356K(720384K), 0.0097097 secs] [Times: user=0.08 sys=0.00, real=0.01 secs] 
2016-09-13T20:29:22.000-0400: 283.205: [GC (Allocation Failure) [PSYoungGen: 154155K->5242K(192512K)] 595521K->446868K(716800K), 0.0155186 secs] [Times: user=0.15 sys=0.00, real=0.01 secs] 
2016-09-13T20:29:22.209-0400: 283.414: [GC (GCLocker Initiated GC) [PSYoungGen: 133242K->44640K(173056K)] 574908K->486582K(697344K), 0.0228595 secs] [Times: user=0.23 sys=0.00, real=0.02 secs] 
2016-09-13T20:29:22.410-0400: 283.616: [GC (GCLocker Initiated GC) [PSYoungGen: 172640K->67576K(175616K)] 614605K->549278K(699904K), 0.0353640 secs] [Times: user=0.40 sys=0.00, real=0.03 secs] 
2016-09-13T20:29:22.605-0400: 283.811: [GC (GCLocker Initiated GC) --[PSYoungGen: 175096K->175096K(175616K)] 664657K->696851K(699904K), 0.0321995 secs] [Times: user=0.34 sys=0.01, real=0.04 secs] 
2016-09-13T20:29:22.638-0400: 283.843: [Full GC (Ergonomics) [PSYoungGen: 175096K->0K(175616K)] [ParOldGen: 521755K->41042K(524288K)] 696851K->41042K(699904K), [Metaspace: 44741K->44741K(1087488K)], 0.0583529 secs] [Times: user=0.30 sys=0.00, real=0.06 secs] 
2016-09-13T20:29:22.839-0400: 284.044: [GC (GCLocker Initiated GC) [PSYoungGen: 107520K->76912K(184832K)] 148584K->117976K(709120K), 0.0107974 secs] [Times: user=0.08 sys=0.00, real=0.01 secs] 
2016-09-13T20:29:22.975-0400: 284.180: [GC (GCLocker Initiated GC) [PSYoungGen: 184432K->29735K(168448K)] 231613K->118440K(692736K), 0.0262415 secs] [Times: user=0.32 sys=0.00, real=0.03 secs] 
2016-09-13T20:29:23.092-0400: 284.297: [GC (Allocation Failure) [PSYoungGen: 120871K->67731K(159232K)] 209724K->158429K(683520K), 0.0082137 secs] [Times: user=0.10 sys=0.00, real=0.01 secs] 
2016-09-13T20:29:23.243-0400: 284.449: [GC (Allocation Failure) [PSYoungGen: 158866K->34201K(175104K)] 249565K->125113K(699392K), 0.0100805 secs] [Times: user=0.11 sys=0.00, real=0.01 secs] 
2016-09-13T20:29:23.402-0400: 284.607: [GC (GCLocker Initiated GC) [PSYoungGen: 120094K->11287K(175104K)] 217082K->108347K(699392K), 0.0043530 secs] [Times: user=0.03 sys=0.00, real=0.00 secs] 
2016-09-13T20:29:23.521-0400: 284.726: [GC (GCLocker Initiated GC) [PSYoungGen: 99351K->50939K(175104K)] 196581K->148297K(699392K), 0.0068760 secs] [Times: user=0.08 sys=0.00, real=0.01 secs] 
2016-09-13T20:29:23.667-0400: 284.872: [GC (GCLocker Initiated GC) [PSYoungGen: 139003K->44826K(133120K)] 236386K->166703K(657408K), 0.0216119 secs] [Times: user=0.23 sys=0.00, real=0.03 secs] 
2016-09-13T20:29:23.820-0400: 285.025: [GC (GCLocker Initiated GC) [PSYoungGen: 132890K->44768K(176128K)] 254995K->171846K(700416K), 0.0102985 secs] [Times: user=0.09 sys=0.00, real=0.01 secs] 
2016-09-13T20:29:23.952-0400: 285.158: [GC (GCLocker Initiated GC) [PSYoungGen: 135903K->44890K(173056K)] 263236K->178570K(697344K), 0.0086164 secs] [Times: user=0.09 sys=0.00, real=0.01 secs] 
2016-09-13T20:29:24.102-0400: 285.307: [GC (GCLocker Initiated GC) [PSYoungGen: 136026K->25018K(175616K)] 272894K->162130K(699904K), 0.0047124 secs] [Times: user=0.03 sys=0.00, real=0.00 secs] 
2016-09-13T20:29:24.263-0400: 285.469: [GC (GCLocker Initiated GC) [PSYoungGen: 121274K->53752K(174592K)] 258412K->191025K(698880K), 0.0153019 secs] [Times: user=0.12 sys=0.01, real=0.02 secs] 
2016-09-13T20:29:24.414-0400: 285.620: [GC (GCLocker Initiated GC) [PSYoungGen: 150008K->29793K(181248K)] 287329K->176444K(705536K), 0.0099665 secs] [Times: user=0.10 sys=0.00, real=0.01 secs] 
2016-09-13T20:29:24.598-0400: 285.804: [GC (GCLocker Initiated GC) [PSYoungGen: 133729K->26505K(181760K)] 281926K->175101K(706048K), 0.0213476 secs] [Times: user=0.21 sys=0.00, real=0.02 secs] 
2016-09-13T20:29:24.777-0400: 285.982: [GC (GCLocker Initiated GC) [PSYoungGen: 130441K->6575K(181248K)] 280573K->164509K(705536K), 0.0239668 secs] [Times: user=0.23 sys=0.00, real=0.02 secs] 
2016-09-13T20:29:24.944-0400: 286.149: [GC (GCLocker Initiated GC) [PSYoungGen: 111535K->50742K(156160K)] 269675K->209042K(680448K), 0.0173315 secs] [Times: user=0.20 sys=0.00, real=0.02 secs] 
2016-09-13T20:29:25.107-0400: 286.312: [GC (GCLocker Initiated GC) [PSYoungGen: 155702K->43403K(184320K)] 314223K->202062K(708608K), 0.0101043 secs] [Times: user=0.09 sys=0.00, real=0.02 secs] 
2016-09-13T20:29:25.291-0400: 286.497: [GC (GCLocker Initiated GC) [PSYoungGen: 148363K->47710K(153088K)] 307320K->211563K(677376K), 0.0123101 secs] [Times: user=0.12 sys=0.00, real=0.01 secs] 
2016-09-13T20:29:25.451-0400: 286.657: [GC (Allocation Failure) [PSYoungGen: 152670K->12932K(181760K)] 328887K->189221K(706048K), 0.0131320 secs] [Times: user=0.13 sys=0.00, real=0.01 secs] 
2016-09-13T20:29:25.633-0400: 286.839: [GC (Allocation Failure) [PSYoungGen: 117380K->21821K(182272K)] 293669K->198291K(706560K), 0.0059010 secs] [Times: user=0.05 sys=0.00, real=0.01 secs] 
2016-09-13T20:29:25.804-0400: 287.009: [GC (GCLocker Initiated GC) [PSYoungGen: 121774K->28120K(179200K)] 304319K->210824K(703488K), 0.0108099 secs] [Times: user=0.11 sys=0.00, real=0.01 secs] 
2016-09-13T20:29:25.970-0400: 287.175: [GC (GCLocker Initiated GC) [PSYoungGen: 136152K->46345K(181248K)] 318972K->229370K(705536K), 0.0154569 secs] [Times: user=0.17 sys=0.00, real=0.01 secs] 
2016-09-13T20:29:26.150-0400: 287.355: [GC (Allocation Failure) [PSYoungGen: 154377K->28142K(184320K)] 343709K->217748K(708608K), 0.0094762 secs] [Times: user=0.10 sys=0.00, real=0.01 secs] 
2016-09-13T20:29:26.318-0400: 287.523: [GC (GCLocker Initiated GC) [PSYoungGen: 143342K->46218K(186368K)] 332954K->236115K(710656K), 0.0222039 secs] [Times: user=0.26 sys=0.00, real=0.02 secs] 
2016-09-13T20:29:26.503-0400: 287.708: [GC (GCLocker Initiated GC) [PSYoungGen: 161418K->50843K(186368K)] 351423K->241002K(710656K), 0.0069385 secs] [Times: user=0.06 sys=0.00, real=0.01 secs] 
2016-09-13T20:29:26.703-0400: 287.908: [GC (GCLocker Initiated GC) [PSYoungGen: 165531K->43343K(188416K)] 357354K->235361K(712704K), 0.0083232 secs] [Times: user=0.06 sys=0.00, real=0.01 secs] 
2016-09-13T20:29:26.899-0400: 288.104: [GC (GCLocker Initiated GC) [PSYoungGen: 158031K->41534K(183296K)] 351799K->235558K(707584K), 0.0268502 secs] [Times: user=0.28 sys=0.00, real=0.02 secs] 
2016-09-13T20:29:27.103-0400: 288.308: [GC (GCLocker Initiated GC) [PSYoungGen: 157246K->43094K(186368K)] 352946K->239023K(710656K), 0.0140202 secs] [Times: user=0.15 sys=0.00, real=0.02 secs] 
2016-09-13T20:29:27.288-0400: 288.494: [GC (GCLocker Initiated GC) [PSYoungGen: 158806K->23371K(188928K)] 360816K->231575K(713216K), 0.0319186 secs] [Times: user=0.38 sys=0.00, real=0.03 secs] 
2016-09-13T20:29:27.488-0400: 288.693: [GC (GCLocker Initiated GC) [PSYoungGen: 145739K->40271K(190976K)] 366179K->260984K(715264K), 0.0276463 secs] [Times: user=0.36 sys=0.00, real=0.03 secs] 
2016-09-13T20:29:27.698-0400: 288.904: [GC (GCLocker Initiated GC) [PSYoungGen: 162639K->32586K(189440K)] 395619K->273322K(713728K), 0.0200667 secs] [Times: user=0.23 sys=0.00, real=0.02 secs] 
2016-09-13T20:29:27.920-0400: 289.126: [GC (Allocation Failure) [PSYoungGen: 159562K->31131K(191488K)] 400368K->278179K(715776K), 0.0129398 secs] [Times: user=0.14 sys=0.00, real=0.01 secs] 
2016-09-13T20:29:28.120-0400: 289.325: [GC (Allocation Failure) [PSYoungGen: 154049K->24988K(195072K)] 401097K->279863K(719360K), 0.0072646 secs] [Times: user=0.07 sys=0.00, real=0.00 secs] 
2016-09-13T20:29:28.329-0400: 289.534: [GC (GCLocker Initiated GC) [PSYoungGen: 156190K->28152K(196608K)] 417140K->289241K(720896K), 0.0114371 secs] [Times: user=0.12 sys=0.00, real=0.01 secs] 
2016-09-13T20:29:28.549-0400: 289.755: [GC (GCLocker Initiated GC) [PSYoungGen: 162808K->11227K(199168K)] 424078K->272624K(723456K), 0.0037827 secs] [Times: user=0.02 sys=0.00, real=0.00 secs] 
2016-09-13T20:29:28.792-0400: 289.998: [GC (GCLocker Initiated GC) [PSYoungGen: 149467K->26341K(164864K)] 410892K->287944K(689152K), 0.0187060 secs] [Times: user=0.15 sys=0.00, real=0.02 secs] 
2016-09-13T20:29:29.007-0400: 290.212: [GC (GCLocker Initiated GC) [PSYoungGen: 164581K->12996K(198656K)] 432375K->287094K(722944K), 0.0044700 secs] [Times: user=0.04 sys=0.00, real=0.01 secs] 
2016-09-13T20:29:29.285-0400: 290.490: [GC (GCLocker Initiated GC) [PSYoungGen: 151748K->41603K(199168K)] 429068K->319205K(723456K), 0.0078683 secs] [Times: user=0.09 sys=0.00, real=0.01 secs] 
2016-09-13T20:29:29.491-0400: 290.696: [GC (Allocation Failure) [PSYoungGen: 180355K->47864K(194048K)] 459501K->327108K(718336K), 0.0137456 secs] [Times: user=0.15 sys=0.00, real=0.01 secs] 
2016-09-13T20:29:29.688-0400: 290.894: [GC (GCLocker Initiated GC) [PSYoungGen: 177816K->38720K(197120K)] 463135K->336380K(721408K), 0.0117990 secs] [Times: user=0.15 sys=0.01, real=0.01 secs] 
2016-09-13T20:29:29.933-0400: 291.138: [GC (GCLocker Initiated GC) [PSYoungGen: 170816K->16125K(196096K)] 474722K->320194K(720384K), 0.0081120 secs] [Times: user=0.09 sys=0.00, real=0.01 secs] 
2016-09-13T20:29:30.139-0400: 291.344: [GC (Allocation Failure) [PSYoungGen: 149245K->27934K(161280K)] 454840K->335281K(685568K), 0.0117984 secs] [Times: user=0.11 sys=0.00, real=0.01 secs] 
2016-09-13T20:29:30.151-0400: 291.356: [GC (GCLocker Initiated GC) [PSYoungGen: 28767K->32K(194560K)] 336114K->335083K(718848K), 0.0060983 secs] [Times: user=0.07 sys=0.00, real=0.01 secs] 
2016-09-13T20:29:30.378-0400: 291.583: [GC (GCLocker Initiated GC) [PSYoungGen: 132191K->32990K(196608K)] 473317K->374116K(720896K), 0.0065075 secs] [Times: user=0.08 sys=0.00, real=0.00 secs] 
2016-09-13T20:29:30.566-0400: 291.771: [GC (GCLocker Initiated GC) [PSYoungGen: 166110K->32709K(194048K)] 507259K->380442K(718336K), 0.0071471 secs] [Times: user=0.08 sys=0.00, real=0.01 secs] 
2016-09-13T20:29:30.802-0400: 292.007: [GC (Allocation Failure) [PSYoungGen: 169413K->30976K(196608K)] 517193K->383580K(720896K), 0.0172422 secs] [Times: user=0.18 sys=0.01, real=0.02 secs] 
2016-09-13T20:29:31.017-0400: 292.222: [GC (GCLocker Initiated GC) [PSYoungGen: 167680K->44603K(199168K)] 520290K->398955K(723456K), 0.0132047 secs] [Times: user=0.09 sys=0.00, real=0.01 secs] 
2016-09-13T20:29:31.260-0400: 292.465: [GC (GCLocker Initiated GC) [PSYoungGen: 185915K->43312K(184832K)] 540409K->398018K(709120K), 0.0101974 secs] [Times: user=0.11 sys=0.00, real=0.01 secs] 
2016-09-13T20:29:31.466-0400: 292.671: [GC (GCLocker Initiated GC) [PSYoungGen: 184624K->47741K(194560K)] 539551K->402890K(718848K), 0.0142058 secs] [Times: user=0.15 sys=0.00, real=0.02 secs] 
2016-09-13T20:29:31.679-0400: 292.885: [GC (GCLocker Initiated GC) [PSYoungGen: 179837K->51064K(183296K)] 535243K->406648K(707584K), 0.0075609 secs] [Times: user=0.09 sys=0.01, real=0.00 secs] 
2016-09-13T20:29:31.880-0400: 293.086: [GC (GCLocker Initiated GC) [PSYoungGen: 183160K->50844K(188416K)] 538770K->406695K(712704K), 0.0097849 secs] [Times: user=0.12 sys=0.00, real=0.01 secs] 
2016-09-13T20:29:32.095-0400: 293.301: [GC (GCLocker Initiated GC) [PSYoungGen: 170652K->46319K(190976K)] 526704K->410111K(715264K), 0.0106714 secs] [Times: user=0.11 sys=0.01, real=0.01 secs] 
2016-09-13T20:29:32.288-0400: 293.493: [GC (Allocation Failure) [PSYoungGen: 166127K->41633K(186880K)] 530176K->405876K(711168K), 0.0124267 secs] [Times: user=0.12 sys=0.01, real=0.01 secs] 
2016-09-13T20:29:32.471-0400: 293.676: [GC (GCLocker Initiated GC) [PSYoungGen: 161441K->44603K(188928K)] 525687K->408960K(713216K), 0.0140938 secs] [Times: user=0.11 sys=0.00, real=0.01 secs] 
2016-09-13T20:29:32.659-0400: 293.864: [GC (GCLocker Initiated GC) [PSYoungGen: 164411K->55272K(187392K)] 528815K->419748K(711680K), 0.0119680 secs] [Times: user=0.13 sys=0.00, real=0.01 secs] 
2016-09-13T20:29:32.849-0400: 294.054: [GC (GCLocker Initiated GC) [PSYoungGen: 174056K->26537K(190464K)] 544805K->401989K(714752K), 0.0053640 secs] [Times: user=0.04 sys=0.00, real=0.00 secs] 
2016-09-13T20:29:33.059-0400: 294.265: [GC (GCLocker Initiated GC) [PSYoungGen: 145321K->32805K(184832K)] 528538K->422369K(709120K), 0.0105841 secs] [Times: user=0.12 sys=0.00, real=0.01 secs] 
2016-09-13T20:29:33.256-0400: 294.461: [GC (GCLocker Initiated GC) [PSYoungGen: 152101K->26574K(187904K)] 547816K->433146K(712192K), 0.0300810 secs] [Times: user=0.27 sys=0.00, real=0.02 secs] 
2016-09-13T20:29:33.460-0400: 294.666: [GC (Allocation Failure) [PSYoungGen: 145870K->49383K(192000K)] 552464K->460881K(716288K), 0.0130982 secs] [Times: user=0.16 sys=0.00, real=0.01 secs] 
2016-09-13T20:29:33.662-0400: 294.867: [GC (Allocation Failure) [PSYoungGen: 173287K->43276K(193024K)] 584785K->468626K(717312K), 0.0113387 secs] [Times: user=0.12 sys=0.00, real=0.01 secs] 
2016-09-13T20:29:33.891-0400: 295.097: [GC (Allocation Failure) [PSYoungGen: 167180K->29580K(189952K)] 592530K->455215K(714240K), 0.0061287 secs] [Times: user=0.06 sys=0.01, real=0.01 secs] 
2016-09-13T20:29:34.066-0400: 295.272: [GC (Allocation Failure) [PSYoungGen: 154508K->46463K(191488K)] 580143K->472342K(715776K), 0.0069595 secs] [Times: user=0.09 sys=0.00, real=0.01 secs] 
2016-09-13T20:29:34.257-0400: 295.462: [GC (GCLocker Initiated GC) [PSYoungGen: 171391K->46191K(195072K)] 597273K->472407K(719360K), 0.0125514 secs] [Times: user=0.12 sys=0.00, real=0.01 secs] 
2016-09-13T20:29:34.461-0400: 295.666: [GC (GCLocker Initiated GC) [PSYoungGen: 174191K->41538K(169984K)] 602245K->469727K(694272K), 0.0285670 secs] [Times: user=0.26 sys=0.00, real=0.03 secs] 
2016-09-13T20:29:34.673-0400: 295.879: [GC (GCLocker Initiated GC) [PSYoungGen: 169538K->43152K(194560K)] 597841K->471628K(718848K), 0.0172987 secs] [Times: user=0.20 sys=0.00, real=0.02 secs] 
2016-09-13T20:29:34.889-0400: 296.094: [GC (GCLocker Initiated GC) [PSYoungGen: 172688K->49447K(193024K)] 601187K->478120K(717312K), 0.0113929 secs] [Times: user=0.15 sys=0.01, real=0.01 secs] 
2016-09-13T20:29:35.102-0400: 296.307: [GC (GCLocker Initiated GC) [PSYoungGen: 178983K->23217K(196096K)] 609194K->456761K(720384K), 0.0276393 secs] [Times: user=0.16 sys=0.01, real=0.03 secs] 
2016-09-13T20:29:35.332-0400: 296.538: [GC (GCLocker Initiated GC) [PSYoungGen: 154289K->61629K(193024K)] 588124K->504774K(717312K), 0.0185315 secs] [Times: user=0.21 sys=0.00, real=0.02 secs] 
2016-09-13T20:29:57.936-0400: 319.142: [GC (Allocation Failure) [PSYoungGen: 192701K->2115K(181760K)] 635849K->445495K(706048K), 0.0101048 secs] [Times: user=0.06 sys=0.01, real=0.00 secs] 
