Java HotSpot(TM) 64-Bit Server VM (25.101-b13) for linux-amd64 JRE (1.8.0_101-b13), built on Jun 22 2016 02:59:44 by "java_re" with gcc 4.3.0 20080428 (Red Hat 4.3.0-8)
Memory: 4k page, physical 264122320k(103058756k free), swap 268399612k(268399612k free)
CommandLine flags: -XX:GCLogFileSize=1048576 -XX:+HeapDumpOnOutOfMemoryError -XX:HeapDumpPath=artifacts/heapdump -XX:InitialHeapSize=805306368 -XX:MaxHeapSize=805306368 -XX:NumberOfGCLogFiles=10 -XX:+PrintGC -XX:+PrintGCDateStamps -XX:+PrintGCDetails -XX:+PrintGCTimeStamps -XX:+UseCompressedClassPointers -XX:+UseCompressedOops -XX:+UseGCLogFileRotation -XX:+UseParallelGC 
2016-09-25T21:11:46.596-0400: 2.151: [GC (Metadata GC Threshold) [PSYoungGen: 125830K->15590K(229376K)] 125830K->15670K(753664K), 0.0218636 secs] [Times: user=0.14 sys=0.01, real=0.02 secs] 
2016-09-25T21:11:46.618-0400: 2.173: [Full GC (Metadata GC Threshold) [PSYoungGen: 15590K->0K(229376K)] [ParOldGen: 80K->14602K(343552K)] 15670K->14602K(572928K), [Metaspace: 21075K->21075K(1067008K)], 0.0435604 secs] [Times: user=0.37 sys=0.00, real=0.04 secs] 
2016-09-25T21:11:53.777-0400: 9.333: [GC (Metadata GC Threshold) [PSYoungGen: 119205K->14820K(229376K)] 133807K->29559K(572928K), 0.0174512 secs] [Times: user=0.07 sys=0.06, real=0.02 secs] 
2016-09-25T21:11:53.795-0400: 9.350: [Full GC (Metadata GC Threshold) [PSYoungGen: 14820K->0K(229376K)] [ParOldGen: 14738K->20409K(524288K)] 29559K->20409K(753664K), [Metaspace: 35050K->35050K(1079296K)], 0.0755188 secs] [Times: user=0.64 sys=0.01, real=0.07 secs] 
2016-09-25T21:11:55.325-0400: 10.881: [GC (GCLocker Initiated GC) [PSYoungGen: 194485K->32756K(229376K)] 220294K->60812K(753664K), 0.0094172 secs] [Times: user=0.12 sys=0.00, real=0.01 secs] 
2016-09-25T21:11:55.541-0400: 11.097: [GC (GCLocker Initiated GC) [PSYoungGen: 229364K->26826K(229376K)] 262994K->60463K(753664K), 0.0075229 secs] [Times: user=0.09 sys=0.00, real=0.01 secs] 
2016-09-25T21:11:55.746-0400: 11.301: [GC (GCLocker Initiated GC) [PSYoungGen: 223434K->30903K(227840K)] 262709K->72886K(752128K), 0.0084781 secs] [Times: user=0.12 sys=0.00, real=0.01 secs] 
2016-09-25T21:11:55.924-0400: 11.479: [GC (GCLocker Initiated GC) [PSYoungGen: 227511K->30018K(216576K)] 270903K->73418K(740864K), 0.0071396 secs] [Times: user=0.08 sys=0.00, real=0.00 secs] 
2016-09-25T21:11:56.078-0400: 11.633: [GC (GCLocker Initiated GC) [PSYoungGen: 212290K->30141K(212480K)] 262488K->80347K(736768K), 0.0140997 secs] [Times: user=0.22 sys=0.00, real=0.01 secs] 
2016-09-25T21:11:56.231-0400: 11.786: [GC (GCLocker Initiated GC) [PSYoungGen: 212413K->32671K(219648K)] 269433K->103829K(743936K), 0.0074577 secs] [Times: user=0.08 sys=0.01, real=0.01 secs] 
2016-09-25T21:11:56.376-0400: 11.932: [GC (GCLocker Initiated GC) [PSYoungGen: 211871K->39209K(218624K)] 283062K->140731K(742912K), 0.0088755 secs] [Times: user=0.13 sys=0.02, real=0.01 secs] 
2016-09-25T21:11:56.528-0400: 12.083: [GC (GCLocker Initiated GC) [PSYoungGen: 218409K->35241K(214528K)] 326915K->171296K(738816K), 0.0118073 secs] [Times: user=0.18 sys=0.01, real=0.01 secs] 
2016-09-25T21:11:56.699-0400: 12.255: [GC (GCLocker Initiated GC) [PSYoungGen: 206249K->19949K(216576K)] 349083K->180005K(740864K), 0.0135571 secs] [Times: user=0.16 sys=0.01, real=0.01 secs] 
2016-09-25T21:11:56.857-0400: 12.413: [GC (GCLocker Initiated GC) [PSYoungGen: 190957K->41723K(209408K)] 353950K->229657K(733696K), 0.0074029 secs] [Times: user=0.07 sys=0.03, real=0.01 secs] 
2016-09-25T21:11:56.999-0400: 12.555: [GC (GCLocker Initiated GC) [PSYoungGen: 205563K->34625K(212992K)] 393657K->223312K(737280K), 0.0129019 secs] [Times: user=0.13 sys=0.00, real=0.01 secs] 
2016-09-25T21:11:57.144-0400: 12.700: [GC (GCLocker Initiated GC) [PSYoungGen: 198465K->34864K(212992K)] 392585K->245754K(737280K), 0.0100788 secs] [Times: user=0.12 sys=0.01, real=0.01 secs] 
2016-09-25T21:11:57.283-0400: 12.839: [GC (GCLocker Initiated GC) [PSYoungGen: 198704K->42981K(206848K)] 409627K->276163K(731136K), 0.0058316 secs] [Times: user=0.07 sys=0.01, real=0.00 secs] 
2016-09-25T21:11:57.416-0400: 12.971: [GC (GCLocker Initiated GC) [PSYoungGen: 206821K->30877K(212480K)] 446983K->298658K(736768K), 0.0066590 secs] [Times: user=0.05 sys=0.03, real=0.01 secs] 
2016-09-25T21:11:57.584-0400: 13.140: [GC (GCLocker Initiated GC) [PSYoungGen: 191645K->41695K(210432K)] 462159K->312843K(734720K), 0.0061077 secs] [Times: user=0.08 sys=0.00, real=0.00 secs] 
2016-09-25T21:11:57.718-0400: 13.274: [GC (GCLocker Initiated GC) [PSYoungGen: 202463K->37659K(210432K)] 480398K->316241K(734720K), 0.0096373 secs] [Times: user=0.12 sys=0.00, real=0.01 secs] 
2016-09-25T21:11:57.846-0400: 13.402: [GC (GCLocker Initiated GC) [PSYoungGen: 196379K->33422K(192512K)] 475198K->337206K(716800K), 0.0079308 secs] [Times: user=0.09 sys=0.00, real=0.01 secs] 
2016-09-25T21:11:57.981-0400: 13.536: [GC (GCLocker Initiated GC) [PSYoungGen: 192142K->30877K(210432K)] 502850K->342143K(734720K), 0.0039563 secs] [Times: user=0.05 sys=0.00, real=0.01 secs] 
2016-09-25T21:11:58.104-0400: 13.659: [GC (GCLocker Initiated GC) [PSYoungGen: 191133K->44299K(208896K)] 505101K->358900K(733184K), 0.0044017 secs] [Times: user=0.06 sys=0.00, real=0.00 secs] 
2016-09-25T21:11:58.239-0400: 13.795: [GC (GCLocker Initiated GC) [PSYoungGen: 204555K->22457K(209920K)] 528635K->347092K(734208K), 0.0173271 secs] [Times: user=0.21 sys=0.00, real=0.02 secs] 
2016-09-25T21:11:58.392-0400: 13.947: [GC (GCLocker Initiated GC) [PSYoungGen: 181177K->14612K(173568K)] 511342K->345403K(697856K), 0.0156708 secs] [Times: user=0.24 sys=0.00, real=0.02 secs] 
2016-09-25T21:11:58.526-0400: 14.081: [GC (GCLocker Initiated GC) [PSYoungGen: 173332K->28034K(210944K)] 511106K->366449K(735232K), 0.0052164 secs] [Times: user=0.06 sys=0.00, real=0.00 secs] 
2016-09-25T21:11:58.664-0400: 14.219: [GC (GCLocker Initiated GC) [PSYoungGen: 186242K->40248K(209408K)] 530213K->384797K(733696K), 0.0095318 secs] [Times: user=0.12 sys=0.00, real=0.00 secs] 
2016-09-25T21:11:58.808-0400: 14.364: [GC (GCLocker Initiated GC) [PSYoungGen: 198456K->32038K(208384K)] 543007K->377200K(732672K), 0.0099048 secs] [Times: user=0.12 sys=0.00, real=0.01 secs] 
2016-09-25T21:11:58.935-0400: 14.490: [GC (GCLocker Initiated GC) [PSYoungGen: 190246K->25458K(208896K)] 547573K->383333K(733184K), 0.0042814 secs] [Times: user=0.04 sys=0.01, real=0.00 secs] 
2016-09-25T21:11:59.062-0400: 14.617: [GC (GCLocker Initiated GC) [PSYoungGen: 183666K->38693K(209920K)] 541646K->397319K(734208K), 0.0255919 secs] [Times: user=0.35 sys=0.00, real=0.03 secs] 
2016-09-25T21:11:59.218-0400: 14.773: [GC (GCLocker Initiated GC) [PSYoungGen: 198437K->25284K(210944K)] 570572K->397944K(735232K), 0.0048125 secs] [Times: user=0.02 sys=0.00, real=0.01 secs] 
2016-09-25T21:11:59.383-0400: 14.939: [GC (GCLocker Initiated GC) [PSYoungGen: 185028K->29352K(207872K)] 557793K->413589K(732160K), 0.0082108 secs] [Times: user=0.08 sys=0.02, real=0.00 secs] 
2016-09-25T21:11:59.537-0400: 15.092: [GC (GCLocker Initiated GC) [PSYoungGen: 190120K->40120K(209408K)] 574598K->425136K(733696K), 0.0071586 secs] [Times: user=0.06 sys=0.00, real=0.01 secs] 
2016-09-25T21:11:59.669-0400: 15.225: [GC (GCLocker Initiated GC) [PSYoungGen: 200888K->32117K(211968K)] 588613K->420436K(736256K), 0.0056139 secs] [Times: user=0.06 sys=0.00, real=0.01 secs] 
2016-09-25T21:11:59.798-0400: 15.354: [GC (GCLocker Initiated GC) [PSYoungGen: 195445K->34765K(211968K)] 586582K->426513K(736256K), 0.0104956 secs] [Times: user=0.12 sys=0.02, real=0.01 secs] 
2016-09-25T21:11:59.938-0400: 15.493: [GC (GCLocker Initiated GC) [PSYoungGen: 198093K->29302K(211968K)] 591270K->423070K(736256K), 0.0060320 secs] [Times: user=0.04 sys=0.00, real=0.01 secs] 
2016-09-25T21:12:00.072-0400: 15.628: [GC (GCLocker Initiated GC) [PSYoungGen: 194678K->20049K(212480K)] 595200K->437419K(736768K), 0.0057613 secs] [Times: user=0.02 sys=0.05, real=0.01 secs] 
2016-09-25T21:12:00.238-0400: 15.793: [GC (GCLocker Initiated GC) [PSYoungGen: 185425K->12022K(211456K)] 616320K->443503K(735744K), 0.0101873 secs] [Times: user=0.12 sys=0.00, real=0.01 secs] 
2016-09-25T21:12:00.430-0400: 15.985: [GC (GCLocker Initiated GC) [PSYoungGen: 175862K->997K(164864K)] 630348K->456097K(689152K), 0.0255254 secs] [Times: user=0.31 sys=0.00, real=0.03 secs] 
2016-09-25T21:12:00.608-0400: 16.163: [GC (GCLocker Initiated GC) [PSYoungGen: 164837K->49685K(198144K)] 619954K->505479K(722432K), 0.0059955 secs] [Times: user=0.06 sys=0.00, real=0.00 secs] 
2016-09-25T21:12:00.754-0400: 16.310: [GC (GCLocker Initiated GC) [PSYoungGen: 196117K->32116K(204288K)] 657356K->493912K(728576K), 0.0064126 secs] [Times: user=0.07 sys=0.00, real=0.00 secs] 
2016-09-25T21:12:00.897-0400: 16.452: [GC (GCLocker Initiated GC) [PSYoungGen: 178548K->49621K(195584K)] 643077K->514736K(719872K), 0.0115676 secs] [Times: user=0.14 sys=0.02, real=0.01 secs] 
2016-09-25T21:12:01.032-0400: 16.587: [GC (GCLocker Initiated GC) [PSYoungGen: 188885K->36057K(200704K)] 654091K->509888K(724992K), 0.0060213 secs] [Times: user=0.05 sys=0.00, real=0.01 secs] 
2016-09-25T21:12:01.161-0400: 16.716: [GC (GCLocker Initiated GC) [PSYoungGen: 175321K->30656K(193536K)] 654567K->521251K(717824K), 0.0101205 secs] [Times: user=0.09 sys=0.02, real=0.01 secs] 
2016-09-25T21:12:01.301-0400: 16.856: [GC (GCLocker Initiated GC) [PSYoungGen: 170944K->30614K(197632K)] 671049K->531235K(721920K), 0.0160299 secs] [Times: user=0.16 sys=0.01, real=0.02 secs] 
2016-09-25T21:12:01.430-0400: 16.985: [GC (GCLocker Initiated GC) [PSYoungGen: 170902K->53508K(195072K)] 671555K->560045K(719360K), 0.0055426 secs] [Times: user=0.06 sys=0.00, real=0.01 secs] 
2016-09-25T21:12:01.436-0400: 16.991: [Full GC (Ergonomics) [PSYoungGen: 53508K->0K(195072K)] [ParOldGen: 506536K->47910K(524288K)] 560045K->47910K(719360K), [Metaspace: 43126K->43119K(1085440K)], 0.2125620 secs] [Times: user=2.79 sys=0.06, real=0.21 secs] 
2016-09-25T21:12:01.762-0400: 17.318: [GC (GCLocker Initiated GC) [PSYoungGen: 140288K->50731K(191488K)] 190942K->101385K(715776K), 0.0053964 secs] [Times: user=0.06 sys=0.00, real=0.00 secs] 
2016-09-25T21:12:01.883-0400: 17.439: [GC (GCLocker Initiated GC) [PSYoungGen: 191019K->46652K(194560K)] 241843K->107353K(718848K), 0.0110463 secs] [Times: user=0.16 sys=0.00, real=0.01 secs] 
2016-09-25T21:12:02.016-0400: 17.572: [GC (GCLocker Initiated GC) [PSYoungGen: 176700K->56091K(186368K)] 242830K->122516K(710656K), 0.0053913 secs] [Times: user=0.07 sys=0.00, real=0.00 secs] 
2016-09-25T21:12:02.152-0400: 17.708: [GC (Allocation Failure) [PSYoungGen: 186139K->8826K(187904K)] 262559K->109821K(712192K), 0.0298775 secs] [Times: user=0.40 sys=0.00, real=0.04 secs] 
2016-09-25T21:12:02.269-0400: 17.825: [GC (GCLocker Initiated GC) [PSYoungGen: 126586K->51957K(169984K)] 227585K->153241K(694272K), 0.0110774 secs] [Times: user=0.12 sys=0.00, real=0.01 secs] 
2016-09-25T21:12:02.390-0400: 17.945: [GC (GCLocker Initiated GC) [PSYoungGen: 169717K->31759K(190464K)] 276500K->138767K(714752K), 0.0040313 secs] [Times: user=0.03 sys=0.00, real=0.01 secs] 
2016-09-25T21:12:02.493-0400: 18.049: [GC (Allocation Failure) [PSYoungGen: 147471K->38507K(154624K)] 254660K->145938K(678912K), 0.0103349 secs] [Times: user=0.13 sys=0.00, real=0.02 secs] 
2016-09-25T21:12:02.597-0400: 18.152: [GC (GCLocker Initiated GC) [PSYoungGen: 154219K->43811K(185344K)] 261654K->151472K(709632K), 0.0107106 secs] [Times: user=0.11 sys=0.00, real=0.01 secs] 
2016-09-25T21:12:02.710-0400: 18.265: [GC (Allocation Failure) [PSYoungGen: 160035K->42475K(184832K)] 270506K->153174K(709120K), 0.0042543 secs] [Times: user=0.04 sys=0.00, real=0.00 secs] 
2016-09-25T21:12:02.815-0400: 18.371: [GC (GCLocker Initiated GC) [PSYoungGen: 158699K->42542K(192512K)] 269402K->153510K(716800K), 0.0044628 secs] [Times: user=0.04 sys=0.00, real=0.00 secs] 
2016-09-25T21:12:02.939-0400: 18.494: [GC (GCLocker Initiated GC) [PSYoungGen: 167982K->36936K(191488K)] 278986K->148149K(715776K), 0.0263732 secs] [Times: user=0.36 sys=0.00, real=0.03 secs] 
2016-09-25T21:12:03.068-0400: 18.624: [GC (Allocation Failure) [PSYoungGen: 162376K->42557K(193536K)] 276355K->172995K(717824K), 0.0052888 secs] [Times: user=0.06 sys=0.00, real=0.00 secs] 
2016-09-25T21:12:03.074-0400: 18.629: [GC (GCLocker Initiated GC) [PSYoungGen: 42565K->32K(192512K)] 173004K->171458K(716800K), 0.0068350 secs] [Times: user=0.06 sys=0.00, real=0.01 secs] 
2016-09-25T21:12:03.191-0400: 18.746: [GC (GCLocker Initiated GC) [PSYoungGen: 130080K->34414K(196096K)] 301510K->205852K(720384K), 0.0053306 secs] [Times: user=0.05 sys=0.00, real=0.01 secs] 
2016-09-25T21:12:03.323-0400: 18.879: [GC (GCLocker Initiated GC) [PSYoungGen: 165998K->31731K(195072K)] 348336K->214420K(719360K), 0.0138447 secs] [Times: user=0.16 sys=0.01, real=0.01 secs] 
2016-09-25T21:12:03.451-0400: 19.006: [GC (GCLocker Initiated GC) [PSYoungGen: 163315K->23804K(196608K)] 359645K->220403K(720896K), 0.0114878 secs] [Times: user=0.15 sys=0.00, real=0.02 secs] 
2016-09-25T21:12:03.616-0400: 19.171: [GC (GCLocker Initiated GC) [PSYoungGen: 158972K->27759K(195584K)] 363725K->232858K(719872K), 0.0063800 secs] [Times: user=0.06 sys=0.00, real=0.00 secs] 
2016-09-25T21:12:03.779-0400: 19.334: [GC (Allocation Failure) [PSYoungGen: 162927K->27982K(199680K)] 374987K->240494K(723968K), 0.0156388 secs] [Times: user=0.22 sys=0.00, real=0.02 secs] 
2016-09-25T21:12:03.930-0400: 19.486: [GC (GCLocker Initiated GC) [PSYoungGen: 167762K->35960K(199168K)] 382973K->251663K(723456K), 0.0092179 secs] [Times: user=0.08 sys=0.01, real=0.01 secs] 
2016-09-25T21:12:04.082-0400: 19.637: [GC (GCLocker Initiated GC) [PSYoungGen: 178296K->25481K(204288K)] 400863K->248580K(728576K), 0.0131834 secs] [Times: user=0.16 sys=0.00, real=0.02 secs] 
2016-09-25T21:12:04.253-0400: 19.809: [GC (GCLocker Initiated GC) [PSYoungGen: 174473K->41637K(203776K)] 400335K->268176K(728064K), 0.0183336 secs] [Times: user=0.23 sys=0.00, real=0.02 secs] 
2016-09-25T21:12:04.441-0400: 19.996: [GC (GCLocker Initiated GC) [PSYoungGen: 190629K->51061K(197632K)] 419919K->280952K(721920K), 0.0123961 secs] [Times: user=0.16 sys=0.00, real=0.01 secs] 
2016-09-25T21:12:04.620-0400: 20.175: [GC (GCLocker Initiated GC) [PSYoungGen: 192373K->22458K(201728K)] 422322K->271914K(726016K), 0.0122985 secs] [Times: user=0.10 sys=0.00, real=0.01 secs] 
2016-09-25T21:12:10.476-0400: 26.031: [GC (GCLocker Initiated GC) [PSYoungGen: 163770K->33490K(196096K)] 415311K->293756K(720384K), 0.0197686 secs] [Times: user=0.25 sys=0.01, real=0.02 secs] 
2016-09-25T21:12:10.667-0400: 26.222: [GC (GCLocker Initiated GC) [PSYoungGen: 175314K->21291K(199168K)] 439663K->305190K(723456K), 0.0369754 secs] [Times: user=0.37 sys=0.01, real=0.04 secs] 
2016-09-25T21:12:10.868-0400: 26.423: [GC (GCLocker Initiated GC) [PSYoungGen: 163115K->29400K(200704K)] 452521K->335664K(724992K), 0.0172118 secs] [Times: user=0.21 sys=0.00, real=0.02 secs] 
2016-09-25T21:12:11.059-0400: 26.614: [GC (GCLocker Initiated GC) [PSYoungGen: 176856K->32187K(202752K)] 490104K->356885K(727040K), 0.0159196 secs] [Times: user=0.22 sys=0.00, real=0.02 secs] 
2016-09-25T21:12:11.257-0400: 26.812: [GC (GCLocker Initiated GC) [PSYoungGen: 179643K->45785K(203776K)] 508420K->375307K(728064K), 0.0056864 secs] [Times: user=0.06 sys=0.00, real=0.01 secs] 
2016-09-25T21:12:11.446-0400: 27.002: [GC (GCLocker Initiated GC) [PSYoungGen: 196313K->17284K(167936K)] 531163K->371741K(692224K), 0.0121315 secs] [Times: user=0.11 sys=0.00, real=0.01 secs] 
2016-09-25T21:12:11.636-0400: 27.192: [GC (GCLocker Initiated GC) [PSYoungGen: 167812K->30809K(207872K)] 525001K->388771K(732160K), 0.0194334 secs] [Times: user=0.18 sys=0.00, real=0.02 secs] 
2016-09-25T21:12:11.835-0400: 27.391: [GC (GCLocker Initiated GC) [PSYoungGen: 182361K->28235K(180224K)] 543064K->400559K(704512K), 0.0135527 secs] [Times: user=0.15 sys=0.00, real=0.01 secs] 
2016-09-25T21:12:12.040-0400: 27.595: [GC (GCLocker Initiated GC) [PSYoungGen: 179787K->32335K(206336K)] 557574K->410917K(730624K), 0.0241845 secs] [Times: user=0.24 sys=0.01, real=0.03 secs] 
2016-09-25T21:12:12.261-0400: 27.816: [GC (GCLocker Initiated GC) [PSYoungGen: 185935K->26778K(204288K)] 564519K->422471K(728576K), 0.0115852 secs] [Times: user=0.10 sys=0.00, real=0.01 secs] 
2016-09-25T21:12:12.471-0400: 28.026: [GC (GCLocker Initiated GC) [PSYoungGen: 180378K->27116K(209408K)] 585550K->433128K(733696K), 0.0216578 secs] [Times: user=0.18 sys=0.00, real=0.02 secs] 
2016-09-25T21:12:12.686-0400: 28.242: [GC (GCLocker Initiated GC) [PSYoungGen: 186860K->28255K(208384K)] 598510K->459829K(732672K), 0.0215944 secs] [Times: user=0.18 sys=0.02, real=0.02 secs] 
2016-09-25T21:12:13.092-0400: 28.647: [GC (GCLocker Initiated GC) [PSYoungGen: 187999K->22863K(211456K)] 625151K->460982K(735744K), 0.0191243 secs] [Times: user=0.21 sys=0.00, real=0.02 secs] 
2016-09-25T21:12:13.293-0400: 28.848: [GC (GCLocker Initiated GC) [PSYoungGen: 187215K->44469K(210944K)] 625464K->489101K(735232K), 0.0116644 secs] [Times: user=0.13 sys=0.00, real=0.02 secs] 
2016-09-25T21:12:13.511-0400: 29.066: [GC (GCLocker Initiated GC) [PSYoungGen: 208821K->24050K(212480K)] 659065K->494079K(736768K), 0.0276416 secs] [Times: user=0.27 sys=0.01, real=0.03 secs] 
2016-09-25T21:12:13.733-0400: 29.288: [GC (GCLocker Initiated GC) [PSYoungGen: 185842K->48386K(210432K)] 655903K->519188K(734720K), 0.0233722 secs] [Times: user=0.21 sys=0.00, real=0.03 secs] 
2016-09-25T21:12:13.952-0400: 29.507: [GC (GCLocker Initiated GC) [PSYoungGen: 210178K->15766K(203264K)] 683720K->506244K(727552K), 0.0279182 secs] [Times: user=0.22 sys=0.00, real=0.03 secs] 
2016-09-25T21:12:14.198-0400: 29.753: [Full GC (Ergonomics) [PSYoungGen: 167318K->0K(203264K)] [ParOldGen: 502630K->70113K(524288K)] 669948K->70113K(727552K), [Metaspace: 43172K->43172K(1085440K)], 0.0802660 secs] [Times: user=0.44 sys=0.02, real=0.08 secs] 
2016-09-25T21:12:14.491-0400: 30.047: [GC (GCLocker Initiated GC) [PSYoungGen: 151552K->32106K(206848K)] 227075K->107629K(731136K), 0.0245161 secs] [Times: user=0.22 sys=0.00, real=0.03 secs] 
2016-09-25T21:12:14.727-0400: 30.282: [GC (GCLocker Initiated GC) [PSYoungGen: 183658K->33270K(203264K)] 259214K->109555K(727552K), 0.0174667 secs] [Times: user=0.16 sys=0.00, real=0.02 secs] 
2016-09-25T21:12:14.950-0400: 30.505: [GC (GCLocker Initiated GC) [PSYoungGen: 186870K->30705K(205824K)] 270860K->117962K(730112K), 0.0109100 secs] [Times: user=0.09 sys=0.00, real=0.01 secs] 
2016-09-25T21:12:15.169-0400: 30.724: [GC (GCLocker Initiated GC) [PSYoungGen: 184305K->34613K(208384K)] 271710K->122670K(732672K), 0.0165874 secs] [Times: user=0.13 sys=0.00, real=0.02 secs] 
2016-09-25T21:12:15.398-0400: 30.953: [GC (GCLocker Initiated GC) [PSYoungGen: 194357K->32007K(209408K)] 282492K->131493K(733696K), 0.0225690 secs] [Times: user=0.18 sys=0.00, real=0.02 secs] 
2016-09-25T21:12:15.620-0400: 31.175: [GC (GCLocker Initiated GC) [PSYoungGen: 191751K->34905K(211968K)] 293990K->145857K(736256K), 0.0440208 secs] [Times: user=0.50 sys=0.00, real=0.05 secs] 
2016-09-25T21:12:15.857-0400: 31.413: [GC (GCLocker Initiated GC) [PSYoungGen: 199257K->19827K(211968K)] 319829K->141031K(736256K), 0.0216499 secs] [Times: user=0.16 sys=0.00, real=0.02 secs] 
2016-09-25T21:12:16.061-0400: 31.616: [GC (GCLocker Initiated GC) [PSYoungGen: 184179K->34802K(214016K)] 308219K->159465K(738304K), 0.0096913 secs] [Times: user=0.05 sys=0.00, real=0.01 secs] 
2016-09-25T21:12:16.256-0400: 31.811: [GC (GCLocker Initiated GC) [PSYoungGen: 200690K->34646K(200704K)] 325357K->159981K(724992K), 0.0228182 secs] [Times: user=0.20 sys=0.00, real=0.02 secs] 
2016-09-25T21:12:16.470-0400: 32.026: [GC (GCLocker Initiated GC) [PSYoungGen: 200534K->25294K(214016K)] 334000K->159360K(738304K), 0.0295828 secs] [Times: user=0.24 sys=0.00, real=0.03 secs] 
2016-09-25T21:12:16.697-0400: 32.253: [GC (GCLocker Initiated GC) [PSYoungGen: 191694K->47023K(213504K)] 325938K->181965K(737792K), 0.0232578 secs] [Times: user=0.24 sys=0.01, real=0.02 secs] 
2016-09-25T21:12:16.919-0400: 32.474: [GC (GCLocker Initiated GC) [PSYoungGen: 213423K->11634K(204288K)] 355163K->164809K(728576K), 0.0200442 secs] [Times: user=0.18 sys=0.01, real=0.02 secs] 
2016-09-25T21:12:17.104-0400: 32.660: [GC (GCLocker Initiated GC) [PSYoungGen: 167282K->32001K(208896K)] 324509K->200679K(733184K), 0.0116155 secs] [Times: user=0.08 sys=0.00, real=0.01 secs] 
2016-09-25T21:12:17.304-0400: 32.859: [GC (GCLocker Initiated GC) [PSYoungGen: 187649K->17022K(207360K)] 363307K->193263K(731648K), 0.0129390 secs] [Times: user=0.10 sys=0.00, real=0.01 secs] 
2016-09-25T21:12:17.509-0400: 33.065: [GC (GCLocker Initiated GC) [PSYoungGen: 174206K->23746K(208896K)] 358582K->208705K(733184K), 0.0153046 secs] [Times: user=0.12 sys=0.00, real=0.02 secs] 
2016-09-25T21:12:17.695-0400: 33.250: [GC (GCLocker Initiated GC) [PSYoungGen: 180930K->25199K(207360K)] 366134K->210991K(731648K), 0.0105790 secs] [Times: user=0.10 sys=0.00, real=0.01 secs] 
2016-09-25T21:12:17.901-0400: 33.456: [GC (GCLocker Initiated GC) [PSYoungGen: 185455K->29223K(208896K)] 371258K->215653K(733184K), 0.0139321 secs] [Times: user=0.11 sys=0.00, real=0.02 secs] 
2016-09-25T21:12:18.100-0400: 33.656: [GC (Allocation Failure) [PSYoungGen: 189479K->11900K(212480K)] 389438K->225976K(736768K), 0.0104028 secs] [Times: user=0.10 sys=0.00, real=0.01 secs] 
2016-09-25T21:12:18.308-0400: 33.864: [GC (GCLocker Initiated GC) [PSYoungGen: 176639K->32070K(213504K)] 393415K->249570K(737792K), 0.0082879 secs] [Times: user=0.06 sys=0.01, real=0.01 secs] 
2016-09-25T21:12:18.496-0400: 34.052: [GC (GCLocker Initiated GC) [PSYoungGen: 197446K->36123K(211968K)] 417720K->256983K(736256K), 0.0094686 secs] [Times: user=0.03 sys=0.05, real=0.01 secs] 
2016-09-25T21:12:18.684-0400: 34.239: [GC (GCLocker Initiated GC) [PSYoungGen: 199963K->18430K(212992K)] 420852K->258802K(737280K), 0.0255022 secs] [Times: user=0.21 sys=0.01, real=0.02 secs] 
2016-09-25T21:12:18.898-0400: 34.454: [GC (GCLocker Initiated GC) [PSYoungGen: 182270K->15821K(212480K)] 434817K->285128K(736768K), 0.0293540 secs] [Times: user=0.25 sys=0.00, real=0.03 secs] 
2016-09-25T21:12:19.127-0400: 34.683: [GC (GCLocker Initiated GC) [PSYoungGen: 180173K->22514K(186880K)] 463005K->316798K(711168K), 0.0651837 secs] [Times: user=0.60 sys=0.05, real=0.06 secs] 
2016-09-25T21:12:19.394-0400: 34.949: [GC (GCLocker Initiated GC) [PSYoungGen: 186866K->37536K(210432K)] 483870K->335159K(734720K), 0.0077789 secs] [Times: user=0.07 sys=0.01, real=0.02 secs] 
2016-09-25T21:12:19.617-0400: 35.173: [GC (GCLocker Initiated GC) [PSYoungGen: 200864K->30530K(212480K)] 502828K->333012K(736768K), 0.0171907 secs] [Times: user=0.14 sys=0.00, real=0.02 secs] 
2016-09-25T21:12:19.835-0400: 35.390: [GC (GCLocker Initiated GC) [PSYoungGen: 193858K->29304K(209920K)] 499113K->335125K(734208K), 0.0202721 secs] [Times: user=0.16 sys=0.01, real=0.02 secs] 
2016-09-25T21:12:20.052-0400: 35.608: [GC (GCLocker Initiated GC) [PSYoungGen: 194168K->38809K(211968K)] 502722K->347949K(736256K), 0.0144827 secs] [Times: user=0.16 sys=0.00, real=0.02 secs] 
2016-09-25T21:12:20.273-0400: 35.828: [GC (GCLocker Initiated GC) [PSYoungGen: 203673K->22466K(214016K)] 523694K->348476K(738304K), 0.0269861 secs] [Times: user=0.23 sys=0.02, real=0.03 secs] 
2016-09-25T21:12:20.484-0400: 36.039: [GC (GCLocker Initiated GC) [PSYoungGen: 187330K->41354K(206336K)] 513440K->368010K(730624K), 0.0539039 secs] [Times: user=0.46 sys=0.02, real=0.05 secs] 
2016-09-25T21:12:20.738-0400: 36.294: [GC (GCLocker Initiated GC) [PSYoungGen: 206218K->17236K(210944K)] 542316K->372848K(735232K), 0.0153960 secs] [Times: user=0.15 sys=0.01, real=0.01 secs] 
2016-09-25T21:12:20.920-0400: 36.475: [GC (GCLocker Initiated GC) [PSYoungGen: 176980K->42629K(202752K)] 532620K->398882K(727040K), 0.0232458 secs] [Times: user=0.20 sys=0.01, real=0.03 secs] 
2016-09-25T21:12:21.129-0400: 36.684: [GC (GCLocker Initiated GC) [PSYoungGen: 202373K->21331K(208896K)] 561508K->405321K(733184K), 0.0228509 secs] [Times: user=0.24 sys=0.00, real=0.02 secs] 
2016-09-25T21:12:21.331-0400: 36.886: [GC (GCLocker Initiated GC) [PSYoungGen: 175955K->31953K(186880K)] 566724K->423283K(711168K), 0.0261236 secs] [Times: user=0.24 sys=0.00, real=0.03 secs] 
2016-09-25T21:12:21.581-0400: 37.136: [GC (GCLocker Initiated GC) [PSYoungGen: 186577K->14359K(205824K)] 584734K->429291K(730112K), 0.0126361 secs] [Times: user=0.08 sys=0.00, real=0.01 secs] 
2016-09-25T21:12:21.794-0400: 37.350: [GC (GCLocker Initiated GC) [PSYoungGen: 168471K->30530K(206336K)] 587527K->450101K(730624K), 0.0139851 secs] [Times: user=0.12 sys=0.00, real=0.01 secs] 
2016-09-25T21:12:21.960-0400: 37.516: [GC (GCLocker Initiated GC) [PSYoungGen: 184642K->36154K(207872K)] 609851K->475469K(732160K), 0.0152012 secs] [Times: user=0.13 sys=0.01, real=0.02 secs] 
2016-09-25T21:12:22.178-0400: 37.733: [GC (GCLocker Initiated GC) [PSYoungGen: 193338K->27972K(208896K)] 646186K->481371K(733184K), 0.0084558 secs] [Times: user=0.08 sys=0.00, real=0.01 secs] 
2016-09-25T21:12:22.393-0400: 37.948: [GC (GCLocker Initiated GC) [PSYoungGen: 185156K->25292K(208384K)] 645375K->510455K(732672K), 0.0190846 secs] [Times: user=0.17 sys=0.02, real=0.02 secs] 
2016-09-25T21:12:22.599-0400: 38.154: [Full GC (Ergonomics) [PSYoungGen: 186060K->0K(208384K)] [ParOldGen: 500079K->93626K(524288K)] 686139K->93626K(732672K), [Metaspace: 43204K->43204K(1085440K)], 0.0721095 secs] [Times: user=0.42 sys=0.01, real=0.07 secs] 
2016-09-25T21:12:22.860-0400: 38.415: [GC (GCLocker Initiated GC) [PSYoungGen: 160768K->22795K(208896K)] 265437K->127465K(733184K), 0.0049173 secs] [Times: user=0.04 sys=0.01, real=0.01 secs] 
2016-09-25T21:12:23.035-0400: 38.591: [GC (GCLocker Initiated GC) [PSYoungGen: 183563K->46986K(204800K)] 290966K->155160K(729088K), 0.0235123 secs] [Times: user=0.26 sys=0.01, real=0.02 secs] 
2016-09-25T21:12:23.245-0400: 38.800: [GC (GCLocker Initiated GC) [PSYoungGen: 204682K->18434K(209920K)] 325014K->139292K(734208K), 0.0127151 secs] [Times: user=0.10 sys=0.01, real=0.01 secs] 
2016-09-25T21:12:23.433-0400: 38.988: [GC (GCLocker Initiated GC) [PSYoungGen: 176130K->33270K(208384K)] 302421K->160141K(732672K), 0.0161528 secs] [Times: user=0.16 sys=0.01, real=0.02 secs] 
2016-09-25T21:12:23.640-0400: 39.195: [GC (GCLocker Initiated GC) [PSYoungGen: 191478K->37360K(209408K)] 323782K->170206K(733696K), 0.0152229 secs] [Times: user=0.17 sys=0.00, real=0.02 secs] 
2016-09-25T21:12:23.833-0400: 39.388: [GC (GCLocker Initiated GC) [PSYoungGen: 195568K->18405K(210432K)] 328543K->176230K(734720K), 0.0284187 secs] [Times: user=0.26 sys=0.00, real=0.03 secs] 
2016-09-25T21:12:24.046-0400: 39.601: [GC (Allocation Failure) [PSYoungGen: 176613K->10407K(168960K)] 358912K->193249K(693248K), 0.0182476 secs] [Times: user=0.15 sys=0.01, real=0.02 secs] 
2016-09-25T21:12:24.260-0400: 39.816: [GC (GCLocker Initiated GC) [PSYoungGen: 168103K->29140K(210944K)] 353645K->215312K(735232K), 0.0193183 secs] [Times: user=0.22 sys=0.01, real=0.02 secs] 
2016-09-25T21:12:24.478-0400: 40.033: [GC (GCLocker Initiated GC) [PSYoungGen: 187348K->41493K(200192K)] 373522K->228250K(724480K), 0.0226768 secs] [Times: user=0.27 sys=0.00, real=0.02 secs] 
2016-09-25T21:12:24.719-0400: 40.275: [GC (GCLocker Initiated GC) [PSYoungGen: 199701K->29308K(210432K)] 392038K->222174K(734720K), 0.0297690 secs] [Times: user=0.35 sys=0.00, real=0.03 secs] 
2016-09-25T21:12:24.959-0400: 40.514: [GC (GCLocker Initiated GC) [PSYoungGen: 185980K->38674K(208384K)] 381687K->234956K(732672K), 0.0079468 secs] [Times: user=0.06 sys=0.00, real=0.01 secs] 
2016-09-25T21:12:25.200-0400: 40.755: [GC (GCLocker Initiated GC) [PSYoungGen: 195346K->20997K(209408K)] 394363K->231312K(733696K), 0.0065380 secs] [Times: user=0.04 sys=0.00, real=0.01 secs] 
2016-09-25T21:12:25.415-0400: 40.970: [GC (GCLocker Initiated GC) [PSYoungGen: 177669K->21189K(178176K)] 390713K->256317K(702464K), 0.0119808 secs] [Times: user=0.11 sys=0.00, real=0.01 secs] 
2016-09-25T21:12:25.628-0400: 41.184: [GC (GCLocker Initiated GC) [PSYoungGen: 177861K->26789K(210432K)] 418421K->289649K(734720K), 0.0538778 secs] [Times: user=0.55 sys=0.01, real=0.05 secs] 
2016-09-25T21:12:25.900-0400: 41.455: [GC (GCLocker Initiated GC) [PSYoungGen: 186021K->28147K(208384K)] 455797K->298655K(732672K), 0.0183430 secs] [Times: user=0.20 sys=0.00, real=0.02 secs] 
2016-09-25T21:12:26.139-0400: 41.694: [GC (GCLocker Initiated GC) [PSYoungGen: 187379K->22867K(209920K)] 464764K->300943K(734208K), 0.0259209 secs] [Times: user=0.27 sys=0.00, real=0.03 secs] 
2016-09-25T21:12:26.359-0400: 41.915: [GC (GCLocker Initiated GC) [PSYoungGen: 185683K->21500K(208896K)] 474438K->311034K(733184K), 0.0070145 secs] [Times: user=0.06 sys=0.00, real=0.01 secs] 
2016-09-25T21:12:26.573-0400: 42.129: [GC (GCLocker Initiated GC) [PSYoungGen: 184316K->33832K(212992K)] 476772K->327235K(737280K), 0.0249026 secs] [Times: user=0.24 sys=0.01, real=0.03 secs] 
2016-09-25T21:12:26.829-0400: 42.384: [GC (GCLocker Initiated GC) [PSYoungGen: 201768K->40528K(208896K)] 495245K->335069K(733184K), 0.0099329 secs] [Times: user=0.05 sys=0.00, real=0.01 secs] 
2016-09-25T21:12:27.056-0400: 42.611: [GC (Allocation Failure) [PSYoungGen: 208464K->20485K(213504K)] 509544K->333455K(737792K), 0.0465256 secs] [Times: user=0.43 sys=0.00, real=0.05 secs] 
2016-09-25T21:12:27.321-0400: 42.877: [GC (GCLocker Initiated GC) [PSYoungGen: 184837K->32414K(197120K)] 497808K->346706K(721408K), 0.0060554 secs] [Times: user=0.04 sys=0.02, real=0.01 secs] 
2016-09-25T21:12:27.524-0400: 43.079: [GC (GCLocker Initiated GC) [PSYoungGen: 196766K->45978K(204800K)] 516491K->369343K(729088K), 0.0257659 secs] [Times: user=0.24 sys=0.01, real=0.02 secs] 
2016-09-25T21:12:27.755-0400: 43.311: [GC (GCLocker Initiated GC) [PSYoungGen: 202650K->24446K(209408K)] 538334K->382798K(733696K), 0.0128362 secs] [Times: user=0.12 sys=0.00, real=0.01 secs] 
2016-09-25T21:12:27.974-0400: 43.529: [GC (GCLocker Initiated GC) [PSYoungGen: 181118K->29510K(203776K)] 539483K->388915K(728064K), 0.0105058 secs] [Times: user=0.09 sys=0.00, real=0.02 secs] 
2016-09-25T21:12:28.184-0400: 43.739: [GC (GCLocker Initiated GC) [PSYoungGen: 187718K->25476K(207360K)] 553902K->392524K(731648K), 0.0094095 secs] [Times: user=0.07 sys=0.00, real=0.00 secs] 
2016-09-25T21:12:29.744-0400: 45.299: [GC (GCLocker Initiated GC) [PSYoungGen: 183684K->26800K(208896K)] 556352K->413865K(733184K), 0.0249521 secs] [Times: user=0.24 sys=0.00, real=0.02 secs] 
2016-09-25T21:12:29.981-0400: 45.537: [GC (GCLocker Initiated GC) [PSYoungGen: 191664K->33411K(211456K)] 578762K->421323K(735744K), 0.0239638 secs] [Times: user=0.25 sys=0.00, real=0.03 secs] 
2016-09-25T21:12:30.242-0400: 45.798: [GC (GCLocker Initiated GC) [PSYoungGen: 198275K->24038K(213504K)] 589028K->426339K(737792K), 0.0418803 secs] [Times: user=0.42 sys=0.00, real=0.04 secs] 
2016-09-25T21:12:30.515-0400: 46.070: [GC (GCLocker Initiated GC) [PSYoungGen: 192998K->29506K(214528K)] 599828K->447945K(738816K), 0.0274550 secs] [Times: user=0.32 sys=0.00, real=0.03 secs] 
2016-09-25T21:12:30.781-0400: 46.336: [GC (GCLocker Initiated GC) [PSYoungGen: 198466K->20194K(215552K)] 618470K->441002K(739840K), 0.0141696 secs] [Times: user=0.11 sys=0.00, real=0.02 secs] 
2016-09-25T21:12:31.014-0400: 46.570: [GC (GCLocker Initiated GC) [PSYoungGen: 192226K->38991K(211456K)] 613048K->471515K(735744K), 0.0250013 secs] [Times: user=0.24 sys=0.01, real=0.02 secs] 
2016-09-25T21:12:31.269-0400: 46.824: [GC (GCLocker Initiated GC) [PSYoungGen: 211023K->30915K(216576K)] 646484K->475283K(740864K), 0.0198456 secs] [Times: user=0.14 sys=0.02, real=0.02 secs] 
2016-09-25T21:12:31.485-0400: 47.040: [GC (GCLocker Initiated GC) [PSYoungGen: 200899K->37682K(207872K)] 645300K->483059K(732160K), 0.0149798 secs] [Times: user=0.14 sys=0.00, real=0.01 secs] 
2016-09-25T21:12:31.734-0400: 47.289: [GC (GCLocker Initiated GC) [PSYoungGen: 207666K->25872K(216064K)] 665296K->495222K(740352K), 0.0101586 secs] [Times: user=0.12 sys=0.00, real=0.02 secs] 
2016-09-25T21:12:31.978-0400: 47.533: [GC (GCLocker Initiated GC) [PSYoungGen: 194832K->29534K(198656K)] 664222K->500008K(722944K), 0.0159418 secs] [Times: user=0.14 sys=0.00, real=0.01 secs] 
2016-09-25T21:12:32.213-0400: 47.769: [GC (GCLocker Initiated GC) [PSYoungGen: 198494K->16298K(212480K)] 683822K->524162K(736768K), 0.0157493 secs] [Times: user=0.12 sys=0.00, real=0.02 secs] 
2016-09-25T21:12:32.229-0400: 47.785: [Full GC (Ergonomics) [PSYoungGen: 16298K->0K(212480K)] [ParOldGen: 507864K->120283K(524288K)] 524162K->120283K(736768K), [Metaspace: 43355K->43355K(1085440K)], 0.0768473 secs] [Times: user=0.40 sys=0.02, real=0.08 secs] 
2016-09-25T21:12:32.537-0400: 48.093: [GC (GCLocker Initiated GC) [PSYoungGen: 167936K->24602K(213504K)] 299059K->155726K(737792K), 0.0294341 secs] [Times: user=0.27 sys=0.00, real=0.03 secs] 
2016-09-25T21:12:32.777-0400: 48.333: [GC (GCLocker Initiated GC) [PSYoungGen: 192538K->40523K(211456K)] 329091K->178303K(735744K), 0.0086574 secs] [Times: user=0.09 sys=0.00, real=0.01 secs] 
2016-09-25T21:12:33.008-0400: 48.563: [GC (GCLocker Initiated GC) [PSYoungGen: 207435K->24156K(214528K)] 350652K->173742K(738816K), 0.0310238 secs] [Times: user=0.32 sys=0.01, real=0.03 secs] 
2016-09-25T21:12:33.271-0400: 48.827: [GC (Allocation Failure) [PSYoungGen: 191068K->41744K(209408K)] 343356K->197643K(733696K), 0.6103567 secs] [Times: user=0.14 sys=0.01, real=0.61 secs] 
2016-09-25T21:12:35.340-0400: 50.896: [GC (GCLocker Initiated GC) [PSYoungGen: 203121K->43095K(206336K)] 361719K->202634K(730624K), 0.0177682 secs] [Times: user=0.16 sys=0.02, real=0.02 secs] 
2016-09-25T21:12:35.602-0400: 51.157: [GC (GCLocker Initiated GC) [PSYoungGen: 205911K->43078K(204800K)] 368391K->206403K(729088K), 0.0186382 secs] [Times: user=0.18 sys=0.01, real=0.02 secs] 
2016-09-25T21:12:35.839-0400: 51.395: [GC (GCLocker Initiated GC) [PSYoungGen: 195654K->18660K(207360K)] 368655K->192466K(731648K), 0.0117012 secs] [Times: user=0.10 sys=0.00, real=0.01 secs] 
2016-09-25T21:12:36.071-0400: 51.626: [GC (GCLocker Initiated GC) [PSYoungGen: 171236K->29391K(203264K)] 347830K->206808K(727552K), 0.0069877 secs] [Times: user=0.05 sys=0.00, real=0.01 secs] 
2016-09-25T21:12:36.304-0400: 51.859: [GC (GCLocker Initiated GC) [PSYoungGen: 181967K->38945K(205312K)] 362280K->220003K(729600K), 0.0168916 secs] [Times: user=0.14 sys=0.01, real=0.01 secs] 
2016-09-25T21:12:36.537-0400: 52.092: [GC (GCLocker Initiated GC) [PSYoungGen: 191521K->26917K(207360K)] 372633K->219662K(731648K), 0.0116347 secs] [Times: user=0.10 sys=0.01, real=0.01 secs] 
2016-09-25T21:12:36.786-0400: 52.341: [GC (GCLocker Initiated GC) [PSYoungGen: 182565K->22688K(207872K)] 382119K->222957K(732160K), 0.0112620 secs] [Times: user=0.09 sys=0.01, real=0.01 secs] 
2016-09-25T21:12:36.990-0400: 52.545: [GC (GCLocker Initiated GC) [PSYoungGen: 178336K->28189K(206848K)] 386735K->237444K(731136K), 0.0324658 secs] [Times: user=0.28 sys=0.03, real=0.04 secs] 
2016-09-25T21:12:37.210-0400: 52.765: [GC (GCLocker Initiated GC) [PSYoungGen: 186397K->26768K(208384K)] 395655K->244963K(732672K), 0.0103838 secs] [Times: user=0.09 sys=0.00, real=0.01 secs] 
2016-09-25T21:12:37.406-0400: 52.961: [GC (GCLocker Initiated GC) [PSYoungGen: 184976K->46128K(205312K)] 409950K->271941K(729600K), 0.0147681 secs] [Times: user=0.16 sys=0.01, real=0.01 secs] 
2016-09-25T21:12:37.582-0400: 53.137: [GC (GCLocker Initiated GC) [PSYoungGen: 202800K->41916K(198656K)] 431432K->285075K(722944K), 0.0111190 secs] [Times: user=0.09 sys=0.02, real=0.01 secs] 
2016-09-25T21:12:37.793-0400: 53.349: [GC (GCLocker Initiated GC) [PSYoungGen: 198588K->47389K(200704K)] 441923K->291788K(724992K), 0.0061405 secs] [Times: user=0.06 sys=0.01, real=0.01 secs] 
2016-09-25T21:12:38.010-0400: 53.565: [GC (GCLocker Initiated GC) [PSYoungGen: 193821K->24354K(204288K)] 443708K->275114K(728576K), 0.0188899 secs] [Times: user=0.19 sys=0.02, real=0.02 secs] 
2016-09-25T21:12:38.213-0400: 53.768: [GC (GCLocker Initiated GC) [PSYoungGen: 170786K->31110K(199680K)] 424275K->285635K(723968K), 0.0052731 secs] [Times: user=0.06 sys=0.01, real=0.01 secs] 
2016-09-25T21:12:38.396-0400: 53.951: [GC (GCLocker Initiated GC) [PSYoungGen: 178054K->36344K(202240K)] 432612K->291792K(726528K), 0.0048158 secs] [Times: user=0.04 sys=0.01, real=0.00 secs] 
2016-09-25T21:12:38.561-0400: 54.116: [GC (GCLocker Initiated GC) [PSYoungGen: 183288K->38092K(204800K)] 438894K->316335K(729088K), 0.0063044 secs] [Times: user=0.07 sys=0.02, real=0.01 secs] 
2016-09-25T21:12:38.720-0400: 54.276: [GC (GCLocker Initiated GC) [PSYoungGen: 190668K->24187K(206336K)] 469025K->303485K(730624K), 0.0272747 secs] [Times: user=0.28 sys=0.01, real=0.03 secs] 
2016-09-25T21:12:38.912-0400: 54.468: [GC (GCLocker Initiated GC) [PSYoungGen: 176763K->43369K(205312K)] 464190K->350781K(729600K), 0.0228070 secs] [Times: user=0.38 sys=0.02, real=0.03 secs] 
2016-09-25T21:12:39.092-0400: 54.648: [GC (GCLocker Initiated GC) [PSYoungGen: 194921K->37890K(206848K)] 505263K->370831K(731136K), 0.0157151 secs] [Times: user=0.22 sys=0.02, real=0.02 secs] 
2016-09-25T21:12:39.296-0400: 54.851: [GC (GCLocker Initiated GC) [PSYoungGen: 189442K->24274K(205312K)] 525087K->360975K(729600K), 0.0158980 secs] [Times: user=0.20 sys=0.01, real=0.01 secs] 
2016-09-25T21:12:39.456-0400: 55.011: [GC (GCLocker Initiated GC) [PSYoungGen: 176338K->39050K(206336K)] 515812K->379401K(730624K), 0.0194684 secs] [Times: user=0.12 sys=0.03, real=0.02 secs] 
2016-09-25T21:12:39.631-0400: 55.186: [GC (GCLocker Initiated GC) [PSYoungGen: 191114K->43213K(204800K)] 531690K->384679K(729088K), 0.0074271 secs] [Times: user=0.06 sys=0.00, real=0.01 secs] 
2016-09-25T21:12:39.815-0400: 55.371: [GC (GCLocker Initiated GC) [PSYoungGen: 193741K->22755K(206336K)] 543317K->373150K(730624K), 0.0209686 secs] [Times: user=0.24 sys=0.00, real=0.02 secs] 
2016-09-25T21:12:40.004-0400: 55.560: [GC (GCLocker Initiated GC) [PSYoungGen: 173283K->31025K(203264K)] 529501K->388062K(727552K), 0.0149848 secs] [Times: user=0.12 sys=0.01, real=0.01 secs] 
2016-09-25T21:12:40.185-0400: 55.741: [GC (GCLocker Initiated GC) [PSYoungGen: 181553K->32065K(204800K)] 541294K->392547K(729088K), 0.0180708 secs] [Times: user=0.18 sys=0.01, real=0.02 secs] 
2016-09-25T21:12:40.356-0400: 55.911: [GC (GCLocker Initiated GC) [PSYoungGen: 182593K->40323K(206336K)] 545826K->404244K(730624K), 0.0099933 secs] [Times: user=0.13 sys=0.00, real=0.01 secs] 
2016-09-25T21:12:40.544-0400: 56.099: [GC (GCLocker Initiated GC) [PSYoungGen: 194435K->33671K(207360K)] 565186K->405050K(731648K), 0.0109340 secs] [Times: user=0.15 sys=0.00, real=0.01 secs] 
2016-09-25T21:12:40.717-0400: 56.272: [GC (GCLocker Initiated GC) [PSYoungGen: 187783K->30872K(207872K)] 559276K->413844K(732160K), 0.0135708 secs] [Times: user=0.11 sys=0.00, real=0.01 secs] 
2016-09-25T21:12:40.896-0400: 56.451: [GC (GCLocker Initiated GC) [PSYoungGen: 188568K->40393K(207872K)] 577028K->448440K(732160K), 0.0055915 secs] [Times: user=0.07 sys=0.00, real=0.00 secs] 
2016-09-25T21:12:41.071-0400: 56.626: [GC (GCLocker Initiated GC) [PSYoungGen: 198089K->42850K(208384K)] 608924K->454368K(732672K), 0.0134362 secs] [Times: user=0.18 sys=0.00, real=0.02 secs] 
2016-09-25T21:12:41.251-0400: 56.807: [GC (GCLocker Initiated GC) [PSYoungGen: 200546K->31930K(209920K)] 612134K->468398K(734208K), 0.0256864 secs] [Times: user=0.28 sys=0.01, real=0.03 secs] 
2016-09-25T21:12:41.420-0400: 56.976: [GC (GCLocker Initiated GC) [PSYoungGen: 189626K->50995K(201728K)] 626331K->490939K(726016K), 0.0144406 secs] [Times: user=0.17 sys=0.02, real=0.02 secs] 
2016-09-25T21:12:41.592-0400: 57.148: [GC (GCLocker Initiated GC) [PSYoungGen: 201523K->29225K(206336K)] 648246K->476442K(730624K), 0.0072455 secs] [Times: user=0.07 sys=0.00, real=0.01 secs] 
2016-09-25T21:12:41.741-0400: 57.296: [GC (GCLocker Initiated GC) [PSYoungGen: 179753K->49732K(200192K)] 629699K->524439K(724480K), 0.0062078 secs] [Times: user=0.07 sys=0.00, real=0.01 secs] 
2016-09-25T21:12:41.886-0400: 57.441: [GC (GCLocker Initiated GC) [PSYoungGen: 195140K->27995K(203776K)] 679411K->529048K(728064K), 0.0069424 secs] [Times: user=0.08 sys=0.01, real=0.00 secs] 
2016-09-25T21:12:41.893-0400: 57.448: [Full GC (Ergonomics) [PSYoungGen: 27995K->0K(203776K)] [ParOldGen: 501052K->151625K(524288K)] 529048K->151625K(728064K), [Metaspace: 43368K->43368K(1085440K)], 0.0737667 secs] [Times: user=0.40 sys=0.03, real=0.08 secs] 
2016-09-25T21:12:42.102-0400: 57.658: [GC (GCLocker Initiated GC) [PSYoungGen: 145408K->40181K(201216K)] 297035K->191817K(725504K), 0.0136929 secs] [Times: user=0.16 sys=0.01, real=0.01 secs] 
2016-09-25T21:12:42.249-0400: 57.805: [GC (GCLocker Initiated GC) [PSYoungGen: 186101K->29103K(202752K)] 343258K->186755K(727040K), 0.0078657 secs] [Times: user=0.04 sys=0.01, real=0.01 secs] 
2016-09-25T21:12:42.397-0400: 57.953: [GC (GCLocker Initiated GC) [PSYoungGen: 175023K->46834K(201728K)] 337351K->209685K(726016K), 0.0047256 secs] [Times: user=0.03 sys=0.02, real=0.01 secs] 
2016-09-25T21:12:42.537-0400: 58.092: [GC (GCLocker Initiated GC) [PSYoungGen: 192242K->45506K(190976K)] 355121K->219648K(715264K), 0.0111544 secs] [Times: user=0.14 sys=0.00, real=0.01 secs] 
2016-09-25T21:12:42.677-0400: 58.233: [GC (GCLocker Initiated GC) [PSYoungGen: 190914K->45610K(200704K)] 367993K->247473K(724992K), 0.0151408 secs] [Times: user=0.07 sys=0.03, real=0.01 secs] 
2016-09-25T21:12:42.818-0400: 58.373: [GC (GCLocker Initiated GC) [PSYoungGen: 186922K->48174K(189952K)] 388852K->250638K(714240K), 0.0136278 secs] [Times: user=0.16 sys=0.01, real=0.01 secs] 
2016-09-25T21:12:42.997-0400: 58.552: [GC (GCLocker Initiated GC) [PSYoungGen: 189486K->49854K(197632K)] 394697K->255558K(721920K), 0.0133057 secs] [Times: user=0.16 sys=0.01, real=0.01 secs] 
2016-09-25T21:12:43.170-0400: 58.725: [GC (GCLocker Initiated GC) [PSYoungGen: 186046K->22603K(159232K)] 391843K->231794K(683520K), 0.0085760 secs] [Times: user=0.07 sys=0.01, real=0.01 secs] 
2016-09-25T21:12:43.334-0400: 58.890: [GC (GCLocker Initiated GC) [PSYoungGen: 158795K->52766K(193024K)] 368003K->262793K(717312K), 0.0072591 secs] [Times: user=0.10 sys=0.00, real=0.00 secs] 
2016-09-25T21:12:43.504-0400: 59.060: [GC (GCLocker Initiated GC) [PSYoungGen: 181790K->37704K(195584K)] 391826K->264885K(719872K), 0.0107265 secs] [Times: user=0.13 sys=0.01, real=0.01 secs] 
2016-09-25T21:12:43.683-0400: 59.238: [GC (GCLocker Initiated GC) [PSYoungGen: 166728K->28397K(194048K)] 404938K->278166K(718336K), 0.0192591 secs] [Times: user=0.28 sys=0.01, real=0.01 secs] 
2016-09-25T21:12:43.905-0400: 59.461: [GC (Allocation Failure) [PSYoungGen: 159469K->21272K(195072K)] 416245K->278918K(719360K), 0.0259612 secs] [Times: user=0.25 sys=0.00, real=0.02 secs] 
2016-09-25T21:12:44.120-0400: 59.675: [GC (GCLocker Initiated GC) [PSYoungGen: 152344K->47767K(195584K)] 409993K->306303K(719872K), 0.0112882 secs] [Times: user=0.11 sys=0.02, real=0.01 secs] 
2016-09-25T21:12:44.326-0400: 59.881: [GC (GCLocker Initiated GC) [PSYoungGen: 178839K->24496K(196608K)] 445505K->292282K(720896K), 0.0074279 secs] [Times: user=0.06 sys=0.00, real=0.00 secs] 
2016-09-25T21:12:44.496-0400: 60.051: [GC (GCLocker Initiated GC) [PSYoungGen: 155568K->20645K(195584K)] 426063K->303175K(719872K), 0.0070835 secs] [Times: user=0.04 sys=0.00, real=0.01 secs] 
2016-09-25T21:12:44.663-0400: 60.218: [GC (GCLocker Initiated GC) [PSYoungGen: 151717K->27566K(196096K)] 439650K->327612K(720384K), 0.0076388 secs] [Times: user=0.08 sys=0.00, real=0.00 secs] 
2016-09-25T21:12:44.828-0400: 60.384: [GC (GCLocker Initiated GC) [PSYoungGen: 158638K->39728K(196096K)] 460459K->342863K(720384K), 0.0134240 secs] [Times: user=0.15 sys=0.00, real=0.01 secs] 
2016-09-25T21:12:45.009-0400: 60.564: [GC (GCLocker Initiated GC) [PSYoungGen: 173360K->43682K(196096K)] 476647K->364489K(720384K), 0.0116394 secs] [Times: user=0.10 sys=0.00, real=0.01 secs] 
2016-09-25T21:12:45.196-0400: 60.751: [GC (GCLocker Initiated GC) [PSYoungGen: 177314K->28972K(197120K)] 503676K->356639K(721408K), 0.0166090 secs] [Times: user=0.21 sys=0.01, real=0.01 secs] 
2016-09-25T21:12:45.374-0400: 60.930: [GC (GCLocker Initiated GC) [PSYoungGen: 165676K->52971K(189952K)] 493453K->382064K(714240K), 0.0109435 secs] [Times: user=0.10 sys=0.03, real=0.01 secs] 
2016-09-25T21:12:45.561-0400: 61.117: [GC (GCLocker Initiated GC) [PSYoungGen: 189675K->30326K(198144K)] 524223K->384981K(722432K), 0.0056906 secs] [Times: user=0.04 sys=0.02, real=0.01 secs] 
2016-09-25T21:12:45.756-0400: 61.311: [GC (GCLocker Initiated GC) [PSYoungGen: 162934K->41096K(174080K)] 523111K->402745K(698368K), 0.0224592 secs] [Times: user=0.33 sys=0.03, real=0.02 secs] 
2016-09-25T21:12:45.959-0400: 61.515: [GC (GCLocker Initiated GC) [PSYoungGen: 173704K->38232K(197632K)] 538294K->404304K(721920K), 0.0076211 secs] [Times: user=0.08 sys=0.00, real=0.01 secs] 
2016-09-25T21:12:46.135-0400: 61.690: [GC (Allocation Failure) [PSYoungGen: 172888K->23575K(195584K)] 551709K->403771K(719872K), 0.0056150 secs] [Times: user=0.05 sys=0.00, real=0.00 secs] 
2016-09-25T21:12:46.314-0400: 61.870: [GC (GCLocker Initiated GC) [PSYoungGen: 158231K->43603K(198656K)] 538434K->425177K(722944K), 0.0084630 secs] [Times: user=0.07 sys=0.01, real=0.02 secs] 
2016-09-25T21:12:46.494-0400: 62.049: [GC (GCLocker Initiated GC) [PSYoungGen: 181331K->32966K(199168K)] 571104K->424100K(723456K), 0.0154593 secs] [Times: user=0.22 sys=0.00, real=0.02 secs] 
2016-09-25T21:12:46.668-0400: 62.224: [GC (GCLocker Initiated GC) [PSYoungGen: 170694K->44828K(198144K)] 569225K->444907K(722432K), 0.0103888 secs] [Times: user=0.12 sys=0.01, real=0.01 secs] 
2016-09-25T21:12:46.855-0400: 62.411: [GC (GCLocker Initiated GC) [PSYoungGen: 183580K->25457K(199168K)] 584281K->443466K(723456K), 0.0170100 secs] [Times: user=0.18 sys=0.00, real=0.01 secs] 
2016-09-25T21:12:47.017-0400: 62.572: [GC (GCLocker Initiated GC) [PSYoungGen: 164209K->39118K(199168K)] 582459K->458254K(723456K), 0.0178396 secs] [Times: user=0.16 sys=0.00, real=0.02 secs] 
2016-09-25T21:12:47.204-0400: 62.759: [GC (GCLocker Initiated GC) [PSYoungGen: 180942K->27277K(200704K)] 605511K->461001K(724992K), 0.0110382 secs] [Times: user=0.14 sys=0.01, real=0.01 secs] 
2016-09-25T21:12:47.376-0400: 62.932: [GC (GCLocker Initiated GC) [PSYoungGen: 169101K->48884K(198144K)] 605628K->486693K(722432K), 0.0110664 secs] [Times: user=0.12 sys=0.00, real=0.01 secs] 
2016-09-25T21:12:47.554-0400: 63.109: [GC (GCLocker Initiated GC) [PSYoungGen: 189172K->40437K(201216K)] 629745K->500986K(725504K), 0.0073808 secs] [Times: user=0.08 sys=0.01, real=0.01 secs] 
2016-09-25T21:12:47.690-0400: 63.246: [GC (GCLocker Initiated GC) [PSYoungGen: 180725K->45987K(200192K)] 641411K->520964K(724480K), 0.0071107 secs] [Times: user=0.09 sys=0.00, real=0.01 secs] 
2016-09-25T21:12:47.877-0400: 63.432: [GC (GCLocker Initiated GC) [PSYoungGen: 186275K->30747K(201216K)] 666796K->512120K(725504K), 0.0144795 secs] [Times: user=0.17 sys=0.00, real=0.01 secs] 
2016-09-25T21:12:48.072-0400: 63.628: [GC (Allocation Failure) [PSYoungGen: 171035K->1185K(195072K)] 667470K->498387K(719360K), 0.0113930 secs] [Times: user=0.12 sys=0.00, real=0.02 secs] 
2016-09-25T21:12:48.236-0400: 63.793: [Full GC (Ergonomics) [PSYoungGen: 135526K->0K(195072K)] [ParOldGen: 499901K->179819K(524288K)] 635428K->179819K(719360K), [Metaspace: 43405K->43405K(1085440K)], 0.0644582 secs] [Times: user=0.51 sys=0.04, real=0.06 secs] 
2016-09-25T21:12:48.465-0400: 64.020: [GC (GCLocker Initiated GC) [PSYoungGen: 135168K->40486K(198656K)] 320621K->225939K(722944K), 0.0124120 secs] [Times: user=0.14 sys=0.00, real=0.01 secs] 
2016-09-25T21:12:48.651-0400: 64.206: [GC (GCLocker Initiated GC) [PSYoungGen: 175654K->48397K(194560K)] 366567K->240221K(718848K), 0.0093379 secs] [Times: user=0.12 sys=0.00, real=0.01 secs] 
2016-09-25T21:12:48.814-0400: 64.369: [GC (GCLocker Initiated GC) [PSYoungGen: 179469K->22695K(196608K)] 373998K->242239K(720896K), 0.0096732 secs] [Times: user=0.06 sys=0.00, real=0.02 secs] 
2016-09-25T21:12:48.956-0400: 64.512: [GC (GCLocker Initiated GC) [PSYoungGen: 153767K->48400K(193024K)] 373332K->268612K(717312K), 0.0251107 secs] [Times: user=0.18 sys=0.00, real=0.02 secs] 
2016-09-25T21:12:49.134-0400: 64.689: [GC (GCLocker Initiated GC) [PSYoungGen: 176400K->25323K(195072K)] 406151K->266488K(719360K), 0.0100049 secs] [Times: user=0.09 sys=0.00, real=0.02 secs] 
2016-09-25T21:12:49.282-0400: 64.838: [GC (GCLocker Initiated GC) [PSYoungGen: 153323K->22858K(192512K)] 403968K->274206K(716800K), 0.0131915 secs] [Times: user=0.14 sys=0.00, real=0.01 secs] 
2016-09-25T21:12:49.445-0400: 65.000: [GC (GCLocker Initiated GC) [PSYoungGen: 152394K->32176K(194048K)] 409175K->305999K(718336K), 0.0113670 secs] [Times: user=0.12 sys=0.00, real=0.01 secs] 
2016-09-25T21:12:49.609-0400: 65.165: [GC (GCLocker Initiated GC) [PSYoungGen: 161712K->20009K(197120K)] 438315K->313578K(721408K), 0.0252517 secs] [Times: user=0.21 sys=0.00, real=0.03 secs] 
2016-09-25T21:12:49.777-0400: 65.332: [GC (GCLocker Initiated GC) [PSYoungGen: 155177K->32285K(196608K)] 455693K->333638K(720896K), 0.0206357 secs] [Times: user=0.18 sys=0.01, real=0.02 secs] 
2016-09-25T21:12:49.943-0400: 65.498: [GC (GCLocker Initiated GC) [PSYoungGen: 167453K->29554K(198656K)] 474229K->337229K(722944K), 0.0128558 secs] [Times: user=0.12 sys=0.00, real=0.01 secs] 
2016-09-25T21:12:50.098-0400: 65.653: [GC (GCLocker Initiated GC) [PSYoungGen: 170354K->33513K(197120K)] 478248K->358460K(721408K), 0.0287851 secs] [Times: user=0.26 sys=0.01, real=0.03 secs] 
2016-09-25T21:12:50.273-0400: 65.828: [GC (GCLocker Initiated GC) [PSYoungGen: 174313K->32199K(203776K)] 501993K->360711K(728064K), 0.0194680 secs] [Times: user=0.18 sys=0.00, real=0.02 secs] 
2016-09-25T21:12:50.458-0400: 66.014: [GC (GCLocker Initiated GC) [PSYoungGen: 182215K->32327K(202240K)] 513469K->364466K(726528K), 0.0090334 secs] [Times: user=0.10 sys=0.00, real=0.01 secs] 
2016-09-25T21:12:50.647-0400: 66.202: [GC (GCLocker Initiated GC) [PSYoungGen: 182343K->17318K(206336K)] 521234K->357046K(730624K), 0.0174436 secs] [Times: user=0.15 sys=0.00, real=0.02 secs] 
2016-09-25T21:12:50.845-0400: 66.401: [GC (GCLocker Initiated GC) [PSYoungGen: 172966K->31070K(206848K)] 517282K->376344K(731136K), 0.0103753 secs] [Times: user=0.12 sys=0.00, real=0.01 secs] 
2016-09-25T21:12:51.028-0400: 66.584: [GC (GCLocker Initiated GC) [PSYoungGen: 186718K->29680K(209408K)] 540115K->384039K(733696K), 0.0182442 secs] [Times: user=0.21 sys=0.00, real=0.02 secs] 
2016-09-25T21:12:51.214-0400: 66.769: [GC (GCLocker Initiated GC) [PSYoungGen: 191472K->37617K(209408K)] 545857K->406328K(733696K), 0.0104289 secs] [Times: user=0.07 sys=0.01, real=0.02 secs] 
2016-09-25T21:12:51.407-0400: 66.962: [GC (GCLocker Initiated GC) [PSYoungGen: 199409K->24124K(214016K)] 573630K->409905K(738304K), 0.0091543 secs] [Times: user=0.08 sys=0.01, real=0.01 secs] 
2016-09-25T21:12:51.598-0400: 67.153: [GC (Allocation Failure) [PSYoungGen: 189500K->25320K(190976K)] 578021K->414623K(715264K), 0.0230766 secs] [Times: user=0.22 sys=0.00, real=0.02 secs] 
2016-09-25T21:12:51.777-0400: 67.332: [GC (GCLocker Initiated GC) [PSYoungGen: 189536K->45863K(206848K)] 581539K->449430K(731136K), 0.0104077 secs] [Times: user=0.10 sys=0.00, real=0.01 secs] 
2016-09-25T21:12:51.967-0400: 67.522: [GC (GCLocker Initiated GC) [PSYoungGen: 205607K->36317K(210944K)] 609176K->440695K(735232K), 0.0105538 secs] [Times: user=0.12 sys=0.00, real=0.01 secs] 
2016-09-25T21:12:52.145-0400: 67.701: [GC (GCLocker Initiated GC) [PSYoungGen: 196061K->38925K(209920K)] 603173K->446758K(734208K), 0.0288778 secs] [Times: user=0.29 sys=0.02, real=0.03 secs] 
2016-09-25T21:12:52.356-0400: 67.912: [GC (GCLocker Initiated GC) [PSYoungGen: 197645K->12153K(171008K)] 620416K->457313K(695296K), 0.0190228 secs] [Times: user=0.18 sys=0.00, real=0.02 secs] 
2016-09-25T21:12:52.541-0400: 68.097: [GC (GCLocker Initiated GC) [PSYoungGen: 170873K->30860K(210944K)] 623014K->483809K(735232K), 0.0141791 secs] [Times: user=0.12 sys=0.02, real=0.02 secs] 
2016-09-25T21:12:52.733-0400: 68.288: [GC (GCLocker Initiated GC) [PSYoungGen: 188556K->30929K(188928K)] 641533K->484650K(713216K), 0.0120166 secs] [Times: user=0.10 sys=0.00, real=0.02 secs] 
2016-09-25T21:12:52.941-0400: 68.497: [GC (GCLocker Initiated GC) [PSYoungGen: 188625K->23926K(207360K)] 645097K->481122K(731648K), 0.0064483 secs] [Times: user=0.04 sys=0.00, real=0.01 secs] 
2016-09-25T21:12:53.149-0400: 68.704: [GC (GCLocker Initiated GC) [PSYoungGen: 182134K->28074K(206848K)] 642175K->488860K(731136K), 0.0193674 secs] [Times: user=0.23 sys=0.00, real=0.02 secs] 
2016-09-25T21:12:53.357-0400: 68.913: [GC (Allocation Failure) [PSYoungGen: 186282K->33542K(211968K)] 647286K->495300K(736256K), 0.0387879 secs] [Times: user=0.35 sys=0.01, real=0.04 secs] 
2016-09-25T21:12:53.396-0400: 68.952: [GC (GCLocker Initiated GC) [PSYoungGen: 33560K->128K(211456K)] 495318K->511441K(735744K), 0.0098858 secs] [Times: user=0.07 sys=0.01, real=0.01 secs] 
2016-09-25T21:12:53.407-0400: 68.962: [Full GC (Ergonomics) [PSYoungGen: 128K->0K(211456K)] [ParOldGen: 511313K->203087K(524288K)] 511441K->203087K(735744K), [Metaspace: 43412K->43412K(1085440K)], 0.0851560 secs] [Times: user=0.52 sys=0.02, real=0.08 secs] 
2016-09-25T21:12:53.694-0400: 69.249: [GC (GCLocker Initiated GC) [PSYoungGen: 164117K->28585K(213504K)] 369904K->234381K(737792K), 0.0147356 secs] [Times: user=0.17 sys=0.00, real=0.02 secs] 
2016-09-25T21:12:53.903-0400: 69.459: [GC (GCLocker Initiated GC) [PSYoungGen: 191913K->47229K(210944K)] 405838K->262395K(735232K), 0.0104957 secs] [Times: user=0.15 sys=0.00, real=0.00 secs] 
2016-09-25T21:12:54.096-0400: 69.651: [GC (GCLocker Initiated GC) [PSYoungGen: 210557K->26918K(209920K)] 428427K->269913K(734208K), 0.0060545 secs] [Times: user=0.06 sys=0.00, real=0.00 secs] 
2016-09-25T21:12:54.281-0400: 69.837: [GC (GCLocker Initiated GC) [PSYoungGen: 185638K->45990K(204800K)] 438140K->299280K(729088K), 0.0261851 secs] [Times: user=0.28 sys=0.01, real=0.03 secs] 
2016-09-25T21:12:54.499-0400: 70.054: [GC (GCLocker Initiated GC) [PSYoungGen: 204710K->23068K(207360K)] 472958K->303132K(731648K), 0.0135621 secs] [Times: user=0.13 sys=0.01, real=0.01 secs] 
2016-09-25T21:12:54.693-0400: 70.248: [GC (GCLocker Initiated GC) [PSYoungGen: 174620K->25445K(177152K)] 454687K->306458K(701440K), 0.0123073 secs] [Times: user=0.09 sys=0.00, real=0.02 secs] 
2016-09-25T21:12:54.873-0400: 70.428: [GC (GCLocker Initiated GC) [PSYoungGen: 176997K->37751K(203264K)] 458251K->319886K(727552K), 0.0268942 secs] [Times: user=0.32 sys=0.00, real=0.03 secs] 
2016-09-25T21:12:55.075-0400: 70.630: [GC (GCLocker Initiated GC) [PSYoungGen: 188279K->13644K(204288K)] 485348K->311550K(728576K), 0.0129713 secs] [Times: user=0.13 sys=0.00, real=0.01 secs] 
2016-09-25T21:12:55.275-0400: 70.831: [GC (GCLocker Initiated GC) [PSYoungGen: 164172K->48576K(198656K)] 462083K->347476K(722944K), 0.0105730 secs] [Times: user=0.14 sys=0.01, real=0.01 secs] 
2016-09-25T21:12:55.449-0400: 71.004: [GC (Allocation Failure) [PSYoungGen: 192960K->43241K(187904K)] 491933K->343044K(712192K), 0.0228526 secs] [Times: user=0.25 sys=0.01, real=0.02 secs] 
2016-09-25T21:12:55.633-0400: 71.189: [GC (GCLocker Initiated GC) [PSYoungGen: 187625K->32338K(203776K)] 487428K->333084K(728064K), 0.0246016 secs] [Times: user=0.15 sys=0.00, real=0.03 secs] 
2016-09-25T21:12:55.819-0400: 71.375: [GC (GCLocker Initiated GC) [PSYoungGen: 175186K->43311K(201216K)] 476017K->345190K(725504K), 0.0050178 secs] [Times: user=0.04 sys=0.00, real=0.01 secs] 
2016-09-25T21:12:55.989-0400: 71.544: [GC (GCLocker Initiated GC) [PSYoungGen: 186159K->25632K(202240K)] 488111K->347562K(726528K), 0.0093493 secs] [Times: user=0.07 sys=0.00, real=0.01 secs] 
2016-09-25T21:12:56.182-0400: 71.738: [GC (GCLocker Initiated GC) [PSYoungGen: 169504K->33796K(178176K)] 496867K->362219K(702464K), 0.0067432 secs] [Times: user=0.06 sys=0.00, real=0.00 secs] 
2016-09-25T21:12:56.363-0400: 71.918: [GC (GCLocker Initiated GC) [PSYoungGen: 177668K->13588K(200704K)] 518258K->368738K(724992K), 0.0086595 secs] [Times: user=0.08 sys=0.00, real=0.00 secs] 
2016-09-25T21:12:56.566-0400: 72.121: [GC (GCLocker Initiated GC) [PSYoungGen: 157972K->29808K(201728K)] 518540K->407774K(726016K), 0.0097354 secs] [Times: user=0.10 sys=0.00, real=0.01 secs] 
2016-09-25T21:12:56.746-0400: 72.302: [GC (GCLocker Initiated GC) [PSYoungGen: 174192K->30024K(201216K)] 561834K->426841K(725504K), 0.0194264 secs] [Times: user=0.22 sys=0.00, real=0.02 secs] 
2016-09-25T21:12:56.935-0400: 72.490: [GC (GCLocker Initiated GC) [PSYoungGen: 180040K->48741K(202240K)] 579634K->449531K(726528K), 0.0060444 secs] [Times: user=0.05 sys=0.00, real=0.00 secs] 
2016-09-25T21:12:57.118-0400: 72.674: [GC (GCLocker Initiated GC) [PSYoungGen: 198757K->24454K(206336K)] 600933K->443913K(730624K), 0.0156692 secs] [Times: user=0.18 sys=0.00, real=0.02 secs] 
2016-09-25T21:12:57.304-0400: 72.859: [GC (GCLocker Initiated GC) [PSYoungGen: 173958K->31332K(181248K)] 605590K->488472K(705536K), 0.0266749 secs] [Times: user=0.30 sys=0.01, real=0.02 secs] 
2016-09-25T21:12:57.518-0400: 73.073: [GC (GCLocker Initiated GC) [PSYoungGen: 180836K->25961K(204800K)] 646224K->511465K(729088K), 0.0154222 secs] [Times: user=0.20 sys=0.00, real=0.01 secs] 
2016-09-25T21:12:57.728-0400: 73.284: [GC (GCLocker Initiated GC) [PSYoungGen: 177001K->29802K(203264K)] 665237K->535419K(727552K), 0.0058242 secs] [Times: user=0.04 sys=0.01, real=0.01 secs] 
2016-09-25T21:12:57.734-0400: 73.290: [Full GC (Ergonomics) [PSYoungGen: 29802K->0K(203264K)] [ParOldGen: 505617K->224023K(524288K)] 535419K->224023K(727552K), [Metaspace: 43480K->43480K(1085440K)], 0.0670385 secs] [Times: user=0.43 sys=0.01, real=0.06 secs] 
2016-09-25T21:12:58.013-0400: 73.568: [GC (GCLocker Initiated GC) [PSYoungGen: 151040K->46418K(202240K)] 375089K->270468K(726528K), 0.0229396 secs] [Times: user=0.30 sys=0.01, real=0.03 secs] 
2016-09-25T21:12:58.227-0400: 73.782: [GC (GCLocker Initiated GC) [PSYoungGen: 198482K->29990K(206336K)] 425265K->279817K(730624K), 0.0095845 secs] [Times: user=0.08 sys=0.01, real=0.01 secs] 
2016-09-25T21:12:58.410-0400: 73.966: [GC (GCLocker Initiated GC) [PSYoungGen: 182054K->21906K(205824K)] 441482K->293310K(730112K), 0.0071275 secs] [Times: user=0.07 sys=0.00, real=0.01 secs] 
2016-09-25T21:12:58.639-0400: 74.194: [GC (GCLocker Initiated GC) [PSYoungGen: 177554K->23316K(207872K)] 458412K->305286K(732160K), 0.0086489 secs] [Times: user=0.08 sys=0.00, real=0.01 secs] 
2016-09-25T21:12:58.825-0400: 74.380: [GC (GCLocker Initiated GC) [PSYoungGen: 178964K->48935K(200704K)] 460966K->332097K(724992K), 0.0061478 secs] [Times: user=0.08 sys=0.01, real=0.00 secs] 
2016-09-25T21:12:59.001-0400: 74.557: [GC (GCLocker Initiated GC) [PSYoungGen: 198439K->29686K(205824K)] 481797K->314161K(730112K), 0.0107910 secs] [Times: user=0.07 sys=0.01, real=0.01 secs] 
2016-09-25T21:12:59.188-0400: 74.743: [GC (GCLocker Initiated GC) [PSYoungGen: 179190K->31370K(199680K)] 471935K->327847K(723968K), 0.0051454 secs] [Times: user=0.04 sys=0.00, real=0.00 secs] 
2016-09-25T21:12:59.362-0400: 74.917: [GC (GCLocker Initiated GC) [PSYoungGen: 182922K->30959K(203776K)] 482251K->331337K(728064K), 0.0137879 secs] [Times: user=0.14 sys=0.01, real=0.02 secs] 
2016-09-25T21:12:59.564-0400: 75.119: [GC (GCLocker Initiated GC) [PSYoungGen: 182511K->21607K(207872K)] 485619K->325758K(732160K), 0.0139721 secs] [Times: user=0.14 sys=0.00, real=0.01 secs] 
2016-09-25T21:12:59.743-0400: 75.298: [GC (GCLocker Initiated GC) [PSYoungGen: 181351K->16055K(209920K)] 499083K->334664K(734208K), 0.0149061 secs] [Times: user=0.08 sys=0.00, real=0.01 secs] 
2016-09-25T21:12:59.932-0400: 75.488: [GC (GCLocker Initiated GC) [PSYoungGen: 175799K->48651K(201216K)] 494448K->376357K(725504K), 0.0108505 secs] [Times: user=0.08 sys=0.00, real=0.02 secs] 
2016-09-25T21:13:00.117-0400: 75.672: [GC (GCLocker Initiated GC) [PSYoungGen: 199179K->21307K(206336K)] 526914K->350192K(730624K), 0.0132482 secs] [Times: user=0.12 sys=0.00, real=0.01 secs] 
2016-09-25T21:13:00.296-0400: 75.851: [GC (GCLocker Initiated GC) [PSYoungGen: 171835K->39013K(205824K)] 500752K->374155K(730112K), 0.0354077 secs] [Times: user=0.31 sys=0.01, real=0.03 secs] 
2016-09-25T21:13:00.490-0400: 76.045: [GC (GCLocker Initiated GC) [PSYoungGen: 189541K->26953K(177664K)] 532812K->395457K(701952K), 0.0226274 secs] [Times: user=0.30 sys=0.00, real=0.02 secs] 
2016-09-25T21:13:00.669-0400: 76.224: [GC (GCLocker Initiated GC) [PSYoungGen: 177481K->40357K(204288K)] 546226K->409950K(728576K), 0.0118901 secs] [Times: user=0.12 sys=0.00, real=0.01 secs] 
2016-09-25T21:13:00.844-0400: 76.399: [GC (GCLocker Initiated GC) [PSYoungGen: 190373K->32097K(205312K)] 559969K->402428K(729600K), 0.0157872 secs] [Times: user=0.17 sys=0.01, real=0.01 secs] 
2016-09-25T21:13:01.009-0400: 76.564: [GC (GCLocker Initiated GC) [PSYoungGen: 182113K->13338K(204800K)] 564750K->396631K(729088K), 0.0071877 secs] [Times: user=0.04 sys=0.00, real=0.01 secs] 
2016-09-25T21:13:01.195-0400: 76.750: [GC (GCLocker Initiated GC) [PSYoungGen: 164890K->29399K(205824K)] 548330K->413588K(730112K), 0.0093488 secs] [Times: user=0.06 sys=0.01, real=0.01 secs] 
2016-09-25T21:13:01.355-0400: 76.911: [GC (GCLocker Initiated GC) [PSYoungGen: 180951K->22808K(206848K)] 580001K->422515K(731136K), 0.0071361 secs] [Times: user=0.09 sys=0.00, real=0.01 secs] 
2016-09-25T21:13:01.536-0400: 77.092: [GC (GCLocker Initiated GC) [PSYoungGen: 178456K->10532K(206336K)] 585077K->417906K(730624K), 0.0232648 secs] [Times: user=0.25 sys=0.00, real=0.02 secs] 
2016-09-25T21:13:01.710-0400: 77.266: [GC (GCLocker Initiated GC) [PSYoungGen: 166180K->40241K(205312K)] 576483K->451263K(729600K), 0.0136248 secs] [Times: user=0.13 sys=0.00, real=0.02 secs] 
2016-09-25T21:13:01.881-0400: 77.436: [GC (GCLocker Initiated GC) [PSYoungGen: 193841K->51231K(205312K)] 610350K->476539K(729600K), 0.0098263 secs] [Times: user=0.11 sys=0.01, real=0.01 secs] 
2016-09-25T21:13:02.067-0400: 77.622: [GC (GCLocker Initiated GC) [PSYoungGen: 204831K->28163K(203264K)] 635772K->470601K(727552K), 0.0207433 secs] [Times: user=0.20 sys=0.00, real=0.02 secs] 
2016-09-25T21:13:02.256-0400: 77.811: [GC (GCLocker Initiated GC) [PSYoungGen: 174595K->48551K(195072K)] 617162K->492018K(719360K), 0.0238219 secs] [Times: user=0.32 sys=0.00, real=0.02 secs] 
2016-09-25T21:13:02.441-0400: 77.996: [GC (GCLocker Initiated GC) [PSYoungGen: 194983K->37560K(201728K)] 638572K->481978K(726016K), 0.0234592 secs] [Times: user=0.26 sys=0.00, real=0.03 secs] 
2016-09-25T21:13:02.616-0400: 78.172: [GC (GCLocker Initiated GC) [PSYoungGen: 177848K->40453K(200704K)] 622307K->504618K(724992K), 0.0059867 secs] [Times: user=0.07 sys=0.00, real=0.01 secs] 
2016-09-25T21:13:02.801-0400: 78.356: [GC (GCLocker Initiated GC) [PSYoungGen: 180741K->12230K(200192K)] 654359K->505603K(724480K), 0.0246197 secs] [Times: user=0.19 sys=0.00, real=0.03 secs] 
2016-09-25T21:13:03.002-0400: 78.557: [GC (GCLocker Initiated GC) [PSYoungGen: 151494K->32191K(171520K)] 647599K->529199K(695808K), 0.0065762 secs] [Times: user=0.05 sys=0.00, real=0.01 secs] 
2016-09-25T21:13:03.191-0400: 78.747: [Full GC (Ergonomics) [PSYoungGen: 171455K->0K(171520K)] [ParOldGen: 499748K->242616K(524288K)] 671203K->242616K(695808K), [Metaspace: 43500K->43500K(1085440K)], 0.0769971 secs] [Times: user=0.34 sys=0.01, real=0.08 secs] 
2016-09-25T21:13:03.441-0400: 78.997: [GC (GCLocker Initiated GC) [PSYoungGen: 139264K->41099K(197632K)] 390008K->291844K(721920K), 0.0184152 secs] [Times: user=0.17 sys=0.00, real=0.02 secs] 
2016-09-25T21:13:03.634-0400: 79.189: [GC (GCLocker Initiated GC) [PSYoungGen: 179851K->29764K(198656K)] 430647K->298196K(722944K), 0.0077349 secs] [Times: user=0.06 sys=0.00, real=0.01 secs] 
2016-09-25T21:13:03.810-0400: 79.366: [GC (GCLocker Initiated GC) [PSYoungGen: 168516K->36513K(201216K)] 436954K->306020K(725504K), 0.0093134 secs] [Times: user=0.08 sys=0.00, real=0.01 secs] 
2016-09-25T21:13:03.997-0400: 79.553: [GC (GCLocker Initiated GC) [PSYoungGen: 180385K->24612K(200704K)] 454287K->310415K(724992K), 0.0066286 secs] [Times: user=0.04 sys=0.00, real=0.01 secs] 
2016-09-25T21:13:04.168-0400: 79.723: [GC (GCLocker Initiated GC) [PSYoungGen: 168484K->31174K(201728K)] 458494K->322374K(726016K), 0.0074140 secs] [Times: user=0.06 sys=0.00, real=0.01 secs] 
2016-09-25T21:13:04.343-0400: 79.899: [GC (GCLocker Initiated GC) [PSYoungGen: 180678K->30012K(202752K)] 476299K->326819K(727040K), 0.0084033 secs] [Times: user=0.07 sys=0.00, real=0.00 secs] 
2016-09-25T21:13:04.534-0400: 80.090: [GC (GCLocker Initiated GC) [PSYoungGen: 179516K->31370K(205312K)] 481914K->335093K(729600K), 0.0047715 secs] [Times: user=0.03 sys=0.00, real=0.00 secs] 
2016-09-25T21:13:04.731-0400: 80.287: [GC (GCLocker Initiated GC) [PSYoungGen: 188554K->28659K(206848K)] 500463K->341726K(731136K), 0.0286857 secs] [Times: user=0.28 sys=0.00, real=0.03 secs] 
2016-09-25T21:13:04.948-0400: 80.503: [GC (GCLocker Initiated GC) [PSYoungGen: 185843K->40791K(209920K)] 498999K->355399K(734208K), 0.0276569 secs] [Times: user=0.30 sys=0.01, real=0.03 secs] 
2016-09-25T21:13:05.158-0400: 80.714: [GC (GCLocker Initiated GC) [PSYoungGen: 202583K->21993K(211968K)] 525323K->345886K(736256K), 0.0326651 secs] [Times: user=0.32 sys=0.01, real=0.03 secs] 
2016-09-25T21:13:05.383-0400: 80.938: [GC (GCLocker Initiated GC) [PSYoungGen: 183785K->44612K(205824K)] 507711K->369735K(730112K), 0.0268640 secs] [Times: user=0.32 sys=0.00, real=0.02 secs] 
2016-09-25T21:13:05.586-0400: 81.142: [GC (GCLocker Initiated GC) [PSYoungGen: 200260K->25876K(208896K)] 533490K->379066K(733184K), 0.0081500 secs] [Times: user=0.08 sys=0.00, real=0.01 secs] 
2016-09-25T21:13:05.777-0400: 81.332: [GC (GCLocker Initiated GC) [PSYoungGen: 181524K->21720K(207872K)] 552412K->393744K(732160K), 0.0149589 secs] [Times: user=0.15 sys=0.00, real=0.01 secs] 
2016-09-25T21:13:05.977-0400: 81.532: [GC (GCLocker Initiated GC) [PSYoungGen: 178392K->21409K(208896K)] 555822K->399845K(733184K), 0.0098383 secs] [Times: user=0.08 sys=0.00, real=0.01 secs] 
2016-09-25T21:13:06.164-0400: 81.720: [GC (GCLocker Initiated GC) [PSYoungGen: 178081K->28000K(205312K)] 562006K->412764K(729600K), 0.0116973 secs] [Times: user=0.10 sys=0.01, real=0.01 secs] 
2016-09-25T21:13:06.326-0400: 81.881: [GC (GCLocker Initiated GC) [PSYoungGen: 186208K->36219K(207872K)] 571011K->432567K(732160K), 0.0096897 secs] [Times: user=0.11 sys=0.01, real=0.01 secs] 
2016-09-25T21:13:06.524-0400: 82.080: [GC (GCLocker Initiated GC) [PSYoungGen: 194427K->13456K(209920K)] 608474K->447114K(734208K), 0.0191116 secs] [Times: user=0.24 sys=0.01, real=0.02 secs] 
2016-09-25T21:13:06.709-0400: 82.265: [GC (GCLocker Initiated GC) [PSYoungGen: 173200K->33271K(210944K)] 606912K->467762K(735232K), 0.0071809 secs] [Times: user=0.05 sys=0.00, real=0.01 secs] 
2016-09-25T21:13:06.884-0400: 82.439: [GC (GCLocker Initiated GC) [PSYoungGen: 193015K->19947K(209408K)] 631588K->469951K(733696K), 0.0197416 secs] [Times: user=0.22 sys=0.00, real=0.02 secs] 
2016-09-25T21:13:07.070-0400: 82.626: [GC (GCLocker Initiated GC) [PSYoungGen: 180203K->48336K(208896K)] 635640K->531525K(733184K), 0.0228512 secs] [Times: user=0.25 sys=0.00, real=0.02 secs] 
2016-09-25T21:13:07.287-0400: 82.843: [GC (GCLocker Initiated GC) [PSYoungGen: 208592K->34894K(205824K)] 694520K->535040K(730112K), 0.0216457 secs] [Times: user=0.27 sys=0.00, real=0.02 secs] 
2016-09-25T21:13:07.309-0400: 82.864: [Full GC (Ergonomics) [PSYoungGen: 34894K->0K(205824K)] [ParOldGen: 500146K->265231K(524288K)] 535040K->265231K(730112K), [Metaspace: 43507K->43507K(1085440K)], 0.0748057 secs] [Times: user=0.56 sys=0.03, real=0.08 secs] 
2016-09-25T21:13:07.556-0400: 83.112: [GC (GCLocker Initiated GC) [PSYoungGen: 152576K->37754K(207360K)] 420621K->305800K(731648K), 0.0206499 secs] [Times: user=0.20 sys=0.00, real=0.02 secs] 
2016-09-25T21:13:07.755-0400: 83.310: [GC (GCLocker Initiated GC) [PSYoungGen: 190330K->26708K(204288K)] 463953K->301196K(728576K), 0.0173442 secs] [Times: user=0.18 sys=0.00, real=0.01 secs] 
2016-09-25T21:13:07.958-0400: 83.513: [GC (GCLocker Initiated GC) [PSYoungGen: 179284K->22498K(205824K)] 459217K->303081K(730112K), 0.0097913 secs] [Times: user=0.07 sys=0.00, real=0.01 secs] 
2016-09-25T21:13:08.137-0400: 83.692: [GC (GCLocker Initiated GC) [PSYoungGen: 175074K->28226K(204288K)] 465154K->337896K(728576K), 0.0156502 secs] [Times: user=0.14 sys=0.00, real=0.01 secs] 
2016-09-25T21:13:08.340-0400: 83.896: [GC (GCLocker Initiated GC) [PSYoungGen: 184386K->25647K(206848K)] 500330K->342353K(731136K), 0.0113156 secs] [Times: user=0.12 sys=0.00, real=0.01 secs] 
2016-09-25T21:13:08.531-0400: 84.087: [GC (GCLocker Initiated GC) [PSYoungGen: 181807K->22704K(209408K)] 508182K->360639K(733696K), 0.0089813 secs] [Times: user=0.06 sys=0.01, real=0.01 secs] 
2016-09-25T21:13:08.767-0400: 84.322: [GC (GCLocker Initiated GC) [PSYoungGen: 185008K->14441K(210944K)] 529702K->359783K(735232K), 0.0081343 secs] [Times: user=0.05 sys=0.00, real=0.01 secs] 
2016-09-25T21:13:08.925-0400: 84.481: [GC (GCLocker Initiated GC) [PSYoungGen: 176745K->24546K(209920K)] 531566K->380044K(734208K), 0.0052362 secs] [Times: user=0.03 sys=0.00, real=0.00 secs] 
2016-09-25T21:13:09.089-0400: 84.645: [GC (GCLocker Initiated GC) [PSYoungGen: 188898K->31457K(211456K)] 544425K->396424K(735744K), 0.0077198 secs] [Times: user=0.08 sys=0.00, real=0.01 secs] 
2016-09-25T21:13:09.261-0400: 84.816: [GC (GCLocker Initiated GC) [PSYoungGen: 195809K->13796K(214016K)] 566201K->391050K(738304K), 0.0072042 secs] [Times: user=0.05 sys=0.00, real=0.01 secs] 
2016-09-25T21:13:09.425-0400: 84.980: [GC (GCLocker Initiated GC) [PSYoungGen: 180708K->22124K(189440K)] 567486K->410363K(713728K), 0.0043112 secs] [Times: user=0.04 sys=0.00, real=0.00 secs] 
2016-09-25T21:13:09.585-0400: 85.141: [GC (GCLocker Initiated GC) [PSYoungGen: 189036K->27422K(215040K)] 579977K->419878K(739328K), 0.0050211 secs] [Times: user=0.04 sys=0.00, real=0.00 secs] 
2016-09-25T21:13:09.743-0400: 85.299: [GC (GCLocker Initiated GC) [PSYoungGen: 196382K->31530K(213504K)] 594395K->431003K(737792K), 0.0055042 secs] [Times: user=0.04 sys=0.00, real=0.00 secs] 
2016-09-25T21:13:09.921-0400: 85.476: [GC (GCLocker Initiated GC) [PSYoungGen: 200490K->36891K(212992K)] 605431K->443270K(737280K), 0.0096127 secs] [Times: user=0.09 sys=0.01, real=0.01 secs] 
2016-09-25T21:13:10.074-0400: 85.629: [GC (GCLocker Initiated GC) [PSYoungGen: 204827K->28793K(215040K)] 616635K->442032K(739328K), 0.0056744 secs] [Times: user=0.05 sys=0.00, real=0.01 secs] 
2016-09-25T21:13:10.243-0400: 85.799: [GC (GCLocker Initiated GC) [PSYoungGen: 196729K->38257K(212480K)] 612813K->455710K(736768K), 0.0053241 secs] [Times: user=0.03 sys=0.00, real=0.00 secs] 
2016-09-25T21:13:10.402-0400: 85.957: [GC (GCLocker Initiated GC) [PSYoungGen: 205169K->23272K(214528K)] 628042K->466500K(738816K), 0.0058340 secs] [Times: user=0.04 sys=0.00, real=0.01 secs] 
2016-09-25T21:13:10.557-0400: 86.112: [GC (GCLocker Initiated GC) [PSYoungGen: 190184K->23284K(211456K)] 633451K->467895K(735744K), 0.0058252 secs] [Times: user=0.05 sys=0.00, real=0.01 secs] 
2016-09-25T21:13:10.706-0400: 86.261: [GC (GCLocker Initiated GC) [PSYoungGen: 191220K->28703K(213504K)] 641403K->501907K(737792K), 0.0131379 secs] [Times: user=0.11 sys=0.00, real=0.01 secs] 
2016-09-25T21:13:10.892-0400: 86.448: [GC (GCLocker Initiated GC) [PSYoungGen: 196639K->26085K(214016K)] 672558K->503307K(738304K), 0.0203532 secs] [Times: user=0.19 sys=0.00, real=0.02 secs] 
2016-09-25T21:13:11.079-0400: 86.634: [GC (GCLocker Initiated GC) [PSYoungGen: 198629K->16608K(215552K)] 681283K->514292K(739840K), 0.0101362 secs] [Times: user=0.09 sys=0.01, real=0.01 secs] 
2016-09-25T21:13:11.089-0400: 86.645: [Full GC (Ergonomics) [PSYoungGen: 16608K->0K(215552K)] [ParOldGen: 497683K->286305K(524288K)] 514292K->286305K(739840K), [Metaspace: 43590K->43590K(1085440K)], 0.0651306 secs] [Times: user=0.43 sys=0.01, real=0.07 secs] 
2016-09-25T21:13:11.313-0400: 86.869: [GC (GCLocker Initiated GC) [PSYoungGen: 172544K->19494K(218624K)] 462947K->309898K(742912K), 0.0128346 secs] [Times: user=0.16 sys=0.00, real=0.02 secs] 
2016-09-25T21:13:11.491-0400: 87.046: [GC (GCLocker Initiated GC) [PSYoungGen: 195110K->24577K(200704K)] 488358K->319481K(724992K), 0.0160793 secs] [Times: user=0.17 sys=0.00, real=0.02 secs] 
2016-09-25T21:13:11.679-0400: 87.234: [GC (GCLocker Initiated GC) [PSYoungGen: 200193K->39517K(213504K)] 495107K->335780K(737792K), 0.0207248 secs] [Times: user=0.20 sys=0.00, real=0.02 secs] 
2016-09-25T21:13:11.874-0400: 87.429: [GC (Allocation Failure) [PSYoungGen: 211549K->17880K(217088K)] 514950K->322519K(741376K), 0.0039836 secs] [Times: user=0.03 sys=0.00, real=0.01 secs] 
2016-09-25T21:13:12.032-0400: 87.587: [GC (GCLocker Initiated GC) [PSYoungGen: 189912K->25765K(213504K)] 494557K->331785K(737792K), 0.0047762 secs] [Times: user=0.03 sys=0.00, real=0.01 secs] 
2016-09-25T21:13:12.183-0400: 87.739: [GC (GCLocker Initiated GC) [PSYoungGen: 198309K->32346K(215552K)] 504451K->339729K(739840K), 0.0057154 secs] [Times: user=0.03 sys=0.01, real=0.00 secs] 
2016-09-25T21:13:12.318-0400: 87.873: [GC (GCLocker Initiated GC) [PSYoungGen: 204890K->31128K(218624K)] 515050K->342301K(742912K), 0.0057970 secs] [Times: user=0.04 sys=0.00, real=0.01 secs] 
2016-09-25T21:13:12.478-0400: 88.034: [GC (GCLocker Initiated GC) [PSYoungGen: 206232K->21842K(197120K)] 520117K->347607K(721408K), 0.0045980 secs] [Times: user=0.02 sys=0.01, real=0.01 secs] 
2016-09-25T21:13:12.627-0400: 88.183: [GC (GCLocker Initiated GC) [PSYoungGen: 196946K->40941K(211968K)] 522945K->376327K(736256K), 0.0058879 secs] [Times: user=0.05 sys=0.01, real=0.00 secs] 
2016-09-25T21:13:12.767-0400: 88.322: [GC (Allocation Failure) [PSYoungGen: 209901K->24342K(215552K)] 553613K->369337K(739840K), 0.0164000 secs] [Times: user=0.16 sys=0.01, real=0.02 secs] 
2016-09-25T21:13:12.928-0400: 88.484: [GC (GCLocker Initiated GC) [PSYoungGen: 191490K->39690K(211456K)] 539185K->388472K(735744K), 0.0055737 secs] [Times: user=0.06 sys=0.00, real=0.00 secs] 
2016-09-25T21:13:13.079-0400: 88.635: [GC (GCLocker Initiated GC) [PSYoungGen: 205578K->34108K(214016K)] 554601K->384485K(738304K), 0.0043011 secs] [Times: user=0.04 sys=0.00, real=0.01 secs] 
2016-09-25T21:13:13.222-0400: 88.777: [GC (GCLocker Initiated GC) [PSYoungGen: 199996K->27392K(210944K)] 550629K->379339K(735232K), 0.0077618 secs] [Times: user=0.07 sys=0.00, real=0.01 secs] 
2016-09-25T21:13:13.364-0400: 88.920: [GC (GCLocker Initiated GC) [PSYoungGen: 193280K->35397K(212480K)] 553356K->396831K(736768K), 0.0208131 secs] [Times: user=0.22 sys=0.01, real=0.02 secs] 
2016-09-25T21:13:13.540-0400: 89.095: [GC (GCLocker Initiated GC) [PSYoungGen: 201285K->23642K(215040K)] 562724K->405347K(739328K), 0.0050731 secs] [Times: user=0.04 sys=0.00, real=0.01 secs] 
2016-09-25T21:13:13.692-0400: 89.247: [GC (GCLocker Initiated GC) [PSYoungGen: 192090K->38654K(207360K)] 579220K->427395K(731648K), 0.0217505 secs] [Times: user=0.26 sys=0.00, real=0.02 secs] 
2016-09-25T21:13:13.884-0400: 89.440: [GC (GCLocker Initiated GC) [PSYoungGen: 207102K->25006K(214528K)] 606649K->426213K(738816K), 0.0133542 secs] [Times: user=0.11 sys=0.00, real=0.01 secs] 
2016-09-25T21:13:14.048-0400: 89.603: [GC (GCLocker Initiated GC) [PSYoungGen: 191406K->45473K(211968K)] 592829K->448657K(736256K), 0.0080852 secs] [Times: user=0.10 sys=0.00, real=0.01 secs] 
2016-09-25T21:13:14.210-0400: 89.765: [GC (GCLocker Initiated GC) [PSYoungGen: 211873K->25032K(210944K)] 618140K->432865K(735232K), 0.0100772 secs] [Times: user=0.12 sys=0.00, real=0.01 secs] 
2016-09-25T21:13:14.367-0400: 89.923: [GC (GCLocker Initiated GC) [PSYoungGen: 185800K->35947K(211456K)] 600398K->452315K(735744K), 0.0078975 secs] [Times: user=0.08 sys=0.00, real=0.01 secs] 
2016-09-25T21:13:14.545-0400: 90.100: [GC (GCLocker Initiated GC) [PSYoungGen: 196715K->37168K(211456K)] 613197K->460676K(735744K), 0.0114080 secs] [Times: user=0.15 sys=0.00, real=0.01 secs] 
2016-09-25T21:13:14.708-0400: 90.264: [GC (GCLocker Initiated GC) [PSYoungGen: 197936K->48103K(208896K)] 622947K->474814K(733184K), 0.0062038 secs] [Times: user=0.06 sys=0.00, real=0.01 secs] 
2016-09-25T21:13:14.862-0400: 90.418: [GC (GCLocker Initiated GC) [PSYoungGen: 208871K->52066K(195584K)] 635667K->483414K(719872K), 0.0093028 secs] [Times: user=0.12 sys=0.00, real=0.00 secs] 
2016-09-25T21:13:15.012-0400: 90.567: [GC (GCLocker Initiated GC) [PSYoungGen: 194402K->34223K(202240K)] 631316K->488840K(726528K), 0.0085652 secs] [Times: user=0.09 sys=0.00, real=0.01 secs] 
2016-09-25T21:13:15.159-0400: 90.714: [GC (GCLocker Initiated GC) [PSYoungGen: 176559K->30216K(197632K)] 631184K->486280K(721920K), 0.0088690 secs] [Times: user=0.10 sys=0.00, real=0.01 secs] 
2016-09-25T21:13:15.308-0400: 90.863: [GC (GCLocker Initiated GC) [PSYoungGen: 175112K->33003K(201216K)] 633942K->493299K(725504K), 0.0145553 secs] [Times: user=0.16 sys=0.00, real=0.02 secs] 
2016-09-25T21:13:15.465-0400: 91.021: [GC (GCLocker Initiated GC) [PSYoungGen: 177899K->2000K(200704K)] 656234K->481936K(724992K), 0.0121915 secs] [Times: user=0.12 sys=0.00, real=0.01 secs] 
2016-09-25T21:13:15.617-0400: 91.172: [GC (GCLocker Initiated GC) [PSYoungGen: 148432K->43841K(190464K)] 633836K->530878K(714752K), 0.0085325 secs] [Times: user=0.10 sys=0.00, real=0.01 secs] 
2016-09-25T21:13:15.760-0400: 91.316: [GC (GCLocker Initiated GC) [PSYoungGen: 190273K->35539K(203776K)] 680138K->526843K(728064K), 0.0150153 secs] [Times: user=0.18 sys=0.00, real=0.02 secs] 
2016-09-25T21:13:15.915-0400: 91.471: [GC (GCLocker Initiated GC) [PSYoungGen: 179411K->24980K(168960K)] 681556K->528546K(693248K), 0.0119305 secs] [Times: user=0.15 sys=0.00, real=0.01 secs] 
2016-09-25T21:13:16.076-0400: 91.632: [GC (GCLocker Initiated GC) [PSYoungGen: 168852K->41292K(200704K)] 675224K->549278K(724992K), 0.0066764 secs] [Times: user=0.08 sys=0.01, real=0.01 secs] 
2016-09-25T21:13:16.227-0400: 91.782: [Full GC (Ergonomics) [PSYoungGen: 184652K->0K(200704K)] [ParOldGen: 517540K->333834K(524288K)] 702193K->333834K(724992K), [Metaspace: 43725K->43725K(1087488K)], 0.0700343 secs] [Times: user=0.48 sys=0.01, real=0.07 secs] 
2016-09-25T21:13:16.437-0400: 91.992: [GC (GCLocker Initiated GC) [PSYoungGen: 143360K->33294K(201216K)] 482771K->372706K(725504K), 0.0084205 secs] [Times: user=0.08 sys=0.00, real=0.01 secs] 
2016-09-25T21:13:16.584-0400: 92.139: [GC (GCLocker Initiated GC) [PSYoungGen: 176654K->31686K(201728K)] 520148K->376944K(726016K), 0.0317038 secs] [Times: user=0.32 sys=0.00, real=0.03 secs] 
2016-09-25T21:13:16.766-0400: 92.321: [GC (GCLocker Initiated GC) [PSYoungGen: 180166K->23841K(202240K)] 528165K->392479K(726528K), 0.0264267 secs] [Times: user=0.29 sys=0.00, real=0.02 secs] 
2016-09-25T21:13:16.940-0400: 92.496: [GC (GCLocker Initiated GC) [PSYoungGen: 172321K->38371K(208384K)] 541159K->408921K(732672K), 0.0232597 secs] [Times: user=0.28 sys=0.00, real=0.03 secs] 
2016-09-25T21:13:17.105-0400: 92.660: [GC (GCLocker Initiated GC) [PSYoungGen: 193507K->30130K(185344K)] 564074K->402339K(709632K), 0.0309851 secs] [Times: user=0.34 sys=0.01, real=0.03 secs] 
2016-09-25T21:13:17.300-0400: 92.855: [GC (GCLocker Initiated GC) [PSYoungGen: 185266K->24962K(207872K)] 562900K->404097K(732160K), 0.0056560 secs] [Times: user=0.05 sys=0.00, real=0.01 secs] 
2016-09-25T21:13:17.454-0400: 93.010: [GC (GCLocker Initiated GC) [PSYoungGen: 181122K->35768K(207360K)] 560264K->416666K(731648K), 0.0292641 secs] [Times: user=0.30 sys=0.00, real=0.03 secs] 
2016-09-25T21:13:17.658-0400: 93.213: [GC (GCLocker Initiated GC) [PSYoungGen: 191928K->41359K(208384K)] 576309K->427463K(732672K), 0.0101046 secs] [Times: user=0.09 sys=0.00, real=0.01 secs] 
2016-09-25T21:13:17.819-0400: 93.375: [GC (GCLocker Initiated GC) [PSYoungGen: 199055K->23497K(209920K)] 587913K->427545K(734208K), 0.0051799 secs] [Times: user=0.04 sys=0.00, real=0.01 secs] 
2016-09-25T21:13:17.997-0400: 93.552: [GC (GCLocker Initiated GC) [PSYoungGen: 181193K->25241K(207872K)] 597408K->443082K(732160K), 0.0067563 secs] [Times: user=0.06 sys=0.00, real=0.01 secs] 
2016-09-25T21:13:18.190-0400: 93.745: [GC (GCLocker Initiated GC) [PSYoungGen: 182937K->27786K(208896K)] 606182K->453010K(733184K), 0.0054614 secs] [Times: user=0.04 sys=0.00, real=0.01 secs] 
2016-09-25T21:13:18.384-0400: 93.940: [GC (GCLocker Initiated GC) [PSYoungGen: 185482K->31784K(208384K)] 616202K->464384K(732672K), 0.0066911 secs] [Times: user=0.05 sys=0.00, real=0.00 secs] 
2016-09-25T21:13:18.577-0400: 94.132: [GC (GCLocker Initiated GC) [PSYoungGen: 193064K->10214K(209408K)] 640700K->459582K(733696K), 0.0046764 secs] [Times: user=0.04 sys=0.00, real=0.00 secs] 
2016-09-25T21:13:18.748-0400: 94.303: [GC (GCLocker Initiated GC) [PSYoungGen: 171494K->21086K(212992K)] 620988K->485930K(737280K), 0.0056448 secs] [Times: user=0.03 sys=0.00, real=0.00 secs] 
2016-09-25T21:13:18.909-0400: 94.465: [GC (GCLocker Initiated GC) [PSYoungGen: 183902K->25146K(188416K)] 650114K->493281K(712704K), 0.0054167 secs] [Times: user=0.04 sys=0.00, real=0.01 secs] 
2016-09-25T21:13:19.081-0400: 94.636: [GC (GCLocker Initiated GC) [PSYoungGen: 187962K->26570K(211968K)] 661499K->501991K(736256K), 0.0064213 secs] [Times: user=0.04 sys=0.00, real=0.01 secs] 
2016-09-25T21:13:19.248-0400: 94.803: [GC (GCLocker Initiated GC) [PSYoungGen: 190922K->44267K(210432K)] 673123K->536550K(734720K), 0.0120244 secs] [Times: user=0.16 sys=0.00, real=0.01 secs] 
2016-09-25T21:13:19.440-0400: 94.995: [GC (GCLocker Initiated GC) [PSYoungGen: 208619K->19798K(211968K)] 702281K->523497K(736256K), 0.0076418 secs] [Times: user=0.08 sys=0.00, real=0.01 secs] 
2016-09-25T21:13:19.600-0400: 95.156: [Full GC (Ergonomics) [PSYoungGen: 181590K->0K(211968K)] [ParOldGen: 509206K->327147K(524288K)] 690797K->327147K(736256K), [Metaspace: 43727K->43727K(1087488K)], 0.0940847 secs] [Times: user=0.92 sys=0.01, real=0.10 secs] 
2016-09-25T21:13:19.868-0400: 95.423: [GC (GCLocker Initiated GC) [PSYoungGen: 161792K->22970K(184832K)] 502608K->363786K(709120K), 0.0318408 secs] [Times: user=0.36 sys=0.01, real=0.03 secs] 
2016-09-25T21:13:20.050-0400: 95.606: [GC (GCLocker Initiated GC) [PSYoungGen: 184762K->35438K(209408K)] 528460K->381432K(733696K), 0.0076321 secs] [Times: user=0.07 sys=0.00, real=0.01 secs] 
2016-09-25T21:13:20.219-0400: 95.775: [GC (GCLocker Initiated GC) [PSYoungGen: 196206K->30260K(210432K)] 547781K->383259K(734720K), 0.0163279 secs] [Times: user=0.17 sys=0.01, real=0.02 secs] 
2016-09-25T21:13:20.401-0400: 95.957: [GC (GCLocker Initiated GC) [PSYoungGen: 191028K->30259K(209920K)] 546961K->387743K(734208K), 0.0242729 secs] [Times: user=0.24 sys=0.01, real=0.03 secs] 
2016-09-25T21:13:20.604-0400: 96.160: [GC (GCLocker Initiated GC) [PSYoungGen: 194611K->16784K(210944K)] 556174K->380016K(735232K), 0.0358661 secs] [Times: user=0.36 sys=0.01, real=0.03 secs] 
2016-09-25T21:13:20.786-0400: 96.342: [GC (GCLocker Initiated GC) [PSYoungGen: 181136K->39679K(209920K)] 544591K->407465K(734208K), 0.0129249 secs] [Times: user=0.13 sys=0.01, real=0.01 secs] 
2016-09-25T21:13:20.952-0400: 96.507: [GC (GCLocker Initiated GC) [PSYoungGen: 202495K->30267K(212480K)] 570376K->399667K(736768K), 0.0215097 secs] [Times: user=0.22 sys=0.01, real=0.02 secs] 
2016-09-25T21:13:21.126-0400: 96.681: [GC (GCLocker Initiated GC) [PSYoungGen: 193083K->26293K(208384K)] 562658K->397505K(732672K), 0.0056400 secs] [Times: user=0.05 sys=0.00, real=0.00 secs] 
2016-09-25T21:13:21.273-0400: 96.829: [GC (Allocation Failure) [PSYoungGen: 190645K->46586K(210944K)] 564578K->425036K(735232K), 0.0061273 secs] [Times: user=0.09 sys=0.00, real=0.01 secs] 
2016-09-25T21:13:21.449-0400: 97.004: [GC (GCLocker Initiated GC) [PSYoungGen: 210938K->30540K(210944K)] 589392K->432246K(735232K), 0.0289925 secs] [Times: user=0.30 sys=0.00, real=0.03 secs] 
2016-09-25T21:13:21.624-0400: 97.179: [GC (GCLocker Initiated GC) [PSYoungGen: 190284K->43967K(203776K)] 597632K->453088K(728064K), 0.0097784 secs] [Times: user=0.09 sys=0.00, real=0.00 secs] 
2016-09-25T21:13:21.789-0400: 97.344: [GC (GCLocker Initiated GC) [PSYoungGen: 203711K->30469K(209920K)] 615650K->444021K(734208K), 0.0049049 secs] [Times: user=0.04 sys=0.00, real=0.00 secs] 
2016-09-25T21:13:21.936-0400: 97.492: [GC (GCLocker Initiated GC) [PSYoungGen: 186629K->18192K(208384K)] 604260K->448327K(732672K), 0.0270327 secs] [Times: user=0.33 sys=0.00, real=0.03 secs] 
2016-09-25T21:13:22.126-0400: 97.681: [GC (GCLocker Initiated GC) [PSYoungGen: 174352K->35774K(208384K)] 607429K->478559K(732672K), 0.0101965 secs] [Times: user=0.09 sys=0.00, real=0.01 secs] 
2016-09-25T21:13:22.283-0400: 97.839: [GC (Allocation Failure) [PSYoungGen: 191934K->22497K(208384K)] 640267K->472566K(732672K), 0.0164934 secs] [Times: user=0.18 sys=0.00, real=0.01 secs] 
2016-09-25T21:13:22.438-0400: 97.993: [GC (GCLocker Initiated GC) [PSYoungGen: 178657K->38422K(208896K)] 628727K->490211K(733184K), 0.0060117 secs] [Times: user=0.07 sys=0.00, real=0.01 secs] 
2016-09-25T21:13:22.591-0400: 98.146: [GC (GCLocker Initiated GC) [PSYoungGen: 195606K->28921K(186368K)] 650164K->485027K(710656K), 0.0109429 secs] [Times: user=0.12 sys=0.00, real=0.01 secs] 
2016-09-25T21:13:22.760-0400: 98.315: [GC (GCLocker Initiated GC) [PSYoungGen: 186105K->30121K(210944K)] 650341K->495974K(735232K), 0.0195989 secs] [Times: user=0.22 sys=0.01, real=0.02 secs] 
2016-09-25T21:13:22.921-0400: 98.476: [GC (GCLocker Initiated GC) [PSYoungGen: 190377K->22197K(208896K)] 656404K->503263K(733184K), 0.0134618 secs] [Times: user=0.13 sys=0.00, real=0.01 secs] 
2016-09-25T21:13:23.091-0400: 98.646: [GC (GCLocker Initiated GC) [PSYoungGen: 182453K->28886K(211968K)] 667699K->515719K(736256K), 0.0245780 secs] [Times: user=0.28 sys=0.01, real=0.03 secs] 
2016-09-25T21:13:23.265-0400: 98.820: [GC (GCLocker Initiated GC) [PSYoungGen: 193238K->25077K(211456K)] 690974K->540628K(735744K), 0.0115603 secs] [Times: user=0.14 sys=0.01, real=0.01 secs] 
2016-09-25T21:13:23.277-0400: 98.832: [Full GC (Ergonomics) [PSYoungGen: 25077K->0K(211456K)] [ParOldGen: 515550K->365636K(524288K)] 540628K->365636K(735744K), [Metaspace: 43740K->43740K(1087488K)], 0.0574761 secs] [Times: user=0.45 sys=0.01, real=0.06 secs] 
2016-09-25T21:13:23.501-0400: 99.056: [GC (GCLocker Initiated GC) [PSYoungGen: 164352K->22512K(214016K)] 536960K->395121K(738304K), 0.0048223 secs] [Times: user=0.04 sys=0.00, real=0.01 secs] 
2016-09-25T21:13:23.653-0400: 99.208: [GC (GCLocker Initiated GC) [PSYoungGen: 190448K->37163K(213504K)] 565860K->414252K(737792K), 0.0148417 secs] [Times: user=0.14 sys=0.00, real=0.02 secs] 
2016-09-25T21:13:23.841-0400: 99.396: [GC (GCLocker Initiated GC) [PSYoungGen: 205099K->22664K(215552K)] 593107K->431379K(739840K), 0.0118559 secs] [Times: user=0.13 sys=0.00, real=0.01 secs] 
2016-09-25T21:13:24.015-0400: 99.570: [GC (GCLocker Initiated GC) [PSYoungGen: 191112K->31901K(200704K)] 600072K->464428K(724992K), 0.0198683 secs] [Times: user=0.22 sys=0.00, real=0.02 secs] 
2016-09-25T21:13:24.214-0400: 99.769: [GC (GCLocker Initiated GC) [PSYoungGen: 200349K->21158K(215040K)] 641046K->463600K(739328K), 0.0242157 secs] [Times: user=0.22 sys=0.01, real=0.03 secs] 
2016-09-25T21:13:24.407-0400: 99.962: [GC (GCLocker Initiated GC) [PSYoungGen: 190118K->30544K(214528K)] 633931K->481719K(738816K), 0.0123103 secs] [Times: user=0.12 sys=0.00, real=0.01 secs] 
2016-09-25T21:13:24.572-0400: 100.127: [GC (GCLocker Initiated GC) [PSYoungGen: 199504K->35794K(214016K)] 650688K->488876K(738304K), 0.0143601 secs] [Times: user=0.11 sys=0.01, real=0.02 secs] 
2016-09-25T21:13:24.753-0400: 100.308: [GC (GCLocker Initiated GC) [PSYoungGen: 205266K->30677K(215040K)] 663793K->499149K(739328K), 0.0066832 secs] [Times: user=0.06 sys=0.00, real=0.01 secs] 
2016-09-25T21:13:24.928-0400: 100.484: [GC (GCLocker Initiated GC) [PSYoungGen: 200149K->33130K(216576K)] 671423K->506347K(740864K), 0.0085792 secs] [Times: user=0.07 sys=0.00, real=0.01 secs] 
2016-09-25T21:13:25.089-0400: 100.644: [GC (GCLocker Initiated GC) [PSYoungGen: 205162K->34539K(216576K)] 678509K->509663K(740864K), 0.0188912 secs] [Times: user=0.16 sys=0.01, real=0.02 secs] 
2016-09-25T21:13:25.259-0400: 100.815: [GC (GCLocker Initiated GC) [PSYoungGen: 206571K->43924K(209920K)] 681739K->523635K(734208K), 0.0072524 secs] [Times: user=0.07 sys=0.00, real=0.01 secs] 
2016-09-25T21:13:25.412-0400: 100.968: [GC (GCLocker Initiated GC) [PSYoungGen: 208788K->25681K(213504K)] 691209K->512231K(737792K), 0.0118342 secs] [Times: user=0.10 sys=0.01, real=0.02 secs] 
2016-09-25T21:13:25.560-0400: 101.115: [GC (GCLocker Initiated GC) [PSYoungGen: 190545K->30032K(210432K)] 684049K->524668K(734720K), 0.0064702 secs] [Times: user=0.06 sys=0.00, real=0.01 secs] 
2016-09-25T21:13:25.710-0400: 101.265: [GC (GCLocker Initiated GC) [PSYoungGen: 195920K->31197K(212480K)] 690686K->527277K(736768K), 0.0253707 secs] [Times: user=0.26 sys=0.00, real=0.03 secs] 
2016-09-25T21:13:25.872-0400: 101.428: [GC (GCLocker Initiated GC) [PSYoungGen: 197085K->33959K(214016K)] 693167K->531234K(738304K), 0.0271230 secs] [Times: user=0.30 sys=0.00, real=0.03 secs] 
2016-09-25T21:13:26.044-0400: 101.600: [GC (GCLocker Initiated GC) [PSYoungGen: 204455K->21706K(215040K)] 707141K->525686K(739328K), 0.0188161 secs] [Times: user=0.18 sys=0.00, real=0.02 secs] 
2016-09-25T21:13:26.196-0400: 101.752: [Full GC (Ergonomics) [PSYoungGen: 192202K->0K(215040K)] [ParOldGen: 506760K->386189K(524288K)] 698962K->386189K(739328K), [Metaspace: 43749K->43749K(1087488K)], 0.0597288 secs] [Times: user=0.35 sys=0.01, real=0.06 secs] 
2016-09-25T21:13:26.391-0400: 101.946: [GC (GCLocker Initiated GC) [PSYoungGen: 170496K->33821K(217088K)] 556716K->420041K(741376K), 0.0097116 secs] [Times: user=0.10 sys=0.00, real=0.01 secs] 
2016-09-25T21:13:26.545-0400: 102.101: [GC (GCLocker Initiated GC) [PSYoungGen: 205853K->25892K(198144K)] 595016K->429541K(722432K), 0.0221011 secs] [Times: user=0.23 sys=0.01, real=0.02 secs] 
2016-09-25T21:13:26.712-0400: 102.267: [GC (GCLocker Initiated GC) [PSYoungGen: 197924K->42209K(211968K)] 601641K->452594K(736256K), 0.0115684 secs] [Times: user=0.12 sys=0.00, real=0.02 secs] 
2016-09-25T21:13:26.877-0400: 102.433: [GC (GCLocker Initiated GC) [PSYoungGen: 210145K->9795K(178176K)] 627498K->439200K(702464K), 0.0045560 secs] [Times: user=0.03 sys=0.00, real=0.00 secs] 
2016-09-25T21:13:27.039-0400: 102.595: [GC (GCLocker Initiated GC) [PSYoungGen: 177731K->23474K(213504K)] 613971K->461109K(737792K), 0.0107966 secs] [Times: user=0.10 sys=0.00, real=0.01 secs] 
2016-09-25T21:13:27.189-0400: 102.744: [GC (GCLocker Initiated GC) [PSYoungGen: 187314K->32793K(197120K)] 630453K->477345K(721408K), 0.0079587 secs] [Times: user=0.09 sys=0.00, real=0.01 secs] 
2016-09-25T21:13:27.357-0400: 102.913: [GC (GCLocker Initiated GC) [PSYoungGen: 196633K->42251K(207872K)] 641215K->488059K(732160K), 0.0107278 secs] [Times: user=0.14 sys=0.01, real=0.01 secs] 
2016-09-25T21:13:27.521-0400: 103.076: [GC (GCLocker Initiated GC) [PSYoungGen: 201995K->28832K(210944K)] 653234K->484115K(735232K), 0.0095149 secs] [Times: user=0.11 sys=0.00, real=0.01 secs] 
2016-09-25T21:13:27.673-0400: 103.228: [GC (GCLocker Initiated GC) [PSYoungGen: 188576K->43786K(206848K)] 646677K->506139K(731136K), 0.0088377 secs] [Times: user=0.09 sys=0.01, real=0.01 secs] 
2016-09-25T21:13:27.849-0400: 103.405: [GC (GCLocker Initiated GC) [PSYoungGen: 201482K->41013K(199168K)] 663842K->504837K(723456K), 0.0058810 secs] [Times: user=0.06 sys=0.01, real=0.01 secs] 
2016-09-25T21:13:27.998-0400: 103.553: [GC (GCLocker Initiated GC) [PSYoungGen: 198709K->27397K(209408K)] 665235K->495306K(733696K), 0.0054914 secs] [Times: user=0.02 sys=0.01, real=0.01 secs] 
2016-09-25T21:13:28.155-0400: 103.710: [GC (GCLocker Initiated GC) [PSYoungGen: 183045K->27342K(183296K)] 664535K->510227K(707584K), 0.0048891 secs] [Times: user=0.04 sys=0.00, real=0.00 secs] 
2016-09-25T21:13:28.307-0400: 103.863: [GC (GCLocker Initiated GC) [PSYoungGen: 182990K->19554K(206848K)] 676741K->525524K(731136K), 0.0058725 secs] [Times: user=0.06 sys=0.00, real=0.00 secs] 
2016-09-25T21:13:28.471-0400: 104.026: [Full GC (Ergonomics) [PSYoungGen: 175202K->0K(206848K)] [ParOldGen: 509424K->362229K(524288K)] 684627K->362229K(731136K), [Metaspace: 43758K->43758K(1087488K)], 0.0767214 secs] [Times: user=0.52 sys=0.01, real=0.08 secs] 
2016-09-25T21:13:28.691-0400: 104.246: [GC (GCLocker Initiated GC) [PSYoungGen: 155648K->30477K(206848K)] 524638K->399467K(731136K), 0.0173915 secs] [Times: user=0.21 sys=0.00, real=0.02 secs] 
2016-09-25T21:13:28.856-0400: 104.411: [GC (GCLocker Initiated GC) [PSYoungGen: 186125K->39808K(206848K)] 559421K->414887K(731136K), 0.0062034 secs] [Times: user=0.07 sys=0.01, real=0.01 secs] 
2016-09-25T21:13:29.012-0400: 104.567: [GC (GCLocker Initiated GC) [PSYoungGen: 197504K->41150K(208896K)] 572615K->417766K(733184K), 0.0074238 secs] [Times: user=0.10 sys=0.00, real=0.01 secs] 
2016-09-25T21:13:29.166-0400: 104.722: [GC (GCLocker Initiated GC) [PSYoungGen: 198846K->28713K(209408K)] 582216K->413540K(733696K), 0.0052185 secs] [Times: user=0.04 sys=0.00, real=0.00 secs] 
2016-09-25T21:13:29.324-0400: 104.879: [GC (GCLocker Initiated GC) [PSYoungGen: 186921K->30209K(209408K)] 579251K->424020K(733696K), 0.0118671 secs] [Times: user=0.11 sys=0.01, real=0.01 secs] 
2016-09-25T21:13:29.503-0400: 105.059: [GC (GCLocker Initiated GC) [PSYoungGen: 188417K->20835K(209408K)] 582256K->429577K(733696K), 0.0068879 secs] [Times: user=0.03 sys=0.00, real=0.00 secs] 
2016-09-25T21:13:29.655-0400: 105.210: [GC (GCLocker Initiated GC) [PSYoungGen: 180579K->40993K(209408K)] 589324K->451233K(733696K), 0.0066840 secs] [Times: user=0.05 sys=0.01, real=0.00 secs] 
2016-09-25T21:13:29.811-0400: 105.366: [GC (Allocation Failure) [PSYoungGen: 200737K->35496K(210944K)] 611047K->447305K(735232K), 0.0063677 secs] [Times: user=0.05 sys=0.00, real=0.01 secs] 
2016-09-25T21:13:29.818-0400: 105.373: [GC (GCLocker Initiated GC) [PSYoungGen: 36540K->224K(159744K)] 448349K->447322K(684032K), 0.0105442 secs] [Times: user=0.10 sys=0.00, real=0.01 secs] 
2016-09-25T21:13:29.959-0400: 105.514: [GC (GCLocker Initiated GC) [PSYoungGen: 159187K->42461K(202240K)] 607635K->490933K(726528K), 0.0224321 secs] [Times: user=0.20 sys=0.01, real=0.02 secs] 
2016-09-25T21:13:30.126-0400: 105.681: [GC (GCLocker Initiated GC) [PSYoungGen: 189917K->14877K(204800K)] 647869K->482386K(729088K), 0.0163680 secs] [Times: user=0.16 sys=0.00, real=0.02 secs] 
2016-09-25T21:13:30.300-0400: 105.855: [GC (GCLocker Initiated GC) [PSYoungGen: 162333K->35600K(203776K)] 632634K->507062K(728064K), 0.0092600 secs] [Times: user=0.09 sys=0.00, real=0.01 secs] 
2016-09-25T21:13:30.461-0400: 106.017: [GC (GCLocker Initiated GC) [PSYoungGen: 183056K->16797K(204288K)] 668073K->503240K(728576K), 0.0064531 secs] [Times: user=0.09 sys=0.00, real=0.01 secs] 
2016-09-25T21:13:30.612-0400: 106.167: [GC (GCLocker Initiated GC) [PSYoungGen: 164253K->24866K(201216K)] 658911K->520943K(725504K), 0.0055584 secs] [Times: user=0.07 sys=0.00, real=0.01 secs] 
2016-09-25T21:13:30.757-0400: 106.313: [GC (GCLocker Initiated GC) [PSYoungGen: 173858K->51755K(201216K)] 670050K->557349K(725504K), 0.0126178 secs] [Times: user=0.12 sys=0.00, real=0.01 secs] 
2016-09-25T21:13:30.770-0400: 106.325: [Full GC (Ergonomics) [PSYoungGen: 51755K->0K(201216K)] [ParOldGen: 505594K->390544K(524288K)] 557349K->390544K(725504K), [Metaspace: 43763K->43763K(1087488K)], 0.0668121 secs] [Times: user=0.49 sys=0.00, real=0.07 secs] 
2016-09-25T21:13:30.984-0400: 106.539: [GC (GCLocker Initiated GC) [PSYoungGen: 148992K->24632K(203776K)] 539692K->415332K(728064K), 0.0106748 secs] [Times: user=0.07 sys=0.00, real=0.01 secs] 
2016-09-25T21:13:31.115-0400: 106.670: [GC (GCLocker Initiated GC) [PSYoungGen: 167992K->36758K(180224K)] 558846K->429054K(704512K), 0.0132885 secs] [Times: user=0.18 sys=0.00, real=0.01 secs] 
2016-09-25T21:13:31.257-0400: 106.812: [GC (GCLocker Initiated GC) [PSYoungGen: 180118K->43477K(199168K)] 572455K->436983K(723456K), 0.0074296 secs] [Times: user=0.11 sys=0.00, real=0.01 secs] 
2016-09-25T21:13:31.391-0400: 106.947: [GC (GCLocker Initiated GC) [PSYoungGen: 184789K->32840K(201216K)] 583754K->432880K(725504K), 0.0194605 secs] [Times: user=0.23 sys=0.00, real=0.02 secs] 
2016-09-25T21:13:31.533-0400: 107.088: [GC (Allocation Failure) [PSYoungGen: 174152K->50188K(196096K)] 575530K->452676K(720384K), 0.0218031 secs] [Times: user=0.25 sys=0.00, real=0.03 secs] 
2016-09-25T21:13:31.671-0400: 107.226: [GC (GCLocker Initiated GC) [PSYoungGen: 188428K->32392K(200192K)] 590920K->452232K(724480K), 0.0057098 secs] [Times: user=0.04 sys=0.00, real=0.01 secs] 
2016-09-25T21:13:31.824-0400: 107.380: [GC (GCLocker Initiated GC) [PSYoungGen: 170632K->35596K(195584K)] 595891K->461925K(719872K), 0.0094521 secs] [Times: user=0.11 sys=0.01, real=0.00 secs] 
2016-09-25T21:13:31.952-0400: 107.508: [GC (GCLocker Initiated GC) [PSYoungGen: 176396K->35201K(198656K)] 605458K->476316K(722944K), 0.0113248 secs] [Times: user=0.12 sys=0.01, real=0.02 secs] 
2016-09-25T21:13:32.077-0400: 107.633: [GC (Allocation Failure) [PSYoungGen: 176001K->35050K(200192K)] 620047K->480101K(724480K), 0.0136432 secs] [Times: user=0.14 sys=0.00, real=0.01 secs] 
2016-09-25T21:13:32.091-0400: 107.647: [GC (GCLocker Initiated GC) [PSYoungGen: 35073K->32K(202752K)] 480125K->477185K(727040K), 0.0120517 secs] [Times: user=0.10 sys=0.01, real=0.02 secs] 
2016-09-25T21:13:32.230-0400: 107.785: [GC (GCLocker Initiated GC) [PSYoungGen: 148512K->33672K(205824K)] 625669K->510837K(730112K), 0.0094619 secs] [Times: user=0.09 sys=0.01, real=0.01 secs] 
2016-09-25T21:13:32.359-0400: 107.914: [GC (GCLocker Initiated GC) [PSYoungGen: 181640K->29677K(177664K)] 665648K->514593K(701952K), 0.0111887 secs] [Times: user=0.13 sys=0.00, real=0.01 secs] 
2016-09-25T21:13:32.487-0400: 108.043: [GC (GCLocker Initiated GC) [PSYoungGen: 177645K->37894K(201216K)] 665290K->526479K(725504K), 0.0047130 secs] [Times: user=0.04 sys=0.00, real=0.00 secs] 
2016-09-25T21:13:32.615-0400: 108.170: [GC (Allocation Failure) [PSYoungGen: 185350K->31075K(201728K)] 677077K->526486K(726016K), 0.0225489 secs] [Times: user=0.25 sys=0.01, real=0.02 secs] 
2016-09-25T21:13:32.754-0400: 108.310: [GC (GCLocker Initiated GC) [PSYoungGen: 177578K->49824K(200704K)] 675689K->551560K(724992K), 0.0069340 secs] [Times: user=0.07 sys=0.01, real=0.00 secs] 
2016-09-25T21:13:32.761-0400: 108.317: [Full GC (Ergonomics) [PSYoungGen: 49824K->0K(200704K)] [ParOldGen: 501735K->406728K(524288K)] 551560K->406728K(724992K), [Metaspace: 43770K->43770K(1087488K)], 0.0539426 secs] [Times: user=0.32 sys=0.01, real=0.06 secs] 
2016-09-25T21:13:32.948-0400: 108.504: [GC (GCLocker Initiated GC) [PSYoungGen: 148480K->40555K(189440K)] 555311K->447395K(713728K), 0.0102995 secs] [Times: user=0.13 sys=0.00, real=0.01 secs] 
2016-09-25T21:13:33.079-0400: 108.634: [GC (GCLocker Initiated GC) [PSYoungGen: 189035K->14841K(202752K)] 601382K->447069K(727040K), 0.0094531 secs] [Times: user=0.08 sys=0.00, real=0.01 secs] 
2016-09-25T21:13:33.220-0400: 108.776: [GC (GCLocker Initiated GC) [PSYoungGen: 160249K->24547K(169984K)] 606000K->490238K(694272K), 0.0052003 secs] [Times: user=0.07 sys=0.00, real=0.01 secs] 
2016-09-25T21:13:33.365-0400: 108.921: [GC (GCLocker Initiated GC) [PSYoungGen: 169955K->40465K(202240K)] 639758K->511283K(726528K), 0.0118075 secs] [Times: user=0.15 sys=0.00, real=0.01 secs] 
2016-09-25T21:13:33.497-0400: 109.053: [GC (GCLocker Initiated GC) [PSYoungGen: 185873K->33818K(203264K)] 656776K->513775K(727552K), 0.0259252 secs] [Times: user=0.31 sys=0.00, real=0.03 secs] 
2016-09-25T21:13:33.652-0400: 109.207: [GC (GCLocker Initiated GC) [PSYoungGen: 179226K->32487K(201216K)] 661920K->516210K(725504K), 0.0173534 secs] [Times: user=0.20 sys=0.01, real=0.02 secs] 
2016-09-25T21:13:33.829-0400: 109.384: [GC (GCLocker Initiated GC) [PSYoungGen: 180967K->24697K(202240K)] 672983K->539470K(726528K), 0.0090093 secs] [Times: user=0.11 sys=0.00, real=0.01 secs] 
2016-09-25T21:13:33.838-0400: 109.393: [Full GC (Ergonomics) [PSYoungGen: 24697K->0K(202240K)] [ParOldGen: 514773K->330109K(524288K)] 539470K->330109K(726528K), [Metaspace: 43776K->43776K(1087488K)], 0.0709299 secs] [Times: user=0.65 sys=0.01, real=0.07 secs] 
2016-09-25T21:13:34.045-0400: 109.600: [GC (GCLocker Initiated GC) [PSYoungGen: 148480K->34209K(206336K)] 483221K->368950K(730624K), 0.0052370 secs] [Times: user=0.05 sys=0.01, real=0.00 secs] 
2016-09-25T21:13:34.203-0400: 109.758: [GC (GCLocker Initiated GC) [PSYoungGen: 189857K->31318K(207360K)] 524690K->367456K(731648K), 0.0082757 secs] [Times: user=0.05 sys=0.00, real=0.00 secs] 
2016-09-25T21:13:34.375-0400: 109.930: [GC (GCLocker Initiated GC) [PSYoungGen: 186966K->35483K(209920K)] 532769K->382504K(734208K), 0.0285141 secs] [Times: user=0.42 sys=0.01, real=0.03 secs] 
2016-09-25T21:13:34.581-0400: 110.137: [GC (GCLocker Initiated GC) [PSYoungGen: 195739K->23677K(209408K)] 552718K->381877K(733696K), 0.0104443 secs] [Times: user=0.12 sys=0.01, real=0.01 secs] 
2016-09-25T21:13:34.763-0400: 110.318: [GC (GCLocker Initiated GC) [PSYoungGen: 183933K->31751K(210432K)] 544842K->394280K(734720K), 0.0222561 secs] [Times: user=0.25 sys=0.00, real=0.02 secs] 
2016-09-25T21:13:34.956-0400: 110.512: [GC (GCLocker Initiated GC) [PSYoungGen: 195591K->16739K(211456K)] 569202K->391930K(735744K), 0.0056137 secs] [Times: user=0.05 sys=0.00, real=0.00 secs] 
2016-09-25T21:13:35.130-0400: 110.685: [GC (GCLocker Initiated GC) [PSYoungGen: 180579K->47743K(204288K)] 555795K->427325K(728576K), 0.0069124 secs] [Times: user=0.05 sys=0.01, real=0.01 secs] 
2016-09-25T21:13:35.288-0400: 110.843: [GC (GCLocker Initiated GC) [PSYoungGen: 203391K->16781K(172544K)] 589737K->407286K(696832K), 0.0272720 secs] [Times: user=0.29 sys=0.00, real=0.03 secs] 
2016-09-25T21:13:35.456-0400: 111.011: [GC (GCLocker Initiated GC) [PSYoungGen: 172429K->19013K(208896K)] 568547K->416593K(733184K), 0.0132146 secs] [Times: user=0.13 sys=0.00, real=0.01 secs] 
2016-09-25T21:13:35.626-0400: 111.181: [GC (GCLocker Initiated GC) [PSYoungGen: 174149K->20504K(176128K)] 578694K->426257K(700416K), 0.0083214 secs] [Times: user=0.06 sys=0.01, real=0.00 secs] 
2016-09-25T21:13:35.781-0400: 111.336: [GC (GCLocker Initiated GC) [PSYoungGen: 175640K->35589K(206848K)] 584252K->445558K(731136K), 0.0070094 secs] [Times: user=0.05 sys=0.00, real=0.01 secs] 
2016-09-25T21:13:35.936-0400: 111.491: [GC (GCLocker Initiated GC) [PSYoungGen: 190213K->26227K(207360K)] 600191K->454004K(731648K), 0.0058446 secs] [Times: user=0.05 sys=0.01, real=0.00 secs] 
2016-09-25T21:13:36.096-0400: 111.652: [GC (GCLocker Initiated GC) [PSYoungGen: 180851K->43908K(204288K)] 614057K->478649K(728576K), 0.0071051 secs] [Times: user=0.05 sys=0.00, real=0.01 secs] 
2016-09-25T21:13:36.256-0400: 111.812: [GC (Allocation Failure) [PSYoungGen: 197508K->18037K(207872K)] 636872K->480596K(732160K), 0.0135976 secs] [Times: user=0.16 sys=0.00, real=0.01 secs] 
2016-09-25T21:13:36.429-0400: 111.984: [GC (GCLocker Initiated GC) [PSYoungGen: 171637K->21002K(205312K)] 634384K->496074K(729600K), 0.0110818 secs] [Times: user=0.15 sys=0.00, real=0.01 secs] 
2016-09-25T21:13:36.594-0400: 112.149: [GC (GCLocker Initiated GC) [PSYoungGen: 175114K->20770K(206848K)] 659688K->507022K(731136K), 0.0225265 secs] [Times: user=0.27 sys=0.01, real=0.03 secs] 
2016-09-25T21:13:36.762-0400: 112.317: [GC (GCLocker Initiated GC) [PSYoungGen: 174882K->50757K(198144K)] 661167K->543864K(722432K), 0.0252425 secs] [Times: user=0.29 sys=0.01, real=0.03 secs] 
2016-09-25T21:13:36.938-0400: 112.493: [GC (GCLocker Initiated GC) [PSYoungGen: 197189K->27441K(204288K)] 697285K->545302K(728576K), 0.0100776 secs] [Times: user=0.10 sys=0.00, real=0.01 secs] 
2016-09-25T21:13:36.948-0400: 112.503: [Full GC (Ergonomics) [PSYoungGen: 27441K->0K(204288K)] [ParOldGen: 517860K->357951K(524288K)] 545302K->357951K(728576K), [Metaspace: 43782K->43782K(1087488K)], 0.0610004 secs] [Times: user=0.46 sys=0.01, real=0.06 secs] 
2016-09-25T21:13:37.167-0400: 112.723: [GC (GCLocker Initiated GC) [PSYoungGen: 146432K->27637K(197632K)] 507091K->388296K(721920K), 0.0124602 secs] [Times: user=0.11 sys=0.00, real=0.01 secs] 
2016-09-25T21:13:37.342-0400: 112.898: [GC (GCLocker Initiated GC) [PSYoungGen: 176629K->18043K(202240K)] 538863K->381944K(726528K), 0.0335440 secs] [Times: user=0.29 sys=0.00, real=0.03 secs] 
2016-09-25T21:13:37.533-0400: 113.089: [GC (GCLocker Initiated GC) [PSYoungGen: 167035K->35892K(208384K)] 530965K->401417K(732672K), 0.0221328 secs] [Times: user=0.22 sys=0.01, real=0.03 secs] 
2016-09-25T21:13:37.713-0400: 113.269: [GC (GCLocker Initiated GC) [PSYoungGen: 191540K->31699K(187392K)] 557075K->415153K(711680K), 0.0130618 secs] [Times: user=0.13 sys=0.00, real=0.02 secs] 
2016-09-25T21:13:37.879-0400: 113.435: [GC (GCLocker Initiated GC) [PSYoungGen: 187347K->41168K(205824K)] 576212K->431643K(730112K), 0.0362179 secs] [Times: user=0.48 sys=0.00, real=0.04 secs] 
2016-09-25T21:13:38.092-0400: 113.647: [GC (Allocation Failure) [PSYoungGen: 195280K->13013K(167424K)] 599543K->418870K(691712K), 0.0089039 secs] [Times: user=0.09 sys=0.00, real=0.01 secs] 
2016-09-25T21:13:38.243-0400: 113.798: [GC (GCLocker Initiated GC) [PSYoungGen: 165943K->46449K(200192K)] 577199K->459703K(724480K), 0.0056776 secs] [Times: user=0.07 sys=0.00, real=0.00 secs] 
2016-09-25T21:13:38.397-0400: 113.952: [GC (GCLocker Initiated GC) [PSYoungGen: 191857K->32967K(203776K)] 605143K->450365K(728064K), 0.0074350 secs] [Times: user=0.05 sys=0.00, real=0.01 secs] 
2016-09-25T21:13:38.564-0400: 114.120: [GC (GCLocker Initiated GC) [PSYoungGen: 178375K->38437K(202240K)] 595780K->460195K(726528K), 0.0127245 secs] [Times: user=0.09 sys=0.00, real=0.01 secs] 
2016-09-25T21:13:38.731-0400: 114.287: [GC (GCLocker Initiated GC) [PSYoungGen: 185381K->46537K(193536K)] 607168K->470079K(717824K), 0.0056226 secs] [Times: user=0.05 sys=0.00, real=0.01 secs] 
2016-09-25T21:13:38.873-0400: 114.429: [GC (GCLocker Initiated GC) [PSYoungGen: 193481K->35708K(203776K)] 619808K->487923K(728064K), 0.0159687 secs] [Times: user=0.16 sys=0.01, real=0.02 secs] 
2016-09-25T21:13:39.043-0400: 114.599: [GC (GCLocker Initiated GC) [PSYoungGen: 179580K->35905K(180224K)] 634639K->492410K(704512K), 0.0315940 secs] [Times: user=0.37 sys=0.00, real=0.03 secs] 
2016-09-25T21:13:39.240-0400: 114.795: [GC (GCLocker Initiated GC) [PSYoungGen: 179777K->35853K(202240K)] 636286K->496905K(726528K), 0.0064705 secs] [Times: user=0.06 sys=0.00, real=0.01 secs] 
2016-09-25T21:13:39.399-0400: 114.955: [GC (GCLocker Initiated GC) [PSYoungGen: 181261K->41331K(200704K)] 645250K->507120K(724992K), 0.0060353 secs] [Times: user=0.08 sys=0.00, real=0.01 secs] 
2016-09-25T21:13:39.563-0400: 115.118: [GC (GCLocker Initiated GC) [PSYoungGen: 186739K->33367K(203776K)] 657932K->506237K(728064K), 0.0094608 secs] [Times: user=0.11 sys=0.00, real=0.00 secs] 
2016-09-25T21:13:40.615-0400: 116.170: [GC (Allocation Failure) [PSYoungGen: 183895K->5854K(204800K)] 656768K->480557K(729088K), 0.0170824 secs] [Times: user=0.24 sys=0.00, real=0.01 secs] 
2016-09-25T21:13:50.416-0400: 125.971: [GC (Allocation Failure) [PSYoungGen: 156373K->40137K(203264K)] 631076K->520342K(727552K), 0.0166453 secs] [Times: user=0.14 sys=0.00, real=0.01 secs] 
2016-09-25T21:13:59.648-0400: 135.204: [GC (Allocation Failure) [PSYoungGen: 186569K->40105K(204288K)] 666774K->560087K(728576K), 0.0166592 secs] [Times: user=0.12 sys=0.01, real=0.02 secs] 
2016-09-25T21:13:59.665-0400: 135.220: [Full GC (Ergonomics) [PSYoungGen: 40105K->0K(204288K)] [ParOldGen: 519982K->301667K(524288K)] 560087K->301667K(728576K), [Metaspace: 43880K->43880K(1087488K)], 0.0909351 secs] [Times: user=0.77 sys=0.01, real=0.09 secs] 
2016-09-25T21:14:08.838-0400: 144.393: [GC (Allocation Failure) [PSYoungGen: 146432K->40265K(203264K)] 448099K->341941K(727552K), 0.0144007 secs] [Times: user=0.07 sys=0.01, real=0.01 secs] 
