Java HotSpot(TM) 64-Bit Server VM (25.101-b13) for linux-amd64 JRE (1.8.0_101-b13), built on Jun 22 2016 02:59:44 by "java_re" with gcc 4.3.0 20080428 (Red Hat 4.3.0-8)
Memory: 4k page, physical 264122320k(242020112k free), swap 268399612k(268399612k free)
CommandLine flags: -XX:GCLogFileSize=1048576 -XX:+HeapDumpOnOutOfMemoryError -XX:HeapDumpPath=artifacts/heapdump -XX:InitialHeapSize=805306368 -XX:MaxHeapSize=805306368 -XX:NumberOfGCLogFiles=10 -XX:+PrintGC -XX:+PrintGCDateStamps -XX:+PrintGCDetails -XX:+PrintGCTimeStamps -XX:+UseCompressedClassPointers -XX:+UseCompressedOops -XX:+UseGCLogFileRotation -XX:+UseParallelGC 
2016-09-24T02:28:48.647-0400: 2.114: [GC (Metadata GC Threshold) [PSYoungGen: 121898K->15580K(229376K)] 121898K->15668K(753664K), 0.0204980 secs] [Times: user=0.09 sys=0.03, real=0.02 secs] 
2016-09-24T02:28:48.667-0400: 2.134: [Full GC (Metadata GC Threshold) [PSYoungGen: 15580K->0K(229376K)] [ParOldGen: 88K->14600K(351232K)] 15668K->14600K(580608K), [Metaspace: 21076K->21076K(1067008K)], 0.0491821 secs] [Times: user=0.31 sys=0.01, real=0.05 secs] 
2016-09-24T02:28:50.452-0400: 3.919: [GC (Metadata GC Threshold) [PSYoungGen: 125204K->14965K(229376K)] 139805K->29702K(580608K), 0.0331431 secs] [Times: user=0.34 sys=0.00, real=0.04 secs] 
2016-09-24T02:28:50.486-0400: 3.953: [Full GC (Metadata GC Threshold) [PSYoungGen: 14965K->0K(229376K)] [ParOldGen: 14736K->20412K(524288K)] 29702K->20412K(753664K), [Metaspace: 34970K->34970K(1079296K)], 0.0579901 secs] [Times: user=0.48 sys=0.00, real=0.06 secs] 
2016-09-24T02:28:52.123-0400: 5.590: [GC (GCLocker Initiated GC) [PSYoungGen: 196608K->32765K(229376K)] 217024K->84419K(753664K), 0.0207146 secs] [Times: user=0.25 sys=0.01, real=0.02 secs] 
2016-09-24T02:28:52.426-0400: 5.893: [GC (GCLocker Initiated GC) [PSYoungGen: 229373K->30874K(229376K)] 283964K->85473K(753664K), 0.0078621 secs] [Times: user=0.06 sys=0.01, real=0.00 secs] 
2016-09-24T02:28:52.589-0400: 6.056: [GC (GCLocker Initiated GC) [PSYoungGen: 227482K->31285K(228352K)] 284814K->91324K(752640K), 0.0081094 secs] [Times: user=0.12 sys=0.00, real=0.01 secs] 
2016-09-24T02:28:52.724-0400: 6.191: [GC (GCLocker Initiated GC) [PSYoungGen: 227893K->33789K(168960K)] 287980K->118549K(693248K), 0.0084917 secs] [Times: user=0.11 sys=0.00, real=0.00 secs] 
2016-09-24T02:28:52.844-0400: 6.311: [GC (GCLocker Initiated GC) [PSYoungGen: 168957K->45130K(180736K)] 259150K->135330K(705024K), 0.0077348 secs] [Times: user=0.10 sys=0.00, real=0.00 secs] 
2016-09-24T02:28:52.938-0400: 6.404: [GC (GCLocker Initiated GC) [PSYoungGen: 180298K->64151K(180224K)] 276025K->165286K(704512K), 0.0086411 secs] [Times: user=0.09 sys=0.00, real=0.01 secs] 
2016-09-24T02:28:53.030-0400: 6.497: [GC (GCLocker Initiated GC) [PSYoungGen: 179863K->44826K(188928K)] 294577K->162844K(713216K), 0.0069122 secs] [Times: user=0.10 sys=0.00, real=0.01 secs] 
2016-09-24T02:28:53.104-0400: 6.570: [GC (GCLocker Initiated GC) [PSYoungGen: 160538K->70087K(174592K)] 278801K->218693K(698880K), 0.0094569 secs] [Times: user=0.11 sys=0.02, real=0.00 secs] 
2016-09-24T02:28:53.173-0400: 6.640: [GC (GCLocker Initiated GC) [PSYoungGen: 173511K->41290K(182784K)] 322158K->203828K(707072K), 0.0124017 secs] [Times: user=0.12 sys=0.00, real=0.02 secs] 
2016-09-24T02:28:53.243-0400: 6.710: [GC (GCLocker Initiated GC) [PSYoungGen: 144714K->41404K(174080K)] 312764K->228748K(698368K), 0.0072600 secs] [Times: user=0.11 sys=0.00, real=0.00 secs] 
2016-09-24T02:28:53.335-0400: 6.802: [GC (GCLocker Initiated GC) [PSYoungGen: 148412K->37040K(180224K)] 339943K->228933K(704512K), 0.0053826 secs] [Times: user=0.05 sys=0.00, real=0.00 secs] 
2016-09-24T02:28:53.416-0400: 6.883: [GC (GCLocker Initiated GC) [PSYoungGen: 144048K->54903K(187904K)] 341397K->263345K(712192K), 0.0065279 secs] [Times: user=0.07 sys=0.01, real=0.01 secs] 
2016-09-24T02:28:53.502-0400: 6.969: [GC (GCLocker Initiated GC) [PSYoungGen: 171639K->54912K(172032K)] 382855K->277276K(696320K), 0.0083808 secs] [Times: user=0.07 sys=0.00, real=0.01 secs] 
2016-09-24T02:28:53.583-0400: 7.050: [GC (GCLocker Initiated GC) [PSYoungGen: 171648K->38711K(189952K)] 399103K->269331K(714240K), 0.0071292 secs] [Times: user=0.06 sys=0.00, real=0.00 secs] 
2016-09-24T02:28:53.667-0400: 7.134: [GC (GCLocker Initiated GC) [PSYoungGen: 154423K->41288K(157184K)] 387867K->275227K(681472K), 0.0221163 secs] [Times: user=0.25 sys=0.00, real=0.02 secs] 
2016-09-24T02:28:53.764-0400: 7.231: [GC (GCLocker Initiated GC) [PSYoungGen: 157000K->36044K(187392K)] 396540K->289512K(711680K), 0.0182624 secs] [Times: user=0.21 sys=0.04, real=0.02 secs] 
2016-09-24T02:28:53.861-0400: 7.328: [GC (GCLocker Initiated GC) [PSYoungGen: 153292K->35979K(185856K)] 417586K->300762K(710144K), 0.0134849 secs] [Times: user=0.16 sys=0.00, real=0.02 secs] 
2016-09-24T02:28:53.948-0400: 7.415: [GC (GCLocker Initiated GC) [PSYoungGen: 153227K->48161K(191488K)] 418076K->313474K(715776K), 0.0078045 secs] [Times: user=0.08 sys=0.00, real=0.01 secs] 
2016-09-24T02:28:54.032-0400: 7.499: [GC (GCLocker Initiated GC) [PSYoungGen: 172065K->63108K(187392K)] 440158K->331679K(711680K), 0.0070603 secs] [Times: user=0.09 sys=0.00, real=0.01 secs] 
2016-09-24T02:28:54.121-0400: 7.588: [GC (GCLocker Initiated GC) [PSYoungGen: 187012K->65826K(179712K)] 455620K->334914K(704000K), 0.0057125 secs] [Times: user=0.08 sys=0.00, real=0.01 secs] 
2016-09-24T02:28:54.202-0400: 7.669: [GC (GCLocker Initiated GC) [PSYoungGen: 173346K->34725K(184832K)] 457335K->340780K(709120K), 0.0059603 secs] [Times: user=0.07 sys=0.00, real=0.00 secs] 
2016-09-24T02:28:54.286-0400: 7.753: [GC (GCLocker Initiated GC) [PSYoungGen: 142245K->30565K(182784K)] 455211K->365634K(707072K), 0.0099704 secs] [Times: user=0.13 sys=0.00, real=0.01 secs] 
2016-09-24T02:28:54.370-0400: 7.837: [GC (GCLocker Initiated GC) [PSYoungGen: 139109K->57676K(184320K)] 483650K->402659K(708608K), 0.0064525 secs] [Times: user=0.09 sys=0.00, real=0.01 secs] 
2016-09-24T02:28:54.457-0400: 7.924: [GC (GCLocker Initiated GC) [PSYoungGen: 166220K->26690K(184320K)] 526234K->406108K(708608K), 0.0048793 secs] [Times: user=0.03 sys=0.03, real=0.00 secs] 
2016-09-24T02:28:54.565-0400: 8.031: [GC (GCLocker Initiated GC) [PSYoungGen: 133186K->42763K(149504K)] 516683K->426740K(673792K), 0.0057905 secs] [Times: user=0.05 sys=0.00, real=0.00 secs] 
2016-09-24T02:28:54.635-0400: 8.102: [GC (GCLocker Initiated GC) [PSYoungGen: 149259K->38606K(183808K)] 533266K->447426K(708096K), 0.0066942 secs] [Times: user=0.07 sys=0.02, real=0.01 secs] 
2016-09-24T02:28:54.717-0400: 8.184: [GC (GCLocker Initiated GC) [PSYoungGen: 147662K->48115K(181248K)] 559421K->481840K(705536K), 0.0101248 secs] [Times: user=0.09 sys=0.02, real=0.01 secs] 
2016-09-24T02:28:54.807-0400: 8.274: [GC (GCLocker Initiated GC) [PSYoungGen: 157171K->48225K(187392K)] 600500K->492019K(711680K), 0.0052130 secs] [Times: user=0.06 sys=0.00, real=0.00 secs] 
2016-09-24T02:28:54.889-0400: 8.355: [GC (GCLocker Initiated GC) [PSYoungGen: 164449K->41507K(186368K)] 616419K->510165K(710656K), 0.0058231 secs] [Times: user=0.06 sys=0.02, real=0.01 secs] 
2016-09-24T02:28:54.971-0400: 8.438: [GC (GCLocker Initiated GC) [PSYoungGen: 157731K->46843K(190464K)] 626402K->516009K(714752K), 0.0083813 secs] [Times: user=0.12 sys=0.01, real=0.01 secs] 
2016-09-24T02:28:55.062-0400: 8.529: [GC (GCLocker Initiated GC) [PSYoungGen: 169211K->49576K(188928K)] 641318K->522170K(713216K), 0.0055871 secs] [Times: user=0.08 sys=0.00, real=0.01 secs] 
2016-09-24T02:28:55.135-0400: 8.602: [GC (GCLocker Initiated GC) [PSYoungGen: 171944K->61744K(187392K)] 646247K->536535K(711680K), 0.0067455 secs] [Times: user=0.09 sys=0.00, real=0.01 secs] 
2016-09-24T02:28:55.218-0400: 8.685: [GC (GCLocker Initiated GC) [PSYoungGen: 182576K->48243K(191488K)] 660107K->545148K(715776K), 0.0063356 secs] [Times: user=0.07 sys=0.01, real=0.01 secs] 
2016-09-24T02:28:55.225-0400: 8.691: [Full GC (Ergonomics) [PSYoungGen: 48243K->0K(191488K)] [ParOldGen: 496904K->46043K(524288K)] 545148K->46043K(715776K), [Metaspace: 43077K->43073K(1085440K)], 0.2018804 secs] [Times: user=2.77 sys=0.05, real=0.20 secs] 
2016-09-24T02:28:55.498-0400: 8.964: [GC (GCLocker Initiated GC) [PSYoungGen: 120832K->55263K(190976K)] 169610K->104049K(715264K), 0.0097716 secs] [Times: user=0.14 sys=0.00, real=0.01 secs] 
2016-09-24T02:28:55.580-0400: 9.047: [GC (GCLocker Initiated GC) [PSYoungGen: 177119K->52339K(192000K)] 228628K->128932K(716288K), 0.0067892 secs] [Times: user=0.09 sys=0.00, real=0.01 secs] 
2016-09-24T02:28:55.660-0400: 9.127: [GC (GCLocker Initiated GC) [PSYoungGen: 174195K->49671K(188416K)] 250920K->143100K(712704K), 0.0054622 secs] [Times: user=0.07 sys=0.00, real=0.01 secs] 
2016-09-24T02:28:55.757-0400: 9.224: [GC (GCLocker Initiated GC) [PSYoungGen: 172039K->50939K(190464K)] 268410K->147797K(714752K), 0.0070625 secs] [Times: user=0.08 sys=0.00, real=0.01 secs] 
2016-09-24T02:28:55.847-0400: 9.314: [GC (GCLocker Initiated GC) [PSYoungGen: 173307K->40047K(192000K)] 279768K->147034K(716288K), 0.0055608 secs] [Times: user=0.05 sys=0.01, real=0.00 secs] 
2016-09-24T02:28:55.931-0400: 9.398: [GC (GCLocker Initiated GC) [PSYoungGen: 167023K->54865K(193536K)] 276806K->165105K(717824K), 0.0063227 secs] [Times: user=0.06 sys=0.00, real=0.01 secs] 
2016-09-24T02:28:56.015-0400: 9.482: [GC (GCLocker Initiated GC) [PSYoungGen: 181841K->53671K(194560K)] 294845K->183332K(718848K), 0.0063433 secs] [Times: user=0.07 sys=0.00, real=0.00 secs] 
2016-09-24T02:28:56.103-0400: 9.570: [GC (GCLocker Initiated GC) [PSYoungGen: 180647K->49465K(176640K)] 310369K->179696K(700928K), 0.0053994 secs] [Times: user=0.05 sys=0.00, real=0.00 secs] 
2016-09-24T02:28:56.207-0400: 9.674: [GC (GCLocker Initiated GC) [PSYoungGen: 176441K->59057K(190976K)] 306914K->211579K(715264K), 0.0094798 secs] [Times: user=0.13 sys=0.00, real=0.01 secs] 
2016-09-24T02:28:56.301-0400: 9.768: [GC (GCLocker Initiated GC) [PSYoungGen: 183985K->41552K(193024K)] 347801K->205855K(717312K), 0.0049046 secs] [Times: user=0.06 sys=0.00, real=0.01 secs] 
2016-09-24T02:28:56.394-0400: 9.861: [GC (GCLocker Initiated GC) [PSYoungGen: 166480K->29197K(191488K)] 339122K->205046K(715776K), 0.0072240 secs] [Times: user=0.04 sys=0.00, real=0.01 secs] 
2016-09-24T02:28:56.484-0400: 9.951: [GC (GCLocker Initiated GC) [PSYoungGen: 153101K->45557K(169472K)] 337079K->230038K(693760K), 0.0050741 secs] [Times: user=0.06 sys=0.00, real=0.00 secs] 
2016-09-24T02:28:56.568-0400: 10.035: [GC (GCLocker Initiated GC) [PSYoungGen: 169461K->50893K(193024K)] 353975K->249434K(717312K), 0.0065990 secs] [Times: user=0.07 sys=0.00, real=0.01 secs] 
2016-09-24T02:28:56.653-0400: 10.120: [GC (GCLocker Initiated GC) [PSYoungGen: 176845K->56339K(192512K)] 378119K->260791K(716800K), 0.0057214 secs] [Times: user=0.07 sys=0.00, real=0.01 secs] 
2016-09-24T02:28:56.730-0400: 10.196: [GC (GCLocker Initiated GC) [PSYoungGen: 182291K->42779K(194560K)] 386791K->269404K(718848K), 0.0067692 secs] [Times: user=0.07 sys=0.01, real=0.01 secs] 
2016-09-24T02:28:56.821-0400: 10.288: [GC (GCLocker Initiated GC) [PSYoungGen: 169755K->36075K(194048K)] 399147K->290256K(718336K), 0.0069783 secs] [Times: user=0.07 sys=0.02, real=0.01 secs] 
2016-09-24T02:28:56.920-0400: 10.387: [GC (GCLocker Initiated GC) [PSYoungGen: 163051K->46875K(192512K)] 420084K->315243K(716800K), 0.0059565 secs] [Times: user=0.07 sys=0.01, real=0.01 secs] 
2016-09-24T02:28:57.015-0400: 10.482: [GC (GCLocker Initiated GC) [PSYoungGen: 174875K->41346K(193536K)] 444785K->311728K(717824K), 0.0057487 secs] [Times: user=0.05 sys=0.01, real=0.00 secs] 
2016-09-24T02:28:57.103-0400: 10.570: [GC (GCLocker Initiated GC) [PSYoungGen: 169346K->33182K(196608K)] 447855K->317521K(720896K), 0.0126005 secs] [Times: user=0.14 sys=0.00, real=0.01 secs] 
2016-09-24T02:28:57.200-0400: 10.667: [GC (GCLocker Initiated GC) [PSYoungGen: 165278K->61834K(194048K)] 452401K->362992K(718336K), 0.0068025 secs] [Times: user=0.07 sys=0.02, real=0.01 secs] 
2016-09-24T02:28:57.285-0400: 10.752: [GC (GCLocker Initiated GC) [PSYoungGen: 193930K->55007K(189952K)] 495265K->375758K(714240K), 0.0067015 secs] [Times: user=0.08 sys=0.01, real=0.00 secs] 
2016-09-24T02:28:57.364-0400: 10.831: [GC (GCLocker Initiated GC) [PSYoungGen: 176863K->42825K(192000K)] 503065K->369497K(716288K), 0.0053256 secs] [Times: user=0.05 sys=0.00, real=0.00 secs] 
2016-09-24T02:28:57.453-0400: 10.920: [GC (GCLocker Initiated GC) [PSYoungGen: 164681K->57629K(190464K)] 491484K->384919K(714752K), 0.0061402 secs] [Times: user=0.08 sys=0.01, real=0.01 secs] 
2016-09-24T02:28:57.530-0400: 10.997: [GC (GCLocker Initiated GC) [PSYoungGen: 179485K->63138K(185344K)] 506983K->391110K(709632K), 0.0067207 secs] [Times: user=0.08 sys=0.00, real=0.01 secs] 
2016-09-24T02:28:57.617-0400: 11.084: [GC (GCLocker Initiated GC) [PSYoungGen: 184994K->55038K(188928K)] 512983K->383505K(713216K), 0.0066125 secs] [Times: user=0.09 sys=0.00, real=0.01 secs] 
2016-09-24T02:28:57.696-0400: 11.162: [GC (GCLocker Initiated GC) [PSYoungGen: 170238K->53496K(168960K)] 502856K->386600K(693248K), 0.0069559 secs] [Times: user=0.06 sys=0.00, real=0.01 secs] 
2016-09-24T02:28:57.787-0400: 11.254: [GC (GCLocker Initiated GC) [PSYoungGen: 168696K->36047K(186880K)] 502032K->380701K(711168K), 0.0080458 secs] [Times: user=0.10 sys=0.02, real=0.01 secs] 
2016-09-24T02:28:57.892-0400: 11.359: [GC (GCLocker Initiated GC) [PSYoungGen: 150735K->34724K(187392K)] 502168K->397385K(711680K), 0.0095014 secs] [Times: user=0.07 sys=0.01, real=0.01 secs] 
2016-09-24T02:28:57.980-0400: 11.446: [GC (GCLocker Initiated GC) [PSYoungGen: 149412K->63030K(183296K)] 512105K->442409K(707584K), 0.0072084 secs] [Times: user=0.08 sys=0.01, real=0.01 secs] 
2016-09-24T02:28:58.069-0400: 11.536: [GC (GCLocker Initiated GC) [PSYoungGen: 173622K->44111K(186368K)] 555867K->451106K(710656K), 0.0074376 secs] [Times: user=0.09 sys=0.01, real=0.01 secs] 
2016-09-24T02:28:58.150-0400: 11.617: [GC (GCLocker Initiated GC) [PSYoungGen: 154703K->33421K(184832K)] 572849K->452038K(709120K), 0.0049022 secs] [Times: user=0.05 sys=0.01, real=0.01 secs] 
2016-09-24T02:28:58.234-0400: 11.701: [GC (GCLocker Initiated GC) [PSYoungGen: 145549K->54929K(186368K)] 567036K->476911K(710656K), 0.0060434 secs] [Times: user=0.08 sys=0.00, real=0.00 secs] 
2016-09-24T02:28:58.321-0400: 11.787: [GC (GCLocker Initiated GC) [PSYoungGen: 167057K->48257K(182784K)] 594311K->486752K(707072K), 0.0056765 secs] [Times: user=0.07 sys=0.01, real=0.01 secs] 
2016-09-24T02:28:58.404-0400: 11.871: [GC (GCLocker Initiated GC) [PSYoungGen: 161921K->29292K(185344K)] 614122K->481942K(709632K), 0.0042588 secs] [Times: user=0.06 sys=0.01, real=0.00 secs] 
2016-09-24T02:28:58.482-0400: 11.948: [GC (Allocation Failure) [PSYoungGen: 142956K->33407K(189952K)] 611894K->502855K(714240K), 0.0048414 secs] [Times: user=0.05 sys=0.01, real=0.01 secs] 
2016-09-24T02:28:58.557-0400: 12.024: [GC (GCLocker Initiated GC) [PSYoungGen: 150655K->52243K(189440K)] 620108K->522199K(713728K), 0.0159306 secs] [Times: user=0.21 sys=0.02, real=0.01 secs] 
2016-09-24T02:28:58.646-0400: 12.113: [GC (GCLocker Initiated GC) [PSYoungGen: 169491K->52101K(189440K)] 642182K->525223K(713728K), 0.0061470 secs] [Times: user=0.05 sys=0.01, real=0.00 secs] 
2016-09-24T02:28:58.742-0400: 12.208: [GC (GCLocker Initiated GC) [PSYoungGen: 169349K->38633K(156160K)] 642484K->531134K(680448K), 0.0062326 secs] [Times: user=0.05 sys=0.01, real=0.01 secs] 
2016-09-24T02:28:58.812-0400: 12.279: [GC (GCLocker Initiated GC) [PSYoungGen: 155881K->68443K(179200K)] 648411K->577653K(703488K), 0.0071922 secs] [Times: user=0.10 sys=0.01, real=0.01 secs] 
2016-09-24T02:28:58.819-0400: 12.286: [Full GC (Ergonomics) [PSYoungGen: 68443K->0K(179200K)] [ParOldGen: 509210K->61737K(524288K)] 577653K->61737K(703488K), [Metaspace: 43197K->43197K(1085440K)], 0.0491903 secs] [Times: user=0.39 sys=0.03, real=0.05 secs] 
2016-09-24T02:28:58.935-0400: 12.402: [GC (GCLocker Initiated GC) [PSYoungGen: 108544K->57903K(166912K)] 178554K->127914K(691200K), 0.0059243 secs] [Times: user=0.09 sys=0.00, real=0.00 secs] 
2016-09-24T02:28:59.015-0400: 12.482: [GC (GCLocker Initiated GC) [PSYoungGen: 166447K->38669K(185856K)] 252687K->136361K(710144K), 0.0050638 secs] [Times: user=0.07 sys=0.01, real=0.00 secs] 
2016-09-24T02:28:59.102-0400: 12.569: [GC (GCLocker Initiated GC) [PSYoungGen: 146701K->53369K(161792K)] 251325K->158361K(686080K), 0.0097147 secs] [Times: user=0.14 sys=0.01, real=0.01 secs] 
2016-09-24T02:28:59.198-0400: 12.665: [GC (GCLocker Initiated GC) [PSYoungGen: 161401K->46572K(186368K)] 271880K->168126K(710656K), 0.0096975 secs] [Times: user=0.14 sys=0.01, real=0.01 secs] 
2016-09-24T02:28:59.274-0400: 12.741: [GC (GCLocker Initiated GC) [PSYoungGen: 157164K->24863K(183808K)] 291014K->167010K(708096K), 0.0054646 secs] [Times: user=0.04 sys=0.00, real=0.01 secs] 
2016-09-24T02:28:59.454-0400: 12.921: [GC (GCLocker Initiated GC) [PSYoungGen: 135455K->30167K(187392K)] 288546K->183466K(711680K), 0.0213113 secs] [Times: user=0.23 sys=0.03, real=0.03 secs] 
2016-09-24T02:28:59.546-0400: 13.013: [GC (GCLocker Initiated GC) [PSYoungGen: 142807K->23563K(136704K)] 313660K->194666K(660992K), 0.0046873 secs] [Times: user=0.04 sys=0.01, real=0.00 secs] 
2016-09-24T02:28:59.629-0400: 13.095: [GC (Allocation Failure) [PSYoungGen: 136203K->41192K(189952K)] 312936K->218160K(714240K), 0.0149204 secs] [Times: user=0.20 sys=0.01, real=0.02 secs] 
2016-09-24T02:28:59.718-0400: 13.185: [GC (GCLocker Initiated GC) [PSYoungGen: 154213K->32993K(147968K)] 333880K->212872K(672256K), 0.0093275 secs] [Times: user=0.10 sys=0.01, real=0.01 secs] 
2016-09-24T02:28:59.802-0400: 13.268: [GC (GCLocker Initiated GC) [PSYoungGen: 147681K->24957K(185856K)] 334315K->211850K(710144K), 0.0064776 secs] [Times: user=0.09 sys=0.00, real=0.01 secs] 
2016-09-24T02:28:59.924-0400: 13.391: [GC (GCLocker Initiated GC) [PSYoungGen: 140157K->38411K(185344K)] 333805K->241782K(709632K), 0.0049670 secs] [Times: user=0.06 sys=0.01, real=0.00 secs] 
2016-09-24T02:29:00.102-0400: 13.569: [GC (GCLocker Initiated GC) [PSYoungGen: 153611K->43970K(189952K)] 365190K->257126K(714240K), 0.0101224 secs] [Times: user=0.12 sys=0.01, real=0.01 secs] 
2016-09-24T02:29:00.205-0400: 13.672: [GC (GCLocker Initiated GC) [PSYoungGen: 166338K->58710K(188928K)] 384927K->277574K(713216K), 0.0058011 secs] [Times: user=0.08 sys=0.00, real=0.00 secs] 
2016-09-24T02:29:00.298-0400: 13.765: [GC (GCLocker Initiated GC) [PSYoungGen: 181078K->43828K(193536K)] 399982K->289975K(717824K), 0.0082566 secs] [Times: user=0.08 sys=0.01, real=0.01 secs] 
2016-09-24T02:29:00.379-0400: 13.845: [GC (GCLocker Initiated GC) [PSYoungGen: 166708K->56089K(179200K)] 415784K->324307K(703488K), 0.0065378 secs] [Times: user=0.08 sys=0.00, real=0.01 secs] 
2016-09-24T02:29:00.576-0400: 14.043: [GC (GCLocker Initiated GC) [PSYoungGen: 178969K->35839K(192512K)] 460153K->317275K(716800K), 0.0157796 secs] [Times: user=0.23 sys=0.01, real=0.01 secs] 
2016-09-24T02:29:00.672-0400: 14.139: [GC (GCLocker Initiated GC) [PSYoungGen: 157183K->57471K(179200K)] 438699K->339288K(703488K), 0.0061203 secs] [Times: user=0.10 sys=0.00, real=0.01 secs] 
2016-09-24T02:29:00.757-0400: 14.224: [GC (GCLocker Initiated GC) [PSYoungGen: 178815K->39903K(191488K)] 470310K->342456K(715776K), 0.0078638 secs] [Times: user=0.09 sys=0.01, real=0.01 secs] 
2016-09-24T02:29:00.833-0400: 14.300: [GC (GCLocker Initiated GC) [PSYoungGen: 158687K->33014K(152064K)] 468145K->353538K(676352K), 0.0097280 secs] [Times: user=0.10 sys=0.01, real=0.02 secs] 
2016-09-24T02:29:00.914-0400: 14.381: [GC (GCLocker Initiated GC) [PSYoungGen: 151798K->42572K(190976K)] 486049K->377083K(715264K), 0.0046071 secs] [Times: user=0.05 sys=0.01, real=0.00 secs] 
2016-09-24T02:29:01.012-0400: 14.479: [GC (GCLocker Initiated GC) [PSYoungGen: 163916K->65492K(188416K)] 502506K->404277K(712704K), 0.0124977 secs] [Times: user=0.06 sys=0.03, real=0.02 secs] 
2016-09-24T02:29:01.109-0400: 14.576: [GC (GCLocker Initiated GC) [PSYoungGen: 186836K->57479K(185856K)] 528378K->401939K(710144K), 0.0107662 secs] [Times: user=0.10 sys=0.02, real=0.01 secs] 
2016-09-24T02:29:01.191-0400: 14.658: [GC (GCLocker Initiated GC) [PSYoungGen: 170119K->19641K(132608K)] 528081K->396779K(656896K), 0.0055327 secs] [Times: user=0.05 sys=0.00, real=0.01 secs] 
2016-09-24T02:29:01.281-0400: 14.748: [GC (GCLocker Initiated GC) [PSYoungGen: 132281K->46594K(187904K)] 512193K->426773K(712192K), 0.0153255 secs] [Times: user=0.16 sys=0.02, real=0.02 secs] 
2016-09-24T02:29:01.390-0400: 14.857: [GC (GCLocker Initiated GC) [PSYoungGen: 158210K->40115K(152064K)] 547848K->430056K(676352K), 0.0091370 secs] [Times: user=0.12 sys=0.02, real=0.01 secs] 
2016-09-24T02:29:01.499-0400: 14.966: [GC (GCLocker Initiated GC) [PSYoungGen: 151731K->45411K(185856K)] 547174K->441267K(710144K), 0.0100450 secs] [Times: user=0.09 sys=0.01, real=0.01 secs] 
2016-09-24T02:29:01.608-0400: 15.075: [GC (GCLocker Initiated GC) [PSYoungGen: 159075K->32017K(183808K)] 564387K->453990K(708096K), 0.0111938 secs] [Times: user=0.15 sys=0.01, real=0.01 secs] 
2016-09-24T02:29:01.717-0400: 15.184: [GC (GCLocker Initiated GC) [PSYoungGen: 145681K->30652K(189440K)] 571401K->456948K(713728K), 0.0092356 secs] [Times: user=0.10 sys=0.01, real=0.01 secs] 
2016-09-24T02:29:01.854-0400: 15.321: [GC (GCLocker Initiated GC) [PSYoungGen: 150972K->37126K(188928K)] 577390K->464025K(713216K), 0.0106570 secs] [Times: user=0.07 sys=0.02, real=0.02 secs] 
2016-09-24T02:29:01.954-0400: 15.421: [GC (GCLocker Initiated GC) [PSYoungGen: 157446K->34507K(192000K)] 584433K->461906K(716288K), 0.0078303 secs] [Times: user=0.08 sys=0.00, real=0.01 secs] 
2016-09-24T02:29:02.046-0400: 15.513: [GC (GCLocker Initiated GC) [PSYoungGen: 160459K->45526K(190976K)] 589243K->488343K(715264K), 0.0247838 secs] [Times: user=0.32 sys=0.03, real=0.02 secs] 
2016-09-24T02:29:02.165-0400: 15.632: [GC (GCLocker Initiated GC) [PSYoungGen: 171478K->54990K(191488K)] 614372K->498483K(715776K), 0.0062330 secs] [Times: user=0.07 sys=0.00, real=0.00 secs] 
2016-09-24T02:29:02.259-0400: 15.726: [GC (GCLocker Initiated GC) [PSYoungGen: 181966K->37499K(194560K)] 633596K->489655K(718848K), 0.0050892 secs] [Times: user=0.06 sys=0.01, real=0.01 secs] 
2016-09-24T02:29:02.350-0400: 15.817: [GC (GCLocker Initiated GC) [PSYoungGen: 164475K->44227K(189952K)] 624807K->505080K(714240K), 0.0063531 secs] [Times: user=0.05 sys=0.01, real=0.01 secs] 
2016-09-24T02:29:02.450-0400: 15.917: [GC (GCLocker Initiated GC) [PSYoungGen: 172739K->53647K(193024K)] 633595K->515051K(717312K), 0.0120308 secs] [Times: user=0.13 sys=0.00, real=0.01 secs] 
2016-09-24T02:29:02.560-0400: 16.027: [GC (GCLocker Initiated GC) [PSYoungGen: 182159K->59113K(188416K)] 643763K->521258K(712704K), 0.0213350 secs] [Times: user=0.28 sys=0.00, real=0.02 secs] 
2016-09-24T02:29:02.681-0400: 16.148: [GC (GCLocker Initiated GC) [PSYoungGen: 180969K->34684K(192000K)] 645888K->513670K(716288K), 0.0078204 secs] [Times: user=0.09 sys=0.01, real=0.01 secs] 
2016-09-24T02:29:02.837-0400: 16.304: [GC (GCLocker Initiated GC) [PSYoungGen: 156540K->44089K(186880K)] 638332K->526420K(711168K), 0.0462109 secs] [Times: user=0.46 sys=0.05, real=0.05 secs] 
2016-09-24T02:29:03.010-0400: 16.477: [GC (GCLocker Initiated GC) [PSYoungGen: 166969K->59081K(189952K)] 649378K->555591K(714240K), 0.0145315 secs] [Times: user=0.20 sys=0.01, real=0.02 secs] 
2016-09-24T02:29:03.132-0400: 16.599: [GC (GCLocker Initiated GC) [PSYoungGen: 181961K->45427K(193024K)] 681378K->556211K(717312K), 0.0253456 secs] [Times: user=0.24 sys=0.02, real=0.03 secs] 
2016-09-24T02:29:03.158-0400: 16.625: [Full GC (Ergonomics) [PSYoungGen: 45427K->0K(193024K)] [ParOldGen: 510783K->82165K(524288K)] 556211K->82165K(717312K), [Metaspace: 43212K->43212K(1085440K)], 0.0616559 secs] [Times: user=0.47 sys=0.04, real=0.06 secs] 
2016-09-24T02:29:03.418-0400: 16.885: [GC (GCLocker Initiated GC) [PSYoungGen: 123904K->52538K(192000K)] 217095K->145729K(716288K), 0.0050832 secs] [Times: user=0.06 sys=0.01, real=0.01 secs] 
2016-09-24T02:29:03.586-0400: 17.053: [GC (GCLocker Initiated GC) [PSYoungGen: 176442K->36161K(193536K)] 277765K->142220K(717824K), 0.0047479 secs] [Times: user=0.05 sys=0.00, real=0.00 secs] 
2016-09-24T02:29:03.747-0400: 17.214: [GC (GCLocker Initiated GC) [PSYoungGen: 161601K->23846K(193024K)] 271724K->139974K(717312K), 0.0252552 secs] [Times: user=0.30 sys=0.02, real=0.02 secs] 
2016-09-24T02:29:03.870-0400: 17.337: [GC (GCLocker Initiated GC) [PSYoungGen: 149286K->22358K(190976K)] 265448K->139152K(715264K), 0.0058647 secs] [Times: user=0.05 sys=0.01, real=0.01 secs] 
2016-09-24T02:29:03.966-0400: 17.433: [GC (GCLocker Initiated GC) [PSYoungGen: 144214K->31956K(154112K)] 261029K->157469K(678400K), 0.0166239 secs] [Times: user=0.19 sys=0.04, real=0.02 secs] 
2016-09-24T02:29:04.083-0400: 17.550: [GC (GCLocker Initiated GC) [PSYoungGen: 153812K->60715K(183296K)] 279425K->203194K(707584K), 0.0090812 secs] [Times: user=0.11 sys=0.02, real=0.00 secs] 
2016-09-24T02:29:04.195-0400: 17.662: [GC (Allocation Failure) [PSYoungGen: 175403K->29687K(188416K)] 324735K->201398K(712704K), 0.0233081 secs] [Times: user=0.27 sys=0.02, real=0.02 secs] 
2016-09-24T02:29:04.305-0400: 17.772: [GC (GCLocker Initiated GC) [PSYoungGen: 142859K->38898K(181248K)] 317270K->232909K(705536K), 0.0065352 secs] [Times: user=0.08 sys=0.01, real=0.00 secs] 
2016-09-24T02:29:04.419-0400: 17.886: [GC (GCLocker Initiated GC) [PSYoungGen: 154610K->48329K(185344K)] 350560K->244928K(709632K), 0.0095035 secs] [Times: user=0.12 sys=0.01, real=0.01 secs] 
2016-09-24T02:29:04.517-0400: 17.984: [GC (GCLocker Initiated GC) [PSYoungGen: 164041K->45764K(190464K)] 360672K->256575K(714752K), 0.0068347 secs] [Times: user=0.08 sys=0.01, real=0.01 secs] 
2016-09-24T02:29:04.605-0400: 18.072: [GC (GCLocker Initiated GC) [PSYoungGen: 168644K->58014K(181248K)] 385097K->275111K(705536K), 0.0063832 secs] [Times: user=0.08 sys=0.01, real=0.00 secs] 
2016-09-24T02:29:04.700-0400: 18.167: [GC (GCLocker Initiated GC) [PSYoungGen: 180894K->52597K(189440K)] 398049K->270570K(713728K), 0.0060120 secs] [Times: user=0.08 sys=0.00, real=0.01 secs] 
2016-09-24T02:29:04.804-0400: 18.271: [GC (GCLocker Initiated GC) [PSYoungGen: 170357K->40457K(158720K)] 389772K->260697K(683008K), 0.0044066 secs] [Times: user=0.06 sys=0.00, real=0.00 secs] 
2016-09-24T02:29:04.907-0400: 18.373: [GC (GCLocker Initiated GC) [PSYoungGen: 158217K->29687K(188416K)] 392201K->264490K(712704K), 0.0075943 secs] [Times: user=0.10 sys=0.01, real=0.01 secs] 
2016-09-24T02:29:05.013-0400: 18.480: [GC (GCLocker Initiated GC) [PSYoungGen: 147959K->45961K(188416K)] 391040K->289850K(712704K), 0.0054150 secs] [Times: user=0.05 sys=0.01, real=0.01 secs] 
2016-09-24T02:29:05.114-0400: 18.581: [GC (GCLocker Initiated GC) [PSYoungGen: 164233K->55379K(188416K)] 416281K->308254K(712704K), 0.0061857 secs] [Times: user=0.08 sys=0.00, real=0.00 secs] 
2016-09-24T02:29:05.221-0400: 18.688: [GC (GCLocker Initiated GC) [PSYoungGen: 175187K->22965K(190464K)] 437291K->307520K(714752K), 0.0049840 secs] [Times: user=0.06 sys=0.00, real=0.01 secs] 
2016-09-24T02:29:05.320-0400: 18.787: [GC (GCLocker Initiated GC) [PSYoungGen: 142773K->36085K(188416K)] 435510K->329571K(712704K), 0.0052091 secs] [Times: user=0.04 sys=0.01, real=0.01 secs] 
2016-09-24T02:29:05.421-0400: 18.887: [GC (GCLocker Initiated GC) [PSYoungGen: 155893K->30779K(189440K)] 457563K->333074K(713728K), 0.0186174 secs] [Times: user=0.18 sys=0.03, real=0.02 secs] 
2016-09-24T02:29:05.529-0400: 18.996: [GC (GCLocker Initiated GC) [PSYoungGen: 150587K->55034K(188416K)] 452891K->358026K(712704K), 0.0058379 secs] [Times: user=0.07 sys=0.01, real=0.01 secs] 
2016-09-24T02:29:05.618-0400: 19.085: [GC (GCLocker Initiated GC) [PSYoungGen: 174842K->50901K(171008K)] 483267K->370672K(695296K), 0.0062668 secs] [Times: user=0.07 sys=0.00, real=0.01 secs] 
2016-09-24T02:29:05.708-0400: 19.175: [GC (GCLocker Initiated GC) [PSYoungGen: 170709K->42710K(193024K)] 493268K->373864K(717312K), 0.0155393 secs] [Times: user=0.18 sys=0.02, real=0.02 secs] 
2016-09-24T02:29:05.820-0400: 19.287: [GC (GCLocker Initiated GC) [PSYoungGen: 164054K->61752K(183296K)] 497940K->396178K(707584K), 0.0062238 secs] [Times: user=0.07 sys=0.01, real=0.01 secs] 
2016-09-24T02:29:05.933-0400: 19.400: [GC (GCLocker Initiated GC) [PSYoungGen: 183096K->46890K(190976K)] 520411K->403618K(715264K), 0.0089467 secs] [Times: user=0.08 sys=0.00, real=0.01 secs] 
2016-09-24T02:29:06.032-0400: 19.498: [GC (GCLocker Initiated GC) [PSYoungGen: 164650K->50904K(188928K)] 529591K->416363K(713216K), 0.0058804 secs] [Times: user=0.07 sys=0.00, real=0.01 secs] 
2016-09-24T02:29:06.126-0400: 19.593: [GC (GCLocker Initiated GC) [PSYoungGen: 168664K->41388K(188928K)] 540905K->435767K(713216K), 0.0063986 secs] [Times: user=0.06 sys=0.01, real=0.00 secs] 
2016-09-24T02:29:06.222-0400: 19.689: [GC (GCLocker Initiated GC) [PSYoungGen: 161196K->37379K(188928K)] 555681K->451284K(713216K), 0.0073221 secs] [Times: user=0.05 sys=0.02, real=0.01 secs] 
2016-09-24T02:29:06.305-0400: 19.772: [GC (GCLocker Initiated GC) [PSYoungGen: 157187K->42897K(189952K)] 576531K->462721K(714240K), 0.0052337 secs] [Times: user=0.06 sys=0.02, real=0.00 secs] 
2016-09-24T02:29:06.402-0400: 19.868: [GC (GCLocker Initiated GC) [PSYoungGen: 167825K->65874K(190976K)] 587903K->489187K(715264K), 0.0090161 secs] [Times: user=0.12 sys=0.02, real=0.01 secs] 
2016-09-24T02:29:06.497-0400: 19.964: [GC (GCLocker Initiated GC) [PSYoungGen: 190802K->67161K(179712K)] 614192K->491065K(704000K), 0.0108861 secs] [Times: user=0.15 sys=0.00, real=0.01 secs] 
2016-09-24T02:29:06.682-0400: 20.149: [GC (GCLocker Initiated GC) [PSYoungGen: 175705K->36045K(185344K)] 608861K->491332K(709632K), 0.0101397 secs] [Times: user=0.14 sys=0.01, real=0.00 secs] 
2016-09-24T02:29:06.807-0400: 20.274: [GC (GCLocker Initiated GC) [PSYoungGen: 144589K->54940K(184832K)] 600016K->524429K(709120K), 0.0065554 secs] [Times: user=0.06 sys=0.02, real=0.00 secs] 
2016-09-24T02:29:06.907-0400: 20.373: [GC (GCLocker Initiated GC) [PSYoungGen: 163996K->42777K(152064K)] 636328K->531769K(676352K), 0.0065624 secs] [Times: user=0.08 sys=0.00, real=0.00 secs] 
2016-09-24T02:29:06.989-0400: 20.456: [GC (GCLocker Initiated GC) [PSYoungGen: 151833K->59038K(182784K)] 643602K->551302K(707072K), 0.0059076 secs] [Times: user=0.08 sys=0.00, real=0.01 secs] 
2016-09-24T02:29:07.077-0400: 20.544: [Full GC (Ergonomics) [PSYoungGen: 167582K->0K(182784K)] [ParOldGen: 495064K->90225K(524288K)] 662646K->90225K(707072K), [Metaspace: 43231K->43231K(1085440K)], 0.0490456 secs] [Times: user=0.31 sys=0.08, real=0.05 secs] 
2016-09-24T02:29:07.198-0400: 20.665: [GC (GCLocker Initiated GC) [PSYoungGen: 108544K->57919K(184320K)] 198889K->148265K(708608K), 0.0059866 secs] [Times: user=0.09 sys=0.00, real=0.01 secs] 
2016-09-24T02:29:07.295-0400: 20.762: [GC (GCLocker Initiated GC) [PSYoungGen: 166463K->48273K(182272K)] 258215K->140692K(706560K), 0.0051224 secs] [Times: user=0.05 sys=0.00, real=0.00 secs] 
2016-09-24T02:29:07.385-0400: 20.852: [GC (GCLocker Initiated GC) [PSYoungGen: 157841K->37368K(183808K)] 259763K->139818K(708096K), 0.0071456 secs] [Times: user=0.06 sys=0.01, real=0.00 secs] 
2016-09-24T02:29:07.470-0400: 20.937: [GC (GCLocker Initiated GC) [PSYoungGen: 146936K->19828K(183296K)] 260013K->133359K(707584K), 0.0046763 secs] [Times: user=0.03 sys=0.00, real=0.01 secs] 
2016-09-24T02:29:07.557-0400: 21.024: [GC (GCLocker Initiated GC) [PSYoungGen: 129396K->52326K(185856K)] 247100K->170558K(710144K), 0.0135640 secs] [Times: user=0.18 sys=0.02, real=0.01 secs] 
2016-09-24T02:29:07.651-0400: 21.118: [GC (GCLocker Initiated GC) [PSYoungGen: 161894K->44237K(180224K)] 282889K->184597K(704512K), 0.0057287 secs] [Times: user=0.08 sys=0.00, real=0.01 secs] 
2016-09-24T02:29:07.751-0400: 21.218: [GC (GCLocker Initiated GC) [PSYoungGen: 154317K->44253K(183296K)] 301501K->216222K(707584K), 0.0111517 secs] [Times: user=0.16 sys=0.02, real=0.01 secs] 
2016-09-24T02:29:07.856-0400: 21.323: [GC (GCLocker Initiated GC) [PSYoungGen: 154333K->49526K(186368K)] 334522K->249173K(710656K), 0.0084436 secs] [Times: user=0.10 sys=0.01, real=0.01 secs] 
2016-09-24T02:29:07.966-0400: 21.432: [GC (GCLocker Initiated GC) [PSYoungGen: 167798K->53647K(187904K)] 368828K->263278K(712192K), 0.0168688 secs] [Times: user=0.20 sys=0.03, real=0.02 secs] 
2016-09-24T02:29:08.092-0400: 21.559: [GC (GCLocker Initiated GC) [PSYoungGen: 171919K->34807K(192000K)] 396604K->287001K(716288K), 0.0093649 secs] [Times: user=0.06 sys=0.01, real=0.01 secs] 
2016-09-24T02:29:08.225-0400: 21.692: [GC (GCLocker Initiated GC) [PSYoungGen: 157175K->53612K(192000K)] 414907K->311849K(716288K), 0.0106446 secs] [Times: user=0.12 sys=0.00, real=0.01 secs] 
2016-09-24T02:29:08.323-0400: 21.790: [GC (GCLocker Initiated GC) [PSYoungGen: 175980K->50026K(190976K)] 442332K->316875K(715264K), 0.0127688 secs] [Times: user=0.18 sys=0.00, real=0.01 secs] 
2016-09-24T02:29:08.439-0400: 21.906: [GC (Allocation Failure) [PSYoungGen: 172394K->32375K(191488K)] 441953K->302713K(715776K), 0.0051002 secs] [Times: user=0.05 sys=0.00, real=0.01 secs] 
2016-09-24T02:29:08.544-0400: 22.011: [GC (GCLocker Initiated GC) [PSYoungGen: 152855K->45952K(189440K)] 428594K->330755K(713728K), 0.0072288 secs] [Times: user=0.11 sys=0.00, real=0.00 secs] 
2016-09-24T02:29:08.638-0400: 22.105: [GC (GCLocker Initiated GC) [PSYoungGen: 169344K->43061K(190976K)] 456978K->331556K(715264K), 0.0196985 secs] [Times: user=0.32 sys=0.01, real=0.02 secs] 
2016-09-24T02:29:08.742-0400: 22.209: [GC (GCLocker Initiated GC) [PSYoungGen: 166453K->60807K(189440K)] 454951K->350228K(713728K), 0.0065644 secs] [Times: user=0.08 sys=0.01, real=0.01 secs] 
2016-09-24T02:29:08.856-0400: 22.323: [GC (GCLocker Initiated GC) [PSYoungGen: 184711K->40681K(193024K)] 479730K->336619K(717312K), 0.0230633 secs] [Times: user=0.29 sys=0.03, real=0.02 secs] 
2016-09-24T02:29:14.318-0400: 27.785: [GC (GCLocker Initiated GC) [PSYoungGen: 164585K->46059K(187904K)] 470076K->352649K(712192K), 0.0138253 secs] [Times: user=0.14 sys=0.00, real=0.01 secs] 
2016-09-24T02:29:14.438-0400: 27.904: [GC (GCLocker Initiated GC) [PSYoungGen: 170987K->46108K(190976K)] 484429K->360659K(715264K), 0.0218779 secs] [Times: user=0.31 sys=0.00, real=0.02 secs] 
2016-09-24T02:29:14.556-0400: 28.023: [GC (GCLocker Initiated GC) [PSYoungGen: 171036K->52703K(196096K)] 493814K->376560K(720384K), 0.0119695 secs] [Times: user=0.15 sys=0.00, real=0.01 secs] 
2016-09-24T02:29:14.670-0400: 28.137: [GC (GCLocker Initiated GC) [PSYoungGen: 184799K->40517K(196608K)] 508666K->381507K(720896K), 0.0251966 secs] [Times: user=0.34 sys=0.01, real=0.03 secs] 
2016-09-24T02:29:14.801-0400: 28.268: [GC (GCLocker Initiated GC) [PSYoungGen: 172613K->43419K(194560K)] 524543K->396340K(718848K), 0.0054139 secs] [Times: user=0.06 sys=0.00, real=0.01 secs] 
2016-09-24T02:29:14.924-0400: 28.391: [GC (GCLocker Initiated GC) [PSYoungGen: 177051K->47412K(196096K)] 530113K->401490K(720384K), 0.0104038 secs] [Times: user=0.13 sys=0.00, real=0.01 secs] 
2016-09-24T02:29:15.042-0400: 28.508: [GC (GCLocker Initiated GC) [PSYoungGen: 181044K->29781K(197632K)] 537857K->398411K(721920K), 0.0061652 secs] [Times: user=0.06 sys=0.00, real=0.01 secs] 
2016-09-24T02:29:15.162-0400: 28.629: [GC (GCLocker Initiated GC) [PSYoungGen: 165973K->51530K(187904K)] 540061K->426721K(712192K), 0.0071616 secs] [Times: user=0.09 sys=0.00, real=0.00 secs] 
2016-09-24T02:29:15.273-0400: 28.740: [GC (GCLocker Initiated GC) [PSYoungGen: 187722K->52692K(196608K)] 571038K->437084K(720896K), 0.0065232 secs] [Times: user=0.08 sys=0.01, real=0.01 secs] 
2016-09-24T02:29:15.382-0400: 28.849: [GC (GCLocker Initiated GC) [PSYoungGen: 185812K->54137K(187392K)] 570237K->453054K(711680K), 0.0088698 secs] [Times: user=0.07 sys=0.01, real=0.00 secs] 
2016-09-24T02:29:15.493-0400: 28.960: [GC (GCLocker Initiated GC) [PSYoungGen: 187257K->35092K(196096K)] 594382K->462060K(720384K), 0.0056854 secs] [Times: user=0.05 sys=0.00, real=0.01 secs] 
2016-09-24T02:29:15.618-0400: 29.085: [GC (Allocation Failure) [PSYoungGen: 165140K->28406K(158720K)] 600390K->464598K(683008K), 0.0082682 secs] [Times: user=0.08 sys=0.01, real=0.01 secs] 
2016-09-24T02:29:15.732-0400: 29.199: [GC (GCLocker Initiated GC) [PSYoungGen: 158454K->44492K(197120K)] 594650K->481718K(721408K), 0.0055374 secs] [Times: user=0.05 sys=0.00, real=0.01 secs] 
2016-09-24T02:29:15.821-0400: 29.288: [GC (GCLocker Initiated GC) [PSYoungGen: 174540K->50026K(195072K)] 619881K->496299K(719360K), 0.0067777 secs] [Times: user=0.09 sys=0.00, real=0.01 secs] 
2016-09-24T02:29:15.909-0400: 29.376: [GC (GCLocker Initiated GC) [PSYoungGen: 180074K->51344K(194560K)] 626451K->498618K(718848K), 0.0064057 secs] [Times: user=0.04 sys=0.01, real=0.01 secs] 
2016-09-24T02:29:16.004-0400: 29.471: [GC (GCLocker Initiated GC) [PSYoungGen: 180880K->55458K(195072K)] 628163K->503610K(719360K), 0.0073339 secs] [Times: user=0.10 sys=0.00, real=0.00 secs] 
2016-09-24T02:29:16.110-0400: 29.577: [GC (GCLocker Initiated GC) [PSYoungGen: 184994K->24087K(190976K)] 637269K->477208K(715264K), 0.0074984 secs] [Times: user=0.07 sys=0.00, real=0.01 secs] 
2016-09-24T02:29:16.208-0400: 29.674: [GC (GCLocker Initiated GC) [PSYoungGen: 147991K->47268K(193024K)] 601141K->517587K(717312K), 0.0060737 secs] [Times: user=0.08 sys=0.00, real=0.00 secs] 
2016-09-24T02:29:16.303-0400: 29.770: [GC (GCLocker Initiated GC) [PSYoungGen: 171172K->33521K(191488K)] 641569K->520910K(715776K), 0.0162471 secs] [Times: user=0.16 sys=0.00, real=0.01 secs] 
2016-09-24T02:29:16.408-0400: 29.875: [Full GC (Ergonomics) [PSYoungGen: 158961K->0K(191488K)] [ParOldGen: 499660K->120378K(524288K)] 658621K->120378K(715776K), [Metaspace: 43467K->43467K(1085440K)], 0.0705094 secs] [Times: user=0.42 sys=0.01, real=0.07 secs] 
2016-09-24T02:29:16.574-0400: 30.041: [GC (GCLocker Initiated GC) [PSYoungGen: 125440K->51484K(192512K)] 256682K->182726K(716800K), 0.0061057 secs] [Times: user=0.05 sys=0.01, real=0.01 secs] 
2016-09-24T02:29:16.667-0400: 30.134: [GC (GCLocker Initiated GC) [PSYoungGen: 176924K->39202K(193024K)] 314928K->191752K(717312K), 0.0069166 secs] [Times: user=0.06 sys=0.00, real=0.00 secs] 
2016-09-24T02:29:16.768-0400: 30.235: [GC (GCLocker Initiated GC) [PSYoungGen: 166178K->44476K(193536K)] 326850K->205966K(717824K), 0.0183418 secs] [Times: user=0.20 sys=0.01, real=0.02 secs] 
2016-09-24T02:29:16.888-0400: 30.355: [GC (GCLocker Initiated GC) [PSYoungGen: 171452K->42013K(193024K)] 343939K->228900K(717312K), 0.0224518 secs] [Times: user=0.33 sys=0.00, real=0.02 secs] 
2016-09-24T02:29:17.016-0400: 30.483: [GC (GCLocker Initiated GC) [PSYoungGen: 173085K->42046K(193536K)] 369756K->250566K(717824K), 0.0060823 secs] [Times: user=0.06 sys=0.00, real=0.00 secs] 
2016-09-24T02:29:17.108-0400: 30.575: [GC (GCLocker Initiated GC) [PSYoungGen: 173118K->54026K(196096K)] 387110K->269004K(720384K), 0.0098611 secs] [Times: user=0.14 sys=0.00, real=0.01 secs] 
2016-09-24T02:29:17.233-0400: 30.700: [GC (GCLocker Initiated GC) [PSYoungGen: 189194K->56822K(192000K)] 404336K->272900K(716288K), 0.0098579 secs] [Times: user=0.14 sys=0.00, real=0.02 secs] 
2016-09-24T02:29:17.342-0400: 30.809: [GC (GCLocker Initiated GC) [PSYoungGen: 191990K->58076K(190976K)] 410809K->277832K(715264K), 0.0170438 secs] [Times: user=0.24 sys=0.00, real=0.02 secs] 
2016-09-24T02:29:17.455-0400: 30.922: [GC (GCLocker Initiated GC) [PSYoungGen: 183004K->44417K(193536K)] 405537K->273246K(717824K), 0.0203527 secs] [Times: user=0.29 sys=0.01, real=0.02 secs] 
2016-09-24T02:29:17.600-0400: 31.066: [GC (GCLocker Initiated GC) [PSYoungGen: 169345K->25602K(192000K)] 398188K->266078K(716288K), 0.0049929 secs] [Times: user=0.05 sys=0.00, real=0.01 secs] 
2016-09-24T02:29:17.699-0400: 31.166: [GC (GCLocker Initiated GC) [PSYoungGen: 150530K->45558K(170496K)] 393918K->289943K(694784K), 0.0071214 secs] [Times: user=0.09 sys=0.01, real=0.01 secs] 
2016-09-24T02:29:17.790-0400: 31.257: [GC (GCLocker Initiated GC) [PSYoungGen: 170486K->32033K(193024K)] 414888K->287804K(717312K), 0.0050747 secs] [Times: user=0.07 sys=0.00, real=0.01 secs] 
2016-09-24T02:29:17.878-0400: 31.345: [GC (GCLocker Initiated GC) [PSYoungGen: 158497K->36225K(193024K)] 422377K->314348K(717312K), 0.0049096 secs] [Times: user=0.06 sys=0.01, real=0.01 secs] 
2016-09-24T02:29:17.966-0400: 31.433: [GC (GCLocker Initiated GC) [PSYoungGen: 162689K->47103K(195072K)] 446294K->342106K(719360K), 0.0068284 secs] [Times: user=0.07 sys=0.01, real=0.00 secs] 
2016-09-24T02:29:18.064-0400: 31.531: [GC (GCLocker Initiated GC) [PSYoungGen: 176639K->60559K(190464K)] 471850K->367301K(714752K), 0.0088162 secs] [Times: user=0.11 sys=0.01, real=0.00 secs] 
2016-09-24T02:29:18.169-0400: 31.635: [GC (GCLocker Initiated GC) [PSYoungGen: 190095K->51044K(193024K)] 496924K->358528K(717312K), 0.0202538 secs] [Times: user=0.23 sys=0.00, real=0.02 secs] 
2016-09-24T02:29:18.284-0400: 31.751: [GC (GCLocker Initiated GC) [PSYoungGen: 174948K->47122K(171520K)] 486875K->359791K(695808K), 0.0099661 secs] [Times: user=0.14 sys=0.00, real=0.00 secs] 
2016-09-24T02:29:18.383-0400: 31.850: [GC (GCLocker Initiated GC) [PSYoungGen: 171026K->39195K(192000K)] 492029K->363696K(716288K), 0.0226195 secs] [Times: user=0.35 sys=0.01, real=0.02 secs] 
2016-09-24T02:29:18.495-0400: 31.962: [GC (GCLocker Initiated GC) [PSYoungGen: 164123K->48524K(190976K)] 492684K->377920K(715264K), 0.0064735 secs] [Times: user=0.09 sys=0.00, real=0.00 secs] 
2016-09-24T02:29:18.589-0400: 32.056: [GC (GCLocker Initiated GC) [PSYoungGen: 173452K->53872K(193536K)] 502903K->384117K(717824K), 0.0102598 secs] [Times: user=0.10 sys=0.00, real=0.01 secs] 
2016-09-24T02:29:18.692-0400: 32.159: [GC (GCLocker Initiated GC) [PSYoungGen: 181872K->59413K(187904K)] 520451K->412250K(712192K), 0.0069432 secs] [Times: user=0.11 sys=0.00, real=0.01 secs] 
2016-09-24T02:29:18.790-0400: 32.256: [GC (GCLocker Initiated GC) [PSYoungGen: 187413K->58038K(189440K)] 540336K->411795K(713728K), 0.0066176 secs] [Times: user=0.07 sys=0.01, real=0.01 secs] 
2016-09-24T02:29:18.896-0400: 32.362: [GC (GCLocker Initiated GC) [PSYoungGen: 177846K->43200K(190976K)] 534418K->419529K(715264K), 0.0068109 secs] [Times: user=0.06 sys=0.00, real=0.01 secs] 
2016-09-24T02:29:19.010-0400: 32.477: [GC (GCLocker Initiated GC) [PSYoungGen: 163008K->31157K(189952K)] 555760K->435643K(714240K), 0.0132541 secs] [Times: user=0.18 sys=0.00, real=0.02 secs] 
2016-09-24T02:29:19.119-0400: 32.586: [GC (GCLocker Initiated GC) [PSYoungGen: 151477K->51395K(190976K)] 561479K->462382K(715264K), 0.0053591 secs] [Times: user=0.08 sys=0.00, real=0.01 secs] 
2016-09-24T02:29:19.215-0400: 32.682: [GC (GCLocker Initiated GC) [PSYoungGen: 171715K->43280K(187904K)] 596413K->468866K(712192K), 0.0048418 secs] [Times: user=0.06 sys=0.00, real=0.00 secs] 
2016-09-24T02:29:19.309-0400: 32.776: [GC (GCLocker Initiated GC) [PSYoungGen: 164624K->41886K(189952K)] 598397K->476561K(714240K), 0.0053286 secs] [Times: user=0.05 sys=0.00, real=0.01 secs] 
2016-09-24T02:29:19.401-0400: 32.867: [GC (GCLocker Initiated GC) [PSYoungGen: 163230K->66173K(184832K)] 597941K->512647K(709120K), 0.0065764 secs] [Times: user=0.08 sys=0.01, real=0.01 secs] 
2016-09-24T02:29:19.496-0400: 32.963: [GC (GCLocker Initiated GC) [PSYoungGen: 183933K->40600K(189952K)] 637527K->522055K(714240K), 0.0066871 secs] [Times: user=0.09 sys=0.01, real=0.01 secs] 
2016-09-24T02:29:19.590-0400: 33.057: [GC (GCLocker Initiated GC) [PSYoungGen: 158360K->37637K(187904K)] 642626K->522833K(712192K), 0.0127368 secs] [Times: user=0.16 sys=0.01, real=0.02 secs] 
2016-09-24T02:29:19.694-0400: 33.161: [Full GC (Ergonomics) [PSYoungGen: 156421K->0K(187904K)] [ParOldGen: 502972K->152599K(524288K)] 659394K->152599K(712192K), [Metaspace: 43595K->43595K(1085440K)], 0.0530961 secs] [Times: user=0.38 sys=0.00, real=0.06 secs] 
2016-09-24T02:29:19.837-0400: 33.304: [GC (GCLocker Initiated GC) [PSYoungGen: 118784K->44641K(189440K)] 281057K->206914K(713728K), 0.0050631 secs] [Times: user=0.04 sys=0.00, real=0.01 secs] 
2016-09-24T02:29:19.922-0400: 33.389: [GC (GCLocker Initiated GC) [PSYoungGen: 163425K->54002K(190464K)] 331134K->222600K(714752K), 0.0052707 secs] [Times: user=0.05 sys=0.01, real=0.01 secs] 
2016-09-24T02:29:20.020-0400: 33.487: [GC (GCLocker Initiated GC) [PSYoungGen: 175858K->32439K(190976K)] 344552K->223581K(715264K), 0.0117850 secs] [Times: user=0.13 sys=0.00, real=0.01 secs] 
2016-09-24T02:29:20.118-0400: 33.585: [GC (GCLocker Initiated GC) [PSYoungGen: 154295K->62161K(185344K)] 348222K->267733K(709632K), 0.0074375 secs] [Times: user=0.06 sys=0.01, real=0.01 secs] 
2016-09-24T02:29:20.221-0400: 33.688: [GC (GCLocker Initiated GC) [PSYoungGen: 177873K->37990K(188928K)] 392899K->275483K(713216K), 0.0054290 secs] [Times: user=0.07 sys=0.00, real=0.01 secs] 
2016-09-24T02:29:20.311-0400: 33.778: [GC (GCLocker Initiated GC) [PSYoungGen: 153702K->43094K(183808K)] 396691K->287044K(708096K), 0.0061349 secs] [Times: user=0.06 sys=0.00, real=0.01 secs] 
2016-09-24T02:29:20.394-0400: 33.861: [GC (GCLocker Initiated GC) [PSYoungGen: 159830K->34916K(186880K)] 403792K->301234K(711168K), 0.0076267 secs] [Times: user=0.08 sys=0.00, real=0.01 secs] 
2016-09-24T02:29:20.481-0400: 33.948: [GC (GCLocker Initiated GC) [PSYoungGen: 151652K->43111K(187392K)] 420699K->312892K(711680K), 0.0072770 secs] [Times: user=0.07 sys=0.00, real=0.01 secs] 
2016-09-24T02:29:20.585-0400: 34.052: [GC (GCLocker Initiated GC) [PSYoungGen: 165479K->29623K(189952K)] 440742K->305667K(714240K), 0.0049272 secs] [Times: user=0.04 sys=0.00, real=0.00 secs] 
2016-09-24T02:29:20.673-0400: 34.140: [GC (GCLocker Initiated GC) [PSYoungGen: 151991K->48650K(194560K)] 433454K->352722K(718848K), 0.0064953 secs] [Times: user=0.07 sys=0.00, real=0.01 secs] 
2016-09-24T02:29:20.768-0400: 34.235: [GC (GCLocker Initiated GC) [PSYoungGen: 175626K->62229K(189440K)] 479839K->367322K(713728K), 0.0080405 secs] [Times: user=0.11 sys=0.00, real=0.01 secs] 
2016-09-24T02:29:20.870-0400: 34.337: [GC (GCLocker Initiated GC) [PSYoungGen: 189205K->35001K(190976K)] 497015K->357190K(715264K), 0.0061268 secs] [Times: user=0.05 sys=0.00, real=0.01 secs] 
2016-09-24T02:29:20.962-0400: 34.429: [GC (GCLocker Initiated GC) [PSYoungGen: 154297K->24193K(190464K)] 477911K->364866K(714752K), 0.0056873 secs] [Times: user=0.05 sys=0.00, real=0.01 secs] 
2016-09-24T02:29:21.051-0400: 34.518: [GC (GCLocker Initiated GC) [PSYoungGen: 143489K->31180K(189440K)] 484169K->397107K(713728K), 0.0226782 secs] [Times: user=0.26 sys=0.00, real=0.02 secs] 
2016-09-24T02:29:21.159-0400: 34.626: [GC (GCLocker Initiated GC) [PSYoungGen: 150476K->50037K(189952K)] 523209K->423665K(714240K), 0.0052532 secs] [Times: user=0.06 sys=0.00, real=0.01 secs] 
2016-09-24T02:29:21.248-0400: 34.715: [GC (GCLocker Initiated GC) [PSYoungGen: 169333K->37865K(187904K)] 545725K->447582K(712192K), 0.0074980 secs] [Times: user=0.11 sys=0.00, real=0.01 secs] 
2016-09-24T02:29:21.346-0400: 34.813: [GC (GCLocker Initiated GC) [PSYoungGen: 158185K->39216K(189440K)] 570729K->455355K(713728K), 0.0065289 secs] [Times: user=0.06 sys=0.00, real=0.00 secs] 
2016-09-24T02:29:21.460-0400: 34.927: [GC (GCLocker Initiated GC) [PSYoungGen: 159536K->34369K(192000K)] 581082K->457122K(716288K), 0.0059821 secs] [Times: user=0.05 sys=0.01, real=0.01 secs] 
2016-09-24T02:29:21.565-0400: 35.032: [GC (GCLocker Initiated GC) [PSYoungGen: 160833K->47491K(192000K)] 583608K->471615K(716288K), 0.0298271 secs] [Times: user=0.39 sys=0.00, real=0.03 secs] 
2016-09-24T02:29:21.703-0400: 35.170: [GC (GCLocker Initiated GC) [PSYoungGen: 173955K->50381K(194560K)] 598121K->475690K(718848K), 0.0280651 secs] [Times: user=0.44 sys=0.01, real=0.02 secs] 
2016-09-24T02:29:21.851-0400: 35.317: [GC (GCLocker Initiated GC) [PSYoungGen: 179405K->54407K(183808K)] 612878K->489196K(708096K), 0.0063364 secs] [Times: user=0.10 sys=0.00, real=0.01 secs] 
2016-09-24T02:29:21.978-0400: 35.445: [GC (GCLocker Initiated GC) [PSYoungGen: 183431K->51739K(192512K)] 618329K->487890K(716800K), 0.0211797 secs] [Times: user=0.32 sys=0.00, real=0.02 secs] 
2016-09-24T02:29:22.117-0400: 35.584: [GC (GCLocker Initiated GC) [PSYoungGen: 175643K->33873K(193024K)] 614496K->474019K(717312K), 0.0059391 secs] [Times: user=0.05 sys=0.01, real=0.01 secs] 
2016-09-24T02:29:22.227-0400: 35.694: [GC (GCLocker Initiated GC) [PSYoungGen: 157777K->33841K(190976K)] 597944K->475257K(715264K), 0.0299241 secs] [Times: user=0.40 sys=0.01, real=0.03 secs] 
2016-09-24T02:29:22.358-0400: 35.824: [GC (GCLocker Initiated GC) [PSYoungGen: 158257K->35450K(192000K)] 602526K->497120K(716288K), 0.0103834 secs] [Times: user=0.15 sys=0.00, real=0.01 secs] 
2016-09-24T02:29:22.475-0400: 35.942: [GC (GCLocker Initiated GC) [PSYoungGen: 159866K->40817K(190976K)] 624265K->509184K(715264K), 0.0091152 secs] [Times: user=0.10 sys=0.01, real=0.01 secs] 
2016-09-24T02:29:22.588-0400: 36.055: [GC (GCLocker Initiated GC) [PSYoungGen: 169329K->21953K(192512K)] 650064K->520139K(716800K), 0.0133830 secs] [Times: user=0.17 sys=0.00, real=0.01 secs] 
2016-09-24T02:29:22.601-0400: 36.068: [Full GC (Ergonomics) [PSYoungGen: 21953K->0K(192512K)] [ParOldGen: 498185K->172969K(524288K)] 520139K->172969K(716800K), [Metaspace: 43619K->43619K(1087488K)], 0.0638181 secs] [Times: user=0.51 sys=0.03, real=0.07 secs] 
2016-09-24T02:29:22.773-0400: 36.240: [GC (GCLocker Initiated GC) [PSYoungGen: 128512K->60112K(186880K)] 304190K->235790K(711168K), 0.0070062 secs] [Times: user=0.08 sys=0.00, real=0.01 secs] 
2016-09-24T02:29:22.873-0400: 36.340: [GC (GCLocker Initiated GC) [PSYoungGen: 181968K->58640K(180736K)] 363268K->241562K(705024K), 0.0110502 secs] [Times: user=0.17 sys=0.00, real=0.02 secs] 
2016-09-24T02:29:23.009-0400: 36.476: [GC (GCLocker Initiated GC) [PSYoungGen: 180496K->4734K(181248K)] 385024K->210566K(705536K), 0.0032693 secs] [Times: user=0.03 sys=0.00, real=0.00 secs] 
2016-09-24T02:29:23.110-0400: 36.576: [GC (GCLocker Initiated GC) [PSYoungGen: 112254K->25383K(184832K)] 320838K->235406K(709120K), 0.0139210 secs] [Times: user=0.11 sys=0.00, real=0.02 secs] 
2016-09-24T02:29:23.194-0400: 36.661: [GC (GCLocker Initiated GC) [PSYoungGen: 132903K->55391K(181248K)] 342977K->290672K(705536K), 0.0064881 secs] [Times: user=0.09 sys=0.00, real=0.01 secs] 
2016-09-24T02:29:23.283-0400: 36.750: [GC (GCLocker Initiated GC) [PSYoungGen: 160863K->36696K(142336K)] 411224K->312300K(666624K), 0.0053990 secs] [Times: user=0.07 sys=0.00, real=0.00 secs] 
2016-09-24T02:29:23.376-0400: 36.843: [GC (GCLocker Initiated GC) [PSYoungGen: 142168K->38011K(186880K)] 421895K->318854K(711168K), 0.0090539 secs] [Times: user=0.10 sys=0.00, real=0.01 secs] 
2016-09-24T02:29:23.473-0400: 36.939: [GC (GCLocker Initiated GC) [PSYoungGen: 149627K->45910K(183296K)] 433303K->330597K(707584K), 0.0050006 secs] [Times: user=0.07 sys=0.00, real=0.01 secs] 
2016-09-24T02:29:23.559-0400: 37.026: [GC (GCLocker Initiated GC) [PSYoungGen: 157526K->48645K(186368K)] 442227K->345034K(710656K), 0.0051781 secs] [Times: user=0.06 sys=0.00, real=0.01 secs] 
2016-09-24T02:29:23.671-0400: 37.138: [GC (GCLocker Initiated GC) [PSYoungGen: 163845K->55717K(186368K)] 463104K->355915K(710656K), 0.0069834 secs] [Times: user=0.07 sys=0.00, real=0.01 secs] 
2016-09-24T02:29:23.779-0400: 37.246: [GC (GCLocker Initiated GC) [PSYoungGen: 170917K->21810K(187392K)] 487528K->353030K(711680K), 0.0062104 secs] [Times: user=0.05 sys=0.01, real=0.01 secs] 
2016-09-24T02:29:23.874-0400: 37.341: [GC (GCLocker Initiated GC) [PSYoungGen: 135474K->62257K(176128K)] 466784K->394703K(700416K), 0.0059611 secs] [Times: user=0.07 sys=0.00, real=0.00 secs] 
2016-09-24T02:29:23.993-0400: 37.460: [GC (GCLocker Initiated GC) [PSYoungGen: 175921K->35097K(185856K)] 508448K->376735K(710144K), 0.0063128 secs] [Times: user=0.05 sys=0.00, real=0.01 secs] 
2016-09-24T02:29:24.106-0400: 37.572: [GC (GCLocker Initiated GC) [PSYoungGen: 142105K->29748K(137216K)] 489149K->391303K(661504K), 0.0173926 secs] [Times: user=0.19 sys=0.00, real=0.02 secs] 
2016-09-24T02:29:24.214-0400: 37.681: [GC (GCLocker Initiated GC) [PSYoungGen: 136756K->39215K(185856K)] 502554K->406019K(710144K), 0.0053080 secs] [Times: user=0.05 sys=0.00, real=0.00 secs] 
2016-09-24T02:29:24.304-0400: 37.771: [GC (GCLocker Initiated GC) [PSYoungGen: 149807K->35157K(182272K)] 516614K->402996K(706560K), 0.0064157 secs] [Times: user=0.06 sys=0.00, real=0.00 secs] 
2016-09-24T02:29:24.390-0400: 37.857: [GC (GCLocker Initiated GC) [PSYoungGen: 145749K->41830K(186880K)] 513800K->410927K(711168K), 0.0239235 secs] [Times: user=0.34 sys=0.01, real=0.03 secs] 
2016-09-24T02:29:24.507-0400: 37.974: [GC (GCLocker Initiated GC) [PSYoungGen: 159078K->25745K(184832K)] 531025K->409438K(709120K), 0.0093892 secs] [Times: user=0.10 sys=0.00, real=0.01 secs] 
2016-09-24T02:29:24.611-0400: 38.078: [GC (GCLocker Initiated GC) [PSYoungGen: 142993K->42230K(193024K)] 532100K->432486K(717312K), 0.0050621 secs] [Times: user=0.08 sys=0.00, real=0.01 secs] 
2016-09-24T02:29:24.724-0400: 38.191: [GC (GCLocker Initiated GC) [PSYoungGen: 168694K->38175K(192000K)] 567081K->437772K(716288K), 0.0057110 secs] [Times: user=0.06 sys=0.01, real=0.00 secs] 
2016-09-24T02:29:24.831-0400: 38.298: [GC (GCLocker Initiated GC) [PSYoungGen: 164639K->35519K(194560K)] 571152K->443317K(718848K), 0.0044322 secs] [Times: user=0.03 sys=0.02, real=0.01 secs] 
2016-09-24T02:29:24.934-0400: 38.401: [GC (GCLocker Initiated GC) [PSYoungGen: 167103K->59801K(193024K)] 575007K->471703K(717312K), 0.0178673 secs] [Times: user=0.23 sys=0.01, real=0.02 secs] 
2016-09-24T02:29:25.052-0400: 38.519: [GC (GCLocker Initiated GC) [PSYoungGen: 191385K->38203K(197120K)] 603329K->451441K(721408K), 0.0148758 secs] [Times: user=0.17 sys=0.00, real=0.02 secs] 
2016-09-24T02:29:25.173-0400: 38.640: [GC (GCLocker Initiated GC) [PSYoungGen: 168251K->49099K(195072K)] 581503K->490744K(719360K), 0.0069623 secs] [Times: user=0.09 sys=0.00, real=0.01 secs] 
2016-09-24T02:29:25.304-0400: 38.771: [GC (GCLocker Initiated GC) [PSYoungGen: 179147K->42382K(194560K)] 623833K->496553K(718848K), 0.0057286 secs] [Times: user=0.07 sys=0.00, real=0.00 secs] 
2016-09-24T02:29:25.414-0400: 38.881: [GC (GCLocker Initiated GC) [PSYoungGen: 173966K->51769K(195072K)] 639064K->518261K(719360K), 0.0064338 secs] [Times: user=0.08 sys=0.00, real=0.00 secs] 
2016-09-24T02:29:25.544-0400: 39.011: [GC (GCLocker Initiated GC) [PSYoungGen: 183353K->32984K(197632K)] 659350K->518340K(721920K), 0.0056676 secs] [Times: user=0.07 sys=0.00, real=0.00 secs] 
2016-09-24T02:29:25.646-0400: 39.113: [GC (GCLocker Initiated GC) [PSYoungGen: 165592K->48941K(197120K)] 650951K->535818K(721408K), 0.0063041 secs] [Times: user=0.07 sys=0.00, real=0.00 secs] 
2016-09-24T02:29:25.745-0400: 39.212: [GC (GCLocker Initiated GC) [PSYoungGen: 181549K->38033K(195072K)] 668537K->526264K(719360K), 0.0058424 secs] [Times: user=0.07 sys=0.00, real=0.00 secs] 
2016-09-24T02:29:25.846-0400: 39.313: [GC (GCLocker Initiated GC) [PSYoungGen: 170641K->58200K(190976K)] 658882K->547548K(715264K), 0.0068335 secs] [Times: user=0.08 sys=0.01, real=0.00 secs] 
2016-09-24T02:29:25.955-0400: 39.422: [GC (GCLocker Initiated GC) [PSYoungGen: 190808K->36459K(196096K)] 687084K->533818K(720384K), 0.0091124 secs] [Times: user=0.10 sys=0.00, real=0.01 secs] 
2016-09-24T02:29:26.076-0400: 39.543: [Full GC (Ergonomics) [PSYoungGen: 164971K->0K(196096K)] [ParOldGen: 505553K->207446K(524288K)] 670524K->207446K(720384K), [Metaspace: 43639K->43639K(1087488K)], 0.0604414 secs] [Times: user=0.49 sys=0.01, real=0.06 secs] 
2016-09-24T02:29:26.236-0400: 39.703: [GC (GCLocker Initiated GC) [PSYoungGen: 128512K->58649K(187392K)] 336185K->266323K(711680K), 0.0061305 secs] [Times: user=0.05 sys=0.01, real=0.00 secs] 
2016-09-24T02:29:26.335-0400: 39.802: [GC (GCLocker Initiated GC) [PSYoungGen: 187161K->43616K(194560K)] 408420K->266352K(718848K), 0.0097629 secs] [Times: user=0.15 sys=0.00, real=0.01 secs] 
2016-09-24T02:29:26.443-0400: 39.910: [GC (GCLocker Initiated GC) [PSYoungGen: 168544K->40835K(165888K)] 398266K->271743K(690176K), 0.0086705 secs] [Times: user=0.10 sys=0.00, real=0.00 secs] 
2016-09-24T02:29:26.563-0400: 40.030: [GC (GCLocker Initiated GC) [PSYoungGen: 165763K->51470K(189440K)] 396688K->283437K(713728K), 0.0056981 secs] [Times: user=0.06 sys=0.00, real=0.00 secs] 
2016-09-24T02:29:26.663-0400: 40.130: [GC (GCLocker Initiated GC) [PSYoungGen: 175374K->39101K(190464K)] 407347K->282858K(714752K), 0.0097473 secs] [Times: user=0.05 sys=0.00, real=0.00 secs] 
2016-09-24T02:29:26.773-0400: 40.239: [GC (GCLocker Initiated GC) [PSYoungGen: 163005K->44711K(193024K)] 412220K->294876K(717312K), 0.0186916 secs] [Times: user=0.23 sys=0.00, real=0.02 secs] 
2016-09-24T02:29:26.905-0400: 40.372: [GC (GCLocker Initiated GC) [PSYoungGen: 175271K->33914K(194048K)] 425473K->304190K(718336K), 0.0067275 secs] [Times: user=0.06 sys=0.00, real=0.00 secs] 
2016-09-24T02:29:27.019-0400: 40.486: [GC (GCLocker Initiated GC) [PSYoungGen: 164474K->36743K(197120K)] 434780K->324411K(721408K), 0.0067646 secs] [Times: user=0.06 sys=0.00, real=0.01 secs] 
2016-09-24T02:29:27.120-0400: 40.587: [GC (GCLocker Initiated GC) [PSYoungGen: 172423K->50117K(198144K)] 460165K->349838K(722432K), 0.0073858 secs] [Times: user=0.06 sys=0.00, real=0.01 secs] 
2016-09-24T02:29:27.241-0400: 40.708: [GC (GCLocker Initiated GC) [PSYoungGen: 185797K->27205K(197120K)] 492398K->353839K(721408K), 0.0068407 secs] [Times: user=0.06 sys=0.00, real=0.01 secs] 
2016-09-24T02:29:27.358-0400: 40.825: [GC (GCLocker Initiated GC) [PSYoungGen: 161349K->47739K(198144K)] 487986K->394591K(722432K), 0.0056175 secs] [Times: user=0.07 sys=0.00, real=0.01 secs] 
2016-09-24T02:29:27.465-0400: 40.931: [GC (GCLocker Initiated GC) [PSYoungGen: 181883K->35480K(196096K)] 544938K->399703K(720384K), 0.0061927 secs] [Times: user=0.06 sys=0.00, real=0.00 secs] 
2016-09-24T02:29:27.568-0400: 41.035: [GC (GCLocker Initiated GC) [PSYoungGen: 169624K->36620K(197120K)] 535661K->403884K(721408K), 0.0131265 secs] [Times: user=0.15 sys=0.00, real=0.01 secs] 
2016-09-24T02:29:27.676-0400: 41.143: [GC (GCLocker Initiated GC) [PSYoungGen: 170764K->40759K(195072K)] 538312K->420267K(719360K), 0.0123151 secs] [Times: user=0.16 sys=0.00, real=0.01 secs] 
2016-09-24T02:29:27.797-0400: 41.264: [GC (GCLocker Initiated GC) [PSYoungGen: 177975K->34046K(197120K)] 562923K->433567K(721408K), 0.0058438 secs] [Times: user=0.06 sys=0.01, real=0.01 secs] 
2016-09-24T02:29:27.904-0400: 41.371: [GC (GCLocker Initiated GC) [PSYoungGen: 171262K->35273K(199168K)] 573501K->438686K(723456K), 0.0063953 secs] [Times: user=0.05 sys=0.01, real=0.00 secs] 
2016-09-24T02:29:28.036-0400: 41.502: [GC (GCLocker Initiated GC) [PSYoungGen: 178633K->42280K(201216K)] 584801K->460498K(725504K), 0.0136359 secs] [Times: user=0.15 sys=0.00, real=0.01 secs] 
2016-09-24T02:29:28.157-0400: 41.624: [GC (GCLocker Initiated GC) [PSYoungGen: 185640K->44964K(203776K)] 604145K->464817K(728064K), 0.0080067 secs] [Times: user=0.09 sys=0.00, real=0.01 secs] 
2016-09-24T02:29:28.268-0400: 41.735: [GC (GCLocker Initiated GC) [PSYoungGen: 191908K->44741K(204288K)] 614689K->468757K(728576K), 0.0077232 secs] [Times: user=0.06 sys=0.00, real=0.01 secs] 
2016-09-24T02:29:28.403-0400: 41.870: [GC (GCLocker Initiated GC) [PSYoungGen: 191685K->50622K(200704K)] 618494K->478683K(724992K), 0.0080835 secs] [Times: user=0.07 sys=0.01, real=0.00 secs] 
2016-09-24T02:29:28.524-0400: 41.991: [GC (GCLocker Initiated GC) [PSYoungGen: 193982K->36756K(202752K)] 624843K->469111K(727040K), 0.0064503 secs] [Times: user=0.07 sys=0.00, real=0.00 secs] 
2016-09-24T02:29:28.635-0400: 42.102: [GC (GCLocker Initiated GC) [PSYoungGen: 180116K->27700K(202752K)] 620681K->488533K(727040K), 0.0072988 secs] [Times: user=0.06 sys=0.01, real=0.01 secs] 
2016-09-24T02:29:28.749-0400: 42.216: [GC (GCLocker Initiated GC) [PSYoungGen: 172084K->46160K(190976K)] 638425K->513967K(715264K), 0.0104708 secs] [Times: user=0.08 sys=0.00, real=0.01 secs] 
2016-09-24T02:29:28.874-0400: 42.341: [GC (GCLocker Initiated GC) [PSYoungGen: 190544K->21997K(199680K)] 661105K->507332K(723968K), 0.0249994 secs] [Times: user=0.27 sys=0.02, real=0.02 secs] 
2016-09-24T02:29:29.015-0400: 42.482: [GC (GCLocker Initiated GC) [PSYoungGen: 162285K->19359K(159744K)] 649009K->529174K(684032K), 0.0146095 secs] [Times: user=0.14 sys=0.00, real=0.01 secs] 
2016-09-24T02:29:29.029-0400: 42.496: [Full GC (Ergonomics) [PSYoungGen: 19359K->0K(159744K)] [ParOldGen: 509814K->228127K(524288K)] 529174K->228127K(684032K), [Metaspace: 43644K->43644K(1087488K)], 0.0652820 secs] [Times: user=0.41 sys=0.01, real=0.07 secs] 
2016-09-24T02:29:29.207-0400: 42.674: [GC (GCLocker Initiated GC) [PSYoungGen: 140288K->31654K(201728K)] 368419K->259794K(726016K), 0.0151219 secs] [Times: user=0.17 sys=0.00, real=0.01 secs] 
2016-09-24T02:29:29.332-0400: 42.798: [GC (GCLocker Initiated GC) [PSYoungGen: 171430K->35733K(175616K)] 407685K->276435K(699904K), 0.0106980 secs] [Times: user=0.11 sys=0.00, real=0.02 secs] 
2016-09-24T02:29:29.449-0400: 42.916: [GC (GCLocker Initiated GC) [PSYoungGen: 175509K->42478K(197120K)] 418932K->287452K(721408K), 0.0252817 secs] [Times: user=0.30 sys=0.01, real=0.03 secs] 
2016-09-24T02:29:29.580-0400: 43.047: [GC (GCLocker Initiated GC) [PSYoungGen: 181742K->32933K(197632K)] 426740K->279405K(721920K), 0.0294040 secs] [Times: user=0.36 sys=0.01, real=0.03 secs] 
2016-09-24T02:29:29.721-0400: 43.188: [GC (GCLocker Initiated GC) [PSYoungGen: 172197K->42656K(202752K)] 429642K->301648K(727040K), 0.0068495 secs] [Times: user=0.05 sys=0.00, real=0.01 secs] 
2016-09-24T02:29:29.832-0400: 43.299: [GC (GCLocker Initiated GC) [PSYoungGen: 188576K->54374K(200704K)] 447570K->323072K(724992K), 0.0073390 secs] [Times: user=0.09 sys=0.00, real=0.01 secs] 
2016-09-24T02:29:29.963-0400: 43.430: [GC (GCLocker Initiated GC) [PSYoungGen: 200294K->28354K(201216K)] 474451K->303739K(725504K), 0.0224153 secs] [Times: user=0.23 sys=0.01, real=0.02 secs] 
2016-09-24T02:29:30.089-0400: 43.556: [GC (GCLocker Initiated GC) [PSYoungGen: 168130K->32440K(172544K)] 454422K->322506K(696832K), 0.0064538 secs] [Times: user=0.05 sys=0.00, real=0.01 secs] 
2016-09-24T02:29:30.200-0400: 43.667: [GC (GCLocker Initiated GC) [PSYoungGen: 172216K->47318K(197632K)] 465071K->341283K(721920K), 0.0065229 secs] [Times: user=0.06 sys=0.00, real=0.01 secs] 
2016-09-24T02:29:30.312-0400: 43.779: [GC (GCLocker Initiated GC) [PSYoungGen: 185558K->29694K(199168K)] 479556K->340974K(723456K), 0.0249391 secs] [Times: user=0.31 sys=0.01, real=0.03 secs] 
2016-09-24T02:29:30.442-0400: 43.909: [GC (GCLocker Initiated GC) [PSYoungGen: 167934K->35122K(196608K)] 487389K->369142K(720896K), 0.0094778 secs] [Times: user=0.08 sys=0.00, real=0.00 secs] 
2016-09-24T02:29:30.566-0400: 44.033: [GC (GCLocker Initiated GC) [PSYoungGen: 175922K->42072K(199168K)] 509955K->382693K(723456K), 0.0270020 secs] [Times: user=0.37 sys=0.01, real=0.02 secs] 
2016-09-24T02:29:30.701-0400: 44.168: [GC (GCLocker Initiated GC) [PSYoungGen: 182872K->22995K(203776K)] 537023K->378157K(728064K), 0.0073319 secs] [Times: user=0.06 sys=0.00, real=0.01 secs] 
2016-09-24T02:29:30.823-0400: 44.290: [GC (GCLocker Initiated GC) [PSYoungGen: 168403K->40552K(186368K)] 523707K->399631K(710656K), 0.0225566 secs] [Times: user=0.24 sys=0.00, real=0.02 secs] 
2016-09-24T02:29:30.962-0400: 44.429: [GC (GCLocker Initiated GC) [PSYoungGen: 185960K->51666K(197120K)] 545152K->411996K(721408K), 0.0106532 secs] [Times: user=0.11 sys=0.00, real=0.00 secs] 
2016-09-24T02:29:31.091-0400: 44.558: [GC (GCLocker Initiated GC) [PSYoungGen: 190930K->17805K(157184K)] 568984K->397055K(681472K), 0.0139456 secs] [Times: user=0.19 sys=0.00, real=0.02 secs] 
2016-09-24T02:29:31.202-0400: 44.668: [GC (GCLocker Initiated GC) [PSYoungGen: 157069K->50118K(194560K)] 541932K->436290K(718848K), 0.0060002 secs] [Times: user=0.06 sys=0.00, real=0.01 secs] 
2016-09-24T02:29:31.306-0400: 44.773: [GC (GCLocker Initiated GC) [PSYoungGen: 182214K->51457K(183808K)] 572664K->442921K(708096K), 0.0103688 secs] [Times: user=0.14 sys=0.00, real=0.01 secs] 
2016-09-24T02:29:31.413-0400: 44.880: [GC (GCLocker Initiated GC) [PSYoungGen: 183553K->58185K(186368K)] 577808K->453467K(710656K), 0.0053751 secs] [Times: user=0.08 sys=0.00, real=0.01 secs] 
2016-09-24T02:29:31.500-0400: 44.967: [GC (GCLocker Initiated GC) [PSYoungGen: 176969K->55362K(174592K)] 577722K->457072K(698880K), 0.0069964 secs] [Times: user=0.06 sys=0.01, real=0.01 secs] 
2016-09-24T02:29:31.590-0400: 45.057: [GC (GCLocker Initiated GC) [PSYoungGen: 174146K->63635K(178688K)] 576070K->490718K(702976K), 0.0101175 secs] [Times: user=0.11 sys=0.01, real=0.01 secs] 
2016-09-24T02:29:31.679-0400: 45.146: [GC (GCLocker Initiated GC) [PSYoungGen: 168083K->39042K(183296K)] 597968K->469833K(707584K), 0.0081976 secs] [Times: user=0.09 sys=0.00, real=0.01 secs] 
2016-09-24T02:29:31.762-0400: 45.229: [GC (GCLocker Initiated GC) [PSYoungGen: 143490K->33603K(178176K)] 582480K->473435K(702464K), 0.0092747 secs] [Times: user=0.08 sys=0.00, real=0.01 secs] 
2016-09-24T02:29:31.849-0400: 45.316: [GC (GCLocker Initiated GC) [PSYoungGen: 140611K->44407K(181760K)] 585876K->490556K(706048K), 0.0049521 secs] [Times: user=0.06 sys=0.00, real=0.00 secs] 
2016-09-24T02:29:31.930-0400: 45.397: [GC (GCLocker Initiated GC) [PSYoungGen: 151415K->34984K(183296K)] 603008K->498168K(707584K), 0.0072024 secs] [Times: user=0.06 sys=0.00, real=0.01 secs] 
2016-09-24T02:29:33.404-0400: 46.871: [GC (GCLocker Initiated GC) [PSYoungGen: 150184K->34780K(185856K)] 616089K->501526K(710144K), 0.0189992 secs] [Times: user=0.13 sys=0.01, real=0.02 secs] 
2016-09-24T02:29:33.514-0400: 46.981: [GC (GCLocker Initiated GC) [PSYoungGen: 149980K->45451K(188416K)] 619485K->515725K(712704K), 0.0082504 secs] [Times: user=0.07 sys=0.00, real=0.02 secs] 
2016-09-24T02:29:33.622-0400: 47.089: [GC (GCLocker Initiated GC) [PSYoungGen: 167819K->50890K(190464K)] 638230K->538119K(714752K), 0.0136445 secs] [Times: user=0.10 sys=0.00, real=0.02 secs] 
2016-09-24T02:29:33.722-0400: 47.189: [GC (GCLocker Initiated GC) [PSYoungGen: 173258K->34609K(192512K)] 663432K->528037K(716800K), 0.0074970 secs] [Times: user=0.05 sys=0.00, real=0.01 secs] 
2016-09-24T02:29:33.836-0400: 47.303: [GC (GCLocker Initiated GC) [PSYoungGen: 160049K->42825K(193024K)] 658911K->542252K(717312K), 0.0121358 secs] [Times: user=0.11 sys=0.00, real=0.01 secs] 
2016-09-24T02:29:33.944-0400: 47.411: [Full GC (Ergonomics) [PSYoungGen: 168265K->0K(193024K)] [ParOldGen: 515658K->207690K(524288K)] 683923K->207690K(717312K), [Metaspace: 43669K->43669K(1087488K)], 0.0795950 secs] [Times: user=0.59 sys=0.00, real=0.08 secs] 
2016-09-24T02:29:34.116-0400: 47.583: [GC (GCLocker Initiated GC) [PSYoungGen: 125440K->31139K(193536K)] 349389K->255089K(717824K), 0.0053920 secs] [Times: user=0.05 sys=0.00, real=0.00 secs] 
2016-09-24T02:29:34.220-0400: 47.687: [GC (GCLocker Initiated GC) [PSYoungGen: 159139K->49880K(193024K)] 384978K->276514K(717312K), 0.0219518 secs] [Times: user=0.25 sys=0.00, real=0.03 secs] 
2016-09-24T02:29:34.341-0400: 47.808: [GC (GCLocker Initiated GC) [PSYoungGen: 177880K->43087K(194048K)] 409943K->284123K(718336K), 0.0144120 secs] [Times: user=0.15 sys=0.00, real=0.02 secs] 
2016-09-24T02:29:34.456-0400: 47.923: [GC (GCLocker Initiated GC) [PSYoungGen: 174159K->47333K(195072K)] 420644K->316351K(719360K), 0.0120809 secs] [Times: user=0.14 sys=0.00, real=0.01 secs] 
2016-09-24T02:29:34.581-0400: 48.048: [GC (GCLocker Initiated GC) [PSYoungGen: 178405K->33868K(196608K)] 450138K->325519K(720896K), 0.0104254 secs] [Times: user=0.11 sys=0.00, real=0.01 secs] 
2016-09-24T02:29:34.702-0400: 48.169: [GC (GCLocker Initiated GC) [PSYoungGen: 168524K->25546K(197632K)] 465653K->323679K(721920K), 0.0212156 secs] [Times: user=0.30 sys=0.00, real=0.02 secs] 
2016-09-24T02:29:34.837-0400: 48.304: [GC (GCLocker Initiated GC) [PSYoungGen: 160202K->44465K(198656K)] 461072K->346205K(722944K), 0.0185643 secs] [Times: user=0.26 sys=0.00, real=0.02 secs] 
2016-09-24T02:29:34.961-0400: 48.428: [GC (GCLocker Initiated GC) [PSYoungGen: 180145K->47360K(198656K)] 487302K->379700K(722944K), 0.0079832 secs] [Times: user=0.11 sys=0.00, real=0.01 secs] 
2016-09-24T02:29:35.071-0400: 48.538: [GC (GCLocker Initiated GC) [PSYoungGen: 183040K->25521K(197632K)] 526287K->369750K(721920K), 0.0103122 secs] [Times: user=0.08 sys=0.00, real=0.01 secs] 
2016-09-24T02:29:35.190-0400: 48.657: [GC (GCLocker Initiated GC) [PSYoungGen: 159665K->60916K(195072K)] 506616K->408890K(719360K), 0.0177362 secs] [Times: user=0.25 sys=0.00, real=0.02 secs] 
2016-09-24T02:29:35.314-0400: 48.781: [GC (GCLocker Initiated GC) [PSYoungGen: 195060K->51531K(188928K)] 543201K->400638K(713216K), 0.0064118 secs] [Times: user=0.09 sys=0.00, real=0.01 secs] 
2016-09-24T02:29:35.421-0400: 48.888: [GC (Allocation Failure) [PSYoungGen: 173387K->47450K(192000K)] 530637K->405785K(716288K), 0.0051580 secs] [Times: user=0.06 sys=0.00, real=0.01 secs] 
2016-09-24T02:29:35.529-0400: 48.996: [GC (GCLocker Initiated GC) [PSYoungGen: 169306K->40668K(186880K)] 527644K->421660K(711168K), 0.0075086 secs] [Times: user=0.10 sys=0.00, real=0.01 secs] 
2016-09-24T02:29:35.632-0400: 49.098: [GC (GCLocker Initiated GC) [PSYoungGen: 163548K->35272K(189952K)] 546061K->418815K(714240K), 0.0195893 secs] [Times: user=0.23 sys=0.00, real=0.02 secs] 
2016-09-24T02:29:35.757-0400: 49.224: [GC (GCLocker Initiated GC) [PSYoungGen: 158152K->30182K(193024K)] 553870K->427062K(717312K), 0.0133163 secs] [Times: user=0.17 sys=0.00, real=0.01 secs] 
2016-09-24T02:29:35.911-0400: 49.378: [GC (GCLocker Initiated GC) [PSYoungGen: 159206K->40947K(194560K)] 558825K->442046K(718848K), 0.0107607 secs] [Times: user=0.09 sys=0.00, real=0.01 secs] 
2016-09-24T02:29:36.042-0400: 49.509: [GC (GCLocker Initiated GC) [PSYoungGen: 169971K->55003K(192512K)] 573912K->473986K(716800K), 0.0103472 secs] [Times: user=0.08 sys=0.00, real=0.00 secs] 
2016-09-24T02:29:36.187-0400: 49.654: [GC (GCLocker Initiated GC) [PSYoungGen: 184539K->34275K(195584K)] 606331K->457686K(719872K), 0.0216358 secs] [Times: user=0.25 sys=0.00, real=0.02 secs] 
2016-09-24T02:29:36.325-0400: 49.792: [GC (GCLocker Initiated GC) [PSYoungGen: 163811K->28998K(195072K)] 592783K->473169K(719360K), 0.0070399 secs] [Times: user=0.05 sys=0.01, real=0.00 secs] 
2016-09-24T02:29:36.455-0400: 49.922: [GC (GCLocker Initiated GC) [PSYoungGen: 160070K->43722K(196096K)] 605613K->490831K(720384K), 0.0105511 secs] [Times: user=0.15 sys=0.01, real=0.01 secs] 
2016-09-24T02:29:36.577-0400: 50.043: [GC (GCLocker Initiated GC) [PSYoungGen: 174794K->49180K(196608K)] 624663K->508574K(720896K), 0.0072957 secs] [Times: user=0.07 sys=0.00, real=0.01 secs] 
2016-09-24T02:29:36.712-0400: 50.179: [GC (GCLocker Initiated GC) [PSYoungGen: 181788K->37248K(169984K)] 643992K->506302K(694272K), 0.0093192 secs] [Times: user=0.07 sys=0.00, real=0.01 secs] 
2016-09-24T02:29:36.853-0400: 50.320: [GC (GCLocker Initiated GC) [PSYoungGen: 169856K->48293K(196096K)] 645774K->536847K(720384K), 0.0066043 secs] [Times: user=0.08 sys=0.01, real=0.01 secs] 
2016-09-24T02:29:36.989-0400: 50.456: [GC (GCLocker Initiated GC) [PSYoungGen: 181413K->50815K(196608K)] 672685K->562843K(720896K), 0.0078750 secs] [Times: user=0.11 sys=0.00, real=0.01 secs] 
2016-09-24T02:29:36.997-0400: 50.464: [Full GC (Ergonomics) [PSYoungGen: 50815K->0K(196608K)] [ParOldGen: 512028K->233202K(524288K)] 562843K->233202K(720896K), [Metaspace: 43679K->43679K(1087488K)], 0.0618844 secs] [Times: user=0.41 sys=0.00, real=0.06 secs] 
2016-09-24T02:29:37.181-0400: 50.648: [GC (GCLocker Initiated GC) [PSYoungGen: 133120K->61359K(187904K)] 366358K->294597K(712192K), 0.0141181 secs] [Times: user=0.17 sys=0.01, real=0.02 secs] 
2016-09-24T02:29:37.315-0400: 50.782: [GC (GCLocker Initiated GC) [PSYoungGen: 184239K->42789K(192512K)] 428406K->289761K(716800K), 0.0111105 secs] [Times: user=0.15 sys=0.00, real=0.01 secs] 
2016-09-24T02:29:37.466-0400: 50.933: [GC (GCLocker Initiated GC) [PSYoungGen: 165669K->41193K(186368K)] 415348K->292680K(710656K), 0.0120888 secs] [Times: user=0.13 sys=0.01, real=0.01 secs] 
2016-09-24T02:29:37.598-0400: 51.064: [GC (GCLocker Initiated GC) [PSYoungGen: 166121K->61630K(190464K)] 420339K->317539K(714752K), 0.0064499 secs] [Times: user=0.07 sys=0.01, real=0.01 secs] 
2016-09-24T02:29:37.721-0400: 51.188: [GC (GCLocker Initiated GC) [PSYoungGen: 186558K->52059K(192000K)] 442568K->318007K(716288K), 0.0080755 secs] [Times: user=0.10 sys=0.00, real=0.01 secs] 
2016-09-24T02:29:37.852-0400: 51.318: [GC (GCLocker Initiated GC) [PSYoungGen: 173915K->42531K(164864K)] 442609K->312902K(689152K), 0.0310018 secs] [Times: user=0.41 sys=0.00, real=0.04 secs] 
2016-09-24T02:29:38.009-0400: 51.476: [GC (GCLocker Initiated GC) [PSYoungGen: 164387K->30458K(189440K)] 442903K->310581K(713728K), 0.0065012 secs] [Times: user=0.05 sys=0.00, real=0.01 secs] 
2016-09-24T02:29:38.137-0400: 51.604: [GC (GCLocker Initiated GC) [PSYoungGen: 151802K->40975K(189952K)] 431980K->322989K(714240K), 0.0060557 secs] [Times: user=0.06 sys=0.00, real=0.01 secs] 
2016-09-24T02:29:38.267-0400: 51.734: [GC (GCLocker Initiated GC) [PSYoungGen: 162319K->31904K(193024K)] 451267K->333213K(717312K), 0.0058490 secs] [Times: user=0.05 sys=0.00, real=0.00 secs] 
2016-09-24T02:29:38.403-0400: 51.870: [GC (GCLocker Initiated GC) [PSYoungGen: 157856K->38997K(192512K)] 467347K->350204K(716800K), 0.0087781 secs] [Times: user=0.10 sys=0.00, real=0.00 secs] 
2016-09-24T02:29:38.539-0400: 52.005: [GC (GCLocker Initiated GC) [PSYoungGen: 164949K->31962K(194048K)] 481564K->350504K(718336K), 0.0060616 secs] [Times: user=0.05 sys=0.00, real=0.01 secs] 
2016-09-24T02:29:38.679-0400: 52.146: [GC (GCLocker Initiated GC) [PSYoungGen: 160986K->46783K(193536K)] 482319K->370066K(717824K), 0.0095316 secs] [Times: user=0.08 sys=0.00, real=0.01 secs] 
2016-09-24T02:29:38.812-0400: 52.278: [GC (GCLocker Initiated GC) [PSYoungGen: 175807K->37336K(195072K)] 504674K->376168K(719360K), 0.0081694 secs] [Times: user=0.07 sys=0.01, real=0.01 secs] 
2016-09-24T02:29:38.949-0400: 52.416: [GC (GCLocker Initiated GC) [PSYoungGen: 170456K->34870K(196096K)] 512084K->378366K(720384K), 0.0067737 secs] [Times: user=0.05 sys=0.00, real=0.01 secs] 
2016-09-24T02:29:39.077-0400: 52.544: [GC (GCLocker Initiated GC) [PSYoungGen: 167990K->60333K(189952K)] 511546K->408575K(714240K), 0.0146524 secs] [Times: user=0.18 sys=0.01, real=0.01 secs] 
2016-09-24T02:29:39.223-0400: 52.690: [GC (GCLocker Initiated GC) [PSYoungGen: 188333K->48147K(195072K)] 539321K->419927K(719360K), 0.0102434 secs] [Times: user=0.13 sys=0.01, real=0.00 secs] 
2016-09-24T02:29:39.338-0400: 52.805: [GC (GCLocker Initiated GC) [PSYoungGen: 176147K->53592K(192512K)] 560170K->450206K(716800K), 0.0101361 secs] [Times: user=0.15 sys=0.00, real=0.01 secs] 
2016-09-24T02:29:39.465-0400: 52.932: [GC (GCLocker Initiated GC) [PSYoungGen: 179544K->16840K(142848K)] 592965K->453649K(667136K), 0.0054133 secs] [Times: user=0.07 sys=0.00, real=0.00 secs] 
2016-09-24T02:29:39.559-0400: 53.026: [GC (GCLocker Initiated GC) [PSYoungGen: 142792K->42008K(194560K)] 589169K->489880K(718848K), 0.0063635 secs] [Times: user=0.08 sys=0.01, real=0.01 secs] 
2016-09-24T02:29:39.656-0400: 53.123: [GC (GCLocker Initiated GC) [PSYoungGen: 165912K->62307K(186368K)] 616587K->514002K(710656K), 0.0083856 secs] [Times: user=0.12 sys=0.00, real=0.01 secs] 
2016-09-24T02:29:39.765-0400: 53.232: [GC (GCLocker Initiated GC) [PSYoungGen: 186211K->58280K(184320K)] 637923K->511068K(708608K), 0.0056849 secs] [Times: user=0.08 sys=0.00, real=0.00 secs] 
2016-09-24T02:29:39.847-0400: 53.314: [GC (GCLocker Initiated GC) [PSYoungGen: 169896K->40290K(186880K)] 622693K->494107K(711168K), 0.0124125 secs] [Times: user=0.11 sys=0.00, real=0.01 secs] 
2016-09-24T02:29:39.943-0400: 53.410: [GC (GCLocker Initiated GC) [PSYoungGen: 151906K->55536K(186368K)] 605740K->510262K(710656K), 0.0061323 secs] [Times: user=0.06 sys=0.00, real=0.00 secs] 
2016-09-24T02:29:40.044-0400: 53.511: [GC (GCLocker Initiated GC) [PSYoungGen: 168688K->28241K(187392K)] 628824K->505641K(711680K), 0.0081535 secs] [Times: user=0.07 sys=0.00, real=0.00 secs] 
2016-09-24T02:29:40.134-0400: 53.601: [GC (GCLocker Initiated GC) [PSYoungGen: 141393K->51488K(187904K)] 618871K->540784K(712192K), 0.0224258 secs] [Times: user=0.34 sys=0.00, real=0.03 secs] 
2016-09-24T02:29:40.243-0400: 53.710: [GC (GCLocker Initiated GC) [PSYoungGen: 165152K->43156K(157184K)] 654475K->549769K(681472K), 0.0101479 secs] [Times: user=0.14 sys=0.00, real=0.00 secs] 
2016-09-24T02:29:40.254-0400: 53.721: [Full GC (Ergonomics) [PSYoungGen: 43156K->0K(157184K)] [ParOldGen: 506612K->196181K(524288K)] 549769K->196181K(681472K), [Metaspace: 43701K->43701K(1087488K)], 0.0663611 secs] [Times: user=0.58 sys=0.02, real=0.07 secs] 
2016-09-24T02:29:40.414-0400: 53.881: [GC (GCLocker Initiated GC) [PSYoungGen: 113664K->52116K(185344K)] 316785K->255238K(709632K), 0.0100232 secs] [Times: user=0.13 sys=0.00, real=0.01 secs] 
2016-09-24T02:29:40.505-0400: 53.972: [GC (GCLocker Initiated GC) [PSYoungGen: 165780K->44453K(185344K)] 371631K->262766K(709632K), 0.0123583 secs] [Times: user=0.17 sys=0.00, real=0.01 secs] 
2016-09-24T02:29:40.593-0400: 54.060: [GC (GCLocker Initiated GC) [PSYoungGen: 158117K->42902K(188416K)] 376632K->264978K(712704K), 0.0073459 secs] [Times: user=0.04 sys=0.00, real=0.01 secs] 
2016-09-24T02:29:40.689-0400: 54.156: [GC (GCLocker Initiated GC) [PSYoungGen: 163734K->37890K(187904K)] 392696K->267615K(712192K), 0.0062291 secs] [Times: user=0.05 sys=0.00, real=0.01 secs] 
2016-09-24T02:29:40.785-0400: 54.252: [GC (GCLocker Initiated GC) [PSYoungGen: 158722K->40623K(193536K)] 388567K->271363K(717824K), 0.0057216 secs] [Times: user=0.07 sys=0.00, real=0.00 secs] 
2016-09-24T02:29:40.903-0400: 54.370: [GC (GCLocker Initiated GC) [PSYoungGen: 169647K->44705K(193536K)] 400420K->276495K(717824K), 0.0180936 secs] [Times: user=0.22 sys=0.00, real=0.01 secs] 
2016-09-24T02:29:41.018-0400: 54.485: [GC (GCLocker Initiated GC) [PSYoungGen: 173729K->29810K(195584K)] 405612K->276265K(719872K), 0.0059656 secs] [Times: user=0.05 sys=0.00, real=0.01 secs] 
2016-09-24T02:29:41.124-0400: 54.591: [GC (GCLocker Initiated GC) [PSYoungGen: 162418K->32938K(196096K)] 415687K->309020K(720384K), 0.0061002 secs] [Times: user=0.08 sys=0.00, real=0.00 secs] 
2016-09-24T02:29:41.238-0400: 54.705: [GC (GCLocker Initiated GC) [PSYoungGen: 165546K->25711K(198144K)] 451213K->312697K(722432K), 0.0130583 secs] [Times: user=0.12 sys=0.00, real=0.01 secs] 
2016-09-24T02:29:41.351-0400: 54.818: [GC (GCLocker Initiated GC) [PSYoungGen: 160879K->50143K(185344K)] 447958K->338433K(709632K), 0.0065122 secs] [Times: user=0.06 sys=0.00, real=0.01 secs] 
2016-09-24T02:29:41.470-0400: 54.937: [GC (GCLocker Initiated GC) [PSYoungGen: 185311K->38281K(199168K)] 473624K->357461K(723456K), 0.0220133 secs] [Times: user=0.29 sys=0.00, real=0.02 secs] 
2016-09-24T02:29:41.602-0400: 55.069: [GC (GCLocker Initiated GC) [PSYoungGen: 172425K->26035K(197120K)] 491617K->362738K(721408K), 0.0128880 secs] [Times: user=0.14 sys=0.00, real=0.02 secs] 
2016-09-24T02:29:41.716-0400: 55.182: [GC (Allocation Failure) [PSYoungGen: 160179K->35552K(197632K)] 498514K->386023K(721920K), 0.0145552 secs] [Times: user=0.15 sys=0.01, real=0.01 secs] 
2016-09-24T02:29:41.731-0400: 55.198: [GC (GCLocker Initiated GC) [PSYoungGen: 39432K->3052K(138752K)] 389902K->391499K(663040K), 0.0052904 secs] [Times: user=0.06 sys=0.00, real=0.01 secs] 
2016-09-24T02:29:41.840-0400: 55.307: [GC (GCLocker Initiated GC) [PSYoungGen: 138565K->42132K(197120K)] 529712K->433311K(721408K), 0.0057604 secs] [Times: user=0.05 sys=0.01, real=0.01 secs] 
2016-09-24T02:29:41.948-0400: 55.415: [GC (GCLocker Initiated GC) [PSYoungGen: 173716K->40826K(172544K)] 567631K->444241K(696832K), 0.0101676 secs] [Times: user=0.11 sys=0.01, real=0.01 secs] 
2016-09-24T02:29:42.070-0400: 55.537: [GC (GCLocker Initiated GC) [PSYoungGen: 172410K->39680K(197120K)] 582670K->451176K(721408K), 0.0155535 secs] [Times: user=0.15 sys=0.01, real=0.02 secs] 
2016-09-24T02:29:42.195-0400: 55.662: [GC (GCLocker Initiated GC) [PSYoungGen: 172800K->55788K(188928K)] 587092K->471568K(713216K), 0.0066688 secs] [Times: user=0.06 sys=0.00, real=0.00 secs] 
2016-09-24T02:29:42.312-0400: 55.779: [GC (GCLocker Initiated GC) [PSYoungGen: 188908K->29745K(196608K)] 604760K->460397K(720896K), 0.0198362 secs] [Times: user=0.21 sys=0.00, real=0.02 secs] 
2016-09-24T02:29:42.430-0400: 55.897: [GC (GCLocker Initiated GC) [PSYoungGen: 159281K->36626K(166400K)] 592680K->471196K(690688K), 0.0069120 secs] [Times: user=0.06 sys=0.00, real=0.01 secs] 
2016-09-24T02:29:42.533-0400: 56.000: [GC (GCLocker Initiated GC) [PSYoungGen: 166162K->38129K(194560K)] 602094K->475266K(718848K), 0.0101305 secs] [Times: user=0.12 sys=0.00, real=0.02 secs] 
2016-09-24T02:29:42.641-0400: 56.108: [GC (GCLocker Initiated GC) [PSYoungGen: 169713K->47393K(192512K)] 612492K->504927K(716800K), 0.0091980 secs] [Times: user=0.09 sys=0.01, real=0.01 secs] 
2016-09-24T02:29:42.761-0400: 56.228: [GC (GCLocker Initiated GC) [PSYoungGen: 178977K->40511K(199168K)] 636607K->499353K(723456K), 0.0391751 secs] [Times: user=0.42 sys=0.00, real=0.04 secs] 
2016-09-24T02:29:42.914-0400: 56.381: [GC (GCLocker Initiated GC) [PSYoungGen: 179775K->40931K(199680K)] 641329K->525189K(723968K), 0.0148699 secs] [Times: user=0.22 sys=0.00, real=0.02 secs] 
2016-09-24T02:29:43.046-0400: 56.513: [Full GC (Ergonomics) [PSYoungGen: 180195K->0K(199680K)] [ParOldGen: 491056K->226039K(524288K)] 671252K->226039K(723968K), [Metaspace: 43716K->43716K(1087488K)], 0.0715167 secs] [Times: user=0.51 sys=0.02, real=0.07 secs] 
2016-09-24T02:29:43.225-0400: 56.692: [GC (GCLocker Initiated GC) [PSYoungGen: 139264K->45019K(200192K)] 370720K->276476K(724480K), 0.0141285 secs] [Times: user=0.15 sys=0.00, real=0.01 secs] 
2016-09-24T02:29:43.361-0400: 56.827: [GC (GCLocker Initiated GC) [PSYoungGen: 186331K->30042K(200704K)] 424705K->283335K(724992K), 0.0130370 secs] [Times: user=0.16 sys=0.01, real=0.01 secs] 
2016-09-24T02:29:43.473-0400: 56.940: [GC (GCLocker Initiated GC) [PSYoungGen: 171354K->50071K(199168K)] 427503K->318281K(723456K), 0.0067324 secs] [Times: user=0.07 sys=0.01, real=0.01 secs] 
2016-09-24T02:29:43.590-0400: 57.057: [GC (GCLocker Initiated GC) [PSYoungGen: 190359K->50360K(190976K)] 461397K->335945K(715264K), 0.0208803 secs] [Times: user=0.29 sys=0.01, real=0.02 secs] 
2016-09-24T02:29:43.714-0400: 57.181: [GC (GCLocker Initiated GC) [PSYoungGen: 190648K->51643K(196096K)] 478958K->360157K(720384K), 0.0067783 secs] [Times: user=0.10 sys=0.00, real=0.00 secs] 
2016-09-24T02:29:43.825-0400: 57.291: [GC (GCLocker Initiated GC) [PSYoungGen: 184763K->46246K(197632K)] 496054K->374949K(721920K), 0.0060099 secs] [Times: user=0.08 sys=0.01, real=0.00 secs] 
2016-09-24T02:29:43.930-0400: 57.397: [GC (Allocation Failure) [PSYoungGen: 179366K->47625K(197120K)] 516839K->386306K(721408K), 0.0170641 secs] [Times: user=0.22 sys=0.01, real=0.02 secs] 
2016-09-24T02:29:44.056-0400: 57.523: [GC (GCLocker Initiated GC) [PSYoungGen: 181257K->50105K(197632K)] 519943K->392728K(721920K), 0.0199461 secs] [Times: user=0.26 sys=0.00, real=0.02 secs] 
2016-09-24T02:29:44.181-0400: 57.648: [GC (GCLocker Initiated GC) [PSYoungGen: 183737K->39431K(195584K)] 526597K->383316K(719872K), 0.0060337 secs] [Times: user=0.06 sys=0.01, real=0.01 secs] 
2016-09-24T02:29:44.281-0400: 57.748: [GC (GCLocker Initiated GC) [PSYoungGen: 173063K->33811K(196608K)] 516973K->389664K(720896K), 0.0097287 secs] [Times: user=0.08 sys=0.00, real=0.01 secs] 
2016-09-24T02:29:44.386-0400: 57.853: [GC (GCLocker Initiated GC) [PSYoungGen: 167443K->60877K(189952K)] 523301K->417762K(714240K), 0.0090489 secs] [Times: user=0.11 sys=0.00, real=0.01 secs] 
2016-09-24T02:29:44.485-0400: 57.952: [GC (GCLocker Initiated GC) [PSYoungGen: 187853K->36322K(194560K)] 547680K->397114K(718848K), 0.0055277 secs] [Times: user=0.05 sys=0.00, real=0.00 secs] 
2016-09-24T02:29:44.581-0400: 58.048: [GC (GCLocker Initiated GC) [PSYoungGen: 163298K->62229K(186368K)] 526841K->426698K(710656K), 0.0188547 secs] [Times: user=0.23 sys=0.00, real=0.02 secs] 
2016-09-24T02:29:44.694-0400: 58.161: [GC (GCLocker Initiated GC) [PSYoungGen: 182037K->29733K(190976K)] 553304K->415467K(715264K), 0.0136018 secs] [Times: user=0.14 sys=0.01, real=0.02 secs] 
2016-09-24T02:29:44.804-0400: 58.271: [GC (GCLocker Initiated GC) [PSYoungGen: 149541K->28320K(190976K)] 539576K->432910K(715264K), 0.0149353 secs] [Times: user=0.10 sys=0.00, real=0.01 secs] 
2016-09-24T02:29:44.925-0400: 58.392: [GC (GCLocker Initiated GC) [PSYoungGen: 148128K->50209K(190976K)] 555457K->472006K(715264K), 0.0106938 secs] [Times: user=0.16 sys=0.00, real=0.01 secs] 
2016-09-24T02:29:45.028-0400: 58.495: [GC (GCLocker Initiated GC) [PSYoungGen: 170017K->42014K(185856K)] 599958K->500060K(710144K), 0.0093941 secs] [Times: user=0.12 sys=0.01, real=0.01 secs] 
2016-09-24T02:29:45.126-0400: 58.593: [GC (GCLocker Initiated GC) [PSYoungGen: 161822K->52945K(188416K)] 625342K->530998K(712704K), 0.0134312 secs] [Times: user=0.23 sys=0.00, real=0.01 secs] 
2016-09-24T02:29:45.231-0400: 58.698: [GC (GCLocker Initiated GC) [PSYoungGen: 172753K->43366K(190464K)] 657890K->529619K(714752K), 0.0055572 secs] [Times: user=0.07 sys=0.01, real=0.01 secs] 
2016-09-24T02:29:45.330-0400: 58.797: [GC (GCLocker Initiated GC) [PSYoungGen: 167270K->58090K(191488K)] 653533K->545397K(715776K), 0.0147356 secs] [Times: user=0.20 sys=0.00, real=0.02 secs] 
2016-09-24T02:29:45.436-0400: 58.903: [Full GC (Ergonomics) [PSYoungGen: 181994K->0K(191488K)] [ParOldGen: 492890K->250042K(524288K)] 674884K->250042K(715776K), [Metaspace: 43716K->43716K(1087488K)], 0.0658303 secs] [Times: user=0.57 sys=0.03, real=0.07 secs] 
2016-09-24T02:29:45.614-0400: 59.080: [GC (GCLocker Initiated GC) [PSYoungGen: 123904K->43913K(192512K)] 382066K->302076K(716800K), 0.0051732 secs] [Times: user=0.06 sys=0.00, real=0.01 secs] 
2016-09-24T02:29:45.710-0400: 59.177: [GC (GCLocker Initiated GC) [PSYoungGen: 167817K->48803K(192000K)] 426072K->308610K(716288K), 0.0056226 secs] [Times: user=0.06 sys=0.00, real=0.01 secs] 
2016-09-24T02:29:45.807-0400: 59.274: [GC (GCLocker Initiated GC) [PSYoungGen: 172707K->51470K(192512K)] 437932K->320484K(716800K), 0.0066343 secs] [Times: user=0.06 sys=0.00, real=0.00 secs] 
2016-09-24T02:29:45.915-0400: 59.382: [GC (GCLocker Initiated GC) [PSYoungGen: 176910K->48707K(192512K)] 446077K->318906K(716800K), 0.0081556 secs] [Times: user=0.10 sys=0.00, real=0.01 secs] 
2016-09-24T02:29:46.020-0400: 59.487: [GC (GCLocker Initiated GC) [PSYoungGen: 174147K->43500K(193024K)] 459281K->329690K(717312K), 0.0051132 secs] [Times: user=0.07 sys=0.00, real=0.01 secs] 
2016-09-24T02:29:46.122-0400: 59.588: [GC (GCLocker Initiated GC) [PSYoungGen: 172524K->29775K(193536K)] 458843K->322624K(717824K), 0.0061461 secs] [Times: user=0.05 sys=0.00, real=0.01 secs] 
2016-09-24T02:29:46.227-0400: 59.694: [GC (GCLocker Initiated GC) [PSYoungGen: 158799K->39394K(196608K)] 451786K->333494K(720896K), 0.0060442 secs] [Times: user=0.05 sys=0.00, real=0.00 secs] 
2016-09-24T02:29:46.328-0400: 59.795: [GC (GCLocker Initiated GC) [PSYoungGen: 171490K->47534K(196608K)] 468349K->345530K(720896K), 0.0185976 secs] [Times: user=0.23 sys=0.01, real=0.02 secs] 
2016-09-24T02:29:46.451-0400: 59.917: [GC (GCLocker Initiated GC) [PSYoungGen: 179630K->36543K(197120K)] 481598K->355937K(721408K), 0.0071854 secs] [Times: user=0.08 sys=0.00, real=0.01 secs] 
2016-09-24T02:29:46.556-0400: 60.023: [GC (GCLocker Initiated GC) [PSYoungGen: 170175K->33884K(196608K)] 492279K->373175K(720896K), 0.0069447 secs] [Times: user=0.05 sys=0.00, real=0.01 secs] 
2016-09-24T02:29:46.670-0400: 60.137: [GC (GCLocker Initiated GC) [PSYoungGen: 167516K->31262K(198656K)] 506966K->371788K(722944K), 0.0164899 secs] [Times: user=0.14 sys=0.00, real=0.02 secs] 
2016-09-24T02:29:46.810-0400: 60.277: [GC (GCLocker Initiated GC) [PSYoungGen: 167454K->41217K(177664K)] 510706K->396614K(701952K), 0.0120809 secs] [Times: user=0.15 sys=0.01, real=0.01 secs] 
2016-09-24T02:29:46.927-0400: 60.394: [GC (GCLocker Initiated GC) [PSYoungGen: 177409K->59750K(191488K)] 532860K->422228K(715776K), 0.0104578 secs] [Times: user=0.13 sys=0.00, real=0.01 secs] 
2016-09-24T02:29:47.050-0400: 60.517: [GC (GCLocker Initiated GC) [PSYoungGen: 190822K->61274K(192512K)] 553337K->425009K(716800K), 0.0069410 secs] [Times: user=0.07 sys=0.01, real=0.01 secs] 
2016-09-24T02:29:47.160-0400: 60.627: [GC (GCLocker Initiated GC) [PSYoungGen: 192346K->42481K(194048K)] 561527K->448164K(718336K), 0.0072708 secs] [Times: user=0.10 sys=0.00, real=0.01 secs] 
2016-09-24T02:29:47.275-0400: 60.742: [GC (GCLocker Initiated GC) [PSYoungGen: 166897K->41096K(165888K)] 580802K->464562K(690176K), 0.0074202 secs] [Times: user=0.09 sys=0.00, real=0.01 secs] 
2016-09-24T02:29:47.380-0400: 60.847: [GC (GCLocker Initiated GC) [PSYoungGen: 165512K->35591K(190976K)] 594411K->465964K(715264K), 0.0059512 secs] [Times: user=0.06 sys=0.00, real=0.01 secs] 
2016-09-24T02:29:47.479-0400: 60.946: [GC (Allocation Failure) [PSYoungGen: 160519K->42348K(190464K)] 597892K->481131K(714752K), 0.0055619 secs] [Times: user=0.08 sys=0.00, real=0.01 secs] 
2016-09-24T02:29:47.581-0400: 61.048: [GC (GCLocker Initiated GC) [PSYoungGen: 165916K->29876K(193536K)] 607398K->483420K(717824K), 0.0082427 secs] [Times: user=0.07 sys=0.00, real=0.01 secs] 
2016-09-24T02:29:47.696-0400: 61.163: [GC (GCLocker Initiated GC) [PSYoungGen: 159924K->54288K(194048K)] 618886K->514365K(718336K), 0.0071394 secs] [Times: user=0.07 sys=0.01, real=0.01 secs] 
2016-09-24T02:29:47.809-0400: 61.276: [GC (GCLocker Initiated GC) [PSYoungGen: 184336K->65388K(184320K)] 644450K->529552K(708608K), 0.0087453 secs] [Times: user=0.10 sys=0.01, real=0.01 secs] 
2016-09-24T02:29:47.926-0400: 61.393: [GC (GCLocker Initiated GC) [PSYoungGen: 183148K->20615K(138752K)] 656862K->509223K(663040K), 0.0065016 secs] [Times: user=0.05 sys=0.00, real=0.00 secs] 
2016-09-24T02:29:48.028-0400: 61.495: [GC (GCLocker Initiated GC) [PSYoungGen: 138375K->35527K(189952K)] 635100K->533670K(714240K), 0.0174088 secs] [Times: user=0.21 sys=0.00, real=0.02 secs] 
2016-09-24T02:29:48.045-0400: 61.512: [Full GC (Ergonomics) [PSYoungGen: 35527K->0K(189952K)] [ParOldGen: 498143K->228641K(524288K)] 533670K->228641K(714240K), [Metaspace: 43716K->43716K(1087488K)], 0.0689170 secs] [Times: user=0.58 sys=0.01, real=0.07 secs] 
2016-09-24T02:29:48.212-0400: 61.679: [GC (GCLocker Initiated GC) [PSYoungGen: 116224K->50762K(188416K)] 350343K->284881K(712704K), 0.0057011 secs] [Times: user=0.07 sys=0.00, real=0.01 secs] 
2016-09-24T02:29:48.315-0400: 61.782: [GC (GCLocker Initiated GC) [PSYoungGen: 166986K->40819K(186368K)] 408038K->318677K(710656K), 0.0097917 secs] [Times: user=0.15 sys=0.00, real=0.01 secs] 
2016-09-24T02:29:48.422-0400: 61.889: [GC (GCLocker Initiated GC) [PSYoungGen: 158579K->46336K(187392K)] 439174K->344320K(711680K), 0.0141746 secs] [Times: user=0.20 sys=0.01, real=0.01 secs] 
2016-09-24T02:29:48.528-0400: 61.995: [GC (GCLocker Initiated GC) [PSYoungGen: 164096K->46347K(190976K)] 467490K->364547K(715264K), 0.0062704 secs] [Times: user=0.08 sys=0.00, real=0.01 secs] 
2016-09-24T02:29:48.640-0400: 62.107: [GC (GCLocker Initiated GC) [PSYoungGen: 170763K->49047K(191488K)] 495715K->375276K(715776K), 0.0077574 secs] [Times: user=0.11 sys=0.01, real=0.01 secs] 
2016-09-24T02:29:48.742-0400: 62.209: [GC (GCLocker Initiated GC) [PSYoungGen: 173463K->44920K(192000K)] 499717K->372484K(716288K), 0.0074150 secs] [Times: user=0.07 sys=0.00, real=0.00 secs] 
2016-09-24T02:29:48.850-0400: 62.317: [GC (GCLocker Initiated GC) [PSYoungGen: 173432K->34132K(193536K)] 503727K->376579K(717824K), 0.0133957 secs] [Times: user=0.12 sys=0.00, real=0.02 secs] 
2016-09-24T02:29:48.964-0400: 62.430: [GC (GCLocker Initiated GC) [PSYoungGen: 162644K->58656K(190464K)] 505272K->402728K(714752K), 0.0064536 secs] [Times: user=0.08 sys=0.01, real=0.00 secs] 
2016-09-24T02:29:49.071-0400: 62.538: [GC (GCLocker Initiated GC) [PSYoungGen: 184608K->57313K(183296K)] 538237K->412362K(707584K), 0.0062436 secs] [Times: user=0.08 sys=0.00, real=0.01 secs] 
2016-09-24T02:29:49.171-0400: 62.638: [GC (GCLocker Initiated GC) [PSYoungGen: 183265K->53284K(191488K)] 543766K->431443K(715776K), 0.0090730 secs] [Times: user=0.14 sys=0.00, real=0.01 secs] 
2016-09-24T02:29:49.280-0400: 62.747: [GC (GCLocker Initiated GC) [PSYoungGen: 174116K->50454K(171520K)] 555151K->454529K(695808K), 0.0061516 secs] [Times: user=0.09 sys=0.00, real=0.01 secs] 
2016-09-24T02:29:49.387-0400: 62.854: [GC (GCLocker Initiated GC) [PSYoungGen: 171286K->57160K(188928K)] 580844K->468036K(713216K), 0.0063204 secs] [Times: user=0.09 sys=0.00, real=0.00 secs] 
2016-09-24T02:29:49.496-0400: 62.962: [GC (GCLocker Initiated GC) [PSYoungGen: 176456K->54412K(190464K)] 587336K->469306K(714752K), 0.0127387 secs] [Times: user=0.18 sys=0.00, real=0.01 secs] 
2016-09-24T02:29:49.602-0400: 63.069: [GC (GCLocker Initiated GC) [PSYoungGen: 173708K->69274K(179712K)] 588718K->493738K(704000K), 0.0074850 secs] [Times: user=0.10 sys=0.00, real=0.00 secs] 
2016-09-24T02:29:49.695-0400: 63.162: [GC (GCLocker Initiated GC) [PSYoungGen: 177818K->50155K(185344K)] 605038K->486661K(709632K), 0.0066025 secs] [Times: user=0.07 sys=0.01, real=0.00 secs] 
2016-09-24T02:29:49.793-0400: 63.260: [GC (GCLocker Initiated GC) [PSYoungGen: 158699K->42124K(180736K)] 598128K->501497K(705024K), 0.0057834 secs] [Times: user=0.07 sys=0.01, real=0.01 secs] 
2016-09-24T02:29:49.882-0400: 63.349: [GC (GCLocker Initiated GC) [PSYoungGen: 153228K->65075K(184320K)] 612741K->525756K(708608K), 0.0062945 secs] [Times: user=0.07 sys=0.00, real=0.01 secs] 
2016-09-24T02:29:49.975-0400: 63.442: [GC (GCLocker Initiated GC) [PSYoungGen: 176179K->39325K(185856K)] 639563K->506529K(710144K), 0.0093626 secs] [Times: user=0.06 sys=0.00, real=0.01 secs] 
2016-09-24T02:29:50.081-0400: 63.548: [GC (GCLocker Initiated GC) [PSYoungGen: 148381K->55701K(164864K)] 618319K->526836K(689152K), 0.0058633 secs] [Times: user=0.06 sys=0.00, real=0.01 secs] 
2016-09-24T02:29:50.171-0400: 63.638: [GC (GCLocker Initiated GC) [PSYoungGen: 164757K->58355K(184832K)] 638626K->536208K(709120K), 0.0083271 secs] [Times: user=0.09 sys=0.00, real=0.01 secs] 
2016-09-24T02:29:50.268-0400: 63.735: [GC (GCLocker Initiated GC) [PSYoungGen: 167411K->30020K(184832K)] 650741K->541565K(709120K), 0.0056372 secs] [Times: user=0.06 sys=0.01, real=0.00 secs] 
2016-09-24T02:29:50.274-0400: 63.741: [Full GC (Ergonomics) [PSYoungGen: 30020K->0K(184832K)] [ParOldGen: 511545K->251170K(524288K)] 541565K->251170K(709120K), [Metaspace: 43733K->43733K(1087488K)], 0.0584933 secs] [Times: user=0.38 sys=0.00, real=0.06 secs] 
2016-09-24T02:29:50.412-0400: 63.879: [GC (GCLocker Initiated GC) [PSYoungGen: 109056K->45321K(183808K)] 363164K->299430K(708096K), 0.0065350 secs] [Times: user=0.07 sys=0.01, real=0.01 secs] 
2016-09-24T02:29:50.517-0400: 63.984: [GC (GCLocker Initiated GC) [PSYoungGen: 154377K->38166K(184320K)] 422020K->307458K(708608K), 0.0107754 secs] [Times: user=0.09 sys=0.00, real=0.01 secs] 
2016-09-24T02:29:50.621-0400: 64.088: [GC (GCLocker Initiated GC) [PSYoungGen: 147222K->31089K(185856K)] 419216K->317915K(710144K), 0.0069782 secs] [Times: user=0.07 sys=0.00, real=0.01 secs] 
2016-09-24T02:29:50.717-0400: 64.184: [GC (GCLocker Initiated GC) [PSYoungGen: 142705K->47205K(159232K)] 432274K->337875K(683520K), 0.0093043 secs] [Times: user=0.08 sys=0.01, real=0.01 secs] 
2016-09-24T02:29:50.814-0400: 64.281: [GC (GCLocker Initiated GC) [PSYoungGen: 158821K->37986K(186368K)] 455007K->351414K(710656K), 0.0141707 secs] [Times: user=0.17 sys=0.00, real=0.01 secs] 
2016-09-24T02:29:50.920-0400: 64.386: [GC (GCLocker Initiated GC) [PSYoungGen: 152162K->33725K(185344K)] 465661K->361805K(709632K), 0.0278213 secs] [Times: user=0.28 sys=0.00, real=0.03 secs] 
2016-09-24T02:29:51.037-0400: 64.504: [GC (GCLocker Initiated GC) [PSYoungGen: 147901K->50263K(189952K)] 481428K->384990K(714240K), 0.0067871 secs] [Times: user=0.09 sys=0.00, real=0.01 secs] 
2016-09-24T02:29:51.145-0400: 64.612: [GC (GCLocker Initiated GC) [PSYoungGen: 169559K->53048K(189440K)] 504649K->389265K(713728K), 0.0105687 secs] [Times: user=0.16 sys=0.00, real=0.01 secs] 
2016-09-24T02:29:51.242-0400: 64.709: [GC (GCLocker Initiated GC) [PSYoungGen: 172344K->46092K(187392K)] 511864K->392256K(711680K), 0.0215354 secs] [Times: user=0.26 sys=0.00, real=0.03 secs] 
2016-09-24T02:29:51.356-0400: 64.823: [GC (GCLocker Initiated GC) [PSYoungGen: 167436K->25809K(189440K)] 520354K->396022K(713728K), 0.0209095 secs] [Times: user=0.23 sys=0.00, real=0.02 secs] 
2016-09-24T02:29:51.492-0400: 64.959: [GC (GCLocker Initiated GC) [PSYoungGen: 147153K->46070K(191488K)] 517375K->417585K(715776K), 0.0150544 secs] [Times: user=0.18 sys=0.01, real=0.02 secs] 
2016-09-24T02:29:51.593-0400: 65.060: [GC (GCLocker Initiated GC) [PSYoungGen: 170486K->65173K(189952K)] 542048K->445995K(714240K), 0.0095776 secs] [Times: user=0.11 sys=0.01, real=0.02 secs] 
2016-09-24T02:29:51.701-0400: 65.167: [GC (GCLocker Initiated GC) [PSYoungGen: 189589K->26847K(186880K)] 570425K->419670K(711168K), 0.0068739 secs] [Times: user=0.06 sys=0.00, real=0.01 secs] 
2016-09-24T02:29:51.778-0400: 65.245: [GC (GCLocker Initiated GC) [PSYoungGen: 141535K->43154K(158208K)] 534395K->447852K(682496K), 0.0252984 secs] [Times: user=0.35 sys=0.00, real=0.03 secs] 
2016-09-24T02:29:51.890-0400: 65.357: [GC (GCLocker Initiated GC) [PSYoungGen: 157842K->60727K(183808K)] 565326K->485307K(708096K), 0.0071771 secs] [Times: user=0.09 sys=0.00, real=0.01 secs] 
2016-09-24T02:29:51.984-0400: 65.450: [GC (Allocation Failure) [PSYoungGen: 173367K->41906K(187392K)] 603555K->483796K(711680K), 0.0081859 secs] [Times: user=0.07 sys=0.00, real=0.00 secs] 
2016-09-24T02:29:51.993-0400: 65.460: [GC (GCLocker Initiated GC) [PSYoungGen: 48052K->5592K(181760K)] 489942K->500017K(706048K), 0.0079913 secs] [Times: user=0.07 sys=0.00, real=0.01 secs] 
2016-09-24T02:29:52.001-0400: 65.468: [Full GC (Ergonomics) [PSYoungGen: 5592K->0K(181760K)] [ParOldGen: 494425K->284217K(524288K)] 500017K->284217K(706048K), [Metaspace: 43777K->43777K(1087488K)], 0.0728478 secs] [Times: user=0.54 sys=0.02, real=0.07 secs] 
2016-09-24T02:29:52.174-0400: 65.641: [GC (GCLocker Initiated GC) [PSYoungGen: 109568K->35115K(185856K)] 395135K->320683K(710144K), 0.0228698 secs] [Times: user=0.28 sys=0.01, real=0.03 secs] 
2016-09-24T02:29:52.276-0400: 65.743: [GC (GCLocker Initiated GC) [PSYoungGen: 144683K->59590K(180736K)] 437037K->352981K(705024K), 0.0066215 secs] [Times: user=0.07 sys=0.00, real=0.01 secs] 
2016-09-24T02:29:52.359-0400: 65.826: [GC (GCLocker Initiated GC) [PSYoungGen: 166086K->67439K(174080K)] 459525K->391630K(698368K), 0.0122696 secs] [Times: user=0.17 sys=0.01, real=0.01 secs] 
2016-09-24T02:29:52.446-0400: 65.913: [GC (GCLocker Initiated GC) [PSYoungGen: 173935K->41849K(181760K)] 500855K->385826K(706048K), 0.0060817 secs] [Times: user=0.08 sys=0.00, real=0.00 secs] 
2016-09-24T02:29:52.521-0400: 65.987: [GC (GCLocker Initiated GC) [PSYoungGen: 140153K->53967K(152576K)] 484236K->404384K(676864K), 0.0072294 secs] [Times: user=0.06 sys=0.00, real=0.01 secs] 
2016-09-24T02:29:52.606-0400: 66.072: [GC (GCLocker Initiated GC) [PSYoungGen: 152271K->58022K(176640K)] 502717K->409307K(700928K), 0.0079727 secs] [Times: user=0.08 sys=0.02, real=0.00 secs] 
2016-09-24T02:29:52.674-0400: 66.141: [GC (GCLocker Initiated GC) [PSYoungGen: 154790K->33591K(178176K)] 508901K->399328K(702464K), 0.0153544 secs] [Times: user=0.14 sys=0.00, real=0.01 secs] 
2016-09-24T02:29:52.770-0400: 66.237: [GC (GCLocker Initiated GC) [PSYoungGen: 130359K->37584K(176640K)] 498864K->406896K(700928K), 0.0121827 secs] [Times: user=0.13 sys=0.00, real=0.02 secs] 
2016-09-24T02:29:52.846-0400: 66.313: [GC (GCLocker Initiated GC) [PSYoungGen: 138448K->27845K(178688K)] 510580K->400775K(702976K), 0.0215860 secs] [Times: user=0.22 sys=0.00, real=0.02 secs] 
2016-09-24T02:29:52.949-0400: 66.416: [GC (GCLocker Initiated GC) [PSYoungGen: 128709K->21379K(184320K)] 516821K->410113K(708608K), 0.0045629 secs] [Times: user=0.04 sys=0.00, real=0.00 secs] 
2016-09-24T02:29:53.043-0400: 66.510: [GC (GCLocker Initiated GC) [PSYoungGen: 127875K->41696K(148480K)] 519330K->433984K(672768K), 0.0069460 secs] [Times: user=0.06 sys=0.01, real=0.00 secs] 
2016-09-24T02:29:53.141-0400: 66.608: [GC (GCLocker Initiated GC) [PSYoungGen: 148192K->36421K(183296K)] 545989K->451286K(707584K), 0.0061549 secs] [Times: user=0.06 sys=0.01, real=0.01 secs] 
2016-09-24T02:29:53.227-0400: 66.694: [GC (GCLocker Initiated GC) [PSYoungGen: 145477K->43230K(180736K)] 563283K->472708K(705024K), 0.0063926 secs] [Times: user=0.06 sys=0.00, real=0.00 secs] 
2016-09-24T02:29:53.322-0400: 66.789: [GC (GCLocker Initiated GC) [PSYoungGen: 152286K->42098K(187904K)] 589919K->480675K(712192K), 0.0058421 secs] [Times: user=0.06 sys=0.00, real=0.01 secs] 
2016-09-24T02:29:53.408-0400: 66.874: [GC (GCLocker Initiated GC) [PSYoungGen: 160370K->48666K(185856K)] 598960K->488390K(710144K), 0.0062262 secs] [Times: user=0.07 sys=0.00, real=0.00 secs] 
2016-09-24T02:29:53.495-0400: 66.962: [GC (GCLocker Initiated GC) [PSYoungGen: 166938K->47434K(193024K)] 609483K->490915K(717312K), 0.0086471 secs] [Times: user=0.06 sys=0.01, real=0.01 secs] 
2016-09-24T02:29:53.611-0400: 67.078: [GC (GCLocker Initiated GC) [PSYoungGen: 172874K->28729K(192512K)] 620442K->488279K(716800K), 0.0261690 secs] [Times: user=0.33 sys=0.00, real=0.03 secs] 
2016-09-24T02:29:53.735-0400: 67.202: [GC (GCLocker Initiated GC) [PSYoungGen: 154169K->27187K(194560K)] 616433K->509648K(718848K), 0.0069382 secs] [Times: user=0.06 sys=0.00, real=0.00 secs] 
2016-09-24T02:29:53.840-0400: 67.307: [Full GC (Ergonomics) [PSYoungGen: 155187K->0K(194560K)] [ParOldGen: 494759K->290507K(524288K)] 649946K->290507K(718848K), [Metaspace: 43777K->43777K(1087488K)], 0.0635617 secs] [Times: user=0.43 sys=0.01, real=0.07 secs] 
2016-09-24T02:29:54.005-0400: 67.472: [GC (GCLocker Initiated GC) [PSYoungGen: 128000K->53014K(181248K)] 423991K->349006K(705536K), 0.0220983 secs] [Times: user=0.30 sys=0.01, real=0.02 secs] 
2016-09-24T02:29:54.118-0400: 67.585: [GC (GCLocker Initiated GC) [PSYoungGen: 181014K->50308K(192000K)] 482439K->363830K(716288K), 0.0066372 secs] [Times: user=0.07 sys=0.00, real=0.01 secs] 
2016-09-24T02:29:54.223-0400: 67.690: [GC (GCLocker Initiated GC) [PSYoungGen: 173188K->38343K(161280K)] 494925K->366692K(685568K), 0.0144796 secs] [Times: user=0.15 sys=0.00, real=0.01 secs] 
2016-09-24T02:29:54.329-0400: 67.796: [GC (GCLocker Initiated GC) [PSYoungGen: 161223K->40822K(193536K)] 489575K->378639K(717824K), 0.0099120 secs] [Times: user=0.05 sys=0.01, real=0.01 secs] 
2016-09-24T02:29:54.436-0400: 67.903: [GC (GCLocker Initiated GC) [PSYoungGen: 166774K->55900K(190976K)] 504654K->395204K(715264K), 0.0088579 secs] [Times: user=0.11 sys=0.00, real=0.01 secs] 
2016-09-24T02:29:54.552-0400: 68.019: [GC (GCLocker Initiated GC) [PSYoungGen: 181852K->49120K(194048K)] 525239K->393943K(718336K), 0.0232448 secs] [Times: user=0.29 sys=0.00, real=0.03 secs] 
2016-09-24T02:29:54.682-0400: 68.149: [GC (GCLocker Initiated GC) [PSYoungGen: 175072K->42496K(168960K)] 523467K->392330K(693248K), 0.0096133 secs] [Times: user=0.10 sys=0.01, real=0.00 secs] 
2016-09-24T02:29:54.788-0400: 68.255: [GC (GCLocker Initiated GC) [PSYoungGen: 168448K->31344K(191488K)] 521047K->385395K(715776K), 0.0068433 secs] [Times: user=0.04 sys=0.01, real=0.01 secs] 
2016-09-24T02:29:54.892-0400: 68.359: [GC (GCLocker Initiated GC) [PSYoungGen: 157296K->41083K(191488K)] 519466K->415498K(715776K), 0.0110152 secs] [Times: user=0.14 sys=0.01, real=0.02 secs] 
2016-09-24T02:29:54.998-0400: 68.465: [GC (GCLocker Initiated GC) [PSYoungGen: 167035K->45168K(195584K)] 546865K->426451K(719872K), 0.0142827 secs] [Times: user=0.18 sys=0.01, real=0.01 secs] 
2016-09-24T02:29:55.114-0400: 68.581: [GC (GCLocker Initiated GC) [PSYoungGen: 177264K->58733K(194560K)] 558558K->441451K(718848K), 0.0059971 secs] [Times: user=0.06 sys=0.01, real=0.01 secs] 
2016-09-24T02:29:55.223-0400: 68.690: [GC (GCLocker Initiated GC) [PSYoungGen: 190829K->46734K(196608K)] 578507K->435916K(720896K), 0.0056314 secs] [Times: user=0.06 sys=0.00, real=0.00 secs] 
2016-09-24T02:29:55.322-0400: 68.789: [GC (GCLocker Initiated GC) [PSYoungGen: 176782K->43638K(174080K)] 566047K->434453K(698368K), 0.0054879 secs] [Times: user=0.05 sys=0.00, real=0.00 secs] 
2016-09-24T02:29:55.431-0400: 68.898: [GC (GCLocker Initiated GC) [PSYoungGen: 173686K->27586K(192512K)] 580975K->436183K(716800K), 0.0079032 secs] [Times: user=0.08 sys=0.00, real=0.01 secs] 
2016-09-24T02:29:55.542-0400: 69.009: [GC (GCLocker Initiated GC) [PSYoungGen: 156610K->41057K(193536K)] 573384K->472931K(717824K), 0.0152512 secs] [Times: user=0.19 sys=0.00, real=0.01 secs] 
2016-09-24T02:29:55.659-0400: 69.126: [GC (GCLocker Initiated GC) [PSYoungGen: 170081K->47678K(196608K)] 602090K->499975K(720896K), 0.0078965 secs] [Times: user=0.08 sys=0.00, real=0.01 secs] 
2016-09-24T02:29:55.780-0400: 69.247: [GC (GCLocker Initiated GC) [PSYoungGen: 181822K->43689K(196608K)] 639618K->502848K(720896K), 0.0103582 secs] [Times: user=0.12 sys=0.00, real=0.01 secs] 
2016-09-24T02:29:55.888-0400: 69.355: [GC (GCLocker Initiated GC) [PSYoungGen: 177833K->31415K(198144K)] 642567K->516472K(722432K), 0.0079589 secs] [Times: user=0.07 sys=0.00, real=0.01 secs] 
2016-09-24T02:29:55.997-0400: 69.464: [GC (GCLocker Initiated GC) [PSYoungGen: 168631K->51695K(198144K)] 653692K->538055K(722432K), 0.0114756 secs] [Times: user=0.14 sys=0.00, real=0.01 secs] 
2016-09-24T02:29:56.109-0400: 69.576: [GC (GCLocker Initiated GC) [PSYoungGen: 188911K->45105K(200192K)] 684743K->542249K(724480K), 0.0112911 secs] [Times: user=0.14 sys=0.00, real=0.01 secs] 
2016-09-24T02:29:56.223-0400: 69.690: [Full GC (Ergonomics) [PSYoungGen: 183345K->0K(200192K)] [ParOldGen: 501330K->261840K(524288K)] 684675K->261840K(724480K), [Metaspace: 43777K->43777K(1087488K)], 0.0848151 secs] [Times: user=0.70 sys=0.01, real=0.08 secs] 
2016-09-24T02:29:56.417-0400: 69.883: [GC (GCLocker Initiated GC) [PSYoungGen: 138240K->54627K(193024K)] 400109K->316497K(717312K), 0.0068668 secs] [Times: user=0.07 sys=0.00, real=0.01 secs] 
2016-09-24T02:29:56.519-0400: 69.986: [GC (GCLocker Initiated GC) [PSYoungGen: 192867K->50407K(197120K)] 454758K->334140K(721408K), 0.0095953 secs] [Times: user=0.12 sys=0.00, real=0.01 secs] 
2016-09-24T02:29:56.624-0400: 70.091: [GC (GCLocker Initiated GC) [PSYoungGen: 183527K->29856K(163328K)] 468643K->324392K(687616K), 0.0161967 secs] [Times: user=0.19 sys=0.01, real=0.01 secs] 
2016-09-24T02:29:56.743-0400: 70.209: [GC (GCLocker Initiated GC) [PSYoungGen: 162976K->31019K(197120K)] 460241K->334758K(721408K), 0.0115651 secs] [Times: user=0.13 sys=0.00, real=0.01 secs] 
2016-09-24T02:29:56.855-0400: 70.321: [GC (GCLocker Initiated GC) [PSYoungGen: 163115K->31452K(163840K)] 484493K->370062K(688128K), 0.0208182 secs] [Times: user=0.31 sys=0.00, real=0.02 secs] 
2016-09-24T02:29:56.973-0400: 70.440: [GC (GCLocker Initiated GC) [PSYoungGen: 163548K->39287K(198656K)] 502407K->387438K(722944K), 0.0087240 secs] [Times: user=0.08 sys=0.01, real=0.01 secs] 
2016-09-24T02:29:57.081-0400: 70.547: [GC (GCLocker Initiated GC) [PSYoungGen: 173431K->38061K(172544K)] 529793K->395597K(696832K), 0.0107774 secs] [Times: user=0.10 sys=0.02, real=0.01 secs] 
2016-09-24T02:29:57.201-0400: 70.668: [GC (GCLocker Initiated GC) [PSYoungGen: 172205K->41962K(197632K)] 529771K->400755K(721920K), 0.0048775 secs] [Times: user=0.05 sys=0.00, real=0.01 secs] 
2016-09-24T02:29:57.316-0400: 70.783: [GC (GCLocker Initiated GC) [PSYoungGen: 178666K->33004K(196096K)] 546968K->426756K(720384K), 0.0063195 secs] [Times: user=0.06 sys=0.00, real=0.01 secs] 
2016-09-24T02:29:57.429-0400: 70.896: [GC (GCLocker Initiated GC) [PSYoungGen: 169708K->46133K(200192K)] 566401K->460444K(724480K), 0.0139806 secs] [Times: user=0.19 sys=0.00, real=0.02 secs] 
2016-09-24T02:29:57.552-0400: 71.019: [GC (GCLocker Initiated GC) [PSYoungGen: 187445K->44899K(200704K)] 605985K->464615K(724992K), 0.0065504 secs] [Times: user=0.06 sys=0.00, real=0.01 secs] 
2016-09-24T02:29:57.661-0400: 71.128: [GC (GCLocker Initiated GC) [PSYoungGen: 186211K->44775K(201728K)] 605994K->495565K(726016K), 0.0069148 secs] [Times: user=0.09 sys=0.00, real=0.01 secs] 
2016-09-24T02:29:57.771-0400: 71.238: [GC (GCLocker Initiated GC) [PSYoungGen: 188647K->43319K(202240K)] 642170K->530314K(726528K), 0.0145591 secs] [Times: user=0.17 sys=0.00, real=0.02 secs] 
2016-09-24T02:29:57.786-0400: 71.253: [Full GC (Ergonomics) [PSYoungGen: 43319K->0K(202240K)] [ParOldGen: 486994K->276310K(524288K)] 530314K->276310K(726528K), [Metaspace: 43779K->43779K(1087488K)], 0.0562100 secs] [Times: user=0.44 sys=0.02, real=0.06 secs] 
2016-09-24T02:29:57.946-0400: 71.413: [GC (GCLocker Initiated GC) [PSYoungGen: 143872K->57305K(196096K)] 420289K->336422K(720384K), 0.0101292 secs] [Times: user=0.14 sys=0.00, real=0.01 secs] 
2016-09-24T02:29:58.056-0400: 71.523: [GC (GCLocker Initiated GC) [PSYoungGen: 195545K->42167K(200192K)] 474696K->329566K(724480K), 0.0076499 secs] [Times: user=0.09 sys=0.00, real=0.01 secs] 
2016-09-24T02:29:58.165-0400: 71.632: [GC (GCLocker Initiated GC) [PSYoungGen: 180407K->29825K(199680K)] 476010K->342838K(723968K), 0.0058318 secs] [Times: user=0.06 sys=0.00, real=0.00 secs] 
2016-09-24T02:29:58.272-0400: 71.739: [GC (GCLocker Initiated GC) [PSYoungGen: 169601K->59722K(199680K)] 485387K->379363K(723968K), 0.0062720 secs] [Times: user=0.07 sys=0.00, real=0.01 secs] 
2016-09-24T02:29:58.385-0400: 71.852: [GC (GCLocker Initiated GC) [PSYoungGen: 199498K->35262K(195584K)] 522029K->369728K(719872K), 0.0069592 secs] [Times: user=0.06 sys=0.00, real=0.00 secs] 
2016-09-24T02:29:58.492-0400: 71.959: [GC (GCLocker Initiated GC) [PSYoungGen: 168382K->50272K(183808K)] 505565K->388695K(708096K), 0.0086616 secs] [Times: user=0.11 sys=0.01, real=0.01 secs] 
2016-09-24T02:29:58.594-0400: 72.061: [GC (GCLocker Initiated GC) [PSYoungGen: 183392K->58320K(190464K)] 524554K->400568K(714752K), 0.0122736 secs] [Times: user=0.17 sys=0.01, real=0.01 secs] 
2016-09-24T02:29:58.693-0400: 72.160: [GC (GCLocker Initiated GC) [PSYoungGen: 183248K->66452K(191488K)] 528227K->412547K(715776K), 0.0061890 secs] [Times: user=0.07 sys=0.00, real=0.01 secs] 
2016-09-24T02:29:58.809-0400: 72.276: [GC (GCLocker Initiated GC) [PSYoungGen: 191380K->54208K(184320K)] 544256K->408208K(708608K), 0.0109329 secs] [Times: user=0.16 sys=0.00, real=0.01 secs] 
2016-09-24T02:29:58.920-0400: 72.387: [GC (GCLocker Initiated GC) [PSYoungGen: 167872K->36505K(187904K)] 527312K->415892K(712192K), 0.0067720 secs] [Times: user=0.06 sys=0.01, real=0.01 secs] 
2016-09-24T02:29:59.010-0400: 72.477: [GC (GCLocker Initiated GC) [PSYoungGen: 150169K->55458K(187392K)] 529614K->435828K(711680K), 0.0059027 secs] [Times: user=0.07 sys=0.00, real=0.01 secs] 
2016-09-24T02:29:59.099-0400: 72.566: [GC (GCLocker Initiated GC) [PSYoungGen: 169122K->40355K(154112K)] 549496K->437899K(678400K), 0.0082139 secs] [Times: user=0.06 sys=0.00, real=0.01 secs] 
2016-09-24T02:29:59.176-0400: 72.643: [GC (GCLocker Initiated GC) [PSYoungGen: 154019K->68832K(178176K)] 551646K->467368K(702464K), 0.0126435 secs] [Times: user=0.18 sys=0.00, real=0.01 secs] 
2016-09-24T02:29:59.268-0400: 72.735: [GC (GCLocker Initiated GC) [PSYoungGen: 174304K->54038K(183808K)] 581052K->461566K(708096K), 0.0057135 secs] [Times: user=0.07 sys=0.00, real=0.00 secs] 
2016-09-24T02:29:59.358-0400: 72.825: [GC (GCLocker Initiated GC) [PSYoungGen: 159510K->29683K(183808K)] 579278K->450336K(708096K), 0.0105277 secs] [Times: user=0.15 sys=0.00, real=0.01 secs] 
2016-09-24T02:29:59.448-0400: 72.915: [GC (GCLocker Initiated GC) [PSYoungGen: 136179K->36310K(142848K)] 560010K->479975K(667136K), 0.0088552 secs] [Times: user=0.10 sys=0.01, real=0.01 secs] 
2016-09-24T02:29:59.526-0400: 72.993: [GC (GCLocker Initiated GC) [PSYoungGen: 142806K->53964K(183808K)] 586692K->498708K(708096K), 0.0071006 secs] [Times: user=0.06 sys=0.01, real=0.00 secs] 
2016-09-24T02:29:59.606-0400: 73.073: [GC (GCLocker Initiated GC) [PSYoungGen: 160972K->26786K(183808K)] 613864K->491248K(708096K), 0.0096889 secs] [Times: user=0.07 sys=0.01, real=0.01 secs] 
2016-09-24T02:29:59.698-0400: 73.165: [GC (GCLocker Initiated GC) [PSYoungGen: 133794K->36271K(181760K)] 599878K->503219K(706048K), 0.0292261 secs] [Times: user=0.27 sys=0.00, real=0.03 secs] 
2016-09-24T02:29:59.822-0400: 73.289: [GC (Allocation Failure) [PSYoungGen: 144303K->40505K(183296K)] 622084K->519201K(707584K), 0.0058542 secs] [Times: user=0.05 sys=0.01, real=0.00 secs] 
2016-09-24T02:29:59.830-0400: 73.297: [GC (GCLocker Initiated GC) [PSYoungGen: 44504K->3052K(181760K)] 523200K->523324K(706048K), 0.0047487 secs] [Times: user=0.06 sys=0.00, real=0.01 secs] 
2016-09-24T02:29:59.835-0400: 73.302: [Full GC (Ergonomics) [PSYoungGen: 3052K->0K(181760K)] [ParOldGen: 520272K->300501K(524288K)] 523324K->300501K(706048K), [Metaspace: 43781K->43781K(1087488K)], 0.0560387 secs] [Times: user=0.47 sys=0.01, real=0.05 secs] 
2016-09-24T02:29:59.973-0400: 73.440: [GC (GCLocker Initiated GC) [PSYoungGen: 107938K->22786K(185344K)] 411139K->325988K(709632K), 0.0055786 secs] [Times: user=0.05 sys=0.00, real=0.01 secs] 
2016-09-24T02:30:00.047-0400: 73.514: [GC (GCLocker Initiated GC) [PSYoungGen: 131330K->57901K(178688K)] 434561K->363428K(702976K), 0.0122251 secs] [Times: user=0.17 sys=0.00, real=0.01 secs] 
2016-09-24T02:30:00.129-0400: 73.596: [GC (GCLocker Initiated GC) [PSYoungGen: 160301K->48505K(182272K)] 468599K->365625K(706560K), 0.0068333 secs] [Times: user=0.06 sys=0.00, real=0.01 secs] 
2016-09-24T02:30:00.222-0400: 73.689: [GC (Allocation Failure) [PSYoungGen: 150905K->30882K(177152K)] 479047K->370639K(701440K), 0.0062735 secs] [Times: user=0.06 sys=0.00, real=0.01 secs] 
2016-09-24T02:30:00.310-0400: 73.777: [GC (GCLocker Initiated GC) [PSYoungGen: 133866K->39030K(180224K)] 477673K->383747K(704512K), 0.0138669 secs] [Times: user=0.18 sys=0.00, real=0.02 secs] 
2016-09-24T02:30:00.395-0400: 73.862: [GC (GCLocker Initiated GC) [PSYoungGen: 142454K->55294K(182272K)] 487231K->400917K(706560K), 0.0061454 secs] [Times: user=0.08 sys=0.00, real=0.00 secs] 
2016-09-24T02:30:00.479-0400: 73.946: [GC (GCLocker Initiated GC) [PSYoungGen: 164350K->49855K(184832K)] 518086K->404357K(709120K), 0.0099854 secs] [Times: user=0.12 sys=0.00, real=0.01 secs] 
2016-09-24T02:30:00.567-0400: 74.034: [GC (GCLocker Initiated GC) [PSYoungGen: 158911K->44390K(181760K)] 513476K->399738K(706048K), 0.0074570 secs] [Times: user=0.06 sys=0.00, real=0.01 secs] 
2016-09-24T02:30:00.670-0400: 74.136: [GC (GCLocker Initiated GC) [PSYoungGen: 155494K->44461K(184320K)] 513714K->411659K(708608K), 0.0072841 secs] [Times: user=0.05 sys=0.01, real=0.01 secs] 
2016-09-24T02:30:00.771-0400: 74.237: [GC (GCLocker Initiated GC) [PSYoungGen: 155565K->29599K(187904K)] 529635K->407238K(712192K), 0.0056087 secs] [Times: user=0.04 sys=0.00, real=0.01 secs] 
2016-09-24T02:30:00.863-0400: 74.330: [GC (GCLocker Initiated GC) [PSYoungGen: 147871K->40431K(188416K)] 534704K->428281K(712704K), 0.0059525 secs] [Times: user=0.07 sys=0.00, real=0.00 secs] 
2016-09-24T02:30:00.975-0400: 74.442: [GC (GCLocker Initiated GC) [PSYoungGen: 158703K->39142K(188928K)] 553332K->434628K(713216K), 0.0060445 secs] [Times: user=0.08 sys=0.00, real=0.00 secs] 
2016-09-24T02:30:01.068-0400: 74.535: [GC (GCLocker Initiated GC) [PSYoungGen: 163558K->36449K(189440K)] 567221K->465306K(713728K), 0.0070714 secs] [Times: user=0.06 sys=0.00, real=0.01 secs] 
2016-09-24T02:30:01.162-0400: 74.629: [GC (GCLocker Initiated GC) [PSYoungGen: 160865K->58222K(189440K)] 592460K->496094K(713728K), 0.0070944 secs] [Times: user=0.09 sys=0.00, real=0.00 secs] 
2016-09-24T02:30:01.263-0400: 74.730: [GC (GCLocker Initiated GC) [PSYoungGen: 184174K->51267K(177664K)] 622075K->506362K(701952K), 0.0095054 secs] [Times: user=0.12 sys=0.00, real=0.00 secs] 
2016-09-24T02:30:01.364-0400: 74.831: [GC (GCLocker Initiated GC) [PSYoungGen: 177219K->54156K(190464K)] 632328K->523610K(714752K), 0.0169830 secs] [Times: user=0.23 sys=0.00, real=0.01 secs] 
2016-09-24T02:30:01.476-0400: 74.942: [GC (GCLocker Initiated GC) [PSYoungGen: 176012K->43172K(165376K)] 648208K->516306K(689664K), 0.0143013 secs] [Times: user=0.14 sys=0.00, real=0.01 secs] 
2016-09-24T02:30:01.600-0400: 75.067: [GC (GCLocker Initiated GC) [PSYoungGen: 165028K->41959K(192512K)] 640895K->518829K(716800K), 0.0069695 secs] [Times: user=0.08 sys=0.00, real=0.01 secs] 
2016-09-24T02:30:01.693-0400: 75.160: [GC (GCLocker Initiated GC) [PSYoungGen: 166887K->29620K(190976K)] 643815K->518455K(715264K), 0.0161976 secs] [Times: user=0.15 sys=0.00, real=0.02 secs] 
2016-09-24T02:30:01.805-0400: 75.272: [GC (GCLocker Initiated GC) [PSYoungGen: 154548K->33642K(195072K)] 646263K->537179K(719360K), 0.0095453 secs] [Times: user=0.08 sys=0.01, real=0.01 secs] 
2016-09-24T02:30:01.815-0400: 75.282: [Full GC (Ergonomics) [PSYoungGen: 33642K->0K(195072K)] [ParOldGen: 503536K->289014K(524288K)] 537179K->289014K(719360K), [Metaspace: 43788K->43788K(1087488K)], 0.1984071 secs] [Times: user=2.78 sys=0.02, real=0.19 secs] 
2016-09-24T02:30:02.110-0400: 75.577: [GC (GCLocker Initiated GC) [PSYoungGen: 129024K->59637K(188928K)] 418164K->348777K(713216K), 0.0100479 secs] [Times: user=0.15 sys=0.01, real=0.01 secs] 
2016-09-24T02:30:02.218-0400: 75.685: [GC (GCLocker Initiated GC) [PSYoungGen: 188661K->36445K(194048K)] 477818K->326749K(718336K), 0.0161160 secs] [Times: user=0.13 sys=0.02, real=0.01 secs] 
2016-09-24T02:30:02.323-0400: 75.790: [GC (GCLocker Initiated GC) [PSYoungGen: 160861K->37843K(162304K)] 455323K->333202K(686592K), 0.0047307 secs] [Times: user=0.05 sys=0.00, real=0.00 secs] 
2016-09-24T02:30:02.417-0400: 75.884: [GC (GCLocker Initiated GC) [PSYoungGen: 162259K->66204K(182272K)] 457655K->367921K(706560K), 0.0066043 secs] [Times: user=0.07 sys=0.00, real=0.01 secs] 
2016-09-24T02:30:02.494-0400: 75.961: [GC (GCLocker Initiated GC) [PSYoungGen: 181916K->56729K(172544K)] 483711K->370288K(696832K), 0.0075361 secs] [Times: user=0.07 sys=0.00, real=0.01 secs] 
2016-09-24T02:30:02.582-0400: 76.049: [GC (GCLocker Initiated GC) [PSYoungGen: 172441K->49983K(188928K)] 486134K->375319K(713216K), 0.0067531 secs] [Times: user=0.09 sys=0.00, real=0.00 secs] 
2016-09-24T02:30:02.664-0400: 76.131: [GC (GCLocker Initiated GC) [PSYoungGen: 164159K->47253K(161792K)] 495135K->379104K(686080K), 0.0077967 secs] [Times: user=0.07 sys=0.00, real=0.00 secs] 
2016-09-24T02:30:02.760-0400: 76.227: [GC (GCLocker Initiated GC) [PSYoungGen: 161429K->51338K(185856K)] 501470K->392267K(710144K), 0.0059047 secs] [Times: user=0.08 sys=0.00, real=0.01 secs] 
2016-09-24T02:30:02.860-0400: 76.327: [GC (GCLocker Initiated GC) [PSYoungGen: 166026K->49957K(185344K)] 509656K->394422K(709632K), 0.0070411 secs] [Times: user=0.09 sys=0.00, real=0.01 secs] 
2016-09-24T02:30:02.951-0400: 76.418: [GC (GCLocker Initiated GC) [PSYoungGen: 164645K->33754K(189440K)] 517370K->387402K(713728K), 0.0054881 secs] [Times: user=0.06 sys=0.00, real=0.01 secs] 
2016-09-24T02:30:03.031-0400: 76.498: [GC (GCLocker Initiated GC) [PSYoungGen: 154074K->63458K(183808K)] 507824K->418056K(708096K), 0.0068629 secs] [Times: user=0.09 sys=0.00, real=0.01 secs] 
2016-09-24T02:30:03.121-0400: 76.588: [GC (GCLocker Initiated GC) [PSYoungGen: 183778K->56720K(187392K)] 538453K->412193K(711680K), 0.0069532 secs] [Times: user=0.07 sys=0.00, real=0.01 secs] 
2016-09-24T02:30:03.211-0400: 76.678: [GC (GCLocker Initiated GC) [PSYoungGen: 170384K->49864K(163840K)] 533987K->422433K(688128K), 0.0064586 secs] [Times: user=0.07 sys=0.00, real=0.01 secs] 
2016-09-24T02:30:03.297-0400: 76.764: [GC (GCLocker Initiated GC) [PSYoungGen: 163528K->56615K(185856K)] 536216K->454419K(710144K), 0.0072522 secs] [Times: user=0.10 sys=0.00, real=0.01 secs] 
2016-09-24T02:30:03.385-0400: 76.851: [GC (GCLocker Initiated GC) [PSYoungGen: 170279K->40439K(186368K)] 576213K->465954K(710656K), 0.0057816 secs] [Times: user=0.07 sys=0.01, real=0.00 secs] 
2016-09-24T02:30:03.475-0400: 76.942: [GC (GCLocker Initiated GC) [PSYoungGen: 154103K->21485K(185856K)] 597250K->476238K(710144K), 0.0071452 secs] [Times: user=0.07 sys=0.01, real=0.00 secs] 
2016-09-24T02:30:03.567-0400: 77.033: [GC (GCLocker Initiated GC) [PSYoungGen: 135149K->51245K(187904K)] 589975K->517694K(712192K), 0.0128738 secs] [Times: user=0.15 sys=0.00, real=0.01 secs] 
2016-09-24T02:30:03.654-0400: 77.121: [GC (GCLocker Initiated GC) [PSYoungGen: 164909K->38978K(184320K)] 634061K->522418K(708608K), 0.0069254 secs] [Times: user=0.06 sys=0.00, real=0.00 secs] 
2016-09-24T02:30:03.740-0400: 77.207: [GC (GCLocker Initiated GC) [PSYoungGen: 153154K->66075K(180736K)] 636605K->550375K(705024K), 0.0096911 secs] [Times: user=0.13 sys=0.00, real=0.01 secs] 
2016-09-24T02:30:03.836-0400: 77.303: [GC (GCLocker Initiated GC) [PSYoungGen: 180251K->44269K(187392K)] 664658K->529444K(711680K), 0.0064067 secs] [Times: user=0.04 sys=0.01, real=0.01 secs] 
2016-09-24T02:30:03.915-0400: 77.382: [GC (GCLocker Initiated GC) [PSYoungGen: 154861K->39004K(150016K)] 645570K->544000K(674304K), 0.0066388 secs] [Times: user=0.06 sys=0.00, real=0.00 secs] 
2016-09-24T02:30:03.922-0400: 77.389: [Full GC (Ergonomics) [PSYoungGen: 39004K->0K(150016K)] [ParOldGen: 504996K->310252K(524288K)] 544000K->310252K(674304K), [Metaspace: 43791K->43791K(1087488K)], 0.0603158 secs] [Times: user=0.39 sys=0.01, real=0.07 secs] 
2016-09-24T02:30:04.062-0400: 77.529: [GC (GCLocker Initiated GC) [PSYoungGen: 110592K->33672K(184320K)] 423564K->346645K(708608K), 0.0093941 secs] [Times: user=0.08 sys=0.00, real=0.00 secs] 
2016-09-24T02:30:04.152-0400: 77.618: [GC (GCLocker Initiated GC) [PSYoungGen: 144776K->34821K(183808K)] 463223K->367727K(708096K), 0.0107048 secs] [Times: user=0.07 sys=0.00, real=0.02 secs] 
2016-09-24T02:30:04.248-0400: 77.715: [GC (GCLocker Initiated GC) [PSYoungGen: 145925K->18792K(186880K)] 487250K->382477K(711168K), 0.0113650 secs] [Times: user=0.12 sys=0.01, real=0.01 secs] 
2016-09-24T02:30:04.343-0400: 77.810: [GC (GCLocker Initiated GC) [PSYoungGen: 133480K->44398K(159232K)] 497194K->409002K(683520K), 0.0060667 secs] [Times: user=0.06 sys=0.01, real=0.00 secs] 
2016-09-24T02:30:04.433-0400: 77.900: [GC (GCLocker Initiated GC) [PSYoungGen: 159086K->49953K(186880K)] 523702K->418075K(711168K), 0.0133833 secs] [Times: user=0.17 sys=0.00, real=0.02 secs] 
2016-09-24T02:30:04.556-0400: 78.023: [GC (GCLocker Initiated GC) [PSYoungGen: 165665K->33911K(187392K)] 539196K->408371K(711680K), 0.0051154 secs] [Times: user=0.06 sys=0.00, real=0.00 secs] 
2016-09-24T02:30:04.648-0400: 78.115: [GC (GCLocker Initiated GC) [PSYoungGen: 149623K->50138K(189440K)] 529497K->431060K(713728K), 0.0058360 secs] [Times: user=0.08 sys=0.00, real=0.01 secs] 
2016-09-24T02:30:04.747-0400: 78.214: [GC (GCLocker Initiated GC) [PSYoungGen: 169434K->40599K(189440K)] 559997K->432187K(713728K), 0.0047387 secs] [Times: user=0.05 sys=0.00, real=0.00 secs] 
2016-09-24T02:30:04.847-0400: 78.314: [GC (GCLocker Initiated GC) [PSYoungGen: 159895K->39081K(189952K)] 556610K->453012K(714240K), 0.0083766 secs] [Times: user=0.11 sys=0.00, real=0.01 secs] 
2016-09-24T02:30:04.961-0400: 78.428: [GC (GCLocker Initiated GC) [PSYoungGen: 162985K->20287K(189952K)] 589296K->458296K(714240K), 0.0061077 secs] [Times: user=0.05 sys=0.00, real=0.01 secs] 
2016-09-24T02:30:05.103-0400: 78.570: [GC (GCLocker Initiated GC) [PSYoungGen: 144191K->24462K(195072K)] 590301K->471687K(719360K), 0.0314275 secs] [Times: user=0.36 sys=0.00, real=0.03 secs] 
2016-09-24T02:30:05.253-0400: 78.720: [GC (GCLocker Initiated GC) [PSYoungGen: 151950K->32714K(160256K)] 611337K->493333K(684544K), 0.0063477 secs] [Times: user=0.07 sys=0.01, real=0.01 secs] 
2016-09-24T02:30:05.360-0400: 78.827: [GC (GCLocker Initiated GC) [PSYoungGen: 160202K->59520K(186368K)] 620901K->521515K(710656K), 0.0151562 secs] [Times: user=0.24 sys=0.01, real=0.02 secs] 
2016-09-24T02:30:05.468-0400: 78.935: [GC (GCLocker Initiated GC) [PSYoungGen: 180352K->58325K(179200K)] 645162K->524125K(703488K), 0.0063832 secs] [Times: user=0.09 sys=0.00, real=0.01 secs] 
2016-09-24T02:30:05.576-0400: 79.043: [GC (GCLocker Initiated GC) [PSYoungGen: 179157K->47410K(188928K)] 647732K->517074K(713216K), 0.0056998 secs] [Times: user=0.07 sys=0.00, real=0.01 secs] 
2016-09-24T02:30:05.673-0400: 79.140: [GC (GCLocker Initiated GC) [PSYoungGen: 162098K->52901K(187904K)] 634503K->526351K(712192K), 0.0084992 secs] [Times: user=0.11 sys=0.00, real=0.01 secs] 
2016-09-24T02:30:05.768-0400: 79.235: [GC (GCLocker Initiated GC) [PSYoungGen: 167589K->50027K(188416K)] 643773K->535392K(712704K), 0.0105080 secs] [Times: user=0.14 sys=0.00, real=0.01 secs] 
2016-09-24T02:30:05.872-0400: 79.339: [GC (GCLocker Initiated GC) [PSYoungGen: 164203K->62219K(176640K)] 655002K->553996K(700928K), 0.0056425 secs] [Times: user=0.07 sys=0.00, real=0.01 secs] 
2016-09-24T02:30:05.971-0400: 79.438: [GC (GCLocker Initiated GC) [PSYoungGen: 176395K->25848K(183808K)] 676465K->545807K(708096K), 0.0150526 secs] [Times: user=0.16 sys=0.01, real=0.02 secs] 
2016-09-24T02:30:05.987-0400: 79.453: [Full GC (Ergonomics) [PSYoungGen: 25848K->0K(183808K)] [ParOldGen: 519959K->331023K(524288K)] 545807K->331023K(708096K), [Metaspace: 43791K->43791K(1087488K)], 0.0660446 secs] [Times: user=0.47 sys=0.01, real=0.06 secs] 
2016-09-24T02:30:06.144-0400: 79.611: [GC (GCLocker Initiated GC) [PSYoungGen: 106496K->49117K(155648K)] 444447K->387069K(679936K), 0.0051858 secs] [Times: user=0.07 sys=0.00, real=0.00 secs] 
2016-09-24T02:30:06.228-0400: 79.695: [GC (GCLocker Initiated GC) [PSYoungGen: 155613K->60999K(179712K)] 493597K->400291K(704000K), 0.0065661 secs] [Times: user=0.09 sys=0.00, real=0.01 secs] 
2016-09-24T02:30:06.310-0400: 79.777: [GC (GCLocker Initiated GC) [PSYoungGen: 164423K->36540K(182784K)] 509326K->396054K(707072K), 0.0095747 secs] [Times: user=0.07 sys=0.00, real=0.01 secs] 
2016-09-24T02:30:06.403-0400: 79.870: [GC (GCLocker Initiated GC) [PSYoungGen: 139964K->55603K(182784K)] 504967K->432511K(707072K), 0.0068793 secs] [Times: user=0.09 sys=0.00, real=0.00 secs] 
2016-09-24T02:30:06.505-0400: 79.971: [GC (GCLocker Initiated GC) [PSYoungGen: 161075K->38023K(143872K)] 537998K->432333K(668160K), 0.0065132 secs] [Times: user=0.10 sys=0.00, real=0.00 secs] 
2016-09-24T02:30:06.589-0400: 80.056: [GC (GCLocker Initiated GC) [PSYoungGen: 143495K->43303K(185344K)] 545937K->446870K(709632K), 0.0077657 secs] [Times: user=0.12 sys=0.00, real=0.01 secs] 
2016-09-24T02:30:06.690-0400: 80.157: [GC (GCLocker Initiated GC) [PSYoungGen: 152359K->39213K(182784K)] 564078K->451960K(707072K), 0.0093800 secs] [Times: user=0.10 sys=0.00, real=0.01 secs] 
2016-09-24T02:30:06.768-0400: 80.235: [GC (GCLocker Initiated GC) [PSYoungGen: 148269K->41882K(185856K)] 561050K->469116K(710144K), 0.0117808 secs] [Times: user=0.11 sys=0.00, real=0.01 secs] 
2016-09-24T02:30:06.865-0400: 80.332: [GC (GCLocker Initiated GC) [PSYoungGen: 156058K->29847K(183808K)] 592925K->470305K(708096K), 0.0111161 secs] [Times: user=0.10 sys=0.00, real=0.01 secs] 
2016-09-24T02:30:06.965-0400: 80.432: [GC (GCLocker Initiated GC) [PSYoungGen: 144023K->32508K(191488K)] 596642K->486056K(715776K), 0.0049295 secs] [Times: user=0.04 sys=0.00, real=0.00 secs] 
2016-09-24T02:30:07.069-0400: 80.536: [GC (GCLocker Initiated GC) [PSYoungGen: 154364K->54069K(190464K)] 608041K->508707K(714752K), 0.0106773 secs] [Times: user=0.10 sys=0.01, real=0.01 secs] 
2016-09-24T02:30:07.162-0400: 80.629: [GC (GCLocker Initiated GC) [PSYoungGen: 175925K->43268K(190464K)] 631978K->511123K(714752K), 0.0142021 secs] [Times: user=0.16 sys=0.00, real=0.01 secs] 
2016-09-24T02:30:07.270-0400: 80.737: [GC (GCLocker Initiated GC) [PSYoungGen: 166148K->38057K(190976K)] 639494K->517749K(715264K), 0.0104764 secs] [Times: user=0.10 sys=0.00, real=0.01 secs] 
2016-09-24T02:30:07.365-0400: 80.832: [GC (GCLocker Initiated GC) [PSYoungGen: 160937K->65011K(183808K)] 640710K->551206K(708096K), 0.0062427 secs] [Times: user=0.08 sys=0.01, real=0.00 secs] 
2016-09-24T02:30:07.473-0400: 80.939: [GC (GCLocker Initiated GC) --[PSYoungGen: 182771K->182771K(183808K)] 681311K->706584K(708096K), 0.0103807 secs] [Times: user=0.08 sys=0.00, real=0.02 secs] 
2016-09-24T02:30:07.483-0400: 80.950: [Full GC (Ergonomics) [PSYoungGen: 182771K->0K(183808K)] [ParOldGen: 523812K->337443K(524288K)] 706584K->337443K(708096K), [Metaspace: 43807K->43807K(1087488K)], 0.0600532 secs] [Times: user=0.48 sys=0.01, real=0.06 secs] 
2016-09-24T02:30:07.633-0400: 81.100: [GC (GCLocker Initiated GC) [PSYoungGen: 117760K->42399K(189952K)] 461982K->386621K(714240K), 0.0096579 secs] [Times: user=0.12 sys=0.00, real=0.02 secs] 
2016-09-24T02:30:07.733-0400: 81.200: [GC (GCLocker Initiated GC) [PSYoungGen: 160159K->56675K(188928K)] 505993K->406604K(713216K), 0.0114508 secs] [Times: user=0.07 sys=0.02, real=0.02 secs] 
2016-09-24T02:30:07.832-0400: 81.299: [GC (GCLocker Initiated GC) [PSYoungGen: 175459K->54118K(173056K)] 530794K->410490K(697344K), 0.0070329 secs] [Times: user=0.10 sys=0.00, real=0.01 secs] 
2016-09-24T02:30:07.937-0400: 81.404: [GC (GCLocker Initiated GC) [PSYoungGen: 172902K->55649K(187904K)] 532145K->423972K(712192K), 0.0069274 secs] [Times: user=0.09 sys=0.00, real=0.01 secs] 
2016-09-24T02:30:08.034-0400: 81.501: [GC (GCLocker Initiated GC) [PSYoungGen: 171361K->58188K(174080K)] 542446K->446610K(698368K), 0.0059482 secs] [Times: user=0.08 sys=0.01, real=0.00 secs] 
2016-09-24T02:30:08.142-0400: 81.609: [GC (GCLocker Initiated GC) [PSYoungGen: 173900K->40896K(188928K)] 569103K->458748K(713216K), 0.0058506 secs] [Times: user=0.10 sys=0.00, real=0.01 secs] 
2016-09-24T02:30:08.241-0400: 81.708: [GC (GCLocker Initiated GC) [PSYoungGen: 155072K->36768K(151040K)] 577041K->459947K(675328K), 0.0063551 secs] [Times: user=0.06 sys=0.00, real=0.01 secs] 
2016-09-24T02:30:08.334-0400: 81.801: [GC (GCLocker Initiated GC) [PSYoungGen: 150944K->51588K(187904K)] 576864K->478664K(712192K), 0.0062329 secs] [Times: user=0.06 sys=0.00, real=0.01 secs] 
2016-09-24T02:30:08.431-0400: 81.898: [GC (GCLocker Initiated GC) [PSYoungGen: 166788K->43490K(186880K)] 597947K->475758K(711168K), 0.0066007 secs] [Times: user=0.06 sys=0.00, real=0.01 secs] 
2016-09-24T02:30:08.528-0400: 81.995: [GC (GCLocker Initiated GC) [PSYoungGen: 158690K->44859K(188416K)] 593708K->481196K(712704K), 0.0057700 secs] [Times: user=0.07 sys=0.00, real=0.01 secs] 
2016-09-24T02:30:08.623-0400: 82.090: [GC (GCLocker Initiated GC) [PSYoungGen: 164667K->40840K(187904K)] 603793K->481113K(712192K), 0.0048492 secs] [Times: user=0.06 sys=0.00, real=0.00 secs] 
2016-09-24T02:30:08.723-0400: 82.190: [GC (GCLocker Initiated GC) [PSYoungGen: 160648K->49177K(193024K)] 606392K->496163K(717312K), 0.0061475 secs] [Times: user=0.07 sys=0.00, real=0.00 secs] 
2016-09-24T02:30:08.826-0400: 82.293: [GC (GCLocker Initiated GC) [PSYoungGen: 175641K->48933K(192512K)] 625360K->499970K(716800K), 0.0070100 secs] [Times: user=0.07 sys=0.00, real=0.00 secs] 
2016-09-24T02:30:08.927-0400: 82.394: [GC (GCLocker Initiated GC) [PSYoungGen: 175397K->38042K(195072K)] 626523K->517315K(719360K), 0.0071952 secs] [Times: user=0.08 sys=0.01, real=0.01 secs] 
2016-09-24T02:30:09.037-0400: 82.504: [GC (GCLocker Initiated GC) [PSYoungGen: 168090K->31622K(194560K)] 655472K->541756K(718848K), 0.0118473 secs] [Times: user=0.19 sys=0.00, real=0.01 secs] 
2016-09-24T02:30:09.049-0400: 82.516: [Full GC (Ergonomics) [PSYoungGen: 31622K->0K(194560K)] [ParOldGen: 510134K->294714K(524288K)] 541756K->294714K(718848K), [Metaspace: 43807K->43807K(1087488K)], 0.0790278 secs] [Times: user=0.79 sys=0.00, real=0.08 secs] 
2016-09-24T02:30:09.225-0400: 82.692: [GC (GCLocker Initiated GC) [PSYoungGen: 130048K->63143K(186880K)] 424896K->366091K(711168K), 0.0093503 secs] [Times: user=0.12 sys=0.01, real=0.01 secs] 
2016-09-24T02:30:09.335-0400: 82.802: [GC (GCLocker Initiated GC) [PSYoungGen: 184999K->45070K(192000K)] 490703K->355296K(716288K), 0.0058510 secs] [Times: user=0.07 sys=0.00, real=0.00 secs] 
2016-09-24T02:30:09.438-0400: 82.905: [GC (GCLocker Initiated GC) [PSYoungGen: 166926K->39605K(187904K)] 477222K->386355K(712192K), 0.0063998 secs] [Times: user=0.08 sys=0.00, real=0.01 secs] 
2016-09-24T02:30:09.531-0400: 82.997: [GC (GCLocker Initiated GC) [PSYoungGen: 163509K->55962K(190976K)] 510351K->409529K(715264K), 0.0131040 secs] [Times: user=0.13 sys=0.00, real=0.02 secs] 
2016-09-24T02:30:09.649-0400: 83.116: [GC (GCLocker Initiated GC) [PSYoungGen: 179866K->46411K(192512K)] 536247K->404150K(716800K), 0.0094962 secs] [Times: user=0.12 sys=0.00, real=0.01 secs] 
2016-09-24T02:30:09.765-0400: 83.232: [GC (GCLocker Initiated GC) [PSYoungGen: 172875K->38235K(193024K)] 537404K->404137K(717312K), 0.0094829 secs] [Times: user=0.09 sys=0.01, real=0.01 secs] 
2016-09-24T02:30:09.881-0400: 83.348: [GC (GCLocker Initiated GC) [PSYoungGen: 164699K->43549K(192512K)] 530630K->410889K(716800K), 0.0097232 secs] [Times: user=0.13 sys=0.00, real=0.01 secs] 
2016-09-24T02:30:10.000-0400: 83.467: [GC (GCLocker Initiated GC) [PSYoungGen: 173085K->54570K(194048K)] 547286K->451639K(718336K), 0.0068586 secs] [Times: user=0.10 sys=0.01, real=0.01 secs] 
2016-09-24T02:30:10.109-0400: 83.576: [GC (GCLocker Initiated GC) [PSYoungGen: 184106K->46309K(195072K)] 583888K->460999K(719360K), 0.0067610 secs] [Times: user=0.07 sys=0.01, real=0.01 secs] 
2016-09-24T02:30:10.229-0400: 83.696: [GC (GCLocker Initiated GC) [PSYoungGen: 177893K->61131K(193024K)] 592623K->477100K(717312K), 0.0067635 secs] [Times: user=0.08 sys=0.01, real=0.01 secs] 
2016-09-24T02:30:10.345-0400: 83.812: [GC (GCLocker Initiated GC) [PSYoungGen: 192715K->23453K(190464K)] 627823K->492260K(714752K), 0.0058296 secs] [Times: user=0.08 sys=0.00, real=0.00 secs] 
2016-09-24T02:30:10.458-0400: 83.925: [GC (GCLocker Initiated GC) [PSYoungGen: 146333K->50552K(192512K)] 618903K->524463K(716800K), 0.0057962 secs] [Times: user=0.07 sys=0.00, real=0.01 secs] 
2016-09-24T02:30:10.549-0400: 84.016: [GC (GCLocker Initiated GC) [PSYoungGen: 173432K->54324K(190976K)] 647377K->529664K(715264K), 0.0071047 secs] [Times: user=0.08 sys=0.00, real=0.01 secs] 
2016-09-24T02:30:10.657-0400: 84.123: [Full GC (Ergonomics) [PSYoungGen: 176180K->0K(190976K)] [ParOldGen: 489022K->320395K(524288K)] 665202K->320395K(715264K), [Metaspace: 43808K->43808K(1087488K)], 0.0793461 secs] [Times: user=0.80 sys=0.00, real=0.08 secs] 
2016-09-24T02:30:10.829-0400: 84.296: [GC (GCLocker Initiated GC) [PSYoungGen: 121856K->61350K(183296K)] 442328K->381823K(707584K), 0.0100774 secs] [Times: user=0.14 sys=0.00, real=0.01 secs] 
2016-09-24T02:30:10.940-0400: 84.407: [GC (GCLocker Initiated GC) [PSYoungGen: 183206K->32760K(188928K)] 513341K->372408K(713216K), 0.0053914 secs] [Times: user=0.06 sys=0.00, real=0.01 secs] 
2016-09-24T02:30:11.047-0400: 84.514: [GC (GCLocker Initiated GC) [PSYoungGen: 148472K->40560K(156672K)] 500506K->393928K(680960K), 0.0114803 secs] [Times: user=0.15 sys=0.00, real=0.01 secs] 
2016-09-24T02:30:11.156-0400: 84.623: [GC (GCLocker Initiated GC) [PSYoungGen: 156272K->24284K(186368K)] 513767K->382757K(710656K), 0.0061038 secs] [Times: user=0.04 sys=0.00, real=0.01 secs] 
2016-09-24T02:30:11.251-0400: 84.718: [GC (GCLocker Initiated GC) [PSYoungGen: 138972K->38099K(187392K)] 500149K->422027K(711680K), 0.0055642 secs] [Times: user=0.08 sys=0.00, real=0.01 secs] 
2016-09-24T02:30:11.335-0400: 84.802: [GC (GCLocker Initiated GC) [PSYoungGen: 152787K->47455K(186880K)] 536736K->432534K(711168K), 0.0123253 secs] [Times: user=0.16 sys=0.00, real=0.01 secs] 
2016-09-24T02:30:11.426-0400: 84.893: [GC (GCLocker Initiated GC) [PSYoungGen: 165727K->57067K(187904K)] 553580K->456891K(712192K), 0.0068815 secs] [Times: user=0.09 sys=0.00, real=0.00 secs] 
2016-09-24T02:30:11.523-0400: 84.990: [GC (GCLocker Initiated GC) [PSYoungGen: 175339K->47497K(190464K)] 580785K->470300K(714752K), 0.0141227 secs] [Times: user=0.16 sys=0.00, real=0.01 secs] 
2016-09-24T02:30:11.629-0400: 85.096: [GC (GCLocker Initiated GC) [PSYoungGen: 167305K->48890K(189952K)] 595544K->478216K(714240K), 0.0102754 secs] [Times: user=0.12 sys=0.01, real=0.01 secs] 
2016-09-24T02:30:11.738-0400: 85.205: [GC (GCLocker Initiated GC) [PSYoungGen: 168698K->21531K(188416K)] 603162K->457147K(712704K), 0.0074845 secs] [Times: user=0.04 sys=0.00, real=0.01 secs] 
2016-09-24T02:30:11.831-0400: 85.297: [GC (GCLocker Initiated GC) [PSYoungGen: 140827K->52903K(190464K)] 576477K->489666K(714752K), 0.0099615 secs] [Times: user=0.13 sys=0.00, real=0.01 secs] 
2016-09-24T02:30:11.927-0400: 85.394: [GC (GCLocker Initiated GC) [PSYoungGen: 172199K->43603K(186368K)] 614387K->503130K(710656K), 0.0077139 secs] [Times: user=0.10 sys=0.00, real=0.01 secs] 
2016-09-24T02:30:12.028-0400: 85.495: [GC (GCLocker Initiated GC) [PSYoungGen: 162899K->28627K(188416K)] 633266K->521867K(712704K), 0.0174646 secs] [Times: user=0.22 sys=0.00, real=0.02 secs] 
2016-09-24T02:30:12.046-0400: 85.512: [Full GC (Ergonomics) [PSYoungGen: 28627K->0K(188416K)] [ParOldGen: 493239K->329133K(524288K)] 521867K->329133K(712704K), [Metaspace: 43809K->43809K(1087488K)], 0.0583507 secs] [Times: user=0.45 sys=0.02, real=0.06 secs] 
2016-09-24T02:30:12.200-0400: 85.667: [GC (GCLocker Initiated GC) [PSYoungGen: 119296K->27499K(193024K)] 452496K->360700K(717312K), 0.0065030 secs] [Times: user=0.05 sys=0.00, real=0.01 secs] 
2016-09-24T02:30:12.300-0400: 85.767: [GC (GCLocker Initiated GC) [PSYoungGen: 151403K->43505K(167424K)] 490014K->384963K(691712K), 0.0062722 secs] [Times: user=0.08 sys=0.00, real=0.01 secs] 
2016-09-24T02:30:12.401-0400: 85.868: [GC (GCLocker Initiated GC) [PSYoungGen: 167409K->39601K(194048K)] 515788K->389083K(718336K), 0.0051394 secs] [Times: user=0.05 sys=0.01, real=0.01 secs] 
2016-09-24T02:30:12.505-0400: 85.971: [GC (GCLocker Initiated GC) [PSYoungGen: 166065K->40798K(191488K)] 521103K->397197K(715776K), 0.0103784 secs] [Times: user=0.10 sys=0.00, real=0.01 secs] 
2016-09-24T02:30:12.608-0400: 86.075: [GC (GCLocker Initiated GC) [PSYoungGen: 167262K->58489K(188416K)] 523675K->429626K(712704K), 0.0070746 secs] [Times: user=0.10 sys=0.01, real=0.01 secs] 
2016-09-24T02:30:12.713-0400: 86.180: [GC (GCLocker Initiated GC) [PSYoungGen: 183929K->47403K(192512K)] 563260K->427979K(716800K), 0.0152567 secs] [Times: user=0.16 sys=0.00, real=0.02 secs] 
2016-09-24T02:30:12.826-0400: 86.293: [GC (GCLocker Initiated GC) [PSYoungGen: 172843K->35242K(192512K)] 561627K->425201K(716800K), 0.0144444 secs] [Times: user=0.14 sys=0.00, real=0.01 secs] 
2016-09-24T02:30:12.953-0400: 86.420: [GC (GCLocker Initiated GC) [PSYoungGen: 163754K->25761K(194048K)] 556457K->419644K(718336K), 0.0073155 secs] [Times: user=0.05 sys=0.02, real=0.01 secs] 
2016-09-24T02:30:13.077-0400: 86.544: [GC (GCLocker Initiated GC) [PSYoungGen: 154273K->36774K(193024K)] 553566K->456221K(717312K), 0.0065748 secs] [Times: user=0.09 sys=0.00, real=0.01 secs] 
2016-09-24T02:30:13.197-0400: 86.664: [GC (GCLocker Initiated GC) [PSYoungGen: 167334K->27146K(194560K)] 586865K->447951K(718848K), 0.0092831 secs] [Times: user=0.12 sys=0.00, real=0.01 secs] 
2016-09-24T02:30:13.305-0400: 86.772: [GC (GCLocker Initiated GC) [PSYoungGen: 157706K->42016K(196096K)] 578637K->477663K(720384K), 0.0096921 secs] [Times: user=0.13 sys=0.00, real=0.01 secs] 
2016-09-24T02:30:13.424-0400: 86.891: [GC (GCLocker Initiated GC) [PSYoungGen: 176160K->61127K(195584K)] 611841K->511392K(719872K), 0.0149610 secs] [Times: user=0.22 sys=0.00, real=0.01 secs] 
2016-09-24T02:30:13.544-0400: 87.011: [GC (GCLocker Initiated GC) [PSYoungGen: 195271K->39614K(196096K)] 651030K->518252K(720384K), 0.0104548 secs] [Times: user=0.16 sys=0.00, real=0.01 secs] 
2016-09-24T02:30:13.655-0400: 87.122: [GC (GCLocker Initiated GC) [PSYoungGen: 169150K->57162K(186880K)] 653280K->553362K(711168K), 0.0070076 secs] [Times: user=0.08 sys=0.00, real=0.00 secs] 
2016-09-24T02:30:13.662-0400: 87.129: [Full GC (Ergonomics) [PSYoungGen: 57162K->0K(186880K)] [ParOldGen: 496200K->347830K(524288K)] 553362K->347830K(711168K), [Metaspace: 43821K->43821K(1087488K)], 0.0616452 secs] [Times: user=0.59 sys=0.01, real=0.07 secs] 
2016-09-24T02:30:13.840-0400: 87.307: [GC (GCLocker Initiated GC) [PSYoungGen: 129536K->35500K(194048K)] 477477K->383441K(718336K), 0.0128333 secs] [Times: user=0.16 sys=0.01, real=0.01 secs] 
2016-09-24T02:30:13.952-0400: 87.419: [GC (GCLocker Initiated GC) [PSYoungGen: 159916K->53069K(192512K)] 510691K->406696K(716800K), 0.0099202 secs] [Times: user=0.15 sys=0.00, real=0.01 secs] 
2016-09-24T02:30:14.064-0400: 87.531: [GC (GCLocker Initiated GC) [PSYoungGen: 177485K->33992K(193024K)] 536542K->394306K(717312K), 0.0071815 secs] [Times: user=0.07 sys=0.00, real=0.00 secs] 
2016-09-24T02:30:14.167-0400: 87.634: [GC (GCLocker Initiated GC) [PSYoungGen: 157896K->33822K(158208K)] 523648K->403482K(682496K), 0.0087743 secs] [Times: user=0.07 sys=0.01, real=0.01 secs] 
2016-09-24T02:30:14.278-0400: 87.745: [GC (GCLocker Initiated GC) [PSYoungGen: 157726K->51679K(190976K)] 530097K->425265K(715264K), 0.0059351 secs] [Times: user=0.07 sys=0.00, real=0.01 secs] 
2016-09-24T02:30:14.381-0400: 87.848: [GC (GCLocker Initiated GC) [PSYoungGen: 175071K->50131K(192000K)] 548694K->435778K(716288K), 0.0066795 secs] [Times: user=0.08 sys=0.01, real=0.01 secs] 
2016-09-24T02:30:14.478-0400: 87.945: [GC (GCLocker Initiated GC) [PSYoungGen: 173523K->51550K(191488K)] 559193K->465303K(715776K), 0.0064886 secs] [Times: user=0.09 sys=0.00, real=0.01 secs] 
2016-09-24T02:30:14.575-0400: 88.042: [GC (GCLocker Initiated GC) [PSYoungGen: 174430K->44927K(167936K)] 590920K->462593K(692224K), 0.0071323 secs] [Times: user=0.09 sys=0.00, real=0.01 secs] 
2016-09-24T02:30:14.681-0400: 88.148: [GC (GCLocker Initiated GC) [PSYoungGen: 167807K->38300K(192000K)] 588189K->459920K(716288K), 0.0051319 secs] [Times: user=0.06 sys=0.01, real=0.01 secs] 
2016-09-24T02:30:14.784-0400: 88.250: [GC (GCLocker Initiated GC) [PSYoungGen: 163228K->58445K(190976K)] 587656K->484107K(715264K), 0.0108566 secs] [Times: user=0.15 sys=0.00, real=0.01 secs] 
2016-09-24T02:30:14.886-0400: 88.353: [GC (GCLocker Initiated GC) [PSYoungGen: 183373K->55822K(189952K)] 609174K->496332K(714240K), 0.0091800 secs] [Times: user=0.11 sys=0.00, real=0.01 secs] 
2016-09-24T02:30:14.986-0400: 88.453: [GC (GCLocker Initiated GC) [PSYoungGen: 176654K->43639K(164864K)] 625275K->493538K(689152K), 0.0118020 secs] [Times: user=0.17 sys=0.00, real=0.01 secs] 
2016-09-24T02:30:15.096-0400: 88.562: [GC (GCLocker Initiated GC) [PSYoungGen: 164471K->58374K(188416K)] 615752K->510948K(712704K), 0.0062816 secs] [Times: user=0.09 sys=0.00, real=0.00 secs] 
2016-09-24T02:30:15.198-0400: 88.664: [GC (GCLocker Initiated GC) [PSYoungGen: 178182K->31268K(151552K)] 636160K->493101K(675840K), 0.0059346 secs] [Times: user=0.05 sys=0.00, real=0.01 secs] 
2016-09-24T02:30:15.282-0400: 88.749: [GC (GCLocker Initiated GC) [PSYoungGen: 151076K->47348K(192512K)] 613139K->510611K(716800K), 0.0102841 secs] [Times: user=0.11 sys=0.00, real=0.01 secs] 
2016-09-24T02:30:15.389-0400: 88.856: [GC (GCLocker Initiated GC) [PSYoungGen: 168180K->65051K(186368K)] 631518K->540269K(710656K), 0.0182990 secs] [Times: user=0.23 sys=0.01, real=0.02 secs] 
2016-09-24T02:30:15.511-0400: 88.978: [GC (GCLocker Initiated GC) [PSYoungGen: 185883K->32620K(187904K)] 666505K->522423K(712192K), 0.0064613 secs] [Times: user=0.05 sys=0.00, real=0.01 secs] 
2016-09-24T02:30:15.608-0400: 89.075: [GC (GCLocker Initiated GC) [PSYoungGen: 146284K->58374K(172544K)] 638839K->552155K(696832K), 0.0108338 secs] [Times: user=0.14 sys=0.00, real=0.01 secs] 
2016-09-24T02:30:15.704-0400: 89.171: [GC (GCLocker Initiated GC) [PSYoungGen: 172038K->74477K(172032K)] 665960K->572204K(696320K), 0.0083826 secs] [Times: user=0.13 sys=0.01, real=0.00 secs] 
2016-09-24T02:30:15.790-0400: 89.257: [Full GC (Ergonomics) [PSYoungGen: 170733K->0K(172032K)] [ParOldGen: 503167K->329994K(524288K)] 673900K->329994K(696320K), [Metaspace: 43830K->43830K(1087488K)], 0.0830327 secs] [Times: user=0.64 sys=0.02, real=0.08 secs] 
2016-09-24T02:30:15.939-0400: 89.406: [GC (GCLocker Initiated GC) [PSYoungGen: 96256K->45009K(179200K)] 428989K->377751K(703488K), 0.0058804 secs] [Times: user=0.05 sys=0.00, real=0.01 secs] 
2016-09-24T02:30:16.032-0400: 89.499: [GC (GCLocker Initiated GC) [PSYoungGen: 141265K->59537K(178176K)] 476749K->397788K(702464K), 0.0063083 secs] [Times: user=0.08 sys=0.00, real=0.01 secs] 
2016-09-24T02:30:16.115-0400: 89.582: [GC (GCLocker Initiated GC) [PSYoungGen: 157841K->38176K(179712K)] 504340K->401899K(704000K), 0.0138852 secs] [Times: user=0.18 sys=0.01, real=0.01 secs] 
2016-09-24T02:30:16.215-0400: 89.682: [GC (GCLocker Initiated GC) [PSYoungGen: 136480K->34087K(179200K)] 511017K->409749K(703488K), 0.0048391 secs] [Times: user=0.05 sys=0.00, real=0.00 secs] 
2016-09-24T02:30:16.305-0400: 89.772: [GC (GCLocker Initiated GC) [PSYoungGen: 134439K->40672K(180224K)] 514162K->421547K(704512K), 0.0049628 secs] [Times: user=0.07 sys=0.00, real=0.00 secs] 
2016-09-24T02:30:16.380-0400: 89.847: [GC (GCLocker Initiated GC) [PSYoungGen: 141024K->48795K(178176K)] 527438K->436186K(702464K), 0.0059734 secs] [Times: user=0.06 sys=0.01, real=0.01 secs] 
2016-09-24T02:30:16.473-0400: 89.940: [GC (GCLocker Initiated GC) [PSYoungGen: 153243K->45947K(179712K)] 543497K->437282K(704000K), 0.0060695 secs] [Times: user=0.08 sys=0.01, real=0.01 secs] 
2016-09-24T02:30:16.565-0400: 90.032: [GC (GCLocker Initiated GC) [PSYoungGen: 150395K->47429K(183808K)] 552604K->450579K(708096K), 0.0065239 secs] [Times: user=0.10 sys=0.00, real=0.00 secs] 
2016-09-24T02:30:16.673-0400: 90.140: [GC (GCLocker Initiated GC) [PSYoungGen: 161605K->50281K(184832K)] 574299K->474832K(709120K), 0.0072278 secs] [Times: user=0.08 sys=0.01, real=0.01 secs] 
2016-09-24T02:30:16.776-0400: 90.243: [GC (Allocation Failure) [PSYoungGen: 164457K->31280K(189952K)] 598620K->482813K(714240K), 0.0074155 secs] [Times: user=0.10 sys=0.00, real=0.01 secs] 
2016-09-24T02:30:16.786-0400: 90.253: [GC (GCLocker Initiated GC) [PSYoungGen: 35270K->2924K(123904K)] 486802K->488218K(648192K), 0.0043018 secs] [Times: user=0.04 sys=0.00, real=0.00 secs] 
2016-09-24T02:30:16.884-0400: 90.351: [GC (GCLocker Initiated GC) [PSYoungGen: 123756K->51497K(186368K)] 609053K->536834K(710656K), 0.0101097 secs] [Times: user=0.14 sys=0.00, real=0.01 secs] 
2016-09-24T02:30:16.974-0400: 90.441: [GC (GCLocker Initiated GC) [PSYoungGen: 163113K->52758K(164864K)] 648487K->539225K(689152K), 0.0058003 secs] [Times: user=0.08 sys=0.00, real=0.01 secs] 
2016-09-24T02:30:17.060-0400: 90.527: [GC (GCLocker Initiated GC) [PSYoungGen: 164374K->48731K(187904K)] 650869K->544332K(712192K), 0.0058825 secs] [Times: user=0.06 sys=0.00, real=0.01 secs] 
2016-09-24T02:30:17.158-0400: 90.624: [Full GC (Ergonomics) [PSYoungGen: 160859K->0K(187904K)] [ParOldGen: 498375K->340645K(524288K)] 659234K->340645K(712192K), [Metaspace: 43837K->43837K(1087488K)], 0.0631485 secs] [Times: user=0.40 sys=0.03, real=0.06 secs] 
2016-09-24T02:30:17.301-0400: 90.768: [GC (GCLocker Initiated GC) [PSYoungGen: 112128K->38085K(150528K)] 458208K->384166K(674816K), 0.0142072 secs] [Times: user=0.17 sys=0.01, real=0.02 secs] 
2016-09-24T02:30:17.402-0400: 90.869: [GC (GCLocker Initiated GC) [PSYoungGen: 150213K->40542K(187392K)] 496324K->415004K(711680K), 0.0143612 secs] [Times: user=0.20 sys=0.00, real=0.02 secs] 
2016-09-24T02:30:17.491-0400: 90.957: [GC (GCLocker Initiated GC) [PSYoungGen: 155230K->47376K(184832K)] 529703K->449773K(709120K), 0.0103932 secs] [Times: user=0.16 sys=0.00, real=0.01 secs] 
2016-09-24T02:30:17.591-0400: 91.058: [GC (GCLocker Initiated GC) [PSYoungGen: 162064K->37783K(189952K)] 568540K->445227K(714240K), 0.0076168 secs] [Times: user=0.08 sys=0.00, real=0.01 secs] 
2016-09-24T02:30:17.681-0400: 91.148: [GC (GCLocker Initiated GC) [PSYoungGen: 158615K->36357K(188416K)] 571498K->460833K(712704K), 0.0146504 secs] [Times: user=0.16 sys=0.00, real=0.02 secs] 
2016-09-24T02:30:17.780-0400: 91.247: [GC (GCLocker Initiated GC) [PSYoungGen: 157189K->52647K(189952K)] 581775K->478130K(714240K), 0.0060375 secs] [Times: user=0.07 sys=0.00, real=0.01 secs] 
2016-09-24T02:30:17.868-0400: 91.335: [GC (GCLocker Initiated GC) [PSYoungGen: 176551K->43416K(191488K)] 604811K->486119K(715776K), 0.0079537 secs] [Times: user=0.09 sys=0.00, real=0.01 secs] 
2016-09-24T02:30:17.964-0400: 91.431: [GC (GCLocker Initiated GC) [PSYoungGen: 167320K->47088K(194048K)] 611721K->492459K(718336K), 0.0097350 secs] [Times: user=0.14 sys=0.00, real=0.00 secs] 
2016-09-24T02:30:18.059-0400: 91.526: [GC (GCLocker Initiated GC) [PSYoungGen: 176112K->33688K(193536K)] 629627K->487986K(717824K), 0.0104980 secs] [Times: user=0.14 sys=0.00, real=0.01 secs] 
2016-09-24T02:30:18.157-0400: 91.624: [GC (GCLocker Initiated GC) [PSYoungGen: 162712K->43312K(195584K)] 623986K->505410K(719872K), 0.0053706 secs] [Times: user=0.08 sys=0.00, real=0.01 secs] 
2016-09-24T02:30:18.254-0400: 91.721: [GC (GCLocker Initiated GC) [PSYoungGen: 176944K->62245K(196096K)] 641772K->530737K(720384K), 0.0143594 secs] [Times: user=0.22 sys=0.00, real=0.01 secs] 
2016-09-24T02:30:18.369-0400: 91.836: [GC (GCLocker Initiated GC) [PSYoungGen: 195877K->47432K(196096K)] 667198K->527852K(720384K), 0.0064260 secs] [Times: user=0.07 sys=0.00, real=0.01 secs] 
2016-09-24T02:30:18.464-0400: 91.931: [GC (GCLocker Initiated GC) [PSYoungGen: 177480K->55429K(185856K)] 658132K->537093K(710144K), 0.0099040 secs] [Times: user=0.13 sys=0.00, real=0.00 secs] 
2016-09-24T02:30:18.556-0400: 92.023: [GC (GCLocker Initiated GC) [PSYoungGen: 185477K->45788K(196096K)] 667238K->528486K(720384K), 0.0150655 secs] [Times: user=0.20 sys=0.01, real=0.01 secs] 
2016-09-24T02:30:18.657-0400: 92.124: [GC (GCLocker Initiated GC) [PSYoungGen: 173788K->51139K(194048K)] 659198K->545454K(718336K), 0.0069143 secs] [Times: user=0.10 sys=0.00, real=0.01 secs] 
2016-09-24T02:30:18.748-0400: 92.215: [GC (GCLocker Initiated GC) [PSYoungGen: 179139K->54074K(193536K)] 674439K->550057K(717824K), 0.0058632 secs] [Times: user=0.08 sys=0.00, real=0.00 secs] 
2016-09-24T02:30:18.839-0400: 92.306: [GC (GCLocker Initiated GC) [PSYoungGen: 181562K->49923K(194048K)] 681737K->553749K(718336K), 0.0083539 secs] [Times: user=0.09 sys=0.00, real=0.01 secs] 
2016-09-24T02:30:18.848-0400: 92.315: [Full GC (Ergonomics) [PSYoungGen: 49923K->0K(194048K)] [ParOldGen: 503826K->354709K(524288K)] 553749K->354709K(718336K), [Metaspace: 43837K->43837K(1087488K)], 0.0567382 secs] [Times: user=0.43 sys=0.02, real=0.06 secs] 
2016-09-24T02:30:18.997-0400: 92.464: [GC (Allocation Failure) [PSYoungGen: 127488K->43603K(194048K)] 489043K->405166K(718336K), 0.0058239 secs] [Times: user=0.09 sys=0.00, real=0.01 secs] 
2016-09-24T02:30:19.093-0400: 92.560: [GC (GCLocker Initiated GC) [PSYoungGen: 172469K->54295K(194560K)] 539432K->426425K(718848K), 0.0077509 secs] [Times: user=0.11 sys=0.00, real=0.01 secs] 
2016-09-24T02:30:19.193-0400: 92.659: [GC (GCLocker Initiated GC) [PSYoungGen: 184343K->44667K(196608K)] 559517K->420725K(720896K), 0.0057756 secs] [Times: user=0.07 sys=0.00, real=0.01 secs] 
2016-09-24T02:30:19.290-0400: 92.757: [GC (GCLocker Initiated GC) [PSYoungGen: 176763K->45958K(178176K)] 558250K->428344K(702464K), 0.0064994 secs] [Times: user=0.06 sys=0.00, real=0.01 secs] 
2016-09-24T02:30:19.389-0400: 92.856: [GC (GCLocker Initiated GC) [PSYoungGen: 178054K->32525K(195072K)] 563320K->437657K(719360K), 0.0152266 secs] [Times: user=0.11 sys=0.00, real=0.02 secs] 
2016-09-24T02:30:19.529-0400: 92.996: [GC (GCLocker Initiated GC) [PSYoungGen: 164621K->46186K(196096K)] 569790K->452534K(720384K), 0.0100115 secs] [Times: user=0.13 sys=0.00, real=0.01 secs] 
2016-09-24T02:30:19.634-0400: 93.101: [GC (GCLocker Initiated GC) [PSYoungGen: 178282K->23172K(195584K)] 589503K->457118K(719872K), 0.0066142 secs] [Times: user=0.06 sys=0.00, real=0.01 secs] 
2016-09-24T02:30:19.741-0400: 93.207: [GC (GCLocker Initiated GC) [PSYoungGen: 156292K->34051K(197632K)] 601209K->499008K(721920K), 0.0097204 secs] [Times: user=0.12 sys=0.00, real=0.01 secs] 
2016-09-24T02:30:19.847-0400: 93.314: [GC (GCLocker Initiated GC) [PSYoungGen: 167171K->40671K(194048K)] 634838K->509573K(718336K), 0.0146084 secs] [Times: user=0.18 sys=0.00, real=0.01 secs] 
2016-09-24T02:30:19.979-0400: 93.446: [GC (GCLocker Initiated GC) [PSYoungGen: 174303K->24755K(196096K)] 645961K->497630K(720384K), 0.0166713 secs] [Times: user=0.20 sys=0.00, real=0.02 secs] 
2016-09-24T02:30:20.090-0400: 93.556: [GC (GCLocker Initiated GC) [PSYoungGen: 158387K->62452K(187392K)] 631295K->536749K(711680K), 0.0097455 secs] [Times: user=0.14 sys=0.00, real=0.01 secs] 
2016-09-24T02:30:20.190-0400: 93.657: [GC (GCLocker Initiated GC) [PSYoungGen: 186356K->39370K(193024K)] 663381K->520245K(717312K), 0.0148480 secs] [Times: user=0.16 sys=0.00, real=0.02 secs] 
2016-09-24T02:30:20.294-0400: 93.761: [GC (GCLocker Initiated GC) [PSYoungGen: 163274K->51378K(193024K)] 645632K->534930K(717312K), 0.0135962 secs] [Times: user=0.20 sys=0.00, real=0.01 secs] 
2016-09-24T02:30:20.403-0400: 93.870: [GC (GCLocker Initiated GC) [PSYoungGen: 177330K->43331K(169472K)] 663592K->546789K(693760K), 0.0073279 secs] [Times: user=0.10 sys=0.00, real=0.00 secs] 
2016-09-24T02:30:20.411-0400: 93.878: [Full GC (Ergonomics) [PSYoungGen: 43331K->0K(169472K)] [ParOldGen: 503457K->367614K(524288K)] 546789K->367614K(693760K), [Metaspace: 43846K->43846K(1087488K)], 0.0630467 secs] [Times: user=0.48 sys=0.02, real=0.06 secs] 
2016-09-24T02:30:20.570-0400: 94.037: [GC (GCLocker Initiated GC) [PSYoungGen: 125952K->65184K(184320K)] 493616K->435549K(708608K), 0.0103138 secs] [Times: user=0.13 sys=0.00, real=0.01 secs] 
2016-09-24T02:30:20.666-0400: 94.133: [GC (GCLocker Initiated GC) [PSYoungGen: 183968K->52779K(190464K)] 554529K->438054K(714752K), 0.0083406 secs] [Times: user=0.09 sys=0.00, real=0.01 secs] 
2016-09-24T02:30:20.796-0400: 94.263: [GC (GCLocker Initiated GC) [PSYoungGen: 171563K->38015K(188416K)] 563823K->431330K(712704K), 0.0145386 secs] [Times: user=0.20 sys=0.00, real=0.01 secs] 
2016-09-24T02:30:20.902-0400: 94.369: [GC (GCLocker Initiated GC) [PSYoungGen: 156799K->40466K(189440K)] 550165K->437585K(713728K), 0.0063105 secs] [Times: user=0.05 sys=0.00, real=0.01 secs] 
2016-09-24T02:30:20.997-0400: 94.464: [GC (GCLocker Initiated GC) [PSYoungGen: 159250K->43518K(188416K)] 556403K->460495K(712704K), 0.0062570 secs] [Times: user=0.07 sys=0.01, real=0.01 secs] 
2016-09-24T02:30:21.100-0400: 94.567: [GC (GCLocker Initiated GC) [PSYoungGen: 166398K->47447K(189440K)] 583408K->481797K(713728K), 0.0095606 secs] [Times: user=0.12 sys=0.00, real=0.01 secs] 
2016-09-24T02:30:21.193-0400: 94.660: [GC (GCLocker Initiated GC) [PSYoungGen: 170327K->43431K(192512K)] 607413K->484277K(716800K), 0.0118933 secs] [Times: user=0.15 sys=0.00, real=0.02 secs] 
2016-09-24T02:30:21.314-0400: 94.781: [GC (GCLocker Initiated GC) [PSYoungGen: 173479K->30269K(194048K)] 625204K->493927K(718336K), 0.0070862 secs] [Times: user=0.06 sys=0.01, real=0.01 secs] 
2016-09-24T02:30:21.413-0400: 94.880: [GC (GCLocker Initiated GC) [PSYoungGen: 160317K->50154K(196608K)] 624065K->534242K(720896K), 0.0070777 secs] [Times: user=0.08 sys=0.00, real=0.01 secs] 
2016-09-24T02:30:21.525-0400: 94.992: [GC (GCLocker Initiated GC) [PSYoungGen: 182250K->47425K(179712K)] 673167K->539360K(704000K), 0.0208467 secs] [Times: user=0.30 sys=0.01, real=0.02 secs] 
2016-09-24T02:30:21.642-0400: 95.109: [GC (GCLocker Initiated GC) [PSYoungGen: 179521K->36612K(197120K)] 674210K->543282K(721408K), 0.0198447 secs] [Times: user=0.19 sys=0.01, real=0.02 secs] 
2016-09-24T02:30:21.662-0400: 95.129: [Full GC (Ergonomics) [PSYoungGen: 36612K->0K(197120K)] [ParOldGen: 506670K->383064K(524288K)] 543282K->383064K(721408K), [Metaspace: 43851K->43851K(1087488K)], 0.0574590 secs] [Times: user=0.40 sys=0.01, real=0.06 secs] 
2016-09-24T02:30:21.825-0400: 95.292: [GC (GCLocker Initiated GC) [PSYoungGen: 133120K->61474K(195072K)] 516204K->444559K(719360K), 0.0069319 secs] [Times: user=0.08 sys=0.00, real=0.00 secs] 
2016-09-24T02:30:21.935-0400: 95.402: [GC (GCLocker Initiated GC) [PSYoungGen: 194594K->35496K(194048K)] 584572K->428466K(718336K), 0.0107737 secs] [Times: user=0.11 sys=0.01, real=0.01 secs] 
2016-09-24T02:30:22.043-0400: 95.510: [GC (GCLocker Initiated GC) [PSYoungGen: 162472K->54260K(181248K)] 555472K->448518K(705536K), 0.0123376 secs] [Times: user=0.17 sys=0.00, real=0.01 secs] 
2016-09-24T02:30:22.155-0400: 95.622: [GC (GCLocker Initiated GC) [PSYoungGen: 181236K->28421K(191488K)] 576876K->444051K(715776K), 0.0061781 secs] [Times: user=0.07 sys=0.00, real=0.00 secs] 
2016-09-24T02:30:22.249-0400: 95.715: [GC (GCLocker Initiated GC) [PSYoungGen: 151301K->48502K(192512K)] 566971K->467862K(716800K), 0.0074945 secs] [Times: user=0.07 sys=0.00, real=0.01 secs] 
2016-09-24T02:30:22.343-0400: 95.809: [GC (GCLocker Initiated GC) [PSYoungGen: 171382K->52712K(191488K)] 590889K->483920K(715776K), 0.0084746 secs] [Times: user=0.08 sys=0.00, real=0.00 secs] 
2016-09-24T02:30:22.436-0400: 95.903: [GC (GCLocker Initiated GC) [PSYoungGen: 175592K->37898K(161280K)] 606860K->470124K(685568K), 0.0119565 secs] [Times: user=0.13 sys=0.00, real=0.01 secs] 
2016-09-24T02:30:22.531-0400: 95.998: [GC (GCLocker Initiated GC) [PSYoungGen: 160778K->66111K(182784K)] 593034K->502045K(707072K), 0.0076013 secs] [Times: user=0.10 sys=0.00, real=0.01 secs] 
2016-09-24T02:30:22.617-0400: 96.084: [GC (GCLocker Initiated GC) [PSYoungGen: 180799K->41766K(188416K)] 618175K->501608K(712704K), 0.0087580 secs] [Times: user=0.12 sys=0.00, real=0.01 secs] 
2016-09-24T02:30:22.713-0400: 96.180: [GC (GCLocker Initiated GC) [PSYoungGen: 156454K->49915K(183808K)] 627126K->521385K(708096K), 0.0145018 secs] [Times: user=0.16 sys=0.00, real=0.02 secs] 
2016-09-24T02:30:22.816-0400: 96.283: [GC (GCLocker Initiated GC) [PSYoungGen: 166139K->43118K(186880K)] 645738K->547880K(711168K), 0.0077771 secs] [Times: user=0.11 sys=0.00, real=0.01 secs] 
2016-09-24T02:30:22.824-0400: 96.291: [Full GC (Ergonomics) [PSYoungGen: 43118K->0K(186880K)] [ParOldGen: 504762K->357066K(524288K)] 547880K->357066K(711168K), [Metaspace: 43858K->43858K(1087488K)], 0.0704998 secs] [Times: user=0.56 sys=0.00, real=0.07 secs] 
2016-09-24T02:30:22.988-0400: 96.455: [GC (GCLocker Initiated GC) [PSYoungGen: 116224K->39358K(187904K)] 480281K->403416K(712192K), 0.0060535 secs] [Times: user=0.05 sys=0.00, real=0.00 secs] 
2016-09-24T02:30:23.091-0400: 96.558: [GC (GCLocker Initiated GC) [PSYoungGen: 161726K->40556K(190464K)] 528518K->408406K(714752K), 0.0119528 secs] [Times: user=0.17 sys=0.00, real=0.02 secs] 
2016-09-24T02:30:23.203-0400: 96.670: [GC (GCLocker Initiated GC) [PSYoungGen: 162924K->28482K(194048K)] 543074K->423057K(718336K), 0.0092150 secs] [Times: user=0.10 sys=0.00, real=0.00 secs] 
2016-09-24T02:30:23.301-0400: 96.768: [GC (GCLocker Initiated GC) [PSYoungGen: 155970K->32254K(194560K)] 555477K->432722K(718848K), 0.0073046 secs] [Times: user=0.07 sys=0.00, real=0.01 secs] 
2016-09-24T02:30:23.397-0400: 96.864: [GC (GCLocker Initiated GC) [PSYoungGen: 159742K->39088K(192000K)] 567487K->447861K(716288K), 0.0063035 secs] [Times: user=0.04 sys=0.01, real=0.01 secs] 
2016-09-24T02:30:23.494-0400: 96.961: [GC (GCLocker Initiated GC) [PSYoungGen: 167600K->29666K(193536K)] 581952K->444882K(717824K), 0.0059849 secs] [Times: user=0.05 sys=0.00, real=0.01 secs] 
2016-09-24T02:30:23.603-0400: 97.070: [GC (GCLocker Initiated GC) [PSYoungGen: 158178K->52725K(193536K)] 574459K->469925K(717824K), 0.0084692 secs] [Times: user=0.08 sys=0.00, real=0.00 secs] 
2016-09-24T02:30:23.706-0400: 97.172: [GC (GCLocker Initiated GC) [PSYoungGen: 181749K->29519K(195584K)] 606082K->460189K(719872K), 0.0109770 secs] [Times: user=0.08 sys=0.00, real=0.01 secs] 
2016-09-24T02:30:23.807-0400: 97.274: [GC (GCLocker Initiated GC) [PSYoungGen: 158543K->47244K(194560K)] 601392K->490886K(718848K), 0.0161208 secs] [Times: user=0.20 sys=0.01, real=0.02 secs] 
2016-09-24T02:30:23.925-0400: 97.391: [GC (GCLocker Initiated GC) [PSYoungGen: 176268K->31285K(195072K)] 639025K->513773K(719360K), 0.0065685 secs] [Times: user=0.08 sys=0.00, real=0.00 secs] 
2016-09-24T02:30:24.028-0400: 97.495: [GC (GCLocker Initiated GC) [PSYoungGen: 160309K->43330K(193024K)] 648340K->532388K(717312K), 0.0065041 secs] [Times: user=0.07 sys=0.00, real=0.01 secs] 
2016-09-24T02:30:24.129-0400: 97.596: [GC (GCLocker Initiated GC) [PSYoungGen: 173890K->63489K(194560K)] 662995K->564396K(718848K), 0.0131365 secs] [Times: user=0.16 sys=0.01, real=0.02 secs] 
2016-09-24T02:30:24.143-0400: 97.610: [Full GC (Ergonomics) [PSYoungGen: 63489K->0K(194560K)] [ParOldGen: 500907K->370181K(524288K)] 564396K->370181K(718848K), [Metaspace: 43859K->43859K(1087488K)], 0.0759471 secs] [Times: user=0.72 sys=0.01, real=0.07 secs] 
2016-09-24T02:30:24.346-0400: 97.813: [GC (GCLocker Initiated GC) [PSYoungGen: 130560K->43545K(194560K)] 503545K->416531K(718848K), 0.0111818 secs] [Times: user=0.16 sys=0.00, real=0.01 secs] 
2016-09-24T02:30:24.441-0400: 97.908: [GC (GCLocker Initiated GC) [PSYoungGen: 170521K->45904K(173056K)] 543526K->436431K(697344K), 0.0061078 secs] [Times: user=0.08 sys=0.00, real=0.01 secs] 
2016-09-24T02:30:24.527-0400: 97.994: [GC (GCLocker Initiated GC) [PSYoungGen: 172880K->58019K(189440K)] 563488K->449511K(713728K), 0.0060213 secs] [Times: user=0.07 sys=0.00, real=0.00 secs] 
2016-09-24T02:30:24.615-0400: 98.082: [GC (GCLocker Initiated GC) [PSYoungGen: 180899K->48581K(192512K)] 581870K->461202K(716800K), 0.0056924 secs] [Times: user=0.08 sys=0.00, real=0.00 secs] 
2016-09-24T02:30:24.710-0400: 98.177: [GC (GCLocker Initiated GC) [PSYoungGen: 171461K->29606K(192512K)] 586913K->456636K(716800K), 0.0064190 secs] [Times: user=0.06 sys=0.01, real=0.01 secs] 
2016-09-24T02:30:24.809-0400: 98.276: [GC (GCLocker Initiated GC) [PSYoungGen: 153510K->36296K(160256K)] 588016K->471646K(684544K), 0.0059326 secs] [Times: user=0.04 sys=0.02, real=0.01 secs] 
2016-09-24T02:30:24.910-0400: 98.377: [GC (GCLocker Initiated GC) [PSYoungGen: 160200K->44291K(194048K)] 598387K->483222K(718336K), 0.0138297 secs] [Times: user=0.15 sys=0.00, real=0.02 secs] 
2016-09-24T02:30:25.013-0400: 98.480: [GC (GCLocker Initiated GC) [PSYoungGen: 170755K->34958K(192000K)] 609726K->488136K(716288K), 0.0215779 secs] [Times: user=0.26 sys=0.01, real=0.03 secs] 
2016-09-24T02:30:25.117-0400: 98.584: [GC (GCLocker Initiated GC) [PSYoungGen: 161422K->51142K(193024K)] 618750K->509306K(717312K), 0.0091783 secs] [Times: user=0.13 sys=0.00, real=0.01 secs] 
2016-09-24T02:30:25.204-0400: 98.670: [GC (GCLocker Initiated GC) [PSYoungGen: 179142K->56725K(184832K)] 637335K->529211K(709120K), 0.0092186 secs] [Times: user=0.10 sys=0.00, real=0.00 secs] 
2016-09-24T02:30:25.301-0400: 98.768: [GC (GCLocker Initiated GC) [PSYoungGen: 184725K->49941K(194048K)] 659944K->526029K(718336K), 0.0066339 secs] [Times: user=0.08 sys=0.00, real=0.01 secs] 
2016-09-24T02:30:25.394-0400: 98.861: [GC (GCLocker Initiated GC) [PSYoungGen: 175381K->35176K(160768K)] 660966K->548660K(685056K), 0.0071889 secs] [Times: user=0.09 sys=0.00, real=0.00 secs] 
2016-09-24T02:30:25.402-0400: 98.868: [Full GC (Ergonomics) [PSYoungGen: 35176K->0K(160768K)] [ParOldGen: 513483K->379425K(524288K)] 548660K->379425K(685056K), [Metaspace: 43867K->43867K(1087488K)], 0.0655444 secs] [Times: user=0.56 sys=0.01, real=0.07 secs] 
2016-09-24T02:30:25.557-0400: 99.024: [GC (GCLocker Initiated GC) [PSYoungGen: 125440K->52769K(192000K)] 510423K->437753K(716288K), 0.0060081 secs] [Times: user=0.08 sys=0.00, real=0.01 secs] 
2016-09-24T02:30:25.649-0400: 99.116: [GC (GCLocker Initiated GC) [PSYoungGen: 177185K->51259K(193024K)] 570310K->446697K(717312K), 0.0101955 secs] [Times: user=0.11 sys=0.01, real=0.01 secs] 
2016-09-24T02:30:25.750-0400: 99.217: [GC (GCLocker Initiated GC) [PSYoungGen: 175675K->30980K(193536K)] 587518K->462603K(717824K), 0.0145372 secs] [Times: user=0.17 sys=0.00, real=0.02 secs] 
2016-09-24T02:30:25.849-0400: 99.316: [GC (GCLocker Initiated GC) [PSYoungGen: 155908K->55309K(180736K)] 590269K->490642K(705024K), 0.0186393 secs] [Times: user=0.28 sys=0.00, real=0.02 secs] 
2016-09-24T02:30:25.959-0400: 99.426: [GC (GCLocker Initiated GC) [PSYoungGen: 180237K->14494K(186368K)] 627907K->479188K(710656K), 0.0069338 secs] [Times: user=0.04 sys=0.00, real=0.01 secs] 
2016-09-24T02:30:26.038-0400: 99.505: [GC (GCLocker Initiated GC) [PSYoungGen: 130206K->48414K(188928K)] 600538K->519546K(713216K), 0.0105730 secs] [Times: user=0.12 sys=0.00, real=0.01 secs] 
2016-09-24T02:30:26.126-0400: 99.593: [GC (GCLocker Initiated GC) [PSYoungGen: 164126K->55243K(186368K)] 637987K->529874K(710656K), 0.0148918 secs] [Times: user=0.20 sys=0.00, real=0.01 secs] 
2016-09-24T02:30:26.220-0400: 99.687: [GC (GCLocker Initiated GC) [PSYoungGen: 168907K->52752K(187904K)] 650477K->545937K(712192K), 0.0067488 secs] [Times: user=0.11 sys=0.00, real=0.01 secs] 
2016-09-24T02:30:26.313-0400: 99.780: [GC (GCLocker Initiated GC) [PSYoungGen: 166416K->45957K(182784K)] 659627K->542836K(707072K), 0.0070804 secs] [Times: user=0.07 sys=0.00, real=0.01 secs] 
2016-09-24T02:30:26.320-0400: 99.787: [Full GC (Ergonomics) [PSYoungGen: 45957K->0K(182784K)] [ParOldGen: 496878K->386392K(524288K)] 542836K->386392K(707072K), [Metaspace: 43867K->43867K(1087488K)], 0.0649252 secs] [Times: user=0.71 sys=0.00, real=0.07 secs] 
2016-09-24T02:30:26.475-0400: 99.942: [GC (GCLocker Initiated GC) [PSYoungGen: 113664K->54399K(185344K)] 502819K->443554K(709632K), 0.0057950 secs] [Times: user=0.07 sys=0.00, real=0.00 secs] 
2016-09-24T02:30:26.567-0400: 100.034: [GC (GCLocker Initiated GC) [PSYoungGen: 168063K->31081K(189440K)] 561873K->426112K(713728K), 0.0166862 secs] [Times: user=0.19 sys=0.00, real=0.02 secs] 
2016-09-24T02:30:26.672-0400: 100.138: [GC (Allocation Failure) [PSYoungGen: 147817K->33834K(151040K)] 544249K->431310K(675328K), 0.0189181 secs] [Times: user=0.19 sys=0.00, real=0.02 secs] 
2016-09-24T02:30:26.772-0400: 100.239: [GC (GCLocker Initiated GC) [PSYoungGen: 150484K->45822K(190464K)] 550661K->447041K(714752K), 0.0206254 secs] [Times: user=0.20 sys=0.00, real=0.02 secs] 
2016-09-24T02:30:26.885-0400: 100.351: [GC (GCLocker Initiated GC) [PSYoungGen: 164606K->52855K(188416K)] 573995K->463156K(712704K), 0.0130141 secs] [Times: user=0.18 sys=0.01, real=0.01 secs] 
2016-09-24T02:30:26.989-0400: 100.456: [GC (Allocation Failure) [PSYoungGen: 171639K->43373K(188416K)] 582052K->460212K(712704K), 0.0084334 secs] [Times: user=0.07 sys=0.00, real=0.01 secs] 
2016-09-24T02:30:27.089-0400: 100.556: [GC (GCLocker Initiated GC) [PSYoungGen: 164431K->18496K(189952K)] 582621K->448456K(714240K), 0.0299807 secs] [Times: user=0.33 sys=0.01, real=0.03 secs] 
2016-09-24T02:30:27.210-0400: 100.677: [GC (GCLocker Initiated GC) [PSYoungGen: 140352K->45934K(193024K)] 575946K->482306K(717312K), 0.0138624 secs] [Times: user=0.18 sys=0.00, real=0.02 secs] 
2016-09-24T02:30:27.310-0400: 100.777: [GC (GCLocker Initiated GC) [PSYoungGen: 168814K->48615K(171520K)] 605606K->486310K(695808K), 0.0222188 secs] [Times: user=0.29 sys=0.00, real=0.02 secs] 
2016-09-24T02:30:27.418-0400: 100.885: [GC (GCLocker Initiated GC) [PSYoungGen: 171495K->66267K(181248K)] 609431K->505176K(705536K), 0.0069315 secs] [Times: user=0.08 sys=0.01, real=0.01 secs] 
2016-09-24T02:30:27.509-0400: 100.976: [GC (Allocation Failure) [PSYoungGen: 178907K->50005K(187392K)] 620746K->492751K(711680K), 0.0115252 secs] [Times: user=0.15 sys=0.00, real=0.01 secs] 
2016-09-24T02:30:27.610-0400: 101.077: [GC (GCLocker Initiated GC) [PSYoungGen: 162645K->50013K(183296K)] 605397K->493721K(707584K), 0.0054687 secs] [Times: user=0.07 sys=0.00, real=0.01 secs] 
2016-09-24T02:30:27.695-0400: 101.161: [GC (GCLocker Initiated GC) [PSYoungGen: 163677K->58216K(185856K)] 610319K->505815K(710144K), 0.0074925 secs] [Times: user=0.11 sys=0.01, real=0.01 secs] 
2016-09-24T02:30:27.795-0400: 101.262: [GC (GCLocker Initiated GC) [PSYoungGen: 171880K->61053K(182784K)] 622217K->512340K(707072K), 0.0057566 secs] [Times: user=0.07 sys=0.00, real=0.00 secs] 
2016-09-24T02:30:27.894-0400: 101.360: [GC (GCLocker Initiated GC) [PSYoungGen: 169597K->43503K(185344K)] 627663K->510826K(709632K), 0.0071171 secs] [Times: user=0.07 sys=0.00, real=0.01 secs] 
2016-09-24T02:30:27.992-0400: 101.459: [GC (GCLocker Initiated GC) [PSYoungGen: 152047K->51480K(181760K)] 619381K->530701K(706048K), 0.0062726 secs] [Times: user=0.08 sys=0.00, real=0.01 secs] 
2016-09-24T02:30:28.085-0400: 101.552: [GC (GCLocker Initiated GC) [PSYoungGen: 162072K->54080K(183808K)] 641314K->534332K(708096K), 0.0062437 secs] [Times: user=0.09 sys=0.00, real=0.00 secs] 
2016-09-24T02:30:28.166-0400: 101.633: [GC (GCLocker Initiated GC) [PSYoungGen: 164672K->60796K(185856K)] 644979K->542052K(710144K), 0.0065283 secs] [Times: user=0.09 sys=0.00, real=0.00 secs] 
2016-09-24T02:30:28.260-0400: 101.726: [GC (GCLocker Initiated GC) [PSYoungGen: 173436K->48492K(161280K)] 654843K->530863K(685568K), 0.0115963 secs] [Times: user=0.12 sys=0.01, real=0.01 secs] 
2016-09-24T02:30:28.352-0400: 101.819: [GC (GCLocker Initiated GC) [PSYoungGen: 161132K->54311K(187392K)] 647855K->550039K(711680K), 0.0097413 secs] [Times: user=0.07 sys=0.01, real=0.01 secs] 
2016-09-24T02:30:28.459-0400: 101.926: [GC (GCLocker Initiated GC) [PSYoungGen: 168999K->38003K(186880K)] 675970K->551531K(711168K), 0.0139125 secs] [Times: user=0.12 sys=0.00, real=0.01 secs] 
2016-09-24T02:30:28.473-0400: 101.940: [Full GC (Ergonomics) [PSYoungGen: 38003K->0K(186880K)] [ParOldGen: 513528K->375259K(524288K)] 551531K->375259K(711168K), [Metaspace: 43869K->43869K(1087488K)], 0.0890958 secs] [Times: user=0.93 sys=0.00, real=0.10 secs] 
2016-09-24T02:30:28.654-0400: 102.120: [GC (GCLocker Initiated GC) [PSYoungGen: 114688K->35116K(189440K)] 492669K->413098K(713728K), 0.0104698 secs] [Times: user=0.10 sys=0.00, real=0.02 secs] 
2016-09-24T02:30:28.752-0400: 102.219: [GC (GCLocker Initiated GC) [PSYoungGen: 152364K->43358K(160768K)] 540022K->440219K(685056K), 0.0069684 secs] [Times: user=0.10 sys=0.00, real=0.01 secs] 
2016-09-24T02:30:28.844-0400: 102.311: [GC (GCLocker Initiated GC) [PSYoungGen: 160606K->47435K(190976K)] 562889K->458822K(715264K), 0.0059296 secs] [Times: user=0.08 sys=0.01, real=0.00 secs] 
2016-09-24T02:30:28.941-0400: 102.408: [GC (GCLocker Initiated GC) [PSYoungGen: 167755K->35299K(188416K)] 587311K->474725K(712704K), 0.0100523 secs] [Times: user=0.11 sys=0.00, real=0.01 secs] 
2016-09-24T02:30:29.042-0400: 102.509: [GC (GCLocker Initiated GC) [PSYoungGen: 155619K->48917K(192512K)] 600553K->500288K(716800K), 0.0162726 secs] [Times: user=0.18 sys=0.00, real=0.02 secs] 
2016-09-24T02:30:29.156-0400: 102.623: [GC (GCLocker Initiated GC) [PSYoungGen: 173333K->55592K(191488K)] 624774K->510864K(715776K), 0.0079801 secs] [Times: user=0.07 sys=0.00, real=0.01 secs] 
2016-09-24T02:30:29.258-0400: 102.725: [GC (GCLocker Initiated GC) [PSYoungGen: 180008K->39271K(194048K)] 638117K->522920K(718336K), 0.0069579 secs] [Times: user=0.08 sys=0.00, real=0.01 secs] 
2016-09-24T02:30:29.364-0400: 102.830: [GC (GCLocker Initiated GC) [PSYoungGen: 165223K->57028K(183296K)] 651794K->544647K(707584K), 0.0102146 secs] [Times: user=0.12 sys=0.00, real=0.00 secs] 
2016-09-24T02:30:29.463-0400: 102.930: [GC (GCLocker Initiated GC) [PSYoungGen: 182980K->31106K(191488K)] 673340K->533376K(715776K), 0.0075649 secs] [Times: user=0.07 sys=0.00, real=0.00 secs] 
2016-09-24T02:30:29.471-0400: 102.938: [Full GC (Ergonomics) [PSYoungGen: 31106K->0K(191488K)] [ParOldGen: 502269K->381480K(524288K)] 533376K->381480K(715776K), [Metaspace: 43869K->43869K(1087488K)], 0.0613556 secs] [Times: user=0.50 sys=0.01, real=0.06 secs] 
2016-09-24T02:30:29.620-0400: 103.087: [GC (GCLocker Initiated GC) [PSYoungGen: 121856K->49119K(171008K)] 504779K->432043K(695296K), 0.0071267 secs] [Times: user=0.08 sys=0.01, real=0.01 secs] 
2016-09-24T02:30:29.720-0400: 103.187: [GC (GCLocker Initiated GC) [PSYoungGen: 170975K->32833K(191488K)] 563408K->426607K(715776K), 0.0070944 secs] [Times: user=0.06 sys=0.01, real=0.01 secs] 
2016-09-24T02:30:29.820-0400: 103.287: [GC (GCLocker Initiated GC) [PSYoungGen: 155201K->44833K(167424K)] 549046K->450722K(691712K), 0.0078223 secs] [Times: user=0.10 sys=0.00, real=0.01 secs] 
2016-09-24T02:30:29.939-0400: 103.406: [GC (GCLocker Initiated GC) [PSYoungGen: 167201K->32726K(190464K)] 577157K->443811K(714752K), 0.0050577 secs] [Times: user=0.05 sys=0.01, real=0.01 secs] 
2016-09-24T02:30:30.033-0400: 103.500: [GC (GCLocker Initiated GC) [PSYoungGen: 156630K->36757K(190464K)] 571552K->452891K(714752K), 0.0244499 secs] [Times: user=0.25 sys=0.00, real=0.03 secs] 
2016-09-24T02:30:30.144-0400: 103.611: [GC (GCLocker Initiated GC) [PSYoungGen: 160661K->40670K(192512K)] 580916K->462054K(716800K), 0.0069412 secs] [Times: user=0.06 sys=0.00, real=0.00 secs] 
2016-09-24T02:30:30.242-0400: 103.709: [GC (GCLocker Initiated GC) [PSYoungGen: 170718K->37864K(193536K)] 594992K->463228K(717824K), 0.0234201 secs] [Times: user=0.21 sys=0.01, real=0.02 secs] 
2016-09-24T02:30:30.369-0400: 103.836: [GC (GCLocker Initiated GC) [PSYoungGen: 167912K->35226K(196608K)] 597379K->465762K(720896K), 0.0108917 secs] [Times: user=0.10 sys=0.02, real=0.01 secs] 
2016-09-24T02:30:30.494-0400: 103.961: [GC (GCLocker Initiated GC) [PSYoungGen: 171418K->35327K(197632K)] 607451K->472574K(721920K), 0.0097356 secs] [Times: user=0.08 sys=0.00, real=0.02 secs] 
2016-09-24T02:30:30.609-0400: 104.076: [GC (GCLocker Initiated GC) [PSYoungGen: 171519K->48903K(199168K)] 608787K->487373K(723456K), 0.0068621 secs] [Times: user=0.06 sys=0.00, real=0.01 secs] 
2016-09-24T02:30:30.721-0400: 104.188: [GC (GCLocker Initiated GC) [PSYoungGen: 187143K->22056K(160768K)] 639135K->494188K(685056K), 0.0248461 secs] [Times: user=0.31 sys=0.01, real=0.03 secs] 
2016-09-24T02:30:30.846-0400: 104.313: [GC (GCLocker Initiated GC) [PSYoungGen: 160296K->39795K(201216K)] 638032K->535083K(725504K), 0.0121121 secs] [Times: user=0.14 sys=0.01, real=0.01 secs] 
2016-09-24T02:30:30.965-0400: 104.432: [Full GC (Ergonomics) [PSYoungGen: 178035K->0K(201216K)] [ParOldGen: 499404K->395117K(524288K)] 677439K->395117K(725504K), [Metaspace: 43870K->43870K(1087488K)], 0.0598603 secs] [Times: user=0.43 sys=0.00, real=0.06 secs] 
2016-09-24T02:30:31.125-0400: 104.592: [GC (GCLocker Initiated GC) [PSYoungGen: 138240K->45075K(183808K)] 536298K->443134K(708096K), 0.0081130 secs] [Times: user=0.09 sys=0.00, real=0.00 secs] 
2016-09-24T02:30:31.244-0400: 104.711: [GC (GCLocker Initiated GC) [PSYoungGen: 183315K->34227K(199168K)] 586791K->439108K(723456K), 0.0050517 secs] [Times: user=0.07 sys=0.00, real=0.00 secs] 
2016-09-24T02:30:31.358-0400: 104.824: [GC (GCLocker Initiated GC) [PSYoungGen: 172979K->31532K(198656K)] 584639K->444567K(722944K), 0.0054817 secs] [Times: user=0.07 sys=0.00, real=0.01 secs] 
2016-09-24T02:30:31.472-0400: 104.939: [GC (GCLocker Initiated GC) [PSYoungGen: 170284K->26066K(200192K)] 598394K->455506K(724480K), 0.0085345 secs] [Times: user=0.10 sys=0.00, real=0.01 secs] 
2016-09-24T02:30:31.590-0400: 105.057: [GC (GCLocker Initiated GC) [PSYoungGen: 167378K->53146K(194560K)] 599675K->486873K(718848K), 0.0061495 secs] [Times: user=0.08 sys=0.00, real=0.01 secs] 
2016-09-24T02:30:31.706-0400: 105.173: [GC (GCLocker Initiated GC) [PSYoungGen: 194458K->32683K(200704K)] 628199K->467758K(724992K), 0.0049891 secs] [Times: user=0.04 sys=0.00, real=0.00 secs] 
2016-09-24T02:30:31.832-0400: 105.299: [GC (GCLocker Initiated GC) [PSYoungGen: 170411K->14488K(152576K)] 629979K->486185K(676864K), 0.0148448 secs] [Times: user=0.16 sys=0.00, real=0.02 secs] 
2016-09-24T02:30:31.958-0400: 105.425: [GC (GCLocker Initiated GC) [PSYoungGen: 152216K->55923K(189440K)] 626662K->532027K(713728K), 0.0066673 secs] [Times: user=0.07 sys=0.00, real=0.01 secs] 
2016-09-24T02:30:32.063-0400: 105.529: [GC (GCLocker Initiated GC) [PSYoungGen: 181875K->49045K(175104K)] 663458K->540139K(699392K), 0.0104743 secs] [Times: user=0.13 sys=0.00, real=0.00 secs] 
2016-09-24T02:30:32.173-0400: 105.640: [GC (GCLocker Initiated GC) [PSYoungGen: 174997K->67912K(177664K)] 668831K->562981K(701952K), 0.0100158 secs] [Times: user=0.12 sys=0.00, real=0.02 secs] 
2016-09-24T02:30:32.282-0400: 105.749: [GC (GCLocker Initiated GC) --[PSYoungGen: 176456K->176456K(177664K)] 678459K->698672K(701952K), 0.0144868 secs] [Times: user=0.13 sys=0.00, real=0.01 secs] 
2016-09-24T02:30:32.297-0400: 105.764: [Full GC (Ergonomics) [PSYoungGen: 176456K->0K(177664K)] [ParOldGen: 522216K->410050K(524288K)] 698672K->410050K(701952K), [Metaspace: 43870K->43870K(1087488K)], 0.0701148 secs] [Times: user=0.62 sys=0.00, real=0.07 secs] 
2016-09-24T02:30:32.468-0400: 105.935: [GC (GCLocker Initiated GC) [PSYoungGen: 108544K->54628K(163328K)] 524027K->470111K(687616K), 0.0081460 secs] [Times: user=0.09 sys=0.01, real=0.01 secs] 
2016-09-24T02:30:32.560-0400: 106.027: [GC (GCLocker Initiated GC) [PSYoungGen: 163172K->64917K(175104K)] 578746K->510428K(699392K), 0.0100332 secs] [Times: user=0.13 sys=0.00, real=0.01 secs] 
2016-09-24T02:30:32.658-0400: 106.124: [GC (GCLocker Initiated GC) [PSYoungGen: 162197K->44666K(179712K)] 619901K->514165K(704000K), 0.0063879 secs] [Times: user=0.08 sys=0.00, real=0.01 secs] 
2016-09-24T02:30:32.748-0400: 106.215: [GC (GCLocker Initiated GC) [PSYoungGen: 141946K->42033K(173568K)] 619595K->520708K(697856K), 0.0063305 secs] [Times: user=0.07 sys=0.00, real=0.01 secs] 
2016-09-24T02:30:32.823-0400: 106.290: [GC (GCLocker Initiated GC) [PSYoungGen: 142897K->55473K(177152K)] 627078K->540616K(701440K), 0.0108743 secs] [Times: user=0.16 sys=0.00, real=0.00 secs] 
2016-09-24T02:30:32.919-0400: 106.386: [GC (GCLocker Initiated GC) [PSYoungGen: 156337K->47286K(181248K)] 646884K->538842K(705536K), 0.0054030 secs] [Times: user=0.05 sys=0.00, real=0.01 secs] 
2016-09-24T02:30:32.990-0400: 106.457: [GC (GCLocker Initiated GC) [PSYoungGen: 156342K->66369K(183296K)] 650668K->561619K(707584K), 0.0095128 secs] [Times: user=0.11 sys=0.00, real=0.01 secs] 
2016-09-24T02:30:33.093-0400: 106.560: [Full GC (Ergonomics) [PSYoungGen: 175425K->0K(183296K)] [ParOldGen: 511624K->401287K(524288K)] 687050K->401287K(707584K), [Metaspace: 43872K->43872K(1087488K)], 0.1188646 secs] [Times: user=1.53 sys=0.00, real=0.12 secs] 
2016-09-24T02:30:33.308-0400: 106.774: [GC (GCLocker Initiated GC) [PSYoungGen: 109056K->34405K(183808K)] 521161K->446510K(708096K), 0.0054113 secs] [Times: user=0.07 sys=0.00, real=0.00 secs] 
2016-09-24T02:30:33.391-0400: 106.858: [GC (GCLocker Initiated GC) [PSYoungGen: 139365K->49923K(155136K)] 554307K->466306K(679424K), 0.0052351 secs] [Times: user=0.07 sys=0.00, real=0.01 secs] 
2016-09-24T02:30:33.478-0400: 106.945: [GC (GCLocker Initiated GC) [PSYoungGen: 154883K->43436K(183296K)] 577047K->482678K(707584K), 0.0065530 secs] [Times: user=0.08 sys=0.00, real=0.01 secs] 
2016-09-24T02:30:33.565-0400: 107.032: [GC (GCLocker Initiated GC) [PSYoungGen: 150444K->51326K(181248K)] 592491K->494466K(705536K), 0.0076370 secs] [Times: user=0.07 sys=0.02, real=0.00 secs] 
2016-09-24T02:30:33.652-0400: 107.118: [GC (GCLocker Initiated GC) [PSYoungGen: 158334K->40436K(186368K)] 601503K->495362K(710656K), 0.0098261 secs] [Times: user=0.08 sys=0.00, real=0.01 secs] 
2016-09-24T02:30:33.738-0400: 107.205: [GC (GCLocker Initiated GC) [PSYoungGen: 153588K->39189K(184832K)] 611231K->519209K(709120K), 0.0119927 secs] [Times: user=0.14 sys=0.01, real=0.01 secs] 
2016-09-24T02:30:33.846-0400: 107.313: [GC (GCLocker Initiated GC) [PSYoungGen: 152341K->50161K(188928K)] 637797K->547340K(713216K), 0.0066611 secs] [Times: user=0.08 sys=0.00, real=0.00 secs] 
2016-09-24T02:30:33.853-0400: 107.320: [Full GC (Ergonomics) [PSYoungGen: 50161K->0K(188928K)] [ParOldGen: 497179K->402070K(524288K)] 547340K->402070K(713216K), [Metaspace: 43872K->43872K(1087488K)], 0.0624310 secs] [Times: user=0.52 sys=0.00, real=0.07 secs] 
2016-09-24T02:30:33.997-0400: 107.464: [GC (GCLocker Initiated GC) [PSYoungGen: 118272K->67784K(186368K)] 520402K->469914K(710656K), 0.0069547 secs] [Times: user=0.10 sys=0.00, real=0.01 secs] 
2016-09-24T02:30:34.100-0400: 107.567: [GC (GCLocker Initiated GC) [PSYoungGen: 186056K->40585K(188416K)] 589689K->461420K(712704K), 0.0063348 secs] [Times: user=0.08 sys=0.01, real=0.01 secs] 
2016-09-24T02:30:34.184-0400: 107.651: [GC (GCLocker Initiated GC) [PSYoungGen: 153737K->49811K(163328K)] 581357K->478377K(687616K), 0.0053080 secs] [Times: user=0.06 sys=0.00, real=0.00 secs] 
2016-09-24T02:30:34.270-0400: 107.737: [GC (GCLocker Initiated GC) [PSYoungGen: 162963K->61350K(182784K)] 596961K->495348K(707072K), 0.0058807 secs] [Times: user=0.08 sys=0.00, real=0.01 secs] 
2016-09-24T02:30:34.349-0400: 107.816: [GC (GCLocker Initiated GC) [PSYoungGen: 171942K->56587K(185344K)] 616961K->501606K(709632K), 0.0054172 secs] [Times: user=0.07 sys=0.01, real=0.01 secs] 
2016-09-24T02:30:34.429-0400: 107.895: [GC (GCLocker Initiated GC) [PSYoungGen: 167179K->58513K(185344K)] 612246K->503580K(709632K), 0.0154614 secs] [Times: user=0.19 sys=0.00, real=0.02 secs] 
2016-09-24T02:30:34.518-0400: 107.985: [GC (GCLocker Initiated GC) [PSYoungGen: 169105K->43042K(154112K)] 616885K->519174K(678400K), 0.0063547 secs] [Times: user=0.08 sys=0.00, real=0.01 secs] 
2016-09-24T02:30:34.595-0400: 108.062: [GC (GCLocker Initiated GC) [PSYoungGen: 153634K->41171K(186368K)] 636587K->536344K(710656K), 0.0061863 secs] [Times: user=0.06 sys=0.00, real=0.00 secs] 
2016-09-24T02:30:34.602-0400: 108.069: [Full GC (Ergonomics) [PSYoungGen: 41171K->0K(186368K)] [ParOldGen: 495172K->413220K(524288K)] 536344K->413220K(710656K), [Metaspace: 43872K->43872K(1087488K)], 0.0826298 secs] [Times: user=0.91 sys=0.00, real=0.09 secs] 
2016-09-24T02:30:34.784-0400: 108.251: [GC (GCLocker Initiated GC) [PSYoungGen: 112128K->31154K(185856K)] 541657K->460683K(710144K), 0.0112006 secs] [Times: user=0.16 sys=0.00, real=0.01 secs] 
2016-09-24T02:30:34.876-0400: 108.343: [GC (GCLocker Initiated GC) [PSYoungGen: 143282K->48359K(183808K)] 573173K->480680K(708096K), 0.0125164 secs] [Times: user=0.15 sys=0.01, real=0.01 secs] 
2016-09-24T02:30:34.962-0400: 108.429: [GC (GCLocker Initiated GC) [PSYoungGen: 162535K->53692K(185856K)] 594926K->486686K(710144K), 0.0150290 secs] [Times: user=0.17 sys=0.00, real=0.02 secs] 
2016-09-24T02:30:35.059-0400: 108.526: [GC (GCLocker Initiated GC) [PSYoungGen: 167868K->47003K(186368K)] 603680K->483524K(710656K), 0.0078103 secs] [Times: user=0.07 sys=0.00, real=0.01 secs] 
2016-09-24T02:30:35.146-0400: 108.613: [GC (GCLocker Initiated GC) [PSYoungGen: 165787K->41668K(188416K)] 602330K->495277K(712704K), 0.0076272 secs] [Times: user=0.07 sys=0.01, real=0.01 secs] 
2016-09-24T02:30:35.233-0400: 108.699: [GC (GCLocker Initiated GC) [PSYoungGen: 160452K->44406K(188416K)] 619469K->506853K(712704K), 0.0062477 secs] [Times: user=0.06 sys=0.00, real=0.01 secs] 
2016-09-24T02:30:35.323-0400: 108.790: [GC (GCLocker Initiated GC) [PSYoungGen: 168310K->62157K(190976K)] 630797K->525468K(715264K), 0.0097958 secs] [Times: user=0.12 sys=0.00, real=0.00 secs] 
2016-09-24T02:30:35.422-0400: 108.889: [GC (GCLocker Initiated GC) [PSYoungGen: 186061K->43239K(193024K)] 649513K->521039K(717312K), 0.0082251 secs] [Times: user=0.07 sys=0.00, real=0.01 secs] 
2016-09-24T02:30:35.523-0400: 108.990: [GC (GCLocker Initiated GC) [PSYoungGen: 165607K->25436K(147968K)] 653069K->521979K(672256K), 0.0072473 secs] [Times: user=0.05 sys=0.00, real=0.00 secs] 
2016-09-24T02:30:35.617-0400: 109.084: [GC (GCLocker Initiated GC) [PSYoungGen: 147804K->56787K(187904K)] 644379K->554328K(712192K), 0.0150440 secs] [Times: user=0.17 sys=0.01, real=0.01 secs] 
2016-09-24T02:30:35.719-0400: 109.186: [GC (GCLocker Initiated GC) [PSYoungGen: 173523K->45990K(162816K)] 671135K->563436K(687104K), 0.0064902 secs] [Times: user=0.08 sys=0.00, real=0.01 secs] 
2016-09-24T02:30:35.725-0400: 109.192: [Full GC (Ergonomics) [PSYoungGen: 45990K->0K(162816K)] [ParOldGen: 517445K->413601K(524288K)] 563436K->413601K(687104K), [Metaspace: 43872K->43872K(1087488K)], 0.0790452 secs] [Times: user=0.86 sys=0.01, real=0.08 secs] 
2016-09-24T02:30:35.889-0400: 109.356: [GC (GCLocker Initiated GC) [PSYoungGen: 116736K->62447K(184832K)] 530388K->476099K(709120K), 0.0072636 secs] [Times: user=0.09 sys=0.00, real=0.01 secs] 
2016-09-24T02:30:35.994-0400: 109.461: [GC (GCLocker Initiated GC) [PSYoungGen: 177135K->35076K(188416K)] 595789K->456196K(712704K), 0.0070962 secs] [Times: user=0.05 sys=0.00, real=0.00 secs] 
2016-09-24T02:30:36.094-0400: 109.561: [GC (GCLocker Initiated GC) [PSYoungGen: 149764K->21652K(184832K)] 577647K->464124K(709120K), 0.0066746 secs] [Times: user=0.05 sys=0.00, real=0.00 secs] 
2016-09-24T02:30:36.176-0400: 109.643: [GC (GCLocker Initiated GC) [PSYoungGen: 133268K->51249K(186880K)] 575765K->505597K(711168K), 0.0080868 secs] [Times: user=0.09 sys=0.00, real=0.01 secs] 
2016-09-24T02:30:36.273-0400: 109.740: [GC (GCLocker Initiated GC) [PSYoungGen: 162865K->58239K(184320K)] 617325K->532530K(708608K), 0.0083391 secs] [Times: user=0.10 sys=0.01, real=0.01 secs] 
2016-09-24T02:30:36.368-0400: 109.835: [GC (GCLocker Initiated GC) [PSYoungGen: 167807K->45960K(155648K)] 644801K->524037K(679936K), 0.0106799 secs] [Times: user=0.12 sys=0.01, real=0.01 secs] 
2016-09-24T02:30:36.471-0400: 109.938: [GC (GCLocker Initiated GC) [PSYoungGen: 155528K->29638K(184832K)] 645792K->520847K(709120K), 0.0107261 secs] [Times: user=0.10 sys=0.01, real=0.01 secs] 
2016-09-24T02:30:36.595-0400: 110.062: [Full GC (Ergonomics) [PSYoungGen: 140742K->0K(184832K)] [ParOldGen: 501244K->375458K(524288K)] 641987K->375458K(709120K), [Metaspace: 43878K->43878K(1087488K)], 0.0806660 secs] [Times: user=0.76 sys=0.01, real=0.08 secs] 
2016-09-24T02:30:36.785-0400: 110.252: [GC (GCLocker Initiated GC) [PSYoungGen: 111104K->43391K(184832K)] 492014K->424302K(709120K), 0.0057596 secs] [Times: user=0.06 sys=0.00, real=0.00 secs] 
2016-09-24T02:30:36.880-0400: 110.347: [GC (GCLocker Initiated GC) [PSYoungGen: 154495K->52453K(185856K)] 539891K->437848K(710144K), 0.0067037 secs] [Times: user=0.07 sys=0.00, real=0.01 secs] 
2016-09-24T02:30:36.975-0400: 110.442: [GC (GCLocker Initiated GC) [PSYoungGen: 167141K->35603K(185856K)] 558063K->426525K(710144K), 0.0068472 secs] [Times: user=0.05 sys=0.00, real=0.01 secs] 
2016-09-24T02:30:37.089-0400: 110.556: [GC (GCLocker Initiated GC) [PSYoungGen: 150291K->45287K(186368K)] 558458K->453454K(710656K), 0.0180403 secs] [Times: user=0.25 sys=0.00, real=0.02 secs] 
2016-09-24T02:30:37.213-0400: 110.680: [GC (GCLocker Initiated GC) [PSYoungGen: 165607K->66822K(187392K)] 573786K->486830K(711680K), 0.0080574 secs] [Times: user=0.10 sys=0.01, real=0.01 secs] 
2016-09-24T02:30:37.317-0400: 110.784: [GC (GCLocker Initiated GC) [PSYoungGen: 187142K->53374K(188416K)] 615284K->490585K(712704K), 0.0092719 secs] [Times: user=0.09 sys=0.00, real=0.01 secs] 
2016-09-24T02:30:37.425-0400: 110.892: [GC (GCLocker Initiated GC) [PSYoungGen: 167550K->64352K(178688K)] 607573K->518984K(702976K), 0.0219662 secs] [Times: user=0.29 sys=0.01, real=0.02 secs] 
2016-09-24T02:30:37.559-0400: 111.026: [GC (GCLocker Initiated GC) [PSYoungGen: 178528K->39113K(185856K)] 635882K->509481K(710144K), 0.0078277 secs] [Times: user=0.09 sys=0.01, real=0.01 secs] 
2016-09-24T02:30:37.656-0400: 111.123: [GC (GCLocker Initiated GC) [PSYoungGen: 147657K->43185K(152064K)] 620758K->518648K(676352K), 0.0096401 secs] [Times: user=0.10 sys=0.00, real=0.01 secs] 
2016-09-24T02:30:37.760-0400: 111.227: [GC (GCLocker Initiated GC) [PSYoungGen: 151729K->35063K(183296K)] 629988K->542528K(707584K), 0.0119730 secs] [Times: user=0.09 sys=0.00, real=0.01 secs] 
2016-09-24T02:30:37.772-0400: 111.239: [Full GC (Ergonomics) [PSYoungGen: 35063K->0K(183296K)] [ParOldGen: 507464K->384530K(524288K)] 542528K->384530K(707584K), [Metaspace: 43881K->43881K(1087488K)], 0.0562091 secs] [Times: user=0.43 sys=0.01, real=0.06 secs] 
2016-09-24T02:30:37.913-0400: 111.380: [GC (GCLocker Initiated GC) [PSYoungGen: 109056K->54717K(182784K)] 499019K->444681K(707072K), 0.0113813 secs] [Times: user=0.15 sys=0.00, real=0.02 secs] 
2016-09-24T02:30:38.023-0400: 111.489: [GC (GCLocker Initiated GC) [PSYoungGen: 163773K->32647K(187904K)] 555108K->436321K(712192K), 0.0088433 secs] [Times: user=0.10 sys=0.00, real=0.00 secs] 
2016-09-24T02:30:38.109-0400: 111.576: [GC (GCLocker Initiated GC) [PSYoungGen: 146311K->44791K(158720K)] 555420K->468676K(683008K), 0.0082063 secs] [Times: user=0.07 sys=0.01, real=0.01 secs] 
2016-09-24T02:30:38.216-0400: 111.683: [GC (GCLocker Initiated GC) [PSYoungGen: 158455K->39299K(186880K)] 585090K->472413K(711168K), 0.0072708 secs] [Times: user=0.07 sys=0.00, real=0.01 secs] 
2016-09-24T02:30:38.330-0400: 111.797: [GC (GCLocker Initiated GC) [PSYoungGen: 154499K->40621K(185344K)] 587649K->483098K(709632K), 0.0095805 secs] [Times: user=0.07 sys=0.01, real=0.01 secs] 
2016-09-24T02:30:38.443-0400: 111.910: [GC (GCLocker Initiated GC) [PSYoungGen: 155821K->38258K(189440K)] 606495K->506355K(713728K), 0.0061755 secs] [Times: user=0.06 sys=0.00, real=0.00 secs] 
2016-09-24T02:30:38.547-0400: 112.014: [GC (GCLocker Initiated GC) [PSYoungGen: 159602K->32522K(188416K)] 633280K->507537K(712704K), 0.0075326 secs] [Times: user=0.04 sys=0.00, real=0.01 secs] 
2016-09-24T02:30:38.674-0400: 112.141: [GC (GCLocker Initiated GC) [PSYoungGen: 153866K->23242K(192512K)] 631598K->502174K(716800K), 0.0099470 secs] [Times: user=0.08 sys=0.00, real=0.02 secs] 
2016-09-24T02:30:38.781-0400: 112.247: [GC (GCLocker Initiated GC) [PSYoungGen: 149194K->43371K(193536K)] 630855K->526330K(717824K), 0.0145989 secs] [Times: user=0.18 sys=0.00, real=0.02 secs] 
2016-09-24T02:30:38.904-0400: 112.371: [GC (GCLocker Initiated GC) [PSYoungGen: 169323K->38040K(190976K)] 655055K->541109K(715264K), 0.0081343 secs] [Times: user=0.08 sys=0.00, real=0.00 secs] 
2016-09-24T02:30:38.913-0400: 112.380: [Full GC (Ergonomics) [PSYoungGen: 38040K->0K(190976K)] [ParOldGen: 503069K->396141K(524288K)] 541109K->396141K(715264K), [Metaspace: 43881K->43881K(1087488K)], 0.0648359 secs] [Times: user=0.44 sys=0.01, real=0.07 secs] 
2016-09-24T02:30:39.083-0400: 112.549: [GC (GCLocker Initiated GC) [PSYoungGen: 128512K->25168K(192512K)] 539522K->436179K(716800K), 0.0076288 secs] [Times: user=0.03 sys=0.01, real=0.00 secs] 
2016-09-24T02:30:39.220-0400: 112.687: [GC (GCLocker Initiated GC) [PSYoungGen: 153680K->17932K(195584K)] 579695K->456702K(719872K), 0.0085149 secs] [Times: user=0.08 sys=0.01, real=0.01 secs] 
2016-09-24T02:30:39.363-0400: 112.830: [GC (GCLocker Initiated GC) [PSYoungGen: 149004K->37022K(168448K)] 602682K->492105K(692736K), 0.0060506 secs] [Times: user=0.05 sys=0.00, real=0.00 secs] 
2016-09-24T02:30:39.484-0400: 112.951: [GC (GCLocker Initiated GC) [PSYoungGen: 168094K->32726K(196096K)] 625914K->490545K(720384K), 0.0145876 secs] [Times: user=0.15 sys=0.00, real=0.01 secs] 
2016-09-24T02:30:39.605-0400: 113.072: [GC (GCLocker Initiated GC) [PSYoungGen: 166358K->36617K(194560K)] 624191K->498601K(718848K), 0.0201171 secs] [Times: user=0.17 sys=0.00, real=0.02 secs] 
2016-09-24T02:30:39.747-0400: 113.214: [GC (GCLocker Initiated GC) [PSYoungGen: 170249K->23580K(197120K)] 644570K->527552K(721408K), 0.0151489 secs] [Times: user=0.16 sys=0.01, real=0.02 secs] 
2016-09-24T02:30:39.762-0400: 113.229: [Full GC (Ergonomics) [PSYoungGen: 23580K->0K(197120K)] [ParOldGen: 503972K->409617K(524288K)] 527552K->409617K(721408K), [Metaspace: 43881K->43881K(1087488K)], 0.0495154 secs] [Times: user=0.35 sys=0.01, real=0.04 secs] 
2016-09-24T02:30:39.912-0400: 113.379: [GC (GCLocker Initiated GC) [PSYoungGen: 138752K->55985K(197120K)] 548395K->473728K(721408K), 0.0124426 secs] [Times: user=0.16 sys=0.01, real=0.02 secs] 
2016-09-24T02:30:40.039-0400: 113.506: [GC (GCLocker Initiated GC) [PSYoungGen: 194737K->48844K(195072K)] 612488K->469378K(719360K), 0.0106249 secs] [Times: user=0.13 sys=0.00, real=0.01 secs] 
2016-09-24T02:30:40.140-0400: 113.607: [GC (GCLocker Initiated GC) [PSYoungGen: 179916K->44724K(196608K)] 611471K->477409K(720896K), 0.0144563 secs] [Times: user=0.08 sys=0.02, real=0.02 secs] 
2016-09-24T02:30:40.253-0400: 113.720: [GC (GCLocker Initiated GC) [PSYoungGen: 175796K->60861K(185856K)] 608505K->494476K(710144K), 0.0230682 secs] [Times: user=0.12 sys=0.04, real=0.03 secs] 
2016-09-24T02:30:40.391-0400: 113.858: [GC (GCLocker Initiated GC) [PSYoungGen: 181693K->25836K(191488K)] 620721K->487561K(715776K), 0.0230956 secs] [Times: user=0.30 sys=0.02, real=0.03 secs] 
2016-09-24T02:30:40.511-0400: 113.977: [GC (GCLocker Initiated GC) [PSYoungGen: 146668K->46134K(189952K)] 617928K->518472K(714240K), 0.0073427 secs] [Times: user=0.08 sys=0.00, real=0.01 secs] 
2016-09-24T02:30:40.613-0400: 114.080: [GC (GCLocker Initiated GC) [PSYoungGen: 167478K->33894K(190976K)] 642555K->531573K(715264K), 0.0237701 secs] [Times: user=0.31 sys=0.01, real=0.03 secs] 
2016-09-24T02:30:40.637-0400: 114.104: [Full GC (Ergonomics) [PSYoungGen: 33894K->0K(190976K)] [ParOldGen: 497679K->411149K(524288K)] 531573K->411149K(715264K), [Metaspace: 43881K->43881K(1087488K)], 0.0780751 secs] [Times: user=0.63 sys=0.01, real=0.08 secs] 
2016-09-24T02:30:40.808-0400: 114.275: [GC (GCLocker Initiated GC) [PSYoungGen: 121344K->58573K(185344K)] 536167K->473396K(709632K), 0.0069146 secs] [Times: user=0.10 sys=0.00, real=0.01 secs] 
2016-09-24T02:30:40.894-0400: 114.361: [GC (GCLocker Initiated GC) [PSYoungGen: 176333K->41746K(189952K)] 591226K->466055K(714240K), 0.0154633 secs] [Times: user=0.18 sys=0.00, real=0.02 secs] 
2016-09-24T02:30:41.021-0400: 114.488: [GC (GCLocker Initiated GC) [PSYoungGen: 159506K->32726K(186368K)] 598150K->488489K(710656K), 0.0069262 secs] [Times: user=0.08 sys=0.00, real=0.01 secs] 
2016-09-24T02:30:41.121-0400: 114.588: [GC (GCLocker Initiated GC) [PSYoungGen: 153558K->40690K(188928K)] 614733K->522029K(713216K), 0.0088215 secs] [Times: user=0.07 sys=0.00, real=0.01 secs] 
2016-09-24T02:30:41.239-0400: 114.706: [GC (GCLocker Initiated GC) [PSYoungGen: 161522K->33771K(192512K)] 643009K->516273K(716800K), 0.0056847 secs] [Times: user=0.04 sys=0.01, real=0.01 secs] 
2016-09-24T02:30:41.363-0400: 114.830: [Full GC (Ergonomics) [PSYoungGen: 162795K->0K(192512K)] [ParOldGen: 492083K->396903K(524288K)] 654878K->396903K(716800K), [Metaspace: 43881K->43881K(1087488K)], 0.1382596 secs] [Times: user=1.43 sys=0.02, real=0.13 secs] 
2016-09-24T02:30:41.612-0400: 115.079: [GC (GCLocker Initiated GC) [PSYoungGen: 129024K->36972K(193024K)] 544956K->452904K(717312K), 0.0082673 secs] [Times: user=0.11 sys=0.00, real=0.01 secs] 
2016-09-24T02:30:41.733-0400: 115.200: [GC (GCLocker Initiated GC) [PSYoungGen: 165996K->52657K(194048K)] 584740K->471402K(718336K), 0.0129531 secs] [Times: user=0.10 sys=0.00, real=0.02 secs] 
2016-09-24T02:30:41.861-0400: 115.328: [GC (GCLocker Initiated GC) [PSYoungGen: 184753K->60503K(193024K)] 607715K->483465K(717312K), 0.0265653 secs] [Times: user=0.31 sys=0.00, real=0.03 secs] 
2016-09-24T02:30:42.008-0400: 115.475: [GC (GCLocker Initiated GC) [PSYoungGen: 192599K->68601K(178688K)] 618274K->521284K(702976K), 0.0194643 secs] [Times: user=0.28 sys=0.00, real=0.02 secs] 
2016-09-24T02:30:42.141-0400: 115.608: [GC (Allocation Failure) [PSYoungGen: 178169K->25697K(135680K)] 635310K->501115K(659968K), 0.0095525 secs] [Times: user=0.11 sys=0.00, real=0.01 secs] 
2016-09-24T02:30:42.236-0400: 115.702: [GC (GCLocker Initiated GC) [PSYoungGen: 135265K->47000K(187392K)] 610683K->523666K(711680K), 0.0166311 secs] [Times: user=0.20 sys=0.00, real=0.01 secs] 
2016-09-24T02:30:42.329-0400: 115.796: [GC (GCLocker Initiated GC) [PSYoungGen: 157592K->56847K(185344K)] 634354K->543760K(709632K), 0.0113576 secs] [Times: user=0.16 sys=0.00, real=0.01 secs] 
2016-09-24T02:30:42.432-0400: 115.899: [GC (GCLocker Initiated GC) [PSYoungGen: 167439K->54324K(184832K)] 654454K->553212K(709120K), 0.0075575 secs] [Times: user=0.11 sys=0.00, real=0.01 secs] 
2016-09-24T02:30:42.440-0400: 115.906: [Full GC (Ergonomics) [PSYoungGen: 54324K->0K(184832K)] [ParOldGen: 498887K->408095K(524288K)] 553212K->408095K(709120K), [Metaspace: 43890K->43890K(1087488K)], 0.0539043 secs] [Times: user=0.51 sys=0.02, real=0.05 secs] 
2016-09-24T02:30:46.567-0400: 120.034: [GC (Allocation Failure) [PSYoungGen: 108544K->19623K(128512K)] 516643K->427730K(652800K), 0.0135332 secs] [Times: user=0.10 sys=0.02, real=0.01 secs] 
2016-09-24T02:30:53.470-0400: 126.937: [GC (Allocation Failure) [PSYoungGen: 128167K->29991K(185344K)] 536274K->457281K(709632K), 0.0097725 secs] [Times: user=0.07 sys=0.02, real=0.01 secs] 
2016-09-24T02:30:59.986-0400: 133.453: [GC (Allocation Failure) [PSYoungGen: 136937K->58317K(165376K)] 564227K->485608K(689664K), 0.0108190 secs] [Times: user=0.06 sys=0.01, real=0.01 secs] 
2016-09-24T02:31:06.637-0400: 140.104: [GC (Allocation Failure) [PSYoungGen: 165325K->79346K(167424K)] 592616K->514599K(691712K), 0.0230439 secs] [Times: user=0.22 sys=0.01, real=0.02 secs] 
2016-09-24T02:31:12.004-0400: 145.470: [GC (Allocation Failure) [PSYoungGen: 167410K->49003K(175104K)] 602663K->538292K(699392K), 0.0196079 secs] [Times: user=0.14 sys=0.02, real=0.02 secs] 
2016-09-24T02:31:12.023-0400: 145.490: [Full GC (Ergonomics) [PSYoungGen: 49003K->0K(175104K)] [ParOldGen: 489289K->217197K(524288K)] 538292K->217197K(699392K), [Metaspace: 43992K->43985K(1087488K)], 0.0992265 secs] [Times: user=0.96 sys=0.00, real=0.10 secs] 
