Java HotSpot(TM) 64-Bit Server VM (25.101-b13) for linux-amd64 JRE (1.8.0_101-b13), built on Jun 22 2016 02:59:44 by "java_re" with gcc 4.3.0 20080428 (Red Hat 4.3.0-8)
Memory: 4k page, physical 264122320k(189575476k free), swap 268399612k(268399612k free)
CommandLine flags: -XX:GCLogFileSize=1048576 -XX:+HeapDumpOnOutOfMemoryError -XX:HeapDumpPath=artifacts/heapdump -XX:InitialHeapSize=805306368 -XX:MaxHeapSize=805306368 -XX:NumberOfGCLogFiles=10 -XX:+PrintGC -XX:+PrintGCDateStamps -XX:+PrintGCDetails -XX:+PrintGCTimeStamps -XX:+UseCompressedClassPointers -XX:+UseCompressedOops -XX:+UseGCLogFileRotation -XX:+UseParallelGC 
2016-09-24T04:01:42.044-0400: 2.182: [GC (Metadata GC Threshold) [PSYoungGen: 121898K->15596K(229376K)] 121898K->15684K(753664K), 0.0218039 secs] [Times: user=0.17 sys=0.02, real=0.02 secs] 
2016-09-24T04:01:42.065-0400: 2.204: [Full GC (Metadata GC Threshold) [PSYoungGen: 15596K->0K(229376K)] [ParOldGen: 88K->14602K(338944K)] 15684K->14602K(568320K), [Metaspace: 21059K->21059K(1067008K)], 0.0389567 secs] [Times: user=0.27 sys=0.05, real=0.04 secs] 
2016-09-24T04:01:43.924-0400: 4.063: [GC (Metadata GC Threshold) [PSYoungGen: 124223K->15449K(229376K)] 138825K->30188K(568320K), 0.0379610 secs] [Times: user=0.34 sys=0.02, real=0.04 secs] 
2016-09-24T04:01:43.962-0400: 4.101: [Full GC (Metadata GC Threshold) [PSYoungGen: 15449K->0K(229376K)] [ParOldGen: 14738K->20830K(524288K)] 30188K->20830K(753664K), [Metaspace: 35059K->35059K(1079296K)], 0.0704529 secs] [Times: user=0.52 sys=0.00, real=0.06 secs] 
2016-09-24T04:01:45.568-0400: 5.707: [GC (GCLocker Initiated GC) [PSYoungGen: 196041K->32742K(229376K)] 219572K->72671K(753664K), 0.0117897 secs] [Times: user=0.14 sys=0.04, real=0.01 secs] 
2016-09-24T04:01:45.922-0400: 6.061: [GC (GCLocker Initiated GC) [PSYoungGen: 229350K->32745K(229376K)] 269340K->130332K(753664K), 0.0104105 secs] [Times: user=0.12 sys=0.01, real=0.00 secs] 
2016-09-24T04:01:46.035-0400: 6.174: [GC (GCLocker Initiated GC) [PSYoungGen: 229353K->32755K(229376K)] 327116K->193073K(753664K), 0.0134420 secs] [Times: user=0.19 sys=0.02, real=0.01 secs] 
2016-09-24T04:01:46.146-0400: 6.285: [GC (GCLocker Initiated GC) [PSYoungGen: 229363K->32748K(120832K)] 392428K->243396K(645120K), 0.0190154 secs] [Times: user=0.30 sys=0.05, real=0.02 secs] 
2016-09-24T04:01:46.193-0400: 6.332: [GC (GCLocker Initiated GC) [PSYoungGen: 120812K->85896K(175104K)] 334430K->310323K(699392K), 0.0089066 secs] [Times: user=0.13 sys=0.00, real=0.02 secs] 
2016-09-24T04:01:46.245-0400: 6.383: [GC (GCLocker Initiated GC) [PSYoungGen: 173960K->86611K(175104K)] 401172K->325566K(699392K), 0.0099232 secs] [Times: user=0.16 sys=0.00, real=0.01 secs] 
2016-09-24T04:01:46.290-0400: 6.428: [GC (GCLocker Initiated GC) [PSYoungGen: 174675K->86161K(175104K)] 419129K->373146K(699392K), 0.0101891 secs] [Times: user=0.16 sys=0.02, real=0.01 secs] 
2016-09-24T04:01:46.345-0400: 6.483: [GC (GCLocker Initiated GC) [PSYoungGen: 174225K->61718K(175104K)] 472103K->403111K(699392K), 0.0096475 secs] [Times: user=0.12 sys=0.03, real=0.01 secs] 
2016-09-24T04:01:46.391-0400: 6.530: [GC (GCLocker Initiated GC) [PSYoungGen: 149782K->52071K(175104K)] 494376K->440294K(699392K), 0.0119424 secs] [Times: user=0.17 sys=0.02, real=0.02 secs] 
2016-09-24T04:01:46.437-0400: 6.576: [GC (GCLocker Initiated GC) [PSYoungGen: 140135K->41303K(175104K)] 528475K->458328K(699392K), 0.0102128 secs] [Times: user=0.13 sys=0.04, real=0.01 secs] 
2016-09-24T04:01:46.475-0400: 6.614: [GC (GCLocker Initiated GC) [PSYoungGen: 129367K->68207K(175104K)] 546560K->504561K(699392K), 0.0117233 secs] [Times: user=0.08 sys=0.02, real=0.01 secs] 
2016-09-24T04:01:46.525-0400: 6.664: [GC (GCLocker Initiated GC) [PSYoungGen: 156271K->33104K(175104K)] 594049K->521258K(699392K), 0.0086995 secs] [Times: user=0.12 sys=0.03, real=0.00 secs] 
2016-09-24T04:01:46.534-0400: 6.673: [Full GC (Ergonomics) [PSYoungGen: 33104K->0K(175104K)] [ParOldGen: 488153K->56832K(524288K)] 521258K->56832K(699392K), [Metaspace: 42767K->42755K(1085440K)], 0.1819883 secs] [Times: user=2.67 sys=0.01, real=0.19 secs] 
2016-09-24T04:01:46.755-0400: 6.894: [GC (GCLocker Initiated GC) [PSYoungGen: 88064K->76610K(175104K)] 150540K->139094K(699392K), 0.0091516 secs] [Times: user=0.09 sys=0.03, real=0.01 secs] 
2016-09-24T04:01:46.807-0400: 6.946: [GC (GCLocker Initiated GC) [PSYoungGen: 164674K->72415K(175104K)] 230087K->162633K(699392K), 0.0089170 secs] [Times: user=0.10 sys=0.03, real=0.01 secs] 
2016-09-24T04:01:46.849-0400: 6.988: [GC (GCLocker Initiated GC) [PSYoungGen: 160479K->68268K(175104K)] 250761K->169680K(699392K), 0.0068097 secs] [Times: user=0.09 sys=0.01, real=0.01 secs] 
2016-09-24T04:01:46.887-0400: 7.025: [GC (GCLocker Initiated GC) [PSYoungGen: 156332K->84582K(175104K)] 260544K->193108K(699392K), 0.0103607 secs] [Times: user=0.14 sys=0.00, real=0.01 secs] 
2016-09-24T04:01:46.939-0400: 7.078: [GC (GCLocker Initiated GC) [PSYoungGen: 172646K->57422K(175104K)] 292086K->194771K(699392K), 0.0071112 secs] [Times: user=0.09 sys=0.01, real=0.01 secs] 
2016-09-24T04:01:46.983-0400: 7.122: [GC (GCLocker Initiated GC) [PSYoungGen: 145486K->52036K(175104K)] 282868K->218097K(699392K), 0.0063379 secs] [Times: user=0.08 sys=0.00, real=0.00 secs] 
2016-09-24T04:01:47.021-0400: 7.160: [GC (GCLocker Initiated GC) [PSYoungGen: 140100K->73764K(175104K)] 311659K->261801K(699392K), 0.0097115 secs] [Times: user=0.14 sys=0.02, real=0.01 secs] 
2016-09-24T04:01:47.071-0400: 7.210: [GC (GCLocker Initiated GC) [PSYoungGen: 161828K->68286K(175104K)] 355329K->279711K(699392K), 0.0072366 secs] [Times: user=0.10 sys=0.00, real=0.01 secs] 
2016-09-24T04:01:47.113-0400: 7.252: [GC (GCLocker Initiated GC) [PSYoungGen: 156350K->77814K(175104K)] 367939K->300502K(699392K), 0.0068174 secs] [Times: user=0.11 sys=0.00, real=0.01 secs] 
2016-09-24T04:01:47.158-0400: 7.297: [GC (GCLocker Initiated GC) [PSYoungGen: 165878K->46717K(175104K)] 395434K->313094K(699392K), 0.0063484 secs] [Times: user=0.09 sys=0.00, real=0.01 secs] 
2016-09-24T04:01:47.195-0400: 7.333: [GC (GCLocker Initiated GC) [PSYoungGen: 134781K->72513K(175104K)] 406691K->363666K(699392K), 0.0073579 secs] [Times: user=0.10 sys=0.01, real=0.00 secs] 
2016-09-24T04:01:47.239-0400: 7.378: [GC (GCLocker Initiated GC) [PSYoungGen: 160577K->72368K(175104K)] 460082K->383070K(699392K), 0.0065350 secs] [Times: user=0.09 sys=0.00, real=0.01 secs] 
2016-09-24T04:01:47.282-0400: 7.420: [GC (GCLocker Initiated GC) [PSYoungGen: 160432K->53435K(175104K)] 474319K->398747K(699392K), 0.0069601 secs] [Times: user=0.07 sys=0.00, real=0.01 secs] 
2016-09-24T04:01:47.316-0400: 7.454: [GC (GCLocker Initiated GC) [PSYoungGen: 141499K->73878K(175104K)] 489647K->446606K(699392K), 0.0073305 secs] [Times: user=0.09 sys=0.00, real=0.01 secs] 
2016-09-24T04:01:47.357-0400: 7.496: [GC (GCLocker Initiated GC) [PSYoungGen: 161942K->60218K(175104K)] 544687K->470353K(699392K), 0.0077830 secs] [Times: user=0.08 sys=0.00, real=0.01 secs] 
2016-09-24T04:01:47.398-0400: 7.536: [GC (GCLocker Initiated GC) [PSYoungGen: 148282K->65571K(175104K)] 567939K->508540K(699392K), 0.0071525 secs] [Times: user=0.08 sys=0.00, real=0.01 secs] 
2016-09-24T04:01:47.445-0400: 7.584: [GC (GCLocker Initiated GC) [PSYoungGen: 153635K->49260K(175104K)] 610283K->519634K(699392K), 0.0064935 secs] [Times: user=0.06 sys=0.00, real=0.00 secs] 
2016-09-24T04:01:47.490-0400: 7.629: [GC (GCLocker Initiated GC) [PSYoungGen: 137324K->54864K(175104K)] 610491K->556718K(699392K), 0.0071788 secs] [Times: user=0.10 sys=0.01, real=0.01 secs] 
2016-09-24T04:01:47.498-0400: 7.636: [Full GC (Ergonomics) [PSYoungGen: 54864K->0K(175104K)] [ParOldGen: 501854K->68089K(524288K)] 556718K->68089K(699392K), [Metaspace: 42947K->42947K(1085440K)], 0.0535631 secs] [Times: user=0.56 sys=0.00, real=0.05 secs] 
2016-09-24T04:01:47.584-0400: 7.722: [GC (GCLocker Initiated GC) [PSYoungGen: 88064K->84725K(175104K)] 161790K->158460K(699392K), 0.0073769 secs] [Times: user=0.11 sys=0.00, real=0.00 secs] 
2016-09-24T04:01:47.634-0400: 7.772: [GC (GCLocker Initiated GC) [PSYoungGen: 172789K->69603K(175104K)] 249282K->172227K(699392K), 0.0066405 secs] [Times: user=0.09 sys=0.00, real=0.01 secs] 
2016-09-24T04:01:47.674-0400: 7.813: [GC (GCLocker Initiated GC) [PSYoungGen: 157667K->84631K(175104K)] 260374K->211931K(699392K), 0.0079314 secs] [Times: user=0.11 sys=0.01, real=0.01 secs] 
2016-09-24T04:01:47.717-0400: 7.855: [GC (GCLocker Initiated GC) [PSYoungGen: 172695K->60279K(175104K)] 308199K->219054K(699392K), 0.0064143 secs] [Times: user=0.08 sys=0.00, real=0.01 secs] 
2016-09-24T04:01:47.763-0400: 7.901: [GC (GCLocker Initiated GC) [PSYoungGen: 148343K->75139K(175104K)] 312704K->245225K(699392K), 0.0103075 secs] [Times: user=0.15 sys=0.00, real=0.00 secs] 
2016-09-24T04:01:47.809-0400: 7.948: [GC (GCLocker Initiated GC) [PSYoungGen: 163203K->75046K(175104K)] 333469K->263306K(699392K), 0.0076256 secs] [Times: user=0.10 sys=0.01, real=0.01 secs] 
2016-09-24T04:01:47.852-0400: 7.990: [GC (GCLocker Initiated GC) [PSYoungGen: 163110K->78169K(175104K)] 359682K->285851K(699392K), 0.0088077 secs] [Times: user=0.11 sys=0.00, real=0.01 secs] 
2016-09-24T04:01:47.902-0400: 8.041: [GC (GCLocker Initiated GC) [PSYoungGen: 166233K->56220K(175104K)] 378027K->284807K(699392K), 0.0106061 secs] [Times: user=0.14 sys=0.00, real=0.01 secs] 
2016-09-24T04:01:47.950-0400: 8.089: [GC (GCLocker Initiated GC) [PSYoungGen: 144284K->71120K(175104K)] 377071K->327263K(699392K), 0.0078171 secs] [Times: user=0.10 sys=0.00, real=0.01 secs] 
2016-09-24T04:01:47.996-0400: 8.135: [GC (GCLocker Initiated GC) [PSYoungGen: 159184K->68416K(175104K)] 423645K->354939K(699392K), 0.0067903 secs] [Times: user=0.09 sys=0.00, real=0.01 secs] 
2016-09-24T04:01:48.041-0400: 8.180: [GC (GCLocker Initiated GC) [PSYoungGen: 156480K->73976K(175104K)] 447129K->393431K(699392K), 0.0076602 secs] [Times: user=0.11 sys=0.00, real=0.01 secs] 
2016-09-24T04:01:48.087-0400: 8.226: [GC (GCLocker Initiated GC) [PSYoungGen: 162040K->63080K(175104K)] 484294K->407502K(699392K), 0.0075588 secs] [Times: user=0.09 sys=0.01, real=0.01 secs] 
2016-09-24T04:01:48.119-0400: 8.258: [GC (GCLocker Initiated GC) [PSYoungGen: 151144K->65862K(175104K)] 499678K->435262K(699392K), 0.0078446 secs] [Times: user=0.11 sys=0.00, real=0.01 secs] 
2016-09-24T04:01:48.169-0400: 8.308: [GC (GCLocker Initiated GC) [PSYoungGen: 153926K->56348K(175104K)] 526071K->456056K(699392K), 0.0067421 secs] [Times: user=0.09 sys=0.01, real=0.01 secs] 
2016-09-24T04:01:48.203-0400: 8.342: [GC (GCLocker Initiated GC) [PSYoungGen: 144412K->84823K(175104K)] 545953K->499047K(699392K), 0.0077949 secs] [Times: user=0.13 sys=0.01, real=0.00 secs] 
2016-09-24T04:01:48.252-0400: 8.391: [GC (GCLocker Initiated GC) [PSYoungGen: 172887K->49424K(175104K)] 589925K->500809K(699392K), 0.0066308 secs] [Times: user=0.08 sys=0.00, real=0.01 secs] 
2016-09-24T04:01:48.295-0400: 8.433: [GC (GCLocker Initiated GC) [PSYoungGen: 137488K->72737K(175104K)] 589049K->535530K(699392K), 0.0071286 secs] [Times: user=0.09 sys=0.00, real=0.00 secs] 
2016-09-24T04:01:48.339-0400: 8.478: [GC (GCLocker Initiated GC) [PSYoungGen: 160801K->75308K(175104K)] 630520K->561902K(699392K), 0.0068417 secs] [Times: user=0.10 sys=0.01, real=0.01 secs] 
2016-09-24T04:01:48.346-0400: 8.485: [Full GC (Ergonomics) [PSYoungGen: 75308K->0K(175104K)] [ParOldGen: 486593K->70622K(524288K)] 561902K->70622K(699392K), [Metaspace: 43154K->43154K(1085440K)], 0.0542333 secs] [Times: user=0.39 sys=0.01, real=0.05 secs] 
2016-09-24T04:01:48.436-0400: 8.575: [GC (GCLocker Initiated GC) [PSYoungGen: 88064K->86273K(175104K)] 164252K->162461K(699392K), 0.0075571 secs] [Times: user=0.12 sys=0.00, real=0.01 secs] 
2016-09-24T04:01:48.482-0400: 8.621: [GC (GCLocker Initiated GC) [PSYoungGen: 174337K->67020K(175104K)] 250745K->188733K(699392K), 0.0069266 secs] [Times: user=0.10 sys=0.00, real=0.00 secs] 
2016-09-24T04:01:48.525-0400: 8.664: [GC (GCLocker Initiated GC) [PSYoungGen: 155084K->68544K(175104K)] 279579K->209649K(699392K), 0.0073697 secs] [Times: user=0.09 sys=0.00, real=0.00 secs] 
2016-09-24T04:01:48.565-0400: 8.703: [GC (GCLocker Initiated GC) [PSYoungGen: 156608K->71230K(175104K)] 297797K->240015K(699392K), 0.0069339 secs] [Times: user=0.11 sys=0.00, real=0.00 secs] 
2016-09-24T04:01:48.608-0400: 8.747: [GC (GCLocker Initiated GC) [PSYoungGen: 159294K->59172K(175104K)] 336308K->277236K(699392K), 0.0075893 secs] [Times: user=0.11 sys=0.00, real=0.01 secs] 
2016-09-24T04:01:48.655-0400: 8.793: [GC (GCLocker Initiated GC) [PSYoungGen: 147236K->75326K(175104K)] 369435K->307584K(699392K), 0.0061723 secs] [Times: user=0.09 sys=0.00, real=0.00 secs] 
2016-09-24T04:01:48.688-0400: 8.827: [GC (GCLocker Initiated GC) [PSYoungGen: 163390K->69816K(175104K)] 395808K->336612K(699392K), 0.0076865 secs] [Times: user=0.12 sys=0.00, real=0.01 secs] 
2016-09-24T04:01:48.731-0400: 8.869: [GC (GCLocker Initiated GC) [PSYoungGen: 157880K->50994K(175104K)] 427496K->356168K(699392K), 0.0058144 secs] [Times: user=0.07 sys=0.00, real=0.01 secs] 
2016-09-24T04:01:48.773-0400: 8.911: [GC (GCLocker Initiated GC) [PSYoungGen: 139058K->59094K(175104K)] 451189K->394763K(699392K), 0.0072767 secs] [Times: user=0.11 sys=0.00, real=0.01 secs] 
2016-09-24T04:01:48.811-0400: 8.950: [GC (GCLocker Initiated GC) [PSYoungGen: 147158K->79376K(175104K)] 484791K->429691K(699392K), 0.0090482 secs] [Times: user=0.08 sys=0.00, real=0.01 secs] 
2016-09-24T04:01:48.853-0400: 8.992: [GC (GCLocker Initiated GC) [PSYoungGen: 167440K->75248K(175104K)] 517874K->445190K(699392K), 0.0074634 secs] [Times: user=0.11 sys=0.00, real=0.01 secs] 
2016-09-24T04:01:48.894-0400: 9.033: [GC (GCLocker Initiated GC) [PSYoungGen: 163312K->67226K(175104K)] 538820K->481008K(699392K), 0.0075168 secs] [Times: user=0.12 sys=0.01, real=0.00 secs] 
2016-09-24T04:01:48.939-0400: 9.077: [GC (GCLocker Initiated GC) [PSYoungGen: 155290K->71198K(175104K)] 571811K->499082K(699392K), 0.0073789 secs] [Times: user=0.11 sys=0.00, real=0.01 secs] 
2016-09-24T04:01:48.984-0400: 9.122: [GC (GCLocker Initiated GC) [PSYoungGen: 159262K->61730K(175104K)] 596639K->517251K(699392K), 0.0068080 secs] [Times: user=0.12 sys=0.00, real=0.00 secs] 
2016-09-24T04:01:49.021-0400: 9.160: [GC (GCLocker Initiated GC) [PSYoungGen: 149794K->84776K(175104K)] 610937K->566725K(699392K), 0.0087693 secs] [Times: user=0.15 sys=0.00, real=0.01 secs] 
2016-09-24T04:01:49.030-0400: 9.169: [Full GC (Ergonomics) [PSYoungGen: 84776K->0K(175104K)] [ParOldGen: 481949K->91662K(524288K)] 566725K->91662K(699392K), [Metaspace: 43175K->43175K(1085440K)], 0.0491450 secs] [Times: user=0.49 sys=0.01, real=0.05 secs] 
2016-09-24T04:01:49.113-0400: 9.252: [GC (GCLocker Initiated GC) [PSYoungGen: 88064K->68786K(175104K)] 182513K->163244K(699392K), 0.0095448 secs] [Times: user=0.15 sys=0.00, real=0.02 secs] 
2016-09-24T04:01:49.158-0400: 9.296: [GC (GCLocker Initiated GC) [PSYoungGen: 156850K->64572K(175104K)] 256815K->207189K(699392K), 0.0082775 secs] [Times: user=0.14 sys=0.00, real=0.01 secs] 
2016-09-24T04:01:49.211-0400: 9.349: [GC (GCLocker Initiated GC) [PSYoungGen: 152636K->44052K(175104K)] 310316K->217172K(699392K), 0.0067726 secs] [Times: user=0.08 sys=0.00, real=0.01 secs] 
2016-09-24T04:01:49.260-0400: 9.398: [GC (GCLocker Initiated GC) [PSYoungGen: 132116K->48216K(175104K)] 312201K->253145K(699392K), 0.0069292 secs] [Times: user=0.07 sys=0.00, real=0.01 secs] 
2016-09-24T04:01:49.292-0400: 9.431: [GC (GCLocker Initiated GC) [PSYoungGen: 136280K->72531K(175104K)] 344015K->299724K(699392K), 0.0078612 secs] [Times: user=0.09 sys=0.00, real=0.01 secs] 
2016-09-24T04:01:49.370-0400: 9.509: [GC (GCLocker Initiated GC) [PSYoungGen: 160595K->80787K(175104K)] 410941K->339670K(699392K), 0.0076611 secs] [Times: user=0.11 sys=0.00, real=0.01 secs] 
2016-09-24T04:01:49.429-0400: 9.567: [GC (GCLocker Initiated GC) [PSYoungGen: 168851K->56394K(175104K)] 449552K->351203K(699392K), 0.0057771 secs] [Times: user=0.07 sys=0.00, real=0.01 secs] 
2016-09-24T04:01:49.474-0400: 9.612: [GC (GCLocker Initiated GC) [PSYoungGen: 144458K->69688K(175104K)] 444786K->373192K(699392K), 0.0064091 secs] [Times: user=0.06 sys=0.01, real=0.01 secs] 
2016-09-24T04:01:49.506-0400: 9.645: [GC (GCLocker Initiated GC) [PSYoungGen: 157752K->84726K(175104K)] 461421K->421237K(699392K), 0.0084208 secs] [Times: user=0.12 sys=0.01, real=0.01 secs] 
2016-09-24T04:01:49.554-0400: 9.693: [GC (GCLocker Initiated GC) [PSYoungGen: 172790K->55012K(175104K)] 521662K->436798K(699392K), 0.0126268 secs] [Times: user=0.17 sys=0.00, real=0.01 secs] 
2016-09-24T04:01:49.602-0400: 9.741: [GC (GCLocker Initiated GC) [PSYoungGen: 143076K->58984K(175104K)] 527722K->456292K(699392K), 0.0063057 secs] [Times: user=0.08 sys=0.00, real=0.01 secs] 
2016-09-24T04:01:49.634-0400: 9.773: [GC (GCLocker Initiated GC) [PSYoungGen: 147048K->86218K(175104K)] 559262K->504278K(699392K), 0.0076927 secs] [Times: user=0.11 sys=0.00, real=0.01 secs] 
2016-09-24T04:01:49.685-0400: 9.823: [GC (GCLocker Initiated GC) [PSYoungGen: 174282K->76516K(175104K)] 599510K->509178K(699392K), 0.0068363 secs] [Times: user=0.10 sys=0.00, real=0.00 secs] 
2016-09-24T04:01:49.716-0400: 9.854: [GC (GCLocker Initiated GC) [PSYoungGen: 164580K->76584K(175104K)] 598620K->542194K(699392K), 0.0080482 secs] [Times: user=0.12 sys=0.00, real=0.01 secs] 
2016-09-24T04:01:49.761-0400: 9.899: [GC (GCLocker Initiated GC) [PSYoungGen: 164648K->76516K(175104K)] 635775K->566979K(699392K), 0.0071220 secs] [Times: user=0.10 sys=0.00, real=0.01 secs] 
2016-09-24T04:01:49.768-0400: 9.907: [Full GC (Ergonomics) [PSYoungGen: 76516K->0K(175104K)] [ParOldGen: 490462K->88778K(524288K)] 566979K->88778K(699392K), [Metaspace: 43230K->43230K(1085440K)], 0.0452985 secs] [Times: user=0.40 sys=0.00, real=0.04 secs] 
2016-09-24T04:01:49.852-0400: 9.990: [GC (GCLocker Initiated GC) [PSYoungGen: 88064K->71312K(175104K)] 177016K->160265K(699392K), 0.0067909 secs] [Times: user=0.09 sys=0.01, real=0.01 secs] 
2016-09-24T04:01:49.888-0400: 10.027: [GC (GCLocker Initiated GC) [PSYoungGen: 159376K->76800K(175104K)] 259340K->188192K(699392K), 0.0068014 secs] [Times: user=0.10 sys=0.01, real=0.01 secs] 
2016-09-24T04:01:49.935-0400: 10.074: [GC (GCLocker Initiated GC) [PSYoungGen: 164864K->56348K(175104K)] 287329K->202491K(699392K), 0.0064735 secs] [Times: user=0.09 sys=0.01, real=0.00 secs] 
2016-09-24T04:01:49.979-0400: 10.117: [GC (GCLocker Initiated GC) [PSYoungGen: 144412K->65670K(175104K)] 296090K->229980K(699392K), 0.0062166 secs] [Times: user=0.09 sys=0.00, real=0.01 secs] 
2016-09-24T04:01:50.018-0400: 10.157: [GC (GCLocker Initiated GC) [PSYoungGen: 153734K->71308K(175104K)] 323797K->259327K(699392K), 0.0069589 secs] [Times: user=0.09 sys=0.00, real=0.01 secs] 
2016-09-24T04:01:50.064-0400: 10.203: [GC (Allocation Failure) [PSYoungGen: 159372K->59122K(175104K)] 362419K->277658K(699392K), 0.0056695 secs] [Times: user=0.08 sys=0.00, real=0.00 secs] 
2016-09-24T04:01:50.106-0400: 10.245: [GC (GCLocker Initiated GC) [PSYoungGen: 146647K->64370K(175104K)] 367884K->294228K(699392K), 0.0069450 secs] [Times: user=0.08 sys=0.00, real=0.00 secs] 
2016-09-24T04:01:50.139-0400: 10.278: [GC (GCLocker Initiated GC) [PSYoungGen: 152434K->76516K(175104K)] 382353K->323123K(699392K), 0.0077223 secs] [Times: user=0.08 sys=0.00, real=0.01 secs] 
2016-09-24T04:01:50.183-0400: 10.322: [GC (GCLocker Initiated GC) [PSYoungGen: 164580K->69894K(175104K)] 414115K->345555K(699392K), 0.0080119 secs] [Times: user=0.12 sys=0.00, real=0.00 secs] 
2016-09-24T04:01:50.226-0400: 10.365: [GC (GCLocker Initiated GC) [PSYoungGen: 157958K->82140K(175104K)] 433728K->377390K(699392K), 0.0074435 secs] [Times: user=0.11 sys=0.01, real=0.00 secs] 
2016-09-24T04:01:50.265-0400: 10.404: [GC (GCLocker Initiated GC) [PSYoungGen: 170204K->77948K(175104K)] 468303K->395603K(699392K), 0.0082008 secs] [Times: user=0.12 sys=0.00, real=0.00 secs] 
2016-09-24T04:01:50.314-0400: 10.452: [GC (GCLocker Initiated GC) [PSYoungGen: 166012K->50976K(175104K)] 494709K->416629K(699392K), 0.0071163 secs] [Times: user=0.11 sys=0.00, real=0.01 secs] 
2016-09-24T04:01:50.355-0400: 10.494: [GC (GCLocker Initiated GC) [PSYoungGen: 139040K->80759K(175104K)] 510269K->464728K(699392K), 0.0085986 secs] [Times: user=0.12 sys=0.00, real=0.01 secs] 
2016-09-24T04:01:50.401-0400: 10.540: [GC (GCLocker Initiated GC) [PSYoungGen: 168823K->59126K(175104K)] 563788K->484388K(699392K), 0.0066092 secs] [Times: user=0.09 sys=0.00, real=0.01 secs] 
2016-09-24T04:01:50.437-0400: 10.576: [GC (GCLocker Initiated GC) [PSYoungGen: 147190K->80662K(175104K)] 580744K->537687K(699392K), 0.0080572 secs] [Times: user=0.12 sys=0.00, real=0.01 secs] 
2016-09-24T04:01:50.481-0400: 10.620: [GC (GCLocker Initiated GC) [PSYoungGen: 168726K->75230K(175104K)] 630310K->557608K(699392K), 0.0076921 secs] [Times: user=0.11 sys=0.00, real=0.01 secs] 
2016-09-24T04:01:50.521-0400: 10.660: [GC (GCLocker Initiated GC) [PSYoungGen: 163294K->64402K(175104K)] 645816K->577188K(699392K), 0.0089859 secs] [Times: user=0.09 sys=0.00, real=0.01 secs] 
2016-09-24T04:01:50.531-0400: 10.669: [Full GC (Ergonomics) [PSYoungGen: 64402K->0K(175104K)] [ParOldGen: 512785K->91601K(524288K)] 577188K->91601K(699392K), [Metaspace: 43276K->43276K(1085440K)], 0.0473698 secs] [Times: user=0.41 sys=0.01, real=0.05 secs] 
2016-09-24T04:01:50.606-0400: 10.745: [GC (GCLocker Initiated GC) [PSYoungGen: 88064K->78360K(175104K)] 185120K->175416K(699392K), 0.0062599 secs] [Times: user=0.09 sys=0.01, real=0.00 secs] 
2016-09-24T04:01:50.655-0400: 10.794: [GC (GCLocker Initiated GC) [PSYoungGen: 166424K->29219K(175104K)] 269193K->159939K(699392K), 0.0087925 secs] [Times: user=0.09 sys=0.01, real=0.01 secs] 
2016-09-24T04:01:50.689-0400: 10.828: [GC (GCLocker Initiated GC) [PSYoungGen: 117283K->81906K(175104K)] 248114K->230745K(699392K), 0.0072526 secs] [Times: user=0.09 sys=0.01, real=0.01 secs] 
2016-09-24T04:01:50.730-0400: 10.868: [GC (GCLocker Initiated GC) [PSYoungGen: 169970K->55008K(175104K)] 331038K->244831K(699392K), 0.0076480 secs] [Times: user=0.09 sys=0.00, real=0.01 secs] 
2016-09-24T04:01:50.768-0400: 10.907: [GC (GCLocker Initiated GC) [PSYoungGen: 143072K->63020K(175104K)] 333032K->272576K(699392K), 0.0065273 secs] [Times: user=0.07 sys=0.00, real=0.01 secs] 
2016-09-24T04:01:50.808-0400: 10.947: [GC (GCLocker Initiated GC) [PSYoungGen: 151084K->42606K(175104K)] 360771K->281059K(699392K), 0.0091549 secs] [Times: user=0.07 sys=0.00, real=0.01 secs] 
2016-09-24T04:01:50.849-0400: 10.988: [GC (GCLocker Initiated GC) [PSYoungGen: 130670K->57840K(175104K)] 374852K->310606K(699392K), 0.0151011 secs] [Times: user=0.17 sys=0.01, real=0.02 secs] 
2016-09-24T04:01:50.900-0400: 11.039: [GC (GCLocker Initiated GC) [PSYoungGen: 145904K->67098K(175104K)] 405492K->358400K(699392K), 0.0100807 secs] [Times: user=0.13 sys=0.00, real=0.01 secs] 
2016-09-24T04:01:50.944-0400: 11.082: [GC (GCLocker Initiated GC) [PSYoungGen: 155162K->69880K(175104K)] 450534K->383270K(699392K), 0.0066701 secs] [Times: user=0.09 sys=0.00, real=0.00 secs] 
2016-09-24T04:01:50.988-0400: 11.126: [GC (GCLocker Initiated GC) [PSYoungGen: 157944K->83330K(175104K)] 476934K->419026K(699392K), 0.0079621 secs] [Times: user=0.12 sys=0.00, real=0.01 secs] 
2016-09-24T04:01:51.029-0400: 11.168: [GC (GCLocker Initiated GC) [PSYoungGen: 171394K->56252K(175104K)] 507381K->415709K(699392K), 0.0066402 secs] [Times: user=0.07 sys=0.00, real=0.01 secs] 
2016-09-24T04:01:51.070-0400: 11.209: [GC (GCLocker Initiated GC) [PSYoungGen: 144316K->71276K(175104K)] 510672K->454362K(699392K), 0.0073801 secs] [Times: user=0.10 sys=0.00, real=0.01 secs] 
2016-09-24T04:01:51.112-0400: 11.250: [GC (GCLocker Initiated GC) [PSYoungGen: 159340K->56284K(175104K)] 545381K->460459K(699392K), 0.0065232 secs] [Times: user=0.07 sys=0.00, real=0.01 secs] 
2016-09-24T04:01:51.149-0400: 11.288: [GC (GCLocker Initiated GC) [PSYoungGen: 144348K->63144K(175104K)] 554015K->490914K(699392K), 0.0070543 secs] [Times: user=0.10 sys=0.00, real=0.01 secs] 
2016-09-24T04:01:51.192-0400: 11.330: [GC (GCLocker Initiated GC) [PSYoungGen: 151208K->65954K(175104K)] 580443K->524135K(699392K), 0.0076078 secs] [Times: user=0.10 sys=0.00, real=0.01 secs] 
2016-09-24T04:01:51.232-0400: 11.371: [GC (GCLocker Initiated GC) [PSYoungGen: 154018K->58872K(175104K)] 614275K->549467K(699392K), 0.0077374 secs] [Times: user=0.09 sys=0.00, real=0.01 secs] 
2016-09-24T04:01:51.240-0400: 11.379: [Full GC (Ergonomics) [PSYoungGen: 58872K->0K(175104K)] [ParOldGen: 490594K->94095K(524288K)] 549467K->94095K(699392K), [Metaspace: 43296K->43296K(1085440K)], 0.0445339 secs] [Times: user=0.37 sys=0.00, real=0.05 secs] 
2016-09-24T04:01:51.315-0400: 11.454: [GC (GCLocker Initiated GC) [PSYoungGen: 88064K->76932K(175104K)] 185188K->174056K(699392K), 0.0109789 secs] [Times: user=0.15 sys=0.01, real=0.01 secs] 
2016-09-24T04:01:51.361-0400: 11.499: [GC (GCLocker Initiated GC) [PSYoungGen: 164996K->65784K(175104K)] 262265K->184167K(699392K), 0.0075594 secs] [Times: user=0.10 sys=0.01, real=0.01 secs] 
2016-09-24T04:01:51.397-0400: 11.536: [GC (GCLocker Initiated GC) [PSYoungGen: 153848K->72640K(175104K)] 273165K->220815K(699392K), 0.0065775 secs] [Times: user=0.10 sys=0.00, real=0.01 secs] 
2016-09-24T04:01:51.435-0400: 11.573: [GC (GCLocker Initiated GC) [PSYoungGen: 160704K->72534K(175104K)] 309053K->244479K(699392K), 0.0078210 secs] [Times: user=0.10 sys=0.00, real=0.01 secs] 
2016-09-24T04:01:51.480-0400: 11.619: [GC (GCLocker Initiated GC) [PSYoungGen: 160598K->63221K(175104K)] 342146K->260140K(699392K), 0.0064976 secs] [Times: user=0.08 sys=0.01, real=0.01 secs] 
2016-09-24T04:01:51.516-0400: 11.655: [GC (GCLocker Initiated GC) [PSYoungGen: 151285K->65843K(154112K)] 349782K->296112K(678400K), 0.0081228 secs] [Times: user=0.11 sys=0.01, real=0.01 secs] 
2016-09-24T04:01:51.557-0400: 11.696: [GC (GCLocker Initiated GC) [PSYoungGen: 153907K->49533K(172032K)] 384411K->323825K(696320K), 0.0078683 secs] [Times: user=0.09 sys=0.01, real=0.01 secs] 
2016-09-24T04:01:51.601-0400: 11.740: [GC (GCLocker Initiated GC) [PSYoungGen: 136573K->65907K(173056K)] 413744K->373264K(697344K), 0.0077957 secs] [Times: user=0.08 sys=0.02, real=0.01 secs] 
2016-09-24T04:01:51.637-0400: 11.776: [GC (GCLocker Initiated GC) [PSYoungGen: 152947K->82171K(172544K)] 460427K->405141K(696832K), 0.0082262 secs] [Times: user=0.10 sys=0.01, real=0.01 secs] 
2016-09-24T04:01:51.682-0400: 11.820: [GC (GCLocker Initiated GC) [PSYoungGen: 170235K->71243K(175104K)] 498704K->426010K(699392K), 0.0082299 secs] [Times: user=0.10 sys=0.01, real=0.01 secs] 
2016-09-24T04:01:51.727-0400: 11.866: [GC (GCLocker Initiated GC) [PSYoungGen: 159307K->60539K(175104K)] 520901K->452404K(699392K), 0.0096957 secs] [Times: user=0.11 sys=0.01, real=0.01 secs] 
2016-09-24T04:01:51.778-0400: 11.917: [GC (GCLocker Initiated GC) [PSYoungGen: 148603K->51007K(175104K)] 548752K->480093K(699392K), 0.0070122 secs] [Times: user=0.08 sys=0.01, real=0.01 secs] 
2016-09-24T04:01:51.825-0400: 11.964: [GC (GCLocker Initiated GC) [PSYoungGen: 139071K->57569K(175104K)] 576382K->522478K(699392K), 0.0072852 secs] [Times: user=0.10 sys=0.00, real=0.00 secs] 
2016-09-24T04:01:51.864-0400: 12.002: [GC (GCLocker Initiated GC) [PSYoungGen: 145633K->65843K(154112K)] 613372K->563708K(678400K), 0.0076871 secs] [Times: user=0.10 sys=0.01, real=0.00 secs] 
2016-09-24T04:01:51.871-0400: 12.010: [Full GC (Ergonomics) [PSYoungGen: 65843K->0K(154112K)] [ParOldGen: 497864K->109407K(524288K)] 563708K->109407K(678400K), [Metaspace: 43298K->43298K(1085440K)], 0.0455195 secs] [Times: user=0.38 sys=0.00, real=0.05 secs] 
2016-09-24T04:01:51.952-0400: 12.090: [GC (GCLocker Initiated GC) [PSYoungGen: 88064K->85109K(172032K)] 201112K->198158K(696320K), 0.0091276 secs] [Times: user=0.14 sys=0.00, real=0.01 secs] 
2016-09-24T04:01:51.996-0400: 12.135: [GC (GCLocker Initiated GC) [PSYoungGen: 171637K->58951K(173568K)] 285604K->206275K(697856K), 0.0069321 secs] [Times: user=0.09 sys=0.00, real=0.01 secs] 
2016-09-24T04:01:52.027-0400: 12.166: [GC (GCLocker Initiated GC) [PSYoungGen: 145479K->86062K(175104K)] 295645K->251563K(699392K), 0.0084550 secs] [Times: user=0.10 sys=0.00, real=0.01 secs] 
2016-09-24T04:01:52.073-0400: 12.211: [GC (GCLocker Initiated GC) [PSYoungGen: 174126K->39991K(175104K)] 339696K->268197K(699392K), 0.0071026 secs] [Times: user=0.10 sys=0.00, real=0.01 secs] 
2016-09-24T04:01:52.105-0400: 12.244: [GC (GCLocker Initiated GC) [PSYoungGen: 128055K->82135K(175104K)] 361050K->319582K(699392K), 0.0065579 secs] [Times: user=0.10 sys=0.00, real=0.00 secs] 
2016-09-24T04:01:52.150-0400: 12.288: [GC (GCLocker Initiated GC) [PSYoungGen: 170199K->60242K(175104K)] 414474K->333566K(699392K), 0.0060813 secs] [Times: user=0.09 sys=0.00, real=0.01 secs] 
2016-09-24T04:01:52.179-0400: 12.318: [GC (GCLocker Initiated GC) [PSYoungGen: 148306K->86171K(175104K)] 424402K->391012K(699392K), 0.0079555 secs] [Times: user=0.11 sys=0.01, real=0.01 secs] 
2016-09-24T04:01:52.226-0400: 12.365: [GC (GCLocker Initiated GC) [PSYoungGen: 174235K->72575K(175104K)] 492799K->418773K(699392K), 0.0078732 secs] [Times: user=0.12 sys=0.00, real=0.01 secs] 
2016-09-24T04:01:52.273-0400: 12.411: [GC (GCLocker Initiated GC) [PSYoungGen: 160639K->53615K(175104K)] 509664K->420743K(699392K), 0.0053946 secs] [Times: user=0.07 sys=0.00, real=0.01 secs] 
2016-09-24T04:01:52.304-0400: 12.443: [GC (GCLocker Initiated GC) [PSYoungGen: 141679K->76515K(175104K)] 508877K->460398K(699392K), 0.0071925 secs] [Times: user=0.10 sys=0.00, real=0.00 secs] 
2016-09-24T04:01:52.359-0400: 12.497: [GC (GCLocker Initiated GC) [PSYoungGen: 164579K->68493K(175104K)] 559372K->482653K(699392K), 0.0070808 secs] [Times: user=0.09 sys=0.00, real=0.01 secs] 
2016-09-24T04:01:52.408-0400: 12.546: [GC (GCLocker Initiated GC) [PSYoungGen: 156557K->54933K(175104K)] 583026K->508939K(699392K), 0.0060903 secs] [Times: user=0.09 sys=0.00, real=0.00 secs] 
2016-09-24T04:01:52.441-0400: 12.580: [GC (GCLocker Initiated GC) [PSYoungGen: 142997K->80739K(175104K)] 605147K->555541K(699392K), 0.0071341 secs] [Times: user=0.11 sys=0.00, real=0.01 secs] 
2016-09-24T04:01:52.489-0400: 12.628: [Full GC (Ergonomics) [PSYoungGen: 168803K->0K(175104K)] [ParOldGen: 480280K->105893K(524288K)] 649084K->105893K(699392K), [Metaspace: 43298K->43298K(1085440K)], 0.0504250 secs] [Times: user=0.44 sys=0.00, real=0.05 secs] 
2016-09-24T04:01:52.567-0400: 12.706: [GC (GCLocker Initiated GC) [PSYoungGen: 88064K->83714K(175104K)] 194110K->189760K(699392K), 0.0071608 secs] [Times: user=0.08 sys=0.01, real=0.01 secs] 
2016-09-24T04:01:52.612-0400: 12.750: [GC (GCLocker Initiated GC) [PSYoungGen: 171778K->59093K(175104K)] 283373K->194511K(699392K), 0.0061930 secs] [Times: user=0.09 sys=0.00, real=0.01 secs] 
2016-09-24T04:01:52.655-0400: 12.794: [GC (GCLocker Initiated GC) [PSYoungGen: 147157K->71308K(175104K)] 285330K->216786K(699392K), 0.0061724 secs] [Times: user=0.07 sys=0.01, real=0.00 secs] 
2016-09-24T04:01:52.693-0400: 12.832: [GC (GCLocker Initiated GC) [PSYoungGen: 159372K->82107K(175104K)] 314898K->240961K(699392K), 0.0061176 secs] [Times: user=0.08 sys=0.00, real=0.01 secs] 
2016-09-24T04:01:52.734-0400: 12.873: [GC (GCLocker Initiated GC) [PSYoungGen: 170171K->52156K(175104K)] 331905K->259071K(699392K), 0.0068498 secs] [Times: user=0.09 sys=0.00, real=0.01 secs] 
2016-09-24T04:01:52.781-0400: 12.920: [GC (GCLocker Initiated GC) [PSYoungGen: 140220K->49630K(175104K)] 350032K->289534K(699392K), 0.0062276 secs] [Times: user=0.07 sys=0.00, real=0.01 secs] 
2016-09-24T04:01:52.808-0400: 12.947: [GC (GCLocker Initiated GC) [PSYoungGen: 137694K->75403K(175104K)] 380438K->341716K(699392K), 0.0071455 secs] [Times: user=0.09 sys=0.00, real=0.01 secs] 
2016-09-24T04:01:52.860-0400: 12.998: [GC (GCLocker Initiated GC) [PSYoungGen: 163467K->60453K(175104K)] 436619K->351776K(699392K), 0.0098520 secs] [Times: user=0.15 sys=0.00, real=0.01 secs] 
2016-09-24T04:01:52.897-0400: 13.036: [GC (GCLocker Initiated GC) [PSYoungGen: 148517K->58782K(175104K)] 442604K->391372K(699392K), 0.0079107 secs] [Times: user=0.09 sys=0.00, real=0.01 secs] 
2016-09-24T04:01:52.941-0400: 13.079: [GC (GCLocker Initiated GC) [PSYoungGen: 146846K->48385K(175104K)] 487794K->411274K(699392K), 0.0071971 secs] [Times: user=0.07 sys=0.00, real=0.01 secs] 
2016-09-24T04:01:52.981-0400: 13.120: [GC (GCLocker Initiated GC) [PSYoungGen: 136449K->65702K(175104K)] 499458K->452296K(699392K), 0.0074849 secs] [Times: user=0.10 sys=0.01, real=0.01 secs] 
2016-09-24T04:01:53.022-0400: 13.161: [GC (GCLocker Initiated GC) [PSYoungGen: 153766K->68557K(175104K)] 544507K->481330K(699392K), 0.0075561 secs] [Times: user=0.10 sys=0.00, real=0.01 secs] 
2016-09-24T04:01:53.061-0400: 13.200: [GC (GCLocker Initiated GC) [PSYoungGen: 156621K->78057K(175104K)] 580307K->529369K(699392K), 0.0081309 secs] [Times: user=0.12 sys=0.00, real=0.01 secs] 
2016-09-24T04:01:53.106-0400: 13.245: [GC (GCLocker Initiated GC) [PSYoungGen: 166121K->83361K(175104K)] 620232K->544761K(699392K), 0.0073523 secs] [Times: user=0.10 sys=0.01, real=0.00 secs] 
2016-09-24T04:01:53.154-0400: 13.292: [GC (GCLocker Initiated GC) [PSYoungGen: 171425K->50787K(175104K)] 638331K->554698K(699392K), 0.0071553 secs] [Times: user=0.11 sys=0.00, real=0.01 secs] 
2016-09-24T04:01:53.161-0400: 13.299: [Full GC (Ergonomics) [PSYoungGen: 50787K->0K(175104K)] [ParOldGen: 503910K->108100K(524288K)] 554698K->108100K(699392K), [Metaspace: 43306K->43306K(1085440K)], 0.0466419 secs] [Times: user=0.36 sys=0.00, real=0.05 secs] 
2016-09-24T04:01:53.240-0400: 13.378: [GC (GCLocker Initiated GC) [PSYoungGen: 88064K->82221K(175104K)] 196294K->190451K(699392K), 0.0065833 secs] [Times: user=0.10 sys=0.00, real=0.01 secs] 
2016-09-24T04:01:53.286-0400: 13.425: [GC (GCLocker Initiated GC) [PSYoungGen: 170285K->61885K(175104K)] 294780K->215459K(699392K), 0.0063785 secs] [Times: user=0.09 sys=0.00, real=0.00 secs] 
2016-09-24T04:01:53.320-0400: 13.458: [GC (GCLocker Initiated GC) [PSYoungGen: 149949K->73879K(175104K)] 309025K->249838K(699392K), 0.0070661 secs] [Times: user=0.09 sys=0.00, real=0.01 secs] 
2016-09-24T04:01:53.369-0400: 13.508: [GC (GCLocker Initiated GC) [PSYoungGen: 161943K->68319K(175104K)] 340788K->274683K(699392K), 0.0074958 secs] [Times: user=0.07 sys=0.00, real=0.01 secs] 
2016-09-24T04:01:53.414-0400: 13.552: [GC (GCLocker Initiated GC) [PSYoungGen: 156383K->48165K(175104K)] 375024K->278013K(699392K), 0.0063745 secs] [Times: user=0.06 sys=0.01, real=0.01 secs] 
2016-09-24T04:01:53.450-0400: 13.589: [GC (GCLocker Initiated GC) [PSYoungGen: 136229K->60366K(175104K)] 369143K->308684K(699392K), 0.0110087 secs] [Times: user=0.05 sys=0.00, real=0.01 secs] 
2016-09-24T04:01:53.489-0400: 13.627: [GC (GCLocker Initiated GC) [PSYoungGen: 148430K->64242K(175104K)] 396875K->341607K(699392K), 0.0073200 secs] [Times: user=0.09 sys=0.00, real=0.01 secs] 
2016-09-24T04:01:53.522-0400: 13.661: [GC (GCLocker Initiated GC) [PSYoungGen: 152306K->71353K(175104K)] 437858K->382944K(699392K), 0.0072166 secs] [Times: user=0.18 sys=0.01, real=0.00 secs] 
2016-09-24T04:01:53.566-0400: 13.705: [GC (GCLocker Initiated GC) [PSYoungGen: 159417K->67134K(175104K)] 471203K->407954K(699392K), 0.0068744 secs] [Times: user=0.09 sys=0.01, real=0.00 secs] 
2016-09-24T04:01:53.598-0400: 13.737: [GC (GCLocker Initiated GC) [PSYoungGen: 155198K->71165K(175104K)] 496242K->430223K(699392K), 0.0071474 secs] [Times: user=0.06 sys=0.01, real=0.01 secs] 
2016-09-24T04:01:53.637-0400: 13.775: [GC (GCLocker Initiated GC) [PSYoungGen: 159229K->53597K(175104K)] 526630K->468785K(699392K), 0.0092114 secs] [Times: user=0.07 sys=0.01, real=0.01 secs] 
2016-09-24T04:01:53.676-0400: 13.815: [GC (GCLocker Initiated GC) [PSYoungGen: 141661K->78025K(175104K)] 566429K->528975K(699392K), 0.0136095 secs] [Times: user=0.17 sys=0.01, real=0.01 secs] 
2016-09-24T04:01:53.728-0400: 13.867: [GC (GCLocker Initiated GC) [PSYoungGen: 166089K->65619K(175104K)] 626618K->537503K(699392K), 0.0151471 secs] [Times: user=0.16 sys=0.01, real=0.02 secs] 
2016-09-24T04:01:53.783-0400: 13.922: [GC (GCLocker Initiated GC) [PSYoungGen: 153683K->57619K(175104K)] 625607K->569181K(699392K), 0.0076841 secs] [Times: user=0.10 sys=0.02, real=0.00 secs] 
2016-09-24T04:01:53.791-0400: 13.930: [Full GC (Ergonomics) [PSYoungGen: 57619K->0K(175104K)] [ParOldGen: 511561K->110015K(524288K)] 569181K->110015K(699392K), [Metaspace: 43308K->43308K(1085440K)], 0.0439722 secs] [Times: user=0.36 sys=0.04, real=0.05 secs] 
2016-09-24T04:01:53.869-0400: 14.007: [GC (GCLocker Initiated GC) [PSYoungGen: 88064K->81027K(175104K)] 198252K->191215K(699392K), 0.0064168 secs] [Times: user=0.08 sys=0.01, real=0.01 secs] 
2016-09-24T04:01:53.914-0400: 14.053: [GC (GCLocker Initiated GC) [PSYoungGen: 169091K->74053K(175104K)] 287483K->221646K(699392K), 0.0093992 secs] [Times: user=0.08 sys=0.01, real=0.02 secs] 
2016-09-24T04:01:53.962-0400: 14.101: [GC (GCLocker Initiated GC) [PSYoungGen: 162117K->57839K(175104K)] 317820K->245297K(699392K), 0.0066991 secs] [Times: user=0.09 sys=0.00, real=0.00 secs] 
2016-09-24T04:01:54.002-0400: 14.141: [GC (GCLocker Initiated GC) [PSYoungGen: 145903K->69829K(175104K)] 336160K->267399K(699392K), 0.0086190 secs] [Times: user=0.10 sys=0.00, real=0.00 secs] 
2016-09-24T04:01:54.045-0400: 14.183: [GC (GCLocker Initiated GC) [PSYoungGen: 157893K->67065K(175104K)] 361014K->292345K(699392K), 0.0086964 secs] [Times: user=0.12 sys=0.01, real=0.00 secs] 
2016-09-24T04:01:54.089-0400: 14.227: [GC (GCLocker Initiated GC) [PSYoungGen: 155129K->84807K(175104K)] 388606K->336281K(699392K), 0.0075695 secs] [Times: user=0.11 sys=0.01, real=0.01 secs] 
2016-09-24T04:01:54.134-0400: 14.273: [GC (GCLocker Initiated GC) [PSYoungGen: 172871K->79389K(175104K)] 438026K->349165K(699392K), 0.0065090 secs] [Times: user=0.06 sys=0.01, real=0.01 secs] 
2016-09-24T04:01:54.177-0400: 14.316: [GC (GCLocker Initiated GC) [PSYoungGen: 167453K->48087K(175104K)] 442700K->349549K(699392K), 0.0078163 secs] [Times: user=0.06 sys=0.01, real=0.01 secs] 
2016-09-24T04:01:54.218-0400: 14.357: [GC (GCLocker Initiated GC) [PSYoungGen: 136151K->53711K(175104K)] 437754K->402982K(699392K), 0.0069807 secs] [Times: user=0.09 sys=0.00, real=0.01 secs] 
2016-09-24T04:01:54.251-0400: 14.389: [GC (GCLocker Initiated GC) [PSYoungGen: 141775K->86203K(175104K)] 495225K->461790K(699392K), 0.0077689 secs] [Times: user=0.11 sys=0.01, real=0.01 secs] 
2016-09-24T04:01:54.305-0400: 14.444: [GC (GCLocker Initiated GC) [PSYoungGen: 174267K->52391K(175104K)] 558565K->480534K(699392K), 0.0087685 secs] [Times: user=0.12 sys=0.01, real=0.01 secs] 
2016-09-24T04:01:54.340-0400: 14.478: [GC (GCLocker Initiated GC) [PSYoungGen: 140455K->69847K(175104K)] 574223K->523163K(699392K), 0.0072540 secs] [Times: user=0.09 sys=0.01, real=0.01 secs] 
2016-09-24T04:01:54.392-0400: 14.531: [GC (GCLocker Initiated GC) [PSYoungGen: 157911K->56293K(175104K)] 617989K->534458K(699392K), 0.0084326 secs] [Times: user=0.07 sys=0.00, real=0.01 secs] 
2016-09-24T04:01:54.401-0400: 14.539: [Full GC (Ergonomics) [PSYoungGen: 56293K->0K(175104K)] [ParOldGen: 478165K->121498K(524288K)] 534458K->121498K(699392K), [Metaspace: 43313K->43313K(1085440K)], 0.0460148 secs] [Times: user=0.32 sys=0.03, real=0.05 secs] 
2016-09-24T04:01:54.490-0400: 14.628: [GC (GCLocker Initiated GC) [PSYoungGen: 88064K->48265K(175104K)] 217738K->177940K(699392K), 0.0138267 secs] [Times: user=0.16 sys=0.02, real=0.02 secs] 
2016-09-24T04:01:54.532-0400: 14.671: [GC (GCLocker Initiated GC) [PSYoungGen: 136329K->75307K(175104K)] 274296K->227405K(699392K), 0.0062509 secs] [Times: user=0.08 sys=0.00, real=0.01 secs] 
2016-09-24T04:01:54.573-0400: 14.712: [GC (GCLocker Initiated GC) [PSYoungGen: 163371K->49469K(175104K)] 318191K->256144K(699392K), 0.0067026 secs] [Times: user=0.08 sys=0.01, real=0.01 secs] 
2016-09-24T04:01:54.614-0400: 14.752: [GC (GCLocker Initiated GC) [PSYoungGen: 137533K->72658K(175104K)] 346983K->291967K(699392K), 0.0062222 secs] [Times: user=0.06 sys=0.01, real=0.01 secs] 
2016-09-24T04:01:54.655-0400: 14.794: [GC (GCLocker Initiated GC) [PSYoungGen: 160722K->53488K(175104K)] 380220K->284409K(699392K), 0.0060271 secs] [Times: user=0.06 sys=0.01, real=0.00 secs] 
2016-09-24T04:01:54.691-0400: 14.830: [GC (GCLocker Initiated GC) [PSYoungGen: 141552K->64494K(175104K)] 375176K->327006K(699392K), 0.0074340 secs] [Times: user=0.11 sys=0.01, real=0.01 secs] 
2016-09-24T04:01:54.739-0400: 14.878: [GC (GCLocker Initiated GC) [PSYoungGen: 152558K->59061K(175104K)] 417847K->346563K(699392K), 0.0068606 secs] [Times: user=0.10 sys=0.00, real=0.01 secs] 
2016-09-24T04:01:54.785-0400: 14.924: [GC (GCLocker Initiated GC) [PSYoungGen: 147125K->80804K(175104K)] 437583K->404229K(699392K), 0.0091325 secs] [Times: user=0.10 sys=0.01, real=0.01 secs] 
2016-09-24T04:01:54.841-0400: 14.980: [GC (GCLocker Initiated GC) [PSYoungGen: 168868K->59015K(175104K)] 497759K->414267K(699392K), 0.0082728 secs] [Times: user=0.07 sys=0.01, real=0.01 secs] 
2016-09-24T04:01:54.880-0400: 15.018: [GC (GCLocker Initiated GC) [PSYoungGen: 147079K->67271K(175104K)] 503791K->431211K(699392K), 0.0068191 secs] [Times: user=0.07 sys=0.01, real=0.01 secs] 
2016-09-24T04:01:54.923-0400: 15.061: [GC (GCLocker Initiated GC) [PSYoungGen: 155335K->71038K(175104K)] 522112K->461394K(699392K), 0.0076072 secs] [Times: user=0.08 sys=0.00, real=0.00 secs] 
2016-09-24T04:01:54.960-0400: 15.099: [GC (GCLocker Initiated GC) [PSYoungGen: 159102K->80725K(175104K)] 555094K->513642K(699392K), 0.0073890 secs] [Times: user=0.10 sys=0.02, real=0.01 secs] 
2016-09-24T04:01:55.008-0400: 15.147: [GC (GCLocker Initiated GC) [PSYoungGen: 168789K->64429K(175104K)] 612593K->525048K(699392K), 0.0097552 secs] [Times: user=0.14 sys=0.02, real=0.01 secs] 
2016-09-24T04:01:55.066-0400: 15.205: [Full GC (Ergonomics) [PSYoungGen: 152493K->0K(175104K)] [ParOldGen: 474449K->119117K(524288K)] 626943K->119117K(699392K), [Metaspace: 43315K->43315K(1085440K)], 0.0539246 secs] [Times: user=0.39 sys=0.07, real=0.05 secs] 
2016-09-24T04:01:55.142-0400: 15.280: [GC (GCLocker Initiated GC) [PSYoungGen: 88064K->84986K(175104K)] 211536K->221959K(699392K), 0.0069406 secs] [Times: user=0.09 sys=0.00, real=0.01 secs] 
2016-09-24T04:01:55.184-0400: 15.323: [GC (GCLocker Initiated GC) [PSYoungGen: 173050K->57583K(175104K)] 322239K->241296K(699392K), 0.0073196 secs] [Times: user=0.11 sys=0.00, real=0.00 secs] 
2016-09-24T04:01:55.228-0400: 15.367: [GC (GCLocker Initiated GC) [PSYoungGen: 145647K->68543K(175104K)] 334778K->278375K(699392K), 0.0079075 secs] [Times: user=0.10 sys=0.01, real=0.01 secs] 
2016-09-24T04:01:55.278-0400: 15.417: [GC (GCLocker Initiated GC) [PSYoungGen: 156607K->60333K(175104K)] 370069K->290567K(699392K), 0.0091968 secs] [Times: user=0.08 sys=0.01, real=0.01 secs] 
2016-09-24T04:01:55.324-0400: 15.463: [GC (GCLocker Initiated GC) [PSYoungGen: 148397K->56329K(175104K)] 378801K->304753K(699392K), 0.0072131 secs] [Times: user=0.07 sys=0.01, real=0.00 secs] 
2016-09-24T04:01:55.365-0400: 15.503: [GC (GCLocker Initiated GC) [PSYoungGen: 144393K->83471K(175104K)] 403715K->348708K(699392K), 0.0069544 secs] [Times: user=0.10 sys=0.00, real=0.00 secs] 
2016-09-24T04:01:55.406-0400: 15.545: [GC (GCLocker Initiated GC) [PSYoungGen: 171535K->57679K(175104K)] 447718K->341249K(699392K), 0.0252855 secs] [Times: user=0.38 sys=0.02, real=0.02 secs] 
2016-09-24T04:01:55.465-0400: 15.604: [GC (GCLocker Initiated GC) [PSYoungGen: 145743K->63125K(175104K)] 436215K->359387K(699392K), 0.0103831 secs] [Times: user=0.14 sys=0.01, real=0.01 secs] 
2016-09-24T04:01:55.508-0400: 15.647: [GC (GCLocker Initiated GC) [PSYoungGen: 151189K->65528K(175104K)] 447533K->388087K(699392K), 0.0081097 secs] [Times: user=0.05 sys=0.01, real=0.01 secs] 
2016-09-24T04:01:55.546-0400: 15.685: [GC (GCLocker Initiated GC) [PSYoungGen: 153592K->68667K(175104K)] 484353K->417318K(699392K), 0.0137990 secs] [Times: user=0.14 sys=0.01, real=0.01 secs] 
2016-09-24T04:01:55.599-0400: 15.738: [GC (GCLocker Initiated GC) [PSYoungGen: 156731K->67162K(173056K)] 517647K->450365K(697344K), 0.0080530 secs] [Times: user=0.08 sys=0.01, real=0.01 secs] 
2016-09-24T04:01:55.646-0400: 15.785: [GC (GCLocker Initiated GC) [PSYoungGen: 155226K->53598K(174080K)] 543985K->480669K(698368K), 0.0208151 secs] [Times: user=0.26 sys=0.02, real=0.02 secs] 
2016-09-24T04:01:55.700-0400: 15.838: [GC (GCLocker Initiated GC) [PSYoungGen: 141662K->58906K(174080K)] 568865K->521705K(698368K), 0.0085163 secs] [Times: user=0.08 sys=0.01, real=0.01 secs] 
2016-09-24T04:01:55.745-0400: 15.883: [GC (GCLocker Initiated GC) [PSYoungGen: 149018K->63254K(175104K)] 614704K->572660K(699392K), 0.0086054 secs] [Times: user=0.10 sys=0.01, real=0.00 secs] 
2016-09-24T04:01:55.753-0400: 15.892: [Full GC (Ergonomics) [PSYoungGen: 63254K->0K(175104K)] [ParOldGen: 509406K->134540K(524288K)] 572660K->134540K(699392K), [Metaspace: 43322K->43322K(1085440K)], 0.0556913 secs] [Times: user=0.56 sys=0.05, real=0.06 secs] 
2016-09-24T04:01:55.848-0400: 15.987: [GC (GCLocker Initiated GC) [PSYoungGen: 90112K->66178K(175616K)] 230806K->206872K(699904K), 0.0054107 secs] [Times: user=0.07 sys=0.00, real=0.00 secs] 
2016-09-24T04:01:55.889-0400: 16.027: [GC (GCLocker Initiated GC) [PSYoungGen: 159874K->64415K(176128K)] 304815K->218355K(700416K), 0.0063388 secs] [Times: user=0.08 sys=0.01, real=0.01 secs] 
2016-09-24T04:01:55.935-0400: 16.074: [GC (GCLocker Initiated GC) [PSYoungGen: 158111K->73866K(176128K)] 312203K->240605K(700416K), 0.0071778 secs] [Times: user=0.11 sys=0.01, real=0.01 secs] 
2016-09-24T04:01:55.975-0400: 16.113: [GC (GCLocker Initiated GC) [PSYoungGen: 169610K->48211K(178176K)] 341882K->238504K(702464K), 0.0058888 secs] [Times: user=0.07 sys=0.00, real=0.00 secs] 
2016-09-24T04:01:56.016-0400: 16.155: [GC (GCLocker Initiated GC) [PSYoungGen: 143955K->71275K(176640K)] 335752K->273163K(700928K), 0.0064929 secs] [Times: user=0.10 sys=0.00, real=0.01 secs] 
2016-09-24T04:01:56.068-0400: 16.207: [GC (GCLocker Initiated GC) [PSYoungGen: 164459K->29300K(122880K)] 375821K->284433K(647168K), 0.0062534 secs] [Times: user=0.08 sys=0.01, real=0.01 secs] 
2016-09-24T04:01:56.104-0400: 16.243: [GC (GCLocker Initiated GC) [PSYoungGen: 122484K->76721K(175104K)] 379230K->340735K(699392K), 0.0069147 secs] [Times: user=0.09 sys=0.01, real=0.00 secs] 
2016-09-24T04:01:56.147-0400: 16.286: [GC (GCLocker Initiated GC) [PSYoungGen: 164785K->50531K(175104K)] 431532K->335315K(699392K), 0.0076088 secs] [Times: user=0.05 sys=0.01, real=0.01 secs] 
2016-09-24T04:01:56.187-0400: 16.326: [GC (GCLocker Initiated GC) [PSYoungGen: 138595K->58970K(175104K)] 423486K->367229K(699392K), 0.0077535 secs] [Times: user=0.09 sys=0.01, real=0.01 secs] 
2016-09-24T04:01:56.237-0400: 16.375: [GC (GCLocker Initiated GC) [PSYoungGen: 147034K->49437K(175104K)] 463535K->382595K(699392K), 0.0108666 secs] [Times: user=0.13 sys=0.01, real=0.01 secs] 
2016-09-24T04:01:56.291-0400: 16.430: [GC (GCLocker Initiated GC) [PSYoungGen: 137501K->67024K(175104K)] 470755K->415703K(699392K), 0.0064226 secs] [Times: user=0.10 sys=0.00, real=0.01 secs] 
2016-09-24T04:01:56.327-0400: 16.466: [GC (GCLocker Initiated GC) [PSYoungGen: 155088K->73855K(175104K)] 506664K->454171K(699392K), 0.0087900 secs] [Times: user=0.12 sys=0.01, real=0.01 secs] 
2016-09-24T04:01:56.374-0400: 16.512: [GC (GCLocker Initiated GC) [PSYoungGen: 161919K->60324K(175104K)] 558682K->487232K(699392K), 0.0065424 secs] [Times: user=0.10 sys=0.00, real=0.01 secs] 
2016-09-24T04:01:56.421-0400: 16.560: [GC (GCLocker Initiated GC) [PSYoungGen: 148388K->61581K(150016K)] 580854K->510663K(674304K), 0.0062214 secs] [Times: user=0.07 sys=0.00, real=0.01 secs] 
2016-09-24T04:01:56.456-0400: 16.594: [GC (GCLocker Initiated GC) [PSYoungGen: 149645K->79132K(169984K)] 601566K->558415K(694272K), 0.0074852 secs] [Times: user=0.09 sys=0.00, real=0.01 secs] 
2016-09-24T04:01:56.463-0400: 16.602: [Full GC (Ergonomics) [PSYoungGen: 79132K->0K(169984K)] [ParOldGen: 479282K->138812K(524288K)] 558415K->138812K(694272K), [Metaspace: 43329K->43329K(1085440K)], 0.0460081 secs] [Times: user=0.30 sys=0.05, real=0.04 secs] 
2016-09-24T04:01:56.537-0400: 16.676: [GC (GCLocker Initiated GC) [PSYoungGen: 85504K->75241K(172544K)] 225736K->215473K(696832K), 0.0063917 secs] [Times: user=0.08 sys=0.01, real=0.01 secs] 
2016-09-24T04:01:56.574-0400: 16.712: [GC (GCLocker Initiated GC) [PSYoungGen: 160745K->50718K(175104K)] 310538K->214522K(699392K), 0.0057534 secs] [Times: user=0.05 sys=0.01, real=0.01 secs] 
2016-09-24T04:01:56.618-0400: 16.757: [GC (GCLocker Initiated GC) [PSYoungGen: 138782K->50735K(175104K)] 310766K->246019K(699392K), 0.0066751 secs] [Times: user=0.08 sys=0.01, real=0.01 secs] 
2016-09-24T04:01:56.654-0400: 16.792: [GC (GCLocker Initiated GC) [PSYoungGen: 138799K->75018K(175104K)] 336939K->285650K(699392K), 0.0070209 secs] [Times: user=0.08 sys=0.00, real=0.01 secs] 
2016-09-24T04:01:56.691-0400: 16.830: [GC (GCLocker Initiated GC) [PSYoungGen: 163082K->70904K(175104K)] 376452K->330528K(699392K), 0.0144840 secs] [Times: user=0.16 sys=0.02, real=0.02 secs] 
2016-09-24T04:01:56.739-0400: 16.877: [GC (GCLocker Initiated GC) [PSYoungGen: 158968K->64238K(175104K)] 421376K->345824K(699392K), 0.0066180 secs] [Times: user=0.06 sys=0.01, real=0.01 secs] 
2016-09-24T04:01:56.791-0400: 16.930: [GC (GCLocker Initiated GC) [PSYoungGen: 152302K->39842K(175104K)] 438423K->342526K(699392K), 0.0065127 secs] [Times: user=0.05 sys=0.01, real=0.01 secs] 
2016-09-24T04:01:56.826-0400: 16.964: [GC (GCLocker Initiated GC) [PSYoungGen: 127906K->69668K(175104K)] 434148K->393815K(699392K), 0.0070093 secs] [Times: user=0.11 sys=0.01, real=0.00 secs] 
2016-09-24T04:01:56.866-0400: 17.005: [GC (GCLocker Initiated GC) [PSYoungGen: 157732K->60233K(175104K)] 492850K->436181K(699392K), 0.0081580 secs] [Times: user=0.11 sys=0.00, real=0.01 secs] 
2016-09-24T04:01:56.907-0400: 17.046: [GC (GCLocker Initiated GC) [PSYoungGen: 148297K->61553K(173056K)] 529798K->474490K(697344K), 0.0068309 secs] [Times: user=0.09 sys=0.01, real=0.01 secs] 
2016-09-24T04:01:56.942-0400: 17.081: [GC (GCLocker Initiated GC) [PSYoungGen: 149617K->71064K(174080K)] 562711K->523620K(698368K), 0.0081421 secs] [Times: user=0.12 sys=0.01, real=0.00 secs] 
2016-09-24T04:01:57.156-0400: 17.294: [GC (GCLocker Initiated GC) [PSYoungGen: 159128K->83119K(175104K)] 611818K->552335K(699392K), 0.0116591 secs] [Times: user=0.15 sys=0.02, real=0.01 secs] 
2016-09-24T04:01:57.214-0400: 17.353: [Full GC (Ergonomics) [PSYoungGen: 171183K->0K(175104K)] [ParOldGen: 477386K->132723K(524288K)] 648569K->132723K(699392K), [Metaspace: 43333K->43333K(1085440K)], 0.0550705 secs] [Times: user=0.32 sys=0.05, real=0.05 secs] 
2016-09-24T04:01:57.303-0400: 17.441: [GC (GCLocker Initiated GC) [PSYoungGen: 88064K->68370K(175104K)] 223690K->203996K(699392K), 0.0093071 secs] [Times: user=0.06 sys=0.01, real=0.00 secs] 
2016-09-24T04:01:57.346-0400: 17.484: [GC (GCLocker Initiated GC) [PSYoungGen: 156434K->76465K(175104K)] 296183K->239678K(699392K), 0.0114146 secs] [Times: user=0.14 sys=0.00, real=0.01 secs] 
2016-09-24T04:01:57.394-0400: 17.533: [GC (GCLocker Initiated GC) [PSYoungGen: 164529K->65536K(175104K)] 334584K->257482K(699392K), 0.0056978 secs] [Times: user=0.08 sys=0.00, real=0.01 secs] 
2016-09-24T04:01:57.433-0400: 17.572: [GC (GCLocker Initiated GC) [PSYoungGen: 153600K->57532K(175104K)] 351050K->282237K(699392K), 0.0066226 secs] [Times: user=0.09 sys=0.00, real=0.01 secs] 
2016-09-24T04:01:57.472-0400: 17.610: [GC (GCLocker Initiated GC) [PSYoungGen: 145596K->65586K(154112K)] 377130K->324403K(678400K), 0.0125116 secs] [Times: user=0.16 sys=0.01, real=0.02 secs] 
2016-09-24T04:01:57.528-0400: 17.667: [GC (GCLocker Initiated GC) [PSYoungGen: 153650K->79165K(174080K)] 415177K->358585K(698368K), 0.0092035 secs] [Times: user=0.13 sys=0.01, real=0.01 secs] 
2016-09-24T04:01:57.569-0400: 17.707: [GC (GCLocker Initiated GC) [PSYoungGen: 166717K->69682K(174592K)] 451620K->373864K(698880K), 0.0072062 secs] [Times: user=0.10 sys=0.00, real=0.01 secs] 
2016-09-24T04:01:57.620-0400: 17.759: [GC (GCLocker Initiated GC) [PSYoungGen: 157234K->80482K(175104K)] 464171K->407997K(699392K), 0.0095746 secs] [Times: user=0.15 sys=0.01, real=0.01 secs] 
2016-09-24T04:01:57.656-0400: 17.795: [GC (GCLocker Initiated GC) [PSYoungGen: 168546K->54786K(175104K)] 504298K->427291K(699392K), 0.0070689 secs] [Times: user=0.07 sys=0.01, real=0.01 secs] 
2016-09-24T04:01:57.716-0400: 17.855: [GC (GCLocker Initiated GC) [PSYoungGen: 142850K->61582K(175104K)] 521177K->457849K(699392K), 0.0061233 secs] [Times: user=0.09 sys=0.00, real=0.01 secs] 
2016-09-24T04:01:57.746-0400: 17.884: [GC (GCLocker Initiated GC) [PSYoungGen: 149646K->70925K(175104K)] 551542K->487987K(699392K), 0.0083423 secs] [Times: user=0.06 sys=0.01, real=0.00 secs] 
2016-09-24T04:01:57.803-0400: 17.941: [GC (GCLocker Initiated GC) [PSYoungGen: 158989K->65618K(175104K)] 581587K->492561K(699392K), 0.0092715 secs] [Times: user=0.10 sys=0.00, real=0.00 secs] 
2016-09-24T04:01:57.847-0400: 17.985: [GC (GCLocker Initiated GC) [PSYoungGen: 153682K->54736K(175104K)] 583346K->513097K(699392K), 0.0063042 secs] [Times: user=0.07 sys=0.00, real=0.00 secs] 
2016-09-24T04:01:57.899-0400: 18.037: [GC (GCLocker Initiated GC) [PSYoungGen: 142800K->61664K(173056K)] 614711K->546008K(697344K), 0.0084287 secs] [Times: user=0.11 sys=0.01, real=0.01 secs] 
2016-09-24T04:01:57.907-0400: 18.046: [Full GC (Ergonomics) [PSYoungGen: 61664K->0K(173056K)] [ParOldGen: 484344K->137850K(524288K)] 546008K->137850K(697344K), [Metaspace: 43333K->43333K(1085440K)], 0.0489251 secs] [Times: user=0.40 sys=0.05, real=0.05 secs] 
2016-09-24T04:01:58.010-0400: 18.149: [GC (GCLocker Initiated GC) [PSYoungGen: 88064K->68414K(174080K)] 238169K->218520K(698368K), 0.0097399 secs] [Times: user=0.14 sys=0.01, real=0.01 secs] 
2016-09-24T04:01:58.077-0400: 18.215: [GC (GCLocker Initiated GC) [PSYoungGen: 156478K->76464K(173056K)] 312057K->239209K(697344K), 0.0082406 secs] [Times: user=0.09 sys=0.00, real=0.01 secs] 
2016-09-24T04:01:58.139-0400: 18.278: [GC (GCLocker Initiated GC) [PSYoungGen: 164528K->81849K(175104K)] 334224K->257249K(699392K), 0.0105425 secs] [Times: user=0.16 sys=0.00, real=0.01 secs] 
2016-09-24T04:01:58.187-0400: 18.326: [GC (GCLocker Initiated GC) [PSYoungGen: 169913K->66968K(175104K)] 348059K->267037K(699392K), 0.0065948 secs] [Times: user=0.08 sys=0.02, real=0.01 secs] 
2016-09-24T04:01:58.231-0400: 18.370: [GC (GCLocker Initiated GC) [PSYoungGen: 155032K->66904K(175104K)] 359297K->287652K(699392K), 0.0070255 secs] [Times: user=0.08 sys=0.00, real=0.01 secs] 
2016-09-24T04:01:58.278-0400: 18.417: [GC (GCLocker Initiated GC) [PSYoungGen: 154968K->56040K(175104K)] 383902K->321673K(699392K), 0.0070478 secs] [Times: user=0.08 sys=0.01, real=0.01 secs] 
2016-09-24T04:01:58.321-0400: 18.460: [GC (GCLocker Initiated GC) [PSYoungGen: 144104K->58818K(146944K)] 412496K->358639K(671232K), 0.0069052 secs] [Times: user=0.09 sys=0.01, real=0.01 secs] 
2016-09-24T04:01:58.357-0400: 18.495: [GC (GCLocker Initiated GC) [PSYoungGen: 146882K->85883K(174080K)] 450911K->422575K(698368K), 0.0096750 secs] [Times: user=0.10 sys=0.01, real=0.01 secs] 
2016-09-24T04:01:58.405-0400: 18.543: [GC (GCLocker Initiated GC) [PSYoungGen: 173435K->64157K(174592K)] 512867K->421445K(698880K), 0.0068897 secs] [Times: user=0.08 sys=0.00, real=0.00 secs] 
2016-09-24T04:01:58.443-0400: 18.582: [GC (GCLocker Initiated GC) [PSYoungGen: 151709K->46540K(175104K)] 509147K->421837K(699392K), 0.0070610 secs] [Times: user=0.07 sys=0.00, real=0.00 secs] 
2016-09-24T04:01:58.493-0400: 18.631: [GC (GCLocker Initiated GC) [PSYoungGen: 134604K->71114K(175104K)] 526189K->491278K(699392K), 0.0083175 secs] [Times: user=0.10 sys=0.01, real=0.01 secs] 
2016-09-24T04:01:58.543-0400: 18.682: [GC (GCLocker Initiated GC) [PSYoungGen: 159178K->64218K(175104K)] 579449K->494319K(699392K), 0.0068109 secs] [Times: user=0.08 sys=0.00, real=0.00 secs] 
2016-09-24T04:01:58.584-0400: 18.723: [GC (GCLocker Initiated GC) [PSYoungGen: 152282K->61454K(175104K)] 585232K->502710K(699392K), 0.0138500 secs] [Times: user=0.17 sys=0.01, real=0.01 secs] 
2016-09-24T04:01:58.636-0400: 18.775: [GC (GCLocker Initiated GC) [PSYoungGen: 149518K->64221K(172032K)] 596854K->544253K(696320K), 0.0096114 secs] [Times: user=0.10 sys=0.00, real=0.01 secs] 
2016-09-24T04:01:58.646-0400: 18.785: [Full GC (Ergonomics) [PSYoungGen: 64221K->0K(172032K)] [ParOldGen: 480031K->141405K(524288K)] 544253K->141405K(696320K), [Metaspace: 43334K->43334K(1085440K)], 0.0759011 secs] [Times: user=0.33 sys=0.03, real=0.07 secs] 
2016-09-24T04:01:58.766-0400: 18.905: [GC (GCLocker Initiated GC) [PSYoungGen: 88064K->43922K(173568K)] 239069K->194928K(697856K), 0.0172612 secs] [Times: user=0.17 sys=0.02, real=0.02 secs] 
2016-09-24T04:01:58.823-0400: 18.962: [GC (GCLocker Initiated GC) [PSYoungGen: 131986K->46686K(175104K)] 286139K->214776K(699392K), 0.0129682 secs] [Times: user=0.16 sys=0.01, real=0.01 secs] 
2016-09-24T04:01:58.867-0400: 19.005: [GC (GCLocker Initiated GC) [PSYoungGen: 134750K->64268K(152576K)] 303120K->253189K(676864K), 0.0084851 secs] [Times: user=0.09 sys=0.01, real=0.01 secs] 
2016-09-24T04:01:58.928-0400: 19.067: [GC (GCLocker Initiated GC) [PSYoungGen: 152332K->64154K(175616K)] 356148K->275028K(699904K), 0.0147336 secs] [Times: user=0.22 sys=0.00, real=0.02 secs] 
2016-09-24T04:01:58.985-0400: 19.124: [GC (GCLocker Initiated GC) [PSYoungGen: 153754K->61538K(174080K)] 374167K->310591K(698368K), 0.0085482 secs] [Times: user=0.12 sys=0.00, real=0.00 secs] 
2016-09-24T04:01:59.038-0400: 19.176: [GC (GCLocker Initiated GC) [PSYoungGen: 151138K->66872K(174592K)] 405689K->343337K(698880K), 0.0089777 secs] [Times: user=0.09 sys=0.01, real=0.01 secs] 
2016-09-24T04:01:59.073-0400: 19.212: [GC (GCLocker Initiated GC) [PSYoungGen: 159032K->77815K(174080K)] 438405K->383120K(698368K), 0.0217073 secs] [Times: user=0.32 sys=0.01, real=0.03 secs] 
2016-09-24T04:01:59.140-0400: 19.279: [GC (GCLocker Initiated GC) [PSYoungGen: 169975K->56278K(177152K)] 483630K->406690K(701440K), 0.0074226 secs] [Times: user=0.09 sys=0.00, real=0.01 secs] 
2016-09-24T04:01:59.185-0400: 19.323: [GC (GCLocker Initiated GC) [PSYoungGen: 147414K->61582K(153088K)] 498321K->422249K(677376K), 0.0065279 secs] [Times: user=0.07 sys=0.00, real=0.00 secs] 
2016-09-24T04:01:59.226-0400: 19.365: [GC (GCLocker Initiated GC) [PSYoungGen: 152718K->54960K(174592K)] 517520K->438990K(698880K), 0.0105964 secs] [Times: user=0.10 sys=0.01, real=0.01 secs] 
2016-09-24T04:01:59.277-0400: 19.415: [GC (GCLocker Initiated GC) [PSYoungGen: 146608K->58786K(174080K)] 536903K->465705K(698368K), 0.0066368 secs] [Times: user=0.09 sys=0.01, real=0.01 secs] 
2016-09-24T04:01:59.316-0400: 19.455: [GC (GCLocker Initiated GC) [PSYoungGen: 150434K->71044K(176128K)] 560208K->485104K(700416K), 0.0067102 secs] [Times: user=0.07 sys=0.01, real=0.01 secs] 
2016-09-24T04:01:59.376-0400: 19.515: [GC (GCLocker Initiated GC) [PSYoungGen: 166276K->68204K(177664K)] 580497K->515219K(701952K), 0.0474301 secs] [Times: user=0.74 sys=0.06, real=0.05 secs] 
2016-09-24T04:01:59.472-0400: 19.611: [GC (Allocation Failure) [PSYoungGen: 163436K->49509K(178688K)] 613175K->506216K(702976K), 0.0068264 secs] [Times: user=0.09 sys=0.00, real=0.01 secs] 
2016-09-24T04:01:59.574-0400: 19.712: [GC (GCLocker Initiated GC) [PSYoungGen: 143787K->55912K(152576K)] 603194K->518366K(676864K), 0.0441884 secs] [Times: user=0.25 sys=0.03, real=0.05 secs] 
2016-09-24T04:01:59.670-0400: 19.809: [GC (GCLocker Initiated GC) [PSYoungGen: 152168K->57486K(180224K)] 622838K->548668K(704512K), 0.0491860 secs] [Times: user=0.29 sys=0.06, real=0.05 secs] 
2016-09-24T04:01:59.720-0400: 19.858: [Full GC (Ergonomics) [PSYoungGen: 57486K->0K(180224K)] [ParOldGen: 491181K->142864K(524288K)] 548668K->142864K(704512K), [Metaspace: 43334K->43334K(1085440K)], 0.0669492 secs] [Times: user=0.72 sys=0.08, real=0.07 secs] 
2016-09-24T04:01:59.874-0400: 20.012: [GC (GCLocker Initiated GC) [PSYoungGen: 98304K->79348K(177664K)] 243971K->225016K(701952K), 0.0083956 secs] [Times: user=0.10 sys=0.02, real=0.02 secs] 
2016-09-24T04:01:59.941-0400: 20.080: [GC (GCLocker Initiated GC) [PSYoungGen: 177652K->60037K(178176K)] 323529K->230745K(702464K), 0.0095250 secs] [Times: user=0.12 sys=0.01, real=0.01 secs] 
2016-09-24T04:01:59.999-0400: 20.138: [GC (GCLocker Initiated GC) [PSYoungGen: 153733K->50605K(144384K)] 324657K->233971K(668672K), 0.0089834 secs] [Times: user=0.11 sys=0.00, real=0.01 secs] 
2016-09-24T04:02:00.053-0400: 20.192: [GC (GCLocker Initiated GC) [PSYoungGen: 144301K->59033K(178688K)] 327790K->263146K(702976K), 0.0091477 secs] [Times: user=0.11 sys=0.01, real=0.02 secs] 
2016-09-24T04:02:00.115-0400: 20.253: [GC (GCLocker Initiated GC) [PSYoungGen: 154265K->80627K(176128K)] 358456K->314929K(700416K), 0.0125485 secs] [Times: user=0.14 sys=0.01, real=0.01 secs] 
2016-09-24T04:02:00.224-0400: 20.363: [GC (GCLocker Initiated GC) [PSYoungGen: 175859K->60255K(177152K)] 413037K->324964K(701440K), 0.0114835 secs] [Times: user=0.17 sys=0.01, real=0.01 secs] 
2016-09-24T04:02:00.302-0400: 20.441: [GC (GCLocker Initiated GC) [PSYoungGen: 151391K->69869K(176128K)] 416240K->345960K(700416K), 0.0069598 secs] [Times: user=0.10 sys=0.01, real=0.00 secs] 
2016-09-24T04:02:00.429-0400: 20.568: [GC (GCLocker Initiated GC) [PSYoungGen: 161005K->77894K(173568K)] 441279K->370879K(697856K), 0.0090707 secs] [Times: user=0.09 sys=0.02, real=0.01 secs] 
2016-09-24T04:02:00.646-0400: 20.784: [GC (GCLocker Initiated GC) [PSYoungGen: 165958K->69926K(175104K)] 467293K->385369K(699392K), 0.0130230 secs] [Times: user=0.19 sys=0.01, real=0.01 secs] 
2016-09-24T04:02:00.741-0400: 20.880: [GC (GCLocker Initiated GC) [PSYoungGen: 157990K->64338K(173056K)] 474329K->421749K(697344K), 0.0942385 secs] [Times: user=0.46 sys=0.10, real=0.10 secs] 
2016-09-24T04:02:00.936-0400: 21.074: [GC (GCLocker Initiated GC) [PSYoungGen: 152402K->57923K(174080K)] 518819K->453126K(698368K), 0.0791720 secs] [Times: user=0.48 sys=0.08, real=0.08 secs] 
2016-09-24T04:02:01.070-0400: 21.208: [GC (GCLocker Initiated GC) [PSYoungGen: 145987K->61528K(172544K)] 543933K->474946K(696832K), 0.0100385 secs] [Times: user=0.12 sys=0.00, real=0.01 secs] 
2016-09-24T04:02:01.126-0400: 21.265: [GC (GCLocker Initiated GC) [PSYoungGen: 152152K->61927K(174592K)] 568389K->486690K(698880K), 0.0127200 secs] [Times: user=0.11 sys=0.01, real=0.01 secs] 
2016-09-24T04:02:01.187-0400: 21.325: [GC (GCLocker Initiated GC) [PSYoungGen: 152551K->37169K(174592K)] 589634K->488275K(698880K), 0.0712495 secs] [Times: user=0.23 sys=0.07, real=0.07 secs] 
2016-09-24T04:02:01.297-0400: 21.435: [GC (GCLocker Initiated GC) [PSYoungGen: 129329K->52145K(177152K)] 580528K->520072K(701440K), 0.0061616 secs] [Times: user=0.07 sys=0.00, real=0.01 secs] 
2016-09-24T04:02:01.344-0400: 21.483: [GC (GCLocker Initiated GC) [PSYoungGen: 144305K->56271K(172544K)] 615186K->549249K(696832K), 0.0216958 secs] [Times: user=0.33 sys=0.05, real=0.02 secs] 
2016-09-24T04:02:01.366-0400: 21.505: [Full GC (Ergonomics) [PSYoungGen: 56271K->0K(172544K)] [ParOldGen: 492978K->150443K(524288K)] 549249K->150443K(696832K), [Metaspace: 43343K->43343K(1085440K)], 0.0584597 secs] [Times: user=0.69 sys=0.13, real=0.06 secs] 
2016-09-24T04:02:01.487-0400: 21.625: [GC (GCLocker Initiated GC) [PSYoungGen: 92672K->53750K(175104K)] 245933K->207012K(699392K), 0.0123442 secs] [Times: user=0.14 sys=0.03, real=0.01 secs] 
2016-09-24T04:02:01.628-0400: 21.766: [GC (GCLocker Initiated GC) [PSYoungGen: 146422K->44316K(179712K)] 313418K->241776K(704000K), 0.0087346 secs] [Times: user=0.14 sys=0.01, real=0.01 secs] 
2016-09-24T04:02:01.725-0400: 21.864: [GC (GCLocker Initiated GC) [PSYoungGen: 142620K->45615K(180224K)] 378099K->283072K(704512K), 0.0127422 secs] [Times: user=0.09 sys=0.05, real=0.01 secs] 
2016-09-24T04:02:01.825-0400: 21.964: [GC (GCLocker Initiated GC) [PSYoungGen: 143919K->36079K(178688K)] 415520K->321821K(702976K), 0.0233377 secs] [Times: user=0.36 sys=0.09, real=0.02 secs] 
2016-09-24T04:02:01.929-0400: 22.067: [GC (GCLocker Initiated GC) [PSYoungGen: 133359K->42612K(179712K)] 419121K->331654K(704000K), 0.0097225 secs] [Times: user=0.09 sys=0.06, real=0.01 secs] 
2016-09-24T04:02:02.020-0400: 22.159: [GC (GCLocker Initiated GC) [PSYoungGen: 139892K->49735K(175104K)] 449276K->368899K(699392K), 0.0129111 secs] [Times: user=0.21 sys=0.01, real=0.01 secs] 
2016-09-24T04:02:02.116-0400: 22.255: [GC (GCLocker Initiated GC) [PSYoungGen: 147527K->60212K(177664K)] 473544K->397856K(701952K), 0.0233943 secs] [Times: user=0.37 sys=0.04, real=0.02 secs] 
2016-09-24T04:02:02.213-0400: 22.352: [GC (GCLocker Initiated GC) [PSYoungGen: 158004K->40050K(181248K)] 512001K->413403K(705536K), 0.0106252 secs] [Times: user=0.13 sys=0.02, real=0.02 secs] 
2016-09-24T04:02:02.278-0400: 22.416: [GC (GCLocker Initiated GC) [PSYoungGen: 142450K->64598K(167424K)] 532244K->457743K(691712K), 0.0108500 secs] [Times: user=0.16 sys=0.00, real=0.01 secs] 
2016-09-24T04:02:02.335-0400: 22.474: [GC (GCLocker Initiated GC) [PSYoungGen: 166998K->79362K(169472K)] 566971K->481377K(693760K), 0.0070514 secs] [Times: user=0.12 sys=0.00, real=0.01 secs] 
2016-09-24T04:02:02.381-0400: 22.519: [GC (GCLocker Initiated GC) [PSYoungGen: 167426K->63052K(175104K)] 572976K->497475K(699392K), 0.0080020 secs] [Times: user=0.13 sys=0.00, real=0.01 secs] 
2016-09-24T04:02:02.418-0400: 22.556: [GC (GCLocker Initiated GC) [PSYoungGen: 151116K->64513K(175104K)] 588407K->519834K(699392K), 0.0094707 secs] [Times: user=0.11 sys=0.01, real=0.01 secs] 
2016-09-24T04:02:02.469-0400: 22.608: [GC (GCLocker Initiated GC) [PSYoungGen: 152577K->56456K(144896K)] 616157K->551753K(669184K), 0.0077014 secs] [Times: user=0.11 sys=0.00, real=0.01 secs] 
2016-09-24T04:02:02.477-0400: 22.616: [Full GC (Ergonomics) [PSYoungGen: 56456K->0K(144896K)] [ParOldGen: 495297K->158866K(524288K)] 551753K->158866K(669184K), [Metaspace: 43348K->43348K(1085440K)], 0.0467796 secs] [Times: user=0.44 sys=0.03, real=0.05 secs] 
2016-09-24T04:02:02.561-0400: 22.699: [GC (GCLocker Initiated GC) [PSYoungGen: 88064K->66194K(172032K)] 252400K->230530K(696320K), 0.0101834 secs] [Times: user=0.15 sys=0.01, real=0.01 secs] 
2016-09-24T04:02:02.615-0400: 22.753: [GC (GCLocker Initiated GC) [PSYoungGen: 153746K->47031K(172544K)] 334440K->244838K(696832K), 0.0064892 secs] [Times: user=0.08 sys=0.00, real=0.00 secs] 
2016-09-24T04:02:02.665-0400: 22.804: [GC (GCLocker Initiated GC) [PSYoungGen: 134583K->67200K(175616K)] 339248K->285977K(699904K), 0.0110588 secs] [Times: user=0.16 sys=0.01, real=0.01 secs] 
2016-09-24T04:02:02.712-0400: 22.851: [GC (GCLocker Initiated GC) [PSYoungGen: 158336K->68607K(159744K)] 380021K->324664K(684032K), 0.0100081 secs] [Times: user=0.14 sys=0.01, real=0.02 secs] 
2016-09-24T04:02:02.764-0400: 22.903: [GC (GCLocker Initiated GC) [PSYoungGen: 159743K->59156K(178176K)] 420260K->355376K(702464K), 0.0084043 secs] [Times: user=0.11 sys=0.01, real=0.00 secs] 
2016-09-24T04:02:02.808-0400: 22.947: [GC (GCLocker Initiated GC) [PSYoungGen: 150804K->59094K(151040K)] 449793K->365443K(675328K), 0.0071471 secs] [Times: user=0.07 sys=0.00, real=0.01 secs] 
2016-09-24T04:02:02.859-0400: 22.998: [GC (GCLocker Initiated GC) [PSYoungGen: 150742K->46994K(173056K)] 468132K->381188K(697344K), 0.0070056 secs] [Times: user=0.07 sys=0.01, real=0.01 secs] 
2016-09-24T04:02:02.905-0400: 23.043: [GC (GCLocker Initiated GC) [PSYoungGen: 138642K->65791K(173056K)] 472959K->422302K(697344K), 0.0073246 secs] [Times: user=0.12 sys=0.01, real=0.00 secs] 
2016-09-24T04:02:02.957-0400: 23.096: [GC (GCLocker Initiated GC) [PSYoungGen: 157439K->56429K(177152K)] 514211K->451552K(701440K), 0.0096403 secs] [Times: user=0.13 sys=0.02, real=0.01 secs] 
2016-09-24T04:02:03.006-0400: 23.145: [GC (Allocation Failure) [PSYoungGen: 155245K->78163K(177152K)] 550444K->499664K(701440K), 0.0110592 secs] [Times: user=0.17 sys=0.01, real=0.01 secs] 
2016-09-24T04:02:03.056-0400: 23.194: [GC (GCLocker Initiated GC) [PSYoungGen: 176546K->70086K(175104K)] 600746K->509837K(699392K), 0.0108954 secs] [Times: user=0.16 sys=0.02, real=0.01 secs] 
2016-09-24T04:02:03.103-0400: 23.242: [GC (GCLocker Initiated GC) [PSYoungGen: 160198K->79324K(169472K)] 600246K->528185K(693760K), 0.0092468 secs] [Times: user=0.14 sys=0.01, real=0.00 secs] 
2016-09-24T04:02:03.149-0400: 23.287: [GC (GCLocker Initiated GC) [PSYoungGen: 169436K->63186K(175104K)] 622518K->541128K(699392K), 0.0124094 secs] [Times: user=0.21 sys=0.00, real=0.01 secs] 
2016-09-24T04:02:03.205-0400: 23.343: [GC (GCLocker Initiated GC) [PSYoungGen: 151250K->51011K(175104K)] 630709K->550016K(699392K), 0.0068575 secs] [Times: user=0.09 sys=0.00, real=0.00 secs] 
2016-09-24T04:02:03.212-0400: 23.351: [Full GC (Ergonomics) [PSYoungGen: 51011K->0K(175104K)] [ParOldGen: 499005K->139593K(524288K)] 550016K->139593K(699392K), [Metaspace: 43349K->43349K(1085440K)], 0.1296404 secs] [Times: user=1.86 sys=0.08, real=0.13 secs] 
2016-09-24T04:02:03.379-0400: 23.517: [GC (GCLocker Initiated GC) [PSYoungGen: 88064K->59431K(172032K)] 238573K->209941K(696320K), 0.0086456 secs] [Times: user=0.11 sys=0.01, real=0.01 secs] 
2016-09-24T04:02:03.425-0400: 23.564: [GC (GCLocker Initiated GC) [PSYoungGen: 147495K->64511K(173568K)] 302175K->247093K(697856K), 0.0116844 secs] [Times: user=0.14 sys=0.01, real=0.01 secs] 
2016-09-24T04:02:03.478-0400: 23.617: [GC (GCLocker Initiated GC) [PSYoungGen: 152575K->61816K(172544K)] 343508K->275038K(696832K), 0.0123777 secs] [Times: user=0.16 sys=0.02, real=0.01 secs] 
2016-09-24T04:02:03.532-0400: 23.671: [GC (GCLocker Initiated GC) [PSYoungGen: 154488K->56451K(174592K)] 375828K->293239K(698880K), 0.0055517 secs] [Times: user=0.08 sys=0.00, real=0.01 secs] 
2016-09-24T04:02:03.582-0400: 23.721: [GC (GCLocker Initiated GC) [PSYoungGen: 149123K->60467K(176128K)] 394032K->311397K(700416K), 0.0065960 secs] [Times: user=0.06 sys=0.01, real=0.01 secs] 
2016-09-24T04:02:03.634-0400: 23.773: [GC (GCLocker Initiated GC) [PSYoungGen: 159795K->49477K(178688K)] 416196K->310619K(702976K), 0.0061689 secs] [Times: user=0.06 sys=0.00, real=0.00 secs] 
2016-09-24T04:02:03.683-0400: 23.822: [GC (GCLocker Initiated GC) [PSYoungGen: 148805K->56362K(180736K)] 412161K->329713K(705024K), 0.0069629 secs] [Times: user=0.06 sys=0.01, real=0.00 secs] 
2016-09-24T04:02:03.724-0400: 23.863: [GC (GCLocker Initiated GC) [PSYoungGen: 159786K->78127K(181760K)] 433205K->376494K(706048K), 0.0087483 secs] [Times: user=0.12 sys=0.01, real=0.00 secs] 
2016-09-24T04:02:03.783-0400: 23.922: [GC (GCLocker Initiated GC) [PSYoungGen: 181551K->74241K(171520K)] 482741K->400404K(695808K), 0.0074292 secs] [Times: user=0.11 sys=0.00, real=0.00 secs] 
2016-09-24T04:02:03.832-0400: 23.971: [GC (GCLocker Initiated GC) [PSYoungGen: 165377K->59050K(176640K)] 499905K->424099K(700928K), 0.0068761 secs] [Times: user=0.10 sys=0.02, real=0.01 secs] 
2016-09-24T04:02:03.876-0400: 24.015: [GC (GCLocker Initiated GC) [PSYoungGen: 150186K->75363K(173056K)] 515367K->453198K(697344K), 0.0074420 secs] [Times: user=0.08 sys=0.01, real=0.01 secs] 
2016-09-24T04:02:03.923-0400: 24.062: [GC (GCLocker Initiated GC) [PSYoungGen: 164451K->56635K(175616K)] 547808K->479703K(699904K), 0.0079518 secs] [Times: user=0.08 sys=0.02, real=0.00 secs] 
2016-09-24T04:02:03.970-0400: 24.109: [GC (GCLocker Initiated GC) [PSYoungGen: 145723K->36200K(173568K)] 571565K->485777K(697856K), 0.0063596 secs] [Times: user=0.05 sys=0.02, real=0.01 secs] 
2016-09-24T04:02:04.015-0400: 24.154: [GC (GCLocker Initiated GC) [PSYoungGen: 124264K->67388K(175104K)] 579482K->539566K(699392K), 0.0089833 secs] [Times: user=0.11 sys=0.01, real=0.01 secs] 
2016-09-24T04:02:04.068-0400: 24.207: [Full GC (Ergonomics) [PSYoungGen: 155452K->0K(175104K)] [ParOldGen: 480356K->157204K(524288K)] 635808K->157204K(699392K), [Metaspace: 43355K->43355K(1085440K)], 0.0557062 secs] [Times: user=0.32 sys=0.05, real=0.06 secs] 
2016-09-24T04:02:04.166-0400: 24.305: [GC (GCLocker Initiated GC) [PSYoungGen: 88064K->37894K(175104K)] 251504K->201334K(699392K), 0.0056979 secs] [Times: user=0.04 sys=0.01, real=0.00 secs] 
2016-09-24T04:02:04.207-0400: 24.346: [GC (GCLocker Initiated GC) [PSYoungGen: 125958K->49789K(175104K)] 299046K->226757K(699392K), 0.0062677 secs] [Times: user=0.06 sys=0.01, real=0.00 secs] 
2016-09-24T04:02:04.258-0400: 24.397: [GC (GCLocker Initiated GC) [PSYoungGen: 137853K->62935K(174080K)] 314951K->259794K(698368K), 0.0103449 secs] [Times: user=0.12 sys=0.01, real=0.01 secs] 
2016-09-24T04:02:04.308-0400: 24.446: [GC (GCLocker Initiated GC) [PSYoungGen: 150999K->55188K(143360K)] 347950K->281012K(667648K), 0.0124493 secs] [Times: user=0.14 sys=0.01, real=0.01 secs] 
2016-09-24T04:02:04.361-0400: 24.500: [GC (GCLocker Initiated GC) [PSYoungGen: 143252K->54043K(176128K)] 372188K->302775K(700416K), 0.0073847 secs] [Times: user=0.07 sys=0.00, real=0.01 secs] 
2016-09-24T04:02:04.401-0400: 24.539: [GC (GCLocker Initiated GC) [PSYoungGen: 145691K->61995K(174080K)] 401213K->327920K(698368K), 0.0094711 secs] [Times: user=0.05 sys=0.03, real=0.01 secs] 
2016-09-24T04:02:04.453-0400: 24.592: [GC (GCLocker Initiated GC) [PSYoungGen: 153643K->55184K(178176K)] 427709K->344989K(702464K), 0.0079354 secs] [Times: user=0.05 sys=0.01, real=0.01 secs] 
2016-09-24T04:02:04.503-0400: 24.641: [GC (GCLocker Initiated GC) [PSYoungGen: 151952K->56629K(176640K)] 446534K->354631K(700928K), 0.0079160 secs] [Times: user=0.06 sys=0.02, real=0.00 secs] 
2016-09-24T04:02:04.558-0400: 24.697: [GC (GCLocker Initiated GC) [PSYoungGen: 153397K->65948K(177664K)] 452818K->372973K(701952K), 0.0141067 secs] [Times: user=0.13 sys=0.02, real=0.01 secs] 
2016-09-24T04:02:04.624-0400: 24.762: [GC (GCLocker Initiated GC) [PSYoungGen: 165788K->77030K(178688K)] 475617K->403775K(702976K), 0.0083024 secs] [Times: user=0.10 sys=0.01, real=0.00 secs] 
2016-09-24T04:02:04.692-0400: 24.831: [GC (GCLocker Initiated GC) [PSYoungGen: 176870K->53720K(179712K)] 509044K->398761K(704000K), 0.0062498 secs] [Times: user=0.08 sys=0.00, real=0.01 secs] 
2016-09-24T04:02:04.743-0400: 24.882: [GC (GCLocker Initiated GC) [PSYoungGen: 149976K->71464K(167936K)] 497835K->421248K(692224K), 0.0090139 secs] [Times: user=0.08 sys=0.01, real=0.00 secs] 
2016-09-24T04:02:04.792-0400: 24.931: [GC (GCLocker Initiated GC) [PSYoungGen: 167720K->79286K(172544K)] 520374K->444954K(696832K), 0.0094218 secs] [Times: user=0.09 sys=0.01, real=0.01 secs] 
2016-09-24T04:02:04.851-0400: 24.990: [GC (GCLocker Initiated GC) [PSYoungGen: 167350K->59332K(175104K)] 539975K->467707K(699392K), 0.0098331 secs] [Times: user=0.12 sys=0.01, real=0.01 secs] 
2016-09-24T04:02:04.898-0400: 25.037: [GC (GCLocker Initiated GC) [PSYoungGen: 147396K->52240K(174080K)] 555841K->473641K(698368K), 0.0068377 secs] [Times: user=0.05 sys=0.01, real=0.01 secs] 
2016-09-24T04:02:04.942-0400: 25.081: [GC (GCLocker Initiated GC) [PSYoungGen: 140304K->55362K(174592K)] 567265K->532887K(698880K), 0.0103325 secs] [Times: user=0.14 sys=0.01, real=0.00 secs] 
2016-09-24T04:02:04.953-0400: 25.091: [Full GC (Ergonomics) [PSYoungGen: 55362K->0K(174592K)] [ParOldGen: 477525K->162822K(524288K)] 532887K->162822K(698880K), [Metaspace: 43368K->43368K(1085440K)], 0.0474865 secs] [Times: user=0.41 sys=0.05, real=0.05 secs] 
2016-09-24T04:02:05.054-0400: 25.193: [GC (GCLocker Initiated GC) [PSYoungGen: 88064K->67595K(174592K)] 256443K->235974K(698880K), 0.0056341 secs] [Times: user=0.08 sys=0.00, real=0.00 secs] 
2016-09-24T04:02:05.108-0400: 25.247: [GC (GCLocker Initiated GC) [PSYoungGen: 157195K->63638K(174592K)] 328701K->263169K(698880K), 0.0066108 secs] [Times: user=0.09 sys=0.01, real=0.01 secs] 
2016-09-24T04:02:05.153-0400: 25.292: [GC (GCLocker Initiated GC) [PSYoungGen: 153238K->67421K(175616K)] 352936K->285718K(699904K), 0.0097533 secs] [Times: user=0.06 sys=0.00, real=0.02 secs] 
2016-09-24T04:02:05.200-0400: 25.338: [GC (GCLocker Initiated GC) [PSYoungGen: 159581K->69100K(175616K)] 379298K->315306K(699904K), 0.0072777 secs] [Times: user=0.10 sys=0.01, real=0.01 secs] 
2016-09-24T04:02:05.251-0400: 25.390: [GC (GCLocker Initiated GC) [PSYoungGen: 161260K->59407K(176128K)] 415792K->328583K(700416K), 0.0064467 secs] [Times: user=0.07 sys=0.00, real=0.01 secs] 
2016-09-24T04:02:05.304-0400: 25.443: [GC (GCLocker Initiated GC) [PSYoungGen: 154127K->79817K(174592K)] 427518K->367601K(698880K), 0.0090728 secs] [Times: user=0.11 sys=0.01, real=0.00 secs] 
2016-09-24T04:02:05.356-0400: 25.494: [GC (GCLocker Initiated GC) [PSYoungGen: 174537K->52361K(175616K)] 467773K->393892K(699904K), 0.0076211 secs] [Times: user=0.22 sys=0.01, real=0.01 secs] 
2016-09-24T04:02:05.400-0400: 25.538: [GC (GCLocker Initiated GC) [PSYoungGen: 140937K->71420K(175104K)] 485473K->432789K(699392K), 0.0079938 secs] [Times: user=0.13 sys=0.00, real=0.01 secs] 
2016-09-24T04:02:05.446-0400: 25.585: [GC (GCLocker Initiated GC) [PSYoungGen: 159996K->63380K(172032K)] 524161K->444458K(696320K), 0.0178366 secs] [Times: user=0.25 sys=0.03, real=0.02 secs] 
2016-09-24T04:02:05.500-0400: 25.639: [GC (GCLocker Initiated GC) [PSYoungGen: 151956K->51240K(173568K)] 533122K->481843K(697856K), 0.0075754 secs] [Times: user=0.08 sys=0.01, real=0.01 secs] 
2016-09-24T04:02:05.559-0400: 25.697: [GC (GCLocker Initiated GC) [PSYoungGen: 139816K->66143K(176128K)] 577460K->511395K(700416K), 0.0083005 secs] [Times: user=0.06 sys=0.01, real=0.01 secs] 
2016-09-24T04:02:05.619-0400: 25.757: [GC (GCLocker Initiated GC) [PSYoungGen: 158303K->44281K(176640K)] 605060K->520319K(700928K), 0.0063549 secs] [Times: user=0.08 sys=0.00, real=0.01 secs] 
2016-09-24T04:02:05.625-0400: 25.764: [Full GC (Ergonomics) [PSYoungGen: 44281K->0K(176640K)] [ParOldGen: 476037K->155667K(524288K)] 520319K->155667K(700928K), [Metaspace: 43368K->43368K(1085440K)], 0.0554051 secs] [Times: user=0.39 sys=0.05, real=0.05 secs] 
2016-09-24T04:02:05.713-0400: 25.852: [GC (GCLocker Initiated GC) [PSYoungGen: 92160K->81581K(173568K)] 248089K->237510K(697856K), 0.0066293 secs] [Times: user=0.08 sys=0.00, real=0.01 secs] 
2016-09-24T04:02:05.766-0400: 25.905: [GC (GCLocker Initiated GC) [PSYoungGen: 169645K->55523K(175104K)] 332575K->236145K(699392K), 0.0068249 secs] [Times: user=0.10 sys=0.01, real=0.00 secs] 
2016-09-24T04:02:05.812-0400: 25.951: [GC (GCLocker Initiated GC) [PSYoungGen: 143587K->60712K(174080K)] 327138K->262857K(698368K), 0.0062098 secs] [Times: user=0.08 sys=0.01, real=0.01 secs] 
2016-09-24T04:02:05.865-0400: 26.003: [GC (GCLocker Initiated GC) [PSYoungGen: 148776K->63393K(174592K)] 351156K->293602K(698880K), 0.0121317 secs] [Times: user=0.15 sys=0.02, real=0.01 secs] 
2016-09-24T04:02:05.918-0400: 26.056: [GC (GCLocker Initiated GC) [PSYoungGen: 151457K->70523K(174080K)] 389916K->331403K(698368K), 0.0073227 secs] [Times: user=0.09 sys=0.00, real=0.01 secs] 
2016-09-24T04:02:05.987-0400: 26.126: [GC (GCLocker Initiated GC) [PSYoungGen: 159611K->57917K(174592K)] 420647K->345804K(698880K), 0.0066400 secs] [Times: user=0.09 sys=0.00, real=0.00 secs] 
2016-09-24T04:02:06.024-0400: 26.163: [GC (GCLocker Initiated GC) [PSYoungGen: 147005K->81476K(172544K)] 440881K->388300K(696832K), 0.0095140 secs] [Times: user=0.15 sys=0.02, real=0.00 secs] 
2016-09-24T04:02:06.092-0400: 26.230: [GC (GCLocker Initiated GC) [PSYoungGen: 169540K->55202K(175104K)] 494122K->397185K(699392K), 0.0090859 secs] [Times: user=0.05 sys=0.01, real=0.01 secs] 
2016-09-24T04:02:06.162-0400: 26.301: [GC (GCLocker Initiated GC) [PSYoungGen: 143266K->60755K(174080K)] 494949K->415971K(698368K), 0.0071082 secs] [Times: user=0.07 sys=0.00, real=0.00 secs] 
2016-09-24T04:02:06.235-0400: 26.374: [GC (GCLocker Initiated GC) [PSYoungGen: 148819K->74072K(174592K)] 508122K->442173K(698880K), 0.0059236 secs] [Times: user=0.09 sys=0.00, real=0.00 secs] 
2016-09-24T04:02:06.271-0400: 26.409: [GC (GCLocker Initiated GC) [PSYoungGen: 162136K->79719K(175104K)] 535727K->464862K(699392K), 0.0101827 secs] [Times: user=0.14 sys=0.01, real=0.01 secs] 
2016-09-24T04:02:06.359-0400: 26.498: [GC (GCLocker Initiated GC) [PSYoungGen: 167783K->61914K(175104K)] 557676K->467577K(699392K), 0.0115253 secs] [Times: user=0.12 sys=0.01, real=0.01 secs] 
2016-09-24T04:02:06.426-0400: 26.565: [GC (GCLocker Initiated GC) [PSYoungGen: 149978K->63345K(175104K)] 558685K->488984K(699392K), 0.0098528 secs] [Times: user=0.14 sys=0.01, real=0.01 secs] 
2016-09-24T04:02:06.498-0400: 26.636: [GC (GCLocker Initiated GC) [PSYoungGen: 151409K->64620K(153088K)] 583147K->517378K(677376K), 0.0068894 secs] [Times: user=0.09 sys=0.00, real=0.01 secs] 
2016-09-24T04:02:06.549-0400: 26.688: [GC (GCLocker Initiated GC) [PSYoungGen: 152684K->69883K(174080K)] 612288K->536942K(698368K), 0.0068801 secs] [Times: user=0.10 sys=0.00, real=0.01 secs] 
2016-09-24T04:02:06.600-0400: 26.739: [GC (GCLocker Initiated GC) [PSYoungGen: 158459K->59287K(173568K)] 628460K->547447K(697856K), 0.0072446 secs] [Times: user=0.06 sys=0.00, real=0.01 secs] 
2016-09-24T04:02:06.653-0400: 26.791: [Full GC (Ergonomics) [PSYoungGen: 147863K->0K(173568K)] [ParOldGen: 491008K->167014K(524288K)] 638871K->167014K(697856K), [Metaspace: 43536K->43536K(1085440K)], 0.0595647 secs] [Times: user=0.39 sys=0.01, real=0.06 secs] 
2016-09-24T04:02:06.744-0400: 26.883: [GC (GCLocker Initiated GC) [PSYoungGen: 86328K->69243K(176640K)] 256043K->238965K(700928K), 0.0064312 secs] [Times: user=0.06 sys=0.00, real=0.00 secs] 
2016-09-24T04:02:06.800-0400: 26.939: [GC (GCLocker Initiated GC) [PSYoungGen: 161403K->50033K(176128K)] 339339K->241342K(700416K), 0.0073529 secs] [Times: user=0.10 sys=0.00, real=0.01 secs] 
2016-09-24T04:02:06.850-0400: 26.989: [GC (GCLocker Initiated GC) [PSYoungGen: 142193K->44356K(175104K)] 341701K->274485K(699392K), 0.0069478 secs] [Times: user=0.09 sys=0.00, real=0.01 secs] 
2016-09-24T04:02:06.896-0400: 27.034: [GC (GCLocker Initiated GC) [PSYoungGen: 134468K->54009K(176128K)] 370141K->318904K(700416K), 0.0066766 secs] [Times: user=0.06 sys=0.01, real=0.01 secs] 
2016-09-24T04:02:06.939-0400: 27.078: [GC (GCLocker Initiated GC) [PSYoungGen: 144121K->74166K(173056K)] 409094K->350770K(697344K), 0.0076115 secs] [Times: user=0.09 sys=0.00, real=0.01 secs] 
2016-09-24T04:02:06.984-0400: 27.123: [GC (GCLocker Initiated GC) [PSYoungGen: 162230K->70248K(175104K)] 441745K->373523K(699392K), 0.0067730 secs] [Times: user=0.10 sys=0.00, real=0.00 secs] 
2016-09-24T04:02:07.034-0400: 27.173: [GC (GCLocker Initiated GC) [PSYoungGen: 158312K->56627K(174080K)] 461666K->377107K(698368K), 0.0063170 secs] [Times: user=0.07 sys=0.00, real=0.00 secs] 
2016-09-24T04:02:07.074-0400: 27.213: [GC (GCLocker Initiated GC) [PSYoungGen: 144691K->54083K(174592K)] 471987K->398336K(698880K), 0.0061366 secs] [Times: user=0.08 sys=0.01, real=0.00 secs] 
2016-09-24T04:02:07.119-0400: 27.258: [GC (GCLocker Initiated GC) [PSYoungGen: 142147K->69939K(174080K)] 489384K->436962K(698368K), 0.0071144 secs] [Times: user=0.09 sys=0.00, real=0.01 secs] 
2016-09-24T04:02:07.162-0400: 27.301: [GC (GCLocker Initiated GC) [PSYoungGen: 158515K->46937K(175104K)] 525686K->456603K(699392K), 0.0066172 secs] [Times: user=0.08 sys=0.01, real=0.01 secs] 
2016-09-24T04:02:07.206-0400: 27.345: [GC (GCLocker Initiated GC) [PSYoungGen: 135513K->65927K(174592K)] 545321K->488443K(698880K), 0.0083670 secs] [Times: user=0.08 sys=0.00, real=0.01 secs] 
2016-09-24T04:02:07.266-0400: 27.405: [GC (GCLocker Initiated GC) [PSYoungGen: 155015K->33373K(175104K)] 577681K->490588K(699392K), 0.0186919 secs] [Times: user=0.22 sys=0.01, real=0.02 secs] 
2016-09-24T04:02:07.309-0400: 27.448: [GC (GCLocker Initiated GC) [PSYoungGen: 122461K->52437K(175616K)] 585281K->529447K(699904K), 0.0106665 secs] [Times: user=0.10 sys=0.00, real=0.01 secs] 
2016-09-24T04:02:07.367-0400: 27.506: [Full GC (Ergonomics) [PSYoungGen: 141013K->0K(175616K)] [ParOldGen: 498714K->187159K(524288K)] 639728K->187159K(699904K), [Metaspace: 43565K->43565K(1085440K)], 0.0600750 secs] [Times: user=0.50 sys=0.00, real=0.06 secs] 
2016-09-24T04:02:07.474-0400: 27.613: [GC (GCLocker Initiated GC) [PSYoungGen: 88576K->52319K(141312K)] 275811K->239554K(665600K), 0.0131212 secs] [Times: user=0.15 sys=0.00, real=0.01 secs] 
2016-09-24T04:02:07.514-0400: 27.652: [GC (GCLocker Initiated GC) [PSYoungGen: 140895K->72988K(170496K)] 330999K->275993K(694784K), 0.0073749 secs] [Times: user=0.07 sys=0.00, real=0.01 secs] 
2016-09-24T04:02:07.568-0400: 27.707: [GC (GCLocker Initiated GC) [PSYoungGen: 159004K->55268K(173056K)] 365197K->278475K(697344K), 0.0073536 secs] [Times: user=0.08 sys=0.01, real=0.01 secs] 
2016-09-24T04:02:07.606-0400: 27.745: [GC (GCLocker Initiated GC) [PSYoungGen: 141284K->61919K(171008K)] 364726K->315838K(695296K), 0.0069647 secs] [Times: user=0.10 sys=0.01, real=0.00 secs] 
2016-09-24T04:02:07.657-0400: 27.796: [GC (GCLocker Initiated GC) [PSYoungGen: 151519K->56531K(173568K)] 423231K->345139K(697856K), 0.0081461 secs] [Times: user=0.08 sys=0.00, real=0.01 secs] 
2016-09-24T04:02:07.712-0400: 27.851: [GC (GCLocker Initiated GC) [PSYoungGen: 146131K->60605K(174592K)] 448321K->379825K(698880K), 0.0065047 secs] [Times: user=0.11 sys=0.00, real=0.01 secs] 
2016-09-24T04:02:07.764-0400: 27.903: [GC (GCLocker Initiated GC) [PSYoungGen: 156861K->78186K(176640K)] 478819K->422517K(700928K), 0.0108612 secs] [Times: user=0.12 sys=0.00, real=0.01 secs] 
2016-09-24T04:02:07.811-0400: 27.950: [GC (GCLocker Initiated GC) [PSYoungGen: 174442K->84956K(173568K)] 525622K->447668K(697856K), 0.0072697 secs] [Times: user=0.10 sys=0.00, real=0.01 secs] 
2016-09-24T04:02:07.862-0400: 28.001: [GC (GCLocker Initiated GC) [PSYoungGen: 173020K->29356K(175104K)] 546612K->437430K(699392K), 0.0073060 secs] [Times: user=0.09 sys=0.00, real=0.00 secs] 
2016-09-24T04:02:07.906-0400: 28.045: [GC (GCLocker Initiated GC) [PSYoungGen: 117420K->56277K(175104K)] 525680K->480113K(699392K), 0.0079103 secs] [Times: user=0.07 sys=0.02, real=0.01 secs] 
2016-09-24T04:02:07.947-0400: 28.086: [GC (GCLocker Initiated GC) [PSYoungGen: 144341K->48356K(175104K)] 579023K->499937K(699392K), 0.0060835 secs] [Times: user=0.08 sys=0.00, real=0.00 secs] 
2016-09-24T04:02:07.991-0400: 28.129: [GC (GCLocker Initiated GC) [PSYoungGen: 136420K->67448K(175104K)] 590920K->536242K(699392K), 0.0077551 secs] [Times: user=0.09 sys=0.00, real=0.01 secs] 
2016-09-24T04:02:08.040-0400: 28.179: [GC (GCLocker Initiated GC) [PSYoungGen: 155512K->45782K(175104K)] 632533K->541151K(699392K), 0.0112614 secs] [Times: user=0.13 sys=0.00, real=0.01 secs] 
2016-09-24T04:02:08.051-0400: 28.190: [Full GC (Ergonomics) [PSYoungGen: 45782K->0K(175104K)] [ParOldGen: 495369K->185906K(524288K)] 541151K->185906K(699392K), [Metaspace: 43590K->43590K(1085440K)], 0.0527556 secs] [Times: user=0.37 sys=0.00, real=0.06 secs] 
2016-09-24T04:02:08.145-0400: 28.284: [GC (GCLocker Initiated GC) [PSYoungGen: 88064K->57849K(174080K)] 274076K->243861K(698368K), 0.0536637 secs] [Times: user=0.60 sys=0.00, real=0.05 secs] 
2016-09-24T04:02:08.246-0400: 28.385: [GC (GCLocker Initiated GC) [PSYoungGen: 145913K->47180K(174592K)] 342970K->254552K(698880K), 0.0057255 secs] [Times: user=0.06 sys=0.00, real=0.00 secs] 
2016-09-24T04:02:08.286-0400: 28.424: [GC (GCLocker Initiated GC) [PSYoungGen: 135244K->62014K(175104K)] 344494K->280276K(699392K), 0.0069085 secs] [Times: user=0.09 sys=0.00, real=0.00 secs] 
2016-09-24T04:02:08.329-0400: 28.468: [GC (GCLocker Initiated GC) [PSYoungGen: 152126K->65696K(175104K)] 375830K->302386K(699392K), 0.0075306 secs] [Times: user=0.08 sys=0.00, real=0.01 secs] 
2016-09-24T04:02:08.378-0400: 28.516: [GC (GCLocker Initiated GC) [PSYoungGen: 155808K->56501K(173056K)] 392616K->315494K(697344K), 0.0071868 secs] [Times: user=0.10 sys=0.00, real=0.01 secs] 
2016-09-24T04:02:08.419-0400: 28.558: [GC (GCLocker Initiated GC) [PSYoungGen: 148661K->63463K(175104K)] 413176K->339513K(699392K), 0.0063248 secs] [Times: user=0.06 sys=0.00, real=0.01 secs] 
2016-09-24T04:02:08.466-0400: 28.605: [GC (GCLocker Initiated GC) [PSYoungGen: 155623K->60466K(175616K)] 434611K->361914K(699904K), 0.0072394 secs] [Times: user=0.08 sys=0.00, real=0.00 secs] 
2016-09-24T04:02:08.515-0400: 28.654: [GC (GCLocker Initiated GC) [PSYoungGen: 157234K->46907K(177664K)] 462857K->382956K(701952K), 0.0081036 secs] [Times: user=0.07 sys=0.00, real=0.01 secs] 
2016-09-24T04:02:08.574-0400: 28.713: [GC (GCLocker Initiated GC) [PSYoungGen: 143675K->40219K(179712K)] 485218K->404073K(704000K), 0.0066026 secs] [Times: user=0.06 sys=0.00, real=0.00 secs] 
2016-09-24T04:02:08.615-0400: 28.753: [GC (GCLocker Initiated GC) [PSYoungGen: 139547K->68766K(168448K)] 503670K->436394K(692736K), 0.0085812 secs] [Times: user=0.11 sys=0.00, real=0.01 secs] 
2016-09-24T04:02:08.671-0400: 28.809: [GC (GCLocker Initiated GC) [PSYoungGen: 168094K->66050K(177664K)] 543990K->458820K(701952K), 0.0075199 secs] [Times: user=0.09 sys=0.01, real=0.01 secs] 
2016-09-24T04:02:08.720-0400: 28.859: [GC (GCLocker Initiated GC) [PSYoungGen: 160258K->64667K(178176K)] 562628K->479901K(702464K), 0.0073753 secs] [Times: user=0.10 sys=0.00, real=0.01 secs] 
2016-09-24T04:02:08.771-0400: 28.910: [GC (GCLocker Initiated GC) [PSYoungGen: 158875K->42962K(178176K)] 576898K->488774K(702464K), 0.0068726 secs] [Times: user=0.08 sys=0.01, real=0.01 secs] 
2016-09-24T04:02:08.823-0400: 28.962: [GC (GCLocker Initiated GC) [PSYoungGen: 137170K->60661K(155136K)] 585856K->532994K(679424K), 0.0077590 secs] [Times: user=0.09 sys=0.00, real=0.00 secs] 
2016-09-24T04:02:08.877-0400: 29.016: [GC (GCLocker Initiated GC) [PSYoungGen: 154869K->56495K(179712K)] 640775K->555316K(704000K), 0.0076695 secs] [Times: user=0.11 sys=0.00, real=0.01 secs] 
2016-09-24T04:02:08.885-0400: 29.023: [Full GC (Ergonomics) [PSYoungGen: 56495K->0K(179712K)] [ParOldGen: 498821K->192781K(524288K)] 555316K->192781K(704000K), [Metaspace: 43595K->43595K(1085440K)], 0.0524745 secs] [Times: user=0.43 sys=0.01, real=0.05 secs] 
2016-09-24T04:02:08.983-0400: 29.122: [GC (GCLocker Initiated GC) [PSYoungGen: 96768K->78325K(175104K)] 289612K->276569K(699392K), 0.0074985 secs] [Times: user=0.12 sys=0.01, real=0.00 secs] 
2016-09-24T04:02:09.030-0400: 29.169: [GC (GCLocker Initiated GC) [PSYoungGen: 175093K->59319K(178688K)] 378850K->311189K(702976K), 0.0094590 secs] [Times: user=0.15 sys=0.01, real=0.01 secs] 
2016-09-24T04:02:09.080-0400: 29.219: [GC (GCLocker Initiated GC) [PSYoungGen: 151991K->74098K(166912K)] 407691K->345450K(691200K), 0.0069882 secs] [Times: user=0.10 sys=0.00, real=0.01 secs] 
2016-09-24T04:02:09.128-0400: 29.267: [GC (GCLocker Initiated GC) [PSYoungGen: 166770K->65891K(176640K)] 438249K->369202K(700928K), 0.0075529 secs] [Times: user=0.11 sys=0.00, real=0.01 secs] 
2016-09-24T04:02:09.169-0400: 29.308: [GC (GCLocker Initiated GC) [PSYoungGen: 156003K->75575K(165888K)] 464932K->402726K(690176K), 0.0075259 secs] [Times: user=0.13 sys=0.00, real=0.01 secs] 
2016-09-24T04:02:09.223-0400: 29.362: [GC (GCLocker Initiated GC) [PSYoungGen: 165687K->58076K(175104K)] 505238K->402470K(699392K), 0.0066042 secs] [Times: user=0.06 sys=0.00, real=0.00 secs] 
2016-09-24T04:02:09.271-0400: 29.410: [GC (GCLocker Initiated GC) [PSYoungGen: 146140K->63278K(151552K)] 496016K->423453K(675840K), 0.0063936 secs] [Times: user=0.10 sys=0.00, real=0.01 secs] 
2016-09-24T04:02:09.319-0400: 29.458: [GC (GCLocker Initiated GC) [PSYoungGen: 151342K->57758K(174592K)] 522372K->437583K(698880K), 0.0062983 secs] [Times: user=0.07 sys=0.00, real=0.01 secs] 
2016-09-24T04:02:09.371-0400: 29.509: [GC (GCLocker Initiated GC) [PSYoungGen: 147358K->72816K(173056K)] 534130K->465693K(697344K), 0.0070389 secs] [Times: user=0.09 sys=0.00, real=0.01 secs] 
2016-09-24T04:02:09.411-0400: 29.550: [GC (GCLocker Initiated GC) [PSYoungGen: 162416K->68625K(177152K)] 558107K->481334K(701440K), 0.0073078 secs] [Times: user=0.09 sys=0.00, real=0.01 secs] 
2016-09-24T04:02:09.486-0400: 29.624: [GC (GCLocker Initiated GC) [PSYoungGen: 160785K->38109K(130560K)] 583064K->509649K(654848K), 0.0066495 secs] [Times: user=0.10 sys=0.00, real=0.00 secs] 
2016-09-24T04:02:09.548-0400: 29.687: [Full GC (Ergonomics) [PSYoungGen: 130269K->0K(130560K)] [ParOldGen: 477102K->203759K(524288K)] 607371K->203759K(654848K), [Metaspace: 43623K->43623K(1087488K)], 0.0460674 secs] [Times: user=0.39 sys=0.00, real=0.05 secs] 
2016-09-24T04:02:09.649-0400: 29.788: [GC (GCLocker Initiated GC) [PSYoungGen: 92160K->66118K(175616K)] 296056K->270014K(699904K), 0.0055257 secs] [Times: user=0.07 sys=0.00, real=0.01 secs] 
2016-09-24T04:02:09.718-0400: 29.856: [GC (GCLocker Initiated GC) [PSYoungGen: 154694K->51290K(140288K)] 364030K->261488K(664576K), 0.0055878 secs] [Times: user=0.08 sys=0.00, real=0.01 secs] 
2016-09-24T04:02:09.780-0400: 29.918: [GC (GCLocker Initiated GC) [PSYoungGen: 139866K->61997K(176640K)] 350231K->273213K(700928K), 0.0055264 secs] [Times: user=0.07 sys=0.00, real=0.01 secs] 
2016-09-24T04:02:09.843-0400: 29.982: [GC (GCLocker Initiated GC) [PSYoungGen: 152621K->53731K(174592K)] 366710K->271310K(698880K), 0.0068033 secs] [Times: user=0.07 sys=0.00, real=0.00 secs] 
2016-09-24T04:02:09.901-0400: 30.040: [GC (GCLocker Initiated GC) [PSYoungGen: 144355K->61844K(176640K)] 362004K->280206K(700928K), 0.0065486 secs] [Times: user=0.07 sys=0.01, real=0.01 secs] 
2016-09-24T04:02:09.971-0400: 30.110: [GC (GCLocker Initiated GC) [PSYoungGen: 155540K->60738K(175104K)] 379376K->293336K(699392K), 0.0063863 secs] [Times: user=0.08 sys=0.00, real=0.01 secs] 
2016-09-24T04:02:10.038-0400: 30.177: [GC (GCLocker Initiated GC) [PSYoungGen: 154434K->49891K(177152K)] 395329K->302403K(701440K), 0.0241228 secs] [Times: user=0.32 sys=0.00, real=0.03 secs] 
2016-09-24T04:02:10.121-0400: 30.259: [GC (GCLocker Initiated GC) [PSYoungGen: 147683K->56483K(177152K)] 400320K->309923K(701440K), 0.0106902 secs] [Times: user=0.12 sys=0.00, real=0.01 secs] 
2016-09-24T04:02:10.190-0400: 30.329: [GC (GCLocker Initiated GC) [PSYoungGen: 154275K->72821K(178176K)] 407767K->327038K(702464K), 0.0059123 secs] [Times: user=0.08 sys=0.00, real=0.01 secs] 
2016-09-24T04:02:10.261-0400: 30.399: [GC (GCLocker Initiated GC) [PSYoungGen: 173173K->56695K(181248K)] 438324K->344261K(705536K), 0.0071434 secs] [Times: user=0.10 sys=0.00, real=0.01 secs] 
2016-09-24T04:02:10.334-0400: 30.472: [GC (GCLocker Initiated GC) [PSYoungGen: 157047K->30774K(176640K)] 452846K->330089K(700928K), 0.0060967 secs] [Times: user=0.05 sys=0.00, real=0.01 secs] 
2016-09-24T04:02:10.399-0400: 30.538: [GC (GCLocker Initiated GC) [PSYoungGen: 128054K->47010K(179712K)] 432913K->352608K(704000K), 0.0059034 secs] [Times: user=0.05 sys=0.01, real=0.01 secs] 
2016-09-24T04:02:10.472-0400: 30.611: [GC (GCLocker Initiated GC) [PSYoungGen: 144290K->59218K(176128K)] 449898K->365543K(700416K), 0.0053178 secs] [Times: user=0.07 sys=0.01, real=0.01 secs] 
2016-09-24T04:02:10.534-0400: 30.673: [GC (GCLocker Initiated GC) [PSYoungGen: 157010K->53854K(178176K)] 463342K->360922K(702464K), 0.0220203 secs] [Times: user=0.28 sys=0.00, real=0.02 secs] 
2016-09-24T04:02:10.622-0400: 30.761: [GC (GCLocker Initiated GC) [PSYoungGen: 151646K->37549K(180736K)] 464153K->350756K(705024K), 0.0136765 secs] [Times: user=0.15 sys=0.00, real=0.01 secs] 
2016-09-24T04:02:10.701-0400: 30.840: [GC (GCLocker Initiated GC) [PSYoungGen: 139949K->59218K(181760K)] 453240K->375983K(706048K), 0.0103136 secs] [Times: user=0.11 sys=0.01, real=0.01 secs] 
2016-09-24T04:02:10.779-0400: 30.917: [GC (GCLocker Initiated GC) [PSYoungGen: 161618K->33292K(181248K)] 480436K->352765K(705536K), 0.0110456 secs] [Times: user=0.11 sys=0.00, real=0.01 secs] 
2016-09-24T04:02:10.863-0400: 31.001: [GC (GCLocker Initiated GC) [PSYoungGen: 135692K->30796K(133632K)] 457905K->367233K(657920K), 0.0348339 secs] [Times: user=0.43 sys=0.01, real=0.03 secs] 
2016-09-24T04:02:10.966-0400: 31.105: [GC (GCLocker Initiated GC) [PSYoungGen: 133196K->47086K(183808K)] 469776K->400731K(708096K), 0.0133641 secs] [Times: user=0.13 sys=0.01, real=0.01 secs] 
2016-09-24T04:02:11.050-0400: 31.189: [GC (GCLocker Initiated GC) [PSYoungGen: 149998K->37743K(140800K)] 515870K->404469K(665088K), 0.0046027 secs] [Times: user=0.04 sys=0.01, real=0.01 secs] 
2016-09-24T04:02:11.113-0400: 31.251: [GC (GCLocker Initiated GC) [PSYoungGen: 140655K->64704K(177664K)] 512870K->437811K(701952K), 0.0100778 secs] [Times: user=0.13 sys=0.00, real=0.02 secs] 
2016-09-24T04:02:11.195-0400: 31.334: [GC (GCLocker Initiated GC) [PSYoungGen: 164544K->20252K(120320K)] 547119K->425248K(644608K), 0.0094946 secs] [Times: user=0.12 sys=0.00, real=0.01 secs] 
2016-09-24T04:02:11.234-0400: 31.372: [GC (GCLocker Initiated GC) [PSYoungGen: 120092K->80838K(171008K)] 525321K->495127K(695296K), 0.0147444 secs] [Times: user=0.19 sys=0.00, real=0.02 secs] 
2016-09-24T04:02:11.287-0400: 31.426: [GC (GCLocker Initiated GC) [PSYoungGen: 168902K->41520K(175104K)] 583247K->506449K(699392K), 0.0094515 secs] [Times: user=0.09 sys=0.00, real=0.01 secs] 
2016-09-24T04:02:11.332-0400: 31.471: [GC (GCLocker Initiated GC) [PSYoungGen: 129584K->55254K(175104K)] 594678K->558917K(699392K), 0.0076519 secs] [Times: user=0.10 sys=0.00, real=0.01 secs] 
2016-09-24T04:02:11.340-0400: 31.479: [Full GC (Ergonomics) [PSYoungGen: 55254K->0K(175104K)] [ParOldGen: 503662K->220402K(524288K)] 558917K->220402K(699392K), [Metaspace: 43670K->43670K(1087488K)], 0.0573776 secs] [Times: user=0.37 sys=0.01, real=0.06 secs] 
2016-09-24T04:02:11.514-0400: 31.653: [GC (GCLocker Initiated GC) [PSYoungGen: 88064K->75780K(175104K)] 311381K->299097K(699392K), 0.0227565 secs] [Times: user=0.31 sys=0.00, real=0.02 secs] 
2016-09-24T04:02:11.571-0400: 31.709: [GC (GCLocker Initiated GC) [PSYoungGen: 163844K->51125K(175104K)] 387311K->314759K(699392K), 0.0091159 secs] [Times: user=0.08 sys=0.00, real=0.01 secs] 
2016-09-24T04:02:11.617-0400: 31.756: [GC (GCLocker Initiated GC) [PSYoungGen: 139189K->55212K(143360K)] 409701K->376394K(667648K), 0.0072920 secs] [Times: user=0.10 sys=0.00, real=0.01 secs] 
2016-09-24T04:02:11.655-0400: 31.794: [GC (GCLocker Initiated GC) [PSYoungGen: 143276K->80967K(174080K)] 467435K->420772K(698368K), 0.0073568 secs] [Times: user=0.10 sys=0.00, real=0.01 secs] 
2016-09-24T04:02:11.702-0400: 31.840: [GC (GCLocker Initiated GC) [PSYoungGen: 168519K->74081K(174592K)] 513871K->440505K(698880K), 0.0079110 secs] [Times: user=0.10 sys=0.01, real=0.01 secs] 
2016-09-24T04:02:11.745-0400: 31.884: [GC (GCLocker Initiated GC) [PSYoungGen: 161633K->55262K(175104K)] 530854K->449477K(699392K), 0.0077306 secs] [Times: user=0.06 sys=0.00, real=0.00 secs] 
2016-09-24T04:02:11.798-0400: 31.937: [GC (GCLocker Initiated GC) [PSYoungGen: 143326K->48300K(175104K)] 540313K->478445K(699392K), 0.0067732 secs] [Times: user=0.08 sys=0.00, real=0.01 secs] 
2016-09-24T04:02:11.833-0400: 31.972: [GC (GCLocker Initiated GC) [PSYoungGen: 136364K->60713K(175104K)] 566733K->529573K(699392K), 0.0072400 secs] [Times: user=0.10 sys=0.01, real=0.01 secs] 
2016-09-24T04:02:11.841-0400: 31.979: [Full GC (Ergonomics) [PSYoungGen: 60713K->0K(175104K)] [ParOldGen: 468859K->229748K(524288K)] 529573K->229748K(699392K), [Metaspace: 43671K->43671K(1087488K)], 0.0543028 secs] [Times: user=0.39 sys=0.00, real=0.06 secs] 
2016-09-24T04:02:11.933-0400: 32.072: [GC (GCLocker Initiated GC) [PSYoungGen: 88064K->66471K(175104K)] 328853K->307260K(699392K), 0.0061103 secs] [Times: user=0.07 sys=0.00, real=0.01 secs] 
2016-09-24T04:02:11.975-0400: 32.114: [GC (GCLocker Initiated GC) [PSYoungGen: 154535K->57984K(174080K)] 399863K->334203K(698368K), 0.0065679 secs] [Times: user=0.10 sys=0.00, real=0.00 secs] 
2016-09-24T04:02:12.015-0400: 32.154: [GC (GCLocker Initiated GC) [PSYoungGen: 146048K->75399K(174592K)] 423724K->376825K(698880K), 0.0112413 secs] [Times: user=0.15 sys=0.00, real=0.01 secs] 
2016-09-24T04:02:12.060-0400: 32.199: [GC (GCLocker Initiated GC) [PSYoungGen: 163463K->55118K(175104K)] 471976K->398110K(699392K), 0.0064740 secs] [Times: user=0.10 sys=0.00, real=0.01 secs] 
2016-09-24T04:02:12.100-0400: 32.238: [GC (GCLocker Initiated GC) [PSYoungGen: 143182K->72771K(175104K)] 491696K->457108K(699392K), 0.0080843 secs] [Times: user=0.14 sys=0.00, real=0.01 secs] 
2016-09-24T04:02:12.144-0400: 32.283: [GC (GCLocker Initiated GC) [PSYoungGen: 160835K->45727K(175104K)] 550619K->472678K(699392K), 0.0064124 secs] [Times: user=0.09 sys=0.00, real=0.00 secs] 
2016-09-24T04:02:12.187-0400: 32.326: [GC (GCLocker Initiated GC) [PSYoungGen: 133791K->59182K(147456K)] 571650K->531493K(671744K), 0.0087518 secs] [Times: user=0.10 sys=0.00, real=0.01 secs] 
2016-09-24T04:02:12.196-0400: 32.334: [Full GC (Ergonomics) [PSYoungGen: 59182K->0K(147456K)] [ParOldGen: 472310K->235944K(524288K)] 531493K->235944K(671744K), [Metaspace: 43671K->43671K(1087488K)], 0.0472140 secs] [Times: user=0.40 sys=0.00, real=0.05 secs] 
2016-09-24T04:02:12.283-0400: 32.422: [GC (GCLocker Initiated GC) [PSYoungGen: 88064K->70201K(174080K)] 330820K->312957K(698368K), 0.0102776 secs] [Times: user=0.15 sys=0.00, real=0.00 secs] 
2016-09-24T04:02:12.325-0400: 32.463: [GC (GCLocker Initiated GC) [PSYoungGen: 157753K->63213K(174592K)] 400634K->329991K(698880K), 0.0076181 secs] [Times: user=0.09 sys=0.00, real=0.00 secs] 
2016-09-24T04:02:12.369-0400: 32.508: [GC (GCLocker Initiated GC) [PSYoungGen: 150765K->78112K(174592K)] 423004K->376637K(698880K), 0.0075952 secs] [Times: user=0.09 sys=0.01, real=0.01 secs] 
2016-09-24T04:02:12.408-0400: 32.547: [GC (GCLocker Initiated GC) [PSYoungGen: 166176K->71414K(175104K)] 466118K->401739K(699392K), 0.0074463 secs] [Times: user=0.12 sys=0.00, real=0.01 secs] 
2016-09-24T04:02:12.457-0400: 32.596: [GC (GCLocker Initiated GC) [PSYoungGen: 159478K->65970K(175104K)] 491223K->421420K(699392K), 0.0090082 secs] [Times: user=0.12 sys=0.01, real=0.01 secs] 
2016-09-24T04:02:12.492-0400: 32.630: [GC (GCLocker Initiated GC) [PSYoungGen: 154034K->68633K(175104K)] 515098K->454716K(699392K), 0.0091948 secs] [Times: user=0.10 sys=0.00, real=0.01 secs] 
2016-09-24T04:02:12.548-0400: 32.687: [GC (GCLocker Initiated GC) [PSYoungGen: 156697K->49838K(175104K)] 550896K->481148K(699392K), 0.0078782 secs] [Times: user=0.08 sys=0.00, real=0.01 secs] 
2016-09-24T04:02:12.591-0400: 32.730: [GC (GCLocker Initiated GC) [PSYoungGen: 137902K->57552K(175104K)] 569322K->511398K(699392K), 0.0238882 secs] [Times: user=0.30 sys=0.00, real=0.03 secs] 
2016-09-24T04:02:12.650-0400: 32.789: [GC (GCLocker Initiated GC) [PSYoungGen: 145616K->86439K(175104K)] 604890K->593515K(699392K), 0.0090711 secs] [Times: user=0.12 sys=0.01, real=0.01 secs] 
2016-09-24T04:02:12.659-0400: 32.798: [Full GC (Ergonomics) [PSYoungGen: 86439K->0K(175104K)] [ParOldGen: 507076K->237526K(524288K)] 593515K->237526K(699392K), [Metaspace: 43671K->43671K(1087488K)], 0.0502620 secs] [Times: user=0.43 sys=0.01, real=0.05 secs] 
2016-09-24T04:02:12.752-0400: 32.891: [GC (GCLocker Initiated GC) [PSYoungGen: 88064K->63368K(175104K)] 335208K->310512K(699392K), 0.0054670 secs] [Times: user=0.08 sys=0.01, real=0.01 secs] 
2016-09-24T04:02:12.789-0400: 32.928: [GC (GCLocker Initiated GC) [PSYoungGen: 151432K->49654K(175104K)] 398662K->324692K(699392K), 0.0063283 secs] [Times: user=0.07 sys=0.00, real=0.01 secs] 
2016-09-24T04:02:12.832-0400: 32.971: [GC (Allocation Failure) [PSYoungGen: 137718K->48382K(175104K)] 414123K->363290K(699392K), 0.0077379 secs] [Times: user=0.09 sys=0.00, real=0.01 secs] 
2016-09-24T04:02:12.863-0400: 33.002: [GC (GCLocker Initiated GC) [PSYoungGen: 136446K->71415K(175104K)] 454080K->408697K(699392K), 0.0072465 secs] [Times: user=0.08 sys=0.00, real=0.00 secs] 
2016-09-24T04:02:12.912-0400: 33.051: [GC (GCLocker Initiated GC) [PSYoungGen: 159479K->59195K(175104K)] 506495K->424484K(699392K), 0.0069799 secs] [Times: user=0.09 sys=0.00, real=0.01 secs] 
2016-09-24T04:02:12.954-0400: 33.092: [GC (GCLocker Initiated GC) [PSYoungGen: 147259K->55130K(175104K)] 512699K->440183K(699392K), 0.0071607 secs] [Times: user=0.09 sys=0.00, real=0.01 secs] 
2016-09-24T04:02:12.996-0400: 33.134: [GC (GCLocker Initiated GC) [PSYoungGen: 143194K->79442K(175104K)] 536583K->508654K(699392K), 0.0077457 secs] [Times: user=0.12 sys=0.00, real=0.01 secs] 
2016-09-24T04:02:13.052-0400: 33.191: [GC (GCLocker Initiated GC) [PSYoungGen: 167506K->48469K(175104K)] 610361K->523012K(699392K), 0.0065396 secs] [Times: user=0.09 sys=0.00, real=0.01 secs] 
2016-09-24T04:02:13.059-0400: 33.198: [Full GC (Ergonomics) [PSYoungGen: 48469K->0K(175104K)] [ParOldGen: 474542K->233287K(524288K)] 523012K->233287K(699392K), [Metaspace: 43671K->43671K(1087488K)], 0.0498178 secs] [Times: user=0.45 sys=0.00, real=0.05 secs] 
2016-09-24T04:02:13.135-0400: 33.274: [GC (GCLocker Initiated GC) [PSYoungGen: 88064K->86354K(175104K)] 324255K->327945K(699392K), 0.0073804 secs] [Times: user=0.08 sys=0.01, real=0.01 secs] 
2016-09-24T04:02:13.185-0400: 33.323: [GC (GCLocker Initiated GC) [PSYoungGen: 174418K->57899K(175104K)] 421531K->342291K(699392K), 0.0102556 secs] [Times: user=0.11 sys=0.01, real=0.01 secs] 
2016-09-24T04:02:13.232-0400: 33.370: [GC (GCLocker Initiated GC) [PSYoungGen: 145963K->63325K(175104K)] 438564K->387670K(699392K), 0.0075909 secs] [Times: user=0.09 sys=0.00, real=0.01 secs] 
2016-09-24T04:02:13.280-0400: 33.419: [GC (GCLocker Initiated GC) [PSYoungGen: 151389K->52276K(175104K)] 479850K->404484K(699392K), 0.0298165 secs] [Times: user=0.41 sys=0.00, real=0.03 secs] 
2016-09-24T04:02:13.344-0400: 33.483: [GC (GCLocker Initiated GC) [PSYoungGen: 140340K->55218K(175104K)] 498091K->427125K(699392K), 0.0064463 secs] [Times: user=0.08 sys=0.00, real=0.00 secs] 
2016-09-24T04:02:13.389-0400: 33.528: [GC (GCLocker Initiated GC) [PSYoungGen: 143282K->64592K(175104K)] 515624K->453952K(699392K), 0.0078365 secs] [Times: user=0.09 sys=0.00, real=0.01 secs] 
2016-09-24T04:02:13.439-0400: 33.577: [GC (GCLocker Initiated GC) [PSYoungGen: 152656K->52345K(175104K)] 542225K->468311K(699392K), 0.0067524 secs] [Times: user=0.08 sys=0.01, real=0.01 secs] 
2016-09-24T04:02:13.476-0400: 33.614: [GC (GCLocker Initiated GC) [PSYoungGen: 140409K->83602K(175104K)] 556573K->523321K(699392K), 0.0092705 secs] [Times: user=0.11 sys=0.00, real=0.01 secs] 
2016-09-24T04:02:13.524-0400: 33.663: [GC (GCLocker Initiated GC) [PSYoungGen: 171666K->41350K(175104K)] 618418K->517171K(699392K), 0.0131241 secs] [Times: user=0.16 sys=0.00, real=0.01 secs] 
2016-09-24T04:02:13.570-0400: 33.708: [Full GC (Ergonomics) [PSYoungGen: 129414K->0K(175104K)] [ParOldGen: 484013K->251807K(524288K)] 613427K->251807K(699392K), [Metaspace: 43671K->43671K(1087488K)], 0.0488573 secs] [Times: user=0.42 sys=0.00, real=0.05 secs] 
2016-09-24T04:02:13.663-0400: 33.801: [GC (GCLocker Initiated GC) [PSYoungGen: 88064K->74572K(175104K)] 347997K->334505K(699392K), 0.0075329 secs] [Times: user=0.11 sys=0.00, real=0.00 secs] 
2016-09-24T04:02:13.715-0400: 33.854: [GC (GCLocker Initiated GC) [PSYoungGen: 162636K->56479K(175104K)] 422683K->344658K(699392K), 0.0063467 secs] [Times: user=0.09 sys=0.00, real=0.00 secs] 
2016-09-24T04:02:13.752-0400: 33.891: [GC (GCLocker Initiated GC) [PSYoungGen: 144543K->72725K(175104K)] 438682K->380993K(699392K), 0.0063738 secs] [Times: user=0.08 sys=0.00, real=0.01 secs] 
2016-09-24T04:02:13.801-0400: 33.940: [GC (GCLocker Initiated GC) [PSYoungGen: 160789K->45761K(175104K)] 475818K->381740K(699392K), 0.0064267 secs] [Times: user=0.08 sys=0.01, real=0.01 secs] 
2016-09-24T04:02:13.846-0400: 33.984: [GC (GCLocker Initiated GC) [PSYoungGen: 133825K->33372K(175104K)] 472763K->389153K(699392K), 0.0067635 secs] [Times: user=0.07 sys=0.00, real=0.00 secs] 
2016-09-24T04:02:13.881-0400: 34.020: [GC (GCLocker Initiated GC) [PSYoungGen: 121436K->69833K(175104K)] 478724K->463002K(699392K), 0.0083370 secs] [Times: user=0.09 sys=0.01, real=0.01 secs] 
2016-09-24T04:02:13.929-0400: 34.068: [GC (GCLocker Initiated GC) [PSYoungGen: 157897K->56549K(175104K)] 556671K->485538K(699392K), 0.0094806 secs] [Times: user=0.10 sys=0.00, real=0.01 secs] 
2016-09-24T04:02:13.969-0400: 34.108: [GC (GCLocker Initiated GC) [PSYoungGen: 144613K->63168K(175104K)] 573673K->521418K(699392K), 0.0102279 secs] [Times: user=0.15 sys=0.01, real=0.01 secs] 
2016-09-24T04:02:14.016-0400: 34.154: [GC (GCLocker Initiated GC) [PSYoungGen: 151232K->61978K(175104K)] 615017K->558787K(699392K), 0.0064875 secs] [Times: user=0.09 sys=0.00, real=0.01 secs] 
2016-09-24T04:02:14.022-0400: 34.161: [Full GC (Ergonomics) [PSYoungGen: 61978K->0K(175104K)] [ParOldGen: 496809K->242755K(524288K)] 558787K->242755K(699392K), [Metaspace: 43682K->43682K(1087488K)], 0.0573749 secs] [Times: user=0.49 sys=0.01, real=0.05 secs] 
2016-09-24T04:02:14.118-0400: 34.257: [GC (GCLocker Initiated GC) [PSYoungGen: 88064K->79693K(175104K)] 332296K->323926K(699392K), 0.0065494 secs] [Times: user=0.07 sys=0.00, real=0.01 secs] 
2016-09-24T04:02:14.158-0400: 34.296: [GC (GCLocker Initiated GC) [PSYoungGen: 167757K->66006K(175104K)] 417515K->349129K(699392K), 0.0075062 secs] [Times: user=0.09 sys=0.00, real=0.01 secs] 
2016-09-24T04:02:14.200-0400: 34.339: [GC (GCLocker Initiated GC) [PSYoungGen: 154070K->79476K(175104K)] 439981K->375547K(699392K), 0.0068677 secs] [Times: user=0.08 sys=0.00, real=0.01 secs] 
2016-09-24T04:02:14.249-0400: 34.388: [GC (GCLocker Initiated GC) [PSYoungGen: 167540K->47081K(175104K)] 463904K->372515K(699392K), 0.0061410 secs] [Times: user=0.08 sys=0.01, real=0.01 secs] 
2016-09-24T04:02:14.280-0400: 34.419: [GC (Allocation Failure) [PSYoungGen: 135145K->84918K(175104K)] 460656K->434109K(699392K), 0.0075674 secs] [Times: user=0.11 sys=0.01, real=0.01 secs] 
2016-09-24T04:02:14.335-0400: 34.473: [GC (GCLocker Initiated GC) [PSYoungGen: 171825K->44326K(175104K)] 526415K->441532K(699392K), 0.0064568 secs] [Times: user=0.08 sys=0.01, real=0.00 secs] 
2016-09-24T04:02:14.370-0400: 34.509: [GC (GCLocker Initiated GC) [PSYoungGen: 132390K->85121K(175104K)] 532356K->495279K(699392K), 0.0071368 secs] [Times: user=0.11 sys=0.00, real=0.01 secs] 
2016-09-24T04:02:14.419-0400: 34.558: [GC (GCLocker Initiated GC) [PSYoungGen: 173185K->72709K(175104K)] 587020K->507679K(699392K), 0.0080244 secs] [Times: user=0.10 sys=0.00, real=0.01 secs] 
2016-09-24T04:02:14.467-0400: 34.606: [GC (GCLocker Initiated GC) [PSYoungGen: 160773K->55184K(175104K)] 602537K->515212K(699392K), 0.0067218 secs] [Times: user=0.08 sys=0.01, real=0.00 secs] 
2016-09-24T04:02:14.502-0400: 34.641: [GC (GCLocker Initiated GC) [PSYoungGen: 143248K->80836K(175104K)] 603382K->555230K(699392K), 0.0074290 secs] [Times: user=0.10 sys=0.01, real=0.01 secs] 
2016-09-24T04:02:14.542-0400: 34.681: [Full GC (Ergonomics) [PSYoungGen: 168900K->0K(175104K)] [ParOldGen: 482632K->250969K(524288K)] 651532K->250969K(699392K), [Metaspace: 43688K->43688K(1087488K)], 0.0494322 secs] [Times: user=0.38 sys=0.01, real=0.04 secs] 
2016-09-24T04:02:14.633-0400: 34.771: [GC (GCLocker Initiated GC) [PSYoungGen: 88064K->77062K(175104K)] 345919K->334917K(699392K), 0.0075629 secs] [Times: user=0.11 sys=0.00, real=0.01 secs] 
2016-09-24T04:02:14.671-0400: 34.809: [GC (GCLocker Initiated GC) [PSYoungGen: 165126K->53795K(175104K)] 427189K->347902K(699392K), 0.0067216 secs] [Times: user=0.08 sys=0.00, real=0.01 secs] 
2016-09-24T04:02:14.710-0400: 34.848: [GC (GCLocker Initiated GC) [PSYoungGen: 141859K->63310K(175104K)] 444558K->381596K(699392K), 0.0096614 secs] [Times: user=0.12 sys=0.01, real=0.01 secs] 
2016-09-24T04:02:14.759-0400: 34.898: [GC (GCLocker Initiated GC) [PSYoungGen: 151374K->56411K(175104K)] 472560K->406717K(699392K), 0.0067826 secs] [Times: user=0.09 sys=0.01, real=0.01 secs] 
2016-09-24T04:02:14.802-0400: 34.941: [GC (GCLocker Initiated GC) [PSYoungGen: 144475K->68596K(175104K)] 495042K->434611K(699392K), 0.0065792 secs] [Times: user=0.09 sys=0.00, real=0.01 secs] 
2016-09-24T04:02:14.846-0400: 34.984: [GC (GCLocker Initiated GC) [PSYoungGen: 156660K->59210K(175104K)] 522715K->446171K(699392K), 0.0070031 secs] [Times: user=0.08 sys=0.00, real=0.00 secs] 
2016-09-24T04:02:14.885-0400: 35.024: [GC (GCLocker Initiated GC) [PSYoungGen: 147274K->72856K(175104K)] 541174K->486420K(699392K), 0.0071462 secs] [Times: user=0.11 sys=0.00, real=0.00 secs] 
2016-09-24T04:02:14.932-0400: 35.071: [GC (GCLocker Initiated GC) [PSYoungGen: 160920K->51212K(175104K)] 582649K->515646K(699392K), 0.0067885 secs] [Times: user=0.10 sys=0.00, real=0.01 secs] 
2016-09-24T04:02:14.980-0400: 35.119: [GC (GCLocker Initiated GC) [PSYoungGen: 139276K->55093K(175104K)] 609186K->552801K(699392K), 0.0066805 secs] [Times: user=0.10 sys=0.00, real=0.01 secs] 
2016-09-24T04:02:14.987-0400: 35.126: [Full GC (Ergonomics) [PSYoungGen: 55093K->0K(175104K)] [ParOldGen: 497708K->247143K(524288K)] 552801K->247143K(699392K), [Metaspace: 43698K->43698K(1087488K)], 0.0451909 secs] [Times: user=0.35 sys=0.00, real=0.04 secs] 
2016-09-24T04:02:15.055-0400: 35.194: [GC (GCLocker Initiated GC) [PSYoungGen: 88064K->86591K(175104K)] 335354K->350081K(699392K), 0.0074087 secs] [Times: user=0.10 sys=0.01, real=0.01 secs] 
2016-09-24T04:02:15.109-0400: 35.248: [GC (GCLocker Initiated GC) [PSYoungGen: 174655K->55071K(175104K)] 451791K->354836K(699392K), 0.0063451 secs] [Times: user=0.09 sys=0.00, real=0.01 secs] 
2016-09-24T04:02:15.151-0400: 35.290: [GC (GCLocker Initiated GC) [PSYoungGen: 143135K->48454K(175104K)] 442993K->389423K(699392K), 0.0065422 secs] [Times: user=0.10 sys=0.00, real=0.01 secs] 
2016-09-24T04:02:15.191-0400: 35.330: [GC (GCLocker Initiated GC) [PSYoungGen: 136518K->78381K(175104K)] 495277K->437864K(699392K), 0.0081490 secs] [Times: user=0.08 sys=0.01, real=0.01 secs] 
2016-09-24T04:02:15.249-0400: 35.388: [GC (GCLocker Initiated GC) [PSYoungGen: 166445K->59154K(175104K)] 535781K->432113K(699392K), 0.0056551 secs] [Times: user=0.08 sys=0.01, real=0.01 secs] 
2016-09-24T04:02:15.281-0400: 35.420: [GC (GCLocker Initiated GC) [PSYoungGen: 147218K->83396K(175104K)] 520262K->467928K(699392K), 0.0074247 secs] [Times: user=0.11 sys=0.00, real=0.01 secs] 
2016-09-24T04:02:15.329-0400: 35.468: [GC (GCLocker Initiated GC) [PSYoungGen: 171460K->67284K(175104K)] 558809K->484971K(699392K), 0.0074940 secs] [Times: user=0.11 sys=0.00, real=0.01 secs] 
2016-09-24T04:02:15.373-0400: 35.512: [GC (GCLocker Initiated GC) [PSYoungGen: 155348K->74212K(175104K)] 575779K->506073K(699392K), 0.0070104 secs] [Times: user=0.11 sys=0.00, real=0.01 secs] 
2016-09-24T04:02:15.411-0400: 35.550: [GC (GCLocker Initiated GC) [PSYoungGen: 162276K->83428K(175104K)] 596969K->524297K(699392K), 0.0070243 secs] [Times: user=0.08 sys=0.00, real=0.01 secs] 
2016-09-24T04:02:15.457-0400: 35.595: [GC (GCLocker Initiated GC) [PSYoungGen: 171492K->51082K(175104K)] 617842K->512920K(699392K), 0.0059530 secs] [Times: user=0.07 sys=0.01, real=0.01 secs] 
2016-09-24T04:02:15.494-0400: 35.632: [GC (GCLocker Initiated GC) [PSYoungGen: 139146K->79517K(175104K)] 601159K->565184K(699392K), 0.0087229 secs] [Times: user=0.10 sys=0.00, real=0.02 secs] 
2016-09-24T04:02:15.503-0400: 35.641: [Full GC (Ergonomics) [PSYoungGen: 79517K->0K(175104K)] [ParOldGen: 485666K->263155K(524288K)] 565184K->263155K(699392K), [Metaspace: 43698K->43698K(1087488K)], 0.0470279 secs] [Times: user=0.39 sys=0.00, real=0.04 secs] 
2016-09-24T04:02:15.590-0400: 35.729: [GC (GCLocker Initiated GC) [PSYoungGen: 88064K->63587K(175104K)] 354017K->329541K(699392K), 0.0189707 secs] [Times: user=0.21 sys=0.01, real=0.02 secs] 
2016-09-24T04:02:15.653-0400: 35.791: [GC (GCLocker Initiated GC) [PSYoungGen: 151651K->43177K(175104K)] 425784K->358797K(699392K), 0.0065543 secs] [Times: user=0.08 sys=0.01, real=0.01 secs] 
2016-09-24T04:02:15.694-0400: 35.833: [GC (GCLocker Initiated GC) [PSYoungGen: 131241K->84971K(175104K)] 455157K->419176K(699392K), 0.0099232 secs] [Times: user=0.15 sys=0.00, real=0.02 secs] 
2016-09-24T04:02:15.747-0400: 35.886: [GC (GCLocker Initiated GC) [PSYoungGen: 173035K->75305K(175104K)] 510021K->429254K(699392K), 0.0067637 secs] [Times: user=0.08 sys=0.00, real=0.01 secs] 
2016-09-24T04:02:15.793-0400: 35.932: [GC (GCLocker Initiated GC) [PSYoungGen: 163369K->41662K(175104K)] 522829K->415209K(699392K), 0.0063651 secs] [Times: user=0.06 sys=0.00, real=0.01 secs] 
2016-09-24T04:02:15.832-0400: 35.970: [GC (GCLocker Initiated GC) [PSYoungGen: 129726K->67250K(175104K)] 511406K->472650K(699392K), 0.0072606 secs] [Times: user=0.10 sys=0.00, real=0.01 secs] 
2016-09-24T04:02:15.887-0400: 36.026: [GC (GCLocker Initiated GC) [PSYoungGen: 155314K->52500K(175104K)] 568844K->481524K(699392K), 0.0063848 secs] [Times: user=0.09 sys=0.00, real=0.00 secs] 
2016-09-24T04:02:15.925-0400: 36.064: [GC (GCLocker Initiated GC) [PSYoungGen: 140564K->74062K(175104K)] 575231K->516231K(699392K), 0.0065213 secs] [Times: user=0.07 sys=0.02, real=0.00 secs] 
2016-09-24T04:02:15.969-0400: 36.107: [GC (GCLocker Initiated GC) [PSYoungGen: 162126K->75432K(175104K)] 607105K->542685K(699392K), 0.0068025 secs] [Times: user=0.10 sys=0.00, real=0.01 secs] 
2016-09-24T04:02:16.015-0400: 36.154: [GC (GCLocker Initiated GC) [PSYoungGen: 163496K->45700K(175104K)] 630802K->535289K(699392K), 0.0071137 secs] [Times: user=0.06 sys=0.00, real=0.01 secs] 
2016-09-24T04:02:16.022-0400: 36.161: [Full GC (Ergonomics) [PSYoungGen: 45700K->0K(175104K)] [ParOldGen: 489588K->259956K(524288K)] 535289K->259956K(699392K), [Metaspace: 43701K->43701K(1087488K)], 0.0550537 secs] [Times: user=0.42 sys=0.02, real=0.05 secs] 
2016-09-24T04:02:16.110-0400: 36.249: [GC (GCLocker Initiated GC) [PSYoungGen: 88064K->85291K(175104K)] 351574K->359602K(699392K), 0.0067996 secs] [Times: user=0.11 sys=0.00, real=0.01 secs] 
2016-09-24T04:02:16.153-0400: 36.292: [GC (Allocation Failure) [PSYoungGen: 173355K->57876K(175104K)] 453105K->368389K(699392K), 0.0083413 secs] [Times: user=0.09 sys=0.00, real=0.01 secs] 
2016-09-24T04:02:16.193-0400: 36.332: [GC (GCLocker Initiated GC) [PSYoungGen: 145940K->73911K(175104K)] 456467K->405467K(699392K), 0.0069418 secs] [Times: user=0.10 sys=0.00, real=0.01 secs] 
2016-09-24T04:02:16.236-0400: 36.375: [GC (GCLocker Initiated GC) [PSYoungGen: 161975K->68644K(175104K)] 505879K->432019K(699392K), 0.0063075 secs] [Times: user=0.09 sys=0.00, real=0.01 secs] 
2016-09-24T04:02:16.281-0400: 36.419: [GC (GCLocker Initiated GC) [PSYoungGen: 156708K->64702K(175104K)] 526114K->446942K(699392K), 0.0068609 secs] [Times: user=0.09 sys=0.00, real=0.01 secs] 
2016-09-24T04:02:16.325-0400: 36.464: [GC (GCLocker Initiated GC) [PSYoungGen: 152766K->56469K(175104K)] 539117K->452965K(699392K), 0.0126511 secs] [Times: user=0.17 sys=0.00, real=0.01 secs] 
2016-09-24T04:02:16.368-0400: 36.507: [GC (GCLocker Initiated GC) [PSYoungGen: 144533K->84895K(175104K)] 546667K->498508K(699392K), 0.0076206 secs] [Times: user=0.12 sys=0.00, real=0.01 secs] 
2016-09-24T04:02:19.411-0400: 39.549: [GC (GCLocker Initiated GC) [PSYoungGen: 172959K->47304K(175104K)] 612470K->513084K(699392K), 0.0082902 secs] [Times: user=0.07 sys=0.01, real=0.01 secs] 
2016-09-24T04:02:19.472-0400: 39.611: [GC (GCLocker Initiated GC) [PSYoungGen: 135368K->68396K(175104K)] 601189K->539231K(699392K), 0.0062125 secs] [Times: user=0.08 sys=0.00, real=0.01 secs] 
2016-09-24T04:02:19.505-0400: 39.643: [GC (GCLocker Initiated GC) [PSYoungGen: 156460K->86390K(175104K)] 635592K->598362K(699392K), 0.0090363 secs] [Times: user=0.12 sys=0.00, real=0.00 secs] 
2016-09-24T04:02:19.514-0400: 39.653: [Full GC (Ergonomics) [PSYoungGen: 86390K->0K(175104K)] [ParOldGen: 511972K->283812K(524288K)] 598362K->283812K(699392K), [Metaspace: 43717K->43717K(1087488K)], 0.0657996 secs] [Times: user=0.42 sys=0.02, real=0.07 secs] 
2016-09-24T04:02:19.634-0400: 39.773: [GC (GCLocker Initiated GC) [PSYoungGen: 88064K->68843K(175104K)] 381460K->362239K(699392K), 0.0074039 secs] [Times: user=0.06 sys=0.01, real=0.00 secs] 
2016-09-24T04:02:19.690-0400: 39.828: [GC (GCLocker Initiated GC) [PSYoungGen: 156907K->47051K(175104K)] 453081K->372455K(699392K), 0.0072272 secs] [Times: user=0.09 sys=0.00, real=0.01 secs] 
2016-09-24T04:02:19.730-0400: 39.869: [GC (GCLocker Initiated GC) [PSYoungGen: 135115K->71616K(175104K)] 466553K->418631K(699392K), 0.0072246 secs] [Times: user=0.11 sys=0.00, real=0.01 secs] 
2016-09-24T04:02:19.787-0400: 39.925: [GC (GCLocker Initiated GC) [PSYoungGen: 159680K->46922K(175104K)] 517664K->439553K(699392K), 0.0073718 secs] [Times: user=0.08 sys=0.01, real=0.01 secs] 
2016-09-24T04:02:19.832-0400: 39.971: [GC (GCLocker Initiated GC) [PSYoungGen: 134986K->68511K(175104K)] 527695K->483427K(699392K), 0.0076946 secs] [Times: user=0.11 sys=0.00, real=0.01 secs] 
2016-09-24T04:02:19.875-0400: 40.014: [GC (GCLocker Initiated GC) [PSYoungGen: 156575K->72661K(175104K)] 582383K->520652K(699392K), 0.0075520 secs] [Times: user=0.11 sys=0.00, real=0.01 secs] 
2016-09-24T04:02:19.926-0400: 40.064: [GC (GCLocker Initiated GC) [PSYoungGen: 160725K->59340K(175104K)] 615507K->543107K(699392K), 0.0070293 secs] [Times: user=0.11 sys=0.00, real=0.00 secs] 
2016-09-24T04:02:19.933-0400: 40.072: [Full GC (Ergonomics) [PSYoungGen: 59340K->0K(175104K)] [ParOldGen: 483767K->241661K(524288K)] 543107K->241661K(699392K), [Metaspace: 43717K->43717K(1087488K)], 0.1356803 secs] [Times: user=1.76 sys=0.00, real=0.14 secs] 
2016-09-24T04:02:20.112-0400: 40.251: [GC (GCLocker Initiated GC) [PSYoungGen: 88064K->77128K(175104K)] 343377K->332441K(699392K), 0.0077998 secs] [Times: user=0.10 sys=0.00, real=0.01 secs] 
2016-09-24T04:02:20.168-0400: 40.307: [GC (GCLocker Initiated GC) [PSYoungGen: 165192K->53833K(175104K)] 425979K->349453K(699392K), 0.0069846 secs] [Times: user=0.09 sys=0.00, real=0.01 secs] 
2016-09-24T04:02:20.214-0400: 40.352: [GC (GCLocker Initiated GC) [PSYoungGen: 141897K->63027K(175104K)] 437624K->372952K(699392K), 0.0078362 secs] [Times: user=0.10 sys=0.00, real=0.01 secs] 
2016-09-24T04:02:20.264-0400: 40.403: [GC (GCLocker Initiated GC) [PSYoungGen: 151091K->65898K(175104K)] 461315K->392897K(699392K), 0.0077997 secs] [Times: user=0.08 sys=0.00, real=0.00 secs] 
2016-09-24T04:02:20.312-0400: 40.451: [GC (GCLocker Initiated GC) [PSYoungGen: 153962K->63377K(175104K)] 483783K->433058K(699392K), 0.0083058 secs] [Times: user=0.12 sys=0.00, real=0.01 secs] 
2016-09-24T04:02:20.371-0400: 40.509: [GC (Allocation Failure) [PSYoungGen: 151441K->52391K(175104K)] 533491K->436491K(699392K), 0.0069586 secs] [Times: user=0.08 sys=0.01, real=0.01 secs] 
2016-09-24T04:02:21.814-0400: 41.953: [GC (GCLocker Initiated GC) [PSYoungGen: 140455K->46859K(175104K)] 531515K->446766K(699392K), 0.0095441 secs] [Times: user=0.06 sys=0.02, real=0.01 secs] 
2016-09-24T04:02:21.867-0400: 42.005: [GC (GCLocker Initiated GC) [PSYoungGen: 134923K->62885K(151040K)] 534987K->481182K(675328K), 0.0072984 secs] [Times: user=0.08 sys=0.01, real=0.00 secs] 
2016-09-24T04:02:21.910-0400: 42.049: [GC (GCLocker Initiated GC) [PSYoungGen: 150949K->68775K(174080K)] 569315K->487142K(698368K), 0.0073485 secs] [Times: user=0.07 sys=0.00, real=0.01 secs] 
2016-09-24T04:02:21.962-0400: 42.101: [GC (GCLocker Initiated GC) [PSYoungGen: 156839K->83953K(174080K)] 578196K->516495K(698368K), 0.0076698 secs] [Times: user=0.11 sys=0.01, real=0.00 secs] 
2016-09-24T04:02:22.014-0400: 42.153: [GC (GCLocker Initiated GC) [PSYoungGen: 172017K->45380K(175104K)] 608809K->498044K(699392K), 0.0061978 secs] [Times: user=0.07 sys=0.00, real=0.01 secs] 
2016-09-24T04:02:22.055-0400: 42.193: [GC (GCLocker Initiated GC) [PSYoungGen: 133444K->74075K(175104K)] 588991K->539666K(699392K), 0.0069668 secs] [Times: user=0.09 sys=0.00, real=0.00 secs] 
2016-09-24T04:02:22.109-0400: 42.248: [GC (GCLocker Initiated GC) [PSYoungGen: 162139K->52228K(175104K)] 630538K->534850K(699392K), 0.0086694 secs] [Times: user=0.09 sys=0.00, real=0.01 secs] 
2016-09-24T04:02:22.157-0400: 42.296: [Full GC (Ergonomics) [PSYoungGen: 140292K->0K(175104K)] [ParOldGen: 488126K->250150K(524288K)] 628419K->250150K(699392K), [Metaspace: 43776K->43776K(1087488K)], 0.0704073 secs] [Times: user=0.61 sys=0.02, real=0.07 secs] 
2016-09-24T04:02:22.270-0400: 42.408: [GC (GCLocker Initiated GC) [PSYoungGen: 88064K->51133K(175104K)] 338438K->301507K(699392K), 0.0068393 secs] [Times: user=0.09 sys=0.00, real=0.01 secs] 
2016-09-24T04:02:22.309-0400: 42.447: [GC (GCLocker Initiated GC) [PSYoungGen: 139197K->57799K(175104K)] 389658K->325319K(699392K), 0.0089492 secs] [Times: user=0.10 sys=0.00, real=0.01 secs] 
2016-09-24T04:02:22.359-0400: 42.498: [GC (Allocation Failure) [PSYoungGen: 145863K->60561K(148992K)] 413568K->350581K(673280K), 0.0068282 secs] [Times: user=0.09 sys=0.00, real=0.01 secs] 
2016-09-24T04:02:22.406-0400: 42.545: [GC (GCLocker Initiated GC) [PSYoungGen: 148625K->55067K(176128K)] 440011K->382238K(700416K), 0.0077487 secs] [Times: user=0.12 sys=0.00, real=0.00 secs] 
2016-09-24T04:02:22.441-0400: 42.580: [GC (GCLocker Initiated GC) [PSYoungGen: 144667K->78036K(174592K)] 474820K->416887K(698880K), 0.0081347 secs] [Times: user=0.09 sys=0.00, real=0.01 secs] 
2016-09-24T04:02:22.497-0400: 42.635: [GC (GCLocker Initiated GC) [PSYoungGen: 167636K->65987K(175104K)] 520092K->443365K(699392K), 0.0093331 secs] [Times: user=0.09 sys=0.00, real=0.01 secs] 
2016-09-24T04:02:22.552-0400: 42.691: [GC (GCLocker Initiated GC) [PSYoungGen: 154051K->49483K(175104K)] 534210K->451840K(699392K), 0.0075761 secs] [Times: user=0.09 sys=0.00, real=0.01 secs] 
2016-09-24T04:02:22.592-0400: 42.731: [GC (GCLocker Initiated GC) [PSYoungGen: 137547K->68438K(175104K)] 542712K->497056K(699392K), 0.0193654 secs] [Times: user=0.25 sys=0.00, real=0.02 secs] 
2016-09-24T04:02:22.647-0400: 42.786: [GC (GCLocker Initiated GC) [PSYoungGen: 156502K->41355K(175104K)] 595978K->505701K(699392K), 0.0084389 secs] [Times: user=0.07 sys=0.00, real=0.01 secs] 
2016-09-24T04:02:22.695-0400: 42.833: [GC (GCLocker Initiated GC) [PSYoungGen: 129419K->61771K(174080K)] 599234K->557855K(698368K), 0.0075203 secs] [Times: user=0.09 sys=0.01, real=0.01 secs] 
2016-09-24T04:02:22.702-0400: 42.841: [Full GC (Ergonomics) [PSYoungGen: 61771K->0K(174080K)] [ParOldGen: 496084K->254180K(524288K)] 557855K->254180K(698368K), [Metaspace: 43779K->43779K(1087488K)], 0.0637393 secs] [Times: user=0.60 sys=0.01, real=0.06 secs] 
2016-09-24T04:02:22.803-0400: 42.941: [GC (GCLocker Initiated GC) [PSYoungGen: 88064K->62061K(150528K)] 345054K->319051K(674816K), 0.0073683 secs] [Times: user=0.08 sys=0.00, real=0.00 secs] 
2016-09-24T04:02:22.855-0400: 42.994: [GC (GCLocker Initiated GC) [PSYoungGen: 150125K->45744K(174080K)] 413996K->329430K(698368K), 0.0125299 secs] [Times: user=0.17 sys=0.00, real=0.01 secs] 
2016-09-24T04:02:22.908-0400: 43.047: [GC (GCLocker Initiated GC) [PSYoungGen: 135344K->45629K(174080K)] 428709K->361284K(698368K), 0.0065998 secs] [Times: user=0.08 sys=0.00, real=0.01 secs] 
2016-09-24T04:02:22.956-0400: 43.095: [GC (GCLocker Initiated GC) [PSYoungGen: 135229K->72648K(172544K)] 459184K->412164K(696832K), 0.0071261 secs] [Times: user=0.09 sys=0.01, real=0.01 secs] 
2016-09-24T04:02:23.002-0400: 43.140: [GC (GCLocker Initiated GC) [PSYoungGen: 160712K->71332K(175104K)] 505844K->429268K(699392K), 0.0076080 secs] [Times: user=0.10 sys=0.00, real=0.01 secs] 
2016-09-24T04:02:23.047-0400: 43.185: [GC (GCLocker Initiated GC) [PSYoungGen: 159396K->42629K(175104K)] 517483K->416106K(699392K), 0.0111015 secs] [Times: user=0.06 sys=0.01, real=0.01 secs] 
2016-09-24T04:02:23.104-0400: 43.242: [GC (GCLocker Initiated GC) [PSYoungGen: 130693K->32167K(175104K)] 510956K->425148K(699392K), 0.0079155 secs] [Times: user=0.10 sys=0.00, real=0.00 secs] 
2016-09-24T04:02:23.140-0400: 43.279: [GC (GCLocker Initiated GC) [PSYoungGen: 120231K->80629K(175104K)] 513351K->485234K(699392K), 0.0068974 secs] [Times: user=0.11 sys=0.00, real=0.01 secs] 
2016-09-24T04:02:23.186-0400: 43.324: [GC (GCLocker Initiated GC) [PSYoungGen: 168693K->63320K(175104K)] 578939K->487561K(699392K), 0.0072579 secs] [Times: user=0.10 sys=0.00, real=0.00 secs] 
2016-09-24T04:02:23.231-0400: 43.370: [GC (GCLocker Initiated GC) [PSYoungGen: 151384K->42841K(175104K)] 581138K->485428K(699392K), 0.0059861 secs] [Times: user=0.06 sys=0.00, real=0.01 secs] 
2016-09-24T04:02:23.275-0400: 43.414: [GC (GCLocker Initiated GC) [PSYoungGen: 130905K->49711K(175104K)] 583012K->520060K(699392K), 0.0064422 secs] [Times: user=0.08 sys=0.00, real=0.00 secs] 
2016-09-24T04:02:23.312-0400: 43.451: [GC (GCLocker Initiated GC) [PSYoungGen: 137775K->86202K(175104K)] 608318K->575010K(699392K), 0.0078134 secs] [Times: user=0.12 sys=0.00, real=0.01 secs] 
2016-09-24T04:02:23.361-0400: 43.500: [Full GC (Ergonomics) [PSYoungGen: 174266K->0K(175104K)] [ParOldGen: 496941K->262293K(524288K)] 671207K->262293K(699392K), [Metaspace: 43780K->43780K(1087488K)], 0.0505198 secs] [Times: user=0.41 sys=0.01, real=0.05 secs] 
2016-09-24T04:02:23.448-0400: 43.587: [GC (GCLocker Initiated GC) [PSYoungGen: 88064K->80995K(175104K)] 353249K->346180K(699392K), 0.0063100 secs] [Times: user=0.09 sys=0.01, real=0.01 secs] 
2016-09-24T04:02:23.487-0400: 43.626: [GC (GCLocker Initiated GC) [PSYoungGen: 169059K->67360K(175104K)] 438419K->368675K(699392K), 0.0067815 secs] [Times: user=0.10 sys=0.00, real=0.00 secs] 
2016-09-24T04:02:23.534-0400: 43.673: [GC (GCLocker Initiated GC) [PSYoungGen: 155424K->64527K(175104K)] 459724K->414159K(699392K), 0.0080237 secs] [Times: user=0.11 sys=0.01, real=0.01 secs] 
2016-09-24T04:02:23.573-0400: 43.712: [GC (GCLocker Initiated GC) [PSYoungGen: 152591K->70080K(175104K)] 507788K->451549K(699392K), 0.0070938 secs] [Times: user=0.09 sys=0.00, real=0.01 secs] 
2016-09-24T04:02:23.617-0400: 43.756: [GC (GCLocker Initiated GC) [PSYoungGen: 158144K->56356K(175104K)] 543921K->454968K(699392K), 0.0071950 secs] [Times: user=0.08 sys=0.00, real=0.01 secs] 
2016-09-24T04:02:23.663-0400: 43.801: [GC (GCLocker Initiated GC) [PSYoungGen: 144420K->57809K(175104K)] 543148K->484195K(699392K), 0.0068609 secs] [Times: user=0.10 sys=0.00, real=0.00 secs] 
2016-09-24T04:02:23.701-0400: 43.840: [GC (GCLocker Initiated GC) [PSYoungGen: 145873K->79612K(175104K)] 577785K->531038K(699392K), 0.0073312 secs] [Times: user=0.11 sys=0.00, real=0.01 secs] 
2016-09-24T04:02:23.755-0400: 43.894: [GC (GCLocker Initiated GC) [PSYoungGen: 167676K->57918K(175104K)] 628753K->546783K(699392K), 0.0065388 secs] [Times: user=0.10 sys=0.00, real=0.00 secs] 
2016-09-24T04:02:23.762-0400: 43.900: [Full GC (Ergonomics) [PSYoungGen: 57918K->0K(175104K)] [ParOldGen: 488865K->257902K(524288K)] 546783K->257902K(699392K), [Metaspace: 43780K->43780K(1087488K)], 0.0516272 secs] [Times: user=0.37 sys=0.02, real=0.05 secs] 
2016-09-24T04:02:23.844-0400: 43.982: [GC (GCLocker Initiated GC) [PSYoungGen: 88064K->78187K(175104K)] 346218K->336341K(699392K), 0.0065171 secs] [Times: user=0.09 sys=0.01, real=0.00 secs] 
2016-09-24T04:02:23.886-0400: 44.024: [GC (GCLocker Initiated GC) [PSYoungGen: 166251K->75448K(175104K)] 435303K->353410K(699392K), 0.0063254 secs] [Times: user=0.10 sys=0.00, real=0.00 secs] 
2016-09-24T04:02:23.929-0400: 44.068: [GC (GCLocker Initiated GC) [PSYoungGen: 163512K->53710K(175104K)] 447162K->359694K(699392K), 0.0064506 secs] [Times: user=0.07 sys=0.00, real=0.01 secs] 
2016-09-24T04:02:23.968-0400: 44.107: [GC (GCLocker Initiated GC) [PSYoungGen: 141774K->86149K(175104K)] 449201K->410437K(699392K), 0.0078086 secs] [Times: user=0.11 sys=0.00, real=0.01 secs] 
2016-09-24T04:02:24.008-0400: 44.147: [GC (GCLocker Initiated GC) [PSYoungGen: 174213K->61920K(175104K)] 504041K->435583K(699392K), 0.0076654 secs] [Times: user=0.12 sys=0.00, real=0.01 secs] 
2016-09-24T04:02:24.055-0400: 44.194: [GC (GCLocker Initiated GC) [PSYoungGen: 149984K->79478K(175104K)] 526495K->466113K(699392K), 0.0106681 secs] [Times: user=0.15 sys=0.00, real=0.01 secs] 
2016-09-24T04:02:24.100-0400: 44.239: [GC (GCLocker Initiated GC) [PSYoungGen: 167542K->56478K(175104K)] 557029K->480457K(699392K), 0.0066854 secs] [Times: user=0.07 sys=0.01, real=0.01 secs] 
2016-09-24T04:02:24.143-0400: 44.282: [GC (GCLocker Initiated GC) [PSYoungGen: 144542K->86450K(175104K)] 586133K->534018K(699392K), 0.0072668 secs] [Times: user=0.10 sys=0.00, real=0.00 secs] 
2016-09-24T04:02:24.191-0400: 44.330: [GC (GCLocker Initiated GC) [PSYoungGen: 174514K->77867K(175104K)] 625262K->538953K(699392K), 0.0072711 secs] [Times: user=0.08 sys=0.00, real=0.01 secs] 
2016-09-24T04:02:24.229-0400: 44.368: [GC (GCLocker Initiated GC) [PSYoungGen: 165931K->63130K(175104K)] 627157K->538409K(699392K), 0.0086770 secs] [Times: user=0.07 sys=0.00, real=0.01 secs] 
2016-09-24T04:02:24.275-0400: 44.414: [Full GC (Ergonomics) [PSYoungGen: 151194K->0K(175104K)] [ParOldGen: 480730K->260428K(524288K)] 631924K->260428K(699392K), [Metaspace: 43780K->43780K(1087488K)], 0.0515059 secs] [Times: user=0.35 sys=0.01, real=0.05 secs] 
2016-09-24T04:02:24.363-0400: 44.502: [GC (GCLocker Initiated GC) [PSYoungGen: 88064K->83726K(175104K)] 348618K->344281K(699392K), 0.0069515 secs] [Times: user=0.10 sys=0.00, real=0.00 secs] 
2016-09-24T04:02:24.405-0400: 44.544: [GC (GCLocker Initiated GC) [PSYoungGen: 171790K->71410K(175104K)] 435169K->354641K(699392K), 0.0073864 secs] [Times: user=0.11 sys=0.01, real=0.00 secs] 
2016-09-24T04:02:24.444-0400: 44.583: [GC (GCLocker Initiated GC) [PSYoungGen: 159474K->72789K(175104K)] 450933K->379880K(699392K), 0.0070712 secs] [Times: user=0.10 sys=0.00, real=0.00 secs] 
2016-09-24T04:02:24.489-0400: 44.627: [GC (GCLocker Initiated GC) [PSYoungGen: 160853K->64659K(175104K)] 470766K->398345K(699392K), 0.0071764 secs] [Times: user=0.11 sys=0.00, real=0.01 secs] 
2016-09-24T04:02:24.527-0400: 44.666: [GC (GCLocker Initiated GC) [PSYoungGen: 152723K->70087K(175104K)] 489187K->442414K(699392K), 0.0075548 secs] [Times: user=0.10 sys=0.00, real=0.01 secs] 
2016-09-24T04:02:24.569-0400: 44.707: [GC (GCLocker Initiated GC) [PSYoungGen: 158151K->76796K(175104K)] 530604K->467577K(699392K), 0.0075382 secs] [Times: user=0.11 sys=0.00, real=0.01 secs] 
2016-09-24T04:02:24.613-0400: 44.751: [GC (GCLocker Initiated GC) [PSYoungGen: 164860K->65968K(175104K)] 558557K->479293K(699392K), 0.0073173 secs] [Times: user=0.09 sys=0.00, real=0.01 secs] 
2016-09-24T04:02:24.653-0400: 44.791: [GC (GCLocker Initiated GC) [PSYoungGen: 154032K->74070K(175104K)] 572903K->501753K(699392K), 0.0091363 secs] [Times: user=0.11 sys=0.00, real=0.01 secs] 
2016-09-24T04:02:24.695-0400: 44.834: [GC (GCLocker Initiated GC) [PSYoungGen: 162134K->76652K(175104K)] 589931K->516031K(699392K), 0.0076417 secs] [Times: user=0.10 sys=0.00, real=0.01 secs] 
2016-09-24T04:02:24.740-0400: 44.878: [GC (GCLocker Initiated GC) [PSYoungGen: 164716K->67382K(175104K)] 609773K->540055K(699392K), 0.0084592 secs] [Times: user=0.09 sys=0.00, real=0.01 secs] 
2016-09-24T04:02:24.781-0400: 44.920: [GC (GCLocker Initiated GC) [PSYoungGen: 155446K->49683K(175104K)] 630943K->542144K(699392K), 0.0067178 secs] [Times: user=0.06 sys=0.00, real=0.01 secs] 
2016-09-24T04:02:24.788-0400: 44.927: [Full GC (Ergonomics) [PSYoungGen: 49683K->0K(175104K)] [ParOldGen: 492461K->265645K(524288K)] 542144K->265645K(699392K), [Metaspace: 43780K->43780K(1087488K)], 0.0492192 secs] [Times: user=0.41 sys=0.00, real=0.05 secs] 
2016-09-24T04:02:24.863-0400: 45.002: [GC (GCLocker Initiated GC) [PSYoungGen: 88064K->86468K(175104K)] 353770K->354875K(699392K), 0.0078079 secs] [Times: user=0.07 sys=0.01, real=0.00 secs] 
2016-09-24T04:02:24.921-0400: 45.059: [GC (GCLocker Initiated GC) [PSYoungGen: 174532K->48464K(175104K)] 443067K->358453K(699392K), 0.0070635 secs] [Times: user=0.10 sys=0.00, real=0.01 secs] 
2016-09-24T04:02:24.955-0400: 45.093: [GC (GCLocker Initiated GC) [PSYoungGen: 136528K->86337K(175104K)] 446629K->417427K(699392K), 0.0078395 secs] [Times: user=0.13 sys=0.00, real=0.01 secs] 
2016-09-24T04:02:25.004-0400: 45.143: [GC (GCLocker Initiated GC) [PSYoungGen: 174401K->68886K(175104K)] 517017K->425793K(699392K), 0.0068241 secs] [Times: user=0.09 sys=0.00, real=0.00 secs] 
2016-09-24T04:02:25.052-0400: 45.190: [GC (GCLocker Initiated GC) [PSYoungGen: 156950K->49467K(175104K)] 515514K->425152K(699392K), 0.0065005 secs] [Times: user=0.08 sys=0.01, real=0.01 secs] 
2016-09-24T04:02:25.083-0400: 45.221: [GC (GCLocker Initiated GC) [PSYoungGen: 137531K->82115K(175104K)] 513291K->461082K(699392K), 0.0065673 secs] [Times: user=0.09 sys=0.01, real=0.00 secs] 
2016-09-24T04:02:25.128-0400: 45.266: [GC (GCLocker Initiated GC) [PSYoungGen: 170179K->48334K(175104K)] 554642K->473912K(699392K), 0.0070586 secs] [Times: user=0.11 sys=0.00, real=0.01 secs] 
2016-09-24T04:02:25.172-0400: 45.310: [GC (GCLocker Initiated GC) [PSYoungGen: 136398K->69974K(175104K)] 563624K->503197K(699392K), 0.0117180 secs] [Times: user=0.15 sys=0.00, real=0.02 secs] 
2016-09-24T04:02:25.223-0400: 45.362: [GC (GCLocker Initiated GC) [PSYoungGen: 158038K->56402K(175104K)] 594040K->503880K(699392K), 0.0066986 secs] [Times: user=0.07 sys=0.00, real=0.00 secs] 
2016-09-24T04:02:25.259-0400: 45.398: [GC (GCLocker Initiated GC) [PSYoungGen: 144466K->83507K(175104K)] 592287K->546854K(699392K), 0.0072337 secs] [Times: user=0.09 sys=0.00, real=0.01 secs] 
2016-09-24T04:02:25.304-0400: 45.442: [GC (GCLocker Initiated GC) [PSYoungGen: 171571K->57880K(175104K)] 635452K->548061K(699392K), 0.0075584 secs] [Times: user=0.08 sys=0.00, real=0.00 secs] 
2016-09-24T04:02:25.311-0400: 45.450: [Full GC (Ergonomics) [PSYoungGen: 57880K->0K(175104K)] [ParOldGen: 490180K->272013K(524288K)] 548061K->272013K(699392K), [Metaspace: 43780K->43780K(1087488K)], 0.0499256 secs] [Times: user=0.42 sys=0.01, real=0.05 secs] 
2016-09-24T04:02:25.394-0400: 45.533: [GC (GCLocker Initiated GC) [PSYoungGen: 88064K->82446K(175104K)] 367023K->361406K(699392K), 0.0114484 secs] [Times: user=0.15 sys=0.00, real=0.01 secs] 
2016-09-24T04:02:25.446-0400: 45.584: [GC (GCLocker Initiated GC) [PSYoungGen: 170510K->55200K(175104K)] 460395K->354127K(699392K), 0.0061638 secs] [Times: user=0.08 sys=0.00, real=0.00 secs] 
2016-09-24T04:02:25.484-0400: 45.623: [GC (GCLocker Initiated GC) [PSYoungGen: 143264K->80725K(175104K)] 442284K->404813K(699392K), 0.0108402 secs] [Times: user=0.15 sys=0.01, real=0.01 secs] 
2016-09-24T04:02:25.532-0400: 45.671: [GC (GCLocker Initiated GC) [PSYoungGen: 168789K->65948K(175104K)] 495710K->427218K(699392K), 0.0079649 secs] [Times: user=0.12 sys=0.00, real=0.01 secs] 
2016-09-24T04:02:25.574-0400: 45.712: [GC (GCLocker Initiated GC) [PSYoungGen: 154012K->59029K(175104K)] 515381K->438625K(699392K), 0.0078750 secs] [Times: user=0.06 sys=0.01, real=0.01 secs] 
2016-09-24T04:02:25.623-0400: 45.762: [GC (GCLocker Initiated GC) [PSYoungGen: 147093K->55363K(175104K)] 533509K->453258K(699392K), 0.0093521 secs] [Times: user=0.07 sys=0.01, real=0.00 secs] 
2016-09-24T04:02:25.673-0400: 45.811: [GC (GCLocker Initiated GC) [PSYoungGen: 143427K->61703K(175104K)] 544305K->486486K(699392K), 0.0067203 secs] [Times: user=0.10 sys=0.00, real=0.01 secs] 
2016-09-24T04:02:25.710-0400: 45.849: [GC (GCLocker Initiated GC) [PSYoungGen: 149767K->67392K(175104K)] 574755K->523939K(699392K), 0.0075503 secs] [Times: user=0.11 sys=0.00, real=0.01 secs] 
2016-09-24T04:02:25.756-0400: 45.895: [GC (GCLocker Initiated GC) [PSYoungGen: 155456K->75550K(175104K)] 618838K->547750K(699392K), 0.0061933 secs] [Times: user=0.10 sys=0.00, real=0.01 secs] 
2016-09-24T04:02:25.804-0400: 45.943: [GC (GCLocker Initiated GC) [PSYoungGen: 163614K->48281K(175104K)] 641346K->559281K(699392K), 0.0062876 secs] [Times: user=0.09 sys=0.00, real=0.00 secs] 
2016-09-24T04:02:25.811-0400: 45.949: [Full GC (Ergonomics) [PSYoungGen: 48281K->0K(175104K)] [ParOldGen: 510999K->277983K(524288K)] 559281K->277983K(699392K), [Metaspace: 43786K->43786K(1087488K)], 0.0580485 secs] [Times: user=0.41 sys=0.02, real=0.06 secs] 
2016-09-24T04:02:25.899-0400: 46.038: [GC (GCLocker Initiated GC) [PSYoungGen: 88064K->56754K(175104K)] 371557K->340248K(699392K), 0.0072594 secs] [Times: user=0.05 sys=0.00, real=0.01 secs] 
2016-09-24T04:02:25.951-0400: 46.089: [GC (GCLocker Initiated GC) [PSYoungGen: 144818K->35048K(175104K)] 437974K->349521K(699392K), 0.0133434 secs] [Times: user=0.12 sys=0.00, real=0.02 secs] 
2016-09-24T04:02:26.003-0400: 46.142: [GC (GCLocker Initiated GC) [PSYoungGen: 123112K->62003K(175104K)] 444448K->396383K(699392K), 0.0063861 secs] [Times: user=0.10 sys=0.00, real=0.00 secs] 
2016-09-24T04:02:26.046-0400: 46.184: [GC (GCLocker Initiated GC) [PSYoungGen: 150067K->44440K(175104K)] 492639K->409369K(699392K), 0.0063868 secs] [Times: user=0.07 sys=0.01, real=0.00 secs] 
2016-09-24T04:02:26.086-0400: 46.225: [GC (GCLocker Initiated GC) [PSYoungGen: 132504K->67275K(175104K)] 502948K->469649K(699392K), 0.0073289 secs] [Times: user=0.10 sys=0.01, real=0.00 secs] 
2016-09-24T04:02:26.135-0400: 46.274: [GC (GCLocker Initiated GC) [PSYoungGen: 155339K->67489K(175104K)] 563205K->490846K(699392K), 0.0066817 secs] [Times: user=0.08 sys=0.00, real=0.00 secs] 
2016-09-24T04:02:26.174-0400: 46.313: [GC (GCLocker Initiated GC) [PSYoungGen: 155553K->63518K(175104K)] 579129K->505543K(699392K), 0.0069084 secs] [Times: user=0.08 sys=0.01, real=0.01 secs] 
2016-09-24T04:02:26.218-0400: 46.356: [GC (GCLocker Initiated GC) [PSYoungGen: 151582K->57812K(174080K)] 599253K->545635K(698368K), 0.0074601 secs] [Times: user=0.12 sys=0.00, real=0.01 secs] 
2016-09-24T04:02:26.225-0400: 46.364: [Full GC (Ergonomics) [PSYoungGen: 57812K->0K(174080K)] [ParOldGen: 487823K->290310K(524288K)] 545635K->290310K(698368K), [Metaspace: 43786K->43786K(1087488K)], 0.0482563 secs] [Times: user=0.40 sys=0.00, real=0.04 secs] 
2016-09-24T04:02:26.319-0400: 46.458: [GC (GCLocker Initiated GC) [PSYoungGen: 88064K->72221K(174592K)] 397462K->381619K(698880K), 0.0070799 secs] [Times: user=0.09 sys=0.00, real=0.01 secs] 
2016-09-24T04:02:26.369-0400: 46.507: [GC (GCLocker Initiated GC) [PSYoungGen: 160285K->59153K(174080K)] 475184K->398480K(698368K), 0.0070975 secs] [Times: user=0.11 sys=0.00, real=0.01 secs] 
2016-09-24T04:02:26.412-0400: 46.551: [GC (GCLocker Initiated GC) [PSYoungGen: 147729K->51105K(174592K)] 495369K->404744K(698880K), 0.0060880 secs] [Times: user=0.05 sys=0.00, real=0.01 secs] 
2016-09-24T04:02:26.463-0400: 46.602: [GC (GCLocker Initiated GC) [PSYoungGen: 139681K->43024K(175616K)] 498810K->430028K(699904K), 0.0072408 secs] [Times: user=0.06 sys=0.01, real=0.00 secs] 
2016-09-24T04:02:26.499-0400: 46.637: [GC (GCLocker Initiated GC) [PSYoungGen: 133136K->56584K(146944K)] 522939K->460645K(671232K), 0.0067467 secs] [Times: user=0.08 sys=0.01, real=0.01 secs] 
2016-09-24T04:02:26.538-0400: 46.677: [GC (GCLocker Initiated GC) [PSYoungGen: 146696K->78430K(171520K)] 553659K->501145K(695808K), 0.0083465 secs] [Times: user=0.09 sys=0.01, real=0.01 secs] 
2016-09-24T04:02:26.586-0400: 46.725: [GC (GCLocker Initiated GC) [PSYoungGen: 165982K->75854K(174592K)] 607830K->530848K(698880K), 0.0065308 secs] [Times: user=0.09 sys=0.00, real=0.00 secs] 
2016-09-24T04:02:26.637-0400: 46.776: [GC (GCLocker Initiated GC) [PSYoungGen: 163406K->64752K(175104K)] 621188K->533088K(699392K), 0.0061601 secs] [Times: user=0.08 sys=0.01, real=0.01 secs] 
2016-09-24T04:02:26.679-0400: 46.817: [GC (GCLocker Initiated GC) [PSYoungGen: 152816K->72928K(175104K)] 621345K->576074K(699392K), 0.0088448 secs] [Times: user=0.11 sys=0.00, real=0.01 secs] 
2016-09-24T04:02:26.688-0400: 46.826: [Full GC (Ergonomics) [PSYoungGen: 72928K->0K(175104K)] [ParOldGen: 503145K->293029K(524288K)] 576074K->293029K(699392K), [Metaspace: 43791K->43791K(1087488K)], 0.0525858 secs] [Times: user=0.51 sys=0.01, real=0.05 secs] 
2016-09-24T04:02:26.778-0400: 46.917: [GC (GCLocker Initiated GC) [PSYoungGen: 88064K->57324K(175104K)] 397416K->366676K(699392K), 0.0139820 secs] [Times: user=0.19 sys=0.01, real=0.01 secs] 
2016-09-24T04:02:26.829-0400: 46.968: [GC (GCLocker Initiated GC) [PSYoungGen: 145388K->71610K(175104K)] 460192K->394706K(699392K), 0.0061652 secs] [Times: user=0.09 sys=0.00, real=0.01 secs] 
2016-09-24T04:02:26.877-0400: 47.015: [GC (GCLocker Initiated GC) [PSYoungGen: 159674K->75747K(175104K)] 485568K->406637K(699392K), 0.0064318 secs] [Times: user=0.09 sys=0.00, real=0.01 secs] 
2016-09-24T04:02:26.930-0400: 47.069: [GC (GCLocker Initiated GC) [PSYoungGen: 163811K->48687K(175104K)] 497558K->395557K(699392K), 0.0093983 secs] [Times: user=0.11 sys=0.00, real=0.01 secs] 
2016-09-24T04:02:26.976-0400: 47.115: [GC (GCLocker Initiated GC) [PSYoungGen: 136751K->74282K(175104K)] 485223K->449377K(699392K), 0.0071181 secs] [Times: user=0.11 sys=0.00, real=0.01 secs] 
2016-09-24T04:02:27.017-0400: 47.155: [GC (GCLocker Initiated GC) [PSYoungGen: 162346K->64714K(175104K)] 542893K->467782K(699392K), 0.0067838 secs] [Times: user=0.08 sys=0.00, real=0.01 secs] 
2016-09-24T04:02:27.071-0400: 47.209: [GC (GCLocker Initiated GC) [PSYoungGen: 152778K->62412K(175104K)] 567363K->492686K(699392K), 0.0091571 secs] [Times: user=0.12 sys=0.00, real=0.01 secs] 
2016-09-24T04:02:27.119-0400: 47.257: [GC (GCLocker Initiated GC) [PSYoungGen: 150476K->65870K(154112K)] 580984K->517747K(678400K), 0.0076246 secs] [Times: user=0.09 sys=0.00, real=0.01 secs] 
2016-09-24T04:02:27.167-0400: 47.306: [GC (GCLocker Initiated GC) [PSYoungGen: 153934K->64977K(175616K)] 607686K->534173K(699904K), 0.0104333 secs] [Times: user=0.14 sys=0.00, real=0.01 secs] 
2016-09-24T04:02:27.217-0400: 47.356: [GC (GCLocker Initiated GC) [PSYoungGen: 154577K->51276K(174080K)] 626647K->543292K(698368K), 0.0064654 secs] [Times: user=0.05 sys=0.00, real=0.01 secs] 
2016-09-24T04:02:27.224-0400: 47.363: [Full GC (Ergonomics) [PSYoungGen: 51276K->0K(174080K)] [ParOldGen: 492016K->294309K(524288K)] 543292K->294309K(698368K), [Metaspace: 43791K->43791K(1087488K)], 0.0551679 secs] [Times: user=0.52 sys=0.00, real=0.05 secs] 
2016-09-24T04:02:27.317-0400: 47.456: [GC (GCLocker Initiated GC) [PSYoungGen: 89600K->81577K(172544K)] 392129K->384106K(696832K), 0.0065924 secs] [Times: user=0.08 sys=0.00, real=0.01 secs] 
2016-09-24T04:02:27.361-0400: 47.500: [GC (GCLocker Initiated GC) [PSYoungGen: 169641K->59256K(175104K)] 472200K->390242K(699392K), 0.0085589 secs] [Times: user=0.08 sys=0.00, real=0.01 secs] 
2016-09-24T04:02:27.416-0400: 47.555: [GC (GCLocker Initiated GC) [PSYoungGen: 147320K->48681K(175104K)] 485253K->402179K(699392K), 0.0071704 secs] [Times: user=0.07 sys=0.01, real=0.01 secs] 
2016-09-24T04:02:27.457-0400: 47.596: [GC (GCLocker Initiated GC) [PSYoungGen: 136745K->64864K(153088K)] 491714K->452034K(677376K), 0.0094655 secs] [Times: user=0.14 sys=0.01, real=0.01 secs] 
2016-09-24T04:02:27.500-0400: 47.638: [GC (GCLocker Initiated GC) [PSYoungGen: 152928K->66159K(175616K)] 540207K->486808K(699904K), 0.0087302 secs] [Times: user=0.12 sys=0.00, real=0.01 secs] 
2016-09-24T04:02:27.551-0400: 47.689: [GC (GCLocker Initiated GC) [PSYoungGen: 155247K->69014K(174592K)] 576016K->521724K(698880K), 0.0070762 secs] [Times: user=0.09 sys=0.01, real=0.01 secs] 
2016-09-24T04:02:27.598-0400: 47.737: [GC (GCLocker Initiated GC) [PSYoungGen: 158102K->51476K(175104K)] 613760K->528438K(699392K), 0.0073985 secs] [Times: user=0.09 sys=0.00, real=0.01 secs] 
2016-09-24T04:02:27.639-0400: 47.777: [GC (GCLocker Initiated GC) [PSYoungGen: 141588K->71665K(175104K)] 618963K->566170K(699392K), 0.0072112 secs] [Times: user=0.09 sys=0.00, real=0.01 secs] 
2016-09-24T04:02:27.646-0400: 47.785: [Full GC (Ergonomics) [PSYoungGen: 71665K->0K(175104K)] [ParOldGen: 494505K->302099K(524288K)] 566170K->302099K(699392K), [Metaspace: 43791K->43791K(1087488K)], 0.0637664 secs] [Times: user=0.52 sys=0.02, real=0.06 secs] 
2016-09-24T04:02:27.745-0400: 47.884: [GC (GCLocker Initiated GC) [PSYoungGen: 90112K->85539K(174592K)] 397866K->398693K(698880K), 0.0094987 secs] [Times: user=0.13 sys=0.01, real=0.01 secs] 
2016-09-24T04:02:27.804-0400: 47.942: [GC (GCLocker Initiated GC) [PSYoungGen: 173603K->59467K(175104K)] 489739K->409394K(699392K), 0.0071047 secs] [Times: user=0.10 sys=0.00, real=0.00 secs] 
2016-09-24T04:02:27.846-0400: 47.984: [GC (GCLocker Initiated GC) [PSYoungGen: 147531K->65985K(175104K)] 497508K->433143K(699392K), 0.0074517 secs] [Times: user=0.11 sys=0.00, real=0.00 secs] 
2016-09-24T04:02:27.894-0400: 48.033: [GC (GCLocker Initiated GC) [PSYoungGen: 154049K->70545K(175104K)] 529922K->460643K(699392K), 0.0074082 secs] [Times: user=0.07 sys=0.01, real=0.01 secs] 
2016-09-24T04:02:27.950-0400: 48.089: [GC (GCLocker Initiated GC) [PSYoungGen: 158609K->47083K(175104K)] 554184K->464064K(699392K), 0.0069118 secs] [Times: user=0.08 sys=0.00, real=0.01 secs] 
2016-09-24T04:02:27.984-0400: 48.122: [GC (GCLocker Initiated GC) [PSYoungGen: 135147K->73158K(175104K)] 552266K->503194K(699392K), 0.0072110 secs] [Times: user=0.08 sys=0.00, real=0.00 secs] 
2016-09-24T04:02:28.032-0400: 48.171: [GC (GCLocker Initiated GC) [PSYoungGen: 161222K->69883K(175104K)] 591386K->533583K(699392K), 0.0081458 secs] [Times: user=0.11 sys=0.00, real=0.01 secs] 
2016-09-24T04:02:28.072-0400: 48.211: [GC (GCLocker Initiated GC) [PSYoungGen: 157947K->50327K(175104K)] 627189K->553888K(699392K), 0.0105383 secs] [Times: user=0.10 sys=0.00, real=0.02 secs] 
2016-09-24T04:02:28.083-0400: 48.222: [Full GC (Ergonomics) [PSYoungGen: 50327K->0K(175104K)] [ParOldGen: 503561K->312568K(524288K)] 553888K->312568K(699392K), [Metaspace: 43792K->43792K(1087488K)], 0.0512892 secs] [Times: user=0.45 sys=0.01, real=0.05 secs] 
2016-09-24T04:02:28.177-0400: 48.316: [GC (GCLocker Initiated GC) [PSYoungGen: 88064K->67785K(175104K)] 406311K->386033K(699392K), 0.0108694 secs] [Times: user=0.17 sys=0.00, real=0.01 secs] 
2016-09-24T04:02:28.226-0400: 48.364: [GC (GCLocker Initiated GC) [PSYoungGen: 155849K->67721K(175104K)] 482316K->403467K(699392K), 0.0099436 secs] [Times: user=0.14 sys=0.00, real=0.01 secs] 
2016-09-24T04:02:28.272-0400: 48.411: [GC (GCLocker Initiated GC) [PSYoungGen: 155785K->62017K(172032K)] 501034K->431327K(696320K), 0.0089889 secs] [Times: user=0.10 sys=0.00, real=0.01 secs] 
2016-09-24T04:02:28.315-0400: 48.453: [GC (GCLocker Initiated GC) [PSYoungGen: 150081K->59324K(173568K)] 519443K->445825K(697856K), 0.0064801 secs] [Times: user=0.08 sys=0.00, real=0.00 secs] 
2016-09-24T04:02:28.360-0400: 48.499: [GC (GCLocker Initiated GC) [PSYoungGen: 147388K->81171K(172544K)] 536774K->488909K(696832K), 0.0084067 secs] [Times: user=0.12 sys=0.00, real=0.01 secs] 
2016-09-24T04:02:28.406-0400: 48.545: [GC (GCLocker Initiated GC) [PSYoungGen: 169235K->44755K(175104K)] 582444K->484624K(699392K), 0.0066364 secs] [Times: user=0.06 sys=0.00, real=0.00 secs] 
2016-09-24T04:02:28.454-0400: 48.592: [GC (GCLocker Initiated GC) [PSYoungGen: 132819K->64858K(175104K)] 573365K->514575K(699392K), 0.0070313 secs] [Times: user=0.10 sys=0.00, real=0.01 secs] 
2016-09-24T04:02:28.493-0400: 48.632: [GC (GCLocker Initiated GC) [PSYoungGen: 152922K->67809K(175104K)] 613663K->557804K(699392K), 0.0073082 secs] [Times: user=0.10 sys=0.00, real=0.01 secs] 
2016-09-24T04:02:28.501-0400: 48.639: [Full GC (Ergonomics) [PSYoungGen: 67809K->0K(175104K)] [ParOldGen: 489995K->320508K(524288K)] 557804K->320508K(699392K), [Metaspace: 43796K->43796K(1087488K)], 0.0453629 secs] [Times: user=0.41 sys=0.00, real=0.05 secs] 
2016-09-24T04:02:28.589-0400: 48.728: [GC (GCLocker Initiated GC) [PSYoungGen: 88064K->83990K(175104K)] 408833K->404760K(699392K), 0.0070859 secs] [Times: user=0.09 sys=0.01, real=0.01 secs] 
2016-09-24T04:02:28.631-0400: 48.770: [GC (GCLocker Initiated GC) [PSYoungGen: 172054K->77157K(175104K)] 492929K->411365K(699392K), 0.0074604 secs] [Times: user=0.11 sys=0.00, real=0.01 secs] 
2016-09-24T04:02:28.684-0400: 48.823: [GC (GCLocker Initiated GC) [PSYoungGen: 165221K->60664K(175104K)] 508986K->413458K(699392K), 0.0077689 secs] [Times: user=0.07 sys=0.00, real=0.00 secs] 
2016-09-24T04:02:28.731-0400: 48.869: [GC (GCLocker Initiated GC) [PSYoungGen: 148728K->60837K(175104K)] 507086K->445793K(699392K), 0.0071501 secs] [Times: user=0.08 sys=0.01, real=0.01 secs] 
2016-09-24T04:02:28.782-0400: 48.921: [GC (GCLocker Initiated GC) [PSYoungGen: 148901K->58225K(175104K)] 536703K->474010K(699392K), 0.0069945 secs] [Times: user=0.09 sys=0.01, real=0.01 secs] 
2016-09-24T04:02:28.831-0400: 48.970: [GC (GCLocker Initiated GC) [PSYoungGen: 146289K->58418K(175104K)] 571772K->502484K(699392K), 0.0062087 secs] [Times: user=0.09 sys=0.00, real=0.01 secs] 
2016-09-24T04:02:28.880-0400: 49.019: [GC (GCLocker Initiated GC) [PSYoungGen: 146482K->68875K(175104K)] 605472K->557461K(699392K), 0.0079306 secs] [Times: user=0.11 sys=0.00, real=0.01 secs] 
2016-09-24T04:02:28.888-0400: 49.027: [Full GC (Ergonomics) [PSYoungGen: 68875K->0K(175104K)] [ParOldGen: 488586K->319830K(524288K)] 557461K->319830K(699392K), [Metaspace: 43805K->43805K(1087488K)], 0.0501277 secs] [Times: user=0.46 sys=0.00, real=0.05 secs] 
2016-09-24T04:02:28.982-0400: 49.121: [GC (GCLocker Initiated GC) [PSYoungGen: 88064K->52807K(175104K)] 414704K->379448K(699392K), 0.0145065 secs] [Times: user=0.17 sys=0.00, real=0.01 secs] 
2016-09-24T04:02:29.026-0400: 49.165: [GC (GCLocker Initiated GC) [PSYoungGen: 140871K->80973K(175104K)] 467598K->415486K(699392K), 0.0074992 secs] [Times: user=0.10 sys=0.01, real=0.00 secs] 
2016-09-24T04:02:29.083-0400: 49.222: [GC (GCLocker Initiated GC) [PSYoungGen: 169037K->86691K(175104K)] 518499K->441055K(699392K), 0.0066853 secs] [Times: user=0.09 sys=0.01, real=0.00 secs] 
2016-09-24T04:02:29.133-0400: 49.272: [GC (GCLocker Initiated GC) [PSYoungGen: 174755K->64436K(175104K)] 529309K->445744K(699392K), 0.0069478 secs] [Times: user=0.10 sys=0.00, real=0.01 secs] 
2016-09-24T04:02:29.175-0400: 49.313: [GC (GCLocker Initiated GC) [PSYoungGen: 152500K->83871K(175104K)] 539314K->477985K(699392K), 0.0099620 secs] [Times: user=0.08 sys=0.00, real=0.01 secs] 
2016-09-24T04:02:29.235-0400: 49.374: [GC (GCLocker Initiated GC) [PSYoungGen: 171935K->40250K(175104K)] 572989K->463945K(699392K), 0.0076525 secs] [Times: user=0.08 sys=0.00, real=0.01 secs] 
2016-09-24T04:02:29.271-0400: 49.410: [GC (GCLocker Initiated GC) [PSYoungGen: 128314K->86174K(175104K)] 552109K->528424K(699392K), 0.0077231 secs] [Times: user=0.11 sys=0.01, real=0.01 secs] 
2016-09-24T04:02:29.321-0400: 49.460: [GC (GCLocker Initiated GC) [PSYoungGen: 174238K->45837K(175104K)] 626018K->537443K(699392K), 0.0071048 secs] [Times: user=0.11 sys=0.00, real=0.01 secs] 
2016-09-24T04:02:29.329-0400: 49.467: [Full GC (Ergonomics) [PSYoungGen: 45837K->0K(175104K)] [ParOldGen: 491605K->319609K(524288K)] 537443K->319609K(699392K), [Metaspace: 43805K->43805K(1087488K)], 0.0712604 secs] [Times: user=0.67 sys=0.01, real=0.07 secs] 
2016-09-24T04:02:29.445-0400: 49.584: [GC (GCLocker Initiated GC) [PSYoungGen: 88064K->57111K(175104K)] 417210K->386258K(699392K), 0.0064368 secs] [Times: user=0.09 sys=0.00, real=0.00 secs] 
2016-09-24T04:02:29.488-0400: 49.627: [GC (GCLocker Initiated GC) [PSYoungGen: 145175K->75589K(175104K)] 477206K->431883K(699392K), 0.0081768 secs] [Times: user=0.13 sys=0.00, real=0.01 secs] 
2016-09-24T04:02:29.535-0400: 49.674: [GC (GCLocker Initiated GC) [PSYoungGen: 163653K->70232K(175104K)] 522665K->449039K(699392K), 0.0068327 secs] [Times: user=0.10 sys=0.00, real=0.01 secs] 
2016-09-24T04:02:29.579-0400: 49.718: [GC (GCLocker Initiated GC) [PSYoungGen: 158296K->78390K(175104K)] 542588K->475722K(699392K), 0.0073712 secs] [Times: user=0.11 sys=0.00, real=0.01 secs] 
2016-09-24T04:02:29.627-0400: 49.766: [GC (GCLocker Initiated GC) [PSYoungGen: 166454K->58378K(175104K)] 563878K->489206K(699392K), 0.0076723 secs] [Times: user=0.12 sys=0.00, real=0.01 secs] 
2016-09-24T04:02:29.665-0400: 49.804: [GC (GCLocker Initiated GC) [PSYoungGen: 146442K->75497K(175104K)] 580062K->521021K(699392K), 0.0071722 secs] [Times: user=0.09 sys=0.00, real=0.00 secs] 
2016-09-24T04:02:29.723-0400: 49.862: [GC (GCLocker Initiated GC) [PSYoungGen: 163561K->54286K(175104K)] 615887K->520878K(699392K), 0.0067159 secs] [Times: user=0.09 sys=0.00, real=0.00 secs] 
2016-09-24T04:02:29.768-0400: 49.906: [GC (GCLocker Initiated GC) [PSYoungGen: 142350K->59144K(175104K)] 611742K->544515K(699392K), 0.0089225 secs] [Times: user=0.08 sys=0.00, real=0.01 secs] 
2016-09-24T04:02:29.777-0400: 49.915: [Full GC (Ergonomics) [PSYoungGen: 59144K->0K(175104K)] [ParOldGen: 485370K->324561K(524288K)] 544515K->324561K(699392K), [Metaspace: 43805K->43805K(1087488K)], 0.0576503 secs] [Times: user=0.52 sys=0.00, real=0.06 secs] 
2016-09-24T04:02:29.867-0400: 50.006: [GC (GCLocker Initiated GC) [PSYoungGen: 88064K->81547K(175104K)] 415432K->408916K(699392K), 0.0069561 secs] [Times: user=0.10 sys=0.01, real=0.01 secs] 
2016-09-24T04:02:29.915-0400: 50.053: [GC (GCLocker Initiated GC) [PSYoungGen: 169611K->58408K(175104K)] 502416K->426432K(699392K), 0.0096429 secs] [Times: user=0.09 sys=0.00, real=0.01 secs] 
2016-09-24T04:02:29.964-0400: 50.102: [GC (GCLocker Initiated GC) [PSYoungGen: 146472K->59462K(175104K)] 517347K->440926K(699392K), 0.0072410 secs] [Times: user=0.09 sys=0.00, real=0.00 secs] 
2016-09-24T04:02:30.011-0400: 50.150: [GC (GCLocker Initiated GC) [PSYoungGen: 147526K->47130K(175104K)] 537334K->452720K(699392K), 0.0066220 secs] [Times: user=0.07 sys=0.00, real=0.01 secs] 
2016-09-24T04:02:30.055-0400: 50.194: [GC (GCLocker Initiated GC) [PSYoungGen: 135194K->79718K(175104K)] 542734K->505731K(699392K), 0.0092578 secs] [Times: user=0.10 sys=0.00, real=0.01 secs] 
2016-09-24T04:02:30.106-0400: 50.245: [GC (GCLocker Initiated GC) [PSYoungGen: 167782K->68855K(175104K)] 599497K->516354K(699392K), 0.0078571 secs] [Times: user=0.08 sys=0.01, real=0.00 secs] 
2016-09-24T04:02:30.152-0400: 50.291: [GC (GCLocker Initiated GC) [PSYoungGen: 156919K->67478K(175104K)] 609888K->532098K(699392K), 0.0077503 secs] [Times: user=0.11 sys=0.00, real=0.01 secs] 
2016-09-24T04:02:30.196-0400: 50.334: [GC (GCLocker Initiated GC) [PSYoungGen: 155542K->67403K(175104K)] 623094K->568203K(699392K), 0.0080493 secs] [Times: user=0.13 sys=0.00, real=0.01 secs] 
2016-09-24T04:02:30.204-0400: 50.342: [Full GC (Ergonomics) [PSYoungGen: 67403K->0K(175104K)] [ParOldGen: 500800K->335212K(524288K)] 568203K->335212K(699392K), [Metaspace: 43805K->43805K(1087488K)], 0.0537266 secs] [Times: user=0.53 sys=0.00, real=0.05 secs] 
2016-09-24T04:02:30.299-0400: 50.437: [GC (GCLocker Initiated GC) [PSYoungGen: 88064K->73813K(175104K)] 423616K->409366K(699392K), 0.0067777 secs] [Times: user=0.08 sys=0.00, real=0.01 secs] 
2016-09-24T04:02:30.352-0400: 50.491: [GC (GCLocker Initiated GC) [PSYoungGen: 161877K->66365K(175104K)] 507111K->421334K(699392K), 0.0065350 secs] [Times: user=0.09 sys=0.01, real=0.01 secs] 
2016-09-24T04:02:30.394-0400: 50.532: [GC (GCLocker Initiated GC) [PSYoungGen: 154429K->74045K(175104K)] 514959K->445138K(699392K), 0.0072096 secs] [Times: user=0.12 sys=0.00, real=0.01 secs] 
2016-09-24T04:02:30.440-0400: 50.578: [GC (GCLocker Initiated GC) [PSYoungGen: 162109K->68986K(175104K)] 534623K->459792K(699392K), 0.0073177 secs] [Times: user=0.11 sys=0.00, real=0.01 secs] 
2016-09-24T04:02:30.486-0400: 50.624: [GC (GCLocker Initiated GC) [PSYoungGen: 157050K->47464K(175104K)] 547927K->475838K(699392K), 0.0078139 secs] [Times: user=0.08 sys=0.00, real=0.00 secs] 
2016-09-24T04:02:30.531-0400: 50.670: [GC (GCLocker Initiated GC) [PSYoungGen: 135528K->65190K(175104K)] 569338K->539311K(699392K), 0.0088741 secs] [Times: user=0.14 sys=0.00, real=0.01 secs] 
2016-09-24T04:02:30.575-0400: 50.713: [Full GC (Ergonomics) [PSYoungGen: 153254K->0K(175104K)] [ParOldGen: 475057K->336469K(524288K)] 628312K->336469K(699392K), [Metaspace: 43805K->43805K(1087488K)], 0.0569718 secs] [Times: user=0.49 sys=0.00, real=0.05 secs] 
2016-09-24T04:02:30.673-0400: 50.812: [GC (GCLocker Initiated GC) [PSYoungGen: 88064K->71761K(175104K)] 424617K->408315K(699392K), 0.0080012 secs] [Times: user=0.10 sys=0.00, real=0.01 secs] 
2016-09-24T04:02:30.717-0400: 50.855: [GC (GCLocker Initiated GC) [PSYoungGen: 159825K->75778K(175104K)] 496552K->414968K(699392K), 0.0082934 secs] [Times: user=0.07 sys=0.00, real=0.01 secs] 
2016-09-24T04:02:30.768-0400: 50.907: [GC (GCLocker Initiated GC) [PSYoungGen: 163842K->34795K(175104K)] 507171K->410294K(699392K), 0.0085274 secs] [Times: user=0.09 sys=0.00, real=0.01 secs] 
2016-09-24T04:02:30.810-0400: 50.948: [GC (GCLocker Initiated GC) [PSYoungGen: 122859K->86864K(175104K)] 505174K->488885K(699392K), 0.0088092 secs] [Times: user=0.13 sys=0.00, real=0.01 secs] 
2016-09-24T04:02:30.871-0400: 51.009: [GC (GCLocker Initiated GC) [PSYoungGen: 174928K->55189K(175104K)] 579896K->487097K(699392K), 0.0067432 secs] [Times: user=0.09 sys=0.00, real=0.01 secs] 
2016-09-24T04:02:30.907-0400: 51.046: [GC (GCLocker Initiated GC) [PSYoungGen: 143253K->73246K(175104K)] 578046K->515478K(699392K), 0.0083130 secs] [Times: user=0.10 sys=0.00, real=0.01 secs] 
2016-09-24T04:02:30.962-0400: 51.101: [GC (GCLocker Initiated GC) [PSYoungGen: 161310K->52484K(175104K)] 606363K->524288K(699392K), 0.0084735 secs] [Times: user=0.10 sys=0.00, real=0.00 secs] 
2016-09-24T04:02:31.014-0400: 51.153: [GC (GCLocker Initiated GC) [PSYoungGen: 140548K->47242K(175104K)] 612511K->540315K(699392K), 0.0062094 secs] [Times: user=0.06 sys=0.01, real=0.00 secs] 
2016-09-24T04:02:31.021-0400: 51.160: [Full GC (Ergonomics) [PSYoungGen: 47242K->0K(175104K)] [ParOldGen: 493073K->337566K(524288K)] 540315K->337566K(699392K), [Metaspace: 43805K->43805K(1087488K)], 0.0587442 secs] [Times: user=0.53 sys=0.01, real=0.06 secs] 
2016-09-24T04:02:31.122-0400: 51.260: [GC (GCLocker Initiated GC) [PSYoungGen: 88064K->77859K(175104K)] 432446K->422241K(699392K), 0.0097342 secs] [Times: user=0.11 sys=0.03, real=0.01 secs] 
2016-09-24T04:02:31.183-0400: 51.322: [GC (GCLocker Initiated GC) [PSYoungGen: 165923K->32484K(175104K)] 517150K->408472K(699392K), 0.0058642 secs] [Times: user=0.07 sys=0.00, real=0.00 secs] 
2016-09-24T04:02:31.222-0400: 51.361: [GC (GCLocker Initiated GC) [PSYoungGen: 120548K->85235K(175104K)] 502113K->482652K(699392K), 0.0080287 secs] [Times: user=0.14 sys=0.00, real=0.00 secs] 
2016-09-24T04:02:31.281-0400: 51.420: [GC (GCLocker Initiated GC) [PSYoungGen: 173299K->44451K(175104K)] 580225K->505126K(699392K), 0.0077047 secs] [Times: user=0.12 sys=0.01, real=0.01 secs] 
2016-09-24T04:02:31.328-0400: 51.466: [GC (GCLocker Initiated GC) [PSYoungGen: 132515K->59600K(175104K)] 596055K->549545K(699392K), 0.0085655 secs] [Times: user=0.10 sys=0.01, real=0.01 secs] 
2016-09-24T04:02:31.337-0400: 51.475: [Full GC (Ergonomics) [PSYoungGen: 59600K->0K(175104K)] [ParOldGen: 489945K->316406K(524288K)] 549545K->316406K(699392K), [Metaspace: 43806K->43806K(1087488K)], 0.1023362 secs] [Times: user=1.29 sys=0.00, real=0.10 secs] 
2016-09-24T04:02:31.481-0400: 51.619: [GC (GCLocker Initiated GC) [PSYoungGen: 88064K->78982K(175104K)] 407329K->398247K(699392K), 0.0089345 secs] [Times: user=0.11 sys=0.00, real=0.01 secs] 
2016-09-24T04:02:31.530-0400: 51.669: [GC (GCLocker Initiated GC) [PSYoungGen: 167046K->58193K(175104K)] 489095K->412884K(699392K), 0.0078692 secs] [Times: user=0.10 sys=0.01, real=0.01 secs] 
2016-09-24T04:02:31.570-0400: 51.709: [GC (GCLocker Initiated GC) [PSYoungGen: 146257K->70359K(175104K)] 506584K->445201K(699392K), 0.0081679 secs] [Times: user=0.08 sys=0.00, real=0.01 secs] 
2016-09-24T04:02:31.620-0400: 51.758: [GC (GCLocker Initiated GC) [PSYoungGen: 158423K->56593K(175104K)] 540074K->467628K(699392K), 0.0074669 secs] [Times: user=0.12 sys=0.00, real=0.01 secs] 
2016-09-24T04:02:31.661-0400: 51.800: [GC (GCLocker Initiated GC) [PSYoungGen: 144657K->80966K(175104K)] 555830K->505112K(699392K), 0.0086074 secs] [Times: user=0.12 sys=0.00, real=0.01 secs] 
2016-09-24T04:02:31.709-0400: 51.848: [GC (GCLocker Initiated GC) [PSYoungGen: 169030K->59622K(175104K)] 600078K->517224K(699392K), 0.0089566 secs] [Times: user=0.15 sys=0.00, real=0.01 secs] 
2016-09-24T04:02:31.766-0400: 51.904: [GC (GCLocker Initiated GC) [PSYoungGen: 147685K->59726K(175104K)] 613636K->540254K(699392K), 0.0069295 secs] [Times: user=0.11 sys=0.00, real=0.00 secs] 
2016-09-24T04:02:31.773-0400: 51.911: [Full GC (Ergonomics) [PSYoungGen: 59726K->0K(175104K)] [ParOldGen: 480527K->321061K(524288K)] 540254K->321061K(699392K), [Metaspace: 43807K->43807K(1087488K)], 0.0607699 secs] [Times: user=0.62 sys=0.01, real=0.06 secs] 
2016-09-24T04:02:31.869-0400: 52.007: [GC (GCLocker Initiated GC) [PSYoungGen: 88064K->80086K(175104K)] 409277K->401300K(699392K), 0.0073486 secs] [Times: user=0.11 sys=0.00, real=0.01 secs] 
2016-09-24T04:02:31.922-0400: 52.061: [GC (GCLocker Initiated GC) [PSYoungGen: 168150K->64865K(175104K)] 500830K->421637K(699392K), 0.0073833 secs] [Times: user=0.09 sys=0.01, real=0.01 secs] 
2016-09-24T04:02:31.975-0400: 52.113: [GC (GCLocker Initiated GC) [PSYoungGen: 152929K->43305K(175104K)] 524733K->448484K(699392K), 0.0068719 secs] [Times: user=0.09 sys=0.01, real=0.00 secs] 
2016-09-24T04:02:32.026-0400: 52.165: [GC (GCLocker Initiated GC) [PSYoungGen: 131369K->66425K(175104K)] 548845K->495700K(699392K), 0.0072604 secs] [Times: user=0.10 sys=0.00, real=0.00 secs] 
2016-09-24T04:02:32.071-0400: 52.209: [GC (GCLocker Initiated GC) [PSYoungGen: 154489K->59259K(175104K)] 583825K->520763K(699392K), 0.0073272 secs] [Times: user=0.11 sys=0.00, real=0.01 secs] 
2016-09-24T04:02:32.112-0400: 52.250: [GC (GCLocker Initiated GC) [PSYoungGen: 147323K->62280K(175104K)] 608935K->550320K(699392K), 0.0070989 secs] [Times: user=0.11 sys=0.00, real=0.01 secs] 
2016-09-24T04:02:32.119-0400: 52.258: [Full GC (Ergonomics) [PSYoungGen: 62280K->0K(175104K)] [ParOldGen: 488039K->325194K(524288K)] 550320K->325194K(699392K), [Metaspace: 43807K->43807K(1087488K)], 0.0566687 secs] [Times: user=0.56 sys=0.00, real=0.06 secs] 
2016-09-24T04:02:32.218-0400: 52.357: [GC (GCLocker Initiated GC) [PSYoungGen: 88064K->78882K(175104K)] 421524K->412342K(699392K), 0.0072190 secs] [Times: user=0.10 sys=0.01, real=0.01 secs] 
2016-09-24T04:02:32.261-0400: 52.400: [GC (GCLocker Initiated GC) [PSYoungGen: 166946K->72986K(175104K)] 500571K->427007K(699392K), 0.0082289 secs] [Times: user=0.13 sys=0.00, real=0.01 secs] 
2016-09-24T04:02:32.314-0400: 52.452: [GC (GCLocker Initiated GC) [PSYoungGen: 161050K->32374K(175104K)] 519253K->426617K(699392K), 0.0080072 secs] [Times: user=0.08 sys=0.00, real=0.01 secs] 
2016-09-24T04:02:32.355-0400: 52.493: [GC (GCLocker Initiated GC) [PSYoungGen: 120438K->71807K(175104K)] 521616K->497035K(699392K), 0.0084502 secs] [Times: user=0.12 sys=0.01, real=0.01 secs] 
2016-09-24T04:02:32.405-0400: 52.544: [GC (GCLocker Initiated GC) [PSYoungGen: 159871K->75645K(175104K)] 589249K->520980K(699392K), 0.0082318 secs] [Times: user=0.12 sys=0.00, real=0.00 secs] 
2016-09-24T04:02:32.449-0400: 52.588: [GC (GCLocker Initiated GC) [PSYoungGen: 163709K->64897K(175104K)] 611889K->527508K(699392K), 0.0079599 secs] [Times: user=0.09 sys=0.00, real=0.01 secs] 
2016-09-24T04:02:32.497-0400: 52.635: [GC (GCLocker Initiated GC) [PSYoungGen: 152961K->62076K(175104K)] 619675K->551372K(699392K), 0.0072595 secs] [Times: user=0.11 sys=0.00, real=0.01 secs] 
2016-09-24T04:02:32.504-0400: 52.643: [Full GC (Ergonomics) [PSYoungGen: 62076K->0K(175104K)] [ParOldGen: 489296K->324281K(524288K)] 551372K->324281K(699392K), [Metaspace: 43807K->43807K(1087488K)], 0.0527809 secs] [Times: user=0.47 sys=0.01, real=0.05 secs] 
2016-09-24T04:02:32.591-0400: 52.730: [GC (GCLocker Initiated GC) [PSYoungGen: 88064K->81458K(175104K)] 412462K->405857K(699392K), 0.0075235 secs] [Times: user=0.11 sys=0.00, real=0.01 secs] 
2016-09-24T04:02:32.645-0400: 52.783: [GC (GCLocker Initiated GC) [PSYoungGen: 169522K->48743K(175104K)] 498162K->417910K(699392K), 0.0082467 secs] [Times: user=0.11 sys=0.00, real=0.00 secs] 
2016-09-24T04:02:32.689-0400: 52.827: [GC (GCLocker Initiated GC) [PSYoungGen: 136807K->65027K(175104K)] 506068K->455579K(699392K), 0.0076829 secs] [Times: user=0.11 sys=0.01, real=0.01 secs] 
2016-09-24T04:02:32.737-0400: 52.876: [GC (GCLocker Initiated GC) [PSYoungGen: 153091K->46232K(175104K)] 546384K->474412K(699392K), 0.0087475 secs] [Times: user=0.11 sys=0.00, real=0.01 secs] 
2016-09-24T04:02:32.786-0400: 52.925: [GC (GCLocker Initiated GC) [PSYoungGen: 134296K->78527K(175104K)] 565417K->527094K(699392K), 0.0090250 secs] [Times: user=0.10 sys=0.01, real=0.01 secs] 
2016-09-24T04:02:32.839-0400: 52.978: [GC (GCLocker Initiated GC) [PSYoungGen: 166591K->43225K(175104K)] 620825K->540382K(699392K), 0.0085653 secs] [Times: user=0.10 sys=0.01, real=0.01 secs] 
2016-09-24T04:02:32.848-0400: 52.987: [Full GC (Ergonomics) [PSYoungGen: 43225K->0K(175104K)] [ParOldGen: 497156K->325380K(524288K)] 540382K->325380K(699392K), [Metaspace: 43807K->43807K(1087488K)], 0.0700278 secs] [Times: user=0.56 sys=0.02, real=0.07 secs] 
2016-09-24T04:02:32.952-0400: 53.091: [GC (GCLocker Initiated GC) [PSYoungGen: 88064K->70785K(175104K)] 420290K->403012K(699392K), 0.0215195 secs] [Times: user=0.24 sys=0.00, real=0.02 secs] 
2016-09-24T04:02:33.022-0400: 53.161: [GC (GCLocker Initiated GC) [PSYoungGen: 158849K->45924K(175104K)] 496610K->414976K(699392K), 0.0076342 secs] [Times: user=0.09 sys=0.00, real=0.00 secs] 
2016-09-24T04:02:33.065-0400: 53.204: [GC (GCLocker Initiated GC) [PSYoungGen: 133988K->58282K(175104K)] 512610K->444465K(699392K), 0.0097723 secs] [Times: user=0.10 sys=0.00, real=0.01 secs] 
2016-09-24T04:02:33.113-0400: 53.252: [GC (GCLocker Initiated GC) [PSYoungGen: 146346K->55178K(175104K)] 537938K->458852K(699392K), 0.0067955 secs] [Times: user=0.07 sys=0.00, real=0.01 secs] 
2016-09-24T04:02:33.159-0400: 53.298: [GC (GCLocker Initiated GC) [PSYoungGen: 143242K->67753K(175104K)] 553770K->488545K(699392K), 0.0089041 secs] [Times: user=0.13 sys=0.00, real=0.01 secs] 
2016-09-24T04:02:33.199-0400: 53.338: [GC (GCLocker Initiated GC) [PSYoungGen: 155817K->77098K(175104K)] 576713K->507193K(699392K), 0.0075539 secs] [Times: user=0.10 sys=0.01, real=0.01 secs] 
2016-09-24T04:02:33.254-0400: 53.393: [GC (GCLocker Initiated GC) [PSYoungGen: 165162K->35274K(175104K)] 600798K->496148K(699392K), 0.0074455 secs] [Times: user=0.06 sys=0.01, real=0.01 secs] 
2016-09-24T04:02:33.302-0400: 53.441: [GC (GCLocker Initiated GC) [PSYoungGen: 123338K->53749K(175104K)] 587001K->542800K(699392K), 0.0085017 secs] [Times: user=0.11 sys=0.00, real=0.01 secs] 
2016-09-24T04:02:33.311-0400: 53.449: [Full GC (Ergonomics) [PSYoungGen: 53749K->0K(175104K)] [ParOldGen: 489051K->330673K(524288K)] 542800K->330673K(699392K), [Metaspace: 43807K->43807K(1087488K)], 0.0546936 secs] [Times: user=0.52 sys=0.01, real=0.06 secs] 
2016-09-24T04:02:33.396-0400: 53.535: [GC (GCLocker Initiated GC) [PSYoungGen: 88064K->85863K(175104K)] 421897K->419697K(699392K), 0.0098550 secs] [Times: user=0.15 sys=0.00, real=0.01 secs] 
2016-09-24T04:02:33.445-0400: 53.584: [GC (GCLocker Initiated GC) [PSYoungGen: 173927K->75734K(175104K)] 513280K->445108K(699392K), 0.0081232 secs] [Times: user=0.11 sys=0.00, real=0.00 secs] 
2016-09-24T04:02:33.491-0400: 53.629: [GC (GCLocker Initiated GC) [PSYoungGen: 163798K->68970K(175104K)] 533331K->474640K(699392K), 0.0095297 secs] [Times: user=0.12 sys=0.00, real=0.01 secs] 
2016-09-24T04:02:33.536-0400: 53.674: [GC (GCLocker Initiated GC) [PSYoungGen: 157034K->57020K(175104K)] 562806K->492108K(699392K), 0.0076592 secs] [Times: user=0.11 sys=0.00, real=0.01 secs] 
2016-09-24T04:02:33.589-0400: 53.727: [GC (GCLocker Initiated GC) [PSYoungGen: 145084K->63699K(175104K)] 588355K->523047K(699392K), 0.0080031 secs] [Times: user=0.11 sys=0.00, real=0.01 secs] 
2016-09-24T04:02:33.624-0400: 53.762: [GC (GCLocker Initiated GC) [PSYoungGen: 151763K->68815K(175104K)] 611274K->541547K(699392K), 0.0158434 secs] [Times: user=0.19 sys=0.00, real=0.01 secs] 
2016-09-24T04:02:33.689-0400: 53.828: [Full GC (Ergonomics) [PSYoungGen: 156879K->0K(175104K)] [ParOldGen: 483800K->348913K(524288K)] 640680K->348913K(699392K), [Metaspace: 43807K->43807K(1087488K)], 0.0536776 secs] [Times: user=0.46 sys=0.00, real=0.06 secs] 
2016-09-24T04:02:33.787-0400: 53.926: [GC (GCLocker Initiated GC) [PSYoungGen: 88064K->66804K(175104K)] 446575K->425315K(699392K), 0.0072053 secs] [Times: user=0.10 sys=0.00, real=0.01 secs] 
2016-09-24T04:02:33.826-0400: 53.964: [GC (GCLocker Initiated GC) [PSYoungGen: 154868K->83886K(175104K)] 516335K->457641K(699392K), 0.0076744 secs] [Times: user=0.11 sys=0.00, real=0.00 secs] 
2016-09-24T04:02:33.874-0400: 54.012: [GC (GCLocker Initiated GC) [PSYoungGen: 171950K->59381K(175104K)] 551229K->465342K(699392K), 0.0088019 secs] [Times: user=0.14 sys=0.00, real=0.02 secs] 
2016-09-24T04:02:33.920-0400: 54.059: [GC (GCLocker Initiated GC) [PSYoungGen: 147445K->69183K(175104K)] 558931K->493698K(699392K), 0.0072689 secs] [Times: user=0.11 sys=0.00, real=0.01 secs] 
2016-09-24T04:02:33.971-0400: 54.109: [GC (Allocation Failure) [PSYoungGen: 157247K->63773K(175104K)] 587380K->523503K(699392K), 0.0085824 secs] [Times: user=0.10 sys=0.01, real=0.01 secs] 
2016-09-24T04:02:34.022-0400: 54.161: [GC (GCLocker Initiated GC) [PSYoungGen: 151835K->44557K(175104K)] 611569K->514846K(699392K), 0.0073204 secs] [Times: user=0.07 sys=0.01, real=0.00 secs] 
2016-09-24T04:02:34.055-0400: 54.194: [GC (GCLocker Initiated GC) [PSYoungGen: 132621K->79666K(175104K)] 608405K->575315K(699392K), 0.0085357 secs] [Times: user=0.13 sys=0.00, real=0.01 secs] 
2016-09-24T04:02:34.064-0400: 54.203: [Full GC (Ergonomics) [PSYoungGen: 79666K->0K(175104K)] [ParOldGen: 495649K->356306K(524288K)] 575315K->356306K(699392K), [Metaspace: 43807K->43807K(1087488K)], 0.0501901 secs] [Times: user=0.47 sys=0.00, real=0.05 secs] 
2016-09-24T04:02:34.159-0400: 54.298: [GC (GCLocker Initiated GC) [PSYoungGen: 88064K->69562K(175104K)] 452625K->434124K(699392K), 0.0081361 secs] [Times: user=0.09 sys=0.00, real=0.01 secs] 
2016-09-24T04:02:34.201-0400: 54.339: [GC (GCLocker Initiated GC) [PSYoungGen: 157626K->51261K(175104K)] 525103K->435178K(699392K), 0.0084647 secs] [Times: user=0.10 sys=0.00, real=0.01 secs] 
2016-09-24T04:02:34.245-0400: 54.384: [GC (GCLocker Initiated GC) [PSYoungGen: 139325K->75591K(175104K)] 528752K->479433K(699392K), 0.0075897 secs] [Times: user=0.10 sys=0.00, real=0.00 secs] 
2016-09-24T04:02:34.299-0400: 54.438: [GC (GCLocker Initiated GC) [PSYoungGen: 163655K->52712K(175104K)] 571176K->473192K(699392K), 0.0067493 secs] [Times: user=0.08 sys=0.00, real=0.01 secs] 
2016-09-24T04:02:34.337-0400: 54.475: [GC (GCLocker Initiated GC) [PSYoungGen: 140776K->85031K(175104K)] 561344K->536276K(699392K), 0.0090852 secs] [Times: user=0.13 sys=0.00, real=0.01 secs] 
2016-09-24T04:02:34.387-0400: 54.526: [GC (GCLocker Initiated GC) [PSYoungGen: 173095K->67612K(175104K)] 624714K->557938K(699392K), 0.0091983 secs] [Times: user=0.14 sys=0.00, real=0.01 secs] 
2016-09-24T04:02:34.396-0400: 54.535: [Full GC (Ergonomics) [PSYoungGen: 67612K->0K(175104K)] [ParOldGen: 490326K->354570K(524288K)] 557938K->354570K(699392K), [Metaspace: 43807K->43807K(1087488K)], 0.0567989 secs] [Times: user=0.55 sys=0.01, real=0.05 secs] 
2016-09-24T04:02:34.487-0400: 54.625: [GC (GCLocker Initiated GC) [PSYoungGen: 88064K->69357K(175104K)] 448221K->429515K(699392K), 0.0069300 secs] [Times: user=0.08 sys=0.00, real=0.00 secs] 
2016-09-24T04:02:34.538-0400: 54.677: [GC (GCLocker Initiated GC) [PSYoungGen: 157421K->66329K(175104K)] 520424K->453667K(699392K), 0.0085338 secs] [Times: user=0.14 sys=0.00, real=0.01 secs] 
2016-09-24T04:02:34.585-0400: 54.723: [GC (GCLocker Initiated GC) [PSYoungGen: 154393K->82706K(175104K)] 544737K->480849K(699392K), 0.0080061 secs] [Times: user=0.12 sys=0.00, real=0.00 secs] 
2016-09-24T04:02:34.634-0400: 54.773: [GC (GCLocker Initiated GC) [PSYoungGen: 170770K->75501K(175104K)] 573112K->500637K(699392K), 0.0084716 secs] [Times: user=0.12 sys=0.00, real=0.02 secs] 
2016-09-24T04:02:34.683-0400: 54.822: [GC (GCLocker Initiated GC) [PSYoungGen: 163565K->68622K(175104K)] 588741K->510757K(699392K), 0.0074954 secs] [Times: user=0.10 sys=0.00, real=0.00 secs] 
2016-09-24T04:02:34.722-0400: 54.860: [GC (GCLocker Initiated GC) [PSYoungGen: 156686K->77246K(175104K)] 602942K->539042K(699392K), 0.0081086 secs] [Times: user=0.12 sys=0.00, real=0.01 secs] 
2016-09-24T04:02:34.777-0400: 54.916: [GC (GCLocker Initiated GC) [PSYoungGen: 165310K->65193K(175104K)] 642087K->561976K(699392K), 0.0102475 secs] [Times: user=0.11 sys=0.00, real=0.01 secs] 
2016-09-24T04:02:34.788-0400: 54.926: [Full GC (Ergonomics) [PSYoungGen: 65193K->0K(175104K)] [ParOldGen: 496783K->353734K(524288K)] 561976K->353734K(699392K), [Metaspace: 43807K->43807K(1087488K)], 0.0680581 secs] [Times: user=0.60 sys=0.01, real=0.07 secs] 
2016-09-24T04:02:34.889-0400: 55.028: [GC (GCLocker Initiated GC) [PSYoungGen: 88064K->82783K(175104K)] 445999K->440718K(699392K), 0.0069707 secs] [Times: user=0.09 sys=0.00, real=0.01 secs] 
2016-09-24T04:02:34.938-0400: 55.077: [GC (GCLocker Initiated GC) [PSYoungGen: 170847K->86346K(175104K)] 538408K->476858K(699392K), 0.0084545 secs] [Times: user=0.12 sys=0.00, real=0.01 secs] 
2016-09-24T04:02:34.993-0400: 55.132: [GC (GCLocker Initiated GC) [PSYoungGen: 174410K->43083K(175104K)] 571783K->470976K(699392K), 0.0071009 secs] [Times: user=0.08 sys=0.00, real=0.01 secs] 
2016-09-24T04:02:35.033-0400: 55.172: [GC (GCLocker Initiated GC) [PSYoungGen: 131147K->58200K(175104K)] 561881K->511340K(699392K), 0.0109065 secs] [Times: user=0.10 sys=0.00, real=0.02 secs] 
2016-09-24T04:02:35.083-0400: 55.222: [GC (GCLocker Initiated GC) [PSYoungGen: 146264K->74415K(175104K)] 599954K->542737K(699392K), 0.0088540 secs] [Times: user=0.10 sys=0.00, real=0.00 secs] 
2016-09-24T04:02:35.133-0400: 55.271: [GC (GCLocker Initiated GC) [PSYoungGen: 162479K->48599K(175104K)] 630921K->532962K(699392K), 0.0079161 secs] [Times: user=0.07 sys=0.00, real=0.01 secs] 
2016-09-24T04:02:35.187-0400: 55.325: [Full GC (Ergonomics) [PSYoungGen: 136663K->0K(175104K)] [ParOldGen: 495250K->355544K(524288K)] 631913K->355544K(699392K), [Metaspace: 43807K->43807K(1087488K)], 0.0588561 secs] [Times: user=0.51 sys=0.00, real=0.06 secs] 
2016-09-24T04:02:35.287-0400: 55.425: [GC (GCLocker Initiated GC) [PSYoungGen: 88064K->67833K(175104K)] 443668K->423437K(699392K), 0.0071782 secs] [Times: user=0.08 sys=0.00, real=0.00 secs] 
2016-09-24T04:02:35.335-0400: 55.473: [GC (GCLocker Initiated GC) [PSYoungGen: 155897K->59648K(175104K)] 513057K->451781K(699392K), 0.0083244 secs] [Times: user=0.11 sys=0.00, real=0.01 secs] 
2016-09-24T04:02:35.382-0400: 55.521: [GC (GCLocker Initiated GC) [PSYoungGen: 147712K->67793K(175104K)] 540062K->478839K(699392K), 0.0084979 secs] [Times: user=0.11 sys=0.01, real=0.00 secs] 
2016-09-24T04:02:35.435-0400: 55.573: [GC (GCLocker Initiated GC) [PSYoungGen: 155857K->56655K(175104K)] 566931K->482432K(699392K), 0.0068509 secs] [Times: user=0.07 sys=0.00, real=0.00 secs] 
2016-09-24T04:02:35.481-0400: 55.620: [GC (GCLocker Initiated GC) [PSYoungGen: 144719K->58068K(175104K)] 570539K->501081K(699392K), 0.0080698 secs] [Times: user=0.08 sys=0.00, real=0.01 secs] 
2016-09-24T04:02:35.531-0400: 55.670: [GC (GCLocker Initiated GC) [PSYoungGen: 146132K->37934K(175104K)] 594636K->509090K(699392K), 0.0103893 secs] [Times: user=0.12 sys=0.00, real=0.01 secs] 
2016-09-24T04:02:35.600-0400: 55.739: [GC (GCLocker Initiated GC) [PSYoungGen: 125998K->44690K(175104K)] 605381K->546813K(699392K), 0.0107264 secs] [Times: user=0.13 sys=0.01, real=0.01 secs] 
2016-09-24T04:02:35.611-0400: 55.750: [Full GC (Ergonomics) [PSYoungGen: 44690K->0K(175104K)] [ParOldGen: 502123K->357254K(524288K)] 546813K->357254K(699392K), [Metaspace: 43807K->43807K(1087488K)], 0.0493047 secs] [Times: user=0.40 sys=0.00, real=0.05 secs] 
2016-09-24T04:02:35.695-0400: 55.834: [GC (GCLocker Initiated GC) [PSYoungGen: 88064K->81371K(175104K)] 448086K->441393K(699392K), 0.0109708 secs] [Times: user=0.17 sys=0.01, real=0.01 secs] 
2016-09-24T04:02:35.752-0400: 55.891: [GC (GCLocker Initiated GC) [PSYoungGen: 169435K->64815K(175104K)] 532276K->453249K(699392K), 0.0077466 secs] [Times: user=0.12 sys=0.00, real=0.01 secs] 
2016-09-24T04:02:35.804-0400: 55.943: [GC (GCLocker Initiated GC) [PSYoungGen: 152879K->33823K(175104K)] 545413K->439344K(699392K), 0.0067401 secs] [Times: user=0.05 sys=0.01, real=0.00 secs] 
2016-09-24T04:02:35.846-0400: 55.984: [GC (GCLocker Initiated GC) [PSYoungGen: 121887K->67608K(175104K)] 531531K->486512K(699392K), 0.0089954 secs] [Times: user=0.07 sys=0.00, real=0.01 secs] 
2016-09-24T04:02:35.905-0400: 56.043: [GC (GCLocker Initiated GC) [PSYoungGen: 155672K->47163K(175104K)] 584237K->499736K(699392K), 0.0071795 secs] [Times: user=0.08 sys=0.00, real=0.00 secs] 
2016-09-24T04:02:35.961-0400: 56.100: [GC (GCLocker Initiated GC) [PSYoungGen: 135227K->60569K(175104K)] 590650K->524939K(699392K), 0.0069513 secs] [Times: user=0.07 sys=0.00, real=0.01 secs] 
2016-09-24T04:02:36.006-0400: 56.144: [GC (GCLocker Initiated GC) [PSYoungGen: 148633K->60800K(175104K)] 625215K->544841K(699392K), 0.0114690 secs] [Times: user=0.13 sys=0.00, real=0.01 secs] 
2016-09-24T04:02:36.074-0400: 56.212: [GC (GCLocker Initiated GC) [PSYoungGen: 148864K->48553K(175104K)] 635612K->560753K(699392K), 0.0076744 secs] [Times: user=0.09 sys=0.00, real=0.01 secs] 
2016-09-24T04:02:36.082-0400: 56.220: [Full GC (Ergonomics) [PSYoungGen: 48553K->0K(175104K)] [ParOldGen: 512200K->362261K(524288K)] 560753K->362261K(699392K), [Metaspace: 43807K->43807K(1087488K)], 0.0518032 secs] [Times: user=0.36 sys=0.01, real=0.05 secs] 
2016-09-24T04:02:36.174-0400: 56.313: [GC (GCLocker Initiated GC) [PSYoungGen: 88064K->55949K(144384K)] 454533K->422419K(668672K), 0.0149270 secs] [Times: user=0.13 sys=0.00, real=0.01 secs] 
2016-09-24T04:02:36.235-0400: 56.374: [GC (GCLocker Initiated GC) [PSYoungGen: 144013K->55580K(175104K)] 517415K->446755K(699392K), 0.0079888 secs] [Times: user=0.08 sys=0.01, real=0.01 secs] 
2016-09-24T04:02:36.292-0400: 56.430: [GC (GCLocker Initiated GC) [PSYoungGen: 145692K->49876K(173056K)] 539723K->473345K(697344K), 0.0073897 secs] [Times: user=0.09 sys=0.00, real=0.01 secs] 
2016-09-24T04:02:36.348-0400: 56.487: [GC (GCLocker Initiated GC) [PSYoungGen: 139988K->56707K(177152K)] 566547K->496244K(701440K), 0.0081073 secs] [Times: user=0.09 sys=0.00, real=0.01 secs] 
2016-09-24T04:02:36.401-0400: 56.539: [GC (GCLocker Initiated GC) [PSYoungGen: 152963K->70221K(175616K)] 595251K->525756K(699904K), 0.0084922 secs] [Times: user=0.10 sys=0.00, real=0.01 secs] 
2016-09-24T04:02:36.451-0400: 56.589: [GC (GCLocker Initiated GC) [PSYoungGen: 166477K->70168K(176128K)] 633025K->548447K(700416K), 0.0093576 secs] [Times: user=0.11 sys=0.00, real=0.01 secs] 
2016-09-24T04:02:36.518-0400: 56.656: [GC (GCLocker Initiated GC) [PSYoungGen: 164376K->48452K(178176K)] 644057K->547935K(702464K), 0.0072687 secs] [Times: user=0.08 sys=0.00, real=0.01 secs] 
2016-09-24T04:02:36.525-0400: 56.664: [Full GC (Ergonomics) [PSYoungGen: 48452K->0K(178176K)] [ParOldGen: 499483K->369752K(524288K)] 547935K->369752K(702464K), [Metaspace: 43807K->43807K(1087488K)], 0.0644897 secs] [Times: user=0.58 sys=0.01, real=0.06 secs] 
2016-09-24T04:02:36.636-0400: 56.774: [GC (GCLocker Initiated GC) [PSYoungGen: 94208K->57167K(173568K)] 464005K->426964K(697856K), 0.0066681 secs] [Times: user=0.08 sys=0.00, real=0.01 secs] 
2016-09-24T04:02:36.688-0400: 56.827: [GC (GCLocker Initiated GC) [PSYoungGen: 151887K->81371K(176128K)] 527122K->474157K(700416K), 0.0094598 secs] [Times: user=0.10 sys=0.01, real=0.01 secs] 
2016-09-24T04:02:36.749-0400: 56.888: [GC (GCLocker Initiated GC) [PSYoungGen: 176091K->44302K(174080K)] 582723K->489831K(698368K), 0.0140902 secs] [Times: user=0.16 sys=0.00, real=0.02 secs] 
2016-09-24T04:02:36.808-0400: 56.947: [GC (GCLocker Initiated GC) [PSYoungGen: 132366K->68577K(175104K)] 580727K->524494K(699392K), 0.0080877 secs] [Times: user=0.11 sys=0.00, real=0.01 secs] 
2016-09-24T04:02:36.861-0400: 57.000: [GC (GCLocker Initiated GC) [PSYoungGen: 156641K->61034K(173056K)] 620772K->551484K(697344K), 0.0268115 secs] [Times: user=0.35 sys=0.00, real=0.03 secs] 
2016-09-24T04:02:36.888-0400: 57.027: [Full GC (Ergonomics) [PSYoungGen: 61034K->0K(173056K)] [ParOldGen: 490450K->383883K(524288K)] 551484K->383883K(697344K), [Metaspace: 43807K->43807K(1087488K)], 0.0554674 secs] [Times: user=0.45 sys=0.00, real=0.06 secs] 
2016-09-24T04:02:36.993-0400: 57.132: [GC (GCLocker Initiated GC) [PSYoungGen: 88064K->53433K(174080K)] 480299K->445669K(698368K), 0.0098881 secs] [Times: user=0.12 sys=0.00, real=0.02 secs] 
2016-09-24T04:02:37.053-0400: 57.192: [GC (GCLocker Initiated GC) [PSYoungGen: 141497K->59591K(171520K)] 538510K->469024K(695808K), 0.0084478 secs] [Times: user=0.08 sys=0.01, real=0.01 secs] 
2016-09-24T04:02:37.111-0400: 57.249: [GC (GCLocker Initiated GC) [PSYoungGen: 151239K->44489K(173568K)] 563439K->483295K(697856K), 0.0143119 secs] [Times: user=0.17 sys=0.01, real=0.02 secs] 
2016-09-24T04:02:37.166-0400: 57.305: [GC (GCLocker Initiated GC) [PSYoungGen: 136137K->48363K(178688K)] 580448K->504440K(702976K), 0.0177825 secs] [Times: user=0.20 sys=0.00, real=0.02 secs] 
2016-09-24T04:02:37.244-0400: 57.383: [GC (GCLocker Initiated GC) [PSYoungGen: 146155K->56868K(179200K)] 607686K->525978K(703488K), 0.0072677 secs] [Times: user=0.07 sys=0.01, real=0.00 secs] 
2016-09-24T04:02:37.302-0400: 57.441: [GC (GCLocker Initiated GC) [PSYoungGen: 154660K->60721K(179712K)] 626518K->539041K(704000K), 0.0075007 secs] [Times: user=0.07 sys=0.00, real=0.01 secs] 
2016-09-24T04:02:37.351-0400: 57.490: [GC (GCLocker Initiated GC) [PSYoungGen: 161585K->71336K(179200K)] 642779K->567018K(703488K), 0.0165686 secs] [Times: user=0.18 sys=0.00, real=0.02 secs] 
2016-09-24T04:02:37.368-0400: 57.506: [Full GC (Ergonomics) [PSYoungGen: 71336K->0K(179200K)] [ParOldGen: 495682K->391228K(524288K)] 567018K->391228K(703488K), [Metaspace: 43807K->43807K(1087488K)], 0.0617764 secs] [Times: user=0.45 sys=0.01, real=0.06 secs] 
2016-09-24T04:02:37.499-0400: 57.638: [GC (GCLocker Initiated GC) [PSYoungGen: 100864K->68289K(177664K)] 500645K->468070K(701952K), 0.0074348 secs] [Times: user=0.07 sys=0.00, real=0.01 secs] 
2016-09-24T04:02:37.553-0400: 57.691: [GC (GCLocker Initiated GC) [PSYoungGen: 164545K->53982K(179200K)] 567054K->474415K(703488K), 0.0067124 secs] [Times: user=0.07 sys=0.01, real=0.01 secs] 
2016-09-24T04:02:37.597-0400: 57.736: [GC (GCLocker Initiated GC) [PSYoungGen: 150238K->79775K(169472K)] 573504K->510667K(693760K), 0.0086992 secs] [Times: user=0.10 sys=0.01, real=0.01 secs] 
2016-09-24T04:02:37.649-0400: 57.788: [GC (GCLocker Initiated GC) [PSYoungGen: 167839K->39111K(175104K)] 606885K->506180K(699392K), 0.0072845 secs] [Times: user=0.08 sys=0.00, real=0.01 secs] 
2016-09-24T04:02:37.700-0400: 57.838: [GC (GCLocker Initiated GC) [PSYoungGen: 127175K->60871K(173056K)] 599842K->552052K(697344K), 0.0078735 secs] [Times: user=0.09 sys=0.00, real=0.01 secs] 
2016-09-24T04:02:37.708-0400: 57.846: [Full GC (Ergonomics) [PSYoungGen: 60871K->0K(173056K)] [ParOldGen: 491180K->386612K(524288K)] 552052K->386612K(697344K), [Metaspace: 43807K->43807K(1087488K)], 0.0489345 secs] [Times: user=0.42 sys=0.00, real=0.05 secs] 
2016-09-24T04:02:37.801-0400: 57.940: [GC (GCLocker Initiated GC) [PSYoungGen: 88064K->66651K(174080K)] 480155K->458743K(698368K), 0.0101366 secs] [Times: user=0.12 sys=0.00, real=0.01 secs] 
2016-09-24T04:02:37.857-0400: 57.996: [GC (GCLocker Initiated GC) [PSYoungGen: 154715K->64964K(175104K)] 547166K->480418K(699392K), 0.0075102 secs] [Times: user=0.11 sys=0.00, real=0.01 secs] 
2016-09-24T04:02:37.897-0400: 58.036: [GC (GCLocker Initiated GC) [PSYoungGen: 155076K->57010K(147456K)] 573474K->503374K(671744K), 0.0312035 secs] [Times: user=0.43 sys=0.00, real=0.03 secs] 
2016-09-24T04:02:37.981-0400: 58.120: [GC (GCLocker Initiated GC) [PSYoungGen: 147122K->64953K(175616K)] 597569K->538264K(699904K), 0.0074696 secs] [Times: user=0.08 sys=0.00, real=0.01 secs] 
2016-09-24T04:02:38.033-0400: 58.172: [GC (GCLocker Initiated GC) [PSYoungGen: 157113K->43188K(175104K)] 630637K->536739K(699392K), 0.0094534 secs] [Times: user=0.08 sys=0.00, real=0.02 secs] 
2016-09-24T04:02:38.043-0400: 58.182: [Full GC (Ergonomics) [PSYoungGen: 43188K->0K(175104K)] [ParOldGen: 493550K->387120K(524288K)] 536739K->387120K(699392K), [Metaspace: 43814K->43814K(1087488K)], 0.0623064 secs] [Times: user=0.53 sys=0.00, real=0.06 secs] 
2016-09-24T04:02:38.149-0400: 58.288: [GC (GCLocker Initiated GC) [PSYoungGen: 92160K->72128K(173568K)] 483361K->463330K(697856K), 0.0072792 secs] [Times: user=0.09 sys=0.00, real=0.01 secs] 
2016-09-24T04:02:38.195-0400: 58.334: [GC (GCLocker Initiated GC) [PSYoungGen: 162240K->74350K(164864K)] 553776K->488998K(689152K), 0.0085121 secs] [Times: user=0.13 sys=0.00, real=0.01 secs] 
2016-09-24T04:02:38.256-0400: 58.395: [GC (GCLocker Initiated GC) [PSYoungGen: 164462K->65102K(175104K)] 594088K->514618K(699392K), 0.0086363 secs] [Times: user=0.12 sys=0.00, real=0.01 secs] 
2016-09-24T04:02:38.319-0400: 58.458: [GC (GCLocker Initiated GC) [PSYoungGen: 153166K->28354K(175104K)] 606764K->504543K(699392K), 0.0092829 secs] [Times: user=0.10 sys=0.01, real=0.01 secs] 
2016-09-24T04:02:38.364-0400: 58.502: [GC (GCLocker Initiated GC) [PSYoungGen: 116418K->71611K(175104K)] 598259K->558648K(699392K), 0.0083458 secs] [Times: user=0.07 sys=0.00, real=0.00 secs] 
2016-09-24T04:02:38.372-0400: 58.511: [Full GC (Ergonomics) [PSYoungGen: 71611K->0K(175104K)] [ParOldGen: 487037K->398796K(524288K)] 558648K->398796K(699392K), [Metaspace: 43814K->43814K(1087488K)], 0.0604051 secs] [Times: user=0.49 sys=0.01, real=0.06 secs] 
2016-09-24T04:02:38.491-0400: 58.630: [GC (GCLocker Initiated GC) [PSYoungGen: 88064K->63733K(175104K)] 487163K->462832K(699392K), 0.0121855 secs] [Times: user=0.14 sys=0.00, real=0.02 secs] 
2016-09-24T04:02:38.545-0400: 58.684: [GC (GCLocker Initiated GC) [PSYoungGen: 151797K->54289K(175104K)] 550979K->492501K(699392K), 0.0090133 secs] [Times: user=0.10 sys=0.00, real=0.01 secs] 
2016-09-24T04:02:38.601-0400: 58.740: [GC (GCLocker Initiated GC) [PSYoungGen: 142353K->47358K(175104K)] 584708K->505679K(699392K), 0.0193355 secs] [Times: user=0.21 sys=0.00, real=0.02 secs] 
2016-09-24T04:02:38.671-0400: 58.810: [GC (GCLocker Initiated GC) [PSYoungGen: 135422K->56786K(171008K)] 593811K->535281K(695296K), 0.0157033 secs] [Times: user=0.18 sys=0.01, real=0.02 secs] 
2016-09-24T04:02:38.724-0400: 58.863: [GC (GCLocker Initiated GC) [PSYoungGen: 144850K->77132K(173056K)] 623378K->571534K(697344K), 0.0162533 secs] [Times: user=0.20 sys=0.00, real=0.01 secs] 
2016-09-24T04:02:38.741-0400: 58.880: [Full GC (Ergonomics) [PSYoungGen: 77132K->0K(173056K)] [ParOldGen: 494402K->396516K(524288K)] 571534K->396516K(697344K), [Metaspace: 43814K->43814K(1087488K)], 0.0633463 secs] [Times: user=0.47 sys=0.01, real=0.07 secs] 
2016-09-24T04:02:38.859-0400: 58.998: [GC (GCLocker Initiated GC) [PSYoungGen: 88064K->39296K(175104K)] 488724K->439957K(699392K), 0.0151499 secs] [Times: user=0.14 sys=0.00, real=0.02 secs] 
2016-09-24T04:02:38.923-0400: 59.062: [GC (GCLocker Initiated GC) [PSYoungGen: 127360K->47396K(175104K)] 530891K->481927K(699392K), 0.0160296 secs] [Times: user=0.18 sys=0.00, real=0.01 secs] 
2016-09-24T04:02:39.006-0400: 59.144: [GC (GCLocker Initiated GC) [PSYoungGen: 135460K->46137K(175104K)] 582248K->518400K(699392K), 0.0095470 secs] [Times: user=0.11 sys=0.00, real=0.01 secs] 
2016-09-24T04:02:39.070-0400: 59.208: [GC (GCLocker Initiated GC) [PSYoungGen: 134201K->33674K(175104K)] 609223K->523367K(699392K), 0.0084314 secs] [Times: user=0.08 sys=0.00, real=0.01 secs] 
2016-09-24T04:02:39.079-0400: 59.218: [Full GC (Ergonomics) [PSYoungGen: 33674K->0K(175104K)] [ParOldGen: 489693K->388453K(524288K)] 523367K->388453K(699392K), [Metaspace: 43814K->43814K(1087488K)], 0.0584883 secs] [Times: user=0.45 sys=0.00, real=0.06 secs] 
2016-09-24T04:02:39.174-0400: 59.313: [GC (GCLocker Initiated GC) [PSYoungGen: 88064K->65814K(175104K)] 486220K->463971K(699392K), 0.0207552 secs] [Times: user=0.20 sys=0.00, real=0.02 secs] 
2016-09-24T04:02:39.253-0400: 59.392: [GC (GCLocker Initiated GC) [PSYoungGen: 153878K->49937K(138240K)] 554893K->466472K(662528K), 0.0073511 secs] [Times: user=0.08 sys=0.00, real=0.01 secs] 
2016-09-24T04:02:39.300-0400: 59.439: [GC (GCLocker Initiated GC) [PSYoungGen: 138001K->54089K(177664K)] 557306K->498564K(701952K), 0.0078326 secs] [Times: user=0.08 sys=0.00, real=0.01 secs] 
2016-09-24T04:02:39.357-0400: 59.496: [GC (GCLocker Initiated GC) [PSYoungGen: 145225K->51722K(143360K)] 592176K->507832K(667648K), 0.0073119 secs] [Times: user=0.09 sys=0.00, real=0.01 secs] 
2016-09-24T04:02:39.403-0400: 59.542: [GC (GCLocker Initiated GC) [PSYoungGen: 142858K->70425K(169472K)] 605963K->545584K(693760K), 0.0081738 secs] [Times: user=0.10 sys=0.01, real=0.00 secs] 
2016-09-24T04:02:39.468-0400: 59.606: [GC (GCLocker Initiated GC) [PSYoungGen: 159001K->47311K(173056K)] 637058K->553332K(697344K), 0.0088954 secs] [Times: user=0.11 sys=0.00, real=0.01 secs] 
2016-09-24T04:02:39.477-0400: 59.615: [Full GC (Ergonomics) [PSYoungGen: 47311K->0K(173056K)] [ParOldGen: 506020K->374600K(524288K)] 553332K->374600K(697344K), [Metaspace: 43814K->43814K(1087488K)], 0.0777609 secs] [Times: user=0.86 sys=0.00, real=0.08 secs] 
2016-09-24T04:02:39.596-0400: 59.734: [GC (GCLocker Initiated GC) [PSYoungGen: 88576K->66790K(176128K)] 467284K->445499K(700416K), 0.0105537 secs] [Times: user=0.15 sys=0.00, real=0.01 secs] 
2016-09-24T04:02:39.659-0400: 59.798: [GC (GCLocker Initiated GC) [PSYoungGen: 159974K->66409K(159744K)] 544213K->450648K(684032K), 0.0084243 secs] [Times: user=0.08 sys=0.00, real=0.01 secs] 
2016-09-24T04:02:39.722-0400: 59.861: [GC (GCLocker Initiated GC) [PSYoungGen: 159593K->73935K(173568K)] 549514K->463856K(697856K), 0.0225087 secs] [Times: user=0.25 sys=0.00, real=0.03 secs] 
2016-09-24T04:02:39.802-0400: 59.940: [GC (GCLocker Initiated GC) [PSYoungGen: 161999K->59652K(175104K)] 556074K->468531K(699392K), 0.0094156 secs] [Times: user=0.12 sys=0.00, real=0.01 secs] 
2016-09-24T04:02:39.850-0400: 59.989: [GC (GCLocker Initiated GC) [PSYoungGen: 147716K->55350K(169472K)] 558110K->472159K(693760K), 0.0251974 secs] [Times: user=0.15 sys=0.00, real=0.03 secs] 
2016-09-24T04:02:39.915-0400: 60.054: [GC (GCLocker Initiated GC) [PSYoungGen: 143926K->63925K(172544K)] 571636K->506672K(696832K), 0.0082692 secs] [Times: user=0.10 sys=0.00, real=0.01 secs] 
2016-09-24T04:02:39.972-0400: 60.111: [GC (GCLocker Initiated GC) [PSYoungGen: 152501K->52677K(175616K)] 603475K->522722K(699904K), 0.0073040 secs] [Times: user=0.12 sys=0.00, real=0.01 secs] 
2016-09-24T04:02:40.027-0400: 60.166: [GC (GCLocker Initiated GC) [PSYoungGen: 147397K->58082K(177152K)] 620366K->549482K(701440K), 0.0071066 secs] [Times: user=0.09 sys=0.01, real=0.01 secs] 
2016-09-24T04:02:40.034-0400: 60.173: [Full GC (Ergonomics) [PSYoungGen: 58082K->0K(177152K)] [ParOldGen: 491400K->381614K(524288K)] 549482K->381614K(701440K), [Metaspace: 43814K->43814K(1087488K)], 0.0522245 secs] [Times: user=0.46 sys=0.00, real=0.05 secs] 
2016-09-24T04:02:40.142-0400: 60.280: [GC (GCLocker Initiated GC) [PSYoungGen: 94720K->77626K(172032K)] 490044K->472951K(696320K), 0.0113639 secs] [Times: user=0.15 sys=0.00, real=0.01 secs] 
2016-09-24T04:02:40.203-0400: 60.341: [GC (GCLocker Initiated GC) [PSYoungGen: 169786K->49973K(177152K)] 573454K->460595K(701440K), 0.0072797 secs] [Times: user=0.07 sys=0.01, real=0.00 secs] 
2016-09-24T04:02:40.256-0400: 60.394: [GC (GCLocker Initiated GC) [PSYoungGen: 142133K->51356K(173568K)] 555536K->475158K(697856K), 0.0065432 secs] [Times: user=0.07 sys=0.01, real=0.01 secs] 
2016-09-24T04:02:40.300-0400: 60.439: [GC (GCLocker Initiated GC) [PSYoungGen: 144028K->76163K(168960K)] 570746K->518725K(693248K), 0.0137420 secs] [Times: user=0.15 sys=0.01, real=0.01 secs] 
2016-09-24T04:02:40.365-0400: 60.503: [GC (GCLocker Initiated GC) [PSYoungGen: 168835K->55537K(176640K)] 615575K->511614K(700928K), 0.0080369 secs] [Times: user=0.08 sys=0.00, real=0.00 secs] 
2016-09-24T04:02:40.426-0400: 60.565: [GC (GCLocker Initiated GC) [PSYoungGen: 145137K->53894K(143872K)] 606925K->528950K(668160K), 0.0080886 secs] [Times: user=0.09 sys=0.00, real=0.01 secs] 
2016-09-24T04:02:40.481-0400: 60.620: [GC (GCLocker Initiated GC) [PSYoungGen: 143494K->52697K(175104K)] 622845K->540936K(699392K), 0.0090097 secs] [Times: user=0.07 sys=0.01, real=0.01 secs] 
2016-09-24T04:02:40.534-0400: 60.672: [GC (GCLocker Initiated GC) [PSYoungGen: 143833K->66357K(173568K)] 634916K->570610K(697856K), 0.0112511 secs] [Times: user=0.12 sys=0.00, real=0.02 secs] 
2016-09-24T04:02:40.545-0400: 60.684: [Full GC (Ergonomics) [PSYoungGen: 66357K->0K(173568K)] [ParOldGen: 504253K->390289K(524288K)] 570610K->390289K(697856K), [Metaspace: 43814K->43814K(1087488K)], 0.0588959 secs] [Times: user=0.45 sys=0.00, real=0.06 secs] 
2016-09-24T04:02:40.650-0400: 60.789: [GC (GCLocker Initiated GC) [PSYoungGen: 91136K->68134K(177152K)] 485239K->462238K(701440K), 0.0106439 secs] [Times: user=0.11 sys=0.01, real=0.01 secs] 
2016-09-24T04:02:40.712-0400: 60.850: [GC (GCLocker Initiated GC) [PSYoungGen: 162342K->54123K(148480K)] 569978K->471395K(672768K), 0.0091057 secs] [Times: user=0.10 sys=0.00, real=0.01 secs] 
2016-09-24T04:02:40.775-0400: 60.914: [GC (GCLocker Initiated GC) [PSYoungGen: 148331K->54022K(178688K)] 571060K->488551K(702976K), 0.0079358 secs] [Times: user=0.07 sys=0.00, real=0.01 secs] 
2016-09-24T04:02:40.856-0400: 60.995: [GC (GCLocker Initiated GC) [PSYoungGen: 150278K->38981K(177664K)] 587589K->485316K(701952K), 0.0097149 secs] [Times: user=0.07 sys=0.00, real=0.01 secs] 
2016-09-24T04:02:40.906-0400: 61.044: [GC (GCLocker Initiated GC) [PSYoungGen: 135237K->57028K(176640K)] 589846K->540881K(700928K), 0.0108738 secs] [Times: user=0.09 sys=0.00, real=0.01 secs] 
2016-09-24T04:02:40.977-0400: 61.116: [GC (GCLocker Initiated GC) [PSYoungGen: 155332K->59421K(178176K)] 648823K->560948K(702464K), 0.0205914 secs] [Times: user=0.18 sys=0.01, real=0.02 secs] 
2016-09-24T04:02:40.998-0400: 61.137: [Full GC (Ergonomics) [PSYoungGen: 59421K->0K(178176K)] [ParOldGen: 501526K->400408K(524288K)] 560948K->400408K(702464K), [Metaspace: 43817K->43817K(1087488K)], 0.0599761 secs] [Times: user=0.50 sys=0.01, real=0.06 secs] 
2016-09-24T04:02:41.110-0400: 61.249: [GC (GCLocker Initiated GC) [PSYoungGen: 98304K->65608K(182272K)] 508407K->475711K(706560K), 0.0140455 secs] [Times: user=0.19 sys=0.00, real=0.02 secs] 
2016-09-24T04:02:41.181-0400: 61.319: [GC (GCLocker Initiated GC) [PSYoungGen: 169032K->71670K(175104K)] 579202K->498432K(699392K), 0.0086182 secs] [Times: user=0.10 sys=0.00, real=0.01 secs] 
2016-09-24T04:02:41.234-0400: 61.373: [GC (GCLocker Initiated GC) [PSYoungGen: 175094K->53937K(181248K)] 601978K->506019K(705536K), 0.0077883 secs] [Times: user=0.07 sys=0.00, real=0.01 secs] 
2016-09-24T04:02:41.291-0400: 61.430: [GC (GCLocker Initiated GC) [PSYoungGen: 152753K->64984K(179712K)] 609046K->549281K(704000K), 0.0094412 secs] [Times: user=0.09 sys=0.00, real=0.01 secs] 
2016-09-24T04:02:41.348-0400: 61.487: [GC (GCLocker Initiated GC) [PSYoungGen: 163800K->63609K(180224K)] 650920K->573499K(704512K), 0.0079967 secs] [Times: user=0.09 sys=0.00, real=0.01 secs] 
2016-09-24T04:02:41.357-0400: 61.495: [Full GC (Ergonomics) [PSYoungGen: 63609K->0K(180224K)] [ParOldGen: 509890K->398723K(524288K)] 573499K->398723K(704512K), [Metaspace: 43818K->43818K(1087488K)], 0.0522964 secs] [Times: user=0.45 sys=0.00, real=0.05 secs] 
2016-09-24T04:02:41.446-0400: 61.585: [GC (GCLocker Initiated GC) [PSYoungGen: 99840K->80382K(180224K)] 498629K->492672K(704512K), 0.0162189 secs] [Times: user=0.23 sys=0.01, real=0.02 secs] 
2016-09-24T04:02:41.518-0400: 61.657: [GC (GCLocker Initiated GC) [PSYoungGen: 180222K->67846K(172032K)] 596723K->504844K(696320K), 0.0089720 secs] [Times: user=0.10 sys=0.01, real=0.01 secs] 
2016-09-24T04:02:41.576-0400: 61.714: [GC (GCLocker Initiated GC) [PSYoungGen: 157958K->45844K(136192K)] 595704K->522578K(660480K), 0.0074164 secs] [Times: user=0.09 sys=0.02, real=0.01 secs] 
2016-09-24T04:02:41.616-0400: 61.754: [GC (GCLocker Initiated GC) [PSYoungGen: 135956K->66315K(176128K)] 616804K->570923K(700416K), 0.0076651 secs] [Times: user=0.12 sys=0.00, real=0.01 secs] 
2016-09-24T04:02:41.624-0400: 61.762: [Full GC (Ergonomics) [PSYoungGen: 66315K->0K(176128K)] [ParOldGen: 504608K->398618K(524288K)] 570923K->398618K(700416K), [Metaspace: 43818K->43818K(1087488K)], 0.0585923 secs] [Times: user=0.50 sys=0.00, real=0.06 secs] 
2016-09-24T04:02:41.741-0400: 61.879: [GC (GCLocker Initiated GC) [PSYoungGen: 89600K->60101K(150016K)] 496355K->466856K(674304K), 0.0148089 secs] [Times: user=0.16 sys=0.01, real=0.02 secs] 
2016-09-24T04:02:41.810-0400: 61.949: [GC (GCLocker Initiated GC) [PSYoungGen: 149701K->58388K(174592K)] 560945K->469632K(698880K), 0.0068996 secs] [Times: user=0.06 sys=0.00, real=0.01 secs] 
2016-09-24T04:02:41.864-0400: 62.002: [GC (GCLocker Initiated GC) [PSYoungGen: 149524K->80551K(173056K)] 561231K->497658K(697344K), 0.0096736 secs] [Times: user=0.11 sys=0.00, real=0.00 secs] 
2016-09-24T04:02:41.916-0400: 62.054: [GC (GCLocker Initiated GC) [PSYoungGen: 171687K->63639K(177152K)] 599707K->491659K(701440K), 0.0102321 secs] [Times: user=0.08 sys=0.00, real=0.01 secs] 
2016-09-24T04:02:41.987-0400: 62.125: [GC (GCLocker Initiated GC) [PSYoungGen: 153751K->61401K(151552K)] 584512K->497687K(675840K), 0.0109769 secs] [Times: user=0.08 sys=0.01, real=0.01 secs] 
2016-09-24T04:02:42.033-0400: 62.172: [GC (GCLocker Initiated GC) [PSYoungGen: 151513K->69070K(172544K)] 593279K->524084K(696832K), 0.0091483 secs] [Times: user=0.10 sys=0.00, real=0.02 secs] 
2016-09-24T04:02:42.092-0400: 62.231: [GC (GCLocker Initiated GC) [PSYoungGen: 158670K->61220K(173056K)] 628727K->537240K(697344K), 0.0111436 secs] [Times: user=0.08 sys=0.01, real=0.02 secs] 
2016-09-24T04:02:42.155-0400: 62.294: [GC (GCLocker Initiated GC) [PSYoungGen: 150820K->65058K(177664K)] 628481K->543533K(701952K), 0.0079323 secs] [Times: user=0.08 sys=0.00, real=0.01 secs] 
2016-09-24T04:02:42.217-0400: 62.356: [Full GC (Ergonomics) [PSYoungGen: 161826K->0K(177664K)] [ParOldGen: 490732K->409971K(524288K)] 652558K->409971K(701952K), [Metaspace: 43824K->43824K(1087488K)], 0.0717619 secs] [Times: user=0.53 sys=0.02, real=0.07 secs] 
2016-09-24T04:02:42.342-0400: 62.481: [GC (GCLocker Initiated GC) [PSYoungGen: 96768K->69359K(177664K)] 506921K->479512K(701952K), 0.0161094 secs] [Times: user=0.19 sys=0.00, real=0.01 secs] 
2016-09-24T04:02:42.412-0400: 62.551: [GC (GCLocker Initiated GC) [PSYoungGen: 166127K->79647K(173056K)] 579052K->495272K(697344K), 0.0240928 secs] [Times: user=0.27 sys=0.01, real=0.03 secs] 
2016-09-24T04:02:42.495-0400: 62.634: [GC (GCLocker Initiated GC) [PSYoungGen: 171807K->78989K(171520K)] 590221K->497404K(695808K), 0.0096846 secs] [Times: user=0.11 sys=0.00, real=0.01 secs] 
2016-09-24T04:02:42.553-0400: 62.692: [GC (GCLocker Initiated GC) [PSYoungGen: 171149K->70979K(175104K)] 593668K->533515K(699392K), 0.0179525 secs] [Times: user=0.20 sys=0.00, real=0.02 secs] 
2016-09-24T04:02:42.619-0400: 62.758: [GC (GCLocker Initiated GC) [PSYoungGen: 159043K->33273K(175104K)] 621637K->536634K(699392K), 0.0105259 secs] [Times: user=0.12 sys=0.00, real=0.01 secs] 
2016-09-24T04:02:42.630-0400: 62.769: [Full GC (Ergonomics) [PSYoungGen: 33273K->0K(175104K)] [ParOldGen: 503360K->402407K(524288K)] 536634K->402407K(699392K), [Metaspace: 43832K->43832K(1087488K)], 0.0521569 secs] [Times: user=0.42 sys=0.00, real=0.06 secs] 
2016-09-24T04:02:42.711-0400: 62.849: [GC (GCLocker Initiated GC) [PSYoungGen: 88064K->76129K(175104K)] 490559K->478625K(699392K), 0.0088115 secs] [Times: user=0.09 sys=0.01, real=0.01 secs] 
2016-09-24T04:02:42.765-0400: 62.904: [GC (GCLocker Initiated GC) [PSYoungGen: 164193K->56744K(175104K)] 566806K->486406K(699392K), 0.0082698 secs] [Times: user=0.10 sys=0.00, real=0.00 secs] 
2016-09-24T04:02:42.816-0400: 62.955: [GC (GCLocker Initiated GC) [PSYoungGen: 144808K->67946K(175104K)] 578822K->509668K(699392K), 0.0102819 secs] [Times: user=0.16 sys=0.00, real=0.01 secs] 
2016-09-24T04:02:42.867-0400: 63.006: [GC (GCLocker Initiated GC) [PSYoungGen: 156010K->67445K(175104K)] 600600K->538977K(699392K), 0.0080988 secs] [Times: user=0.11 sys=0.01, real=0.01 secs] 
2016-09-24T04:02:42.911-0400: 63.050: [GC (GCLocker Initiated GC) [PSYoungGen: 155509K->71508K(175104K)] 627465K->569925K(699392K), 0.0084831 secs] [Times: user=0.13 sys=0.00, real=0.01 secs] 
2016-09-24T04:02:42.920-0400: 63.059: [Full GC (Ergonomics) [PSYoungGen: 71508K->0K(175104K)] [ParOldGen: 498417K->412323K(524288K)] 569925K->412323K(699392K), [Metaspace: 43832K->43832K(1087488K)], 0.0502169 secs] [Times: user=0.42 sys=0.00, real=0.05 secs] 
2016-09-24T04:02:44.490-0400: 64.628: [GC (Allocation Failure) [PSYoungGen: 88064K->10617K(175104K)] 500453K->423006K(699392K), 0.0261841 secs] [Times: user=0.23 sys=0.01, real=0.03 secs] 
2016-09-24T04:02:49.497-0400: 69.635: [GC (Allocation Failure) [PSYoungGen: 98681K->21605K(175104K)] 511070K->444411K(699392K), 0.0079945 secs] [Times: user=0.05 sys=0.00, real=0.01 secs] 
2016-09-24T04:02:54.100-0400: 74.239: [GC (Allocation Failure) [PSYoungGen: 109669K->20644K(175104K)] 532475K->464824K(699392K), 0.0086637 secs] [Times: user=0.05 sys=0.01, real=0.01 secs] 
2016-09-24T04:02:58.833-0400: 78.972: [GC (Allocation Failure) [PSYoungGen: 108708K->21957K(175104K)] 552888K->486357K(699392K), 0.0088784 secs] [Times: user=0.06 sys=0.01, real=0.02 secs] 
2016-09-24T04:03:03.500-0400: 83.639: [GC (Allocation Failure) [PSYoungGen: 110021K->21509K(175104K)] 574421K->507402K(699392K), 0.0090973 secs] [Times: user=0.06 sys=0.01, real=0.01 secs] 
2016-09-24T04:03:03.509-0400: 83.648: [Full GC (Ergonomics) [PSYoungGen: 21509K->0K(175104K)] [ParOldGen: 485893K->308024K(524288K)] 507402K->308024K(699392K), [Metaspace: 43956K->43956K(1087488K)], 0.1135232 secs] [Times: user=0.86 sys=0.03, real=0.12 secs] 
2016-09-24T04:03:08.504-0400: 88.643: [GC (Allocation Failure) [PSYoungGen: 88064K->22437K(175104K)] 396088K->330469K(699392K), 0.0073538 secs] [Times: user=0.05 sys=0.00, real=0.00 secs] 
2016-09-24T04:03:13.395-0400: 93.534: [GC (Allocation Failure) [PSYoungGen: 110501K->22789K(175104K)] 418533K->352818K(699392K), 0.0173748 secs] [Times: user=0.13 sys=0.01, real=0.01 secs] 
