Java HotSpot(TM) 64-Bit Server VM (25.101-b13) for linux-amd64 JRE (1.8.0_101-b13), built on Jun 22 2016 02:59:44 by "java_re" with gcc 4.3.0 20080428 (Red Hat 4.3.0-8)
Memory: 4k page, physical 264122320k(98682456k free), swap 268399612k(268399612k free)
CommandLine flags: -XX:GCLogFileSize=1048576 -XX:+HeapDumpOnOutOfMemoryError -XX:HeapDumpPath=artifacts/heapdump -XX:InitialHeapSize=805306368 -XX:MaxHeapSize=805306368 -XX:NumberOfGCLogFiles=10 -XX:+PrintGC -XX:+PrintGCDateStamps -XX:+PrintGCDetails -XX:+PrintGCTimeStamps -XX:+UseCompressedClassPointers -XX:+UseCompressedOops -XX:+UseGCLogFileRotation -XX:+UseParallelGC 
2016-09-25T21:48:40.120-0400: 2.187: [GC (Metadata GC Threshold) [PSYoungGen: 125830K->15604K(229376K)] 125830K->15692K(753664K), 0.0186785 secs] [Times: user=0.10 sys=0.00, real=0.02 secs] 
2016-09-25T21:48:40.139-0400: 2.206: [Full GC (Metadata GC Threshold) [PSYoungGen: 15604K->0K(229376K)] [ParOldGen: 88K->14601K(349184K)] 15692K->14601K(578560K), [Metaspace: 21076K->21076K(1067008K)], 0.0425027 secs] [Times: user=0.40 sys=0.00, real=0.04 secs] 
2016-09-25T21:48:48.332-0400: 10.399: [GC (Metadata GC Threshold) [PSYoungGen: 117589K->15031K(229376K)] 132190K->29768K(578560K), 0.0146835 secs] [Times: user=0.08 sys=0.03, real=0.02 secs] 
2016-09-25T21:48:48.347-0400: 10.414: [Full GC (Metadata GC Threshold) [PSYoungGen: 15031K->0K(229376K)] [ParOldGen: 14737K->20496K(524288K)] 29768K->20496K(753664K), [Metaspace: 34976K->34976K(1079296K)], 0.0544564 secs] [Times: user=0.36 sys=0.02, real=0.05 secs] 
2016-09-25T21:48:50.043-0400: 12.110: [GC (GCLocker Initiated GC) [PSYoungGen: 196608K->32748K(229376K)] 217108K->61829K(753664K), 0.0164961 secs] [Times: user=0.20 sys=0.02, real=0.01 secs] 
2016-09-25T21:48:50.314-0400: 12.381: [GC (GCLocker Initiated GC) [PSYoungGen: 229356K->32478K(229376K)] 266581K->80510K(753664K), 0.0219329 secs] [Times: user=0.33 sys=0.00, real=0.03 secs] 
2016-09-25T21:48:50.478-0400: 12.545: [GC (GCLocker Initiated GC) [PSYoungGen: 229086K->31457K(228352K)] 282551K->90331K(752640K), 0.0080732 secs] [Times: user=0.11 sys=0.01, real=0.01 secs] 
2016-09-25T21:48:50.615-0400: 12.682: [GC (GCLocker Initiated GC) [PSYoungGen: 228065K->33772K(173056K)] 289683K->124244K(697344K), 0.0078359 secs] [Times: user=0.11 sys=0.02, real=0.01 secs] 
2016-09-25T21:48:50.711-0400: 12.778: [GC (GCLocker Initiated GC) [PSYoungGen: 173036K->59943K(199680K)] 269120K->158735K(723968K), 0.0070795 secs] [Times: user=0.08 sys=0.00, real=0.01 secs] 
2016-09-25T21:48:50.806-0400: 12.873: [GC (GCLocker Initiated GC) [PSYoungGen: 199207K->35201K(189440K)] 302082K->144165K(713728K), 0.0071102 secs] [Times: user=0.04 sys=0.06, real=0.00 secs] 
2016-09-25T21:48:50.897-0400: 12.964: [GC (GCLocker Initiated GC) [PSYoungGen: 162177K->65981K(193024K)] 279412K->221672K(717312K), 0.0085130 secs] [Times: user=0.10 sys=0.04, real=0.01 secs] 
2016-09-25T21:48:50.986-0400: 13.053: [GC (GCLocker Initiated GC) [PSYoungGen: 192957K->50824K(178688K)] 351392K->228615K(702976K), 0.0102103 secs] [Times: user=0.15 sys=0.01, real=0.01 secs] 
2016-09-25T21:48:51.047-0400: 13.114: [GC (GCLocker Initiated GC) [PSYoungGen: 160392K->50689K(160768K)] 338428K->250778K(685056K), 0.0079588 secs] [Times: user=0.12 sys=0.00, real=0.01 secs] 
2016-09-25T21:48:51.121-0400: 13.188: [GC (GCLocker Initiated GC) [PSYoungGen: 160257K->61442K(178176K)] 364455K->265857K(702464K), 0.0062066 secs] [Times: user=0.08 sys=0.00, real=0.01 secs] 
2016-09-25T21:48:51.192-0400: 13.259: [GC (GCLocker Initiated GC) [PSYoungGen: 162818K->42414K(181760K)] 367299K->266044K(706048K), 0.0063056 secs] [Times: user=0.05 sys=0.02, real=0.01 secs] 
2016-09-25T21:48:51.257-0400: 13.324: [GC (GCLocker Initiated GC) [PSYoungGen: 143790K->43907K(175616K)] 367456K->292136K(699904K), 0.0065584 secs] [Times: user=0.08 sys=0.01, real=0.01 secs] 
2016-09-25T21:48:51.320-0400: 13.387: [GC (GCLocker Initiated GC) [PSYoungGen: 148867K->65522K(178688K)] 397312K->325030K(702976K), 0.0071582 secs] [Times: user=0.08 sys=0.01, real=0.01 secs] 
2016-09-25T21:48:51.388-0400: 13.455: [GC (GCLocker Initiated GC) [PSYoungGen: 170482K->56114K(182272K)] 432754K->332136K(706560K), 0.0060993 secs] [Times: user=0.09 sys=0.00, real=0.00 secs] 
2016-09-25T21:48:51.467-0400: 13.534: [GC (GCLocker Initiated GC) [PSYoungGen: 159538K->33241K(136704K)] 451849K->342059K(660992K), 0.0054080 secs] [Times: user=0.08 sys=0.01, real=0.00 secs] 
2016-09-25T21:48:51.524-0400: 13.591: [GC (GCLocker Initiated GC) [PSYoungGen: 136665K->77824K(166400K)] 445593K->389819K(690688K), 0.0074854 secs] [Times: user=0.09 sys=0.01, real=0.00 secs] 
2016-09-25T21:48:51.593-0400: 13.660: [GC (GCLocker Initiated GC) [PSYoungGen: 165888K->37334K(175104K)] 479349K->370019K(699392K), 0.0064312 secs] [Times: user=0.06 sys=0.03, real=0.01 secs] 
2016-09-25T21:48:51.645-0400: 13.712: [GC (GCLocker Initiated GC) [PSYoungGen: 125398K->44038K(166400K)] 464875K->383935K(690688K), 0.0046314 secs] [Times: user=0.05 sys=0.00, real=0.00 secs] 
2016-09-25T21:48:51.696-0400: 13.763: [GC (GCLocker Initiated GC) [PSYoungGen: 133638K->71070K(171520K)] 473659K->411457K(695808K), 0.0071807 secs] [Times: user=0.10 sys=0.00, real=0.01 secs] 
2016-09-25T21:48:51.746-0400: 13.813: [GC (GCLocker Initiated GC) [PSYoungGen: 160670K->72466K(175104K)] 503800K->415962K(699392K), 0.0056271 secs] [Times: user=0.07 sys=0.01, real=0.00 secs] 
2016-09-25T21:48:51.806-0400: 13.873: [GC (GCLocker Initiated GC) [PSYoungGen: 160530K->58888K(175104K)] 506827K->408305K(699392K), 0.0063472 secs] [Times: user=0.08 sys=0.00, real=0.00 secs] 
2016-09-25T21:48:51.857-0400: 13.924: [GC (GCLocker Initiated GC) [PSYoungGen: 146952K->43974K(175104K)] 499146K->420826K(699392K), 0.0103770 secs] [Times: user=0.14 sys=0.01, real=0.01 secs] 
2016-09-25T21:48:51.917-0400: 13.985: [GC (GCLocker Initiated GC) [PSYoungGen: 132038K->33408K(175104K)] 525102K->426853K(699392K), 0.0064976 secs] [Times: user=0.08 sys=0.00, real=0.01 secs] 
2016-09-25T21:48:51.975-0400: 14.043: [GC (GCLocker Initiated GC) [PSYoungGen: 121472K->54742K(173056K)] 520378K->454072K(697344K), 0.0064378 secs] [Times: user=0.06 sys=0.00, real=0.00 secs] 
2016-09-25T21:48:52.032-0400: 14.099: [GC (GCLocker Initiated GC) [PSYoungGen: 142806K->46816K(174080K)] 543495K->469478K(698368K), 0.0069730 secs] [Times: user=0.09 sys=0.01, real=0.01 secs] 
2016-09-25T21:48:52.083-0400: 14.150: [GC (GCLocker Initiated GC) [PSYoungGen: 134880K->58888K(174080K)] 560485K->484897K(698368K), 0.0056471 secs] [Times: user=0.07 sys=0.00, real=0.00 secs] 
2016-09-25T21:48:52.134-0400: 14.202: [GC (GCLocker Initiated GC) [PSYoungGen: 150024K->60330K(174080K)] 582282K->492946K(698368K), 0.0063677 secs] [Times: user=0.08 sys=0.00, real=0.00 secs] 
2016-09-25T21:48:52.187-0400: 14.254: [GC (GCLocker Initiated GC) [PSYoungGen: 151466K->30487K(177664K)] 586816K->482447K(701952K), 0.0069505 secs] [Times: user=0.05 sys=0.01, real=0.00 secs] 
2016-09-25T21:48:52.238-0400: 14.305: [GC (GCLocker Initiated GC) [PSYoungGen: 124695K->56284K(150528K)] 576669K->532993K(674816K), 0.0084581 secs] [Times: user=0.11 sys=0.00, real=0.01 secs] 
2016-09-25T21:48:52.297-0400: 14.365: [GC (GCLocker Initiated GC) [PSYoungGen: 150492K->60284K(177152K)] 629952K->550926K(701440K), 0.0110547 secs] [Times: user=0.15 sys=0.01, real=0.01 secs] 
2016-09-25T21:48:52.309-0400: 14.376: [Full GC (Ergonomics) [PSYoungGen: 60284K->0K(177152K)] [ParOldGen: 490642K->52982K(524288K)] 550926K->52982K(701440K), [Metaspace: 42941K->42938K(1085440K)], 0.1802489 secs] [Times: user=2.45 sys=0.02, real=0.18 secs] 
2016-09-25T21:48:52.541-0400: 14.608: [GC (GCLocker Initiated GC) [PSYoungGen: 94208K->49722K(144384K)] 147828K->103350K(668672K), 0.0055920 secs] [Times: user=0.05 sys=0.00, real=0.01 secs] 
2016-09-25T21:48:52.592-0400: 14.659: [GC (GCLocker Initiated GC) [PSYoungGen: 143930K->62970K(174592K)] 200304K->120027K(698880K), 0.0050803 secs] [Times: user=0.05 sys=0.00, real=0.01 secs] 
2016-09-25T21:48:52.654-0400: 14.721: [GC (GCLocker Initiated GC) [PSYoungGen: 157178K->42638K(176128K)] 219713K->105515K(700416K), 0.0059570 secs] [Times: user=0.04 sys=0.01, real=0.01 secs] 
2016-09-25T21:48:52.739-0400: 14.806: [GC (GCLocker Initiated GC) [PSYoungGen: 136846K->45448K(177152K)] 209344K->118326K(701440K), 0.0084207 secs] [Times: user=0.09 sys=0.00, real=0.01 secs] 
2016-09-25T21:48:52.796-0400: 14.863: [GC (GCLocker Initiated GC) [PSYoungGen: 145288K->50816K(178688K)] 223814K->154116K(702976K), 0.0063177 secs] [Times: user=0.06 sys=0.00, real=0.01 secs] 
2016-09-25T21:48:52.859-0400: 14.926: [GC (GCLocker Initiated GC) [PSYoungGen: 150656K->43924K(182272K)] 260822K->154483K(706560K), 0.0068750 secs] [Times: user=0.08 sys=0.00, real=0.01 secs] 
2016-09-25T21:48:52.922-0400: 14.990: [GC (GCLocker Initiated GC) [PSYoungGen: 150932K->37187K(181760K)] 268376K->157704K(706048K), 0.0209885 secs] [Times: user=0.23 sys=0.00, real=0.02 secs] 
2016-09-25T21:48:52.998-0400: 15.065: [GC (GCLocker Initiated GC) [PSYoungGen: 144195K->52229K(186368K)] 267446K->194837K(710656K), 0.0130923 secs] [Times: user=0.17 sys=0.00, real=0.01 secs] 
2016-09-25T21:48:53.077-0400: 15.144: [GC (GCLocker Initiated GC) [PSYoungGen: 165381K->41429K(186368K)] 313427K->211532K(710656K), 0.0052573 secs] [Times: user=0.07 sys=0.00, real=0.01 secs] 
2016-09-25T21:48:53.141-0400: 15.208: [GC (GCLocker Initiated GC) [PSYoungGen: 154581K->54943K(187904K)] 330120K->247155K(712192K), 0.0060920 secs] [Times: user=0.07 sys=0.00, real=0.01 secs] 
2016-09-25T21:48:53.213-0400: 15.280: [GC (GCLocker Initiated GC) [PSYoungGen: 170655K->49621K(187904K)] 371051K->277497K(712192K), 0.0065593 secs] [Times: user=0.07 sys=0.00, real=0.01 secs] 
2016-09-25T21:48:53.276-0400: 15.343: [GC (GCLocker Initiated GC) [PSYoungGen: 165333K->61666K(185344K)] 393281K->306370K(709632K), 0.0068988 secs] [Times: user=0.09 sys=0.00, real=0.01 secs] 
2016-09-25T21:48:53.343-0400: 15.410: [GC (GCLocker Initiated GC) [PSYoungGen: 176866K->72558K(187904K)] 424364K->320452K(712192K), 0.0072653 secs] [Times: user=0.10 sys=0.00, real=0.00 secs] 
2016-09-25T21:48:53.412-0400: 15.479: [GC (GCLocker Initiated GC) [PSYoungGen: 187758K->58902K(179712K)] 435746K->312778K(704000K), 0.0062306 secs] [Times: user=0.09 sys=0.00, real=0.01 secs] 
2016-09-25T21:48:53.468-0400: 15.535: [GC (GCLocker Initiated GC) [PSYoungGen: 164374K->56326K(183808K)] 426366K->318738K(708096K), 0.0057675 secs] [Times: user=0.08 sys=0.00, real=0.00 secs] 
2016-09-25T21:48:53.528-0400: 15.595: [GC (GCLocker Initiated GC) [PSYoungGen: 161798K->64302K(181760K)] 427073K->330065K(706048K), 0.0054875 secs] [Times: user=0.07 sys=0.00, real=0.00 secs] 
2016-09-25T21:48:53.592-0400: 15.659: [GC (GCLocker Initiated GC) [PSYoungGen: 168750K->34661K(139264K)] 446794K->315801K(663552K), 0.0058714 secs] [Times: user=0.03 sys=0.00, real=0.01 secs] 
2016-09-25T21:48:53.648-0400: 15.715: [GC (GCLocker Initiated GC) [PSYoungGen: 139109K->75212K(171008K)] 425757K->362347K(695296K), 0.0066106 secs] [Times: user=0.09 sys=0.00, real=0.01 secs] 
2016-09-25T21:48:53.703-0400: 15.770: [GC (GCLocker Initiated GC) [PSYoungGen: 166348K->57615K(176640K)] 460242K->360051K(700928K), 0.0061411 secs] [Times: user=0.08 sys=0.00, real=0.00 secs] 
2016-09-25T21:48:53.762-0400: 15.829: [GC (GCLocker Initiated GC) [PSYoungGen: 148751K->64302K(175616K)] 453921K->375282K(699904K), 0.0065585 secs] [Times: user=0.09 sys=0.00, real=0.01 secs] 
2016-09-25T21:48:53.820-0400: 15.887: [GC (GCLocker Initiated GC) [PSYoungGen: 157486K->68448K(161792K)] 471218K->398784K(686080K), 0.0079593 secs] [Times: user=0.10 sys=0.00, real=0.01 secs] 
2016-09-25T21:48:53.876-0400: 15.943: [GC (GCLocker Initiated GC) [PSYoungGen: 161632K->71116K(174080K)] 497480K->407351K(698368K), 0.0062785 secs] [Times: user=0.07 sys=0.00, real=0.01 secs] 
2016-09-25T21:48:53.925-0400: 15.992: [GC (GCLocker Initiated GC) [PSYoungGen: 159180K->69720K(175104K)] 495459K->417203K(699392K), 0.0067434 secs] [Times: user=0.10 sys=0.00, real=0.00 secs] 
2016-09-25T21:48:53.980-0400: 16.047: [GC (GCLocker Initiated GC) [PSYoungGen: 157784K->45511K(175104K)] 514841K->443442K(699392K), 0.0082327 secs] [Times: user=0.12 sys=0.00, real=0.01 secs] 
2016-09-25T21:48:54.031-0400: 16.098: [GC (GCLocker Initiated GC) [PSYoungGen: 133575K->80584K(175104K)] 531551K->489800K(699392K), 0.0085479 secs] [Times: user=0.13 sys=0.00, real=0.01 secs] 
2016-09-25T21:48:54.085-0400: 16.152: [GC (GCLocker Initiated GC) [PSYoungGen: 168648K->57583K(175104K)] 579217K->487442K(699392K), 0.0103523 secs] [Times: user=0.15 sys=0.00, real=0.01 secs] 
2016-09-25T21:48:54.143-0400: 16.210: [GC (GCLocker Initiated GC) [PSYoungGen: 145647K->64319K(175104K)] 575628K->516312K(699392K), 0.0076394 secs] [Times: user=0.11 sys=0.01, real=0.00 secs] 
2016-09-25T21:48:54.197-0400: 16.264: [GC (GCLocker Initiated GC) [PSYoungGen: 152383K->65683K(175104K)] 607221K->520878K(699392K), 0.0064643 secs] [Times: user=0.09 sys=0.00, real=0.01 secs] 
2016-09-25T21:48:54.256-0400: 16.323: [GC (GCLocker Initiated GC) [PSYoungGen: 153747K->68337K(175104K)] 610381K->525390K(699392K), 0.0064352 secs] [Times: user=0.09 sys=0.00, real=0.01 secs] 
2016-09-25T21:48:54.313-0400: 16.380: [GC (GCLocker Initiated GC) [PSYoungGen: 156401K->52151K(175104K)] 620291K->538006K(699392K), 0.0066792 secs] [Times: user=0.09 sys=0.00, real=0.01 secs] 
2016-09-25T21:48:54.365-0400: 16.432: [Full GC (Ergonomics) [PSYoungGen: 140215K->0K(175104K)] [ParOldGen: 487254K->58373K(524288K)] 627469K->58373K(699392K), [Metaspace: 43199K->43199K(1085440K)], 0.0495685 secs] [Times: user=0.33 sys=0.04, real=0.05 secs] 
2016-09-25T21:48:54.458-0400: 16.525: [GC (GCLocker Initiated GC) [PSYoungGen: 88064K->71294K(175104K)] 149198K->132428K(699392K), 0.0064578 secs] [Times: user=0.08 sys=0.00, real=0.01 secs] 
2016-09-25T21:48:54.511-0400: 16.578: [GC (GCLocker Initiated GC) [PSYoungGen: 159358K->76469K(175104K)] 220572K->141037K(699392K), 0.0069560 secs] [Times: user=0.08 sys=0.01, real=0.01 secs] 
2016-09-25T21:48:54.571-0400: 16.638: [GC (GCLocker Initiated GC) [PSYoungGen: 164533K->48179K(175104K)] 238710K->136228K(699392K), 0.0116763 secs] [Times: user=0.15 sys=0.00, real=0.02 secs] 
2016-09-25T21:48:54.631-0400: 16.698: [GC (GCLocker Initiated GC) [PSYoungGen: 136243K->64319K(175104K)] 227066K->170465K(699392K), 0.0064022 secs] [Times: user=0.09 sys=0.00, real=0.01 secs] 
2016-09-25T21:48:54.692-0400: 16.759: [GC (GCLocker Initiated GC) [PSYoungGen: 152383K->45465K(175104K)] 258973K->174060K(699392K), 0.0062204 secs] [Times: user=0.08 sys=0.00, real=0.01 secs] 
2016-09-25T21:48:54.746-0400: 16.813: [GC (GCLocker Initiated GC) [PSYoungGen: 133529K->44097K(175104K)] 278489K->189460K(699392K), 0.0046359 secs] [Times: user=0.04 sys=0.01, real=0.00 secs] 
2016-09-25T21:48:54.794-0400: 16.861: [GC (GCLocker Initiated GC) [PSYoungGen: 132161K->72529K(175104K)] 281823K->222609K(699392K), 0.0097329 secs] [Times: user=0.14 sys=0.00, real=0.02 secs] 
2016-09-25T21:48:54.848-0400: 16.915: [GC (GCLocker Initiated GC) [PSYoungGen: 160593K->80520K(175104K)] 310690K->231027K(699392K), 0.0069152 secs] [Times: user=0.09 sys=0.00, real=0.01 secs] 
2016-09-25T21:48:54.902-0400: 16.969: [GC (GCLocker Initiated GC) [PSYoungGen: 168584K->48151K(175104K)] 319096K->209821K(699392K), 0.0063197 secs] [Times: user=0.09 sys=0.00, real=0.01 secs] 
2016-09-25T21:48:54.958-0400: 17.026: [GC (GCLocker Initiated GC) [PSYoungGen: 136215K->56123K(175104K)] 297898K->218148K(699392K), 0.0056886 secs] [Times: user=0.06 sys=0.00, real=0.01 secs] 
2016-09-25T21:48:55.008-0400: 17.075: [GC (GCLocker Initiated GC) [PSYoungGen: 144187K->40001K(175104K)] 315869K->225556K(699392K), 0.0049262 secs] [Times: user=0.05 sys=0.00, real=0.00 secs] 
2016-09-25T21:48:55.059-0400: 17.127: [GC (GCLocker Initiated GC) [PSYoungGen: 128065K->54792K(175104K)] 313767K->254412K(699392K), 0.0060895 secs] [Times: user=0.08 sys=0.01, real=0.01 secs] 
2016-09-25T21:48:55.112-0400: 17.179: [GC (GCLocker Initiated GC) [PSYoungGen: 142856K->49483K(175104K)] 345336K->263067K(699392K), 0.0088208 secs] [Times: user=0.11 sys=0.01, real=0.01 secs] 
2016-09-25T21:48:55.177-0400: 17.244: [GC (GCLocker Initiated GC) [PSYoungGen: 137547K->67097K(175104K)] 354004K->286658K(699392K), 0.0086762 secs] [Times: user=0.12 sys=0.00, real=0.01 secs] 
2016-09-25T21:48:55.234-0400: 17.301: [GC (GCLocker Initiated GC) [PSYoungGen: 155161K->46751K(175104K)] 382830K->274791K(699392K), 0.0054844 secs] [Times: user=0.05 sys=0.00, real=0.00 secs] 
2016-09-25T21:48:55.293-0400: 17.360: [GC (GCLocker Initiated GC) [PSYoungGen: 134815K->66987K(175104K)] 362888K->295487K(699392K), 0.0058386 secs] [Times: user=0.07 sys=0.00, real=0.01 secs] 
2016-09-25T21:48:55.350-0400: 17.417: [GC (GCLocker Initiated GC) [PSYoungGen: 155051K->35805K(175104K)] 391782K->278253K(699392K), 0.0135982 secs] [Times: user=0.15 sys=0.00, real=0.02 secs] 
2016-09-25T21:48:55.412-0400: 17.479: [GC (GCLocker Initiated GC) [PSYoungGen: 123869K->57569K(174080K)] 366360K->311309K(698368K), 0.0065720 secs] [Times: user=0.08 sys=0.00, real=0.01 secs] 
2016-09-25T21:48:55.463-0400: 17.530: [GC (GCLocker Initiated GC) [PSYoungGen: 145633K->58965K(147456K)] 402156K->340169K(671744K), 0.0076820 secs] [Times: user=0.08 sys=0.02, real=0.00 secs] 
2016-09-25T21:48:55.513-0400: 17.580: [GC (GCLocker Initiated GC) [PSYoungGen: 147029K->34601K(173056K)] 434936K->347203K(697344K), 0.0058475 secs] [Times: user=0.07 sys=0.01, real=0.01 secs] 
2016-09-25T21:48:55.562-0400: 17.629: [GC (GCLocker Initiated GC) [PSYoungGen: 123177K->64256K(174080K)] 435866K->388180K(698368K), 0.0087780 secs] [Times: user=0.08 sys=0.01, real=0.00 secs] 
2016-09-25T21:48:55.616-0400: 17.683: [GC (GCLocker Initiated GC) [PSYoungGen: 152832K->49501K(173056K)] 476796K->390039K(697344K), 0.0062104 secs] [Times: user=0.08 sys=0.00, real=0.01 secs] 
2016-09-25T21:48:55.670-0400: 17.737: [GC (GCLocker Initiated GC) [PSYoungGen: 140125K->39842K(174592K)] 484825K->384890K(698880K), 0.0092190 secs] [Times: user=0.09 sys=0.00, real=0.01 secs] 
2016-09-25T21:48:55.725-0400: 17.792: [GC (GCLocker Initiated GC) [PSYoungGen: 130466K->56219K(173568K)] 475550K->431500K(697856K), 0.0120033 secs] [Times: user=0.16 sys=0.00, real=0.01 secs] 
2016-09-25T21:48:55.800-0400: 17.867: [GC (GCLocker Initiated GC) [PSYoungGen: 150939K->60347K(176128K)] 528994K->457707K(700416K), 0.0090532 secs] [Times: user=0.12 sys=0.01, real=0.01 secs] 
2016-09-25T21:48:55.868-0400: 17.936: [GC (GCLocker Initiated GC) [PSYoungGen: 155067K->61615K(180736K)] 557909K->475652K(705024K), 0.0091584 secs] [Times: user=0.12 sys=0.00, real=0.01 secs] 
2016-09-25T21:48:55.949-0400: 18.016: [GC (GCLocker Initiated GC) [PSYoungGen: 160943K->30487K(130048K)] 577683K->474675K(654336K), 0.0077669 secs] [Times: user=0.09 sys=0.00, real=0.01 secs] 
2016-09-25T21:48:56.017-0400: 18.084: [GC (GCLocker Initiated GC) [PSYoungGen: 129815K->53579K(181760K)] 580866K->505008K(706048K), 0.0050825 secs] [Times: user=0.06 sys=0.01, real=0.01 secs] 
2016-09-25T21:48:56.082-0400: 18.149: [GC (GCLocker Initiated GC) [PSYoungGen: 152395K->72433K(171520K)] 603844K->524339K(695808K), 0.0069038 secs] [Times: user=0.09 sys=0.01, real=0.00 secs] 
2016-09-25T21:48:56.159-0400: 18.226: [GC (GCLocker Initiated GC) [PSYoungGen: 171249K->57551K(179200K)] 625919K->523456K(703488K), 0.0061679 secs] [Times: user=0.09 sys=0.00, real=0.01 secs] 
2016-09-25T21:48:56.228-0400: 18.295: [Full GC (Ergonomics) [PSYoungGen: 151759K->0K(179200K)] [ParOldGen: 494371K->79171K(524288K)] 646130K->79171K(703488K), [Metaspace: 43225K->43225K(1085440K)], 0.0558435 secs] [Times: user=0.37 sys=0.00, real=0.06 secs] 
2016-09-25T21:48:56.345-0400: 18.412: [GC (GCLocker Initiated GC) [PSYoungGen: 94208K->76598K(171008K)] 173438K->155828K(695296K), 0.0086889 secs] [Times: user=0.13 sys=0.00, real=0.00 secs] 
2016-09-25T21:48:56.412-0400: 18.479: [GC (GCLocker Initiated GC) [PSYoungGen: 170806K->64334K(175104K)] 250041K->146698K(699392K), 0.0077077 secs] [Times: user=0.10 sys=0.00, real=0.01 secs] 
2016-09-25T21:48:56.475-0400: 18.542: [GC (GCLocker Initiated GC) [PSYoungGen: 152398K->73815K(175104K)] 234823K->156644K(699392K), 0.0099880 secs] [Times: user=0.14 sys=0.00, real=0.01 secs] 
2016-09-25T21:48:56.547-0400: 18.614: [GC (GCLocker Initiated GC) [PSYoungGen: 161879K->35951K(175104K)] 250243K->148989K(699392K), 0.0071174 secs] [Times: user=0.06 sys=0.00, real=0.00 secs] 
2016-09-25T21:48:56.601-0400: 18.669: [GC (GCLocker Initiated GC) [PSYoungGen: 124015K->40157K(175104K)] 253475K->170012K(699392K), 0.0051410 secs] [Times: user=0.06 sys=0.00, real=0.01 secs] 
2016-09-25T21:48:56.664-0400: 18.731: [GC (GCLocker Initiated GC) [PSYoungGen: 128221K->62969K(175104K)] 263539K->198743K(699392K), 0.0061846 secs] [Times: user=0.07 sys=0.00, real=0.00 secs] 
2016-09-25T21:48:56.729-0400: 18.796: [GC (GCLocker Initiated GC) [PSYoungGen: 151033K->54915K(175104K)] 292351K->210106K(699392K), 0.0091024 secs] [Times: user=0.12 sys=0.00, real=0.01 secs] 
2016-09-25T21:48:56.796-0400: 18.863: [GC (Allocation Failure) [PSYoungGen: 142979K->36029K(175104K)] 310434K->203894K(699392K), 0.0042456 secs] [Times: user=0.05 sys=0.00, real=0.00 secs] 
2016-09-25T21:48:56.852-0400: 18.919: [GC (GCLocker Initiated GC) [PSYoungGen: 124061K->61619K(175104K)] 293277K->242084K(699392K), 0.0128155 secs] [Times: user=0.19 sys=0.00, real=0.02 secs] 
2016-09-25T21:48:56.924-0400: 18.991: [GC (GCLocker Initiated GC) [PSYoungGen: 149683K->71037K(175104K)] 330214K->251942K(699392K), 0.0079540 secs] [Times: user=0.08 sys=0.00, real=0.00 secs] 
2016-09-25T21:48:56.984-0400: 19.051: [GC (GCLocker Initiated GC) [PSYoungGen: 159101K->61587K(175104K)] 342853K->259173K(699392K), 0.0062219 secs] [Times: user=0.07 sys=0.00, real=0.00 secs] 
2016-09-25T21:48:57.044-0400: 19.111: [GC (GCLocker Initiated GC) [PSYoungGen: 149651K->48257K(175104K)] 358096K->257050K(699392K), 0.0072931 secs] [Times: user=0.05 sys=0.00, real=0.00 secs] 
2016-09-25T21:48:57.111-0400: 19.178: [GC (GCLocker Initiated GC) [PSYoungGen: 136321K->60128K(148480K)] 345163K->269456K(672768K), 0.0057067 secs] [Times: user=0.06 sys=0.00, real=0.01 secs] 
2016-09-25T21:48:57.175-0400: 19.242: [GC (GCLocker Initiated GC) [PSYoungGen: 148192K->68415K(172032K)] 360316K->280844K(696320K), 0.0068543 secs] [Times: user=0.08 sys=0.00, real=0.00 secs] 
2016-09-25T21:48:57.239-0400: 19.306: [GC (GCLocker Initiated GC) [PSYoungGen: 154943K->61634K(173568K)] 370300K->293602K(697856K), 0.0089284 secs] [Times: user=0.11 sys=0.00, real=0.01 secs] 
2016-09-25T21:48:57.298-0400: 19.365: [GC (GCLocker Initiated GC) [PSYoungGen: 148162K->75166K(173568K)] 385760K->313199K(697856K), 0.0085962 secs] [Times: user=0.09 sys=0.00, real=0.01 secs] 
2016-09-25T21:48:57.362-0400: 19.429: [GC (GCLocker Initiated GC) [PSYoungGen: 163230K->69752K(175104K)] 401356K->308273K(699392K), 0.0061966 secs] [Times: user=0.07 sys=0.01, real=0.01 secs] 
2016-09-25T21:48:57.419-0400: 19.486: [GC (GCLocker Initiated GC) [PSYoungGen: 157816K->65670K(175104K)] 396356K->315359K(699392K), 0.0094692 secs] [Times: user=0.14 sys=0.00, real=0.01 secs] 
2016-09-25T21:48:57.477-0400: 19.544: [GC (Allocation Failure) [PSYoungGen: 153734K->52073K(175104K)] 409010K->307715K(699392K), 0.0048478 secs] [Times: user=0.05 sys=0.00, real=0.00 secs] 
2016-09-25T21:48:57.482-0400: 19.549: [GC (GCLocker Initiated GC) [PSYoungGen: 52674K->192K(175104K)] 308316K->307600K(699392K), 0.0047847 secs] [Times: user=0.05 sys=0.01, real=0.00 secs] 
2016-09-25T21:48:57.540-0400: 19.607: [GC (GCLocker Initiated GC) [PSYoungGen: 88256K->57652K(175104K)] 395670K->365067K(699392K), 0.0054114 secs] [Times: user=0.07 sys=0.00, real=0.01 secs] 
2016-09-25T21:48:57.599-0400: 19.666: [GC (GCLocker Initiated GC) [PSYoungGen: 145716K->57460K(175104K)] 455938K->376302K(699392K), 0.0063816 secs] [Times: user=0.08 sys=0.00, real=0.01 secs] 
2016-09-25T21:48:57.658-0400: 19.725: [GC (GCLocker Initiated GC) [PSYoungGen: 145524K->53428K(141824K)] 464544K->399800K(666112K), 0.0100350 secs] [Times: user=0.14 sys=0.00, real=0.01 secs] 
2016-09-25T21:48:57.731-0400: 19.798: [GC (GCLocker Initiated GC) [PSYoungGen: 141492K->62942K(174592K)] 498731K->420513K(698880K), 0.0056040 secs] [Times: user=0.07 sys=0.00, real=0.01 secs] 
2016-09-25T21:48:57.788-0400: 19.855: [GC (GCLocker Initiated GC) [PSYoungGen: 151006K->69600K(174592K)] 508742K->430361K(698880K), 0.0065185 secs] [Times: user=0.09 sys=0.00, real=0.01 secs] 
2016-09-25T21:48:57.849-0400: 19.916: [GC (GCLocker Initiated GC) [PSYoungGen: 157664K->49272K(175104K)] 533433K->441491K(699392K), 0.0060163 secs] [Times: user=0.08 sys=0.00, real=0.01 secs] 
2016-09-25T21:48:57.905-0400: 19.972: [GC (GCLocker Initiated GC) [PSYoungGen: 137848K->65457K(175104K)] 532960K->460831K(699392K), 0.0101093 secs] [Times: user=0.14 sys=0.00, real=0.01 secs] 
2016-09-25T21:48:57.964-0400: 20.032: [GC (GCLocker Initiated GC) [PSYoungGen: 154033K->61472K(173056K)] 554924K->473392K(697344K), 0.0064646 secs] [Times: user=0.09 sys=0.00, real=0.00 secs] 
2016-09-25T21:48:58.030-0400: 20.097: [GC (GCLocker Initiated GC) [PSYoungGen: 150048K->54785K(174080K)] 570138K->491313K(698368K), 0.0099573 secs] [Times: user=0.10 sys=0.00, real=0.01 secs] 
2016-09-25T21:48:58.094-0400: 20.162: [GC (GCLocker Initiated GC) [PSYoungGen: 143361K->50607K(174592K)] 579946K->509048K(698880K), 0.0127001 secs] [Times: user=0.13 sys=0.01, real=0.01 secs] 
2016-09-25T21:48:58.178-0400: 20.245: [GC (GCLocker Initiated GC) [PSYoungGen: 143791K->50561K(175104K)] 609090K->516042K(699392K), 0.0169430 secs] [Times: user=0.21 sys=0.02, real=0.02 secs] 
2016-09-25T21:48:58.247-0400: 20.315: [GC (GCLocker Initiated GC) [PSYoungGen: 143745K->70971K(175616K)] 611970K->552936K(699904K), 0.0069309 secs] [Times: user=0.09 sys=0.01, real=0.01 secs] 
2016-09-25T21:48:58.314-0400: 20.381: [GC (GCLocker Initiated GC) [PSYoungGen: 166203K->58804K(178688K)] 648190K->554531K(702976K), 0.0091862 secs] [Times: user=0.12 sys=0.01, real=0.01 secs] 
2016-09-25T21:48:58.324-0400: 20.391: [Full GC (Ergonomics) [PSYoungGen: 58804K->0K(178688K)] [ParOldGen: 495727K->79572K(524288K)] 554531K->79572K(702976K), [Metaspace: 43241K->43241K(1085440K)], 0.0604099 secs] [Times: user=0.46 sys=0.00, real=0.06 secs] 
2016-09-25T21:48:58.443-0400: 20.510: [GC (GCLocker Initiated GC) [PSYoungGen: 95232K->62982K(176640K)] 177650K->145400K(700928K), 0.0056578 secs] [Times: user=0.07 sys=0.00, real=0.00 secs] 
2016-09-25T21:48:58.511-0400: 20.578: [GC (GCLocker Initiated GC) [PSYoungGen: 160262K->58772K(178176K)] 252235K->151179K(702464K), 0.0057596 secs] [Times: user=0.07 sys=0.00, real=0.01 secs] 
2016-09-25T21:48:58.585-0400: 20.652: [GC (GCLocker Initiated GC) [PSYoungGen: 156052K->66921K(179200K)] 254018K->165145K(703488K), 0.0086048 secs] [Times: user=0.12 sys=0.00, real=0.00 secs] 
2016-09-25T21:48:58.654-0400: 20.721: [GC (GCLocker Initiated GC) [PSYoungGen: 167273K->38475K(180736K)] 275012K->162670K(705024K), 0.0066728 secs] [Times: user=0.08 sys=0.01, real=0.01 secs] 
2016-09-25T21:48:58.711-0400: 20.778: [GC (GCLocker Initiated GC) [PSYoungGen: 138827K->64218K(179712K)] 263137K->188804K(704000K), 0.0079271 secs] [Times: user=0.09 sys=0.00, real=0.01 secs] 
2016-09-25T21:48:58.782-0400: 20.849: [GC (GCLocker Initiated GC) [PSYoungGen: 162522K->65522K(163840K)] 287253K->201276K(688128K), 0.0063098 secs] [Times: user=0.08 sys=0.00, real=0.01 secs] 
2016-09-25T21:48:58.845-0400: 20.912: [GC (GCLocker Initiated GC) [PSYoungGen: 163826K->50704K(180736K)] 305029K->219156K(705024K), 0.0099449 secs] [Times: user=0.12 sys=0.00, real=0.01 secs] 
2016-09-25T21:48:58.932-0400: 20.999: [GC (GCLocker Initiated GC) [PSYoungGen: 149008K->23625K(122368K)] 330987K->205838K(646656K), 0.0125581 secs] [Times: user=0.12 sys=0.00, real=0.02 secs] 
2016-09-25T21:48:59.011-0400: 21.078: [GC (GCLocker Initiated GC) [PSYoungGen: 121929K->35583K(177152K)] 306965K->220821K(701440K), 0.0065569 secs] [Times: user=0.04 sys=0.00, real=0.01 secs] 
2016-09-25T21:48:59.063-0400: 21.130: [GC (GCLocker Initiated GC) [PSYoungGen: 127743K->39650K(132096K)] 313024K->235914K(656384K), 0.0097246 secs] [Times: user=0.07 sys=0.00, real=0.00 secs] 
2016-09-25T21:48:59.120-0400: 21.187: [GC (GCLocker Initiated GC) [PSYoungGen: 131810K->49356K(179200K)] 336283K->254029K(703488K), 0.0066399 secs] [Times: user=0.05 sys=0.00, real=0.01 secs] 
2016-09-25T21:48:59.185-0400: 21.252: [GC (GCLocker Initiated GC) [PSYoungGen: 144588K->39871K(176128K)] 358846K->262447K(700416K), 0.0091226 secs] [Times: user=0.12 sys=0.00, real=0.01 secs] 
2016-09-25T21:49:06.485-0400: 28.552: [GC (GCLocker Initiated GC) [PSYoungGen: 135103K->49147K(178176K)] 360425K->274677K(702464K), 0.0086869 secs] [Times: user=0.04 sys=0.03, real=0.00 secs] 
2016-09-25T21:49:06.560-0400: 28.627: [GC (GCLocker Initiated GC) [PSYoungGen: 149499K->30171K(177152K)] 386026K->293905K(701440K), 0.0078463 secs] [Times: user=0.06 sys=0.00, real=0.01 secs] 
2016-09-25T21:49:06.647-0400: 28.715: [GC (GCLocker Initiated GC) [PSYoungGen: 130523K->41064K(182272K)] 394279K->305054K(706560K), 0.0111778 secs] [Times: user=0.09 sys=0.00, real=0.01 secs] 
2016-09-25T21:49:06.728-0400: 28.795: [GC (GCLocker Initiated GC) [PSYoungGen: 148584K->38239K(183296K)] 418022K->307869K(707584K), 0.0100551 secs] [Times: user=0.07 sys=0.01, real=0.01 secs] 
2016-09-25T21:49:06.821-0400: 28.888: [GC (GCLocker Initiated GC) [PSYoungGen: 145759K->39889K(182272K)] 420930K->347735K(706560K), 0.0114241 secs] [Times: user=0.12 sys=0.00, real=0.01 secs] 
2016-09-25T21:49:06.912-0400: 28.979: [GC (GCLocker Initiated GC) [PSYoungGen: 151505K->51960K(184320K)] 459387K->368177K(708608K), 0.0315218 secs] [Times: user=0.33 sys=0.01, real=0.04 secs] 
2016-09-25T21:49:07.018-0400: 29.085: [GC (GCLocker Initiated GC) [PSYoungGen: 163576K->50497K(187392K)] 479848K->375086K(711680K), 0.0062667 secs] [Times: user=0.06 sys=0.00, real=0.01 secs] 
2016-09-25T21:49:07.099-0400: 29.166: [GC (GCLocker Initiated GC) [PSYoungGen: 167233K->31573K(188416K)] 494718K->364660K(712704K), 0.0126624 secs] [Times: user=0.12 sys=0.01, real=0.01 secs] 
2016-09-25T21:49:07.203-0400: 29.270: [GC (GCLocker Initiated GC) [PSYoungGen: 148309K->61505K(184320K)] 481413K->402979K(708608K), 0.0062254 secs] [Times: user=0.07 sys=0.00, real=0.00 secs] 
2016-09-25T21:49:07.304-0400: 29.371: [GC (GCLocker Initiated GC) [PSYoungGen: 174145K->38500K(187392K)] 529238K->407354K(711680K), 0.0059255 secs] [Times: user=0.05 sys=0.00, real=0.00 secs] 
2016-09-25T21:49:07.407-0400: 29.475: [GC (GCLocker Initiated GC) [PSYoungGen: 151140K->37174K(183296K)] 526750K->437405K(707584K), 0.0101846 secs] [Times: user=0.09 sys=0.00, real=0.01 secs] 
2016-09-25T21:49:07.499-0400: 29.566: [GC (GCLocker Initiated GC) [PSYoungGen: 150838K->44086K(185856K)] 555223K->448826K(710144K), 0.0091423 secs] [Times: user=0.08 sys=0.00, real=0.01 secs] 
2016-09-25T21:49:07.614-0400: 29.681: [GC (GCLocker Initiated GC) [PSYoungGen: 157750K->45508K(185856K)] 569339K->473725K(710144K), 0.0063788 secs] [Times: user=0.08 sys=0.00, real=0.00 secs] 
2016-09-25T21:49:07.712-0400: 29.779: [GC (GCLocker Initiated GC) [PSYoungGen: 165828K->50982K(187904K)] 602245K->506825K(712192K), 0.0078837 secs] [Times: user=0.09 sys=0.01, real=0.01 secs] 
2016-09-25T21:49:07.816-0400: 29.883: [GC (GCLocker Initiated GC) [PSYoungGen: 171302K->52307K(193536K)] 627224K->530373K(717824K), 0.0071212 secs] [Times: user=0.09 sys=0.00, real=0.01 secs] 
2016-09-25T21:49:07.908-0400: 29.975: [GC (GCLocker Initiated GC) [PSYoungGen: 178259K->60467K(186880K)] 659055K->541774K(711168K), 0.0071729 secs] [Times: user=0.09 sys=0.00, real=0.01 secs] 
2016-09-25T21:49:08.029-0400: 30.096: [GC (GCLocker Initiated GC) [PSYoungGen: 186419K->46909K(193536K)] 673326K->534355K(717824K), 0.0060696 secs] [Times: user=0.06 sys=0.00, real=0.01 secs] 
2016-09-25T21:49:08.132-0400: 30.199: [Full GC (Ergonomics) [PSYoungGen: 169277K->0K(193536K)] [ParOldGen: 492881K->86651K(524288K)] 662159K->86651K(717824K), [Metaspace: 43261K->43261K(1085440K)], 0.0648770 secs] [Times: user=0.43 sys=0.02, real=0.07 secs] 
2016-09-25T21:49:08.286-0400: 30.353: [GC (GCLocker Initiated GC) [PSYoungGen: 122368K->45908K(168448K)] 217275K->140815K(692736K), 0.0176689 secs] [Times: user=0.17 sys=0.00, real=0.02 secs] 
2016-09-25T21:49:08.397-0400: 30.464: [GC (GCLocker Initiated GC) [PSYoungGen: 168276K->52232K(189440K)] 265896K->152072K(713728K), 0.0097046 secs] [Times: user=0.12 sys=0.00, real=0.01 secs] 
2016-09-25T21:49:08.497-0400: 30.565: [GC (GCLocker Initiated GC) [PSYoungGen: 174600K->59040K(189440K)] 274488K->162151K(713728K), 0.0121693 secs] [Times: user=0.14 sys=0.00, real=0.01 secs] 
2016-09-25T21:49:08.605-0400: 30.672: [GC (GCLocker Initiated GC) [PSYoungGen: 181408K->40070K(193536K)] 295423K->176250K(717824K), 0.0135691 secs] [Times: user=0.14 sys=0.00, real=0.01 secs] 
2016-09-25T21:49:08.724-0400: 30.791: [GC (GCLocker Initiated GC) [PSYoungGen: 164486K->45585K(170496K)] 303404K->201359K(694784K), 0.0203982 secs] [Times: user=0.26 sys=0.00, real=0.02 secs] 
2016-09-25T21:49:08.839-0400: 30.906: [GC (GCLocker Initiated GC) [PSYoungGen: 170001K->57825K(189952K)] 325983K->241370K(714240K), 0.0076662 secs] [Times: user=0.08 sys=0.01, real=0.01 secs] 
2016-09-25T21:49:08.956-0400: 31.023: [GC (GCLocker Initiated GC) [PSYoungGen: 180705K->67218K(190464K)] 364374K->251444K(714752K), 0.0060385 secs] [Times: user=0.08 sys=0.00, real=0.01 secs] 
2016-09-25T21:49:09.066-0400: 31.133: [GC (GCLocker Initiated GC) [PSYoungGen: 190098K->63218K(182272K)] 377077K->264245K(706560K), 0.0102616 secs] [Times: user=0.12 sys=0.00, real=0.01 secs] 
2016-09-25T21:49:09.165-0400: 31.232: [GC (GCLocker Initiated GC) [PSYoungGen: 173810K->57650K(186368K)] 374882K->270120K(710656K), 0.0250883 secs] [Times: user=0.34 sys=0.00, real=0.02 secs] 
2016-09-25T21:49:09.274-0400: 31.341: [GC (GCLocker Initiated GC) [PSYoungGen: 168242K->63117K(183296K)] 380817K->276218K(707584K), 0.0059231 secs] [Times: user=0.08 sys=0.01, real=0.01 secs] 
2016-09-25T21:49:09.356-0400: 31.423: [GC (GCLocker Initiated GC) [PSYoungGen: 170637K->57757K(184832K)] 385462K->286635K(709120K), 0.0068477 secs] [Times: user=0.09 sys=0.00, real=0.01 secs] 
2016-09-25T21:49:09.443-0400: 31.510: [GC (GCLocker Initiated GC) [PSYoungGen: 165277K->51012K(181248K)] 402316K->302144K(705536K), 0.0066049 secs] [Times: user=0.07 sys=0.00, real=0.00 secs] 
2016-09-25T21:49:09.548-0400: 31.615: [GC (GCLocker Initiated GC) [PSYoungGen: 159556K->40125K(183296K)] 418869K->299983K(707584K), 0.0083732 secs] [Times: user=0.10 sys=0.00, real=0.01 secs] 
2016-09-25T21:49:09.657-0400: 31.724: [GC (GCLocker Initiated GC) [PSYoungGen: 148669K->36230K(185856K)] 422070K->310197K(710144K), 0.0080351 secs] [Times: user=0.08 sys=0.00, real=0.01 secs] 
2016-09-25T21:49:09.760-0400: 31.827: [GC (GCLocker Initiated GC) [PSYoungGen: 146822K->56333K(186368K)] 420929K->331078K(710656K), 0.0148144 secs] [Times: user=0.18 sys=0.00, real=0.02 secs] 
2016-09-25T21:49:09.874-0400: 31.941: [GC (GCLocker Initiated GC) [PSYoungGen: 166925K->42690K(184320K)] 441694K->318010K(708608K), 0.0118768 secs] [Times: user=0.09 sys=0.00, real=0.01 secs] 
2016-09-25T21:49:09.962-0400: 32.029: [GC (GCLocker Initiated GC) [PSYoungGen: 153794K->49703K(185344K)] 429301K->341930K(709632K), 0.0108305 secs] [Times: user=0.12 sys=0.00, real=0.01 secs] 
2016-09-25T21:49:10.079-0400: 32.146: [GC (GCLocker Initiated GC) [PSYoungGen: 160807K->44297K(186880K)] 456863K->341000K(711168K), 0.0057216 secs] [Times: user=0.05 sys=0.00, real=0.01 secs] 
2016-09-25T21:49:10.152-0400: 32.219: [GC (GCLocker Initiated GC) [PSYoungGen: 160009K->68709K(184832K)] 458139K->370156K(709120K), 0.0106225 secs] [Times: user=0.14 sys=0.00, real=0.02 secs] 
2016-09-25T21:49:10.285-0400: 32.352: [GC (GCLocker Initiated GC) [PSYoungGen: 184421K->57818K(186368K)] 485983K->370870K(710656K), 0.0227327 secs] [Times: user=0.28 sys=0.01, real=0.02 secs] 
2016-09-25T21:49:10.407-0400: 32.474: [GC (GCLocker Initiated GC) [PSYoungGen: 168410K->63167K(174080K)] 486966K->382296K(698368K), 0.0167259 secs] [Times: user=0.17 sys=0.00, real=0.02 secs] 
2016-09-25T21:49:10.561-0400: 32.628: [GC (GCLocker Initiated GC) [PSYoungGen: 173759K->56527K(185856K)] 493064K->390015K(710144K), 0.0075809 secs] [Times: user=0.09 sys=0.00, real=0.01 secs] 
2016-09-25T21:49:10.659-0400: 32.726: [GC (GCLocker Initiated GC) [PSYoungGen: 165071K->51148K(159744K)] 508231K->395005K(684032K), 0.0158751 secs] [Times: user=0.21 sys=0.00, real=0.02 secs] 
2016-09-25T21:49:10.806-0400: 32.873: [GC (GCLocker Initiated GC) [PSYoungGen: 159692K->41400K(182784K)] 507631K->390033K(707072K), 0.0158499 secs] [Times: user=0.15 sys=0.00, real=0.02 secs] 
2016-09-25T21:49:10.914-0400: 32.981: [GC (GCLocker Initiated GC) [PSYoungGen: 149944K->38842K(182784K)] 506750K->420624K(707072K), 0.0161430 secs] [Times: user=0.17 sys=0.01, real=0.02 secs] 
2016-09-25T21:49:11.036-0400: 33.103: [GC (GCLocker Initiated GC) [PSYoungGen: 147386K->71423K(176640K)] 529249K->453936K(700928K), 0.0227993 secs] [Times: user=0.28 sys=0.01, real=0.02 secs] 
2016-09-25T21:49:11.146-0400: 33.213: [GC (GCLocker Initiated GC) [PSYoungGen: 173823K->68535K(171008K)] 556377K->462591K(695296K), 0.0153569 secs] [Times: user=0.14 sys=0.00, real=0.01 secs] 
2016-09-25T21:49:11.263-0400: 33.330: [GC (GCLocker Initiated GC) [PSYoungGen: 170935K->45438K(180736K)] 565180K->464578K(705024K), 0.0090696 secs] [Times: user=0.08 sys=0.00, real=0.00 secs] 
2016-09-25T21:49:11.343-0400: 33.410: [GC (GCLocker Initiated GC) [PSYoungGen: 143230K->55233K(153088K)] 566490K->492665K(677376K), 0.0124932 secs] [Times: user=0.14 sys=0.00, real=0.01 secs] 
2016-09-25T21:49:11.484-0400: 33.551: [GC (GCLocker Initiated GC) [PSYoungGen: 153025K->56539K(178688K)] 590512K->516331K(702976K), 0.0073100 secs] [Times: user=0.07 sys=0.01, real=0.00 secs] 
2016-09-25T21:49:11.562-0400: 33.629: [GC (GCLocker Initiated GC) [PSYoungGen: 155867K->51011K(177152K)] 618434K->530399K(701440K), 0.0068505 secs] [Times: user=0.08 sys=0.00, real=0.01 secs] 
2016-09-25T21:49:11.683-0400: 33.750: [GC (GCLocker Initiated GC) [PSYoungGen: 150339K->54974K(182272K)] 629789K->537753K(706560K), 0.0216046 secs] [Times: user=0.23 sys=0.01, real=0.02 secs] 
2016-09-25T21:49:11.789-0400: 33.856: [Full GC (Ergonomics) [PSYoungGen: 161982K->0K(182272K)] [ParOldGen: 490978K->107349K(524288K)] 652960K->107349K(706560K), [Metaspace: 43278K->43278K(1085440K)], 0.0698336 secs] [Times: user=0.43 sys=0.02, real=0.07 secs] 
2016-09-25T21:49:11.946-0400: 34.013: [GC (GCLocker Initiated GC) [PSYoungGen: 107008K->58221K(181248K)] 214457K->165671K(705536K), 0.0060577 secs] [Times: user=0.05 sys=0.00, real=0.00 secs] 
2016-09-25T21:49:12.057-0400: 34.124: [GC (GCLocker Initiated GC) [PSYoungGen: 165229K->51233K(186880K)] 286335K->192296K(711168K), 0.0066498 secs] [Times: user=0.09 sys=0.00, real=0.01 secs] 
2016-09-25T21:49:12.166-0400: 34.233: [GC (GCLocker Initiated GC) [PSYoungGen: 164897K->55227K(186368K)] 311430K->221487K(710656K), 0.0091757 secs] [Times: user=0.10 sys=0.00, real=0.01 secs] 
2016-09-25T21:49:12.263-0400: 34.330: [GC (GCLocker Initiated GC) [PSYoungGen: 168891K->53742K(187904K)] 335168K->230201K(712192K), 0.0059345 secs] [Times: user=0.07 sys=0.01, real=0.00 secs] 
2016-09-25T21:49:12.372-0400: 34.439: [GC (GCLocker Initiated GC) [PSYoungGen: 171502K->45853K(187392K)] 350766K->242057K(711680K), 0.0124307 secs] [Times: user=0.12 sys=0.00, real=0.02 secs] 
2016-09-25T21:49:12.491-0400: 34.559: [GC (GCLocker Initiated GC) [PSYoungGen: 163613K->56533K(192000K)] 362539K->264334K(716288K), 0.0199905 secs] [Times: user=0.27 sys=0.00, real=0.02 secs] 
2016-09-25T21:49:12.628-0400: 34.695: [GC (GCLocker Initiated GC) [PSYoungGen: 179413K->33449K(156672K)] 388784K->262398K(680960K), 0.0063248 secs] [Times: user=0.08 sys=0.00, real=0.01 secs] 
2016-09-25T21:49:12.746-0400: 34.813: [GC (GCLocker Initiated GC) [PSYoungGen: 156329K->33230K(188928K)] 390771K->268216K(713216K), 0.0077012 secs] [Times: user=0.07 sys=0.01, real=0.00 secs] 
2016-09-25T21:49:12.849-0400: 34.917: [GC (GCLocker Initiated GC) [PSYoungGen: 150990K->42814K(189952K)] 391543K->283917K(714240K), 0.0075578 secs] [Times: user=0.08 sys=0.00, real=0.01 secs] 
2016-09-25T21:49:12.962-0400: 35.029: [GC (GCLocker Initiated GC) [PSYoungGen: 160574K->59098K(187904K)] 404413K->303397K(712192K), 0.0056065 secs] [Times: user=0.06 sys=0.01, real=0.01 secs] 
2016-09-25T21:49:13.050-0400: 35.117: [GC (GCLocker Initiated GC) [PSYoungGen: 175834K->64503K(181248K)] 425685K->314889K(705536K), 0.0090054 secs] [Times: user=0.14 sys=0.00, real=0.01 secs] 
2016-09-25T21:49:13.150-0400: 35.217: [GC (GCLocker Initiated GC) [PSYoungGen: 181239K->42955K(187392K)] 443926K->316955K(711680K), 0.0056120 secs] [Times: user=0.07 sys=0.01, real=0.01 secs] 
2016-09-25T21:49:13.240-0400: 35.307: [GC (GCLocker Initiated GC) [PSYoungGen: 154571K->59064K(186368K)] 431339K->336417K(710656K), 0.0062907 secs] [Times: user=0.08 sys=0.00, real=0.01 secs] 
2016-09-25T21:49:13.333-0400: 35.400: [GC (GCLocker Initiated GC) [PSYoungGen: 170680K->69869K(178176K)] 448078K->355814K(702464K), 0.0172671 secs] [Times: user=0.25 sys=0.01, real=0.02 secs] 
2016-09-25T21:49:13.426-0400: 35.493: [GC (GCLocker Initiated GC) [PSYoungGen: 172269K->38523K(182272K)] 463665K->338518K(706560K), 0.0124264 secs] [Times: user=0.13 sys=0.00, real=0.01 secs] 
2016-09-25T21:49:13.521-0400: 35.588: [GC (GCLocker Initiated GC) [PSYoungGen: 140923K->45450K(179200K)] 445032K->379751K(703488K), 0.0067640 secs] [Times: user=0.09 sys=0.00, real=0.01 secs] 
2016-09-25T21:49:13.594-0400: 35.661: [GC (GCLocker Initiated GC) [PSYoungGen: 147850K->43824K(180736K)] 482288K->381406K(705024K), 0.0062582 secs] [Times: user=0.04 sys=0.00, real=0.00 secs] 
2016-09-25T21:49:13.668-0400: 35.735: [GC (GCLocker Initiated GC) [PSYoungGen: 146224K->66968K(178176K)] 483869K->405053K(702464K), 0.0272117 secs] [Times: user=0.31 sys=0.01, real=0.03 secs] 
2016-09-25T21:49:13.774-0400: 35.841: [GC (GCLocker Initiated GC) [PSYoungGen: 168344K->31891K(133632K)] 516023K->407011K(657920K), 0.0107202 secs] [Times: user=0.06 sys=0.00, real=0.02 secs] 
2016-09-25T21:49:13.859-0400: 35.926: [GC (GCLocker Initiated GC) [PSYoungGen: 133267K->38503K(182272K)] 516563K->433118K(706560K), 0.0226670 secs] [Times: user=0.25 sys=0.00, real=0.02 secs] 
2016-09-25T21:49:13.962-0400: 36.029: [GC (GCLocker Initiated GC) [PSYoungGen: 139879K->52143K(153600K)] 537237K->471548K(677888K), 0.0092562 secs] [Times: user=0.10 sys=0.00, real=0.01 secs] 
2016-09-25T21:49:14.043-0400: 36.110: [GC (GCLocker Initiated GC) [PSYoungGen: 153519K->56163K(179200K)] 572977K->497663K(703488K), 0.0084930 secs] [Times: user=0.09 sys=0.01, real=0.00 secs] 
2016-09-25T21:49:14.121-0400: 36.189: [GC (GCLocker Initiated GC) [PSYoungGen: 157539K->49498K(179200K)] 601817K->510396K(703488K), 0.0080353 secs] [Times: user=0.08 sys=0.00, real=0.01 secs] 
2016-09-25T21:49:14.208-0400: 36.275: [GC (GCLocker Initiated GC) [PSYoungGen: 150874K->42750K(182272K)] 620002K->512368K(706560K), 0.0076029 secs] [Times: user=0.08 sys=0.00, real=0.01 secs] 
2016-09-25T21:49:14.313-0400: 36.380: [GC (GCLocker Initiated GC) [PSYoungGen: 150270K->33378K(181248K)] 632059K->515652K(705536K), 0.0062866 secs] [Times: user=0.07 sys=0.00, real=0.01 secs] 
2016-09-25T21:49:14.396-0400: 36.463: [GC (GCLocker Initiated GC) [PSYoungGen: 140898K->60304K(183296K)] 623306K->543218K(707584K), 0.0065945 secs] [Times: user=0.06 sys=0.00, real=0.01 secs] 
2016-09-25T21:49:14.496-0400: 36.563: [Full GC (Ergonomics) [PSYoungGen: 169872K->0K(183296K)] [ParOldGen: 499286K->114598K(524288K)] 669158K->114598K(707584K), [Metaspace: 43283K->43283K(1085440K)], 0.0544226 secs] [Times: user=0.28 sys=0.01, real=0.05 secs] 
2016-09-25T21:49:14.627-0400: 36.694: [GC (GCLocker Initiated GC) [PSYoungGen: 109568K->61695K(171520K)] 227038K->179166K(695808K), 0.0067985 secs] [Times: user=0.05 sys=0.00, real=0.00 secs] 
2016-09-25T21:49:14.710-0400: 36.777: [GC (GCLocker Initiated GC) [PSYoungGen: 171263K->50789K(186368K)] 288860K->186561K(710656K), 0.0259839 secs] [Times: user=0.36 sys=0.00, real=0.03 secs] 
2016-09-25T21:49:14.818-0400: 36.885: [GC (GCLocker Initiated GC) [PSYoungGen: 158821K->53705K(161792K)] 309473K->218367K(686080K), 0.0063390 secs] [Times: user=0.07 sys=0.00, real=0.01 secs] 
2016-09-25T21:49:14.895-0400: 36.963: [GC (GCLocker Initiated GC) [PSYoungGen: 161737K->69919K(177152K)] 329150K->237883K(701440K), 0.0090467 secs] [Times: user=0.09 sys=0.01, real=0.01 secs] 
2016-09-25T21:49:14.973-0400: 37.040: [GC (GCLocker Initiated GC) [PSYoungGen: 172831K->64313K(167424K)] 340956K->232915K(691712K), 0.0082417 secs] [Times: user=0.08 sys=0.01, real=0.01 secs] 
2016-09-25T21:49:15.051-0400: 37.118: [GC (GCLocker Initiated GC) [PSYoungGen: 167225K->61671K(181248K)] 335868K->230745K(705536K), 0.0059205 secs] [Times: user=0.07 sys=0.00, real=0.01 secs] 
2016-09-25T21:49:15.122-0400: 37.189: [GC (GCLocker Initiated GC) [PSYoungGen: 162023K->53677K(154112K)] 337952K->251646K(678400K), 0.0086885 secs] [Times: user=0.11 sys=0.01, real=0.00 secs] 
2016-09-25T21:49:15.199-0400: 37.266: [GC (GCLocker Initiated GC) [PSYoungGen: 154029K->72513K(175104K)] 354775K->290014K(699392K), 0.0087771 secs] [Times: user=0.13 sys=0.00, real=0.01 secs] 
2016-09-25T21:49:15.269-0400: 37.336: [GC (GCLocker Initiated GC) [PSYoungGen: 168769K->69777K(166400K)] 386346K->301280K(690688K), 0.0065942 secs] [Times: user=0.08 sys=0.00, real=0.01 secs] 
2016-09-25T21:49:15.341-0400: 37.408: [GC (GCLocker Initiated GC) [PSYoungGen: 166033K->50868K(178688K)] 397584K->301774K(702976K), 0.0058962 secs] [Times: user=0.08 sys=0.00, real=0.01 secs] 
2016-09-25T21:49:15.424-0400: 37.491: [GC (GCLocker Initiated GC) [PSYoungGen: 144052K->38812K(176640K)] 403156K->325362K(700928K), 0.0078111 secs] [Times: user=0.11 sys=0.01, real=0.00 secs] 
2016-09-25T21:49:15.514-0400: 37.581: [GC (GCLocker Initiated GC) [PSYoungGen: 131996K->68333K(174080K)] 418717K->366371K(698368K), 0.0084683 secs] [Times: user=0.07 sys=0.00, real=0.02 secs] 
2016-09-25T21:49:15.578-0400: 37.645: [GC (GCLocker Initiated GC) [PSYoungGen: 158445K->60332K(176128K)] 456490K->374890K(700416K), 0.0063559 secs] [Times: user=0.08 sys=0.00, real=0.01 secs] 
2016-09-25T21:49:15.672-0400: 37.739: [GC (GCLocker Initiated GC) [PSYoungGen: 150444K->58892K(171520K)] 467765K->376665K(695808K), 0.0255988 secs] [Times: user=0.33 sys=0.01, real=0.03 secs] 
2016-09-25T21:49:15.759-0400: 37.826: [GC (GCLocker Initiated GC) [PSYoungGen: 150540K->64398K(174080K)] 468388K->406988K(698368K), 0.0071364 secs] [Times: user=0.08 sys=0.00, real=0.01 secs] 
2016-09-25T21:49:15.839-0400: 37.906: [GC (GCLocker Initiated GC) [PSYoungGen: 156046K->41304K(179200K)] 506905K->419582K(703488K), 0.0100027 secs] [Times: user=0.10 sys=0.00, real=0.01 secs] 
2016-09-25T21:49:15.946-0400: 38.013: [GC (GCLocker Initiated GC) [PSYoungGen: 137560K->52075K(148480K)] 524008K->438895K(672768K), 0.0179511 secs] [Times: user=0.18 sys=0.00, real=0.02 secs] 
2016-09-25T21:49:16.027-0400: 38.094: [GC (Allocation Failure) [PSYoungGen: 148331K->27693K(175616K)] 542001K->429854K(699904K), 0.0224919 secs] [Times: user=0.25 sys=0.00, real=0.02 secs] 
2016-09-25T21:49:16.160-0400: 38.227: [GC (GCLocker Initiated GC) [PSYoungGen: 121901K->50832K(177664K)] 524064K->472348K(701952K), 0.0119844 secs] [Times: user=0.17 sys=0.00, real=0.01 secs] 
2016-09-25T21:49:16.228-0400: 38.295: [GC (GCLocker Initiated GC) [PSYoungGen: 145040K->61729K(177664K)] 572105K->489163K(701952K), 0.0056241 secs] [Times: user=0.08 sys=0.00, real=0.00 secs] 
2016-09-25T21:49:16.329-0400: 38.396: [GC (GCLocker Initiated GC) [PSYoungGen: 158497K->52230K(178176K)] 594116K->509942K(702464K), 0.0100790 secs] [Times: user=0.13 sys=0.00, real=0.01 secs] 
2016-09-25T21:49:16.413-0400: 38.480: [GC (GCLocker Initiated GC) [PSYoungGen: 148998K->60312K(178688K)] 606821K->518609K(702976K), 0.0068436 secs] [Times: user=0.08 sys=0.01, real=0.01 secs] 
2016-09-25T21:49:16.484-0400: 38.551: [GC (GCLocker Initiated GC) [PSYoungGen: 160152K->68483K(178688K)] 621199K->529962K(702976K), 0.0096951 secs] [Times: user=0.10 sys=0.00, real=0.00 secs] 
2016-09-25T21:49:16.586-0400: 38.653: [GC (GCLocker Initiated GC) [PSYoungGen: 168323K->46844K(181760K)] 632614K->516950K(706048K), 0.0200652 secs] [Times: user=0.24 sys=0.00, real=0.02 secs] 
2016-09-25T21:49:16.674-0400: 38.742: [GC (GCLocker Initiated GC) [PSYoungGen: 146684K->58960K(159232K)] 619555K->545883K(683520K), 0.0087827 secs] [Times: user=0.08 sys=0.01, real=0.01 secs] 
2016-09-25T21:49:16.800-0400: 38.867: [Full GC (Ergonomics) [PSYoungGen: 158800K->0K(159232K)] [ParOldGen: 492340K->121565K(524288K)] 651140K->121565K(683520K), [Metaspace: 43299K->43299K(1085440K)], 0.0727228 secs] [Times: user=0.54 sys=0.02, real=0.07 secs] 
2016-09-25T21:49:16.943-0400: 39.010: [GC (GCLocker Initiated GC) [PSYoungGen: 99840K->30828K(177152K)] 232352K->163341K(701440K), 0.0285305 secs] [Times: user=0.37 sys=0.01, real=0.02 secs] 
2016-09-25T21:49:17.034-0400: 39.101: [GC (GCLocker Initiated GC) [PSYoungGen: 128620K->79233K(177152K)] 261342K->214114K(701440K), 0.0138086 secs] [Times: user=0.16 sys=0.01, real=0.02 secs] 
2016-09-25T21:49:17.123-0400: 39.190: [GC (GCLocker Initiated GC) [PSYoungGen: 177025K->48055K(175104K)] 311908K->183343K(699392K), 0.0077430 secs] [Times: user=0.08 sys=0.00, real=0.00 secs] 
2016-09-25T21:49:17.209-0400: 39.276: [GC (GCLocker Initiated GC) [PSYoungGen: 138167K->25185K(115712K)] 292474K->179865K(640000K), 0.0283754 secs] [Times: user=0.30 sys=0.00, real=0.03 secs] 
2016-09-25T21:49:17.314-0400: 39.382: [GC (GCLocker Initiated GC) [PSYoungGen: 115297K->52173K(177664K)] 275543K->214335K(701952K), 0.0088785 secs] [Times: user=0.11 sys=0.00, real=0.01 secs] 
2016-09-25T21:49:17.384-0400: 39.451: [GC (GCLocker Initiated GC) [PSYoungGen: 142797K->56305K(146944K)] 315787K->240488K(671232K), 0.0086926 secs] [Times: user=0.11 sys=0.01, real=0.00 secs] 
2016-09-25T21:49:17.471-0400: 39.538: [GC (GCLocker Initiated GC) [PSYoungGen: 146929K->56318K(175104K)] 334662K->248561K(699392K), 0.0078846 secs] [Times: user=0.06 sys=0.00, real=0.01 secs] 
2016-09-25T21:49:17.552-0400: 39.619: [GC (GCLocker Initiated GC) [PSYoungGen: 148478K->45427K(173568K)] 343527K->259831K(697856K), 0.0060815 secs] [Times: user=0.08 sys=0.00, real=0.01 secs] 
2016-09-25T21:49:17.632-0400: 39.700: [GC (Allocation Failure) [PSYoungGen: 137587K->49554K(178176K)] 363013K->275401K(702464K), 0.0071884 secs] [Times: user=0.11 sys=0.00, real=0.01 secs] 
2016-09-25T21:49:17.721-0400: 39.788: [GC (GCLocker Initiated GC) [PSYoungGen: 149906K->53532K(177664K)] 375759K->279834K(701952K), 0.0227227 secs] [Times: user=0.25 sys=0.01, real=0.03 secs] 
2016-09-25T21:49:17.815-0400: 39.882: [GC (GCLocker Initiated GC) [PSYoungGen: 153884K->30567K(181760K)] 386990K->264035K(706048K), 0.0091641 secs] [Times: user=0.07 sys=0.00, real=0.01 secs] 
2016-09-25T21:49:17.894-0400: 39.961: [GC (Allocation Failure) [PSYoungGen: 136551K->64354K(170496K)] 374296K->302598K(694784K), 0.0062082 secs] [Times: user=0.08 sys=0.01, real=0.01 secs] 
2016-09-25T21:49:17.966-0400: 40.033: [GC (GCLocker Initiated GC) [PSYoungGen: 170338K->73831K(172032K)] 408585K->323303K(696320K), 0.0094024 secs] [Times: user=0.13 sys=0.01, real=0.01 secs] 
2016-09-25T21:49:18.047-0400: 40.114: [GC (GCLocker Initiated GC) [PSYoungGen: 165991K->62915K(155136K)] 415511K->312861K(679424K), 0.0119982 secs] [Times: user=0.10 sys=0.00, real=0.01 secs] 
2016-09-25T21:49:18.114-0400: 40.181: [GC (GCLocker Initiated GC) [PSYoungGen: 155075K->57500K(178688K)] 405030K->321321K(702976K), 0.0095862 secs] [Times: user=0.10 sys=0.00, real=0.02 secs] 
2016-09-25T21:49:18.186-0400: 40.253: [GC (GCLocker Initiated GC) [PSYoungGen: 150684K->42833K(136192K)] 432081K->324629K(660480K), 0.0053298 secs] [Times: user=0.04 sys=0.01, real=0.00 secs] 
2016-09-25T21:49:18.257-0400: 40.324: [GC (GCLocker Initiated GC) [PSYoungGen: 136017K->62972K(175616K)] 423295K->350753K(699904K), 0.0064261 secs] [Times: user=0.07 sys=0.00, real=0.01 secs] 
2016-09-25T21:49:18.328-0400: 40.396: [GC (GCLocker Initiated GC) [PSYoungGen: 155644K->42897K(176128K)] 455600K->348628K(700416K), 0.0085563 secs] [Times: user=0.10 sys=0.00, real=0.01 secs] 
2016-09-25T21:49:18.401-0400: 40.468: [GC (GCLocker Initiated GC) [PSYoungGen: 135569K->54836K(175104K)] 444033K->374615K(699392K), 0.0083987 secs] [Times: user=0.11 sys=0.00, real=0.01 secs] 
2016-09-25T21:49:18.474-0400: 40.542: [GC (GCLocker Initiated GC) [PSYoungGen: 151092K->69730K(176640K)] 473592K->395293K(700928K), 0.0093842 secs] [Times: user=0.11 sys=0.01, real=0.01 secs] 
2016-09-25T21:49:18.544-0400: 40.611: [GC (GCLocker Initiated GC) [PSYoungGen: 165986K->52257K(179712K)] 497100K->394571K(704000K), 0.0060677 secs] [Times: user=0.08 sys=0.00, real=0.00 secs] 
2016-09-25T21:49:18.619-0400: 40.687: [GC (GCLocker Initiated GC) [PSYoungGen: 149537K->64466K(178688K)] 498140K->424314K(702976K), 0.0082603 secs] [Times: user=0.12 sys=0.00, real=0.01 secs] 
2016-09-25T21:49:18.693-0400: 40.760: [GC (GCLocker Initiated GC) [PSYoungGen: 161746K->61626K(180224K)] 528587K->455923K(704512K), 0.0101603 secs] [Times: user=0.12 sys=0.00, real=0.02 secs] 
2016-09-25T21:49:18.771-0400: 40.839: [GC (GCLocker Initiated GC) [PSYoungGen: 159930K->52112K(150528K)] 561223K->453809K(674816K), 0.0106940 secs] [Times: user=0.10 sys=0.01, real=0.02 secs] 
2016-09-25T21:49:18.843-0400: 40.910: [GC (GCLocker Initiated GC) [PSYoungGen: 150416K->57371K(180224K)] 552162K->459489K(704512K), 0.0207103 secs] [Times: user=0.25 sys=0.00, real=0.02 secs] 
2016-09-25T21:49:18.943-0400: 41.010: [GC (GCLocker Initiated GC) [PSYoungGen: 157723K->33237K(178176K)] 570676K->446524K(702464K), 0.0053731 secs] [Times: user=0.05 sys=0.00, real=0.00 secs] 
2016-09-25T21:49:19.015-0400: 41.082: [GC (GCLocker Initiated GC) [PSYoungGen: 133589K->50710K(182272K)] 550930K->468472K(706560K), 0.0060101 secs] [Times: user=0.06 sys=0.01, real=0.00 secs] 
2016-09-25T21:49:19.099-0400: 41.166: [GC (GCLocker Initiated GC) [PSYoungGen: 155158K->64294K(182272K)] 575683K->485251K(706560K), 0.0170808 secs] [Times: user=0.23 sys=0.01, real=0.02 secs] 
2016-09-25T21:49:19.189-0400: 41.256: [GC (GCLocker Initiated GC) [PSYoungGen: 168742K->57652K(182784K)] 597837K->511435K(707072K), 0.0070650 secs] [Times: user=0.09 sys=0.00, real=0.01 secs] 
2016-09-25T21:49:19.269-0400: 41.336: [GC (GCLocker Initiated GC) [PSYoungGen: 162612K->65720K(171008K)] 618192K->521740K(695296K), 0.0067576 secs] [Times: user=0.08 sys=0.00, real=0.01 secs] 
2016-09-25T21:49:19.341-0400: 41.408: [GC (GCLocker Initiated GC) [PSYoungGen: 170680K->50804K(183808K)] 627752K->521800K(708096K), 0.0063097 secs] [Times: user=0.07 sys=0.00, real=0.01 secs] 
2016-09-25T21:49:19.404-0400: 41.472: [GC (GCLocker Initiated GC) [PSYoungGen: 154740K->76505K(180736K)] 628523K->564225K(705024K), 0.0121408 secs] [Times: user=0.15 sys=0.01, real=0.01 secs] 
2016-09-25T21:49:19.499-0400: 41.566: [Full GC (Ergonomics) [PSYoungGen: 180441K->0K(180736K)] [ParOldGen: 497229K->136129K(524288K)] 677670K->136129K(705024K), [Metaspace: 43312K->43312K(1085440K)], 0.0603661 secs] [Times: user=0.36 sys=0.01, real=0.06 secs] 
2016-09-25T21:49:19.628-0400: 41.696: [GC (GCLocker Initiated GC) [PSYoungGen: 103936K->64620K(175616K)] 245599K->206284K(699904K), 0.0054930 secs] [Times: user=0.07 sys=0.00, real=0.00 secs] 
2016-09-25T21:49:19.697-0400: 41.764: [GC (GCLocker Initiated GC) [PSYoungGen: 158828K->48194K(178176K)] 314091K->209579K(702464K), 0.0048218 secs] [Times: user=0.05 sys=0.00, real=0.00 secs] 
2016-09-25T21:49:19.762-0400: 41.829: [GC (GCLocker Initiated GC) [PSYoungGen: 142402K->73803K(172032K)] 306648K->249289K(696320K), 0.0070481 secs] [Times: user=0.09 sys=0.01, real=0.00 secs] 
2016-09-25T21:49:19.825-0400: 41.892: [GC (GCLocker Initiated GC) [PSYoungGen: 162891K->64287K(175616K)] 341327K->253929K(699904K), 0.0059361 secs] [Times: user=0.08 sys=0.00, real=0.00 secs] 
2016-09-25T21:49:19.893-0400: 41.960: [GC (GCLocker Initiated GC) [PSYoungGen: 153375K->66976K(175104K)] 343043K->257040K(699392K), 0.0262765 secs] [Times: user=0.30 sys=0.01, real=0.03 secs] 
2016-09-25T21:49:19.990-0400: 42.057: [GC (GCLocker Initiated GC) [PSYoungGen: 156576K->22450K(112128K)] 365831K->250919K(636416K), 0.0152346 secs] [Times: user=0.22 sys=0.02, real=0.02 secs] 
2016-09-25T21:49:20.066-0400: 42.133: [GC (GCLocker Initiated GC) [PSYoungGen: 112050K->52322K(175104K)] 355381K->296087K(699392K), 0.0058362 secs] [Times: user=0.07 sys=0.00, real=0.00 secs] 
2016-09-25T21:49:20.132-0400: 42.199: [GC (GCLocker Initiated GC) [PSYoungGen: 140386K->43899K(132096K)] 386932K->290831K(656384K), 0.0167041 secs] [Times: user=0.20 sys=0.00, real=0.02 secs] 
2016-09-25T21:49:20.215-0400: 42.282: [GC (GCLocker Initiated GC) [PSYoungGen: 131963K->50757K(176128K)] 384416K->311657K(700416K), 0.0123610 secs] [Times: user=0.14 sys=0.00, real=0.01 secs] 
2016-09-25T21:49:20.285-0400: 42.352: [GC (GCLocker Initiated GC) [PSYoungGen: 140869K->50801K(141312K)] 410093K->342024K(665600K), 0.0182981 secs] [Times: user=0.24 sys=0.00, real=0.02 secs] 
2016-09-25T21:49:20.360-0400: 42.427: [GC (GCLocker Initiated GC) [PSYoungGen: 140913K->41103K(174080K)] 432144K->332690K(698368K), 0.0062538 secs] [Times: user=0.05 sys=0.00, real=0.01 secs] 
2016-09-25T21:49:20.437-0400: 42.504: [GC (GCLocker Initiated GC) [PSYoungGen: 133775K->56094K(173568K)] 425389K->348087K(697856K), 0.0117355 secs] [Times: user=0.17 sys=0.00, real=0.01 secs] 
2016-09-25T21:49:20.499-0400: 42.566: [GC (GCLocker Initiated GC) [PSYoungGen: 148766K->58858K(179712K)] 440855K->352657K(704000K), 0.0112341 secs] [Times: user=0.10 sys=0.00, real=0.01 secs] 
2016-09-25T21:49:20.606-0400: 42.673: [GC (GCLocker Initiated GC) [PSYoungGen: 159210K->40003K(179200K)] 461317K->358677K(703488K), 0.0126196 secs] [Times: user=0.11 sys=0.00, real=0.01 secs] 
2016-09-25T21:49:20.685-0400: 42.752: [GC (GCLocker Initiated GC) [PSYoungGen: 140355K->49473K(179712K)] 460345K->383425K(704000K), 0.0104363 secs] [Times: user=0.15 sys=0.00, real=0.01 secs] 
2016-09-25T21:49:20.778-0400: 42.845: [GC (GCLocker Initiated GC) [PSYoungGen: 153921K->76473K(181248K)] 487910K->410863K(705536K), 0.0108717 secs] [Times: user=0.15 sys=0.00, real=0.01 secs] 
2016-09-25T21:49:20.883-0400: 42.950: [GC (Allocation Failure) [PSYoungGen: 180921K->37393K(176128K)] 531524K->396489K(700416K), 0.0088762 secs] [Times: user=0.11 sys=0.00, real=0.00 secs] 
2016-09-25T21:49:20.948-0400: 43.015: [GC (GCLocker Initiated GC) [PSYoungGen: 131972K->54810K(178688K)] 493768K->427909K(702976K), 0.0089699 secs] [Times: user=0.08 sys=0.00, real=0.01 secs] 
2016-09-25T21:49:21.062-0400: 43.129: [GC (GCLocker Initiated GC) [PSYoungGen: 150042K->60231K(178688K)] 525874K->436421K(702976K), 0.0130614 secs] [Times: user=0.10 sys=0.01, real=0.02 secs] 
2016-09-25T21:49:21.140-0400: 43.207: [GC (GCLocker Initiated GC) [PSYoungGen: 158023K->42879K(178688K)] 543284K->452815K(702976K), 0.0067362 secs] [Times: user=0.07 sys=0.00, real=0.01 secs] 
2016-09-25T21:49:21.220-0400: 43.287: [GC (GCLocker Initiated GC) [PSYoungGen: 140671K->67013K(177152K)] 550614K->477417K(701440K), 0.0099125 secs] [Times: user=0.11 sys=0.02, real=0.01 secs] 
2016-09-25T21:49:21.326-0400: 43.393: [GC (GCLocker Initiated GC) [PSYoungGen: 164293K->49380K(179712K)] 577508K->462954K(704000K), 0.0062733 secs] [Times: user=0.06 sys=0.00, real=0.00 secs] 
2016-09-25T21:49:21.389-0400: 43.456: [GC (GCLocker Initiated GC) [PSYoungGen: 146660K->39847K(179200K)] 564624K->471675K(703488K), 0.0216479 secs] [Times: user=0.24 sys=0.00, real=0.02 secs] 
2016-09-25T21:49:21.510-0400: 43.577: [GC (GCLocker Initiated GC) [PSYoungGen: 139175K->61691K(179712K)] 573828K->502189K(704000K), 0.0133249 secs] [Times: user=0.16 sys=0.01, real=0.02 secs] 
2016-09-25T21:49:21.583-0400: 43.650: [GC (GCLocker Initiated GC) [PSYoungGen: 161019K->56291K(179200K)] 601545K->516138K(703488K), 0.0062122 secs] [Times: user=0.09 sys=0.00, real=0.00 secs] 
2016-09-25T21:49:21.667-0400: 43.734: [GC (GCLocker Initiated GC) [PSYoungGen: 157155K->54858K(180224K)] 617080K->515204K(704512K), 0.0136699 secs] [Times: user=0.14 sys=0.00, real=0.01 secs] 
2016-09-25T21:49:21.760-0400: 43.827: [GC (GCLocker Initiated GC) [PSYoungGen: 155722K->61768K(181248K)] 624406K->530901K(705536K), 0.0119515 secs] [Times: user=0.20 sys=0.00, real=0.01 secs] 
2016-09-25T21:49:21.842-0400: 43.909: [GC (GCLocker Initiated GC) [PSYoungGen: 165704K->49611K(181760K)] 635237K->519602K(706048K), 0.0116114 secs] [Times: user=0.11 sys=0.00, real=0.01 secs] 
2016-09-25T21:49:21.972-0400: 44.039: [GC (GCLocker Initiated GC) [PSYoungGen: 153547K->60322K(182784K)] 631868K->539076K(707072K), 0.0061876 secs] [Times: user=0.08 sys=0.00, real=0.01 secs] 
2016-09-25T21:49:22.045-0400: 44.112: [GC (GCLocker Initiated GC) [PSYoungGen: 166818K->72491K(179200K)] 645739K->551846K(703488K), 0.0070873 secs] [Times: user=0.10 sys=0.00, real=0.00 secs] 
2016-09-25T21:49:22.124-0400: 44.191: [GC (Allocation Failure) [PSYoungGen: 178987K->76631K(171008K)] 665953K->564010K(695296K), 0.0073863 secs] [Times: user=0.10 sys=0.00, real=0.00 secs] 
2016-09-25T21:49:22.132-0400: 44.200: [GC (GCLocker Initiated GC) --[PSYoungGen: 77563K->77563K(171008K)] 564942K->600653K(695296K), 0.0090396 secs] [Times: user=0.03 sys=0.05, real=0.01 secs] 
2016-09-25T21:49:22.142-0400: 44.209: [Full GC (Ergonomics) [PSYoungGen: 77563K->0K(171008K)] [ParOldGen: 523089K->153442K(524288K)] 600653K->153442K(695296K), [Metaspace: 43445K->43445K(1085440K)], 0.0549328 secs] [Times: user=0.39 sys=0.02, real=0.06 secs] 
2016-09-25T21:49:22.274-0400: 44.341: [GC (GCLocker Initiated GC) [PSYoungGen: 90112K->71224K(161792K)] 243562K->224675K(686080K), 0.0065993 secs] [Times: user=0.09 sys=0.01, real=0.00 secs] 
2016-09-25T21:49:22.340-0400: 44.407: [GC (GCLocker Initiated GC) [PSYoungGen: 161336K->72382K(175104K)] 314896K->229185K(699392K), 0.0060996 secs] [Times: user=0.07 sys=0.00, real=0.01 secs] 
2016-09-25T21:49:22.409-0400: 44.476: [GC (GCLocker Initiated GC) [PSYoungGen: 160446K->68421K(175104K)] 318664K->237815K(699392K), 0.0069263 secs] [Times: user=0.09 sys=0.00, real=0.01 secs] 
2016-09-25T21:49:22.484-0400: 44.551: [GC (GCLocker Initiated GC) [PSYoungGen: 156485K->50890K(175104K)] 334110K->253249K(699392K), 0.0072138 secs] [Times: user=0.11 sys=0.00, real=0.00 secs] 
2016-09-25T21:49:22.545-0400: 44.613: [GC (GCLocker Initiated GC) [PSYoungGen: 138954K->52068K(175104K)] 346886K->260364K(699392K), 0.0055140 secs] [Times: user=0.05 sys=0.01, real=0.00 secs] 
2016-09-25T21:49:22.618-0400: 44.685: [GC (GCLocker Initiated GC) [PSYoungGen: 140132K->53475K(173056K)] 359258K->272929K(697344K), 0.0092046 secs] [Times: user=0.07 sys=0.02, real=0.01 secs] 
2016-09-25T21:49:22.689-0400: 44.756: [GC (GCLocker Initiated GC) [PSYoungGen: 141539K->54864K(174080K)] 363892K->293858K(698368K), 0.0083886 secs] [Times: user=0.07 sys=0.00, real=0.01 secs] 
2016-09-25T21:49:22.761-0400: 44.829: [GC (GCLocker Initiated GC) [PSYoungGen: 142928K->49533K(175104K)] 388799K->298456K(699392K), 0.0073674 secs] [Times: user=0.08 sys=0.00, real=0.01 secs] 
2016-09-25T21:49:22.822-0400: 44.889: [GC (GCLocker Initiated GC) [PSYoungGen: 141693K->58817K(175104K)] 391345K->325086K(699392K), 0.0149229 secs] [Times: user=0.18 sys=0.00, real=0.02 secs] 
2016-09-25T21:49:22.909-0400: 44.977: [GC (GCLocker Initiated GC) [PSYoungGen: 150977K->37210K(176128K)] 429666K->316217K(700416K), 0.0095897 secs] [Times: user=0.08 sys=0.00, real=0.01 secs] 
2016-09-25T21:49:22.976-0400: 45.043: [GC (GCLocker Initiated GC) [PSYoungGen: 132442K->66948K(177152K)] 411486K->346432K(701440K), 0.0088281 secs] [Times: user=0.11 sys=0.00, real=0.01 secs] 
2016-09-25T21:49:23.064-0400: 45.131: [GC (GCLocker Initiated GC) [PSYoungGen: 162180K->42816K(178688K)] 459299K->372693K(702976K), 0.0079287 secs] [Times: user=0.11 sys=0.00, real=0.00 secs] 
2016-09-25T21:49:23.128-0400: 45.195: [GC (GCLocker Initiated GC) [PSYoungGen: 138048K->71147K(166400K)] 470657K->406950K(690688K), 0.0085649 secs] [Times: user=0.13 sys=0.00, real=0.01 secs] 
2016-09-25T21:49:23.217-0400: 45.284: [GC (GCLocker Initiated GC) [PSYoungGen: 166379K->56220K(178688K)] 502219K->405954K(702976K), 0.0062901 secs] [Times: user=0.08 sys=0.00, real=0.01 secs] 
2016-09-25T21:49:23.283-0400: 45.350: [GC (Allocation Failure) [PSYoungGen: 148380K->44147K(175616K)] 502334K->406559K(699904K), 0.0095687 secs] [Times: user=0.11 sys=0.00, real=0.00 secs] 
2016-09-25T21:49:23.355-0400: 45.423: [GC (GCLocker Initiated GC) [PSYoungGen: 136307K->51916K(176128K)] 501427K->417479K(700416K), 0.0121410 secs] [Times: user=0.08 sys=0.00, real=0.01 secs] 
2016-09-25T21:49:23.420-0400: 45.487: [GC (GCLocker Initiated GC) [PSYoungGen: 146636K->60188K(175616K)] 514937K->430183K(699904K), 0.0235790 secs] [Times: user=0.30 sys=0.00, real=0.03 secs] 
2016-09-25T21:49:23.515-0400: 45.582: [GC (GCLocker Initiated GC) [PSYoungGen: 154908K->57589K(179200K)] 530449K->433534K(703488K), 0.0135893 secs] [Times: user=0.20 sys=0.00, real=0.01 secs] 
2016-09-25T21:49:23.588-0400: 45.655: [GC (GCLocker Initiated GC) [PSYoungGen: 158453K->44013K(179712K)] 543934K->446086K(704000K), 0.0132421 secs] [Times: user=0.15 sys=0.00, real=0.01 secs] 
2016-09-25T21:49:23.672-0400: 45.739: [GC (GCLocker Initiated GC) [PSYoungGen: 144877K->48083K(181248K)] 547013K->466904K(705536K), 0.0121354 secs] [Times: user=0.16 sys=0.00, real=0.02 secs] 
2016-09-25T21:49:23.768-0400: 45.835: [GC (Allocation Failure) [PSYoungGen: 153043K->41392K(182272K)] 580175K->485174K(706560K), 0.0065307 secs] [Times: user=0.08 sys=0.00, real=0.01 secs] 
2016-09-25T21:49:23.775-0400: 45.842: [GC (GCLocker Initiated GC) [PSYoungGen: 43509K->1638K(172544K)] 487290K->490627K(696832K), 0.0072397 secs] [Times: user=0.09 sys=0.00, real=0.01 secs] 
2016-09-25T21:49:23.783-0400: 45.850: [Full GC (Ergonomics) [PSYoungGen: 1638K->0K(172544K)] [ParOldGen: 488989K->150567K(524288K)] 490627K->150567K(696832K), [Metaspace: 43467K->43467K(1085440K)], 0.0624900 secs] [Times: user=0.42 sys=0.01, real=0.06 secs] 
2016-09-25T21:49:23.915-0400: 45.983: [GC (GCLocker Initiated GC) [PSYoungGen: 95204K->34749K(178688K)] 251172K->190716K(702976K), 0.0164726 secs] [Times: user=0.17 sys=0.01, real=0.01 secs] 
2016-09-25T21:49:24.006-0400: 46.073: [GC (GCLocker Initiated GC) [PSYoungGen: 129981K->39727K(173056K)] 288763K->207264K(697344K), 0.0244165 secs] [Times: user=0.25 sys=0.00, real=0.02 secs] 
2016-09-25T21:49:24.092-0400: 46.159: [GC (GCLocker Initiated GC) [PSYoungGen: 136495K->53525K(176640K)] 306885K->235077K(700928K), 0.0158618 secs] [Times: user=0.21 sys=0.00, real=0.02 secs] 
2016-09-25T21:49:24.179-0400: 46.246: [GC (GCLocker Initiated GC) [PSYoungGen: 150293K->58973K(180736K)] 337252K->246327K(705024K), 0.0056790 secs] [Times: user=0.06 sys=0.01, real=0.01 secs] 
2016-09-25T21:49:24.257-0400: 46.324: [GC (GCLocker Initiated GC) [PSYoungGen: 160349K->58936K(160768K)] 350455K->249469K(685056K), 0.0079354 secs] [Times: user=0.11 sys=0.00, real=0.01 secs] 
2016-09-25T21:49:24.331-0400: 46.398: [GC (GCLocker Initiated GC) [PSYoungGen: 160312K->63023K(176640K)] 356290K->270247K(700928K), 0.0073122 secs] [Times: user=0.11 sys=0.00, real=0.01 secs] 
2016-09-25T21:49:24.401-0400: 46.468: [GC (GCLocker Initiated GC) [PSYoungGen: 158255K->54747K(178688K)] 370923K->270550K(702976K), 0.0101837 secs] [Times: user=0.11 sys=0.00, real=0.01 secs] 
2016-09-25T21:49:24.484-0400: 46.551: [GC (GCLocker Initiated GC) [PSYoungGen: 149979K->24959K(178176K)] 379333K->265453K(702464K), 0.0138656 secs] [Times: user=0.11 sys=0.00, real=0.01 secs] 
2016-09-25T21:49:24.565-0400: 46.632: [GC (GCLocker Initiated GC) [PSYoungGen: 121215K->46758K(143360K)] 367248K->304017K(667648K), 0.0284292 secs] [Times: user=0.30 sys=0.01, real=0.02 secs] 
2016-09-25T21:49:24.665-0400: 46.732: [GC (GCLocker Initiated GC) [PSYoungGen: 143014K->58882K(176128K)] 400290K->330077K(700416K), 0.0096971 secs] [Times: user=0.13 sys=0.00, real=0.01 secs] 
2016-09-25T21:49:24.738-0400: 46.805: [GC (GCLocker Initiated GC) [PSYoungGen: 155138K->42651K(177152K)] 430628K->318477K(701440K), 0.0177114 secs] [Times: user=0.19 sys=0.00, real=0.02 secs] 
2016-09-25T21:49:24.827-0400: 46.894: [GC (GCLocker Initiated GC) [PSYoungGen: 138907K->58877K(179712K)] 417540K->338000K(704000K), 0.0071115 secs] [Times: user=0.07 sys=0.00, real=0.01 secs] 
2016-09-25T21:49:24.901-0400: 46.968: [GC (GCLocker Initiated GC) [PSYoungGen: 159741K->54985K(180224K)] 445797K->357580K(704512K), 0.0083412 secs] [Times: user=0.10 sys=0.03, real=0.01 secs] 
2016-09-25T21:49:24.980-0400: 47.047: [GC (GCLocker Initiated GC) [PSYoungGen: 155849K->64298K(178688K)] 458489K->380886K(702976K), 0.0140353 secs] [Times: user=0.17 sys=0.01, real=0.01 secs] 
2016-09-25T21:49:25.061-0400: 47.128: [GC (GCLocker Initiated GC) [PSYoungGen: 164650K->27764K(128512K)] 488191K->370525K(652800K), 0.0278595 secs] [Times: user=0.32 sys=0.00, real=0.03 secs] 
2016-09-25T21:49:25.142-0400: 47.209: [GC (GCLocker Initiated GC) [PSYoungGen: 128116K->60004K(178176K)] 473708K->405992K(702464K), 0.0148227 secs] [Times: user=0.15 sys=0.01, real=0.02 secs] 
2016-09-25T21:49:25.226-0400: 47.293: [GC (GCLocker Initiated GC) [PSYoungGen: 156260K->54798K(151552K)] 502350K->420072K(675840K), 0.0070286 secs] [Times: user=0.08 sys=0.01, real=0.00 secs] 
2016-09-25T21:49:25.300-0400: 47.368: [GC (GCLocker Initiated GC) [PSYoungGen: 151054K->45420K(180736K)] 527209K->421909K(705024K), 0.0048659 secs] [Times: user=0.06 sys=0.00, real=0.01 secs] 
2016-09-25T21:49:25.374-0400: 47.441: [GC (GCLocker Initiated GC) [PSYoungGen: 144748K->61748K(178688K)] 528142K->456388K(702976K), 0.0096470 secs] [Times: user=0.12 sys=0.01, real=0.01 secs] 
2016-09-25T21:49:25.467-0400: 47.534: [GC (GCLocker Initiated GC) [PSYoungGen: 161076K->60424K(180736K)] 561157K->474538K(705024K), 0.0092221 secs] [Times: user=0.13 sys=0.00, real=0.01 secs] 
2016-09-25T21:49:25.547-0400: 47.614: [GC (GCLocker Initiated GC) [PSYoungGen: 160776K->59265K(181248K)] 578628K->477677K(705536K), 0.0065244 secs] [Times: user=0.07 sys=0.00, real=0.00 secs] 
2016-09-25T21:49:25.611-0400: 47.678: [GC (GCLocker Initiated GC) [PSYoungGen: 159617K->67129K(176128K)] 580738K->489001K(700416K), 0.0065408 secs] [Times: user=0.09 sys=0.00, real=0.01 secs] 
2016-09-25T21:49:25.676-0400: 47.743: [GC (GCLocker Initiated GC) [PSYoungGen: 162361K->36018K(178688K)] 587543K->461682K(702976K), 0.0069731 secs] [Times: user=0.04 sys=0.00, real=0.01 secs] 
2016-09-25T21:49:25.780-0400: 47.847: [GC (GCLocker Initiated GC) [PSYoungGen: 131250K->49490K(173568K)] 559684K->478455K(697856K), 0.0110028 secs] [Times: user=0.09 sys=0.00, real=0.01 secs] 
2016-09-25T21:49:25.862-0400: 47.929: [GC (GCLocker Initiated GC) [PSYoungGen: 144722K->55089K(176128K)] 581832K->503513K(700416K), 0.0138680 secs] [Times: user=0.19 sys=0.00, real=0.02 secs] 
2016-09-25T21:49:25.963-0400: 48.031: [GC (GCLocker Initiated GC) [PSYoungGen: 150321K->48459K(176128K)] 609690K->522009K(700416K), 0.0171740 secs] [Times: user=0.19 sys=0.01, real=0.01 secs] 
2016-09-25T21:49:26.075-0400: 48.142: [GC (GCLocker Initiated GC) [PSYoungGen: 150347K->52375K(179200K)] 629326K->540174K(703488K), 0.0099912 secs] [Times: user=0.11 sys=0.00, real=0.01 secs] 
2016-09-25T21:49:26.160-0400: 48.227: [GC (GCLocker Initiated GC) [PSYoungGen: 154263K->49809K(181248K)] 648833K->558482K(705536K), 0.0199546 secs] [Times: user=0.27 sys=0.01, real=0.02 secs] 
2016-09-25T21:49:26.180-0400: 48.247: [Full GC (Ergonomics) [PSYoungGen: 49809K->0K(181248K)] [ParOldGen: 508673K->164392K(524288K)] 558482K->164392K(705536K), [Metaspace: 43468K->43468K(1085440K)], 0.0817779 secs] [Times: user=0.52 sys=0.03, real=0.08 secs] 
2016-09-25T21:49:26.340-0400: 48.407: [GC (GCLocker Initiated GC) [PSYoungGen: 110080K->66590K(183296K)] 276088K->232599K(707584K), 0.0058713 secs] [Times: user=0.08 sys=0.00, real=0.01 secs] 
2016-09-25T21:49:26.468-0400: 48.535: [GC (GCLocker Initiated GC) [PSYoungGen: 176670K->60575K(184832K)] 345580K->230680K(709120K), 0.0117575 secs] [Times: user=0.10 sys=0.00, real=0.01 secs] 
2016-09-25T21:49:26.546-0400: 48.613: [GC (GCLocker Initiated GC) [PSYoungGen: 169119K->66039K(174592K)] 342047K->250494K(698880K), 0.0072698 secs] [Times: user=0.09 sys=0.02, real=0.00 secs] 
2016-09-25T21:49:26.666-0400: 48.733: [GC (GCLocker Initiated GC) [PSYoungGen: 174583K->44375K(183808K)] 363092K->244419K(708096K), 0.0098923 secs] [Times: user=0.10 sys=0.01, real=0.01 secs] 
2016-09-25T21:49:26.751-0400: 48.818: [GC (GCLocker Initiated GC) [PSYoungGen: 149335K->45957K(151040K)] 354879K->252372K(675328K), 0.0082698 secs] [Times: user=0.07 sys=0.01, real=0.01 secs] 
2016-09-25T21:49:26.855-0400: 48.922: [GC (GCLocker Initiated GC) [PSYoungGen: 150917K->55245K(183808K)] 360123K->265272K(708096K), 0.0171472 secs] [Times: user=0.13 sys=0.01, real=0.01 secs] 
2016-09-25T21:49:26.965-0400: 49.032: [GC (GCLocker Initiated GC) [PSYoungGen: 161741K->34994K(182272K)] 381222K->255272K(706560K), 0.0180890 secs] [Times: user=0.21 sys=0.01, real=0.02 secs] 
2016-09-25T21:49:27.089-0400: 49.156: [GC (GCLocker Initiated GC) [PSYoungGen: 141490K->33611K(184320K)] 375342K->268244K(708608K), 0.0100642 secs] [Times: user=0.06 sys=0.00, real=0.01 secs] 
2016-09-25T21:49:27.192-0400: 49.259: [GC (GCLocker Initiated GC) [PSYoungGen: 141131K->68809K(176640K)] 378516K->307028K(700928K), 0.0065191 secs] [Times: user=0.08 sys=0.00, real=0.01 secs] 
2016-09-25T21:49:27.279-0400: 49.346: [GC (GCLocker Initiated GC) [PSYoungGen: 176329K->67359K(174592K)] 414603K->322638K(698880K), 0.0105149 secs] [Times: user=0.08 sys=0.01, real=0.01 secs] 
2016-09-25T21:49:27.364-0400: 49.431: [GC (GCLocker Initiated GC) [PSYoungGen: 160543K->53907K(177664K)] 421349K->339798K(701952K), 0.0089033 secs] [Times: user=0.13 sys=0.00, real=0.00 secs] 
2016-09-25T21:49:27.447-0400: 49.514: [GC (GCLocker Initiated GC) [PSYoungGen: 147091K->63158K(176640K)] 433012K->349816K(700928K), 0.0086028 secs] [Times: user=0.11 sys=0.00, real=0.01 secs] 
2016-09-25T21:49:27.537-0400: 49.604: [GC (GCLocker Initiated GC) [PSYoungGen: 158390K->32300K(177664K)] 455935K->351998K(701952K), 0.0083122 secs] [Times: user=0.10 sys=0.01, real=0.01 secs] 
2016-09-25T21:49:29.618-0400: 51.685: [GC (GCLocker Initiated GC) [PSYoungGen: 127532K->46835K(176640K)] 447445K->367486K(700928K), 0.0109277 secs] [Times: user=0.11 sys=0.00, real=0.01 secs] 
2016-09-25T21:49:29.732-0400: 51.799: [GC (GCLocker Initiated GC) [PSYoungGen: 143091K->37309K(177664K)] 466538K->362649K(701952K), 0.0093387 secs] [Times: user=0.06 sys=0.00, real=0.01 secs] 
2016-09-25T21:49:29.819-0400: 51.886: [GC (GCLocker Initiated GC) [PSYoungGen: 133565K->29378K(180224K)] 466696K->381948K(704512K), 0.0299710 secs] [Times: user=0.32 sys=0.00, real=0.03 secs] 
2016-09-25T21:49:29.936-0400: 52.003: [GC (GCLocker Initiated GC) [PSYoungGen: 128706K->53847K(153600K)] 490934K->432999K(677888K), 0.0095412 secs] [Times: user=0.11 sys=0.01, real=0.01 secs] 
2016-09-25T21:49:30.020-0400: 52.087: [GC (GCLocker Initiated GC) [PSYoungGen: 153175K->41357K(181248K)] 535106K->423856K(705536K), 0.0076213 secs] [Times: user=0.04 sys=0.01, real=0.01 secs] 
2016-09-25T21:49:30.123-0400: 52.190: [GC (GCLocker Initiated GC) [PSYoungGen: 142733K->31968K(179712K)] 533369K->436625K(704000K), 0.0065949 secs] [Times: user=0.05 sys=0.01, real=0.00 secs] 
2016-09-25T21:49:30.226-0400: 52.293: [GC (GCLocker Initiated GC) [PSYoungGen: 133344K->49582K(181760K)] 547812K->475495K(706048K), 0.0078023 secs] [Times: user=0.08 sys=0.00, real=0.00 secs] 
2016-09-25T21:49:30.323-0400: 52.390: [GC (GCLocker Initiated GC) [PSYoungGen: 155566K->46883K(181760K)] 592435K->492338K(706048K), 0.0122317 secs] [Times: user=0.08 sys=0.01, real=0.01 secs] 
2016-09-25T21:49:30.434-0400: 52.501: [GC (GCLocker Initiated GC) [PSYoungGen: 152867K->31879K(183808K)] 603856K->496999K(708096K), 0.0170208 secs] [Times: user=0.17 sys=0.01, real=0.01 secs] 
2016-09-25T21:49:30.520-0400: 52.588: [GC (GCLocker Initiated GC) [PSYoungGen: 142471K->42937K(183808K)] 617128K->528895K(708096K), 0.0253275 secs] [Times: user=0.22 sys=0.00, real=0.03 secs] 
2016-09-25T21:49:30.644-0400: 52.711: [GC (GCLocker Initiated GC) [PSYoungGen: 153529K->37246K(187392K)] 647589K->531929K(711680K), 0.0182011 secs] [Times: user=0.15 sys=0.01, real=0.01 secs] 
2016-09-25T21:49:30.745-0400: 52.812: [Full GC (Ergonomics) [PSYoungGen: 153982K->0K(187392K)] [ParOldGen: 502823K->185340K(524288K)] 656806K->185340K(711680K), [Metaspace: 43475K->43475K(1085440K)], 0.0797027 secs] [Times: user=0.43 sys=0.00, real=0.08 secs] 
2016-09-25T21:49:30.948-0400: 53.015: [GC (GCLocker Initiated GC) [PSYoungGen: 116736K->50070K(186368K)] 307517K->240851K(710656K), 0.0297699 secs] [Times: user=0.30 sys=0.01, real=0.03 secs] 
2016-09-25T21:49:31.056-0400: 53.123: [GC (GCLocker Initiated GC) [PSYoungGen: 166806K->60466K(185856K)] 357755K->268685K(710144K), 0.0106245 secs] [Times: user=0.13 sys=0.00, real=0.01 secs] 
2016-09-25T21:49:31.179-0400: 53.246: [GC (GCLocker Initiated GC) [PSYoungGen: 177202K->57728K(174592K)] 388221K->293705K(698880K), 0.0158753 secs] [Times: user=0.16 sys=0.00, real=0.02 secs] 
2016-09-25T21:49:31.304-0400: 53.371: [GC (GCLocker Initiated GC) [PSYoungGen: 174464K->53805K(188416K)] 418645K->320150K(712704K), 0.0070686 secs] [Times: user=0.07 sys=0.00, real=0.00 secs] 
2016-09-25T21:49:31.437-0400: 53.504: [GC (GCLocker Initiated GC) [PSYoungGen: 167981K->46018K(160256K)] 443865K->322577K(684544K), 0.0099363 secs] [Times: user=0.12 sys=0.00, real=0.01 secs] 
2016-09-25T21:49:31.548-0400: 53.615: [GC (GCLocker Initiated GC) [PSYoungGen: 160194K->59104K(184320K)] 439520K->344534K(708608K), 0.0200312 secs] [Times: user=0.22 sys=0.01, real=0.02 secs] 
2016-09-25T21:49:31.695-0400: 53.762: [GC (GCLocker Initiated GC) [PSYoungGen: 171744K->43075K(185856K)] 463225K->346018K(710144K), 0.0242095 secs] [Times: user=0.26 sys=0.00, real=0.02 secs] 
2016-09-25T21:49:31.804-0400: 53.871: [GC (GCLocker Initiated GC) [PSYoungGen: 155715K->39015K(186368K)] 468270K->365775K(710656K), 0.0174965 secs] [Times: user=0.22 sys=0.01, real=0.01 secs] 
2016-09-25T21:49:31.950-0400: 54.017: [GC (GCLocker Initiated GC) [PSYoungGen: 155751K->46812K(187904K)] 482582K->385122K(712192K), 0.0241914 secs] [Times: user=0.24 sys=0.01, real=0.03 secs] 
2016-09-25T21:49:32.055-0400: 54.122: [GC (GCLocker Initiated GC) [PSYoungGen: 163548K->43169K(188416K)] 507407K->411944K(712704K), 0.0291284 secs] [Times: user=0.40 sys=0.01, real=0.03 secs] 
2016-09-25T21:49:32.204-0400: 54.272: [GC (GCLocker Initiated GC) [PSYoungGen: 165025K->53822K(189440K)] 534995K->424599K(713728K), 0.0058610 secs] [Times: user=0.06 sys=0.01, real=0.00 secs] 
2016-09-25T21:49:32.311-0400: 54.378: [GC (GCLocker Initiated GC) [PSYoungGen: 175678K->62037K(187904K)] 549174K->457801K(712192K), 0.0095484 secs] [Times: user=0.13 sys=0.00, real=0.01 secs] 
2016-09-25T21:49:32.463-0400: 54.530: [GC (GCLocker Initiated GC) [PSYoungGen: 181845K->32179K(152064K)] 592494K->443571K(676352K), 0.0098576 secs] [Times: user=0.10 sys=0.01, real=0.00 secs] 
2016-09-25T21:49:32.584-0400: 54.651: [GC (GCLocker Initiated GC) [PSYoungGen: 151987K->40342K(191488K)] 563478K->474226K(715776K), 0.0101651 secs] [Times: user=0.09 sys=0.02, real=0.01 secs] 
2016-09-25T21:49:32.717-0400: 54.784: [GC (GCLocker Initiated GC) [PSYoungGen: 159638K->59211K(178688K)] 596418K->496703K(702976K), 0.0087963 secs] [Times: user=0.08 sys=0.01, real=0.01 secs] 
2016-09-25T21:49:32.809-0400: 54.876: [GC (GCLocker Initiated GC) [PSYoungGen: 178507K->53821K(189440K)] 616201K->503084K(713728K), 0.0072879 secs] [Times: user=0.10 sys=0.00, real=0.01 secs] 
2016-09-25T21:49:32.911-0400: 54.978: [GC (GCLocker Initiated GC) [PSYoungGen: 170045K->39156K(155648K)] 630116K->499878K(679936K), 0.0094460 secs] [Times: user=0.10 sys=0.00, real=0.01 secs] 
2016-09-25T21:49:33.011-0400: 55.078: [GC (GCLocker Initiated GC) [PSYoungGen: 155380K->60623K(185856K)] 616180K->522275K(710144K), 0.0078090 secs] [Times: user=0.07 sys=0.01, real=0.01 secs] 
2016-09-25T21:49:33.109-0400: 55.176: [GC (GCLocker Initiated GC) [PSYoungGen: 174287K->37807K(187904K)] 653584K->528564K(712192K), 0.0057758 secs] [Times: user=0.07 sys=0.00, real=0.01 secs] 
2016-09-25T21:49:33.209-0400: 55.276: [GC (GCLocker Initiated GC) [PSYoungGen: 151471K->53758K(186368K)] 642242K->545406K(710656K), 0.0066796 secs] [Times: user=0.09 sys=0.00, real=0.01 secs] 
2016-09-25T21:49:33.290-0400: 55.357: [Full GC (Ergonomics) [PSYoungGen: 167934K->0K(186368K)] [ParOldGen: 494585K->198690K(524288K)] 662519K->198690K(710656K), [Metaspace: 43499K->43499K(1085440K)], 0.0707251 secs] [Times: user=0.59 sys=0.02, real=0.07 secs] 
2016-09-25T21:49:33.442-0400: 55.509: [GC (GCLocker Initiated GC) [PSYoungGen: 114176K->73011K(187392K)] 315643K->274479K(711680K), 0.0078738 secs] [Times: user=0.09 sys=0.00, real=0.01 secs] 
2016-09-25T21:49:33.554-0400: 55.621: [GC (Allocation Failure) [PSYoungGen: 187187K->36247K(178176K)] 396794K->252131K(702464K), 0.7383515 secs] [Times: user=1.64 sys=0.40, real=0.73 secs] 
2016-09-25T21:49:34.381-0400: 56.448: [GC (GCLocker Initiated GC) [PSYoungGen: 139671K->50931K(182784K)] 355562K->270333K(707072K), 0.0092350 secs] [Times: user=0.10 sys=0.01, real=0.01 secs] 
2016-09-25T21:49:34.533-0400: 56.600: [GC (GCLocker Initiated GC) [PSYoungGen: 154355K->40114K(178688K)] 376540K->262920K(702976K), 0.0136575 secs] [Times: user=0.06 sys=0.03, real=0.02 secs] 
2016-09-25T21:49:34.810-0400: 56.878: [GC (GCLocker Initiated GC) [PSYoungGen: 145586K->31957K(181760K)] 372462K->259413K(706048K), 0.0070825 secs] [Times: user=0.06 sys=0.01, real=0.01 secs] 
2016-09-25T21:49:34.993-0400: 57.060: [GC (GCLocker Initiated GC) [PSYoungGen: 137429K->37240K(182784K)] 367688K->279006K(707072K), 0.0089549 secs] [Times: user=0.09 sys=0.01, real=0.01 secs] 
2016-09-25T21:49:35.177-0400: 57.244: [GC (GCLocker Initiated GC) [PSYoungGen: 146808K->25160K(184320K)] 399403K->283705K(708608K), 0.0119268 secs] [Times: user=0.12 sys=0.01, real=0.01 secs] 
2016-09-25T21:49:35.300-0400: 57.367: [GC (GCLocker Initiated GC) [PSYoungGen: 134728K->30511K(186368K)] 394667K->293818K(710656K), 0.0213507 secs] [Times: user=0.25 sys=0.04, real=0.02 secs] 
2016-09-25T21:49:35.419-0400: 57.486: [GC (GCLocker Initiated GC) [PSYoungGen: 142127K->26446K(186368K)] 408383K->298689K(710656K), 0.0154162 secs] [Times: user=0.13 sys=0.05, real=0.02 secs] 
2016-09-25T21:49:35.529-0400: 57.596: [GC (GCLocker Initiated GC) [PSYoungGen: 138062K->43962K(183808K)] 410424K->316919K(708096K), 0.0109321 secs] [Times: user=0.13 sys=0.02, real=0.01 secs] 
2016-09-25T21:49:35.642-0400: 57.709: [GC (GCLocker Initiated GC) [PSYoungGen: 157114K->31864K(185344K)] 430142K->318930K(709632K), 0.0099324 secs] [Times: user=0.10 sys=0.02, real=0.00 secs] 
2016-09-25T21:49:35.728-0400: 57.796: [GC (GCLocker Initiated GC) [PSYoungGen: 145016K->35999K(184832K)] 434790K->356111K(709120K), 0.0251401 secs] [Times: user=0.37 sys=0.02, real=0.02 secs] 
2016-09-25T21:49:35.855-0400: 57.922: [GC (GCLocker Initiated GC) [PSYoungGen: 155295K->29102K(187392K)] 476761K->351235K(711680K), 0.0104647 secs] [Times: user=0.08 sys=0.01, real=0.01 secs] 
2016-09-25T21:49:35.949-0400: 58.016: [GC (GCLocker Initiated GC) [PSYoungGen: 148398K->67442K(179200K)] 473420K->395828K(703488K), 0.0092077 secs] [Times: user=0.12 sys=0.02, real=0.01 secs] 
2016-09-25T21:49:36.043-0400: 58.111: [GC (GCLocker Initiated GC) [PSYoungGen: 179058K->68569K(180224K)] 507456K->408507K(704512K), 0.0071486 secs] [Times: user=0.10 sys=0.00, real=0.00 secs] 
2016-09-25T21:49:36.133-0400: 58.200: [GC (GCLocker Initiated GC) [PSYoungGen: 180185K->61972K(175104K)] 520616K->402959K(699392K), 0.0209137 secs] [Times: user=0.32 sys=0.00, real=0.03 secs] 
2016-09-25T21:49:36.219-0400: 58.287: [GC (GCLocker Initiated GC) [PSYoungGen: 155156K->64404K(157696K)] 499096K->417014K(681984K), 0.0120451 secs] [Times: user=0.16 sys=0.00, real=0.01 secs] 
2016-09-25T21:49:36.305-0400: 58.372: [GC (GCLocker Initiated GC) [PSYoungGen: 157588K->63123K(175104K)] 510253K->416294K(699392K), 0.0073622 secs] [Times: user=0.10 sys=0.00, real=0.00 secs] 
2016-09-25T21:49:36.375-0400: 58.442: [GC (GCLocker Initiated GC) [PSYoungGen: 151187K->52293K(140800K)] 504383K->438380K(665088K), 0.0074290 secs] [Times: user=0.08 sys=0.00, real=0.01 secs] 
2016-09-25T21:49:36.443-0400: 58.510: [GC (GCLocker Initiated GC) [PSYoungGen: 140357K->60323K(174592K)] 526465K->447030K(698880K), 0.0060645 secs] [Times: user=0.07 sys=0.01, real=0.00 secs] 
2016-09-25T21:49:36.522-0400: 58.589: [GC (GCLocker Initiated GC) [PSYoungGen: 148387K->37482K(174592K)] 535132K->435518K(698880K), 0.0099845 secs] [Times: user=0.13 sys=0.00, real=0.00 secs] 
2016-09-25T21:49:36.586-0400: 58.653: [GC (GCLocker Initiated GC) [PSYoungGen: 125546K->50906K(170496K)] 531923K->471384K(694784K), 0.0066216 secs] [Times: user=0.08 sys=0.01, real=0.00 secs] 
2016-09-25T21:49:36.663-0400: 58.730: [GC (GCLocker Initiated GC) [PSYoungGen: 141018K->56280K(172544K)] 566970K->493532K(696832K), 0.0084325 secs] [Times: user=0.11 sys=0.00, real=0.00 secs] 
2016-09-25T21:49:36.737-0400: 58.804: [GC (GCLocker Initiated GC) [PSYoungGen: 146392K->65731K(175616K)] 583696K->503549K(699904K), 0.0091823 secs] [Times: user=0.08 sys=0.00, real=0.01 secs] 
2016-09-25T21:49:36.821-0400: 58.888: [GC (GCLocker Initiated GC) [PSYoungGen: 159939K->71126K(165376K)] 597806K->536523K(689664K), 0.0068897 secs] [Times: user=0.09 sys=0.00, real=0.01 secs] 
2016-09-25T21:49:36.901-0400: 58.968: [GC (GCLocker Initiated GC) [PSYoungGen: 165334K->40247K(175104K)] 640255K->539954K(699392K), 0.0179080 secs] [Times: user=0.24 sys=0.01, real=0.02 secs] 
2016-09-25T21:49:36.919-0400: 58.986: [Full GC (Ergonomics) [PSYoungGen: 40247K->0K(175104K)] [ParOldGen: 499707K->209650K(524288K)] 539954K->209650K(699392K), [Metaspace: 43502K->43502K(1085440K)], 0.0510407 secs] [Times: user=0.39 sys=0.00, real=0.05 secs] 
2016-09-25T21:49:37.039-0400: 59.106: [GC (GCLocker Initiated GC) [PSYoungGen: 88064K->61932K(175104K)] 297762K->271631K(699392K), 0.0087990 secs] [Times: user=0.05 sys=0.00, real=0.01 secs] 
2016-09-25T21:49:37.124-0400: 59.191: [GC (GCLocker Initiated GC) [PSYoungGen: 149996K->35903K(174080K)] 366649K->269578K(698368K), 0.0168328 secs] [Times: user=0.17 sys=0.00, real=0.02 secs] 
2016-09-25T21:49:37.203-0400: 59.270: [GC (GCLocker Initiated GC) [PSYoungGen: 123967K->64509K(174592K)] 363462K->312635K(698880K), 0.0111757 secs] [Times: user=0.11 sys=0.00, real=0.01 secs] 
2016-09-25T21:49:37.273-0400: 59.340: [GC (GCLocker Initiated GC) [PSYoungGen: 152573K->60427K(175104K)] 410245K->318629K(699392K), 0.0086787 secs] [Times: user=0.10 sys=0.00, real=0.01 secs] 
2016-09-25T21:49:37.348-0400: 59.415: [GC (GCLocker Initiated GC) [PSYoungGen: 148491K->71221K(175104K)] 408091K->344859K(699392K), 0.0069413 secs] [Times: user=0.09 sys=0.00, real=0.01 secs] 
2016-09-25T21:49:37.414-0400: 59.481: [GC (GCLocker Initiated GC) [PSYoungGen: 159285K->59039K(175104K)] 432993K->354840K(699392K), 0.0064261 secs] [Times: user=0.09 sys=0.00, real=0.00 secs] 
2016-09-25T21:49:37.490-0400: 59.557: [GC (GCLocker Initiated GC) [PSYoungGen: 147103K->65725K(175104K)] 442926K->372825K(699392K), 0.0085484 secs] [Times: user=0.09 sys=0.00, real=0.01 secs] 
2016-09-25T21:49:37.563-0400: 59.630: [GC (GCLocker Initiated GC) [PSYoungGen: 153789K->45545K(175104K)] 460892K->372049K(699392K), 0.0053630 secs] [Times: user=0.08 sys=0.00, real=0.00 secs] 
2016-09-25T21:49:37.632-0400: 59.699: [GC (GCLocker Initiated GC) [PSYoungGen: 133609K->38835K(175104K)] 473736K->379533K(699392K), 0.0097479 secs] [Times: user=0.10 sys=0.00, real=0.01 secs] 
2016-09-25T21:49:37.703-0400: 59.770: [GC (GCLocker Initiated GC) [PSYoungGen: 126899K->57716K(172032K)] 470532K->415516K(696320K), 0.0092818 secs] [Times: user=0.08 sys=0.00, real=0.00 secs] 
2016-09-25T21:49:37.764-0400: 59.831: [GC (GCLocker Initiated GC) [PSYoungGen: 145780K->68524K(173568K)] 506381K->440429K(697856K), 0.0132731 secs] [Times: user=0.17 sys=0.00, real=0.01 secs] 
2016-09-25T21:49:37.844-0400: 59.911: [GC (GCLocker Initiated GC) [PSYoungGen: 156588K->56396K(173056K)] 528739K->458823K(697344K), 0.0104114 secs] [Times: user=0.13 sys=0.00, real=0.01 secs] 
2016-09-25T21:49:37.917-0400: 59.985: [GC (GCLocker Initiated GC) [PSYoungGen: 145996K->64599K(174080K)] 551269K->470413K(698368K), 0.0105382 secs] [Times: user=0.11 sys=0.00, real=0.01 secs] 
2016-09-25T21:49:38.001-0400: 60.068: [GC (GCLocker Initiated GC) [PSYoungGen: 154199K->63166K(177152K)] 560185K->485997K(701440K), 0.0079803 secs] [Times: user=0.13 sys=0.00, real=0.01 secs] 
2016-09-25T21:49:38.074-0400: 60.141: [GC (GCLocker Initiated GC) [PSYoungGen: 155838K->44269K(177152K)] 589621K->505662K(701440K), 0.0087465 secs] [Times: user=0.11 sys=0.00, real=0.02 secs] 
2016-09-25T21:49:38.150-0400: 60.217: [GC (GCLocker Initiated GC) [PSYoungGen: 136941K->71323K(172032K)] 601212K->546998K(696320K), 0.0064452 secs] [Times: user=0.08 sys=0.01, real=0.01 secs] 
2016-09-25T21:49:38.219-0400: 60.286: [GC (GCLocker Initiated GC) [PSYoungGen: 159387K->52292K(175104K)] 635404K->545128K(699392K), 0.0084614 secs] [Times: user=0.09 sys=0.00, real=0.01 secs] 
2016-09-25T21:49:38.228-0400: 60.295: [Full GC (Ergonomics) [PSYoungGen: 52292K->0K(175104K)] [ParOldGen: 492836K->208374K(524288K)] 545128K->208374K(699392K), [Metaspace: 43503K->43503K(1085440K)], 0.0502262 secs] [Times: user=0.37 sys=0.00, real=0.05 secs] 
2016-09-25T21:49:38.336-0400: 60.403: [GC (GCLocker Initiated GC) [PSYoungGen: 88064K->55610K(168960K)] 301928K->269474K(693248K), 0.0089895 secs] [Times: user=0.11 sys=0.00, real=0.01 secs] 
2016-09-25T21:49:38.404-0400: 60.471: [GC (GCLocker Initiated GC) [PSYoungGen: 145722K->56359K(172544K)] 359621K->290256K(696832K), 0.0082188 secs] [Times: user=0.12 sys=0.00, real=0.00 secs] 
2016-09-25T21:49:38.481-0400: 60.548: [GC (GCLocker Initiated GC) [PSYoungGen: 146471K->45530K(177664K)] 380395K->298907K(701952K), 0.0099479 secs] [Times: user=0.05 sys=0.00, real=0.01 secs] 
2016-09-25T21:49:38.569-0400: 60.636: [GC (GCLocker Initiated GC) [PSYoungGen: 145370K->76812K(177152K)] 398865K->330878K(701440K), 0.0090802 secs] [Times: user=0.08 sys=0.00, real=0.01 secs] 
2016-09-25T21:49:38.643-0400: 60.710: [GC (GCLocker Initiated GC) [PSYoungGen: 176652K->37468K(175104K)] 438941K->305832K(699392K), 0.0056515 secs] [Times: user=0.04 sys=0.00, real=0.00 secs] 
2016-09-25T21:49:38.716-0400: 60.783: [GC (GCLocker Initiated GC) [PSYoungGen: 127580K->59278K(149504K)] 404259K->347576K(673792K), 0.0107202 secs] [Times: user=0.15 sys=0.00, real=0.01 secs] 
2016-09-25T21:49:38.792-0400: 60.859: [GC (GCLocker Initiated GC) [PSYoungGen: 149390K->72623K(172032K)] 440455K->364452K(696320K), 0.0095797 secs] [Times: user=0.08 sys=0.00, real=0.01 secs] 
2016-09-25T21:49:38.885-0400: 60.952: [GC (GCLocker Initiated GC) [PSYoungGen: 160687K->55190K(175104K)] 457956K->371976K(699392K), 0.0097312 secs] [Times: user=0.13 sys=0.00, real=0.01 secs] 
2016-09-25T21:49:38.967-0400: 61.034: [GC (GCLocker Initiated GC) [PSYoungGen: 143254K->45783K(173056K)] 465532K->403863K(697344K), 0.0060544 secs] [Times: user=0.07 sys=0.00, real=0.00 secs] 
2016-09-25T21:49:39.052-0400: 61.119: [GC (GCLocker Initiated GC) [PSYoungGen: 135895K->47152K(174592K)] 499564K->427734K(698880K), 0.0104307 secs] [Times: user=0.14 sys=0.00, real=0.02 secs] 
2016-09-25T21:49:39.122-0400: 61.189: [GC (GCLocker Initiated GC) [PSYoungGen: 137264K->61802K(176640K)] 518032K->454110K(700928K), 0.0097037 secs] [Times: user=0.12 sys=0.01, real=0.01 secs] 
2016-09-25T21:49:39.199-0400: 61.266: [GC (GCLocker Initiated GC) [PSYoungGen: 156522K->44448K(177152K)] 557294K->456673K(701440K), 0.0056025 secs] [Times: user=0.07 sys=0.00, real=0.01 secs] 
2016-09-25T21:49:39.273-0400: 61.340: [GC (GCLocker Initiated GC) [PSYoungGen: 139168K->52409K(175616K)] 557030K->471078K(699904K), 0.0060790 secs] [Times: user=0.08 sys=0.00, real=0.01 secs] 
2016-09-25T21:49:39.339-0400: 61.406: [GC (GCLocker Initiated GC) [PSYoungGen: 150201K->56527K(177664K)] 569044K->475991K(701952K), 0.0063949 secs] [Times: user=0.07 sys=0.00, real=0.01 secs] 
2016-09-25T21:49:39.404-0400: 61.471: [GC (GCLocker Initiated GC) [PSYoungGen: 154319K->59274K(181248K)] 573786K->487579K(705536K), 0.0090501 secs] [Times: user=0.13 sys=0.00, real=0.00 secs] 
2016-09-25T21:49:39.517-0400: 61.584: [GC (GCLocker Initiated GC) [PSYoungGen: 163722K->57950K(181760K)] 595885K->490825K(706048K), 0.0128923 secs] [Times: user=0.11 sys=0.01, real=0.01 secs] 
2016-09-25T21:49:39.597-0400: 61.664: [GC (GCLocker Initiated GC) [PSYoungGen: 162398K->57777K(182272K)] 595361K->513206K(706560K), 0.0071763 secs] [Times: user=0.10 sys=0.00, real=0.01 secs] 
2016-09-25T21:49:39.706-0400: 61.773: [GC (GCLocker Initiated GC) [PSYoungGen: 166321K->63218K(183296K)] 621783K->519285K(707584K), 0.0172673 secs] [Times: user=0.25 sys=0.00, real=0.02 secs] 
2016-09-25T21:49:39.793-0400: 61.860: [GC (GCLocker Initiated GC) [PSYoungGen: 171762K->63318K(185344K)] 627876K->530959K(709632K), 0.0067461 secs] [Times: user=0.10 sys=0.00, real=0.01 secs] 
2016-09-25T21:49:39.880-0400: 61.947: [GC (GCLocker Initiated GC) [PSYoungGen: 172886K->64672K(174592K)] 644686K->539886K(698880K), 0.0101985 secs] [Times: user=0.15 sys=0.01, real=0.01 secs] 
2016-09-25T21:49:39.985-0400: 62.053: [GC (GCLocker Initiated GC) [PSYoungGen: 174240K->53808K(185856K)] 650833K->547351K(710144K), 0.0110349 secs] [Times: user=0.17 sys=0.00, real=0.01 secs] 
2016-09-25T21:49:39.997-0400: 62.064: [Full GC (Ergonomics) [PSYoungGen: 53808K->0K(185856K)] [ParOldGen: 493542K->225473K(524288K)] 547351K->225473K(710144K), [Metaspace: 43504K->43504K(1085440K)], 0.0604245 secs] [Times: user=0.48 sys=0.01, real=0.06 secs] 
2016-09-25T21:49:40.159-0400: 62.226: [GC (GCLocker Initiated GC) [PSYoungGen: 108544K->62517K(184832K)] 336314K->290287K(709120K), 0.0105910 secs] [Times: user=0.14 sys=0.00, real=0.01 secs] 
2016-09-25T21:49:40.258-0400: 62.325: [GC (GCLocker Initiated GC) [PSYoungGen: 171061K->65892K(183808K)] 398942K->305764K(708096K), 0.0101774 secs] [Times: user=0.13 sys=0.00, real=0.01 secs] 
2016-09-25T21:49:40.365-0400: 62.432: [GC (GCLocker Initiated GC) [PSYoungGen: 173412K->41782K(149504K)] 413508K->298705K(673792K), 0.0223848 secs] [Times: user=0.21 sys=0.00, real=0.02 secs] 
2016-09-25T21:49:40.449-0400: 62.516: [GC (GCLocker Initiated GC) [PSYoungGen: 149302K->53689K(185344K)] 408976K->316768K(709632K), 0.0138621 secs] [Times: user=0.12 sys=0.00, real=0.02 secs] 
2016-09-25T21:49:40.582-0400: 62.649: [GC (GCLocker Initiated GC) [PSYoungGen: 160697K->32027K(139264K)] 426544K->309217K(663552K), 0.0068289 secs] [Times: user=0.06 sys=0.00, real=0.00 secs] 
2016-09-25T21:49:40.656-0400: 62.723: [GC (GCLocker Initiated GC) [PSYoungGen: 139035K->51260K(184832K)] 427235K->342802K(709120K), 0.0053811 secs] [Times: user=0.06 sys=0.00, real=0.00 secs] 
2016-09-25T21:49:40.769-0400: 62.836: [GC (GCLocker Initiated GC) [PSYoungGen: 157244K->42786K(148992K)] 455639K->341915K(673280K), 0.0091656 secs] [Times: user=0.06 sys=0.01, real=0.01 secs] 
2016-09-25T21:49:40.859-0400: 62.926: [GC (GCLocker Initiated GC) [PSYoungGen: 148770K->39070K(182784K)] 464270K->371299K(707072K), 0.0056003 secs] [Times: user=0.07 sys=0.00, real=0.01 secs] 
2016-09-25T21:49:40.946-0400: 63.013: [GC (GCLocker Initiated GC) [PSYoungGen: 145054K->57707K(182784K)] 482805K->396174K(707072K), 0.0235456 secs] [Times: user=0.29 sys=0.00, real=0.02 secs] 
2016-09-25T21:49:41.059-0400: 63.126: [GC (GCLocker Initiated GC) [PSYoungGen: 163691K->18502K(178688K)] 526645K->381943K(702976K), 0.0095670 secs] [Times: user=0.08 sys=0.00, real=0.01 secs] 
2016-09-25T21:49:41.139-0400: 63.206: [GC (GCLocker Initiated GC) [PSYoungGen: 120902K->56380K(182272K)] 488425K->435407K(706560K), 0.0108247 secs] [Times: user=0.15 sys=0.00, real=0.01 secs] 
2016-09-25T21:49:41.243-0400: 63.310: [GC (GCLocker Initiated GC) [PSYoungGen: 158780K->30639K(181760K)] 552681K->426367K(706048K), 0.0086835 secs] [Times: user=0.08 sys=0.00, real=0.00 secs] 
2016-09-25T21:49:41.331-0400: 63.399: [GC (GCLocker Initiated GC) [PSYoungGen: 133039K->52237K(155136K)] 534209K->467526K(679424K), 0.0056346 secs] [Times: user=0.06 sys=0.00, real=0.01 secs] 
2016-09-25T21:49:41.426-0400: 63.493: [GC (GCLocker Initiated GC) [PSYoungGen: 154637K->35945K(182272K)] 579392K->461148K(706560K), 0.0086414 secs] [Times: user=0.07 sys=0.00, real=0.01 secs] 
2016-09-25T21:49:41.506-0400: 63.573: [GC (GCLocker Initiated GC) [PSYoungGen: 139881K->52224K(181248K)] 569273K->482148K(705536K), 0.0267776 secs] [Times: user=0.32 sys=0.00, real=0.02 secs] 
2016-09-25T21:49:41.602-0400: 63.669: [GC (GCLocker Initiated GC) [PSYoungGen: 156160K->69864K(174592K)] 588866K->521970K(698880K), 0.0170817 secs] [Times: user=0.22 sys=0.00, real=0.01 secs] 
2016-09-25T21:49:41.700-0400: 63.767: [GC (GCLocker Initiated GC) [PSYoungGen: 168168K->40106K(180224K)] 632491K->533312K(704512K), 0.0065878 secs] [Times: user=0.08 sys=0.01, real=0.01 secs] 
2016-09-25T21:49:41.707-0400: 63.774: [Full GC (Ergonomics) [PSYoungGen: 40106K->0K(180224K)] [ParOldGen: 493206K->236997K(524288K)] 533312K->236997K(704512K), [Metaspace: 43507K->43507K(1085440K)], 0.0626295 secs] [Times: user=0.43 sys=0.00, real=0.06 secs] 
2016-09-25T21:49:41.838-0400: 63.905: [GC (GCLocker Initiated GC) [PSYoungGen: 98304K->52441K(174592K)] 343422K->297560K(698880K), 0.0088164 secs] [Times: user=0.07 sys=0.00, real=0.01 secs] 
2016-09-25T21:49:41.931-0400: 63.998: [GC (GCLocker Initiated GC) [PSYoungGen: 152281K->34487K(178176K)] 405527K->288330K(702464K), 0.0080073 secs] [Times: user=0.04 sys=0.01, real=0.01 secs] 
2016-09-25T21:49:42.010-0400: 64.077: [GC (GCLocker Initiated GC) [PSYoungGen: 134327K->69910K(173056K)] 393638K->329671K(697344K), 0.0090288 secs] [Times: user=0.10 sys=0.01, real=0.01 secs] 
2016-09-25T21:49:42.088-0400: 64.155: [GC (GCLocker Initiated GC) [PSYoungGen: 165142K->45419K(178688K)] 424984K->335477K(702976K), 0.0067822 secs] [Times: user=0.07 sys=0.00, real=0.01 secs] 
2016-09-25T21:49:42.171-0400: 64.238: [GC (Allocation Failure) [PSYoungGen: 140651K->53596K(173056K)] 436138K->349512K(697344K), 0.0057636 secs] [Times: user=0.04 sys=0.00, real=0.01 secs] 
2016-09-25T21:49:42.241-0400: 64.308: [GC (GCLocker Initiated GC) [PSYoungGen: 148939K->56284K(177152K)] 447555K->377053K(701440K), 0.0075747 secs] [Times: user=0.11 sys=0.00, real=0.01 secs] 
2016-09-25T21:49:42.317-0400: 64.385: [GC (GCLocker Initiated GC) [PSYoungGen: 154076K->52039K(177152K)] 474926K->373310K(701440K), 0.0087477 secs] [Times: user=0.08 sys=0.00, real=0.01 secs] 
2016-09-25T21:49:42.397-0400: 64.465: [GC (GCLocker Initiated GC) [PSYoungGen: 155975K->49311K(180224K)] 477286K->370993K(704512K), 0.0132250 secs] [Times: user=0.15 sys=0.01, real=0.01 secs] 
2016-09-25T21:49:42.475-0400: 64.542: [GC (GCLocker Initiated GC) [PSYoungGen: 153247K->60225K(185856K)] 474983K->382432K(710144K), 0.0096534 secs] [Times: user=0.14 sys=0.00, real=0.01 secs] 
2016-09-25T21:49:42.551-0400: 64.618: [GC (GCLocker Initiated GC) [PSYoungGen: 171841K->73869K(185856K)] 494122K->404661K(710144K), 0.0098886 secs] [Times: user=0.14 sys=0.00, real=0.01 secs] 
2016-09-25T21:49:42.640-0400: 64.707: [GC (GCLocker Initiated GC) [PSYoungGen: 185485K->37375K(175616K)] 528487K->402461K(699904K), 0.0080142 secs] [Times: user=0.11 sys=0.00, real=0.01 secs] 
2016-09-25T21:49:42.707-0400: 64.774: [GC (GCLocker Initiated GC) [PSYoungGen: 136703K->71012K(170496K)] 501880K->436623K(694784K), 0.0090826 secs] [Times: user=0.11 sys=0.00, real=0.01 secs] 
2016-09-25T21:49:42.788-0400: 64.855: [GC (GCLocker Initiated GC) [PSYoungGen: 170340K->43920K(178176K)] 545418K->446317K(702464K), 0.0094778 secs] [Times: user=0.10 sys=0.00, real=0.01 secs] 
2016-09-25T21:49:42.867-0400: 64.934: [GC (GCLocker Initiated GC) [PSYoungGen: 136592K->48066K(140800K)] 552553K->464336K(665088K), 0.0047400 secs] [Times: user=0.06 sys=0.00, real=0.00 secs] 
2016-09-25T21:49:42.920-0400: 64.987: [GC (Allocation Failure) [PSYoungGen: 140738K->61491K(174080K)] 559771K->488948K(698368K), 0.0058042 secs] [Times: user=0.08 sys=0.00, real=0.01 secs] 
2016-09-25T21:49:42.928-0400: 64.995: [GC (GCLocker Initiated GC) [PSYoungGen: 62032K->32K(174592K)] 489490K->491364K(698880K), 0.0063479 secs] [Times: user=0.09 sys=0.00, real=0.01 secs] 
2016-09-25T21:49:42.935-0400: 65.002: [Full GC (Ergonomics) [PSYoungGen: 32K->0K(174592K)] [ParOldGen: 491332K->242024K(524288K)] 491364K->242024K(698880K), [Metaspace: 43507K->43507K(1085440K)], 0.0635844 secs] [Times: user=0.46 sys=0.01, real=0.06 secs] 
2016-09-25T21:49:43.055-0400: 65.122: [GC (GCLocker Initiated GC) [PSYoungGen: 89642K->50883K(176640K)] 334367K->295608K(700928K), 0.0134022 secs] [Times: user=0.19 sys=0.00, real=0.01 secs] 
2016-09-25T21:49:43.131-0400: 65.198: [GC (GCLocker Initiated GC) [PSYoungGen: 140483K->59996K(175104K)] 393430K->313505K(699392K), 0.0087131 secs] [Times: user=0.12 sys=0.00, real=0.01 secs] 
2016-09-25T21:49:43.199-0400: 65.266: [GC (GCLocker Initiated GC) [PSYoungGen: 149596K->58854K(175616K)] 405923K->326221K(699904K), 0.0062388 secs] [Times: user=0.08 sys=0.00, real=0.01 secs] 
2016-09-25T21:49:43.266-0400: 65.333: [GC (GCLocker Initiated GC) [PSYoungGen: 148454K->60263K(175616K)] 426743K->355015K(699904K), 0.0056816 secs] [Times: user=0.06 sys=0.00, real=0.00 secs] 
2016-09-25T21:49:43.332-0400: 65.399: [GC (GCLocker Initiated GC) [PSYoungGen: 149863K->46701K(171008K)] 450061K->363445K(695296K), 0.0062375 secs] [Times: user=0.07 sys=0.00, real=0.01 secs] 
2016-09-25T21:49:43.402-0400: 65.469: [GC (GCLocker Initiated GC) [PSYoungGen: 136813K->56142K(173568K)] 453559K->373195K(697856K), 0.0051686 secs] [Times: user=0.05 sys=0.01, real=0.01 secs] 
2016-09-25T21:49:43.476-0400: 65.543: [GC (GCLocker Initiated GC) [PSYoungGen: 146254K->49328K(172544K)] 468766K->372145K(696832K), 0.0122692 secs] [Times: user=0.14 sys=0.00, real=0.01 secs] 
2016-09-25T21:49:43.565-0400: 65.632: [GC (GCLocker Initiated GC) [PSYoungGen: 146096K->44046K(176128K)] 478586K->376899K(700416K), 0.0104831 secs] [Times: user=0.13 sys=0.01, real=0.01 secs] 
2016-09-25T21:49:43.648-0400: 65.716: [GC (GCLocker Initiated GC) [PSYoungGen: 140814K->30546K(182272K)] 489232K->379421K(706560K), 0.0158698 secs] [Times: user=0.21 sys=0.00, real=0.02 secs] 
2016-09-25T21:49:43.733-0400: 65.801: [GC (GCLocker Initiated GC) [PSYoungGen: 135506K->46712K(152064K)] 488506K->400177K(676352K), 0.0134077 secs] [Times: user=0.17 sys=0.00, real=0.02 secs] 
2016-09-25T21:49:43.815-0400: 65.882: [GC (GCLocker Initiated GC) [PSYoungGen: 151672K->58831K(181248K)] 507865K->415376K(705536K), 0.0060211 secs] [Times: user=0.07 sys=0.00, real=0.00 secs] 
2016-09-25T21:49:43.892-0400: 65.959: [GC (GCLocker Initiated GC) [PSYoungGen: 164303K->52181K(182272K)] 520852K->422590K(706560K), 0.0089064 secs] [Times: user=0.08 sys=0.01, real=0.01 secs] 
2016-09-25T21:49:43.986-0400: 66.053: [GC (GCLocker Initiated GC) [PSYoungGen: 157653K->62970K(181760K)] 532275K->438051K(706048K), 0.0063416 secs] [Times: user=0.07 sys=0.01, real=0.00 secs] 
2016-09-25T21:49:44.052-0400: 66.119: [GC (GCLocker Initiated GC) [PSYoungGen: 169466K->49534K(184320K)] 555443K->454830K(708608K), 0.0067351 secs] [Times: user=0.08 sys=0.01, real=0.01 secs] 
2016-09-25T21:49:44.121-0400: 66.188: [GC (GCLocker Initiated GC) [PSYoungGen: 156030K->41261K(183296K)] 568278K->453870K(707584K), 0.0066648 secs] [Times: user=0.04 sys=0.00, real=0.01 secs] 
2016-09-25T21:49:44.241-0400: 66.308: [GC (GCLocker Initiated GC) [PSYoungGen: 150317K->45414K(183808K)] 568388K->488291K(708096K), 0.0104293 secs] [Times: user=0.09 sys=0.01, real=0.01 secs] 
2016-09-25T21:49:44.317-0400: 66.384: [GC (GCLocker Initiated GC) [PSYoungGen: 154470K->52164K(186368K)] 597388K->495540K(710656K), 0.0062306 secs] [Times: user=0.08 sys=0.00, real=0.01 secs] 
2016-09-25T21:49:44.429-0400: 66.497: [GC (GCLocker Initiated GC) [PSYoungGen: 166340K->56304K(185856K)] 615194K->532631K(710144K), 0.0103479 secs] [Times: user=0.12 sys=0.02, real=0.01 secs] 
2016-09-25T21:49:44.514-0400: 66.581: [GC (GCLocker Initiated GC) [PSYoungGen: 170480K->44116K(188928K)] 646841K->529069K(713216K), 0.0083382 secs] [Times: user=0.05 sys=0.01, real=0.02 secs] 
2016-09-25T21:49:44.616-0400: 66.683: [GC (GCLocker Initiated GC) [PSYoungGen: 162900K->60437K(189440K)] 647900K->572993K(713728K), 0.0145295 secs] [Times: user=0.16 sys=0.00, real=0.01 secs] 
2016-09-25T21:49:44.631-0400: 66.698: [Full GC (Ergonomics) [PSYoungGen: 60437K->0K(189440K)] [ParOldGen: 512556K->256759K(524288K)] 572993K->256759K(713728K), [Metaspace: 43514K->43514K(1085440K)], 0.0729375 secs] [Times: user=0.52 sys=0.01, real=0.08 secs] 
2016-09-25T21:49:44.829-0400: 66.896: [GC (GCLocker Initiated GC) [PSYoungGen: 118784K->57936K(188416K)] 375784K->314936K(712704K), 0.0098180 secs] [Times: user=0.14 sys=0.00, real=0.01 secs] 
2016-09-25T21:49:44.912-0400: 66.980: [GC (GCLocker Initiated GC) [PSYoungGen: 173648K->49728K(165888K)] 437636K->315869K(690176K), 0.0053282 secs] [Times: user=0.08 sys=0.00, real=0.01 secs] 
2016-09-25T21:49:45.002-0400: 67.069: [GC (GCLocker Initiated GC) [PSYoungGen: 165440K->68665K(181760K)] 432994K->339559K(706048K), 0.0116665 secs] [Times: user=0.17 sys=0.00, real=0.00 secs] 
2016-09-25T21:49:45.114-0400: 67.181: [GC (GCLocker Initiated GC) [PSYoungGen: 179257K->33538K(144384K)] 456968K->314536K(668672K), 0.0129879 secs] [Times: user=0.10 sys=0.00, real=0.02 secs] 
2016-09-25T21:49:45.241-0400: 67.309: [GC (GCLocker Initiated GC) [PSYoungGen: 144130K->29577K(183296K)] 434593K->334270K(707584K), 0.0167800 secs] [Times: user=0.21 sys=0.01, real=0.02 secs] 
2016-09-25T21:49:45.354-0400: 67.422: [GC (GCLocker Initiated GC) [PSYoungGen: 136073K->40568K(147456K)] 449141K->354350K(671744K), 0.0048483 secs] [Times: user=0.05 sys=0.00, real=0.00 secs] 
2016-09-25T21:49:45.478-0400: 67.546: [GC (GCLocker Initiated GC) [PSYoungGen: 147064K->55269K(183808K)] 464905K->374064K(708096K), 0.0078376 secs] [Times: user=0.09 sys=0.00, real=0.01 secs] 
2016-09-25T21:49:45.570-0400: 67.637: [GC (GCLocker Initiated GC) [PSYoungGen: 162789K->67600K(175616K)] 484332K->389876K(699904K), 0.0207944 secs] [Times: user=0.22 sys=0.01, real=0.02 secs] 
2016-09-25T21:49:45.671-0400: 67.738: [GC (GCLocker Initiated GC) [PSYoungGen: 175120K->67504K(174592K)] 500326K->412564K(698880K), 0.0103377 secs] [Times: user=0.14 sys=0.00, real=0.01 secs] 
2016-09-25T21:49:45.768-0400: 67.835: [GC (GCLocker Initiated GC) [PSYoungGen: 161712K->60572K(178176K)] 506905K->406656K(702464K), 0.0150985 secs] [Times: user=0.17 sys=0.01, real=0.02 secs] 
2016-09-25T21:49:45.863-0400: 67.930: [GC (GCLocker Initiated GC) [PSYoungGen: 154780K->52528K(172544K)] 508205K->422853K(696832K), 0.0139716 secs] [Times: user=0.14 sys=0.01, real=0.01 secs] 
2016-09-25T21:49:45.948-0400: 68.015: [GC (GCLocker Initiated GC) [PSYoungGen: 147248K->47058K(175616K)] 520520K->431934K(699904K), 0.0117372 secs] [Times: user=0.14 sys=0.00, real=0.01 secs] 
2016-09-25T21:49:46.030-0400: 68.098: [GC (GCLocker Initiated GC) [PSYoungGen: 141778K->63328K(180224K)] 526761K->449141K(704512K), 0.0085635 secs] [Times: user=0.11 sys=0.01, real=0.01 secs] 
2016-09-25T21:49:46.117-0400: 68.184: [GC (GCLocker Initiated GC) [PSYoungGen: 164704K->67581K(168960K)] 553405K->457077K(693248K), 0.0086026 secs] [Times: user=0.13 sys=0.01, real=0.01 secs] 
2016-09-25T21:49:46.214-0400: 68.281: [GC (GCLocker Initiated GC) [PSYoungGen: 168957K->40523K(179712K)] 563904K->449937K(704000K), 0.0094393 secs] [Times: user=0.09 sys=0.01, real=0.02 secs] 
2016-09-25T21:49:46.298-0400: 68.365: [GC (GCLocker Initiated GC) [PSYoungGen: 137291K->73115K(169984K)] 546786K->483535K(694272K), 0.0066552 secs] [Times: user=0.11 sys=0.00, real=0.01 secs] 
2016-09-25T21:49:46.395-0400: 68.462: [GC (GCLocker Initiated GC) [PSYoungGen: 169883K->58200K(177152K)] 580336K->477806K(701440K), 0.0107632 secs] [Times: user=0.15 sys=0.00, real=0.01 secs] 
2016-09-25T21:49:46.486-0400: 68.553: [GC (GCLocker Initiated GC) [PSYoungGen: 148312K->40616K(131072K)] 574807K->489707K(655360K), 0.0137393 secs] [Times: user=0.14 sys=0.01, real=0.01 secs] 
2016-09-25T21:49:46.579-0400: 68.646: [GC (GCLocker Initiated GC) [PSYoungGen: 130728K->45923K(176128K)] 584372K->503229K(700416K), 0.0071146 secs] [Times: user=0.06 sys=0.00, real=0.01 secs] 
2016-09-25T21:49:46.670-0400: 68.737: [GC (GCLocker Initiated GC) [PSYoungGen: 137571K->43220K(174592K)] 604347K->521801K(698880K), 0.0108427 secs] [Times: user=0.09 sys=0.00, real=0.01 secs] 
2016-09-25T21:49:46.767-0400: 68.834: [GC (GCLocker Initiated GC) [PSYoungGen: 134868K->74251K(169984K)] 616249K->556602K(694272K), 0.0075017 secs] [Times: user=0.09 sys=0.00, real=0.01 secs] 
2016-09-25T21:49:46.842-0400: 68.909: [GC (GCLocker Initiated GC) [PSYoungGen: 162315K->68917K(175104K)] 647401K->568366K(699392K), 0.0072556 secs] [Times: user=0.08 sys=0.00, real=0.01 secs] 
2016-09-25T21:49:46.849-0400: 68.916: [Full GC (Ergonomics) [PSYoungGen: 68917K->0K(175104K)] [ParOldGen: 499448K->265856K(524288K)] 568366K->265856K(699392K), [Metaspace: 43515K->43515K(1085440K)], 0.0699016 secs] [Times: user=0.52 sys=0.02, real=0.07 secs] 
2016-09-25T21:49:47.008-0400: 69.075: [GC (GCLocker Initiated GC) [PSYoungGen: 88064K->51319K(174080K)] 360737K->323992K(698368K), 0.0073129 secs] [Times: user=0.11 sys=0.00, real=0.01 secs] 
2016-09-25T21:49:47.097-0400: 69.164: [GC (GCLocker Initiated GC) [PSYoungGen: 139383K->44669K(174592K)] 418906K->348071K(698880K), 0.0128153 secs] [Times: user=0.19 sys=0.00, real=0.01 secs] 
2016-09-25T21:49:47.183-0400: 69.250: [GC (GCLocker Initiated GC) [PSYoungGen: 132733K->47223K(172032K)] 443477K->377905K(696320K), 0.0090980 secs] [Times: user=0.11 sys=0.00, real=0.00 secs] 
2016-09-25T21:49:47.266-0400: 69.333: [GC (GCLocker Initiated GC) [PSYoungGen: 137335K->54071K(173568K)] 470768K->388378K(697856K), 0.0150119 secs] [Times: user=0.20 sys=0.00, real=0.01 secs] 
2016-09-25T21:49:47.371-0400: 69.438: [GC (GCLocker Initiated GC) [PSYoungGen: 144183K->53083K(174592K)] 480110K->395278K(698880K), 0.0140929 secs] [Times: user=0.18 sys=0.00, real=0.02 secs] 
2016-09-25T21:49:47.452-0400: 69.519: [GC (GCLocker Initiated GC) [PSYoungGen: 150875K->67477K(176128K)] 493144K->410913K(700416K), 0.0088112 secs] [Times: user=0.10 sys=0.00, real=0.01 secs] 
2016-09-25T21:49:47.543-0400: 69.610: [GC (GCLocker Initiated GC) [PSYoungGen: 165269K->39425K(181248K)] 515483K->422918K(705536K), 0.0066836 secs] [Times: user=0.10 sys=0.00, real=0.00 secs] 
2016-09-25T21:49:47.620-0400: 69.687: [GC (GCLocker Initiated GC) [PSYoungGen: 139777K->66480K(166912K)] 528753K->456601K(691200K), 0.0087310 secs] [Times: user=0.08 sys=0.00, real=0.01 secs] 
2016-09-25T21:49:47.723-0400: 69.790: [GC (GCLocker Initiated GC) [PSYoungGen: 166832K->69002K(174080K)] 558756K->462011K(698368K), 0.0101561 secs] [Times: user=0.15 sys=0.00, real=0.00 secs] 
2016-09-25T21:49:47.813-0400: 69.880: [GC (GCLocker Initiated GC) [PSYoungGen: 160138K->36476K(128000K)] 555881K->438624K(652288K), 0.0083777 secs] [Times: user=0.07 sys=0.00, real=0.01 secs] 
2016-09-25T21:49:47.899-0400: 69.966: [GC (GCLocker Initiated GC) [PSYoungGen: 127612K->38078K(176640K)] 537951K->457375K(700928K), 0.0155707 secs] [Times: user=0.17 sys=0.00, real=0.02 secs] 
2016-09-25T21:49:47.991-0400: 70.058: [GC (GCLocker Initiated GC) [PSYoungGen: 128702K->52992K(143872K)] 557526K->496521K(668160K), 0.0126118 secs] [Times: user=0.14 sys=0.00, real=0.02 secs] 
2016-09-25T21:49:48.070-0400: 70.138: [GC (GCLocker Initiated GC) [PSYoungGen: 143616K->56764K(174592K)] 587208K->506808K(698880K), 0.0090494 secs] [Times: user=0.08 sys=0.00, real=0.01 secs] 
2016-09-25T21:49:48.157-0400: 70.224: [GC (GCLocker Initiated GC) [PSYoungGen: 148924K->68969K(173056K)] 599103K->525449K(697344K), 0.0100578 secs] [Times: user=0.13 sys=0.01, real=0.01 secs] 
2016-09-25T21:49:48.249-0400: 70.316: [GC (GCLocker Initiated GC) [PSYoungGen: 161129K->60748K(178688K)] 617784K->518424K(702976K), 0.0084712 secs] [Times: user=0.08 sys=0.00, real=0.01 secs] 
2016-09-25T21:49:48.335-0400: 70.402: [GC (GCLocker Initiated GC) [PSYoungGen: 155468K->40785K(135680K)] 621329K->521063K(659968K), 0.0123349 secs] [Times: user=0.14 sys=0.00, real=0.01 secs] 
2016-09-25T21:49:48.417-0400: 70.484: [GC (GCLocker Initiated GC) [PSYoungGen: 135505K->58243K(178688K)] 618510K->561367K(702976K), 0.0073654 secs] [Times: user=0.10 sys=0.00, real=0.01 secs] 
2016-09-25T21:49:48.425-0400: 70.492: [Full GC (Ergonomics) [PSYoungGen: 58243K->0K(178688K)] [ParOldGen: 503123K->263234K(524288K)] 561367K->263234K(702976K), [Metaspace: 43517K->43517K(1085440K)], 0.1956579 secs] [Times: user=2.72 sys=0.02, real=0.19 secs] 
2016-09-25T21:49:48.681-0400: 70.748: [GC (GCLocker Initiated GC) [PSYoungGen: 95744K->66207K(177664K)] 361759K->332222K(701952K), 0.0064392 secs] [Times: user=0.08 sys=0.00, real=0.01 secs] 
2016-09-25T21:49:48.761-0400: 70.828: [GC (Allocation Failure) [PSYoungGen: 161951K->73154K(171520K)] 430807K->344137K(695808K), 0.0114063 secs] [Times: user=0.14 sys=0.00, real=0.01 secs] 
2016-09-25T21:49:48.773-0400: 70.840: [GC (GCLocker Initiated GC) [PSYoungGen: 76233K->2892K(175104K)] 347217K->342608K(699392K), 0.0096758 secs] [Times: user=0.10 sys=0.01, real=0.02 secs] 
2016-09-25T21:49:48.895-0400: 70.963: [GC (GCLocker Initiated GC) [PSYoungGen: 90956K->60499K(175104K)] 430679K->400239K(699392K), 0.0065118 secs] [Times: user=0.09 sys=0.00, real=0.00 secs] 
2016-09-25T21:49:48.966-0400: 71.033: [GC (GCLocker Initiated GC) [PSYoungGen: 148563K->56900K(175104K)] 493769K->404058K(699392K), 0.0148374 secs] [Times: user=0.17 sys=0.00, real=0.01 secs] 
2016-09-25T21:49:49.092-0400: 71.159: [GC (GCLocker Initiated GC) [PSYoungGen: 144964K->60858K(175104K)] 492241K->409220K(699392K), 0.0076782 secs] [Times: user=0.10 sys=0.00, real=0.01 secs] 
2016-09-25T21:49:49.178-0400: 71.245: [GC (GCLocker Initiated GC) [PSYoungGen: 148922K->39285K(175104K)] 504071K->403440K(699392K), 0.0096469 secs] [Times: user=0.08 sys=0.00, real=0.01 secs] 
2016-09-25T21:49:49.314-0400: 71.381: [GC (GCLocker Initiated GC) [PSYoungGen: 127349K->54042K(172032K)] 491565K->419311K(696320K), 0.0070348 secs] [Times: user=0.08 sys=0.00, real=0.00 secs] 
2016-09-25T21:49:49.395-0400: 71.462: [GC (GCLocker Initiated GC) [PSYoungGen: 142106K->43397K(173568K)] 512782K->415025K(697856K), 0.0091859 secs] [Times: user=0.11 sys=0.00, real=0.01 secs] 
2016-09-25T21:49:49.498-0400: 71.566: [GC (GCLocker Initiated GC) [PSYoungGen: 131461K->52590K(172032K)] 506036K->428175K(696320K), 0.0172149 secs] [Times: user=0.14 sys=0.00, real=0.02 secs] 
2016-09-25T21:49:49.581-0400: 71.648: [GC (GCLocker Initiated GC) [PSYoungGen: 145774K->59394K(174080K)] 529704K->444382K(698368K), 0.0167856 secs] [Times: user=0.20 sys=0.00, real=0.02 secs] 
2016-09-25T21:49:49.709-0400: 71.777: [GC (GCLocker Initiated GC) [PSYoungGen: 152578K->44289K(178176K)] 539061K->431565K(702464K), 0.0063986 secs] [Times: user=0.06 sys=0.00, real=0.01 secs] 
2016-09-25T21:49:49.781-0400: 71.848: [GC (GCLocker Initiated GC) [PSYoungGen: 144641K->57975K(179712K)] 537395K->465063K(704000K), 0.0131387 secs] [Times: user=0.12 sys=0.00, real=0.02 secs] 
2016-09-25T21:49:49.909-0400: 71.977: [GC (GCLocker Initiated GC) [PSYoungGen: 158327K->42986K(180224K)] 565587K->461796K(704512K), 0.0109955 secs] [Times: user=0.11 sys=0.00, real=0.01 secs] 
2016-09-25T21:49:49.984-0400: 72.051: [GC (GCLocker Initiated GC) [PSYoungGen: 146922K->41630K(181760K)] 571760K->467132K(706048K), 0.0142354 secs] [Times: user=0.12 sys=0.00, real=0.01 secs] 
2016-09-25T21:49:50.108-0400: 72.175: [GC (GCLocker Initiated GC) [PSYoungGen: 145566K->52302K(180736K)] 571082K->478531K(705024K), 0.0101193 secs] [Times: user=0.10 sys=0.00, real=0.01 secs] 
2016-09-25T21:49:50.188-0400: 72.255: [GC (GCLocker Initiated GC) [PSYoungGen: 159822K->51408K(182784K)] 592851K->495822K(707072K), 0.0065054 secs] [Times: user=0.07 sys=0.00, real=0.01 secs] 
2016-09-25T21:49:50.274-0400: 72.341: [GC (GCLocker Initiated GC) [PSYoungGen: 158928K->34907K(185856K)] 607731K->508895K(710144K), 0.0101269 secs] [Times: user=0.13 sys=0.00, real=0.02 secs] 
2016-09-25T21:49:50.356-0400: 72.423: [GC (GCLocker Initiated GC) [PSYoungGen: 148059K->64694K(178176K)] 630208K->547488K(702464K), 0.0061610 secs] [Times: user=0.07 sys=0.01, real=0.00 secs] 
2016-09-25T21:49:50.460-0400: 72.527: [GC (GCLocker Initiated GC) [PSYoungGen: 177846K->65949K(179200K)] 662046K->550874K(703488K), 0.0103294 secs] [Times: user=0.15 sys=0.00, real=0.01 secs] 
2016-09-25T21:49:50.545-0400: 72.612: [Full GC (Ergonomics) [PSYoungGen: 168349K->0K(179200K)] [ParOldGen: 493222K->278641K(524288K)] 661572K->278641K(703488K), [Metaspace: 43577K->43577K(1085440K)], 0.0686856 secs] [Times: user=0.46 sys=0.01, real=0.06 secs] 
2016-09-25T21:49:50.702-0400: 72.769: [GC (GCLocker Initiated GC) [PSYoungGen: 102400K->50024K(182272K)] 385193K->332817K(706560K), 0.0123034 secs] [Times: user=0.12 sys=0.00, real=0.02 secs] 
2016-09-25T21:49:50.799-0400: 72.866: [GC (GCLocker Initiated GC) [PSYoungGen: 152424K->48421K(178688K)] 440678K->348531K(702976K), 0.0059731 secs] [Times: user=0.06 sys=0.00, real=0.01 secs] 
2016-09-25T21:49:50.881-0400: 72.948: [GC (GCLocker Initiated GC) [PSYoungGen: 153381K->62998K(180736K)] 458955K->369262K(705024K), 0.0198219 secs] [Times: user=0.24 sys=0.00, real=0.02 secs] 
2016-09-25T21:49:50.988-0400: 73.055: [GC (GCLocker Initiated GC) [PSYoungGen: 167958K->48150K(184832K)] 474257K->371107K(709120K), 0.0075259 secs] [Times: user=0.08 sys=0.00, real=0.01 secs] 
2016-09-25T21:49:51.072-0400: 73.139: [GC (GCLocker Initiated GC) [PSYoungGen: 157206K->60453K(184832K)] 486975K->414966K(709120K), 0.0103052 secs] [Times: user=0.14 sys=0.01, real=0.02 secs] 
2016-09-25T21:49:51.178-0400: 73.245: [GC (GCLocker Initiated GC) [PSYoungGen: 169509K->49539K(183808K)] 529513K->428976K(708096K), 0.0175797 secs] [Times: user=0.24 sys=0.00, real=0.02 secs] 
2016-09-25T21:49:51.285-0400: 73.353: [GC (GCLocker Initiated GC) [PSYoungGen: 159619K->44173K(184832K)] 542704K->438565K(709120K), 0.0052430 secs] [Times: user=0.06 sys=0.00, real=0.00 secs] 
2016-09-25T21:49:51.365-0400: 73.432: [GC (GCLocker Initiated GC) [PSYoungGen: 154253K->61765K(185856K)] 548765K->467594K(710144K), 0.0107010 secs] [Times: user=0.14 sys=0.00, real=0.01 secs] 
2016-09-25T21:49:51.470-0400: 73.538: [GC (GCLocker Initiated GC) [PSYoungGen: 173381K->21159K(133120K)] 598175K->457247K(657408K), 0.0146946 secs] [Times: user=0.14 sys=0.00, real=0.02 secs] 
2016-09-25T21:49:51.574-0400: 73.641: [GC (GCLocker Initiated GC) [PSYoungGen: 132775K->49724K(186368K)] 578385K->506796K(710656K), 0.0102246 secs] [Times: user=0.14 sys=0.00, real=0.02 secs] 
2016-09-25T21:49:51.675-0400: 73.742: [GC (GCLocker Initiated GC) [PSYoungGen: 157244K->63236K(183296K)] 617076K->523639K(707584K), 0.0135330 secs] [Times: user=0.19 sys=0.00, real=0.01 secs] 
2016-09-25T21:49:51.777-0400: 73.844: [GC (GCLocker Initiated GC) [PSYoungGen: 170756K->40064K(184832K)] 634088K->522919K(709120K), 0.0066201 secs] [Times: user=0.07 sys=0.00, real=0.01 secs] 
2016-09-25T21:49:51.859-0400: 73.926: [GC (GCLocker Initiated GC) [PSYoungGen: 146560K->47151K(154112K)] 640218K->552147K(678400K), 0.0110768 secs] [Times: user=0.12 sys=0.00, real=0.01 secs] 
2016-09-25T21:49:51.870-0400: 73.937: [Full GC (Ergonomics) [PSYoungGen: 47151K->0K(154112K)] [ParOldGen: 504996K->287774K(524288K)] 552147K->287774K(678400K), [Metaspace: 43577K->43577K(1085440K)], 0.0692051 secs] [Times: user=0.45 sys=0.00, real=0.07 secs] 
2016-09-25T21:49:52.033-0400: 74.100: [GC (GCLocker Initiated GC) [PSYoungGen: 106496K->67405K(177664K)] 394395K->355305K(701952K), 0.0100379 secs] [Times: user=0.09 sys=0.01, real=0.02 secs] 
2016-09-25T21:49:52.116-0400: 74.184: [GC (GCLocker Initiated GC) [PSYoungGen: 169805K->42997K(181760K)] 463210K->366901K(706048K), 0.0088017 secs] [Times: user=0.09 sys=0.01, real=0.01 secs] 
2016-09-25T21:49:52.219-0400: 74.286: [GC (GCLocker Initiated GC) [PSYoungGen: 145397K->32209K(182272K)] 480315K->367825K(706560K), 0.0047340 secs] [Times: user=0.07 sys=0.00, real=0.01 secs] 
2016-09-25T21:49:52.285-0400: 74.352: [GC (GCLocker Initiated GC) [PSYoungGen: 137169K->65992K(171008K)] 475911K->405381K(695296K), 0.0110574 secs] [Times: user=0.16 sys=0.00, real=0.01 secs] 
2016-09-25T21:49:52.374-0400: 74.441: [GC (GCLocker Initiated GC) [PSYoungGen: 170952K->53691K(182272K)] 510373K->393719K(706560K), 0.0110377 secs] [Times: user=0.12 sys=0.00, real=0.02 secs] 
2016-09-25T21:49:52.474-0400: 74.541: [GC (GCLocker Initiated GC) [PSYoungGen: 154043K->40404K(140800K)] 501029K->396091K(665088K), 0.0217339 secs] [Times: user=0.31 sys=0.00, real=0.02 secs] 
2016-09-25T21:49:52.567-0400: 74.634: [GC (GCLocker Initiated GC) [PSYoungGen: 140756K->56467K(179712K)] 496484K->423785K(704000K), 0.0138919 secs] [Times: user=0.19 sys=0.00, real=0.01 secs] 
2016-09-25T21:49:52.665-0400: 74.732: [GC (GCLocker Initiated GC) [PSYoungGen: 157331K->48441K(179200K)] 524717K->432673K(703488K), 0.0074874 secs] [Times: user=0.08 sys=0.00, real=0.00 secs] 
2016-09-25T21:49:52.744-0400: 74.811: [GC (GCLocker Initiated GC) [PSYoungGen: 149305K->66100K(177152K)] 540347K->471361K(701440K), 0.0142555 secs] [Times: user=0.22 sys=0.00, real=0.01 secs] 
2016-09-25T21:49:52.835-0400: 74.902: [GC (GCLocker Initiated GC) [PSYoungGen: 167476K->59095K(180736K)] 572833K->465200K(705024K), 0.0062863 secs] [Times: user=0.09 sys=0.00, real=0.00 secs] 
2016-09-25T21:49:52.923-0400: 74.990: [GC (GCLocker Initiated GC) [PSYoungGen: 160471K->51226K(177664K)] 569352K->485003K(701952K), 0.0089046 secs] [Times: user=0.13 sys=0.01, real=0.00 secs] 
2016-09-25T21:49:53.009-0400: 75.076: [GC (GCLocker Initiated GC) [PSYoungGen: 154650K->45859K(180224K)] 593862K->493943K(704512K), 0.0089040 secs] [Times: user=0.08 sys=0.00, real=0.01 secs] 
2016-09-25T21:49:53.092-0400: 75.159: [GC (GCLocker Initiated GC) [PSYoungGen: 149283K->72667K(175616K)] 597432K->524393K(699904K), 0.0076313 secs] [Times: user=0.10 sys=0.01, real=0.01 secs] 
2016-09-25T21:49:53.177-0400: 75.244: [GC (GCLocker Initiated GC) [PSYoungGen: 173019K->56626K(181248K)] 631607K->515834K(705536K), 0.0078920 secs] [Times: user=0.09 sys=0.00, real=0.01 secs] 
2016-09-25T21:49:53.256-0400: 75.323: [GC (GCLocker Initiated GC) [PSYoungGen: 156978K->40267K(179712K)] 624298K->527266K(704000K), 0.0173832 secs] [Times: user=0.16 sys=0.02, real=0.01 secs] 
2016-09-25T21:49:53.345-0400: 75.412: [GC (GCLocker Initiated GC) [PSYoungGen: 142155K->66014K(167936K)] 632010K->567490K(692224K), 0.0069400 secs] [Times: user=0.10 sys=0.00, real=0.00 secs] 
2016-09-25T21:49:53.352-0400: 75.419: [Full GC (Ergonomics) [PSYoungGen: 66014K->0K(167936K)] [ParOldGen: 501476K->297580K(524288K)] 567490K->297580K(692224K), [Metaspace: 43586K->43586K(1085440K)], 0.0560041 secs] [Times: user=0.51 sys=0.01, real=0.06 secs] 
2016-09-25T21:49:53.507-0400: 75.574: [GC (GCLocker Initiated GC) [PSYoungGen: 101888K->47554K(182272K)] 403663K->349329K(706560K), 0.0107198 secs] [Times: user=0.15 sys=0.00, real=0.01 secs] 
2016-09-25T21:49:53.603-0400: 75.670: [GC (GCLocker Initiated GC) [PSYoungGen: 148418K->44346K(145408K)] 454248K->354050K(669696K), 0.0101917 secs] [Times: user=0.05 sys=0.00, real=0.00 secs] 
2016-09-25T21:49:53.674-0400: 75.741: [GC (GCLocker Initiated GC) [PSYoungGen: 145210K->53824K(181760K)] 460409K->371111K(706048K), 0.0070314 secs] [Times: user=0.07 sys=0.01, real=0.00 secs] 
2016-09-25T21:49:53.800-0400: 75.867: [GC (GCLocker Initiated GC) [PSYoungGen: 156736K->31968K(179712K)] 482169K->358007K(704000K), 0.0103930 secs] [Times: user=0.08 sys=0.00, real=0.01 secs] 
2016-09-25T21:49:53.879-0400: 75.946: [GC (GCLocker Initiated GC) [PSYoungGen: 134880K->53702K(183296K)] 461067K->380559K(707584K), 0.0065923 secs] [Times: user=0.08 sys=0.00, real=0.01 secs] 
2016-09-25T21:49:53.982-0400: 76.049: [GC (GCLocker Initiated GC) [PSYoungGen: 161222K->37687K(183808K)] 497619K->374720K(708096K), 0.0251143 secs] [Times: user=0.26 sys=0.01, real=0.03 secs] 
2016-09-25T21:49:54.106-0400: 76.173: [GC (Allocation Failure) [PSYoungGen: 145207K->22808K(182272K)] 492101K->392051K(706560K), 0.0103686 secs] [Times: user=0.14 sys=0.00, real=0.01 secs] 
2016-09-25T21:49:54.120-0400: 76.187: [GC (GCLocker Initiated GC) [PSYoungGen: 23727K->256K(107008K)] 392971K->393329K(631296K), 0.0076038 secs] [Times: user=0.05 sys=0.00, real=0.01 secs] 
2016-09-25T21:49:54.220-0400: 76.287: [GC (GCLocker Initiated GC) [PSYoungGen: 106752K->80764K(171008K)] 502525K->476546K(695296K), 0.0146475 secs] [Times: user=0.17 sys=0.01, real=0.02 secs] 
2016-09-25T21:49:54.309-0400: 76.376: [GC (GCLocker Initiated GC) [PSYoungGen: 168828K->33323K(175104K)] 567420K->450171K(699392K), 0.0094013 secs] [Times: user=0.10 sys=0.00, real=0.01 secs] 
2016-09-25T21:49:54.414-0400: 76.481: [GC (GCLocker Initiated GC) [PSYoungGen: 121387K->40295K(174080K)] 539335K->458758K(698368K), 0.0051703 secs] [Times: user=0.05 sys=0.01, real=0.01 secs] 
2016-09-25T21:49:54.468-0400: 76.535: [GC (GCLocker Initiated GC) [PSYoungGen: 128359K->40069K(128512K)] 549639K->461919K(652800K), 0.0066291 secs] [Times: user=0.06 sys=0.00, real=0.01 secs] 
2016-09-25T21:49:54.547-0400: 76.614: [GC (GCLocker Initiated GC) [PSYoungGen: 128133K->62960K(169984K)] 552794K->488164K(694272K), 0.0106092 secs] [Times: user=0.14 sys=0.00, real=0.01 secs] 
2016-09-25T21:49:54.648-0400: 76.715: [GC (GCLocker Initiated GC) [PSYoungGen: 149488K->34737K(173056K)] 581654K->486214K(697344K), 0.0062975 secs] [Times: user=0.08 sys=0.00, real=0.01 secs] 
2016-09-25T21:49:54.703-0400: 76.770: [GC (GCLocker Initiated GC) [PSYoungGen: 121265K->63118K(172544K)] 575459K->517891K(696832K), 0.0115030 secs] [Times: user=0.19 sys=0.00, real=0.01 secs] 
2016-09-25T21:49:54.798-0400: 76.865: [GC (GCLocker Initiated GC) [PSYoungGen: 151182K->60356K(175104K)] 608777K->526564K(699392K), 0.0165603 secs] [Times: user=0.16 sys=0.00, real=0.02 secs] 
2016-09-25T21:49:54.879-0400: 76.946: [GC (GCLocker Initiated GC) [PSYoungGen: 148420K->64405K(175104K)] 617404K->539233K(699392K), 0.0084616 secs] [Times: user=0.10 sys=0.00, real=0.01 secs] 
2016-09-25T21:49:54.961-0400: 77.028: [GC (GCLocker Initiated GC) [PSYoungGen: 152469K->52321K(175104K)] 628822K->529205K(699392K), 0.0077557 secs] [Times: user=0.05 sys=0.00, real=0.01 secs] 
2016-09-25T21:49:55.032-0400: 77.099: [GC (GCLocker Initiated GC) [PSYoungGen: 140385K->53667K(171008K)] 621464K->548723K(695296K), 0.0219270 secs] [Times: user=0.32 sys=0.00, real=0.02 secs] 
2016-09-25T21:49:55.121-0400: 77.188: [Full GC (Ergonomics) [PSYoungGen: 141731K->0K(171008K)] [ParOldGen: 500683K->310029K(524288K)] 642415K->310029K(695296K), [Metaspace: 43586K->43586K(1085440K)], 0.0685883 secs] [Times: user=0.54 sys=0.01, real=0.07 secs] 
2016-09-25T21:49:55.268-0400: 77.335: [GC (GCLocker Initiated GC) [PSYoungGen: 88064K->59391K(173056K)] 400870K->372198K(697344K), 0.0243103 secs] [Times: user=0.32 sys=0.00, real=0.02 secs] 
2016-09-25T21:49:55.357-0400: 77.424: [GC (GCLocker Initiated GC) [PSYoungGen: 147455K->42648K(173056K)] 460267K->369788K(697344K), 0.0176253 secs] [Times: user=0.18 sys=0.01, real=0.02 secs] 
2016-09-25T21:49:55.447-0400: 77.515: [GC (GCLocker Initiated GC) [PSYoungGen: 134808K->44125K(175104K)] 464992K->374763K(699392K), 0.0191259 secs] [Times: user=0.24 sys=0.00, real=0.02 secs] 
2016-09-25T21:49:55.532-0400: 77.599: [GC (GCLocker Initiated GC) [PSYoungGen: 136285K->45381K(174080K)] 466989K->387370K(698368K), 0.0121933 secs] [Times: user=0.12 sys=0.00, real=0.02 secs] 
2016-09-25T21:49:55.613-0400: 77.680: [GC (GCLocker Initiated GC) [PSYoungGen: 143685K->37215K(176640K)] 485805K->382427K(700928K), 0.0179332 secs] [Times: user=0.17 sys=0.01, real=0.02 secs] 
2016-09-25T21:49:55.697-0400: 77.764: [GC (GCLocker Initiated GC) [PSYoungGen: 135519K->58945K(182272K)] 486234K->410234K(706560K), 0.0089255 secs] [Times: user=0.08 sys=0.00, real=0.01 secs] 
2016-09-25T21:49:55.789-0400: 77.856: [GC (GCLocker Initiated GC) [PSYoungGen: 163393K->46957K(151552K)] 522790K->428425K(675840K), 0.0060068 secs] [Times: user=0.09 sys=0.00, real=0.01 secs] 
2016-09-25T21:49:55.867-0400: 77.934: [GC (GCLocker Initiated GC) [PSYoungGen: 151405K->60615K(180224K)] 534323K->444101K(704512K), 0.0108215 secs] [Times: user=0.12 sys=0.02, real=0.01 secs] 
2016-09-25T21:49:55.951-0400: 78.018: [GC (GCLocker Initiated GC) [PSYoungGen: 164551K->71098K(175104K)] 548290K->474368K(699392K), 0.0165849 secs] [Times: user=0.21 sys=0.01, real=0.02 secs] 
2016-09-25T21:49:56.053-0400: 78.120: [GC (GCLocker Initiated GC) [PSYoungGen: 175034K->60365K(179200K)] 578810K->475375K(703488K), 0.0092479 secs] [Times: user=0.13 sys=0.00, real=0.02 secs] 
2016-09-25T21:49:56.126-0400: 78.193: [GC (GCLocker Initiated GC) [PSYoungGen: 156621K->52327K(148992K)] 580158K->498006K(673280K), 0.0063445 secs] [Times: user=0.09 sys=0.00, real=0.00 secs] 
2016-09-25T21:49:56.200-0400: 78.267: [GC (GCLocker Initiated GC) [PSYoungGen: 148583K->76630K(169984K)] 597134K->525695K(694272K), 0.0096702 secs] [Times: user=0.11 sys=0.01, real=0.01 secs] 
2016-09-25T21:49:56.273-0400: 78.340: [GC (GCLocker Initiated GC) [PSYoungGen: 166742K->64382K(154624K)] 618729K->524963K(678912K), 0.0062226 secs] [Times: user=0.07 sys=0.00, real=0.01 secs] 
2016-09-25T21:49:56.362-0400: 78.429: [GC (GCLocker Initiated GC) [PSYoungGen: 154494K->48215K(177664K)] 618125K->523106K(701952K), 0.0057435 secs] [Times: user=0.07 sys=0.01, real=0.01 secs] 
2016-09-25T21:49:56.433-0400: 78.500: [GC (GCLocker Initiated GC) [PSYoungGen: 139351K->53647K(144896K)] 617935K->557072K(669184K), 0.0091638 secs] [Times: user=0.10 sys=0.00, real=0.01 secs] 
2016-09-25T21:49:56.442-0400: 78.509: [Full GC (Ergonomics) [PSYoungGen: 53647K->0K(144896K)] [ParOldGen: 503425K->310076K(524288K)] 557072K->310076K(669184K), [Metaspace: 43597K->43597K(1085440K)], 0.0539232 secs] [Times: user=0.40 sys=0.01, real=0.06 secs] 
2016-09-25T21:49:56.570-0400: 78.637: [GC (GCLocker Initiated GC) [PSYoungGen: 91136K->52587K(175104K)] 405431K->366890K(699392K), 0.0079752 secs] [Times: user=0.07 sys=0.00, real=0.01 secs] 
2016-09-25T21:49:56.653-0400: 78.720: [GC (GCLocker Initiated GC) [PSYoungGen: 145771K->38700K(173056K)] 462875K->386271K(697344K), 0.0088053 secs] [Times: user=0.10 sys=0.00, real=0.01 secs] 
2016-09-25T21:49:56.748-0400: 78.816: [GC (GCLocker Initiated GC) [PSYoungGen: 131884K->44199K(180736K)] 482254K->411245K(705024K), 0.0056658 secs] [Times: user=0.07 sys=0.00, real=0.01 secs] 
2016-09-25T21:49:56.820-0400: 78.887: [GC (GCLocker Initiated GC) [PSYoungGen: 146087K->68693K(171008K)] 515978K->439127K(695296K), 0.0091451 secs] [Times: user=0.12 sys=0.00, real=0.01 secs] 
2016-09-25T21:49:56.913-0400: 78.980: [GC (GCLocker Initiated GC) [PSYoungGen: 170581K->56315K(181760K)] 541150K->446384K(706048K), 0.0069337 secs] [Times: user=0.10 sys=0.00, real=0.01 secs] 
2016-09-25T21:49:56.996-0400: 79.063: [GC (GCLocker Initiated GC) [PSYoungGen: 155643K->60528K(179712K)] 547120K->452483K(704000K), 0.0051494 secs] [Times: user=0.08 sys=0.00, real=0.00 secs] 
2016-09-25T21:49:57.072-0400: 79.139: [GC (GCLocker Initiated GC) [PSYoungGen: 159856K->60435K(180224K)] 558388K->481159K(704512K), 0.0076534 secs] [Times: user=0.11 sys=0.00, real=0.01 secs] 
2016-09-25T21:49:57.164-0400: 79.231: [GC (GCLocker Initiated GC) [PSYoungGen: 160275K->49701K(179712K)] 583760K->489973K(704000K), 0.0057805 secs] [Times: user=0.08 sys=0.00, real=0.00 secs] 
2016-09-25T21:49:57.254-0400: 79.321: [GC (GCLocker Initiated GC) [PSYoungGen: 149541K->64422K(179200K)] 595286K->510738K(703488K), 0.0069942 secs] [Times: user=0.10 sys=0.00, real=0.01 secs] 
2016-09-25T21:49:57.338-0400: 79.405: [GC (GCLocker Initiated GC) [PSYoungGen: 165286K->37421K(180224K)] 617038K->511306K(704512K), 0.0057579 secs] [Times: user=0.08 sys=0.00, real=0.01 secs] 
2016-09-25T21:49:57.411-0400: 79.478: [GC (GCLocker Initiated GC) [PSYoungGen: 138285K->56385K(180736K)] 613557K->532157K(705024K), 0.0138922 secs] [Times: user=0.16 sys=0.00, real=0.02 secs] 
2016-09-25T21:49:57.501-0400: 79.568: [GC (GCLocker Initiated GC) [PSYoungGen: 158785K->53525K(181248K)] 634642K->529929K(705536K), 0.0254856 secs] [Times: user=0.35 sys=0.01, real=0.03 secs] 
2016-09-25T21:49:57.619-0400: 79.686: [GC (GCLocker Initiated GC) [PSYoungGen: 155925K->30673K(179200K)] 639122K->538661K(703488K), 0.0107771 secs] [Times: user=0.10 sys=0.00, real=0.01 secs] 
2016-09-25T21:49:57.630-0400: 79.697: [Full GC (Ergonomics) [PSYoungGen: 30673K->0K(179200K)] [ParOldGen: 507988K->309033K(524288K)] 538661K->309033K(703488K), [Metaspace: 43602K->43602K(1085440K)], 0.0606072 secs] [Times: user=0.45 sys=0.01, real=0.06 secs] 
2016-09-25T21:49:57.767-0400: 79.834: [GC (GCLocker Initiated GC) [PSYoungGen: 102912K->63393K(181248K)] 414711K->375192K(705536K), 0.0142709 secs] [Times: user=0.17 sys=0.00, real=0.01 secs] 
2016-09-25T21:49:57.859-0400: 79.926: [GC (GCLocker Initiated GC) [PSYoungGen: 166305K->38710K(182784K)] 485088K->378660K(707072K), 0.0140590 secs] [Times: user=0.17 sys=0.00, real=0.01 secs] 
2016-09-25T21:49:57.939-0400: 80.006: [GC (GCLocker Initiated GC) [PSYoungGen: 141622K->51022K(154112K)] 487007K->396989K(678400K), 0.0114407 secs] [Times: user=0.12 sys=0.01, real=0.01 secs] 
2016-09-25T21:49:58.025-0400: 80.092: [GC (GCLocker Initiated GC) [PSYoungGen: 153934K->71206K(175104K)] 499936K->417799K(699392K), 0.0102156 secs] [Times: user=0.13 sys=0.00, real=0.01 secs] 
2016-09-25T21:49:58.105-0400: 80.172: [GC (GCLocker Initiated GC) [PSYoungGen: 169510K->38873K(179712K)] 528278K->419798K(704000K), 0.0053484 secs] [Times: user=0.07 sys=0.00, real=0.00 secs] 
2016-09-25T21:49:58.187-0400: 80.255: [GC (GCLocker Initiated GC) [PSYoungGen: 137177K->60536K(180736K)] 526320K->450272K(705024K), 0.0100308 secs] [Times: user=0.10 sys=0.00, real=0.01 secs] 
2016-09-25T21:49:58.276-0400: 80.343: [GC (GCLocker Initiated GC) [PSYoungGen: 159864K->78020K(177664K)] 549770K->468518K(701952K), 0.0069600 secs] [Times: user=0.09 sys=0.00, real=0.01 secs] 
2016-09-25T21:49:58.357-0400: 80.424: [GC (GCLocker Initiated GC) [PSYoungGen: 177348K->53558K(176640K)] 567856K->444583K(700928K), 0.0073758 secs] [Times: user=0.11 sys=0.00, real=0.01 secs] 
2016-09-25T21:49:58.461-0400: 80.528: [GC (GCLocker Initiated GC) [PSYoungGen: 145718K->40094K(177152K)] 545147K->450807K(701440K), 0.0109664 secs] [Times: user=0.14 sys=0.00, real=0.01 secs] 
2016-09-25T21:49:58.527-0400: 80.594: [GC (GCLocker Initiated GC) [PSYoungGen: 132254K->63039K(176640K)] 545852K->477229K(700928K), 0.0090855 secs] [Times: user=0.11 sys=0.00, real=0.01 secs] 
2016-09-25T21:49:58.629-0400: 80.696: [GC (GCLocker Initiated GC) [PSYoungGen: 155199K->53528K(145920K)] 572105K->481684K(670208K), 0.0130667 secs] [Times: user=0.15 sys=0.00, real=0.02 secs] 
2016-09-25T21:49:58.716-0400: 80.783: [GC (GCLocker Initiated GC) [PSYoungGen: 145688K->63039K(175104K)] 573873K->491750K(699392K), 0.0063021 secs] [Times: user=0.08 sys=0.00, real=0.01 secs] 
2016-09-25T21:49:58.820-0400: 80.887: [GC (GCLocker Initiated GC) [PSYoungGen: 155711K->34892K(175104K)] 589211K->498592K(699392K), 0.0120110 secs] [Times: user=0.12 sys=0.00, real=0.01 secs] 
2016-09-25T21:49:58.892-0400: 80.959: [GC (GCLocker Initiated GC) [PSYoungGen: 127564K->30584K(176640K)] 595499K->509910K(700928K), 0.0061270 secs] [Times: user=0.06 sys=0.00, real=0.01 secs] 
2016-09-25T21:49:58.973-0400: 81.041: [GC (GCLocker Initiated GC) [PSYoungGen: 123768K->53665K(146944K)] 606010K->536383K(671232K), 0.0132431 secs] [Times: user=0.12 sys=0.01, real=0.02 secs] 
2016-09-25T21:49:59.072-0400: 81.139: [GC (GCLocker Initiated GC) [PSYoungGen: 146849K->64464K(174080K)] 632303K->550389K(698368K), 0.0143946 secs] [Times: user=0.18 sys=0.00, real=0.02 secs] 
2016-09-25T21:49:59.162-0400: 81.229: [GC (GCLocker Initiated GC) [PSYoungGen: 156624K->56212K(176128K)] 642661K->556275K(700416K), 0.0096363 secs] [Times: user=0.12 sys=0.00, real=0.01 secs] 
2016-09-25T21:49:59.171-0400: 81.239: [Full GC (Ergonomics) [PSYoungGen: 56212K->0K(176128K)] [ParOldGen: 500062K->319722K(524288K)] 556275K->319722K(700416K), [Metaspace: 43609K->43609K(1085440K)], 0.0913564 secs] [Times: user=0.59 sys=0.02, real=0.10 secs] 
2016-09-25T21:49:59.326-0400: 81.393: [GC (GCLocker Initiated GC) [PSYoungGen: 92160K->32526K(177664K)] 418706K->359073K(701952K), 0.0089053 secs] [Times: user=0.07 sys=0.00, real=0.01 secs] 
2016-09-25T21:49:59.431-0400: 81.498: [GC (GCLocker Initiated GC) [PSYoungGen: 128270K->46809K(178176K)] 461668K->389615K(702464K), 0.0113906 secs] [Times: user=0.09 sys=0.00, real=0.02 secs] 
2016-09-25T21:49:59.514-0400: 81.581: [GC (GCLocker Initiated GC) [PSYoungGen: 142553K->44377K(177152K)] 492172K->405441K(701440K), 0.0090391 secs] [Times: user=0.07 sys=0.01, real=0.02 secs] 
2016-09-25T21:49:59.595-0400: 81.663: [GC (GCLocker Initiated GC) [PSYoungGen: 143705K->44301K(177664K)] 511547K->412872K(701952K), 0.0052719 secs] [Times: user=0.06 sys=0.00, real=0.00 secs] 
2016-09-25T21:49:59.681-0400: 81.749: [GC (GCLocker Initiated GC) [PSYoungGen: 143629K->53891K(182784K)] 521682K->432582K(707072K), 0.0060247 secs] [Times: user=0.07 sys=0.00, real=0.01 secs] 
2016-09-25T21:49:59.773-0400: 81.840: [GC (GCLocker Initiated GC) [PSYoungGen: 160899K->57875K(182272K)] 539950K->451193K(706560K), 0.0088752 secs] [Times: user=0.11 sys=0.01, real=0.02 secs] 
2016-09-25T21:49:59.868-0400: 81.935: [GC (GCLocker Initiated GC) [PSYoungGen: 164883K->44356K(184320K)] 561144K->441311K(708608K), 0.0096762 secs] [Times: user=0.09 sys=0.00, real=0.01 secs] 
2016-09-25T21:49:59.947-0400: 82.015: [GC (GCLocker Initiated GC) [PSYoungGen: 155460K->58133K(185344K)] 555164K->466616K(709632K), 0.0092717 secs] [Times: user=0.12 sys=0.00, real=0.01 secs] 
2016-09-25T21:50:00.047-0400: 82.114: [GC (GCLocker Initiated GC) [PSYoungGen: 169237K->56587K(187392K)] 580530K->485017K(711680K), 0.0081676 secs] [Times: user=0.11 sys=0.00, real=0.01 secs] 
2016-09-25T21:50:00.156-0400: 82.223: [GC (GCLocker Initiated GC) [PSYoungGen: 168715K->45749K(158208K)] 603002K->480737K(682496K), 0.0194403 secs] [Times: user=0.24 sys=0.00, real=0.02 secs] 
2016-09-25T21:50:00.249-0400: 82.316: [GC (GCLocker Initiated GC) [PSYoungGen: 157877K->67398K(180736K)] 593017K->514225K(705024K), 0.0104460 secs] [Times: user=0.15 sys=0.00, real=0.01 secs] 
2016-09-25T21:50:00.356-0400: 82.424: [GC (GCLocker Initiated GC) [PSYoungGen: 174918K->32429K(140288K)] 632363K->493302K(664576K), 0.0095473 secs] [Times: user=0.07 sys=0.01, real=0.01 secs] 
2016-09-25T21:50:00.441-0400: 82.508: [GC (GCLocker Initiated GC) [PSYoungGen: 139949K->49828K(186368K)] 604960K->515802K(710656K), 0.0147091 secs] [Times: user=0.17 sys=0.00, real=0.02 secs] 
2016-09-25T21:50:00.555-0400: 82.622: [GC (GCLocker Initiated GC) [PSYoungGen: 157860K->36157K(183808K)] 623844K->521796K(708096K), 0.0248815 secs] [Times: user=0.32 sys=0.00, real=0.02 secs] 
2016-09-25T21:50:00.653-0400: 82.720: [GC (GCLocker Initiated GC) [PSYoungGen: 144189K->36481K(184320K)] 638166K->539207K(708608K), 0.0096892 secs] [Times: user=0.08 sys=0.02, real=0.02 secs] 
2016-09-25T21:50:00.663-0400: 82.730: [Full GC (Ergonomics) [PSYoungGen: 36481K->0K(184320K)] [ParOldGen: 502725K->338514K(524288K)] 539207K->338514K(708608K), [Metaspace: 43620K->43620K(1085440K)], 0.0561699 secs] [Times: user=0.32 sys=0.01, real=0.05 secs] 
2016-09-25T21:50:00.817-0400: 82.884: [GC (GCLocker Initiated GC) [PSYoungGen: 108544K->53343K(183808K)] 451216K->396015K(708096K), 0.0080441 secs] [Times: user=0.07 sys=0.00, real=0.01 secs] 
2016-09-25T21:50:00.920-0400: 82.988: [GC (GCLocker Initiated GC) [PSYoungGen: 161887K->52639K(185856K)] 511540K->428156K(710144K), 0.0151556 secs] [Times: user=0.17 sys=0.00, real=0.02 secs] 
2016-09-25T21:50:01.022-0400: 83.089: [GC (GCLocker Initiated GC) [PSYoungGen: 164767K->52607K(185344K)] 540334K->429049K(709632K), 0.0102906 secs] [Times: user=0.15 sys=0.00, real=0.00 secs] 
2016-09-25T21:50:01.124-0400: 83.191: [GC (GCLocker Initiated GC) [PSYoungGen: 164735K->52576K(187904K)] 548353K->437093K(712192K), 0.0085183 secs] [Times: user=0.08 sys=0.01, real=0.00 secs] 
2016-09-25T21:50:01.227-0400: 83.295: [GC (GCLocker Initiated GC) [PSYoungGen: 168800K->58071K(187392K)] 556206K->446329K(711680K), 0.0251300 secs] [Times: user=0.36 sys=0.00, real=0.02 secs] 
2016-09-25T21:50:01.359-0400: 83.427: [GC (GCLocker Initiated GC) [PSYoungGen: 174295K->33848K(187904K)] 574719K->448662K(712192K), 0.0050908 secs] [Times: user=0.05 sys=0.00, real=0.01 secs] 
2016-09-25T21:50:01.455-0400: 83.522: [GC (GCLocker Initiated GC) [PSYoungGen: 149560K->55448K(188928K)] 564383K->484788K(713216K), 0.0092967 secs] [Times: user=0.11 sys=0.00, real=0.01 secs] 
2016-09-25T21:50:01.544-0400: 83.611: [GC (GCLocker Initiated GC) [PSYoungGen: 171160K->71495K(177664K)] 600545K->501856K(701952K), 0.0074789 secs] [Times: user=0.10 sys=0.01, real=0.00 secs] 
2016-09-25T21:50:01.636-0400: 83.703: [GC (GCLocker Initiated GC) [PSYoungGen: 175943K->58039K(183296K)] 614532K->497412K(707584K), 0.0063480 secs] [Times: user=0.07 sys=0.00, real=0.01 secs] 
2016-09-25T21:50:01.728-0400: 83.795: [GC (GCLocker Initiated GC) [PSYoungGen: 162487K->55512K(180224K)] 604578K->498501K(704512K), 0.0078417 secs] [Times: user=0.09 sys=0.00, real=0.01 secs] 
2016-09-25T21:50:01.816-0400: 83.883: [GC (GCLocker Initiated GC) [PSYoungGen: 159960K->63362K(181760K)] 603118K->507411K(706048K), 0.0068531 secs] [Times: user=0.07 sys=0.00, real=0.01 secs] 
2016-09-25T21:50:01.920-0400: 83.987: [GC (GCLocker Initiated GC) [PSYoungGen: 167810K->28320K(180224K)] 620040K->486684K(704512K), 0.0117406 secs] [Times: user=0.11 sys=0.00, real=0.01 secs] 
2016-09-25T21:50:01.993-0400: 84.060: [GC (GCLocker Initiated GC) [PSYoungGen: 129696K->42884K(181760K)] 593704K->526753K(706048K), 0.0081050 secs] [Times: user=0.07 sys=0.00, real=0.01 secs] 
2016-09-25T21:50:02.088-0400: 84.155: [GC (GCLocker Initiated GC) [PSYoungGen: 144260K->52528K(178688K)] 630865K->539894K(702976K), 0.0094045 secs] [Times: user=0.10 sys=0.00, real=0.01 secs] 
2016-09-25T21:50:02.185-0400: 84.252: [GC (GCLocker Initiated GC) [PSYoungGen: 155440K->62195K(180224K)] 652379K->559906K(704512K), 0.0098485 secs] [Times: user=0.10 sys=0.00, real=0.01 secs] 
2016-09-25T21:50:02.266-0400: 84.333: [Full GC (Ergonomics) [PSYoungGen: 165107K->0K(180224K)] [ParOldGen: 500590K->351512K(524288K)] 665698K->351512K(704512K), [Metaspace: 43625K->43625K(1085440K)], 0.0696512 secs] [Times: user=0.55 sys=0.01, real=0.07 secs] 
2016-09-25T21:50:02.412-0400: 84.479: [GC (GCLocker Initiated GC) [PSYoungGen: 102912K->74861K(172032K)] 454464K->426414K(696320K), 0.0102613 secs] [Times: user=0.13 sys=0.01, real=0.01 secs] 
2016-09-25T21:50:02.505-0400: 84.572: [GC (GCLocker Initiated GC) [PSYoungGen: 168045K->34945K(128512K)] 525041K->425790K(652800K), 0.0096427 secs] [Times: user=0.13 sys=0.00, real=0.01 secs] 
2016-09-25T21:50:02.582-0400: 84.649: [GC (GCLocker Initiated GC) [PSYoungGen: 128129K->63359K(175104K)] 521744K->460445K(699392K), 0.0067068 secs] [Times: user=0.08 sys=0.00, real=0.00 secs] 
2016-09-25T21:50:02.657-0400: 84.724: [GC (GCLocker Initiated GC) [PSYoungGen: 153471K->67548K(157696K)] 556058K->479029K(681984K), 0.0116146 secs] [Times: user=0.16 sys=0.00, real=0.01 secs] 
2016-09-25T21:50:02.729-0400: 84.796: [GC (GCLocker Initiated GC) [PSYoungGen: 157660K->60549K(175616K)] 569178K->486469K(699904K), 0.0140617 secs] [Times: user=0.20 sys=0.00, real=0.02 secs] 
2016-09-25T21:50:02.808-0400: 84.875: [GC (GCLocker Initiated GC) [PSYoungGen: 149125K->56638K(145408K)] 581940K->511737K(669696K), 0.0114716 secs] [Times: user=0.17 sys=0.00, real=0.01 secs] 
2016-09-25T21:50:02.917-0400: 84.984: [GC (GCLocker Initiated GC) [PSYoungGen: 145214K->60452K(173568K)] 600398K->516372K(697856K), 0.0103220 secs] [Times: user=0.07 sys=0.00, real=0.01 secs] 
2016-09-25T21:50:02.989-0400: 85.056: [GC (GCLocker Initiated GC) [PSYoungGen: 150052K->60656K(172544K)] 606056K->533536K(696832K), 0.0072160 secs] [Times: user=0.10 sys=0.00, real=0.01 secs] 
2016-09-25T21:50:03.093-0400: 85.160: [GC (GCLocker Initiated GC) [PSYoungGen: 150256K->40214K(177664K)] 628738K->530255K(701952K), 0.0223089 secs] [Times: user=0.23 sys=0.01, real=0.03 secs] 
2016-09-25T21:50:03.179-0400: 85.246: [Full GC (Ergonomics) [PSYoungGen: 135446K->0K(177664K)] [ParOldGen: 494121K->349077K(524288K)] 629567K->349077K(701952K), [Metaspace: 43625K->43625K(1085440K)], 0.0537404 secs] [Times: user=0.48 sys=0.00, real=0.05 secs] 
2016-09-25T21:50:03.340-0400: 85.407: [GC (GCLocker Initiated GC) [PSYoungGen: 95232K->61165K(177664K)] 444314K->410247K(701952K), 0.0105773 secs] [Times: user=0.12 sys=0.00, real=0.01 secs] 
2016-09-25T21:50:03.430-0400: 85.497: [GC (GCLocker Initiated GC) [PSYoungGen: 156397K->51169K(176128K)] 510889K->408320K(700416K), 0.0129571 secs] [Times: user=0.15 sys=0.00, real=0.02 secs] 
2016-09-25T21:50:03.542-0400: 85.609: [GC (GCLocker Initiated GC) [PSYoungGen: 148961K->72819K(177664K)] 508846K->433467K(701952K), 0.0070367 secs] [Times: user=0.10 sys=0.01, real=0.01 secs] 
2016-09-25T21:50:03.607-0400: 85.674: [GC (GCLocker Initiated GC) [PSYoungGen: 170611K->55347K(179712K)] 534088K->443897K(704000K), 0.0107907 secs] [Times: user=0.15 sys=0.01, real=0.01 secs] 
2016-09-25T21:50:03.721-0400: 85.788: [GC (GCLocker Initiated GC) [PSYoungGen: 151091K->53830K(150016K)] 539816K->454197K(674304K), 0.0060093 secs] [Times: user=0.08 sys=0.00, real=0.01 secs] 
2016-09-25T21:50:03.788-0400: 85.855: [GC (GCLocker Initiated GC) [PSYoungGen: 149574K->64733K(175616K)] 558275K->474079K(699904K), 0.0081798 secs] [Times: user=0.10 sys=0.00, real=0.01 secs] 
2016-09-25T21:50:03.909-0400: 85.976: [GC (GCLocker Initiated GC) [PSYoungGen: 160477K->53825K(176128K)] 575268K->469427K(700416K), 0.0099867 secs] [Times: user=0.09 sys=0.01, real=0.01 secs] 
2016-09-25T21:50:03.984-0400: 86.051: [GC (GCLocker Initiated GC) [PSYoungGen: 149569K->54014K(179712K)] 573340K->494728K(704000K), 0.0068905 secs] [Times: user=0.08 sys=0.00, real=0.00 secs] 
2016-09-25T21:50:04.086-0400: 86.153: [GC (GCLocker Initiated GC) [PSYoungGen: 156926K->55286K(180224K)] 607174K->525286K(704512K), 0.0110087 secs] [Times: user=0.09 sys=0.02, real=0.01 secs] 
2016-09-25T21:50:04.203-0400: 86.270: [GC (GCLocker Initiated GC) [PSYoungGen: 158198K->32377K(181248K)] 639001K->513986K(705536K), 0.0068810 secs] [Times: user=0.08 sys=0.00, real=0.00 secs] 
2016-09-25T21:50:04.311-0400: 86.378: [GC (GCLocker Initiated GC) [PSYoungGen: 138361K->58025K(183296K)] 626816K->547292K(707584K), 0.0113450 secs] [Times: user=0.13 sys=0.01, real=0.02 secs] 
2016-09-25T21:50:04.425-0400: 86.492: [GC (GCLocker Initiated GC) [PSYoungGen: 164009K->34642K(183296K)] 653832K->533418K(707584K), 0.0069566 secs] [Times: user=0.06 sys=0.00, real=0.00 secs] 
2016-09-25T21:50:04.433-0400: 86.500: [Full GC (Ergonomics) [PSYoungGen: 34642K->0K(183296K)] [ParOldGen: 498775K->360003K(524288K)] 533418K->360003K(707584K), [Metaspace: 43625K->43625K(1085440K)], 0.0592810 secs] [Times: user=0.32 sys=0.02, real=0.06 secs] 
2016-09-25T21:50:04.563-0400: 86.630: [GC (GCLocker Initiated GC) [PSYoungGen: 106496K->52957K(159744K)] 469306K->415767K(684032K), 0.0080734 secs] [Times: user=0.08 sys=0.00, real=0.00 secs] 
2016-09-25T21:50:04.641-0400: 86.708: [GC (GCLocker Initiated GC) [PSYoungGen: 159453K->44913K(183296K)] 534641K->440322K(707584K), 0.0058927 secs] [Times: user=0.07 sys=0.00, real=0.01 secs] 
2016-09-25T21:50:04.728-0400: 86.795: [GC (GCLocker Initiated GC) [PSYoungGen: 152945K->56860K(182784K)] 551143K->456299K(707072K), 0.0058740 secs] [Times: user=0.08 sys=0.00, real=0.00 secs] 
2016-09-25T21:50:04.798-0400: 86.865: [GC (GCLocker Initiated GC) [PSYoungGen: 164892K->42102K(186880K)] 573922K->462977K(711168K), 0.0134253 secs] [Times: user=0.17 sys=0.00, real=0.01 secs] 
2016-09-25T21:50:04.889-0400: 86.956: [GC (GCLocker Initiated GC) [PSYoungGen: 154742K->35235K(186368K)] 578657K->463036K(710656K), 0.0056809 secs] [Times: user=0.04 sys=0.01, real=0.01 secs] 
2016-09-25T21:50:04.960-0400: 87.027: [GC (GCLocker Initiated GC) [PSYoungGen: 147875K->51432K(185856K)] 575745K->491131K(710144K), 0.0071262 secs] [Times: user=0.08 sys=0.00, real=0.01 secs] 
2016-09-25T21:50:05.051-0400: 87.118: [GC (GCLocker Initiated GC) [PSYoungGen: 165608K->58245K(186880K)] 610766K->504437K(711168K), 0.0065743 secs] [Times: user=0.09 sys=0.00, real=0.01 secs] 
2016-09-25T21:50:05.127-0400: 87.194: [GC (GCLocker Initiated GC) [PSYoungGen: 172421K->40721K(188928K)] 626770K->520395K(713216K), 0.0127304 secs] [Times: user=0.11 sys=0.01, real=0.01 secs] 
2016-09-25T21:50:05.220-0400: 87.287: [GC (GCLocker Initiated GC) [PSYoungGen: 156945K->37991K(188928K)] 642063K->524283K(713216K), 0.0063542 secs] [Times: user=0.05 sys=0.00, real=0.01 secs] 
2016-09-25T21:50:05.306-0400: 87.373: [Full GC (Ergonomics) [PSYoungGen: 154215K->0K(188928K)] [ParOldGen: 494424K->371576K(524288K)] 648640K->371576K(713216K), [Metaspace: 43702K->43702K(1087488K)], 0.0589591 secs] [Times: user=0.42 sys=0.01, real=0.06 secs] 
2016-09-25T21:50:05.427-0400: 87.494: [GC (GCLocker Initiated GC) [PSYoungGen: 116224K->66675K(181248K)] 490733K->441185K(705536K), 0.0086354 secs] [Times: user=0.12 sys=0.00, real=0.01 secs] 
2016-09-25T21:50:05.514-0400: 87.581: [GC (GCLocker Initiated GC) [PSYoungGen: 175219K->54028K(185344K)] 555181K->435377K(709632K), 0.0093033 secs] [Times: user=0.12 sys=0.01, real=0.02 secs] 
2016-09-25T21:50:05.599-0400: 87.666: [GC (GCLocker Initiated GC) [PSYoungGen: 162572K->32263K(185344K)] 549576K->428322K(709632K), 0.0196462 secs] [Times: user=0.21 sys=0.01, real=0.02 secs] 
2016-09-25T21:50:05.680-0400: 87.747: [GC (GCLocker Initiated GC) [PSYoungGen: 141831K->55407K(185856K)] 543317K->457858K(710144K), 0.0070221 secs] [Times: user=0.05 sys=0.01, real=0.01 secs] 
2016-09-25T21:50:05.748-0400: 87.815: [GC (GCLocker Initiated GC) [PSYoungGen: 164975K->62068K(182272K)] 567450K->465447K(706560K), 0.0066399 secs] [Times: user=0.09 sys=0.00, real=0.01 secs] 
2016-09-25T21:50:05.829-0400: 87.896: [GC (GCLocker Initiated GC) [PSYoungGen: 168564K->39082K(184320K)] 578700K->450032K(708608K), 0.0092031 secs] [Times: user=0.10 sys=0.00, real=0.01 secs] 
2016-09-25T21:50:05.903-0400: 87.971: [GC (GCLocker Initiated GC) [PSYoungGen: 145578K->63581K(179712K)] 556745K->475774K(704000K), 0.0068980 secs] [Times: user=0.09 sys=0.00, real=0.00 secs] 
2016-09-25T21:50:05.981-0400: 88.048: [GC (GCLocker Initiated GC) [PSYoungGen: 165981K->26957K(129536K)] 589002K->450814K(653824K), 0.0070437 secs] [Times: user=0.07 sys=0.00, real=0.01 secs] 
2016-09-25T21:50:06.044-0400: 88.112: [GC (GCLocker Initiated GC) [PSYoungGen: 129357K->53968K(182272K)] 558742K->500621K(706560K), 0.0156324 secs] [Times: user=0.18 sys=0.00, real=0.01 secs] 
2016-09-25T21:50:06.129-0400: 88.196: [GC (GCLocker Initiated GC) [PSYoungGen: 155344K->60815K(181248K)] 607455K->513708K(705536K), 0.0064942 secs] [Times: user=0.09 sys=0.00, real=0.01 secs] 
2016-09-25T21:50:06.196-0400: 88.263: [GC (GCLocker Initiated GC) [PSYoungGen: 162191K->55283K(181248K)] 620552K->514579K(705536K), 0.0065237 secs] [Times: user=0.07 sys=0.00, real=0.01 secs] 
2016-09-25T21:50:06.258-0400: 88.325: [GC (GCLocker Initiated GC) [PSYoungGen: 156659K->70263K(172032K)] 621372K->535810K(696320K), 0.0072635 secs] [Times: user=0.11 sys=0.00, real=0.01 secs] 
2016-09-25T21:50:06.339-0400: 88.406: [GC (GCLocker Initiated GC) [PSYoungGen: 171639K->57994K(179200K)] 637207K->524479K(703488K), 0.0068543 secs] [Times: user=0.09 sys=0.01, real=0.01 secs] 
2016-09-25T21:50:06.414-0400: 88.481: [GC (GCLocker Initiated GC) [PSYoungGen: 153226K->51168K(146432K)] 622475K->531999K(670720K), 0.0101009 secs] [Times: user=0.11 sys=0.02, real=0.02 secs] 
2016-09-25T21:50:06.480-0400: 88.547: [GC (GCLocker Initiated GC) [PSYoungGen: 146400K->66023K(173568K)] 630114K->564095K(697856K), 0.0080813 secs] [Times: user=0.12 sys=0.00, real=0.01 secs] 
2016-09-25T21:50:06.546-0400: 88.613: [Full GC (Ergonomics) [PSYoungGen: 159207K->0K(173568K)] [ParOldGen: 500864K->384735K(524288K)] 660072K->384735K(697856K), [Metaspace: 43707K->43707K(1087488K)], 0.0576885 secs] [Times: user=0.45 sys=0.03, real=0.06 secs] 
2016-09-25T21:50:06.668-0400: 88.735: [GC (Allocation Failure) [PSYoungGen: 93184K->58118K(175616K)] 486145K->451087K(699904K), 0.0063106 secs] [Times: user=0.09 sys=0.00, real=0.00 secs] 
2016-09-25T21:50:06.729-0400: 88.796: [GC (GCLocker Initiated GC) [PSYoungGen: 151302K->61980K(179712K)] 544275K->458591K(704000K), 0.0067182 secs] [Times: user=0.08 sys=0.00, real=0.01 secs] 
2016-09-25T21:50:06.792-0400: 88.859: [GC (GCLocker Initiated GC) [PSYoungGen: 160796K->56512K(155648K)] 557447K->453905K(679936K), 0.0162068 secs] [Times: user=0.21 sys=0.00, real=0.02 secs] 
2016-09-25T21:50:06.861-0400: 88.928: [GC (GCLocker Initiated GC) [PSYoungGen: 155328K->49918K(179712K)] 555444K->464288K(704000K), 0.0075049 secs] [Times: user=0.09 sys=0.00, real=0.01 secs] 
2016-09-25T21:50:06.929-0400: 88.996: [GC (GCLocker Initiated GC) [PSYoungGen: 150782K->64739K(178688K)] 565159K->479938K(702976K), 0.0061224 secs] [Times: user=0.08 sys=0.01, real=0.01 secs] 
2016-09-25T21:50:07.011-0400: 89.078: [GC (GCLocker Initiated GC) [PSYoungGen: 165603K->60787K(183808K)] 580862K->476830K(708096K), 0.0122263 secs] [Times: user=0.17 sys=0.00, real=0.02 secs] 
2016-09-25T21:50:07.101-0400: 89.168: [GC (GCLocker Initiated GC) [PSYoungGen: 165747K->36350K(141312K)] 591310K->462796K(665600K), 0.0193174 secs] [Times: user=0.26 sys=0.00, real=0.02 secs] 
2016-09-25T21:50:07.187-0400: 89.254: [GC (GCLocker Initiated GC) [PSYoungGen: 141310K->32203K(180224K)] 577284K->469075K(704512K), 0.0174556 secs] [Times: user=0.21 sys=0.00, real=0.02 secs] 
2016-09-25T21:50:07.274-0400: 89.341: [GC (GCLocker Initiated GC) [PSYoungGen: 132555K->43287K(181248K)] 580287K->491849K(705536K), 0.0081241 secs] [Times: user=0.08 sys=0.01, real=0.01 secs] 
2016-09-25T21:50:07.350-0400: 89.417: [GC (GCLocker Initiated GC) [PSYoungGen: 143639K->55261K(178176K)] 595057K->507476K(702464K), 0.0067680 secs] [Times: user=0.08 sys=0.00, real=0.01 secs] 
2016-09-25T21:50:07.412-0400: 89.479: [GC (GCLocker Initiated GC) [PSYoungGen: 156637K->51175K(179712K)] 614660K->534319K(704000K), 0.0074758 secs] [Times: user=0.08 sys=0.02, real=0.01 secs] 
2016-09-25T21:50:07.487-0400: 89.554: [GC (GCLocker Initiated GC) [PSYoungGen: 152551K->43017K(182784K)] 638476K->540567K(707072K), 0.0102721 secs] [Times: user=0.13 sys=0.01, real=0.01 secs] 
2016-09-25T21:50:07.568-0400: 89.635: [Full GC (Ergonomics) [PSYoungGen: 151049K->0K(182784K)] [ParOldGen: 503087K->395683K(524288K)] 654136K->395683K(707072K), [Metaspace: 43720K->43720K(1087488K)], 0.0515690 secs] [Times: user=0.46 sys=0.00, real=0.05 secs] 
2016-09-25T21:50:07.694-0400: 89.761: [GC (GCLocker Initiated GC) [PSYoungGen: 108032K->71687K(180224K)] 503923K->467578K(704512K), 0.0103500 secs] [Times: user=0.17 sys=0.00, real=0.02 secs] 
2016-09-25T21:50:07.793-0400: 89.860: [GC (GCLocker Initiated GC) [PSYoungGen: 179719K->41949K(182784K)] 589322K->467368K(707072K), 0.0059364 secs] [Times: user=0.07 sys=0.01, real=0.01 secs] 
2016-09-25T21:50:07.871-0400: 89.938: [GC (GCLocker Initiated GC) [PSYoungGen: 144349K->60697K(181760K)] 572633K->495318K(706048K), 0.0071134 secs] [Times: user=0.10 sys=0.00, real=0.01 secs] 
2016-09-25T21:50:07.946-0400: 90.013: [GC (GCLocker Initiated GC) [PSYoungGen: 163097K->52436K(178176K)] 597788K->487928K(702464K), 0.0100158 secs] [Times: user=0.11 sys=0.00, real=0.01 secs] 
2016-09-25T21:50:08.038-0400: 90.105: [GC (GCLocker Initiated GC) [PSYoungGen: 155348K->39249K(180224K)] 597691K->517477K(704512K), 0.0131002 secs] [Times: user=0.20 sys=0.00, real=0.01 secs] 
2016-09-25T21:50:08.114-0400: 90.181: [GC (GCLocker Initiated GC) [PSYoungGen: 142161K->54060K(181760K)] 625866K->544175K(706048K), 0.0098628 secs] [Times: user=0.12 sys=0.01, real=0.02 secs] 
2016-09-25T21:50:08.193-0400: 90.260: [Full GC (Ergonomics) [PSYoungGen: 161580K->0K(181760K)] [ParOldGen: 496975K->400029K(524288K)] 658556K->400029K(706048K), [Metaspace: 43725K->43725K(1087488K)], 0.0552047 secs] [Times: user=0.42 sys=0.01, real=0.06 secs] 
2016-09-25T21:50:08.329-0400: 90.397: [GC (GCLocker Initiated GC) [PSYoungGen: 107520K->58682K(183296K)] 507602K->458765K(707584K), 0.0060898 secs] [Times: user=0.09 sys=0.00, real=0.01 secs] 
2016-09-25T21:50:08.400-0400: 90.467: [GC (GCLocker Initiated GC) [PSYoungGen: 166202K->55494K(184320K)] 566489K->458649K(708608K), 0.0111172 secs] [Times: user=0.13 sys=0.01, real=0.01 secs] 
2016-09-25T21:50:08.478-0400: 90.545: [GC (GCLocker Initiated GC) [PSYoungGen: 166086K->57031K(185344K)] 574873K->483095K(709632K), 0.0093849 secs] [Times: user=0.12 sys=0.01, real=0.01 secs] 
2016-09-25T21:50:08.557-0400: 90.624: [GC (GCLocker Initiated GC) [PSYoungGen: 167623K->66240K(182784K)] 593705K->493546K(707072K), 0.0069832 secs] [Times: user=0.10 sys=0.00, real=0.01 secs] 
2016-09-25T21:50:08.640-0400: 90.707: [GC (GCLocker Initiated GC) [PSYoungGen: 174784K->44977K(185344K)] 611570K->496286K(709632K), 0.0062174 secs] [Times: user=0.09 sys=0.00, real=0.01 secs] 
2016-09-25T21:50:08.722-0400: 90.789: [GC (GCLocker Initiated GC) [PSYoungGen: 153521K->47615K(182784K)] 610345K->505720K(707072K), 0.0053370 secs] [Times: user=0.04 sys=0.00, real=0.01 secs] 
2016-09-25T21:50:08.803-0400: 90.870: [GC (GCLocker Initiated GC) [PSYoungGen: 156671K->34271K(184320K)] 622597K->528577K(708608K), 0.0058284 secs] [Times: user=0.08 sys=0.00, real=0.00 secs] 
2016-09-25T21:50:08.809-0400: 90.876: [Full GC (Ergonomics) [PSYoungGen: 34271K->0K(184320K)] [ParOldGen: 494306K->403997K(524288K)] 528577K->403997K(708608K), [Metaspace: 43745K->43745K(1087488K)], 0.0469218 secs] [Times: user=0.39 sys=0.00, real=0.05 secs] 
2016-09-25T21:50:08.922-0400: 90.989: [GC (GCLocker Initiated GC) [PSYoungGen: 109056K->65487K(180224K)] 522575K->479015K(704512K), 0.0066948 secs] [Times: user=0.08 sys=0.01, real=0.00 secs] 
2016-09-25T21:50:09.009-0400: 91.076: [GC (GCLocker Initiated GC) [PSYoungGen: 169935K->53018K(183296K)] 584850K->485586K(707584K), 0.0066037 secs] [Times: user=0.09 sys=0.00, real=0.01 secs] 
2016-09-25T21:50:09.082-0400: 91.149: [GC (GCLocker Initiated GC) [PSYoungGen: 157466K->40649K(182784K)] 601361K->488498K(707072K), 0.0086291 secs] [Times: user=0.08 sys=0.00, real=0.01 secs] 
2016-09-25T21:50:09.150-0400: 91.217: [GC (GCLocker Initiated GC) [PSYoungGen: 147657K->51375K(183296K)] 595576K->500321K(707584K), 0.0149833 secs] [Times: user=0.16 sys=0.00, real=0.02 secs] 
2016-09-25T21:50:09.244-0400: 91.312: [GC (GCLocker Initiated GC) [PSYoungGen: 158383K->59765K(182784K)] 607400K->517995K(707072K), 0.0084266 secs] [Times: user=0.08 sys=0.00, real=0.00 secs] 
2016-09-25T21:50:09.327-0400: 91.394: [GC (GCLocker Initiated GC) [PSYoungGen: 168821K->69337K(178688K)] 627066K->528825K(702976K), 0.0077875 secs] [Times: user=0.08 sys=0.00, real=0.01 secs] 
2016-09-25T21:50:09.415-0400: 91.482: [GC (GCLocker Initiated GC) [PSYoungGen: 178393K->65103K(180224K)] 637987K->526006K(704512K), 0.0072390 secs] [Times: user=0.09 sys=0.00, real=0.01 secs] 
2016-09-25T21:50:09.483-0400: 91.550: [GC (GCLocker Initiated GC) [PSYoungGen: 166479K->40861K(181760K)] 630324K->522110K(706048K), 0.0084915 secs] [Times: user=0.10 sys=0.00, real=0.00 secs] 
2016-09-25T21:50:09.562-0400: 91.629: [GC (GCLocker Initiated GC) [PSYoungGen: 142237K->38089K(181760K)] 630304K->527387K(706048K), 0.0104169 secs] [Times: user=0.12 sys=0.01, real=0.00 secs] 
2016-09-25T21:50:09.629-0400: 91.696: [GC (GCLocker Initiated GC) [PSYoungGen: 139465K->54097K(155648K)] 628884K->569025K(679936K), 0.0096735 secs] [Times: user=0.11 sys=0.00, real=0.01 secs] 
2016-09-25T21:50:09.638-0400: 91.705: [Full GC (Ergonomics) [PSYoungGen: 54097K->0K(155648K)] [ParOldGen: 514928K->424421K(524288K)] 569025K->424421K(679936K), [Metaspace: 43815K->43815K(1087488K)], 0.0631858 secs] [Times: user=0.51 sys=0.01, real=0.06 secs] 
2016-09-25T21:50:09.770-0400: 91.837: [GC (GCLocker Initiated GC) [PSYoungGen: 101376K->69604K(176128K)] 526046K->494275K(700416K), 0.0183686 secs] [Times: user=0.22 sys=0.01, real=0.02 secs] 
2016-09-25T21:50:09.869-0400: 91.937: [GC (GCLocker Initiated GC) [PSYoungGen: 167396K->32701K(130560K)] 595113K->464695K(654848K), 0.0221496 secs] [Times: user=0.20 sys=0.00, real=0.02 secs] 
2016-09-25T21:50:09.952-0400: 92.020: [GC (GCLocker Initiated GC) [PSYoungGen: 130493K->63444K(177152K)] 562565K->497971K(701440K), 0.0065098 secs] [Times: user=0.06 sys=0.00, real=0.01 secs] 
2016-09-25T21:50:10.027-0400: 92.094: [GC (GCLocker Initiated GC) [PSYoungGen: 157652K->41965K(178176K)] 601858K->508770K(702464K), 0.0060887 secs] [Times: user=0.09 sys=0.00, real=0.00 secs] 
2016-09-25T21:50:10.097-0400: 92.164: [GC (GCLocker Initiated GC) [PSYoungGen: 136173K->76943K(171008K)] 603220K->545007K(695296K), 0.0083976 secs] [Times: user=0.13 sys=0.00, real=0.01 secs] 
2016-09-25T21:50:10.172-0400: 92.239: [GC (GCLocker Initiated GC) [PSYoungGen: 165007K->59394K(175104K)] 633092K->528357K(699392K), 0.0056665 secs] [Times: user=0.08 sys=0.00, real=0.01 secs] 
2016-09-25T21:50:10.247-0400: 92.314: [GC (GCLocker Initiated GC) [PSYoungGen: 147458K->38005K(175104K)] 629233K->520677K(699392K), 0.0050090 secs] [Times: user=0.07 sys=0.00, real=0.00 secs] 
2016-09-25T21:50:10.312-0400: 92.379: [GC (GCLocker Initiated GC) [PSYoungGen: 126069K->50130K(138240K)] 616860K->552844K(662528K), 0.0064242 secs] [Times: user=0.10 sys=0.00, real=0.01 secs] 
2016-09-25T21:50:10.318-0400: 92.385: [Full GC (Ergonomics) [PSYoungGen: 50130K->0K(138240K)] [ParOldGen: 502714K->432034K(524288K)] 552844K->432034K(662528K), [Metaspace: 43828K->43828K(1087488K)], 0.0543472 secs] [Times: user=0.53 sys=0.02, real=0.05 secs] 
2016-09-25T21:50:10.433-0400: 92.500: [GC (GCLocker Initiated GC) [PSYoungGen: 88064K->70547K(169984K)] 520341K->502824K(694272K), 0.0067034 secs] [Times: user=0.09 sys=0.00, real=0.01 secs] 
2016-09-25T21:50:10.497-0400: 92.564: [GC (GCLocker Initiated GC) [PSYoungGen: 156051K->68877K(172544K)] 588351K->502435K(696832K), 0.0071145 secs] [Times: user=0.10 sys=0.00, real=0.01 secs] 
2016-09-25T21:50:10.567-0400: 92.635: [GC (GCLocker Initiated GC) [PSYoungGen: 154381K->67585K(175104K)] 592701K->506770K(699392K), 0.0079811 secs] [Times: user=0.08 sys=0.01, real=0.01 secs] 
2016-09-25T21:50:10.646-0400: 92.713: [GC (GCLocker Initiated GC) [PSYoungGen: 155649K->25799K(175104K)] 609026K->480203K(699392K), 0.0098602 secs] [Times: user=0.12 sys=0.00, real=0.01 secs] 
2016-09-25T21:50:10.713-0400: 92.780: [GC (GCLocker Initiated GC) [PSYoungGen: 113863K->36381K(175104K)] 572436K->495965K(699392K), 0.0093971 secs] [Times: user=0.11 sys=0.00, real=0.02 secs] 
2016-09-25T21:50:10.781-0400: 92.848: [GC (GCLocker Initiated GC) [PSYoungGen: 124445K->52895K(175104K)] 586803K->516198K(699392K), 0.0140779 secs] [Times: user=0.22 sys=0.00, real=0.02 secs] 
2016-09-25T21:50:10.855-0400: 92.922: [GC (GCLocker Initiated GC) [PSYoungGen: 140959K->59549K(175104K)] 609751K->542794K(699392K), 0.0066331 secs] [Times: user=0.08 sys=0.00, real=0.00 secs] 
2016-09-25T21:50:10.919-0400: 92.986: [GC (GCLocker Initiated GC) [PSYoungGen: 147613K->64830K(175104K)] 630928K->570836K(699392K), 0.0072716 secs] [Times: user=0.10 sys=0.00, real=0.01 secs] 
2016-09-25T21:50:10.927-0400: 92.994: [Full GC (Ergonomics) [PSYoungGen: 64830K->0K(175104K)] [ParOldGen: 506006K->436509K(524288K)] 570836K->436509K(699392K), [Metaspace: 43844K->43844K(1087488K)], 0.0556115 secs] [Times: user=0.46 sys=0.01, real=0.06 secs] 
2016-09-25T21:50:11.042-0400: 93.109: [GC (GCLocker Initiated GC) [PSYoungGen: 88064K->58839K(174080K)] 531350K->502126K(698368K), 0.0062861 secs] [Times: user=0.09 sys=0.00, real=0.01 secs] 
2016-09-25T21:50:11.111-0400: 93.178: [GC (GCLocker Initiated GC) [PSYoungGen: 146903K->62188K(174592K)] 590222K->519317K(698880K), 0.0072615 secs] [Times: user=0.10 sys=0.01, real=0.01 secs] 
2016-09-25T21:50:11.181-0400: 93.248: [GC (GCLocker Initiated GC) [PSYoungGen: 150252K->45919K(172544K)] 613393K->537066K(696832K), 0.0068681 secs] [Times: user=0.09 sys=0.00, real=0.01 secs] 
2016-09-25T21:50:11.188-0400: 93.255: [Full GC (Ergonomics) [PSYoungGen: 45919K->0K(172544K)] [ParOldGen: 491146K->407833K(524288K)] 537066K->407833K(696832K), [Metaspace: 43844K->43844K(1087488K)], 0.0811625 secs] [Times: user=0.96 sys=0.02, real=0.08 secs] 
2016-09-25T21:50:11.324-0400: 93.391: [GC (GCLocker Initiated GC) [PSYoungGen: 89600K->60896K(174080K)] 512457K->483754K(698368K), 0.0084274 secs] [Times: user=0.11 sys=0.00, real=0.00 secs] 
2016-09-25T21:50:11.395-0400: 93.462: [GC (GCLocker Initiated GC) [PSYoungGen: 150496K->60159K(175104K)] 573397K->483060K(699392K), 0.0058046 secs] [Times: user=0.08 sys=0.00, real=0.00 secs] 
2016-09-25T21:50:11.459-0400: 93.526: [GC (GCLocker Initiated GC) [PSYoungGen: 153855K->74450K(168448K)] 576766K->497362K(692736K), 0.0076653 secs] [Times: user=0.08 sys=0.00, real=0.01 secs] 
2016-09-25T21:50:11.524-0400: 93.591: [GC (GCLocker Initiated GC) [PSYoungGen: 168146K->76618K(175104K)] 595084K->503556K(699392K), 0.0087096 secs] [Times: user=0.12 sys=0.00, real=0.00 secs] 
2016-09-25T21:50:11.587-0400: 93.654: [GC (GCLocker Initiated GC) [PSYoungGen: 164682K->60977K(175104K)] 594427K->505811K(699392K), 0.0071947 secs] [Times: user=0.10 sys=0.01, real=0.01 secs] 
2016-09-25T21:50:11.645-0400: 93.712: [GC (GCLocker Initiated GC) [PSYoungGen: 149041K->53131K(175104K)] 599355K->507866K(699392K), 0.0080592 secs] [Times: user=0.11 sys=0.00, real=0.00 secs] 
2016-09-25T21:50:11.709-0400: 93.776: [GC (GCLocker Initiated GC) [PSYoungGen: 141195K->44324K(132608K)] 598735K->501865K(656896K), 0.0061942 secs] [Times: user=0.06 sys=0.00, real=0.01 secs] 
2016-09-25T21:50:11.775-0400: 93.842: [GC (GCLocker Initiated GC) [PSYoungGen: 132388K->50639K(176128K)] 602314K->520565K(700416K), 0.0058302 secs] [Times: user=0.06 sys=0.00, real=0.00 secs] 
2016-09-25T21:50:11.831-0400: 93.898: [GC (GCLocker Initiated GC) [PSYoungGen: 140239K->55272K(144896K)] 611764K->526796K(669184K), 0.0175853 secs] [Times: user=0.24 sys=0.00, real=0.02 secs] 
2016-09-25T21:50:11.908-0400: 93.975: [GC (GCLocker Initiated GC) [PSYoungGen: 144872K->58843K(174592K)] 619148K->534477K(698880K), 0.0080211 secs] [Times: user=0.10 sys=0.00, real=0.01 secs] 
2016-09-25T21:50:11.990-0400: 94.057: [GC (GCLocker Initiated GC) [PSYoungGen: 151003K->54701K(173056K)] 626662K->531132K(697344K), 0.0188169 secs] [Times: user=0.25 sys=0.00, real=0.02 secs] 
2016-09-25T21:50:12.064-0400: 94.131: [GC (GCLocker Initiated GC) [PSYoungGen: 146861K->40501K(177152K)] 627410K->522539K(701440K), 0.0113278 secs] [Times: user=0.12 sys=0.00, real=0.01 secs] 
2016-09-25T21:50:12.136-0400: 94.203: [GC (GCLocker Initiated GC) [PSYoungGen: 138805K->76396K(175104K)] 621081K->573651K(699392K), 0.0090033 secs] [Times: user=0.12 sys=0.00, real=0.01 secs] 
2016-09-25T21:50:12.202-0400: 94.270: [Full GC (Ergonomics) [PSYoungGen: 174700K->0K(175104K)] [ParOldGen: 505406K->425860K(524288K)] 680107K->425860K(699392K), [Metaspace: 43844K->43844K(1087488K)], 0.1649390 secs] [Times: user=2.28 sys=0.02, real=0.16 secs] 
2016-09-25T21:50:12.434-0400: 94.502: [GC (GCLocker Initiated GC) [PSYoungGen: 98304K->35119K(175104K)] 531008K->467824K(699392K), 0.0214398 secs] [Times: user=0.29 sys=0.00, real=0.02 secs] 
2016-09-25T21:50:12.517-0400: 94.584: [GC (GCLocker Initiated GC) [PSYoungGen: 125231K->48521K(138752K)] 562071K->503928K(663040K), 0.0077943 secs] [Times: user=0.11 sys=0.00, real=0.01 secs] 
2016-09-25T21:50:12.576-0400: 94.643: [GC (GCLocker Initiated GC) [PSYoungGen: 138633K->37368K(175104K)] 596868K->512579K(699392K), 0.0070439 secs] [Times: user=0.05 sys=0.00, real=0.01 secs] 
2016-09-25T21:50:12.646-0400: 94.713: [GC (GCLocker Initiated GC) [PSYoungGen: 128504K->37560K(175104K)] 611893K->521643K(699392K), 0.0082279 secs] [Times: user=0.06 sys=0.00, real=0.01 secs] 
2016-09-25T21:50:12.718-0400: 94.785: [GC (GCLocker Initiated GC) [PSYoungGen: 128696K->54365K(174592K)] 612794K->538463K(698880K), 0.0096685 secs] [Times: user=0.14 sys=0.00, real=0.01 secs] 
2016-09-25T21:50:12.789-0400: 94.856: [GC (GCLocker Initiated GC) [PSYoungGen: 149085K->65259K(176128K)] 638709K->555632K(700416K), 0.0097750 secs] [Times: user=0.13 sys=0.00, real=0.01 secs] 
2016-09-25T21:50:12.869-0400: 94.936: [Full GC (Ergonomics) [PSYoungGen: 159979K->0K(176128K)] [ParOldGen: 499916K->430463K(524288K)] 659895K->430463K(700416K), [Metaspace: 43844K->43844K(1087488K)], 0.0698005 secs] [Times: user=0.66 sys=0.00, real=0.07 secs] 
2016-09-25T21:50:13.000-0400: 95.067: [GC (GCLocker Initiated GC) [PSYoungGen: 94720K->59420K(179200K)] 530613K->495313K(703488K), 0.0078349 secs] [Times: user=0.12 sys=0.00, real=0.01 secs] 
2016-09-25T21:50:13.072-0400: 95.139: [GC (GCLocker Initiated GC) [PSYoungGen: 155164K->41053K(137216K)] 596758K->482647K(661504K), 0.0118184 secs] [Times: user=0.16 sys=0.00, real=0.02 secs] 
2016-09-25T21:50:13.145-0400: 95.212: [GC (GCLocker Initiated GC) [PSYoungGen: 136797K->68716K(174080K)] 581243K->513163K(698368K), 0.0071769 secs] [Times: user=0.10 sys=0.00, real=0.00 secs] 
2016-09-25T21:50:13.220-0400: 95.287: [GC (GCLocker Initiated GC) [PSYoungGen: 160876K->39511K(177152K)] 616345K->494980K(701440K), 0.0053525 secs] [Times: user=0.06 sys=0.00, real=0.01 secs] 
2016-09-25T21:50:13.285-0400: 95.352: [GC (GCLocker Initiated GC) [PSYoungGen: 131671K->67205K(172544K)] 589916K->525450K(696832K), 0.0071293 secs] [Times: user=0.08 sys=0.00, real=0.00 secs] 
2016-09-25T21:50:13.349-0400: 95.416: [GC (GCLocker Initiated GC) [PSYoungGen: 155269K->57011K(175104K)] 613550K->515293K(699392K), 0.0064618 secs] [Times: user=0.07 sys=0.00, real=0.01 secs] 
2016-09-25T21:50:13.418-0400: 95.486: [GC (GCLocker Initiated GC) [PSYoungGen: 145075K->50831K(171008K)] 610349K->516105K(695296K), 0.0058425 secs] [Times: user=0.07 sys=0.00, real=0.01 secs] 
2016-09-25T21:50:13.480-0400: 95.547: [GC (GCLocker Initiated GC) [PSYoungGen: 141455K->79915K(173056K)] 606757K->553317K(697344K), 0.0113729 secs] [Times: user=0.16 sys=0.00, real=0.01 secs] 
2016-09-25T21:50:13.547-0400: 95.614: [GC (GCLocker Initiated GC) [PSYoungGen: 170539K->71684K(175104K)] 644038K->546025K(699392K), 0.0071652 secs] [Times: user=0.09 sys=0.00, real=0.00 secs] 
2016-09-25T21:50:13.612-0400: 95.679: [GC (GCLocker Initiated GC) [PSYoungGen: 159748K->75321K(175104K)] 639732K->556581K(699392K), 0.0074184 secs] [Times: user=0.11 sys=0.00, real=0.01 secs] 
2016-09-25T21:50:13.667-0400: 95.734: [GC (GCLocker Initiated GC) [PSYoungGen: 163385K->86633K(175104K)] 644701K->593637K(699392K), 0.0088637 secs] [Times: user=0.12 sys=0.01, real=0.01 secs] 
2016-09-25T21:50:13.676-0400: 95.743: [Full GC (Ergonomics) [PSYoungGen: 86633K->0K(175104K)] [ParOldGen: 507004K->439953K(524288K)] 593637K->439953K(699392K), [Metaspace: 43848K->43848K(1087488K)], 0.0623646 secs] [Times: user=0.53 sys=0.00, real=0.06 secs] 
2016-09-25T21:50:13.798-0400: 95.865: [GC (GCLocker Initiated GC) [PSYoungGen: 88064K->60806K(175104K)] 530753K->503495K(699392K), 0.0128222 secs] [Times: user=0.16 sys=0.00, real=0.01 secs] 
2016-09-25T21:50:13.874-0400: 95.942: [GC (GCLocker Initiated GC) [PSYoungGen: 148870K->62917K(175104K)] 597120K->511166K(699392K), 0.0069410 secs] [Times: user=0.08 sys=0.00, real=0.00 secs] 
2016-09-25T21:50:13.935-0400: 96.002: [GC (GCLocker Initiated GC) [PSYoungGen: 150981K->71555K(175104K)] 606102K->526675K(699392K), 0.0202801 secs] [Times: user=0.27 sys=0.00, real=0.02 secs] 
2016-09-25T21:50:14.006-0400: 96.073: [GC (GCLocker Initiated GC) [PSYoungGen: 159619K->49097K(175104K)] 616214K->531600K(699392K), 0.0072160 secs] [Times: user=0.11 sys=0.00, real=0.00 secs] 
2016-09-25T21:50:14.065-0400: 96.132: [GC (GCLocker Initiated GC) [PSYoungGen: 137161K->42934K(175104K)] 626502K->533618K(699392K), 0.0054771 secs] [Times: user=0.06 sys=0.00, real=0.00 secs] 
2016-09-25T21:50:14.118-0400: 96.185: [GC (GCLocker Initiated GC) [PSYoungGen: 130998K->49601K(175104K)] 624522K->543833K(699392K), 0.0050555 secs] [Times: user=0.05 sys=0.00, real=0.01 secs] 
2016-09-25T21:50:14.175-0400: 96.242: [GC (GCLocker Initiated GC) [PSYoungGen: 137665K->66048K(175104K)] 637451K->569094K(699392K), 0.0066248 secs] [Times: user=0.09 sys=0.00, real=0.00 secs] 
2016-09-25T21:50:14.182-0400: 96.249: [Full GC (Ergonomics) [PSYoungGen: 66048K->0K(175104K)] [ParOldGen: 503046K->444216K(524288K)] 569094K->444216K(699392K), [Metaspace: 43850K->43850K(1087488K)], 0.0487151 secs] [Times: user=0.44 sys=0.00, real=0.05 secs] 
2016-09-25T21:50:14.288-0400: 96.355: [GC (GCLocker Initiated GC) [PSYoungGen: 88064K->74372K(175104K)] 535089K->521397K(699392K), 0.0071341 secs] [Times: user=0.11 sys=0.00, real=0.01 secs] 
2016-09-25T21:50:14.353-0400: 96.420: [GC (GCLocker Initiated GC) [PSYoungGen: 162436K->55125K(175104K)] 609501K->526148K(699392K), 0.0072648 secs] [Times: user=0.10 sys=0.00, real=0.01 secs] 
2016-09-25T21:50:14.418-0400: 96.485: [GC (GCLocker Initiated GC) [PSYoungGen: 143189K->53808K(175104K)] 614245K->536340K(699392K), 0.0072838 secs] [Times: user=0.10 sys=0.01, real=0.01 secs] 
2016-09-25T21:50:14.483-0400: 96.550: [GC (GCLocker Initiated GC) [PSYoungGen: 141872K->44417K(175104K)] 625782K->539893K(699392K), 0.0106983 secs] [Times: user=0.12 sys=0.00, real=0.00 secs] 
2016-09-25T21:50:14.547-0400: 96.614: [Full GC (Ergonomics) [PSYoungGen: 132481K->0K(175104K)] [ParOldGen: 507680K->442044K(524288K)] 640162K->442044K(699392K), [Metaspace: 43850K->43850K(1087488K)], 0.0558954 secs] [Times: user=0.47 sys=0.01, real=0.06 secs] 
2016-09-25T21:50:14.665-0400: 96.732: [GC (GCLocker Initiated GC) [PSYoungGen: 88064K->59371K(174080K)] 530114K->501421K(698368K), 0.0073484 secs] [Times: user=0.07 sys=0.00, real=0.00 secs] 
2016-09-25T21:50:14.728-0400: 96.795: [GC (GCLocker Initiated GC) [PSYoungGen: 147435K->64133K(174592K)] 589766K->506464K(698880K), 0.0061954 secs] [Times: user=0.09 sys=0.00, real=0.00 secs] 
2016-09-25T21:50:14.786-0400: 96.854: [GC (GCLocker Initiated GC) [PSYoungGen: 152197K->56586K(170496K)] 594670K->499058K(694784K), 0.0060830 secs] [Times: user=0.07 sys=0.00, real=0.00 secs] 
2016-09-25T21:50:14.843-0400: 96.910: [GC (GCLocker Initiated GC) [PSYoungGen: 146186K->77453K(173056K)] 588732K->519999K(697344K), 0.0072360 secs] [Times: user=0.10 sys=0.01, real=0.00 secs] 
2016-09-25T21:50:14.904-0400: 96.971: [GC (GCLocker Initiated GC) [PSYoungGen: 167053K->51083K(175104K)] 613674K->507277K(699392K), 0.0091447 secs] [Times: user=0.11 sys=0.00, real=0.00 secs] 
2016-09-25T21:50:14.964-0400: 97.031: [GC (GCLocker Initiated GC) [PSYoungGen: 139147K->72555K(175104K)] 598119K->532200K(699392K), 0.0073695 secs] [Times: user=0.11 sys=0.00, real=0.00 secs] 
2016-09-25T21:50:15.022-0400: 97.090: [GC (GCLocker Initiated GC) [PSYoungGen: 160619K->56010K(175104K)] 621506K->531688K(699392K), 0.0062834 secs] [Times: user=0.09 sys=0.00, real=0.00 secs] 
2016-09-25T21:50:15.081-0400: 97.148: [GC (GCLocker Initiated GC) [PSYoungGen: 144074K->65278K(153600K)] 622560K->549805K(677888K), 0.0069503 secs] [Times: user=0.09 sys=0.00, real=0.01 secs] 
2016-09-25T21:50:15.150-0400: 97.217: [GC (GCLocker Initiated GC) [PSYoungGen: 153342K->53073K(176128K)] 644661K->545079K(700416K), 0.0129273 secs] [Times: user=0.14 sys=0.00, real=0.02 secs] 
2016-09-25T21:50:15.217-0400: 97.284: [GC (Allocation Failure) [PSYoungGen: 142673K->62665K(152576K)] 634692K->566136K(676864K), 0.0065373 secs] [Times: user=0.09 sys=0.00, real=0.01 secs] 
2016-09-25T21:50:15.224-0400: 97.291: [Full GC (Ergonomics) [PSYoungGen: 62665K->0K(152576K)] [ParOldGen: 503471K->453569K(524288K)] 566136K->453569K(676864K), [Metaspace: 43850K->43850K(1087488K)], 0.0635362 secs] [Times: user=0.51 sys=0.01, real=0.06 secs] 
2016-09-25T21:50:15.347-0400: 97.414: [GC (GCLocker Initiated GC) [PSYoungGen: 89600K->66113K(174080K)] 543189K->519702K(698368K), 0.0068828 secs] [Times: user=0.10 sys=0.00, real=0.00 secs] 
2016-09-25T21:50:15.419-0400: 97.486: [GC (GCLocker Initiated GC) [PSYoungGen: 156737K->42642K(174080K)] 624489K->510394K(698368K), 0.0053778 secs] [Times: user=0.08 sys=0.00, real=0.01 secs] 
2016-09-25T21:50:15.478-0400: 97.545: [GC (GCLocker Initiated GC) [PSYoungGen: 133266K->52322K(176640K)] 606511K->525567K(700928K), 0.0058817 secs] [Times: user=0.05 sys=0.00, real=0.01 secs] 
2016-09-25T21:50:15.548-0400: 97.615: [GC (GCLocker Initiated GC) [PSYoungGen: 146530K->79953K(174592K)] 619812K->553235K(698880K), 0.0216326 secs] [Times: user=0.34 sys=0.00, real=0.02 secs] 
2016-09-25T21:50:15.628-0400: 97.695: [GC (GCLocker Initiated GC) [PSYoungGen: 174161K->75062K(175104K)] 658258K->560701K(699392K), 0.0069579 secs] [Times: user=0.10 sys=0.00, real=0.01 secs] 
2016-09-25T21:50:15.697-0400: 97.764: [GC (GCLocker Initiated GC) --[PSYoungGen: 163126K->163126K(175104K)] 656906K->684887K(699392K), 0.0110248 secs] [Times: user=0.09 sys=0.00, real=0.01 secs] 
2016-09-25T21:50:15.708-0400: 97.775: [Full GC (Ergonomics) [PSYoungGen: 163126K->0K(175104K)] [ParOldGen: 521760K->451555K(524288K)] 684887K->451555K(699392K), [Metaspace: 43850K->43850K(1087488K)], 0.0549351 secs] [Times: user=0.59 sys=0.00, real=0.06 secs] 
2016-09-25T21:50:15.824-0400: 97.891: [GC (GCLocker Initiated GC) [PSYoungGen: 88064K->66258K(175104K)] 539771K->517966K(699392K), 0.0063432 secs] [Times: user=0.10 sys=0.00, real=0.00 secs] 
2016-09-25T21:50:15.883-0400: 97.950: [GC (GCLocker Initiated GC) [PSYoungGen: 154322K->48237K(175104K)] 606179K->501001K(699392K), 0.0105992 secs] [Times: user=0.15 sys=0.01, real=0.00 secs] 
2016-09-25T21:50:15.945-0400: 98.013: [GC (GCLocker Initiated GC) [PSYoungGen: 136301K->60451K(148992K)] 591801K->516563K(673280K), 0.0057723 secs] [Times: user=0.08 sys=0.01, real=0.00 secs] 
2016-09-25T21:50:16.008-0400: 98.075: [GC (GCLocker Initiated GC) [PSYoungGen: 148515K->30829K(174080K)] 612788K->522656K(698368K), 0.0055665 secs] [Times: user=0.07 sys=0.00, real=0.00 secs] 
2016-09-25T21:50:16.069-0400: 98.136: [Full GC (Ergonomics) [PSYoungGen: 118381K->0K(174080K)] [ParOldGen: 504062K->454183K(524288K)] 622443K->454183K(698368K), [Metaspace: 43850K->43850K(1087488K)], 0.0636106 secs] [Times: user=0.55 sys=0.00, real=0.06 secs] 
2016-09-25T21:50:16.194-0400: 98.261: [GC (GCLocker Initiated GC) [PSYoungGen: 87552K->51223K(174592K)] 545809K->509481K(698880K), 0.0068186 secs] [Times: user=0.07 sys=0.00, real=0.01 secs] 
2016-09-25T21:50:16.257-0400: 98.324: [GC (GCLocker Initiated GC) [PSYoungGen: 138775K->57684K(169984K)] 597035K->516769K(694272K), 0.0101123 secs] [Times: user=0.14 sys=0.00, real=0.01 secs] 
2016-09-25T21:50:16.331-0400: 98.398: [GC (GCLocker Initiated GC) [PSYoungGen: 145748K->52809K(172544K)] 610253K->517314K(696832K), 0.0059012 secs] [Times: user=0.07 sys=0.00, real=0.01 secs] 
2016-09-25T21:50:16.385-0400: 98.452: [GC (GCLocker Initiated GC) [PSYoungGen: 140873K->38379K(177152K)] 612232K->509738K(701440K), 0.0066885 secs] [Times: user=0.05 sys=0.01, real=0.00 secs] 
2016-09-25T21:50:16.448-0400: 98.516: [GC (GCLocker Initiated GC) [PSYoungGen: 133099K->80948K(176128K)] 609924K->563173K(700416K), 0.0098680 secs] [Times: user=0.14 sys=0.00, real=0.01 secs] 
2016-09-25T21:50:16.513-0400: 98.581: [GC (GCLocker Initiated GC) [PSYoungGen: 175668K->66985K(174080K)] 657904K->563846K(698368K), 0.0077151 secs] [Times: user=0.07 sys=0.01, real=0.01 secs] 
2016-09-25T21:50:16.581-0400: 98.648: [GC (GCLocker Initiated GC) --[PSYoungGen: 155049K->155049K(174080K)] 654753K->677451K(698368K), 0.0132652 secs] [Times: user=0.14 sys=0.01, real=0.02 secs] 
2016-09-25T21:50:16.595-0400: 98.662: [Full GC (Ergonomics) [PSYoungGen: 155049K->0K(174080K)] [ParOldGen: 522402K->454977K(524288K)] 677451K->454977K(698368K), [Metaspace: 43850K->43850K(1087488K)], 0.0565830 secs] [Times: user=0.57 sys=0.01, real=0.05 secs] 
2016-09-25T21:50:16.711-0400: 98.778: [GC (GCLocker Initiated GC) [PSYoungGen: 88064K->59500K(175104K)] 545820K->517256K(699392K), 0.0058255 secs] [Times: user=0.08 sys=0.00, real=0.01 secs] 
2016-09-25T21:50:16.773-0400: 98.840: [GC (GCLocker Initiated GC) [PSYoungGen: 147564K->29419K(175104K)] 613502K->496294K(699392K), 0.0096101 secs] [Times: user=0.11 sys=0.00, real=0.02 secs] 
2016-09-25T21:50:16.838-0400: 98.905: [GC (GCLocker Initiated GC) [PSYoungGen: 117483K->57745K(175104K)] 584483K->528242K(699392K), 0.0065867 secs] [Times: user=0.06 sys=0.00, real=0.01 secs] 
2016-09-25T21:50:16.897-0400: 98.964: [GC (GCLocker Initiated GC) [PSYoungGen: 145809K->51178K(169984K)] 616480K->544070K(694272K), 0.0070492 secs] [Times: user=0.09 sys=0.00, real=0.01 secs] 
2016-09-25T21:50:16.963-0400: 99.030: [GC (GCLocker Initiated GC) [PSYoungGen: 139242K->41728K(172544K)] 638896K->542098K(696832K), 0.0058085 secs] [Times: user=0.07 sys=0.00, real=0.00 secs] 
2016-09-25T21:50:17.016-0400: 99.083: [GC (GCLocker Initiated GC) [PSYoungGen: 129792K->54435K(172032K)] 631546K->556189K(696320K), 0.0124205 secs] [Times: user=0.17 sys=0.00, real=0.01 secs] 
2016-09-25T21:50:17.085-0400: 99.152: [Full GC (Ergonomics) [PSYoungGen: 148131K->0K(172032K)] [ParOldGen: 504601K->462089K(524288K)] 652733K->462089K(696320K), [Metaspace: 43856K->43856K(1087488K)], 0.0590929 secs] [Times: user=0.63 sys=0.00, real=0.06 secs] 
2016-09-25T21:50:17.194-0400: 99.261: [GC (GCLocker Initiated GC) [PSYoungGen: 93696K->67664K(175104K)] 556166K->530135K(699392K), 0.0217706 secs] [Times: user=0.32 sys=0.00, real=0.03 secs] 
2016-09-25T21:50:17.265-0400: 99.332: [GC (GCLocker Initiated GC) [PSYoungGen: 161360K->73731K(171520K)] 624003K->536374K(695808K), 0.0071991 secs] [Times: user=0.11 sys=0.00, real=0.00 secs] 
2016-09-25T21:50:17.326-0400: 99.394: [GC (GCLocker Initiated GC) [PSYoungGen: 161795K->44316K(175104K)] 624531K->524864K(699392K), 0.0170613 secs] [Times: user=0.17 sys=0.00, real=0.02 secs] 
2016-09-25T21:50:17.403-0400: 99.471: [GC (GCLocker Initiated GC) [PSYoungGen: 132380K->55236K(169472K)] 615767K->569008K(693760K), 0.0077751 secs] [Times: user=0.11 sys=0.00, real=0.00 secs] 
2016-09-25T21:50:17.411-0400: 99.479: [Full GC (Ergonomics) [PSYoungGen: 55236K->0K(169472K)] [ParOldGen: 513771K->461725K(524288K)] 569008K->461725K(693760K), [Metaspace: 43856K->43856K(1087488K)], 0.0654123 secs] [Times: user=0.46 sys=0.01, real=0.07 secs] 
2016-09-25T21:50:17.525-0400: 99.592: [GC (GCLocker Initiated GC) [PSYoungGen: 88576K->55147K(172544K)] 550393K->516965K(696832K), 0.0065528 secs] [Times: user=0.06 sys=0.00, real=0.00 secs] 
2016-09-25T21:50:17.585-0400: 99.653: [GC (GCLocker Initiated GC) [PSYoungGen: 143723K->72231K(173568K)] 608350K->536858K(697856K), 0.0069032 secs] [Times: user=0.08 sys=0.00, real=0.00 secs] 
2016-09-25T21:50:17.663-0400: 99.731: [GC (GCLocker Initiated GC) [PSYoungGen: 164391K->74208K(166400K)] 634461K->544279K(690688K), 0.0073788 secs] [Times: user=0.09 sys=0.00, real=0.00 secs] 
2016-09-25T21:50:17.724-0400: 99.791: [GC (GCLocker Initiated GC) [PSYoungGen: 166368K->47630K(175104K)] 640735K->546378K(699392K), 0.0102075 secs] [Times: user=0.09 sys=0.00, real=0.00 secs] 
2016-09-25T21:50:17.734-0400: 99.801: [Full GC (Ergonomics) [PSYoungGen: 47630K->0K(175104K)] [ParOldGen: 498747K->450224K(524288K)] 546378K->450224K(699392K), [Metaspace: 43856K->43856K(1087488K)], 0.0697379 secs] [Times: user=0.72 sys=0.01, real=0.07 secs] 
2016-09-25T21:50:17.852-0400: 99.919: [GC (GCLocker Initiated GC) [PSYoungGen: 88063K->83777K(175104K)] 541173K->536886K(699392K), 0.0070136 secs] [Times: user=0.10 sys=0.00, real=0.01 secs] 
2016-09-25T21:50:17.915-0400: 99.982: [GC (GCLocker Initiated GC) [PSYoungGen: 171841K->56495K(175104K)] 627820K->520171K(699392K), 0.0182420 secs] [Times: user=0.23 sys=0.01, real=0.01 secs] 
2016-09-25T21:50:17.986-0400: 100.054: [GC (GCLocker Initiated GC) [PSYoungGen: 144559K->61918K(175104K)] 608308K->526295K(699392K), 0.0100073 secs] [Times: user=0.12 sys=0.00, real=0.01 secs] 
2016-09-25T21:50:18.052-0400: 100.119: [GC (GCLocker Initiated GC) [PSYoungGen: 149982K->55098K(175104K)] 617223K->539179K(699392K), 0.0081266 secs] [Times: user=0.09 sys=0.00, real=0.01 secs] 
2016-09-25T21:50:18.109-0400: 100.176: [GC (GCLocker Initiated GC) [PSYoungGen: 143162K->85457K(175104K)] 627311K->569606K(699392K), 0.0079283 secs] [Times: user=0.11 sys=0.00, real=0.01 secs] 
2016-09-25T21:50:18.172-0400: 100.239: [GC (GCLocker Initiated GC) [PSYoungGen: 173521K->21243K(175104K)] 663099K->539098K(699392K), 0.0204852 secs] [Times: user=0.24 sys=0.00, real=0.02 secs] 
2016-09-25T21:50:18.193-0400: 100.260: [Full GC (Ergonomics) [PSYoungGen: 21243K->0K(175104K)] [ParOldGen: 517855K->448458K(524288K)] 539098K->448458K(699392K), [Metaspace: 43856K->43856K(1087488K)], 0.0555185 secs] [Times: user=0.40 sys=0.00, real=0.06 secs] 
2016-09-25T21:50:18.305-0400: 100.372: [GC (GCLocker Initiated GC) [PSYoungGen: 88064K->41863K(175104K)] 548682K->502481K(699392K), 0.0095834 secs] [Times: user=0.13 sys=0.00, real=0.01 secs] 
2016-09-25T21:50:18.376-0400: 100.443: [GC (GCLocker Initiated GC) [PSYoungGen: 129927K->53864K(175104K)] 596044K->522254K(699392K), 0.0061556 secs] [Times: user=0.07 sys=0.00, real=0.00 secs] 
2016-09-25T21:50:18.440-0400: 100.507: [GC (GCLocker Initiated GC) [PSYoungGen: 141928K->56568K(175104K)] 610341K->525722K(699392K), 0.0063625 secs] [Times: user=0.07 sys=0.00, real=0.01 secs] 
2016-09-25T21:50:18.503-0400: 100.570: [GC (GCLocker Initiated GC) [PSYoungGen: 144632K->57981K(174080K)] 613878K->530713K(698368K), 0.0080363 secs] [Times: user=0.10 sys=0.00, real=0.00 secs] 
2016-09-25T21:50:18.565-0400: 100.632: [GC (GCLocker Initiated GC) [PSYoungGen: 146045K->57243K(145408K)] 624202K->535401K(669696K), 0.0064964 secs] [Times: user=0.06 sys=0.01, real=0.00 secs] 
2016-09-25T21:50:18.631-0400: 100.698: [GC (GCLocker Initiated GC) [PSYoungGen: 145307K->68880K(171520K)] 627604K->551177K(695808K), 0.0063992 secs] [Times: user=0.07 sys=0.00, real=0.01 secs] 
2016-09-25T21:50:18.689-0400: 100.756: [GC (GCLocker Initiated GC) [PSYoungGen: 156432K->84193K(173568K)] 638810K->571971K(697856K), 0.0077136 secs] [Times: user=0.11 sys=0.00, real=0.01 secs] 
2016-09-25T21:50:18.753-0400: 100.820: [GC (GCLocker Initiated GC) [PSYoungGen: 171745K->63249K(175104K)] 662282K->576783K(699392K), 0.0138674 secs] [Times: user=0.18 sys=0.00, real=0.02 secs] 
2016-09-25T21:50:18.767-0400: 100.834: [Full GC (Ergonomics) [PSYoungGen: 63249K->0K(175104K)] [ParOldGen: 513534K->459099K(524288K)] 576783K->459099K(699392K), [Metaspace: 43856K->43856K(1087488K)], 0.0609799 secs] [Times: user=0.61 sys=0.00, real=0.06 secs] 
2016-09-25T21:50:18.879-0400: 100.946: [GC (GCLocker Initiated GC) [PSYoungGen: 88064K->48734K(175104K)] 550261K->510932K(699392K), 0.0067945 secs] [Times: user=0.06 sys=0.00, real=0.01 secs] 
2016-09-25T21:50:18.939-0400: 101.006: [GC (GCLocker Initiated GC) [PSYoungGen: 136798K->60510K(175104K)] 599101K->530600K(699392K), 0.0086750 secs] [Times: user=0.11 sys=0.01, real=0.01 secs] 
2016-09-25T21:50:19.003-0400: 101.071: [GC (Allocation Failure) [PSYoungGen: 148574K->65224K(153600K)] 618700K->535350K(677888K), 0.0064048 secs] [Times: user=0.08 sys=0.00, real=0.00 secs] 
2016-09-25T21:50:19.071-0400: 101.138: [GC (GCLocker Initiated GC) [PSYoungGen: 152447K->63325K(176128K)] 626623K->537500K(700416K), 0.0086161 secs] [Times: user=0.10 sys=0.00, real=0.01 secs] 
2016-09-25T21:50:19.131-0400: 101.198: [GC (GCLocker Initiated GC) [PSYoungGen: 152925K->74748K(174592K)] 633921K->555744K(698880K), 0.0068918 secs] [Times: user=0.09 sys=0.01, real=0.01 secs] 
2016-09-25T21:50:19.188-0400: 101.255: [GC (GCLocker Initiated GC) [PSYoungGen: 164348K->71481K(175104K)] 648129K->588948K(699392K), 0.0074264 secs] [Times: user=0.11 sys=0.00, real=0.01 secs] 
2016-09-25T21:50:19.196-0400: 101.263: [Full GC (Ergonomics) [PSYoungGen: 71481K->0K(175104K)] [ParOldGen: 517466K->468289K(524288K)] 588948K->468289K(699392K), [Metaspace: 43856K->43856K(1087488K)], 0.0644636 secs] [Times: user=0.60 sys=0.01, real=0.06 secs] 
2016-09-25T21:50:19.315-0400: 101.382: [GC (GCLocker Initiated GC) [PSYoungGen: 88064K->58451K(175104K)] 563135K->533523K(699392K), 0.0058205 secs] [Times: user=0.08 sys=0.00, real=0.00 secs] 
2016-09-25T21:50:19.372-0400: 101.439: [GC (GCLocker Initiated GC) [PSYoungGen: 146515K->84663K(175104K)] 621625K->567873K(699392K), 0.0079254 secs] [Times: user=0.11 sys=0.00, real=0.01 secs] 
2016-09-25T21:50:19.431-0400: 101.498: [GC (GCLocker Initiated GC) [PSYoungGen: 172727K->69076K(175104K)] 661424K->588704K(699392K), 0.0073749 secs] [Times: user=0.09 sys=0.01, real=0.01 secs] 
2016-09-25T21:50:19.439-0400: 101.506: [Full GC (Ergonomics) [PSYoungGen: 69076K->0K(175104K)] [ParOldGen: 519627K->461794K(524288K)] 588704K->461794K(699392K), [Metaspace: 43859K->43859K(1087488K)], 0.0549524 secs] [Times: user=0.57 sys=0.00, real=0.05 secs] 
2016-09-25T21:50:19.547-0400: 101.614: [GC (GCLocker Initiated GC) [PSYoungGen: 88064K->59443K(175104K)] 552707K->524087K(699392K), 0.0070228 secs] [Times: user=0.10 sys=0.00, real=0.01 secs] 
2016-09-25T21:50:19.597-0400: 101.664: [GC (GCLocker Initiated GC) [PSYoungGen: 147507K->53502K(175104K)] 617593K->525857K(699392K), 0.0068868 secs] [Times: user=0.07 sys=0.00, real=0.01 secs] 
2016-09-25T21:50:19.645-0400: 101.712: [GC (GCLocker Initiated GC) [PSYoungGen: 141566K->52217K(175104K)] 613941K->533217K(699392K), 0.0216829 secs] [Times: user=0.31 sys=0.00, real=0.02 secs] 
2016-09-25T21:50:19.722-0400: 101.789: [GC (GCLocker Initiated GC) [PSYoungGen: 140281K->76775K(175104K)] 621395K->558414K(699392K), 0.0065868 secs] [Times: user=0.08 sys=0.00, real=0.00 secs] 
2016-09-25T21:50:19.782-0400: 101.849: [GC (GCLocker Initiated GC) [PSYoungGen: 164839K->44372K(175104K)] 658659K->557787K(699392K), 0.0058334 secs] [Times: user=0.07 sys=0.00, real=0.01 secs] 
2016-09-25T21:50:19.788-0400: 101.855: [Full GC (Ergonomics) [PSYoungGen: 44372K->0K(175104K)] [ParOldGen: 513415K->469951K(524288K)] 557787K->469951K(699392K), [Metaspace: 43859K->43859K(1087488K)], 0.0486501 secs] [Times: user=0.46 sys=0.00, real=0.05 secs] 
2016-09-25T21:50:19.883-0400: 101.950: [GC (GCLocker Initiated GC) [PSYoungGen: 88064K->76911K(175104K)] 558111K->546958K(699392K), 0.0066523 secs] [Times: user=0.08 sys=0.00, real=0.00 secs] 
2016-09-25T21:50:19.937-0400: 102.004: [GC (GCLocker Initiated GC) [PSYoungGen: 164975K->50966K(175104K)] 637728K->535299K(699392K), 0.0059203 secs] [Times: user=0.07 sys=0.00, real=0.01 secs] 
2016-09-25T21:50:19.988-0400: 102.055: [GC (GCLocker Initiated GC) [PSYoungGen: 139030K->69898K(175104K)] 626149K->557607K(699392K), 0.0067934 secs] [Times: user=0.09 sys=0.00, real=0.01 secs] 
2016-09-25T21:50:20.044-0400: 102.111: [GC (GCLocker Initiated GC) [PSYoungGen: 157962K->38785K(175104K)] 645673K->559453K(699392K), 0.0062813 secs] [Times: user=0.08 sys=0.00, real=0.00 secs] 
2016-09-25T21:50:20.050-0400: 102.117: [Full GC (Ergonomics) [PSYoungGen: 38785K->0K(175104K)] [ParOldGen: 520667K->466322K(524288K)] 559453K->466322K(699392K), [Metaspace: 43861K->43861K(1087488K)], 0.0517702 secs] [Times: user=0.52 sys=0.00, real=0.05 secs] 
2016-09-25T21:50:20.148-0400: 102.215: [GC (GCLocker Initiated GC) [PSYoungGen: 88064K->70122K(175104K)] 559882K->541941K(699392K), 0.0060816 secs] [Times: user=0.08 sys=0.00, real=0.01 secs] 
2016-09-25T21:50:20.202-0400: 102.269: [GC (GCLocker Initiated GC) [PSYoungGen: 158186K->51032K(175104K)] 634590K->547143K(699392K), 0.0070832 secs] [Times: user=0.08 sys=0.00, real=0.01 secs] 
2016-09-25T21:50:20.209-0400: 102.276: [Full GC (Ergonomics) [PSYoungGen: 51032K->0K(175104K)] [ParOldGen: 496110K->471554K(524288K)] 547143K->471554K(699392K), [Metaspace: 43861K->43861K(1087488K)], 0.0479358 secs] [Times: user=0.43 sys=0.01, real=0.05 secs] 
2016-09-25T21:50:20.305-0400: 102.372: [GC (GCLocker Initiated GC) [PSYoungGen: 88064K->51192K(175104K)] 569228K->532356K(699392K), 0.0056702 secs] [Times: user=0.08 sys=0.00, real=0.00 secs] 
2016-09-25T21:50:20.355-0400: 102.422: [GC (GCLocker Initiated GC) [PSYoungGen: 139256K->54986K(175104K)] 620449K->536939K(699392K), 0.0063758 secs] [Times: user=0.07 sys=0.01, real=0.00 secs] 
2016-09-25T21:50:20.408-0400: 102.475: [GC (GCLocker Initiated GC) [PSYoungGen: 143050K->65918K(175104K)] 625046K->551129K(699392K), 0.0067377 secs] [Times: user=0.09 sys=0.00, real=0.01 secs] 
2016-09-25T21:50:20.466-0400: 102.533: [GC (GCLocker Initiated GC) [PSYoungGen: 153982K->71292K(175104K)] 639286K->568072K(699392K), 0.0085113 secs] [Times: user=0.11 sys=0.01, real=0.01 secs] 
2016-09-25T21:50:20.474-0400: 102.541: [Full GC (Ergonomics) [PSYoungGen: 71292K->0K(175104K)] [ParOldGen: 496780K->472007K(524288K)] 568072K->472007K(699392K), [Metaspace: 43861K->43861K(1087488K)], 0.0498602 secs] [Times: user=0.46 sys=0.00, real=0.05 secs] 
2016-09-25T21:50:20.575-0400: 102.642: [GC (GCLocker Initiated GC) [PSYoungGen: 88064K->63837K(175104K)] 560165K->535939K(699392K), 0.0061155 secs] [Times: user=0.09 sys=0.00, real=0.00 secs] 
2016-09-25T21:50:20.633-0400: 102.700: [GC (GCLocker Initiated GC) [PSYoungGen: 151901K->57925K(173056K)] 624019K->554281K(697344K), 0.0071143 secs] [Times: user=0.10 sys=0.00, real=0.01 secs] 
2016-09-25T21:50:20.640-0400: 102.707: [Full GC (Ergonomics) [PSYoungGen: 57925K->0K(173056K)] [ParOldGen: 496355K->473209K(524288K)] 554281K->473209K(697344K), [Metaspace: 43861K->43861K(1087488K)], 0.0597129 secs] [Times: user=0.68 sys=0.00, real=0.06 secs] 
2016-09-25T21:50:20.747-0400: 102.814: [GC (GCLocker Initiated GC) [PSYoungGen: 88064K->63837K(174080K)] 564160K->539933K(698368K), 0.0069468 secs] [Times: user=0.09 sys=0.00, real=0.01 secs] 
2016-09-25T21:50:20.806-0400: 102.873: [GC (GCLocker Initiated GC) [PSYoungGen: 151901K->53558K(174592K)] 628420K->530077K(698880K), 0.0054256 secs] [Times: user=0.05 sys=0.00, real=0.00 secs] 
2016-09-25T21:50:20.869-0400: 102.936: [GC (GCLocker Initiated GC) [PSYoungGen: 145206K->79724K(175104K)] 624449K->558967K(699392K), 0.0073643 secs] [Times: user=0.10 sys=0.00, real=0.01 secs] 
2016-09-25T21:50:20.920-0400: 102.987: [GC (GCLocker Initiated GC) [PSYoungGen: 171372K->80593K(175104K)] 650649K->561028K(699392K), 0.0071903 secs] [Times: user=0.11 sys=0.00, real=0.01 secs] 
2016-09-25T21:50:20.977-0400: 103.044: [GC (GCLocker Initiated GC) [PSYoungGen: 168657K->53036K(175104K)] 658779K->576773K(699392K), 0.0073823 secs] [Times: user=0.09 sys=0.00, real=0.01 secs] 
2016-09-25T21:50:20.984-0400: 103.052: [Full GC (Ergonomics) [PSYoungGen: 53036K->0K(175104K)] [ParOldGen: 523737K->476862K(524288K)] 576773K->476862K(699392K), [Metaspace: 43862K->43862K(1087488K)], 0.0818475 secs] [Times: user=1.04 sys=0.00, real=0.08 secs] 
2016-09-25T21:50:21.115-0400: 103.182: [GC (GCLocker Initiated GC) [PSYoungGen: 88064K->64964K(175104K)] 571785K->548685K(699392K), 0.0067508 secs] [Times: user=0.09 sys=0.00, real=0.01 secs] 
2016-09-25T21:50:21.173-0400: 103.240: [Full GC (Ergonomics) [PSYoungGen: 153028K->0K(175104K)] [ParOldGen: 489341K->478055K(524288K)] 642369K->478055K(699392K), [Metaspace: 43862K->43862K(1087488K)], 0.0571014 secs] [Times: user=0.61 sys=0.00, real=0.06 secs] 
2016-09-25T21:50:21.282-0400: 103.349: [GC (GCLocker Initiated GC) [PSYoungGen: 88064K->65221K(175104K)] 571761K->548919K(699392K), 0.0065407 secs] [Times: user=0.09 sys=0.00, real=0.00 secs] 
2016-09-25T21:50:21.344-0400: 103.411: [GC (GCLocker Initiated GC) [PSYoungGen: 153285K->72680K(175104K)] 637048K->559051K(699392K), 0.0103381 secs] [Times: user=0.15 sys=0.00, real=0.01 secs] 
2016-09-25T21:50:21.413-0400: 103.480: [GC (GCLocker Initiated GC) --[PSYoungGen: 160744K->160744K(175104K)] 649847K->682961K(699392K), 0.0212003 secs] [Times: user=0.28 sys=0.00, real=0.03 secs] 
2016-09-25T21:50:21.434-0400: 103.502: [Full GC (Ergonomics) [PSYoungGen: 160744K->0K(175104K)] [ParOldGen: 522217K->474566K(524288K)] 682961K->474566K(699392K), [Metaspace: 43862K->43862K(1087488K)], 0.0579398 secs] [Times: user=0.62 sys=0.01, real=0.05 secs] 
2016-09-25T21:50:21.543-0400: 103.610: [GC (GCLocker Initiated GC) [PSYoungGen: 88064K->47382K(175104K)] 565342K->524660K(699392K), 0.0079594 secs] [Times: user=0.10 sys=0.00, real=0.00 secs] 
2016-09-25T21:50:21.607-0400: 103.674: [GC (GCLocker Initiated GC) [PSYoungGen: 135446K->48228K(175104K)] 615505K->529305K(699392K), 0.0057714 secs] [Times: user=0.06 sys=0.01, real=0.00 secs] 
2016-09-25T21:50:21.665-0400: 103.732: [GC (GCLocker Initiated GC) [PSYoungGen: 136292K->67163K(175104K)] 622854K->567841K(699392K), 0.0072174 secs] [Times: user=0.11 sys=0.00, real=0.00 secs] 
2016-09-25T21:50:21.672-0400: 103.739: [Full GC (Ergonomics) [PSYoungGen: 67163K->0K(175104K)] [ParOldGen: 500678K->486829K(524288K)] 567841K->486829K(699392K), [Metaspace: 43862K->43862K(1087488K)], 0.0565755 secs] [Times: user=0.51 sys=0.01, real=0.06 secs] 
2016-09-25T21:50:21.787-0400: 103.854: [GC (GCLocker Initiated GC) [PSYoungGen: 88064K->55566K(175104K)] 579245K->546748K(699392K), 0.0149617 secs] [Times: user=0.21 sys=0.01, real=0.02 secs] 
2016-09-25T21:50:21.855-0400: 103.922: [Full GC (Ergonomics) [PSYoungGen: 143630K->0K(175104K)] [ParOldGen: 498110K->482501K(524288K)] 641741K->482501K(699392K), [Metaspace: 43862K->43862K(1087488K)], 0.0486717 secs] [Times: user=0.38 sys=0.00, real=0.05 secs] 
2016-09-25T21:50:21.967-0400: 104.034: [GC (GCLocker Initiated GC) [PSYoungGen: 88064K->56752K(144896K)] 578907K->547596K(669184K), 0.0080230 secs] [Times: user=0.06 sys=0.00, real=0.01 secs] 
2016-09-25T21:50:22.032-0400: 104.099: [GC (GCLocker Initiated GC) [PSYoungGen: 144816K->46520K(173056K)] 638482K->540186K(697344K), 0.0086167 secs] [Times: user=0.07 sys=0.00, real=0.01 secs] 
2016-09-25T21:50:22.096-0400: 104.164: [GC (GCLocker Initiated GC) [PSYoungGen: 134584K->64843K(173056K)] 631100K->561359K(697344K), 0.0063699 secs] [Times: user=0.09 sys=0.01, real=0.01 secs] 
2016-09-25T21:50:22.161-0400: 104.228: [Full GC (Ergonomics) [PSYoungGen: 152907K->0K(173056K)] [ParOldGen: 501953K->482027K(524288K)] 654861K->482027K(697344K), [Metaspace: 43868K->43868K(1087488K)], 0.0534477 secs] [Times: user=0.47 sys=0.00, real=0.06 secs] 
2016-09-25T21:50:22.268-0400: 104.335: [GC (GCLocker Initiated GC) [PSYoungGen: 88064K->61096K(173568K)] 570132K->543165K(697856K), 0.0066188 secs] [Times: user=0.09 sys=0.00, real=0.01 secs] 
2016-09-25T21:50:22.339-0400: 104.407: [GC (GCLocker Initiated GC) [PSYoungGen: 153768K->60369K(175104K)] 641244K->547845K(699392K), 0.0065617 secs] [Times: user=0.10 sys=0.00, real=0.01 secs] 
2016-09-25T21:50:22.406-0400: 104.473: [GC (GCLocker Initiated GC) [PSYoungGen: 153041K->54044K(178688K)] 645956K->546959K(702976K), 0.0179536 secs] [Times: user=0.27 sys=0.00, real=0.02 secs] 
2016-09-25T21:50:22.479-0400: 104.546: [GC (GCLocker Initiated GC) [PSYoungGen: 153372K->45488K(178688K)] 655753K->547870K(702976K), 0.0055790 secs] [Times: user=0.08 sys=0.00, real=0.01 secs] 
2016-09-25T21:50:22.543-0400: 104.610: [Full GC (Ergonomics) [PSYoungGen: 144816K->0K(178688K)] [ParOldGen: 505194K->493273K(524288K)] 650011K->493273K(702976K), [Metaspace: 43868K->43868K(1087488K)], 0.0530534 secs] [Times: user=0.55 sys=0.02, real=0.05 secs] 
2016-09-25T21:50:22.675-0400: 104.742: [Full GC (Ergonomics) [PSYoungGen: 99328K->0K(178688K)] [ParOldGen: 505819K->483313K(524288K)] 605147K->483313K(702976K), [Metaspace: 43868K->43868K(1087488K)], 0.0545996 secs] [Times: user=0.57 sys=0.00, real=0.05 secs] 
2016-09-25T21:50:22.789-0400: 104.856: [GC (GCLocker Initiated GC) [PSYoungGen: 99328K->66778K(180224K)] 586730K->554181K(704512K), 0.0071525 secs] [Times: user=0.10 sys=0.00, real=0.01 secs] 
2016-09-25T21:50:22.861-0400: 104.929: [GC (GCLocker Initiated GC) [PSYoungGen: 167130K->79882K(180736K)] 658615K->584867K(705024K), 0.0074939 secs] [Times: user=0.10 sys=0.00, real=0.01 secs] 
2016-09-25T21:50:22.869-0400: 104.936: [Full GC (Ergonomics) [PSYoungGen: 79882K->0K(180736K)] [ParOldGen: 504985K->493498K(524288K)] 584867K->493498K(705024K), [Metaspace: 43868K->43868K(1087488K)], 0.0568424 secs] [Times: user=0.59 sys=0.00, real=0.06 secs] 
2016-09-25T21:50:22.999-0400: 105.066: [GC (GCLocker Initiated GC) [PSYoungGen: 100352K->40965K(169472K)] 596555K->537169K(693760K), 0.0064301 secs] [Times: user=0.06 sys=0.00, real=0.01 secs] 
2016-09-25T21:50:23.062-0400: 105.129: [GC (GCLocker Initiated GC) [PSYoungGen: 129029K->48710K(175104K)] 625383K->545064K(699392K), 0.0059652 secs] [Times: user=0.06 sys=0.01, real=0.01 secs] 
2016-09-25T21:50:23.118-0400: 105.185: [GC (GCLocker Initiated GC) [PSYoungGen: 136774K->60208K(170496K)] 633198K->556631K(694784K), 0.0057789 secs] [Times: user=0.06 sys=0.00, real=0.01 secs] 
2016-09-25T21:50:23.191-0400: 105.258: [GC (GCLocker Initiated GC) [PSYoungGen: 148784K->48905K(173056K)] 652088K->552209K(697344K), 0.0081362 secs] [Times: user=0.08 sys=0.00, real=0.01 secs] 
2016-09-25T21:50:23.253-0400: 105.320: [GC (GCLocker Initiated GC) [PSYoungGen: 137481K->82323K(171520K)] 640818K->596461K(695808K), 0.0084959 secs] [Times: user=0.12 sys=0.00, real=0.01 secs] 
2016-09-25T21:50:23.262-0400: 105.329: [Full GC (Ergonomics) [PSYoungGen: 82323K->0K(171520K)] [ParOldGen: 514137K->489555K(524288K)] 596461K->489555K(695808K), [Metaspace: 43868K->43868K(1087488K)], 0.0547868 secs] [Times: user=0.50 sys=0.01, real=0.06 secs] 
2016-09-25T21:50:23.372-0400: 105.439: [GC (GCLocker Initiated GC) [PSYoungGen: 88064K->49566K(175104K)] 581326K->542828K(699392K), 0.0051693 secs] [Times: user=0.07 sys=0.00, real=0.01 secs] 
2016-09-25T21:50:23.432-0400: 105.500: [GC (GCLocker Initiated GC) [PSYoungGen: 137630K->44968K(175104K)] 640461K->547798K(699392K), 0.0097777 secs] [Times: user=0.14 sys=0.00, real=0.02 secs] 
2016-09-25T21:50:23.497-0400: 105.565: [GC (GCLocker Initiated GC) [PSYoungGen: 133032K->71417K(175104K)] 636070K->574456K(699392K), 0.0081105 secs] [Times: user=0.13 sys=0.00, real=0.01 secs] 
2016-09-25T21:50:23.578-0400: 105.645: [GC (GCLocker Initiated GC) [PSYoungGen: 159481K->46587K(175104K)] 663882K->550988K(699392K), 0.0103896 secs] [Times: user=0.16 sys=0.00, real=0.01 secs] 
2016-09-25T21:50:23.642-0400: 105.709: [Full GC (Ergonomics) [PSYoungGen: 134651K->0K(175104K)] [ParOldGen: 513948K->493793K(524288K)] 648600K->493793K(699392K), [Metaspace: 43868K->43868K(1087488K)], 0.0671074 secs] [Times: user=0.67 sys=0.01, real=0.06 secs] 
2016-09-25T21:50:23.757-0400: 105.824: [GC (GCLocker Initiated GC) [PSYoungGen: 88064K->56635K(144896K)] 581958K->550529K(669184K), 0.0070357 secs] [Times: user=0.06 sys=0.00, real=0.01 secs] 
2016-09-25T21:50:23.820-0400: 105.887: [GC (GCLocker Initiated GC) [PSYoungGen: 144699K->73620K(173056K)] 638609K->567529K(697344K), 0.0076814 secs] [Times: user=0.10 sys=0.00, real=0.01 secs] 
2016-09-25T21:50:23.892-0400: 105.959: [GC (GCLocker Initiated GC) [PSYoungGen: 160660K->54186K(174080K)] 660063K->553589K(698368K), 0.0067222 secs] [Times: user=0.08 sys=0.00, real=0.01 secs] 
2016-09-25T21:50:23.955-0400: 106.022: [GC (GCLocker Initiated GC) [PSYoungGen: 141226K->62824K(173056K)] 643432K->565030K(697344K), 0.0063772 secs] [Times: user=0.07 sys=0.01, real=0.00 secs] 
2016-09-25T21:50:24.012-0400: 106.079: [GC (GCLocker Initiated GC) [PSYoungGen: 150888K->63642K(174080K)] 653129K->565882K(698368K), 0.0065583 secs] [Times: user=0.08 sys=0.00, real=0.01 secs] 
2016-09-25T21:50:24.081-0400: 106.148: [GC (GCLocker Initiated GC) [PSYoungGen: 151706K->77931K(173056K)] 661181K->587407K(697344K), 0.0065981 secs] [Times: user=0.08 sys=0.01, real=0.01 secs] 
2016-09-25T21:50:24.144-0400: 106.211: [Full GC (Ergonomics) [PSYoungGen: 165995K->0K(173056K)] [ParOldGen: 517664K->501465K(524288K)] 683660K->501465K(697344K), [Metaspace: 43868K->43868K(1087488K)], 0.0691797 secs] [Times: user=0.63 sys=0.01, real=0.06 secs] 
2016-09-25T21:50:24.282-0400: 106.349: [GC (GCLocker Initiated GC) [PSYoungGen: 88064K->55939K(175104K)] 597860K->565736K(699392K), 0.0070647 secs] [Times: user=0.08 sys=0.00, real=0.01 secs] 
2016-09-25T21:50:24.359-0400: 106.426: [GC (GCLocker Initiated GC) [PSYoungGen: 144003K->63374K(172032K)] 654023K->573395K(696320K), 0.0065380 secs] [Times: user=0.10 sys=0.00, real=0.01 secs] 
2016-09-25T21:50:24.421-0400: 106.488: [GC (GCLocker Initiated GC) [PSYoungGen: 151438K->57268K(173568K)] 661651K->567481K(697856K), 0.0110463 secs] [Times: user=0.16 sys=0.00, real=0.01 secs] 
2016-09-25T21:50:24.488-0400: 106.555: [Full GC (Ergonomics) [PSYoungGen: 145332K->0K(173568K)] [ParOldGen: 519863K->510054K(524288K)] 665196K->510054K(697856K), [Metaspace: 43868K->43868K(1087488K)], 0.0602030 secs] [Times: user=0.56 sys=0.00, real=0.06 secs] 
2016-09-25T21:50:24.610-0400: 106.677: [GC (GCLocker Initiated GC) [PSYoungGen: 88064K->74617K(172032K)] 598379K->584933K(696320K), 0.0076426 secs] [Times: user=0.08 sys=0.00, real=0.01 secs] 
2016-09-25T21:50:24.676-0400: 106.743: [GC (GCLocker Initiated GC) [PSYoungGen: 162681K->67372K(175104K)] 673012K->577703K(699392K), 0.0110909 secs] [Times: user=0.15 sys=0.01, real=0.01 secs] 
2016-09-25T21:50:24.748-0400: 106.815: [GC (GCLocker Initiated GC) [PSYoungGen: 155436K->54492K(172544K)] 671175K->570231K(696832K), 0.0098320 secs] [Times: user=0.13 sys=0.00, real=0.01 secs] 
2016-09-25T21:50:24.808-0400: 106.875: [Full GC (Ergonomics) [PSYoungGen: 143068K->0K(172544K)] [ParOldGen: 520777K->502664K(524288K)] 663845K->502664K(696832K), [Metaspace: 43868K->43868K(1087488K)], 0.0561554 secs] [Times: user=0.55 sys=0.00, real=0.06 secs] 
2016-09-25T21:50:24.919-0400: 106.986: [GC (GCLocker Initiated GC) [PSYoungGen: 88576K->54247K(174080K)] 599685K->565357K(698368K), 0.0093299 secs] [Times: user=0.13 sys=0.00, real=0.01 secs] 
2016-09-25T21:50:24.986-0400: 107.053: [GC (GCLocker Initiated GC) [PSYoungGen: 142823K->65782K(175104K)] 659454K->582412K(699392K), 0.0063909 secs] [Times: user=0.09 sys=0.00, real=0.00 secs] 
2016-09-25T21:50:25.059-0400: 107.126: [GC (GCLocker Initiated GC) [PSYoungGen: 157942K->76157K(168448K)] 674601K->592817K(692736K), 0.0073506 secs] [Times: user=0.09 sys=0.00, real=0.01 secs] 
2016-09-25T21:50:25.137-0400: 107.204: [Full GC (Ergonomics) [PSYoungGen: 168317K->0K(168448K)] [ParOldGen: 523428K->496107K(524288K)] 691746K->496107K(692736K), [Metaspace: 43869K->43869K(1087488K)], 0.0933372 secs] [Times: user=1.23 sys=0.02, real=0.09 secs] 
2016-09-25T21:50:25.296-0400: 107.363: [GC (GCLocker Initiated GC) [PSYoungGen: 92160K->47725K(175104K)] 601983K->557549K(699392K), 0.0055642 secs] [Times: user=0.05 sys=0.00, real=0.00 secs] 
2016-09-25T21:50:25.358-0400: 107.425: [GC (GCLocker Initiated GC) [PSYoungGen: 135789K->65998K(154112K)] 651062K->581271K(678400K), 0.0064363 secs] [Times: user=0.08 sys=0.00, real=0.01 secs] 
2016-09-25T21:50:25.418-0400: 107.485: [GC (GCLocker Initiated GC) [PSYoungGen: 154062K->73506K(174080K)] 669370K->588814K(698368K), 0.0076526 secs] [Times: user=0.08 sys=0.00, real=0.01 secs] 
2016-09-25T21:50:25.501-0400: 107.568: [GC (GCLocker Initiated GC) [PSYoungGen: 161058K->74206K(174592K)] 676399K->589547K(698880K), 0.0079594 secs] [Times: user=0.10 sys=0.00, real=0.01 secs] 
2016-09-25T21:50:25.567-0400: 107.634: [GC (GCLocker Initiated GC) [PSYoungGen: 161758K->80492K(175104K)] 680568K->599303K(699392K), 0.0072839 secs] [Times: user=0.10 sys=0.00, real=0.00 secs] 
2016-09-25T21:50:25.621-0400: 107.688: [GC (GCLocker Initiated GC) [PSYoungGen: 168556K->84992K(175104K)] 687407K->609243K(699392K), 0.0079987 secs] [Times: user=0.10 sys=0.00, real=0.01 secs] 
2016-09-25T21:50:25.629-0400: 107.696: [Full GC (Ergonomics) [PSYoungGen: 84992K->0K(175104K)] [ParOldGen: 524251K->503202K(524288K)] 609243K->503202K(699392K), [Metaspace: 43869K->43869K(1087488K)], 0.0607811 secs] [Times: user=0.56 sys=0.01, real=0.06 secs] 
2016-09-25T21:50:25.753-0400: 107.820: [GC (GCLocker Initiated GC) [PSYoungGen: 88064K->54706K(175104K)] 594022K->560665K(699392K), 0.0061580 secs] [Times: user=0.06 sys=0.00, real=0.01 secs] 
2016-09-25T21:50:25.833-0400: 107.900: [GC (GCLocker Initiated GC) [PSYoungGen: 142770K->63696K(175104K)] 654171K->575097K(699392K), 0.0103062 secs] [Times: user=0.15 sys=0.00, real=0.02 secs] 
2016-09-25T21:50:25.901-0400: 107.968: [GC (GCLocker Initiated GC) [PSYoungGen: 151760K->75304K(175104K)] 663249K->586792K(699392K), 0.0069691 secs] [Times: user=0.10 sys=0.01, real=0.01 secs] 
2016-09-25T21:50:25.967-0400: 108.034: [GC (GCLocker Initiated GC) [PSYoungGen: 163368K->86994K(175104K)] 674906K->601232K(699392K), 0.0136969 secs] [Times: user=0.22 sys=0.00, real=0.01 secs] 
2016-09-25T21:50:26.034-0400: 108.101: [GC (GCLocker Initiated GC) [PSYoungGen: 175058K->85009K(175104K)] 692031K->601982K(699392K), 0.0088896 secs] [Times: user=0.12 sys=0.00, real=0.02 secs] 
2016-09-25T21:50:26.094-0400: 108.161: [GC (GCLocker Initiated GC) [PSYoungGen: 173073K->84452K(175104K)] 692858K->604236K(699392K), 0.0076379 secs] [Times: user=0.12 sys=0.00, real=0.01 secs] 
2016-09-25T21:50:26.167-0400: 108.235: [GC (GCLocker Initiated GC) --[PSYoungGen: 172516K->172516K(175104K)] 692336K->696789K(699392K), 0.0127309 secs] [Times: user=0.15 sys=0.00, real=0.01 secs] 
2016-09-25T21:50:26.180-0400: 108.247: [Full GC (Ergonomics) [PSYoungGen: 172516K->0K(175104K)] [ParOldGen: 524273K->506227K(524288K)] 696789K->506227K(699392K), [Metaspace: 43873K->43873K(1087488K)], 0.0619110 secs] [Times: user=0.61 sys=0.01, real=0.07 secs] 
2016-09-25T21:50:26.312-0400: 108.379: [GC (GCLocker Initiated GC) [PSYoungGen: 88064K->53324K(175104K)] 599705K->564966K(699392K), 0.0078615 secs] [Times: user=0.11 sys=0.00, real=0.01 secs] 
2016-09-25T21:50:26.380-0400: 108.447: [Full GC (Ergonomics) [PSYoungGen: 141388K->0K(175104K)] [ParOldGen: 521270K->518827K(524288K)] 662659K->518827K(699392K), [Metaspace: 43873K->43873K(1087488K)], 0.0658099 secs] [Times: user=0.71 sys=0.02, real=0.07 secs] 
2016-09-25T21:50:26.503-0400: 108.570: [Full GC (Ergonomics) [PSYoungGen: 88064K->0K(175104K)] [ParOldGen: 523127K->516833K(524288K)] 611191K->516833K(699392K), [Metaspace: 43873K->43873K(1087488K)], 0.0724433 secs] [Times: user=0.75 sys=0.00, real=0.07 secs] 
2016-09-25T21:50:26.655-0400: 108.722: [GC (GCLocker Initiated GC) [PSYoungGen: 88064K->62601K(175104K)] 607690K->582228K(699392K), 0.0089730 secs] [Times: user=0.12 sys=0.00, real=0.01 secs] 
2016-09-25T21:50:26.723-0400: 108.790: [GC (GCLocker Initiated GC) [PSYoungGen: 150665K->80820K(175104K)] 670423K->600578K(699392K), 0.0102414 secs] [Times: user=0.15 sys=0.00, real=0.00 secs] 
2016-09-25T21:50:26.795-0400: 108.862: [GC (GCLocker Initiated GC) --[PSYoungGen: 168884K->168884K(175104K)] 688752K->691073K(699392K), 0.0275774 secs] [Times: user=0.34 sys=0.01, real=0.03 secs] 
2016-09-25T21:50:26.822-0400: 108.889: [Full GC (Ergonomics) [PSYoungGen: 168884K->0K(175104K)] [ParOldGen: 522188K->521990K(524288K)] 691073K->521990K(699392K), [Metaspace: 43873K->43873K(1087488K)], 0.0699688 secs] [Times: user=0.64 sys=0.00, real=0.06 secs] 
2016-09-25T21:50:26.953-0400: 109.021: [Full GC (Ergonomics) [PSYoungGen: 88064K->0K(175104K)] [ParOldGen: 522051K->511858K(524288K)] 610115K->511858K(699392K), [Metaspace: 43873K->43873K(1087488K)], 0.0533278 secs] [Times: user=0.37 sys=0.01, real=0.06 secs] 
2016-09-25T21:50:27.086-0400: 109.154: [Full GC (Ergonomics) [PSYoungGen: 88064K->0K(175104K)] [ParOldGen: 522855K->510183K(524288K)] 610919K->510183K(699392K), [Metaspace: 43873K->43873K(1087488K)], 0.0982844 secs] [Times: user=0.99 sys=0.00, real=0.10 secs] 
2016-09-25T21:50:27.264-0400: 109.331: [GC (GCLocker Initiated GC) [PSYoungGen: 88064K->31433K(175104K)] 605068K->548438K(699392K), 0.0095207 secs] [Times: user=0.09 sys=0.00, real=0.00 secs] 
2016-09-25T21:50:27.339-0400: 109.406: [GC (GCLocker Initiated GC) [PSYoungGen: 119497K->34999K(175104K)] 636543K->557541K(699392K), 0.0102175 secs] [Times: user=0.08 sys=0.01, real=0.01 secs] 
2016-09-25T21:50:27.349-0400: 109.416: [Full GC (Ergonomics) [PSYoungGen: 34999K->0K(175104K)] [ParOldGen: 522541K->511966K(524288K)] 557541K->511966K(699392K), [Metaspace: 43873K->43873K(1087488K)], 0.0605123 secs] [Times: user=0.54 sys=0.00, real=0.06 secs] 
2016-09-25T21:50:27.477-0400: 109.545: [GC (GCLocker Initiated GC) [PSYoungGen: 88064K->36770K(175104K)] 602732K->551439K(699392K), 0.0131719 secs] [Times: user=0.14 sys=0.01, real=0.01 secs] 
2016-09-25T21:50:27.548-0400: 109.615: [GC (GCLocker Initiated GC) [PSYoungGen: 124834K->55410K(175104K)] 642227K->574362K(699392K), 0.0061538 secs] [Times: user=0.07 sys=0.00, real=0.01 secs] 
2016-09-25T21:50:27.610-0400: 109.677: [Full GC (Ergonomics) [PSYoungGen: 143474K->0K(175104K)] [ParOldGen: 521724K->514514K(524288K)] 665199K->514514K(699392K), [Metaspace: 43873K->43873K(1087488K)], 0.0662034 secs] [Times: user=0.59 sys=0.01, real=0.07 secs] 
2016-09-25T21:50:27.749-0400: 109.816: [GC (GCLocker Initiated GC) [PSYoungGen: 88064K->49252K(175104K)] 602706K->563894K(699392K), 0.0072205 secs] [Times: user=0.07 sys=0.00, real=0.01 secs] 
2016-09-25T21:50:27.817-0400: 109.884: [GC (GCLocker Initiated GC) [PSYoungGen: 137316K->42001K(175104K)] 656098K->562312K(699392K), 0.0067437 secs] [Times: user=0.07 sys=0.00, real=0.01 secs] 
2016-09-25T21:50:27.823-0400: 109.891: [Full GC (Ergonomics) [PSYoungGen: 42001K->0K(175104K)] [ParOldGen: 520311K->513428K(524288K)] 562312K->513428K(699392K), [Metaspace: 43873K->43873K(1087488K)], 0.0548343 secs] [Times: user=0.51 sys=0.00, real=0.05 secs] 
2016-09-25T21:50:27.943-0400: 110.011: [GC (GCLocker Initiated GC) [PSYoungGen: 88064K->50431K(175104K)] 607057K->569425K(699392K), 0.0211127 secs] [Times: user=0.32 sys=0.00, real=0.02 secs] 
2016-09-25T21:50:28.042-0400: 110.109: [Full GC (Ergonomics) [PSYoungGen: 138495K->0K(175104K)] [ParOldGen: 520403K->514968K(524288K)] 658899K->514968K(699392K), [Metaspace: 43873K->43873K(1087488K)], 0.0683586 secs] [Times: user=0.56 sys=0.04, real=0.07 secs] 
2016-09-25T21:50:28.170-0400: 110.237: [GC (GCLocker Initiated GC) [PSYoungGen: 88064K->62583K(175104K)] 603069K->577588K(699392K), 0.0073345 secs] [Times: user=0.08 sys=0.00, real=0.01 secs] 
2016-09-25T21:50:28.241-0400: 110.308: [GC (GCLocker Initiated GC) --[PSYoungGen: 150647K->150647K(175104K)] 665720K->673878K(699392K), 0.0266145 secs] [Times: user=0.29 sys=0.00, real=0.03 secs] 
2016-09-25T21:50:28.267-0400: 110.335: [Full GC (Ergonomics) [PSYoungGen: 150647K->0K(175104K)] [ParOldGen: 523231K->522021K(524288K)] 673878K->522021K(699392K), [Metaspace: 43873K->43873K(1087488K)], 0.0657597 secs] [Times: user=0.64 sys=0.01, real=0.06 secs] 
2016-09-25T21:50:28.409-0400: 110.476: [Full GC (Ergonomics) [PSYoungGen: 88064K->0K(175104K)] [ParOldGen: 522199K->520100K(524288K)] 610263K->520100K(699392K), [Metaspace: 43873K->43873K(1087488K)], 0.0587716 secs] [Times: user=0.60 sys=0.00, real=0.06 secs] 
2016-09-25T21:50:28.534-0400: 110.601: [Full GC (Ergonomics) [PSYoungGen: 87997K->0K(175104K)] [ParOldGen: 522800K->518329K(524288K)] 610798K->518329K(699392K), [Metaspace: 43873K->43873K(1087488K)], 0.0567900 secs] [Times: user=0.51 sys=0.00, real=0.05 secs] 
2016-09-25T21:50:28.651-0400: 110.718: [Full GC (Ergonomics) [PSYoungGen: 88064K->0K(175104K)] [ParOldGen: 523847K->521829K(524288K)] 611911K->521829K(699392K), [Metaspace: 43873K->43873K(1087488K)], 0.0524904 secs] [Times: user=0.52 sys=0.00, real=0.06 secs] 
2016-09-25T21:50:28.763-0400: 110.830: [Full GC (Ergonomics) [PSYoungGen: 88064K->0K(175104K)] [ParOldGen: 521877K->522606K(524288K)] 609941K->522606K(699392K), [Metaspace: 43873K->43873K(1087488K)], 0.0699463 secs] [Times: user=0.65 sys=0.00, real=0.06 secs] 
2016-09-25T21:50:28.893-0400: 110.960: [Full GC (Ergonomics) [PSYoungGen: 87899K->0K(175104K)] [ParOldGen: 522606K->520750K(524288K)] 610505K->520750K(699392K), [Metaspace: 43873K->43873K(1087488K)], 0.0605082 secs] [Times: user=0.63 sys=0.00, real=0.06 secs] 
2016-09-25T21:50:29.015-0400: 111.082: [Full GC (Ergonomics) [PSYoungGen: 87359K->0K(175104K)] [ParOldGen: 522100K->518957K(524288K)] 609459K->518957K(699392K), [Metaspace: 43873K->43873K(1087488K)], 0.0685082 secs] [Times: user=0.76 sys=0.00, real=0.07 secs] 
2016-09-25T21:50:29.144-0400: 111.211: [Full GC (Ergonomics) [PSYoungGen: 88064K->4117K(175104K)] [ParOldGen: 521685K->522925K(524288K)] 609749K->527043K(699392K), [Metaspace: 43873K->43873K(1087488K)], 0.1089665 secs] [Times: user=1.29 sys=0.01, real=0.10 secs] 
2016-09-25T21:50:29.317-0400: 111.384: [Full GC (Ergonomics) [PSYoungGen: 86621K->2726K(175104K)] [ParOldGen: 522925K->522329K(524288K)] 609547K->525056K(699392K), [Metaspace: 43873K->43873K(1087488K)], 0.1530201 secs] [Times: user=2.08 sys=0.01, real=0.15 secs] 
2016-09-25T21:50:29.537-0400: 111.604: [Full GC (Ergonomics) [PSYoungGen: 85670K->2700K(175104K)] [ParOldGen: 522329K->522967K(524288K)] 607999K->525667K(699392K), [Metaspace: 43873K->43873K(1087488K)], 0.1509685 secs] [Times: user=2.13 sys=0.01, real=0.15 secs] 
2016-09-25T21:50:29.751-0400: 111.818: [Full GC (Ergonomics) [PSYoungGen: 88064K->2700K(175104K)] [ParOldGen: 523214K->523521K(524288K)] 611278K->526221K(699392K), [Metaspace: 43873K->43873K(1087488K)], 0.1671260 secs] [Times: user=2.28 sys=0.01, real=0.17 secs] 
2016-09-25T21:50:29.978-0400: 112.045: [Full GC (Ergonomics) [PSYoungGen: 88064K->2704K(175104K)] [ParOldGen: 523713K->524117K(524288K)] 611777K->526821K(699392K), [Metaspace: 43873K->43873K(1087488K)], 0.1541831 secs] [Times: user=2.33 sys=0.04, real=0.15 secs] 
2016-09-25T21:50:30.212-0400: 112.279: [Full GC (Ergonomics) [PSYoungGen: 88064K->2767K(175104K)] [ParOldGen: 524173K->521936K(524288K)] 612237K->524703K(699392K), [Metaspace: 43873K->43873K(1087488K)], 0.1535666 secs] [Times: user=2.12 sys=0.01, real=0.16 secs] 
2016-09-25T21:50:30.433-0400: 112.500: [Full GC (Ergonomics) [PSYoungGen: 88014K->0K(175104K)] [ParOldGen: 523061K->521558K(524288K)] 611076K->521558K(699392K), [Metaspace: 43873K->43873K(1087488K)], 0.0549441 secs] [Times: user=0.51 sys=0.00, real=0.06 secs] 
2016-09-25T21:50:30.546-0400: 112.614: [Full GC (Ergonomics) [PSYoungGen: 88064K->2721K(175104K)] [ParOldGen: 521682K->522871K(524288K)] 609746K->525592K(699392K), [Metaspace: 43873K->43873K(1087488K)], 0.1600695 secs] [Times: user=2.42 sys=0.01, real=0.16 secs] 
2016-09-25T21:50:30.775-0400: 112.843: [Full GC (Ergonomics) [PSYoungGen: 88064K->0K(175104K)] [ParOldGen: 522900K->523649K(524288K)] 610964K->523649K(699392K), [Metaspace: 43873K->43873K(1087488K)], 0.0660985 secs] [Times: user=0.68 sys=0.01, real=0.06 secs] 
2016-09-25T21:50:30.903-0400: 112.970: [Full GC (Ergonomics) [PSYoungGen: 85649K->5467K(175104K)] [ParOldGen: 523649K->524134K(524288K)] 609299K->529601K(699392K), [Metaspace: 43873K->43873K(1087488K)], 0.1585558 secs] [Times: user=1.87 sys=0.03, real=0.15 secs] 
2016-09-25T21:50:31.120-0400: 113.187: [Full GC (Ergonomics) [PSYoungGen: 88064K->5401K(175104K)] [ParOldGen: 524181K->522094K(524288K)] 612245K->527495K(699392K), [Metaspace: 43873K->43873K(1087488K)], 0.1589910 secs] [Times: user=2.23 sys=0.03, real=0.16 secs] 
2016-09-25T21:50:31.331-0400: 113.398: [Full GC (Ergonomics) [PSYoungGen: 88064K->10917K(175104K)] [ParOldGen: 523471K->522722K(524288K)] 611535K->533639K(699392K), [Metaspace: 43873K->43873K(1087488K)], 0.1413473 secs] [Times: user=1.89 sys=0.01, real=0.14 secs] 
2016-09-25T21:50:31.532-0400: 113.599: [Full GC (Ergonomics) [PSYoungGen: 88064K->11007K(175104K)] [ParOldGen: 522723K->523216K(524288K)] 610787K->534224K(699392K), [Metaspace: 43873K->43873K(1087488K)], 0.1436695 secs] [Times: user=2.02 sys=0.01, real=0.15 secs] 
2016-09-25T21:50:31.740-0400: 113.807: [Full GC (Ergonomics) [PSYoungGen: 86151K->4218K(175104K)] [ParOldGen: 523216K->522112K(524288K)] 609367K->526331K(699392K), [Metaspace: 43873K->43873K(1087488K)], 0.1565809 secs] [Times: user=2.18 sys=0.01, real=0.16 secs] 
2016-09-25T21:50:31.964-0400: 114.031: [Full GC (Ergonomics) [PSYoungGen: 87805K->2700K(175104K)] [ParOldGen: 523463K->524080K(524288K)] 611268K->526780K(699392K), [Metaspace: 43873K->43873K(1087488K)], 0.1437449 secs] [Times: user=2.05 sys=0.01, real=0.14 secs] 
2016-09-25T21:50:32.172-0400: 114.239: [Full GC (Ergonomics) [PSYoungGen: 87451K->3074K(175104K)] [ParOldGen: 524080K->522890K(524288K)] 611531K->525964K(699392K), [Metaspace: 43874K->43874K(1087488K)], 0.1381081 secs] [Times: user=1.80 sys=0.01, real=0.14 secs] 
2016-09-25T21:50:32.366-0400: 114.433: [Full GC (Ergonomics) [PSYoungGen: 86687K->4050K(175104K)] [ParOldGen: 522890K->523446K(524288K)] 609577K->527496K(699392K), [Metaspace: 43874K->43874K(1087488K)], 0.1455764 secs] [Times: user=1.63 sys=0.03, real=0.14 secs] 
2016-09-25T21:50:32.571-0400: 114.638: [Full GC (Ergonomics) [PSYoungGen: 88064K->5404K(175104K)] [ParOldGen: 523712K->523816K(524288K)] 611776K->529221K(699392K), [Metaspace: 43874K->43874K(1087488K)], 0.1685542 secs] [Times: user=1.89 sys=0.03, real=0.17 secs] 
2016-09-25T21:50:32.798-0400: 114.865: [Full GC (Ergonomics) [PSYoungGen: 85602K->9516K(175104K)] [ParOldGen: 523816K->524066K(524288K)] 609419K->533582K(699392K), [Metaspace: 43874K->43874K(1087488K)], 0.1519895 secs] [Times: user=2.03 sys=0.01, real=0.15 secs] 
2016-09-25T21:50:33.018-0400: 115.085: [Full GC (Ergonomics) [PSYoungGen: 85475K->6850K(175104K)] [ParOldGen: 524066K->521616K(524288K)] 609541K->528467K(699392K), [Metaspace: 43874K->43874K(1087488K)], 0.1446651 secs] [Times: user=1.90 sys=0.02, real=0.15 secs] 
2016-09-25T21:50:33.214-0400: 115.281: [Full GC (Ergonomics) [PSYoungGen: 85589K->2700K(175104K)] [ParOldGen: 521616K->523479K(524288K)] 607206K->526180K(699392K), [Metaspace: 43884K->43884K(1087488K)], 0.1957350 secs] [Times: user=2.76 sys=0.02, real=0.19 secs] 
2016-09-25T21:50:37.120-0400: 119.187: [Full GC (Ergonomics) [PSYoungGen: 88064K->0K(175104K)] [ParOldGen: 523479K->452547K(524288K)] 611543K->452547K(699392K), [Metaspace: 43924K->43924K(1087488K)], 0.0912329 secs] [Times: user=0.83 sys=0.01, real=0.09 secs] 
2016-09-25T21:50:42.889-0400: 124.956: [GC (Allocation Failure) [PSYoungGen: 88064K->21957K(175104K)] 540611K->474504K(699392K), 0.0100515 secs] [Times: user=0.10 sys=0.00, real=0.01 secs] 
2016-09-25T21:50:48.532-0400: 130.599: [GC (Allocation Failure) [PSYoungGen: 110020K->22245K(175104K)] 562568K->496510K(699392K), 0.0083162 secs] [Times: user=0.06 sys=0.01, real=0.01 secs] 
2016-09-25T21:50:54.114-0400: 136.181: [GC (Allocation Failure) [PSYoungGen: 110309K->23141K(175104K)] 584574K->519411K(699392K), 0.0290849 secs] [Times: user=0.06 sys=0.05, real=0.04 secs] 
2016-09-25T21:50:59.835-0400: 141.902: [GC (Allocation Failure) [PSYoungGen: 111205K->23077K(175104K)] 607475K->542232K(699392K), 0.0185185 secs] [Times: user=0.15 sys=0.02, real=0.01 secs] 
2016-09-25T21:50:59.853-0400: 141.920: [Full GC (Ergonomics) [PSYoungGen: 23077K->0K(175104K)] [ParOldGen: 519155K->422430K(524288K)] 542232K->422430K(699392K), [Metaspace: 43960K->43960K(1087488K)], 0.1092483 secs] [Times: user=1.11 sys=0.01, real=0.12 secs] 
