Java HotSpot(TM) 64-Bit Server VM (25.101-b13) for linux-amd64 JRE (1.8.0_101-b13), built on Jun 22 2016 02:59:44 by "java_re" with gcc 4.3.0 20080428 (Red Hat 4.3.0-8)
Memory: 4k page, physical 264122320k(89402952k free), swap 268399612k(268399612k free)
CommandLine flags: -XX:GCLogFileSize=1048576 -XX:+HeapDumpOnOutOfMemoryError -XX:HeapDumpPath=artifacts/heapdump -XX:InitialHeapSize=805306368 -XX:MaxHeapSize=805306368 -XX:NumberOfGCLogFiles=10 -XX:+PrintGC -XX:+PrintGCDateStamps -XX:+PrintGCDetails -XX:+PrintGCTimeStamps -XX:+UseCompressedClassPointers -XX:+UseCompressedOops -XX:+UseGCLogFileRotation -XX:+UseParallelGC 
2016-09-25T23:06:31.677-0400: 2.175: [GC (Metadata GC Threshold) [PSYoungGen: 121899K->15566K(229376K)] 121899K->15654K(753664K), 0.0209285 secs] [Times: user=0.07 sys=0.06, real=0.02 secs] 
2016-09-25T23:06:31.698-0400: 2.196: [Full GC (Metadata GC Threshold) [PSYoungGen: 15566K->0K(229376K)] [ParOldGen: 88K->14600K(354816K)] 15654K->14600K(584192K), [Metaspace: 21080K->21080K(1067008K)], 0.0548959 secs] [Times: user=0.47 sys=0.00, real=0.05 secs] 
2016-09-25T23:06:33.544-0400: 4.042: [GC (Metadata GC Threshold) [PSYoungGen: 125240K->15378K(229376K)] 139840K->30115K(584192K), 0.0174662 secs] [Times: user=0.11 sys=0.04, real=0.01 secs] 
2016-09-25T23:06:33.562-0400: 4.059: [Full GC (Metadata GC Threshold) [PSYoungGen: 15378K->0K(229376K)] [ParOldGen: 14736K->20830K(524288K)] 30115K->20830K(753664K), [Metaspace: 35068K->35068K(1079296K)], 0.0649286 secs] [Times: user=0.52 sys=0.02, real=0.07 secs] 
2016-09-25T23:06:35.219-0400: 5.716: [GC (GCLocker Initiated GC) [PSYoungGen: 194371K->32759K(229376K)] 236802K->90530K(753664K), 0.0125151 secs] [Times: user=0.18 sys=0.00, real=0.01 secs] 
2016-09-25T23:06:35.519-0400: 6.017: [GC (GCLocker Initiated GC) [PSYoungGen: 229367K->32762K(229376K)] 287180K->149365K(753664K), 0.0123576 secs] [Times: user=0.13 sys=0.07, real=0.01 secs] 
2016-09-25T23:06:35.622-0400: 6.119: [GC (GCLocker Initiated GC) [PSYoungGen: 229370K->32758K(229376K)] 351622K->202798K(753664K), 0.0116131 secs] [Times: user=0.14 sys=0.04, real=0.00 secs] 
2016-09-25T23:06:35.729-0400: 6.226: [GC (GCLocker Initiated GC) [PSYoungGen: 229366K->32755K(120832K)] 404846K->257383K(645120K), 0.0094605 secs] [Times: user=0.13 sys=0.02, real=0.01 secs] 
2016-09-25T23:06:35.797-0400: 6.295: [GC (GCLocker Initiated GC) [PSYoungGen: 120819K->87030K(175104K)] 355001K->329397K(699392K), 0.0121724 secs] [Times: user=0.17 sys=0.04, real=0.01 secs] 
2016-09-25T23:06:35.876-0400: 6.373: [GC (GCLocker Initiated GC) [PSYoungGen: 175094K->62133K(175104K)] 433768K->328481K(699392K), 0.0093263 secs] [Times: user=0.14 sys=0.00, real=0.01 secs] 
2016-09-25T23:06:35.917-0400: 6.414: [GC (GCLocker Initiated GC) [PSYoungGen: 150197K->86209K(175104K)] 419397K->381630K(699392K), 0.0093839 secs] [Times: user=0.14 sys=0.00, real=0.01 secs] 
2016-09-25T23:06:35.965-0400: 6.462: [GC (GCLocker Initiated GC) [PSYoungGen: 174273K->84651K(175104K)] 470554K->413678K(699392K), 0.0103553 secs] [Times: user=0.14 sys=0.03, real=0.01 secs] 
2016-09-25T23:06:36.017-0400: 6.514: [GC (GCLocker Initiated GC) [PSYoungGen: 172715K->52004K(175104K)] 505694K->420508K(699392K), 0.0084274 secs] [Times: user=0.09 sys=0.03, real=0.01 secs] 
2016-09-25T23:06:36.047-0400: 6.545: [GC (GCLocker Initiated GC) [PSYoungGen: 140068K->68318K(175104K)] 508695K->487203K(699392K), 0.0113492 secs] [Times: user=0.14 sys=0.05, real=0.01 secs] 
2016-09-25T23:06:36.097-0400: 6.594: [GC (GCLocker Initiated GC) [PSYoungGen: 156382K->41157K(175104K)] 578227K->487639K(699392K), 0.0080241 secs] [Times: user=0.06 sys=0.04, real=0.01 secs] 
2016-09-25T23:06:36.136-0400: 6.633: [GC (GCLocker Initiated GC) [PSYoungGen: 129221K->65682K(175104K)] 581217K->539566K(699392K), 0.0083782 secs] [Times: user=0.11 sys=0.01, real=0.01 secs] 
2016-09-25T23:06:36.145-0400: 6.642: [Full GC (Ergonomics) [PSYoungGen: 65682K->0K(175104K)] [ParOldGen: 473884K->75868K(524288K)] 539566K->75868K(699392K), [Metaspace: 42919K->42883K(1085440K)], 0.2009459 secs] [Times: user=2.98 sys=0.07, real=0.20 secs] 
2016-09-25T23:06:36.393-0400: 6.890: [GC (GCLocker Initiated GC) [PSYoungGen: 88064K->75181K(175104K)] 166773K->153899K(699392K), 0.0070421 secs] [Times: user=0.11 sys=0.00, real=0.01 secs] 
2016-09-25T23:06:36.433-0400: 6.930: [GC (GCLocker Initiated GC) [PSYoungGen: 163245K->77768K(175104K)] 244770K->173191K(699392K), 0.0101414 secs] [Times: user=0.11 sys=0.00, real=0.02 secs] 
2016-09-25T23:06:36.484-0400: 6.981: [GC (GCLocker Initiated GC) [PSYoungGen: 165832K->54832K(175104K)] 272202K->173702K(699392K), 0.0063593 secs] [Times: user=0.05 sys=0.01, real=0.00 secs] 
2016-09-25T23:06:36.524-0400: 7.022: [GC (GCLocker Initiated GC) [PSYoungGen: 142896K->56232K(175104K)] 264564K->210613K(699392K), 0.0066116 secs] [Times: user=0.10 sys=0.00, real=0.00 secs] 
2016-09-25T23:06:36.561-0400: 7.058: [GC (GCLocker Initiated GC) [PSYoungGen: 144296K->77879K(175104K)] 298850K->253040K(699392K), 0.0084220 secs] [Times: user=0.13 sys=0.00, real=0.01 secs] 
2016-09-25T23:06:36.611-0400: 7.108: [GC (GCLocker Initiated GC) [PSYoungGen: 165943K->64300K(175104K)] 349279K->269597K(699392K), 0.0098501 secs] [Times: user=0.13 sys=0.01, real=0.01 secs] 
2016-09-25T23:06:36.662-0400: 7.159: [GC (Allocation Failure) [PSYoungGen: 152364K->71067K(175104K)] 367139K->299679K(699392K), 0.0077550 secs] [Times: user=0.10 sys=0.01, real=0.01 secs] 
2016-09-25T23:06:36.704-0400: 7.201: [GC (GCLocker Initiated GC) [PSYoungGen: 159131K->76450K(175104K)] 387759K->321611K(699392K), 0.0086517 secs] [Times: user=0.13 sys=0.00, real=0.00 secs] 
2016-09-25T23:06:36.746-0400: 7.243: [GC (GCLocker Initiated GC) [PSYoungGen: 164514K->76497K(175104K)] 417998K->351860K(699392K), 0.0077555 secs] [Times: user=0.11 sys=0.01, real=0.00 secs] 
2016-09-25T23:06:36.788-0400: 7.285: [GC (GCLocker Initiated GC) [PSYoungGen: 164561K->57436K(175104K)] 440141K->357667K(699392K), 0.0092220 secs] [Times: user=0.12 sys=0.01, real=0.01 secs] 
2016-09-25T23:06:36.828-0400: 7.325: [GC (GCLocker Initiated GC) [PSYoungGen: 145500K->64300K(175104K)] 448570K->386555K(699392K), 0.0097030 secs] [Times: user=0.14 sys=0.01, real=0.01 secs] 
2016-09-25T23:06:36.872-0400: 7.369: [GC (GCLocker Initiated GC) [PSYoungGen: 152364K->43968K(175104K)] 474718K->412555K(699392K), 0.0091599 secs] [Times: user=0.11 sys=0.02, real=0.01 secs] 
2016-09-25T23:06:36.908-0400: 7.405: [GC (GCLocker Initiated GC) [PSYoungGen: 132032K->79263K(175104K)] 504772K->463142K(699392K), 0.0074297 secs] [Times: user=0.09 sys=0.01, real=0.01 secs] 
2016-09-25T23:06:36.950-0400: 7.447: [GC (GCLocker Initiated GC) [PSYoungGen: 167327K->54786K(175104K)] 551331K->468923K(699392K), 0.0077786 secs] [Times: user=0.08 sys=0.03, real=0.01 secs] 
2016-09-25T23:06:36.986-0400: 7.483: [GC (GCLocker Initiated GC) [PSYoungGen: 142850K->72528K(175104K)] 559766K->523540K(699392K), 0.0095542 secs] [Times: user=0.12 sys=0.02, real=0.01 secs] 
2016-09-25T23:06:37.031-0400: 7.528: [GC (GCLocker Initiated GC) [PSYoungGen: 160592K->46717K(175104K)] 614370K->540066K(699392K), 0.0076696 secs] [Times: user=0.09 sys=0.02, real=0.01 secs] 
2016-09-25T23:06:37.039-0400: 7.536: [Full GC (Ergonomics) [PSYoungGen: 46717K->0K(175104K)] [ParOldGen: 493348K->65019K(524288K)] 540066K->65019K(699392K), [Metaspace: 43041K->43041K(1085440K)], 0.0541723 secs] [Times: user=0.48 sys=0.01, real=0.05 secs] 
2016-09-25T23:06:37.124-0400: 7.621: [GC (GCLocker Initiated GC) [PSYoungGen: 88064K->84614K(175104K)] 153204K->152454K(699392K), 0.0092589 secs] [Times: user=0.14 sys=0.00, real=0.00 secs] 
2016-09-25T23:06:37.163-0400: 7.661: [GC (GCLocker Initiated GC) [PSYoungGen: 172678K->80660K(175104K)] 243305K->177294K(699392K), 0.0080249 secs] [Times: user=0.14 sys=0.00, real=0.00 secs] 
2016-09-25T23:06:37.213-0400: 7.710: [GC (GCLocker Initiated GC) [PSYoungGen: 168724K->64314K(175104K)] 265506K->179100K(699392K), 0.0065220 secs] [Times: user=0.10 sys=0.00, real=0.01 secs] 
2016-09-25T23:06:37.257-0400: 7.754: [GC (GCLocker Initiated GC) [PSYoungGen: 152378K->60153K(175104K)] 274037K->195559K(699392K), 0.0067647 secs] [Times: user=0.08 sys=0.00, real=0.01 secs] 
2016-09-25T23:06:37.302-0400: 7.799: [GC (GCLocker Initiated GC) [PSYoungGen: 148217K->56040K(175104K)] 286372K->232334K(699392K), 0.0211197 secs] [Times: user=0.29 sys=0.01, real=0.03 secs] 
2016-09-25T23:06:37.358-0400: 7.855: [GC (GCLocker Initiated GC) [PSYoungGen: 144104K->57549K(175104K)] 325990K->262702K(699392K), 0.0095000 secs] [Times: user=0.11 sys=0.00, real=0.01 secs] 
2016-09-25T23:06:37.415-0400: 7.912: [GC (GCLocker Initiated GC) [PSYoungGen: 145613K->49460K(175104K)] 362967K->311754K(699392K), 0.0070440 secs] [Times: user=0.08 sys=0.00, real=0.01 secs] 
2016-09-25T23:06:37.466-0400: 7.963: [GC (GCLocker Initiated GC) [PSYoungGen: 137524K->53602K(175104K)] 405322K->350153K(699392K), 0.0068010 secs] [Times: user=0.09 sys=0.00, real=0.00 secs] 
2016-09-25T23:06:37.505-0400: 8.002: [GC (GCLocker Initiated GC) [PSYoungGen: 141666K->60317K(175104K)] 443720K->379022K(699392K), 0.0076292 secs] [Times: user=0.09 sys=0.00, real=0.00 secs] 
2016-09-25T23:06:37.558-0400: 8.055: [GC (GCLocker Initiated GC) [PSYoungGen: 148381K->38620K(175104K)] 471289K->383645K(699392K), 0.0059054 secs] [Times: user=0.07 sys=0.00, real=0.01 secs] 
2016-09-25T23:06:37.600-0400: 8.097: [GC (GCLocker Initiated GC) [PSYoungGen: 126684K->60366K(175104K)] 471786K->435628K(699392K), 0.0077910 secs] [Times: user=0.10 sys=0.00, real=0.01 secs] 
2016-09-25T23:06:37.648-0400: 8.145: [GC (GCLocker Initiated GC) [PSYoungGen: 148430K->60554K(174080K)] 529238K->458031K(698368K), 0.0118714 secs] [Times: user=0.14 sys=0.00, real=0.01 secs] 
2016-09-25T23:06:37.696-0400: 8.194: [GC (GCLocker Initiated GC) [PSYoungGen: 148618K->48106K(174592K)] 546250K->476132K(698880K), 0.0076130 secs] [Times: user=0.09 sys=0.00, real=0.01 secs] 
2016-09-25T23:06:37.735-0400: 8.232: [GC (GCLocker Initiated GC) [PSYoungGen: 136170K->69990K(173568K)] 566955K->534982K(697856K), 0.0078003 secs] [Times: user=0.11 sys=0.00, real=0.01 secs] 
2016-09-25T23:06:37.782-0400: 8.280: [GC (GCLocker Initiated GC) [PSYoungGen: 158054K->75372K(175104K)] 627320K->558766K(699392K), 0.0067563 secs] [Times: user=0.08 sys=0.00, real=0.00 secs] 
2016-09-25T23:06:37.789-0400: 8.287: [Full GC (Ergonomics) [PSYoungGen: 75372K->0K(175104K)] [ParOldGen: 483394K->73056K(524288K)] 558766K->73056K(699392K), [Metaspace: 43262K->43262K(1085440K)], 0.0469292 secs] [Times: user=0.41 sys=0.05, real=0.05 secs] 
2016-09-25T23:06:37.870-0400: 8.368: [GC (GCLocker Initiated GC) [PSYoungGen: 88064K->68516K(175104K)] 162778K->143239K(699392K), 0.0069283 secs] [Times: user=0.10 sys=0.00, real=0.01 secs] 
2016-09-25T23:06:37.911-0400: 8.409: [GC (GCLocker Initiated GC) [PSYoungGen: 156580K->72563K(175104K)] 235146K->173337K(699392K), 0.0098135 secs] [Times: user=0.15 sys=0.00, real=0.01 secs] 
2016-09-25T23:06:37.957-0400: 8.454: [GC (GCLocker Initiated GC) [PSYoungGen: 160627K->71056K(175104K)] 264223K->185961K(699392K), 0.0061915 secs] [Times: user=0.09 sys=0.00, real=0.01 secs] 
2016-09-25T23:06:38.004-0400: 8.501: [GC (GCLocker Initiated GC) [PSYoungGen: 159120K->78009K(175104K)] 282247K->223136K(699392K), 0.0068375 secs] [Times: user=0.08 sys=0.01, real=0.00 secs] 
2016-09-25T23:06:38.057-0400: 8.554: [GC (GCLocker Initiated GC) [PSYoungGen: 166073K->46880K(175104K)] 316753K->239969K(699392K), 0.0070849 secs] [Times: user=0.10 sys=0.00, real=0.01 secs] 
2016-09-25T23:06:38.100-0400: 8.598: [GC (GCLocker Initiated GC) [PSYoungGen: 134944K->73866K(175104K)] 330894K->289233K(699392K), 0.0071377 secs] [Times: user=0.11 sys=0.00, real=0.01 secs] 
2016-09-25T23:06:38.139-0400: 8.637: [GC (GCLocker Initiated GC) [PSYoungGen: 161930K->85994K(175104K)] 384278K->323621K(699392K), 0.0125038 secs] [Times: user=0.09 sys=0.00, real=0.01 secs] 
2016-09-25T23:06:38.193-0400: 8.690: [GC (GCLocker Initiated GC) [PSYoungGen: 174058K->64352K(175104K)] 417224K->324329K(699392K), 0.0077385 secs] [Times: user=0.10 sys=0.00, real=0.01 secs] 
2016-09-25T23:06:38.231-0400: 8.729: [GC (GCLocker Initiated GC) [PSYoungGen: 152416K->69880K(175104K)] 412488K->343854K(699392K), 0.0069637 secs] [Times: user=0.09 sys=0.01, real=0.01 secs] 
2016-09-25T23:06:38.273-0400: 8.770: [GC (GCLocker Initiated GC) [PSYoungGen: 157944K->57534K(175104K)] 438741K->357733K(699392K), 0.0079147 secs] [Times: user=0.06 sys=0.00, real=0.01 secs] 
2016-09-25T23:06:38.322-0400: 8.820: [GC (GCLocker Initiated GC) [PSYoungGen: 145598K->72516K(175104K)] 448626K->389514K(699392K), 0.0062710 secs] [Times: user=0.09 sys=0.00, real=0.00 secs] 
2016-09-25T23:06:38.363-0400: 8.860: [GC (GCLocker Initiated GC) [PSYoungGen: 160580K->63112K(175104K)] 481791K->406433K(699392K), 0.0070691 secs] [Times: user=0.08 sys=0.01, real=0.00 secs] 
2016-09-25T23:06:38.405-0400: 8.902: [GC (GCLocker Initiated GC) [PSYoungGen: 151176K->73880K(175104K)] 498627K->439417K(699392K), 0.0069515 secs] [Times: user=0.10 sys=0.01, real=0.00 secs] 
2016-09-25T23:06:38.453-0400: 8.950: [GC (GCLocker Initiated GC) [PSYoungGen: 161944K->61698K(175104K)] 528884K->462925K(699392K), 0.0077468 secs] [Times: user=0.11 sys=0.01, real=0.01 secs] 
2016-09-25T23:06:38.493-0400: 8.991: [GC (GCLocker Initiated GC) [PSYoungGen: 149762K->59080K(175104K)] 551237K->497597K(699392K), 0.0071762 secs] [Times: user=0.10 sys=0.00, real=0.01 secs] 
2016-09-25T23:06:38.535-0400: 9.032: [GC (GCLocker Initiated GC) [PSYoungGen: 147144K->58009K(175104K)] 602085K->541835K(699392K), 0.0082957 secs] [Times: user=0.10 sys=0.00, real=0.01 secs] 
2016-09-25T23:06:38.544-0400: 9.041: [Full GC (Ergonomics) [PSYoungGen: 58009K->0K(175104K)] [ParOldGen: 483825K->79786K(524288K)] 541835K->79786K(699392K), [Metaspace: 43297K->43297K(1085440K)], 0.0578977 secs] [Times: user=0.43 sys=0.01, real=0.05 secs] 
2016-09-25T23:06:38.640-0400: 9.137: [GC (GCLocker Initiated GC) [PSYoungGen: 88064K->63038K(173056K)] 169263K->144246K(697344K), 0.0053222 secs] [Times: user=0.07 sys=0.00, real=0.01 secs] 
2016-09-25T23:06:38.676-0400: 9.173: [GC (GCLocker Initiated GC) [PSYoungGen: 151102K->79216K(174080K)] 240556K->184055K(698368K), 0.0082260 secs] [Times: user=0.12 sys=0.00, real=0.01 secs] 
2016-09-25T23:06:38.722-0400: 9.219: [GC (GCLocker Initiated GC) [PSYoungGen: 167280K->45530K(175104K)] 278400K->181473K(699392K), 0.0098185 secs] [Times: user=0.15 sys=0.00, real=0.01 secs] 
2016-09-25T23:06:38.766-0400: 9.264: [GC (GCLocker Initiated GC) [PSYoungGen: 133594K->76488K(175104K)] 269630K->225163K(699392K), 0.0068379 secs] [Times: user=0.10 sys=0.01, real=0.00 secs] 
2016-09-25T23:06:38.808-0400: 9.306: [GC (GCLocker Initiated GC) [PSYoungGen: 164552K->63222K(175104K)] 313371K->251663K(699392K), 0.0077873 secs] [Times: user=0.13 sys=0.00, real=0.01 secs] 
2016-09-25T23:06:38.854-0400: 9.351: [GC (GCLocker Initiated GC) [PSYoungGen: 151286K->63052K(175104K)] 339827K->275181K(699392K), 0.0067520 secs] [Times: user=0.10 sys=0.01, real=0.01 secs] 
2016-09-25T23:06:38.897-0400: 9.394: [GC (GCLocker Initiated GC) [PSYoungGen: 151116K->65844K(173056K)] 365986K->300126K(697344K), 0.0072470 secs] [Times: user=0.10 sys=0.00, real=0.01 secs] 
2016-09-25T23:06:38.936-0400: 9.434: [GC (GCLocker Initiated GC) [PSYoungGen: 153908K->78186K(174080K)] 388238K->332036K(698368K), 0.0076362 secs] [Times: user=0.14 sys=0.00, real=0.01 secs] 
2016-09-25T23:06:38.981-0400: 9.478: [GC (GCLocker Initiated GC) [PSYoungGen: 166250K->67145K(175104K)] 424267K->347469K(699392K), 0.0069518 secs] [Times: user=0.11 sys=0.00, real=0.01 secs] 
2016-09-25T23:06:39.028-0400: 9.525: [GC (GCLocker Initiated GC) [PSYoungGen: 155209K->71134K(159232K)] 439819K->377908K(683520K), 0.0072827 secs] [Times: user=0.10 sys=0.01, real=0.01 secs] 
2016-09-25T23:06:39.097-0400: 9.594: [GC (GCLocker Initiated GC) [PSYoungGen: 159198K->76521K(174080K)] 468707K->393250K(698368K), 0.0063817 secs] [Times: user=0.07 sys=0.01, real=0.01 secs] 
2016-09-25T23:06:39.145-0400: 9.642: [GC (GCLocker Initiated GC) [PSYoungGen: 164073K->60412K(174592K)] 483674K->416944K(698880K), 0.0073345 secs] [Times: user=0.10 sys=0.00, real=0.00 secs] 
2016-09-25T23:06:39.180-0400: 9.677: [GC (GCLocker Initiated GC) [PSYoungGen: 147964K->75216K(175104K)] 504719K->463586K(699392K), 0.0073682 secs] [Times: user=0.11 sys=0.00, real=0.01 secs] 
2016-09-25T23:06:39.219-0400: 9.716: [GC (GCLocker Initiated GC) [PSYoungGen: 163280K->53566K(175104K)] 557124K->466744K(699392K), 0.0071983 secs] [Times: user=0.07 sys=0.00, real=0.01 secs] 
2016-09-25T23:06:39.261-0400: 9.759: [GC (GCLocker Initiated GC) [PSYoungGen: 141630K->79376K(175104K)] 563010K->514836K(699392K), 0.0069631 secs] [Times: user=0.10 sys=0.00, real=0.01 secs] 
2016-09-25T23:06:39.303-0400: 9.800: [GC (GCLocker Initiated GC) [PSYoungGen: 167440K->79390K(175104K)] 612437K->530379K(699392K), 0.0072198 secs] [Times: user=0.10 sys=0.00, real=0.00 secs] 
2016-09-25T23:06:39.341-0400: 9.839: [GC (GCLocker Initiated GC) [PSYoungGen: 167454K->79266K(175104K)] 618538K->560688K(699392K), 0.0073915 secs] [Times: user=0.11 sys=0.00, real=0.01 secs] 
2016-09-25T23:06:39.349-0400: 9.846: [Full GC (Ergonomics) [PSYoungGen: 79266K->0K(175104K)] [ParOldGen: 481422K->87912K(524288K)] 560688K->87912K(699392K), [Metaspace: 43351K->43351K(1085440K)], 0.0530501 secs] [Times: user=0.43 sys=0.00, real=0.05 secs] 
2016-09-25T23:06:39.426-0400: 9.924: [GC (GCLocker Initiated GC) [PSYoungGen: 88064K->82286K(175104K)] 176073K->170295K(699392K), 0.0062626 secs] [Times: user=0.09 sys=0.00, real=0.00 secs] 
2016-09-25T23:06:39.471-0400: 9.969: [GC (GCLocker Initiated GC) [PSYoungGen: 170350K->51044K(175104K)] 261102K->170956K(699392K), 0.0058816 secs] [Times: user=0.08 sys=0.00, real=0.01 secs] 
2016-09-25T23:06:39.509-0400: 10.007: [GC (GCLocker Initiated GC) [PSYoungGen: 139108K->71404K(175104K)] 265803K->214913K(699392K), 0.0092437 secs] [Times: user=0.12 sys=0.00, real=0.01 secs] 
2016-09-25T23:06:39.549-0400: 10.046: [GC (GCLocker Initiated GC) [PSYoungGen: 159468K->69912K(175104K)] 303051K->223689K(699392K), 0.0078541 secs] [Times: user=0.08 sys=0.00, real=0.01 secs] 
2016-09-25T23:06:39.591-0400: 10.088: [GC (GCLocker Initiated GC) [PSYoungGen: 157976K->57854K(175104K)] 322778K->258362K(699392K), 0.0178498 secs] [Times: user=0.24 sys=0.01, real=0.02 secs] 
2016-09-25T23:06:39.644-0400: 10.142: [GC (GCLocker Initiated GC) [PSYoungGen: 145918K->60174K(175104K)] 349199K->284339K(699392K), 0.0094470 secs] [Times: user=0.10 sys=0.00, real=0.00 secs] 
2016-09-25T23:06:39.682-0400: 10.179: [GC (GCLocker Initiated GC) [PSYoungGen: 148238K->61762K(175104K)] 372530K->324428K(699392K), 0.0071650 secs] [Times: user=0.10 sys=0.01, real=0.00 secs] 
2016-09-25T23:06:39.719-0400: 10.216: [GC (GCLocker Initiated GC) [PSYoungGen: 149826K->65812K(175104K)] 412750K->376542K(699392K), 0.0077160 secs] [Times: user=0.10 sys=0.00, real=0.01 secs] 
2016-09-25T23:06:39.761-0400: 10.259: [GC (GCLocker Initiated GC) [PSYoungGen: 153876K->53616K(175104K)] 467451K->392043K(699392K), 0.0152399 secs] [Times: user=0.18 sys=0.00, real=0.02 secs] 
2016-09-25T23:06:39.812-0400: 10.310: [GC (GCLocker Initiated GC) [PSYoungGen: 141680K->57648K(175104K)] 489598K->431782K(699392K), 0.0081189 secs] [Times: user=0.07 sys=0.00, real=0.01 secs] 
2016-09-25T23:06:39.857-0400: 10.355: [GC (GCLocker Initiated GC) [PSYoungGen: 145712K->84712K(175104K)] 520089K->469110K(699392K), 0.0079256 secs] [Times: user=0.12 sys=0.00, real=0.01 secs] 
2016-09-25T23:06:39.898-0400: 10.395: [GC (GCLocker Initiated GC) [PSYoungGen: 172776K->65606K(175104K)] 559988K->477602K(699392K), 0.0106202 secs] [Times: user=0.12 sys=0.00, real=0.01 secs] 
2016-09-25T23:06:39.939-0400: 10.436: [GC (GCLocker Initiated GC) [PSYoungGen: 153670K->54870K(175104K)] 565724K->499798K(699392K), 0.0089240 secs] [Times: user=0.09 sys=0.00, real=0.01 secs] 
2016-09-25T23:06:39.981-0400: 10.478: [GC (GCLocker Initiated GC) [PSYoungGen: 142934K->67176K(175104K)] 598825K->555954K(699392K), 0.0067238 secs] [Times: user=0.08 sys=0.01, real=0.01 secs] 
2016-09-25T23:06:39.988-0400: 10.485: [Full GC (Ergonomics) [PSYoungGen: 67176K->0K(175104K)] [ParOldGen: 488777K->103218K(524288K)] 555954K->103218K(699392K), [Metaspace: 43381K->43381K(1085440K)], 0.0448781 secs] [Times: user=0.39 sys=0.01, real=0.04 secs] 
2016-09-25T23:06:40.073-0400: 10.570: [GC (GCLocker Initiated GC) [PSYoungGen: 88064K->72626K(175104K)] 200981K->185544K(699392K), 0.0062513 secs] [Times: user=0.09 sys=0.01, real=0.01 secs] 
2016-09-25T23:06:40.110-0400: 10.608: [GC (GCLocker Initiated GC) [PSYoungGen: 160690K->75344K(175104K)] 276476K->201200K(699392K), 0.0064998 secs] [Times: user=0.08 sys=0.00, real=0.01 secs] 
2016-09-25T23:06:40.148-0400: 10.645: [GC (GCLocker Initiated GC) [PSYoungGen: 163408K->77945K(175104K)] 293438K->240973K(699392K), 0.0084516 secs] [Times: user=0.13 sys=0.00, real=0.01 secs] 
2016-09-25T23:06:40.191-0400: 10.688: [GC (GCLocker Initiated GC) [PSYoungGen: 166009K->60398K(175104K)] 329900K->243692K(699392K), 0.0210104 secs] [Times: user=0.29 sys=0.00, real=0.02 secs] 
2016-09-25T23:06:40.234-0400: 10.731: [GC (GCLocker Initiated GC) [PSYoungGen: 148462K->86080K(175104K)] 334577K->313297K(699392K), 0.0181854 secs] [Times: user=0.25 sys=0.00, real=0.02 secs] 
2016-09-25T23:06:40.290-0400: 10.787: [GC (GCLocker Initiated GC) [PSYoungGen: 174144K->51026K(175104K)] 410946K->322144K(699392K), 0.0069060 secs] [Times: user=0.10 sys=0.01, real=0.01 secs] 
2016-09-25T23:06:40.335-0400: 10.832: [GC (GCLocker Initiated GC) [PSYoungGen: 139090K->54961K(175104K)] 426571K->355140K(699392K), 0.0066541 secs] [Times: user=0.06 sys=0.00, real=0.00 secs] 
2016-09-25T23:06:40.374-0400: 10.872: [GC (GCLocker Initiated GC) [PSYoungGen: 143025K->71038K(175104K)] 443310K->385410K(699392K), 0.0081111 secs] [Times: user=0.07 sys=0.00, real=0.01 secs] 
2016-09-25T23:06:40.416-0400: 10.914: [GC (GCLocker Initiated GC) [PSYoungGen: 159102K->64462K(175104K)] 473552K->425326K(699392K), 0.0080548 secs] [Times: user=0.11 sys=0.00, real=0.01 secs] 
2016-09-25T23:06:40.457-0400: 10.954: [GC (GCLocker Initiated GC) [PSYoungGen: 152526K->59076K(175104K)] 519039K->438283K(699392K), 0.0095614 secs] [Times: user=0.09 sys=0.01, real=0.01 secs] 
2016-09-25T23:06:40.505-0400: 11.003: [GC (GCLocker Initiated GC) [PSYoungGen: 147140K->60334K(175104K)] 534507K->479384K(699392K), 0.0071065 secs] [Times: user=0.09 sys=0.00, real=0.00 secs] 
2016-09-25T23:06:40.545-0400: 11.042: [GC (GCLocker Initiated GC) [PSYoungGen: 148398K->69848K(175104K)] 567487K->504269K(699392K), 0.0065721 secs] [Times: user=0.09 sys=0.00, real=0.00 secs] 
2016-09-25T23:06:40.582-0400: 11.079: [GC (GCLocker Initiated GC) [PSYoungGen: 157912K->75308K(175104K)] 595224K->536132K(699392K), 0.0075753 secs] [Times: user=0.11 sys=0.00, real=0.01 secs] 
2016-09-25T23:06:40.629-0400: 11.126: [GC (GCLocker Initiated GC) [PSYoungGen: 163372K->53712K(175104K)] 627212K->550533K(699392K), 0.0074462 secs] [Times: user=0.11 sys=0.00, real=0.01 secs] 
2016-09-25T23:06:40.637-0400: 11.134: [Full GC (Ergonomics) [PSYoungGen: 53712K->0K(175104K)] [ParOldGen: 496821K->96933K(524288K)] 550533K->96933K(699392K), [Metaspace: 43401K->43401K(1085440K)], 0.0470672 secs] [Times: user=0.40 sys=0.00, real=0.05 secs] 
2016-09-25T23:06:40.709-0400: 11.206: [GC (GCLocker Initiated GC) [PSYoungGen: 88064K->86272K(175104K)] 187870K->204979K(699392K), 0.0082023 secs] [Times: user=0.12 sys=0.00, real=0.01 secs] 
2016-09-25T23:06:40.755-0400: 11.252: [GC (GCLocker Initiated GC) [PSYoungGen: 174336K->56407K(175104K)] 305331K->217861K(699392K), 0.0063357 secs] [Times: user=0.09 sys=0.00, real=0.00 secs] 
2016-09-25T23:06:40.794-0400: 11.292: [GC (GCLocker Initiated GC) [PSYoungGen: 144471K->63066K(175104K)] 308751K->250885K(699392K), 0.0071883 secs] [Times: user=0.08 sys=0.00, real=0.00 secs] 
2016-09-25T23:06:40.837-0400: 11.334: [GC (GCLocker Initiated GC) [PSYoungGen: 151130K->61826K(175104K)] 341752K->275907K(699392K), 0.0063259 secs] [Times: user=0.10 sys=0.00, real=0.01 secs] 
2016-09-25T23:06:40.871-0400: 11.368: [GC (GCLocker Initiated GC) [PSYoungGen: 149890K->80786K(175104K)] 380401K->328077K(699392K), 0.0071375 secs] [Times: user=0.10 sys=0.00, real=0.01 secs] 
2016-09-25T23:06:40.920-0400: 11.417: [GC (GCLocker Initiated GC) [PSYoungGen: 168850K->58966K(175104K)] 426462K->338790K(699392K), 0.0060983 secs] [Times: user=0.08 sys=0.01, real=0.01 secs] 
2016-09-25T23:06:40.965-0400: 11.462: [GC (GCLocker Initiated GC) [PSYoungGen: 147030K->56302K(175104K)] 432341K->351508K(699392K), 0.0057866 secs] [Times: user=0.07 sys=0.00, real=0.00 secs] 
2016-09-25T23:06:40.998-0400: 11.495: [GC (GCLocker Initiated GC) [PSYoungGen: 144366K->69894K(175104K)] 439678K->395431K(699392K), 0.0073975 secs] [Times: user=0.07 sys=0.00, real=0.01 secs] 
2016-09-25T23:06:41.035-0400: 11.532: [GC (GCLocker Initiated GC) [PSYoungGen: 157958K->56348K(175104K)] 488955K->425677K(699392K), 0.0079191 secs] [Times: user=0.07 sys=0.00, real=0.01 secs] 
2016-09-25T23:06:41.081-0400: 11.578: [GC (GCLocker Initiated GC) [PSYoungGen: 144412K->57680K(175104K)] 524741K->453389K(699392K), 0.0154532 secs] [Times: user=0.19 sys=0.00, real=0.02 secs] 
2016-09-25T23:06:41.126-0400: 11.623: [GC (GCLocker Initiated GC) [PSYoungGen: 145744K->69958K(175104K)] 541575K->492075K(699392K), 0.0077122 secs] [Times: user=0.08 sys=0.01, real=0.00 secs] 
2016-09-25T23:06:41.170-0400: 11.668: [GC (GCLocker Initiated GC) [PSYoungGen: 158022K->64430K(172032K)] 585648K->523708K(696320K), 0.0076718 secs] [Times: user=0.10 sys=0.00, real=0.01 secs] 
2016-09-25T23:06:41.208-0400: 11.705: [GC (GCLocker Initiated GC) [PSYoungGen: 152494K->63239K(173568K)] 611901K->546129K(697856K), 0.0104209 secs] [Times: user=0.15 sys=0.00, real=0.01 secs] 
2016-09-25T23:06:41.218-0400: 11.716: [Full GC (Ergonomics) [PSYoungGen: 63239K->0K(173568K)] [ParOldGen: 482889K->98424K(524288K)] 546129K->98424K(697856K), [Metaspace: 43401K->43401K(1085440K)], 0.0451441 secs] [Times: user=0.37 sys=0.01, real=0.05 secs] 
2016-09-25T23:06:41.299-0400: 11.797: [GC (GCLocker Initiated GC) [PSYoungGen: 88064K->74296K(175104K)] 186691K->172923K(699392K), 0.0066540 secs] [Times: user=0.07 sys=0.00, real=0.01 secs] 
2016-09-25T23:06:41.338-0400: 11.836: [GC (GCLocker Initiated GC) [PSYoungGen: 165432K->71120K(176640K)] 264200K->195076K(700928K), 0.0071337 secs] [Times: user=0.09 sys=0.00, real=0.01 secs] 
2016-09-25T23:06:41.383-0400: 11.880: [GC (GCLocker Initiated GC) [PSYoungGen: 162256K->59139K(175616K)] 291714K->220107K(699904K), 0.0066128 secs] [Times: user=0.09 sys=0.00, real=0.00 secs] 
2016-09-25T23:06:41.425-0400: 11.922: [GC (GCLocker Initiated GC) [PSYoungGen: 150275K->75293K(166912K)] 311401K->264049K(691200K), 0.0074445 secs] [Times: user=0.10 sys=0.00, real=0.00 secs] 
2016-09-25T23:06:41.462-0400: 11.959: [GC (GCLocker Initiated GC) [PSYoungGen: 166429K->84853K(174592K)] 358152K->298702K(698880K), 0.0068204 secs] [Times: user=0.10 sys=0.01, real=0.01 secs] 
2016-09-25T23:06:41.500-0400: 11.997: [GC (GCLocker Initiated GC) [PSYoungGen: 172917K->63097K(175104K)] 386912K->302009K(699392K), 0.0065407 secs] [Times: user=0.09 sys=0.00, real=0.01 secs] 
2016-09-25T23:06:41.538-0400: 12.035: [GC (GCLocker Initiated GC) [PSYoungGen: 151161K->82057K(175104K)] 395625K->348598K(699392K), 0.0071506 secs] [Times: user=0.10 sys=0.00, real=0.01 secs] 
2016-09-25T23:06:41.584-0400: 12.081: [GC (GCLocker Initiated GC) [PSYoungGen: 170121K->61793K(175104K)] 446369K->364268K(699392K), 0.0067905 secs] [Times: user=0.10 sys=0.00, real=0.00 secs] 
2016-09-25T23:06:41.625-0400: 12.122: [GC (GCLocker Initiated GC) [PSYoungGen: 149857K->69911K(175104K)] 455179K->389288K(699392K), 0.0067498 secs] [Times: user=0.09 sys=0.00, real=0.00 secs] 
2016-09-25T23:06:41.660-0400: 12.157: [GC (GCLocker Initiated GC) [PSYoungGen: 157975K->73911K(175104K)] 480097K->422309K(699392K), 0.0075149 secs] [Times: user=0.11 sys=0.00, real=0.01 secs] 
2016-09-25T23:06:41.712-0400: 12.209: [GC (GCLocker Initiated GC) [PSYoungGen: 161975K->78071K(175104K)] 518587K->440598K(699392K), 0.0060272 secs] [Times: user=0.08 sys=0.00, real=0.01 secs] 
2016-09-25T23:06:41.741-0400: 12.238: [GC (GCLocker Initiated GC) [PSYoungGen: 166135K->68433K(175104K)] 530296K->469713K(699392K), 0.0075162 secs] [Times: user=0.11 sys=0.00, real=0.01 secs] 
2016-09-25T23:06:41.782-0400: 12.280: [GC (GCLocker Initiated GC) [PSYoungGen: 156497K->60397K(175104K)] 565988K->486541K(699392K), 0.0065091 secs] [Times: user=0.09 sys=0.01, real=0.00 secs] 
2016-09-25T23:06:41.819-0400: 12.317: [GC (GCLocker Initiated GC) [PSYoungGen: 148461K->74071K(175104K)] 574736K->510301K(699392K), 0.0066429 secs] [Times: user=0.09 sys=0.01, real=0.01 secs] 
2016-09-25T23:06:41.867-0400: 12.364: [GC (GCLocker Initiated GC) [PSYoungGen: 162135K->48165K(175104K)] 606568K->510799K(699392K), 0.0069343 secs] [Times: user=0.07 sys=0.00, real=0.01 secs] 
2016-09-25T23:06:41.898-0400: 12.395: [GC (GCLocker Initiated GC) [PSYoungGen: 136229K->80776K(175104K)] 598919K->577747K(699392K), 0.0087086 secs] [Times: user=0.12 sys=0.01, real=0.01 secs] 
2016-09-25T23:06:41.907-0400: 12.404: [Full GC (Ergonomics) [PSYoungGen: 80776K->0K(175104K)] [ParOldGen: 496970K->106318K(524288K)] 577747K->106318K(699392K), [Metaspace: 43403K->43403K(1085440K)], 0.0467664 secs] [Times: user=0.36 sys=0.00, real=0.04 secs] 
2016-09-25T23:06:41.991-0400: 12.488: [GC (GCLocker Initiated GC) [PSYoungGen: 88064K->72849K(175104K)] 199874K->184659K(699392K), 0.0125382 secs] [Times: user=0.14 sys=0.00, real=0.02 secs] 
2016-09-25T23:06:42.037-0400: 12.534: [GC (GCLocker Initiated GC) [PSYoungGen: 160913K->69957K(175104K)] 278330K->221879K(699392K), 0.0080648 secs] [Times: user=0.12 sys=0.00, real=0.01 secs] 
2016-09-25T23:06:42.081-0400: 12.579: [GC (GCLocker Initiated GC) [PSYoungGen: 158021K->46925K(175104K)] 323530K->231993K(699392K), 0.0054327 secs] [Times: user=0.06 sys=0.00, real=0.01 secs] 
2016-09-25T23:06:42.122-0400: 12.619: [GC (GCLocker Initiated GC) [PSYoungGen: 134989K->84679K(175104K)] 326850K->282517K(699392K), 0.0073482 secs] [Times: user=0.11 sys=0.00, real=0.01 secs] 
2016-09-25T23:06:42.166-0400: 12.664: [GC (GCLocker Initiated GC) [PSYoungGen: 172743K->63079K(175104K)] 376024K->283039K(699392K), 0.0062749 secs] [Times: user=0.08 sys=0.00, real=0.00 secs] 
2016-09-25T23:06:42.204-0400: 12.701: [GC (GCLocker Initiated GC) [PSYoungGen: 151143K->77966K(175104K)] 371191K->321447K(699392K), 0.0073178 secs] [Times: user=0.10 sys=0.00, real=0.00 secs] 
2016-09-25T23:06:42.238-0400: 12.735: [GC (GCLocker Initiated GC) [PSYoungGen: 166030K->80753K(175104K)] 417665K->343665K(699392K), 0.0071411 secs] [Times: user=0.09 sys=0.00, real=0.01 secs] 
2016-09-25T23:06:42.285-0400: 12.783: [GC (GCLocker Initiated GC) [PSYoungGen: 168817K->59027K(175104K)] 441261K->338780K(699392K), 0.0074208 secs] [Times: user=0.07 sys=0.00, real=0.00 secs] 
2016-09-25T23:06:42.331-0400: 12.829: [GC (GCLocker Initiated GC) [PSYoungGen: 147091K->65720K(175104K)] 426982K->354233K(699392K), 0.0059301 secs] [Times: user=0.08 sys=0.00, real=0.01 secs] 
2016-09-25T23:06:42.364-0400: 12.861: [GC (GCLocker Initiated GC) [PSYoungGen: 153784K->76658K(175104K)] 450678K->392899K(699392K), 0.0080290 secs] [Times: user=0.12 sys=0.00, real=0.00 secs] 
2016-09-25T23:06:42.405-0400: 12.902: [GC (GCLocker Initiated GC) [PSYoungGen: 164722K->68434K(175104K)] 483763K->415060K(699392K), 0.0073961 secs] [Times: user=0.11 sys=0.00, real=0.00 secs] 
2016-09-25T23:06:42.448-0400: 12.945: [GC (GCLocker Initiated GC) [PSYoungGen: 156498K->80694K(175104K)] 508586K->456210K(699392K), 0.0079179 secs] [Times: user=0.11 sys=0.00, real=0.01 secs] 
2016-09-25T23:06:42.491-0400: 12.988: [GC (GCLocker Initiated GC) [PSYoungGen: 168758K->56237K(175104K)] 547099K->458080K(699392K), 0.0066807 secs] [Times: user=0.08 sys=0.00, real=0.01 secs] 
2016-09-25T23:06:42.522-0400: 13.019: [GC (GCLocker Initiated GC) [PSYoungGen: 144301K->78181K(175104K)] 546590K->498439K(699392K), 0.0080616 secs] [Times: user=0.09 sys=0.00, real=0.01 secs] 
2016-09-25T23:06:42.566-0400: 13.063: [GC (GCLocker Initiated GC) [PSYoungGen: 166245K->71212K(175104K)] 589462K->507212K(699392K), 0.0070542 secs] [Times: user=0.09 sys=0.00, real=0.00 secs] 
2016-09-25T23:06:42.608-0400: 13.105: [GC (GCLocker Initiated GC) [PSYoungGen: 159276K->71198K(175104K)] 602184K->537588K(699392K), 0.0079387 secs] [Times: user=0.12 sys=0.00, real=0.01 secs] 
2016-09-25T23:06:42.654-0400: 13.151: [GC (GCLocker Initiated GC) [PSYoungGen: 159262K->71115K(175104K)] 635386K->567983K(699392K), 0.0077569 secs] [Times: user=0.12 sys=0.00, real=0.01 secs] 
2016-09-25T23:06:42.661-0400: 13.159: [Full GC (Ergonomics) [PSYoungGen: 71115K->0K(175104K)] [ParOldGen: 496868K->109157K(524288K)] 567983K->109157K(699392K), [Metaspace: 43413K->43413K(1085440K)], 0.0498881 secs] [Times: user=0.38 sys=0.01, real=0.05 secs] 
2016-09-25T23:06:42.741-0400: 13.238: [GC (GCLocker Initiated GC) [PSYoungGen: 88064K->73916K(175104K)] 200039K->185892K(699392K), 0.0068873 secs] [Times: user=0.08 sys=0.00, real=0.01 secs] 
2016-09-25T23:06:42.788-0400: 13.285: [GC (GCLocker Initiated GC) [PSYoungGen: 161980K->50961K(175104K)] 282222K->202909K(699392K), 0.0064350 secs] [Times: user=0.09 sys=0.00, real=0.01 secs] 
2016-09-25T23:06:42.822-0400: 13.319: [GC (GCLocker Initiated GC) [PSYoungGen: 139025K->80853K(175104K)] 291232K->243093K(699392K), 0.0094140 secs] [Times: user=0.12 sys=0.01, real=0.00 secs] 
2016-09-25T23:06:42.866-0400: 13.363: [GC (GCLocker Initiated GC) [PSYoungGen: 168917K->75275K(175104K)] 336689K->268019K(699392K), 0.0080686 secs] [Times: user=0.10 sys=0.00, real=0.00 secs] 
2016-09-25T23:06:42.906-0400: 13.404: [GC (GCLocker Initiated GC) [PSYoungGen: 163339K->83379K(175104K)] 358883K->298368K(699392K), 0.0072000 secs] [Times: user=0.10 sys=0.00, real=0.00 secs] 
2016-09-25T23:06:42.951-0400: 13.449: [GC (GCLocker Initiated GC) [PSYoungGen: 171443K->64397K(175104K)] 391917K->313782K(699392K), 0.0076141 secs] [Times: user=0.10 sys=0.00, real=0.01 secs] 
2016-09-25T23:06:42.999-0400: 13.496: [GC (GCLocker Initiated GC) [PSYoungGen: 152461K->68529K(175104K)] 404644K->342767K(699392K), 0.0150440 secs] [Times: user=0.23 sys=0.01, real=0.02 secs] 
2016-09-25T23:06:43.040-0400: 13.537: [GC (GCLocker Initiated GC) [PSYoungGen: 156593K->78071K(175104K)] 433685K->377325K(699392K), 0.0071746 secs] [Times: user=0.10 sys=0.00, real=0.01 secs] 
2016-09-25T23:06:43.086-0400: 13.583: [GC (GCLocker Initiated GC) [PSYoungGen: 166135K->53565K(175104K)] 468210K->373795K(699392K), 0.0067431 secs] [Times: user=0.07 sys=0.00, real=0.00 secs] 
2016-09-25T23:06:43.119-0400: 13.616: [GC (GCLocker Initiated GC) [PSYoungGen: 141629K->75389K(175104K)] 461925K->425903K(699392K), 0.0069549 secs] [Times: user=0.10 sys=0.00, real=0.01 secs] 
2016-09-25T23:06:43.163-0400: 13.660: [GC (GCLocker Initiated GC) [PSYoungGen: 163453K->63111K(175104K)] 519546K->448120K(699392K), 0.0064388 secs] [Times: user=0.10 sys=0.00, real=0.00 secs] 
2016-09-25T23:06:43.201-0400: 13.698: [GC (GCLocker Initiated GC) [PSYoungGen: 151175K->74021K(175104K)] 544426K->474561K(699392K), 0.0077102 secs] [Times: user=0.09 sys=0.00, real=0.01 secs] 
2016-09-25T23:06:43.247-0400: 13.744: [GC (GCLocker Initiated GC) [PSYoungGen: 162085K->67161K(175104K)] 572171K->500889K(699392K), 0.0074426 secs] [Times: user=0.10 sys=0.01, real=0.01 secs] 
2016-09-25T23:06:43.290-0400: 13.787: [GC (GCLocker Initiated GC) [PSYoungGen: 155225K->60540K(175104K)] 598444K->528558K(699392K), 0.0084129 secs] [Times: user=0.09 sys=0.00, real=0.01 secs] 
2016-09-25T23:06:43.328-0400: 13.825: [GC (GCLocker Initiated GC) [PSYoungGen: 148604K->68434K(175104K)] 616706K->568226K(699392K), 0.0110894 secs] [Times: user=0.12 sys=0.00, real=0.01 secs] 
2016-09-25T23:06:43.339-0400: 13.836: [Full GC (Ergonomics) [PSYoungGen: 68434K->0K(175104K)] [ParOldGen: 499792K->119454K(524288K)] 568226K->119454K(699392K), [Metaspace: 43413K->43413K(1085440K)], 0.0550259 secs] [Times: user=0.45 sys=0.00, real=0.06 secs] 
2016-09-25T23:06:43.438-0400: 13.935: [GC (GCLocker Initiated GC) [PSYoungGen: 88064K->66132K(173056K)] 210983K->189051K(697344K), 0.0099465 secs] [Times: user=0.11 sys=0.00, real=0.01 secs] 
2016-09-25T23:06:43.481-0400: 13.979: [GC (GCLocker Initiated GC) [PSYoungGen: 154196K->72547K(174080K)] 277342K->212721K(698368K), 0.0080037 secs] [Times: user=0.07 sys=0.00, real=0.01 secs] 
2016-09-25T23:06:43.537-0400: 14.035: [GC (GCLocker Initiated GC) [PSYoungGen: 160611K->63001K(175104K)] 300849K->240231K(699392K), 0.0140192 secs] [Times: user=0.17 sys=0.00, real=0.01 secs] 
2016-09-25T23:06:43.586-0400: 14.083: [GC (GCLocker Initiated GC) [PSYoungGen: 153113K->74007K(175616K)] 333139K->266704K(699904K), 0.0103606 secs] [Times: user=0.10 sys=0.01, real=0.01 secs] 
2016-09-25T23:06:43.634-0400: 14.131: [GC (GCLocker Initiated GC) [PSYoungGen: 164119K->60347K(176640K)] 356981K->284930K(700928K), 0.0107479 secs] [Times: user=0.08 sys=0.01, real=0.02 secs] 
2016-09-25T23:06:43.685-0400: 14.183: [GC (GCLocker Initiated GC) [PSYoungGen: 151482K->83393K(174592K)] 376325K->333060K(698880K), 0.0128836 secs] [Times: user=0.09 sys=0.00, real=0.01 secs] 
2016-09-25T23:06:43.742-0400: 14.239: [GC (GCLocker Initiated GC) [PSYoungGen: 174529K->65921K(175104K)] 431213K->334031K(699392K), 0.0058040 secs] [Times: user=0.07 sys=0.01, real=0.00 secs] 
2016-09-25T23:06:43.786-0400: 14.283: [GC (GCLocker Initiated GC) [PSYoungGen: 153985K->72405K(175104K)] 427609K->358872K(699392K), 0.0070991 secs] [Times: user=0.08 sys=0.00, real=0.00 secs] 
2016-09-25T23:06:43.834-0400: 14.332: [GC (GCLocker Initiated GC) [PSYoungGen: 160469K->65857K(174080K)] 449755K->367635K(698368K), 0.0240318 secs] [Times: user=0.30 sys=0.00, real=0.02 secs] 
2016-09-25T23:06:43.896-0400: 14.393: [GC (GCLocker Initiated GC) [PSYoungGen: 153921K->75307K(174592K)] 458455K->399288K(698880K), 0.0132213 secs] [Times: user=0.18 sys=0.00, real=0.01 secs] 
2016-09-25T23:06:43.957-0400: 14.454: [GC (GCLocker Initiated GC) [PSYoungGen: 163371K->39941K(175104K)] 488765K->401057K(699392K), 0.0087028 secs] [Times: user=0.12 sys=0.00, real=0.01 secs] 
2016-09-25T23:06:44.000-0400: 14.497: [GC (GCLocker Initiated GC) [PSYoungGen: 128005K->67303K(175104K)] 494777K->460109K(699392K), 0.0095448 secs] [Times: user=0.13 sys=0.00, real=0.01 secs] 
2016-09-25T23:06:44.060-0400: 14.557: [GC (GCLocker Initiated GC) [PSYoungGen: 155367K->46673K(175104K)] 552117K->477827K(699392K), 0.0103370 secs] [Times: user=0.08 sys=0.01, real=0.01 secs] 
2016-09-25T23:06:44.111-0400: 14.608: [GC (GCLocker Initiated GC) [PSYoungGen: 134737K->57553K(175104K)] 566135K->516425K(699392K), 0.0106192 secs] [Times: user=0.13 sys=0.01, real=0.01 secs] 
2016-09-25T23:06:44.182-0400: 14.679: [GC (GCLocker Initiated GC) [PSYoungGen: 145617K->68557K(175104K)] 613354K->561155K(699392K), 0.0080108 secs] [Times: user=0.11 sys=0.01, real=0.01 secs] 
2016-09-25T23:06:44.190-0400: 14.687: [Full GC (Ergonomics) [PSYoungGen: 68557K->0K(175104K)] [ParOldGen: 492598K->120405K(524288K)] 561155K->120405K(699392K), [Metaspace: 43419K->43419K(1085440K)], 0.0526060 secs] [Times: user=0.50 sys=0.01, real=0.06 secs] 
2016-09-25T23:06:44.295-0400: 14.792: [GC (GCLocker Initiated GC) [PSYoungGen: 88064K->49757K(175104K)] 216733K->178427K(699392K), 0.0072234 secs] [Times: user=0.07 sys=0.01, real=0.00 secs] 
2016-09-25T23:06:44.333-0400: 14.830: [GC (GCLocker Initiated GC) [PSYoungGen: 137821K->73833K(175104K)] 269305K->215520K(699392K), 0.0080043 secs] [Times: user=0.10 sys=0.00, real=0.01 secs] 
2016-09-25T23:06:44.384-0400: 14.881: [GC (GCLocker Initiated GC) [PSYoungGen: 161897K->69843K(175104K)] 311700K->247099K(699392K), 0.0099101 secs] [Times: user=0.11 sys=0.00, real=0.00 secs] 
2016-09-25T23:06:44.439-0400: 14.937: [GC (GCLocker Initiated GC) [PSYoungGen: 157907K->72452K(175104K)] 339384K->258499K(699392K), 0.0084001 secs] [Times: user=0.12 sys=0.00, real=0.01 secs] 
2016-09-25T23:06:44.493-0400: 14.991: [GC (GCLocker Initiated GC) [PSYoungGen: 160516K->72576K(175104K)] 354782K->287585K(699392K), 0.0091289 secs] [Times: user=0.11 sys=0.00, real=0.02 secs] 
2016-09-25T23:06:44.550-0400: 15.047: [GC (GCLocker Initiated GC) [PSYoungGen: 160640K->49487K(175104K)] 382730K->308538K(699392K), 0.0083866 secs] [Times: user=0.11 sys=0.00, real=0.01 secs] 
2016-09-25T23:06:44.599-0400: 15.097: [GC (GCLocker Initiated GC) [PSYoungGen: 137551K->75234K(175104K)] 396819K->356556K(699392K), 0.0094263 secs] [Times: user=0.16 sys=0.00, real=0.01 secs] 
2016-09-25T23:06:44.645-0400: 15.142: [GC (GCLocker Initiated GC) [PSYoungGen: 163298K->78104K(175104K)] 447422K->380278K(699392K), 0.0072184 secs] [Times: user=0.11 sys=0.00, real=0.00 secs] 
2016-09-25T23:06:44.700-0400: 15.198: [GC (GCLocker Initiated GC) [PSYoungGen: 166168K->76721K(175104K)] 475232K->405295K(699392K), 0.0070300 secs] [Times: user=0.09 sys=0.00, real=0.01 secs] 
2016-09-25T23:06:44.751-0400: 15.248: [GC (GCLocker Initiated GC) [PSYoungGen: 164785K->63066K(175104K)] 497742K->416874K(699392K), 0.0092568 secs] [Times: user=0.13 sys=0.00, real=0.01 secs] 
2016-09-25T23:06:44.798-0400: 15.295: [GC (GCLocker Initiated GC) [PSYoungGen: 151130K->79170K(175104K)] 506308K->445626K(699392K), 0.0100381 secs] [Times: user=0.15 sys=0.00, real=0.01 secs] 
2016-09-25T23:06:44.844-0400: 15.341: [GC (GCLocker Initiated GC) [PSYoungGen: 167234K->71243K(175104K)] 537852K->467949K(699392K), 0.0068473 secs] [Times: user=0.09 sys=0.00, real=0.00 secs] 
2016-09-25T23:06:44.895-0400: 15.392: [GC (GCLocker Initiated GC) [PSYoungGen: 159307K->79280K(175104K)] 556057K->492756K(699392K), 0.0091830 secs] [Times: user=0.10 sys=0.00, real=0.01 secs] 
2016-09-25T23:06:44.943-0400: 15.440: [GC (GCLocker Initiated GC) [PSYoungGen: 167344K->71184K(175104K)] 581141K->511147K(699392K), 0.0093780 secs] [Times: user=0.09 sys=0.00, real=0.00 secs] 
2016-09-25T23:06:44.983-0400: 15.481: [GC (GCLocker Initiated GC) [PSYoungGen: 159248K->67020K(175104K)] 599356K->552198K(699392K), 0.0101297 secs] [Times: user=0.12 sys=0.00, real=0.00 secs] 
2016-09-25T23:06:44.994-0400: 15.491: [Full GC (Ergonomics) [PSYoungGen: 67020K->0K(175104K)] [ParOldGen: 485178K->126528K(524288K)] 552198K->126528K(699392K), [Metaspace: 43424K->43424K(1085440K)], 0.0535137 secs] [Times: user=0.44 sys=0.00, real=0.06 secs] 
2016-09-25T23:06:45.100-0400: 15.597: [GC (GCLocker Initiated GC) [PSYoungGen: 88064K->63258K(175104K)] 220213K->195407K(699392K), 0.0055001 secs] [Times: user=0.07 sys=0.00, real=0.01 secs] 
2016-09-25T23:06:45.145-0400: 15.643: [GC (GCLocker Initiated GC) [PSYoungGen: 151322K->80821K(175104K)] 290343K->234060K(699392K), 0.0071796 secs] [Times: user=0.10 sys=0.00, real=0.00 secs] 
2016-09-25T23:06:45.191-0400: 15.688: [GC (GCLocker Initiated GC) [PSYoungGen: 168885K->67052K(175104K)] 324929K->252128K(699392K), 0.0066438 secs] [Times: user=0.10 sys=0.00, real=0.01 secs] 
2016-09-25T23:06:45.240-0400: 15.737: [GC (GCLocker Initiated GC) [PSYoungGen: 155116K->63221K(175104K)] 345781K->278644K(699392K), 0.0063134 secs] [Times: user=0.08 sys=0.00, real=0.01 secs] 
2016-09-25T23:06:45.282-0400: 15.779: [GC (GCLocker Initiated GC) [PSYoungGen: 151285K->64370K(175104K)] 369542K->311602K(699392K), 0.0088622 secs] [Times: user=0.12 sys=0.00, real=0.01 secs] 
2016-09-25T23:06:45.323-0400: 15.821: [GC (GCLocker Initiated GC) [PSYoungGen: 152434K->59171K(175104K)] 405230K->333975K(699392K), 0.0060991 secs] [Times: user=0.08 sys=0.00, real=0.00 secs] 
2016-09-25T23:06:45.377-0400: 15.875: [GC (GCLocker Initiated GC) [PSYoungGen: 147235K->63125K(175104K)] 439785K->372548K(699392K), 0.0066651 secs] [Times: user=0.09 sys=0.00, real=0.01 secs] 
2016-09-25T23:06:45.425-0400: 15.922: [GC (GCLocker Initiated GC) [PSYoungGen: 151189K->71074K(159232K)] 460704K->390592K(683520K), 0.0065192 secs] [Times: user=0.10 sys=0.00, real=0.00 secs] 
2016-09-25T23:06:45.465-0400: 15.962: [GC (GCLocker Initiated GC) [PSYoungGen: 159138K->71148K(175104K)] 481508K->419554K(699392K), 0.0067310 secs] [Times: user=0.09 sys=0.00, real=0.00 secs] 
2016-09-25T23:06:45.515-0400: 16.012: [GC (GCLocker Initiated GC) [PSYoungGen: 159724K->75344K(174592K)] 508212K->449970K(698880K), 0.0090669 secs] [Times: user=0.14 sys=0.00, real=0.01 secs] 
2016-09-25T23:06:45.555-0400: 16.052: [GC (GCLocker Initiated GC) [PSYoungGen: 163920K->74054K(174592K)] 538766K->476518K(698880K), 0.0094246 secs] [Times: user=0.15 sys=0.00, real=0.01 secs] 
2016-09-25T23:06:45.608-0400: 16.105: [GC (GCLocker Initiated GC) [PSYoungGen: 162118K->51131K(175104K)] 587668K->498951K(699392K), 0.0064983 secs] [Times: user=0.06 sys=0.01, real=0.01 secs] 
2016-09-25T23:06:45.655-0400: 16.152: [GC (GCLocker Initiated GC) [PSYoungGen: 139195K->62988K(175104K)] 589738K->520944K(699392K), 0.0079915 secs] [Times: user=0.12 sys=0.00, real=0.01 secs] 
2016-09-25T23:06:45.697-0400: 16.195: [GC (GCLocker Initiated GC) [PSYoungGen: 151052K->84886K(175104K)] 611740K->551386K(699392K), 0.0074069 secs] [Times: user=0.11 sys=0.00, real=0.01 secs] 
2016-09-25T23:06:45.749-0400: 16.246: [GC (GCLocker Initiated GC) [PSYoungGen: 172950K->77989K(175104K)] 646446K->557567K(699392K), 0.0065504 secs] [Times: user=0.06 sys=0.00, real=0.01 secs] 
2016-09-25T23:06:45.792-0400: 16.289: [GC (GCLocker Initiated GC) [PSYoungGen: 166053K->53478K(175104K)] 647066K->558040K(699392K), 0.0080587 secs] [Times: user=0.12 sys=0.00, real=0.01 secs] 
2016-09-25T23:06:45.800-0400: 16.298: [Full GC (Ergonomics) [PSYoungGen: 53478K->0K(175104K)] [ParOldGen: 504561K->121029K(524288K)] 558040K->121029K(699392K), [Metaspace: 43428K->43428K(1085440K)], 0.0567007 secs] [Times: user=0.52 sys=0.01, real=0.06 secs] 
2016-09-25T23:06:45.895-0400: 16.392: [GC (GCLocker Initiated GC) [PSYoungGen: 88064K->78282K(175104K)] 210567K->200785K(699392K), 0.0055752 secs] [Times: user=0.08 sys=0.00, real=0.00 secs] 
2016-09-25T23:06:45.937-0400: 16.434: [GC (GCLocker Initiated GC) [PSYoungGen: 166346K->67194K(175104K)] 294421K->233933K(699392K), 0.0098547 secs] [Times: user=0.11 sys=0.00, real=0.01 secs] 
2016-09-25T23:06:45.990-0400: 16.487: [GC (GCLocker Initiated GC) [PSYoungGen: 155258K->59093K(175104K)] 326146K->249473K(699392K), 0.0082265 secs] [Times: user=0.09 sys=0.00, real=0.01 secs] 
2016-09-25T23:06:46.030-0400: 16.528: [GC (GCLocker Initiated GC) [PSYoungGen: 147157K->67271K(175104K)] 339145K->282805K(699392K), 0.0135123 secs] [Times: user=0.18 sys=0.01, real=0.02 secs] 
2016-09-25T23:06:46.089-0400: 16.586: [GC (GCLocker Initiated GC) [PSYoungGen: 155335K->63047K(175104K)] 374172K->295967K(699392K), 0.0077587 secs] [Times: user=0.10 sys=0.00, real=0.01 secs] 
2016-09-25T23:06:46.137-0400: 16.634: [GC (GCLocker Initiated GC) [PSYoungGen: 151111K->58956K(175104K)] 387498K->332320K(699392K), 0.0074740 secs] [Times: user=0.11 sys=0.00, real=0.01 secs] 
2016-09-25T23:06:46.190-0400: 16.687: [GC (GCLocker Initiated GC) [PSYoungGen: 147020K->65702K(172032K)] 420692K->353353K(696320K), 0.0084970 secs] [Times: user=0.10 sys=0.01, real=0.01 secs] 
2016-09-25T23:06:46.237-0400: 16.734: [GC (GCLocker Initiated GC) [PSYoungGen: 153766K->56050K(173568K)] 448351K->365979K(697856K), 0.0095440 secs] [Times: user=0.10 sys=0.00, real=0.01 secs] 
2016-09-25T23:06:46.288-0400: 16.785: [GC (GCLocker Initiated GC) [PSYoungGen: 144114K->82016K(173568K)] 454206K->424934K(697856K), 0.0108968 secs] [Times: user=0.15 sys=0.01, real=0.01 secs] 
2016-09-25T23:06:46.346-0400: 16.844: [GC (GCLocker Initiated GC) [PSYoungGen: 170080K->73841K(175104K)] 522503K->445681K(699392K), 0.0090682 secs] [Times: user=0.14 sys=0.00, real=0.01 secs] 
2016-09-25T23:06:46.391-0400: 16.888: [GC (GCLocker Initiated GC) [PSYoungGen: 161905K->68485K(175104K)] 539318K->470613K(699392K), 0.0101404 secs] [Times: user=0.14 sys=0.00, real=0.01 secs] 
2016-09-25T23:06:46.444-0400: 16.941: [GC (GCLocker Initiated GC) [PSYoungGen: 156549K->64308K(152576K)] 558900K->494221K(676864K), 0.0113292 secs] [Times: user=0.16 sys=0.00, real=0.01 secs] 
2016-09-25T23:06:46.496-0400: 16.993: [GC (GCLocker Initiated GC) [PSYoungGen: 152372K->73829K(174080K)] 587836K->527238K(698368K), 0.0156112 secs] [Times: user=0.22 sys=0.00, real=0.01 secs] 
2016-09-25T23:06:46.550-0400: 17.047: [GC (GCLocker Initiated GC) [PSYoungGen: 161381K->50621K(174592K)] 620272K->550447K(698880K), 0.0094393 secs] [Times: user=0.08 sys=0.01, real=0.01 secs] 
2016-09-25T23:06:46.560-0400: 17.057: [Full GC (Ergonomics) [PSYoungGen: 50621K->0K(174592K)] [ParOldGen: 499825K->132815K(524288K)] 550447K->132815K(698880K), [Metaspace: 43432K->43432K(1085440K)], 0.0475613 secs] [Times: user=0.44 sys=0.00, real=0.05 secs] 
2016-09-25T23:06:46.641-0400: 17.138: [GC (GCLocker Initiated GC) [PSYoungGen: 87552K->80766K(175104K)] 223243K->216458K(699392K), 0.0100788 secs] [Times: user=0.16 sys=0.00, real=0.01 secs] 
2016-09-25T23:06:46.693-0400: 17.191: [GC (GCLocker Initiated GC) [PSYoungGen: 168830K->76449K(175104K)] 307333K->234452K(699392K), 0.0116618 secs] [Times: user=0.20 sys=0.00, real=0.02 secs] 
2016-09-25T23:06:46.747-0400: 17.244: [GC (GCLocker Initiated GC) [PSYoungGen: 164513K->58817K(175104K)] 325344K->240248K(699392K), 0.0087487 secs] [Times: user=0.13 sys=0.00, real=0.01 secs] 
2016-09-25T23:06:46.789-0400: 17.287: [GC (GCLocker Initiated GC) [PSYoungGen: 146881K->72511K(175104K)] 336528K->278687K(699392K), 0.0072184 secs] [Times: user=0.10 sys=0.00, real=0.01 secs] 
2016-09-25T23:06:46.834-0400: 17.331: [GC (GCLocker Initiated GC) [PSYoungGen: 160575K->59994K(175104K)] 372319K->291042K(699392K), 0.0064177 secs] [Times: user=0.07 sys=0.00, real=0.01 secs] 
2016-09-25T23:06:46.871-0400: 17.368: [GC (GCLocker Initiated GC) [PSYoungGen: 148058K->71017K(175104K)] 379170K->328042K(699392K), 0.0075975 secs] [Times: user=0.11 sys=0.00, real=0.01 secs] 
2016-09-25T23:06:46.910-0400: 17.407: [GC (GCLocker Initiated GC) [PSYoungGen: 159081K->69685K(175104K)] 423007K->358221K(699392K), 0.0071667 secs] [Times: user=0.11 sys=0.00, real=0.01 secs] 
2016-09-25T23:06:46.952-0400: 17.449: [GC (GCLocker Initiated GC) [PSYoungGen: 157749K->79100K(175104K)] 450562K->403337K(699392K), 0.0113682 secs] [Times: user=0.16 sys=0.00, real=0.02 secs] 
2016-09-25T23:06:47.025-0400: 17.522: [GC (GCLocker Initiated GC) [PSYoungGen: 167164K->67032K(175104K)] 509186K->429610K(699392K), 0.0091553 secs] [Times: user=0.14 sys=0.00, real=0.00 secs] 
2016-09-25T23:06:47.094-0400: 17.591: [GC (GCLocker Initiated GC) [PSYoungGen: 155096K->49289K(175104K)] 520415K->427072K(699392K), 0.0087644 secs] [Times: user=0.07 sys=0.01, real=0.01 secs] 
2016-09-25T23:06:47.129-0400: 17.627: [GC (GCLocker Initiated GC) [PSYoungGen: 137353K->84565K(175104K)] 523326K->507271K(699392K), 0.0085839 secs] [Times: user=0.11 sys=0.01, real=0.01 secs] 
2016-09-25T23:06:47.184-0400: 17.682: [GC (GCLocker Initiated GC) [PSYoungGen: 172629K->54800K(175104K)] 603518K->507632K(699392K), 0.0063622 secs] [Times: user=0.10 sys=0.00, real=0.00 secs] 
2016-09-25T23:06:47.236-0400: 17.733: [GC (GCLocker Initiated GC) [PSYoungGen: 142864K->64314K(175104K)] 601151K->552604K(699392K), 0.0139102 secs] [Times: user=0.16 sys=0.00, real=0.01 secs] 
2016-09-25T23:06:47.250-0400: 17.747: [Full GC (Ergonomics) [PSYoungGen: 64314K->0K(175104K)] [ParOldGen: 488290K->140645K(524288K)] 552604K->140645K(699392K), [Metaspace: 43439K->43439K(1085440K)], 0.0741246 secs] [Times: user=0.44 sys=0.00, real=0.08 secs] 
2016-09-25T23:06:47.360-0400: 17.857: [GC (GCLocker Initiated GC) [PSYoungGen: 88064K->81946K(175104K)] 228955K->222837K(699392K), 0.0065091 secs] [Times: user=0.09 sys=0.01, real=0.01 secs] 
2016-09-25T23:06:47.389-0400: 17.886: [GC (GCLocker Initiated GC) [PSYoungGen: 170010K->83278K(175104K)] 313842K->247818K(699392K), 0.0069655 secs] [Times: user=0.10 sys=0.00, real=0.01 secs] 
2016-09-25T23:06:47.449-0400: 17.946: [GC (GCLocker Initiated GC) [PSYoungGen: 171342K->76368K(175104K)] 338730K->258985K(699392K), 0.0114143 secs] [Times: user=0.14 sys=0.00, real=0.01 secs] 
2016-09-25T23:06:47.513-0400: 18.011: [GC (GCLocker Initiated GC) [PSYoungGen: 164432K->63046K(175104K)] 349829K->279765K(699392K), 0.0093404 secs] [Times: user=0.11 sys=0.00, real=0.02 secs] 
2016-09-25T23:06:47.561-0400: 18.058: [GC (GCLocker Initiated GC) [PSYoungGen: 151110K->75100K(175104K)] 376054K->327445K(699392K), 0.0081210 secs] [Times: user=0.11 sys=0.00, real=0.01 secs] 
2016-09-25T23:06:47.610-0400: 18.107: [GC (GCLocker Initiated GC) [PSYoungGen: 163164K->41108K(175104K)] 421399K->326609K(699392K), 0.0090867 secs] [Times: user=0.05 sys=0.00, real=0.01 secs] 
2016-09-25T23:06:47.646-0400: 18.143: [GC (GCLocker Initiated GC) [PSYoungGen: 129172K->76464K(175104K)] 414836K->385410K(699392K), 0.0071839 secs] [Times: user=0.10 sys=0.00, real=0.00 secs] 
2016-09-25T23:06:47.718-0400: 18.215: [GC (GCLocker Initiated GC) [PSYoungGen: 164528K->60264K(175104K)] 480276K->389867K(699392K), 0.0101348 secs] [Times: user=0.13 sys=0.00, real=0.01 secs] 
2016-09-25T23:06:47.789-0400: 18.286: [GC (GCLocker Initiated GC) [PSYoungGen: 148328K->69522K(175104K)] 483416K->421197K(699392K), 0.0073644 secs] [Times: user=0.11 sys=0.00, real=0.01 secs] 
2016-09-25T23:06:47.832-0400: 18.330: [GC (GCLocker Initiated GC) [PSYoungGen: 157586K->65632K(175104K)] 512089K->440675K(699392K), 0.0071411 secs] [Times: user=0.09 sys=0.00, real=0.01 secs] 
2016-09-25T23:06:47.874-0400: 18.371: [GC (GCLocker Initiated GC) [PSYoungGen: 153696K->48021K(175104K)] 535574K->441036K(699392K), 0.0240951 secs] [Times: user=0.32 sys=0.00, real=0.03 secs] 
2016-09-25T23:06:47.965-0400: 18.463: [GC (GCLocker Initiated GC) [PSYoungGen: 136085K->43872K(175104K)] 537324K->480569K(699392K), 0.0193597 secs] [Times: user=0.14 sys=0.03, real=0.02 secs] 
2016-09-25T23:06:48.031-0400: 18.528: [GC (GCLocker Initiated GC) [PSYoungGen: 131936K->72382K(175104K)] 568756K->518988K(699392K), 0.0091154 secs] [Times: user=0.12 sys=0.00, real=0.01 secs] 
2016-09-25T23:06:48.069-0400: 18.566: [GC (GCLocker Initiated GC) [PSYoungGen: 160446K->63014K(175104K)] 609977K->545328K(699392K), 0.0075231 secs] [Times: user=0.10 sys=0.00, real=0.01 secs] 
2016-09-25T23:06:48.077-0400: 18.574: [Full GC (Ergonomics) [PSYoungGen: 63014K->0K(175104K)] [ParOldGen: 482314K->140177K(524288K)] 545328K->140177K(699392K), [Metaspace: 43439K->43439K(1085440K)], 0.0748263 secs] [Times: user=0.54 sys=0.01, real=0.07 secs] 
2016-09-25T23:06:48.208-0400: 18.705: [GC (GCLocker Initiated GC) [PSYoungGen: 88064K->73957K(175104K)] 239295K->225188K(699392K), 0.0098302 secs] [Times: user=0.11 sys=0.00, real=0.01 secs] 
2016-09-25T23:06:48.271-0400: 18.769: [GC (GCLocker Initiated GC) [PSYoungGen: 162021K->53468K(175104K)] 328180K->229579K(699392K), 0.0066722 secs] [Times: user=0.07 sys=0.00, real=0.01 secs] 
2016-09-25T23:06:48.311-0400: 18.808: [GC (GCLocker Initiated GC) [PSYoungGen: 141532K->68300K(175104K)] 323141K->267748K(699392K), 0.0103694 secs] [Times: user=0.12 sys=0.00, real=0.01 secs] 
2016-09-25T23:06:48.366-0400: 18.864: [GC (GCLocker Initiated GC) [PSYoungGen: 156364K->53549K(175104K)] 359426K->274504K(699392K), 0.0108583 secs] [Times: user=0.08 sys=0.01, real=0.01 secs] 
2016-09-25T23:06:48.442-0400: 18.939: [GC (GCLocker Initiated GC) [PSYoungGen: 141613K->68204K(175104K)] 368124K->313957K(699392K), 0.0100852 secs] [Times: user=0.12 sys=0.02, real=0.00 secs] 
2016-09-25T23:06:48.494-0400: 18.991: [GC (GCLocker Initiated GC) [PSYoungGen: 156268K->56182K(175104K)] 407473K->325200K(699392K), 0.0066443 secs] [Times: user=0.07 sys=0.01, real=0.01 secs] 
2016-09-25T23:06:48.529-0400: 19.027: [GC (GCLocker Initiated GC) [PSYoungGen: 144246K->75082K(175104K)] 421521K->377038K(699392K), 0.0073775 secs] [Times: user=0.11 sys=0.00, real=0.01 secs] 
2016-09-25T23:06:48.576-0400: 19.074: [GC (GCLocker Initiated GC) [PSYoungGen: 163146K->70969K(175104K)] 470752K->385613K(699392K), 0.0078867 secs] [Times: user=0.09 sys=0.01, real=0.01 secs] 
2016-09-25T23:06:48.631-0400: 19.128: [GC (GCLocker Initiated GC) [PSYoungGen: 159033K->49464K(175104K)] 482697K->381518K(699392K), 0.0059960 secs] [Times: user=0.07 sys=0.00, real=0.01 secs] 
2016-09-25T23:06:48.684-0400: 19.181: [GC (GCLocker Initiated GC) [PSYoungGen: 137528K->69586K(175104K)] 475204K->425127K(699392K), 0.0090216 secs] [Times: user=0.12 sys=0.00, real=0.00 secs] 
2016-09-25T23:06:48.727-0400: 19.224: [GC (GCLocker Initiated GC) [PSYoungGen: 157650K->53372K(175104K)] 516023K->449816K(699392K), 0.0108768 secs] [Times: user=0.08 sys=0.01, real=0.01 secs] 
2016-09-25T23:06:48.783-0400: 19.281: [GC (GCLocker Initiated GC) [PSYoungGen: 141436K->64123K(174080K)] 543403K->486649K(698368K), 0.0092036 secs] [Times: user=0.07 sys=0.01, real=0.00 secs] 
2016-09-25T23:06:48.842-0400: 19.339: [GC (GCLocker Initiated GC) [PSYoungGen: 152187K->52086K(174592K)] 578862K->504749K(698880K), 0.0070734 secs] [Times: user=0.08 sys=0.00, real=0.01 secs] 
2016-09-25T23:06:48.887-0400: 19.384: [GC (GCLocker Initiated GC) [PSYoungGen: 140150K->65568K(173568K)] 595750K->540413K(697856K), 0.0065108 secs] [Times: user=0.09 sys=0.00, real=0.00 secs] 
2016-09-25T23:06:48.937-0400: 19.435: [GC (GCLocker Initiated GC) [PSYoungGen: 155168K->61550K(174592K)] 632832K->570540K(698880K), 0.0116847 secs] [Times: user=0.14 sys=0.00, real=0.01 secs] 
2016-09-25T23:06:48.949-0400: 19.447: [Full GC (Ergonomics) [PSYoungGen: 61550K->0K(174592K)] [ParOldGen: 508989K->137283K(524288K)] 570540K->137283K(698880K), [Metaspace: 43440K->43440K(1085440K)], 0.0527733 secs] [Times: user=0.44 sys=0.00, real=0.06 secs] 
2016-09-25T23:06:49.042-0400: 19.540: [GC (GCLocker Initiated GC) [PSYoungGen: 89600K->80628K(171008K)] 229738K->234266K(695296K), 0.0103826 secs] [Times: user=0.10 sys=0.00, real=0.00 secs] 
2016-09-25T23:06:49.097-0400: 19.594: [GC (GCLocker Initiated GC) [PSYoungGen: 168692K->56170K(175104K)] 334729K->250976K(699392K), 0.0074318 secs] [Times: user=0.09 sys=0.00, real=0.01 secs] 
2016-09-25T23:06:49.143-0400: 19.640: [GC (GCLocker Initiated GC) [PSYoungGen: 144234K->54722K(173056K)] 339150K->266213K(697344K), 0.0115875 secs] [Times: user=0.11 sys=0.01, real=0.01 secs] 
2016-09-25T23:06:49.197-0400: 19.695: [GC (GCLocker Initiated GC) [PSYoungGen: 142786K->71053K(174080K)] 357005K->312534K(698368K), 0.0076279 secs] [Times: user=0.11 sys=0.01, real=0.01 secs] 
2016-09-25T23:06:49.245-0400: 19.742: [GC (GCLocker Initiated GC) [PSYoungGen: 159117K->69700K(175104K)] 402122K->331967K(699392K), 0.0067058 secs] [Times: user=0.09 sys=0.00, real=0.00 secs] 
2016-09-25T23:06:49.294-0400: 19.792: [GC (GCLocker Initiated GC) [PSYoungGen: 157764K->54832K(143360K)] 423670K->341272K(667648K), 0.0096256 secs] [Times: user=0.12 sys=0.00, real=0.01 secs] 
2016-09-25T23:06:49.349-0400: 19.847: [GC (GCLocker Initiated GC) [PSYoungGen: 142896K->48018K(173568K)] 434854K->382164K(697856K), 0.0119411 secs] [Times: user=0.15 sys=0.01, real=0.01 secs] 
2016-09-25T23:06:49.397-0400: 19.894: [GC (GCLocker Initiated GC) [PSYoungGen: 135570K->79214K(174080K)] 476581K->434043K(698368K), 0.0097199 secs] [Times: user=0.15 sys=0.00, real=0.01 secs] 
2016-09-25T23:06:49.451-0400: 19.948: [GC (GCLocker Initiated GC) [PSYoungGen: 166766K->61422K(175104K)] 524470K->450580K(699392K), 0.0084661 secs] [Times: user=0.09 sys=0.00, real=0.01 secs] 
2016-09-25T23:06:49.498-0400: 19.995: [GC (GCLocker Initiated GC) [PSYoungGen: 149486K->54736K(175104K)] 545559K->467284K(699392K), 0.0071109 secs] [Times: user=0.08 sys=0.01, real=0.01 secs] 
2016-09-25T23:06:49.541-0400: 20.039: [GC (GCLocker Initiated GC) [PSYoungGen: 142800K->60296K(171008K)] 558165K->503009K(695296K), 0.0067738 secs] [Times: user=0.09 sys=0.00, real=0.01 secs] 
2016-09-25T23:06:49.593-0400: 20.090: [GC (GCLocker Initiated GC) [PSYoungGen: 148360K->52024K(173056K)] 601960K->539780K(697344K), 0.0099205 secs] [Times: user=0.14 sys=0.00, real=0.02 secs] 
2016-09-25T23:06:49.603-0400: 20.100: [Full GC (Ergonomics) [PSYoungGen: 52024K->0K(173056K)] [ParOldGen: 487756K->136620K(524288K)] 539780K->136620K(697344K), [Metaspace: 43440K->43440K(1085440K)], 0.0655902 secs] [Times: user=0.38 sys=0.02, real=0.06 secs] 
2016-09-25T23:06:49.709-0400: 20.206: [GC (GCLocker Initiated GC) [PSYoungGen: 88064K->83435K(172544K)] 228774K->229546K(696832K), 0.0082829 secs] [Times: user=0.09 sys=0.00, real=0.01 secs] 
2016-09-25T23:06:49.761-0400: 20.259: [GC (GCLocker Initiated GC) [PSYoungGen: 171499K->81874K(175104K)] 325791K->251569K(699392K), 0.0074573 secs] [Times: user=0.10 sys=0.00, real=0.01 secs] 
2016-09-25T23:06:49.819-0400: 20.316: [GC (GCLocker Initiated GC) [PSYoungGen: 169938K->27490K(175104K)] 346511K->220539K(699392K), 0.0136147 secs] [Times: user=0.14 sys=0.00, real=0.01 secs] 
2016-09-25T23:06:49.872-0400: 20.369: [GC (GCLocker Initiated GC) [PSYoungGen: 115554K->61599K(175104K)] 311438K->280715K(699392K), 0.0137705 secs] [Times: user=0.16 sys=0.00, real=0.02 secs] 
2016-09-25T23:06:49.928-0400: 20.425: [GC (GCLocker Initiated GC) [PSYoungGen: 149663K->53517K(175104K)] 379674K->292001K(699392K), 0.0064988 secs] [Times: user=0.06 sys=0.00, real=0.01 secs] 
2016-09-25T23:06:49.965-0400: 20.462: [GC (GCLocker Initiated GC) [PSYoungGen: 141581K->80514K(175104K)] 380197K->331717K(699392K), 0.0074793 secs] [Times: user=0.09 sys=0.00, real=0.00 secs] 
2016-09-25T23:06:50.016-0400: 20.513: [GC (GCLocker Initiated GC) [PSYoungGen: 168578K->65664K(175104K)] 425327K->353845K(699392K), 0.0073438 secs] [Times: user=0.10 sys=0.00, real=0.01 secs] 
2016-09-25T23:06:50.070-0400: 20.567: [GC (GCLocker Initiated GC) [PSYoungGen: 153728K->52004K(175104K)] 450296K->355709K(699392K), 0.0080425 secs] [Times: user=0.08 sys=0.00, real=0.01 secs] 
2016-09-25T23:06:50.123-0400: 20.620: [GC (GCLocker Initiated GC) [PSYoungGen: 140068K->61589K(175104K)] 447146K->385230K(699392K), 0.0106002 secs] [Times: user=0.12 sys=0.00, real=0.00 secs] 
2016-09-25T23:06:50.168-0400: 20.665: [GC (GCLocker Initiated GC) [PSYoungGen: 149653K->65428K(175104K)] 473413K->403078K(699392K), 0.0104886 secs] [Times: user=0.08 sys=0.00, real=0.01 secs] 
2016-09-25T23:06:50.226-0400: 20.723: [GC (GCLocker Initiated GC) [PSYoungGen: 153492K->72506K(175104K)] 498039K->433689K(699392K), 0.0070315 secs] [Times: user=0.10 sys=0.00, real=0.00 secs] 
2016-09-25T23:06:50.271-0400: 20.768: [GC (GCLocker Initiated GC) [PSYoungGen: 160570K->68487K(175104K)] 527277K->449151K(699392K), 0.0089123 secs] [Times: user=0.11 sys=0.00, real=0.01 secs] 
2016-09-25T23:06:50.323-0400: 20.821: [GC (GCLocker Initiated GC) [PSYoungGen: 156551K->69741K(175104K)] 546816K->465924K(699392K), 0.0071827 secs] [Times: user=0.09 sys=0.00, real=0.00 secs] 
2016-09-25T23:06:50.369-0400: 20.866: [GC (GCLocker Initiated GC) [PSYoungGen: 157805K->42574K(175104K)] 554036K->462164K(699392K), 0.0108091 secs] [Times: user=0.06 sys=0.00, real=0.01 secs] 
2016-09-25T23:06:50.413-0400: 20.910: [GC (GCLocker Initiated GC) [PSYoungGen: 130638K->56262K(175104K)] 558371K->497820K(699392K), 0.0074649 secs] [Times: user=0.06 sys=0.00, real=0.01 secs] 
2016-09-25T23:06:50.469-0400: 20.966: [GC (GCLocker Initiated GC) [PSYoungGen: 144326K->44111K(175104K)] 592742K->502593K(699392K), 0.0100876 secs] [Times: user=0.07 sys=0.00, real=0.01 secs] 
2016-09-25T23:06:50.515-0400: 21.012: [GC (GCLocker Initiated GC) [PSYoungGen: 132175K->44115K(175104K)] 605634K->522128K(699392K), 0.0115717 secs] [Times: user=0.08 sys=0.00, real=0.01 secs] 
2016-09-25T23:06:50.576-0400: 21.073: [GC (GCLocker Initiated GC) [PSYoungGen: 132179K->33141K(175104K)] 619783K->534868K(699392K), 0.0097144 secs] [Times: user=0.08 sys=0.00, real=0.01 secs] 
2016-09-25T23:06:50.585-0400: 21.083: [Full GC (Ergonomics) [PSYoungGen: 33141K->0K(175104K)] [ParOldGen: 501726K->138639K(524288K)] 534868K->138639K(699392K), [Metaspace: 43445K->43445K(1085440K)], 0.0598862 secs] [Times: user=0.36 sys=0.01, real=0.06 secs] 
2016-09-25T23:06:50.685-0400: 21.183: [GC (GCLocker Initiated GC) [PSYoungGen: 88064K->79511K(175104K)] 229965K->221413K(699392K), 0.0098719 secs] [Times: user=0.12 sys=0.00, real=0.01 secs] 
2016-09-25T23:06:50.736-0400: 21.233: [GC (GCLocker Initiated GC) [PSYoungGen: 167575K->46564K(175104K)] 316526K->217807K(699392K), 0.0084823 secs] [Times: user=0.07 sys=0.00, real=0.01 secs] 
2016-09-25T23:06:50.790-0400: 21.288: [GC (GCLocker Initiated GC) [PSYoungGen: 134628K->45441K(175104K)] 311508K->245639K(699392K), 0.0075233 secs] [Times: user=0.06 sys=0.00, real=0.01 secs] 
2016-09-25T23:06:50.851-0400: 21.348: [GC (GCLocker Initiated GC) [PSYoungGen: 133505K->46534K(175104K)] 339187K->276987K(699392K), 0.0110107 secs] [Times: user=0.07 sys=0.01, real=0.01 secs] 
2016-09-25T23:06:50.892-0400: 21.389: [GC (GCLocker Initiated GC) [PSYoungGen: 134598K->61722K(175104K)] 365109K->319651K(699392K), 0.0107828 secs] [Times: user=0.08 sys=0.01, real=0.02 secs] 
2016-09-25T23:06:50.938-0400: 21.435: [GC (GCLocker Initiated GC) [PSYoungGen: 149786K->84818K(175104K)] 413189K->370437K(699392K), 0.0081420 secs] [Times: user=0.11 sys=0.00, real=0.01 secs] 
2016-09-25T23:06:51.002-0400: 21.499: [GC (GCLocker Initiated GC) [PSYoungGen: 172882K->34662K(175104K)] 459189K->371545K(699392K), 0.0076384 secs] [Times: user=0.09 sys=0.00, real=0.01 secs] 
2016-09-25T23:06:51.042-0400: 21.540: [GC (GCLocker Initiated GC) [PSYoungGen: 122726K->71328K(175104K)] 459706K->438628K(699392K), 0.0098167 secs] [Times: user=0.15 sys=0.00, real=0.00 secs] 
2016-09-25T23:06:51.102-0400: 21.599: [GC (GCLocker Initiated GC) [PSYoungGen: 159392K->49642K(175104K)] 530929K->459631K(699392K), 0.0093123 secs] [Times: user=0.14 sys=0.01, real=0.01 secs] 
2016-09-25T23:06:51.144-0400: 21.642: [GC (GCLocker Initiated GC) [PSYoungGen: 137706K->75287K(175104K)] 550638K->499625K(699392K), 0.0072710 secs] [Times: user=0.09 sys=0.00, real=0.00 secs] 
2016-09-25T23:06:51.202-0400: 21.699: [GC (GCLocker Initiated GC) [PSYoungGen: 163351K->52489K(175104K)] 593184K->512608K(699392K), 0.0217430 secs] [Times: user=0.32 sys=0.00, real=0.03 secs] 
2016-09-25T23:06:51.270-0400: 21.768: [GC (GCLocker Initiated GC) [PSYoungGen: 140553K->64637K(175104K)] 607488K->549770K(699392K), 0.0096377 secs] [Times: user=0.14 sys=0.00, real=0.01 secs] 
2016-09-25T23:06:51.280-0400: 21.777: [Full GC (Ergonomics) [PSYoungGen: 64637K->0K(175104K)] [ParOldGen: 485133K->145738K(524288K)] 549770K->145738K(699392K), [Metaspace: 43451K->43451K(1085440K)], 0.0496144 secs] [Times: user=0.39 sys=0.00, real=0.05 secs] 
2016-09-25T23:06:51.374-0400: 21.871: [GC (GCLocker Initiated GC) [PSYoungGen: 88064K->64891K(175104K)] 238352K->215180K(699392K), 0.0061041 secs] [Times: user=0.06 sys=0.00, real=0.01 secs] 
2016-09-25T23:06:51.424-0400: 21.921: [GC (GCLocker Initiated GC) [PSYoungGen: 152955K->49583K(175104K)] 306047K->235982K(699392K), 0.0069005 secs] [Times: user=0.10 sys=0.00, real=0.00 secs] 
2016-09-25T23:06:51.474-0400: 21.971: [GC (GCLocker Initiated GC) [PSYoungGen: 137647K->67309K(175104K)] 336321K->278652K(699392K), 0.0080385 secs] [Times: user=0.08 sys=0.01, real=0.01 secs] 
2016-09-25T23:06:51.532-0400: 22.030: [GC (GCLocker Initiated GC) [PSYoungGen: 155373K->69800K(175104K)] 370844K->304862K(699392K), 0.0076443 secs] [Times: user=0.11 sys=0.00, real=0.01 secs] 
2016-09-25T23:06:51.580-0400: 22.077: [GC (GCLocker Initiated GC) [PSYoungGen: 157864K->53753K(175104K)] 395777K->331334K(699392K), 0.0073332 secs] [Times: user=0.10 sys=0.00, real=0.01 secs] 
2016-09-25T23:06:51.628-0400: 22.126: [GC (GCLocker Initiated GC) [PSYoungGen: 141817K->61759K(175104K)] 426473K->382162K(699392K), 0.0106046 secs] [Times: user=0.13 sys=0.00, real=0.01 secs] 
2016-09-25T23:06:53.347-0400: 23.844: [GC (GCLocker Initiated GC) [PSYoungGen: 149823K->57766K(172032K)] 483804K->401725K(696320K), 0.0122564 secs] [Times: user=0.11 sys=0.00, real=0.01 secs] 
2016-09-25T23:06:53.418-0400: 23.915: [GC (GCLocker Initiated GC) [PSYoungGen: 145830K->42619K(173568K)] 496710K->411735K(697856K), 0.0066370 secs] [Times: user=0.07 sys=0.00, real=0.01 secs] 
2016-09-25T23:06:53.456-0400: 23.954: [GC (GCLocker Initiated GC) [PSYoungGen: 130683K->83489K(174080K)] 502629K->468063K(698368K), 0.0106248 secs] [Times: user=0.09 sys=0.00, real=0.01 secs] 
2016-09-25T23:06:53.530-0400: 24.028: [GC (GCLocker Initiated GC) [PSYoungGen: 171553K->45252K(175104K)] 556302K->458950K(699392K), 0.0173730 secs] [Times: user=0.12 sys=0.00, real=0.02 secs] 
2016-09-25T23:06:53.616-0400: 24.114: [GC (GCLocker Initiated GC) [PSYoungGen: 133316K->57772K(175104K)] 552524K->495045K(699392K), 0.0144255 secs] [Times: user=0.15 sys=0.00, real=0.01 secs] 
2016-09-25T23:06:53.667-0400: 24.164: [GC (GCLocker Initiated GC) [PSYoungGen: 145836K->71248K(175104K)] 583317K->525602K(699392K), 0.0084471 secs] [Times: user=0.10 sys=0.00, real=0.01 secs] 
2016-09-25T23:06:53.720-0400: 24.217: [GC (GCLocker Initiated GC) [PSYoungGen: 159312K->49712K(175104K)] 627364K->541382K(699392K), 0.0074768 secs] [Times: user=0.11 sys=0.00, real=0.01 secs] 
2016-09-25T23:06:53.727-0400: 24.225: [Full GC (Ergonomics) [PSYoungGen: 49712K->0K(175104K)] [ParOldGen: 491670K->139890K(524288K)] 541382K->139890K(699392K), [Metaspace: 43459K->43459K(1085440K)], 0.1988746 secs] [Times: user=2.66 sys=0.02, real=0.20 secs] 
2016-09-25T23:06:53.990-0400: 24.488: [GC (GCLocker Initiated GC) [PSYoungGen: 88064K->72642K(175104K)] 233421K->218000K(699392K), 0.0096760 secs] [Times: user=0.14 sys=0.00, real=0.01 secs] 
2016-09-25T23:06:54.044-0400: 24.541: [GC (GCLocker Initiated GC) [PSYoungGen: 160706K->78124K(175104K)] 308877K->256671K(699392K), 0.0115868 secs] [Times: user=0.12 sys=0.00, real=0.01 secs] 
2016-09-25T23:06:54.109-0400: 24.606: [GC (GCLocker Initiated GC) [PSYoungGen: 166188K->69933K(175104K)] 360973K->281555K(699392K), 0.0113098 secs] [Times: user=0.17 sys=0.00, real=0.01 secs] 
2016-09-25T23:06:54.173-0400: 24.670: [GC (GCLocker Initiated GC) [PSYoungGen: 157997K->64412K(175104K)] 373836K->287619K(699392K), 0.0090291 secs] [Times: user=0.12 sys=0.00, real=0.01 secs] 
2016-09-25T23:06:54.219-0400: 24.716: [GC (GCLocker Initiated GC) [PSYoungGen: 152476K->83313K(175104K)] 375766K->326025K(699392K), 0.0076571 secs] [Times: user=0.11 sys=0.00, real=0.01 secs] 
2016-09-25T23:06:54.276-0400: 24.773: [GC (GCLocker Initiated GC) [PSYoungGen: 171377K->51042K(175104K)] 416926K->349760K(699392K), 0.0077516 secs] [Times: user=0.09 sys=0.02, real=0.01 secs] 
2016-09-25T23:06:54.323-0400: 24.820: [GC (GCLocker Initiated GC) [PSYoungGen: 139106K->86392K(175104K)] 443368K->400757K(699392K), 0.0106820 secs] [Times: user=0.16 sys=0.00, real=0.00 secs] 
2016-09-25T23:06:54.387-0400: 24.884: [GC (GCLocker Initiated GC) [PSYoungGen: 174456K->65919K(175104K)] 498509K->402960K(699392K), 0.0109486 secs] [Times: user=0.15 sys=0.00, real=0.01 secs] 
2016-09-25T23:06:54.447-0400: 24.944: [GC (GCLocker Initiated GC) [PSYoungGen: 153983K->65804K(175104K)] 499261K->422520K(699392K), 0.0064942 secs] [Times: user=0.10 sys=0.00, real=0.00 secs] 
2016-09-25T23:06:54.502-0400: 24.999: [GC (GCLocker Initiated GC) [PSYoungGen: 153868K->44146K(175104K)] 513355K->432518K(699392K), 0.0063417 secs] [Times: user=0.07 sys=0.00, real=0.01 secs] 
2016-09-25T23:06:54.551-0400: 25.048: [GC (GCLocker Initiated GC) [PSYoungGen: 132210K->75554K(175104K)] 528911K->487643K(699392K), 0.0104171 secs] [Times: user=0.13 sys=0.02, real=0.01 secs] 
2016-09-25T23:06:54.618-0400: 25.116: [GC (GCLocker Initiated GC) [PSYoungGen: 163618K->79377K(175104K)] 578479K->509813K(699392K), 0.0119499 secs] [Times: user=0.17 sys=0.01, real=0.01 secs] 
2016-09-25T23:06:54.670-0400: 25.168: [GC (GCLocker Initiated GC) [PSYoungGen: 167441K->65869K(175104K)] 597997K->529470K(699392K), 0.0076889 secs] [Times: user=0.09 sys=0.01, real=0.01 secs] 
2016-09-25T23:06:54.729-0400: 25.226: [GC (GCLocker Initiated GC) [PSYoungGen: 153933K->41687K(175104K)] 629767K->557296K(699392K), 0.0073651 secs] [Times: user=0.09 sys=0.00, real=0.01 secs] 
2016-09-25T23:06:54.736-0400: 25.233: [Full GC (Ergonomics) [PSYoungGen: 41687K->0K(175104K)] [ParOldGen: 515609K->145460K(524288K)] 557296K->145460K(699392K), [Metaspace: 43461K->43461K(1085440K)], 0.0563331 secs] [Times: user=0.44 sys=0.00, real=0.05 secs] 
2016-09-25T23:06:54.832-0400: 25.329: [GC (GCLocker Initiated GC) [PSYoungGen: 88064K->86541K(175104K)] 236436K->236263K(699392K), 0.0068203 secs] [Times: user=0.10 sys=0.01, real=0.01 secs] 
2016-09-25T23:06:54.888-0400: 25.385: [GC (GCLocker Initiated GC) [PSYoungGen: 174605K->64605K(175104K)] 324920K->240311K(699392K), 0.0095242 secs] [Times: user=0.13 sys=0.00, real=0.01 secs] 
2016-09-25T23:06:54.941-0400: 25.438: [GC (GCLocker Initiated GC) [PSYoungGen: 152669K->71357K(175104K)] 328535K->273568K(699392K), 0.0079089 secs] [Times: user=0.10 sys=0.00, real=0.01 secs] 
2016-09-25T23:06:54.994-0400: 25.491: [GC (GCLocker Initiated GC) [PSYoungGen: 159421K->71538K(175104K)] 369860K->315130K(699392K), 0.0092794 secs] [Times: user=0.15 sys=0.00, real=0.02 secs] 
2016-09-25T23:06:55.048-0400: 25.545: [GC (GCLocker Initiated GC) [PSYoungGen: 159602K->57964K(175104K)] 403481K->331071K(699392K), 0.0068782 secs] [Times: user=0.10 sys=0.00, real=0.01 secs] 
2016-09-25T23:06:55.087-0400: 25.584: [GC (GCLocker Initiated GC) [PSYoungGen: 146028K->86193K(175104K)] 419293K->387245K(699392K), 0.0104931 secs] [Times: user=0.14 sys=0.00, real=0.01 secs] 
2016-09-25T23:06:55.144-0400: 25.641: [GC (GCLocker Initiated GC) [PSYoungGen: 174257K->63390K(175104K)] 478199K->408519K(699392K), 0.0083118 secs] [Times: user=0.11 sys=0.00, real=0.00 secs] 
2016-09-25T23:06:55.191-0400: 25.689: [GC (GCLocker Initiated GC) [PSYoungGen: 151454K->60568K(175104K)] 499367K->426761K(699392K), 0.0092015 secs] [Times: user=0.12 sys=0.00, real=0.01 secs] 
2016-09-25T23:06:55.238-0400: 25.735: [GC (GCLocker Initiated GC) [PSYoungGen: 148632K->68680K(175104K)] 520361K->458651K(699392K), 0.0078535 secs] [Times: user=0.05 sys=0.01, real=0.01 secs] 
2016-09-25T23:06:55.291-0400: 25.788: [GC (GCLocker Initiated GC) [PSYoungGen: 156744K->58091K(175104K)] 549664K->484192K(699392K), 0.0108185 secs] [Times: user=0.11 sys=0.00, real=0.01 secs] 
2016-09-25T23:06:55.349-0400: 25.846: [GC (GCLocker Initiated GC) [PSYoungGen: 146155K->63579K(175104K)] 575084K->508194K(699392K), 0.0065725 secs] [Times: user=0.12 sys=0.00, real=0.01 secs] 
2016-09-25T23:06:55.395-0400: 25.892: [GC (GCLocker Initiated GC) [PSYoungGen: 151643K->68648K(175104K)] 596321K->534647K(699392K), 0.0086529 secs] [Times: user=0.14 sys=0.00, real=0.01 secs] 
2016-09-25T23:06:55.446-0400: 25.944: [GC (GCLocker Initiated GC) [PSYoungGen: 156712K->81041K(175104K)] 622886K->570798K(699392K), 0.0087136 secs] [Times: user=0.08 sys=0.01, real=0.01 secs] 
2016-09-25T23:06:55.455-0400: 25.953: [Full GC (Ergonomics) [PSYoungGen: 81041K->0K(175104K)] [ParOldGen: 489756K->153842K(524288K)] 570798K->153842K(699392K), [Metaspace: 43462K->43462K(1085440K)], 0.0552973 secs] [Times: user=0.46 sys=0.00, real=0.05 secs] 
2016-09-25T23:06:55.559-0400: 26.056: [GC (GCLocker Initiated GC) [PSYoungGen: 88064K->56841K(175104K)] 245973K->214750K(699392K), 0.0128132 secs] [Times: user=0.10 sys=0.00, real=0.01 secs] 
2016-09-25T23:06:55.611-0400: 26.108: [GC (GCLocker Initiated GC) [PSYoungGen: 144905K->82473K(175104K)] 307025K->270092K(699392K), 0.0081341 secs] [Times: user=0.10 sys=0.00, real=0.01 secs] 
2016-09-25T23:06:55.668-0400: 26.165: [GC (GCLocker Initiated GC) [PSYoungGen: 170537K->60376K(175104K)] 361001K->270781K(699392K), 0.0066973 secs] [Times: user=0.08 sys=0.01, real=0.01 secs] 
2016-09-25T23:06:55.720-0400: 26.217: [GC (GCLocker Initiated GC) [PSYoungGen: 148440K->66124K(175104K)] 359005K->305607K(699392K), 0.0085718 secs] [Times: user=0.08 sys=0.01, real=0.01 secs] 
2016-09-25T23:06:55.764-0400: 26.261: [GC (GCLocker Initiated GC) [PSYoungGen: 154188K->75907K(175104K)] 396507K->337974K(699392K), 0.0068461 secs] [Times: user=0.08 sys=0.00, real=0.00 secs] 
2016-09-25T23:06:55.831-0400: 26.328: [GC (GCLocker Initiated GC) [PSYoungGen: 163971K->37674K(175104K)] 440975K->331926K(699392K), 0.0063482 secs] [Times: user=0.08 sys=0.01, real=0.01 secs] 
2016-09-25T23:06:55.886-0400: 26.384: [GC (GCLocker Initiated GC) [PSYoungGen: 125738K->57982K(175104K)] 422721K->361289K(699392K), 0.0056726 secs] [Times: user=0.08 sys=0.00, real=0.00 secs] 
2016-09-25T23:06:55.936-0400: 26.433: [GC (GCLocker Initiated GC) [PSYoungGen: 146046K->64680K(175104K)] 452170K->385130K(699392K), 0.0088472 secs] [Times: user=0.10 sys=0.00, real=0.01 secs] 
2016-09-25T23:06:55.996-0400: 26.493: [GC (GCLocker Initiated GC) [PSYoungGen: 152744K->55509K(175104K)] 488155K->430956K(699392K), 0.0120703 secs] [Times: user=0.15 sys=0.00, real=0.01 secs] 
2016-09-25T23:06:56.052-0400: 26.550: [GC (GCLocker Initiated GC) [PSYoungGen: 143573K->52757K(175104K)] 524507K->452431K(699392K), 0.0073144 secs] [Times: user=0.08 sys=0.00, real=0.01 secs] 
2016-09-25T23:06:56.111-0400: 26.608: [GC (GCLocker Initiated GC) [PSYoungGen: 140821K->64495K(174080K)] 546046K->497653K(698368K), 0.0085353 secs] [Times: user=0.12 sys=0.00, real=0.01 secs] 
2016-09-25T23:06:56.151-0400: 26.649: [GC (GCLocker Initiated GC) [PSYoungGen: 152559K->64827K(174592K)] 591219K->537843K(698880K), 0.0101517 secs] [Times: user=0.16 sys=0.00, real=0.01 secs] 
2016-09-25T23:06:56.212-0400: 26.710: [Full GC (Ergonomics) [PSYoungGen: 152891K->0K(174592K)] [ParOldGen: 483910K->165822K(524288K)] 636802K->165822K(698880K), [Metaspace: 43472K->43472K(1085440K)], 0.0761528 secs] [Times: user=0.53 sys=0.01, real=0.08 secs] 
2016-09-25T23:06:56.345-0400: 26.842: [GC (GCLocker Initiated GC) [PSYoungGen: 88064K->63611K(173568K)] 254232K->229780K(697856K), 0.0056498 secs] [Times: user=0.06 sys=0.01, real=0.00 secs] 
2016-09-25T23:06:56.390-0400: 26.887: [GC (GCLocker Initiated GC) [PSYoungGen: 154235K->44342K(174080K)] 320664K->237437K(698368K), 0.0170468 secs] [Times: user=0.23 sys=0.00, real=0.02 secs] 
2016-09-25T23:06:56.462-0400: 26.959: [GC (GCLocker Initiated GC) [PSYoungGen: 134966K->52653K(177664K)] 333551K->270824K(701952K), 0.0083261 secs] [Times: user=0.06 sys=0.00, real=0.00 secs] 
2016-09-25T23:06:56.530-0400: 27.027: [GC (GCLocker Initiated GC) [PSYoungGen: 146861K->53014K(177664K)] 377284K->303379K(701952K), 0.0088425 secs] [Times: user=0.11 sys=0.00, real=0.01 secs] 
2016-09-25T23:06:56.582-0400: 27.080: [GC (GCLocker Initiated GC) [PSYoungGen: 147222K->68758K(176640K)] 404384K->331076K(700928K), 0.0096312 secs] [Times: user=0.09 sys=0.00, real=0.00 secs] 
2016-09-25T23:06:56.644-0400: 27.141: [GC (GCLocker Initiated GC) [PSYoungGen: 162966K->44036K(177664K)] 430793K->338351K(701952K), 0.0071721 secs] [Times: user=0.06 sys=0.00, real=0.00 secs] 
2016-09-25T23:06:56.848-0400: 27.345: [GC (Allocation Failure) [PSYoungGen: 138244K->70802K(174080K)] 432785K->387571K(698368K), 2.1423183 secs] [Times: user=0.10 sys=0.00, real=2.14 secs] 
2016-09-25T23:06:59.019-0400: 29.516: [GC (GCLocker Initiated GC) [PSYoungGen: 160914K->77016K(167424K)] 477697K->398793K(691712K), 0.0135198 secs] [Times: user=0.15 sys=0.00, real=0.01 secs] 
2016-09-25T23:06:59.090-0400: 29.588: [GC (GCLocker Initiated GC) [PSYoungGen: 167128K->46996K(175104K)] 503952K->405050K(699392K), 0.0076388 secs] [Times: user=0.07 sys=0.00, real=0.01 secs] 
2016-09-25T23:06:59.154-0400: 29.651: [GC (GCLocker Initiated GC) [PSYoungGen: 135060K->37582K(175104K)] 494803K->427857K(699392K), 0.0100037 secs] [Times: user=0.07 sys=0.00, real=0.02 secs] 
2016-09-25T23:06:59.216-0400: 29.713: [GC (GCLocker Initiated GC) [PSYoungGen: 125646K->54067K(175104K)] 518904K->479111K(699392K), 0.0111819 secs] [Times: user=0.10 sys=0.00, real=0.01 secs] 
2016-09-25T23:06:59.277-0400: 29.774: [GC (GCLocker Initiated GC) [PSYoungGen: 142131K->67477K(175104K)] 572675K->515306K(699392K), 0.0121336 secs] [Times: user=0.15 sys=0.00, real=0.01 secs] 
2016-09-25T23:06:59.340-0400: 29.837: [GC (GCLocker Initiated GC) [PSYoungGen: 155541K->60900K(174080K)] 614275K->547505K(698368K), 0.0159922 secs] [Times: user=0.18 sys=0.00, real=0.02 secs] 
2016-09-25T23:06:59.356-0400: 29.853: [Full GC (Ergonomics) [PSYoungGen: 60900K->0K(174080K)] [ParOldGen: 486605K->178512K(524288K)] 547505K->178512K(698368K), [Metaspace: 43484K->43484K(1085440K)], 0.0602884 secs] [Times: user=0.40 sys=0.00, real=0.06 secs] 
2016-09-25T23:06:59.480-0400: 29.977: [GC (GCLocker Initiated GC) [PSYoungGen: 88064K->50256K(174592K)] 269464K->231657K(698880K), 0.0121830 secs] [Times: user=0.09 sys=0.00, real=0.01 secs] 
2016-09-25T23:06:59.535-0400: 30.032: [GC (GCLocker Initiated GC) [PSYoungGen: 138320K->64499K(174592K)] 322489K->272931K(698880K), 0.0082706 secs] [Times: user=0.07 sys=0.00, real=0.01 secs] 
2016-09-25T23:06:59.604-0400: 30.101: [GC (GCLocker Initiated GC) [PSYoungGen: 154099K->59322K(174592K)] 365386K->292894K(698880K), 0.0067741 secs] [Times: user=0.08 sys=0.00, real=0.00 secs] 
2016-09-25T23:06:59.658-0400: 30.155: [GC (GCLocker Initiated GC) [PSYoungGen: 148922K->78434K(169984K)] 382744K->342848K(694272K), 0.0103158 secs] [Times: user=0.15 sys=0.00, real=0.01 secs] 
2016-09-25T23:06:59.723-0400: 30.221: [GC (GCLocker Initiated GC) [PSYoungGen: 165986K->48450K(174592K)] 433194K->359866K(698880K), 0.0070884 secs] [Times: user=0.09 sys=0.01, real=0.00 secs] 
2016-09-25T23:06:59.769-0400: 30.267: [GC (GCLocker Initiated GC) [PSYoungGen: 136002K->57050K(169984K)] 455615K->389549K(694272K), 0.0214700 secs] [Times: user=0.24 sys=0.00, real=0.02 secs] 
2016-09-25T23:06:59.846-0400: 30.344: [GC (GCLocker Initiated GC) [PSYoungGen: 145114K->42973K(172544K)] 487423K->409461K(696832K), 0.0126752 secs] [Times: user=0.11 sys=0.00, real=0.01 secs] 
2016-09-25T23:06:59.915-0400: 30.412: [GC (GCLocker Initiated GC) [PSYoungGen: 131037K->44343K(177152K)] 504361K->454936K(701440K), 0.0097702 secs] [Times: user=0.06 sys=0.01, real=0.01 secs] 
2016-09-25T23:06:59.965-0400: 30.462: [GC (GCLocker Initiated GC) [PSYoungGen: 137015K->64391K(177152K)] 547716K->487887K(701440K), 0.0156026 secs] [Times: user=0.16 sys=0.00, real=0.01 secs] 
2016-09-25T23:07:00.037-0400: 30.534: [GC (GCLocker Initiated GC) [PSYoungGen: 157063K->56380K(172544K)] 584377K->509977K(696832K), 0.0137863 secs] [Times: user=0.12 sys=0.00, real=0.01 secs] 
2016-09-25T23:07:00.095-0400: 30.593: [GC (GCLocker Initiated GC) [PSYoungGen: 149564K->52407K(175104K)] 606059K->528553K(699392K), 0.0099691 secs] [Times: user=0.09 sys=0.00, real=0.01 secs] 
2016-09-25T23:07:00.153-0400: 30.651: [GC (GCLocker Initiated GC) [PSYoungGen: 145591K->62004K(178176K)] 621918K->560755K(702464K), 0.0095544 secs] [Times: user=0.08 sys=0.00, real=0.02 secs] 
2016-09-25T23:07:00.163-0400: 30.660: [Full GC (Ergonomics) [PSYoungGen: 62004K->0K(178176K)] [ParOldGen: 498750K->171504K(524288K)] 560755K->171504K(702464K), [Metaspace: 43495K->43495K(1085440K)], 0.0631878 secs] [Times: user=0.53 sys=0.00, real=0.06 secs] 
2016-09-25T23:07:00.281-0400: 30.779: [GC (GCLocker Initiated GC) [PSYoungGen: 99840K->77584K(177664K)] 271568K->260113K(701952K), 0.0119240 secs] [Times: user=0.15 sys=0.01, real=0.01 secs] 
2016-09-25T23:07:00.345-0400: 30.842: [GC (GCLocker Initiated GC) [PSYoungGen: 177424K->72887K(172544K)] 366749K->274508K(696832K), 0.0120923 secs] [Times: user=0.12 sys=0.00, real=0.01 secs] 
2016-09-25T23:07:00.404-0400: 30.901: [GC (GCLocker Initiated GC) [PSYoungGen: 160951K->68533K(175104K)] 373689K->309128K(699392K), 0.0098230 secs] [Times: user=0.09 sys=0.00, real=0.00 secs] 
2016-09-25T23:07:00.457-0400: 30.955: [GC (GCLocker Initiated GC) [PSYoungGen: 156597K->64394K(174080K)] 398963K->332968K(698368K), 0.0071521 secs] [Times: user=0.08 sys=0.01, real=0.01 secs] 
2016-09-25T23:07:00.508-0400: 31.005: [GC (GCLocker Initiated GC) [PSYoungGen: 152458K->69940K(174592K)] 421087K->367443K(698880K), 0.0114035 secs] [Times: user=0.08 sys=0.01, real=0.01 secs] 
2016-09-25T23:07:00.565-0400: 31.062: [GC (GCLocker Initiated GC) [PSYoungGen: 158004K->70015K(175104K)] 458329K->392606K(699392K), 0.0097557 secs] [Times: user=0.09 sys=0.01, real=0.01 secs] 
2016-09-25T23:07:00.617-0400: 31.115: [GC (GCLocker Initiated GC) [PSYoungGen: 158079K->49585K(175104K)] 483510K->385075K(699392K), 0.0156360 secs] [Times: user=0.14 sys=0.01, real=0.01 secs] 
2016-09-25T23:07:00.685-0400: 31.182: [GC (GCLocker Initiated GC) [PSYoungGen: 137649K->60613K(171008K)] 480131K->442994K(695296K), 0.0076895 secs] [Times: user=0.11 sys=0.00, real=0.00 secs] 
2016-09-25T23:07:00.750-0400: 31.247: [GC (GCLocker Initiated GC) [PSYoungGen: 148677K->57883K(173056K)] 541919K->472120K(697344K), 0.0097054 secs] [Times: user=0.14 sys=0.00, real=0.01 secs] 
2016-09-25T23:07:00.802-0400: 31.300: [GC (GCLocker Initiated GC) [PSYoungGen: 145947K->58948K(172544K)] 560293K->490182K(696832K), 0.0076341 secs] [Times: user=0.07 sys=0.00, real=0.00 secs] 
2016-09-25T23:07:00.853-0400: 31.350: [GC (GCLocker Initiated GC) [PSYoungGen: 152644K->49685K(175104K)] 586665K->522168K(699392K), 0.0073856 secs] [Times: user=0.08 sys=0.00, real=0.01 secs] 
2016-09-25T23:07:00.911-0400: 31.409: [GC (GCLocker Initiated GC) [PSYoungGen: 143381K->48251K(180736K)] 620154K->532422K(705024K), 0.0088162 secs] [Times: user=0.08 sys=0.00, real=0.01 secs] 
2016-09-25T23:07:00.920-0400: 31.418: [Full GC (Ergonomics) [PSYoungGen: 48251K->0K(180736K)] [ParOldGen: 484171K->167589K(524288K)] 532422K->167589K(705024K), [Metaspace: 43495K->43495K(1085440K)], 0.0772268 secs] [Times: user=0.64 sys=0.00, real=0.08 secs] 
2016-09-25T23:07:01.051-0400: 31.548: [GC (GCLocker Initiated GC) [PSYoungGen: 99328K->70096K(169472K)] 269720K->240489K(693760K), 0.0113965 secs] [Times: user=0.11 sys=0.00, real=0.02 secs] 
2016-09-25T23:07:01.106-0400: 31.603: [GC (GCLocker Initiated GC) [PSYoungGen: 169424K->52284K(179712K)] 340051K->264162K(704000K), 0.0122665 secs] [Times: user=0.13 sys=0.00, real=0.01 secs] 
2016-09-25T23:07:01.165-0400: 31.663: [GC (GCLocker Initiated GC) [PSYoungGen: 148540K->75427K(172032K)] 367407K->313782K(696320K), 0.0282474 secs] [Times: user=0.37 sys=0.01, real=0.02 secs] 
2016-09-25T23:07:01.240-0400: 31.738: [GC (GCLocker Initiated GC) [PSYoungGen: 171683K->79293K(174080K)] 415583K->329250K(698368K), 0.0068554 secs] [Times: user=0.08 sys=0.00, real=0.01 secs] 
2016-09-25T23:07:01.297-0400: 31.794: [GC (GCLocker Initiated GC) [PSYoungGen: 167357K->46816K(175104K)] 420168K->333906K(699392K), 0.0132168 secs] [Times: user=0.20 sys=0.00, real=0.01 secs] 
2016-09-25T23:07:01.355-0400: 31.852: [GC (GCLocker Initiated GC) [PSYoungGen: 134880K->75372K(175104K)] 424795K->382011K(699392K), 0.0093079 secs] [Times: user=0.12 sys=0.00, real=0.01 secs] 
2016-09-25T23:07:01.397-0400: 31.894: [GC (GCLocker Initiated GC) [PSYoungGen: 163436K->76643K(175104K)] 470299K->407078K(699392K), 0.0077942 secs] [Times: user=0.11 sys=0.00, real=0.01 secs] 
2016-09-25T23:07:01.447-0400: 31.944: [GC (GCLocker Initiated GC) [PSYoungGen: 164707K->70009K(175104K)] 498310K->429817K(699392K), 0.0069045 secs] [Times: user=0.10 sys=0.00, real=0.00 secs] 
2016-09-25T23:07:01.498-0400: 31.995: [GC (GCLocker Initiated GC) [PSYoungGen: 158073K->52083K(175104K)] 523466K->442432K(699392K), 0.0118602 secs] [Times: user=0.10 sys=0.00, real=0.01 secs] 
2016-09-25T23:07:01.542-0400: 32.040: [GC (GCLocker Initiated GC) [PSYoungGen: 140147K->60527K(175104K)] 530944K->470659K(699392K), 0.0070013 secs] [Times: user=0.08 sys=0.00, real=0.00 secs] 
2016-09-25T23:07:01.594-0400: 32.091: [GC (GCLocker Initiated GC) [PSYoungGen: 148591K->67174K(175104K)] 564371K->501235K(699392K), 0.0077303 secs] [Times: user=0.09 sys=0.01, real=0.00 secs] 
2016-09-25T23:07:01.648-0400: 32.145: [GC (GCLocker Initiated GC) [PSYoungGen: 155238K->67276K(175104K)] 594128K->512050K(699392K), 0.0097867 secs] [Times: user=0.08 sys=0.00, real=0.01 secs] 
2016-09-25T23:07:01.707-0400: 32.204: [GC (GCLocker Initiated GC) [PSYoungGen: 155340K->27701K(175104K)] 609668K->501567K(699392K), 0.0239696 secs] [Times: user=0.32 sys=0.00, real=0.02 secs] 
2016-09-25T23:07:01.763-0400: 32.260: [GC (GCLocker Initiated GC) [PSYoungGen: 115765K->83424K(175104K)] 595222K->570152K(699392K), 0.0126838 secs] [Times: user=0.16 sys=0.01, real=0.01 secs] 
2016-09-25T23:07:01.776-0400: 32.273: [Full GC (Ergonomics) [PSYoungGen: 83424K->0K(175104K)] [ParOldGen: 486728K->187625K(524288K)] 570152K->187625K(699392K), [Metaspace: 43495K->43495K(1085440K)], 0.0681404 secs] [Times: user=0.46 sys=0.00, real=0.07 secs] 
2016-09-25T23:07:01.883-0400: 32.380: [GC (GCLocker Initiated GC) [PSYoungGen: 88064K->85367K(175104K)] 282478K->279782K(699392K), 0.0085620 secs] [Times: user=0.14 sys=0.00, real=0.00 secs] 
2016-09-25T23:07:01.941-0400: 32.438: [GC (GCLocker Initiated GC) [PSYoungGen: 173431K->61677K(175104K)] 374218K->277147K(699392K), 0.0064121 secs] [Times: user=0.10 sys=0.00, real=0.01 secs] 
2016-09-25T23:07:01.976-0400: 32.473: [GC (GCLocker Initiated GC) [PSYoungGen: 149741K->76637K(175104K)] 365385K->315763K(699392K), 0.0081982 secs] [Times: user=0.11 sys=0.00, real=0.01 secs] 
2016-09-25T23:07:02.030-0400: 32.527: [GC (GCLocker Initiated GC) [PSYoungGen: 164701K->70068K(175104K)] 406619K->328719K(699392K), 0.0093778 secs] [Times: user=0.11 sys=0.00, real=0.01 secs] 
2016-09-25T23:07:02.089-0400: 32.587: [GC (GCLocker Initiated GC) [PSYoungGen: 158132K->50941K(175104K)] 422300K->337375K(699392K), 0.0122449 secs] [Times: user=0.11 sys=0.00, real=0.01 secs] 
2016-09-25T23:07:02.138-0400: 32.635: [GC (GCLocker Initiated GC) [PSYoungGen: 139005K->52098K(175104K)] 425596K->367571K(699392K), 0.0101678 secs] [Times: user=0.11 sys=0.00, real=0.01 secs] 
2016-09-25T23:07:02.200-0400: 32.697: [GC (GCLocker Initiated GC) [PSYoungGen: 140162K->55010K(175104K)] 458421K->411668K(699392K), 0.0105714 secs] [Times: user=0.15 sys=0.00, real=0.01 secs] 
2016-09-25T23:07:02.245-0400: 32.742: [GC (GCLocker Initiated GC) [PSYoungGen: 143074K->80786K(175104K)] 502567K->448973K(699392K), 0.0114413 secs] [Times: user=0.16 sys=0.00, real=0.01 secs] 
2016-09-25T23:07:02.304-0400: 32.802: [GC (GCLocker Initiated GC) [PSYoungGen: 168850K->68540K(175104K)] 541459K->464802K(699392K), 0.0085017 secs] [Times: user=0.10 sys=0.00, real=0.00 secs] 
2016-09-25T23:07:02.365-0400: 32.862: [GC (GCLocker Initiated GC) [PSYoungGen: 156604K->54727K(175104K)] 552962K->467809K(699392K), 0.0065911 secs] [Times: user=0.06 sys=0.00, real=0.00 secs] 
2016-09-25T23:07:02.400-0400: 32.898: [GC (GCLocker Initiated GC) [PSYoungGen: 142791K->80851K(175104K)] 564057K->505184K(699392K), 0.0086874 secs] [Times: user=0.08 sys=0.01, real=0.01 secs] 
2016-09-25T23:07:02.453-0400: 32.950: [GC (GCLocker Initiated GC) [PSYoungGen: 168915K->53672K(175104K)] 599070K->506115K(699392K), 0.0090326 secs] [Times: user=0.12 sys=0.00, real=0.01 secs] 
2016-09-25T23:07:02.512-0400: 33.010: [GC (GCLocker Initiated GC) [PSYoungGen: 141736K->54728K(175104K)] 597081K->532151K(699392K), 0.0072558 secs] [Times: user=0.06 sys=0.00, real=0.01 secs] 
2016-09-25T23:07:02.557-0400: 33.054: [Full GC (Ergonomics) [PSYoungGen: 142792K->0K(175104K)] [ParOldGen: 484409K->195207K(524288K)] 627201K->195207K(699392K), [Metaspace: 43498K->43498K(1085440K)], 0.0645482 secs] [Times: user=0.32 sys=0.02, real=0.06 secs] 
2016-09-25T23:07:02.672-0400: 33.169: [GC (GCLocker Initiated GC) [PSYoungGen: 88064K->62113K(175104K)] 299156K->273205K(699392K), 0.0091980 secs] [Times: user=0.10 sys=0.00, real=0.01 secs] 
2016-09-25T23:07:02.719-0400: 33.217: [GC (GCLocker Initiated GC) [PSYoungGen: 150177K->42416K(175104K)] 370857K->280211K(699392K), 0.0069010 secs] [Times: user=0.04 sys=0.00, real=0.01 secs] 
2016-09-25T23:07:02.755-0400: 33.253: [GC (GCLocker Initiated GC) [PSYoungGen: 130480K->55089K(175104K)] 376624K->328580K(699392K), 0.0085536 secs] [Times: user=0.07 sys=0.00, real=0.01 secs] 
2016-09-25T23:07:02.832-0400: 33.329: [GC (GCLocker Initiated GC) [PSYoungGen: 143153K->37341K(175104K)] 423503K->341255K(699392K), 0.0104510 secs] [Times: user=0.09 sys=0.00, real=0.02 secs] 
2016-09-25T23:07:02.894-0400: 33.392: [GC (GCLocker Initiated GC) [PSYoungGen: 125405K->82168K(175104K)] 432163K->400206K(699392K), 0.0154719 secs] [Times: user=0.14 sys=0.00, real=0.01 secs] 
2016-09-25T23:07:02.952-0400: 33.449: [GC (GCLocker Initiated GC) [PSYoungGen: 170232K->52306K(175104K)] 493880K->405008K(699392K), 0.0083449 secs] [Times: user=0.08 sys=0.00, real=0.01 secs] 
2016-09-25T23:07:03.000-0400: 33.497: [GC (GCLocker Initiated GC) [PSYoungGen: 140370K->60219K(175104K)] 498642K->425799K(699392K), 0.0093784 secs] [Times: user=0.10 sys=0.01, real=0.01 secs] 
2016-09-25T23:07:03.085-0400: 33.582: [GC (GCLocker Initiated GC) [PSYoungGen: 148283K->33164K(175104K)] 523410K->416903K(699392K), 0.0096626 secs] [Times: user=0.07 sys=0.01, real=0.01 secs] 
2016-09-25T23:07:03.142-0400: 33.640: [GC (GCLocker Initiated GC) [PSYoungGen: 121228K->64522K(175104K)] 507822K->484065K(699392K), 0.0085842 secs] [Times: user=0.10 sys=0.01, real=0.00 secs] 
2016-09-25T23:07:03.195-0400: 33.692: [GC (GCLocker Initiated GC) [PSYoungGen: 152586K->49495K(175104K)] 580769K->499839K(699392K), 0.0072785 secs] [Times: user=0.05 sys=0.01, real=0.01 secs] 
2016-09-25T23:07:03.241-0400: 33.738: [GC (GCLocker Initiated GC) [PSYoungGen: 137559K->64264K(175104K)] 588341K->534525K(699392K), 0.0185290 secs] [Times: user=0.17 sys=0.01, real=0.02 secs] 
2016-09-25T23:07:03.315-0400: 33.813: [GC (GCLocker Initiated GC) [PSYoungGen: 152328K->63142K(175104K)] 626797K->569143K(699392K), 0.0158897 secs] [Times: user=0.24 sys=0.02, real=0.01 secs] 
2016-09-25T23:07:03.331-0400: 33.829: [Full GC (Ergonomics) [PSYoungGen: 63142K->0K(175104K)] [ParOldGen: 506001K->194034K(524288K)] 569143K->194034K(699392K), [Metaspace: 43504K->43504K(1085440K)], 0.0577594 secs] [Times: user=0.56 sys=0.00, real=0.06 secs] 
2016-09-25T23:07:03.432-0400: 33.930: [GC (GCLocker Initiated GC) [PSYoungGen: 88064K->59429K(173056K)] 289000K->260365K(697344K), 0.0069106 secs] [Times: user=0.07 sys=0.01, real=0.01 secs] 
2016-09-25T23:07:03.496-0400: 33.994: [GC (GCLocker Initiated GC) [PSYoungGen: 147493K->41244K(174080K)] 348458K->279566K(698368K), 0.0109837 secs] [Times: user=0.12 sys=0.00, real=0.01 secs] 
2016-09-25T23:07:03.561-0400: 34.059: [GC (GCLocker Initiated GC) [PSYoungGen: 129308K->75271K(174080K)] 367674K->332993K(698368K), 0.0106780 secs] [Times: user=0.15 sys=0.00, real=0.01 secs] 
2016-09-25T23:07:03.629-0400: 34.126: [GC (GCLocker Initiated GC) [PSYoungGen: 163335K->59307K(175104K)] 434614K->351377K(699392K), 0.0068807 secs] [Times: user=0.11 sys=0.00, real=0.01 secs] 
2016-09-25T23:07:03.686-0400: 34.183: [GC (GCLocker Initiated GC) [PSYoungGen: 147371K->46894K(174080K)] 443590K->361400K(698368K), 0.0112233 secs] [Times: user=0.15 sys=0.00, real=0.01 secs] 
2016-09-25T23:07:03.757-0400: 34.254: [GC (GCLocker Initiated GC) [PSYoungGen: 134958K->72693K(174592K)] 452178K->398543K(698880K), 0.0085008 secs] [Times: user=0.12 sys=0.00, real=0.01 secs] 
2016-09-25T23:07:03.824-0400: 34.322: [GC (GCLocker Initiated GC) [PSYoungGen: 160757K->69816K(175104K)] 489455K->418177K(699392K), 0.0071981 secs] [Times: user=0.11 sys=0.00, real=0.00 secs] 
2016-09-25T23:07:03.866-0400: 34.364: [GC (GCLocker Initiated GC) [PSYoungGen: 157880K->68654K(175104K)] 509107K->432533K(699392K), 0.0118188 secs] [Times: user=0.15 sys=0.00, real=0.01 secs] 
2016-09-25T23:07:03.929-0400: 34.426: [GC (GCLocker Initiated GC) [PSYoungGen: 156718K->63228K(175104K)] 527548K->454938K(699392K), 0.0118763 secs] [Times: user=0.13 sys=0.01, real=0.01 secs] 
2016-09-25T23:07:04.001-0400: 34.499: [GC (GCLocker Initiated GC) [PSYoungGen: 151292K->69906K(175104K)] 548643K->488219K(699392K), 0.0110660 secs] [Times: user=0.18 sys=0.00, real=0.01 secs] 
2016-09-25T23:07:04.064-0400: 34.561: [GC (GCLocker Initiated GC) [PSYoungGen: 157970K->79293K(175104K)] 576379K->518528K(699392K), 0.0082091 secs] [Times: user=0.08 sys=0.00, real=0.00 secs] 
2016-09-25T23:07:04.103-0400: 34.601: [GC (GCLocker Initiated GC) [PSYoungGen: 167357K->71409K(175104K)] 606637K->536936K(699392K), 0.0070080 secs] [Times: user=0.09 sys=0.00, real=0.00 secs] 
2016-09-25T23:07:04.159-0400: 34.656: [GC (GCLocker Initiated GC) [PSYoungGen: 159473K->60451K(175104K)] 627821K->545651K(699392K), 0.0144441 secs] [Times: user=0.12 sys=0.00, real=0.01 secs] 
2016-09-25T23:07:04.240-0400: 34.738: [GC (GCLocker Initiated GC) [PSYoungGen: 148515K->61767K(175104K)] 633872K->578838K(699392K), 0.0213254 secs] [Times: user=0.24 sys=0.02, real=0.02 secs] 
2016-09-25T23:07:04.262-0400: 34.759: [Full GC (Ergonomics) [PSYoungGen: 61767K->0K(175104K)] [ParOldGen: 517070K->193538K(524288K)] 578838K->193538K(699392K), [Metaspace: 43519K->43519K(1085440K)], 0.0575169 secs] [Times: user=0.56 sys=0.00, real=0.06 secs] 
2016-09-25T23:07:04.359-0400: 34.857: [GC (GCLocker Initiated GC) [PSYoungGen: 88064K->65974K(174080K)] 287097K->265007K(698368K), 0.0158949 secs] [Times: user=0.21 sys=0.00, real=0.02 secs] 
2016-09-25T23:07:04.424-0400: 34.921: [GC (GCLocker Initiated GC) [PSYoungGen: 154038K->44308K(174592K)] 357134K->284728K(698880K), 0.0074746 secs] [Times: user=0.11 sys=0.00, real=0.00 secs] 
2016-09-25T23:07:04.475-0400: 34.972: [GC (GCLocker Initiated GC) [PSYoungGen: 132372K->58995K(173056K)] 378430K->311062K(697344K), 0.0079055 secs] [Times: user=0.07 sys=0.00, real=0.01 secs] 
2016-09-25T23:07:04.536-0400: 35.033: [GC (GCLocker Initiated GC) [PSYoungGen: 147571K->45291K(174080K)] 402482K->334573K(698368K), 0.0076186 secs] [Times: user=0.09 sys=0.00, real=0.01 secs] 
2016-09-25T23:07:04.593-0400: 35.091: [GC (GCLocker Initiated GC) [PSYoungGen: 133867K->45443K(176128K)] 423293K->354266K(700416K), 0.0142506 secs] [Times: user=0.19 sys=0.00, real=0.02 secs] 
2016-09-25T23:07:04.651-0400: 35.148: [GC (GCLocker Initiated GC) [PSYoungGen: 135555K->82270K(172544K)] 452910K->405622K(696832K), 0.0094044 secs] [Times: user=0.13 sys=0.00, real=0.01 secs] 
2016-09-25T23:07:04.725-0400: 35.222: [GC (GCLocker Initiated GC) [PSYoungGen: 172382K->42639K(175104K)] 504054K->396604K(699392K), 0.0123629 secs] [Times: user=0.16 sys=0.01, real=0.01 secs] 
2016-09-25T23:07:04.785-0400: 35.283: [GC (GCLocker Initiated GC) [PSYoungGen: 130703K->56248K(175104K)] 484749K->439146K(699392K), 0.0128932 secs] [Times: user=0.17 sys=0.00, real=0.01 secs] 
2016-09-25T23:07:04.843-0400: 35.340: [GC (GCLocker Initiated GC) [PSYoungGen: 144312K->35916K(175104K)] 528719K->432919K(699392K), 0.0156624 secs] [Times: user=0.17 sys=0.00, real=0.01 secs] 
2016-09-25T23:07:04.910-0400: 35.407: [GC (GCLocker Initiated GC) [PSYoungGen: 123980K->37303K(175104K)] 526447K->470086K(699392K), 0.0082846 secs] [Times: user=0.07 sys=0.01, real=0.01 secs] 
2016-09-25T23:07:04.970-0400: 35.467: [GC (GCLocker Initiated GC) [PSYoungGen: 125367K->57575K(175104K)] 560989K->504510K(699392K), 0.0151262 secs] [Times: user=0.14 sys=0.00, real=0.02 secs] 
2016-09-25T23:07:05.037-0400: 35.534: [GC (GCLocker Initiated GC) [PSYoungGen: 145639K->46839K(135168K)] 598210K->520295K(659456K), 0.0361812 secs] [Times: user=0.44 sys=0.02, real=0.03 secs] 
2016-09-25T23:07:05.119-0400: 35.616: [GC (GCLocker Initiated GC) [PSYoungGen: 134903K->45256K(175616K)] 611151K->542322K(699904K), 0.0161932 secs] [Times: user=0.18 sys=0.00, real=0.02 secs] 
2016-09-25T23:07:05.135-0400: 35.632: [Full GC (Ergonomics) [PSYoungGen: 45256K->0K(175616K)] [ParOldGen: 497065K->200898K(524288K)] 542322K->200898K(699904K), [Metaspace: 43520K->43520K(1085440K)], 0.0702482 secs] [Times: user=0.61 sys=0.02, real=0.07 secs] 
2016-09-25T23:07:05.246-0400: 35.743: [GC (GCLocker Initiated GC) [PSYoungGen: 89600K->55068K(144896K)] 290674K->256143K(669184K), 0.0214589 secs] [Times: user=0.21 sys=0.01, real=0.02 secs] 
2016-09-25T23:07:05.320-0400: 35.817: [GC (GCLocker Initiated GC) [PSYoungGen: 144668K->44023K(175104K)] 348486K->267597K(699392K), 0.0067203 secs] [Times: user=0.07 sys=0.00, real=0.01 secs] 
2016-09-25T23:07:05.365-0400: 35.863: [GC (GCLocker Initiated GC) [PSYoungGen: 137207K->48420K(173568K)] 361168K->285066K(697856K), 0.0103141 secs] [Times: user=0.12 sys=0.00, real=0.01 secs] 
2016-09-25T23:07:05.430-0400: 35.928: [GC (GCLocker Initiated GC) [PSYoungGen: 141604K->56017K(179200K)] 380995K->305669K(703488K), 0.0097495 secs] [Times: user=0.09 sys=0.01, real=0.01 secs] 
2016-09-25T23:07:05.515-0400: 36.012: [GC (GCLocker Initiated GC) [PSYoungGen: 156881K->33327K(178176K)] 412104K->313241K(702464K), 0.0057500 secs] [Times: user=0.06 sys=0.00, real=0.00 secs] 
2016-09-25T23:07:05.575-0400: 36.073: [GC (GCLocker Initiated GC) [PSYoungGen: 134191K->63050K(180736K)] 414171K->361193K(705024K), 0.0070547 secs] [Times: user=0.08 sys=0.00, real=0.01 secs] 
2016-09-25T23:07:05.632-0400: 36.129: [GC (GCLocker Initiated GC) [PSYoungGen: 165450K->57851K(182272K)] 463672K->383656K(706560K), 0.0070449 secs] [Times: user=0.10 sys=0.01, real=0.01 secs] 
2016-09-25T23:07:05.684-0400: 36.182: [GC (GCLocker Initiated GC) [PSYoungGen: 160251K->78141K(168448K)] 488847K->427653K(692736K), 0.0083667 secs] [Times: user=0.12 sys=0.00, real=0.00 secs] 
2016-09-25T23:07:05.739-0400: 36.236: [GC (GCLocker Initiated GC) [PSYoungGen: 167229K->65798K(155136K)] 519550K->443109K(679424K), 0.0074857 secs] [Times: user=0.10 sys=0.00, real=0.01 secs] 
2016-09-25T23:07:05.785-0400: 36.282: [GC (GCLocker Initiated GC) [PSYoungGen: 154886K->75364K(175104K)] 537702K->495149K(699392K), 0.0084765 secs] [Times: user=0.11 sys=0.00, real=0.00 secs] 
2016-09-25T23:07:05.833-0400: 36.330: [GC (GCLocker Initiated GC) [PSYoungGen: 163428K->68483K(175104K)] 588751K->516043K(699392K), 0.0096723 secs] [Times: user=0.11 sys=0.00, real=0.02 secs] 
2016-09-25T23:07:05.873-0400: 36.371: [GC (GCLocker Initiated GC) [PSYoungGen: 156547K->75418K(175104K)] 609645K->553302K(699392K), 0.0097074 secs] [Times: user=0.15 sys=0.00, real=0.02 secs] 
2016-09-25T23:07:05.932-0400: 36.429: [Full GC (Ergonomics) [PSYoungGen: 163482K->0K(175104K)] [ParOldGen: 497034K->213894K(524288K)] 660516K->213894K(699392K), [Metaspace: 43655K->43655K(1087488K)], 0.0583634 secs] [Times: user=0.50 sys=0.00, real=0.06 secs] 
2016-09-25T23:07:06.044-0400: 36.542: [GC (GCLocker Initiated GC) [PSYoungGen: 88064K->54933K(175104K)] 310550K->277420K(699392K), 0.0072074 secs] [Times: user=0.08 sys=0.00, real=0.00 secs] 
2016-09-25T23:07:06.085-0400: 36.583: [GC (GCLocker Initiated GC) [PSYoungGen: 142997K->65705K(175104K)] 368346K->298333K(699392K), 0.0067357 secs] [Times: user=0.08 sys=0.01, real=0.00 secs] 
2016-09-25T23:07:06.137-0400: 36.635: [GC (GCLocker Initiated GC) [PSYoungGen: 153769K->73985K(175104K)] 394659K->341066K(699392K), 0.0108890 secs] [Times: user=0.14 sys=0.00, real=0.01 secs] 
2016-09-25T23:07:06.196-0400: 36.694: [GC (GCLocker Initiated GC) [PSYoungGen: 162049K->56387K(175104K)] 430491K->351004K(699392K), 0.0103246 secs] [Times: user=0.07 sys=0.00, real=0.01 secs] 
2016-09-25T23:07:06.248-0400: 36.745: [GC (GCLocker Initiated GC) [PSYoungGen: 144451K->76594K(175104K)] 439199K->384101K(699392K), 0.0068777 secs] [Times: user=0.10 sys=0.00, real=0.01 secs] 
2016-09-25T23:07:06.295-0400: 36.793: [GC (GCLocker Initiated GC) [PSYoungGen: 164658K->72672K(175104K)] 481747K->406487K(699392K), 0.0103316 secs] [Times: user=0.13 sys=0.00, real=0.01 secs] 
2016-09-25T23:07:06.349-0400: 36.847: [GC (GCLocker Initiated GC) [PSYoungGen: 160736K->84740K(175104K)] 494631K->440920K(699392K), 0.0077832 secs] [Times: user=0.12 sys=0.00, real=0.01 secs] 
2016-09-25T23:07:06.400-0400: 36.897: [GC (GCLocker Initiated GC) [PSYoungGen: 172804K->68655K(175104K)] 531826K->453919K(699392K), 0.0075910 secs] [Times: user=0.10 sys=0.00, real=0.01 secs] 
2016-09-25T23:07:06.451-0400: 36.948: [GC (GCLocker Initiated GC) [PSYoungGen: 156719K->75473K(175104K)] 546132K->485767K(699392K), 0.0076356 secs] [Times: user=0.11 sys=0.01, real=0.01 secs] 
2016-09-25T23:07:06.509-0400: 37.007: [GC (GCLocker Initiated GC) [PSYoungGen: 163537K->57553K(175104K)] 574043K->509302K(699392K), 0.0098621 secs] [Times: user=0.14 sys=0.01, real=0.01 secs] 
2016-09-25T23:07:06.560-0400: 37.057: [GC (GCLocker Initiated GC) [PSYoungGen: 145617K->63251K(175104K)] 602880K->549238K(699392K), 0.0075307 secs] [Times: user=0.09 sys=0.00, real=0.01 secs] 
2016-09-25T23:07:06.568-0400: 37.065: [Full GC (Ergonomics) [PSYoungGen: 63251K->0K(175104K)] [ParOldGen: 485986K->209787K(524288K)] 549238K->209787K(699392K), [Metaspace: 43655K->43655K(1087488K)], 0.0510838 secs] [Times: user=0.27 sys=0.00, real=0.05 secs] 
2016-09-25T23:07:06.665-0400: 37.162: [GC (GCLocker Initiated GC) [PSYoungGen: 88064K->86349K(175104K)] 306189K->307175K(699392K), 0.0084808 secs] [Times: user=0.12 sys=0.00, real=0.00 secs] 
2016-09-25T23:07:06.726-0400: 37.223: [GC (GCLocker Initiated GC) [PSYoungGen: 174413K->60360K(175104K)] 400814K->317332K(699392K), 0.0073265 secs] [Times: user=0.10 sys=0.00, real=0.00 secs] 
2016-09-25T23:07:06.774-0400: 37.271: [GC (GCLocker Initiated GC) [PSYoungGen: 148424K->75419K(175104K)] 412361K->356061K(699392K), 0.0070345 secs] [Times: user=0.10 sys=0.00, real=0.01 secs] 
2016-09-25T23:07:06.824-0400: 37.321: [GC (GCLocker Initiated GC) [PSYoungGen: 163483K->84638K(175104K)] 446940K->401120K(699392K), 0.0081026 secs] [Times: user=0.11 sys=0.01, real=0.00 secs] 
2016-09-25T23:07:06.875-0400: 37.372: [GC (GCLocker Initiated GC) [PSYoungGen: 172702K->61715K(175104K)] 489300K->417985K(699392K), 0.0111018 secs] [Times: user=0.09 sys=0.00, real=0.01 secs] 
2016-09-25T23:07:06.934-0400: 37.432: [GC (GCLocker Initiated GC) [PSYoungGen: 149779K->71162K(175104K)] 506261K->447061K(699392K), 0.0090868 secs] [Times: user=0.14 sys=0.00, real=0.01 secs] 
2016-09-25T23:07:06.984-0400: 37.482: [GC (GCLocker Initiated GC) [PSYoungGen: 159226K->75303K(175104K)] 535239K->468042K(699392K), 0.0091882 secs] [Times: user=0.10 sys=0.00, real=0.00 secs] 
2016-09-25T23:07:07.039-0400: 37.536: [GC (GCLocker Initiated GC) [PSYoungGen: 163367K->59105K(175104K)] 559078K->486431K(699392K), 0.0094099 secs] [Times: user=0.12 sys=0.00, real=0.01 secs] 
2016-09-25T23:07:07.090-0400: 37.587: [GC (GCLocker Initiated GC) [PSYoungGen: 147169K->48126K(175104K)] 579933K->495002K(699392K), 0.0072061 secs] [Times: user=0.06 sys=0.00, real=0.01 secs] 
2016-09-25T23:07:07.147-0400: 37.645: [GC (GCLocker Initiated GC) [PSYoungGen: 136190K->46780K(175104K)] 589942K->520016K(699392K), 0.0072939 secs] [Times: user=0.07 sys=0.00, real=0.01 secs] 
2016-09-25T23:07:07.196-0400: 37.693: [Full GC (Ergonomics) [PSYoungGen: 134844K->0K(175104K)] [ParOldGen: 484216K->208156K(524288K)] 619061K->208156K(699392K), [Metaspace: 43656K->43656K(1087488K)], 0.0608216 secs] [Times: user=0.44 sys=0.01, real=0.06 secs] 
2016-09-25T23:07:07.305-0400: 37.802: [GC (GCLocker Initiated GC) [PSYoungGen: 88064K->53712K(175104K)] 296246K->261894K(699392K), 0.0078632 secs] [Times: user=0.09 sys=0.00, real=0.00 secs] 
2016-09-25T23:07:07.348-0400: 37.846: [GC (GCLocker Initiated GC) [PSYoungGen: 141776K->86201K(175104K)] 352838K->314141K(699392K), 0.0080516 secs] [Times: user=0.10 sys=0.00, real=0.01 secs] 
2016-09-25T23:07:07.406-0400: 37.903: [GC (GCLocker Initiated GC) [PSYoungGen: 174265K->63141K(175104K)] 407859K->325796K(699392K), 0.0092410 secs] [Times: user=0.14 sys=0.00, real=0.01 secs] 
2016-09-25T23:07:07.463-0400: 37.961: [GC (GCLocker Initiated GC) [PSYoungGen: 151205K->71236K(175104K)] 424739K->361503K(699392K), 0.0068723 secs] [Times: user=0.09 sys=0.00, real=0.00 secs] 
2016-09-25T23:07:07.512-0400: 38.009: [GC (GCLocker Initiated GC) [PSYoungGen: 159300K->59114K(175104K)] 452450K->394663K(699392K), 0.0073701 secs] [Times: user=0.10 sys=0.00, real=0.01 secs] 
2016-09-25T23:07:07.570-0400: 38.068: [GC (GCLocker Initiated GC) [PSYoungGen: 147178K->64401K(175104K)] 488278K->431739K(699392K), 0.0085329 secs] [Times: user=0.11 sys=0.00, real=0.01 secs] 
2016-09-25T23:07:07.620-0400: 38.118: [GC (GCLocker Initiated GC) [PSYoungGen: 152465K->64656K(175104K)] 522725K->467815K(699392K), 0.0099316 secs] [Times: user=0.10 sys=0.02, real=0.01 secs] 
2016-09-25T23:07:07.672-0400: 38.169: [GC (GCLocker Initiated GC) [PSYoungGen: 152720K->44148K(175104K)] 562750K->479128K(699392K), 0.0060923 secs] [Times: user=0.07 sys=0.00, real=0.01 secs] 
2016-09-25T23:07:07.701-0400: 38.198: [GC (GCLocker Initiated GC) [PSYoungGen: 132212K->79429K(175104K)] 569967K->542060K(699392K), 0.0115396 secs] [Times: user=0.15 sys=0.02, real=0.01 secs] 
2016-09-25T23:07:07.763-0400: 38.260: [GC (GCLocker Initiated GC) [PSYoungGen: 167493K->69814K(175104K)] 641004K->565546K(699392K), 0.0073401 secs] [Times: user=0.10 sys=0.01, real=0.00 secs] 
2016-09-25T23:07:07.770-0400: 38.268: [Full GC (Ergonomics) [PSYoungGen: 69814K->0K(175104K)] [ParOldGen: 495731K->222484K(524288K)] 565546K->222484K(699392K), [Metaspace: 43656K->43656K(1087488K)], 0.0534338 secs] [Times: user=0.41 sys=0.00, real=0.06 secs] 
2016-09-25T23:07:07.870-0400: 38.367: [GC (GCLocker Initiated GC) [PSYoungGen: 88064K->65990K(175104K)] 314708K->292634K(699392K), 0.0055390 secs] [Times: user=0.07 sys=0.00, real=0.01 secs] 
2016-09-25T23:07:07.900-0400: 38.398: [GC (GCLocker Initiated GC) [PSYoungGen: 154054K->72427K(175104K)] 386220K->335035K(699392K), 0.0078701 secs] [Times: user=0.12 sys=0.00, real=0.01 secs] 
2016-09-25T23:07:07.948-0400: 38.445: [GC (GCLocker Initiated GC) [PSYoungGen: 160491K->49447K(175104K)] 428543K->340838K(699392K), 0.0069894 secs] [Times: user=0.06 sys=0.00, real=0.01 secs] 
2016-09-25T23:07:07.985-0400: 38.482: [GC (GCLocker Initiated GC) [PSYoungGen: 137511K->71159K(175104K)] 429085K->380757K(699392K), 0.0090861 secs] [Times: user=0.09 sys=0.00, real=0.01 secs] 
2016-09-25T23:07:08.041-0400: 38.538: [GC (GCLocker Initiated GC) [PSYoungGen: 159223K->56484K(175104K)] 478023K->420441K(699392K), 0.0108381 secs] [Times: user=0.17 sys=0.00, real=0.01 secs] 
2016-09-25T23:07:08.101-0400: 38.599: [GC (GCLocker Initiated GC) [PSYoungGen: 144548K->61739K(175104K)] 511301K->449400K(699392K), 0.0100217 secs] [Times: user=0.11 sys=0.00, real=0.01 secs] 
2016-09-25T23:07:08.166-0400: 38.663: [GC (GCLocker Initiated GC) [PSYoungGen: 149803K->76489K(175104K)] 537663K->476941K(699392K), 0.0080441 secs] [Times: user=0.08 sys=0.00, real=0.00 secs] 
2016-09-25T23:07:08.207-0400: 38.704: [GC (GCLocker Initiated GC) [PSYoungGen: 164553K->67231K(175104K)] 565146K->483187K(699392K), 0.0087190 secs] [Times: user=0.08 sys=0.00, real=0.01 secs] 
2016-09-25T23:07:08.261-0400: 38.758: [GC (GCLocker Initiated GC) [PSYoungGen: 155295K->53632K(175104K)] 575599K->501537K(699392K), 0.0106582 secs] [Times: user=0.16 sys=0.00, real=0.01 secs] 
2016-09-25T23:07:08.320-0400: 38.817: [GC (GCLocker Initiated GC) [PSYoungGen: 141696K->67108K(155648K)] 595131K->539957K(679936K), 0.0113484 secs] [Times: user=0.12 sys=0.00, real=0.01 secs] 
2016-09-25T23:07:08.388-0400: 38.885: [GC (GCLocker Initiated GC) [PSYoungGen: 155172K->71306K(174080K)] 628085K->566373K(698368K), 0.0119548 secs] [Times: user=0.15 sys=0.01, real=0.01 secs] 
2016-09-25T23:07:08.400-0400: 38.897: [Full GC (Ergonomics) [PSYoungGen: 71306K->0K(174080K)] [ParOldGen: 495066K->217882K(524288K)] 566373K->217882K(698368K), [Metaspace: 43657K->43657K(1087488K)], 0.0468533 secs] [Times: user=0.42 sys=0.00, real=0.05 secs] 
2016-09-25T23:07:08.476-0400: 38.974: [GC (GCLocker Initiated GC) [PSYoungGen: 87552K->86525K(174592K)] 308264K->307238K(698880K), 0.0070187 secs] [Times: user=0.11 sys=0.00, real=0.01 secs] 
2016-09-25T23:07:08.552-0400: 39.049: [GC (GCLocker Initiated GC) [PSYoungGen: 174077K->64481K(175104K)] 397588K->317301K(699392K), 0.0114474 secs] [Times: user=0.12 sys=0.00, real=0.02 secs] 
2016-09-25T23:07:08.615-0400: 39.113: [GC (GCLocker Initiated GC) [PSYoungGen: 152545K->75353K(175104K)] 405412K->354457K(699392K), 0.0134831 secs] [Times: user=0.19 sys=0.02, real=0.01 secs] 
2016-09-25T23:07:08.671-0400: 39.168: [GC (GCLocker Initiated GC) [PSYoungGen: 163417K->57717K(175104K)] 442639K->353718K(699392K), 0.0057921 secs] [Times: user=0.07 sys=0.00, real=0.01 secs] 
2016-09-25T23:07:08.725-0400: 39.222: [GC (GCLocker Initiated GC) [PSYoungGen: 145781K->61811K(175104K)] 449153K->371116K(699392K), 0.0064422 secs] [Times: user=0.06 sys=0.01, real=0.00 secs] 
2016-09-25T23:07:08.780-0400: 39.277: [GC (GCLocker Initiated GC) [PSYoungGen: 149875K->73936K(175104K)] 460609K->397432K(699392K), 0.0138823 secs] [Times: user=0.15 sys=0.00, real=0.01 secs] 
2016-09-25T23:07:08.866-0400: 39.364: [GC (GCLocker Initiated GC) [PSYoungGen: 162000K->48158K(175104K)] 499245K->398033K(699392K), 0.0070203 secs] [Times: user=0.06 sys=0.00, real=0.00 secs] 
2016-09-25T23:07:08.914-0400: 39.411: [GC (GCLocker Initiated GC) [PSYoungGen: 136222K->35758K(175104K)] 494743K->400140K(699392K), 0.0054830 secs] [Times: user=0.04 sys=0.00, real=0.00 secs] 
2016-09-25T23:07:08.949-0400: 39.446: [GC (GCLocker Initiated GC) [PSYoungGen: 123822K->51979K(175104K)] 491181K->433192K(699392K), 0.0170994 secs] [Times: user=0.16 sys=0.00, real=0.02 secs] 
2016-09-25T23:07:09.033-0400: 39.530: [GC (GCLocker Initiated GC) [PSYoungGen: 140043K->54835K(175104K)] 525373K->458122K(699392K), 0.0216180 secs] [Times: user=0.25 sys=0.00, real=0.03 secs] 
2016-09-25T23:07:09.108-0400: 39.605: [GC (GCLocker Initiated GC) [PSYoungGen: 142899K->76682K(175104K)] 552510K->509662K(699392K), 0.0082375 secs] [Times: user=0.10 sys=0.00, real=0.01 secs] 
2016-09-25T23:07:09.163-0400: 39.661: [GC (GCLocker Initiated GC) [PSYoungGen: 164746K->43800K(175104K)] 603172K->513794K(699392K), 0.0084276 secs] [Times: user=0.07 sys=0.00, real=0.00 secs] 
2016-09-25T23:07:09.204-0400: 39.701: [GC (GCLocker Initiated GC) [PSYoungGen: 131864K->53560K(175104K)] 604674K->556419K(699392K), 0.0195098 secs] [Times: user=0.18 sys=0.01, real=0.02 secs] 
2016-09-25T23:07:09.223-0400: 39.721: [Full GC (Ergonomics) [PSYoungGen: 53560K->0K(175104K)] [ParOldGen: 502858K->222175K(524288K)] 556419K->222175K(699392K), [Metaspace: 43657K->43657K(1087488K)], 0.1004531 secs] [Times: user=0.50 sys=0.00, real=0.10 secs] 
2016-09-25T23:07:09.365-0400: 39.862: [GC (GCLocker Initiated GC) [PSYoungGen: 88064K->50946K(175104K)] 313073K->275955K(699392K), 0.0154664 secs] [Times: user=0.16 sys=0.00, real=0.01 secs] 
2016-09-25T23:07:09.408-0400: 39.905: [GC (GCLocker Initiated GC) [PSYoungGen: 139010K->67237K(175104K)] 366937K->302590K(699392K), 0.0181643 secs] [Times: user=0.16 sys=0.00, real=0.02 secs] 
2016-09-25T23:07:09.497-0400: 39.994: [GC (GCLocker Initiated GC) [PSYoungGen: 155301K->57693K(175104K)] 392386K->314365K(699392K), 0.0101840 secs] [Times: user=0.12 sys=0.00, real=0.01 secs] 
2016-09-25T23:07:09.557-0400: 40.054: [GC (GCLocker Initiated GC) [PSYoungGen: 145757K->65747K(154112K)] 405240K->351385K(678400K), 0.0071625 secs] [Times: user=0.10 sys=0.00, real=0.01 secs] 
2016-09-25T23:07:09.596-0400: 40.093: [GC (GCLocker Initiated GC) [PSYoungGen: 153811K->64630K(175616K)] 446452K->386104K(699904K), 0.0066161 secs] [Times: user=0.09 sys=0.00, real=0.01 secs] 
2016-09-25T23:07:09.634-0400: 40.131: [GC (GCLocker Initiated GC) [PSYoungGen: 153718K->84843K(174592K)] 486225K->424776K(698880K), 0.0070951 secs] [Times: user=0.10 sys=0.00, real=0.01 secs] 
2016-09-25T23:07:09.685-0400: 40.182: [GC (GCLocker Initiated GC) [PSYoungGen: 173931K->53544K(175104K)] 516601K->430611K(699392K), 0.0092023 secs] [Times: user=0.13 sys=0.00, real=0.01 secs] 
2016-09-25T23:07:09.740-0400: 40.238: [GC (GCLocker Initiated GC) [PSYoungGen: 141608K->60359K(175104K)] 518879K->462341K(699392K), 0.0072698 secs] [Times: user=0.10 sys=0.00, real=0.01 secs] 
2016-09-25T23:07:09.789-0400: 40.286: [GC (GCLocker Initiated GC) [PSYoungGen: 148423K->72693K(175104K)] 555949K->515870K(699392K), 0.0101895 secs] [Times: user=0.12 sys=0.00, real=0.01 secs] 
2016-09-25T23:07:09.837-0400: 40.335: [GC (GCLocker Initiated GC) [PSYoungGen: 160757K->73967K(175104K)] 604153K->528786K(699392K), 0.0102197 secs] [Times: user=0.09 sys=0.01, real=0.01 secs] 
2016-09-25T23:07:09.884-0400: 40.382: [GC (GCLocker Initiated GC) [PSYoungGen: 162031K->72445K(175104K)] 618312K->552284K(699392K), 0.0100486 secs] [Times: user=0.11 sys=0.00, real=0.01 secs] 
2016-09-25T23:07:09.895-0400: 40.392: [Full GC (Ergonomics) [PSYoungGen: 72445K->0K(175104K)] [ParOldGen: 479838K->228436K(524288K)] 552284K->228436K(699392K), [Metaspace: 43657K->43657K(1087488K)], 0.0670057 secs] [Times: user=0.42 sys=0.00, real=0.06 secs] 
2016-09-25T23:07:10.007-0400: 40.504: [GC (GCLocker Initiated GC) [PSYoungGen: 88064K->78349K(175104K)] 322037K->312323K(699392K), 0.0107420 secs] [Times: user=0.09 sys=0.00, real=0.01 secs] 
2016-09-25T23:07:10.063-0400: 40.560: [GC (GCLocker Initiated GC) [PSYoungGen: 166413K->50830K(175104K)] 401879K->319590K(699392K), 0.0084114 secs] [Times: user=0.06 sys=0.00, real=0.00 secs] 
2016-09-25T23:07:10.109-0400: 40.606: [GC (GCLocker Initiated GC) [PSYoungGen: 138894K->79267K(175104K)] 413221K->375658K(699392K), 0.0079640 secs] [Times: user=0.12 sys=0.00, real=0.01 secs] 
2016-09-25T23:07:10.157-0400: 40.654: [GC (GCLocker Initiated GC) [PSYoungGen: 167331K->68532K(175104K)] 469375K->396741K(699392K), 0.0132433 secs] [Times: user=0.16 sys=0.00, real=0.01 secs] 
2016-09-25T23:07:10.211-0400: 40.708: [GC (GCLocker Initiated GC) [PSYoungGen: 156596K->67291K(175104K)] 493348K->419445K(699392K), 0.0096688 secs] [Times: user=0.12 sys=0.00, real=0.01 secs] 
2016-09-25T23:07:10.270-0400: 40.767: [GC (GCLocker Initiated GC) [PSYoungGen: 155355K->64309K(175104K)] 517126K->438839K(699392K), 0.0073292 secs] [Times: user=0.08 sys=0.00, real=0.01 secs] 
2016-09-25T23:07:10.321-0400: 40.818: [GC (GCLocker Initiated GC) [PSYoungGen: 152373K->53647K(175104K)] 529663K->447516K(699392K), 0.0088528 secs] [Times: user=0.09 sys=0.00, real=0.01 secs] 
2016-09-25T23:07:10.367-0400: 40.864: [GC (GCLocker Initiated GC) [PSYoungGen: 141711K->52095K(175104K)] 538355K->461446K(699392K), 0.0102448 secs] [Times: user=0.09 sys=0.00, real=0.01 secs] 
2016-09-25T23:07:10.417-0400: 40.915: [GC (GCLocker Initiated GC) [PSYoungGen: 140159K->60483K(175104K)] 549545K->498686K(699392K), 0.0096031 secs] [Times: user=0.13 sys=0.02, real=0.01 secs] 
2016-09-25T23:07:10.462-0400: 40.959: [GC (GCLocker Initiated GC) [PSYoungGen: 148547K->79472K(175104K)] 589676K->534717K(699392K), 0.0159128 secs] [Times: user=0.11 sys=0.00, real=0.02 secs] 
2016-09-25T23:07:11.392-0400: 41.890: [GC (GCLocker Initiated GC) [PSYoungGen: 167536K->67138K(175104K)] 622904K->552926K(699392K), 0.0108049 secs] [Times: user=0.12 sys=0.01, real=0.02 secs] 
2016-09-25T23:07:11.403-0400: 41.901: [Full GC (Ergonomics) [PSYoungGen: 67138K->0K(175104K)] [ParOldGen: 485788K->226368K(524288K)] 552926K->226368K(699392K), [Metaspace: 43665K->43665K(1087488K)], 0.0528069 secs] [Times: user=0.42 sys=0.00, real=0.05 secs] 
2016-09-25T23:07:11.503-0400: 42.000: [GC (GCLocker Initiated GC) [PSYoungGen: 88064K->86369K(175104K)] 319958K->325013K(699392K), 0.0109412 secs] [Times: user=0.14 sys=0.02, real=0.00 secs] 
2016-09-25T23:07:11.556-0400: 42.053: [GC (GCLocker Initiated GC) [PSYoungGen: 174433K->54956K(175104K)] 413105K->324147K(699392K), 0.0062313 secs] [Times: user=0.09 sys=0.00, real=0.01 secs] 
2016-09-25T23:07:11.607-0400: 42.104: [GC (GCLocker Initiated GC) [PSYoungGen: 143020K->63144K(175104K)] 416324K->355892K(699392K), 0.0072439 secs] [Times: user=0.08 sys=0.00, real=0.01 secs] 
2016-09-25T23:07:11.652-0400: 42.149: [GC (GCLocker Initiated GC) [PSYoungGen: 151208K->71156K(175104K)] 446879K->402544K(699392K), 0.0113443 secs] [Times: user=0.13 sys=0.00, real=0.02 secs] 
2016-09-25T23:07:11.712-0400: 42.210: [GC (GCLocker Initiated GC) [PSYoungGen: 159220K->59094K(175104K)] 493717K->422449K(699392K), 0.0120018 secs] [Times: user=0.15 sys=0.00, real=0.02 secs] 
2016-09-25T23:07:11.773-0400: 42.270: [GC (GCLocker Initiated GC) [PSYoungGen: 147158K->68423K(175104K)] 519097K->457103K(699392K), 0.0090463 secs] [Times: user=0.11 sys=0.00, real=0.02 secs] 
2016-09-25T23:07:11.819-0400: 42.316: [GC (GCLocker Initiated GC) [PSYoungGen: 156487K->67150K(174080K)] 546023K->477395K(698368K), 0.0076158 secs] [Times: user=0.10 sys=0.00, real=0.01 secs] 
2016-09-25T23:07:11.871-0400: 42.368: [GC (GCLocker Initiated GC) [PSYoungGen: 155214K->75143K(174592K)] 571138K->510460K(698880K), 0.0084696 secs] [Times: user=0.11 sys=0.00, real=0.01 secs] 
2016-09-25T23:07:11.924-0400: 42.421: [GC (GCLocker Initiated GC) [PSYoungGen: 163207K->61770K(175104K)] 604020K->535428K(699392K), 0.0105743 secs] [Times: user=0.12 sys=0.01, real=0.01 secs] 
2016-09-25T23:07:11.977-0400: 42.474: [GC (GCLocker Initiated GC) [PSYoungGen: 149834K->84732K(175104K)] 626271K->580614K(699392K), 0.0082451 secs] [Times: user=0.11 sys=0.00, real=0.01 secs] 
2016-09-25T23:07:11.986-0400: 42.483: [Full GC (Ergonomics) [PSYoungGen: 84732K->0K(175104K)] [ParOldGen: 495881K->237618K(524288K)] 580614K->237618K(699392K), [Metaspace: 43665K->43665K(1087488K)], 0.0713868 secs] [Times: user=0.43 sys=0.02, real=0.07 secs] 
2016-09-25T23:07:12.105-0400: 42.602: [GC (GCLocker Initiated GC) [PSYoungGen: 88064K->79589K(175104K)] 327138K->318664K(699392K), 0.0073364 secs] [Times: user=0.07 sys=0.01, real=0.00 secs] 
2016-09-25T23:07:12.154-0400: 42.651: [GC (GCLocker Initiated GC) [PSYoungGen: 167653K->61686K(175104K)] 407938K->312261K(699392K), 0.0134533 secs] [Times: user=0.17 sys=0.00, real=0.01 secs] 
2016-09-25T23:07:12.214-0400: 42.712: [GC (GCLocker Initiated GC) [PSYoungGen: 149750K->56113K(175104K)] 405820K->318087K(699392K), 0.0181437 secs] [Times: user=0.17 sys=0.00, real=0.01 secs] 
2016-09-25T23:07:12.277-0400: 42.774: [GC (GCLocker Initiated GC) [PSYoungGen: 144177K->63167K(175104K)] 415820K->366311K(699392K), 0.0090300 secs] [Times: user=0.08 sys=0.00, real=0.01 secs] 
2016-09-25T23:07:12.332-0400: 42.829: [GC (GCLocker Initiated GC) [PSYoungGen: 151231K->54884K(175104K)] 470605K->384160K(699392K), 0.0171452 secs] [Times: user=0.18 sys=0.00, real=0.02 secs] 
2016-09-25T23:07:12.398-0400: 42.895: [GC (GCLocker Initiated GC) [PSYoungGen: 142948K->34494K(175104K)] 491258K->391311K(699392K), 0.0098470 secs] [Times: user=0.07 sys=0.00, real=0.01 secs] 
2016-09-25T23:07:12.445-0400: 42.943: [GC (GCLocker Initiated GC) [PSYoungGen: 122558K->58899K(175104K)] 479509K->424538K(699392K), 0.0109908 secs] [Times: user=0.11 sys=0.00, real=0.01 secs] 
2016-09-25T23:07:12.497-0400: 42.994: [GC (GCLocker Initiated GC) [PSYoungGen: 146963K->49483K(175104K)] 516747K->443976K(699392K), 0.0100839 secs] [Times: user=0.06 sys=0.02, real=0.01 secs] 
2016-09-25T23:07:12.548-0400: 43.045: [GC (GCLocker Initiated GC) [PSYoungGen: 137547K->69774K(175104K)] 537536K->483875K(699392K), 0.0232828 secs] [Times: user=0.28 sys=0.00, real=0.02 secs] 
2016-09-25T23:07:12.612-0400: 43.109: [GC (GCLocker Initiated GC) [PSYoungGen: 157838K->61858K(175104K)] 580162K->494132K(699392K), 0.0086558 secs] [Times: user=0.11 sys=0.00, real=0.01 secs] 
2016-09-25T23:07:12.671-0400: 43.168: [GC (GCLocker Initiated GC) [PSYoungGen: 149922K->61729K(171008K)] 587663K->512204K(695296K), 0.0076969 secs] [Times: user=0.06 sys=0.00, real=0.01 secs] 
2016-09-25T23:07:12.724-0400: 43.221: [GC (GCLocker Initiated GC) [PSYoungGen: 149793K->34407K(173056K)] 604444K->511257K(697344K), 0.0082453 secs] [Times: user=0.05 sys=0.00, real=0.00 secs] 
2016-09-25T23:07:12.767-0400: 43.265: [GC (GCLocker Initiated GC) [PSYoungGen: 122471K->43932K(175104K)] 604977K->552465K(699392K), 0.0204972 secs] [Times: user=0.21 sys=0.01, real=0.02 secs] 
2016-09-25T23:07:12.788-0400: 43.285: [Full GC (Ergonomics) [PSYoungGen: 43932K->0K(175104K)] [ParOldGen: 508533K->221591K(524288K)] 552465K->221591K(699392K), [Metaspace: 43667K->43667K(1087488K)], 0.1599962 secs] [Times: user=2.08 sys=0.01, real=0.16 secs] 
2016-09-25T23:07:12.977-0400: 43.474: [GC (GCLocker Initiated GC) [PSYoungGen: 88064K->73011K(175104K)] 319171K->304118K(699392K), 0.0067610 secs] [Times: user=0.07 sys=0.00, real=0.01 secs] 
2016-09-25T23:07:13.026-0400: 43.523: [GC (GCLocker Initiated GC) [PSYoungGen: 161075K->68406K(175104K)] 401792K->315484K(699392K), 0.0058733 secs] [Times: user=0.08 sys=0.00, real=0.00 secs] 
2016-09-25T23:07:13.073-0400: 43.571: [GC (GCLocker Initiated GC) [PSYoungGen: 156470K->72603K(175104K)] 406542K->331177K(699392K), 0.0111391 secs] [Times: user=0.16 sys=0.01, real=0.02 secs] 
2016-09-25T23:07:13.136-0400: 43.633: [GC (GCLocker Initiated GC) [PSYoungGen: 160667K->69840K(175104K)] 422155K->357571K(699392K), 0.0113474 secs] [Times: user=0.17 sys=0.00, real=0.01 secs] 
2016-09-25T23:07:13.200-0400: 43.697: [GC (GCLocker Initiated GC) [PSYoungGen: 157904K->48175K(175104K)] 448400K->389108K(699392K), 0.0110662 secs] [Times: user=0.15 sys=0.00, real=0.01 secs] 
2016-09-25T23:07:13.249-0400: 43.746: [GC (GCLocker Initiated GC) [PSYoungGen: 136239K->73985K(175104K)] 480009K->441194K(699392K), 0.0074265 secs] [Times: user=0.11 sys=0.00, real=0.01 secs] 
2016-09-25T23:07:13.291-0400: 43.789: [GC (GCLocker Initiated GC) [PSYoungGen: 162049K->60479K(175104K)] 530700K->451300K(699392K), 0.0079814 secs] [Times: user=0.07 sys=0.00, real=0.01 secs] 
2016-09-25T23:07:13.351-0400: 43.849: [GC (GCLocker Initiated GC) [PSYoungGen: 148543K->68502K(175104K)] 550288K->487099K(699392K), 0.0105620 secs] [Times: user=0.12 sys=0.00, real=0.01 secs] 
2016-09-25T23:07:13.428-0400: 43.925: [GC (GCLocker Initiated GC) [PSYoungGen: 156566K->63103K(175104K)] 581949K->512018K(699392K), 0.0111670 secs] [Times: user=0.13 sys=0.00, real=0.01 secs] 
2016-09-25T23:07:13.477-0400: 43.974: [GC (GCLocker Initiated GC) [PSYoungGen: 151167K->73827K(175104K)] 600247K->540972K(699392K), 0.0068935 secs] [Times: user=0.09 sys=0.00, real=0.01 secs] 
2016-09-25T23:07:13.518-0400: 44.015: [GC (GCLocker Initiated GC) [PSYoungGen: 161891K->65758K(175104K)] 634559K->557784K(699392K), 0.0070551 secs] [Times: user=0.11 sys=0.00, real=0.01 secs] 
2016-09-25T23:07:13.525-0400: 44.023: [Full GC (Ergonomics) [PSYoungGen: 65758K->0K(175104K)] [ParOldGen: 492026K->226245K(524288K)] 557784K->226245K(699392K), [Metaspace: 43667K->43667K(1087488K)], 0.0696762 secs] [Times: user=0.54 sys=0.00, real=0.07 secs] 
2016-09-25T23:07:13.661-0400: 44.158: [GC (GCLocker Initiated GC) [PSYoungGen: 88064K->75542K(175104K)] 317108K->304587K(699392K), 0.0116629 secs] [Times: user=0.18 sys=0.00, real=0.01 secs] 
2016-09-25T23:07:13.708-0400: 44.205: [GC (GCLocker Initiated GC) [PSYoungGen: 163606K->76648K(175104K)] 404931K->334993K(699392K), 0.0069729 secs] [Times: user=0.09 sys=0.00, real=0.01 secs] 
2016-09-25T23:07:13.756-0400: 44.254: [GC (GCLocker Initiated GC) [PSYoungGen: 164712K->76616K(175104K)] 429958K->369461K(699392K), 0.0075908 secs] [Times: user=0.11 sys=0.00, real=0.01 secs] 
2016-09-25T23:07:13.826-0400: 44.323: [GC (GCLocker Initiated GC) [PSYoungGen: 164680K->57564K(175104K)] 464337K->383350K(699392K), 0.0107324 secs] [Times: user=0.16 sys=0.01, real=0.01 secs] 
2016-09-25T23:07:13.880-0400: 44.378: [GC (GCLocker Initiated GC) [PSYoungGen: 145628K->68490K(175104K)] 471546K->419117K(699392K), 0.0112727 secs] [Times: user=0.10 sys=0.01, real=0.01 secs] 
2016-09-25T23:07:13.938-0400: 44.436: [GC (GCLocker Initiated GC) [PSYoungGen: 156554K->60449K(175104K)] 512829K->452302K(699392K), 0.0084145 secs] [Times: user=0.10 sys=0.00, real=0.01 secs] 
2016-09-25T23:07:13.990-0400: 44.487: [GC (GCLocker Initiated GC) [PSYoungGen: 148513K->45509K(175104K)] 551426K->471912K(699392K), 0.0100303 secs] [Times: user=0.14 sys=0.01, real=0.01 secs] 
2016-09-25T23:07:14.043-0400: 44.540: [GC (GCLocker Initiated GC) [PSYoungGen: 133573K->80686K(175104K)] 568301K->515969K(699392K), 0.0104203 secs] [Times: user=0.15 sys=0.00, real=0.00 secs] 
2016-09-25T23:07:14.122-0400: 44.619: [GC (GCLocker Initiated GC) [PSYoungGen: 168750K->60327K(175104K)] 606988K->516679K(699392K), 0.0107761 secs] [Times: user=0.10 sys=0.01, real=0.01 secs] 
2016-09-25T23:07:14.169-0400: 44.667: [GC (GCLocker Initiated GC) [PSYoungGen: 148391K->60327K(175104K)] 604838K->555005K(699392K), 0.0072256 secs] [Times: user=0.10 sys=0.01, real=0.01 secs] 
2016-09-25T23:07:14.177-0400: 44.674: [Full GC (Ergonomics) [PSYoungGen: 60327K->0K(175104K)] [ParOldGen: 494678K->225407K(524288K)] 555005K->225407K(699392K), [Metaspace: 43667K->43667K(1087488K)], 0.0536165 secs] [Times: user=0.37 sys=0.00, real=0.05 secs] 
2016-09-25T23:07:14.277-0400: 44.774: [GC (GCLocker Initiated GC) [PSYoungGen: 88064K->86375K(175104K)] 321698K->320010K(699392K), 0.0108055 secs] [Times: user=0.16 sys=0.01, real=0.01 secs] 
2016-09-25T23:07:14.361-0400: 44.858: [GC (GCLocker Initiated GC) [PSYoungGen: 174439K->60557K(175104K)] 421719K->326236K(699392K), 0.0065073 secs] [Times: user=0.09 sys=0.00, real=0.01 secs] 
2016-09-25T23:07:14.402-0400: 44.899: [GC (GCLocker Initiated GC) [PSYoungGen: 148621K->61697K(175104K)] 414438K->347026K(699392K), 0.0064498 secs] [Times: user=0.08 sys=0.01, real=0.01 secs] 
2016-09-25T23:07:14.439-0400: 44.937: [GC (GCLocker Initiated GC) [PSYoungGen: 149761K->73981K(175104K)] 436551K->390974K(699392K), 0.0076123 secs] [Times: user=0.08 sys=0.01, real=0.01 secs] 
2016-09-25T23:07:14.503-0400: 45.000: [GC (GCLocker Initiated GC) [PSYoungGen: 162045K->57692K(175104K)] 479621K->398838K(699392K), 0.0103479 secs] [Times: user=0.12 sys=0.00, real=0.00 secs] 
2016-09-25T23:07:14.568-0400: 45.066: [GC (GCLocker Initiated GC) [PSYoungGen: 145756K->50865K(175104K)] 487041K->431849K(699392K), 0.0106296 secs] [Times: user=0.15 sys=0.00, real=0.01 secs] 
2016-09-25T23:07:14.620-0400: 45.117: [GC (GCLocker Initiated GC) [PSYoungGen: 138929K->60622K(175104K)] 533462K->481301K(699392K), 0.0066297 secs] [Times: user=0.08 sys=0.02, real=0.01 secs] 
2016-09-25T23:07:14.665-0400: 45.163: [GC (GCLocker Initiated GC) [PSYoungGen: 148686K->49541K(175104K)] 581622K->491310K(699392K), 0.0068928 secs] [Times: user=0.07 sys=0.01, real=0.00 secs] 
2016-09-25T23:07:14.716-0400: 45.214: [GC (GCLocker Initiated GC) [PSYoungGen: 137605K->58914K(175104K)] 579460K->517479K(699392K), 0.0104427 secs] [Times: user=0.09 sys=0.02, real=0.01 secs] 
2016-09-25T23:07:14.775-0400: 45.273: [GC (GCLocker Initiated GC) [PSYoungGen: 146978K->64436K(152576K)] 605572K->531561K(676864K), 0.0118911 secs] [Times: user=0.12 sys=0.02, real=0.01 secs] 
2016-09-25T23:07:14.841-0400: 45.338: [GC (GCLocker Initiated GC) [PSYoungGen: 152500K->57615K(175104K)] 622384K->555110K(699392K), 0.0113317 secs] [Times: user=0.09 sys=0.01, real=0.01 secs] 
2016-09-25T23:07:14.853-0400: 45.350: [Full GC (Ergonomics) [PSYoungGen: 57615K->0K(175104K)] [ParOldGen: 497494K->230208K(524288K)] 555110K->230208K(699392K), [Metaspace: 43669K->43669K(1087488K)], 0.0536750 secs] [Times: user=0.33 sys=0.04, real=0.06 secs] 
2016-09-25T23:07:14.943-0400: 45.440: [GC (GCLocker Initiated GC) [PSYoungGen: 89600K->75620K(173568K)] 325299K->311320K(697856K), 0.0098084 secs] [Times: user=0.13 sys=0.00, real=0.00 secs] 
2016-09-25T23:07:14.993-0400: 45.491: [GC (GCLocker Initiated GC) [PSYoungGen: 165220K->63041K(175616K)] 409156K->315967K(699904K), 0.0076220 secs] [Times: user=0.08 sys=0.01, real=0.01 secs] 
2016-09-25T23:07:15.038-0400: 45.536: [GC (GCLocker Initiated GC) [PSYoungGen: 153665K->54973K(175104K)] 412047K->344986K(699392K), 0.0063503 secs] [Times: user=0.10 sys=0.00, real=0.01 secs] 
2016-09-25T23:07:15.081-0400: 45.578: [GC (GCLocker Initiated GC) [PSYoungGen: 145597K->73828K(174080K)] 438921K->395964K(698368K), 0.0077094 secs] [Times: user=0.11 sys=0.01, real=0.01 secs] 
2016-09-25T23:07:15.129-0400: 45.626: [GC (GCLocker Initiated GC) [PSYoungGen: 163940K->75194K(165376K)] 490131K->414035K(689664K), 0.0070252 secs] [Times: user=0.10 sys=0.00, real=0.01 secs] 
2016-09-25T23:07:15.172-0400: 45.669: [GC (GCLocker Initiated GC) [PSYoungGen: 165306K->67155K(175616K)] 504710K->428663K(699904K), 0.0080850 secs] [Times: user=0.12 sys=0.00, real=0.01 secs] 
2016-09-25T23:07:15.221-0400: 45.719: [GC (GCLocker Initiated GC) [PSYoungGen: 155731K->49336K(175104K)] 520080K->434480K(699392K), 0.0078395 secs] [Times: user=0.08 sys=0.00, real=0.01 secs] 
2016-09-25T23:07:15.267-0400: 45.765: [GC (GCLocker Initiated GC) [PSYoungGen: 137912K->79400K(175104K)] 531235K->493470K(699392K), 0.0070159 secs] [Times: user=0.10 sys=0.00, real=0.01 secs] 
2016-09-25T23:07:15.317-0400: 45.815: [GC (GCLocker Initiated GC) [PSYoungGen: 167464K->64371K(175104K)] 589752K->502093K(699392K), 0.0085059 secs] [Times: user=0.08 sys=0.00, real=0.01 secs] 
2016-09-25T23:07:15.371-0400: 45.868: [GC (GCLocker Initiated GC) [PSYoungGen: 152435K->30416K(175104K)] 601023K->491547K(699392K), 0.0120942 secs] [Times: user=0.09 sys=0.00, real=0.02 secs] 
2016-09-25T23:07:15.423-0400: 45.920: [GC (GCLocker Initiated GC) [PSYoungGen: 118480K->69651K(175104K)] 579703K->550282K(699392K), 0.0105722 secs] [Times: user=0.13 sys=0.00, real=0.00 secs] 
2016-09-25T23:07:15.643-0400: 46.141: [Full GC (Ergonomics) [PSYoungGen: 157715K->0K(175104K)] [ParOldGen: 488733K->242266K(524288K)] 646448K->242266K(699392K), [Metaspace: 43669K->43669K(1087488K)], 0.1153732 secs] [Times: user=0.46 sys=0.02, real=0.11 secs] 
2016-09-25T23:07:16.889-0400: 47.387: [GC (GCLocker Initiated GC) [PSYoungGen: 88064K->55154K(175104K)] 330348K->297439K(699392K), 0.0181227 secs] [Times: user=0.14 sys=0.02, real=0.02 secs] 
2016-09-25T23:07:16.975-0400: 47.472: [GC (GCLocker Initiated GC) [PSYoungGen: 143218K->61911K(175104K)] 397798K->334780K(699392K), 0.0140983 secs] [Times: user=0.19 sys=0.01, real=0.01 secs] 
2016-09-25T23:07:17.047-0400: 47.545: [GC (GCLocker Initiated GC) [PSYoungGen: 149975K->51850K(174080K)] 428396K->340378K(698368K), 0.0093634 secs] [Times: user=0.10 sys=0.01, real=0.01 secs] 
2016-09-25T23:07:17.110-0400: 47.608: [GC (GCLocker Initiated GC) [PSYoungGen: 139914K->71393K(174592K)] 434098K->376663K(698880K), 0.0103629 secs] [Times: user=0.10 sys=0.02, real=0.01 secs] 
2016-09-25T23:07:17.243-0400: 47.740: [GC (GCLocker Initiated GC) [PSYoungGen: 159457K->46543K(175104K)] 478479K->378372K(699392K), 0.0073673 secs] [Times: user=0.06 sys=0.00, real=0.00 secs] 
2016-09-25T23:07:17.314-0400: 47.811: [GC (GCLocker Initiated GC) [PSYoungGen: 134607K->54927K(143360K)] 469216K->400707K(667648K), 0.0737442 secs] [Times: user=0.25 sys=0.07, real=0.08 secs] 
2016-09-25T23:07:17.504-0400: 48.001: [GC (GCLocker Initiated GC) [PSYoungGen: 142991K->60388K(176128K)] 498482K->450204K(700416K), 0.0127404 secs] [Times: user=0.13 sys=0.00, real=0.01 secs] 
2016-09-25T23:07:17.602-0400: 48.099: [GC (GCLocker Initiated GC) [PSYoungGen: 150500K->46735K(174080K)] 543103K->456010K(698368K), 0.0965480 secs] [Times: user=0.54 sys=0.10, real=0.10 secs] 
2016-09-25T23:07:17.803-0400: 48.301: [GC (GCLocker Initiated GC) [PSYoungGen: 136847K->53621K(176640K)] 546216K->498682K(700928K), 0.1029150 secs] [Times: user=0.54 sys=0.10, real=0.10 secs] 
2016-09-25T23:07:18.010-0400: 48.508: [GC (GCLocker Initiated GC) [PSYoungGen: 147317K->58821K(175616K)] 595785K->532149K(699904K), 0.0138066 secs] [Times: user=0.21 sys=0.01, real=0.02 secs] 
2016-09-25T23:07:18.155-0400: 48.653: [GC (GCLocker Initiated GC) [PSYoungGen: 152517K->71234K(174592K)] 634127K->553287K(698880K), 0.0104642 secs] [Times: user=0.16 sys=0.02, real=0.01 secs] 
2016-09-25T23:07:18.280-0400: 48.778: [Full GC (Ergonomics) [PSYoungGen: 165954K->0K(174592K)] [ParOldGen: 507515K->239733K(524288K)] 673469K->239733K(698880K), [Metaspace: 43673K->43673K(1087488K)], 0.1398411 secs] [Times: user=1.21 sys=0.43, real=0.14 secs] 
2016-09-25T23:07:18.489-0400: 48.986: [GC (GCLocker Initiated GC) [PSYoungGen: 94720K->42619K(177152K)] 342657K->290557K(701440K), 0.0197423 secs] [Times: user=0.32 sys=0.05, real=0.02 secs] 
2016-09-25T23:07:18.557-0400: 49.055: [GC (GCLocker Initiated GC) [PSYoungGen: 137339K->60194K(177152K)] 385439K->334510K(701440K), 0.0142191 secs] [Times: user=0.15 sys=0.07, real=0.01 secs] 
2016-09-25T23:07:18.634-0400: 49.132: [GC (GCLocker Initiated GC) [PSYoungGen: 156962K->64434K(178176K)] 435438K->360814K(702464K), 0.0208195 secs] [Times: user=0.25 sys=0.09, real=0.02 secs] 
2016-09-25T23:07:18.719-0400: 49.216: [GC (GCLocker Initiated GC) [PSYoungGen: 161202K->73847K(173568K)] 465786K->381693K(697856K), 0.0255600 secs] [Times: user=0.42 sys=0.07, real=0.03 secs] 
2016-09-25T23:07:18.825-0400: 49.322: [GC (GCLocker Initiated GC) [PSYoungGen: 166007K->45477K(177152K)] 479327K->376838K(701440K), 0.0188017 secs] [Times: user=0.25 sys=0.06, real=0.02 secs] 
2016-09-25T23:07:18.893-0400: 49.390: [GC (GCLocker Initiated GC) [PSYoungGen: 137637K->64289K(176128K)] 474472K->425895K(700416K), 0.0096506 secs] [Times: user=0.15 sys=0.02, real=0.02 secs] 
2016-09-25T23:07:18.950-0400: 49.447: [GC (GCLocker Initiated GC) [PSYoungGen: 156449K->76593K(168960K)] 523609K->457673K(693248K), 0.0140476 secs] [Times: user=0.12 sys=0.04, real=0.02 secs] 
2016-09-25T23:07:19.024-0400: 49.521: [GC (GCLocker Initiated GC) [PSYoungGen: 168753K->44430K(175104K)] 572887K->462520K(699392K), 0.0087015 secs] [Times: user=0.08 sys=0.02, real=0.00 secs] 
2016-09-25T23:07:19.075-0400: 49.572: [GC (GCLocker Initiated GC) [PSYoungGen: 132494K->64305K(175104K)] 553389K->508845K(699392K), 0.0080888 secs] [Times: user=0.11 sys=0.01, real=0.01 secs] 
2016-09-25T23:07:19.113-0400: 49.610: [GC (GCLocker Initiated GC) [PSYoungGen: 152369K->76613K(175104K)] 599729K->543231K(699392K), 0.0101130 secs] [Times: user=0.15 sys=0.00, real=0.02 secs] 
2016-09-25T23:07:19.163-0400: 49.660: [GC (GCLocker Initiated GC) [PSYoungGen: 164677K->43913K(175104K)] 634185K->539585K(699392K), 0.0075644 secs] [Times: user=0.09 sys=0.00, real=0.00 secs] 
2016-09-25T23:07:19.171-0400: 49.668: [Full GC (Ergonomics) [PSYoungGen: 43913K->0K(175104K)] [ParOldGen: 495671K->239196K(524288K)] 539585K->239196K(699392K), [Metaspace: 43675K->43675K(1087488K)], 0.0537442 secs] [Times: user=0.39 sys=0.03, real=0.06 secs] 
2016-09-25T23:07:19.257-0400: 49.754: [GC (GCLocker Initiated GC) [PSYoungGen: 88064K->86599K(175104K)] 332769K->336705K(699392K), 0.0083314 secs] [Times: user=0.11 sys=0.01, real=0.01 secs] 
2016-09-25T23:07:19.306-0400: 49.803: [GC (GCLocker Initiated GC) [PSYoungGen: 174663K->58889K(175104K)] 433124K->343945K(699392K), 0.0073476 secs] [Times: user=0.11 sys=0.01, real=0.00 secs] 
2016-09-25T23:07:19.347-0400: 49.844: [GC (GCLocker Initiated GC) [PSYoungGen: 146953K->57591K(175104K)] 432142K->364771K(699392K), 0.0072532 secs] [Times: user=0.09 sys=0.00, real=0.01 secs] 
2016-09-25T23:07:19.389-0400: 49.887: [GC (GCLocker Initiated GC) [PSYoungGen: 145655K->67207K(175104K)] 458294K->416772K(699392K), 0.0076418 secs] [Times: user=0.11 sys=0.00, real=0.01 secs] 
2016-09-25T23:07:19.441-0400: 49.939: [GC (GCLocker Initiated GC) [PSYoungGen: 155271K->55022K(175104K)] 517103K->438999K(699392K), 0.0064776 secs] [Times: user=0.07 sys=0.00, real=0.01 secs] 
2016-09-25T23:07:19.488-0400: 49.985: [GC (GCLocker Initiated GC) [PSYoungGen: 143086K->73877K(175104K)] 532579K->467994K(699392K), 0.0085670 secs] [Times: user=0.13 sys=0.00, real=0.01 secs] 
2016-09-25T23:07:19.531-0400: 50.029: [GC (GCLocker Initiated GC) [PSYoungGen: 161941K->75207K(175104K)] 556136K->488795K(699392K), 0.0093055 secs] [Times: user=0.14 sys=0.00, real=0.01 secs] 
2016-09-25T23:07:19.587-0400: 50.084: [GC (GCLocker Initiated GC) [PSYoungGen: 163271K->65909K(175104K)] 585051K->523258K(699392K), 0.0073127 secs] [Times: user=0.11 sys=0.00, real=0.00 secs] 
2016-09-25T23:07:19.646-0400: 50.143: [GC (GCLocker Initiated GC) [PSYoungGen: 153973K->63021K(175104K)] 611361K->562929K(699392K), 0.0099126 secs] [Times: user=0.15 sys=0.00, real=0.01 secs] 
2016-09-25T23:07:19.656-0400: 50.153: [Full GC (Ergonomics) [PSYoungGen: 63021K->0K(175104K)] [ParOldGen: 499907K->242000K(524288K)] 562929K->242000K(699392K), [Metaspace: 43675K->43675K(1087488K)], 0.0554911 secs] [Times: user=0.50 sys=0.01, real=0.05 secs] 
2016-09-25T23:07:19.748-0400: 50.246: [GC (GCLocker Initiated GC) [PSYoungGen: 88064K->86507K(175104K)] 332865K->340758K(699392K), 0.0109801 secs] [Times: user=0.13 sys=0.00, real=0.01 secs] 
2016-09-25T23:07:19.803-0400: 50.300: [GC (GCLocker Initiated GC) [PSYoungGen: 174571K->56393K(175104K)] 431664K->340093K(699392K), 0.0097316 secs] [Times: user=0.08 sys=0.00, real=0.00 secs] 
2016-09-25T23:07:19.860-0400: 50.357: [GC (GCLocker Initiated GC) [PSYoungGen: 144457K->63151K(175104K)] 428226K->367706K(699392K), 0.0063421 secs] [Times: user=0.08 sys=0.00, real=0.01 secs] 
2016-09-25T23:07:19.896-0400: 50.393: [GC (GCLocker Initiated GC) [PSYoungGen: 151215K->71154K(175104K)] 464028K->393984K(699392K), 0.0075264 secs] [Times: user=0.07 sys=0.00, real=0.01 secs] 
2016-09-25T23:07:19.950-0400: 50.448: [GC (GCLocker Initiated GC) [PSYoungGen: 159217K->48143K(175104K)] 485076K->428632K(699392K), 0.0092807 secs] [Times: user=0.10 sys=0.00, real=0.01 secs] 
2016-09-25T23:07:19.998-0400: 50.495: [GC (GCLocker Initiated GC) [PSYoungGen: 136207K->67129K(175104K)] 516733K->465598K(699392K), 0.0082405 secs] [Times: user=0.12 sys=0.00, real=0.01 secs] 
2016-09-25T23:07:20.040-0400: 50.537: [GC (GCLocker Initiated GC) [PSYoungGen: 155193K->75318K(175104K)] 553793K->501413K(699392K), 0.0098337 secs] [Times: user=0.11 sys=0.01, real=0.01 secs] 
2016-09-25T23:07:20.090-0400: 50.587: [GC (GCLocker Initiated GC) [PSYoungGen: 163382K->63136K(175104K)] 589567K->510163K(699392K), 0.0067748 secs] [Times: user=0.10 sys=0.00, real=0.01 secs] 
2016-09-25T23:07:20.144-0400: 50.642: [GC (GCLocker Initiated GC) [PSYoungGen: 151200K->80734K(175104K)] 601060K->555507K(699392K), 0.0078246 secs] [Times: user=0.12 sys=0.00, real=0.00 secs] 
2016-09-25T23:07:20.194-0400: 50.691: [Full GC (Ergonomics) [PSYoungGen: 168798K->0K(175104K)] [ParOldGen: 481802K->250564K(524288K)] 650600K->250564K(699392K), [Metaspace: 43696K->43696K(1087488K)], 0.0732238 secs] [Times: user=0.59 sys=0.00, real=0.08 secs] 
2016-09-25T23:07:20.304-0400: 50.802: [GC (GCLocker Initiated GC) [PSYoungGen: 88064K->72579K(175104K)] 340059K->324574K(699392K), 0.0088578 secs] [Times: user=0.10 sys=0.00, real=0.00 secs] 
2016-09-25T23:07:20.348-0400: 50.845: [GC (GCLocker Initiated GC) [PSYoungGen: 160643K->51071K(175104K)] 415885K->358358K(699392K), 0.0103456 secs] [Times: user=0.13 sys=0.00, real=0.01 secs] 
2016-09-25T23:07:20.399-0400: 50.896: [GC (GCLocker Initiated GC) [PSYoungGen: 139135K->77943K(175104K)] 447947K->395440K(699392K), 0.0076542 secs] [Times: user=0.09 sys=0.00, real=0.01 secs] 
2016-09-25T23:07:20.451-0400: 50.949: [GC (GCLocker Initiated GC) [PSYoungGen: 166007K->56303K(175104K)] 490465K->406900K(699392K), 0.0083112 secs] [Times: user=0.12 sys=0.00, real=0.01 secs] 
2016-09-25T23:07:20.496-0400: 50.993: [GC (GCLocker Initiated GC) [PSYoungGen: 144367K->62987K(175104K)] 497923K->444021K(699392K), 0.0100642 secs] [Times: user=0.09 sys=0.00, real=0.01 secs] 
2016-09-25T23:07:20.552-0400: 51.049: [GC (GCLocker Initiated GC) [PSYoungGen: 151051K->76675K(175104K)] 541632K->483918K(699392K), 0.0095663 secs] [Times: user=0.12 sys=0.01, real=0.01 secs] 
2016-09-25T23:07:20.602-0400: 51.099: [GC (GCLocker Initiated GC) [PSYoungGen: 164739K->54964K(175104K)] 574896K->495427K(699392K), 0.0105352 secs] [Times: user=0.12 sys=0.00, real=0.01 secs] 
2016-09-25T23:07:20.648-0400: 51.146: [GC (GCLocker Initiated GC) [PSYoungGen: 143028K->71272K(175104K)] 586266K->535270K(699392K), 0.0090365 secs] [Times: user=0.12 sys=0.01, real=0.01 secs] 
2016-09-25T23:07:20.706-0400: 51.203: [GC (GCLocker Initiated GC) [PSYoungGen: 159336K->52531K(175104K)] 632936K->561832K(699392K), 0.0097325 secs] [Times: user=0.15 sys=0.00, real=0.01 secs] 
2016-09-25T23:07:20.715-0400: 51.213: [Full GC (Ergonomics) [PSYoungGen: 52531K->0K(175104K)] [ParOldGen: 509300K->256127K(524288K)] 561832K->256127K(699392K), [Metaspace: 43696K->43696K(1087488K)], 0.0593136 secs] [Times: user=0.43 sys=0.00, real=0.06 secs] 
2016-09-25T23:07:20.816-0400: 51.313: [GC (GCLocker Initiated GC) [PSYoungGen: 88064K->71466K(175104K)] 347093K->330495K(699392K), 0.0061770 secs] [Times: user=0.09 sys=0.00, real=0.00 secs] 
2016-09-25T23:07:20.864-0400: 51.362: [GC (GCLocker Initiated GC) [PSYoungGen: 159530K->63141K(175104K)] 428137K->351490K(699392K), 0.0088687 secs] [Times: user=0.12 sys=0.00, real=0.00 secs] 
2016-09-25T23:07:20.924-0400: 51.421: [GC (GCLocker Initiated GC) [PSYoungGen: 151205K->59082K(175104K)] 442355K->376439K(699392K), 0.0089295 secs] [Times: user=0.08 sys=0.00, real=0.00 secs] 
2016-09-25T23:07:20.972-0400: 51.470: [GC (GCLocker Initiated GC) [PSYoungGen: 147146K->64518K(172032K)] 464548K->412160K(696320K), 0.0090393 secs] [Times: user=0.13 sys=0.00, real=0.01 secs] 
2016-09-25T23:07:21.023-0400: 51.520: [GC (GCLocker Initiated GC) [PSYoungGen: 152582K->82229K(173568K)] 503122K->450892K(697856K), 0.0082375 secs] [Times: user=0.11 sys=0.00, real=0.00 secs] 
2016-09-25T23:07:21.082-0400: 51.580: [GC (GCLocker Initiated GC) [PSYoungGen: 170293K->57749K(175104K)] 544596K->450303K(699392K), 0.0082161 secs] [Times: user=0.12 sys=0.01, real=0.00 secs] 
2016-09-25T23:07:21.124-0400: 51.621: [GC (GCLocker Initiated GC) [PSYoungGen: 145813K->72453K(175104K)] 542068K->474733K(699392K), 0.0103292 secs] [Times: user=0.11 sys=0.01, real=0.01 secs] 
2016-09-25T23:07:21.178-0400: 51.675: [GC (GCLocker Initiated GC) [PSYoungGen: 160517K->66975K(175104K)] 566920K->494143K(699392K), 0.0068054 secs] [Times: user=0.09 sys=0.00, real=0.01 secs] 
2016-09-25T23:07:21.228-0400: 51.725: [GC (GCLocker Initiated GC) [PSYoungGen: 155039K->57760K(145920K)] 582254K->505626K(670208K), 0.0082003 secs] [Times: user=0.12 sys=0.00, real=0.01 secs] 
2016-09-25T23:07:21.273-0400: 51.771: [GC (GCLocker Initiated GC) [PSYoungGen: 145824K->79358K(174080K)] 593848K->540168K(698368K), 0.0096120 secs] [Times: user=0.11 sys=0.01, real=0.02 secs] 
2016-09-25T23:07:21.328-0400: 51.825: [GC (GCLocker Initiated GC) [PSYoungGen: 166910K->53831K(174592K)] 629309K->541156K(698880K), 0.0087739 secs] [Times: user=0.09 sys=0.00, real=0.01 secs] 
2016-09-25T23:07:21.337-0400: 51.834: [Full GC (Ergonomics) [PSYoungGen: 53831K->0K(174592K)] [ParOldGen: 487325K->247572K(524288K)] 541156K->247572K(698880K), [Metaspace: 43698K->43698K(1087488K)], 0.0672840 secs] [Times: user=0.45 sys=0.01, real=0.07 secs] 
2016-09-25T23:07:21.441-0400: 51.939: [GC (GCLocker Initiated GC) [PSYoungGen: 87552K->86313K(175104K)] 339281K->343442K(699392K), 0.0067831 secs] [Times: user=0.08 sys=0.01, real=0.01 secs] 
2016-09-25T23:07:21.493-0400: 51.990: [GC (GCLocker Initiated GC) [PSYoungGen: 174377K->69843K(175104K)] 434460K->365790K(699392K), 0.0104629 secs] [Times: user=0.14 sys=0.00, real=0.02 secs] 
2016-09-25T23:07:21.548-0400: 52.046: [GC (GCLocker Initiated GC) [PSYoungGen: 157907K->68653K(175104K)] 463475K->390886K(699392K), 0.0093868 secs] [Times: user=0.13 sys=0.00, real=0.01 secs] 
2016-09-25T23:07:21.604-0400: 52.101: [GC (GCLocker Initiated GC) [PSYoungGen: 156717K->46725K(175104K)] 483021K->380360K(699392K), 0.0074418 secs] [Times: user=0.08 sys=0.00, real=0.00 secs] 
2016-09-25T23:07:21.643-0400: 52.140: [GC (GCLocker Initiated GC) [PSYoungGen: 134789K->75141K(175104K)] 468527K->422800K(699392K), 0.0126250 secs] [Times: user=0.10 sys=0.00, real=0.01 secs] 
2016-09-25T23:07:21.700-0400: 52.197: [GC (GCLocker Initiated GC) [PSYoungGen: 163205K->49296K(175104K)] 510878K->410965K(699392K), 0.0243876 secs] [Times: user=0.28 sys=0.01, real=0.03 secs] 
2016-09-25T23:07:21.763-0400: 52.261: [GC (GCLocker Initiated GC) [PSYoungGen: 137360K->71321K(175104K)] 499227K->460632K(699392K), 0.0090269 secs] [Times: user=0.12 sys=0.00, real=0.00 secs] 
2016-09-25T23:07:21.821-0400: 52.319: [GC (GCLocker Initiated GC) [PSYoungGen: 159385K->57703K(175104K)] 552938K->469427K(699392K), 0.0160492 secs] [Times: user=0.17 sys=0.00, real=0.02 secs] 
2016-09-25T23:07:21.884-0400: 52.381: [GC (GCLocker Initiated GC) [PSYoungGen: 145766K->68974K(175104K)] 572585K->500485K(699392K), 0.0097463 secs] [Times: user=0.06 sys=0.00, real=0.00 secs] 
2016-09-25T23:07:21.951-0400: 52.448: [GC (GCLocker Initiated GC) [PSYoungGen: 157038K->36053K(175104K)] 602250K->495655K(699392K), 0.0093434 secs] [Times: user=0.08 sys=0.00, real=0.01 secs] 
2016-09-25T23:07:22.018-0400: 52.515: [GC (GCLocker Initiated GC) [PSYoungGen: 124117K->46924K(175104K)] 586597K->537058K(699392K), 0.0139515 secs] [Times: user=0.17 sys=0.00, real=0.01 secs] 
2016-09-25T23:07:22.032-0400: 52.529: [Full GC (Ergonomics) [PSYoungGen: 46924K->0K(175104K)] [ParOldGen: 490133K->263792K(524288K)] 537058K->263792K(699392K), [Metaspace: 43700K->43700K(1087488K)], 0.0573909 secs] [Times: user=0.56 sys=0.01, real=0.06 secs] 
2016-09-25T23:07:22.124-0400: 52.621: [GC (GCLocker Initiated GC) [PSYoungGen: 88064K->85598K(175104K)] 352003K->352238K(699392K), 0.0063776 secs] [Times: user=0.09 sys=0.00, real=0.00 secs] 
2016-09-25T23:07:22.182-0400: 52.680: [GC (GCLocker Initiated GC) [PSYoungGen: 173662K->55211K(175104K)] 443232K->365369K(699392K), 0.0086707 secs] [Times: user=0.13 sys=0.00, real=0.00 secs] 
2016-09-25T23:07:22.242-0400: 52.739: [GC (GCLocker Initiated GC) [PSYoungGen: 143275K->54145K(175104K)] 460276K->386751K(699392K), 0.0098910 secs] [Times: user=0.10 sys=0.00, real=0.01 secs] 
2016-09-25T23:07:22.295-0400: 52.792: [GC (GCLocker Initiated GC) [PSYoungGen: 142209K->55009K(175104K)] 481673K->409045K(699392K), 0.0087053 secs] [Times: user=0.10 sys=0.00, real=0.01 secs] 
2016-09-25T23:07:22.346-0400: 52.843: [GC (GCLocker Initiated GC) [PSYoungGen: 143073K->61807K(175104K)] 502580K->435431K(699392K), 0.0125723 secs] [Times: user=0.13 sys=0.00, real=0.01 secs] 
2016-09-25T23:07:22.404-0400: 52.901: [GC (GCLocker Initiated GC) [PSYoungGen: 149871K->72764K(175104K)] 523779K->464955K(699392K), 0.0070678 secs] [Times: user=0.09 sys=0.00, real=0.00 secs] 
2016-09-25T23:07:22.454-0400: 52.952: [GC (GCLocker Initiated GC) [PSYoungGen: 160828K->59456K(175104K)] 558582K->499755K(699392K), 0.0091148 secs] [Times: user=0.11 sys=0.00, real=0.01 secs] 
2016-09-25T23:07:22.508-0400: 53.005: [GC (GCLocker Initiated GC) [PSYoungGen: 147520K->64861K(175104K)] 590811K->533358K(699392K), 0.0065892 secs] [Times: user=0.08 sys=0.00, real=0.01 secs] 
2016-09-25T23:07:22.559-0400: 53.056: [GC (GCLocker Initiated GC) [PSYoungGen: 152925K->43173K(175104K)] 622785K->554461K(699392K), 0.0075250 secs] [Times: user=0.09 sys=0.00, real=0.01 secs] 
2016-09-25T23:07:22.566-0400: 53.064: [Full GC (Ergonomics) [PSYoungGen: 43173K->0K(175104K)] [ParOldGen: 511287K->257436K(524288K)] 554461K->257436K(699392K), [Metaspace: 43700K->43700K(1087488K)], 0.0575790 secs] [Times: user=0.48 sys=0.01, real=0.06 secs] 
2016-09-25T23:07:22.660-0400: 53.157: [GC (GCLocker Initiated GC) [PSYoungGen: 88064K->85613K(175104K)] 345714K->348663K(699392K), 0.0069218 secs] [Times: user=0.09 sys=0.00, real=0.01 secs] 
2016-09-25T23:07:22.716-0400: 53.213: [GC (GCLocker Initiated GC) [PSYoungGen: 173677K->64649K(175104K)] 436939K->363062K(699392K), 0.0101389 secs] [Times: user=0.12 sys=0.00, real=0.01 secs] 
2016-09-25T23:07:22.764-0400: 53.261: [GC (GCLocker Initiated GC) [PSYoungGen: 152713K->79890K(175104K)] 456680K->398060K(699392K), 0.0118359 secs] [Times: user=0.13 sys=0.00, real=0.01 secs] 
2016-09-25T23:07:22.827-0400: 53.324: [GC (GCLocker Initiated GC) [PSYoungGen: 167954K->46873K(175104K)] 495768K->398724K(699392K), 0.0075375 secs] [Times: user=0.07 sys=0.00, real=0.01 secs] 
2016-09-25T23:07:22.875-0400: 53.373: [GC (GCLocker Initiated GC) [PSYoungGen: 134937K->48550K(175104K)] 489662K->426971K(699392K), 0.0061608 secs] [Times: user=0.07 sys=0.00, real=0.00 secs] 
2016-09-25T23:07:22.920-0400: 53.417: [GC (GCLocker Initiated GC) [PSYoungGen: 136614K->56751K(175104K)] 517890K->460475K(699392K), 0.0103020 secs] [Times: user=0.12 sys=0.00, real=0.01 secs] 
2016-09-25T23:07:22.990-0400: 53.487: [GC (GCLocker Initiated GC) [PSYoungGen: 144815K->68860K(175104K)] 548641K->506008K(699392K), 0.0135383 secs] [Times: user=0.15 sys=0.00, real=0.02 secs] 
2016-09-25T23:07:23.063-0400: 53.560: [GC (GCLocker Initiated GC) [PSYoungGen: 156924K->71992K(175104K)] 606401K->530429K(699392K), 0.0079731 secs] [Times: user=0.10 sys=0.01, real=0.00 secs] 
2016-09-25T23:07:23.119-0400: 53.616: [GC (GCLocker Initiated GC) [PSYoungGen: 160056K->53913K(175104K)] 625435K->535490K(699392K), 0.0078466 secs] [Times: user=0.10 sys=0.01, real=0.01 secs] 
2016-09-25T23:07:23.127-0400: 53.624: [Full GC (Ergonomics) [PSYoungGen: 53913K->0K(175104K)] [ParOldGen: 481576K->270698K(524288K)] 535490K->270698K(699392K), [Metaspace: 43700K->43700K(1087488K)], 0.0893179 secs] [Times: user=0.59 sys=0.00, real=0.09 secs] 
2016-09-25T23:07:23.269-0400: 53.767: [GC (GCLocker Initiated GC) [PSYoungGen: 88064K->59731K(175104K)] 358864K->330540K(699392K), 0.0171015 secs] [Times: user=0.17 sys=0.00, real=0.02 secs] 
2016-09-25T23:07:23.331-0400: 53.828: [GC (GCLocker Initiated GC) [PSYoungGen: 147795K->58165K(174080K)] 426924K->371020K(698368K), 0.0096602 secs] [Times: user=0.06 sys=0.01, real=0.01 secs] 
2016-09-25T23:07:23.417-0400: 53.914: [GC (GCLocker Initiated GC) [PSYoungGen: 146229K->41876K(174592K)] 474560K->375178K(698880K), 0.0106954 secs] [Times: user=0.07 sys=0.00, real=0.01 secs] 
2016-09-25T23:07:23.484-0400: 53.981: [GC (GCLocker Initiated GC) [PSYoungGen: 129940K->53429K(173056K)] 463347K->401484K(697344K), 0.0171505 secs] [Times: user=0.17 sys=0.00, real=0.01 secs] 
2016-09-25T23:07:23.540-0400: 54.037: [GC (GCLocker Initiated GC) [PSYoungGen: 142004K->41745K(174080K)] 494307K->425544K(698368K), 0.0175896 secs] [Times: user=0.20 sys=0.00, real=0.02 secs] 
2016-09-25T23:07:23.624-0400: 54.121: [GC (GCLocker Initiated GC) [PSYoungGen: 130321K->33410K(174080K)] 516879K->435784K(698368K), 0.0149201 secs] [Times: user=0.09 sys=0.00, real=0.01 secs] 
2016-09-25T23:07:23.702-0400: 54.199: [GC (GCLocker Initiated GC) [PSYoungGen: 121474K->43213K(175104K)] 523902K->459971K(699392K), 0.0063091 secs] [Times: user=0.04 sys=0.01, real=0.01 secs] 
2016-09-25T23:07:23.746-0400: 54.244: [GC (GCLocker Initiated GC) [PSYoungGen: 131277K->47375K(171008K)] 556389K->478890K(695296K), 0.0104773 secs] [Times: user=0.06 sys=0.00, real=0.01 secs] 
2016-09-25T23:07:23.828-0400: 54.326: [GC (GCLocker Initiated GC) [PSYoungGen: 136463K->53917K(173056K)] 573447K->508308K(697344K), 0.0131214 secs] [Times: user=0.12 sys=0.00, real=0.01 secs] 
2016-09-25T23:07:23.908-0400: 54.405: [GC (GCLocker Initiated GC) [PSYoungGen: 143005K->59514K(177664K)] 602926K->526915K(701952K), 0.0227231 secs] [Times: user=0.21 sys=0.00, real=0.02 secs] 
2016-09-25T23:07:23.975-0400: 54.472: [GC (GCLocker Initiated GC) [PSYoungGen: 156282K->47103K(177152K)] 630549K->527755K(701440K), 0.0147523 secs] [Times: user=0.14 sys=0.00, real=0.01 secs] 
2016-09-25T23:07:24.058-0400: 54.555: [GC (GCLocker Initiated GC) [PSYoungGen: 143871K->37516K(179200K)] 624678K->542152K(703488K), 0.0191388 secs] [Times: user=0.15 sys=0.01, real=0.02 secs] 
2016-09-25T23:07:24.077-0400: 54.574: [Full GC (Ergonomics) [PSYoungGen: 37516K->0K(179200K)] [ParOldGen: 504636K->271579K(524288K)] 542152K->271579K(703488K), [Metaspace: 43710K->43710K(1087488K)], 0.0741241 secs] [Times: user=0.57 sys=0.01, real=0.07 secs] 
2016-09-25T23:07:24.190-0400: 54.687: [GC (GCLocker Initiated GC) [PSYoungGen: 100352K->66902K(179712K)] 374733K->341284K(704000K), 0.0195822 secs] [Times: user=0.20 sys=0.00, real=0.02 secs] 
2016-09-25T23:07:24.283-0400: 54.781: [GC (GCLocker Initiated GC) [PSYoungGen: 167254K->47400K(181248K)] 445965K->335613K(705536K), 0.0139093 secs] [Times: user=0.11 sys=0.01, real=0.01 secs] 
2016-09-25T23:07:24.361-0400: 54.858: [GC (GCLocker Initiated GC) [PSYoungGen: 147240K->59228K(180224K)] 442280K->371643K(704512K), 0.0069880 secs] [Times: user=0.07 sys=0.00, real=0.01 secs] 
2016-09-25T23:07:24.415-0400: 54.912: [GC (GCLocker Initiated GC) [PSYoungGen: 159068K->59419K(180736K)] 478284K->387466K(705024K), 0.0073668 secs] [Times: user=0.06 sys=0.00, real=0.01 secs] 
2016-09-25T23:07:24.468-0400: 54.965: [GC (GCLocker Initiated GC) [PSYoungGen: 160283K->70086K(171008K)] 489793K->410127K(695296K), 0.0089184 secs] [Times: user=0.12 sys=0.00, real=0.01 secs] 
2016-09-25T23:07:24.536-0400: 55.033: [GC (GCLocker Initiated GC) [PSYoungGen: 170950K->59158K(180224K)] 511106K->416251K(704512K), 0.0072501 secs] [Times: user=0.07 sys=0.00, real=0.01 secs] 
2016-09-25T23:07:24.593-0400: 55.090: [GC (GCLocker Initiated GC) [PSYoungGen: 156438K->77129K(174592K)] 516655K->467794K(698880K), 0.0074485 secs] [Times: user=0.10 sys=0.00, real=0.01 secs] 
2016-09-25T23:07:24.664-0400: 55.161: [GC (GCLocker Initiated GC) [PSYoungGen: 174409K->41571K(175104K)] 573327K->460442K(699392K), 0.0099618 secs] [Times: user=0.11 sys=0.00, real=0.01 secs] 
2016-09-25T23:07:24.717-0400: 55.215: [GC (GCLocker Initiated GC) [PSYoungGen: 129635K->68920K(175104K)] 548609K->503527K(699392K), 0.0113253 secs] [Times: user=0.13 sys=0.01, real=0.01 secs] 
2016-09-25T23:07:24.775-0400: 55.272: [GC (GCLocker Initiated GC) [PSYoungGen: 156984K->74323K(175104K)] 597237K->542520K(699392K), 0.0096619 secs] [Times: user=0.15 sys=0.00, real=0.01 secs] 
2016-09-25T23:07:24.834-0400: 55.331: [GC (GCLocker Initiated GC) [PSYoungGen: 162387K->59467K(175104K)] 636084K->555695K(699392K), 0.0077417 secs] [Times: user=0.08 sys=0.00, real=0.00 secs] 
2016-09-25T23:07:24.842-0400: 55.339: [Full GC (Ergonomics) [PSYoungGen: 59467K->0K(175104K)] [ParOldGen: 496227K->285237K(524288K)] 555695K->285237K(699392K), [Metaspace: 43710K->43710K(1087488K)], 0.0630380 secs] [Times: user=0.40 sys=0.02, real=0.07 secs] 
2016-09-25T23:07:24.945-0400: 55.442: [GC (GCLocker Initiated GC) [PSYoungGen: 88064K->80226K(175104K)] 374704K->366867K(699392K), 0.0067463 secs] [Times: user=0.08 sys=0.00, real=0.00 secs] 
2016-09-25T23:07:24.997-0400: 55.494: [GC (GCLocker Initiated GC) [PSYoungGen: 168290K->75633K(175104K)] 461907K->384124K(699392K), 0.0090313 secs] [Times: user=0.12 sys=0.00, real=0.01 secs] 
2016-09-25T23:07:25.062-0400: 55.560: [GC (GCLocker Initiated GC) [PSYoungGen: 163697K->52240K(175104K)] 476345K->391430K(699392K), 0.0092349 secs] [Times: user=0.09 sys=0.00, real=0.00 secs] 
2016-09-25T23:07:25.107-0400: 55.604: [GC (GCLocker Initiated GC) [PSYoungGen: 140304K->82315K(175104K)] 482391K->442468K(699392K), 0.0078899 secs] [Times: user=0.10 sys=0.00, real=0.01 secs] 
2016-09-25T23:07:25.162-0400: 55.660: [GC (GCLocker Initiated GC) [PSYoungGen: 170379K->72754K(175104K)] 536123K->459603K(699392K), 0.0100887 secs] [Times: user=0.15 sys=0.00, real=0.00 secs] 
2016-09-25T23:07:25.225-0400: 55.722: [GC (GCLocker Initiated GC) [PSYoungGen: 160818K->70220K(175104K)] 559964K->486281K(699392K), 0.0092152 secs] [Times: user=0.10 sys=0.00, real=0.01 secs] 
2016-09-25T23:07:25.278-0400: 55.775: [GC (GCLocker Initiated GC) [PSYoungGen: 158284K->59302K(175104K)] 585250K->499291K(699392K), 0.0074741 secs] [Times: user=0.09 sys=0.00, real=0.01 secs] 
2016-09-25T23:07:25.343-0400: 55.841: [GC (GCLocker Initiated GC) [PSYoungGen: 147366K->48048K(175104K)] 598271K->515993K(699392K), 0.0095750 secs] [Times: user=0.10 sys=0.01, real=0.00 secs] 
2016-09-25T23:07:25.396-0400: 55.893: [GC (GCLocker Initiated GC) [PSYoungGen: 136112K->74223K(175104K)] 604183K->565802K(699392K), 0.0081543 secs] [Times: user=0.11 sys=0.00, real=0.01 secs] 
2016-09-25T23:07:25.407-0400: 55.904: [Full GC (Ergonomics) [PSYoungGen: 74223K->0K(175104K)] [ParOldGen: 491578K->284243K(524288K)] 565802K->284243K(699392K), [Metaspace: 43710K->43710K(1087488K)], 0.0592948 secs] [Times: user=0.51 sys=0.01, real=0.06 secs] 
2016-09-25T23:07:25.506-0400: 56.003: [GC (GCLocker Initiated GC) [PSYoungGen: 88064K->66403K(175104K)] 375090K->353430K(699392K), 0.0091682 secs] [Times: user=0.10 sys=0.01, real=0.01 secs] 
2016-09-25T23:07:25.562-0400: 56.059: [GC (GCLocker Initiated GC) [PSYoungGen: 154467K->64592K(175104K)] 444427K->370549K(699392K), 0.0071151 secs] [Times: user=0.09 sys=0.00, real=0.01 secs] 
2016-09-25T23:07:25.613-0400: 56.110: [GC (GCLocker Initiated GC) [PSYoungGen: 152656K->55120K(175104K)] 458660K->379376K(699392K), 0.0126137 secs] [Times: user=0.11 sys=0.00, real=0.02 secs] 
2016-09-25T23:07:25.673-0400: 56.170: [GC (GCLocker Initiated GC) [PSYoungGen: 143184K->76965K(175104K)] 473551K->424292K(699392K), 0.0075212 secs] [Times: user=0.11 sys=0.00, real=0.01 secs] 
2016-09-25T23:07:25.720-0400: 56.217: [GC (GCLocker Initiated GC) [PSYoungGen: 165029K->66182K(175104K)] 520896K->441802K(699392K), 0.0064278 secs] [Times: user=0.06 sys=0.01, real=0.01 secs] 
2016-09-25T23:07:25.779-0400: 56.276: [GC (GCLocker Initiated GC) [PSYoungGen: 154246K->45571K(175104K)] 530732K->456738K(699392K), 0.0085115 secs] [Times: user=0.12 sys=0.00, real=0.01 secs] 
2016-09-25T23:07:25.820-0400: 56.318: [GC (GCLocker Initiated GC) [PSYoungGen: 133635K->86171K(175104K)] 547603K->514217K(699392K), 0.0089312 secs] [Times: user=0.11 sys=0.00, real=0.01 secs] 
2016-09-25T23:07:25.880-0400: 56.377: [GC (GCLocker Initiated GC) [PSYoungGen: 174235K->60711K(175104K)] 610217K->536435K(699392K), 0.0097053 secs] [Times: user=0.15 sys=0.00, real=0.01 secs] 
2016-09-25T23:07:25.934-0400: 56.431: [GC (GCLocker Initiated GC) [PSYoungGen: 148775K->65726K(175104K)] 624648K->578900K(699392K), 0.0096181 secs] [Times: user=0.11 sys=0.00, real=0.02 secs] 
2016-09-25T23:07:25.944-0400: 56.441: [Full GC (Ergonomics) [PSYoungGen: 65726K->0K(175104K)] [ParOldGen: 513174K->296534K(524288K)] 578900K->296534K(699392K), [Metaspace: 43710K->43710K(1087488K)], 0.0711381 secs] [Times: user=0.48 sys=0.01, real=0.07 secs] 
2016-09-25T23:07:26.061-0400: 56.558: [GC (GCLocker Initiated GC) [PSYoungGen: 88064K->82722K(175104K)] 387494K->382152K(699392K), 0.0061921 secs] [Times: user=0.08 sys=0.00, real=0.01 secs] 
2016-09-25T23:07:26.125-0400: 56.622: [GC (GCLocker Initiated GC) [PSYoungGen: 170786K->46880K(175104K)] 481092K->377296K(699392K), 0.0094106 secs] [Times: user=0.09 sys=0.00, real=0.00 secs] 
2016-09-25T23:07:26.177-0400: 56.674: [GC (GCLocker Initiated GC) [PSYoungGen: 134944K->83624K(175104K)] 465449K->418790K(699392K), 0.0089374 secs] [Times: user=0.14 sys=0.00, real=0.01 secs] 
2016-09-25T23:07:26.223-0400: 56.720: [GC (GCLocker Initiated GC) [PSYoungGen: 171688K->79500K(175104K)] 509639K->460087K(699392K), 0.0108992 secs] [Times: user=0.13 sys=0.00, real=0.00 secs] 
2016-09-25T23:07:26.282-0400: 56.779: [GC (GCLocker Initiated GC) [PSYoungGen: 167564K->59393K(175104K)] 550946K->485301K(699392K), 0.0075104 secs] [Times: user=0.08 sys=0.01, real=0.01 secs] 
2016-09-25T23:07:26.341-0400: 56.838: [GC (GCLocker Initiated GC) [PSYoungGen: 147457K->55131K(175104K)] 576359K->494197K(699392K), 0.0066030 secs] [Times: user=0.07 sys=0.00, real=0.01 secs] 
2016-09-25T23:07:26.393-0400: 56.890: [GC (GCLocker Initiated GC) [PSYoungGen: 143195K->57847K(175104K)] 589152K->516649K(699392K), 0.0072100 secs] [Times: user=0.07 sys=0.01, real=0.01 secs] 
2016-09-25T23:07:26.444-0400: 56.941: [GC (Allocation Failure) [PSYoungGen: 145911K->55072K(175104K)] 607531K->528134K(699392K), 0.0105755 secs] [Times: user=0.10 sys=0.00, real=0.01 secs] 
2016-09-25T23:07:26.502-0400: 56.999: [Full GC (Ergonomics) [PSYoungGen: 142971K->0K(175104K)] [ParOldGen: 475950K->293814K(524288K)] 618922K->293814K(699392K), [Metaspace: 43711K->43711K(1087488K)], 0.0558698 secs] [Times: user=0.48 sys=0.00, real=0.06 secs] 
2016-09-25T23:07:26.602-0400: 57.099: [GC (GCLocker Initiated GC) [PSYoungGen: 88064K->72846K(175104K)] 381953K->366736K(699392K), 0.0101837 secs] [Times: user=0.14 sys=0.01, real=0.01 secs] 
2016-09-25T23:07:26.660-0400: 57.158: [GC (GCLocker Initiated GC) [PSYoungGen: 160910K->62032K(175104K)] 457584K->398709K(699392K), 0.0067940 secs] [Times: user=0.08 sys=0.01, real=0.01 secs] 
2016-09-25T23:07:26.710-0400: 57.207: [GC (GCLocker Initiated GC) [PSYoungGen: 150096K->67386K(175104K)] 488218K->445496K(699392K), 0.0081614 secs] [Times: user=0.13 sys=0.00, real=0.01 secs] 
2016-09-25T23:07:26.769-0400: 57.266: [GC (GCLocker Initiated GC) [PSYoungGen: 155450K->64558K(175104K)] 536672K->469499K(699392K), 0.0092125 secs] [Times: user=0.11 sys=0.00, real=0.01 secs] 
2016-09-25T23:07:26.817-0400: 57.315: [GC (GCLocker Initiated GC) [PSYoungGen: 152622K->54966K(175104K)] 559233K->470337K(699392K), 0.0092358 secs] [Times: user=0.09 sys=0.00, real=0.01 secs] 
2016-09-25T23:07:26.869-0400: 57.367: [GC (GCLocker Initiated GC) [PSYoungGen: 143030K->71416K(175104K)] 570773K->506532K(699392K), 0.0064744 secs] [Times: user=0.09 sys=0.00, real=0.01 secs] 
2016-09-25T23:07:26.922-0400: 57.419: [GC (GCLocker Initiated GC) [PSYoungGen: 159480K->63025K(173056K)] 594656K->515149K(697344K), 0.0081468 secs] [Times: user=0.12 sys=0.01, real=0.01 secs] 
2016-09-25T23:07:26.964-0400: 57.461: [GC (GCLocker Initiated GC) [PSYoungGen: 151089K->69007K(174080K)] 615503K->554100K(698368K), 0.0075229 secs] [Times: user=0.09 sys=0.00, real=0.00 secs] 
2016-09-25T23:07:26.971-0400: 57.469: [Full GC (Ergonomics) [PSYoungGen: 69007K->0K(174080K)] [ParOldGen: 485093K->311998K(524288K)] 554100K->311998K(698368K), [Metaspace: 43711K->43711K(1087488K)], 0.0543440 secs] [Times: user=0.38 sys=0.01, real=0.06 secs] 
2016-09-25T23:07:27.078-0400: 57.575: [GC (GCLocker Initiated GC) [PSYoungGen: 88064K->65207K(172544K)] 402831K->379974K(696832K), 0.0062245 secs] [Times: user=0.08 sys=0.00, real=0.01 secs] 
2016-09-25T23:07:27.140-0400: 57.637: [GC (GCLocker Initiated GC) [PSYoungGen: 155831K->46850K(174592K)] 481504K->392741K(698880K), 0.0080534 secs] [Times: user=0.10 sys=0.00, real=0.01 secs] 
2016-09-25T23:07:27.184-0400: 57.681: [GC (GCLocker Initiated GC) [PSYoungGen: 137474K->78502K(173056K)] 484889K->440011K(697344K), 0.0096027 secs] [Times: user=0.12 sys=0.01, real=0.00 secs] 
2016-09-25T23:07:27.244-0400: 57.741: [GC (GCLocker Initiated GC) [PSYoungGen: 166566K->59101K(175104K)] 540400K->459684K(699392K), 0.0094839 secs] [Times: user=0.12 sys=0.01, real=0.00 secs] 
2016-09-25T23:07:27.315-0400: 57.813: [GC (GCLocker Initiated GC) [PSYoungGen: 147165K->76851K(175104K)] 552002K->494424K(699392K), 0.0095308 secs] [Times: user=0.10 sys=0.00, real=0.01 secs] 
2016-09-25T23:07:27.362-0400: 57.860: [GC (GCLocker Initiated GC) [PSYoungGen: 164915K->74148K(175104K)] 585283K->527719K(699392K), 0.0092783 secs] [Times: user=0.14 sys=0.00, real=0.00 secs] 
2016-09-25T23:07:27.416-0400: 57.913: [GC (GCLocker Initiated GC) [PSYoungGen: 162212K->57827K(175104K)] 618542K->560785K(699392K), 0.0078464 secs] [Times: user=0.11 sys=0.00, real=0.01 secs] 
2016-09-25T23:07:27.424-0400: 57.921: [Full GC (Ergonomics) [PSYoungGen: 57827K->0K(175104K)] [ParOldGen: 502958K->304223K(524288K)] 560785K->304223K(699392K), [Metaspace: 43711K->43711K(1087488K)], 0.0525883 secs] [Times: user=0.35 sys=0.02, real=0.05 secs] 
2016-09-25T23:07:27.520-0400: 58.017: [GC (GCLocker Initiated GC) [PSYoungGen: 88064K->65414K(175104K)] 403193K->380544K(699392K), 0.0098115 secs] [Times: user=0.11 sys=0.00, real=0.01 secs] 
2016-09-25T23:07:27.574-0400: 58.072: [GC (GCLocker Initiated GC) [PSYoungGen: 153478K->70211K(174080K)] 476752K->399094K(698368K), 0.0090560 secs] [Times: user=0.11 sys=0.02, real=0.01 secs] 
2016-09-25T23:07:27.630-0400: 58.127: [GC (GCLocker Initiated GC) [PSYoungGen: 158275K->71490K(174592K)] 487275K->414931K(698880K), 0.0065301 secs] [Times: user=0.09 sys=0.00, real=0.01 secs] 
2016-09-25T23:07:27.674-0400: 58.171: [GC (GCLocker Initiated GC) [PSYoungGen: 159554K->71496K(175616K)] 508420K->442776K(699904K), 0.0068996 secs] [Times: user=0.10 sys=0.00, real=0.00 secs] 
2016-09-25T23:07:27.724-0400: 58.221: [GC (GCLocker Initiated GC) [PSYoungGen: 160584K->49896K(139264K)] 533305K->457219K(663552K), 0.0066386 secs] [Times: user=0.10 sys=0.00, real=0.00 secs] 
2016-09-25T23:07:27.760-0400: 58.258: [GC (GCLocker Initiated GC) [PSYoungGen: 138984K->72856K(175104K)] 546371K->505407K(699392K), 0.0078058 secs] [Times: user=0.12 sys=0.00, real=0.01 secs] 
2016-09-25T23:07:27.824-0400: 58.321: [GC (GCLocker Initiated GC) [PSYoungGen: 160920K->52762K(175104K)] 599037K->524098K(699392K), 0.0105918 secs] [Times: user=0.12 sys=0.01, real=0.01 secs] 
2016-09-25T23:07:27.894-0400: 58.391: [GC (GCLocker Initiated GC) [PSYoungGen: 140826K->66203K(174080K)] 612319K->558849K(698368K), 0.0175424 secs] [Times: user=0.24 sys=0.01, real=0.02 secs] 
2016-09-25T23:07:27.911-0400: 58.409: [Full GC (Ergonomics) [PSYoungGen: 66203K->0K(174080K)] [ParOldGen: 492645K->298065K(524288K)] 558849K->298065K(698368K), [Metaspace: 43711K->43711K(1087488K)], 0.1817800 secs] [Times: user=2.59 sys=0.03, real=0.18 secs] 
2016-09-25T23:07:28.150-0400: 58.648: [GC (GCLocker Initiated GC) [PSYoungGen: 88064K->78840K(174592K)] 389968K->380744K(698880K), 0.0096538 secs] [Times: user=0.12 sys=0.00, real=0.01 secs] 
2016-09-25T23:07:28.201-0400: 58.698: [GC (GCLocker Initiated GC) [PSYoungGen: 166904K->52093K(175104K)] 470517K->366566K(699392K), 0.0103366 secs] [Times: user=0.08 sys=0.01, real=0.01 secs] 
2016-09-25T23:07:28.252-0400: 58.749: [GC (GCLocker Initiated GC) [PSYoungGen: 140157K->57858K(175104K)] 464199K->422849K(699392K), 0.0141536 secs] [Times: user=0.14 sys=0.00, real=0.02 secs] 
2016-09-25T23:07:28.335-0400: 58.832: [GC (GCLocker Initiated GC) [PSYoungGen: 145922K->63189K(173056K)] 513800K->449312K(697344K), 0.0209311 secs] [Times: user=0.25 sys=0.00, real=0.02 secs] 
2016-09-25T23:07:28.399-0400: 58.897: [GC (GCLocker Initiated GC) [PSYoungGen: 151253K->67517K(174080K)] 545732K->495085K(698368K), 0.0069338 secs] [Times: user=0.10 sys=0.00, real=0.01 secs] 
2016-09-25T23:07:28.459-0400: 58.956: [GC (GCLocker Initiated GC) [PSYoungGen: 155581K->72508K(175104K)] 583345K->513245K(699392K), 0.0155236 secs] [Times: user=0.17 sys=0.00, real=0.02 secs] 
2016-09-25T23:07:28.532-0400: 59.029: [GC (GCLocker Initiated GC) [PSYoungGen: 162620K->72857K(163328K)] 606189K->542606K(687616K), 0.0131611 secs] [Times: user=0.13 sys=0.00, real=0.02 secs] 
2016-09-25T23:07:28.599-0400: 59.097: [GC (GCLocker Initiated GC) [PSYoungGen: 162969K->59328K(176128K)] 633231K->569469K(700416K), 0.0073316 secs] [Times: user=0.09 sys=0.01, real=0.01 secs] 
2016-09-25T23:07:28.607-0400: 59.104: [Full GC (Ergonomics) [PSYoungGen: 59328K->0K(176128K)] [ParOldGen: 510140K->298059K(524288K)] 569469K->298059K(700416K), [Metaspace: 43711K->43711K(1087488K)], 0.0514938 secs] [Times: user=0.45 sys=0.00, real=0.05 secs] 
2016-09-25T23:07:28.709-0400: 59.207: [GC (GCLocker Initiated GC) [PSYoungGen: 89088K->85593K(175104K)] 387208K->389113K(699392K), 0.0128463 secs] [Times: user=0.16 sys=0.00, real=0.02 secs] 
2016-09-25T23:07:28.789-0400: 59.287: [GC (Allocation Failure) [PSYoungGen: 174681K->56878K(175104K)] 487706K->395572K(699392K), 0.0083117 secs] [Times: user=0.07 sys=0.00, real=0.01 secs] 
2016-09-25T23:07:28.845-0400: 59.342: [GC (GCLocker Initiated GC) [PSYoungGen: 144942K->48203K(175104K)] 483647K->420381K(699392K), 0.0062237 secs] [Times: user=0.07 sys=0.00, real=0.00 secs] 
2016-09-25T23:07:28.881-0400: 59.379: [GC (GCLocker Initiated GC) [PSYoungGen: 136267K->74295K(175104K)] 508534K->459290K(699392K), 0.0129987 secs] [Times: user=0.14 sys=0.00, real=0.02 secs] 
2016-09-25T23:07:28.967-0400: 59.464: [GC (GCLocker Initiated GC) [PSYoungGen: 162359K->60909K(175104K)] 550511K->489179K(699392K), 0.0180335 secs] [Times: user=0.28 sys=0.00, real=0.02 secs] 
2016-09-25T23:07:29.030-0400: 59.528: [GC (GCLocker Initiated GC) [PSYoungGen: 148973K->68748K(175104K)] 577860K->518816K(699392K), 0.0145274 secs] [Times: user=0.18 sys=0.00, real=0.02 secs] 
2016-09-25T23:07:29.077-0400: 59.574: [GC (GCLocker Initiated GC) [PSYoungGen: 156812K->62062K(175104K)] 607891K->563984K(699392K), 0.0086423 secs] [Times: user=0.11 sys=0.00, real=0.01 secs] 
2016-09-25T23:07:29.086-0400: 59.583: [Full GC (Ergonomics) [PSYoungGen: 62062K->0K(175104K)] [ParOldGen: 501921K->309885K(524288K)] 563984K->309885K(699392K), [Metaspace: 43713K->43713K(1087488K)], 0.0768513 secs] [Times: user=0.58 sys=0.02, real=0.08 secs] 
2016-09-25T23:07:29.228-0400: 59.725: [GC (GCLocker Initiated GC) [PSYoungGen: 88064K->66496K(173056K)] 398207K->376639K(697344K), 0.0077084 secs] [Times: user=0.09 sys=0.00, real=0.01 secs] 
2016-09-25T23:07:29.277-0400: 59.775: [GC (GCLocker Initiated GC) [PSYoungGen: 154560K->58160K(174080K)] 470191K->396644K(698368K), 0.0145436 secs] [Times: user=0.16 sys=0.00, real=0.01 secs] 
2016-09-25T23:07:29.332-0400: 59.829: [GC (GCLocker Initiated GC) [PSYoungGen: 146224K->76976K(173056K)] 486151K->443618K(697344K), 0.0077056 secs] [Times: user=0.12 sys=0.00, real=0.01 secs] 
2016-09-25T23:07:29.388-0400: 59.885: [GC (GCLocker Initiated GC) [PSYoungGen: 165040K->76996K(175104K)] 537203K->471627K(699392K), 0.0094456 secs] [Times: user=0.13 sys=0.01, real=0.01 secs] 
2016-09-25T23:07:29.446-0400: 59.943: [GC (GCLocker Initiated GC) [PSYoungGen: 165060K->59414K(175104K)] 563859K->471303K(699392K), 0.0101530 secs] [Times: user=0.13 sys=0.00, real=0.01 secs] 
2016-09-25T23:07:29.492-0400: 59.989: [GC (GCLocker Initiated GC) [PSYoungGen: 147478K->56554K(175104K)] 562322K->496663K(699392K), 0.0096894 secs] [Times: user=0.10 sys=0.01, real=0.01 secs] 
2016-09-25T23:07:29.551-0400: 60.049: [GC (GCLocker Initiated GC) [PSYoungGen: 144618K->73989K(175104K)] 587530K->542026K(699392K), 0.0084411 secs] [Times: user=0.12 sys=0.00, real=0.01 secs] 
2016-09-25T23:07:29.618-0400: 60.116: [GC (GCLocker Initiated GC) [PSYoungGen: 162053K->29714K(175104K)] 631475K->536191K(699392K), 0.0061880 secs] [Times: user=0.08 sys=0.01, real=0.01 secs] 
2016-09-25T23:07:29.625-0400: 60.122: [Full GC (Ergonomics) [PSYoungGen: 29714K->0K(175104K)] [ParOldGen: 506477K->299158K(524288K)] 536191K->299158K(699392K), [Metaspace: 43713K->43713K(1087488K)], 0.0700772 secs] [Times: user=0.43 sys=0.00, real=0.07 secs] 
2016-09-25T23:07:29.726-0400: 60.224: [GC (GCLocker Initiated GC) [PSYoungGen: 88064K->85756K(175104K)] 390189K->401382K(699392K), 0.0097754 secs] [Times: user=0.12 sys=0.00, real=0.01 secs] 
2016-09-25T23:07:29.782-0400: 60.279: [GC (GCLocker Initiated GC) [PSYoungGen: 173820K->53933K(175104K)] 501648K->416964K(699392K), 0.0091637 secs] [Times: user=0.12 sys=0.00, real=0.01 secs] 
2016-09-25T23:07:29.844-0400: 60.341: [GC (GCLocker Initiated GC) [PSYoungGen: 141997K->61868K(175104K)] 505249K->443446K(699392K), 0.0095409 secs] [Times: user=0.12 sys=0.00, real=0.00 secs] 
2016-09-25T23:07:29.886-0400: 60.383: [GC (GCLocker Initiated GC) [PSYoungGen: 149932K->75695K(175104K)] 531587K->482284K(699392K), 0.0076487 secs] [Times: user=0.11 sys=0.00, real=0.00 secs] 
2016-09-25T23:07:29.950-0400: 60.447: [GC (GCLocker Initiated GC) [PSYoungGen: 163759K->51364K(175104K)] 577143K->491322K(699392K), 0.0088204 secs] [Times: user=0.14 sys=0.00, real=0.01 secs] 
2016-09-25T23:07:29.996-0400: 60.493: [GC (GCLocker Initiated GC) [PSYoungGen: 139428K->79773K(175104K)] 579576K->549226K(699392K), 0.0101041 secs] [Times: user=0.15 sys=0.00, real=0.01 secs] 
2016-09-25T23:07:30.052-0400: 60.549: [GC (GCLocker Initiated GC) [PSYoungGen: 167837K->86663K(175104K)] 646069K->586117K(699392K), 0.0104201 secs] [Times: user=0.12 sys=0.00, real=0.01 secs] 
2016-09-25T23:07:30.062-0400: 60.559: [Full GC (Ergonomics) [PSYoungGen: 86663K->0K(175104K)] [ParOldGen: 499454K->320702K(524288K)] 586117K->320702K(699392K), [Metaspace: 43713K->43713K(1087488K)], 0.0576953 secs] [Times: user=0.47 sys=0.00, real=0.05 secs] 
2016-09-25T23:07:30.173-0400: 60.670: [GC (GCLocker Initiated GC) [PSYoungGen: 88064K->85007K(175104K)] 408849K->405792K(699392K), 0.0087662 secs] [Times: user=0.12 sys=0.00, real=0.01 secs] 
2016-09-25T23:07:30.207-0400: 60.704: [GC (GCLocker Initiated GC) [PSYoungGen: 173071K->75859K(175104K)] 498111K->412546K(699392K), 0.0165072 secs] [Times: user=0.20 sys=0.01, real=0.02 secs] 
2016-09-25T23:07:30.275-0400: 60.772: [GC (GCLocker Initiated GC) [PSYoungGen: 163923K->64883K(175104K)] 515613K->448805K(699392K), 0.0127955 secs] [Times: user=0.13 sys=0.00, real=0.01 secs] 
2016-09-25T23:07:30.339-0400: 60.836: [GC (GCLocker Initiated GC) [PSYoungGen: 152947K->51167K(175104K)] 545069K->465842K(699392K), 0.0091675 secs] [Times: user=0.12 sys=0.00, real=0.01 secs] 
2016-09-25T23:07:30.390-0400: 60.888: [GC (GCLocker Initiated GC) [PSYoungGen: 139231K->82158K(175104K)] 558085K->521984K(699392K), 0.0076362 secs] [Times: user=0.11 sys=0.00, real=0.01 secs] 
2016-09-25T23:07:30.448-0400: 60.945: [GC (GCLocker Initiated GC) [PSYoungGen: 170222K->67252K(175104K)] 610171K->529472K(699392K), 0.0091016 secs] [Times: user=0.12 sys=0.01, real=0.01 secs] 
2016-09-25T23:07:30.500-0400: 60.997: [GC (GCLocker Initiated GC) [PSYoungGen: 155316K->67548K(175104K)] 620365K->546755K(699392K), 0.0096550 secs] [Times: user=0.09 sys=0.00, real=0.01 secs] 
2016-09-25T23:07:30.557-0400: 61.054: [Full GC (Ergonomics) [PSYoungGen: 155612K->0K(175104K)] [ParOldGen: 487428K->323119K(524288K)] 643040K->323119K(699392K), [Metaspace: 43713K->43713K(1087488K)], 0.0635277 secs] [Times: user=0.54 sys=0.00, real=0.06 secs] 
2016-09-25T23:07:30.668-0400: 61.166: [GC (GCLocker Initiated GC) [PSYoungGen: 88064K->85579K(175104K)] 419320K->422235K(699392K), 0.0105813 secs] [Times: user=0.15 sys=0.01, real=0.01 secs] 
2016-09-25T23:07:30.722-0400: 61.219: [GC (GCLocker Initiated GC) [PSYoungGen: 173643K->70153K(175104K)] 515821K->448819K(699392K), 0.0117209 secs] [Times: user=0.16 sys=0.00, real=0.01 secs] 
2016-09-25T23:07:30.780-0400: 61.277: [GC (GCLocker Initiated GC) [PSYoungGen: 158217K->67388K(175104K)] 542351K->468494K(699392K), 0.0080949 secs] [Times: user=0.10 sys=0.00, real=0.01 secs] 
2016-09-25T23:07:30.842-0400: 61.339: [GC (GCLocker Initiated GC) [PSYoungGen: 155452K->68788K(175104K)] 559355K->493723K(699392K), 0.0169011 secs] [Times: user=0.22 sys=0.01, real=0.02 secs] 
2016-09-25T23:07:30.906-0400: 61.404: [GC (GCLocker Initiated GC) [PSYoungGen: 156852K->72966K(175104K)] 585983K->521825K(699392K), 0.0088183 secs] [Times: user=0.07 sys=0.00, real=0.01 secs] 
2016-09-25T23:07:30.969-0400: 61.467: [GC (GCLocker Initiated GC) [PSYoungGen: 161030K->63270K(175104K)] 611303K->533347K(699392K), 0.0082947 secs] [Times: user=0.07 sys=0.02, real=0.01 secs] 
2016-09-25T23:07:31.022-0400: 61.519: [GC (GCLocker Initiated GC) [PSYoungGen: 151334K->75555K(175104K)] 621497K->563946K(699392K), 0.0146180 secs] [Times: user=0.17 sys=0.01, real=0.02 secs] 
2016-09-25T23:07:31.037-0400: 61.534: [Full GC (Ergonomics) [PSYoungGen: 75555K->0K(175104K)] [ParOldGen: 488390K->326560K(524288K)] 563946K->326560K(699392K), [Metaspace: 43713K->43713K(1087488K)], 0.0758539 secs] [Times: user=0.53 sys=0.01, real=0.07 secs] 
2016-09-25T23:07:31.163-0400: 61.661: [GC (GCLocker Initiated GC) [PSYoungGen: 88064K->73302K(175104K)] 422806K->408044K(699392K), 0.0091418 secs] [Times: user=0.11 sys=0.00, real=0.00 secs] 
2016-09-25T23:07:31.218-0400: 61.716: [GC (GCLocker Initiated GC) [PSYoungGen: 161366K->56545K(175104K)] 499700K->429981K(699392K), 0.0183304 secs] [Times: user=0.20 sys=0.00, real=0.02 secs] 
2016-09-25T23:07:31.277-0400: 61.774: [GC (GCLocker Initiated GC) [PSYoungGen: 144609K->57792K(175104K)] 520938K->457830K(699392K), 0.0174805 secs] [Times: user=0.18 sys=0.00, real=0.02 secs] 
2016-09-25T23:07:31.348-0400: 61.845: [GC (GCLocker Initiated GC) [PSYoungGen: 145856K->61829K(175104K)] 548736K->491083K(699392K), 0.0107647 secs] [Times: user=0.12 sys=0.00, real=0.01 secs] 
2016-09-25T23:07:31.395-0400: 61.893: [GC (GCLocker Initiated GC) [PSYoungGen: 149893K->64917K(175104K)] 581991K->524666K(699392K), 0.0092165 secs] [Times: user=0.12 sys=0.00, real=0.01 secs] 
2016-09-25T23:07:31.460-0400: 61.957: [GC (GCLocker Initiated GC) [PSYoungGen: 152981K->67511K(172032K)] 621179K->540730K(696320K), 0.0079844 secs] [Times: user=0.09 sys=0.00, real=0.01 secs] 
2016-09-25T23:07:31.498-0400: 61.995: [GC (GCLocker Initiated GC) [PSYoungGen: 155575K->71124K(173568K)] 628896K->571064K(697856K), 0.0075942 secs] [Times: user=0.09 sys=0.00, real=0.01 secs] 
2016-09-25T23:07:31.506-0400: 62.003: [Full GC (Ergonomics) [PSYoungGen: 71124K->0K(173568K)] [ParOldGen: 499940K->332486K(524288K)] 571064K->332486K(697856K), [Metaspace: 43713K->43713K(1087488K)], 0.0593626 secs] [Times: user=0.56 sys=0.00, real=0.06 secs] 
2016-09-25T23:07:31.615-0400: 62.112: [GC (GCLocker Initiated GC) [PSYoungGen: 88064K->59918K(175616K)] 426085K->397939K(699904K), 0.0120258 secs] [Times: user=0.16 sys=0.01, real=0.01 secs] 
2016-09-25T23:07:31.672-0400: 62.169: [GC (GCLocker Initiated GC) [PSYoungGen: 151054K->73102K(176128K)] 494571K->427429K(700416K), 0.0068271 secs] [Times: user=0.07 sys=0.01, real=0.01 secs] 
2016-09-25T23:07:31.730-0400: 62.227: [GC (GCLocker Initiated GC) [PSYoungGen: 164238K->66258K(174592K)] 522686K->451352K(698880K), 0.0137934 secs] [Times: user=0.13 sys=0.01, real=0.02 secs] 
2016-09-25T23:07:31.789-0400: 62.287: [GC (GCLocker Initiated GC) [PSYoungGen: 157906K->67132K(175616K)] 545922K->480377K(699904K), 0.0117611 secs] [Times: user=0.16 sys=0.00, real=0.01 secs] 
2016-09-25T23:07:31.838-0400: 62.335: [GC (GCLocker Initiated GC) [PSYoungGen: 158780K->65817K(175616K)] 574911K->494743K(699904K), 0.0102077 secs] [Times: user=0.13 sys=0.00, real=0.01 secs] 
2016-09-25T23:07:31.899-0400: 62.397: [GC (GCLocker Initiated GC) [PSYoungGen: 161561K->75399K(176640K)] 593336K->521172K(700928K), 0.0096479 secs] [Times: user=0.09 sys=0.00, real=0.01 secs] 
2016-09-25T23:07:31.953-0400: 62.450: [GC (GCLocker Initiated GC) [PSYoungGen: 171143K->79547K(174080K)] 619652K->561201K(698368K), 0.0096100 secs] [Times: user=0.15 sys=0.00, real=0.02 secs] 
2016-09-25T23:07:31.963-0400: 62.460: [Full GC (Ergonomics) [PSYoungGen: 79547K->0K(174080K)] [ParOldGen: 481654K->335766K(524288K)] 561201K->335766K(698368K), [Metaspace: 43713K->43713K(1087488K)], 0.0585042 secs] [Times: user=0.48 sys=0.00, real=0.05 secs] 
2016-09-25T23:07:32.069-0400: 62.566: [GC (GCLocker Initiated GC) [PSYoungGen: 91136K->76136K(167424K)] 427153K->412153K(691712K), 0.0071738 secs] [Times: user=0.10 sys=0.00, real=0.01 secs] 
2016-09-25T23:07:32.128-0400: 62.626: [GC (GCLocker Initiated GC) [PSYoungGen: 167272K->61710K(176128K)] 507502K->415421K(700416K), 0.0100520 secs] [Times: user=0.09 sys=0.00, real=0.01 secs] 
2016-09-25T23:07:32.192-0400: 62.689: [GC (GCLocker Initiated GC) [PSYoungGen: 151310K->52676K(142336K)] 513160K->444942K(666624K), 0.0105201 secs] [Times: user=0.09 sys=0.00, real=0.02 secs] 
2016-09-25T23:07:32.254-0400: 62.751: [GC (GCLocker Initiated GC) [PSYoungGen: 142276K->74174K(175104K)] 534742K->485070K(699392K), 0.0078798 secs] [Times: user=0.12 sys=0.00, real=0.01 secs] 
2016-09-25T23:07:32.310-0400: 62.808: [GC (GCLocker Initiated GC) [PSYoungGen: 162238K->54063K(175104K)] 584164K->497013K(699392K), 0.0092433 secs] [Times: user=0.10 sys=0.00, real=0.01 secs] 
2016-09-25T23:07:32.363-0400: 62.860: [GC (GCLocker Initiated GC) [PSYoungGen: 142127K->75430K(175104K)] 590533K->551865K(699392K), 0.0109415 secs] [Times: user=0.16 sys=0.00, real=0.00 secs] 
2016-09-25T23:07:32.413-0400: 62.910: [GC (GCLocker Initiated GC) --[PSYoungGen: 163494K->163494K(175104K)] 640068K->685311K(699392K), 0.0111433 secs] [Times: user=0.12 sys=0.01, real=0.02 secs] 
2016-09-25T23:07:32.424-0400: 62.921: [Full GC (Ergonomics) [PSYoungGen: 163494K->0K(175104K)] [ParOldGen: 521816K->339090K(524288K)] 685311K->339090K(699392K), [Metaspace: 43719K->43719K(1087488K)], 0.0686096 secs] [Times: user=0.51 sys=0.01, real=0.06 secs] 
2016-09-25T23:07:32.539-0400: 63.036: [GC (GCLocker Initiated GC) [PSYoungGen: 88064K->78412K(175104K)] 427266K->417614K(699392K), 0.0101639 secs] [Times: user=0.14 sys=0.00, real=0.01 secs] 
2016-09-25T23:07:32.589-0400: 63.086: [GC (GCLocker Initiated GC) [PSYoungGen: 166476K->60778K(175104K)] 505737K->426667K(699392K), 0.0252113 secs] [Times: user=0.33 sys=0.00, real=0.02 secs] 
2016-09-25T23:07:32.650-0400: 63.147: [GC (GCLocker Initiated GC) [PSYoungGen: 148842K->59331K(175104K)] 522880K->454570K(699392K), 0.0083358 secs] [Times: user=0.07 sys=0.01, real=0.01 secs] 
2016-09-25T23:07:32.702-0400: 63.200: [GC (GCLocker Initiated GC) [PSYoungGen: 147395K->66114K(175104K)] 548185K->486822K(699392K), 0.0071329 secs] [Times: user=0.10 sys=0.00, real=0.00 secs] 
2016-09-25T23:07:32.748-0400: 63.245: [GC (GCLocker Initiated GC) [PSYoungGen: 154178K->67427K(155648K)] 577735K->517484K(679936K), 0.0228259 secs] [Times: user=0.36 sys=0.02, real=0.02 secs] 
2016-09-25T23:07:32.823-0400: 63.320: [GC (GCLocker Initiated GC) [PSYoungGen: 155491K->77017K(172032K)] 616500K->548257K(696320K), 0.0115668 secs] [Times: user=0.16 sys=0.01, real=0.01 secs] 
2016-09-25T23:07:32.910-0400: 63.408: [Full GC (Ergonomics) [PSYoungGen: 163545K->0K(172032K)] [ParOldGen: 486218K->336658K(524288K)] 649763K->336658K(696320K), [Metaspace: 43719K->43719K(1087488K)], 0.0467054 secs] [Times: user=0.34 sys=0.01, real=0.05 secs] 
2016-09-25T23:07:32.999-0400: 63.497: [GC (GCLocker Initiated GC) [PSYoungGen: 86528K->66530K(173568K)] 426008K->406011K(697856K), 0.0153424 secs] [Times: user=0.17 sys=0.00, real=0.02 secs] 
2016-09-25T23:07:33.068-0400: 63.565: [GC (GCLocker Initiated GC) [PSYoungGen: 153058K->64643K(171520K)] 503478K->439170K(695808K), 0.0215005 secs] [Times: user=0.25 sys=0.00, real=0.02 secs] 
2016-09-25T23:07:33.151-0400: 63.648: [GC (GCLocker Initiated GC) [PSYoungGen: 153731K->53767K(173568K)] 528687K->456524K(697856K), 0.0068005 secs] [Times: user=0.10 sys=0.00, real=0.01 secs] 
2016-09-25T23:07:33.196-0400: 63.693: [GC (GCLocker Initiated GC) [PSYoungGen: 142855K->72502K(176640K)] 545685K->492197K(700928K), 0.0069201 secs] [Times: user=0.10 sys=0.00, real=0.01 secs] 
2016-09-25T23:07:33.234-0400: 63.732: [GC (GCLocker Initiated GC) [PSYoungGen: 163638K->85086K(176640K)] 586123K->547200K(700928K), 0.0163557 secs] [Times: user=0.22 sys=0.01, real=0.01 secs] 
2016-09-25T23:07:33.329-0400: 63.827: [GC (GCLocker Initiated GC) [PSYoungGen: 176222K->42974K(173568K)] 642134K->528560K(697856K), 0.0101000 secs] [Times: user=0.09 sys=0.00, real=0.01 secs] 
2016-09-25T23:07:33.340-0400: 63.837: [Full GC (Ergonomics) [PSYoungGen: 42974K->0K(173568K)] [ParOldGen: 485586K->329930K(524288K)] 528560K->329930K(697856K), [Metaspace: 43719K->43719K(1087488K)], 0.0531554 secs] [Times: user=0.48 sys=0.00, real=0.05 secs] 
2016-09-25T23:07:33.428-0400: 63.925: [GC (GCLocker Initiated GC) [PSYoungGen: 88064K->73052K(175104K)] 419488K->404476K(699392K), 0.0062201 secs] [Times: user=0.07 sys=0.00, real=0.00 secs] 
2016-09-25T23:07:33.501-0400: 63.999: [GC (Allocation Failure) [PSYoungGen: 161116K->70198K(175104K)] 498170K->427334K(699392K), 0.0143592 secs] [Times: user=0.20 sys=0.01, real=0.02 secs] 
2016-09-25T23:07:33.571-0400: 64.068: [GC (GCLocker Initiated GC) [PSYoungGen: 157519K->63446K(175104K)] 520056K->434918K(699392K), 0.0068561 secs] [Times: user=0.10 sys=0.00, real=0.01 secs] 
2016-09-25T23:07:33.621-0400: 64.118: [GC (GCLocker Initiated GC) [PSYoungGen: 151510K->71228K(175104K)] 529866K->459883K(699392K), 0.0080368 secs] [Times: user=0.09 sys=0.00, real=0.01 secs] 
2016-09-25T23:07:33.661-0400: 64.158: [GC (GCLocker Initiated GC) [PSYoungGen: 159292K->71221K(175104K)] 548172K->490405K(699392K), 0.0116896 secs] [Times: user=0.14 sys=0.01, real=0.01 secs] 
2016-09-25T23:07:33.743-0400: 64.240: [GC (GCLocker Initiated GC) [PSYoungGen: 159285K->63287K(175104K)] 586882K->509072K(699392K), 0.0145560 secs] [Times: user=0.20 sys=0.00, real=0.01 secs] 
2016-09-25T23:07:33.807-0400: 64.305: [GC (GCLocker Initiated GC) [PSYoungGen: 151351K->79450K(175104K)] 600040K->549152K(699392K), 0.0082701 secs] [Times: user=0.09 sys=0.01, real=0.01 secs] 
2016-09-25T23:07:33.863-0400: 64.360: [GC (GCLocker Initiated GC) [PSYoungGen: 167514K->41800K(175104K)] 646842K->552800K(699392K), 0.0114714 secs] [Times: user=0.11 sys=0.00, real=0.01 secs] 
2016-09-25T23:07:33.874-0400: 64.372: [Full GC (Ergonomics) [PSYoungGen: 41800K->0K(175104K)] [ParOldGen: 511000K->343009K(524288K)] 552800K->343009K(699392K), [Metaspace: 43723K->43723K(1087488K)], 0.0828455 secs] [Times: user=0.61 sys=0.01, real=0.08 secs] 
2016-09-25T23:07:34.009-0400: 64.506: [GC (GCLocker Initiated GC) [PSYoungGen: 88064K->85374K(175104K)] 431131K->433842K(699392K), 0.0076302 secs] [Times: user=0.11 sys=0.00, real=0.01 secs] 
2016-09-25T23:07:34.064-0400: 64.561: [GC (GCLocker Initiated GC) [PSYoungGen: 173438K->61803K(175104K)] 522007K->433150K(699392K), 0.0078712 secs] [Times: user=0.11 sys=0.00, real=0.00 secs] 
2016-09-25T23:07:34.123-0400: 64.621: [GC (GCLocker Initiated GC) [PSYoungGen: 149867K->56769K(175104K)] 521321K->461308K(699392K), 0.0104872 secs] [Times: user=0.14 sys=0.00, real=0.00 secs] 
2016-09-25T23:07:34.188-0400: 64.685: [GC (GCLocker Initiated GC) [PSYoungGen: 144833K->78644K(175104K)] 562959K->515215K(699392K), 0.0126651 secs] [Times: user=0.14 sys=0.02, real=0.01 secs] 
2016-09-25T23:07:34.262-0400: 64.759: [GC (GCLocker Initiated GC) [PSYoungGen: 166708K->57962K(175104K)] 608905K->518863K(699392K), 0.0092999 secs] [Times: user=0.10 sys=0.00, real=0.01 secs] 
2016-09-25T23:07:34.317-0400: 64.814: [GC (GCLocker Initiated GC) [PSYoungGen: 146026K->49730K(175104K)] 610724K->535389K(699392K), 0.0092114 secs] [Times: user=0.06 sys=0.01, real=0.01 secs] 
2016-09-25T23:07:34.326-0400: 64.824: [Full GC (Ergonomics) [PSYoungGen: 49730K->0K(175104K)] [ParOldGen: 485658K->338951K(524288K)] 535389K->338951K(699392K), [Metaspace: 43729K->43729K(1087488K)], 0.0687298 secs] [Times: user=0.48 sys=0.02, real=0.07 secs] 
2016-09-25T23:07:34.432-0400: 64.929: [GC (GCLocker Initiated GC) [PSYoungGen: 88064K->86952K(175104K)] 432581K->434169K(699392K), 0.0066818 secs] [Times: user=0.10 sys=0.00, real=0.01 secs] 
2016-09-25T23:07:34.518-0400: 65.015: [GC (GCLocker Initiated GC) [PSYoungGen: 175016K->57978K(175104K)] 534467K->426927K(699392K), 0.0089999 secs] [Times: user=0.10 sys=0.01, real=0.01 secs] 
2016-09-25T23:07:34.583-0400: 65.080: [GC (GCLocker Initiated GC) [PSYoungGen: 146042K->53793K(175104K)] 516421K->446574K(699392K), 0.0062650 secs] [Times: user=0.07 sys=0.02, real=0.00 secs] 
2016-09-25T23:07:34.628-0400: 65.125: [GC (GCLocker Initiated GC) [PSYoungGen: 141857K->71639K(175104K)] 537480K->488195K(699392K), 0.0102999 secs] [Times: user=0.14 sys=0.00, real=0.01 secs] 
2016-09-25T23:07:34.685-0400: 65.182: [GC (GCLocker Initiated GC) [PSYoungGen: 159703K->59472K(175104K)] 581729K->525578K(699392K), 0.0129486 secs] [Times: user=0.17 sys=0.01, real=0.01 secs] 
2016-09-25T23:07:34.740-0400: 65.237: [GC (GCLocker Initiated GC) [PSYoungGen: 147536K->71513K(175104K)] 615450K->547084K(699392K), 0.0076577 secs] [Times: user=0.10 sys=0.00, real=0.01 secs] 
2016-09-25T23:07:34.792-0400: 65.289: [GC (GCLocker Initiated GC) [PSYoungGen: 159577K->70139K(175104K)] 636630K->577789K(699392K), 0.0094579 secs] [Times: user=0.14 sys=0.01, real=0.01 secs] 
2016-09-25T23:07:34.802-0400: 65.299: [Full GC (Ergonomics) [PSYoungGen: 70139K->0K(175104K)] [ParOldGen: 507649K->341009K(524288K)] 577789K->341009K(699392K), [Metaspace: 43775K->43775K(1087488K)], 0.0561486 secs] [Times: user=0.46 sys=0.00, real=0.06 secs] 
2016-09-25T23:07:34.903-0400: 65.400: [GC (GCLocker Initiated GC) [PSYoungGen: 88064K->72144K(175104K)] 433185K->417266K(699392K), 0.0095278 secs] [Times: user=0.10 sys=0.00, real=0.00 secs] 
2016-09-25T23:07:34.957-0400: 65.454: [GC (GCLocker Initiated GC) [PSYoungGen: 160208K->78355K(175104K)] 513547K->449293K(699392K), 0.0091722 secs] [Times: user=0.14 sys=0.01, real=0.01 secs] 
2016-09-25T23:07:35.016-0400: 65.513: [GC (GCLocker Initiated GC) [PSYoungGen: 166419K->65990K(175104K)] 540079K->459444K(699392K), 0.0073347 secs] [Times: user=0.10 sys=0.00, real=0.01 secs] 
2016-09-25T23:07:35.064-0400: 65.562: [GC (GCLocker Initiated GC) [PSYoungGen: 154054K->56374K(175104K)] 547629K->469546K(699392K), 0.0095817 secs] [Times: user=0.08 sys=0.00, real=0.01 secs] 
2016-09-25T23:07:35.125-0400: 65.622: [GC (GCLocker Initiated GC) [PSYoungGen: 144438K->58037K(175104K)] 565864K->495017K(699392K), 0.0073647 secs] [Times: user=0.08 sys=0.00, real=0.00 secs] 
2016-09-25T23:07:35.179-0400: 65.676: [GC (GCLocker Initiated GC) [PSYoungGen: 146101K->62053K(175104K)] 583191K->516420K(699392K), 0.0064477 secs] [Times: user=0.08 sys=0.00, real=0.01 secs] 
2016-09-25T23:07:35.227-0400: 65.724: [GC (GCLocker Initiated GC) [PSYoungGen: 150117K->56678K(175104K)] 609976K->551131K(699392K), 0.0120776 secs] [Times: user=0.14 sys=0.01, real=0.01 secs] 
2016-09-25T23:07:35.239-0400: 65.736: [Full GC (Ergonomics) [PSYoungGen: 56678K->0K(175104K)] [ParOldGen: 494452K->355367K(524288K)] 551131K->355367K(699392K), [Metaspace: 43776K->43776K(1087488K)], 0.0572934 secs] [Times: user=0.50 sys=0.00, real=0.06 secs] 
2016-09-25T23:07:35.340-0400: 65.837: [GC (GCLocker Initiated GC) [PSYoungGen: 88064K->82925K(175104K)] 449024K->443886K(699392K), 0.0098557 secs] [Times: user=0.14 sys=0.01, real=0.01 secs] 
2016-09-25T23:07:35.407-0400: 65.905: [GC (GCLocker Initiated GC) [PSYoungGen: 170989K->54150K(175104K)] 546976K->446456K(699392K), 0.0061557 secs] [Times: user=0.08 sys=0.00, real=0.00 secs] 
2016-09-25T23:07:35.460-0400: 65.957: [GC (GCLocker Initiated GC) [PSYoungGen: 142214K->66247K(175104K)] 537870K->472329K(699392K), 0.0071679 secs] [Times: user=0.08 sys=0.00, real=0.01 secs] 
2016-09-25T23:07:35.517-0400: 66.014: [GC (GCLocker Initiated GC) [PSYoungGen: 154311K->76660K(175104K)] 565845K->514803K(699392K), 0.0107490 secs] [Times: user=0.17 sys=0.00, real=0.01 secs] 
2016-09-25T23:07:35.572-0400: 66.069: [GC (GCLocker Initiated GC) [PSYoungGen: 164724K->72713K(175104K)] 603084K->530568K(699392K), 0.0072676 secs] [Times: user=0.10 sys=0.00, real=0.01 secs] 
2016-09-25T23:07:35.624-0400: 66.121: [GC (GCLocker Initiated GC) [PSYoungGen: 160777K->74185K(175104K)] 618786K->564031K(699392K), 0.0089124 secs] [Times: user=0.14 sys=0.00, real=0.00 secs] 
2016-09-25T23:07:35.633-0400: 66.130: [Full GC (Ergonomics) [PSYoungGen: 74185K->0K(175104K)] [ParOldGen: 489846K->355685K(524288K)] 564031K->355685K(699392K), [Metaspace: 43780K->43780K(1087488K)], 0.0606161 secs] [Times: user=0.42 sys=0.00, real=0.06 secs] 
2016-09-25T23:07:35.738-0400: 66.235: [GC (GCLocker Initiated GC) [PSYoungGen: 88064K->71147K(175104K)] 456039K->439123K(699392K), 0.0099047 secs] [Times: user=0.13 sys=0.00, real=0.01 secs] 
2016-09-25T23:07:35.799-0400: 66.296: [GC (GCLocker Initiated GC) [PSYoungGen: 159211K->69992K(175104K)] 530009K->450779K(699392K), 0.0069905 secs] [Times: user=0.09 sys=0.00, real=0.01 secs] 
2016-09-25T23:07:35.854-0400: 66.352: [GC (GCLocker Initiated GC) [PSYoungGen: 158056K->63367K(175104K)] 545668K->461203K(699392K), 0.0141896 secs] [Times: user=0.23 sys=0.00, real=0.01 secs] 
2016-09-25T23:07:35.914-0400: 66.411: [GC (GCLocker Initiated GC) [PSYoungGen: 151431K->59177K(175104K)] 549553K->495890K(699392K), 0.0118237 secs] [Times: user=0.18 sys=0.01, real=0.02 secs] 
2016-09-25T23:07:35.972-0400: 66.470: [GC (GCLocker Initiated GC) [PSYoungGen: 147241K->64944K(153088K)] 584414K->552727K(677376K), 0.0101762 secs] [Times: user=0.13 sys=0.00, real=0.02 secs] 
2016-09-25T23:07:35.983-0400: 66.480: [Full GC (Ergonomics) [PSYoungGen: 64944K->0K(153088K)] [ParOldGen: 487782K->357359K(524288K)] 552727K->357359K(677376K), [Metaspace: 43780K->43780K(1087488K)], 0.0590802 secs] [Times: user=0.54 sys=0.00, real=0.05 secs] 
2016-09-25T23:07:36.088-0400: 66.586: [GC (GCLocker Initiated GC) [PSYoungGen: 88064K->82736K(172032K)] 448221K->442894K(696320K), 0.0073628 secs] [Times: user=0.11 sys=0.00, real=0.01 secs] 
2016-09-25T23:07:36.136-0400: 66.633: [GC (GCLocker Initiated GC) [PSYoungGen: 169264K->83845K(173568K)] 529686K->472531K(697856K), 0.0110707 secs] [Times: user=0.18 sys=0.01, real=0.01 secs] 
2016-09-25T23:07:36.195-0400: 66.693: [GC (GCLocker Initiated GC) [PSYoungGen: 170373K->71265K(175104K)] 561804K->485307K(699392K), 0.0098466 secs] [Times: user=0.12 sys=0.00, real=0.01 secs] 
2016-09-25T23:07:36.250-0400: 66.748: [GC (GCLocker Initiated GC) [PSYoungGen: 159329K->57875K(175104K)] 576230K->495587K(699392K), 0.0099545 secs] [Times: user=0.07 sys=0.00, real=0.01 secs] 
2016-09-25T23:07:36.304-0400: 66.802: [GC (GCLocker Initiated GC) [PSYoungGen: 145939K->56828K(175104K)] 586415K->541427K(699392K), 0.0096418 secs] [Times: user=0.15 sys=0.00, real=0.01 secs] 
2016-09-25T23:07:36.314-0400: 66.812: [Full GC (Ergonomics) [PSYoungGen: 56828K->0K(175104K)] [ParOldGen: 484598K->361463K(524288K)] 541427K->361463K(699392K), [Metaspace: 43780K->43780K(1087488K)], 0.0665046 secs] [Times: user=0.54 sys=0.00, real=0.06 secs] 
2016-09-25T23:07:36.435-0400: 66.932: [GC (GCLocker Initiated GC) [PSYoungGen: 88064K->64338K(175104K)] 463097K->439371K(699392K), 0.0057083 secs] [Times: user=0.09 sys=0.00, real=0.00 secs] 
2016-09-25T23:07:36.486-0400: 66.983: [GC (GCLocker Initiated GC) [PSYoungGen: 152402K->70262K(175104K)] 530220K->468730K(699392K), 0.0081496 secs] [Times: user=0.12 sys=0.00, real=0.00 secs] 
2016-09-25T23:07:36.543-0400: 67.040: [GC (GCLocker Initiated GC) [PSYoungGen: 158326K->68930K(175104K)] 566372K->486032K(699392K), 0.0125232 secs] [Times: user=0.10 sys=0.00, real=0.01 secs] 
2016-09-25T23:07:36.626-0400: 67.123: [GC (GCLocker Initiated GC) [PSYoungGen: 156994K->39029K(175104K)] 583579K->484166K(699392K), 0.0067101 secs] [Times: user=0.05 sys=0.00, real=0.00 secs] 
2016-09-25T23:07:36.676-0400: 67.173: [GC (GCLocker Initiated GC) [PSYoungGen: 127093K->69070K(175104K)] 575000K->523313K(699392K), 0.0093501 secs] [Times: user=0.11 sys=0.01, real=0.01 secs] 
2016-09-25T23:07:36.749-0400: 67.246: [GC (GCLocker Initiated GC) [PSYoungGen: 157134K->78261K(175104K)] 611431K->564811K(699392K), 0.0132387 secs] [Times: user=0.18 sys=0.01, real=0.01 secs] 
2016-09-25T23:07:36.762-0400: 67.259: [Full GC (Ergonomics) [PSYoungGen: 78261K->0K(175104K)] [ParOldGen: 486549K->367857K(524288K)] 564811K->367857K(699392K), [Metaspace: 43780K->43780K(1087488K)], 0.0643440 secs] [Times: user=0.56 sys=0.01, real=0.07 secs] 
2016-09-25T23:07:36.877-0400: 67.374: [GC (GCLocker Initiated GC) [PSYoungGen: 88064K->64400K(175104K)] 462729K->439066K(699392K), 0.0088092 secs] [Times: user=0.10 sys=0.00, real=0.01 secs] 
2016-09-25T23:07:36.927-0400: 67.424: [GC (GCLocker Initiated GC) [PSYoungGen: 152464K->64379K(175104K)] 527219K->451698K(699392K), 0.0091294 secs] [Times: user=0.08 sys=0.00, real=0.01 secs] 
2016-09-25T23:07:36.994-0400: 67.491: [GC (GCLocker Initiated GC) [PSYoungGen: 152443K->59685K(147968K)] 542811K->462813K(672256K), 0.0179464 secs] [Times: user=0.25 sys=0.02, real=0.01 secs] 
2016-09-25T23:07:37.063-0400: 67.560: [GC (GCLocker Initiated GC) [PSYoungGen: 147749K->71253K(174592K)] 550964K->491699K(698880K), 0.0084703 secs] [Times: user=0.12 sys=0.00, real=0.00 secs] 
2016-09-25T23:07:37.133-0400: 67.631: [GC (GCLocker Initiated GC) [PSYoungGen: 159317K->48376K(174592K)] 582548K->493769K(698880K), 0.0117292 secs] [Times: user=0.14 sys=0.00, real=0.02 secs] 
2016-09-25T23:07:37.194-0400: 67.691: [GC (GCLocker Initiated GC) [PSYoungGen: 136440K->59376K(174080K)] 581882K->528622K(698368K), 0.0080552 secs] [Times: user=0.10 sys=0.00, real=0.01 secs] 
2016-09-25T23:07:37.262-0400: 67.759: [GC (GCLocker Initiated GC) [PSYoungGen: 147952K->48625K(174592K)] 620372K->542360K(698880K), 0.0092217 secs] [Times: user=0.11 sys=0.00, real=0.01 secs] 
2016-09-25T23:07:37.271-0400: 67.768: [Full GC (Ergonomics) [PSYoungGen: 48625K->0K(174592K)] [ParOldGen: 493735K->362903K(524288K)] 542360K->362903K(698880K), [Metaspace: 43781K->43781K(1087488K)], 0.0598543 secs] [Times: user=0.52 sys=0.00, real=0.06 secs] 
2016-09-25T23:07:37.385-0400: 67.883: [GC (GCLocker Initiated GC) [PSYoungGen: 88576K->55653K(173568K)] 456992K->424069K(697856K), 0.0065801 secs] [Times: user=0.09 sys=0.00, real=0.00 secs] 
2016-09-25T23:07:37.440-0400: 67.937: [GC (GCLocker Initiated GC) [PSYoungGen: 145253K->84972K(174592K)] 519118K->469661K(698880K), 0.0077623 secs] [Times: user=0.12 sys=0.01, real=0.01 secs] 
2016-09-25T23:07:37.518-0400: 68.015: [GC (GCLocker Initiated GC) [PSYoungGen: 174572K->36115K(175104K)] 565072K->454403K(699392K), 0.0078523 secs] [Times: user=0.09 sys=0.00, real=0.01 secs] 
2016-09-25T23:07:37.568-0400: 68.065: [GC (GCLocker Initiated GC) [PSYoungGen: 124179K->79744K(175104K)] 542581K->506941K(699392K), 0.0073989 secs] [Times: user=0.12 sys=0.00, real=0.01 secs] 
2016-09-25T23:07:37.625-0400: 68.122: [GC (GCLocker Initiated GC) [PSYoungGen: 167808K->53893K(175104K)] 596517K->525396K(699392K), 0.0083626 secs] [Times: user=0.14 sys=0.00, real=0.00 secs] 
2016-09-25T23:07:37.665-0400: 68.162: [GC (GCLocker Initiated GC) [PSYoungGen: 141957K->81129K(175104K)] 616254K->575121K(699392K), 0.0081835 secs] [Times: user=0.11 sys=0.00, real=0.00 secs] 
2016-09-25T23:07:37.673-0400: 68.171: [Full GC (Ergonomics) [PSYoungGen: 81129K->0K(175104K)] [ParOldGen: 493991K->372616K(524288K)] 575121K->372616K(699392K), [Metaspace: 43781K->43781K(1087488K)], 0.2779853 secs] [Times: user=4.13 sys=0.03, real=0.28 secs] 
2016-09-25T23:07:38.052-0400: 68.549: [GC (Allocation Failure) [PSYoungGen: 88064K->71143K(175104K)] 460816K->443895K(699392K), 0.0167044 secs] [Times: user=0.29 sys=0.00, real=0.02 secs] 
2016-09-25T23:07:38.100-0400: 68.597: [GC (GCLocker Initiated GC) [PSYoungGen: 158202K->71341K(175104K)] 532304K->474301K(699392K), 0.0088631 secs] [Times: user=0.11 sys=0.01, real=0.01 secs] 
2016-09-25T23:07:38.144-0400: 68.641: [GC (GCLocker Initiated GC) [PSYoungGen: 159405K->85045K(175104K)] 572055K->502439K(699392K), 0.0097090 secs] [Times: user=0.15 sys=0.00, real=0.00 secs] 
2016-09-25T23:07:38.220-0400: 68.717: [GC (Allocation Failure) [PSYoungGen: 173109K->68590K(175104K)] 593820K->506358K(699392K), 0.0114163 secs] [Times: user=0.11 sys=0.02, real=0.01 secs] 
2016-09-25T23:07:38.234-0400: 68.731: [GC (GCLocker Initiated GC) [PSYoungGen: 69136K->320K(175104K)] 506903K->514486K(699392K), 0.0084477 secs] [Times: user=0.12 sys=0.00, real=0.01 secs] 
2016-09-25T23:07:38.242-0400: 68.739: [Full GC (Ergonomics) [PSYoungGen: 320K->0K(175104K)] [ParOldGen: 514166K->368145K(524288K)] 514486K->368145K(699392K), [Metaspace: 43781K->43781K(1087488K)], 0.0727367 secs] [Times: user=0.51 sys=0.02, real=0.07 secs] 
2016-09-25T23:07:38.352-0400: 68.849: [GC (GCLocker Initiated GC) [PSYoungGen: 88064K->71850K(175104K)] 456217K->440003K(699392K), 0.0110544 secs] [Times: user=0.15 sys=0.00, real=0.02 secs] 
2016-09-25T23:07:38.432-0400: 68.930: [GC (GCLocker Initiated GC) [PSYoungGen: 159914K->56869K(175104K)] 540386K->453333K(699392K), 0.0123128 secs] [Times: user=0.14 sys=0.01, real=0.02 secs] 
2016-09-25T23:07:38.502-0400: 68.999: [GC (GCLocker Initiated GC) [PSYoungGen: 144933K->68964K(175104K)] 549555K->478620K(699392K), 0.0065946 secs] [Times: user=0.08 sys=0.00, real=0.01 secs] 
2016-09-25T23:07:38.551-0400: 69.049: [GC (GCLocker Initiated GC) [PSYoungGen: 157028K->68813K(175104K)] 574905K->497036K(699392K), 0.0077822 secs] [Times: user=0.09 sys=0.01, real=0.01 secs] 
2016-09-25T23:07:38.610-0400: 69.107: [GC (GCLocker Initiated GC) [PSYoungGen: 156877K->82311K(175104K)] 585230K->529008K(699392K), 0.0149039 secs] [Times: user=0.22 sys=0.00, real=0.02 secs] 
2016-09-25T23:07:38.695-0400: 69.192: [GC (GCLocker Initiated GC) [PSYoungGen: 170375K->67351K(175104K)] 617234K->551572K(699392K), 0.0117228 secs] [Times: user=0.17 sys=0.01, real=0.01 secs] 
2016-09-25T23:07:38.707-0400: 69.204: [Full GC (Ergonomics) [PSYoungGen: 67351K->0K(175104K)] [ParOldGen: 484220K->369685K(524288K)] 551572K->369685K(699392K), [Metaspace: 43788K->43788K(1087488K)], 0.0532653 secs] [Times: user=0.38 sys=0.00, real=0.05 secs] 
2016-09-25T23:07:38.808-0400: 69.305: [GC (GCLocker Initiated GC) [PSYoungGen: 88064K->65434K(175104K)] 463212K->440582K(699392K), 0.0105604 secs] [Times: user=0.11 sys=0.00, real=0.01 secs] 
2016-09-25T23:07:38.876-0400: 69.373: [GC (GCLocker Initiated GC) [PSYoungGen: 153498K->76927K(175104K)] 534179K->467124K(699392K), 0.0163036 secs] [Times: user=0.12 sys=0.00, real=0.01 secs] 
2016-09-25T23:07:38.940-0400: 69.437: [GC (GCLocker Initiated GC) [PSYoungGen: 164991K->80756K(175104K)] 555310K->488179K(699392K), 0.0083981 secs] [Times: user=0.11 sys=0.00, real=0.01 secs] 
2016-09-25T23:07:38.992-0400: 69.489: [GC (GCLocker Initiated GC) [PSYoungGen: 168820K->63802K(175104K)] 584730K->514147K(699392K), 0.0112678 secs] [Times: user=0.15 sys=0.01, real=0.02 secs] 
2016-09-25T23:07:39.036-0400: 69.534: [GC (GCLocker Initiated GC) [PSYoungGen: 151866K->76793K(175104K)] 602316K->540491K(699392K), 0.0137425 secs] [Times: user=0.15 sys=0.00, real=0.01 secs] 
2016-09-25T23:07:39.119-0400: 69.617: [GC (GCLocker Initiated GC) [PSYoungGen: 164857K->55068K(175104K)] 628782K->554886K(699392K), 0.0112716 secs] [Times: user=0.14 sys=0.01, real=0.01 secs] 
2016-09-25T23:07:39.131-0400: 69.628: [Full GC (Ergonomics) [PSYoungGen: 55068K->0K(175104K)] [ParOldGen: 499817K->375030K(524288K)] 554886K->375030K(699392K), [Metaspace: 43788K->43788K(1087488K)], 0.0627805 secs] [Times: user=0.68 sys=0.00, real=0.06 secs] 
2016-09-25T23:07:39.238-0400: 69.735: [GC (GCLocker Initiated GC) [PSYoungGen: 88064K->77709K(175104K)] 474148K->463794K(699392K), 0.0105579 secs] [Times: user=0.10 sys=0.00, real=0.01 secs] 
2016-09-25T23:07:39.300-0400: 69.798: [GC (GCLocker Initiated GC) [PSYoungGen: 165773K->56620K(175104K)] 564173K->479550K(699392K), 0.0086927 secs] [Times: user=0.11 sys=0.00, real=0.01 secs] 
2016-09-25T23:07:39.359-0400: 69.856: [GC (GCLocker Initiated GC) [PSYoungGen: 144684K->49803K(175104K)] 570412K->484460K(699392K), 0.0081253 secs] [Times: user=0.08 sys=0.00, real=0.01 secs] 
2016-09-25T23:07:39.409-0400: 69.906: [GC (GCLocker Initiated GC) [PSYoungGen: 137867K->66036K(175104K)] 575402K->527328K(699392K), 0.0075096 secs] [Times: user=0.09 sys=0.00, real=0.01 secs] 
2016-09-25T23:07:39.470-0400: 69.967: [GC (GCLocker Initiated GC) [PSYoungGen: 154100K->58034K(175104K)] 623602K->564869K(699392K), 0.0098854 secs] [Times: user=0.16 sys=0.00, real=0.01 secs] 
2016-09-25T23:07:39.480-0400: 69.977: [Full GC (Ergonomics) [PSYoungGen: 58034K->0K(175104K)] [ParOldGen: 506835K->374677K(524288K)] 564869K->374677K(699392K), [Metaspace: 43788K->43788K(1087488K)], 0.0607887 secs] [Times: user=0.61 sys=0.01, real=0.06 secs] 
2016-09-25T23:07:39.590-0400: 70.087: [GC (GCLocker Initiated GC) [PSYoungGen: 88064K->76173K(175104K)] 472328K->460437K(699392K), 0.0070997 secs] [Times: user=0.10 sys=0.00, real=0.01 secs] 
2016-09-25T23:07:39.647-0400: 70.144: [GC (GCLocker Initiated GC) [PSYoungGen: 164237K->57807K(175104K)] 552635K->469199K(699392K), 0.0077349 secs] [Times: user=0.10 sys=0.00, real=0.01 secs] 
2016-09-25T23:07:39.692-0400: 70.189: [GC (GCLocker Initiated GC) [PSYoungGen: 145871K->67309K(175104K)] 566821K->502459K(699392K), 0.0090374 secs] [Times: user=0.14 sys=0.00, real=0.01 secs] 
2016-09-25T23:07:39.749-0400: 70.247: [GC (GCLocker Initiated GC) [PSYoungGen: 155373K->60531K(175104K)] 596071K->533015K(699392K), 0.0073842 secs] [Times: user=0.10 sys=0.00, real=0.01 secs] 
2016-09-25T23:07:39.801-0400: 70.298: [Full GC (Ergonomics) [PSYoungGen: 148595K->0K(175104K)] [ParOldGen: 475266K->379616K(524288K)] 623861K->379616K(699392K), [Metaspace: 43788K->43788K(1087488K)], 0.0684030 secs] [Times: user=0.50 sys=0.01, real=0.07 secs] 
2016-09-25T23:07:39.913-0400: 70.410: [GC (GCLocker Initiated GC) [PSYoungGen: 88064K->86783K(175104K)] 473161K->471881K(699392K), 0.0104140 secs] [Times: user=0.14 sys=0.02, real=0.02 secs] 
2016-09-25T23:07:39.976-0400: 70.474: [GC (GCLocker Initiated GC) [PSYoungGen: 174847K->41790K(175104K)] 568218K->472904K(699392K), 0.0067293 secs] [Times: user=0.08 sys=0.01, real=0.01 secs] 
2016-09-25T23:07:40.027-0400: 70.525: [GC (GCLocker Initiated GC) [PSYoungGen: 129854K->77241K(175104K)] 566475K->518722K(699392K), 0.0092911 secs] [Times: user=0.14 sys=0.01, real=0.01 secs] 
2016-09-25T23:07:40.086-0400: 70.584: [GC (GCLocker Initiated GC) [PSYoungGen: 165305K->41400K(175104K)] 618995K->533911K(699392K), 0.0092367 secs] [Times: user=0.13 sys=0.00, real=0.01 secs] 
2016-09-25T23:07:40.096-0400: 70.593: [Full GC (Ergonomics) [PSYoungGen: 41400K->0K(175104K)] [ParOldGen: 492511K->375818K(524288K)] 533911K->375818K(699392K), [Metaspace: 43788K->43788K(1087488K)], 0.0511733 secs] [Times: user=0.46 sys=0.00, real=0.05 secs] 
2016-09-25T23:07:40.195-0400: 70.693: [GC (GCLocker Initiated GC) [PSYoungGen: 88064K->78328K(175104K)] 463997K->454262K(699392K), 0.0202230 secs] [Times: user=0.31 sys=0.00, real=0.02 secs] 
2016-09-25T23:07:40.258-0400: 70.756: [GC (GCLocker Initiated GC) [PSYoungGen: 166392K->82557K(175104K)] 545123K->481170K(699392K), 0.0095637 secs] [Times: user=0.11 sys=0.00, real=0.01 secs] 
2016-09-25T23:07:40.318-0400: 70.816: [GC (GCLocker Initiated GC) [PSYoungGen: 170621K->67281K(175104K)] 572298K->483463K(699392K), 0.0085159 secs] [Times: user=0.08 sys=0.01, real=0.01 secs] 
2016-09-25T23:07:40.376-0400: 70.873: [GC (GCLocker Initiated GC) [PSYoungGen: 155345K->52329K(175104K)] 574374K->482809K(699392K), 0.0087248 secs] [Times: user=0.06 sys=0.00, real=0.01 secs] 
2016-09-25T23:07:40.421-0400: 70.918: [GC (GCLocker Initiated GC) [PSYoungGen: 140393K->86154K(175104K)] 571055K->533609K(699392K), 0.0105266 secs] [Times: user=0.11 sys=0.01, real=0.01 secs] 
2016-09-25T23:07:40.481-0400: 70.978: [GC (GCLocker Initiated GC) [PSYoungGen: 174218K->78255K(175104K)] 630005K->545458K(699392K), 0.0099033 secs] [Times: user=0.15 sys=0.00, real=0.01 secs] 
2016-09-25T23:07:40.537-0400: 71.034: [GC (GCLocker Initiated GC) [PSYoungGen: 166319K->65968K(175104K)] 636364K->569221K(699392K), 0.0144587 secs] [Times: user=0.16 sys=0.02, real=0.01 secs] 
2016-09-25T23:07:40.551-0400: 71.048: [Full GC (Ergonomics) [PSYoungGen: 65968K->0K(175104K)] [ParOldGen: 503253K->378517K(524288K)] 569221K->378517K(699392K), [Metaspace: 43797K->43797K(1087488K)], 0.0557478 secs] [Times: user=0.52 sys=0.00, real=0.06 secs] 
2016-09-25T23:07:40.645-0400: 71.143: [GC (GCLocker Initiated GC) [PSYoungGen: 88064K->86783K(175104K)] 472024K->470744K(699392K), 0.0080203 secs] [Times: user=0.10 sys=0.00, real=0.00 secs] 
2016-09-25T23:07:40.704-0400: 71.201: [GC (GCLocker Initiated GC) [PSYoungGen: 174847K->57700K(175104K)] 561551K->463211K(699392K), 0.0315964 secs] [Times: user=0.43 sys=0.01, real=0.03 secs] 
2016-09-25T23:07:40.779-0400: 71.276: [GC (GCLocker Initiated GC) [PSYoungGen: 145764K->57760K(175104K)] 551400K->492378K(699392K), 0.0089687 secs] [Times: user=0.13 sys=0.00, real=0.01 secs] 
2016-09-25T23:07:40.837-0400: 71.334: [GC (GCLocker Initiated GC) [PSYoungGen: 145824K->68739K(175104K)] 592408K->525357K(699392K), 0.0118910 secs] [Times: user=0.18 sys=0.00, real=0.01 secs] 
2016-09-25T23:07:40.901-0400: 71.398: [GC (GCLocker Initiated GC) [PSYoungGen: 156803K->53772K(175104K)] 620252K->521927K(699392K), 0.0161562 secs] [Times: user=0.24 sys=0.00, real=0.02 secs] 
2016-09-25T23:07:40.957-0400: 71.455: [GC (GCLocker Initiated GC) [PSYoungGen: 141836K->74019K(175104K)] 616879K->557724K(699392K), 0.0074749 secs] [Times: user=0.06 sys=0.00, real=0.01 secs] 
2016-09-25T23:07:40.965-0400: 71.462: [Full GC (Ergonomics) [PSYoungGen: 74019K->0K(175104K)] [ParOldGen: 483704K->388885K(524288K)] 557724K->388885K(699392K), [Metaspace: 43797K->43797K(1087488K)], 0.0610193 secs] [Times: user=0.61 sys=0.00, real=0.06 secs] 
2016-09-25T23:07:41.083-0400: 71.580: [GC (GCLocker Initiated GC) [PSYoungGen: 88064K->61964K(175104K)] 479762K->453662K(699392K), 0.0088332 secs] [Times: user=0.10 sys=0.00, real=0.00 secs] 
2016-09-25T23:07:41.131-0400: 71.628: [GC (GCLocker Initiated GC) [PSYoungGen: 150028K->70304K(175104K)] 541864K->480576K(699392K), 0.0113411 secs] [Times: user=0.09 sys=0.00, real=0.02 secs] 
2016-09-25T23:07:41.189-0400: 71.686: [GC (GCLocker Initiated GC) [PSYoungGen: 158368K->68728K(175104K)] 576818K->508370K(699392K), 0.0092114 secs] [Times: user=0.14 sys=0.00, real=0.01 secs] 
2016-09-25T23:07:41.249-0400: 71.746: [GC (GCLocker Initiated GC) [PSYoungGen: 156792K->44176K(175104K)] 599904K->502863K(699392K), 0.0139253 secs] [Times: user=0.18 sys=0.00, real=0.02 secs] 
2016-09-25T23:07:41.292-0400: 71.789: [GC (GCLocker Initiated GC) [PSYoungGen: 132240K->85928K(175104K)] 593749K->554811K(699392K), 0.0102581 secs] [Times: user=0.15 sys=0.00, real=0.01 secs] 
2016-09-25T23:07:41.351-0400: 71.849: [GC (GCLocker Initiated GC) [PSYoungGen: 173992K->72523K(175104K)] 646987K->579674K(699392K), 0.0130436 secs] [Times: user=0.10 sys=0.00, real=0.02 secs] 
2016-09-25T23:07:41.365-0400: 71.862: [Full GC (Ergonomics) [PSYoungGen: 72523K->0K(175104K)] [ParOldGen: 507151K->388297K(524288K)] 579674K->388297K(699392K), [Metaspace: 43797K->43797K(1087488K)], 0.0642052 secs] [Times: user=0.49 sys=0.02, real=0.06 secs] 
2016-09-25T23:07:41.469-0400: 71.967: [GC (GCLocker Initiated GC) [PSYoungGen: 88064K->70163K(175104K)] 476544K->458643K(699392K), 0.0086579 secs] [Times: user=0.08 sys=0.01, real=0.01 secs] 
2016-09-25T23:07:41.531-0400: 72.029: [GC (GCLocker Initiated GC) [PSYoungGen: 158227K->44270K(175104K)] 546859K->476943K(699392K), 0.0072241 secs] [Times: user=0.09 sys=0.00, real=0.01 secs] 
2016-09-25T23:07:41.567-0400: 72.064: [GC (GCLocker Initiated GC) [PSYoungGen: 132334K->79653K(175104K)] 570512K->537373K(699392K), 0.0109807 secs] [Times: user=0.15 sys=0.00, real=0.01 secs] 
2016-09-25T23:07:41.626-0400: 72.123: [GC (GCLocker Initiated GC) [PSYoungGen: 167717K->53675K(175104K)] 637677K->562280K(699392K), 0.0101842 secs] [Times: user=0.17 sys=0.00, real=0.01 secs] 
2016-09-25T23:07:41.636-0400: 72.133: [Full GC (Ergonomics) [PSYoungGen: 53675K->0K(175104K)] [ParOldGen: 508604K->389450K(524288K)] 562280K->389450K(699392K), [Metaspace: 43801K->43801K(1087488K)], 0.0525542 secs] [Times: user=0.46 sys=0.00, real=0.05 secs] 
2016-09-25T23:07:41.741-0400: 72.238: [GC (GCLocker Initiated GC) [PSYoungGen: 88064K->64509K(175104K)] 477584K->454029K(699392K), 0.0150764 secs] [Times: user=0.20 sys=0.01, real=0.02 secs] 
2016-09-25T23:07:41.779-0400: 72.276: [GC (GCLocker Initiated GC) [PSYoungGen: 152573K->84877K(175104K)] 550405K->500894K(699392K), 0.0151071 secs] [Times: user=0.16 sys=0.00, real=0.01 secs] 
2016-09-25T23:07:41.850-0400: 72.347: [GC (Allocation Failure) [PSYoungGen: 172941K->54931K(175104K)] 597217K->500186K(699392K), 0.0065734 secs] [Times: user=0.09 sys=0.00, real=0.01 secs] 
2016-09-25T23:07:41.887-0400: 72.384: [GC (GCLocker Initiated GC) [PSYoungGen: 142995K->61887K(175104K)] 588259K->537299K(699392K), 0.0103049 secs] [Times: user=0.14 sys=0.01, real=0.01 secs] 
2016-09-25T23:07:41.897-0400: 72.395: [Full GC (Ergonomics) [PSYoungGen: 61887K->0K(175104K)] [ParOldGen: 475411K->387921K(524288K)] 537299K->387921K(699392K), [Metaspace: 43801K->43801K(1087488K)], 0.0626966 secs] [Times: user=0.61 sys=0.00, real=0.06 secs] 
2016-09-25T23:07:42.005-0400: 72.502: [GC (GCLocker Initiated GC) [PSYoungGen: 88064K->70088K(175104K)] 481680K->463704K(699392K), 0.0117991 secs] [Times: user=0.16 sys=0.00, real=0.01 secs] 
2016-09-25T23:07:42.054-0400: 72.551: [GC (GCLocker Initiated GC) [PSYoungGen: 158152K->63164K(175104K)] 552385K->485200K(699392K), 0.0094960 secs] [Times: user=0.13 sys=0.00, real=0.02 secs] 
2016-09-25T23:07:42.098-0400: 72.595: [GC (GCLocker Initiated GC) [PSYoungGen: 151228K->72491K(175104K)] 573382K->515429K(699392K), 0.0088511 secs] [Times: user=0.13 sys=0.00, real=0.01 secs] 
2016-09-25T23:07:42.154-0400: 72.651: [GC (GCLocker Initiated GC) [PSYoungGen: 160555K->63278K(175104K)] 611756K->563535K(699392K), 0.0097357 secs] [Times: user=0.13 sys=0.00, real=0.02 secs] 
2016-09-25T23:07:42.164-0400: 72.661: [Full GC (Ergonomics) [PSYoungGen: 63278K->0K(175104K)] [ParOldGen: 500257K->394364K(524288K)] 563535K->394364K(699392K), [Metaspace: 43801K->43801K(1087488K)], 0.0690444 secs] [Times: user=0.56 sys=0.00, real=0.06 secs] 
2016-09-25T23:07:42.275-0400: 72.773: [GC (GCLocker Initiated GC) [PSYoungGen: 88064K->70166K(175104K)] 490652K->472755K(699392K), 0.0135969 secs] [Times: user=0.19 sys=0.00, real=0.01 secs] 
2016-09-25T23:07:42.330-0400: 72.827: [GC (GCLocker Initiated GC) [PSYoungGen: 158230K->80535K(175104K)] 563747K->503069K(699392K), 0.0079365 secs] [Times: user=0.11 sys=0.00, real=0.01 secs] 
2016-09-25T23:07:42.383-0400: 72.881: [GC (GCLocker Initiated GC) [PSYoungGen: 168599K->68653K(175104K)] 595277K->506518K(699392K), 0.0063975 secs] [Times: user=0.08 sys=0.00, real=0.00 secs] 
2016-09-25T23:07:42.431-0400: 72.928: [GC (GCLocker Initiated GC) [PSYoungGen: 156717K->81913K(175104K)] 597477K->547591K(699392K), 0.0133886 secs] [Times: user=0.14 sys=0.01, real=0.02 secs] 
2016-09-25T23:07:42.496-0400: 72.993: [GC (GCLocker Initiated GC) [PSYoungGen: 169977K->29036K(175104K)] 635777K->522256K(699392K), 0.0095465 secs] [Times: user=0.07 sys=0.00, real=0.01 secs] 
2016-09-25T23:07:42.505-0400: 73.003: [Full GC (Ergonomics) [PSYoungGen: 29036K->0K(175104K)] [ParOldGen: 493220K->382103K(524288K)] 522256K->382103K(699392K), [Metaspace: 43801K->43801K(1087488K)], 0.0615762 secs] [Times: user=0.54 sys=0.01, real=0.06 secs] 
2016-09-25T23:07:42.594-0400: 73.092: [GC (GCLocker Initiated GC) [PSYoungGen: 88064K->74141K(175104K)] 470326K->456403K(699392K), 0.0143199 secs] [Times: user=0.18 sys=0.01, real=0.01 secs] 
2016-09-25T23:07:42.647-0400: 73.144: [GC (GCLocker Initiated GC) [PSYoungGen: 162205K->60386K(175104K)] 547971K->473907K(699392K), 0.0072940 secs] [Times: user=0.10 sys=0.00, real=0.00 secs] 
2016-09-25T23:07:42.691-0400: 73.188: [GC (GCLocker Initiated GC) [PSYoungGen: 148450K->75120K(175104K)] 564844K->505571K(699392K), 0.0097190 secs] [Times: user=0.15 sys=0.00, real=0.01 secs] 
2016-09-25T23:07:42.756-0400: 73.254: [GC (GCLocker Initiated GC) [PSYoungGen: 163184K->69772K(175104K)] 596547K->531910K(699392K), 0.0133102 secs] [Times: user=0.15 sys=0.00, real=0.01 secs] 
2016-09-25T23:07:42.832-0400: 73.329: [GC (GCLocker Initiated GC) [PSYoungGen: 157836K->68269K(175104K)] 620195K->553998K(699392K), 0.0087635 secs] [Times: user=0.09 sys=0.00, real=0.01 secs] 
2016-09-25T23:07:42.841-0400: 73.338: [Full GC (Ergonomics) [PSYoungGen: 68269K->0K(175104K)] [ParOldGen: 485729K->391456K(524288K)] 553998K->391456K(699392K), [Metaspace: 43801K->43801K(1087488K)], 0.0595723 secs] [Times: user=0.44 sys=0.01, real=0.06 secs] 
2016-09-25T23:07:42.948-0400: 73.446: [GC (GCLocker Initiated GC) [PSYoungGen: 88064K->79310K(175104K)] 481181K->472428K(699392K), 0.0141769 secs] [Times: user=0.12 sys=0.00, real=0.02 secs] 
2016-09-25T23:07:43.011-0400: 73.509: [GC (GCLocker Initiated GC) [PSYoungGen: 167374K->57574K(175104K)] 560558K->477017K(699392K), 0.0116070 secs] [Times: user=0.14 sys=0.01, real=0.02 secs] 
2016-09-25T23:07:43.073-0400: 73.570: [GC (GCLocker Initiated GC) [PSYoungGen: 145638K->71120K(175104K)] 577418K->514077K(699392K), 0.0071706 secs] [Times: user=0.10 sys=0.00, real=0.01 secs] 
2016-09-25T23:07:43.122-0400: 73.619: [GC (GCLocker Initiated GC) [PSYoungGen: 159184K->52027K(175104K)] 611826K->513273K(699392K), 0.0092786 secs] [Times: user=0.06 sys=0.00, real=0.01 secs] 
2016-09-25T23:07:43.185-0400: 73.683: [GC (GCLocker Initiated GC) [PSYoungGen: 140091K->67083K(175104K)] 604515K->545447K(699392K), 0.0115566 secs] [Times: user=0.12 sys=0.01, real=0.01 secs] 
2016-09-25T23:07:43.250-0400: 73.747: [Full GC (Ergonomics) [PSYoungGen: 155147K->0K(175104K)] [ParOldGen: 481154K->395511K(524288K)] 636302K->395511K(699392K), [Metaspace: 43801K->43801K(1087488K)], 0.0584363 secs] [Times: user=0.58 sys=0.01, real=0.06 secs] 
2016-09-25T23:07:43.353-0400: 73.850: [GC (GCLocker Initiated GC) [PSYoungGen: 88064K->63050K(175104K)] 491892K->466879K(699392K), 0.0124279 secs] [Times: user=0.13 sys=0.00, real=0.02 secs] 
2016-09-25T23:07:43.422-0400: 73.919: [GC (GCLocker Initiated GC) [PSYoungGen: 151114K->79288K(175104K)] 557783K->501319K(699392K), 0.0115919 secs] [Times: user=0.14 sys=0.02, real=0.01 secs] 
2016-09-25T23:07:43.484-0400: 73.981: [GC (GCLocker Initiated GC) [PSYoungGen: 167352K->60235K(175104K)] 605727K->507215K(699392K), 0.0065836 secs] [Times: user=0.09 sys=0.00, real=0.00 secs] 
2016-09-25T23:07:43.524-0400: 74.021: [GC (GCLocker Initiated GC) [PSYoungGen: 148299K->72378K(175104K)] 595379K->544139K(699392K), 0.0077147 secs] [Times: user=0.12 sys=0.00, real=0.00 secs] 
2016-09-25T23:07:43.577-0400: 74.074: [GC (GCLocker Initiated GC) [PSYoungGen: 160442K->46839K(175104K)] 633711K->555522K(699392K), 0.0104435 secs] [Times: user=0.10 sys=0.01, real=0.01 secs] 
2016-09-25T23:07:43.590-0400: 74.087: [Full GC (Ergonomics) [PSYoungGen: 46839K->0K(175104K)] [ParOldGen: 508682K->385806K(524288K)] 555522K->385806K(699392K), [Metaspace: 43801K->43801K(1087488K)], 0.0783909 secs] [Times: user=0.57 sys=0.02, real=0.08 secs] 
2016-09-25T23:07:43.707-0400: 74.205: [GC (GCLocker Initiated GC) [PSYoungGen: 88064K->79284K(175104K)] 484882K->476102K(699392K), 0.0113286 secs] [Times: user=0.15 sys=0.00, real=0.01 secs] 
2016-09-25T23:07:43.753-0400: 74.251: [GC (GCLocker Initiated GC) [PSYoungGen: 167348K->58982K(175104K)] 568255K->484764K(699392K), 0.0099198 secs] [Times: user=0.11 sys=0.00, real=0.02 secs] 
2016-09-25T23:07:43.819-0400: 74.316: [GC (GCLocker Initiated GC) [PSYoungGen: 147046K->69620K(175104K)] 573483K->507257K(699392K), 0.0129774 secs] [Times: user=0.11 sys=0.00, real=0.01 secs] 
2016-09-25T23:07:43.893-0400: 74.391: [GC (GCLocker Initiated GC) [PSYoungGen: 157684K->58923K(175104K)] 600850K->524061K(699392K), 0.0105012 secs] [Times: user=0.11 sys=0.00, real=0.02 secs] 
2016-09-25T23:07:43.934-0400: 74.431: [GC (GCLocker Initiated GC) [PSYoungGen: 146987K->84554K(175104K)] 612209K->562388K(699392K), 0.0081580 secs] [Times: user=0.12 sys=0.00, real=0.01 secs] 
2016-09-25T23:07:43.978-0400: 74.476: [Full GC (Ergonomics) [PSYoungGen: 172618K->0K(175104K)] [ParOldGen: 486121K->400673K(524288K)] 658739K->400673K(699392K), [Metaspace: 43801K->43801K(1087488K)], 0.0860114 secs] [Times: user=0.57 sys=0.01, real=0.09 secs] 
2016-09-25T23:07:44.121-0400: 74.619: [GC (GCLocker Initiated GC) [PSYoungGen: 88064K->82167K(175104K)] 491526K->485630K(699392K), 0.0069712 secs] [Times: user=0.10 sys=0.00, real=0.01 secs] 
2016-09-25T23:07:44.161-0400: 74.658: [GC (GCLocker Initiated GC) [PSYoungGen: 170231K->62995K(175104K)] 579254K->490299K(699392K), 0.0074458 secs] [Times: user=0.09 sys=0.00, real=0.01 secs] 
2016-09-25T23:07:44.196-0400: 74.693: [GC (GCLocker Initiated GC) [PSYoungGen: 151059K->73874K(175104K)] 578460K->528661K(699392K), 0.0080089 secs] [Times: user=0.11 sys=0.00, real=0.01 secs] 
2016-09-25T23:07:44.241-0400: 74.739: [GC (GCLocker Initiated GC) [PSYoungGen: 161938K->61747K(175104K)] 622326K->564540K(699392K), 0.0075250 secs] [Times: user=0.11 sys=0.00, real=0.01 secs] 
2016-09-25T23:07:44.249-0400: 74.746: [Full GC (Ergonomics) [PSYoungGen: 61747K->0K(175104K)] [ParOldGen: 502793K->401341K(524288K)] 564540K->401341K(699392K), [Metaspace: 43801K->43801K(1087488K)], 0.0653544 secs] [Times: user=0.58 sys=0.00, real=0.07 secs] 
2016-09-25T23:07:44.352-0400: 74.849: [GC (GCLocker Initiated GC) [PSYoungGen: 88064K->67268K(175104K)] 489530K->468735K(699392K), 0.0105963 secs] [Times: user=0.13 sys=0.00, real=0.02 secs] 
2016-09-25T23:07:44.407-0400: 74.904: [GC (GCLocker Initiated GC) [PSYoungGen: 155332K->48133K(175104K)] 559635K->490892K(699392K), 0.0067325 secs] [Times: user=0.08 sys=0.00, real=0.00 secs] 
2016-09-25T23:07:44.458-0400: 74.955: [GC (GCLocker Initiated GC) [PSYoungGen: 136197K->69797K(175104K)] 580365K->542727K(699392K), 0.0079061 secs] [Times: user=0.11 sys=0.00, real=0.01 secs] 
2016-09-25T23:07:44.466-0400: 74.963: [Full GC (Ergonomics) [PSYoungGen: 69797K->0K(175104K)] [ParOldGen: 472929K->396520K(524288K)] 542727K->396520K(699392K), [Metaspace: 43801K->43801K(1087488K)], 0.0628255 secs] [Times: user=0.50 sys=0.02, real=0.06 secs] 
2016-09-25T23:07:44.570-0400: 75.067: [GC (GCLocker Initiated GC) [PSYoungGen: 88064K->81018K(175104K)] 495636K->488590K(699392K), 0.0105787 secs] [Times: user=0.15 sys=0.00, real=0.01 secs] 
2016-09-25T23:07:44.631-0400: 75.128: [GC (GCLocker Initiated GC) [PSYoungGen: 169082K->37156K(175104K)] 582108K->479323K(699392K), 0.0069046 secs] [Times: user=0.05 sys=0.00, real=0.01 secs] 
2016-09-25T23:07:44.669-0400: 75.166: [GC (GCLocker Initiated GC) [PSYoungGen: 125220K->80746K(175104K)] 571641K->531496K(699392K), 0.0100942 secs] [Times: user=0.10 sys=0.00, real=0.01 secs] 
2016-09-25T23:07:44.719-0400: 75.216: [GC (GCLocker Initiated GC) [PSYoungGen: 168810K->76420K(175104K)] 619740K->550889K(699392K), 0.0110791 secs] [Times: user=0.15 sys=0.00, real=0.01 secs] 
2016-09-25T23:07:44.730-0400: 75.228: [Full GC (Ergonomics) [PSYoungGen: 76420K->0K(175104K)] [ParOldGen: 474468K->397398K(524288K)] 550889K->397398K(699392K), [Metaspace: 43801K->43801K(1087488K)], 0.0679267 secs] [Times: user=0.57 sys=0.00, real=0.07 secs] 
2016-09-25T23:07:44.835-0400: 75.332: [GC (GCLocker Initiated GC) [PSYoungGen: 88064K->86296K(175104K)] 488284K->506767K(699392K), 0.0103512 secs] [Times: user=0.16 sys=0.00, real=0.01 secs] 
2016-09-25T23:07:44.885-0400: 75.382: [GC (GCLocker Initiated GC) [PSYoungGen: 174360K->60262K(175104K)] 595261K->514284K(699392K), 0.0074889 secs] [Times: user=0.10 sys=0.00, real=0.00 secs] 
2016-09-25T23:07:44.945-0400: 75.442: [GC (GCLocker Initiated GC) [PSYoungGen: 148326K->56227K(175104K)] 605286K->535191K(699392K), 0.0087010 secs] [Times: user=0.09 sys=0.00, real=0.00 secs] 
2016-09-25T23:07:44.954-0400: 75.451: [Full GC (Ergonomics) [PSYoungGen: 56227K->0K(175104K)] [ParOldGen: 478964K->386740K(524288K)] 535191K->386740K(699392K), [Metaspace: 43801K->43801K(1087488K)], 0.1232535 secs] [Times: user=1.56 sys=0.01, real=0.13 secs] 
2016-09-25T23:07:45.107-0400: 75.604: [GC (GCLocker Initiated GC) [PSYoungGen: 88064K->85036K(175104K)] 474889K->479961K(699392K), 0.0107677 secs] [Times: user=0.13 sys=0.00, real=0.01 secs] 
2016-09-25T23:07:45.162-0400: 75.660: [GC (GCLocker Initiated GC) [PSYoungGen: 173100K->42784K(175104K)] 570777K->480396K(699392K), 0.0080857 secs] [Times: user=0.08 sys=0.00, real=0.00 secs] 
2016-09-25T23:07:45.213-0400: 75.710: [GC (GCLocker Initiated GC) [PSYoungGen: 130848K->61934K(175104K)] 572693K->534035K(699392K), 0.0074295 secs] [Times: user=0.12 sys=0.00, real=0.01 secs] 
2016-09-25T23:07:45.220-0400: 75.718: [Full GC (Ergonomics) [PSYoungGen: 61934K->0K(175104K)] [ParOldGen: 472100K->394427K(524288K)] 534035K->394427K(699392K), [Metaspace: 43801K->43801K(1087488K)], 0.0584575 secs] [Times: user=0.55 sys=0.01, real=0.06 secs] 
2016-09-25T23:07:45.321-0400: 75.818: [GC (GCLocker Initiated GC) [PSYoungGen: 88064K->77034K(175104K)] 485364K->474334K(699392K), 0.0111175 secs] [Times: user=0.15 sys=0.01, real=0.01 secs] 
2016-09-25T23:07:45.372-0400: 75.870: [GC (GCLocker Initiated GC) [PSYoungGen: 165098K->71305K(175104K)] 564273K->486268K(699392K), 0.0093609 secs] [Times: user=0.12 sys=0.01, real=0.01 secs] 
2016-09-25T23:07:45.429-0400: 75.926: [GC (GCLocker Initiated GC) [PSYoungGen: 159369K->56496K(175104K)] 581328K->516892K(699392K), 0.0099221 secs] [Times: user=0.10 sys=0.01, real=0.01 secs] 
2016-09-25T23:07:45.484-0400: 75.982: [GC (GCLocker Initiated GC) [PSYoungGen: 144560K->53591K(175104K)] 605004K->543002K(699392K), 0.0068039 secs] [Times: user=0.10 sys=0.00, real=0.00 secs] 
2016-09-25T23:07:45.491-0400: 75.989: [Full GC (Ergonomics) [PSYoungGen: 53591K->0K(175104K)] [ParOldGen: 489410K->387509K(524288K)] 543002K->387509K(699392K), [Metaspace: 43801K->43801K(1087488K)], 0.0565162 secs] [Times: user=0.58 sys=0.00, real=0.06 secs] 
2016-09-25T23:07:45.582-0400: 76.080: [GC (GCLocker Initiated GC) [PSYoungGen: 88064K->85119K(175104K)] 475673K->480829K(699392K), 0.0078005 secs] [Times: user=0.11 sys=0.01, real=0.00 secs] 
2016-09-25T23:07:45.638-0400: 76.135: [GC (GCLocker Initiated GC) [PSYoungGen: 173183K->67168K(175104K)] 585311K->492376K(699392K), 0.0218402 secs] [Times: user=0.30 sys=0.00, real=0.02 secs] 
2016-09-25T23:07:45.712-0400: 76.210: [GC (GCLocker Initiated GC) [PSYoungGen: 155232K->49650K(175104K)] 588754K->495957K(699392K), 0.0097642 secs] [Times: user=0.07 sys=0.01, real=0.02 secs] 
2016-09-25T23:07:45.768-0400: 76.266: [GC (GCLocker Initiated GC) [PSYoungGen: 137714K->69874K(175104K)] 584108K->538478K(699392K), 0.0102128 secs] [Times: user=0.12 sys=0.00, real=0.01 secs] 
2016-09-25T23:07:45.823-0400: 76.320: [GC (GCLocker Initiated GC) [PSYoungGen: 157938K->52388K(175104K)] 626560K->560704K(699392K), 0.0095093 secs] [Times: user=0.15 sys=0.00, real=0.00 secs] 
2016-09-25T23:07:45.832-0400: 76.330: [Full GC (Ergonomics) [PSYoungGen: 52388K->0K(175104K)] [ParOldGen: 508316K->397437K(524288K)] 560704K->397437K(699392K), [Metaspace: 43801K->43801K(1087488K)], 0.0648039 secs] [Times: user=0.57 sys=0.00, real=0.07 secs] 
2016-09-25T23:07:45.934-0400: 76.431: [GC (GCLocker Initiated GC) [PSYoungGen: 88064K->75621K(175104K)] 485534K->473091K(699392K), 0.0063607 secs] [Times: user=0.09 sys=0.00, real=0.00 secs] 
2016-09-25T23:07:45.982-0400: 76.479: [GC (GCLocker Initiated GC) [PSYoungGen: 163685K->84910K(175104K)] 561258K->514464K(699392K), 0.0097101 secs] [Times: user=0.15 sys=0.00, real=0.01 secs] 
2016-09-25T23:07:46.042-0400: 76.539: [GC (GCLocker Initiated GC) [PSYoungGen: 172974K->48294K(175104K)] 612135K->511075K(699392K), 0.0347437 secs] [Times: user=0.45 sys=0.01, real=0.04 secs] 
2016-09-25T23:07:46.124-0400: 76.621: [GC (GCLocker Initiated GC) [PSYoungGen: 136358K->74078K(175104K)] 607419K->558061K(699392K), 0.0097510 secs] [Times: user=0.15 sys=0.01, real=0.00 secs] 
2016-09-25T23:07:46.134-0400: 76.631: [Full GC (Ergonomics) [PSYoungGen: 74078K->0K(175104K)] [ParOldGen: 483983K->404296K(524288K)] 558061K->404296K(699392K), [Metaspace: 43801K->43801K(1087488K)], 0.0640529 secs] [Times: user=0.59 sys=0.01, real=0.07 secs] 
2016-09-25T23:07:46.250-0400: 76.747: [GC (GCLocker Initiated GC) [PSYoungGen: 88064K->77169K(175104K)] 500709K->489814K(699392K), 0.0063570 secs] [Times: user=0.09 sys=0.00, real=0.01 secs] 
2016-09-25T23:07:46.305-0400: 76.802: [GC (GCLocker Initiated GC) [PSYoungGen: 165233K->60515K(175104K)] 583369K->493231K(699392K), 0.0129354 secs] [Times: user=0.11 sys=0.00, real=0.01 secs] 
2016-09-25T23:07:46.360-0400: 76.857: [GC (GCLocker Initiated GC) [PSYoungGen: 148579K->61952K(175104K)] 592220K->522404K(699392K), 0.0098705 secs] [Times: user=0.11 sys=0.00, real=0.01 secs] 
2016-09-25T23:07:46.415-0400: 76.912: [GC (GCLocker Initiated GC) [PSYoungGen: 150016K->59291K(175104K)] 617399K->538212K(699392K), 0.0121275 secs] [Times: user=0.12 sys=0.00, real=0.01 secs] 
2016-09-25T23:07:46.472-0400: 76.969: [GC (GCLocker Initiated GC) [PSYoungGen: 147355K->61716K(175104K)] 626411K->553691K(699392K), 0.0074328 secs] [Times: user=0.09 sys=0.01, real=0.01 secs] 
2016-09-25T23:07:46.479-0400: 76.977: [Full GC (Ergonomics) [PSYoungGen: 61716K->0K(175104K)] [ParOldGen: 491975K->398469K(524288K)] 553691K->398469K(699392K), [Metaspace: 43801K->43801K(1087488K)], 0.0677598 secs] [Times: user=0.49 sys=0.02, real=0.07 secs] 
2016-09-25T23:07:46.594-0400: 77.091: [GC (GCLocker Initiated GC) [PSYoungGen: 88064K->75818K(175104K)] 489243K->476998K(699392K), 0.0122244 secs] [Times: user=0.13 sys=0.00, real=0.02 secs] 
2016-09-25T23:07:46.658-0400: 77.155: [GC (GCLocker Initiated GC) [PSYoungGen: 163882K->48556K(175104K)] 573301K->483358K(699392K), 0.0135662 secs] [Times: user=0.16 sys=0.01, real=0.01 secs] 
2016-09-25T23:07:46.716-0400: 77.213: [GC (GCLocker Initiated GC) [PSYoungGen: 136620K->85043K(175104K)] 571549K->545174K(699392K), 0.0113795 secs] [Times: user=0.16 sys=0.00, real=0.01 secs] 
2016-09-25T23:07:46.772-0400: 77.269: [GC (GCLocker Initiated GC) [PSYoungGen: 173107K->46007K(175104K)] 633356K->519249K(699392K), 0.0108275 secs] [Times: user=0.12 sys=0.00, real=0.02 secs] 
2016-09-25T23:07:46.840-0400: 77.337: [GC (GCLocker Initiated GC) [PSYoungGen: 134071K->44386K(175104K)] 610089K->544383K(699392K), 0.0124481 secs] [Times: user=0.14 sys=0.00, real=0.01 secs] 
2016-09-25T23:07:46.852-0400: 77.350: [Full GC (Ergonomics) [PSYoungGen: 44386K->0K(175104K)] [ParOldGen: 499997K->403565K(524288K)] 544383K->403565K(699392K), [Metaspace: 43801K->43801K(1087488K)], 0.0572001 secs] [Times: user=0.42 sys=0.00, real=0.06 secs] 
2016-09-25T23:07:47.039-0400: 77.536: [GC (Allocation Failure) [PSYoungGen: 88064K->44178K(175104K)] 505168K->461283K(699392K), 0.0278213 secs] [Times: user=0.33 sys=0.01, real=0.03 secs] 
2016-09-25T23:07:47.112-0400: 77.609: [GC (GCLocker Initiated GC) [PSYoungGen: 132242K->54911K(175104K)] 549358K->492956K(699392K), 0.0072723 secs] [Times: user=0.08 sys=0.00, real=0.01 secs] 
2016-09-25T23:07:47.162-0400: 77.659: [GC (GCLocker Initiated GC) [PSYoungGen: 142975K->48474K(175104K)] 587226K->506684K(699392K), 0.0234983 secs] [Times: user=0.22 sys=0.01, real=0.03 secs] 
2016-09-25T23:07:47.227-0400: 77.724: [GC (GCLocker Initiated GC) [PSYoungGen: 136538K->61841K(175104K)] 597576K->544021K(699392K), 0.0079653 secs] [Times: user=0.08 sys=0.01, real=0.01 secs] 
2016-09-25T23:07:47.287-0400: 77.784: [Full GC (Ergonomics) [PSYoungGen: 149905K->0K(175104K)] [ParOldGen: 490361K->411983K(524288K)] 640267K->411983K(699392K), [Metaspace: 43801K->43801K(1087488K)], 0.0574638 secs] [Times: user=0.39 sys=0.01, real=0.06 secs] 
2016-09-25T23:07:47.393-0400: 77.890: [GC (GCLocker Initiated GC) [PSYoungGen: 88064K->78482K(175104K)] 500146K->490565K(699392K), 0.0088352 secs] [Times: user=0.13 sys=0.01, real=0.01 secs] 
2016-09-25T23:07:47.448-0400: 77.946: [GC (GCLocker Initiated GC) [PSYoungGen: 166546K->64057K(175104K)] 586881K->505733K(699392K), 0.0097921 secs] [Times: user=0.13 sys=0.00, real=0.01 secs] 
2016-09-25T23:07:47.508-0400: 78.005: [GC (GCLocker Initiated GC) [PSYoungGen: 152121K->60670K(175104K)] 602760K->526333K(699392K), 0.0072349 secs] [Times: user=0.11 sys=0.00, real=0.01 secs] 
2016-09-25T23:07:47.552-0400: 78.049: [GC (GCLocker Initiated GC) [PSYoungGen: 148734K->71384K(175104K)] 617121K->548693K(699392K), 0.0108540 secs] [Times: user=0.15 sys=0.00, real=0.02 secs] 
2016-09-25T23:07:47.610-0400: 78.107: [GC (GCLocker Initiated GC) [PSYoungGen: 159448K->68017K(175104K)] 636875K->563751K(699392K), 0.0113991 secs] [Times: user=0.19 sys=0.01, real=0.01 secs] 
2016-09-25T23:07:47.623-0400: 78.121: [Full GC (Ergonomics) [PSYoungGen: 68017K->0K(175104K)] [ParOldGen: 495733K->410956K(524288K)] 563751K->410956K(699392K), [Metaspace: 43801K->43801K(1087488K)], 0.0861902 secs] [Times: user=0.79 sys=0.01, real=0.08 secs] 
2016-09-25T23:07:47.750-0400: 78.247: [GC (GCLocker Initiated GC) [PSYoungGen: 88064K->50033K(175104K)] 505933K->467902K(699392K), 0.0065111 secs] [Times: user=0.05 sys=0.00, real=0.01 secs] 
2016-09-25T23:07:47.805-0400: 78.302: [GC (GCLocker Initiated GC) [PSYoungGen: 138097K->73409K(175104K)] 561615K->502058K(699392K), 0.0108675 secs] [Times: user=0.14 sys=0.01, real=0.01 secs] 
2016-09-25T23:07:47.895-0400: 78.393: [GC (GCLocker Initiated GC) [PSYoungGen: 161473K->43393K(175104K)] 594217K->500535K(699392K), 0.0130367 secs] [Times: user=0.14 sys=0.02, real=0.01 secs] 
2016-09-25T23:07:47.943-0400: 78.440: [GC (GCLocker Initiated GC) [PSYoungGen: 131457K->67967K(175104K)] 591477K->541329K(699392K), 0.0078465 secs] [Times: user=0.09 sys=0.00, real=0.00 secs] 
2016-09-25T23:07:48.002-0400: 78.499: [GC (GCLocker Initiated GC) [PSYoungGen: 156031K->55958K(175104K)] 632667K->561023K(699392K), 0.0080489 secs] [Times: user=0.10 sys=0.00, real=0.01 secs] 
2016-09-25T23:07:48.010-0400: 78.507: [Full GC (Ergonomics) [PSYoungGen: 55958K->0K(175104K)] [ParOldGen: 505065K->418817K(524288K)] 561023K->418817K(699392K), [Metaspace: 43801K->43801K(1087488K)], 0.0821413 secs] [Times: user=0.53 sys=0.02, real=0.08 secs] 
2016-09-25T23:07:48.154-0400: 78.652: [GC (GCLocker Initiated GC) [PSYoungGen: 88064K->69512K(175104K)] 507486K->488935K(699392K), 0.0074175 secs] [Times: user=0.08 sys=0.00, real=0.00 secs] 
2016-09-25T23:07:48.201-0400: 78.698: [GC (GCLocker Initiated GC) [PSYoungGen: 157576K->52937K(175104K)] 582540K->494320K(699392K), 0.0069776 secs] [Times: user=0.10 sys=0.01, real=0.01 secs] 
2016-09-25T23:07:48.289-0400: 78.787: [GC (GCLocker Initiated GC) [PSYoungGen: 141001K->73328K(175104K)] 585153K->543030K(699392K), 0.0137625 secs] [Times: user=0.17 sys=0.00, real=0.02 secs] 
2016-09-25T23:07:48.345-0400: 78.842: [GC (GCLocker Initiated GC) [PSYoungGen: 161392K->70872K(175104K)] 631256K->569103K(699392K), 0.0080123 secs] [Times: user=0.09 sys=0.00, real=0.00 secs] 
2016-09-25T23:07:48.353-0400: 78.851: [Full GC (Ergonomics) [PSYoungGen: 70872K->0K(175104K)] [ParOldGen: 498230K->424512K(524288K)] 569103K->424512K(699392K), [Metaspace: 43801K->43801K(1087488K)], 0.0554738 secs] [Times: user=0.40 sys=0.01, real=0.06 secs] 
2016-09-25T23:07:48.492-0400: 78.990: [GC (GCLocker Initiated GC) [PSYoungGen: 88064K->81636K(175104K)] 519420K->512992K(699392K), 0.0168462 secs] [Times: user=0.21 sys=0.01, real=0.02 secs] 
2016-09-25T23:07:48.560-0400: 79.058: [GC (GCLocker Initiated GC) [PSYoungGen: 169700K->59388K(175104K)] 603819K->504292K(699392K), 0.0105796 secs] [Times: user=0.11 sys=0.00, real=0.01 secs] 
2016-09-25T23:07:48.615-0400: 79.113: [GC (GCLocker Initiated GC) [PSYoungGen: 147452K->63450K(175104K)] 592610K->520378K(699392K), 0.0076601 secs] [Times: user=0.08 sys=0.00, real=0.01 secs] 
2016-09-25T23:07:48.677-0400: 79.174: [GC (GCLocker Initiated GC) [PSYoungGen: 151514K->58892K(175104K)] 613998K->550696K(699392K), 0.0112351 secs] [Times: user=0.17 sys=0.00, real=0.01 secs] 
2016-09-25T23:07:48.688-0400: 79.185: [Full GC (Ergonomics) [PSYoungGen: 58892K->0K(175104K)] [ParOldGen: 491804K->425032K(524288K)] 550696K->425032K(699392K), [Metaspace: 43801K->43801K(1087488K)], 0.0808091 secs] [Times: user=0.53 sys=0.00, real=0.08 secs] 
2016-09-25T23:07:48.815-0400: 79.313: [GC (GCLocker Initiated GC) [PSYoungGen: 88064K->84470K(175104K)] 522718K->524524K(699392K), 0.0114286 secs] [Times: user=0.17 sys=0.00, real=0.01 secs] 
2016-09-25T23:07:48.886-0400: 79.383: [GC (GCLocker Initiated GC) [PSYoungGen: 172534K->61137K(175104K)] 615466K->519213K(699392K), 0.0172200 secs] [Times: user=0.21 sys=0.00, real=0.02 secs] 
2016-09-25T23:07:48.971-0400: 79.468: [GC (GCLocker Initiated GC) [PSYoungGen: 149201K->51690K(175104K)] 607370K->530176K(699392K), 0.0137045 secs] [Times: user=0.14 sys=0.00, real=0.02 secs] 
2016-09-25T23:07:49.031-0400: 79.528: [GC (GCLocker Initiated GC) [PSYoungGen: 139754K->48073K(175104K)] 622815K->544683K(699392K), 0.0130881 secs] [Times: user=0.15 sys=0.01, real=0.02 secs] 
2016-09-25T23:07:49.044-0400: 79.542: [Full GC (Ergonomics) [PSYoungGen: 48073K->0K(175104K)] [ParOldGen: 496610K->419242K(524288K)] 544683K->419242K(699392K), [Metaspace: 43801K->43801K(1087488K)], 0.0660356 secs] [Times: user=0.65 sys=0.07, real=0.06 secs] 
2016-09-25T23:07:49.172-0400: 79.669: [GC (GCLocker Initiated GC) [PSYoungGen: 88064K->78440K(175104K)] 511526K->501902K(699392K), 0.0115657 secs] [Times: user=0.12 sys=0.02, real=0.02 secs] 
2016-09-25T23:07:49.259-0400: 79.756: [GC (GCLocker Initiated GC) [PSYoungGen: 166504K->69108K(175104K)] 596046K->514362K(699392K), 0.0069931 secs] [Times: user=0.12 sys=0.01, real=0.01 secs] 
2016-09-25T23:07:49.299-0400: 79.797: [GC (GCLocker Initiated GC) [PSYoungGen: 157172K->78736K(175104K)] 605227K->549604K(699392K), 0.0087316 secs] [Times: user=0.14 sys=0.00, real=0.01 secs] 
2016-09-25T23:07:49.362-0400: 79.860: [GC (GCLocker Initiated GC) [PSYoungGen: 166800K->49130K(175104K)] 645075K->554397K(699392K), 0.0079608 secs] [Times: user=0.10 sys=0.00, real=0.00 secs] 
2016-09-25T23:07:49.371-0400: 79.868: [Full GC (Ergonomics) [PSYoungGen: 49130K->0K(175104K)] [ParOldGen: 505267K->422994K(524288K)] 554397K->422994K(699392K), [Metaspace: 43835K->43835K(1087488K)], 0.0488037 secs] [Times: user=0.43 sys=0.01, real=0.05 secs] 
2016-09-25T23:07:49.472-0400: 79.969: [GC (GCLocker Initiated GC) [PSYoungGen: 88064K->75381K(175104K)] 513839K->501156K(699392K), 0.0068897 secs] [Times: user=0.09 sys=0.00, real=0.01 secs] 
2016-09-25T23:07:49.522-0400: 80.019: [GC (GCLocker Initiated GC) [PSYoungGen: 163445K->67559K(175104K)] 597544K->504992K(699392K), 0.0071919 secs] [Times: user=0.09 sys=0.00, real=0.01 secs] 
2016-09-25T23:07:49.581-0400: 80.078: [GC (Allocation Failure) [PSYoungGen: 155623K->67966K(175104K)] 595766K->519894K(699392K), 0.0079158 secs] [Times: user=0.12 sys=0.00, real=0.01 secs] 
2016-09-25T23:07:49.623-0400: 80.120: [GC (GCLocker Initiated GC) [PSYoungGen: 156030K->62694K(175104K)] 607974K->533492K(699392K), 0.0125309 secs] [Times: user=0.13 sys=0.00, real=0.01 secs] 
2016-09-25T23:07:49.688-0400: 80.185: [GC (GCLocker Initiated GC) [PSYoungGen: 150758K->54570K(175104K)] 628392K->543130K(699392K), 0.0074577 secs] [Times: user=0.09 sys=0.00, real=0.01 secs] 
2016-09-25T23:07:49.737-0400: 80.234: [Full GC (Ergonomics) [PSYoungGen: 142634K->0K(175104K)] [ParOldGen: 491440K->438766K(524288K)] 634074K->438766K(699392K), [Metaspace: 43848K->43848K(1087488K)], 0.0615967 secs] [Times: user=0.44 sys=0.01, real=0.06 secs] 
2016-09-25T23:07:49.852-0400: 80.349: [GC (GCLocker Initiated GC) [PSYoungGen: 88064K->81284K(175104K)] 529660K->522881K(699392K), 0.0114580 secs] [Times: user=0.13 sys=0.00, real=0.02 secs] 
2016-09-25T23:07:49.904-0400: 80.402: [GC (GCLocker Initiated GC) [PSYoungGen: 169348K->39663K(175104K)] 611019K->501356K(699392K), 0.0077714 secs] [Times: user=0.07 sys=0.00, real=0.00 secs] 
2016-09-25T23:07:49.957-0400: 80.455: [GC (GCLocker Initiated GC) [PSYoungGen: 127727K->44056K(175104K)] 590899K->525048K(699392K), 0.0102616 secs] [Times: user=0.09 sys=0.01, real=0.01 secs] 
2016-09-25T23:07:50.001-0400: 80.499: [GC (GCLocker Initiated GC) [PSYoungGen: 132120K->69993K(175104K)] 614701K->568104K(699392K), 0.0081535 secs] [Times: user=0.11 sys=0.00, real=0.01 secs] 
2016-09-25T23:07:50.010-0400: 80.507: [Full GC (Ergonomics) [PSYoungGen: 69993K->0K(175104K)] [ParOldGen: 498111K->448533K(524288K)] 568104K->448533K(699392K), [Metaspace: 43858K->43858K(1087488K)], 0.0557210 secs] [Times: user=0.56 sys=0.00, real=0.06 secs] 
2016-09-25T23:07:50.115-0400: 80.612: [GC (GCLocker Initiated GC) [PSYoungGen: 88064K->65775K(175104K)] 552997K->530709K(699392K), 0.0146304 secs] [Times: user=0.22 sys=0.01, real=0.01 secs] 
2016-09-25T23:07:50.186-0400: 80.683: [GC (GCLocker Initiated GC) [PSYoungGen: 153839K->42072K(175104K)] 620045K->529016K(699392K), 0.0098221 secs] [Times: user=0.11 sys=0.00, real=0.01 secs] 
2016-09-25T23:07:50.229-0400: 80.727: [Full GC (Ergonomics) [PSYoungGen: 130136K->0K(175104K)] [ParOldGen: 489824K->451781K(524288K)] 619961K->451781K(699392K), [Metaspace: 43859K->43859K(1087488K)], 0.0535276 secs] [Times: user=0.49 sys=0.00, real=0.06 secs] 
2016-09-25T23:07:50.332-0400: 80.829: [GC (GCLocker Initiated GC) [PSYoungGen: 88064K->55673K(175104K)] 542668K->510277K(699392K), 0.0072581 secs] [Times: user=0.09 sys=0.00, real=0.01 secs] 
2016-09-25T23:07:50.384-0400: 80.881: [GC (GCLocker Initiated GC) [PSYoungGen: 143737K->51421K(175104K)] 603986K->539659K(699392K), 0.0069137 secs] [Times: user=0.09 sys=0.00, real=0.00 secs] 
2016-09-25T23:07:50.391-0400: 80.888: [Full GC (Ergonomics) [PSYoungGen: 51421K->0K(175104K)] [ParOldGen: 488238K->447227K(524288K)] 539659K->447227K(699392K), [Metaspace: 43861K->43861K(1087488K)], 0.0529050 secs] [Times: user=0.56 sys=0.00, real=0.06 secs] 
2016-09-25T23:07:50.489-0400: 80.987: [GC (GCLocker Initiated GC) [PSYoungGen: 88064K->82079K(175104K)] 539919K->533935K(699392K), 0.0144622 secs] [Times: user=0.23 sys=0.00, real=0.02 secs] 
2016-09-25T23:07:50.546-0400: 81.043: [GC (GCLocker Initiated GC) [PSYoungGen: 170143K->59750K(175104K)] 622009K->548717K(699392K), 0.0079765 secs] [Times: user=0.12 sys=0.01, real=0.00 secs] 
2016-09-25T23:07:50.554-0400: 81.051: [Full GC (Ergonomics) [PSYoungGen: 59750K->0K(175104K)] [ParOldGen: 488967K->447525K(524288K)] 548717K->447525K(699392K), [Metaspace: 43867K->43867K(1087488K)], 0.0496220 secs] [Times: user=0.46 sys=0.00, real=0.06 secs] 
2016-09-25T23:07:50.642-0400: 81.139: [GC (GCLocker Initiated GC) [PSYoungGen: 88064K->74797K(175104K)] 541074K->527807K(699392K), 0.0072542 secs] [Times: user=0.11 sys=0.00, real=0.01 secs] 
2016-09-25T23:07:50.701-0400: 81.199: [GC (GCLocker Initiated GC) [PSYoungGen: 162861K->51009K(175104K)] 618886K->526029K(699392K), 0.0069756 secs] [Times: user=0.11 sys=0.01, real=0.01 secs] 
2016-09-25T23:07:50.751-0400: 81.249: [GC (GCLocker Initiated GC) [PSYoungGen: 139073K->76581K(175104K)] 619528K->579260K(699392K), 0.0078789 secs] [Times: user=0.10 sys=0.01, real=0.01 secs] 
2016-09-25T23:07:50.759-0400: 81.257: [Full GC (Ergonomics) [PSYoungGen: 76581K->0K(175104K)] [ParOldGen: 502678K->453564K(524288K)] 579260K->453564K(699392K), [Metaspace: 43870K->43870K(1087488K)], 0.0522844 secs] [Times: user=0.51 sys=0.00, real=0.05 secs] 
2016-09-25T23:07:50.850-0400: 81.347: [GC (GCLocker Initiated GC) [PSYoungGen: 88064K->83318K(175104K)] 548456K->543710K(699392K), 0.0109041 secs] [Times: user=0.16 sys=0.01, real=0.01 secs] 
2016-09-25T23:07:50.902-0400: 81.399: [GC (GCLocker Initiated GC) [PSYoungGen: 171382K->76109K(175104K)] 634701K->549414K(699392K), 0.0102359 secs] [Times: user=0.18 sys=0.00, real=0.01 secs] 
2016-09-25T23:07:50.963-0400: 81.460: [GC (GCLocker Initiated GC) [PSYoungGen: 164173K->54339K(175104K)] 645752K->558922K(699392K), 0.0080482 secs] [Times: user=0.09 sys=0.00, real=0.00 secs] 
2016-09-25T23:07:50.971-0400: 81.468: [Full GC (Ergonomics) [PSYoungGen: 54339K->0K(175104K)] [ParOldGen: 504582K->456935K(524288K)] 558922K->456935K(699392K), [Metaspace: 43870K->43870K(1087488K)], 0.0497257 secs] [Times: user=0.46 sys=0.01, real=0.05 secs] 
2016-09-25T23:07:51.066-0400: 81.563: [GC (GCLocker Initiated GC) [PSYoungGen: 88064K->76603K(175104K)] 554499K->543038K(699392K), 0.0073568 secs] [Times: user=0.11 sys=0.00, real=0.00 secs] 
2016-09-25T23:07:51.127-0400: 81.624: [GC (GCLocker Initiated GC) [PSYoungGen: 164667K->53340K(175104K)] 635219K->547401K(699392K), 0.0065621 secs] [Times: user=0.09 sys=0.00, real=0.00 secs] 
2016-09-25T23:07:51.134-0400: 81.631: [Full GC (Ergonomics) [PSYoungGen: 53340K->0K(175104K)] [ParOldGen: 494061K->446570K(524288K)] 547401K->446570K(699392K), [Metaspace: 43870K->43870K(1087488K)], 0.1573773 secs] [Times: user=2.26 sys=0.00, real=0.15 secs] 
2016-09-25T23:07:51.329-0400: 81.826: [GC (GCLocker Initiated GC) [PSYoungGen: 88064K->77041K(175104K)] 538889K->527867K(699392K), 0.0071524 secs] [Times: user=0.10 sys=0.00, real=0.01 secs] 
2016-09-25T23:07:51.385-0400: 81.882: [GC (GCLocker Initiated GC) [PSYoungGen: 165105K->71179K(175104K)] 618783K->550194K(699392K), 0.0086795 secs] [Times: user=0.13 sys=0.00, real=0.00 secs] 
2016-09-25T23:07:51.437-0400: 81.934: [GC (GCLocker Initiated GC) [PSYoungGen: 159243K->65581K(175104K)] 638342K->578984K(699392K), 0.0075297 secs] [Times: user=0.11 sys=0.00, real=0.01 secs] 
2016-09-25T23:07:51.445-0400: 81.942: [Full GC (Ergonomics) [PSYoungGen: 65581K->0K(175104K)] [ParOldGen: 513403K->456349K(524288K)] 578984K->456349K(699392K), [Metaspace: 43873K->43873K(1087488K)], 0.0558203 secs] [Times: user=0.45 sys=0.00, real=0.05 secs] 
2016-09-25T23:07:51.544-0400: 82.041: [GC (GCLocker Initiated GC) [PSYoungGen: 88064K->78859K(175104K)] 547267K->538062K(699392K), 0.0079077 secs] [Times: user=0.13 sys=0.00, real=0.00 secs] 
2016-09-25T23:07:51.595-0400: 82.092: [GC (GCLocker Initiated GC) [PSYoungGen: 166923K->59107K(175104K)] 626581K->551232K(699392K), 0.0071715 secs] [Times: user=0.11 sys=0.00, real=0.00 secs] 
2016-09-25T23:07:51.602-0400: 82.099: [Full GC (Ergonomics) [PSYoungGen: 59107K->0K(175104K)] [ParOldGen: 492124K->458578K(524288K)] 551232K->458578K(699392K), [Metaspace: 43873K->43873K(1087488K)], 0.0529600 secs] [Times: user=0.50 sys=0.01, real=0.05 secs] 
2016-09-25T23:07:51.699-0400: 82.196: [GC (GCLocker Initiated GC) [PSYoungGen: 88064K->74348K(175104K)] 552123K->538408K(699392K), 0.0072365 secs] [Times: user=0.11 sys=0.00, real=0.01 secs] 
2016-09-25T23:07:51.750-0400: 82.248: [GC (GCLocker Initiated GC) [PSYoungGen: 162412K->68621K(175104K)] 626550K->558063K(699392K), 0.0076025 secs] [Times: user=0.12 sys=0.01, real=0.01 secs] 
2016-09-25T23:07:51.758-0400: 82.255: [Full GC (Ergonomics) [PSYoungGen: 68621K->0K(175104K)] [ParOldGen: 489442K->460499K(524288K)] 558063K->460499K(699392K), [Metaspace: 43877K->43877K(1087488K)], 0.0548556 secs] [Times: user=0.55 sys=0.00, real=0.05 secs] 
2016-09-25T23:07:51.856-0400: 82.354: [GC (GCLocker Initiated GC) [PSYoungGen: 88064K->82932K(175104K)] 554157K->549025K(699392K), 0.0097528 secs] [Times: user=0.13 sys=0.01, real=0.01 secs] 
2016-09-25T23:07:51.914-0400: 82.412: [GC (GCLocker Initiated GC) [PSYoungGen: 170996K->67245K(175104K)] 637193K->552513K(699392K), 0.0074469 secs] [Times: user=0.11 sys=0.01, real=0.00 secs] 
2016-09-25T23:07:51.922-0400: 82.419: [Full GC (Ergonomics) [PSYoungGen: 67245K->0K(175104K)] [ParOldGen: 485267K->462724K(524288K)] 552513K->462724K(699392K), [Metaspace: 43877K->43877K(1087488K)], 0.0526313 secs] [Times: user=0.53 sys=0.00, real=0.06 secs] 
2016-09-25T23:07:52.021-0400: 82.518: [GC (GCLocker Initiated GC) [PSYoungGen: 88064K->78912K(175104K)] 554870K->545719K(699392K), 0.0112698 secs] [Times: user=0.17 sys=0.01, real=0.01 secs] 
2016-09-25T23:07:52.079-0400: 82.577: [GC (GCLocker Initiated GC) [PSYoungGen: 166976K->59111K(175104K)] 636588K->551849K(699392K), 0.0078065 secs] [Times: user=0.12 sys=0.00, real=0.01 secs] 
2016-09-25T23:07:52.087-0400: 82.585: [Full GC (Ergonomics) [PSYoungGen: 59111K->0K(175104K)] [ParOldGen: 492737K->464922K(524288K)] 551849K->464922K(699392K), [Metaspace: 43877K->43877K(1087488K)], 0.0543656 secs] [Times: user=0.54 sys=0.01, real=0.05 secs] 
2016-09-25T23:07:52.180-0400: 82.678: [GC (GCLocker Initiated GC) [PSYoungGen: 88064K->85723K(175104K)] 560046K->560406K(699392K), 0.0082861 secs] [Times: user=0.13 sys=0.00, real=0.01 secs] 
2016-09-25T23:07:52.228-0400: 82.725: [GC (GCLocker Initiated GC) [PSYoungGen: 173787K->71013K(175104K)] 648517K->572909K(699392K), 0.0079095 secs] [Times: user=0.12 sys=0.01, real=0.01 secs] 
2016-09-25T23:07:52.236-0400: 82.734: [Full GC (Ergonomics) [PSYoungGen: 71013K->0K(175104K)] [ParOldGen: 501895K->469833K(524288K)] 572909K->469833K(699392K), [Metaspace: 43877K->43877K(1087488K)], 0.0516747 secs] [Times: user=0.49 sys=0.00, real=0.05 secs] 
2016-09-25T23:07:52.329-0400: 82.827: [GC (GCLocker Initiated GC) [PSYoungGen: 88064K->84751K(175104K)] 560618K->557306K(699392K), 0.0081584 secs] [Times: user=0.13 sys=0.00, real=0.01 secs] 
2016-09-25T23:07:52.383-0400: 82.880: [GC (GCLocker Initiated GC) [PSYoungGen: 172815K->66773K(175104K)] 645975K->560750K(699392K), 0.0069033 secs] [Times: user=0.10 sys=0.00, real=0.00 secs] 
2016-09-25T23:07:52.390-0400: 82.888: [Full GC (Ergonomics) [PSYoungGen: 66773K->0K(175104K)] [ParOldGen: 493976K->457236K(524288K)] 560750K->457236K(699392K), [Metaspace: 43877K->43877K(1087488K)], 0.0532815 secs] [Times: user=0.51 sys=0.01, real=0.06 secs] 
2016-09-25T23:07:52.480-0400: 82.978: [GC (GCLocker Initiated GC) [PSYoungGen: 88064K->71507K(175104K)] 559041K->542484K(699392K), 0.0214956 secs] [Times: user=0.27 sys=0.00, real=0.02 secs] 
2016-09-25T23:07:52.565-0400: 83.063: [Full GC (Ergonomics) [PSYoungGen: 159571K->0K(175104K)] [ParOldGen: 482846K->468033K(524288K)] 642417K->468033K(699392K), [Metaspace: 43888K->43888K(1087488K)], 0.0566355 secs] [Times: user=0.48 sys=0.01, real=0.06 secs] 
2016-09-25T23:07:52.673-0400: 83.171: [GC (GCLocker Initiated GC) [PSYoungGen: 88064K->70507K(175104K)] 556148K->538592K(699392K), 0.0066762 secs] [Times: user=0.08 sys=0.00, real=0.01 secs] 
2016-09-25T23:07:52.720-0400: 83.218: [Full GC (Ergonomics) [PSYoungGen: 158571K->0K(175104K)] [ParOldGen: 480363K->479613K(524288K)] 638935K->479613K(699392K), [Metaspace: 43888K->43888K(1087488K)], 0.0601591 secs] [Times: user=0.57 sys=0.00, real=0.06 secs] 
2016-09-25T23:07:52.842-0400: 83.339: [Full GC (Ergonomics) [PSYoungGen: 88064K->0K(175104K)] [ParOldGen: 488036K->465954K(524288K)] 576100K->465954K(699392K), [Metaspace: 43888K->43888K(1087488K)], 0.0595002 secs] [Times: user=0.60 sys=0.01, real=0.05 secs] 
2016-09-25T23:07:52.931-0400: 83.429: [GC (GCLocker Initiated GC) [PSYoungGen: 88064K->84387K(175104K)] 554166K->553190K(699392K), 0.0077156 secs] [Times: user=0.08 sys=0.02, real=0.01 secs] 
2016-09-25T23:07:52.987-0400: 83.484: [GC (GCLocker Initiated GC) [PSYoungGen: 172451K->66551K(175104K)] 643265K->565913K(699392K), 0.0083479 secs] [Times: user=0.07 sys=0.00, real=0.01 secs] 
2016-09-25T23:07:52.996-0400: 83.493: [Full GC (Ergonomics) [PSYoungGen: 66551K->0K(175104K)] [ParOldGen: 499362K->476037K(524288K)] 565913K->476037K(699392K), [Metaspace: 43888K->43888K(1087488K)], 0.0566221 secs] [Times: user=0.55 sys=0.00, real=0.05 secs] 
2016-09-25T23:07:53.099-0400: 83.596: [Full GC (Ergonomics) [PSYoungGen: 88064K->0K(175104K)] [ParOldGen: 480166K->475343K(524288K)] 568230K->475343K(699392K), [Metaspace: 43888K->43888K(1087488K)], 0.0532854 secs] [Times: user=0.50 sys=0.01, real=0.05 secs] 
2016-09-25T23:07:53.183-0400: 83.680: [Full GC (Ergonomics) [PSYoungGen: 88064K->0K(175104K)] [ParOldGen: 490423K->492787K(524288K)] 578487K->492787K(699392K), [Metaspace: 43888K->43888K(1087488K)], 0.0528864 secs] [Times: user=0.44 sys=0.01, real=0.05 secs] 
2016-09-25T23:07:53.294-0400: 83.791: [Full GC (Ergonomics) [PSYoungGen: 88064K->0K(175104K)] [ParOldGen: 503790K->477486K(524288K)] 591854K->477486K(699392K), [Metaspace: 43888K->43888K(1087488K)], 0.0868664 secs] [Times: user=0.61 sys=0.01, real=0.09 secs] 
2016-09-25T23:07:53.424-0400: 83.921: [GC (GCLocker Initiated GC) [PSYoungGen: 88064K->54797K(175104K)] 565595K->532328K(699392K), 0.0068494 secs] [Times: user=0.07 sys=0.00, real=0.00 secs] 
2016-09-25T23:07:53.466-0400: 83.963: [GC (GCLocker Initiated GC) [PSYoungGen: 142861K->50417K(175104K)] 621071K->547908K(699392K), 0.0183687 secs] [Times: user=0.22 sys=0.00, real=0.02 secs] 
2016-09-25T23:07:53.484-0400: 83.981: [Full GC (Ergonomics) [PSYoungGen: 50417K->0K(175104K)] [ParOldGen: 497491K->478104K(524288K)] 547908K->478104K(699392K), [Metaspace: 43888K->43888K(1087488K)], 0.0618767 secs] [Times: user=0.49 sys=0.02, real=0.06 secs] 
2016-09-25T23:07:53.585-0400: 84.083: [Full GC (Ergonomics) [PSYoungGen: 88064K->0K(175104K)] [ParOldGen: 480837K->482702K(524288K)] 568901K->482702K(699392K), [Metaspace: 43888K->43888K(1087488K)], 0.0500600 secs] [Times: user=0.42 sys=0.00, real=0.05 secs] 
2016-09-25T23:07:53.678-0400: 84.175: [Full GC (Ergonomics) [PSYoungGen: 88064K->0K(175104K)] [ParOldGen: 490917K->491956K(524288K)] 578981K->491956K(699392K), [Metaspace: 43888K->43888K(1087488K)], 0.0563266 secs] [Times: user=0.48 sys=0.02, real=0.06 secs] 
2016-09-25T23:07:53.780-0400: 84.277: [Full GC (Ergonomics) [PSYoungGen: 88064K->0K(175104K)] [ParOldGen: 497555K->477942K(524288K)] 585619K->477942K(699392K), [Metaspace: 43888K->43888K(1087488K)], 0.0558969 secs] [Times: user=0.54 sys=0.01, real=0.06 secs] 
2016-09-25T23:07:53.879-0400: 84.376: [Full GC (Ergonomics) [PSYoungGen: 88064K->0K(175104K)] [ParOldGen: 480760K->482802K(524288K)] 568824K->482802K(699392K), [Metaspace: 43888K->43888K(1087488K)], 0.0536547 secs] [Times: user=0.52 sys=0.00, real=0.05 secs] 
2016-09-25T23:07:53.969-0400: 84.466: [Full GC (Ergonomics) [PSYoungGen: 88064K->0K(175104K)] [ParOldGen: 482914K->491744K(524288K)] 570978K->491744K(699392K), [Metaspace: 43888K->43888K(1087488K)], 0.0596740 secs] [Times: user=0.62 sys=0.01, real=0.06 secs] 
2016-09-25T23:07:54.073-0400: 84.571: [Full GC (Ergonomics) [PSYoungGen: 88064K->0K(175104K)] [ParOldGen: 492625K->480893K(524288K)] 580689K->480893K(699392K), [Metaspace: 43888K->43888K(1087488K)], 0.1103983 secs] [Times: user=1.49 sys=0.00, real=0.12 secs] 
2016-09-25T23:07:54.226-0400: 84.724: [Full GC (Ergonomics) [PSYoungGen: 88064K->0K(175104K)] [ParOldGen: 481159K->485644K(524288K)] 569223K->485644K(699392K), [Metaspace: 43888K->43888K(1087488K)], 0.0544152 secs] [Times: user=0.51 sys=0.00, real=0.05 secs] 
2016-09-25T23:07:54.309-0400: 84.807: [Full GC (Ergonomics) [PSYoungGen: 88064K->0K(175104K)] [ParOldGen: 488755K->493380K(524288K)] 576819K->493380K(699392K), [Metaspace: 43888K->43888K(1087488K)], 0.0574921 secs] [Times: user=0.58 sys=0.00, real=0.06 secs] 
2016-09-25T23:07:54.412-0400: 84.909: [Full GC (Ergonomics) [PSYoungGen: 88064K->0K(175104K)] [ParOldGen: 498894K->484644K(524288K)] 586958K->484644K(699392K), [Metaspace: 43888K->43888K(1087488K)], 0.0496503 secs] [Times: user=0.40 sys=0.01, real=0.05 secs] 
2016-09-25T23:07:54.496-0400: 84.994: [Full GC (Ergonomics) [PSYoungGen: 88064K->0K(175104K)] [ParOldGen: 484717K->488131K(524288K)] 572781K->488131K(699392K), [Metaspace: 43888K->43888K(1087488K)], 0.0571888 secs] [Times: user=0.54 sys=0.00, real=0.05 secs] 
2016-09-25T23:07:54.598-0400: 85.095: [Full GC (Ergonomics) [PSYoungGen: 88064K->0K(175104K)] [ParOldGen: 490963K->488616K(524288K)] 579027K->488616K(699392K), [Metaspace: 43888K->43888K(1087488K)], 0.0572341 secs] [Times: user=0.54 sys=0.00, real=0.06 secs] 
2016-09-25T23:07:54.688-0400: 85.186: [Full GC (Ergonomics) [PSYoungGen: 88064K->0K(175104K)] [ParOldGen: 491400K->497729K(524288K)] 579464K->497729K(699392K), [Metaspace: 43893K->43893K(1087488K)], 0.0540833 secs] [Times: user=0.49 sys=0.00, real=0.06 secs] 
2016-09-25T23:07:54.789-0400: 85.286: [Full GC (Ergonomics) [PSYoungGen: 88064K->0K(175104K)] [ParOldGen: 504451K->487900K(524288K)] 592515K->487900K(699392K), [Metaspace: 43893K->43893K(1087488K)], 0.0530443 secs] [Times: user=0.41 sys=0.00, real=0.05 secs] 
2016-09-25T23:07:54.881-0400: 85.378: [Full GC (Ergonomics) [PSYoungGen: 88064K->0K(175104K)] [ParOldGen: 490782K->493850K(524288K)] 578846K->493850K(699392K), [Metaspace: 43893K->43893K(1087488K)], 0.0554115 secs] [Times: user=0.47 sys=0.00, real=0.06 secs] 
2016-09-25T23:07:54.982-0400: 85.480: [Full GC (Ergonomics) [PSYoungGen: 88064K->0K(175104K)] [ParOldGen: 507402K->491925K(524288K)] 595466K->491925K(699392K), [Metaspace: 43899K->43899K(1087488K)], 0.0632819 secs] [Times: user=0.52 sys=0.01, real=0.06 secs] 
2016-09-25T23:07:55.086-0400: 85.583: [Full GC (Ergonomics) [PSYoungGen: 88064K->0K(175104K)] [ParOldGen: 494724K->492583K(524288K)] 582788K->492583K(699392K), [Metaspace: 43899K->43899K(1087488K)], 0.0553370 secs] [Times: user=0.55 sys=0.00, real=0.05 secs] 
2016-09-25T23:07:55.181-0400: 85.679: [Full GC (Ergonomics) [PSYoungGen: 88064K->0K(175104K)] [ParOldGen: 502186K->496350K(524288K)] 590250K->496350K(699392K), [Metaspace: 43899K->43899K(1087488K)], 0.0518198 secs] [Times: user=0.48 sys=0.01, real=0.05 secs] 
2016-09-25T23:07:55.281-0400: 85.778: [Full GC (Ergonomics) [PSYoungGen: 88064K->0K(175104K)] [ParOldGen: 499175K->488661K(524288K)] 587239K->488661K(699392K), [Metaspace: 43899K->43899K(1087488K)], 0.0540027 secs] [Times: user=0.51 sys=0.00, real=0.06 secs] 
2016-09-25T23:07:55.370-0400: 85.867: [Full GC (Ergonomics) [PSYoungGen: 88064K->0K(175104K)] [ParOldGen: 494259K->505671K(524288K)] 582323K->505671K(699392K), [Metaspace: 43899K->43899K(1087488K)], 0.0582023 secs] [Times: user=0.60 sys=0.01, real=0.06 secs] 
2016-09-25T23:07:55.469-0400: 85.966: [Full GC (Ergonomics) [PSYoungGen: 88064K->0K(175104K)] [ParOldGen: 512563K->498015K(524288K)] 600627K->498015K(699392K), [Metaspace: 43899K->43899K(1087488K)], 0.0555508 secs] [Times: user=0.54 sys=0.00, real=0.06 secs] 
2016-09-25T23:07:55.569-0400: 86.066: [Full GC (Ergonomics) [PSYoungGen: 88064K->0K(175104K)] [ParOldGen: 500841K->498575K(524288K)] 588905K->498575K(699392K), [Metaspace: 43899K->43899K(1087488K)], 0.0589438 secs] [Times: user=0.59 sys=0.01, real=0.06 secs] 
2016-09-25T23:07:55.663-0400: 86.160: [Full GC (Ergonomics) [PSYoungGen: 88064K->0K(175104K)] [ParOldGen: 501500K->501831K(524288K)] 589564K->501831K(699392K), [Metaspace: 43899K->43899K(1087488K)], 0.0549966 secs] [Times: user=0.49 sys=0.01, real=0.05 secs] 
2016-09-25T23:07:55.755-0400: 86.252: [Full GC (Ergonomics) [PSYoungGen: 88064K->0K(175104K)] [ParOldGen: 501993K->499636K(524288K)] 590057K->499636K(699392K), [Metaspace: 43905K->43905K(1087488K)], 0.0579173 secs] [Times: user=0.50 sys=0.01, real=0.05 secs] 
2016-09-25T23:07:55.847-0400: 86.344: [Full GC (Ergonomics) [PSYoungGen: 88064K->0K(175104K)] [ParOldGen: 507993K->500122K(524288K)] 596057K->500122K(699392K), [Metaspace: 43905K->43905K(1087488K)], 0.0557199 secs] [Times: user=0.51 sys=0.00, real=0.06 secs] 
2016-09-25T23:07:55.945-0400: 86.442: [Full GC (Ergonomics) [PSYoungGen: 88064K->0K(175104K)] [ParOldGen: 503035K->498007K(524288K)] 591099K->498007K(699392K), [Metaspace: 43905K->43905K(1087488K)], 0.0509192 secs] [Times: user=0.40 sys=0.02, real=0.05 secs] 
2016-09-25T23:07:56.043-0400: 86.540: [Full GC (Ergonomics) [PSYoungGen: 88064K->0K(175104K)] [ParOldGen: 506244K->495751K(524288K)] 594308K->495751K(699392K), [Metaspace: 43905K->43905K(1087488K)], 0.0555453 secs] [Times: user=0.43 sys=0.01, real=0.05 secs] 
2016-09-25T23:07:56.126-0400: 86.623: [Full GC (Ergonomics) [PSYoungGen: 88064K->0K(175104K)] [ParOldGen: 495806K->499928K(524288K)] 583870K->499928K(699392K), [Metaspace: 43905K->43905K(1087488K)], 0.1067267 secs] [Times: user=1.40 sys=0.02, real=0.10 secs] 
2016-09-25T23:07:56.279-0400: 86.776: [Full GC (Ergonomics) [PSYoungGen: 88064K->0K(175104K)] [ParOldGen: 510972K->503221K(524288K)] 599036K->503221K(699392K), [Metaspace: 43905K->43905K(1087488K)], 0.0574770 secs] [Times: user=0.59 sys=0.01, real=0.06 secs] 
2016-09-25T23:07:56.377-0400: 86.874: [Full GC (Ergonomics) [PSYoungGen: 88064K->0K(175104K)] [ParOldGen: 506527K->490185K(524288K)] 594591K->490185K(699392K), [Metaspace: 43905K->43905K(1087488K)], 0.0540101 secs] [Times: user=0.52 sys=0.00, real=0.05 secs] 
2016-09-25T23:07:56.462-0400: 86.959: [Full GC (Ergonomics) [PSYoungGen: 88064K->0K(175104K)] [ParOldGen: 490410K->504070K(524288K)] 578474K->504070K(699392K), [Metaspace: 43905K->43905K(1087488K)], 0.0503303 secs] [Times: user=0.41 sys=0.01, real=0.05 secs] 
2016-09-25T23:07:56.552-0400: 87.049: [Full GC (Ergonomics) [PSYoungGen: 88064K->0K(175104K)] [ParOldGen: 515055K->501935K(524288K)] 603119K->501935K(699392K), [Metaspace: 43910K->43910K(1087488K)], 0.0613930 secs] [Times: user=0.59 sys=0.01, real=0.06 secs] 
2016-09-25T23:07:56.651-0400: 87.148: [Full GC (Ergonomics) [PSYoungGen: 88064K->0K(175104K)] [ParOldGen: 502031K->496867K(524288K)] 590095K->496867K(699392K), [Metaspace: 43910K->43910K(1087488K)], 0.0565385 secs] [Times: user=0.52 sys=0.00, real=0.06 secs] 
2016-09-25T23:07:56.741-0400: 87.238: [Full GC (Ergonomics) [PSYoungGen: 88064K->0K(175104K)] [ParOldGen: 496994K->502739K(524288K)] 585058K->502739K(699392K), [Metaspace: 43910K->43910K(1087488K)], 0.0633103 secs] [Times: user=0.55 sys=0.01, real=0.07 secs] 
2016-09-25T23:07:56.843-0400: 87.341: [Full GC (Ergonomics) [PSYoungGen: 88064K->0K(175104K)] [ParOldGen: 512339K->503347K(524288K)] 600403K->503347K(699392K), [Metaspace: 43922K->43922K(1087488K)], 0.0535795 secs] [Times: user=0.35 sys=0.00, real=0.05 secs] 
2016-09-25T23:07:56.941-0400: 87.438: [Full GC (Ergonomics) [PSYoungGen: 88064K->0K(175104K)] [ParOldGen: 510272K->498470K(524288K)] 598336K->498470K(699392K), [Metaspace: 43947K->43947K(1087488K)], 0.0502820 secs] [Times: user=0.35 sys=0.00, real=0.05 secs] 
2016-09-25T23:07:57.025-0400: 87.522: [Full GC (Ergonomics) [PSYoungGen: 88064K->0K(175104K)] [ParOldGen: 498519K->504197K(524288K)] 586583K->504197K(699392K), [Metaspace: 43947K->43947K(1087488K)], 0.0711520 secs] [Times: user=0.62 sys=0.00, real=0.07 secs] 
2016-09-25T23:07:57.130-0400: 87.628: [Full GC (Ergonomics) [PSYoungGen: 88064K->0K(175104K)] [ParOldGen: 513742K->510290K(524288K)] 601806K->510290K(699392K), [Metaspace: 43947K->43947K(1087488K)], 0.0532063 secs] [Times: user=0.45 sys=0.01, real=0.06 secs] 
2016-09-25T23:07:57.238-0400: 87.735: [Full GC (Ergonomics) [PSYoungGen: 88064K->0K(175104K)] [ParOldGen: 521774K->500142K(524288K)] 609838K->500142K(699392K), [Metaspace: 43947K->43947K(1087488K)], 0.0500717 secs] [Times: user=0.38 sys=0.01, real=0.05 secs] 
2016-09-25T23:07:57.326-0400: 87.824: [Full GC (Ergonomics) [PSYoungGen: 88064K->0K(175104K)] [ParOldGen: 500165K->497727K(524288K)] 588229K->497727K(699392K), [Metaspace: 43947K->43947K(1087488K)], 0.0573585 secs] [Times: user=0.49 sys=0.00, real=0.06 secs] 
2016-09-25T23:07:57.418-0400: 87.915: [Full GC (Ergonomics) [PSYoungGen: 88064K->0K(175104K)] [ParOldGen: 501813K->506450K(524288K)] 589877K->506450K(699392K), [Metaspace: 43947K->43947K(1087488K)], 0.0564271 secs] [Times: user=0.48 sys=0.01, real=0.06 secs] 
2016-09-25T23:07:57.527-0400: 88.025: [Full GC (Ergonomics) [PSYoungGen: 88064K->0K(175104K)] [ParOldGen: 518760K->498872K(524288K)] 606824K->498872K(699392K), [Metaspace: 43947K->43947K(1087488K)], 0.0535951 secs] [Times: user=0.47 sys=0.00, real=0.05 secs] 
2016-09-25T23:07:57.608-0400: 88.105: [Full GC (Ergonomics) [PSYoungGen: 88064K->0K(175104K)] [ParOldGen: 498957K->512922K(524288K)] 587021K->512922K(699392K), [Metaspace: 43947K->43947K(1087488K)], 0.0527514 secs] [Times: user=0.45 sys=0.00, real=0.05 secs] 
2016-09-25T23:07:57.709-0400: 88.206: [Full GC (Ergonomics) [PSYoungGen: 88064K->0K(175104K)] [ParOldGen: 521153K->507999K(524288K)] 609217K->507999K(699392K), [Metaspace: 43947K->43947K(1087488K)], 0.0574004 secs] [Times: user=0.54 sys=0.01, real=0.06 secs] 
2016-09-25T23:07:57.804-0400: 88.301: [Full GC (Ergonomics) [PSYoungGen: 88064K->0K(175104K)] [ParOldGen: 518928K->505928K(524288K)] 606992K->505928K(699392K), [Metaspace: 43947K->43947K(1087488K)], 0.0576034 secs] [Times: user=0.56 sys=0.00, real=0.05 secs] 
2016-09-25T23:07:57.897-0400: 88.394: [Full GC (Ergonomics) [PSYoungGen: 88064K->0K(175104K)] [ParOldGen: 508748K->511920K(524288K)] 596812K->511920K(699392K), [Metaspace: 43947K->43947K(1087488K)], 0.0500042 secs] [Times: user=0.47 sys=0.00, real=0.05 secs] 
2016-09-25T23:07:57.985-0400: 88.483: [Full GC (Ergonomics) [PSYoungGen: 88064K->0K(175104K)] [ParOldGen: 518217K->508436K(524288K)] 606281K->508436K(699392K), [Metaspace: 43947K->43947K(1087488K)], 0.0510066 secs] [Times: user=0.45 sys=0.01, real=0.05 secs] 
2016-09-25T23:07:58.077-0400: 88.574: [Full GC (Ergonomics) [PSYoungGen: 88064K->0K(175104K)] [ParOldGen: 508749K->500606K(524288K)] 596813K->500606K(699392K), [Metaspace: 43947K->43947K(1087488K)], 0.0586854 secs] [Times: user=0.59 sys=0.00, real=0.06 secs] 
2016-09-25T23:07:58.168-0400: 88.665: [Full GC (Ergonomics) [PSYoungGen: 88064K->0K(175104K)] [ParOldGen: 503413K->502524K(524288K)] 591477K->502524K(699392K), [Metaspace: 43947K->43947K(1087488K)], 0.0861792 secs] [Times: user=1.04 sys=0.01, real=0.09 secs] 
2016-09-25T23:07:58.292-0400: 88.790: [Full GC (Ergonomics) [PSYoungGen: 88064K->0K(175104K)] [ParOldGen: 510869K->513920K(524288K)] 598933K->513920K(699392K), [Metaspace: 43947K->43947K(1087488K)], 0.0567160 secs] [Times: user=0.56 sys=0.02, real=0.06 secs] 
2016-09-25T23:07:58.391-0400: 88.889: [Full GC (Ergonomics) [PSYoungGen: 88064K->0K(175104K)] [ParOldGen: 514096K->506470K(524288K)] 602160K->506470K(699392K), [Metaspace: 43947K->43947K(1087488K)], 0.0570196 secs] [Times: user=0.47 sys=0.01, real=0.06 secs] 
2016-09-25T23:07:58.483-0400: 88.980: [Full GC (Ergonomics) [PSYoungGen: 88064K->0K(175104K)] [ParOldGen: 514823K->517920K(524288K)] 602887K->517920K(699392K), [Metaspace: 43947K->43947K(1087488K)], 0.0518733 secs] [Times: user=0.42 sys=0.01, real=0.05 secs] 
2016-09-25T23:07:58.588-0400: 89.085: [Full GC (Ergonomics) [PSYoungGen: 87350K->0K(175104K)] [ParOldGen: 523320K->504869K(524288K)] 610671K->504869K(699392K), [Metaspace: 43947K->43947K(1087488K)], 0.0537582 secs] [Times: user=0.46 sys=0.00, real=0.05 secs] 
2016-09-25T23:07:58.674-0400: 89.172: [Full GC (Ergonomics) [PSYoungGen: 88064K->0K(175104K)] [ParOldGen: 507714K->510881K(524288K)] 595778K->510881K(699392K), [Metaspace: 43951K->43951K(1087488K)], 0.0694042 secs] [Times: user=0.69 sys=0.00, real=0.07 secs] 
2016-09-25T23:07:58.789-0400: 89.286: [Full GC (Ergonomics) [PSYoungGen: 88064K->0K(175104K)] [ParOldGen: 517746K->508845K(524288K)] 605810K->508845K(699392K), [Metaspace: 43951K->43951K(1087488K)], 0.0672752 secs] [Times: user=0.67 sys=0.01, real=0.07 secs] 
2016-09-25T23:07:58.906-0400: 89.403: [Full GC (Ergonomics) [PSYoungGen: 88064K->0K(175104K)] [ParOldGen: 515675K->501337K(524288K)] 603739K->501337K(699392K), [Metaspace: 43951K->43951K(1087488K)], 0.0527677 secs] [Times: user=0.51 sys=0.00, real=0.05 secs] 
2016-09-25T23:07:58.990-0400: 89.487: [Full GC (Ergonomics) [PSYoungGen: 88064K->0K(175104K)] [ParOldGen: 505524K->518209K(524288K)] 593588K->518209K(699392K), [Metaspace: 43951K->43951K(1087488K)], 0.0544720 secs] [Times: user=0.44 sys=0.01, real=0.06 secs] 
2016-09-25T23:07:59.086-0400: 89.583: [Full GC (Ergonomics) [PSYoungGen: 88064K->0K(175104K)] [ParOldGen: 522446K->507895K(524288K)] 610510K->507895K(699392K), [Metaspace: 43951K->43951K(1087488K)], 0.0600553 secs] [Times: user=0.60 sys=0.00, real=0.06 secs] 
2016-09-25T23:07:59.184-0400: 89.681: [Full GC (Ergonomics) [PSYoungGen: 88064K->0K(175104K)] [ParOldGen: 508034K->508472K(524288K)] 596098K->508472K(699392K), [Metaspace: 43951K->43951K(1087488K)], 0.0571961 secs] [Times: user=0.54 sys=0.02, real=0.05 secs] 
2016-09-25T23:07:59.282-0400: 89.780: [Full GC (Ergonomics) [PSYoungGen: 88064K->0K(175104K)] [ParOldGen: 514001K->511939K(524288K)] 602065K->511939K(699392K), [Metaspace: 43951K->43951K(1087488K)], 0.0566930 secs] [Times: user=0.53 sys=0.01, real=0.05 secs] 
2016-09-25T23:07:59.380-0400: 89.878: [Full GC (Ergonomics) [PSYoungGen: 88064K->0K(175104K)] [ParOldGen: 514707K->509882K(524288K)] 602771K->509882K(699392K), [Metaspace: 43951K->43951K(1087488K)], 0.0589700 secs] [Times: user=0.58 sys=0.01, real=0.06 secs] 
2016-09-25T23:07:59.476-0400: 89.973: [Full GC (Ergonomics) [PSYoungGen: 88064K->0K(175104K)] [ParOldGen: 515368K->513239K(524288K)] 603432K->513239K(699392K), [Metaspace: 43951K->43951K(1087488K)], 0.0521672 secs] [Times: user=0.49 sys=0.01, real=0.05 secs] 
2016-09-25T23:07:59.576-0400: 90.073: [Full GC (Ergonomics) [PSYoungGen: 88064K->0K(175104K)] [ParOldGen: 520130K->511256K(524288K)] 608194K->511256K(699392K), [Metaspace: 43951K->43951K(1087488K)], 0.0586776 secs] [Times: user=0.58 sys=0.00, real=0.06 secs] 
2016-09-25T23:07:59.663-0400: 90.160: [Full GC (Ergonomics) [PSYoungGen: 88064K->0K(175104K)] [ParOldGen: 519442K->522967K(524288K)] 607506K->522967K(699392K), [Metaspace: 43951K->43951K(1087488K)], 0.0584521 secs] [Times: user=0.62 sys=0.00, real=0.05 secs] 
2016-09-25T23:07:59.765-0400: 90.263: [Full GC (Ergonomics) [PSYoungGen: 88064K->0K(175104K)] [ParOldGen: 523350K->508676K(524288K)] 611414K->508676K(699392K), [Metaspace: 43951K->43951K(1087488K)], 0.0563868 secs] [Times: user=0.53 sys=0.00, real=0.05 secs] 
2016-09-25T23:07:59.857-0400: 90.354: [Full GC (Ergonomics) [PSYoungGen: 88064K->0K(175104K)] [ParOldGen: 511638K->514823K(524288K)] 599702K->514823K(699392K), [Metaspace: 43951K->43951K(1087488K)], 0.0599874 secs] [Times: user=0.60 sys=0.00, real=0.06 secs] 
2016-09-25T23:07:59.952-0400: 90.449: [Full GC (Ergonomics) [PSYoungGen: 88064K->0K(175104K)] [ParOldGen: 517595K->518156K(524288K)] 605659K->518156K(699392K), [Metaspace: 43951K->43951K(1087488K)], 0.0509050 secs] [Times: user=0.41 sys=0.00, real=0.06 secs] 
2016-09-25T23:08:00.049-0400: 90.547: [Full GC (Ergonomics) [PSYoungGen: 88064K->0K(175104K)] [ParOldGen: 518335K->514743K(524288K)] 606399K->514743K(699392K), [Metaspace: 43951K->43951K(1087488K)], 0.0567604 secs] [Times: user=0.55 sys=0.00, real=0.06 secs] 
2016-09-25T23:08:00.140-0400: 90.638: [Full GC (Ergonomics) [PSYoungGen: 88064K->0K(175104K)] [ParOldGen: 514819K->520865K(524288K)] 602883K->520865K(699392K), [Metaspace: 43951K->43951K(1087488K)], 0.0607049 secs] [Times: user=0.62 sys=0.00, real=0.06 secs] 
2016-09-25T23:08:00.247-0400: 90.744: [Full GC (Ergonomics) [PSYoungGen: 87491K->0K(175104K)] [ParOldGen: 522215K->507988K(524288K)] 609706K->507988K(699392K), [Metaspace: 43951K->43951K(1087488K)], 0.0989501 secs] [Times: user=1.28 sys=0.01, real=0.10 secs] 
2016-09-25T23:08:00.376-0400: 90.874: [Full GC (Ergonomics) [PSYoungGen: 88064K->0K(175104K)] [ParOldGen: 510872K->522131K(524288K)] 598936K->522131K(699392K), [Metaspace: 43951K->43951K(1087488K)], 0.0672287 secs] [Times: user=0.64 sys=0.00, real=0.07 secs] 
2016-09-25T23:08:00.484-0400: 90.981: [Full GC (Ergonomics) [PSYoungGen: 87987K->0K(175104K)] [ParOldGen: 523481K->522896K(524288K)] 611469K->522896K(699392K), [Metaspace: 43951K->43951K(1087488K)], 0.0576186 secs] [Times: user=0.43 sys=0.02, real=0.05 secs] 
2016-09-25T23:08:00.591-0400: 91.088: [Full GC (Ergonomics) [PSYoungGen: 88064K->0K(175104K)] [ParOldGen: 523330K->511468K(524288K)] 611394K->511468K(699392K), [Metaspace: 43951K->43951K(1087488K)], 0.0560605 secs] [Times: user=0.54 sys=0.00, real=0.06 secs] 
2016-09-25T23:08:00.673-0400: 91.171: [Full GC (Ergonomics) [PSYoungGen: 88064K->2735K(175104K)] [ParOldGen: 511725K->523777K(524288K)] 599789K->526512K(699392K), [Metaspace: 43951K->43951K(1087488K)], 0.1538413 secs] [Times: user=2.27 sys=0.00, real=0.16 secs] 
2016-09-25T23:08:00.869-0400: 91.366: [Full GC (Ergonomics) [PSYoungGen: 87321K->0K(175104K)] [ParOldGen: 523777K->521775K(524288K)] 611098K->521775K(699392K), [Metaspace: 43952K->43952K(1087488K)], 0.0522131 secs] [Times: user=0.51 sys=0.00, real=0.05 secs] 
2016-09-25T23:08:00.967-0400: 91.464: [Full GC (Ergonomics) [PSYoungGen: 88064K->0K(175104K)] [ParOldGen: 521915K->519710K(524288K)] 609979K->519710K(699392K), [Metaspace: 43952K->43952K(1087488K)], 0.0590707 secs] [Times: user=0.52 sys=0.02, real=0.06 secs] 
2016-09-25T23:08:01.061-0400: 91.558: [Full GC (Ergonomics) [PSYoungGen: 88064K->1350K(175104K)] [ParOldGen: 522472K->524233K(524288K)] 610536K->525583K(699392K), [Metaspace: 43952K->43952K(1087488K)], 0.1557333 secs] [Times: user=2.29 sys=0.01, real=0.16 secs] 
2016-09-25T23:08:01.259-0400: 91.756: [Full GC (Ergonomics) [PSYoungGen: 88064K->0K(175104K)] [ParOldGen: 524246K->514064K(524288K)] 612310K->514064K(699392K), [Metaspace: 43952K->43952K(1087488K)], 0.0562959 secs] [Times: user=0.51 sys=0.00, real=0.06 secs] 
2016-09-25T23:08:01.349-0400: 91.847: [Full GC (Ergonomics) [PSYoungGen: 88064K->0K(175104K)] [ParOldGen: 514253K->524244K(524288K)] 602317K->524244K(699392K), [Metaspace: 43952K->43952K(1087488K)], 0.0613362 secs] [Times: user=0.64 sys=0.01, real=0.06 secs] 
2016-09-25T23:08:01.458-0400: 91.955: [Full GC (Ergonomics) [PSYoungGen: 85813K->0K(175104K)] [ParOldGen: 524244K->514292K(524288K)] 610058K->514292K(699392K), [Metaspace: 43952K->43952K(1087488K)], 0.0557691 secs] [Times: user=0.52 sys=0.00, real=0.05 secs] 
2016-09-25T23:08:01.547-0400: 92.045: [Full GC (Ergonomics) [PSYoungGen: 88064K->1353K(175104K)] [ParOldGen: 514683K->523890K(524288K)] 602747K->525243K(699392K), [Metaspace: 43952K->43952K(1087488K)], 0.1583102 secs] [Times: user=2.34 sys=0.02, real=0.16 secs] 
2016-09-25T23:08:01.747-0400: 92.244: [Full GC (Ergonomics) [PSYoungGen: 88064K->0K(175104K)] [ParOldGen: 523985K->523026K(524288K)] 612049K->523026K(699392K), [Metaspace: 43963K->43963K(1087488K)], 0.0560154 secs] [Times: user=0.53 sys=0.00, real=0.06 secs] 
2016-09-25T23:08:01.837-0400: 92.335: [Full GC (Ergonomics) [PSYoungGen: 87101K->5493K(175104K)] [ParOldGen: 523026K->522124K(524288K)] 610127K->527618K(699392K), [Metaspace: 43963K->43963K(1087488K)], 0.1550972 secs] [Times: user=2.22 sys=0.00, real=0.15 secs] 
2016-09-25T23:08:02.034-0400: 92.532: [Full GC (Ergonomics) [PSYoungGen: 88064K->0K(175104K)] [ParOldGen: 522145K->518705K(524288K)] 610209K->518705K(699392K), [Metaspace: 43963K->43963K(1087488K)], 0.0586107 secs] [Times: user=0.49 sys=0.01, real=0.05 secs] 
2016-09-25T23:08:02.129-0400: 92.626: [Full GC (Ergonomics) [PSYoungGen: 88064K->5471K(175104K)] [ParOldGen: 521502K->521726K(524288K)] 609566K->527198K(699392K), [Metaspace: 43963K->43963K(1087488K)], 0.1620617 secs] [Times: user=2.29 sys=0.00, real=0.16 secs] 
2016-09-25T23:08:02.338-0400: 92.835: [Full GC (Ergonomics) [PSYoungGen: 87227K->0K(175104K)] [ParOldGen: 523076K->513158K(524288K)] 610304K->513158K(699392K), [Metaspace: 43963K->43963K(1087488K)], 0.0536130 secs] [Times: user=0.47 sys=0.00, real=0.05 secs] 
2016-09-25T23:08:02.431-0400: 92.928: [Full GC (Ergonomics) [PSYoungGen: 88064K->0K(175104K)] [ParOldGen: 515942K->520407K(524288K)] 604006K->520407K(699392K), [Metaspace: 43963K->43963K(1087488K)], 0.0603571 secs] [Times: user=0.61 sys=0.00, real=0.06 secs] 
2016-09-25T23:08:02.531-0400: 93.028: [Full GC (Ergonomics) [PSYoungGen: 87008K->5410K(175104K)] [ParOldGen: 523107K->523446K(524288K)] 610116K->528857K(699392K), [Metaspace: 43963K->43963K(1087488K)], 0.1664696 secs] [Times: user=2.42 sys=0.00, real=0.17 secs] 
2016-09-25T23:08:02.739-0400: 93.236: [Full GC (Ergonomics) [PSYoungGen: 85821K->0K(175104K)] [ParOldGen: 523446K->524068K(524288K)] 609268K->524068K(699392K), [Metaspace: 43963K->43963K(1087488K)], 0.0643252 secs] [Times: user=0.53 sys=0.01, real=0.07 secs] 
2016-09-25T23:08:02.847-0400: 93.345: [Full GC (Ergonomics) [PSYoungGen: 87901K->2765K(175104K)] [ParOldGen: 524068K->524149K(524288K)] 611969K->526914K(699392K), [Metaspace: 43963K->43963K(1087488K)], 0.1565414 secs] [Times: user=2.34 sys=0.00, real=0.16 secs] 
2016-09-25T23:08:03.043-0400: 93.540: [Full GC (Ergonomics) [PSYoungGen: 87898K->0K(175104K)] [ParOldGen: 524149K->520798K(524288K)] 612048K->520798K(699392K), [Metaspace: 43963K->43963K(1087488K)], 0.0460501 secs] [Times: user=0.37 sys=0.00, real=0.04 secs] 
2016-09-25T23:08:03.122-0400: 93.620: [Full GC (Ergonomics) [PSYoungGen: 88064K->5530K(175104K)] [ParOldGen: 524137K->523838K(524288K)] 612201K->529369K(699392K), [Metaspace: 43963K->43963K(1087488K)], 0.1523764 secs] [Times: user=2.24 sys=0.02, real=0.15 secs] 
2016-09-25T23:08:03.314-0400: 93.812: [Full GC (Ergonomics) [PSYoungGen: 85638K->4117K(175104K)] [ParOldGen: 523838K->521660K(524288K)] 609477K->525777K(699392K), [Metaspace: 43963K->43963K(1087488K)], 0.1535855 secs] [Times: user=2.25 sys=0.00, real=0.15 secs] 
2016-09-25T23:08:03.505-0400: 94.003: [Full GC (Ergonomics) [PSYoungGen: 88064K->2772K(175104K)] [ParOldGen: 521681K->523400K(524288K)] 609745K->526173K(699392K), [Metaspace: 43963K->43963K(1087488K)], 0.1534831 secs] [Times: user=2.22 sys=0.02, real=0.15 secs] 
2016-09-25T23:08:03.696-0400: 94.193: [Full GC (Ergonomics) [PSYoungGen: 88064K->12257K(175104K)] [ParOldGen: 523540K->522746K(524288K)] 611604K->535004K(699392K), [Metaspace: 43963K->43963K(1087488K)], 0.1459628 secs] [Times: user=2.09 sys=0.01, real=0.14 secs] 
2016-09-25T23:08:03.881-0400: 94.378: [Full GC (Ergonomics) [PSYoungGen: 88064K->0K(175104K)] [ParOldGen: 522862K->521937K(524288K)] 610926K->521937K(699392K), [Metaspace: 43963K->43963K(1087488K)], 0.0619142 secs] [Times: user=0.59 sys=0.00, real=0.07 secs] 
2016-09-25T23:08:03.975-0400: 94.472: [Full GC (Ergonomics) [PSYoungGen: 87609K->9576K(175104K)] [ParOldGen: 521937K->523706K(524288K)] 609547K->533283K(699392K), [Metaspace: 43963K->43963K(1087488K)], 0.1586365 secs] [Times: user=2.35 sys=0.01, real=0.15 secs] 
2016-09-25T23:08:04.174-0400: 94.672: [Full GC (Ergonomics) [PSYoungGen: 88064K->0K(175104K)] [ParOldGen: 524242K->523168K(524288K)] 612306K->523168K(699392K), [Metaspace: 43963K->43963K(1087488K)], 0.0642802 secs] [Times: user=0.54 sys=0.00, real=0.06 secs] 
2016-09-25T23:08:04.268-0400: 94.765: [Full GC (Ergonomics) [PSYoungGen: 88064K->16381K(175104K)] [ParOldGen: 523192K->523260K(524288K)] 611256K->539641K(699392K), [Metaspace: 43963K->43963K(1087488K)], 0.1597123 secs] [Times: user=2.38 sys=0.01, real=0.16 secs] 
2016-09-25T23:08:04.476-0400: 94.973: [Full GC (Ergonomics) [PSYoungGen: 88064K->0K(175104K)] [ParOldGen: 523879K->522776K(524288K)] 611943K->522776K(699392K), [Metaspace: 43963K->43963K(1087488K)], 0.0572868 secs] [Times: user=0.53 sys=0.01, real=0.05 secs] 
2016-09-25T23:08:04.555-0400: 95.052: [Full GC (Ergonomics) [PSYoungGen: 88064K->18948K(175104K)] [ParOldGen: 522928K->521705K(524288K)] 610992K->540654K(699392K), [Metaspace: 43963K->43963K(1087488K)], 0.1553850 secs] [Times: user=2.29 sys=0.00, real=0.15 secs] 
2016-09-25T23:08:04.751-0400: 95.249: [Full GC (Ergonomics) [PSYoungGen: 87598K->4112K(175104K)] [ParOldGen: 523055K->523385K(524288K)] 610654K->527498K(699392K), [Metaspace: 43963K->43963K(1087488K)], 0.1540647 secs] [Times: user=2.29 sys=0.02, real=0.16 secs] 
2016-09-25T23:08:04.933-0400: 95.431: [Full GC (Ergonomics) [PSYoungGen: 87254K->13698K(175104K)] [ParOldGen: 523385K->522383K(524288K)] 610639K->536081K(699392K), [Metaspace: 43963K->43963K(1087488K)], 0.1537019 secs] [Times: user=2.23 sys=0.00, real=0.16 secs] 
2016-09-25T23:08:05.123-0400: 95.620: [Full GC (Ergonomics) [PSYoungGen: 86863K->10865K(175104K)] [ParOldGen: 522383K->522898K(524288K)] 609246K->533764K(699392K), [Metaspace: 43963K->43963K(1087488K)], 0.1553252 secs] [Times: user=2.32 sys=0.01, real=0.15 secs] 
2016-09-25T23:08:05.310-0400: 95.807: [Full GC (Ergonomics) [PSYoungGen: 88064K->16413K(175104K)] [ParOldGen: 523093K->523192K(524288K)] 611157K->539605K(699392K), [Metaspace: 43963K->43963K(1087488K)], 0.1540871 secs] [Times: user=2.26 sys=0.01, real=0.16 secs] 
2016-09-25T23:08:05.496-0400: 95.994: [Full GC (Ergonomics) [PSYoungGen: 86877K->12238K(175104K)] [ParOldGen: 523192K->523733K(524288K)] 610069K->535971K(699392K), [Metaspace: 43963K->43963K(1087488K)], 0.1531453 secs] [Times: user=2.22 sys=0.02, real=0.15 secs] 
2016-09-25T23:08:05.693-0400: 96.190: [Full GC (Ergonomics) [PSYoungGen: 85931K->9621K(175104K)] [ParOldGen: 523733K->522697K(524288K)] 609665K->532318K(699392K), [Metaspace: 43963K->43963K(1087488K)], 0.1623914 secs] [Times: user=2.25 sys=0.02, real=0.17 secs] 
2016-09-25T23:08:05.883-0400: 96.380: [Full GC (Ergonomics) [PSYoungGen: 85623K->20380K(175104K)] [ParOldGen: 522697K->523124K(524288K)] 608320K->543504K(699392K), [Metaspace: 43963K->43963K(1087488K)], 0.1489919 secs] [Times: user=2.19 sys=0.00, real=0.14 secs] 
2016-09-25T23:08:06.068-0400: 96.565: [Full GC (Ergonomics) [PSYoungGen: 87034K->5795K(175104K)] [ParOldGen: 523124K->522134K(524288K)] 610158K->527929K(699392K), [Metaspace: 43963K->43963K(1087488K)], 0.1441103 secs] [Times: user=2.08 sys=0.01, real=0.14 secs] 
2016-09-25T23:08:06.249-0400: 96.746: [Full GC (Ergonomics) [PSYoungGen: 88064K->9609K(175104K)] [ParOldGen: 522244K->523789K(524288K)] 610308K->533399K(699392K), [Metaspace: 43963K->43963K(1087488K)], 0.1604971 secs] [Times: user=2.37 sys=0.02, real=0.16 secs] 
2016-09-25T23:08:06.438-0400: 96.935: [Full GC (Ergonomics) [PSYoungGen: 88064K->19161K(175104K)] [ParOldGen: 524007K->522877K(524288K)] 612071K->542039K(699392K), [Metaspace: 43963K->43963K(1087488K)], 0.1571783 secs] [Times: user=2.33 sys=0.02, real=0.16 secs] 
2016-09-25T23:08:06.631-0400: 97.129: [Full GC (Ergonomics) [PSYoungGen: 88064K->14983K(175104K)] [ParOldGen: 522908K->521914K(524288K)] 610972K->536897K(699392K), [Metaspace: 43963K->43963K(1087488K)], 0.1584623 secs] [Times: user=2.31 sys=0.00, real=0.16 secs] 
2016-09-25T23:08:06.821-0400: 97.318: [Full GC (Ergonomics) [PSYoungGen: 88064K->8199K(175104K)] [ParOldGen: 521918K->523717K(524288K)] 609982K->531916K(699392K), [Metaspace: 43963K->43963K(1087488K)], 0.1525115 secs] [Times: user=2.16 sys=0.00, real=0.15 secs] 
2016-09-25T23:08:07.007-0400: 97.504: [Full GC (Ergonomics) [PSYoungGen: 87083K->13649K(175104K)] [ParOldGen: 523717K->524043K(524288K)] 610800K->537692K(699392K), [Metaspace: 43963K->43963K(1087488K)], 0.1520762 secs] [Times: user=2.23 sys=0.01, real=0.15 secs] 
2016-09-25T23:08:07.194-0400: 97.691: [Full GC (Ergonomics) [PSYoungGen: 86859K->2763K(175104K)] [ParOldGen: 524043K->523091K(524288K)] 610903K->525854K(699392K), [Metaspace: 43963K->43963K(1087488K)], 0.1602539 secs] [Times: user=2.24 sys=0.02, real=0.17 secs] 
2016-09-25T23:08:07.391-0400: 97.889: [Full GC (Ergonomics) [PSYoungGen: 88064K->10925K(175104K)] [ParOldGen: 523204K->523598K(524288K)] 611268K->534523K(699392K), [Metaspace: 43963K->43963K(1087488K)], 0.1640890 secs] [Times: user=2.27 sys=0.00, real=0.17 secs] 
2016-09-25T23:08:07.590-0400: 98.087: [Full GC (Ergonomics) [PSYoungGen: 86894K->5466K(175104K)] [ParOldGen: 523598K->522496K(524288K)] 610492K->527962K(699392K), [Metaspace: 43963K->43963K(1087488K)], 0.1622693 secs] [Times: user=2.10 sys=0.03, real=0.16 secs] 
2016-09-25T23:08:07.783-0400: 98.280: [Full GC (Ergonomics) [PSYoungGen: 87179K->20401K(175104K)] [ParOldGen: 522496K->524262K(524288K)] 609676K->544664K(699392K), [Metaspace: 43963K->43963K(1087488K)], 0.1512600 secs] [Times: user=2.22 sys=0.02, real=0.14 secs] 
2016-09-25T23:08:07.969-0400: 98.466: [Full GC (Ergonomics) [PSYoungGen: 88064K->13681K(175104K)] [ParOldGen: 524286K->523091K(524288K)] 612350K->536772K(699392K), [Metaspace: 43963K->43963K(1087488K)], 0.1515148 secs] [Times: user=2.19 sys=0.02, real=0.15 secs] 
2016-09-25T23:08:08.152-0400: 98.649: [Full GC (Ergonomics) [PSYoungGen: 87952K->9673K(175104K)] [ParOldGen: 523091K->523495K(524288K)] 611043K->533168K(699392K), [Metaspace: 43963K->43963K(1087488K)], 0.1504823 secs] [Times: user=2.20 sys=0.00, real=0.16 secs] 
2016-09-25T23:08:08.331-0400: 98.828: [Full GC (Ergonomics) [PSYoungGen: 86931K->16361K(175104K)] [ParOldGen: 523495K->523880K(524288K)] 610426K->540241K(699392K), [Metaspace: 43963K->43963K(1087488K)], 0.1533733 secs] [Times: user=2.28 sys=0.01, real=0.16 secs] 
2016-09-25T23:08:08.514-0400: 99.011: [Full GC (Ergonomics) [PSYoungGen: 88064K->23262K(175104K)] [ParOldGen: 524035K->522741K(524288K)] 612099K->546003K(699392K), [Metaspace: 43963K->43963K(1087488K)], 0.1567990 secs] [Times: user=2.27 sys=0.02, real=0.16 secs] 
2016-09-25T23:08:08.700-0400: 99.197: [Full GC (Ergonomics) [PSYoungGen: 88053K->11074K(175104K)] [ParOldGen: 524091K->521755K(524288K)] 612144K->532830K(699392K), [Metaspace: 43963K->43963K(1087488K)], 0.1580477 secs] [Times: user=2.31 sys=0.01, real=0.16 secs] 
2016-09-25T23:08:08.891-0400: 99.388: [Full GC (Ergonomics) [PSYoungGen: 88064K->13818K(175104K)] [ParOldGen: 521883K->521979K(524288K)] 609947K->535798K(699392K), [Metaspace: 43963K->43963K(1087488K)], 0.1505700 secs] [Times: user=2.23 sys=0.01, real=0.15 secs] 
2016-09-25T23:08:09.070-0400: 99.568: [Full GC (Ergonomics) [PSYoungGen: 87205K->12293K(175104K)] [ParOldGen: 521979K->523981K(524288K)] 609185K->536274K(699392K), [Metaspace: 43963K->43963K(1087488K)], 0.1516661 secs] [Times: user=2.04 sys=0.01, real=0.16 secs] 
2016-09-25T23:08:09.261-0400: 99.758: [Full GC (Ergonomics) [PSYoungGen: 88064K->9586K(175104K)] [ParOldGen: 524003K->524255K(524288K)] 612067K->533841K(699392K), [Metaspace: 43963K->43963K(1087488K)], 0.1581494 secs] [Times: user=2.32 sys=0.01, real=0.16 secs] 
2016-09-25T23:08:09.447-0400: 99.944: [Full GC (Ergonomics) [PSYoungGen: 88063K->23274K(175104K)] [ParOldGen: 524285K->521792K(524288K)] 612348K->545066K(699392K), [Metaspace: 43963K->43963K(1087488K)], 0.1719420 secs] [Times: user=2.28 sys=0.02, real=0.17 secs] 
2016-09-25T23:08:09.653-0400: 100.150: [Full GC (Ergonomics) [PSYoungGen: 88064K->13747K(175104K)] [ParOldGen: 521878K->523410K(524288K)] 609942K->537157K(699392K), [Metaspace: 43963K->43963K(1087488K)], 0.1567041 secs] [Times: user=2.27 sys=0.02, real=0.16 secs] 
2016-09-25T23:08:09.842-0400: 100.340: [Full GC (Ergonomics) [PSYoungGen: 88064K->12235K(175104K)] [ParOldGen: 523442K->524029K(524288K)] 611506K->536265K(699392K), [Metaspace: 43963K->43963K(1087488K)], 0.1494356 secs] [Times: user=2.16 sys=0.02, real=0.14 secs] 
2016-09-25T23:08:10.028-0400: 100.525: [Full GC (Ergonomics) [PSYoungGen: 88064K->16326K(175104K)] [ParOldGen: 524180K->524226K(524288K)] 612244K->540552K(699392K), [Metaspace: 43963K->43963K(1087488K)], 0.1573311 secs] [Times: user=2.30 sys=0.01, real=0.16 secs] 
2016-09-25T23:08:10.218-0400: 100.715: [Full GC (Ergonomics) [PSYoungGen: 88064K->23025K(175104K)] [ParOldGen: 524288K->523330K(524288K)] 612352K->546355K(699392K), [Metaspace: 43963K->43963K(1087488K)], 0.1543886 secs] [Times: user=2.25 sys=0.02, real=0.15 secs] 
2016-09-25T23:08:10.407-0400: 100.904: [Full GC (Ergonomics) [PSYoungGen: 88064K->16372K(175104K)] [ParOldGen: 523330K->523546K(524288K)] 611394K->539919K(699392K), [Metaspace: 43963K->43963K(1087488K)], 0.1567320 secs] [Times: user=2.34 sys=0.00, real=0.16 secs] 
2016-09-25T23:08:10.592-0400: 101.089: [Full GC (Ergonomics) [PSYoungGen: 88064K->23285K(175104K)] [ParOldGen: 523657K->523664K(524288K)] 611721K->546950K(699392K), [Metaspace: 43963K->43963K(1087488K)], 0.1573949 secs] [Times: user=2.34 sys=0.00, real=0.16 secs] 
2016-09-25T23:08:10.783-0400: 101.280: [Full GC (Ergonomics) [PSYoungGen: 87286K->16414K(175104K)] [ParOldGen: 523664K->522750K(524288K)] 610950K->539164K(699392K), [Metaspace: 43963K->43963K(1087488K)], 0.1552907 secs] [Times: user=2.21 sys=0.01, real=0.15 secs] 
2016-09-25T23:08:10.964-0400: 101.461: [Full GC (Ergonomics) [PSYoungGen: 88064K->17916K(175104K)] [ParOldGen: 523534K->521839K(524288K)] 611598K->539756K(699392K), [Metaspace: 43963K->43963K(1087488K)], 0.1650192 secs] [Times: user=2.41 sys=0.01, real=0.16 secs] 
2016-09-25T23:08:11.160-0400: 101.657: [Full GC (Ergonomics) [PSYoungGen: 88064K->23307K(175104K)] [ParOldGen: 521994K->521915K(524288K)] 610058K->545223K(699392K), [Metaspace: 43963K->43963K(1087488K)], 0.1668481 secs] [Times: user=2.39 sys=0.02, real=0.17 secs] 
2016-09-25T23:08:11.356-0400: 101.853: [Full GC (Ergonomics) [PSYoungGen: 88018K->13728K(175104K)] [ParOldGen: 521979K->523738K(524288K)] 609998K->537467K(699392K), [Metaspace: 43963K->43963K(1087488K)], 0.1842170 secs] [Times: user=2.23 sys=0.05, real=0.18 secs] 
2016-09-25T23:08:11.570-0400: 102.067: [Full GC (Ergonomics) [PSYoungGen: 88064K->25852K(175104K)] [ParOldGen: 523979K->522672K(524288K)] 612043K->548524K(699392K), [Metaspace: 43963K->43963K(1087488K)], 0.1561407 secs] [Times: user=2.21 sys=0.03, real=0.16 secs] 
2016-09-25T23:08:11.755-0400: 102.253: [Full GC (Ergonomics) [PSYoungGen: 85840K->21945K(175104K)] [ParOldGen: 522672K->521595K(524288K)] 608513K->543541K(699392K), [Metaspace: 43963K->43963K(1087488K)], 0.1621199 secs] [Times: user=2.33 sys=0.00, real=0.16 secs] 
2016-09-25T23:08:11.955-0400: 102.452: [Full GC (Ergonomics) [PSYoungGen: 88064K->17850K(175104K)] [ParOldGen: 521639K->523162K(524288K)] 609703K->541012K(699392K), [Metaspace: 43965K->43965K(1087488K)], 0.1550260 secs] [Times: user=2.29 sys=0.01, real=0.15 secs] 
2016-09-25T23:08:12.151-0400: 102.649: [Full GC (Ergonomics) [PSYoungGen: 88057K->15150K(175104K)] [ParOldGen: 523349K->523854K(524288K)] 611407K->539005K(699392K), [Metaspace: 43965K->43965K(1087488K)], 0.1456249 secs] [Times: user=2.10 sys=0.00, real=0.15 secs] 
2016-09-25T23:08:12.327-0400: 102.824: [Full GC (Ergonomics) [PSYoungGen: 88064K->23254K(175104K)] [ParOldGen: 524274K->522383K(524288K)] 612338K->545637K(699392K), [Metaspace: 43971K->43971K(1087488K)], 0.1559931 secs] [Times: user=2.30 sys=0.00, real=0.16 secs] 
2016-09-25T23:08:12.514-0400: 103.011: [Full GC (Ergonomics) [PSYoungGen: 88064K->21891K(175104K)] [ParOldGen: 523092K->524045K(524288K)] 611156K->545936K(699392K), [Metaspace: 43971K->43971K(1087488K)], 0.1500237 secs] [Times: user=2.18 sys=0.01, real=0.16 secs] 
2016-09-25T23:08:12.698-0400: 103.195: [Full GC (Ergonomics) [PSYoungGen: 87305K->19168K(175104K)] [ParOldGen: 524045K->524239K(524288K)] 611350K->543408K(699392K), [Metaspace: 43971K->43971K(1087488K)], 0.1614051 secs] [Times: user=2.36 sys=0.02, real=0.16 secs] 
2016-09-25T23:08:12.897-0400: 103.394: [Full GC (Ergonomics) [PSYoungGen: 88064K->17797K(175104K)] [ParOldGen: 524251K->521773K(524288K)] 612315K->539570K(699392K), [Metaspace: 43971K->43971K(1087488K)], 0.1629101 secs] [Times: user=2.18 sys=0.01, real=0.16 secs] 
2016-09-25T23:08:13.093-0400: 103.590: [Full GC (Ergonomics) [PSYoungGen: 86464K->32678K(175104K)] [ParOldGen: 521773K->523475K(524288K)] 608238K->556154K(699392K), [Metaspace: 43972K->43972K(1087488K)], 0.1560453 secs] [Times: user=2.33 sys=0.02, real=0.16 secs] 
2016-09-25T23:08:13.277-0400: 103.774: [Full GC (Ergonomics) [PSYoungGen: 88064K->28888K(175104K)] [ParOldGen: 523669K->522143K(524288K)] 611733K->551032K(699392K), [Metaspace: 43972K->43972K(1087488K)], 0.1538337 secs] [Times: user=2.28 sys=0.00, real=0.15 secs] 
2016-09-25T23:08:13.462-0400: 103.960: [Full GC (Ergonomics) [PSYoungGen: 87685K->18968K(175104K)] [ParOldGen: 522143K->524284K(524288K)] 609829K->543253K(699392K), [Metaspace: 43972K->43972K(1087488K)], 0.1587553 secs] [Times: user=2.34 sys=0.01, real=0.15 secs] 
2016-09-25T23:08:13.650-0400: 104.148: [Full GC (Ergonomics) [PSYoungGen: 88064K->16511K(175104K)] [ParOldGen: 524286K->522957K(524288K)] 612350K->539469K(699392K), [Metaspace: 43972K->43972K(1087488K)], 0.1552851 secs] [Times: user=2.25 sys=0.00, real=0.16 secs] 
2016-09-25T23:08:13.835-0400: 104.332: [Full GC (Ergonomics) [PSYoungGen: 85649K->27379K(175104K)] [ParOldGen: 522957K->521901K(524288K)] 608606K->549281K(699392K), [Metaspace: 43972K->43972K(1087488K)], 0.1559695 secs] [Times: user=2.36 sys=0.00, real=0.15 secs] 
2016-09-25T23:08:14.019-0400: 104.516: [Full GC (Ergonomics) [PSYoungGen: 87964K->23273K(175104K)] [ParOldGen: 521901K->523566K(524288K)] 609865K->546840K(699392K), [Metaspace: 43972K->43972K(1087488K)], 0.1569539 secs] [Times: user=2.37 sys=0.01, real=0.16 secs] 
2016-09-25T23:08:14.203-0400: 104.700: [Full GC (Ergonomics) [PSYoungGen: 88064K->26057K(175104K)] [ParOldGen: 524263K->522461K(524288K)] 612327K->548519K(699392K), [Metaspace: 43972K->43972K(1087488K)], 0.1605917 secs] [Times: user=2.53 sys=0.01, real=0.16 secs] 
2016-09-25T23:08:14.392-0400: 104.890: [Full GC (Ergonomics) [PSYoungGen: 88064K->26036K(175104K)] [ParOldGen: 522490K->522768K(524288K)] 610554K->548805K(699392K), [Metaspace: 43973K->43973K(1087488K)], 0.1828136 secs] [Times: user=2.75 sys=0.00, real=0.19 secs] 
2016-09-25T23:08:14.608-0400: 105.105: [Full GC (Ergonomics) [PSYoungGen: 88064K->22045K(175104K)] [ParOldGen: 523053K->523047K(524288K)] 611117K->545092K(699392K), [Metaspace: 43992K->43992K(1087488K)], 0.1639515 secs] [Times: user=2.45 sys=0.00, real=0.16 secs] 
2016-09-25T23:08:14.798-0400: 105.296: [Full GC (Ergonomics) [PSYoungGen: 86114K->21835K(175104K)] [ParOldGen: 523047K->522193K(524288K)] 609161K->544028K(699392K), [Metaspace: 44017K->44017K(1087488K)], 0.1634790 secs] [Times: user=2.33 sys=0.04, real=0.16 secs] 
2016-09-25T23:08:14.996-0400: 105.493: [Full GC (Ergonomics) [PSYoungGen: 88064K->23267K(175104K)] [ParOldGen: 522345K->522275K(524288K)] 610409K->545542K(699392K), [Metaspace: 44019K->44019K(1087488K)], 0.1541178 secs] [Times: user=2.31 sys=0.02, real=0.15 secs] 
2016-09-25T23:08:15.177-0400: 105.674: [Full GC (Ergonomics) [PSYoungGen: 88064K->29997K(175104K)] [ParOldGen: 522362K->524046K(524288K)] 610426K->554043K(699392K), [Metaspace: 44023K->44023K(1087488K)], 0.1703544 secs] [Times: user=2.57 sys=0.01, real=0.17 secs] 
2016-09-25T23:08:15.373-0400: 105.870: [Full GC (Ergonomics) [PSYoungGen: 86827K->23293K(175104K)] [ParOldGen: 524046K->522924K(524288K)] 610874K->546217K(699392K), [Metaspace: 44023K->44023K(1087488K)], 0.1815114 secs] [Times: user=2.87 sys=0.01, real=0.19 secs] 
2016-09-25T23:08:15.586-0400: 106.083: [Full GC (Ergonomics) [PSYoungGen: 88064K->23411K(175104K)] [ParOldGen: 522998K->522961K(524288K)] 611062K->546372K(699392K), [Metaspace: 44023K->44023K(1087488K)], 0.1564632 secs] [Times: user=2.44 sys=0.04, real=0.16 secs] 
2016-09-25T23:08:15.772-0400: 106.269: [Full GC (Ergonomics) [PSYoungGen: 88064K->30174K(175104K)] [ParOldGen: 523103K->522002K(524288K)] 611167K->552176K(699392K), [Metaspace: 44026K->44026K(1087488K)], 0.1571613 secs] [Times: user=2.34 sys=0.01, real=0.16 secs] 
2016-09-25T23:08:15.954-0400: 106.451: [Full GC (Ergonomics) [PSYoungGen: 87668K->19206K(175104K)] [ParOldGen: 522002K->523748K(524288K)] 609670K->542954K(699392K), [Metaspace: 44029K->44029K(1087488K)], 0.1708665 secs] [Times: user=2.65 sys=0.03, real=0.18 secs] 
2016-09-25T23:08:16.159-0400: 106.656: [Full GC (Ergonomics) [PSYoungGen: 87376K->23278K(175104K)] [ParOldGen: 523748K->523952K(524288K)] 611124K->547230K(699392K), [Metaspace: 44032K->44032K(1087488K)], 0.1666782 secs] [Times: user=2.57 sys=0.04, real=0.17 secs] 
2016-09-25T23:08:16.349-0400: 106.846: [Full GC (Ergonomics) [PSYoungGen: 88064K->27179K(175104K)] [ParOldGen: 523966K->523152K(524288K)] 612030K->550331K(699392K), [Metaspace: 44032K->44032K(1087488K)], 0.1756568 secs] [Times: user=2.71 sys=0.04, real=0.18 secs] 
2016-09-25T23:08:16.560-0400: 107.057: [Full GC (Ergonomics) [PSYoungGen: 86811K->24858K(175104K)] [ParOldGen: 523152K->522891K(524288K)] 609963K->547749K(699392K), [Metaspace: 44032K->44032K(1087488K)], 0.1684041 secs] [Times: user=2.38 sys=0.01, real=0.17 secs] 
2016-09-25T23:08:16.755-0400: 107.253: [Full GC (Ergonomics) [PSYoungGen: 87557K->30119K(175104K)] [ParOldGen: 522891K->523423K(524288K)] 610449K->553543K(699392K), [Metaspace: 44032K->44032K(1087488K)], 0.1532827 secs] [Times: user=2.25 sys=0.01, real=0.15 secs] 
2016-09-25T23:08:16.931-0400: 107.428: [Full GC (Ergonomics) [PSYoungGen: 88064K->30275K(175104K)] [ParOldGen: 523507K->523523K(524288K)] 611571K->553799K(699392K), [Metaspace: 44032K->44032K(1087488K)], 0.1584089 secs] [Times: user=2.35 sys=0.01, real=0.16 secs] 
2016-09-25T23:08:17.117-0400: 107.614: [Full GC (Ergonomics) [PSYoungGen: 85479K->30321K(175104K)] [ParOldGen: 523523K->523675K(524288K)] 609003K->553996K(699392K), [Metaspace: 44032K->44032K(1087488K)], 0.1693868 secs] [Times: user=2.44 sys=0.01, real=0.17 secs] 
2016-09-25T23:08:17.307-0400: 107.805: [Full GC (Ergonomics) [PSYoungGen: 88064K->30182K(175104K)] [ParOldGen: 523883K->524133K(524288K)] 611947K->554315K(699392K), [Metaspace: 44032K->44032K(1087488K)], 0.1378470 secs] [Times: user=2.09 sys=0.02, real=0.14 secs] 
2016-09-25T23:08:17.472-0400: 107.969: [Full GC (Ergonomics) [PSYoungGen: 88064K->32919K(175104K)] [ParOldGen: 524285K->521591K(524288K)] 612349K->554510K(699392K), [Metaspace: 44032K->44032K(1087488K)], 0.1751217 secs] [Times: user=2.60 sys=0.04, real=0.18 secs] 
2016-09-25T23:08:17.673-0400: 108.170: [Full GC (Ergonomics) [PSYoungGen: 86955K->26250K(175104K)] [ParOldGen: 522941K->521812K(524288K)] 609896K->548062K(699392K), [Metaspace: 44032K->44032K(1087488K)], 0.1627468 secs] [Times: user=2.20 sys=0.01, real=0.17 secs] 
2016-09-25T23:08:17.865-0400: 108.362: [Full GC (Ergonomics) [PSYoungGen: 85520K->33024K(175104K)] [ParOldGen: 521812K->521991K(524288K)] 607333K->555015K(699392K), [Metaspace: 44032K->44032K(1087488K)], 0.1634656 secs] [Times: user=2.25 sys=0.01, real=0.16 secs] 
2016-09-25T23:08:18.060-0400: 108.557: [Full GC (Ergonomics) [PSYoungGen: 87782K->26269K(175104K)] [ParOldGen: 521991K->523699K(524288K)] 609773K->549968K(699392K), [Metaspace: 44032K->44032K(1087488K)], 0.1680450 secs] [Times: user=1.94 sys=0.01, real=0.17 secs] 
2016-09-25T23:08:18.260-0400: 108.757: [Full GC (Ergonomics) [PSYoungGen: 88064K->24752K(175104K)] [ParOldGen: 524206K->524263K(524288K)] 612270K->549015K(699392K), [Metaspace: 44032K->44032K(1087488K)], 0.1679091 secs] [Times: user=2.33 sys=0.01, real=0.17 secs] 
2016-09-25T23:08:18.455-0400: 108.952: [Full GC (Ergonomics) [PSYoungGen: 87200K->27618K(175104K)] [ParOldGen: 524263K->524221K(524288K)] 611463K->551839K(699392K), [Metaspace: 44032K->44032K(1087488K)], 0.1681982 secs] [Times: user=2.31 sys=0.02, real=0.17 secs] 
2016-09-25T23:08:18.650-0400: 109.147: [Full GC (Ergonomics) [PSYoungGen: 87284K->26031K(175104K)] [ParOldGen: 524221K->523348K(524288K)] 611505K->549379K(699392K), [Metaspace: 44032K->44032K(1087488K)], 0.1636359 secs] [Times: user=2.26 sys=0.05, real=0.16 secs] 
2016-09-25T23:08:18.846-0400: 109.343: [Full GC (Ergonomics) [PSYoungGen: 87331K->20694K(175104K)] [ParOldGen: 523348K->523569K(524288K)] 610680K->544263K(699392K), [Metaspace: 44032K->44032K(1087488K)], 0.1626375 secs] [Times: user=2.27 sys=0.01, real=0.16 secs] 
2016-09-25T23:08:19.041-0400: 109.539: [Full GC (Ergonomics) [PSYoungGen: 86873K->29006K(175104K)] [ParOldGen: 523569K->522282K(524288K)] 610443K->551289K(699392K), [Metaspace: 44033K->44033K(1087488K)], 0.1678954 secs] [Times: user=2.22 sys=0.00, real=0.17 secs] 
2016-09-25T23:08:19.239-0400: 109.736: [Full GC (Ergonomics) [PSYoungGen: 88064K->34375K(175104K)] [ParOldGen: 522371K->522618K(524288K)] 610435K->556994K(699392K), [Metaspace: 44033K->44033K(1087488K)], 0.1622732 secs] [Times: user=2.16 sys=0.02, real=0.16 secs] 
2016-09-25T23:08:19.430-0400: 109.928: [Full GC (Ergonomics) [PSYoungGen: 88064K->37086K(175104K)] [ParOldGen: 522630K->522895K(524288K)] 610694K->559982K(699392K), [Metaspace: 44033K->44033K(1087488K)], 0.1706809 secs] [Times: user=2.28 sys=0.01, real=0.17 secs] 
2016-09-25T23:08:19.630-0400: 110.127: [Full GC (Ergonomics) [PSYoungGen: 87296K->31742K(175104K)] [ParOldGen: 524245K->523029K(524288K)] 611542K->554772K(699392K), [Metaspace: 44033K->44033K(1087488K)], 0.1597352 secs] [Times: user=2.17 sys=0.01, real=0.16 secs] 
2016-09-25T23:08:19.820-0400: 110.317: [Full GC (Ergonomics) [PSYoungGen: 85737K->40069K(175104K)] [ParOldGen: 523029K->523077K(524288K)] 608767K->563146K(699392K), [Metaspace: 44033K->44033K(1087488K)], 0.1717547 secs] [Times: user=2.27 sys=0.01, real=0.17 secs] 
2016-09-25T23:08:20.016-0400: 110.513: [Full GC (Ergonomics) [PSYoungGen: 85847K->34352K(175104K)] [ParOldGen: 523077K->523603K(524288K)] 608925K->557956K(699392K), [Metaspace: 44033K->44033K(1087488K)], 0.1587454 secs] [Times: user=2.10 sys=0.01, real=0.16 secs] 
2016-09-25T23:08:20.198-0400: 110.695: [Full GC (Ergonomics) [PSYoungGen: 85885K->35594K(175104K)] [ParOldGen: 523603K->522645K(524288K)] 609489K->558240K(699392K), [Metaspace: 44033K->44033K(1087488K)], 0.1622806 secs] [Times: user=2.12 sys=0.02, real=0.16 secs] 
2016-09-25T23:08:20.410-0400: 110.907: [Full GC (Ergonomics) [PSYoungGen: 88064K->22239K(175104K)] [ParOldGen: 524205K->522936K(524288K)] 612269K->545175K(699392K), [Metaspace: 44033K->44033K(1087488K)], 0.1557023 secs] [Times: user=2.14 sys=0.04, real=0.16 secs] 
2016-09-25T23:08:20.594-0400: 111.092: [Full GC (Ergonomics) [PSYoungGen: 88064K->27584K(175104K)] [ParOldGen: 522973K->523136K(524288K)] 611037K->550721K(699392K), [Metaspace: 44033K->44033K(1087488K)], 0.1603814 secs] [Times: user=2.20 sys=0.01, real=0.16 secs] 
2016-09-25T23:08:20.787-0400: 111.284: [Full GC (Ergonomics) [PSYoungGen: 88064K->32904K(175104K)] [ParOldGen: 523240K->523393K(524288K)] 611304K->556298K(699392K), [Metaspace: 44033K->44033K(1087488K)], 0.1810833 secs] [Times: user=2.49 sys=0.05, real=0.18 secs] 
2016-09-25T23:08:20.997-0400: 111.494: [Full GC (Ergonomics) [PSYoungGen: 87837K->31877K(175104K)] [ParOldGen: 523393K->523609K(524288K)] 611230K->555487K(699392K), [Metaspace: 44033K->44033K(1087488K)], 0.1536485 secs] [Times: user=2.05 sys=0.02, real=0.15 secs] 
2016-09-25T23:08:21.182-0400: 111.679: [Full GC (Ergonomics) [PSYoungGen: 87404K->32898K(175104K)] [ParOldGen: 523609K->523943K(524288K)] 611014K->556842K(699392K), [Metaspace: 44033K->44033K(1087488K)], 0.1728652 secs] [Times: user=2.55 sys=0.03, real=0.18 secs] 
2016-09-25T23:08:21.388-0400: 111.885: [Full GC (Ergonomics) [PSYoungGen: 86008K->30392K(175104K)] [ParOldGen: 523943K->523920K(524288K)] 609952K->554312K(699392K), [Metaspace: 44033K->44033K(1087488K)], 0.1720157 secs] [Times: user=2.11 sys=0.00, real=0.17 secs] 
2016-09-25T23:08:21.588-0400: 112.086: [Full GC (Ergonomics) [PSYoungGen: 87356K->39769K(175104K)] [ParOldGen: 523920K->523022K(524288K)] 611277K->562791K(699392K), [Metaspace: 44033K->44033K(1087488K)], 0.1721788 secs] [Times: user=2.09 sys=0.02, real=0.17 secs] 
2016-09-25T23:08:21.788-0400: 112.286: [Full GC (Ergonomics) [PSYoungGen: 88064K->41333K(175104K)] [ParOldGen: 523490K->521881K(524288K)] 611554K->563214K(699392K), [Metaspace: 44033K->44033K(1087488K)], 0.1734311 secs] [Times: user=1.99 sys=0.02, real=0.17 secs] 
2016-09-25T23:08:21.994-0400: 112.491: [Full GC (Ergonomics) [PSYoungGen: 87768K->29092K(175104K)] [ParOldGen: 521881K->523325K(524288K)] 609650K->552417K(699392K), [Metaspace: 44034K->44034K(1087488K)], 0.1550099 secs] [Times: user=2.11 sys=0.03, real=0.16 secs] 
2016-09-25T23:08:22.175-0400: 112.672: [Full GC (Ergonomics) [PSYoungGen: 87509K->30434K(175104K)] [ParOldGen: 523325K->522420K(524288K)] 610834K->552854K(699392K), [Metaspace: 44035K->44035K(1087488K)], 0.1568079 secs] [Times: user=2.12 sys=0.02, real=0.15 secs] 
2016-09-25T23:08:22.355-0400: 112.853: [Full GC (Ergonomics) [PSYoungGen: 88064K->34481K(175104K)] [ParOldGen: 523949K->523955K(524288K)] 612013K->558436K(699392K), [Metaspace: 44035K->44035K(1087488K)], 0.1658230 secs] [Times: user=2.30 sys=0.02, real=0.16 secs] 
2016-09-25T23:08:22.554-0400: 113.051: [Full GC (Ergonomics) [PSYoungGen: 85487K->33158K(175104K)] [ParOldGen: 523955K->522843K(524288K)] 609442K->556001K(699392K), [Metaspace: 44035K->44035K(1087488K)], 0.1678287 secs] [Times: user=2.36 sys=0.02, real=0.16 secs] 
2016-09-25T23:08:22.756-0400: 113.253: [Full GC (Ergonomics) [PSYoungGen: 86172K->38787K(175104K)] [ParOldGen: 522843K->522919K(524288K)] 609016K->561706K(699392K), [Metaspace: 44035K->44035K(1087488K)], 0.1727197 secs] [Times: user=2.31 sys=0.01, real=0.17 secs] 
2016-09-25T23:08:22.956-0400: 113.453: [Full GC (Ergonomics) [PSYoungGen: 88064K->35919K(175104K)] [ParOldGen: 524287K->521960K(524288K)] 612351K->557879K(699392K), [Metaspace: 44035K->44035K(1087488K)], 0.1804457 secs] [Times: user=2.25 sys=0.01, real=0.18 secs] 
2016-09-25T23:08:23.163-0400: 113.661: [Full GC (Ergonomics) [PSYoungGen: 88064K->44030K(175104K)] [ParOldGen: 522106K->523541K(524288K)] 610170K->567571K(699392K), [Metaspace: 44035K->44035K(1087488K)], 0.1622715 secs] [Times: user=2.00 sys=0.01, real=0.16 secs] 
2016-09-25T23:08:23.351-0400: 113.848: [Full GC (Ergonomics) [PSYoungGen: 85903K->38554K(175104K)] [ParOldGen: 523541K->523742K(524288K)] 609444K->562296K(699392K), [Metaspace: 44035K->44035K(1087488K)], 0.1581416 secs] [Times: user=2.17 sys=0.01, real=0.16 secs] 
2016-09-25T23:08:23.535-0400: 114.033: [Full GC (Ergonomics) [PSYoungGen: 87559K->35935K(175104K)] [ParOldGen: 523742K->523867K(524288K)] 611301K->559803K(699392K), [Metaspace: 44035K->44035K(1087488K)], 0.1611659 secs] [Times: user=2.11 sys=0.01, real=0.16 secs] 
2016-09-25T23:08:23.720-0400: 114.217: [Full GC (Ergonomics) [PSYoungGen: 85975K->38689K(175104K)] [ParOldGen: 523867K->524117K(524288K)] 609843K->562806K(699392K), [Metaspace: 44035K->44035K(1087488K)], 0.1624059 secs] [Times: user=2.17 sys=0.01, real=0.16 secs] 
2016-09-25T23:08:23.915-0400: 114.412: [Full GC (Ergonomics) [PSYoungGen: 87314K->30578K(175104K)] [ParOldGen: 524117K->522990K(524288K)] 611431K->553568K(699392K), [Metaspace: 44035K->44035K(1087488K)], 0.1751066 secs] [Times: user=2.48 sys=0.01, real=0.17 secs] 
2016-09-25T23:08:24.127-0400: 114.624: [Full GC (Ergonomics) [PSYoungGen: 87124K->25155K(175104K)] [ParOldGen: 522990K->523043K(524288K)] 610115K->548199K(699392K), [Metaspace: 44035K->44035K(1087488K)], 0.1784675 secs] [Times: user=2.60 sys=0.01, real=0.18 secs] 
2016-09-25T23:08:24.332-0400: 114.829: [Full GC (Ergonomics) [PSYoungGen: 88064K->45392K(175104K)] [ParOldGen: 523193K->523329K(524288K)] 611257K->568722K(699392K), [Metaspace: 44035K->44035K(1087488K)], 0.1746870 secs] [Times: user=2.33 sys=0.00, real=0.18 secs] 
2016-09-25T23:08:24.531-0400: 115.028: [Full GC (Ergonomics) [PSYoungGen: 88064K->46829K(175104K)] [ParOldGen: 523509K->522000K(524288K)] 611573K->568829K(699392K), [Metaspace: 44043K->44043K(1087488K)], 0.1893823 secs] [Times: user=2.75 sys=0.01, real=0.19 secs] 
2016-09-25T23:08:24.748-0400: 115.245: [Full GC (Ergonomics) [PSYoungGen: 88064K->38653K(175104K)] [ParOldGen: 523425K->522237K(524288K)] 611489K->560890K(699392K), [Metaspace: 44043K->44043K(1087488K)], 0.1554832 secs] [Times: user=2.29 sys=0.01, real=0.16 secs] 
2016-09-25T23:08:24.922-0400: 115.419: [Full GC (Ergonomics) [PSYoungGen: 88064K->41637K(175104K)] [ParOldGen: 522325K->522229K(524288K)] 610389K->563867K(699392K), [Metaspace: 44043K->44043K(1087488K)], 0.1735646 secs] [Times: user=2.34 sys=0.03, real=0.18 secs] 
2016-09-25T23:08:25.120-0400: 115.617: [Full GC (Ergonomics) [PSYoungGen: 86444K->47013K(175104K)] [ParOldGen: 522229K->522688K(524288K)] 608673K->569702K(699392K), [Metaspace: 44043K->44043K(1087488K)], 0.1545827 secs] [Times: user=2.25 sys=0.02, real=0.16 secs] 
2016-09-25T23:08:25.303-0400: 115.801: [Full GC (Ergonomics) [PSYoungGen: 88064K->37323K(175104K)] [ParOldGen: 522833K->522933K(524288K)] 610897K->560257K(699392K), [Metaspace: 44043K->44043K(1087488K)], 0.1611878 secs] [Times: user=2.33 sys=0.00, real=0.16 secs] 
2016-09-25T23:08:25.482-0400: 115.979: [Full GC (Ergonomics) [PSYoungGen: 88064K->45753K(175104K)] [ParOldGen: 523116K->524234K(524288K)] 611180K->569987K(699392K), [Metaspace: 44068K->44068K(1087488K)], 0.1999825 secs] [Times: user=3.09 sys=0.01, real=0.20 secs] 
2016-09-25T23:08:26.942-0400: 117.439: [Full GC (Ergonomics) [PSYoungGen: 88064K->0K(175104K)] [ParOldGen: 524234K->519259K(524288K)] 612298K->519259K(699392K), [Metaspace: 44077K->44077K(1087488K)], 0.1563783 secs] [Times: user=1.61 sys=0.03, real=0.15 secs] 
2016-09-25T23:08:32.666-0400: 123.164: [Full GC (Ergonomics) [PSYoungGen: 88064K->3631K(175104K)] [ParOldGen: 519259K->524158K(524288K)] 607323K->527790K(699392K), [Metaspace: 44084K->44084K(1087488K)], 0.1431148 secs] [Times: user=1.54 sys=0.01, real=0.14 secs] 
2016-09-25T23:08:37.350-0400: 127.847: [Full GC (Ergonomics) [PSYoungGen: 88064K->0K(175104K)] [ParOldGen: 524158K->498630K(524288K)] 612222K->498630K(699392K), [Metaspace: 44092K->44092K(1087488K)], 0.0913187 secs] [Times: user=0.90 sys=0.03, real=0.09 secs] 
2016-09-25T23:08:42.312-0400: 132.809: [Full GC (Ergonomics) [PSYoungGen: 88063K->0K(175104K)] [ParOldGen: 498630K->492994K(524288K)] 586694K->492994K(699392K), [Metaspace: 44093K->44093K(1087488K)], 0.0919304 secs] [Times: user=0.58 sys=0.01, real=0.10 secs] 
2016-09-25T23:08:46.967-0400: 137.465: [Full GC (Ergonomics) [PSYoungGen: 88064K->0K(175104K)] [ParOldGen: 492994K->494001K(524288K)] 581058K->494001K(699392K), [Metaspace: 44097K->44097K(1087488K)], 0.1035230 secs] [Times: user=0.89 sys=0.05, real=0.10 secs] 
2016-09-25T23:08:51.882-0400: 142.380: [Full GC (Ergonomics) [PSYoungGen: 88064K->0K(175104K)] [ParOldGen: 494001K->488023K(524288K)] 582065K->488023K(699392K), [Metaspace: 44113K->44113K(1087488K)], 0.1226792 secs] [Times: user=1.04 sys=0.02, real=0.12 secs] 
