Java HotSpot(TM) 64-Bit Server VM (25.101-b13) for linux-amd64 JRE (1.8.0_101-b13), built on Jun 22 2016 02:59:44 by "java_re" with gcc 4.3.0 20080428 (Red Hat 4.3.0-8)
Memory: 4k page, physical 264122320k(100830528k free), swap 268399612k(268399612k free)
CommandLine flags: -XX:GCLogFileSize=1048576 -XX:+HeapDumpOnOutOfMemoryError -XX:HeapDumpPath=artifacts/heapdump -XX:InitialHeapSize=805306368 -XX:MaxHeapSize=805306368 -XX:NumberOfGCLogFiles=10 -XX:+PrintGC -XX:+PrintGCDateStamps -XX:+PrintGCDetails -XX:+PrintGCTimeStamps -XX:+UseCompressedClassPointers -XX:+UseCompressedOops -XX:+UseGCLogFileRotation -XX:+UseParallelGC 
2016-09-25T21:30:11.260-0400: 2.208: [GC (Metadata GC Threshold) [PSYoungGen: 121898K->15612K(229376K)] 121898K->15692K(753664K), 0.0198803 secs] [Times: user=0.11 sys=0.00, real=0.02 secs] 
2016-09-25T21:30:11.280-0400: 2.228: [Full GC (Metadata GC Threshold) [PSYoungGen: 15612K->0K(229376K)] [ParOldGen: 80K->14600K(348160K)] 15692K->14600K(577536K), [Metaspace: 21081K->21081K(1067008K)], 0.0440703 secs] [Times: user=0.29 sys=0.00, real=0.05 secs] 
2016-09-25T21:30:13.084-0400: 4.032: [GC (Metadata GC Threshold) [PSYoungGen: 124221K->14832K(229376K)] 138822K->29569K(577536K), 0.0166822 secs] [Times: user=0.11 sys=0.00, real=0.01 secs] 
2016-09-25T21:30:13.101-0400: 4.048: [Full GC (Metadata GC Threshold) [PSYoungGen: 14832K->0K(229376K)] [ParOldGen: 14736K->20413K(524288K)] 29569K->20413K(753664K), [Metaspace: 34976K->34976K(1079296K)], 0.0564299 secs] [Times: user=0.42 sys=0.00, real=0.06 secs] 
2016-09-25T21:30:14.782-0400: 5.729: [GC (GCLocker Initiated GC) [PSYoungGen: 196608K->32755K(229376K)] 217025K->87163K(753664K), 0.0161450 secs] [Times: user=0.18 sys=0.02, real=0.02 secs] 
2016-09-25T21:30:15.099-0400: 6.047: [GC (GCLocker Initiated GC) [PSYoungGen: 229363K->32447K(229376K)] 291900K->94991K(753664K), 0.0072355 secs] [Times: user=0.07 sys=0.01, real=0.01 secs] 
2016-09-25T21:30:15.245-0400: 6.193: [GC (GCLocker Initiated GC) [PSYoungGen: 229055K->31252K(228352K)] 299728K->104633K(752640K), 0.0065937 secs] [Times: user=0.06 sys=0.01, real=0.00 secs] 
2016-09-25T21:30:15.369-0400: 6.317: [GC (GCLocker Initiated GC) [PSYoungGen: 227860K->33760K(187392K)] 303985K->115477K(711680K), 0.0219959 secs] [Times: user=0.23 sys=0.01, real=0.02 secs] 
2016-09-25T21:30:15.485-0400: 6.432: [GC (GCLocker Initiated GC) [PSYoungGen: 187360K->54242K(207872K)] 272029K->140486K(732160K), 0.0074047 secs] [Times: user=0.06 sys=0.03, real=0.00 secs] 
2016-09-25T21:30:15.595-0400: 6.543: [GC (GCLocker Initiated GC) [PSYoungGen: 207842K->52149K(183296K)] 299716K->157531K(707584K), 0.0073377 secs] [Times: user=0.09 sys=0.01, real=0.01 secs] 
2016-09-25T21:30:15.691-0400: 6.639: [GC (GCLocker Initiated GC) [PSYoungGen: 181173K->39426K(195584K)] 294848K->167320K(719872K), 0.0077692 secs] [Times: user=0.05 sys=0.05, real=0.01 secs] 
2016-09-25T21:30:15.781-0400: 6.728: [GC (GCLocker Initiated GC) [PSYoungGen: 168450K->52618K(193024K)] 297745K->196009K(717312K), 0.0097421 secs] [Times: user=0.12 sys=0.02, real=0.01 secs] 
2016-09-25T21:30:15.880-0400: 6.828: [GC (GCLocker Initiated GC) [PSYoungGen: 181642K->59084K(188416K)] 330558K->208418K(712704K), 0.0084014 secs] [Times: user=0.06 sys=0.00, real=0.01 secs] 
2016-09-25T21:30:15.963-0400: 6.910: [GC (GCLocker Initiated GC) [PSYoungGen: 188108K->30512K(192000K)] 337512K->199277K(716288K), 0.0065000 secs] [Times: user=0.06 sys=0.01, real=0.00 secs] 
2016-09-25T21:30:16.057-0400: 7.005: [GC (GCLocker Initiated GC) [PSYoungGen: 151344K->44085K(165376K)] 325560K->240345K(689664K), 0.0060181 secs] [Times: user=0.05 sys=0.03, real=0.01 secs] 
2016-09-25T21:30:16.136-0400: 7.084: [GC (GCLocker Initiated GC) [PSYoungGen: 164917K->38584K(192000K)] 361407K->243581K(716288K), 0.0066608 secs] [Times: user=0.05 sys=0.00, real=0.01 secs] 
2016-09-25T21:30:16.216-0400: 7.164: [GC (GCLocker Initiated GC) [PSYoungGen: 161976K->42729K(189440K)] 371837K->263854K(713728K), 0.0135326 secs] [Times: user=0.16 sys=0.00, real=0.01 secs] 
2016-09-25T21:30:16.304-0400: 7.252: [GC (GCLocker Initiated GC) [PSYoungGen: 166121K->53612K(189952K)] 387394K->291605K(714240K), 0.0072548 secs] [Times: user=0.07 sys=0.00, real=0.00 secs] 
2016-09-25T21:30:16.399-0400: 7.346: [GC (GCLocker Initiated GC) [PSYoungGen: 179052K->51004K(192000K)] 422693K->311327K(716288K), 0.0062040 secs] [Times: user=0.08 sys=0.01, real=0.01 secs] 
2016-09-25T21:30:16.482-0400: 7.430: [GC (GCLocker Initiated GC) [PSYoungGen: 176444K->65839K(182272K)] 439493K->329414K(706560K), 0.0061377 secs] [Times: user=0.06 sys=0.02, real=0.00 secs] 
2016-09-25T21:30:16.583-0400: 7.531: [GC (GCLocker Initiated GC) [PSYoungGen: 180527K->32089K(188416K)] 453602K->324575K(712704K), 0.0050177 secs] [Times: user=0.05 sys=0.01, real=0.00 secs] 
2016-09-25T21:30:16.661-0400: 7.609: [GC (GCLocker Initiated GC) [PSYoungGen: 146777K->54769K(186880K)] 439533K->353380K(711168K), 0.0079244 secs] [Times: user=0.04 sys=0.01, real=0.01 secs] 
2016-09-25T21:30:16.740-0400: 7.688: [GC (GCLocker Initiated GC) [PSYoungGen: 168433K->53438K(187904K)] 469778K->355183K(712192K), 0.0064448 secs] [Times: user=0.06 sys=0.00, real=0.01 secs] 
2016-09-25T21:30:16.827-0400: 7.775: [GC (GCLocker Initiated GC) [PSYoungGen: 167102K->32025K(186880K)] 483855K->368098K(711168K), 0.0059705 secs] [Times: user=0.05 sys=0.01, real=0.00 secs] 
2016-09-25T21:30:16.913-0400: 7.860: [GC (GCLocker Initiated GC) [PSYoungGen: 145689K->42825K(156672K)] 491313K->402444K(680960K), 0.0066198 secs] [Times: user=0.05 sys=0.04, real=0.01 secs] 
2016-09-25T21:30:16.996-0400: 7.944: [GC (GCLocker Initiated GC) [PSYoungGen: 156489K->37330K(187904K)] 522880K->404152K(712192K), 0.0054201 secs] [Times: user=0.05 sys=0.00, real=0.00 secs] 
2016-09-25T21:30:17.085-0400: 8.032: [GC (GCLocker Initiated GC) [PSYoungGen: 154066K->57694K(186368K)] 520922K->438530K(710656K), 0.0111640 secs] [Times: user=0.14 sys=0.02, real=0.01 secs] 
2016-09-25T21:30:17.209-0400: 8.157: [GC (GCLocker Initiated GC) [PSYoungGen: 174430K->44303K(189952K)] 562075K->443222K(714240K), 0.0061699 secs] [Times: user=0.08 sys=0.00, real=0.01 secs] 
2016-09-25T21:30:17.289-0400: 8.236: [GC (GCLocker Initiated GC) [PSYoungGen: 164623K->29279K(189952K)] 571647K->455763K(714240K), 0.0066618 secs] [Times: user=0.03 sys=0.05, real=0.01 secs] 
2016-09-25T21:30:17.372-0400: 8.320: [GC (GCLocker Initiated GC) [PSYoungGen: 149599K->34501K(190976K)] 581545K->466904K(715264K), 0.0078169 secs] [Times: user=0.06 sys=0.00, real=0.01 secs] 
2016-09-25T21:30:17.458-0400: 8.406: [GC (GCLocker Initiated GC) [PSYoungGen: 156869K->61821K(184320K)] 592072K->497536K(708608K), 0.0053693 secs] [Times: user=0.07 sys=0.00, real=0.01 secs] 
2016-09-25T21:30:17.567-0400: 8.515: [GC (GCLocker Initiated GC) [PSYoungGen: 184189K->30547K(189440K)] 626828K->476332K(713728K), 0.0130515 secs] [Times: user=0.10 sys=0.00, real=0.01 secs] 
2016-09-25T21:30:17.654-0400: 8.602: [GC (GCLocker Initiated GC) [PSYoungGen: 146771K->37156K(153600K)] 597972K->488795K(677888K), 0.0049265 secs] [Times: user=0.04 sys=0.00, real=0.00 secs] 
2016-09-25T21:30:17.726-0400: 8.673: [GC (GCLocker Initiated GC) [PSYoungGen: 153380K->53580K(186368K)] 607754K->508404K(710656K), 0.0063771 secs] [Times: user=0.07 sys=0.00, real=0.00 secs] 
2016-09-25T21:30:17.800-0400: 8.748: [GC (GCLocker Initiated GC) [PSYoungGen: 168780K->52197K(187392K)] 623664K->531840K(711680K), 0.0072347 secs] [Times: user=0.08 sys=0.02, real=0.01 secs] 
2016-09-25T21:30:17.879-0400: 8.827: [GC (GCLocker Initiated GC) [PSYoungGen: 167397K->44175K(184320K)] 649926K->543369K(708608K), 0.0092323 secs] [Times: user=0.10 sys=0.02, real=0.01 secs] 
2016-09-25T21:30:17.888-0400: 8.836: [Full GC (Ergonomics) [PSYoungGen: 44175K->0K(184320K)] [ParOldGen: 499193K->49021K(524288K)] 543369K->49021K(708608K), [Metaspace: 43076K->43072K(1085440K)], 0.1946376 secs] [Times: user=2.61 sys=0.04, real=0.20 secs] 
2016-09-25T21:30:18.157-0400: 9.104: [GC (GCLocker Initiated GC) [PSYoungGen: 117248K->52531K(186880K)] 171699K->106983K(711168K), 0.0107923 secs] [Times: user=0.15 sys=0.01, real=0.01 secs] 
2016-09-25T21:30:18.242-0400: 9.190: [GC (GCLocker Initiated GC) [PSYoungGen: 169779K->42857K(188928K)] 235268K->109057K(713216K), 0.0041613 secs] [Times: user=0.04 sys=0.00, real=0.00 secs] 
2016-09-25T21:30:18.334-0400: 9.282: [GC (GCLocker Initiated GC) [PSYoungGen: 165225K->40061K(190464K)] 236886K->112201K(714752K), 0.0098111 secs] [Times: user=0.13 sys=0.00, real=0.02 secs] 
2016-09-25T21:30:18.420-0400: 9.368: [GC (GCLocker Initiated GC) [PSYoungGen: 162429K->65840K(183296K)] 241362K->147975K(707584K), 0.0062118 secs] [Times: user=0.09 sys=0.00, real=0.01 secs] 
2016-09-25T21:30:18.502-0400: 9.450: [GC (GCLocker Initiated GC) [PSYoungGen: 182576K->52243K(189440K)] 272887K->159266K(713728K), 0.0061235 secs] [Times: user=0.07 sys=0.00, real=0.00 secs] 
2016-09-25T21:30:18.584-0400: 9.532: [GC (GCLocker Initiated GC) [PSYoungGen: 168979K->49561K(185856K)] 278827K->181512K(710144K), 0.0063803 secs] [Times: user=0.09 sys=0.00, real=0.00 secs] 
2016-09-25T21:30:18.671-0400: 9.618: [GC (GCLocker Initiated GC) [PSYoungGen: 166809K->49575K(187904K)] 304397K->187572K(712192K), 0.0074911 secs] [Times: user=0.10 sys=0.00, real=0.01 secs] 
2016-09-25T21:30:18.756-0400: 9.703: [GC (GCLocker Initiated GC) [PSYoungGen: 166823K->63061K(185856K)] 304905K->201590K(710144K), 0.0053896 secs] [Times: user=0.08 sys=0.00, real=0.00 secs] 
2016-09-25T21:30:18.827-0400: 9.774: [GC (GCLocker Initiated GC) [PSYoungGen: 179797K->59089K(176128K)] 321111K->206251K(700416K), 0.0053079 secs] [Times: user=0.07 sys=0.00, real=0.00 secs] 
2016-09-25T21:30:18.906-0400: 9.854: [GC (GCLocker Initiated GC) [PSYoungGen: 175825K->21096K(183296K)] 334019K->187845K(707584K), 0.0372692 secs] [Times: user=0.36 sys=0.01, real=0.04 secs] 
2016-09-25T21:30:19.017-0400: 9.965: [GC (GCLocker Initiated GC) [PSYoungGen: 130664K->27719K(137728K)] 308322K->205823K(662016K), 0.0054954 secs] [Times: user=0.03 sys=0.00, real=0.01 secs] 
2016-09-25T21:30:19.099-0400: 10.047: [GC (GCLocker Initiated GC) [PSYoungGen: 137287K->26624K(185344K)] 330413K->220222K(709632K), 0.0037261 secs] [Times: user=0.04 sys=0.00, real=0.01 secs] 
2016-09-25T21:30:19.179-0400: 10.126: [GC (GCLocker Initiated GC) [PSYoungGen: 135168K->18525K(127488K)] 345027K->228885K(651776K), 0.0033841 secs] [Times: user=0.03 sys=0.00, real=0.00 secs] 
2016-09-25T21:30:19.256-0400: 10.203: [GC (GCLocker Initiated GC) [PSYoungGen: 127069K->41429K(187904K)] 345576K->260399K(712192K), 0.0074216 secs] [Times: user=0.11 sys=0.00, real=0.01 secs] 
2016-09-25T21:30:19.332-0400: 10.279: [GC (GCLocker Initiated GC) [PSYoungGen: 151509K->52247K(184320K)] 370568K->271755K(708608K), 0.0078388 secs] [Times: user=0.10 sys=0.00, real=0.01 secs] 
2016-09-25T21:30:19.408-0400: 10.356: [GC (GCLocker Initiated GC) [PSYoungGen: 162327K->52261K(184832K)] 384548K->293817K(709120K), 0.0056540 secs] [Times: user=0.09 sys=0.00, real=0.01 secs] 
2016-09-25T21:30:19.484-0400: 10.431: [GC (GCLocker Initiated GC) [PSYoungGen: 161829K->58993K(168960K)] 404640K->302284K(693248K), 0.0054984 secs] [Times: user=0.06 sys=0.00, real=0.00 secs] 
2016-09-25T21:30:19.558-0400: 10.506: [GC (GCLocker Initiated GC) [PSYoungGen: 168561K->49547K(185344K)] 414564K->296028K(709632K), 0.0047152 secs] [Times: user=0.05 sys=0.00, real=0.01 secs] 
2016-09-25T21:30:19.635-0400: 10.582: [GC (GCLocker Initiated GC) [PSYoungGen: 156555K->36042K(143360K)] 412506K->292404K(667648K), 0.0043056 secs] [Times: user=0.05 sys=0.00, real=0.00 secs] 
2016-09-25T21:30:19.710-0400: 10.657: [GC (GCLocker Initiated GC) [PSYoungGen: 143050K->33246K(183296K)] 407627K->314461K(707584K), 0.0058473 secs] [Times: user=0.06 sys=0.00, real=0.01 secs] 
2016-09-25T21:30:19.792-0400: 10.740: [GC (GCLocker Initiated GC) [PSYoungGen: 141278K->33201K(182272K)] 426201K->321262K(706560K), 0.0088730 secs] [Times: user=0.05 sys=0.01, real=0.01 secs] 
2016-09-25T21:30:19.881-0400: 10.829: [GC (GCLocker Initiated GC) [PSYoungGen: 141233K->25196K(185344K)] 447180K->350485K(709632K), 0.0143098 secs] [Times: user=0.18 sys=0.00, real=0.02 secs] 
2016-09-25T21:30:19.972-0400: 10.920: [GC (GCLocker Initiated GC) [PSYoungGen: 137836K->38619K(185344K)] 471320K->372487K(709632K), 0.0053496 secs] [Times: user=0.04 sys=0.00, real=0.01 secs] 
2016-09-25T21:30:20.064-0400: 11.011: [GC (GCLocker Initiated GC) [PSYoungGen: 151259K->45383K(187392K)] 485132K->379627K(711680K), 0.0155144 secs] [Times: user=0.18 sys=0.00, real=0.01 secs] 
2016-09-25T21:30:20.146-0400: 11.094: [GC (GCLocker Initiated GC) [PSYoungGen: 163143K->67220K(186368K)] 497621K->404831K(710656K), 0.0074692 secs] [Times: user=0.10 sys=0.00, real=0.00 secs] 
2016-09-25T21:30:20.236-0400: 11.184: [GC (GCLocker Initiated GC) [PSYoungGen: 184980K->44142K(189440K)] 525398K->395854K(713728K), 0.0103068 secs] [Times: user=0.10 sys=0.03, real=0.01 secs] 
2016-09-25T21:30:20.328-0400: 11.276: [GC (GCLocker Initiated GC) [PSYoungGen: 157806K->44096K(158208K)] 515007K->401759K(682496K), 0.0053438 secs] [Times: user=0.05 sys=0.00, real=0.00 secs] 
2016-09-25T21:30:20.435-0400: 11.382: [GC (GCLocker Initiated GC) [PSYoungGen: 157760K->37392K(185344K)] 523610K->403706K(709632K), 0.0368172 secs] [Times: user=0.44 sys=0.01, real=0.03 secs] 
2016-09-25T21:30:20.576-0400: 11.524: [GC (GCLocker Initiated GC) [PSYoungGen: 152592K->58993K(183808K)] 524418K->431276K(708096K), 0.0097356 secs] [Times: user=0.10 sys=0.02, real=0.01 secs] 
2016-09-25T21:30:20.671-0400: 11.618: [GC (GCLocker Initiated GC) [PSYoungGen: 174193K->37233K(191488K)] 553465K->427736K(715776K), 0.0086254 secs] [Times: user=0.04 sys=0.01, real=0.01 secs] 
2016-09-25T21:30:20.772-0400: 11.720: [GC (GCLocker Initiated GC) [PSYoungGen: 157041K->52293K(190464K)] 547547K->443295K(714752K), 0.0047387 secs] [Times: user=0.05 sys=0.00, real=0.01 secs] 
2016-09-25T21:30:20.885-0400: 11.832: [GC (GCLocker Initiated GC) [PSYoungGen: 172101K->38789K(189440K)] 571255K->438376K(713728K), 0.0099420 secs] [Times: user=0.13 sys=0.00, real=0.01 secs] 
2016-09-25T21:30:20.987-0400: 11.934: [GC (GCLocker Initiated GC) [PSYoungGen: 159621K->38697K(189952K)] 564742K->460543K(714240K), 0.0089628 secs] [Times: user=0.11 sys=0.00, real=0.01 secs] 
2016-09-25T21:30:21.077-0400: 12.025: [GC (GCLocker Initiated GC) [PSYoungGen: 159529K->38697K(190976K)] 582791K->475924K(715264K), 0.0135601 secs] [Times: user=0.16 sys=0.01, real=0.01 secs] 
2016-09-25T21:30:21.188-0400: 12.135: [GC (GCLocker Initiated GC) [PSYoungGen: 164137K->45557K(191488K)] 608196K->490041K(715776K), 0.0174775 secs] [Times: user=0.24 sys=0.00, real=0.02 secs] 
2016-09-25T21:30:21.305-0400: 12.252: [GC (GCLocker Initiated GC) [PSYoungGen: 170997K->53625K(194048K)] 618247K->509486K(718336K), 0.0102931 secs] [Times: user=0.12 sys=0.01, real=0.01 secs] 
2016-09-25T21:30:21.413-0400: 12.360: [GC (GCLocker Initiated GC) [PSYoungGen: 182649K->50957K(195584K)] 638517K->507304K(719872K), 0.0072685 secs] [Times: user=0.08 sys=0.00, real=0.01 secs] 
2016-09-25T21:30:21.507-0400: 12.454: [GC (GCLocker Initiated GC) [PSYoungGen: 179981K->50875K(195584K)] 641601K->513006K(719872K), 0.0115494 secs] [Times: user=0.13 sys=0.00, real=0.01 secs] 
2016-09-25T21:30:21.612-0400: 12.559: [GC (Allocation Failure) [PSYoungGen: 179899K->48289K(177664K)] 647443K->529874K(701952K), 0.0092469 secs] [Times: user=0.10 sys=0.00, real=0.01 secs] 
2016-09-25T21:30:21.712-0400: 12.660: [GC (GCLocker Initiated GC) [PSYoungGen: 176688K->49575K(195072K)] 660973K->545155K(719360K), 0.0119497 secs] [Times: user=0.15 sys=0.00, real=0.02 secs] 
2016-09-25T21:30:21.818-0400: 12.765: [GC (GCLocker Initiated GC) [PSYoungGen: 179111K->53458K(194560K)] 674753K->549571K(718848K), 0.0145107 secs] [Times: user=0.18 sys=0.00, real=0.01 secs] 
2016-09-25T21:30:21.923-0400: 12.871: [Full GC (Ergonomics) [PSYoungGen: 182994K->0K(194560K)] [ParOldGen: 508322K->68175K(524288K)] 691317K->68175K(718848K), [Metaspace: 43187K->43187K(1085440K)], 0.0495574 secs] [Times: user=0.33 sys=0.00, real=0.04 secs] 
2016-09-25T21:30:22.061-0400: 13.009: [GC (GCLocker Initiated GC) [PSYoungGen: 129536K->65602K(185856K)] 197870K->133937K(710144K), 0.0083840 secs] [Times: user=0.08 sys=0.00, real=0.01 secs] 
2016-09-25T21:30:22.152-0400: 13.100: [GC (GCLocker Initiated GC) [PSYoungGen: 185410K->34618K(190976K)] 267448K->127800K(715264K), 0.0049247 secs] [Times: user=0.06 sys=0.00, real=0.01 secs] 
2016-09-25T21:30:22.245-0400: 13.193: [GC (GCLocker Initiated GC) [PSYoungGen: 154426K->42414K(187904K)] 253092K->141336K(712192K), 0.0208351 secs] [Times: user=0.22 sys=0.00, real=0.02 secs] 
2016-09-25T21:30:22.342-0400: 13.290: [GC (GCLocker Initiated GC) [PSYoungGen: 162222K->62822K(182784K)] 264025K->164891K(707072K), 0.0055295 secs] [Times: user=0.07 sys=0.00, real=0.00 secs] 
2016-09-25T21:30:22.431-0400: 13.378: [GC (GCLocker Initiated GC) [PSYoungGen: 182630K->31693K(187904K)] 292850K->155665K(712192K), 0.0088062 secs] [Times: user=0.04 sys=0.00, real=0.01 secs] 
2016-09-25T21:30:22.519-0400: 13.467: [GC (GCLocker Initiated GC) [PSYoungGen: 146381K->42557K(157696K)] 278466K->174925K(681984K), 0.0082661 secs] [Times: user=0.10 sys=0.01, real=0.01 secs] 
2016-09-25T21:30:22.605-0400: 13.553: [GC (GCLocker Initiated GC) [PSYoungGen: 157245K->43892K(188928K)] 296430K->183328K(713216K), 0.0101072 secs] [Times: user=0.12 sys=0.00, real=0.01 secs] 
2016-09-25T21:30:22.698-0400: 13.645: [GC (Allocation Failure) [PSYoungGen: 161140K->46541K(186880K)] 303338K->188982K(711168K), 0.0047812 secs] [Times: user=0.05 sys=0.00, real=0.01 secs] 
2016-09-25T21:30:22.778-0400: 13.726: [GC (GCLocker Initiated GC) [PSYoungGen: 163789K->58789K(185856K)] 306233K->204191K(710144K), 0.0056557 secs] [Times: user=0.07 sys=0.00, real=0.01 secs] 
2016-09-25T21:30:22.861-0400: 13.809: [GC (GCLocker Initiated GC) [PSYoungGen: 177061K->41207K(188416K)] 327958K->192337K(712704K), 0.0044715 secs] [Times: user=0.06 sys=0.01, real=0.01 secs] 
2016-09-25T21:30:22.947-0400: 13.894: [GC (GCLocker Initiated GC) [PSYoungGen: 159479K->65603K(183808K)] 310683K->217074K(708096K), 0.0086745 secs] [Times: user=0.10 sys=0.02, real=0.01 secs] 
2016-09-25T21:30:23.038-0400: 13.985: [GC (GCLocker Initiated GC) [PSYoungGen: 180291K->37192K(188416K)] 339888K->215948K(712704K), 0.0088686 secs] [Times: user=0.09 sys=0.00, real=0.01 secs] 
2016-09-25T21:30:23.137-0400: 14.085: [GC (Allocation Failure) [PSYoungGen: 151880K->29074K(187904K)] 348188K->225593K(712192K), 0.0108609 secs] [Times: user=0.10 sys=0.00, real=0.01 secs] 
2016-09-25T21:30:23.228-0400: 14.176: [GC (GCLocker Initiated GC) [PSYoungGen: 143762K->33124K(188416K)] 344331K->233945K(712704K), 0.0048278 secs] [Times: user=0.05 sys=0.00, real=0.00 secs] 
2016-09-25T21:30:23.312-0400: 14.259: [GC (GCLocker Initiated GC) [PSYoungGen: 147812K->43825K(182272K)] 348666K->244907K(706560K), 0.0125237 secs] [Times: user=0.14 sys=0.00, real=0.02 secs] 
2016-09-25T21:30:23.405-0400: 14.352: [GC (GCLocker Initiated GC) [PSYoungGen: 159025K->45193K(185344K)] 360110K->265410K(709632K), 0.0234737 secs] [Times: user=0.28 sys=0.00, real=0.02 secs] 
2016-09-25T21:30:23.491-0400: 14.438: [GC (GCLocker Initiated GC) [PSYoungGen: 160393K->42609K(186880K)] 380806K->263240K(711168K), 0.0151278 secs] [Times: user=0.15 sys=0.00, real=0.02 secs] 
2016-09-25T21:30:23.576-0400: 14.523: [GC (GCLocker Initiated GC) [PSYoungGen: 166513K->48053K(189952K)] 391228K->273028K(714240K), 0.0075349 secs] [Times: user=0.10 sys=0.00, real=0.01 secs] 
2016-09-25T21:30:23.727-0400: 14.675: [GC (GCLocker Initiated GC) [PSYoungGen: 171957K->35736K(194560K)] 408648K->272647K(718848K), 0.0320845 secs] [Times: user=0.42 sys=0.00, real=0.03 secs] 
2016-09-25T21:30:23.877-0400: 14.825: [GC (GCLocker Initiated GC) [PSYoungGen: 166296K->46720K(195584K)] 405982K->300225K(719872K), 0.0107689 secs] [Times: user=0.12 sys=0.01, real=0.01 secs] 
2016-09-25T21:30:23.978-0400: 14.925: [GC (GCLocker Initiated GC) [PSYoungGen: 177280K->60284K(189952K)] 438952K->322257K(714240K), 0.0058656 secs] [Times: user=0.08 sys=0.00, real=0.01 secs] 
2016-09-25T21:30:24.102-0400: 15.050: [GC (GCLocker Initiated GC) [PSYoungGen: 186236K->50957K(194048K)] 453760K->326967K(718336K), 0.0096648 secs] [Times: user=0.13 sys=0.00, real=0.01 secs] 
2016-09-25T21:30:24.213-0400: 15.161: [GC (GCLocker Initiated GC) [PSYoungGen: 176909K->38797K(191488K)] 455648K->317984K(715776K), 0.0100470 secs] [Times: user=0.04 sys=0.00, real=0.02 secs] 
2016-09-25T21:30:24.354-0400: 15.301: [GC (GCLocker Initiated GC) [PSYoungGen: 165261K->30755K(193024K)] 458101K->348455K(717312K), 0.0084819 secs] [Times: user=0.13 sys=0.00, real=0.02 secs] 
2016-09-25T21:30:24.464-0400: 15.411: [GC (GCLocker Initiated GC) [PSYoungGen: 157219K->42869K(192000K)] 483096K->369361K(716288K), 0.0122516 secs] [Times: user=0.07 sys=0.00, real=0.01 secs] 
2016-09-25T21:30:24.591-0400: 15.538: [GC (GCLocker Initiated GC) [PSYoungGen: 171381K->52375K(193536K)] 497905K->379422K(717824K), 0.0130871 secs] [Times: user=0.13 sys=0.00, real=0.02 secs] 
2016-09-25T21:30:24.726-0400: 15.673: [GC (GCLocker Initiated GC) [PSYoungGen: 180887K->44248K(194048K)] 507947K->398887K(718336K), 0.0101918 secs] [Times: user=0.10 sys=0.01, real=0.01 secs] 
2016-09-25T21:30:24.838-0400: 15.786: [GC (GCLocker Initiated GC) [PSYoungGen: 175320K->25207K(195072K)] 539607K->390022K(719360K), 0.0073805 secs] [Times: user=0.05 sys=0.00, real=0.01 secs] 
2016-09-25T21:30:24.974-0400: 15.921: [GC (GCLocker Initiated GC) [PSYoungGen: 156279K->38672K(196608K)] 521220K->404232K(720896K), 0.0055796 secs] [Times: user=0.04 sys=0.00, real=0.01 secs] 
2016-09-25T21:30:25.068-0400: 16.015: [GC (GCLocker Initiated GC) [PSYoungGen: 171280K->44187K(196608K)] 539575K->421094K(720896K), 0.0117082 secs] [Times: user=0.12 sys=0.00, real=0.01 secs] 
2016-09-25T21:30:25.179-0400: 16.127: [GC (GCLocker Initiated GC) [PSYoungGen: 176795K->42879K(195584K)] 553755K->442034K(719872K), 0.0090930 secs] [Times: user=0.09 sys=0.00, real=0.01 secs] 
2016-09-25T21:30:25.294-0400: 16.242: [GC (GCLocker Initiated GC) [PSYoungGen: 178559K->46923K(196096K)] 577774K->465620K(720384K), 0.0066528 secs] [Times: user=0.06 sys=0.00, real=0.01 secs] 
2016-09-25T21:30:25.416-0400: 16.364: [GC (GCLocker Initiated GC) [PSYoungGen: 182603K->37454K(200704K)] 601347K->473013K(724992K), 0.0059101 secs] [Times: user=0.04 sys=0.00, real=0.00 secs] 
2016-09-25T21:30:25.526-0400: 16.474: [GC (GCLocker Initiated GC) [PSYoungGen: 178766K->40132K(201216K)] 617029K->478959K(725504K), 0.0054764 secs] [Times: user=0.05 sys=0.00, real=0.00 secs] 
2016-09-25T21:30:25.649-0400: 16.596: [GC (GCLocker Initiated GC) [PSYoungGen: 181444K->28280K(200192K)] 634572K->482030K(724480K), 0.0085999 secs] [Times: user=0.10 sys=0.00, real=0.01 secs] 
2016-09-25T21:30:25.769-0400: 16.716: [GC (GCLocker Initiated GC) [PSYoungGen: 170104K->59220K(201216K)] 623890K->521874K(725504K), 0.0081716 secs] [Times: user=0.09 sys=0.00, real=0.01 secs] 
2016-09-25T21:30:25.898-0400: 16.845: [GC (GCLocker Initiated GC) [PSYoungGen: 201044K->47049K(196096K)] 666562K->534816K(720384K), 0.0087109 secs] [Times: user=0.07 sys=0.00, real=0.01 secs] 
2016-09-25T21:30:26.025-0400: 16.972: [GC (GCLocker Initiated GC) [PSYoungGen: 182217K->47116K(198656K)] 672869K->551953K(722944K), 0.0079885 secs] [Times: user=0.08 sys=0.01, real=0.00 secs] 
2016-09-25T21:30:26.033-0400: 16.981: [Full GC (Ergonomics) [PSYoungGen: 47116K->0K(198656K)] [ParOldGen: 504836K->78259K(524288K)] 551953K->78259K(722944K), [Metaspace: 43222K->43222K(1085440K)], 0.0700167 secs] [Times: user=0.49 sys=0.00, real=0.08 secs] 
2016-09-25T21:30:26.219-0400: 17.167: [GC (GCLocker Initiated GC) [PSYoungGen: 135168K->31298K(198144K)] 221637K->117767K(722432K), 0.0222347 secs] [Times: user=0.27 sys=0.01, real=0.02 secs] 
2016-09-25T21:30:26.351-0400: 17.299: [GC (GCLocker Initiated GC) [PSYoungGen: 166466K->45752K(181248K)] 255664K->156494K(705536K), 0.0246870 secs] [Times: user=0.31 sys=0.00, real=0.03 secs] 
2016-09-25T21:30:26.497-0400: 17.445: [GC (GCLocker Initiated GC) [PSYoungGen: 180920K->21322K(196608K)] 291676K->148984K(720896K), 0.0147048 secs] [Times: user=0.14 sys=0.00, real=0.01 secs] 
2016-09-25T21:30:26.627-0400: 17.574: [GC (GCLocker Initiated GC) [PSYoungGen: 155466K->47002K(198144K)] 285884K->194412K(722432K), 0.0125163 secs] [Times: user=0.14 sys=0.00, real=0.01 secs] 
2016-09-25T21:30:26.747-0400: 17.695: [GC (GCLocker Initiated GC) [PSYoungGen: 181146K->30733K(197120K)] 328668K->195148K(721408K), 0.0054080 secs] [Times: user=0.03 sys=0.00, real=0.00 secs] 
2016-09-25T21:30:26.862-0400: 17.809: [GC (GCLocker Initiated GC) [PSYoungGen: 164877K->43076K(197632K)] 332025K->219134K(721920K), 0.0052316 secs] [Times: user=0.04 sys=0.00, real=0.01 secs] 
2016-09-25T21:30:26.986-0400: 17.934: [GC (GCLocker Initiated GC) [PSYoungGen: 177220K->38999K(195072K)] 355227K->236652K(719360K), 0.0128333 secs] [Times: user=0.12 sys=0.00, real=0.01 secs] 
2016-09-25T21:30:27.111-0400: 18.059: [GC (GCLocker Initiated GC) [PSYoungGen: 175191K->58025K(196608K)] 375577K->278206K(720896K), 0.0104003 secs] [Times: user=0.13 sys=0.00, real=0.01 secs] 
2016-09-25T21:30:27.245-0400: 18.193: [GC (GCLocker Initiated GC) [PSYoungGen: 194217K->33722K(198144K)] 429277K->283103K(722432K), 0.0073599 secs] [Times: user=0.07 sys=0.01, real=0.00 secs] 
2016-09-25T21:30:27.367-0400: 18.315: [GC (GCLocker Initiated GC) [PSYoungGen: 166842K->40430K(173568K)] 416405K->309878K(697856K), 0.0084687 secs] [Times: user=0.07 sys=0.00, real=0.01 secs] 
2016-09-25T21:30:27.491-0400: 18.439: [GC (GCLocker Initiated GC) [PSYoungGen: 173550K->41903K(196608K)] 452595K->337996K(720896K), 0.0099147 secs] [Times: user=0.14 sys=0.00, real=0.01 secs] 
2016-09-25T21:30:27.621-0400: 18.569: [GC (GCLocker Initiated GC) [PSYoungGen: 176559K->58079K(195072K)] 472700K->365959K(719360K), 0.0062137 secs] [Times: user=0.08 sys=0.00, real=0.01 secs] 
2016-09-25T21:30:27.746-0400: 18.693: [GC (GCLocker Initiated GC) [PSYoungGen: 192735K->43100K(199680K)] 500707K->362691K(723968K), 0.0076257 secs] [Times: user=0.08 sys=0.00, real=0.00 secs] 
2016-09-25T21:30:27.871-0400: 18.818: [GC (GCLocker Initiated GC) [PSYoungGen: 178268K->40350K(175616K)] 507389K->370281K(699904K), 0.0169651 secs] [Times: user=0.17 sys=0.00, real=0.02 secs] 
2016-09-25T21:30:27.999-0400: 18.946: [GC (GCLocker Initiated GC) [PSYoungGen: 175518K->48211K(195584K)] 505602K->379031K(719872K), 0.0218891 secs] [Times: user=0.29 sys=0.00, real=0.02 secs] 
2016-09-25T21:30:28.120-0400: 19.067: [GC (GCLocker Initiated GC) [PSYoungGen: 182867K->50930K(196096K)] 513742K->382406K(720384K), 0.0123206 secs] [Times: user=0.12 sys=0.00, real=0.01 secs] 
2016-09-25T21:30:28.253-0400: 19.200: [GC (GCLocker Initiated GC) [PSYoungGen: 185586K->30550K(198656K)] 519858K->368053K(722944K), 0.0458922 secs] [Times: user=0.44 sys=0.01, real=0.05 secs] 
2016-09-25T21:30:28.400-0400: 19.347: [GC (GCLocker Initiated GC) [PSYoungGen: 166742K->26443K(162816K)] 504261K->380724K(687104K), 0.0100796 secs] [Times: user=0.07 sys=0.01, real=0.01 secs] 
2016-09-25T21:30:28.546-0400: 19.493: [GC (GCLocker Initiated GC) [PSYoungGen: 162635K->45549K(199168K)] 523847K->420806K(723456K), 0.0136327 secs] [Times: user=0.14 sys=0.00, real=0.01 secs] 
2016-09-25T21:30:28.692-0400: 19.640: [GC (GCLocker Initiated GC) [PSYoungGen: 181229K->61736K(197632K)] 556540K->440386K(721920K), 0.0105563 secs] [Times: user=0.10 sys=0.00, real=0.02 secs] 
2016-09-25T21:30:28.816-0400: 19.763: [GC (GCLocker Initiated GC) [PSYoungGen: 197416K->47029K(192512K)] 578229K->428387K(716800K), 0.0083157 secs] [Times: user=0.09 sys=0.01, real=0.01 secs] 
2016-09-25T21:30:28.955-0400: 19.903: [GC (Allocation Failure) [PSYoungGen: 175029K->41436K(195072K)] 556416K->442300K(719360K), 0.0097936 secs] [Times: user=0.10 sys=0.01, real=0.01 secs] 
2016-09-25T21:30:29.071-0400: 20.018: [GC (GCLocker Initiated GC) [PSYoungGen: 168912K->30522K(194048K)] 572477K->442714K(718336K), 0.0197920 secs] [Times: user=0.20 sys=0.00, real=0.02 secs] 
2016-09-25T21:30:29.199-0400: 20.146: [GC (GCLocker Initiated GC) [PSYoungGen: 160058K->29134K(195072K)] 580355K->449917K(719360K), 0.0088315 secs] [Times: user=0.08 sys=0.00, real=0.01 secs] 
2016-09-25T21:30:29.338-0400: 20.285: [GC (GCLocker Initiated GC) [PSYoungGen: 158670K->55011K(191488K)] 579590K->476483K(715776K), 0.0294614 secs] [Times: user=0.24 sys=0.00, real=0.03 secs] 
2016-09-25T21:30:29.473-0400: 20.421: [GC (GCLocker Initiated GC) [PSYoungGen: 180963K->29136K(194048K)] 605318K->470198K(718336K), 0.0242955 secs] [Times: user=0.22 sys=0.00, real=0.03 secs] 
2016-09-25T21:30:29.622-0400: 20.569: [GC (GCLocker Initiated GC) [PSYoungGen: 155088K->21081K(193024K)] 611219K->477702K(717312K), 0.0097962 secs] [Times: user=0.09 sys=0.00, real=0.01 secs] 
2016-09-25T21:30:29.763-0400: 20.710: [GC (GCLocker Initiated GC) [PSYoungGen: 146009K->30551K(155648K)] 610782K->495876K(679936K), 0.0196182 secs] [Times: user=0.18 sys=0.00, real=0.02 secs] 
2016-09-25T21:30:29.867-0400: 20.815: [GC (GCLocker Initiated GC) [PSYoungGen: 155479K->34615K(194560K)] 627724K->507351K(718848K), 0.0123185 secs] [Times: user=0.14 sys=0.00, real=0.01 secs] 
2016-09-25T21:30:29.992-0400: 20.939: [GC (GCLocker Initiated GC) [PSYoungGen: 162103K->36051K(192512K)] 647083K->521559K(716800K), 0.0379049 secs] [Times: user=0.47 sys=0.00, real=0.04 secs] 
2016-09-25T21:30:30.132-0400: 21.080: [GC (GCLocker Initiated GC) [PSYoungGen: 163539K->25095K(193024K)] 657326K->538325K(717312K), 0.0062910 secs] [Times: user=0.05 sys=0.00, real=0.01 secs] 
2016-09-25T21:30:30.139-0400: 21.086: [Full GC (Ergonomics) [PSYoungGen: 25095K->0K(193024K)] [ParOldGen: 513230K->96911K(524288K)] 538325K->96911K(717312K), [Metaspace: 43228K->43228K(1085440K)], 0.0689030 secs] [Times: user=0.43 sys=0.02, real=0.07 secs] 
2016-09-25T21:30:30.321-0400: 21.269: [GC (GCLocker Initiated GC) [PSYoungGen: 130560K->45925K(192512K)] 235596K->150969K(716800K), 0.0094988 secs] [Times: user=0.11 sys=0.00, real=0.01 secs] 
2016-09-25T21:30:30.451-0400: 21.398: [GC (GCLocker Initiated GC) [PSYoungGen: 176485K->33274K(198144K)] 285581K->143217K(722432K), 0.0046305 secs] [Times: user=0.03 sys=0.00, real=0.01 secs] 
2016-09-25T21:30:30.573-0400: 21.520: [GC (GCLocker Initiated GC) [PSYoungGen: 170490K->50942K(188416K)] 280443K->161449K(712704K), 0.0053816 secs] [Times: user=0.06 sys=0.00, real=0.01 secs] 
2016-09-25T21:30:30.684-0400: 21.632: [GC (GCLocker Initiated GC) [PSYoungGen: 188158K->37372K(200704K)] 300148K->160683K(724992K), 0.0100524 secs] [Times: user=0.09 sys=0.00, real=0.01 secs] 
2016-09-25T21:30:30.797-0400: 21.745: [GC (GCLocker Initiated GC) [PSYoungGen: 174076K->31798K(168960K)] 297621K->169445K(693248K), 0.0232786 secs] [Times: user=0.22 sys=0.00, real=0.02 secs] 
2016-09-25T21:30:30.923-0400: 21.871: [GC (GCLocker Initiated GC) [PSYoungGen: 168502K->37271K(199168K)] 309016K->178261K(723456K), 0.0049849 secs] [Times: user=0.03 sys=0.00, real=0.00 secs] 
2016-09-25T21:30:31.037-0400: 21.984: [GC (GCLocker Initiated GC) [PSYoungGen: 176023K->49500K(197120K)] 317057K->191090K(721408K), 0.0054894 secs] [Times: user=0.04 sys=0.00, real=0.01 secs] 
2016-09-25T21:30:31.150-0400: 22.098: [GC (GCLocker Initiated GC) [PSYoungGen: 188252K->25235K(200704K)] 342035K->179510K(724992K), 0.0071287 secs] [Times: user=0.02 sys=0.00, real=0.01 secs] 
2016-09-25T21:30:31.269-0400: 22.217: [GC (GCLocker Initiated GC) [PSYoungGen: 165523K->33231K(173568K)] 325230K->193537K(697856K), 0.0114031 secs] [Times: user=0.11 sys=0.00, real=0.01 secs] 
2016-09-25T21:30:31.398-0400: 22.345: [GC (GCLocker Initiated GC) [PSYoungGen: 173519K->27957K(201216K)] 343305K->209070K(725504K), 0.0340393 secs] [Times: user=0.33 sys=0.00, real=0.03 secs] 
2016-09-25T21:30:31.556-0400: 22.504: [GC (GCLocker Initiated GC) [PSYoungGen: 169781K->46793K(200192K)] 350991K->228616K(724480K), 0.0108929 secs] [Times: user=0.12 sys=0.00, real=0.01 secs] 
2016-09-25T21:30:31.684-0400: 22.631: [GC (GCLocker Initiated GC) [PSYoungGen: 188617K->14582K(198656K)] 381516K->240463K(722944K), 0.0072353 secs] [Times: user=0.09 sys=0.00, real=0.00 secs] 
2016-09-25T21:30:31.798-0400: 22.746: [GC (GCLocker Initiated GC) [PSYoungGen: 152822K->51099K(189440K)] 381562K->280553K(713728K), 0.0255732 secs] [Times: user=0.35 sys=0.01, real=0.03 secs] 
2016-09-25T21:30:31.940-0400: 22.888: [GC (GCLocker Initiated GC) [PSYoungGen: 189339K->46928K(195072K)] 418819K->276957K(719360K), 0.0112938 secs] [Times: user=0.14 sys=0.01, real=0.01 secs] 
2016-09-25T21:30:37.603-0400: 28.550: [GC (GCLocker Initiated GC) [PSYoungGen: 176976K->44152K(196096K)] 407065K->285645K(720384K), 0.0159964 secs] [Times: user=0.11 sys=0.02, real=0.01 secs] 
2016-09-25T21:30:37.724-0400: 28.672: [GC (GCLocker Initiated GC) [PSYoungGen: 174200K->35920K(191488K)] 415793K->294209K(715776K), 0.0259781 secs] [Times: user=0.26 sys=0.01, real=0.02 secs] 
2016-09-25T21:30:37.877-0400: 28.824: [GC (GCLocker Initiated GC) [PSYoungGen: 166480K->48150K(194048K)] 430243K->315105K(718336K), 0.0093683 secs] [Times: user=0.09 sys=0.00, real=0.01 secs] 
2016-09-25T21:30:38.020-0400: 28.968: [GC (GCLocker Initiated GC) [PSYoungGen: 178710K->27716K(198144K)] 448587K->300809K(722432K), 0.0117273 secs] [Times: user=0.08 sys=0.00, real=0.01 secs] 
2016-09-25T21:30:38.147-0400: 29.095: [GC (GCLocker Initiated GC) [PSYoungGen: 161348K->53566K(187392K)] 437193K->340727K(711680K), 0.0092609 secs] [Times: user=0.06 sys=0.01, real=0.01 secs] 
2016-09-25T21:30:38.282-0400: 29.229: [GC (GCLocker Initiated GC) [PSYoungGen: 187198K->30536K(196096K)] 476056K->341558K(720384K), 0.0275940 secs] [Times: user=0.34 sys=0.01, real=0.03 secs] 
2016-09-25T21:30:38.426-0400: 29.374: [GC (GCLocker Initiated GC) [PSYoungGen: 159560K->46823K(195072K)] 476220K->363967K(719360K), 0.0059481 secs] [Times: user=0.06 sys=0.00, real=0.00 secs] 
2016-09-25T21:30:38.561-0400: 29.508: [GC (GCLocker Initiated GC) [PSYoungGen: 175847K->44122K(194560K)] 495738K->372620K(718848K), 0.0133979 secs] [Times: user=0.12 sys=0.00, real=0.02 secs] 
2016-09-25T21:30:38.687-0400: 29.634: [GC (GCLocker Initiated GC) [PSYoungGen: 173658K->37261K(195072K)] 502158K->379744K(719360K), 0.0096242 secs] [Times: user=0.08 sys=0.00, real=0.01 secs] 
2016-09-25T21:30:38.816-0400: 29.764: [GC (GCLocker Initiated GC) [PSYoungGen: 166797K->46745K(195072K)] 509457K->389872K(719360K), 0.0345141 secs] [Times: user=0.32 sys=0.00, real=0.03 secs] 
2016-09-25T21:30:38.973-0400: 29.920: [GC (GCLocker Initiated GC) [PSYoungGen: 178329K->33205K(195072K)] 524364K->398608K(719360K), 0.0096598 secs] [Times: user=0.07 sys=0.00, real=0.02 secs] 
2016-09-25T21:30:39.084-0400: 30.031: [GC (GCLocker Initiated GC) [PSYoungGen: 164789K->48247K(196608K)] 530205K->427648K(720896K), 0.0095189 secs] [Times: user=0.09 sys=0.00, real=0.00 secs] 
2016-09-25T21:30:39.208-0400: 30.156: [GC (GCLocker Initiated GC) [PSYoungGen: 182391K->53647K(187904K)] 561983K->433691K(712192K), 0.0150892 secs] [Times: user=0.16 sys=0.00, real=0.02 secs] 
2016-09-25T21:30:39.344-0400: 30.292: [GC (GCLocker Initiated GC) [PSYoungGen: 187791K->60422K(186880K)] 571948K->458581K(711168K), 0.0209436 secs] [Times: user=0.21 sys=0.02, real=0.02 secs] 
2016-09-25T21:30:39.475-0400: 30.422: [GC (GCLocker Initiated GC) [PSYoungGen: 181254K->29315K(191488K)] 590443K->455277K(715776K), 0.0055090 secs] [Times: user=0.05 sys=0.00, real=0.00 secs] 
2016-09-25T21:30:39.581-0400: 30.528: [GC (GCLocker Initiated GC) [PSYoungGen: 150147K->59079K(184832K)] 579059K->488484K(709120K), 0.0107636 secs] [Times: user=0.13 sys=0.01, real=0.01 secs] 
2016-09-25T21:30:39.702-0400: 30.650: [GC (GCLocker Initiated GC) [PSYoungGen: 173767K->31854K(188416K)] 614007K->472563K(712704K), 0.0175022 secs] [Times: user=0.19 sys=0.01, real=0.02 secs] 
2016-09-25T21:30:39.824-0400: 30.772: [GC (GCLocker Initiated GC) [PSYoungGen: 146542K->34615K(184320K)] 595354K->500088K(708608K), 0.0127835 secs] [Times: user=0.12 sys=0.01, real=0.01 secs] 
2016-09-25T21:30:39.946-0400: 30.894: [GC (GCLocker Initiated GC) [PSYoungGen: 150327K->46845K(186880K)] 623953K->520928K(711168K), 0.0051259 secs] [Times: user=0.06 sys=0.00, real=0.00 secs] 
2016-09-25T21:30:40.049-0400: 30.996: [GC (GCLocker Initiated GC) [PSYoungGen: 162557K->44017K(185856K)] 643268K->525098K(710144K), 0.0067958 secs] [Times: user=0.06 sys=0.01, real=0.01 secs] 
2016-09-25T21:30:40.173-0400: 31.120: [GC (GCLocker Initiated GC) [PSYoungGen: 164849K->34640K(188928K)] 655403K->544528K(713216K), 0.0071059 secs] [Times: user=0.07 sys=0.00, real=0.01 secs] 
2016-09-25T21:30:40.180-0400: 31.128: [Full GC (Ergonomics) [PSYoungGen: 34640K->0K(188928K)] [ParOldGen: 509887K->113006K(524288K)] 544528K->113006K(713216K), [Metaspace: 43257K->43257K(1085440K)], 0.0741210 secs] [Times: user=0.54 sys=0.01, real=0.08 secs] 
2016-09-25T21:30:40.369-0400: 31.316: [GC (GCLocker Initiated GC) [PSYoungGen: 120832K->61931K(185856K)] 234083K->175182K(710144K), 0.0066284 secs] [Times: user=0.09 sys=0.01, real=0.01 secs] 
2016-09-25T21:30:40.484-0400: 31.431: [GC (GCLocker Initiated GC) [PSYoungGen: 180715K->31752K(190464K)] 306141K->160491K(714752K), 0.0120048 secs] [Times: user=0.07 sys=0.01, real=0.01 secs] 
2016-09-25T21:30:40.602-0400: 31.550: [GC (GCLocker Initiated GC) [PSYoungGen: 150536K->44159K(184832K)] 284723K->178807K(709120K), 0.0126011 secs] [Times: user=0.14 sys=0.00, real=0.01 secs] 
2016-09-25T21:30:40.726-0400: 31.673: [GC (GCLocker Initiated GC) [PSYoungGen: 163455K->49515K(187904K)] 300996K->187535K(712192K), 0.0074894 secs] [Times: user=0.04 sys=0.01, real=0.00 secs] 
2016-09-25T21:30:40.845-0400: 31.792: [GC (GCLocker Initiated GC) [PSYoungGen: 168811K->45338K(190464K)] 306882K->183796K(714752K), 0.0052157 secs] [Times: user=0.04 sys=0.00, real=0.00 secs] 
2016-09-25T21:30:40.949-0400: 31.897: [GC (GCLocker Initiated GC) [PSYoungGen: 170266K->35868K(192000K)] 308740K->185530K(716288K), 0.0204671 secs] [Times: user=0.20 sys=0.01, real=0.02 secs] 
2016-09-25T21:30:41.081-0400: 32.028: [GC (GCLocker Initiated GC) [PSYoungGen: 160796K->44097K(190464K)] 313286K->197043K(714752K), 0.0073092 secs] [Times: user=0.07 sys=0.00, real=0.01 secs] 
2016-09-25T21:30:41.188-0400: 32.135: [GC (GCLocker Initiated GC) [PSYoungGen: 173121K->30557K(193024K)] 339957K->197834K(717312K), 0.0084193 secs] [Times: user=0.07 sys=0.00, real=0.01 secs] 
2016-09-25T21:30:41.324-0400: 32.272: [GC (GCLocker Initiated GC) [PSYoungGen: 159581K->35935K(196096K)] 333634K->210533K(720384K), 0.0104951 secs] [Times: user=0.05 sys=0.00, real=0.01 secs] 
2016-09-25T21:30:41.455-0400: 32.403: [GC (GCLocker Initiated GC) [PSYoungGen: 170079K->42718K(197120K)] 347398K->220513K(721408K), 0.0052590 secs] [Times: user=0.04 sys=0.00, real=0.00 secs] 
2016-09-25T21:30:41.616-0400: 32.563: [GC (GCLocker Initiated GC) [PSYoungGen: 176862K->27831K(198656K)] 364281K->215742K(722944K), 0.0112332 secs] [Times: user=0.09 sys=0.01, real=0.01 secs] 
2016-09-25T21:30:41.740-0400: 32.687: [GC (GCLocker Initiated GC) [PSYoungGen: 165047K->46751K(198656K)] 353065K->235284K(722944K), 0.0315286 secs] [Times: user=0.28 sys=0.00, real=0.03 secs] 
2016-09-25T21:30:41.895-0400: 32.843: [GC (GCLocker Initiated GC) [PSYoungGen: 183967K->41287K(198144K)] 378071K->246646K(722432K), 0.0191107 secs] [Times: user=0.17 sys=0.00, real=0.02 secs] 
2016-09-25T21:30:42.078-0400: 33.026: [GC (GCLocker Initiated GC) [PSYoungGen: 180039K->19591K(199168K)] 392177K->232196K(723456K), 0.0522519 secs] [Times: user=0.41 sys=0.00, real=0.05 secs] 
2016-09-25T21:30:42.288-0400: 33.236: [GC (GCLocker Initiated GC) [PSYoungGen: 158343K->17064K(198144K)] 387339K->265443K(722432K), 0.0154950 secs] [Times: user=0.14 sys=0.00, real=0.02 secs] 
2016-09-25T21:30:42.446-0400: 33.393: [GC (GCLocker Initiated GC) [PSYoungGen: 153256K->39905K(199168K)] 407113K->294291K(723456K), 0.0181899 secs] [Times: user=0.16 sys=0.00, real=0.02 secs] 
2016-09-25T21:30:42.589-0400: 33.536: [GC (GCLocker Initiated GC) [PSYoungGen: 176097K->23705K(198144K)] 438630K->308329K(722432K), 0.0065652 secs] [Times: user=0.05 sys=0.01, real=0.01 secs] 
2016-09-25T21:30:42.766-0400: 33.713: [GC (GCLocker Initiated GC) [PSYoungGen: 160921K->42701K(198656K)] 458029K->340349K(722944K), 0.0066392 secs] [Times: user=0.05 sys=0.01, real=0.00 secs] 
2016-09-25T21:30:42.894-0400: 33.841: [GC (GCLocker Initiated GC) [PSYoungGen: 179917K->57506K(189440K)] 477658K->355738K(713728K), 0.0119889 secs] [Times: user=0.08 sys=0.00, real=0.02 secs] 
2016-09-25T21:30:43.035-0400: 33.982: [GC (GCLocker Initiated GC) [PSYoungGen: 185506K->31836K(195072K)] 487821K->348121K(719360K), 0.0142219 secs] [Times: user=0.13 sys=0.01, real=0.01 secs] 
2016-09-25T21:30:43.172-0400: 34.120: [GC (GCLocker Initiated GC) [PSYoungGen: 159836K->45624K(193536K)] 488308K->374593K(717824K), 0.0231793 secs] [Times: user=0.24 sys=0.00, real=0.03 secs] 
2016-09-25T21:30:43.303-0400: 34.251: [GC (GCLocker Initiated GC) [PSYoungGen: 175160K->45355K(195072K)] 504193K->385694K(719360K), 0.0224024 secs] [Times: user=0.20 sys=0.01, real=0.02 secs] 
2016-09-25T21:30:43.447-0400: 34.394: [GC (GCLocker Initiated GC) [PSYoungGen: 174891K->58918K(187392K)] 520724K->405228K(711680K), 0.0254433 secs] [Times: user=0.28 sys=0.00, real=0.02 secs] 
2016-09-25T21:30:43.585-0400: 34.532: [GC (GCLocker Initiated GC) [PSYoungGen: 180774K->58921K(181248K)] 529833K->411156K(705536K), 0.0145268 secs] [Times: user=0.16 sys=0.00, real=0.01 secs] 
2016-09-25T21:30:43.710-0400: 34.658: [GC (GCLocker Initiated GC) [PSYoungGen: 180777K->52421K(187392K)] 538500K->424147K(711680K), 0.0095275 secs] [Times: user=0.13 sys=0.00, real=0.01 secs] 
2016-09-25T21:30:43.827-0400: 34.774: [GC (GCLocker Initiated GC) [PSYoungGen: 166085K->42732K(156672K)] 547276K->424406K(680960K), 0.0062100 secs] [Times: user=0.05 sys=0.00, real=0.00 secs] 
2016-09-25T21:30:43.945-0400: 34.893: [GC (GCLocker Initiated GC) [PSYoungGen: 156396K->37192K(187904K)] 543488K->424742K(712192K), 0.0116917 secs] [Times: user=0.14 sys=0.00, real=0.01 secs] 
2016-09-25T21:30:44.071-0400: 35.019: [GC (GCLocker Initiated GC) [PSYoungGen: 153416K->53462K(185856K)] 541056K->441516K(710144K), 0.0102643 secs] [Times: user=0.12 sys=0.00, real=0.01 secs] 
2016-09-25T21:30:44.183-0400: 35.131: [GC (GCLocker Initiated GC) [PSYoungGen: 169686K->37510K(190976K)] 560444K->442203K(715264K), 0.0120906 secs] [Times: user=0.15 sys=0.02, real=0.01 secs] 
2016-09-25T21:30:44.311-0400: 35.258: [GC (GCLocker Initiated GC) [PSYoungGen: 158854K->38561K(160256K)] 566483K->446674K(684544K), 0.0085111 secs] [Times: user=0.07 sys=0.00, real=0.01 secs] 
2016-09-25T21:30:44.439-0400: 35.387: [GC (GCLocker Initiated GC) [PSYoungGen: 159905K->31958K(190976K)] 577677K->450186K(715264K), 0.0327272 secs] [Times: user=0.35 sys=0.00, real=0.03 secs] 
2016-09-25T21:30:44.595-0400: 35.542: [GC (GCLocker Initiated GC) [PSYoungGen: 155350K->40062K(190464K)] 574957K->460234K(714752K), 0.0229510 secs] [Times: user=0.25 sys=0.00, real=0.02 secs] 
2016-09-25T21:30:44.717-0400: 35.665: [GC (GCLocker Initiated GC) [PSYoungGen: 163454K->37334K(193536K)] 586519K->463619K(717824K), 0.0153121 secs] [Times: user=0.12 sys=0.01, real=0.01 secs] 
2016-09-25T21:30:44.842-0400: 35.789: [GC (GCLocker Initiated GC) [PSYoungGen: 166358K->33142K(192512K)] 598116K->465349K(716800K), 0.0184373 secs] [Times: user=0.17 sys=0.01, real=0.02 secs] 
2016-09-25T21:30:44.972-0400: 35.919: [GC (GCLocker Initiated GC) [PSYoungGen: 162166K->38497K(197120K)] 594470K->471255K(721408K), 0.0120067 secs] [Times: user=0.12 sys=0.00, real=0.02 secs] 
2016-09-25T21:30:45.115-0400: 36.063: [GC (GCLocker Initiated GC) [PSYoungGen: 174177K->30503K(196608K)] 613774K->492150K(720896K), 0.0163172 secs] [Times: user=0.18 sys=0.00, real=0.01 secs] 
2016-09-25T21:30:45.247-0400: 36.194: [GC (GCLocker Initiated GC) [PSYoungGen: 166183K->46735K(199680K)] 635952K->516987K(723968K), 0.0135804 secs] [Times: user=0.15 sys=0.00, real=0.01 secs] 
2016-09-25T21:30:45.392-0400: 36.340: [GC (GCLocker Initiated GC) [PSYoungGen: 185999K->27909K(200192K)] 661731K->517649K(724480K), 0.0137924 secs] [Times: user=0.14 sys=0.00, real=0.02 secs] 
2016-09-25T21:30:45.546-0400: 36.494: [GC (GCLocker Initiated GC) [PSYoungGen: 167173K->37300K(197120K)] 667765K->538433K(721408K), 0.0110403 secs] [Times: user=0.10 sys=0.00, real=0.01 secs] 
2016-09-25T21:30:45.683-0400: 36.630: [Full GC (Ergonomics) [PSYoungGen: 177588K->0K(197120K)] [ParOldGen: 502500K->124350K(524288K)] 680089K->124350K(721408K), [Metaspace: 43398K->43398K(1085440K)], 0.0798443 secs] [Times: user=0.44 sys=0.02, real=0.08 secs] 
2016-09-25T21:30:45.903-0400: 36.850: [GC (Allocation Failure) [PSYoungGen: 140288K->34739K(199168K)] 272749K->167200K(723456K), 0.0048333 secs] [Times: user=0.03 sys=0.00, real=0.00 secs] 
2016-09-25T21:30:46.028-0400: 36.975: [GC (GCLocker Initiated GC) [PSYoungGen: 174121K->36170K(199168K)] 314682K->186890K(723456K), 0.0371389 secs] [Times: user=0.39 sys=0.00, real=0.04 secs] 
2016-09-25T21:30:46.214-0400: 37.161: [GC (GCLocker Initiated GC) [PSYoungGen: 181578K->46965K(201728K)] 332413K->198445K(726016K), 0.0180780 secs] [Times: user=0.16 sys=0.00, real=0.02 secs] 
2016-09-25T21:30:46.349-0400: 37.297: [GC (GCLocker Initiated GC) [PSYoungGen: 192373K->41607K(204800K)] 344020K->212899K(729088K), 0.0179380 secs] [Times: user=0.17 sys=0.00, real=0.02 secs] 
2016-09-25T21:30:46.563-0400: 37.510: [GC (GCLocker Initiated GC) [PSYoungGen: 189063K->39294K(186880K)] 367289K->226447K(711168K), 0.0116610 secs] [Times: user=0.12 sys=0.00, real=0.01 secs] 
2016-09-25T21:30:46.764-0400: 37.711: [GC (GCLocker Initiated GC) [PSYoungGen: 186750K->39204K(204800K)] 376676K->243649K(729088K), 0.0057461 secs] [Times: user=0.05 sys=0.00, real=0.00 secs] 
2016-09-25T21:30:46.956-0400: 37.904: [GC (GCLocker Initiated GC) [PSYoungGen: 188708K->46093K(203264K)] 398705K->257070K(727552K), 0.0058131 secs] [Times: user=0.05 sys=0.00, real=0.00 secs] 
2016-09-25T21:30:47.148-0400: 38.095: [GC (GCLocker Initiated GC) [PSYoungGen: 195597K->32373K(207872K)] 411976K->249847K(732160K), 0.0129347 secs] [Times: user=0.11 sys=0.00, real=0.01 secs] 
2016-09-25T21:30:47.311-0400: 38.259: [GC (GCLocker Initiated GC) [PSYoungGen: 185461K->33954K(187392K)] 416471K->265983K(711680K), 0.0092590 secs] [Times: user=0.09 sys=0.01, real=0.01 secs] 
2016-09-25T21:30:47.503-0400: 38.451: [GC (GCLocker Initiated GC) [PSYoungGen: 187042K->28580K(206336K)] 431353K->303825K(730624K), 0.0189260 secs] [Times: user=0.21 sys=0.00, real=0.02 secs] 
2016-09-25T21:30:50.386-0400: 41.333: [GC (GCLocker Initiated GC) [PSYoungGen: 181156K->51396K(204288K)] 456434K->327782K(728576K), 0.0064467 secs] [Times: user=0.05 sys=0.00, real=0.00 secs] 
2016-09-25T21:30:50.560-0400: 41.508: [GC (GCLocker Initiated GC) [PSYoungGen: 203972K->31117K(205312K)] 488517K->322108K(729600K), 0.0054004 secs] [Times: user=0.04 sys=0.00, real=0.01 secs] 
2016-09-25T21:30:50.738-0400: 41.686: [GC (GCLocker Initiated GC) [PSYoungGen: 179085K->44793K(193024K)] 478265K->345085K(717312K), 0.0126353 secs] [Times: user=0.10 sys=0.00, real=0.01 secs] 
2016-09-25T21:30:50.896-0400: 41.843: [GC (GCLocker Initiated GC) [PSYoungGen: 192761K->29526K(204800K)] 495779K->344357K(729088K), 0.0156055 secs] [Times: user=0.16 sys=0.00, real=0.01 secs] 
2016-09-25T21:30:51.067-0400: 42.015: [GC (GCLocker Initiated GC) [PSYoungGen: 176470K->47169K(194560K)] 496734K->379041K(718848K), 0.0092392 secs] [Times: user=0.08 sys=0.01, real=0.01 secs] 
2016-09-25T21:30:51.217-0400: 42.165: [GC (GCLocker Initiated GC) [PSYoungGen: 194113K->34737K(204288K)] 526018K->378328K(728576K), 0.0153553 secs] [Times: user=0.11 sys=0.00, real=0.01 secs] 
2016-09-25T21:30:51.382-0400: 42.329: [GC (GCLocker Initiated GC) [PSYoungGen: 180145K->28063K(173568K)] 536104K->387398K(697856K), 0.0087881 secs] [Times: user=0.07 sys=0.00, real=0.01 secs] 
2016-09-25T21:30:51.558-0400: 42.506: [GC (GCLocker Initiated GC) [PSYoungGen: 173471K->26873K(202752K)] 549228K->403397K(727040K), 0.0116899 secs] [Times: user=0.12 sys=0.01, real=0.01 secs] 
2016-09-25T21:30:51.728-0400: 42.675: [GC (GCLocker Initiated GC) [PSYoungGen: 172281K->30905K(202752K)] 559672K->419041K(727040K), 0.0184553 secs] [Times: user=0.18 sys=0.00, real=0.02 secs] 
2016-09-25T21:30:51.888-0400: 42.836: [GC (GCLocker Initiated GC) [PSYoungGen: 176313K->48491K(200704K)] 572619K->445546K(724992K), 0.0129099 secs] [Times: user=0.19 sys=0.00, real=0.01 secs] 
2016-09-25T21:30:52.049-0400: 42.997: [GC (GCLocker Initiated GC) [PSYoungGen: 192875K->51130K(195584K)] 589932K->448932K(719872K), 0.0092459 secs] [Times: user=0.08 sys=0.00, real=0.01 secs] 
2016-09-25T21:30:52.211-0400: 43.158: [GC (GCLocker Initiated GC) [PSYoungGen: 195514K->43041K(200704K)] 600296K->448453K(724992K), 0.0126094 secs] [Times: user=0.13 sys=0.00, real=0.02 secs] 
2016-09-25T21:30:52.358-0400: 43.306: [GC (GCLocker Initiated GC) [PSYoungGen: 181793K->52666K(191488K)] 590091K->461771K(715776K), 0.0103418 secs] [Times: user=0.12 sys=0.00, real=0.01 secs] 
2016-09-25T21:30:52.523-0400: 43.471: [GC (GCLocker Initiated GC) [PSYoungGen: 191418K->33327K(199168K)] 600562K->443173K(723456K), 0.0452589 secs] [Times: user=0.39 sys=0.00, real=0.04 secs] 
2016-09-25T21:30:55.741-0400: 46.689: [GC (GCLocker Initiated GC) [PSYoungGen: 168495K->36359K(172032K)] 581103K->463170K(696320K), 0.0247939 secs] [Times: user=0.28 sys=0.01, real=0.03 secs] 
2016-09-25T21:30:55.947-0400: 46.894: [GC (GCLocker Initiated GC) [PSYoungGen: 171527K->34993K(198144K)] 606701K->487109K(722432K), 0.0150094 secs] [Times: user=0.17 sys=0.01, real=0.01 secs] 
2016-09-25T21:30:56.088-0400: 47.036: [GC (Allocation Failure) [PSYoungGen: 171697K->38900K(196608K)] 626747K->494728K(720896K), 0.0214938 secs] [Times: user=0.21 sys=0.00, real=0.02 secs] 
2016-09-25T21:30:56.244-0400: 47.192: [GC (GCLocker Initiated GC) [PSYoungGen: 175374K->28435K(198656K)] 633903K->495931K(722944K), 0.0116651 secs] [Times: user=0.09 sys=0.01, real=0.01 secs] 
2016-09-25T21:30:56.390-0400: 47.338: [GC (GCLocker Initiated GC) [PSYoungGen: 169235K->34881K(198656K)] 642224K->508636K(722944K), 0.0086129 secs] [Times: user=0.08 sys=0.00, real=0.01 secs] 
2016-09-25T21:30:56.531-0400: 47.478: [GC (GCLocker Initiated GC) [PSYoungGen: 175681K->41760K(203264K)] 654861K->535340K(727552K), 0.0095496 secs] [Times: user=0.10 sys=0.01, real=0.01 secs] 
2016-09-25T21:30:56.685-0400: 47.632: [GC (GCLocker Initiated GC) [PSYoungGen: 188704K->24083K(202752K)] 688056K->529687K(727040K), 0.0055679 secs] [Times: user=0.05 sys=0.00, real=0.00 secs] 
2016-09-25T21:30:56.691-0400: 47.638: [Full GC (Ergonomics) [PSYoungGen: 24083K->0K(202752K)] [ParOldGen: 505604K->148538K(524288K)] 529687K->148538K(727040K), [Metaspace: 43447K->43447K(1085440K)], 0.0674744 secs] [Times: user=0.48 sys=0.02, real=0.07 secs] 
2016-09-25T21:30:56.895-0400: 47.843: [GC (GCLocker Initiated GC) [PSYoungGen: 146944K->35511K(203776K)] 306366K->194934K(728064K), 0.0500952 secs] [Times: user=0.15 sys=0.05, real=0.05 secs] 
2016-09-25T21:30:57.098-0400: 48.046: [GC (GCLocker Initiated GC) [PSYoungGen: 185527K->41647K(204800K)] 345107K->213340K(729088K), 0.0087396 secs] [Times: user=0.09 sys=0.01, real=0.01 secs] 
2016-09-25T21:30:57.235-0400: 48.182: [GC (GCLocker Initiated GC) [PSYoungGen: 191663K->31142K(206336K)] 366356K->212006K(730624K), 0.0051377 secs] [Times: user=0.05 sys=0.01, real=0.00 secs] 
2016-09-25T21:30:57.367-0400: 48.315: [GC (GCLocker Initiated GC) [PSYoungGen: 183718K->28071K(206848K)] 367311K->215262K(731136K), 0.0257576 secs] [Times: user=0.25 sys=0.02, real=0.02 secs] 
2016-09-25T21:30:57.564-0400: 48.511: [GC (GCLocker Initiated GC) [PSYoungGen: 180647K->41891K(207360K)] 370653K->240876K(731648K), 0.0188531 secs] [Times: user=0.11 sys=0.01, real=0.02 secs] 
2016-09-25T21:30:57.714-0400: 48.661: [GC (GCLocker Initiated GC) [PSYoungGen: 195491K->43183K(197120K)] 394531K->256602K(721408K), 0.0056076 secs] [Times: user=0.04 sys=0.00, real=0.01 secs] 
2016-09-25T21:30:57.994-0400: 48.941: [GC (GCLocker Initiated GC) [PSYoungGen: 196783K->26690K(207360K)] 410235K->254572K(731648K), 0.0077205 secs] [Times: user=0.07 sys=0.00, real=0.01 secs] 
2016-09-25T21:30:58.142-0400: 49.089: [GC (GCLocker Initiated GC) [PSYoungGen: 178754K->28141K(180224K)] 409370K->259549K(704512K), 0.0096475 secs] [Times: user=0.10 sys=0.03, real=0.01 secs] 
2016-09-25T21:30:58.272-0400: 49.220: [GC (GCLocker Initiated GC) [PSYoungGen: 180205K->24481K(206336K)] 430694K->292071K(730624K), 0.0084905 secs] [Times: user=0.09 sys=0.01, real=0.01 secs] 
2016-09-25T21:30:58.405-0400: 49.353: [GC (GCLocker Initiated GC) [PSYoungGen: 176545K->34945K(206336K)] 453812K->313111K(730624K), 0.0091111 secs] [Times: user=0.08 sys=0.02, real=0.01 secs] 
2016-09-25T21:30:58.541-0400: 49.489: [GC (GCLocker Initiated GC) [PSYoungGen: 187009K->25435K(206848K)] 473509K->312738K(731136K), 0.0065587 secs] [Times: user=0.05 sys=0.02, real=0.01 secs] 
2016-09-25T21:30:58.667-0400: 49.614: [GC (GCLocker Initiated GC) [PSYoungGen: 179547K->48582K(202752K)] 474978K->344852K(727040K), 0.0241931 secs] [Times: user=0.35 sys=0.02, real=0.02 secs] 
2016-09-25T21:30:58.809-0400: 49.757: [GC (GCLocker Initiated GC) [PSYoungGen: 202694K->34950K(207872K)] 498970K->350938K(732160K), 0.0093525 secs] [Times: user=0.11 sys=0.00, real=0.01 secs] 
2016-09-25T21:30:58.931-0400: 49.878: [GC (GCLocker Initiated GC) [PSYoungGen: 186502K->54019K(205824K)] 502508K->386984K(730112K), 0.0086331 secs] [Times: user=0.11 sys=0.00, real=0.01 secs] 
2016-09-25T21:30:59.081-0400: 50.028: [GC (GCLocker Initiated GC) [PSYoungGen: 205571K->55300K(190464K)] 538577K->413447K(714752K), 0.0075355 secs] [Times: user=0.10 sys=0.00, real=0.01 secs] 
2016-09-25T21:30:59.209-0400: 50.156: [GC (GCLocker Initiated GC) [PSYoungGen: 189444K->33643K(198144K)] 563820K->435784K(722432K), 0.0082752 secs] [Times: user=0.12 sys=0.00, real=0.01 secs] 
2016-09-25T21:30:59.333-0400: 50.281: [GC (GCLocker Initiated GC) [PSYoungGen: 167787K->51117K(195584K)] 570229K->457102K(719872K), 0.0150529 secs] [Times: user=0.18 sys=0.00, real=0.02 secs] 
2016-09-25T21:30:59.460-0400: 50.408: [GC (GCLocker Initiated GC) [PSYoungGen: 184237K->45718K(197632K)] 594379K->470015K(721920K), 0.0139696 secs] [Times: user=0.14 sys=0.00, real=0.02 secs] 
2016-09-25T21:30:59.594-0400: 50.541: [GC (GCLocker Initiated GC) [PSYoungGen: 178838K->40317K(192512K)] 603335K->465487K(716800K), 0.0120686 secs] [Times: user=0.10 sys=0.02, real=0.02 secs] 
2016-09-25T21:30:59.720-0400: 50.668: [GC (GCLocker Initiated GC) [PSYoungGen: 173437K->48322K(195072K)] 598965K->488020K(719360K), 0.0095822 secs] [Times: user=0.10 sys=0.01, real=0.01 secs] 
2016-09-25T21:30:59.851-0400: 50.799: [GC (GCLocker Initiated GC) [PSYoungGen: 181442K->38768K(198144K)] 621174K->479148K(722432K), 0.0052574 secs] [Times: user=0.04 sys=0.00, real=0.01 secs] 
2016-09-25T21:30:59.971-0400: 50.919: [GC (GCLocker Initiated GC) [PSYoungGen: 175984K->29671K(198656K)] 624582K->492377K(722944K), 0.0111558 secs] [Times: user=0.12 sys=0.00, real=0.02 secs] 
2016-09-25T21:31:00.089-0400: 51.036: [GC (GCLocker Initiated GC) [PSYoungGen: 166887K->53747K(195072K)] 629626K->517281K(719360K), 0.0103244 secs] [Times: user=0.10 sys=0.00, real=0.01 secs] 
2016-09-25T21:31:00.229-0400: 51.177: [GC (GCLocker Initiated GC) [PSYoungGen: 187891K->40557K(198144K)] 655597K->527892K(722432K), 0.0081418 secs] [Times: user=0.09 sys=0.00, real=0.01 secs] 
2016-09-25T21:31:00.364-0400: 51.312: [GC (GCLocker Initiated GC) [PSYoungGen: 174701K->47047K(197120K)] 664855K->546111K(721408K), 0.0128885 secs] [Times: user=0.14 sys=0.00, real=0.01 secs] 
2016-09-25T21:31:00.377-0400: 51.325: [Full GC (Ergonomics) [PSYoungGen: 47047K->0K(197120K)] [ParOldGen: 499063K->174871K(524288K)] 546111K->174871K(721408K), [Metaspace: 43447K->43447K(1085440K)], 0.0677841 secs] [Times: user=0.34 sys=0.01, real=0.07 secs] 
2016-09-25T21:31:00.564-0400: 51.512: [GC (GCLocker Initiated GC) [PSYoungGen: 136192K->35381K(198144K)] 315117K->214307K(722432K), 0.0048954 secs] [Times: user=0.04 sys=0.01, real=0.00 secs] 
2016-09-25T21:31:00.692-0400: 51.639: [GC (GCLocker Initiated GC) [PSYoungGen: 171573K->30926K(200192K)] 353364K->213956K(724480K), 0.0111503 secs] [Times: user=0.09 sys=0.01, real=0.02 secs] 
2016-09-25T21:31:00.815-0400: 51.762: [GC (GCLocker Initiated GC) [PSYoungGen: 170190K->29267K(200192K)] 353230K->237570K(724480K), 0.0246554 secs] [Times: user=0.23 sys=0.00, real=0.02 secs] 
2016-09-25T21:31:00.963-0400: 51.910: [GC (GCLocker Initiated GC) [PSYoungGen: 168531K->42112K(200704K)] 383706K->257996K(724992K), 0.0075011 secs] [Times: user=0.07 sys=0.00, real=0.00 secs] 
2016-09-25T21:31:01.096-0400: 52.044: [GC (GCLocker Initiated GC) [PSYoungGen: 182912K->48632K(200704K)] 399185K->282173K(724992K), 0.0234056 secs] [Times: user=0.28 sys=0.00, real=0.02 secs] 
2016-09-25T21:31:01.239-0400: 52.186: [GC (GCLocker Initiated GC) [PSYoungGen: 189432K->55445K(194048K)] 425817K->295425K(718336K), 0.0140224 secs] [Times: user=0.14 sys=0.01, real=0.01 secs] 
2016-09-25T21:31:01.387-0400: 52.334: [GC (GCLocker Initiated GC) [PSYoungGen: 188565K->47274K(197632K)] 428567K->298953K(721920K), 0.0159302 secs] [Times: user=0.20 sys=0.00, real=0.02 secs] 
2016-09-25T21:31:01.524-0400: 52.472: [GC (GCLocker Initiated GC) [PSYoungGen: 180394K->32453K(196608K)] 434217K->292577K(720896K), 0.0113945 secs] [Times: user=0.11 sys=0.00, real=0.01 secs] 
2016-09-25T21:31:01.655-0400: 52.603: [GC (GCLocker Initiated GC) [PSYoungGen: 165573K->63599K(197120K)] 425749K->341034K(721408K), 0.0082522 secs] [Times: user=0.11 sys=0.01, real=0.01 secs] 
2016-09-25T21:31:01.779-0400: 52.727: [GC (GCLocker Initiated GC) [PSYoungGen: 196719K->54192K(184832K)] 474563K->341091K(709120K), 0.0079905 secs] [Times: user=0.10 sys=0.00, real=0.01 secs] 
2016-09-25T21:31:01.900-0400: 52.848: [GC (GCLocker Initiated GC) [PSYoungGen: 174000K->31088K(190976K)] 473123K->347496K(715264K), 0.0250842 secs] [Times: user=0.37 sys=0.00, real=0.03 secs] 
2016-09-25T21:31:02.079-0400: 53.026: [GC (GCLocker Initiated GC) [PSYoungGen: 150896K->44503K(185856K)] 472843K->367294K(710144K), 0.0135897 secs] [Times: user=0.11 sys=0.00, real=0.01 secs] 
2016-09-25T21:31:02.195-0400: 53.143: [GC (GCLocker Initiated GC) [PSYoungGen: 164311K->50957K(188416K)] 487261K->385538K(712704K), 0.0172031 secs] [Times: user=0.21 sys=0.00, real=0.01 secs] 
2016-09-25T21:31:02.341-0400: 53.288: [GC (GCLocker Initiated GC) [PSYoungGen: 170765K->37449K(190976K)] 510784K->378051K(715264K), 0.0065916 secs] [Times: user=0.06 sys=0.00, real=0.01 secs] 
2016-09-25T21:31:02.481-0400: 53.429: [GC (GCLocker Initiated GC) [PSYoungGen: 161865K->65923K(190464K)] 502505K->407329K(714752K), 0.0102962 secs] [Times: user=0.11 sys=0.01, real=0.01 secs] 
2016-09-25T21:31:02.588-0400: 53.535: [GC (Allocation Failure) [PSYoungGen: 190339K->44517K(190976K)] 534504K->410957K(715264K), 0.0104646 secs] [Times: user=0.11 sys=0.00, real=0.01 secs] 
2016-09-25T21:31:02.599-0400: 53.547: [GC (GCLocker Initiated GC) [PSYoungGen: 44708K->96K(119808K)] 411148K->424161K(644096K), 0.0099270 secs] [Times: user=0.14 sys=0.00, real=0.01 secs] 
2016-09-25T21:31:02.721-0400: 53.669: [GC (Allocation Failure) [PSYoungGen: 117502K->61084K(177664K)] 541567K->485149K(701952K), 0.0100033 secs] [Times: user=0.14 sys=0.00, real=0.01 secs] 
2016-09-25T21:31:02.831-0400: 53.778: [GC (GCLocker Initiated GC) [PSYoungGen: 162460K->42787K(181760K)] 586528K->468027K(706048K), 0.0102349 secs] [Times: user=0.12 sys=0.00, real=0.01 secs] 
2016-09-25T21:31:02.936-0400: 53.883: [GC (GCLocker Initiated GC) [PSYoungGen: 144163K->48415K(179712K)] 574554K->479343K(704000K), 0.0061184 secs] [Times: user=0.08 sys=0.01, real=0.00 secs] 
2016-09-25T21:31:03.058-0400: 54.005: [GC (GCLocker Initiated GC) [PSYoungGen: 153887K->61724K(180736K)] 590270K->498672K(705024K), 0.0138531 secs] [Times: user=0.15 sys=0.00, real=0.01 secs] 
2016-09-25T21:31:03.156-0400: 54.103: [GC (GCLocker Initiated GC) [PSYoungGen: 167196K->34695K(184832K)] 606876K->488433K(709120K), 0.0102042 secs] [Times: user=0.10 sys=0.00, real=0.01 secs] 
2016-09-25T21:31:03.287-0400: 54.235: [GC (GCLocker Initiated GC) [PSYoungGen: 140679K->48194K(154624K)] 594524K->507959K(678912K), 0.0085881 secs] [Times: user=0.04 sys=0.00, real=0.01 secs] 
2016-09-25T21:31:03.371-0400: 54.319: [GC (GCLocker Initiated GC) [PSYoungGen: 154178K->44044K(183808K)] 614210K->507270K(708096K), 0.0203742 secs] [Times: user=0.21 sys=0.00, real=0.02 secs] 
2016-09-25T21:31:03.492-0400: 54.440: [GC (GCLocker Initiated GC) [PSYoungGen: 152588K->51011K(181248K)] 625388K->524374K(705536K), 0.0060552 secs] [Times: user=0.08 sys=0.00, real=0.01 secs] 
2016-09-25T21:31:03.597-0400: 54.545: [GC (GCLocker Initiated GC) [PSYoungGen: 159555K->34721K(187392K)] 638359K->533023K(711680K), 0.0117613 secs] [Times: user=0.14 sys=0.01, real=0.01 secs] 
2016-09-25T21:31:03.609-0400: 54.557: [Full GC (Ergonomics) [PSYoungGen: 34721K->0K(187392K)] [ParOldGen: 498301K->186703K(524288K)] 533023K->186703K(711680K), [Metaspace: 43448K->43448K(1085440K)], 0.0606470 secs] [Times: user=0.39 sys=0.01, real=0.06 secs] 
2016-09-25T21:31:03.763-0400: 54.711: [GC (GCLocker Initiated GC) [PSYoungGen: 115200K->51083K(186368K)] 302043K->237927K(710656K), 0.0086118 secs] [Times: user=0.08 sys=0.00, real=0.00 secs] 
2016-09-25T21:31:03.862-0400: 54.810: [GC (GCLocker Initiated GC) [PSYoungGen: 166283K->37430K(188928K)] 361372K->245379K(713216K), 0.0165696 secs] [Times: user=0.15 sys=0.01, real=0.01 secs] 
2016-09-25T21:31:03.981-0400: 54.928: [GC (GCLocker Initiated GC) [PSYoungGen: 157238K->49461K(189440K)] 365296K->258115K(713728K), 0.0256814 secs] [Times: user=0.28 sys=0.00, real=0.03 secs] 
2016-09-25T21:31:04.116-0400: 55.063: [GC (GCLocker Initiated GC) [PSYoungGen: 169269K->27781K(192000K)] 380735K->245093K(716288K), 0.0051295 secs] [Times: user=0.04 sys=0.00, real=0.00 secs] 
2016-09-25T21:31:04.212-0400: 55.160: [GC (GCLocker Initiated GC) [PSYoungGen: 150661K->43017K(166400K)] 368005K->268979K(690688K), 0.0192857 secs] [Times: user=0.21 sys=0.01, real=0.02 secs] 
2016-09-25T21:31:04.328-0400: 55.276: [GC (GCLocker Initiated GC) [PSYoungGen: 165897K->50926K(189952K)] 391898K->277495K(714240K), 0.0102596 secs] [Times: user=0.15 sys=0.00, real=0.01 secs] 
2016-09-25T21:31:04.440-0400: 55.388: [GC (GCLocker Initiated GC) [PSYoungGen: 173806K->45584K(190464K)] 400437K->272712K(714752K), 0.0106757 secs] [Times: user=0.12 sys=0.00, real=0.01 secs] 
2016-09-25T21:31:04.547-0400: 55.495: [GC (GCLocker Initiated GC) [PSYoungGen: 168464K->39906K(192512K)] 395625K->267596K(716800K), 0.0324590 secs] [Times: user=0.41 sys=0.02, real=0.03 secs] 
2016-09-25T21:31:04.673-0400: 55.620: [GC (GCLocker Initiated GC) [PSYoungGen: 168418K->49602K(193024K)] 398951K->299518K(717312K), 0.0225235 secs] [Times: user=0.31 sys=0.00, real=0.03 secs] 
2016-09-25T21:31:04.818-0400: 55.766: [GC (GCLocker Initiated GC) [PSYoungGen: 178114K->57779K(191488K)] 428075K->308217K(715776K), 0.0065294 secs] [Times: user=0.05 sys=0.00, real=0.01 secs] 
2016-09-25T21:31:04.937-0400: 55.885: [GC (GCLocker Initiated GC) [PSYoungGen: 184755K->41529K(194560K)] 443314K->324845K(718848K), 0.0108584 secs] [Times: user=0.15 sys=0.01, real=0.01 secs] 
2016-09-25T21:31:05.046-0400: 55.993: [GC (GCLocker Initiated GC) [PSYoungGen: 168505K->64231K(185856K)] 451872K->350739K(710144K), 0.0186007 secs] [Times: user=0.23 sys=0.01, real=0.02 secs] 
2016-09-25T21:31:05.149-0400: 56.097: [GC (GCLocker Initiated GC) [PSYoungGen: 184039K->58879K(178688K)] 470563K->359199K(702976K), 0.0087107 secs] [Times: user=0.10 sys=0.00, real=0.01 secs] 
2016-09-25T21:31:05.248-0400: 56.195: [GC (GCLocker Initiated GC) [PSYoungGen: 178687K->34269K(188928K)] 481796K->337678K(713216K), 0.0078682 secs] [Times: user=0.04 sys=0.00, real=0.01 secs] 
2016-09-25T21:31:05.345-0400: 56.292: [GC (GCLocker Initiated GC) [PSYoungGen: 149981K->56180K(172032K)] 458934K->376232K(696320K), 0.0077961 secs] [Times: user=0.11 sys=0.00, real=0.00 secs] 
2016-09-25T21:31:05.436-0400: 56.384: [GC (GCLocker Initiated GC) [PSYoungGen: 171892K->58812K(185344K)] 492017K->379300K(709632K), 0.0067621 secs] [Times: user=0.06 sys=0.00, real=0.01 secs] 
2016-09-25T21:31:05.527-0400: 56.474: [GC (GCLocker Initiated GC) [PSYoungGen: 170428K->50673K(162304K)] 493661K->395888K(686592K), 0.0142762 secs] [Times: user=0.16 sys=0.00, real=0.01 secs] 
2016-09-25T21:31:05.636-0400: 56.583: [GC (GCLocker Initiated GC) [PSYoungGen: 162289K->46594K(187904K)] 507751K->392384K(712192K), 0.0094493 secs] [Times: user=0.12 sys=0.00, real=0.01 secs] 
2016-09-25T21:31:05.748-0400: 56.695: [GC (GCLocker Initiated GC) [PSYoungGen: 161282K->35767K(186368K)] 515220K->389971K(710656K), 0.0240939 secs] [Times: user=0.20 sys=0.00, real=0.02 secs] 
2016-09-25T21:31:05.869-0400: 56.816: [GC (GCLocker Initiated GC) [PSYoungGen: 150455K->25182K(186880K)] 516608K->405304K(711168K), 0.0057938 secs] [Times: user=0.04 sys=0.00, real=0.01 secs] 
2016-09-25T21:31:05.978-0400: 56.925: [GC (GCLocker Initiated GC) [PSYoungGen: 140894K->26291K(188416K)] 526455K->412311K(712704K), 0.0050516 secs] [Times: user=0.03 sys=0.00, real=0.01 secs] 
2016-09-25T21:31:06.080-0400: 57.028: [GC (GCLocker Initiated GC) [PSYoungGen: 142003K->29079K(188928K)] 530760K->418213K(713216K), 0.0071360 secs] [Times: user=0.03 sys=0.01, real=0.01 secs] 
2016-09-25T21:31:06.187-0400: 57.134: [GC (GCLocker Initiated GC) [PSYoungGen: 145303K->38568K(155136K)] 534525K->452500K(679424K), 0.0061125 secs] [Times: user=0.06 sys=0.00, real=0.00 secs] 
2016-09-25T21:31:06.299-0400: 57.246: [GC (GCLocker Initiated GC) [PSYoungGen: 154792K->42605K(189440K)] 568757K->456988K(713728K), 0.0079834 secs] [Times: user=0.07 sys=0.00, real=0.01 secs] 
2016-09-25T21:31:06.395-0400: 57.342: [GC (GCLocker Initiated GC) [PSYoungGen: 161901K->34595K(186880K)] 576288K->454889K(711168K), 0.0058600 secs] [Times: user=0.05 sys=0.00, real=0.00 secs] 
2016-09-25T21:31:06.495-0400: 57.442: [GC (GCLocker Initiated GC) [PSYoungGen: 153891K->26585K(190976K)] 580937K->454188K(715264K), 0.0056433 secs] [Times: user=0.05 sys=0.00, real=0.00 secs] 
2016-09-25T21:31:06.632-0400: 57.579: [GC (GCLocker Initiated GC) [PSYoungGen: 151001K->29195K(190976K)] 585444K->464196K(715264K), 0.0139204 secs] [Times: user=0.13 sys=0.00, real=0.02 secs] 
2016-09-25T21:31:06.738-0400: 57.685: [GC (GCLocker Initiated GC) [PSYoungGen: 153611K->23725K(194560K)] 596845K->467509K(718848K), 0.0116073 secs] [Times: user=0.12 sys=0.00, real=0.01 secs] 
2016-09-25T21:31:06.887-0400: 57.834: [GC (GCLocker Initiated GC) [PSYoungGen: 152749K->38652K(167936K)] 596567K->483045K(692224K), 0.0417712 secs] [Times: user=0.48 sys=0.00, real=0.04 secs] 
2016-09-25T21:31:07.098-0400: 58.045: [GC (GCLocker Initiated GC) [PSYoungGen: 167676K->26711K(194560K)] 620190K->493329K(718848K), 0.0056280 secs] [Times: user=0.06 sys=0.01, real=0.01 secs] 
2016-09-25T21:31:07.261-0400: 58.208: [GC (GCLocker Initiated GC) [PSYoungGen: 158295K->35218K(194048K)] 633054K->524267K(718336K), 0.0117679 secs] [Times: user=0.07 sys=0.00, real=0.01 secs] 
2016-09-25T21:31:07.412-0400: 58.359: [Full GC (Ergonomics) [PSYoungGen: 166802K->0K(194048K)] [ParOldGen: 497427K->195644K(524288K)] 664230K->195644K(718336K), [Metaspace: 43470K->43470K(1085440K)], 0.0678567 secs] [Times: user=0.46 sys=0.02, real=0.07 secs] 
2016-09-25T21:31:07.647-0400: 58.594: [GC (GCLocker Initiated GC) [PSYoungGen: 131584K->22494K(196608K)] 354439K->245350K(720896K), 0.0045013 secs] [Times: user=0.04 sys=0.00, real=0.00 secs] 
2016-09-25T21:31:07.780-0400: 58.727: [GC (GCLocker Initiated GC) [PSYoungGen: 159198K->58414K(195584K)] 382117K->301902K(719872K), 0.0116544 secs] [Times: user=0.17 sys=0.02, real=0.01 secs] 
2016-09-25T21:31:07.922-0400: 58.870: [GC (GCLocker Initiated GC) [PSYoungGen: 195118K->46259K(195072K)] 438734K->315312K(719360K), 0.0094761 secs] [Times: user=0.12 sys=0.01, real=0.00 secs] 
2016-09-25T21:31:08.058-0400: 59.006: [GC (GCLocker Initiated GC) [PSYoungGen: 175283K->46346K(175616K)] 449773K->332881K(699904K), 0.0062528 secs] [Times: user=0.07 sys=0.00, real=0.01 secs] 
2016-09-25T21:31:08.194-0400: 59.142: [GC (GCLocker Initiated GC) [PSYoungGen: 175370K->47724K(194048K)] 464761K->373531K(718336K), 0.0216829 secs] [Times: user=0.26 sys=0.01, real=0.02 secs] 
2016-09-25T21:31:08.346-0400: 59.293: [GC (GCLocker Initiated GC) [PSYoungGen: 174700K->52996K(180224K)] 500624K->385632K(704512K), 0.0100753 secs] [Times: user=0.10 sys=0.00, real=0.01 secs] 
2016-09-25T21:31:08.474-0400: 59.421: [GC (GCLocker Initiated GC) [PSYoungGen: 179972K->66742K(179200K)] 512666K->406141K(703488K), 0.0142930 secs] [Times: user=0.19 sys=0.01, real=0.02 secs] 
2016-09-25T21:31:08.603-0400: 59.550: [GC (GCLocker Initiated GC) [PSYoungGen: 176310K->23105K(185856K)] 526543K->385402K(710144K), 0.0060044 secs] [Times: user=0.05 sys=0.00, real=0.00 secs] 
2016-09-25T21:31:08.727-0400: 59.674: [GC (GCLocker Initiated GC) [PSYoungGen: 132673K->27171K(183808K)] 507163K->402942K(708096K), 0.0059598 secs] [Times: user=0.06 sys=0.01, real=0.00 secs] 
2016-09-25T21:31:08.847-0400: 59.794: [GC (GCLocker Initiated GC) [PSYoungGen: 136739K->35148K(184832K)] 520736K->420266K(709120K), 0.0077682 secs] [Times: user=0.08 sys=0.00, real=0.01 secs] 
2016-09-25T21:31:08.969-0400: 59.917: [GC (GCLocker Initiated GC) [PSYoungGen: 144716K->28255K(185856K)] 532964K->431145K(710144K), 0.0286055 secs] [Times: user=0.28 sys=0.01, real=0.03 secs] 
2016-09-25T21:31:09.120-0400: 60.067: [GC (GCLocker Initiated GC) [PSYoungGen: 141919K->21476K(185344K)] 549544K->443576K(709632K), 0.0101354 secs] [Times: user=0.08 sys=0.00, real=0.01 secs] 
2016-09-25T21:31:09.241-0400: 60.189: [GC (GCLocker Initiated GC) [PSYoungGen: 135140K->32506K(186368K)] 560130K->458475K(710656K), 0.0222358 secs] [Times: user=0.20 sys=0.00, real=0.03 secs] 
2016-09-25T21:31:09.385-0400: 60.333: [GC (GCLocker Initiated GC) [PSYoungGen: 151802K->32690K(187904K)] 584721K->469445K(712192K), 0.0425892 secs] [Times: user=0.46 sys=0.00, real=0.04 secs] 
2016-09-25T21:31:09.549-0400: 60.497: [GC (GCLocker Initiated GC) [PSYoungGen: 151986K->25921K(191488K)] 601065K->487129K(715776K), 0.0108463 secs] [Times: user=0.08 sys=0.01, real=0.01 secs] 
2016-09-25T21:31:09.692-0400: 60.640: [GC (GCLocker Initiated GC) [PSYoungGen: 153409K->35601K(192000K)] 618670K->502212K(716288K), 0.0275118 secs] [Times: user=0.29 sys=0.00, real=0.03 secs] 
2016-09-25T21:31:09.841-0400: 60.789: [GC (GCLocker Initiated GC) [PSYoungGen: 163089K->49042K(193024K)] 636943K->524267K(717312K), 0.0182762 secs] [Times: user=0.23 sys=0.00, real=0.02 secs] 
2016-09-25T21:31:09.990-0400: 60.938: [GC (GCLocker Initiated GC) [PSYoungGen: 180114K->41061K(195584K)] 658195K->520534K(719872K), 0.0107190 secs] [Times: user=0.10 sys=0.00, real=0.01 secs] 
2016-09-25T21:31:10.125-0400: 61.073: [GC (GCLocker Initiated GC) [PSYoungGen: 172133K->61264K(186368K)] 651688K->544854K(710656K), 0.0087248 secs] [Times: user=0.06 sys=0.01, real=0.01 secs] 
2016-09-25T21:31:10.265-0400: 61.213: [GC (GCLocker Initiated GC) [PSYoungGen: 184144K->39821K(192512K)] 674638K->545215K(716800K), 0.0080687 secs] [Times: user=0.10 sys=0.00, real=0.00 secs] 
2016-09-25T21:31:10.274-0400: 61.221: [Full GC (Ergonomics) [PSYoungGen: 39821K->0K(192512K)] [ParOldGen: 505393K->227865K(524288K)] 545215K->227865K(716800K), [Metaspace: 43473K->43473K(1085440K)], 0.0576374 secs] [Times: user=0.44 sys=0.00, real=0.06 secs] 
2016-09-25T21:31:10.451-0400: 61.399: [GC (GCLocker Initiated GC) [PSYoungGen: 122880K->59362K(185856K)] 350765K->287248K(710144K), 0.0074958 secs] [Times: user=0.09 sys=0.01, real=0.01 secs] 
2016-09-25T21:31:10.571-0400: 61.518: [GC (GCLocker Initiated GC) [PSYoungGen: 178146K->38121K(190464K)] 406117K->287142K(714752K), 0.0089470 secs] [Times: user=0.11 sys=0.00, real=0.01 secs] 
2016-09-25T21:31:10.700-0400: 61.647: [GC (GCLocker Initiated GC) [PSYoungGen: 156905K->31432K(186368K)] 412968K->310277K(710656K), 0.0125443 secs] [Times: user=0.13 sys=0.00, real=0.01 secs] 
2016-09-25T21:31:10.828-0400: 61.776: [GC (GCLocker Initiated GC) [PSYoungGen: 152776K->40445K(189440K)] 431650K->320644K(713728K), 0.0175762 secs] [Times: user=0.19 sys=0.00, real=0.02 secs] 
2016-09-25T21:31:10.944-0400: 61.892: [GC (GCLocker Initiated GC) [PSYoungGen: 161789K->37795K(189440K)] 442021K->332582K(713728K), 0.0061536 secs] [Times: user=0.03 sys=0.00, real=0.00 secs] 
2016-09-25T21:31:11.075-0400: 62.023: [GC (GCLocker Initiated GC) [PSYoungGen: 166307K->25744K(192000K)] 461167K->340474K(716288K), 0.0087425 secs] [Times: user=0.08 sys=0.00, real=0.01 secs] 
2016-09-25T21:31:11.198-0400: 62.146: [GC (GCLocker Initiated GC) [PSYoungGen: 154256K->28090K(196608K)] 476560K->354226K(720896K), 0.0224135 secs] [Times: user=0.22 sys=0.00, real=0.02 secs] 
2016-09-25T21:31:11.353-0400: 62.300: [GC (GCLocker Initiated GC) [PSYoungGen: 163258K->45691K(197632K)] 492223K->375514K(721920K), 0.0247338 secs] [Times: user=0.30 sys=0.00, real=0.03 secs] 
2016-09-25T21:31:11.521-0400: 62.469: [GC (GCLocker Initiated GC) [PSYoungGen: 180859K->34888K(197120K)] 510696K->370898K(721408K), 0.0101167 secs] [Times: user=0.11 sys=0.00, real=0.01 secs] 
2016-09-25T21:31:11.662-0400: 62.610: [GC (GCLocker Initiated GC) [PSYoungGen: 171592K->38874K(198144K)] 507639K->389119K(722432K), 0.0090405 secs] [Times: user=0.07 sys=0.00, real=0.00 secs] 
2016-09-25T21:31:11.783-0400: 62.731: [GC (GCLocker Initiated GC) [PSYoungGen: 175578K->41497K(199680K)] 531275K->408748K(723968K), 0.0109386 secs] [Times: user=0.08 sys=0.00, real=0.01 secs] 
2016-09-25T21:31:11.935-0400: 62.882: [GC (GCLocker Initiated GC) [PSYoungGen: 182809K->32083K(199680K)] 559644K->439295K(723968K), 0.0248506 secs] [Times: user=0.26 sys=0.00, real=0.02 secs] 
2016-09-25T21:31:12.090-0400: 63.038: [GC (GCLocker Initiated GC) [PSYoungGen: 173395K->53752K(197120K)] 580655K->480537K(721408K), 0.0129185 secs] [Times: user=0.16 sys=0.00, real=0.02 secs] 
2016-09-25T21:31:12.196-0400: 63.143: [GC (GCLocker Initiated GC) [PSYoungGen: 193016K->60576K(200192K)] 619825K->504159K(724480K), 0.0226989 secs] [Times: user=0.33 sys=0.01, real=0.02 secs] 
2016-09-25T21:31:12.368-0400: 63.316: [GC (GCLocker Initiated GC) [PSYoungGen: 199840K->25372K(188928K)] 655589K->481715K(713216K), 0.0138518 secs] [Times: user=0.18 sys=0.00, real=0.01 secs] 
2016-09-25T21:31:12.484-0400: 63.431: [GC (GCLocker Initiated GC) [PSYoungGen: 152348K->49568K(176640K)] 611565K->509425K(700928K), 0.0075975 secs] [Times: user=0.08 sys=0.00, real=0.00 secs] 
2016-09-25T21:31:12.617-0400: 63.565: [GC (GCLocker Initiated GC) [PSYoungGen: 176544K->59248K(185856K)] 639194K->522458K(710144K), 0.0109516 secs] [Times: user=0.16 sys=0.00, real=0.01 secs] 
2016-09-25T21:31:12.739-0400: 63.687: [GC (GCLocker Initiated GC) [PSYoungGen: 177008K->28052K(189952K)] 651047K->513524K(714240K), 0.0084006 secs] [Times: user=0.08 sys=0.00, real=0.01 secs] 
2016-09-25T21:31:12.846-0400: 63.794: [GC (GCLocker Initiated GC) [PSYoungGen: 145812K->45674K(187392K)] 632731K->533221K(711680K), 0.0145560 secs] [Times: user=0.18 sys=0.00, real=0.01 secs] 
2016-09-25T21:31:12.961-0400: 63.908: [GC (GCLocker Initiated GC) [PSYoungGen: 163946K->50992K(188928K)] 654339K->550185K(713216K), 0.0152494 secs] [Times: user=0.16 sys=0.01, real=0.02 secs] 
2016-09-25T21:31:12.976-0400: 63.924: [Full GC (Ergonomics) [PSYoungGen: 50992K->0K(188928K)] [ParOldGen: 499193K->245621K(524288K)] 550185K->245621K(713216K), [Metaspace: 43489K->43489K(1085440K)], 0.0642315 secs] [Times: user=0.40 sys=0.02, real=0.06 secs] 
2016-09-25T21:31:13.165-0400: 64.113: [GC (GCLocker Initiated GC) [PSYoungGen: 118272K->43402K(186880K)] 369356K->294487K(711168K), 0.0059863 secs] [Times: user=0.07 sys=0.00, real=0.00 secs] 
2016-09-25T21:31:13.274-0400: 64.221: [GC (GCLocker Initiated GC) [PSYoungGen: 163722K->53710K(188928K)] 414884K->305896K(713216K), 0.0087618 secs] [Times: user=0.05 sys=0.01, real=0.02 secs] 
2016-09-25T21:31:13.400-0400: 64.348: [GC (GCLocker Initiated GC) [PSYoungGen: 174030K->35025K(192512K)] 433009K->316328K(716800K), 0.0057009 secs] [Times: user=0.07 sys=0.00, real=0.01 secs] 
2016-09-25T21:31:13.525-0400: 64.473: [GC (GCLocker Initiated GC) [PSYoungGen: 157905K->39062K(162304K)] 442044K->323956K(686592K), 0.0147851 secs] [Times: user=0.16 sys=0.01, real=0.01 secs] 
2016-09-25T21:31:13.647-0400: 64.594: [GC (GCLocker Initiated GC) [PSYoungGen: 161942K->26987K(190464K)] 453670K->335777K(714752K), 0.0076317 secs] [Times: user=0.08 sys=0.01, real=0.01 secs] 
2016-09-25T21:31:13.764-0400: 64.711: [GC (GCLocker Initiated GC) [PSYoungGen: 150379K->40427K(190464K)] 467302K->358215K(714752K), 0.0076305 secs] [Times: user=0.08 sys=0.00, real=0.00 secs] 
2016-09-25T21:31:13.889-0400: 64.836: [GC (GCLocker Initiated GC) [PSYoungGen: 163819K->51227K(190976K)] 481685K->402402K(715264K), 0.0195800 secs] [Times: user=0.18 sys=0.01, real=0.02 secs] 
2016-09-25T21:31:14.041-0400: 64.989: [GC (GCLocker Initiated GC) [PSYoungGen: 177691K->43129K(192512K)] 531584K->414091K(716800K), 0.0271604 secs] [Times: user=0.31 sys=0.00, real=0.03 secs] 
2016-09-25T21:31:14.181-0400: 65.128: [GC (GCLocker Initiated GC) [PSYoungGen: 169593K->39044K(193536K)] 540565K->424427K(717824K), 0.0123988 secs] [Times: user=0.13 sys=0.01, real=0.01 secs] 
2016-09-25T21:31:14.313-0400: 65.260: [GC (GCLocker Initiated GC) [PSYoungGen: 171140K->47145K(194560K)] 556525K->433383K(718848K), 0.0109497 secs] [Times: user=0.12 sys=0.00, real=0.02 secs] 
2016-09-25T21:31:14.430-0400: 65.378: [GC (GCLocker Initiated GC) [PSYoungGen: 179241K->53992K(194560K)] 565720K->441388K(718848K), 0.0057362 secs] [Times: user=0.07 sys=0.00, real=0.01 secs] 
2016-09-25T21:31:14.571-0400: 65.519: [GC (GCLocker Initiated GC) [PSYoungGen: 186088K->36273K(197120K)] 580370K->431425K(721408K), 0.0098220 secs] [Times: user=0.10 sys=0.01, real=0.01 secs] 
2016-09-25T21:31:14.702-0400: 65.650: [GC (GCLocker Initiated GC) [PSYoungGen: 168369K->49808K(197120K)] 563669K->459509K(721408K), 0.0062689 secs] [Times: user=0.05 sys=0.00, real=0.00 secs] 
2016-09-25T21:31:14.824-0400: 65.772: [GC (GCLocker Initiated GC) [PSYoungGen: 182928K->30778K(197632K)] 592631K->441232K(721920K), 0.0152883 secs] [Times: user=0.10 sys=0.00, real=0.01 secs] 
2016-09-25T21:31:14.966-0400: 65.914: [GC (GCLocker Initiated GC) [PSYoungGen: 163898K->33669K(196608K)] 579863K->450432K(720896K), 0.0078503 secs] [Times: user=0.08 sys=0.00, real=0.01 secs] 
2016-09-25T21:31:15.087-0400: 66.035: [GC (GCLocker Initiated GC) [PSYoungGen: 166789K->33511K(197120K)] 586299K->453842K(721408K), 0.0047572 secs] [Times: user=0.03 sys=0.00, real=0.00 secs] 
2016-09-25T21:31:15.196-0400: 66.143: [GC (GCLocker Initiated GC) [PSYoungGen: 166631K->34758K(195584K)] 589803K->466692K(719872K), 0.0054661 secs] [Times: user=0.03 sys=0.01, real=0.00 secs] 
2016-09-25T21:31:15.316-0400: 66.263: [GC (GCLocker Initiated GC) [PSYoungGen: 169926K->56587K(196608K)] 607361K->494758K(720896K), 0.0083615 secs] [Times: user=0.10 sys=0.00, real=0.01 secs] 
2016-09-25T21:31:15.428-0400: 66.376: [GC (GCLocker Initiated GC) [PSYoungGen: 191755K->57869K(189440K)] 629970K->507657K(713728K), 0.0073451 secs] [Times: user=0.10 sys=0.00, real=0.01 secs] 
2016-09-25T21:31:15.533-0400: 66.481: [GC (GCLocker Initiated GC) [PSYoungGen: 181773K->68644K(193024K)] 631602K->524521K(717312K), 0.0107647 secs] [Times: user=0.14 sys=0.01, real=0.02 secs] 
2016-09-25T21:31:15.659-0400: 66.607: [GC (GCLocker Initiated GC) [PSYoungGen: 192548K->57846K(175616K)] 651144K->554913K(699904K), 0.0099488 secs] [Times: user=0.12 sys=0.00, real=0.01 secs] 
2016-09-25T21:31:15.669-0400: 66.617: [Full GC (Ergonomics) [PSYoungGen: 57846K->0K(175616K)] [ParOldGen: 497067K->260783K(524288K)] 554913K->260783K(699904K), [Metaspace: 43536K->43536K(1085440K)], 0.0542614 secs] [Times: user=0.37 sys=0.02, real=0.06 secs] 
2016-09-25T21:31:15.856-0400: 66.804: [GC (GCLocker Initiated GC) [PSYoungGen: 106496K->43095K(184320K)] 370179K->306779K(708608K), 0.0096878 secs] [Times: user=0.09 sys=0.00, real=0.01 secs] 
2016-09-25T21:31:15.986-0400: 66.933: [GC (GCLocker Initiated GC) [PSYoungGen: 149591K->36057K(179712K)] 421384K->322243K(704000K), 0.0100634 secs] [Times: user=0.09 sys=0.00, real=0.01 secs] 
2016-09-25T21:31:16.102-0400: 67.050: [GC (GCLocker Initiated GC) [PSYoungGen: 145113K->35960K(183296K)] 433486K->324882K(707584K), 0.0179641 secs] [Times: user=0.18 sys=0.00, real=0.01 secs] 
2016-09-25T21:31:16.235-0400: 67.183: [GC (GCLocker Initiated GC) [PSYoungGen: 145016K->49526K(185344K)] 436881K->341947K(709632K), 0.0089050 secs] [Times: user=0.09 sys=0.00, real=0.01 secs] 
2016-09-25T21:31:16.365-0400: 67.312: [GC (GCLocker Initiated GC) [PSYoungGen: 164726K->53771K(187392K)] 457149K->346728K(711680K), 0.0091804 secs] [Times: user=0.10 sys=0.01, real=0.00 secs] 
2016-09-25T21:31:16.469-0400: 67.417: [GC (GCLocker Initiated GC) [PSYoungGen: 168971K->45607K(185344K)] 467461K->344650K(709632K), 0.0100167 secs] [Times: user=0.12 sys=0.00, real=0.01 secs] 
2016-09-25T21:31:16.616-0400: 67.564: [GC (GCLocker Initiated GC) [PSYoungGen: 162855K->57824K(187392K)] 461948K->357575K(711680K), 0.0141461 secs] [Times: user=0.19 sys=0.00, real=0.01 secs] 
2016-09-25T21:31:16.743-0400: 67.691: [GC (GCLocker Initiated GC) [PSYoungGen: 175072K->44358K(189952K)] 481755K->351709K(714240K), 0.0068650 secs] [Times: user=0.10 sys=0.01, real=0.00 secs] 
2016-09-25T21:31:16.862-0400: 67.809: [GC (GCLocker Initiated GC) [PSYoungGen: 164166K->26679K(189952K)] 479399K->355969K(714240K), 0.0056491 secs] [Times: user=0.04 sys=0.00, real=0.01 secs] 
2016-09-25T21:31:16.961-0400: 67.909: [GC (GCLocker Initiated GC) [PSYoungGen: 146487K->68625K(178688K)] 475814K->404013K(702976K), 0.0093013 secs] [Times: user=0.12 sys=0.01, real=0.01 secs] 
2016-09-25T21:31:17.068-0400: 68.015: [GC (GCLocker Initiated GC) [PSYoungGen: 176145K->44262K(184832K)] 514252K->401857K(709120K), 0.0060095 secs] [Times: user=0.08 sys=0.00, real=0.00 secs] 
2016-09-25T21:31:17.168-0400: 68.115: [GC (GCLocker Initiated GC) [PSYoungGen: 151782K->55064K(183296K)] 512168K->416048K(707584K), 0.0088191 secs] [Times: user=0.10 sys=0.00, real=0.01 secs] 
2016-09-25T21:31:17.273-0400: 68.221: [GC (GCLocker Initiated GC) [PSYoungGen: 165144K->29352K(185344K)] 529005K->409957K(709632K), 0.0097459 secs] [Times: user=0.09 sys=0.00, real=0.02 secs] 
2016-09-25T21:31:17.371-0400: 68.318: [GC (GCLocker Initiated GC) [PSYoungGen: 139432K->44039K(181760K)] 522802K->428011K(706048K), 0.0265615 secs] [Times: user=0.22 sys=0.01, real=0.03 secs] 
2016-09-25T21:31:17.509-0400: 68.457: [GC (GCLocker Initiated GC) [PSYoungGen: 155655K->40315K(184320K)] 551897K->437044K(708608K), 0.0047497 secs] [Times: user=0.05 sys=0.00, real=0.00 secs] 
2016-09-25T21:31:17.620-0400: 68.568: [GC (GCLocker Initiated GC) [PSYoungGen: 151931K->30480K(188416K)] 552739K->431883K(712704K), 0.0097159 secs] [Times: user=0.07 sys=0.00, real=0.01 secs] 
2016-09-25T21:31:17.729-0400: 68.677: [GC (GCLocker Initiated GC) [PSYoungGen: 148752K->38740K(189440K)] 550158K->459610K(713728K), 0.0064398 secs] [Times: user=0.05 sys=0.00, real=0.01 secs] 
2016-09-25T21:31:17.842-0400: 68.790: [GC (GCLocker Initiated GC) [PSYoungGen: 157012K->30512K(190464K)] 584901K->458933K(714752K), 0.0060872 secs] [Times: user=0.04 sys=0.00, real=0.00 secs] 
2016-09-25T21:31:17.954-0400: 68.902: [GC (GCLocker Initiated GC) [PSYoungGen: 151856K->34721K(189952K)] 585715K->469192K(714240K), 0.0186490 secs] [Times: user=0.19 sys=0.00, real=0.02 secs] 
2016-09-25T21:31:18.075-0400: 69.022: [GC (GCLocker Initiated GC) [PSYoungGen: 156065K->44175K(192512K)] 593480K->482145K(716800K), 0.0084885 secs] [Times: user=0.07 sys=0.01, real=0.01 secs] 
2016-09-25T21:31:18.190-0400: 69.138: [GC (GCLocker Initiated GC) [PSYoungGen: 169615K->42895K(191488K)] 617088K->490983K(715776K), 0.0085334 secs] [Times: user=0.06 sys=0.01, real=0.01 secs] 
2016-09-25T21:31:18.316-0400: 69.264: [GC (GCLocker Initiated GC) [PSYoungGen: 168335K->31802K(193536K)] 616653K->491581K(717824K), 0.0122908 secs] [Times: user=0.10 sys=0.00, real=0.01 secs] 
2016-09-25T21:31:18.439-0400: 69.387: [GC (GCLocker Initiated GC) [PSYoungGen: 161338K->42795K(193024K)] 623909K->505902K(717312K), 0.0328658 secs] [Times: user=0.34 sys=0.01, real=0.03 secs] 
2016-09-25T21:31:18.585-0400: 69.532: [GC (GCLocker Initiated GC) [PSYoungGen: 172331K->32092K(197120K)] 635598K->517592K(721408K), 0.0155856 secs] [Times: user=0.16 sys=0.00, real=0.01 secs] 
2016-09-25T21:31:18.733-0400: 69.681: [GC (GCLocker Initiated GC) [PSYoungGen: 167260K->32028K(196608K)] 655611K->531814K(720896K), 0.0202732 secs] [Times: user=0.16 sys=0.00, real=0.02 secs] 
2016-09-25T21:31:18.754-0400: 69.701: [Full GC (Ergonomics) [PSYoungGen: 32028K->0K(196608K)] [ParOldGen: 499785K->268696K(524288K)] 531814K->268696K(720896K), [Metaspace: 43545K->43545K(1085440K)], 0.0653995 secs] [Times: user=0.32 sys=0.01, real=0.07 secs] 
2016-09-25T21:31:18.934-0400: 69.882: [GC (GCLocker Initiated GC) [PSYoungGen: 135168K->39227K(198144K)] 406584K->310644K(722432K), 0.0054441 secs] [Times: user=0.04 sys=0.01, real=0.00 secs] 
2016-09-25T21:31:19.057-0400: 70.005: [GC (GCLocker Initiated GC) [PSYoungGen: 179515K->21340K(198656K)] 455240K->298076K(722944K), 0.0106856 secs] [Times: user=0.09 sys=0.00, real=0.01 secs] 
2016-09-25T21:31:19.189-0400: 70.136: [GC (GCLocker Initiated GC) [PSYoungGen: 161628K->29511K(203264K)] 442435K->311192K(727552K), 0.0093680 secs] [Times: user=0.09 sys=0.00, real=0.01 secs] 
2016-09-25T21:31:19.315-0400: 70.263: [GC (GCLocker Initiated GC) [PSYoungGen: 173383K->51079K(195072K)] 455126K->333511K(719360K), 0.0203738 secs] [Times: user=0.21 sys=0.00, real=0.02 secs] 
2016-09-25T21:31:19.478-0400: 70.425: [GC (GCLocker Initiated GC) [PSYoungGen: 194951K->34941K(202240K)] 477421K->334333K(726528K), 0.0133265 secs] [Times: user=0.15 sys=0.00, real=0.01 secs] 
2016-09-25T21:31:19.619-0400: 70.566: [GC (GCLocker Initiated GC) [PSYoungGen: 175229K->27078K(200192K)] 486912K->363885K(724480K), 0.0093037 secs] [Times: user=0.10 sys=0.02, real=0.01 secs] 
2016-09-25T21:31:19.754-0400: 70.702: [GC (GCLocker Initiated GC) [PSYoungGen: 167366K->39137K(200704K)] 511078K->383741K(724992K), 0.0096064 secs] [Times: user=0.06 sys=0.02, real=0.02 secs] 
2016-09-25T21:31:19.909-0400: 70.857: [GC (GCLocker Initiated GC) [PSYoungGen: 180961K->29635K(200192K)] 531001K->380549K(724480K), 0.0093520 secs] [Times: user=0.09 sys=0.01, real=0.01 secs] 
2016-09-25T21:31:20.033-0400: 70.981: [GC (GCLocker Initiated GC) [PSYoungGen: 171459K->23412K(202240K)] 544191K->424086K(726528K), 0.0181298 secs] [Times: user=0.27 sys=0.01, real=0.02 secs] 
2016-09-25T21:31:20.227-0400: 71.175: [GC (GCLocker Initiated GC) [PSYoungGen: 168308K->44537K(202240K)] 569015K->446396K(726528K), 0.0096634 secs] [Times: user=0.09 sys=0.00, real=0.01 secs] 
2016-09-25T21:31:20.392-0400: 71.340: [GC (GCLocker Initiated GC) [PSYoungGen: 189433K->48817K(198144K)] 596725K->475946K(722432K), 0.0080710 secs] [Times: user=0.06 sys=0.00, real=0.01 secs] 
2016-09-25T21:31:20.553-0400: 71.501: [GC (GCLocker Initiated GC) [PSYoungGen: 188081K->35165K(200704K)] 617955K->482462K(724992K), 0.0199989 secs] [Times: user=0.21 sys=0.00, real=0.02 secs] 
2016-09-25T21:31:20.708-0400: 71.655: [GC (GCLocker Initiated GC) [PSYoungGen: 174429K->47596K(199680K)] 627212K->501403K(723968K), 0.0131741 secs] [Times: user=0.17 sys=0.00, real=0.01 secs] 
2016-09-25T21:31:20.843-0400: 71.791: [GC (GCLocker Initiated GC) [PSYoungGen: 187884K->58371K(199168K)] 641790K->516170K(723456K), 0.0104566 secs] [Times: user=0.14 sys=0.00, real=0.00 secs] 
2016-09-25T21:31:20.997-0400: 71.944: [GC (GCLocker Initiated GC) [PSYoungGen: 198659K->52994K(187904K)] 659186K->514553K(712192K), 0.0062272 secs] [Times: user=0.08 sys=0.01, real=0.01 secs] 
2016-09-25T21:31:21.153-0400: 72.101: [GC (GCLocker Initiated GC) [PSYoungGen: 177922K->32368K(193536K)] 642292K->522168K(717824K), 0.0275299 secs] [Times: user=0.28 sys=0.01, real=0.03 secs] 
2016-09-25T21:31:21.181-0400: 72.128: [Full GC (Ergonomics) [PSYoungGen: 32368K->0K(193536K)] [ParOldGen: 489799K->285361K(524288K)] 522168K->285361K(717824K), [Metaspace: 43555K->43555K(1085440K)], 0.0527721 secs] [Times: user=0.32 sys=0.01, real=0.05 secs] 
2016-09-25T21:31:21.375-0400: 72.323: [GC (GCLocker Initiated GC) [PSYoungGen: 124928K->35645K(188928K)] 415718K->326436K(713216K), 0.0394820 secs] [Times: user=0.44 sys=0.01, real=0.04 secs] 
2016-09-25T21:31:21.520-0400: 72.468: [GC (GCLocker Initiated GC) [PSYoungGen: 162109K->36451K(192000K)] 455622K->331443K(716288K), 0.0182661 secs] [Times: user=0.16 sys=0.00, real=0.02 secs] 
2016-09-25T21:31:21.658-0400: 72.606: [GC (GCLocker Initiated GC) [PSYoungGen: 162915K->60945K(187392K)] 460788K->365241K(711680K), 0.0064002 secs] [Times: user=0.06 sys=0.01, real=0.01 secs] 
2016-09-25T21:31:21.786-0400: 72.733: [GC (GCLocker Initiated GC) [PSYoungGen: 184849K->30925K(193024K)] 489276K->347106K(717312K), 0.0055364 secs] [Times: user=0.04 sys=0.00, real=0.00 secs] 
2016-09-25T21:31:21.902-0400: 72.849: [GC (GCLocker Initiated GC) [PSYoungGen: 154829K->50219K(192000K)] 473743K->389034K(716288K), 0.0134721 secs] [Times: user=0.12 sys=0.00, real=0.02 secs] 
2016-09-25T21:31:22.039-0400: 72.986: [GC (GCLocker Initiated GC) [PSYoungGen: 174123K->40564K(164864K)] 517192K->387333K(689152K), 0.0299820 secs] [Times: user=0.35 sys=0.00, real=0.03 secs] 
2016-09-25T21:31:22.178-0400: 73.125: [GC (GCLocker Initiated GC) [PSYoungGen: 164468K->45888K(192512K)] 515632K->398050K(716800K), 0.0093383 secs] [Times: user=0.11 sys=0.00, real=0.01 secs] 
2016-09-25T21:31:22.305-0400: 73.252: [GC (GCLocker Initiated GC) [PSYoungGen: 171840K->51570K(191488K)] 529449K->410069K(715776K), 0.0072793 secs] [Times: user=0.09 sys=0.00, real=0.00 secs] 
2016-09-25T21:31:22.431-0400: 73.379: [GC (GCLocker Initiated GC) [PSYoungGen: 177522K->44614K(194048K)] 538776K->406850K(718336K), 0.0159233 secs] [Times: user=0.19 sys=0.00, real=0.02 secs] 
2016-09-25T21:31:22.564-0400: 73.512: [GC (GCLocker Initiated GC) [PSYoungGen: 174150K->59600K(189440K)] 536609K->423049K(713728K), 0.0072126 secs] [Times: user=0.06 sys=0.01, real=0.00 secs] 
2016-09-25T21:31:22.696-0400: 73.643: [GC (GCLocker Initiated GC) [PSYoungGen: 189136K->52818K(192000K)] 552633K->417309K(716288K), 0.0077657 secs] [Times: user=0.07 sys=0.00, real=0.01 secs] 
2016-09-25T21:31:22.825-0400: 73.773: [GC (GCLocker Initiated GC) [PSYoungGen: 175698K->44702K(167936K)] 544597K->430812K(692224K), 0.0145265 secs] [Times: user=0.18 sys=0.00, real=0.01 secs] 
2016-09-25T21:31:22.959-0400: 73.907: [GC (GCLocker Initiated GC) [PSYoungGen: 167582K->35026K(191488K)] 560471K->434249K(715776K), 0.0196707 secs] [Times: user=0.27 sys=0.00, real=0.02 secs] 
2016-09-25T21:31:23.106-0400: 74.054: [GC (GCLocker Initiated GC) [PSYoungGen: 158930K->44808K(190976K)] 564963K->470721K(715264K), 0.0083930 secs] [Times: user=0.10 sys=0.01, real=0.01 secs] 
2016-09-25T21:31:23.238-0400: 74.185: [GC (GCLocker Initiated GC) [PSYoungGen: 168712K->47403K(193536K)] 597568K->485395K(717824K), 0.0080713 secs] [Times: user=0.10 sys=0.00, real=0.01 secs] 
2016-09-25T21:31:23.372-0400: 74.320: [GC (GCLocker Initiated GC) [PSYoungGen: 175915K->46055K(192512K)] 616633K->487732K(716800K), 0.0220516 secs] [Times: user=0.31 sys=0.00, real=0.03 secs] 
2016-09-25T21:31:23.507-0400: 74.454: [GC (GCLocker Initiated GC) [PSYoungGen: 174567K->48624K(196096K)] 618137K->493146K(720384K), 0.0062110 secs] [Times: user=0.06 sys=0.00, real=0.00 secs] 
2016-09-25T21:31:23.630-0400: 74.578: [GC (GCLocker Initiated GC) [PSYoungGen: 182256K->59520K(195584K)] 632182K->513096K(719872K), 0.0094486 secs] [Times: user=0.12 sys=0.00, real=0.01 secs] 
2016-09-25T21:31:23.782-0400: 74.730: [GC (GCLocker Initiated GC) [PSYoungGen: 193152K->36279K(196608K)] 646768K->490813K(720896K), 0.0167854 secs] [Times: user=0.15 sys=0.00, real=0.01 secs] 
2016-09-25T21:31:23.918-0400: 74.866: [GC (GCLocker Initiated GC) [PSYoungGen: 166839K->39169K(169984K)] 621427K->497365K(694272K), 0.0055837 secs] [Times: user=0.04 sys=0.01, real=0.01 secs] 
2016-09-25T21:31:24.045-0400: 74.992: [GC (GCLocker Initiated GC) [PSYoungGen: 169729K->28181K(195072K)] 628005K->498166K(719360K), 0.0048359 secs] [Times: user=0.04 sys=0.00, real=0.00 secs] 
2016-09-25T21:31:24.170-0400: 75.118: [GC (GCLocker Initiated GC) [PSYoungGen: 158229K->43157K(173568K)] 631118K->525039K(697856K), 0.0070332 secs] [Times: user=0.06 sys=0.00, real=0.01 secs] 
2016-09-25T21:31:24.286-0400: 75.233: [GC (GCLocker Initiated GC) [PSYoungGen: 173205K->34857K(195584K)] 657983K->520582K(719872K), 0.0074142 secs] [Times: user=0.03 sys=0.01, real=0.00 secs] 
2016-09-25T21:31:24.410-0400: 75.357: [GC (GCLocker Initiated GC) [PSYoungGen: 166953K->38925K(195072K)] 658248K->544555K(719360K), 0.0217354 secs] [Times: user=0.22 sys=0.00, real=0.02 secs] 
2016-09-25T21:31:24.431-0400: 75.379: [Full GC (Ergonomics) [PSYoungGen: 38925K->0K(195072K)] [ParOldGen: 505630K->309500K(524288K)] 544555K->309500K(719360K), [Metaspace: 43555K->43555K(1085440K)], 0.0555923 secs] [Times: user=0.40 sys=0.01, real=0.06 secs] 
2016-09-25T21:31:24.595-0400: 75.543: [GC (GCLocker Initiated GC) [PSYoungGen: 132096K->59878K(191488K)] 447189K->380372K(715776K), 0.0110616 secs] [Times: user=0.12 sys=0.00, real=0.01 secs] 
2016-09-25T21:31:24.740-0400: 75.688: [GC (GCLocker Initiated GC) [PSYoungGen: 189926K->63480K(193536K)] 510460K->401514K(717824K), 0.0111931 secs] [Times: user=0.15 sys=0.00, real=0.01 secs] 
2016-09-25T21:31:24.885-0400: 75.833: [GC (GCLocker Initiated GC) [PSYoungGen: 193528K->51257K(189440K)] 531608K->417221K(713728K), 0.0119778 secs] [Times: user=0.13 sys=0.00, real=0.01 secs] 
2016-09-25T21:31:25.008-0400: 75.955: [GC (GCLocker Initiated GC) [PSYoungGen: 172089K->22714K(143872K)] 543686K->424798K(668160K), 0.0206007 secs] [Times: user=0.18 sys=0.01, real=0.02 secs] 
2016-09-25T21:31:25.154-0400: 76.101: [GC (GCLocker Initiated GC) [PSYoungGen: 143546K->30662K(190464K)] 552510K->440373K(714752K), 0.0059316 secs] [Times: user=0.03 sys=0.00, real=0.01 secs] 
2016-09-25T21:31:25.289-0400: 76.236: [GC (GCLocker Initiated GC) [PSYoungGen: 148934K->52395K(171008K)] 558767K->471042K(695296K), 0.0088115 secs] [Times: user=0.06 sys=0.00, real=0.01 secs] 
2016-09-25T21:31:25.418-0400: 76.365: [GC (GCLocker Initiated GC) [PSYoungGen: 170667K->25325K(189440K)] 604245K->462258K(713728K), 0.0087353 secs] [Times: user=0.05 sys=0.00, real=0.01 secs] 
2016-09-25T21:31:25.537-0400: 76.485: [GC (GCLocker Initiated GC) [PSYoungGen: 142061K->49567K(189440K)] 581890K->495638K(713728K), 0.0100249 secs] [Times: user=0.09 sys=0.00, real=0.01 secs] 
2016-09-25T21:31:25.673-0400: 76.620: [GC (GCLocker Initiated GC) [PSYoungGen: 166303K->42969K(183296K)] 615098K->492443K(707584K), 0.0245637 secs] [Times: user=0.26 sys=0.00, real=0.03 secs] 
2016-09-25T21:31:25.795-0400: 76.742: [GC (GCLocker Initiated GC) [PSYoungGen: 159705K->46984K(186368K)] 613272K->520155K(710656K), 0.0095435 secs] [Times: user=0.12 sys=0.00, real=0.01 secs] 
2016-09-25T21:31:25.921-0400: 76.869: [GC (GCLocker Initiated GC) [PSYoungGen: 163720K->22577K(191488K)] 649057K->508502K(715776K), 0.0041785 secs] [Times: user=0.04 sys=0.01, real=0.01 secs] 
2016-09-25T21:31:26.047-0400: 76.995: [GC (GCLocker Initiated GC) [PSYoungGen: 145457K->44246K(167424K)] 636838K->536324K(691712K), 0.0289583 secs] [Times: user=0.29 sys=0.03, real=0.03 secs] 
2016-09-25T21:31:26.190-0400: 77.137: [Full GC (Ergonomics) [PSYoungGen: 167126K->0K(167424K)] [ParOldGen: 497708K->318121K(524288K)] 664834K->318121K(691712K), [Metaspace: 43595K->43595K(1085440K)], 0.0746665 secs] [Times: user=0.51 sys=0.02, real=0.08 secs] 
2016-09-25T21:31:26.370-0400: 77.317: [GC (GCLocker Initiated GC) [PSYoungGen: 122880K->62663K(183808K)] 441063K->380846K(708096K), 0.0068171 secs] [Times: user=0.07 sys=0.01, real=0.01 secs] 
2016-09-25T21:31:26.464-0400: 77.411: [GC (GCLocker Initiated GC) [PSYoungGen: 178375K->33815K(188928K)] 503395K->381793K(713216K), 0.0062092 secs] [Times: user=0.08 sys=0.00, real=0.00 secs] 
2016-09-25T21:31:26.559-0400: 77.506: [GC (GCLocker Initiated GC) [PSYoungGen: 149527K->29860K(186368K)] 505757K->400485K(710656K), 0.0055077 secs] [Times: user=0.06 sys=0.00, real=0.01 secs] 
2016-09-25T21:31:26.650-0400: 77.597: [GC (GCLocker Initiated GC) [PSYoungGen: 147108K->42040K(188416K)] 517736K->424506K(712704K), 0.0115480 secs] [Times: user=0.15 sys=0.00, real=0.01 secs] 
2016-09-25T21:31:26.744-0400: 77.691: [GC (GCLocker Initiated GC) [PSYoungGen: 159288K->54091K(188416K)] 541780K->437571K(712704K), 0.0104797 secs] [Times: user=0.14 sys=0.00, real=0.01 secs] 
2016-09-25T21:31:26.842-0400: 77.789: [GC (GCLocker Initiated GC) [PSYoungGen: 173899K->48724K(190464K)] 562787K->460221K(714752K), 0.0086753 secs] [Times: user=0.12 sys=0.00, real=0.01 secs] 
2016-09-25T21:31:26.943-0400: 77.890: [GC (GCLocker Initiated GC) [PSYoungGen: 168532K->51457K(190976K)] 580155K->464058K(715264K), 0.0067625 secs] [Times: user=0.07 sys=0.00, real=0.00 secs] 
2016-09-25T21:31:27.031-0400: 77.979: [GC (GCLocker Initiated GC) [PSYoungGen: 172289K->59559K(180736K)] 584949K->484042K(705024K), 0.0080523 secs] [Times: user=0.11 sys=0.00, real=0.01 secs] 
2016-09-25T21:31:27.127-0400: 78.075: [GC (GCLocker Initiated GC) [PSYoungGen: 180391K->44744K(190976K)] 613013K->478363K(715264K), 0.0060486 secs] [Times: user=0.07 sys=0.00, real=0.00 secs] 
2016-09-25T21:31:27.220-0400: 78.168: [GC (GCLocker Initiated GC) [PSYoungGen: 161992K->51367K(168960K)] 595741K->499727K(693248K), 0.0069158 secs] [Times: user=0.09 sys=0.00, real=0.01 secs] 
2016-09-25T21:31:27.314-0400: 78.262: [GC (GCLocker Initiated GC) [PSYoungGen: 168615K->40562K(189440K)] 621166K->502158K(713728K), 0.0087029 secs] [Times: user=0.08 sys=0.00, real=0.02 secs] 
2016-09-25T21:31:27.409-0400: 78.356: [GC (GCLocker Initiated GC) [PSYoungGen: 159346K->52682K(187904K)] 623762K->518125K(712192K), 0.0210418 secs] [Times: user=0.25 sys=0.00, real=0.02 secs] 
2016-09-25T21:31:27.523-0400: 78.471: [GC (GCLocker Initiated GC) [PSYoungGen: 171466K->39105K(190976K)] 639695K->508293K(715264K), 0.0054941 secs] [Times: user=0.04 sys=0.00, real=0.00 secs] 
2016-09-25T21:31:27.627-0400: 78.574: [GC (GCLocker Initiated GC) [PSYoungGen: 162497K->36455K(191488K)] 631714K->512081K(715776K), 0.0061340 secs] [Times: user=0.04 sys=0.00, real=0.00 secs] 
2016-09-25T21:31:27.710-0400: 78.658: [GC (GCLocker Initiated GC) [PSYoungGen: 159847K->37853K(192000K)] 638196K->538878K(716288K), 0.0209738 secs] [Times: user=0.20 sys=0.00, real=0.02 secs] 
2016-09-25T21:31:27.732-0400: 78.679: [Full GC (Ergonomics) [PSYoungGen: 37853K->0K(192000K)] [ParOldGen: 501024K->329597K(524288K)] 538878K->329597K(716288K), [Metaspace: 43643K->43643K(1085440K)], 0.0536288 secs] [Times: user=0.37 sys=0.01, real=0.06 secs] 
2016-09-25T21:31:27.876-0400: 78.823: [GC (GCLocker Initiated GC) [PSYoungGen: 126464K->65432K(192000K)] 456149K->400518K(716288K), 0.0070684 secs] [Times: user=0.11 sys=0.00, real=0.01 secs] 
2016-09-25T21:31:27.974-0400: 78.922: [GC (GCLocker Initiated GC) [PSYoungGen: 191896K->52901K(187904K)] 527029K->397547K(712192K), 0.0144175 secs] [Times: user=0.16 sys=0.00, real=0.01 secs] 
2016-09-25T21:31:28.083-0400: 79.030: [GC (GCLocker Initiated GC) [PSYoungGen: 170661K->38050K(189952K)] 520710K->400076K(714240K), 0.0100342 secs] [Times: user=0.13 sys=0.00, real=0.00 secs] 
2016-09-25T21:31:28.174-0400: 79.122: [GC (GCLocker Initiated GC) [PSYoungGen: 155810K->66429K(180736K)] 518036K->429840K(705024K), 0.0225324 secs] [Times: user=0.32 sys=0.01, real=0.02 secs] 
2016-09-25T21:31:28.284-0400: 79.231: [GC (GCLocker Initiated GC) [PSYoungGen: 175997K->35315K(185856K)] 544811K->418771K(710144K), 0.0106346 secs] [Times: user=0.14 sys=0.00, real=0.01 secs] 
2016-09-25T21:31:28.366-0400: 79.314: [GC (GCLocker Initiated GC) [PSYoungGen: 144883K->50284K(182272K)] 533777K->440311K(706560K), 0.0060272 secs] [Times: user=0.06 sys=0.00, real=0.00 secs] 
2016-09-25T21:31:28.460-0400: 79.408: [GC (GCLocker Initiated GC) [PSYoungGen: 160364K->32509K(184320K)] 553330K->434723K(708608K), 0.0150676 secs] [Times: user=0.15 sys=0.00, real=0.02 secs] 
2016-09-25T21:31:28.564-0400: 79.511: [GC (GCLocker Initiated GC) [PSYoungGen: 142589K->38317K(184320K)] 555632K->452547K(708608K), 0.0235950 secs] [Times: user=0.25 sys=0.00, real=0.02 secs] 
2016-09-25T21:31:28.684-0400: 79.632: [GC (GCLocker Initiated GC) [PSYoungGen: 152493K->42301K(186368K)] 569490K->460725K(710656K), 0.0064119 secs] [Times: user=0.05 sys=0.00, real=0.00 secs] 
2016-09-25T21:31:28.786-0400: 79.733: [GC (GCLocker Initiated GC) [PSYoungGen: 156477K->42424K(185856K)] 583008K->475764K(710144K), 0.0178657 secs] [Times: user=0.20 sys=0.00, real=0.02 secs] 
2016-09-25T21:31:28.897-0400: 79.845: [GC (GCLocker Initiated GC) [PSYoungGen: 162232K->42522K(187904K)] 598301K->480051K(712192K), 0.0056681 secs] [Times: user=0.07 sys=0.01, real=0.01 secs] 
2016-09-25T21:31:28.999-0400: 79.947: [GC (GCLocker Initiated GC) [PSYoungGen: 162330K->33015K(193024K)] 612018K->508568K(717312K), 0.0086358 secs] [Times: user=0.10 sys=0.00, real=0.01 secs] 
2016-09-25T21:31:29.109-0400: 80.056: [GC (GCLocker Initiated GC) [PSYoungGen: 161015K->43999K(193536K)] 639309K->523714K(717824K), 0.0051874 secs] [Times: user=0.05 sys=0.00, real=0.00 secs] 
2016-09-25T21:31:29.209-0400: 80.157: [GC (GCLocker Initiated GC) [PSYoungGen: 171999K->50688K(194048K)] 651756K->532074K(718336K), 0.0105523 secs] [Times: user=0.13 sys=0.01, real=0.01 secs] 
2016-09-25T21:31:29.320-0400: 80.268: [GC (GCLocker Initiated GC) [PSYoungGen: 181248K->62743K(193536K)] 662730K->545770K(717824K), 0.0076988 secs] [Times: user=0.12 sys=0.00, real=0.01 secs] 
2016-09-25T21:31:29.435-0400: 80.383: [GC (GCLocker Initiated GC) [PSYoungGen: 193303K->55100K(189440K)] 676365K->555884K(713728K), 0.0075666 secs] [Times: user=0.10 sys=0.00, real=0.01 secs] 
2016-09-25T21:31:29.443-0400: 80.391: [Full GC (Ergonomics) [PSYoungGen: 55100K->0K(189440K)] [ParOldGen: 500783K->344630K(524288K)] 555884K->344630K(713728K), [Metaspace: 43682K->43682K(1087488K)], 0.0566051 secs] [Times: user=0.50 sys=0.01, real=0.05 secs] 
2016-09-25T21:31:29.587-0400: 80.535: [GC (GCLocker Initiated GC) [PSYoungGen: 120832K->61973K(183296K)] 469571K->410712K(707584K), 0.0097566 secs] [Times: user=0.14 sys=0.00, real=0.01 secs] 
2016-09-25T21:31:29.697-0400: 80.644: [GC (GCLocker Initiated GC) [PSYoungGen: 182805K->45045K(190464K)] 531587K->407982K(714752K), 0.0073385 secs] [Times: user=0.06 sys=0.01, real=0.01 secs] 
2016-09-25T21:31:29.800-0400: 80.748: [GC (GCLocker Initiated GC) [PSYoungGen: 161781K->53330K(188416K)] 527564K->423226K(712704K), 0.0069383 secs] [Times: user=0.08 sys=0.00, real=0.01 secs] 
2016-09-25T21:31:29.901-0400: 80.849: [GC (Allocation Failure) [PSYoungGen: 170066K->37156K(188928K)] 546796K->426229K(713216K), 0.0174488 secs] [Times: user=0.23 sys=0.00, real=0.02 secs] 
2016-09-25T21:31:29.919-0400: 80.867: [GC (GCLocker Initiated GC) [PSYoungGen: 37159K->64K(117760K)] 426232K->443477K(642048K), 0.0084285 secs] [Times: user=0.12 sys=0.00, real=0.01 secs] 
2016-09-25T21:31:30.033-0400: 80.981: [GC (GCLocker Initiated GC) [PSYoungGen: 115998K->36067K(187392K)] 564812K->484881K(711680K), 0.0101635 secs] [Times: user=0.11 sys=0.00, real=0.02 secs] 
2016-09-25T21:31:30.142-0400: 81.090: [GC (GCLocker Initiated GC) [PSYoungGen: 146659K->33825K(144896K)] 603004K->492023K(669184K), 0.0172563 secs] [Times: user=0.22 sys=0.00, real=0.02 secs] 
2016-09-25T21:31:30.238-0400: 81.185: [GC (GCLocker Initiated GC) [PSYoungGen: 144417K->39205K(186368K)] 602644K->512055K(710656K), 0.0056888 secs] [Times: user=0.07 sys=0.00, real=0.01 secs] 
2016-09-25T21:31:30.335-0400: 81.282: [GC (GCLocker Initiated GC) [PSYoungGen: 152869K->50274K(183296K)] 625893K->527075K(707584K), 0.0062668 secs] [Times: user=0.09 sys=0.00, real=0.00 secs] 
2016-09-25T21:31:30.440-0400: 81.388: [GC (GCLocker Initiated GC) [PSYoungGen: 163938K->31229K(191488K)] 643697K->512198K(715776K), 0.0315865 secs] [Times: user=0.31 sys=0.02, real=0.03 secs] 
2016-09-25T21:31:30.572-0400: 81.520: [GC (GCLocker Initiated GC) [PSYoungGen: 152061K->36721K(157696K)] 635852K->521681K(681984K), 0.0070162 secs] [Times: user=0.07 sys=0.00, real=0.01 secs] 
2016-09-25T21:31:30.671-0400: 81.619: [Full GC (Ergonomics) [PSYoungGen: 157553K->0K(157696K)] [ParOldGen: 494557K->364167K(524288K)] 652110K->364167K(681984K), [Metaspace: 43775K->43775K(1087488K)], 0.0568069 secs] [Times: user=0.52 sys=0.02, real=0.06 secs] 
2016-09-25T21:31:30.816-0400: 81.763: [GC (GCLocker Initiated GC) [PSYoungGen: 120832K->49062K(188416K)] 492104K->420334K(712704K), 0.0062332 secs] [Times: user=0.07 sys=0.00, real=0.00 secs] 
2016-09-25T21:31:30.910-0400: 81.858: [GC (GCLocker Initiated GC) [PSYoungGen: 170406K->24091K(188928K)] 547107K->404824K(713216K), 0.0096399 secs] [Times: user=0.11 sys=0.00, real=0.01 secs] 
2016-09-25T21:31:31.015-0400: 81.962: [GC (GCLocker Initiated GC) [PSYoungGen: 145435K->35233K(190976K)] 535844K->426583K(715264K), 0.0083965 secs] [Times: user=0.10 sys=0.01, real=0.01 secs] 
2016-09-25T21:31:31.133-0400: 82.081: [GC (GCLocker Initiated GC) [PSYoungGen: 161697K->36778K(192512K)] 558504K->434595K(716800K), 0.0225934 secs] [Times: user=0.17 sys=0.00, real=0.03 secs] 
2016-09-25T21:31:31.263-0400: 82.211: [GC (GCLocker Initiated GC) [PSYoungGen: 163242K->39293K(191488K)] 563769K->440887K(715776K), 0.0132212 secs] [Times: user=0.12 sys=0.00, real=0.01 secs] 
2016-09-25T21:31:31.380-0400: 82.327: [GC (GCLocker Initiated GC) [PSYoungGen: 171389K->36497K(193536K)] 573014K->439278K(717824K), 0.0055344 secs] [Times: user=0.04 sys=0.00, real=0.01 secs] 
2016-09-25T21:31:31.470-0400: 82.417: [GC (GCLocker Initiated GC) [PSYoungGen: 168593K->39161K(197632K)] 571425K->443158K(721920K), 0.0105379 secs] [Times: user=0.10 sys=0.00, real=0.01 secs] 
2016-09-25T21:31:31.584-0400: 82.532: [GC (GCLocker Initiated GC) [PSYoungGen: 180473K->39404K(199168K)] 589995K->455302K(723456K), 0.0075715 secs] [Times: user=0.08 sys=0.00, real=0.00 secs] 
2016-09-25T21:31:31.695-0400: 82.643: [GC (GCLocker Initiated GC) [PSYoungGen: 180716K->53045K(198656K)] 596764K->470289K(722944K), 0.0069576 secs] [Times: user=0.08 sys=0.01, real=0.01 secs] 
2016-09-25T21:31:31.805-0400: 82.752: [GC (GCLocker Initiated GC) [PSYoungGen: 195381K->34071K(202240K)] 620876K->460712K(726528K), 0.0082394 secs] [Times: user=0.10 sys=0.00, real=0.00 secs] 
2016-09-25T21:31:31.919-0400: 82.867: [GC (GCLocker Initiated GC) [PSYoungGen: 176407K->39332K(197120K)] 611203K->475304K(721408K), 0.0141155 secs] [Times: user=0.13 sys=0.00, real=0.01 secs] 
2016-09-25T21:31:32.025-0400: 82.972: [GC (GCLocker Initiated GC) [PSYoungGen: 182692K->41885K(200192K)] 618689K->489870K(724480K), 0.0188330 secs] [Times: user=0.25 sys=0.01, real=0.02 secs] 
2016-09-25T21:31:32.156-0400: 83.104: [GC (GCLocker Initiated GC) [PSYoungGen: 185245K->48947K(202752K)] 638696K->522299K(727040K), 0.0072582 secs] [Times: user=0.11 sys=0.00, real=0.01 secs] 
2016-09-25T21:31:32.273-0400: 83.220: [GC (GCLocker Initiated GC) [PSYoungGen: 195379K->47566K(194048K)] 674292K->527640K(718336K), 0.0059247 secs] [Times: user=0.08 sys=0.00, real=0.01 secs] 
2016-09-25T21:31:32.393-0400: 83.341: [GC (GCLocker Initiated GC) [PSYoungGen: 193998K->50235K(200192K)] 674101K->531532K(724480K), 0.0103575 secs] [Times: user=0.11 sys=0.00, real=0.02 secs] 
2016-09-25T21:31:32.511-0400: 83.458: [GC (GCLocker Initiated GC) [PSYoungGen: 191547K->41941K(183296K)] 675576K->529865K(707584K), 0.0125529 secs] [Times: user=0.09 sys=0.01, real=0.02 secs] 
2016-09-25T21:31:32.641-0400: 83.588: [GC (GCLocker Initiated GC) [PSYoungGen: 183253K->28531K(200192K)] 676815K->525922K(724480K), 0.0164560 secs] [Times: user=0.18 sys=0.00, real=0.02 secs] 
2016-09-25T21:31:32.771-0400: 83.719: [GC (GCLocker Initiated GC) [PSYoungGen: 170355K->40603K(201216K)] 670540K->541966K(725504K), 0.0064773 secs] [Times: user=0.05 sys=0.01, real=0.01 secs] 
2016-09-25T21:31:32.883-0400: 83.831: [GC (GCLocker Initiated GC) [PSYoungGen: 182427K->29672K(201216K)] 683916K->545794K(725504K), 0.0144769 secs] [Times: user=0.13 sys=0.00, real=0.01 secs] 
2016-09-25T21:31:32.898-0400: 83.846: [Full GC (Ergonomics) [PSYoungGen: 29672K->0K(201216K)] [ParOldGen: 516122K->381579K(524288K)] 545794K->381579K(725504K), [Metaspace: 43789K->43789K(1087488K)], 0.0588777 secs] [Times: user=0.43 sys=0.01, real=0.06 secs] 
2016-09-25T21:31:33.054-0400: 84.001: [GC (GCLocker Initiated GC) [PSYoungGen: 143872K->57155K(201216K)] 525509K->438793K(725504K), 0.0178171 secs] [Times: user=0.27 sys=0.00, real=0.02 secs] 
2016-09-25T21:31:33.177-0400: 84.124: [GC (GCLocker Initiated GC) [PSYoungGen: 201027K->19059K(195072K)] 591765K->427259K(719360K), 0.0061242 secs] [Times: user=0.05 sys=0.01, real=0.01 secs] 
2016-09-25T21:31:33.272-0400: 84.220: [GC (GCLocker Initiated GC) [PSYoungGen: 153203K->52731K(186880K)] 564150K->464914K(711168K), 0.0070867 secs] [Times: user=0.09 sys=0.00, real=0.01 secs] 
2016-09-25T21:31:33.391-0400: 84.339: [GC (GCLocker Initiated GC) [PSYoungGen: 186875K->42145K(197632K)] 607392K->463645K(721920K), 0.0063395 secs] [Times: user=0.09 sys=0.01, real=0.01 secs] 
2016-09-25T21:31:33.490-0400: 84.438: [GC (GCLocker Initiated GC) [PSYoungGen: 173217K->50022K(195584K)] 594759K->472713K(719872K), 0.0057655 secs] [Times: user=0.05 sys=0.00, real=0.01 secs] 
2016-09-25T21:31:33.592-0400: 84.540: [GC (GCLocker Initiated GC) [PSYoungGen: 181094K->37971K(195584K)] 603978K->488893K(719872K), 0.0094345 secs] [Times: user=0.12 sys=0.00, real=0.01 secs] 
2016-09-25T21:31:33.700-0400: 84.647: [GC (GCLocker Initiated GC) [PSYoungGen: 170067K->38027K(196096K)] 625056K->494066K(720384K), 0.0057176 secs] [Times: user=0.08 sys=0.00, real=0.01 secs] 
2016-09-25T21:31:33.797-0400: 84.744: [GC (GCLocker Initiated GC) [PSYoungGen: 170123K->40707K(195072K)] 630246K->515434K(719360K), 0.0065144 secs] [Times: user=0.08 sys=0.00, real=0.01 secs] 
2016-09-25T21:31:33.901-0400: 84.848: [GC (GCLocker Initiated GC) [PSYoungGen: 176387K->36716K(196096K)] 659366K->534256K(720384K), 0.0084139 secs] [Times: user=0.13 sys=0.00, real=0.01 secs] 
2016-09-25T21:31:33.909-0400: 84.857: [Full GC (Ergonomics) [PSYoungGen: 36716K->0K(196096K)] [ParOldGen: 497539K->356517K(524288K)] 534256K->356517K(720384K), [Metaspace: 43790K->43790K(1087488K)], 0.2056362 secs] [Times: user=2.93 sys=0.02, real=0.21 secs] 
2016-09-25T21:31:34.216-0400: 85.164: [GC (GCLocker Initiated GC) [PSYoungGen: 135680K->58508K(193024K)] 493560K->416389K(717312K), 0.0071567 secs] [Times: user=0.11 sys=0.00, real=0.01 secs] 
2016-09-25T21:31:34.324-0400: 85.272: [GC (GCLocker Initiated GC) [PSYoungGen: 192652K->36289K(198144K)] 553355K->396993K(722432K), 0.0071331 secs] [Times: user=0.07 sys=0.00, real=0.00 secs] 
2016-09-25T21:31:34.433-0400: 85.381: [GC (GCLocker Initiated GC) [PSYoungGen: 170433K->41016K(193024K)] 531209K->401792K(717312K), 0.0221877 secs] [Times: user=0.30 sys=0.00, real=0.03 secs] 
2016-09-25T21:31:34.551-0400: 85.499: [GC (GCLocker Initiated GC) [PSYoungGen: 176184K->34638K(196096K)] 539689K->412432K(720384K), 0.0061444 secs] [Times: user=0.06 sys=0.00, real=0.01 secs] 
2016-09-25T21:31:34.664-0400: 85.611: [GC (GCLocker Initiated GC) [PSYoungGen: 169806K->30911K(200192K)] 557233K->444413K(724480K), 0.0100919 secs] [Times: user=0.09 sys=0.01, real=0.00 secs] 
2016-09-25T21:31:34.773-0400: 85.720: [GC (GCLocker Initiated GC) [PSYoungGen: 172223K->52666K(194048K)] 585806K->467108K(718336K), 0.0125546 secs] [Times: user=0.13 sys=0.00, real=0.02 secs] 
2016-09-25T21:31:34.897-0400: 85.844: [GC (GCLocker Initiated GC) [PSYoungGen: 193978K->25449K(197632K)] 608450K->454435K(721920K), 0.0081056 secs] [Times: user=0.07 sys=0.00, real=0.01 secs] 
2016-09-25T21:31:34.997-0400: 85.944: [GC (GCLocker Initiated GC) [PSYoungGen: 160617K->29616K(198656K)] 593055K->462924K(722944K), 0.0166374 secs] [Times: user=0.18 sys=0.00, real=0.01 secs] 
2016-09-25T21:31:35.107-0400: 86.054: [GC (GCLocker Initiated GC) [PSYoungGen: 164784K->32288K(196608K)] 605021K->473471K(720896K), 0.0166928 secs] [Times: user=0.20 sys=0.01, real=0.02 secs] 
2016-09-25T21:31:35.226-0400: 86.173: [GC (GCLocker Initiated GC) [PSYoungGen: 168480K->32394K(197632K)] 612390K->477214K(721920K), 0.0214845 secs] [Times: user=0.25 sys=0.00, real=0.02 secs] 
2016-09-25T21:31:35.344-0400: 86.292: [GC (GCLocker Initiated GC) [PSYoungGen: 168586K->32452K(198144K)] 616320K->492027K(722432K), 0.0202574 secs] [Times: user=0.21 sys=0.00, real=0.02 secs] 
2016-09-25T21:31:35.469-0400: 86.416: [GC (GCLocker Initiated GC) [PSYoungGen: 173252K->39113K(199168K)] 632918K->499821K(723456K), 0.0268987 secs] [Times: user=0.25 sys=0.00, real=0.03 secs] 
2016-09-25T21:31:35.610-0400: 86.557: [GC (GCLocker Initiated GC) [PSYoungGen: 179913K->40738K(202752K)] 647532K->517554K(727040K), 0.0074229 secs] [Times: user=0.08 sys=0.01, real=0.01 secs] 
2016-09-25T21:31:35.722-0400: 86.670: [GC (GCLocker Initiated GC) [PSYoungGen: 187170K->47641K(203264K)] 672143K->533802K(727552K), 0.0103009 secs] [Times: user=0.12 sys=0.00, real=0.00 secs] 
2016-09-25T21:31:35.847-0400: 86.794: [GC (GCLocker Initiated GC) [PSYoungGen: 194073K->17587K(200704K)] 684321K->527924K(724992K), 0.0061061 secs] [Times: user=0.05 sys=0.00, real=0.00 secs] 
2016-09-25T21:31:35.853-0400: 86.801: [Full GC (Ergonomics) [PSYoungGen: 17587K->0K(200704K)] [ParOldGen: 510336K->365370K(524288K)] 527924K->365370K(724992K), [Metaspace: 43803K->43803K(1087488K)], 0.0615542 secs] [Times: user=0.45 sys=0.00, real=0.07 secs] 
2016-09-25T21:31:36.021-0400: 86.969: [GC (GCLocker Initiated GC) [PSYoungGen: 142336K->43531K(186368K)] 510596K->411791K(710656K), 0.0067842 secs] [Times: user=0.07 sys=0.00, real=0.01 secs] 
2016-09-25T21:31:36.144-0400: 87.092: [GC (GCLocker Initiated GC) [PSYoungGen: 185867K->33834K(203776K)] 562376K->411672K(728064K), 0.0047778 secs] [Times: user=0.05 sys=0.00, real=0.00 secs] 
2016-09-25T21:31:36.253-0400: 87.201: [GC (GCLocker Initiated GC) [PSYoungGen: 177194K->32519K(176128K)] 560469K->430488K(700416K), 0.0065459 secs] [Times: user=0.05 sys=0.00, real=0.01 secs] 
2016-09-25T21:31:36.358-0400: 87.305: [GC (GCLocker Initiated GC) [PSYoungGen: 175879K->54359K(195584K)] 573862K->456264K(719872K), 0.0063291 secs] [Times: user=0.07 sys=0.00, real=0.01 secs] 
2016-09-25T21:31:36.463-0400: 87.410: [GC (GCLocker Initiated GC) [PSYoungGen: 192599K->48885K(187392K)] 597220K->468116K(711680K), 0.0113398 secs] [Times: user=0.14 sys=0.00, real=0.01 secs] 
2016-09-25T21:31:36.573-0400: 87.520: [GC (GCLocker Initiated GC) [PSYoungGen: 187125K->40555K(200704K)] 606357K->460926K(724992K), 0.0083429 secs] [Times: user=0.08 sys=0.01, real=0.01 secs] 
2016-09-25T21:31:36.675-0400: 87.622: [GC (GCLocker Initiated GC) [PSYoungGen: 177771K->28447K(165888K)] 603545K->455273K(690176K), 0.0128569 secs] [Times: user=0.11 sys=0.00, real=0.01 secs] 
2016-09-25T21:31:36.795-0400: 87.742: [GC (GCLocker Initiated GC) [PSYoungGen: 165663K->27031K(198144K)] 598073K->460496K(722432K), 0.0252316 secs] [Times: user=0.29 sys=0.00, real=0.02 secs] 
2016-09-25T21:31:36.919-0400: 87.866: [GC (GCLocker Initiated GC) [PSYoungGen: 164247K->48680K(198144K)] 597749K->483307K(722432K), 0.0060755 secs] [Times: user=0.05 sys=0.00, real=0.01 secs] 
2016-09-25T21:31:37.032-0400: 87.980: [GC (GCLocker Initiated GC) [PSYoungGen: 185896K->21779K(199168K)] 624607K->488607K(723456K), 0.0128149 secs] [Times: user=0.12 sys=0.00, real=0.02 secs] 
2016-09-25T21:31:37.137-0400: 88.085: [GC (GCLocker Initiated GC) [PSYoungGen: 157971K->44699K(181248K)] 624940K->531674K(705536K), 0.0065533 secs] [Times: user=0.07 sys=0.00, real=0.01 secs] 
2016-09-25T21:31:37.234-0400: 88.182: [GC (GCLocker Initiated GC) [PSYoungGen: 180891K->29848K(200192K)] 667899K->534043K(724480K), 0.0099786 secs] [Times: user=0.08 sys=0.01, real=0.02 secs] 
2016-09-25T21:31:37.244-0400: 88.192: [Full GC (Ergonomics) [PSYoungGen: 29848K->0K(200192K)] [ParOldGen: 504195K->375247K(524288K)] 534043K->375247K(724480K), [Metaspace: 43811K->43811K(1087488K)], 0.0636406 secs] [Times: user=0.43 sys=0.00, real=0.06 secs] 
2016-09-25T21:31:37.397-0400: 88.344: [GC (GCLocker Initiated GC) [PSYoungGen: 136704K->25699K(162816K)] 514829K->403825K(687104K), 0.0054382 secs] [Times: user=0.02 sys=0.01, real=0.01 secs] 
2016-09-25T21:31:37.492-0400: 88.440: [GC (GCLocker Initiated GC) [PSYoungGen: 162403K->37725K(199680K)] 543257K->419810K(723968K), 0.0138064 secs] [Times: user=0.15 sys=0.00, real=0.02 secs] 
2016-09-25T21:31:37.605-0400: 88.553: [GC (GCLocker Initiated GC) [PSYoungGen: 175965K->32647K(198144K)] 569012K->450989K(722432K), 0.0074468 secs] [Times: user=0.11 sys=0.00, real=0.00 secs] 
2016-09-25T21:31:37.706-0400: 88.654: [GC (GCLocker Initiated GC) [PSYoungGen: 170887K->29971K(199680K)] 604260K->480674K(723968K), 0.0063496 secs] [Times: user=0.08 sys=0.00, real=0.00 secs] 
2016-09-25T21:31:37.823-0400: 88.770: [GC (GCLocker Initiated GC) [PSYoungGen: 171795K->43446K(198656K)] 625207K->497959K(722944K), 0.0054676 secs] [Times: user=0.07 sys=0.00, real=0.00 secs] 
2016-09-25T21:31:37.930-0400: 88.877: [GC (GCLocker Initiated GC) [PSYoungGen: 185270K->47466K(200192K)] 647931K->511235K(724480K), 0.0199660 secs] [Times: user=0.23 sys=0.00, real=0.02 secs] 
2016-09-25T21:31:38.053-0400: 89.001: [GC (GCLocker Initiated GC) [PSYoungGen: 189802K->22941K(202240K)] 657593K->502647K(726528K), 0.0057675 secs] [Times: user=0.04 sys=0.00, real=0.01 secs] 
2016-09-25T21:31:38.153-0400: 89.100: [GC (GCLocker Initiated GC) [PSYoungGen: 165277K->41780K(202240K)] 645057K->522621K(726528K), 0.0262065 secs] [Times: user=0.30 sys=0.00, real=0.03 secs] 
2016-09-25T21:31:38.286-0400: 89.233: [GC (GCLocker Initiated GC) [PSYoungGen: 184116K->42973K(202240K)] 669092K->528883K(726528K), 0.0064670 secs] [Times: user=0.06 sys=0.00, real=0.00 secs] 
2016-09-25T21:31:38.389-0400: 89.336: [GC (GCLocker Initiated GC) [PSYoungGen: 185309K->32363K(199168K)] 673992K->529988K(723456K), 0.0084705 secs] [Times: user=0.10 sys=0.00, real=0.01 secs] 
2016-09-25T21:31:38.397-0400: 89.345: [Full GC (Ergonomics) [PSYoungGen: 32363K->0K(199168K)] [ParOldGen: 497624K->390215K(524288K)] 529988K->390215K(723456K), [Metaspace: 43822K->43822K(1087488K)], 0.0643314 secs] [Times: user=0.53 sys=0.01, real=0.06 secs] 
2016-09-25T21:31:38.551-0400: 89.499: [GC (GCLocker Initiated GC) [PSYoungGen: 142336K->43286K(200704K)] 535500K->436450K(724992K), 0.0212398 secs] [Times: user=0.28 sys=0.00, real=0.02 secs] 
2016-09-25T21:31:38.672-0400: 89.620: [GC (GCLocker Initiated GC) [PSYoungGen: 185622K->40269K(202240K)] 584220K->439827K(726528K), 0.0051326 secs] [Times: user=0.05 sys=0.00, real=0.01 secs] 
2016-09-25T21:31:38.768-0400: 89.715: [GC (GCLocker Initiated GC) [PSYoungGen: 185165K->47120K(202752K)] 587597K->453049K(727040K), 0.0062796 secs] [Times: user=0.08 sys=0.00, real=0.00 secs] 
2016-09-25T21:31:38.877-0400: 89.824: [GC (GCLocker Initiated GC) [PSYoungGen: 192016K->44529K(202752K)] 597969K->451315K(727040K), 0.0072321 secs] [Times: user=0.07 sys=0.00, real=0.01 secs] 
2016-09-25T21:31:38.984-0400: 89.931: [GC (GCLocker Initiated GC) [PSYoungGen: 187889K->28239K(202752K)] 599104K->440407K(727040K), 0.0051980 secs] [Times: user=0.05 sys=0.00, real=0.00 secs] 
2016-09-25T21:31:39.096-0400: 90.044: [GC (GCLocker Initiated GC) [PSYoungGen: 171599K->37845K(198656K)] 589345K->456540K(722944K), 0.0055757 secs] [Times: user=0.05 sys=0.00, real=0.00 secs] 
2016-09-25T21:31:39.202-0400: 90.150: [GC (GCLocker Initiated GC) [PSYoungGen: 181205K->54186K(200704K)] 605302K->479229K(724992K), 0.0145445 secs] [Times: user=0.20 sys=0.00, real=0.02 secs] 
2016-09-25T21:31:39.327-0400: 90.275: [GC (GCLocker Initiated GC) [PSYoungGen: 197546K->39271K(202752K)] 622597K->465361K(727040K), 0.0123723 secs] [Times: user=0.10 sys=0.00, real=0.01 secs] 
2016-09-25T21:31:39.463-0400: 90.411: [GC (GCLocker Initiated GC) [PSYoungGen: 180583K->32674K(174080K)] 614777K->468011K(698368K), 0.0083207 secs] [Times: user=0.07 sys=0.00, real=0.00 secs] 
2016-09-25T21:31:39.605-0400: 90.552: [GC (GCLocker Initiated GC) [PSYoungGen: 173986K->55865K(194560K)] 609397K->492629K(718848K), 0.0069527 secs] [Times: user=0.08 sys=0.00, real=0.00 secs] 
2016-09-25T21:31:39.718-0400: 90.666: [GC (GCLocker Initiated GC) [PSYoungGen: 192057K->52772K(189440K)] 628840K->490932K(713728K), 0.0135373 secs] [Times: user=0.14 sys=0.00, real=0.01 secs] 
2016-09-25T21:31:39.832-0400: 90.780: [GC (GCLocker Initiated GC) [PSYoungGen: 188964K->40992K(199168K)] 631185K->484310K(723456K), 0.0097922 secs] [Times: user=0.15 sys=0.00, real=0.01 secs] 
2016-09-25T21:31:39.940-0400: 90.887: [GC (GCLocker Initiated GC) [PSYoungGen: 175136K->44847K(179200K)] 618560K->489665K(703488K), 0.0168547 secs] [Times: user=0.18 sys=0.01, real=0.02 secs] 
2016-09-25T21:31:40.061-0400: 91.008: [GC (GCLocker Initiated GC) [PSYoungGen: 178991K->25822K(195072K)] 623881K->485434K(719360K), 0.0070170 secs] [Times: user=0.08 sys=0.00, real=0.01 secs] 
2016-09-25T21:31:40.166-0400: 91.114: [GC (GCLocker Initiated GC) [PSYoungGen: 158942K->39490K(196096K)] 621294K->503052K(720384K), 0.0094173 secs] [Times: user=0.09 sys=0.00, real=0.01 secs] 
2016-09-25T21:31:40.273-0400: 91.221: [GC (GCLocker Initiated GC) [PSYoungGen: 172610K->38088K(196096K)] 636250K->527350K(720384K), 0.0069143 secs] [Times: user=0.07 sys=0.00, real=0.01 secs] 
2016-09-25T21:31:40.377-0400: 91.324: [GC (GCLocker Initiated GC) [PSYoungGen: 176328K->27146K(197120K)] 665762K->528521K(721408K), 0.0111775 secs] [Times: user=0.12 sys=0.00, real=0.01 secs] 
2016-09-25T21:31:40.388-0400: 91.335: [Full GC (Ergonomics) [PSYoungGen: 27146K->0K(197120K)] [ParOldGen: 501375K->405142K(524288K)] 528521K->405142K(721408K), [Metaspace: 43822K->43822K(1087488K)], 0.0692917 secs] [Times: user=0.52 sys=0.00, real=0.07 secs] 
2016-09-25T21:31:40.575-0400: 91.522: [GC (GCLocker Initiated GC) [PSYoungGen: 138240K->44155K(202752K)] 548814K->454730K(727040K), 0.0088088 secs] [Times: user=0.11 sys=0.00, real=0.01 secs] 
2016-09-25T21:31:40.700-0400: 91.647: [GC (GCLocker Initiated GC) [PSYoungGen: 187515K->38401K(182272K)] 604979K->459079K(706560K), 0.0078679 secs] [Times: user=0.08 sys=0.00, real=0.01 secs] 
2016-09-25T21:31:40.836-0400: 91.783: [GC (GCLocker Initiated GC) [PSYoungGen: 181761K->49189K(198656K)] 607921K->476860K(722944K), 0.0112153 secs] [Times: user=0.12 sys=0.00, real=0.01 secs] 
2016-09-25T21:31:40.953-0400: 91.901: [GC (GCLocker Initiated GC) [PSYoungGen: 190501K->46475K(200704K)] 618307K->481284K(724992K), 0.0188680 secs] [Times: user=0.23 sys=0.00, real=0.02 secs] 
2016-09-25T21:31:41.073-0400: 92.021: [GC (GCLocker Initiated GC) [PSYoungGen: 187787K->34223K(201216K)] 627006K->488402K(725504K), 0.0110071 secs] [Times: user=0.12 sys=0.01, real=0.02 secs] 
2016-09-25T21:31:41.197-0400: 92.144: [GC (GCLocker Initiated GC) [PSYoungGen: 177071K->53194K(196096K)] 631283K->508718K(720384K), 0.0229861 secs] [Times: user=0.26 sys=0.00, real=0.02 secs] 
2016-09-25T21:31:41.331-0400: 92.278: [GC (GCLocker Initiated GC) [PSYoungGen: 196042K->20542K(197120K)] 651579K->496473K(721408K), 0.0085188 secs] [Times: user=0.07 sys=0.00, real=0.01 secs] 
2016-09-25T21:31:41.444-0400: 92.391: [GC (GCLocker Initiated GC) [PSYoungGen: 155710K->58384K(194048K)] 634350K->546534K(718336K), 0.0102000 secs] [Times: user=0.12 sys=0.00, real=0.00 secs] 
2016-09-25T21:31:41.555-0400: 92.502: [GC (GCLocker Initiated GC) [PSYoungGen: 193552K->51780K(190976K)] 681716K->541092K(715264K), 0.0066879 secs] [Times: user=0.08 sys=0.00, real=0.00 secs] 
2016-09-25T21:31:41.641-0400: 92.589: [GC (GCLocker Initiated GC) [PSYoungGen: 174660K->47604K(192512K)] 668024K->555731K(716800K), 0.0100220 secs] [Times: user=0.14 sys=0.00, real=0.01 secs] 
2016-09-25T21:31:41.651-0400: 92.599: [Full GC (Ergonomics) [PSYoungGen: 47604K->0K(192512K)] [ParOldGen: 508127K->423938K(524288K)] 555731K->423938K(716800K), [Metaspace: 43826K->43826K(1087488K)], 0.0647778 secs] [Times: user=0.64 sys=0.00, real=0.07 secs] 
2016-09-25T21:31:41.841-0400: 92.788: [GC (GCLocker Initiated GC) [PSYoungGen: 122880K->46651K(189952K)] 550896K->474668K(714240K), 0.0094090 secs] [Times: user=0.09 sys=0.00, real=0.01 secs] 
2016-09-25T21:31:41.946-0400: 92.894: [GC (GCLocker Initiated GC) [PSYoungGen: 170555K->38070K(191488K)] 604042K->475998K(715776K), 0.0055875 secs] [Times: user=0.06 sys=0.00, real=0.00 secs] 
2016-09-25T21:31:42.056-0400: 93.004: [GC (GCLocker Initiated GC) [PSYoungGen: 161974K->31161K(193536K)] 606667K->495910K(717824K), 0.0168399 secs] [Times: user=0.21 sys=0.00, real=0.01 secs] 
2016-09-25T21:31:42.179-0400: 93.126: [GC (GCLocker Initiated GC) [PSYoungGen: 159673K->28532K(194048K)] 631192K->501136K(718336K), 0.0086907 secs] [Times: user=0.07 sys=0.00, real=0.01 secs] 
2016-09-25T21:31:42.291-0400: 93.239: [GC (GCLocker Initiated GC) [PSYoungGen: 157044K->40561K(191488K)] 629711K->514495K(715776K), 0.0159247 secs] [Times: user=0.17 sys=0.00, real=0.02 secs] 
2016-09-25T21:31:42.405-0400: 93.353: [GC (GCLocker Initiated GC) [PSYoungGen: 171633K->28548K(194048K)] 648334K->533388K(718336K), 0.0063230 secs] [Times: user=0.04 sys=0.01, real=0.00 secs] 
2016-09-25T21:31:42.412-0400: 93.359: [Full GC (Ergonomics) [PSYoungGen: 28548K->0K(194048K)] [ParOldGen: 504839K->404174K(524288K)] 533388K->404174K(718336K), [Metaspace: 43826K->43826K(1087488K)], 0.0857214 secs] [Times: user=0.95 sys=0.01, real=0.09 secs] 
2016-09-25T21:31:42.606-0400: 93.554: [GC (GCLocker Initiated GC) [PSYoungGen: 131072K->22409K(198144K)] 545041K->436378K(722432K), 0.0106711 secs] [Times: user=0.13 sys=0.00, real=0.01 secs] 
2016-09-25T21:31:42.728-0400: 93.676: [GC (GCLocker Initiated GC) [PSYoungGen: 157577K->39187K(174592K)] 574279K->457745K(698880K), 0.0111180 secs] [Times: user=0.11 sys=0.00, real=0.01 secs] 
2016-09-25T21:31:42.845-0400: 93.792: [GC (GCLocker Initiated GC) [PSYoungGen: 174355K->23140K(197120K)] 598356K->458960K(721408K), 0.0054840 secs] [Times: user=0.05 sys=0.00, real=0.00 secs] 
2016-09-25T21:31:42.956-0400: 93.904: [GC (GCLocker Initiated GC) [PSYoungGen: 158820K->57003K(193024K)] 594677K->515776K(717312K), 0.0071794 secs] [Times: user=0.09 sys=0.00, real=0.01 secs] 
2016-09-25T21:31:43.067-0400: 94.014: [GC (GCLocker Initiated GC) [PSYoungGen: 192683K->24785K(196096K)] 664980K->519847K(720384K), 0.0057318 secs] [Times: user=0.05 sys=0.00, real=0.00 secs] 
2016-09-25T21:31:43.073-0400: 94.020: [Full GC (Ergonomics) [PSYoungGen: 24785K->0K(196096K)] [ParOldGen: 495061K->412681K(524288K)] 519847K->412681K(720384K), [Metaspace: 43826K->43826K(1087488K)], 0.0620141 secs] [Times: user=0.58 sys=0.00, real=0.07 secs] 
2016-09-25T21:31:43.232-0400: 94.180: [GC (GCLocker Initiated GC) [PSYoungGen: 129536K->53335K(183296K)] 542230K->466030K(707584K), 0.0090040 secs] [Times: user=0.11 sys=0.00, real=0.01 secs] 
2016-09-25T21:31:43.348-0400: 94.295: [GC (GCLocker Initiated GC) [PSYoungGen: 182871K->43661K(194048K)] 606369K->467159K(718336K), 0.0137585 secs] [Times: user=0.18 sys=0.00, real=0.01 secs] 
2016-09-25T21:31:43.460-0400: 94.408: [GC (GCLocker Initiated GC) [PSYoungGen: 168077K->52727K(177152K)] 596992K->483118K(701440K), 0.0063978 secs] [Times: user=0.05 sys=0.00, real=0.01 secs] 
2016-09-25T21:31:43.580-0400: 94.527: [GC (GCLocker Initiated GC) [PSYoungGen: 177143K->32318K(193536K)] 608986K->465389K(717824K), 0.0074007 secs] [Times: user=0.06 sys=0.00, real=0.01 secs] 
2016-09-25T21:31:43.677-0400: 94.624: [GC (GCLocker Initiated GC) [PSYoungGen: 155710K->46034K(169472K)] 588975K->496655K(693760K), 0.0159530 secs] [Times: user=0.16 sys=0.00, real=0.01 secs] 
2016-09-25T21:31:43.789-0400: 94.736: [GC (GCLocker Initiated GC) [PSYoungGen: 169426K->39413K(194048K)] 625589K->508786K(718336K), 0.0062958 secs] [Times: user=0.05 sys=0.00, real=0.01 secs] 
2016-09-25T21:31:43.892-0400: 94.839: [GC (GCLocker Initiated GC) [PSYoungGen: 165365K->51633K(191488K)] 634820K->522340K(715776K), 0.0062238 secs] [Times: user=0.04 sys=0.01, real=0.01 secs] 
2016-09-25T21:31:44.002-0400: 94.950: [GC (GCLocker Initiated GC) [PSYoungGen: 177585K->51942K(192512K)] 651235K->532364K(716800K), 0.0087222 secs] [Times: user=0.07 sys=0.00, real=0.00 secs] 
2016-09-25T21:31:44.132-0400: 95.079: [GC (GCLocker Initiated GC) [PSYoungGen: 176870K->41066K(166400K)] 660121K->525773K(690688K), 0.0061907 secs] [Times: user=0.05 sys=0.01, real=0.01 secs] 
2016-09-25T21:31:44.234-0400: 95.182: [GC (GCLocker Initiated GC) [PSYoungGen: 165994K->50520K(192000K)] 656339K->542374K(716288K), 0.0074021 secs] [Times: user=0.11 sys=0.00, real=0.00 secs] 
2016-09-25T21:31:44.340-0400: 95.288: [GC (GCLocker Initiated GC) [PSYoungGen: 175960K->62671K(188416K)] 673253K->561340K(712704K), 0.0073411 secs] [Times: user=0.11 sys=0.00, real=0.01 secs] 
2016-09-25T21:31:44.452-0400: 95.400: [Full GC (Ergonomics) [PSYoungGen: 188111K->0K(188416K)] [ParOldGen: 501568K->430338K(524288K)] 689680K->430338K(712704K), [Metaspace: 43849K->43849K(1087488K)], 0.0649085 secs] [Times: user=0.40 sys=0.01, real=0.07 secs] 
2016-09-25T21:31:44.618-0400: 95.566: [GC (GCLocker Initiated GC) [PSYoungGen: 125440K->48319K(191488K)] 555829K->478709K(715776K), 0.0104750 secs] [Times: user=0.11 sys=0.00, real=0.01 secs] 
2016-09-25T21:31:44.719-0400: 95.667: [GC (GCLocker Initiated GC) [PSYoungGen: 168127K->37915K(158208K)] 598551K->470059K(682496K), 0.0058782 secs] [Times: user=0.05 sys=0.00, real=0.01 secs] 
2016-09-25T21:31:44.822-0400: 95.769: [GC (GCLocker Initiated GC) [PSYoungGen: 157723K->52593K(188416K)] 595329K->490199K(712704K), 0.0063532 secs] [Times: user=0.06 sys=0.00, real=0.01 secs] 
2016-09-25T21:31:44.938-0400: 95.886: [GC (GCLocker Initiated GC) [PSYoungGen: 171889K->64763K(184320K)] 609606K->502480K(708608K), 0.0131547 secs] [Times: user=0.18 sys=0.00, real=0.01 secs] 
2016-09-25T21:31:45.042-0400: 95.990: [GC (GCLocker Initiated GC) [PSYoungGen: 184059K->40478K(188928K)] 628798K->494438K(713216K), 0.0092129 secs] [Times: user=0.11 sys=0.00, real=0.00 secs] 
2016-09-25T21:31:45.147-0400: 96.094: [GC (GCLocker Initiated GC) [PSYoungGen: 155166K->28498K(187904K)] 622764K->509300K(712192K), 0.0095542 secs] [Times: user=0.10 sys=0.00, real=0.01 secs] 
2016-09-25T21:31:45.249-0400: 96.196: [GC (GCLocker Initiated GC) [PSYoungGen: 143186K->43512K(184832K)] 628115K->530857K(709120K), 0.0100831 secs] [Times: user=0.14 sys=0.00, real=0.01 secs] 
2016-09-25T21:31:45.365-0400: 96.313: [GC (GCLocker Initiated GC) [PSYoungGen: 159224K->32621K(186368K)] 649440K->524051K(710656K), 0.0063480 secs] [Times: user=0.05 sys=0.00, real=0.00 secs] 
2016-09-25T21:31:45.468-0400: 96.415: [GC (GCLocker Initiated GC) [PSYoungGen: 148333K->26261K(190976K)] 648170K->527405K(715264K), 0.0052122 secs] [Times: user=0.04 sys=0.00, real=0.00 secs] 
2016-09-25T21:31:45.567-0400: 96.515: [Full GC (Ergonomics) [PSYoungGen: 147093K->0K(190976K)] [ParOldGen: 512179K->439747K(524288K)] 659273K->439747K(715264K), [Metaspace: 43849K->43849K(1087488K)], 0.0680338 secs] [Times: user=0.56 sys=0.01, real=0.07 secs] 
2016-09-25T21:31:45.730-0400: 96.677: [GC (GCLocker Initiated GC) [PSYoungGen: 120832K->43421K(164352K)] 563358K->485947K(688640K), 0.0055524 secs] [Times: user=0.06 sys=0.01, real=0.01 secs] 
2016-09-25T21:31:45.830-0400: 96.777: [GC (GCLocker Initiated GC) [PSYoungGen: 164253K->50055K(188928K)] 614910K->500712K(713216K), 0.0136448 secs] [Times: user=0.18 sys=0.00, real=0.02 secs] 
2016-09-25T21:31:45.940-0400: 96.888: [GC (GCLocker Initiated GC) [PSYoungGen: 170887K->35559K(189440K)] 626980K->518277K(713728K), 0.0064416 secs] [Times: user=0.07 sys=0.00, real=0.01 secs] 
2016-09-25T21:31:46.046-0400: 96.994: [GC (GCLocker Initiated GC) [PSYoungGen: 156391K->35366K(190976K)] 645977K->528941K(715264K), 0.0124141 secs] [Times: user=0.13 sys=0.00, real=0.01 secs] 
2016-09-25T21:31:46.156-0400: 97.104: [GC (GCLocker Initiated GC) [PSYoungGen: 161318K->31263K(192000K)] 654918K->526167K(716288K), 0.0136998 secs] [Times: user=0.13 sys=0.00, real=0.01 secs] 
2016-09-25T21:31:46.261-0400: 97.208: [Full GC (Ergonomics) [PSYoungGen: 157215K->0K(192000K)] [ParOldGen: 503035K->444177K(524288K)] 660251K->444177K(716288K), [Metaspace: 43849K->43849K(1087488K)], 0.0684655 secs] [Times: user=0.43 sys=0.01, real=0.07 secs] 
2016-09-25T21:31:46.429-0400: 97.376: [GC (GCLocker Initiated GC) [PSYoungGen: 125952K->34359K(192512K)] 581156K->489563K(716800K), 0.0245660 secs] [Times: user=0.27 sys=0.00, real=0.02 secs] 
2016-09-25T21:31:46.554-0400: 97.501: [GC (GCLocker Initiated GC) [PSYoungGen: 164919K->46314K(194560K)] 625528K->511374K(718848K), 0.0061404 secs] [Times: user=0.05 sys=0.00, real=0.01 secs] 
2016-09-25T21:31:46.669-0400: 97.616: [GC (GCLocker Initiated GC) [PSYoungGen: 176874K->36862K(194048K)] 647377K->508620K(718336K), 0.0152991 secs] [Times: user=0.15 sys=0.00, real=0.02 secs] 
2016-09-25T21:31:46.786-0400: 97.733: [GC (GCLocker Initiated GC) [PSYoungGen: 171006K->24456K(196096K)] 650896K->505636K(720384K), 0.0059432 secs] [Times: user=0.07 sys=0.00, real=0.00 secs] 
2016-09-25T21:31:46.894-0400: 97.841: [GC (GCLocker Initiated GC) [PSYoungGen: 158600K->31234K(198656K)] 646592K->528584K(722944K), 0.0062290 secs] [Times: user=0.06 sys=0.01, real=0.01 secs] 
2016-09-25T21:31:47.015-0400: 97.963: [GC (GCLocker Initiated GC) [PSYoungGen: 168962K->28636K(199168K)] 673078K->533958K(723456K), 0.0113343 secs] [Times: user=0.14 sys=0.00, real=0.01 secs] 
2016-09-25T21:31:47.152-0400: 98.100: [GC (GCLocker Initiated GC) [PSYoungGen: 166364K->43736K(200704K)] 671689K->550361K(724992K), 0.0080342 secs] [Times: user=0.11 sys=0.00, real=0.01 secs] 
2016-09-25T21:31:47.272-0400: 98.219: [Full GC (Ergonomics) [PSYoungGen: 183512K->0K(200704K)] [ParOldGen: 514748K->456920K(524288K)] 698260K->456920K(724992K), [Metaspace: 43849K->43849K(1087488K)], 0.0668246 secs] [Times: user=0.59 sys=0.00, real=0.07 secs] 
2016-09-25T21:31:47.461-0400: 98.409: [GC (GCLocker Initiated GC) [PSYoungGen: 139776K->42702K(200704K)] 605023K->507958K(724992K), 0.0078573 secs] [Times: user=0.08 sys=0.00, real=0.01 secs] 
2016-09-25T21:31:47.584-0400: 98.531: [GC (GCLocker Initiated GC) [PSYoungGen: 182478K->32968K(198656K)] 653567K->504057K(722944K), 0.0140944 secs] [Times: user=0.17 sys=0.00, real=0.01 secs] 
2016-09-25T21:31:47.701-0400: 98.649: [GC (GCLocker Initiated GC) [PSYoungGen: 173768K->52967K(199680K)] 644961K->525833K(723968K), 0.0141325 secs] [Times: user=0.16 sys=0.00, real=0.02 secs] 
2016-09-25T21:31:47.824-0400: 98.772: [GC (GCLocker Initiated GC) [PSYoungGen: 193767K->38091K(201216K)] 672149K->521702K(725504K), 0.0053445 secs] [Times: user=0.04 sys=0.00, real=0.00 secs] 
2016-09-25T21:31:47.937-0400: 98.884: [GC (GCLocker Initiated GC) [PSYoungGen: 177355K->39578K(179200K)] 674706K->540949K(703488K), 0.0206497 secs] [Times: user=0.29 sys=0.01, real=0.02 secs] 
2016-09-25T21:31:48.075-0400: 99.022: [GC (GCLocker Initiated GC) --[PSYoungGen: 178842K->178842K(179200K)] 688405K->700495K(703488K), 0.0145694 secs] [Times: user=0.11 sys=0.01, real=0.01 secs] 
2016-09-25T21:31:48.090-0400: 99.037: [Full GC (Ergonomics) [PSYoungGen: 178842K->0K(179200K)] [ParOldGen: 521653K->441092K(524288K)] 700495K->441092K(703488K), [Metaspace: 43857K->43857K(1087488K)], 0.0816709 secs] [Times: user=0.81 sys=0.01, real=0.08 secs] 
2016-09-25T21:31:48.279-0400: 99.226: [GC (GCLocker Initiated GC) [PSYoungGen: 139264K->29287K(198144K)] 585301K->475325K(722432K), 0.0050251 secs] [Times: user=0.04 sys=0.00, real=0.01 secs] 
2016-09-25T21:31:48.391-0400: 99.338: [GC (GCLocker Initiated GC) [PSYoungGen: 169063K->25823K(198144K)] 622035K->481968K(722432K), 0.0049989 secs] [Times: user=0.05 sys=0.00, real=0.01 secs] 
2016-09-25T21:31:48.505-0400: 99.452: [GC (GCLocker Initiated GC) [PSYoungGen: 165599K->42251K(203776K)] 627154K->505057K(728064K), 0.0067939 secs] [Times: user=0.10 sys=0.00, real=0.00 secs] 
2016-09-25T21:31:48.623-0400: 99.571: [GC (GCLocker Initiated GC) [PSYoungGen: 187659K->42328K(187904K)] 657243K->511912K(712192K), 0.0054419 secs] [Times: user=0.07 sys=0.00, real=0.00 secs] 
2016-09-25T21:31:48.753-0400: 99.701: [GC (GCLocker Initiated GC) [PSYoungGen: 187736K->51455K(198144K)] 660034K->523752K(722432K), 0.0067282 secs] [Times: user=0.06 sys=0.00, real=0.01 secs] 
2016-09-25T21:31:48.862-0400: 99.810: [GC (GCLocker Initiated GC) [PSYoungGen: 191743K->59424K(200192K)] 664133K->537215K(724480K), 0.0071262 secs] [Times: user=0.08 sys=0.01, real=0.00 secs] 
2016-09-25T21:31:48.973-0400: 99.921: [GC (GCLocker Initiated GC) [PSYoungGen: 199712K->46961K(192000K)] 677505K->524754K(716288K), 0.0082087 secs] [Times: user=0.09 sys=0.00, real=0.01 secs] 
2016-09-25T21:31:49.082-0400: 100.030: [GC (GCLocker Initiated GC) [PSYoungGen: 177009K->47976K(196096K)] 654824K->525791K(720384K), 0.0056616 secs] [Times: user=0.06 sys=0.00, real=0.00 secs] 
2016-09-25T21:31:49.187-0400: 100.135: [GC (GCLocker Initiated GC) [PSYoungGen: 178024K->44813K(193024K)] 655926K->522716K(717312K), 0.0069113 secs] [Times: user=0.07 sys=0.00, real=0.01 secs] 
2016-09-25T21:31:49.293-0400: 100.240: [GC (GCLocker Initiated GC) [PSYoungGen: 174861K->63699K(194048K)] 655498K->552436K(718336K), 0.0073673 secs] [Times: user=0.10 sys=0.00, real=0.01 secs] 
2016-09-25T21:31:49.393-0400: 100.340: [GC (GCLocker Initiated GC) [PSYoungGen: 193747K->67382K(178688K)] 682501K->566937K(702976K), 0.0126492 secs] [Times: user=0.14 sys=0.00, real=0.02 secs] 
2016-09-25T21:31:49.485-0400: 100.433: [GC (GCLocker Initiated GC) [PSYoungGen: 177974K->48241K(186368K)] 682016K->553482K(710656K), 0.0061449 secs] [Times: user=0.05 sys=0.01, real=0.00 secs] 
2016-09-25T21:31:49.580-0400: 100.528: [GC (GCLocker Initiated GC) [PSYoungGen: 158833K->69601K(177152K)] 664223K->576354K(701440K), 0.0109731 secs] [Times: user=0.14 sys=0.00, real=0.01 secs] 
2016-09-25T21:31:49.657-0400: 100.605: [GC (GCLocker Initiated GC) [PSYoungGen: 173025K->77324K(181248K)] 679914K->588332K(705536K), 0.0079058 secs] [Times: user=0.11 sys=0.00, real=0.01 secs] 
2016-09-25T21:31:49.755-0400: 100.702: [Full GC (Ergonomics) [PSYoungGen: 180748K->0K(181248K)] [ParOldGen: 516421K->457705K(524288K)] 697170K->457705K(705536K), [Metaspace: 43864K->43864K(1087488K)], 0.0547034 secs] [Times: user=0.44 sys=0.01, real=0.05 secs] 
2016-09-25T21:31:49.891-0400: 100.839: [GC (GCLocker Initiated GC) [PSYoungGen: 103424K->45009K(174080K)] 561136K->502722K(698368K), 0.0109235 secs] [Times: user=0.15 sys=0.01, real=0.02 secs] 
2016-09-25T21:31:49.981-0400: 100.928: [GC (GCLocker Initiated GC) [PSYoungGen: 138193K->41575K(177664K)] 598635K->502017K(701952K), 0.0096269 secs] [Times: user=0.10 sys=0.00, real=0.01 secs] 
2016-09-25T21:31:50.052-0400: 101.000: [GC (GCLocker Initiated GC) [PSYoungGen: 134759K->49142K(169984K)] 597937K->512320K(694272K), 0.0170025 secs] [Times: user=0.21 sys=0.01, real=0.02 secs] 
2016-09-25T21:31:50.134-0400: 101.081: [GC (GCLocker Initiated GC) [PSYoungGen: 143862K->44384K(174592K)] 607210K->507731K(698880K), 0.0150930 secs] [Times: user=0.15 sys=0.00, real=0.02 secs] 
2016-09-25T21:31:50.224-0400: 101.172: [GC (GCLocker Initiated GC) [PSYoungGen: 139104K->34593K(180224K)] 609332K->506102K(704512K), 0.0142108 secs] [Times: user=0.16 sys=0.00, real=0.01 secs] 
2016-09-25T21:31:50.327-0400: 101.275: [GC (GCLocker Initiated GC) [PSYoungGen: 139041K->31144K(182272K)] 611986K->508375K(706560K), 0.0078437 secs] [Times: user=0.07 sys=0.00, real=0.01 secs] 
2016-09-25T21:31:50.401-0400: 101.349: [GC (GCLocker Initiated GC) [PSYoungGen: 135592K->45370K(178176K)] 615530K->526857K(702464K), 0.0154729 secs] [Times: user=0.15 sys=0.00, real=0.02 secs] 
2016-09-25T21:31:50.508-0400: 101.455: [GC (GCLocker Initiated GC) [PSYoungGen: 151866K->37945K(181248K)] 637485K->526804K(705536K), 0.0136993 secs] [Times: user=0.15 sys=0.00, real=0.01 secs] 
2016-09-25T21:31:50.614-0400: 101.561: [GC (GCLocker Initiated GC) [PSYoungGen: 144441K->21937K(185856K)] 652237K->530924K(710144K), 0.0138498 secs] [Times: user=0.15 sys=0.01, real=0.02 secs] 
2016-09-25T21:31:50.719-0400: 101.667: [GC (GCLocker Initiated GC) [PSYoungGen: 134577K->24516K(187392K)] 649865K->541051K(711680K), 0.0042559 secs] [Times: user=0.03 sys=0.00, real=0.01 secs] 
2016-09-25T21:31:50.803-0400: 101.750: [GC (GCLocker Initiated GC) [PSYoungGen: 137156K->47232K(185344K)] 653724K->564894K(709632K), 0.0098466 secs] [Times: user=0.11 sys=0.00, real=0.00 secs] 
2016-09-25T21:31:50.813-0400: 101.760: [Full GC (Ergonomics) [PSYoungGen: 47232K->0K(185344K)] [ParOldGen: 517661K->462112K(524288K)] 564894K->462112K(709632K), [Metaspace: 43865K->43865K(1087488K)], 0.0718940 secs] [Times: user=0.72 sys=0.01, real=0.08 secs] 
2016-09-25T21:31:50.954-0400: 101.901: [GC (GCLocker Initiated GC) [PSYoungGen: 112640K->58819K(171520K)] 574939K->521118K(695808K), 0.0060281 secs] [Times: user=0.05 sys=0.00, real=0.01 secs] 
2016-09-25T21:31:51.051-0400: 101.998: [GC (GCLocker Initiated GC) [PSYoungGen: 171459K->51750K(185856K)] 643259K->525212K(710144K), 0.0058144 secs] [Times: user=0.07 sys=0.00, real=0.01 secs] 
2016-09-25T21:31:51.149-0400: 102.097: [GC (GCLocker Initiated GC) [PSYoungGen: 160806K->44653K(154112K)] 642410K->527537K(678400K), 0.0124918 secs] [Times: user=0.18 sys=0.00, real=0.01 secs] 
2016-09-25T21:31:51.255-0400: 102.202: [GC (GCLocker Initiated GC) [PSYoungGen: 153709K->39223K(184320K)] 642015K->528583K(708608K), 0.0141685 secs] [Times: user=0.17 sys=0.00, real=0.01 secs] 
2016-09-25T21:31:51.359-0400: 102.307: [GC (GCLocker Initiated GC) [PSYoungGen: 150327K->35238K(182272K)] 646529K->532494K(706560K), 0.0263142 secs] [Times: user=0.23 sys=0.00, real=0.03 secs] 
2016-09-25T21:31:51.457-0400: 102.404: [GC (GCLocker Initiated GC) [PSYoungGen: 146342K->42027K(188416K)] 643611K->553876K(712704K), 0.0106883 secs] [Times: user=0.11 sys=0.00, real=0.01 secs] 
2016-09-25T21:31:51.562-0400: 102.509: [GC (GCLocker Initiated GC) [PSYoungGen: 162347K->48814K(187904K)] 674302K->561767K(712192K), 0.0082262 secs] [Times: user=0.08 sys=0.00, real=0.01 secs] 
2016-09-25T21:31:51.667-0400: 102.614: [GC (GCLocker Initiated GC) [PSYoungGen: 169134K->29655K(194048K)] 683563K->545249K(718336K), 0.0241204 secs] [Times: user=0.24 sys=0.01, real=0.02 secs] 
2016-09-25T21:31:51.691-0400: 102.639: [Full GC (Ergonomics) [PSYoungGen: 29655K->0K(194048K)] [ParOldGen: 515593K->385634K(524288K)] 545249K->385634K(718336K), [Metaspace: 43865K->43865K(1087488K)], 0.0801993 secs] [Times: user=0.79 sys=0.01, real=0.08 secs] 
2016-09-25T21:31:51.858-0400: 102.806: [GC (GCLocker Initiated GC) [PSYoungGen: 126464K->59955K(186880K)] 515025K->448517K(711168K), 0.0064728 secs] [Times: user=0.08 sys=0.01, real=0.01 secs] 
2016-09-25T21:31:51.958-0400: 102.906: [GC (GCLocker Initiated GC) [PSYoungGen: 186419K->38088K(192512K)] 583118K->444197K(716800K), 0.0109847 secs] [Times: user=0.10 sys=0.00, real=0.01 secs] 
2016-09-25T21:31:52.065-0400: 103.013: [GC (GCLocker Initiated GC) [PSYoungGen: 158920K->24376K(190464K)] 573630K->450978K(714752K), 0.0055056 secs] [Times: user=0.04 sys=0.01, real=0.00 secs] 
2016-09-25T21:31:52.163-0400: 103.110: [GC (GCLocker Initiated GC) [PSYoungGen: 145208K->30917K(191488K)] 577216K->466695K(715776K), 0.0246300 secs] [Times: user=0.24 sys=0.00, real=0.02 secs] 
2016-09-25T21:31:52.280-0400: 103.228: [GC (GCLocker Initiated GC) [PSYoungGen: 152773K->48811K(190976K)] 588574K->485564K(715264K), 0.0109014 secs] [Times: user=0.17 sys=0.01, real=0.01 secs] 
2016-09-25T21:31:52.378-0400: 103.325: [GC (GCLocker Initiated GC) [PSYoungGen: 170667K->45848K(191488K)] 607452K->483726K(715776K), 0.0101617 secs] [Times: user=0.13 sys=0.01, real=0.01 secs] 
2016-09-25T21:31:52.479-0400: 103.427: [GC (GCLocker Initiated GC) [PSYoungGen: 169240K->41902K(165376K)] 609837K->496864K(689664K), 0.0061935 secs] [Times: user=0.06 sys=0.00, real=0.01 secs] 
2016-09-25T21:31:52.583-0400: 103.531: [GC (GCLocker Initiated GC) [PSYoungGen: 165294K->40353K(194048K)] 625683K->504323K(718336K), 0.0323707 secs] [Times: user=0.32 sys=0.01, real=0.03 secs] 
2016-09-25T21:31:52.714-0400: 103.661: [GC (GCLocker Initiated GC) [PSYoungGen: 168353K->22835K(191488K)] 637957K->504178K(715776K), 0.0101069 secs] [Times: user=0.08 sys=0.00, real=0.02 secs] 
2016-09-25T21:31:52.838-0400: 103.786: [GC (GCLocker Initiated GC) [PSYoungGen: 150835K->28586K(197632K)] 640307K->519078K(721920K), 0.0249042 secs] [Times: user=0.26 sys=0.00, real=0.03 secs] 
2016-09-25T21:31:52.963-0400: 103.911: [GC (GCLocker Initiated GC) [PSYoungGen: 161706K->36415K(169984K)] 659013K->534884K(694272K), 0.0121618 secs] [Times: user=0.11 sys=0.01, real=0.01 secs] 
2016-09-25T21:31:53.084-0400: 104.031: [GC (GCLocker Initiated GC) [PSYoungGen: 169535K->33686K(197120K)] 670710K->535865K(721408K), 0.0070346 secs] [Times: user=0.03 sys=0.00, real=0.00 secs] 
2016-09-25T21:31:53.178-0400: 104.126: [GC (GCLocker Initiated GC) [PSYoungGen: 168854K->44532K(195584K)] 676554K->561362K(719872K), 0.0061810 secs] [Times: user=0.06 sys=0.01, real=0.01 secs] 
2016-09-25T21:31:53.185-0400: 104.132: [Full GC (Ergonomics) [PSYoungGen: 44532K->0K(195584K)] [ParOldGen: 516830K->406261K(524288K)] 561362K->406261K(719872K), [Metaspace: 43865K->43865K(1087488K)], 0.0593877 secs] [Times: user=0.45 sys=0.00, real=0.06 secs] 
2016-09-25T21:31:53.338-0400: 104.285: [GC (GCLocker Initiated GC) [PSYoungGen: 135168K->52949K(194560K)] 545569K->463351K(718848K), 0.0098709 secs] [Times: user=0.15 sys=0.00, real=0.01 secs] 
2016-09-25T21:31:53.438-0400: 104.385: [GC (GCLocker Initiated GC) [PSYoungGen: 187093K->37702K(198144K)] 599875K->458313K(722432K), 0.0060072 secs] [Times: user=0.06 sys=0.00, real=0.01 secs] 
2016-09-25T21:31:53.531-0400: 104.478: [GC (GCLocker Initiated GC) [PSYoungGen: 171846K->36234K(193536K)] 597886K->479362K(717824K), 0.0103997 secs] [Times: user=0.13 sys=0.00, real=0.01 secs] 
2016-09-25T21:31:53.627-0400: 104.575: [GC (GCLocker Initiated GC) [PSYoungGen: 172426K->45687K(196608K)] 615724K->495206K(720896K), 0.0065958 secs] [Times: user=0.08 sys=0.00, real=0.01 secs] 
2016-09-25T21:31:53.724-0400: 104.671: [GC (GCLocker Initiated GC) [PSYoungGen: 181879K->44476K(200704K)] 634178K->497535K(724992K), 0.0053323 secs] [Times: user=0.07 sys=0.00, real=0.00 secs] 
2016-09-25T21:31:53.819-0400: 104.767: [GC (GCLocker Initiated GC) [PSYoungGen: 185788K->37682K(201216K)] 641581K->505050K(725504K), 0.0074399 secs] [Times: user=0.10 sys=0.00, real=0.01 secs] 
2016-09-25T21:31:53.924-0400: 104.871: [GC (GCLocker Initiated GC) [PSYoungGen: 178994K->32177K(201728K)] 650435K->504431K(726016K), 0.0199006 secs] [Times: user=0.16 sys=0.00, real=0.02 secs] 
2016-09-25T21:31:54.062-0400: 105.009: [GC (GCLocker Initiated GC) [PSYoungGen: 175537K->24267K(201728K)] 647805K->516341K(726016K), 0.0082743 secs] [Times: user=0.04 sys=0.02, real=0.01 secs] 
2016-09-25T21:31:54.176-0400: 105.123: [GC (GCLocker Initiated GC) [PSYoungGen: 167627K->39001K(201216K)] 659722K->532088K(725504K), 0.0063081 secs] [Times: user=0.06 sys=0.00, real=0.01 secs] 
2016-09-25T21:31:54.297-0400: 105.244: [GC (GCLocker Initiated GC) [PSYoungGen: 183897K->40371K(202240K)] 677158K->548013K(726528K), 0.0064279 secs] [Times: user=0.05 sys=0.00, real=0.01 secs] 
2016-09-25T21:31:54.303-0400: 105.251: [Full GC (Ergonomics) [PSYoungGen: 40371K->0K(202240K)] [ParOldGen: 507642K->414198K(524288K)] 548013K->414198K(726528K), [Metaspace: 43865K->43865K(1087488K)], 0.0703936 secs] [Times: user=0.48 sys=0.01, real=0.06 secs] 
2016-09-25T21:31:54.484-0400: 105.432: [GC (GCLocker Initiated GC) [PSYoungGen: 144896K->39442K(201728K)] 559127K->453674K(726016K), 0.0176538 secs] [Times: user=0.22 sys=0.00, real=0.01 secs] 
2016-09-25T21:31:54.601-0400: 105.548: [GC (GCLocker Initiated GC) [PSYoungGen: 187922K->17324K(203264K)] 604928K->439605K(727552K), 0.0285764 secs] [Times: user=0.32 sys=0.01, real=0.03 secs] 
2016-09-25T21:31:54.728-0400: 105.676: [GC (GCLocker Initiated GC) [PSYoungGen: 165804K->29334K(206336K)] 588087K->452513K(730624K), 0.0064075 secs] [Times: user=0.05 sys=0.00, real=0.01 secs] 
2016-09-25T21:31:54.840-0400: 105.787: [GC (GCLocker Initiated GC) [PSYoungGen: 178838K->41982K(205312K)] 604805K->468724K(729600K), 0.0124247 secs] [Times: user=0.15 sys=0.00, real=0.01 secs] 
2016-09-25T21:31:54.968-0400: 105.916: [GC (GCLocker Initiated GC) [PSYoungGen: 191486K->34120K(203776K)] 626354K->470090K(728064K), 0.0042834 secs] [Times: user=0.06 sys=0.00, real=0.00 secs] 
2016-09-25T21:31:55.076-0400: 106.024: [GC (GCLocker Initiated GC) [PSYoungGen: 184136K->46337K(204800K)] 625619K->489087K(729088K), 0.0058280 secs] [Times: user=0.08 sys=0.01, real=0.01 secs] 
2016-09-25T21:31:55.177-0400: 106.124: [GC (GCLocker Initiated GC) [PSYoungGen: 196353K->55555K(196096K)] 639109K->508983K(720384K), 0.0104193 secs] [Times: user=0.14 sys=0.00, real=0.01 secs] 
2016-09-25T21:31:55.303-0400: 106.250: [GC (GCLocker Initiated GC) [PSYoungGen: 194819K->38042K(200704K)] 648541K->492789K(724992K), 0.0206231 secs] [Times: user=0.22 sys=0.01, real=0.02 secs] 
2016-09-25T21:31:55.434-0400: 106.381: [GC (GCLocker Initiated GC) [PSYoungGen: 177306K->29855K(197632K)] 648448K->502189K(721920K), 0.0206334 secs] [Times: user=0.21 sys=0.01, real=0.03 secs] 
2016-09-25T21:31:55.557-0400: 106.504: [GC (GCLocker Initiated GC) [PSYoungGen: 171167K->39270K(200192K)] 643503K->520940K(724480K), 0.0061499 secs] [Times: user=0.06 sys=0.00, real=0.01 secs] 
2016-09-25T21:31:55.667-0400: 106.615: [GC (GCLocker Initiated GC) [PSYoungGen: 180582K->35207K(199168K)] 665014K->520749K(723456K), 0.0154695 secs] [Times: user=0.16 sys=0.01, real=0.02 secs] 
2016-09-25T21:31:55.794-0400: 106.741: [GC (GCLocker Initiated GC) [PSYoungGen: 181127K->16256K(201728K)] 678872K->533982K(726016K), 0.0161830 secs] [Times: user=0.16 sys=0.00, real=0.02 secs] 
2016-09-25T21:31:55.810-0400: 106.758: [Full GC (Ergonomics) [PSYoungGen: 16256K->0K(201728K)] [ParOldGen: 517725K->402162K(524288K)] 533982K->402162K(726016K), [Metaspace: 43865K->43865K(1087488K)], 0.0788016 secs] [Times: user=0.62 sys=0.01, real=0.08 secs] 
2016-09-25T21:31:55.995-0400: 106.943: [GC (GCLocker Initiated GC) [PSYoungGen: 145920K->30018K(205312K)] 560314K->444413K(729600K), 0.0074375 secs] [Times: user=0.08 sys=0.00, real=0.01 secs] 
2016-09-25T21:31:56.113-0400: 107.061: [GC (GCLocker Initiated GC) [PSYoungGen: 177474K->37987K(185856K)] 591875K->465910K(710144K), 0.0072856 secs] [Times: user=0.10 sys=0.00, real=0.01 secs] 
2016-09-25T21:31:56.229-0400: 107.177: [GC (GCLocker Initiated GC) [PSYoungGen: 185443K->36797K(203776K)] 618791K->471194K(728064K), 0.0061830 secs] [Times: user=0.05 sys=0.00, real=0.01 secs] 
2016-09-25T21:31:56.338-0400: 107.286: [GC (GCLocker Initiated GC) [PSYoungGen: 185277K->46128K(202752K)] 619871K->481956K(727040K), 0.0060305 secs] [Times: user=0.04 sys=0.00, real=0.01 secs] 
2016-09-25T21:31:56.459-0400: 107.406: [GC (GCLocker Initiated GC) [PSYoungGen: 194608K->36854K(205824K)] 630535K->476667K(730112K), 0.0109358 secs] [Times: user=0.12 sys=0.00, real=0.01 secs] 
2016-09-25T21:31:56.583-0400: 107.531: [GC (GCLocker Initiated GC) [PSYoungGen: 188406K->32790K(205824K)] 628229K->484823K(730112K), 0.0220866 secs] [Times: user=0.22 sys=0.00, real=0.02 secs] 
2016-09-25T21:31:56.728-0400: 107.676: [GC (GCLocker Initiated GC) [PSYoungGen: 184342K->28505K(207360K)] 639142K->492745K(731648K), 0.0160059 secs] [Times: user=0.14 sys=0.02, real=0.02 secs] 
2016-09-25T21:31:56.852-0400: 107.799: [GC (GCLocker Initiated GC) [PSYoungGen: 182617K->51650K(205824K)] 646898K->522644K(730112K), 0.0083478 secs] [Times: user=0.10 sys=0.00, real=0.01 secs] 
2016-09-25T21:31:56.972-0400: 107.919: [GC (GCLocker Initiated GC) [PSYoungGen: 205762K->46123K(201728K)] 676799K->523804K(726016K), 0.0236862 secs] [Times: user=0.29 sys=0.00, real=0.03 secs] 
2016-09-25T21:31:57.103-0400: 108.050: [GC (GCLocker Initiated GC) [PSYoungGen: 191531K->51754K(197632K)] 671949K->533377K(721920K), 0.0064400 secs] [Times: user=0.07 sys=0.00, real=0.00 secs] 
2016-09-25T21:31:57.242-0400: 108.189: [GC (GCLocker Initiated GC) [PSYoungGen: 197162K->42293K(201728K)] 678843K->549630K(726016K), 0.0186705 secs] [Times: user=0.21 sys=0.00, real=0.02 secs] 
2016-09-25T21:31:57.260-0400: 108.208: [Full GC (Ergonomics) [PSYoungGen: 42293K->0K(201728K)] [ParOldGen: 507337K->412498K(524288K)] 549630K->412498K(726016K), [Metaspace: 43865K->43865K(1087488K)], 0.0739420 secs] [Times: user=0.56 sys=0.01, real=0.08 secs] 
2016-09-25T21:31:57.448-0400: 108.395: [GC (GCLocker Initiated GC) [PSYoungGen: 140288K->23796K(200704K)] 574662K->458171K(724992K), 0.0262617 secs] [Times: user=0.37 sys=0.00, real=0.02 secs] 
2016-09-25T21:31:57.579-0400: 108.527: [GC (GCLocker Initiated GC) [PSYoungGen: 164084K->31194K(200192K)] 603920K->472818K(724480K), 0.0083734 secs] [Times: user=0.07 sys=0.00, real=0.01 secs] 
2016-09-25T21:31:57.690-0400: 108.638: [GC (GCLocker Initiated GC) [PSYoungGen: 171994K->58293K(199168K)] 613643K->503865K(723456K), 0.0134466 secs] [Times: user=0.18 sys=0.01, real=0.02 secs] 
2016-09-25T21:31:57.822-0400: 108.770: [GC (GCLocker Initiated GC) [PSYoungGen: 199093K->16338K(190976K)] 655484K->487317K(715264K), 0.0071563 secs] [Times: user=0.06 sys=0.00, real=0.00 secs] 
2016-09-25T21:31:57.938-0400: 108.886: [GC (GCLocker Initiated GC) [PSYoungGen: 144338K->35018K(195072K)] 622161K->514066K(719360K), 0.0144458 secs] [Times: user=0.11 sys=0.00, real=0.01 secs] 
2016-09-25T21:31:58.060-0400: 109.007: [GC (GCLocker Initiated GC) [PSYoungGen: 163018K->49884K(193536K)] 642070K->529907K(717824K), 0.0066738 secs] [Times: user=0.06 sys=0.00, real=0.01 secs] 
2016-09-25T21:31:58.172-0400: 109.120: [GC (GCLocker Initiated GC) [PSYoungGen: 178908K->26889K(195584K)] 671144K->519953K(719872K), 0.0058968 secs] [Times: user=0.04 sys=0.00, real=0.01 secs] 
2016-09-25T21:31:58.267-0400: 109.215: [GC (Allocation Failure) [PSYoungGen: 155913K->43224K(193536K)] 649158K->537500K(717824K), 0.0083702 secs] [Times: user=0.08 sys=0.00, real=0.01 secs] 
2016-09-25T21:31:58.370-0400: 109.318: [GC (GCLocker Initiated GC) [PSYoungGen: 171251K->51322K(195072K)] 668228K->549327K(719360K), 0.0137038 secs] [Times: user=0.16 sys=0.00, real=0.02 secs] 
2016-09-25T21:31:58.495-0400: 109.443: [GC (GCLocker Initiated GC) [PSYoungGen: 181370K->30957K(196096K)] 684840K->535311K(720384K), 0.0062044 secs] [Times: user=0.04 sys=0.01, real=0.00 secs] 
2016-09-25T21:31:58.616-0400: 109.563: [Full GC (Ergonomics) [PSYoungGen: 159981K->0K(196096K)] [ParOldGen: 523400K->414313K(524288K)] 683382K->414313K(720384K), [Metaspace: 43869K->43869K(1087488K)], 0.0731450 secs] [Times: user=0.64 sys=0.02, real=0.07 secs] 
2016-09-25T21:31:58.801-0400: 109.749: [GC (GCLocker Initiated GC) [PSYoungGen: 129024K->43575K(173056K)] 548814K->463365K(697344K), 0.0106007 secs] [Times: user=0.14 sys=0.00, real=0.01 secs] 
2016-09-25T21:31:58.916-0400: 109.863: [GC (GCLocker Initiated GC) [PSYoungGen: 172599K->40615K(196096K)] 592531K->463062K(720384K), 0.0136184 secs] [Times: user=0.17 sys=0.00, real=0.01 secs] 
2016-09-25T21:31:59.022-0400: 109.969: [GC (GCLocker Initiated GC) [PSYoungGen: 171687K->56839K(194048K)] 594223K->491184K(718336K), 0.0215138 secs] [Times: user=0.28 sys=0.00, real=0.03 secs] 
2016-09-25T21:31:59.144-0400: 110.091: [GC (GCLocker Initiated GC) [PSYoungGen: 187911K->36281K(196608K)] 622296K->479687K(720896K), 0.0255222 secs] [Times: user=0.24 sys=0.00, real=0.02 secs] 
2016-09-25T21:31:59.272-0400: 110.220: [GC (GCLocker Initiated GC) [PSYoungGen: 165305K->28121K(157184K)] 608927K->486159K(681472K), 0.0078385 secs] [Times: user=0.07 sys=0.00, real=0.01 secs] 
2016-09-25T21:31:59.384-0400: 110.332: [GC (GCLocker Initiated GC) [PSYoungGen: 157145K->41879K(195584K)] 615335K->514412K(719872K), 0.0065062 secs] [Times: user=0.06 sys=0.00, real=0.00 secs] 
2016-09-25T21:31:59.498-0400: 110.445: [GC (GCLocker Initiated GC) [PSYoungGen: 172439K->47266K(194048K)] 653180K->529004K(718336K), 0.0064260 secs] [Times: user=0.06 sys=0.01, real=0.01 secs] 
2016-09-25T21:31:59.600-0400: 110.548: [GC (GCLocker Initiated GC) [PSYoungGen: 177826K->43395K(197632K)] 666502K->533030K(721920K), 0.0060737 secs] [Times: user=0.06 sys=0.01, real=0.01 secs] 
2016-09-25T21:31:59.716-0400: 110.664: [GC (GCLocker Initiated GC) [PSYoungGen: 178051K->41749K(176640K)] 667901K->532634K(700928K), 0.0063193 secs] [Times: user=0.06 sys=0.00, real=0.01 secs] 
2016-09-25T21:31:59.816-0400: 110.763: [GC (GCLocker Initiated GC) [PSYoungGen: 176405K->50222K(195584K)] 671563K->554461K(719872K), 0.0076707 secs] [Times: user=0.10 sys=0.00, real=0.01 secs] 
2016-09-25T21:31:59.824-0400: 110.771: [Full GC (Ergonomics) [PSYoungGen: 50222K->0K(195584K)] [ParOldGen: 504238K->422101K(524288K)] 554461K->422101K(719872K), [Metaspace: 43874K->43874K(1087488K)], 0.1359169 secs] [Times: user=1.68 sys=0.02, real=0.13 secs] 
2016-09-25T21:32:00.060-0400: 111.007: [GC (GCLocker Initiated GC) [PSYoungGen: 134656K->39469K(197120K)] 567635K->472448K(721408K), 0.0157446 secs] [Times: user=0.21 sys=0.00, real=0.02 secs] 
2016-09-25T21:32:00.181-0400: 111.128: [GC (GCLocker Initiated GC) [PSYoungGen: 174125K->41850K(196608K)] 609818K->478646K(720896K), 0.0064290 secs] [Times: user=0.09 sys=0.00, real=0.01 secs] 
2016-09-25T21:32:00.296-0400: 111.243: [GC (GCLocker Initiated GC) [PSYoungGen: 180602K->24219K(198144K)] 629589K->473982K(722432K), 0.0052870 secs] [Times: user=0.04 sys=0.01, real=0.00 secs] 
2016-09-25T21:32:00.402-0400: 111.350: [GC (GCLocker Initiated GC) [PSYoungGen: 162971K->56291K(193536K)] 615507K->508827K(717824K), 0.0064486 secs] [Times: user=0.08 sys=0.00, real=0.00 secs] 
2016-09-25T21:32:00.505-0400: 111.453: [GC (Allocation Failure) [PSYoungGen: 189411K->46075K(197632K)] 643712K->500376K(721920K), 0.0063188 secs] [Times: user=0.07 sys=0.00, real=0.00 secs] 
2016-09-25T21:32:00.602-0400: 111.549: [GC (GCLocker Initiated GC) [PSYoungGen: 176695K->41436K(193024K)] 633696K->498437K(717312K), 0.0095473 secs] [Times: user=0.09 sys=0.00, real=0.01 secs] 
2016-09-25T21:32:00.722-0400: 111.669: [GC (GCLocker Initiated GC) [PSYoungGen: 175068K->30634K(195584K)] 642038K->498626K(719872K), 0.0128347 secs] [Times: user=0.13 sys=0.00, real=0.02 secs] 
2016-09-25T21:32:00.831-0400: 111.779: [GC (GCLocker Initiated GC) [PSYoungGen: 164266K->39454K(196096K)] 632351K->509057K(720384K), 0.0071783 secs] [Times: user=0.06 sys=0.00, real=0.01 secs] 
2016-09-25T21:32:00.945-0400: 111.892: [GC (GCLocker Initiated GC) [PSYoungGen: 177694K->35370K(198144K)] 655503K->514109K(722432K), 0.0058982 secs] [Times: user=0.04 sys=0.00, real=0.00 secs] 
2016-09-25T21:32:01.054-0400: 112.001: [GC (GCLocker Initiated GC) [PSYoungGen: 173610K->39194K(198144K)] 655108K->521616K(722432K), 0.0376918 secs] [Times: user=0.38 sys=0.00, real=0.04 secs] 
2016-09-25T21:32:01.200-0400: 112.148: [GC (GCLocker Initiated GC) [PSYoungGen: 182554K->31753K(200704K)] 670384K->537327K(724992K), 0.0172934 secs] [Times: user=0.12 sys=0.00, real=0.02 secs] 
2016-09-25T21:32:01.320-0400: 112.267: [Full GC (Ergonomics) [PSYoungGen: 175113K->0K(200704K)] [ParOldGen: 511066K->431620K(524288K)] 686180K->431620K(724992K), [Metaspace: 43877K->43877K(1087488K)], 0.0570623 secs] [Times: user=0.46 sys=0.00, real=0.06 secs] 
2016-09-25T21:32:01.477-0400: 112.425: [GC (GCLocker Initiated GC) [PSYoungGen: 143360K->43212K(204288K)] 580401K->480253K(728576K), 0.0098478 secs] [Times: user=0.09 sys=0.01, real=0.01 secs] 
2016-09-25T21:32:01.612-0400: 112.560: [GC (GCLocker Initiated GC) [PSYoungGen: 191180K->25303K(204800K)] 632275K->468727K(729088K), 0.0072988 secs] [Times: user=0.07 sys=0.00, real=0.01 secs] 
2016-09-25T21:32:01.719-0400: 112.667: [GC (GCLocker Initiated GC) [PSYoungGen: 173271K->32016K(203776K)] 622105K->481576K(728064K), 0.0051907 secs] [Times: user=0.04 sys=0.00, real=0.01 secs] 
2016-09-25T21:32:01.824-0400: 112.772: [GC (GCLocker Initiated GC) [PSYoungGen: 179984K->53973K(202240K)] 629577K->515068K(726528K), 0.0069263 secs] [Times: user=0.07 sys=0.00, real=0.00 secs] 
2016-09-25T21:32:01.931-0400: 112.879: [GC (GCLocker Initiated GC) [PSYoungGen: 201941K->24444K(200192K)] 668033K->507591K(724480K), 0.0108150 secs] [Times: user=0.14 sys=0.00, real=0.01 secs] 
2016-09-25T21:32:02.034-0400: 112.982: [GC (GCLocker Initiated GC) [PSYoungGen: 164732K->35142K(175616K)] 654726K->526163K(699904K), 0.0053023 secs] [Times: user=0.05 sys=0.00, real=0.00 secs] 
2016-09-25T21:32:02.151-0400: 113.098: [GC (GCLocker Initiated GC) [PSYoungGen: 175430K->25867K(201216K)] 677254K->528623K(725504K), 0.0134523 secs] [Times: user=0.14 sys=0.00, real=0.02 secs] 
2016-09-25T21:32:02.279-0400: 113.227: [Full GC (Ergonomics) [PSYoungGen: 167691K->0K(201216K)] [ParOldGen: 509617K->435695K(524288K)] 677308K->435695K(725504K), [Metaspace: 43877K->43877K(1087488K)], 0.0638309 secs] [Times: user=0.41 sys=0.01, real=0.07 secs] 
2016-09-25T21:32:02.459-0400: 113.406: [GC (GCLocker Initiated GC) [PSYoungGen: 141824K->51705K(193536K)] 580251K->490132K(717824K), 0.0092735 secs] [Times: user=0.08 sys=0.00, real=0.01 secs] 
2016-09-25T21:32:02.569-0400: 113.516: [GC (GCLocker Initiated GC) [PSYoungGen: 193529K->48646K(196608K)] 634708K->493842K(720896K), 0.0102296 secs] [Times: user=0.05 sys=0.01, real=0.01 secs] 
2016-09-25T21:32:02.695-0400: 113.642: [GC (GCLocker Initiated GC) [PSYoungGen: 182790K->28310K(198144K)] 630704K->477252K(722432K), 0.0223335 secs] [Times: user=0.14 sys=0.00, real=0.02 secs] 
2016-09-25T21:32:02.814-0400: 113.761: [GC (GCLocker Initiated GC) [PSYoungGen: 162454K->35026K(193536K)] 611434K->498498K(717824K), 0.0064152 secs] [Times: user=0.05 sys=0.00, real=0.01 secs] 
2016-09-25T21:32:02.915-0400: 113.862: [GC (GCLocker Initiated GC) [PSYoungGen: 169682K->47279K(196096K)] 633225K->511762K(720384K), 0.0152350 secs] [Times: user=0.16 sys=0.00, real=0.01 secs] 
2016-09-25T21:32:03.046-0400: 113.994: [GC (GCLocker Initiated GC) [PSYoungGen: 181935K->43397K(200192K)] 646502K->525273K(724480K), 0.0057196 secs] [Times: user=0.07 sys=0.00, real=0.00 secs] 
2016-09-25T21:32:03.148-0400: 114.096: [GC (GCLocker Initiated GC) [PSYoungGen: 181125K->50177K(188416K)] 665838K->535989K(712704K), 0.0064518 secs] [Times: user=0.06 sys=0.00, real=0.01 secs] 
2016-09-25T21:32:03.255-0400: 114.203: [GC (Allocation Failure) [PSYoungGen: 187905K->23123K(197120K)] 683389K->533140K(721408K), 0.0112393 secs] [Times: user=0.10 sys=0.01, real=0.01 secs] 
2016-09-25T21:32:03.267-0400: 114.214: [Full GC (Ergonomics) [PSYoungGen: 23123K->0K(197120K)] [ParOldGen: 510017K->437132K(524288K)] 533140K->437132K(721408K), [Metaspace: 43877K->43877K(1087488K)], 0.0634137 secs] [Times: user=0.51 sys=0.01, real=0.06 secs] 
2016-09-25T21:32:03.432-0400: 114.380: [GC (GCLocker Initiated GC) [PSYoungGen: 131880K->24390K(197632K)] 571712K->464223K(721920K), 0.0096082 secs] [Times: user=0.09 sys=0.00, real=0.01 secs] 
2016-09-25T21:32:03.545-0400: 114.492: [GC (GCLocker Initiated GC) [PSYoungGen: 157510K->40559K(195584K)] 600285K->487233K(719872K), 0.0087453 secs] [Times: user=0.09 sys=0.00, real=0.00 secs] 
2016-09-25T21:32:03.664-0400: 114.611: [GC (GCLocker Initiated GC) [PSYoungGen: 174191K->45927K(196608K)] 620875K->493620K(720896K), 0.0065896 secs] [Times: user=0.04 sys=0.01, real=0.00 secs] 
2016-09-25T21:32:03.779-0400: 114.726: [GC (GCLocker Initiated GC) [PSYoungGen: 179559K->24377K(198656K)] 632711K->489394K(722944K), 0.0084638 secs] [Times: user=0.05 sys=0.00, real=0.01 secs] 
2016-09-25T21:32:03.901-0400: 114.849: [GC (GCLocker Initiated GC) [PSYoungGen: 159545K->42035K(177664K)] 624809K->508470K(701952K), 0.0221026 secs] [Times: user=0.21 sys=0.00, real=0.03 secs] 
2016-09-25T21:32:04.045-0400: 114.993: [GC (GCLocker Initiated GC) [PSYoungGen: 177203K->35437K(199680K)] 650494K->509910K(723968K), 0.0057829 secs] [Times: user=0.04 sys=0.00, real=0.00 secs] 
2016-09-25T21:32:04.159-0400: 115.107: [GC (GCLocker Initiated GC) [PSYoungGen: 172653K->27322K(197632K)] 653926K->515370K(721920K), 0.0147850 secs] [Times: user=0.14 sys=0.00, real=0.02 secs] 
2016-09-25T21:32:09.730-0400: 120.678: [GC (Allocation Failure) [PSYoungGen: 164538K->24073K(199680K)] 652588K->513523K(723968K), 0.0119059 secs] [Times: user=0.09 sys=0.02, real=0.02 secs] 
2016-09-25T21:32:18.612-0400: 129.560: [GC (Allocation Failure) [PSYoungGen: 163849K->37704K(199168K)] 653299K->550796K(723456K), 0.0113229 secs] [Times: user=0.10 sys=0.02, real=0.02 secs] 
2016-09-25T21:32:18.624-0400: 129.571: [Full GC (Ergonomics) [PSYoungGen: 37704K->0K(199168K)] [ParOldGen: 513091K->403477K(524288K)] 550796K->403477K(723456K), [Metaspace: 43940K->43940K(1087488K)], 0.0974091 secs] [Times: user=0.93 sys=0.00, real=0.09 secs] 
2016-09-25T21:32:27.158-0400: 138.105: [GC (Allocation Failure) [PSYoungGen: 139776K->37864K(201216K)] 543253K->441342K(725504K), 0.0150695 secs] [Times: user=0.12 sys=0.01, real=0.01 secs] 
