Java HotSpot(TM) 64-Bit Server VM (25.77-b03) for linux-amd64 JRE (1.8.0_77-b03), built on Mar 20 2016 22:00:46 by "java_re" with gcc 4.3.0 20080428 (Red Hat 4.3.0-8)
Memory: 4k page, physical 264122324k(96843008k free), swap 268399612k(268246128k free)
CommandLine flags: -XX:GCLogFileSize=1048576 -XX:+HeapDumpOnOutOfMemoryError -XX:HeapDumpPath=artifacts/heapdump -XX:InitialHeapSize=805306368 -XX:MaxHeapSize=805306368 -XX:NumberOfGCLogFiles=10 -XX:+PrintGC -XX:+PrintGCDateStamps -XX:+PrintGCDetails -XX:+PrintGCTimeStamps -XX:+UseCompressedClassPointers -XX:+UseCompressedOops -XX:+UseGCLogFileRotation -XX:+UseParallelGC 
2016-09-15T12:26:08.394-0400: 2.119: [GC (Metadata GC Threshold) [PSYoungGen: 121898K->15544K(229376K)] 121898K->15632K(753664K), 0.0202860 secs] [Times: user=0.05 sys=0.06, real=0.02 secs] 
2016-09-15T12:26:08.414-0400: 2.140: [Full GC (Metadata GC Threshold) [PSYoungGen: 15544K->0K(229376K)] [ParOldGen: 88K->14597K(360960K)] 15632K->14597K(590336K), [Metaspace: 21058K->21058K(1067008K)], 0.0629278 secs] [Times: user=0.47 sys=0.04, real=0.07 secs] 
2016-09-15T12:26:10.216-0400: 3.941: [GC (Metadata GC Threshold) [PSYoungGen: 118767K->14964K(229376K)] 133364K->29697K(590336K), 0.0218704 secs] [Times: user=0.15 sys=0.03, real=0.02 secs] 
2016-09-15T12:26:10.238-0400: 3.963: [Full GC (Metadata GC Threshold) [PSYoungGen: 14964K->0K(229376K)] [ParOldGen: 14733K->20278K(524288K)] 29697K->20278K(753664K), [Metaspace: 35075K->35075K(1079296K)], 0.0512741 secs] [Times: user=0.48 sys=0.00, real=0.05 secs] 
2016-09-15T12:26:11.977-0400: 5.702: [GC (GCLocker Initiated GC) [PSYoungGen: 196608K->32747K(229376K)] 216887K->62446K(753664K), 0.0099892 secs] [Times: user=0.12 sys=0.02, real=0.00 secs] 
2016-09-15T12:26:12.895-0400: 6.620: [GC (GCLocker Initiated GC) [PSYoungGen: 229355K->20821K(229376K)] 265440K->56914K(753664K), 0.0097562 secs] [Times: user=0.08 sys=0.02, real=0.01 secs] 
2016-09-15T12:26:13.920-0400: 7.645: [GC (GCLocker Initiated GC) [PSYoungGen: 217429K->27378K(224256K)] 253793K->75900K(748544K), 0.0091003 secs] [Times: user=0.08 sys=0.01, real=0.01 secs] 
2016-09-15T12:26:15.037-0400: 8.762: [GC (Allocation Failure) [PSYoungGen: 223986K->21330K(225280K)] 278932K->76284K(749568K), 0.0102743 secs] [Times: user=0.13 sys=0.00, real=0.00 secs] 
2016-09-15T12:26:16.026-0400: 9.751: [GC (GCLocker Initiated GC) [PSYoungGen: 208722K->33259K(220672K)] 263676K->94297K(744960K), 0.0154504 secs] [Times: user=0.18 sys=0.00, real=0.02 secs] 
2016-09-15T12:26:16.434-0400: 10.159: [GC (GCLocker Initiated GC) [PSYoungGen: 220651K->39914K(191488K)] 287968K->131752K(715776K), 0.0149689 secs] [Times: user=0.16 sys=0.00, real=0.02 secs] 
2016-09-15T12:26:16.619-0400: 10.344: [GC (GCLocker Initiated GC) [PSYoungGen: 191466K->51928K(203776K)] 283447K->222892K(728064K), 0.0137390 secs] [Times: user=0.15 sys=0.04, real=0.01 secs] 
2016-09-15T12:26:16.838-0400: 10.563: [GC (GCLocker Initiated GC) [PSYoungGen: 203480K->57964K(184320K)] 381054K->278071K(708608K), 0.0150136 secs] [Times: user=0.19 sys=0.02, real=0.01 secs] 
2016-09-15T12:26:17.010-0400: 10.736: [GC (GCLocker Initiated GC) [PSYoungGen: 183916K->68077K(194048K)] 410320K->327009K(718336K), 0.0122737 secs] [Times: user=0.13 sys=0.04, real=0.01 secs] 
2016-09-15T12:26:17.186-0400: 10.911: [GC (GCLocker Initiated GC) [PSYoungGen: 194029K->68049K(156160K)] 459089K->406422K(680448K), 0.0112221 secs] [Times: user=0.11 sys=0.03, real=0.02 secs] 
2016-09-15T12:26:17.300-0400: 11.025: [GC (GCLocker Initiated GC) [PSYoungGen: 156113K->85922K(175104K)] 500731K->491627K(699392K), 0.0119240 secs] [Times: user=0.15 sys=0.01, real=0.01 secs] 
2016-09-15T12:26:17.447-0400: 11.173: [GC (GCLocker Initiated GC) [PSYoungGen: 173986K->85954K(175104K)] 580539K->541219K(699392K), 0.0148323 secs] [Times: user=0.18 sys=0.01, real=0.02 secs] 
2016-09-15T12:26:17.462-0400: 11.188: [Full GC (Ergonomics) [PSYoungGen: 85954K->0K(175104K)] [ParOldGen: 455265K->38637K(524288K)] 541219K->38637K(699392K), [Metaspace: 43465K->43462K(1085440K)], 0.1808316 secs] [Times: user=2.46 sys=0.04, real=0.18 secs] 
2016-09-15T12:26:17.756-0400: 11.481: [GC (GCLocker Initiated GC) [PSYoungGen: 88064K->85690K(175104K)] 126766K->154767K(699392K), 0.0115685 secs] [Times: user=0.17 sys=0.00, real=0.00 secs] 
2016-09-15T12:26:17.868-0400: 11.593: [GC (GCLocker Initiated GC) [PSYoungGen: 173754K->85922K(175104K)] 242890K->227966K(699392K), 0.0126757 secs] [Times: user=0.17 sys=0.00, real=0.01 secs] 
2016-09-15T12:26:17.979-0400: 11.704: [GC (GCLocker Initiated GC) [PSYoungGen: 173986K->61326K(175104K)] 322466K->264993K(699392K), 0.0095017 secs] [Times: user=0.14 sys=0.00, real=0.01 secs] 
2016-09-15T12:26:18.096-0400: 11.821: [GC (GCLocker Initiated GC) [PSYoungGen: 149390K->85758K(175104K)] 353322K->308027K(699392K), 0.0119277 secs] [Times: user=0.12 sys=0.00, real=0.01 secs] 
2016-09-15T12:26:18.239-0400: 11.964: [GC (GCLocker Initiated GC) [PSYoungGen: 173822K->37354K(175104K)] 408557K->308830K(699392K), 0.0087391 secs] [Times: user=0.10 sys=0.00, real=0.01 secs] 
2016-09-15T12:26:18.377-0400: 12.102: [GC (Allocation Failure) [PSYoungGen: 125418K->55479K(175104K)] 403313K->333674K(699392K), 0.0063287 secs] [Times: user=0.08 sys=0.00, real=0.00 secs] 
2016-09-15T12:26:18.488-0400: 12.213: [GC (GCLocker Initiated GC) [PSYoungGen: 139784K->55383K(175104K)] 424054K->357998K(699392K), 0.0085393 secs] [Times: user=0.12 sys=0.00, real=0.01 secs] 
2016-09-15T12:26:18.619-0400: 12.344: [GC (GCLocker Initiated GC) [PSYoungGen: 143447K->79655K(175104K)] 446428K->388806K(699392K), 0.0093425 secs] [Times: user=0.08 sys=0.00, real=0.01 secs] 
2016-09-15T12:26:18.742-0400: 12.467: [GC (GCLocker Initiated GC) [PSYoungGen: 167719K->55679K(175104K)] 483189K->389806K(699392K), 0.0124266 secs] [Times: user=0.16 sys=0.00, real=0.01 secs] 
2016-09-15T12:26:18.866-0400: 12.591: [GC (GCLocker Initiated GC) [PSYoungGen: 143743K->85758K(175104K)] 478231K->463086K(699392K), 0.0091732 secs] [Times: user=0.14 sys=0.00, real=0.01 secs] 
2016-09-15T12:26:19.005-0400: 12.730: [GC (Allocation Failure) [PSYoungGen: 173822K->55483K(175104K)] 557525K->457514K(699392K), 0.0083064 secs] [Times: user=0.09 sys=0.00, real=0.01 secs] 
2016-09-15T12:26:19.013-0400: 12.739: [GC (GCLocker Initiated GC) [PSYoungGen: 55492K->32K(175104K)] 457524K->457312K(699392K), 0.0060654 secs] [Times: user=0.09 sys=0.00, real=0.01 secs] 
2016-09-15T12:26:19.020-0400: 12.745: [Full GC (Ergonomics) [PSYoungGen: 32K->0K(175104K)] [ParOldGen: 457280K->51060K(524288K)] 457312K->51060K(699392K), [Metaspace: 43557K->43557K(1085440K)], 0.0377793 secs] [Times: user=0.31 sys=0.00, real=0.04 secs] 
2016-09-15T12:26:19.181-0400: 12.906: [GC (Allocation Failure) [PSYoungGen: 88064K->86050K(175104K)] 139124K->161418K(699392K), 0.0112296 secs] [Times: user=0.16 sys=0.00, real=0.01 secs] 
2016-09-15T12:26:19.290-0400: 13.015: [GC (GCLocker Initiated GC) [PSYoungGen: 173029K->67661K(175104K)] 254472K->222335K(699392K), 0.0090616 secs] [Times: user=0.14 sys=0.00, real=0.01 secs] 
2016-09-15T12:26:19.440-0400: 13.166: [GC (GCLocker Initiated GC) [PSYoungGen: 155725K->74032K(175104K)] 310693K->265578K(699392K), 0.0100618 secs] [Times: user=0.16 sys=0.00, real=0.01 secs] 
2016-09-15T12:26:19.548-0400: 13.273: [GC (GCLocker Initiated GC) [PSYoungGen: 162096K->55479K(175104K)] 353678K->295969K(699392K), 0.0086577 secs] [Times: user=0.12 sys=0.00, real=0.01 secs] 
2016-09-15T12:26:19.658-0400: 13.383: [GC (GCLocker Initiated GC) [PSYoungGen: 143543K->85890K(175104K)] 384085K->350875K(699392K), 0.0133011 secs] [Times: user=0.18 sys=0.01, real=0.01 secs] 
2016-09-15T12:26:19.810-0400: 13.535: [GC (GCLocker Initiated GC) [PSYoungGen: 173954K->43269K(175104K)] 445020K->332819K(699392K), 0.0109153 secs] [Times: user=0.11 sys=0.01, real=0.01 secs] 
2016-09-15T12:26:19.932-0400: 13.657: [GC (GCLocker Initiated GC) [PSYoungGen: 131333K->73512K(175104K)] 421026K->382042K(699392K), 0.0103941 secs] [Times: user=0.13 sys=0.00, real=0.01 secs] 
2016-09-15T12:26:20.079-0400: 13.804: [GC (Allocation Failure) [PSYoungGen: 161576K->73512K(175104K)] 470130K->418636K(699392K), 0.0098532 secs] [Times: user=0.11 sys=0.02, real=0.01 secs] 
2016-09-15T12:26:20.203-0400: 13.928: [GC (GCLocker Initiated GC) [PSYoungGen: 157893K->61522K(175104K)] 509092K->455538K(699392K), 0.0109160 secs] [Times: user=0.15 sys=0.01, real=0.01 secs] 
2016-09-15T12:26:20.321-0400: 14.046: [GC (GCLocker Initiated GC) [PSYoungGen: 149586K->73512K(175104K)] 543660K->486127K(699392K), 0.0146119 secs] [Times: user=0.15 sys=0.01, real=0.02 secs] 
2016-09-15T12:26:20.473-0400: 14.198: [GC (Allocation Failure) [PSYoungGen: 161576K->37162K(175104K)] 586539K->517067K(699392K), 0.0130635 secs] [Times: user=0.11 sys=0.02, real=0.01 secs] 
2016-09-15T12:26:20.487-0400: 14.212: [Full GC (Ergonomics) [PSYoungGen: 37162K->0K(175104K)] [ParOldGen: 479905K->45188K(524288K)] 517067K->45188K(699392K), [Metaspace: 43689K->43689K(1085440K)], 0.0606934 secs] [Times: user=0.48 sys=0.02, real=0.07 secs] 
2016-09-15T12:26:20.660-0400: 14.385: [GC (GCLocker Initiated GC) [PSYoungGen: 86734K->85758K(175104K)] 137998K->143096K(699392K), 0.0091351 secs] [Times: user=0.11 sys=0.01, real=0.01 secs] 
2016-09-15T12:26:20.812-0400: 14.537: [GC (Allocation Failure) [PSYoungGen: 173822K->43365K(175104K)] 237484K->155926K(699392K), 0.0096939 secs] [Times: user=0.10 sys=0.01, real=0.01 secs] 
2016-09-15T12:26:20.919-0400: 14.644: [GC (GCLocker Initiated GC) [PSYoungGen: 131429K->67925K(175104K)] 243996K->180824K(699392K), 0.0098697 secs] [Times: user=0.10 sys=0.01, real=0.01 secs] 
2016-09-15T12:26:21.047-0400: 14.772: [GC (GCLocker Initiated GC) [PSYoungGen: 155989K->79911K(175104K)] 269041K->229517K(699392K), 0.0110916 secs] [Times: user=0.15 sys=0.00, real=0.02 secs] 
2016-09-15T12:26:21.199-0400: 14.924: [GC (GCLocker Initiated GC) [PSYoungGen: 167975K->36930K(175104K)] 323804K->229508K(699392K), 0.0134510 secs] [Times: user=0.16 sys=0.02, real=0.01 secs] 
2016-09-15T12:26:21.337-0400: 15.062: [GC (Allocation Failure) [PSYoungGen: 124994K->55319K(175104K)] 329892K->260329K(699392K), 0.0101934 secs] [Times: user=0.14 sys=0.00, real=0.00 secs] 
2016-09-15T12:26:21.460-0400: 15.185: [GC (GCLocker Initiated GC) [PSYoungGen: 143383K->73836K(175104K)] 348398K->297392K(699392K), 0.0101030 secs] [Times: user=0.13 sys=0.00, real=0.01 secs] 
2016-09-15T12:26:21.587-0400: 15.312: [GC (GCLocker Initiated GC) [PSYoungGen: 161900K->73772K(175104K)] 385508K->297468K(699392K), 0.0121441 secs] [Times: user=0.12 sys=0.00, real=0.02 secs] 
2016-09-15T12:26:21.710-0400: 15.435: [GC (Allocation Failure) [PSYoungGen: 161836K->36966K(175104K)] 391755K->291436K(699392K), 0.0272505 secs] [Times: user=0.28 sys=0.00, real=0.03 secs] 
2016-09-15T12:26:21.870-0400: 15.595: [GC (GCLocker Initiated GC) [PSYoungGen: 125030K->73736K(175104K)] 379500K->389132K(699392K), 0.0155254 secs] [Times: user=0.21 sys=0.00, real=0.01 secs] 
2016-09-15T12:26:21.981-0400: 15.706: [GC (GCLocker Initiated GC) [PSYoungGen: 161800K->86150K(175104K)] 477355K->426312K(699392K), 0.0103158 secs] [Times: user=0.14 sys=0.00, real=0.01 secs] 
2016-09-15T12:26:22.105-0400: 15.830: [GC (GCLocker Initiated GC) [PSYoungGen: 174214K->55383K(175104K)] 520611K->438554K(699392K), 0.0100783 secs] [Times: user=0.17 sys=0.00, real=0.01 secs] 
2016-09-15T12:26:22.248-0400: 15.973: [GC (GCLocker Initiated GC) [PSYoungGen: 143447K->73708K(175104K)] 532762K->469389K(699392K), 0.0121896 secs] [Times: user=0.14 sys=0.01, real=0.01 secs] 
2016-09-15T12:26:22.452-0400: 16.177: [GC (GCLocker Initiated GC) [PSYoungGen: 161772K->49436K(175104K)] 557502K->481883K(699392K), 0.0172774 secs] [Times: user=0.19 sys=0.00, real=0.02 secs] 
2016-09-15T12:26:22.739-0400: 16.464: [GC (Allocation Failure) [PSYoungGen: 137497K->43560K(175104K)] 570277K->519453K(699392K), 0.0102825 secs] [Times: user=0.09 sys=0.01, real=0.01 secs] 
2016-09-15T12:26:22.750-0400: 16.475: [Full GC (Ergonomics) [PSYoungGen: 43560K->0K(175104K)] [ParOldGen: 475892K->51978K(524288K)] 519453K->51978K(699392K), [Metaspace: 43751K->43751K(1087488K)], 0.0425280 secs] [Times: user=0.35 sys=0.00, real=0.04 secs] 
2016-09-15T12:26:22.991-0400: 16.716: [GC (GCLocker Initiated GC) [PSYoungGen: 88064K->81314K(175104K)] 146117K->151518K(699392K), 0.0097679 secs] [Times: user=0.13 sys=0.00, real=0.01 secs] 
2016-09-15T12:26:23.116-0400: 16.841: [GC (Allocation Failure) [PSYoungGen: 169378K->85562K(175104K)] 239624K->230114K(699392K), 0.0142352 secs] [Times: user=0.18 sys=0.00, real=0.01 secs] 
2016-09-15T12:26:23.214-0400: 16.939: [GC (GCLocker Initiated GC) [PSYoungGen: 170760K->79747K(175104K)] 321387K->321667K(699392K), 0.0133746 secs] [Times: user=0.19 sys=0.00, real=0.01 secs] 
2016-09-15T12:26:23.335-0400: 17.060: [GC (Allocation Failure) [PSYoungGen: 167811K->86214K(175104K)] 422225K->383461K(699392K), 0.0148296 secs] [Times: user=0.15 sys=0.00, real=0.02 secs] 
2016-09-15T12:26:23.444-0400: 17.169: [GC (GCLocker Initiated GC) [PSYoungGen: 170679K->79683K(175104K)] 474001K->438667K(699392K), 0.0124034 secs] [Times: user=0.15 sys=0.00, real=0.02 secs] 
2016-09-15T12:26:23.547-0400: 17.273: [GC (GCLocker Initiated GC) [PSYoungGen: 167747K->79811K(175104K)] 533134K->518405K(699392K), 0.0123383 secs] [Times: user=0.15 sys=0.00, real=0.02 secs] 
2016-09-15T12:26:23.560-0400: 17.285: [Full GC (Ergonomics) [PSYoungGen: 79811K->0K(175104K)] [ParOldGen: 438594K->58019K(524288K)] 518405K->58019K(699392K), [Metaspace: 43794K->43794K(1087488K)], 0.0416726 secs] [Times: user=0.34 sys=0.00, real=0.04 secs] 
2016-09-15T12:26:23.690-0400: 17.415: [GC (GCLocker Initiated GC) [PSYoungGen: 88064K->86662K(175104K)] 152329K->175227K(699392K), 0.0110986 secs] [Times: user=0.15 sys=0.02, real=0.01 secs] 
2016-09-15T12:26:23.793-0400: 17.518: [GC (GCLocker Initiated GC) [PSYoungGen: 174726K->79779K(175104K)] 269414K->278734K(699392K), 0.0150748 secs] [Times: user=0.23 sys=0.01, real=0.02 secs] 
2016-09-15T12:26:23.900-0400: 17.625: [GC (GCLocker Initiated GC) [PSYoungGen: 167843K->85986K(175104K)] 367069K->370578K(699392K), 0.0142259 secs] [Times: user=0.22 sys=0.00, real=0.01 secs] 
2016-09-15T12:26:24.020-0400: 17.745: [GC (GCLocker Initiated GC) [PSYoungGen: 174050K->85758K(175104K)] 458712K->450014K(699392K), 0.0209954 secs] [Times: user=0.22 sys=0.00, real=0.02 secs] 
2016-09-15T12:26:24.146-0400: 17.871: [GC (GCLocker Initiated GC) [PSYoungGen: 173822K->85822K(175104K)] 538273K->486835K(699392K), 0.0126476 secs] [Times: user=0.19 sys=0.00, real=0.02 secs] 
2016-09-15T12:26:24.159-0400: 17.884: [Full GC (Ergonomics) [PSYoungGen: 85822K->0K(175104K)] [ParOldGen: 401012K->51783K(524288K)] 486835K->51783K(699392K), [Metaspace: 43819K->43819K(1087488K)], 0.0439085 secs] [Times: user=0.32 sys=0.01, real=0.04 secs] 
2016-09-15T12:26:24.316-0400: 18.041: [GC (GCLocker Initiated GC) [PSYoungGen: 88064K->85790K(175104K)] 140012K->162038K(699392K), 0.0112447 secs] [Times: user=0.15 sys=0.00, real=0.00 secs] 
2016-09-15T12:26:24.437-0400: 18.162: [GC (GCLocker Initiated GC) [PSYoungGen: 173854K->85854K(175104K)] 256245K->247559K(699392K), 0.0145495 secs] [Times: user=0.23 sys=0.01, real=0.01 secs] 
2016-09-15T12:26:24.586-0400: 18.312: [GC (GCLocker Initiated GC) [PSYoungGen: 173918K->73836K(175104K)] 347899K->321017K(699392K), 0.0148940 secs] [Times: user=0.18 sys=0.01, real=0.02 secs] 
2016-09-15T12:26:24.698-0400: 18.423: [GC (GCLocker Initiated GC) [PSYoungGen: 161900K->85822K(175104K)] 409123K->430584K(699392K), 0.0121680 secs] [Times: user=0.19 sys=0.00, real=0.01 secs] 
2016-09-15T12:26:24.822-0400: 18.547: [GC (GCLocker Initiated GC) [PSYoungGen: 173886K->61654K(175104K)] 524967K->492041K(699392K), 0.0107782 secs] [Times: user=0.14 sys=0.01, real=0.01 secs] 
2016-09-15T12:26:24.834-0400: 18.559: [Full GC (Ergonomics) [PSYoungGen: 61654K->0K(175104K)] [ParOldGen: 430387K->51765K(524288K)] 492041K->51765K(699392K), [Metaspace: 43821K->43821K(1087488K)], 0.0541913 secs] [Times: user=0.39 sys=0.00, real=0.06 secs] 
2016-09-15T12:26:25.000-0400: 18.725: [GC (GCLocker Initiated GC) [PSYoungGen: 88064K->85982K(175104K)] 139866K->149935K(699392K), 0.0110882 secs] [Times: user=0.12 sys=0.01, real=0.01 secs] 
2016-09-15T12:26:25.151-0400: 18.876: [GC (GCLocker Initiated GC) [PSYoungGen: 174046K->79619K(175104K)] 244183K->204978K(699392K), 0.0152241 secs] [Times: user=0.15 sys=0.00, real=0.01 secs] 
2016-09-15T12:26:25.284-0400: 19.009: [GC (GCLocker Initiated GC) [PSYoungGen: 167683K->55383K(175104K)] 299137K->223626K(699392K), 0.0181213 secs] [Times: user=0.27 sys=0.00, real=0.02 secs] 
2016-09-15T12:26:25.424-0400: 19.149: [GC (GCLocker Initiated GC) [PSYoungGen: 143447K->55515K(175104K)] 311991K->260801K(699392K), 0.0221269 secs] [Times: user=0.27 sys=0.00, real=0.02 secs] 
2016-09-15T12:26:25.548-0400: 19.273: [GC (Allocation Failure) [PSYoungGen: 143579K->85886K(175104K)] 349001K->297486K(699392K), 0.0105652 secs] [Times: user=0.16 sys=0.00, real=0.01 secs] 
2016-09-15T12:26:25.677-0400: 19.402: [GC (GCLocker Initiated GC) [PSYoungGen: 171721K->55447K(175104K)] 389397K->327949K(699392K), 0.0088989 secs] [Times: user=0.12 sys=0.00, real=0.00 secs] 
2016-09-15T12:26:25.822-0400: 19.547: [GC (GCLocker Initiated GC) [PSYoungGen: 143511K->85986K(175104K)] 416172K->365022K(699392K), 0.0082021 secs] [Times: user=0.12 sys=0.00, real=0.01 secs] 
2016-09-15T12:26:25.969-0400: 19.694: [GC (Allocation Failure) [PSYoungGen: 174050K->55351K(175104K)] 453244K->353226K(699392K), 0.0073430 secs] [Times: user=0.07 sys=0.01, real=0.01 secs] 
2016-09-15T12:26:26.098-0400: 19.823: [GC (GCLocker Initiated GC) [PSYoungGen: 142153K->55483K(175104K)] 446103K->377761K(699392K), 0.0084886 secs] [Times: user=0.08 sys=0.01, real=0.00 secs] 
2016-09-15T12:26:26.235-0400: 19.960: [GC (GCLocker Initiated GC) [PSYoungGen: 143547K->85822K(175104K)] 465957K->444989K(699392K), 0.0100962 secs] [Times: user=0.15 sys=0.01, real=0.01 secs] 
2016-09-15T12:26:26.380-0400: 20.105: [GC (GCLocker Initiated GC) [PSYoungGen: 173886K->37485K(175104K)] 545457K->463860K(699392K), 0.0078440 secs] [Times: user=0.10 sys=0.00, real=0.01 secs] 
2016-09-15T12:26:26.388-0400: 20.113: [Full GC (Ergonomics) [PSYoungGen: 37485K->0K(175104K)] [ParOldGen: 426374K->45325K(524288K)] 463860K->45325K(699392K), [Metaspace: 43827K->43827K(1087488K)], 0.0488652 secs] [Times: user=0.34 sys=0.00, real=0.05 secs] 
2016-09-15T12:26:26.564-0400: 20.289: [GC (GCLocker Initiated GC) [PSYoungGen: 88064K->73544K(175104K)] 133498K->118978K(699392K), 0.0091967 secs] [Times: user=0.13 sys=0.00, real=0.01 secs] 
2016-09-15T12:26:26.703-0400: 20.428: [GC (GCLocker Initiated GC) [PSYoungGen: 161608K->85790K(175104K)] 207235K->174382K(699392K), 0.0135752 secs] [Times: user=0.20 sys=0.01, real=0.02 secs] 
2016-09-15T12:26:26.816-0400: 20.542: [GC (GCLocker Initiated GC) [PSYoungGen: 173854K->86018K(175104K)] 262813K->217646K(699392K), 0.0083602 secs] [Times: user=0.13 sys=0.00, real=0.00 secs] 
2016-09-15T12:26:26.961-0400: 20.686: [GC (Allocation Failure) [PSYoungGen: 174082K->55155K(175104K)] 311927K->211681K(699392K), 0.0077754 secs] [Times: user=0.11 sys=0.00, real=0.01 secs] 
2016-09-15T12:26:27.099-0400: 20.824: [GC (GCLocker Initiated GC) [PSYoungGen: 143219K->73900K(175104K)] 299750K->285258K(699392K), 0.0137532 secs] [Times: user=0.17 sys=0.01, real=0.01 secs] 
2016-09-15T12:26:27.236-0400: 20.961: [GC (Allocation Failure) [PSYoungGen: 161964K->79455K(175104K)] 373392K->309399K(699392K), 0.0113995 secs] [Times: user=0.13 sys=0.00, real=0.00 secs] 
2016-09-15T12:26:27.363-0400: 21.088: [GC (GCLocker Initiated GC) [PSYoungGen: 163632K->37517K(175104K)] 399651K->328372K(699392K), 0.0088138 secs] [Times: user=0.12 sys=0.00, real=0.01 secs] 
2016-09-15T12:26:27.490-0400: 21.215: [GC (GCLocker Initiated GC) [PSYoungGen: 125581K->86018K(175104K)] 416797K->377704K(699392K), 0.0099912 secs] [Times: user=0.13 sys=0.00, real=0.01 secs] 
2016-09-15T12:26:27.647-0400: 21.372: [GC (GCLocker Initiated GC) [PSYoungGen: 174082K->61590K(175104K)] 472182K->378034K(699392K), 0.0176477 secs] [Times: user=0.18 sys=0.00, real=0.02 secs] 
2016-09-15T12:26:27.791-0400: 21.516: [GC (Allocation Failure) [PSYoungGen: 149654K->55319K(175104K)] 466252K->390409K(699392K), 0.0100865 secs] [Times: user=0.09 sys=0.01, real=0.01 secs] 
2016-09-15T12:26:27.908-0400: 21.633: [GC (GCLocker Initiated GC) [PSYoungGen: 142255K->55383K(175104K)] 483420K->433166K(699392K), 0.0099468 secs] [Times: user=0.12 sys=0.00, real=0.01 secs] 
2016-09-15T12:26:28.039-0400: 21.764: [GC (GCLocker Initiated GC) [PSYoungGen: 143447K->73740K(175104K)] 521501K->451921K(699392K), 0.0094614 secs] [Times: user=0.11 sys=0.00, real=0.01 secs] 
2016-09-15T12:26:28.212-0400: 21.938: [GC (GCLocker Initiated GC) [PSYoungGen: 161804K->67369K(175104K)] 546332K->495050K(699392K), 0.0090332 secs] [Times: user=0.13 sys=0.00, real=0.01 secs] 
2016-09-15T12:26:28.357-0400: 22.082: [GC (Allocation Failure) [PSYoungGen: 155433K->55059K(175104K)] 583318K->513462K(699392K), 0.0080135 secs] [Times: user=0.12 sys=0.00, real=0.00 secs] 
2016-09-15T12:26:28.365-0400: 22.090: [Full GC (Ergonomics) [PSYoungGen: 55059K->0K(175104K)] [ParOldGen: 458403K->39527K(524288K)] 513462K->39527K(699392K), [Metaspace: 43871K->43871K(1087488K)], 0.0494457 secs] [Times: user=0.35 sys=0.01, real=0.05 secs] 
2016-09-15T12:26:28.504-0400: 22.229: [GC (GCLocker Initiated GC) [PSYoungGen: 88062K->86342K(175104K)] 127596K->131958K(699392K), 0.0077602 secs] [Times: user=0.11 sys=0.00, real=0.01 secs] 
2016-09-15T12:26:28.626-0400: 22.351: [GC (GCLocker Initiated GC) [PSYoungGen: 174406K->85986K(175104K)] 220232K->175073K(699392K), 0.0107110 secs] [Times: user=0.16 sys=0.00, real=0.02 secs] 
2016-09-15T12:26:28.737-0400: 22.462: [GC (GCLocker Initiated GC) [PSYoungGen: 174050K->85790K(175104K)] 263359K->236016K(699392K), 0.0104851 secs] [Times: user=0.16 sys=0.00, real=0.01 secs] 
2016-09-15T12:26:28.886-0400: 22.611: [GC (GCLocker Initiated GC) [PSYoungGen: 173854K->67661K(175104K)] 330377K->291324K(699392K), 0.0104115 secs] [Times: user=0.16 sys=0.01, real=0.02 secs] 
2016-09-15T12:26:29.025-0400: 22.750: [GC (GCLocker Initiated GC) [PSYoungGen: 155725K->85630K(175104K)] 379426K->309599K(699392K), 0.0173683 secs] [Times: user=0.16 sys=0.00, real=0.02 secs] 
2016-09-15T12:26:29.174-0400: 22.899: [GC (GCLocker Initiated GC) [PSYoungGen: 173694K->48984K(175104K)] 403874K->315866K(699392K), 0.0109766 secs] [Times: user=0.08 sys=0.01, real=0.01 secs] 
2016-09-15T12:26:29.290-0400: 23.015: [GC (GCLocker Initiated GC) [PSYoungGen: 137048K->73544K(175104K)] 410152K->346768K(699392K), 0.0113500 secs] [Times: user=0.11 sys=0.00, real=0.01 secs] 
2016-09-15T12:26:29.438-0400: 23.163: [GC (GCLocker Initiated GC) [PSYoungGen: 161608K->85690K(175104K)] 434991K->383688K(699392K), 0.0104429 secs] [Times: user=0.15 sys=0.00, real=0.01 secs] 
2016-09-15T12:26:29.556-0400: 23.281: [GC (GCLocker Initiated GC) [PSYoungGen: 173754K->73740K(175104K)] 471799K->371912K(699392K), 0.0074551 secs] [Times: user=0.11 sys=0.00, real=0.00 secs] 
2016-09-15T12:26:29.698-0400: 23.423: [GC (GCLocker Initiated GC) [PSYoungGen: 161804K->55155K(175104K)] 460096K->371964K(699392K), 0.0081166 secs] [Times: user=0.10 sys=0.00, real=0.00 secs] 
2016-09-15T12:26:29.840-0400: 23.565: [GC (GCLocker Initiated GC) [PSYoungGen: 143219K->85662K(175104K)] 460742K->403273K(699392K), 0.0128142 secs] [Times: user=0.12 sys=0.00, real=0.01 secs] 
2016-09-15T12:26:29.952-0400: 23.677: [GC (Allocation Failure) [PSYoungGen: 173726K->43201K(175104K)] 491473K->422006K(699392K), 0.0100911 secs] [Times: user=0.13 sys=0.01, real=0.01 secs] 
2016-09-15T12:26:30.085-0400: 23.810: [GC (GCLocker Initiated GC) [PSYoungGen: 131265K->73804K(175104K)] 510234K->489538K(699392K), 0.0089161 secs] [Times: user=0.13 sys=0.00, real=0.01 secs] 
2016-09-15T12:26:30.235-0400: 23.960: [GC (GCLocker Initiated GC) [PSYoungGen: 161868K->73608K(175104K)] 583769K->513869K(699392K), 0.0094085 secs] [Times: user=0.13 sys=0.01, real=0.01 secs] 
2016-09-15T12:26:30.367-0400: 24.092: [GC (Allocation Failure) [PSYoungGen: 161672K->55483K(175104K)] 602199K->514387K(699392K), 0.0132493 secs] [Times: user=0.17 sys=0.00, real=0.02 secs] 
2016-09-15T12:26:30.380-0400: 24.105: [Full GC (Ergonomics) [PSYoungGen: 55483K->0K(175104K)] [ParOldGen: 458903K->46013K(524288K)] 514387K->46013K(699392K), [Metaspace: 43906K->43906K(1087488K)], 0.0476342 secs] [Times: user=0.28 sys=0.01, real=0.05 secs] 
2016-09-15T12:26:30.523-0400: 24.248: [GC (GCLocker Initiated GC) [PSYoungGen: 83436K->55419K(175104K)] 135524K->107507K(699392K), 0.0222790 secs] [Times: user=0.28 sys=0.00, real=0.02 secs] 
2016-09-15T12:26:30.662-0400: 24.387: [GC (Allocation Failure) [PSYoungGen: 143483K->79651K(175104K)] 195725K->150386K(699392K), 0.0267386 secs] [Times: user=0.32 sys=0.00, real=0.03 secs] 
2016-09-15T12:26:30.803-0400: 24.528: [GC (GCLocker Initiated GC) [PSYoungGen: 167715K->61718K(175104K)] 238455K->193532K(699392K), 0.0118123 secs] [Times: user=0.16 sys=0.00, real=0.01 secs] 
2016-09-15T12:26:30.952-0400: 24.677: [GC (GCLocker Initiated GC) [PSYoungGen: 149782K->73836K(175104K)] 281721K->224316K(699392K), 0.0102262 secs] [Times: user=0.14 sys=0.00, real=0.01 secs] 
2016-09-15T12:26:31.069-0400: 24.794: [GC (GCLocker Initiated GC) [PSYoungGen: 161900K->85690K(175104K)] 312578K->260804K(699392K), 0.0099258 secs] [Times: user=0.15 sys=0.00, real=0.01 secs] 
2016-09-15T12:26:31.196-0400: 24.921: [GC (Allocation Failure) [PSYoungGen: 173754K->73640K(175104K)] 349161K->267368K(699392K), 0.0091051 secs] [Times: user=0.14 sys=0.00, real=0.00 secs] 
2016-09-15T12:26:31.302-0400: 25.027: [GC (GCLocker Initiated GC) [PSYoungGen: 157172K->55479K(175104K)] 356975K->292047K(699392K), 0.0089993 secs] [Times: user=0.13 sys=0.00, real=0.01 secs] 
2016-09-15T12:26:31.434-0400: 25.159: [GC (GCLocker Initiated GC) [PSYoungGen: 143543K->73708K(175104K)] 380276K->310568K(699392K), 0.0100299 secs] [Times: user=0.14 sys=0.00, real=0.01 secs] 
2016-09-15T12:26:31.549-0400: 25.274: [GC (Allocation Failure) [PSYoungGen: 161772K->73348K(175104K)] 398679K->310874K(699392K), 0.0081466 secs] [Times: user=0.09 sys=0.00, real=0.01 secs] 
2016-09-15T12:26:31.673-0400: 25.398: [GC (GCLocker Initiated GC) [PSYoungGen: 161412K->85886K(175104K)] 398944K->347869K(699392K), 0.0101325 secs] [Times: user=0.14 sys=0.00, real=0.01 secs] 
2016-09-15T12:26:31.838-0400: 25.563: [GC (Allocation Failure) [PSYoungGen: 173950K->73476K(175104K)] 436030K->347966K(699392K), 0.0076326 secs] [Times: user=0.08 sys=0.00, real=0.00 secs] 
2016-09-15T12:26:32.002-0400: 25.727: [GC (GCLocker Initiated GC) [PSYoungGen: 156908K->55155K(175104K)] 437473K->335855K(699392K), 0.0113317 secs] [Times: user=0.11 sys=0.00, real=0.01 secs] 
2016-09-15T12:26:32.136-0400: 25.861: [GC (Allocation Failure) [PSYoungGen: 143219K->73220K(175104K)] 423961K->354050K(699392K), 0.0183121 secs] [Times: user=0.17 sys=0.01, real=0.01 secs] 
2016-09-15T12:26:37.446-0400: 31.171: [GC (GCLocker Initiated GC) [PSYoungGen: 161284K->61262K(175104K)] 442370K->403209K(699392K), 0.0274777 secs] [Times: user=0.29 sys=0.01, real=0.03 secs] 
2016-09-15T12:26:37.586-0400: 31.311: [GC (GCLocker Initiated GC) [PSYoungGen: 149326K->55191K(175104K)] 491634K->415836K(699392K), 0.0273077 secs] [Times: user=0.24 sys=0.00, real=0.03 secs] 
2016-09-15T12:26:37.730-0400: 31.455: [GC (GCLocker Initiated GC) [PSYoungGen: 143255K->85858K(175104K)] 504266K->477504K(699392K), 0.0156287 secs] [Times: user=0.16 sys=0.00, real=0.01 secs] 
2016-09-15T12:26:37.845-0400: 31.570: [GC (GCLocker Initiated GC) [PSYoungGen: 173922K->73576K(175104K)] 565689K->532304K(699392K), 0.0338314 secs] [Times: user=0.42 sys=0.02, real=0.04 secs] 
2016-09-15T12:26:37.879-0400: 31.604: [Full GC (Ergonomics) [PSYoungGen: 73576K->0K(175104K)] [ParOldGen: 458728K->52405K(524288K)] 532304K->52405K(699392K), [Metaspace: 43913K->43913K(1087488K)], 0.0608047 secs] [Times: user=0.36 sys=0.02, real=0.06 secs] 
2016-09-15T12:26:38.062-0400: 31.787: [GC (GCLocker Initiated GC) [PSYoungGen: 88064K->86078K(175104K)] 140692K->193389K(699392K), 0.0161902 secs] [Times: user=0.24 sys=0.00, real=0.02 secs] 
2016-09-15T12:26:38.191-0400: 31.916: [GC (GCLocker Initiated GC) [PSYoungGen: 174142K->86018K(175104K)] 293936K->315750K(699392K), 0.0148673 secs] [Times: user=0.22 sys=0.02, real=0.01 secs] 
2016-09-15T12:26:38.320-0400: 32.045: [GC (GCLocker Initiated GC) [PSYoungGen: 174082K->85690K(175104K)] 403906K->400864K(699392K), 0.0230014 secs] [Times: user=0.31 sys=0.03, real=0.02 secs] 
2016-09-15T12:26:38.458-0400: 32.183: [GC (Allocation Failure) [PSYoungGen: 173754K->67825K(175104K)] 495353K->492883K(699392K), 0.0144234 secs] [Times: user=0.21 sys=0.03, real=0.01 secs] 
2016-09-15T12:26:38.472-0400: 32.197: [Full GC (Ergonomics) [PSYoungGen: 67825K->0K(175104K)] [ParOldGen: 425057K->57973K(524288K)] 492883K->57973K(699392K), [Metaspace: 43914K->43914K(1087488K)], 0.0449855 secs] [Times: user=0.38 sys=0.00, real=0.05 secs] 
2016-09-15T12:26:38.634-0400: 32.359: [GC (GCLocker Initiated GC) [PSYoungGen: 88064K->86274K(175104K)] 146043K->168553K(699392K), 0.0108473 secs] [Times: user=0.16 sys=0.00, real=0.01 secs] 
2016-09-15T12:26:38.773-0400: 32.499: [GC (GCLocker Initiated GC) [PSYoungGen: 174337K->85854K(175104K)] 263046K->242460K(699392K), 0.0129716 secs] [Times: user=0.22 sys=0.00, real=0.01 secs] 
2016-09-15T12:26:38.915-0400: 32.640: [GC (GCLocker Initiated GC) [PSYoungGen: 173918K->79879K(175104K)] 330707K->309875K(699392K), 0.0120899 secs] [Times: user=0.16 sys=0.01, real=0.01 secs] 
2016-09-15T12:26:39.057-0400: 32.782: [GC (GCLocker Initiated GC) [PSYoungGen: 167943K->73740K(175104K)] 398059K->364750K(699392K), 0.0127439 secs] [Times: user=0.17 sys=0.00, real=0.01 secs] 
2016-09-15T12:26:39.166-0400: 32.891: [GC (GCLocker Initiated GC) [PSYoungGen: 161804K->86018K(175104K)] 452844K->450453K(699392K), 0.0144354 secs] [Times: user=0.23 sys=0.00, real=0.02 secs] 
2016-09-15T12:26:39.292-0400: 33.018: [GC (GCLocker Initiated GC) [PSYoungGen: 174082K->85690K(175104K)] 538677K->505268K(699392K), 0.0147087 secs] [Times: user=0.20 sys=0.00, real=0.01 secs] 
2016-09-15T12:26:39.307-0400: 33.032: [Full GC (Ergonomics) [PSYoungGen: 85690K->0K(175104K)] [ParOldGen: 419578K->52110K(524288K)] 505268K->52110K(699392K), [Metaspace: 43916K->43916K(1087488K)], 0.0551330 secs] [Times: user=0.37 sys=0.01, real=0.06 secs] 
2016-09-15T12:26:39.490-0400: 33.215: [GC (GCLocker Initiated GC) [PSYoungGen: 88064K->86438K(175104K)] 146481K->169156K(699392K), 0.0114085 secs] [Times: user=0.16 sys=0.01, real=0.01 secs] 
2016-09-15T12:26:39.650-0400: 33.375: [GC (GCLocker Initiated GC) [PSYoungGen: 174502K->79747K(175104K)] 257278K->205768K(699392K), 0.0124732 secs] [Times: user=0.13 sys=0.00, real=0.01 secs] 
2016-09-15T12:26:39.784-0400: 33.509: [GC (GCLocker Initiated GC) [PSYoungGen: 167811K->73900K(175104K)] 293886K->285348K(699392K), 0.0161437 secs] [Times: user=0.23 sys=0.00, real=0.02 secs] 
2016-09-15T12:26:39.912-0400: 33.637: [GC (Allocation Failure) [PSYoungGen: 161964K->79683K(175104K)] 379518K->412985K(699392K), 0.0172488 secs] [Times: user=0.23 sys=0.00, real=0.02 secs] 
2016-09-15T12:26:40.052-0400: 33.777: [GC (GCLocker Initiated GC) [PSYoungGen: 167747K->73640K(175104K)] 501055K->455856K(699392K), 0.0129665 secs] [Times: user=0.14 sys=0.01, real=0.01 secs] 
2016-09-15T12:26:40.179-0400: 33.904: [GC (GCLocker Initiated GC) [PSYoungGen: 161704K->86182K(175104K)] 550183K->541810K(699392K), 0.0148126 secs] [Times: user=0.21 sys=0.00, real=0.01 secs] 
2016-09-15T12:26:40.194-0400: 33.919: [Full GC (Ergonomics) [PSYoungGen: 86182K->0K(175104K)] [ParOldGen: 455628K->52295K(524288K)] 541810K->52295K(699392K), [Metaspace: 43922K->43922K(1087488K)], 0.0465592 secs] [Times: user=0.38 sys=0.00, real=0.05 secs] 
2016-09-15T12:26:40.364-0400: 34.089: [GC (GCLocker Initiated GC) [PSYoungGen: 88064K->86274K(175104K)] 140439K->162949K(699392K), 0.0103134 secs] [Times: user=0.15 sys=0.00, real=0.01 secs] 
2016-09-15T12:26:40.490-0400: 34.215: [GC (Allocation Failure) [PSYoungGen: 174338K->61622K(175104K)] 257276K->181565K(699392K), 0.0109497 secs] [Times: user=0.10 sys=0.00, real=0.01 secs] 
2016-09-15T12:26:40.612-0400: 34.337: [GC (GCLocker Initiated GC) [PSYoungGen: 149686K->55255K(175104K)] 269630K->217999K(699392K), 0.0112446 secs] [Times: user=0.10 sys=0.00, real=0.01 secs] 
2016-09-15T12:26:40.761-0400: 34.486: [GC (GCLocker Initiated GC) [PSYoungGen: 143319K->25075K(175104K)] 318563K->237022K(699392K), 0.0183108 secs] [Times: user=0.11 sys=0.00, real=0.02 secs] 
2016-09-15T12:26:40.905-0400: 34.630: [GC (Allocation Failure) [PSYoungGen: 113139K->85790K(175104K)] 331314K->322473K(699392K), 0.0158302 secs] [Times: user=0.22 sys=0.00, real=0.02 secs] 
2016-09-15T12:26:40.922-0400: 34.647: [GC (GCLocker Initiated GC) [PSYoungGen: 86148K->96K(175104K)] 322832K->334381K(699392K), 0.0092159 secs] [Times: user=0.12 sys=0.01, real=0.01 secs] 
2016-09-15T12:26:41.072-0400: 34.797: [GC (GCLocker Initiated GC) [PSYoungGen: 87190K->86374K(175104K)] 427551K->432817K(699392K), 0.0120993 secs] [Times: user=0.17 sys=0.00, real=0.01 secs] 
2016-09-15T12:26:41.218-0400: 34.943: [GC (GCLocker Initiated GC) [PSYoungGen: 174438K->79551K(175104K)] 521007K->463634K(699392K), 0.0142311 secs] [Times: user=0.20 sys=0.00, real=0.01 secs] 
2016-09-15T12:26:41.336-0400: 35.061: [GC (GCLocker Initiated GC) [PSYoungGen: 167615K->73772K(175104K)] 557904K->512772K(699392K), 0.0224430 secs] [Times: user=0.30 sys=0.00, real=0.02 secs] 
2016-09-15T12:26:41.359-0400: 35.084: [Full GC (Ergonomics) [PSYoungGen: 73772K->0K(175104K)] [ParOldGen: 439000K->52317K(524288K)] 512772K->52317K(699392K), [Metaspace: 43948K->43948K(1087488K)], 0.0532984 secs] [Times: user=0.36 sys=0.01, real=0.05 secs] 
2016-09-15T12:26:41.530-0400: 35.255: [GC (Allocation Failure) [PSYoungGen: 88064K->86438K(175104K)] 146682K->157206K(699392K), 0.0110212 secs] [Times: user=0.17 sys=0.00, real=0.01 secs] 
2016-09-15T12:26:41.664-0400: 35.389: [GC (GCLocker Initiated GC) [PSYoungGen: 168858K->37030K(175104K)] 245702K->151191K(699392K), 0.0107264 secs] [Times: user=0.10 sys=0.01, real=0.01 secs] 
2016-09-15T12:26:41.807-0400: 35.532: [GC (GCLocker Initiated GC) [PSYoungGen: 125094K->85758K(175104K)] 245377K->206333K(699392K), 0.0134768 secs] [Times: user=0.16 sys=0.00, real=0.02 secs] 
2016-09-15T12:26:41.944-0400: 35.669: [GC (GCLocker Initiated GC) [PSYoungGen: 173822K->67469K(175104K)] 294433K->255229K(699392K), 0.0112369 secs] [Times: user=0.15 sys=0.00, real=0.01 secs] 
2016-09-15T12:26:42.064-0400: 35.789: [GC (GCLocker Initiated GC) [PSYoungGen: 155533K->79683K(175104K)] 343497K->340871K(699392K), 0.0121384 secs] [Times: user=0.18 sys=0.01, real=0.02 secs] 
2016-09-15T12:26:42.211-0400: 35.936: [GC (GCLocker Initiated GC) [PSYoungGen: 167747K->55383K(175104K)] 435073K->341249K(699392K), 0.0128716 secs] [Times: user=0.16 sys=0.01, real=0.01 secs] 
2016-09-15T12:26:42.348-0400: 36.073: [GC (GCLocker Initiated GC) [PSYoungGen: 143447K->73348K(175104K)] 435570K->365746K(699392K), 0.0227675 secs] [Times: user=0.23 sys=0.00, real=0.02 secs] 
2016-09-15T12:26:42.501-0400: 36.226: [GC (GCLocker Initiated GC) [PSYoungGen: 161412K->85694K(175104K)] 453841K->408617K(699392K), 0.0342611 secs] [Times: user=0.40 sys=0.01, real=0.03 secs] 
2016-09-15T12:26:42.652-0400: 36.377: [GC (GCLocker Initiated GC) [PSYoungGen: 173758K->73412K(175104K)] 503106K->421293K(699392K), 0.0114406 secs] [Times: user=0.11 sys=0.00, real=0.01 secs] 
2016-09-15T12:26:42.802-0400: 36.527: [GC (GCLocker Initiated GC) [PSYoungGen: 161476K->73544K(175104K)] 515483K->427678K(699392K), 0.0102034 secs] [Times: user=0.13 sys=0.00, real=0.01 secs] 
2016-09-15T12:26:42.938-0400: 36.663: [GC (GCLocker Initiated GC) [PSYoungGen: 161608K->55255K(175104K)] 515840K->464430K(699392K), 0.0219649 secs] [Times: user=0.28 sys=0.00, real=0.02 secs] 
2016-09-15T12:26:43.088-0400: 36.813: [GC (GCLocker Initiated GC) [PSYoungGen: 143319K->73740K(175104K)] 558879K->550170K(699392K), 0.0162060 secs] [Times: user=0.19 sys=0.00, real=0.01 secs] 
2016-09-15T12:26:43.105-0400: 36.830: [Full GC (Ergonomics) [PSYoungGen: 73740K->0K(175104K)] [ParOldGen: 476430K->52424K(524288K)] 550170K->52424K(699392K), [Metaspace: 43964K->43964K(1087488K)], 0.0580681 secs] [Times: user=0.35 sys=0.00, real=0.06 secs] 
2016-09-15T12:26:43.324-0400: 37.049: [GC (GCLocker Initiated GC) [PSYoungGen: 88064K->73804K(175104K)] 146795K->132535K(699392K), 0.0078418 secs] [Times: user=0.10 sys=0.00, real=0.01 secs] 
2016-09-15T12:26:43.482-0400: 37.207: [GC (GCLocker Initiated GC) [PSYoungGen: 161868K->55479K(175104K)] 226985K->175587K(699392K), 0.0092543 secs] [Times: user=0.13 sys=0.00, real=0.01 secs] 
2016-09-15T12:26:43.635-0400: 37.360: [GC (GCLocker Initiated GC) [PSYoungGen: 143543K->62045K(175104K)] 276055K->194702K(699392K), 0.0072281 secs] [Times: user=0.10 sys=0.00, real=0.01 secs] 
2016-09-15T12:26:43.771-0400: 37.496: [GC (Allocation Failure) [PSYoungGen: 150109K->37517K(175104K)] 295237K->201178K(699392K), 0.0076301 secs] [Times: user=0.10 sys=0.01, real=0.01 secs] 
2016-09-15T12:26:43.870-0400: 37.595: [GC (GCLocker Initiated GC) [PSYoungGen: 125581K->73412K(175104K)] 289243K->255730K(699392K), 0.0110550 secs] [Times: user=0.09 sys=0.00, real=0.01 secs] 
2016-09-15T12:26:44.010-0400: 37.735: [GC (GCLocker Initiated GC) [PSYoungGen: 161476K->43856K(175104K)] 349926K->262809K(699392K), 0.0328489 secs] [Times: user=0.36 sys=0.00, real=0.03 secs] 
2016-09-15T12:26:44.149-0400: 37.874: [GC (GCLocker Initiated GC) [PSYoungGen: 131920K->73412K(175104K)] 351110K->311430K(699392K), 0.0131175 secs] [Times: user=0.14 sys=0.00, real=0.01 secs] 
2016-09-15T12:26:44.291-0400: 38.016: [GC (GCLocker Initiated GC) [PSYoungGen: 161476K->67501K(175104K)] 405813K->324116K(699392K), 0.0092607 secs] [Times: user=0.11 sys=0.00, real=0.01 secs] 
2016-09-15T12:26:44.427-0400: 38.152: [GC (GCLocker Initiated GC) [PSYoungGen: 155565K->86018K(175104K)] 412306K->361307K(699392K), 0.0121309 secs] [Times: user=0.14 sys=0.00, real=0.02 secs] 
2016-09-15T12:26:44.532-0400: 38.257: [GC (GCLocker Initiated GC) [PSYoungGen: 174082K->61362K(175104K)] 449418K->391477K(699392K), 0.0173634 secs] [Times: user=0.19 sys=0.00, real=0.02 secs] 
2016-09-15T12:26:44.662-0400: 38.387: [GC (GCLocker Initiated GC) [PSYoungGen: 149426K->86118K(175104K)] 479594K->465210K(699392K), 0.0116302 secs] [Times: user=0.15 sys=0.00, real=0.01 secs] 
2016-09-15T12:26:44.810-0400: 38.535: [GC (GCLocker Initiated GC) [PSYoungGen: 174182K->55451K(175104K)] 559568K->483802K(699392K), 0.0097231 secs] [Times: user=0.10 sys=0.00, real=0.01 secs] 
2016-09-15T12:26:44.952-0400: 38.678: [GC (GCLocker Initiated GC) [PSYoungGen: 143515K->61298K(175104K)] 571996K->508248K(699392K), 0.0125426 secs] [Times: user=0.11 sys=0.00, real=0.01 secs] 
2016-09-15T12:26:44.965-0400: 38.690: [Full GC (Ergonomics) [PSYoungGen: 61298K->0K(175104K)] [ParOldGen: 446950K->52840K(524288K)] 508248K->52840K(699392K), [Metaspace: 44040K->44040K(1087488K)], 0.0560055 secs] [Times: user=0.43 sys=0.00, real=0.06 secs] 
2016-09-15T12:26:45.161-0400: 38.886: [GC (GCLocker Initiated GC) [PSYoungGen: 88064K->85918K(175104K)] 140963K->144892K(699392K), 0.0089356 secs] [Times: user=0.09 sys=0.00, real=0.01 secs] 
2016-09-15T12:26:45.279-0400: 39.005: [GC (GCLocker Initiated GC) [PSYoungGen: 173982K->61522K(175104K)] 233127K->230573K(699392K), 0.0128205 secs] [Times: user=0.20 sys=0.01, real=0.01 secs] 
2016-09-15T12:26:45.409-0400: 39.134: [GC (Allocation Failure) [PSYoungGen: 149586K->80075K(175104K)] 318976K->267857K(699392K), 0.0098852 secs] [Times: user=0.15 sys=0.00, real=0.01 secs] 
2016-09-15T12:26:45.569-0400: 39.294: [GC (GCLocker Initiated GC) [PSYoungGen: 168139K->55091K(175104K)] 355927K->267618K(699392K), 0.0200288 secs] [Times: user=0.20 sys=0.00, real=0.02 secs] 
2016-09-15T12:26:45.707-0400: 39.432: [GC (GCLocker Initiated GC) [PSYoungGen: 143155K->48920K(175104K)] 361806K->285875K(699392K), 0.0137462 secs] [Times: user=0.12 sys=0.00, real=0.02 secs] 
2016-09-15T12:26:45.862-0400: 39.587: [GC (GCLocker Initiated GC) [PSYoungGen: 136984K->55191K(175104K)] 380156K->316692K(699392K), 0.0091266 secs] [Times: user=0.07 sys=0.00, real=0.01 secs] 
2016-09-15T12:26:46.028-0400: 39.753: [GC (GCLocker Initiated GC) [PSYoungGen: 143255K->55351K(175104K)] 416958K->347578K(699392K), 0.0106242 secs] [Times: user=0.12 sys=0.00, real=0.01 secs] 
2016-09-15T12:26:46.173-0400: 39.898: [GC (GCLocker Initiated GC) [PSYoungGen: 143415K->55451K(175104K)] 441725K->353856K(699392K), 0.0272984 secs] [Times: user=0.33 sys=0.00, real=0.03 secs] 
2016-09-15T12:26:46.314-0400: 40.039: [GC (GCLocker Initiated GC) [PSYoungGen: 143515K->85822K(175104K)] 441968K->421180K(699392K), 0.0104958 secs] [Times: user=0.12 sys=0.00, real=0.01 secs] 
2016-09-15T12:26:46.431-0400: 40.156: [GC (GCLocker Initiated GC) [PSYoungGen: 173886K->73868K(175104K)] 515613K->476489K(699392K), 0.0219955 secs] [Times: user=0.27 sys=0.02, real=0.02 secs] 
2016-09-15T12:26:46.563-0400: 40.288: [GC (GCLocker Initiated GC) [PSYoungGen: 161932K->85986K(175104K)] 564651K->495119K(699392K), 0.0101313 secs] [Times: user=0.14 sys=0.01, real=0.01 secs] 
2016-09-15T12:26:46.713-0400: 40.438: [GC (Allocation Failure) [PSYoungGen: 174050K->55415K(175104K)] 589445K->507708K(699392K), 0.0103692 secs] [Times: user=0.15 sys=0.00, real=0.01 secs] 
2016-09-15T12:26:46.724-0400: 40.449: [Full GC (Ergonomics) [PSYoungGen: 55415K->0K(175104K)] [ParOldGen: 452293K->46625K(524288K)] 507708K->46625K(699392K), [Metaspace: 44108K->44108K(1087488K)], 0.0555705 secs] [Times: user=0.32 sys=0.01, real=0.06 secs] 
2016-09-15T12:26:46.780-0400: 40.505: [GC (GCLocker Initiated GC) [PSYoungGen: 7K->32K(175104K)] 46633K->46657K(699392K), 0.0025446 secs] [Times: user=0.01 sys=0.01, real=0.00 secs] 
2016-09-15T12:26:46.897-0400: 40.622: [GC (GCLocker Initiated GC) [PSYoungGen: 83612K->86178K(175104K)] 136313K->144961K(699392K), 0.0094347 secs] [Times: user=0.11 sys=0.00, real=0.00 secs] 
2016-09-15T12:26:47.040-0400: 40.765: [GC (GCLocker Initiated GC) [PSYoungGen: 174242K->43233K(175104K)] 239377K->139618K(699392K), 0.0100230 secs] [Times: user=0.10 sys=0.00, real=0.01 secs] 
2016-09-15T12:26:47.157-0400: 40.882: [GC (GCLocker Initiated GC) [PSYoungGen: 131297K->73608K(175104K)] 228021K->206926K(699392K), 0.0119883 secs] [Times: user=0.16 sys=0.00, real=0.01 secs] 
2016-09-15T12:26:47.304-0400: 41.030: [GC (GCLocker Initiated GC) [PSYoungGen: 161672K->79815K(175104K)] 301168K->256037K(699392K), 0.0167924 secs] [Times: user=0.12 sys=0.00, real=0.02 secs] 
2016-09-15T12:26:47.467-0400: 41.192: [GC (GCLocker Initiated GC) [PSYoungGen: 167879K->73380K(175104K)] 350223K->304788K(699392K), 0.0255865 secs] [Times: user=0.34 sys=0.00, real=0.03 secs] 
2016-09-15T12:26:47.618-0400: 41.343: [GC (GCLocker Initiated GC) [PSYoungGen: 161444K->79779K(175104K)] 393186K->360265K(699392K), 0.0122339 secs] [Times: user=0.15 sys=0.00, real=0.01 secs] 
2016-09-15T12:26:47.762-0400: 41.487: [GC (GCLocker Initiated GC) [PSYoungGen: 167843K->43073K(175104K)] 448353K->360269K(699392K), 0.0096640 secs] [Times: user=0.07 sys=0.00, real=0.01 secs] 
2016-09-15T12:26:47.914-0400: 41.639: [GC (GCLocker Initiated GC) [PSYoungGen: 131137K->37258K(175104K)] 466762K->403377K(699392K), 0.0091809 secs] [Times: user=0.08 sys=0.00, real=0.01 secs] 
2016-09-15T12:26:48.057-0400: 41.782: [GC (GCLocker Initiated GC) [PSYoungGen: 125322K->73740K(175104K)] 491796K->440506K(699392K), 0.0084002 secs] [Times: user=0.11 sys=0.01, real=0.00 secs] 
2016-09-15T12:26:48.200-0400: 41.925: [GC (GCLocker Initiated GC) [PSYoungGen: 161804K->79551K(175104K)] 528661K->483181K(699392K), 0.0189139 secs] [Times: user=0.25 sys=0.00, real=0.02 secs] 
2016-09-15T12:26:48.326-0400: 42.051: [GC (GCLocker Initiated GC) [PSYoungGen: 167615K->67633K(175104K)] 583544K->526207K(699392K), 0.0185658 secs] [Times: user=0.18 sys=0.00, real=0.02 secs] 
2016-09-15T12:26:48.345-0400: 42.070: [Full GC (Ergonomics) [PSYoungGen: 67633K->0K(175104K)] [ParOldGen: 458573K->57821K(524288K)] 526207K->57821K(699392K), [Metaspace: 44123K->44123K(1087488K)], 0.0570170 secs] [Times: user=0.33 sys=0.00, real=0.06 secs] 
2016-09-15T12:26:48.568-0400: 42.293: [GC (GCLocker Initiated GC) [PSYoungGen: 88064K->73836K(175104K)] 145976K->131749K(699392K), 0.0100679 secs] [Times: user=0.06 sys=0.00, real=0.01 secs] 
2016-09-15T12:26:48.717-0400: 42.442: [GC (GCLocker Initiated GC) [PSYoungGen: 161900K->61102K(175104K)] 225929K->144044K(699392K), 0.0158283 secs] [Times: user=0.16 sys=0.01, real=0.01 secs] 
2016-09-15T12:26:48.824-0400: 42.549: [GC (GCLocker Initiated GC) [PSYoungGen: 149166K->85822K(175104K)] 232284K->223759K(699392K), 0.0121236 secs] [Times: user=0.18 sys=0.01, real=0.02 secs] 
2016-09-15T12:26:48.940-0400: 42.665: [GC (GCLocker Initiated GC) [PSYoungGen: 173886K->85822K(175104K)] 311988K->260689K(699392K), 0.0107913 secs] [Times: user=0.14 sys=0.00, real=0.01 secs] 
2016-09-15T12:26:49.098-0400: 42.823: [GC (Allocation Failure) [PSYoungGen: 173886K->55283K(175104K)] 354903K->266982K(699392K), 0.0090673 secs] [Times: user=0.09 sys=0.00, real=0.00 secs] 
2016-09-15T12:26:49.244-0400: 42.969: [GC (GCLocker Initiated GC) [PSYoungGen: 141192K->73380K(175104K)] 358967K->291290K(699392K), 0.0078795 secs] [Times: user=0.06 sys=0.00, real=0.01 secs] 
2016-09-15T12:26:49.355-0400: 43.080: [GC (Allocation Failure) [PSYoungGen: 161444K->73516K(175104K)] 379401K->291585K(699392K), 0.0139102 secs] [Times: user=0.10 sys=0.01, real=0.02 secs] 
2016-09-15T12:26:49.480-0400: 43.205: [GC (GCLocker Initiated GC) [PSYoungGen: 156065K->55743K(175104K)] 380209K->353086K(699392K), 0.0312002 secs] [Times: user=0.30 sys=0.01, real=0.03 secs] 
2016-09-15T12:26:49.629-0400: 43.354: [GC (GCLocker Initiated GC) [PSYoungGen: 143807K->61166K(175104K)] 447452K->383319K(699392K), 0.0089569 secs] [Times: user=0.09 sys=0.00, real=0.01 secs] 
2016-09-15T12:26:49.756-0400: 43.481: [GC (GCLocker Initiated GC) [PSYoungGen: 149230K->85662K(175104K)] 471570K->408106K(699392K), 0.0110840 secs] [Times: user=0.10 sys=0.00, real=0.01 secs] 
2016-09-15T12:26:49.887-0400: 43.612: [GC (GCLocker Initiated GC) [PSYoungGen: 173726K->49212K(175104K)] 496441K->426862K(699392K), 0.0118018 secs] [Times: user=0.11 sys=0.01, real=0.02 secs] 
2016-09-15T12:26:50.032-0400: 43.757: [GC (Allocation Failure) [PSYoungGen: 137276K->61298K(175104K)] 521306K->445416K(699392K), 0.0173960 secs] [Times: user=0.16 sys=0.00, real=0.02 secs] 
2016-09-15T12:26:50.162-0400: 43.887: [GC (GCLocker Initiated GC) [PSYoungGen: 149362K->55191K(175104K)] 533480K->451734K(699392K), 0.0197637 secs] [Times: user=0.19 sys=0.01, real=0.02 secs] 
2016-09-15T12:26:50.286-0400: 44.011: [GC (GCLocker Initiated GC) [PSYoungGen: 143255K->55223K(175104K)] 545969K->458205K(699392K), 0.0150542 secs] [Times: user=0.12 sys=0.00, real=0.02 secs] 
2016-09-15T12:26:50.450-0400: 44.175: [GC (GCLocker Initiated GC) [PSYoungGen: 143287K->55255K(175104K)] 558740K->489225K(699392K), 0.0237695 secs] [Times: user=0.27 sys=0.01, real=0.02 secs] 
2016-09-15T12:26:50.638-0400: 44.363: [GC (GCLocker Initiated GC) [PSYoungGen: 143319K->55351K(175104K)] 583702K->495838K(699392K), 0.0069968 secs] [Times: user=0.10 sys=0.00, real=0.00 secs] 
2016-09-15T12:26:50.755-0400: 44.480: [GC (GCLocker Initiated GC) [PSYoungGen: 143415K->73968K(175104K)] 584218K->515070K(699392K), 0.0074896 secs] [Times: user=0.12 sys=0.00, real=0.01 secs] 
2016-09-15T12:26:50.898-0400: 44.623: [GC (GCLocker Initiated GC) [PSYoungGen: 162032K->37322K(175104K)] 609435K->521303K(699392K), 0.0102691 secs] [Times: user=0.13 sys=0.01, real=0.01 secs] 
2016-09-15T12:26:50.908-0400: 44.633: [Full GC (Ergonomics) [PSYoungGen: 37322K->0K(175104K)] [ParOldGen: 483981K->45964K(524288K)] 521303K->45964K(699392K), [Metaspace: 44126K->44126K(1087488K)], 0.0510568 secs] [Times: user=0.33 sys=0.02, real=0.05 secs] 
2016-09-15T12:26:51.071-0400: 44.796: [GC (GCLocker Initiated GC) [PSYoungGen: 88064K->85758K(175104K)] 134383K->150303K(699392K), 0.0104085 secs] [Times: user=0.10 sys=0.00, real=0.01 secs] 
2016-09-15T12:26:51.219-0400: 44.945: [GC (GCLocker Initiated GC) [PSYoungGen: 173819K->48888K(175104K)] 238725K->144420K(699392K), 0.0124952 secs] [Times: user=0.10 sys=0.00, real=0.01 secs] 
2016-09-15T12:26:51.338-0400: 45.063: [GC (GCLocker Initiated GC) [PSYoungGen: 136952K->49344K(175104K)] 232789K->163509K(699392K), 0.0255726 secs] [Times: user=0.30 sys=0.00, real=0.02 secs] 
2016-09-15T12:26:51.501-0400: 45.226: [GC (GCLocker Initiated GC) [PSYoungGen: 137408K->43201K(175104K)] 264084K->206603K(699392K), 0.0318432 secs] [Times: user=0.35 sys=0.01, real=0.03 secs] 
2016-09-15T12:26:51.657-0400: 45.382: [GC (GCLocker Initiated GC) [PSYoungGen: 131265K->73316K(175104K)] 300856K->243011K(699392K), 0.0163485 secs] [Times: user=0.19 sys=0.00, real=0.01 secs] 
2016-09-15T12:26:51.782-0400: 45.507: [GC (GCLocker Initiated GC) [PSYoungGen: 161380K->80207K(175104K)] 331122K->292602K(699392K), 0.0233395 secs] [Times: user=0.26 sys=0.01, real=0.02 secs] 
2016-09-15T12:26:51.912-0400: 45.637: [GC (GCLocker Initiated GC) [PSYoungGen: 168271K->61622K(175104K)] 380842K->353483K(699392K), 0.0191391 secs] [Times: user=0.25 sys=0.00, real=0.02 secs] 
2016-09-15T12:26:52.015-0400: 45.740: [GC (Allocation Failure) [PSYoungGen: 149686K->85858K(175104K)] 441588K->396261K(699392K), 0.0186495 secs] [Times: user=0.23 sys=0.01, real=0.02 secs] 
2016-09-15T12:26:52.121-0400: 45.846: [GC (GCLocker Initiated GC) [PSYoungGen: 173922K->61458K(175104K)] 484331K->451314K(699392K), 0.0122447 secs] [Times: user=0.17 sys=0.01, real=0.01 secs] 
2016-09-15T12:26:52.236-0400: 45.961: [GC (GCLocker Initiated GC) [PSYoungGen: 149522K->86050K(175104K)] 539542K->555189K(699392K), 0.0158566 secs] [Times: user=0.23 sys=0.01, real=0.01 secs] 
2016-09-15T12:26:52.252-0400: 45.977: [Full GC (Ergonomics) [PSYoungGen: 86050K->0K(175104K)] [ParOldGen: 469139K->57952K(524288K)] 555189K->57952K(699392K), [Metaspace: 44131K->44131K(1087488K)], 0.0504376 secs] [Times: user=0.34 sys=0.00, real=0.05 secs] 
2016-09-15T12:26:52.407-0400: 46.132: [GC (GCLocker Initiated GC) [PSYoungGen: 88064K->86530K(175104K)] 152138K->199205K(699392K), 0.0116673 secs] [Times: user=0.19 sys=0.00, real=0.02 secs] 
2016-09-15T12:26:52.531-0400: 46.256: [GC (GCLocker Initiated GC) [PSYoungGen: 174594K->85822K(175104K)] 287423K->266468K(699392K), 0.0134025 secs] [Times: user=0.22 sys=0.01, real=0.01 secs] 
2016-09-15T12:26:52.668-0400: 46.393: [GC (GCLocker Initiated GC) [PSYoungGen: 173886K->79779K(175104K)] 354898K->327932K(699392K), 0.0126454 secs] [Times: user=0.21 sys=0.00, real=0.01 secs] 
2016-09-15T12:26:52.803-0400: 46.528: [GC (GCLocker Initiated GC) [PSYoungGen: 167843K->79911K(175104K)] 416021K->352696K(699392K), 0.0149287 secs] [Times: user=0.19 sys=0.01, real=0.02 secs] 
2016-09-15T12:26:52.913-0400: 46.638: [GC (GCLocker Initiated GC) [PSYoungGen: 167975K->43073K(175104K)] 440813K->352433K(699392K), 0.0100603 secs] [Times: user=0.07 sys=0.00, real=0.01 secs] 
2016-09-15T12:26:53.056-0400: 46.781: [GC (GCLocker Initiated GC) [PSYoungGen: 131137K->49376K(175104K)] 452829K->407809K(699392K), 0.0100660 secs] [Times: user=0.12 sys=0.00, real=0.00 secs] 
2016-09-15T12:26:53.191-0400: 46.916: [GC (GCLocker Initiated GC) [PSYoungGen: 137440K->61686K(175104K)] 496032K->457356K(699392K), 0.0092368 secs] [Times: user=0.11 sys=0.01, real=0.01 secs] 
2016-09-15T12:26:53.311-0400: 47.036: [GC (GCLocker Initiated GC) [PSYoungGen: 149750K->73608K(175104K)] 545579K->530510K(699392K), 0.0116915 secs] [Times: user=0.15 sys=0.02, real=0.01 secs] 
2016-09-15T12:26:53.323-0400: 47.048: [Full GC (Ergonomics) [PSYoungGen: 73608K->0K(175104K)] [ParOldGen: 456902K->51341K(524288K)] 530510K->51341K(699392K), [Metaspace: 44142K->44142K(1087488K)], 0.0728232 secs] [Times: user=0.74 sys=0.01, real=0.08 secs] 
2016-09-15T12:26:53.513-0400: 47.239: [GC (GCLocker Initiated GC) [PSYoungGen: 88064K->74028K(175104K)] 146117K->132081K(699392K), 0.0100052 secs] [Times: user=0.14 sys=0.02, real=0.01 secs] 
2016-09-15T12:26:53.650-0400: 47.375: [GC (Allocation Failure) [PSYoungGen: 162092K->61266K(175104K)] 226262K->144145K(699392K), 0.0192120 secs] [Times: user=0.20 sys=0.00, real=0.02 secs] 
2016-09-15T12:26:53.812-0400: 47.537: [GC (GCLocker Initiated GC) [PSYoungGen: 149330K->36902K(175104K)] 232214K->156331K(699392K), 0.0145261 secs] [Times: user=0.15 sys=0.00, real=0.01 secs] 
2016-09-15T12:26:53.916-0400: 47.641: [GC (Allocation Failure) [PSYoungGen: 124966K->85890K(175104K)] 244723K->218072K(699392K), 0.0102210 secs] [Times: user=0.10 sys=0.00, real=0.00 secs] 
2016-09-15T12:26:54.058-0400: 47.783: [GC (GCLocker Initiated GC) [PSYoungGen: 173954K->73672K(175104K)] 306137K->242792K(699392K), 0.0103853 secs] [Times: user=0.15 sys=0.00, real=0.01 secs] 
2016-09-15T12:26:54.188-0400: 47.913: [GC (Allocation Failure) [PSYoungGen: 161736K->80011K(175104K)] 330964K->249547K(699392K), 0.0087263 secs] [Times: user=0.12 sys=0.00, real=0.01 secs] 
2016-09-15T12:26:54.306-0400: 48.031: [GC (GCLocker Initiated GC) [PSYoungGen: 168075K->61458K(175104K)] 337617K->285998K(699392K), 0.0241921 secs] [Times: user=0.29 sys=0.01, real=0.03 secs] 
2016-09-15T12:26:54.468-0400: 48.193: [GC (GCLocker Initiated GC) [PSYoungGen: 149522K->55515K(175104K)] 386562K->310883K(699392K), 0.0184456 secs] [Times: user=0.22 sys=0.01, real=0.01 secs] 
2016-09-15T12:26:54.661-0400: 48.386: [GC (GCLocker Initiated GC) [PSYoungGen: 143579K->36898K(175104K)] 411279K->304897K(699392K), 0.0126795 secs] [Times: user=0.13 sys=0.00, real=0.01 secs] 
2016-09-15T12:26:54.825-0400: 48.550: [GC (GCLocker Initiated GC) [PSYoungGen: 124962K->67177K(175104K)] 393199K->335525K(699392K), 0.0104142 secs] [Times: user=0.09 sys=0.01, real=0.01 secs] 
2016-09-15T12:26:54.944-0400: 48.669: [GC (GCLocker Initiated GC) [PSYoungGen: 155241K->61494K(175104K)] 430031K->342455K(699392K), 0.0146310 secs] [Times: user=0.14 sys=0.00, real=0.02 secs] 
2016-09-15T12:26:55.088-0400: 48.813: [GC (GCLocker Initiated GC) [PSYoungGen: 149558K->55451K(175104K)] 436905K->373441K(699392K), 0.0135759 secs] [Times: user=0.15 sys=0.00, real=0.01 secs] 
2016-09-15T12:26:55.196-0400: 48.921: [GC (GCLocker Initiated GC) [PSYoungGen: 143515K->79619K(175104K)] 461827K->398035K(699392K), 0.0090913 secs] [Times: user=0.10 sys=0.00, real=0.00 secs] 
2016-09-15T12:26:55.308-0400: 49.033: [GC (GCLocker Initiated GC) [PSYoungGen: 167683K->61622K(175104K)] 486229K->434995K(699392K), 0.0102826 secs] [Times: user=0.11 sys=0.00, real=0.01 secs] 
2016-09-15T12:26:55.477-0400: 49.202: [GC (GCLocker Initiated GC) [PSYoungGen: 149686K->43137K(175104K)] 535497K->447457K(699392K), 0.0183988 secs] [Times: user=0.21 sys=0.00, real=0.02 secs] 
2016-09-15T12:26:55.607-0400: 49.332: [GC (GCLocker Initiated GC) [PSYoungGen: 131201K->61330K(175104K)] 541644K->496348K(699392K), 0.0212008 secs] [Times: user=0.22 sys=0.00, real=0.03 secs] 
2016-09-15T12:26:55.729-0400: 49.454: [GC (GCLocker Initiated GC) [PSYoungGen: 149394K->43169K(175104K)] 584471K->527122K(699392K), 0.0265271 secs] [Times: user=0.32 sys=0.00, real=0.02 secs] 
2016-09-15T12:26:55.756-0400: 49.481: [Full GC (Ergonomics) [PSYoungGen: 43169K->0K(175104K)] [ParOldGen: 483953K->51860K(524288K)] 527122K->51860K(699392K), [Metaspace: 44148K->44148K(1087488K)], 0.0560555 secs] [Times: user=0.29 sys=0.02, real=0.06 secs] 
2016-09-15T12:26:55.913-0400: 49.638: [GC (GCLocker Initiated GC) [PSYoungGen: 88064K->86538K(175104K)] 146047K->180971K(699392K), 0.0224945 secs] [Times: user=0.32 sys=0.00, real=0.02 secs] 
2016-09-15T12:26:56.056-0400: 49.781: [GC (Allocation Failure) [PSYoungGen: 174602K->67369K(175104K)] 269206K->229549K(699392K), 0.0110393 secs] [Times: user=0.15 sys=0.01, real=0.00 secs] 
2016-09-15T12:26:56.235-0400: 49.960: [GC (Allocation Failure) [PSYoungGen: 155433K->67469K(175104K)] 317613K->247986K(699392K), 0.0093267 secs] [Times: user=0.08 sys=0.00, real=0.01 secs] 
2016-09-15T12:26:56.348-0400: 50.073: [GC (GCLocker Initiated GC) [PSYoungGen: 155533K->73412K(175104K)] 336055K->254250K(699392K), 0.0084798 secs] [Times: user=0.11 sys=0.01, real=0.01 secs] 
2016-09-15T12:26:56.468-0400: 50.193: [GC (GCLocker Initiated GC) [PSYoungGen: 161476K->73512K(175104K)] 342378K->272735K(699392K), 0.0096013 secs] [Times: user=0.07 sys=0.01, real=0.01 secs] 
2016-09-15T12:26:56.610-0400: 50.335: [GC (Allocation Failure) [PSYoungGen: 161576K->85790K(175104K)] 361113K->309919K(699392K), 0.0188396 secs] [Times: user=0.25 sys=0.01, real=0.02 secs] 
2016-09-15T12:26:56.742-0400: 50.467: [GC (GCLocker Initiated GC) [PSYoungGen: 173854K->67501K(175104K)] 397988K->346626K(699392K), 0.0122642 secs] [Times: user=0.15 sys=0.00, real=0.01 secs] 
2016-09-15T12:26:56.884-0400: 50.609: [GC (GCLocker Initiated GC) [PSYoungGen: 155565K->49735K(175104K)] 440941K->365574K(699392K), 0.0092348 secs] [Times: user=0.08 sys=0.00, real=0.01 secs] 
2016-09-15T12:26:57.031-0400: 50.756: [GC (Allocation Failure) [PSYoungGen: 137799K->55415K(175104K)] 453680K->371563K(699392K), 0.0177792 secs] [Times: user=0.16 sys=0.00, real=0.02 secs] 
2016-09-15T12:26:57.198-0400: 50.923: [GC (Allocation Failure) [PSYoungGen: 143479K->61490K(175104K)] 459627K->426577K(699392K), 0.0130142 secs] [Times: user=0.18 sys=0.00, real=0.01 secs] 
2016-09-15T12:26:57.337-0400: 51.062: [GC (Allocation Failure) [PSYoungGen: 149554K->61326K(175104K)] 514641K->444913K(699392K), 0.0155797 secs] [Times: user=0.22 sys=0.00, real=0.01 secs] 
2016-09-15T12:26:57.470-0400: 51.195: [GC (GCLocker Initiated GC) [PSYoungGen: 149390K->73608K(175104K)] 539052K->463406K(699392K), 0.0091652 secs] [Times: user=0.14 sys=0.00, real=0.01 secs] 
2016-09-15T12:26:57.624-0400: 51.349: [GC (GCLocker Initiated GC) [PSYoungGen: 161671K->74032K(175104K)] 551830K->482551K(699392K), 0.0116080 secs] [Times: user=0.15 sys=0.00, real=0.02 secs] 
2016-09-15T12:26:57.740-0400: 51.465: [GC (GCLocker Initiated GC) [PSYoungGen: 162096K->85626K(175104K)] 570741K->518871K(699392K), 0.0111933 secs] [Times: user=0.16 sys=0.01, real=0.01 secs] 
2016-09-15T12:26:57.865-0400: 51.590: [GC (GCLocker Initiated GC) [PSYoungGen: 173690K->86150K(175104K)] 607134K->592645K(699392K), 0.0143170 secs] [Times: user=0.23 sys=0.01, real=0.02 secs] 
2016-09-15T12:26:57.880-0400: 51.605: [Full GC (Ergonomics) [PSYoungGen: 86150K->0K(175104K)] [ParOldGen: 506495K->51923K(524288K)] 592645K->51923K(699392K), [Metaspace: 44148K->44148K(1087488K)], 0.0536672 secs] [Times: user=0.38 sys=0.00, real=0.05 secs] 
2016-09-15T12:26:58.034-0400: 51.759: [GC (GCLocker Initiated GC) [PSYoungGen: 88064K->86794K(175104K)] 152329K->157134K(699392K), 0.0097737 secs] [Times: user=0.13 sys=0.00, real=0.01 secs] 
2016-09-15T12:26:58.157-0400: 51.882: [GC (GCLocker Initiated GC) [PSYoungGen: 174858K->79683K(175104K)] 251451K->230316K(699392K), 0.0138114 secs] [Times: user=0.18 sys=0.00, real=0.01 secs] 
2016-09-15T12:26:58.293-0400: 52.018: [GC (GCLocker Initiated GC) [PSYoungGen: 167747K->49308K(175104K)] 330661K->267033K(699392K), 0.0143799 secs] [Times: user=0.18 sys=0.00, real=0.02 secs] 
2016-09-15T12:26:58.420-0400: 52.145: [GC (Allocation Failure) [PSYoungGen: 137372K->85986K(175104K)] 355138K->358579K(699392K), 0.0117000 secs] [Times: user=0.14 sys=0.00, real=0.01 secs] 
2016-09-15T12:26:58.541-0400: 52.267: [GC (Allocation Failure) [PSYoungGen: 169148K->25104K(175104K)] 441742K->389318K(699392K), 0.0105031 secs] [Times: user=0.17 sys=0.00, real=0.01 secs] 
2016-09-15T12:26:58.671-0400: 52.396: [GC (GCLocker Initiated GC) [PSYoungGen: 113168K->73772K(175104K)] 477387K->438291K(699392K), 0.0099114 secs] [Times: user=0.14 sys=0.00, real=0.01 secs] 
2016-09-15T12:26:58.818-0400: 52.543: [GC (GCLocker Initiated GC) [PSYoungGen: 161836K->85822K(175104K)] 526397K->493372K(699392K), 0.0130045 secs] [Times: user=0.17 sys=0.00, real=0.01 secs] 
2016-09-15T12:26:58.952-0400: 52.677: [GC (Allocation Failure) [PSYoungGen: 173886K->49244K(175104K)] 581477K->529878K(699392K), 0.0209565 secs] [Times: user=0.28 sys=0.01, real=0.02 secs] 
2016-09-15T12:26:58.973-0400: 52.698: [Full GC (Ergonomics) [PSYoungGen: 49244K->0K(175104K)] [ParOldGen: 480634K->39892K(524288K)] 529878K->39892K(699392K), [Metaspace: 44180K->44180K(1087488K)], 0.0533621 secs] [Times: user=0.29 sys=0.00, real=0.05 secs] 
2016-09-15T12:26:59.134-0400: 52.859: [GC (GCLocker Initiated GC) [PSYoungGen: 88064K->86374K(175104K)] 127961K->132347K(699392K), 0.0103086 secs] [Times: user=0.14 sys=0.00, real=0.01 secs] 
2016-09-15T12:26:59.303-0400: 53.028: [GC (GCLocker Initiated GC) [PSYoungGen: 174438K->73672K(175104K)] 226712K->145235K(699392K), 0.0098399 secs] [Times: user=0.11 sys=0.00, real=0.01 secs] 
2016-09-15T12:26:59.446-0400: 53.171: [GC (GCLocker Initiated GC) [PSYoungGen: 161736K->37354K(175104K)] 245636K->176245K(699392K), 0.0113563 secs] [Times: user=0.13 sys=0.00, real=0.02 secs] 
2016-09-15T12:26:59.605-0400: 53.330: [GC (GCLocker Initiated GC) [PSYoungGen: 125418K->36738K(175104K)] 276691K->188270K(699392K), 0.0069444 secs] [Times: user=0.05 sys=0.00, real=0.01 secs] 
2016-09-15T12:26:59.733-0400: 53.458: [GC (GCLocker Initiated GC) [PSYoungGen: 124802K->73640K(175104K)] 282518K->231468K(699392K), 0.0073964 secs] [Times: user=0.08 sys=0.00, real=0.01 secs] 
2016-09-15T12:26:59.879-0400: 53.604: [GC (GCLocker Initiated GC) [PSYoungGen: 161704K->55287K(175104K)] 319764K->250064K(699392K), 0.0168402 secs] [Times: user=0.18 sys=0.00, real=0.02 secs] 
2016-09-15T12:27:00.014-0400: 53.739: [GC (Allocation Failure) [PSYoungGen: 143351K->73448K(175104K)] 344503K->274704K(699392K), 0.0175236 secs] [Times: user=0.18 sys=0.00, real=0.02 secs] 
2016-09-15T12:27:00.152-0400: 53.877: [GC (GCLocker Initiated GC) [PSYoungGen: 160918K->37158K(175104K)] 368249K->262997K(699392K), 0.0126533 secs] [Times: user=0.14 sys=0.00, real=0.01 secs] 
2016-09-15T12:27:00.286-0400: 54.011: [GC (GCLocker Initiated GC) [PSYoungGen: 125222K->79815K(175104K)] 351170K->306046K(699392K), 0.0238886 secs] [Times: user=0.27 sys=0.01, real=0.03 secs] 
2016-09-15T12:27:00.432-0400: 54.157: [GC (Allocation Failure) [PSYoungGen: 167879K->67501K(175104K)] 394141K->342826K(699392K), 0.0165146 secs] [Times: user=0.21 sys=0.01, real=0.02 secs] 
2016-09-15T12:27:00.592-0400: 54.317: [GC (Allocation Failure) [PSYoungGen: 154007K->37194K(175104K)] 429333K->355328K(699392K), 0.0076113 secs] [Times: user=0.08 sys=0.00, real=0.01 secs] 
2016-09-15T12:27:00.715-0400: 54.440: [GC (GCLocker Initiated GC) [PSYoungGen: 121701K->43105K(175104K)] 445910K->385822K(699392K), 0.0099404 secs] [Times: user=0.10 sys=0.00, real=0.01 secs] 
2016-09-15T12:27:00.826-0400: 54.551: [GC (GCLocker Initiated GC) [PSYoungGen: 131169K->67437K(175104K)] 473928K->410284K(699392K), 0.0105922 secs] [Times: user=0.08 sys=0.01, real=0.02 secs] 
2016-09-15T12:27:00.964-0400: 54.689: [GC (GCLocker Initiated GC) [PSYoungGen: 155501K->73808K(175104K)] 498479K->447436K(699392K), 0.0197280 secs] [Times: user=0.20 sys=0.01, real=0.02 secs] 
2016-09-15T12:27:01.077-0400: 54.802: [GC (Allocation Failure) [PSYoungGen: 161872K->67469K(175104K)] 535699K->502338K(699392K), 0.0134116 secs] [Times: user=0.13 sys=0.00, real=0.01 secs] 
2016-09-15T12:27:01.091-0400: 54.816: [Full GC (Ergonomics) [PSYoungGen: 67469K->0K(175104K)] [ParOldGen: 434869K->52338K(524288K)] 502338K->52338K(699392K), [Metaspace: 44180K->44180K(1087488K)], 0.0571293 secs] [Times: user=0.36 sys=0.02, real=0.06 secs] 
2016-09-15T12:27:01.248-0400: 54.973: [GC (GCLocker Initiated GC) [PSYoungGen: 86424K->86242K(175104K)] 144837K->150730K(699392K), 0.0092255 secs] [Times: user=0.13 sys=0.00, real=0.01 secs] 
2016-09-15T12:27:01.379-0400: 55.104: [GC (Allocation Failure) [PSYoungGen: 174306K->61526K(175104K)] 238813K->181279K(699392K), 0.0112575 secs] [Times: user=0.13 sys=0.00, real=0.01 secs] 
2016-09-15T12:27:01.497-0400: 55.222: [GC (GCLocker Initiated GC) [PSYoungGen: 147237K->48984K(175104K)] 273066K->199544K(699392K), 0.0184013 secs] [Times: user=0.14 sys=0.00, real=0.01 secs] 
2016-09-15T12:27:01.649-0400: 55.374: [GC (GCLocker Initiated GC) [PSYoungGen: 137048K->55351K(175104K)] 293860K->212275K(699392K), 0.0125782 secs] [Times: user=0.14 sys=0.00, real=0.01 secs] 
2016-09-15T12:27:01.775-0400: 55.500: [GC (GCLocker Initiated GC) [PSYoungGen: 143415K->67241K(175104K)] 300487K->224597K(699392K), 0.0099001 secs] [Times: user=0.11 sys=0.00, real=0.01 secs] 
2016-09-15T12:27:01.902-0400: 55.627: [GC (GCLocker Initiated GC) [PSYoungGen: 155305K->79847K(175104K)] 312938K->274081K(699392K), 0.0117055 secs] [Times: user=0.14 sys=0.00, real=0.01 secs] 
2016-09-15T12:27:02.046-0400: 55.771: [GC (Allocation Failure) [PSYoungGen: 167911K->73540K(175104K)] 368623K->292760K(699392K), 0.0095684 secs] [Times: user=0.09 sys=0.00, real=0.02 secs] 
2016-09-15T12:27:02.174-0400: 55.899: [GC (GCLocker Initiated GC) [PSYoungGen: 161604K->55255K(175104K)] 380825K->274587K(699392K), 0.0101496 secs] [Times: user=0.11 sys=0.00, real=0.01 secs] 
2016-09-15T12:27:02.307-0400: 56.032: [GC (GCLocker Initiated GC) [PSYoungGen: 143319K->48984K(175104K)] 368774K->286848K(699392K), 0.0146299 secs] [Times: user=0.16 sys=0.00, real=0.02 secs] 
2016-09-15T12:27:02.445-0400: 56.171: [GC (GCLocker Initiated GC) [PSYoungGen: 137048K->79847K(175104K)] 374921K->354289K(699392K), 0.0217549 secs] [Times: user=0.22 sys=0.00, real=0.02 secs] 
2016-09-15T12:27:02.612-0400: 56.337: [GC (GCLocker Initiated GC) [PSYoungGen: 167911K->73448K(175104K)] 448543K->360438K(699392K), 0.0085713 secs] [Times: user=0.06 sys=0.01, real=0.01 secs] 
2016-09-15T12:27:02.719-0400: 56.444: [GC (GCLocker Initiated GC) [PSYoungGen: 161512K->85630K(175104K)] 448544K->397245K(699392K), 0.0100123 secs] [Times: user=0.08 sys=0.00, real=0.01 secs] 
2016-09-15T12:27:02.847-0400: 56.572: [GC (Allocation Failure) [PSYoungGen: 173694K->49244K(175104K)] 497663K->440314K(699392K), 0.0140515 secs] [Times: user=0.12 sys=0.01, real=0.02 secs] 
2016-09-15T12:27:02.973-0400: 56.698: [GC (GCLocker Initiated GC) [PSYoungGen: 134874K->55319K(175104K)] 532020K->483122K(699392K), 0.0102690 secs] [Times: user=0.12 sys=0.00, real=0.01 secs] 
2016-09-15T12:27:03.086-0400: 56.811: [GC (GCLocker Initiated GC) [PSYoungGen: 143383K->55091K(175104K)] 577381K->489341K(699392K), 0.0107450 secs] [Times: user=0.10 sys=0.00, real=0.02 secs] 
2016-09-15T12:27:03.219-0400: 56.944: [GC (GCLocker Initiated GC) [PSYoungGen: 143155K->61366K(175104K)] 577564K->501945K(699392K), 0.0160345 secs] [Times: user=0.18 sys=0.01, real=0.01 secs] 
2016-09-15T12:27:03.334-0400: 57.059: [GC (GCLocker Initiated GC) [PSYoungGen: 149430K->61622K(175104K)] 590242K->563656K(699392K), 0.0092886 secs] [Times: user=0.10 sys=0.01, real=0.01 secs] 
2016-09-15T12:27:03.343-0400: 57.068: [Full GC (Ergonomics) [PSYoungGen: 61622K->0K(175104K)] [ParOldGen: 502034K->52214K(524288K)] 563656K->52214K(699392K), [Metaspace: 44189K->44189K(1087488K)], 0.0618243 secs] [Times: user=0.37 sys=0.01, real=0.06 secs] 
2016-09-15T12:27:03.503-0400: 57.228: [GC (GCLocker Initiated GC) [PSYoungGen: 88064K->85730K(175104K)] 140538K->156430K(699392K), 0.0096344 secs] [Times: user=0.08 sys=0.00, real=0.01 secs] 
2016-09-15T12:27:03.657-0400: 57.382: [GC (GCLocker Initiated GC) [PSYoungGen: 173794K->55351K(175104K)] 250616K->174958K(699392K), 0.0360518 secs] [Times: user=0.42 sys=0.00, real=0.03 secs] 
2016-09-15T12:27:03.800-0400: 57.525: [GC (GCLocker Initiated GC) [PSYoungGen: 143415K->73444K(175104K)] 263204K->236057K(699392K), 0.0153989 secs] [Times: user=0.22 sys=0.00, real=0.01 secs] 
2016-09-15T12:27:03.907-0400: 57.632: [GC (GCLocker Initiated GC) [PSYoungGen: 161508K->85854K(175104K)] 324281K->285229K(699392K), 0.0099555 secs] [Times: user=0.12 sys=0.01, real=0.02 secs] 
2016-09-15T12:27:04.038-0400: 57.763: [GC (GCLocker Initiated GC) [PSYoungGen: 173918K->73900K(175104K)] 379644K->310317K(699392K), 0.0102961 secs] [Times: user=0.13 sys=0.00, real=0.01 secs] 
2016-09-15T12:27:04.145-0400: 57.870: [GC (GCLocker Initiated GC) [PSYoungGen: 161964K->85790K(175104K)] 398456K->328681K(699392K), 0.0103516 secs] [Times: user=0.15 sys=0.00, real=0.01 secs] 
2016-09-15T12:27:04.254-0400: 57.979: [GC (GCLocker Initiated GC) [PSYoungGen: 173854K->86182K(175104K)] 417017K->378260K(699392K), 0.0120330 secs] [Times: user=0.19 sys=0.00, real=0.01 secs] 
2016-09-15T12:27:04.382-0400: 58.107: [GC (GCLocker Initiated GC) [PSYoungGen: 174246K->79551K(175104K)] 466377K->420598K(699392K), 0.0125648 secs] [Times: user=0.20 sys=0.00, real=0.01 secs] 
2016-09-15T12:27:04.503-0400: 58.228: [GC (GCLocker Initiated GC) [PSYoungGen: 167615K->86150K(175104K)] 508738K->463874K(699392K), 0.0116298 secs] [Times: user=0.14 sys=0.00, real=0.01 secs] 
2016-09-15T12:27:04.631-0400: 58.356: [GC (GCLocker Initiated GC) [PSYoungGen: 174214K->61426K(175104K)] 558329K->488530K(699392K), 0.0112228 secs] [Times: user=0.10 sys=0.02, real=0.01 secs] 
2016-09-15T12:27:04.742-0400: 58.467: [GC (GCLocker Initiated GC) [PSYoungGen: 149490K->67733K(175104K)] 576754K->495264K(699392K), 0.0078053 secs] [Times: user=0.07 sys=0.00, real=0.01 secs] 
2016-09-15T12:27:04.895-0400: 58.620: [GC (GCLocker Initiated GC) [PSYoungGen: 155797K->73444K(175104K)] 589630K->531877K(699392K), 0.0094830 secs] [Times: user=0.12 sys=0.00, real=0.01 secs] 
2016-09-15T12:27:04.904-0400: 58.629: [Full GC (Ergonomics) [PSYoungGen: 73444K->0K(175104K)] [ParOldGen: 458432K->46089K(524288K)] 531877K->46089K(699392K), [Metaspace: 44194K->44194K(1087488K)], 0.0603407 secs] [Times: user=0.45 sys=0.01, real=0.06 secs] 
2016-09-15T12:27:05.073-0400: 58.798: [GC (GCLocker Initiated GC) [PSYoungGen: 88064K->86242K(175104K)] 134189K->168817K(699392K), 0.0116912 secs] [Times: user=0.17 sys=0.01, real=0.01 secs] 
2016-09-15T12:27:05.205-0400: 58.930: [GC (GCLocker Initiated GC) [PSYoungGen: 174306K->55775K(175104K)] 269337K->218203K(699392K), 0.0096755 secs] [Times: user=0.13 sys=0.00, real=0.01 secs] 
2016-09-15T12:27:05.312-0400: 59.037: [GC (GCLocker Initiated GC) [PSYoungGen: 143839K->85758K(175104K)] 306309K->285149K(699392K), 0.0110842 secs] [Times: user=0.13 sys=0.00, real=0.01 secs] 
2016-09-15T12:27:05.452-0400: 59.177: [GC (GCLocker Initiated GC) [PSYoungGen: 173822K->36966K(175104K)] 373379K->303443K(699392K), 0.0155511 secs] [Times: user=0.18 sys=0.01, real=0.01 secs] 
2016-09-15T12:27:05.585-0400: 59.310: [GC (GCLocker Initiated GC) [PSYoungGen: 125030K->73804K(175104K)] 391672K->377204K(699392K), 0.0107173 secs] [Times: user=0.14 sys=0.00, real=0.01 secs] 
2016-09-15T12:27:05.707-0400: 59.432: [GC (Allocation Failure) [PSYoungGen: 161868K->55091K(175104K)] 471580K->383319K(699392K), 0.0140702 secs] [Times: user=0.17 sys=0.01, real=0.02 secs] 
2016-09-15T12:27:05.846-0400: 59.571: [GC (GCLocker Initiated GC) [PSYoungGen: 143155K->85858K(175104K)] 471390K->414212K(699392K), 0.0109618 secs] [Times: user=0.10 sys=0.01, real=0.02 secs] 
2016-09-15T12:27:06.016-0400: 59.741: [GC (GCLocker Initiated GC) [PSYoungGen: 173922K->18773K(175104K)] 526904K->390231K(699392K), 0.0110305 secs] [Times: user=0.09 sys=0.00, real=0.00 secs] 
2016-09-15T12:27:06.170-0400: 59.895: [GC (Allocation Failure) [PSYoungGen: 106837K->36934K(175104K)] 478543K->408892K(699392K), 0.0116857 secs] [Times: user=0.10 sys=0.01, real=0.01 secs] 
2016-09-15T12:27:06.299-0400: 60.024: [GC (GCLocker Initiated GC) [PSYoungGen: 124998K->85726K(175104K)] 496961K->482109K(699392K), 0.0378015 secs] [Times: user=0.43 sys=0.00, real=0.04 secs] 
2016-09-15T12:27:06.446-0400: 60.171: [GC (GCLocker Initiated GC) [PSYoungGen: 173790K->49280K(175104K)] 570338K->470239K(699392K), 0.0118013 secs] [Times: user=0.10 sys=0.00, real=0.02 secs] 
2016-09-15T12:27:06.582-0400: 60.307: [GC (GCLocker Initiated GC) [PSYoungGen: 137344K->55223K(175104K)] 558664K->488961K(699392K), 0.0212576 secs] [Times: user=0.24 sys=0.00, real=0.02 secs] 
2016-09-15T12:27:06.710-0400: 60.435: [GC (GCLocker Initiated GC) [PSYoungGen: 143287K->55547K(175104K)] 589222K->501774K(699392K), 0.0075527 secs] [Times: user=0.08 sys=0.00, real=0.01 secs] 
2016-09-15T12:27:06.857-0400: 60.582: [GC (GCLocker Initiated GC) [PSYoungGen: 143611K->55159K(175104K)] 590160K->538433K(699392K), 0.0180709 secs] [Times: user=0.18 sys=0.00, real=0.01 secs] 
2016-09-15T12:27:06.876-0400: 60.601: [Full GC (Ergonomics) [PSYoungGen: 55159K->0K(175104K)] [ParOldGen: 483274K->46106K(524288K)] 538433K->46106K(699392K), [Metaspace: 44196K->44196K(1087488K)], 0.0582254 secs] [Times: user=0.32 sys=0.01, real=0.06 secs] 
2016-09-15T12:27:07.046-0400: 60.771: [GC (Allocation Failure) [PSYoungGen: 88064K->86146K(175104K)] 140471K->144629K(699392K), 0.0138533 secs] [Times: user=0.14 sys=0.00, real=0.02 secs] 
2016-09-15T12:27:07.195-0400: 60.920: [GC (GCLocker Initiated GC) [PSYoungGen: 172929K->37126K(175104K)] 237487K->157234K(699392K), 0.0085763 secs] [Times: user=0.09 sys=0.00, real=0.01 secs] 
2016-09-15T12:27:07.319-0400: 61.044: [GC (GCLocker Initiated GC) [PSYoungGen: 125190K->55415K(175104K)] 251656K->182180K(699392K), 0.0145700 secs] [Times: user=0.14 sys=0.00, real=0.01 secs] 
2016-09-15T12:27:07.460-0400: 61.185: [GC (GCLocker Initiated GC) [PSYoungGen: 143479K->73708K(175104K)] 270264K->200776K(699392K), 0.0129718 secs] [Times: user=0.16 sys=0.00, real=0.01 secs] 
2016-09-15T12:27:07.590-0400: 61.315: [GC (GCLocker Initiated GC) [PSYoungGen: 161772K->30955K(175104K)] 294962K->200855K(699392K), 0.0093499 secs] [Times: user=0.07 sys=0.00, real=0.01 secs] 
2016-09-15T12:27:07.713-0400: 61.438: [GC (Allocation Failure) [PSYoungGen: 119019K->49212K(175104K)] 289201K->274205K(699392K), 0.0177192 secs] [Times: user=0.17 sys=0.00, real=0.02 secs] 
2016-09-15T12:27:07.858-0400: 61.583: [GC (GCLocker Initiated GC) [PSYoungGen: 131897K->73672K(175104K)] 362965K->347353K(699392K), 0.0182422 secs] [Times: user=0.18 sys=0.00, real=0.02 secs] 
2016-09-15T12:27:08.004-0400: 61.729: [GC (GCLocker Initiated GC) [PSYoungGen: 161736K->61298K(175104K)] 435784K->353838K(699392K), 0.0100711 secs] [Times: user=0.09 sys=0.00, real=0.01 secs] 
2016-09-15T12:27:08.128-0400: 61.853: [GC (GCLocker Initiated GC) [PSYoungGen: 149362K->73512K(175104K)] 441972K->396765K(699392K), 0.0100673 secs] [Times: user=0.10 sys=0.00, real=0.01 secs] 
2016-09-15T12:27:08.254-0400: 61.979: [GC (GCLocker Initiated GC) [PSYoungGen: 161576K->73804K(175104K)] 491214K->446103K(699392K), 0.0152803 secs] [Times: user=0.20 sys=0.00, real=0.02 secs] 
2016-09-15T12:27:08.414-0400: 62.140: [GC (Allocation Failure) [PSYoungGen: 161868K->37322K(175104K)] 552702K->446672K(699392K), 0.0150934 secs] [Times: user=0.15 sys=0.00, real=0.02 secs] 
2016-09-15T12:27:08.566-0400: 62.291: [GC (Allocation Failure) [PSYoungGen: 125386K->36738K(175104K)] 534736K->446184K(699392K), 0.0316256 secs] [Times: user=0.30 sys=0.00, real=0.04 secs] 
2016-09-15T12:27:08.701-0400: 62.426: [GC (GCLocker Initiated GC) [PSYoungGen: 121932K->73348K(175104K)] 537453K->488989K(699392K), 0.0148866 secs] [Times: user=0.18 sys=0.00, real=0.02 secs] 
2016-09-15T12:27:08.844-0400: 62.569: [GC (GCLocker Initiated GC) [PSYoungGen: 161412K->85758K(175104K)] 577320K->507876K(699392K), 0.0116064 secs] [Times: user=0.14 sys=0.00, real=0.02 secs] 
2016-09-15T12:27:08.983-0400: 62.708: [GC (GCLocker Initiated GC) [PSYoungGen: 173822K->73480K(175104K)] 602052K->520202K(699392K), 0.0161402 secs] [Times: user=0.17 sys=0.00, real=0.02 secs] 
2016-09-15T12:27:09.096-0400: 62.821: [GC (GCLocker Initiated GC) [PSYoungGen: 161544K->55319K(175104K)] 608465K->545048K(699392K), 0.0092649 secs] [Times: user=0.09 sys=0.00, real=0.00 secs] 
2016-09-15T12:27:09.106-0400: 62.831: [Full GC (Ergonomics) [PSYoungGen: 55319K->0K(175104K)] [ParOldGen: 489729K->52872K(524288K)] 545048K->52872K(699392K), [Metaspace: 44231K->44231K(1087488K)], 0.0552037 secs] [Times: user=0.30 sys=0.01, real=0.06 secs] 
2016-09-15T12:27:09.302-0400: 63.027: [GC (Allocation Failure) [PSYoungGen: 88064K->61586K(175104K)] 147254K->120776K(699392K), 0.0073342 secs] [Times: user=0.06 sys=0.00, real=0.01 secs] 
2016-09-15T12:27:09.442-0400: 63.167: [GC (GCLocker Initiated GC) [PSYoungGen: 149650K->85790K(175104K)] 208847K->194143K(699392K), 0.0110807 secs] [Times: user=0.14 sys=0.00, real=0.01 secs] 
2016-09-15T12:27:09.588-0400: 63.313: [GC (GCLocker Initiated GC) [PSYoungGen: 173854K->55679K(175104K)] 288324K->188649K(699392K), 0.0095956 secs] [Times: user=0.11 sys=0.00, real=0.01 secs] 
2016-09-15T12:27:09.710-0400: 63.435: [GC (Allocation Failure) [PSYoungGen: 143743K->55775K(175104K)] 288877K->255711K(699392K), 0.0127300 secs] [Times: user=0.15 sys=0.00, real=0.01 secs] 
2016-09-15T12:27:09.723-0400: 63.449: [GC (GCLocker Initiated GC) [PSYoungGen: 55784K->32K(175104K)] 255721K->255185K(699392K), 0.0087416 secs] [Times: user=0.11 sys=0.00, real=0.01 secs] 
2016-09-15T12:27:09.865-0400: 63.590: [GC (GCLocker Initiated GC) [PSYoungGen: 84084K->67405K(175104K)] 345313K->328633K(699392K), 0.0139656 secs] [Times: user=0.17 sys=0.00, real=0.02 secs] 
2016-09-15T12:27:10.010-0400: 63.735: [GC (GCLocker Initiated GC) [PSYoungGen: 155469K->74000K(175104K)] 423089K->360317K(699392K), 0.0106696 secs] [Times: user=0.13 sys=0.00, real=0.01 secs] 
2016-09-15T12:27:10.146-0400: 63.871: [GC (GCLocker Initiated GC) [PSYoungGen: 162064K->30827K(175104K)] 448731K->342045K(699392K), 0.0154898 secs] [Times: user=0.17 sys=0.00, real=0.02 secs] 
2016-09-15T12:27:10.289-0400: 64.014: [GC (GCLocker Initiated GC) [PSYoungGen: 118891K->55647K(175104K)] 436540K->391633K(699392K), 0.0086378 secs] [Times: user=0.08 sys=0.00, real=0.01 secs] 
2016-09-15T12:27:10.424-0400: 64.149: [GC (Allocation Failure) [PSYoungGen: 143711K->79555K(175104K)] 479850K->434187K(699392K), 0.0215108 secs] [Times: user=0.23 sys=0.00, real=0.02 secs] 
2016-09-15T12:27:10.564-0400: 64.289: [GC (GCLocker Initiated GC) [PSYoungGen: 167619K->55387K(175104K)] 522256K->428361K(699392K), 0.0117921 secs] [Times: user=0.08 sys=0.00, real=0.02 secs] 
2016-09-15T12:27:10.692-0400: 64.417: [GC (GCLocker Initiated GC) [PSYoungGen: 143451K->73448K(175104K)] 522855K->471345K(699392K), 0.0215672 secs] [Times: user=0.23 sys=0.00, real=0.02 secs] 
2016-09-15T12:27:10.836-0400: 64.561: [GC (GCLocker Initiated GC) [PSYoungGen: 161512K->73840K(175104K)] 559635K->490292K(699392K), 0.0304220 secs] [Times: user=0.38 sys=0.00, real=0.02 secs] 
2016-09-15T12:27:11.000-0400: 64.725: [GC (Allocation Failure) [PSYoungGen: 161904K->55711K(175104K)] 578436K->490932K(699392K), 0.0210324 secs] [Times: user=0.28 sys=0.00, real=0.02 secs] 
2016-09-15T12:27:11.145-0400: 64.870: [GC (GCLocker Initiated GC) [PSYoungGen: 143775K->85758K(175104K)] 579001K->551479K(699392K), 0.0116009 secs] [Times: user=0.15 sys=0.00, real=0.02 secs] 
2016-09-15T12:27:11.298-0400: 65.023: [Full GC (Ergonomics) [PSYoungGen: 173822K->0K(175104K)] [ParOldGen: 471927K->46210K(524288K)] 645749K->46210K(699392K), [Metaspace: 44296K->44296K(1087488K)], 0.0525195 secs] [Times: user=0.33 sys=0.00, real=0.05 secs] 
2016-09-15T12:27:11.462-0400: 65.188: [GC (GCLocker Initiated GC) [PSYoungGen: 88062K->80139K(175104K)] 134593K->126670K(699392K), 0.0143113 secs] [Times: user=0.18 sys=0.01, real=0.02 secs] 
2016-09-15T12:27:11.608-0400: 65.333: [GC (GCLocker Initiated GC) [PSYoungGen: 168203K->73836K(175104K)] 227106K->151863K(699392K), 0.0103907 secs] [Times: user=0.14 sys=0.00, real=0.01 secs] 
2016-09-15T12:27:11.720-0400: 65.445: [GC (GCLocker Initiated GC) [PSYoungGen: 161900K->73704K(175104K)] 246352K->194766K(699392K), 0.0099449 secs] [Times: user=0.13 sys=0.00, real=0.01 secs] 
2016-09-15T12:27:11.855-0400: 65.581: [GC (GCLocker Initiated GC) [PSYoungGen: 161768K->55355K(175104K)] 289232K->201132K(699392K), 0.0180539 secs] [Times: user=0.14 sys=0.00, real=0.02 secs] 
2016-09-15T12:27:12.018-0400: 65.743: [GC (GCLocker Initiated GC) [PSYoungGen: 143419K->61262K(175104K)] 295295K->231794K(699392K), 0.0234470 secs] [Times: user=0.24 sys=0.00, real=0.02 secs] 
2016-09-15T12:27:12.157-0400: 65.882: [GC (GCLocker Initiated GC) [PSYoungGen: 149326K->55519K(175104K)] 326059K->256655K(699392K), 0.0185876 secs] [Times: user=0.15 sys=0.00, real=0.02 secs] 
2016-09-15T12:27:12.305-0400: 66.030: [GC (GCLocker Initiated GC) [PSYoungGen: 143583K->42977K(175104K)] 345041K->262903K(699392K), 0.0199668 secs] [Times: user=0.17 sys=0.01, real=0.02 secs] 
2016-09-15T12:27:12.444-0400: 66.169: [GC (GCLocker Initiated GC) [PSYoungGen: 131041K->55711K(175104K)] 363166K->288127K(699392K), 0.0122023 secs] [Times: user=0.11 sys=0.01, real=0.02 secs] 
2016-09-15T12:27:12.611-0400: 66.336: [GC (GCLocker Initiated GC) [PSYoungGen: 143775K->55059K(175104K)] 382425K->312365K(699392K), 0.0093495 secs] [Times: user=0.08 sys=0.00, real=0.01 secs] 
2016-09-15T12:27:12.749-0400: 66.474: [GC (GCLocker Initiated GC) [PSYoungGen: 143123K->73384K(175104K)] 400690K->343204K(699392K), 0.0250941 secs] [Times: user=0.27 sys=0.00, real=0.02 secs] 
2016-09-15T12:27:12.887-0400: 66.612: [GC (GCLocker Initiated GC) [PSYoungGen: 161448K->61754K(175104K)] 437699K->392823K(699392K), 0.0189492 secs] [Times: user=0.20 sys=0.00, real=0.02 secs] 
2016-09-15T12:27:13.013-0400: 66.739: [GC (GCLocker Initiated GC) [PSYoungGen: 149818K->85858K(175104K)] 480929K->447612K(699392K), 0.0255056 secs] [Times: user=0.29 sys=0.00, real=0.03 secs] 
2016-09-15T12:27:13.146-0400: 66.871: [GC (GCLocker Initiated GC) [PSYoungGen: 173922K->30923K(175104K)] 541775K->453555K(699392K), 0.0190994 secs] [Times: user=0.21 sys=0.00, real=0.02 secs] 
2016-09-15T12:27:13.283-0400: 67.008: [GC (GCLocker Initiated GC) [PSYoungGen: 118987K->67373K(175104K)] 541862K->496591K(699392K), 0.0157777 secs] [Times: user=0.15 sys=0.00, real=0.02 secs] 
2016-09-15T12:27:13.423-0400: 67.148: [GC (GCLocker Initiated GC) [PSYoungGen: 155437K->67373K(175104K)] 584798K->527368K(699392K), 0.0167409 secs] [Times: user=0.16 sys=0.00, real=0.02 secs] 
2016-09-15T12:27:13.548-0400: 67.273: [Full GC (Ergonomics) [PSYoungGen: 155437K->0K(175104K)] [ParOldGen: 466678K->46776K(524288K)] 622115K->46776K(699392K), [Metaspace: 44300K->44300K(1087488K)], 0.0528485 secs] [Times: user=0.24 sys=0.00, real=0.05 secs] 
2016-09-15T12:27:13.730-0400: 67.455: [GC (Allocation Failure) [PSYoungGen: 88064K->85826K(175104K)] 135168K->132930K(699392K), 0.0088264 secs] [Times: user=0.07 sys=0.00, real=0.01 secs] 
2016-09-15T12:27:13.870-0400: 67.595: [GC (GCLocker Initiated GC) [PSYoungGen: 173890K->55383K(175104K)] 220999K->127224K(699392K), 0.0153127 secs] [Times: user=0.16 sys=0.00, real=0.01 secs] 
2016-09-15T12:27:14.012-0400: 67.737: [GC (Allocation Failure) [PSYoungGen: 143447K->73644K(175104K)] 215542K->145851K(699392K), 0.0076532 secs] [Times: user=0.07 sys=0.00, real=0.01 secs] 
2016-09-15T12:27:14.143-0400: 67.868: [GC (GCLocker Initiated GC) [PSYoungGen: 160911K->37094K(175104K)] 239193K->152117K(699392K), 0.0190080 secs] [Times: user=0.20 sys=0.00, real=0.02 secs] 
2016-09-15T12:27:14.277-0400: 68.002: [GC (GCLocker Initiated GC) [PSYoungGen: 125158K->73576K(175104K)] 240548K->207319K(699392K), 0.0309282 secs] [Times: user=0.38 sys=0.00, real=0.03 secs] 
2016-09-15T12:27:14.422-0400: 68.147: [GC (GCLocker Initiated GC) [PSYoungGen: 161640K->73708K(175104K)] 295480K->226073K(699392K), 0.0133847 secs] [Times: user=0.14 sys=0.00, real=0.01 secs] 
2016-09-15T12:27:14.553-0400: 68.279: [GC (Allocation Failure) [PSYoungGen: 161772K->79715K(175104K)] 314290K->250922K(699392K), 0.0257400 secs] [Times: user=0.34 sys=0.01, real=0.03 secs] 
2016-09-15T12:27:14.681-0400: 68.406: [GC (GCLocker Initiated GC) [PSYoungGen: 167774K->80007K(175104K)] 338987K->281886K(699392K), 0.0104870 secs] [Times: user=0.13 sys=0.00, real=0.01 secs] 
2016-09-15T12:27:14.831-0400: 68.557: [GC (GCLocker Initiated GC) [PSYoungGen: 168071K->73672K(175104K)] 370317K->294482K(699392K), 0.0088142 secs] [Times: user=0.13 sys=0.00, real=0.01 secs] 
2016-09-15T12:27:14.943-0400: 68.668: [GC (GCLocker Initiated GC) [PSYoungGen: 161736K->73512K(175104K)] 382548K->294592K(699392K), 0.0090152 secs] [Times: user=0.10 sys=0.01, real=0.01 secs] 
2016-09-15T12:27:15.086-0400: 68.811: [GC (GCLocker Initiated GC) [PSYoungGen: 161576K->67565K(175104K)] 388907K->331637K(699392K), 0.0095302 secs] [Times: user=0.12 sys=0.00, real=0.02 secs] 
2016-09-15T12:27:15.210-0400: 68.935: [GC (GCLocker Initiated GC) [PSYoungGen: 155629K->85890K(175104K)] 419805K->386635K(699392K), 0.0105903 secs] [Times: user=0.12 sys=0.00, real=0.01 secs] 
2016-09-15T12:27:15.345-0400: 69.070: [GC (Allocation Failure) [PSYoungGen: 173954K->49180K(175104K)] 474792K->404992K(699392K), 0.0224971 secs] [Times: user=0.23 sys=0.00, real=0.02 secs] 
2016-09-15T12:27:15.496-0400: 69.221: [GC (GCLocker Initiated GC) [PSYoungGen: 136553K->55291K(175104K)] 498441K->453872K(699392K), 0.0189014 secs] [Times: user=0.17 sys=0.00, real=0.01 secs] 
2016-09-15T12:27:15.645-0400: 69.370: [GC (GCLocker Initiated GC) [PSYoungGen: 143355K->36966K(175104K)] 554386K->448217K(699392K), 0.0075074 secs] [Times: user=0.04 sys=0.00, real=0.01 secs] 
2016-09-15T12:27:15.772-0400: 69.497: [GC (GCLocker Initiated GC) [PSYoungGen: 125030K->55451K(175104K)] 542453K->473009K(699392K), 0.0083598 secs] [Times: user=0.05 sys=0.02, real=0.01 secs] 
2016-09-15T12:27:15.894-0400: 69.619: [GC (GCLocker Initiated GC) [PSYoungGen: 143515K->42845K(175104K)] 567302K->509417K(699392K), 0.0225023 secs] [Times: user=0.22 sys=0.00, real=0.03 secs] 
2016-09-15T12:27:15.917-0400: 69.642: [Full GC (Ergonomics) [PSYoungGen: 42845K->0K(175104K)] [ParOldGen: 466571K->46667K(524288K)] 509417K->46667K(699392K), [Metaspace: 44311K->44311K(1087488K)], 0.0616266 secs] [Times: user=0.42 sys=0.00, real=0.06 secs] 
2016-09-15T12:27:16.097-0400: 69.822: [GC (GCLocker Initiated GC) [PSYoungGen: 88064K->86342K(175104K)] 134969K->139322K(699392K), 0.0086649 secs] [Times: user=0.09 sys=0.00, real=0.00 secs] 
2016-09-15T12:27:16.231-0400: 69.956: [GC (GCLocker Initiated GC) [PSYoungGen: 174406K->85598K(175104K)] 227546K->145493K(699392K), 0.0399824 secs] [Times: user=0.41 sys=0.00, real=0.04 secs] 
2016-09-15T12:27:16.418-0400: 70.143: [GC (Allocation Failure) [PSYoungGen: 173660K->30859K(175104K)] 239946K->170304K(699392K), 0.0100049 secs] [Times: user=0.06 sys=0.00, real=0.01 secs] 
2016-09-15T12:27:16.521-0400: 70.246: [GC (GCLocker Initiated GC) [PSYoungGen: 118923K->73480K(175104K)] 258368K->213185K(699392K), 0.0138288 secs] [Times: user=0.14 sys=0.00, real=0.01 secs] 
2016-09-15T12:27:16.705-0400: 70.430: [GC (GCLocker Initiated GC) [PSYoungGen: 161544K->42909K(175104K)] 307489K->225571K(699392K), 0.0116692 secs] [Times: user=0.11 sys=0.00, real=0.02 secs] 
2016-09-15T12:27:16.870-0400: 70.595: [GC (GCLocker Initiated GC) [PSYoungGen: 130973K->37030K(175104K)] 326129K->262664K(699392K), 0.0148096 secs] [Times: user=0.13 sys=0.00, real=0.01 secs] 
2016-09-15T12:27:17.031-0400: 70.756: [GC (GCLocker Initiated GC) [PSYoungGen: 125094K->49148K(175104K)] 357030K->281147K(699392K), 0.0173037 secs] [Times: user=0.16 sys=0.00, real=0.02 secs] 
2016-09-15T12:27:17.165-0400: 70.890: [GC (GCLocker Initiated GC) [PSYoungGen: 137212K->73676K(175104K)] 369511K->324335K(699392K), 0.0174407 secs] [Times: user=0.17 sys=0.00, real=0.02 secs] 
2016-09-15T12:27:17.288-0400: 71.013: [GC (GCLocker Initiated GC) [PSYoungGen: 161740K->61362K(175104K)] 412570K->367143K(699392K), 0.0111147 secs] [Times: user=0.09 sys=0.01, real=0.01 secs] 
2016-09-15T12:27:17.410-0400: 71.135: [GC (GCLocker Initiated GC) [PSYoungGen: 149426K->55355K(175104K)] 455209K->391600K(699392K), 0.0165992 secs] [Times: user=0.18 sys=0.00, real=0.01 secs] 
2016-09-15T12:27:17.521-0400: 71.246: [GC (GCLocker Initiated GC) [PSYoungGen: 143419K->85694K(175104K)] 479881K->440649K(699392K), 0.0185824 secs] [Times: user=0.22 sys=0.00, real=0.02 secs] 
2016-09-15T12:27:17.656-0400: 71.381: [GC (GCLocker Initiated GC) [PSYoungGen: 173758K->30955K(175104K)] 540943K->422691K(699392K), 0.0132964 secs] [Times: user=0.16 sys=0.01, real=0.01 secs] 
2016-09-15T12:27:17.812-0400: 71.537: [GC (GCLocker Initiated GC) [PSYoungGen: 119019K->61458K(175104K)] 517057K->459803K(699392K), 0.0068318 secs] [Times: user=0.08 sys=0.00, real=0.01 secs] 
2016-09-15T12:27:17.926-0400: 71.651: [GC (GCLocker Initiated GC) [PSYoungGen: 149522K->73836K(175104K)] 554298K->503204K(699392K), 0.0108811 secs] [Times: user=0.12 sys=0.00, real=0.02 secs] 
2016-09-15T12:27:18.058-0400: 71.783: [GC (GCLocker Initiated GC) [PSYoungGen: 161900K->61134K(175104K)] 591550K->515351K(699392K), 0.0230634 secs] [Times: user=0.21 sys=0.00, real=0.02 secs] 
2016-09-15T12:27:18.206-0400: 71.931: [GC (Allocation Failure) [PSYoungGen: 149198K->55515K(175104K)] 609762K->516191K(699392K), 0.0067625 secs] [Times: user=0.10 sys=0.00, real=0.01 secs] 
2016-09-15T12:27:18.348-0400: 72.073: [GC (GCLocker Initiated GC) [PSYoungGen: 143579K->42813K(175104K)] 604256K->503905K(699392K), 0.0205378 secs] [Times: user=0.17 sys=0.01, real=0.02 secs] 
2016-09-15T12:27:18.492-0400: 72.217: [GC (Allocation Failure) [PSYoungGen: 130877K->48920K(175104K)] 592162K->528525K(699392K), 0.0286942 secs] [Times: user=0.30 sys=0.00, real=0.03 secs] 
2016-09-15T12:27:18.521-0400: 72.246: [Full GC (Ergonomics) [PSYoungGen: 48920K->0K(175104K)] [ParOldGen: 479605K->47137K(524288K)] 528525K->47137K(699392K), [Metaspace: 44311K->44311K(1087488K)], 0.0614684 secs] [Times: user=0.33 sys=0.01, real=0.06 secs] 
2016-09-15T12:27:18.687-0400: 72.413: [GC (GCLocker Initiated GC) [PSYoungGen: 84103K->73964K(175104K)] 137316K->127176K(699392K), 0.0146392 secs] [Times: user=0.13 sys=0.00, real=0.02 secs] 
2016-09-15T12:27:18.827-0400: 72.552: [GC (GCLocker Initiated GC) [PSYoungGen: 162028K->79815K(175104K)] 221654K->158557K(699392K), 0.0098908 secs] [Times: user=0.10 sys=0.00, real=0.02 secs] 
2016-09-15T12:27:18.944-0400: 72.669: [GC (Allocation Failure) [PSYoungGen: 167879K->79651K(175104K)] 246887K->183086K(699392K), 0.0180250 secs] [Times: user=0.21 sys=0.00, real=0.02 secs] 
2016-09-15T12:27:19.067-0400: 72.792: [GC (GCLocker Initiated GC) [PSYoungGen: 167715K->55579K(175104K)] 271151K->213825K(699392K), 0.0148643 secs] [Times: user=0.17 sys=0.00, real=0.02 secs] 
2016-09-15T12:27:19.215-0400: 72.941: [GC (Allocation Failure) [PSYoungGen: 143643K->55387K(175104K)] 308224K->238493K(699392K), 0.0292979 secs] [Times: user=0.34 sys=0.00, real=0.03 secs] 
2016-09-15T12:27:19.350-0400: 73.075: [GC (GCLocker Initiated GC) [PSYoungGen: 143451K->79683K(175104K)] 326562K->281459K(699392K), 0.0087152 secs] [Times: user=0.08 sys=0.00, real=0.01 secs] 
2016-09-15T12:27:19.483-0400: 73.208: [GC (GCLocker Initiated GC) [PSYoungGen: 167747K->73868K(175104K)] 369615K->330579K(699392K), 0.0203281 secs] [Times: user=0.30 sys=0.00, real=0.02 secs] 
2016-09-15T12:27:19.640-0400: 73.365: [GC (GCLocker Initiated GC) [PSYoungGen: 161932K->55251K(175104K)] 424854K->379199K(699392K), 0.0098962 secs] [Times: user=0.11 sys=0.01, real=0.01 secs] 
2016-09-15T12:27:19.754-0400: 73.479: [GC (GCLocker Initiated GC) [PSYoungGen: 143315K->79551K(175104K)] 467422K->403793K(699392K), 0.0091047 secs] [Times: user=0.09 sys=0.00, real=0.01 secs] 
2016-09-15T12:27:19.867-0400: 73.592: [GC (GCLocker Initiated GC) [PSYoungGen: 167615K->67601K(175104K)] 492196K->428752K(699392K), 0.0116841 secs] [Times: user=0.12 sys=0.00, real=0.02 secs] 
2016-09-15T12:27:19.984-0400: 73.709: [GC (Allocation Failure) [PSYoungGen: 155665K->73740K(175104K)] 517120K->435519K(699392K), 0.0098617 secs] [Times: user=0.15 sys=0.00, real=0.01 secs] 
2016-09-15T12:27:19.994-0400: 73.719: [GC (GCLocker Initiated GC) [PSYoungGen: 74175K->32K(175104K)] 435954K->435415K(699392K), 0.0094882 secs] [Times: user=0.15 sys=0.00, real=0.01 secs] 
2016-09-15T12:27:20.108-0400: 73.833: [Full GC (Ergonomics) [PSYoungGen: 83590K->0K(175104K)] [ParOldGen: 441458K->51844K(524288K)] 525049K->51844K(699392K), [Metaspace: 44313K->44313K(1087488K)], 0.0455486 secs] [Times: user=0.35 sys=0.00, real=0.04 secs] 
2016-09-15T12:27:20.265-0400: 73.990: [GC (GCLocker Initiated GC) [PSYoungGen: 88064K->73896K(175104K)] 146300K->132132K(699392K), 0.0104133 secs] [Times: user=0.15 sys=0.00, real=0.01 secs] 
2016-09-15T12:27:20.390-0400: 74.115: [GC (GCLocker Initiated GC) [PSYoungGen: 161960K->79879K(175104K)] 220367K->157270K(699392K), 0.0101451 secs] [Times: user=0.16 sys=0.00, real=0.01 secs] 
2016-09-15T12:27:20.518-0400: 74.243: [GC (GCLocker Initiated GC) [PSYoungGen: 167943K->55743K(175104K)] 257531K->188320K(699392K), 0.0105332 secs] [Times: user=0.16 sys=0.00, real=0.01 secs] 
2016-09-15T12:27:20.668-0400: 74.393: [GC (GCLocker Initiated GC) [PSYoungGen: 143807K->61850K(175104K)] 282702K->219105K(699392K), 0.0098974 secs] [Times: user=0.14 sys=0.00, real=0.01 secs] 
2016-09-15T12:27:20.810-0400: 74.535: [GC (GCLocker Initiated GC) [PSYoungGen: 149914K->55387K(175104K)] 319395K->249287K(699392K), 0.0183984 secs] [Times: user=0.16 sys=0.00, real=0.02 secs] 
2016-09-15T12:27:20.945-0400: 74.670: [GC (Allocation Failure) [PSYoungGen: 143451K->85854K(175104K)] 337376K->328687K(699392K), 0.0126484 secs] [Times: user=0.18 sys=0.00, real=0.02 secs] 
2016-09-15T12:27:21.055-0400: 74.780: [GC (GCLocker Initiated GC) [PSYoungGen: 167982K->73508K(175104K)] 416890K->389564K(699392K), 0.0126743 secs] [Times: user=0.21 sys=0.01, real=0.02 secs] 
2016-09-15T12:27:21.197-0400: 74.922: [GC (GCLocker Initiated GC) [PSYoungGen: 161572K->37681K(175104K)] 489993K->366255K(699392K), 0.0058458 secs] [Times: user=0.07 sys=0.00, real=0.00 secs] 
2016-09-15T12:27:21.324-0400: 75.050: [GC (Allocation Failure) [PSYoungGen: 125745K->55383K(175104K)] 460564K->408913K(699392K), 0.0098261 secs] [Times: user=0.15 sys=0.00, real=0.01 secs] 
2016-09-15T12:27:21.335-0400: 75.060: [GC (GCLocker Initiated GC) [PSYoungGen: 55393K->32K(175104K)] 408923K->408928K(699392K), 0.0081664 secs] [Times: user=0.12 sys=0.00, real=0.01 secs] 
2016-09-15T12:27:21.455-0400: 75.180: [GC (GCLocker Initiated GC) [PSYoungGen: 88096K->86477K(175104K)] 496997K->501454K(699392K), 0.0101412 secs] [Times: user=0.15 sys=0.00, real=0.01 secs] 
2016-09-15T12:27:21.600-0400: 75.325: [GC (GCLocker Initiated GC) [PSYoungGen: 174541K->37062K(175104K)] 595607K->477127K(699392K), 0.0089735 secs] [Times: user=0.09 sys=0.00, real=0.01 secs] 
2016-09-15T12:27:21.724-0400: 75.449: [Full GC (Ergonomics) [PSYoungGen: 125126K->0K(175104K)] [ParOldGen: 446405K->52038K(524288K)] 571531K->52038K(699392K), [Metaspace: 44319K->44319K(1087488K)], 0.0549962 secs] [Times: user=0.27 sys=0.01, real=0.06 secs] 
2016-09-15T12:27:21.890-0400: 75.615: [GC (GCLocker Initiated GC) [PSYoungGen: 88064K->79907K(175104K)] 140107K->131951K(699392K), 0.0082252 secs] [Times: user=0.07 sys=0.00, real=0.01 secs] 
2016-09-15T12:27:22.047-0400: 75.772: [GC (Allocation Failure) [PSYoungGen: 167971K->31054K(175104K)] 232402K->102044K(699392K), 0.0072358 secs] [Times: user=0.04 sys=0.00, real=0.01 secs] 
2016-09-15T12:27:22.201-0400: 75.926: [GC (GCLocker Initiated GC) [PSYoungGen: 116663K->37485K(175104K)] 193728K->114810K(699392K), 0.0113588 secs] [Times: user=0.13 sys=0.00, real=0.01 secs] 
2016-09-15T12:27:22.323-0400: 76.048: [GC (Allocation Failure) [PSYoungGen: 125549K->79619K(175104K)] 209030K->163227K(699392K), 0.0099063 secs] [Times: user=0.09 sys=0.00, real=0.01 secs] 
2016-09-15T12:27:22.460-0400: 76.185: [GC (GCLocker Initiated GC) [PSYoungGen: 167683K->55515K(175104K)] 251296K->200169K(699392K), 0.0119886 secs] [Times: user=0.11 sys=0.00, real=0.01 secs] 
2016-09-15T12:27:22.604-0400: 76.329: [GC (GCLocker Initiated GC) [PSYoungGen: 143579K->43592K(175104K)] 306646K->225168K(699392K), 0.0247299 secs] [Times: user=0.25 sys=0.00, real=0.03 secs] 
2016-09-15T12:27:22.763-0400: 76.488: [GC (GCLocker Initiated GC) [PSYoungGen: 131656K->30859K(175104K)] 319371K->243141K(699392K), 0.0128208 secs] [Times: user=0.10 sys=0.01, real=0.02 secs] 
2016-09-15T12:27:22.897-0400: 76.622: [GC (GCLocker Initiated GC) [PSYoungGen: 118923K->55319K(175104K)] 337379K->304425K(699392K), 0.0383766 secs] [Times: user=0.36 sys=0.00, real=0.03 secs] 
2016-09-15T12:27:23.055-0400: 76.781: [GC (GCLocker Initiated GC) [PSYoungGen: 143383K->79979K(175104K)] 392537K->347649K(699392K), 0.0213278 secs] [Times: user=0.21 sys=0.01, real=0.03 secs] 
2016-09-15T12:27:23.224-0400: 76.949: [GC (Allocation Failure) [PSYoungGen: 168043K->43301K(175104K)] 435720K->353943K(699392K), 0.0214050 secs] [Times: user=0.24 sys=0.00, real=0.02 secs] 
2016-09-15T12:27:23.347-0400: 77.072: [GC (GCLocker Initiated GC) [PSYoungGen: 131365K->85790K(175104K)] 442013K->402813K(699392K), 0.0202278 secs] [Times: user=0.24 sys=0.00, real=0.02 secs] 
2016-09-15T12:27:23.488-0400: 77.213: [GC (GCLocker Initiated GC) [PSYoungGen: 173854K->49180K(175104K)] 491047K->421339K(699392K), 0.0109553 secs] [Times: user=0.10 sys=0.01, real=0.01 secs] 
2016-09-15T12:27:23.626-0400: 77.351: [GC (GCLocker Initiated GC) [PSYoungGen: 137244K->73612K(175104K)] 515811K->452431K(699392K), 0.0130606 secs] [Times: user=0.15 sys=0.00, real=0.02 secs] 
2016-09-15T12:27:23.777-0400: 77.502: [GC (GCLocker Initiated GC) [PSYoungGen: 161676K->73544K(175104K)] 546623K->458946K(699392K), 0.0093927 secs] [Times: user=0.12 sys=0.00, real=0.00 secs] 
2016-09-15T12:27:23.901-0400: 77.626: [GC (GCLocker Initiated GC) [PSYoungGen: 161608K->49248K(175104K)] 553440K->471715K(699392K), 0.0164521 secs] [Times: user=0.16 sys=0.01, real=0.02 secs] 
2016-09-15T12:27:24.054-0400: 77.779: [GC (GCLocker Initiated GC) [PSYoungGen: 137312K->49148K(175104K)] 565952K->496460K(699392K), 0.0218968 secs] [Times: user=0.24 sys=0.01, real=0.03 secs] 
2016-09-15T12:27:24.208-0400: 77.933: [GC (GCLocker Initiated GC) [PSYoungGen: 137212K->61526K(175104K)] 590837K->539555K(699392K), 0.0132859 secs] [Times: user=0.12 sys=0.00, real=0.01 secs] 
2016-09-15T12:27:24.221-0400: 77.946: [Full GC (Ergonomics) [PSYoungGen: 61526K->0K(175104K)] [ParOldGen: 478029K->52362K(524288K)] 539555K->52362K(699392K), [Metaspace: 44319K->44319K(1087488K)], 0.0529561 secs] [Times: user=0.30 sys=0.00, real=0.05 secs] 
2016-09-15T12:27:24.402-0400: 78.127: [GC (Allocation Failure) [PSYoungGen: 88064K->85986K(175104K)] 140708K->156855K(699392K), 0.0119495 secs] [Times: user=0.17 sys=0.00, real=0.01 secs] 
2016-09-15T12:27:24.521-0400: 78.246: [GC (GCLocker Initiated GC) [PSYoungGen: 169827K->31342K(175104K)] 246772K->181495K(699392K), 0.0172836 secs] [Times: user=0.22 sys=0.00, real=0.02 secs] 
2016-09-15T12:27:24.674-0400: 78.400: [GC (GCLocker Initiated GC) [PSYoungGen: 119406K->73640K(175104K)] 269679K->242420K(699392K), 0.0143785 secs] [Times: user=0.18 sys=0.00, real=0.02 secs] 
2016-09-15T12:27:24.816-0400: 78.541: [GC (GCLocker Initiated GC) [PSYoungGen: 161704K->85790K(175104K)] 330666K->297405K(699392K), 0.0118607 secs] [Times: user=0.13 sys=0.00, real=0.01 secs] 
2016-09-15T12:27:24.954-0400: 78.679: [GC (GCLocker Initiated GC) [PSYoungGen: 173854K->31410K(175104K)] 385500K->322191K(699392K), 0.0111927 secs] [Times: user=0.16 sys=0.00, real=0.01 secs] 
2016-09-15T12:27:25.061-0400: 78.786: [GC (GCLocker Initiated GC) [PSYoungGen: 119474K->73640K(175104K)] 416513K->401533K(699392K), 0.0107194 secs] [Times: user=0.18 sys=0.00, real=0.01 secs] 
2016-09-15T12:27:25.189-0400: 78.914: [GC (Allocation Failure) [PSYoungGen: 161704K->86150K(175104K)] 489767K->432713K(699392K), 0.0129993 secs] [Times: user=0.19 sys=0.00, real=0.01 secs] 
2016-09-15T12:27:25.309-0400: 79.035: [GC (GCLocker Initiated GC) [PSYoungGen: 168947K->55611K(175104K)] 521586K->463264K(699392K), 0.0123779 secs] [Times: user=0.18 sys=0.00, real=0.01 secs] 
2016-09-15T12:27:25.437-0400: 79.162: [GC (Allocation Failure) [PSYoungGen: 143675K->85890K(175104K)] 551388K->499798K(699392K), 0.0106765 secs] [Times: user=0.14 sys=0.00, real=0.01 secs] 
2016-09-15T12:27:25.575-0400: 79.301: [GC (GCLocker Initiated GC) [PSYoungGen: 169229K->37126K(175104K)] 589213K->493850K(699392K), 0.0177959 secs] [Times: user=0.22 sys=0.00, real=0.02 secs] 
2016-09-15T12:27:25.593-0400: 79.318: [Full GC (Ergonomics) [PSYoungGen: 37126K->0K(175104K)] [ParOldGen: 456724K->39952K(524288K)] 493850K->39952K(699392K), [Metaspace: 44319K->44319K(1087488K)], 0.0520609 secs] [Times: user=0.26 sys=0.00, real=0.05 secs] 
2016-09-15T12:27:25.771-0400: 79.496: [GC (GCLocker Initiated GC) [PSYoungGen: 88064K->74747K(175104K)] 140235K->126919K(699392K), 0.0096410 secs] [Times: user=0.14 sys=0.01, real=0.01 secs] 
2016-09-15T12:27:25.924-0400: 79.649: [GC (GCLocker Initiated GC) [PSYoungGen: 162811K->24848K(175104K)] 221200K->120739K(699392K), 0.0071619 secs] [Times: user=0.08 sys=0.00, real=0.01 secs] 
2016-09-15T12:27:26.053-0400: 79.778: [GC (GCLocker Initiated GC) [PSYoungGen: 112912K->85594K(175104K)] 214959K->187769K(699392K), 0.0089056 secs] [Times: user=0.10 sys=0.00, real=0.01 secs] 
2016-09-15T12:27:26.179-0400: 79.904: [GC (Allocation Failure) [PSYoungGen: 173658K->61526K(175104K)] 275908K->194254K(699392K), 0.0097441 secs] [Times: user=0.08 sys=0.00, real=0.01 secs] 
2016-09-15T12:27:26.287-0400: 80.012: [GC (GCLocker Initiated GC) [PSYoungGen: 149590K->73608K(175104K)] 282319K->206589K(699392K), 0.0132936 secs] [Times: user=0.14 sys=0.00, real=0.02 secs] 
2016-09-15T12:27:26.429-0400: 80.154: [GC (Allocation Failure) [PSYoungGen: 161672K->55027K(175104K)] 294656K->206511K(699392K), 0.0065349 secs] [Times: user=0.06 sys=0.00, real=0.00 secs] 
2016-09-15T12:27:26.548-0400: 80.274: [GC (GCLocker Initiated GC) [PSYoungGen: 142983K->55027K(175104K)] 300542K->212674K(699392K), 0.0095750 secs] [Times: user=0.08 sys=0.00, real=0.01 secs] 
2016-09-15T12:27:26.689-0400: 80.414: [GC (GCLocker Initiated GC) [PSYoungGen: 143091K->79783K(175104K)] 300787K->255815K(699392K), 0.0177135 secs] [Times: user=0.20 sys=0.00, real=0.01 secs] 
2016-09-15T12:27:26.843-0400: 80.568: [GC (GCLocker Initiated GC) [PSYoungGen: 167847K->61362K(175104K)] 343921K->243950K(699392K), 0.0089015 secs] [Times: user=0.06 sys=0.01, real=0.01 secs] 
2016-09-15T12:27:26.944-0400: 80.669: [GC (Allocation Failure) [PSYoungGen: 149426K->73936K(175104K)] 332358K->305816K(699392K), 0.0126828 secs] [Times: user=0.13 sys=0.01, real=0.02 secs] 
2016-09-15T12:27:27.100-0400: 80.826: [GC (GCLocker Initiated GC) [PSYoungGen: 157550K->42977K(175104K)] 395505K->293309K(699392K), 0.0110573 secs] [Times: user=0.05 sys=0.01, real=0.01 secs] 
2016-09-15T12:27:27.234-0400: 80.960: [GC (GCLocker Initiated GC) [PSYoungGen: 131041K->74068K(175104K)] 387579K->330882K(699392K), 0.0292444 secs] [Times: user=0.34 sys=0.01, real=0.03 secs] 
2016-09-15T12:27:27.411-0400: 81.136: [GC (GCLocker Initiated GC) [PSYoungGen: 162132K->18705K(175104K)] 425650K->300748K(699392K), 0.0095905 secs] [Times: user=0.14 sys=0.01, real=0.01 secs] 
2016-09-15T12:27:27.519-0400: 81.244: [GC (GCLocker Initiated GC) [PSYoungGen: 106769K->85562K(175104K)] 388859K->373823K(699392K), 0.0098169 secs] [Times: user=0.09 sys=0.00, real=0.01 secs] 
2016-09-15T12:27:27.647-0400: 81.372: [GC (GCLocker Initiated GC) [PSYoungGen: 173626K->67505K(175104K)] 462137K->410810K(699392K), 0.0174646 secs] [Times: user=0.18 sys=0.01, real=0.02 secs] 
2016-09-15T12:27:27.796-0400: 81.521: [GC (GCLocker Initiated GC) [PSYoungGen: 155569K->55319K(175104K)] 505204K->417527K(699392K), 0.0223495 secs] [Times: user=0.25 sys=0.00, real=0.02 secs] 
2016-09-15T12:27:27.935-0400: 81.660: [GC (GCLocker Initiated GC) [PSYoungGen: 143383K->85922K(175104K)] 505610K->472560K(699392K), 0.0171811 secs] [Times: user=0.21 sys=0.00, real=0.02 secs] 
2016-09-15T12:27:28.074-0400: 81.799: [GC (GCLocker Initiated GC) [PSYoungGen: 173986K->55159K(175104K)] 560796K->472431K(699392K), 0.0175666 secs] [Times: user=0.17 sys=0.00, real=0.02 secs] 
2016-09-15T12:27:28.214-0400: 81.939: [GC (GCLocker Initiated GC) [PSYoungGen: 143223K->73772K(175104K)] 566814K->497638K(699392K), 0.0163241 secs] [Times: user=0.17 sys=0.00, real=0.02 secs] 
2016-09-15T12:27:28.347-0400: 82.072: [GC (Allocation Failure) [PSYoungGen: 161836K->55027K(175104K)] 585889K->497589K(699392K), 0.0103224 secs] [Times: user=0.09 sys=0.01, real=0.02 secs] 
2016-09-15T12:27:28.486-0400: 82.211: [GC (GCLocker Initiated GC) [PSYoungGen: 143091K->79719K(175104K)] 585653K->522361K(699392K), 0.0220221 secs] [Times: user=0.19 sys=0.00, real=0.03 secs] 
2016-09-15T12:27:28.651-0400: 82.376: [GC (Allocation Failure) [PSYoungGen: 167783K->48984K(175104K)] 622807K->522664K(699392K), 0.0256185 secs] [Times: user=0.30 sys=0.01, real=0.03 secs] 
2016-09-15T12:27:28.677-0400: 82.402: [Full GC (Ergonomics) [PSYoungGen: 48984K->0K(175104K)] [ParOldGen: 473680K->45838K(524288K)] 522664K->45838K(699392K), [Metaspace: 44324K->44324K(1087488K)], 0.0515116 secs] [Times: user=0.28 sys=0.01, real=0.05 secs] 
2016-09-15T12:27:28.851-0400: 82.576: [GC (GCLocker Initiated GC) [PSYoungGen: 85525K->86306K(175104K)] 137439K->162528K(699392K), 0.0115736 secs] [Times: user=0.14 sys=0.00, real=0.01 secs] 
2016-09-15T12:27:28.989-0400: 82.714: [GC (Allocation Failure) [PSYoungGen: 174370K->55219K(175104K)] 256848K->175202K(699392K), 0.0138766 secs] [Times: user=0.18 sys=0.00, real=0.01 secs] 
2016-09-15T12:27:29.111-0400: 82.836: [GC (GCLocker Initiated GC) [PSYoungGen: 142805K->55906K(175104K)] 268863K->218551K(699392K), 0.0086023 secs] [Times: user=0.09 sys=0.01, real=0.01 secs] 
2016-09-15T12:27:29.275-0400: 83.000: [GC (GCLocker Initiated GC) [PSYoungGen: 143970K->37094K(175104K)] 312759K->206165K(699392K), 0.0061006 secs] [Times: user=0.07 sys=0.01, real=0.01 secs] 
2016-09-15T12:27:29.405-0400: 83.130: [GC (GCLocker Initiated GC) [PSYoungGen: 125158K->74132K(175104K)] 300638K->249904K(699392K), 0.0098492 secs] [Times: user=0.13 sys=0.00, real=0.01 secs] 
2016-09-15T12:27:29.530-0400: 83.256: [GC (Allocation Failure) [PSYoungGen: 162196K->61718K(175104K)] 344331K->280634K(699392K), 0.0104993 secs] [Times: user=0.15 sys=0.00, real=0.01 secs] 
2016-09-15T12:27:29.655-0400: 83.380: [GC (GCLocker Initiated GC) [PSYoungGen: 149782K->67761K(175104K)] 368704K->329352K(699392K), 0.0113391 secs] [Times: user=0.16 sys=0.01, real=0.01 secs] 
2016-09-15T12:27:29.802-0400: 83.527: [GC (GCLocker Initiated GC) [PSYoungGen: 155825K->55155K(175104K)] 423745K->341740K(699392K), 0.0114532 secs] [Times: user=0.14 sys=0.00, real=0.01 secs] 
2016-09-15T12:27:29.931-0400: 83.656: [GC (GCLocker Initiated GC) [PSYoungGen: 143219K->73608K(175104K)] 436240K->366757K(699392K), 0.0069465 secs] [Times: user=0.07 sys=0.00, real=0.01 secs] 
2016-09-15T12:27:30.078-0400: 83.803: [GC (GCLocker Initiated GC) [PSYoungGen: 161672K->85822K(175104K)] 454930K->415838K(699392K), 0.0111105 secs] [Times: user=0.16 sys=0.00, real=0.01 secs] 
2016-09-15T12:27:30.220-0400: 83.945: [GC (GCLocker Initiated GC) [PSYoungGen: 173886K->67469K(175104K)] 504044K->458513K(699392K), 0.0111518 secs] [Times: user=0.11 sys=0.00, real=0.01 secs] 
2016-09-15T12:27:30.340-0400: 84.065: [GC (Allocation Failure) [PSYoungGen: 155533K->43009K(175104K)] 552761K->476954K(699392K), 0.0149256 secs] [Times: user=0.16 sys=0.00, real=0.01 secs] 
2016-09-15T12:27:30.471-0400: 84.196: [GC (GCLocker Initiated GC) [PSYoungGen: 129865K->61298K(175104K)] 569886K->525886K(699392K), 0.0175831 secs] [Times: user=0.16 sys=0.00, real=0.02 secs] 
2016-09-15T12:27:30.488-0400: 84.213: [Full GC (Ergonomics) [PSYoungGen: 61298K->0K(175104K)] [ParOldGen: 464588K->52317K(524288K)] 525886K->52317K(699392K), [Metaspace: 44330K->44330K(1087488K)], 0.0570254 secs] [Times: user=0.31 sys=0.03, real=0.05 secs] 
2016-09-15T12:27:30.666-0400: 84.391: [GC (Allocation Failure) [PSYoungGen: 88064K->85826K(175104K)] 140434K->138196K(699392K), 0.0177504 secs] [Times: user=0.19 sys=0.00, real=0.02 secs] 
2016-09-15T12:27:30.841-0400: 84.567: [GC (Allocation Failure) [PSYoungGen: 172640K->37098K(175104K)] 225011K->144385K(699392K), 0.0479221 secs] [Times: user=0.50 sys=0.00, real=0.05 secs] 
2016-09-15T12:27:31.002-0400: 84.727: [GC (GCLocker Initiated GC) [PSYoungGen: 124209K->67273K(175104K)] 237571K->181058K(699392K), 0.0108242 secs] [Times: user=0.08 sys=0.00, real=0.01 secs] 
2016-09-15T12:27:31.125-0400: 84.850: [GC (GCLocker Initiated GC) [PSYoungGen: 155337K->79847K(175104K)] 269433K->230520K(699392K), 0.0104586 secs] [Times: user=0.09 sys=0.00, real=0.01 secs] 
2016-09-15T12:27:31.274-0400: 84.999: [GC (GCLocker Initiated GC) [PSYoungGen: 167911K->55383K(175104K)] 330979K->255333K(699392K), 0.0246999 secs] [Times: user=0.27 sys=0.00, real=0.03 secs] 
2016-09-15T12:27:31.431-0400: 85.156: [GC (GCLocker Initiated GC) [PSYoungGen: 143447K->55255K(175104K)] 343483K->255411K(699392K), 0.0191231 secs] [Times: user=0.21 sys=0.00, real=0.02 secs] 
2016-09-15T12:27:31.576-0400: 85.302: [GC (GCLocker Initiated GC) [PSYoungGen: 143319K->79619K(175104K)] 349715K->286134K(699392K), 0.0083872 secs] [Times: user=0.07 sys=0.00, real=0.00 secs] 
2016-09-15T12:27:31.720-0400: 85.445: [GC (GCLocker Initiated GC) [PSYoungGen: 167683K->55191K(175104K)] 386659K->292643K(699392K), 0.0194686 secs] [Times: user=0.21 sys=0.00, real=0.02 secs] 
2016-09-15T12:27:31.855-0400: 85.580: [GC (Allocation Failure) [PSYoungGen: 143255K->49280K(175104K)] 380894K->305396K(699392K), 0.0142145 secs] [Times: user=0.11 sys=0.01, real=0.02 secs] 
2016-09-15T12:27:31.993-0400: 85.718: [GC (GCLocker Initiated GC) [PSYoungGen: 136233K->43009K(175104K)] 398424K->323520K(699392K), 0.0103236 secs] [Times: user=0.07 sys=0.00, real=0.01 secs] 
2016-09-15T12:27:32.121-0400: 85.847: [GC (GCLocker Initiated GC) [PSYoungGen: 131073K->55451K(175104K)] 423921K->348567K(699392K), 0.0114852 secs] [Times: user=0.09 sys=0.00, real=0.01 secs] 
2016-09-15T12:27:32.262-0400: 85.988: [GC (GCLocker Initiated GC) [PSYoungGen: 143515K->55223K(175104K)] 442943K->354910K(699392K), 0.0133843 secs] [Times: user=0.14 sys=0.01, real=0.02 secs] 
2016-09-15T12:27:32.404-0400: 86.129: [GC (Allocation Failure) [PSYoungGen: 143287K->67537K(175104K)] 449259K->373768K(699392K), 0.0084884 secs] [Times: user=0.06 sys=0.00, real=0.01 secs] 
2016-09-15T12:27:32.523-0400: 86.249: [GC (GCLocker Initiated GC) [PSYoungGen: 155601K->55123K(175104K)] 461838K->379860K(699392K), 0.0103986 secs] [Times: user=0.07 sys=0.01, real=0.01 secs] 
2016-09-15T12:27:32.643-0400: 86.368: [GC (GCLocker Initiated GC) [PSYoungGen: 143187K->85758K(175104K)] 467984K->459291K(699392K), 0.0154511 secs] [Times: user=0.21 sys=0.00, real=0.02 secs] 
2016-09-15T12:27:32.794-0400: 86.519: [GC (Allocation Failure) [PSYoungGen: 173822K->19128K(175104K)] 565840K->478295K(699392K), 0.0098833 secs] [Times: user=0.14 sys=0.01, real=0.01 secs] 
2016-09-15T12:27:32.804-0400: 86.529: [Full GC (Ergonomics) [PSYoungGen: 19128K->0K(175104K)] [ParOldGen: 459166K->46268K(524288K)] 478295K->46268K(699392K), [Metaspace: 44334K->44334K(1087488K)], 0.0490984 secs] [Times: user=0.30 sys=0.00, real=0.05 secs] 
2016-09-15T12:27:32.962-0400: 86.687: [GC (Allocation Failure) [PSYoungGen: 88064K->79747K(175104K)] 134332K->126015K(699392K), 0.0089596 secs] [Times: user=0.12 sys=0.00, real=0.01 secs] 
2016-09-15T12:27:33.074-0400: 86.799: [GC (GCLocker Initiated GC) [PSYoungGen: 167811K->73672K(175104K)] 214085K->138651K(699392K), 0.0101315 secs] [Times: user=0.17 sys=0.00, real=0.01 secs] 
2016-09-15T12:27:33.196-0400: 86.921: [GC (GCLocker Initiated GC) [PSYoungGen: 161736K->73804K(175104K)] 226857K->139216K(699392K), 0.0101800 secs] [Times: user=0.14 sys=0.00, real=0.00 secs] 
2016-09-15T12:27:33.320-0400: 87.045: [GC (GCLocker Initiated GC) [PSYoungGen: 161868K->67565K(175104K)] 233492K->157730K(699392K), 0.0094013 secs] [Times: user=0.14 sys=0.00, real=0.01 secs] 
2016-09-15T12:27:33.445-0400: 87.170: [GC (GCLocker Initiated GC) [PSYoungGen: 155629K->73576K(175104K)] 252220K->200842K(699392K), 0.0099254 secs] [Times: user=0.16 sys=0.00, real=0.01 secs] 
2016-09-15T12:27:33.551-0400: 87.276: [GC (Allocation Failure) [PSYoungGen: 161640K->55447K(175104K)] 289048K->237861K(699392K), 0.0106899 secs] [Times: user=0.16 sys=0.00, real=0.01 secs] 
2016-09-15T12:27:33.670-0400: 87.395: [GC (GCLocker Initiated GC) [PSYoungGen: 143511K->86509K(175104K)] 325931K->293545K(699392K), 0.0112152 secs] [Times: user=0.16 sys=0.00, real=0.01 secs] 
2016-09-15T12:27:33.806-0400: 87.531: [GC (GCLocker Initiated GC) [PSYoungGen: 174573K->55319K(175104K)] 394120K->293538K(699392K), 0.0100240 secs] [Times: user=0.10 sys=0.00, real=0.02 secs] 
2016-09-15T12:27:33.929-0400: 87.654: [GC (Allocation Failure) [PSYoungGen: 143383K->49180K(175104K)] 387971K->294027K(699392K), 0.0148779 secs] [Times: user=0.15 sys=0.00, real=0.01 secs] 
2016-09-15T12:27:34.053-0400: 87.778: [GC (GCLocker Initiated GC) [PSYoungGen: 133414K->67825K(175104K)] 384336K->361564K(699392K), 0.0149741 secs] [Times: user=0.16 sys=0.00, real=0.02 secs] 
2016-09-15T12:27:34.206-0400: 87.931: [GC (Allocation Failure) [PSYoungGen: 155889K->85594K(175104K)] 449681K->391843K(699392K), 0.0097427 secs] [Times: user=0.09 sys=0.00, real=0.01 secs] 
2016-09-15T12:27:34.357-0400: 88.082: [GC (Allocation Failure) [PSYoungGen: 168325K->36898K(175104K)] 474575K->379724K(699392K), 0.0153232 secs] [Times: user=0.13 sys=0.00, real=0.01 secs] 
2016-09-15T12:27:34.467-0400: 88.193: [GC (Allocation Failure) [PSYoungGen: 124962K->85498K(175104K)] 467788K->428444K(699392K), 0.0153782 secs] [Times: user=0.16 sys=0.00, real=0.02 secs] 
2016-09-15T12:27:34.609-0400: 88.334: [GC (GCLocker Initiated GC) [PSYoungGen: 173562K->61494K(175104K)] 516509K->422769K(699392K), 0.0098812 secs] [Times: user=0.10 sys=0.00, real=0.01 secs] 
2016-09-15T12:27:34.700-0400: 88.425: [GC (GCLocker Initiated GC) [PSYoungGen: 149558K->85890K(175104K)] 511213K->447860K(699392K), 0.0189007 secs] [Times: user=0.19 sys=0.00, real=0.02 secs] 
2016-09-15T12:27:34.847-0400: 88.572: [GC (GCLocker Initiated GC) [PSYoungGen: 173954K->37094K(175104K)] 548177K->460029K(699392K), 0.0126968 secs] [Times: user=0.12 sys=0.00, real=0.02 secs] 
2016-09-15T12:27:34.994-0400: 88.719: [GC (GCLocker Initiated GC) [PSYoungGen: 125158K->55091K(175104K)] 548157K->508593K(699392K), 0.0103035 secs] [Times: user=0.11 sys=0.00, real=0.01 secs] 
2016-09-15T12:27:35.100-0400: 88.825: [Full GC (Ergonomics) [PSYoungGen: 143155K->0K(175104K)] [ParOldGen: 465700K->52669K(524288K)] 608855K->52669K(699392K), [Metaspace: 44334K->44334K(1087488K)], 0.0789815 secs] [Times: user=0.56 sys=0.00, real=0.08 secs] 
2016-09-15T12:27:35.279-0400: 89.004: [GC (GCLocker Initiated GC) [PSYoungGen: 88064K->86502K(175104K)] 146849K->151371K(699392K), 0.0093239 secs] [Times: user=0.09 sys=0.00, real=0.01 secs] 
2016-09-15T12:27:35.426-0400: 89.152: [GC (Allocation Failure) [PSYoungGen: 174566K->55319K(175104K)] 251850K->194313K(699392K), 0.0224583 secs] [Times: user=0.26 sys=0.00, real=0.03 secs] 
2016-09-15T12:27:35.553-0400: 89.278: [GC (GCLocker Initiated GC) [PSYoungGen: 138345K->55743K(175104K)] 283414K->219204K(699392K), 0.0084576 secs] [Times: user=0.11 sys=0.00, real=0.01 secs] 
2016-09-15T12:27:35.681-0400: 89.406: [GC (GCLocker Initiated GC) [PSYoungGen: 143807K->85986K(175104K)] 307310K->273901K(699392K), 0.0110549 secs] [Times: user=0.14 sys=0.00, real=0.01 secs] 
2016-09-15T12:27:35.788-0400: 89.513: [GC (GCLocker Initiated GC) [PSYoungGen: 174050K->86018K(175104K)] 362000K->322900K(699392K), 0.0105265 secs] [Times: user=0.14 sys=0.00, real=0.01 secs] 
2016-09-15T12:27:35.900-0400: 89.625: [GC (GCLocker Initiated GC) [PSYoungGen: 174082K->74263K(175104K)] 411286K->348061K(699392K), 0.0103958 secs] [Times: user=0.13 sys=0.00, real=0.01 secs] 
2016-09-15T12:27:36.042-0400: 89.767: [GC (GCLocker Initiated GC) [PSYoungGen: 162327K->85758K(175104K)] 436486K->384532K(699392K), 0.0102740 secs] [Times: user=0.13 sys=0.00, real=0.01 secs] 
2016-09-15T12:27:36.163-0400: 89.888: [GC (GCLocker Initiated GC) [PSYoungGen: 173822K->55415K(175104K)] 472761K->372706K(699392K), 0.0101308 secs] [Times: user=0.11 sys=0.01, real=0.01 secs] 
2016-09-15T12:27:36.279-0400: 90.004: [GC (Allocation Failure) [PSYoungGen: 143479K->61654K(175104K)] 467105K->403625K(699392K), 0.0136855 secs] [Times: user=0.15 sys=0.01, real=0.01 secs] 
2016-09-15T12:27:36.399-0400: 90.124: [GC (GCLocker Initiated GC) [PSYoungGen: 146621K->37226K(175104K)] 494667K->385563K(699392K), 0.0073939 secs] [Times: user=0.09 sys=0.00, real=0.00 secs] 
2016-09-15T12:27:36.509-0400: 90.235: [GC (Allocation Failure) [PSYoungGen: 125290K->79551K(175104K)] 480007K->434544K(699392K), 0.0086256 secs] [Times: user=0.10 sys=0.00, real=0.01 secs] 
2016-09-15T12:27:36.623-0400: 90.348: [GC (GCLocker Initiated GC) [PSYoungGen: 167615K->85986K(175104K)] 522613K->471503K(699392K), 0.0116781 secs] [Times: user=0.15 sys=0.00, real=0.01 secs] 
2016-09-15T12:27:36.769-0400: 90.494: [GC (GCLocker Initiated GC) [PSYoungGen: 174050K->55059K(175104K)] 559815K->459293K(699392K), 0.0085612 secs] [Times: user=0.08 sys=0.00, real=0.01 secs] 
2016-09-15T12:27:36.885-0400: 90.610: [GC (GCLocker Initiated GC) [PSYoungGen: 143123K->79359K(175104K)] 547416K->483755K(699392K), 0.0149247 secs] [Times: user=0.13 sys=0.01, real=0.02 secs] 
2016-09-15T12:27:36.995-0400: 90.720: [GC (Allocation Failure) [PSYoungGen: 167423K->55355K(175104K)] 571950K->490353K(699392K), 0.0147447 secs] [Times: user=0.14 sys=0.00, real=0.02 secs] 
2016-09-15T12:27:37.114-0400: 90.839: [GC (GCLocker Initiated GC) [PSYoungGen: 141657K->43073K(175104K)] 582731K->539121K(699392K), 0.0124884 secs] [Times: user=0.13 sys=0.00, real=0.01 secs] 
2016-09-15T12:27:37.127-0400: 90.852: [Full GC (Ergonomics) [PSYoungGen: 43073K->0K(175104K)] [ParOldGen: 496047K->45717K(524288K)] 539121K->45717K(699392K), [Metaspace: 44347K->44347K(1087488K)], 0.1668485 secs] [Times: user=1.65 sys=0.01, real=0.17 secs] 
2016-09-15T12:27:37.421-0400: 91.146: [GC (Allocation Failure) [PSYoungGen: 88064K->55415K(175104K)] 146000K->113351K(699392K), 0.0219443 secs] [Times: user=0.23 sys=0.00, real=0.02 secs] 
2016-09-15T12:27:37.535-0400: 91.260: [GC (GCLocker Initiated GC) [PSYoungGen: 143479K->79555K(175104K)] 201415K->143855K(699392K), 0.0158902 secs] [Times: user=0.15 sys=0.00, real=0.02 secs] 
2016-09-15T12:27:37.652-0400: 91.377: [GC (GCLocker Initiated GC) [PSYoungGen: 167619K->85922K(175104K)] 232006K->193274K(699392K), 0.0117259 secs] [Times: user=0.12 sys=0.00, real=0.01 secs] 
2016-09-15T12:27:37.783-0400: 91.508: [GC (Allocation Failure) [PSYoungGen: 173986K->24979K(175104K)] 293642K->187428K(699392K), 0.0148690 secs] [Times: user=0.15 sys=0.00, real=0.02 secs] 
2016-09-15T12:27:37.914-0400: 91.639: [GC (GCLocker Initiated GC) [PSYoungGen: 113043K->73544K(175104K)] 275498K->254662K(699392K), 0.0202126 secs] [Times: user=0.20 sys=0.01, real=0.02 secs] 
2016-09-15T12:27:38.072-0400: 91.797: [GC (GCLocker Initiated GC) [PSYoungGen: 161608K->37681K(175104K)] 361217K->255807K(699392K), 0.0104181 secs] [Times: user=0.15 sys=0.00, real=0.01 secs] 
2016-09-15T12:27:38.210-0400: 91.935: [GC (GCLocker Initiated GC) [PSYoungGen: 125745K->86150K(175104K)] 344036K->310987K(699392K), 0.0117228 secs] [Times: user=0.19 sys=0.00, real=0.01 secs] 
2016-09-15T12:27:38.326-0400: 92.051: [GC (GCLocker Initiated GC) [PSYoungGen: 174214K->73672K(175104K)] 399412K->353713K(699392K), 0.0136247 secs] [Times: user=0.19 sys=0.00, real=0.02 secs] 
2016-09-15T12:27:38.450-0400: 92.175: [GC (GCLocker Initiated GC) [PSYoungGen: 161736K->85986K(175104K)] 441824K->414998K(699392K), 0.0138222 secs] [Times: user=0.19 sys=0.01, real=0.01 secs] 
2016-09-15T12:27:38.606-0400: 92.331: [GC (Allocation Failure) [PSYoungGen: 174050K->37194K(175104K)] 515500K->433734K(699392K), 0.0113580 secs] [Times: user=0.08 sys=0.00, real=0.02 secs] 
2016-09-15T12:27:38.740-0400: 92.465: [GC (GCLocker Initiated GC) [PSYoungGen: 125258K->43073K(175104K)] 521799K->458114K(699392K), 0.0075763 secs] [Times: user=0.06 sys=0.01, real=0.00 secs] 
2016-09-15T12:27:38.871-0400: 92.596: [GC (GCLocker Initiated GC) [PSYoungGen: 131137K->85822K(175104K)] 546271K->543797K(699392K), 0.0115041 secs] [Times: user=0.16 sys=0.00, real=0.01 secs] 
2016-09-15T12:27:38.882-0400: 92.607: [Full GC (Ergonomics) [PSYoungGen: 85822K->0K(175104K)] [ParOldGen: 457974K->51683K(524288K)] 543797K->51683K(699392K), [Metaspace: 44349K->44349K(1087488K)], 0.0482330 secs] [Times: user=0.27 sys=0.01, real=0.05 secs] 
2016-09-15T12:27:39.052-0400: 92.777: [GC (GCLocker Initiated GC) [PSYoungGen: 88064K->86406K(175104K)] 146026K->150443K(699392K), 0.0106518 secs] [Times: user=0.14 sys=0.01, real=0.01 secs] 
2016-09-15T12:27:39.218-0400: 92.943: [GC (GCLocker Initiated GC) [PSYoungGen: 174470K->49112K(175104K)] 238627K->144496K(699392K), 0.0102575 secs] [Times: user=0.08 sys=0.01, real=0.01 secs] 
2016-09-15T12:27:39.332-0400: 93.057: [GC (GCLocker Initiated GC) [PSYoungGen: 137176K->79423K(175104K)] 232664K->175038K(699392K), 0.0144436 secs] [Times: user=0.14 sys=0.01, real=0.01 secs] 
2016-09-15T12:27:39.486-0400: 93.211: [GC (GCLocker Initiated GC) [PSYoungGen: 167487K->49376K(175104K)] 269331K->193848K(699392K), 0.0315048 secs] [Times: user=0.31 sys=0.00, real=0.04 secs] 
2016-09-15T12:27:39.652-0400: 93.377: [GC (GCLocker Initiated GC) [PSYoungGen: 137440K->73576K(175104K)] 282099K->242811K(699392K), 0.0160953 secs] [Times: user=0.17 sys=0.00, real=0.02 secs] 
2016-09-15T12:27:39.798-0400: 93.523: [GC (GCLocker Initiated GC) [PSYoungGen: 161640K->73544K(175104K)] 331017K->243025K(699392K), 0.0137186 secs] [Times: user=0.17 sys=0.00, real=0.01 secs] 
2016-09-15T12:27:39.914-0400: 93.639: [GC (GCLocker Initiated GC) [PSYoungGen: 161607K->36934K(175104K)] 331438K->249565K(699392K), 0.0143299 secs] [Times: user=0.16 sys=0.00, real=0.02 secs] 
2016-09-15T12:27:40.050-0400: 93.775: [GC (Allocation Failure) [PSYoungGen: 124998K->86018K(175104K)] 337940K->305171K(699392K), 0.0115641 secs] [Times: user=0.15 sys=0.01, real=0.01 secs] 
2016-09-15T12:27:40.062-0400: 93.787: [GC (GCLocker Initiated GC) [PSYoungGen: 86028K->32K(175104K)] 305181K->310892K(699392K), 0.0078739 secs] [Times: user=0.10 sys=0.01, real=0.01 secs] 
2016-09-15T12:27:40.210-0400: 93.935: [GC (GCLocker Initiated GC) [PSYoungGen: 86479K->85790K(175104K)] 403414K->408800K(699392K), 0.0101027 secs] [Times: user=0.11 sys=0.01, real=0.01 secs] 
2016-09-15T12:27:40.335-0400: 94.060: [GC (GCLocker Initiated GC) [PSYoungGen: 173854K->85630K(175104K)] 497075K->433442K(699392K), 0.0118829 secs] [Times: user=0.12 sys=0.00, real=0.01 secs] 
2016-09-15T12:27:40.466-0400: 94.191: [GC (Allocation Failure) [PSYoungGen: 173694K->49308K(175104K)] 527858K->476680K(699392K), 0.0141743 secs] [Times: user=0.19 sys=0.00, real=0.02 secs] 
2016-09-15T12:27:40.602-0400: 94.327: [Full GC (Ergonomics) [PSYoungGen: 133017K->0K(175104K)] [ParOldGen: 433447K->51881K(524288K)] 566464K->51881K(699392K), [Metaspace: 44349K->44349K(1087488K)], 0.0527186 secs] [Times: user=0.27 sys=0.01, real=0.05 secs] 
2016-09-15T12:27:40.795-0400: 94.520: [GC (Allocation Failure) [PSYoungGen: 88064K->79683K(175104K)] 146302K->137921K(699392K), 0.0086039 secs] [Times: user=0.08 sys=0.00, real=0.01 secs] 
2016-09-15T12:27:40.910-0400: 94.635: [GC (GCLocker Initiated GC) [PSYoungGen: 166748K->43169K(175104K)] 231062K->180674K(699392K), 0.0167171 secs] [Times: user=0.16 sys=0.00, real=0.01 secs] 
2016-09-15T12:27:41.053-0400: 94.778: [GC (GCLocker Initiated GC) [PSYoungGen: 131233K->85826K(175104K)] 269037K->229825K(699392K), 0.0229092 secs] [Times: user=0.26 sys=0.01, real=0.03 secs] 
2016-09-15T12:27:41.227-0400: 94.952: [GC (GCLocker Initiated GC) [PSYoungGen: 173890K->73444K(175104K)] 317936K->260307K(699392K), 0.0097511 secs] [Times: user=0.11 sys=0.00, real=0.02 secs] 
2016-09-15T12:27:41.359-0400: 95.084: [GC (Allocation Failure) [PSYoungGen: 161508K->49312K(175104K)] 354589K->278938K(699392K), 0.0099880 secs] [Times: user=0.08 sys=0.00, real=0.01 secs] 
2016-09-15T12:27:41.489-0400: 95.214: [GC (GCLocker Initiated GC) [PSYoungGen: 134389K->55319K(175104K)] 370090K->346151K(699392K), 0.0239462 secs] [Times: user=0.26 sys=0.00, real=0.02 secs] 
2016-09-15T12:27:41.640-0400: 95.365: [GC (GCLocker Initiated GC) [PSYoungGen: 143383K->85822K(175104K)] 434368K->383174K(699392K), 0.0132494 secs] [Times: user=0.16 sys=0.01, real=0.01 secs] 
2016-09-15T12:27:41.782-0400: 95.507: [GC (GCLocker Initiated GC) [PSYoungGen: 173886K->37222K(175104K)] 477651K->377705K(699392K), 0.0149486 secs] [Times: user=0.19 sys=0.00, real=0.02 secs] 
2016-09-15T12:27:41.927-0400: 95.652: [GC (GCLocker Initiated GC) [PSYoungGen: 125286K->55415K(175104K)] 478283K->408548K(699392K), 0.0083264 secs] [Times: user=0.12 sys=0.00, real=0.02 secs] 
2016-09-15T12:27:42.063-0400: 95.789: [GC (GCLocker Initiated GC) [PSYoungGen: 143479K->73284K(175104K)] 496749K->445078K(699392K), 0.0102424 secs] [Times: user=0.10 sys=0.00, real=0.01 secs] 
2016-09-15T12:27:42.204-0400: 95.929: [GC (GCLocker Initiated GC) [PSYoungGen: 161348K->73512K(175104K)] 539376K->451652K(699392K), 0.0105663 secs] [Times: user=0.09 sys=0.00, real=0.01 secs] 
2016-09-15T12:27:42.338-0400: 96.063: [GC (GCLocker Initiated GC) [PSYoungGen: 161576K->55255K(175104K)] 539791K->470195K(699392K), 0.0146999 secs] [Times: user=0.15 sys=0.00, real=0.01 secs] 
2016-09-15T12:27:42.468-0400: 96.193: [GC (Allocation Failure) [PSYoungGen: 143319K->61298K(175104K)] 558357K->512898K(699392K), 0.0186176 secs] [Times: user=0.19 sys=0.01, real=0.01 secs] 
2016-09-15T12:27:42.486-0400: 96.211: [Full GC (Ergonomics) [PSYoungGen: 61298K->0K(175104K)] [ParOldGen: 451600K->52161K(524288K)] 512898K->52161K(699392K), [Metaspace: 44351K->44351K(1087488K)], 0.0602747 secs] [Times: user=0.38 sys=0.00, real=0.06 secs] 
2016-09-15T12:27:42.654-0400: 96.379: [GC (GCLocker Initiated GC) [PSYoungGen: 85968K->86958K(175104K)] 144204K->145194K(699392K), 0.0090039 secs] [Times: user=0.09 sys=0.00, real=0.01 secs] 
2016-09-15T12:27:42.804-0400: 96.529: [GC (Allocation Failure) [PSYoungGen: 175022K->73508K(175104K)] 233383K->169435K(699392K), 0.0221046 secs] [Times: user=0.27 sys=0.00, real=0.02 secs] 
2016-09-15T12:27:42.925-0400: 96.650: [GC (GCLocker Initiated GC) [PSYoungGen: 161572K->55387K(175104K)] 257505K->175715K(699392K), 0.0133821 secs] [Times: user=0.09 sys=0.00, real=0.02 secs] 
2016-09-15T12:27:43.070-0400: 96.795: [GC (Allocation Failure) [PSYoungGen: 143451K->73576K(175104K)] 263821K->236926K(699392K), 0.0113104 secs] [Times: user=0.13 sys=0.00, real=0.01 secs] 
2016-09-15T12:27:43.202-0400: 96.927: [GC (GCLocker Initiated GC) [PSYoungGen: 157203K->73640K(175104K)] 326629K->285734K(699392K), 0.0153283 secs] [Times: user=0.16 sys=0.00, real=0.02 secs] 
2016-09-15T12:27:43.316-0400: 97.041: [GC (GCLocker Initiated GC) [PSYoungGen: 161704K->85694K(175104K)] 373806K->316328K(699392K), 0.0150124 secs] [Times: user=0.14 sys=0.00, real=0.02 secs] 
2016-09-15T12:27:43.458-0400: 97.184: [GC (GCLocker Initiated GC) [PSYoungGen: 173758K->61330K(175104K)] 404629K->328927K(699392K), 0.0256173 secs] [Times: user=0.27 sys=0.00, real=0.02 secs] 
2016-09-15T12:27:43.596-0400: 97.321: [GC (GCLocker Initiated GC) [PSYoungGen: 149394K->67701K(175104K)] 417027K->335594K(699392K), 0.0174968 secs] [Times: user=0.16 sys=0.00, real=0.01 secs] 
2016-09-15T12:27:43.720-0400: 97.445: [GC (GCLocker Initiated GC) [PSYoungGen: 155765K->55255K(175104K)] 424024K->378629K(699392K), 0.0119402 secs] [Times: user=0.10 sys=0.00, real=0.01 secs] 
2016-09-15T12:27:43.852-0400: 97.577: [GC (Allocation Failure) [PSYoungGen: 143319K->73576K(175104K)] 472988K->403505K(699392K), 0.0271618 secs] [Times: user=0.32 sys=0.00, real=0.03 secs] 
2016-09-15T12:27:44.028-0400: 97.753: [GC (Allocation Failure) [PSYoungGen: 161640K->55347K(175104K)] 491569K->397685K(699392K), 0.0178873 secs] [Times: user=0.18 sys=0.00, real=0.01 secs] 
2016-09-15T12:27:44.140-0400: 97.865: [GC (GCLocker Initiated GC) [PSYoungGen: 143411K->85790K(175104K)] 485755K->434329K(699392K), 0.0117728 secs] [Times: user=0.07 sys=0.00, real=0.01 secs] 
2016-09-15T12:27:44.265-0400: 97.991: [GC (GCLocker Initiated GC) [PSYoungGen: 173854K->85726K(175104K)] 522602K->471224K(699392K), 0.0161124 secs] [Times: user=0.17 sys=0.00, real=0.02 secs] 
2016-09-15T12:27:44.425-0400: 98.150: [GC (GCLocker Initiated GC) [PSYoungGen: 173790K->67373K(175104K)] 565461K->489678K(699392K), 0.0111775 secs] [Times: user=0.09 sys=0.00, real=0.02 secs] 
2016-09-15T12:27:44.538-0400: 98.263: [GC (GCLocker Initiated GC) [PSYoungGen: 155437K->85790K(175104K)] 577823K->544934K(699392K), 0.0250510 secs] [Times: user=0.33 sys=0.00, real=0.02 secs] 
2016-09-15T12:27:44.563-0400: 98.289: [Full GC (Ergonomics) [PSYoungGen: 85790K->0K(175104K)] [ParOldGen: 459144K->52395K(524288K)] 544934K->52395K(699392K), [Metaspace: 44351K->44351K(1087488K)], 0.0531787 secs] [Times: user=0.35 sys=0.01, real=0.06 secs] 
2016-09-15T12:27:44.743-0400: 98.468: [GC (GCLocker Initiated GC) [PSYoungGen: 88064K->86210K(175104K)] 140512K->156883K(699392K), 0.0114136 secs] [Times: user=0.17 sys=0.00, real=0.01 secs] 
2016-09-15T12:27:44.882-0400: 98.607: [GC (GCLocker Initiated GC) [PSYoungGen: 174274K->74196K(175104K)] 251305K->200374K(699392K), 0.0116009 secs] [Times: user=0.19 sys=0.00, real=0.01 secs] 
2016-09-15T12:27:45.035-0400: 98.760: [GC (GCLocker Initiated GC) [PSYoungGen: 162260K->61490K(175104K)] 288670K->206457K(699392K), 0.0078146 secs] [Times: user=0.10 sys=0.00, real=0.01 secs] 
2016-09-15T12:27:45.188-0400: 98.913: [GC (GCLocker Initiated GC) [PSYoungGen: 149554K->37130K(175104K)] 307020K->219000K(699392K), 0.0348725 secs] [Times: user=0.27 sys=0.00, real=0.03 secs] 
2016-09-15T12:27:45.333-0400: 99.058: [GC (GCLocker Initiated GC) [PSYoungGen: 125194K->67373K(175104K)] 313203K->267776K(699392K), 0.0220056 secs] [Times: user=0.17 sys=0.00, real=0.02 secs] 
2016-09-15T12:27:45.487-0400: 99.212: [GC (GCLocker Initiated GC) [PSYoungGen: 155437K->18936K(175104K)] 380340K->274302K(699392K), 0.0186649 secs] [Times: user=0.17 sys=0.01, real=0.02 secs] 
2016-09-15T12:27:45.626-0400: 99.351: [GC (GCLocker Initiated GC) [PSYoungGen: 107000K->73480K(175104K)] 362409K->329319K(699392K), 0.0204803 secs] [Times: user=0.21 sys=0.00, real=0.02 secs] 
2016-09-15T12:27:45.749-0400: 99.474: [GC (GCLocker Initiated GC) [PSYoungGen: 161544K->67537K(175104K)] 417520K->341849K(699392K), 0.0202090 secs] [Times: user=0.19 sys=0.00, real=0.02 secs] 
2016-09-15T12:27:45.874-0400: 99.599: [GC (GCLocker Initiated GC) [PSYoungGen: 155601K->79455K(175104K)] 429944K->384776K(699392K), 0.0104544 secs] [Times: user=0.11 sys=0.00, real=0.01 secs] 
2016-09-15T12:27:46.013-0400: 99.738: [GC (GCLocker Initiated GC) [PSYoungGen: 167519K->24979K(175104K)] 479097K->379178K(699392K), 0.0190446 secs] [Times: user=0.19 sys=0.01, real=0.02 secs] 
2016-09-15T12:27:46.147-0400: 99.872: [GC (GCLocker Initiated GC) [PSYoungGen: 113043K->79587K(175104K)] 467452K->452503K(699392K), 0.0215207 secs] [Times: user=0.19 sys=0.00, real=0.03 secs] 
2016-09-15T12:27:46.291-0400: 100.016: [GC (GCLocker Initiated GC) [PSYoungGen: 167651K->43237K(175104K)] 546896K->465119K(699392K), 0.0173690 secs] [Times: user=0.14 sys=0.01, real=0.02 secs] 
2016-09-15T12:27:46.428-0400: 100.153: [GC (Allocation Failure) [PSYoungGen: 131301K->55159K(175104K)] 553348K->501758K(699392K), 0.0088901 secs] [Times: user=0.07 sys=0.01, real=0.01 secs] 
2016-09-15T12:27:46.546-0400: 100.271: [GC (GCLocker Initiated GC) [PSYoungGen: 141488K->37293K(175104K)] 594162K->490095K(699392K), 0.0113252 secs] [Times: user=0.12 sys=0.00, real=0.02 secs] 
2016-09-15T12:27:46.663-0400: 100.388: [GC (GCLocker Initiated GC) [PSYoungGen: 125357K->85694K(175104K)] 578246K->550976K(699392K), 0.0198671 secs] [Times: user=0.26 sys=0.00, real=0.02 secs] 
2016-09-15T12:27:46.683-0400: 100.408: [Full GC (Ergonomics) [PSYoungGen: 85694K->0K(175104K)] [ParOldGen: 465281K->58111K(524288K)] 550976K->58111K(699392K), [Metaspace: 44352K->44352K(1087488K)], 0.0537247 secs] [Times: user=0.30 sys=0.02, real=0.06 secs] 
2016-09-15T12:27:46.859-0400: 100.584: [GC (GCLocker Initiated GC) [PSYoungGen: 88064K->73996K(175104K)] 152545K->138477K(699392K), 0.0069976 secs] [Times: user=0.08 sys=0.00, real=0.00 secs] 
2016-09-15T12:27:46.985-0400: 100.710: [GC (GCLocker Initiated GC) [PSYoungGen: 162060K->61330K(175104K)] 232915K->169347K(699392K), 0.0131443 secs] [Times: user=0.14 sys=0.00, real=0.02 secs] 
2016-09-15T12:27:47.100-0400: 100.825: [GC (GCLocker Initiated GC) [PSYoungGen: 149394K->86314K(175104K)] 257497K->218853K(699392K), 0.0135704 secs] [Times: user=0.15 sys=0.00, real=0.01 secs] 
2016-09-15T12:27:47.234-0400: 100.959: [GC (GCLocker Initiated GC) [PSYoungGen: 174378K->79651K(175104K)] 307278K->255376K(699392K), 0.0279758 secs] [Times: user=0.32 sys=0.00, real=0.03 secs] 
2016-09-15T12:27:47.402-0400: 101.127: [GC (GCLocker Initiated GC) [PSYoungGen: 167715K->55419K(175104K)] 355597K->243569K(699392K), 0.0099384 secs] [Times: user=0.07 sys=0.00, real=0.01 secs] 
2016-09-15T12:27:47.540-0400: 101.265: [GC (GCLocker Initiated GC) [PSYoungGen: 143483K->61330K(175104K)] 331855K->268210K(699392K), 0.0097532 secs] [Times: user=0.09 sys=0.00, real=0.01 secs] 
2016-09-15T12:27:47.668-0400: 101.393: [GC (GCLocker Initiated GC) [PSYoungGen: 149394K->61558K(175104K)] 356629K->305347K(699392K), 0.0196719 secs] [Times: user=0.17 sys=0.00, real=0.02 secs] 
2016-09-15T12:27:47.799-0400: 101.524: [GC (GCLocker Initiated GC) [PSYoungGen: 149622K->43009K(175104K)] 393537K->305392K(699392K), 0.0155786 secs] [Times: user=0.12 sys=0.00, real=0.01 secs] 
2016-09-15T12:27:47.920-0400: 101.645: [GC (Allocation Failure) [PSYoungGen: 131073K->30891K(175104K)] 394007K->336454K(699392K), 0.0218844 secs] [Times: user=0.22 sys=0.00, real=0.02 secs] 
2016-09-15T12:27:48.044-0400: 101.769: [GC (GCLocker Initiated GC) [PSYoungGen: 113410K->85694K(175104K)] 425048K->403659K(699392K), 0.0287074 secs] [Times: user=0.33 sys=0.00, real=0.03 secs] 
2016-09-15T12:27:48.204-0400: 101.929: [GC (Allocation Failure) [PSYoungGen: 173758K->67437K(175104K)] 491747K->403763K(699392K), 0.0290229 secs] [Times: user=0.28 sys=0.00, real=0.03 secs] 
2016-09-15T12:27:48.333-0400: 102.058: [GC (GCLocker Initiated GC) [PSYoungGen: 149624K->55547K(175104K)] 492025K->440756K(699392K), 0.0297278 secs] [Times: user=0.33 sys=0.01, real=0.03 secs] 
2016-09-15T12:27:48.488-0400: 102.213: [GC (GCLocker Initiated GC) [PSYoungGen: 143611K->61362K(175104K)] 529153K->483810K(699392K), 0.0282383 secs] [Times: user=0.30 sys=0.00, real=0.03 secs] 
2016-09-15T12:27:48.629-0400: 102.354: [GC (GCLocker Initiated GC) [PSYoungGen: 149426K->73772K(175104K)] 572240K->514923K(699392K), 0.0267941 secs] [Times: user=0.31 sys=0.00, real=0.03 secs] 
2016-09-15T12:27:48.744-0400: 102.469: [GC (GCLocker Initiated GC) [PSYoungGen: 161836K->48952K(175104K)] 603309K->514984K(699392K), 0.0096240 secs] [Times: user=0.08 sys=0.00, real=0.01 secs] 
2016-09-15T12:27:48.854-0400: 102.579: [Full GC (Ergonomics) [PSYoungGen: 137016K->0K(175104K)] [ParOldGen: 472440K->52334K(524288K)] 609456K->52334K(699392K), [Metaspace: 44354K->44354K(1087488K)], 0.0655123 secs] [Times: user=0.39 sys=0.01, real=0.07 secs] 
2016-09-15T12:27:49.028-0400: 102.753: [GC (GCLocker Initiated GC) [PSYoungGen: 88064K->86214K(175104K)] 140428K->150728K(699392K), 0.0231333 secs] [Times: user=0.21 sys=0.00, real=0.02 secs] 
2016-09-15T12:27:49.196-0400: 102.921: [GC (Allocation Failure) [PSYoungGen: 174278K->6526K(175104K)] 257272K->138784K(699392K), 0.0163307 secs] [Times: user=0.13 sys=0.00, real=0.01 secs] 
2016-09-15T12:27:49.328-0400: 103.053: [GC (GCLocker Initiated GC) [PSYoungGen: 94590K->73772K(175104K)] 226854K->206326K(699392K), 0.0101083 secs] [Times: user=0.09 sys=0.00, real=0.01 secs] 
2016-09-15T12:27:49.461-0400: 103.187: [GC (GCLocker Initiated GC) [PSYoungGen: 161836K->73512K(175104K)] 294588K->224585K(699392K), 0.0175653 secs] [Times: user=0.17 sys=0.00, real=0.02 secs] 
2016-09-15T12:27:49.591-0400: 103.316: [GC (GCLocker Initiated GC) [PSYoungGen: 161576K->73644K(175104K)] 312831K->225190K(699392K), 0.0103639 secs] [Times: user=0.10 sys=0.00, real=0.01 secs] 
2016-09-15T12:27:49.690-0400: 103.415: [GC (GCLocker Initiated GC) [PSYoungGen: 161708K->79327K(175104K)] 313329K->249597K(699392K), 0.0117272 secs] [Times: user=0.11 sys=0.00, real=0.01 secs] 
2016-09-15T12:27:49.827-0400: 103.552: [GC (GCLocker Initiated GC) [PSYoungGen: 167391K->55387K(175104K)] 337831K->262373K(699392K), 0.0230146 secs] [Times: user=0.23 sys=0.00, real=0.03 secs] 
2016-09-15T12:27:49.979-0400: 103.704: [GC (Allocation Failure) [PSYoungGen: 143451K->55255K(175104K)] 350595K->281088K(699392K), 0.0100375 secs] [Times: user=0.08 sys=0.00, real=0.01 secs] 
2016-09-15T12:27:50.101-0400: 103.826: [GC (GCLocker Initiated GC) [PSYoungGen: 138189K->73736K(175104K)] 370097K->342253K(699392K), 0.0161915 secs] [Times: user=0.19 sys=0.00, real=0.02 secs] 
2016-09-15T12:27:50.250-0400: 103.975: [GC (GCLocker Initiated GC) [PSYoungGen: 161800K->49344K(175104K)] 436456K->342328K(699392K), 0.0089894 secs] [Times: user=0.07 sys=0.00, real=0.01 secs] 
2016-09-15T12:27:50.388-0400: 104.113: [GC (GCLocker Initiated GC) [PSYoungGen: 137408K->31086K(175104K)] 436677K->379379K(699392K), 0.0243830 secs] [Times: user=0.22 sys=0.01, real=0.02 secs] 
2016-09-15T12:27:50.517-0400: 104.242: [GC (GCLocker Initiated GC) [PSYoungGen: 119150K->55579K(175104K)] 479604K->434720K(699392K), 0.0200777 secs] [Times: user=0.23 sys=0.00, real=0.02 secs] 
2016-09-15T12:27:50.642-0400: 104.368: [GC (GCLocker Initiated GC) [PSYoungGen: 143643K->85630K(175104K)] 522814K->495608K(699392K), 0.0118875 secs] [Times: user=0.10 sys=0.00, real=0.01 secs] 
2016-09-15T12:27:50.749-0400: 104.474: [GC (Allocation Failure) [PSYoungGen: 173694K->43073K(175104K)] 589872K->495969K(699392K), 0.0087049 secs] [Times: user=0.06 sys=0.00, real=0.01 secs] 
2016-09-15T12:27:50.874-0400: 104.599: [GC (GCLocker Initiated GC) [PSYoungGen: 131137K->79915K(175104K)] 584039K->533084K(699392K), 0.0233158 secs] [Times: user=0.23 sys=0.00, real=0.03 secs] 
2016-09-15T12:27:51.008-0400: 104.733: [GC (GCLocker Initiated GC) [PSYoungGen: 167979K->61266K(175104K)] 621346K->533478K(699392K), 0.0287524 secs] [Times: user=0.28 sys=0.00, real=0.03 secs] 
2016-09-15T12:27:51.037-0400: 104.762: [Full GC (Ergonomics) [PSYoungGen: 61266K->0K(175104K)] [ParOldGen: 472212K->58495K(524288K)] 533478K->58495K(699392K), [Metaspace: 44360K->44360K(1087488K)], 0.0555086 secs] [Times: user=0.35 sys=0.00, real=0.05 secs] 
2016-09-15T12:27:51.211-0400: 104.936: [GC (GCLocker Initiated GC) [PSYoungGen: 88064K->86342K(175104K)] 152760K->169263K(699392K), 0.0098274 secs] [Times: user=0.09 sys=0.00, real=0.01 secs] 
2016-09-15T12:27:51.321-0400: 105.046: [GC (Allocation Failure) [PSYoungGen: 174406K->49340K(175104K)] 263690K->236888K(699392K), 0.0155734 secs] [Times: user=0.18 sys=0.01, real=0.02 secs] 
2016-09-15T12:27:51.447-0400: 105.172: [GC (GCLocker Initiated GC) [PSYoungGen: 134792K->43237K(175104K)] 328415K->255336K(699392K), 0.0219723 secs] [Times: user=0.21 sys=0.00, real=0.03 secs] 
2016-09-15T12:27:51.608-0400: 105.333: [GC (GCLocker Initiated GC) [PSYoungGen: 131301K->36966K(175104K)] 355757K->279907K(699392K), 0.0148264 secs] [Times: user=0.15 sys=0.00, real=0.01 secs] 
2016-09-15T12:27:51.751-0400: 105.476: [GC (GCLocker Initiated GC) [PSYoungGen: 125030K->73412K(175104K)] 374228K->322885K(699392K), 0.0337300 secs] [Times: user=0.37 sys=0.00, real=0.03 secs] 
2016-09-15T12:27:51.888-0400: 105.614: [GC (GCLocker Initiated GC) [PSYoungGen: 161476K->49248K(175104K)] 417161K->347561K(699392K), 0.0120737 secs] [Times: user=0.06 sys=0.01, real=0.01 secs] 
2016-09-15T12:27:52.020-0400: 105.745: [GC (GCLocker Initiated GC) [PSYoungGen: 137312K->73772K(175104K)] 441870K->415220K(699392K), 0.0242159 secs] [Times: user=0.30 sys=0.00, real=0.02 secs] 
2016-09-15T12:27:52.151-0400: 105.876: [GC (GCLocker Initiated GC) [PSYoungGen: 161836K->73772K(175104K)] 503508K->433985K(699392K), 0.0100751 secs] [Times: user=0.10 sys=0.00, real=0.01 secs] 
2016-09-15T12:27:52.284-0400: 106.009: [GC (GCLocker Initiated GC) [PSYoungGen: 161836K->67733K(175104K)] 528283K->470750K(699392K), 0.0162896 secs] [Times: user=0.20 sys=0.00, real=0.02 secs] 
2016-09-15T12:27:52.409-0400: 106.134: [GC (GCLocker Initiated GC) [PSYoungGen: 155797K->49244K(175104K)] 571016K->507436K(699392K), 0.0202743 secs] [Times: user=0.23 sys=0.00, real=0.02 secs] 
2016-09-15T12:27:52.430-0400: 106.155: [Full GC (Ergonomics) [PSYoungGen: 49244K->0K(175104K)] [ParOldGen: 458192K->52414K(524288K)] 507436K->52414K(699392K), [Metaspace: 44364K->44364K(1087488K)], 0.0519502 secs] [Times: user=0.29 sys=0.00, real=0.05 secs] 
2016-09-15T12:27:52.596-0400: 106.321: [GC (GCLocker Initiated GC) [PSYoungGen: 88064K->86014K(175104K)] 140508K->168833K(699392K), 0.0102213 secs] [Times: user=0.12 sys=0.00, real=0.00 secs] 
2016-09-15T12:27:52.704-0400: 106.429: [GC (GCLocker Initiated GC) [PSYoungGen: 174078K->49436K(175104K)] 256939K->236120K(699392K), 0.0117495 secs] [Times: user=0.13 sys=0.00, real=0.02 secs] 
2016-09-15T12:27:52.833-0400: 106.558: [GC (GCLocker Initiated GC) [PSYoungGen: 137500K->73548K(175104K)] 324232K->266442K(699392K), 0.0096541 secs] [Times: user=0.07 sys=0.00, real=0.01 secs] 
2016-09-15T12:27:52.994-0400: 106.719: [GC (Allocation Failure) [PSYoungGen: 161612K->19196K(175104K)] 366899K->273376K(699392K), 0.0109290 secs] [Times: user=0.10 sys=0.00, real=0.01 secs] 
2016-09-15T12:27:53.118-0400: 106.843: [GC (GCLocker Initiated GC) [PSYoungGen: 104829K->55447K(175104K)] 365084K->316000K(699392K), 0.0235268 secs] [Times: user=0.25 sys=0.00, real=0.02 secs] 
2016-09-15T12:27:53.273-0400: 106.998: [GC (GCLocker Initiated GC) [PSYoungGen: 143511K->55515K(175104K)] 416368K->346896K(699392K), 0.0103658 secs] [Times: user=0.12 sys=0.00, real=0.01 secs] 
2016-09-15T12:27:53.397-0400: 107.122: [GC (GCLocker Initiated GC) [PSYoungGen: 143579K->55419K(175104K)] 441239K->353330K(699392K), 0.0132204 secs] [Times: user=0.13 sys=0.00, real=0.01 secs] 
2016-09-15T12:27:53.501-0400: 107.226: [GC (GCLocker Initiated GC) [PSYoungGen: 143483K->67337K(175104K)] 441503K->402123K(699392K), 0.0218912 secs] [Times: user=0.29 sys=0.00, real=0.02 secs] 
2016-09-15T12:27:53.621-0400: 107.346: [GC (GCLocker Initiated GC) [PSYoungGen: 155401K->86018K(175104K)] 490290K->457500K(699392K), 0.0188463 secs] [Times: user=0.26 sys=0.00, real=0.02 secs] 
2016-09-15T12:27:53.765-0400: 107.490: [GC (GCLocker Initiated GC) [PSYoungGen: 174082K->37094K(175104K)] 558002K->439687K(699392K), 0.0067956 secs] [Times: user=0.06 sys=0.00, real=0.01 secs] 
2016-09-15T12:27:53.893-0400: 107.618: [GC (GCLocker Initiated GC) [PSYoungGen: 125158K->55223K(175104K)] 527944K->458277K(699392K), 0.0186801 secs] [Times: user=0.19 sys=0.00, real=0.02 secs] 
2016-09-15T12:27:54.055-0400: 107.780: [GC (GCLocker Initiated GC) [PSYoungGen: 143287K->55451K(175104K)] 558846K->489354K(699392K), 0.0101456 secs] [Times: user=0.10 sys=0.00, real=0.01 secs] 
2016-09-15T12:27:54.196-0400: 107.921: [GC (GCLocker Initiated GC) [PSYoungGen: 143515K->37749K(175104K)] 577779K->472438K(699392K), 0.0057657 secs] [Times: user=0.07 sys=0.01, real=0.00 secs] 
2016-09-15T12:27:54.295-0400: 108.020: [GC (Allocation Failure) [PSYoungGen: 125813K->61426K(175104K)] 572996K->508883K(699392K), 0.0088664 secs] [Times: user=0.06 sys=0.00, real=0.01 secs] 
2016-09-15T12:27:54.443-0400: 108.168: [GC (Allocation Failure) [PSYoungGen: 145488K->24915K(175104K)] 592945K->490678K(699392K), 0.0064057 secs] [Times: user=0.05 sys=0.00, real=0.01 secs] 
2016-09-15T12:27:54.449-0400: 108.174: [Full GC (Ergonomics) [PSYoungGen: 24915K->0K(175104K)] [ParOldGen: 465762K->40841K(524288K)] 490678K->40841K(699392K), [Metaspace: 44364K->44364K(1087488K)], 0.0500998 secs] [Times: user=0.28 sys=0.01, real=0.05 secs] 
2016-09-15T12:27:54.602-0400: 108.327: [GC (GCLocker Initiated GC) [PSYoungGen: 87368K->85954K(175104K)] 134284K->157170K(699392K), 0.0088653 secs] [Times: user=0.10 sys=0.00, real=0.01 secs] 
2016-09-15T12:27:54.737-0400: 108.462: [GC (GCLocker Initiated GC) [PSYoungGen: 174018K->24976K(175104K)] 245595K->187969K(699392K), 0.0218277 secs] [Times: user=0.25 sys=0.00, real=0.02 secs] 
2016-09-15T12:27:54.849-0400: 108.574: [GC (Allocation Failure) [PSYoungGen: 113040K->55223K(175104K)] 276293K->261105K(699392K), 0.0275738 secs] [Times: user=0.30 sys=0.00, real=0.03 secs] 
2016-09-15T12:27:54.877-0400: 108.602: [GC (GCLocker Initiated GC) [PSYoungGen: 55432K->0K(175104K)] 261314K->297437K(699392K), 0.0093120 secs] [Times: user=0.09 sys=0.00, real=0.00 secs] 
2016-09-15T12:27:55.023-0400: 108.748: [GC (GCLocker Initiated GC) [PSYoungGen: 87796K->80659K(175104K)] 391308K->384171K(699392K), 0.0101614 secs] [Times: user=0.12 sys=0.00, real=0.01 secs] 
2016-09-15T12:27:55.115-0400: 108.840: [GC (GCLocker Initiated GC) [PSYoungGen: 168723K->73380K(175104K)] 472399K->438930K(699392K), 0.0318100 secs] [Times: user=0.45 sys=0.01, real=0.03 secs] 
2016-09-15T12:27:55.237-0400: 108.962: [GC (GCLocker Initiated GC) [PSYoungGen: 161444K->85986K(175104K)] 527188K->524789K(699392K), 0.0118631 secs] [Times: user=0.15 sys=0.01, real=0.01 secs] 
2016-09-15T12:27:55.249-0400: 108.974: [Full GC (Ergonomics) [PSYoungGen: 85986K->0K(175104K)] [ParOldGen: 438803K->58910K(524288K)] 524789K->58910K(699392K), [Metaspace: 44364K->44364K(1087488K)], 0.0519307 secs] [Times: user=0.34 sys=0.01, real=0.05 secs] 
2016-09-15T12:27:55.404-0400: 109.129: [GC (GCLocker Initiated GC) [PSYoungGen: 88064K->67825K(175104K)] 153376K->133138K(699392K), 0.0238237 secs] [Times: user=0.26 sys=0.00, real=0.03 secs] 
2016-09-15T12:27:55.564-0400: 109.289: [GC (Allocation Failure) [PSYoungGen: 155889K->49080K(175104K)] 227301K->176043K(699392K), 0.0216898 secs] [Times: user=0.27 sys=0.00, real=0.02 secs] 
2016-09-15T12:27:55.703-0400: 109.428: [GC (GCLocker Initiated GC) [PSYoungGen: 132465K->30987K(175104K)] 265503K->206661K(699392K), 0.0163402 secs] [Times: user=0.16 sys=0.01, real=0.02 secs] 
2016-09-15T12:27:55.824-0400: 109.549: [GC (GCLocker Initiated GC) [PSYoungGen: 119051K->85626K(175104K)] 294773K->273774K(699392K), 0.0251960 secs] [Times: user=0.28 sys=0.00, real=0.03 secs] 
2016-09-15T12:27:55.950-0400: 109.675: [GC (GCLocker Initiated GC) [PSYoungGen: 173690K->80111K(175104K)] 361904K->304926K(699392K), 0.0106345 secs] [Times: user=0.11 sys=0.01, real=0.01 secs] 
2016-09-15T12:27:56.080-0400: 109.805: [GC (GCLocker Initiated GC) [PSYoungGen: 168175K->48920K(175104K)] 393032K->335115K(699392K), 0.0446294 secs] [Times: user=0.49 sys=0.01, real=0.04 secs] 
2016-09-15T12:27:56.262-0400: 109.987: [GC (Allocation Failure) [PSYoungGen: 136984K->37290K(175104K)] 441742K->402918K(699392K), 0.0096808 secs] [Times: user=0.11 sys=0.00, real=0.01 secs] 
2016-09-15T12:27:56.415-0400: 110.140: [GC (GCLocker Initiated GC) [PSYoungGen: 125354K->73512K(175104K)] 490987K->439445K(699392K), 0.0132624 secs] [Times: user=0.16 sys=0.00, real=0.02 secs] 
2016-09-15T12:27:56.557-0400: 110.282: [GC (GCLocker Initiated GC) [PSYoungGen: 161576K->37130K(175104K)] 533743K->427773K(699392K), 0.0115917 secs] [Times: user=0.10 sys=0.00, real=0.01 secs] 
2016-09-15T12:27:56.683-0400: 110.408: [GC (GCLocker Initiated GC) [PSYoungGen: 125194K->85726K(175104K)] 516176K->483066K(699392K), 0.0174317 secs] [Times: user=0.21 sys=0.00, real=0.02 secs] 
2016-09-15T12:27:56.835-0400: 110.560: [GC (GCLocker Initiated GC) [PSYoungGen: 173790K->73672K(175104K)] 577500K->495735K(699392K), 0.0080843 secs] [Times: user=0.11 sys=0.00, real=0.01 secs] 
2016-09-15T12:27:56.956-0400: 110.681: [GC (GCLocker Initiated GC) [PSYoungGen: 161736K->85922K(175104K)] 583857K->532634K(699392K), 0.0109569 secs] [Times: user=0.13 sys=0.00, real=0.00 secs] 
2016-09-15T12:27:56.967-0400: 110.692: [Full GC (Ergonomics) [PSYoungGen: 85922K->0K(175104K)] [ParOldGen: 446712K->46840K(524288K)] 532634K->46840K(699392K), [Metaspace: 44381K->44381K(1087488K)], 0.0520245 secs] [Times: user=0.33 sys=0.01, real=0.06 secs] 
2016-09-15T12:27:57.152-0400: 110.877: [GC (Allocation Failure) [PSYoungGen: 88064K->86078K(175104K)] 141166K->145255K(699392K), 0.0078721 secs] [Times: user=0.10 sys=0.00, real=0.01 secs] 
2016-09-15T12:27:57.284-0400: 111.009: [GC (GCLocker Initiated GC) [PSYoungGen: 172181K->73868K(175104K)] 237433K->194375K(699392K), 0.0120957 secs] [Times: user=0.16 sys=0.00, real=0.02 secs] 
2016-09-15T12:27:57.421-0400: 111.146: [GC (GCLocker Initiated GC) [PSYoungGen: 161932K->85790K(175104K)] 282581K->225128K(699392K), 0.0326203 secs] [Times: user=0.40 sys=0.00, real=0.03 secs] 
2016-09-15T12:27:57.555-0400: 111.280: [GC (GCLocker Initiated GC) [PSYoungGen: 173854K->61362K(175104K)] 313588K->231770K(699392K), 0.0132701 secs] [Times: user=0.15 sys=0.01, real=0.02 secs] 
2016-09-15T12:27:57.677-0400: 111.403: [GC (GCLocker Initiated GC) [PSYoungGen: 149426K->79715K(175104K)] 326108K->293146K(699392K), 0.0097538 secs] [Times: user=0.13 sys=0.00, real=0.00 secs] 
2016-09-15T12:27:57.811-0400: 111.536: [GC (GCLocker Initiated GC) [PSYoungGen: 167779K->79783K(175104K)] 381516K->312004K(699392K), 0.0182663 secs] [Times: user=0.18 sys=0.00, real=0.02 secs] 
2016-09-15T12:27:57.950-0400: 111.675: [GC (GCLocker Initiated GC) [PSYoungGen: 167847K->67533K(175104K)] 400217K->336652K(699392K), 0.0115902 secs] [Times: user=0.13 sys=0.00, real=0.01 secs] 
2016-09-15T12:27:58.074-0400: 111.799: [GC (Allocation Failure) [PSYoungGen: 155597K->49344K(175104K)] 424740K->355033K(699392K), 0.0084530 secs] [Times: user=0.08 sys=0.00, real=0.01 secs] 
2016-09-15T12:27:58.202-0400: 111.927: [GC (GCLocker Initiated GC) [PSYoungGen: 133431K->73608K(175104K)] 445196K->403896K(699392K), 0.0105596 secs] [Times: user=0.14 sys=0.00, real=0.01 secs] 
2016-09-15T12:27:58.319-0400: 112.044: [GC (GCLocker Initiated GC) [PSYoungGen: 161672K->73640K(175104K)] 492671K->422991K(699392K), 0.0365391 secs] [Times: user=0.46 sys=0.01, real=0.03 secs] 
2016-09-15T12:27:58.485-0400: 112.210: [GC (GCLocker Initiated GC) [PSYoungGen: 161704K->55287K(175104K)] 517368K->447513K(699392K), 0.0091362 secs] [Times: user=0.11 sys=0.00, real=0.01 secs] 
2016-09-15T12:27:58.608-0400: 112.333: [GC (GCLocker Initiated GC) [PSYoungGen: 143351K->85790K(175104K)] 535786K->490519K(699392K), 0.0093796 secs] [Times: user=0.12 sys=0.00, real=0.01 secs] 
2016-09-15T12:27:58.734-0400: 112.459: [GC (GCLocker Initiated GC) [PSYoungGen: 173854K->49084K(175104K)] 578707K->496721K(699392K), 0.0151952 secs] [Times: user=0.14 sys=0.00, real=0.02 secs] 
2016-09-15T12:27:58.867-0400: 112.592: [GC (GCLocker Initiated GC) [PSYoungGen: 137148K->73740K(175104K)] 591215K->546324K(699392K), 0.0111799 secs] [Times: user=0.11 sys=0.00, real=0.02 secs] 
2016-09-15T12:27:58.878-0400: 112.603: [Full GC (Ergonomics) [PSYoungGen: 73740K->0K(175104K)] [ParOldGen: 472584K->53104K(524288K)] 546324K->53104K(699392K), [Metaspace: 44381K->44381K(1087488K)], 0.0524479 secs] [Times: user=0.35 sys=0.00, real=0.05 secs] 
2016-09-15T12:27:59.047-0400: 112.772: [GC (GCLocker Initiated GC) [PSYoungGen: 88064K->73804K(175104K)] 153320K->139060K(699392K), 0.0114996 secs] [Times: user=0.12 sys=0.02, real=0.02 secs] 
2016-09-15T12:27:59.213-0400: 112.938: [GC (GCLocker Initiated GC) [PSYoungGen: 161868K->55223K(175104K)] 239500K->157423K(699392K), 0.0078778 secs] [Times: user=0.08 sys=0.01, real=0.01 secs] 
2016-09-15T12:27:59.330-0400: 113.055: [GC (GCLocker Initiated GC) [PSYoungGen: 143287K->86018K(175104K)] 245668K->188699K(699392K), 0.0212961 secs] [Times: user=0.25 sys=0.00, real=0.02 secs] 
2016-09-15T12:27:59.479-0400: 113.204: [GC (Allocation Failure) [PSYoungGen: 174082K->73412K(175104K)] 277533K->213597K(699392K), 0.0235416 secs] [Times: user=0.30 sys=0.00, real=0.02 secs] 
2016-09-15T12:27:59.629-0400: 113.354: [GC (GCLocker Initiated GC) [PSYoungGen: 159776K->73676K(175104K)] 306036K->220023K(699392K), 0.0096997 secs] [Times: user=0.08 sys=0.00, real=0.01 secs] 
2016-09-15T12:27:59.783-0400: 113.508: [GC (GCLocker Initiated GC) [PSYoungGen: 161740K->37325K(175104K)] 314372K->208614K(699392K), 0.0121032 secs] [Times: user=0.09 sys=0.00, real=0.01 secs] 
2016-09-15T12:27:59.910-0400: 113.635: [GC (Allocation Failure) [PSYoungGen: 125389K->55547K(175104K)] 303091K->251617K(699392K), 0.0125595 secs] [Times: user=0.14 sys=0.00, real=0.01 secs] 
2016-09-15T12:28:00.070-0400: 113.795: [GC (GCLocker Initiated GC) [PSYoungGen: 143611K->55711K(175104K)] 339681K->251893K(699392K), 0.0068528 secs] [Times: user=0.08 sys=0.00, real=0.01 secs] 
2016-09-15T12:28:00.205-0400: 113.930: [GC (GCLocker Initiated GC) [PSYoungGen: 143775K->67565K(175104K)] 346287K->288413K(699392K), 0.0084509 secs] [Times: user=0.09 sys=0.00, real=0.01 secs] 
2016-09-15T12:28:00.319-0400: 114.044: [GC (GCLocker Initiated GC) [PSYoungGen: 155629K->43173K(175104K)] 388817K->300764K(699392K), 0.0153311 secs] [Times: user=0.16 sys=0.01, real=0.01 secs] 
2016-09-15T12:28:00.456-0400: 114.182: [GC (GCLocker Initiated GC) [PSYoungGen: 131237K->37453K(175104K)] 395046K->344103K(699392K), 0.0087822 secs] [Times: user=0.10 sys=0.00, real=0.00 secs] 
2016-09-15T12:28:00.583-0400: 114.309: [GC (GCLocker Initiated GC) [PSYoungGen: 125517K->73448K(175104K)] 432210K->380743K(699392K), 0.0080164 secs] [Times: user=0.06 sys=0.00, real=0.01 secs] 
2016-09-15T12:28:00.681-0400: 114.406: [GC (Allocation Failure) [PSYoungGen: 161512K->67821K(175104K)] 469073K->448581K(699392K), 0.0127870 secs] [Times: user=0.13 sys=0.00, real=0.01 secs] 
2016-09-15T12:28:00.694-0400: 114.419: [GC (GCLocker Initiated GC) [PSYoungGen: 67834K->352K(175104K)] 448595K->491131K(699392K), 0.0113643 secs] [Times: user=0.16 sys=0.00, real=0.01 secs] 
2016-09-15T12:28:00.705-0400: 114.430: [Full GC (Ergonomics) [PSYoungGen: 352K->0K(175104K)] [ParOldGen: 490779K->58837K(524288K)] 491131K->58837K(699392K), [Metaspace: 44383K->44383K(1087488K)], 0.0513383 secs] [Times: user=0.32 sys=0.01, real=0.06 secs] 
2016-09-15T12:28:00.873-0400: 114.598: [GC (GCLocker Initiated GC) [PSYoungGen: 82183K->86154K(175104K)] 147096K->151067K(699392K), 0.0083973 secs] [Times: user=0.07 sys=0.00, real=0.01 secs] 
2016-09-15T12:28:00.970-0400: 114.695: [GC (GCLocker Initiated GC) [PSYoungGen: 174218K->73608K(175104K)] 245348K->175748K(699392K), 0.0090489 secs] [Times: user=0.10 sys=0.00, real=0.01 secs] 
2016-09-15T12:28:01.094-0400: 114.819: [GC (Allocation Failure) [PSYoungGen: 161672K->25075K(175104K)] 282293K->200647K(699392K), 0.0311770 secs] [Times: user=0.39 sys=0.01, real=0.03 secs] 
2016-09-15T12:28:01.262-0400: 114.987: [GC (GCLocker Initiated GC) [PSYoungGen: 109892K->55547K(175104K)] 291538K->237632K(699392K), 0.0078173 secs] [Times: user=0.08 sys=0.00, real=0.01 secs] 
2016-09-15T12:28:01.412-0400: 115.137: [GC (GCLocker Initiated GC) [PSYoungGen: 143611K->37845K(175104K)] 344226K->238612K(699392K), 0.0060191 secs] [Times: user=0.06 sys=0.00, real=0.01 secs] 
2016-09-15T12:28:01.542-0400: 115.267: [GC (Allocation Failure) [PSYoungGen: 125909K->36866K(175104K)] 332843K->244255K(699392K), 0.0117795 secs] [Times: user=0.17 sys=0.00, real=0.01 secs] 
2016-09-15T12:28:01.665-0400: 115.390: [GC (GCLocker Initiated GC) [PSYoungGen: 124930K->86150K(175104K)] 332325K->299771K(699392K), 0.0145642 secs] [Times: user=0.22 sys=0.00, real=0.02 secs] 
2016-09-15T12:28:01.823-0400: 115.549: [GC (GCLocker Initiated GC) [PSYoungGen: 174214K->55319K(175104K)] 394243K->293848K(699392K), 0.0219997 secs] [Times: user=0.25 sys=0.00, real=0.02 secs] 
2016-09-15T12:28:01.959-0400: 115.684: [GC (GCLocker Initiated GC) [PSYoungGen: 143383K->55223K(175104K)] 382273K->294193K(699392K), 0.0374179 secs] [Times: user=0.40 sys=0.00, real=0.04 secs] 
2016-09-15T12:28:02.095-0400: 115.820: [GC (GCLocker Initiated GC) [PSYoungGen: 143287K->73608K(175104K)] 382489K->349567K(699392K), 0.0130466 secs] [Times: user=0.14 sys=0.01, real=0.02 secs] 
2016-09-15T12:28:02.217-0400: 115.942: [GC (GCLocker Initiated GC) [PSYoungGen: 161672K->79783K(175104K)] 437807K->356202K(699392K), 0.0121873 secs] [Times: user=0.11 sys=0.00, real=0.01 secs] 
2016-09-15T12:28:02.374-0400: 116.099: [GC (Allocation Failure) [PSYoungGen: 167847K->49052K(175104K)] 450444K->350297K(699392K), 0.0164555 secs] [Times: user=0.14 sys=0.00, real=0.02 secs] 
2016-09-15T12:28:02.486-0400: 116.212: [GC (GCLocker Initiated GC) [PSYoungGen: 134500K->61522K(175104K)] 441820K->417742K(699392K), 0.0305497 secs] [Times: user=0.38 sys=0.00, real=0.04 secs] 
2016-09-15T12:28:02.625-0400: 116.350: [GC (GCLocker Initiated GC) [PSYoungGen: 149586K->85922K(175104K)] 505920K->478998K(699392K), 0.0167674 secs] [Times: user=0.20 sys=0.00, real=0.02 secs] 
2016-09-15T12:28:02.730-0400: 116.455: [GC (GCLocker Initiated GC) [PSYoungGen: 173986K->86182K(175104K)] 567141K->503937K(699392K), 0.0222553 secs] [Times: user=0.26 sys=0.01, real=0.02 secs] 
2016-09-15T12:28:02.863-0400: 116.588: [GC (GCLocker Initiated GC) [PSYoungGen: 174246K->67533K(175104K)] 592104K->534291K(699392K), 0.0120736 secs] [Times: user=0.16 sys=0.01, real=0.01 secs] 
2016-09-15T12:28:02.875-0400: 116.600: [Full GC (Ergonomics) [PSYoungGen: 67533K->0K(175104K)] [ParOldGen: 466758K->52865K(524288K)] 534291K->52865K(699392K), [Metaspace: 44383K->44383K(1087488K)], 0.0487186 secs] [Times: user=0.22 sys=0.02, real=0.05 secs] 
2016-09-15T12:28:03.043-0400: 116.768: [GC (Allocation Failure) [PSYoungGen: 88064K->86310K(175104K)] 147321K->169867K(699392K), 0.0119192 secs] [Times: user=0.12 sys=0.00, real=0.01 secs] 
2016-09-15T12:28:03.164-0400: 116.889: [GC (GCLocker Initiated GC) [PSYoungGen: 168453K->36934K(175104K)] 258085K->164031K(699392K), 0.0174776 secs] [Times: user=0.17 sys=0.01, real=0.02 secs] 
2016-09-15T12:28:03.297-0400: 117.022: [GC (Allocation Failure) [PSYoungGen: 124998K->55287K(175104K)] 252181K->206882K(699392K), 0.0096097 secs] [Times: user=0.08 sys=0.00, real=0.00 secs] 
2016-09-15T12:28:03.307-0400: 117.032: [GC (GCLocker Initiated GC) [PSYoungGen: 55296K->32K(175104K)] 206892K->207008K(699392K), 0.0084589 secs] [Times: user=0.10 sys=0.01, real=0.02 secs] 
2016-09-15T12:28:03.444-0400: 117.169: [GC (GCLocker Initiated GC) [PSYoungGen: 87972K->80007K(175104K)] 301023K->293058K(699392K), 0.0101077 secs] [Times: user=0.10 sys=0.00, real=0.01 secs] 
2016-09-15T12:28:03.596-0400: 117.321: [GC (Allocation Failure) [PSYoungGen: 168071K->55383K(175104K)] 387491K->311824K(699392K), 0.0095563 secs] [Times: user=0.13 sys=0.00, real=0.00 secs] 
2016-09-15T12:28:03.711-0400: 117.436: [GC (GCLocker Initiated GC) [PSYoungGen: 143447K->67765K(175104K)] 399894K->342540K(699392K), 0.0096267 secs] [Times: user=0.09 sys=0.00, real=0.01 secs] 
2016-09-15T12:28:03.842-0400: 117.567: [GC (GCLocker Initiated GC) [PSYoungGen: 155829K->73836K(175104K)] 436944K->391709K(699392K), 0.0089604 secs] [Times: user=0.12 sys=0.00, real=0.01 secs] 
2016-09-15T12:28:03.955-0400: 117.680: [GC (GCLocker Initiated GC) [PSYoungGen: 161900K->73968K(175104K)] 479775K->392166K(699392K), 0.0069894 secs] [Times: user=0.09 sys=0.00, real=0.01 secs] 
2016-09-15T12:28:04.083-0400: 117.808: [GC (GCLocker Initiated GC) [PSYoungGen: 162032K->37258K(175104K)] 498716K->428745K(699392K), 0.0130404 secs] [Times: user=0.13 sys=0.00, real=0.02 secs] 
2016-09-15T12:28:04.219-0400: 117.944: [GC (GCLocker Initiated GC) [PSYoungGen: 125322K->67309K(175104K)] 516935K->459165K(699392K), 0.0204941 secs] [Times: user=0.22 sys=0.00, real=0.02 secs] 
2016-09-15T12:28:04.355-0400: 118.080: [GC (GCLocker Initiated GC) [PSYoungGen: 155373K->55351K(175104K)] 547282K->489913K(699392K), 0.0223094 secs] [Times: user=0.23 sys=0.00, real=0.03 secs] 
2016-09-15T12:28:04.468-0400: 118.193: [GC (Allocation Failure) [PSYoungGen: 143415K->43173K(175104K)] 578203K->532904K(699392K), 0.0173138 secs] [Times: user=0.17 sys=0.00, real=0.01 secs] 
2016-09-15T12:28:04.486-0400: 118.211: [Full GC (Ergonomics) [PSYoungGen: 43173K->0K(175104K)] [ParOldGen: 489731K->53193K(524288K)] 532904K->53193K(699392K), [Metaspace: 44384K->44384K(1087488K)], 0.0639925 secs] [Times: user=0.38 sys=0.01, real=0.07 secs] 
2016-09-15T12:28:04.639-0400: 118.365: [GC (GCLocker Initiated GC) [PSYoungGen: 85706K->86014K(175104K)] 144975K->145282K(699392K), 0.0127321 secs] [Times: user=0.15 sys=0.01, real=0.01 secs] 
2016-09-15T12:28:04.746-0400: 118.471: [GC (GCLocker Initiated GC) [PSYoungGen: 174078K->86118K(175104K)] 233478K->212930K(699392K), 0.0112859 secs] [Times: user=0.17 sys=0.00, real=0.02 secs] 
2016-09-15T12:28:04.844-0400: 118.569: [GC (GCLocker Initiated GC) [PSYoungGen: 174182K->55351K(175104K)] 301005K->249323K(699392K), 0.0104033 secs] [Times: user=0.11 sys=0.00, real=0.01 secs] 
2016-09-15T12:28:04.951-0400: 118.676: [GC (GCLocker Initiated GC) [PSYoungGen: 143415K->86509K(175104K)] 337469K->323256K(699392K), 0.0107588 secs] [Times: user=0.14 sys=0.01, real=0.01 secs] 
2016-09-15T12:28:05.060-0400: 118.785: [GC (GCLocker Initiated GC) [PSYoungGen: 174573K->86182K(175104K)] 411681K->366294K(699392K), 0.0140284 secs] [Times: user=0.18 sys=0.00, real=0.01 secs] 
2016-09-15T12:28:05.206-0400: 118.931: [GC (GCLocker Initiated GC) [PSYoungGen: 174246K->73576K(175104K)] 460738K->396825K(699392K), 0.0098221 secs] [Times: user=0.11 sys=0.00, real=0.02 secs] 
2016-09-15T12:28:05.339-0400: 119.064: [GC (GCLocker Initiated GC) [PSYoungGen: 161640K->85986K(175104K)] 491096K->433826K(699392K), 0.0122655 secs] [Times: user=0.16 sys=0.00, real=0.01 secs] 
2016-09-15T12:28:05.450-0400: 119.175: [GC (GCLocker Initiated GC) [PSYoungGen: 174050K->73704K(175104K)] 528125K->494919K(699392K), 0.0122113 secs] [Times: user=0.19 sys=0.00, real=0.01 secs] 
2016-09-15T12:28:05.579-0400: 119.304: [GC (GCLocker Initiated GC) [PSYoungGen: 161768K->86054K(175104K)] 589122K->513544K(699392K), 0.0076265 secs] [Times: user=0.10 sys=0.00, real=0.00 secs] 
2016-09-15T12:28:05.706-0400: 119.431: [Full GC (Ergonomics) [PSYoungGen: 174118K->0K(175104K)] [ParOldGen: 439731K->52896K(524288K)] 613849K->52896K(699392K), [Metaspace: 44385K->44385K(1087488K)], 0.0500826 secs] [Times: user=0.46 sys=0.00, real=0.06 secs] 
2016-09-15T12:28:05.887-0400: 119.612: [GC (GCLocker Initiated GC) [PSYoungGen: 88064K->86250K(175104K)] 140966K->145227K(699392K), 0.0113716 secs] [Times: user=0.16 sys=0.00, real=0.02 secs] 
2016-09-15T12:28:06.009-0400: 119.735: [GC (GCLocker Initiated GC) [PSYoungGen: 174314K->73804K(175104K)] 233551K->169923K(699392K), 0.0160521 secs] [Times: user=0.18 sys=0.00, real=0.01 secs] 
2016-09-15T12:28:06.120-0400: 119.845: [GC (GCLocker Initiated GC) [PSYoungGen: 161868K->79523K(175104K)] 258086K->194233K(699392K), 0.0133623 secs] [Times: user=0.13 sys=0.00, real=0.01 secs] 
2016-09-15T12:28:06.246-0400: 119.971: [GC (GCLocker Initiated GC) [PSYoungGen: 167587K->42977K(175104K)] 288420K->194264K(699392K), 0.0122187 secs] [Times: user=0.11 sys=0.00, real=0.02 secs] 
2016-09-15T12:28:06.375-0400: 120.100: [GC (Allocation Failure) [PSYoungGen: 131041K->55287K(175104K)] 282684K->261896K(699392K), 0.0100987 secs] [Times: user=0.08 sys=0.00, real=0.01 secs] 
2016-09-15T12:28:06.484-0400: 120.210: [GC (Allocation Failure) [PSYoungGen: 140543K->55383K(175104K)] 347153K->280525K(699392K), 0.0095253 secs] [Times: user=0.13 sys=0.00, real=0.01 secs] 
2016-09-15T12:28:06.622-0400: 120.347: [GC (GCLocker Initiated GC) [PSYoungGen: 143447K->85758K(175104K)] 368595K->335529K(699392K), 0.0110980 secs] [Times: user=0.16 sys=0.00, real=0.01 secs] 
2016-09-15T12:28:06.759-0400: 120.484: [GC (GCLocker Initiated GC) [PSYoungGen: 173822K->55711K(175104K)] 429861K->330118K(699392K), 0.0186851 secs] [Times: user=0.23 sys=0.00, real=0.02 secs] 
2016-09-15T12:28:06.879-0400: 120.604: [GC (GCLocker Initiated GC) [PSYoungGen: 143775K->85822K(175104K)] 418498K->403378K(699392K), 0.0129745 secs] [Times: user=0.17 sys=0.00, real=0.01 secs] 
2016-09-15T12:28:07.009-0400: 120.734: [GC (GCLocker Initiated GC) [PSYoungGen: 173886K->73968K(175104K)] 491703K->410161K(699392K), 0.0122898 secs] [Times: user=0.14 sys=0.00, real=0.01 secs] 
2016-09-15T12:28:07.152-0400: 120.877: [GC (GCLocker Initiated GC) [PSYoungGen: 162032K->73672K(175104K)] 510731K->440903K(699392K), 0.0104602 secs] [Times: user=0.09 sys=0.00, real=0.01 secs] 
2016-09-15T12:28:07.281-0400: 121.007: [GC (GCLocker Initiated GC) [PSYoungGen: 161736K->73644K(175104K)] 529255K->459491K(699392K), 0.0200602 secs] [Times: user=0.23 sys=0.01, real=0.02 secs] 
2016-09-15T12:28:07.421-0400: 121.146: [GC (GCLocker Initiated GC) [PSYoungGen: 161708K->85694K(175104K)] 547647K->490158K(699392K), 0.0112405 secs] [Times: user=0.11 sys=0.00, real=0.01 secs] 
2016-09-15T12:28:07.536-0400: 121.261: [GC (GCLocker Initiated GC) [PSYoungGen: 173758K->67373K(175104K)] 578298K->490233K(699392K), 0.0112520 secs] [Times: user=0.08 sys=0.00, real=0.00 secs] 
2016-09-15T12:28:07.672-0400: 121.397: [GC (GCLocker Initiated GC) [PSYoungGen: 155437K->43237K(175104K)] 584733K->521229K(699392K), 0.0142464 secs] [Times: user=0.11 sys=0.00, real=0.01 secs] 
2016-09-15T12:28:07.686-0400: 121.411: [Full GC (Ergonomics) [PSYoungGen: 43237K->0K(175104K)] [ParOldGen: 477991K->53068K(524288K)] 521229K->53068K(699392K), [Metaspace: 44388K->44388K(1087488K)], 0.0541699 secs] [Times: user=0.31 sys=0.01, real=0.06 secs] 
2016-09-15T12:28:07.855-0400: 121.580: [GC (GCLocker Initiated GC) [PSYoungGen: 88064K->86210K(175104K)] 141264K->151560K(699392K), 0.0094568 secs] [Times: user=0.09 sys=0.01, real=0.01 secs] 
2016-09-15T12:28:07.978-0400: 121.703: [GC (GCLocker Initiated GC) [PSYoungGen: 174274K->86118K(175104K)] 239772K->212914K(699392K), 0.0133609 secs] [Times: user=0.17 sys=0.00, real=0.01 secs] 
2016-09-15T12:28:08.129-0400: 121.854: [GC (GCLocker Initiated GC) [PSYoungGen: 174182K->55223K(175104K)] 301277K->219043K(699392K), 0.0105823 secs] [Times: user=0.10 sys=0.00, real=0.01 secs] 
2016-09-15T12:28:08.251-0400: 121.976: [GC (GCLocker Initiated GC) [PSYoungGen: 143287K->61430K(175104K)] 307333K->231631K(699392K), 0.0085035 secs] [Times: user=0.07 sys=0.00, real=0.01 secs] 
2016-09-15T12:28:08.390-0400: 122.115: [GC (GCLocker Initiated GC) [PSYoungGen: 149494K->73640K(175104K)] 319737K->262407K(699392K), 0.0077131 secs] [Times: user=0.09 sys=0.00, real=0.01 secs] 
2016-09-15T12:28:08.543-0400: 122.268: [GC (Allocation Failure) [PSYoungGen: 161704K->49212K(175104K)] 356750K->317426K(699392K), 0.0199625 secs] [Times: user=0.27 sys=0.00, real=0.02 secs] 
2016-09-15T12:28:08.686-0400: 122.411: [GC (GCLocker Initiated GC) [PSYoungGen: 131253K->42941K(175104K)] 405543K->347888K(699392K), 0.0144306 secs] [Times: user=0.17 sys=0.00, real=0.02 secs] 
2016-09-15T12:28:08.822-0400: 122.547: [GC (GCLocker Initiated GC) [PSYoungGen: 131005K->85986K(175104K)] 436274K->397450K(699392K), 0.0099472 secs] [Times: user=0.13 sys=0.00, real=0.01 secs] 
2016-09-15T12:28:08.931-0400: 122.656: [GC (GCLocker Initiated GC) [PSYoungGen: 174050K->67665K(175104K)] 485724K->416088K(699392K), 0.0098989 secs] [Times: user=0.10 sys=0.00, real=0.01 secs] 
2016-09-15T12:28:09.064-0400: 122.789: [GC (GCLocker Initiated GC) [PSYoungGen: 155729K->73512K(175104K)] 504188K->495007K(699392K), 0.0258789 secs] [Times: user=0.30 sys=0.00, real=0.03 secs] 
2016-09-15T12:28:09.204-0400: 122.929: [GC (Allocation Failure) [PSYoungGen: 161576K->61298K(175104K)] 589255K->495295K(699392K), 0.0116595 secs] [Times: user=0.09 sys=0.00, real=0.02 secs] 
2016-09-15T12:28:09.334-0400: 123.059: [Full GC (Ergonomics) [PSYoungGen: 144367K->0K(175104K)] [ParOldGen: 440072K->53334K(524288K)] 584439K->53334K(699392K), [Metaspace: 44388K->44388K(1087488K)], 0.0575723 secs] [Times: user=0.30 sys=0.02, real=0.06 secs] 
2016-09-15T12:28:09.490-0400: 123.215: [GC (Allocation Failure) [PSYoungGen: 88064K->86210K(175104K)] 141635K->145857K(699392K), 0.0201237 secs] [Times: user=0.26 sys=0.00, real=0.02 secs] 
2016-09-15T12:28:09.511-0400: 123.236: [GC (GCLocker Initiated GC) [PSYoungGen: 86219K->32K(175104K)] 145866K->151446K(699392K), 0.0083124 secs] [Times: user=0.09 sys=0.00, real=0.01 secs] 
2016-09-15T12:28:09.632-0400: 123.357: [GC (GCLocker Initiated GC) [PSYoungGen: 88096K->86570K(175104K)] 239510K->256209K(699392K), 0.0095210 secs] [Times: user=0.11 sys=0.00, real=0.01 secs] 
2016-09-15T12:28:09.780-0400: 123.505: [GC (GCLocker Initiated GC) [PSYoungGen: 174634K->67465K(175104K)] 344460K->274437K(699392K), 0.0184716 secs] [Times: user=0.23 sys=0.00, real=0.02 secs] 
2016-09-15T12:28:09.912-0400: 123.637: [GC (GCLocker Initiated GC) [PSYoungGen: 155529K->73444K(175104K)] 362650K->311067K(699392K), 0.0147117 secs] [Times: user=0.17 sys=0.00, real=0.01 secs] 
2016-09-15T12:28:10.056-0400: 123.781: [GC (GCLocker Initiated GC) [PSYoungGen: 161508K->85530K(175104K)] 399256K->353765K(699392K), 0.0287393 secs] [Times: user=0.30 sys=0.00, real=0.02 secs] 
2016-09-15T12:28:10.198-0400: 123.923: [GC (GCLocker Initiated GC) [PSYoungGen: 173594K->62145K(175104K)] 448047K->379291K(699392K), 0.0124056 secs] [Times: user=0.20 sys=0.00, real=0.01 secs] 
2016-09-15T12:28:10.311-0400: 124.036: [GC (Allocation Failure) [PSYoungGen: 150209K->55447K(175104K)] 479798K->446429K(699392K), 0.0119143 secs] [Times: user=0.18 sys=0.00, real=0.01 secs] 
2016-09-15T12:28:10.438-0400: 124.163: [GC (GCLocker Initiated GC) [PSYoungGen: 139863K->74032K(175104K)] 536921K->507691K(699392K), 0.0113032 secs] [Times: user=0.18 sys=0.00, real=0.01 secs] 
2016-09-15T12:28:10.557-0400: 124.282: [GC (GCLocker Initiated GC) [PSYoungGen: 162096K->36962K(175104K)] 595820K->556388K(699392K), 0.0115411 secs] [Times: user=0.18 sys=0.00, real=0.01 secs] 
2016-09-15T12:28:10.568-0400: 124.294: [Full GC (Ergonomics) [PSYoungGen: 36962K->0K(175104K)] [ParOldGen: 519425K->52836K(524288K)] 556388K->52836K(699392K), [Metaspace: 44388K->44388K(1087488K)], 0.0454817 secs] [Times: user=0.39 sys=0.01, real=0.04 secs] 
2016-09-15T12:28:10.720-0400: 124.445: [GC (GCLocker Initiated GC) [PSYoungGen: 88064K->74708K(175104K)] 147319K->133963K(699392K), 0.0079025 secs] [Times: user=0.11 sys=0.00, real=0.01 secs] 
2016-09-15T12:28:10.847-0400: 124.573: [GC (GCLocker Initiated GC) [PSYoungGen: 162772K->73608K(175104K)] 228555K->158732K(699392K), 0.0098026 secs] [Times: user=0.11 sys=0.00, real=0.02 secs] 
2016-09-15T12:28:10.992-0400: 124.717: [GC (GCLocker Initiated GC) [PSYoungGen: 161672K->43041K(175104K)] 252913K->152610K(699392K), 0.0068832 secs] [Times: user=0.06 sys=0.00, real=0.01 secs] 
2016-09-15T12:28:11.087-0400: 124.812: [GC (GCLocker Initiated GC) [PSYoungGen: 131105K->73704K(175104K)] 246860K->213879K(699392K), 0.0089265 secs] [Times: user=0.10 sys=0.01, real=0.02 secs] 
2016-09-15T12:28:11.225-0400: 124.950: [GC (GCLocker Initiated GC) [PSYoungGen: 161768K->43073K(175104K)] 302102K->232282K(699392K), 0.0187027 secs] [Times: user=0.19 sys=0.00, real=0.02 secs] 
2016-09-15T12:28:11.369-0400: 125.094: [GC (GCLocker Initiated GC) [PSYoungGen: 131137K->73576K(175104K)] 320718K->287757K(699392K), 0.0100441 secs] [Times: user=0.12 sys=0.00, real=0.01 secs] 
2016-09-15T12:28:11.506-0400: 125.231: [GC (Allocation Failure) [PSYoungGen: 161640K->85986K(175104K)] 376176K->343215K(699392K), 0.0117866 secs] [Times: user=0.17 sys=0.00, real=0.02 secs] 
2016-09-15T12:28:11.634-0400: 125.359: [GC (Allocation Failure) [PSYoungGen: 174050K->79779K(175104K)] 431284K->374083K(699392K), 0.0110763 secs] [Times: user=0.15 sys=0.00, real=0.01 secs] 
2016-09-15T12:28:11.646-0400: 125.371: [GC (GCLocker Initiated GC) [PSYoungGen: 79789K->32K(175104K)] 374093K->385881K(699392K), 0.0106740 secs] [Times: user=0.15 sys=0.00, real=0.02 secs] 
2016-09-15T12:28:11.775-0400: 125.500: [GC (GCLocker Initiated GC) [PSYoungGen: 83693K->85826K(175104K)] 475618K->477750K(699392K), 0.0079354 secs] [Times: user=0.08 sys=0.00, real=0.01 secs] 
2016-09-15T12:28:11.888-0400: 125.613: [GC (GCLocker Initiated GC) [PSYoungGen: 173890K->49212K(175104K)] 565918K->496362K(699392K), 0.0177219 secs] [Times: user=0.23 sys=0.00, real=0.01 secs] 
2016-09-15T12:28:11.906-0400: 125.631: [Full GC (Ergonomics) [PSYoungGen: 49212K->0K(175104K)] [ParOldGen: 447150K->59749K(524288K)] 496362K->59749K(699392K), [Metaspace: 44388K->44388K(1087488K)], 0.0532083 secs] [Times: user=0.40 sys=0.00, real=0.06 secs] 
2016-09-15T12:28:12.059-0400: 125.784: [GC (GCLocker Initiated GC) [PSYoungGen: 88064K->86438K(175104K)] 148174K->170848K(699392K), 0.0111549 secs] [Times: user=0.15 sys=0.01, real=0.01 secs] 
2016-09-15T12:28:12.177-0400: 125.902: [GC (GCLocker Initiated GC) [PSYoungGen: 174502K->85822K(175104K)] 259094K->207600K(699392K), 0.0117580 secs] [Times: user=0.18 sys=0.00, real=0.01 secs] 
2016-09-15T12:28:12.300-0400: 126.025: [GC (GCLocker Initiated GC) [PSYoungGen: 173886K->55479K(175104K)] 301939K->238358K(699392K), 0.0108206 secs] [Times: user=0.15 sys=0.00, real=0.01 secs] 
2016-09-15T12:28:12.445-0400: 126.170: [GC (GCLocker Initiated GC) [PSYoungGen: 143543K->55451K(175104K)] 332741K->244752K(699392K), 0.0094464 secs] [Times: user=0.11 sys=0.00, real=0.01 secs] 
2016-09-15T12:28:12.582-0400: 126.307: [GC (GCLocker Initiated GC) [PSYoungGen: 143515K->79519K(175104K)] 332852K->269271K(699392K), 0.0150350 secs] [Times: user=0.17 sys=0.00, real=0.02 secs] 
2016-09-15T12:28:12.708-0400: 126.433: [GC (Allocation Failure) [PSYoungGen: 167583K->55579K(175104K)] 363726K->318683K(699392K), 0.0108739 secs] [Times: user=0.13 sys=0.00, real=0.01 secs] 
2016-09-15T12:28:12.832-0400: 126.557: [GC (GCLocker Initiated GC) [PSYoungGen: 143643K->80043K(175104K)] 406753K->343444K(699392K), 0.0220324 secs] [Times: user=0.30 sys=0.00, real=0.02 secs] 
2016-09-15T12:28:12.974-0400: 126.699: [GC (Allocation Failure) [PSYoungGen: 168107K->55191K(175104K)] 431742K->337170K(699392K), 0.0086746 secs] [Times: user=0.10 sys=0.00, real=0.01 secs] 
2016-09-15T12:28:12.984-0400: 126.709: [GC (GCLocker Initiated GC) [PSYoungGen: 56027K->192K(175104K)] 338007K->337157K(699392K), 0.0059999 secs] [Times: user=0.06 sys=0.00, real=0.01 secs] 
2016-09-15T12:28:13.095-0400: 126.820: [GC (GCLocker Initiated GC) [PSYoungGen: 84852K->86150K(175104K)] 427892K->435273K(699392K), 0.0079535 secs] [Times: user=0.08 sys=0.00, real=0.01 secs] 
2016-09-15T12:28:13.246-0400: 126.971: [GC (Allocation Failure) [PSYoungGen: 174214K->55547K(175104K)] 529605K->447671K(699392K), 0.0101224 secs] [Times: user=0.10 sys=0.01, real=0.02 secs] 
2016-09-15T12:28:13.355-0400: 127.080: [GC (GCLocker Initiated GC) [PSYoungGen: 140223K->55419K(175104K)] 538423K->453878K(699392K), 0.0176660 secs] [Times: user=0.15 sys=0.00, real=0.02 secs] 
2016-09-15T12:28:13.475-0400: 127.200: [GC (GCLocker Initiated GC) [PSYoungGen: 143483K->61298K(175104K)] 542308K->478460K(699392K), 0.0160629 secs] [Times: user=0.16 sys=0.00, real=0.02 secs] 
2016-09-15T12:28:13.619-0400: 127.344: [GC (GCLocker Initiated GC) [PSYoungGen: 149362K->49180K(175104K)] 573144K->497522K(699392K), 0.0136215 secs] [Times: user=0.13 sys=0.00, real=0.01 secs] 
2016-09-15T12:28:13.632-0400: 127.358: [Full GC (Ergonomics) [PSYoungGen: 49180K->0K(175104K)] [ParOldGen: 448341K->52280K(524288K)] 497522K->52280K(699392K), [Metaspace: 44396K->44396K(1087488K)], 0.0713386 secs] [Times: user=0.49 sys=0.01, real=0.07 secs] 
2016-09-15T12:28:13.814-0400: 127.539: [GC (GCLocker Initiated GC) [PSYoungGen: 88064K->85822K(175104K)] 140386K->168519K(699392K), 0.0110793 secs] [Times: user=0.11 sys=0.00, real=0.01 secs] 
2016-09-15T12:28:13.934-0400: 127.659: [GC (GCLocker Initiated GC) [PSYoungGen: 173886K->55351K(175104K)] 262974K->211572K(699392K), 0.0165837 secs] [Times: user=0.23 sys=0.01, real=0.02 secs] 
2016-09-15T12:28:14.115-0400: 127.840: [GC (GCLocker Initiated GC) [PSYoungGen: 143415K->55223K(175104K)] 299684K->229985K(699392K), 0.0218183 secs] [Times: user=0.23 sys=0.00, real=0.03 secs] 
2016-09-15T12:28:14.270-0400: 127.996: [GC (GCLocker Initiated GC) [PSYoungGen: 143287K->49052K(175104K)] 318113K->242363K(699392K), 0.0348349 secs] [Times: user=0.36 sys=0.01, real=0.03 secs] 
2016-09-15T12:28:14.412-0400: 128.137: [GC (GCLocker Initiated GC) [PSYoungGen: 137116K->67469K(175104K)] 330444K->303614K(699392K), 0.0170331 secs] [Times: user=0.17 sys=0.00, real=0.02 secs] 
2016-09-15T12:28:14.539-0400: 128.264: [GC (GCLocker Initiated GC) [PSYoungGen: 155533K->67729K(175104K)] 403853K->334565K(699392K), 0.0125913 secs] [Times: user=0.14 sys=0.00, real=0.01 secs] 
2016-09-15T12:28:14.662-0400: 128.387: [GC (GCLocker Initiated GC) [PSYoungGen: 155793K->67697K(175104K)] 422822K->365245K(699392K), 0.0222590 secs] [Times: user=0.24 sys=0.00, real=0.02 secs] 
2016-09-15T12:28:14.781-0400: 128.506: [GC (GCLocker Initiated GC) [PSYoungGen: 155761K->85694K(175104K)] 453452K->414059K(699392K), 0.0170138 secs] [Times: user=0.18 sys=0.00, real=0.02 secs] 
2016-09-15T12:28:14.892-0400: 128.617: [GC (GCLocker Initiated GC) [PSYoungGen: 173758K->36998K(175104K)] 502411K->426497K(699392K), 0.0164164 secs] [Times: user=0.18 sys=0.00, real=0.02 secs] 
2016-09-15T12:28:15.028-0400: 128.753: [GC (GCLocker Initiated GC) [PSYoungGen: 125062K->85858K(175104K)] 514793K->481932K(699392K), 0.0229070 secs] [Times: user=0.21 sys=0.00, real=0.02 secs] 
2016-09-15T12:28:15.167-0400: 128.892: [GC (GCLocker Initiated GC) [PSYoungGen: 173922K->37030K(175104K)] 570055K->476119K(699392K), 0.0169542 secs] [Times: user=0.17 sys=0.00, real=0.02 secs] 
2016-09-15T12:28:15.302-0400: 129.027: [Full GC (Ergonomics) [PSYoungGen: 125094K->0K(175104K)] [ParOldGen: 451499K->52317K(524288K)] 576593K->52317K(699392K), [Metaspace: 44397K->44397K(1087488K)], 0.0631981 secs] [Times: user=0.37 sys=0.00, real=0.06 secs] 
2016-09-15T12:28:15.484-0400: 129.210: [GC (GCLocker Initiated GC) [PSYoungGen: 88064K->55579K(175104K)] 152775K->120290K(699392K), 0.0065481 secs] [Times: user=0.08 sys=0.00, real=0.01 secs] 
2016-09-15T12:28:15.603-0400: 129.328: [GC (GCLocker Initiated GC) [PSYoungGen: 143643K->85758K(175104K)] 208642K->175528K(699392K), 0.0142118 secs] [Times: user=0.18 sys=0.00, real=0.02 secs] 
2016-09-15T12:28:15.720-0400: 129.445: [GC (Allocation Failure) [PSYoungGen: 173822K->61330K(175104K)] 263818K->169663K(699392K), 0.0163209 secs] [Times: user=0.16 sys=0.01, real=0.02 secs] 
2016-09-15T12:28:15.853-0400: 129.578: [GC (GCLocker Initiated GC) [PSYoungGen: 149394K->67505K(175104K)] 257733K->194320K(699392K), 0.0247366 secs] [Times: user=0.24 sys=0.00, real=0.03 secs] 
2016-09-15T12:28:16.018-0400: 129.743: [GC (GCLocker Initiated GC) [PSYoungGen: 155569K->85726K(175104K)] 282700K->249747K(699392K), 0.0263661 secs] [Times: user=0.29 sys=0.00, real=0.02 secs] 
2016-09-15T12:28:16.166-0400: 129.892: [GC (GCLocker Initiated GC) [PSYoungGen: 173790K->18936K(175104K)] 350187K->213654K(699392K), 0.0125696 secs] [Times: user=0.13 sys=0.00, real=0.02 secs] 
2016-09-15T12:28:16.282-0400: 130.008: [GC (GCLocker Initiated GC) [PSYoungGen: 107000K->73772K(175104K)] 302073K->269136K(699392K), 0.0070039 secs] [Times: user=0.08 sys=0.00, real=0.01 secs] 
2016-09-15T12:28:16.413-0400: 130.138: [GC (GCLocker Initiated GC) [PSYoungGen: 161836K->67437K(175104K)] 357242K->281180K(699392K), 0.0313239 secs] [Times: user=0.26 sys=0.00, real=0.03 secs] 
2016-09-15T12:28:16.531-0400: 130.256: [GC (GCLocker Initiated GC) [PSYoungGen: 155501K->67797K(175104K)] 369308K->318330K(699392K), 0.0111536 secs] [Times: user=0.10 sys=0.00, real=0.01 secs] 
2016-09-15T12:28:16.653-0400: 130.378: [GC (GCLocker Initiated GC) [PSYoungGen: 155861K->61358K(175104K)] 406453K->433790K(699392K), 0.0153155 secs] [Times: user=0.20 sys=0.00, real=0.02 secs] 
2016-09-15T12:28:16.806-0400: 130.532: [GC (GCLocker Initiated GC) [PSYoungGen: 149422K->67537K(175104K)] 534068K->470495K(699392K), 0.0093837 secs] [Times: user=0.10 sys=0.00, real=0.02 secs] 
2016-09-15T12:28:16.922-0400: 130.647: [GC (GCLocker Initiated GC) [PSYoungGen: 155601K->73676K(175104K)] 564771K->495264K(699392K), 0.0094017 secs] [Times: user=0.10 sys=0.00, real=0.01 secs] 
2016-09-15T12:28:17.049-0400: 130.774: [GC (GCLocker Initiated GC) [PSYoungGen: 161740K->67373K(175104K)] 583420K->525778K(699392K), 0.0256832 secs] [Times: user=0.28 sys=0.00, real=0.02 secs] 
2016-09-15T12:28:17.075-0400: 130.800: [Full GC (Ergonomics) [PSYoungGen: 67373K->0K(175104K)] [ParOldGen: 458405K->46093K(524288K)] 525778K->46093K(699392K), [Metaspace: 44397K->44397K(1087488K)], 0.0514582 secs] [Times: user=0.27 sys=0.01, real=0.05 secs] 
2016-09-15T12:28:17.243-0400: 130.968: [GC (GCLocker Initiated GC) [PSYoungGen: 88064K->86374K(175104K)] 140571K->163181K(699392K), 0.0137424 secs] [Times: user=0.15 sys=0.00, real=0.02 secs] 
2016-09-15T12:28:17.398-0400: 131.123: [GC (Allocation Failure) [PSYoungGen: 174438K->67273K(175104K)] 251287K->163058K(699392K), 0.0097929 secs] [Times: user=0.10 sys=0.00, real=0.00 secs] 
2016-09-15T12:28:17.503-0400: 131.228: [GC (GCLocker Initiated GC) [PSYoungGen: 155337K->79715K(175104K)] 251128K->230285K(699392K), 0.0105279 secs] [Times: user=0.10 sys=0.00, real=0.01 secs] 
2016-09-15T12:28:17.623-0400: 131.348: [GC (GCLocker Initiated GC) [PSYoungGen: 167779K->79619K(175104K)] 318682K->249030K(699392K), 0.0099464 secs] [Times: user=0.10 sys=0.00, real=0.01 secs] 
2016-09-15T12:28:17.762-0400: 131.487: [GC (GCLocker Initiated GC) [PSYoungGen: 167683K->37258K(175104K)] 343434K->231518K(699392K), 0.0098243 secs] [Times: user=0.12 sys=0.00, real=0.01 secs] 
2016-09-15T12:28:17.883-0400: 131.608: [GC (GCLocker Initiated GC) [PSYoungGen: 125322K->67373K(175104K)] 319724K->280251K(699392K), 0.0185431 secs] [Times: user=0.16 sys=0.00, real=0.02 secs] 
2016-09-15T12:28:18.004-0400: 131.730: [GC (GCLocker Initiated GC) [PSYoungGen: 155437K->43137K(175104K)] 374505K->286609K(699392K), 0.0158480 secs] [Times: user=0.19 sys=0.00, real=0.02 secs] 
2016-09-15T12:28:18.126-0400: 131.851: [GC (GCLocker Initiated GC) [PSYoungGen: 131201K->74000K(175104K)] 374899K->336230K(699392K), 0.0111801 secs] [Times: user=0.13 sys=0.00, real=0.02 secs] 
2016-09-15T12:28:18.284-0400: 132.009: [GC (GCLocker Initiated GC) [PSYoungGen: 162064K->55319K(175104K)] 430417K->342345K(699392K), 0.0108809 secs] [Times: user=0.11 sys=0.00, real=0.01 secs] 
2016-09-15T12:28:18.408-0400: 132.133: [GC (GCLocker Initiated GC) [PSYoungGen: 143383K->42941K(175104K)] 430596K->366911K(699392K), 0.0280969 secs] [Times: user=0.31 sys=0.00, real=0.03 secs] 
2016-09-15T12:28:18.532-0400: 132.257: [GC (GCLocker Initiated GC) [PSYoungGen: 131005K->79555K(175104K)] 455040K->421926K(699392K), 0.0242823 secs] [Times: user=0.24 sys=0.01, real=0.03 secs] 
2016-09-15T12:28:18.673-0400: 132.398: [GC (GCLocker Initiated GC) [PSYoungGen: 167619K->67697K(175104K)] 510239K->507825K(699392K), 0.0151631 secs] [Times: user=0.20 sys=0.00, real=0.02 secs] 
2016-09-15T12:28:18.688-0400: 132.413: [Full GC (Ergonomics) [PSYoungGen: 67697K->0K(175104K)] [ParOldGen: 440128K->52575K(524288K)] 507825K->52575K(699392K), [Metaspace: 44408K->44408K(1087488K)], 0.0537520 secs] [Times: user=0.31 sys=0.01, real=0.05 secs] 
2016-09-15T12:28:18.845-0400: 132.571: [GC (GCLocker Initiated GC) [PSYoungGen: 88064K->86118K(175104K)] 140899K->163253K(699392K), 0.0195287 secs] [Times: user=0.26 sys=0.00, real=0.02 secs] 
2016-09-15T12:28:18.953-0400: 132.678: [GC (GCLocker Initiated GC) [PSYoungGen: 174182K->85986K(175104K)] 251359K->242477K(699392K), 0.0137937 secs] [Times: user=0.19 sys=0.00, real=0.01 secs] 
2016-09-15T12:28:19.075-0400: 132.800: [GC (GCLocker Initiated GC) [PSYoungGen: 174050K->86214K(175104K)] 330595K->346521K(699392K), 0.0156068 secs] [Times: user=0.23 sys=0.00, real=0.02 secs] 
2016-09-15T12:28:19.199-0400: 132.924: [GC (Allocation Failure) [PSYoungGen: 174278K->61458K(175104K)] 434688K->377015K(699392K), 0.0129705 secs] [Times: user=0.19 sys=0.00, real=0.01 secs] 
2016-09-15T12:28:19.342-0400: 133.067: [GC (GCLocker Initiated GC) [PSYoungGen: 149522K->49276K(175104K)] 465079K->401582K(699392K), 0.0105461 secs] [Times: user=0.12 sys=0.00, real=0.01 secs] 
2016-09-15T12:28:19.454-0400: 133.179: [GC (GCLocker Initiated GC) [PSYoungGen: 137340K->85854K(175104K)] 489727K->481074K(699392K), 0.0131988 secs] [Times: user=0.21 sys=0.00, real=0.01 secs] 
2016-09-15T12:28:19.600-0400: 133.325: [GC (GCLocker Initiated GC) [PSYoungGen: 173918K->73576K(175104K)] 569325K->499650K(699392K), 0.0172014 secs] [Times: user=0.23 sys=0.00, real=0.02 secs] 
2016-09-15T12:28:19.720-0400: 133.445: [Full GC (Ergonomics) [PSYoungGen: 161640K->0K(175104K)] [ParOldGen: 432509K->58493K(524288K)] 594150K->58493K(699392K), [Metaspace: 44408K->44408K(1087488K)], 0.0596907 secs] [Times: user=0.38 sys=0.00, real=0.06 secs] 
2016-09-15T12:28:19.911-0400: 133.636: [GC (GCLocker Initiated GC) [PSYoungGen: 88064K->85982K(175104K)] 146599K->144517K(699392K), 0.0078577 secs] [Times: user=0.09 sys=0.00, real=0.01 secs] 
2016-09-15T12:28:20.044-0400: 133.769: [GC (GCLocker Initiated GC) [PSYoungGen: 174046K->67697K(175104K)] 232735K->193938K(699392K), 0.0133947 secs] [Times: user=0.16 sys=0.00, real=0.02 secs] 
2016-09-15T12:28:20.188-0400: 133.913: [GC (GCLocker Initiated GC) [PSYoungGen: 155761K->49244K(175104K)] 288382K->243086K(699392K), 0.0103738 secs] [Times: user=0.10 sys=0.00, real=0.01 secs] 
2016-09-15T12:28:20.289-0400: 134.015: [GC (Allocation Failure) [PSYoungGen: 137308K->79879K(175104K)] 331427K->310592K(699392K), 0.0130099 secs] [Times: user=0.12 sys=0.00, real=0.01 secs] 
2016-09-15T12:28:20.410-0400: 134.135: [GC (GCLocker Initiated GC) [PSYoungGen: 166110K->73804K(175104K)] 402898K->329092K(699392K), 0.0163147 secs] [Times: user=0.19 sys=0.01, real=0.01 secs] 
2016-09-15T12:28:20.524-0400: 134.249: [GC (GCLocker Initiated GC) [PSYoungGen: 161868K->67469K(175104K)] 417199K->323092K(699392K), 0.0084554 secs] [Times: user=0.08 sys=0.01, real=0.01 secs] 
2016-09-15T12:28:20.668-0400: 134.393: [GC (Allocation Failure) [PSYoungGen: 155533K->61394K(175104K)] 417513K->359928K(699392K), 0.0100453 secs] [Times: user=0.11 sys=0.00, real=0.01 secs] 
2016-09-15T12:28:20.773-0400: 134.498: [GC (GCLocker Initiated GC) [PSYoungGen: 149458K->86346K(175104K)] 447997K->391292K(699392K), 0.0101481 secs] [Times: user=0.14 sys=0.00, real=0.01 secs] 
2016-09-15T12:28:20.896-0400: 134.621: [GC (GCLocker Initiated GC) [PSYoungGen: 174410K->74196K(175104K)] 479537K->416121K(699392K), 0.0126250 secs] [Times: user=0.19 sys=0.00, real=0.01 secs] 
2016-09-15T12:28:21.025-0400: 134.750: [GC (GCLocker Initiated GC) [PSYoungGen: 162260K->85854K(175104K)] 504366K->452568K(699392K), 0.0208534 secs] [Times: user=0.28 sys=0.00, real=0.02 secs] 
2016-09-15T12:28:21.144-0400: 134.869: [GC (GCLocker Initiated GC) [PSYoungGen: 173918K->67665K(175104K)] 540982K->453082K(699392K), 0.0108038 secs] [Times: user=0.12 sys=0.00, real=0.01 secs] 
2016-09-15T12:28:21.272-0400: 134.997: [GC (GCLocker Initiated GC) [PSYoungGen: 155729K->67565K(175104K)] 541462K->508280K(699392K), 0.0115907 secs] [Times: user=0.14 sys=0.00, real=0.01 secs] 
2016-09-15T12:28:21.284-0400: 135.009: [Full GC (Ergonomics) [PSYoungGen: 67565K->0K(175104K)] [ParOldGen: 440715K->52859K(524288K)] 508280K->52859K(699392K), [Metaspace: 44408K->44408K(1087488K)], 0.0617080 secs] [Times: user=0.38 sys=0.02, real=0.06 secs] 
2016-09-15T12:28:21.449-0400: 135.174: [GC (GCLocker Initiated GC) [PSYoungGen: 88064K->67793K(175104K)] 147091K->126820K(699392K), 0.0233685 secs] [Times: user=0.15 sys=0.01, real=0.02 secs] 
2016-09-15T12:28:21.604-0400: 135.330: [GC (GCLocker Initiated GC) [PSYoungGen: 155857K->61462K(175104K)] 221123K->157619K(699392K), 0.0104393 secs] [Times: user=0.08 sys=0.00, real=0.01 secs] 
2016-09-15T12:28:21.726-0400: 135.451: [GC (GCLocker Initiated GC) [PSYoungGen: 149526K->73836K(175104K)] 246322K->189501K(699392K), 0.0092753 secs] [Times: user=0.13 sys=0.00, real=0.02 secs] 
2016-09-15T12:28:21.853-0400: 135.578: [GC (GCLocker Initiated GC) [PSYoungGen: 161900K->61426K(175104K)] 289857K->225953K(699392K), 0.0321528 secs] [Times: user=0.43 sys=0.01, real=0.03 secs] 
2016-09-15T12:28:22.033-0400: 135.758: [GC (Allocation Failure) [PSYoungGen: 149490K->37354K(175104K)] 332575K->250925K(699392K), 0.0066450 secs] [Times: user=0.07 sys=0.00, real=0.01 secs] 
2016-09-15T12:28:22.040-0400: 135.765: [GC (GCLocker Initiated GC) [PSYoungGen: 37768K->128K(175104K)] 251340K->251051K(699392K), 0.0055660 secs] [Times: user=0.08 sys=0.00, real=0.00 secs] 
2016-09-15T12:28:22.171-0400: 135.896: [GC (GCLocker Initiated GC) [PSYoungGen: 87595K->86150K(175104K)] 344594K->349239K(699392K), 0.0100071 secs] [Times: user=0.12 sys=0.00, real=0.01 secs] 
2016-09-15T12:28:22.286-0400: 136.011: [GC (Allocation Failure) [PSYoungGen: 174214K->61882K(175104K)] 449573K->410973K(699392K), 0.0118005 secs] [Times: user=0.18 sys=0.01, real=0.02 secs] 
2016-09-15T12:28:22.412-0400: 136.137: [GC (GCLocker Initiated GC) [PSYoungGen: 148217K->67761K(175104K)] 503384K->465604K(699392K), 0.0163316 secs] [Times: user=0.23 sys=0.00, real=0.02 secs] 
2016-09-15T12:28:22.546-0400: 136.271: [GC (GCLocker Initiated GC) [PSYoungGen: 155825K->55711K(175104K)] 559896K->478478K(699392K), 0.0112213 secs] [Times: user=0.13 sys=0.00, real=0.02 secs] 
2016-09-15T12:28:22.674-0400: 136.400: [GC (GCLocker Initiated GC) [PSYoungGen: 143775K->85886K(175104K)] 566663K->533210K(699392K), 0.0124468 secs] [Times: user=0.17 sys=0.00, real=0.01 secs] 
2016-09-15T12:28:22.814-0400: 136.539: [Full GC (Ergonomics) [PSYoungGen: 173950K->0K(175104K)] [ParOldGen: 459824K->52303K(524288K)] 633774K->52303K(699392K), [Metaspace: 44412K->44412K(1087488K)], 0.0615475 secs] [Times: user=0.31 sys=0.01, real=0.07 secs] 
2016-09-15T12:28:22.999-0400: 136.724: [GC (GCLocker Initiated GC) [PSYoungGen: 88064K->86018K(175104K)] 140426K->144455K(699392K), 0.0096210 secs] [Times: user=0.09 sys=0.00, real=0.01 secs] 
2016-09-15T12:28:23.099-0400: 136.824: [GC (GCLocker Initiated GC) [PSYoungGen: 174082K->85922K(175104K)] 232656K->187725K(699392K), 0.0152477 secs] [Times: user=0.15 sys=0.01, real=0.01 secs] 
2016-09-15T12:28:23.271-0400: 136.996: [GC (GCLocker Initiated GC) [PSYoungGen: 173986K->49144K(175104K)] 281894K->218102K(699392K), 0.0152525 secs] [Times: user=0.18 sys=0.00, real=0.01 secs] 
2016-09-15T12:28:23.409-0400: 137.134: [GC (GCLocker Initiated GC) [PSYoungGen: 137208K->85498K(175104K)] 306224K->272883K(699392K), 0.0107103 secs] [Times: user=0.14 sys=0.00, real=0.01 secs] 
2016-09-15T12:28:23.547-0400: 137.272: [GC (GCLocker Initiated GC) [PSYoungGen: 173562K->61526K(175104K)] 367265K->285708K(699392K), 0.0102132 secs] [Times: user=0.10 sys=0.00, real=0.02 secs] 
2016-09-15T12:28:23.662-0400: 137.387: [GC (GCLocker Initiated GC) [PSYoungGen: 149590K->61394K(175104K)] 379967K->322437K(699392K), 0.0227174 secs] [Times: user=0.24 sys=0.00, real=0.02 secs] 
2016-09-15T12:28:23.802-0400: 137.527: [GC (GCLocker Initiated GC) [PSYoungGen: 149458K->55159K(175104K)] 416608K->340629K(699392K), 0.0262278 secs] [Times: user=0.27 sys=0.00, real=0.03 secs] 
2016-09-15T12:28:23.949-0400: 137.674: [GC (GCLocker Initiated GC) [PSYoungGen: 143223K->55547K(175104K)] 434894K->377892K(699392K), 0.0093098 secs] [Times: user=0.09 sys=0.00, real=0.01 secs] 
2016-09-15T12:28:24.061-0400: 137.786: [GC (GCLocker Initiated GC) [PSYoungGen: 143611K->85758K(175104K)] 478333K->463141K(699392K), 0.0121852 secs] [Times: user=0.14 sys=0.00, real=0.01 secs] 
2016-09-15T12:28:24.169-0400: 137.894: [GC (GCLocker Initiated GC) [PSYoungGen: 173822K->55415K(175104K)] 551298K->469476K(699392K), 0.0102258 secs] [Times: user=0.14 sys=0.00, real=0.01 secs] 
2016-09-15T12:28:24.291-0400: 138.016: [GC (GCLocker Initiated GC) [PSYoungGen: 143479K->74164K(175104K)] 563948K->513158K(699392K), 0.0085647 secs] [Times: user=0.10 sys=0.00, real=0.01 secs] 
2016-09-15T12:28:24.426-0400: 138.152: [GC (Allocation Failure) [PSYoungGen: 162228K->55611K(175104K)] 619555K->550188K(699392K), 0.0102408 secs] [Times: user=0.11 sys=0.00, real=0.02 secs] 
2016-09-15T12:28:24.437-0400: 138.162: [Full GC (Ergonomics) [PSYoungGen: 55611K->0K(175104K)] [ParOldGen: 494576K->53221K(524288K)] 550188K->53221K(699392K), [Metaspace: 44414K->44414K(1087488K)], 0.0523181 secs] [Times: user=0.37 sys=0.01, real=0.05 secs] 
2016-09-15T12:28:24.601-0400: 138.327: [GC (GCLocker Initiated GC) [PSYoungGen: 84846K->85890K(175104K)] 150218K->157337K(699392K), 0.0215070 secs] [Times: user=0.32 sys=0.00, real=0.02 secs] 
2016-09-15T12:28:24.711-0400: 138.436: [GC (GCLocker Initiated GC) [PSYoungGen: 173954K->85594K(175104K)] 245460K->206000K(699392K), 0.0140201 secs] [Times: user=0.17 sys=0.01, real=0.01 secs] 
2016-09-15T12:28:24.832-0400: 138.557: [GC (GCLocker Initiated GC) [PSYoungGen: 173658K->74000K(175104K)] 294256K->261567K(699392K), 0.0345557 secs] [Times: user=0.49 sys=0.00, real=0.03 secs] 
2016-09-15T12:28:24.971-0400: 138.696: [GC (Allocation Failure) [PSYoungGen: 162064K->67733K(175104K)] 349790K->274131K(699392K), 0.0080924 secs] [Times: user=0.08 sys=0.00, real=0.01 secs] 
2016-09-15T12:28:25.103-0400: 138.828: [GC (GCLocker Initiated GC) [PSYoungGen: 149891K->55415K(175104K)] 362365K->298719K(699392K), 0.0092300 secs] [Times: user=0.09 sys=0.00, real=0.01 secs] 
2016-09-15T12:28:25.254-0400: 138.979: [GC (GCLocker Initiated GC) [PSYoungGen: 143479K->48952K(175104K)] 392906K->298458K(699392K), 0.0066900 secs] [Times: user=0.05 sys=0.00, real=0.01 secs] 
2016-09-15T12:28:25.369-0400: 139.094: [GC (GCLocker Initiated GC) [PSYoungGen: 137016K->67893K(175104K)] 386603K->396615K(699392K), 0.0213082 secs] [Times: user=0.23 sys=0.00, real=0.02 secs] 
2016-09-15T12:28:25.496-0400: 139.221: [GC (GCLocker Initiated GC) [PSYoungGen: 155957K->73544K(175104K)] 490969K->457448K(699392K), 0.0254735 secs] [Times: user=0.27 sys=0.00, real=0.02 secs] 
2016-09-15T12:28:25.683-0400: 139.408: [GC (Allocation Failure) [PSYoungGen: 161608K->55447K(175104K)] 551859K->464002K(699392K), 0.0093374 secs] [Times: user=0.09 sys=0.00, real=0.01 secs] 
2016-09-15T12:28:25.835-0400: 139.560: [GC (GCLocker Initiated GC) [PSYoungGen: 143336K->73380K(175104K)] 557967K->488138K(699392K), 0.0106845 secs] [Times: user=0.11 sys=0.01, real=0.01 secs] 
2016-09-15T12:28:25.939-0400: 139.664: [GC (GCLocker Initiated GC) [PSYoungGen: 161444K->86182K(175104K)] 576495K->525701K(699392K), 0.0121595 secs] [Times: user=0.17 sys=0.01, real=0.01 secs] 
2016-09-15T12:28:26.083-0400: 139.808: [Full GC (Ergonomics) [PSYoungGen: 174246K->0K(175104K)] [ParOldGen: 451788K->53194K(524288K)] 626034K->53194K(699392K), [Metaspace: 44414K->44414K(1087488K)], 0.0532590 secs] [Times: user=0.28 sys=0.00, real=0.06 secs] 
2016-09-15T12:28:26.240-0400: 139.965: [GC (Allocation Failure) [PSYoungGen: 88064K->86438K(175104K)] 141333K->164008K(699392K), 0.0119433 secs] [Times: user=0.14 sys=0.00, real=0.01 secs] 
2016-09-15T12:28:26.358-0400: 140.083: [GC (GCLocker Initiated GC) [PSYoungGen: 174502K->86018K(175104K)] 252077K->225087K(699392K), 0.0121614 secs] [Times: user=0.19 sys=0.00, real=0.01 secs] 
2016-09-15T12:28:26.503-0400: 140.228: [GC (GCLocker Initiated GC) [PSYoungGen: 174082K->43201K(175104K)] 313298K->255648K(699392K), 0.0188569 secs] [Times: user=0.30 sys=0.00, real=0.02 secs] 
2016-09-15T12:28:26.658-0400: 140.383: [GC (Allocation Failure) [PSYoungGen: 131265K->73476K(175104K)] 344057K->286543K(699392K), 0.0122681 secs] [Times: user=0.16 sys=0.00, real=0.01 secs] 
2016-09-15T12:28:26.802-0400: 140.527: [GC (GCLocker Initiated GC) [PSYoungGen: 161043K->79879K(175104K)] 380186K->317358K(699392K), 0.0164681 secs] [Times: user=0.19 sys=0.00, real=0.02 secs] 
2016-09-15T12:28:26.968-0400: 140.693: [GC (Allocation Failure) [PSYoungGen: 167943K->37158K(175104K)] 423985K->330146K(699392K), 0.0092126 secs] [Times: user=0.12 sys=0.00, real=0.01 secs] 
2016-09-15T12:28:27.095-0400: 140.820: [GC (GCLocker Initiated GC) [PSYoungGen: 120931K->55775K(175104K)] 419994K->373386K(699392K), 0.0083030 secs] [Times: user=0.12 sys=0.01, real=0.01 secs] 
2016-09-15T12:28:27.274-0400: 140.999: [GC (GCLocker Initiated GC) [PSYoungGen: 143839K->37226K(175104K)] 479969K->391652K(699392K), 0.0090809 secs] [Times: user=0.07 sys=0.00, real=0.01 secs] 
2016-09-15T12:28:27.407-0400: 141.132: [GC (GCLocker Initiated GC) [PSYoungGen: 125290K->85694K(175104K)] 479937K->440789K(699392K), 0.0139888 secs] [Times: user=0.15 sys=0.00, real=0.02 secs] 
2016-09-15T12:28:27.540-0400: 141.265: [GC (GCLocker Initiated GC) [PSYoungGen: 173758K->55515K(175104K)] 541352K->459695K(699392K), 0.0103982 secs] [Times: user=0.11 sys=0.00, real=0.01 secs] 
2016-09-15T12:28:27.697-0400: 141.422: [GC (GCLocker Initiated GC) [PSYoungGen: 143579K->61006K(175104K)] 553864K->489940K(699392K), 0.0242591 secs] [Times: user=0.27 sys=0.00, real=0.02 secs] 
2016-09-15T12:28:27.877-0400: 141.602: [GC (GCLocker Initiated GC) [PSYoungGen: 149070K->37162K(175104K)] 590178K->508724K(699392K), 0.0133197 secs] [Times: user=0.14 sys=0.00, real=0.01 secs] 
2016-09-15T12:28:27.890-0400: 141.615: [Full GC (Ergonomics) [PSYoungGen: 37162K->0K(175104K)] [ParOldGen: 471562K->46779K(524288K)] 508724K->46779K(699392K), [Metaspace: 44414K->44414K(1087488K)], 0.0539552 secs] [Times: user=0.29 sys=0.01, real=0.05 secs] 
2016-09-15T12:28:28.055-0400: 141.780: [GC (GCLocker Initiated GC) [PSYoungGen: 88064K->85594K(175104K)] 135031K->162936K(699392K), 0.0111860 secs] [Times: user=0.13 sys=0.00, real=0.01 secs] 
2016-09-15T12:28:28.186-0400: 141.911: [GC (GCLocker Initiated GC) [PSYoungGen: 173658K->85922K(175104K)] 257117K->236381K(699392K), 0.0131816 secs] [Times: user=0.17 sys=0.01, real=0.02 secs] 
2016-09-15T12:28:28.301-0400: 142.026: [GC (GCLocker Initiated GC) [PSYoungGen: 173986K->37517K(175104K)] 342986K->261665K(699392K), 0.0086976 secs] [Times: user=0.12 sys=0.00, real=0.01 secs] 
2016-09-15T12:28:28.441-0400: 142.166: [GC (GCLocker Initiated GC) [PSYoungGen: 125581K->79943K(175104K)] 356109K->310777K(699392K), 0.0195591 secs] [Times: user=0.26 sys=0.01, real=0.02 secs] 
2016-09-15T12:28:28.566-0400: 142.291: [GC (Allocation Failure) [PSYoungGen: 168007K->49244K(175104K)] 398995K->304652K(699392K), 0.0193007 secs] [Times: user=0.25 sys=0.00, real=0.02 secs] 
2016-09-15T12:28:28.696-0400: 142.421: [GC (Allocation Failure) [PSYoungGen: 137150K->55711K(175104K)] 392559K->329643K(699392K), 0.0223013 secs] [Times: user=0.27 sys=0.00, real=0.02 secs] 
2016-09-15T12:28:28.850-0400: 142.575: [GC (GCLocker Initiated GC) [PSYoungGen: 140486K->55383K(175104K)] 420493K->335854K(699392K), 0.0192328 secs] [Times: user=0.24 sys=0.00, real=0.02 secs] 
2016-09-15T12:28:29.008-0400: 142.733: [GC (Allocation Failure) [PSYoungGen: 143447K->85626K(175104K)] 436115K->396819K(699392K), 0.0097554 secs] [Times: user=0.10 sys=0.00, real=0.01 secs] 
2016-09-15T12:28:29.100-0400: 142.825: [GC (GCLocker Initiated GC) [PSYoungGen: 173690K->86018K(175104K)] 484888K->470300K(699392K), 0.0146742 secs] [Times: user=0.21 sys=0.00, real=0.01 secs] 
2016-09-15T12:28:29.237-0400: 142.962: [GC (GCLocker Initiated GC) [PSYoungGen: 174082K->79715K(175104K)] 558702K->501077K(699392K), 0.0127762 secs] [Times: user=0.19 sys=0.00, real=0.01 secs] 
2016-09-15T12:28:29.386-0400: 143.111: [GC (GCLocker Initiated GC) [PSYoungGen: 167779K->61198K(175104K)] 595371K->525359K(699392K), 0.0143554 secs] [Times: user=0.17 sys=0.00, real=0.02 secs] 
2016-09-15T12:28:29.400-0400: 143.126: [Full GC (Ergonomics) [PSYoungGen: 61198K->0K(175104K)] [ParOldGen: 464161K->46697K(524288K)] 525359K->46697K(699392K), [Metaspace: 44414K->44414K(1087488K)], 0.0524027 secs] [Times: user=0.31 sys=0.01, real=0.05 secs] 
2016-09-15T12:28:29.564-0400: 143.289: [GC (GCLocker Initiated GC) [PSYoungGen: 88064K->74420K(175104K)] 141114K->127470K(699392K), 0.0075315 secs] [Times: user=0.12 sys=0.00, real=0.01 secs] 
2016-09-15T12:28:29.693-0400: 143.418: [GC (GCLocker Initiated GC) [PSYoungGen: 162484K->55807K(175104K)] 221756K->152413K(699392K), 0.0105233 secs] [Times: user=0.13 sys=0.00, real=0.01 secs] 
2016-09-15T12:28:29.837-0400: 143.562: [GC (GCLocker Initiated GC) [PSYoungGen: 143871K->79911K(175104K)] 240664K->176995K(699392K), 0.0118984 secs] [Times: user=0.12 sys=0.01, real=0.01 secs] 
2016-09-15T12:28:29.987-0400: 143.712: [GC (GCLocker Initiated GC) [PSYoungGen: 167975K->18741K(175104K)] 283600K->152663K(699392K), 0.0054151 secs] [Times: user=0.03 sys=0.00, real=0.01 secs] 
2016-09-15T12:28:30.121-0400: 143.846: [GC (GCLocker Initiated GC) [PSYoungGen: 106805K->37094K(175104K)] 246944K->177517K(699392K), 0.0251183 secs] [Times: user=0.32 sys=0.00, real=0.02 secs] 
2016-09-15T12:28:30.261-0400: 143.986: [GC (Allocation Failure) [PSYoungGen: 125158K->55419K(175104K)] 271736K->202117K(699392K), 0.0059523 secs] [Times: user=0.06 sys=0.00, real=0.00 secs] 
2016-09-15T12:28:30.402-0400: 144.127: [GC (GCLocker Initiated GC) [PSYoungGen: 138278K->55187K(175104K)] 291051K->232747K(699392K), 0.0154437 secs] [Times: user=0.17 sys=0.00, real=0.02 secs] 
2016-09-15T12:28:30.549-0400: 144.274: [GC (GCLocker Initiated GC) [PSYoungGen: 143251K->73480K(175104K)] 327536K->276109K(699392K), 0.0098109 secs] [Times: user=0.12 sys=0.00, real=0.01 secs] 
2016-09-15T12:28:30.673-0400: 144.398: [GC (GCLocker Initiated GC) [PSYoungGen: 161544K->85986K(175104K)] 364333K->325532K(699392K), 0.0105452 secs] [Times: user=0.13 sys=0.00, real=0.01 secs] 
2016-09-15T12:28:30.809-0400: 144.534: [GC (GCLocker Initiated GC) [PSYoungGen: 174050K->43105K(175104K)] 425857K->337696K(699392K), 0.0141760 secs] [Times: user=0.12 sys=0.01, real=0.01 secs] 
2016-09-15T12:28:30.938-0400: 144.663: [GC (GCLocker Initiated GC) [PSYoungGen: 131169K->55351K(175104K)] 431850K->356315K(699392K), 0.0128776 secs] [Times: user=0.15 sys=0.01, real=0.01 secs] 
2016-09-15T12:28:31.085-0400: 144.810: [GC (GCLocker Initiated GC) [PSYoungGen: 143415K->85854K(175104K)] 444847K->430291K(699392K), 0.0122681 secs] [Times: user=0.13 sys=0.01, real=0.02 secs] 
2016-09-15T12:28:31.214-0400: 144.939: [GC (Allocation Failure) [PSYoungGen: 173918K->36930K(175104K)] 524472K->442434K(699392K), 0.0118707 secs] [Times: user=0.11 sys=0.00, real=0.01 secs] 
2016-09-15T12:28:31.335-0400: 145.060: [GC (GCLocker Initiated GC) [PSYoungGen: 124994K->85986K(175104K)] 530499K->540251K(699392K), 0.0127992 secs] [Times: user=0.18 sys=0.01, real=0.02 secs] 
2016-09-15T12:28:31.348-0400: 145.073: [Full GC (Ergonomics) [PSYoungGen: 85986K->0K(175104K)] [ParOldGen: 454265K->53347K(524288K)] 540251K->53347K(699392K), [Metaspace: 44431K->44431K(1087488K)], 0.0560061 secs] [Times: user=0.38 sys=0.01, real=0.05 secs] 
2016-09-15T12:28:31.522-0400: 145.247: [GC (GCLocker Initiated GC) [PSYoungGen: 88064K->61917K(175104K)] 153781K->127635K(699392K), 0.0067184 secs] [Times: user=0.09 sys=0.00, real=0.01 secs] 
2016-09-15T12:28:31.661-0400: 145.386: [GC (GCLocker Initiated GC) [PSYoungGen: 149981K->73936K(175104K)] 221950K->164429K(699392K), 0.0091481 secs] [Times: user=0.10 sys=0.00, real=0.01 secs] 
2016-09-15T12:28:31.795-0400: 145.520: [GC (GCLocker Initiated GC) [PSYoungGen: 162000K->85822K(175104K)] 258677K->201187K(699392K), 0.0109961 secs] [Times: user=0.15 sys=0.00, real=0.01 secs] 
2016-09-15T12:28:31.908-0400: 145.633: [GC (Allocation Failure) [PSYoungGen: 173886K->73968K(175104K)] 295625K->244467K(699392K), 0.0111014 secs] [Times: user=0.17 sys=0.00, real=0.01 secs] 
2016-09-15T12:28:32.044-0400: 145.769: [GC (GCLocker Initiated GC) [PSYoungGen: 157324K->55315K(175104K)] 333898K->250585K(699392K), 0.0109604 secs] [Times: user=0.13 sys=0.00, real=0.01 secs] 
2016-09-15T12:28:32.169-0400: 145.894: [GC (GCLocker Initiated GC) [PSYoungGen: 143379K->79943K(175104K)] 338725K->275417K(699392K), 0.0080696 secs] [Times: user=0.09 sys=0.00, real=0.01 secs] 
2016-09-15T12:28:32.295-0400: 146.021: [GC (GCLocker Initiated GC) [PSYoungGen: 168007K->67369K(175104K)] 369760K->336419K(699392K), 0.0183514 secs] [Times: user=0.23 sys=0.00, real=0.02 secs] 
2016-09-15T12:28:32.437-0400: 146.162: [GC (Allocation Failure) [PSYoungGen: 155433K->73804K(175104K)] 424698K->379663K(699392K), 0.0099724 secs] [Times: user=0.13 sys=0.00, real=0.00 secs] 
2016-09-15T12:28:32.563-0400: 146.288: [GC (GCLocker Initiated GC) [PSYoungGen: 161868K->55219K(175104K)] 467727K->410165K(699392K), 0.0109036 secs] [Times: user=0.18 sys=0.00, real=0.01 secs] 
2016-09-15T12:28:32.678-0400: 146.403: [GC (GCLocker Initiated GC) [PSYoungGen: 143283K->85954K(175104K)] 498545K->447411K(699392K), 0.0120924 secs] [Times: user=0.17 sys=0.00, real=0.01 secs] 
2016-09-15T12:28:32.832-0400: 146.557: [GC (GCLocker Initiated GC) [PSYoungGen: 174018K->55351K(175104K)] 542323K->442345K(699392K), 0.0147953 secs] [Times: user=0.18 sys=0.00, real=0.01 secs] 
2016-09-15T12:28:32.950-0400: 146.675: [GC (GCLocker Initiated GC) [PSYoungGen: 143415K->85626K(175104K)] 530433K->479019K(699392K), 0.0100838 secs] [Times: user=0.14 sys=0.01, real=0.01 secs] 
2016-09-15T12:28:33.089-0400: 146.814: [GC (GCLocker Initiated GC) [PSYoungGen: 173690K->37485K(175104K)] 585551K->504150K(699392K), 0.0112875 secs] [Times: user=0.15 sys=0.00, real=0.01 secs] 
2016-09-15T12:28:33.100-0400: 146.825: [Full GC (Ergonomics) [PSYoungGen: 37485K->0K(175104K)] [ParOldGen: 466664K->53005K(524288K)] 504150K->53005K(699392K), [Metaspace: 44431K->44431K(1087488K)], 0.0580911 secs] [Times: user=0.42 sys=0.01, real=0.06 secs] 
2016-09-15T12:28:33.284-0400: 147.009: [GC (GCLocker Initiated GC) [PSYoungGen: 88064K->85822K(175104K)] 153300K->169284K(699392K), 0.0096145 secs] [Times: user=0.14 sys=0.00, real=0.01 secs] 
2016-09-15T12:28:33.415-0400: 147.140: [GC (GCLocker Initiated GC) [PSYoungGen: 173886K->80107K(175104K)] 269634K->242996K(699392K), 0.0145426 secs] [Times: user=0.19 sys=0.01, real=0.02 secs] 
2016-09-15T12:28:33.567-0400: 147.292: [GC (Allocation Failure) [PSYoungGen: 168171K->37094K(175104K)] 337221K->249132K(699392K), 0.0125348 secs] [Times: user=0.14 sys=0.00, real=0.02 secs] 
2016-09-15T12:28:33.579-0400: 147.305: [GC (GCLocker Initiated GC) [PSYoungGen: 37094K->32K(175104K)] 249132K->248847K(699392K), 0.0049895 secs] [Times: user=0.05 sys=0.01, real=0.00 secs] 
2016-09-15T12:28:33.696-0400: 147.421: [GC (Allocation Failure) [PSYoungGen: 86274K->67761K(175104K)] 335090K->316577K(699392K), 0.0229744 secs] [Times: user=0.25 sys=0.00, real=0.02 secs] 
2016-09-15T12:28:33.844-0400: 147.569: [GC (GCLocker Initiated GC) [PSYoungGen: 152784K->55447K(175104K)] 407675K->347523K(699392K), 0.0096880 secs] [Times: user=0.12 sys=0.00, real=0.01 secs] 
2016-09-15T12:28:33.969-0400: 147.695: [GC (GCLocker Initiated GC) [PSYoungGen: 143511K->85790K(175104K)] 435646K->408435K(699392K), 0.0109361 secs] [Times: user=0.15 sys=0.00, real=0.01 secs] 
2016-09-15T12:28:34.085-0400: 147.810: [GC (GCLocker Initiated GC) [PSYoungGen: 173854K->85822K(175104K)] 496530K->499962K(699392K), 0.0130733 secs] [Times: user=0.17 sys=0.00, real=0.02 secs] 
2016-09-15T12:28:34.234-0400: 147.959: [GC (GCLocker Initiated GC) [PSYoungGen: 173886K->43265K(175104K)] 600448K->524777K(699392K), 0.0210326 secs] [Times: user=0.26 sys=0.01, real=0.02 secs] 
2016-09-15T12:28:34.255-0400: 147.980: [Full GC (Ergonomics) [PSYoungGen: 43265K->0K(175104K)] [ParOldGen: 481512K->53303K(524288K)] 524777K->53303K(699392K), [Metaspace: 44431K->44431K(1087488K)], 0.0509077 secs] [Times: user=0.27 sys=0.01, real=0.05 secs] 
2016-09-15T12:28:34.425-0400: 148.150: [GC (Allocation Failure) [PSYoungGen: 88064K->85954K(175104K)] 153576K->175766K(699392K), 0.0119773 secs] [Times: user=0.16 sys=0.01, real=0.02 secs] 
2016-09-15T12:28:34.437-0400: 148.162: [GC (GCLocker Initiated GC) [PSYoungGen: 86334K->96K(175104K)] 176147K->181583K(699392K), 0.0090486 secs] [Times: user=0.11 sys=0.00, real=0.00 secs] 
2016-09-15T12:28:34.553-0400: 148.278: [GC (GCLocker Initiated GC) [PSYoungGen: 85801K->86242K(175104K)] 273364K->285971K(699392K), 0.0124622 secs] [Times: user=0.18 sys=0.00, real=0.01 secs] 
2016-09-15T12:28:34.695-0400: 148.420: [GC (GCLocker Initiated GC) [PSYoungGen: 174306K->43329K(175104K)] 380280K->323258K(699392K), 0.0111448 secs] [Times: user=0.16 sys=0.00, real=0.01 secs] 
2016-09-15T12:28:34.838-0400: 148.563: [GC (GCLocker Initiated GC) [PSYoungGen: 131393K->73772K(175104K)] 411397K->372137K(699392K), 0.0107270 secs] [Times: user=0.16 sys=0.00, real=0.01 secs] 
2016-09-15T12:28:34.959-0400: 148.684: [GC (GCLocker Initiated GC) [PSYoungGen: 161836K->55383K(175104K)] 466401K->378464K(699392K), 0.0100157 secs] [Times: user=0.13 sys=0.01, real=0.01 secs] 
2016-09-15T12:28:35.070-0400: 148.795: [GC (GCLocker Initiated GC) [PSYoungGen: 143447K->85790K(175104K)] 466693K->439555K(699392K), 0.0115026 secs] [Times: user=0.16 sys=0.00, real=0.01 secs] 
2016-09-15T12:28:35.209-0400: 148.934: [GC (Allocation Failure) [PSYoungGen: 173854K->55387K(175104K)] 534049K->476640K(699392K), 0.0122820 secs] [Times: user=0.14 sys=0.00, real=0.01 secs] 
2016-09-15T12:28:35.222-0400: 148.947: [GC (GCLocker Initiated GC) [PSYoungGen: 55756K->96K(175104K)] 477009K->476664K(699392K), 0.0066718 secs] [Times: user=0.04 sys=0.00, real=0.01 secs] 
2016-09-15T12:28:35.229-0400: 148.954: [Full GC (Ergonomics) [PSYoungGen: 96K->0K(175104K)] [ParOldGen: 476568K->47033K(524288K)] 476664K->47033K(699392K), [Metaspace: 44431K->44431K(1087488K)], 0.0515385 secs] [Times: user=0.25 sys=0.02, real=0.05 secs] 
2016-09-15T12:28:35.387-0400: 149.113: [GC (GCLocker Initiated GC) [PSYoungGen: 82417K->86766K(175104K)] 135526K->164174K(699392K), 0.0106128 secs] [Times: user=0.16 sys=0.00, real=0.02 secs] 
2016-09-15T12:28:35.521-0400: 149.246: [GC (GCLocker Initiated GC) [PSYoungGen: 174830K->73544K(175104K)] 252420K->206700K(699392K), 0.0144064 secs] [Times: user=0.19 sys=0.00, real=0.02 secs] 
2016-09-15T12:28:35.653-0400: 149.378: [GC (GCLocker Initiated GC) [PSYoungGen: 161608K->85854K(175104K)] 294829K->279944K(699392K), 0.0125759 secs] [Times: user=0.21 sys=0.00, real=0.01 secs] 
2016-09-15T12:28:35.768-0400: 149.493: [GC (GCLocker Initiated GC) [PSYoungGen: 173918K->85986K(175104K)] 368033K->341003K(699392K), 0.0119442 secs] [Times: user=0.14 sys=0.00, real=0.02 secs] 
2016-09-15T12:28:35.891-0400: 149.616: [GC (GCLocker Initiated GC) [PSYoungGen: 174050K->49340K(175104K)] 435396K->377811K(699392K), 0.0112479 secs] [Times: user=0.12 sys=0.00, real=0.01 secs] 
2016-09-15T12:28:36.040-0400: 149.765: [GC (GCLocker Initiated GC) [PSYoungGen: 137404K->55515K(175104K)] 472048K->390474K(699392K), 0.0067692 secs] [Times: user=0.09 sys=0.00, real=0.00 secs] 
2016-09-15T12:28:36.151-0400: 149.877: [GC (GCLocker Initiated GC) [PSYoungGen: 143579K->61134K(175104K)] 478587K->396573K(699392K), 0.0122112 secs] [Times: user=0.12 sys=0.00, real=0.01 secs] 
2016-09-15T12:28:36.268-0400: 149.994: [GC (GCLocker Initiated GC) [PSYoungGen: 149198K->85954K(175104K)] 484847K->488572K(699392K), 0.0133401 secs] [Times: user=0.22 sys=0.00, real=0.01 secs] 
2016-09-15T12:28:36.419-0400: 150.144: [GC (GCLocker Initiated GC) [PSYoungGen: 174018K->49180K(175104K)] 576868K->494994K(699392K), 0.0182573 secs] [Times: user=0.19 sys=0.00, real=0.02 secs] 
2016-09-15T12:28:36.437-0400: 150.162: [Full GC (Ergonomics) [PSYoungGen: 49180K->0K(175104K)] [ParOldGen: 445814K->47084K(524288K)] 494994K->47084K(699392K), [Metaspace: 44431K->44431K(1087488K)], 0.0565936 secs] [Times: user=0.41 sys=0.00, real=0.05 secs] 
2016-09-15T12:28:36.624-0400: 150.350: [GC (GCLocker Initiated GC) [PSYoungGen: 88064K->86406K(175104K)] 147574K->170217K(699392K), 0.0104785 secs] [Times: user=0.15 sys=0.00, real=0.01 secs] 
2016-09-15T12:28:36.770-0400: 150.495: [GC (GCLocker Initiated GC) [PSYoungGen: 174470K->43297K(175104K)] 264498K->188891K(699392K), 0.0089044 secs] [Times: user=0.12 sys=0.00, real=0.01 secs] 
2016-09-15T12:28:36.875-0400: 150.600: [GC (GCLocker Initiated GC) [PSYoungGen: 131361K->85986K(175104K)] 277316K->238160K(699392K), 0.0097164 secs] [Times: user=0.12 sys=0.01, real=0.01 secs] 
2016-09-15T12:28:37.025-0400: 150.750: [GC (Allocation Failure) [PSYoungGen: 174050K->25075K(175104K)] 332452K->220351K(699392K), 0.0086363 secs] [Times: user=0.07 sys=0.00, real=0.01 secs] 
2016-09-15T12:28:37.133-0400: 150.858: [GC (Allocation Failure) [PSYoungGen: 107615K->73608K(175104K)] 302890K->269003K(699392K), 0.0095957 secs] [Times: user=0.13 sys=0.00, real=0.01 secs] 
2016-09-15T12:28:37.261-0400: 150.986: [GC (Allocation Failure) [PSYoungGen: 160081K->73640K(175104K)] 355476K->305792K(699392K), 0.0119306 secs] [Times: user=0.18 sys=0.00, real=0.01 secs] 
2016-09-15T12:28:37.384-0400: 151.109: [GC (Allocation Failure) [PSYoungGen: 161704K->73672K(175104K)] 393856K->318118K(699392K), 0.0100972 secs] [Times: user=0.14 sys=0.00, real=0.01 secs] 
2016-09-15T12:28:37.511-0400: 151.236: [GC (GCLocker Initiated GC) [PSYoungGen: 161285K->73804K(175104K)] 411807K->361106K(699392K), 0.0131276 secs] [Times: user=0.17 sys=0.01, real=0.01 secs] 
2016-09-15T12:28:37.655-0400: 151.380: [GC (GCLocker Initiated GC) [PSYoungGen: 161868K->85594K(175104K)] 455354K->409887K(699392K), 0.0109005 secs] [Times: user=0.14 sys=0.00, real=0.01 secs] 
2016-09-15T12:28:37.807-0400: 151.532: [GC (GCLocker Initiated GC) [PSYoungGen: 173658K->55611K(175104K)] 504106K->428736K(699392K), 0.0123990 secs] [Times: user=0.14 sys=0.00, real=0.02 secs] 
2016-09-15T12:28:37.953-0400: 151.678: [GC (Allocation Failure) [PSYoungGen: 143675K->85530K(175104K)] 516903K->459058K(699392K), 0.0173083 secs] [Times: user=0.21 sys=0.00, real=0.02 secs] 
2016-09-15T12:28:38.092-0400: 151.817: [GC (GCLocker Initiated GC) [PSYoungGen: 173594K->73412K(175104K)] 547127K->477448K(699392K), 0.0137984 secs] [Times: user=0.15 sys=0.01, real=0.01 secs] 
2016-09-15T12:28:38.192-0400: 151.918: [GC (GCLocker Initiated GC) [PSYoungGen: 161476K->85790K(175104K)] 565666K->508316K(699392K), 0.0097967 secs] [Times: user=0.10 sys=0.00, real=0.01 secs] 
2016-09-15T12:28:38.311-0400: 152.036: [GC (GCLocker Initiated GC) [PSYoungGen: 173854K->55319K(175104K)] 602704K->520950K(699392K), 0.0102828 secs] [Times: user=0.14 sys=0.00, real=0.01 secs] 
2016-09-15T12:28:38.321-0400: 152.046: [Full GC (Ergonomics) [PSYoungGen: 55319K->0K(175104K)] [ParOldGen: 465631K->47335K(524288K)] 520950K->47335K(699392K), [Metaspace: 44446K->44446K(1087488K)], 0.0547624 secs] [Times: user=0.38 sys=0.01, real=0.06 secs] 
2016-09-15T12:28:38.484-0400: 152.209: [GC (GCLocker Initiated GC) [PSYoungGen: 88064K->85954K(175104K)] 135687K->157878K(699392K), 0.0103235 secs] [Times: user=0.13 sys=0.00, real=0.01 secs] 
2016-09-15T12:28:38.644-0400: 152.369: [GC (GCLocker Initiated GC) [PSYoungGen: 174018K->55547K(175104K)] 246134K->182810K(699392K), 0.0102356 secs] [Times: user=0.12 sys=0.00, real=0.01 secs] 
2016-09-15T12:28:38.760-0400: 152.486: [GC (GCLocker Initiated GC) [PSYoungGen: 143611K->55519K(175104K)] 276971K->189146K(699392K), 0.0136788 secs] [Times: user=0.15 sys=0.00, real=0.01 secs] 
2016-09-15T12:28:38.865-0400: 152.590: [GC (GCLocker Initiated GC) [PSYoungGen: 143583K->85658K(175104K)] 277252K->256413K(699392K), 0.0108449 secs] [Times: user=0.15 sys=0.00, real=0.02 secs] 
2016-09-15T12:28:38.977-0400: 152.702: [GC (GCLocker Initiated GC) [PSYoungGen: 173722K->79947K(175104K)] 350718K->293512K(699392K), 0.0112405 secs] [Times: user=0.10 sys=0.00, real=0.01 secs] 
2016-09-15T12:28:39.087-0400: 152.812: [GC (GCLocker Initiated GC) [PSYoungGen: 168011K->73576K(175104K)] 387808K->330310K(699392K), 0.0117526 secs] [Times: user=0.16 sys=0.00, real=0.02 secs] 
2016-09-15T12:28:39.208-0400: 152.933: [GC (GCLocker Initiated GC) [PSYoungGen: 161640K->73704K(175104K)] 419049K->349661K(699392K), 0.0084628 secs] [Times: user=0.12 sys=0.00, real=0.01 secs] 
2016-09-15T12:28:39.329-0400: 153.054: [GC (GCLocker Initiated GC) [PSYoungGen: 161768K->85758K(175104K)] 438086K->386504K(699392K), 0.0204415 secs] [Times: user=0.27 sys=0.00, real=0.02 secs] 
2016-09-15T12:28:39.475-0400: 153.200: [GC (GCLocker Initiated GC) [PSYoungGen: 173822K->73640K(175104K)] 480971K->417555K(699392K), 0.0144015 secs] [Times: user=0.18 sys=0.00, real=0.02 secs] 
2016-09-15T12:28:39.622-0400: 153.347: [GC (GCLocker Initiated GC) [PSYoungGen: 161704K->73576K(175104K)] 505839K->418027K(699392K), 0.0122676 secs] [Times: user=0.15 sys=0.00, real=0.01 secs] 
2016-09-15T12:28:39.765-0400: 153.491: [GC (Allocation Failure) [PSYoungGen: 161640K->79519K(175104K)] 506244K->442648K(699392K), 0.0102074 secs] [Times: user=0.14 sys=0.00, real=0.02 secs] 
2016-09-15T12:28:39.882-0400: 153.607: [GC (GCLocker Initiated GC) [PSYoungGen: 167583K->85954K(175104K)] 530718K->491765K(699392K), 0.0119267 secs] [Times: user=0.17 sys=0.00, real=0.01 secs] 
2016-09-15T12:28:40.020-0400: 153.745: [GC (GCLocker Initiated GC) [PSYoungGen: 174018K->85822K(175104K)] 580196K->534840K(699392K), 0.0139186 secs] [Times: user=0.20 sys=0.00, real=0.01 secs] 
2016-09-15T12:28:40.187-0400: 153.912: [GC (GCLocker Initiated GC) [PSYoungGen: 173886K->86182K(175104K)] 622930K->559669K(699392K), 0.0110866 secs] [Times: user=0.15 sys=0.01, real=0.02 secs] 
2016-09-15T12:28:40.198-0400: 153.924: [Full GC (Ergonomics) [PSYoungGen: 86182K->0K(175104K)] [ParOldGen: 473487K->53661K(524288K)] 559669K->53661K(699392K), [Metaspace: 44446K->44446K(1087488K)], 0.0510460 secs] [Times: user=0.31 sys=0.00, real=0.05 secs] 
2016-09-15T12:28:40.341-0400: 154.066: [GC (GCLocker Initiated GC) [PSYoungGen: 88064K->86274K(175104K)] 141943K->164453K(699392K), 0.0120633 secs] [Times: user=0.17 sys=0.01, real=0.01 secs] 
2016-09-15T12:28:40.452-0400: 154.177: [GC (Allocation Failure) [PSYoungGen: 174338K->73672K(175104K)] 252570K->195008K(699392K), 0.0106870 secs] [Times: user=0.15 sys=0.01, real=0.01 secs] 
2016-09-15T12:28:40.579-0400: 154.304: [GC (GCLocker Initiated GC) [PSYoungGen: 161736K->74196K(175104K)] 283078K->213930K(699392K), 0.0088645 secs] [Times: user=0.13 sys=0.00, real=0.01 secs] 
2016-09-15T12:28:40.693-0400: 154.418: [GC (GCLocker Initiated GC) [PSYoungGen: 162260K->73576K(175104K)] 302086K->250112K(699392K), 0.0127100 secs] [Times: user=0.15 sys=0.00, real=0.01 secs] 
2016-09-15T12:28:40.831-0400: 154.556: [GC (GCLocker Initiated GC) [PSYoungGen: 161640K->85954K(175104K)] 338380K->299280K(699392K), 0.0117742 secs] [Times: user=0.16 sys=0.00, real=0.01 secs] 
2016-09-15T12:28:40.948-0400: 154.673: [GC (Allocation Failure) [PSYoungGen: 174018K->61330K(175104K)] 387508K->311553K(699392K), 0.0113068 secs] [Times: user=0.11 sys=0.01, real=0.01 secs] 
2016-09-15T12:28:41.066-0400: 154.792: [GC (GCLocker Initiated GC) [PSYoungGen: 145581K->73836K(175104K)] 401879K->330270K(699392K), 0.0126220 secs] [Times: user=0.17 sys=0.00, real=0.02 secs] 
2016-09-15T12:28:41.221-0400: 154.946: [GC (Allocation Failure) [PSYoungGen: 161900K->73576K(175104K)] 418572K->348756K(699392K), 0.0081099 secs] [Times: user=0.09 sys=0.00, real=0.01 secs] 
2016-09-15T12:28:41.334-0400: 155.059: [GC (GCLocker Initiated GC) [PSYoungGen: 161640K->73608K(175104K)] 436820K->367172K(699392K), 0.0084346 secs] [Times: user=0.11 sys=0.00, real=0.01 secs] 
2016-09-15T12:28:41.454-0400: 155.180: [GC (GCLocker Initiated GC) [PSYoungGen: 161672K->79847K(175104K)] 455468K->398079K(699392K), 0.0172799 secs] [Times: user=0.21 sys=0.00, real=0.02 secs] 
2016-09-15T12:28:41.687-0400: 155.412: [GC (GCLocker Initiated GC) [PSYoungGen: 167911K->86118K(175104K)] 486465K->429271K(699392K), 0.0195527 secs] [Times: user=0.20 sys=0.00, real=0.02 secs] 
2016-09-15T12:28:41.820-0400: 155.546: [GC (GCLocker Initiated GC) [PSYoungGen: 174182K->55223K(175104K)] 523569K->422907K(699392K), 0.0089927 secs] [Times: user=0.06 sys=0.00, real=0.01 secs] 
2016-09-15T12:28:41.941-0400: 155.666: [GC (GCLocker Initiated GC) [PSYoungGen: 143287K->55547K(175104K)] 517133K->478121K(699392K), 0.0102113 secs] [Times: user=0.12 sys=0.00, real=0.01 secs] 
2016-09-15T12:28:42.072-0400: 155.797: [GC (GCLocker Initiated GC) [PSYoungGen: 143611K->55711K(175104K)] 578690K->527352K(699392K), 0.0092233 secs] [Times: user=0.10 sys=0.01, real=0.01 secs] 
2016-09-15T12:28:42.081-0400: 155.807: [Full GC (Ergonomics) [PSYoungGen: 55711K->0K(175104K)] [ParOldGen: 471641K->53839K(524288K)] 527352K->53839K(699392K), [Metaspace: 44446K->44446K(1087488K)], 0.0549463 secs] [Times: user=0.33 sys=0.01, real=0.06 secs] 
2016-09-15T12:28:42.248-0400: 155.973: [GC (GCLocker Initiated GC) [PSYoungGen: 88064K->85790K(175104K)] 142085K->164111K(699392K), 0.0104152 secs] [Times: user=0.14 sys=0.01, real=0.01 secs] 
2016-09-15T12:28:42.363-0400: 156.088: [GC (GCLocker Initiated GC) [PSYoungGen: 173854K->79747K(175104K)] 252227K->237443K(699392K), 0.0151122 secs] [Times: user=0.20 sys=0.00, real=0.02 secs] 
2016-09-15T12:28:42.485-0400: 156.210: [GC (Allocation Failure) [PSYoungGen: 167811K->79715K(175104K)] 325711K->311003K(699392K), 0.0141067 secs] [Times: user=0.21 sys=0.00, real=0.02 secs] 
2016-09-15T12:28:42.621-0400: 156.346: [GC (GCLocker Initiated GC) [PSYoungGen: 162178K->73640K(175104K)] 399541K->347924K(699392K), 0.0112710 secs] [Times: user=0.17 sys=0.00, real=0.01 secs] 
2016-09-15T12:28:42.756-0400: 156.481: [GC (Allocation Failure) [PSYoungGen: 161704K->73968K(175104K)] 436248K->366881K(699392K), 0.0118304 secs] [Times: user=0.18 sys=0.00, real=0.01 secs] 
2016-09-15T12:28:42.882-0400: 156.607: [GC (GCLocker Initiated GC) [PSYoungGen: 162032K->74032K(175104K)] 454946K->403547K(699392K), 0.0117579 secs] [Times: user=0.17 sys=0.01, real=0.01 secs] 
2016-09-15T12:28:43.034-0400: 156.759: [GC (GCLocker Initiated GC) [PSYoungGen: 162096K->85630K(175104K)] 497801K->427702K(699392K), 0.0210359 secs] [Times: user=0.26 sys=0.00, real=0.02 secs] 
2016-09-15T12:28:43.149-0400: 156.874: [GC (GCLocker Initiated GC) [PSYoungGen: 173694K->73608K(175104K)] 515981K->458532K(699392K), 0.0175434 secs] [Times: user=0.21 sys=0.00, real=0.01 secs] 
2016-09-15T12:28:43.283-0400: 157.008: [GC (GCLocker Initiated GC) [PSYoungGen: 161672K->85854K(175104K)] 546654K->544076K(699392K), 0.0130336 secs] [Times: user=0.19 sys=0.00, real=0.02 secs] 
2016-09-15T12:28:43.296-0400: 157.021: [Full GC (Ergonomics) [PSYoungGen: 85854K->0K(175104K)] [ParOldGen: 458222K->53852K(524288K)] 544076K->53852K(699392K), [Metaspace: 44449K->44449K(1087488K)], 0.0515617 secs] [Times: user=0.30 sys=0.01, real=0.04 secs] 
2016-09-15T12:28:43.457-0400: 157.182: [GC (GCLocker Initiated GC) [PSYoungGen: 88064K->85950K(175104K)] 148251K->146137K(699392K), 0.0159051 secs] [Times: user=0.18 sys=0.00, real=0.01 secs] 
2016-09-15T12:28:43.602-0400: 157.327: [GC (GCLocker Initiated GC) [PSYoungGen: 174014K->61850K(175104K)] 240368K->189525K(699392K), 0.0102579 secs] [Times: user=0.14 sys=0.00, real=0.01 secs] 
2016-09-15T12:28:43.738-0400: 157.463: [GC (GCLocker Initiated GC) [PSYoungGen: 149914K->55415K(175104K)] 283924K->226191K(699392K), 0.0108218 secs] [Times: user=0.15 sys=0.00, real=0.01 secs] 
2016-09-15T12:28:43.871-0400: 157.596: [GC (GCLocker Initiated GC) [PSYoungGen: 143479K->55842K(175104K)] 314285K->245001K(699392K), 0.0099412 secs] [Times: user=0.14 sys=0.00, real=0.01 secs] 
2016-09-15T12:28:43.976-0400: 157.701: [GC (GCLocker Initiated GC) [PSYoungGen: 143906K->85790K(175104K)] 333203K->293635K(699392K), 0.0141327 secs] [Times: user=0.17 sys=0.00, real=0.01 secs] 
2016-09-15T12:28:44.123-0400: 157.848: [GC (GCLocker Initiated GC) [PSYoungGen: 173854K->85822K(175104K)] 381791K->373065K(699392K), 0.0128900 secs] [Times: user=0.20 sys=0.00, real=0.02 secs] 
2016-09-15T12:28:44.264-0400: 157.989: [GC (GCLocker Initiated GC) [PSYoungGen: 173886K->36994K(175104K)] 473282K->397440K(699392K), 0.0093847 secs] [Times: user=0.13 sys=0.00, real=0.01 secs] 
2016-09-15T12:28:44.399-0400: 158.124: [GC (GCLocker Initiated GC) [PSYoungGen: 125058K->85922K(175104K)] 491677K->452700K(699392K), 0.0098136 secs] [Times: user=0.13 sys=0.00, real=0.01 secs] 
2016-09-15T12:28:44.525-0400: 158.250: [GC (Allocation Failure) [PSYoungGen: 173986K->55579K(175104K)] 547015K->477523K(699392K), 0.0108149 secs] [Times: user=0.18 sys=0.00, real=0.01 secs] 
2016-09-15T12:28:44.646-0400: 158.371: [Full GC (Ergonomics) [PSYoungGen: 140773K->0K(175104K)] [ParOldGen: 428019K->53886K(524288K)] 568793K->53886K(699392K), [Metaspace: 44451K->44451K(1087488K)], 0.0495975 secs] [Times: user=0.27 sys=0.01, real=0.06 secs] 
2016-09-15T12:28:44.813-0400: 158.538: [GC (GCLocker Initiated GC) [PSYoungGen: 88064K->85886K(175104K)] 142132K->152104K(699392K), 0.0098469 secs] [Times: user=0.10 sys=0.00, real=0.01 secs] 
2016-09-15T12:28:44.947-0400: 158.672: [GC (Allocation Failure) [PSYoungGen: 173950K->55643K(175104K)] 246559K->201911K(699392K), 0.0129704 secs] [Times: user=0.19 sys=0.01, real=0.02 secs] 
2016-09-15T12:28:45.060-0400: 158.785: [GC (GCLocker Initiated GC) [PSYoungGen: 143707K->86182K(175104K)] 289981K->257251K(699392K), 0.0116004 secs] [Times: user=0.18 sys=0.00, real=0.01 secs] 
2016-09-15T12:28:45.199-0400: 158.924: [GC (GCLocker Initiated GC) [PSYoungGen: 174246K->61981K(175104K)] 345666K->270151K(699392K), 0.0120221 secs] [Times: user=0.18 sys=0.00, real=0.01 secs] 
2016-09-15T12:28:45.309-0400: 159.034: [GC (GCLocker Initiated GC) [PSYoungGen: 150045K->55415K(175104K)] 370430K->312565K(699392K), 0.0099124 secs] [Times: user=0.14 sys=0.01, real=0.01 secs] 
2016-09-15T12:28:45.443-0400: 159.168: [GC (GCLocker Initiated GC) [PSYoungGen: 143479K->85986K(175104K)] 400923K->355715K(699392K), 0.0121730 secs] [Times: user=0.18 sys=0.00, real=0.01 secs] 
2016-09-15T12:28:45.598-0400: 159.323: [GC (GCLocker Initiated GC) [PSYoungGen: 174050K->85658K(175104K)] 449902K->392365K(699392K), 0.0102898 secs] [Times: user=0.15 sys=0.00, real=0.01 secs] 
2016-09-15T12:28:45.705-0400: 159.430: [GC (GCLocker Initiated GC) [PSYoungGen: 173722K->79715K(175104K)] 480683K->423269K(699392K), 0.0107600 secs] [Times: user=0.14 sys=0.00, real=0.01 secs] 
2016-09-15T12:28:45.849-0400: 159.574: [GC (Allocation Failure) [PSYoungGen: 167779K->73608K(175104K)] 511548K->454095K(699392K), 0.0109894 secs] [Times: user=0.13 sys=0.00, real=0.01 secs] 
2016-09-15T12:28:45.980-0400: 159.705: [GC (GCLocker Initiated GC) [PSYoungGen: 157134K->37290K(175104K)] 543696K->423995K(699392K), 0.0077101 secs] [Times: user=0.12 sys=0.00, real=0.00 secs] 
2016-09-15T12:28:46.079-0400: 159.804: [GC (GCLocker Initiated GC) [PSYoungGen: 125354K->85822K(175104K)] 512426K->479261K(699392K), 0.0099302 secs] [Times: user=0.14 sys=0.00, real=0.01 secs] 
2016-09-15T12:28:46.216-0400: 159.941: [GC (Allocation Failure) [PSYoungGen: 173886K->55547K(175104K)] 573626K->473803K(699392K), 0.0092624 secs] [Times: user=0.14 sys=0.00, real=0.00 secs] 
2016-09-15T12:28:46.323-0400: 160.048: [GC (GCLocker Initiated GC) [PSYoungGen: 143611K->85854K(175104K)] 561878K->528877K(699392K), 0.0116917 secs] [Times: user=0.19 sys=0.00, real=0.01 secs] 
2016-09-15T12:28:46.448-0400: 160.173: [GC (GCLocker Initiated GC) [PSYoungGen: 173918K->73672K(175104K)] 623366K->559877K(699392K), 0.0124598 secs] [Times: user=0.18 sys=0.00, real=0.01 secs] 
2016-09-15T12:28:46.461-0400: 160.186: [Full GC (Ergonomics) [PSYoungGen: 73672K->0K(175104K)] [ParOldGen: 486205K->52525K(524288K)] 559877K->52525K(699392K), [Metaspace: 44458K->44458K(1087488K)], 0.0934592 secs] [Times: user=1.12 sys=0.01, real=0.09 secs] 
2016-09-15T12:28:46.673-0400: 160.398: [GC (GCLocker Initiated GC) [PSYoungGen: 88064K->86178K(175104K)] 140899K->163313K(699392K), 0.0108485 secs] [Times: user=0.15 sys=0.00, real=0.01 secs] 
2016-09-15T12:28:46.796-0400: 160.522: [GC (GCLocker Initiated GC) [PSYoungGen: 174242K->80043K(175104K)] 257483K->206552K(699392K), 0.0114814 secs] [Times: user=0.16 sys=0.00, real=0.01 secs] 
2016-09-15T12:28:46.922-0400: 160.648: [GC (GCLocker Initiated GC) [PSYoungGen: 168107K->73608K(175104K)] 300739K->255000K(699392K), 0.0110147 secs] [Times: user=0.13 sys=0.00, real=0.01 secs] 
2016-09-15T12:28:47.038-0400: 160.763: [GC (GCLocker Initiated GC) [PSYoungGen: 161672K->85790K(175104K)] 343111K->340429K(699392K), 0.0164555 secs] [Times: user=0.23 sys=0.00, real=0.01 secs] 
2016-09-15T12:28:47.179-0400: 160.904: [GC (GCLocker Initiated GC) [PSYoungGen: 173854K->55219K(175104K)] 428518K->395256K(699392K), 0.0112726 secs] [Times: user=0.16 sys=0.00, real=0.01 secs] 
2016-09-15T12:28:47.291-0400: 161.016: [GC (GCLocker Initiated GC) [PSYoungGen: 143283K->85758K(175104K)] 483541K->456495K(699392K), 0.0101957 secs] [Times: user=0.12 sys=0.00, real=0.01 secs] 
2016-09-15T12:28:47.451-0400: 161.176: [GC (GCLocker Initiated GC) [PSYoungGen: 173822K->73704K(175104K)] 544746K->481393K(699392K), 0.0111327 secs] [Times: user=0.17 sys=0.00, real=0.01 secs] 
2016-09-15T12:28:47.569-0400: 161.294: [GC (Allocation Failure) [PSYoungGen: 161768K->85854K(175104K)] 569701K->518246K(699392K), 0.0115820 secs] [Times: user=0.18 sys=0.01, real=0.01 secs] 
2016-09-15T12:28:47.581-0400: 161.306: [GC (GCLocker Initiated GC) [PSYoungGen: 86252K->288K(175104K)] 518644K->524537K(699392K), 0.0094302 secs] [Times: user=0.12 sys=0.00, real=0.01 secs] 
2016-09-15T12:28:47.590-0400: 161.315: [Full GC (Ergonomics) [PSYoungGen: 288K->0K(175104K)] [ParOldGen: 524249K->58893K(524288K)] 524537K->58893K(699392K), [Metaspace: 44458K->44458K(1087488K)], 0.0545703 secs] [Times: user=0.39 sys=0.00, real=0.05 secs] 
2016-09-15T12:28:47.753-0400: 161.478: [GC (GCLocker Initiated GC) [PSYoungGen: 88064K->86570K(175104K)] 146962K->151543K(699392K), 0.0102334 secs] [Times: user=0.14 sys=0.00, real=0.01 secs] 
2016-09-15T12:28:47.870-0400: 161.595: [GC (GCLocker Initiated GC) [PSYoungGen: 174634K->86018K(175104K)] 239655K->230946K(699392K), 0.0129370 secs] [Times: user=0.21 sys=0.00, real=0.01 secs] 
2016-09-15T12:28:47.978-0400: 161.703: [GC (GCLocker Initiated GC) [PSYoungGen: 174082K->43624K(175104K)] 331241K->292240K(699392K), 0.0183795 secs] [Times: user=0.27 sys=0.01, real=0.02 secs] 
2016-09-15T12:28:48.109-0400: 161.834: [GC (GCLocker Initiated GC) [PSYoungGen: 131688K->49340K(175104K)] 380341K->359394K(699392K), 0.0114023 secs] [Times: user=0.16 sys=0.00, real=0.01 secs] 
2016-09-15T12:28:48.258-0400: 161.983: [GC (Allocation Failure) [PSYoungGen: 137404K->74032K(175104K)] 453882K->409067K(699392K), 0.0110768 secs] [Times: user=0.15 sys=0.00, real=0.01 secs] 
2016-09-15T12:28:48.402-0400: 162.127: [GC (GCLocker Initiated GC) [PSYoungGen: 158662K->55479K(175104K)] 499772K->415309K(699392K), 0.0074386 secs] [Times: user=0.11 sys=0.00, real=0.01 secs] 
2016-09-15T12:28:48.529-0400: 162.254: [GC (GCLocker Initiated GC) [PSYoungGen: 143543K->55611K(175104K)] 515861K->446306K(699392K), 0.0090427 secs] [Times: user=0.13 sys=0.00, real=0.01 secs] 
2016-09-15T12:28:48.653-0400: 162.379: [GC (Allocation Failure) [PSYoungGen: 143675K->74196K(175104K)] 540688K->489749K(699392K), 0.0102958 secs] [Times: user=0.14 sys=0.00, real=0.01 secs] 
2016-09-15T12:28:48.790-0400: 162.516: [Full GC (Ergonomics) [PSYoungGen: 157784K->0K(175104K)] [ParOldGen: 421628K->52842K(524288K)] 579413K->52842K(699392K), [Metaspace: 44467K->44467K(1087488K)], 0.0550741 secs] [Times: user=0.32 sys=0.00, real=0.05 secs] 
2016-09-15T12:28:48.989-0400: 162.714: [GC (Allocation Failure) [PSYoungGen: 88064K->37809K(175104K)] 153310K->103056K(699392K), 0.0054873 secs] [Times: user=0.06 sys=0.00, real=0.00 secs] 
2016-09-15T12:28:49.100-0400: 162.825: [GC (GCLocker Initiated GC) [PSYoungGen: 121474K->74000K(175104K)] 192796K->164617K(699392K), 0.0089178 secs] [Times: user=0.12 sys=0.00, real=0.01 secs] 
2016-09-15T12:28:49.250-0400: 162.976: [GC (Allocation Failure) [PSYoungGen: 162064K->61362K(175104K)] 252902K->188762K(699392K), 0.0234150 secs] [Times: user=0.23 sys=0.00, real=0.02 secs] 
2016-09-15T12:28:49.274-0400: 162.999: [GC (GCLocker Initiated GC) [PSYoungGen: 61376K->192K(175104K)] 188776K->200862K(699392K), 0.0072578 secs] [Times: user=0.06 sys=0.00, real=0.01 secs] 
2016-09-15T12:28:49.411-0400: 163.136: [GC (GCLocker Initiated GC) [PSYoungGen: 85688K->85890K(175104K)] 292434K->304801K(699392K), 0.0102036 secs] [Times: user=0.07 sys=0.01, real=0.01 secs] 
2016-09-15T12:28:49.522-0400: 163.248: [GC (GCLocker Initiated GC) [PSYoungGen: 173954K->55419K(175104K)] 393176K->299200K(699392K), 0.0126038 secs] [Times: user=0.10 sys=0.00, real=0.01 secs] 
2016-09-15T12:28:49.664-0400: 163.389: [GC (GCLocker Initiated GC) [PSYoungGen: 143483K->55547K(175104K)] 393576K->342538K(699392K), 0.0093380 secs] [Times: user=0.08 sys=0.01, real=0.01 secs] 
2016-09-15T12:28:49.818-0400: 163.544: [GC (GCLocker Initiated GC) [PSYoungGen: 143611K->74000K(175104K)] 437044K->385981K(699392K), 0.0097939 secs] [Times: user=0.14 sys=0.00, real=0.01 secs] 
2016-09-15T12:28:49.914-0400: 163.639: [GC (GCLocker Initiated GC) [PSYoungGen: 162064K->85658K(175104K)] 474339K->453252K(699392K), 0.0126521 secs] [Times: user=0.19 sys=0.00, real=0.01 secs] 
2016-09-15T12:28:50.038-0400: 163.763: [GC (Allocation Failure) [PSYoungGen: 173722K->62081K(175104K)] 547433K->496679K(699392K), 0.0104670 secs] [Times: user=0.14 sys=0.00, real=0.01 secs] 
2016-09-15T12:28:50.049-0400: 163.774: [Full GC (Ergonomics) [PSYoungGen: 62081K->0K(175104K)] [ParOldGen: 434597K->53310K(524288K)] 496679K->53310K(699392K), [Metaspace: 44467K->44467K(1087488K)], 0.0431755 secs] [Times: user=0.35 sys=0.00, real=0.04 secs] 
2016-09-15T12:28:50.191-0400: 163.916: [GC (GCLocker Initiated GC) [PSYoungGen: 82006K->86242K(175104K)] 141391K->169927K(699392K), 0.0117182 secs] [Times: user=0.18 sys=0.00, real=0.01 secs] 
2016-09-15T12:28:50.293-0400: 164.018: [GC (GCLocker Initiated GC) [PSYoungGen: 174306K->85790K(175104K)] 264131K->255170K(699392K), 0.0142319 secs] [Times: user=0.20 sys=0.00, real=0.01 secs] 
2016-09-15T12:28:50.453-0400: 164.179: [GC (GCLocker Initiated GC) [PSYoungGen: 173854K->73936K(175104K)] 343404K->341166K(699392K), 0.0138779 secs] [Times: user=0.20 sys=0.01, real=0.01 secs] 
2016-09-15T12:28:50.569-0400: 164.294: [GC (GCLocker Initiated GC) [PSYoungGen: 162000K->61330K(175104K)] 429568K->347391K(699392K), 0.0103855 secs] [Times: user=0.08 sys=0.00, real=0.01 secs] 
2016-09-15T12:28:50.689-0400: 164.414: [GC (GCLocker Initiated GC) [PSYoungGen: 149394K->86150K(175104K)] 435503K->408852K(699392K), 0.0125308 secs] [Times: user=0.16 sys=0.00, real=0.01 secs] 
2016-09-15T12:28:50.821-0400: 164.546: [GC (GCLocker Initiated GC) [PSYoungGen: 174214K->55415K(175104K)] 503268K->439592K(699392K), 0.0136833 secs] [Times: user=0.18 sys=0.00, real=0.01 secs] 
2016-09-15T12:28:50.951-0400: 164.677: [GC (GCLocker Initiated GC) [PSYoungGen: 143479K->73576K(175104K)] 527922K->458114K(699392K), 0.0097133 secs] [Times: user=0.09 sys=0.01, real=0.01 secs] 
2016-09-15T12:28:51.084-0400: 164.809: [GC (GCLocker Initiated GC) [PSYoungGen: 161640K->43205K(175104K)] 552418K->464641K(699392K), 0.0094867 secs] [Times: user=0.11 sys=0.00, real=0.01 secs] 
2016-09-15T12:28:51.093-0400: 164.818: [Full GC (Ergonomics) [PSYoungGen: 43205K->0K(175104K)] [ParOldGen: 421436K->46775K(524288K)] 464641K->46775K(699392K), [Metaspace: 44467K->44467K(1087488K)], 0.0516776 secs] [Times: user=0.34 sys=0.01, real=0.05 secs] 
2016-09-15T12:28:51.268-0400: 164.993: [GC (GCLocker Initiated GC) [PSYoungGen: 88064K->86250K(175104K)] 147271K->151532K(699392K), 0.0094364 secs] [Times: user=0.15 sys=0.00, real=0.01 secs] 
2016-09-15T12:28:51.425-0400: 165.151: [GC (Allocation Failure) [PSYoungGen: 174314K->55447K(175104K)] 240279K->158145K(699392K), 0.0165921 secs] [Times: user=0.22 sys=0.01, real=0.02 secs] 
2016-09-15T12:28:51.539-0400: 165.264: [GC (GCLocker Initiated GC) [PSYoungGen: 143511K->73444K(175104K)] 246221K->194522K(699392K), 0.0138109 secs] [Times: user=0.15 sys=0.00, real=0.01 secs] 
2016-09-15T12:28:51.661-0400: 165.386: [GC (Allocation Failure) [PSYoungGen: 161508K->85922K(175104K)] 282667K->237576K(699392K), 0.0096626 secs] [Times: user=0.09 sys=0.00, real=0.01 secs] 
2016-09-15T12:28:51.671-0400: 165.396: [GC (GCLocker Initiated GC) [PSYoungGen: 86205K->32K(175104K)] 237860K->268013K(699392K), 0.0094423 secs] [Times: user=0.13 sys=0.01, real=0.01 secs] 
2016-09-15T12:28:51.810-0400: 165.535: [GC (GCLocker Initiated GC) [PSYoungGen: 85200K->86078K(175104K)] 359256K->372292K(699392K), 0.0115479 secs] [Times: user=0.14 sys=0.00, real=0.01 secs] 
2016-09-15T12:28:51.916-0400: 165.641: [GC (GCLocker Initiated GC) [PSYoungGen: 174142K->73772K(175104K)] 460711K->397535K(699392K), 0.0095824 secs] [Times: user=0.09 sys=0.00, real=0.00 secs] 
2016-09-15T12:28:52.042-0400: 165.767: [GC (GCLocker Initiated GC) [PSYoungGen: 161836K->85986K(175104K)] 485965K->452948K(699392K), 0.0113648 secs] [Times: user=0.17 sys=0.00, real=0.01 secs] 
2016-09-15T12:28:52.147-0400: 165.872: [GC (GCLocker Initiated GC) [PSYoungGen: 174050K->73508K(175104K)] 541228K->495505K(699392K), 0.0107937 secs] [Times: user=0.17 sys=0.00, real=0.02 secs] 
2016-09-15T12:28:52.281-0400: 166.006: [Full GC (Ergonomics) [PSYoungGen: 161572K->0K(175104K)] [ParOldGen: 440285K->52893K(524288K)] 601858K->52893K(699392K), [Metaspace: 44473K->44473K(1087488K)], 0.0471348 secs] [Times: user=0.43 sys=0.00, real=0.05 secs] 
2016-09-15T12:28:52.433-0400: 166.158: [GC (GCLocker Initiated GC) [PSYoungGen: 88064K->86274K(175104K)] 141043K->151403K(699392K), 0.0102103 secs] [Times: user=0.14 sys=0.00, real=0.01 secs] 
2016-09-15T12:28:52.564-0400: 166.289: [GC (GCLocker Initiated GC) [PSYoungGen: 174338K->37354K(175104K)] 239471K->157897K(699392K), 0.0100257 secs] [Times: user=0.13 sys=0.00, real=0.01 secs] 
2016-09-15T12:28:52.702-0400: 166.428: [GC (Allocation Failure) [PSYoungGen: 125418K->31051K(175104K)] 258434K->182551K(699392K), 0.0064068 secs] [Times: user=0.04 sys=0.00, real=0.01 secs] 
2016-09-15T12:28:52.709-0400: 166.434: [GC (GCLocker Initiated GC) [PSYoungGen: 31822K->288K(175104K)] 183322K->188911K(699392K), 0.0049096 secs] [Times: user=0.07 sys=0.00, real=0.00 secs] 
2016-09-15T12:28:52.846-0400: 166.571: [GC (GCLocker Initiated GC) [PSYoungGen: 88352K->86413K(175104K)] 276976K->281137K(699392K), 0.0105407 secs] [Times: user=0.15 sys=0.00, real=0.02 secs] 
2016-09-15T12:28:52.980-0400: 166.705: [GC (GCLocker Initiated GC) [PSYoungGen: 174477K->73736K(175104K)] 375480K->330228K(699392K), 0.0115982 secs] [Times: user=0.17 sys=0.00, real=0.01 secs] 
2016-09-15T12:28:53.074-0400: 166.800: [GC (GCLocker Initiated GC) [PSYoungGen: 161800K->85986K(175104K)] 418391K->403486K(699392K), 0.0122623 secs] [Times: user=0.20 sys=0.00, real=0.01 secs] 
2016-09-15T12:28:53.205-0400: 166.930: [GC (Allocation Failure) [PSYoungGen: 174050K->49536K(175104K)] 497907K->458751K(699392K), 0.0131667 secs] [Times: user=0.21 sys=0.00, real=0.02 secs] 
2016-09-15T12:28:53.323-0400: 167.048: [GC (GCLocker Initiated GC) [PSYoungGen: 137600K->85954K(175104K)] 546821K->501573K(699392K), 0.0116653 secs] [Times: user=0.17 sys=0.01, real=0.03 secs] 
2016-09-15T12:28:53.475-0400: 167.200: [GC (GCLocker Initiated GC) [PSYoungGen: 174018K->86150K(175104K)] 589662K->556613K(699392K), 0.0133669 secs] [Times: user=0.21 sys=0.00, real=0.02 secs] 
2016-09-15T12:28:53.488-0400: 167.214: [Full GC (Ergonomics) [PSYoungGen: 86150K->0K(175104K)] [ParOldGen: 470462K->53320K(524288K)] 556613K->53320K(699392K), [Metaspace: 44473K->44473K(1087488K)], 0.0481556 secs] [Times: user=0.45 sys=0.00, real=0.05 secs] 
2016-09-15T12:28:53.638-0400: 167.363: [GC (GCLocker Initiated GC) [PSYoungGen: 88064K->86438K(175104K)] 147574K->194549K(699392K), 0.0127466 secs] [Times: user=0.19 sys=0.00, real=0.01 secs] 
2016-09-15T12:28:53.753-0400: 167.478: [GC (Allocation Failure) [PSYoungGen: 174502K->86018K(175104K)] 282822K->237794K(699392K), 0.0132213 secs] [Times: user=0.20 sys=0.00, real=0.01 secs] 
2016-09-15T12:28:53.876-0400: 167.601: [GC (Allocation Failure) [PSYoungGen: 174082K->61490K(175104K)] 325858K->249976K(699392K), 0.0112802 secs] [Times: user=0.15 sys=0.01, real=0.00 secs] 
2016-09-15T12:28:54.000-0400: 167.726: [GC (GCLocker Initiated GC) [PSYoungGen: 149554K->73576K(175104K)] 338046K->280452K(699392K), 0.0102046 secs] [Times: user=0.13 sys=0.00, real=0.01 secs] 
2016-09-15T12:28:54.113-0400: 167.838: [GC (GCLocker Initiated GC) [PSYoungGen: 161640K->55415K(175104K)] 374762K->329603K(699392K), 0.0127652 secs] [Times: user=0.21 sys=0.00, real=0.01 secs] 
2016-09-15T12:28:54.257-0400: 167.982: [GC (GCLocker Initiated GC) [PSYoungGen: 143479K->67665K(175104K)] 423895K->366614K(699392K), 0.0100961 secs] [Times: user=0.12 sys=0.00, real=0.00 secs] 
2016-09-15T12:28:54.411-0400: 168.136: [GC (Allocation Failure) [PSYoungGen: 155729K->49308K(175104K)] 466976K->379267K(699392K), 0.0099323 secs] [Times: user=0.09 sys=0.01, real=0.01 secs] 
2016-09-15T12:28:54.529-0400: 168.254: [GC (GCLocker Initiated GC) [PSYoungGen: 137372K->73640K(175104K)] 467339K->452686K(699392K), 0.0105468 secs] [Times: user=0.14 sys=0.01, real=0.01 secs] 
2016-09-15T12:28:54.653-0400: 168.378: [GC (GCLocker Initiated GC) [PSYoungGen: 161704K->86182K(175104K)] 540833K->514054K(699392K), 0.0122078 secs] [Times: user=0.16 sys=0.00, real=0.01 secs] 
2016-09-15T12:28:54.804-0400: 168.529: [GC (GCLocker Initiated GC) [PSYoungGen: 174246K->43137K(175104K)] 608347K->532172K(699392K), 0.0095050 secs] [Times: user=0.08 sys=0.00, real=0.01 secs] 
2016-09-15T12:28:54.814-0400: 168.539: [Full GC (Ergonomics) [PSYoungGen: 43137K->0K(175104K)] [ParOldGen: 489035K->53211K(524288K)] 532172K->53211K(699392K), [Metaspace: 44485K->44485K(1087488K)], 0.0535952 secs] [Times: user=0.29 sys=0.01, real=0.06 secs] 
2016-09-15T12:28:54.984-0400: 168.709: [GC (GCLocker Initiated GC) [PSYoungGen: 88064K->86694K(175104K)] 147599K->182679K(699392K), 0.0199521 secs] [Times: user=0.30 sys=0.00, real=0.02 secs] 
2016-09-15T12:28:55.112-0400: 168.837: [GC (GCLocker Initiated GC) [PSYoungGen: 174758K->73740K(175104K)] 270772K->231472K(699392K), 0.0201644 secs] [Times: user=0.23 sys=0.00, real=0.02 secs] 
2016-09-15T12:28:55.277-0400: 169.002: [GC (GCLocker Initiated GC) [PSYoungGen: 161804K->55906K(175104K)] 331856K->244507K(699392K), 0.0077174 secs] [Times: user=0.10 sys=0.01, real=0.00 secs] 
2016-09-15T12:28:55.409-0400: 169.134: [GC (GCLocker Initiated GC) [PSYoungGen: 143970K->55319K(175104K)] 338682K->268718K(699392K), 0.0078878 secs] [Times: user=0.10 sys=0.00, real=0.01 secs] 
2016-09-15T12:28:55.534-0400: 169.259: [GC (GCLocker Initiated GC) [PSYoungGen: 143383K->74032K(175104K)] 357105K->306138K(699392K), 0.0095121 secs] [Times: user=0.15 sys=0.00, real=0.01 secs] 
2016-09-15T12:28:55.668-0400: 169.393: [GC (GCLocker Initiated GC) [PSYoungGen: 162096K->67565K(175104K)] 406457K->348675K(699392K), 0.0181793 secs] [Times: user=0.17 sys=0.00, real=0.01 secs] 
2016-09-15T12:28:55.815-0400: 169.540: [GC (Allocation Failure) [PSYoungGen: 155629K->43656K(175104K)] 436999K->392036K(699392K), 0.0114475 secs] [Times: user=0.14 sys=0.00, real=0.01 secs] 
2016-09-15T12:28:55.901-0400: 169.626: [GC (GCLocker Initiated GC) [PSYoungGen: 131720K->85822K(175104K)] 480105K->470980K(699392K), 0.0121457 secs] [Times: user=0.19 sys=0.00, real=0.01 secs] 
2016-09-15T12:28:56.046-0400: 169.771: [GC (GCLocker Initiated GC) [PSYoungGen: 173886K->49340K(175104K)] 571521K->483881K(699392K), 0.0091142 secs] [Times: user=0.10 sys=0.00, real=0.01 secs] 
2016-09-15T12:28:56.182-0400: 169.907: [GC (GCLocker Initiated GC) [PSYoungGen: 137404K->36770K(175104K)] 578068K->501977K(699392K), 0.0297118 secs] [Times: user=0.33 sys=0.00, real=0.03 secs] 
2016-09-15T12:28:56.212-0400: 169.937: [Full GC (Ergonomics) [PSYoungGen: 36770K->0K(175104K)] [ParOldGen: 465207K->47145K(524288K)] 501977K->47145K(699392K), [Metaspace: 44485K->44485K(1087488K)], 0.0549807 secs] [Times: user=0.37 sys=0.01, real=0.05 secs] 
2016-09-15T12:28:56.360-0400: 170.085: [GC (GCLocker Initiated GC) [PSYoungGen: 88064K->87022K(175104K)] 135319K->140352K(699392K), 0.0112098 secs] [Times: user=0.16 sys=0.00, real=0.01 secs] 
2016-09-15T12:28:56.489-0400: 170.214: [GC (GCLocker Initiated GC) [PSYoungGen: 175086K->79847K(175104K)] 240665K->164970K(699392K), 0.0185596 secs] [Times: user=0.27 sys=0.00, real=0.02 secs] 
2016-09-15T12:28:56.606-0400: 170.331: [GC (GCLocker Initiated GC) [PSYoungGen: 167911K->73672K(175104K)] 259263K->220178K(699392K), 0.0112332 secs] [Times: user=0.19 sys=0.01, real=0.02 secs] 
2016-09-15T12:28:56.731-0400: 170.456: [GC (GCLocker Initiated GC) [PSYoungGen: 161736K->73968K(175104K)] 314679K->227218K(699392K), 0.0086338 secs] [Times: user=0.13 sys=0.00, real=0.01 secs] 
2016-09-15T12:28:56.867-0400: 170.593: [GC (GCLocker Initiated GC) [PSYoungGen: 162032K->55807K(175104K)] 327603K->258284K(699392K), 0.0099797 secs] [Times: user=0.14 sys=0.01, real=0.02 secs] 
2016-09-15T12:28:57.021-0400: 170.746: [GC (GCLocker Initiated GC) [PSYoungGen: 143871K->67501K(175104K)] 346709K->270622K(699392K), 0.0123084 secs] [Times: user=0.13 sys=0.00, real=0.01 secs] 
2016-09-15T12:28:57.141-0400: 170.866: [GC (GCLocker Initiated GC) [PSYoungGen: 155565K->85790K(175104K)] 359013K->313682K(699392K), 0.0095730 secs] [Times: user=0.13 sys=0.00, real=0.01 secs] 
2016-09-15T12:28:57.284-0400: 171.009: [GC (Allocation Failure) [PSYoungGen: 173854K->55775K(175104K)] 408171K->344910K(699392K), 0.0113445 secs] [Times: user=0.16 sys=0.00, real=0.01 secs] 
2016-09-15T12:28:57.406-0400: 171.131: [GC (GCLocker Initiated GC) [PSYoungGen: 143839K->73608K(175104K)] 432980K->381453K(699392K), 0.0114873 secs] [Times: user=0.11 sys=0.00, real=0.02 secs] 
2016-09-15T12:28:57.516-0400: 171.241: [GC (GCLocker Initiated GC) [PSYoungGen: 161672K->61070K(175104K)] 469717K->375425K(699392K), 0.0125901 secs] [Times: user=0.12 sys=0.00, real=0.01 secs] 
2016-09-15T12:28:57.639-0400: 171.364: [GC (Allocation Failure) [PSYoungGen: 149134K->74000K(175104K)] 469796K->449489K(699392K), 0.0136419 secs] [Times: user=0.21 sys=0.00, real=0.01 secs] 
2016-09-15T12:28:57.784-0400: 171.509: [GC (GCLocker Initiated GC) [PSYoungGen: 158094K->37322K(175104K)] 539659K->455971K(699392K), 0.0074569 secs] [Times: user=0.07 sys=0.00, real=0.01 secs] 
2016-09-15T12:28:57.904-0400: 171.629: [GC (Allocation Failure) [PSYoungGen: 125386K->55419K(175104K)] 550331K->480483K(699392K), 0.0234296 secs] [Times: user=0.26 sys=0.00, real=0.02 secs] 
2016-09-15T12:28:58.052-0400: 171.777: [GC (GCLocker Initiated GC) [PSYoungGen: 143483K->85598K(175104K)] 568553K->517158K(699392K), 0.0250473 secs] [Times: user=0.21 sys=0.00, real=0.03 secs] 
2016-09-15T12:28:58.204-0400: 171.929: [GC (GCLocker Initiated GC) [PSYoungGen: 173662K->55547K(175104K)] 617695K->499887K(699392K), 0.0096841 secs] [Times: user=0.14 sys=0.00, real=0.01 secs] 
2016-09-15T12:28:58.335-0400: 172.061: [GC (GCLocker Initiated GC) [PSYoungGen: 143611K->74000K(175104K)] 588250K->537352K(699392K), 0.0109597 secs] [Times: user=0.17 sys=0.00, real=0.01 secs] 
2016-09-15T12:28:58.347-0400: 172.072: [Full GC (Ergonomics) [PSYoungGen: 74000K->0K(175104K)] [ParOldGen: 463352K->53458K(524288K)] 537352K->53458K(699392K), [Metaspace: 44487K->44487K(1087488K)], 0.0533650 secs] [Times: user=0.37 sys=0.01, real=0.06 secs] 
2016-09-15T12:28:58.496-0400: 172.221: [GC (GCLocker Initiated GC) [PSYoungGen: 88064K->86242K(175104K)] 141687K->145940K(699392K), 0.0097621 secs] [Times: user=0.16 sys=0.00, real=0.00 secs] 
2016-09-15T12:28:58.625-0400: 172.350: [GC (GCLocker Initiated GC) [PSYoungGen: 174306K->73968K(175104K)] 240446K->171194K(699392K), 0.0123014 secs] [Times: user=0.16 sys=0.00, real=0.02 secs] 
2016-09-15T12:28:58.749-0400: 172.475: [GC (Allocation Failure) [PSYoungGen: 162029K->30990K(175104K)] 259611K->147205K(699392K), 0.0115716 secs] [Times: user=0.11 sys=0.00, real=0.01 secs] 
2016-09-15T12:28:58.869-0400: 172.595: [GC (GCLocker Initiated GC) [PSYoungGen: 118861K->73540K(175104K)] 235332K->226603K(699392K), 0.0119174 secs] [Times: user=0.19 sys=0.00, real=0.01 secs] 
2016-09-15T12:28:59.016-0400: 172.741: [GC (GCLocker Initiated GC) [PSYoungGen: 161604K->55451K(175104K)] 314894K->233169K(699392K), 0.0082817 secs] [Times: user=0.09 sys=0.00, real=0.01 secs] 
2016-09-15T12:28:59.131-0400: 172.856: [GC (GCLocker Initiated GC) [PSYoungGen: 143515K->79779K(175104K)] 321319K->276295K(699392K), 0.0116338 secs] [Times: user=0.18 sys=0.00, real=0.01 secs] 
2016-09-15T12:28:59.242-0400: 172.967: [GC (GCLocker Initiated GC) [PSYoungGen: 167843K->86182K(175104K)] 364384K->325547K(699392K), 0.0114621 secs] [Times: user=0.14 sys=0.00, real=0.01 secs] 
2016-09-15T12:28:59.350-0400: 173.076: [GC (Allocation Failure) [PSYoungGen: 174246K->79715K(175104K)] 413849K->374340K(699392K), 0.0125458 secs] [Times: user=0.20 sys=0.00, real=0.01 secs] 
2016-09-15T12:28:59.492-0400: 173.217: [GC (GCLocker Initiated GC) [PSYoungGen: 164194K->55351K(175104K)] 464895K->398876K(699392K), 0.0118812 secs] [Times: user=0.19 sys=0.00, real=0.01 secs] 
2016-09-15T12:28:59.667-0400: 173.393: [GC (GCLocker Initiated GC) [PSYoungGen: 143415K->73544K(175104K)] 493225K->423614K(699392K), 0.0080573 secs] [Times: user=0.08 sys=0.01, real=0.01 secs] 
2016-09-15T12:28:59.841-0400: 173.566: [GC (GCLocker Initiated GC) [PSYoungGen: 161608K->55191K(175104K)] 518052K->411722K(699392K), 0.0157210 secs] [Times: user=0.18 sys=0.00, real=0.02 secs] 
2016-09-15T12:29:00.000-0400: 173.725: [GC (GCLocker Initiated GC) [PSYoungGen: 143255K->37421K(175104K)] 505954K->400249K(699392K), 0.0083277 secs] [Times: user=0.12 sys=0.00, real=0.01 secs] 
2016-09-15T12:29:00.119-0400: 173.844: [GC (GCLocker Initiated GC) [PSYoungGen: 125485K->73412K(175104K)] 494731K->449171K(699392K), 0.0082990 secs] [Times: user=0.07 sys=0.01, real=0.01 secs] 
2016-09-15T12:29:00.215-0400: 173.940: [GC (GCLocker Initiated GC) [PSYoungGen: 161476K->85986K(175104K)] 537422K->504609K(699392K), 0.0114923 secs] [Times: user=0.17 sys=0.00, real=0.01 secs] 
2016-09-15T12:29:00.335-0400: 174.060: [GC (GCLocker Initiated GC) [PSYoungGen: 174050K->49411K(175104K)] 592776K->504864K(699392K), 0.0099060 secs] [Times: user=0.07 sys=0.00, real=0.01 secs] 
2016-09-15T12:29:00.345-0400: 174.070: [Full GC (Ergonomics) [PSYoungGen: 49411K->0K(175104K)] [ParOldGen: 455452K->54231K(524288K)] 504864K->54231K(699392K), [Metaspace: 44487K->44487K(1087488K)], 0.0543176 secs] [Times: user=0.38 sys=0.02, real=0.06 secs] 
2016-09-15T12:29:00.508-0400: 174.233: [GC (GCLocker Initiated GC) [PSYoungGen: 88064K->85790K(175104K)] 160563K->164364K(699392K), 0.0095296 secs] [Times: user=0.14 sys=0.00, real=0.01 secs] 
2016-09-15T12:29:00.625-0400: 174.350: [GC (GCLocker Initiated GC) [PSYoungGen: 173854K->79911K(175104K)] 252789K->225979K(699392K), 0.0121242 secs] [Times: user=0.19 sys=0.00, real=0.02 secs] 
2016-09-15T12:29:00.740-0400: 174.465: [GC (GCLocker Initiated GC) [PSYoungGen: 167975K->85790K(175104K)] 314107K->268687K(699392K), 0.0114980 secs] [Times: user=0.19 sys=0.00, real=0.01 secs] 
2016-09-15T12:29:00.892-0400: 174.617: [GC (GCLocker Initiated GC) [PSYoungGen: 173854K->61330K(175104K)] 356794K->299065K(699392K), 0.0110252 secs] [Times: user=0.10 sys=0.00, real=0.01 secs] 
2016-09-15T12:29:01.031-0400: 174.756: [GC (GCLocker Initiated GC) [PSYoungGen: 149394K->55387K(175104K)] 387411K->317964K(699392K), 0.0142695 secs] [Times: user=0.12 sys=0.01, real=0.01 secs] 
2016-09-15T12:29:01.156-0400: 174.881: [GC (GCLocker Initiated GC) [PSYoungGen: 143451K->73608K(175104K)] 406383K->355081K(699392K), 0.0105407 secs] [Times: user=0.15 sys=0.00, real=0.00 secs] 
2016-09-15T12:29:01.280-0400: 175.005: [GC (Allocation Failure) [PSYoungGen: 161672K->86182K(175104K)] 443215K->422535K(699392K), 0.0127924 secs] [Times: user=0.19 sys=0.01, real=0.01 secs] 
2016-09-15T12:29:01.409-0400: 175.134: [GC (GCLocker Initiated GC) [PSYoungGen: 174246K->79715K(175104K)] 510605K->464981K(699392K), 0.0119418 secs] [Times: user=0.15 sys=0.00, real=0.01 secs] 
2016-09-15T12:29:01.517-0400: 175.242: [GC (GCLocker Initiated GC) [PSYoungGen: 167779K->73544K(175104K)] 553418K->483750K(699392K), 0.0103055 secs] [Times: user=0.11 sys=0.00, real=0.00 secs] 
2016-09-15T12:29:01.652-0400: 175.377: [GC (GCLocker Initiated GC) [PSYoungGen: 161608K->55451K(175104K)] 584152K->514588K(699392K), 0.0127759 secs] [Times: user=0.13 sys=0.01, real=0.01 secs] 
2016-09-15T12:29:01.664-0400: 175.390: [Full GC (Ergonomics) [PSYoungGen: 55451K->0K(175104K)] [ParOldGen: 459137K->53070K(524288K)] 514588K->53070K(699392K), [Metaspace: 44487K->44487K(1087488K)], 0.0587793 secs] [Times: user=0.37 sys=0.00, real=0.06 secs] 
2016-09-15T12:29:01.843-0400: 175.568: [GC (Allocation Failure) [PSYoungGen: 88064K->86310K(175104K)] 147548K->157944K(699392K), 0.0095016 secs] [Times: user=0.09 sys=0.00, real=0.01 secs] 
2016-09-15T12:29:01.992-0400: 175.717: [GC (GCLocker Initiated GC) [PSYoungGen: 174374K->43105K(175104K)] 246008K->170110K(699392K), 0.0100787 secs] [Times: user=0.08 sys=0.00, real=0.01 secs] 
2016-09-15T12:29:02.123-0400: 175.848: [GC (GCLocker Initiated GC) [PSYoungGen: 131169K->36902K(175104K)] 264313K->188358K(699392K), 0.0128531 secs] [Times: user=0.11 sys=0.00, real=0.01 secs] 
2016-09-15T12:29:02.261-0400: 175.986: [GC (GCLocker Initiated GC) [PSYoungGen: 124966K->80075K(175104K)] 276559K->292554K(699392K), 0.0112899 secs] [Times: user=0.14 sys=0.00, real=0.01 secs] 
2016-09-15T12:29:02.422-0400: 176.147: [GC (GCLocker Initiated GC) [PSYoungGen: 168139K->61754K(175104K)] 380957K->311321K(699392K), 0.0101286 secs] [Times: user=0.08 sys=0.00, real=0.01 secs] 
2016-09-15T12:29:02.543-0400: 176.268: [GC (GCLocker Initiated GC) [PSYoungGen: 149818K->55319K(175104K)] 405486K->341793K(699392K), 0.0158681 secs] [Times: user=0.18 sys=0.00, real=0.02 secs] 
2016-09-15T12:29:02.672-0400: 176.397: [GC (GCLocker Initiated GC) [PSYoungGen: 143383K->85822K(175104K)] 430033K->427775K(699392K), 0.0165790 secs] [Times: user=0.22 sys=0.00, real=0.02 secs] 
2016-09-15T12:29:02.808-0400: 176.533: [GC (GCLocker Initiated GC) [PSYoungGen: 173886K->55351K(175104K)] 516048K->440494K(699392K), 0.0096830 secs] [Times: user=0.09 sys=0.00, real=0.02 secs] 
2016-09-15T12:29:02.926-0400: 176.651: [GC (Allocation Failure) [PSYoungGen: 143415K->73444K(175104K)] 528880K->495690K(699392K), 0.0124442 secs] [Times: user=0.20 sys=0.00, real=0.02 secs] 
2016-09-15T12:29:03.055-0400: 176.780: [GC (GCLocker Initiated GC) [PSYoungGen: 161508K->73508K(175104K)] 583760K->520196K(699392K), 0.0120519 secs] [Times: user=0.16 sys=0.00, real=0.01 secs] 
2016-09-15T12:29:03.187-0400: 176.912: [GC (GCLocker Initiated GC) [PSYoungGen: 161572K->74100K(175104K)] 608447K->539367K(699392K), 0.0107645 secs] [Times: user=0.16 sys=0.01, real=0.02 secs] 
2016-09-15T12:29:03.197-0400: 176.923: [Full GC (Ergonomics) [PSYoungGen: 74100K->0K(175104K)] [ParOldGen: 465267K->47241K(524288K)] 539367K->47241K(699392K), [Metaspace: 44491K->44491K(1087488K)], 0.0485537 secs] [Times: user=0.40 sys=0.02, real=0.04 secs] 
2016-09-15T12:29:03.358-0400: 177.083: [GC (Allocation Failure) [PSYoungGen: 88064K->86897K(175104K)] 141673K->146582K(699392K), 0.0113248 secs] [Times: user=0.17 sys=0.00, real=0.01 secs] 
2016-09-15T12:29:03.478-0400: 177.203: [GC (GCLocker Initiated GC) [PSYoungGen: 172754K->55611K(175104K)] 238514K->158860K(699392K), 0.0087747 secs] [Times: user=0.10 sys=0.01, real=0.00 secs] 
2016-09-15T12:29:03.612-0400: 177.337: [GC (GCLocker Initiated GC) [PSYoungGen: 143675K->61690K(175104K)] 253354K->171465K(699392K), 0.0331928 secs] [Times: user=0.39 sys=0.00, real=0.03 secs] 
2016-09-15T12:29:03.804-0400: 177.529: [GC (GCLocker Initiated GC) [PSYoungGen: 149754K->73804K(175104K)] 265646K->208392K(699392K), 0.0083809 secs] [Times: user=0.10 sys=0.00, real=0.01 secs] 
2016-09-15T12:29:03.927-0400: 177.652: [GC (GCLocker Initiated GC) [PSYoungGen: 161868K->61262K(175104K)] 302623K->232520K(699392K), 0.0096221 secs] [Times: user=0.12 sys=0.00, real=0.02 secs] 
2016-09-15T12:29:04.062-0400: 177.787: [GC (Allocation Failure) [PSYoungGen: 149326K->61426K(175104K)] 320648K->275408K(699392K), 0.0101307 secs] [Times: user=0.10 sys=0.00, real=0.01 secs] 
2016-09-15T12:29:04.200-0400: 177.925: [GC (GCLocker Initiated GC) [PSYoungGen: 149490K->67401K(175104K)] 363478K->281688K(699392K), 0.0269435 secs] [Times: user=0.32 sys=0.00, real=0.02 secs] 
2016-09-15T12:29:04.320-0400: 178.045: [GC (GCLocker Initiated GC) [PSYoungGen: 155465K->85822K(175104K)] 369991K->336942K(699392K), 0.0142175 secs] [Times: user=0.18 sys=0.00, real=0.01 secs] 
2016-09-15T12:29:04.462-0400: 178.187: [GC (GCLocker Initiated GC) [PSYoungGen: 173886K->61230K(175104K)] 431190K->379576K(699392K), 0.0176749 secs] [Times: user=0.23 sys=0.00, real=0.02 secs] 
2016-09-15T12:29:04.617-0400: 178.342: [GC (GCLocker Initiated GC) [PSYoungGen: 149294K->55611K(175104K)] 480089K->435141K(699392K), 0.0117225 secs] [Times: user=0.17 sys=0.00, real=0.01 secs] 
2016-09-15T12:29:04.741-0400: 178.467: [GC (Allocation Failure) [PSYoungGen: 143675K->55155K(175104K)] 529569K->441356K(699392K), 0.0070265 secs] [Times: user=0.08 sys=0.01, real=0.01 secs] 
2016-09-15T12:29:04.869-0400: 178.594: [GC (GCLocker Initiated GC) [PSYoungGen: 143219K->73576K(175104K)] 529426K->478151K(699392K), 0.0162782 secs] [Times: user=0.24 sys=0.00, real=0.01 secs] 
2016-09-15T12:29:05.009-0400: 178.734: [GC (GCLocker Initiated GC) [PSYoungGen: 161640K->85690K(175104K)] 566263K->539393K(699392K), 0.0124357 secs] [Times: user=0.17 sys=0.02, real=0.01 secs] 
2016-09-15T12:29:05.021-0400: 178.746: [Full GC (Ergonomics) [PSYoungGen: 85690K->0K(175104K)] [ParOldGen: 453703K->53240K(524288K)] 539393K->53240K(699392K), [Metaspace: 44492K->44492K(1087488K)], 0.0613150 secs] [Times: user=0.51 sys=0.01, real=0.06 secs] 
2016-09-15T12:29:05.200-0400: 178.925: [GC (GCLocker Initiated GC) [PSYoungGen: 88064K->86602K(175104K)] 141340K->164178K(699392K), 0.0110673 secs] [Times: user=0.17 sys=0.00, real=0.01 secs] 
2016-09-15T12:29:05.368-0400: 179.093: [GC (Allocation Failure) [PSYoungGen: 174666K->49340K(175104K)] 258370K->206664K(699392K), 0.0121594 secs] [Times: user=0.17 sys=0.00, real=0.02 secs] 
2016-09-15T12:29:05.487-0400: 179.212: [GC (GCLocker Initiated GC) [PSYoungGen: 131621K->55415K(175104K)] 295020K->273633K(699392K), 0.0122369 secs] [Times: user=0.17 sys=0.00, real=0.02 secs] 
2016-09-15T12:29:05.626-0400: 179.351: [GC (GCLocker Initiated GC) [PSYoungGen: 143479K->85854K(175104K)] 362058K->329048K(699392K), 0.0113473 secs] [Times: user=0.18 sys=0.00, real=0.02 secs] 
2016-09-15T12:29:05.738-0400: 179.463: [GC (GCLocker Initiated GC) [PSYoungGen: 173918K->55611K(175104K)] 417339K->335618K(699392K), 0.0102715 secs] [Times: user=0.16 sys=0.00, real=0.01 secs] 
2016-09-15T12:29:05.860-0400: 179.585: [GC (Allocation Failure) [PSYoungGen: 143675K->86214K(175104K)] 424037K->403366K(699392K), 0.0122604 secs] [Times: user=0.19 sys=0.00, real=0.01 secs] 
2016-09-15T12:29:06.002-0400: 179.727: [GC (GCLocker Initiated GC) [PSYoungGen: 174278K->67273K(175104K)] 491435K->403079K(699392K), 0.0095195 secs] [Times: user=0.09 sys=0.00, real=0.01 secs] 
2016-09-15T12:29:06.122-0400: 179.847: [GC (GCLocker Initiated GC) [PSYoungGen: 155337K->73872K(175104K)] 497506K->416153K(699392K), 0.0126398 secs] [Times: user=0.15 sys=0.00, real=0.01 secs] 
2016-09-15T12:29:06.272-0400: 179.997: [GC (GCLocker Initiated GC) [PSYoungGen: 161936K->85790K(175104K)] 504292K->465068K(699392K), 0.0107788 secs] [Times: user=0.14 sys=0.00, real=0.01 secs] 
2016-09-15T12:29:06.405-0400: 180.130: [GC (GCLocker Initiated GC) [PSYoungGen: 173854K->67733K(175104K)] 553470K->465842K(699392K), 0.0123463 secs] [Times: user=0.11 sys=0.00, real=0.02 secs] 
2016-09-15T12:29:06.567-0400: 180.293: [GC (Allocation Failure) [PSYoungGen: 155797K->36898K(175104K)] 560285K->459895K(699392K), 0.0070140 secs] [Times: user=0.06 sys=0.00, real=0.01 secs] 
2016-09-15T12:29:06.686-0400: 180.411: [GC (GCLocker Initiated GC) [PSYoungGen: 124962K->73704K(175104K)] 547965K->515059K(699392K), 0.0102261 secs] [Times: user=0.13 sys=0.00, real=0.02 secs] 
2016-09-15T12:29:06.807-0400: 180.533: [GC (GCLocker Initiated GC) [PSYoungGen: 161768K->79719K(175104K)] 603322K->539585K(699392K), 0.0110303 secs] [Times: user=0.06 sys=0.01, real=0.02 secs] 
2016-09-15T12:29:06.819-0400: 180.544: [Full GC (Ergonomics) [PSYoungGen: 79719K->0K(175104K)] [ParOldGen: 459866K->59686K(524288K)] 539585K->59686K(699392K), [Metaspace: 44493K->44493K(1087488K)], 0.0563407 secs] [Times: user=0.39 sys=0.00, real=0.05 secs] 
2016-09-15T12:29:07.018-0400: 180.743: [GC (GCLocker Initiated GC) [PSYoungGen: 88064K->86538K(175104K)] 160176K->170800K(699392K), 0.0114845 secs] [Times: user=0.14 sys=0.00, real=0.01 secs] 
2016-09-15T12:29:07.152-0400: 180.877: [GC (GCLocker Initiated GC) [PSYoungGen: 174602K->73640K(175104K)] 259012K->256002K(699392K), 0.0207765 secs] [Times: user=0.30 sys=0.00, real=0.02 secs] 
2016-09-15T12:29:07.281-0400: 181.006: [GC (Allocation Failure) [PSYoungGen: 161704K->86214K(175104K)] 356358K->341762K(699392K), 0.0121955 secs] [Times: user=0.18 sys=0.00, real=0.01 secs] 
2016-09-15T12:29:07.391-0400: 181.116: [GC (GCLocker Initiated GC) [PSYoungGen: 174278K->55447K(175104K)] 429832K->366016K(699392K), 0.0107729 secs] [Times: user=0.16 sys=0.00, real=0.01 secs] 
2016-09-15T12:29:07.502-0400: 181.227: [GC (GCLocker Initiated GC) [PSYoungGen: 143511K->86214K(175104K)] 466322K->421474K(699392K), 0.0168003 secs] [Times: user=0.25 sys=0.00, real=0.02 secs] 
2016-09-15T12:29:07.680-0400: 181.405: [GC (Allocation Failure) [PSYoungGen: 174278K->85498K(175104K)] 509575K->482000K(699392K), 0.0135414 secs] [Times: user=0.14 sys=0.00, real=0.01 secs] 
2016-09-15T12:29:07.801-0400: 181.527: [GC (GCLocker Initiated GC) [PSYoungGen: 167849K->73608K(175104K)] 570426K->518838K(699392K), 0.0106449 secs] [Times: user=0.11 sys=0.00, real=0.01 secs] 
2016-09-15T12:29:07.812-0400: 181.537: [Full GC (Ergonomics) [PSYoungGen: 73608K->0K(175104K)] [ParOldGen: 445230K->53247K(524288K)] 518838K->53247K(699392K), [Metaspace: 44493K->44493K(1087488K)], 0.0559581 secs] [Times: user=0.31 sys=0.01, real=0.06 secs] 
2016-09-15T12:29:07.968-0400: 181.694: [GC (GCLocker Initiated GC) [PSYoungGen: 88064K->86598K(175104K)] 147652K->152261K(699392K), 0.0104432 secs] [Times: user=0.13 sys=0.00, real=0.01 secs] 
2016-09-15T12:29:08.084-0400: 181.809: [GC (GCLocker Initiated GC) [PSYoungGen: 174662K->61362K(175104K)] 240568K->176825K(699392K), 0.0163230 secs] [Times: user=0.11 sys=0.00, real=0.02 secs] 
2016-09-15T12:29:08.208-0400: 181.934: [GC (GCLocker Initiated GC) [PSYoungGen: 149426K->85954K(175104K)] 264920K->250355K(699392K), 0.0133714 secs] [Times: user=0.18 sys=0.00, real=0.01 secs] 
2016-09-15T12:29:08.336-0400: 182.061: [GC (GCLocker Initiated GC) [PSYoungGen: 174018K->79651K(175104K)] 344598K->311445K(699392K), 0.0124833 secs] [Times: user=0.15 sys=0.00, real=0.02 secs] 
2016-09-15T12:29:08.501-0400: 182.227: [GC (GCLocker Initiated GC) [PSYoungGen: 167715K->73804K(175104K)] 399679K->360758K(699392K), 0.0125251 secs] [Times: user=0.21 sys=0.00, real=0.01 secs] 
2016-09-15T12:29:08.645-0400: 182.370: [GC (GCLocker Initiated GC) [PSYoungGen: 161868K->73576K(175104K)] 455096K->385476K(699392K), 0.0129959 secs] [Times: user=0.16 sys=0.01, real=0.02 secs] 
2016-09-15T12:29:08.797-0400: 182.523: [GC (GCLocker Initiated GC) [PSYoungGen: 161640K->55483K(175104K)] 473722K->385917K(699392K), 0.0116835 secs] [Times: user=0.15 sys=0.00, real=0.01 secs] 
2016-09-15T12:29:08.941-0400: 182.666: [GC (GCLocker Initiated GC) [PSYoungGen: 143547K->55155K(175104K)] 480322K->392222K(699392K), 0.0079960 secs] [Times: user=0.13 sys=0.00, real=0.01 secs] 
2016-09-15T12:29:09.065-0400: 182.790: [GC (GCLocker Initiated GC) [PSYoungGen: 143219K->73476K(175104K)] 480512K->410897K(699392K), 0.0133261 secs] [Times: user=0.21 sys=0.00, real=0.02 secs] 
2016-09-15T12:29:09.206-0400: 182.931: [GC (GCLocker Initiated GC) [PSYoungGen: 161540K->61426K(175104K)] 505228K->405234K(699392K), 0.0076794 secs] [Times: user=0.10 sys=0.00, real=0.01 secs] 
2016-09-15T12:29:09.314-0400: 183.039: [GC (GCLocker Initiated GC) [PSYoungGen: 149490K->79779K(175104K)] 499487K->490866K(699392K), 0.0259893 secs] [Times: user=0.41 sys=0.00, real=0.03 secs] 
2016-09-15T12:29:09.468-0400: 183.194: [GC (Allocation Failure) [PSYoungGen: 167843K->73968K(175104K)] 579179K->540115K(699392K), 0.0126529 secs] [Times: user=0.15 sys=0.01, real=0.01 secs] 
2016-09-15T12:29:09.481-0400: 183.206: [Full GC (Ergonomics) [PSYoungGen: 73968K->0K(175104K)] [ParOldGen: 466147K->54220K(524288K)] 540115K->54220K(699392K), [Metaspace: 44498K->44498K(1087488K)], 0.0457959 secs] [Times: user=0.40 sys=0.00, real=0.04 secs] 
2016-09-15T12:29:09.622-0400: 183.347: [GC (GCLocker Initiated GC) [PSYoungGen: 88064K->85690K(175104K)] 142289K->164216K(699392K), 0.0107324 secs] [Times: user=0.17 sys=0.00, real=0.01 secs] 
2016-09-15T12:29:09.740-0400: 183.465: [GC (Allocation Failure) [PSYoungGen: 173754K->55775K(175104K)] 264476K->201324K(699392K), 0.0109559 secs] [Times: user=0.15 sys=0.00, real=0.01 secs] 
2016-09-15T12:29:09.873-0400: 183.598: [GC (GCLocker Initiated GC) [PSYoungGen: 138208K->55970K(175104K)] 289833K->208074K(699392K), 0.0089926 secs] [Times: user=0.14 sys=0.01, real=0.01 secs] 
2016-09-15T12:29:09.992-0400: 183.717: [GC (Allocation Failure) [PSYoungGen: 144034K->73608K(175104K)] 296314K->226023K(699392K), 0.0119156 secs] [Times: user=0.18 sys=0.00, real=0.01 secs] 
2016-09-15T12:29:10.091-0400: 183.816: [GC (GCLocker Initiated GC) [PSYoungGen: 155612K->73804K(175104K)] 314102K->250670K(699392K), 0.0079390 secs] [Times: user=0.11 sys=0.01, real=0.01 secs] 
2016-09-15T12:29:10.237-0400: 183.962: [GC (GCLocker Initiated GC) [PSYoungGen: 161868K->86182K(175104K)] 339022K->306177K(699392K), 0.0124700 secs] [Times: user=0.17 sys=0.00, real=0.01 secs] 
2016-09-15T12:29:10.363-0400: 184.088: [GC (GCLocker Initiated GC) [PSYoungGen: 174246K->55515K(175104K)] 394607K->294245K(699392K), 0.0117196 secs] [Times: user=0.14 sys=0.00, real=0.01 secs] 
2016-09-15T12:29:10.512-0400: 184.237: [GC (Allocation Failure) [PSYoungGen: 143579K->61262K(175104K)] 394579K->330795K(699392K), 0.0078170 secs] [Times: user=0.10 sys=0.00, real=0.01 secs] 
2016-09-15T12:29:10.653-0400: 184.378: [GC (GCLocker Initiated GC) [PSYoungGen: 145915K->55187K(175104K)] 421523K->373455K(699392K), 0.0117497 secs] [Times: user=0.12 sys=0.01, real=0.01 secs] 
2016-09-15T12:29:10.784-0400: 184.509: [GC (GCLocker Initiated GC) [PSYoungGen: 143251K->74132K(175104K)] 461882K->392906K(699392K), 0.0066451 secs] [Times: user=0.06 sys=0.00, real=0.01 secs] 
2016-09-15T12:29:10.893-0400: 184.618: [GC (GCLocker Initiated GC) [PSYoungGen: 162196K->73476K(175104K)] 487244K->417073K(699392K), 0.0148987 secs] [Times: user=0.19 sys=0.00, real=0.02 secs] 
2016-09-15T12:29:11.014-0400: 184.739: [GC (GCLocker Initiated GC) [PSYoungGen: 161540K->79683K(175104K)] 505177K->441681K(699392K), 0.0165122 secs] [Times: user=0.19 sys=0.00, real=0.02 secs] 
2016-09-15T12:29:11.144-0400: 184.869: [GC (GCLocker Initiated GC) [PSYoungGen: 167747K->55999K(175104K)] 529747K->454780K(699392K), 0.0107210 secs] [Times: user=0.17 sys=0.00, real=0.01 secs] 
2016-09-15T12:29:11.259-0400: 184.984: [GC (Allocation Failure) [PSYoungGen: 144063K->85822K(175104K)] 543087K->509538K(699392K), 0.0108057 secs] [Times: user=0.12 sys=0.00, real=0.01 secs] 
2016-09-15T12:29:11.395-0400: 185.120: [GC (GCLocker Initiated GC) [PSYoungGen: 170787K->73576K(175104K)] 600579K->503470K(699392K), 0.0098465 secs] [Times: user=0.14 sys=0.00, real=0.01 secs] 
2016-09-15T12:29:11.505-0400: 185.230: [GC (GCLocker Initiated GC) [PSYoungGen: 161640K->73672K(175104K)] 591672K->540501K(699392K), 0.0119075 secs] [Times: user=0.15 sys=0.01, real=0.02 secs] 
2016-09-15T12:29:11.517-0400: 185.242: [Full GC (Ergonomics) [PSYoungGen: 73672K->0K(175104K)] [ParOldGen: 466829K->41743K(524288K)] 540501K->41743K(699392K), [Metaspace: 44498K->44498K(1087488K)], 0.0434094 secs] [Times: user=0.27 sys=0.00, real=0.04 secs] 
2016-09-15T12:29:11.663-0400: 185.388: [GC (GCLocker Initiated GC) [PSYoungGen: 88064K->86242K(175104K)] 130101K->152579K(699392K), 0.0211247 secs] [Times: user=0.31 sys=0.01, real=0.02 secs] 
2016-09-15T12:29:11.795-0400: 185.520: [GC (Allocation Failure) [PSYoungGen: 174306K->73608K(175104K)] 240763K->177266K(699392K), 0.0109165 secs] [Times: user=0.15 sys=0.00, real=0.01 secs] 
2016-09-15T12:29:11.926-0400: 185.651: [GC (GCLocker Initiated GC) [PSYoungGen: 161672K->55251K(175104K)] 265336K->213906K(699392K), 0.0120005 secs] [Times: user=0.18 sys=0.00, real=0.02 secs] 
2016-09-15T12:29:12.055-0400: 185.780: [GC (GCLocker Initiated GC) [PSYoungGen: 143315K->86018K(175104K)] 302018K->275255K(699392K), 0.0118384 secs] [Times: user=0.17 sys=0.00, real=0.01 secs] 
2016-09-15T12:29:12.156-0400: 185.881: [GC (GCLocker Initiated GC) [PSYoungGen: 174082K->85986K(175104K)] 363400K->336526K(699392K), 0.0122498 secs] [Times: user=0.19 sys=0.00, real=0.01 secs] 
2016-09-15T12:29:12.284-0400: 186.009: [GC (GCLocker Initiated GC) [PSYoungGen: 174050K->74032K(175104K)] 430713K->403927K(699392K), 0.0139565 secs] [Times: user=0.22 sys=0.00, real=0.02 secs] 
2016-09-15T12:29:12.406-0400: 186.131: [GC (GCLocker Initiated GC) [PSYoungGen: 162096K->85790K(175104K)] 492030K->470731K(699392K), 0.0133974 secs] [Times: user=0.21 sys=0.00, real=0.02 secs] 
2016-09-15T12:29:12.526-0400: 186.251: [GC (GCLocker Initiated GC) [PSYoungGen: 173854K->86150K(175104K)] 558898K->495817K(699392K), 0.0126920 secs] [Times: user=0.19 sys=0.00, real=0.02 secs] 
2016-09-15T12:29:12.675-0400: 186.400: [GC (GCLocker Initiated GC) [PSYoungGen: 174214K->61394K(175104K)] 590312K->526327K(699392K), 0.0145138 secs] [Times: user=0.13 sys=0.00, real=0.02 secs] 
2016-09-15T12:29:12.689-0400: 186.415: [Full GC (Ergonomics) [PSYoungGen: 61394K->0K(175104K)] [ParOldGen: 464933K->59643K(524288K)] 526327K->59643K(699392K), [Metaspace: 44498K->44498K(1087488K)], 0.0501195 secs] [Times: user=0.49 sys=0.01, real=0.05 secs] 
2016-09-15T12:29:12.849-0400: 186.574: [GC (GCLocker Initiated GC) [PSYoungGen: 88064K->74263K(175104K)] 153802K->140002K(699392K), 0.0091164 secs] [Times: user=0.13 sys=0.00, real=0.01 secs] 
2016-09-15T12:29:12.978-0400: 186.703: [GC (GCLocker Initiated GC) [PSYoungGen: 162327K->37354K(175104K)] 240477K->152753K(699392K), 0.0096763 secs] [Times: user=0.14 sys=0.00, real=0.01 secs] 
2016-09-15T12:29:13.104-0400: 186.829: [GC (GCLocker Initiated GC) [PSYoungGen: 125418K->73576K(175104K)] 253008K->201442K(699392K), 0.0092205 secs] [Times: user=0.12 sys=0.00, real=0.01 secs] 
2016-09-15T12:29:13.238-0400: 186.963: [GC (Allocation Failure) [PSYoungGen: 161640K->86250K(175104K)] 289872K->220677K(699392K), 0.0148428 secs] [Times: user=0.18 sys=0.00, real=0.01 secs] 
2016-09-15T12:29:13.253-0400: 186.978: [GC (GCLocker Initiated GC) [PSYoungGen: 86259K->256K(175104K)] 220687K->226718K(699392K), 0.0100852 secs] [Times: user=0.15 sys=0.00, real=0.01 secs] 
2016-09-15T12:29:13.400-0400: 187.125: [GC (Allocation Failure) [PSYoungGen: 88320K->73772K(175104K)] 314782K->300242K(699392K), 0.0095783 secs] [Times: user=0.12 sys=0.00, real=0.01 secs] 
2016-09-15T12:29:13.518-0400: 187.243: [GC (GCLocker Initiated GC) [PSYoungGen: 161836K->73476K(175104K)] 388312K->349195K(699392K), 0.0125101 secs] [Times: user=0.18 sys=0.00, real=0.01 secs] 
2016-09-15T12:29:13.646-0400: 187.371: [GC (GCLocker Initiated GC) [PSYoungGen: 161540K->73640K(175104K)] 443539K->392216K(699392K), 0.0233918 secs] [Times: user=0.30 sys=0.00, real=0.03 secs] 
2016-09-15T12:29:13.769-0400: 187.494: [GC (GCLocker Initiated GC) [PSYoungGen: 161704K->49308K(175104K)] 480378K->435131K(699392K), 0.0115480 secs] [Times: user=0.15 sys=0.00, real=0.01 secs] 
2016-09-15T12:29:13.896-0400: 187.621: [GC (GCLocker Initiated GC) [PSYoungGen: 137372K->67601K(175104K)] 529524K->478286K(699392K), 0.0095878 secs] [Times: user=0.10 sys=0.00, real=0.00 secs] 
2016-09-15T12:29:14.048-0400: 187.773: [GC (Allocation Failure) [PSYoungGen: 155665K->55643K(175104K)] 572497K->521366K(699392K), 0.0247343 secs] [Times: user=0.30 sys=0.00, real=0.02 secs] 
2016-09-15T12:29:14.073-0400: 187.798: [Full GC (Ergonomics) [PSYoungGen: 55643K->0K(175104K)] [ParOldGen: 465723K->47737K(524288K)] 521366K->47737K(699392K), [Metaspace: 44499K->44499K(1087488K)], 0.0569374 secs] [Times: user=0.43 sys=0.01, real=0.06 secs] 
2016-09-15T12:29:14.237-0400: 187.962: [GC (GCLocker Initiated GC) [PSYoungGen: 88064K->85822K(175104K)] 135802K->145710K(699392K), 0.0101949 secs] [Times: user=0.13 sys=0.01, real=0.01 secs] 
2016-09-15T12:29:14.350-0400: 188.075: [GC (Allocation Failure) [PSYoungGen: 173886K->67533K(175104K)] 234068K->182682K(699392K), 0.0105231 secs] [Times: user=0.13 sys=0.00, real=0.01 secs] 
2016-09-15T12:29:14.486-0400: 188.211: [GC (GCLocker Initiated GC) [PSYoungGen: 155289K->55579K(175104K)] 276513K->219612K(699392K), 0.0114994 secs] [Times: user=0.15 sys=0.00, real=0.02 secs] 
2016-09-15T12:29:14.630-0400: 188.355: [GC (Allocation Failure) [PSYoungGen: 143643K->73412K(175104K)] 307734K->256183K(699392K), 0.0143400 secs] [Times: user=0.19 sys=0.00, real=0.01 secs] 
2016-09-15T12:29:14.769-0400: 188.494: [GC (GCLocker Initiated GC) [PSYoungGen: 157773K->55515K(175104K)] 346620K->274872K(699392K), 0.0123196 secs] [Times: user=0.13 sys=0.00, real=0.01 secs] 
2016-09-15T12:29:14.897-0400: 188.622: [GC (Allocation Failure) [PSYoungGen: 143579K->61298K(175104K)] 363269K->299636K(699392K), 0.0078126 secs] [Times: user=0.09 sys=0.00, real=0.00 secs] 
2016-09-15T12:29:15.036-0400: 188.761: [GC (GCLocker Initiated GC) [PSYoungGen: 149362K->73804K(175104K)] 387706K->330508K(699392K), 0.0110243 secs] [Times: user=0.16 sys=0.00, real=0.00 secs] 
2016-09-15T12:29:15.140-0400: 188.865: [GC (GCLocker Initiated GC) [PSYoungGen: 161868K->73576K(175104K)] 418671K->348895K(699392K), 0.0100433 secs] [Times: user=0.15 sys=0.00, real=0.01 secs] 
2016-09-15T12:29:15.799-0400: 189.524: [GC (GCLocker Initiated GC) [PSYoungGen: 161640K->67597K(175104K)] 443065K->391674K(699392K), 0.0109460 secs] [Times: user=0.12 sys=0.00, real=0.01 secs] 
2016-09-15T12:29:15.937-0400: 189.663: [GC (GCLocker Initiated GC) [PSYoungGen: 155661K->61494K(175104K)] 479919K->416474K(699392K), 0.0131020 secs] [Times: user=0.14 sys=0.00, real=0.01 secs] 
2016-09-15T12:29:16.081-0400: 189.806: [GC (GCLocker Initiated GC) [PSYoungGen: 149558K->30923K(175104K)] 517521K->435604K(699392K), 0.0082806 secs] [Times: user=0.07 sys=0.00, real=0.01 secs] 
2016-09-15T12:29:16.209-0400: 189.934: [GC (GCLocker Initiated GC) [PSYoungGen: 118987K->73480K(175104K)] 523820K->490738K(699392K), 0.0112348 secs] [Times: user=0.10 sys=0.00, real=0.01 secs] 
2016-09-15T12:29:16.346-0400: 190.071: [GC (GCLocker Initiated GC) [PSYoungGen: 161544K->73608K(175104K)] 579152K->534033K(699392K), 0.0127334 secs] [Times: user=0.13 sys=0.01, real=0.02 secs] 
2016-09-15T12:29:16.359-0400: 190.084: [Full GC (Ergonomics) [PSYoungGen: 73608K->0K(175104K)] [ParOldGen: 460425K->53860K(524288K)] 534033K->53860K(699392K), [Metaspace: 44499K->44499K(1087488K)], 0.0650521 secs] [Times: user=0.41 sys=0.03, real=0.06 secs] 
2016-09-15T12:29:16.547-0400: 190.272: [GC (GCLocker Initiated GC) [PSYoungGen: 88064K->86150K(175104K)] 142228K->152465K(699392K), 0.0098284 secs] [Times: user=0.11 sys=0.00, real=0.02 secs] 
2016-09-15T12:29:16.686-0400: 190.411: [GC (Allocation Failure) [PSYoungGen: 174214K->61358K(175104K)] 246724K->189358K(699392K), 0.0118264 secs] [Times: user=0.19 sys=0.00, real=0.02 secs] 
2016-09-15T12:29:16.805-0400: 190.531: [GC (Allocation Failure) [PSYoungGen: 149422K->86118K(175104K)] 277422K->250744K(699392K), 0.0112655 secs] [Times: user=0.17 sys=0.00, real=0.02 secs] 
2016-09-15T12:29:16.930-0400: 190.655: [GC (GCLocker Initiated GC) [PSYoungGen: 174182K->86018K(175104K)] 338813K->299893K(699392K), 0.0137548 secs] [Times: user=0.20 sys=0.01, real=0.01 secs] 
2016-09-15T12:29:17.054-0400: 190.779: [GC (GCLocker Initiated GC) [PSYoungGen: 174082K->86182K(175104K)] 388004K->373172K(699392K), 0.0142476 secs] [Times: user=0.20 sys=0.01, real=0.02 secs] 
2016-09-15T12:29:17.202-0400: 190.927: [GC (Allocation Failure) [PSYoungGen: 174246K->43005K(175104K)] 473438K->415373K(699392K), 0.0114717 secs] [Times: user=0.10 sys=0.01, real=0.01 secs] 
2016-09-15T12:29:17.335-0400: 191.060: [GC (GCLocker Initiated GC) [PSYoungGen: 131069K->85954K(175104K)] 503443K->494945K(699392K), 0.0182818 secs] [Times: user=0.22 sys=0.00, real=0.02 secs] 
2016-09-15T12:29:17.498-0400: 191.223: [GC (GCLocker Initiated GC) [PSYoungGen: 174018K->73576K(175104K)] 583249K->531699K(699392K), 0.0126113 secs] [Times: user=0.16 sys=0.00, real=0.01 secs] 
2016-09-15T12:29:17.510-0400: 191.235: [Full GC (Ergonomics) [PSYoungGen: 73576K->0K(175104K)] [ParOldGen: 458123K->52754K(524288K)] 531699K->52754K(699392K), [Metaspace: 44499K->44499K(1087488K)], 0.0695550 secs] [Times: user=0.53 sys=0.01, real=0.07 secs] 
2016-09-15T12:29:17.725-0400: 191.450: [GC (GCLocker Initiated GC) [PSYoungGen: 88064K->86210K(175104K)] 147231K->151452K(699392K), 0.0108828 secs] [Times: user=0.18 sys=0.00, real=0.01 secs] 
2016-09-15T12:29:17.860-0400: 191.585: [GC (GCLocker Initiated GC) [PSYoungGen: 174274K->55123K(175104K)] 239581K->157387K(699392K), 0.0168290 secs] [Times: user=0.16 sys=0.00, real=0.02 secs] 
2016-09-15T12:29:18.004-0400: 191.729: [GC (GCLocker Initiated GC) [PSYoungGen: 143187K->85954K(175104K)] 251743K->255387K(699392K), 0.0175176 secs] [Times: user=0.22 sys=0.00, real=0.02 secs] 
2016-09-15T12:29:18.129-0400: 191.854: [GC (GCLocker Initiated GC) [PSYoungGen: 174018K->61622K(175104K)] 349742K->292344K(699392K), 0.0174581 secs] [Times: user=0.25 sys=0.01, real=0.01 secs] 
2016-09-15T12:29:18.261-0400: 191.986: [GC (GCLocker Initiated GC) [PSYoungGen: 149686K->73836K(175104K)] 380539K->323213K(699392K), 0.0107469 secs] [Times: user=0.16 sys=0.00, real=0.01 secs] 
2016-09-15T12:29:18.410-0400: 192.135: [GC (GCLocker Initiated GC) [PSYoungGen: 161900K->36934K(175104K)] 417562K->311080K(699392K), 0.0159247 secs] [Times: user=0.14 sys=0.00, real=0.01 secs] 
2016-09-15T12:29:18.544-0400: 192.269: [GC (GCLocker Initiated GC) [PSYoungGen: 124998K->55255K(175104K)] 405306K->335987K(699392K), 0.0251040 secs] [Times: user=0.26 sys=0.00, real=0.03 secs] 
2016-09-15T12:29:18.684-0400: 192.410: [GC (Allocation Failure) [PSYoungGen: 143319K->85726K(175104K)] 424120K->403253K(699392K), 0.0235327 secs] [Times: user=0.28 sys=0.00, real=0.03 secs] 
2016-09-15T12:29:18.838-0400: 192.563: [GC (GCLocker Initiated GC) [PSYoungGen: 171217K->55383K(175104K)] 494819K->433960K(699392K), 0.0104651 secs] [Times: user=0.14 sys=0.00, real=0.01 secs] 
2016-09-15T12:29:19.004-0400: 192.729: [GC (GCLocker Initiated GC) [PSYoungGen: 143447K->85530K(175104K)] 528146K->482639K(699392K), 0.0101875 secs] [Times: user=0.13 sys=0.00, real=0.01 secs] 
2016-09-15T12:29:19.127-0400: 192.852: [GC (GCLocker Initiated GC) [PSYoungGen: 173594K->73412K(175104K)] 571179K->525808K(699392K), 0.0115489 secs] [Times: user=0.16 sys=0.01, real=0.02 secs] 
2016-09-15T12:29:19.138-0400: 192.863: [Full GC (Ergonomics) [PSYoungGen: 73412K->0K(175104K)] [ParOldGen: 452396K->46803K(524288K)] 525808K->46803K(699392K), [Metaspace: 44500K->44500K(1087488K)], 0.0680144 secs] [Times: user=0.55 sys=0.01, real=0.06 secs] 
2016-09-15T12:29:19.327-0400: 193.052: [GC (GCLocker Initiated GC) [PSYoungGen: 88064K->86274K(175104K)] 134898K->151333K(699392K), 0.0094874 secs] [Times: user=0.11 sys=0.02, real=0.02 secs] 
2016-09-15T12:29:19.440-0400: 193.165: [GC (GCLocker Initiated GC) [PSYoungGen: 174338K->86118K(175104K)] 239607K->194653K(699392K), 0.0125408 secs] [Times: user=0.19 sys=0.00, real=0.01 secs] 
2016-09-15T12:29:19.551-0400: 193.276: [GC (GCLocker Initiated GC) [PSYoungGen: 174182K->85790K(175104K)] 282809K->212942K(699392K), 0.0134006 secs] [Times: user=0.17 sys=0.01, real=0.01 secs] 
2016-09-15T12:29:19.686-0400: 193.411: [GC (GCLocker Initiated GC) [PSYoungGen: 173854K->79683K(175104K)] 301077K->255830K(699392K), 0.0114766 secs] [Times: user=0.15 sys=0.00, real=0.02 secs] 
2016-09-15T12:29:19.830-0400: 193.555: [GC (GCLocker Initiated GC) [PSYoungGen: 167747K->55579K(175104K)] 350017K->280673K(699392K), 0.0126145 secs] [Times: user=0.16 sys=0.00, real=0.01 secs] 
2016-09-15T12:29:19.977-0400: 193.702: [GC (GCLocker Initiated GC) [PSYoungGen: 143643K->55415K(175104K)] 368953K->299390K(699392K), 0.0231000 secs] [Times: user=0.28 sys=0.01, real=0.02 secs] 
2016-09-15T12:29:20.121-0400: 193.847: [GC (GCLocker Initiated GC) [PSYoungGen: 143479K->85922K(175104K)] 387574K->354468K(699392K), 0.0184849 secs] [Times: user=0.22 sys=0.00, real=0.02 secs] 
2016-09-15T12:29:20.320-0400: 194.046: [GC (GCLocker Initiated GC) [PSYoungGen: 173986K->49080K(175104K)] 454903K->330413K(699392K), 0.0084937 secs] [Times: user=0.09 sys=0.00, real=0.01 secs] 
2016-09-15T12:29:20.495-0400: 194.220: [GC (GCLocker Initiated GC) [PSYoungGen: 137144K->54995K(175104K)] 424645K->372974K(699392K), 0.0136123 secs] [Times: user=0.16 sys=0.00, real=0.02 secs] 
2016-09-15T12:29:20.614-0400: 194.339: [GC (GCLocker Initiated GC) [PSYoungGen: 143059K->85626K(175104K)] 461125K->446361K(699392K), 0.0226039 secs] [Times: user=0.28 sys=0.00, real=0.03 secs] 
2016-09-15T12:29:20.769-0400: 194.494: [GC (GCLocker Initiated GC) [PSYoungGen: 173690K->37357K(175104K)] 546762K->459117K(699392K), 0.0253767 secs] [Times: user=0.29 sys=0.01, real=0.02 secs] 
2016-09-15T12:29:20.923-0400: 194.648: [GC (GCLocker Initiated GC) [PSYoungGen: 125421K->73772K(175104K)] 553612K->520650K(699392K), 0.0092068 secs] [Times: user=0.10 sys=0.00, real=0.01 secs] 
2016-09-15T12:29:21.069-0400: 194.794: [GC (GCLocker Initiated GC) [PSYoungGen: 161836K->85562K(175104K)] 608846K->563098K(699392K), 0.0295072 secs] [Times: user=0.31 sys=0.00, real=0.03 secs] 
2016-09-15T12:29:21.099-0400: 194.824: [Full GC (Ergonomics) [PSYoungGen: 85562K->0K(175104K)] [ParOldGen: 477536K->52757K(524288K)] 563098K->52757K(699392K), [Metaspace: 44500K->44500K(1087488K)], 0.0735373 secs] [Times: user=0.60 sys=0.03, real=0.07 secs] 
2016-09-15T12:29:21.289-0400: 195.014: [GC (GCLocker Initiated GC) [PSYoungGen: 88064K->86498K(175104K)] 147333K->170068K(699392K), 0.0115221 secs] [Times: user=0.17 sys=0.01, real=0.01 secs] 
2016-09-15T12:29:21.420-0400: 195.145: [GC (GCLocker Initiated GC) [PSYoungGen: 174562K->79683K(175104K)] 258302K->200872K(699392K), 0.0118596 secs] [Times: user=0.15 sys=0.00, real=0.01 secs] 
2016-09-15T12:29:21.567-0400: 195.292: [GC (GCLocker Initiated GC) [PSYoungGen: 167747K->79651K(175104K)] 289303K->256009K(699392K), 0.0206075 secs] [Times: user=0.22 sys=0.00, real=0.02 secs] 
2016-09-15T12:29:21.710-0400: 195.435: [GC (GCLocker Initiated GC) [PSYoungGen: 167715K->86150K(175104K)] 344206K->335676K(699392K), 0.0144023 secs] [Times: user=0.22 sys=0.00, real=0.01 secs] 
2016-09-15T12:29:21.866-0400: 195.591: [GC (GCLocker Initiated GC) [PSYoungGen: 174214K->55483K(175104K)] 424612K->378909K(699392K), 0.0207255 secs] [Times: user=0.19 sys=0.03, real=0.02 secs] 
2016-09-15T12:29:22.000-0400: 195.725: [GC (GCLocker Initiated GC) [PSYoungGen: 143547K->85790K(175104K)] 467227K->409770K(699392K), 0.0082460 secs] [Times: user=0.11 sys=0.00, real=0.01 secs] 
2016-09-15T12:29:22.103-0400: 195.828: [GC (GCLocker Initiated GC) [PSYoungGen: 173854K->85822K(175104K)] 498195K->477452K(699392K), 0.0135522 secs] [Times: user=0.20 sys=0.00, real=0.02 secs] 
2016-09-15T12:29:22.248-0400: 195.973: [GC (GCLocker Initiated GC) [PSYoungGen: 173886K->79879K(175104K)] 565776K->514593K(699392K), 0.0165574 secs] [Times: user=0.18 sys=0.00, real=0.01 secs] 
2016-09-15T12:29:22.264-0400: 195.990: [Full GC (Ergonomics) [PSYoungGen: 79879K->0K(175104K)] [ParOldGen: 434714K->52908K(524288K)] 514593K->52908K(699392K), [Metaspace: 44500K->44500K(1087488K)], 0.0606585 secs] [Times: user=0.42 sys=0.01, real=0.06 secs] 
2016-09-15T12:29:22.497-0400: 196.222: [GC (Allocation Failure) [PSYoungGen: 88064K->85726K(175104K)] 147387K->151125K(699392K), 0.0271365 secs] [Times: user=0.28 sys=0.00, real=0.02 secs] 
2016-09-15T12:29:22.525-0400: 196.250: [GC (GCLocker Initiated GC) [PSYoungGen: 85744K->64K(175104K)] 151142K->150891K(699392K), 0.0096715 secs] [Times: user=0.08 sys=0.00, real=0.01 secs] 
2016-09-15T12:29:22.649-0400: 196.374: [GC (GCLocker Initiated GC) [PSYoungGen: 88128K->79911K(175104K)] 238960K->230743K(699392K), 0.0112704 secs] [Times: user=0.08 sys=0.00, real=0.01 secs] 
2016-09-15T12:29:22.795-0400: 196.520: [GC (GCLocker Initiated GC) [PSYoungGen: 167975K->43301K(175104K)] 325053K->249519K(699392K), 0.0097280 secs] [Times: user=0.08 sys=0.00, real=0.01 secs] 
2016-09-15T12:29:22.903-0400: 196.628: [GC (GCLocker Initiated GC) [PSYoungGen: 131365K->85790K(175104K)] 337780K->316789K(699392K), 0.0254227 secs] [Times: user=0.34 sys=0.00, real=0.03 secs] 
2016-09-15T12:29:23.051-0400: 196.776: [GC (GCLocker Initiated GC) [PSYoungGen: 173854K->31442K(175104K)] 410965K->305131K(699392K), 0.0083308 secs] [Times: user=0.09 sys=0.01, real=0.01 secs] 
2016-09-15T12:29:23.179-0400: 196.904: [GC (Allocation Failure) [PSYoungGen: 119506K->61426K(175104K)] 393472K->384291K(699392K), 0.0110471 secs] [Times: user=0.13 sys=0.01, real=0.01 secs] 
2016-09-15T12:29:23.300-0400: 197.025: [GC (GCLocker Initiated GC) [PSYoungGen: 147396K->73576K(175104K)] 476336K->451439K(699392K), 0.0115510 secs] [Times: user=0.18 sys=0.00, real=0.01 secs] 
2016-09-15T12:29:23.449-0400: 197.174: [GC (GCLocker Initiated GC) [PSYoungGen: 161640K->73672K(175104K)] 539578K->464044K(699392K), 0.0123071 secs] [Times: user=0.10 sys=0.00, real=0.01 secs] 
2016-09-15T12:29:23.589-0400: 197.314: [GC (Allocation Failure) [PSYoungGen: 161736K->43073K(175104K)] 552217K->482397K(699392K), 0.0172934 secs] [Times: user=0.14 sys=0.00, real=0.01 secs] 
2016-09-15T12:29:23.606-0400: 197.331: [Full GC (Ergonomics) [PSYoungGen: 43073K->0K(175104K)] [ParOldGen: 439324K->52934K(524288K)] 482397K->52934K(699392K), [Metaspace: 44501K->44501K(1087488K)], 0.0591817 secs] [Times: user=0.28 sys=0.01, real=0.06 secs] 
2016-09-15T12:29:23.781-0400: 197.506: [GC (GCLocker Initiated GC) [PSYoungGen: 85445K->74676K(175104K)] 144455K->133685K(699392K), 0.0091924 secs] [Times: user=0.12 sys=0.00, real=0.01 secs] 
2016-09-15T12:29:23.934-0400: 197.659: [GC (GCLocker Initiated GC) [PSYoungGen: 162740K->79519K(175104K)] 221780K->158096K(699392K), 0.0097674 secs] [Times: user=0.13 sys=0.00, real=0.01 secs] 
2016-09-15T12:29:24.064-0400: 197.789: [GC (Allocation Failure) [PSYoungGen: 167583K->85658K(175104K)] 246409K->213211K(699392K), 0.0130245 secs] [Times: user=0.19 sys=0.00, real=0.02 secs] 
2016-09-15T12:29:24.199-0400: 197.924: [GC (GCLocker Initiated GC) [PSYoungGen: 170916K->43137K(175104K)] 304544K->225485K(699392K), 0.0152128 secs] [Times: user=0.19 sys=0.00, real=0.01 secs] 
2016-09-15T12:29:24.323-0400: 198.049: [GC (GCLocker Initiated GC) [PSYoungGen: 131201K->55643K(175104K)] 320249K->263224K(699392K), 0.0081417 secs] [Times: user=0.09 sys=0.00, real=0.01 secs] 
2016-09-15T12:29:24.468-0400: 198.193: [GC (GCLocker Initiated GC) [PSYoungGen: 143707K->73640K(175104K)] 357646K->306119K(699392K), 0.0254793 secs] [Times: user=0.31 sys=0.01, real=0.02 secs] 
2016-09-15T12:29:24.604-0400: 198.329: [GC (Allocation Failure) [PSYoungGen: 161704K->73672K(175104K)] 394454K->324791K(699392K), 0.0110472 secs] [Times: user=0.16 sys=0.00, real=0.01 secs] 
2016-09-15T12:29:24.727-0400: 198.452: [GC (GCLocker Initiated GC) [PSYoungGen: 160741K->74000K(175104K)] 417936K->349594K(699392K), 0.0106707 secs] [Times: user=0.17 sys=0.00, real=0.02 secs] 
2016-09-15T12:29:24.868-0400: 198.593: [GC (GCLocker Initiated GC) [PSYoungGen: 162064K->73608K(175104K)] 437941K->386562K(699392K), 0.0096139 secs] [Times: user=0.10 sys=0.00, real=0.01 secs] 
2016-09-15T12:29:25.006-0400: 198.731: [GC (GCLocker Initiated GC) [PSYoungGen: 161672K->73936K(175104K)] 481051K->411667K(699392K), 0.0137370 secs] [Times: user=0.13 sys=0.00, real=0.02 secs] 
2016-09-15T12:29:25.162-0400: 198.888: [GC (GCLocker Initiated GC) [PSYoungGen: 162000K->37130K(175104K)] 506010K->399953K(699392K), 0.0145707 secs] [Times: user=0.12 sys=0.01, real=0.02 secs] 
2016-09-15T12:29:25.300-0400: 199.025: [GC (GCLocker Initiated GC) [PSYoungGen: 125194K->55191K(175104K)] 494094K->424186K(699392K), 0.0311775 secs] [Times: user=0.36 sys=0.00, real=0.03 secs] 
2016-09-15T12:29:25.449-0400: 199.174: [GC (GCLocker Initiated GC) [PSYoungGen: 143255K->73416K(175104K)] 512410K->442831K(699392K), 0.0113419 secs] [Times: user=0.09 sys=0.00, real=0.01 secs] 
2016-09-15T12:29:25.600-0400: 199.325: [GC (GCLocker Initiated GC) [PSYoungGen: 161480K->55483K(175104K)] 537123K->449650K(699392K), 0.0132486 secs] [Times: user=0.14 sys=0.01, real=0.01 secs] 
2016-09-15T12:29:25.752-0400: 199.477: [GC (Allocation Failure) [PSYoungGen: 143547K->73708K(175104K)] 544010K->492828K(699392K), 0.0153525 secs] [Times: user=0.17 sys=0.00, real=0.02 secs] 
2016-09-15T12:29:25.890-0400: 199.615: [GC (GCLocker Initiated GC) [PSYoungGen: 155734K->55187K(175104K)] 580930K->523066K(699392K), 0.0177848 secs] [Times: user=0.18 sys=0.01, real=0.02 secs] 
2016-09-15T12:29:25.908-0400: 199.633: [Full GC (Ergonomics) [PSYoungGen: 55187K->0K(175104K)] [ParOldGen: 467879K->53244K(524288K)] 523066K->53244K(699392K), [Metaspace: 44501K->44501K(1087488K)], 0.0659359 secs] [Times: user=0.37 sys=0.01, real=0.06 secs] 
2016-09-15T12:29:26.072-0400: 199.798: [GC (GCLocker Initiated GC) [PSYoungGen: 88064K->86530K(175104K)] 141373K->182364K(699392K), 0.0111877 secs] [Times: user=0.14 sys=0.00, real=0.01 secs] 
2016-09-15T12:29:26.206-0400: 199.931: [GC (GCLocker Initiated GC) [PSYoungGen: 174594K->67793K(175104K)] 270581K->249830K(699392K), 0.0161249 secs] [Times: user=0.20 sys=0.00, real=0.02 secs] 
2016-09-15T12:29:26.318-0400: 200.044: [GC (GCLocker Initiated GC) [PSYoungGen: 155857K->85854K(175104K)] 338131K->310813K(699392K), 0.0123746 secs] [Times: user=0.19 sys=0.00, real=0.01 secs] 
2016-09-15T12:29:26.445-0400: 200.170: [GC (GCLocker Initiated GC) [PSYoungGen: 173918K->85822K(175104K)] 399048K->347553K(699392K), 0.0124724 secs] [Times: user=0.19 sys=0.00, real=0.02 secs] 
2016-09-15T12:29:26.575-0400: 200.300: [GC (GCLocker Initiated GC) [PSYoungGen: 173886K->86086K(175104K)] 435648K->384629K(699392K), 0.0135154 secs] [Times: user=0.19 sys=0.00, real=0.02 secs] 
2016-09-15T12:29:26.717-0400: 200.442: [GC (GCLocker Initiated GC) [PSYoungGen: 174150K->79555K(175104K)] 478816K->433269K(699392K), 0.0114835 secs] [Times: user=0.13 sys=0.00, real=0.01 secs] 
2016-09-15T12:29:26.862-0400: 200.587: [GC (GCLocker Initiated GC) [PSYoungGen: 167619K->67761K(175104K)] 527674K->476716K(699392K), 0.0215547 secs] [Times: user=0.28 sys=0.00, real=0.02 secs] 
2016-09-15T12:29:27.021-0400: 200.746: [GC (Allocation Failure) [PSYoungGen: 155825K->67401K(175104K)] 565001K->525500K(699392K), 0.0132795 secs] [Times: user=0.19 sys=0.00, real=0.01 secs] 
2016-09-15T12:29:27.034-0400: 200.759: [Full GC (Ergonomics) [PSYoungGen: 67401K->0K(175104K)] [ParOldGen: 458099K->47092K(524288K)] 525500K->47092K(699392K), [Metaspace: 44501K->44501K(1087488K)], 0.0658312 secs] [Times: user=0.48 sys=0.01, real=0.07 secs] 
2016-09-15T12:29:27.221-0400: 200.946: [GC (GCLocker Initiated GC) [PSYoungGen: 88064K->86602K(175104K)] 135162K->176225K(699392K), 0.0126304 secs] [Times: user=0.17 sys=0.00, real=0.01 secs] 
2016-09-15T12:29:27.365-0400: 201.090: [GC (GCLocker Initiated GC) [PSYoungGen: 174666K->55807K(175104K)] 276542K->213274K(699392K), 0.0122935 secs] [Times: user=0.18 sys=0.00, real=0.02 secs] 
2016-09-15T12:29:27.484-0400: 201.209: [GC (GCLocker Initiated GC) [PSYoungGen: 143871K->73672K(175104K)] 301408K->286043K(699392K), 0.0118390 secs] [Times: user=0.18 sys=0.00, real=0.02 secs] 
2016-09-15T12:29:27.634-0400: 201.359: [GC (GCLocker Initiated GC) [PSYoungGen: 161736K->85986K(175104K)] 374441K->323322K(699392K), 0.0116819 secs] [Times: user=0.15 sys=0.00, real=0.01 secs] 
2016-09-15T12:29:27.813-0400: 201.538: [GC (GCLocker Initiated GC) [PSYoungGen: 174050K->18869K(175104K)] 435789K->323572K(699392K), 0.0134737 secs] [Times: user=0.14 sys=0.00, real=0.01 secs] 
2016-09-15T12:29:27.961-0400: 201.687: [GC (Allocation Failure) [PSYoungGen: 106933K->61234K(175104K)] 411678K->366230K(699392K), 0.0203248 secs] [Times: user=0.22 sys=0.00, real=0.02 secs] 
2016-09-15T12:29:28.094-0400: 201.819: [GC (GCLocker Initiated GC) [PSYoungGen: 149298K->85854K(175104K)] 454300K->433541K(699392K), 0.0131024 secs] [Times: user=0.18 sys=0.00, real=0.01 secs] 
2016-09-15T12:29:28.226-0400: 201.951: [GC (GCLocker Initiated GC) [PSYoungGen: 173918K->85822K(175104K)] 521669K->458180K(699392K), 0.0110446 secs] [Times: user=0.15 sys=0.00, real=0.02 secs] 
2016-09-15T12:29:28.382-0400: 202.107: [GC (GCLocker Initiated GC) [PSYoungGen: 173886K->61102K(175104K)] 546348K->452040K(699392K), 0.0106973 secs] [Times: user=0.07 sys=0.00, real=0.01 secs] 
2016-09-15T12:29:28.519-0400: 202.244: [GC (GCLocker Initiated GC) [PSYoungGen: 149166K->85658K(175104K)] 546227K->525411K(699392K), 0.0243652 secs] [Times: user=0.34 sys=0.00, real=0.02 secs] 
2016-09-15T12:29:28.677-0400: 202.403: [Full GC (Ergonomics) [PSYoungGen: 173722K->0K(175104K)] [ParOldGen: 452124K->59137K(524288K)] 625847K->59137K(699392K), [Metaspace: 44509K->44509K(1087488K)], 0.0709751 secs] [Times: user=0.50 sys=0.01, real=0.07 secs] 
2016-09-15T12:29:28.867-0400: 202.592: [GC (GCLocker Initiated GC) [PSYoungGen: 88064K->86406K(175104K)] 153351K->157768K(699392K), 0.0091720 secs] [Times: user=0.11 sys=0.00, real=0.02 secs] 
2016-09-15T12:29:29.026-0400: 202.751: [GC (GCLocker Initiated GC) [PSYoungGen: 174470K->79683K(175104K)] 258030K->200569K(699392K), 0.0108198 secs] [Times: user=0.14 sys=0.01, real=0.02 secs] 
2016-09-15T12:29:29.180-0400: 202.905: [GC (GCLocker Initiated GC) [PSYoungGen: 167747K->31022K(175104K)] 301132K->201118K(699392K), 0.0168489 secs] [Times: user=0.15 sys=0.00, real=0.02 secs] 
2016-09-15T12:29:29.331-0400: 203.056: [GC (GCLocker Initiated GC) [PSYoungGen: 119086K->37713K(175104K)] 301609K->238776K(699392K), 0.0064533 secs] [Times: user=0.07 sys=0.00, real=0.01 secs] 
2016-09-15T12:29:29.468-0400: 203.193: [GC (GCLocker Initiated GC) [PSYoungGen: 125777K->55383K(175104K)] 332973K->262861K(699392K), 0.0070352 secs] [Times: user=0.06 sys=0.01, real=0.00 secs] 
2016-09-15T12:29:29.624-0400: 203.349: [GC (GCLocker Initiated GC) [PSYoungGen: 143447K->73480K(175104K)] 350990K->281135K(699392K), 0.0290085 secs] [Times: user=0.28 sys=0.00, real=0.03 secs] 
2016-09-15T12:29:29.767-0400: 203.492: [GC (GCLocker Initiated GC) [PSYoungGen: 161544K->49080K(175104K)] 375327K->317806K(699392K), 0.0259281 secs] [Times: user=0.24 sys=0.00, real=0.03 secs] 
2016-09-15T12:29:29.927-0400: 203.652: [GC (Allocation Failure) [PSYoungGen: 137144K->30955K(175104K)] 406002K->348532K(699392K), 0.0171064 secs] [Times: user=0.19 sys=0.00, real=0.02 secs] 
2016-09-15T12:29:30.086-0400: 203.811: [GC (GCLocker Initiated GC) [PSYoungGen: 115307K->73608K(175104K)] 438960K->397544K(699392K), 0.0105812 secs] [Times: user=0.14 sys=0.00, real=0.02 secs] 
2016-09-15T12:29:30.233-0400: 203.958: [GC (GCLocker Initiated GC) [PSYoungGen: 161672K->67241K(175104K)] 485784K->403951K(699392K), 0.0128426 secs] [Times: user=0.13 sys=0.00, real=0.01 secs] 
2016-09-15T12:29:30.346-0400: 204.071: [GC (GCLocker Initiated GC) [PSYoungGen: 155305K->85630K(175104K)] 492185K->440855K(699392K), 0.0148633 secs] [Times: user=0.15 sys=0.00, real=0.02 secs] 
2016-09-15T12:29:30.476-0400: 204.201: [GC (Allocation Failure) [PSYoungGen: 173694K->86018K(175104K)] 529229K->532830K(699392K), 0.0155591 secs] [Times: user=0.25 sys=0.00, real=0.01 secs] 
2016-09-15T12:29:30.491-0400: 204.217: [Full GC (Ergonomics) [PSYoungGen: 86018K->0K(175104K)] [ParOldGen: 446812K->53357K(524288K)] 532830K->53357K(699392K), [Metaspace: 44516K->44516K(1087488K)], 0.0628892 secs] [Times: user=0.49 sys=0.00, real=0.06 secs] 
2016-09-15T12:29:30.675-0400: 204.401: [GC (GCLocker Initiated GC) [PSYoungGen: 88064K->86274K(175104K)] 141428K->163938K(699392K), 0.0121364 secs] [Times: user=0.19 sys=0.00, real=0.02 secs] 
2016-09-15T12:29:30.817-0400: 204.542: [GC (Allocation Failure) [PSYoungGen: 174338K->55447K(175104K)] 258337K->194857K(699392K), 0.0126210 secs] [Times: user=0.20 sys=0.00, real=0.01 secs] 
2016-09-15T12:29:30.942-0400: 204.668: [GC (GCLocker Initiated GC) [PSYoungGen: 143511K->73968K(175104K)] 288996K->238017K(699392K), 0.0105670 secs] [Times: user=0.17 sys=0.00, real=0.01 secs] 
2016-09-15T12:29:31.108-0400: 204.833: [GC (GCLocker Initiated GC) [PSYoungGen: 162032K->37453K(175104K)] 344432K->238534K(699392K), 0.0325606 secs] [Times: user=0.33 sys=0.01, real=0.03 secs] 
2016-09-15T12:29:31.283-0400: 205.008: [GC (Allocation Failure) [PSYoungGen: 125517K->49016K(175104K)] 332821K->274820K(699392K), 0.0134912 secs] [Times: user=0.11 sys=0.01, real=0.02 secs] 
2016-09-15T12:29:31.419-0400: 205.144: [GC (GCLocker Initiated GC) [PSYoungGen: 136094K->73968K(175104K)] 367973K->336381K(699392K), 0.0199406 secs] [Times: user=0.27 sys=0.00, real=0.02 secs] 
2016-09-15T12:29:31.599-0400: 205.324: [GC (GCLocker Initiated GC) [PSYoungGen: 162032K->73480K(175104K)] 424666K->354927K(699392K), 0.0142566 secs] [Times: user=0.15 sys=0.00, real=0.01 secs] 
2016-09-15T12:29:31.749-0400: 205.474: [GC (Allocation Failure) [PSYoungGen: 161544K->73644K(175104K)] 449405K->379849K(699392K), 0.0154751 secs] [Times: user=0.15 sys=0.00, real=0.01 secs] 
2016-09-15T12:29:31.887-0400: 205.612: [GC (GCLocker Initiated GC) [PSYoungGen: 158479K->37158K(175104K)] 470759K->368110K(699392K), 0.0220558 secs] [Times: user=0.28 sys=0.02, real=0.03 secs] 
2016-09-15T12:29:32.017-0400: 205.742: [GC (GCLocker Initiated GC) [PSYoungGen: 125222K->55351K(175104K)] 462583K->392979K(699392K), 0.0066255 secs] [Times: user=0.06 sys=0.00, real=0.00 secs] 
2016-09-15T12:29:32.136-0400: 205.862: [GC (Allocation Failure) [PSYoungGen: 143415K->85954K(175104K)] 481119K->448273K(699392K), 0.0129009 secs] [Times: user=0.16 sys=0.00, real=0.01 secs] 
2016-09-15T12:29:32.288-0400: 206.013: [GC (GCLocker Initiated GC) [PSYoungGen: 174018K->61490K(175104K)] 536337K->472701K(699392K), 0.0313512 secs] [Times: user=0.35 sys=0.01, real=0.03 secs] 
2016-09-15T12:29:32.439-0400: 206.164: [GC (GCLocker Initiated GC) [PSYoungGen: 149554K->73544K(175104K)] 566973K->491230K(699392K), 0.0139746 secs] [Times: user=0.16 sys=0.00, real=0.01 secs] 
2016-09-15T12:29:32.571-0400: 206.296: [GC (GCLocker Initiated GC) [PSYoungGen: 161608K->73544K(175104K)] 579454K->509907K(699392K), 0.0168771 secs] [Times: user=0.17 sys=0.02, real=0.02 secs] 
2016-09-15T12:29:32.702-0400: 206.427: [GC (GCLocker Initiated GC) [PSYoungGen: 161608K->67565K(175104K)] 598242K->565093K(699392K), 0.0124651 secs] [Times: user=0.17 sys=0.00, real=0.01 secs] 
2016-09-15T12:29:32.715-0400: 206.440: [Full GC (Ergonomics) [PSYoungGen: 67565K->0K(175104K)] [ParOldGen: 497528K->53265K(524288K)] 565093K->53265K(699392K), [Metaspace: 44521K->44521K(1087488K)], 0.0647802 secs] [Times: user=0.41 sys=0.01, real=0.07 secs] 
2016-09-15T12:29:32.893-0400: 206.618: [GC (GCLocker Initiated GC) [PSYoungGen: 88064K->86214K(175104K)] 141427K->139577K(699392K), 0.0104382 secs] [Times: user=0.11 sys=0.00, real=0.01 secs] 
2016-09-15T12:29:33.057-0400: 206.782: [GC (GCLocker Initiated GC) [PSYoungGen: 174278K->6850K(175104K)] 252078K->152328K(699392K), 0.0127063 secs] [Times: user=0.10 sys=0.01, real=0.01 secs] 
2016-09-15T12:29:33.211-0400: 206.936: [GC (Allocation Failure) [PSYoungGen: 94914K->73840K(175104K)] 246508K->225545K(699392K), 0.0108405 secs] [Times: user=0.09 sys=0.00, real=0.01 secs] 
2016-09-15T12:29:33.333-0400: 207.058: [GC (GCLocker Initiated GC) [PSYoungGen: 161898K->49340K(175104K)] 313609K->261928K(699392K), 0.0109405 secs] [Times: user=0.11 sys=0.00, real=0.01 secs] 
2016-09-15T12:29:33.477-0400: 207.202: [GC (GCLocker Initiated GC) [PSYoungGen: 137404K->86118K(175104K)] 350353K->335849K(699392K), 0.0189102 secs] [Times: user=0.21 sys=0.01, real=0.02 secs] 
2016-09-15T12:29:33.630-0400: 207.355: [GC (GCLocker Initiated GC) [PSYoungGen: 174182K->79619K(175104K)] 430265K->372607K(699392K), 0.0114626 secs] [Times: user=0.14 sys=0.00, real=0.01 secs] 
2016-09-15T12:29:33.754-0400: 207.479: [GC (GCLocker Initiated GC) [PSYoungGen: 167683K->85890K(175104K)] 460753K->403387K(699392K), 0.0117520 secs] [Times: user=0.11 sys=0.00, real=0.01 secs] 
2016-09-15T12:29:33.908-0400: 207.633: [GC (GCLocker Initiated GC) [PSYoungGen: 173954K->73640K(175104K)] 497568K->452237K(699392K), 0.0112277 secs] [Times: user=0.14 sys=0.00, real=0.01 secs] 
2016-09-15T12:29:34.073-0400: 207.798: [GC (GCLocker Initiated GC) [PSYoungGen: 161704K->43237K(175104K)] 546585K->470926K(699392K), 0.0151765 secs] [Times: user=0.18 sys=0.00, real=0.02 secs] 
2016-09-15T12:29:34.240-0400: 207.966: [GC (GCLocker Initiated GC) [PSYoungGen: 131301K->55351K(175104K)] 565119K->489396K(699392K), 0.0130147 secs] [Times: user=0.17 sys=0.00, real=0.01 secs] 
2016-09-15T12:29:34.392-0400: 208.117: [GC (Allocation Failure) [PSYoungGen: 143415K->55743K(175104K)] 577614K->490101K(699392K), 0.0101073 secs] [Times: user=0.13 sys=0.00, real=0.01 secs] 
2016-09-15T12:29:34.519-0400: 208.244: [Full GC (Ergonomics) [PSYoungGen: 139710K->0K(175104K)] [ParOldGen: 440433K->47328K(524288K)] 580144K->47328K(699392K), [Metaspace: 44531K->44531K(1087488K)], 0.0659899 secs] [Times: user=0.42 sys=0.02, real=0.06 secs] 
2016-09-15T12:29:34.715-0400: 208.440: [GC (GCLocker Initiated GC) [PSYoungGen: 88064K->73772K(175104K)] 142244K->127952K(699392K), 0.0181178 secs] [Times: user=0.19 sys=0.00, real=0.02 secs] 
2016-09-15T12:29:34.828-0400: 208.553: [GC (GCLocker Initiated GC) [PSYoungGen: 161836K->79487K(175104K)] 216070K->158302K(699392K), 0.0118205 secs] [Times: user=0.11 sys=0.00, real=0.01 secs] 
2016-09-15T12:29:34.954-0400: 208.679: [GC (GCLocker Initiated GC) [PSYoungGen: 167551K->61786K(175104K)] 246384K->183264K(699392K), 0.0178850 secs] [Times: user=0.20 sys=0.00, real=0.02 secs] 
2016-09-15T12:29:35.097-0400: 208.822: [GC (GCLocker Initiated GC) [PSYoungGen: 149850K->79779K(175104K)] 277461K->262881K(699392K), 0.0127216 secs] [Times: user=0.20 sys=0.00, real=0.01 secs] 
2016-09-15T12:29:35.233-0400: 208.958: [GC (GCLocker Initiated GC) [PSYoungGen: 167843K->55319K(175104K)] 351194K->275239K(699392K), 0.0223291 secs] [Times: user=0.27 sys=0.00, real=0.03 secs] 
2016-09-15T12:29:35.371-0400: 209.096: [GC (GCLocker Initiated GC) [PSYoungGen: 143383K->67177K(175104K)] 363357K->299569K(699392K), 0.0257097 secs] [Times: user=0.31 sys=0.00, real=0.03 secs] 
2016-09-15T12:29:35.508-0400: 209.233: [GC (Allocation Failure) [PSYoungGen: 155241K->73772K(175104K)] 393839K->373271K(699392K), 0.0143097 secs] [Times: user=0.18 sys=0.00, real=0.01 secs] 
2016-09-15T12:29:35.651-0400: 209.377: [GC (GCLocker Initiated GC) [PSYoungGen: 158821K->61262K(175104K)] 464395K->367120K(699392K), 0.0103049 secs] [Times: user=0.09 sys=0.00, real=0.01 secs] 
2016-09-15T12:29:35.791-0400: 209.516: [GC (Allocation Failure) [PSYoungGen: 149326K->73640K(175104K)] 455360K->398011K(699392K), 0.0173847 secs] [Times: user=0.25 sys=0.01, real=0.02 secs] 
2016-09-15T12:29:35.909-0400: 209.634: [GC (GCLocker Initiated GC) [PSYoungGen: 158611K->55319K(175104K)] 489057K->465063K(699392K), 0.0129212 secs] [Times: user=0.21 sys=0.00, real=0.01 secs] 
2016-09-15T12:29:36.055-0400: 209.780: [GC (GCLocker Initiated GC) [PSYoungGen: 143383K->55451K(175104K)] 565381K->495801K(699392K), 0.0074594 secs] [Times: user=0.10 sys=0.00, real=0.01 secs] 
2016-09-15T12:29:36.062-0400: 209.787: [Full GC (Ergonomics) [PSYoungGen: 55451K->0K(175104K)] [ParOldGen: 440350K->53480K(524288K)] 495801K->53480K(699392K), [Metaspace: 44531K->44531K(1087488K)], 0.0682318 secs] [Times: user=0.51 sys=0.00, real=0.07 secs] 
2016-09-15T12:29:36.264-0400: 209.989: [GC (Allocation Failure) [PSYoungGen: 88064K->86734K(175104K)] 147856K->170826K(699392K), 0.0105345 secs] [Times: user=0.14 sys=0.00, real=0.01 secs] 
2016-09-15T12:29:36.424-0400: 210.149: [GC (GCLocker Initiated GC) [PSYoungGen: 171311K->24816K(175104K)] 261478K->170501K(699392K), 0.0122801 secs] [Times: user=0.12 sys=0.00, real=0.02 secs] 
2016-09-15T12:29:36.545-0400: 210.270: [GC (GCLocker Initiated GC) [PSYoungGen: 112880K->55223K(175104K)] 258792K->201395K(699392K), 0.0269403 secs] [Times: user=0.30 sys=0.00, real=0.03 secs] 
2016-09-15T12:29:36.689-0400: 210.414: [GC (GCLocker Initiated GC) [PSYoungGen: 143287K->73512K(175104K)] 289463K->256438K(699392K), 0.0168070 secs] [Times: user=0.19 sys=0.00, real=0.01 secs] 
2016-09-15T12:29:36.842-0400: 210.567: [GC (GCLocker Initiated GC) [PSYoungGen: 161576K->85790K(175104K)] 344684K->293465K(699392K), 0.0152539 secs] [Times: user=0.23 sys=0.00, real=0.02 secs] 
2016-09-15T12:29:36.966-0400: 210.691: [GC (GCLocker Initiated GC) [PSYoungGen: 173854K->85758K(175104K)] 381571K->348490K(699392K), 0.0142442 secs] [Times: user=0.22 sys=0.01, real=0.02 secs] 
2016-09-15T12:29:37.124-0400: 210.849: [GC (GCLocker Initiated GC) [PSYoungGen: 173822K->50059K(175104K)] 436713K->392077K(699392K), 0.0218782 secs] [Times: user=0.31 sys=0.00, real=0.02 secs] 
2016-09-15T12:29:37.256-0400: 210.981: [GC (Allocation Failure) [PSYoungGen: 138123K->86182K(175104K)] 480323K->434756K(699392K), 0.0092211 secs] [Times: user=0.14 sys=0.00, real=0.00 secs] 
2016-09-15T12:29:37.266-0400: 210.991: [GC (GCLocker Initiated GC) [PSYoungGen: 86200K->128K(175104K)] 434774K->440221K(699392K), 0.0090021 secs] [Times: user=0.12 sys=0.00, real=0.01 secs] 
2016-09-15T12:29:37.275-0400: 211.000: [Full GC (Ergonomics) [PSYoungGen: 128K->0K(175104K)] [ParOldGen: 440093K->53466K(524288K)] 440221K->53466K(699392K), [Metaspace: 44531K->44531K(1087488K)], 0.0603218 secs] [Times: user=0.50 sys=0.00, real=0.06 secs] 
2016-09-15T12:29:37.444-0400: 211.169: [GC (GCLocker Initiated GC) [PSYoungGen: 88064K->86210K(175104K)] 141530K->182201K(699392K), 0.0134602 secs] [Times: user=0.18 sys=0.00, real=0.02 secs] 
2016-09-15T12:29:37.621-0400: 211.346: [GC (GCLocker Initiated GC) [PSYoungGen: 174274K->55415K(175104K)] 276466K->194792K(699392K), 0.0114156 secs] [Times: user=0.15 sys=0.01, real=0.01 secs] 
2016-09-15T12:29:37.784-0400: 211.509: [GC (GCLocker Initiated GC) [PSYoungGen: 143479K->85886K(175104K)] 289186K->249945K(699392K), 0.0122335 secs] [Times: user=0.19 sys=0.00, real=0.02 secs] 
2016-09-15T12:29:37.914-0400: 211.639: [GC (GCLocker Initiated GC) [PSYoungGen: 173950K->73868K(175104K)] 338073K->305147K(699392K), 0.0134059 secs] [Times: user=0.21 sys=0.00, real=0.02 secs] 
2016-09-15T12:29:38.058-0400: 211.783: [GC (GCLocker Initiated GC) [PSYoungGen: 161932K->85822K(175104K)] 399434K->347924K(699392K), 0.0118844 secs] [Times: user=0.17 sys=0.00, real=0.01 secs] 
2016-09-15T12:29:38.215-0400: 211.940: [GC (GCLocker Initiated GC) [PSYoungGen: 173886K->49280K(175104K)] 442188K->317693K(699392K), 0.0344983 secs] [Times: user=0.37 sys=0.00, real=0.04 secs] 
2016-09-15T12:29:38.382-0400: 212.107: [GC (GCLocker Initiated GC) [PSYoungGen: 137344K->73740K(175104K)] 412188K->349032K(699392K), 0.0206397 secs] [Times: user=0.25 sys=0.00, real=0.02 secs] 
2016-09-15T12:29:38.559-0400: 212.284: [GC (GCLocker Initiated GC) [PSYoungGen: 161804K->37354K(175104K)] 443420K->355563K(699392K), 0.0208761 secs] [Times: user=0.22 sys=0.01, real=0.02 secs] 
2016-09-15T12:29:38.705-0400: 212.430: [GC (GCLocker Initiated GC) [PSYoungGen: 125418K->73416K(175104K)] 455903K->404152K(699392K), 0.0322626 secs] [Times: user=0.31 sys=0.00, real=0.04 secs] 
2016-09-15T12:29:38.873-0400: 212.599: [GC (GCLocker Initiated GC) [PSYoungGen: 161480K->73808K(175104K)] 492532K->411038K(699392K), 0.0208285 secs] [Times: user=0.21 sys=0.01, real=0.02 secs] 
2016-09-15T12:29:39.012-0400: 212.737: [GC (GCLocker Initiated GC) [PSYoungGen: 161872K->36834K(175104K)] 506442K->381648K(699392K), 0.0072600 secs] [Times: user=0.06 sys=0.00, real=0.01 secs] 
2016-09-15T12:29:39.120-0400: 212.845: [GC (GCLocker Initiated GC) [PSYoungGen: 124898K->79391K(175104K)] 475867K->436531K(699392K), 0.0112809 secs] [Times: user=0.08 sys=0.00, real=0.01 secs] 
2016-09-15T12:29:39.266-0400: 212.991: [GC (GCLocker Initiated GC) [PSYoungGen: 167455K->61526K(175104K)] 530851K->461484K(699392K), 0.0136813 secs] [Times: user=0.11 sys=0.00, real=0.02 secs] 
2016-09-15T12:29:39.448-0400: 213.173: [GC (GCLocker Initiated GC) [PSYoungGen: 149590K->85594K(175104K)] 555816K->492120K(699392K), 0.0131143 secs] [Times: user=0.11 sys=0.01, real=0.01 secs] 
2016-09-15T12:29:39.593-0400: 213.318: [GC (GCLocker Initiated GC) [PSYoungGen: 173658K->55351K(175104K)] 586311K->492440K(699392K), 0.0157039 secs] [Times: user=0.17 sys=0.00, real=0.02 secs] 
2016-09-15T12:29:39.722-0400: 213.447: [GC (GCLocker Initiated GC) [PSYoungGen: 143415K->55319K(175104K)] 586737K->517314K(699392K), 0.0078367 secs] [Times: user=0.09 sys=0.00, real=0.01 secs] 
2016-09-15T12:29:39.730-0400: 213.455: [Full GC (Ergonomics) [PSYoungGen: 55319K->0K(175104K)] [ParOldGen: 461995K->54064K(524288K)] 517314K->54064K(699392K), [Metaspace: 44531K->44531K(1087488K)], 0.0680723 secs] [Times: user=0.37 sys=0.02, real=0.07 secs] 
2016-09-15T12:29:39.922-0400: 213.647: [GC (GCLocker Initiated GC) [PSYoungGen: 88064K->86662K(175104K)] 154466K->159139K(699392K), 0.0127576 secs] [Times: user=0.17 sys=0.01, real=0.01 secs] 
2016-09-15T12:29:40.053-0400: 213.778: [GC (GCLocker Initiated GC) [PSYoungGen: 174726K->85790K(175104K)] 253321K->201998K(699392K), 0.0139838 secs] [Times: user=0.18 sys=0.00, real=0.01 secs] 
2016-09-15T12:29:40.209-0400: 213.934: [GC (GCLocker Initiated GC) [PSYoungGen: 173854K->55415K(175104K)] 296481K->251054K(699392K), 0.0129764 secs] [Times: user=0.18 sys=0.00, real=0.01 secs] 
2016-09-15T12:29:40.339-0400: 214.064: [GC (GCLocker Initiated GC) [PSYoungGen: 143479K->73868K(175104K)] 339479K->288221K(699392K), 0.0101818 secs] [Times: user=0.13 sys=0.00, real=0.01 secs] 
2016-09-15T12:29:40.478-0400: 214.203: [GC (GCLocker Initiated GC) [PSYoungGen: 161932K->73512K(175104K)] 376332K->312511K(699392K), 0.0153541 secs] [Times: user=0.17 sys=0.00, real=0.01 secs] 
2016-09-15T12:29:40.641-0400: 214.367: [GC (GCLocker Initiated GC) [PSYoungGen: 161576K->85822K(175104K)] 400673K->391888K(699392K), 0.0155526 secs] [Times: user=0.23 sys=0.00, real=0.02 secs] 
2016-09-15T12:29:40.767-0400: 214.493: [GC (GCLocker Initiated GC) [PSYoungGen: 173886K->67729K(175104K)] 480291K->459524K(699392K), 0.0139222 secs] [Times: user=0.21 sys=0.01, real=0.02 secs] 
2016-09-15T12:29:40.894-0400: 214.619: [GC (GCLocker Initiated GC) [PSYoungGen: 155793K->73672K(175104K)] 547652K->532680K(699392K), 0.0134318 secs] [Times: user=0.21 sys=0.00, real=0.01 secs] 
2016-09-15T12:29:40.907-0400: 214.632: [Full GC (Ergonomics) [PSYoungGen: 73672K->0K(175104K)] [ParOldGen: 459007K->53884K(524288K)] 532680K->53884K(699392K), [Metaspace: 44531K->44531K(1087488K)], 0.0721038 secs] [Times: user=0.59 sys=0.02, real=0.13 secs] 
2016-09-15T12:29:41.151-0400: 214.877: [GC (GCLocker Initiated GC) [PSYoungGen: 88064K->86078K(175104K)] 141995K->188610K(699392K), 0.0211891 secs] [Times: user=0.25 sys=0.01, real=0.02 secs] 
2016-09-15T12:29:41.278-0400: 215.003: [GC (GCLocker Initiated GC) [PSYoungGen: 174142K->85726K(175104K)] 276766K->261798K(699392K), 0.0347131 secs] [Times: user=0.43 sys=0.01, real=0.03 secs] 
2016-09-15T12:29:41.424-0400: 215.149: [GC (GCLocker Initiated GC) [PSYoungGen: 173790K->73508K(175104K)] 349888K->322837K(699392K), 0.0136764 secs] [Times: user=0.21 sys=0.00, real=0.02 secs] 
2016-09-15T12:29:41.554-0400: 215.279: [GC (GCLocker Initiated GC) [PSYoungGen: 161572K->86118K(175104K)] 411044K->378258K(699392K), 0.0167995 secs] [Times: user=0.23 sys=0.00, real=0.02 secs] 
2016-09-15T12:29:41.713-0400: 215.439: [GC (GCLocker Initiated GC) [PSYoungGen: 174182K->73508K(175104K)] 472529K->469347K(699392K), 0.0137085 secs] [Times: user=0.19 sys=0.00, real=0.01 secs] 
2016-09-15T12:29:41.843-0400: 215.568: [GC (GCLocker Initiated GC) [PSYoungGen: 161572K->67565K(175104K)] 557688K->555038K(699392K), 0.0155156 secs] [Times: user=0.21 sys=0.00, real=0.02 secs] 
2016-09-15T12:29:41.859-0400: 215.584: [Full GC (Ergonomics) [PSYoungGen: 67565K->0K(175104K)] [ParOldGen: 487473K->60058K(524288K)] 555038K->60058K(699392K), [Metaspace: 44531K->44531K(1087488K)], 0.0625892 secs] [Times: user=0.34 sys=0.01, real=0.06 secs] 
2016-09-15T12:29:42.029-0400: 215.755: [GC (GCLocker Initiated GC) [PSYoungGen: 88064K->86698K(175104K)] 154199K->164983K(699392K), 0.0241745 secs] [Times: user=0.29 sys=0.00, real=0.02 secs] 
2016-09-15T12:29:42.169-0400: 215.894: [GC (GCLocker Initiated GC) [PSYoungGen: 174762K->73704K(175104K)] 259444K->208321K(699392K), 0.0119105 secs] [Times: user=0.18 sys=0.01, real=0.01 secs] 
2016-09-15T12:29:42.306-0400: 216.031: [GC (GCLocker Initiated GC) [PSYoungGen: 161768K->86018K(175104K)] 296746K->276011K(699392K), 0.0118100 secs] [Times: user=0.16 sys=0.00, real=0.02 secs] 
2016-09-15T12:29:42.453-0400: 216.178: [GC (GCLocker Initiated GC) [PSYoungGen: 174082K->85822K(175104K)] 376273K->349062K(699392K), 0.0113996 secs] [Times: user=0.18 sys=0.01, real=0.01 secs] 
2016-09-15T12:29:42.593-0400: 216.318: [GC (GCLocker Initiated GC) [PSYoungGen: 173886K->79943K(175104K)] 437364K->404330K(699392K), 0.0121628 secs] [Times: user=0.18 sys=0.00, real=0.01 secs] 
2016-09-15T12:29:42.738-0400: 216.463: [GC (GCLocker Initiated GC) [PSYoungGen: 168007K->37026K(175104K)] 504710K->410470K(699392K), 0.0143426 secs] [Times: user=0.17 sys=0.00, real=0.01 secs] 
2016-09-15T12:29:42.879-0400: 216.604: [GC (GCLocker Initiated GC) [PSYoungGen: 125090K->55323K(175104K)] 498686K->428998K(699392K), 0.0081833 secs] [Times: user=0.06 sys=0.00, real=0.00 secs] 
2016-09-15T12:29:43.036-0400: 216.761: [GC (GCLocker Initiated GC) [PSYoungGen: 143387K->61266K(175104K)] 517283K->453810K(699392K), 0.0099817 secs] [Times: user=0.07 sys=0.00, real=0.00 secs] 
2016-09-15T12:29:43.145-0400: 216.870: [GC (Allocation Failure) [PSYoungGen: 149330K->79491K(175104K)] 542123K->472536K(699392K), 0.0111500 secs] [Times: user=0.08 sys=0.00, real=0.02 secs] 
2016-09-15T12:29:43.277-0400: 217.002: [GC (GCLocker Initiated GC) [PSYoungGen: 162007K->73672K(175104K)] 561127K->497415K(699392K), 0.0176062 secs] [Times: user=0.20 sys=0.00, real=0.01 secs] 
2016-09-15T12:29:43.295-0400: 217.020: [Full GC (Ergonomics) [PSYoungGen: 73672K->0K(175104K)] [ParOldGen: 423743K->54347K(524288K)] 497415K->54347K(699392K), [Metaspace: 44531K->44531K(1087488K)], 0.0667284 secs] [Times: user=0.48 sys=0.02, real=0.07 secs] 
2016-09-15T12:29:43.494-0400: 217.219: [GC (Allocation Failure) [PSYoungGen: 88064K->85822K(175104K)] 142654K->146488K(699392K), 0.0106800 secs] [Times: user=0.16 sys=0.00, real=0.01 secs] 
2016-09-15T12:29:43.642-0400: 217.367: [GC (GCLocker Initiated GC) [PSYoungGen: 172646K->37485K(175104K)] 239387K->141000K(699392K), 0.0100850 secs] [Times: user=0.12 sys=0.00, real=0.01 secs] 
2016-09-15T12:29:43.813-0400: 217.538: [GC (GCLocker Initiated GC) [PSYoungGen: 125549K->37485K(175104K)] 247537K->159757K(699392K), 0.0065212 secs] [Times: user=0.08 sys=0.00, real=0.01 secs] 
2016-09-15T12:29:43.934-0400: 217.659: [GC (GCLocker Initiated GC) [PSYoungGen: 125549K->85690K(175104K)] 247875K->232474K(699392K), 0.0096515 secs] [Times: user=0.12 sys=0.01, real=0.01 secs] 
2016-09-15T12:29:44.064-0400: 217.789: [GC (GCLocker Initiated GC) [PSYoungGen: 173754K->86477K(175104K)] 320648K->330763K(699392K), 0.0189373 secs] [Times: user=0.29 sys=0.01, real=0.02 secs] 
2016-09-15T12:29:44.214-0400: 217.939: [GC (GCLocker Initiated GC) [PSYoungGen: 174541K->85986K(175104K)] 419034K->397955K(699392K), 0.0123607 secs] [Times: user=0.17 sys=0.00, real=0.01 secs] 
2016-09-15T12:29:44.402-0400: 218.127: [GC (GCLocker Initiated GC) [PSYoungGen: 174050K->55415K(175104K)] 504510K->422624K(699392K), 0.0202275 secs] [Times: user=0.24 sys=0.00, real=0.02 secs] 
2016-09-15T12:29:44.543-0400: 218.268: [GC (GCLocker Initiated GC) [PSYoungGen: 143479K->79747K(175104K)] 517074K->489911K(699392K), 0.0112874 secs] [Times: user=0.15 sys=0.02, real=0.01 secs] 
2016-09-15T12:29:44.682-0400: 218.408: [GC (GCLocker Initiated GC) [PSYoungGen: 167811K->67729K(175104K)] 584299K->539012K(699392K), 0.0226108 secs] [Times: user=0.28 sys=0.00, real=0.02 secs] 
2016-09-15T12:29:44.705-0400: 218.430: [Full GC (Ergonomics) [PSYoungGen: 67729K->0K(175104K)] [ParOldGen: 471283K->60650K(524288K)] 539012K->60650K(699392K), [Metaspace: 44531K->44531K(1087488K)], 0.0685221 secs] [Times: user=0.47 sys=0.01, real=0.07 secs] 
2016-09-15T12:29:44.928-0400: 218.653: [GC (GCLocker Initiated GC) [PSYoungGen: 88064K->56430K(175104K)] 167138K->135504K(699392K), 0.0075352 secs] [Times: user=0.11 sys=0.00, real=0.00 secs] 
2016-09-15T12:29:45.051-0400: 218.776: [GC (GCLocker Initiated GC) [PSYoungGen: 144494K->55187K(175104K)] 229781K->177551K(699392K), 0.0122220 secs] [Times: user=0.15 sys=0.01, real=0.01 secs] 
2016-09-15T12:29:45.161-0400: 218.887: [GC (GCLocker Initiated GC) [PSYoungGen: 143251K->86413K(175104K)] 265787K->251618K(699392K), 0.0194582 secs] [Times: user=0.22 sys=0.00, real=0.02 secs] 
2016-09-15T12:29:45.288-0400: 219.014: [GC (GCLocker Initiated GC) [PSYoungGen: 174477K->61654K(175104K)] 346124K->312911K(699392K), 0.0141293 secs] [Times: user=0.14 sys=0.01, real=0.01 secs] 
2016-09-15T12:29:45.417-0400: 219.142: [GC (GCLocker Initiated GC) [PSYoungGen: 149718K->74100K(175104K)] 407216K->350106K(699392K), 0.0097417 secs] [Times: user=0.12 sys=0.00, real=0.00 secs] 
2016-09-15T12:29:45.526-0400: 219.251: [GC (GCLocker Initiated GC) [PSYoungGen: 162164K->73704K(175104K)] 438223K->386537K(699392K), 0.0106417 secs] [Times: user=0.15 sys=0.00, real=0.02 secs] 
2016-09-15T12:29:45.659-0400: 219.384: [GC (GCLocker Initiated GC) [PSYoungGen: 161768K->85826K(175104K)] 480757K->447460K(699392K), 0.0160715 secs] [Times: user=0.16 sys=0.01, real=0.01 secs] 
2016-09-15T12:29:45.822-0400: 219.547: [GC (GCLocker Initiated GC) [PSYoungGen: 173890K->61266K(175104K)] 535583K->465752K(699392K), 0.0159530 secs] [Times: user=0.16 sys=0.00, real=0.02 secs] 
2016-09-15T12:29:45.996-0400: 219.721: [GC (Allocation Failure) [PSYoungGen: 149330K->67829K(175104K)] 560184K->503267K(699392K), 0.0232925 secs] [Times: user=0.26 sys=0.00, real=0.02 secs] 
2016-09-15T12:29:46.150-0400: 219.875: [GC (GCLocker Initiated GC) [PSYoungGen: 155893K->61394K(175104K)] 591333K->533575K(699392K), 0.0234896 secs] [Times: user=0.25 sys=0.00, real=0.02 secs] 
2016-09-15T12:29:46.174-0400: 219.899: [Full GC (Ergonomics) [PSYoungGen: 61394K->0K(175104K)] [ParOldGen: 472181K->54416K(524288K)] 533575K->54416K(699392K), [Metaspace: 44531K->44531K(1087488K)], 0.0696515 secs] [Times: user=0.54 sys=0.00, real=0.07 secs] 
2016-09-15T12:29:46.369-0400: 220.094: [GC (GCLocker Initiated GC) [PSYoungGen: 88064K->85758K(175104K)] 142646K->146415K(699392K), 0.0084527 secs] [Times: user=0.12 sys=0.00, real=0.01 secs] 
2016-09-15T12:29:46.508-0400: 220.233: [GC (GCLocker Initiated GC) [PSYoungGen: 173822K->55579K(175104K)] 246985K->147438K(699392K), 0.0119662 secs] [Times: user=0.14 sys=0.00, real=0.01 secs] 
2016-09-15T12:29:46.750-0400: 220.475: [GC (GCLocker Initiated GC) [PSYoungGen: 143643K->73476K(175104K)] 235651K->184164K(699392K), 0.0129320 secs] [Times: user=0.15 sys=0.00, real=0.01 secs] 
2016-09-15T12:29:46.877-0400: 220.602: [GC (GCLocker Initiated GC) [PSYoungGen: 161540K->74000K(175104K)] 272533K->221627K(699392K), 0.0148257 secs] [Times: user=0.23 sys=0.01, real=0.01 secs] 
2016-09-15T12:29:47.032-0400: 220.757: [GC (Allocation Failure) [PSYoungGen: 162064K->55451K(175104K)] 322185K->233892K(699392K), 0.0142319 secs] [Times: user=0.15 sys=0.02, real=0.01 secs] 
2016-09-15T12:29:47.183-0400: 220.908: [GC (GCLocker Initiated GC) [PSYoungGen: 139350K->37325K(175104K)] 323867K->240663K(699392K), 0.0256123 secs] [Times: user=0.23 sys=0.00, real=0.03 secs] 
2016-09-15T12:29:47.335-0400: 221.060: [GC (GCLocker Initiated GC) [PSYoungGen: 125389K->55251K(175104K)] 329082K->295873K(699392K), 0.0102148 secs] [Times: user=0.12 sys=0.01, real=0.01 secs] 
2016-09-15T12:29:47.443-0400: 221.168: [GC (GCLocker Initiated GC) [PSYoungGen: 143315K->85854K(175104K)] 390216K->357183K(699392K), 0.0127119 secs] [Times: user=0.17 sys=0.01, real=0.02 secs] 
2016-09-15T12:29:47.574-0400: 221.299: [GC (Allocation Failure) [PSYoungGen: 173918K->74164K(175104K)] 445602K->382645K(699392K), 0.0107816 secs] [Times: user=0.15 sys=0.01, real=0.01 secs] 
2016-09-15T12:29:47.697-0400: 221.422: [GC (GCLocker Initiated GC) [PSYoungGen: 161343K->55415K(175104K)] 475900K->388644K(699392K), 0.0303389 secs] [Times: user=0.39 sys=0.00, real=0.03 secs] 
2016-09-15T12:29:47.874-0400: 221.599: [GC (GCLocker Initiated GC) [PSYoungGen: 143479K->73512K(175104K)] 476940K->407077K(699392K), 0.0097744 secs] [Times: user=0.11 sys=0.00, real=0.01 secs] 
2016-09-15T12:29:48.039-0400: 221.764: [GC (GCLocker Initiated GC) [PSYoungGen: 161576K->55319K(175104K)] 513543K->425794K(699392K), 0.0187444 secs] [Times: user=0.25 sys=0.00, real=0.02 secs] 
2016-09-15T12:29:48.212-0400: 221.937: [GC (GCLocker Initiated GC) [PSYoungGen: 143383K->37389K(175104K)] 526363K->420474K(699392K), 0.0143506 secs] [Times: user=0.14 sys=0.00, real=0.01 secs] 
2016-09-15T12:29:48.346-0400: 222.071: [GC (GCLocker Initiated GC) [PSYoungGen: 125453K->55515K(175104K)] 514834K->445187K(699392K), 0.0107367 secs] [Times: user=0.13 sys=0.00, real=0.02 secs] 
2016-09-15T12:29:48.464-0400: 222.190: [GC (GCLocker Initiated GC) [PSYoungGen: 143579K->85854K(175104K)] 533355K->512411K(699392K), 0.0129725 secs] [Times: user=0.18 sys=0.01, real=0.02 secs] 
2016-09-15T12:29:48.599-0400: 222.324: [GC (Allocation Failure) [PSYoungGen: 173918K->62113K(175104K)] 600831K->525776K(699392K), 0.0151743 secs] [Times: user=0.14 sys=0.00, real=0.01 secs] 
2016-09-15T12:29:48.615-0400: 222.340: [Full GC (Ergonomics) [PSYoungGen: 62113K->0K(175104K)] [ParOldGen: 463662K->48372K(524288K)] 525776K->48372K(699392K), [Metaspace: 44534K->44534K(1087488K)], 0.0697286 secs] [Times: user=0.49 sys=0.02, real=0.07 secs] 
2016-09-15T12:29:48.788-0400: 222.513: [GC (GCLocker Initiated GC) [PSYoungGen: 87301K->73896K(175104K)] 141749K->128343K(699392K), 0.0125454 secs] [Times: user=0.14 sys=0.01, real=0.01 secs] 
2016-09-15T12:29:48.914-0400: 222.639: [GC (GCLocker Initiated GC) [PSYoungGen: 161960K->86150K(175104K)] 216673K->177892K(699392K), 0.0127563 secs] [Times: user=0.17 sys=0.00, real=0.01 secs] 
2016-09-15T12:29:49.062-0400: 222.787: [GC (Allocation Failure) [PSYoungGen: 174214K->55283K(175104K)] 272774K->172695K(699392K), 0.0076498 secs] [Times: user=0.09 sys=0.00, real=0.01 secs] 
2016-09-15T12:29:49.203-0400: 222.928: [GC (GCLocker Initiated GC) [PSYoungGen: 142786K->73672K(175104K)] 266274K->197303K(699392K), 0.0083012 secs] [Times: user=0.11 sys=0.01, real=0.01 secs] 
2016-09-15T12:29:49.355-0400: 223.080: [GC (GCLocker Initiated GC) [PSYoungGen: 161736K->37094K(175104K)] 297704K->191391K(699392K), 0.0169716 secs] [Times: user=0.16 sys=0.00, real=0.02 secs] 
2016-09-15T12:29:49.506-0400: 223.231: [GC (Allocation Failure) [PSYoungGen: 125158K->79915K(175104K)] 279518K->252643K(699392K), 0.0270094 secs] [Times: user=0.35 sys=0.00, real=0.03 secs] 
2016-09-15T12:29:49.656-0400: 223.381: [GC (GCLocker Initiated GC) [PSYoungGen: 164377K->55251K(175104K)] 343181K->252883K(699392K), 0.0083788 secs] [Times: user=0.10 sys=0.00, real=0.00 secs] 
2016-09-15T12:29:49.812-0400: 223.537: [GC (GCLocker Initiated GC) [PSYoungGen: 143315K->55255K(175104K)] 347064K->259115K(699392K), 0.0175754 secs] [Times: user=0.16 sys=0.00, real=0.02 secs] 
2016-09-15T12:29:49.934-0400: 223.659: [GC (GCLocker Initiated GC) [PSYoungGen: 143319K->86509K(175104K)] 353464K->339503K(699392K), 0.0120512 secs] [Times: user=0.18 sys=0.00, real=0.01 secs] 
2016-09-15T12:29:50.069-0400: 223.794: [GC (GCLocker Initiated GC) [PSYoungGen: 174573K->85854K(175104K)] 427828K->363723K(699392K), 0.0131422 secs] [Times: user=0.19 sys=0.00, real=0.01 secs] 
2016-09-15T12:29:50.233-0400: 223.958: [GC (GCLocker Initiated GC) [PSYoungGen: 173918K->61362K(175104K)] 458206K->382188K(699392K), 0.0108264 secs] [Times: user=0.09 sys=0.00, real=0.01 secs] 
2016-09-15T12:29:50.388-0400: 224.113: [GC (Allocation Failure) [PSYoungGen: 149426K->55874K(175104K)] 470456K->395273K(699392K), 0.0185985 secs] [Times: user=0.24 sys=0.00, real=0.01 secs] 
2016-09-15T12:29:50.534-0400: 224.259: [GC (GCLocker Initiated GC) [PSYoungGen: 143938K->73512K(175104K)] 483343K->431409K(699392K), 0.0124281 secs] [Times: user=0.15 sys=0.00, real=0.01 secs] 
2016-09-15T12:29:50.687-0400: 224.412: [GC (GCLocker Initiated GC) [PSYoungGen: 161576K->49212K(175104K)] 525814K->431763K(699392K), 0.0170832 secs] [Times: user=0.13 sys=0.00, real=0.02 secs] 
2016-09-15T12:29:50.833-0400: 224.558: [GC (GCLocker Initiated GC) [PSYoungGen: 137276K->55255K(175104K)] 520529K->456845K(699392K), 0.0111598 secs] [Times: user=0.09 sys=0.00, real=0.01 secs] 
2016-09-15T12:29:50.955-0400: 224.680: [GC (GCLocker Initiated GC) [PSYoungGen: 143319K->55451K(175104K)] 551172K->499873K(699392K), 0.0131625 secs] [Times: user=0.11 sys=0.01, real=0.02 secs] 
2016-09-15T12:29:51.064-0400: 224.789: [GC (GCLocker Initiated GC) [PSYoungGen: 143515K->85922K(175104K)] 588181K->549120K(699392K), 0.0117347 secs] [Times: user=0.13 sys=0.00, real=0.02 secs] 
2016-09-15T12:29:51.175-0400: 224.900: [GC (GCLocker Initiated GC) [PSYoungGen: 173986K->73608K(175104K)] 637366K->567663K(699392K), 0.0119684 secs] [Times: user=0.14 sys=0.00, real=0.01 secs] 
2016-09-15T12:29:51.187-0400: 224.912: [Full GC (Ergonomics) [PSYoungGen: 73608K->0K(175104K)] [ParOldGen: 494055K->54934K(524288K)] 567663K->54934K(699392K), [Metaspace: 44535K->44535K(1087488K)], 0.0668065 secs] [Times: user=0.41 sys=0.02, real=0.07 secs] 
2016-09-15T12:29:51.361-0400: 225.086: [GC (GCLocker Initiated GC) [PSYoungGen: 88064K->86474K(175104K)] 143190K->147675K(699392K), 0.0094896 secs] [Times: user=0.13 sys=0.00, real=0.01 secs] 
2016-09-15T12:29:51.503-0400: 225.228: [GC (GCLocker Initiated GC) [PSYoungGen: 174538K->79879K(175104K)] 242008K->178420K(699392K), 0.0104163 secs] [Times: user=0.14 sys=0.00, real=0.01 secs] 
2016-09-15T12:29:51.626-0400: 225.351: [GC (GCLocker Initiated GC) [PSYoungGen: 167943K->79911K(175104K)] 272819K->227416K(699392K), 0.0186391 secs] [Times: user=0.18 sys=0.01, real=0.02 secs] 
2016-09-15T12:29:51.811-0400: 225.536: [GC (Allocation Failure) [PSYoungGen: 167975K->30987K(175104K)] 327806K->233790K(699392K), 0.0222407 secs] [Times: user=0.26 sys=0.00, real=0.02 secs] 
2016-09-15T12:29:51.948-0400: 225.674: [GC (GCLocker Initiated GC) [PSYoungGen: 119051K->67437K(175104K)] 321860K->313046K(699392K), 0.0113028 secs] [Times: user=0.09 sys=0.00, real=0.01 secs] 
2016-09-15T12:29:52.088-0400: 225.813: [GC (GCLocker Initiated GC) [PSYoungGen: 155501K->85854K(175104K)] 413358K->380485K(699392K), 0.0186201 secs] [Times: user=0.25 sys=0.00, real=0.01 secs] 
2016-09-15T12:29:52.236-0400: 225.961: [GC (GCLocker Initiated GC) [PSYoungGen: 173918K->85822K(175104K)] 474677K->423347K(699392K), 0.0122767 secs] [Times: user=0.17 sys=0.00, real=0.01 secs] 
2016-09-15T12:29:52.364-0400: 226.090: [GC (Allocation Failure) [PSYoungGen: 173886K->61426K(175104K)] 511620K->448044K(699392K), 0.0154121 secs] [Times: user=0.14 sys=0.01, real=0.02 secs] 
2016-09-15T12:29:52.498-0400: 226.223: [GC (GCLocker Initiated GC) [PSYoungGen: 149224K->73804K(175104K)] 541917K->509330K(699392K), 0.0113397 secs] [Times: user=0.11 sys=0.00, real=0.01 secs] 
2016-09-15T12:29:52.659-0400: 226.384: [GC (GCLocker Initiated GC) [PSYoungGen: 161868K->73512K(175104K)] 603831K->552201K(699392K), 0.0127189 secs] [Times: user=0.10 sys=0.00, real=0.01 secs] 
2016-09-15T12:29:52.673-0400: 226.398: [Full GC (Ergonomics) [PSYoungGen: 73512K->0K(175104K)] [ParOldGen: 478689K->59298K(524288K)] 552201K->59298K(699392K), [Metaspace: 44535K->44535K(1087488K)], 0.0737048 secs] [Times: user=0.60 sys=0.01, real=0.07 secs] 
2016-09-15T12:29:52.908-0400: 226.633: [GC (GCLocker Initiated GC) [PSYoungGen: 88062K->55487K(175104K)] 153791K->121215K(699392K), 0.0187598 secs] [Times: user=0.17 sys=0.00, real=0.01 secs] 
2016-09-15T12:29:53.046-0400: 226.772: [GC (GCLocker Initiated GC) [PSYoungGen: 143551K->37386K(175104K)] 227817K->158910K(699392K), 0.0099945 secs] [Times: user=0.11 sys=0.00, real=0.02 secs] 
2016-09-15T12:29:53.177-0400: 226.902: [GC (Allocation Failure) [PSYoungGen: 125450K->48952K(175104K)] 247100K->182855K(699392K), 0.0106434 secs] [Times: user=0.07 sys=0.00, real=0.00 secs] 
2016-09-15T12:29:53.188-0400: 226.913: [GC (GCLocker Initiated GC) [PSYoungGen: 48965K->128K(175104K)] 182869K->201087K(699392K), 0.0128589 secs] [Times: user=0.12 sys=0.01, real=0.01 secs] 
2016-09-15T12:29:53.307-0400: 227.032: [GC (GCLocker Initiated GC) [PSYoungGen: 88187K->86466K(175104K)] 289152K->299580K(699392K), 0.0102514 secs] [Times: user=0.09 sys=0.00, real=0.02 secs] 
2016-09-15T12:29:53.452-0400: 227.178: [GC (GCLocker Initiated GC) [PSYoungGen: 174530K->55383K(175104K)] 387803K->324651K(699392K), 0.0194255 secs] [Times: user=0.24 sys=0.01, real=0.02 secs] 
2016-09-15T12:29:53.614-0400: 227.340: [GC (GCLocker Initiated GC) [PSYoungGen: 143447K->37290K(175104K)] 437304K->349475K(699392K), 0.0233648 secs] [Times: user=0.26 sys=0.00, real=0.03 secs] 
2016-09-15T12:29:53.771-0400: 227.496: [GC (GCLocker Initiated GC) [PSYoungGen: 125354K->73740K(175104K)] 443908K->392741K(699392K), 0.0218892 secs] [Times: user=0.27 sys=0.01, real=0.02 secs] 
2016-09-15T12:29:53.922-0400: 227.647: [GC (GCLocker Initiated GC) [PSYoungGen: 161804K->43105K(175104K)] 486910K->404928K(699392K), 0.0174117 secs] [Times: user=0.20 sys=0.00, real=0.02 secs] 
2016-09-15T12:29:54.088-0400: 227.813: [GC (Allocation Failure) [PSYoungGen: 131169K->37585K(175104K)] 505442K->411978K(699392K), 0.0155764 secs] [Times: user=0.18 sys=0.01, real=0.01 secs] 
2016-09-15T12:29:54.229-0400: 227.954: [GC (GCLocker Initiated GC) [PSYoungGen: 125649K->85790K(175104K)] 500047K->466538K(699392K), 0.0106511 secs] [Times: user=0.14 sys=0.00, real=0.01 secs] 
2016-09-15T12:29:54.358-0400: 228.083: [GC (GCLocker Initiated GC) [PSYoungGen: 173854K->67729K(175104K)] 555182K->485642K(699392K), 0.0192034 secs] [Times: user=0.26 sys=0.00, real=0.02 secs] 
2016-09-15T12:29:54.492-0400: 228.217: [GC (GCLocker Initiated GC) [PSYoungGen: 155793K->49372K(175104K)] 579868K->570963K(699392K), 0.0171923 secs] [Times: user=0.23 sys=0.00, real=0.02 secs] 
2016-09-15T12:29:54.509-0400: 228.234: [Full GC (Ergonomics) [PSYoungGen: 49372K->0K(175104K)] [ParOldGen: 521591K->59771K(524288K)] 570963K->59771K(699392K), [Metaspace: 44535K->44535K(1087488K)], 0.0757118 secs] [Times: user=0.47 sys=0.02, real=0.07 secs] 
2016-09-15T12:29:54.695-0400: 228.420: [GC (GCLocker Initiated GC) [PSYoungGen: 88064K->86406K(175104K)] 153990K->158408K(699392K), 0.0093963 secs] [Times: user=0.12 sys=0.00, real=0.01 secs] 
2016-09-15T12:29:54.819-0400: 228.544: [GC (Allocation Failure) [PSYoungGen: 174470K->73968K(175104K)] 252846K->177503K(699392K), 0.0137266 secs] [Times: user=0.14 sys=0.00, real=0.01 secs] 
2016-09-15T12:29:54.987-0400: 228.712: [GC (GCLocker Initiated GC) [PSYoungGen: 159428K->37290K(175104K)] 269039K->147192K(699392K), 0.0274856 secs] [Times: user=0.36 sys=0.00, real=0.03 secs] 
2016-09-15T12:29:55.144-0400: 228.870: [GC (GCLocker Initiated GC) [PSYoungGen: 125354K->73576K(175104K)] 235298K->202201K(699392K), 0.0110572 secs] [Times: user=0.12 sys=0.01, real=0.01 secs] 
2016-09-15T12:29:55.263-0400: 228.988: [GC (GCLocker Initiated GC) [PSYoungGen: 161640K->85758K(175104K)] 290374K->287699K(699392K), 0.0148702 secs] [Times: user=0.18 sys=0.00, real=0.02 secs] 
2016-09-15T12:29:55.408-0400: 229.133: [GC (GCLocker Initiated GC) [PSYoungGen: 173822K->73576K(175104K)] 375833K->300163K(699392K), 0.0116916 secs] [Times: user=0.08 sys=0.00, real=0.01 secs] 
2016-09-15T12:29:55.530-0400: 229.256: [GC (GCLocker Initiated GC) [PSYoungGen: 161640K->55483K(175104K)] 388369K->355428K(699392K), 0.0223136 secs] [Times: user=0.24 sys=0.00, real=0.02 secs] 
2016-09-15T12:29:55.695-0400: 229.420: [GC (GCLocker Initiated GC) [PSYoungGen: 143547K->55419K(175104K)] 455862K->404624K(699392K), 0.0107842 secs] [Times: user=0.10 sys=0.00, real=0.01 secs] 
2016-09-15T12:29:55.856-0400: 229.581: [GC (GCLocker Initiated GC) [PSYoungGen: 143483K->37194K(175104K)] 498806K->392800K(699392K), 0.0199422 secs] [Times: user=0.22 sys=0.00, real=0.02 secs] 
2016-09-15T12:29:56.002-0400: 229.727: [GC (GCLocker Initiated GC) [PSYoungGen: 125258K->73608K(175104K)] 486943K->484013K(699392K), 0.0113269 secs] [Times: user=0.11 sys=0.01, real=0.01 secs] 
2016-09-15T12:29:56.143-0400: 229.868: [GC (GCLocker Initiated GC) [PSYoungGen: 161672K->73480K(175104K)] 572185K->502501K(699392K), 0.0300266 secs] [Times: user=0.36 sys=0.01, real=0.03 secs] 
2016-09-15T12:29:56.285-0400: 230.010: [GC (GCLocker Initiated GC) [PSYoungGen: 161544K->85822K(175104K)] 590921K->558047K(699392K), 0.0123901 secs] [Times: user=0.19 sys=0.00, real=0.02 secs] 
2016-09-15T12:29:56.298-0400: 230.023: [Full GC (Ergonomics) [PSYoungGen: 85822K->0K(175104K)] [ParOldGen: 472225K->59494K(524288K)] 558047K->59494K(699392K), [Metaspace: 44538K->44538K(1087488K)], 0.0653479 secs] [Times: user=0.50 sys=0.02, real=0.06 secs] 
2016-09-15T12:29:56.476-0400: 230.202: [GC (GCLocker Initiated GC) [PSYoungGen: 88064K->86150K(175104K)] 147696K->151857K(699392K), 0.0111621 secs] [Times: user=0.16 sys=0.00, real=0.01 secs] 
2016-09-15T12:29:56.612-0400: 230.337: [GC (GCLocker Initiated GC) [PSYoungGen: 174214K->85886K(175104K)] 239934K->194939K(699392K), 0.0131896 secs] [Times: user=0.18 sys=0.00, real=0.01 secs] 
2016-09-15T12:29:56.759-0400: 230.484: [GC (GCLocker Initiated GC) [PSYoungGen: 173950K->85822K(175104K)] 289176K->225607K(699392K), 0.0106725 secs] [Times: user=0.11 sys=0.00, real=0.01 secs] 
2016-09-15T12:29:56.886-0400: 230.611: [GC (GCLocker Initiated GC) [PSYoungGen: 173886K->67501K(175104K)] 313836K->256342K(699392K), 0.0111631 secs] [Times: user=0.11 sys=0.00, real=0.02 secs] 
2016-09-15T12:29:57.042-0400: 230.768: [GC (GCLocker Initiated GC) [PSYoungGen: 155565K->73576K(175104K)] 350837K->287356K(699392K), 0.0104110 secs] [Times: user=0.10 sys=0.00, real=0.01 secs] 
2016-09-15T12:29:57.174-0400: 230.899: [GC (Allocation Failure) [PSYoungGen: 161640K->85762K(175104K)] 375468K->299873K(699392K), 0.0139707 secs] [Times: user=0.16 sys=0.00, real=0.02 secs] 
2016-09-15T12:29:57.301-0400: 231.026: [GC (Allocation Failure) [PSYoungGen: 173826K->43137K(175104K)] 387937K->336499K(699392K), 0.0108013 secs] [Times: user=0.11 sys=0.00, real=0.01 secs] 
2016-09-15T12:29:57.451-0400: 231.176: [GC (GCLocker Initiated GC) [PSYoungGen: 129095K->55547K(175104K)] 428532K->373328K(699392K), 0.0153674 secs] [Times: user=0.15 sys=0.00, real=0.01 secs] 
2016-09-15T12:29:57.609-0400: 231.334: [GC (GCLocker Initiated GC) [PSYoungGen: 143611K->67601K(175104K)] 461607K->404097K(699392K), 0.0119690 secs] [Times: user=0.11 sys=0.00, real=0.01 secs] 
2016-09-15T12:29:57.752-0400: 231.477: [GC (GCLocker Initiated GC) [PSYoungGen: 155665K->85822K(175104K)] 498284K->489475K(699392K), 0.0174364 secs] [Times: user=0.16 sys=0.00, real=0.02 secs] 
2016-09-15T12:29:57.888-0400: 231.613: [GC (GCLocker Initiated GC) [PSYoungGen: 173886K->73548K(175104K)] 577749K->501970K(699392K), 0.0303017 secs] [Times: user=0.26 sys=0.01, real=0.03 secs] 
2016-09-15T12:29:58.070-0400: 231.795: [GC (GCLocker Initiated GC) [PSYoungGen: 161612K->55159K(175104K)] 596195K->520377K(699392K), 0.0119046 secs] [Times: user=0.12 sys=0.00, real=0.01 secs] 
2016-09-15T12:29:58.082-0400: 231.807: [Full GC (Ergonomics) [PSYoungGen: 55159K->0K(175104K)] [ParOldGen: 465218K->47160K(524288K)] 520377K->47160K(699392K), [Metaspace: 44538K->44538K(1087488K)], 0.0644118 secs] [Times: user=0.34 sys=0.00, real=0.06 secs] 
2016-09-15T12:29:58.295-0400: 232.020: [GC (GCLocker Initiated GC) [PSYoungGen: 88064K->86210K(175104K)] 141498K->145719K(699392K), 0.0120175 secs] [Times: user=0.14 sys=0.00, real=0.01 secs] 
2016-09-15T12:29:58.424-0400: 232.149: [GC (GCLocker Initiated GC) [PSYoungGen: 174274K->55059K(175104K)] 233870K->145538K(699392K), 0.0169839 secs] [Times: user=0.11 sys=0.00, real=0.02 secs] 
2016-09-15T12:29:58.535-0400: 232.260: [GC (GCLocker Initiated GC) [PSYoungGen: 143123K->86150K(175104K)] 233657K->237577K(699392K), 0.0176992 secs] [Times: user=0.19 sys=0.01, real=0.02 secs] 
2016-09-15T12:29:58.681-0400: 232.406: [GC (GCLocker Initiated GC) [PSYoungGen: 174214K->43233K(175104K)] 338109K->292470K(699392K), 0.0115681 secs] [Times: user=0.13 sys=0.00, real=0.01 secs] 
2016-09-15T12:29:58.809-0400: 232.534: [GC (GCLocker Initiated GC) [PSYoungGen: 131297K->73704K(175104K)] 380587K->323122K(699392K), 0.0074722 secs] [Times: user=0.07 sys=0.00, real=0.01 secs] 
2016-09-15T12:29:58.929-0400: 232.654: [GC (GCLocker Initiated GC) [PSYoungGen: 161768K->73744K(175104K)] 411256K->335493K(699392K), 0.0091684 secs] [Times: user=0.08 sys=0.00, real=0.01 secs] 
2016-09-15T12:29:59.070-0400: 232.795: [GC (Allocation Failure) [PSYoungGen: 161808K->61198K(175104K)] 423812K->390606K(699392K), 0.0311755 secs] [Times: user=0.35 sys=0.00, real=0.03 secs] 
2016-09-15T12:29:59.220-0400: 232.945: [GC (GCLocker Initiated GC) [PSYoungGen: 149256K->79815K(175104K)] 478671K->409357K(699392K), 0.0222147 secs] [Times: user=0.21 sys=0.00, real=0.02 secs] 
2016-09-15T12:29:59.366-0400: 233.091: [GC (GCLocker Initiated GC) [PSYoungGen: 167879K->85854K(175104K)] 497474K->452230K(699392K), 0.0127772 secs] [Times: user=0.17 sys=0.00, real=0.02 secs] 
2016-09-15T12:29:59.507-0400: 233.232: [GC (Allocation Failure) [PSYoungGen: 173918K->73836K(175104K)] 546551K->519528K(699392K), 0.0173225 secs] [Times: user=0.23 sys=0.00, real=0.02 secs] 
2016-09-15T12:29:59.524-0400: 233.249: [Full GC (Ergonomics) [PSYoungGen: 73836K->0K(175104K)] [ParOldGen: 445692K->53458K(524288K)] 519528K->53458K(699392K), [Metaspace: 44538K->44538K(1087488K)], 0.0644280 secs] [Times: user=0.45 sys=0.01, real=0.07 secs] 
2016-09-15T12:29:59.709-0400: 233.435: [GC (GCLocker Initiated GC) [PSYoungGen: 86326K->85986K(175104K)] 145859K->151594K(699392K), 0.0103316 secs] [Times: user=0.16 sys=0.00, real=0.01 secs] 
2016-09-15T12:29:59.855-0400: 233.580: [GC (GCLocker Initiated GC) [PSYoungGen: 174050K->43269K(175104K)] 240008K->139845K(699392K), 0.0135999 secs] [Times: user=0.12 sys=0.01, real=0.02 secs] 
2016-09-15T12:29:59.999-0400: 233.724: [GC (GCLocker Initiated GC) [PSYoungGen: 131333K->61394K(175104K)] 227951K->194917K(699392K), 0.0098574 secs] [Times: user=0.10 sys=0.01, real=0.01 secs] 
2016-09-15T12:30:00.131-0400: 233.856: [GC (Allocation Failure) [PSYoungGen: 149458K->25043K(175104K)] 301522K->195388K(699392K), 0.0072736 secs] [Times: user=0.04 sys=0.00, real=0.01 secs] 
2016-09-15T12:30:00.275-0400: 234.000: [GC (GCLocker Initiated GC) [PSYoungGen: 113107K->49084K(175104K)] 283453K->237914K(699392K), 0.0222894 secs] [Times: user=0.25 sys=0.00, real=0.03 secs] 
2016-09-15T12:30:00.440-0400: 234.165: [GC (Allocation Failure) [PSYoungGen: 137148K->73672K(175104K)] 326328K->281196K(699392K), 0.0099091 secs] [Times: user=0.12 sys=0.00, real=0.01 secs] 
2016-09-15T12:30:00.570-0400: 234.295: [GC (GCLocker Initiated GC) [PSYoungGen: 155744K->24912K(175104K)] 369344K->275073K(699392K), 0.0164287 secs] [Times: user=0.15 sys=0.00, real=0.01 secs] 
2016-09-15T12:30:00.717-0400: 234.442: [GC (GCLocker Initiated GC) [PSYoungGen: 112976K->37521K(175104K)] 375422K->318297K(699392K), 0.0219837 secs] [Times: user=0.22 sys=0.00, real=0.02 secs] 
2016-09-15T12:30:00.852-0400: 234.578: [GC (GCLocker Initiated GC) [PSYoungGen: 125585K->37162K(175104K)] 412617K->324617K(699392K), 0.0208292 secs] [Times: user=0.19 sys=0.01, real=0.02 secs] 
2016-09-15T12:30:00.977-0400: 234.703: [GC (GCLocker Initiated GC) [PSYoungGen: 125226K->86282K(175104K)] 412841K->392437K(699392K), 0.0141479 secs] [Times: user=0.16 sys=0.00, real=0.01 secs] 
2016-09-15T12:30:01.114-0400: 234.839: [GC (GCLocker Initiated GC) [PSYoungGen: 174346K->43592K(175104K)] 492838K->399310K(699392K), 0.0084476 secs] [Times: user=0.08 sys=0.00, real=0.01 secs] 
2016-09-15T12:30:01.260-0400: 234.985: [GC (Allocation Failure) [PSYoungGen: 131656K->67601K(175104K)] 493643K->429847K(699392K), 0.0287108 secs] [Times: user=0.19 sys=0.00, real=0.03 secs] 
2016-09-15T12:30:01.289-0400: 235.014: [GC (GCLocker Initiated GC) [PSYoungGen: 67620K->128K(175104K)] 429866K->435790K(699392K), 0.0119769 secs] [Times: user=0.11 sys=0.00, real=0.01 secs] 
2016-09-15T12:30:01.422-0400: 235.147: [Full GC (Ergonomics) [PSYoungGen: 87237K->0K(175104K)] [ParOldGen: 441737K->53833K(524288K)] 528975K->53833K(699392K), [Metaspace: 44538K->44538K(1087488K)], 0.0659136 secs] [Times: user=0.32 sys=0.01, real=0.07 secs] 
2016-09-15T12:30:01.643-0400: 235.368: [GC (GCLocker Initiated GC) [PSYoungGen: 88064K->86242K(175104K)] 154140K->170543K(699392K), 0.0103625 secs] [Times: user=0.10 sys=0.00, real=0.01 secs] 
2016-09-15T12:30:01.769-0400: 235.494: [GC (GCLocker Initiated GC) [PSYoungGen: 174306K->67337K(175104K)] 258661K->249611K(699392K), 0.0289471 secs] [Times: user=0.31 sys=0.00, real=0.03 secs] 
2016-09-15T12:30:01.924-0400: 235.649: [GC (GCLocker Initiated GC) [PSYoungGen: 155401K->49308K(175104K)] 350035K->304820K(699392K), 0.0101938 secs] [Times: user=0.09 sys=0.00, real=0.01 secs] 
2016-09-15T12:30:02.053-0400: 235.778: [GC (GCLocker Initiated GC) [PSYoungGen: 137372K->67469K(175104K)] 399151K->359899K(699392K), 0.0257578 secs] [Times: user=0.33 sys=0.00, real=0.03 secs] 
2016-09-15T12:30:02.217-0400: 235.942: [GC (GCLocker Initiated GC) [PSYoungGen: 155533K->67433K(175104K)] 454276K->384528K(699392K), 0.0092205 secs] [Times: user=0.12 sys=0.00, real=0.00 secs] 
2016-09-15T12:30:02.345-0400: 236.070: [GC (GCLocker Initiated GC) [PSYoungGen: 155497K->73772K(175104K)] 478669K->427455K(699392K), 0.0105639 secs] [Times: user=0.14 sys=0.00, real=0.01 secs] 
2016-09-15T12:30:02.518-0400: 236.243: [GC (GCLocker Initiated GC) [PSYoungGen: 161836K->24944K(175104K)] 527929K->427950K(699392K), 0.0082862 secs] [Times: user=0.07 sys=0.00, real=0.00 secs] 
2016-09-15T12:30:02.697-0400: 236.422: [GC (GCLocker Initiated GC) [PSYoungGen: 113008K->73252K(175104K)] 516218K->476713K(699392K), 0.0155170 secs] [Times: user=0.14 sys=0.00, real=0.01 secs] 
2016-09-15T12:30:02.836-0400: 236.562: [GC (GCLocker Initiated GC) [PSYoungGen: 161316K->85562K(175104K)] 570894K->495236K(699392K), 0.0231689 secs] [Times: user=0.26 sys=0.00, real=0.02 secs] 
2016-09-15T12:30:02.959-0400: 236.684: [GC (GCLocker Initiated GC) [PSYoungGen: 173626K->55387K(175104K)] 583303K->489467K(699392K), 0.0158899 secs] [Times: user=0.13 sys=0.00, real=0.01 secs] 
2016-09-15T12:30:03.101-0400: 236.826: [GC (GCLocker Initiated GC) [PSYoungGen: 143451K->67765K(175104K)] 583821K->520545K(699392K), 0.0154917 secs] [Times: user=0.12 sys=0.00, real=0.02 secs] 
2016-09-15T12:30:03.116-0400: 236.841: [Full GC (Ergonomics) [PSYoungGen: 67765K->0K(175104K)] [ParOldGen: 452780K->54413K(524288K)] 520545K->54413K(699392K), [Metaspace: 44540K->44540K(1087488K)], 0.0806532 secs] [Times: user=0.40 sys=0.02, real=0.08 secs] 
2016-09-15T12:30:03.310-0400: 237.036: [GC (GCLocker Initiated GC) [PSYoungGen: 88064K->79391K(175104K)] 148588K->139915K(699392K), 0.0110541 secs] [Times: user=0.09 sys=0.00, real=0.01 secs] 
2016-09-15T12:30:03.441-0400: 237.166: [GC (GCLocker Initiated GC) [PSYoungGen: 167455K->49863K(175104K)] 228032K->183509K(699392K), 0.0124355 secs] [Times: user=0.18 sys=0.00, real=0.01 secs] 
2016-09-15T12:30:03.555-0400: 237.280: [GC (GCLocker Initiated GC) [PSYoungGen: 137927K->85758K(175104K)] 277707K->244241K(699392K), 0.0104952 secs] [Times: user=0.10 sys=0.00, real=0.01 secs] 
2016-09-15T12:30:03.698-0400: 237.423: [GC (Allocation Failure) [PSYoungGen: 173822K->55383K(175104K)] 338545K->293281K(699392K), 0.0138649 secs] [Times: user=0.18 sys=0.00, real=0.01 secs] 
2016-09-15T12:30:03.857-0400: 237.582: [GC (GCLocker Initiated GC) [PSYoungGen: 143447K->55319K(175104K)] 387420K->299576K(699392K), 0.0098849 secs] [Times: user=0.10 sys=0.00, real=0.00 secs] 
2016-09-15T12:30:04.013-0400: 237.738: [GC (GCLocker Initiated GC) [PSYoungGen: 143383K->61330K(175104K)] 399832K->336272K(699392K), 0.0230817 secs] [Times: user=0.21 sys=0.00, real=0.03 secs] 
2016-09-15T12:30:04.136-0400: 237.861: [GC (GCLocker Initiated GC) [PSYoungGen: 149394K->73448K(175104K)] 424417K->360897K(699392K), 0.0159486 secs] [Times: user=0.14 sys=0.00, real=0.01 secs] 
2016-09-15T12:30:04.294-0400: 238.019: [GC (GCLocker Initiated GC) [PSYoungGen: 161512K->43237K(175104K)] 455324K->391811K(699392K), 0.0304243 secs] [Times: user=0.32 sys=0.00, real=0.03 secs] 
2016-09-15T12:30:04.440-0400: 238.165: [GC (GCLocker Initiated GC) [PSYoungGen: 131301K->85790K(175104K)] 486099K->453037K(699392K), 0.0132424 secs] [Times: user=0.17 sys=0.00, real=0.01 secs] 
2016-09-15T12:30:04.577-0400: 238.302: [GC (GCLocker Initiated GC) [PSYoungGen: 173854K->85922K(175104K)] 541457K->484215K(699392K), 0.0290093 secs] [Times: user=0.34 sys=0.00, real=0.02 secs] 
2016-09-15T12:30:04.746-0400: 238.471: [GC (Allocation Failure) [PSYoungGen: 173986K->31150K(175104K)] 578653K->490917K(699392K), 0.0089882 secs] [Times: user=0.09 sys=0.00, real=0.01 secs] 
2016-09-15T12:30:04.755-0400: 238.480: [Full GC (Ergonomics) [PSYoungGen: 31150K->0K(175104K)] [ParOldGen: 459766K->54114K(524288K)] 490917K->54114K(699392K), [Metaspace: 44541K->44541K(1087488K)], 0.0664905 secs] [Times: user=0.49 sys=0.02, real=0.07 secs] 
2016-09-15T12:30:04.938-0400: 238.663: [GC (GCLocker Initiated GC) [PSYoungGen: 88064K->85854K(175104K)] 142184K->164274K(699392K), 0.0118060 secs] [Times: user=0.19 sys=0.00, real=0.01 secs] 
2016-09-15T12:30:05.062-0400: 238.787: [GC (Allocation Failure) [PSYoungGen: 173918K->85854K(175104K)] 252565K->225574K(699392K), 0.0130943 secs] [Times: user=0.22 sys=0.00, real=0.02 secs] 
2016-09-15T12:30:05.225-0400: 238.950: [GC (GCLocker Initiated GC) [PSYoungGen: 168447K->55547K(175104K)] 314243K->256325K(699392K), 0.0123660 secs] [Times: user=0.11 sys=0.00, real=0.02 secs] 
2016-09-15T12:30:05.349-0400: 239.074: [GC (GCLocker Initiated GC) [PSYoungGen: 143611K->55255K(175104K)] 350513K->280657K(699392K), 0.0154603 secs] [Times: user=0.17 sys=0.00, real=0.01 secs] 
2016-09-15T12:30:05.474-0400: 239.199: [GC (Allocation Failure) [PSYoungGen: 143319K->85790K(175104K)] 368825K->390415K(699392K), 0.0195002 secs] [Times: user=0.25 sys=0.00, real=0.02 secs] 
2016-09-15T12:30:05.618-0400: 239.343: [GC (GCLocker Initiated GC) [PSYoungGen: 173854K->79879K(175104K)] 478480K->421262K(699392K), 0.0142529 secs] [Times: user=0.16 sys=0.00, real=0.01 secs] 
2016-09-15T12:30:05.774-0400: 239.499: [GC (GCLocker Initiated GC) [PSYoungGen: 167943K->55383K(175104K)] 509452K->452187K(699392K), 0.0250631 secs] [Times: user=0.24 sys=0.00, real=0.03 secs] 
2016-09-15T12:30:05.928-0400: 239.653: [GC (GCLocker Initiated GC) [PSYoungGen: 143447K->55447K(175104K)] 546384K->513211K(699392K), 0.0162708 secs] [Times: user=0.24 sys=0.00, real=0.01 secs] 
2016-09-15T12:30:05.944-0400: 239.669: [Full GC (Ergonomics) [PSYoungGen: 55447K->0K(175104K)] [ParOldGen: 457764K->53754K(524288K)] 513211K->53754K(699392K), [Metaspace: 44542K->44542K(1087488K)], 0.0676658 secs] [Times: user=0.56 sys=0.01, real=0.07 secs] 
2016-09-15T12:30:06.143-0400: 239.868: [GC (Allocation Failure) [PSYoungGen: 88064K->86498K(175104K)] 141877K->182836K(699392K), 0.0133871 secs] [Times: user=0.19 sys=0.00, real=0.02 secs] 
2016-09-15T12:30:06.263-0400: 239.988: [GC (GCLocker Initiated GC) [PSYoungGen: 174562K->79779K(175104K)] 270901K->232112K(699392K), 0.0131105 secs] [Times: user=0.19 sys=0.00, real=0.02 secs] 
2016-09-15T12:30:06.403-0400: 240.128: [GC (GCLocker Initiated GC) [PSYoungGen: 167843K->61490K(175104K)] 326427K->256808K(699392K), 0.0140008 secs] [Times: user=0.15 sys=0.00, real=0.02 secs] 
2016-09-15T12:30:06.544-0400: 240.269: [GC (GCLocker Initiated GC) [PSYoungGen: 149554K->74032K(175104K)] 351128K->312372K(699392K), 0.0122723 secs] [Times: user=0.16 sys=0.00, real=0.02 secs] 
2016-09-15T12:30:06.702-0400: 240.428: [GC (Allocation Failure) [PSYoungGen: 162096K->55711K(175104K)] 412930K->343130K(699392K), 0.0136822 secs] [Times: user=0.18 sys=0.00, real=0.02 secs] 
2016-09-15T12:30:06.856-0400: 240.581: [GC (GCLocker Initiated GC) [PSYoungGen: 142606K->55223K(175104K)] 436101K->361455K(699392K), 0.0172141 secs] [Times: user=0.21 sys=0.00, real=0.01 secs] 
2016-09-15T12:30:07.016-0400: 240.741: [GC (GCLocker Initiated GC) [PSYoungGen: 143287K->61426K(175104K)] 455697K->398231K(699392K), 0.0296654 secs] [Times: user=0.34 sys=0.00, real=0.02 secs] 
2016-09-15T12:30:07.196-0400: 240.921: [GC (GCLocker Initiated GC) [PSYoungGen: 149490K->19392K(175104K)] 498660K->411231K(699392K), 0.0144024 secs] [Times: user=0.17 sys=0.00, real=0.01 secs] 
2016-09-15T12:30:07.326-0400: 241.051: [GC (GCLocker Initiated GC) [PSYoungGen: 107453K->30823K(175104K)] 511792K->453818K(699392K), 0.0239582 secs] [Times: user=0.24 sys=0.00, real=0.03 secs] 
2016-09-15T12:30:07.471-0400: 241.196: [GC (Allocation Failure) [PSYoungGen: 118887K->74100K(175104K)] 541979K->497319K(699392K), 0.0080792 secs] [Times: user=0.07 sys=0.00, real=0.01 secs] 
2016-09-15T12:30:07.591-0400: 241.316: [GC (GCLocker Initiated GC) [PSYoungGen: 162164K->73804K(175104K)] 585389K->515905K(699392K), 0.0234469 secs] [Times: user=0.29 sys=0.01, real=0.02 secs] 
2016-09-15T12:30:07.721-0400: 241.446: [GC (GCLocker Initiated GC) [PSYoungGen: 161868K->80075K(175104K)] 610046K->546598K(699392K), 0.0107856 secs] [Times: user=0.13 sys=0.00, real=0.01 secs] 
2016-09-15T12:30:07.732-0400: 241.457: [Full GC (Ergonomics) [PSYoungGen: 80075K->0K(175104K)] [ParOldGen: 466523K->54534K(524288K)] 546598K->54534K(699392K), [Metaspace: 44543K->44543K(1087488K)], 0.0668196 secs] [Times: user=0.54 sys=0.01, real=0.07 secs] 
2016-09-15T12:30:07.921-0400: 241.646: [GC (GCLocker Initiated GC) [PSYoungGen: 88063K->86210K(175104K)] 142953K->147174K(699392K), 0.0106471 secs] [Times: user=0.16 sys=0.00, real=0.01 secs] 
2016-09-15T12:30:08.054-0400: 241.779: [GC (GCLocker Initiated GC) [PSYoungGen: 174274K->73608K(175104K)] 235336K->171831K(699392K), 0.0125588 secs] [Times: user=0.18 sys=0.00, real=0.01 secs] 
2016-09-15T12:30:08.188-0400: 241.913: [GC (GCLocker Initiated GC) [PSYoungGen: 161672K->85854K(175104K)] 266041K->196442K(699392K), 0.0114376 secs] [Times: user=0.17 sys=0.00, real=0.01 secs] 
2016-09-15T12:30:08.312-0400: 242.037: [GC (GCLocker Initiated GC) [PSYoungGen: 173918K->79879K(175104K)] 284698K->251717K(699392K), 0.0114077 secs] [Times: user=0.17 sys=0.00, real=0.01 secs] 
2016-09-15T12:30:08.447-0400: 242.172: [GC (GCLocker Initiated GC) [PSYoungGen: 167943K->67501K(175104K)] 340025K->270250K(699392K), 0.0101823 secs] [Times: user=0.10 sys=0.00, real=0.02 secs] 
2016-09-15T12:30:08.584-0400: 242.309: [GC (GCLocker Initiated GC) [PSYoungGen: 155565K->61590K(175104K)] 364515K->295140K(699392K), 0.0153244 secs] [Times: user=0.17 sys=0.00, real=0.02 secs] 
2016-09-15T12:30:08.730-0400: 242.455: [GC (GCLocker Initiated GC) [PSYoungGen: 149654K->55155K(175104K)] 383386K->337950K(699392K), 0.0224660 secs] [Times: user=0.23 sys=0.01, real=0.02 secs] 
2016-09-15T12:30:08.889-0400: 242.614: [GC (GCLocker Initiated GC) [PSYoungGen: 143219K->85630K(175104K)] 426336K->387076K(699392K), 0.0115365 secs] [Times: user=0.09 sys=0.00, real=0.01 secs] 
2016-09-15T12:30:09.028-0400: 242.753: [GC (GCLocker Initiated GC) [PSYoungGen: 173694K->85890K(175104K)] 475204K->417879K(699392K), 0.0202813 secs] [Times: user=0.23 sys=0.00, real=0.02 secs] 
2016-09-15T12:30:09.165-0400: 242.891: [GC (GCLocker Initiated GC) [PSYoungGen: 173954K->61490K(175104K)] 512379K->442740K(699392K), 0.0194307 secs] [Times: user=0.20 sys=0.00, real=0.02 secs] 
2016-09-15T12:30:09.307-0400: 243.032: [GC (GCLocker Initiated GC) [PSYoungGen: 149554K->79879K(175104K)] 531019K->479868K(699392K), 0.0303262 secs] [Times: user=0.37 sys=0.00, real=0.04 secs] 
2016-09-15T12:30:09.482-0400: 243.207: [GC (Allocation Failure) [PSYoungGen: 167943K->55319K(175104K)] 574127K->498244K(699392K), 0.0097117 secs] [Times: user=0.10 sys=0.00, real=0.01 secs] 
2016-09-15T12:30:09.623-0400: 243.349: [GC (GCLocker Initiated GC) [PSYoungGen: 143383K->73512K(175104K)] 586308K->534774K(699392K), 0.0107209 secs] [Times: user=0.10 sys=0.00, real=0.01 secs] 
2016-09-15T12:30:09.634-0400: 243.359: [Full GC (Ergonomics) [PSYoungGen: 73512K->0K(175104K)] [ParOldGen: 461262K->60532K(524288K)] 534774K->60532K(699392K), [Metaspace: 44548K->44548K(1087488K)], 0.0658030 secs] [Times: user=0.45 sys=0.01, real=0.07 secs] 
2016-09-15T12:30:09.847-0400: 243.572: [GC (GCLocker Initiated GC) [PSYoungGen: 88064K->86242K(175104K)] 154950K->159203K(699392K), 0.0116280 secs] [Times: user=0.07 sys=0.00, real=0.02 secs] 
2016-09-15T12:30:09.961-0400: 243.686: [GC (GCLocker Initiated GC) [PSYoungGen: 174306K->73608K(175104K)] 253570K->227067K(699392K), 0.0239567 secs] [Times: user=0.28 sys=0.00, real=0.02 secs] 
2016-09-15T12:30:10.103-0400: 243.828: [GC (GCLocker Initiated GC) [PSYoungGen: 161672K->85922K(175104K)] 315318K->258077K(699392K), 0.0172239 secs] [Times: user=0.20 sys=0.01, real=0.02 secs] 
2016-09-15T12:30:10.254-0400: 243.979: [GC (GCLocker Initiated GC) [PSYoungGen: 173986K->85822K(175104K)] 346458K->295035K(699392K), 0.0110481 secs] [Times: user=0.11 sys=0.00, real=0.01 secs] 
2016-09-15T12:30:10.407-0400: 244.132: [GC (GCLocker Initiated GC) [PSYoungGen: 173886K->49504K(175104K)] 389502K->283480K(699392K), 0.0070724 secs] [Times: user=0.07 sys=0.00, real=0.01 secs] 
2016-09-15T12:30:10.532-0400: 244.257: [GC (GCLocker Initiated GC) [PSYoungGen: 137568K->55319K(175104K)] 377974K->314258K(699392K), 0.0212549 secs] [Times: user=0.27 sys=0.00, real=0.02 secs] 
2016-09-15T12:30:10.682-0400: 244.407: [GC (GCLocker Initiated GC) [PSYoungGen: 143383K->85922K(175104K)] 402370K->387577K(699392K), 0.0129744 secs] [Times: user=0.22 sys=0.00, real=0.01 secs] 
2016-09-15T12:30:10.821-0400: 244.546: [GC (GCLocker Initiated GC) [PSYoungGen: 173986K->67433K(175104K)] 475779K->442434K(699392K), 0.0122525 secs] [Times: user=0.18 sys=0.00, real=0.01 secs] 
2016-09-15T12:30:10.921-0400: 244.646: [GC (GCLocker Initiated GC) [PSYoungGen: 155497K->86182K(175104K)] 530579K->497881K(699392K), 0.0117580 secs] [Times: user=0.14 sys=0.00, real=0.01 secs] 
2016-09-15T12:30:11.066-0400: 244.791: [GC (GCLocker Initiated GC) [PSYoungGen: 174246K->67533K(175104K)] 592191K->564917K(699392K), 0.0127386 secs] [Times: user=0.18 sys=0.01, real=0.02 secs] 
2016-09-15T12:30:11.079-0400: 244.804: [Full GC (Ergonomics) [PSYoungGen: 67533K->0K(175104K)] [ParOldGen: 497383K->48339K(524288K)] 564917K->48339K(699392K), [Metaspace: 44549K->44549K(1087488K)], 0.0639388 secs] [Times: user=0.43 sys=0.01, real=0.06 secs] 
2016-09-15T12:30:11.248-0400: 244.973: [GC (GCLocker Initiated GC) [PSYoungGen: 88064K->86146K(175104K)] 136506K->140663K(699392K), 0.0107639 secs] [Times: user=0.11 sys=0.00, real=0.01 secs] 
2016-09-15T12:30:11.412-0400: 245.137: [GC (GCLocker Initiated GC) [PSYoungGen: 174210K->86018K(175104K)] 234878K->201948K(699392K), 0.0121399 secs] [Times: user=0.17 sys=0.00, real=0.01 secs] 
2016-09-15T12:30:11.573-0400: 245.298: [GC (Allocation Failure) [PSYoungGen: 174082K->73608K(175104K)] 296140K->238507K(699392K), 0.0114736 secs] [Times: user=0.14 sys=0.00, real=0.01 secs] 
2016-09-15T12:30:11.744-0400: 245.469: [GC (GCLocker Initiated GC) [PSYoungGen: 161566K->55187K(175104K)] 332541K->281127K(699392K), 0.0178465 secs] [Times: user=0.22 sys=0.00, real=0.02 secs] 
2016-09-15T12:30:11.892-0400: 245.617: [GC (GCLocker Initiated GC) [PSYoungGen: 143251K->85722K(175104K)] 369199K->317904K(699392K), 0.0090427 secs] [Times: user=0.10 sys=0.00, real=0.01 secs] 
2016-09-15T12:30:12.034-0400: 245.759: [GC (GCLocker Initiated GC) [PSYoungGen: 173786K->61398K(175104K)] 412198K->318123K(699392K), 0.0110540 secs] [Times: user=0.08 sys=0.00, real=0.01 secs] 
2016-09-15T12:30:12.154-0400: 245.879: [GC (GCLocker Initiated GC) [PSYoungGen: 149462K->85954K(175104K)] 406447K->349313K(699392K), 0.0309107 secs] [Times: user=0.36 sys=0.00, real=0.03 secs] 
2016-09-15T12:30:12.310-0400: 246.036: [GC (GCLocker Initiated GC) [PSYoungGen: 174018K->85822K(175104K)] 449575K->404212K(699392K), 0.0128684 secs] [Times: user=0.17 sys=0.00, real=0.01 secs] 
2016-09-15T12:30:12.444-0400: 246.169: [GC (GCLocker Initiated GC) [PSYoungGen: 173886K->61590K(175104K)] 498623K->422897K(699392K), 0.0216179 secs] [Times: user=0.26 sys=0.00, real=0.02 secs] 
2016-09-15T12:30:12.592-0400: 246.317: [GC (Allocation Failure) [PSYoungGen: 149654K->43301K(175104K)] 511316K->429530K(699392K), 0.0091472 secs] [Times: user=0.08 sys=0.01, real=0.01 secs] 
2016-09-15T12:30:12.701-0400: 246.426: [GC (GCLocker Initiated GC) [PSYoungGen: 131365K->67401K(175104K)] 517722K->490492K(699392K), 0.0160076 secs] [Times: user=0.20 sys=0.01, real=0.02 secs] 
2016-09-15T12:30:12.847-0400: 246.572: [GC (Allocation Failure) [PSYoungGen: 155465K->61526K(175104K)] 578598K->521244K(699392K), 0.0155792 secs] [Times: user=0.19 sys=0.00, real=0.02 secs] 
2016-09-15T12:30:12.863-0400: 246.588: [Full GC (Ergonomics) [PSYoungGen: 61526K->0K(175104K)] [ParOldGen: 459718K->42566K(524288K)] 521244K->42566K(699392K), [Metaspace: 44550K->44550K(1087488K)], 0.0638411 secs] [Times: user=0.44 sys=0.00, real=0.06 secs] 
2016-09-15T12:30:13.035-0400: 246.760: [GC (GCLocker Initiated GC) [PSYoungGen: 82038K->86242K(175104K)] 130679K->177408K(699392K), 0.0113691 secs] [Times: user=0.15 sys=0.00, real=0.01 secs] 
2016-09-15T12:30:13.185-0400: 246.910: [GC (Allocation Failure) [PSYoungGen: 174306K->37354K(175104K)] 271790K->190248K(699392K), 0.0155495 secs] [Times: user=0.22 sys=0.00, real=0.02 secs] 
2016-09-15T12:30:13.301-0400: 247.026: [GC (GCLocker Initiated GC) [PSYoungGen: 125418K->67597K(175104K)] 278318K->239030K(699392K), 0.0124462 secs] [Times: user=0.15 sys=0.00, real=0.01 secs] 
2016-09-15T12:30:13.432-0400: 247.157: [GC (GCLocker Initiated GC) [PSYoungGen: 155661K->79883K(175104K)] 327231K->257623K(699392K), 0.0126793 secs] [Times: user=0.12 sys=0.00, real=0.01 secs] 
2016-09-15T12:30:13.564-0400: 247.289: [GC (GCLocker Initiated GC) [PSYoungGen: 167947K->73904K(175104K)] 351963K->288898K(699392K), 0.0146116 secs] [Times: user=0.14 sys=0.00, real=0.02 secs] 
2016-09-15T12:30:13.692-0400: 247.417: [GC (Allocation Failure) [PSYoungGen: 161968K->67369K(175104K)] 383297K->367949K(699392K), 0.0333064 secs] [Times: user=0.39 sys=0.00, real=0.03 secs] 
2016-09-15T12:30:13.726-0400: 247.451: [GC (GCLocker Initiated GC) [PSYoungGen: 67382K->128K(175104K)] 367963K->373864K(699392K), 0.0073005 secs] [Times: user=0.09 sys=0.00, real=0.01 secs] 
2016-09-15T12:30:13.847-0400: 247.572: [GC (GCLocker Initiated GC) [PSYoungGen: 88192K->86897K(175104K)] 461934K->485196K(699392K), 0.0116344 secs] [Times: user=0.16 sys=0.00, real=0.02 secs] 
2016-09-15T12:30:14.001-0400: 247.726: [GC (GCLocker Initiated GC) [PSYoungGen: 174961K->37030K(175104K)] 591685K->491047K(699392K), 0.0090915 secs] [Times: user=0.08 sys=0.00, real=0.01 secs] 
2016-09-15T12:30:14.010-0400: 247.735: [Full GC (Ergonomics) [PSYoungGen: 37030K->0K(175104K)] [ParOldGen: 454017K->53720K(524288K)] 491047K->53720K(699392K), [Metaspace: 44550K->44550K(1087488K)], 0.0650891 secs] [Times: user=0.38 sys=0.01, real=0.06 secs] 
2016-09-15T12:30:14.195-0400: 247.920: [GC (GCLocker Initiated GC) [PSYoungGen: 88064K->73864K(175104K)] 147906K->133706K(699392K), 0.0107777 secs] [Times: user=0.12 sys=0.00, real=0.01 secs] 
2016-09-15T12:30:14.336-0400: 248.061: [GC (GCLocker Initiated GC) [PSYoungGen: 161928K->55451K(175104K)] 228016K->146551K(699392K), 0.0094158 secs] [Times: user=0.08 sys=0.00, real=0.00 secs] 
2016-09-15T12:30:14.464-0400: 248.189: [GC (GCLocker Initiated GC) [PSYoungGen: 143515K->55611K(175104K)] 234831K->202082K(699392K), 0.0150139 secs] [Times: user=0.16 sys=0.00, real=0.02 secs] 
2016-09-15T12:30:14.603-0400: 248.328: [GC (GCLocker Initiated GC) [PSYoungGen: 143675K->55319K(175104K)] 296437K->226589K(699392K), 0.0074136 secs] [Times: user=0.08 sys=0.00, real=0.01 secs] 
2016-09-15T12:30:14.780-0400: 248.505: [GC (GCLocker Initiated GC) [PSYoungGen: 143383K->24752K(175104K)] 314868K->214706K(699392K), 0.0250809 secs] [Times: user=0.24 sys=0.00, real=0.02 secs] 
2016-09-15T12:30:14.919-0400: 248.644: [GC (GCLocker Initiated GC) [PSYoungGen: 112816K->73544K(175104K)] 303086K->282143K(699392K), 0.0187360 secs] [Times: user=0.17 sys=0.00, real=0.02 secs] 
2016-09-15T12:30:15.075-0400: 248.800: [GC (GCLocker Initiated GC) [PSYoungGen: 161608K->79979K(175104K)] 376363K->331303K(699392K), 0.0130004 secs] [Times: user=0.14 sys=0.00, real=0.02 secs] 
2016-09-15T12:30:15.227-0400: 248.952: [GC (GCLocker Initiated GC) [PSYoungGen: 168043K->55547K(175104K)] 431755K->368306K(699392K), 0.0112701 secs] [Times: user=0.12 sys=0.00, real=0.02 secs] 
2016-09-15T12:30:15.372-0400: 249.097: [GC (GCLocker Initiated GC) [PSYoungGen: 143611K->55287K(175104K)] 462605K->392969K(699392K), 0.0213473 secs] [Times: user=0.20 sys=0.00, real=0.02 secs] 
2016-09-15T12:30:15.506-0400: 249.232: [GC (GCLocker Initiated GC) [PSYoungGen: 143351K->67501K(175104K)] 481037K->460006K(699392K), 0.0118460 secs] [Times: user=0.10 sys=0.00, real=0.02 secs] 
2016-09-15T12:30:15.623-0400: 249.348: [GC (GCLocker Initiated GC) [PSYoungGen: 155565K->85694K(175104K)] 554366K->496905K(699392K), 0.0224107 secs] [Times: user=0.24 sys=0.00, real=0.02 secs] 
2016-09-15T12:30:15.765-0400: 249.491: [GC (GCLocker Initiated GC) [PSYoungGen: 173758K->73512K(175104K)] 585302K->527880K(699392K), 0.0177835 secs] [Times: user=0.18 sys=0.00, real=0.02 secs] 
2016-09-15T12:30:15.783-0400: 249.508: [Full GC (Ergonomics) [PSYoungGen: 73512K->0K(175104K)] [ParOldGen: 454368K->53858K(524288K)] 527880K->53858K(699392K), [Metaspace: 44550K->44550K(1087488K)], 0.0650481 secs] [Times: user=0.38 sys=0.01, real=0.07 secs] 
2016-09-15T12:30:15.974-0400: 249.699: [GC (GCLocker Initiated GC) [PSYoungGen: 88064K->79683K(175104K)] 141970K->133589K(699392K), 0.0120083 secs] [Times: user=0.12 sys=0.00, real=0.01 secs] 
2016-09-15T12:30:16.161-0400: 249.886: [GC (Allocation Failure) [PSYoungGen: 167747K->18933K(175104K)] 240523K->152711K(699392K), 0.0137427 secs] [Times: user=0.16 sys=0.00, real=0.01 secs] 
2016-09-15T12:30:16.309-0400: 250.034: [GC (Allocation Failure) [PSYoungGen: 104977K->55615K(175104K)] 238755K->189692K(699392K), 0.0094029 secs] [Times: user=0.12 sys=0.00, real=0.01 secs] 
2016-09-15T12:30:16.450-0400: 250.175: [GC (GCLocker Initiated GC) [PSYoungGen: 142250K->55383K(175104K)] 282402K->214028K(699392K), 0.0079006 secs] [Times: user=0.10 sys=0.00, real=0.01 secs] 
2016-09-15T12:30:16.624-0400: 250.349: [GC (GCLocker Initiated GC) [PSYoungGen: 143447K->37094K(175104K)] 308348K->220323K(699392K), 0.0104146 secs] [Times: user=0.12 sys=0.00, real=0.01 secs] 
2016-09-15T12:30:16.752-0400: 250.477: [GC (GCLocker Initiated GC) [PSYoungGen: 125158K->85626K(175104K)] 308519K->275378K(699392K), 0.0110584 secs] [Times: user=0.11 sys=0.00, real=0.01 secs] 
2016-09-15T12:30:16.902-0400: 250.627: [GC (GCLocker Initiated GC) [PSYoungGen: 173690K->49571K(175104K)] 375941K->306602K(699392K), 0.0112598 secs] [Times: user=0.09 sys=0.00, real=0.01 secs] 
2016-09-15T12:30:17.023-0400: 250.748: [GC (GCLocker Initiated GC) [PSYoungGen: 137635K->85954K(175104K)] 394731K->367820K(699392K), 0.0214330 secs] [Times: user=0.23 sys=0.00, real=0.02 secs] 
2016-09-15T12:30:17.184-0400: 250.909: [GC (Allocation Failure) [PSYoungGen: 174018K->49376K(175104K)] 462096K->380239K(699392K), 0.0276721 secs] [Times: user=0.34 sys=0.01, real=0.03 secs] 
2016-09-15T12:30:17.311-0400: 251.036: [GC (Allocation Failure) [PSYoungGen: 134542K->61522K(175104K)] 465405K->422911K(699392K), 0.0103919 secs] [Times: user=0.12 sys=0.00, real=0.01 secs] 
2016-09-15T12:30:17.445-0400: 251.171: [GC (GCLocker Initiated GC) [PSYoungGen: 149586K->55255K(175104K)] 510981K->453203K(699392K), 0.0212629 secs] [Times: user=0.24 sys=0.00, real=0.02 secs] 
2016-09-15T12:30:17.605-0400: 251.330: [GC (GCLocker Initiated GC) [PSYoungGen: 143319K->37581K(175104K)] 559775K->490631K(699392K), 0.0121877 secs] [Times: user=0.17 sys=0.00, real=0.02 secs] 
2016-09-15T12:30:17.744-0400: 251.469: [Full GC (Ergonomics) [PSYoungGen: 125645K->0K(175104K)] [ParOldGen: 459235K->47943K(524288K)] 584881K->47943K(699392K), [Metaspace: 44550K->44550K(1087488K)], 0.0538930 secs] [Times: user=0.31 sys=0.01, real=0.07 secs] 
2016-09-15T12:30:17.914-0400: 251.639: [GC (GCLocker Initiated GC) [PSYoungGen: 88062K->85822K(175104K)] 136355K->158415K(699392K), 0.0207518 secs] [Times: user=0.26 sys=0.00, real=0.02 secs] 
2016-09-15T12:30:18.048-0400: 251.773: [GC (GCLocker Initiated GC) [PSYoungGen: 173886K->73804K(175104K)] 252758K->183514K(699392K), 0.0151484 secs] [Times: user=0.19 sys=0.00, real=0.01 secs] 
2016-09-15T12:30:18.187-0400: 251.912: [GC (GCLocker Initiated GC) [PSYoungGen: 161868K->43169K(175104K)] 277970K->171680K(699392K), 0.0106874 secs] [Times: user=0.11 sys=0.00, real=0.02 secs] 
2016-09-15T12:30:18.302-0400: 252.027: [GC (GCLocker Initiated GC) [PSYoungGen: 131233K->85854K(175104K)] 259848K->251054K(699392K), 0.0115264 secs] [Times: user=0.16 sys=0.00, real=0.01 secs] 
2016-09-15T12:30:18.453-0400: 252.178: [GC (GCLocker Initiated GC) [PSYoungGen: 173918K->43269K(175104K)] 339255K->281610K(699392K), 0.0207737 secs] [Times: user=0.23 sys=0.00, real=0.02 secs] 
2016-09-15T12:30:18.584-0400: 252.309: [GC (Allocation Failure) [PSYoungGen: 131333K->79555K(175104K)] 369783K->342573K(699392K), 0.0236133 secs] [Times: user=0.22 sys=0.01, real=0.02 secs] 
2016-09-15T12:30:18.713-0400: 252.438: [GC (GCLocker Initiated GC) [PSYoungGen: 161672K->55711K(175104K)] 430765K->403930K(699392K), 0.0131397 secs] [Times: user=0.18 sys=0.01, real=0.01 secs] 
2016-09-15T12:30:18.853-0400: 252.579: [GC (GCLocker Initiated GC) [PSYoungGen: 143775K->61362K(175104K)] 504259K->434232K(699392K), 0.0312820 secs] [Times: user=0.32 sys=0.01, real=0.03 secs] 
2016-09-15T12:30:19.024-0400: 252.749: [GC (Allocation Failure) [PSYoungGen: 149426K->43205K(175104K)] 534790K->465138K(699392K), 0.0171286 secs] [Times: user=0.17 sys=0.00, real=0.02 secs] 
2016-09-15T12:30:19.152-0400: 252.877: [GC (Allocation Failure) [PSYoungGen: 131269K->43532K(175104K)] 553202K->465866K(699392K), 0.0073506 secs] [Times: user=0.07 sys=0.00, real=0.01 secs] 
2016-09-15T12:30:19.283-0400: 253.008: [GC (GCLocker Initiated GC) [PSYoungGen: 129916K->61266K(175104K)] 558324K->507994K(699392K), 0.0117407 secs] [Times: user=0.12 sys=0.00, real=0.01 secs] 
2016-09-15T12:30:19.295-0400: 253.020: [Full GC (Ergonomics) [PSYoungGen: 61266K->0K(175104K)] [ParOldGen: 446728K->53876K(524288K)] 507994K->53876K(699392K), [Metaspace: 44551K->44551K(1087488K)], 0.0548449 secs] [Times: user=0.35 sys=0.01, real=0.06 secs] 
2016-09-15T12:30:19.467-0400: 253.192: [GC (GCLocker Initiated GC) [PSYoungGen: 88064K->73872K(175104K)] 154307K->140115K(699392K), 0.0095920 secs] [Times: user=0.10 sys=0.00, real=0.02 secs] 
2016-09-15T12:30:19.600-0400: 253.325: [GC (GCLocker Initiated GC) [PSYoungGen: 161936K->85694K(175104K)] 228244K->183160K(699392K), 0.0113752 secs] [Times: user=0.12 sys=0.01, real=0.01 secs] 
2016-09-15T12:30:19.720-0400: 253.445: [GC (GCLocker Initiated GC) [PSYoungGen: 173758K->43233K(175104K)] 277581K->214009K(699392K), 0.0215738 secs] [Times: user=0.27 sys=0.00, real=0.02 secs] 
2016-09-15T12:30:19.860-0400: 253.585: [GC (GCLocker Initiated GC) [PSYoungGen: 131297K->79783K(175104K)] 302434K->251187K(699392K), 0.0096928 secs] [Times: user=0.10 sys=0.00, real=0.01 secs] 
2016-09-15T12:30:20.013-0400: 253.738: [GC (GCLocker Initiated GC) [PSYoungGen: 167847K->67209K(175104K)] 345413K->263284K(699392K), 0.0161902 secs] [Times: user=0.16 sys=0.00, real=0.02 secs] 
2016-09-15T12:30:20.131-0400: 253.856: [GC (GCLocker Initiated GC) [PSYoungGen: 155273K->67569K(175104K)] 351557K->288241K(699392K), 0.0106442 secs] [Times: user=0.08 sys=0.00, real=0.01 secs] 
2016-09-15T12:30:20.256-0400: 253.981: [GC (GCLocker Initiated GC) [PSYoungGen: 155633K->67629K(175104K)] 376610K->343784K(699392K), 0.0271311 secs] [Times: user=0.38 sys=0.00, real=0.02 secs] 
2016-09-15T12:30:20.395-0400: 254.121: [GC (GCLocker Initiated GC) [PSYoungGen: 155693K->73804K(175104K)] 431929K->374631K(699392K), 0.0157168 secs] [Times: user=0.19 sys=0.00, real=0.02 secs] 
2016-09-15T12:30:20.529-0400: 254.254: [GC (GCLocker Initiated GC) [PSYoungGen: 161868K->73608K(175104K)] 468946K->417600K(699392K), 0.0206698 secs] [Times: user=0.24 sys=0.00, real=0.02 secs] 
2016-09-15T12:30:20.668-0400: 254.393: [GC (GCLocker Initiated GC) [PSYoungGen: 161672K->73704K(175104K)] 505852K->454658K(699392K), 0.0098266 secs] [Times: user=0.15 sys=0.00, real=0.01 secs] 
2016-09-15T12:30:20.808-0400: 254.533: [GC (GCLocker Initiated GC) [PSYoungGen: 161768K->55351K(175104K)] 549062K->461194K(699392K), 0.0072704 secs] [Times: user=0.07 sys=0.00, real=0.00 secs] 
2016-09-15T12:30:20.937-0400: 254.662: [GC (Allocation Failure) [PSYoungGen: 143415K->55451K(175104K)] 549405K->461881K(699392K), 0.0245301 secs] [Times: user=0.26 sys=0.00, real=0.02 secs] 
2016-09-15T12:30:21.083-0400: 254.809: [GC (GCLocker Initiated GC) [PSYoungGen: 143515K->67405K(175104K)] 549950K->492317K(699392K), 0.0091505 secs] [Times: user=0.07 sys=0.00, real=0.01 secs] 
2016-09-15T12:30:21.213-0400: 254.938: [GC (GCLocker Initiated GC) [PSYoungGen: 155469K->55611K(175104K)] 592853K->529580K(699392K), 0.0099832 secs] [Times: user=0.12 sys=0.00, real=0.01 secs] 
2016-09-15T12:30:21.223-0400: 254.948: [Full GC (Ergonomics) [PSYoungGen: 55611K->0K(175104K)] [ParOldGen: 473969K->53954K(524288K)] 529580K->53954K(699392K), [Metaspace: 44551K->44551K(1087488K)], 0.0589717 secs] [Times: user=0.41 sys=0.02, real=0.06 secs] 
2016-09-15T12:30:21.403-0400: 255.128: [GC (GCLocker Initiated GC) [PSYoungGen: 88064K->85954K(175104K)] 148264K->152229K(699392K), 0.0081654 secs] [Times: user=0.09 sys=0.00, real=0.01 secs] 
2016-09-15T12:30:21.544-0400: 255.269: [GC (Allocation Failure) [PSYoungGen: 174018K->55547K(175104K)] 240491K->176979K(699392K), 0.0121467 secs] [Times: user=0.15 sys=0.00, real=0.02 secs] 
2016-09-15T12:30:21.674-0400: 255.399: [GC (GCLocker Initiated GC) [PSYoungGen: 143611K->67633K(175104K)] 265048K->207727K(699392K), 0.0086904 secs] [Times: user=0.08 sys=0.00, real=0.01 secs] 
2016-09-15T12:30:21.809-0400: 255.534: [GC (Allocation Failure) [PSYoungGen: 155697K->67501K(175104K)] 295850K->226138K(699392K), 0.0206013 secs] [Times: user=0.18 sys=0.00, real=0.02 secs] 
2016-09-15T12:30:21.938-0400: 255.664: [GC (GCLocker Initiated GC) [PSYoungGen: 155565K->85986K(175104K)] 314208K->305662K(699392K), 0.0117249 secs] [Times: user=0.13 sys=0.00, real=0.01 secs] 
2016-09-15T12:30:22.091-0400: 255.816: [GC (GCLocker Initiated GC) [PSYoungGen: 174050K->24848K(175104K)] 399844K->299501K(699392K), 0.0129944 secs] [Times: user=0.11 sys=0.01, real=0.01 secs] 
2016-09-15T12:30:22.234-0400: 255.959: [GC (GCLocker Initiated GC) [PSYoungGen: 112912K->85790K(175104K)] 387614K->433560K(699392K), 0.0118448 secs] [Times: user=0.17 sys=0.00, real=0.01 secs] 
2016-09-15T12:30:22.348-0400: 256.073: [GC (GCLocker Initiated GC) [PSYoungGen: 173854K->73672K(175104K)] 521828K->476660K(699392K), 0.0111124 secs] [Times: user=0.14 sys=0.00, real=0.01 secs] 
2016-09-15T12:30:22.512-0400: 256.237: [GC (GCLocker Initiated GC) [PSYoungGen: 161736K->42977K(175104K)] 570841K->470566K(699392K), 0.0099556 secs] [Times: user=0.08 sys=0.00, real=0.01 secs] 
2016-09-15T12:30:22.642-0400: 256.367: [GC (GCLocker Initiated GC) [PSYoungGen: 131041K->61394K(175104K)] 558742K->531928K(699392K), 0.0150487 secs] [Times: user=0.17 sys=0.00, real=0.02 secs] 
2016-09-15T12:30:22.658-0400: 256.383: [Full GC (Ergonomics) [PSYoungGen: 61394K->0K(175104K)] [ParOldGen: 470533K->48254K(524288K)] 531928K->48254K(699392K), [Metaspace: 44551K->44551K(1087488K)], 0.0544535 secs] [Times: user=0.38 sys=0.01, real=0.05 secs] 
2016-09-15T12:30:22.811-0400: 256.537: [GC (GCLocker Initiated GC) [PSYoungGen: 88064K->86274K(175104K)] 142642K->165152K(699392K), 0.0111746 secs] [Times: user=0.16 sys=0.00, real=0.01 secs] 
2016-09-15T12:30:22.943-0400: 256.668: [GC (Allocation Failure) [PSYoungGen: 174338K->79847K(175104K)] 253381K->208225K(699392K), 0.0259823 secs] [Times: user=0.32 sys=0.00, real=0.03 secs] 
2016-09-15T12:30:23.059-0400: 256.784: [GC (GCLocker Initiated GC) [PSYoungGen: 167911K->61102K(175104K)] 296295K->238510K(699392K), 0.0171376 secs] [Times: user=0.17 sys=0.00, real=0.02 secs] 
2016-09-15T12:30:23.182-0400: 256.907: [GC (GCLocker Initiated GC) [PSYoungGen: 149166K->85822K(175104K)] 326895K->306228K(699392K), 0.0122386 secs] [Times: user=0.18 sys=0.00, real=0.01 secs] 
2016-09-15T12:30:23.337-0400: 257.063: [GC (GCLocker Initiated GC) [PSYoungGen: 173886K->73508K(175104K)] 394529K->330893K(699392K), 0.0102285 secs] [Times: user=0.12 sys=0.00, real=0.01 secs] 
2016-09-15T12:30:23.456-0400: 257.181: [GC (GCLocker Initiated GC) [PSYoungGen: 161572K->85726K(175104K)] 418999K->361505K(699392K), 0.0147456 secs] [Times: user=0.18 sys=0.00, real=0.01 secs] 
2016-09-15T12:30:23.607-0400: 257.332: [GC (GCLocker Initiated GC) [PSYoungGen: 173790K->43656K(175104K)] 455703K->423110K(699392K), 0.0182567 secs] [Times: user=0.22 sys=0.01, real=0.02 secs] 
2016-09-15T12:30:23.723-0400: 257.448: [GC (GCLocker Initiated GC) [PSYoungGen: 131720K->85758K(175104K)] 517302K->495938K(699392K), 0.0119354 secs] [Times: user=0.17 sys=0.00, real=0.01 secs] 
2016-09-15T12:30:23.839-0400: 257.564: [GC (GCLocker Initiated GC) [PSYoungGen: 173822K->73772K(175104K)] 584201K->533035K(699392K), 0.0109409 secs] [Times: user=0.14 sys=0.00, real=0.01 secs] 
2016-09-15T12:30:23.850-0400: 257.575: [Full GC (Ergonomics) [PSYoungGen: 73772K->0K(175104K)] [ParOldGen: 459262K->54394K(524288K)] 533035K->54394K(699392K), [Metaspace: 44551K->44551K(1087488K)], 0.0605260 secs] [Times: user=0.48 sys=0.02, real=0.06 secs] 
2016-09-15T12:30:24.034-0400: 257.760: [GC (GCLocker Initiated GC) [PSYoungGen: 88064K->86210K(175104K)] 142629K->165075K(699392K), 0.0107345 secs] [Times: user=0.15 sys=0.01, real=0.01 secs] 
2016-09-15T12:30:24.164-0400: 257.889: [GC (GCLocker Initiated GC) [PSYoungGen: 174274K->73412K(175104K)] 259379K->195687K(699392K), 0.0095487 secs] [Times: user=0.11 sys=0.00, real=0.01 secs] 
2016-09-15T12:30:24.301-0400: 258.026: [GC (Allocation Failure) [PSYoungGen: 161476K->55775K(175104K)] 290063K->220955K(699392K), 0.0116139 secs] [Times: user=0.14 sys=0.00, real=0.01 secs] 
2016-09-15T12:30:24.418-0400: 258.144: [GC (GCLocker Initiated GC) [PSYoungGen: 142952K->85790K(175104K)] 314208K->263412K(699392K), 0.0162642 secs] [Times: user=0.23 sys=0.00, real=0.01 secs] 
2016-09-15T12:30:24.564-0400: 258.289: [GC (Allocation Failure) [PSYoungGen: 173854K->37485K(175104K)] 357659K->239652K(699392K), 0.0084363 secs] [Times: user=0.09 sys=0.00, real=0.01 secs] 
2016-09-15T12:30:24.687-0400: 258.412: [GC (GCLocker Initiated GC) [PSYoungGen: 122357K->55287K(175104K)] 330598K->282012K(699392K), 0.0078962 secs] [Times: user=0.07 sys=0.00, real=0.01 secs] 
2016-09-15T12:30:24.859-0400: 258.584: [GC (GCLocker Initiated GC) [PSYoungGen: 143351K->36866K(175104K)] 382515K->276094K(699392K), 0.0101208 secs] [Times: user=0.12 sys=0.00, real=0.01 secs] 
2016-09-15T12:30:24.978-0400: 258.703: [GC (Allocation Failure) [PSYoungGen: 124930K->73708K(175104K)] 364412K->337618K(699392K), 0.0154519 secs] [Times: user=0.18 sys=0.00, real=0.01 secs] 
2016-09-15T12:30:25.109-0400: 258.834: [GC (GCLocker Initiated GC) [PSYoungGen: 158148K->30859K(175104K)] 428133K->355786K(699392K), 0.0232218 secs] [Times: user=0.24 sys=0.01, real=0.02 secs] 
2016-09-15T12:30:25.259-0400: 258.984: [GC (GCLocker Initiated GC) [PSYoungGen: 118923K->61654K(175104K)] 449944K->429269K(699392K), 0.0242753 secs] [Times: user=0.31 sys=0.00, real=0.02 secs] 
2016-09-15T12:30:25.412-0400: 259.137: [GC (GCLocker Initiated GC) [PSYoungGen: 149718K->43528K(175104K)] 529715K->472433K(699392K), 0.0098339 secs] [Times: user=0.10 sys=0.00, real=0.01 secs] 
2016-09-15T12:30:25.535-0400: 259.260: [GC (GCLocker Initiated GC) [PSYoungGen: 131592K->55351K(175104K)] 566899K->491113K(699392K), 0.0102083 secs] [Times: user=0.12 sys=0.00, real=0.01 secs] 
2016-09-15T12:30:25.655-0400: 259.381: [GC (GCLocker Initiated GC) [PSYoungGen: 143415K->86118K(175104K)] 585613K->546661K(699392K), 0.0100121 secs] [Times: user=0.13 sys=0.00, real=0.01 secs] 
2016-09-15T12:30:25.666-0400: 259.391: [Full GC (Ergonomics) [PSYoungGen: 86118K->0K(175104K)] [ParOldGen: 460543K->54421K(524288K)] 546661K->54421K(699392K), [Metaspace: 44553K->44553K(1087488K)], 0.0591750 secs] [Times: user=0.40 sys=0.01, real=0.06 secs] 
2016-09-15T12:30:25.847-0400: 259.572: [GC (GCLocker Initiated GC) [PSYoungGen: 88064K->85822K(175104K)] 148910K->146668K(699392K), 0.0107532 secs] [Times: user=0.11 sys=0.01, real=0.02 secs] 
2016-09-15T12:30:25.994-0400: 259.719: [GC (GCLocker Initiated GC) [PSYoungGen: 173886K->49603K(175104K)] 241101K->153552K(699392K), 0.0259525 secs] [Times: user=0.34 sys=0.00, real=0.03 secs] 
2016-09-15T12:30:26.124-0400: 259.850: [GC (GCLocker Initiated GC) [PSYoungGen: 137667K->85854K(175104K)] 241681K->214482K(699392K), 0.0109965 secs] [Times: user=0.17 sys=0.00, real=0.01 secs] 
2016-09-15T12:30:26.268-0400: 259.993: [GC (GCLocker Initiated GC) [PSYoungGen: 173918K->49863K(175104K)] 314850K->245786K(699392K), 0.0116625 secs] [Times: user=0.16 sys=0.01, real=0.02 secs] 
2016-09-15T12:30:26.406-0400: 260.131: [GC (GCLocker Initiated GC) [PSYoungGen: 137927K->37322K(175104K)] 340095K->258014K(699392K), 0.0106406 secs] [Times: user=0.14 sys=0.00, real=0.02 secs] 
2016-09-15T12:30:26.519-0400: 260.244: [GC (GCLocker Initiated GC) [PSYoungGen: 125386K->85822K(175104K)] 346338K->313313K(699392K), 0.0084484 secs] [Times: user=0.11 sys=0.00, real=0.01 secs] 
2016-09-15T12:30:26.658-0400: 260.383: [GC (GCLocker Initiated GC) [PSYoungGen: 173886K->73672K(175104K)] 407638K->362251K(699392K), 0.0121560 secs] [Times: user=0.19 sys=0.00, real=0.01 secs] 
2016-09-15T12:30:26.794-0400: 260.519: [GC (Allocation Failure) [PSYoungGen: 161732K->74068K(175104K)] 450667K->363161K(699392K), 0.0099749 secs] [Times: user=0.16 sys=0.00, real=0.01 secs] 
2016-09-15T12:30:26.915-0400: 260.640: [GC (GCLocker Initiated GC) [PSYoungGen: 161490K->55547K(175104K)] 456659K->369372K(699392K), 0.0068161 secs] [Times: user=0.06 sys=0.00, real=0.01 secs] 
2016-09-15T12:30:27.042-0400: 260.768: [GC (GCLocker Initiated GC) [PSYoungGen: 143611K->55547K(175104K)] 463760K->394212K(699392K), 0.0102369 secs] [Times: user=0.10 sys=0.00, real=0.01 secs] 
2016-09-15T12:30:27.202-0400: 260.927: [GC (GCLocker Initiated GC) [PSYoungGen: 143611K->19032K(175104K)] 506797K->382338K(699392K), 0.0095625 secs] [Times: user=0.14 sys=0.00, real=0.01 secs] 
2016-09-15T12:30:27.348-0400: 261.074: [GC (GCLocker Initiated GC) [PSYoungGen: 107096K->37485K(175104K)] 470534K->401238K(699392K), 0.0068733 secs] [Times: user=0.09 sys=0.00, real=0.00 secs] 
2016-09-15T12:30:27.456-0400: 261.181: [GC (GCLocker Initiated GC) [PSYoungGen: 125549K->73672K(175104K)] 489310K->455808K(699392K), 0.0162311 secs] [Times: user=0.19 sys=0.01, real=0.01 secs] 
2016-09-15T12:30:27.579-0400: 261.304: [GC (GCLocker Initiated GC) [PSYoungGen: 161736K->85822K(175104K)] 549995K->504936K(699392K), 0.0113950 secs] [Times: user=0.16 sys=0.01, real=0.01 secs] 
2016-09-15T12:30:27.692-0400: 261.417: [GC (GCLocker Initiated GC) [PSYoungGen: 173886K->73672K(175104K)] 599380K->541998K(699392K), 0.0112704 secs] [Times: user=0.14 sys=0.00, real=0.01 secs] 
2016-09-15T12:30:27.704-0400: 261.429: [Full GC (Ergonomics) [PSYoungGen: 73672K->0K(175104K)] [ParOldGen: 468326K->53567K(524288K)] 541998K->53567K(699392K), [Metaspace: 44555K->44555K(1087488K)], 0.0720346 secs] [Times: user=0.65 sys=0.01, real=0.08 secs] 
2016-09-15T12:30:27.881-0400: 261.606: [GC (GCLocker Initiated GC) [PSYoungGen: 88064K->86146K(175104K)] 141982K->152214K(699392K), 0.0116906 secs] [Times: user=0.19 sys=0.00, real=0.01 secs] 
2016-09-15T12:30:28.008-0400: 261.733: [GC (GCLocker Initiated GC) [PSYoungGen: 174210K->85986K(175104K)] 240510K->201450K(699392K), 0.0127551 secs] [Times: user=0.20 sys=0.00, real=0.01 secs] 
2016-09-15T12:30:28.150-0400: 261.875: [GC (Allocation Failure) [PSYoungGen: 174050K->85562K(175104K)] 289600K->225899K(699392K), 0.0112803 secs] [Times: user=0.17 sys=0.00, real=0.01 secs] 
2016-09-15T12:30:28.292-0400: 262.019: [GC (GCLocker Initiated GC) [PSYoungGen: 173626K->73640K(175104K)] 313969K->287011K(699392K), 0.0143197 secs] [Times: user=0.18 sys=0.00, real=0.01 secs] 
2016-09-15T12:30:28.440-0400: 262.165: [GC (GCLocker Initiated GC) [PSYoungGen: 161704K->55515K(175104K)] 387395K->281497K(699392K), 0.0105108 secs] [Times: user=0.15 sys=0.00, real=0.01 secs] 
2016-09-15T12:30:28.568-0400: 262.294: [GC (GCLocker Initiated GC) [PSYoungGen: 143579K->55515K(175104K)] 375846K->287901K(699392K), 0.0088513 secs] [Times: user=0.14 sys=0.00, real=0.01 secs] 
2016-09-15T12:30:28.699-0400: 262.424: [GC (GCLocker Initiated GC) [PSYoungGen: 143579K->43169K(175104K)] 382401K->300460K(699392K), 0.0095280 secs] [Times: user=0.07 sys=0.00, real=0.01 secs] 
2016-09-15T12:30:28.846-0400: 262.572: [GC (GCLocker Initiated GC) [PSYoungGen: 131233K->73968K(175104K)] 394954K->337825K(699392K), 0.0097189 secs] [Times: user=0.13 sys=0.00, real=0.02 secs] 
2016-09-15T12:30:28.985-0400: 262.710: [GC (GCLocker Initiated GC) [PSYoungGen: 162032K->67729K(175104K)] 425925K->368544K(699392K), 0.0113305 secs] [Times: user=0.14 sys=0.00, real=0.02 secs] 
2016-09-15T12:30:29.093-0400: 262.818: [GC (GCLocker Initiated GC) [PSYoungGen: 155793K->73836K(175104K)] 462730K->423458K(699392K), 0.0119906 secs] [Times: user=0.18 sys=0.00, real=0.01 secs] 
2016-09-15T12:30:29.272-0400: 262.998: [GC (GCLocker Initiated GC) [PSYoungGen: 161900K->55155K(175104K)] 517604K->429531K(699392K), 0.0117012 secs] [Times: user=0.17 sys=0.00, real=0.01 secs] 
2016-09-15T12:30:29.411-0400: 263.136: [GC (GCLocker Initiated GC) [PSYoungGen: 143219K->85594K(175104K)] 517654K->496631K(699392K), 0.0118547 secs] [Times: user=0.18 sys=0.00, real=0.01 secs] 
2016-09-15T12:30:29.540-0400: 263.265: [GC (GCLocker Initiated GC) [PSYoungGen: 173658K->86050K(175104K)] 596881K->570191K(699392K), 0.0111950 secs] [Times: user=0.18 sys=0.00, real=0.01 secs] 
2016-09-15T12:30:29.552-0400: 263.277: [Full GC (Ergonomics) [PSYoungGen: 86050K->0K(175104K)] [ParOldGen: 484140K->60132K(524288K)] 570191K->60132K(699392K), [Metaspace: 44564K->44564K(1087488K)], 0.0552130 secs] [Times: user=0.48 sys=0.02, real=0.05 secs] 
2016-09-15T12:30:29.712-0400: 263.437: [GC (GCLocker Initiated GC) [PSYoungGen: 88064K->55871K(175104K)] 154442K->122257K(699392K), 0.0101435 secs] [Times: user=0.14 sys=0.01, real=0.01 secs] 
2016-09-15T12:30:29.835-0400: 263.560: [GC (Allocation Failure) [PSYoungGen: 143935K->85822K(175104K)] 210463K->189684K(699392K), 0.0116504 secs] [Times: user=0.17 sys=0.02, real=0.01 secs] 
2016-09-15T12:30:29.971-0400: 263.697: [GC (GCLocker Initiated GC) [PSYoungGen: 173886K->55447K(175104K)] 277754K->220216K(699392K), 0.0116921 secs] [Times: user=0.16 sys=0.00, real=0.01 secs] 
2016-09-15T12:30:30.098-0400: 263.823: [GC (GCLocker Initiated GC) [PSYoungGen: 143511K->85890K(175104K)] 308322K->275309K(699392K), 0.0166879 secs] [Times: user=0.20 sys=0.00, real=0.01 secs] 
2016-09-15T12:30:30.246-0400: 263.972: [GC (Allocation Failure) [PSYoungGen: 173954K->37450K(175104K)] 381633K->324748K(699392K), 0.0117245 secs] [Times: user=0.17 sys=0.00, real=0.02 secs] 
2016-09-15T12:30:30.402-0400: 264.127: [GC (GCLocker Initiated GC) [PSYoungGen: 122204K->55059K(175104K)] 415577K->348551K(699392K), 0.0107708 secs] [Times: user=0.15 sys=0.00, real=0.01 secs] 
2016-09-15T12:30:30.516-0400: 264.241: [GC (GCLocker Initiated GC) [PSYoungGen: 143123K->67629K(175104K)] 436956K->379831K(699392K), 0.0397897 secs] [Times: user=0.52 sys=0.00, real=0.04 secs] 
2016-09-15T12:30:30.674-0400: 264.399: [GC (GCLocker Initiated GC) [PSYoungGen: 155693K->73704K(175104K)] 468038K->422643K(699392K), 0.0117029 secs] [Times: user=0.18 sys=0.00, real=0.01 secs] 
2016-09-15T12:30:30.803-0400: 264.528: [GC (GCLocker Initiated GC) [PSYoungGen: 161768K->85822K(175104K)] 510772K->483554K(699392K), 0.0135945 secs] [Times: user=0.19 sys=0.00, real=0.02 secs] 
2016-09-15T12:30:30.926-0400: 264.651: [GC (GCLocker Initiated GC) [PSYoungGen: 173886K->67665K(175104K)] 571990K->508397K(699392K), 0.0108056 secs] [Times: user=0.09 sys=0.00, real=0.02 secs] 
2016-09-15T12:30:30.937-0400: 264.662: [Full GC (Ergonomics) [PSYoungGen: 67665K->0K(175104K)] [ParOldGen: 440732K->53868K(524288K)] 508397K->53868K(699392K), [Metaspace: 44579K->44579K(1087488K)], 0.0625193 secs] [Times: user=0.50 sys=0.02, real=0.06 secs] 
2016-09-15T12:30:31.131-0400: 264.856: [GC (Allocation Failure) [PSYoungGen: 88064K->73576K(175104K)] 142215K->127727K(699392K), 0.0101323 secs] [Times: user=0.14 sys=0.00, real=0.01 secs] 
2016-09-15T12:30:31.251-0400: 264.976: [GC (GCLocker Initiated GC) [PSYoungGen: 161640K->85758K(175104K)] 215793K->200945K(699392K), 0.0126764 secs] [Times: user=0.14 sys=0.00, real=0.01 secs] 
2016-09-15T12:30:31.386-0400: 265.112: [GC (Allocation Failure) [PSYoungGen: 173822K->73904K(175104K)] 289280K->207714K(699392K), 0.0219559 secs] [Times: user=0.25 sys=0.00, real=0.03 secs] 
2016-09-15T12:30:31.504-0400: 265.229: [GC (GCLocker Initiated GC) [PSYoungGen: 161968K->43201K(175104K)] 295784K->207692K(699392K), 0.0143841 secs] [Times: user=0.15 sys=0.00, real=0.02 secs] 
2016-09-15T12:30:31.633-0400: 265.359: [GC (Allocation Failure) [PSYoungGen: 131265K->86118K(175104K)] 296000K->263106K(699392K), 0.0099807 secs] [Times: user=0.09 sys=0.00, real=0.01 secs] 
2016-09-15T12:30:31.774-0400: 265.499: [GC (Allocation Failure) [PSYoungGen: 174138K->43069K(175104K)] 351127K->263030K(699392K), 0.0280667 secs] [Times: user=0.32 sys=0.00, real=0.03 secs] 
2016-09-15T12:30:31.916-0400: 265.641: [GC (GCLocker Initiated GC) [PSYoungGen: 126612K->55419K(175104K)] 352648K->281582K(699392K), 0.0150224 secs] [Times: user=0.14 sys=0.00, real=0.01 secs] 
2016-09-15T12:30:32.057-0400: 265.782: [GC (GCLocker Initiated GC) [PSYoungGen: 143483K->85758K(175104K)] 370013K->336855K(699392K), 0.0109565 secs] [Times: user=0.16 sys=0.00, real=0.01 secs] 
2016-09-15T12:30:32.386-0400: 266.111: [GC (Allocation Failure) [PSYoungGen: 173822K->73772K(175104K)] 424978K->337197K(699392K), 0.1029984 secs] [Times: user=0.15 sys=0.00, real=0.11 secs] 
2016-09-15T12:30:32.584-0400: 266.309: [GC (GCLocker Initiated GC) [PSYoungGen: 161836K->85822K(175104K)] 425267K->416425K(699392K), 0.0130263 secs] [Times: user=0.21 sys=0.00, real=0.02 secs] 
2016-09-15T12:30:32.731-0400: 266.456: [GC (Allocation Failure) [PSYoungGen: 173886K->55091K(175104K)] 510791K->410488K(699392K), 0.0199734 secs] [Times: user=0.27 sys=0.00, real=0.02 secs] 
2016-09-15T12:30:32.865-0400: 266.590: [GC (GCLocker Initiated GC) [PSYoungGen: 143155K->79779K(175104K)] 498559K->453527K(699392K), 0.0113916 secs] [Times: user=0.14 sys=0.01, real=0.02 secs] 
2016-09-15T12:30:33.005-0400: 266.730: [GC (Allocation Failure) [PSYoungGen: 167843K->43365K(175104K)] 541840K->453908K(699392K), 0.0087332 secs] [Times: user=0.08 sys=0.00, real=0.01 secs] 
2016-09-15T12:30:33.014-0400: 266.739: [GC (GCLocker Initiated GC) [PSYoungGen: 43700K->64K(175104K)] 454243K->465962K(699392K), 0.0132829 secs] [Times: user=0.18 sys=0.01, real=0.02 secs] 
2016-09-15T12:30:33.028-0400: 266.753: [Full GC (Ergonomics) [PSYoungGen: 64K->0K(175104K)] [ParOldGen: 465898K->47974K(524288K)] 465962K->47974K(699392K), [Metaspace: 44584K->44584K(1087488K)], 0.0591701 secs] [Times: user=0.36 sys=0.02, real=0.05 secs] 
2016-09-15T12:30:33.186-0400: 266.911: [GC (GCLocker Initiated GC) [PSYoungGen: 82706K->86274K(175104K)] 136756K->164624K(699392K), 0.0121609 secs] [Times: user=0.17 sys=0.01, real=0.02 secs] 
2016-09-15T12:30:33.315-0400: 267.041: [GC (Allocation Failure) [PSYoungGen: 174338K->85658K(175104K)] 252796K->231529K(699392K), 0.0132323 secs] [Times: user=0.19 sys=0.01, real=0.02 secs] 
2016-09-15T12:30:33.444-0400: 267.169: [GC (GCLocker Initiated GC) [PSYoungGen: 173370K->67533K(175104K)] 325316K->274274K(699392K), 0.0100891 secs] [Times: user=0.11 sys=0.01, real=0.01 secs] 
2016-09-15T12:30:33.593-0400: 267.318: [GC (GCLocker Initiated GC) [PSYoungGen: 155597K->55283K(175104K)] 368768K->286963K(699392K), 0.0074199 secs] [Times: user=0.09 sys=0.00, real=0.01 secs] 
2016-09-15T12:30:33.704-0400: 267.429: [GC (GCLocker Initiated GC) [PSYoungGen: 143347K->86378K(175104K)] 375388K->324645K(699392K), 0.0097992 secs] [Times: user=0.13 sys=0.00, real=0.01 secs] 
2016-09-15T12:30:33.863-0400: 267.588: [GC (GCLocker Initiated GC) [PSYoungGen: 174442K->37226K(175104K)] 425068K->324554K(699392K), 0.0102972 secs] [Times: user=0.09 sys=0.00, real=0.01 secs] 
2016-09-15T12:30:34.010-0400: 267.735: [GC (GCLocker Initiated GC) [PSYoungGen: 125290K->67405K(175104K)] 425012K->367214K(699392K), 0.0095265 secs] [Times: user=0.09 sys=0.00, real=0.01 secs] 
2016-09-15T12:30:34.138-0400: 267.864: [GC (Allocation Failure) [PSYoungGen: 155469K->73772K(175104K)] 461546K->416434K(699392K), 0.0168822 secs] [Times: user=0.18 sys=0.00, real=0.01 secs] 
2016-09-15T12:30:34.156-0400: 267.881: [GC (GCLocker Initiated GC) [PSYoungGen: 73792K->192K(175104K)] 416455K->410213K(699392K), 0.0097669 secs] [Times: user=0.11 sys=0.00, real=0.00 secs] 
2016-09-15T12:30:34.293-0400: 268.018: [GC (GCLocker Initiated GC) [PSYoungGen: 88256K->67597K(175104K)] 504352K->483709K(699392K), 0.0129046 secs] [Times: user=0.14 sys=0.00, real=0.01 secs] 
2016-09-15T12:30:34.423-0400: 268.148: [GC (GCLocker Initiated GC) [PSYoungGen: 155661K->85858K(175104K)] 571978K->514576K(699392K), 0.0157746 secs] [Times: user=0.14 sys=0.00, real=0.02 secs] 
2016-09-15T12:30:34.603-0400: 268.328: [Full GC (Ergonomics) [PSYoungGen: 173922K->0K(175104K)] [ParOldGen: 440910K->47690K(524288K)] 614832K->47690K(699392K), [Metaspace: 44584K->44584K(1087488K)], 0.0663141 secs] [Times: user=0.34 sys=0.02, real=0.07 secs] 
2016-09-15T12:30:34.807-0400: 268.532: [GC (GCLocker Initiated GC) [PSYoungGen: 88064K->85854K(175104K)] 135802K->163967K(699392K), 0.0119516 secs] [Times: user=0.10 sys=0.00, real=0.02 secs] 
2016-09-15T12:30:34.947-0400: 268.672: [GC (GCLocker Initiated GC) [PSYoungGen: 173918K->49112K(175104K)] 258164K->200723K(699392K), 0.0304031 secs] [Times: user=0.34 sys=0.01, real=0.04 secs] 
2016-09-15T12:30:35.117-0400: 268.842: [GC (GCLocker Initiated GC) [PSYoungGen: 137176K->73708K(175104K)] 288974K->243850K(699392K), 0.0159214 secs] [Times: user=0.14 sys=0.00, real=0.01 secs] 
2016-09-15T12:30:35.269-0400: 268.994: [GC (GCLocker Initiated GC) [PSYoungGen: 161772K->67469K(175104K)] 332275K->268623K(699392K), 0.0100836 secs] [Times: user=0.07 sys=0.01, real=0.01 secs] 
2016-09-15T12:30:35.408-0400: 269.133: [GC (GCLocker Initiated GC) [PSYoungGen: 155533K->49216K(175104K)] 369036K->281023K(699392K), 0.0243792 secs] [Times: user=0.21 sys=0.00, real=0.02 secs] 
2016-09-15T12:30:35.549-0400: 269.274: [GC (GCLocker Initiated GC) [PSYoungGen: 137280K->85858K(175104K)] 369348K->372916K(699392K), 0.0193569 secs] [Times: user=0.21 sys=0.00, real=0.02 secs] 
2016-09-15T12:30:35.673-0400: 269.398: [GC (Allocation Failure) [PSYoungGen: 173922K->85694K(175104K)] 461084K->427659K(699392K), 0.0137127 secs] [Times: user=0.18 sys=0.00, real=0.01 secs] 
2016-09-15T12:30:35.802-0400: 269.527: [GC (GCLocker Initiated GC) [PSYoungGen: 171912K->55511K(175104K)] 519952K->470699K(699392K), 0.0137861 secs] [Times: user=0.19 sys=0.00, real=0.02 secs] 
2016-09-15T12:30:35.925-0400: 269.650: [GC (Allocation Failure) [PSYoungGen: 143575K->85958K(175104K)] 558967K->525933K(699392K), 0.0111006 secs] [Times: user=0.11 sys=0.00, real=0.02 secs] 
2016-09-15T12:30:35.936-0400: 269.661: [Full GC (Ergonomics) [PSYoungGen: 85958K->0K(175104K)] [ParOldGen: 439975K->54343K(524288K)] 525933K->54343K(699392K), [Metaspace: 44584K->44584K(1087488K)], 0.0605170 secs] [Times: user=0.42 sys=0.01, real=0.06 secs] 
2016-09-15T12:30:36.138-0400: 269.863: [GC (GCLocker Initiated GC) [PSYoungGen: 88064K->73864K(175104K)] 142408K->128208K(699392K), 0.0121022 secs] [Times: user=0.18 sys=0.00, real=0.01 secs] 
2016-09-15T12:30:36.291-0400: 270.016: [GC (GCLocker Initiated GC) [PSYoungGen: 161928K->73444K(175104K)] 216476K->146780K(699392K), 0.0136941 secs] [Times: user=0.16 sys=0.00, real=0.01 secs] 
2016-09-15T12:30:36.455-0400: 270.180: [GC (GCLocker Initiated GC) [PSYoungGen: 161508K->37421K(175104K)] 253196K->147478K(699392K), 0.0106069 secs] [Times: user=0.12 sys=0.00, real=0.01 secs] 
2016-09-15T12:30:36.600-0400: 270.325: [GC (GCLocker Initiated GC) [PSYoungGen: 125485K->73512K(175104K)] 235615K->183745K(699392K), 0.0091884 secs] [Times: user=0.09 sys=0.00, real=0.01 secs] 
2016-09-15T12:30:36.707-0400: 270.432: [GC (GCLocker Initiated GC) [PSYoungGen: 161576K->85794K(175104K)] 277891K->238843K(699392K), 0.0213498 secs] [Times: user=0.23 sys=0.00, real=0.03 secs] 
2016-09-15T12:30:36.852-0400: 270.577: [GC (GCLocker Initiated GC) [PSYoungGen: 173858K->67469K(175104K)] 333294K->245406K(699392K), 0.0089155 secs] [Times: user=0.09 sys=0.00, real=0.01 secs] 
2016-09-15T12:30:37.008-0400: 270.733: [GC (GCLocker Initiated GC) [PSYoungGen: 155532K->49276K(175104K)] 345975K->258226K(699392K), 0.0192323 secs] [Times: user=0.18 sys=0.00, real=0.01 secs] 
2016-09-15T12:30:37.145-0400: 270.870: [GC (GCLocker Initiated GC) [PSYoungGen: 137340K->85922K(175104K)] 346338K->325439K(699392K), 0.0118282 secs] [Times: user=0.15 sys=0.00, real=0.02 secs] 
2016-09-15T12:30:37.294-0400: 271.019: [GC (GCLocker Initiated GC) [PSYoungGen: 173986K->37190K(175104K)] 425755K->380400K(699392K), 0.0110591 secs] [Times: user=0.12 sys=0.00, real=0.01 secs] 
2016-09-15T12:30:37.446-0400: 271.171: [GC (GCLocker Initiated GC) [PSYoungGen: 125254K->79391K(175104K)] 474604K->429032K(699392K), 0.0220039 secs] [Times: user=0.23 sys=0.00, real=0.03 secs] 
2016-09-15T12:30:37.586-0400: 271.311: [GC (GCLocker Initiated GC) [PSYoungGen: 167455K->79651K(175104K)] 523331K->484262K(699392K), 0.0227917 secs] [Times: user=0.29 sys=0.00, real=0.03 secs] 
2016-09-15T12:30:37.720-0400: 271.445: [GC (GCLocker Initiated GC) [PSYoungGen: 167715K->73480K(175104K)] 578757K->490896K(699392K), 0.0083925 secs] [Times: user=0.06 sys=0.01, real=0.01 secs] 
2016-09-15T12:30:37.856-0400: 271.581: [GC (GCLocker Initiated GC) [PSYoungGen: 161544K->85658K(175104K)] 579064K->539755K(699392K), 0.0151054 secs] [Times: user=0.20 sys=0.00, real=0.01 secs] 
2016-09-15T12:30:37.871-0400: 271.596: [Full GC (Ergonomics) [PSYoungGen: 85658K->0K(175104K)] [ParOldGen: 454097K->48159K(524288K)] 539755K->48159K(699392K), [Metaspace: 44584K->44584K(1087488K)], 0.0600633 secs] [Times: user=0.45 sys=0.01, real=0.06 secs] 
2016-09-15T12:30:38.027-0400: 271.752: [GC (GCLocker Initiated GC) [PSYoungGen: 88064K->86274K(175104K)] 136523K->177258K(699392K), 0.0131320 secs] [Times: user=0.19 sys=0.01, real=0.02 secs] 
2016-09-15T12:30:38.192-0400: 271.917: [GC (GCLocker Initiated GC) [PSYoungGen: 174338K->37222K(175104K)] 271556K->190022K(699392K), 0.0106145 secs] [Times: user=0.17 sys=0.00, real=0.01 secs] 
2016-09-15T12:30:38.316-0400: 272.041: [GC (GCLocker Initiated GC) [PSYoungGen: 125286K->55383K(175104K)] 284479K->214876K(699392K), 0.0068036 secs] [Times: user=0.10 sys=0.00, real=0.00 secs] 
2016-09-15T12:30:38.476-0400: 272.201: [GC (GCLocker Initiated GC) [PSYoungGen: 143447K->55187K(175104K)] 303127K->215134K(699392K), 0.0130805 secs] [Times: user=0.14 sys=0.00, real=0.01 secs] 
2016-09-15T12:30:38.605-0400: 272.330: [GC (GCLocker Initiated GC) [PSYoungGen: 143251K->85822K(175104K)] 309399K->270347K(699392K), 0.0110916 secs] [Times: user=0.14 sys=0.00, real=0.02 secs] 
2016-09-15T12:30:38.716-0400: 272.441: [GC (GCLocker Initiated GC) [PSYoungGen: 173886K->85822K(175104K)] 358727K->325685K(699392K), 0.0137126 secs] [Times: user=0.22 sys=0.00, real=0.01 secs] 
2016-09-15T12:30:38.860-0400: 272.585: [GC (GCLocker Initiated GC) [PSYoungGen: 173886K->55547K(175104K)] 426228K->326414K(699392K), 0.0075980 secs] [Times: user=0.11 sys=0.00, real=0.00 secs] 
2016-09-15T12:30:39.010-0400: 272.735: [GC (GCLocker Initiated GC) [PSYoungGen: 143611K->67369K(175104K)] 420807K->344857K(699392K), 0.0088776 secs] [Times: user=0.13 sys=0.00, real=0.01 secs] 
2016-09-15T12:30:39.128-0400: 272.853: [GC (GCLocker Initiated GC) [PSYoungGen: 155433K->79911K(175104K)] 439194K->394191K(699392K), 0.0229056 secs] [Times: user=0.32 sys=0.00, real=0.02 secs] 
2016-09-15T12:30:39.288-0400: 273.013: [GC (GCLocker Initiated GC) [PSYoungGen: 167975K->67501K(175104K)] 482285K->455206K(699392K), 0.0114661 secs] [Times: user=0.18 sys=0.00, real=0.01 secs] 
2016-09-15T12:30:39.427-0400: 273.152: [GC (GCLocker Initiated GC) [PSYoungGen: 155565K->85626K(175104K)] 543385K->522354K(699392K), 0.0274223 secs] [Times: user=0.42 sys=0.00, real=0.03 secs] 
2016-09-15T12:30:39.454-0400: 273.179: [Full GC (Ergonomics) [PSYoungGen: 85626K->0K(175104K)] [ParOldGen: 436728K->54272K(524288K)] 522354K->54272K(699392K), [Metaspace: 44585K->44585K(1087488K)], 0.0572233 secs] [Times: user=0.39 sys=0.00, real=0.06 secs] 
2016-09-15T12:30:39.623-0400: 273.348: [GC (GCLocker Initiated GC) [PSYoungGen: 88064K->86662K(175104K)] 148767K->171665K(699392K), 0.0095405 secs] [Times: user=0.09 sys=0.00, real=0.01 secs] 
2016-09-15T12:30:39.741-0400: 273.466: [GC (GCLocker Initiated GC) [PSYoungGen: 174726K->55515K(175104K)] 272145K->190712K(699392K), 0.0105850 secs] [Times: user=0.16 sys=0.00, real=0.01 secs] 
2016-09-15T12:30:39.882-0400: 273.608: [GC (GCLocker Initiated GC) [PSYoungGen: 143579K->73444K(175104K)] 279142K->227524K(699392K), 0.0120637 secs] [Times: user=0.17 sys=0.00, real=0.01 secs] 
2016-09-15T12:30:40.024-0400: 273.749: [GC (GCLocker Initiated GC) [PSYoungGen: 161508K->85886K(175104K)] 316321K->265127K(699392K), 0.0275067 secs] [Times: user=0.32 sys=0.01, real=0.03 secs] 
2016-09-15T12:30:40.163-0400: 273.888: [GC (GCLocker Initiated GC) [PSYoungGen: 173950K->85986K(175104K)] 353238K->308090K(699392K), 0.0116995 secs] [Times: user=0.16 sys=0.01, real=0.01 secs] 
2016-09-15T12:30:40.292-0400: 274.017: [GC (GCLocker Initiated GC) [PSYoungGen: 174050K->61490K(175104K)] 396258K->344583K(699392K), 0.0155149 secs] [Times: user=0.19 sys=0.01, real=0.02 secs] 
2016-09-15T12:30:40.441-0400: 274.166: [GC (GCLocker Initiated GC) [PSYoungGen: 149554K->85822K(175104K)] 432852K->375479K(699392K), 0.0092401 secs] [Times: user=0.12 sys=0.00, real=0.01 secs] 
2016-09-15T12:30:40.607-0400: 274.332: [GC (GCLocker Initiated GC) [PSYoungGen: 173886K->67337K(175104K)] 475802K->387761K(699392K), 0.0077909 secs] [Times: user=0.08 sys=0.00, real=0.01 secs] 
2016-09-15T12:30:40.720-0400: 274.445: [GC (GCLocker Initiated GC) [PSYoungGen: 155401K->85822K(175104K)] 475923K->455095K(699392K), 0.0108757 secs] [Times: user=0.12 sys=0.00, real=0.01 secs] 
2016-09-15T12:30:40.855-0400: 274.580: [GC (GCLocker Initiated GC) [PSYoungGen: 173886K->55319K(175104K)] 543207K->485674K(699392K), 0.0320981 secs] [Times: user=0.35 sys=0.01, real=0.03 secs] 
2016-09-15T12:30:41.008-0400: 274.733: [Full GC (Ergonomics) [PSYoungGen: 143383K->0K(175104K)] [ParOldGen: 436500K->54704K(524288K)] 579883K->54704K(699392K), [Metaspace: 44585K->44585K(1087488K)], 0.0584487 secs] [Times: user=0.30 sys=0.02, real=0.05 secs] 
2016-09-15T12:30:41.186-0400: 274.911: [GC (Allocation Failure) [PSYoungGen: 88064K->80263K(175104K)] 142915K->135114K(699392K), 0.0211846 secs] [Times: user=0.19 sys=0.01, real=0.02 secs] 
2016-09-15T12:30:41.309-0400: 275.034: [GC (GCLocker Initiated GC) [PSYoungGen: 168327K->79519K(175104K)] 223179K->190021K(699392K), 0.0114889 secs] [Times: user=0.14 sys=0.00, real=0.01 secs] 
2016-09-15T12:30:41.430-0400: 275.155: [GC (GCLocker Initiated GC) [PSYoungGen: 167583K->79683K(175104K)] 278380K->208857K(699392K), 0.0076269 secs] [Times: user=0.10 sys=0.00, real=0.01 secs] 
2016-09-15T12:30:41.551-0400: 275.277: [GC (GCLocker Initiated GC) [PSYoungGen: 167747K->55383K(175104K)] 297092K->221453K(699392K), 0.0121696 secs] [Times: user=0.13 sys=0.01, real=0.01 secs] 
2016-09-15T12:30:41.677-0400: 275.402: [GC (GCLocker Initiated GC) [PSYoungGen: 143447K->85986K(175104K)] 309727K->294934K(699392K), 0.0113561 secs] [Times: user=0.17 sys=0.00, real=0.01 secs] 
2016-09-15T12:30:41.825-0400: 275.550: [GC (GCLocker Initiated GC) [PSYoungGen: 174050K->55255K(175104K)] 389300K->307222K(699392K), 0.0137523 secs] [Times: user=0.12 sys=0.00, real=0.02 secs] 
2016-09-15T12:30:41.964-0400: 275.689: [GC (GCLocker Initiated GC) [PSYoungGen: 143319K->61234K(175104K)] 401436K->319446K(699392K), 0.0263637 secs] [Times: user=0.31 sys=0.00, real=0.03 secs] 
2016-09-15T12:30:42.095-0400: 275.820: [GC (GCLocker Initiated GC) [PSYoungGen: 149298K->49148K(175104K)] 407602K->344162K(699392K), 0.0137373 secs] [Times: user=0.12 sys=0.00, real=0.02 secs] 
2016-09-15T12:30:42.230-0400: 275.955: [GC (Allocation Failure) [PSYoungGen: 137212K->67729K(175104K)] 438505K->405755K(699392K), 0.0133296 secs] [Times: user=0.18 sys=0.00, real=0.01 secs] 
2016-09-15T12:30:42.347-0400: 276.073: [GC (Allocation Failure) [PSYoungGen: 155793K->55287K(175104K)] 493819K->411994K(699392K), 0.0169588 secs] [Times: user=0.21 sys=0.01, real=0.02 secs] 
2016-09-15T12:30:42.648-0400: 276.373: [GC (GCLocker Initiated GC) [PSYoungGen: 141352K->73804K(175104K)] 504134K->436853K(699392K), 0.0157264 secs] [Times: user=0.15 sys=0.01, real=0.01 secs] 
2016-09-15T12:30:42.796-0400: 276.521: [GC (GCLocker Initiated GC) [PSYoungGen: 161868K->85854K(175104K)] 524954K->467644K(699392K), 0.0101972 secs] [Times: user=0.11 sys=0.00, real=0.00 secs] 
2016-09-15T12:30:42.919-0400: 276.644: [GC (GCLocker Initiated GC) [PSYoungGen: 173918K->61362K(175104K)] 561999K->522627K(699392K), 0.0123087 secs] [Times: user=0.13 sys=0.01, real=0.01 secs] 
2016-09-15T12:30:42.932-0400: 276.657: [Full GC (Ergonomics) [PSYoungGen: 61362K->0K(175104K)] [ParOldGen: 461265K->48247K(524288K)] 522627K->48247K(699392K), [Metaspace: 44585K->44585K(1087488K)], 0.0578705 secs] [Times: user=0.37 sys=0.02, real=0.06 secs] 
2016-09-15T12:30:43.116-0400: 276.841: [GC (GCLocker Initiated GC) [PSYoungGen: 88064K->86242K(175104K)] 142580K->165058K(699392K), 0.0125991 secs] [Times: user=0.13 sys=0.00, real=0.02 secs] 
2016-09-15T12:30:43.244-0400: 276.969: [GC (GCLocker Initiated GC) [PSYoungGen: 174306K->43233K(175104K)] 253265K->177570K(699392K), 0.0148018 secs] [Times: user=0.15 sys=0.00, real=0.02 secs] 
2016-09-15T12:30:43.389-0400: 277.115: [GC (GCLocker Initiated GC) [PSYoungGen: 131297K->61490K(175104K)] 271779K->256775K(699392K), 0.0103023 secs] [Times: user=0.10 sys=0.00, real=0.01 secs] 
2016-09-15T12:30:43.502-0400: 277.227: [GC (Allocation Failure) [PSYoungGen: 149554K->85822K(175104K)] 345178K->330361K(699392K), 0.0112314 secs] [Times: user=0.16 sys=0.00, real=0.01 secs] 
2016-09-15T12:30:43.646-0400: 277.371: [GC (GCLocker Initiated GC) [PSYoungGen: 171339K->73736K(175104K)] 421953K->361108K(699392K), 0.0094664 secs] [Times: user=0.14 sys=0.00, real=0.01 secs] 
2016-09-15T12:30:43.779-0400: 277.504: [GC (GCLocker Initiated GC) [PSYoungGen: 161800K->55515K(175104K)] 449533K->361624K(699392K), 0.0097525 secs] [Times: user=0.11 sys=0.00, real=0.01 secs] 
2016-09-15T12:30:43.892-0400: 277.617: [GC (GCLocker Initiated GC) [PSYoungGen: 143579K->55383K(175104K)] 449736K->422598K(699392K), 0.0102979 secs] [Times: user=0.16 sys=0.00, real=0.01 secs] 
2016-09-15T12:30:44.022-0400: 277.747: [GC (GCLocker Initiated GC) [PSYoungGen: 143447K->85922K(175104K)] 511650K->466395K(699392K), 0.0108006 secs] [Times: user=0.15 sys=0.00, real=0.01 secs] 
2016-09-15T12:30:44.160-0400: 277.885: [GC (Allocation Failure) [PSYoungGen: 173986K->49308K(175104K)] 554477K->466696K(699392K), 0.0086724 secs] [Times: user=0.12 sys=0.00, real=0.01 secs] 
2016-09-15T12:30:44.283-0400: 278.008: [GC (GCLocker Initiated GC) [PSYoungGen: 137372K->73348K(175104K)] 554763K->515315K(699392K), 0.0179753 secs] [Times: user=0.19 sys=0.01, real=0.02 secs] 
2016-09-15T12:30:44.421-0400: 278.147: [GC (GCLocker Initiated GC) [PSYoungGen: 161412K->73640K(175104K)] 603650K->534254K(699392K), 0.0105144 secs] [Times: user=0.13 sys=0.00, real=0.01 secs] 
2016-09-15T12:30:44.432-0400: 278.157: [Full GC (Ergonomics) [PSYoungGen: 73640K->0K(175104K)] [ParOldGen: 460614K->48760K(524288K)] 534254K->48760K(699392K), [Metaspace: 44585K->44585K(1087488K)], 0.0625998 secs] [Times: user=0.37 sys=0.02, real=0.06 secs] 
2016-09-15T12:30:44.609-0400: 278.334: [GC (GCLocker Initiated GC) [PSYoungGen: 88064K->86274K(175104K)] 137190K->177925K(699392K), 0.0139855 secs] [Times: user=0.19 sys=0.00, real=0.01 secs] 
2016-09-15T12:30:44.738-0400: 278.463: [GC (GCLocker Initiated GC) [PSYoungGen: 174338K->49536K(175104K)] 266356K->233430K(699392K), 0.0117252 secs] [Times: user=0.15 sys=0.00, real=0.01 secs] 
2016-09-15T12:30:44.865-0400: 278.590: [GC (GCLocker Initiated GC) [PSYoungGen: 137600K->86118K(175104K)] 321782K->313117K(699392K), 0.0152271 secs] [Times: user=0.19 sys=0.02, real=0.02 secs] 
2016-09-15T12:30:45.013-0400: 278.738: [GC (GCLocker Initiated GC) [PSYoungGen: 174182K->55547K(175104K)] 407303K->307013K(699392K), 0.0092369 secs] [Times: user=0.09 sys=0.00, real=0.01 secs] 
2016-09-15T12:30:45.144-0400: 278.869: [GC (Allocation Failure) [PSYoungGen: 143611K->67309K(175104K)] 395258K->337456K(699392K), 0.0090757 secs] [Times: user=0.08 sys=0.00, real=0.01 secs] 
2016-09-15T12:30:45.268-0400: 278.993: [GC (GCLocker Initiated GC) [PSYoungGen: 155373K->85822K(175104K)] 425526K->398644K(699392K), 0.0268670 secs] [Times: user=0.35 sys=0.01, real=0.02 secs] 
2016-09-15T12:30:45.441-0400: 279.166: [GC (GCLocker Initiated GC) [PSYoungGen: 173886K->55615K(175104K)] 492882K->392955K(699392K), 0.0081299 secs] [Times: user=0.06 sys=0.00, real=0.01 secs] 
2016-09-15T12:30:45.594-0400: 279.319: [GC (GCLocker Initiated GC) [PSYoungGen: 143679K->36802K(175104K)] 481445K->393060K(699392K), 0.0105630 secs] [Times: user=0.12 sys=0.00, real=0.01 secs] 
2016-09-15T12:30:45.699-0400: 279.424: [GC (GCLocker Initiated GC) [PSYoungGen: 124866K->85658K(175104K)] 481172K->472507K(699392K), 0.0105196 secs] [Times: user=0.15 sys=0.00, real=0.01 secs] 
2016-09-15T12:30:45.858-0400: 279.583: [GC (GCLocker Initiated GC) [PSYoungGen: 173722K->37226K(175104K)] 573070K->491369K(699392K), 0.0145749 secs] [Times: user=0.15 sys=0.00, real=0.01 secs] 
2016-09-15T12:30:45.873-0400: 279.598: [Full GC (Ergonomics) [PSYoungGen: 37226K->0K(175104K)] [ParOldGen: 454143K->48622K(524288K)] 491369K->48622K(699392K), [Metaspace: 44585K->44585K(1087488K)], 0.0544268 secs] [Times: user=0.31 sys=0.00, real=0.05 secs] 
2016-09-15T12:30:46.035-0400: 279.760: [GC (Allocation Failure) [PSYoungGen: 88064K->85982K(175104K)] 136756K->171124K(699392K), 0.0191607 secs] [Times: user=0.21 sys=0.00, real=0.02 secs] 
2016-09-15T12:30:46.192-0400: 279.917: [GC (GCLocker Initiated GC) [PSYoungGen: 174046K->31410K(175104K)] 259188K->183918K(699392K), 0.0106766 secs] [Times: user=0.10 sys=0.00, real=0.01 secs] 
2016-09-15T12:30:46.300-0400: 280.025: [GC (Allocation Failure) [PSYoungGen: 119474K->79623K(175104K)] 272174K->232582K(699392K), 0.0096651 secs] [Times: user=0.07 sys=0.00, real=0.01 secs] 
2016-09-15T12:30:46.434-0400: 280.160: [GC (GCLocker Initiated GC) [PSYoungGen: 167687K->55159K(175104K)] 320651K->226560K(699392K), 0.0280098 secs] [Times: user=0.19 sys=0.01, real=0.03 secs] 
2016-09-15T12:30:46.609-0400: 280.334: [GC (GCLocker Initiated GC) [PSYoungGen: 143223K->55255K(175104K)] 320882K->257317K(699392K), 0.0089390 secs] [Times: user=0.06 sys=0.00, real=0.01 secs] 
2016-09-15T12:30:46.723-0400: 280.448: [GC (GCLocker Initiated GC) [PSYoungGen: 143319K->73804K(175104K)] 351466K->300491K(699392K), 0.0151289 secs] [Times: user=0.21 sys=0.00, real=0.02 secs] 
2016-09-15T12:30:46.886-0400: 280.612: [GC (GCLocker Initiated GC) [PSYoungGen: 161868K->36802K(175104K)] 400858K->300516K(699392K), 0.0095864 secs] [Times: user=0.09 sys=0.00, real=0.02 secs] 
2016-09-15T12:30:47.032-0400: 280.758: [GC (GCLocker Initiated GC) [PSYoungGen: 124866K->86018K(175104K)] 388896K->356259K(699392K), 0.0220891 secs] [Times: user=0.29 sys=0.00, real=0.02 secs] 
2016-09-15T12:30:47.172-0400: 280.897: [GC (GCLocker Initiated GC) [PSYoungGen: 174082K->30827K(175104K)] 444455K->325743K(699392K), 0.0186991 secs] [Times: user=0.22 sys=0.00, real=0.02 secs] 
2016-09-15T12:30:47.300-0400: 281.025: [GC (GCLocker Initiated GC) [PSYoungGen: 118891K->67665K(175104K)] 420232K->417757K(699392K), 0.0129419 secs] [Times: user=0.14 sys=0.01, real=0.01 secs] 
2016-09-15T12:30:47.489-0400: 281.214: [GC (GCLocker Initiated GC) [PSYoungGen: 155729K->61230K(175104K)] 505880K->429889K(699392K), 0.0091732 secs] [Times: user=0.12 sys=0.00, real=0.01 secs] 
2016-09-15T12:30:47.609-0400: 281.334: [GC (GCLocker Initiated GC) [PSYoungGen: 149294K->79551K(175104K)] 518203K->478947K(699392K), 0.0100821 secs] [Times: user=0.12 sys=0.00, real=0.01 secs] 
2016-09-15T12:30:47.733-0400: 281.458: [GC (GCLocker Initiated GC) [PSYoungGen: 167615K->73836K(175104K)] 573307K->516121K(699392K), 0.0138008 secs] [Times: user=0.20 sys=0.01, real=0.01 secs] 
2016-09-15T12:30:47.854-0400: 281.579: [GC (GCLocker Initiated GC) [PSYoungGen: 161900K->73804K(175104K)] 604684K->553306K(699392K), 0.0118326 secs] [Times: user=0.17 sys=0.00, real=0.01 secs] 
2016-09-15T12:30:47.866-0400: 281.591: [Full GC (Ergonomics) [PSYoungGen: 73804K->0K(175104K)] [ParOldGen: 479502K->55128K(524288K)] 553306K->55128K(699392K), [Metaspace: 44585K->44585K(1087488K)], 0.0609622 secs] [Times: user=0.38 sys=0.01, real=0.06 secs] 
2016-09-15T12:30:48.053-0400: 281.778: [GC (GCLocker Initiated GC) [PSYoungGen: 88064K->73968K(175104K)] 161761K->147665K(699392K), 0.0168891 secs] [Times: user=0.25 sys=0.01, real=0.02 secs] 
2016-09-15T12:30:48.207-0400: 281.932: [GC (GCLocker Initiated GC) [PSYoungGen: 162032K->55579K(175104K)] 241896K->172357K(699392K), 0.0116371 secs] [Times: user=0.13 sys=0.00, real=0.02 secs] 
2016-09-15T12:30:48.378-0400: 282.103: [GC (GCLocker Initiated GC) [PSYoungGen: 143643K->86118K(175104K)] 260463K->221494K(699392K), 0.0104021 secs] [Times: user=0.16 sys=0.00, real=0.01 secs] 
2016-09-15T12:30:48.516-0400: 282.241: [GC (GCLocker Initiated GC) [PSYoungGen: 174182K->73444K(175104K)] 321750K->276026K(699392K), 0.0096085 secs] [Times: user=0.14 sys=0.00, real=0.00 secs] 
2016-09-15T12:30:48.645-0400: 282.370: [GC (Allocation Failure) [PSYoungGen: 161508K->73804K(175104K)] 370341K->331381K(699392K), 0.0151165 secs] [Times: user=0.18 sys=0.00, real=0.02 secs] 
2016-09-15T12:30:48.771-0400: 282.496: [GC (GCLocker Initiated GC) [PSYoungGen: 161868K->74000K(175104K)] 419450K->350107K(699392K), 0.0223103 secs] [Times: user=0.30 sys=0.01, real=0.02 secs] 
2016-09-15T12:30:48.895-0400: 282.620: [GC (Allocation Failure) [PSYoungGen: 162064K->61490K(175104K)] 450435K->386439K(699392K), 0.0100343 secs] [Times: user=0.13 sys=0.01, real=0.01 secs] 
2016-09-15T12:30:49.040-0400: 282.766: [GC (GCLocker Initiated GC) [PSYoungGen: 146593K->61558K(175104K)] 477617K->429300K(699392K), 0.0119053 secs] [Times: user=0.13 sys=0.00, real=0.01 secs] 
2016-09-15T12:30:49.182-0400: 282.907: [GC (GCLocker Initiated GC) [PSYoungGen: 149622K->67469K(175104K)] 517607K->453970K(699392K), 0.0163503 secs] [Times: user=0.18 sys=0.01, real=0.02 secs] 
2016-09-15T12:30:49.310-0400: 283.035: [GC (GCLocker Initiated GC) [PSYoungGen: 155533K->55027K(175104K)] 548247K->490526K(699392K), 0.0219081 secs] [Times: user=0.22 sys=0.00, real=0.02 secs] 
2016-09-15T12:30:49.453-0400: 283.178: [GC (Allocation Failure) [PSYoungGen: 143091K->73416K(175104K)] 578788K->527457K(699392K), 0.0146171 secs] [Times: user=0.13 sys=0.00, real=0.01 secs] 
2016-09-15T12:30:49.602-0400: 283.327: [Full GC (Ergonomics) [PSYoungGen: 160412K->0K(175104K)] [ParOldGen: 460116K->54834K(524288K)] 620529K->54834K(699392K), [Metaspace: 44585K->44585K(1087488K)], 0.0451544 secs] [Times: user=0.24 sys=0.00, real=0.04 secs] 
2016-09-15T12:30:49.752-0400: 283.477: [GC (GCLocker Initiated GC) [PSYoungGen: 88064K->86370K(175104K)] 142926K->153382K(699392K), 0.0082178 secs] [Times: user=0.08 sys=0.00, real=0.01 secs] 
2016-09-15T12:30:49.871-0400: 283.596: [GC (GCLocker Initiated GC) [PSYoungGen: 174434K->49244K(175104K)] 247709K->160101K(699392K), 0.0178037 secs] [Times: user=0.14 sys=0.01, real=0.02 secs] 
2016-09-15T12:30:50.013-0400: 283.738: [GC (GCLocker Initiated GC) [PSYoungGen: 137308K->85826K(175104K)] 248341K->215351K(699392K), 0.0197527 secs] [Times: user=0.21 sys=0.00, real=0.02 secs] 
2016-09-15T12:30:50.176-0400: 283.902: [GC (GCLocker Initiated GC) [PSYoungGen: 173890K->85594K(175104K)] 303575K->245937K(699392K), 0.0098547 secs] [Times: user=0.11 sys=0.00, real=0.00 secs] 
2016-09-15T12:30:50.299-0400: 284.024: [GC (GCLocker Initiated GC) [PSYoungGen: 173658K->79779K(175104K)] 340125K->295013K(699392K), 0.0302313 secs] [Times: user=0.39 sys=0.01, real=0.03 secs] 
2016-09-15T12:30:50.456-0400: 284.181: [GC (GCLocker Initiated GC) [PSYoungGen: 167843K->55415K(175104K)] 389357K->356195K(699392K), 0.0117186 secs] [Times: user=0.12 sys=0.00, real=0.00 secs] 
2016-09-15T12:30:50.606-0400: 284.331: [GC (Allocation Failure) [PSYoungGen: 143479K->55351K(175104K)] 456675K->393114K(699392K), 0.0149561 secs] [Times: user=0.17 sys=0.00, real=0.02 secs] 
2016-09-15T12:30:50.747-0400: 284.472: [GC (GCLocker Initiated GC) [PSYoungGen: 143415K->55575K(175104K)] 481342K->430268K(699392K), 0.0141342 secs] [Times: user=0.17 sys=0.00, real=0.02 secs] 
2016-09-15T12:30:50.857-0400: 284.582: [GC (GCLocker Initiated GC) [PSYoungGen: 143639K->73640K(175104K)] 518631K->485406K(699392K), 0.0112541 secs] [Times: user=0.13 sys=0.01, real=0.01 secs] 
2016-09-15T12:30:51.005-0400: 284.730: [GC (GCLocker Initiated GC) [PSYoungGen: 161704K->37158K(175104K)] 579834K->492014K(699392K), 0.0176055 secs] [Times: user=0.21 sys=0.00, real=0.02 secs] 
2016-09-15T12:30:51.131-0400: 284.856: [GC (GCLocker Initiated GC) [PSYoungGen: 125222K->85790K(175104K)] 580399K->547178K(699392K), 0.0095851 secs] [Times: user=0.13 sys=0.00, real=0.01 secs] 
2016-09-15T12:30:51.141-0400: 284.866: [Full GC (Ergonomics) [PSYoungGen: 85790K->0K(175104K)] [ParOldGen: 461388K->55386K(524288K)] 547178K->55386K(699392K), [Metaspace: 44585K->44585K(1087488K)], 0.0661507 secs] [Times: user=0.59 sys=0.00, real=0.06 secs] 
2016-09-15T12:30:51.323-0400: 285.049: [GC (GCLocker Initiated GC) [PSYoungGen: 88064K->73836K(175104K)] 149689K->135462K(699392K), 0.0095945 secs] [Times: user=0.14 sys=0.00, real=0.01 secs] 
2016-09-15T12:30:51.457-0400: 285.182: [GC (GCLocker Initiated GC) [PSYoungGen: 161900K->73644K(175104K)] 229962K->160214K(699392K), 0.0098127 secs] [Times: user=0.07 sys=0.01, real=0.00 secs] 
2016-09-15T12:30:51.618-0400: 285.343: [GC (GCLocker Initiated GC) [PSYoungGen: 161708K->55319K(175104K)] 254518K->185010K(699392K), 0.0393595 secs] [Times: user=0.44 sys=0.01, real=0.04 secs] 
2016-09-15T12:30:51.753-0400: 285.478: [GC (Allocation Failure) [PSYoungGen: 143383K->79719K(175104K)] 273239K->209695K(699392K), 0.0098474 secs] [Times: user=0.12 sys=0.00, real=0.01 secs] 
2016-09-15T12:30:51.876-0400: 285.601: [GC (GCLocker Initiated GC) [PSYoungGen: 167783K->79555K(175104K)] 297765K->252517K(699392K), 0.0287768 secs] [Times: user=0.35 sys=0.01, real=0.02 secs] 
2016-09-15T12:30:52.055-0400: 285.780: [GC (GCLocker Initiated GC) [PSYoungGen: 167619K->37389K(175104K)] 358933K->247188K(699392K), 0.0096539 secs] [Times: user=0.09 sys=0.00, real=0.01 secs] 
2016-09-15T12:30:52.204-0400: 285.929: [GC (GCLocker Initiated GC) [PSYoungGen: 125453K->55255K(175104K)] 341638K->271862K(699392K), 0.0068677 secs] [Times: user=0.06 sys=0.00, real=0.01 secs] 
2016-09-15T12:30:52.317-0400: 286.042: [GC (Allocation Failure) [PSYoungGen: 143319K->67665K(175104K)] 366149K->290598K(699392K), 0.0090807 secs] [Times: user=0.08 sys=0.00, real=0.00 secs] 
2016-09-15T12:30:52.445-0400: 286.170: [GC (GCLocker Initiated GC) [PSYoungGen: 149974K->55219K(175104K)] 378983K->345433K(699392K), 0.0161975 secs] [Times: user=0.17 sys=0.00, real=0.02 secs] 
2016-09-15T12:30:52.587-0400: 286.312: [GC (GCLocker Initiated GC) [PSYoungGen: 143283K->79751K(175104K)] 433561K->370157K(699392K), 0.0098056 secs] [Times: user=0.09 sys=0.00, real=0.02 secs] 
2016-09-15T12:30:52.722-0400: 286.447: [GC (GCLocker Initiated GC) [PSYoungGen: 167815K->30923K(175104K)] 458230K->412919K(699392K), 0.0203536 secs] [Times: user=0.22 sys=0.00, real=0.02 secs] 
2016-09-15T12:30:52.855-0400: 286.580: [GC (GCLocker Initiated GC) [PSYoungGen: 118987K->55223K(175104K)] 507501K->462066K(699392K), 0.0096773 secs] [Times: user=0.08 sys=0.00, real=0.01 secs] 
2016-09-15T12:30:53.019-0400: 286.744: [GC (Allocation Failure) [PSYoungGen: 143287K->36802K(175104K)] 556297K->450055K(699392K), 0.0265339 secs] [Times: user=0.31 sys=0.00, real=0.02 secs] 
2016-09-15T12:30:53.164-0400: 286.889: [GC (GCLocker Initiated GC) [PSYoungGen: 121629K->37162K(175104K)] 540957K->456585K(699392K), 0.0066854 secs] [Times: user=0.08 sys=0.00, real=0.01 secs] 
2016-09-15T12:30:53.281-0400: 287.006: [GC (GCLocker Initiated GC) [PSYoungGen: 125226K->73540K(175104K)] 545016K->511855K(699392K), 0.0108230 secs] [Times: user=0.17 sys=0.00, real=0.01 secs] 
2016-09-15T12:30:53.404-0400: 287.129: [Full GC (Ergonomics) [PSYoungGen: 161604K->0K(175104K)] [ParOldGen: 444420K->61564K(524288K)] 606024K->61564K(699392K), [Metaspace: 44585K->44585K(1087488K)], 0.0600094 secs] [Times: user=0.42 sys=0.01, real=0.06 secs] 
2016-09-15T12:30:53.580-0400: 287.305: [GC (Allocation Failure) [PSYoungGen: 88064K->86402K(175104K)] 149720K->148058K(699392K), 0.0102667 secs] [Times: user=0.09 sys=0.01, real=0.01 secs] 
2016-09-15T12:30:53.700-0400: 287.425: [GC (GCLocker Initiated GC) [PSYoungGen: 174466K->79583K(175104K)] 236122K->221378K(699392K), 0.0144871 secs] [Times: user=0.22 sys=0.00, real=0.01 secs] 
2016-09-15T12:30:53.823-0400: 287.548: [GC (Allocation Failure) [PSYoungGen: 167647K->85822K(175104K)] 309758K->246294K(699392K), 0.0098612 secs] [Times: user=0.13 sys=0.00, real=0.01 secs] 
2016-09-15T12:30:54.003-0400: 287.728: [GC (GCLocker Initiated GC) [PSYoungGen: 173886K->55447K(175104K)] 334364K->258734K(699392K), 0.0108975 secs] [Times: user=0.16 sys=0.00, real=0.01 secs] 
2016-09-15T12:30:54.114-0400: 287.839: [GC (GCLocker Initiated GC) [PSYoungGen: 143511K->85658K(175104K)] 346833K->319655K(699392K), 0.0113779 secs] [Times: user=0.17 sys=0.00, real=0.01 secs] 
2016-09-15T12:30:54.259-0400: 287.985: [GC (GCLocker Initiated GC) [PSYoungGen: 173722K->61522K(175104K)] 413981K->362675K(699392K), 0.0257842 secs] [Times: user=0.32 sys=0.01, real=0.02 secs] 
2016-09-15T12:30:54.421-0400: 288.146: [GC (GCLocker Initiated GC) [PSYoungGen: 149586K->55123K(175104K)] 456917K->393097K(699392K), 0.0154856 secs] [Times: user=0.19 sys=0.01, real=0.02 secs] 
2016-09-15T12:30:54.581-0400: 288.306: [GC (Allocation Failure) [PSYoungGen: 143187K->31086K(175104K)] 487311K->411772K(699392K), 0.0088967 secs] [Times: user=0.06 sys=0.00, real=0.01 secs] 
2016-09-15T12:30:54.679-0400: 288.404: [GC (GCLocker Initiated GC) [PSYoungGen: 119147K->86018K(175104K)] 499839K->539933K(699392K), 0.0125100 secs] [Times: user=0.15 sys=0.01, real=0.01 secs] 
2016-09-15T12:30:54.692-0400: 288.417: [Full GC (Ergonomics) [PSYoungGen: 86018K->0K(175104K)] [ParOldGen: 453915K->61740K(524288K)] 539933K->61740K(699392K), [Metaspace: 44585K->44585K(1087488K)], 0.0592545 secs] [Times: user=0.40 sys=0.01, real=0.06 secs] 
2016-09-15T12:30:54.852-0400: 288.577: [GC (GCLocker Initiated GC) [PSYoungGen: 88064K->86566K(175104K)] 149913K->166641K(699392K), 0.0134041 secs] [Times: user=0.19 sys=0.00, real=0.01 secs] 
2016-09-15T12:30:54.986-0400: 288.711: [GC (Allocation Failure) [PSYoungGen: 174630K->67533K(175104K)] 254786K->233722K(699392K), 0.0121356 secs] [Times: user=0.19 sys=0.00, real=0.02 secs] 
2016-09-15T12:30:55.096-0400: 288.822: [GC (GCLocker Initiated GC) [PSYoungGen: 152799K->74000K(175104K)] 325064K->295156K(699392K), 0.0119634 secs] [Times: user=0.17 sys=0.00, real=0.01 secs] 
2016-09-15T12:30:55.252-0400: 288.977: [GC (GCLocker Initiated GC) [PSYoungGen: 162064K->55319K(175104K)] 395586K->307373K(699392K), 0.0113478 secs] [Times: user=0.15 sys=0.01, real=0.01 secs] 
2016-09-15T12:30:55.378-0400: 289.103: [GC (GCLocker Initiated GC) [PSYoungGen: 143383K->67601K(175104K)] 395579K->350440K(699392K), 0.0184358 secs] [Times: user=0.21 sys=0.00, real=0.02 secs] 
2016-09-15T12:30:55.526-0400: 289.251: [GC (GCLocker Initiated GC) [PSYoungGen: 155665K->55255K(175104K)] 438546K->368803K(699392K), 0.0219744 secs] [Times: user=0.22 sys=0.00, real=0.03 secs] 
2016-09-15T12:30:55.691-0400: 289.416: [GC (GCLocker Initiated GC) [PSYoungGen: 143319K->85626K(175104K)] 462989K->460255K(699392K), 0.0186734 secs] [Times: user=0.24 sys=0.01, real=0.02 secs] 
2016-09-15T12:30:55.840-0400: 289.566: [GC (Allocation Failure) [PSYoungGen: 173690K->61522K(175104K)] 554648K->497315K(699392K), 0.0117285 secs] [Times: user=0.17 sys=0.01, real=0.01 secs] 
2016-09-15T12:30:55.852-0400: 289.577: [Full GC (Ergonomics) [PSYoungGen: 61522K->0K(175104K)] [ParOldGen: 435793K->55474K(524288K)] 497315K->55474K(699392K), [Metaspace: 44585K->44585K(1087488K)], 0.0615111 secs] [Times: user=0.37 sys=0.00, real=0.06 secs] 
2016-09-15T12:30:56.012-0400: 289.737: [GC (GCLocker Initiated GC) [PSYoungGen: 85820K->86046K(175104K)] 147370K->171895K(699392K), 0.0097813 secs] [Times: user=0.11 sys=0.00, real=0.01 secs] 
2016-09-15T12:30:56.130-0400: 289.855: [GC (GCLocker Initiated GC) [PSYoungGen: 174110K->86445K(175104K)] 260164K->203447K(699392K), 0.0215255 secs] [Times: user=0.22 sys=0.01, real=0.02 secs] 
2016-09-15T12:30:56.266-0400: 289.991: [GC (GCLocker Initiated GC) [PSYoungGen: 174509K->49244K(175104K)] 291743K->258213K(699392K), 0.0157214 secs] [Times: user=0.16 sys=0.01, real=0.02 secs] 
2016-09-15T12:30:56.407-0400: 290.132: [GC (GCLocker Initiated GC) [PSYoungGen: 137308K->61558K(175104K)] 352697K->277034K(699392K), 0.0224461 secs] [Times: user=0.22 sys=0.01, real=0.03 secs] 
2016-09-15T12:30:56.593-0400: 290.319: [GC (Allocation Failure) [PSYoungGen: 149622K->55743K(175104K)] 365347K->308249K(699392K), 0.0099313 secs] [Times: user=0.15 sys=0.00, real=0.01 secs] 
2016-09-15T12:30:56.718-0400: 290.443: [GC (GCLocker Initiated GC) [PSYoungGen: 142946K->55579K(175104K)] 401528K->332513K(699392K), 0.0084138 secs] [Times: user=0.11 sys=0.00, real=0.00 secs] 
2016-09-15T12:30:56.840-0400: 290.565: [GC (GCLocker Initiated GC) [PSYoungGen: 143643K->79651K(175104K)] 420944K->375452K(699392K), 0.0105950 secs] [Times: user=0.10 sys=0.00, real=0.01 secs] 
2016-09-15T12:30:56.955-0400: 290.680: [GC (GCLocker Initiated GC) [PSYoungGen: 167715K->49280K(175104K)] 463653K->363515K(699392K), 0.0139577 secs] [Times: user=0.15 sys=0.00, real=0.02 secs] 
2016-09-15T12:30:57.078-0400: 290.803: [GC (Allocation Failure) [PSYoungGen: 137344K->85822K(175104K)] 451917K->461453K(699392K), 0.0119155 secs] [Times: user=0.17 sys=0.00, real=0.01 secs] 
2016-09-15T12:30:57.208-0400: 290.933: [GC (GCLocker Initiated GC) [PSYoungGen: 173886K->61426K(175104K)] 549710K->473975K(699392K), 0.0101382 secs] [Times: user=0.09 sys=0.00, real=0.01 secs] 
2016-09-15T12:30:57.336-0400: 291.061: [GC (GCLocker Initiated GC) [PSYoungGen: 149490K->86150K(175104K)] 562271K->523390K(699392K), 0.0101275 secs] [Times: user=0.12 sys=0.00, real=0.00 secs] 
2016-09-15T12:30:57.480-0400: 291.205: [Full GC (Ergonomics) [PSYoungGen: 174214K->0K(175104K)] [ParOldGen: 443509K->55734K(524288K)] 617723K->55734K(699392K), [Metaspace: 44586K->44586K(1087488K)], 0.0551761 secs] [Times: user=0.33 sys=0.01, real=0.05 secs] 
2016-09-15T12:30:57.647-0400: 291.372: [GC (GCLocker Initiated GC) [PSYoungGen: 88064K->86246K(175104K)] 144108K->148365K(699392K), 0.0121443 secs] [Times: user=0.10 sys=0.00, real=0.02 secs] 
2016-09-15T12:30:57.783-0400: 291.508: [GC (GCLocker Initiated GC) [PSYoungGen: 174310K->55255K(175104K)] 236432K->172764K(699392K), 0.0117089 secs] [Times: user=0.12 sys=0.01, real=0.01 secs] 
2016-09-15T12:30:57.921-0400: 291.646: [GC (GCLocker Initiated GC) [PSYoungGen: 143319K->73708K(175104K)] 267101K->197570K(699392K), 0.0100452 secs] [Times: user=0.11 sys=0.00, real=0.01 secs] 
2016-09-15T12:30:58.059-0400: 291.784: [GC (GCLocker Initiated GC) [PSYoungGen: 161772K->37062K(175104K)] 291851K->185797K(699392K), 0.0071133 secs] [Times: user=0.04 sys=0.00, real=0.00 secs] 
2016-09-15T12:30:58.202-0400: 291.927: [GC (GCLocker Initiated GC) [PSYoungGen: 125126K->55579K(175104K)] 280073K->210613K(699392K), 0.0143748 secs] [Times: user=0.15 sys=0.01, real=0.02 secs] 
2016-09-15T12:30:58.314-0400: 292.039: [GC (GCLocker Initiated GC) [PSYoungGen: 143643K->85954K(175104K)] 299038K->247724K(699392K), 0.0124895 secs] [Times: user=0.17 sys=0.00, real=0.01 secs] 
2016-09-15T12:30:58.436-0400: 292.161: [GC (GCLocker Initiated GC) [PSYoungGen: 174018K->85822K(175104K)] 335790K->284187K(699392K), 0.0106804 secs] [Times: user=0.13 sys=0.00, real=0.00 secs] 
2016-09-15T12:30:58.585-0400: 292.311: [GC (Allocation Failure) [PSYoungGen: 173886K->49180K(175104K)] 372332K->284203K(699392K), 0.0209191 secs] [Times: user=0.23 sys=0.00, real=0.02 secs] 
2016-09-15T12:30:58.704-0400: 292.429: [GC (GCLocker Initiated GC) [PSYoungGen: 132525K->73640K(175104K)] 373624K->339330K(699392K), 0.0166001 secs] [Times: user=0.19 sys=0.00, real=0.02 secs] 
2016-09-15T12:30:58.854-0400: 292.579: [GC (GCLocker Initiated GC) [PSYoungGen: 161704K->73384K(175104K)] 427481K->357645K(699392K), 0.0336960 secs] [Times: user=0.27 sys=0.01, real=0.04 secs] 
2016-09-15T12:30:58.996-0400: 292.721: [GC (GCLocker Initiated GC) [PSYoungGen: 161448K->49372K(175104K)] 445925K->400981K(699392K), 0.0144247 secs] [Times: user=0.16 sys=0.00, real=0.01 secs] 
2016-09-15T12:30:59.104-0400: 292.830: [GC (GCLocker Initiated GC) [PSYoungGen: 137436K->55515K(175104K)] 489412K->462318K(699392K), 0.0139132 secs] [Times: user=0.16 sys=0.00, real=0.02 secs] 
2016-09-15T12:30:59.264-0400: 292.989: [GC (GCLocker Initiated GC) [PSYoungGen: 143579K->55123K(175104K)] 550698K->481054K(699392K), 0.0097730 secs] [Times: user=0.08 sys=0.00, real=0.01 secs] 
2016-09-15T12:30:59.413-0400: 293.138: [GC (GCLocker Initiated GC) [PSYoungGen: 143187K->85562K(175104K)] 575241K->529902K(699392K), 0.0098731 secs] [Times: user=0.14 sys=0.00, real=0.01 secs] 
2016-09-15T12:30:59.423-0400: 293.148: [Full GC (Ergonomics) [PSYoungGen: 85562K->0K(175104K)] [ParOldGen: 444339K->49726K(524288K)] 529902K->49726K(699392K), [Metaspace: 44590K->44590K(1087488K)], 0.0570535 secs] [Times: user=0.36 sys=0.01, real=0.06 secs] 
2016-09-15T12:30:59.564-0400: 293.289: [GC (Allocation Failure) [PSYoungGen: 88064K->86530K(175104K)] 144176K->173017K(699392K), 0.0106104 secs] [Times: user=0.13 sys=0.00, real=0.01 secs] 
2016-09-15T12:30:59.575-0400: 293.300: [GC (GCLocker Initiated GC) [PSYoungGen: 86849K->64K(175104K)] 173336K->203064K(699392K), 0.0146044 secs] [Times: user=0.21 sys=0.01, real=0.02 secs] 
2016-09-15T12:30:59.686-0400: 293.411: [GC (GCLocker Initiated GC) [PSYoungGen: 88128K->86146K(175104K)] 291141K->295243K(699392K), 0.0096621 secs] [Times: user=0.09 sys=0.00, real=0.02 secs] 
2016-09-15T12:30:59.831-0400: 293.557: [GC (Allocation Failure) [PSYoungGen: 174210K->49084K(175104K)] 383399K->265003K(699392K), 0.0125601 secs] [Times: user=0.10 sys=0.01, real=0.01 secs] 
2016-09-15T12:30:59.994-0400: 293.719: [GC (GCLocker Initiated GC) [PSYoungGen: 133792K->36998K(175104K)] 355787K->307876K(699392K), 0.0158447 secs] [Times: user=0.18 sys=0.01, real=0.02 secs] 
2016-09-15T12:31:00.109-0400: 293.834: [GC (GCLocker Initiated GC) [PSYoungGen: 125062K->55091K(175104K)] 402057K->332353K(699392K), 0.0133307 secs] [Times: user=0.13 sys=0.00, real=0.01 secs] 
2016-09-15T12:31:00.249-0400: 293.974: [GC (GCLocker Initiated GC) [PSYoungGen: 143155K->86314K(175104K)] 420509K->382045K(699392K), 0.0248866 secs] [Times: user=0.30 sys=0.01, real=0.02 secs] 
2016-09-15T12:31:00.380-0400: 294.105: [GC (GCLocker Initiated GC) [PSYoungGen: 174378K->73544K(175104K)] 470380K->376068K(699392K), 0.0104890 secs] [Times: user=0.10 sys=0.00, real=0.01 secs] 
2016-09-15T12:31:00.519-0400: 294.244: [GC (Allocation Failure) [PSYoungGen: 161608K->61294K(175104K)] 470305K->388507K(699392K), 0.0094400 secs] [Times: user=0.13 sys=0.00, real=0.01 secs] 
2016-09-15T12:31:00.656-0400: 294.382: [GC (GCLocker Initiated GC) [PSYoungGen: 149358K->79683K(175104K)] 476572K->413091K(699392K), 0.0137714 secs] [Times: user=0.18 sys=0.01, real=0.01 secs] 
2016-09-15T12:31:00.800-0400: 294.525: [GC (GCLocker Initiated GC) [PSYoungGen: 167747K->85886K(175104K)] 501316K->450162K(699392K), 0.0117800 secs] [Times: user=0.15 sys=0.00, real=0.01 secs] 
2016-09-15T12:31:00.930-0400: 294.655: [GC (GCLocker Initiated GC) [PSYoungGen: 173946K->73836K(175104K)] 544635K->493448K(699392K), 0.0109558 secs] [Times: user=0.14 sys=0.00, real=0.01 secs] 
2016-09-15T12:31:01.078-0400: 294.803: [GC (GCLocker Initiated GC) [PSYoungGen: 161900K->55355K(175104K)] 593990K->505929K(699392K), 0.0353363 secs] [Times: user=0.38 sys=0.00, real=0.03 secs] 
2016-09-15T12:31:01.113-0400: 294.838: [Full GC (Ergonomics) [PSYoungGen: 55355K->0K(175104K)] [ParOldGen: 450574K->55420K(524288K)] 505929K->55420K(699392K), [Metaspace: 44594K->44594K(1087488K)], 0.0576293 secs] [Times: user=0.29 sys=0.02, real=0.06 secs] 
2016-09-15T12:31:01.307-0400: 295.032: [GC (GCLocker Initiated GC) [PSYoungGen: 88064K->85954K(175104K)] 149685K->153650K(699392K), 0.0099911 secs] [Times: user=0.12 sys=0.00, real=0.02 secs] 
2016-09-15T12:31:01.431-0400: 295.156: [GC (GCLocker Initiated GC) [PSYoungGen: 174018K->67533K(175104K)] 242013K->172426K(699392K), 0.0142665 secs] [Times: user=0.15 sys=0.01, real=0.01 secs] 
2016-09-15T12:31:01.536-0400: 295.261: [GC (GCLocker Initiated GC) [PSYoungGen: 155597K->49148K(175104K)] 260845K->172701K(699392K), 0.0079681 secs] [Times: user=0.06 sys=0.00, real=0.00 secs] 
2016-09-15T12:31:01.679-0400: 295.404: [GC (GCLocker Initiated GC) [PSYoungGen: 137212K->49212K(175104K)] 260834K->203484K(699392K), 0.0143526 secs] [Times: user=0.19 sys=0.00, real=0.01 secs] 
2016-09-15T12:31:01.824-0400: 295.549: [GC (GCLocker Initiated GC) [PSYoungGen: 137276K->85690K(175104K)] 297749K->246643K(699392K), 0.0099760 secs] [Times: user=0.15 sys=0.00, real=0.01 secs] 
2016-09-15T12:31:01.933-0400: 295.658: [GC (GCLocker Initiated GC) [PSYoungGen: 173754K->85854K(175104K)] 335012K->283737K(699392K), 0.0130031 secs] [Times: user=0.16 sys=0.00, real=0.01 secs] 
2016-09-15T12:31:02.109-0400: 295.834: [GC (GCLocker Initiated GC) [PSYoungGen: 173918K->42973K(175104K)] 378102K->283875K(699392K), 0.0255109 secs] [Times: user=0.31 sys=0.00, real=0.02 secs] 
2016-09-15T12:31:02.258-0400: 295.984: [GC (GCLocker Initiated GC) [PSYoungGen: 131037K->73676K(175104K)] 378263K->321005K(699392K), 0.0101238 secs] [Times: user=0.08 sys=0.01, real=0.01 secs] 
2016-09-15T12:31:02.400-0400: 296.125: [GC (GCLocker Initiated GC) [PSYoungGen: 161740K->55451K(175104K)] 409346K->303169K(699392K), 0.0211401 secs] [Times: user=0.20 sys=0.00, real=0.02 secs] 
2016-09-15T12:31:02.521-0400: 296.246: [GC (Allocation Failure) [PSYoungGen: 143515K->79587K(175104K)] 397607K->352180K(699392K), 0.0208732 secs] [Times: user=0.18 sys=0.00, real=0.02 secs] 
2016-09-15T12:31:02.669-0400: 296.394: [GC (GCLocker Initiated GC) [PSYoungGen: 167651K->49180K(175104K)] 440249K->382640K(699392K), 0.0241788 secs] [Times: user=0.23 sys=0.00, real=0.02 secs] 
2016-09-15T12:31:02.813-0400: 296.538: [GC (GCLocker Initiated GC) [PSYoungGen: 137244K->79655K(175104K)] 476849K->419511K(699392K), 0.0259327 secs] [Times: user=0.21 sys=0.01, real=0.03 secs] 
2016-09-15T12:31:02.950-0400: 296.675: [GC (GCLocker Initiated GC) [PSYoungGen: 167719K->54995K(175104K)] 507875K->438099K(699392K), 0.0434246 secs] [Times: user=0.39 sys=0.00, real=0.04 secs] 
2016-09-15T12:31:03.120-0400: 296.845: [GC (GCLocker Initiated GC) [PSYoungGen: 143059K->37162K(175104K)] 526479K->457120K(699392K), 0.0307339 secs] [Times: user=0.28 sys=0.00, real=0.03 secs] 
2016-09-15T12:31:03.295-0400: 297.020: [GC (GCLocker Initiated GC) [PSYoungGen: 125226K->73448K(175104K)] 545444K->512222K(699392K), 0.0210609 secs] [Times: user=0.21 sys=0.01, real=0.03 secs] 
2016-09-15T12:31:03.425-0400: 297.150: [GC (GCLocker Initiated GC) [PSYoungGen: 161512K->73608K(175104K)] 600547K->530964K(699392K), 0.0266213 secs] [Times: user=0.24 sys=0.00, real=0.03 secs] 
2016-09-15T12:31:03.452-0400: 297.177: [Full GC (Ergonomics) [PSYoungGen: 73608K->0K(175104K)] [ParOldGen: 457356K->60100K(524288K)] 530964K->60100K(699392K), [Metaspace: 44595K->44595K(1087488K)], 0.0744259 secs] [Times: user=0.51 sys=0.01, real=0.07 secs] 
2016-09-15T12:31:03.645-0400: 297.370: [GC (GCLocker Initiated GC) [PSYoungGen: 88064K->86118K(175104K)] 154358K->158487K(699392K), 0.0106381 secs] [Times: user=0.12 sys=0.00, real=0.02 secs] 
2016-09-15T12:31:03.766-0400: 297.491: [GC (GCLocker Initiated GC) [PSYoungGen: 174182K->55319K(175104K)] 246673K->177185K(699392K), 0.0151373 secs] [Times: user=0.15 sys=0.01, real=0.02 secs] 
2016-09-15T12:31:03.886-0400: 297.611: [GC (GCLocker Initiated GC) [PSYoungGen: 143383K->73576K(175104K)] 265375K->213912K(699392K), 0.0215870 secs] [Times: user=0.22 sys=0.00, real=0.03 secs] 
2016-09-15T12:31:04.026-0400: 297.751: [GC (Allocation Failure) [PSYoungGen: 161640K->49308K(175104K)] 302046K->244664K(699392K), 0.0259079 secs] [Times: user=0.30 sys=0.00, real=0.03 secs] 
2016-09-15T12:31:04.052-0400: 297.777: [GC (GCLocker Initiated GC) [PSYoungGen: 49608K->128K(175104K)] 244965K->286996K(699392K), 0.0096446 secs] [Times: user=0.10 sys=0.00, real=0.01 secs] 
2016-09-15T12:31:04.198-0400: 297.924: [GC (Allocation Failure) [PSYoungGen: 83147K->86014K(175104K)] 370015K->378957K(699392K), 0.0100270 secs] [Times: user=0.11 sys=0.01, real=0.01 secs] 
2016-09-15T12:31:04.313-0400: 298.038: [GC (GCLocker Initiated GC) [PSYoungGen: 174078K->61490K(175104K)] 467027K->428074K(699392K), 0.0122616 secs] [Times: user=0.16 sys=0.00, real=0.01 secs] 
2016-09-15T12:31:04.480-0400: 298.205: [GC (GCLocker Initiated GC) [PSYoungGen: 149554K->73512K(175104K)] 522267K->464553K(699392K), 0.0224448 secs] [Times: user=0.28 sys=0.00, real=0.02 secs] 
2016-09-15T12:31:04.690-0400: 298.415: [GC (GCLocker Initiated GC) [PSYoungGen: 161574K->43432K(175104K)] 552977K->471537K(699392K), 0.0104008 secs] [Times: user=0.09 sys=0.00, real=0.01 secs] 
2016-09-15T12:31:04.912-0400: 298.637: [Full GC (Ergonomics) [PSYoungGen: 131496K->0K(175104K)] [ParOldGen: 440553K->41752K(524288K)] 572050K->41752K(699392K), [Metaspace: 44627K->44627K(1087488K)], 0.0615311 secs] [Times: user=0.36 sys=0.01, real=0.06 secs] 
2016-09-15T12:31:05.160-0400: 298.885: [GC (GCLocker Initiated GC) [PSYoungGen: 88064K->79719K(175104K)] 136247K->127902K(699392K), 0.0073530 secs] [Times: user=0.06 sys=0.00, real=0.00 secs] 
2016-09-15T12:31:05.339-0400: 299.064: [GC (Allocation Failure) [PSYoungGen: 167783K->55579K(175104K)] 222273K->147006K(699392K), 0.0088347 secs] [Times: user=0.08 sys=0.01, real=0.01 secs] 
2016-09-15T12:31:05.547-0400: 299.272: [GC (GCLocker Initiated GC) [PSYoungGen: 143643K->55255K(175104K)] 235076K->146995K(699392K), 0.0072073 secs] [Times: user=0.07 sys=0.00, real=0.01 secs] 
2016-09-15T12:31:05.702-0400: 299.428: [GC (GCLocker Initiated GC) [PSYoungGen: 143319K->85922K(175104K)] 235168K->196115K(699392K), 0.0117525 secs] [Times: user=0.17 sys=0.00, real=0.01 secs] 
2016-09-15T12:31:05.868-0400: 299.593: [GC (GCLocker Initiated GC) [PSYoungGen: 173986K->43201K(175104K)] 290402K->208540K(699392K), 0.0214829 secs] [Times: user=0.23 sys=0.00, real=0.02 secs] 
2016-09-15T12:31:06.065-0400: 299.790: [GC (Allocation Failure) [PSYoungGen: 131265K->61590K(175104K)] 303029K->233449K(699392K), 0.0121366 secs] [Times: user=0.13 sys=0.00, real=0.02 secs] 
2016-09-15T12:31:06.202-0400: 299.927: [GC (GCLocker Initiated GC) [PSYoungGen: 149654K->85922K(175104K)] 321514K->264188K(699392K), 0.0085699 secs] [Times: user=0.11 sys=0.00, real=0.01 secs] 
2016-09-15T12:31:06.330-0400: 300.055: [GC (Allocation Failure) [PSYoungGen: 173986K->73968K(175104K)] 352479K->270837K(699392K), 0.0090769 secs] [Times: user=0.13 sys=0.00, real=0.01 secs] 
2016-09-15T12:31:06.505-0400: 300.230: [GC (GCLocker Initiated GC) [PSYoungGen: 162032K->55187K(175104K)] 358902K->252309K(699392K), 0.0166580 secs] [Times: user=0.20 sys=0.00, real=0.02 secs] 
2016-09-15T12:31:06.668-0400: 300.393: [GC (GCLocker Initiated GC) [PSYoungGen: 143251K->85722K(175104K)] 340420K->319493K(699392K), 0.0108092 secs] [Times: user=0.15 sys=0.00, real=0.01 secs] 
2016-09-15T12:31:06.834-0400: 300.559: [GC (GCLocker Initiated GC) [PSYoungGen: 173786K->86182K(175104K)] 407666K->368821K(699392K), 0.0135565 secs] [Times: user=0.15 sys=0.00, real=0.02 secs] 
2016-09-15T12:31:06.973-0400: 300.698: [GC (GCLocker Initiated GC) [PSYoungGen: 174246K->67501K(175104K)] 456943K->387103K(699392K), 0.0113227 secs] [Times: user=0.13 sys=0.00, real=0.01 secs] 
2016-09-15T12:31:07.151-0400: 300.876: [GC (GCLocker Initiated GC) [PSYoungGen: 155565K->79587K(175104K)] 487365K->411491K(699392K), 0.0093296 secs] [Times: user=0.10 sys=0.00, real=0.01 secs] 
2016-09-15T12:31:07.306-0400: 301.031: [GC (GCLocker Initiated GC) [PSYoungGen: 167651K->73608K(175104K)] 499770K->460733K(699392K), 0.0105394 secs] [Times: user=0.13 sys=0.00, real=0.02 secs] 
2016-09-15T12:31:07.476-0400: 301.201: [GC (Allocation Failure) [PSYoungGen: 161672K->36870K(175104K)] 549509K->424770K(699392K), 0.0070858 secs] [Times: user=0.03 sys=0.01, real=0.01 secs] 
2016-09-15T12:31:07.622-0400: 301.347: [GC (GCLocker Initiated GC) [PSYoungGen: 124934K->85726K(175104K)] 512834K->486044K(699392K), 0.0190185 secs] [Times: user=0.23 sys=0.00, real=0.02 secs] 
2016-09-15T12:31:07.791-0400: 301.516: [GC (Allocation Failure) [PSYoungGen: 173790K->61426K(175104K)] 574390K->480535K(699392K), 0.0133192 secs] [Times: user=0.19 sys=0.00, real=0.01 secs] 
2016-09-15T12:31:07.945-0400: 301.670: [GC (Allocation Failure) [PSYoungGen: 149490K->49148K(175104K)] 568599K->492864K(699392K), 0.0162620 secs] [Times: user=0.17 sys=0.00, real=0.02 secs] 
2016-09-15T12:31:08.113-0400: 301.838: [GC (GCLocker Initiated GC) [PSYoungGen: 137212K->73608K(175104K)] 580928K->517623K(699392K), 0.0144610 secs] [Times: user=0.20 sys=0.00, real=0.01 secs] 
2016-09-15T12:31:08.271-0400: 301.996: [GC (GCLocker Initiated GC) [PSYoungGen: 161672K->79683K(175104K)] 605707K->524008K(699392K), 0.0097580 secs] [Times: user=0.08 sys=0.00, real=0.01 secs] 
2016-09-15T12:31:08.438-0400: 302.163: [Full GC (Ergonomics) [PSYoungGen: 167747K->0K(175104K)] [ParOldGen: 456948K->42224K(524288K)] 624695K->42224K(699392K), [Metaspace: 44631K->44631K(1087488K)], 0.0540728 secs] [Times: user=0.35 sys=0.00, real=0.05 secs] 
2016-09-15T12:31:08.643-0400: 302.368: [GC (GCLocker Initiated GC) [PSYoungGen: 88064K->86182K(175104K)] 130293K->152711K(699392K), 0.0097497 secs] [Times: user=0.13 sys=0.00, real=0.01 secs] 
2016-09-15T12:31:08.814-0400: 302.539: [GC (GCLocker Initiated GC) [PSYoungGen: 174246K->49148K(175104K)] 246875K->140277K(699392K), 0.0269145 secs] [Times: user=0.31 sys=0.00, real=0.03 secs] 
2016-09-15T12:31:09.043-0400: 302.768: [GC (GCLocker Initiated GC) [PSYoungGen: 137212K->19132K(175104K)] 246675K->165297K(699392K), 0.0073106 secs] [Times: user=0.08 sys=0.00, real=0.01 secs] 
2016-09-15T12:31:09.226-0400: 302.952: [GC (GCLocker Initiated GC) [PSYoungGen: 107196K->37389K(175104K)] 260088K->190556K(699392K), 0.0099331 secs] [Times: user=0.09 sys=0.00, real=0.02 secs] 
2016-09-15T12:31:09.377-0400: 303.102: [GC (Allocation Failure) [PSYoungGen: 125453K->73480K(175104K)] 278942K->227267K(699392K), 0.0143525 secs] [Times: user=0.16 sys=0.00, real=0.01 secs] 
2016-09-15T12:31:09.537-0400: 303.262: [GC (GCLocker Initiated GC) [PSYoungGen: 161544K->36838K(175104K)] 315331K->190689K(699392K), 0.0218704 secs] [Times: user=0.22 sys=0.00, real=0.02 secs] 
2016-09-15T12:31:09.714-0400: 303.439: [GC (Allocation Failure) [PSYoungGen: 124902K->73740K(175104K)] 279085K->228223K(699392K), 0.0075995 secs] [Times: user=0.08 sys=0.01, real=0.01 secs] 
2016-09-15T12:31:09.856-0400: 303.582: [GC (Allocation Failure) [PSYoungGen: 161804K->55938K(175104K)] 316287K->228946K(699392K), 0.0097762 secs] [Times: user=0.13 sys=0.00, real=0.00 secs] 
2016-09-15T12:31:10.001-0400: 303.726: [GC (GCLocker Initiated GC) [PSYoungGen: 144002K->74000K(175104K)] 317016K->247344K(699392K), 0.0071878 secs] [Times: user=0.10 sys=0.00, real=0.01 secs] 
2016-09-15T12:31:10.155-0400: 303.880: [GC (GCLocker Initiated GC) [PSYoungGen: 162064K->67437K(175104K)] 335438K->253229K(699392K), 0.0090726 secs] [Times: user=0.08 sys=0.01, real=0.01 secs] 
2016-09-15T12:31:10.304-0400: 304.029: [GC (Allocation Failure) [PSYoungGen: 155501K->73772K(175104K)] 341435K->308614K(699392K), 0.0115421 secs] [Times: user=0.15 sys=0.01, real=0.01 secs] 
2016-09-15T12:31:10.462-0400: 304.187: [GC (Allocation Failure) [PSYoungGen: 161836K->79815K(175104K)] 396678K->357457K(699392K), 0.0237606 secs] [Times: user=0.30 sys=0.00, real=0.02 secs] 
2016-09-15T12:31:10.649-0400: 304.374: [GC (GCLocker Initiated GC) [PSYoungGen: 167879K->73772K(175104K)] 445527K->351711K(699392K), 0.0093154 secs] [Times: user=0.09 sys=0.00, real=0.01 secs] 
2016-09-15T12:31:10.812-0400: 304.537: [GC (Allocation Failure) [PSYoungGen: 161836K->73384K(175104K)] 439940K->351732K(699392K), 0.0138782 secs] [Times: user=0.09 sys=0.00, real=0.01 secs] 
2016-09-15T12:31:11.005-0400: 304.730: [GC (GCLocker Initiated GC) [PSYoungGen: 161448K->61298K(175104K)] 439801K->376205K(699392K), 0.0100225 secs] [Times: user=0.11 sys=0.00, real=0.01 secs] 
2016-09-15T12:31:11.174-0400: 304.899: [GC (Allocation Failure) [PSYoungGen: 149362K->85822K(175104K)] 470453K->407188K(699392K), 0.0100594 secs] [Times: user=0.12 sys=0.01, real=0.01 secs] 
2016-09-15T12:31:11.185-0400: 304.910: [GC (GCLocker Initiated GC) [PSYoungGen: 86103K->256K(175104K)] 407469K->407400K(699392K), 0.0099459 secs] [Times: user=0.14 sys=0.00, real=0.01 secs] 
2016-09-15T12:31:11.361-0400: 305.086: [GC (GCLocker Initiated GC) [PSYoungGen: 86283K->55903K(175104K)] 499503K->469154K(699392K), 0.0061442 secs] [Times: user=0.07 sys=0.00, real=0.00 secs] 
2016-09-15T12:31:11.551-0400: 305.276: [GC (GCLocker Initiated GC) [PSYoungGen: 143967K->55515K(175104K)] 563503K->493831K(699392K), 0.0105386 secs] [Times: user=0.12 sys=0.00, real=0.01 secs] 
2016-09-15T12:31:11.762-0400: 305.487: [GC (Allocation Failure) [PSYoungGen: 143579K->55647K(175104K)] 588225K->500568K(699392K), 0.0080637 secs] [Times: user=0.07 sys=0.00, real=0.01 secs] 
2016-09-15T12:31:11.940-0400: 305.665: [GC (Allocation Failure) [PSYoungGen: 139673K->37290K(175104K)] 584594K->482346K(699392K), 0.0069011 secs] [Times: user=0.08 sys=0.01, real=0.00 secs] 
2016-09-15T12:31:12.084-0400: 305.809: [GC (GCLocker Initiated GC) [PSYoungGen: 125354K->73608K(175104K)] 570416K->518993K(699392K), 0.0136751 secs] [Times: user=0.17 sys=0.01, real=0.02 secs] 
2016-09-15T12:31:12.246-0400: 305.971: [GC (Allocation Failure) [PSYoungGen: 161672K->61658K(175104K)] 607099K->525421K(699392K), 0.0119035 secs] [Times: user=0.13 sys=0.01, real=0.02 secs] 
2016-09-15T12:31:12.258-0400: 305.983: [Full GC (Ergonomics) [PSYoungGen: 61658K->0K(175104K)] [ParOldGen: 463763K->42370K(524288K)] 525421K->42370K(699392K), [Metaspace: 44638K->44638K(1087488K)], 0.0575045 secs] [Times: user=0.39 sys=0.01, real=0.05 secs] 
2016-09-15T12:31:12.428-0400: 306.153: [GC (GCLocker Initiated GC) [PSYoungGen: 82939K->86506K(175104K)] 131384K->134951K(699392K), 0.0101538 secs] [Times: user=0.11 sys=0.00, real=0.01 secs] 
2016-09-15T12:31:12.563-0400: 306.288: [GC (GCLocker Initiated GC) [PSYoungGen: 174570K->73900K(175104K)] 229324K->202305K(699392K), 0.0131517 secs] [Times: user=0.20 sys=0.00, real=0.02 secs] 
2016-09-15T12:31:12.717-0400: 306.442: [GC (GCLocker Initiated GC) [PSYoungGen: 161964K->73804K(175104K)] 290478K->232836K(699392K), 0.0115874 secs] [Times: user=0.18 sys=0.00, real=0.01 secs] 
2016-09-15T12:31:12.888-0400: 306.613: [GC (GCLocker Initiated GC) [PSYoungGen: 161868K->55579K(175104K)] 327764K->221726K(699392K), 0.0069804 secs] [Times: user=0.09 sys=0.00, real=0.01 secs] 
2016-09-15T12:31:13.027-0400: 306.752: [GC (GCLocker Initiated GC) [PSYoungGen: 143643K->73576K(175104K)] 310017K->240093K(699392K), 0.0141801 secs] [Times: user=0.18 sys=0.00, real=0.02 secs] 
2016-09-15T12:31:13.219-0400: 306.944: [GC (Allocation Failure) [PSYoungGen: 161640K->55515K(175104K)] 334436K->228422K(699392K), 0.0067517 secs] [Times: user=0.07 sys=0.00, real=0.00 secs] 
2016-09-15T12:31:13.373-0400: 307.098: [GC (GCLocker Initiated GC) [PSYoungGen: 143577K->55219K(175104K)] 316491K->265053K(699392K), 0.0100572 secs] [Times: user=0.15 sys=0.01, real=0.01 secs] 
2016-09-15T12:31:13.565-0400: 307.290: [GC (GCLocker Initiated GC) [PSYoungGen: 143283K->73608K(175104K)] 359368K->289844K(699392K), 0.0099136 secs] [Times: user=0.14 sys=0.00, real=0.01 secs] 
2016-09-15T12:31:13.729-0400: 307.454: [GC (GCLocker Initiated GC) [PSYoungGen: 161672K->55383K(175104K)] 384339K->278209K(699392K), 0.0081772 secs] [Times: user=0.12 sys=0.00, real=0.01 secs] 
2016-09-15T12:31:13.950-0400: 307.675: [GC (GCLocker Initiated GC) [PSYoungGen: 143447K->19164K(175104K)] 384753K->260746K(699392K), 0.0103926 secs] [Times: user=0.12 sys=0.01, real=0.01 secs] 
2016-09-15T12:31:14.120-0400: 307.845: [GC (Allocation Failure) [PSYoungGen: 107228K->55223K(175104K)] 355151K->303241K(699392K), 0.0175592 secs] [Times: user=0.21 sys=0.00, real=0.02 secs] 
2016-09-15T12:31:14.272-0400: 307.997: [GC (GCLocker Initiated GC) [PSYoungGen: 142597K->55351K(175104K)] 396690K->309555K(699392K), 0.0087754 secs] [Times: user=0.08 sys=0.01, real=0.01 secs] 
2016-09-15T12:31:14.435-0400: 308.160: [GC (Allocation Failure) [PSYoungGen: 143415K->55515K(175104K)] 403830K->316066K(699392K), 0.0076457 secs] [Times: user=0.09 sys=0.00, real=0.01 secs] 
2016-09-15T12:31:14.621-0400: 308.346: [GC (GCLocker Initiated GC) [PSYoungGen: 143579K->49052K(175104K)] 404135K->309875K(699392K), 0.0083092 secs] [Times: user=0.06 sys=0.00, real=0.01 secs] 
2016-09-15T12:31:14.810-0400: 308.535: [GC (GCLocker Initiated GC) [PSYoungGen: 137116K->73676K(175104K)] 398250K->335085K(699392K), 0.0317080 secs] [Times: user=0.27 sys=0.00, real=0.03 secs] 
2016-09-15T12:31:14.994-0400: 308.719: [GC (GCLocker Initiated GC) [PSYoungGen: 161740K->37098K(175104K)] 435486K->310947K(699392K), 0.0110467 secs] [Times: user=0.08 sys=0.00, real=0.01 secs] 
2016-09-15T12:31:15.244-0400: 308.969: [GC (GCLocker Initiated GC) [PSYoungGen: 125162K->36930K(175104K)] 405273K->317137K(699392K), 0.0126428 secs] [Times: user=0.14 sys=0.00, real=0.02 secs] 
2016-09-15T12:31:15.425-0400: 309.150: [GC (Allocation Failure) [PSYoungGen: 124994K->67665K(175104K)] 417393K->360199K(699392K), 0.0157212 secs] [Times: user=0.14 sys=0.00, real=0.02 secs] 
2016-09-15T12:31:15.611-0400: 309.336: [GC (GCLocker Initiated GC) [PSYoungGen: 154113K->49212K(175104K)] 452722K->402795K(699392K), 0.0098974 secs] [Times: user=0.09 sys=0.00, real=0.01 secs] 
2016-09-15T12:31:15.816-0400: 309.541: [GC (Allocation Failure) [PSYoungGen: 137276K->61266K(175104K)] 497082K->421151K(699392K), 0.0075119 secs] [Times: user=0.06 sys=0.00, real=0.00 secs] 
2016-09-15T12:31:15.969-0400: 309.694: [GC (GCLocker Initiated GC) [PSYoungGen: 149330K->49176K(175104K)] 509379K->433793K(699392K), 0.0194405 secs] [Times: user=0.18 sys=0.00, real=0.02 secs] 
2016-09-15T12:31:16.114-0400: 309.839: [GC (GCLocker Initiated GC) [PSYoungGen: 137240K->61398K(173056K)] 528142K->452387K(697344K), 0.0204391 secs] [Times: user=0.19 sys=0.00, real=0.02 secs] 
2016-09-15T12:31:16.258-0400: 309.984: [GC (GCLocker Initiated GC) [PSYoungGen: 149462K->49180K(174080K)] 540705K->477125K(698368K), 0.0149541 secs] [Times: user=0.14 sys=0.00, real=0.01 secs] 
2016-09-15T12:31:16.420-0400: 310.145: [GC (Allocation Failure) [PSYoungGen: 137244K->55223K(170496K)] 565191K->483437K(694784K), 0.0115895 secs] [Times: user=0.09 sys=0.01, real=0.01 secs] 
2016-09-15T12:31:16.579-0400: 310.304: [GC (GCLocker Initiated GC) [PSYoungGen: 146871K->73612K(173056K)] 575091K->502100K(697344K), 0.0096390 secs] [Times: user=0.10 sys=0.00, real=0.01 secs] 
2016-09-15T12:31:16.744-0400: 310.469: [GC (Allocation Failure) [PSYoungGen: 165260K->43173K(177152K)] 599839K->478027K(701440K), 0.0124500 secs] [Times: user=0.11 sys=0.00, real=0.02 secs] 
2016-09-15T12:31:16.905-0400: 310.630: [GC (GCLocker Initiated GC) [PSYoungGen: 134821K->55223K(146944K)] 569681K->515150K(671232K), 0.0264960 secs] [Times: user=0.31 sys=0.00, real=0.03 secs] 
2016-09-15T12:31:17.098-0400: 310.823: [GC (GCLocker Initiated GC) [PSYoungGen: 146871K->37162K(173568K)] 619180K->509738K(697856K), 0.0080121 secs] [Times: user=0.07 sys=0.01, real=0.00 secs] 
2016-09-15T12:31:17.265-0400: 310.990: [Full GC (Ergonomics) [PSYoungGen: 128298K->0K(173568K)] [ParOldGen: 478698K->48375K(524288K)] 606996K->48375K(697856K), [Metaspace: 44642K->44642K(1087488K)], 0.0809877 secs] [Times: user=0.50 sys=0.01, real=0.08 secs] 
2016-09-15T12:31:17.536-0400: 311.261: [GC (GCLocker Initiated GC) [PSYoungGen: 91136K->55579K(174080K)] 151870K->116314K(698368K), 0.0165122 secs] [Times: user=0.14 sys=0.00, real=0.01 secs] 
2016-09-15T12:31:17.703-0400: 311.428: [GC (GCLocker Initiated GC) [PSYoungGen: 146715K->73836K(171520K)] 207491K->153416K(695808K), 0.0106827 secs] [Times: user=0.12 sys=0.00, real=0.01 secs] 
2016-09-15T12:31:17.882-0400: 311.607: [GC (GCLocker Initiated GC) [PSYoungGen: 164972K->55351K(176640K)] 244666K->135525K(700928K), 0.0092539 secs] [Times: user=0.11 sys=0.00, real=0.01 secs] 
2016-09-15T12:31:18.043-0400: 311.768: [GC (GCLocker Initiated GC) [PSYoungGen: 146487K->55127K(169472K)] 226798K->135697K(693760K), 0.0230579 secs] [Times: user=0.26 sys=0.00, real=0.02 secs] 
2016-09-15T12:31:18.266-0400: 311.991: [GC (GCLocker Initiated GC) [PSYoungGen: 149335K->37357K(174080K)] 242411K->155001K(698368K), 0.0097523 secs] [Times: user=0.09 sys=0.00, real=0.02 secs] 
2016-09-15T12:31:18.485-0400: 312.210: [GC (GCLocker Initiated GC) [PSYoungGen: 131565K->79519K(168960K)] 255326K->215736K(693248K), 0.0177585 secs] [Times: user=0.20 sys=0.00, real=0.02 secs] 
2016-09-15T12:31:18.649-0400: 312.374: [GC (Allocation Failure) [PSYoungGen: 167583K->43173K(175104K)] 310192K->228418K(699392K), 0.0151620 secs] [Times: user=0.18 sys=0.00, real=0.01 secs] 
2016-09-15T12:31:18.805-0400: 312.531: [GC (GCLocker Initiated GC) [PSYoungGen: 126113K->43137K(172544K)] 317433K->234888K(696832K), 0.0150356 secs] [Times: user=0.13 sys=0.00, real=0.02 secs] 
2016-09-15T12:31:18.968-0400: 312.694: [GC (GCLocker Initiated GC) [PSYoungGen: 131713K->67765K(174080K)] 323601K->259780K(698368K), 0.0083855 secs] [Times: user=0.07 sys=0.00, real=0.01 secs] 
2016-09-15T12:31:19.166-0400: 312.891: [GC (Allocation Failure) [PSYoungGen: 156341K->55547K(173056K)] 354781K->284685K(697344K), 0.0091871 secs] [Times: user=0.12 sys=0.00, real=0.01 secs] 
2016-09-15T12:31:19.332-0400: 313.057: [GC (GCLocker Initiated GC) [PSYoungGen: 145147K->73904K(174080K)] 374291K->303347K(698368K), 0.0107475 secs] [Times: user=0.13 sys=0.00, real=0.01 secs] 
2016-09-15T12:31:19.504-0400: 313.229: [GC (GCLocker Initiated GC) [PSYoungGen: 163504K->36898K(175104K)] 399070K->272763K(699392K), 0.0069780 secs] [Times: user=0.07 sys=0.00, real=0.01 secs] 
2016-09-15T12:31:19.674-0400: 313.399: [GC (Allocation Failure) [PSYoungGen: 124962K->49148K(137216K)] 361722K->328544K(661504K), 0.0149870 secs] [Times: user=0.12 sys=0.00, real=0.02 secs] 
2016-09-15T12:31:19.849-0400: 313.574: [GC (GCLocker Initiated GC) [PSYoungGen: 137212K->55059K(177664K)] 416614K->334736K(701952K), 0.0148209 secs] [Times: user=0.15 sys=0.00, real=0.01 secs] 
2016-09-15T12:31:20.020-0400: 313.745: [GC (GCLocker Initiated GC) [PSYoungGen: 146195K->55679K(146944K)] 432297K->341900K(671232K), 0.0126517 secs] [Times: user=0.15 sys=0.00, real=0.01 secs] 
2016-09-15T12:31:20.184-0400: 313.909: [GC (GCLocker Initiated GC) [PSYoungGen: 146815K->61266K(173056K)] 433665K->348556K(697344K), 0.0237871 secs] [Times: user=0.29 sys=0.00, real=0.03 secs] 
2016-09-15T12:31:20.400-0400: 314.126: [GC (Allocation Failure) [PSYoungGen: 153426K->37126K(173056K)] 447039K->330859K(697344K), 0.0107240 secs] [Times: user=0.13 sys=0.00, real=0.01 secs] 
2016-09-15T12:31:20.602-0400: 314.327: [GC (GCLocker Initiated GC) [PSYoungGen: 128403K->37126K(180736K)] 428211K->337249K(705024K), 0.0098537 secs] [Times: user=0.14 sys=0.00, real=0.01 secs] 
2016-09-15T12:31:20.785-0400: 314.510: [GC (GCLocker Initiated GC) [PSYoungGen: 136454K->67469K(166912K)] 436674K->368012K(691200K), 0.0171511 secs] [Times: user=0.19 sys=0.00, real=0.02 secs] 
2016-09-15T12:31:20.975-0400: 314.700: [GC (Allocation Failure) [PSYoungGen: 166797K->67437K(173568K)] 473664K->374392K(697856K), 0.0117478 secs] [Times: user=0.11 sys=0.00, real=0.01 secs] 
2016-09-15T12:31:21.167-0400: 314.892: [GC (GCLocker Initiated GC) [PSYoungGen: 154221K->43105K(175616K)] 467251K->386800K(699904K), 0.0072896 secs] [Times: user=0.06 sys=0.00, real=0.01 secs] 
2016-09-15T12:31:21.356-0400: 315.081: [GC (GCLocker Initiated GC) [PSYoungGen: 132193K->67241K(173568K)] 475931K->411238K(697856K), 0.0172629 secs] [Times: user=0.17 sys=0.00, real=0.01 secs] 
2016-09-15T12:31:21.558-0400: 315.283: [GC (GCLocker Initiated GC) [PSYoungGen: 155305K->55323K(143872K)] 505592K->448231K(668160K), 0.0209522 secs] [Times: user=0.19 sys=0.00, real=0.02 secs] 
2016-09-15T12:31:21.771-0400: 315.496: [GC (GCLocker Initiated GC) [PSYoungGen: 143387K->61266K(174080K)] 536465K->454595K(698368K), 0.0171901 secs] [Times: user=0.15 sys=0.01, real=0.02 secs] 
2016-09-15T12:31:21.978-0400: 315.703: [GC (GCLocker Initiated GC) [PSYoungGen: 151378K->55027K(173568K)] 544783K->448683K(697856K), 0.0163714 secs] [Times: user=0.15 sys=0.00, real=0.01 secs] 
2016-09-15T12:31:22.147-0400: 315.872: [GC (Allocation Failure) [PSYoungGen: 145139K->43269K(176128K)] 539073K->461622K(700416K), 0.0094739 secs] [Times: user=0.09 sys=0.00, real=0.02 secs] 
2016-09-15T12:31:22.311-0400: 316.037: [GC (GCLocker Initiated GC) [PSYoungGen: 132981K->42977K(175616K)] 557409K->467633K(699904K), 0.0135172 secs] [Times: user=0.13 sys=0.00, real=0.01 secs] 
2016-09-15T12:31:22.485-0400: 316.211: [GC (Allocation Failure) [PSYoungGen: 138209K->73804K(172032K)] 563063K->498957K(696320K), 0.0274183 secs] [Times: user=0.33 sys=0.00, real=0.03 secs] 
2016-09-15T12:31:22.730-0400: 316.455: [GC (GCLocker Initiated GC) [PSYoungGen: 165448K->36998K(177152K)] 596677K->468518K(701440K), 0.0131078 secs] [Times: user=0.15 sys=0.00, real=0.01 secs] 
2016-09-15T12:31:22.907-0400: 316.632: [GC (GCLocker Initiated GC) [PSYoungGen: 129158K->55419K(172032K)] 560683K->487203K(696320K), 0.0194422 secs] [Times: user=0.20 sys=0.00, real=0.02 secs] 
2016-09-15T12:31:23.097-0400: 316.822: [GC (GCLocker Initiated GC) [PSYoungGen: 147579K->37066K(174592K)] 579380K->468939K(698880K), 0.0163592 secs] [Times: user=0.15 sys=0.00, real=0.01 secs] 
2016-09-15T12:31:23.272-0400: 316.997: [GC (GCLocker Initiated GC) [PSYoungGen: 129226K->67633K(173568K)] 567512K->506374K(697856K), 0.0133581 secs] [Times: user=0.12 sys=0.00, real=0.01 secs] 
2016-09-15T12:31:23.447-0400: 317.172: [GC (GCLocker Initiated GC) [PSYoungGen: 158769K->55515K(176640K)] 603941K->519179K(700928K), 0.0113440 secs] [Times: user=0.13 sys=0.00, real=0.02 secs] 
2016-09-15T12:31:23.643-0400: 317.368: [GC (GCLocker Initiated GC) [PSYoungGen: 146651K->55223K(171008K)] 616594K->525473K(695296K), 0.0147147 secs] [Times: user=0.15 sys=0.00, real=0.02 secs] 
2016-09-15T12:31:23.851-0400: 317.576: [GC (Allocation Failure) [PSYoungGen: 148919K->55159K(174080K)] 619211K->525718K(698368K), 0.0129789 secs] [Times: user=0.12 sys=0.01, real=0.01 secs] 
2016-09-15T12:31:24.048-0400: 317.773: [GC (GCLocker Initiated GC) --[PSYoungGen: 147949K->147949K(174080K)] 624584K->667369K(698368K), 0.0195008 secs] [Times: user=0.20 sys=0.00, real=0.01 secs] 
2016-09-15T12:31:24.067-0400: 317.792: [Full GC (Ergonomics) [PSYoungGen: 147949K->0K(174080K)] [ParOldGen: 519419K->42455K(524288K)] 667369K->42455K(698368K), [Metaspace: 44642K->44642K(1087488K)], 0.0614680 secs] [Times: user=0.35 sys=0.01, real=0.07 secs] 
2016-09-15T12:31:24.295-0400: 318.020: [GC (GCLocker Initiated GC) [PSYoungGen: 93696K->61558K(181760K)] 142559K->110421K(706048K), 0.0100452 secs] [Times: user=0.08 sys=0.00, real=0.01 secs] 
2016-09-15T12:31:24.479-0400: 318.204: [GC (GCLocker Initiated GC) [PSYoungGen: 164982K->73640K(177152K)] 214150K->159753K(701440K), 0.0105361 secs] [Times: user=0.11 sys=0.01, real=0.01 secs] 
2016-09-15T12:31:24.709-0400: 318.434: [GC (Allocation Failure) [PSYoungGen: 177064K->43009K(179200K)] 269546K->135726K(703488K), 0.0280740 secs] [Times: user=0.30 sys=0.00, real=0.03 secs] 
2016-09-15T12:31:24.948-0400: 318.673: [GC (Allocation Failure) [PSYoungGen: 138748K->18936K(114688K)] 231465K->111921K(638976K), 0.0099861 secs] [Times: user=0.11 sys=0.00, real=0.01 secs] 
2016-09-15T12:31:25.100-0400: 318.825: [GC (GCLocker Initiated GC) [PSYoungGen: 114680K->55355K(177664K)] 207671K->148604K(701952K), 0.0142346 secs] [Times: user=0.14 sys=0.00, real=0.01 secs] 
2016-09-15T12:31:25.265-0400: 318.990: [GC (GCLocker Initiated GC) [PSYoungGen: 146491K->55579K(146944K)] 245868K->173348K(671232K), 0.0091916 secs] [Times: user=0.10 sys=0.00, real=0.01 secs] 
2016-09-15T12:31:25.469-0400: 319.194: [GC (Allocation Failure) [PSYoungGen: 146715K->61490K(173056K)] 270696K->185755K(697344K), 0.0176731 secs] [Times: user=0.22 sys=0.00, real=0.01 secs] 
2016-09-15T12:31:25.633-0400: 319.358: [GC (GCLocker Initiated GC) [PSYoungGen: 152114K->67957K(173568K)] 276385K->234912K(697856K), 0.0120589 secs] [Times: user=0.18 sys=0.01, real=0.01 secs] 
2016-09-15T12:31:25.840-0400: 319.565: [GC (Allocation Failure) [PSYoungGen: 158581K->79847K(173568K)] 325578K->277535K(697856K), 0.0161976 secs] [Times: user=0.21 sys=0.00, real=0.02 secs] 
2016-09-15T12:31:26.030-0400: 319.755: [GC (GCLocker Initiated GC) [PSYoungGen: 164148K->55451K(175104K)] 367911K->314164K(699392K), 0.0146391 secs] [Times: user=0.21 sys=0.00, real=0.01 secs] 
2016-09-15T12:31:26.189-0400: 319.914: [GC (GCLocker Initiated GC) [PSYoungGen: 143515K->86282K(175104K)] 402276K->369666K(699392K), 0.0125363 secs] [Times: user=0.19 sys=0.00, real=0.01 secs] 
2016-09-15T12:31:26.368-0400: 320.093: [GC (Allocation Failure) [PSYoungGen: 174346K->55547K(175104K)] 457878K->406391K(699392K), 0.0102939 secs] [Times: user=0.13 sys=0.00, real=0.01 secs] 
2016-09-15T12:31:26.536-0400: 320.261: [GC (GCLocker Initiated GC) [PSYoungGen: 143611K->73480K(175104K)] 494461K->424589K(699392K), 0.0098543 secs] [Times: user=0.08 sys=0.01, real=0.00 secs] 
2016-09-15T12:31:26.731-0400: 320.456: [GC (GCLocker Initiated GC) [PSYoungGen: 161544K->43205K(175104K)] 524962K->406695K(699392K), 0.0179950 secs] [Times: user=0.16 sys=0.00, real=0.02 secs] 
2016-09-15T12:31:26.878-0400: 320.603: [GC (GCLocker Initiated GC) [PSYoungGen: 131269K->73676K(175104K)] 494873K->437376K(699392K), 0.0156224 secs] [Times: user=0.17 sys=0.00, real=0.01 secs] 
2016-09-15T12:31:27.051-0400: 320.777: [GC (GCLocker Initiated GC) [PSYoungGen: 161740K->67633K(175104K)] 525701K->431885K(699392K), 0.0150211 secs] [Times: user=0.13 sys=0.00, real=0.01 secs] 
2016-09-15T12:31:27.243-0400: 320.968: [GC (GCLocker Initiated GC) [PSYoungGen: 155697K->36834K(175104K)] 519952K->401364K(699392K), 0.0054685 secs] [Times: user=0.05 sys=0.00, real=0.01 secs] 
2016-09-15T12:31:27.412-0400: 321.137: [GC (GCLocker Initiated GC) [PSYoungGen: 124898K->37389K(175104K)] 489590K->402225K(699392K), 0.0211125 secs] [Times: user=0.27 sys=0.01, real=0.02 secs] 
2016-09-15T12:31:27.620-0400: 321.345: [GC (GCLocker Initiated GC) [PSYoungGen: 125453K->36934K(175104K)] 496635K->426788K(699392K), 0.0066628 secs] [Times: user=0.06 sys=0.00, real=0.00 secs] 
2016-09-15T12:31:27.782-0400: 321.507: [GC (GCLocker Initiated GC) [PSYoungGen: 124998K->55383K(175104K)] 514887K->445579K(699392K), 0.0193702 secs] [Times: user=0.21 sys=0.00, real=0.02 secs] 
2016-09-15T12:31:27.975-0400: 321.700: [GC (Allocation Failure) [PSYoungGen: 143447K->55187K(175104K)] 539911K->451951K(699392K), 0.0067217 secs] [Times: user=0.07 sys=0.00, real=0.01 secs] 
2016-09-15T12:31:28.156-0400: 321.881: [GC (Allocation Failure) [PSYoungGen: 138001K->18968K(175104K)] 534765K->452286K(699392K), 0.0102940 secs] [Times: user=0.10 sys=0.00, real=0.00 secs] 
2016-09-15T12:31:28.303-0400: 322.028: [GC (GCLocker Initiated GC) [PSYoungGen: 102233K->55711K(175104K)] 541625K->495550K(699392K), 0.0112482 secs] [Times: user=0.14 sys=0.00, real=0.01 secs] 
2016-09-15T12:31:28.483-0400: 322.209: [GC (Allocation Failure) [PSYoungGen: 143775K->43173K(131584K)] 583645K->483155K(655872K), 0.0075345 secs] [Times: user=0.07 sys=0.00, real=0.01 secs] 
2016-09-15T12:31:28.651-0400: 322.376: [GC (GCLocker Initiated GC) [PSYoungGen: 129267K->31022K(174592K)] 575324K->513969K(698880K), 0.0223200 secs] [Times: user=0.21 sys=0.00, real=0.02 secs] 
2016-09-15T12:31:28.673-0400: 322.398: [Full GC (Ergonomics) [PSYoungGen: 31022K->0K(174592K)] [ParOldGen: 482946K->48345K(524288K)] 513969K->48345K(698880K), [Metaspace: 44645K->44645K(1087488K)], 0.0554505 secs] [Times: user=0.31 sys=0.01, real=0.06 secs] 
2016-09-15T12:31:28.947-0400: 322.672: [GC (GCLocker Initiated GC) [PSYoungGen: 88064K->67729K(174592K)] 142506K->122171K(698880K), 0.0235566 secs] [Times: user=0.21 sys=0.00, real=0.03 secs] 
2016-09-15T12:31:29.115-0400: 322.840: [GC (Allocation Failure) [PSYoungGen: 155793K->73512K(175104K)] 210433K->165329K(699392K), 0.0094912 secs] [Times: user=0.08 sys=0.01, real=0.01 secs] 
2016-09-15T12:31:29.270-0400: 322.996: [GC (GCLocker Initiated GC) [PSYoungGen: 161576K->55383K(175104K)] 253393K->147280K(699392K), 0.0136065 secs] [Times: user=0.18 sys=0.00, real=0.01 secs] 
2016-09-15T12:31:29.427-0400: 323.153: [GC (GCLocker Initiated GC) [PSYoungGen: 143447K->67437K(175104K)] 235604K->159893K(699392K), 0.0113049 secs] [Times: user=0.14 sys=0.00, real=0.02 secs] 
2016-09-15T12:31:29.616-0400: 323.341: [GC (GCLocker Initiated GC) [PSYoungGen: 155501K->73576K(175104K)] 248016K->196610K(699392K), 0.0164353 secs] [Times: user=0.18 sys=0.01, real=0.01 secs] 
2016-09-15T12:31:29.809-0400: 323.534: [GC (Allocation Failure) [PSYoungGen: 161640K->67469K(175104K)] 291037K->245765K(699392K), 0.0103350 secs] [Times: user=0.12 sys=0.00, real=0.01 secs] 
2016-09-15T12:31:29.987-0400: 323.712: [GC (GCLocker Initiated GC) [PSYoungGen: 155533K->73708K(175104K)] 333835K->252090K(699392K), 0.0090401 secs] [Times: user=0.08 sys=0.01, real=0.02 secs] 
2016-09-15T12:31:30.129-0400: 323.855: [GC (GCLocker Initiated GC) [PSYoungGen: 161772K->79783K(175104K)] 346282K->264553K(699392K), 0.0157542 secs] [Times: user=0.14 sys=0.00, real=0.01 secs] 
2016-09-15T12:31:30.306-0400: 324.032: [GC (Allocation Failure) [PSYoungGen: 167847K->55059K(175104K)] 352742K->252387K(699392K), 0.0145765 secs] [Times: user=0.11 sys=0.00, real=0.02 secs] 
2016-09-15T12:31:30.465-0400: 324.190: [GC (GCLocker Initiated GC) [PSYoungGen: 143123K->55155K(175104K)] 340452K->289069K(699392K), 0.0090139 secs] [Times: user=0.10 sys=0.00, real=0.01 secs] 
2016-09-15T12:31:30.666-0400: 324.391: [GC (GCLocker Initiated GC) [PSYoungGen: 143219K->55191K(175104K)] 377270K->289345K(699392K), 0.0216560 secs] [Times: user=0.20 sys=0.00, real=0.03 secs] 
2016-09-15T12:31:30.873-0400: 324.598: [GC (Allocation Failure) [PSYoungGen: 143255K->36802K(175104K)] 377418K->271248K(699392K), 0.0087342 secs] [Times: user=0.08 sys=0.01, real=0.01 secs] 
2016-09-15T12:31:31.086-0400: 324.811: [GC (GCLocker Initiated GC) [PSYoungGen: 124866K->73640K(175104K)] 359312K->332513K(699392K), 0.0122671 secs] [Times: user=0.17 sys=0.00, real=0.02 secs] 
2016-09-15T12:31:31.253-0400: 324.978: [GC (GCLocker Initiated GC) [PSYoungGen: 161704K->55483K(175104K)] 426850K->320748K(699392K), 0.0082689 secs] [Times: user=0.09 sys=0.00, real=0.01 secs] 
2016-09-15T12:31:31.430-0400: 325.155: [GC (GCLocker Initiated GC) [PSYoungGen: 143547K->85758K(175104K)] 408854K->363670K(699392K), 0.0088736 secs] [Times: user=0.10 sys=0.00, real=0.01 secs] 
2016-09-15T12:31:31.557-0400: 325.282: [GC (GCLocker Initiated GC) [PSYoungGen: 173822K->85794K(175104K)] 451900K->382396K(699392K), 0.0155873 secs] [Times: user=0.14 sys=0.00, real=0.01 secs] 
2016-09-15T12:31:31.699-0400: 325.424: [GC (GCLocker Initiated GC) [PSYoungGen: 173858K->67533K(175104K)] 476628K->431188K(699392K), 0.0184878 secs] [Times: user=0.22 sys=0.01, real=0.02 secs] 
2016-09-15T12:31:31.872-0400: 325.598: [GC (GCLocker Initiated GC) [PSYoungGen: 155597K->36966K(175104K)] 531551K->449466K(699392K), 0.0111048 secs] [Times: user=0.11 sys=0.00, real=0.01 secs] 
2016-09-15T12:31:32.054-0400: 325.779: [GC (GCLocker Initiated GC) [PSYoungGen: 125030K->55287K(175104K)] 543635K->473971K(699392K), 0.0088486 secs] [Times: user=0.09 sys=0.00, real=0.01 secs] 
2016-09-15T12:31:32.242-0400: 325.967: [GC (GCLocker Initiated GC) [PSYoungGen: 143351K->67569K(175104K)] 568180K->492666K(699392K), 0.0105121 secs] [Times: user=0.09 sys=0.00, real=0.01 secs] 
2016-09-15T12:31:32.412-0400: 326.137: [GC (GCLocker Initiated GC) [PSYoungGen: 155633K->55127K(175104K)] 580990K->492885K(699392K), 0.0098832 secs] [Times: user=0.05 sys=0.00, real=0.01 secs] 
2016-09-15T12:31:32.608-0400: 326.333: [GC (GCLocker Initiated GC) [PSYoungGen: 143191K->73676K(175104K)] 587094K->536056K(699392K), 0.0176789 secs] [Times: user=0.23 sys=0.00, real=0.01 secs] 
2016-09-15T12:31:32.750-0400: 326.475: [GC (GCLocker Initiated GC) [PSYoungGen: 161740K->55906K(175104K)] 624245K->573223K(699392K), 0.0099437 secs] [Times: user=0.15 sys=0.00, real=0.01 secs] 
2016-09-15T12:31:32.760-0400: 326.485: [Full GC (Ergonomics) [PSYoungGen: 55906K->0K(175104K)] [ParOldGen: 517316K->42294K(524288K)] 573223K->42294K(699392K), [Metaspace: 44658K->44658K(1087488K)], 0.0530585 secs] [Times: user=0.32 sys=0.00, real=0.05 secs] 
2016-09-15T12:31:32.969-0400: 326.694: [GC (GCLocker Initiated GC) [PSYoungGen: 88064K->80267K(175104K)] 130702K->122906K(699392K), 0.0081956 secs] [Times: user=0.08 sys=0.00, real=0.01 secs] 
2016-09-15T12:31:33.138-0400: 326.863: [GC (Allocation Failure) [PSYoungGen: 168329K->36866K(175104K)] 211312K->116970K(699392K), 0.0151309 secs] [Times: user=0.15 sys=0.01, real=0.01 secs] 
2016-09-15T12:31:33.314-0400: 327.039: [GC (GCLocker Initiated GC) [PSYoungGen: 124930K->73640K(175104K)] 205040K->153862K(699392K), 0.0096045 secs] [Times: user=0.13 sys=0.00, real=0.01 secs] 
2016-09-15T12:31:33.499-0400: 327.224: [GC (GCLocker Initiated GC) [PSYoungGen: 161704K->73772K(175104K)] 242287K->154654K(699392K), 0.0081438 secs] [Times: user=0.08 sys=0.00, real=0.00 secs] 
2016-09-15T12:31:33.950-0400: 327.675: [GC (Allocation Failure) [PSYoungGen: 161836K->480K(175104K)] 248896K->106056K(699392K), 0.0079358 secs] [Times: user=0.08 sys=0.00, real=0.01 secs] 
2016-09-15T12:31:34.511-0400: 328.236: [GC (GCLocker Initiated GC) [PSYoungGen: 88544K->18833K(175104K)] 194120K->124663K(699392K), 0.0108601 secs] [Times: user=0.08 sys=0.00, real=0.01 secs] 
