Java HotSpot(TM) 64-Bit Server VM (25.101-b13) for linux-amd64 JRE (1.8.0_101-b13), built on Jun 22 2016 02:59:44 by "java_re" with gcc 4.3.0 20080428 (Red Hat 4.3.0-8)
Memory: 4k page, physical 264122320k(86212316k free), swap 268399612k(268399612k free)
CommandLine flags: -XX:GCLogFileSize=1048576 -XX:+HeapDumpOnOutOfMemoryError -XX:HeapDumpPath=artifacts/heapdump -XX:InitialHeapSize=805306368 -XX:MaxHeapSize=805306368 -XX:NumberOfGCLogFiles=10 -XX:+PrintGC -XX:+PrintGCDateStamps -XX:+PrintGCDetails -XX:+PrintGCTimeStamps -XX:+UseCompressedClassPointers -XX:+UseCompressedOops -XX:+UseGCLogFileRotation -XX:+UseParallelGC 
2016-09-25T23:32:25.894-0400: 2.128: [GC (Metadata GC Threshold) [PSYoungGen: 125830K->15702K(229376K)] 125830K->15790K(753664K), 0.0243698 secs] [Times: user=0.09 sys=0.09, real=0.03 secs] 
2016-09-25T23:32:25.918-0400: 2.153: [Full GC (Metadata GC Threshold) [PSYoungGen: 15702K->0K(229376K)] [ParOldGen: 88K->14600K(336384K)] 15790K->14600K(565760K), [Metaspace: 21073K->21073K(1067008K)], 0.0407285 secs] [Times: user=0.30 sys=0.05, real=0.04 secs] 
2016-09-25T23:32:27.778-0400: 4.013: [GC (Metadata GC Threshold) [PSYoungGen: 124956K->15592K(229376K)] 139557K->30329K(565760K), 0.0277094 secs] [Times: user=0.32 sys=0.00, real=0.03 secs] 
2016-09-25T23:32:27.806-0400: 4.040: [Full GC (Metadata GC Threshold) [PSYoungGen: 15592K->0K(229376K)] [ParOldGen: 14736K->20917K(524288K)] 30329K->20917K(753664K), [Metaspace: 35073K->35073K(1079296K)], 0.0607350 secs] [Times: user=0.51 sys=0.01, real=0.06 secs] 
2016-09-25T23:32:29.566-0400: 5.800: [GC (GCLocker Initiated GC) [PSYoungGen: 194383K->32762K(229376K)] 223401K->64087K(753664K), 0.0103046 secs] [Times: user=0.13 sys=0.01, real=0.01 secs] 
2016-09-25T23:32:29.821-0400: 6.055: [GC (GCLocker Initiated GC) [PSYoungGen: 229370K->32740K(229376K)] 268835K->128340K(753664K), 0.0135092 secs] [Times: user=0.11 sys=0.04, real=0.02 secs] 
2016-09-25T23:32:29.939-0400: 6.173: [GC (GCLocker Initiated GC) [PSYoungGen: 229348K->32150K(228864K)] 330423K->196684K(753152K), 0.0118891 secs] [Times: user=0.13 sys=0.05, real=0.01 secs] 
2016-09-25T23:32:30.035-0400: 6.269: [GC (GCLocker Initiated GC) [PSYoungGen: 228758K->33267K(121344K)] 396039K->252283K(645632K), 0.0229951 secs] [Times: user=0.35 sys=0.03, real=0.02 secs] 
2016-09-25T23:32:30.099-0400: 6.334: [GC (GCLocker Initiated GC) [PSYoungGen: 121331K->86400K(175104K)] 343211K->320439K(699392K), 0.0103329 secs] [Times: user=0.14 sys=0.02, real=0.01 secs] 
2016-09-25T23:32:30.143-0400: 6.378: [GC (GCLocker Initiated GC) [PSYoungGen: 174464K->86640K(175104K)] 414040K->355949K(699392K), 0.0120661 secs] [Times: user=0.14 sys=0.04, real=0.01 secs] 
2016-09-25T23:32:30.191-0400: 6.425: [GC (GCLocker Initiated GC) [PSYoungGen: 174704K->82049K(175104K)] 444143K->392686K(699392K), 0.0111151 secs] [Times: user=0.14 sys=0.02, real=0.02 secs] 
2016-09-25T23:32:30.237-0400: 6.472: [GC (GCLocker Initiated GC) [PSYoungGen: 170113K->75246K(175104K)] 483509K->426771K(699392K), 0.0095615 secs] [Times: user=0.14 sys=0.02, real=0.01 secs] 
2016-09-25T23:32:30.285-0400: 6.519: [GC (GCLocker Initiated GC) [PSYoungGen: 163310K->61585K(175104K)] 514969K->465036K(699392K), 0.0091776 secs] [Times: user=0.10 sys=0.06, real=0.01 secs] 
2016-09-25T23:32:30.333-0400: 6.567: [GC (GCLocker Initiated GC) [PSYoungGen: 149649K->64300K(175104K)] 556308K->495546K(699392K), 0.0078450 secs] [Times: user=0.12 sys=0.01, real=0.01 secs] 
2016-09-25T23:32:30.367-0400: 6.601: [GC (GCLocker Initiated GC) [PSYoungGen: 152364K->71067K(175104K)] 592646K->559060K(699392K), 0.0100652 secs] [Times: user=0.14 sys=0.01, real=0.01 secs] 
2016-09-25T23:32:30.377-0400: 6.611: [Full GC (Ergonomics) [PSYoungGen: 71067K->0K(175104K)] [ParOldGen: 487992K->80299K(524288K)] 559060K->80299K(699392K), [Metaspace: 42880K->42869K(1085440K)], 0.1851761 secs] [Times: user=2.67 sys=0.06, real=0.18 secs] 
2016-09-25T23:32:30.597-0400: 6.831: [GC (GCLocker Initiated GC) [PSYoungGen: 88064K->76322K(175104K)] 168452K->156718K(699392K), 0.0100424 secs] [Times: user=0.17 sys=0.00, real=0.01 secs] 
2016-09-25T23:32:30.643-0400: 6.877: [GC (GCLocker Initiated GC) [PSYoungGen: 164386K->64539K(175104K)] 266553K->185893K(699392K), 0.0075810 secs] [Times: user=0.11 sys=0.00, real=0.00 secs] 
2016-09-25T23:32:30.692-0400: 6.926: [GC (GCLocker Initiated GC) [PSYoungGen: 152603K->33025K(175104K)] 276788K->169805K(699392K), 0.0050376 secs] [Times: user=0.05 sys=0.01, real=0.01 secs] 
2016-09-25T23:32:30.720-0400: 6.955: [GC (GCLocker Initiated GC) [PSYoungGen: 121089K->86011K(175104K)] 260708K->273222K(699392K), 0.0102856 secs] [Times: user=0.16 sys=0.00, real=0.01 secs] 
2016-09-25T23:32:30.772-0400: 7.007: [GC (GCLocker Initiated GC) [PSYoungGen: 174075K->56264K(175104K)] 374891K->289914K(699392K), 0.0071420 secs] [Times: user=0.10 sys=0.00, real=0.01 secs] 
2016-09-25T23:32:30.814-0400: 7.048: [GC (GCLocker Initiated GC) [PSYoungGen: 144328K->62854K(175104K)] 378149K->320056K(699392K), 0.0077482 secs] [Times: user=0.10 sys=0.02, real=0.01 secs] 
2016-09-25T23:32:30.848-0400: 7.082: [GC (GCLocker Initiated GC) [PSYoungGen: 150918K->71195K(175104K)] 412295K->382771K(699392K), 0.0098259 secs] [Times: user=0.14 sys=0.02, real=0.01 secs] 
2016-09-25T23:32:30.890-0400: 7.124: [GC (GCLocker Initiated GC) [PSYoungGen: 159259K->65664K(175104K)] 473667K->400752K(699392K), 0.0080821 secs] [Times: user=0.14 sys=0.00, real=0.01 secs] 
2016-09-25T23:32:30.933-0400: 7.167: [GC (GCLocker Initiated GC) [PSYoungGen: 153728K->44064K(175104K)] 488873K->424156K(699392K), 0.0077545 secs] [Times: user=0.12 sys=0.00, real=0.01 secs] 
2016-09-25T23:32:30.969-0400: 7.203: [GC (GCLocker Initiated GC) [PSYoungGen: 132128K->80596K(175104K)] 520448K->497633K(699392K), 0.0087935 secs] [Times: user=0.14 sys=0.01, real=0.01 secs] 
2016-09-25T23:32:31.015-0400: 7.250: [GC (GCLocker Initiated GC) [PSYoungGen: 168660K->56185K(175104K)] 593983K->515700K(699392K), 0.0074795 secs] [Times: user=0.09 sys=0.02, real=0.01 secs] 
2016-09-25T23:32:31.023-0400: 7.257: [Full GC (Ergonomics) [PSYoungGen: 56185K->0K(175104K)] [ParOldGen: 459514K->76553K(524288K)] 515700K->76553K(699392K), [Metaspace: 43006K->43006K(1085440K)], 0.0519145 secs] [Times: user=0.57 sys=0.00, real=0.05 secs] 
2016-09-25T23:32:31.105-0400: 7.339: [GC (GCLocker Initiated GC) [PSYoungGen: 88064K->56168K(175104K)] 164780K->132893K(699392K), 0.0071381 secs] [Times: user=0.06 sys=0.00, real=0.00 secs] 
2016-09-25T23:32:31.144-0400: 7.379: [GC (GCLocker Initiated GC) [PSYoungGen: 144232K->58899K(175104K)] 229235K->165935K(699392K), 0.0082877 secs] [Times: user=0.09 sys=0.00, real=0.00 secs] 
2016-09-25T23:32:31.187-0400: 7.422: [GC (GCLocker Initiated GC) [PSYoungGen: 146963K->56022K(175104K)] 256748K->189163K(699392K), 0.0098260 secs] [Times: user=0.09 sys=0.00, real=0.01 secs] 
2016-09-25T23:32:31.229-0400: 7.463: [GC (GCLocker Initiated GC) [PSYoungGen: 144086K->53310K(175104K)] 277376K->207119K(699392K), 0.0170634 secs] [Times: user=0.18 sys=0.00, real=0.02 secs] 
2016-09-25T23:32:31.287-0400: 7.521: [GC (GCLocker Initiated GC) [PSYoungGen: 141374K->50593K(175104K)] 304866K->234715K(699392K), 0.0160284 secs] [Times: user=0.17 sys=0.00, real=0.02 secs] 
2016-09-25T23:32:31.334-0400: 7.568: [GC (GCLocker Initiated GC) [PSYoungGen: 138657K->51989K(175104K)] 329666K->255478K(699392K), 0.0210487 secs] [Times: user=0.19 sys=0.01, real=0.03 secs] 
2016-09-25T23:32:31.392-0400: 7.626: [GC (GCLocker Initiated GC) [PSYoungGen: 140053K->33138K(175104K)] 349075K->292515K(699392K), 0.0183780 secs] [Times: user=0.18 sys=0.00, real=0.02 secs] 
2016-09-25T23:32:31.430-0400: 7.664: [GC (GCLocker Initiated GC) [PSYoungGen: 121202K->62792K(175104K)] 383408K->350957K(699392K), 0.0152901 secs] [Times: user=0.16 sys=0.00, real=0.02 secs] 
2016-09-25T23:32:31.486-0400: 7.720: [GC (GCLocker Initiated GC) [PSYoungGen: 150856K->37093K(175104K)] 445851K->366249K(699392K), 0.0100507 secs] [Times: user=0.12 sys=0.00, real=0.01 secs] 
2016-09-25T23:32:31.529-0400: 7.763: [GC (GCLocker Initiated GC) [PSYoungGen: 125157K->52100K(173056K)] 458428K->414077K(697344K), 0.0091621 secs] [Times: user=0.10 sys=0.00, real=0.01 secs] 
2016-09-25T23:32:31.568-0400: 7.802: [GC (GCLocker Initiated GC) [PSYoungGen: 140164K->69717K(174080K)] 507742K->443046K(698368K), 0.0066181 secs] [Times: user=0.09 sys=0.00, real=0.01 secs] 
2016-09-25T23:32:31.609-0400: 7.843: [GC (GCLocker Initiated GC) [PSYoungGen: 157781K->54672K(174080K)] 533907K->450039K(698368K), 0.0072873 secs] [Times: user=0.07 sys=0.00, real=0.01 secs] 
2016-09-25T23:32:31.644-0400: 7.879: [GC (GCLocker Initiated GC) [PSYoungGen: 143760K->79086K(174592K)] 539241K->501945K(698880K), 0.0085330 secs] [Times: user=0.11 sys=0.00, real=0.00 secs] 
2016-09-25T23:32:31.685-0400: 7.919: [GC (GCLocker Initiated GC) [PSYoungGen: 168174K->72417K(175104K)] 593860K->518698K(699392K), 0.0067841 secs] [Times: user=0.10 sys=0.00, real=0.00 secs] 
2016-09-25T23:32:31.727-0400: 7.961: [GC (GCLocker Initiated GC) [PSYoungGen: 160481K->71146K(175104K)] 609593K->536895K(699392K), 0.0078764 secs] [Times: user=0.12 sys=0.00, real=0.01 secs] 
2016-09-25T23:32:31.765-0400: 7.999: [GC (GCLocker Initiated GC) [PSYoungGen: 159210K->73878K(175104K)] 627834K->559085K(699392K), 0.0081737 secs] [Times: user=0.09 sys=0.01, real=0.00 secs] 
2016-09-25T23:32:31.773-0400: 8.007: [Full GC (Ergonomics) [PSYoungGen: 73878K->0K(175104K)] [ParOldGen: 485206K->74195K(524288K)] 559085K->74195K(699392K), [Metaspace: 43164K->43164K(1085440K)], 0.0468019 secs] [Times: user=0.29 sys=0.00, real=0.05 secs] 
2016-09-25T23:32:31.860-0400: 8.094: [GC (GCLocker Initiated GC) [PSYoungGen: 88064K->72474K(175104K)] 165017K->149436K(699392K), 0.0065312 secs] [Times: user=0.07 sys=0.00, real=0.01 secs] 
2016-09-25T23:32:31.896-0400: 8.131: [GC (GCLocker Initiated GC) [PSYoungGen: 160538K->54905K(175104K)] 237636K->154033K(699392K), 0.0230031 secs] [Times: user=0.30 sys=0.00, real=0.02 secs] 
2016-09-25T23:32:31.960-0400: 8.195: [GC (GCLocker Initiated GC) [PSYoungGen: 142969K->69835K(175104K)] 244981K->194069K(699392K), 0.0080978 secs] [Times: user=0.11 sys=0.00, real=0.01 secs] 
2016-09-25T23:32:32.002-0400: 8.236: [GC (GCLocker Initiated GC) [PSYoungGen: 157899K->72595K(175104K)] 287762K->228628K(699392K), 0.0067042 secs] [Times: user=0.10 sys=0.00, real=0.00 secs] 
2016-09-25T23:32:32.044-0400: 8.278: [GC (GCLocker Initiated GC) [PSYoungGen: 160659K->71166K(175104K)] 319691K->264534K(699392K), 0.0087025 secs] [Times: user=0.10 sys=0.00, real=0.00 secs] 
2016-09-25T23:32:32.087-0400: 8.322: [GC (GCLocker Initiated GC) [PSYoungGen: 159230K->61872K(175104K)] 358144K->299092K(699392K), 0.0071203 secs] [Times: user=0.09 sys=0.00, real=0.01 secs] 
2016-09-25T23:32:32.127-0400: 8.361: [GC (GCLocker Initiated GC) [PSYoungGen: 149936K->76740K(175104K)] 396750K->333592K(699392K), 0.0075700 secs] [Times: user=0.11 sys=0.01, real=0.01 secs] 
2016-09-25T23:32:32.166-0400: 8.400: [GC (GCLocker Initiated GC) [PSYoungGen: 164804K->63034K(175104K)] 421887K->369413K(699392K), 0.0076014 secs] [Times: user=0.10 sys=0.00, real=0.00 secs] 
2016-09-25T23:32:32.206-0400: 8.440: [GC (GCLocker Initiated GC) [PSYoungGen: 151098K->79376K(175104K)] 465668K->421412K(699392K), 0.0079856 secs] [Times: user=0.13 sys=0.00, real=0.01 secs] 
2016-09-25T23:32:32.251-0400: 8.485: [GC (GCLocker Initiated GC) [PSYoungGen: 167440K->50870K(175104K)] 509561K->427337K(699392K), 0.0063307 secs] [Times: user=0.10 sys=0.00, real=0.01 secs] 
2016-09-25T23:32:32.282-0400: 8.516: [GC (GCLocker Initiated GC) [PSYoungGen: 138934K->68686K(175104K)] 518817K->473406K(699392K), 0.0082794 secs] [Times: user=0.13 sys=0.00, real=0.01 secs] 
2016-09-25T23:32:32.325-0400: 8.559: [GC (GCLocker Initiated GC) [PSYoungGen: 156750K->56334K(175104K)] 564259K->494238K(699392K), 0.0067187 secs] [Times: user=0.09 sys=0.00, real=0.00 secs] 
2016-09-25T23:32:32.357-0400: 8.591: [GC (GCLocker Initiated GC) [PSYoungGen: 144398K->78027K(175104K)] 585108K->543657K(699392K), 0.0082607 secs] [Times: user=0.13 sys=0.00, real=0.01 secs] 
2016-09-25T23:32:32.399-0400: 8.633: [GC (Allocation Failure) [PSYoungGen: 166091K->67305K(175104K)] 634678K->566217K(699392K), 0.0081057 secs] [Times: user=0.09 sys=0.04, real=0.01 secs] 
2016-09-25T23:32:32.407-0400: 8.641: [Full GC (Ergonomics) [PSYoungGen: 67305K->0K(175104K)] [ParOldGen: 498912K->82836K(524288K)] 566217K->82836K(699392K), [Metaspace: 43316K->43316K(1085440K)], 0.0475051 secs] [Times: user=0.40 sys=0.00, real=0.05 secs] 
2016-09-25T23:32:32.487-0400: 8.721: [GC (GCLocker Initiated GC) [PSYoungGen: 88064K->75441K(175104K)] 179016K->166393K(699392K), 0.0077250 secs] [Times: user=0.09 sys=0.00, real=0.01 secs] 
2016-09-25T23:32:32.536-0400: 8.771: [GC (GCLocker Initiated GC) [PSYoungGen: 163505K->82104K(175104K)] 268158K->209079K(699392K), 0.0071138 secs] [Times: user=0.11 sys=0.00, real=0.01 secs] 
2016-09-25T23:32:32.583-0400: 8.818: [GC (GCLocker Initiated GC) [PSYoungGen: 170168K->56270K(175104K)] 306737K->215048K(699392K), 0.0069780 secs] [Times: user=0.11 sys=0.00, real=0.00 secs] 
2016-09-25T23:32:32.622-0400: 8.856: [GC (GCLocker Initiated GC) [PSYoungGen: 144334K->67144K(175104K)] 308768K->256354K(699392K), 0.0073430 secs] [Times: user=0.11 sys=0.01, real=0.00 secs] 
2016-09-25T23:32:32.672-0400: 8.906: [GC (GCLocker Initiated GC) [PSYoungGen: 155208K->69862K(175104K)] 352774K->274707K(699392K), 0.0078309 secs] [Times: user=0.10 sys=0.00, real=0.01 secs] 
2016-09-25T23:32:32.716-0400: 8.950: [GC (GCLocker Initiated GC) [PSYoungGen: 157926K->57446K(175104K)] 362813K->293979K(699392K), 0.0073246 secs] [Times: user=0.08 sys=0.00, real=0.01 secs] 
2016-09-25T23:32:32.750-0400: 8.985: [GC (GCLocker Initiated GC) [PSYoungGen: 145510K->85042K(175104K)] 385005K->357272K(699392K), 0.0090831 secs] [Times: user=0.15 sys=0.00, real=0.01 secs] 
2016-09-25T23:32:32.803-0400: 9.037: [GC (GCLocker Initiated GC) [PSYoungGen: 173106K->69912K(175104K)] 450845K->357909K(699392K), 0.0066128 secs] [Times: user=0.10 sys=0.00, real=0.00 secs] 
2016-09-25T23:32:32.843-0400: 9.077: [GC (GCLocker Initiated GC) [PSYoungGen: 157976K->79436K(175104K)] 450261K->408781K(699392K), 0.0085771 secs] [Times: user=0.13 sys=0.00, real=0.00 secs] 
2016-09-25T23:32:32.892-0400: 9.126: [GC (GCLocker Initiated GC) [PSYoungGen: 167500K->60334K(175104K)] 503751K->429555K(699392K), 0.0068841 secs] [Times: user=0.10 sys=0.00, real=0.01 secs] 
2016-09-25T23:32:32.934-0400: 9.168: [GC (GCLocker Initiated GC) [PSYoungGen: 148398K->72722K(175104K)] 523282K->477781K(699392K), 0.0091152 secs] [Times: user=0.15 sys=0.00, real=0.02 secs] 
2016-09-25T23:32:32.977-0400: 9.211: [GC (GCLocker Initiated GC) [PSYoungGen: 160786K->59218K(175104K)] 565887K->479809K(699392K), 0.0076228 secs] [Times: user=0.08 sys=0.01, real=0.01 secs] 
2016-09-25T23:32:33.012-0400: 9.247: [GC (GCLocker Initiated GC) [PSYoungGen: 147282K->71134K(175104K)] 570983K->517105K(699392K), 0.0096504 secs] [Times: user=0.10 sys=0.00, real=0.02 secs] 
2016-09-25T23:32:33.060-0400: 9.295: [GC (GCLocker Initiated GC) [PSYoungGen: 159198K->72644K(175104K)] 608088K->547730K(699392K), 0.0080850 secs] [Times: user=0.14 sys=0.00, real=0.01 secs] 
2016-09-25T23:32:33.102-0400: 9.336: [GC (GCLocker Initiated GC) [PSYoungGen: 160708K->68484K(175104K)] 635920K->569976K(699392K), 0.0078659 secs] [Times: user=0.12 sys=0.00, real=0.01 secs] 
2016-09-25T23:32:33.110-0400: 9.344: [Full GC (Ergonomics) [PSYoungGen: 68484K->0K(175104K)] [ParOldGen: 501491K->83552K(524288K)] 569976K->83552K(699392K), [Metaspace: 43386K->43386K(1085440K)], 0.0596988 secs] [Times: user=0.51 sys=0.02, real=0.06 secs] 
2016-09-25T23:32:33.200-0400: 9.435: [GC (GCLocker Initiated GC) [PSYoungGen: 88064K->79852K(175104K)] 179840K->171629K(699392K), 0.0069628 secs] [Times: user=0.09 sys=0.00, real=0.01 secs] 
2016-09-25T23:32:33.242-0400: 9.476: [GC (GCLocker Initiated GC) [PSYoungGen: 167916K->59080K(175104K)] 262546K->173669K(699392K), 0.0066134 secs] [Times: user=0.10 sys=0.00, real=0.01 secs] 
2016-09-25T23:32:33.276-0400: 9.510: [GC (GCLocker Initiated GC) [PSYoungGen: 147144K->69990K(175104K)] 261779K->198783K(699392K), 0.0067138 secs] [Times: user=0.08 sys=0.01, real=0.01 secs] 
2016-09-25T23:32:33.317-0400: 9.551: [GC (GCLocker Initiated GC) [PSYoungGen: 158054K->68558K(156672K)] 290990K->218282K(680960K), 0.0073304 secs] [Times: user=0.10 sys=0.00, real=0.01 secs] 
2016-09-25T23:32:33.360-0400: 9.594: [GC (GCLocker Initiated GC) [PSYoungGen: 156622K->49534K(174080K)] 317296K->241923K(698368K), 0.0067039 secs] [Times: user=0.10 sys=0.00, real=0.01 secs] 
2016-09-25T23:32:33.401-0400: 9.636: [GC (GCLocker Initiated GC) [PSYoungGen: 137086K->61652K(174592K)] 333578K->291026K(698880K), 0.0087266 secs] [Times: user=0.10 sys=0.01, real=0.01 secs] 
2016-09-25T23:32:33.437-0400: 9.672: [GC (GCLocker Initiated GC) [PSYoungGen: 149204K->49452K(175104K)] 378790K->315978K(699392K), 0.0172728 secs] [Times: user=0.22 sys=0.00, real=0.02 secs] 
2016-09-25T23:32:33.493-0400: 9.727: [GC (GCLocker Initiated GC) [PSYoungGen: 137516K->65908K(154112K)] 405580K->364256K(678400K), 0.0076231 secs] [Times: user=0.11 sys=0.00, real=0.01 secs] 
2016-09-25T23:32:33.533-0400: 9.767: [GC (GCLocker Initiated GC) [PSYoungGen: 153972K->57666K(175104K)] 459282K->383879K(699392K), 0.0073119 secs] [Times: user=0.10 sys=0.00, real=0.01 secs] 
2016-09-25T23:32:33.581-0400: 9.815: [GC (GCLocker Initiated GC) [PSYoungGen: 146754K->56330K(174080K)] 475830K->403490K(698368K), 0.0144893 secs] [Times: user=0.16 sys=0.01, real=0.02 secs] 
2016-09-25T23:32:33.621-0400: 9.855: [GC (GCLocker Initiated GC) [PSYoungGen: 145418K->79363K(172544K)] 498148K->454233K(696832K), 0.0075624 secs] [Times: user=0.12 sys=0.00, real=0.01 secs] 
2016-09-25T23:32:33.696-0400: 9.930: [GC (GCLocker Initiated GC) [PSYoungGen: 167427K->60398K(175104K)] 545080K->484491K(699392K), 0.0084923 secs] [Times: user=0.12 sys=0.00, real=0.01 secs] 
2016-09-25T23:32:33.738-0400: 9.972: [GC (GCLocker Initiated GC) [PSYoungGen: 148462K->64622K(170496K)] 575549K->524667K(694784K), 0.0079234 secs] [Times: user=0.10 sys=0.02, real=0.01 secs] 
2016-09-25T23:32:33.772-0400: 10.006: [GC (GCLocker Initiated GC) [PSYoungGen: 153198K->80758K(173056K)] 622764K->572668K(697344K), 0.0089088 secs] [Times: user=0.13 sys=0.00, real=0.01 secs] 
2016-09-25T23:32:33.781-0400: 10.015: [Full GC (Ergonomics) [PSYoungGen: 80758K->0K(173056K)] [ParOldGen: 491910K->101909K(524288K)] 572668K->101909K(697344K), [Metaspace: 43390K->43390K(1085440K)], 0.0461938 secs] [Times: user=0.40 sys=0.00, real=0.05 secs] 
2016-09-25T23:32:33.862-0400: 10.096: [GC (GCLocker Initiated GC) [PSYoungGen: 88576K->79458K(175104K)] 193287K->184178K(699392K), 0.0065506 secs] [Times: user=0.08 sys=0.01, real=0.01 secs] 
2016-09-25T23:32:33.899-0400: 10.134: [GC (GCLocker Initiated GC) [PSYoungGen: 167522K->69926K(175104K)] 275003K->209219K(699392K), 0.0078172 secs] [Times: user=0.11 sys=0.01, real=0.01 secs] 
2016-09-25T23:32:33.940-0400: 10.174: [GC (GCLocker Initiated GC) [PSYoungGen: 157990K->67336K(175104K)] 305554K->233114K(699392K), 0.0068205 secs] [Times: user=0.09 sys=0.01, real=0.01 secs] 
2016-09-25T23:32:33.977-0400: 10.211: [GC (GCLocker Initiated GC) [PSYoungGen: 155400K->54952K(175104K)] 321354K->271687K(699392K), 0.0082020 secs] [Times: user=0.13 sys=0.00, real=0.01 secs] 
2016-09-25T23:32:34.011-0400: 10.245: [GC (GCLocker Initiated GC) [PSYoungGen: 143016K->72768K(175104K)] 363993K->326665K(699392K), 0.0081718 secs] [Times: user=0.11 sys=0.01, real=0.01 secs] 
2016-09-25T23:32:34.048-0400: 10.282: [GC (GCLocker Initiated GC) [PSYoungGen: 160832K->55158K(175104K)] 420798K->361854K(699392K), 0.0130993 secs] [Times: user=0.19 sys=0.00, real=0.01 secs] 
2016-09-25T23:32:34.096-0400: 10.331: [GC (GCLocker Initiated GC) [PSYoungGen: 143222K->65908K(173056K)] 457286K->387336K(697344K), 0.0061303 secs] [Times: user=0.09 sys=0.00, real=0.01 secs] 
2016-09-25T23:32:34.136-0400: 10.370: [GC (GCLocker Initiated GC) [PSYoungGen: 153972K->65734K(174080K)] 489126K->420396K(698368K), 0.0070524 secs] [Times: user=0.10 sys=0.00, real=0.01 secs] 
2016-09-25T23:32:34.175-0400: 10.410: [GC (GCLocker Initiated GC) [PSYoungGen: 153798K->80694K(172032K)] 511409K->456361K(696320K), 0.0075312 secs] [Times: user=0.10 sys=0.00, real=0.01 secs] 
2016-09-25T23:32:34.215-0400: 10.449: [GC (GCLocker Initiated GC) [PSYoungGen: 168758K->67130K(175104K)] 547360K->470624K(699392K), 0.0077049 secs] [Times: user=0.08 sys=0.00, real=0.01 secs] 
2016-09-25T23:32:34.259-0400: 10.493: [GC (GCLocker Initiated GC) [PSYoungGen: 155194K->44166K(173568K)] 561471K->487445K(697856K), 0.0064635 secs] [Times: user=0.08 sys=0.00, real=0.01 secs] 
2016-09-25T23:32:34.293-0400: 10.528: [GC (GCLocker Initiated GC) [PSYoungGen: 132230K->80918K(175104K)] 575859K->558864K(699392K), 0.0085795 secs] [Times: user=0.11 sys=0.00, real=0.01 secs] 
2016-09-25T23:32:34.302-0400: 10.536: [Full GC (Ergonomics) [PSYoungGen: 80918K->0K(175104K)] [ParOldGen: 477945K->100660K(524288K)] 558864K->100660K(699392K), [Metaspace: 43392K->43392K(1085440K)], 0.0471250 secs] [Times: user=0.41 sys=0.01, real=0.04 secs] 
2016-09-25T23:32:34.380-0400: 10.615: [GC (GCLocker Initiated GC) [PSYoungGen: 88064K->72566K(175104K)] 188857K->173360K(699392K), 0.0126369 secs] [Times: user=0.18 sys=0.00, real=0.01 secs] 
2016-09-25T23:32:34.423-0400: 10.658: [GC (GCLocker Initiated GC) [PSYoungGen: 160630K->67368K(175104K)] 269653K->204031K(699392K), 0.0077590 secs] [Times: user=0.09 sys=0.01, real=0.00 secs] 
2016-09-25T23:32:34.469-0400: 10.703: [GC (GCLocker Initiated GC) [PSYoungGen: 155432K->65968K(175104K)] 308417K->238591K(699392K), 0.0064577 secs] [Times: user=0.09 sys=0.00, real=0.01 secs] 
2016-09-25T23:32:34.516-0400: 10.750: [GC (GCLocker Initiated GC) [PSYoungGen: 154032K->64494K(152576K)] 343003K->260934K(676864K), 0.0076782 secs] [Times: user=0.08 sys=0.00, real=0.01 secs] 
2016-09-25T23:32:34.555-0400: 10.789: [GC (GCLocker Initiated GC) [PSYoungGen: 152558K->81948K(172032K)] 354654K->296766K(696320K), 0.0076924 secs] [Times: user=0.11 sys=0.00, real=0.01 secs] 
2016-09-25T23:32:34.598-0400: 10.832: [GC (GCLocker Initiated GC) [PSYoungGen: 168476K->69798K(173568K)] 391489K->309439K(697856K), 0.0076995 secs] [Times: user=0.09 sys=0.00, real=0.01 secs] 
2016-09-25T23:32:34.636-0400: 10.870: [GC (GCLocker Initiated GC) [PSYoungGen: 156326K->84698K(175104K)] 397694K->336033K(699392K), 0.0073230 secs] [Times: user=0.10 sys=0.00, real=0.01 secs] 
2016-09-25T23:32:34.679-0400: 10.913: [GC (GCLocker Initiated GC) [PSYoungGen: 172762K->56220K(175104K)] 429606K->336533K(699392K), 0.0068978 secs] [Times: user=0.09 sys=0.00, real=0.01 secs] 
2016-09-25T23:32:34.717-0400: 10.951: [GC (GCLocker Initiated GC) [PSYoungGen: 144284K->72690K(175104K)] 427543K->371286K(699392K), 0.0069745 secs] [Times: user=0.10 sys=0.00, real=0.01 secs] 
2016-09-25T23:32:34.757-0400: 10.991: [GC (GCLocker Initiated GC) [PSYoungGen: 160754K->60352K(175104K)] 459403K->393436K(699392K), 0.0081967 secs] [Times: user=0.12 sys=0.00, real=0.01 secs] 
2016-09-25T23:32:34.793-0400: 11.027: [GC (GCLocker Initiated GC) [PSYoungGen: 148416K->82237K(175104K)] 484403K->445692K(699392K), 0.0074879 secs] [Times: user=0.11 sys=0.00, real=0.01 secs] 
2016-09-25T23:32:34.832-0400: 11.066: [GC (GCLocker Initiated GC) [PSYoungGen: 170301K->59240K(175104K)] 536641K->460059K(699392K), 0.0078522 secs] [Times: user=0.11 sys=0.00, real=0.01 secs] 
2016-09-25T23:32:34.873-0400: 11.107: [GC (GCLocker Initiated GC) [PSYoungGen: 147304K->68590K(175104K)] 556720K->494876K(699392K), 0.0070683 secs] [Times: user=0.11 sys=0.00, real=0.01 secs] 
2016-09-25T23:32:34.909-0400: 11.143: [GC (GCLocker Initiated GC) [PSYoungGen: 156654K->54792K(175104K)] 585714K->527718K(699392K), 0.0093542 secs] [Times: user=0.09 sys=0.00, real=0.01 secs] 
2016-09-25T23:32:34.918-0400: 11.153: [Full GC (Ergonomics) [PSYoungGen: 54792K->0K(175104K)] [ParOldGen: 472926K->102597K(524288K)] 527718K->102597K(699392K), [Metaspace: 43409K->43409K(1085440K)], 0.0444194 secs] [Times: user=0.32 sys=0.00, real=0.05 secs] 
2016-09-25T23:32:34.995-0400: 11.229: [GC (GCLocker Initiated GC) [PSYoungGen: 88064K->74310K(175104K)] 196170K->182416K(699392K), 0.0109890 secs] [Times: user=0.16 sys=0.00, real=0.01 secs] 
2016-09-25T23:32:35.037-0400: 11.271: [GC (GCLocker Initiated GC) [PSYoungGen: 162374K->82186K(175104K)] 282792K->226456K(699392K), 0.0082658 secs] [Times: user=0.13 sys=0.00, real=0.01 secs] 
2016-09-25T23:32:35.083-0400: 11.317: [GC (GCLocker Initiated GC) [PSYoungGen: 170250K->72530K(175104K)] 326975K->282607K(699392K), 0.0103316 secs] [Times: user=0.15 sys=0.00, real=0.00 secs] 
2016-09-25T23:32:35.121-0400: 11.355: [GC (GCLocker Initiated GC) [PSYoungGen: 160594K->63084K(175104K)] 370993K->296953K(699392K), 0.0084269 secs] [Times: user=0.09 sys=0.00, real=0.01 secs] 
2016-09-25T23:32:35.161-0400: 11.396: [GC (GCLocker Initiated GC) [PSYoungGen: 151148K->59140K(175104K)] 390591K->331503K(699392K), 0.0067864 secs] [Times: user=0.08 sys=0.00, real=0.01 secs] 
2016-09-25T23:32:35.195-0400: 11.429: [GC (GCLocker Initiated GC) [PSYoungGen: 147204K->61652K(175104K)] 422421K->368549K(699392K), 0.0092354 secs] [Times: user=0.07 sys=0.00, real=0.01 secs] 
2016-09-25T23:32:35.235-0400: 11.469: [GC (GCLocker Initiated GC) [PSYoungGen: 149716K->65812K(175104K)] 456783K->395049K(699392K), 0.0110704 secs] [Times: user=0.13 sys=0.01, real=0.01 secs] 
2016-09-25T23:32:35.280-0400: 11.515: [GC (GCLocker Initiated GC) [PSYoungGen: 153876K->54916K(175104K)] 483334K->414686K(699392K), 0.0091480 secs] [Times: user=0.08 sys=0.00, real=0.01 secs] 
2016-09-25T23:32:35.316-0400: 11.550: [GC (GCLocker Initiated GC) [PSYoungGen: 142980K->79550K(175104K)] 508259K->454897K(699392K), 0.0074618 secs] [Times: user=0.09 sys=0.00, real=0.01 secs] 
2016-09-25T23:32:35.361-0400: 11.595: [GC (GCLocker Initiated GC) [PSYoungGen: 167614K->56394K(175104K)] 549732K->474378K(699392K), 0.0075976 secs] [Times: user=0.11 sys=0.00, real=0.01 secs] 
2016-09-25T23:32:35.398-0400: 11.632: [GC (GCLocker Initiated GC) [PSYoungGen: 144458K->83394K(175104K)] 567942K->525016K(699392K), 0.0098457 secs] [Times: user=0.13 sys=0.00, real=0.01 secs] 
2016-09-25T23:32:35.449-0400: 11.683: [GC (GCLocker Initiated GC) [PSYoungGen: 171458K->53693K(175104K)] 623959K->531130K(699392K), 0.0068886 secs] [Times: user=0.09 sys=0.00, real=0.01 secs] 
2016-09-25T23:32:35.456-0400: 11.690: [Full GC (Ergonomics) [PSYoungGen: 53693K->0K(175104K)] [ParOldGen: 477436K->98386K(524288K)] 531130K->98386K(699392K), [Metaspace: 43409K->43409K(1085440K)], 0.0456189 secs] [Times: user=0.40 sys=0.00, real=0.04 secs] 
2016-09-25T23:32:35.527-0400: 11.761: [GC (GCLocker Initiated GC) [PSYoungGen: 88064K->76978K(175104K)] 187978K->176893K(699392K), 0.0068224 secs] [Times: user=0.06 sys=0.00, real=0.00 secs] 
2016-09-25T23:32:35.568-0400: 11.802: [GC (GCLocker Initiated GC) [PSYoungGen: 165042K->46865K(175104K)] 267762K->203194K(699392K), 0.0077333 secs] [Times: user=0.10 sys=0.00, real=0.01 secs] 
2016-09-25T23:32:35.604-0400: 11.838: [GC (GCLocker Initiated GC) [PSYoungGen: 134929K->68530K(175104K)] 291501K->251270K(699392K), 0.0076715 secs] [Times: user=0.11 sys=0.00, real=0.00 secs] 
2016-09-25T23:32:35.644-0400: 11.879: [GC (GCLocker Initiated GC) [PSYoungGen: 156594K->64764K(175104K)] 348583K->282953K(699392K), 0.0080822 secs] [Times: user=0.10 sys=0.00, real=0.00 secs] 
2016-09-25T23:32:35.684-0400: 11.919: [GC (GCLocker Initiated GC) [PSYoungGen: 152828K->61844K(175104K)] 375495K->294719K(699392K), 0.0059169 secs] [Times: user=0.09 sys=0.00, real=0.00 secs] 
2016-09-25T23:32:35.712-0400: 11.946: [GC (GCLocker Initiated GC) [PSYoungGen: 149908K->69802K(175104K)] 383187K->334837K(699392K), 0.0080159 secs] [Times: user=0.12 sys=0.00, real=0.01 secs] 
2016-09-25T23:32:35.764-0400: 11.998: [GC (GCLocker Initiated GC) [PSYoungGen: 157866K->57666K(175104K)] 427030K->352980K(699392K), 0.0070806 secs] [Times: user=0.10 sys=0.00, real=0.00 secs] 
2016-09-25T23:32:35.792-0400: 12.026: [GC (GCLocker Initiated GC) [PSYoungGen: 145730K->71390K(175104K)] 441313K->394559K(699392K), 0.0083204 secs] [Times: user=0.10 sys=0.00, real=0.01 secs] 
2016-09-25T23:32:35.841-0400: 12.075: [GC (GCLocker Initiated GC) [PSYoungGen: 159454K->57835K(175104K)] 493479K->411447K(699392K), 0.0063465 secs] [Times: user=0.08 sys=0.00, real=0.01 secs] 
2016-09-25T23:32:35.880-0400: 12.114: [GC (GCLocker Initiated GC) [PSYoungGen: 145899K->84684K(175104K)] 502330K->453936K(699392K), 0.0074513 secs] [Times: user=0.12 sys=0.00, real=0.01 secs] 
2016-09-25T23:32:35.918-0400: 12.152: [GC (GCLocker Initiated GC) [PSYoungGen: 172748K->59157K(175104K)] 544941K->480498K(699392K), 0.0080787 secs] [Times: user=0.12 sys=0.00, real=0.01 secs] 
2016-09-25T23:32:35.962-0400: 12.196: [GC (GCLocker Initiated GC) [PSYoungGen: 147221K->75247K(175104K)] 568680K->529713K(699392K), 0.0080989 secs] [Times: user=0.11 sys=0.00, real=0.01 secs] 
2016-09-25T23:32:35.995-0400: 12.229: [GC (GCLocker Initiated GC) [PSYoungGen: 163311K->64667K(175104K)] 620618K->556282K(699392K), 0.0068481 secs] [Times: user=0.09 sys=0.00, real=0.00 secs] 
2016-09-25T23:32:36.002-0400: 12.236: [Full GC (Ergonomics) [PSYoungGen: 64667K->0K(175104K)] [ParOldGen: 491614K->116224K(524288K)] 556282K->116224K(699392K), [Metaspace: 43414K->43414K(1085440K)], 0.0451607 secs] [Times: user=0.37 sys=0.00, real=0.05 secs] 
2016-09-25T23:32:36.079-0400: 12.313: [GC (GCLocker Initiated GC) [PSYoungGen: 88064K->84890K(175104K)] 204372K->201198K(699392K), 0.0075735 secs] [Times: user=0.11 sys=0.00, real=0.01 secs] 
2016-09-25T23:32:36.116-0400: 12.350: [GC (GCLocker Initiated GC) [PSYoungGen: 172954K->69989K(175104K)] 289529K->217046K(699392K), 0.0066747 secs] [Times: user=0.10 sys=0.00, real=0.01 secs] 
2016-09-25T23:32:36.154-0400: 12.388: [GC (GCLocker Initiated GC) [PSYoungGen: 158053K->74007K(175104K)] 305263K->240776K(699392K), 0.0077753 secs] [Times: user=0.12 sys=0.00, real=0.01 secs] 
2016-09-25T23:32:36.199-0400: 12.433: [GC (GCLocker Initiated GC) [PSYoungGen: 162071K->69971K(175104K)] 342521K->265918K(699392K), 0.0067003 secs] [Times: user=0.10 sys=0.00, real=0.01 secs] 
2016-09-25T23:32:36.235-0400: 12.469: [GC (GCLocker Initiated GC) [PSYoungGen: 158035K->72452K(175104K)] 357040K->289704K(699392K), 0.0095950 secs] [Times: user=0.10 sys=0.00, real=0.01 secs] 
2016-09-25T23:32:36.280-0400: 12.515: [GC (GCLocker Initiated GC) [PSYoungGen: 160516K->53615K(175104K)] 386029K->326941K(699392K), 0.0073879 secs] [Times: user=0.10 sys=0.00, real=0.01 secs] 
2016-09-25T23:32:36.320-0400: 12.554: [GC (GCLocker Initiated GC) [PSYoungGen: 141679K->75357K(175104K)] 420471K->370827K(699392K), 0.0079664 secs] [Times: user=0.11 sys=0.00, real=0.01 secs] 
2016-09-25T23:32:36.362-0400: 12.596: [GC (GCLocker Initiated GC) [PSYoungGen: 163421K->57757K(175104K)] 460321K->372790K(699392K), 0.0095581 secs] [Times: user=0.14 sys=0.00, real=0.01 secs] 
2016-09-25T23:32:36.396-0400: 12.630: [GC (GCLocker Initiated GC) [PSYoungGen: 145821K->86080K(175104K)] 460888K->432870K(699392K), 0.0087552 secs] [Times: user=0.13 sys=0.00, real=0.01 secs] 
2016-09-25T23:32:36.442-0400: 12.677: [GC (GCLocker Initiated GC) [PSYoungGen: 174144K->65843K(175104K)] 526553K->463352K(699392K), 0.0084131 secs] [Times: user=0.12 sys=0.00, real=0.00 secs] 
2016-09-25T23:32:36.479-0400: 12.713: [GC (GCLocker Initiated GC) [PSYoungGen: 153907K->67230K(175104K)] 554327K->496647K(699392K), 0.0083815 secs] [Times: user=0.09 sys=0.00, real=0.01 secs] 
2016-09-25T23:32:36.523-0400: 12.758: [GC (GCLocker Initiated GC) [PSYoungGen: 155294K->51089K(175104K)] 595655K->528581K(699392K), 0.0076668 secs] [Times: user=0.10 sys=0.00, real=0.00 secs] 
2016-09-25T23:32:36.531-0400: 12.766: [Full GC (Ergonomics) [PSYoungGen: 51089K->0K(175104K)] [ParOldGen: 477491K->114769K(524288K)] 528581K->114769K(699392K), [Metaspace: 43414K->43414K(1085440K)], 0.0459584 secs] [Times: user=0.39 sys=0.00, real=0.05 secs] 
2016-09-25T23:32:36.599-0400: 12.834: [GC (GCLocker Initiated GC) [PSYoungGen: 88064K->80904K(175104K)] 202883K->195723K(699392K), 0.0068950 secs] [Times: user=0.09 sys=0.00, real=0.01 secs] 
2016-09-25T23:32:36.642-0400: 12.876: [GC (GCLocker Initiated GC) [PSYoungGen: 168968K->65907K(175104K)] 289276K->211326K(699392K), 0.0070260 secs] [Times: user=0.10 sys=0.00, real=0.01 secs] 
2016-09-25T23:32:36.679-0400: 12.913: [GC (GCLocker Initiated GC) [PSYoungGen: 153971K->74149K(175104K)] 303547K->231118K(699392K), 0.0074111 secs] [Times: user=0.10 sys=0.00, real=0.01 secs] 
2016-09-25T23:32:36.725-0400: 12.959: [GC (GCLocker Initiated GC) [PSYoungGen: 162213K->57588K(175104K)] 322192K->242619K(699392K), 0.0070683 secs] [Times: user=0.09 sys=0.00, real=0.00 secs] 
2016-09-25T23:32:36.765-0400: 12.999: [GC (GCLocker Initiated GC) [PSYoungGen: 145652K->74021K(175104K)] 336174K->277117K(699392K), 0.0069229 secs] [Times: user=0.10 sys=0.00, real=0.00 secs] 
2016-09-25T23:32:36.809-0400: 13.043: [GC (GCLocker Initiated GC) [PSYoungGen: 162085K->45483K(175104K)] 376195K->307504K(699392K), 0.0069162 secs] [Times: user=0.09 sys=0.00, real=0.01 secs] 
2016-09-25T23:32:36.843-0400: 13.077: [GC (GCLocker Initiated GC) [PSYoungGen: 133547K->71339K(175104K)] 398332K->364967K(699392K), 0.0083926 secs] [Times: user=0.13 sys=0.00, real=0.00 secs] 
2016-09-25T23:32:36.892-0400: 13.127: [GC (GCLocker Initiated GC) [PSYoungGen: 159403K->57743K(175104K)] 463960K->388634K(699392K), 0.0083165 secs] [Times: user=0.09 sys=0.03, real=0.01 secs] 
2016-09-25T23:32:36.935-0400: 13.169: [GC (GCLocker Initiated GC) [PSYoungGen: 145807K->72547K(175104K)] 476856K->424458K(699392K), 0.0084338 secs] [Times: user=0.10 sys=0.00, real=0.01 secs] 
2016-09-25T23:32:36.980-0400: 13.214: [GC (GCLocker Initiated GC) [PSYoungGen: 160611K->63299K(175104K)] 524737K->455026K(699392K), 0.0102165 secs] [Times: user=0.13 sys=0.01, real=0.01 secs] 
2016-09-25T23:32:37.028-0400: 13.262: [GC (GCLocker Initiated GC) [PSYoungGen: 151363K->69925K(175104K)] 554034K->496278K(699392K), 0.0080761 secs] [Times: user=0.11 sys=0.01, real=0.01 secs] 
2016-09-25T23:32:37.065-0400: 13.299: [GC (GCLocker Initiated GC) [PSYoungGen: 157989K->86094K(175104K)] 587145K->540129K(699392K), 0.0079605 secs] [Times: user=0.11 sys=0.00, real=0.00 secs] 
2016-09-25T23:32:37.108-0400: 13.342: [GC (GCLocker Initiated GC) [PSYoungGen: 174158K->75262K(175104K)] 637799K->551641K(699392K), 0.0071132 secs] [Times: user=0.10 sys=0.00, real=0.01 secs] 
2016-09-25T23:32:37.144-0400: 13.379: [GC (GCLocker Initiated GC) [PSYoungGen: 163326K->69660K(175104K)] 639864K->569720K(699392K), 0.0070968 secs] [Times: user=0.11 sys=0.00, real=0.00 secs] 
2016-09-25T23:32:37.152-0400: 13.386: [Full GC (Ergonomics) [PSYoungGen: 69660K->0K(175104K)] [ParOldGen: 500060K->113974K(524288K)] 569720K->113974K(699392K), [Metaspace: 43420K->43420K(1085440K)], 0.0462162 secs] [Times: user=0.35 sys=0.00, real=0.05 secs] 
2016-09-25T23:32:37.228-0400: 13.462: [GC (GCLocker Initiated GC) [PSYoungGen: 88064K->82364K(175104K)] 208029K->202330K(699392K), 0.0078061 secs] [Times: user=0.11 sys=0.00, real=0.01 secs] 
2016-09-25T23:32:37.269-0400: 13.504: [GC (GCLocker Initiated GC) [PSYoungGen: 170428K->49630K(175104K)] 295903K->208417K(699392K), 0.0102490 secs] [Times: user=0.14 sys=0.01, real=0.01 secs] 
2016-09-25T23:32:37.306-0400: 13.540: [GC (GCLocker Initiated GC) [PSYoungGen: 137694K->76644K(175104K)] 299385K->264563K(699392K), 0.0081366 secs] [Times: user=0.12 sys=0.00, real=0.01 secs] 
2016-09-25T23:32:37.341-0400: 13.576: [GC (GCLocker Initiated GC) [PSYoungGen: 164708K->72671K(175104K)] 362274K->300558K(699392K), 0.0075421 secs] [Times: user=0.09 sys=0.00, real=0.01 secs] 
2016-09-25T23:32:37.382-0400: 13.616: [GC (GCLocker Initiated GC) [PSYoungGen: 160735K->58984K(175104K)] 395318K->313054K(699392K), 0.0089765 secs] [Times: user=0.06 sys=0.00, real=0.01 secs] 
2016-09-25T23:32:37.415-0400: 13.650: [GC (GCLocker Initiated GC) [PSYoungGen: 147048K->72799K(175104K)] 404487K->356471K(699392K), 0.0080138 secs] [Times: user=0.11 sys=0.00, real=0.01 secs] 
2016-09-25T23:32:37.461-0400: 13.695: [GC (GCLocker Initiated GC) [PSYoungGen: 160863K->61716K(175104K)] 446106K->366530K(699392K), 0.0068570 secs] [Times: user=0.11 sys=0.00, real=0.01 secs] 
2016-09-25T23:32:37.496-0400: 13.730: [GC (GCLocker Initiated GC) [PSYoungGen: 149780K->67179K(175104K)] 454828K->410530K(699392K), 0.0072299 secs] [Times: user=0.11 sys=0.00, real=0.01 secs] 
2016-09-25T23:32:37.538-0400: 13.773: [GC (GCLocker Initiated GC) [PSYoungGen: 155243K->67239K(175104K)] 505473K->449069K(699392K), 0.0079129 secs] [Times: user=0.12 sys=0.00, real=0.01 secs] 
2016-09-25T23:32:37.575-0400: 13.809: [GC (GCLocker Initiated GC) [PSYoungGen: 155303K->71294K(175104K)] 537269K->486293K(699392K), 0.0078486 secs] [Times: user=0.11 sys=0.00, real=0.01 secs] 
2016-09-25T23:32:37.619-0400: 13.853: [GC (GCLocker Initiated GC) [PSYoungGen: 159358K->60521K(148992K)] 585358K->518173K(673280K), 0.0073524 secs] [Times: user=0.10 sys=0.00, real=0.01 secs] 
2016-09-25T23:32:37.663-0400: 13.897: [GC (GCLocker Initiated GC) [PSYoungGen: 148585K->71229K(175104K)] 611695K->557947K(699392K), 0.0078852 secs] [Times: user=0.10 sys=0.00, real=0.00 secs] 
2016-09-25T23:32:37.671-0400: 13.905: [Full GC (Ergonomics) [PSYoungGen: 71229K->0K(175104K)] [ParOldGen: 486717K->117880K(524288K)] 557947K->117880K(699392K), [Metaspace: 43424K->43424K(1085440K)], 0.0490000 secs] [Times: user=0.43 sys=0.00, real=0.05 secs] 
2016-09-25T23:32:37.748-0400: 13.982: [GC (GCLocker Initiated GC) [PSYoungGen: 88576K->83695K(174592K)] 210620K->205740K(698880K), 0.0095343 secs] [Times: user=0.06 sys=0.00, real=0.01 secs] 
2016-09-25T23:32:37.793-0400: 14.027: [GC (GCLocker Initiated GC) [PSYoungGen: 172271K->76657K(175104K)] 294424K->213259K(699392K), 0.0071228 secs] [Times: user=0.09 sys=0.01, real=0.01 secs] 
2016-09-25T23:32:37.825-0400: 14.060: [GC (GCLocker Initiated GC) [PSYoungGen: 164721K->84807K(175104K)] 301459K->253223K(699392K), 0.0081896 secs] [Times: user=0.11 sys=0.00, real=0.00 secs] 
2016-09-25T23:32:37.870-0400: 14.105: [GC (GCLocker Initiated GC) [PSYoungGen: 172871K->52265K(175104K)] 346736K->271300K(699392K), 0.0074725 secs] [Times: user=0.09 sys=0.00, real=0.01 secs] 
2016-09-25T23:32:37.902-0400: 14.136: [GC (GCLocker Initiated GC) [PSYoungGen: 140329K->80885K(175104K)] 362216K->326271K(699392K), 0.0085476 secs] [Times: user=0.13 sys=0.00, real=0.01 secs] 
2016-09-25T23:32:37.955-0400: 14.190: [GC (GCLocker Initiated GC) [PSYoungGen: 168949K->59029K(175104K)] 423941K->348473K(699392K), 0.0069703 secs] [Times: user=0.10 sys=0.00, real=0.01 secs] 
2016-09-25T23:32:37.991-0400: 14.225: [GC (GCLocker Initiated GC) [PSYoungGen: 147093K->75343K(175104K)] 436819K->392644K(699392K), 0.0086193 secs] [Times: user=0.13 sys=0.00, real=0.01 secs] 
2016-09-25T23:32:38.038-0400: 14.272: [GC (GCLocker Initiated GC) [PSYoungGen: 163407K->68635K(175104K)] 494435K->419184K(699392K), 0.0073571 secs] [Times: user=0.10 sys=0.00, real=0.01 secs] 
2016-09-25T23:32:38.091-0400: 14.326: [GC (GCLocker Initiated GC) [PSYoungGen: 156699K->64544K(175104K)] 516858K->444266K(699392K), 0.0067244 secs] [Times: user=0.11 sys=0.00, real=0.01 secs] 
2016-09-25T23:32:38.134-0400: 14.368: [GC (GCLocker Initiated GC) [PSYoungGen: 152608K->69862K(175104K)] 535966K->486206K(699392K), 0.0078352 secs] [Times: user=0.10 sys=0.01, real=0.01 secs] 
2016-09-25T23:32:38.176-0400: 14.410: [GC (GCLocker Initiated GC) [PSYoungGen: 157926K->45356K(175104K)] 574399K->498811K(699392K), 0.0079608 secs] [Times: user=0.09 sys=0.01, real=0.01 secs] 
2016-09-25T23:32:38.212-0400: 14.447: [GC (GCLocker Initiated GC) [PSYoungGen: 133420K->72644K(175104K)] 589769K->564696K(699392K), 0.0082187 secs] [Times: user=0.14 sys=0.00, real=0.01 secs] 
2016-09-25T23:32:38.221-0400: 14.455: [Full GC (Ergonomics) [PSYoungGen: 72644K->0K(175104K)] [ParOldGen: 492051K->132807K(524288K)] 564696K->132807K(699392K), [Metaspace: 43430K->43430K(1085440K)], 0.0481755 secs] [Times: user=0.39 sys=0.00, real=0.05 secs] 
2016-09-25T23:32:38.311-0400: 14.545: [GC (GCLocker Initiated GC) [PSYoungGen: 88064K->61921K(175104K)] 233121K->206979K(699392K), 0.0086691 secs] [Times: user=0.09 sys=0.00, real=0.01 secs] 
2016-09-25T23:32:38.352-0400: 14.586: [GC (GCLocker Initiated GC) [PSYoungGen: 149985K->84963K(175104K)] 295165K->234972K(699392K), 0.0079258 secs] [Times: user=0.10 sys=0.00, real=0.01 secs] 
2016-09-25T23:32:38.405-0400: 14.640: [GC (GCLocker Initiated GC) [PSYoungGen: 173027K->52169K(175104K)] 323154K->248884K(699392K), 0.0095791 secs] [Times: user=0.16 sys=0.00, real=0.01 secs] 
2016-09-25T23:32:38.453-0400: 14.687: [GC (GCLocker Initiated GC) [PSYoungGen: 140233K->72593K(175104K)] 339807K->305036K(699392K), 0.0108723 secs] [Times: user=0.17 sys=0.00, real=0.02 secs] 
2016-09-25T23:32:38.507-0400: 14.741: [GC (GCLocker Initiated GC) [PSYoungGen: 160657K->72657K(175104K)] 402631K->339506K(699392K), 0.0087492 secs] [Times: user=0.11 sys=0.00, real=0.01 secs] 
2016-09-25T23:32:38.559-0400: 14.793: [GC (GCLocker Initiated GC) [PSYoungGen: 160721K->64461K(175104K)] 427614K->349563K(699392K), 0.0090430 secs] [Times: user=0.08 sys=0.00, real=0.01 secs] 
2016-09-25T23:32:38.609-0400: 14.843: [GC (GCLocker Initiated GC) [PSYoungGen: 152525K->57729K(175104K)] 439088K->359722K(699392K), 0.0069198 secs] [Times: user=0.06 sys=0.00, real=0.01 secs] 
2016-09-25T23:32:38.650-0400: 14.884: [GC (GCLocker Initiated GC) [PSYoungGen: 145793K->86345K(175104K)] 461375K->421440K(699392K), 0.0098631 secs] [Times: user=0.11 sys=0.00, real=0.01 secs] 
2016-09-25T23:32:38.708-0400: 14.943: [GC (GCLocker Initiated GC) [PSYoungGen: 174409K->63111K(175104K)] 523108K->447693K(699392K), 0.0067475 secs] [Times: user=0.09 sys=0.01, real=0.01 secs] 
2016-09-25T23:32:38.743-0400: 14.977: [GC (GCLocker Initiated GC) [PSYoungGen: 151175K->73929K(175104K)] 538694K->487649K(699392K), 0.0070764 secs] [Times: user=0.11 sys=0.00, real=0.00 secs] 
2016-09-25T23:32:38.794-0400: 15.029: [GC (GCLocker Initiated GC) [PSYoungGen: 161993K->74099K(175104K)] 588011K->531708K(699392K), 0.0075928 secs] [Times: user=0.11 sys=0.01, real=0.01 secs] 
2016-09-25T23:32:38.847-0400: 15.082: [GC (GCLocker Initiated GC) [PSYoungGen: 162163K->60443K(175104K)] 621150K->534889K(699392K), 0.0065490 secs] [Times: user=0.08 sys=0.00, real=0.00 secs] 
2016-09-25T23:32:38.883-0400: 15.118: [GC (GCLocker Initiated GC) [PSYoungGen: 148507K->77947K(175104K)] 623153K->568051K(699392K), 0.0070398 secs] [Times: user=0.09 sys=0.01, real=0.00 secs] 
2016-09-25T23:32:38.891-0400: 15.125: [Full GC (Ergonomics) [PSYoungGen: 77947K->0K(175104K)] [ParOldGen: 490103K->134429K(524288K)] 568051K->134429K(699392K), [Metaspace: 43434K->43434K(1085440K)], 0.0631432 secs] [Times: user=0.35 sys=0.02, real=0.06 secs] 
2016-09-25T23:32:38.998-0400: 15.232: [GC (GCLocker Initiated GC) [PSYoungGen: 88064K->78075K(175104K)] 225270K->215282K(699392K), 0.0072173 secs] [Times: user=0.07 sys=0.00, real=0.01 secs] 
2016-09-25T23:32:39.037-0400: 15.271: [GC (GCLocker Initiated GC) [PSYoungGen: 166139K->71243K(175104K)] 310200K->243061K(699392K), 0.0069586 secs] [Times: user=0.10 sys=0.00, real=0.01 secs] 
2016-09-25T23:32:39.087-0400: 15.322: [GC (GCLocker Initiated GC) [PSYoungGen: 159307K->60315K(175104K)] 337610K->274302K(699392K), 0.0112271 secs] [Times: user=0.08 sys=0.00, real=0.01 secs] 
2016-09-25T23:32:39.128-0400: 15.362: [GC (GCLocker Initiated GC) [PSYoungGen: 148379K->65893K(175104K)] 362469K->318430K(699392K), 0.0079412 secs] [Times: user=0.12 sys=0.00, real=0.01 secs] 
2016-09-25T23:32:39.176-0400: 15.411: [GC (GCLocker Initiated GC) [PSYoungGen: 153957K->57775K(175104K)] 414680K->360993K(699392K), 0.0066945 secs] [Times: user=0.09 sys=0.00, real=0.01 secs] 
2016-09-25T23:32:39.216-0400: 15.450: [GC (GCLocker Initiated GC) [PSYoungGen: 145839K->67229K(175104K)] 449142K->400880K(699392K), 0.0066754 secs] [Times: user=0.09 sys=0.01, real=0.01 secs] 
2016-09-25T23:32:39.252-0400: 15.486: [GC (GCLocker Initiated GC) [PSYoungGen: 155293K->64731K(174080K)] 494439K->440918K(698368K), 0.0093000 secs] [Times: user=0.13 sys=0.00, real=0.01 secs] 
2016-09-25T23:32:39.303-0400: 15.537: [GC (GCLocker Initiated GC) [PSYoungGen: 152795K->57871K(174592K)] 543951K->463296K(698880K), 0.0077047 secs] [Times: user=0.11 sys=0.00, real=0.00 secs] 
2016-09-25T23:32:39.351-0400: 15.585: [GC (GCLocker Initiated GC) [PSYoungGen: 145935K->56334K(175616K)] 558346K->493708K(699904K), 0.0083412 secs] [Times: user=0.12 sys=0.01, real=0.01 secs] 
2016-09-25T23:32:39.393-0400: 15.627: [GC (GCLocker Initiated GC) [PSYoungGen: 145934K->71303K(175616K)] 594256K->537627K(699904K), 0.0100556 secs] [Times: user=0.11 sys=0.00, real=0.02 secs] 
2016-09-25T23:32:39.461-0400: 15.696: [Full GC (Ergonomics) [PSYoungGen: 160903K->0K(175616K)] [ParOldGen: 489337K->138039K(524288K)] 650241K->138039K(699904K), [Metaspace: 43437K->43437K(1085440K)], 0.0545995 secs] [Times: user=0.44 sys=0.00, real=0.06 secs] 
2016-09-25T23:32:39.555-0400: 15.789: [GC (GCLocker Initiated GC) [PSYoungGen: 89600K->79380K(174080K)] 227687K->217468K(698368K), 0.0064761 secs] [Times: user=0.08 sys=0.00, real=0.00 secs] 
2016-09-25T23:32:39.597-0400: 15.831: [GC (GCLocker Initiated GC) [PSYoungGen: 167444K->86122K(175104K)] 311242K->257556K(699392K), 0.0109902 secs] [Times: user=0.12 sys=0.00, real=0.01 secs] 
2016-09-25T23:32:39.651-0400: 15.885: [GC (GCLocker Initiated GC) [PSYoungGen: 174186K->42674K(175104K)] 353835K->256656K(699392K), 0.0063016 secs] [Times: user=0.08 sys=0.00, real=0.01 secs] 
2016-09-25T23:32:39.688-0400: 15.922: [GC (GCLocker Initiated GC) [PSYoungGen: 130738K->59062K(175104K)] 350273K->295241K(699392K), 0.0067151 secs] [Times: user=0.07 sys=0.00, real=0.01 secs] 
2016-09-25T23:32:39.737-0400: 15.972: [GC (GCLocker Initiated GC) [PSYoungGen: 147126K->57775K(175104K)] 392852K->337799K(699392K), 0.0099016 secs] [Times: user=0.12 sys=0.00, real=0.01 secs] 
2016-09-25T23:32:39.781-0400: 16.015: [GC (GCLocker Initiated GC) [PSYoungGen: 145839K->60507K(175104K)] 428726K->372332K(699392K), 0.0084729 secs] [Times: user=0.08 sys=0.00, real=0.01 secs] 
2016-09-25T23:32:39.835-0400: 16.070: [GC (GCLocker Initiated GC) [PSYoungGen: 148571K->52343K(175104K)] 467320K->397389K(699392K), 0.0068909 secs] [Times: user=0.07 sys=0.00, real=0.01 secs] 
2016-09-25T23:32:39.882-0400: 16.116: [GC (GCLocker Initiated GC) [PSYoungGen: 140407K->55043K(175104K)] 486529K->426053K(699392K), 0.0070783 secs] [Times: user=0.08 sys=0.00, real=0.00 secs] 
2016-09-25T23:32:39.934-0400: 16.169: [GC (GCLocker Initiated GC) [PSYoungGen: 143107K->67212K(175104K)] 514161K->470091K(699392K), 0.0094861 secs] [Times: user=0.15 sys=0.00, real=0.01 secs] 
2016-09-25T23:32:39.980-0400: 16.214: [GC (GCLocker Initiated GC) [PSYoungGen: 155276K->76772K(175104K)] 563671K->512773K(699392K), 0.0095204 secs] [Times: user=0.12 sys=0.00, real=0.01 secs] 
2016-09-25T23:32:40.030-0400: 16.264: [GC (GCLocker Initiated GC) [PSYoungGen: 164836K->41429K(175104K)] 604655K->495428K(699392K), 0.0095082 secs] [Times: user=0.09 sys=0.00, real=0.01 secs] 
2016-09-25T23:32:40.074-0400: 16.308: [GC (GCLocker Initiated GC) [PSYoungGen: 129493K->55016K(175104K)] 583721K->553214K(699392K), 0.0102288 secs] [Times: user=0.14 sys=0.01, real=0.01 secs] 
2016-09-25T23:32:40.085-0400: 16.319: [Full GC (Ergonomics) [PSYoungGen: 55016K->0K(175104K)] [ParOldGen: 498198K->141913K(524288K)] 553214K->141913K(699392K), [Metaspace: 43439K->43439K(1085440K)], 0.0566482 secs] [Times: user=0.66 sys=0.00, real=0.05 secs] 
2016-09-25T23:32:40.182-0400: 16.416: [GC (GCLocker Initiated GC) [PSYoungGen: 88064K->86272K(175104K)] 230091K->228299K(699392K), 0.0064036 secs] [Times: user=0.09 sys=0.00, real=0.01 secs] 
2016-09-25T23:32:40.223-0400: 16.457: [GC (GCLocker Initiated GC) [PSYoungGen: 174336K->45625K(175104K)] 319351K->235929K(699392K), 0.0098136 secs] [Times: user=0.11 sys=0.01, real=0.00 secs] 
2016-09-25T23:32:40.277-0400: 16.511: [GC (GCLocker Initiated GC) [PSYoungGen: 133689K->67321K(175104K)] 327362K->281992K(699392K), 0.0069993 secs] [Times: user=0.11 sys=0.00, real=0.01 secs] 
2016-09-25T23:32:40.326-0400: 16.561: [GC (GCLocker Initiated GC) [PSYoungGen: 155385K->65829K(175104K)] 374200K->317723K(699392K), 0.0075205 secs] [Times: user=0.08 sys=0.01, real=0.00 secs] 
2016-09-25T23:32:40.371-0400: 16.606: [GC (GCLocker Initiated GC) [PSYoungGen: 153893K->79467K(175104K)] 416806K->353801K(699392K), 0.0096427 secs] [Times: user=0.13 sys=0.00, real=0.01 secs] 
2016-09-25T23:32:40.419-0400: 16.654: [GC (GCLocker Initiated GC) [PSYoungGen: 167531K->53505K(175104K)] 441887K->360948K(699392K), 0.0091113 secs] [Times: user=0.09 sys=0.00, real=0.01 secs] 
2016-09-25T23:32:40.466-0400: 16.700: [GC (GCLocker Initiated GC) [PSYoungGen: 141569K->57711K(175104K)] 458587K->400799K(699392K), 0.0148463 secs] [Times: user=0.15 sys=0.01, real=0.01 secs] 
2016-09-25T23:32:40.517-0400: 16.752: [GC (GCLocker Initiated GC) [PSYoungGen: 145775K->56407K(175104K)] 495857K->426012K(699392K), 0.0090098 secs] [Times: user=0.08 sys=0.00, real=0.01 secs] 
2016-09-25T23:32:40.562-0400: 16.796: [GC (GCLocker Initiated GC) [PSYoungGen: 144471K->74164K(175104K)] 525079K->466191K(699392K), 0.0095844 secs] [Times: user=0.10 sys=0.01, real=0.01 secs] 
2016-09-25T23:32:40.614-0400: 16.848: [GC (GCLocker Initiated GC) [PSYoungGen: 162228K->60489K(175104K)] 562494K->485757K(699392K), 0.0086651 secs] [Times: user=0.10 sys=0.00, real=0.02 secs] 
2016-09-25T23:32:40.659-0400: 16.894: [GC (GCLocker Initiated GC) [PSYoungGen: 148553K->63162K(175104K)] 576754K->513546K(699392K), 0.0065507 secs] [Times: user=0.09 sys=0.00, real=0.01 secs] 
2016-09-25T23:32:40.694-0400: 16.928: [GC (GCLocker Initiated GC) [PSYoungGen: 151226K->76736K(175104K)] 609960K->565760K(699392K), 0.0079359 secs] [Times: user=0.11 sys=0.00, real=0.01 secs] 
2016-09-25T23:32:40.702-0400: 16.936: [Full GC (Ergonomics) [PSYoungGen: 76736K->0K(175104K)] [ParOldGen: 489024K->156653K(524288K)] 565760K->156653K(699392K), [Metaspace: 43442K->43442K(1085440K)], 0.0513888 secs] [Times: user=0.42 sys=0.00, real=0.05 secs] 
2016-09-25T23:32:40.810-0400: 17.045: [GC (GCLocker Initiated GC) [PSYoungGen: 88064K->57968K(175104K)] 254286K->224190K(699392K), 0.0055521 secs] [Times: user=0.06 sys=0.00, real=0.01 secs] 
2016-09-25T23:32:40.845-0400: 17.079: [GC (GCLocker Initiated GC) [PSYoungGen: 146032K->79266K(175104K)] 312382K->259944K(699392K), 0.0105785 secs] [Times: user=0.12 sys=0.00, real=0.01 secs] 
2016-09-25T23:32:40.892-0400: 17.127: [GC (GCLocker Initiated GC) [PSYoungGen: 167330K->42592K(175104K)] 348191K->250903K(699392K), 0.0112769 secs] [Times: user=0.08 sys=0.00, real=0.02 secs] 
2016-09-25T23:32:40.941-0400: 17.175: [GC (GCLocker Initiated GC) [PSYoungGen: 130656K->74150K(175104K)] 344605K->314259K(699392K), 0.0108994 secs] [Times: user=0.17 sys=0.00, real=0.01 secs] 
2016-09-25T23:32:40.990-0400: 17.224: [GC (GCLocker Initiated GC) [PSYoungGen: 162214K->44119K(175104K)] 402493K->328377K(699392K), 0.0071363 secs] [Times: user=0.08 sys=0.01, real=0.01 secs] 
2016-09-25T23:32:41.036-0400: 17.270: [GC (GCLocker Initiated GC) [PSYoungGen: 132183K->57743K(175104K)] 419405K->369733K(699392K), 0.0070940 secs] [Times: user=0.08 sys=0.00, real=0.01 secs] 
2016-09-25T23:32:41.085-0400: 17.319: [GC (GCLocker Initiated GC) [PSYoungGen: 145807K->59079K(175104K)] 459215K->402847K(699392K), 0.0097859 secs] [Times: user=0.14 sys=0.00, real=0.01 secs] 
2016-09-25T23:32:41.125-0400: 17.359: [GC (GCLocker Initiated GC) [PSYoungGen: 147143K->72675K(175104K)] 496490K->460455K(699392K), 0.0107650 secs] [Times: user=0.17 sys=0.00, real=0.01 secs] 
2016-09-25T23:32:41.171-0400: 17.406: [GC (GCLocker Initiated GC) [PSYoungGen: 160739K->54952K(175104K)] 548598K->482646K(699392K), 0.0072548 secs] [Times: user=0.10 sys=0.00, real=0.01 secs] 
2016-09-25T23:32:41.209-0400: 17.444: [GC (GCLocker Initiated GC) [PSYoungGen: 143016K->70099K(175104K)] 577272K->533242K(699392K), 0.0087559 secs] [Times: user=0.12 sys=0.00, real=0.01 secs] 
2016-09-25T23:32:41.260-0400: 17.494: [GC (GCLocker Initiated GC) [PSYoungGen: 158163K->71320K(175104K)] 627330K->560163K(699392K), 0.0070163 secs] [Times: user=0.08 sys=0.00, real=0.01 secs] 
2016-09-25T23:32:41.267-0400: 17.502: [Full GC (Ergonomics) [PSYoungGen: 71320K->0K(175104K)] [ParOldGen: 488843K->138491K(524288K)] 560163K->138491K(699392K), [Metaspace: 43449K->43449K(1085440K)], 0.0497382 secs] [Times: user=0.39 sys=0.00, real=0.05 secs] 
2016-09-25T23:32:41.362-0400: 17.596: [GC (GCLocker Initiated GC) [PSYoungGen: 88064K->79631K(175104K)] 248390K->239958K(699392K), 0.0086105 secs] [Times: user=0.12 sys=0.00, real=0.01 secs] 
2016-09-25T23:32:41.412-0400: 17.647: [GC (GCLocker Initiated GC) [PSYoungGen: 167695K->68374K(175104K)] 330873K->262139K(699392K), 0.0074068 secs] [Times: user=0.08 sys=0.01, real=0.01 secs] 
2016-09-25T23:32:41.453-0400: 17.688: [GC (GCLocker Initiated GC) [PSYoungGen: 156438K->71230K(175104K)] 355844K->298003K(699392K), 0.0098524 secs] [Times: user=0.14 sys=0.00, real=0.02 secs] 
2016-09-25T23:32:41.503-0400: 17.738: [GC (GCLocker Initiated GC) [PSYoungGen: 159294K->63134K(175104K)] 386139K->310805K(699392K), 0.0067889 secs] [Times: user=0.07 sys=0.00, real=0.00 secs] 
2016-09-25T23:32:41.549-0400: 17.783: [GC (GCLocker Initiated GC) [PSYoungGen: 151198K->75426K(175104K)] 415234K->361585K(699392K), 0.0073960 secs] [Times: user=0.10 sys=0.00, real=0.01 secs] 
2016-09-25T23:32:41.602-0400: 17.836: [GC (GCLocker Initiated GC) [PSYoungGen: 163490K->69710K(175104K)] 455101K->382178K(699392K), 0.0068198 secs] [Times: user=0.09 sys=0.00, real=0.01 secs] 
2016-09-25T23:32:41.639-0400: 17.873: [GC (GCLocker Initiated GC) [PSYoungGen: 157774K->73810K(175104K)] 471850K->413975K(699392K), 0.0072249 secs] [Times: user=0.10 sys=0.00, real=0.01 secs] 
2016-09-25T23:32:41.676-0400: 17.910: [GC (GCLocker Initiated GC) [PSYoungGen: 161874K->57564K(175104K)] 502117K->430661K(699392K), 0.0068903 secs] [Times: user=0.08 sys=0.01, real=0.01 secs] 
2016-09-25T23:32:41.713-0400: 17.947: [GC (GCLocker Initiated GC) [PSYoungGen: 145628K->66982K(175104K)] 518944K->479857K(699392K), 0.0078859 secs] [Times: user=0.11 sys=0.00, real=0.01 secs] 
2016-09-25T23:32:41.759-0400: 17.993: [GC (GCLocker Initiated GC) [PSYoungGen: 155046K->67079K(172032K)] 580184K->538510K(696320K), 0.0079455 secs] [Times: user=0.10 sys=0.01, real=0.01 secs] 
2016-09-25T23:32:41.767-0400: 18.001: [Full GC (Ergonomics) [PSYoungGen: 67079K->0K(172032K)] [ParOldGen: 471431K->156917K(524288K)] 538510K->156917K(696320K), [Metaspace: 43450K->43450K(1085440K)], 0.0570680 secs] [Times: user=0.54 sys=0.00, real=0.06 secs] 
2016-09-25T23:32:41.876-0400: 18.110: [GC (GCLocker Initiated GC) [PSYoungGen: 88064K->80643K(173568K)] 258729K->251308K(697856K), 0.0072348 secs] [Times: user=0.08 sys=0.01, real=0.01 secs] 
2016-09-25T23:32:41.911-0400: 18.145: [GC (GCLocker Initiated GC) [PSYoungGen: 168707K->57517K(175104K)] 339552K->262601K(699392K), 0.0070013 secs] [Times: user=0.07 sys=0.00, real=0.01 secs] 
2016-09-25T23:32:41.948-0400: 18.182: [GC (GCLocker Initiated GC) [PSYoungGen: 145581K->66935K(155136K)] 361636K->300833K(679424K), 0.0081020 secs] [Times: user=0.11 sys=0.00, real=0.01 secs] 
2016-09-25T23:32:41.985-0400: 18.219: [GC (GCLocker Initiated GC) [PSYoungGen: 154999K->67079K(176640K)] 395478K->325467K(700928K), 0.0066965 secs] [Times: user=0.09 sys=0.00, real=0.00 secs] 
2016-09-25T23:32:42.027-0400: 18.261: [GC (GCLocker Initiated GC) [PSYoungGen: 157191K->64235K(154624K)] 431951K->343436K(678912K), 0.0064452 secs] [Times: user=0.07 sys=0.00, real=0.00 secs] 
2016-09-25T23:32:42.091-0400: 18.325: [GC (GCLocker Initiated GC) [PSYoungGen: 154347K->57468K(174080K)] 439599K->352482K(698368K), 0.0099846 secs] [Times: user=0.12 sys=0.00, real=0.01 secs] 
2016-09-25T23:32:42.146-0400: 18.380: [GC (GCLocker Initiated GC) [PSYoungGen: 148604K->67032K(174080K)] 443885K->396369K(698368K), 0.0130542 secs] [Times: user=0.14 sys=0.01, real=0.01 secs] 
2016-09-25T23:32:42.207-0400: 18.441: [GC (GCLocker Initiated GC) [PSYoungGen: 158168K->46654K(176640K)] 493035K->403457K(700928K), 0.0071919 secs] [Times: user=0.06 sys=0.00, real=0.01 secs] 
2016-09-25T23:32:42.250-0400: 18.484: [GC (GCLocker Initiated GC) [PSYoungGen: 141374K->62935K(178176K)] 506374K->453979K(702464K), 0.0071968 secs] [Times: user=0.08 sys=0.00, real=0.01 secs] 
2016-09-25T23:32:42.316-0400: 18.550: [GC (GCLocker Initiated GC) [PSYoungGen: 157655K->69651K(178176K)] 559591K->511088K(702464K), 0.0123208 secs] [Times: user=0.14 sys=0.00, real=0.01 secs] 
2016-09-25T23:32:42.398-0400: 18.632: [GC (GCLocker Initiated GC) [PSYoungGen: 165907K->66936K(178688K)] 610122K->530402K(702976K), 0.0142624 secs] [Times: user=0.18 sys=0.00, real=0.01 secs] 
2016-09-25T23:32:42.439-0400: 18.674: [GC (GCLocker Initiated GC) [PSYoungGen: 163192K->79345K(173568K)] 633596K->593284K(697856K), 0.0104910 secs] [Times: user=0.12 sys=0.02, real=0.01 secs] 
2016-09-25T23:32:42.450-0400: 18.684: [Full GC (Ergonomics) [PSYoungGen: 79345K->0K(173568K)] [ParOldGen: 513939K->156218K(524288K)] 593284K->156218K(697856K), [Metaspace: 43451K->43451K(1085440K)], 0.0553495 secs] [Times: user=0.47 sys=0.01, real=0.06 secs] 
2016-09-25T23:32:42.578-0400: 18.813: [GC (GCLocker Initiated GC) [PSYoungGen: 92160K->71082K(177152K)] 255290K->234212K(701440K), 0.0103552 secs] [Times: user=0.10 sys=0.00, real=0.01 secs] 
2016-09-25T23:32:42.644-0400: 18.879: [GC (GCLocker Initiated GC) [PSYoungGen: 163242K->79196K(173056K)] 331849K->261745K(697344K), 0.0064554 secs] [Times: user=0.06 sys=0.00, real=0.00 secs] 
2016-09-25T23:32:42.682-0400: 18.917: [GC (GCLocker Initiated GC) [PSYoungGen: 167260K->65504K(175104K)] 357997K->298453K(699392K), 0.0103657 secs] [Times: user=0.11 sys=0.00, real=0.00 secs] 
2016-09-25T23:32:42.729-0400: 18.963: [GC (GCLocker Initiated GC) [PSYoungGen: 153568K->53276K(174592K)] 389310K->314957K(698880K), 0.0066958 secs] [Times: user=0.06 sys=0.00, real=0.01 secs] 
2016-09-25T23:32:42.779-0400: 19.013: [GC (GCLocker Initiated GC) [PSYoungGen: 141340K->65600K(154112K)] 405901K->350719K(678400K), 0.0245555 secs] [Times: user=0.28 sys=0.00, real=0.03 secs] 
2016-09-25T23:32:42.871-0400: 19.105: [GC (GCLocker Initiated GC) [PSYoungGen: 153664K->74972K(172032K)] 444340K->399830K(696320K), 0.0096886 secs] [Times: user=0.10 sys=0.01, real=0.01 secs] 
2016-09-25T23:32:42.911-0400: 19.146: [GC (GCLocker Initiated GC) [PSYoungGen: 162012K->61536K(173568K)] 487022K->409792K(697856K), 0.0068627 secs] [Times: user=0.08 sys=0.00, real=0.01 secs] 
2016-09-25T23:32:42.956-0400: 19.190: [GC (GCLocker Initiated GC) [PSYoungGen: 148576K->53354K(175616K)] 500977K->430418K(699904K), 0.0074470 secs] [Times: user=0.08 sys=0.00, real=0.01 secs] 
2016-09-25T23:32:43.005-0400: 19.239: [GC (GCLocker Initiated GC) [PSYoungGen: 143466K->84553K(175104K)] 526056K->497138K(699392K), 0.0164829 secs] [Times: user=0.19 sys=0.00, real=0.01 secs] 
2016-09-25T23:32:43.096-0400: 19.330: [GC (GCLocker Initiated GC) [PSYoungGen: 174665K->35841K(175104K)] 607814K->485593K(699392K), 0.0164707 secs] [Times: user=0.12 sys=0.00, real=0.01 secs] 
2016-09-25T23:32:43.149-0400: 19.383: [GC (GCLocker Initiated GC) [PSYoungGen: 123905K->70826K(175104K)] 576581K->532013K(699392K), 0.0103308 secs] [Times: user=0.11 sys=0.01, real=0.01 secs] 
2016-09-25T23:32:43.192-0400: 19.426: [GC (GCLocker Initiated GC) [PSYoungGen: 158890K->66950K(175104K)] 626879K->558110K(699392K), 0.0097820 secs] [Times: user=0.09 sys=0.01, real=0.01 secs] 
2016-09-25T23:32:43.202-0400: 19.436: [Full GC (Ergonomics) [PSYoungGen: 66950K->0K(175104K)] [ParOldGen: 491159K->132378K(524288K)] 558110K->132378K(699392K), [Metaspace: 43451K->43451K(1085440K)], 0.2166830 secs] [Times: user=2.47 sys=0.04, real=0.21 secs] 
2016-09-25T23:32:43.472-0400: 19.706: [GC (GCLocker Initiated GC) [PSYoungGen: 88064K->66936K(175104K)] 223618K->202490K(699392K), 0.0097715 secs] [Times: user=0.12 sys=0.00, real=0.01 secs] 
2016-09-25T23:32:43.532-0400: 19.766: [GC (GCLocker Initiated GC) [PSYoungGen: 155000K->46590K(175104K)] 299196K->219457K(699392K), 0.0193621 secs] [Times: user=0.18 sys=0.02, real=0.02 secs] 
2016-09-25T23:32:43.592-0400: 19.826: [GC (GCLocker Initiated GC) [PSYoungGen: 134654K->57454K(175104K)] 310323K->275357K(699392K), 0.0070499 secs] [Times: user=0.11 sys=0.00, real=0.01 secs] 
2016-09-25T23:32:43.625-0400: 19.860: [GC (GCLocker Initiated GC) [PSYoungGen: 145518K->79217K(175104K)] 371739K->334077K(699392K), 0.0078855 secs] [Times: user=0.11 sys=0.01, real=0.00 secs] 
2016-09-25T23:32:43.673-0400: 19.907: [GC (GCLocker Initiated GC) [PSYoungGen: 167281K->76464K(175104K)] 439847K->356179K(699392K), 0.0070076 secs] [Times: user=0.09 sys=0.01, real=0.01 secs] 
2016-09-25T23:32:43.721-0400: 19.955: [GC (GCLocker Initiated GC) [PSYoungGen: 164528K->58914K(175104K)] 447015K->366081K(699392K), 0.0061005 secs] [Times: user=0.09 sys=0.00, real=0.01 secs] 
2016-09-25T23:32:43.761-0400: 19.995: [GC (GCLocker Initiated GC) [PSYoungGen: 146978K->79164K(175104K)] 454284K->408417K(699392K), 0.0097758 secs] [Times: user=0.14 sys=0.01, real=0.01 secs] 
2016-09-25T23:32:43.812-0400: 20.047: [GC (GCLocker Initiated GC) [PSYoungGen: 167228K->61678K(175104K)] 499354K->434633K(699392K), 0.0092641 secs] [Times: user=0.15 sys=0.00, real=0.01 secs] 
2016-09-25T23:32:43.860-0400: 20.094: [GC (GCLocker Initiated GC) [PSYoungGen: 149742K->65760K(175104K)] 528354K->483963K(699392K), 0.0078923 secs] [Times: user=0.12 sys=0.00, real=0.01 secs] 
2016-09-25T23:32:43.907-0400: 20.141: [GC (GCLocker Initiated GC) [PSYoungGen: 153824K->58978K(175104K)] 572095K->511444K(699392K), 0.0095317 secs] [Times: user=0.11 sys=0.00, real=0.01 secs] 
2016-09-25T23:32:43.952-0400: 20.186: [GC (GCLocker Initiated GC) [PSYoungGen: 147042K->73895K(175104K)] 607717K->559229K(699392K), 0.0078375 secs] [Times: user=0.12 sys=0.00, real=0.01 secs] 
2016-09-25T23:32:43.960-0400: 20.194: [Full GC (Ergonomics) [PSYoungGen: 73895K->0K(175104K)] [ParOldGen: 485334K->136962K(524288K)] 559229K->136962K(699392K), [Metaspace: 43451K->43451K(1085440K)], 0.0620274 secs] [Times: user=0.37 sys=0.01, real=0.07 secs] 
2016-09-25T23:32:44.066-0400: 20.300: [GC (GCLocker Initiated GC) [PSYoungGen: 88064K->77878K(175104K)] 225794K->215609K(699392K), 0.0096353 secs] [Times: user=0.14 sys=0.00, real=0.01 secs] 
2016-09-25T23:32:44.100-0400: 20.334: [GC (GCLocker Initiated GC) [PSYoungGen: 165942K->85947K(175104K)] 306604K->248586K(699392K), 0.0101438 secs] [Times: user=0.11 sys=0.01, real=0.01 secs] 
2016-09-25T23:32:44.151-0400: 20.385: [GC (GCLocker Initiated GC) [PSYoungGen: 174011K->69714K(175104K)] 339882K->252195K(699392K), 0.0077783 secs] [Times: user=0.09 sys=0.00, real=0.01 secs] 
2016-09-25T23:32:44.195-0400: 20.429: [GC (GCLocker Initiated GC) [PSYoungGen: 157778K->56182K(175104K)] 351228K->291854K(699392K), 0.0119109 secs] [Times: user=0.14 sys=0.00, real=0.01 secs] 
2016-09-25T23:32:44.247-0400: 20.481: [GC (GCLocker Initiated GC) [PSYoungGen: 144246K->57375K(175104K)] 388130K->320544K(699392K), 0.0169046 secs] [Times: user=0.20 sys=0.00, real=0.02 secs] 
2016-09-25T23:32:44.294-0400: 20.528: [GC (GCLocker Initiated GC) [PSYoungGen: 145439K->67046K(175104K)] 408861K->371322K(699392K), 0.0107082 secs] [Times: user=0.17 sys=0.00, real=0.02 secs] 
2016-09-25T23:32:44.338-0400: 20.572: [GC (GCLocker Initiated GC) [PSYoungGen: 155110K->71096K(175104K)] 463579K->405630K(699392K), 0.0094464 secs] [Times: user=0.10 sys=0.00, real=0.01 secs] 
2016-09-25T23:32:44.385-0400: 20.619: [GC (GCLocker Initiated GC) [PSYoungGen: 159160K->50608K(175104K)] 499906K->413372K(699392K), 0.0130609 secs] [Times: user=0.14 sys=0.00, real=0.01 secs] 
2016-09-25T23:32:44.432-0400: 20.666: [GC (GCLocker Initiated GC) [PSYoungGen: 138672K->84614K(175104K)] 504333K->469568K(699392K), 0.0105655 secs] [Times: user=0.13 sys=0.01, real=0.02 secs] 
2016-09-25T23:32:44.478-0400: 20.712: [GC (GCLocker Initiated GC) [PSYoungGen: 172678K->48018K(175104K)] 557744K->483430K(699392K), 0.0108327 secs] [Times: user=0.12 sys=0.00, real=0.01 secs] 
2016-09-25T23:32:44.523-0400: 20.757: [GC (GCLocker Initiated GC) [PSYoungGen: 136082K->62869K(175104K)] 571601K->535201K(699392K), 0.0164671 secs] [Times: user=0.14 sys=0.00, real=0.01 secs] 
2016-09-25T23:32:44.540-0400: 20.774: [Full GC (Ergonomics) [PSYoungGen: 62869K->0K(175104K)] [ParOldGen: 472332K->141229K(524288K)] 535201K->141229K(699392K), [Metaspace: 43456K->43456K(1085440K)], 0.0472740 secs] [Times: user=0.34 sys=0.01, real=0.05 secs] 
2016-09-25T23:32:44.618-0400: 20.853: [GC (GCLocker Initiated GC) [PSYoungGen: 88064K->62935K(175104K)] 234813K->209685K(699392K), 0.0082086 secs] [Times: user=0.07 sys=0.01, real=0.01 secs] 
2016-09-25T23:32:44.665-0400: 20.899: [GC (GCLocker Initiated GC) [PSYoungGen: 150999K->75018K(175104K)] 297814K->249351K(699392K), 0.0120165 secs] [Times: user=0.13 sys=0.00, real=0.01 secs] 
2016-09-25T23:32:44.711-0400: 20.945: [GC (GCLocker Initiated GC) [PSYoungGen: 163082K->72286K(175104K)] 342976K->276805K(699392K), 0.0080490 secs] [Times: user=0.11 sys=0.00, real=0.01 secs] 
2016-09-25T23:32:44.754-0400: 20.988: [GC (GCLocker Initiated GC) [PSYoungGen: 160350K->76450K(175104K)] 365051K->330078K(699392K), 0.0127013 secs] [Times: user=0.13 sys=0.01, real=0.02 secs] 
2016-09-25T23:32:44.814-0400: 21.048: [GC (GCLocker Initiated GC) [PSYoungGen: 164514K->56040K(175104K)] 421070K->344039K(699392K), 0.0071670 secs] [Times: user=0.08 sys=0.00, real=0.01 secs] 
2016-09-25T23:32:44.853-0400: 21.088: [GC (GCLocker Initiated GC) [PSYoungGen: 144104K->86107K(175104K)] 436275K->402889K(699392K), 0.0105874 secs] [Times: user=0.15 sys=0.00, real=0.02 secs] 
2016-09-25T23:32:44.908-0400: 21.142: [GC (GCLocker Initiated GC) [PSYoungGen: 174171K->39822K(175104K)] 504600K->404458K(699392K), 0.0090094 secs] [Times: user=0.07 sys=0.00, real=0.01 secs] 
2016-09-25T23:32:44.957-0400: 21.191: [GC (GCLocker Initiated GC) [PSYoungGen: 127886K->54579K(175104K)] 500883K->442706K(699392K), 0.0093949 secs] [Times: user=0.10 sys=0.00, real=0.01 secs] 
2016-09-25T23:32:45.011-0400: 21.245: [GC (GCLocker Initiated GC) [PSYoungGen: 142643K->62868K(175104K)] 534991K->464963K(699392K), 0.0113645 secs] [Times: user=0.09 sys=0.00, real=0.02 secs] 
2016-09-25T23:32:45.056-0400: 21.290: [GC (GCLocker Initiated GC) [PSYoungGen: 150932K->45165K(175104K)] 555896K->485658K(699392K), 0.0065279 secs] [Times: user=0.07 sys=0.00, real=0.01 secs] 
2016-09-25T23:32:45.098-0400: 21.332: [GC (GCLocker Initiated GC) [PSYoungGen: 133229K->52036K(175104K)] 576613K->524042K(699392K), 0.0074656 secs] [Times: user=0.08 sys=0.00, real=0.01 secs] 
2016-09-25T23:32:45.105-0400: 21.339: [Full GC (Ergonomics) [PSYoungGen: 52036K->0K(175104K)] [ParOldGen: 472005K->140332K(524288K)] 524042K->140332K(699392K), [Metaspace: 43456K->43456K(1085440K)], 0.0586988 secs] [Times: user=0.56 sys=0.01, real=0.06 secs] 
2016-09-25T23:32:45.205-0400: 21.439: [GC (GCLocker Initiated GC) [PSYoungGen: 88064K->76624K(175104K)] 229255K->217816K(699392K), 0.0063003 secs] [Times: user=0.08 sys=0.00, real=0.00 secs] 
2016-09-25T23:32:45.254-0400: 21.488: [GC (GCLocker Initiated GC) [PSYoungGen: 164688K->53592K(175104K)] 315208K->230280K(699392K), 0.0063289 secs] [Times: user=0.09 sys=0.00, real=0.01 secs] 
2016-09-25T23:32:45.303-0400: 21.537: [GC (GCLocker Initiated GC) [PSYoungGen: 141656K->54832K(175104K)] 327954K->260441K(699392K), 0.0087240 secs] [Times: user=0.10 sys=0.01, real=0.00 secs] 
2016-09-25T23:32:45.348-0400: 21.582: [GC (GCLocker Initiated GC) [PSYoungGen: 142896K->60153K(175104K)] 353976K->298620K(699392K), 0.0153772 secs] [Times: user=0.23 sys=0.00, real=0.02 secs] 
2016-09-25T23:32:45.406-0400: 21.640: [GC (GCLocker Initiated GC) [PSYoungGen: 148217K->47928K(175104K)] 396206K->309771K(699392K), 0.0106351 secs] [Times: user=0.10 sys=0.00, real=0.01 secs] 
2016-09-25T23:32:45.464-0400: 21.699: [GC (GCLocker Initiated GC) [PSYoungGen: 135992K->58818K(146944K)] 408441K->343766K(671232K), 0.0148845 secs] [Times: user=0.22 sys=0.00, real=0.01 secs] 
2016-09-25T23:32:45.517-0400: 21.751: [GC (GCLocker Initiated GC) [PSYoungGen: 146882K->46655K(174592K)] 431917K->356389K(698880K), 0.0107276 secs] [Times: user=0.12 sys=0.00, real=0.01 secs] 
2016-09-25T23:32:45.562-0400: 21.797: [GC (GCLocker Initiated GC) [PSYoungGen: 135231K->44022K(174080K)] 458676K->386690K(698368K), 0.0330018 secs] [Times: user=0.40 sys=0.00, real=0.03 secs] 
2016-09-25T23:32:45.635-0400: 21.869: [GC (GCLocker Initiated GC) [PSYoungGen: 132598K->44006K(176128K)] 478091K->406201K(700416K), 0.0186390 secs] [Times: user=0.19 sys=0.01, real=0.01 secs] 
2016-09-25T23:32:45.694-0400: 21.928: [GC (GCLocker Initiated GC) [PSYoungGen: 135142K->80734K(172032K)] 507013K->478714K(696320K), 0.0076227 secs] [Times: user=0.11 sys=0.00, real=0.01 secs] 
2016-09-25T23:32:45.759-0400: 21.993: [GC (GCLocker Initiated GC) [PSYoungGen: 171870K->46792K(175104K)] 572680K->481960K(699392K), 0.0072103 secs] [Times: user=0.08 sys=0.01, real=0.01 secs] 
2016-09-25T23:32:45.795-0400: 22.030: [GC (GCLocker Initiated GC) [PSYoungGen: 134856K->82182K(175104K)] 575649K->550505K(699392K), 0.0103573 secs] [Times: user=0.13 sys=0.00, real=0.01 secs] 
2016-09-25T23:32:45.848-0400: 22.082: [GC (GCLocker Initiated GC) [PSYoungGen: 170246K->61754K(175104K)] 645443K->574075K(699392K), 0.0078763 secs] [Times: user=0.12 sys=0.00, real=0.01 secs] 
2016-09-25T23:32:45.856-0400: 22.091: [Full GC (Ergonomics) [PSYoungGen: 61754K->0K(175104K)] [ParOldGen: 512321K->145924K(524288K)] 574075K->145924K(699392K), [Metaspace: 43468K->43468K(1085440K)], 0.0582469 secs] [Times: user=0.46 sys=0.01, real=0.06 secs] 
2016-09-25T23:32:45.953-0400: 22.187: [GC (GCLocker Initiated GC) [PSYoungGen: 88064K->79538K(175104K)] 239515K->230989K(699392K), 0.0090286 secs] [Times: user=0.12 sys=0.00, real=0.01 secs] 
2016-09-25T23:32:45.996-0400: 22.230: [GC (GCLocker Initiated GC) [PSYoungGen: 167602K->57684K(175104K)] 319230K->245186K(699392K), 0.0068232 secs] [Times: user=0.10 sys=0.01, real=0.01 secs] 
2016-09-25T23:32:46.037-0400: 22.271: [GC (GCLocker Initiated GC) [PSYoungGen: 145748K->52326K(175104K)] 334314K->275162K(699392K), 0.0066575 secs] [Times: user=0.10 sys=0.00, real=0.01 secs] 
2016-09-25T23:32:46.075-0400: 22.309: [GC (GCLocker Initiated GC) [PSYoungGen: 140390K->67316K(175104K)] 363411K->311165K(699392K), 0.0088272 secs] [Times: user=0.11 sys=0.01, real=0.01 secs] 
2016-09-25T23:32:46.119-0400: 22.354: [GC (GCLocker Initiated GC) [PSYoungGen: 155380K->60560K(175104K)] 399376K->352545K(699392K), 0.0074195 secs] [Times: user=0.10 sys=0.00, real=0.01 secs] 
2016-09-25T23:32:47.462-0400: 23.696: [GC (GCLocker Initiated GC) [PSYoungGen: 148624K->49829K(175104K)] 447482K->360063K(699392K), 0.0077278 secs] [Times: user=0.09 sys=0.00, real=0.01 secs] 
2016-09-25T23:32:47.526-0400: 23.761: [GC (GCLocker Initiated GC) [PSYoungGen: 137893K->22134K(175104K)] 450863K->381940K(699392K), 0.0105973 secs] [Times: user=0.12 sys=0.00, real=0.01 secs] 
2016-09-25T23:32:47.582-0400: 23.816: [GC (GCLocker Initiated GC) [PSYoungGen: 110198K->70208K(175104K)] 470304K->445394K(699392K), 0.0158986 secs] [Times: user=0.15 sys=0.00, real=0.01 secs] 
2016-09-25T23:32:47.653-0400: 23.887: [GC (GCLocker Initiated GC) [PSYoungGen: 158272K->50898K(175104K)] 538943K->468957K(699392K), 0.0076724 secs] [Times: user=0.10 sys=0.00, real=0.01 secs] 
2016-09-25T23:32:47.696-0400: 23.930: [GC (GCLocker Initiated GC) [PSYoungGen: 138962K->68716K(175104K)] 564069K->521355K(699392K), 0.0098676 secs] [Times: user=0.13 sys=0.00, real=0.01 secs] 
2016-09-25T23:32:47.746-0400: 23.980: [GC (GCLocker Initiated GC) [PSYoungGen: 156780K->52314K(175104K)] 612246K->543649K(699392K), 0.0140520 secs] [Times: user=0.13 sys=0.01, real=0.01 secs] 
2016-09-25T23:32:47.760-0400: 23.994: [Full GC (Ergonomics) [PSYoungGen: 52314K->0K(175104K)] [ParOldGen: 491334K->140194K(524288K)] 543649K->140194K(699392K), [Metaspace: 43469K->43469K(1085440K)], 0.0875732 secs] [Times: user=0.60 sys=0.00, real=0.09 secs] 
2016-09-25T23:32:47.891-0400: 24.125: [GC (GCLocker Initiated GC) [PSYoungGen: 88064K->86432K(175104K)] 233868K->233586K(699392K), 0.0111261 secs] [Times: user=0.16 sys=0.00, real=0.01 secs] 
2016-09-25T23:32:47.950-0400: 24.185: [GC (GCLocker Initiated GC) [PSYoungGen: 174496K->30673K(175104K)] 325265K->216102K(699392K), 0.0070177 secs] [Times: user=0.06 sys=0.00, real=0.01 secs] 
2016-09-25T23:32:47.991-0400: 24.225: [GC (GCLocker Initiated GC) [PSYoungGen: 118737K->78206K(175104K)] 304372K->292812K(699392K), 0.0145413 secs] [Times: user=0.16 sys=0.01, real=0.02 secs] 
2016-09-25T23:32:48.079-0400: 24.313: [GC (GCLocker Initiated GC) [PSYoungGen: 166270K->42976K(175104K)] 393212K->309804K(699392K), 0.0085118 secs] [Times: user=0.13 sys=0.01, real=0.01 secs] 
2016-09-25T23:32:48.132-0400: 24.366: [GC (GCLocker Initiated GC) [PSYoungGen: 131040K->86265K(175104K)] 406122K->368751K(699392K), 0.0081430 secs] [Times: user=0.09 sys=0.00, real=0.01 secs] 
2016-09-25T23:32:48.190-0400: 24.424: [GC (GCLocker Initiated GC) [PSYoungGen: 174329K->41509K(175104K)] 459534K->350435K(699392K), 0.0064000 secs] [Times: user=0.07 sys=0.00, real=0.01 secs] 
2016-09-25T23:32:48.227-0400: 24.461: [GC (GCLocker Initiated GC) [PSYoungGen: 129573K->84991K(175104K)] 444135K->410898K(699392K), 0.0123353 secs] [Times: user=0.14 sys=0.01, real=0.01 secs] 
2016-09-25T23:32:48.310-0400: 24.545: [GC (GCLocker Initiated GC) [PSYoungGen: 173055K->59179K(175104K)] 509933K->419782K(699392K), 0.0110500 secs] [Times: user=0.13 sys=0.01, real=0.01 secs] 
2016-09-25T23:32:48.376-0400: 24.610: [GC (GCLocker Initiated GC) [PSYoungGen: 147243K->64471K(175104K)] 507991K->469073K(699392K), 0.0080617 secs] [Times: user=0.13 sys=0.00, real=0.01 secs] 
2016-09-25T23:32:48.417-0400: 24.651: [GC (GCLocker Initiated GC) [PSYoungGen: 152535K->80925K(175104K)] 559925K->514498K(699392K), 0.0087585 secs] [Times: user=0.10 sys=0.01, real=0.01 secs] 
2016-09-25T23:32:48.467-0400: 24.701: [GC (GCLocker Initiated GC) [PSYoungGen: 168989K->54872K(175104K)] 602649K->508307K(699392K), 0.0068733 secs] [Times: user=0.07 sys=0.00, real=0.00 secs] 
2016-09-25T23:32:48.515-0400: 24.749: [GC (GCLocker Initiated GC) [PSYoungGen: 142936K->67275K(175104K)] 599234K->553762K(699392K), 0.0135726 secs] [Times: user=0.14 sys=0.01, real=0.01 secs] 
2016-09-25T23:32:48.529-0400: 24.763: [Full GC (Ergonomics) [PSYoungGen: 67275K->0K(175104K)] [ParOldGen: 486486K->162352K(524288K)] 553762K->162352K(699392K), [Metaspace: 43474K->43474K(1085440K)], 0.0772991 secs] [Times: user=0.53 sys=0.00, real=0.08 secs] 
2016-09-25T23:32:48.651-0400: 24.885: [GC (GCLocker Initiated GC) [PSYoungGen: 88064K->59291K(175104K)] 256008K->227235K(699392K), 0.0058565 secs] [Times: user=0.08 sys=0.00, real=0.01 secs] 
2016-09-25T23:32:48.686-0400: 24.920: [GC (GCLocker Initiated GC) [PSYoungGen: 147355K->76766K(175104K)] 315451K->263206K(699392K), 0.0094697 secs] [Times: user=0.10 sys=0.01, real=0.01 secs] 
2016-09-25T23:32:48.751-0400: 24.985: [GC (GCLocker Initiated GC) [PSYoungGen: 164830K->56294K(175104K)] 354038K->290759K(699392K), 0.0197287 secs] [Times: user=0.22 sys=0.00, real=0.02 secs] 
2016-09-25T23:32:48.821-0400: 25.055: [GC (GCLocker Initiated GC) [PSYoungGen: 144358K->74133K(175104K)] 381656K->333692K(699392K), 0.0128131 secs] [Times: user=0.13 sys=0.01, real=0.01 secs] 
2016-09-25T23:32:48.877-0400: 25.111: [GC (GCLocker Initiated GC) [PSYoungGen: 162197K->59060K(175104K)] 428656K->342448K(699392K), 0.0100592 secs] [Times: user=0.08 sys=0.01, real=0.01 secs] 
2016-09-25T23:32:48.919-0400: 25.153: [GC (GCLocker Initiated GC) [PSYoungGen: 147124K->58876K(175104K)] 438685K->371353K(699392K), 0.0084898 secs] [Times: user=0.07 sys=0.00, real=0.01 secs] 
2016-09-25T23:32:48.969-0400: 25.203: [GC (GCLocker Initiated GC) [PSYoungGen: 146940K->57934K(175104K)] 462306K->413001K(699392K), 0.0078157 secs] [Times: user=0.09 sys=0.01, real=0.01 secs] 
2016-09-25T23:32:49.013-0400: 25.247: [GC (GCLocker Initiated GC) [PSYoungGen: 145998K->68543K(175104K)] 503920K->447465K(699392K), 0.0094904 secs] [Times: user=0.10 sys=0.00, real=0.02 secs] 
2016-09-25T23:32:49.074-0400: 25.308: [GC (GCLocker Initiated GC) [PSYoungGen: 156607K->63200K(175104K)] 541169K->463191K(699392K), 0.0097031 secs] [Times: user=0.13 sys=0.01, real=0.02 secs] 
2016-09-25T23:32:49.126-0400: 25.360: [GC (GCLocker Initiated GC) [PSYoungGen: 151264K->69628K(175104K)] 551418K->488040K(699392K), 0.0139989 secs] [Times: user=0.17 sys=0.00, real=0.01 secs] 
2016-09-25T23:32:49.176-0400: 25.410: [GC (GCLocker Initiated GC) [PSYoungGen: 157692K->53843K(175104K)] 584266K->514569K(699392K), 0.0078277 secs] [Times: user=0.09 sys=0.00, real=0.01 secs] 
2016-09-25T23:32:49.232-0400: 25.467: [GC (GCLocker Initiated GC) [PSYoungGen: 141907K->31852K(175104K)] 605438K->542157K(699392K), 0.0112638 secs] [Times: user=0.12 sys=0.00, real=0.02 secs] 
2016-09-25T23:32:49.244-0400: 25.478: [Full GC (Ergonomics) [PSYoungGen: 31852K->0K(175104K)] [ParOldGen: 510304K->153373K(524288K)] 542157K->153373K(699392K), [Metaspace: 43488K->43488K(1085440K)], 0.0688530 secs] [Times: user=0.42 sys=0.01, real=0.06 secs] 
2016-09-25T23:32:49.357-0400: 25.591: [GC (GCLocker Initiated GC) [PSYoungGen: 88064K->63435K(175104K)] 241565K->216936K(699392K), 0.0295069 secs] [Times: user=0.40 sys=0.00, real=0.03 secs] 
2016-09-25T23:32:49.420-0400: 25.654: [GC (GCLocker Initiated GC) [PSYoungGen: 151499K->53840K(142336K)] 313262K->248874K(666624K), 0.0103690 secs] [Times: user=0.12 sys=0.00, real=0.01 secs] 
2016-09-25T23:32:49.478-0400: 25.713: [GC (GCLocker Initiated GC) [PSYoungGen: 141904K->38642K(174080K)] 342395K->275048K(698368K), 0.0097798 secs] [Times: user=0.09 sys=0.01, real=0.01 secs] 
2016-09-25T23:32:49.532-0400: 25.766: [GC (GCLocker Initiated GC) [PSYoungGen: 126194K->41542K(174592K)] 373649K->304305K(698880K), 0.0230596 secs] [Times: user=0.28 sys=0.00, real=0.03 secs] 
2016-09-25T23:32:49.607-0400: 25.841: [GC (GCLocker Initiated GC) [PSYoungGen: 129094K->53616K(169984K)] 396679K->347590K(694272K), 0.0166361 secs] [Times: user=0.17 sys=0.00, real=0.02 secs] 
2016-09-25T23:32:49.669-0400: 25.903: [GC (GCLocker Initiated GC) [PSYoungGen: 141680K->52326K(172544K)] 439826K->361906K(696832K), 0.0152694 secs] [Times: user=0.17 sys=0.01, real=0.02 secs] 
2016-09-25T23:32:49.719-0400: 25.953: [GC (GCLocker Initiated GC) [PSYoungGen: 140390K->64347K(177664K)] 452826K->392283K(701952K), 0.0103893 secs] [Times: user=0.10 sys=0.00, real=0.01 secs] 
2016-09-25T23:32:49.780-0400: 26.015: [GC (GCLocker Initiated GC) [PSYoungGen: 159579K->38798K(178176K)] 493031K->412057K(702464K), 0.0082314 secs] [Times: user=0.08 sys=0.00, real=0.01 secs] 
2016-09-25T23:32:49.829-0400: 26.064: [GC (GCLocker Initiated GC) [PSYoungGen: 134030K->61900K(178688K)] 511479K->461584K(702976K), 0.0095957 secs] [Times: user=0.12 sys=0.00, real=0.01 secs] 
2016-09-25T23:32:49.886-0400: 26.121: [GC (GCLocker Initiated GC) [PSYoungGen: 157644K->37225K(178688K)] 560095K->485004K(702976K), 0.0145456 secs] [Times: user=0.14 sys=0.00, real=0.01 secs] 
2016-09-25T23:32:49.944-0400: 26.178: [GC (GCLocker Initiated GC) [PSYoungGen: 132969K->67338K(174592K)] 583917K->526969K(698880K), 0.0081215 secs] [Times: user=0.09 sys=0.00, real=0.00 secs] 
2016-09-25T23:32:50.003-0400: 26.237: [GC (GCLocker Initiated GC) [PSYoungGen: 158474K->63071K(176640K)] 624961K->553392K(700928K), 0.0119715 secs] [Times: user=0.14 sys=0.00, real=0.01 secs] 
2016-09-25T23:32:50.015-0400: 26.249: [Full GC (Ergonomics) [PSYoungGen: 63071K->0K(176640K)] [ParOldGen: 490321K->163850K(524288K)] 553392K->163850K(700928K), [Metaspace: 43488K->43488K(1085440K)], 0.0577204 secs] [Times: user=0.40 sys=0.01, real=0.05 secs] 
2016-09-25T23:32:50.117-0400: 26.351: [GC (GCLocker Initiated GC) [PSYoungGen: 91136K->83678K(173568K)] 255086K->253028K(697856K), 0.0075472 secs] [Times: user=0.08 sys=0.01, real=0.01 secs] 
2016-09-25T23:32:50.171-0400: 26.406: [GC (GCLocker Initiated GC) [PSYoungGen: 171742K->48209K(175104K)] 342623K->253614K(699392K), 0.0152724 secs] [Times: user=0.19 sys=0.00, real=0.02 secs] 
2016-09-25T23:32:50.232-0400: 26.466: [GC (GCLocker Initiated GC) [PSYoungGen: 136273K->52285K(175104K)] 341811K->296403K(699392K), 0.0089997 secs] [Times: user=0.11 sys=0.00, real=0.01 secs] 
2016-09-25T23:32:50.279-0400: 26.513: [GC (GCLocker Initiated GC) [PSYoungGen: 140349K->64809K(175104K)] 384511K->337910K(699392K), 0.0105616 secs] [Times: user=0.16 sys=0.00, real=0.01 secs] 
2016-09-25T23:32:50.325-0400: 26.559: [GC (GCLocker Initiated GC) [PSYoungGen: 152873K->68675K(175104K)] 426070K->367035K(699392K), 0.0080780 secs] [Times: user=0.09 sys=0.00, real=0.00 secs] 
2016-09-25T23:32:50.378-0400: 26.612: [GC (GCLocker Initiated GC) [PSYoungGen: 156739K->44151K(175104K)] 458350K->383023K(699392K), 0.0103188 secs] [Times: user=0.11 sys=0.00, real=0.01 secs] 
2016-09-25T23:32:50.438-0400: 26.673: [GC (GCLocker Initiated GC) [PSYoungGen: 132215K->49784K(175104K)] 475205K->406997K(699392K), 0.0130835 secs] [Times: user=0.12 sys=0.01, real=0.01 secs] 
2016-09-25T23:32:50.481-0400: 26.715: [GC (GCLocker Initiated GC) [PSYoungGen: 137848K->61779K(150016K)] 506044K->456385K(674304K), 0.0204993 secs] [Times: user=0.12 sys=0.00, real=0.02 secs] 
2016-09-25T23:32:50.555-0400: 26.789: [GC (GCLocker Initiated GC) [PSYoungGen: 149843K->44295K(174592K)] 548700K->484425K(698880K), 0.0071743 secs] [Times: user=0.08 sys=0.00, real=0.01 secs] 
2016-09-25T23:32:50.601-0400: 26.835: [GC (GCLocker Initiated GC) [PSYoungGen: 132871K->49789K(174080K)] 578597K->516392K(698368K), 0.0107070 secs] [Times: user=0.07 sys=0.01, real=0.01 secs] 
2016-09-25T23:32:50.665-0400: 26.900: [Full GC (Ergonomics) [PSYoungGen: 138365K->0K(174080K)] [ParOldGen: 478901K->165896K(524288K)] 617267K->165896K(698368K), [Metaspace: 43491K->43491K(1085440K)], 0.0569404 secs] [Times: user=0.40 sys=0.00, real=0.06 secs] 
2016-09-25T23:32:50.766-0400: 27.000: [GC (GCLocker Initiated GC) [PSYoungGen: 88576K->70277K(171520K)] 259970K->241671K(695808K), 0.0058398 secs] [Times: user=0.07 sys=0.01, real=0.00 secs] 
2016-09-25T23:32:50.807-0400: 27.042: [GC (GCLocker Initiated GC) [PSYoungGen: 158341K->53949K(174080K)] 329841K->276515K(698368K), 0.0077696 secs] [Times: user=0.09 sys=0.01, real=0.01 secs] 
2016-09-25T23:32:50.865-0400: 27.099: [GC (GCLocker Initiated GC) [PSYoungGen: 142013K->55440K(170496K)] 375432K->307189K(694784K), 0.0094239 secs] [Times: user=0.10 sys=0.01, real=0.01 secs] 
2016-09-25T23:32:50.913-0400: 27.148: [GC (GCLocker Initiated GC) [PSYoungGen: 147600K->70331K(173568K)] 404888K->342147K(697856K), 0.0070804 secs] [Times: user=0.10 sys=0.00, real=0.01 secs] 
2016-09-25T23:32:50.965-0400: 27.199: [GC (GCLocker Initiated GC) [PSYoungGen: 162491K->66025K(177152K)] 439999K->387672K(701440K), 0.0084426 secs] [Times: user=0.11 sys=0.00, real=0.00 secs] 
2016-09-25T23:32:51.019-0400: 27.253: [GC (GCLocker Initiated GC) [PSYoungGen: 159209K->62025K(155648K)] 486843K->416122K(679936K), 0.0090948 secs] [Times: user=0.14 sys=0.00, real=0.01 secs] 
2016-09-25T23:32:51.067-0400: 27.301: [GC (GCLocker Initiated GC) [PSYoungGen: 155209K->57988K(178688K)] 512093K->446769K(702976K), 0.0090739 secs] [Times: user=0.11 sys=0.00, real=0.01 secs] 
2016-09-25T23:32:51.120-0400: 27.354: [GC (GCLocker Initiated GC) [PSYoungGen: 153732K->80093K(176128K)] 549488K->500950K(700416K), 0.0107843 secs] [Times: user=0.15 sys=0.01, real=0.01 secs] 
2016-09-25T23:32:51.180-0400: 27.414: [GC (GCLocker Initiated GC) [PSYoungGen: 175837K->72756K(174080K)] 602187K->526046K(698368K), 0.0109817 secs] [Times: user=0.09 sys=0.00, real=0.01 secs] 
2016-09-25T23:32:51.229-0400: 27.463: [GC (GCLocker Initiated GC) [PSYoungGen: 160820K->75827K(175104K)] 619741K->558386K(699392K), 0.0079829 secs] [Times: user=0.11 sys=0.00, real=0.01 secs] 
2016-09-25T23:32:51.237-0400: 27.471: [Full GC (Ergonomics) [PSYoungGen: 75827K->0K(175104K)] [ParOldGen: 482558K->178829K(524288K)] 558386K->178829K(699392K), [Metaspace: 43491K->43491K(1085440K)], 0.0585168 secs] [Times: user=0.38 sys=0.01, real=0.06 secs] 
2016-09-25T23:32:51.499-0400: 27.733: [GC (GCLocker Initiated GC) [PSYoungGen: 88064K->60963K(175104K)] 269609K->242509K(699392K), 0.0102019 secs] [Times: user=0.07 sys=0.01, real=0.01 secs] 
2016-09-25T23:32:51.542-0400: 27.776: [GC (GCLocker Initiated GC) [PSYoungGen: 149027K->55346K(175104K)] 330715K->281514K(699392K), 0.0142846 secs] [Times: user=0.16 sys=0.01, real=0.02 secs] 
2016-09-25T23:32:51.600-0400: 27.834: [GC (GCLocker Initiated GC) [PSYoungGen: 143410K->62137K(171008K)] 370967K->313477K(695296K), 0.0193236 secs] [Times: user=0.20 sys=0.00, real=0.02 secs] 
2016-09-25T23:32:51.658-0400: 27.892: [GC (GCLocker Initiated GC) [PSYoungGen: 150201K->58148K(173056K)] 401748K->340451K(697344K), 0.0077928 secs] [Times: user=0.06 sys=0.00, real=0.01 secs] 
2016-09-25T23:32:51.716-0400: 27.950: [GC (GCLocker Initiated GC) [PSYoungGen: 146212K->43140K(176640K)] 434049K->384804K(700928K), 0.0177057 secs] [Times: user=0.21 sys=0.01, real=0.01 secs] 
2016-09-25T23:32:51.764-0400: 27.998: [GC (GCLocker Initiated GC) [PSYoungGen: 136324K->71811K(165376K)] 478252K->447142K(689664K), 0.0089584 secs] [Times: user=0.12 sys=0.00, real=0.00 secs] 
2016-09-25T23:32:51.827-0400: 28.061: [GC (GCLocker Initiated GC) [PSYoungGen: 164995K->64870K(176640K)] 541011K->470403K(700928K), 0.0120020 secs] [Times: user=0.14 sys=0.00, real=0.01 secs] 
2016-09-25T23:32:51.877-0400: 28.111: [GC (GCLocker Initiated GC) [PSYoungGen: 154982K->57959K(148480K)] 561959K->509117K(672768K), 0.0074818 secs] [Times: user=0.10 sys=0.01, real=0.01 secs] 
2016-09-25T23:32:51.927-0400: 28.161: [GC (GCLocker Initiated GC) [PSYoungGen: 148071K->56799K(175104K)] 602071K->559012K(699392K), 0.0082757 secs] [Times: user=0.09 sys=0.01, real=0.01 secs] 
2016-09-25T23:32:51.935-0400: 28.170: [Full GC (Ergonomics) [PSYoungGen: 56799K->0K(175104K)] [ParOldGen: 502212K->180547K(524288K)] 559012K->180547K(699392K), [Metaspace: 43503K->43503K(1085440K)], 0.0525495 secs] [Times: user=0.37 sys=0.00, real=0.05 secs] 
2016-09-25T23:32:52.034-0400: 28.268: [GC (GCLocker Initiated GC) [PSYoungGen: 91648K->66742K(173568K)] 272306K->247401K(697856K), 0.0144514 secs] [Times: user=0.18 sys=0.00, real=0.02 secs] 
2016-09-25T23:32:52.084-0400: 28.319: [GC (GCLocker Initiated GC) [PSYoungGen: 158390K->81310K(170496K)] 341828K->290460K(694784K), 0.0103653 secs] [Times: user=0.15 sys=0.01, real=0.01 secs] 
2016-09-25T23:32:52.144-0400: 28.378: [GC (GCLocker Initiated GC) [PSYoungGen: 169374K->46916K(175104K)] 381683K->286007K(699392K), 0.0112885 secs] [Times: user=0.11 sys=0.00, real=0.01 secs] 
2016-09-25T23:32:52.188-0400: 28.422: [GC (GCLocker Initiated GC) [PSYoungGen: 134980K->71318K(175104K)] 374207K->338321K(699392K), 0.0094794 secs] [Times: user=0.08 sys=0.01, real=0.01 secs] 
2016-09-25T23:32:52.241-0400: 28.475: [GC (GCLocker Initiated GC) [PSYoungGen: 159382K->51433K(175104K)] 430389K->363578K(699392K), 0.0083851 secs] [Times: user=0.08 sys=0.00, real=0.01 secs] 
2016-09-25T23:32:52.283-0400: 28.517: [GC (GCLocker Initiated GC) [PSYoungGen: 139497K->58162K(173056K)] 457289K->416202K(697344K), 0.0081042 secs] [Times: user=0.09 sys=0.00, real=0.00 secs] 
2016-09-25T23:32:52.340-0400: 28.574: [GC (GCLocker Initiated GC) [PSYoungGen: 146226K->55312K(174080K)] 507039K->446823K(698368K), 0.0089971 secs] [Times: user=0.12 sys=0.00, real=0.01 secs] 
2016-09-25T23:32:52.385-0400: 28.619: [GC (GCLocker Initiated GC) [PSYoungGen: 143376K->65013K(175616K)] 535039K->481905K(699904K), 0.0070023 secs] [Times: user=0.09 sys=0.00, real=0.00 secs] 
2016-09-25T23:32:52.444-0400: 28.678: [GC (GCLocker Initiated GC) [PSYoungGen: 156661K->72269K(175616K)] 593946K->537649K(699904K), 0.0076325 secs] [Times: user=0.10 sys=0.00, real=0.00 secs] 
2016-09-25T23:32:52.517-0400: 28.751: [Full GC (Ergonomics) [PSYoungGen: 163917K->0K(175616K)] [ParOldGen: 473865K->175210K(524288K)] 637782K->175210K(699904K), [Metaspace: 43504K->43504K(1085440K)], 0.0478376 secs] [Times: user=0.38 sys=0.00, real=0.05 secs] 
2016-09-25T23:32:52.602-0400: 28.836: [GC (GCLocker Initiated GC) [PSYoungGen: 91648K->85042K(174080K)] 266952K->260347K(698368K), 0.0068795 secs] [Times: user=0.10 sys=0.00, real=0.01 secs] 
2016-09-25T23:32:52.642-0400: 28.876: [GC (GCLocker Initiated GC) [PSYoungGen: 173106K->75662K(175104K)] 348667K->275051K(699392K), 0.0093428 secs] [Times: user=0.14 sys=0.01, real=0.01 secs] 
2016-09-25T23:32:52.720-0400: 28.954: [GC (GCLocker Initiated GC) [PSYoungGen: 163726K->65083K(175104K)] 367322K->292625K(699392K), 0.0111571 secs] [Times: user=0.16 sys=0.00, real=0.01 secs] 
2016-09-25T23:32:52.786-0400: 29.020: [GC (GCLocker Initiated GC) [PSYoungGen: 153147K->78551K(175104K)] 386355K->342720K(699392K), 0.0072662 secs] [Times: user=0.10 sys=0.00, real=0.00 secs] 
2016-09-25T23:32:52.837-0400: 29.071: [GC (GCLocker Initiated GC) [PSYoungGen: 166615K->55449K(175104K)] 443006K->357233K(699392K), 0.0065865 secs] [Times: user=0.08 sys=0.00, real=0.01 secs] 
2016-09-25T23:32:52.882-0400: 29.116: [GC (GCLocker Initiated GC) [PSYoungGen: 143513K->63513K(175104K)] 451075K->381510K(699392K), 0.0080114 secs] [Times: user=0.11 sys=0.01, real=0.01 secs] 
2016-09-25T23:32:52.953-0400: 29.188: [GC (GCLocker Initiated GC) [PSYoungGen: 151577K->52627K(175104K)] 475036K->410809K(699392K), 0.0133963 secs] [Times: user=0.15 sys=0.01, real=0.02 secs] 
2016-09-25T23:32:53.019-0400: 29.254: [GC (GCLocker Initiated GC) [PSYoungGen: 140691K->78406K(175104K)] 509871K->457948K(699392K), 0.0165328 secs] [Times: user=0.22 sys=0.00, real=0.02 secs] 
2016-09-25T23:32:53.075-0400: 29.309: [GC (GCLocker Initiated GC) [PSYoungGen: 166470K->56739K(175104K)] 556901K->466994K(699392K), 0.0155243 secs] [Times: user=0.20 sys=0.00, real=0.01 secs] 
2016-09-25T23:32:53.140-0400: 29.374: [GC (GCLocker Initiated GC) [PSYoungGen: 144803K->72942K(175104K)] 560570K->508650K(699392K), 0.0152486 secs] [Times: user=0.18 sys=0.02, real=0.02 secs] 
2016-09-25T23:32:53.224-0400: 29.459: [GC (GCLocker Initiated GC) [PSYoungGen: 161006K->66221K(175104K)] 599601K->527328K(699392K), 0.0146221 secs] [Times: user=0.17 sys=0.01, real=0.01 secs] 
2016-09-25T23:32:53.269-0400: 29.503: [GC (GCLocker Initiated GC) [PSYoungGen: 154285K->58541K(175104K)] 618222K->560066K(699392K), 0.0078846 secs] [Times: user=0.10 sys=0.00, real=0.01 secs] 
2016-09-25T23:32:53.277-0400: 29.512: [Full GC (Ergonomics) [PSYoungGen: 58541K->0K(175104K)] [ParOldGen: 501524K->195381K(524288K)] 560066K->195381K(699392K), [Metaspace: 43505K->43505K(1085440K)], 0.0679596 secs] [Times: user=0.53 sys=0.01, real=0.07 secs] 
2016-09-25T23:32:53.419-0400: 29.653: [GC (GCLocker Initiated GC) [PSYoungGen: 88064K->60260K(174080K)] 294571K->266767K(698368K), 0.0140958 secs] [Times: user=0.22 sys=0.01, real=0.01 secs] 
2016-09-25T23:32:53.477-0400: 29.711: [GC (GCLocker Initiated GC) [PSYoungGen: 148324K->53770K(174592K)] 357642K->286403K(698880K), 0.0097976 secs] [Times: user=0.11 sys=0.00, real=0.01 secs] 
2016-09-25T23:32:53.529-0400: 29.763: [GC (GCLocker Initiated GC) [PSYoungGen: 141834K->40327K(174592K)] 376182K->315951K(698880K), 0.0077280 secs] [Times: user=0.08 sys=0.00, real=0.01 secs] 
2016-09-25T23:32:53.571-0400: 29.806: [GC (GCLocker Initiated GC) [PSYoungGen: 128391K->60667K(148992K)] 409593K->364387K(673280K), 0.0108032 secs] [Times: user=0.13 sys=0.00, real=0.02 secs] 
2016-09-25T23:32:53.642-0400: 29.876: [GC (GCLocker Initiated GC) [PSYoungGen: 148731K->66196K(174592K)] 452538K->403338K(698880K), 0.0152151 secs] [Times: user=0.21 sys=0.01, real=0.01 secs] 
2016-09-25T23:32:53.710-0400: 29.944: [GC (GCLocker Initiated GC) [PSYoungGen: 155284K->59764K(174080K)] 495169K->441157K(698368K), 0.0074042 secs] [Times: user=0.10 sys=0.01, real=0.01 secs] 
2016-09-25T23:32:53.758-0400: 29.992: [GC (GCLocker Initiated GC) [PSYoungGen: 148852K->64999K(175616K)] 534446K->481527K(699904K), 0.0074288 secs] [Times: user=0.12 sys=0.00, real=0.01 secs] 
2016-09-25T23:32:53.800-0400: 30.034: [GC (GCLocker Initiated GC) [PSYoungGen: 157671K->81338K(174592K)] 577081K->520805K(698880K), 0.0138042 secs] [Times: user=0.24 sys=0.00, real=0.01 secs] 
2016-09-25T23:32:53.882-0400: 30.116: [GC (GCLocker Initiated GC) [PSYoungGen: 174010K->60764K(176640K)] 618954K->540594K(700928K), 0.0111662 secs] [Times: user=0.14 sys=0.01, real=0.01 secs] 
2016-09-25T23:32:53.893-0400: 30.128: [Full GC (Ergonomics) [PSYoungGen: 60764K->0K(176640K)] [ParOldGen: 479829K->189373K(524288K)] 540594K->189373K(700928K), [Metaspace: 43505K->43505K(1085440K)], 0.0637094 secs] [Times: user=0.58 sys=0.00, real=0.07 secs] 
2016-09-25T23:32:53.994-0400: 30.228: [GC (GCLocker Initiated GC) [PSYoungGen: 89600K->83855K(175104K)] 279027K->278683K(699392K), 0.0074915 secs] [Times: user=0.12 sys=0.00, real=0.01 secs] 
2016-09-25T23:32:54.041-0400: 30.275: [GC (GCLocker Initiated GC) [PSYoungGen: 173455K->67991K(175104K)] 373913K->293714K(699392K), 0.0111027 secs] [Times: user=0.14 sys=0.00, real=0.01 secs] 
2016-09-25T23:32:54.125-0400: 30.359: [GC (GCLocker Initiated GC) [PSYoungGen: 156055K->30781K(175104K)] 395514K->293057K(699392K), 0.0108934 secs] [Times: user=0.11 sys=0.00, real=0.01 secs] 
2016-09-25T23:32:54.181-0400: 30.416: [GC (GCLocker Initiated GC) [PSYoungGen: 118845K->64345K(175104K)] 384039K->372322K(699392K), 0.0076588 secs] [Times: user=0.10 sys=0.00, real=0.01 secs] 
2016-09-25T23:32:54.225-0400: 30.460: [GC (GCLocker Initiated GC) [PSYoungGen: 152409K->61995K(175104K)] 463279K->400336K(699392K), 0.0078724 secs] [Times: user=0.09 sys=0.01, real=0.00 secs] 
2016-09-25T23:32:54.277-0400: 30.511: [GC (GCLocker Initiated GC) [PSYoungGen: 150059K->62050K(172032K)] 495302K->425593K(696320K), 0.0096715 secs] [Times: user=0.10 sys=0.01, real=0.01 secs] 
2016-09-25T23:32:54.319-0400: 30.553: [GC (GCLocker Initiated GC) [PSYoungGen: 150114K->59147K(173568K)] 518008K->454920K(697856K), 0.0075489 secs] [Times: user=0.07 sys=0.01, real=0.01 secs] 
2016-09-25T23:32:54.377-0400: 30.611: [GC (GCLocker Initiated GC) [PSYoungGen: 147211K->52365K(175616K)] 549882K->477425K(699904K), 0.0216714 secs] [Times: user=0.27 sys=0.00, real=0.02 secs] 
2016-09-25T23:32:54.441-0400: 30.676: [GC (GCLocker Initiated GC) [PSYoungGen: 145037K->63386K(176128K)] 575612K->514860K(700416K), 0.0112902 secs] [Times: user=0.12 sys=0.00, real=0.01 secs] 
2016-09-25T23:32:54.502-0400: 30.736: [GC (GCLocker Initiated GC) [PSYoungGen: 156058K->66042K(178176K)] 612957K->550695K(702464K), 0.0074117 secs] [Times: user=0.10 sys=0.00, real=0.01 secs] 
2016-09-25T23:32:54.510-0400: 30.744: [Full GC (Ergonomics) [PSYoungGen: 66042K->0K(178176K)] [ParOldGen: 484653K->193817K(524288K)] 550695K->193817K(702464K), [Metaspace: 43525K->43525K(1087488K)], 0.0603933 secs] [Times: user=0.50 sys=0.01, real=0.06 secs] 
2016-09-25T23:32:54.616-0400: 30.850: [GC (GCLocker Initiated GC) [PSYoungGen: 96256K->63653K(177664K)] 296960K->264357K(701952K), 0.0058342 secs] [Times: user=0.07 sys=0.00, real=0.00 secs] 
2016-09-25T23:32:54.672-0400: 30.906: [GC (GCLocker Initiated GC) [PSYoungGen: 159909K->45633K(178176K)] 364953K->263973K(702464K), 0.0061230 secs] [Times: user=0.07 sys=0.00, real=0.01 secs] 
2016-09-25T23:32:54.719-0400: 30.953: [GC (GCLocker Initiated GC) [PSYoungGen: 143425K->69812K(179200K)] 370137K->299902K(703488K), 0.0081839 secs] [Times: user=0.12 sys=0.01, real=0.01 secs] 
2016-09-25T23:32:54.768-0400: 31.003: [GC (GCLocker Initiated GC) [PSYoungGen: 167604K->77731K(172032K)] 400621K->332802K(696320K), 0.0104943 secs] [Times: user=0.13 sys=0.00, real=0.01 secs] 
2016-09-25T23:32:54.820-0400: 31.055: [GC (GCLocker Initiated GC) [PSYoungGen: 166819K->84945K(174080K)] 424724K->359447K(698368K), 0.0074566 secs] [Times: user=0.10 sys=0.00, real=0.01 secs] 
2016-09-25T23:32:54.874-0400: 31.108: [GC (GCLocker Initiated GC) [PSYoungGen: 174033K->84766K(175104K)] 454056K->397838K(699392K), 0.0106505 secs] [Times: user=0.13 sys=0.01, real=0.01 secs] 
2016-09-25T23:32:54.926-0400: 31.161: [GC (GCLocker Initiated GC) [PSYoungGen: 172830K->71107K(175104K)] 485945K->406456K(699392K), 0.0093393 secs] [Times: user=0.13 sys=0.00, real=0.01 secs] 
2016-09-25T23:32:54.978-0400: 31.212: [GC (GCLocker Initiated GC) [PSYoungGen: 159171K->60595K(175104K)] 505509K->439844K(699392K), 0.0085094 secs] [Times: user=0.13 sys=0.00, real=0.01 secs] 
2016-09-25T23:32:55.032-0400: 31.266: [GC (GCLocker Initiated GC) [PSYoungGen: 148659K->57755K(175104K)] 533483K->475674K(699392K), 0.0108791 secs] [Times: user=0.15 sys=0.00, real=0.02 secs] 
2016-09-25T23:32:55.089-0400: 31.324: [GC (GCLocker Initiated GC) [PSYoungGen: 145819K->82057K(175104K)] 572127K->518395K(699392K), 0.0087902 secs] [Times: user=0.15 sys=0.00, real=0.01 secs] 
2016-09-25T23:32:55.130-0400: 31.364: [GC (GCLocker Initiated GC) [PSYoungGen: 170121K->61711K(175104K)] 606567K->514962K(699392K), 0.0075671 secs] [Times: user=0.08 sys=0.00, real=0.01 secs] 
2016-09-25T23:32:55.180-0400: 31.415: [GC (GCLocker Initiated GC) [PSYoungGen: 149775K->56456K(175104K)] 607256K->551032K(699392K), 0.0098692 secs] [Times: user=0.12 sys=0.00, real=0.01 secs] 
2016-09-25T23:32:55.190-0400: 31.425: [Full GC (Ergonomics) [PSYoungGen: 56456K->0K(175104K)] [ParOldGen: 494575K->198316K(524288K)] 551032K->198316K(699392K), [Metaspace: 43535K->43535K(1087488K)], 0.0553431 secs] [Times: user=0.48 sys=0.00, real=0.06 secs] 
2016-09-25T23:32:55.286-0400: 31.521: [GC (GCLocker Initiated GC) [PSYoungGen: 88064K->71596K(175104K)] 287446K->270979K(699392K), 0.0061283 secs] [Times: user=0.07 sys=0.01, real=0.00 secs] 
2016-09-25T23:32:55.343-0400: 31.577: [GC (GCLocker Initiated GC) [PSYoungGen: 159660K->59165K(175104K)] 380899K->287986K(699392K), 0.0072871 secs] [Times: user=0.07 sys=0.00, real=0.00 secs] 
2016-09-25T23:32:55.410-0400: 31.644: [GC (GCLocker Initiated GC) [PSYoungGen: 147229K->40093K(175104K)] 389646K->321066K(699392K), 0.0083794 secs] [Times: user=0.08 sys=0.00, real=0.01 secs] 
2016-09-25T23:32:55.448-0400: 31.682: [GC (GCLocker Initiated GC) [PSYoungGen: 128157K->71258K(175104K)] 411990K->375892K(699392K), 0.0142391 secs] [Times: user=0.19 sys=0.00, real=0.02 secs] 
2016-09-25T23:32:55.518-0400: 31.753: [GC (GCLocker Initiated GC) [PSYoungGen: 159322K->39981K(175104K)] 466918K->381942K(699392K), 0.0107749 secs] [Times: user=0.09 sys=0.00, real=0.01 secs] 
2016-09-25T23:32:55.564-0400: 31.798: [GC (GCLocker Initiated GC) [PSYoungGen: 128045K->82286K(175104K)] 472974K->450789K(699392K), 0.0080532 secs] [Times: user=0.13 sys=0.00, real=0.00 secs] 
2016-09-25T23:32:55.625-0400: 31.859: [GC (GCLocker Initiated GC) [PSYoungGen: 170350K->55011K(175104K)] 544906K->453271K(699392K), 0.0074189 secs] [Times: user=0.11 sys=0.00, real=0.00 secs] 
2016-09-25T23:32:55.671-0400: 31.905: [GC (GCLocker Initiated GC) [PSYoungGen: 143075K->63190K(175104K)] 544113K->491914K(699392K), 0.0100509 secs] [Times: user=0.14 sys=0.00, real=0.01 secs] 
2016-09-25T23:32:55.731-0400: 31.965: [GC (GCLocker Initiated GC) [PSYoungGen: 151254K->57790K(175104K)] 581497K->519793K(699392K), 0.0113337 secs] [Times: user=0.16 sys=0.00, real=0.02 secs] 
2016-09-25T23:32:55.795-0400: 32.030: [GC (GCLocker Initiated GC) [PSYoungGen: 145854K->27780K(175104K)] 613618K->540824K(699392K), 0.0126996 secs] [Times: user=0.16 sys=0.00, real=0.01 secs] 
2016-09-25T23:32:55.808-0400: 32.042: [Full GC (Ergonomics) [PSYoungGen: 27780K->0K(175104K)] [ParOldGen: 513044K->204527K(524288K)] 540824K->204527K(699392K), [Metaspace: 43537K->43537K(1087488K)], 0.0575378 secs] [Times: user=0.55 sys=0.00, real=0.06 secs] 
2016-09-25T23:32:55.899-0400: 32.134: [GC (GCLocker Initiated GC) [PSYoungGen: 88064K->79579K(175104K)] 295647K->287162K(699392K), 0.0073371 secs] [Times: user=0.10 sys=0.00, real=0.01 secs] 
2016-09-25T23:32:55.960-0400: 32.194: [GC (GCLocker Initiated GC) [PSYoungGen: 167643K->49641K(175104K)] 382057K->289149K(699392K), 0.0055978 secs] [Times: user=0.08 sys=0.00, real=0.01 secs] 
2016-09-25T23:32:56.011-0400: 32.245: [GC (GCLocker Initiated GC) [PSYoungGen: 137705K->71228K(175104K)] 382723K->327592K(699392K), 0.0101423 secs] [Times: user=0.13 sys=0.01, real=0.01 secs] 
2016-09-25T23:32:56.063-0400: 32.297: [GC (GCLocker Initiated GC) [PSYoungGen: 159292K->69742K(175104K)] 418493K->353951K(699392K), 0.0093646 secs] [Times: user=0.12 sys=0.00, real=0.00 secs] 
2016-09-25T23:32:56.108-0400: 32.342: [GC (GCLocker Initiated GC) [PSYoungGen: 157806K->60534K(175104K)] 445244K->385011K(699392K), 0.0079800 secs] [Times: user=0.10 sys=0.01, real=0.01 secs] 
2016-09-25T23:32:56.165-0400: 32.399: [GC (GCLocker Initiated GC) [PSYoungGen: 148598K->57969K(175104K)] 494723K->415605K(699392K), 0.0063687 secs] [Times: user=0.10 sys=0.00, real=0.00 secs] 
2016-09-25T23:32:56.224-0400: 32.458: [GC (GCLocker Initiated GC) [PSYoungGen: 146033K->52061K(175104K)] 511880K->426758K(699392K), 0.0084020 secs] [Times: user=0.10 sys=0.00, real=0.00 secs] 
2016-09-25T23:32:56.270-0400: 32.504: [GC (GCLocker Initiated GC) [PSYoungGen: 140125K->69937K(175104K)] 525661K->480327K(699392K), 0.0097210 secs] [Times: user=0.14 sys=0.01, real=0.01 secs] 
2016-09-25T23:32:56.330-0400: 32.564: [GC (GCLocker Initiated GC) [PSYoungGen: 158001K->54936K(175104K)] 571165K->491641K(699392K), 0.0107156 secs] [Times: user=0.11 sys=0.01, real=0.01 secs] 
2016-09-25T23:32:56.376-0400: 32.610: [GC (GCLocker Initiated GC) [PSYoungGen: 143000K->49689K(175104K)] 586382K->525979K(699392K), 0.0124752 secs] [Times: user=0.17 sys=0.01, real=0.01 secs] 
2016-09-25T23:32:56.389-0400: 32.623: [Full GC (Ergonomics) [PSYoungGen: 49689K->0K(175104K)] [ParOldGen: 476290K->211122K(524288K)] 525979K->211122K(699392K), [Metaspace: 43537K->43537K(1087488K)], 0.0557114 secs] [Times: user=0.58 sys=0.00, real=0.06 secs] 
2016-09-25T23:32:56.497-0400: 32.731: [GC (GCLocker Initiated GC) [PSYoungGen: 88064K->48363K(175104K)] 306086K->266386K(699392K), 0.0137240 secs] [Times: user=0.17 sys=0.00, real=0.01 secs] 
2016-09-25T23:32:56.557-0400: 32.792: [GC (GCLocker Initiated GC) [PSYoungGen: 136427K->69874K(175104K)] 359977K->325187K(699392K), 0.0158901 secs] [Times: user=0.20 sys=0.00, real=0.01 secs] 
2016-09-25T23:32:56.605-0400: 32.840: [GC (GCLocker Initiated GC) [PSYoungGen: 157938K->60522K(148992K)] 416050K->338102K(673280K), 0.0073632 secs] [Times: user=0.08 sys=0.00, real=0.00 secs] 
2016-09-25T23:32:56.656-0400: 32.890: [GC (GCLocker Initiated GC) [PSYoungGen: 148586K->55071K(175104K)] 431635K->379308K(699392K), 0.0102654 secs] [Times: user=0.13 sys=0.00, real=0.01 secs] 
2016-09-25T23:32:56.707-0400: 32.941: [GC (GCLocker Initiated GC) [PSYoungGen: 144671K->49719K(173568K)] 471751K->426078K(697856K), 0.0089101 secs] [Times: user=0.11 sys=0.00, real=0.01 secs] 
2016-09-25T23:32:56.754-0400: 32.988: [GC (GCLocker Initiated GC) [PSYoungGen: 139319K->75379K(171008K)] 518554K->472835K(695296K), 0.0081925 secs] [Times: user=0.10 sys=0.01, real=0.01 secs] 
2016-09-25T23:32:56.804-0400: 33.038: [GC (GCLocker Initiated GC) [PSYoungGen: 163443K->67447K(175104K)] 578616K->519719K(699392K), 0.0082393 secs] [Times: user=0.12 sys=0.00, real=0.00 secs] 
2016-09-25T23:32:56.865-0400: 33.099: [GC (GCLocker Initiated GC) [PSYoungGen: 155511K->64400K(173056K)] 615992K->549978K(697344K), 0.0109288 secs] [Times: user=0.17 sys=0.00, real=0.01 secs] 
2016-09-25T23:32:56.876-0400: 33.110: [Full GC (Ergonomics) [PSYoungGen: 64400K->0K(173056K)] [ParOldGen: 485578K->216249K(524288K)] 549978K->216249K(697344K), [Metaspace: 43537K->43537K(1087488K)], 0.0567000 secs] [Times: user=0.56 sys=0.00, real=0.05 secs] 
2016-09-25T23:32:56.979-0400: 33.214: [GC (GCLocker Initiated GC) [PSYoungGen: 88064K->78288K(174080K)] 307128K->297352K(698368K), 0.0091180 secs] [Times: user=0.08 sys=0.00, real=0.01 secs] 
2016-09-25T23:32:57.026-0400: 33.260: [GC (GCLocker Initiated GC) [PSYoungGen: 166352K->80687K(175104K)] 385552K->330405K(699392K), 0.0081267 secs] [Times: user=0.09 sys=0.00, real=0.00 secs] 
2016-09-25T23:32:57.074-0400: 33.308: [GC (GCLocker Initiated GC) [PSYoungGen: 168751K->56547K(175104K)] 423998K->334031K(699392K), 0.0076373 secs] [Times: user=0.08 sys=0.00, real=0.00 secs] 
2016-09-25T23:32:57.117-0400: 33.351: [GC (GCLocker Initiated GC) [PSYoungGen: 144611K->78170K(175104K)] 435949K->372924K(699392K), 0.0088329 secs] [Times: user=0.12 sys=0.01, real=0.01 secs] 
2016-09-25T23:32:57.170-0400: 33.404: [GC (GCLocker Initiated GC) [PSYoungGen: 166234K->50906K(175104K)] 471993K->383059K(699392K), 0.0066000 secs] [Times: user=0.08 sys=0.00, real=0.01 secs] 
2016-09-25T23:32:57.210-0400: 33.444: [GC (GCLocker Initiated GC) [PSYoungGen: 138970K->75293K(175104K)] 471213K->431051K(699392K), 0.0102230 secs] [Times: user=0.12 sys=0.00, real=0.01 secs] 
2016-09-25T23:32:57.262-0400: 33.496: [GC (GCLocker Initiated GC) [PSYoungGen: 163357K->68558K(175104K)] 524814K->456205K(699392K), 0.0091620 secs] [Times: user=0.08 sys=0.00, real=0.01 secs] 
2016-09-25T23:32:57.313-0400: 33.548: [GC (GCLocker Initiated GC) [PSYoungGen: 156622K->58943K(175104K)] 549706K->466113K(699392K), 0.0074592 secs] [Times: user=0.06 sys=0.00, real=0.01 secs] 
2016-09-25T23:32:57.363-0400: 33.598: [GC (GCLocker Initiated GC) [PSYoungGen: 147007K->86190K(175104K)] 555022K->516455K(699392K), 0.0106239 secs] [Times: user=0.11 sys=0.00, real=0.01 secs] 
2016-09-25T23:32:57.420-0400: 33.654: [GC (GCLocker Initiated GC) [PSYoungGen: 174254K->46842K(175104K)] 604563K->518275K(699392K), 0.0095262 secs] [Times: user=0.11 sys=0.00, real=0.01 secs] 
2016-09-25T23:32:57.460-0400: 33.694: [GC (GCLocker Initiated GC) [PSYoungGen: 134906K->60630K(175104K)] 607815K->559732K(699392K), 0.0169202 secs] [Times: user=0.21 sys=0.00, real=0.02 secs] 
2016-09-25T23:32:57.477-0400: 33.711: [Full GC (Ergonomics) [PSYoungGen: 60630K->0K(175104K)] [ParOldGen: 499101K->214613K(524288K)] 559732K->214613K(699392K), [Metaspace: 43537K->43537K(1087488K)], 0.0645332 secs] [Times: user=0.37 sys=0.00, real=0.06 secs] 
2016-09-25T23:32:57.586-0400: 33.820: [GC (GCLocker Initiated GC) [PSYoungGen: 88064K->75505K(175104K)] 305552K->292993K(699392K), 0.0064479 secs] [Times: user=0.09 sys=0.00, real=0.00 secs] 
2016-09-25T23:32:57.620-0400: 33.854: [GC (GCLocker Initiated GC) [PSYoungGen: 163569K->72838K(175104K)] 386601K->322327K(699392K), 0.0087130 secs] [Times: user=0.11 sys=0.00, real=0.01 secs] 
2016-09-25T23:32:57.676-0400: 33.910: [GC (GCLocker Initiated GC) [PSYoungGen: 160902K->61924K(175104K)] 416013K->343485K(699392K), 0.0066008 secs] [Times: user=0.10 sys=0.00, real=0.01 secs] 
2016-09-25T23:32:57.726-0400: 33.960: [GC (GCLocker Initiated GC) [PSYoungGen: 149988K->49573K(175104K)] 435564K->368227K(699392K), 0.0071098 secs] [Times: user=0.10 sys=0.00, real=0.00 secs] 
2016-09-25T23:32:57.770-0400: 34.004: [GC (GCLocker Initiated GC) [PSYoungGen: 137637K->68698K(175104K)] 460440K->400071K(699392K), 0.0096220 secs] [Times: user=0.10 sys=0.01, real=0.01 secs] 
2016-09-25T23:32:57.820-0400: 34.054: [GC (GCLocker Initiated GC) [PSYoungGen: 156762K->33310K(175104K)] 493612K->392478K(699392K), 0.0076213 secs] [Times: user=0.05 sys=0.00, real=0.01 secs] 
2016-09-25T23:32:57.856-0400: 34.090: [GC (GCLocker Initiated GC) [PSYoungGen: 121374K->67351K(175104K)] 483367K->470387K(699392K), 0.0077253 secs] [Times: user=0.09 sys=0.00, real=0.01 secs] 
2016-09-25T23:32:57.905-0400: 34.139: [GC (GCLocker Initiated GC) [PSYoungGen: 155415K->54970K(175104K)] 568126K->504904K(699392K), 0.0078159 secs] [Times: user=0.09 sys=0.00, real=0.00 secs] 
2016-09-25T23:32:57.944-0400: 34.179: [GC (GCLocker Initiated GC) [PSYoungGen: 143034K->66126K(175104K)] 602721K->531727K(699392K), 0.0078162 secs] [Times: user=0.08 sys=0.00, real=0.00 secs] 
2016-09-25T23:32:58.001-0400: 34.236: [GC (GCLocker Initiated GC) [PSYoungGen: 154190K->39731K(175104K)] 623930K->538679K(699392K), 0.0150012 secs] [Times: user=0.11 sys=0.00, real=0.02 secs] 
2016-09-25T23:32:58.017-0400: 34.251: [Full GC (Ergonomics) [PSYoungGen: 39731K->0K(175104K)] [ParOldGen: 498947K->201488K(524288K)] 538679K->201488K(699392K), [Metaspace: 43537K->43537K(1087488K)], 0.1469492 secs] [Times: user=1.71 sys=0.01, real=0.15 secs] 
2016-09-25T23:32:58.203-0400: 34.437: [GC (GCLocker Initiated GC) [PSYoungGen: 88064K->86337K(175104K)] 293152K->296826K(699392K), 0.0127460 secs] [Times: user=0.15 sys=0.00, real=0.01 secs] 
2016-09-25T23:32:58.262-0400: 34.497: [GC (GCLocker Initiated GC) [PSYoungGen: 174401K->86069K(175104K)] 390554K->348926K(699392K), 0.0153907 secs] [Times: user=0.18 sys=0.00, real=0.01 secs] 
2016-09-25T23:32:58.338-0400: 34.572: [GC (GCLocker Initiated GC) [PSYoungGen: 174133K->45567K(175104K)] 441151K->342831K(699392K), 0.0074696 secs] [Times: user=0.07 sys=0.00, real=0.01 secs] 
2016-09-25T23:32:58.372-0400: 34.607: [GC (GCLocker Initiated GC) [PSYoungGen: 133631K->84959K(175104K)] 439113K->426130K(699392K), 0.0114209 secs] [Times: user=0.14 sys=0.00, real=0.02 secs] 
2016-09-25T23:32:58.425-0400: 34.660: [GC (GCLocker Initiated GC) [PSYoungGen: 173023K->56281K(175104K)] 521042K->438769K(699392K), 0.0069029 secs] [Times: user=0.10 sys=0.00, real=0.00 secs] 
2016-09-25T23:32:58.489-0400: 34.724: [GC (GCLocker Initiated GC) [PSYoungGen: 144345K->84920K(175104K)] 531086K->485672K(699392K), 0.0133373 secs] [Times: user=0.18 sys=0.00, real=0.02 secs] 
2016-09-25T23:32:58.563-0400: 34.797: [GC (GCLocker Initiated GC) [PSYoungGen: 172984K->56237K(175104K)] 573931K->495693K(699392K), 0.0085680 secs] [Times: user=0.11 sys=0.00, real=0.00 secs] 
2016-09-25T23:32:58.598-0400: 34.832: [GC (GCLocker Initiated GC) [PSYoungGen: 144301K->84920K(175104K)] 584406K->556542K(699392K), 0.0086123 secs] [Times: user=0.11 sys=0.00, real=0.01 secs] 
2016-09-25T23:32:58.607-0400: 34.841: [Full GC (Ergonomics) [PSYoungGen: 84920K->0K(175104K)] [ParOldGen: 471622K->214053K(524288K)] 556542K->214053K(699392K), [Metaspace: 43537K->43537K(1087488K)], 0.0521960 secs] [Times: user=0.38 sys=0.01, real=0.05 secs] 
2016-09-25T23:32:58.714-0400: 34.948: [GC (GCLocker Initiated GC) [PSYoungGen: 88064K->72909K(175104K)] 306246K->291091K(699392K), 0.0191680 secs] [Times: user=0.23 sys=0.00, real=0.02 secs] 
2016-09-25T23:32:58.794-0400: 35.028: [GC (GCLocker Initiated GC) [PSYoungGen: 160973K->59072K(175104K)] 379281K->307999K(699392K), 0.0170307 secs] [Times: user=0.23 sys=0.01, real=0.02 secs] 
2016-09-25T23:32:58.838-0400: 35.073: [GC (GCLocker Initiated GC) [PSYoungGen: 147136K->49727K(175104K)] 401549K->337171K(699392K), 0.0073121 secs] [Times: user=0.07 sys=0.00, real=0.01 secs] 
2016-09-25T23:32:58.881-0400: 35.115: [GC (GCLocker Initiated GC) [PSYoungGen: 137791K->63158K(175104K)] 425450K->374467K(699392K), 0.0085534 secs] [Times: user=0.08 sys=0.00, real=0.01 secs] 
2016-09-25T23:32:58.932-0400: 35.166: [GC (GCLocker Initiated GC) [PSYoungGen: 151222K->56493K(175104K)] 470752K->398166K(699392K), 0.0137526 secs] [Times: user=0.08 sys=0.00, real=0.02 secs] 
2016-09-25T23:32:59.006-0400: 35.241: [GC (GCLocker Initiated GC) [PSYoungGen: 144557K->65952K(175104K)] 492013K->433099K(699392K), 0.0131296 secs] [Times: user=0.15 sys=0.01, real=0.01 secs] 
2016-09-25T23:32:59.060-0400: 35.294: [GC (GCLocker Initiated GC) [PSYoungGen: 154016K->86010K(175104K)] 526704K->482300K(699392K), 0.0096742 secs] [Times: user=0.08 sys=0.00, real=0.01 secs] 
2016-09-25T23:32:59.104-0400: 35.338: [GC (GCLocker Initiated GC) [PSYoungGen: 174074K->72697K(175104K)] 575919K->508760K(699392K), 0.0084252 secs] [Times: user=0.11 sys=0.00, real=0.00 secs] 
2016-09-25T23:32:59.145-0400: 35.379: [GC (GCLocker Initiated GC) [PSYoungGen: 160761K->60408K(175104K)] 596896K->539058K(699392K), 0.0086404 secs] [Times: user=0.13 sys=0.00, real=0.00 secs] 
2016-09-25T23:32:59.154-0400: 35.388: [Full GC (Ergonomics) [PSYoungGen: 60408K->0K(175104K)] [ParOldGen: 478650K->212824K(524288K)] 539058K->212824K(699392K), [Metaspace: 43537K->43537K(1087488K)], 0.0742340 secs] [Times: user=0.62 sys=0.00, real=0.08 secs] 
2016-09-25T23:32:59.275-0400: 35.509: [GC (GCLocker Initiated GC) [PSYoungGen: 88064K->86512K(175104K)] 306433K->311632K(699392K), 0.0138337 secs] [Times: user=0.19 sys=0.00, real=0.01 secs] 
2016-09-25T23:32:59.328-0400: 35.562: [GC (GCLocker Initiated GC) [PSYoungGen: 174576K->64605K(175104K)] 403055K->329170K(699392K), 0.0075130 secs] [Times: user=0.10 sys=0.01, real=0.01 secs] 
2016-09-25T23:32:59.362-0400: 35.596: [GC (GCLocker Initiated GC) [PSYoungGen: 152669K->83511K(175104K)] 422801K->373226K(699392K), 0.0078657 secs] [Times: user=0.09 sys=0.00, real=0.00 secs] 
2016-09-25T23:32:59.432-0400: 35.666: [GC (GCLocker Initiated GC) [PSYoungGen: 171575K->51942K(175104K)] 461396K->369355K(699392K), 0.0138955 secs] [Times: user=0.08 sys=0.00, real=0.02 secs] 
2016-09-25T23:32:59.491-0400: 35.725: [GC (GCLocker Initiated GC) [PSYoungGen: 140006K->83432K(175104K)] 457653K->423166K(699392K), 0.0116534 secs] [Times: user=0.17 sys=0.01, real=0.02 secs] 
2016-09-25T23:32:59.544-0400: 35.778: [GC (GCLocker Initiated GC) [PSYoungGen: 171496K->61729K(175104K)] 511303K->437266K(699392K), 0.0092707 secs] [Times: user=0.09 sys=0.00, real=0.00 secs] 
2016-09-25T23:32:59.582-0400: 35.816: [GC (GCLocker Initiated GC) [PSYoungGen: 149793K->67373K(175104K)] 525491K->474764K(699392K), 0.0076077 secs] [Times: user=0.07 sys=0.00, real=0.01 secs] 
2016-09-25T23:32:59.624-0400: 35.858: [GC (GCLocker Initiated GC) [PSYoungGen: 155437K->56505K(175104K)] 565757K->494588K(699392K), 0.0075366 secs] [Times: user=0.09 sys=0.00, real=0.00 secs] 
2016-09-25T23:32:59.665-0400: 35.899: [GC (GCLocker Initiated GC) [PSYoungGen: 144569K->70058K(175104K)] 582825K->542852K(699392K), 0.0104163 secs] [Times: user=0.11 sys=0.01, real=0.01 secs] 
2016-09-25T23:32:59.712-0400: 35.946: [Full GC (Ergonomics) [PSYoungGen: 158122K->0K(175104K)] [ParOldGen: 481094K->221720K(524288K)] 639216K->221720K(699392K), [Metaspace: 43538K->43538K(1087488K)], 0.0670592 secs] [Times: user=0.52 sys=0.00, real=0.07 secs] 
2016-09-25T23:32:59.822-0400: 36.056: [GC (GCLocker Initiated GC) [PSYoungGen: 88064K->66188K(175104K)] 316202K->294334K(699392K), 0.0054233 secs] [Times: user=0.07 sys=0.00, real=0.00 secs] 
2016-09-25T23:32:59.870-0400: 36.105: [GC (GCLocker Initiated GC) [PSYoungGen: 154252K->53733K(175104K)] 382590K->327506K(699392K), 0.0100045 secs] [Times: user=0.17 sys=0.00, real=0.01 secs] 
2016-09-25T23:32:59.927-0400: 36.161: [GC (GCLocker Initiated GC) [PSYoungGen: 141797K->55189K(175104K)] 425161K->390453K(699392K), 0.0077459 secs] [Times: user=0.11 sys=0.00, real=0.01 secs] 
2016-09-25T23:32:59.966-0400: 36.201: [GC (GCLocker Initiated GC) [PSYoungGen: 143253K->68541K(175104K)] 478740K->427645K(699392K), 0.0094848 secs] [Times: user=0.10 sys=0.00, real=0.01 secs] 
2016-09-25T23:33:00.025-0400: 36.260: [GC (GCLocker Initiated GC) [PSYoungGen: 156605K->45486K(175104K)] 517111K->441825K(699392K), 0.0079851 secs] [Times: user=0.09 sys=0.01, real=0.00 secs] 
2016-09-25T23:33:00.054-0400: 36.288: [GC (GCLocker Initiated GC) [PSYoungGen: 133550K->82322K(175104K)] 530901K->507262K(699392K), 0.0080424 secs] [Times: user=0.11 sys=0.00, real=0.01 secs] 
2016-09-25T23:33:00.112-0400: 36.346: [GC (GCLocker Initiated GC) [PSYoungGen: 170386K->48176K(175104K)] 595366K->525326K(699392K), 0.0070144 secs] [Times: user=0.10 sys=0.00, real=0.01 secs] 
2016-09-25T23:33:00.119-0400: 36.353: [Full GC (Ergonomics) [PSYoungGen: 48176K->0K(175104K)] [ParOldGen: 477150K->215964K(524288K)] 525326K->215964K(699392K), [Metaspace: 43660K->43660K(1087488K)], 0.0565803 secs] [Times: user=0.46 sys=0.01, real=0.06 secs] 
2016-09-25T23:33:00.207-0400: 36.441: [GC (GCLocker Initiated GC) [PSYoungGen: 88064K->78194K(175104K)] 304155K->294286K(699392K), 0.0133364 secs] [Times: user=0.18 sys=0.00, real=0.01 secs] 
2016-09-25T23:33:00.264-0400: 36.498: [GC (GCLocker Initiated GC) [PSYoungGen: 166258K->61944K(175104K)] 382578K->312826K(699392K), 0.0203942 secs] [Times: user=0.29 sys=0.00, real=0.02 secs] 
2016-09-25T23:33:00.321-0400: 36.555: [GC (GCLocker Initiated GC) [PSYoungGen: 150008K->56539K(175104K)] 401017K->352821K(699392K), 0.0078741 secs] [Times: user=0.11 sys=0.00, real=0.01 secs] 
2016-09-25T23:33:00.364-0400: 36.599: [GC (GCLocker Initiated GC) [PSYoungGen: 144603K->60671K(175104K)] 447648K->403583K(699392K), 0.0076397 secs] [Times: user=0.12 sys=0.00, real=0.00 secs] 
2016-09-25T23:33:00.416-0400: 36.650: [GC (GCLocker Initiated GC) [PSYoungGen: 148735K->41397K(175104K)] 491979K->424614K(699392K), 0.0096368 secs] [Times: user=0.08 sys=0.00, real=0.01 secs] 
2016-09-25T23:33:00.455-0400: 36.689: [GC (GCLocker Initiated GC) [PSYoungGen: 129461K->78242K(175104K)] 512700K->482236K(699392K), 0.0108436 secs] [Times: user=0.12 sys=0.00, real=0.01 secs] 
2016-09-25T23:33:00.509-0400: 36.743: [GC (GCLocker Initiated GC) [PSYoungGen: 166306K->60478K(175104K)] 573172K->496469K(699392K), 0.0075417 secs] [Times: user=0.07 sys=0.01, real=0.01 secs] 
2016-09-25T23:33:00.547-0400: 36.781: [GC (GCLocker Initiated GC) [PSYoungGen: 148542K->64733K(175104K)] 591415K->540672K(699392K), 0.0074381 secs] [Times: user=0.10 sys=0.00, real=0.01 secs] 
2016-09-25T23:33:00.555-0400: 36.789: [Full GC (Ergonomics) [PSYoungGen: 64733K->0K(175104K)] [ParOldGen: 475939K->227079K(524288K)] 540672K->227079K(699392K), [Metaspace: 43660K->43660K(1087488K)], 0.0610160 secs] [Times: user=0.45 sys=0.00, real=0.06 secs] 
2016-09-25T23:33:00.660-0400: 36.894: [GC (GCLocker Initiated GC) [PSYoungGen: 88064K->74224K(175104K)] 320655K->306816K(699392K), 0.0069363 secs] [Times: user=0.09 sys=0.00, real=0.01 secs] 
2016-09-25T23:33:00.717-0400: 36.951: [GC (GCLocker Initiated GC) [PSYoungGen: 162288K->59196K(175104K)] 404213K->322271K(699392K), 0.0099926 secs] [Times: user=0.11 sys=0.00, real=0.01 secs] 
2016-09-25T23:33:00.757-0400: 36.992: [GC (GCLocker Initiated GC) [PSYoungGen: 147260K->65971K(175104K)] 410601K->366524K(699392K), 0.0079059 secs] [Times: user=0.11 sys=0.00, real=0.01 secs] 
2016-09-25T23:33:00.814-0400: 37.049: [GC (GCLocker Initiated GC) [PSYoungGen: 154035K->56534K(175104K)] 462747K->405136K(699392K), 0.0104343 secs] [Times: user=0.15 sys=0.00, real=0.01 secs] 
2016-09-25T23:33:00.858-0400: 37.092: [GC (GCLocker Initiated GC) [PSYoungGen: 144598K->84849K(175104K)] 498715K->453202K(699392K), 0.0155062 secs] [Times: user=0.21 sys=0.00, real=0.01 secs] 
2016-09-25T23:33:00.923-0400: 37.158: [GC (GCLocker Initiated GC) [PSYoungGen: 172913K->72707K(175104K)] 544587K->491006K(699392K), 0.0077604 secs] [Times: user=0.11 sys=0.01, real=0.00 secs] 
2016-09-25T23:33:00.964-0400: 37.198: [GC (GCLocker Initiated GC) [PSYoungGen: 160771K->72664K(175104K)] 584563K->522791K(699392K), 0.0098419 secs] [Times: user=0.12 sys=0.00, real=0.01 secs] 
2016-09-25T23:33:01.017-0400: 37.251: [GC (GCLocker Initiated GC) [PSYoungGen: 160728K->56352K(175104K)] 619149K->535658K(699392K), 0.0080689 secs] [Times: user=0.08 sys=0.00, real=0.01 secs] 
2016-09-25T23:33:01.025-0400: 37.259: [Full GC (Ergonomics) [PSYoungGen: 56352K->0K(175104K)] [ParOldGen: 479305K->227302K(524288K)] 535658K->227302K(699392K), [Metaspace: 43664K->43664K(1087488K)], 0.0633882 secs] [Times: user=0.42 sys=0.02, real=0.06 secs] 
2016-09-25T23:33:01.133-0400: 37.368: [GC (GCLocker Initiated GC) [PSYoungGen: 88064K->75529K(175104K)] 318205K->305670K(699392K), 0.0062226 secs] [Times: user=0.07 sys=0.01, real=0.01 secs] 
2016-09-25T23:33:01.183-0400: 37.418: [GC (GCLocker Initiated GC) [PSYoungGen: 163593K->72738K(175104K)] 398305K->331251K(699392K), 0.0089900 secs] [Times: user=0.14 sys=0.00, real=0.00 secs] 
2016-09-25T23:33:01.225-0400: 37.459: [GC (GCLocker Initiated GC) [PSYoungGen: 160802K->75363K(175104K)] 424792K->377885K(699392K), 0.0100132 secs] [Times: user=0.11 sys=0.01, real=0.01 secs] 
2016-09-25T23:33:01.281-0400: 37.516: [GC (GCLocker Initiated GC) [PSYoungGen: 163427K->49606K(175104K)] 472057K->398027K(699392K), 0.0071894 secs] [Times: user=0.09 sys=0.01, real=0.01 secs] 
2016-09-25T23:33:01.325-0400: 37.559: [GC (GCLocker Initiated GC) [PSYoungGen: 137670K->80724K(175104K)] 486226K->448738K(699392K), 0.0124209 secs] [Times: user=0.16 sys=0.00, real=0.01 secs] 
2016-09-25T23:33:01.388-0400: 37.622: [GC (Allocation Failure) [PSYoungGen: 168788K->41661K(175104K)] 549722K->465048K(699392K), 0.0191944 secs] [Times: user=0.25 sys=0.01, real=0.02 secs] 
2016-09-25T23:33:01.444-0400: 37.679: [GC (GCLocker Initiated GC) [PSYoungGen: 127422K->61620K(175104K)] 553509K->511342K(699392K), 0.0078334 secs] [Times: user=0.07 sys=0.00, real=0.00 secs] 
2016-09-25T23:33:01.493-0400: 37.727: [GC (GCLocker Initiated GC) [PSYoungGen: 149684K->64601K(175104K)] 610318K->554035K(699392K), 0.0075149 secs] [Times: user=0.08 sys=0.01, real=0.01 secs] 
2016-09-25T23:33:01.501-0400: 37.735: [Full GC (Ergonomics) [PSYoungGen: 64601K->0K(175104K)] [ParOldGen: 489433K->230214K(524288K)] 554035K->230214K(699392K), [Metaspace: 43664K->43664K(1087488K)], 0.0596430 secs] [Times: user=0.56 sys=0.00, real=0.06 secs] 
2016-09-25T23:33:01.603-0400: 37.837: [GC (GCLocker Initiated GC) [PSYoungGen: 88064K->86289K(175104K)] 321063K->321988K(699392K), 0.0081014 secs] [Times: user=0.10 sys=0.00, real=0.00 secs] 
2016-09-25T23:33:01.655-0400: 37.889: [GC (GCLocker Initiated GC) [PSYoungGen: 174353K->53666K(175104K)] 421073K->321379K(699392K), 0.0157311 secs] [Times: user=0.14 sys=0.00, real=0.01 secs] 
2016-09-25T23:33:01.725-0400: 37.959: [GC (GCLocker Initiated GC) [PSYoungGen: 141730K->24973K(175104K)] 409700K->312475K(699392K), 0.0065964 secs] [Times: user=0.05 sys=0.00, real=0.00 secs] 
2016-09-25T23:33:01.764-0400: 37.998: [GC (GCLocker Initiated GC) [PSYoungGen: 113037K->71493K(175104K)] 410141K->397489K(699392K), 0.0097453 secs] [Times: user=0.12 sys=0.00, real=0.00 secs] 
2016-09-25T23:33:01.824-0400: 38.058: [GC (GCLocker Initiated GC) [PSYoungGen: 159557K->46918K(175104K)] 497043K->409485K(699392K), 0.0178624 secs] [Times: user=0.18 sys=0.00, real=0.01 secs] 
2016-09-25T23:33:01.881-0400: 38.115: [GC (GCLocker Initiated GC) [PSYoungGen: 134982K->56265K(175104K)] 497570K->454660K(699392K), 0.0074396 secs] [Times: user=0.10 sys=0.00, real=0.01 secs] 
2016-09-25T23:33:01.925-0400: 38.159: [GC (GCLocker Initiated GC) [PSYoungGen: 144329K->86306K(175104K)] 551202K->507138K(699392K), 0.0072327 secs] [Times: user=0.11 sys=0.00, real=0.00 secs] 
2016-09-25T23:33:01.978-0400: 38.213: [GC (GCLocker Initiated GC) [PSYoungGen: 174370K->42754K(175104K)] 608966K->495648K(699392K), 0.0087120 secs] [Times: user=0.10 sys=0.00, real=0.01 secs] 
2016-09-25T23:33:02.013-0400: 38.248: [GC (GCLocker Initiated GC) [PSYoungGen: 130818K->80723K(175104K)] 586589K->554536K(699392K), 0.0090327 secs] [Times: user=0.14 sys=0.00, real=0.02 secs] 
2016-09-25T23:33:02.069-0400: 38.304: [Full GC (Ergonomics) [PSYoungGen: 168787K->0K(175104K)] [ParOldGen: 480668K->229727K(524288K)] 649455K->229727K(699392K), [Metaspace: 43664K->43664K(1087488K)], 0.0560472 secs] [Times: user=0.47 sys=0.01, real=0.06 secs] 
2016-09-25T23:33:02.172-0400: 38.406: [GC (GCLocker Initiated GC) [PSYoungGen: 88064K->74165K(175104K)] 326120K->312221K(699392K), 0.0083605 secs] [Times: user=0.09 sys=0.00, real=0.01 secs] 
2016-09-25T23:33:02.205-0400: 38.440: [GC (GCLocker Initiated GC) [PSYoungGen: 162229K->71145K(175104K)] 400483K->334489K(699392K), 0.0090207 secs] [Times: user=0.13 sys=0.00, real=0.01 secs] 
2016-09-25T23:33:02.260-0400: 38.494: [GC (GCLocker Initiated GC) [PSYoungGen: 159209K->50928K(175104K)] 425303K->347239K(699392K), 0.0100481 secs] [Times: user=0.13 sys=0.01, real=0.01 secs] 
2016-09-25T23:33:02.303-0400: 38.538: [GC (GCLocker Initiated GC) [PSYoungGen: 138992K->71333K(175104K)] 435414K->402112K(699392K), 0.0096182 secs] [Times: user=0.14 sys=0.00, real=0.00 secs] 
2016-09-25T23:33:02.354-0400: 38.588: [GC (GCLocker Initiated GC) [PSYoungGen: 159397K->59201K(175104K)] 495810K->424686K(699392K), 0.0089478 secs] [Times: user=0.09 sys=0.00, real=0.01 secs] 
2016-09-25T23:33:02.393-0400: 38.627: [GC (GCLocker Initiated GC) [PSYoungGen: 147265K->72723K(175104K)] 512894K->468715K(699392K), 0.0072321 secs] [Times: user=0.11 sys=0.00, real=0.01 secs] 
2016-09-25T23:33:02.438-0400: 38.673: [GC (GCLocker Initiated GC) [PSYoungGen: 160787K->64561K(175104K)] 575252K->490519K(699392K), 0.0071961 secs] [Times: user=0.07 sys=0.00, real=0.01 secs] 
2016-09-25T23:33:02.495-0400: 38.729: [GC (GCLocker Initiated GC) [PSYoungGen: 152625K->61683K(175104K)] 581737K->498216K(699392K), 0.0059303 secs] [Times: user=0.08 sys=0.00, real=0.00 secs] 
2016-09-25T23:33:02.536-0400: 38.770: [GC (GCLocker Initiated GC) [PSYoungGen: 149747K->71249K(175104K)] 587807K->550343K(699392K), 0.0080720 secs] [Times: user=0.10 sys=0.00, real=0.01 secs] 
2016-09-25T23:33:02.544-0400: 38.778: [Full GC (Ergonomics) [PSYoungGen: 71249K->0K(175104K)] [ParOldGen: 479093K->236767K(524288K)] 550343K->236767K(699392K), [Metaspace: 43668K->43668K(1087488K)], 0.0571860 secs] [Times: user=0.50 sys=0.00, real=0.05 secs] 
2016-09-25T23:33:02.648-0400: 38.882: [GC (GCLocker Initiated GC) [PSYoungGen: 88064K->79493K(175104K)] 327655K->319085K(699392K), 0.0068272 secs] [Times: user=0.09 sys=0.00, real=0.01 secs] 
2016-09-25T23:33:02.697-0400: 38.932: [GC (GCLocker Initiated GC) [PSYoungGen: 167557K->61814K(175104K)] 407166K->342692K(699392K), 1.2065861 secs] [Times: user=0.18 sys=0.01, real=1.21 secs] 
2016-09-25T23:33:03.946-0400: 40.180: [GC (GCLocker Initiated GC) [PSYoungGen: 149878K->79515K(175104K)] 433563K->382765K(699392K), 0.0071589 secs] [Times: user=0.09 sys=0.00, real=0.00 secs] 
2016-09-25T23:33:03.988-0400: 40.222: [GC (GCLocker Initiated GC) [PSYoungGen: 167579K->63272K(175104K)] 480373K->399724K(699392K), 0.0086855 secs] [Times: user=0.07 sys=0.01, real=0.01 secs] 
2016-09-25T23:33:04.047-0400: 40.281: [GC (GCLocker Initiated GC) [PSYoungGen: 151336K->72446K(175104K)] 490622K->436680K(699392K), 0.0145384 secs] [Times: user=0.10 sys=0.02, real=0.01 secs] 
2016-09-25T23:33:04.114-0400: 40.348: [GC (GCLocker Initiated GC) [PSYoungGen: 160510K->86098K(175104K)] 526193K->480627K(699392K), 0.0205097 secs] [Times: user=0.30 sys=0.01, real=0.03 secs] 
2016-09-25T23:33:04.180-0400: 40.414: [GC (GCLocker Initiated GC) [PSYoungGen: 174162K->67250K(175104K)] 572854K->482706K(699392K), 0.0077903 secs] [Times: user=0.08 sys=0.00, real=0.01 secs] 
2016-09-25T23:33:04.223-0400: 40.457: [GC (GCLocker Initiated GC) [PSYoungGen: 155314K->56220K(175104K)] 573591K->510350K(699392K), 0.0099915 secs] [Times: user=0.10 sys=0.00, real=0.00 secs] 
2016-09-25T23:33:04.264-0400: 40.498: [GC (GCLocker Initiated GC) [PSYoungGen: 144284K->56322K(175104K)] 601272K->547586K(699392K), 0.0145282 secs] [Times: user=0.12 sys=0.01, real=0.01 secs] 
2016-09-25T23:33:04.278-0400: 40.513: [Full GC (Ergonomics) [PSYoungGen: 56322K->0K(175104K)] [ParOldGen: 491263K->239582K(524288K)] 547586K->239582K(699392K), [Metaspace: 43672K->43672K(1087488K)], 0.0997779 secs] [Times: user=0.54 sys=0.01, real=0.10 secs] 
2016-09-25T23:33:04.426-0400: 40.660: [GC (GCLocker Initiated GC) [PSYoungGen: 88064K->64571K(175104K)] 330413K->306921K(699392K), 0.0096337 secs] [Times: user=0.12 sys=0.00, real=0.01 secs] 
2016-09-25T23:33:04.466-0400: 40.700: [GC (GCLocker Initiated GC) [PSYoungGen: 152635K->57736K(175104K)] 395075K->325153K(699392K), 0.0085637 secs] [Times: user=0.07 sys=0.00, real=0.01 secs] 
2016-09-25T23:33:04.526-0400: 40.760: [GC (GCLocker Initiated GC) [PSYoungGen: 145800K->39967K(175104K)] 418748K->341965K(699392K), 0.0119979 secs] [Times: user=0.11 sys=0.00, real=0.01 secs] 
2016-09-25T23:33:04.592-0400: 40.826: [GC (GCLocker Initiated GC) [PSYoungGen: 128031K->49508K(175104K)] 430045K->383129K(699392K), 0.0154018 secs] [Times: user=0.13 sys=0.00, real=0.02 secs] 
2016-09-25T23:33:04.664-0400: 40.899: [GC (GCLocker Initiated GC) [PSYoungGen: 137572K->56277K(175104K)] 476677K->427076K(699392K), 0.0084673 secs] [Times: user=0.08 sys=0.00, real=0.00 secs] 
2016-09-25T23:33:04.709-0400: 40.943: [GC (GCLocker Initiated GC) [PSYoungGen: 144341K->59182K(175104K)] 517981K->452254K(699392K), 0.0146472 secs] [Times: user=0.15 sys=0.00, real=0.02 secs] 
2016-09-25T23:33:04.757-0400: 40.991: [GC (GCLocker Initiated GC) [PSYoungGen: 147246K->79432K(175104K)] 540992K->506254K(699392K), 0.0092829 secs] [Times: user=0.10 sys=0.00, real=0.01 secs] 
2016-09-25T23:33:04.801-0400: 41.035: [GC (GCLocker Initiated GC) [PSYoungGen: 167496K->63188K(175104K)] 599881K->523261K(699392K), 0.0087735 secs] [Times: user=0.12 sys=0.01, real=0.01 secs] 
2016-09-25T23:33:04.847-0400: 41.081: [GC (GCLocker Initiated GC) [PSYoungGen: 151252K->86182K(175104K)] 614156K->567216K(699392K), 0.0107751 secs] [Times: user=0.13 sys=0.00, real=0.01 secs] 
2016-09-25T23:33:04.858-0400: 41.092: [Full GC (Ergonomics) [PSYoungGen: 86182K->0K(175104K)] [ParOldGen: 481034K->239599K(524288K)] 567216K->239599K(699392K), [Metaspace: 43679K->43679K(1087488K)], 0.0605387 secs] [Times: user=0.46 sys=0.01, real=0.06 secs] 
2016-09-25T23:33:04.956-0400: 41.190: [GC (GCLocker Initiated GC) [PSYoungGen: 88064K->82292K(175104K)] 330511K->324740K(699392K), 0.0067659 secs] [Times: user=0.09 sys=0.00, real=0.01 secs] 
2016-09-25T23:33:05.003-0400: 41.238: [GC (GCLocker Initiated GC) [PSYoungGen: 170356K->65855K(175104K)] 413060K->328304K(699392K), 0.0094030 secs] [Times: user=0.14 sys=0.00, real=0.00 secs] 
2016-09-25T23:33:05.051-0400: 41.285: [GC (GCLocker Initiated GC) [PSYoungGen: 153919K->69982K(175104K)] 419128K->354707K(699392K), 0.0087324 secs] [Times: user=0.13 sys=0.00, real=0.01 secs] 
2016-09-25T23:33:05.094-0400: 41.328: [GC (GCLocker Initiated GC) [PSYoungGen: 158046K->76764K(175104K)] 445571K->382466K(699392K), 0.0096059 secs] [Times: user=0.15 sys=0.00, real=0.02 secs] 
2016-09-25T23:33:05.147-0400: 41.381: [GC (GCLocker Initiated GC) [PSYoungGen: 164828K->56386K(175104K)] 478732K->412796K(699392K), 0.0092309 secs] [Times: user=0.14 sys=0.00, real=0.01 secs] 
2016-09-25T23:33:05.192-0400: 41.426: [GC (GCLocker Initiated GC) [PSYoungGen: 144450K->67109K(175104K)] 501042K->444500K(699392K), 0.0088636 secs] [Times: user=0.11 sys=0.00, real=0.01 secs] 
2016-09-25T23:33:05.236-0400: 41.470: [GC (GCLocker Initiated GC) [PSYoungGen: 155173K->80967K(175104K)] 538141K->488754K(699392K), 0.0111865 secs] [Times: user=0.11 sys=0.02, real=0.01 secs] 
2016-09-25T23:33:05.285-0400: 41.520: [GC (GCLocker Initiated GC) [PSYoungGen: 169031K->72650K(175104K)] 585111K->508394K(699392K), 0.0089635 secs] [Times: user=0.11 sys=0.00, real=0.01 secs] 
2016-09-25T23:33:05.333-0400: 41.568: [GC (GCLocker Initiated GC) [PSYoungGen: 160714K->56309K(175104K)] 602046K->529259K(699392K), 0.0092525 secs] [Times: user=0.09 sys=0.00, real=0.02 secs] 
2016-09-25T23:33:05.387-0400: 41.621: [GC (GCLocker Initiated GC) [PSYoungGen: 144373K->78114K(175104K)] 620140K->575985K(699392K), 0.0074041 secs] [Times: user=0.08 sys=0.00, real=0.01 secs] 
2016-09-25T23:33:05.394-0400: 41.629: [Full GC (Ergonomics) [PSYoungGen: 78114K->0K(175104K)] [ParOldGen: 497870K->242730K(524288K)] 575985K->242730K(699392K), [Metaspace: 43679K->43679K(1087488K)], 0.0547771 secs] [Times: user=0.44 sys=0.01, real=0.05 secs] 
2016-09-25T23:33:05.487-0400: 41.721: [GC (GCLocker Initiated GC) [PSYoungGen: 88064K->78178K(175104K)] 333615K->323729K(699392K), 0.0059194 secs] [Times: user=0.08 sys=0.01, real=0.00 secs] 
2016-09-25T23:33:05.541-0400: 41.775: [GC (Allocation Failure) [PSYoungGen: 166242K->68630K(175104K)] 420038K->359753K(699392K), 0.0075663 secs] [Times: user=0.11 sys=0.00, real=0.01 secs] 
2016-09-25T23:33:05.554-0400: 41.788: [GC (GCLocker Initiated GC) [PSYoungGen: 69277K->96K(175104K)] 360400K->358171K(699392K), 0.0090871 secs] [Times: user=0.08 sys=0.00, real=0.02 secs] 
2016-09-25T23:33:05.595-0400: 41.830: [GC (GCLocker Initiated GC) [PSYoungGen: 88160K->79483K(175104K)] 446253K->437585K(699392K), 0.0101594 secs] [Times: user=0.15 sys=0.00, real=0.01 secs] 
2016-09-25T23:33:05.644-0400: 41.878: [GC (GCLocker Initiated GC) [PSYoungGen: 167547K->68662K(175104K)] 525781K->445205K(699392K), 0.0071955 secs] [Times: user=0.08 sys=0.00, real=0.00 secs] 
2016-09-25T23:33:05.690-0400: 41.924: [GC (GCLocker Initiated GC) [PSYoungGen: 156726K->67170K(175104K)] 533430K->478294K(699392K), 0.0092130 secs] [Times: user=0.12 sys=0.00, real=0.01 secs] 
2016-09-25T23:33:05.737-0400: 41.971: [GC (GCLocker Initiated GC) [PSYoungGen: 155234K->67151K(175104K)] 569297K->498006K(699392K), 0.0085745 secs] [Times: user=0.07 sys=0.00, real=0.01 secs] 
2016-09-25T23:33:05.786-0400: 42.020: [GC (GCLocker Initiated GC) [PSYoungGen: 155215K->68629K(175104K)] 591585K->527244K(699392K), 0.0070227 secs] [Times: user=0.10 sys=0.00, real=0.00 secs] 
2016-09-25T23:33:05.834-0400: 42.068: [GC (GCLocker Initiated GC) [PSYoungGen: 156693K->44241K(175104K)] 616827K->548269K(699392K), 0.0092002 secs] [Times: user=0.14 sys=0.00, real=0.02 secs] 
2016-09-25T23:33:05.843-0400: 42.077: [Full GC (Ergonomics) [PSYoungGen: 44241K->0K(175104K)] [ParOldGen: 504027K->234232K(524288K)] 548269K->234232K(699392K), [Metaspace: 43679K->43679K(1087488K)], 0.0522155 secs] [Times: user=0.47 sys=0.00, real=0.05 secs] 
2016-09-25T23:33:05.932-0400: 42.166: [GC (GCLocker Initiated GC) [PSYoungGen: 88064K->86574K(175104K)] 330498K->331708K(699392K), 0.0082792 secs] [Times: user=0.11 sys=0.00, real=0.01 secs] 
2016-09-25T23:33:05.988-0400: 42.222: [GC (GCLocker Initiated GC) [PSYoungGen: 174638K->63085K(175104K)] 425230K->342976K(699392K), 0.0098876 secs] [Times: user=0.11 sys=0.00, real=0.01 secs] 
2016-09-25T23:33:06.029-0400: 42.263: [GC (GCLocker Initiated GC) [PSYoungGen: 151149K->67353K(175104K)] 433903K->373623K(699392K), 0.0075900 secs] [Times: user=0.09 sys=0.00, real=0.01 secs] 
2016-09-25T23:33:06.086-0400: 42.320: [GC (GCLocker Initiated GC) [PSYoungGen: 155417K->45485K(175104K)] 467377K->387768K(699392K), 0.0072428 secs] [Times: user=0.07 sys=0.00, real=0.00 secs] 
2016-09-25T23:33:06.123-0400: 42.357: [GC (GCLocker Initiated GC) [PSYoungGen: 133549K->72631K(175104K)] 478790K->442835K(699392K), 0.0097383 secs] [Times: user=0.15 sys=0.00, real=0.00 secs] 
2016-09-25T23:33:06.177-0400: 42.411: [GC (GCLocker Initiated GC) [PSYoungGen: 160695K->64301K(175104K)] 537302K->460361K(699392K), 0.0091219 secs] [Times: user=0.08 sys=0.00, real=0.01 secs] 
2016-09-25T23:33:06.230-0400: 42.464: [GC (GCLocker Initiated GC) [PSYoungGen: 152365K->48021K(175104K)] 548479K->460902K(699392K), 0.0110558 secs] [Times: user=0.10 sys=0.01, real=0.01 secs] 
2016-09-25T23:33:06.273-0400: 42.507: [GC (GCLocker Initiated GC) [PSYoungGen: 136085K->86276K(175104K)] 557278K->524132K(699392K), 0.0110612 secs] [Times: user=0.10 sys=0.00, real=0.02 secs] 
2016-09-25T23:33:06.335-0400: 42.569: [GC (GCLocker Initiated GC) [PSYoungGen: 174340K->58896K(175104K)] 616454K->523320K(699392K), 0.0085985 secs] [Times: user=0.09 sys=0.01, real=0.01 secs] 
2016-09-25T23:33:06.374-0400: 42.608: [GC (GCLocker Initiated GC) [PSYoungGen: 146960K->78000K(175104K)] 614278K->572764K(699392K), 0.0075822 secs] [Times: user=0.11 sys=0.00, real=0.01 secs] 
2016-09-25T23:33:06.382-0400: 42.616: [Full GC (Ergonomics) [PSYoungGen: 78000K->0K(175104K)] [ParOldGen: 494764K->256381K(524288K)] 572764K->256381K(699392K), [Metaspace: 43679K->43679K(1087488K)], 0.0657697 secs] [Times: user=0.54 sys=0.02, real=0.07 secs] 
2016-09-25T23:33:06.488-0400: 42.722: [GC (GCLocker Initiated GC) [PSYoungGen: 88064K->64799K(175104K)] 358079K->334815K(699392K), 0.0098799 secs] [Times: user=0.10 sys=0.00, real=0.01 secs] 
2016-09-25T23:33:06.535-0400: 42.769: [GC (GCLocker Initiated GC) [PSYoungGen: 152863K->44045K(175104K)] 422985K->344748K(699392K), 0.0085411 secs] [Times: user=0.09 sys=0.00, real=0.01 secs] 
2016-09-25T23:33:06.580-0400: 42.814: [GC (GCLocker Initiated GC) [PSYoungGen: 132109K->60334K(175104K)] 435750K->391460K(699392K), 0.0101943 secs] [Times: user=0.08 sys=0.00, real=0.01 secs] 
2016-09-25T23:33:06.633-0400: 42.868: [GC (GCLocker Initiated GC) [PSYoungGen: 148398K->42729K(175104K)] 479613K->409634K(699392K), 0.0067370 secs] [Times: user=0.05 sys=0.00, real=0.01 secs] 
2016-09-25T23:33:06.677-0400: 42.911: [GC (GCLocker Initiated GC) [PSYoungGen: 130793K->78355K(175104K)] 508625K->486427K(699392K), 0.0083566 secs] [Times: user=0.12 sys=0.00, real=0.01 secs] 
2016-09-25T23:33:06.735-0400: 42.969: [GC (GCLocker Initiated GC) [PSYoungGen: 166419K->40041K(175104K)] 578629K->484134K(699392K), 0.0116317 secs] [Times: user=0.09 sys=0.00, real=0.01 secs] 
2016-09-25T23:33:06.781-0400: 43.016: [GC (GCLocker Initiated GC) [PSYoungGen: 128105K->84847K(175104K)] 572250K->553871K(699392K), 0.0081093 secs] [Times: user=0.11 sys=0.00, real=0.01 secs] 
2016-09-25T23:33:06.837-0400: 43.071: [GC (GCLocker Initiated GC) [PSYoungGen: 172911K->31964K(175104K)] 643473K->535557K(699392K), 0.0078545 secs] [Times: user=0.05 sys=0.00, real=0.01 secs] 
2016-09-25T23:33:06.845-0400: 43.079: [Full GC (Ergonomics) [PSYoungGen: 31964K->0K(175104K)] [ParOldGen: 503593K->241279K(524288K)] 535557K->241279K(699392K), [Metaspace: 43679K->43679K(1087488K)], 0.0613151 secs] [Times: user=0.39 sys=0.02, real=0.06 secs] 
2016-09-25T23:33:06.947-0400: 43.181: [GC (GCLocker Initiated GC) [PSYoungGen: 88064K->63204K(175104K)] 334932K->310073K(699392K), 0.0065087 secs] [Times: user=0.06 sys=0.00, real=0.00 secs] 
2016-09-25T23:33:06.992-0400: 43.226: [GC (GCLocker Initiated GC) [PSYoungGen: 151268K->80929K(175104K)] 406401K->363686K(699392K), 0.0100864 secs] [Times: user=0.14 sys=0.01, real=0.02 secs] 
2016-09-25T23:33:07.044-0400: 43.278: [GC (GCLocker Initiated GC) [PSYoungGen: 168993K->75142K(175104K)] 454528K->389826K(699392K), 0.0075050 secs] [Times: user=0.10 sys=0.00, real=0.00 secs] 
2016-09-25T23:33:07.083-0400: 43.318: [GC (GCLocker Initiated GC) [PSYoungGen: 163206K->76771K(175104K)] 478595K->435804K(699392K), 0.0101421 secs] [Times: user=0.11 sys=0.00, real=0.00 secs] 
2016-09-25T23:33:07.146-0400: 43.381: [GC (GCLocker Initiated GC) [PSYoungGen: 164835K->38724K(175104K)] 530756K->434996K(699392K), 0.0094237 secs] [Times: user=0.09 sys=0.00, real=0.01 secs] 
2016-09-25T23:33:07.188-0400: 43.422: [GC (GCLocker Initiated GC) [PSYoungGen: 126788K->76664K(175104K)] 528529K->488314K(699392K), 0.0066010 secs] [Times: user=0.08 sys=0.00, real=0.01 secs] 
2016-09-25T23:33:07.242-0400: 43.476: [GC (GCLocker Initiated GC) [PSYoungGen: 164728K->52376K(175104K)] 583273K->497211K(699392K), 0.0093696 secs] [Times: user=0.10 sys=0.00, real=0.00 secs] 
2016-09-25T23:33:07.293-0400: 43.528: [GC (GCLocker Initiated GC) [PSYoungGen: 140440K->55040K(175104K)] 588173K->549374K(699392K), 0.0072863 secs] [Times: user=0.10 sys=0.00, real=0.01 secs] 
2016-09-25T23:33:07.301-0400: 43.535: [Full GC (Ergonomics) [PSYoungGen: 55040K->0K(175104K)] [ParOldGen: 494334K->258546K(524288K)] 549374K->258546K(699392K), [Metaspace: 43680K->43680K(1087488K)], 0.0618742 secs] [Times: user=0.53 sys=0.00, real=0.07 secs] 
2016-09-25T23:33:07.394-0400: 43.628: [GC (GCLocker Initiated GC) [PSYoungGen: 88064K->75690K(175104K)] 352312K->339938K(699392K), 0.0070418 secs] [Times: user=0.05 sys=0.00, real=0.00 secs] 
2016-09-25T23:33:07.438-0400: 43.673: [GC (GCLocker Initiated GC) [PSYoungGen: 163754K->45462K(175104K)] 430870K->348727K(699392K), 0.0067511 secs] [Times: user=0.07 sys=0.01, real=0.01 secs] 
2016-09-25T23:33:07.489-0400: 43.723: [GC (GCLocker Initiated GC) [PSYoungGen: 133526K->86319K(175104K)] 443797K->422772K(699392K), 0.0082430 secs] [Times: user=0.12 sys=0.00, real=0.01 secs] 
2016-09-25T23:33:07.547-0400: 43.781: [GC (GCLocker Initiated GC) [PSYoungGen: 174383K->83371K(175104K)] 511106K->442435K(699392K), 0.0108090 secs] [Times: user=0.13 sys=0.01, real=0.01 secs] 
2016-09-25T23:33:07.593-0400: 43.827: [GC (GCLocker Initiated GC) [PSYoungGen: 171435K->68553K(175104K)] 530550K->466013K(699392K), 0.0096230 secs] [Times: user=0.13 sys=0.01, real=0.02 secs] 
2016-09-25T23:33:07.647-0400: 43.881: [GC (GCLocker Initiated GC) [PSYoungGen: 156617K->80900K(175104K)] 564997K->524993K(699392K), 0.0083164 secs] [Times: user=0.12 sys=0.00, real=0.01 secs] 
2016-09-25T23:33:07.769-0400: 44.004: [GC (GCLocker Initiated GC) [PSYoungGen: 168964K->29090K(175104K)] 613101K->510375K(699392K), 0.9800490 secs] [Times: user=0.26 sys=0.01, real=0.98 secs] 
2016-09-25T23:33:08.750-0400: 44.984: [Full GC (Ergonomics) [PSYoungGen: 29090K->0K(175104K)] [ParOldGen: 481284K->257882K(524288K)] 510375K->257882K(699392K), [Metaspace: 43687K->43687K(1087488K)], 0.0467318 secs] [Times: user=0.41 sys=0.00, real=0.05 secs] 
2016-09-25T23:33:08.823-0400: 45.058: [GC (GCLocker Initiated GC) [PSYoungGen: 88064K->72948K(175104K)] 346165K->331049K(699392K), 0.0059555 secs] [Times: user=0.08 sys=0.00, real=0.00 secs] 
2016-09-25T23:33:08.884-0400: 45.119: [GC (GCLocker Initiated GC) [PSYoungGen: 161012K->71190K(175104K)] 425968K->354621K(699392K), 0.0124240 secs] [Times: user=0.13 sys=0.01, real=0.01 secs] 
2016-09-25T23:33:08.943-0400: 45.177: [GC (GCLocker Initiated GC) [PSYoungGen: 159254K->57593K(175104K)] 442804K->368662K(699392K), 0.0131434 secs] [Times: user=0.10 sys=0.00, real=0.01 secs] 
2016-09-25T23:33:08.997-0400: 45.232: [GC (GCLocker Initiated GC) [PSYoungGen: 145657K->68642K(175104K)] 461137K->400911K(699392K), 0.0071356 secs] [Times: user=0.08 sys=0.00, real=0.01 secs] 
2016-09-25T23:33:09.034-0400: 45.269: [GC (GCLocker Initiated GC) [PSYoungGen: 156706K->75195K(175104K)] 491911K->438038K(699392K), 0.0078358 secs] [Times: user=0.11 sys=0.00, real=0.01 secs] 
2016-09-25T23:33:09.077-0400: 45.311: [GC (GCLocker Initiated GC) [PSYoungGen: 163259K->45636K(175104K)] 526239K->452313K(699392K), 0.0108245 secs] [Times: user=0.13 sys=0.01, real=0.01 secs] 
2016-09-25T23:33:09.131-0400: 45.366: [GC (GCLocker Initiated GC) [PSYoungGen: 133700K->79679K(175104K)] 543349K->510193K(699392K), 0.0119759 secs] [Times: user=0.18 sys=0.00, real=0.02 secs] 
2016-09-25T23:33:09.207-0400: 45.441: [GC (GCLocker Initiated GC) [PSYoungGen: 167743K->48210K(175104K)] 606495K->520193K(699392K), 0.0103839 secs] [Times: user=0.11 sys=0.01, real=0.01 secs] 
2016-09-25T23:33:09.218-0400: 45.452: [Full GC (Ergonomics) [PSYoungGen: 48210K->0K(175104K)] [ParOldGen: 471983K->260081K(524288K)] 520193K->260081K(699392K), [Metaspace: 43695K->43695K(1087488K)], 0.0504339 secs] [Times: user=0.44 sys=0.01, real=0.05 secs] 
2016-09-25T23:33:09.301-0400: 45.535: [GC (GCLocker Initiated GC) [PSYoungGen: 88064K->86373K(175104K)] 351008K->354717K(699392K), 0.0066912 secs] [Times: user=0.10 sys=0.00, real=0.01 secs] 
2016-09-25T23:33:09.362-0400: 45.596: [GC (GCLocker Initiated GC) [PSYoungGen: 174437K->65792K(175104K)] 447013K->364905K(699392K), 0.0124454 secs] [Times: user=0.16 sys=0.00, real=0.02 secs] 
2016-09-25T23:33:09.419-0400: 45.654: [GC (GCLocker Initiated GC) [PSYoungGen: 153856K->84941K(175104K)] 455823K->411760K(699392K), 0.0116131 secs] [Times: user=0.15 sys=0.00, real=0.01 secs] 
2016-09-25T23:33:09.481-0400: 45.716: [GC (GCLocker Initiated GC) [PSYoungGen: 173005K->38708K(175104K)] 512050K->413597K(699392K), 0.0075638 secs] [Times: user=0.06 sys=0.00, real=0.01 secs] 
2016-09-25T23:33:09.519-0400: 45.754: [GC (GCLocker Initiated GC) [PSYoungGen: 126772K->71288K(175104K)] 501823K->457727K(699392K), 0.0068370 secs] [Times: user=0.07 sys=0.00, real=0.01 secs] 
2016-09-25T23:33:09.578-0400: 45.812: [GC (GCLocker Initiated GC) [PSYoungGen: 159352K->63136K(175104K)] 552697K->470581K(699392K), 0.0159682 secs] [Times: user=0.14 sys=0.00, real=0.01 secs] 
2016-09-25T23:33:09.643-0400: 45.878: [GC (GCLocker Initiated GC) [PSYoungGen: 151200K->84845K(175104K)] 565477K->514540K(699392K), 0.0123155 secs] [Times: user=0.14 sys=0.00, real=0.01 secs] 
2016-09-25T23:33:09.703-0400: 45.937: [GC (GCLocker Initiated GC) [PSYoungGen: 172909K->56245K(175104K)] 605421K->538086K(699392K), 0.0078938 secs] [Times: user=0.11 sys=0.01, real=0.00 secs] 
2016-09-25T23:33:09.711-0400: 45.945: [Full GC (Ergonomics) [PSYoungGen: 56245K->0K(175104K)] [ParOldGen: 481840K->262510K(524288K)] 538086K->262510K(699392K), [Metaspace: 43695K->43695K(1087488K)], 0.0658220 secs] [Times: user=0.46 sys=0.06, real=0.07 secs] 
2016-09-25T23:33:09.823-0400: 46.057: [GC (GCLocker Initiated GC) [PSYoungGen: 88064K->78307K(175104K)] 358748K->349000K(699392K), 0.0098856 secs] [Times: user=0.15 sys=0.01, real=0.00 secs] 
2016-09-25T23:33:09.884-0400: 46.118: [GC (GCLocker Initiated GC) [PSYoungGen: 166371K->76509K(175104K)] 441310K->371225K(699392K), 0.0114872 secs] [Times: user=0.16 sys=0.03, real=0.01 secs] 
2016-09-25T23:33:09.954-0400: 46.188: [GC (GCLocker Initiated GC) [PSYoungGen: 164573K->45529K(175104K)] 459447K->392165K(699392K), 0.0110735 secs] [Times: user=0.11 sys=0.02, real=0.02 secs] 
2016-09-25T23:33:10.004-0400: 46.238: [GC (GCLocker Initiated GC) [PSYoungGen: 133593K->84878K(175104K)] 485892K->460654K(699392K), 0.0085167 secs] [Times: user=0.13 sys=0.00, real=0.00 secs] 
2016-09-25T23:33:10.052-0400: 46.286: [GC (GCLocker Initiated GC) [PSYoungGen: 172942K->59138K(175104K)] 548788K->461311K(699392K), 0.0075818 secs] [Times: user=0.12 sys=0.00, real=0.01 secs] 
2016-09-25T23:33:10.092-0400: 46.326: [GC (GCLocker Initiated GC) [PSYoungGen: 147202K->80687K(175104K)] 552186K->503837K(699392K), 0.0072368 secs] [Times: user=0.10 sys=0.00, real=0.01 secs] 
2016-09-25T23:33:10.133-0400: 46.368: [GC (Allocation Failure) [PSYoungGen: 168751K->55037K(175104K)] 597445K->528890K(699392K), 0.0071591 secs] [Times: user=0.10 sys=0.00, real=0.01 secs] 
2016-09-25T23:33:10.141-0400: 46.375: [Full GC (Ergonomics) [PSYoungGen: 55037K->0K(175104K)] [ParOldGen: 473853K->261985K(524288K)] 528890K->261985K(699392K), [Metaspace: 43700K->43700K(1087488K)], 0.0506244 secs] [Times: user=0.48 sys=0.02, real=0.05 secs] 
2016-09-25T23:33:10.231-0400: 46.465: [GC (GCLocker Initiated GC) [PSYoungGen: 87634K->77126K(175104K)] 353670K->343162K(699392K), 0.0144525 secs] [Times: user=0.17 sys=0.01, real=0.02 secs] 
2016-09-25T23:33:10.276-0400: 46.511: [GC (GCLocker Initiated GC) [PSYoungGen: 165190K->63015K(175104K)] 431356K->358446K(699392K), 0.0111662 secs] [Times: user=0.11 sys=0.04, real=0.01 secs] 
2016-09-25T23:33:10.332-0400: 46.567: [GC (GCLocker Initiated GC) [PSYoungGen: 151079K->52350K(175104K)] 453414K->398385K(699392K), 0.0086219 secs] [Times: user=0.09 sys=0.00, real=0.01 secs] 
2016-09-25T23:33:10.380-0400: 46.615: [GC (GCLocker Initiated GC) [PSYoungGen: 140414K->50686K(175104K)] 487917K->419021K(699392K), 0.0069721 secs] [Times: user=0.08 sys=0.00, real=0.01 secs] 
2016-09-25T23:33:10.425-0400: 46.659: [GC (GCLocker Initiated GC) [PSYoungGen: 138750K->83541K(175104K)] 515364K->474131K(699392K), 0.0079774 secs] [Times: user=0.12 sys=0.00, real=0.00 secs] 
2016-09-25T23:33:10.473-0400: 46.707: [GC (GCLocker Initiated GC) [PSYoungGen: 171605K->56342K(175104K)] 563740K->493614K(699392K), 0.0080404 secs] [Times: user=0.11 sys=0.00, real=0.01 secs] 
2016-09-25T23:33:10.519-0400: 46.753: [GC (GCLocker Initiated GC) [PSYoungGen: 144406K->63009K(175104K)] 583090K->514335K(699392K), 0.0190414 secs] [Times: user=0.24 sys=0.01, real=0.02 secs] 
2016-09-25T23:33:10.580-0400: 46.814: [GC (GCLocker Initiated GC) [PSYoungGen: 151073K->57660K(175104K)] 605402K->529953K(699392K), 0.0081272 secs] [Times: user=0.09 sys=0.00, real=0.01 secs] 
2016-09-25T23:33:10.588-0400: 46.822: [Full GC (Ergonomics) [PSYoungGen: 57660K->0K(175104K)] [ParOldGen: 472292K->253627K(524288K)] 529953K->253627K(699392K), [Metaspace: 43700K->43700K(1087488K)], 0.2171012 secs] [Times: user=2.74 sys=0.09, real=0.22 secs] 
2016-09-25T23:33:10.843-0400: 47.077: [GC (GCLocker Initiated GC) [PSYoungGen: 88064K->81116K(175104K)] 345855K->338908K(699392K), 0.0126453 secs] [Times: user=0.09 sys=0.01, real=0.01 secs] 
2016-09-25T23:33:10.899-0400: 47.134: [GC (GCLocker Initiated GC) [PSYoungGen: 169180K->47903K(175104K)] 437981K->322937K(699392K), 0.0062711 secs] [Times: user=0.04 sys=0.00, real=0.01 secs] 
2016-09-25T23:33:10.943-0400: 47.177: [GC (GCLocker Initiated GC) [PSYoungGen: 135967K->80610K(175104K)] 419225K->377806K(699392K), 0.0072910 secs] [Times: user=0.10 sys=0.00, real=0.00 secs] 
2016-09-25T23:33:10.983-0400: 47.218: [GC (GCLocker Initiated GC) [PSYoungGen: 168674K->65869K(175104K)] 466002K->404190K(699392K), 0.0074424 secs] [Times: user=0.12 sys=0.00, real=0.00 secs] 
2016-09-25T23:33:11.027-0400: 47.261: [GC (GCLocker Initiated GC) [PSYoungGen: 153933K->50770K(175104K)] 492426K->415450K(699392K), 0.0072984 secs] [Times: user=0.08 sys=0.00, real=0.00 secs] 
2016-09-25T23:33:11.068-0400: 47.302: [GC (GCLocker Initiated GC) [PSYoungGen: 138834K->79651K(175104K)] 517224K->484151K(699392K), 0.0075957 secs] [Times: user=0.12 sys=0.00, real=0.01 secs] 
2016-09-25T23:33:11.122-0400: 47.356: [GC (GCLocker Initiated GC) [PSYoungGen: 167715K->38600K(175104K)] 588513K->495276K(699392K), 0.0070848 secs] [Times: user=0.07 sys=0.02, real=0.01 secs] 
2016-09-25T23:33:11.166-0400: 47.400: [GC (GCLocker Initiated GC) [PSYoungGen: 126664K->73969K(175104K)] 592484K->546931K(699392K), 0.0070126 secs] [Times: user=0.07 sys=0.01, real=0.00 secs] 
2016-09-25T23:33:11.173-0400: 47.407: [Full GC (Ergonomics) [PSYoungGen: 73969K->0K(175104K)] [ParOldGen: 472961K->262852K(524288K)] 546931K->262852K(699392K), [Metaspace: 43700K->43700K(1087488K)], 0.0627231 secs] [Times: user=0.57 sys=0.04, real=0.07 secs] 
2016-09-25T23:33:11.288-0400: 47.522: [GC (GCLocker Initiated GC) [PSYoungGen: 88064K->83598K(175104K)] 353700K->349235K(699392K), 0.0116010 secs] [Times: user=0.13 sys=0.01, real=0.01 secs] 
2016-09-25T23:33:11.380-0400: 47.615: [GC (GCLocker Initiated GC) [PSYoungGen: 171662K->76618K(175104K)] 440155K->360749K(699392K), 0.0094490 secs] [Times: user=0.13 sys=0.01, real=0.01 secs] 
2016-09-25T23:33:11.525-0400: 47.760: [GC (GCLocker Initiated GC) [PSYoungGen: 164682K->57871K(175104K)] 459846K->365699K(699392K), 0.0073427 secs] [Times: user=0.10 sys=0.02, real=0.00 secs] 
2016-09-25T23:33:11.629-0400: 47.863: [GC (GCLocker Initiated GC) [PSYoungGen: 145935K->62894K(175104K)] 457942K->390498K(699392K), 0.0070171 secs] [Times: user=0.10 sys=0.00, real=0.01 secs] 
2016-09-25T23:33:11.688-0400: 47.923: [GC (GCLocker Initiated GC) [PSYoungGen: 150958K->63041K(175104K)] 481433K->442455K(699392K), 0.0087433 secs] [Times: user=0.15 sys=0.00, real=0.01 secs] 
2016-09-25T23:33:11.755-0400: 47.990: [GC (GCLocker Initiated GC) [PSYoungGen: 151105K->53654K(175104K)] 531979K->453934K(699392K), 0.0143865 secs] [Times: user=0.17 sys=0.00, real=0.01 secs] 
2016-09-25T23:33:11.826-0400: 48.060: [GC (GCLocker Initiated GC) [PSYoungGen: 141718K->56374K(175104K)] 544905K->473605K(699392K), 0.0072058 secs] [Times: user=0.11 sys=0.01, real=0.00 secs] 
2016-09-25T23:33:11.892-0400: 48.126: [GC (GCLocker Initiated GC) [PSYoungGen: 144438K->46869K(175104K)] 575282K->493247K(699392K), 0.0088512 secs] [Times: user=0.11 sys=0.01, real=0.01 secs] 
2016-09-25T23:33:11.952-0400: 48.186: [GC (GCLocker Initiated GC) [PSYoungGen: 134933K->36060K(175104K)] 581384K->530475K(699392K), 0.0080013 secs] [Times: user=0.12 sys=0.01, real=0.01 secs] 
2016-09-25T23:33:11.960-0400: 48.194: [Full GC (Ergonomics) [PSYoungGen: 36060K->0K(175104K)] [ParOldGen: 494414K->256148K(524288K)] 530475K->256148K(699392K), [Metaspace: 43706K->43706K(1087488K)], 0.0930115 secs] [Times: user=0.81 sys=0.09, real=0.09 secs] 
2016-09-25T23:33:12.159-0400: 48.393: [GC (GCLocker Initiated GC) [PSYoungGen: 88064K->76829K(175104K)] 344462K->333227K(699392K), 0.0067388 secs] [Times: user=0.09 sys=0.00, real=0.01 secs] 
2016-09-25T23:33:12.234-0400: 48.468: [GC (GCLocker Initiated GC) [PSYoungGen: 164893K->61805K(175104K)] 429658K->346183K(699392K), 0.0077832 secs] [Times: user=0.11 sys=0.00, real=0.01 secs] 
2016-09-25T23:33:12.298-0400: 48.532: [GC (GCLocker Initiated GC) [PSYoungGen: 149869K->40212K(175104K)] 456006K->357676K(699392K), 0.0960674 secs] [Times: user=1.55 sys=0.11, real=0.10 secs] 
2016-09-25T23:33:12.505-0400: 48.739: [GC (GCLocker Initiated GC) [PSYoungGen: 128276K->58913K(175104K)] 453901K->428505K(699392K), 0.0084831 secs] [Times: user=0.12 sys=0.00, real=0.00 secs] 
2016-09-25T23:33:12.636-0400: 48.870: [GC (GCLocker Initiated GC) [PSYoungGen: 146977K->45542K(175104K)] 516619K->450727K(699392K), 0.0096755 secs] [Times: user=0.11 sys=0.01, real=0.01 secs] 
2016-09-25T23:33:12.744-0400: 48.978: [GC (GCLocker Initiated GC) [PSYoungGen: 133606K->49720K(175104K)] 538956K->497632K(699392K), 0.0169243 secs] [Times: user=0.28 sys=0.00, real=0.01 secs] 
2016-09-25T23:33:12.860-0400: 49.094: [GC (GCLocker Initiated GC) [PSYoungGen: 137784K->72791K(175104K)] 585855K->549893K(699392K), 0.0105562 secs] [Times: user=0.15 sys=0.01, real=0.01 secs] 
2016-09-25T23:33:12.870-0400: 49.105: [Full GC (Ergonomics) [PSYoungGen: 72791K->0K(175104K)] [ParOldGen: 477101K->274622K(524288K)] 549893K->274622K(699392K), [Metaspace: 43706K->43706K(1087488K)], 0.1171242 secs] [Times: user=0.80 sys=0.11, real=0.12 secs] 
2016-09-25T23:33:13.181-0400: 49.415: [GC (GCLocker Initiated GC) [PSYoungGen: 88064K->53877K(175104K)] 372294K->338107K(699392K), 0.0148072 secs] [Times: user=0.24 sys=0.01, real=0.02 secs] 
2016-09-25T23:33:13.237-0400: 49.471: [GC (GCLocker Initiated GC) [PSYoungGen: 141941K->72509K(175104K)] 426332K->380621K(699392K), 0.0079102 secs] [Times: user=0.13 sys=0.00, real=0.01 secs] 
2016-09-25T23:33:13.357-0400: 49.591: [GC (GCLocker Initiated GC) [PSYoungGen: 160573K->64345K(175104K)] 468774K->391917K(699392K), 0.0075985 secs] [Times: user=0.12 sys=0.00, real=0.01 secs] 
2016-09-25T23:33:13.402-0400: 49.636: [GC (GCLocker Initiated GC) [PSYoungGen: 152409K->84890K(175104K)] 488013K->435776K(699392K), 0.0091727 secs] [Times: user=0.13 sys=0.00, real=0.01 secs] 
2016-09-25T23:33:13.456-0400: 49.691: [GC (GCLocker Initiated GC) [PSYoungGen: 172954K->48068K(175104K)] 526620K->418676K(699392K), 0.0083765 secs] [Times: user=0.11 sys=0.00, real=0.01 secs] 
2016-09-25T23:33:13.500-0400: 49.734: [GC (GCLocker Initiated GC) [PSYoungGen: 136132K->75160K(175104K)] 515011K->467997K(699392K), 0.0094402 secs] [Times: user=0.14 sys=0.00, real=0.01 secs] 
2016-09-25T23:33:13.548-0400: 49.782: [GC (GCLocker Initiated GC) [PSYoungGen: 163224K->67233K(175104K)] 560285K->476921K(699392K), 0.0075313 secs] [Times: user=0.11 sys=0.01, real=0.01 secs] 
2016-09-25T23:33:13.606-0400: 49.840: [GC (GCLocker Initiated GC) [PSYoungGen: 155297K->57537K(175104K)] 565203K->497798K(699392K), 0.0153922 secs] [Times: user=0.15 sys=0.03, real=0.01 secs] 
2016-09-25T23:33:13.695-0400: 49.929: [GC (GCLocker Initiated GC) [PSYoungGen: 145601K->53618K(175104K)] 598090K->522688K(699392K), 0.0122697 secs] [Times: user=0.15 sys=0.06, real=0.01 secs] 
2016-09-25T23:33:13.784-0400: 50.018: [GC (GCLocker Initiated GC) [PSYoungGen: 141682K->50773K(175104K)] 616260K->539468K(699392K), 0.0265785 secs] [Times: user=0.20 sys=0.15, real=0.02 secs] 
2016-09-25T23:33:13.811-0400: 50.045: [Full GC (Ergonomics) [PSYoungGen: 50773K->0K(175104K)] [ParOldGen: 488694K->258841K(524288K)] 539468K->258841K(699392K), [Metaspace: 43707K->43707K(1087488K)], 0.1391580 secs] [Times: user=0.96 sys=0.41, real=0.14 secs] 
2016-09-25T23:33:14.036-0400: 50.270: [GC (GCLocker Initiated GC) [PSYoungGen: 88064K->85073K(175104K)] 349715K->349425K(699392K), 0.0260902 secs] [Times: user=0.43 sys=0.05, real=0.02 secs] 
2016-09-25T23:33:14.131-0400: 50.366: [GC (GCLocker Initiated GC) [PSYoungGen: 173137K->48197K(175104K)] 444287K->344569K(699392K), 0.0152622 secs] [Times: user=0.18 sys=0.08, real=0.02 secs] 
2016-09-25T23:33:14.201-0400: 50.436: [GC (GCLocker Initiated GC) [PSYoungGen: 136261K->64589K(175104K)] 432947K->382156K(699392K), 0.0194477 secs] [Times: user=0.25 sys=0.10, real=0.02 secs] 
2016-09-25T23:33:14.282-0400: 50.517: [GC (GCLocker Initiated GC) [PSYoungGen: 152653K->50645K(175104K)] 470288K->391873K(699392K), 0.0163687 secs] [Times: user=0.24 sys=0.06, real=0.01 secs] 
2016-09-25T23:33:14.377-0400: 50.611: [GC (GCLocker Initiated GC) [PSYoungGen: 138709K->86265K(175104K)] 496428K->456525K(699392K), 0.0279997 secs] [Times: user=0.43 sys=0.06, real=0.03 secs] 
2016-09-25T23:33:14.457-0400: 50.692: [GC (GCLocker Initiated GC) [PSYoungGen: 174329K->56190K(175104K)] 544675K->458429K(699392K), 0.0109950 secs] [Times: user=0.17 sys=0.01, real=0.01 secs] 
2016-09-25T23:33:14.520-0400: 50.754: [GC (GCLocker Initiated GC) [PSYoungGen: 144254K->45664K(175104K)] 547878K->488835K(699392K), 0.0113324 secs] [Times: user=0.13 sys=0.02, real=0.01 secs] 
2016-09-25T23:33:14.576-0400: 50.810: [GC (Allocation Failure) [PSYoungGen: 133728K->70057K(175104K)] 582782K->537387K(699392K), 0.0074059 secs] [Times: user=0.12 sys=0.00, real=0.01 secs] 
2016-09-25T23:33:14.585-0400: 50.819: [GC (GCLocker Initiated GC) --[PSYoungGen: 70488K->70488K(175104K)] 537818K->594004K(699392K), 0.0076527 secs] [Times: user=0.10 sys=0.01, real=0.00 secs] 
2016-09-25T23:33:14.592-0400: 50.827: [Full GC (Ergonomics) [PSYoungGen: 70488K->0K(175104K)] [ParOldGen: 523515K->265635K(524288K)] 594004K->265635K(699392K), [Metaspace: 43708K->43708K(1087488K)], 0.0591724 secs] [Times: user=0.47 sys=0.03, real=0.06 secs] 
2016-09-25T23:33:14.687-0400: 50.921: [GC (GCLocker Initiated GC) [PSYoungGen: 88064K->79605K(175104K)] 355068K->346609K(699392K), 0.0065862 secs] [Times: user=0.09 sys=0.00, real=0.00 secs] 
2016-09-25T23:33:14.730-0400: 50.964: [GC (GCLocker Initiated GC) [PSYoungGen: 167669K->84750K(175104K)] 440220K->375724K(699392K), 0.0089288 secs] [Times: user=0.13 sys=0.01, real=0.01 secs] 
2016-09-25T23:33:14.777-0400: 51.011: [GC (GCLocker Initiated GC) [PSYoungGen: 172814K->76603K(175104K)] 466586K->415512K(699392K), 0.0207393 secs] [Times: user=0.26 sys=0.00, real=0.02 secs] 
2016-09-25T23:33:14.835-0400: 51.069: [GC (GCLocker Initiated GC) [PSYoungGen: 164667K->74085K(175104K)] 506398K->439394K(699392K), 0.0092284 secs] [Times: user=0.10 sys=0.00, real=0.01 secs] 
2016-09-25T23:33:14.878-0400: 51.113: [GC (GCLocker Initiated GC) [PSYoungGen: 162149K->60468K(175104K)] 527607K->461728K(699392K), 0.0071344 secs] [Times: user=0.10 sys=0.01, real=0.01 secs] 
2016-09-25T23:33:14.920-0400: 51.154: [GC (GCLocker Initiated GC) [PSYoungGen: 148532K->67307K(175104K)] 551232K->503043K(699392K), 0.0076779 secs] [Times: user=0.13 sys=0.00, real=0.01 secs] 
2016-09-25T23:33:14.959-0400: 51.193: [GC (GCLocker Initiated GC) [PSYoungGen: 155371K->61938K(175104K)] 592592K->526929K(699392K), 0.0073149 secs] [Times: user=0.10 sys=0.00, real=0.01 secs] 
2016-09-25T23:33:15.003-0400: 51.237: [GC (GCLocker Initiated GC) [PSYoungGen: 150002K->49621K(175104K)] 620138K->539353K(699392K), 0.0070765 secs] [Times: user=0.07 sys=0.01, real=0.00 secs] 
2016-09-25T23:33:15.010-0400: 51.245: [Full GC (Ergonomics) [PSYoungGen: 49621K->0K(175104K)] [ParOldGen: 489732K->265349K(524288K)] 539353K->265349K(699392K), [Metaspace: 43708K->43708K(1087488K)], 0.0467615 secs] [Times: user=0.37 sys=0.00, real=0.05 secs] 
2016-09-25T23:33:15.083-0400: 51.317: [GC (GCLocker Initiated GC) [PSYoungGen: 88064K->86376K(175104K)] 353575K->354588K(699392K), 0.0085882 secs] [Times: user=0.11 sys=0.00, real=0.00 secs] 
2016-09-25T23:33:15.139-0400: 51.374: [GC (GCLocker Initiated GC) [PSYoungGen: 174440K->49457K(175104K)] 445557K->361933K(699392K), 0.0067109 secs] [Times: user=0.09 sys=0.00, real=0.01 secs] 
2016-09-25T23:33:15.184-0400: 51.418: [GC (GCLocker Initiated GC) [PSYoungGen: 137521K->78221K(175104K)] 455474K->419574K(699392K), 0.0074072 secs] [Times: user=0.10 sys=0.01, real=0.00 secs] 
2016-09-25T23:33:15.231-0400: 51.465: [GC (GCLocker Initiated GC) [PSYoungGen: 166285K->65820K(175104K)] 510429K->433689K(699392K), 0.0081309 secs] [Times: user=0.07 sys=0.00, real=0.01 secs] 
2016-09-25T23:33:15.286-0400: 51.520: [GC (GCLocker Initiated GC) [PSYoungGen: 153884K->58988K(175104K)] 521922K->450564K(699392K), 0.0066792 secs] [Times: user=0.08 sys=0.00, real=0.00 secs] 
2016-09-25T23:33:15.324-0400: 51.558: [GC (GCLocker Initiated GC) [PSYoungGen: 147052K->79530K(175104K)] 541430K->502804K(699392K), 0.0098682 secs] [Times: user=0.11 sys=0.00, real=0.00 secs] 
2016-09-25T23:33:15.381-0400: 51.616: [GC (GCLocker Initiated GC) [PSYoungGen: 167594K->49676K(175104K)] 595029K->518361K(699392K), 0.0091462 secs] [Times: user=0.09 sys=0.00, real=0.01 secs] 
2016-09-25T23:33:15.422-0400: 51.657: [GC (GCLocker Initiated GC) [PSYoungGen: 137740K->67265K(175104K)] 606510K->556941K(699392K), 0.0175999 secs] [Times: user=0.22 sys=0.00, real=0.01 secs] 
2016-09-25T23:33:15.440-0400: 51.674: [Full GC (Ergonomics) [PSYoungGen: 67265K->0K(175104K)] [ParOldGen: 489676K->280076K(524288K)] 556941K->280076K(699392K), [Metaspace: 43708K->43708K(1087488K)], 0.0556443 secs] [Times: user=0.43 sys=0.00, real=0.06 secs] 
2016-09-25T23:33:15.533-0400: 51.768: [GC (GCLocker Initiated GC) [PSYoungGen: 88064K->74312K(175104K)] 372868K->359117K(699392K), 0.0084366 secs] [Times: user=0.09 sys=0.01, real=0.01 secs] 
2016-09-25T23:33:15.579-0400: 51.813: [GC (GCLocker Initiated GC) [PSYoungGen: 162376K->73908K(175104K)] 447282K->381378K(699392K), 0.0123406 secs] [Times: user=0.14 sys=0.00, real=0.01 secs] 
2016-09-25T23:33:15.629-0400: 51.864: [GC (GCLocker Initiated GC) [PSYoungGen: 161972K->57790K(175104K)] 474006K->417626K(699392K), 0.0068426 secs] [Times: user=0.10 sys=0.00, real=0.01 secs] 
2016-09-25T23:33:15.683-0400: 51.917: [GC (GCLocker Initiated GC) [PSYoungGen: 145854K->52183K(175104K)] 511138K->453226K(699392K), 0.0089094 secs] [Times: user=0.14 sys=0.00, real=0.00 secs] 
2016-09-25T23:33:15.730-0400: 51.964: [GC (GCLocker Initiated GC) [PSYoungGen: 140247K->76782K(175104K)] 544070K->512175K(699392K), 0.0071667 secs] [Times: user=0.10 sys=0.01, real=0.01 secs] 
2016-09-25T23:33:15.784-0400: 52.018: [GC (GCLocker Initiated GC) [PSYoungGen: 164846K->61716K(175104K)] 613951K->523621K(699392K), 0.0070900 secs] [Times: user=0.06 sys=0.01, real=0.00 secs] 
2016-09-25T23:33:15.831-0400: 52.065: [GC (GCLocker Initiated GC) [PSYoungGen: 149780K->54902K(175104K)] 617252K->536445K(699392K), 0.0098866 secs] [Times: user=0.07 sys=0.00, real=0.01 secs] 
2016-09-25T23:33:15.841-0400: 52.075: [Full GC (Ergonomics) [PSYoungGen: 54902K->0K(175104K)] [ParOldGen: 481542K->282262K(524288K)] 536445K->282262K(699392K), [Metaspace: 43708K->43708K(1087488K)], 0.0579539 secs] [Times: user=0.46 sys=0.00, real=0.06 secs] 
2016-09-25T23:33:15.937-0400: 52.171: [GC (GCLocker Initiated GC) [PSYoungGen: 88064K->82301K(175104K)] 370410K->364648K(699392K), 0.0070098 secs] [Times: user=0.09 sys=0.01, real=0.01 secs] 
2016-09-25T23:33:15.978-0400: 52.213: [GC (GCLocker Initiated GC) [PSYoungGen: 170365K->48255K(175104K)] 452846K->374842K(699392K), 0.0070942 secs] [Times: user=0.10 sys=0.00, real=0.01 secs] 
2016-09-25T23:33:16.025-0400: 52.259: [GC (GCLocker Initiated GC) [PSYoungGen: 136319K->68807K(175104K)] 465693K->431167K(699392K), 0.0096522 secs] [Times: user=0.12 sys=0.00, real=0.01 secs] 
2016-09-25T23:33:16.078-0400: 52.312: [GC (GCLocker Initiated GC) [PSYoungGen: 156871K->59098K(175104K)] 522815K->465035K(699392K), 0.0087968 secs] [Times: user=0.13 sys=0.00, real=0.01 secs] 
2016-09-25T23:33:16.118-0400: 52.352: [GC (GCLocker Initiated GC) [PSYoungGen: 147162K->82149K(175104K)] 556518K->506930K(699392K), 0.0108759 secs] [Times: user=0.11 sys=0.00, real=0.01 secs] 
2016-09-25T23:33:16.176-0400: 52.411: [GC (GCLocker Initiated GC) [PSYoungGen: 170213K->33095K(175104K)] 597790K->484268K(699392K), 0.0148165 secs] [Times: user=0.12 sys=0.00, real=0.01 secs] 
2016-09-25T23:33:16.225-0400: 52.459: [GC (GCLocker Initiated GC) [PSYoungGen: 121159K->75107K(175104K)] 575229K->547211K(699392K), 0.0110780 secs] [Times: user=0.11 sys=0.01, real=0.01 secs] 
2016-09-25T23:33:16.236-0400: 52.470: [Full GC (Ergonomics) [PSYoungGen: 75107K->0K(175104K)] [ParOldGen: 472103K->284291K(524288K)] 547211K->284291K(699392K), [Metaspace: 43708K->43708K(1087488K)], 0.0640760 secs] [Times: user=0.33 sys=0.00, real=0.06 secs] 
2016-09-25T23:33:16.339-0400: 52.574: [GC (GCLocker Initiated GC) [PSYoungGen: 88064K->82379K(175104K)] 375197K->369513K(699392K), 0.0084373 secs] [Times: user=0.10 sys=0.01, real=0.01 secs] 
2016-09-25T23:33:16.382-0400: 52.616: [GC (GCLocker Initiated GC) [PSYoungGen: 170443K->64466K(175104K)] 460481K->386491K(699392K), 0.0070140 secs] [Times: user=0.09 sys=0.00, real=0.01 secs] 
2016-09-25T23:33:16.435-0400: 52.669: [GC (GCLocker Initiated GC) [PSYoungGen: 152530K->68505K(175104K)] 482830K->418302K(699392K), 0.0094498 secs] [Times: user=0.15 sys=0.00, real=0.01 secs] 
2016-09-25T23:33:16.480-0400: 52.714: [GC (GCLocker Initiated GC) [PSYoungGen: 156569K->63083K(175104K)] 507806K->440532K(699392K), 0.0088924 secs] [Times: user=0.13 sys=0.01, real=0.01 secs] 
2016-09-25T23:33:16.527-0400: 52.761: [GC (GCLocker Initiated GC) [PSYoungGen: 151147K->68527K(175104K)] 531422K->483111K(699392K), 0.0081980 secs] [Times: user=0.08 sys=0.00, real=0.01 secs] 
2016-09-25T23:33:16.582-0400: 52.817: [GC (GCLocker Initiated GC) [PSYoungGen: 156591K->55079K(175104K)] 575094K->499783K(699392K), 0.0090561 secs] [Times: user=0.10 sys=0.01, real=0.00 secs] 
2016-09-25T23:33:16.632-0400: 52.866: [GC (GCLocker Initiated GC) [PSYoungGen: 143143K->67358K(175104K)] 605474K->557301K(699392K), 0.0067430 secs] [Times: user=0.10 sys=0.00, real=0.01 secs] 
2016-09-25T23:33:16.639-0400: 52.873: [Full GC (Ergonomics) [PSYoungGen: 67358K->0K(175104K)] [ParOldGen: 489942K->289069K(524288K)] 557301K->289069K(699392K), [Metaspace: 43708K->43708K(1087488K)], 0.0588220 secs] [Times: user=0.54 sys=0.01, real=0.06 secs] 
2016-09-25T23:33:16.752-0400: 52.986: [GC (GCLocker Initiated GC) [PSYoungGen: 88064K->67400K(175104K)] 384188K->363524K(699392K), 0.0066706 secs] [Times: user=0.08 sys=0.00, real=0.01 secs] 
2016-09-25T23:33:16.787-0400: 53.021: [GC (GCLocker Initiated GC) [PSYoungGen: 155464K->69566K(175104K)] 454430K->386876K(699392K), 0.0073367 secs] [Times: user=0.07 sys=0.00, real=0.01 secs] 
2016-09-25T23:33:16.838-0400: 53.072: [GC (GCLocker Initiated GC) [PSYoungGen: 157630K->69868K(175104K)] 480530K->422900K(699392K), 0.0093942 secs] [Times: user=0.12 sys=0.00, real=0.01 secs] 
2016-09-25T23:33:16.888-0400: 53.123: [GC (GCLocker Initiated GC) [PSYoungGen: 157932K->80740K(175104K)] 513789K->461484K(699392K), 0.0074457 secs] [Times: user=0.11 sys=0.00, real=0.01 secs] 
2016-09-25T23:33:16.936-0400: 53.170: [GC (GCLocker Initiated GC) [PSYoungGen: 168804K->69849K(175104K)] 549720K->494539K(699392K), 0.0104717 secs] [Times: user=0.09 sys=0.01, real=0.01 secs] 
2016-09-25T23:33:16.988-0400: 53.222: [GC (GCLocker Initiated GC) [PSYoungGen: 157913K->56644K(175104K)] 594146K->517756K(699392K), 0.0089843 secs] [Times: user=0.13 sys=0.00, real=0.01 secs] 
2016-09-25T23:33:17.045-0400: 53.280: [GC (GCLocker Initiated GC) [PSYoungGen: 144708K->43939K(175104K)] 606054K->523638K(699392K), 0.0109800 secs] [Times: user=0.09 sys=0.00, real=0.01 secs] 
2016-09-25T23:33:17.057-0400: 53.291: [Full GC (Ergonomics) [PSYoungGen: 43939K->0K(175104K)] [ParOldGen: 479698K->277427K(524288K)] 523638K->277427K(699392K), [Metaspace: 43708K->43708K(1087488K)], 0.0603136 secs] [Times: user=0.47 sys=0.01, real=0.06 secs] 
2016-09-25T23:33:17.150-0400: 53.385: [GC (GCLocker Initiated GC) [PSYoungGen: 88064K->62097K(175104K)] 371419K->345453K(699392K), 0.0096003 secs] [Times: user=0.10 sys=0.01, real=0.01 secs] 
2016-09-25T23:33:17.211-0400: 53.445: [GC (GCLocker Initiated GC) [PSYoungGen: 150161K->60228K(148480K)] 433658K->379780K(672768K), 0.0102120 secs] [Times: user=0.11 sys=0.00, real=0.01 secs] 
2016-09-25T23:33:17.246-0400: 53.480: [GC (GCLocker Initiated GC) [PSYoungGen: 148292K->84941K(174080K)] 468010K->437480K(698368K), 0.0083181 secs] [Times: user=0.13 sys=0.00, real=0.01 secs] 
2016-09-25T23:33:17.304-0400: 53.538: [GC (GCLocker Initiated GC) [PSYoungGen: 172493K->57786K(174592K)] 531636K->448660K(698880K), 0.0062646 secs] [Times: user=0.09 sys=0.00, real=0.00 secs] 
2016-09-25T23:33:17.351-0400: 53.585: [GC (GCLocker Initiated GC) [PSYoungGen: 145338K->69873K(175104K)] 536286K->492545K(699392K), 0.0069770 secs] [Times: user=0.11 sys=0.00, real=0.01 secs] 
2016-09-25T23:33:17.399-0400: 53.633: [GC (GCLocker Initiated GC) [PSYoungGen: 157937K->56464K(175104K)] 580666K->525637K(699392K), 0.0078418 secs] [Times: user=0.09 sys=0.00, real=0.01 secs] 
2016-09-25T23:33:17.407-0400: 53.641: [Full GC (Ergonomics) [PSYoungGen: 56464K->0K(175104K)] [ParOldGen: 469172K->284607K(524288K)] 525637K->284607K(699392K), [Metaspace: 43709K->43709K(1087488K)], 0.0633298 secs] [Times: user=0.60 sys=0.01, real=0.06 secs] 
2016-09-25T23:33:17.521-0400: 53.755: [GC (GCLocker Initiated GC) [PSYoungGen: 88064K->78331K(175104K)] 375525K->365793K(699392K), 0.0088500 secs] [Times: user=0.14 sys=0.00, real=0.01 secs] 
2016-09-25T23:33:17.568-0400: 53.803: [GC (GCLocker Initiated GC) [PSYoungGen: 166395K->68762K(175104K)] 459515K->401994K(699392K), 0.0076446 secs] [Times: user=0.11 sys=0.00, real=0.01 secs] 
2016-09-25T23:33:17.625-0400: 53.859: [GC (GCLocker Initiated GC) [PSYoungGen: 156826K->68614K(175104K)] 494272K->428430K(699392K), 0.0069557 secs] [Times: user=0.10 sys=0.00, real=0.00 secs] 
2016-09-25T23:33:17.664-0400: 53.898: [GC (GCLocker Initiated GC) [PSYoungGen: 156678K->61793K(175104K)] 516589K->439909K(699392K), 0.0109228 secs] [Times: user=0.09 sys=0.00, real=0.01 secs] 
2016-09-25T23:33:17.717-0400: 53.951: [GC (GCLocker Initiated GC) [PSYoungGen: 149857K->65847K(172032K)] 528095K->489299K(696320K), 0.0079760 secs] [Times: user=0.10 sys=0.01, real=0.01 secs] 
2016-09-25T23:33:17.760-0400: 53.994: [GC (GCLocker Initiated GC) [PSYoungGen: 153911K->70349K(173568K)] 582845K->526922K(697856K), 0.0098105 secs] [Times: user=0.14 sys=0.00, real=0.01 secs] 
2016-09-25T23:33:17.811-0400: 54.045: [GC (GCLocker Initiated GC) [PSYoungGen: 158413K->63434K(174080K)] 617862K->544139K(698368K), 0.0124714 secs] [Times: user=0.14 sys=0.00, real=0.02 secs] 
2016-09-25T23:33:17.824-0400: 54.058: [Full GC (Ergonomics) [PSYoungGen: 63434K->0K(174080K)] [ParOldGen: 480705K->285544K(524288K)] 544139K->285544K(698368K), [Metaspace: 43709K->43709K(1087488K)], 0.0628057 secs] [Times: user=0.47 sys=0.00, real=0.06 secs] 
2016-09-25T23:33:17.937-0400: 54.171: [GC (GCLocker Initiated GC) [PSYoungGen: 91648K->79935K(172032K)] 379987K->368274K(696320K), 0.0064992 secs] [Times: user=0.08 sys=0.00, real=0.01 secs] 
2016-09-25T23:33:17.991-0400: 54.226: [GC (GCLocker Initiated GC) [PSYoungGen: 171583K->54140K(175104K)] 466359K->378485K(699392K), 0.0067593 secs] [Times: user=0.09 sys=0.00, real=0.01 secs] 
2016-09-25T23:33:18.035-0400: 54.270: [GC (GCLocker Initiated GC) [PSYoungGen: 142204K->49786K(175104K)] 466630K->410303K(699392K), 0.0162403 secs] [Times: user=0.16 sys=0.01, real=0.01 secs] 
2016-09-25T23:33:18.101-0400: 54.335: [GC (GCLocker Initiated GC) [PSYoungGen: 137850K->54303K(175104K)] 510632K->450853K(699392K), 0.0094551 secs] [Times: user=0.09 sys=0.00, real=0.01 secs] 
2016-09-25T23:33:18.154-0400: 54.389: [GC (GCLocker Initiated GC) [PSYoungGen: 142367K->68531K(175104K)] 541787K->488129K(699392K), 0.0077899 secs] [Times: user=0.10 sys=0.00, real=0.01 secs] 
2016-09-25T23:33:18.196-0400: 54.431: [GC (GCLocker Initiated GC) [PSYoungGen: 156595K->68927K(174080K)] 580259K->517487K(698368K), 0.0067130 secs] [Times: user=0.09 sys=0.00, real=0.01 secs] 
2016-09-25T23:33:18.252-0400: 54.486: [GC (GCLocker Initiated GC) [PSYoungGen: 156991K->53524K(174592K)] 605701K->526123K(698880K), 0.0068549 secs] [Times: user=0.08 sys=0.00, real=0.01 secs] 
2016-09-25T23:33:18.289-0400: 54.523: [Full GC (Ergonomics) [PSYoungGen: 141588K->0K(174592K)] [ParOldGen: 478049K->293784K(524288K)] 619638K->293784K(698880K), [Metaspace: 43709K->43709K(1087488K)], 0.0609810 secs] [Times: user=0.55 sys=0.00, real=0.06 secs] 
2016-09-25T23:33:18.401-0400: 54.635: [GC (GCLocker Initiated GC) [PSYoungGen: 88064K->64899K(172544K)] 384590K->361425K(696832K), 0.0054007 secs] [Times: user=0.06 sys=0.00, real=0.01 secs] 
2016-09-25T23:33:18.439-0400: 54.673: [GC (GCLocker Initiated GC) [PSYoungGen: 154499K->83619K(174080K)] 456558K->395128K(698368K), 0.0090888 secs] [Times: user=0.10 sys=0.00, real=0.01 secs] 
2016-09-25T23:33:18.492-0400: 54.727: [GC (GCLocker Initiated GC) [PSYoungGen: 173219K->55197K(175104K)] 490241K->420230K(699392K), 0.0083099 secs] [Times: user=0.10 sys=0.00, real=0.01 secs] 
2016-09-25T23:33:18.548-0400: 54.782: [GC (GCLocker Initiated GC) [PSYoungGen: 143261K->67868K(175104K)] 515238K->456834K(699392K), 0.0136022 secs] [Times: user=0.14 sys=0.01, real=0.01 secs] 
2016-09-25T23:33:18.632-0400: 54.866: [GC (GCLocker Initiated GC) [PSYoungGen: 155932K->74324K(175104K)] 551731K->482075K(699392K), 0.0109492 secs] [Times: user=0.12 sys=0.00, real=0.02 secs] 
2016-09-25T23:33:18.694-0400: 54.928: [GC (GCLocker Initiated GC) [PSYoungGen: 162388K->63525K(175104K)] 577056K->511538K(699392K), 0.0074840 secs] [Times: user=0.10 sys=0.01, real=0.01 secs] 
2016-09-25T23:33:18.729-0400: 54.963: [GC (GCLocker Initiated GC) [PSYoungGen: 151589K->62430K(172032K)] 602397K->538508K(696320K), 0.0070061 secs] [Times: user=0.08 sys=0.00, real=0.01 secs] 
2016-09-25T23:33:18.736-0400: 54.970: [Full GC (Ergonomics) [PSYoungGen: 62430K->0K(172032K)] [ParOldGen: 476077K->297938K(524288K)] 538508K->297938K(696320K), [Metaspace: 43709K->43709K(1087488K)], 0.0585601 secs] [Times: user=0.55 sys=0.00, real=0.06 secs] 
2016-09-25T23:33:18.858-0400: 55.093: [GC (GCLocker Initiated GC) [PSYoungGen: 88064K->65229K(173568K)] 386043K->363216K(697856K), 0.0099898 secs] [Times: user=0.13 sys=0.00, real=0.01 secs] 
2016-09-25T23:33:18.916-0400: 55.150: [GC (GCLocker Initiated GC) [PSYoungGen: 153293K->82908K(171520K)] 454085K->413421K(695808K), 0.0080960 secs] [Times: user=0.11 sys=0.01, real=0.01 secs] 
2016-09-25T23:33:18.961-0400: 55.195: [GC (GCLocker Initiated GC) [PSYoungGen: 170972K->54172K(175104K)] 504325K->426773K(699392K), 0.0068361 secs] [Times: user=0.10 sys=0.00, real=0.01 secs] 
2016-09-25T23:33:19.003-0400: 55.237: [GC (GCLocker Initiated GC) [PSYoungGen: 142236K->70737K(175104K)] 524532K->470299K(699392K), 0.0078417 secs] [Times: user=0.10 sys=0.01, real=0.00 secs] 
2016-09-25T23:33:19.075-0400: 55.309: [GC (GCLocker Initiated GC) [PSYoungGen: 158801K->58134K(175104K)] 562584K->479520K(699392K), 0.0134932 secs] [Times: user=0.16 sys=0.00, real=0.01 secs] 
2016-09-25T23:33:19.146-0400: 55.380: [GC (GCLocker Initiated GC) [PSYoungGen: 146198K->77131K(175104K)] 574560K->520063K(699392K), 0.0086913 secs] [Times: user=0.10 sys=0.00, real=0.01 secs] 
2016-09-25T23:33:19.196-0400: 55.431: [GC (GCLocker Initiated GC) [PSYoungGen: 165195K->63531K(175104K)] 608344K->541498K(699392K), 0.0104068 secs] [Times: user=0.10 sys=0.01, real=0.01 secs] 
2016-09-25T23:33:19.207-0400: 55.441: [Full GC (Ergonomics) [PSYoungGen: 63531K->0K(175104K)] [ParOldGen: 477966K->302216K(524288K)] 541498K->302216K(699392K), [Metaspace: 43713K->43713K(1087488K)], 0.0740482 secs] [Times: user=0.56 sys=0.01, real=0.07 secs] 
2016-09-25T23:33:19.335-0400: 55.569: [GC (GCLocker Initiated GC) [PSYoungGen: 88064K->78765K(175104K)] 390366K->381067K(699392K), 0.0104506 secs] [Times: user=0.17 sys=0.00, real=0.01 secs] 
2016-09-25T23:33:19.387-0400: 55.621: [GC (GCLocker Initiated GC) [PSYoungGen: 166829K->70546K(175104K)] 480185K->409538K(699392K), 0.0104830 secs] [Times: user=0.07 sys=0.00, real=0.01 secs] 
2016-09-25T23:33:19.446-0400: 55.680: [GC (GCLocker Initiated GC) [PSYoungGen: 158610K->47491K(175104K)] 499044K->413514K(699392K), 0.0059656 secs] [Times: user=0.07 sys=0.00, real=0.00 secs] 
2016-09-25T23:33:19.479-0400: 55.713: [GC (GCLocker Initiated GC) [PSYoungGen: 135555K->54054K(175104K)] 504448K->436136K(699392K), 0.0143308 secs] [Times: user=0.10 sys=0.00, real=0.01 secs] 
2016-09-25T23:33:19.564-0400: 55.798: [GC (GCLocker Initiated GC) [PSYoungGen: 142118K->47327K(175104K)] 526983K->480667K(699392K), 0.0143316 secs] [Times: user=0.18 sys=0.00, real=0.01 secs] 
2016-09-25T23:33:19.622-0400: 55.856: [GC (GCLocker Initiated GC) [PSYoungGen: 135391K->70844K(175104K)] 574785K->540894K(699392K), 0.0082524 secs] [Times: user=0.09 sys=0.00, real=0.01 secs] 
2016-09-25T23:33:19.630-0400: 55.864: [Full GC (Ergonomics) [PSYoungGen: 70844K->0K(175104K)] [ParOldGen: 470049K->307612K(524288K)] 540894K->307612K(699392K), [Metaspace: 43713K->43713K(1087488K)], 0.0561823 secs] [Times: user=0.37 sys=0.01, real=0.06 secs] 
2016-09-25T23:33:19.755-0400: 55.989: [GC (GCLocker Initiated GC) [PSYoungGen: 88064K->64110K(175104K)] 409307K->385354K(699392K), 0.0093261 secs] [Times: user=0.12 sys=0.00, real=0.01 secs] 
2016-09-25T23:33:19.818-0400: 56.052: [GC (GCLocker Initiated GC) [PSYoungGen: 152174K->56846K(175104K)] 476244K->408140K(699392K), 0.0106273 secs] [Times: user=0.13 sys=0.01, real=0.01 secs] 
2016-09-25T23:33:19.874-0400: 56.108: [GC (GCLocker Initiated GC) [PSYoungGen: 144910K->78649K(175104K)] 496354K->441833K(699392K), 0.0106035 secs] [Times: user=0.12 sys=0.01, real=0.01 secs] 
2016-09-25T23:33:19.925-0400: 56.159: [GC (GCLocker Initiated GC) [PSYoungGen: 166713K->78449K(175104K)] 532687K->460344K(699392K), 0.0069921 secs] [Times: user=0.10 sys=0.00, real=0.00 secs] 
2016-09-25T23:33:19.977-0400: 56.211: [GC (GCLocker Initiated GC) [PSYoungGen: 166513K->59511K(175104K)] 549815K->483054K(699392K), 0.0127170 secs] [Times: user=0.11 sys=0.02, real=0.01 secs] 
2016-09-25T23:33:20.054-0400: 56.288: [GC (GCLocker Initiated GC) [PSYoungGen: 147575K->58327K(175104K)] 572703K->519532K(699392K), 0.0119635 secs] [Times: user=0.16 sys=0.01, real=0.01 secs] 
2016-09-25T23:33:20.104-0400: 56.338: [GC (GCLocker Initiated GC) [PSYoungGen: 146391K->78509K(175104K)] 610463K->574858K(699392K), 0.0083423 secs] [Times: user=0.12 sys=0.01, real=0.00 secs] 
2016-09-25T23:33:20.112-0400: 56.346: [Full GC (Ergonomics) [PSYoungGen: 78509K->0K(175104K)] [ParOldGen: 496349K->313023K(524288K)] 574858K->313023K(699392K), [Metaspace: 43713K->43713K(1087488K)], 0.0486100 secs] [Times: user=0.42 sys=0.01, real=0.05 secs] 
2016-09-25T23:33:20.217-0400: 56.452: [GC (GCLocker Initiated GC) [PSYoungGen: 88064K->69349K(175104K)] 408272K->389558K(699392K), 0.0100492 secs] [Times: user=0.10 sys=0.00, real=0.01 secs] 
2016-09-25T23:33:20.270-0400: 56.504: [GC (GCLocker Initiated GC) [PSYoungGen: 157413K->69122K(175104K)] 483160K->421961K(699392K), 0.0090822 secs] [Times: user=0.11 sys=0.00, real=0.01 secs] 
2016-09-25T23:33:20.325-0400: 56.559: [GC (GCLocker Initiated GC) [PSYoungGen: 157186K->64980K(175104K)] 510899K->453530K(699392K), 0.0072069 secs] [Times: user=0.10 sys=0.00, real=0.00 secs] 
2016-09-25T23:33:20.380-0400: 56.615: [GC (GCLocker Initiated GC) [PSYoungGen: 153044K->71788K(175104K)] 543070K->484472K(699392K), 0.0090111 secs] [Times: user=0.10 sys=0.00, real=0.01 secs] 
2016-09-25T23:33:20.425-0400: 56.659: [GC (GCLocker Initiated GC) [PSYoungGen: 159852K->79830K(175104K)] 575415K->522167K(699392K), 0.0108500 secs] [Times: user=0.10 sys=0.01, real=0.01 secs] 
2016-09-25T23:33:20.481-0400: 56.715: [GC (GCLocker Initiated GC) [PSYoungGen: 167894K->52855K(175104K)] 613020K->551678K(699392K), 0.0100508 secs] [Times: user=0.14 sys=0.00, real=0.01 secs] 
2016-09-25T23:33:20.491-0400: 56.726: [Full GC (Ergonomics) [PSYoungGen: 52855K->0K(175104K)] [ParOldGen: 498822K->313954K(524288K)] 551678K->313954K(699392K), [Metaspace: 43713K->43713K(1087488K)], 0.0558454 secs] [Times: user=0.49 sys=0.00, real=0.06 secs] 
2016-09-25T23:33:20.584-0400: 56.818: [GC (GCLocker Initiated GC) [PSYoungGen: 88064K->72331K(175104K)] 406783K->391051K(699392K), 0.0060307 secs] [Times: user=0.09 sys=0.00, real=0.00 secs] 
2016-09-25T23:33:20.636-0400: 56.871: [GC (GCLocker Initiated GC) [PSYoungGen: 160395K->77024K(175104K)] 479185K->419109K(699392K), 0.0068935 secs] [Times: user=0.08 sys=0.02, real=0.01 secs] 
2016-09-25T23:33:20.682-0400: 56.916: [GC (GCLocker Initiated GC) [PSYoungGen: 165088K->58283K(175104K)] 510030K->435248K(699392K), 0.0070271 secs] [Times: user=0.07 sys=0.01, real=0.01 secs] 
2016-09-25T23:33:20.739-0400: 56.974: [GC (GCLocker Initiated GC) [PSYoungGen: 146347K->63780K(175104K)] 528891K->471831K(699392K), 0.0084590 secs] [Times: user=0.09 sys=0.00, real=0.01 secs] 
2016-09-25T23:33:20.795-0400: 57.030: [GC (GCLocker Initiated GC) [PSYoungGen: 151844K->66315K(175104K)] 561398K->500087K(699392K), 0.0069282 secs] [Times: user=0.09 sys=0.00, real=0.01 secs] 
2016-09-25T23:33:20.842-0400: 57.077: [GC (GCLocker Initiated GC) [PSYoungGen: 154379K->67646K(172032K)] 597063K->527581K(696320K), 0.0084769 secs] [Times: user=0.11 sys=0.00, real=0.00 secs] 
2016-09-25T23:33:20.905-0400: 57.139: [GC (GCLocker Initiated GC) [PSYoungGen: 155710K->45757K(173568K)] 629275K->536482K(697856K), 0.0080117 secs] [Times: user=0.11 sys=0.00, real=0.00 secs] 
2016-09-25T23:33:20.913-0400: 57.147: [Full GC (Ergonomics) [PSYoungGen: 45757K->0K(173568K)] [ParOldGen: 490724K->315127K(524288K)] 536482K->315127K(697856K), [Metaspace: 43715K->43715K(1087488K)], 0.0563623 secs] [Times: user=0.47 sys=0.00, real=0.06 secs] 
2016-09-25T23:33:21.010-0400: 57.244: [GC (GCLocker Initiated GC) [PSYoungGen: 88064K->76083K(175104K)] 406297K->394316K(699392K), 0.0097604 secs] [Times: user=0.09 sys=0.01, real=0.01 secs] 
2016-09-25T23:33:21.058-0400: 57.292: [GC (GCLocker Initiated GC) [PSYoungGen: 164147K->70125K(175104K)] 487900K->437113K(699392K), 0.0100019 secs] [Times: user=0.14 sys=0.00, real=0.01 secs] 
2016-09-25T23:33:21.110-0400: 57.344: [GC (GCLocker Initiated GC) [PSYoungGen: 158189K->61631K(175104K)] 525295K->448376K(699392K), 0.0091056 secs] [Times: user=0.06 sys=0.00, real=0.01 secs] 
2016-09-25T23:33:21.160-0400: 57.394: [GC (GCLocker Initiated GC) [PSYoungGen: 149695K->59482K(147968K)] 541972K->491526K(672256K), 0.0096689 secs] [Times: user=0.11 sys=0.00, real=0.01 secs] 
2016-09-25T23:33:21.215-0400: 57.449: [GC (GCLocker Initiated GC) [PSYoungGen: 147546K->64695K(176128K)] 597257K->524739K(700416K), 0.0067732 secs] [Times: user=0.08 sys=0.00, real=0.00 secs] 
2016-09-25T23:33:21.267-0400: 57.501: [GC (GCLocker Initiated GC) [PSYoungGen: 154807K->59185K(174080K)] 617628K->539015K(698368K), 0.0067025 secs] [Times: user=0.09 sys=0.00, real=0.00 secs] 
2016-09-25T23:33:21.274-0400: 57.508: [Full GC (Ergonomics) [PSYoungGen: 59185K->0K(174080K)] [ParOldGen: 479830K->311837K(524288K)] 539015K->311837K(698368K), [Metaspace: 43715K->43715K(1087488K)], 0.1465749 secs] [Times: user=1.98 sys=0.01, real=0.15 secs] 
2016-09-25T23:33:21.460-0400: 57.695: [GC (GCLocker Initiated GC) [PSYoungGen: 90112K->80160K(171520K)] 406122K->396171K(695808K), 0.0067999 secs] [Times: user=0.08 sys=0.01, real=0.01 secs] 
2016-09-25T23:33:21.510-0400: 57.744: [GC (GCLocker Initiated GC) [PSYoungGen: 168224K->86193K(175104K)] 484309K->414429K(699392K), 0.0086847 secs] [Times: user=0.12 sys=0.01, real=0.01 secs] 
2016-09-25T23:33:21.567-0400: 57.802: [GC (GCLocker Initiated GC) [PSYoungGen: 174257K->79381K(175104K)] 508338K->436979K(699392K), 0.0093947 secs] [Times: user=0.12 sys=0.00, real=0.01 secs] 
2016-09-25T23:33:21.624-0400: 57.859: [GC (GCLocker Initiated GC) [PSYoungGen: 167445K->59037K(175104K)] 525220K->439025K(699392K), 0.0066774 secs] [Times: user=0.09 sys=0.00, real=0.00 secs] 
2016-09-25T23:33:21.670-0400: 57.904: [GC (GCLocker Initiated GC) [PSYoungGen: 147101K->76961K(175104K)] 527391K->484782K(699392K), 0.0086293 secs] [Times: user=0.13 sys=0.00, real=0.01 secs] 
2016-09-25T23:33:21.724-0400: 57.958: [GC (GCLocker Initiated GC) [PSYoungGen: 165025K->56395K(175104K)] 575751K->500362K(699392K), 0.0232779 secs] [Times: user=0.30 sys=0.00, real=0.02 secs] 
2016-09-25T23:33:21.789-0400: 58.023: [GC (GCLocker Initiated GC) [PSYoungGen: 144459K->62023K(175104K)] 596689K->537782K(699392K), 0.0090366 secs] [Times: user=0.13 sys=0.00, real=0.01 secs] 
2016-09-25T23:33:21.834-0400: 58.069: [GC (GCLocker Initiated GC) [PSYoungGen: 150087K->67227K(175104K)] 625918K->562796K(699392K), 0.0069321 secs] [Times: user=0.10 sys=0.00, real=0.00 secs] 
2016-09-25T23:33:21.842-0400: 58.076: [Full GC (Ergonomics) [PSYoungGen: 67227K->0K(175104K)] [ParOldGen: 495568K->315319K(524288K)] 562796K->315319K(699392K), [Metaspace: 43715K->43715K(1087488K)], 0.0527410 secs] [Times: user=0.42 sys=0.00, real=0.06 secs] 
2016-09-25T23:33:21.941-0400: 58.176: [GC (GCLocker Initiated GC) [PSYoungGen: 88064K->74293K(175104K)] 406206K->392436K(699392K), 0.0080764 secs] [Times: user=0.11 sys=0.00, real=0.01 secs] 
2016-09-25T23:33:22.006-0400: 58.240: [GC (GCLocker Initiated GC) [PSYoungGen: 162357K->40414K(175104K)] 491344K->393276K(699392K), 0.0058523 secs] [Times: user=0.08 sys=0.00, real=0.00 secs] 
2016-09-25T23:33:22.043-0400: 58.278: [GC (GCLocker Initiated GC) [PSYoungGen: 128478K->86287K(175104K)] 481619K->455095K(699392K), 0.0084316 secs] [Times: user=0.12 sys=0.01, real=0.00 secs] 
2016-09-25T23:33:22.109-0400: 58.343: [GC (GCLocker Initiated GC) [PSYoungGen: 174351K->52406K(175104K)] 558158K->472009K(699392K), 0.0155924 secs] [Times: user=0.23 sys=0.01, real=0.02 secs] 
2016-09-25T23:33:22.159-0400: 58.393: [GC (GCLocker Initiated GC) [PSYoungGen: 140470K->59100K(175104K)] 560184K->513210K(699392K), 0.0125381 secs] [Times: user=0.13 sys=0.00, real=0.01 secs] 
2016-09-25T23:33:22.214-0400: 58.449: [GC (GCLocker Initiated GC) [PSYoungGen: 147164K->68767K(175104K)] 606876K->557415K(699392K), 0.0074638 secs] [Times: user=0.10 sys=0.01, real=0.00 secs] 
2016-09-25T23:33:22.222-0400: 58.456: [Full GC (Ergonomics) [PSYoungGen: 68767K->0K(175104K)] [ParOldGen: 488648K->323228K(524288K)] 557415K->323228K(699392K), [Metaspace: 43715K->43715K(1087488K)], 0.0634051 secs] [Times: user=0.53 sys=0.01, real=0.07 secs] 
2016-09-25T23:33:22.327-0400: 58.561: [GC (GCLocker Initiated GC) [PSYoungGen: 88064K->75615K(175104K)] 416855K->404407K(699392K), 0.0089376 secs] [Times: user=0.13 sys=0.00, real=0.01 secs] 
2016-09-25T23:33:22.382-0400: 58.616: [GC (GCLocker Initiated GC) [PSYoungGen: 163679K->67395K(175104K)] 497948K->425491K(699392K), 0.0072894 secs] [Times: user=0.11 sys=0.00, real=0.01 secs] 
2016-09-25T23:33:22.424-0400: 58.658: [GC (GCLocker Initiated GC) [PSYoungGen: 155459K->71406K(175104K)] 513810K->458928K(699392K), 0.0088118 secs] [Times: user=0.11 sys=0.00, real=0.00 secs] 
2016-09-25T23:33:22.477-0400: 58.711: [GC (GCLocker Initiated GC) [PSYoungGen: 159470K->62090K(175104K)] 547130K->486986K(699392K), 0.0078085 secs] [Times: user=0.10 sys=0.00, real=0.01 secs] 
2016-09-25T23:33:22.531-0400: 58.766: [GC (GCLocker Initiated GC) [PSYoungGen: 150154K->64759K(175104K)] 579453K->517851K(699392K), 0.0076963 secs] [Times: user=0.11 sys=0.01, real=0.01 secs] 
2016-09-25T23:33:22.572-0400: 58.806: [GC (GCLocker Initiated GC) [PSYoungGen: 152823K->63246K(151552K)] 606112K->552512K(675840K), 0.0106289 secs] [Times: user=0.16 sys=0.00, real=0.02 secs] 
2016-09-25T23:33:22.583-0400: 58.817: [Full GC (Ergonomics) [PSYoungGen: 63246K->0K(151552K)] [ParOldGen: 489265K->325566K(524288K)] 552512K->325566K(675840K), [Metaspace: 43715K->43715K(1087488K)], 0.0599693 secs] [Times: user=0.37 sys=0.02, real=0.06 secs] 
2016-09-25T23:33:22.689-0400: 58.923: [GC (GCLocker Initiated GC) [PSYoungGen: 88064K->54184K(174592K)] 419224K->385345K(698880K), 0.0099706 secs] [Times: user=0.08 sys=0.00, real=0.01 secs] 
2016-09-25T23:33:22.747-0400: 58.981: [GC (GCLocker Initiated GC) [PSYoungGen: 142248K->38919K(174592K)] 477003K->411446K(698880K), 0.0066826 secs] [Times: user=0.07 sys=0.00, real=0.00 secs] 
2016-09-25T23:33:22.780-0400: 59.014: [GC (GCLocker Initiated GC) [PSYoungGen: 126983K->76878K(175104K)] 503690K->478629K(699392K), 0.0090387 secs] [Times: user=0.10 sys=0.00, real=0.01 secs] 
2016-09-25T23:33:22.839-0400: 59.073: [GC (GCLocker Initiated GC) [PSYoungGen: 164942K->66081K(175104K)] 569547K->505214K(699392K), 0.0091824 secs] [Times: user=0.14 sys=0.00, real=0.01 secs] 
2016-09-25T23:33:22.885-0400: 59.120: [GC (GCLocker Initiated GC) [PSYoungGen: 154145K->49879K(175104K)] 597451K->519604K(699392K), 0.0092219 secs] [Times: user=0.11 sys=0.00, real=0.01 secs] 
2016-09-25T23:33:22.935-0400: 59.169: [Full GC (Ergonomics) [PSYoungGen: 137943K->0K(175104K)] [ParOldGen: 474038K->319782K(524288K)] 611982K->319782K(699392K), [Metaspace: 43715K->43715K(1087488K)], 0.0622023 secs] [Times: user=0.50 sys=0.01, real=0.06 secs] 
2016-09-25T23:33:23.041-0400: 59.276: [GC (GCLocker Initiated GC) [PSYoungGen: 88064K->63833K(175104K)] 417078K->392848K(699392K), 0.0062787 secs] [Times: user=0.07 sys=0.00, real=0.01 secs] 
2016-09-25T23:33:23.092-0400: 59.327: [GC (GCLocker Initiated GC) [PSYoungGen: 151897K->80519K(175104K)] 483659K->412281K(699392K), 0.0095190 secs] [Times: user=0.11 sys=0.01, real=0.01 secs] 
2016-09-25T23:33:23.140-0400: 59.374: [GC (GCLocker Initiated GC) [PSYoungGen: 168583K->63168K(175104K)] 508548K->438703K(699392K), 0.0095622 secs] [Times: user=0.14 sys=0.00, real=0.01 secs] 
2016-09-25T23:33:23.200-0400: 59.434: [GC (GCLocker Initiated GC) [PSYoungGen: 151232K->43013K(175104K)] 532330K->459851K(699392K), 0.0063997 secs] [Times: user=0.08 sys=0.00, real=0.01 secs] 
2016-09-25T23:33:23.248-0400: 59.482: [GC (GCLocker Initiated GC) [PSYoungGen: 131077K->59344K(175104K)] 553392K->508040K(699392K), 0.0063814 secs] [Times: user=0.09 sys=0.00, real=0.01 secs] 
2016-09-25T23:33:23.285-0400: 59.519: [GC (GCLocker Initiated GC) [PSYoungGen: 147408K->74423K(175104K)] 604424K->555206K(699392K), 0.0100705 secs] [Times: user=0.15 sys=0.00, real=0.01 secs] 
2016-09-25T23:33:23.296-0400: 59.530: [Full GC (Ergonomics) [PSYoungGen: 74423K->0K(175104K)] [ParOldGen: 480783K->330482K(524288K)] 555206K->330482K(699392K), [Metaspace: 43715K->43715K(1087488K)], 0.0530024 secs] [Times: user=0.41 sys=0.00, real=0.05 secs] 
2016-09-25T23:33:23.402-0400: 59.637: [GC (GCLocker Initiated GC) [PSYoungGen: 88064K->62084K(175104K)] 422715K->396735K(699392K), 0.0101876 secs] [Times: user=0.07 sys=0.00, real=0.00 secs] 
2016-09-25T23:33:23.453-0400: 59.687: [GC (GCLocker Initiated GC) [PSYoungGen: 150148K->61066K(172032K)] 490282K->422404K(696320K), 0.0119282 secs] [Times: user=0.13 sys=0.00, real=0.02 secs] 
2016-09-25T23:33:23.500-0400: 59.734: [GC (GCLocker Initiated GC) [PSYoungGen: 149130K->60601K(173568K)] 515958K->455511K(697856K), 0.0177173 secs] [Times: user=0.16 sys=0.00, real=0.02 secs] 
2016-09-25T23:33:23.556-0400: 59.790: [GC (GCLocker Initiated GC) [PSYoungGen: 148665K->63617K(174080K)] 547749K->491952K(698368K), 0.0072801 secs] [Times: user=0.09 sys=0.00, real=0.01 secs] 
2016-09-25T23:33:23.608-0400: 59.843: [GC (GCLocker Initiated GC) [PSYoungGen: 156801K->73022K(175104K)] 590735K->530918K(699392K), 0.0103082 secs] [Times: user=0.13 sys=0.00, real=0.01 secs] 
2016-09-25T23:33:23.676-0400: 59.910: [GC (GCLocker Initiated GC) [PSYoungGen: 166206K->75813K(174080K)] 626862K->550997K(698368K), 0.0101419 secs] [Times: user=0.14 sys=0.01, real=0.01 secs] 
2016-09-25T23:33:23.743-0400: 59.977: [GC (GCLocker Initiated GC) [PSYoungGen: 165925K->64727K(176128K)] 641452K->581817K(700416K), 0.0085418 secs] [Times: user=0.09 sys=0.00, real=0.00 secs] 
2016-09-25T23:33:23.752-0400: 59.986: [Full GC (Ergonomics) [PSYoungGen: 64727K->0K(176128K)] [ParOldGen: 517090K->328427K(524288K)] 581817K->328427K(700416K), [Metaspace: 43715K->43715K(1087488K)], 0.0522061 secs] [Times: user=0.50 sys=0.00, real=0.06 secs] 
2016-09-25T23:33:23.838-0400: 60.072: [GC (GCLocker Initiated GC) [PSYoungGen: 90112K->82581K(172032K)] 418751K->411221K(696320K), 0.0116153 secs] [Times: user=0.17 sys=0.00, real=0.01 secs] 
2016-09-25T23:33:23.910-0400: 60.144: [GC (GCLocker Initiated GC) [PSYoungGen: 170645K->65168K(175104K)] 507562K->443678K(699392K), 0.0281548 secs] [Times: user=0.35 sys=0.00, real=0.03 secs] 
2016-09-25T23:33:23.990-0400: 60.224: [GC (GCLocker Initiated GC) [PSYoungGen: 153232K->55372K(174080K)] 531836K->462178K(698368K), 0.0067541 secs] [Times: user=0.09 sys=0.00, real=0.01 secs] 
2016-09-25T23:33:24.029-0400: 60.263: [GC (GCLocker Initiated GC) [PSYoungGen: 143436K->67784K(174592K)] 550368K->506731K(698880K), 0.0073031 secs] [Times: user=0.11 sys=0.00, real=0.01 secs] 
2016-09-25T23:33:24.088-0400: 60.322: [GC (GCLocker Initiated GC) [PSYoungGen: 155848K->47420K(174080K)] 596316K->524154K(698368K), 0.0141593 secs] [Times: user=0.16 sys=0.00, real=0.01 secs] 
2016-09-25T23:33:24.102-0400: 60.336: [Full GC (Ergonomics) [PSYoungGen: 47420K->0K(174080K)] [ParOldGen: 476734K->330765K(524288K)] 524154K->330765K(698368K), [Metaspace: 43715K->43715K(1087488K)], 0.0840934 secs] [Times: user=0.68 sys=0.01, real=0.09 secs] 
2016-09-25T23:33:24.228-0400: 60.462: [GC (GCLocker Initiated GC) [PSYoungGen: 88576K->66927K(175104K)] 431725K->410077K(699392K), 0.0061406 secs] [Times: user=0.08 sys=0.00, real=0.01 secs] 
2016-09-25T23:33:24.287-0400: 60.521: [GC (GCLocker Initiated GC) [PSYoungGen: 155503K->85354K(173568K)] 501535K->431387K(697856K), 0.0139089 secs] [Times: user=0.15 sys=0.00, real=0.01 secs] 
2016-09-25T23:33:24.363-0400: 60.598: [GC (GCLocker Initiated GC) [PSYoungGen: 173418K->67241K(175104K)] 530359K->453629K(699392K), 0.0195978 secs] [Times: user=0.19 sys=0.00, real=0.02 secs] 
2016-09-25T23:33:24.423-0400: 60.657: [GC (GCLocker Initiated GC) [PSYoungGen: 155305K->64775K(175104K)] 541857K->481691K(699392K), 0.0082455 secs] [Times: user=0.09 sys=0.00, real=0.00 secs] 
2016-09-25T23:33:24.468-0400: 60.702: [GC (GCLocker Initiated GC) [PSYoungGen: 152839K->63269K(151552K)] 569853K->502727K(675840K), 0.0111738 secs] [Times: user=0.12 sys=0.00, real=0.01 secs] 
2016-09-25T23:33:24.544-0400: 60.778: [GC (GCLocker Initiated GC) [PSYoungGen: 151333K->43049K(172032K)] 590882K->515843K(696320K), 0.0108613 secs] [Times: user=0.10 sys=0.00, real=0.01 secs] 
2016-09-25T23:33:24.555-0400: 60.789: [Full GC (Ergonomics) [PSYoungGen: 43049K->0K(172032K)] [ParOldGen: 472794K->328222K(524288K)] 515843K->328222K(696320K), [Metaspace: 43719K->43719K(1087488K)], 0.0875151 secs] [Times: user=0.58 sys=0.00, real=0.09 secs] 
2016-09-25T23:33:24.672-0400: 60.907: [GC (GCLocker Initiated GC) [PSYoungGen: 86528K->84467K(173568K)] 417710K->418349K(697856K), 0.0074340 secs] [Times: user=0.08 sys=0.00, real=0.01 secs] 
2016-09-25T23:33:24.741-0400: 60.975: [GC (GCLocker Initiated GC) [PSYoungGen: 170995K->59442K(175104K)] 510303K->427404K(699392K), 0.0105115 secs] [Times: user=0.13 sys=0.01, real=0.01 secs] 
2016-09-25T23:33:24.818-0400: 61.053: [GC (GCLocker Initiated GC) [PSYoungGen: 147506K->59521K(175104K)] 515648K->454309K(699392K), 0.0103478 secs] [Times: user=0.13 sys=0.01, real=0.01 secs] 
2016-09-25T23:33:24.864-0400: 61.098: [GC (GCLocker Initiated GC) [PSYoungGen: 147585K->75969K(175104K)] 547922K->505639K(699392K), 0.0077168 secs] [Times: user=0.10 sys=0.00, real=0.00 secs] 
2016-09-25T23:33:24.920-0400: 61.154: [GC (GCLocker Initiated GC) [PSYoungGen: 164033K->30964K(175104K)] 593767K->480829K(699392K), 0.0072845 secs] [Times: user=0.06 sys=0.00, real=0.01 secs] 
2016-09-25T23:33:24.980-0400: 61.214: [GC (GCLocker Initiated GC) [PSYoungGen: 119028K->67756K(175104K)] 578460K->541743K(699392K), 0.0144547 secs] [Times: user=0.16 sys=0.00, real=0.02 secs] 
2016-09-25T23:33:25.073-0400: 61.307: [Full GC (Ergonomics) [PSYoungGen: 155820K->0K(175104K)] [ParOldGen: 488993K->334811K(524288K)] 644813K->334811K(699392K), [Metaspace: 43743K->43743K(1087488K)], 0.0505225 secs] [Times: user=0.37 sys=0.00, real=0.06 secs] 
2016-09-25T23:33:25.171-0400: 61.405: [GC (GCLocker Initiated GC) [PSYoungGen: 88064K->66757K(175104K)] 433829K->412523K(699392K), 0.0105594 secs] [Times: user=0.11 sys=0.00, real=0.01 secs] 
2016-09-25T23:33:25.222-0400: 61.456: [GC (GCLocker Initiated GC) [PSYoungGen: 154821K->53930K(175104K)] 503547K->417645K(699392K), 0.0099102 secs] [Times: user=0.07 sys=0.00, real=0.01 secs] 
2016-09-25T23:33:25.282-0400: 61.516: [GC (GCLocker Initiated GC) [PSYoungGen: 141994K->45868K(175104K)] 514528K->428825K(699392K), 0.0118827 secs] [Times: user=0.08 sys=0.00, real=0.01 secs] 
2016-09-25T23:33:25.331-0400: 61.566: [GC (GCLocker Initiated GC) [PSYoungGen: 133932K->83611K(175104K)] 517105K->486718K(699392K), 0.0127961 secs] [Times: user=0.16 sys=0.02, real=0.02 secs] 
2016-09-25T23:33:25.391-0400: 61.626: [GC (GCLocker Initiated GC) [PSYoungGen: 171675K->68818K(175104K)] 584481K->502668K(699392K), 0.0107199 secs] [Times: user=0.14 sys=0.00, real=0.02 secs] 
2016-09-25T23:33:25.452-0400: 61.686: [GC (GCLocker Initiated GC) [PSYoungGen: 156882K->68991K(175104K)] 596290K->531001K(699392K), 0.0094860 secs] [Times: user=0.13 sys=0.00, real=0.01 secs] 
2016-09-25T23:33:25.501-0400: 61.735: [GC (GCLocker Initiated GC) [PSYoungGen: 157055K->55293K(175104K)] 621809K->558955K(699392K), 0.0071989 secs] [Times: user=0.09 sys=0.00, real=0.01 secs] 
2016-09-25T23:33:25.508-0400: 61.742: [Full GC (Ergonomics) [PSYoungGen: 55293K->0K(175104K)] [ParOldGen: 503661K->346632K(524288K)] 558955K->346632K(699392K), [Metaspace: 43743K->43743K(1087488K)], 0.0586052 secs] [Times: user=0.48 sys=0.00, real=0.06 secs] 
2016-09-25T23:33:25.606-0400: 61.840: [GC (GCLocker Initiated GC) [PSYoungGen: 88064K->72140K(175104K)] 443022K->427099K(699392K), 0.0089931 secs] [Times: user=0.13 sys=0.00, real=0.01 secs] 
2016-09-25T23:33:25.657-0400: 61.891: [GC (GCLocker Initiated GC) [PSYoungGen: 160204K->54090K(175104K)] 518036K->435002K(699392K), 0.0076977 secs] [Times: user=0.11 sys=0.00, real=0.01 secs] 
2016-09-25T23:33:25.707-0400: 61.941: [GC (GCLocker Initiated GC) [PSYoungGen: 142154K->79728K(175104K)] 534113K->511866K(699392K), 0.0071616 secs] [Times: user=0.09 sys=0.00, real=0.00 secs] 
2016-09-25T23:33:25.766-0400: 62.001: [GC (GCLocker Initiated GC) [PSYoungGen: 167792K->47424K(175104K)] 608101K->517052K(699392K), 0.0087650 secs] [Times: user=0.10 sys=0.00, real=0.01 secs] 
2016-09-25T23:33:25.815-0400: 62.049: [GC (GCLocker Initiated GC) [PSYoungGen: 135488K->77124K(175104K)] 606487K->565395K(699392K), 0.0097063 secs] [Times: user=0.11 sys=0.00, real=0.01 secs] 
2016-09-25T23:33:25.825-0400: 62.060: [Full GC (Ergonomics) [PSYoungGen: 77124K->0K(175104K)] [ParOldGen: 488270K->343894K(524288K)] 565395K->343894K(699392K), [Metaspace: 43743K->43743K(1087488K)], 0.0623279 secs] [Times: user=0.60 sys=0.00, real=0.06 secs] 
2016-09-25T23:33:25.934-0400: 62.168: [GC (GCLocker Initiated GC) [PSYoungGen: 88064K->65199K(175104K)] 440178K->417313K(699392K), 0.0144960 secs] [Times: user=0.11 sys=0.00, real=0.02 secs] 
2016-09-25T23:33:26.006-0400: 62.240: [GC (GCLocker Initiated GC) [PSYoungGen: 153263K->48806K(175104K)] 512207K->440225K(699392K), 0.0065328 secs] [Times: user=0.07 sys=0.00, real=0.00 secs] 
2016-09-25T23:33:26.043-0400: 62.278: [GC (GCLocker Initiated GC) [PSYoungGen: 136870K->60976K(175104K)] 532461K->477830K(699392K), 0.0096165 secs] [Times: user=0.09 sys=0.00, real=0.00 secs] 
2016-09-25T23:33:26.098-0400: 62.332: [GC (GCLocker Initiated GC) [PSYoungGen: 149040K->64795K(175104K)] 572737K->519232K(699392K), 0.0067940 secs] [Times: user=0.10 sys=0.00, real=0.01 secs] 
2016-09-25T23:33:26.145-0400: 62.379: [GC (GCLocker Initiated GC) [PSYoungGen: 152859K->71725K(175104K)] 612852K->563625K(699392K), 0.0097823 secs] [Times: user=0.14 sys=0.00, real=0.01 secs] 
2016-09-25T23:33:26.155-0400: 62.389: [Full GC (Ergonomics) [PSYoungGen: 71725K->0K(175104K)] [ParOldGen: 491900K->351907K(524288K)] 563625K->351907K(699392K), [Metaspace: 43743K->43743K(1087488K)], 0.0593008 secs] [Times: user=0.53 sys=0.00, real=0.06 secs] 
2016-09-25T23:33:26.261-0400: 62.495: [GC (GCLocker Initiated GC) [PSYoungGen: 88064K->76191K(175104K)] 445539K->433667K(699392K), 0.0084670 secs] [Times: user=0.11 sys=0.01, real=0.01 secs] 
2016-09-25T23:33:26.317-0400: 62.551: [GC (GCLocker Initiated GC) [PSYoungGen: 164255K->73222K(175104K)] 527231K->448443K(699392K), 0.0077165 secs] [Times: user=0.10 sys=0.00, real=0.01 secs] 
2016-09-25T23:33:26.364-0400: 62.598: [GC (GCLocker Initiated GC) [PSYoungGen: 161286K->51084K(175104K)] 536718K->472299K(699392K), 0.0071081 secs] [Times: user=0.09 sys=0.00, real=0.00 secs] 
2016-09-25T23:33:26.417-0400: 62.651: [GC (GCLocker Initiated GC) [PSYoungGen: 139148K->82557K(175104K)] 565924K->532953K(699392K), 0.0075754 secs] [Times: user=0.12 sys=0.00, real=0.01 secs] 
2016-09-25T23:33:26.464-0400: 62.698: [GC (GCLocker Initiated GC) [PSYoungGen: 170621K->65039K(175104K)] 623807K->558472K(699392K), 0.0082038 secs] [Times: user=0.10 sys=0.00, real=0.00 secs] 
2016-09-25T23:33:26.472-0400: 62.706: [Full GC (Ergonomics) [PSYoungGen: 65039K->0K(175104K)] [ParOldGen: 493433K->357235K(524288K)] 558472K->357235K(699392K), [Metaspace: 43743K->43743K(1087488K)], 0.0682926 secs] [Times: user=0.52 sys=0.00, real=0.07 secs] 
2016-09-25T23:33:26.588-0400: 62.822: [GC (GCLocker Initiated GC) [PSYoungGen: 88064K->80229K(175104K)] 446878K->439043K(699392K), 0.0091108 secs] [Times: user=0.11 sys=0.00, real=0.01 secs] 
2016-09-25T23:33:26.638-0400: 62.872: [GC (GCLocker Initiated GC) [PSYoungGen: 168293K->68878K(175104K)] 532618K->464384K(699392K), 0.0097203 secs] [Times: user=0.12 sys=0.01, real=0.01 secs] 
2016-09-25T23:33:26.692-0400: 62.926: [GC (GCLocker Initiated GC) [PSYoungGen: 156942K->60912K(175104K)] 559382K->496642K(699392K), 0.0088640 secs] [Times: user=0.13 sys=0.00, real=0.01 secs] 
2016-09-25T23:33:26.752-0400: 62.986: [GC (GCLocker Initiated GC) [PSYoungGen: 148976K->64732K(175104K)] 590559K->528967K(699392K), 0.0066699 secs] [Times: user=0.09 sys=0.01, real=0.01 secs] 
2016-09-25T23:33:26.802-0400: 63.036: [Full GC (Ergonomics) [PSYoungGen: 152796K->0K(175104K)] [ParOldGen: 476453K->359913K(524288K)] 629249K->359913K(699392K), [Metaspace: 43743K->43743K(1087488K)], 0.0553683 secs] [Times: user=0.46 sys=0.01, real=0.06 secs] 
2016-09-25T23:33:26.908-0400: 63.142: [GC (GCLocker Initiated GC) [PSYoungGen: 88064K->73004K(175104K)] 450957K->435898K(699392K), 0.0066643 secs] [Times: user=0.07 sys=0.01, real=0.01 secs] 
2016-09-25T23:33:26.947-0400: 63.182: [GC (GCLocker Initiated GC) [PSYoungGen: 161068K->82233K(175104K)] 529485K->478712K(699392K), 0.0101779 secs] [Times: user=0.11 sys=0.00, real=0.01 secs] 
2016-09-25T23:33:27.009-0400: 63.243: [GC (GCLocker Initiated GC) [PSYoungGen: 170297K->45963K(175104K)] 568231K->479706K(699392K), 0.0072440 secs] [Times: user=0.07 sys=0.00, real=0.01 secs] 
2016-09-25T23:33:27.061-0400: 63.296: [GC (GCLocker Initiated GC) [PSYoungGen: 134027K->71501K(175104K)] 573291K->523880K(699392K), 0.0090961 secs] [Times: user=0.11 sys=0.00, real=0.01 secs] 
2016-09-25T23:33:27.121-0400: 63.355: [GC (GCLocker Initiated GC) [PSYoungGen: 159565K->69189K(175104K)] 624541K->552584K(699392K), 0.0096321 secs] [Times: user=0.13 sys=0.00, real=0.01 secs] 
2016-09-25T23:33:27.131-0400: 63.365: [Full GC (Ergonomics) [PSYoungGen: 69189K->0K(175104K)] [ParOldGen: 483394K->355761K(524288K)] 552584K->355761K(699392K), [Metaspace: 43743K->43743K(1087488K)], 0.0568450 secs] [Times: user=0.45 sys=0.02, real=0.06 secs] 
2016-09-25T23:33:27.243-0400: 63.477: [GC (GCLocker Initiated GC) [PSYoungGen: 88064K->59476K(175104K)] 456139K->427551K(699392K), 0.0094287 secs] [Times: user=0.12 sys=0.00, real=0.00 secs] 
2016-09-25T23:33:27.296-0400: 63.530: [GC (GCLocker Initiated GC) [PSYoungGen: 147540K->53935K(175104K)] 518462K->447353K(699392K), 0.0090327 secs] [Times: user=0.10 sys=0.00, real=0.01 secs] 
2016-09-25T23:33:27.353-0400: 63.587: [GC (GCLocker Initiated GC) [PSYoungGen: 141999K->66176K(175104K)] 535617K->503927K(699392K), 0.0079067 secs] [Times: user=0.12 sys=0.00, real=0.01 secs] 
2016-09-25T23:33:27.411-0400: 63.646: [GC (GCLocker Initiated GC) [PSYoungGen: 154240K->67804K(175104K)] 597528K->528253K(699392K), 0.0099593 secs] [Times: user=0.14 sys=0.00, real=0.01 secs] 
2016-09-25T23:33:27.474-0400: 63.708: [GC (GCLocker Initiated GC) [PSYoungGen: 155868K->86141K(175104K)] 616521K->548144K(699392K), 0.0107046 secs] [Times: user=0.17 sys=0.00, real=0.02 secs] 
2016-09-25T23:33:27.531-0400: 63.765: [GC (GCLocker Initiated GC) [PSYoungGen: 174205K->46819K(175104K)] 636691K->540905K(699392K), 0.0097759 secs] [Times: user=0.11 sys=0.00, real=0.01 secs] 
2016-09-25T23:33:27.541-0400: 63.775: [Full GC (Ergonomics) [PSYoungGen: 46819K->0K(175104K)] [ParOldGen: 494086K->359854K(524288K)] 540905K->359854K(699392K), [Metaspace: 43743K->43743K(1087488K)], 0.0583895 secs] [Times: user=0.63 sys=0.00, real=0.06 secs] 
2016-09-25T23:33:27.649-0400: 63.883: [GC (GCLocker Initiated GC) [PSYoungGen: 88064K->73219K(175104K)] 454926K->440081K(699392K), 0.0101380 secs] [Times: user=0.10 sys=0.00, real=0.01 secs] 
2016-09-25T23:33:27.708-0400: 63.942: [GC (GCLocker Initiated GC) [PSYoungGen: 161283K->67593K(175104K)] 533645K->473564K(699392K), 0.0082741 secs] [Times: user=0.14 sys=0.00, real=0.01 secs] 
2016-09-25T23:33:27.757-0400: 63.991: [GC (GCLocker Initiated GC) [PSYoungGen: 155657K->76922K(175104K)] 564394K->519046K(699392K), 0.0103504 secs] [Times: user=0.15 sys=0.00, real=0.01 secs] 
2016-09-25T23:33:27.817-0400: 64.051: [GC (GCLocker Initiated GC) [PSYoungGen: 164986K->44646K(175104K)] 613971K->520123K(699392K), 0.0067092 secs] [Times: user=0.07 sys=0.00, real=0.01 secs] 
2016-09-25T23:33:27.824-0400: 64.058: [Full GC (Ergonomics) [PSYoungGen: 44646K->0K(175104K)] [ParOldGen: 475477K->356133K(524288K)] 520123K->356133K(699392K), [Metaspace: 43743K->43743K(1087488K)], 0.0548977 secs] [Times: user=0.51 sys=0.00, real=0.05 secs] 
2016-09-25T23:33:27.917-0400: 64.151: [GC (GCLocker Initiated GC) [PSYoungGen: 88064K->84231K(175104K)] 446941K->443108K(699392K), 0.0061994 secs] [Times: user=0.08 sys=0.01, real=0.01 secs] 
2016-09-25T23:33:27.971-0400: 64.205: [GC (GCLocker Initiated GC) [PSYoungGen: 172295K->57952K(175104K)] 533980K->450734K(699392K), 0.0086737 secs] [Times: user=0.12 sys=0.01, real=0.01 secs] 
2016-09-25T23:33:28.023-0400: 64.257: [GC (GCLocker Initiated GC) [PSYoungGen: 146016K->58026K(175104K)] 541648K->478754K(699392K), 0.0084555 secs] [Times: user=0.09 sys=0.00, real=0.00 secs] 
2016-09-25T23:33:28.075-0400: 64.309: [GC (GCLocker Initiated GC) [PSYoungGen: 146090K->57708K(175104K)] 566889K->510628K(699392K), 0.0132719 secs] [Times: user=0.14 sys=0.01, real=0.01 secs] 
2016-09-25T23:33:28.123-0400: 64.358: [GC (GCLocker Initiated GC) [PSYoungGen: 145772K->54197K(175104K)] 605692K->552654K(699392K), 0.0143058 secs] [Times: user=0.21 sys=0.01, real=0.01 secs] 
2016-09-25T23:33:28.138-0400: 64.372: [Full GC (Ergonomics) [PSYoungGen: 54197K->0K(175104K)] [ParOldGen: 498456K->366442K(524288K)] 552654K->366442K(699392K), [Metaspace: 43759K->43759K(1087488K)], 0.0614115 secs] [Times: user=0.52 sys=0.01, real=0.06 secs] 
2016-09-25T23:33:28.256-0400: 64.490: [GC (GCLocker Initiated GC) [PSYoungGen: 88064K->68998K(175104K)] 461390K->442325K(699392K), 0.0125344 secs] [Times: user=0.11 sys=0.00, real=0.01 secs] 
2016-09-25T23:33:28.297-0400: 64.531: [GC (GCLocker Initiated GC) [PSYoungGen: 157062K->66220K(175104K)] 530588K->452922K(699392K), 0.0074089 secs] [Times: user=0.07 sys=0.00, real=0.01 secs] 
2016-09-25T23:33:28.349-0400: 64.583: [GC (GCLocker Initiated GC) [PSYoungGen: 154284K->68910K(175104K)] 543772K->483831K(699392K), 0.0085878 secs] [Times: user=0.08 sys=0.00, real=0.01 secs] 
2016-09-25T23:33:28.407-0400: 64.641: [GC (GCLocker Initiated GC) [PSYoungGen: 156974K->40267K(175104K)] 572051K->517072K(699392K), 0.0112967 secs] [Times: user=0.14 sys=0.00, real=0.01 secs] 
2016-09-25T23:33:28.419-0400: 64.653: [Full GC (Ergonomics) [PSYoungGen: 40267K->0K(175104K)] [ParOldGen: 476805K->362525K(524288K)] 517072K->362525K(699392K), [Metaspace: 43759K->43759K(1087488K)], 0.0666229 secs] [Times: user=0.63 sys=0.01, real=0.07 secs] 
2016-09-25T23:33:28.519-0400: 64.754: [GC (GCLocker Initiated GC) [PSYoungGen: 88064K->85949K(175104K)] 457522K->458107K(699392K), 0.0069862 secs] [Times: user=0.08 sys=0.00, real=0.01 secs] 
2016-09-25T23:33:28.566-0400: 64.801: [GC (GCLocker Initiated GC) [PSYoungGen: 174013K->68739K(175104K)] 547648K->471108K(699392K), 0.0068083 secs] [Times: user=0.09 sys=0.00, real=0.00 secs] 
2016-09-25T23:33:28.607-0400: 64.841: [GC (GCLocker Initiated GC) [PSYoungGen: 156803K->67523K(175104K)] 565067K->504944K(699392K), 0.0069776 secs] [Times: user=0.09 sys=0.00, real=0.00 secs] 
2016-09-25T23:33:28.647-0400: 64.882: [GC (GCLocker Initiated GC) [PSYoungGen: 155587K->65812K(175104K)] 595838K->538051K(699392K), 0.0081184 secs] [Times: user=0.11 sys=0.00, real=0.01 secs] 
2016-09-25T23:33:28.656-0400: 64.890: [Full GC (Ergonomics) [PSYoungGen: 65812K->0K(175104K)] [ParOldGen: 472238K->364352K(524288K)] 538051K->364352K(699392K), [Metaspace: 43759K->43759K(1087488K)], 0.0921199 secs] [Times: user=0.57 sys=0.01, real=0.09 secs] 
2016-09-25T23:33:28.819-0400: 65.053: [GC (GCLocker Initiated GC) [PSYoungGen: 88064K->64019K(175104K)] 462047K->438002K(699392K), 0.0176243 secs] [Times: user=0.24 sys=0.00, real=0.02 secs] 
2016-09-25T23:33:28.877-0400: 65.111: [GC (GCLocker Initiated GC) [PSYoungGen: 152083K->59426K(175104K)] 528840K->480822K(699392K), 0.0124005 secs] [Times: user=0.15 sys=0.02, real=0.01 secs] 
2016-09-25T23:33:28.948-0400: 65.182: [GC (GCLocker Initiated GC) [PSYoungGen: 147490K->74089K(175104K)] 578384K->504983K(699392K), 0.0123990 secs] [Times: user=0.14 sys=0.01, real=0.01 secs] 
2016-09-25T23:33:29.027-0400: 65.261: [GC (GCLocker Initiated GC) [PSYoungGen: 162153K->56267K(175104K)] 593155K->528329K(699392K), 0.0133487 secs] [Times: user=0.18 sys=0.00, real=0.01 secs] 
2016-09-25T23:33:29.040-0400: 65.275: [Full GC (Ergonomics) [PSYoungGen: 56267K->0K(175104K)] [ParOldGen: 472061K->359302K(524288K)] 528329K->359302K(699392K), [Metaspace: 43804K->43804K(1087488K)], 0.2720138 secs] [Times: user=4.22 sys=0.03, real=0.27 secs] 
2016-09-25T23:33:29.377-0400: 65.611: [GC (GCLocker Initiated GC) [PSYoungGen: 88064K->60073K(148480K)] 450264K->422273K(672768K), 0.0080277 secs] [Times: user=0.10 sys=0.00, real=0.01 secs] 
2016-09-25T23:33:29.440-0400: 65.675: [GC (GCLocker Initiated GC) [PSYoungGen: 148137K->84874K(173056K)] 510424K->447162K(697344K), 0.0086296 secs] [Times: user=0.07 sys=0.00, real=0.01 secs] 
2016-09-25T23:33:29.480-0400: 65.715: [GC (GCLocker Initiated GC) [PSYoungGen: 171914K->48307K(174080K)] 536990K->473602K(698368K), 0.0078151 secs] [Times: user=0.11 sys=0.00, real=0.01 secs] 
2016-09-25T23:33:29.535-0400: 65.770: [GC (GCLocker Initiated GC) [PSYoungGen: 135347K->70450K(175104K)] 563455K->526184K(699392K), 0.0119241 secs] [Times: user=0.17 sys=0.01, real=0.01 secs] 
2016-09-25T23:33:29.548-0400: 65.782: [Full GC (Ergonomics) [PSYoungGen: 70450K->0K(175104K)] [ParOldGen: 455733K->363770K(524288K)] 526184K->363770K(699392K), [Metaspace: 43804K->43804K(1087488K)], 0.0808798 secs] [Times: user=0.63 sys=0.00, real=0.08 secs] 
2016-09-25T23:33:29.674-0400: 65.909: [GC (GCLocker Initiated GC) [PSYoungGen: 88064K->69326K(175104K)] 453382K->434644K(699392K), 0.0063734 secs] [Times: user=0.06 sys=0.00, real=0.00 secs] 
2016-09-25T23:33:29.717-0400: 65.951: [GC (GCLocker Initiated GC) [PSYoungGen: 157390K->53958K(175104K)] 528197K->462601K(699392K), 0.0070886 secs] [Times: user=0.09 sys=0.00, real=0.01 secs] 
2016-09-25T23:33:29.769-0400: 66.003: [GC (GCLocker Initiated GC) [PSYoungGen: 142022K->52583K(175104K)] 552097K->485014K(699392K), 0.0118660 secs] [Times: user=0.10 sys=0.01, real=0.01 secs] 
2016-09-25T23:33:29.841-0400: 66.076: [GC (GCLocker Initiated GC) [PSYoungGen: 140647K->58148K(175104K)] 580028K->526898K(699392K), 0.0148026 secs] [Times: user=0.17 sys=0.00, real=0.02 secs] 
2016-09-25T23:33:29.856-0400: 66.091: [Full GC (Ergonomics) [PSYoungGen: 58148K->0K(175104K)] [ParOldGen: 468750K->362768K(524288K)] 526898K->362768K(699392K), [Metaspace: 43804K->43804K(1087488K)], 0.0622893 secs] [Times: user=0.61 sys=0.00, real=0.06 secs] 
2016-09-25T23:33:29.954-0400: 66.188: [GC (GCLocker Initiated GC) [PSYoungGen: 88064K->86584K(175104K)] 450953K->452173K(699392K), 0.0073472 secs] [Times: user=0.11 sys=0.00, real=0.00 secs] 
2016-09-25T23:33:30.014-0400: 66.248: [GC (GCLocker Initiated GC) [PSYoungGen: 174648K->85346K(175104K)] 543351K->477975K(699392K), 0.0116297 secs] [Times: user=0.18 sys=0.01, real=0.02 secs] 
2016-09-25T23:33:30.106-0400: 66.340: [GC (GCLocker Initiated GC) [PSYoungGen: 173410K->44178K(175104K)] 573198K->478858K(699392K), 0.0076496 secs] [Times: user=0.11 sys=0.01, real=0.00 secs] 
2016-09-25T23:33:30.144-0400: 66.378: [GC (GCLocker Initiated GC) [PSYoungGen: 132242K->75687K(175104K)] 567108K->538107K(699392K), 0.0082798 secs] [Times: user=0.10 sys=0.00, real=0.00 secs] 
2016-09-25T23:33:30.193-0400: 66.427: [GC (GCLocker Initiated GC) [PSYoungGen: 163751K->78228K(175104K)] 626595K->578463K(699392K), 0.0104528 secs] [Times: user=0.16 sys=0.01, real=0.02 secs] 
2016-09-25T23:33:30.204-0400: 66.438: [Full GC (Ergonomics) [PSYoungGen: 78228K->0K(175104K)] [ParOldGen: 500235K->360843K(524288K)] 578463K->360843K(699392K), [Metaspace: 43804K->43804K(1087488K)], 0.0623759 secs] [Times: user=0.50 sys=0.00, real=0.06 secs] 
2016-09-25T23:33:30.299-0400: 66.533: [GC (GCLocker Initiated GC) [PSYoungGen: 88064K->82860K(175104K)] 451858K->446654K(699392K), 0.0092188 secs] [Times: user=0.11 sys=0.02, real=0.01 secs] 
2016-09-25T23:33:30.366-0400: 66.600: [GC (GCLocker Initiated GC) [PSYoungGen: 170924K->45445K(175104K)] 540208K->444454K(699392K), 0.0073002 secs] [Times: user=0.06 sys=0.01, real=0.00 secs] 
2016-09-25T23:33:30.412-0400: 66.646: [GC (GCLocker Initiated GC) [PSYoungGen: 133509K->54119K(175104K)] 532642K->476869K(699392K), 0.0104593 secs] [Times: user=0.08 sys=0.01, real=0.02 secs] 
2016-09-25T23:33:30.466-0400: 66.700: [GC (GCLocker Initiated GC) [PSYoungGen: 142183K->55483K(175104K)] 570445K->514498K(699392K), 0.0072902 secs] [Times: user=0.08 sys=0.00, real=0.00 secs] 
2016-09-25T23:33:30.523-0400: 66.757: [GC (GCLocker Initiated GC) [PSYoungGen: 143547K->45854K(175104K)] 602653K->543847K(699392K), 0.0098423 secs] [Times: user=0.07 sys=0.01, real=0.00 secs] 
2016-09-25T23:33:30.533-0400: 66.767: [Full GC (Ergonomics) [PSYoungGen: 45854K->0K(175104K)] [ParOldGen: 497993K->364355K(524288K)] 543847K->364355K(699392K), [Metaspace: 43804K->43804K(1087488K)], 0.0666879 secs] [Times: user=0.53 sys=0.02, real=0.07 secs] 
2016-09-25T23:33:30.629-0400: 66.863: [GC (GCLocker Initiated GC) [PSYoungGen: 88064K->77901K(175104K)] 464949K->454786K(699392K), 0.0089467 secs] [Times: user=0.08 sys=0.00, real=0.01 secs] 
2016-09-25T23:33:30.689-0400: 66.923: [GC (GCLocker Initiated GC) [PSYoungGen: 165965K->63288K(175104K)] 549716K->477141K(699392K), 0.0096129 secs] [Times: user=0.12 sys=0.00, real=0.01 secs] 
2016-09-25T23:33:30.737-0400: 66.971: [GC (GCLocker Initiated GC) [PSYoungGen: 151352K->59136K(175104K)] 568174K->506386K(699392K), 0.0096262 secs] [Times: user=0.10 sys=0.01, real=0.01 secs] 
2016-09-25T23:33:30.792-0400: 67.026: [GC (GCLocker Initiated GC) [PSYoungGen: 147200K->45738K(175104K)] 600009K->518201K(699392K), 0.0161337 secs] [Times: user=0.18 sys=0.00, real=0.02 secs] 
2016-09-25T23:33:30.808-0400: 67.043: [Full GC (Ergonomics) [PSYoungGen: 45738K->0K(175104K)] [ParOldGen: 472462K->374262K(524288K)] 518201K->374262K(699392K), [Metaspace: 43804K->43804K(1087488K)], 0.0614007 secs] [Times: user=0.59 sys=0.00, real=0.06 secs] 
2016-09-25T23:33:30.913-0400: 67.147: [GC (GCLocker Initiated GC) [PSYoungGen: 88064K->77263K(175104K)] 465198K->454397K(699392K), 0.0088001 secs] [Times: user=0.13 sys=0.00, real=0.01 secs] 
2016-09-25T23:33:30.965-0400: 67.200: [GC (GCLocker Initiated GC) [PSYoungGen: 165327K->67626K(175104K)] 546627K->464963K(699392K), 0.0101177 secs] [Times: user=0.09 sys=0.00, real=0.01 secs] 
2016-09-25T23:33:31.004-0400: 67.239: [GC (Allocation Failure) [PSYoungGen: 155690K->79712K(175104K)] 553108K->506529K(699392K), 0.0109349 secs] [Times: user=0.14 sys=0.00, real=0.01 secs] 
2016-09-25T23:33:31.058-0400: 67.292: [GC (GCLocker Initiated GC) [PSYoungGen: 167776K->64893K(175104K)] 597306K->527707K(699392K), 0.0078787 secs] [Times: user=0.12 sys=0.01, real=0.01 secs] 
2016-09-25T23:33:31.101-0400: 67.335: [GC (GCLocker Initiated GC) [PSYoungGen: 152957K->72923K(175104K)] 615818K->561018K(699392K), 0.0075054 secs] [Times: user=0.09 sys=0.01, real=0.01 secs] 
2016-09-25T23:33:31.109-0400: 67.343: [Full GC (Ergonomics) [PSYoungGen: 72923K->0K(175104K)] [ParOldGen: 488094K->376418K(524288K)] 561018K->376418K(699392K), [Metaspace: 43804K->43804K(1087488K)], 0.0615218 secs] [Times: user=0.56 sys=0.01, real=0.06 secs] 
2016-09-25T23:33:31.218-0400: 67.453: [GC (GCLocker Initiated GC) [PSYoungGen: 88064K->69231K(175104K)] 471276K->452444K(699392K), 0.0089228 secs] [Times: user=0.06 sys=0.01, real=0.01 secs] 
2016-09-25T23:33:31.275-0400: 67.509: [GC (GCLocker Initiated GC) [PSYoungGen: 157295K->55538K(175104K)] 544780K->468718K(699392K), 0.0069332 secs] [Times: user=0.08 sys=0.00, real=0.00 secs] 
2016-09-25T23:33:31.333-0400: 67.568: [GC (GCLocker Initiated GC) [PSYoungGen: 143602K->48500K(175104K)] 563811K->499500K(699392K), 0.0113281 secs] [Times: user=0.09 sys=0.00, real=0.02 secs] 
2016-09-25T23:33:31.389-0400: 67.623: [GC (GCLocker Initiated GC) [PSYoungGen: 136564K->60773K(175104K)] 587638K->543923K(699392K), 0.0088566 secs] [Times: user=0.12 sys=0.00, real=0.01 secs] 
2016-09-25T23:33:31.398-0400: 67.632: [Full GC (Ergonomics) [PSYoungGen: 60773K->0K(175104K)] [ParOldGen: 483150K->380676K(524288K)] 543923K->380676K(699392K), [Metaspace: 43805K->43805K(1087488K)], 0.0561481 secs] [Times: user=0.50 sys=0.00, real=0.06 secs] 
2016-09-25T23:33:31.495-0400: 67.730: [GC (GCLocker Initiated GC) [PSYoungGen: 88063K->77460K(175104K)] 469003K->458399K(699392K), 0.0066225 secs] [Times: user=0.09 sys=0.01, real=0.01 secs] 
2016-09-25T23:33:31.548-0400: 67.782: [GC (GCLocker Initiated GC) [PSYoungGen: 165524K->72922K(175104K)] 549315K->489171K(699392K), 0.0073064 secs] [Times: user=0.10 sys=0.00, real=0.01 secs] 
2016-09-25T23:33:31.596-0400: 67.830: [GC (GCLocker Initiated GC) [PSYoungGen: 160986K->85304K(175104K)] 577441K->524290K(699392K), 0.0109849 secs] [Times: user=0.17 sys=0.01, real=0.01 secs] 
2016-09-25T23:33:31.655-0400: 67.890: [GC (GCLocker Initiated GC) [PSYoungGen: 173368K->52940K(175104K)] 623302K->530990K(699392K), 0.0091914 secs] [Times: user=0.11 sys=0.00, real=0.01 secs] 
2016-09-25T23:33:31.665-0400: 67.899: [Full GC (Ergonomics) [PSYoungGen: 52940K->0K(175104K)] [ParOldGen: 478050K->379693K(524288K)] 530990K->379693K(699392K), [Metaspace: 43805K->43805K(1087488K)], 0.0628639 secs] [Times: user=0.51 sys=0.00, real=0.06 secs] 
2016-09-25T23:33:31.779-0400: 68.013: [GC (GCLocker Initiated GC) [PSYoungGen: 88064K->79993K(175104K)] 471934K->463863K(699392K), 0.0092963 secs] [Times: user=0.10 sys=0.00, real=0.01 secs] 
2016-09-25T23:33:31.834-0400: 68.068: [GC (GCLocker Initiated GC) [PSYoungGen: 168057K->62187K(175104K)] 552052K->505449K(699392K), 0.0107729 secs] [Times: user=0.12 sys=0.00, real=0.02 secs] 
2016-09-25T23:33:31.886-0400: 68.120: [GC (GCLocker Initiated GC) [PSYoungGen: 150251K->51367K(175104K)] 600466K->520017K(699392K), 0.0080794 secs] [Times: user=0.08 sys=0.00, real=0.01 secs] 
2016-09-25T23:33:31.894-0400: 68.129: [Full GC (Ergonomics) [PSYoungGen: 51367K->0K(175104K)] [ParOldGen: 468650K->380915K(524288K)] 520017K->380915K(699392K), [Metaspace: 43805K->43805K(1087488K)], 0.0614763 secs] [Times: user=0.47 sys=0.00, real=0.06 secs] 
2016-09-25T23:33:32.012-0400: 68.246: [GC (GCLocker Initiated GC) [PSYoungGen: 88064K->43613K(175104K)] 482894K->438444K(699392K), 0.0152453 secs] [Times: user=0.19 sys=0.01, real=0.02 secs] 
2016-09-25T23:33:32.057-0400: 68.291: [GC (GCLocker Initiated GC) [PSYoungGen: 131677K->59100K(175104K)] 526729K->480019K(699392K), 0.0095567 secs] [Times: user=0.12 sys=0.00, real=0.01 secs] 
2016-09-25T23:33:32.133-0400: 68.367: [GC (GCLocker Initiated GC) [PSYoungGen: 147164K->33579K(175104K)] 588566K->503934K(699392K), 0.0107511 secs] [Times: user=0.09 sys=0.01, real=0.02 secs] 
2016-09-25T23:33:32.144-0400: 68.378: [Full GC (Ergonomics) [PSYoungGen: 33579K->0K(175104K)] [ParOldGen: 470354K->379698K(524288K)] 503934K->379698K(699392K), [Metaspace: 43805K->43805K(1087488K)], 0.0634663 secs] [Times: user=0.37 sys=0.00, real=0.06 secs] 
2016-09-25T23:33:32.244-0400: 68.478: [GC (GCLocker Initiated GC) [PSYoungGen: 88064K->78585K(175104K)] 470623K->461145K(699392K), 0.0127685 secs] [Times: user=0.10 sys=0.01, real=0.01 secs] 
2016-09-25T23:33:32.311-0400: 68.545: [GC (GCLocker Initiated GC) [PSYoungGen: 166649K->69030K(175104K)] 558914K->481402K(699392K), 0.0132004 secs] [Times: user=0.20 sys=0.00, real=0.02 secs] 
2016-09-25T23:33:32.370-0400: 68.605: [GC (GCLocker Initiated GC) [PSYoungGen: 157094K->71622K(175104K)] 576341K->505459K(699392K), 0.0067886 secs] [Times: user=0.09 sys=0.01, real=0.01 secs] 
2016-09-25T23:33:32.414-0400: 68.648: [GC (GCLocker Initiated GC) [PSYoungGen: 159686K->64819K(175104K)] 599094K->532146K(699392K), 0.0083282 secs] [Times: user=0.10 sys=0.00, real=0.02 secs] 
2016-09-25T23:33:32.470-0400: 68.704: [GC (GCLocker Initiated GC) [PSYoungGen: 152883K->54073K(175104K)] 623231K->546927K(699392K), 0.0098167 secs] [Times: user=0.07 sys=0.00, real=0.01 secs] 
2016-09-25T23:33:32.480-0400: 68.714: [Full GC (Ergonomics) [PSYoungGen: 54073K->0K(175104K)] [ParOldGen: 492853K->379503K(524288K)] 546927K->379503K(699392K), [Metaspace: 43805K->43805K(1087488K)], 0.0547240 secs] [Times: user=0.41 sys=0.00, real=0.06 secs] 
2016-09-25T23:33:32.576-0400: 68.810: [GC (GCLocker Initiated GC) [PSYoungGen: 88064K->84388K(175104K)] 473153K->469477K(699392K), 0.0073665 secs] [Times: user=0.11 sys=0.01, real=0.01 secs] 
2016-09-25T23:33:32.627-0400: 68.862: [GC (GCLocker Initiated GC) [PSYoungGen: 172452K->79648K(175104K)] 557647K->487994K(699392K), 0.0094721 secs] [Times: user=0.13 sys=0.01, real=0.01 secs] 
2016-09-25T23:33:32.680-0400: 68.915: [GC (GCLocker Initiated GC) [PSYoungGen: 167712K->63604K(175104K)] 576287K->516239K(699392K), 0.0078536 secs] [Times: user=0.12 sys=0.00, real=0.01 secs] 
2016-09-25T23:33:32.735-0400: 68.969: [GC (GCLocker Initiated GC) [PSYoungGen: 151668K->59593K(175104K)] 615270K->553927K(699392K), 0.0101612 secs] [Times: user=0.10 sys=0.01, real=0.01 secs] 
2016-09-25T23:33:32.745-0400: 68.979: [Full GC (Ergonomics) [PSYoungGen: 59593K->0K(175104K)] [ParOldGen: 494334K->386886K(524288K)] 553927K->386886K(699392K), [Metaspace: 43805K->43805K(1087488K)], 0.0607058 secs] [Times: user=0.52 sys=0.00, real=0.06 secs] 
2016-09-25T23:33:32.860-0400: 69.094: [GC (GCLocker Initiated GC) [PSYoungGen: 88064K->62415K(175104K)] 477763K->452115K(699392K), 0.0109276 secs] [Times: user=0.15 sys=0.00, real=0.01 secs] 
2016-09-25T23:33:32.902-0400: 69.137: [GC (GCLocker Initiated GC) [PSYoungGen: 150479K->70401K(175104K)] 542921K->493825K(699392K), 0.0075240 secs] [Times: user=0.09 sys=0.01, real=0.00 secs] 
2016-09-25T23:33:32.962-0400: 69.196: [GC (GCLocker Initiated GC) [PSYoungGen: 158465K->72878K(175104K)] 582202K->515276K(699392K), 0.0100534 secs] [Times: user=0.14 sys=0.01, real=0.01 secs] 
2016-09-25T23:33:33.011-0400: 69.245: [GC (GCLocker Initiated GC) [PSYoungGen: 160942K->62244K(175104K)] 606149K->535352K(699392K), 0.0077948 secs] [Times: user=0.09 sys=0.00, real=0.01 secs] 
2016-09-25T23:33:33.019-0400: 69.253: [Full GC (Ergonomics) [PSYoungGen: 62244K->0K(175104K)] [ParOldGen: 473107K->383393K(524288K)] 535352K->383393K(699392K), [Metaspace: 43805K->43805K(1087488K)], 0.0616794 secs] [Times: user=0.54 sys=0.00, real=0.06 secs] 
2016-09-25T23:33:33.129-0400: 69.363: [GC (GCLocker Initiated GC) [PSYoungGen: 88064K->74817K(175104K)] 476934K->463688K(699392K), 0.0077120 secs] [Times: user=0.11 sys=0.00, real=0.01 secs] 
2016-09-25T23:33:33.171-0400: 69.405: [GC (GCLocker Initiated GC) [PSYoungGen: 162881K->79955K(175104K)] 554636K->488053K(699392K), 0.0071638 secs] [Times: user=0.11 sys=0.00, real=0.01 secs] 
2016-09-25T23:33:33.221-0400: 69.455: [GC (GCLocker Initiated GC) [PSYoungGen: 168019K->52936K(175104K)] 581688K->502904K(699392K), 0.0109453 secs] [Times: user=0.15 sys=0.01, real=0.01 secs] 
2016-09-25T23:33:33.279-0400: 69.513: [GC (GCLocker Initiated GC) [PSYoungGen: 141000K->52746K(175104K)] 591016K->532252K(699392K), 0.0071174 secs] [Times: user=0.10 sys=0.00, real=0.01 secs] 
2016-09-25T23:33:33.286-0400: 69.520: [Full GC (Ergonomics) [PSYoungGen: 52746K->0K(175104K)] [ParOldGen: 479506K->382814K(524288K)] 532252K->382814K(699392K), [Metaspace: 43805K->43805K(1087488K)], 0.0578327 secs] [Times: user=0.52 sys=0.01, real=0.06 secs] 
2016-09-25T23:33:33.375-0400: 69.609: [GC (GCLocker Initiated GC) [PSYoungGen: 88064K->79273K(175104K)] 473781K->464991K(699392K), 0.0089454 secs] [Times: user=0.09 sys=0.00, real=0.01 secs] 
2016-09-25T23:33:33.436-0400: 69.670: [GC (GCLocker Initiated GC) [PSYoungGen: 167337K->47197K(175104K)] 559161K->470451K(699392K), 0.0075727 secs] [Times: user=0.06 sys=0.01, real=0.01 secs] 
2016-09-25T23:33:33.481-0400: 69.715: [GC (GCLocker Initiated GC) [PSYoungGen: 135261K->86602K(175104K)] 561293K->540516K(699392K), 0.0148758 secs] [Times: user=0.20 sys=0.00, real=0.02 secs] 
2016-09-25T23:33:33.543-0400: 69.777: [GC (GCLocker Initiated GC) [PSYoungGen: 174666K->73060K(175104K)] 631384K->549794K(699392K), 0.0082484 secs] [Times: user=0.10 sys=0.00, real=0.00 secs] 
2016-09-25T23:33:33.552-0400: 69.786: [Full GC (Ergonomics) [PSYoungGen: 73060K->0K(175104K)] [ParOldGen: 476734K->395819K(524288K)] 549794K->395819K(699392K), [Metaspace: 43807K->43807K(1087488K)], 0.0545864 secs] [Times: user=0.45 sys=0.00, real=0.06 secs] 
2016-09-25T23:33:33.642-0400: 69.876: [GC (GCLocker Initiated GC) [PSYoungGen: 88064K->81771K(175104K)] 484070K->477777K(699392K), 0.0067435 secs] [Times: user=0.08 sys=0.01, real=0.01 secs] 
2016-09-25T23:33:33.688-0400: 69.923: [GC (GCLocker Initiated GC) [PSYoungGen: 169835K->74156K(175104K)] 567369K->498918K(699392K), 0.0122902 secs] [Times: user=0.13 sys=0.01, real=0.01 secs] 
2016-09-25T23:33:33.753-0400: 69.987: [GC (GCLocker Initiated GC) [PSYoungGen: 162220K->78485K(175104K)] 589813K->547415K(699392K), 0.0119738 secs] [Times: user=0.18 sys=0.00, real=0.02 secs] 
2016-09-25T23:33:33.765-0400: 69.999: [Full GC (Ergonomics) [PSYoungGen: 78485K->0K(175104K)] [ParOldGen: 468929K->394703K(524288K)] 547415K->394703K(699392K), [Metaspace: 43807K->43807K(1087488K)], 0.0765669 secs] [Times: user=0.62 sys=0.01, real=0.07 secs] 
2016-09-25T23:33:33.882-0400: 70.116: [GC (GCLocker Initiated GC) [PSYoungGen: 88064K->58748K(175104K)] 488366K->459050K(699392K), 0.0068365 secs] [Times: user=0.06 sys=0.00, real=0.01 secs] 
2016-09-25T23:33:33.936-0400: 70.170: [GC (GCLocker Initiated GC) [PSYoungGen: 146812K->70085K(175104K)] 549898K->495101K(699392K), 0.0125113 secs] [Times: user=0.14 sys=0.00, real=0.01 secs] 
2016-09-25T23:33:34.009-0400: 70.243: [GC (GCLocker Initiated GC) [PSYoungGen: 158149K->65139K(175104K)] 584590K->504553K(699392K), 0.0113655 secs] [Times: user=0.11 sys=0.00, real=0.01 secs] 
2016-09-25T23:33:34.083-0400: 70.317: [GC (GCLocker Initiated GC) [PSYoungGen: 153203K->67690K(175104K)] 606541K->534387K(699392K), 0.0092611 secs] [Times: user=0.10 sys=0.01, real=0.00 secs] 
2016-09-25T23:33:34.129-0400: 70.363: [GC (GCLocker Initiated GC) [PSYoungGen: 155754K->49650K(175104K)] 622575K->540570K(699392K), 0.0093631 secs] [Times: user=0.07 sys=0.00, real=0.01 secs] 
2016-09-25T23:33:34.138-0400: 70.373: [Full GC (Ergonomics) [PSYoungGen: 49650K->0K(175104K)] [ParOldGen: 490919K->392199K(524288K)] 540570K->392199K(699392K), [Metaspace: 43809K->43809K(1087488K)], 0.0859064 secs] [Times: user=0.52 sys=0.01, real=0.09 secs] 
2016-09-25T23:33:34.286-0400: 70.520: [GC (GCLocker Initiated GC) [PSYoungGen: 88064K->68078K(175104K)] 480391K->460405K(699392K), 0.0127351 secs] [Times: user=0.12 sys=0.00, real=0.01 secs] 
2016-09-25T23:33:34.335-0400: 70.570: [GC (GCLocker Initiated GC) [PSYoungGen: 156142K->67989K(175104K)] 548860K->499833K(699392K), 0.0083310 secs] [Times: user=0.10 sys=0.00, real=0.01 secs] 
2016-09-25T23:33:34.384-0400: 70.618: [GC (GCLocker Initiated GC) [PSYoungGen: 156053K->53842K(175104K)] 590939K->514292K(699392K), 0.0120600 secs] [Times: user=0.13 sys=0.00, real=0.01 secs] 
2016-09-25T23:33:34.453-0400: 70.687: [GC (GCLocker Initiated GC) [PSYoungGen: 141906K->45899K(175104K)] 605184K->534380K(699392K), 0.0170259 secs] [Times: user=0.16 sys=0.00, real=0.02 secs] 
2016-09-25T23:33:34.470-0400: 70.704: [Full GC (Ergonomics) [PSYoungGen: 45899K->0K(175104K)] [ParOldGen: 488481K->402715K(524288K)] 534380K->402715K(699392K), [Metaspace: 43809K->43809K(1087488K)], 0.0620753 secs] [Times: user=0.51 sys=0.01, real=0.06 secs] 
2016-09-25T23:33:34.577-0400: 70.811: [GC (GCLocker Initiated GC) [PSYoungGen: 88064K->85524K(175104K)] 493673K->491133K(699392K), 0.0065867 secs] [Times: user=0.10 sys=0.01, real=0.01 secs] 
2016-09-25T23:33:34.632-0400: 70.866: [GC (GCLocker Initiated GC) [PSYoungGen: 173588K->67789K(175104K)] 582367K->514347K(699392K), 0.0146039 secs] [Times: user=0.20 sys=0.00, real=0.02 secs] 
2016-09-25T23:33:34.705-0400: 70.939: [GC (GCLocker Initiated GC) [PSYoungGen: 155853K->63729K(175104K)] 609239K->552068K(699392K), 0.0123227 secs] [Times: user=0.16 sys=0.00, real=0.01 secs] 
2016-09-25T23:33:34.719-0400: 70.953: [Full GC (Ergonomics) [PSYoungGen: 63729K->0K(175104K)] [ParOldGen: 488339K->401865K(524288K)] 552068K->401865K(699392K), [Metaspace: 43810K->43810K(1087488K)], 0.0617633 secs] [Times: user=0.66 sys=0.00, real=0.06 secs] 
2016-09-25T23:33:34.828-0400: 71.062: [GC (GCLocker Initiated GC) [PSYoungGen: 88064K->83093K(175104K)] 498177K->493206K(699392K), 0.0130185 secs] [Times: user=0.19 sys=0.00, real=0.01 secs] 
2016-09-25T23:33:34.912-0400: 71.146: [GC (GCLocker Initiated GC) [PSYoungGen: 171157K->29924K(175104K)] 581340K->491643K(699392K), 0.0102461 secs] [Times: user=0.14 sys=0.01, real=0.01 secs] 
2016-09-25T23:33:34.922-0400: 71.156: [Full GC (Ergonomics) [PSYoungGen: 29924K->0K(175104K)] [ParOldGen: 461718K->389357K(524288K)] 491643K->389357K(699392K), [Metaspace: 43810K->43810K(1087488K)], 0.0593531 secs] [Times: user=0.60 sys=0.00, real=0.06 secs] 
2016-09-25T23:33:35.017-0400: 71.252: [GC (GCLocker Initiated GC) [PSYoungGen: 88064K->68380K(175104K)] 480226K->460543K(699392K), 0.0073308 secs] [Times: user=0.07 sys=0.01, real=0.01 secs] 
2016-09-25T23:33:35.079-0400: 71.313: [GC (GCLocker Initiated GC) [PSYoungGen: 156444K->50240K(175104K)] 555476K->487548K(699392K), 0.0104129 secs] [Times: user=0.18 sys=0.00, real=0.01 secs] 
2016-09-25T23:33:35.149-0400: 71.383: [GC (GCLocker Initiated GC) [PSYoungGen: 138304K->64957K(175104K)] 575707K->537315K(699392K), 0.0120932 secs] [Times: user=0.18 sys=0.00, real=0.01 secs] 
2016-09-25T23:33:35.161-0400: 71.395: [Full GC (Ergonomics) [PSYoungGen: 64957K->0K(175104K)] [ParOldGen: 472357K->403140K(524288K)] 537315K->403140K(699392K), [Metaspace: 43810K->43810K(1087488K)], 0.1596532 secs] [Times: user=2.16 sys=0.00, real=0.16 secs] 
2016-09-25T23:33:35.361-0400: 71.595: [GC (GCLocker Initiated GC) [PSYoungGen: 88064K->69888K(175104K)] 494976K->476801K(699392K), 0.0116909 secs] [Times: user=0.14 sys=0.00, real=0.01 secs] 
2016-09-25T23:33:35.416-0400: 71.650: [GC (GCLocker Initiated GC) [PSYoungGen: 157952K->67786K(175104K)] 570484K->510463K(699392K), 0.0109511 secs] [Times: user=0.13 sys=0.00, real=0.01 secs] 
2016-09-25T23:33:35.479-0400: 71.713: [GC (GCLocker Initiated GC) [PSYoungGen: 155850K->50020K(175104K)] 608110K->523604K(699392K), 0.0241349 secs] [Times: user=0.30 sys=0.01, real=0.03 secs] 
2016-09-25T23:33:35.503-0400: 71.737: [Full GC (Ergonomics) [PSYoungGen: 50020K->0K(175104K)] [ParOldGen: 473584K->402216K(524288K)] 523604K->402216K(699392K), [Metaspace: 43810K->43810K(1087488K)], 0.0618640 secs] [Times: user=0.56 sys=0.00, real=0.06 secs] 
2016-09-25T23:33:35.610-0400: 71.844: [GC (GCLocker Initiated GC) [PSYoungGen: 88064K->77431K(175104K)] 493048K->482416K(699392K), 0.0084133 secs] [Times: user=0.10 sys=0.01, real=0.01 secs] 
2016-09-25T23:33:35.661-0400: 71.895: [GC (GCLocker Initiated GC) [PSYoungGen: 165495K->59924K(175104K)] 577285K->501415K(699392K), 0.0095717 secs] [Times: user=0.14 sys=0.01, real=0.01 secs] 
2016-09-25T23:33:35.716-0400: 71.950: [GC (GCLocker Initiated GC) [PSYoungGen: 147988K->55214K(175104K)] 589619K->515758K(699392K), 0.0071401 secs] [Times: user=0.10 sys=0.01, real=0.01 secs] 
2016-09-25T23:33:35.766-0400: 72.001: [GC (GCLocker Initiated GC) [PSYoungGen: 143278K->55344K(175104K)] 609371K->547846K(699392K), 0.0088495 secs] [Times: user=0.11 sys=0.01, real=0.01 secs] 
2016-09-25T23:33:35.775-0400: 72.010: [Full GC (Ergonomics) [PSYoungGen: 55344K->0K(175104K)] [ParOldGen: 492501K->401919K(524288K)] 547846K->401919K(699392K), [Metaspace: 43810K->43810K(1087488K)], 0.0592832 secs] [Times: user=0.51 sys=0.00, real=0.06 secs] 
2016-09-25T23:33:35.883-0400: 72.117: [GC (GCLocker Initiated GC) [PSYoungGen: 88064K->85687K(175104K)] 495497K->498521K(699392K), 0.0072945 secs] [Times: user=0.11 sys=0.00, real=0.00 secs] 
2016-09-25T23:33:35.938-0400: 72.172: [GC (GCLocker Initiated GC) [PSYoungGen: 173751K->58155K(175104K)] 586696K->507691K(699392K), 0.0097983 secs] [Times: user=0.12 sys=0.00, real=0.01 secs] 
2016-09-25T23:33:35.987-0400: 72.222: [GC (GCLocker Initiated GC) [PSYoungGen: 146219K->69007K(175104K)] 595967K->541410K(699392K), 0.0104855 secs] [Times: user=0.16 sys=0.00, real=0.01 secs] 
2016-09-25T23:33:35.998-0400: 72.232: [Full GC (Ergonomics) [PSYoungGen: 69007K->0K(175104K)] [ParOldGen: 472402K->406277K(524288K)] 541410K->406277K(699392K), [Metaspace: 43810K->43810K(1087488K)], 0.0683462 secs] [Times: user=0.55 sys=0.01, real=0.07 secs] 
2016-09-25T23:33:36.106-0400: 72.340: [GC (GCLocker Initiated GC) [PSYoungGen: 88064K->84487K(175104K)] 501243K->500367K(699392K), 0.0149257 secs] [Times: user=0.19 sys=0.00, real=0.01 secs] 
2016-09-25T23:33:36.174-0400: 72.408: [GC (GCLocker Initiated GC) [PSYoungGen: 172551K->34852K(175104K)] 591196K->502368K(699392K), 0.0082975 secs] [Times: user=0.09 sys=0.00, real=0.01 secs] 
2016-09-25T23:33:36.182-0400: 72.416: [Full GC (Ergonomics) [PSYoungGen: 34852K->0K(175104K)] [ParOldGen: 467516K->401666K(524288K)] 502368K->401666K(699392K), [Metaspace: 43810K->43810K(1087488K)], 0.0514777 secs] [Times: user=0.36 sys=0.00, real=0.04 secs] 
2016-09-25T23:33:36.275-0400: 72.510: [GC (GCLocker Initiated GC) [PSYoungGen: 88064K->82023K(175104K)] 495190K->489150K(699392K), 0.0106115 secs] [Times: user=0.11 sys=0.00, real=0.01 secs] 
2016-09-25T23:33:36.340-0400: 72.575: [GC (GCLocker Initiated GC) [PSYoungGen: 170087K->44314K(175104K)] 580203K->491439K(699392K), 0.0094627 secs] [Times: user=0.10 sys=0.01, real=0.01 secs] 
2016-09-25T23:33:36.382-0400: 72.616: [GC (GCLocker Initiated GC) [PSYoungGen: 132378K->79891K(175104K)] 582286K->542639K(699392K), 0.0105950 secs] [Times: user=0.14 sys=0.01, real=0.01 secs] 
2016-09-25T23:33:36.439-0400: 72.673: [Full GC (Ergonomics) [PSYoungGen: 167955K->0K(175104K)] [ParOldGen: 470945K->406590K(524288K)] 638901K->406590K(699392K), [Metaspace: 43810K->43810K(1087488K)], 0.0573058 secs] [Times: user=0.47 sys=0.02, real=0.06 secs] 
2016-09-25T23:33:36.537-0400: 72.771: [GC (GCLocker Initiated GC) [PSYoungGen: 88064K->86613K(175104K)] 497558K->501508K(699392K), 0.0091070 secs] [Times: user=0.10 sys=0.01, real=0.01 secs] 
2016-09-25T23:33:36.591-0400: 72.825: [GC (GCLocker Initiated GC) [PSYoungGen: 174677K->53958K(175104K)] 592509K->498627K(699392K), 0.0080325 secs] [Times: user=0.06 sys=0.01, real=0.01 secs] 
2016-09-25T23:33:36.648-0400: 72.882: [GC (GCLocker Initiated GC) [PSYoungGen: 142022K->51453K(175104K)] 600698K->538017K(699392K), 0.0074771 secs] [Times: user=0.09 sys=0.00, real=0.01 secs] 
2016-09-25T23:33:36.656-0400: 72.890: [Full GC (Ergonomics) [PSYoungGen: 51453K->0K(175104K)] [ParOldGen: 486564K->407970K(524288K)] 538017K->407970K(699392K), [Metaspace: 43810K->43810K(1087488K)], 0.0682155 secs] [Times: user=0.61 sys=0.01, real=0.07 secs] 
2016-09-25T23:33:36.779-0400: 73.013: [GC (GCLocker Initiated GC) [PSYoungGen: 88064K->73244K(175104K)] 501584K->486765K(699392K), 0.0067898 secs] [Times: user=0.09 sys=0.00, real=0.01 secs] 
2016-09-25T23:33:36.823-0400: 73.057: [GC (GCLocker Initiated GC) [PSYoungGen: 161308K->59395K(175104K)] 578560K->504906K(699392K), 0.0098620 secs] [Times: user=0.10 sys=0.00, real=0.00 secs] 
2016-09-25T23:33:36.884-0400: 73.118: [GC (GCLocker Initiated GC) [PSYoungGen: 147459K->56791K(175104K)] 604321K->524059K(699392K), 0.0100005 secs] [Times: user=0.10 sys=0.00, real=0.00 secs] 
2016-09-25T23:33:36.935-0400: 73.170: [GC (GCLocker Initiated GC) [PSYoungGen: 144855K->60503K(175104K)] 613610K->558584K(699392K), 0.0072673 secs] [Times: user=0.10 sys=0.00, real=0.01 secs] 
2016-09-25T23:33:36.943-0400: 73.177: [Full GC (Ergonomics) [PSYoungGen: 60503K->0K(175104K)] [ParOldGen: 498081K->407173K(524288K)] 558584K->407173K(699392K), [Metaspace: 43810K->43810K(1087488K)], 0.0569759 secs] [Times: user=0.58 sys=0.01, real=0.05 secs] 
2016-09-25T23:33:37.041-0400: 73.275: [GC (Allocation Failure) [PSYoungGen: 88064K->78819K(175104K)] 500867K->491622K(699392K), 0.0097029 secs] [Times: user=0.08 sys=0.00, real=0.01 secs] 
2016-09-25T23:33:37.102-0400: 73.337: [GC (GCLocker Initiated GC) [PSYoungGen: 166326K->39071K(175104K)] 583179K->477655K(699392K), 0.0070533 secs] [Times: user=0.08 sys=0.00, real=0.00 secs] 
2016-09-25T23:33:37.148-0400: 73.382: [GC (GCLocker Initiated GC) [PSYoungGen: 127135K->60757K(175104K)] 573934K->521900K(699392K), 0.0071273 secs] [Times: user=0.05 sys=0.01, real=0.01 secs] 
2016-09-25T23:33:37.207-0400: 73.441: [GC (GCLocker Initiated GC) [PSYoungGen: 148821K->64750K(175104K)] 618193K->562075K(699392K), 0.0099404 secs] [Times: user=0.14 sys=0.00, real=0.01 secs] 
2016-09-25T23:33:37.217-0400: 73.451: [Full GC (Ergonomics) [PSYoungGen: 64750K->0K(175104K)] [ParOldGen: 497325K->417048K(524288K)] 562075K->417048K(699392K), [Metaspace: 43811K->43811K(1087488K)], 0.0582817 secs] [Times: user=0.52 sys=0.01, real=0.06 secs] 
2016-09-25T23:33:37.325-0400: 73.559: [GC (GCLocker Initiated GC) [PSYoungGen: 88064K->66509K(175104K)] 510612K->489057K(699392K), 0.0086126 secs] [Times: user=0.10 sys=0.00, real=0.00 secs] 
2016-09-25T23:33:37.376-0400: 73.610: [GC (GCLocker Initiated GC) [PSYoungGen: 154573K->59373K(175104K)] 583938K->527919K(699392K), 0.0095614 secs] [Times: user=0.11 sys=0.00, real=0.01 secs] 
2016-09-25T23:33:37.428-0400: 73.662: [Full GC (Ergonomics) [PSYoungGen: 147437K->0K(175104K)] [ParOldGen: 471436K->418245K(524288K)] 618874K->418245K(699392K), [Metaspace: 43811K->43811K(1087488K)], 0.0585739 secs] [Times: user=0.48 sys=0.00, real=0.06 secs] 
2016-09-25T23:33:37.525-0400: 73.759: [GC (GCLocker Initiated GC) [PSYoungGen: 88064K->85536K(175104K)] 506426K->503899K(699392K), 0.0111459 secs] [Times: user=0.13 sys=0.00, real=0.01 secs] 
2016-09-25T23:33:37.571-0400: 73.806: [GC (GCLocker Initiated GC) [PSYoungGen: 173600K->75701K(175104K)] 592078K->544180K(699392K), 0.0117604 secs] [Times: user=0.17 sys=0.01, real=0.02 secs] 
2016-09-25T23:33:37.583-0400: 73.818: [Full GC (Ergonomics) [PSYoungGen: 75701K->0K(175104K)] [ParOldGen: 468478K->424469K(524288K)] 544180K->424469K(699392K), [Metaspace: 43811K->43811K(1087488K)], 0.0614786 secs] [Times: user=0.61 sys=0.00, real=0.06 secs] 
2016-09-25T23:33:37.697-0400: 73.932: [GC (GCLocker Initiated GC) [PSYoungGen: 88064K->77210K(175104K)] 512666K->501812K(699392K), 0.0100983 secs] [Times: user=0.14 sys=0.00, real=0.01 secs] 
2016-09-25T23:33:37.735-0400: 73.969: [GC (GCLocker Initiated GC) [PSYoungGen: 165274K->78435K(175104K)] 590031K->525983K(699392K), 0.0127737 secs] [Times: user=0.13 sys=0.00, real=0.01 secs] 
2016-09-25T23:33:37.799-0400: 74.034: [GC (GCLocker Initiated GC) [PSYoungGen: 166499K->55450K(175104K)] 626352K->550166K(699392K), 0.0097277 secs] [Times: user=0.14 sys=0.01, real=0.01 secs] 
2016-09-25T23:33:37.809-0400: 74.044: [Full GC (Ergonomics) [PSYoungGen: 55450K->0K(175104K)] [ParOldGen: 494716K->422977K(524288K)] 550166K->422977K(699392K), [Metaspace: 43811K->43811K(1087488K)], 0.0710311 secs] [Times: user=0.62 sys=0.01, real=0.07 secs] 
2016-09-25T23:33:37.920-0400: 74.154: [GC (GCLocker Initiated GC) [PSYoungGen: 88064K->73197K(175104K)] 511118K->496260K(699392K), 0.0115403 secs] [Times: user=0.09 sys=0.01, real=0.01 secs] 
2016-09-25T23:33:37.970-0400: 74.204: [GC (GCLocker Initiated GC) [PSYoungGen: 161261K->74263K(175104K)] 589832K->533745K(699392K), 0.0112112 secs] [Times: user=0.13 sys=0.01, real=0.01 secs] 
2016-09-25T23:33:38.025-0400: 74.260: [Full GC (Ergonomics) [PSYoungGen: 162327K->0K(175104K)] [ParOldGen: 464945K->410699K(524288K)] 627272K->410699K(699392K), [Metaspace: 43813K->43813K(1087488K)], 0.0599782 secs] [Times: user=0.48 sys=0.02, real=0.06 secs] 
2016-09-25T23:33:38.130-0400: 74.365: [GC (GCLocker Initiated GC) [PSYoungGen: 88064K->75925K(175104K)] 499306K->487167K(699392K), 0.0093427 secs] [Times: user=0.12 sys=0.01, real=0.01 secs] 
2016-09-25T23:33:38.178-0400: 74.412: [GC (GCLocker Initiated GC) [PSYoungGen: 163989K->80875K(175104K)] 575276K->519019K(699392K), 0.0100189 secs] [Times: user=0.15 sys=0.00, real=0.01 secs] 
2016-09-25T23:33:38.229-0400: 74.463: [GC (GCLocker Initiated GC) [PSYoungGen: 168939K->67441K(175104K)] 607210K->534859K(699392K), 0.0106491 secs] [Times: user=0.12 sys=0.00, real=0.01 secs] 
2016-09-25T23:33:38.240-0400: 74.474: [Full GC (Ergonomics) [PSYoungGen: 67441K->0K(175104K)] [ParOldGen: 467418K->417101K(524288K)] 534859K->417101K(699392K), [Metaspace: 43813K->43813K(1087488K)], 0.0657668 secs] [Times: user=0.61 sys=0.01, real=0.07 secs] 
2016-09-25T23:33:38.340-0400: 74.574: [GC (GCLocker Initiated GC) [PSYoungGen: 88064K->87018K(175104K)] 508028K->516461K(699392K), 0.0100496 secs] [Times: user=0.16 sys=0.00, real=0.01 secs] 
2016-09-25T23:33:38.393-0400: 74.627: [GC (GCLocker Initiated GC) [PSYoungGen: 175082K->48570K(175104K)] 604726K->520291K(699392K), 0.0076006 secs] [Times: user=0.11 sys=0.01, real=0.01 secs] 
2016-09-25T23:33:38.401-0400: 74.635: [Full GC (Ergonomics) [PSYoungGen: 48570K->0K(175104K)] [ParOldGen: 471720K->420597K(524288K)] 520291K->420597K(699392K), [Metaspace: 43813K->43813K(1087488K)], 0.0605960 secs] [Times: user=0.59 sys=0.00, real=0.06 secs] 
2016-09-25T23:33:38.496-0400: 74.730: [GC (GCLocker Initiated GC) [PSYoungGen: 88064K->85375K(175104K)] 508811K->514231K(699392K), 0.0078436 secs] [Times: user=0.12 sys=0.00, real=0.01 secs] 
2016-09-25T23:33:38.549-0400: 74.783: [GC (GCLocker Initiated GC) [PSYoungGen: 173439K->64768K(175104K)] 602452K->531402K(699392K), 0.0133409 secs] [Times: user=0.15 sys=0.01, real=0.02 secs] 
2016-09-25T23:33:38.562-0400: 74.797: [Full GC (Ergonomics) [PSYoungGen: 64768K->0K(175104K)] [ParOldGen: 466634K->421351K(524288K)] 531402K->421351K(699392K), [Metaspace: 43820K->43820K(1087488K)], 0.0474547 secs] [Times: user=0.42 sys=0.00, real=0.04 secs] 
2016-09-25T23:33:38.647-0400: 74.881: [GC (GCLocker Initiated GC) [PSYoungGen: 88064K->70619K(175104K)] 514972K->497528K(699392K), 0.0074813 secs] [Times: user=0.08 sys=0.00, real=0.01 secs] 
2016-09-25T23:33:38.695-0400: 74.929: [GC (GCLocker Initiated GC) [PSYoungGen: 158683K->60716K(175104K)] 588416K->526874K(699392K), 0.0076011 secs] [Times: user=0.11 sys=0.00, real=0.01 secs] 
2016-09-25T23:33:38.703-0400: 74.937: [Full GC (Ergonomics) [PSYoungGen: 60716K->0K(175104K)] [ParOldGen: 466158K->419353K(524288K)] 526874K->419353K(699392K), [Metaspace: 43820K->43820K(1087488K)], 0.0695144 secs] [Times: user=0.49 sys=0.01, real=0.06 secs] 
2016-09-25T23:33:38.821-0400: 75.055: [GC (GCLocker Initiated GC) [PSYoungGen: 88064K->85660K(175104K)] 510285K->515981K(699392K), 0.0152215 secs] [Times: user=0.15 sys=0.01, real=0.02 secs] 
2016-09-25T23:33:38.888-0400: 75.122: [GC (GCLocker Initiated GC) [PSYoungGen: 173724K->45770K(175104K)] 617694K->529023K(699392K), 0.0097074 secs] [Times: user=0.14 sys=0.01, real=0.01 secs] 
2016-09-25T23:33:38.898-0400: 75.132: [Full GC (Ergonomics) [PSYoungGen: 45770K->0K(175104K)] [ParOldGen: 483253K->423046K(524288K)] 529023K->423046K(699392K), [Metaspace: 43820K->43820K(1087488K)], 0.0497804 secs] [Times: user=0.44 sys=0.00, real=0.05 secs] 
2016-09-25T23:33:38.996-0400: 75.231: [GC (GCLocker Initiated GC) [PSYoungGen: 88064K->76858K(175104K)] 511243K->500037K(699392K), 0.0103793 secs] [Times: user=0.12 sys=0.00, real=0.01 secs] 
2016-09-25T23:33:39.065-0400: 75.299: [GC (GCLocker Initiated GC) [PSYoungGen: 164922K->68885K(175104K)] 593682K->520014K(699392K), 0.0117850 secs] [Times: user=0.14 sys=0.00, real=0.01 secs] 
2016-09-25T23:33:39.123-0400: 75.358: [GC (GCLocker Initiated GC) [PSYoungGen: 156949K->39093K(175104K)] 611634K->532516K(699392K), 0.0074103 secs] [Times: user=0.09 sys=0.00, real=0.00 secs] 
2016-09-25T23:33:39.131-0400: 75.365: [Full GC (Ergonomics) [PSYoungGen: 39093K->0K(175104K)] [ParOldGen: 493422K->411945K(524288K)] 532516K->411945K(699392K), [Metaspace: 43820K->43820K(1087488K)], 0.0512120 secs] [Times: user=0.46 sys=0.02, real=0.06 secs] 
2016-09-25T23:33:39.231-0400: 75.466: [GC (GCLocker Initiated GC) [PSYoungGen: 88064K->83885K(175104K)] 504292K->500113K(699392K), 0.0155277 secs] [Times: user=0.22 sys=0.01, real=0.02 secs] 
2016-09-25T23:33:39.308-0400: 75.542: [GC (GCLocker Initiated GC) [PSYoungGen: 171949K->53788K(175104K)] 590955K->506245K(699392K), 0.0149225 secs] [Times: user=0.19 sys=0.02, real=0.02 secs] 
2016-09-25T23:33:39.362-0400: 75.597: [GC (GCLocker Initiated GC) [PSYoungGen: 141852K->64970K(175104K)] 594463K->542591K(699392K), 0.0085580 secs] [Times: user=0.11 sys=0.00, real=0.00 secs] 
2016-09-25T23:33:39.371-0400: 75.605: [Full GC (Ergonomics) [PSYoungGen: 64970K->0K(175104K)] [ParOldGen: 477620K->421105K(524288K)] 542591K->421105K(699392K), [Metaspace: 43820K->43820K(1087488K)], 0.0829758 secs] [Times: user=0.64 sys=0.00, real=0.09 secs] 
2016-09-25T23:33:39.503-0400: 75.737: [GC (GCLocker Initiated GC) [PSYoungGen: 88063K->74339K(175104K)] 513441K->499717K(699392K), 0.0069917 secs] [Times: user=0.09 sys=0.00, real=0.00 secs] 
2016-09-25T23:33:39.547-0400: 75.781: [GC (GCLocker Initiated GC) [PSYoungGen: 162403K->85135K(175104K)] 592317K->522735K(699392K), 0.0072700 secs] [Times: user=0.11 sys=0.00, real=0.01 secs] 
2016-09-25T23:33:39.594-0400: 75.828: [GC (GCLocker Initiated GC) [PSYoungGen: 173199K->49587K(175104K)] 617697K->531519K(699392K), 0.0074035 secs] [Times: user=0.11 sys=0.00, real=0.02 secs] 
2016-09-25T23:33:39.603-0400: 75.838: [Full GC (Ergonomics) [PSYoungGen: 49587K->0K(175104K)] [ParOldGen: 481931K->423411K(524288K)] 531519K->423411K(699392K), [Metaspace: 43820K->43820K(1087488K)], 0.0905279 secs] [Times: user=0.76 sys=0.00, real=0.08 secs] 
2016-09-25T23:33:39.741-0400: 75.975: [GC (GCLocker Initiated GC) [PSYoungGen: 88064K->85403K(175104K)] 514250K->511589K(699392K), 0.0136882 secs] [Times: user=0.19 sys=0.00, real=0.02 secs] 
2016-09-25T23:33:39.797-0400: 76.032: [GC (GCLocker Initiated GC) [PSYoungGen: 173467K->56415K(175104K)] 605284K->540845K(699392K), 0.0090136 secs] [Times: user=0.13 sys=0.00, real=0.01 secs] 
2016-09-25T23:33:39.806-0400: 76.041: [Full GC (Ergonomics) [PSYoungGen: 56415K->0K(175104K)] [ParOldGen: 484430K->434034K(524288K)] 540845K->434034K(699392K), [Metaspace: 43820K->43820K(1087488K)], 0.1668381 secs] [Times: user=2.06 sys=0.03, real=0.16 secs] 
2016-09-25T23:33:40.008-0400: 76.242: [GC (GCLocker Initiated GC) [PSYoungGen: 88064K->73094K(175104K)] 524908K->509938K(699392K), 0.0109876 secs] [Times: user=0.13 sys=0.00, real=0.01 secs] 
2016-09-25T23:33:40.067-0400: 76.301: [GC (GCLocker Initiated GC) [PSYoungGen: 161158K->62030K(175104K)] 608940K->540454K(699392K), 0.0232678 secs] [Times: user=0.31 sys=0.00, real=0.02 secs] 
2016-09-25T23:33:40.090-0400: 76.324: [Full GC (Ergonomics) [PSYoungGen: 62030K->0K(175104K)] [ParOldGen: 478423K->432052K(524288K)] 540454K->432052K(699392K), [Metaspace: 43820K->43820K(1087488K)], 0.0760645 secs] [Times: user=0.71 sys=0.01, real=0.08 secs] 
2016-09-25T23:33:40.211-0400: 76.445: [GC (GCLocker Initiated GC) [PSYoungGen: 88064K->75483K(175104K)] 525639K->513059K(699392K), 0.0074390 secs] [Times: user=0.08 sys=0.01, real=0.01 secs] 
2016-09-25T23:33:40.257-0400: 76.491: [GC (GCLocker Initiated GC) [PSYoungGen: 163547K->63236K(175104K)] 609425K->536863K(699392K), 0.0102978 secs] [Times: user=0.11 sys=0.01, real=0.01 secs] 
2016-09-25T23:33:40.267-0400: 76.502: [Full GC (Ergonomics) [PSYoungGen: 63236K->0K(175104K)] [ParOldGen: 473626K->432671K(524288K)] 536863K->432671K(699392K), [Metaspace: 43820K->43820K(1087488K)], 0.0711438 secs] [Times: user=0.58 sys=0.01, real=0.07 secs] 
2016-09-25T23:33:40.380-0400: 76.614: [GC (GCLocker Initiated GC) [PSYoungGen: 88064K->74151K(175104K)] 523552K->509639K(699392K), 0.0105920 secs] [Times: user=0.13 sys=0.00, real=0.01 secs] 
2016-09-25T23:33:40.433-0400: 76.667: [GC (GCLocker Initiated GC) [PSYoungGen: 162215K->70064K(175104K)] 600544K->522637K(699392K), 0.0074855 secs] [Times: user=0.07 sys=0.01, real=0.01 secs] 
2016-09-25T23:33:40.480-0400: 76.714: [GC (GCLocker Initiated GC) [PSYoungGen: 158128K->69849K(175104K)] 613460K->548957K(699392K), 0.0101778 secs] [Times: user=0.13 sys=0.00, real=0.01 secs] 
2016-09-25T23:33:40.490-0400: 76.725: [Full GC (Ergonomics) [PSYoungGen: 69849K->0K(175104K)] [ParOldGen: 479108K->425502K(524288K)] 548957K->425502K(699392K), [Metaspace: 43821K->43821K(1087488K)], 0.0598091 secs] [Times: user=0.59 sys=0.00, real=0.06 secs] 
2016-09-25T23:33:40.589-0400: 76.823: [GC (GCLocker Initiated GC) [PSYoungGen: 88064K->82628K(175104K)] 520565K->515130K(699392K), 0.0123328 secs] [Times: user=0.14 sys=0.00, real=0.01 secs] 
2016-09-25T23:33:40.650-0400: 76.884: [GC (GCLocker Initiated GC) [PSYoungGen: 170692K->48271K(175104K)] 608684K->507589K(699392K), 0.0091037 secs] [Times: user=0.08 sys=0.00, real=0.01 secs] 
2016-09-25T23:33:40.683-0400: 76.918: [GC (GCLocker Initiated GC) [PSYoungGen: 136335K->72768K(175104K)] 601313K->564042K(699392K), 0.0112037 secs] [Times: user=0.17 sys=0.00, real=0.01 secs] 
2016-09-25T23:33:40.695-0400: 76.929: [Full GC (Ergonomics) [PSYoungGen: 72768K->0K(175104K)] [ParOldGen: 491273K->437382K(524288K)] 564042K->437382K(699392K), [Metaspace: 43821K->43821K(1087488K)], 0.0547005 secs] [Times: user=0.46 sys=0.01, real=0.05 secs] 
2016-09-25T23:33:40.804-0400: 77.038: [GC (GCLocker Initiated GC) [PSYoungGen: 88064K->72958K(175104K)] 536392K->521287K(699392K), 0.0069696 secs] [Times: user=0.09 sys=0.00, real=0.00 secs] 
2016-09-25T23:33:40.857-0400: 77.092: [GC (GCLocker Initiated GC) [PSYoungGen: 161022K->53809K(175104K)] 614802K->530047K(699392K), 0.0090400 secs] [Times: user=0.13 sys=0.00, real=0.01 secs] 
2016-09-25T23:33:40.867-0400: 77.101: [Full GC (Ergonomics) [PSYoungGen: 53809K->0K(175104K)] [ParOldGen: 476237K->424343K(524288K)] 530047K->424343K(699392K), [Metaspace: 43821K->43821K(1087488K)], 0.0637658 secs] [Times: user=0.63 sys=0.01, real=0.06 secs] 
2016-09-25T23:33:40.966-0400: 77.200: [GC (GCLocker Initiated GC) [PSYoungGen: 88064K->85318K(175104K)] 518005K->517959K(699392K), 0.0129373 secs] [Times: user=0.18 sys=0.01, real=0.01 secs] 
2016-09-25T23:33:41.032-0400: 77.266: [GC (Allocation Failure) [PSYoungGen: 173382K->65791K(175104K)] 615554K->515676K(699392K), 0.0080192 secs] [Times: user=0.08 sys=0.00, real=0.01 secs] 
2016-09-25T23:33:41.080-0400: 77.314: [GC (GCLocker Initiated GC) [PSYoungGen: 153855K->53570K(175104K)] 603762K->535080K(699392K), 0.0093004 secs] [Times: user=0.07 sys=0.00, real=0.01 secs] 
2016-09-25T23:33:41.090-0400: 77.324: [Full GC (Ergonomics) [PSYoungGen: 53570K->0K(175104K)] [ParOldGen: 481510K->430651K(524288K)] 535080K->430651K(699392K), [Metaspace: 43821K->43821K(1087488K)], 0.0692571 secs] [Times: user=0.65 sys=0.02, real=0.07 secs] 
2016-09-25T23:33:41.195-0400: 77.429: [GC (GCLocker Initiated GC) [PSYoungGen: 88064K->82296K(175104K)] 522885K->517117K(699392K), 0.0105709 secs] [Times: user=0.10 sys=0.00, real=0.01 secs] 
2016-09-25T23:33:41.252-0400: 77.486: [GC (GCLocker Initiated GC) [PSYoungGen: 170360K->52151K(175104K)] 610655K->527025K(699392K), 0.0088196 secs] [Times: user=0.09 sys=0.00, real=0.01 secs] 
2016-09-25T23:33:41.261-0400: 77.495: [Full GC (Ergonomics) [PSYoungGen: 52151K->0K(175104K)] [ParOldGen: 474874K->431173K(524288K)] 527025K->431173K(699392K), [Metaspace: 43821K->43821K(1087488K)], 0.0643835 secs] [Times: user=0.56 sys=0.00, real=0.07 secs] 
2016-09-25T23:33:41.361-0400: 77.595: [GC (GCLocker Initiated GC) [PSYoungGen: 88064K->79559K(175104K)] 519306K->510801K(699392K), 0.0123882 secs] [Times: user=0.16 sys=0.00, real=0.01 secs] 
2016-09-25T23:33:41.414-0400: 77.648: [GC (GCLocker Initiated GC) [PSYoungGen: 167623K->82068K(175104K)] 604567K->533271K(699392K), 0.0161924 secs] [Times: user=0.23 sys=0.01, real=0.02 secs] 
2016-09-25T23:33:41.476-0400: 77.711: [GC (GCLocker Initiated GC) [PSYoungGen: 170132K->56302K(175104K)] 629616K->550120K(699392K), 0.0110114 secs] [Times: user=0.16 sys=0.01, real=0.01 secs] 
2016-09-25T23:33:41.487-0400: 77.722: [Full GC (Ergonomics) [PSYoungGen: 56302K->0K(175104K)] [ParOldGen: 493818K->429361K(524288K)] 550120K->429361K(699392K), [Metaspace: 43821K->43821K(1087488K)], 0.0703385 secs] [Times: user=0.63 sys=0.02, real=0.07 secs] 
2016-09-25T23:33:41.599-0400: 77.833: [GC (GCLocker Initiated GC) [PSYoungGen: 88064K->86375K(175104K)] 523067K->521379K(699392K), 0.0113596 secs] [Times: user=0.09 sys=0.00, real=0.01 secs] 
2016-09-25T23:33:41.655-0400: 77.890: [GC (GCLocker Initiated GC) [PSYoungGen: 174439K->42940K(175104K)] 613608K->511336K(699392K), 0.0068146 secs] [Times: user=0.08 sys=0.00, real=0.01 secs] 
2016-09-25T23:33:41.704-0400: 77.938: [Full GC (Ergonomics) [PSYoungGen: 131004K->0K(175104K)] [ParOldGen: 471825K->428960K(524288K)] 602830K->428960K(699392K), [Metaspace: 43821K->43821K(1087488K)], 0.0608035 secs] [Times: user=0.59 sys=0.00, real=0.06 secs] 
2016-09-25T23:33:41.813-0400: 78.047: [GC (GCLocker Initiated GC) [PSYoungGen: 88064K->71472K(175104K)] 525370K->508778K(699392K), 0.0096333 secs] [Times: user=0.15 sys=0.01, real=0.02 secs] 
2016-09-25T23:33:41.859-0400: 78.093: [GC (GCLocker Initiated GC) [PSYoungGen: 159536K->86023K(175104K)] 597045K->544600K(699392K), 0.0110545 secs] [Times: user=0.17 sys=0.01, real=0.01 secs] 
2016-09-25T23:33:41.918-0400: 78.152: [GC (GCLocker Initiated GC) [PSYoungGen: 174087K->60402K(175104K)] 639550K->553377K(699392K), 0.0078951 secs] [Times: user=0.10 sys=0.00, real=0.01 secs] 
2016-09-25T23:33:41.926-0400: 78.160: [Full GC (Ergonomics) [PSYoungGen: 60402K->0K(175104K)] [ParOldGen: 492975K->433673K(524288K)] 553377K->433673K(699392K), [Metaspace: 43821K->43821K(1087488K)], 0.0597334 secs] [Times: user=0.57 sys=0.01, real=0.06 secs] 
2016-09-25T23:33:42.025-0400: 78.259: [GC (GCLocker Initiated GC) [PSYoungGen: 88064K->84771K(175104K)] 524557K->521265K(699392K), 0.0095935 secs] [Times: user=0.15 sys=0.00, real=0.01 secs] 
2016-09-25T23:33:42.071-0400: 78.305: [GC (GCLocker Initiated GC) [PSYoungGen: 172835K->55005K(175104K)] 612179K->520553K(699392K), 0.0103270 secs] [Times: user=0.10 sys=0.00, real=0.01 secs] 
2016-09-25T23:33:42.121-0400: 78.355: [Full GC (Ergonomics) [PSYoungGen: 143069K->0K(175104K)] [ParOldGen: 472376K->434271K(524288K)] 615445K->434271K(699392K), [Metaspace: 43821K->43821K(1087488K)], 0.0747313 secs] [Times: user=0.68 sys=0.00, real=0.08 secs] 
2016-09-25T23:33:42.230-0400: 78.465: [GC (GCLocker Initiated GC) [PSYoungGen: 88064K->86262K(175104K)] 525270K->530219K(699392K), 0.0093472 secs] [Times: user=0.12 sys=0.00, real=0.01 secs] 
2016-09-25T23:33:42.282-0400: 78.517: [GC (GCLocker Initiated GC) [PSYoungGen: 174326K->69769K(175104K)] 624861K->543946K(699392K), 0.0082201 secs] [Times: user=0.12 sys=0.01, real=0.00 secs] 
2016-09-25T23:33:42.321-0400: 78.555: [Full GC (Ergonomics) [PSYoungGen: 157833K->0K(175104K)] [ParOldGen: 479733K->440239K(524288K)] 637566K->440239K(699392K), [Metaspace: 43821K->43821K(1087488K)], 0.0688154 secs] [Times: user=0.54 sys=0.00, real=0.07 secs] 
2016-09-25T23:33:42.423-0400: 78.657: [GC (GCLocker Initiated GC) [PSYoungGen: 88064K->79444K(175104K)] 533943K->525324K(699392K), 0.0080129 secs] [Times: user=0.11 sys=0.00, real=0.00 secs] 
2016-09-25T23:33:42.465-0400: 78.700: [GC (GCLocker Initiated GC) [PSYoungGen: 167508K->75018K(175104K)] 613592K->543363K(699392K), 0.0086983 secs] [Times: user=0.13 sys=0.01, real=0.01 secs] 
2016-09-25T23:33:42.513-0400: 78.747: [Full GC (Ergonomics) [PSYoungGen: 163082K->0K(175104K)] [ParOldGen: 476993K->434204K(524288K)] 640075K->434204K(699392K), [Metaspace: 43821K->43821K(1087488K)], 0.0642969 secs] [Times: user=0.58 sys=0.00, real=0.07 secs] 
2016-09-25T23:33:42.612-0400: 78.847: [GC (GCLocker Initiated GC) [PSYoungGen: 88064K->50824K(175104K)] 525059K->487820K(699392K), 0.0297917 secs] [Times: user=0.37 sys=0.01, real=0.04 secs] 
2016-09-25T23:33:42.684-0400: 78.918: [GC (GCLocker Initiated GC) [PSYoungGen: 138888K->72469K(175104K)] 584051K->539768K(699392K), 0.0111980 secs] [Times: user=0.15 sys=0.01, real=0.01 secs] 
2016-09-25T23:33:42.733-0400: 78.967: [GC (GCLocker Initiated GC) [PSYoungGen: 160533K->84653K(175104K)] 630651K->571437K(699392K), 0.0080785 secs] [Times: user=0.12 sys=0.00, real=0.01 secs] 
2016-09-25T23:33:42.741-0400: 78.975: [Full GC (Ergonomics) [PSYoungGen: 84653K->0K(175104K)] [ParOldGen: 486784K->441352K(524288K)] 571437K->441352K(699392K), [Metaspace: 43821K->43821K(1087488K)], 0.0619576 secs] [Times: user=0.60 sys=0.01, real=0.07 secs] 
2016-09-25T23:33:42.838-0400: 79.072: [GC (GCLocker Initiated GC) [PSYoungGen: 88064K->86186K(175104K)] 532603K->533426K(699392K), 0.0101817 secs] [Times: user=0.14 sys=0.02, real=0.01 secs] 
2016-09-25T23:33:42.880-0400: 79.115: [GC (GCLocker Initiated GC) [PSYoungGen: 174250K->49339K(175104K)] 624345K->544653K(699392K), 0.0078687 secs] [Times: user=0.10 sys=0.00, real=0.01 secs] 
2016-09-25T23:33:42.889-0400: 79.123: [Full GC (Ergonomics) [PSYoungGen: 49339K->0K(175104K)] [ParOldGen: 495314K->433478K(524288K)] 544653K->433478K(699392K), [Metaspace: 43821K->43821K(1087488K)], 0.0626891 secs] [Times: user=0.53 sys=0.01, real=0.06 secs] 
2016-09-25T23:33:42.992-0400: 79.226: [GC (GCLocker Initiated GC) [PSYoungGen: 88064K->83486K(175104K)] 527834K->523256K(699392K), 0.0086471 secs] [Times: user=0.13 sys=0.00, real=0.01 secs] 
2016-09-25T23:33:43.041-0400: 79.275: [GC (GCLocker Initiated GC) [PSYoungGen: 171550K->60264K(175104K)] 616910K->531925K(699392K), 0.0081922 secs] [Times: user=0.11 sys=0.00, real=0.01 secs] 
2016-09-25T23:33:43.088-0400: 79.322: [Full GC (Ergonomics) [PSYoungGen: 148328K->0K(175104K)] [ParOldGen: 479853K->436832K(524288K)] 628182K->436832K(699392K), [Metaspace: 43821K->43821K(1087488K)], 0.0771449 secs] [Times: user=0.68 sys=0.00, real=0.08 secs] 
2016-09-25T23:33:43.204-0400: 79.439: [GC (GCLocker Initiated GC) [PSYoungGen: 88064K->77864K(175104K)] 525173K->514974K(699392K), 0.0083598 secs] [Times: user=0.12 sys=0.00, real=0.00 secs] 
2016-09-25T23:33:43.251-0400: 79.486: [GC (GCLocker Initiated GC) [PSYoungGen: 165928K->68473K(175104K)] 607279K->542645K(699392K), 0.0088225 secs] [Times: user=0.12 sys=0.00, real=0.01 secs] 
2016-09-25T23:33:43.260-0400: 79.495: [Full GC (Ergonomics) [PSYoungGen: 68473K->0K(175104K)] [ParOldGen: 474172K->437022K(524288K)] 542645K->437022K(699392K), [Metaspace: 43821K->43821K(1087488K)], 0.0644206 secs] [Times: user=0.54 sys=0.00, real=0.07 secs] 
2016-09-25T23:33:43.367-0400: 79.601: [GC (Allocation Failure) [PSYoungGen: 88064K->83279K(175104K)] 527929K->523144K(699392K), 0.0101985 secs] [Times: user=0.12 sys=0.00, real=0.01 secs] 
2016-09-25T23:33:43.400-0400: 79.634: [GC (GCLocker Initiated GC) [PSYoungGen: 171343K->77971K(175104K)] 613931K->533119K(699392K), 0.0117818 secs] [Times: user=0.13 sys=0.01, real=0.01 secs] 
2016-09-25T23:33:43.460-0400: 79.695: [GC (GCLocker Initiated GC) [PSYoungGen: 166035K->54736K(175104K)] 625382K->537564K(699392K), 0.0079078 secs] [Times: user=0.09 sys=0.01, real=0.01 secs] 
2016-09-25T23:33:43.469-0400: 79.703: [Full GC (Ergonomics) [PSYoungGen: 54736K->0K(175104K)] [ParOldGen: 482827K->429351K(524288K)] 537564K->429351K(699392K), [Metaspace: 43821K->43821K(1087488K)], 0.0661283 secs] [Times: user=0.51 sys=0.00, real=0.07 secs] 
2016-09-25T23:33:43.570-0400: 79.804: [GC (GCLocker Initiated GC) [PSYoungGen: 88064K->56509K(175104K)] 524294K->492739K(699392K), 0.0085664 secs] [Times: user=0.05 sys=0.00, real=0.01 secs] 
2016-09-25T23:33:43.612-0400: 79.846: [GC (GCLocker Initiated GC) [PSYoungGen: 144573K->60353K(175104K)] 584929K->523205K(699392K), 0.0080558 secs] [Times: user=0.11 sys=0.00, real=0.01 secs] 
2016-09-25T23:33:43.650-0400: 79.884: [GC (GCLocker Initiated GC) [PSYoungGen: 148417K->82110K(175104K)] 611451K->580665K(699392K), 0.0119374 secs] [Times: user=0.18 sys=0.00, real=0.01 secs] 
2016-09-25T23:33:43.662-0400: 79.896: [Full GC (Ergonomics) [PSYoungGen: 82110K->0K(175104K)] [ParOldGen: 498555K->441016K(524288K)] 580665K->441016K(699392K), [Metaspace: 43821K->43821K(1087488K)], 0.0556029 secs] [Times: user=0.42 sys=0.01, real=0.06 secs] 
2016-09-25T23:33:43.770-0400: 80.004: [GC (GCLocker Initiated GC) [PSYoungGen: 88064K->83596K(175104K)] 535941K->531474K(699392K), 0.0126913 secs] [Times: user=0.19 sys=0.00, real=0.02 secs] 
2016-09-25T23:33:43.844-0400: 80.078: [GC (GCLocker Initiated GC) [PSYoungGen: 171660K->51014K(175104K)] 623690K->538910K(699392K), 0.0155936 secs] [Times: user=0.22 sys=0.00, real=0.01 secs] 
2016-09-25T23:33:43.860-0400: 80.094: [Full GC (Ergonomics) [PSYoungGen: 51014K->0K(175104K)] [ParOldGen: 487895K->433172K(524288K)] 538910K->433172K(699392K), [Metaspace: 43821K->43821K(1087488K)], 0.0490950 secs] [Times: user=0.43 sys=0.00, real=0.05 secs] 
2016-09-25T23:33:43.943-0400: 80.177: [GC (GCLocker Initiated GC) [PSYoungGen: 88064K->84890K(175104K)] 521360K->518186K(699392K), 0.0132463 secs] [Times: user=0.19 sys=0.01, real=0.01 secs] 
2016-09-25T23:33:44.015-0400: 80.249: [GC (GCLocker Initiated GC) [PSYoungGen: 172954K->57705K(175104K)] 609114K->532417K(699392K), 0.0135879 secs] [Times: user=0.17 sys=0.00, real=0.01 secs] 
2016-09-25T23:33:44.028-0400: 80.263: [Full GC (Ergonomics) [PSYoungGen: 57705K->0K(175104K)] [ParOldGen: 474712K->438401K(524288K)] 532417K->438401K(699392K), [Metaspace: 43821K->43821K(1087488K)], 0.1252136 secs] [Times: user=1.49 sys=0.00, real=0.12 secs] 
2016-09-25T23:33:44.197-0400: 80.432: [GC (GCLocker Initiated GC) [PSYoungGen: 88064K->60622K(175104K)] 529290K->501849K(699392K), 0.0103766 secs] [Times: user=0.11 sys=0.00, real=0.01 secs] 
2016-09-25T23:33:44.270-0400: 80.505: [GC (GCLocker Initiated GC) [PSYoungGen: 148686K->59151K(175104K)] 592805K->525691K(699392K), 0.0128846 secs] [Times: user=0.17 sys=0.00, real=0.02 secs] 
2016-09-25T23:33:44.320-0400: 80.554: [Full GC (Ergonomics) [PSYoungGen: 147215K->0K(175104K)] [ParOldGen: 472670K->446388K(524288K)] 619885K->446388K(699392K), [Metaspace: 43821K->43821K(1087488K)], 0.0528509 secs] [Times: user=0.36 sys=0.00, real=0.05 secs] 
2016-09-25T23:33:44.439-0400: 80.674: [GC (GCLocker Initiated GC) [PSYoungGen: 88064K->57679K(175104K)] 541362K->510978K(699392K), 0.0096948 secs] [Times: user=0.10 sys=0.00, real=0.01 secs] 
2016-09-25T23:33:44.506-0400: 80.740: [GC (GCLocker Initiated GC) [PSYoungGen: 145743K->51038K(175104K)] 604631K->541513K(699392K), 0.0075754 secs] [Times: user=0.09 sys=0.00, real=0.00 secs] 
2016-09-25T23:33:44.514-0400: 80.748: [Full GC (Ergonomics) [PSYoungGen: 51038K->0K(175104K)] [ParOldGen: 490475K->439842K(524288K)] 541513K->439842K(699392K), [Metaspace: 43821K->43821K(1087488K)], 0.0536568 secs] [Times: user=0.41 sys=0.01, real=0.06 secs] 
2016-09-25T23:33:44.605-0400: 80.840: [GC (GCLocker Initiated GC) [PSYoungGen: 88064K->71365K(175104K)] 530712K->514013K(699392K), 0.0113112 secs] [Times: user=0.14 sys=0.00, real=0.01 secs] 
2016-09-25T23:33:44.671-0400: 80.906: [GC (GCLocker Initiated GC) [PSYoungGen: 159429K->61844K(175104K)] 602179K->539073K(699392K), 0.0120747 secs] [Times: user=0.14 sys=0.00, real=0.02 secs] 
2016-09-25T23:33:44.684-0400: 80.918: [Full GC (Ergonomics) [PSYoungGen: 61844K->0K(175104K)] [ParOldGen: 477228K->434940K(524288K)] 539073K->434940K(699392K), [Metaspace: 43832K->43832K(1087488K)], 0.0740615 secs] [Times: user=0.52 sys=0.00, real=0.07 secs] 
2016-09-25T23:33:44.797-0400: 81.031: [GC (GCLocker Initiated GC) [PSYoungGen: 88064K->61998K(175104K)] 527132K->501066K(699392K), 0.0107232 secs] [Times: user=0.13 sys=0.00, real=0.01 secs] 
2016-09-25T23:33:44.840-0400: 81.074: [GC (GCLocker Initiated GC) [PSYoungGen: 150062K->80923K(175104K)] 589397K->538702K(699392K), 0.0125736 secs] [Times: user=0.17 sys=0.00, real=0.01 secs] 
2016-09-25T23:33:44.930-0400: 81.164: [GC (Allocation Failure) [PSYoungGen: 168987K->41588K(175104K)] 632291K->546121K(699392K), 0.0134122 secs] [Times: user=0.14 sys=0.01, real=0.02 secs] 
2016-09-25T23:33:44.944-0400: 81.178: [Full GC (Ergonomics) [PSYoungGen: 41588K->0K(175104K)] [ParOldGen: 504533K->435994K(524288K)] 546121K->435994K(699392K), [Metaspace: 43832K->43832K(1087488K)], 0.0693355 secs] [Times: user=0.66 sys=0.01, real=0.06 secs] 
2016-09-25T23:33:45.046-0400: 81.280: [GC (GCLocker Initiated GC) [PSYoungGen: 88064K->86298K(175104K)] 524076K->530411K(699392K), 0.0094582 secs] [Times: user=0.13 sys=0.01, real=0.01 secs] 
2016-09-25T23:33:45.115-0400: 81.350: [GC (GCLocker Initiated GC) [PSYoungGen: 174362K->50978K(175104K)] 628176K->516356K(699392K), 0.0117205 secs] [Times: user=0.11 sys=0.01, real=0.01 secs] 
2016-09-25T23:33:45.194-0400: 81.428: [GC (GCLocker Initiated GC) [PSYoungGen: 139042K->45427K(175104K)] 607332K->545539K(699392K), 0.0078097 secs] [Times: user=0.09 sys=0.00, real=0.00 secs] 
2016-09-25T23:33:45.202-0400: 81.436: [Full GC (Ergonomics) [PSYoungGen: 45427K->0K(175104K)] [ParOldGen: 500112K->439611K(524288K)] 545539K->439611K(699392K), [Metaspace: 43832K->43832K(1087488K)], 0.0521151 secs] [Times: user=0.35 sys=0.06, real=0.05 secs] 
2016-09-25T23:33:45.296-0400: 81.530: [GC (GCLocker Initiated GC) [PSYoungGen: 88064K->71911K(175104K)] 530640K->514488K(699392K), 0.0115770 secs] [Times: user=0.12 sys=0.01, real=0.01 secs] 
2016-09-25T23:33:45.363-0400: 81.597: [GC (GCLocker Initiated GC) [PSYoungGen: 159975K->58953K(175104K)] 608103K->523002K(699392K), 0.0122655 secs] [Times: user=0.14 sys=0.01, real=0.01 secs] 
2016-09-25T23:33:45.431-0400: 81.665: [GC (GCLocker Initiated GC) [PSYoungGen: 147017K->72843K(175104K)] 616626K->563238K(699392K), 0.0226062 secs] [Times: user=0.15 sys=0.02, real=0.02 secs] 
2016-09-25T23:33:45.453-0400: 81.688: [Full GC (Ergonomics) [PSYoungGen: 72843K->0K(175104K)] [ParOldGen: 490394K->448810K(524288K)] 563238K->448810K(699392K), [Metaspace: 43832K->43832K(1087488K)], 0.0669532 secs] [Times: user=0.59 sys=0.06, real=0.07 secs] 
2016-09-25T23:33:45.563-0400: 81.797: [GC (GCLocker Initiated GC) [PSYoungGen: 88064K->60623K(175104K)] 539642K->512202K(699392K), 0.0065715 secs] [Times: user=0.09 sys=0.00, real=0.00 secs] 
2016-09-25T23:33:45.612-0400: 81.846: [GC (GCLocker Initiated GC) [PSYoungGen: 148687K->79728K(175104K)] 611237K->551098K(699392K), 0.0071965 secs] [Times: user=0.10 sys=0.00, real=0.01 secs] 
2016-09-25T23:33:45.665-0400: 81.900: [GC (GCLocker Initiated GC) [PSYoungGen: 167792K->64673K(175104K)] 639858K->567332K(699392K), 0.0087428 secs] [Times: user=0.11 sys=0.00, real=0.01 secs] 
2016-09-25T23:33:45.674-0400: 81.909: [Full GC (Ergonomics) [PSYoungGen: 64673K->0K(175104K)] [ParOldGen: 502659K->437890K(524288K)] 567332K->437890K(699392K), [Metaspace: 43865K->43865K(1087488K)], 0.0557343 secs] [Times: user=0.54 sys=0.00, real=0.05 secs] 
2016-09-25T23:33:45.761-0400: 81.995: [GC (GCLocker Initiated GC) [PSYoungGen: 88064K->83913K(175104K)] 528959K->524808K(699392K), 0.0081719 secs] [Times: user=0.12 sys=0.00, real=0.01 secs] 
2016-09-25T23:33:45.815-0400: 82.049: [GC (GCLocker Initiated GC) [PSYoungGen: 171977K->48619K(175104K)] 628144K->518040K(699392K), 0.0060684 secs] [Times: user=0.09 sys=0.00, real=0.00 secs] 
2016-09-25T23:33:45.856-0400: 82.091: [GC (GCLocker Initiated GC) [PSYoungGen: 136683K->82159K(175104K)] 606250K->567526K(699392K), 0.0083895 secs] [Times: user=0.15 sys=0.00, real=0.01 secs] 
2016-09-25T23:33:45.865-0400: 82.099: [Full GC (Ergonomics) [PSYoungGen: 82159K->0K(175104K)] [ParOldGen: 485366K->451580K(524288K)] 567526K->451580K(699392K), [Metaspace: 43868K->43868K(1087488K)], 0.0566887 secs] [Times: user=0.59 sys=0.00, real=0.05 secs] 
2016-09-25T23:33:45.956-0400: 82.190: [GC (GCLocker Initiated GC) [PSYoungGen: 88064K->67673K(175104K)] 542507K->522117K(699392K), 0.0116819 secs] [Times: user=0.16 sys=0.00, real=0.01 secs] 
2016-09-25T23:33:46.006-0400: 82.240: [GC (GCLocker Initiated GC) [PSYoungGen: 155737K->52868K(175104K)] 617133K->547867K(699392K), 0.0077851 secs] [Times: user=0.12 sys=0.01, real=0.00 secs] 
2016-09-25T23:33:46.014-0400: 82.248: [Full GC (Ergonomics) [PSYoungGen: 52868K->0K(175104K)] [ParOldGen: 494998K->444536K(524288K)] 547867K->444536K(699392K), [Metaspace: 43870K->43870K(1087488K)], 0.0513360 secs] [Times: user=0.46 sys=0.00, real=0.05 secs] 
2016-09-25T23:33:46.100-0400: 82.334: [GC (GCLocker Initiated GC) [PSYoungGen: 88064K->86517K(175104K)] 535486K->539339K(699392K), 0.0087407 secs] [Times: user=0.14 sys=0.00, real=0.01 secs] 
2016-09-25T23:33:46.152-0400: 82.386: [GC (GCLocker Initiated GC) [PSYoungGen: 174581K->51671K(175104K)] 638389K->536720K(699392K), 0.0064243 secs] [Times: user=0.09 sys=0.00, real=0.01 secs] 
2016-09-25T23:33:46.159-0400: 82.393: [Full GC (Ergonomics) [PSYoungGen: 51671K->0K(175104K)] [ParOldGen: 485049K->445609K(524288K)] 536720K->445609K(699392K), [Metaspace: 43879K->43879K(1087488K)], 0.0552510 secs] [Times: user=0.50 sys=0.00, real=0.05 secs] 
2016-09-25T23:33:46.251-0400: 82.485: [GC (GCLocker Initiated GC) [PSYoungGen: 88064K->59555K(175104K)] 533877K->505369K(699392K), 0.0115568 secs] [Times: user=0.13 sys=0.01, real=0.02 secs] 
2016-09-25T23:33:46.293-0400: 82.528: [GC (GCLocker Initiated GC) [PSYoungGen: 147619K->60982K(175104K)] 596209K->519963K(699392K), 0.0140845 secs] [Times: user=0.15 sys=0.00, real=0.02 secs] 
2016-09-25T23:33:46.355-0400: 82.590: [GC (GCLocker Initiated GC) [PSYoungGen: 149046K->41538K(175104K)] 610802K->539692K(699392K), 0.0084181 secs] [Times: user=0.10 sys=0.00, real=0.01 secs] 
2016-09-25T23:33:46.364-0400: 82.598: [Full GC (Ergonomics) [PSYoungGen: 41538K->0K(175104K)] [ParOldGen: 498154K->439090K(524288K)] 539692K->439090K(699392K), [Metaspace: 43889K->43889K(1087488K)], 0.0562581 secs] [Times: user=0.55 sys=0.00, real=0.05 secs] 
2016-09-25T23:33:46.449-0400: 82.684: [GC (GCLocker Initiated GC) [PSYoungGen: 88064K->85857K(175104K)] 536881K->536025K(699392K), 0.0084966 secs] [Times: user=0.12 sys=0.00, real=0.01 secs] 
2016-09-25T23:33:46.505-0400: 82.739: [GC (GCLocker Initiated GC) [PSYoungGen: 173921K->36343K(175104K)] 638993K->532704K(699392K), 0.0069363 secs] [Times: user=0.09 sys=0.00, real=0.00 secs] 
2016-09-25T23:33:46.512-0400: 82.746: [Full GC (Ergonomics) [PSYoungGen: 36343K->0K(175104K)] [ParOldGen: 496360K->451269K(524288K)] 532704K->451269K(699392K), [Metaspace: 43898K->43898K(1087488K)], 0.0540985 secs] [Times: user=0.51 sys=0.00, real=0.06 secs] 
2016-09-25T23:33:46.600-0400: 82.834: [GC (GCLocker Initiated GC) [PSYoungGen: 88064K->78549K(175104K)] 539474K->529960K(699392K), 0.0081512 secs] [Times: user=0.12 sys=0.00, real=0.01 secs] 
2016-09-25T23:33:46.647-0400: 82.882: [GC (GCLocker Initiated GC) [PSYoungGen: 166613K->72979K(175104K)] 623551K->548722K(699392K), 0.0079722 secs] [Times: user=0.12 sys=0.01, real=0.01 secs] 
2016-09-25T23:33:46.695-0400: 82.929: [Full GC (Ergonomics) [PSYoungGen: 161043K->0K(175104K)] [ParOldGen: 482611K->452990K(524288K)] 643655K->452990K(699392K), [Metaspace: 43898K->43898K(1087488K)], 0.0551291 secs] [Times: user=0.46 sys=0.00, real=0.05 secs] 
2016-09-25T23:33:46.872-0400: 83.106: [Full GC (Ergonomics) [PSYoungGen: 88064K->0K(175104K)] [ParOldGen: 499235K->463856K(524288K)] 587299K->463856K(699392K), [Metaspace: 43902K->43902K(1087488K)], 0.0650130 secs] [Times: user=0.49 sys=0.00, real=0.07 secs] 
2016-09-25T23:33:46.983-0400: 83.217: [GC (GCLocker Initiated GC) [PSYoungGen: 88064K->57430K(175104K)] 554725K->524091K(699392K), 0.0099969 secs] [Times: user=0.11 sys=0.00, real=0.00 secs] 
2016-09-25T23:33:47.023-0400: 83.257: [GC (GCLocker Initiated GC) [PSYoungGen: 145494K->73137K(175104K)] 612330K->570107K(699392K), 0.0086010 secs] [Times: user=0.15 sys=0.00, real=0.00 secs] 
2016-09-25T23:33:47.032-0400: 83.266: [Full GC (Ergonomics) [PSYoungGen: 73137K->0K(175104K)] [ParOldGen: 496970K->460678K(524288K)] 570107K->460678K(699392K), [Metaspace: 43902K->43902K(1087488K)], 0.0490260 secs] [Times: user=0.41 sys=0.00, real=0.05 secs] 
2016-09-25T23:33:47.132-0400: 83.367: [GC (GCLocker Initiated GC) [PSYoungGen: 88064K->79090K(175104K)] 549289K->540316K(699392K), 0.0110033 secs] [Times: user=0.10 sys=0.01, real=0.02 secs] 
2016-09-25T23:33:47.178-0400: 83.412: [GC (GCLocker Initiated GC) [PSYoungGen: 167154K->43801K(175104K)] 636555K->535233K(699392K), 0.0064919 secs] [Times: user=0.08 sys=0.00, real=0.01 secs] 
2016-09-25T23:33:47.185-0400: 83.419: [Full GC (Ergonomics) [PSYoungGen: 43801K->0K(175104K)] [ParOldGen: 491431K->454095K(524288K)] 535233K->454095K(699392K), [Metaspace: 43902K->43902K(1087488K)], 0.0562740 secs] [Times: user=0.49 sys=0.01, real=0.05 secs] 
2016-09-25T23:33:47.282-0400: 83.516: [GC (GCLocker Initiated GC) [PSYoungGen: 88064K->75134K(175104K)] 542299K->529369K(699392K), 0.0102502 secs] [Times: user=0.15 sys=0.00, real=0.01 secs] 
2016-09-25T23:33:47.329-0400: 83.563: [GC (GCLocker Initiated GC) [PSYoungGen: 163198K->66279K(175104K)] 622921K->556162K(699392K), 0.0082558 secs] [Times: user=0.11 sys=0.01, real=0.01 secs] 
2016-09-25T23:33:47.337-0400: 83.572: [Full GC (Ergonomics) [PSYoungGen: 66279K->0K(175104K)] [ParOldGen: 489882K->461199K(524288K)] 556162K->461199K(699392K), [Metaspace: 43905K->43905K(1087488K)], 0.0542388 secs] [Times: user=0.54 sys=0.00, real=0.05 secs] 
2016-09-25T23:33:47.440-0400: 83.674: [GC (GCLocker Initiated GC) [PSYoungGen: 88064K->56583K(175104K)] 552034K->520554K(699392K), 0.0057046 secs] [Times: user=0.07 sys=0.00, real=0.01 secs] 
2016-09-25T23:33:47.483-0400: 83.718: [GC (GCLocker Initiated GC) [PSYoungGen: 144647K->61600K(175104K)] 608716K->541356K(699392K), 0.0069195 secs] [Times: user=0.08 sys=0.01, real=0.00 secs] 
2016-09-25T23:33:47.491-0400: 83.725: [Full GC (Ergonomics) [PSYoungGen: 61600K->0K(175104K)] [ParOldGen: 479756K->457390K(524288K)] 541356K->457390K(699392K), [Metaspace: 43905K->43905K(1087488K)], 0.0525913 secs] [Times: user=0.52 sys=0.00, real=0.06 secs] 
2016-09-25T23:33:47.588-0400: 83.823: [GC (GCLocker Initiated GC) [PSYoungGen: 88064K->55888K(175104K)] 552535K->520359K(699392K), 0.0070265 secs] [Times: user=0.10 sys=0.00, real=0.01 secs] 
2016-09-25T23:33:47.635-0400: 83.869: [GC (GCLocker Initiated GC) [PSYoungGen: 143952K->45999K(175104K)] 608945K->543610K(699392K), 0.0075218 secs] [Times: user=0.09 sys=0.00, real=0.01 secs] 
2016-09-25T23:33:47.643-0400: 83.877: [Full GC (Ergonomics) [PSYoungGen: 45999K->0K(175104K)] [ParOldGen: 497611K->452592K(524288K)] 543610K->452592K(699392K), [Metaspace: 43905K->43905K(1087488K)], 0.0535561 secs] [Times: user=0.50 sys=0.00, real=0.05 secs] 
2016-09-25T23:33:47.731-0400: 83.965: [GC (GCLocker Initiated GC) [PSYoungGen: 88064K->82510K(175104K)] 543615K->538062K(699392K), 0.0067063 secs] [Times: user=0.10 sys=0.01, real=0.01 secs] 
2016-09-25T23:33:47.779-0400: 84.014: [GC (GCLocker Initiated GC) [PSYoungGen: 170574K->51616K(175104K)] 626332K->543502K(699392K), 0.0076890 secs] [Times: user=0.09 sys=0.00, real=0.01 secs] 
2016-09-25T23:33:47.787-0400: 84.022: [Full GC (Ergonomics) [PSYoungGen: 51616K->0K(175104K)] [ParOldGen: 491885K->463672K(524288K)] 543502K->463672K(699392K), [Metaspace: 43905K->43905K(1087488K)], 0.0509444 secs] [Times: user=0.48 sys=0.00, real=0.05 secs] 
2016-09-25T23:33:47.869-0400: 84.103: [GC (GCLocker Initiated GC) [PSYoungGen: 88064K->82189K(175104K)] 551823K->545949K(699392K), 0.0091456 secs] [Times: user=0.10 sys=0.00, real=0.01 secs] 
2016-09-25T23:33:47.924-0400: 84.158: [GC (GCLocker Initiated GC) [PSYoungGen: 170253K->58881K(175104K)] 640881K->547913K(699392K), 0.0129323 secs] [Times: user=0.17 sys=0.01, real=0.01 secs] 
2016-09-25T23:33:47.937-0400: 84.171: [Full GC (Ergonomics) [PSYoungGen: 58881K->0K(175104K)] [ParOldGen: 489031K->460817K(524288K)] 547913K->460817K(699392K), [Metaspace: 43906K->43906K(1087488K)], 0.1453624 secs] [Times: user=2.07 sys=0.01, real=0.15 secs] 
2016-09-25T23:33:48.119-0400: 84.353: [GC (GCLocker Initiated GC) [PSYoungGen: 88064K->81852K(175104K)] 552072K->545861K(699392K), 0.0073363 secs] [Times: user=0.11 sys=0.00, real=0.01 secs] 
2016-09-25T23:33:48.164-0400: 84.398: [GC (GCLocker Initiated GC) [PSYoungGen: 169916K->53039K(175104K)] 639460K->552711K(699392K), 0.0137171 secs] [Times: user=0.19 sys=0.00, real=0.01 secs] 
2016-09-25T23:33:48.178-0400: 84.412: [Full GC (Ergonomics) [PSYoungGen: 53039K->0K(175104K)] [ParOldGen: 499672K->465288K(524288K)] 552711K->465288K(699392K), [Metaspace: 43907K->43907K(1087488K)], 0.0549241 secs] [Times: user=0.54 sys=0.01, real=0.05 secs] 
2016-09-25T23:33:48.276-0400: 84.510: [GC (GCLocker Initiated GC) [PSYoungGen: 88064K->74707K(175104K)] 557495K->544139K(699392K), 0.0102957 secs] [Times: user=0.15 sys=0.02, real=0.01 secs] 
2016-09-25T23:33:48.322-0400: 84.556: [GC (GCLocker Initiated GC) [PSYoungGen: 162771K->58611K(175104K)] 632291K->563106K(699392K), 0.0080178 secs] [Times: user=0.10 sys=0.01, real=0.01 secs] 
2016-09-25T23:33:48.330-0400: 84.565: [Full GC (Ergonomics) [PSYoungGen: 58611K->0K(175104K)] [ParOldGen: 504494K->467060K(524288K)] 563106K->467060K(699392K), [Metaspace: 43907K->43907K(1087488K)], 0.0526858 secs] [Times: user=0.52 sys=0.00, real=0.06 secs] 
2016-09-25T23:33:48.423-0400: 84.657: [Full GC (Ergonomics) [PSYoungGen: 88064K->0K(175104K)] [ParOldGen: 470348K->462687K(524288K)] 558412K->462687K(699392K), [Metaspace: 43907K->43907K(1087488K)], 0.0535409 secs] [Times: user=0.49 sys=0.00, real=0.05 secs] 
2016-09-25T23:33:48.518-0400: 84.752: [GC (GCLocker Initiated GC) [PSYoungGen: 88064K->84477K(175104K)] 555053K->551467K(699392K), 0.0086959 secs] [Times: user=0.10 sys=0.00, real=0.01 secs] 
2016-09-25T23:33:48.572-0400: 84.806: [Full GC (Ergonomics) [PSYoungGen: 172541K->0K(175104K)] [ParOldGen: 471149K->467377K(524288K)] 643691K->467377K(699392K), [Metaspace: 43907K->43907K(1087488K)], 0.0732357 secs] [Times: user=0.67 sys=0.01, real=0.08 secs] 
2016-09-25T23:33:48.677-0400: 84.911: [Full GC (Ergonomics) [PSYoungGen: 88064K->0K(175104K)] [ParOldGen: 472886K->479152K(524288K)] 560950K->479152K(699392K), [Metaspace: 43907K->43907K(1087488K)], 0.0565376 secs] [Times: user=0.55 sys=0.01, real=0.05 secs] 
2016-09-25T23:33:48.783-0400: 85.017: [Full GC (Ergonomics) [PSYoungGen: 88064K->0K(175104K)] [ParOldGen: 484641K->469236K(524288K)] 572705K->469236K(699392K), [Metaspace: 43907K->43907K(1087488K)], 0.0564951 secs] [Times: user=0.53 sys=0.01, real=0.05 secs] 
2016-09-25T23:33:48.870-0400: 85.104: [Full GC (Ergonomics) [PSYoungGen: 88064K->0K(175104K)] [ParOldGen: 471987K->481079K(524288K)] 560051K->481079K(699392K), [Metaspace: 43907K->43907K(1087488K)], 0.0492225 secs] [Times: user=0.38 sys=0.00, real=0.05 secs] 
2016-09-25T23:33:48.967-0400: 85.202: [Full GC (Ergonomics) [PSYoungGen: 88064K->0K(175104K)] [ParOldGen: 487867K->470083K(524288K)] 575931K->470083K(699392K), [Metaspace: 43907K->43907K(1087488K)], 0.0592412 secs] [Times: user=0.45 sys=0.00, real=0.06 secs] 
2016-09-25T23:33:49.063-0400: 85.297: [Full GC (Ergonomics) [PSYoungGen: 88064K->0K(175104K)] [ParOldGen: 474228K->474798K(524288K)] 562292K->474798K(699392K), [Metaspace: 43907K->43907K(1087488K)], 0.0511623 secs] [Times: user=0.40 sys=0.00, real=0.05 secs] 
2016-09-25T23:33:49.152-0400: 85.386: [Full GC (Ergonomics) [PSYoungGen: 88064K->0K(175104K)] [ParOldGen: 480401K->475833K(524288K)] 568465K->475833K(699392K), [Metaspace: 43907K->43907K(1087488K)], 0.0566196 secs] [Times: user=0.50 sys=0.00, real=0.06 secs] 
2016-09-25T23:33:49.250-0400: 85.484: [Full GC (Ergonomics) [PSYoungGen: 88064K->0K(175104K)] [ParOldGen: 478618K->476777K(524288K)] 566682K->476777K(699392K), [Metaspace: 43907K->43907K(1087488K)], 0.0698588 secs] [Times: user=0.76 sys=0.00, real=0.07 secs] 
2016-09-25T23:33:49.362-0400: 85.596: [Full GC (Ergonomics) [PSYoungGen: 88064K->0K(175104K)] [ParOldGen: 476930K->472331K(524288K)] 564994K->472331K(699392K), [Metaspace: 43907K->43907K(1087488K)], 0.0580079 secs] [Times: user=0.57 sys=0.01, real=0.06 secs] 
2016-09-25T23:33:49.465-0400: 85.699: [Full GC (Ergonomics) [PSYoungGen: 88064K->0K(175104K)] [ParOldGen: 480603K->478888K(524288K)] 568667K->478888K(699392K), [Metaspace: 43907K->43907K(1087488K)], 0.0486293 secs] [Times: user=0.44 sys=0.00, real=0.04 secs] 
2016-09-25T23:33:49.555-0400: 85.789: [Full GC (Ergonomics) [PSYoungGen: 88064K->0K(175104K)] [ParOldGen: 484396K->482586K(524288K)] 572460K->482586K(699392K), [Metaspace: 43918K->43918K(1087488K)], 0.0520911 secs] [Times: user=0.49 sys=0.00, real=0.05 secs] 
2016-09-25T23:33:49.648-0400: 85.882: [Full GC (Ergonomics) [PSYoungGen: 88064K->0K(175104K)] [ParOldGen: 482645K->480803K(524288K)] 570709K->480803K(699392K), [Metaspace: 43918K->43918K(1087488K)], 0.0509629 secs] [Times: user=0.47 sys=0.01, real=0.05 secs] 
2016-09-25T23:33:49.743-0400: 85.978: [Full GC (Ergonomics) [PSYoungGen: 88064K->0K(175104K)] [ParOldGen: 490387K->482046K(524288K)] 578451K->482046K(699392K), [Metaspace: 43918K->43918K(1087488K)], 0.0583462 secs] [Times: user=0.64 sys=0.00, real=0.05 secs] 
2016-09-25T23:33:49.839-0400: 86.073: [Full GC (Ergonomics) [PSYoungGen: 88064K->0K(175104K)] [ParOldGen: 483554K->483199K(524288K)] 571618K->483199K(699392K), [Metaspace: 43918K->43918K(1087488K)], 0.0547834 secs] [Times: user=0.53 sys=0.01, real=0.05 secs] 
2016-09-25T23:33:49.939-0400: 86.173: [Full GC (Ergonomics) [PSYoungGen: 88064K->0K(175104K)] [ParOldGen: 486150K->484053K(524288K)] 574214K->484053K(699392K), [Metaspace: 43918K->43918K(1087488K)], 0.0529921 secs] [Times: user=0.48 sys=0.00, real=0.05 secs] 
2016-09-25T23:33:50.033-0400: 86.268: [Full GC (Ergonomics) [PSYoungGen: 88064K->0K(175104K)] [ParOldGen: 492205K->482510K(524288K)] 580269K->482510K(699392K), [Metaspace: 43918K->43918K(1087488K)], 0.0551713 secs] [Times: user=0.52 sys=0.00, real=0.06 secs] 
2016-09-25T23:33:50.131-0400: 86.365: [Full GC (Ergonomics) [PSYoungGen: 88064K->0K(175104K)] [ParOldGen: 482563K->480608K(524288K)] 570627K->480608K(699392K), [Metaspace: 43918K->43918K(1087488K)], 0.0543495 secs] [Times: user=0.53 sys=0.01, real=0.06 secs] 
2016-09-25T23:33:50.219-0400: 86.453: [Full GC (Ergonomics) [PSYoungGen: 88064K->0K(175104K)] [ParOldGen: 483677K->491317K(524288K)] 571741K->491317K(699392K), [Metaspace: 43918K->43918K(1087488K)], 0.1318187 secs] [Times: user=1.82 sys=0.01, real=0.13 secs] 
2016-09-25T23:33:50.401-0400: 86.636: [Full GC (Ergonomics) [PSYoungGen: 88064K->0K(175104K)] [ParOldGen: 498083K->486838K(524288K)] 586147K->486838K(699392K), [Metaspace: 43918K->43918K(1087488K)], 0.0651607 secs] [Times: user=0.49 sys=0.02, real=0.07 secs] 
2016-09-25T23:33:50.503-0400: 86.737: [Full GC (Ergonomics) [PSYoungGen: 88064K->0K(175104K)] [ParOldGen: 493804K->488026K(524288K)] 581868K->488026K(699392K), [Metaspace: 43918K->43918K(1087488K)], 0.0606155 secs] [Times: user=0.55 sys=0.00, real=0.06 secs] 
2016-09-25T23:33:50.610-0400: 86.844: [Full GC (Ergonomics) [PSYoungGen: 88064K->0K(175104K)] [ParOldGen: 493724K->489076K(524288K)] 581788K->489076K(699392K), [Metaspace: 43918K->43918K(1087488K)], 0.0575631 secs] [Times: user=0.59 sys=0.01, real=0.06 secs] 
2016-09-25T23:33:50.705-0400: 86.939: [Full GC (Ergonomics) [PSYoungGen: 88064K->0K(175104K)] [ParOldGen: 491869K->495442K(524288K)] 579933K->495442K(699392K), [Metaspace: 43918K->43918K(1087488K)], 0.0567393 secs] [Times: user=0.55 sys=0.00, real=0.05 secs] 
2016-09-25T23:33:50.814-0400: 87.048: [Full GC (Ergonomics) [PSYoungGen: 88064K->0K(175104K)] [ParOldGen: 504999K->491212K(524288K)] 593063K->491212K(699392K), [Metaspace: 43918K->43918K(1087488K)], 0.0593048 secs] [Times: user=0.53 sys=0.01, real=0.06 secs] 
2016-09-25T23:33:50.917-0400: 87.151: [Full GC (Ergonomics) [PSYoungGen: 88064K->0K(175104K)] [ParOldGen: 491310K->486493K(524288K)] 579374K->486493K(699392K), [Metaspace: 43918K->43918K(1087488K)], 0.0526880 secs] [Times: user=0.47 sys=0.00, real=0.05 secs] 
2016-09-25T23:33:51.000-0400: 87.234: [Full GC (Ergonomics) [PSYoungGen: 88064K->0K(175104K)] [ParOldGen: 486619K->495709K(524288K)] 574683K->495709K(699392K), [Metaspace: 43918K->43918K(1087488K)], 0.0557847 secs] [Times: user=0.55 sys=0.01, real=0.06 secs] 
2016-09-25T23:33:51.100-0400: 87.335: [Full GC (Ergonomics) [PSYoungGen: 88064K->0K(175104K)] [ParOldGen: 501169K->487324K(524288K)] 589233K->487324K(699392K), [Metaspace: 43918K->43918K(1087488K)], 0.0491109 secs] [Times: user=0.33 sys=0.01, real=0.05 secs] 
2016-09-25T23:33:51.183-0400: 87.417: [Full GC (Ergonomics) [PSYoungGen: 88064K->0K(175104K)] [ParOldGen: 490186K->500636K(524288K)] 578250K->500636K(699392K), [Metaspace: 43918K->43918K(1087488K)], 0.0583578 secs] [Times: user=0.55 sys=0.00, real=0.05 secs] 
2016-09-25T23:33:51.290-0400: 87.525: [Full GC (Ergonomics) [PSYoungGen: 88064K->0K(175104K)] [ParOldGen: 506120K->490526K(524288K)] 594184K->490526K(699392K), [Metaspace: 43918K->43918K(1087488K)], 0.0555445 secs] [Times: user=0.56 sys=0.00, real=0.06 secs] 
2016-09-25T23:33:51.377-0400: 87.611: [Full GC (Ergonomics) [PSYoungGen: 88064K->0K(175104K)] [ParOldGen: 496033K->505414K(524288K)] 584097K->505414K(699392K), [Metaspace: 43918K->43918K(1087488K)], 0.0524381 secs] [Times: user=0.47 sys=0.00, real=0.05 secs] 
2016-09-25T23:33:51.482-0400: 87.716: [Full GC (Ergonomics) [PSYoungGen: 88064K->0K(175104K)] [ParOldGen: 511127K->494334K(524288K)] 599191K->494334K(699392K), [Metaspace: 43918K->43918K(1087488K)], 0.0578075 secs] [Times: user=0.54 sys=0.01, real=0.06 secs] 
2016-09-25T23:33:51.577-0400: 87.812: [Full GC (Ergonomics) [PSYoungGen: 88064K->0K(175104K)] [ParOldGen: 494553K->504673K(524288K)] 582617K->504673K(699392K), [Metaspace: 43919K->43919K(1087488K)], 0.0556639 secs] [Times: user=0.56 sys=0.01, real=0.05 secs] 
2016-09-25T23:33:51.667-0400: 87.901: [Full GC (Ergonomics) [PSYoungGen: 88064K->0K(175104K)] [ParOldGen: 507630K->503043K(524288K)] 595694K->503043K(699392K), [Metaspace: 43919K->43919K(1087488K)], 0.0573449 secs] [Times: user=0.58 sys=0.00, real=0.06 secs] 
2016-09-25T23:33:51.771-0400: 88.005: [Full GC (Ergonomics) [PSYoungGen: 88064K->0K(175104K)] [ParOldGen: 507170K->496017K(524288K)] 595234K->496017K(699392K), [Metaspace: 43919K->43919K(1087488K)], 0.0563755 secs] [Times: user=0.57 sys=0.01, real=0.06 secs] 
2016-09-25T23:33:51.863-0400: 88.097: [Full GC (Ergonomics) [PSYoungGen: 88064K->0K(175104K)] [ParOldGen: 504246K->510599K(524288K)] 592310K->510599K(699392K), [Metaspace: 43920K->43920K(1087488K)], 0.0561171 secs] [Times: user=0.54 sys=0.01, real=0.05 secs] 
2016-09-25T23:33:51.967-0400: 88.202: [Full GC (Ergonomics) [PSYoungGen: 88064K->0K(175104K)] [ParOldGen: 510671K->503522K(524288K)] 598735K->503522K(699392K), [Metaspace: 43924K->43924K(1087488K)], 0.0512073 secs] [Times: user=0.47 sys=0.00, real=0.05 secs] 
2016-09-25T23:33:52.063-0400: 88.297: [Full GC (Ergonomics) [PSYoungGen: 88064K->0K(175104K)] [ParOldGen: 511861K->504602K(524288K)] 599925K->504602K(699392K), [Metaspace: 43924K->43924K(1087488K)], 0.0588962 secs] [Times: user=0.61 sys=0.00, real=0.05 secs] 
2016-09-25T23:33:52.173-0400: 88.407: [Full GC (Ergonomics) [PSYoungGen: 88064K->0K(175104K)] [ParOldGen: 508783K->503027K(524288K)] 596847K->503027K(699392K), [Metaspace: 43924K->43924K(1087488K)], 0.0564646 secs] [Times: user=0.50 sys=0.00, real=0.06 secs] 
2016-09-25T23:33:52.275-0400: 88.509: [Full GC (Ergonomics) [PSYoungGen: 88064K->0K(175104K)] [ParOldGen: 514012K->509662K(524288K)] 602076K->509662K(699392K), [Metaspace: 43924K->43924K(1087488K)], 0.0710744 secs] [Times: user=0.64 sys=0.00, real=0.07 secs] 
2016-09-25T23:33:52.401-0400: 88.636: [Full GC (Ergonomics) [PSYoungGen: 88064K->0K(175104K)] [ParOldGen: 512471K->503841K(524288K)] 600535K->503841K(699392K), [Metaspace: 43924K->43924K(1087488K)], 0.1335099 secs] [Times: user=1.89 sys=0.01, real=0.14 secs] 
2016-09-25T23:33:52.572-0400: 88.807: [Full GC (Ergonomics) [PSYoungGen: 88064K->0K(175104K)] [ParOldGen: 503884K->510144K(524288K)] 591948K->510144K(699392K), [Metaspace: 43924K->43924K(1087488K)], 0.0572957 secs] [Times: user=0.57 sys=0.00, real=0.06 secs] 
2016-09-25T23:33:52.675-0400: 88.909: [Full GC (Ergonomics) [PSYoungGen: 88064K->0K(175104K)] [ParOldGen: 512877K->511284K(524288K)] 600941K->511284K(699392K), [Metaspace: 43924K->43924K(1087488K)], 0.0600278 secs] [Times: user=0.54 sys=0.01, real=0.06 secs] 
2016-09-25T23:33:52.782-0400: 89.016: [Full GC (Ergonomics) [PSYoungGen: 88064K->0K(175104K)] [ParOldGen: 514684K->508576K(524288K)] 602748K->508576K(699392K), [Metaspace: 43924K->43924K(1087488K)], 0.0620622 secs] [Times: user=0.52 sys=0.01, real=0.07 secs] 
2016-09-25T23:33:52.882-0400: 89.116: [Full GC (Ergonomics) [PSYoungGen: 88064K->0K(175104K)] [ParOldGen: 509875K->506989K(524288K)] 597939K->506989K(699392K), [Metaspace: 43924K->43924K(1087488K)], 0.0498241 secs] [Times: user=0.37 sys=0.00, real=0.05 secs] 
2016-09-25T23:33:52.977-0400: 89.211: [Full GC (Ergonomics) [PSYoungGen: 88064K->0K(175104K)] [ParOldGen: 512536K->506203K(524288K)] 600600K->506203K(699392K), [Metaspace: 43924K->43924K(1087488K)], 0.0547606 secs] [Times: user=0.47 sys=0.00, real=0.05 secs] 
2016-09-25T23:33:53.069-0400: 89.304: [Full GC (Ergonomics) [PSYoungGen: 88064K->0K(175104K)] [ParOldGen: 507597K->510141K(524288K)] 595661K->510141K(699392K), [Metaspace: 43928K->43928K(1087488K)], 0.0529617 secs] [Times: user=0.51 sys=0.00, real=0.06 secs] 
2016-09-25T23:33:53.166-0400: 89.400: [Full GC (Ergonomics) [PSYoungGen: 88064K->0K(175104K)] [ParOldGen: 513501K->507244K(524288K)] 601565K->507244K(699392K), [Metaspace: 43928K->43928K(1087488K)], 0.0605848 secs] [Times: user=0.66 sys=0.00, real=0.06 secs] 
2016-09-25T23:33:53.272-0400: 89.506: [Full GC (Ergonomics) [PSYoungGen: 88064K->0K(175104K)] [ParOldGen: 510732K->513700K(524288K)] 598796K->513700K(699392K), [Metaspace: 43928K->43928K(1087488K)], 0.0567641 secs] [Times: user=0.55 sys=0.01, real=0.06 secs] 
2016-09-25T23:33:53.371-0400: 89.605: [Full GC (Ergonomics) [PSYoungGen: 88064K->0K(175104K)] [ParOldGen: 519348K->524123K(524288K)] 607412K->524123K(699392K), [Metaspace: 43928K->43928K(1087488K)], 0.0515883 secs] [Times: user=0.45 sys=0.00, real=0.06 secs] 
2016-09-25T23:33:53.465-0400: 89.699: [Full GC (Ergonomics) [PSYoungGen: 86453K->0K(175104K)] [ParOldGen: 524123K->517039K(524288K)] 610576K->517039K(699392K), [Metaspace: 43928K->43928K(1087488K)], 0.0569044 secs] [Times: user=0.56 sys=0.00, real=0.05 secs] 
2016-09-25T23:33:53.564-0400: 89.798: [Full GC (Ergonomics) [PSYoungGen: 88064K->0K(175104K)] [ParOldGen: 521308K->515512K(524288K)] 609372K->515512K(699392K), [Metaspace: 43928K->43928K(1087488K)], 0.0547984 secs] [Times: user=0.53 sys=0.00, real=0.05 secs] 
2016-09-25T23:33:53.662-0400: 89.896: [Full GC (Ergonomics) [PSYoungGen: 88064K->0K(175104K)] [ParOldGen: 522445K->519333K(524288K)] 610509K->519333K(699392K), [Metaspace: 43928K->43928K(1087488K)], 0.0522044 secs] [Times: user=0.47 sys=0.00, real=0.06 secs] 
2016-09-25T23:33:53.759-0400: 89.994: [Full GC (Ergonomics) [PSYoungGen: 88064K->0K(175104K)] [ParOldGen: 522156K->511078K(524288K)] 610220K->511078K(699392K), [Metaspace: 43932K->43932K(1087488K)], 0.0563039 secs] [Times: user=0.54 sys=0.01, real=0.06 secs] 
2016-09-25T23:33:53.853-0400: 90.087: [Full GC (Ergonomics) [PSYoungGen: 88064K->0K(175104K)] [ParOldGen: 515026K->515148K(524288K)] 603090K->515148K(699392K), [Metaspace: 43933K->43933K(1087488K)], 0.0590417 secs] [Times: user=0.60 sys=0.00, real=0.06 secs] 
2016-09-25T23:33:53.956-0400: 90.190: [Full GC (Ergonomics) [PSYoungGen: 88064K->0K(175104K)] [ParOldGen: 520597K->517036K(524288K)] 608661K->517036K(699392K), [Metaspace: 43934K->43934K(1087488K)], 0.0616794 secs] [Times: user=0.59 sys=0.01, real=0.06 secs] 
2016-09-25T23:33:54.051-0400: 90.285: [Full GC (Ergonomics) [PSYoungGen: 88064K->1350K(175104K)] [ParOldGen: 519813K->523652K(524288K)] 607877K->525003K(699392K), [Metaspace: 43948K->43948K(1087488K)], 0.1191220 secs] [Times: user=1.51 sys=0.02, real=0.12 secs] 
2016-09-25T23:33:54.216-0400: 90.450: [Full GC (Ergonomics) [PSYoungGen: 88064K->0K(175104K)] [ParOldGen: 523730K->520411K(524288K)] 611794K->520411K(699392K), [Metaspace: 43972K->43972K(1087488K)], 0.0589398 secs] [Times: user=0.59 sys=0.01, real=0.06 secs] 
2016-09-25T23:33:54.309-0400: 90.544: [Full GC (Ergonomics) [PSYoungGen: 88064K->4221K(175104K)] [ParOldGen: 523143K->522612K(524288K)] 611207K->526833K(699392K), [Metaspace: 43972K->43972K(1087488K)], 0.1568519 secs] [Times: user=2.30 sys=0.02, real=0.16 secs] 
2016-09-25T23:33:54.509-0400: 90.744: [Full GC (Ergonomics) [PSYoungGen: 87230K->0K(175104K)] [ParOldGen: 523962K->516896K(524288K)] 611192K->516896K(699392K), [Metaspace: 43972K->43972K(1087488K)], 0.0557316 secs] [Times: user=0.54 sys=0.01, real=0.06 secs] 
2016-09-25T23:33:54.593-0400: 90.828: [Full GC (Ergonomics) [PSYoungGen: 88064K->9629K(175104K)] [ParOldGen: 519695K->521537K(524288K)] 607759K->531166K(699392K), [Metaspace: 43972K->43972K(1087488K)], 0.1539072 secs] [Times: user=2.25 sys=0.03, real=0.16 secs] 
2016-09-25T23:33:54.798-0400: 91.032: [Full GC (Ergonomics) [PSYoungGen: 87985K->0K(175104K)] [ParOldGen: 524237K->517362K(524288K)] 612222K->517362K(699392K), [Metaspace: 43972K->43972K(1087488K)], 0.0566007 secs] [Times: user=0.55 sys=0.00, real=0.06 secs] 
2016-09-25T23:33:54.890-0400: 91.124: [Full GC (Ergonomics) [PSYoungGen: 88064K->2701K(175104K)] [ParOldGen: 517492K->522022K(524288K)] 605556K->524724K(699392K), [Metaspace: 43972K->43972K(1087488K)], 0.1565481 secs] [Times: user=2.30 sys=0.01, real=0.16 secs] 
2016-09-25T23:33:55.091-0400: 91.325: [Full GC (Ergonomics) [PSYoungGen: 86896K->0K(175104K)] [ParOldGen: 522022K->519128K(524288K)] 608919K->519128K(699392K), [Metaspace: 43972K->43972K(1087488K)], 0.0550232 secs] [Times: user=0.57 sys=0.01, real=0.06 secs] 
2016-09-25T23:33:55.180-0400: 91.414: [Full GC (Ergonomics) [PSYoungGen: 87378K->9621K(175104K)] [ParOldGen: 521828K->522337K(524288K)] 609207K->531959K(699392K), [Metaspace: 43972K->43972K(1087488K)], 0.1552186 secs] [Times: user=2.27 sys=0.00, real=0.16 secs] 
2016-09-25T23:33:55.373-0400: 91.608: [Full GC (Ergonomics) [PSYoungGen: 87768K->5469K(175104K)] [ParOldGen: 522337K->521628K(524288K)] 610105K->527097K(699392K), [Metaspace: 43972K->43972K(1087488K)], 0.1563175 secs] [Times: user=2.31 sys=0.01, real=0.16 secs] 
2016-09-25T23:33:55.566-0400: 91.800: [Full GC (Ergonomics) [PSYoungGen: 88064K->8101K(175104K)] [ParOldGen: 523131K->522706K(524288K)] 611195K->530807K(699392K), [Metaspace: 43972K->43972K(1087488K)], 0.1575276 secs] [Times: user=2.19 sys=0.01, real=0.16 secs] 
2016-09-25T23:33:55.757-0400: 91.992: [Full GC (Ergonomics) [PSYoungGen: 88064K->6972K(175104K)] [ParOldGen: 522863K->524180K(524288K)] 610927K->531153K(699392K), [Metaspace: 43979K->43979K(1087488K)], 0.1563940 secs] [Times: user=2.25 sys=0.02, real=0.15 secs] 
2016-09-25T23:33:55.955-0400: 92.190: [Full GC (Ergonomics) [PSYoungGen: 88064K->11100K(175104K)] [ParOldGen: 524221K->522183K(524288K)] 612285K->533284K(699392K), [Metaspace: 43979K->43979K(1087488K)], 0.1651361 secs] [Times: user=2.35 sys=0.00, real=0.16 secs] 
2016-09-25T23:33:56.145-0400: 92.379: [Full GC (Ergonomics) [PSYoungGen: 88064K->15104K(175104K)] [ParOldGen: 522210K->522943K(524288K)] 610274K->538048K(699392K), [Metaspace: 43979K->43979K(1087488K)], 0.1654808 secs] [Times: user=2.37 sys=0.02, real=0.16 secs] 
2016-09-25T23:33:56.359-0400: 92.593: [Full GC (Ergonomics) [PSYoungGen: 88064K->2700K(175104K)] [ParOldGen: 522993K->522159K(524288K)] 611057K->524859K(699392K), [Metaspace: 43979K->43979K(1087488K)], 0.1538463 secs] [Times: user=2.24 sys=0.01, real=0.15 secs] 
2016-09-25T23:33:56.541-0400: 92.775: [Full GC (Ergonomics) [PSYoungGen: 88064K->17696K(175104K)] [ParOldGen: 522441K->521801K(524288K)] 610505K->539497K(699392K), [Metaspace: 43979K->43979K(1087488K)], 0.1460672 secs] [Times: user=2.16 sys=0.02, real=0.15 secs] 
2016-09-25T23:33:56.729-0400: 92.963: [Full GC (Ergonomics) [PSYoungGen: 88064K->2717K(175104K)] [ParOldGen: 523194K->523714K(524288K)] 611258K->526431K(699392K), [Metaspace: 43979K->43979K(1087488K)], 0.1481809 secs] [Times: user=2.16 sys=0.01, real=0.15 secs] 
2016-09-25T23:33:56.907-0400: 93.142: [Full GC (Ergonomics) [PSYoungGen: 88064K->19237K(175104K)] [ParOldGen: 524041K->521790K(524288K)] 612105K->541028K(699392K), [Metaspace: 43979K->43979K(1087488K)], 0.1502587 secs] [Times: user=2.19 sys=0.01, real=0.15 secs] 
2016-09-25T23:33:57.098-0400: 93.332: [Full GC (Ergonomics) [PSYoungGen: 88064K->8187K(175104K)] [ParOldGen: 521894K->522269K(524288K)] 609958K->530457K(699392K), [Metaspace: 43979K->43979K(1087488K)], 0.1531546 secs] [Times: user=2.22 sys=0.02, real=0.15 secs] 
2016-09-25T23:33:57.280-0400: 93.515: [Full GC (Ergonomics) [PSYoungGen: 87093K->13754K(175104K)] [ParOldGen: 523619K->523296K(524288K)] 610713K->537050K(699392K), [Metaspace: 43979K->43979K(1087488K)], 0.1500162 secs] [Times: user=2.22 sys=0.01, real=0.15 secs] 
2016-09-25T23:33:57.471-0400: 93.706: [Full GC (Ergonomics) [PSYoungGen: 88064K->4050K(175104K)] [ParOldGen: 523367K->522536K(524288K)] 611431K->526586K(699392K), [Metaspace: 43979K->43979K(1087488K)], 0.1546888 secs] [Times: user=2.26 sys=0.02, real=0.16 secs] 
2016-09-25T23:33:57.671-0400: 93.905: [Full GC (Ergonomics) [PSYoungGen: 88064K->15168K(175104K)] [ParOldGen: 523162K->523524K(524288K)] 611226K->538692K(699392K), [Metaspace: 43979K->43979K(1087488K)], 0.1553827 secs] [Times: user=2.21 sys=0.00, real=0.16 secs] 
2016-09-25T23:33:57.866-0400: 94.100: [Full GC (Ergonomics) [PSYoungGen: 88064K->15003K(175104K)] [ParOldGen: 523606K->523846K(524288K)] 611670K->538849K(699392K), [Metaspace: 43979K->43979K(1087488K)], 0.1661633 secs] [Times: user=2.13 sys=0.01, real=0.16 secs] 
2016-09-25T23:33:58.068-0400: 94.302: [Full GC (Ergonomics) [PSYoungGen: 86822K->16525K(175104K)] [ParOldGen: 523846K->523191K(524288K)] 610668K->539716K(699392K), [Metaspace: 43979K->43979K(1087488K)], 0.1674482 secs] [Times: user=2.49 sys=0.01, real=0.17 secs] 
2016-09-25T23:33:58.262-0400: 94.496: [Full GC (Ergonomics) [PSYoungGen: 88064K->20690K(175104K)] [ParOldGen: 523279K->522428K(524288K)] 611343K->543118K(699392K), [Metaspace: 43979K->43979K(1087488K)], 0.1525726 secs] [Times: user=2.25 sys=0.00, real=0.16 secs] 
2016-09-25T23:33:58.457-0400: 94.692: [Full GC (Ergonomics) [PSYoungGen: 88064K->12376K(175104K)] [ParOldGen: 522607K->523045K(524288K)] 610671K->535422K(699392K), [Metaspace: 43979K->43979K(1087488K)], 0.1563666 secs] [Times: user=2.28 sys=0.02, real=0.15 secs] 
2016-09-25T23:33:58.640-0400: 94.874: [Full GC (Ergonomics) [PSYoungGen: 88064K->20665K(175104K)] [ParOldGen: 523056K->523902K(524288K)] 611120K->544568K(699392K), [Metaspace: 43979K->43979K(1087488K)], 0.1542974 secs] [Times: user=2.22 sys=0.02, real=0.16 secs] 
2016-09-25T23:33:58.836-0400: 95.070: [Full GC (Ergonomics) [PSYoungGen: 88064K->4179K(175104K)] [ParOldGen: 523983K->524223K(524288K)] 612047K->528402K(699392K), [Metaspace: 43981K->43981K(1087488K)], 0.1451197 secs] [Times: user=2.09 sys=0.01, real=0.14 secs] 
2016-09-25T23:33:59.012-0400: 95.247: [Full GC (Ergonomics) [PSYoungGen: 86815K->15077K(175104K)] [ParOldGen: 524223K->521673K(524288K)] 611039K->536751K(699392K), [Metaspace: 43981K->43981K(1087488K)], 0.1536435 secs] [Times: user=2.26 sys=0.00, real=0.16 secs] 
2016-09-25T23:33:59.201-0400: 95.435: [Full GC (Ergonomics) [PSYoungGen: 88064K->16304K(175104K)] [ParOldGen: 521830K->524243K(524288K)] 609894K->540548K(699392K), [Metaspace: 43981K->43981K(1087488K)], 0.1564153 secs] [Times: user=2.28 sys=0.00, real=0.16 secs] 
2016-09-25T23:33:59.388-0400: 95.622: [Full GC (Ergonomics) [PSYoungGen: 88001K->21886K(175104K)] [ParOldGen: 524243K->523500K(524288K)] 612245K->545387K(699392K), [Metaspace: 43981K->43981K(1087488K)], 0.1577760 secs] [Times: user=2.31 sys=0.03, real=0.16 secs] 
2016-09-25T23:33:59.578-0400: 95.812: [Full GC (Ergonomics) [PSYoungGen: 87775K->20795K(175104K)] [ParOldGen: 523500K->523783K(524288K)] 611276K->544579K(699392K), [Metaspace: 43981K->43981K(1087488K)], 0.1693404 secs] [Times: user=2.01 sys=0.03, real=0.17 secs] 
2016-09-25T23:33:59.782-0400: 96.016: [Full GC (Ergonomics) [PSYoungGen: 88064K->20580K(175104K)] [ParOldGen: 523828K->524196K(524288K)] 611892K->544777K(699392K), [Metaspace: 43981K->43981K(1087488K)], 0.1605925 secs] [Times: user=2.38 sys=0.02, real=0.17 secs] 
2016-09-25T23:33:59.978-0400: 96.212: [Full GC (Ergonomics) [PSYoungGen: 87106K->11073K(175104K)] [ParOldGen: 524196K->522159K(524288K)] 611303K->533232K(699392K), [Metaspace: 43981K->43981K(1087488K)], 0.1569686 secs] [Times: user=2.32 sys=0.01, real=0.16 secs] 
2016-09-25T23:34:00.156-0400: 96.391: [Full GC (Ergonomics) [PSYoungGen: 88064K->27446K(175104K)] [ParOldGen: 523705K->523855K(524288K)] 611769K->551302K(699392K), [Metaspace: 43981K->43981K(1087488K)], 0.1541943 secs] [Times: user=2.30 sys=0.00, real=0.15 secs] 
2016-09-25T23:34:00.343-0400: 96.578: [Full GC (Ergonomics) [PSYoungGen: 88064K->12329K(175104K)] [ParOldGen: 524129K->521622K(524288K)] 612193K->533951K(699392K), [Metaspace: 43981K->43981K(1087488K)], 0.1428984 secs] [Times: user=2.09 sys=0.00, real=0.14 secs] 
2016-09-25T23:34:00.506-0400: 96.741: [Full GC (Ergonomics) [PSYoungGen: 88064K->25776K(175104K)] [ParOldGen: 522318K->523478K(524288K)] 610382K->549254K(699392K), [Metaspace: 43981K->43981K(1087488K)], 0.0769592 secs] [Times: user=0.93 sys=0.00, real=0.08 secs] 
2016-09-25T23:34:00.614-0400: 96.848: [Full GC (Ergonomics) [PSYoungGen: 87710K->13675K(175104K)] [ParOldGen: 523478K->523662K(524288K)] 611188K->537338K(699392K), [Metaspace: 43981K->43981K(1087488K)], 0.1455451 secs] [Times: user=2.12 sys=0.00, real=0.15 secs] 
2016-09-25T23:34:00.793-0400: 97.027: [Full GC (Ergonomics) [PSYoungGen: 88064K->23123K(175104K)] [ParOldGen: 523824K->523926K(524288K)] 611888K->547050K(699392K), [Metaspace: 43981K->43981K(1087488K)], 0.1529422 secs] [Times: user=2.26 sys=0.00, real=0.16 secs] 
2016-09-25T23:34:00.974-0400: 97.209: [Full GC (Ergonomics) [PSYoungGen: 88064K->18069K(175104K)] [ParOldGen: 524168K->524022K(524288K)] 612232K->542092K(699392K), [Metaspace: 43981K->43981K(1087488K)], 0.1611028 secs] [Times: user=2.35 sys=0.00, real=0.16 secs] 
2016-09-25T23:34:01.155-0400: 97.389: [Full GC (Ergonomics) [PSYoungGen: 88064K->28613K(175104K)] [ParOldGen: 524105K->523282K(524288K)] 612169K->551896K(699392K), [Metaspace: 43981K->43981K(1087488K)], 0.1568703 secs] [Times: user=2.30 sys=0.02, real=0.15 secs] 
2016-09-25T23:34:01.346-0400: 97.580: [Full GC (Ergonomics) [PSYoungGen: 88064K->15006K(175104K)] [ParOldGen: 523917K->523690K(524288K)] 611981K->538697K(699392K), [Metaspace: 43981K->43981K(1087488K)], 0.1505878 secs] [Times: user=2.22 sys=0.02, real=0.15 secs] 
2016-09-25T23:34:01.530-0400: 97.765: [Full GC (Ergonomics) [PSYoungGen: 87525K->17842K(175104K)] [ParOldGen: 523690K->524157K(524288K)] 611216K->541999K(699392K), [Metaspace: 43981K->43981K(1087488K)], 0.1833832 secs] [Times: user=2.70 sys=0.01, real=0.18 secs] 
2016-09-25T23:34:01.737-0400: 97.971: [Full GC (Ergonomics) [PSYoungGen: 88064K->38093K(175104K)] [ParOldGen: 524287K->521630K(524288K)] 612351K->559724K(699392K), [Metaspace: 43981K->43981K(1087488K)], 0.1696591 secs] [Times: user=2.05 sys=0.03, real=0.17 secs] 
2016-09-25T23:34:01.933-0400: 98.167: [Full GC (Ergonomics) [PSYoungGen: 88064K->17750K(175104K)] [ParOldGen: 521695K->523302K(524288K)] 609759K->541052K(699392K), [Metaspace: 43981K->43981K(1087488K)], 0.1552712 secs] [Times: user=2.31 sys=0.01, real=0.16 secs] 
2016-09-25T23:34:02.115-0400: 98.349: [Full GC (Ergonomics) [PSYoungGen: 88035K->27422K(175104K)] [ParOldGen: 523302K->522178K(524288K)] 611337K->549601K(699392K), [Metaspace: 43981K->43981K(1087488K)], 0.1591236 secs] [Times: user=2.38 sys=0.00, real=0.16 secs] 
2016-09-25T23:34:02.297-0400: 98.532: [Full GC (Ergonomics) [PSYoungGen: 88064K->28932K(175104K)] [ParOldGen: 522332K->523696K(524288K)] 610396K->552628K(699392K), [Metaspace: 43981K->43981K(1087488K)], 0.1521897 secs] [Times: user=2.22 sys=0.00, real=0.15 secs] 
2016-09-25T23:34:02.478-0400: 98.712: [Full GC (Ergonomics) [PSYoungGen: 88064K->30198K(175104K)] [ParOldGen: 523802K->522606K(524288K)] 611866K->552804K(699392K), [Metaspace: 43981K->43981K(1087488K)], 0.1591238 secs] [Times: user=2.32 sys=0.02, real=0.16 secs] 
2016-09-25T23:34:02.656-0400: 98.891: [Full GC (Ergonomics) [PSYoungGen: 88032K->30145K(175104K)] [ParOldGen: 522606K->523193K(524288K)] 610638K->553339K(699392K), [Metaspace: 43981K->43981K(1087488K)], 0.1585795 secs] [Times: user=2.27 sys=0.01, real=0.16 secs] 
2016-09-25T23:34:02.837-0400: 99.071: [Full GC (Ergonomics) [PSYoungGen: 88064K->33003K(175104K)] [ParOldGen: 523354K->523175K(524288K)] 611418K->556179K(699392K), [Metaspace: 43981K->43981K(1087488K)], 0.1530395 secs] [Times: user=2.25 sys=0.00, real=0.15 secs] 
2016-09-25T23:34:03.021-0400: 99.255: [Full GC (Ergonomics) [PSYoungGen: 88064K->17901K(175104K)] [ParOldGen: 523295K->522232K(524288K)] 611359K->540134K(699392K), [Metaspace: 43981K->43981K(1087488K)], 0.1590709 secs] [Times: user=2.24 sys=0.02, real=0.16 secs] 
2016-09-25T23:34:03.218-0400: 99.453: [Full GC (Ergonomics) [PSYoungGen: 86662K->23297K(175104K)] [ParOldGen: 522232K->522639K(524288K)] 608895K->545937K(699392K), [Metaspace: 43981K->43981K(1087488K)], 0.1662104 secs] [Times: user=2.37 sys=0.00, real=0.17 secs] 
2016-09-25T23:34:03.412-0400: 99.646: [Full GC (Ergonomics) [PSYoungGen: 87837K->28687K(175104K)] [ParOldGen: 522639K->522983K(524288K)] 610477K->551670K(699392K), [Metaspace: 43981K->43981K(1087488K)], 0.1590360 secs] [Times: user=2.23 sys=0.03, real=0.16 secs] 
2016-09-25T23:34:03.600-0400: 99.834: [Full GC (Ergonomics) [PSYoungGen: 87074K->19161K(175104K)] [ParOldGen: 522983K->521981K(524288K)] 610057K->541142K(699392K), [Metaspace: 43981K->43981K(1087488K)], 0.1567134 secs] [Times: user=2.30 sys=0.00, real=0.16 secs] 
2016-09-25T23:34:03.784-0400: 100.018: [Full GC (Ergonomics) [PSYoungGen: 88064K->27215K(175104K)] [ParOldGen: 522235K->522442K(524288K)] 610299K->549658K(699392K), [Metaspace: 43981K->43981K(1087488K)], 0.1562034 secs] [Times: user=2.31 sys=0.01, real=0.15 secs] 
2016-09-25T23:34:03.963-0400: 100.198: [Full GC (Ergonomics) [PSYoungGen: 88064K->25937K(175104K)] [ParOldGen: 522721K->523985K(524288K)] 610785K->549923K(699392K), [Metaspace: 43981K->43981K(1087488K)], 0.1567564 secs] [Times: user=2.29 sys=0.01, real=0.15 secs] 
2016-09-25T23:34:04.146-0400: 100.381: [Full GC (Ergonomics) [PSYoungGen: 88064K->20477K(175104K)] [ParOldGen: 524044K->524283K(524288K)] 612108K->544760K(699392K), [Metaspace: 43981K->43981K(1087488K)], 0.1697446 secs] [Times: user=2.50 sys=0.01, real=0.17 secs] 
2016-09-25T23:34:04.348-0400: 100.583: [Full GC (Ergonomics) [PSYoungGen: 88064K->24603K(175104K)] [ParOldGen: 524287K->523089K(524288K)] 612351K->547693K(699392K), [Metaspace: 43981K->43981K(1087488K)], 0.1499709 secs] [Times: user=2.20 sys=0.01, real=0.15 secs] 
2016-09-25T23:34:04.525-0400: 100.759: [Full GC (Ergonomics) [PSYoungGen: 88064K->25948K(175104K)] [ParOldGen: 523089K->522070K(524288K)] 611153K->548019K(699392K), [Metaspace: 43981K->43981K(1087488K)], 0.1572514 secs] [Times: user=2.30 sys=0.00, real=0.15 secs] 
2016-09-25T23:34:04.701-0400: 100.935: [Full GC (Ergonomics) [PSYoungGen: 88064K->39749K(175104K)] [ParOldGen: 522104K->522133K(524288K)] 610168K->561883K(699392K), [Metaspace: 43981K->43981K(1087488K)], 0.1553681 secs] [Times: user=2.27 sys=0.01, real=0.16 secs] 
2016-09-25T23:34:04.899-0400: 101.134: [Full GC (Ergonomics) [PSYoungGen: 88064K->19374K(175104K)] [ParOldGen: 522276K->523656K(524288K)] 610340K->543030K(699392K), [Metaspace: 43981K->43981K(1087488K)], 0.1628213 secs] [Times: user=2.34 sys=0.05, real=0.17 secs] 
2016-09-25T23:34:05.091-0400: 101.325: [Full GC (Ergonomics) [PSYoungGen: 88064K->16406K(175104K)] [ParOldGen: 523656K->523043K(524288K)] 611720K->539449K(699392K), [Metaspace: 43981K->43981K(1087488K)], 0.1344906 secs] [Times: user=1.85 sys=0.02, real=0.14 secs] 
2016-09-25T23:34:05.227-0400: 101.461: [Full GC (Ergonomics) [PSYoungGen: 19116K->19106K(175104K)] [ParOldGen: 523043K->523043K(524288K)] 542159K->542149K(699392K), [Metaspace: 43981K->43981K(1087488K)], 0.0598500 secs] [Times: user=0.57 sys=0.01, real=0.06 secs] 
2016-09-25T23:34:05.317-0400: 101.551: [Full GC (Ergonomics) [PSYoungGen: 88064K->20713K(175104K)] [ParOldGen: 523049K->521592K(524288K)] 611113K->542305K(699392K), [Metaspace: 43981K->43981K(1087488K)], 0.1569271 secs] [Times: user=2.30 sys=0.02, real=0.15 secs] 
2016-09-25T23:34:05.502-0400: 101.736: [Full GC (Ergonomics) [PSYoungGen: 86089K->28690K(175104K)] [ParOldGen: 521592K->523465K(524288K)] 607681K->552156K(699392K), [Metaspace: 43981K->43981K(1087488K)], 0.1571742 secs] [Times: user=2.36 sys=0.01, real=0.16 secs] 
2016-09-25T23:34:05.676-0400: 101.910: [Full GC (Ergonomics) [PSYoungGen: 87538K->35531K(175104K)] [ParOldGen: 523465K->523657K(524288K)] 611004K->559189K(699392K), [Metaspace: 43981K->43981K(1087488K)], 0.1344281 secs] [Times: user=1.90 sys=0.01, real=0.13 secs] 
2016-09-25T23:34:05.844-0400: 102.078: [Full GC (Ergonomics) [PSYoungGen: 87477K->15495K(175104K)] [ParOldGen: 523657K->523701K(524288K)] 611135K->539196K(699392K), [Metaspace: 43981K->43981K(1087488K)], 0.1590101 secs] [Times: user=2.32 sys=0.01, real=0.16 secs] 
2016-09-25T23:34:06.022-0400: 102.257: [Full GC (Ergonomics) [PSYoungGen: 88064K->32669K(175104K)] [ParOldGen: 523859K->524044K(524288K)] 611923K->556714K(699392K), [Metaspace: 43981K->43981K(1087488K)], 0.1549392 secs] [Times: user=2.18 sys=0.01, real=0.15 secs] 
2016-09-25T23:34:06.202-0400: 102.437: [Full GC (Ergonomics) [PSYoungGen: 88064K->25985K(175104K)] [ParOldGen: 524107K->524062K(524288K)] 612171K->550048K(699392K), [Metaspace: 43981K->43981K(1087488K)], 0.1548814 secs] [Times: user=2.28 sys=0.01, real=0.15 secs] 
2016-09-25T23:34:06.388-0400: 102.622: [Full GC (Ergonomics) [PSYoungGen: 86126K->27410K(175104K)] [ParOldGen: 524062K->523015K(524288K)] 610188K->550426K(699392K), [Metaspace: 43981K->43981K(1087488K)], 0.1529293 secs] [Times: user=2.21 sys=0.01, real=0.15 secs] 
2016-09-25T23:34:06.558-0400: 102.792: [Full GC (Ergonomics) [PSYoungGen: 87994K->35573K(175104K)] [ParOldGen: 523015K->523284K(524288K)] 611010K->558858K(699392K), [Metaspace: 43981K->43981K(1087488K)], 0.1730891 secs] [Times: user=2.56 sys=0.00, real=0.17 secs] 
2016-09-25T23:34:06.758-0400: 102.993: [Full GC (Ergonomics) [PSYoungGen: 88064K->28807K(175104K)] [ParOldGen: 523530K->522092K(524288K)] 611594K->550899K(699392K), [Metaspace: 43981K->43981K(1087488K)], 0.1587425 secs] [Times: user=2.28 sys=0.02, real=0.16 secs] 
2016-09-25T23:34:06.949-0400: 103.183: [Full GC (Ergonomics) [PSYoungGen: 88064K->24609K(175104K)] [ParOldGen: 523457K->523888K(524288K)] 611521K->548497K(699392K), [Metaspace: 43981K->43981K(1087488K)], 0.1651336 secs] [Times: user=2.27 sys=0.02, real=0.16 secs] 
2016-09-25T23:34:07.134-0400: 103.368: [Full GC (Ergonomics) [PSYoungGen: 88064K->36975K(175104K)] [ParOldGen: 524017K->523982K(524288K)] 612081K->560957K(699392K), [Metaspace: 43981K->43981K(1087488K)], 0.1603078 secs] [Times: user=2.31 sys=0.03, real=0.17 secs] 
2016-09-25T23:34:07.317-0400: 103.552: [Full GC (Ergonomics) [PSYoungGen: 88064K->30198K(175104K)] [ParOldGen: 524086K->524078K(524288K)] 612150K->554276K(699392K), [Metaspace: 43984K->43984K(1087488K)], 0.1587636 secs] [Times: user=2.30 sys=0.01, real=0.16 secs] 
2016-09-25T23:34:07.504-0400: 103.738: [Full GC (Ergonomics) [PSYoungGen: 88063K->28682K(175104K)] [ParOldGen: 524097K->523238K(524288K)] 612160K->551920K(699392K), [Metaspace: 43984K->43984K(1087488K)], 0.1512061 secs] [Times: user=2.25 sys=0.01, real=0.15 secs] 
2016-09-25T23:34:07.669-0400: 103.904: [Full GC (Ergonomics) [PSYoungGen: 87392K->35613K(175104K)] [ParOldGen: 523238K->523317K(524288K)] 610631K->558931K(699392K), [Metaspace: 43984K->43984K(1087488K)], 0.1596182 secs] [Times: user=2.36 sys=0.01, real=0.16 secs] 
2016-09-25T23:34:07.860-0400: 104.094: [Full GC (Ergonomics) [PSYoungGen: 87398K->16692K(175104K)] [ParOldGen: 523317K->522148K(524288K)] 610715K->538841K(699392K), [Metaspace: 43984K->43984K(1087488K)], 0.1596204 secs] [Times: user=2.35 sys=0.02, real=0.16 secs] 
2016-09-25T23:34:08.049-0400: 104.283: [Full GC (Ergonomics) [PSYoungGen: 88064K->28792K(175104K)] [ParOldGen: 523548K->522555K(524288K)] 611612K->551347K(699392K), [Metaspace: 43984K->43984K(1087488K)], 0.1642512 secs] [Times: user=2.24 sys=0.02, real=0.16 secs] 
2016-09-25T23:34:08.235-0400: 104.469: [Full GC (Ergonomics) [PSYoungGen: 86178K->32943K(175104K)] [ParOldGen: 522555K->522602K(524288K)] 608734K->555546K(699392K), [Metaspace: 43984K->43984K(1087488K)], 0.1592193 secs] [Times: user=2.35 sys=0.01, real=0.15 secs] 
2016-09-25T23:34:08.422-0400: 104.656: [Full GC (Ergonomics) [PSYoungGen: 88064K->33118K(175104K)] [ParOldGen: 522663K->522733K(524288K)] 610727K->555851K(699392K), [Metaspace: 43995K->43995K(1087488K)], 0.1536797 secs] [Times: user=2.22 sys=0.01, real=0.16 secs] 
2016-09-25T23:34:08.602-0400: 104.837: [Full GC (Ergonomics) [PSYoungGen: 88064K->34226K(175104K)] [ParOldGen: 522910K->521758K(524288K)] 610974K->555985K(699392K), [Metaspace: 43995K->43995K(1087488K)], 0.1544122 secs] [Times: user=2.19 sys=0.00, real=0.15 secs] 
2016-09-25T23:34:08.779-0400: 105.013: [Full GC (Ergonomics) [PSYoungGen: 86641K->32862K(175104K)] [ParOldGen: 521758K->523368K(524288K)] 608399K->556231K(699392K), [Metaspace: 43995K->43995K(1087488K)], 0.1628142 secs] [Times: user=2.24 sys=0.01, real=0.16 secs] 
2016-09-25T23:34:08.972-0400: 105.206: [Full GC (Ergonomics) [PSYoungGen: 87920K->22143K(175104K)] [ParOldGen: 523368K->522105K(524288K)] 611289K->544248K(699392K), [Metaspace: 43995K->43995K(1087488K)], 0.1495175 secs] [Times: user=2.20 sys=0.02, real=0.15 secs] 
2016-09-25T23:34:09.144-0400: 105.378: [Full GC (Ergonomics) [PSYoungGen: 88064K->31829K(175104K)] [ParOldGen: 522236K->522164K(524288K)] 610300K->553993K(699392K), [Metaspace: 43995K->43995K(1087488K)], 0.1532616 secs] [Times: user=2.26 sys=0.01, real=0.15 secs] 
2016-09-25T23:34:09.321-0400: 105.555: [Full GC (Ergonomics) [PSYoungGen: 86696K->32925K(175104K)] [ParOldGen: 522164K->524001K(524288K)] 608861K->556927K(699392K), [Metaspace: 43995K->43995K(1087488K)], 0.1558014 secs] [Times: user=2.31 sys=0.00, real=0.16 secs] 
2016-09-25T23:34:09.501-0400: 105.736: [Full GC (Ergonomics) [PSYoungGen: 86932K->24918K(175104K)] [ParOldGen: 524001K->522885K(524288K)] 610933K->547804K(699392K), [Metaspace: 43995K->43995K(1087488K)], 0.1589764 secs] [Times: user=2.38 sys=0.01, real=0.16 secs] 
2016-09-25T23:34:09.683-0400: 105.918: [Full GC (Ergonomics) [PSYoungGen: 87600K->38504K(175104K)] [ParOldGen: 522885K->521638K(524288K)] 610486K->560142K(699392K), [Metaspace: 43995K->43995K(1087488K)], 0.1581427 secs] [Times: user=2.33 sys=0.00, real=0.15 secs] 
2016-09-25T23:34:09.867-0400: 106.101: [Full GC (Ergonomics) [PSYoungGen: 88064K->34324K(175104K)] [ParOldGen: 521846K->523263K(524288K)] 609910K->557588K(699392K), [Metaspace: 43995K->43995K(1087488K)], 0.1428496 secs] [Times: user=2.03 sys=0.02, real=0.14 secs] 
2016-09-25T23:34:10.030-0400: 106.264: [Full GC (Ergonomics) [PSYoungGen: 88064K->24648K(175104K)] [ParOldGen: 523263K->522489K(524288K)] 611327K->547138K(699392K), [Metaspace: 43995K->43995K(1087488K)], 0.1618227 secs] [Times: user=2.39 sys=0.01, real=0.16 secs] 
2016-09-25T23:34:10.211-0400: 106.445: [Full GC (Ergonomics) [PSYoungGen: 87354K->32971K(175104K)] [ParOldGen: 522489K->523887K(524288K)] 609843K->556858K(699392K), [Metaspace: 43995K->43995K(1087488K)], 0.1608720 secs] [Times: user=2.33 sys=0.01, real=0.16 secs] 
2016-09-25T23:34:10.396-0400: 106.631: [Full GC (Ergonomics) [PSYoungGen: 87899K->31548K(175104K)] [ParOldGen: 523887K->524053K(524288K)] 611786K->555601K(699392K), [Metaspace: 43995K->43995K(1087488K)], 0.1572886 secs] [Times: user=2.32 sys=0.00, real=0.15 secs] 
2016-09-25T23:34:10.582-0400: 106.816: [Full GC (Ergonomics) [PSYoungGen: 86857K->30355K(175104K)] [ParOldGen: 524053K->524181K(524288K)] 610910K->554537K(699392K), [Metaspace: 43995K->43995K(1087488K)], 0.1576278 secs] [Times: user=2.31 sys=0.01, real=0.16 secs] 
2016-09-25T23:34:10.767-0400: 107.001: [Full GC (Ergonomics) [PSYoungGen: 87763K->31536K(175104K)] [ParOldGen: 524181K->523282K(524288K)] 611945K->554819K(699392K), [Metaspace: 43995K->43995K(1087488K)], 0.1644582 secs] [Times: user=2.28 sys=0.00, real=0.16 secs] 
2016-09-25T23:34:10.955-0400: 107.189: [Full GC (Ergonomics) [PSYoungGen: 88064K->31710K(175104K)] [ParOldGen: 523420K->523301K(524288K)] 611484K->555012K(699392K), [Metaspace: 43995K->43995K(1087488K)], 0.1610710 secs] [Times: user=2.32 sys=0.02, real=0.16 secs] 
2016-09-25T23:34:11.140-0400: 107.374: [Full GC (Ergonomics) [PSYoungGen: 88064K->39791K(175104K)] [ParOldGen: 523469K->522204K(524288K)] 611533K->561996K(699392K), [Metaspace: 43995K->43995K(1087488K)], 0.1518476 secs] [Times: user=2.17 sys=0.01, real=0.15 secs] 
2016-09-25T23:34:11.308-0400: 107.543: [Full GC (Ergonomics) [PSYoungGen: 86578K->34267K(175104K)] [ParOldGen: 522204K->523907K(524288K)] 608783K->558175K(699392K), [Metaspace: 43995K->43995K(1087488K)], 0.1575638 secs] [Times: user=2.28 sys=0.00, real=0.16 secs] 
2016-09-25T23:34:11.482-0400: 107.717: [Full GC (Ergonomics) [PSYoungGen: 87255K->37048K(175104K)] [ParOldGen: 523907K->524066K(524288K)] 611162K->561114K(699392K), [Metaspace: 43995K->43995K(1087488K)], 0.1552133 secs] [Times: user=2.27 sys=0.01, real=0.15 secs] 
2016-09-25T23:34:11.660-0400: 107.895: [Full GC (Ergonomics) [PSYoungGen: 86932K->35875K(175104K)] [ParOldGen: 524066K->524141K(524288K)] 610998K->560016K(699392K), [Metaspace: 43995K->43995K(1087488K)], 0.1570823 secs] [Times: user=2.32 sys=0.00, real=0.16 secs] 
2016-09-25T23:34:11.843-0400: 108.077: [Full GC (Ergonomics) [PSYoungGen: 85587K->30306K(175104K)] [ParOldGen: 524141K->521748K(524288K)] 609728K->552054K(699392K), [Metaspace: 43995K->43995K(1087488K)], 0.1587909 secs] [Times: user=2.27 sys=0.00, real=0.15 secs] 
2016-09-25T23:34:12.026-0400: 108.260: [Full GC (Ergonomics) [PSYoungGen: 87602K->35812K(175104K)] [ParOldGen: 523098K->523318K(524288K)] 610700K->559131K(699392K), [Metaspace: 43995K->43995K(1087488K)], 0.1653823 secs] [Times: user=2.20 sys=0.02, real=0.16 secs] 
2016-09-25T23:34:12.215-0400: 108.449: [Full GC (Ergonomics) [PSYoungGen: 87184K->31661K(175104K)] [ParOldGen: 523318K->523600K(524288K)] 610503K->555261K(699392K), [Metaspace: 43995K->43995K(1087488K)], 0.1603922 secs] [Times: user=2.25 sys=0.02, real=0.16 secs] 
2016-09-25T23:34:12.401-0400: 108.635: [Full GC (Ergonomics) [PSYoungGen: 88064K->34353K(175104K)] [ParOldGen: 523785K->523740K(524288K)] 611849K->558093K(699392K), [Metaspace: 43995K->43995K(1087488K)], 0.1651202 secs] [Times: user=2.28 sys=0.01, real=0.17 secs] 
2016-09-25T23:34:12.604-0400: 108.838: [Full GC (Ergonomics) [PSYoungGen: 88064K->26237K(175104K)] [ParOldGen: 523740K->522819K(524288K)] 611804K->549056K(699392K), [Metaspace: 43995K->43995K(1087488K)], 0.0784233 secs] [Times: user=0.80 sys=0.01, real=0.08 secs] 
2016-09-25T23:34:12.711-0400: 108.945: [Full GC (Ergonomics) [PSYoungGen: 88064K->46450K(175104K)] [ParOldGen: 522842K->523038K(524288K)] 610906K->569489K(699392K), [Metaspace: 43995K->43995K(1087488K)], 0.1641215 secs] [Times: user=2.09 sys=0.01, real=0.17 secs] 
2016-09-25T23:34:12.899-0400: 109.133: [Full GC (Ergonomics) [PSYoungGen: 88064K->33139K(175104K)] [ParOldGen: 523133K->522924K(524288K)] 611197K->556063K(699392K), [Metaspace: 43995K->43995K(1087488K)], 0.1634688 secs] [Times: user=2.19 sys=0.01, real=0.17 secs] 
2016-09-25T23:34:13.093-0400: 109.327: [Full GC (Ergonomics) [PSYoungGen: 87506K->41245K(175104K)] [ParOldGen: 522924K->523342K(524288K)] 610430K->564588K(699392K), [Metaspace: 43995K->43995K(1087488K)], 0.1565681 secs] [Times: user=2.17 sys=0.01, real=0.16 secs] 
2016-09-25T23:34:13.280-0400: 109.515: [Full GC (Ergonomics) [PSYoungGen: 87735K->35898K(175104K)] [ParOldGen: 523342K->523496K(524288K)] 611077K->559395K(699392K), [Metaspace: 43995K->43995K(1087488K)], 0.1629251 secs] [Times: user=2.10 sys=0.01, real=0.17 secs] 
2016-09-25T23:34:13.464-0400: 109.698: [Full GC (Ergonomics) [PSYoungGen: 87412K->38739K(175104K)] [ParOldGen: 523496K->523662K(524288K)] 610909K->562401K(699392K), [Metaspace: 43995K->43995K(1087488K)], 0.1741187 secs] [Times: user=2.22 sys=0.01, real=0.17 secs] 
2016-09-25T23:34:13.655-0400: 109.889: [Full GC (Ergonomics) [PSYoungGen: 87512K->43904K(175104K)] [ParOldGen: 523662K->524139K(524288K)] 611175K->568044K(699392K), [Metaspace: 43995K->43995K(1087488K)], 0.1644056 secs] [Times: user=1.95 sys=0.03, real=0.16 secs] 
2016-09-25T23:34:13.850-0400: 110.084: [Full GC (Ergonomics) [PSYoungGen: 87799K->38637K(175104K)] [ParOldGen: 524139K->524106K(524288K)] 611938K->562743K(699392K), [Metaspace: 43995K->43995K(1087488K)], 0.1715611 secs] [Times: user=2.51 sys=0.00, real=0.17 secs] 
2016-09-25T23:34:14.043-0400: 110.277: [Full GC (Ergonomics) [PSYoungGen: 87437K->37385K(175104K)] [ParOldGen: 524106K->523079K(524288K)] 611543K->560464K(699392K), [Metaspace: 43995K->43995K(1087488K)], 0.1697917 secs] [Times: user=2.53 sys=0.01, real=0.16 secs] 
2016-09-25T23:34:14.233-0400: 110.467: [Full GC (Ergonomics) [PSYoungGen: 88001K->42782K(175104K)] [ParOldGen: 523079K->523564K(524288K)] 611080K->566347K(699392K), [Metaspace: 43995K->43995K(1087488K)], 0.1567447 secs] [Times: user=2.25 sys=0.01, real=0.16 secs] 
2016-09-25T23:34:14.423-0400: 110.657: [Full GC (Ergonomics) [PSYoungGen: 88064K->41385K(175104K)] [ParOldGen: 523649K->522167K(524288K)] 611713K->563552K(699392K), [Metaspace: 43996K->43996K(1087488K)], 0.1602992 secs] [Times: user=2.34 sys=0.02, real=0.16 secs] 
2016-09-25T23:34:14.613-0400: 110.847: [Full GC (Ergonomics) [PSYoungGen: 88064K->37163K(175104K)] [ParOldGen: 523582K->524011K(524288K)] 611646K->561174K(699392K), [Metaspace: 43996K->43996K(1087488K)], 0.1656908 secs] [Times: user=2.41 sys=0.01, real=0.17 secs] 
2016-09-25T23:34:14.801-0400: 111.035: [Full GC (Ergonomics) [PSYoungGen: 88064K->44035K(175104K)] [ParOldGen: 524011K->522937K(524288K)] 612075K->566972K(699392K), [Metaspace: 43997K->43997K(1087488K)], 0.1494922 secs] [Times: user=1.57 sys=0.01, real=0.15 secs] 
2016-09-25T23:34:14.952-0400: 111.186: [Full GC (Ergonomics) [PSYoungGen: 49589K->49437K(175104K)] [ParOldGen: 522937K->522934K(524288K)] 572526K->572372K(699392K), [Metaspace: 43997K->43997K(1087488K)], 0.0587551 secs] [Times: user=0.46 sys=0.00, real=0.06 secs] 
2016-09-25T23:34:15.033-0400: 111.268: [Full GC (Ergonomics) [PSYoungGen: 88064K->50995K(175104K)] [ParOldGen: 522961K->521631K(524288K)] 611025K->572626K(699392K), [Metaspace: 43999K->43999K(1087488K)], 0.1825796 secs] [Times: user=2.18 sys=0.04, real=0.19 secs] 
2016-09-25T23:34:15.243-0400: 111.477: [Full GC (Ergonomics) [PSYoungGen: 88064K->35954K(175104K)] [ParOldGen: 521712K->523150K(524288K)] 609776K->559104K(699392K), [Metaspace: 43999K->43999K(1087488K)], 0.1809756 secs] [Times: user=2.51 sys=0.02, real=0.18 secs] 
2016-09-25T23:34:15.446-0400: 111.680: [Full GC (Ergonomics) [PSYoungGen: 87455K->42905K(175104K)] [ParOldGen: 523150K->522180K(524288K)] 610605K->565085K(699392K), [Metaspace: 43999K->43999K(1087488K)], 0.1619140 secs] [Times: user=2.12 sys=0.03, real=0.16 secs] 
2016-09-25T23:34:15.625-0400: 111.859: [Full GC (Ergonomics) [PSYoungGen: 88064K->48302K(175104K)] [ParOldGen: 522373K->522272K(524288K)] 610437K->570574K(699392K), [Metaspace: 43999K->43999K(1087488K)], 0.1729178 secs] [Times: user=2.48 sys=0.01, real=0.17 secs] 
2016-09-25T23:34:15.823-0400: 112.057: [Full GC (Ergonomics) [PSYoungGen: 88064K->41273K(175104K)] [ParOldGen: 522298K->522806K(524288K)] 610362K->564080K(699392K), [Metaspace: 43999K->43999K(1087488K)], 0.1651303 secs] [Times: user=2.11 sys=0.02, real=0.16 secs] 
2016-09-25T23:34:16.016-0400: 112.250: [Full GC (Ergonomics) [PSYoungGen: 88064K->37379K(175104K)] [ParOldGen: 522964K->522730K(524288K)] 611028K->560110K(699392K), [Metaspace: 44000K->44000K(1087488K)], 0.1747463 secs] [Times: user=2.36 sys=0.00, real=0.17 secs] 
2016-09-25T23:34:16.223-0400: 112.458: [Full GC (Ergonomics) [PSYoungGen: 88064K->41573K(175104K)] [ParOldGen: 524088K->524249K(524288K)] 612152K->565822K(699392K), [Metaspace: 44000K->44000K(1087488K)], 0.1811376 secs] [Times: user=2.71 sys=0.02, real=0.18 secs] 
2016-09-25T23:34:16.429-0400: 112.664: [Full GC (Ergonomics) [PSYoungGen: 85523K->41668K(175104K)] [ParOldGen: 524249K->523949K(524288K)] 609772K->565617K(699392K), [Metaspace: 44000K->44000K(1087488K)], 0.1808048 secs] [Times: user=2.62 sys=0.01, real=0.18 secs] 
2016-09-25T23:34:16.635-0400: 112.869: [Full GC (Ergonomics) [PSYoungGen: 87933K->34900K(175104K)] [ParOldGen: 523949K->522907K(524288K)] 611882K->557808K(699392K), [Metaspace: 44000K->44000K(1087488K)], 0.1729956 secs] [Times: user=2.23 sys=0.01, real=0.17 secs] 
2016-09-25T23:34:16.839-0400: 113.074: [Full GC (Ergonomics) [PSYoungGen: 88064K->27958K(175104K)] [ParOldGen: 523155K->523528K(524288K)] 611219K->551486K(699392K), [Metaspace: 44000K->44000K(1087488K)], 0.1893367 secs] [Times: user=2.54 sys=0.02, real=0.19 secs] 
2016-09-25T23:34:17.030-0400: 113.264: [Full GC (Ergonomics) [PSYoungGen: 36072K->36058K(175104K)] [ParOldGen: 523528K->523528K(524288K)] 559601K->559586K(699392K), [Metaspace: 44000K->44000K(1087488K)], 0.0576721 secs] [Times: user=0.53 sys=0.00, real=0.06 secs] 
2016-09-25T23:34:17.116-0400: 113.350: [Full GC (Ergonomics) [PSYoungGen: 85779K->42946K(175104K)] [ParOldGen: 523528K->523140K(524288K)] 609308K->566087K(699392K), [Metaspace: 44000K->44000K(1087488K)], 0.2098089 secs] [Times: user=2.30 sys=0.00, real=0.21 secs] 
2016-09-25T23:34:17.349-0400: 113.584: [Full GC (Ergonomics) [PSYoungGen: 85935K->42795K(175104K)] [ParOldGen: 523140K->523594K(524288K)] 609076K->566389K(699392K), [Metaspace: 44000K->44000K(1087488K)], 0.1319314 secs] [Times: user=1.80 sys=0.02, real=0.13 secs] 
2016-09-25T23:34:17.503-0400: 113.737: [Full GC (Ergonomics) [PSYoungGen: 85672K->41440K(175104K)] [ParOldGen: 523594K->523961K(524288K)] 609267K->565401K(699392K), [Metaspace: 44000K->44000K(1087488K)], 0.1607881 secs] [Times: user=2.19 sys=0.02, real=0.16 secs] 
2016-09-25T23:34:17.691-0400: 113.925: [Full GC (Ergonomics) [PSYoungGen: 88064K->51045K(175104K)] [ParOldGen: 524116K->523538K(524288K)] 612180K->574583K(699392K), [Metaspace: 44000K->44000K(1087488K)], 0.1772829 secs] [Times: user=2.43 sys=0.02, real=0.18 secs] 
2016-09-25T23:34:17.887-0400: 114.121: [Full GC (Ergonomics) [PSYoungGen: 86252K->41466K(175104K)] [ParOldGen: 523538K->523845K(524288K)] 609791K->565312K(699392K), [Metaspace: 44000K->44000K(1087488K)], 0.1563247 secs] [Times: user=2.16 sys=0.01, real=0.16 secs] 
2016-09-25T23:34:18.060-0400: 114.294: [Full GC (Ergonomics) [PSYoungGen: 88064K->51126K(175104K)] [ParOldGen: 523888K->522308K(524288K)] 611952K->573435K(699392K), [Metaspace: 44000K->44000K(1087488K)], 0.1675907 secs] [Times: user=1.92 sys=0.02, real=0.17 secs] 
2016-09-25T23:34:18.251-0400: 114.486: [Full GC (Ergonomics) [PSYoungGen: 88064K->37767K(175104K)] [ParOldGen: 523882K->523946K(524288K)] 611946K->561713K(699392K), [Metaspace: 44000K->44000K(1087488K)], 0.1684827 secs] [Times: user=2.37 sys=0.01, real=0.17 secs] 
2016-09-25T23:34:18.460-0400: 114.695: [Full GC (Ergonomics) [PSYoungGen: 86300K->36086K(175104K)] [ParOldGen: 523946K->523743K(524288K)] 610246K->559829K(699392K), [Metaspace: 44002K->44002K(1087488K)], 0.1973450 secs] [Times: user=2.57 sys=0.01, real=0.20 secs] 
2016-09-25T23:34:18.689-0400: 114.923: [Full GC (Ergonomics) [PSYoungGen: 88064K->39092K(175104K)] [ParOldGen: 524263K->523516K(524288K)] 612327K->562608K(699392K), [Metaspace: 44002K->44002K(1087488K)], 0.1819368 secs] [Times: user=2.70 sys=0.01, real=0.18 secs] 
2016-09-25T23:34:18.895-0400: 115.129: [Full GC (Ergonomics) [PSYoungGen: 86067K->42893K(175104K)] [ParOldGen: 523516K->524036K(524288K)] 609583K->566929K(699392K), [Metaspace: 44009K->44009K(1087488K)], 0.1952481 secs] [Times: user=2.79 sys=0.02, real=0.19 secs] 
2016-09-25T23:34:19.113-0400: 115.347: [Full GC (Ergonomics) [PSYoungGen: 87666K->41715K(175104K)] [ParOldGen: 524036K->523919K(524288K)] 611702K->565634K(699392K), [Metaspace: 44010K->44010K(1087488K)], 0.1692373 secs] [Times: user=2.59 sys=0.01, real=0.18 secs] 
2016-09-25T23:34:19.312-0400: 115.547: [Full GC (Ergonomics) [PSYoungGen: 88064K->37388K(175104K)] [ParOldGen: 523939K->522833K(524288K)] 612003K->560221K(699392K), [Metaspace: 44010K->44010K(1087488K)], 0.1421217 secs] [Times: user=2.00 sys=0.01, real=0.15 secs] 
2016-09-25T23:34:19.480-0400: 115.714: [Full GC (Ergonomics) [PSYoungGen: 88064K->43041K(175104K)] [ParOldGen: 524261K->523563K(524288K)] 612325K->566604K(699392K), [Metaspace: 44010K->44010K(1087488K)], 0.1713758 secs] [Times: user=2.62 sys=0.00, real=0.17 secs] 
2016-09-25T23:34:19.670-0400: 115.904: [Full GC (Ergonomics) [PSYoungGen: 86311K->42982K(175104K)] [ParOldGen: 523563K->523678K(524288K)] 609874K->566661K(699392K), [Metaspace: 44010K->44010K(1087488K)], 0.1725540 secs] [Times: user=2.40 sys=0.02, real=0.18 secs] 
2016-09-25T23:34:19.867-0400: 116.102: [Full GC (Ergonomics) [PSYoungGen: 88064K->38902K(175104K)] [ParOldGen: 523760K->523510K(524288K)] 611824K->562413K(699392K), [Metaspace: 44010K->44010K(1087488K)], 0.1663624 secs] [Times: user=2.49 sys=0.02, real=0.16 secs] 
2016-09-25T23:34:20.053-0400: 116.288: [Full GC (Ergonomics) [PSYoungGen: 88064K->43149K(175104K)] [ParOldGen: 523732K->523561K(524288K)] 611796K->566711K(699392K), [Metaspace: 44041K->44041K(1087488K)], 0.1947440 secs] [Times: user=2.97 sys=0.02, real=0.20 secs] 
2016-09-25T23:34:21.558-0400: 117.792: [Full GC (Ergonomics) [PSYoungGen: 88064K->0K(175104K)] [ParOldGen: 523562K->510585K(524288K)] 611626K->510585K(699392K), [Metaspace: 44052K->44048K(1087488K)], 0.1415764 secs] [Times: user=1.36 sys=0.01, real=0.14 secs] 
2016-09-25T23:34:26.708-0400: 122.942: [Full GC (Ergonomics) [PSYoungGen: 88064K->0K(175104K)] [ParOldGen: 510585K->509391K(524288K)] 598649K->509391K(699392K), [Metaspace: 44110K->44110K(1087488K)], 0.0944922 secs] [Times: user=0.93 sys=0.02, real=0.10 secs] 
2016-09-25T23:34:31.006-0400: 127.240: [Full GC (Ergonomics) [PSYoungGen: 88064K->0K(175104K)] [ParOldGen: 509391K->514826K(524288K)] 597455K->514826K(699392K), [Metaspace: 44116K->44116K(1087488K)], 0.1242392 secs] [Times: user=1.03 sys=0.02, real=0.12 secs] 
2016-09-25T23:34:36.036-0400: 132.270: [Full GC (Ergonomics) [PSYoungGen: 88064K->0K(175104K)] [ParOldGen: 514826K->516902K(524288K)] 602890K->516902K(699392K), [Metaspace: 44122K->44122K(1087488K)], 0.1081025 secs] [Times: user=0.87 sys=0.02, real=0.11 secs] 
2016-09-25T23:34:40.758-0400: 136.993: [Full GC (Ergonomics) [PSYoungGen: 88064K->0K(175104K)] [ParOldGen: 516902K->518117K(524288K)] 604966K->518117K(699392K), [Metaspace: 44130K->44130K(1087488K)], 0.1837396 secs] [Times: user=1.86 sys=0.02, real=0.19 secs] 
2016-09-25T23:34:45.592-0400: 141.826: [Full GC (Ergonomics) [PSYoungGen: 88064K->0K(175104K)] [ParOldGen: 518117K->520287K(524288K)] 606181K->520287K(699392K), [Metaspace: 44144K->44144K(1087488K)], 0.1208057 secs] [Times: user=1.08 sys=0.02, real=0.12 secs] 
