Java HotSpot(TM) 64-Bit Server VM (25.101-b13) for linux-amd64 JRE (1.8.0_101-b13), built on Jun 22 2016 02:59:44 by "java_re" with gcc 4.3.0 20080428 (Red Hat 4.3.0-8)
Memory: 4k page, physical 264122320k(96080480k free), swap 268399612k(268399612k free)
CommandLine flags: -XX:GCLogFileSize=1048576 -XX:+HeapDumpOnOutOfMemoryError -XX:HeapDumpPath=artifacts/heapdump -XX:InitialHeapSize=805306368 -XX:MaxHeapSize=805306368 -XX:NumberOfGCLogFiles=10 -XX:+PrintGC -XX:+PrintGCDateStamps -XX:+PrintGCDetails -XX:+PrintGCTimeStamps -XX:+UseCompressedClassPointers -XX:+UseCompressedOops -XX:+UseGCLogFileRotation -XX:+UseParallelGC 
2016-09-25T22:10:51.439-0400: 2.180: [GC (Metadata GC Threshold) [PSYoungGen: 125830K->15464K(229376K)] 125830K->15544K(753664K), 0.0182382 secs] [Times: user=0.08 sys=0.02, real=0.02 secs] 
2016-09-25T22:10:51.457-0400: 2.198: [Full GC (Metadata GC Threshold) [PSYoungGen: 15464K->0K(229376K)] [ParOldGen: 80K->14600K(357376K)] 15544K->14600K(586752K), [Metaspace: 21076K->21076K(1067008K)], 0.0510018 secs] [Times: user=0.43 sys=0.04, real=0.05 secs] 
2016-09-25T22:10:53.296-0400: 4.037: [GC (Metadata GC Threshold) [PSYoungGen: 121512K->15025K(229376K)] 136113K->29762K(586752K), 0.0180425 secs] [Times: user=0.18 sys=0.02, real=0.01 secs] 
2016-09-25T22:10:53.314-0400: 4.055: [Full GC (Metadata GC Threshold) [PSYoungGen: 15025K->0K(229376K)] [ParOldGen: 14736K->20588K(524288K)] 29762K->20588K(753664K), [Metaspace: 34990K->34990K(1079296K)], 0.0572938 secs] [Times: user=0.53 sys=0.03, real=0.05 secs] 
2016-09-25T22:10:54.993-0400: 5.734: [GC (GCLocker Initiated GC) [PSYoungGen: 195879K->32740K(229376K)] 219167K->80675K(753664K), 0.0123567 secs] [Times: user=0.19 sys=0.01, real=0.02 secs] 
2016-09-25T22:10:55.297-0400: 6.038: [GC (GCLocker Initiated GC) [PSYoungGen: 229348K->30481K(229376K)] 285416K->89257K(753664K), 0.0068516 secs] [Times: user=0.09 sys=0.00, real=0.01 secs] 
2016-09-25T22:10:55.427-0400: 6.167: [GC (GCLocker Initiated GC) [PSYoungGen: 227089K->31003K(227840K)] 300785K->129007K(752128K), 0.0084474 secs] [Times: user=0.11 sys=0.01, real=0.01 secs] 
2016-09-25T22:10:55.549-0400: 6.290: [GC (GCLocker Initiated GC) [PSYoungGen: 227611K->33890K(201216K)] 335117K->171104K(725504K), 0.0076359 secs] [Times: user=0.10 sys=0.01, real=0.01 secs] 
2016-09-25T22:10:55.645-0400: 6.386: [GC (GCLocker Initiated GC) [PSYoungGen: 200802K->47609K(214528K)] 338064K->219980K(738816K), 0.0092209 secs] [Times: user=0.14 sys=0.01, real=0.01 secs] 
2016-09-25T22:10:55.740-0400: 6.481: [GC (GCLocker Initiated GC) [PSYoungGen: 214521K->45141K(196096K)] 389796K->282593K(720384K), 0.0100409 secs] [Times: user=0.15 sys=0.01, real=0.01 secs] 
2016-09-25T22:10:55.817-0400: 6.558: [GC (GCLocker Initiated GC) [PSYoungGen: 193621K->55545K(204288K)] 437886K->351771K(728576K), 0.0081731 secs] [Times: user=0.07 sys=0.06, real=0.01 secs] 
2016-09-25T22:10:55.892-0400: 6.633: [GC (GCLocker Initiated GC) [PSYoungGen: 204025K->57831K(161280K)] 511080K->395263K(685568K), 0.0096584 secs] [Times: user=0.15 sys=0.01, real=0.02 secs] 
2016-09-25T22:10:55.945-0400: 6.685: [GC (GCLocker Initiated GC) [PSYoungGen: 161255K->72553K(176128K)] 498729K->432133K(700416K), 0.0085448 secs] [Times: user=0.11 sys=0.03, real=0.00 secs] 
2016-09-25T22:10:56.001-0400: 6.742: [GC (GCLocker Initiated GC) [PSYoungGen: 175977K->65554K(174080K)] 538413K->447328K(698368K), 0.0079767 secs] [Times: user=0.10 sys=0.00, real=0.01 secs] 
2016-09-25T22:10:56.053-0400: 6.794: [GC (GCLocker Initiated GC) [PSYoungGen: 153618K->64300K(175104K)] 540881K->465336K(699392K), 0.0073094 secs] [Times: user=0.10 sys=0.00, real=0.01 secs] 
2016-09-25T22:10:56.105-0400: 6.846: [GC (GCLocker Initiated GC) [PSYoungGen: 152364K->66936K(175104K)] 558890K->506126K(699392K), 0.0091669 secs] [Times: user=0.11 sys=0.03, real=0.00 secs] 
2016-09-25T22:10:56.160-0400: 6.901: [GC (GCLocker Initiated GC) [PSYoungGen: 155000K->56135K(175104K)] 595459K->525201K(699392K), 0.0080230 secs] [Times: user=0.13 sys=0.00, real=0.01 secs] 
2016-09-25T22:10:56.168-0400: 6.909: [Full GC (Ergonomics) [PSYoungGen: 56135K->0K(175104K)] [ParOldGen: 469065K->48448K(524288K)] 525201K->48448K(699392K), [Metaspace: 42817K->42802K(1085440K)], 0.1919002 secs] [Times: user=2.91 sys=0.01, real=0.19 secs] 
2016-09-25T22:10:56.402-0400: 7.142: [GC (GCLocker Initiated GC) [PSYoungGen: 88064K->64332K(175104K)] 139280K->115556K(699392K), 0.0105734 secs] [Times: user=0.16 sys=0.00, real=0.01 secs] 
2016-09-25T22:10:56.456-0400: 7.197: [GC (GCLocker Initiated GC) [PSYoungGen: 152396K->52024K(175104K)] 207792K->109169K(699392K), 0.0126048 secs] [Times: user=0.18 sys=0.02, real=0.01 secs] 
2016-09-25T22:10:56.508-0400: 7.249: [GC (GCLocker Initiated GC) [PSYoungGen: 140088K->47954K(174080K)] 204088K->131111K(698368K), 0.0076786 secs] [Times: user=0.10 sys=0.02, real=0.01 secs] 
2016-09-25T22:10:56.552-0400: 7.293: [GC (GCLocker Initiated GC) [PSYoungGen: 136018K->72304K(174592K)] 224708K->176066K(698880K), 0.0073514 secs] [Times: user=0.11 sys=0.00, real=0.01 secs] 
2016-09-25T22:10:56.608-0400: 7.349: [GC (GCLocker Initiated GC) [PSYoungGen: 160368K->64264K(175104K)] 272346K->176482K(699392K), 0.0078096 secs] [Times: user=0.10 sys=0.00, real=0.01 secs] 
2016-09-25T22:10:56.665-0400: 7.406: [GC (GCLocker Initiated GC) [PSYoungGen: 152328K->54842K(175104K)] 268671K->172826K(699392K), 0.0058993 secs] [Times: user=0.09 sys=0.01, real=0.00 secs] 
2016-09-25T22:10:56.720-0400: 7.461: [GC (GCLocker Initiated GC) [PSYoungGen: 142906K->60238K(173056K)] 274451K->194801K(697344K), 0.0056397 secs] [Times: user=0.08 sys=0.00, real=0.01 secs] 
2016-09-25T22:10:56.771-0400: 7.512: [GC (GCLocker Initiated GC) [PSYoungGen: 148302K->76471K(174080K)] 285642K->215544K(698368K), 0.0064967 secs] [Times: user=0.08 sys=0.01, real=0.01 secs] 
2016-09-25T22:10:56.819-0400: 7.560: [GC (GCLocker Initiated GC) [PSYoungGen: 164535K->62984K(175104K)] 306454K->206619K(699392K), 0.0066949 secs] [Times: user=0.07 sys=0.01, real=0.01 secs] 
2016-09-25T22:10:56.865-0400: 7.606: [GC (GCLocker Initiated GC) [PSYoungGen: 151048K->64334K(175104K)] 294814K->226070K(699392K), 0.0096625 secs] [Times: user=0.13 sys=0.00, real=0.01 secs] 
2016-09-25T22:10:56.915-0400: 7.656: [GC (GCLocker Initiated GC) [PSYoungGen: 152398K->53550K(174080K)] 322330K->237409K(698368K), 0.0127532 secs] [Times: user=0.18 sys=0.00, real=0.01 secs] 
2016-09-25T22:10:56.964-0400: 7.705: [GC (GCLocker Initiated GC) [PSYoungGen: 141614K->57552K(145920K)] 330219K->246593K(670208K), 0.0075495 secs] [Times: user=0.10 sys=0.00, real=0.00 secs] 
2016-09-25T22:10:57.016-0400: 7.757: [GC (GCLocker Initiated GC) [PSYoungGen: 145616K->58902K(176128K)] 337523K->270129K(700416K), 0.0094459 secs] [Times: user=0.12 sys=0.00, real=0.01 secs] 
2016-09-25T22:10:57.073-0400: 7.814: [GC (GCLocker Initiated GC) [PSYoungGen: 151062K->45306K(173568K)] 366345K->270397K(697856K), 0.0290400 secs] [Times: user=0.42 sys=0.00, real=0.04 secs] 
2016-09-25T22:10:57.144-0400: 7.885: [GC (GCLocker Initiated GC) [PSYoungGen: 137466K->69830K(175616K)] 369355K->302115K(699904K), 0.0060577 secs] [Times: user=0.08 sys=0.00, real=0.00 secs] 
2016-09-25T22:10:57.196-0400: 7.937: [GC (GCLocker Initiated GC) [PSYoungGen: 164038K->69798K(164352K)] 401760K->326904K(688640K), 0.0110712 secs] [Times: user=0.18 sys=0.00, real=0.01 secs] 
2016-09-25T22:10:57.261-0400: 8.002: [GC (GCLocker Initiated GC) [PSYoungGen: 164006K->48243K(177152K)] 427902K->334159K(701440K), 0.0075757 secs] [Times: user=0.11 sys=0.00, real=0.01 secs] 
2016-09-25T22:10:57.315-0400: 8.056: [GC (GCLocker Initiated GC) [PSYoungGen: 139891K->54962K(146944K)] 438102K->356329K(671232K), 0.0051076 secs] [Times: user=0.06 sys=0.00, real=0.00 secs] 
2016-09-25T22:10:57.365-0400: 8.106: [GC (GCLocker Initiated GC) [PSYoungGen: 146610K->57552K(177152K)] 457447K->370196K(701440K), 0.0066183 secs] [Times: user=0.09 sys=0.00, real=0.00 secs] 
2016-09-25T22:10:57.411-0400: 8.152: [GC (GCLocker Initiated GC) [PSYoungGen: 151760K->76548K(174592K)] 467151K->393693K(698880K), 0.0066760 secs] [Times: user=0.10 sys=0.00, real=0.01 secs] 
2016-09-25T22:10:57.467-0400: 8.208: [GC (GCLocker Initiated GC) [PSYoungGen: 170756K->67034K(176128K)] 493394K->406251K(700416K), 0.0071657 secs] [Times: user=0.10 sys=0.00, real=0.00 secs] 
2016-09-25T22:10:57.517-0400: 8.258: [GC (GCLocker Initiated GC) [PSYoungGen: 158170K->81916K(173056K)] 504225K->428436K(697344K), 0.0080750 secs] [Times: user=0.10 sys=0.00, real=0.01 secs] 
2016-09-25T22:10:57.563-0400: 8.304: [GC (GCLocker Initiated GC) [PSYoungGen: 173052K->60412K(175104K)] 520218K->462014K(699392K), 0.0079634 secs] [Times: user=0.11 sys=0.00, real=0.00 secs] 
2016-09-25T22:10:57.621-0400: 8.361: [GC (GCLocker Initiated GC) [PSYoungGen: 148476K->81838K(175104K)] 555612K->489394K(699392K), 0.0077241 secs] [Times: user=0.10 sys=0.00, real=0.01 secs] 
2016-09-25T22:10:57.674-0400: 8.415: [GC (GCLocker Initiated GC) [PSYoungGen: 169902K->53342K(175104K)] 578886K->470743K(699392K), 0.0087102 secs] [Times: user=0.09 sys=0.00, real=0.02 secs] 
2016-09-25T22:10:57.728-0400: 8.469: [GC (GCLocker Initiated GC) [PSYoungGen: 141406K->65652K(175104K)] 568468K->498518K(699392K), 0.0072375 secs] [Times: user=0.08 sys=0.00, real=0.01 secs] 
2016-09-25T22:10:57.781-0400: 8.522: [GC (GCLocker Initiated GC) [PSYoungGen: 153716K->66988K(175104K)] 592066K->520592K(699392K), 0.0069026 secs] [Times: user=0.10 sys=0.00, real=0.01 secs] 
2016-09-25T22:10:57.837-0400: 8.578: [GC (GCLocker Initiated GC) [PSYoungGen: 155052K->76470K(175104K)] 608690K->533190K(699392K), 0.0070115 secs] [Times: user=0.09 sys=0.00, real=0.01 secs] 
2016-09-25T22:10:57.882-0400: 8.623: [GC (GCLocker Initiated GC) [PSYoungGen: 164534K->75231K(175104K)] 621318K->541822K(699392K), 0.0063056 secs] [Times: user=0.09 sys=0.00, real=0.00 secs] 
2016-09-25T22:10:57.977-0400: 8.718: [Full GC (Ergonomics) [PSYoungGen: 163295K->0K(175104K)] [ParOldGen: 486964K->61347K(524288K)] 650259K->61347K(699392K), [Metaspace: 43141K->43141K(1085440K)], 0.0829824 secs] [Times: user=0.66 sys=0.05, real=0.08 secs] 
2016-09-25T22:10:58.113-0400: 8.854: [GC (GCLocker Initiated GC) [PSYoungGen: 88064K->69944K(175104K)] 154827K->136707K(699392K), 0.0117832 secs] [Times: user=0.16 sys=0.00, real=0.02 secs] 
2016-09-25T22:10:58.177-0400: 8.918: [GC (GCLocker Initiated GC) [PSYoungGen: 158008K->60330K(175104K)] 242503K->160288K(699392K), 0.0059862 secs] [Times: user=0.08 sys=0.00, real=0.01 secs] 
2016-09-25T22:10:58.231-0400: 8.971: [GC (GCLocker Initiated GC) [PSYoungGen: 148394K->57693K(175104K)] 262054K->173153K(699392K), 0.0056457 secs] [Times: user=0.07 sys=0.00, real=0.01 secs] 
2016-09-25T22:10:58.280-0400: 9.021: [GC (GCLocker Initiated GC) [PSYoungGen: 145757K->62906K(174080K)] 266844K->195250K(698368K), 0.0067125 secs] [Times: user=0.07 sys=0.00, real=0.01 secs] 
2016-09-25T22:10:58.332-0400: 9.073: [GC (GCLocker Initiated GC) [PSYoungGen: 150970K->57584K(174592K)] 290532K->197503K(698880K), 0.0095819 secs] [Times: user=0.13 sys=0.00, real=0.01 secs] 
2016-09-25T22:10:58.382-0400: 9.123: [GC (GCLocker Initiated GC) [PSYoungGen: 145648K->54760K(175104K)] 285713K->203296K(699392K), 0.0098806 secs] [Times: user=0.11 sys=0.00, real=0.00 secs] 
2016-09-25T22:10:58.436-0400: 9.177: [GC (GCLocker Initiated GC) [PSYoungGen: 144872K->62888K(175104K)] 298813K->218523K(699392K), 0.0065983 secs] [Times: user=0.08 sys=0.00, real=0.01 secs] 
2016-09-25T22:10:58.488-0400: 9.229: [GC (GCLocker Initiated GC) [PSYoungGen: 153000K->60270K(175616K)] 308677K->217693K(699904K), 0.0063590 secs] [Times: user=0.07 sys=0.00, real=0.01 secs] 
2016-09-25T22:10:58.547-0400: 9.287: [GC (GCLocker Initiated GC) [PSYoungGen: 153966K->44066K(175104K)] 319524K->226182K(699392K), 0.0074041 secs] [Times: user=0.06 sys=0.00, real=0.01 secs] 
2016-09-25T22:10:58.604-0400: 9.345: [GC (GCLocker Initiated GC) [PSYoungGen: 137762K->60316K(178176K)] 322811K->247173K(702464K), 0.0050288 secs] [Times: user=0.07 sys=0.00, real=0.00 secs] 
2016-09-25T22:10:58.660-0400: 9.401: [GC (GCLocker Initiated GC) [PSYoungGen: 158108K->46908K(178688K)] 359937K->259933K(702976K), 0.0073378 secs] [Times: user=0.07 sys=0.00, real=0.01 secs] 
2016-09-25T22:10:58.710-0400: 9.451: [GC (GCLocker Initiated GC) [PSYoungGen: 144700K->65716K(180736K)] 363198K->300990K(705024K), 0.0066468 secs] [Times: user=0.08 sys=0.00, real=0.01 secs] 
2016-09-25T22:10:58.757-0400: 9.498: [GC (GCLocker Initiated GC) [PSYoungGen: 165044K->79216K(178688K)] 400426K->331242K(702976K), 0.0073867 secs] [Times: user=0.10 sys=0.00, real=0.01 secs] 
2016-09-25T22:10:58.811-0400: 9.552: [GC (GCLocker Initiated GC) [PSYoungGen: 178544K->60284K(176640K)] 430681K->334473K(700928K), 0.0067531 secs] [Times: user=0.10 sys=0.00, real=0.01 secs] 
2016-09-25T22:10:58.865-0400: 9.606: [GC (GCLocker Initiated GC) [PSYoungGen: 153468K->54852K(177664K)] 433094K->340282K(701952K), 0.0060204 secs] [Times: user=0.05 sys=0.00, real=0.00 secs] 
2016-09-25T22:10:58.916-0400: 9.657: [GC (GCLocker Initiated GC) [PSYoungGen: 148036K->83330K(171520K)] 433619K->373391K(695808K), 0.0096154 secs] [Times: user=0.14 sys=0.00, real=0.01 secs] 
2016-09-25T22:10:58.967-0400: 9.708: [GC (GCLocker Initiated GC) [PSYoungGen: 171394K->85966K(175104K)] 464285K->387393K(699392K), 0.0075286 secs] [Times: user=0.12 sys=0.00, real=0.01 secs] 
2016-09-25T22:10:59.031-0400: 9.771: [GC (GCLocker Initiated GC) [PSYoungGen: 174030K->45401K(175104K)] 485073K->378473K(699392K), 0.0053957 secs] [Times: user=0.08 sys=0.00, real=0.01 secs] 
2016-09-25T22:10:59.078-0400: 9.819: [GC (GCLocker Initiated GC) [PSYoungGen: 133465K->52138K(175104K)] 476018K->395054K(699392K), 0.0071692 secs] [Times: user=0.06 sys=0.00, real=0.01 secs] 
2016-09-25T22:10:59.122-0400: 9.863: [GC (GCLocker Initiated GC) [PSYoungGen: 140202K->85966K(175104K)] 483129K->437358K(699392K), 0.0095872 secs] [Times: user=0.09 sys=0.00, real=0.01 secs] 
2016-09-25T22:10:59.174-0400: 9.915: [GC (GCLocker Initiated GC) [PSYoungGen: 174030K->72452K(175104K)] 525485K->436484K(699392K), 0.0063646 secs] [Times: user=0.08 sys=0.00, real=0.01 secs] 
2016-09-25T22:10:59.226-0400: 9.967: [GC (GCLocker Initiated GC) [PSYoungGen: 160516K->49388K(175104K)] 527371K->442263K(699392K), 0.0063785 secs] [Times: user=0.07 sys=0.00, real=0.00 secs] 
2016-09-25T22:10:59.272-0400: 10.013: [GC (GCLocker Initiated GC) [PSYoungGen: 137452K->60270K(175104K)] 530460K->453642K(699392K), 0.0064907 secs] [Times: user=0.08 sys=0.00, real=0.01 secs] 
2016-09-25T22:10:59.320-0400: 10.061: [GC (GCLocker Initiated GC) [PSYoungGen: 148334K->53360K(175104K)] 544455K->457999K(699392K), 0.0076558 secs] [Times: user=0.05 sys=0.00, real=0.01 secs] 
2016-09-25T22:10:59.371-0400: 10.112: [GC (GCLocker Initiated GC) [PSYoungGen: 141424K->68384K(175104K)] 550141K->477451K(699392K), 0.0100162 secs] [Times: user=0.13 sys=0.00, real=0.01 secs] 
2016-09-25T22:10:59.423-0400: 10.164: [GC (GCLocker Initiated GC) [PSYoungGen: 156448K->73770K(175104K)] 565790K->498494K(699392K), 0.0075166 secs] [Times: user=0.10 sys=0.00, real=0.00 secs] 
2016-09-25T22:10:59.475-0400: 10.216: [GC (GCLocker Initiated GC) [PSYoungGen: 161834K->64398K(175104K)] 596112K->519292K(699392K), 0.0072626 secs] [Times: user=0.09 sys=0.00, real=0.01 secs] 
2016-09-25T22:10:59.526-0400: 10.267: [GC (GCLocker Initiated GC) [PSYoungGen: 152462K->57505K(175104K)] 610106K->534470K(699392K), 0.0068009 secs] [Times: user=0.10 sys=0.00, real=0.00 secs] 
2016-09-25T22:10:59.573-0400: 10.314: [GC (GCLocker Initiated GC) [PSYoungGen: 145569K->83298K(175104K)] 625380K->563497K(699392K), 0.0067341 secs] [Times: user=0.08 sys=0.01, real=0.01 secs] 
2016-09-25T22:10:59.625-0400: 10.366: [GC (GCLocker Initiated GC) [PSYoungGen: 171362K->68415K(175104K)] 657096K->565401K(699392K), 0.0089582 secs] [Times: user=0.10 sys=0.01, real=0.00 secs] 
2016-09-25T22:10:59.634-0400: 10.375: [Full GC (Ergonomics) [PSYoungGen: 68415K->0K(175104K)] [ParOldGen: 496985K->76785K(524288K)] 565401K->76785K(699392K), [Metaspace: 43224K->43224K(1085440K)], 0.0437649 secs] [Times: user=0.38 sys=0.00, real=0.05 secs] 
2016-09-25T22:10:59.723-0400: 10.464: [GC (GCLocker Initiated GC) [PSYoungGen: 88064K->86318K(175104K)] 170329K->168583K(699392K), 0.0066004 secs] [Times: user=0.09 sys=0.00, real=0.00 secs] 
2016-09-25T22:10:59.776-0400: 10.517: [GC (GCLocker Initiated GC) [PSYoungGen: 174382K->73847K(175104K)] 264930K->167843K(699392K), 0.0060219 secs] [Times: user=0.09 sys=0.00, real=0.00 secs] 
2016-09-25T22:10:59.828-0400: 10.569: [GC (GCLocker Initiated GC) [PSYoungGen: 161911K->60269K(175104K)] 256143K->169762K(699392K), 0.0059116 secs] [Times: user=0.08 sys=0.01, real=0.00 secs] 
2016-09-25T22:10:59.870-0400: 10.611: [GC (GCLocker Initiated GC) [PSYoungGen: 148333K->61633K(175104K)] 260536K->184977K(699392K), 0.0060158 secs] [Times: user=0.08 sys=0.00, real=0.01 secs] 
2016-09-25T22:10:59.912-0400: 10.653: [GC (GCLocker Initiated GC) [PSYoungGen: 149697K->84647K(175104K)] 274694K->212747K(699392K), 0.0090321 secs] [Times: user=0.11 sys=0.00, real=0.01 secs] 
2016-09-25T22:10:59.963-0400: 10.704: [GC (GCLocker Initiated GC) [PSYoungGen: 172711K->65747K(175104K)] 306310K->213273K(699392K), 0.0111697 secs] [Times: user=0.17 sys=0.00, real=0.01 secs] 
2016-09-25T22:11:00.013-0400: 10.754: [GC (GCLocker Initiated GC) [PSYoungGen: 153811K->69765K(175104K)] 304080K->221819K(699392K), 0.0111218 secs] [Times: user=0.16 sys=0.00, real=0.02 secs] 
2016-09-25T22:11:00.068-0400: 10.809: [GC (GCLocker Initiated GC) [PSYoungGen: 157829K->81979K(175104K)] 313619K->238134K(699392K), 0.0062472 secs] [Times: user=0.09 sys=0.00, real=0.01 secs] 
2016-09-25T22:11:00.110-0400: 10.851: [GC (GCLocker Initiated GC) [PSYoungGen: 170043K->80520K(175104K)] 326269K->247973K(699392K), 0.0070229 secs] [Times: user=0.10 sys=0.00, real=0.01 secs] 
2016-09-25T22:11:00.154-0400: 10.895: [GC (GCLocker Initiated GC) [PSYoungGen: 168584K->76515K(175104K)] 336183K->282320K(699392K), 0.0074848 secs] [Times: user=0.11 sys=0.00, real=0.01 secs] 
2016-09-25T22:11:00.207-0400: 10.947: [GC (GCLocker Initiated GC) [PSYoungGen: 164579K->58919K(175104K)] 370439K->288184K(699392K), 0.0066642 secs] [Times: user=0.09 sys=0.00, real=0.00 secs] 
2016-09-25T22:11:00.247-0400: 10.988: [GC (GCLocker Initiated GC) [PSYoungGen: 146983K->72497K(175104K)] 379134K->315821K(699392K), 0.0067195 secs] [Times: user=0.09 sys=0.00, real=0.00 secs] 
2016-09-25T22:11:00.298-0400: 11.039: [GC (GCLocker Initiated GC) [PSYoungGen: 160561K->80597K(175104K)] 406666K->335293K(699392K), 0.0074249 secs] [Times: user=0.10 sys=0.00, real=0.01 secs] 
2016-09-25T22:11:00.349-0400: 11.090: [GC (GCLocker Initiated GC) [PSYoungGen: 168661K->57583K(175104K)] 428925K->337166K(699392K), 0.0058913 secs] [Times: user=0.07 sys=0.01, real=0.01 secs] 
2016-09-25T22:11:00.404-0400: 11.145: [GC (GCLocker Initiated GC) [PSYoungGen: 145647K->69766K(175104K)] 433434K->374148K(699392K), 0.0076762 secs] [Times: user=0.09 sys=0.00, real=0.00 secs] 
2016-09-25T22:11:00.459-0400: 11.199: [GC (GCLocker Initiated GC) [PSYoungGen: 157830K->71083K(175104K)] 464982K->393537K(699392K), 0.0081308 secs] [Times: user=0.10 sys=0.01, real=0.01 secs] 
2016-09-25T22:11:00.505-0400: 11.246: [GC (GCLocker Initiated GC) [PSYoungGen: 159147K->60174K(175104K)] 484325K->411397K(699392K), 0.0106760 secs] [Times: user=0.12 sys=0.00, real=0.01 secs] 
2016-09-25T22:11:00.563-0400: 11.304: [GC (GCLocker Initiated GC) [PSYoungGen: 148238K->71115K(175104K)] 505032K->428299K(699392K), 0.0063536 secs] [Times: user=0.08 sys=0.00, real=0.00 secs] 
2016-09-25T22:11:00.607-0400: 11.348: [GC (GCLocker Initiated GC) [PSYoungGen: 159179K->66987K(175104K)] 516454K->451697K(699392K), 0.0085547 secs] [Times: user=0.12 sys=0.00, real=0.01 secs] 
2016-09-25T22:11:00.649-0400: 11.389: [GC (GCLocker Initiated GC) [PSYoungGen: 155051K->63015K(175104K)] 542463K->472425K(699392K), 0.0062211 secs] [Times: user=0.08 sys=0.00, real=0.01 secs] 
2016-09-25T22:11:00.694-0400: 11.434: [GC (GCLocker Initiated GC) [PSYoungGen: 151079K->73847K(175104K)] 565923K->489110K(699392K), 0.0067482 secs] [Times: user=0.09 sys=0.00, real=0.01 secs] 
2016-09-25T22:11:00.740-0400: 11.481: [GC (GCLocker Initiated GC) [PSYoungGen: 161911K->61697K(174080K)] 582734K->507247K(698368K), 0.0067398 secs] [Times: user=0.10 sys=0.00, real=0.01 secs] 
2016-09-25T22:11:00.793-0400: 11.534: [GC (GCLocker Initiated GC) [PSYoungGen: 149761K->56233K(174592K)] 600721K->518404K(698880K), 0.0061590 secs] [Times: user=0.08 sys=0.01, real=0.01 secs] 
2016-09-25T22:11:00.837-0400: 11.578: [GC (GCLocker Initiated GC) [PSYoungGen: 144297K->73815K(175104K)] 609418K->539355K(699392K), 0.0065433 secs] [Times: user=0.09 sys=0.00, real=0.01 secs] 
2016-09-25T22:11:00.883-0400: 11.624: [GC (GCLocker Initiated GC) [PSYoungGen: 161879K->80519K(175104K)] 627461K->547870K(699392K), 0.0071006 secs] [Times: user=0.10 sys=0.00, real=0.00 secs] 
2016-09-25T22:11:00.931-0400: 11.672: [GC (GCLocker Initiated GC) [PSYoungGen: 168583K->58997K(175104K)] 641483K->559301K(699392K), 0.0066441 secs] [Times: user=0.08 sys=0.01, real=0.01 secs] 
2016-09-25T22:11:00.938-0400: 11.679: [Full GC (Ergonomics) [PSYoungGen: 58997K->0K(175104K)] [ParOldGen: 500304K->82392K(524288K)] 559301K->82392K(699392K), [Metaspace: 43253K->43253K(1085440K)], 0.0457621 secs] [Times: user=0.34 sys=0.00, real=0.05 secs] 
2016-09-25T22:11:01.030-0400: 11.771: [GC (GCLocker Initiated GC) [PSYoungGen: 88064K->61985K(175104K)] 170639K->144560K(699392K), 0.0058323 secs] [Times: user=0.07 sys=0.00, real=0.01 secs] 
2016-09-25T22:11:01.076-0400: 11.817: [GC (GCLocker Initiated GC) [PSYoungGen: 150049K->77820K(175104K)] 235366K->177448K(699392K), 0.0064872 secs] [Times: user=0.08 sys=0.00, real=0.01 secs] 
2016-09-25T22:11:01.123-0400: 11.864: [GC (GCLocker Initiated GC) [PSYoungGen: 165884K->72497K(175104K)] 267197K->187700K(699392K), 0.0065738 secs] [Times: user=0.09 sys=0.00, real=0.00 secs] 
2016-09-25T22:11:01.175-0400: 11.916: [GC (GCLocker Initiated GC) [PSYoungGen: 160561K->75152K(175104K)] 275846K->212504K(699392K), 0.0069927 secs] [Times: user=0.10 sys=0.01, real=0.00 secs] 
2016-09-25T22:11:01.218-0400: 11.959: [GC (GCLocker Initiated GC) [PSYoungGen: 163216K->73815K(175104K)] 303389K->235986K(699392K), 0.0071338 secs] [Times: user=0.10 sys=0.00, real=0.01 secs] 
2016-09-25T22:11:01.270-0400: 12.010: [GC (GCLocker Initiated GC) [PSYoungGen: 161879K->72433K(175104K)] 326944K->256817K(699392K), 0.0094001 secs] [Times: user=0.11 sys=0.01, real=0.01 secs] 
2016-09-25T22:11:01.321-0400: 12.062: [GC (GCLocker Initiated GC) [PSYoungGen: 160497K->72387K(175104K)] 345023K->269474K(699392K), 0.0069019 secs] [Times: user=0.09 sys=0.00, real=0.01 secs] 
2016-09-25T22:11:01.376-0400: 12.116: [GC (GCLocker Initiated GC) [PSYoungGen: 160451K->61619K(175104K)] 360355K->284833K(699392K), 0.0098354 secs] [Times: user=0.09 sys=0.00, real=0.01 secs] 
2016-09-25T22:11:01.430-0400: 12.171: [GC (GCLocker Initiated GC) [PSYoungGen: 149683K->60347K(175104K)] 375828K->297665K(699392K), 0.0068481 secs] [Times: user=0.09 sys=0.00, real=0.01 secs] 
2016-09-25T22:11:01.487-0400: 12.227: [GC (GCLocker Initiated GC) [PSYoungGen: 148411K->64319K(173056K)] 385844K->304911K(697344K), 0.0098980 secs] [Times: user=0.12 sys=0.00, real=0.01 secs] 
2016-09-25T22:11:01.549-0400: 12.290: [GC (GCLocker Initiated GC) [PSYoungGen: 152383K->58997K(174080K)] 398442K->317618K(698368K), 0.0063063 secs] [Times: user=0.08 sys=0.00, real=0.01 secs] 
2016-09-25T22:11:01.610-0400: 12.351: [GC (GCLocker Initiated GC) [PSYoungGen: 147061K->68415K(173056K)] 405756K->349137K(697344K), 0.0069298 secs] [Times: user=0.09 sys=0.00, real=0.01 secs] 
2016-09-25T22:11:01.661-0400: 12.402: [GC (GCLocker Initiated GC) [PSYoungGen: 158527K->76501K(174592K)] 439498K->393000K(698880K), 0.0091363 secs] [Times: user=0.12 sys=0.00, real=0.01 secs] 
2016-09-25T22:11:01.720-0400: 12.461: [GC (GCLocker Initiated GC) [PSYoungGen: 166613K->72465K(176128K)] 483564K->389797K(700416K), 0.0059114 secs] [Times: user=0.08 sys=0.00, real=0.01 secs] 
2016-09-25T22:11:01.768-0400: 12.509: [GC (GCLocker Initiated GC) [PSYoungGen: 162577K->60315K(150528K)] 485437K->394394K(674816K), 0.0066372 secs] [Times: user=0.08 sys=0.01, real=0.01 secs] 
2016-09-25T22:11:01.823-0400: 12.564: [GC (GCLocker Initiated GC) [PSYoungGen: 150427K->57569K(175616K)] 485937K->413761K(699904K), 0.0090742 secs] [Times: user=0.13 sys=0.00, real=0.00 secs] 
2016-09-25T22:11:01.874-0400: 12.615: [GC (GCLocker Initiated GC) [PSYoungGen: 147681K->69751K(175616K)] 506884K->440135K(699904K), 0.0063611 secs] [Times: user=0.08 sys=0.00, real=0.01 secs] 
2016-09-25T22:11:01.926-0400: 12.666: [GC (GCLocker Initiated GC) [PSYoungGen: 159863K->65605K(174080K)] 533129K->441952K(698368K), 0.0094743 secs] [Times: user=0.09 sys=0.00, real=0.01 secs] 
2016-09-25T22:11:01.980-0400: 12.721: [GC (GCLocker Initiated GC) [PSYoungGen: 157253K->58870K(175104K)] 533629K->459903K(699392K), 0.0069715 secs] [Times: user=0.09 sys=0.00, real=0.01 secs] 
2016-09-25T22:11:02.036-0400: 12.777: [GC (GCLocker Initiated GC) [PSYoungGen: 150518K->60362K(177152K)] 559860K->483640K(701440K), 0.0087606 secs] [Times: user=0.09 sys=0.00, real=0.01 secs] 
2016-09-25T22:11:02.097-0400: 12.838: [GC (GCLocker Initiated GC) [PSYoungGen: 156106K->72356K(178176K)] 579547K->498931K(702464K), 0.0088485 secs] [Times: user=0.08 sys=0.00, real=0.01 secs] 
2016-09-25T22:11:02.152-0400: 12.893: [GC (GCLocker Initiated GC) [PSYoungGen: 168100K->43923K(174592K)] 594840K->488571K(698880K), 0.0151603 secs] [Times: user=0.16 sys=0.01, real=0.02 secs] 
2016-09-25T22:11:02.213-0400: 12.954: [GC (GCLocker Initiated GC) [PSYoungGen: 135059K->38459K(130048K)] 579877K->510680K(654336K), 0.0156516 secs] [Times: user=0.15 sys=0.01, real=0.02 secs] 
2016-09-25T22:11:02.280-0400: 13.021: [GC (GCLocker Initiated GC) [PSYoungGen: 129595K->51991K(175616K)] 601930K->524705K(699904K), 0.0214381 secs] [Times: user=0.20 sys=0.00, real=0.02 secs] 
2016-09-25T22:11:02.353-0400: 13.094: [GC (GCLocker Initiated GC) [PSYoungGen: 140567K->64365K(153088K)] 618931K->559368K(677376K), 0.0099448 secs] [Times: user=0.10 sys=0.00, real=0.02 secs] 
2016-09-25T22:11:02.363-0400: 13.104: [Full GC (Ergonomics) [PSYoungGen: 64365K->0K(153088K)] [ParOldGen: 495002K->90704K(524288K)] 559368K->90704K(677376K), [Metaspace: 43261K->43261K(1085440K)], 0.0566112 secs] [Times: user=0.40 sys=0.01, real=0.05 secs] 
2016-09-25T22:11:02.472-0400: 13.213: [GC (GCLocker Initiated GC) [PSYoungGen: 88576K->70117K(173056K)] 182831K->164373K(697344K), 0.0081345 secs] [Times: user=0.12 sys=0.00, real=0.01 secs] 
2016-09-25T22:11:02.530-0400: 13.271: [GC (GCLocker Initiated GC) [PSYoungGen: 157669K->60283K(174080K)] 253076K->167245K(698368K), 0.0086923 secs] [Times: user=0.12 sys=0.00, real=0.01 secs] 
2016-09-25T22:11:02.583-0400: 13.324: [GC (GCLocker Initiated GC) [PSYoungGen: 147835K->68434K(174592K)] 258906K->197481K(698880K), 0.0066023 secs] [Times: user=0.09 sys=0.00, real=0.00 secs] 
2016-09-25T22:11:02.635-0400: 13.376: [GC (GCLocker Initiated GC) [PSYoungGen: 158546K->71102K(174592K)] 287617K->200618K(698880K), 0.0063662 secs] [Times: user=0.07 sys=0.00, real=0.00 secs] 
2016-09-25T22:11:02.690-0400: 13.431: [GC (GCLocker Initiated GC) [PSYoungGen: 161214K->65697K(176640K)] 291006K->205329K(700928K), 0.0097022 secs] [Times: user=0.11 sys=0.00, real=0.01 secs] 
2016-09-25T22:11:02.755-0400: 13.496: [GC (GCLocker Initiated GC) [PSYoungGen: 157857K->67015K(176640K)] 305658K->215219K(700928K), 0.0065428 secs] [Times: user=0.07 sys=0.00, real=0.00 secs] 
2016-09-25T22:11:02.809-0400: 13.549: [GC (GCLocker Initiated GC) [PSYoungGen: 159175K->71083K(175616K)] 312920K->225269K(699904K), 0.0075716 secs] [Times: user=0.10 sys=0.00, real=0.01 secs] 
2016-09-25T22:11:02.867-0400: 13.608: [GC (GCLocker Initiated GC) [PSYoungGen: 163243K->80552K(173056K)] 317473K->254085K(697344K), 0.0099852 secs] [Times: user=0.10 sys=0.00, real=0.01 secs] 
2016-09-25T22:11:02.929-0400: 13.670: [GC (GCLocker Initiated GC) [PSYoungGen: 172712K->79280K(175104K)] 346387K->269505K(699392K), 0.0072630 secs] [Times: user=0.09 sys=0.00, real=0.01 secs] 
2016-09-25T22:11:02.991-0400: 13.731: [GC (GCLocker Initiated GC) [PSYoungGen: 167344K->65620K(175104K)] 360407K->264550K(699392K), 0.0327482 secs] [Times: user=0.36 sys=0.00, real=0.04 secs] 
2016-09-25T22:11:03.082-0400: 13.823: [GC (GCLocker Initiated GC) [PSYoungGen: 153684K->53547K(175104K)] 357642K->271393K(699392K), 0.0069430 secs] [Times: user=0.05 sys=0.00, real=0.00 secs] 
2016-09-25T22:11:03.137-0400: 13.878: [GC (GCLocker Initiated GC) [PSYoungGen: 141611K->37063K(175104K)] 374384K->271587K(699392K), 0.0070537 secs] [Times: user=0.04 sys=0.00, real=0.01 secs] 
2016-09-25T22:11:03.195-0400: 13.936: [GC (GCLocker Initiated GC) [PSYoungGen: 125127K->46691K(175104K)] 360232K->309195K(699392K), 0.0275441 secs] [Times: user=0.32 sys=0.01, real=0.03 secs] 
2016-09-25T22:11:03.262-0400: 14.003: [GC (GCLocker Initiated GC) [PSYoungGen: 134755K->54824K(175104K)] 397362K->328574K(699392K), 0.0116399 secs] [Times: user=0.13 sys=0.00, real=0.00 secs] 
2016-09-25T22:11:03.322-0400: 14.063: [GC (GCLocker Initiated GC) [PSYoungGen: 142888K->49246K(175104K)] 416843K->326205K(699392K), 0.0079584 secs] [Times: user=0.06 sys=0.00, real=0.01 secs] 
2016-09-25T22:11:03.376-0400: 14.117: [GC (GCLocker Initiated GC) [PSYoungGen: 137310K->73724K(175104K)] 414510K->366172K(699392K), 0.0169063 secs] [Times: user=0.23 sys=0.00, real=0.01 secs] 
2016-09-25T22:11:03.457-0400: 14.197: [GC (GCLocker Initiated GC) [PSYoungGen: 161788K->55999K(175104K)] 459752K->354259K(699392K), 0.0104582 secs] [Times: user=0.08 sys=0.00, real=0.01 secs] 
2016-09-25T22:11:03.515-0400: 14.256: [GC (GCLocker Initiated GC) [PSYoungGen: 144063K->38609K(175104K)] 445063K->361579K(699392K), 0.0059034 secs] [Times: user=0.07 sys=0.00, real=0.00 secs] 
2016-09-25T22:11:03.568-0400: 14.309: [GC (GCLocker Initiated GC) [PSYoungGen: 126673K->31769K(175104K)] 460471K->368575K(699392K), 0.0204335 secs] [Times: user=0.21 sys=0.01, real=0.02 secs] 
2016-09-25T22:11:03.632-0400: 14.373: [GC (GCLocker Initiated GC) [PSYoungGen: 119833K->66932K(175104K)] 462111K->420339K(699392K), 0.0096289 secs] [Times: user=0.07 sys=0.01, real=0.01 secs] 
2016-09-25T22:11:03.698-0400: 14.439: [GC (GCLocker Initiated GC) [PSYoungGen: 154996K->61453K(175104K)] 514041K->420770K(699392K), 0.0097627 secs] [Times: user=0.06 sys=0.01, real=0.01 secs] 
2016-09-25T22:11:03.757-0400: 14.498: [GC (GCLocker Initiated GC) [PSYoungGen: 149517K->60007K(175104K)] 515657K->427755K(699392K), 0.0203482 secs] [Times: user=0.23 sys=0.00, real=0.02 secs] 
2016-09-25T22:11:03.835-0400: 14.575: [GC (GCLocker Initiated GC) [PSYoungGen: 148071K->42632K(175104K)] 521292K->428311K(699392K), 0.0096568 secs] [Times: user=0.09 sys=0.01, real=0.01 secs] 
2016-09-25T22:11:03.896-0400: 14.637: [GC (GCLocker Initiated GC) [PSYoungGen: 130696K->50526K(138752K)] 516392K->452674K(663040K), 0.0175751 secs] [Times: user=0.18 sys=0.00, real=0.01 secs] 
2016-09-25T22:11:03.948-0400: 14.688: [GC (GCLocker Initiated GC) [PSYoungGen: 138590K->65599K(173056K)] 540890K->482987K(697344K), 0.0247676 secs] [Times: user=0.23 sys=0.00, real=0.02 secs] 
2016-09-25T22:11:04.018-0400: 14.758: [GC (GCLocker Initiated GC) [PSYoungGen: 153151K->53194K(173568K)] 570604K->473584K(697856K), 0.0104354 secs] [Times: user=0.08 sys=0.00, real=0.01 secs] 
2016-09-25T22:11:04.077-0400: 14.818: [GC (GCLocker Initiated GC) [PSYoungGen: 140746K->62726K(174080K)] 563883K->486052K(698368K), 0.0104585 secs] [Times: user=0.13 sys=0.00, real=0.01 secs] 
2016-09-25T22:11:04.126-0400: 14.867: [GC (GCLocker Initiated GC) [PSYoungGen: 153350K->62804K(174080K)] 576841K->498717K(698368K), 0.0097301 secs] [Times: user=0.11 sys=0.00, real=0.01 secs] 
2016-09-25T22:11:04.182-0400: 14.923: [GC (GCLocker Initiated GC) [PSYoungGen: 153428K->62807K(178176K)] 589404K->515229K(702464K), 0.0087991 secs] [Times: user=0.08 sys=0.02, real=0.01 secs] 
2016-09-25T22:11:04.240-0400: 14.981: [GC (GCLocker Initiated GC) [PSYoungGen: 158551K->61489K(178176K)] 611059K->533176K(702464K), 0.0179760 secs] [Times: user=0.24 sys=0.00, real=0.02 secs] 
2016-09-25T22:11:04.304-0400: 15.045: [GC (GCLocker Initiated GC) [PSYoungGen: 157233K->46462K(179200K)] 633107K->536051K(703488K), 0.0113281 secs] [Times: user=0.11 sys=0.01, real=0.01 secs] 
2016-09-25T22:11:04.357-0400: 15.098: [GC (GCLocker Initiated GC) [PSYoungGen: 144254K->54724K(178688K)] 634682K->558878K(702976K), 0.0111717 secs] [Times: user=0.11 sys=0.01, real=0.01 secs] 
2016-09-25T22:11:04.368-0400: 15.109: [Full GC (Ergonomics) [PSYoungGen: 54724K->0K(178688K)] [ParOldGen: 504154K->86490K(524288K)] 558878K->86490K(702976K), [Metaspace: 43283K->43283K(1085440K)], 0.0662944 secs] [Times: user=0.46 sys=0.00, real=0.07 secs] 
2016-09-25T22:11:04.484-0400: 15.225: [GC (GCLocker Initiated GC) [PSYoungGen: 97792K->64332K(177664K)] 187044K->153585K(701952K), 0.0061254 secs] [Times: user=0.08 sys=0.00, real=0.00 secs] 
2016-09-25T22:11:04.538-0400: 15.279: [GC (GCLocker Initiated GC) [PSYoungGen: 163148K->58757K(178688K)] 256464K->161941K(702976K), 0.0222253 secs] [Times: user=0.25 sys=0.00, real=0.02 secs] 
2016-09-25T22:11:04.607-0400: 15.347: [GC (GCLocker Initiated GC) [PSYoungGen: 157573K->73604K(176128K)] 268940K->185220K(700416K), 0.0168523 secs] [Times: user=0.21 sys=0.00, real=0.02 secs] 
2016-09-25T22:11:04.676-0400: 15.417: [GC (GCLocker Initiated GC) [PSYoungGen: 171908K->50704K(180224K)] 295731K->193676K(704512K), 0.0121039 secs] [Times: user=0.14 sys=0.01, real=0.01 secs] 
2016-09-25T22:11:04.729-0400: 15.470: [GC (GCLocker Initiated GC) [PSYoungGen: 149008K->61486K(177152K)] 294751K->218271K(701440K), 0.0075380 secs] [Times: user=0.06 sys=0.00, real=0.01 secs] 
2016-09-25T22:11:04.773-0400: 15.514: [GC (GCLocker Initiated GC) [PSYoungGen: 160814K->62758K(179200K)] 320307K->236023K(703488K), 0.0058481 secs] [Times: user=0.08 sys=0.00, real=0.01 secs] 
2016-09-25T22:11:04.823-0400: 15.564: [GC (GCLocker Initiated GC) [PSYoungGen: 162086K->65568K(181760K)] 347660K->251407K(706048K), 0.0098736 secs] [Times: user=0.12 sys=0.00, real=0.00 secs] 
2016-09-25T22:11:04.890-0400: 15.631: [GC (Allocation Failure) [PSYoungGen: 167968K->65504K(182272K)] 353851K->275947K(706560K), 0.0090275 secs] [Times: user=0.13 sys=0.00, real=0.01 secs] 
2016-09-25T22:11:04.902-0400: 15.643: [GC (GCLocker Initiated GC) [PSYoungGen: 66322K->128K(167936K)] 276765K->282553K(692224K), 0.0078215 secs] [Times: user=0.10 sys=0.00, real=0.01 secs] 
2016-09-25T22:11:04.980-0400: 15.721: [GC (GCLocker Initiated GC) [PSYoungGen: 88041K->81897K(175104K)] 373167K->367055K(699392K), 0.0068248 secs] [Times: user=0.09 sys=0.00, real=0.01 secs] 
2016-09-25T22:11:05.022-0400: 15.763: [GC (GCLocker Initiated GC) [PSYoungGen: 169961K->76354K(175104K)] 455828K->362653K(699392K), 0.0098500 secs] [Times: user=0.11 sys=0.00, real=0.01 secs] 
2016-09-25T22:11:05.069-0400: 15.810: [GC (GCLocker Initiated GC) [PSYoungGen: 164418K->61518K(175104K)] 454943K->371176K(699392K), 0.0119149 secs] [Times: user=0.16 sys=0.00, real=0.01 secs] 
2016-09-25T22:11:05.140-0400: 15.881: [GC (GCLocker Initiated GC) [PSYoungGen: 149582K->68236K(175104K)] 462034K->398503K(699392K), 0.0187259 secs] [Times: user=0.25 sys=0.01, real=0.02 secs] 
2016-09-25T22:11:05.209-0400: 15.950: [GC (GCLocker Initiated GC) [PSYoungGen: 156300K->72368K(175104K)] 489506K->424704K(699392K), 0.0069618 secs] [Times: user=0.09 sys=0.00, real=0.01 secs] 
2016-09-25T22:11:05.253-0400: 15.994: [GC (GCLocker Initiated GC) [PSYoungGen: 160432K->65603K(175104K)] 518280K->423716K(699392K), 0.0076773 secs] [Times: user=0.08 sys=0.00, real=0.01 secs] 
2016-09-25T22:11:05.308-0400: 16.049: [GC (Allocation Failure) [PSYoungGen: 153667K->53290K(175104K)] 511836K->440049K(699392K), 0.0141775 secs] [Times: user=0.16 sys=0.01, real=0.02 secs] 
2016-09-25T22:11:05.323-0400: 16.064: [GC (GCLocker Initiated GC) [PSYoungGen: 53495K->288K(175104K)] 440255K->450884K(699392K), 0.0089419 secs] [Times: user=0.10 sys=0.00, real=0.00 secs] 
2016-09-25T22:11:05.391-0400: 16.132: [GC (GCLocker Initiated GC) [PSYoungGen: 88352K->84693K(175104K)] 538960K->538009K(699392K), 0.0113257 secs] [Times: user=0.15 sys=0.01, real=0.02 secs] 
2016-09-25T22:11:05.444-0400: 16.185: [GC (GCLocker Initiated GC) [PSYoungGen: 172757K->77754K(175104K)] 629253K->538733K(699392K), 0.0063281 secs] [Times: user=0.08 sys=0.00, real=0.00 secs] 
2016-09-25T22:11:05.512-0400: 16.253: [GC (GCLocker Initiated GC) [PSYoungGen: 165818K->70968K(175104K)] 629580K->534995K(699392K), 0.0140052 secs] [Times: user=0.16 sys=0.00, real=0.02 secs] 
2016-09-25T22:11:05.597-0400: 16.337: [GC (GCLocker Initiated GC) [PSYoungGen: 159032K->73636K(175104K)] 625876K->543431K(699392K), 0.0102575 secs] [Times: user=0.13 sys=0.00, real=0.01 secs] 
2016-09-25T22:11:05.609-0400: 16.350: [Full GC (Ergonomics) [PSYoungGen: 73636K->0K(175104K)] [ParOldGen: 469794K->104463K(524288K)] 543431K->104463K(699392K), [Metaspace: 43286K->43286K(1085440K)], 0.0498192 secs] [Times: user=0.42 sys=0.00, real=0.05 secs] 
2016-09-25T22:11:05.696-0400: 16.437: [GC (GCLocker Initiated GC) [PSYoungGen: 88064K->81925K(175104K)] 195292K->189154K(699392K), 0.0110066 secs] [Times: user=0.16 sys=0.00, real=0.01 secs] 
2016-09-25T22:11:05.764-0400: 16.505: [GC (GCLocker Initiated GC) [PSYoungGen: 169989K->66920K(175104K)] 280023K->194908K(699392K), 0.0107409 secs] [Times: user=0.12 sys=0.00, real=0.01 secs] 
2016-09-25T22:11:05.850-0400: 16.591: [GC (GCLocker Initiated GC) [PSYoungGen: 154984K->53393K(175104K)] 289952K->208868K(699392K), 0.0134326 secs] [Times: user=0.17 sys=0.00, real=0.02 secs] 
2016-09-25T22:11:05.901-0400: 16.641: [GC (GCLocker Initiated GC) [PSYoungGen: 141457K->65520K(175104K)] 306576K->241685K(699392K), 0.0071278 secs] [Times: user=0.08 sys=0.00, real=0.01 secs] 
2016-09-25T22:11:05.956-0400: 16.697: [GC (GCLocker Initiated GC) [PSYoungGen: 153584K->75016K(175104K)] 329837K->266367K(699392K), 0.0109620 secs] [Times: user=0.13 sys=0.01, real=0.01 secs] 
2016-09-25T22:11:06.049-0400: 16.789: [GC (GCLocker Initiated GC) [PSYoungGen: 163080K->68287K(175104K)] 355309K->263493K(699392K), 0.0099284 secs] [Times: user=0.12 sys=0.00, real=0.01 secs] 
2016-09-25T22:11:06.115-0400: 16.856: [GC (GCLocker Initiated GC) [PSYoungGen: 156351K->56045K(175104K)] 358589K->269397K(699392K), 0.0051886 secs] [Times: user=0.07 sys=0.00, real=0.00 secs] 
2016-09-25T22:11:06.183-0400: 16.924: [GC (GCLocker Initiated GC) [PSYoungGen: 144109K->46579K(175104K)] 360188K->273762K(699392K), 0.0079028 secs] [Times: user=0.08 sys=0.00, real=0.00 secs] 
2016-09-25T22:11:06.258-0400: 16.999: [GC (GCLocker Initiated GC) [PSYoungGen: 134643K->56105K(175104K)] 364643K->299854K(699392K), 0.0078426 secs] [Times: user=0.10 sys=0.01, real=0.01 secs] 
2016-09-25T22:11:06.309-0400: 17.050: [GC (GCLocker Initiated GC) [PSYoungGen: 144169K->59982K(175104K)] 388029K->305529K(699392K), 0.0066693 secs] [Times: user=0.05 sys=0.00, real=0.01 secs] 
2016-09-25T22:11:06.356-0400: 17.097: [GC (GCLocker Initiated GC) [PSYoungGen: 148046K->53371K(175104K)] 396408K->310146K(699392K), 0.0064169 secs] [Times: user=0.06 sys=0.00, real=0.01 secs] 
2016-09-25T22:11:06.413-0400: 17.154: [GC (GCLocker Initiated GC) [PSYoungGen: 141435K->48070K(175104K)] 404054K->329939K(699392K), 0.0286136 secs] [Times: user=0.39 sys=0.00, real=0.03 secs] 
2016-09-25T22:11:06.491-0400: 17.231: [GC (GCLocker Initiated GC) [PSYoungGen: 136134K->77846K(175104K)] 420774K->362825K(699392K), 0.0082883 secs] [Times: user=0.08 sys=0.00, real=0.01 secs] 
2016-09-25T22:11:06.547-0400: 17.287: [GC (GCLocker Initiated GC) [PSYoungGen: 165910K->62826K(175104K)] 451105K->360540K(699392K), 0.0112680 secs] [Times: user=0.11 sys=0.00, real=0.01 secs] 
2016-09-25T22:11:06.602-0400: 17.343: [GC (GCLocker Initiated GC) [PSYoungGen: 150890K->42672K(175104K)] 454182K->367877K(699392K), 0.0152590 secs] [Times: user=0.15 sys=0.00, real=0.02 secs] 
2016-09-25T22:11:06.673-0400: 17.413: [GC (GCLocker Initiated GC) [PSYoungGen: 130736K->49267K(175104K)] 458709K->377623K(699392K), 0.0101757 secs] [Times: user=0.09 sys=0.00, real=0.02 secs] 
2016-09-25T22:11:06.736-0400: 17.477: [GC (GCLocker Initiated GC) [PSYoungGen: 137331K->53505K(175104K)] 468419K->399861K(699392K), 0.0072339 secs] [Times: user=0.09 sys=0.00, real=0.01 secs] 
2016-09-25T22:11:06.788-0400: 17.529: [GC (GCLocker Initiated GC) [PSYoungGen: 141569K->64371K(175104K)] 493416K->416648K(699392K), 0.0128294 secs] [Times: user=0.17 sys=0.00, real=0.01 secs] 
2016-09-25T22:11:06.850-0400: 17.591: [GC (GCLocker Initiated GC) [PSYoungGen: 152435K->49424K(137728K)] 510358K->407764K(662016K), 0.0101468 secs] [Times: user=0.10 sys=0.00, real=0.01 secs] 
2016-09-25T22:11:06.909-0400: 17.650: [GC (GCLocker Initiated GC) [PSYoungGen: 137488K->57473K(176128K)] 504081K->424491K(700416K), 0.0302416 secs] [Times: user=0.32 sys=0.00, real=0.03 secs] 
2016-09-25T22:11:06.992-0400: 17.733: [GC (GCLocker Initiated GC) [PSYoungGen: 148097K->80705K(173568K)] 515231K->464500K(697856K), 0.0094553 secs] [Times: user=0.14 sys=0.00, real=0.01 secs] 
2016-09-25T22:11:07.062-0400: 17.803: [GC (GCLocker Initiated GC) [PSYoungGen: 171329K->67055K(175104K)] 558738K->473818K(699392K), 0.0173261 secs] [Times: user=0.24 sys=0.01, real=0.02 secs] 
2016-09-25T22:11:07.135-0400: 17.876: [GC (GCLocker Initiated GC) [PSYoungGen: 155119K->45207K(175104K)] 564696K->475495K(699392K), 0.0096596 secs] [Times: user=0.08 sys=0.00, real=0.01 secs] 
2016-09-25T22:11:07.198-0400: 17.938: [GC (GCLocker Initiated GC) [PSYoungGen: 133271K->68374K(175104K)] 570345K->505810K(699392K), 0.0167255 secs] [Times: user=0.20 sys=0.00, real=0.02 secs] 
2016-09-25T22:11:07.265-0400: 18.006: [GC (GCLocker Initiated GC) [PSYoungGen: 156438K->67122K(175104K)] 598035K->509265K(699392K), 0.0065426 secs] [Times: user=0.07 sys=0.00, real=0.00 secs] 
2016-09-25T22:11:07.328-0400: 18.069: [GC (GCLocker Initiated GC) [PSYoungGen: 155186K->46786K(175104K)] 597541K->511209K(699392K), 0.0161860 secs] [Times: user=0.15 sys=0.00, real=0.02 secs] 
2016-09-25T22:11:07.400-0400: 18.141: [GC (GCLocker Initiated GC) [PSYoungGen: 134850K->56413K(144896K)] 607587K->544414K(669184K), 0.0196283 secs] [Times: user=0.26 sys=0.00, real=0.02 secs] 
2016-09-25T22:11:07.485-0400: 18.225: [Full GC (Ergonomics) [PSYoungGen: 144477K->0K(144896K)] [ParOldGen: 501667K->109999K(524288K)] 646144K->109999K(669184K), [Metaspace: 43304K->43304K(1085440K)], 0.0704973 secs] [Times: user=0.36 sys=0.01, real=0.07 secs] 
2016-09-25T22:11:07.558-0400: 18.299: [GC (GCLocker Initiated GC) [PSYoungGen: 3299K->2924K(173056K)] 113299K->112923K(697344K), 0.0027044 secs] [Times: user=0.02 sys=0.00, real=0.00 secs] 
2016-09-25T22:11:07.616-0400: 18.357: [GC (GCLocker Initiated GC) [PSYoungGen: 89964K->56391K(174080K)] 210771K->177238K(698368K), 0.0102655 secs] [Times: user=0.11 sys=0.00, real=0.01 secs] 
2016-09-25T22:11:07.696-0400: 18.437: [GC (GCLocker Initiated GC) [PSYoungGen: 143431K->34697K(175104K)] 276494K->172443K(699392K), 0.0076193 secs] [Times: user=0.10 sys=0.00, real=0.01 secs] 
2016-09-25T22:11:07.768-0400: 18.508: [GC (GCLocker Initiated GC) [PSYoungGen: 122761K->62927K(175104K)] 260572K->203913K(699392K), 0.0100214 secs] [Times: user=0.14 sys=0.00, real=0.01 secs] 
2016-09-25T22:11:07.833-0400: 18.573: [GC (GCLocker Initiated GC) [PSYoungGen: 150991K->53537K(174080K)] 296059K->224650K(698368K), 0.0144431 secs] [Times: user=0.20 sys=0.00, real=0.02 secs] 
2016-09-25T22:11:07.899-0400: 18.640: [GC (GCLocker Initiated GC) [PSYoungGen: 141601K->49524K(137728K)] 314701K->255536K(662016K), 0.0138942 secs] [Times: user=0.21 sys=0.00, real=0.01 secs] 
2016-09-25T22:11:07.963-0400: 18.704: [GC (GCLocker Initiated GC) [PSYoungGen: 137588K->57541K(175104K)] 343678K->264035K(699392K), 0.0089695 secs] [Times: user=0.08 sys=0.00, real=0.00 secs] 
2016-09-25T22:11:08.022-0400: 18.763: [GC (GCLocker Initiated GC) [PSYoungGen: 148677K->65819K(173568K)] 355219K->286215K(697856K), 0.0203893 secs] [Times: user=0.28 sys=0.00, real=0.03 secs] 
2016-09-25T22:11:08.099-0400: 18.840: [GC (GCLocker Initiated GC) [PSYoungGen: 156955K->52263K(176640K)] 384242K->297582K(700928K), 0.0072350 secs] [Times: user=0.08 sys=0.00, real=0.01 secs] 
2016-09-25T22:11:08.165-0400: 18.906: [GC (GCLocker Initiated GC) [PSYoungGen: 147495K->64378K(177152K)] 392921K->315695K(701440K), 0.0177634 secs] [Times: user=0.19 sys=0.00, real=0.02 secs] 
2016-09-25T22:11:08.247-0400: 18.988: [GC (GCLocker Initiated GC) [PSYoungGen: 159610K->53706K(176128K)] 415052K->317751K(700416K), 0.0243627 secs] [Times: user=0.37 sys=0.00, real=0.02 secs] 
2016-09-25T22:11:08.334-0400: 19.075: [GC (GCLocker Initiated GC) [PSYoungGen: 150986K->49405K(177664K)] 415090K->327521K(701952K), 0.0101519 secs] [Times: user=0.10 sys=0.00, real=0.01 secs] 
2016-09-25T22:11:08.411-0400: 19.152: [GC (GCLocker Initiated GC) [PSYoungGen: 146685K->76537K(172032K)] 424957K->376887K(696320K), 0.0213694 secs] [Times: user=0.25 sys=0.01, real=0.02 secs] 
2016-09-25T22:11:08.493-0400: 19.234: [GC (Allocation Failure) [PSYoungGen: 169721K->61533K(177664K)] 472927K->365204K(701952K), 0.0277668 secs] [Times: user=0.35 sys=0.01, real=0.03 secs] 
2016-09-25T22:11:08.522-0400: 19.263: [GC (GCLocker Initiated GC) [PSYoungGen: 61650K->0K(171520K)] 365320K->367800K(695808K), 0.0083320 secs] [Times: user=0.06 sys=0.00, real=0.01 secs] 
2016-09-25T22:11:08.576-0400: 19.317: [GC (GCLocker Initiated GC) [PSYoungGen: 86881K->67389K(175104K)] 457381K->437889K(699392K), 0.0118472 secs] [Times: user=0.11 sys=0.00, real=0.01 secs] 
2016-09-25T22:11:08.654-0400: 19.394: [GC (GCLocker Initiated GC) [PSYoungGen: 155453K->72446K(175104K)] 526093K->452153K(699392K), 0.0121199 secs] [Times: user=0.15 sys=0.00, real=0.02 secs] 
2016-09-25T22:11:08.721-0400: 19.462: [GC (GCLocker Initiated GC) [PSYoungGen: 160510K->68558K(175104K)] 545773K->465069K(699392K), 0.0086698 secs] [Times: user=0.12 sys=0.00, real=0.01 secs] 
2016-09-25T22:11:08.778-0400: 19.519: [GC (GCLocker Initiated GC) [PSYoungGen: 156622K->61782K(175104K)] 556526K->478424K(699392K), 0.0098102 secs] [Times: user=0.14 sys=0.00, real=0.01 secs] 
2016-09-25T22:11:08.843-0400: 19.584: [GC (GCLocker Initiated GC) [PSYoungGen: 149846K->65745K(175104K)] 568228K->484678K(699392K), 0.0059042 secs] [Times: user=0.08 sys=0.00, real=0.00 secs] 
2016-09-25T22:11:08.901-0400: 19.642: [GC (GCLocker Initiated GC) [PSYoungGen: 153809K->61834K(175104K)] 576829K->493370K(699392K), 0.0087955 secs] [Times: user=0.08 sys=0.00, real=0.01 secs] 
2016-09-25T22:11:08.965-0400: 19.706: [GC (GCLocker Initiated GC) [PSYoungGen: 149898K->67102K(175104K)] 581485K->512709K(699392K), 0.0106659 secs] [Times: user=0.17 sys=0.00, real=0.01 secs] 
2016-09-25T22:11:09.037-0400: 19.778: [GC (GCLocker Initiated GC) [PSYoungGen: 155166K->63149K(175104K)] 609016K->517462K(699392K), 0.0099148 secs] [Times: user=0.14 sys=0.00, real=0.01 secs] 
2016-09-25T22:11:09.108-0400: 19.849: [GC (GCLocker Initiated GC) [PSYoungGen: 151213K->35981K(175104K)] 607537K->507700K(699392K), 0.0100509 secs] [Times: user=0.15 sys=0.00, real=0.01 secs] 
2016-09-25T22:11:09.175-0400: 19.916: [GC (GCLocker Initiated GC) [PSYoungGen: 124045K->46966K(175104K)] 610702K->535406K(699392K), 0.0063562 secs] [Times: user=0.06 sys=0.00, real=0.00 secs] 
2016-09-25T22:11:09.182-0400: 19.922: [Full GC (Ergonomics) [PSYoungGen: 46966K->0K(175104K)] [ParOldGen: 488439K->114090K(524288K)] 535406K->114090K(699392K), [Metaspace: 43311K->43311K(1085440K)], 0.0550855 secs] [Times: user=0.45 sys=0.00, real=0.06 secs] 
2016-09-25T22:11:09.297-0400: 20.038: [GC (GCLocker Initiated GC) [PSYoungGen: 88064K->54083K(142336K)] 210346K->176366K(666624K), 0.0055015 secs] [Times: user=0.07 sys=0.00, real=0.01 secs] 
2016-09-25T22:11:09.356-0400: 20.097: [GC (GCLocker Initiated GC) [PSYoungGen: 142147K->48131K(176128K)] 267208K->180806K(700416K), 0.0100306 secs] [Times: user=0.08 sys=0.01, real=0.01 secs] 
2016-09-25T22:11:09.416-0400: 20.157: [GC (GCLocker Initiated GC) [PSYoungGen: 137731K->51040K(140800K)] 275878K->189676K(665088K), 0.0060651 secs] [Times: user=0.05 sys=0.00, real=0.01 secs] 
2016-09-25T22:11:09.483-0400: 20.223: [GC (GCLocker Initiated GC) [PSYoungGen: 140640K->76665K(168448K)] 282014K->226741K(692736K), 0.0085045 secs] [Times: user=0.12 sys=0.01, real=0.00 secs] 
2016-09-25T22:11:09.540-0400: 20.280: [GC (GCLocker Initiated GC) [PSYoungGen: 162681K->56307K(173056K)] 312807K->221900K(697344K), 0.0067677 secs] [Times: user=0.08 sys=0.00, real=0.01 secs] 
2016-09-25T22:11:09.594-0400: 20.335: [GC (GCLocker Initiated GC) [PSYoungGen: 142323K->66037K(174080K)] 316168K->259307K(698368K), 0.0115062 secs] [Times: user=0.14 sys=0.00, real=0.02 secs] 
2016-09-25T22:11:09.667-0400: 20.407: [GC (GCLocker Initiated GC) [PSYoungGen: 156149K->78020K(168448K)] 351088K->273732K(692736K), 0.0092791 secs] [Times: user=0.14 sys=0.01, real=0.01 secs] 
2016-09-25T22:11:09.744-0400: 20.485: [GC (GCLocker Initiated GC) [PSYoungGen: 168132K->63047K(175104K)] 366688K->275644K(699392K), 0.0099074 secs] [Times: user=0.12 sys=0.00, real=0.01 secs] 
2016-09-25T22:11:09.812-0400: 20.553: [GC (GCLocker Initiated GC) [PSYoungGen: 151111K->48214K(175104K)] 368048K->281890K(699392K), 0.0096574 secs] [Times: user=0.09 sys=0.00, real=0.01 secs] 
2016-09-25T22:11:09.872-0400: 20.613: [GC (GCLocker Initiated GC) [PSYoungGen: 136278K->53570K(173056K)] 377006K->298944K(697344K), 0.0139456 secs] [Times: user=0.10 sys=0.01, real=0.02 secs] 
2016-09-25T22:11:09.961-0400: 20.702: [GC (GCLocker Initiated GC) [PSYoungGen: 141634K->67250K(174080K)] 388374K->329385K(698368K), 0.0130477 secs] [Times: user=0.12 sys=0.00, real=0.02 secs] 
2016-09-25T22:11:10.037-0400: 20.778: [GC (GCLocker Initiated GC) [PSYoungGen: 155314K->74004K(174592K)] 428289K->347559K(698880K), 0.0100497 secs] [Times: user=0.14 sys=0.00, real=0.01 secs] 
2016-09-25T22:11:10.118-0400: 20.859: [GC (GCLocker Initiated GC) [PSYoungGen: 162068K->75294K(175104K)] 439788K->364414K(699392K), 0.0155591 secs] [Times: user=0.18 sys=0.00, real=0.01 secs] 
2016-09-25T22:11:10.228-0400: 20.969: [GC (GCLocker Initiated GC) [PSYoungGen: 163358K->44280K(175104K)] 458747K->361880K(699392K), 0.0076933 secs] [Times: user=0.07 sys=0.00, real=0.01 secs] 
2016-09-25T22:11:10.293-0400: 21.034: [GC (GCLocker Initiated GC) [PSYoungGen: 132344K->64366K(175104K)] 450197K->399027K(699392K), 0.0115715 secs] [Times: user=0.10 sys=0.00, real=0.02 secs] 
2016-09-25T22:11:10.395-0400: 21.136: [GC (GCLocker Initiated GC) [PSYoungGen: 152430K->54811K(175104K)] 487397K->392954K(699392K), 0.0134672 secs] [Times: user=0.12 sys=0.00, real=0.01 secs] 
2016-09-25T22:11:10.464-0400: 21.205: [GC (GCLocker Initiated GC) [PSYoungGen: 142875K->61727K(150016K)] 483964K->416846K(674304K), 0.0117048 secs] [Times: user=0.13 sys=0.01, real=0.01 secs] 
2016-09-25T22:11:10.528-0400: 21.268: [GC (GCLocker Initiated GC) [PSYoungGen: 149791K->64427K(175104K)] 507808K->424411K(699392K), 0.0328031 secs] [Times: user=0.45 sys=0.01, real=0.03 secs] 
2016-09-25T22:11:10.651-0400: 21.392: [GC (GCLocker Initiated GC) [PSYoungGen: 153515K->45724K(174080K)] 524506K->428060K(698368K), 0.0139476 secs] [Times: user=0.17 sys=0.00, real=0.02 secs] 
2016-09-25T22:11:10.726-0400: 21.467: [GC (GCLocker Initiated GC) [PSYoungGen: 134812K->71271K(173056K)] 524052K->462699K(697344K), 0.0066093 secs] [Times: user=0.07 sys=0.00, real=0.00 secs] 
2016-09-25T22:11:10.829-0400: 21.570: [GC (GCLocker Initiated GC) [PSYoungGen: 159335K->63108K(175104K)] 550912K->467379K(699392K), 0.0107751 secs] [Times: user=0.10 sys=0.01, real=0.01 secs] 
2016-09-25T22:11:10.891-0400: 21.632: [GC (GCLocker Initiated GC) [PSYoungGen: 151172K->75255K(173568K)] 558217K->494954K(697856K), 0.0080517 secs] [Times: user=0.08 sys=0.00, real=0.01 secs] 
2016-09-25T22:11:10.943-0400: 21.684: [GC (GCLocker Initiated GC) [PSYoungGen: 163319K->69975K(175104K)] 585873K->514646K(699392K), 0.0128001 secs] [Times: user=0.15 sys=0.00, real=0.01 secs] 
2016-09-25T22:11:11.018-0400: 21.759: [GC (GCLocker Initiated GC) [PSYoungGen: 158039K->80745K(175104K)] 602826K->542313K(699392K), 0.0130423 secs] [Times: user=0.15 sys=0.01, real=0.01 secs] 
2016-09-25T22:11:11.093-0400: 21.834: [GC (GCLocker Initiated GC) [PSYoungGen: 168809K->61589K(175104K)] 630414K->534545K(699392K), 0.0093457 secs] [Times: user=0.10 sys=0.00, real=0.02 secs] 
2016-09-25T22:11:11.154-0400: 21.895: [GC (GCLocker Initiated GC) [PSYoungGen: 149653K->69881K(175104K)] 626676K->552839K(699392K), 0.0096199 secs] [Times: user=0.07 sys=0.00, real=0.01 secs] 
2016-09-25T22:11:11.243-0400: 21.984: [GC (GCLocker Initiated GC) [PSYoungGen: 157945K->72505K(175104K)] 642282K->557417K(699392K), 0.0111390 secs] [Times: user=0.11 sys=0.01, real=0.01 secs] 
2016-09-25T22:11:11.310-0400: 22.051: [GC (GCLocker Initiated GC) [PSYoungGen: 160569K->67126K(175104K)] 645642K->566174K(699392K), 0.0072742 secs] [Times: user=0.08 sys=0.01, real=0.01 secs] 
2016-09-25T22:11:11.317-0400: 22.058: [Full GC (Ergonomics) [PSYoungGen: 67126K->0K(175104K)] [ParOldGen: 499048K->128462K(524288K)] 566174K->128462K(699392K), [Metaspace: 43319K->43319K(1085440K)], 0.0476932 secs] [Times: user=0.37 sys=0.00, real=0.05 secs] 
2016-09-25T22:11:11.419-0400: 22.160: [GC (GCLocker Initiated GC) [PSYoungGen: 88064K->69206K(175104K)] 216978K->198121K(699392K), 0.0095722 secs] [Times: user=0.14 sys=0.00, real=0.01 secs] 
2016-09-25T22:11:11.487-0400: 22.228: [GC (GCLocker Initiated GC) [PSYoungGen: 157270K->34532K(175104K)] 286257K->172828K(699392K), 0.0085842 secs] [Times: user=0.04 sys=0.00, real=0.01 secs] 
2016-09-25T22:11:11.545-0400: 22.286: [GC (GCLocker Initiated GC) [PSYoungGen: 122596K->64676K(175104K)] 260934K->229182K(699392K), 0.0094120 secs] [Times: user=0.13 sys=0.00, real=0.01 secs] 
2016-09-25T22:11:11.615-0400: 22.356: [GC (GCLocker Initiated GC) [PSYoungGen: 152740K->64412K(174080K)] 322765K->245927K(698368K), 0.0166212 secs] [Times: user=0.23 sys=0.00, real=0.01 secs] 
2016-09-25T22:11:11.689-0400: 22.430: [GC (GCLocker Initiated GC) [PSYoungGen: 152476K->61770K(150016K)] 339622K->268369K(674304K), 0.0120681 secs] [Times: user=0.14 sys=0.00, real=0.01 secs] 
2016-09-25T22:11:11.760-0400: 22.501: [GC (GCLocker Initiated GC) [PSYoungGen: 149834K->77881K(171520K)] 356604K->287859K(695808K), 0.0129931 secs] [Times: user=0.16 sys=0.00, real=0.01 secs] 
2016-09-25T22:11:11.812-0400: 22.553: [GC (GCLocker Initiated GC) [PSYoungGen: 164921K->65911K(174080K)] 375026K->292650K(698368K), 0.0115336 secs] [Times: user=0.16 sys=0.00, real=0.02 secs] 
2016-09-25T22:11:11.875-0400: 22.615: [GC (GCLocker Initiated GC) [PSYoungGen: 152951K->76511K(174080K)] 382517K->312092K(698368K), 0.0073055 secs] [Times: user=0.08 sys=0.00, real=0.00 secs] 
2016-09-25T22:11:11.936-0400: 22.677: [GC (GCLocker Initiated GC) [PSYoungGen: 164575K->53467K(175104K)] 402883K->321897K(699392K), 0.0067142 secs] [Times: user=0.06 sys=0.01, real=0.01 secs] 
2016-09-25T22:11:11.997-0400: 22.738: [GC (GCLocker Initiated GC) [PSYoungGen: 141531K->48066K(175104K)] 422333K->329253K(699392K), 0.0100764 secs] [Times: user=0.06 sys=0.00, real=0.01 secs] 
2016-09-25T22:11:12.056-0400: 22.797: [GC (GCLocker Initiated GC) [PSYoungGen: 136130K->68415K(175104K)] 427010K->362427K(699392K), 0.0113645 secs] [Times: user=0.14 sys=0.01, real=0.01 secs] 
2016-09-25T22:11:12.119-0400: 22.860: [GC (GCLocker Initiated GC) [PSYoungGen: 156479K->72498K(175104K)] 453440K->380693K(699392K), 0.0087821 secs] [Times: user=0.10 sys=0.01, real=0.01 secs] 
2016-09-25T22:11:12.182-0400: 22.922: [GC (GCLocker Initiated GC) [PSYoungGen: 160562K->69715K(175104K)] 471546K->385176K(699392K), 0.0089818 secs] [Times: user=0.12 sys=0.00, real=0.01 secs] 
2016-09-25T22:11:12.247-0400: 22.987: [GC (GCLocker Initiated GC) [PSYoungGen: 157779K->54769K(175104K)] 473280K->378763K(699392K), 0.0173384 secs] [Times: user=0.22 sys=0.00, real=0.02 secs] 
2016-09-25T22:11:12.308-0400: 23.049: [GC (GCLocker Initiated GC) [PSYoungGen: 142833K->73910K(175104K)] 469681K->401143K(699392K), 0.0111177 secs] [Times: user=0.15 sys=0.01, real=0.01 secs] 
2016-09-25T22:11:12.365-0400: 23.106: [GC (GCLocker Initiated GC) [PSYoungGen: 161974K->72562K(175104K)] 489288K->411182K(699392K), 0.0075978 secs] [Times: user=0.08 sys=0.00, real=0.00 secs] 
2016-09-25T22:11:12.428-0400: 23.169: [GC (GCLocker Initiated GC) [PSYoungGen: 160626K->83362K(175104K)] 504692K->427887K(699392K), 0.0061240 secs] [Times: user=0.08 sys=0.00, real=0.00 secs] 
2016-09-25T22:11:12.495-0400: 23.236: [GC (GCLocker Initiated GC) [PSYoungGen: 171426K->63046K(175104K)] 521445K->435140K(699392K), 0.0098777 secs] [Times: user=0.09 sys=0.00, real=0.01 secs] 
2016-09-25T22:11:12.561-0400: 23.302: [GC (GCLocker Initiated GC) [PSYoungGen: 151110K->67115K(175104K)] 530089K->460051K(699392K), 0.0087302 secs] [Times: user=0.12 sys=0.00, real=0.01 secs] 
2016-09-25T22:11:12.622-0400: 23.363: [GC (GCLocker Initiated GC) [PSYoungGen: 155179K->64361K(175104K)] 565888K->489023K(699392K), 0.0084706 secs] [Times: user=0.11 sys=0.00, real=0.00 secs] 
2016-09-25T22:11:12.681-0400: 23.422: [GC (GCLocker Initiated GC) [PSYoungGen: 152425K->56134K(175104K)] 578460K->482599K(699392K), 0.0120877 secs] [Times: user=0.13 sys=0.00, real=0.01 secs] 
2016-09-25T22:11:12.739-0400: 23.480: [GC (GCLocker Initiated GC) [PSYoungGen: 144198K->53595K(175104K)] 584241K->494077K(699392K), 0.0115532 secs] [Times: user=0.16 sys=0.00, real=0.01 secs] 
2016-09-25T22:11:12.803-0400: 23.544: [GC (GCLocker Initiated GC) [PSYoungGen: 141659K->63041K(151552K)] 595794K->517625K(675840K), 0.0060958 secs] [Times: user=0.07 sys=0.00, real=0.00 secs] 
2016-09-25T22:11:12.863-0400: 23.604: [GC (GCLocker Initiated GC) [PSYoungGen: 151105K->67138K(174592K)] 608542K->531769K(698880K), 0.0078521 secs] [Times: user=0.07 sys=0.00, real=0.00 secs] 
2016-09-25T22:11:12.935-0400: 23.676: [GC (GCLocker Initiated GC) [PSYoungGen: 156226K->72460K(173568K)] 623811K->540425K(697856K), 0.0114079 secs] [Times: user=0.09 sys=0.00, real=0.01 secs] 
2016-09-25T22:11:13.007-0400: 23.748: [GC (GCLocker Initiated GC) [PSYoungGen: 161548K->64341K(174592K)] 629534K->543573K(698880K), 0.0068694 secs] [Times: user=0.07 sys=0.00, real=0.01 secs] 
2016-09-25T22:11:13.071-0400: 23.812: [GC (GCLocker Initiated GC) [PSYoungGen: 156501K->72525K(175616K)] 635837K->563049K(699904K), 0.0064032 secs] [Times: user=0.09 sys=0.00, real=0.01 secs] 
2016-09-25T22:11:13.143-0400: 23.884: [GC (GCLocker Initiated GC) [PSYoungGen: 164685K->56234K(177664K)] 657926K->549898K(701952K), 0.0091993 secs] [Times: user=0.11 sys=0.01, real=0.00 secs] 
2016-09-25T22:11:13.201-0400: 23.942: [Full GC (Ergonomics) [PSYoungGen: 149418K->0K(177664K)] [ParOldGen: 501781K->139467K(524288K)] 651199K->139467K(701952K), [Metaspace: 43329K->43329K(1085440K)], 0.0581422 secs] [Times: user=0.38 sys=0.00, real=0.06 secs] 
2016-09-25T22:11:13.319-0400: 24.060: [GC (GCLocker Initiated GC) [PSYoungGen: 93184K->76866K(170496K)] 232702K->216385K(694784K), 0.0062020 secs] [Times: user=0.08 sys=0.00, real=0.01 secs] 
2016-09-25T22:11:13.383-0400: 24.123: [GC (GCLocker Initiated GC) [PSYoungGen: 170050K->69769K(176128K)] 315024K->230347K(700416K), 0.0064313 secs] [Times: user=0.08 sys=0.00, real=0.00 secs] 
2016-09-25T22:11:13.445-0400: 24.186: [GC (GCLocker Initiated GC) [PSYoungGen: 159369K->65634K(155648K)] 320104K->245740K(679936K), 0.0068661 secs] [Times: user=0.09 sys=0.00, real=0.00 secs] 
2016-09-25T22:11:13.504-0400: 24.245: [GC (GCLocker Initiated GC) [PSYoungGen: 155234K->65709K(176128K)] 335397K->257090K(700416K), 0.0062607 secs] [Times: user=0.07 sys=0.00, real=0.00 secs] 
2016-09-25T22:11:13.561-0400: 24.302: [GC (GCLocker Initiated GC) [PSYoungGen: 157357K->77861K(174080K)] 351498K->272439K(698368K), 0.0066618 secs] [Times: user=0.09 sys=0.01, real=0.01 secs] 
2016-09-25T22:11:13.616-0400: 24.357: [GC (GCLocker Initiated GC) [PSYoungGen: 169509K->61632K(177664K)] 369553K->286423K(701952K), 0.0090740 secs] [Times: user=0.13 sys=0.00, real=0.01 secs] 
2016-09-25T22:11:13.692-0400: 24.432: [GC (GCLocker Initiated GC) [PSYoungGen: 153792K->66999K(159232K)] 381388K->305853K(683520K), 0.0063600 secs] [Times: user=0.07 sys=0.00, real=0.01 secs] 
2016-09-25T22:11:13.763-0400: 24.504: [GC (GCLocker Initiated GC) [PSYoungGen: 159159K->56297K(175104K)] 406172K->332133K(699392K), 0.0093588 secs] [Times: user=0.12 sys=0.00, real=0.00 secs] 
2016-09-25T22:11:13.838-0400: 24.579: [GC (Allocation Failure) [PSYoungGen: 148457K->38617K(175104K)] 431232K->323152K(699392K), 0.0109566 secs] [Times: user=0.04 sys=0.00, real=0.01 secs] 
2016-09-25T22:11:13.905-0400: 24.646: [GC (GCLocker Initiated GC) [PSYoungGen: 130402K->73789K(174080K)] 417637K->362904K(698368K), 0.0119147 secs] [Times: user=0.16 sys=0.00, real=0.01 secs] 
2016-09-25T22:11:13.973-0400: 24.714: [GC (GCLocker Initiated GC) [PSYoungGen: 161853K->61578K(175104K)] 451220K->360765K(699392K), 0.0127088 secs] [Times: user=0.15 sys=0.00, real=0.02 secs] 
2016-09-25T22:11:14.042-0400: 24.783: [GC (GCLocker Initiated GC) [PSYoungGen: 149642K->76645K(174080K)] 454307K->381690K(698368K), 0.0078686 secs] [Times: user=0.12 sys=0.00, real=0.00 secs] 
2016-09-25T22:11:14.104-0400: 24.845: [GC (GCLocker Initiated GC) [PSYoungGen: 164709K->55015K(175104K)] 475844K->388251K(699392K), 0.0066975 secs] [Times: user=0.07 sys=0.00, real=0.00 secs] 
2016-09-25T22:11:14.155-0400: 24.896: [GC (GCLocker Initiated GC) [PSYoungGen: 143079K->60265K(173056K)] 480086K->424742K(697344K), 0.0101543 secs] [Times: user=0.16 sys=0.00, real=0.01 secs] 
2016-09-25T22:11:14.210-0400: 24.951: [GC (GCLocker Initiated GC) [PSYoungGen: 148329K->54926K(174080K)] 513813K->437011K(698368K), 0.0078949 secs] [Times: user=0.11 sys=0.01, real=0.01 secs] 
2016-09-25T22:11:14.267-0400: 25.008: [GC (GCLocker Initiated GC) [PSYoungGen: 142990K->71151K(175616K)] 526558K->455093K(699904K), 0.0085591 secs] [Times: user=0.13 sys=0.00, real=0.01 secs] 
2016-09-25T22:11:14.322-0400: 25.063: [GC (GCLocker Initiated GC) [PSYoungGen: 161263K->68335K(176128K)] 545513K->458415K(700416K), 0.0099339 secs] [Times: user=0.09 sys=0.00, real=0.01 secs] 
2016-09-25T22:11:20.236-0400: 30.977: [GC (GCLocker Initiated GC) [PSYoungGen: 158447K->46619K(174592K)] 554074K->456141K(698880K), 0.0108410 secs] [Times: user=0.08 sys=0.02, real=0.01 secs] 
2016-09-25T22:11:20.308-0400: 31.049: [GC (GCLocker Initiated GC) [PSYoungGen: 135707K->42799K(132096K)] 548037K->485212K(656384K), 0.0139699 secs] [Times: user=0.12 sys=0.00, real=0.01 secs] 
2016-09-25T22:11:20.391-0400: 31.132: [GC (GCLocker Initiated GC) [PSYoungGen: 131887K->64398K(175616K)] 578520K->511501K(699904K), 0.0076446 secs] [Times: user=0.10 sys=0.00, real=0.01 secs] 
2016-09-25T22:11:20.486-0400: 31.226: [GC (GCLocker Initiated GC) [PSYoungGen: 152974K->34404K(175104K)] 601497K->494147K(699392K), 0.0370207 secs] [Times: user=0.39 sys=0.00, real=0.04 secs] 
2016-09-25T22:11:20.592-0400: 31.333: [GC (GCLocker Initiated GC) [PSYoungGen: 122980K->69796K(175104K)] 585672K->551851K(699392K), 0.0132593 secs] [Times: user=0.20 sys=0.00, real=0.02 secs] 
2016-09-25T22:11:20.680-0400: 31.421: [GC (GCLocker Initiated GC) [PSYoungGen: 157860K->72414K(175104K)] 640000K->556354K(699392K), 0.0108070 secs] [Times: user=0.09 sys=0.00, real=0.01 secs] 
2016-09-25T22:11:20.765-0400: 31.506: [GC (GCLocker Initiated GC) [PSYoungGen: 160478K->45429K(175104K)] 648761K->554386K(699392K), 0.0233780 secs] [Times: user=0.30 sys=0.00, real=0.02 secs] 
2016-09-25T22:11:20.789-0400: 31.530: [Full GC (Ergonomics) [PSYoungGen: 45429K->0K(175104K)] [ParOldGen: 508956K->147746K(524288K)] 554386K->147746K(699392K), [Metaspace: 43347K->43347K(1085440K)], 0.0785330 secs] [Times: user=0.48 sys=0.01, real=0.08 secs] 
2016-09-25T22:11:20.938-0400: 31.679: [GC (GCLocker Initiated GC) [PSYoungGen: 88064K->49492K(175104K)] 239296K->200725K(699392K), 0.0093330 secs] [Times: user=0.07 sys=0.00, real=0.01 secs] 
2016-09-25T22:11:21.018-0400: 31.759: [GC (GCLocker Initiated GC) [PSYoungGen: 137556K->45184K(175104K)] 291580K->210636K(699392K), 0.0135820 secs] [Times: user=0.13 sys=0.00, real=0.01 secs] 
2016-09-25T22:11:21.098-0400: 31.839: [GC (GCLocker Initiated GC) [PSYoungGen: 133248K->46647K(175104K)] 301649K->216768K(699392K), 0.0249855 secs] [Times: user=0.27 sys=0.00, real=0.03 secs] 
2016-09-25T22:11:21.184-0400: 31.924: [GC (GCLocker Initiated GC) [PSYoungGen: 134711K->57548K(169984K)] 311820K->240492K(694272K), 0.0120665 secs] [Times: user=0.15 sys=0.00, real=0.01 secs] 
2016-09-25T22:11:21.263-0400: 32.004: [GC (GCLocker Initiated GC) [PSYoungGen: 145612K->58823K(172544K)] 328663K->244998K(696832K), 0.0070681 secs] [Times: user=0.08 sys=0.00, real=0.00 secs] 
2016-09-25T22:11:21.328-0400: 32.069: [GC (GCLocker Initiated GC) [PSYoungGen: 146887K->60354K(174592K)] 335817K->263198K(698880K), 0.0112023 secs] [Times: user=0.14 sys=0.01, real=0.01 secs] 
2016-09-25T22:11:21.408-0400: 32.149: [GC (GCLocker Initiated GC) [PSYoungGen: 155074K->49515K(176640K)] 360662K->282537K(700928K), 0.0237160 secs] [Times: user=0.30 sys=0.01, real=0.02 secs] 
2016-09-25T22:11:21.510-0400: 32.251: [GC (GCLocker Initiated GC) [PSYoungGen: 144235K->71146K(175616K)] 379987K->315440K(699904K), 0.0095265 secs] [Times: user=0.10 sys=0.00, real=0.01 secs] 
2016-09-25T22:11:21.596-0400: 32.337: [GC (GCLocker Initiated GC) [PSYoungGen: 166378K->49276K(178688K)] 416295K->310394K(702976K), 0.0111841 secs] [Times: user=0.07 sys=0.00, real=0.01 secs] 
2016-09-25T22:11:21.689-0400: 32.430: [GC (GCLocker Initiated GC) [PSYoungGen: 144508K->57517K(173568K)] 411107K->327284K(697856K), 0.0105138 secs] [Times: user=0.07 sys=0.00, real=0.01 secs] 
2016-09-25T22:11:21.762-0400: 32.503: [GC (GCLocker Initiated GC) [PSYoungGen: 153773K->50928K(176640K)] 426392K->345612K(700928K), 0.0068084 secs] [Times: user=0.08 sys=0.00, real=0.00 secs] 
2016-09-25T22:11:21.844-0400: 32.585: [GC (GCLocker Initiated GC) [PSYoungGen: 147184K->45287K(179200K)] 441987K->340523K(703488K), 0.0066806 secs] [Times: user=0.06 sys=0.00, real=0.00 secs] 
2016-09-25T22:11:21.928-0400: 32.669: [GC (GCLocker Initiated GC) [PSYoungGen: 148199K->38458K(181248K)] 448893K->342277K(705536K), 0.0099384 secs] [Times: user=0.06 sys=0.00, real=0.01 secs] 
2016-09-25T22:11:22.019-0400: 32.760: [GC (GCLocker Initiated GC) [PSYoungGen: 141370K->64448K(180224K)] 450636K->379548K(704512K), 0.0243026 secs] [Times: user=0.27 sys=0.00, real=0.03 secs] 
2016-09-25T22:11:22.120-0400: 32.860: [GC (GCLocker Initiated GC) [PSYoungGen: 165824K->50778K(181760K)] 481099K->377323K(706048K), 0.0100704 secs] [Times: user=0.10 sys=0.00, real=0.01 secs] 
2016-09-25T22:11:22.200-0400: 32.941: [GC (GCLocker Initiated GC) [PSYoungGen: 152154K->45287K(179712K)] 478817K->388570K(704000K), 0.0396782 secs] [Times: user=0.50 sys=0.01, real=0.04 secs] 
2016-09-25T22:11:22.317-0400: 33.058: [GC (GCLocker Initiated GC) [PSYoungGen: 148199K->62951K(180736K)] 491627K->414944K(705024K), 0.0090776 secs] [Times: user=0.07 sys=0.01, real=0.01 secs] 
2016-09-25T22:11:22.407-0400: 33.148: [GC (GCLocker Initiated GC) [PSYoungGen: 165863K->58892K(183808K)] 518081K->419692K(708096K), 0.0279955 secs] [Times: user=0.26 sys=0.01, real=0.03 secs] 
2016-09-25T22:11:22.515-0400: 33.255: [GC (GCLocker Initiated GC) [PSYoungGen: 163852K->33243K(138240K)] 536821K->406630K(662528K), 0.0146005 secs] [Times: user=0.14 sys=0.00, real=0.01 secs] 
2016-09-25T22:11:22.602-0400: 33.342: [GC (GCLocker Initiated GC) [PSYoungGen: 138203K->37149K(182784K)] 518636K->418098K(707072K), 0.0104943 secs] [Times: user=0.09 sys=0.00, real=0.01 secs] 
2016-09-25T22:11:22.686-0400: 33.427: [GC (GCLocker Initiated GC) [PSYoungGen: 140573K->38719K(142336K)] 540648K->439237K(666624K), 0.0299251 secs] [Times: user=0.28 sys=0.02, real=0.03 secs] 
2016-09-25T22:11:22.786-0400: 33.527: [GC (GCLocker Initiated GC) [PSYoungGen: 142143K->65592K(177152K)] 542809K->466848K(701440K), 0.0431562 secs] [Times: user=0.38 sys=0.02, real=0.04 secs] 
2016-09-25T22:11:22.898-0400: 33.639: [GC (GCLocker Initiated GC) [PSYoungGen: 163896K->56210K(180224K)] 570661K->466042K(704512K), 0.0131083 secs] [Times: user=0.13 sys=0.01, real=0.01 secs] 
2016-09-25T22:11:22.980-0400: 33.721: [GC (GCLocker Initiated GC) [PSYoungGen: 154514K->65703K(176640K)] 565452K->490633K(700928K), 0.0122575 secs] [Times: user=0.13 sys=0.01, real=0.01 secs] 
2016-09-25T22:11:23.065-0400: 33.806: [GC (GCLocker Initiated GC) [PSYoungGen: 161959K->48123K(179200K)] 592364K->489742K(703488K), 0.0186021 secs] [Times: user=0.19 sys=0.00, real=0.02 secs] 
2016-09-25T22:11:23.148-0400: 33.889: [GC (GCLocker Initiated GC) [PSYoungGen: 144379K->48148K(174592K)] 588813K->522683K(698880K), 0.0233263 secs] [Times: user=0.20 sys=0.02, real=0.02 secs] 
2016-09-25T22:11:23.241-0400: 33.982: [GC (GCLocker Initiated GC) [PSYoungGen: 146452K->45422K(177152K)] 623690K->527136K(701440K), 0.0160575 secs] [Times: user=0.15 sys=0.00, real=0.02 secs] 
2016-09-25T22:11:23.320-0400: 34.061: [GC (GCLocker Initiated GC) [PSYoungGen: 143726K->46751K(179200K)] 626034K->529478K(703488K), 0.0442682 secs] [Times: user=0.46 sys=0.01, real=0.05 secs] 
2016-09-25T22:11:23.432-0400: 34.173: [GC (GCLocker Initiated GC) [PSYoungGen: 152735K->58779K(181760K)] 635528K->542007K(706048K), 0.0242775 secs] [Times: user=0.18 sys=0.01, real=0.03 secs] 
2016-09-25T22:11:23.528-0400: 34.269: [GC (GCLocker Initiated GC) [PSYoungGen: 164763K->41506K(185344K)] 650716K->546800K(709632K), 0.0204781 secs] [Times: user=0.19 sys=0.02, real=0.02 secs] 
2016-09-25T22:11:23.549-0400: 34.290: [Full GC (Ergonomics) [PSYoungGen: 41506K->0K(185344K)] [ParOldGen: 505293K->161793K(524288K)] 546800K->161793K(709632K), [Metaspace: 43363K->43363K(1085440K)], 0.0862016 secs] [Times: user=0.44 sys=0.04, real=0.09 secs] 
2016-09-25T22:11:23.714-0400: 34.455: [GC (GCLocker Initiated GC) [PSYoungGen: 110592K->43381K(185856K)] 292783K->225573K(710144K), 0.0057102 secs] [Times: user=0.05 sys=0.01, real=0.00 secs] 
2016-09-25T22:11:23.782-0400: 34.523: [GC (GCLocker Initiated GC) [PSYoungGen: 153973K->73882K(175616K)] 336310K->269332K(699904K), 0.0079033 secs] [Times: user=0.10 sys=0.00, real=0.00 secs] 
2016-09-25T22:11:23.864-0400: 34.605: [GC (GCLocker Initiated GC) [PSYoungGen: 175258K->49453K(181760K)] 373646K->272579K(706048K), 0.0067682 secs] [Times: user=0.07 sys=0.01, real=0.00 secs] 
2016-09-25T22:11:23.926-0400: 34.667: [GC (GCLocker Initiated GC) [PSYoungGen: 150829K->72443K(173568K)] 374040K->296066K(697856K), 0.0069250 secs] [Times: user=0.07 sys=0.00, real=0.00 secs] 
2016-09-25T22:11:23.986-0400: 34.727: [GC (GCLocker Initiated GC) [PSYoungGen: 167675K->72467K(167936K)] 391340K->307392K(692224K), 0.0069930 secs] [Times: user=0.09 sys=0.01, real=0.00 secs] 
2016-09-25T22:11:24.069-0400: 34.810: [GC (GCLocker Initiated GC) [PSYoungGen: 167699K->37380K(175104K)] 408062K->315980K(699392K), 0.0188792 secs] [Times: user=0.26 sys=0.01, real=0.02 secs] 
2016-09-25T22:11:24.173-0400: 34.914: [GC (GCLocker Initiated GC) [PSYoungGen: 125444K->47991K(136192K)] 404113K->328429K(660480K), 0.0073768 secs] [Times: user=0.08 sys=0.00, real=0.01 secs] 
2016-09-25T22:11:24.230-0400: 34.971: [GC (GCLocker Initiated GC) [PSYoungGen: 136055K->61502K(173056K)] 419264K->355884K(697344K), 0.0245332 secs] [Times: user=0.22 sys=0.00, real=0.03 secs] 
2016-09-25T22:11:24.331-0400: 35.072: [GC (GCLocker Initiated GC) [PSYoungGen: 149566K->64205K(173056K)] 446806K->361828K(697344K), 0.0193860 secs] [Times: user=0.16 sys=0.01, real=0.02 secs] 
2016-09-25T22:11:24.435-0400: 35.176: [GC (GCLocker Initiated GC) [PSYoungGen: 152269K->56089K(172544K)] 452636K->358225K(696832K), 0.0146033 secs] [Times: user=0.18 sys=0.00, real=0.01 secs] 
2016-09-25T22:11:24.514-0400: 35.255: [GC (GCLocker Initiated GC) [PSYoungGen: 147737K->52089K(174592K)] 453998K->372181K(698880K), 0.0136836 secs] [Times: user=0.11 sys=0.01, real=0.02 secs] 
2016-09-25T22:11:24.620-0400: 35.360: [GC (GCLocker Initiated GC) [PSYoungGen: 143737K->53408K(175616K)] 463997K->382181K(699904K), 0.0196490 secs] [Times: user=0.20 sys=0.01, real=0.02 secs] 
2016-09-25T22:11:24.705-0400: 35.446: [GC (GCLocker Initiated GC) [PSYoungGen: 152224K->53461K(177152K)] 483738K->398869K(701440K), 0.0136535 secs] [Times: user=0.15 sys=0.01, real=0.01 secs] 
2016-09-25T22:11:24.813-0400: 35.553: [GC (GCLocker Initiated GC) [PSYoungGen: 152277K->57618K(182272K)] 508561K->414313K(706560K), 0.0124460 secs] [Times: user=0.14 sys=0.00, real=0.02 secs] 
2016-09-25T22:11:24.916-0400: 35.657: [GC (GCLocker Initiated GC) [PSYoungGen: 165138K->58701K(182784K)] 521875K->415852K(707072K), 0.0122914 secs] [Times: user=0.10 sys=0.00, real=0.01 secs] 
2016-09-25T22:11:25.011-0400: 35.752: [GC (GCLocker Initiated GC) [PSYoungGen: 166221K->42543K(186880K)] 528856K->405541K(711168K), 0.0168839 secs] [Times: user=0.18 sys=0.00, real=0.02 secs] 
2016-09-25T22:11:25.127-0400: 35.868: [GC (GCLocker Initiated GC) [PSYoungGen: 154671K->48040K(160256K)] 517779K->411553K(684544K), 0.0148816 secs] [Times: user=0.16 sys=0.00, real=0.01 secs] 
2016-09-25T22:11:25.208-0400: 35.949: [GC (GCLocker Initiated GC) [PSYoungGen: 160168K->35794K(185344K)] 526464K->424128K(709632K), 0.0200422 secs] [Times: user=0.14 sys=0.03, real=0.02 secs] 
2016-09-25T22:11:25.323-0400: 36.063: [GC (GCLocker Initiated GC) [PSYoungGen: 147410K->56366K(186368K)] 539246K->451333K(710656K), 0.0207234 secs] [Times: user=0.21 sys=0.00, real=0.02 secs] 
2016-09-25T22:11:25.407-0400: 36.148: [GC (GCLocker Initiated GC) [PSYoungGen: 167982K->54917K(184832K)] 564432K->459949K(709120K), 0.0114322 secs] [Times: user=0.14 sys=0.00, real=0.01 secs] 
2016-09-25T22:11:25.524-0400: 36.265: [GC (GCLocker Initiated GC) [PSYoungGen: 168069K->45340K(186368K)] 578709K->456393K(710656K), 0.0177808 secs] [Times: user=0.18 sys=0.00, real=0.01 secs] 
2016-09-25T22:11:25.618-0400: 36.359: [GC (GCLocker Initiated GC) [PSYoungGen: 158492K->56153K(187392K)] 580418K->478517K(711680K), 0.0104753 secs] [Times: user=0.13 sys=0.00, real=0.01 secs] 
2016-09-25T22:11:25.695-0400: 36.436: [GC (GCLocker Initiated GC) [PSYoungGen: 172889K->60427K(188416K)] 600763K->507708K(712704K), 0.0069921 secs] [Times: user=0.09 sys=0.00, real=0.01 secs] 
2016-09-25T22:11:25.777-0400: 36.518: [GC (GCLocker Initiated GC) [PSYoungGen: 177163K->44034K(189440K)] 631361K->498723K(713728K), 0.0063003 secs] [Times: user=0.05 sys=0.00, real=0.01 secs] 
2016-09-25T22:11:25.851-0400: 36.592: [GC (GCLocker Initiated GC) [PSYoungGen: 160258K->60304K(176640K)] 615054K->518273K(700928K), 0.0143726 secs] [Times: user=0.16 sys=0.00, real=0.02 secs] 
2016-09-25T22:11:25.952-0400: 36.693: [GC (GCLocker Initiated GC) [PSYoungGen: 176528K->34677K(186368K)] 636034K->513508K(710656K), 0.0134404 secs] [Times: user=0.17 sys=0.00, real=0.02 secs] 
2016-09-25T22:11:26.032-0400: 36.773: [GC (GCLocker Initiated GC) [PSYoungGen: 147317K->71072K(183808K)] 631630K->555848K(708096K), 0.0146293 secs] [Times: user=0.20 sys=0.00, real=0.02 secs] 
2016-09-25T22:11:26.109-0400: 36.849: [GC (GCLocker Initiated GC) [PSYoungGen: 183712K->60359K(180736K)] 668589K->561843K(705024K), 0.0089080 secs] [Times: user=0.09 sys=0.01, real=0.01 secs] 
2016-09-25T22:11:26.118-0400: 36.858: [Full GC (Ergonomics) [PSYoungGen: 60359K->0K(180736K)] [ParOldGen: 501484K->171958K(524288K)] 561843K->171958K(705024K), [Metaspace: 43499K->43499K(1085440K)], 0.0688755 secs] [Times: user=0.40 sys=0.02, real=0.07 secs] 
2016-09-25T22:11:26.277-0400: 37.018: [GC (GCLocker Initiated GC) [PSYoungGen: 102400K->72689K(175104K)] 282567K->252856K(699392K), 0.0172277 secs] [Times: user=0.18 sys=0.00, real=0.01 secs] 
2016-09-25T22:11:26.353-0400: 37.094: [GC (GCLocker Initiated GC) [PSYoungGen: 175089K->56060K(180736K)] 355502K->253428K(705024K), 0.0148894 secs] [Times: user=0.13 sys=0.01, real=0.02 secs] 
2016-09-25T22:11:26.433-0400: 37.174: [GC (GCLocker Initiated GC) [PSYoungGen: 152828K->54787K(152064K)] 355791K->258115K(676352K), 0.0180522 secs] [Times: user=0.19 sys=0.00, real=0.02 secs] 
2016-09-25T22:11:26.510-0400: 37.251: [GC (GCLocker Initiated GC) [PSYoungGen: 151555K->60144K(176128K)] 357692K->266707K(700416K), 0.0320523 secs] [Times: user=0.35 sys=0.00, real=0.03 secs] 
2016-09-25T22:11:26.598-0400: 37.339: [GC (GCLocker Initiated GC) [PSYoungGen: 157424K->50693K(175616K)] 366750K->292828K(699904K), 0.0137916 secs] [Times: user=0.13 sys=0.00, real=0.01 secs] 
2016-09-25T22:11:26.662-0400: 37.402: [GC (GCLocker Initiated GC) [PSYoungGen: 147973K->68276K(179712K)] 390199K->316277K(704000K), 0.0422208 secs] [Times: user=0.47 sys=0.01, real=0.05 secs] 
2016-09-25T22:11:26.762-0400: 37.503: [GC (GCLocker Initiated GC) [PSYoungGen: 170676K->61591K(182272K)] 418721K->328943K(706560K), 0.0088422 secs] [Times: user=0.08 sys=0.00, real=0.00 secs] 
2016-09-25T22:11:26.839-0400: 37.580: [GC (GCLocker Initiated GC) [PSYoungGen: 163991K->44020K(181760K)] 439566K->355129K(706048K), 0.0109417 secs] [Times: user=0.11 sys=0.01, real=0.01 secs] 
2016-09-25T22:11:26.912-0400: 37.653: [GC (GCLocker Initiated GC) [PSYoungGen: 146932K->38536K(182272K)] 464818K->356819K(706560K), 0.0174163 secs] [Times: user=0.14 sys=0.00, real=0.02 secs] 
2016-09-25T22:11:26.988-0400: 37.729: [GC (GCLocker Initiated GC) [PSYoungGen: 141448K->72531K(174080K)] 467975K->399562K(698368K), 0.0117718 secs] [Times: user=0.16 sys=0.00, real=0.01 secs] 
2016-09-25T22:11:27.062-0400: 37.803: [GC (GCLocker Initiated GC) [PSYoungGen: 166739K->56237K(178176K)] 497900K->395951K(702464K), 0.0220261 secs] [Times: user=0.24 sys=0.00, real=0.03 secs] 
2016-09-25T22:11:27.145-0400: 37.886: [GC (GCLocker Initiated GC) [PSYoungGen: 150445K->60262K(174592K)] 490347K->426208K(698880K), 0.0083200 secs] [Times: user=0.08 sys=0.01, real=0.00 secs] 
2016-09-25T22:11:27.213-0400: 37.954: [GC (GCLocker Initiated GC) [PSYoungGen: 157030K->44214K(177152K)] 528525K->439017K(701440K), 0.0173140 secs] [Times: user=0.16 sys=0.00, real=0.02 secs] 
2016-09-25T22:11:27.295-0400: 38.036: [GC (GCLocker Initiated GC) [PSYoungGen: 140982K->60318K(179712K)] 541209K->477223K(704000K), 0.0070895 secs] [Times: user=0.07 sys=0.00, real=0.00 secs] 
2016-09-25T22:11:27.370-0400: 38.110: [GC (GCLocker Initiated GC) [PSYoungGen: 161694K->64260K(180736K)] 581374K->484354K(705024K), 0.0097278 secs] [Times: user=0.09 sys=0.00, real=0.01 secs] 
2016-09-25T22:11:27.451-0400: 38.192: [GC (GCLocker Initiated GC) [PSYoungGen: 165636K->46755K(182272K)] 590074K->482363K(706560K), 0.0204232 secs] [Times: user=0.18 sys=0.00, real=0.02 secs] 
2016-09-25T22:11:27.531-0400: 38.272: [GC (GCLocker Initiated GC) [PSYoungGen: 148643K->53320K(155648K)] 584355K->500263K(679936K), 0.0117724 secs] [Times: user=0.11 sys=0.00, real=0.02 secs] 
2016-09-25T22:11:27.605-0400: 38.346: [GC (GCLocker Initiated GC) [PSYoungGen: 155208K->56294K(181760K)] 610380K->528033K(706048K), 0.0098716 secs] [Times: user=0.09 sys=0.00, real=0.01 secs] 
2016-09-25T22:11:27.674-0400: 38.415: [GC (GCLocker Initiated GC) [PSYoungGen: 160230K->54811K(179712K)] 632114K->529862K(704000K), 0.0267428 secs] [Times: user=0.23 sys=0.00, real=0.03 secs] 
2016-09-25T22:11:27.773-0400: 38.514: [GC (GCLocker Initiated GC) [PSYoungGen: 158747K->45311K(182272K)] 637902K->541056K(706560K), 0.0241236 secs] [Times: user=0.24 sys=0.00, real=0.03 secs] 
2016-09-25T22:11:27.798-0400: 38.539: [Full GC (Ergonomics) [PSYoungGen: 45311K->0K(182272K)] [ParOldGen: 495745K->176193K(524288K)] 541056K->176193K(706560K), [Metaspace: 43500K->43500K(1085440K)], 0.0682403 secs] [Times: user=0.43 sys=0.00, real=0.07 secs] 
2016-09-25T22:11:27.950-0400: 38.691: [GC (GCLocker Initiated GC) [PSYoungGen: 108544K->67359K(182272K)] 290470K->249285K(706560K), 0.0140492 secs] [Times: user=0.09 sys=0.01, real=0.02 secs] 
2016-09-25T22:11:28.028-0400: 38.769: [GC (GCLocker Initiated GC) [PSYoungGen: 175903K->60129K(185856K)] 360629K->250977K(710144K), 0.0257874 secs] [Times: user=0.23 sys=0.01, real=0.02 secs] 
2016-09-25T22:11:28.131-0400: 38.872: [GC (GCLocker Initiated GC) [PSYoungGen: 169185K->72459K(181760K)] 360158K->290876K(706048K), 0.0178736 secs] [Times: user=0.16 sys=0.01, real=0.02 secs] 
2016-09-25T22:11:28.228-0400: 38.969: [GC (GCLocker Initiated GC) [PSYoungGen: 181515K->43769K(181760K)] 402712K->265331K(706048K), 0.0153213 secs] [Times: user=0.10 sys=0.01, real=0.02 secs] 
2016-09-25T22:11:28.308-0400: 39.049: [GC (GCLocker Initiated GC) [PSYoungGen: 145145K->41134K(142848K)] 366807K->274021K(667136K), 0.0103680 secs] [Times: user=0.07 sys=0.00, real=0.01 secs] 
2016-09-25T22:11:28.388-0400: 39.129: [GC (GCLocker Initiated GC) [PSYoungGen: 142510K->61595K(181760K)] 378122K->303009K(706048K), 0.0104747 secs] [Times: user=0.10 sys=0.00, real=0.01 secs] 
2016-09-25T22:11:28.469-0400: 39.210: [GC (GCLocker Initiated GC) [PSYoungGen: 162459K->71109K(172032K)] 403913K->331908K(696320K), 0.0147075 secs] [Times: user=0.20 sys=0.01, real=0.02 secs] 
2016-09-25T22:11:28.552-0400: 39.293: [GC (GCLocker Initiated GC) [PSYoungGen: 171973K->50934K(179712K)] 438227K->344609K(704000K), 0.0066349 secs] [Times: user=0.08 sys=0.00, real=0.01 secs] 
2016-09-25T22:11:28.629-0400: 39.370: [GC (GCLocker Initiated GC) [PSYoungGen: 146678K->49553K(145408K)] 448495K->351850K(669696K), 0.0167168 secs] [Times: user=0.19 sys=0.00, real=0.02 secs] 
2016-09-25T22:11:28.711-0400: 39.452: [GC (GCLocker Initiated GC) [PSYoungGen: 145297K->54910K(179200K)] 457129K->384773K(703488K), 0.0127409 secs] [Times: user=0.15 sys=0.02, real=0.02 secs] 
2016-09-25T22:11:28.787-0400: 39.528: [GC (GCLocker Initiated GC) [PSYoungGen: 153214K->60279K(176640K)] 483192K->412279K(700928K), 0.0087698 secs] [Times: user=0.08 sys=0.00, real=0.01 secs] 
2016-09-25T22:11:28.859-0400: 39.600: [GC (GCLocker Initiated GC) [PSYoungGen: 158583K->57579K(182272K)] 510607K->423510K(706560K), 0.0089477 secs] [Times: user=0.08 sys=0.00, real=0.01 secs] 
2016-09-25T22:11:28.938-0400: 39.679: [GC (GCLocker Initiated GC) [PSYoungGen: 162027K->68329K(180736K)] 528017K->434709K(705024K), 0.0127733 secs] [Times: user=0.12 sys=0.00, real=0.01 secs] 
2016-09-25T22:11:29.009-0400: 39.750: [GC (GCLocker Initiated GC) [PSYoungGen: 172777K->62973K(183296K)] 539284K->446134K(707584K), 0.0146098 secs] [Times: user=0.16 sys=0.00, real=0.02 secs] 
2016-09-25T22:11:29.091-0400: 39.831: [GC (GCLocker Initiated GC) [PSYoungGen: 167421K->42474K(146944K)] 552031K->427472K(671232K), 0.0094472 secs] [Times: user=0.09 sys=0.00, real=0.01 secs] 
2016-09-25T22:11:29.168-0400: 39.909: [GC (GCLocker Initiated GC) [PSYoungGen: 146922K->42570K(182784K)] 537383K->433407K(707072K), 0.0120191 secs] [Times: user=0.12 sys=0.00, real=0.01 secs] 
2016-09-25T22:11:29.237-0400: 39.978: [GC (GCLocker Initiated GC) [PSYoungGen: 145994K->53591K(157184K)] 543070K->456450K(681472K), 0.0100470 secs] [Times: user=0.09 sys=0.00, real=0.01 secs] 
2016-09-25T22:11:29.305-0400: 40.046: [GC (GCLocker Initiated GC) [PSYoungGen: 157015K->58835K(181760K)] 562828K->465109K(706048K), 0.0192870 secs] [Times: user=0.20 sys=0.00, real=0.02 secs] 
2016-09-25T22:11:29.401-0400: 40.142: [GC (GCLocker Initiated GC) [PSYoungGen: 163283K->69605K(180736K)] 569635K->481750K(705024K), 0.0202767 secs] [Times: user=0.23 sys=0.01, real=0.02 secs] 
2016-09-25T22:11:29.510-0400: 40.250: [GC (GCLocker Initiated GC) [PSYoungGen: 174053K->50815K(183808K)] 594443K->474316K(708096K), 0.0098120 secs] [Times: user=0.14 sys=0.00, real=0.01 secs] 
2016-09-25T22:11:29.588-0400: 40.329: [GC (GCLocker Initiated GC) [PSYoungGen: 154751K->65737K(182272K)] 583831K->497990K(706560K), 0.0157723 secs] [Times: user=0.21 sys=0.01, real=0.02 secs] 
2016-09-25T22:11:29.714-0400: 40.455: [GC (GCLocker Initiated GC) [PSYoungGen: 169673K->48095K(182784K)] 607360K->497047K(707072K), 0.0131841 secs] [Times: user=0.14 sys=0.01, real=0.02 secs] 
2016-09-25T22:11:29.804-0400: 40.545: [GC (GCLocker Initiated GC) [PSYoungGen: 151519K->57557K(161280K)] 600559K->520518K(685568K), 0.0117918 secs] [Times: user=0.15 sys=0.00, real=0.01 secs] 
2016-09-25T22:11:29.906-0400: 40.647: [GC (GCLocker Initiated GC) [PSYoungGen: 160981K->48172K(181760K)] 629372K->527803K(706048K), 0.0126262 secs] [Times: user=0.13 sys=0.00, real=0.01 secs] 
2016-09-25T22:11:29.983-0400: 40.724: [GC (GCLocker Initiated GC) [PSYoungGen: 152620K->49332K(181248K)] 638143K->546049K(705536K), 0.0076506 secs] [Times: user=0.05 sys=0.00, real=0.00 secs] 
2016-09-25T22:11:30.043-0400: 40.784: [Full GC (Ergonomics) [PSYoungGen: 153780K->0K(181248K)] [ParOldGen: 503523K->193559K(524288K)] 657304K->193559K(705536K), [Metaspace: 43513K->43513K(1085440K)], 0.1030739 secs] [Times: user=0.65 sys=0.02, real=0.10 secs] 
2016-09-25T22:11:30.771-0400: 41.512: [GC (Allocation Failure) [PSYoungGen: 104448K->56547K(183808K)] 298008K->250108K(708096K), 0.6818923 secs] [Times: user=0.24 sys=0.00, real=0.68 secs] 
2016-09-25T22:11:33.120-0400: 43.861: [GC (GCLocker Initiated GC) [PSYoungGen: 165931K->31719K(183808K)] 364892K->236725K(708096K), 0.0063903 secs] [Times: user=0.03 sys=0.01, real=0.01 secs] 
2016-09-25T22:11:33.212-0400: 43.953: [GC (GCLocker Initiated GC) [PSYoungGen: 141287K->48067K(186368K)] 357234K->264434K(710656K), 0.0112000 secs] [Times: user=0.10 sys=0.00, real=0.02 secs] 
2016-09-25T22:11:33.295-0400: 44.036: [GC (GCLocker Initiated GC) [PSYoungGen: 159171K->43925K(185856K)] 378483K->274550K(710144K), 0.0190712 secs] [Times: user=0.18 sys=0.00, real=0.02 secs] 
2016-09-25T22:11:33.392-0400: 44.132: [GC (GCLocker Initiated GC) [PSYoungGen: 155029K->49336K(185856K)] 385757K->280445K(710144K), 0.0233765 secs] [Times: user=0.23 sys=0.00, real=0.03 secs] 
2016-09-25T22:11:33.494-0400: 44.235: [GC (GCLocker Initiated GC) [PSYoungGen: 163000K->31762K(185856K)] 399706K->276976K(710144K), 0.0064477 secs] [Times: user=0.04 sys=0.00, real=0.00 secs] 
2016-09-25T22:11:33.579-0400: 44.320: [GC (GCLocker Initiated GC) [PSYoungGen: 145426K->50719K(187904K)] 390679K->309968K(712192K), 0.0101553 secs] [Times: user=0.09 sys=0.00, real=0.01 secs] 
2016-09-25T22:11:33.670-0400: 44.411: [GC (GCLocker Initiated GC) [PSYoungGen: 167455K->54842K(188416K)] 429984K->320488K(712704K), 0.0083460 secs] [Times: user=0.05 sys=0.01, real=0.01 secs] 
2016-09-25T22:11:33.744-0400: 44.485: [GC (GCLocker Initiated GC) [PSYoungGen: 171578K->49340K(186368K)] 440105K->318394K(710656K), 0.0292432 secs] [Times: user=0.36 sys=0.00, real=0.02 secs] 
2016-09-25T22:11:33.859-0400: 44.600: [GC (GCLocker Initiated GC) [PSYoungGen: 168636K->58920K(188416K)] 440490K->344719K(712704K), 0.0105961 secs] [Times: user=0.12 sys=0.00, real=0.01 secs] 
2016-09-25T22:11:33.948-0400: 44.688: [GC (GCLocker Initiated GC) [PSYoungGen: 178216K->50732K(190464K)] 464090K->339751K(714752K), 0.0307724 secs] [Times: user=0.32 sys=0.01, real=0.03 secs] 
2016-09-25T22:11:34.068-0400: 44.809: [GC (GCLocker Initiated GC) [PSYoungGen: 173100K->33113K(190976K)] 467589K->352380K(715264K), 0.0087720 secs] [Times: user=0.04 sys=0.00, real=0.01 secs] 
2016-09-25T22:11:34.181-0400: 44.922: [GC (GCLocker Initiated GC) [PSYoungGen: 155481K->45317K(192000K)] 476318K->374727K(716288K), 0.0064752 secs] [Times: user=0.05 sys=0.00, real=0.01 secs] 
2016-09-25T22:11:34.266-0400: 45.007: [GC (GCLocker Initiated GC) [PSYoungGen: 168709K->52064K(192000K)] 500863K->384641K(716288K), 0.0189927 secs] [Times: user=0.18 sys=0.01, real=0.02 secs] 
2016-09-25T22:11:34.371-0400: 45.112: [GC (GCLocker Initiated GC) [PSYoungGen: 175456K->37387K(193024K)] 516211K->397566K(717312K), 0.0213720 secs] [Times: user=0.21 sys=0.01, real=0.02 secs] 
2016-09-25T22:11:34.487-0400: 45.228: [GC (GCLocker Initiated GC) [PSYoungGen: 162315K->35945K(193024K)] 522568K->426466K(717312K), 0.0246926 secs] [Times: user=0.24 sys=0.01, real=0.02 secs] 
2016-09-25T22:11:34.618-0400: 45.359: [GC (GCLocker Initiated GC) [PSYoungGen: 160873K->46731K(189952K)] 562281K->470224K(714240K), 0.0130789 secs] [Times: user=0.15 sys=0.00, real=0.01 secs] 
2016-09-25T22:11:34.726-0400: 45.467: [GC (GCLocker Initiated GC) [PSYoungGen: 172683K->50882K(192000K)] 598928K->477694K(716288K), 0.0256204 secs] [Times: user=0.30 sys=0.00, real=0.02 secs] 
2016-09-25T22:11:34.844-0400: 45.585: [GC (GCLocker Initiated GC) [PSYoungGen: 176834K->56266K(193536K)] 609277K->489185K(717824K), 0.0125922 secs] [Times: user=0.13 sys=0.00, real=0.01 secs] 
2016-09-25T22:11:34.945-0400: 45.685: [GC (GCLocker Initiated GC) [PSYoungGen: 184266K->49589K(195072K)] 624175K->490070K(719360K), 0.0087688 secs] [Times: user=0.10 sys=0.00, real=0.00 secs] 
2016-09-25T22:11:35.038-0400: 45.779: [GC (GCLocker Initiated GC) [PSYoungGen: 177589K->41391K(192512K)] 620802K->495897K(716800K), 0.0106787 secs] [Times: user=0.08 sys=0.01, real=0.01 secs] 
2016-09-25T22:11:35.173-0400: 45.914: [GC (GCLocker Initiated GC) [PSYoungGen: 170415K->55001K(194048K)] 630451K->526288K(718336K), 0.0102387 secs] [Times: user=0.11 sys=0.00, real=0.02 secs] 
2016-09-25T22:11:35.278-0400: 46.019: [GC (GCLocker Initiated GC) [PSYoungGen: 184025K->50915K(196608K)] 658104K->539111K(720896K), 0.0298575 secs] [Times: user=0.42 sys=0.00, real=0.03 secs] 
2016-09-25T22:11:35.435-0400: 46.176: [GC (GCLocker Initiated GC) [PSYoungGen: 181475K->57768K(188416K)] 675217K->552066K(712704K), 0.0066366 secs] [Times: user=0.07 sys=0.00, real=0.00 secs] 
2016-09-25T22:11:35.528-0400: 46.268: [Full GC (Ergonomics) [PSYoungGen: 188328K->0K(188416K)] [ParOldGen: 495172K->192721K(524288K)] 683500K->192721K(712704K), [Metaspace: 43537K->43537K(1085440K)], 0.1016027 secs] [Times: user=0.64 sys=0.03, real=0.10 secs] 
2016-09-25T22:11:35.727-0400: 46.468: [GC (GCLocker Initiated GC) [PSYoungGen: 130560K->66413K(185856K)] 336956K->280909K(710144K), 0.0089465 secs] [Times: user=0.12 sys=0.00, real=0.01 secs] 
2016-09-25T22:11:35.842-0400: 46.583: [GC (GCLocker Initiated GC) [PSYoungGen: 185197K->46826K(190464K)] 399838K->282753K(714752K), 0.0088852 secs] [Times: user=0.10 sys=0.00, real=0.01 secs] 
2016-09-25T22:11:35.948-0400: 46.689: [GC (GCLocker Initiated GC) [PSYoungGen: 165610K->38666K(189440K)] 403248K->290297K(713728K), 0.0059003 secs] [Times: user=0.06 sys=0.00, real=0.00 secs] 
2016-09-25T22:11:36.034-0400: 46.775: [GC (GCLocker Initiated GC) [PSYoungGen: 158474K->49619K(190464K)] 414293K->330260K(714752K), 0.0117172 secs] [Times: user=0.15 sys=0.00, real=0.02 secs] 
2016-09-25T22:11:36.163-0400: 46.903: [GC (GCLocker Initiated GC) [PSYoungGen: 169427K->45604K(189440K)] 452859K->340358K(713728K), 0.0080777 secs] [Times: user=0.07 sys=0.01, real=0.00 secs] 
2016-09-25T22:11:36.256-0400: 46.997: [GC (GCLocker Initiated GC) [PSYoungGen: 168484K->35043K(189952K)] 475489K->358886K(714240K), 0.0070806 secs] [Times: user=0.05 sys=0.00, real=0.01 secs] 
2016-09-25T22:11:36.397-0400: 47.138: [GC (GCLocker Initiated GC) [PSYoungGen: 157923K->42920K(193024K)] 488549K->377043K(717312K), 0.0114694 secs] [Times: user=0.11 sys=0.00, real=0.01 secs] 
2016-09-25T22:11:37.654-0400: 48.395: [GC (GCLocker Initiated GC) [PSYoungGen: 169896K->24126K(193536K)] 515604K->378676K(717824K), 0.0100521 secs] [Times: user=0.08 sys=0.00, real=0.01 secs] 
2016-09-25T22:11:37.787-0400: 48.528: [GC (Allocation Failure) [PSYoungGen: 151102K->48685K(194560K)] 512006K->410493K(718848K), 0.0135201 secs] [Times: user=0.13 sys=0.01, real=0.01 secs] 
2016-09-25T22:11:37.905-0400: 48.646: [GC (GCLocker Initiated GC) [PSYoungGen: 174637K->59125K(185344K)] 536454K->421830K(709632K), 0.0082954 secs] [Times: user=0.08 sys=0.00, real=0.00 secs] 
2016-09-25T22:11:38.020-0400: 48.761: [GC (GCLocker Initiated GC) [PSYoungGen: 185077K->27090K(189440K)] 554646K->397350K(713728K), 0.0071194 secs] [Times: user=0.05 sys=0.02, real=0.01 secs] 
2016-09-25T22:11:38.109-0400: 48.850: [GC (GCLocker Initiated GC) [PSYoungGen: 145874K->59028K(178176K)] 518993K->433235K(702464K), 0.0079741 secs] [Times: user=0.05 sys=0.02, real=0.01 secs] 
2016-09-25T22:11:38.209-0400: 48.950: [GC (GCLocker Initiated GC) [PSYoungGen: 177812K->51124K(188928K)] 557601K->434231K(713216K), 0.0080492 secs] [Times: user=0.06 sys=0.00, real=0.01 secs] 
2016-09-25T22:11:38.314-0400: 49.055: [GC (GCLocker Initiated GC) [PSYoungGen: 165812K->51123K(165888K)] 551697K->437846K(690176K), 0.0080466 secs] [Times: user=0.06 sys=0.00, real=0.01 secs] 
2016-09-25T22:11:38.410-0400: 49.151: [GC (GCLocker Initiated GC) [PSYoungGen: 165811K->52797K(186880K)] 555340K->456838K(711168K), 0.0098728 secs] [Times: user=0.11 sys=0.00, real=0.01 secs] 
2016-09-25T22:11:38.503-0400: 49.244: [GC (GCLocker Initiated GC) [PSYoungGen: 167485K->64717K(179712K)] 571625K->483229K(704000K), 0.0180842 secs] [Times: user=0.20 sys=0.00, real=0.01 secs] 
2016-09-25T22:11:38.610-0400: 49.351: [GC (GCLocker Initiated GC) [PSYoungGen: 179405K->53734K(187392K)] 600650K->475734K(711680K), 0.0065884 secs] [Times: user=0.06 sys=0.01, real=0.01 secs] 
2016-09-25T22:11:38.688-0400: 49.429: [GC (GCLocker Initiated GC) [PSYoungGen: 165350K->28015K(139776K)] 591668K->476720K(664064K), 0.0149570 secs] [Times: user=0.17 sys=0.01, real=0.02 secs] 
2016-09-25T22:11:38.777-0400: 49.518: [GC (GCLocker Initiated GC) [PSYoungGen: 139631K->51319K(187392K)] 591165K->522489K(711680K), 0.0181104 secs] [Times: user=0.26 sys=0.01, real=0.02 secs] 
2016-09-25T22:11:38.860-0400: 49.601: [GC (GCLocker Initiated GC) [PSYoungGen: 162423K->64453K(175616K)] 633798K->536661K(699904K), 0.0067511 secs] [Times: user=0.07 sys=0.00, real=0.01 secs] 
2016-09-25T22:11:38.937-0400: 49.678: [GC (GCLocker Initiated GC) [PSYoungGen: 175557K->71234K(173056K)] 647792K->544104K(697344K), 0.0099213 secs] [Times: user=0.09 sys=0.01, real=0.01 secs] 
2016-09-25T22:11:39.036-0400: 49.777: [GC (GCLocker Initiated GC) [PSYoungGen: 166466K->64549K(160256K)] 642063K->548889K(684544K), 0.0089370 secs] [Times: user=0.08 sys=0.01, real=0.01 secs] 
2016-09-25T22:11:39.154-0400: 49.895: [GC (GCLocker Initiated GC) [PSYoungGen: 159781K->44138K(178688K)] 649686K->534645K(702976K), 0.0231813 secs] [Times: user=0.28 sys=0.03, real=0.03 secs] 
2016-09-25T22:11:39.284-0400: 50.025: [GC (GCLocker Initiated GC) [PSYoungGen: 137834K->67284K(161280K)] 629703K->576075K(685568K), 0.0114113 secs] [Times: user=0.19 sys=0.00, real=0.01 secs] 
2016-09-25T22:11:39.295-0400: 50.036: [Full GC (Ergonomics) [PSYoungGen: 67284K->0K(161280K)] [ParOldGen: 508791K->215841K(524288K)] 576075K->215841K(685568K), [Metaspace: 43546K->43546K(1085440K)], 0.0750587 secs] [Times: user=0.76 sys=0.08, real=0.07 secs] 
2016-09-25T22:11:39.445-0400: 50.186: [GC (GCLocker Initiated GC) [PSYoungGen: 93696K->63846K(174592K)] 315090K->285241K(698880K), 0.0183536 secs] [Times: user=0.26 sys=0.00, real=0.02 secs] 
2016-09-25T22:11:39.544-0400: 50.285: [GC (GCLocker Initiated GC) [PSYoungGen: 152934K->44047K(133632K)] 377207K->272218K(657920K), 0.0079169 secs] [Times: user=0.07 sys=0.00, real=0.00 secs] 
2016-09-25T22:11:39.626-0400: 50.367: [GC (GCLocker Initiated GC) [PSYoungGen: 133135K->50925K(177664K)] 368198K->286603K(701952K), 0.0070591 secs] [Times: user=0.05 sys=0.00, real=0.00 secs] 
2016-09-25T22:11:39.777-0400: 50.518: [GC (GCLocker Initiated GC) [PSYoungGen: 143597K->40158K(175104K)] 390220K->306320K(699392K), 0.1066322 secs] [Times: user=0.15 sys=0.10, real=0.11 secs] 
2016-09-25T22:11:39.957-0400: 50.698: [GC (GCLocker Initiated GC) [PSYoungGen: 132830K->67169K(174080K)] 401735K->336723K(698368K), 0.0872475 secs] [Times: user=0.26 sys=0.08, real=0.09 secs] 
2016-09-25T22:11:40.195-0400: 50.936: [GC (GCLocker Initiated GC) [PSYoungGen: 159329K->31847K(176640K)] 439806K->320947K(700928K), 0.0149905 secs] [Times: user=0.17 sys=0.00, real=0.01 secs] 
2016-09-25T22:11:40.332-0400: 51.073: [GC (GCLocker Initiated GC) [PSYoungGen: 124007K->33192K(177152K)] 420873K->330591K(701440K), 0.0096584 secs] [Times: user=0.08 sys=0.01, real=0.02 secs] 
2016-09-25T22:11:40.451-0400: 51.192: [GC (GCLocker Initiated GC) [PSYoungGen: 125352K->29044K(177152K)] 424343K->342079K(701440K), 0.0107005 secs] [Times: user=0.09 sys=0.00, real=0.01 secs] 
2016-09-25T22:11:40.528-0400: 51.269: [GC (GCLocker Initiated GC) [PSYoungGen: 121204K->31753K(175104K)] 438330K->349261K(699392K), 0.0081207 secs] [Times: user=0.07 sys=0.01, real=0.01 secs] 
2016-09-25T22:11:40.600-0400: 51.340: [GC (GCLocker Initiated GC) [PSYoungGen: 123913K->42546K(135168K)] 445509K->370061K(659456K), 0.0114125 secs] [Times: user=0.10 sys=0.02, real=0.01 secs] 
2016-09-25T22:11:40.712-0400: 51.453: [GC (GCLocker Initiated GC) [PSYoungGen: 134706K->33080K(176640K)] 462266K->374596K(700928K), 0.0074256 secs] [Times: user=0.07 sys=0.02, real=0.01 secs] 
2016-09-25T22:11:40.811-0400: 51.552: [GC (GCLocker Initiated GC) [PSYoungGen: 129336K->23951K(175616K)] 473847K->414930K(699904K), 0.0125803 secs] [Times: user=0.15 sys=0.01, real=0.02 secs] 
2016-09-25T22:11:40.892-0400: 51.633: [GC (GCLocker Initiated GC) [PSYoungGen: 120207K->49394K(181760K)] 511221K->440921K(706048K), 0.0161962 secs] [Times: user=0.19 sys=0.03, real=0.02 secs] 
2016-09-25T22:11:40.973-0400: 51.714: [GC (GCLocker Initiated GC) [PSYoungGen: 152818K->37231K(140800K)] 548479K->433285K(665088K), 0.0151184 secs] [Times: user=0.17 sys=0.01, real=0.02 secs] 
2016-09-25T22:11:41.062-0400: 51.803: [GC (GCLocker Initiated GC) [PSYoungGen: 140655K->41474K(184320K)] 539453K->459786K(708608K), 0.0135469 secs] [Times: user=0.15 sys=0.04, real=0.02 secs] 
2016-09-25T22:11:41.151-0400: 51.892: [GC (GCLocker Initiated GC) [PSYoungGen: 150018K->34613K(181248K)] 572397K->460194K(705536K), 0.0284155 secs] [Times: user=0.32 sys=0.06, real=0.03 secs] 
2016-09-25T22:11:41.249-0400: 51.990: [GC (GCLocker Initiated GC) [PSYoungGen: 143157K->68475K(177152K)] 568888K->500261K(701440K), 0.0108773 secs] [Times: user=0.16 sys=0.04, real=0.01 secs] 
2016-09-25T22:11:41.334-0400: 52.075: [GC (GCLocker Initiated GC) [PSYoungGen: 174971K->48384K(184320K)] 615055K->505202K(708608K), 0.0105518 secs] [Times: user=0.14 sys=0.02, real=0.02 secs] 
2016-09-25T22:11:41.417-0400: 52.158: [GC (GCLocker Initiated GC) [PSYoungGen: 154880K->56474K(183808K)] 617175K->530167K(708096K), 0.0074439 secs] [Times: user=0.08 sys=0.01, real=0.01 secs] 
2016-09-25T22:11:41.493-0400: 52.234: [GC (GCLocker Initiated GC) [PSYoungGen: 163994K->56425K(164352K)] 648792K->547331K(688640K), 0.0062227 secs] [Times: user=0.09 sys=0.00, real=0.01 secs] 
2016-09-25T22:11:41.573-0400: 52.314: [Full GC (Ergonomics) [PSYoungGen: 163945K->0K(164352K)] [ParOldGen: 503289K->231910K(524288K)] 667235K->231910K(688640K), [Metaspace: 43546K->43546K(1085440K)], 0.0654622 secs] [Times: user=0.42 sys=0.04, real=0.07 secs] 
2016-09-25T22:11:41.699-0400: 52.440: [GC (GCLocker Initiated GC) [PSYoungGen: 107520K->72901K(171520K)] 342353K->307734K(695808K), 0.0108168 secs] [Times: user=0.08 sys=0.01, real=0.01 secs] 
2016-09-25T22:11:41.766-0400: 52.507: [GC (GCLocker Initiated GC) [PSYoungGen: 166085K->59017K(177664K)] 401032K->306889K(701952K), 0.0060989 secs] [Times: user=0.08 sys=0.00, real=0.00 secs] 
2016-09-25T22:11:41.821-0400: 52.562: [GC (GCLocker Initiated GC) [PSYoungGen: 152201K->48237K(172544K)] 400886K->306878K(696832K), 0.0056975 secs] [Times: user=0.06 sys=0.00, real=0.01 secs] 
2016-09-25T22:11:41.888-0400: 52.629: [GC (GCLocker Initiated GC) [PSYoungGen: 141421K->48356K(175104K)] 405514K->317081K(699392K), 0.0127255 secs] [Times: user=0.12 sys=0.00, real=0.01 secs] 
2016-09-25T22:11:41.971-0400: 52.712: [GC (GCLocker Initiated GC) [PSYoungGen: 141540K->68735K(175104K)] 413055K->342258K(699392K), 0.0130866 secs] [Times: user=0.16 sys=0.01, real=0.02 secs] 
2016-09-25T22:11:42.066-0400: 52.807: [GC (GCLocker Initiated GC) [PSYoungGen: 164991K->48245K(179200K)] 438667K->344236K(703488K), 0.0061393 secs] [Times: user=0.08 sys=0.00, real=0.00 secs] 
2016-09-25T22:11:42.132-0400: 52.873: [GC (GCLocker Initiated GC) [PSYoungGen: 144501K->59126K(177664K)] 443257K->370571K(701952K), 0.0084206 secs] [Times: user=0.09 sys=0.00, real=0.01 secs] 
2016-09-25T22:11:42.205-0400: 52.946: [GC (GCLocker Initiated GC) [PSYoungGen: 157942K->52424K(179200K)] 476358K->393005K(703488K), 0.0064141 secs] [Times: user=0.08 sys=0.00, real=0.00 secs] 
2016-09-25T22:11:42.274-0400: 53.014: [GC (GCLocker Initiated GC) [PSYoungGen: 151240K->48338K(178688K)] 497256K->408514K(702976K), 0.0066449 secs] [Times: user=0.06 sys=0.00, real=0.01 secs] 
2016-09-25T22:11:42.351-0400: 53.092: [GC (GCLocker Initiated GC) [PSYoungGen: 152274K->61974K(179712K)] 519458K->435174K(704000K), 0.0108010 secs] [Times: user=0.12 sys=0.00, real=0.01 secs] 
2016-09-25T22:11:42.433-0400: 53.174: [GC (GCLocker Initiated GC) [PSYoungGen: 165910K->68659K(178688K)] 547260K->458860K(702976K), 0.0069801 secs] [Times: user=0.06 sys=0.01, real=0.01 secs] 
2016-09-25T22:11:42.506-0400: 53.247: [GC (GCLocker Initiated GC) [PSYoungGen: 170035K->71338K(173056K)] 563186K->480034K(697344K), 0.0107095 secs] [Times: user=0.13 sys=0.00, real=0.01 secs] 
2016-09-25T22:11:42.582-0400: 53.323: [GC (GCLocker Initiated GC) [PSYoungGen: 172714K->64542K(177664K)] 584343K->478195K(701952K), 0.0059329 secs] [Times: user=0.07 sys=0.00, real=0.00 secs] 
2016-09-25T22:11:42.649-0400: 53.390: [GC (GCLocker Initiated GC) [PSYoungGen: 157726K->68478K(161792K)] 574208K->485540K(686080K), 0.0071474 secs] [Times: user=0.06 sys=0.00, real=0.01 secs] 
2016-09-25T22:11:42.712-0400: 53.453: [GC (GCLocker Initiated GC) [PSYoungGen: 161662K->55043K(178176K)] 579350K->473349K(702464K), 0.0058657 secs] [Times: user=0.05 sys=0.00, real=0.01 secs] 
2016-09-25T22:11:42.783-0400: 53.524: [GC (GCLocker Initiated GC) [PSYoungGen: 147203K->54991K(147456K)] 568345K->484876K(671744K), 0.0065524 secs] [Times: user=0.07 sys=0.00, real=0.00 secs] 
2016-09-25T22:11:42.863-0400: 53.604: [GC (GCLocker Initiated GC) [PSYoungGen: 147151K->49758K(175104K)] 583898K->489764K(699392K), 0.0060174 secs] [Times: user=0.06 sys=0.00, real=0.00 secs] 
2016-09-25T22:11:42.933-0400: 53.674: [GC (GCLocker Initiated GC) [PSYoungGen: 142942K->59157K(174080K)] 588451K->505361K(698368K), 0.0060446 secs] [Times: user=0.06 sys=0.01, real=0.01 secs] 
2016-09-25T22:11:43.004-0400: 53.745: [GC (GCLocker Initiated GC) [PSYoungGen: 152341K->63240K(178688K)] 598567K->526285K(702976K), 0.0090711 secs] [Times: user=0.13 sys=0.00, real=0.00 secs] 
2016-09-25T22:11:43.086-0400: 53.826: [GC (GCLocker Initiated GC) [PSYoungGen: 162568K->60491K(178688K)] 628540K->535198K(702976K), 0.0067278 secs] [Times: user=0.08 sys=0.00, real=0.00 secs] 
2016-09-25T22:11:43.171-0400: 53.911: [GC (GCLocker Initiated GC) [PSYoungGen: 159819K->46934K(181760K)] 644163K->531849K(706048K), 0.0136203 secs] [Times: user=0.16 sys=0.00, real=0.02 secs] 
2016-09-25T22:11:43.268-0400: 54.009: [GC (GCLocker Initiated GC) [PSYoungGen: 150358K->74025K(177664K)] 640807K->565244K(701952K), 0.0085255 secs] [Times: user=0.13 sys=0.00, real=0.01 secs] 
2016-09-25T22:11:43.353-0400: 54.094: [GC (GCLocker Initiated GC) [PSYoungGen: 177449K->68625K(176640K)] 668754K->572700K(700928K), 0.0209025 secs] [Times: user=0.26 sys=0.00, real=0.03 secs] 
2016-09-25T22:11:43.374-0400: 54.115: [Full GC (Ergonomics) [PSYoungGen: 68625K->0K(176640K)] [ParOldGen: 504075K->236315K(524288K)] 572700K->236315K(700928K), [Metaspace: 43579K->43579K(1087488K)], 0.0857145 secs] [Times: user=0.31 sys=0.06, real=0.08 secs] 
2016-09-25T22:11:43.522-0400: 54.263: [GC (GCLocker Initiated GC) [PSYoungGen: 94208K->78875K(173568K)] 330755K->315423K(697856K), 0.0110832 secs] [Times: user=0.15 sys=0.01, real=0.01 secs] 
2016-09-25T22:11:43.611-0400: 54.352: [GC (GCLocker Initiated GC) [PSYoungGen: 173083K->55125K(175104K)] 413766K->299930K(699392K), 0.0061224 secs] [Times: user=0.06 sys=0.00, real=0.01 secs] 
2016-09-25T22:11:43.687-0400: 54.428: [GC (GCLocker Initiated GC) [PSYoungGen: 143189K->67212K(155648K)] 393552K->349285K(679936K), 0.0090799 secs] [Times: user=0.11 sys=0.00, real=0.01 secs] 
2016-09-25T22:11:43.758-0400: 54.498: [GC (GCLocker Initiated GC) [PSYoungGen: 155276K->56424K(176128K)] 437539K->355569K(700416K), 0.0065253 secs] [Times: user=0.09 sys=0.00, real=0.01 secs] 
2016-09-25T22:11:43.838-0400: 54.579: [GC (GCLocker Initiated GC) [PSYoungGen: 146024K->55372K(145408K)] 461446K->379424K(669696K), 0.0060180 secs] [Times: user=0.08 sys=0.00, real=0.01 secs] 
2016-09-25T22:11:43.908-0400: 54.649: [GC (GCLocker Initiated GC) [PSYoungGen: 144972K->71362K(172032K)] 478713K->405995K(696320K), 0.0095533 secs] [Times: user=0.13 sys=0.00, real=0.01 secs] 
2016-09-25T22:11:43.988-0400: 54.729: [GC (GCLocker Initiated GC) [PSYoungGen: 159938K->67229K(174080K)] 497408K->405282K(698368K), 0.0247900 secs] [Times: user=0.34 sys=0.00, real=0.02 secs] 
2016-09-25T22:11:44.086-0400: 54.827: [GC (GCLocker Initiated GC) [PSYoungGen: 155805K->59097K(173056K)] 503551K->420934K(697344K), 0.0098649 secs] [Times: user=0.08 sys=0.00, real=0.01 secs] 
2016-09-25T22:11:44.154-0400: 54.894: [GC (GCLocker Initiated GC) [PSYoungGen: 150745K->57440K(175104K)] 519558K->426804K(699392K), 0.0105765 secs] [Times: user=0.07 sys=0.00, real=0.02 secs] 
2016-09-25T22:11:44.220-0400: 54.961: [GC (GCLocker Initiated GC) [PSYoungGen: 149088K->52156K(177152K)] 521394K->433038K(701440K), 0.0096938 secs] [Times: user=0.10 sys=0.00, real=0.01 secs] 
2016-09-25T22:11:44.287-0400: 55.028: [GC (GCLocker Initiated GC) [PSYoungGen: 148924K->65753K(178176K)] 529894K->447299K(702464K), 0.0104487 secs] [Times: user=0.09 sys=0.00, real=0.01 secs] 
2016-09-25T22:11:44.356-0400: 55.097: [GC (GCLocker Initiated GC) [PSYoungGen: 162521K->63193K(178688K)] 544125K->446740K(702976K), 0.0060511 secs] [Times: user=0.05 sys=0.00, real=0.00 secs] 
2016-09-25T22:11:44.432-0400: 55.173: [GC (GCLocker Initiated GC) [PSYoungGen: 162521K->50935K(179712K)] 548864K->448610K(704000K), 0.0202084 secs] [Times: user=0.20 sys=0.00, real=0.02 secs] 
2016-09-25T22:11:44.517-0400: 55.257: [GC (GCLocker Initiated GC) [PSYoungGen: 150263K->46923K(181248K)] 552280K->449508K(705536K), 0.0077471 secs] [Times: user=0.05 sys=0.00, real=0.01 secs] 
2016-09-25T22:11:44.594-0400: 55.335: [GC (GCLocker Initiated GC) [PSYoungGen: 148299K->52107K(153600K)] 550943K->467552K(677888K), 0.0136428 secs] [Times: user=0.13 sys=0.00, real=0.02 secs] 
2016-09-25T22:11:44.672-0400: 55.413: [GC (GCLocker Initiated GC) [PSYoungGen: 153483K->50985K(182272K)] 568959K->472428K(706560K), 0.0123646 secs] [Times: user=0.10 sys=0.00, real=0.02 secs] 
2016-09-25T22:11:44.743-0400: 55.484: [GC (GCLocker Initiated GC) [PSYoungGen: 153897K->57738K(160768K)] 575624K->480137K(685056K), 0.0111169 secs] [Times: user=0.08 sys=0.00, real=0.00 secs] 
2016-09-25T22:11:44.819-0400: 55.560: [GC (GCLocker Initiated GC) [PSYoungGen: 160650K->51031K(181248K)] 591184K->517303K(705536K), 0.0089440 secs] [Times: user=0.11 sys=0.00, real=0.01 secs] 
2016-09-25T22:11:44.899-0400: 55.639: [GC (GCLocker Initiated GC) [PSYoungGen: 155991K->50864K(180736K)] 623796K->535405K(705024K), 0.0121343 secs] [Times: user=0.12 sys=0.00, real=0.01 secs] 
2016-09-25T22:11:44.987-0400: 55.727: [GC (GCLocker Initiated GC) [PSYoungGen: 155824K->71258K(179200K)] 643314K->559350K(703488K), 0.0092311 secs] [Times: user=0.08 sys=0.01, real=0.01 secs] 
2016-09-25T22:11:45.059-0400: 55.800: [GC (GCLocker Initiated GC) [PSYoungGen: 175706K->71289K(176128K)] 666628K->562796K(700416K), 0.0072725 secs] [Times: user=0.09 sys=0.00, real=0.01 secs] 
2016-09-25T22:11:45.127-0400: 55.868: [Full GC (Ergonomics) [PSYoungGen: 175737K->0K(176128K)] [ParOldGen: 498503K->253349K(524288K)] 674241K->253349K(700416K), [Metaspace: 43579K->43579K(1087488K)], 0.1057563 secs] [Times: user=0.57 sys=0.03, real=0.10 secs] 
2016-09-25T22:11:45.301-0400: 56.042: [GC (GCLocker Initiated GC) [PSYoungGen: 104448K->67685K(178688K)] 360580K->323817K(702976K), 0.0130570 secs] [Times: user=0.19 sys=0.00, real=0.01 secs] 
2016-09-25T22:11:45.405-0400: 56.146: [GC (GCLocker Initiated GC) [PSYoungGen: 164965K->67237K(164864K)] 421172K->343440K(689152K), 0.0108401 secs] [Times: user=0.15 sys=0.00, real=0.01 secs] 
2016-09-25T22:11:45.491-0400: 56.232: [GC (GCLocker Initiated GC) [PSYoungGen: 164517K->60627K(181248K)] 445018K->363295K(705536K), 0.0078733 secs] [Times: user=0.11 sys=0.00, real=0.01 secs] 
2016-09-25T22:11:45.586-0400: 56.327: [GC (GCLocker Initiated GC) [PSYoungGen: 158931K->63124K(161792K)] 464369K->369215K(686080K), 0.0100127 secs] [Times: user=0.12 sys=0.01, real=0.01 secs] 
2016-09-25T22:11:45.674-0400: 56.415: [GC (GCLocker Initiated GC) [PSYoungGen: 161428K->71225K(176128K)] 467858K->378191K(700416K), 0.0127169 secs] [Times: user=0.14 sys=0.00, real=0.02 secs] 
2016-09-25T22:11:45.764-0400: 56.505: [GC (GCLocker Initiated GC) [PSYoungGen: 167481K->51013K(178176K)] 481288K->376189K(702464K), 0.0091815 secs] [Times: user=0.11 sys=0.01, real=0.00 secs] 
2016-09-25T22:11:45.860-0400: 56.601: [GC (GCLocker Initiated GC) [PSYoungGen: 147269K->68494K(178688K)] 475256K->407896K(702976K), 0.0071068 secs] [Times: user=0.09 sys=0.00, real=0.01 secs] 
2016-09-25T22:11:45.914-0400: 56.655: [GC (GCLocker Initiated GC) [PSYoungGen: 165774K->69909K(167424K)] 505431K->418243K(691712K), 0.0065469 secs] [Times: user=0.08 sys=0.00, real=0.00 secs] 
2016-09-25T22:11:46.002-0400: 56.742: [GC (GCLocker Initiated GC) [PSYoungGen: 167189K->71360K(176640K)] 519640K->435174K(700928K), 0.0102943 secs] [Times: user=0.12 sys=0.01, real=0.01 secs] 
2016-09-25T22:11:46.077-0400: 56.818: [GC (GCLocker Initiated GC) [PSYoungGen: 164544K->65891K(177664K)] 529915K->456193K(701952K), 0.0069686 secs] [Times: user=0.07 sys=0.00, real=0.01 secs] 
2016-09-25T22:11:46.143-0400: 56.883: [GC (GCLocker Initiated GC) [PSYoungGen: 159075K->53752K(176640K)] 560330K->477185K(700928K), 0.0073274 secs] [Times: user=0.08 sys=0.00, real=0.00 secs] 
2016-09-25T22:11:46.232-0400: 56.972: [GC (GCLocker Initiated GC) [PSYoungGen: 147960K->80755K(175104K)] 572795K->511539K(699392K), 0.0110811 secs] [Times: user=0.17 sys=0.00, real=0.02 secs] 
2016-09-25T22:11:46.303-0400: 57.044: [GC (GCLocker Initiated GC) [PSYoungGen: 174963K->57773K(175616K)] 611234K->510805K(699904K), 0.0100138 secs] [Times: user=0.12 sys=0.00, real=0.00 secs] 
2016-09-25T22:11:46.362-0400: 57.103: [GC (GCLocker Initiated GC) [PSYoungGen: 146349K->58975K(147968K)] 602132K->518027K(672256K), 0.0093612 secs] [Times: user=0.14 sys=0.00, real=0.00 secs] 
2016-09-25T22:11:46.449-0400: 57.190: [GC (GCLocker Initiated GC) [PSYoungGen: 147551K->63142K(175616K)] 612066K->528126K(699904K), 0.0119919 secs] [Times: user=0.13 sys=0.01, real=0.01 secs] 
2016-09-25T22:11:46.516-0400: 57.257: [GC (GCLocker Initiated GC) [PSYoungGen: 153766K->57791K(173568K)] 624315K->539711K(697856K), 0.0070122 secs] [Times: user=0.09 sys=0.01, real=0.01 secs] 
2016-09-25T22:11:46.569-0400: 57.310: [GC (GCLocker Initiated GC) [PSYoungGen: 148415K->68623K(175616K)] 633091K->570118K(699904K), 0.0072490 secs] [Times: user=0.11 sys=0.00, real=0.01 secs] 
2016-09-25T22:11:46.577-0400: 57.317: [Full GC (Ergonomics) [PSYoungGen: 68623K->0K(175616K)] [ParOldGen: 501495K->236131K(524288K)] 570118K->236131K(699904K), [Metaspace: 43579K->43579K(1087488K)], 0.2015120 secs] [Times: user=2.76 sys=0.02, real=0.20 secs] 
2016-09-25T22:11:46.858-0400: 57.599: [GC (GCLocker Initiated GC) [PSYoungGen: 93696K->59910K(176128K)] 336648K->302863K(700416K), 0.0096833 secs] [Times: user=0.14 sys=0.01, real=0.01 secs] 
2016-09-25T22:11:46.942-0400: 57.683: [GC (GCLocker Initiated GC) [PSYoungGen: 153606K->34772K(175104K)] 403541K->288835K(699392K), 0.0068649 secs] [Times: user=0.04 sys=0.00, real=0.01 secs] 
2016-09-25T22:11:47.009-0400: 57.750: [GC (GCLocker Initiated GC) [PSYoungGen: 128980K->42873K(137216K)] 392544K->331293K(661504K), 0.0079467 secs] [Times: user=0.10 sys=0.00, real=0.01 secs] 
2016-09-25T22:11:47.081-0400: 57.822: [GC (GCLocker Initiated GC) [PSYoungGen: 137081K->64506K(177664K)] 428287K->372487K(701952K), 0.0093451 secs] [Times: user=0.14 sys=0.00, real=0.01 secs] 
2016-09-25T22:11:47.159-0400: 57.900: [GC (GCLocker Initiated GC) [PSYoungGen: 157690K->60499K(154112K)] 472487K->386672K(678400K), 0.0082742 secs] [Times: user=0.09 sys=0.01, real=0.01 secs] 
2016-09-25T22:11:47.230-0400: 57.971: [GC (GCLocker Initiated GC) [PSYoungGen: 153683K->50991K(176640K)] 479929K->388664K(700928K), 0.0079854 secs] [Times: user=0.10 sys=0.01, real=0.01 secs] 
2016-09-25T22:11:47.304-0400: 58.045: [GC (GCLocker Initiated GC) [PSYoungGen: 145199K->52453K(175616K)] 489961K->411332K(699904K), 0.0095375 secs] [Times: user=0.10 sys=0.00, real=0.00 secs] 
2016-09-25T22:11:47.371-0400: 58.112: [GC (GCLocker Initiated GC) [PSYoungGen: 146661K->57752K(177664K)] 505616K->428204K(701952K), 0.0092703 secs] [Times: user=0.11 sys=0.01, real=0.01 secs] 
2016-09-25T22:11:47.445-0400: 58.186: [GC (GCLocker Initiated GC) [PSYoungGen: 158104K->67470K(178176K)] 531290K->446540K(702464K), 0.0096793 secs] [Times: user=0.07 sys=0.00, real=0.01 secs] 
2016-09-25T22:11:47.531-0400: 58.272: [GC (GCLocker Initiated GC) [PSYoungGen: 167822K->67220K(180736K)] 549624K->451070K(705024K), 0.0077961 secs] [Times: user=0.11 sys=0.00, real=0.01 secs] 
2016-09-25T22:11:47.610-0400: 58.351: [GC (GCLocker Initiated GC) [PSYoungGen: 168596K->69978K(171520K)] 552625K->454645K(695808K), 0.0060739 secs] [Times: user=0.08 sys=0.00, real=0.01 secs] 
2016-09-25T22:11:47.680-0400: 58.421: [GC (Allocation Failure) [PSYoungGen: 171354K->52482K(180736K)] 558853K->462189K(705024K), 0.0243748 secs] [Times: user=0.26 sys=0.01, real=0.03 secs] 
2016-09-25T22:11:47.706-0400: 58.447: [GC (GCLocker Initiated GC) [PSYoungGen: 55849K->2892K(101376K)] 465556K->477009K(625664K), 0.0082645 secs] [Times: user=0.08 sys=0.01, real=0.00 secs] 
2016-09-25T22:11:47.783-0400: 58.524: [GC (GCLocker Initiated GC) [PSYoungGen: 100847K->65204K(175104K)] 577664K->542037K(699392K), 0.0070364 secs] [Times: user=0.09 sys=0.00, real=0.00 secs] 
2016-09-25T22:11:47.845-0400: 58.586: [GC (GCLocker Initiated GC) [PSYoungGen: 153268K->54965K(143360K)] 630117K->537170K(667648K), 0.0082460 secs] [Times: user=0.10 sys=0.00, real=0.00 secs] 
2016-09-25T22:11:47.854-0400: 58.594: [Full GC (Ergonomics) [PSYoungGen: 54965K->0K(143360K)] [ParOldGen: 482205K->232736K(524288K)] 537170K->232736K(667648K), [Metaspace: 43581K->43581K(1087488K)], 0.0623710 secs] [Times: user=0.40 sys=0.02, real=0.07 secs] 
2016-09-25T22:11:47.971-0400: 58.712: [GC (GCLocker Initiated GC) [PSYoungGen: 88064K->81517K(174080K)] 320885K->314338K(698368K), 0.0132637 secs] [Times: user=0.19 sys=0.00, real=0.02 secs] 
2016-09-25T22:11:48.047-0400: 58.788: [GC (GCLocker Initiated GC) [PSYoungGen: 169069K->48355K(174592K)] 410051K->302881K(698880K), 0.0204246 secs] [Times: user=0.19 sys=0.00, real=0.02 secs] 
2016-09-25T22:11:48.129-0400: 58.870: [GC (GCLocker Initiated GC) [PSYoungGen: 135907K->55106K(175104K)] 398607K->318503K(699392K), 0.0101411 secs] [Times: user=0.11 sys=0.00, real=0.01 secs] 
2016-09-25T22:11:48.202-0400: 58.942: [GC (GCLocker Initiated GC) [PSYoungGen: 143170K->37471K(175104K)] 410859K->322026K(699392K), 0.0118084 secs] [Times: user=0.09 sys=0.00, real=0.01 secs] 
2016-09-25T22:11:48.277-0400: 59.017: [GC (GCLocker Initiated GC) [PSYoungGen: 125535K->48107K(173056K)] 413002K->352539K(697344K), 0.0084869 secs] [Times: user=0.05 sys=0.01, real=0.01 secs] 
2016-09-25T22:11:48.347-0400: 59.088: [GC (GCLocker Initiated GC) [PSYoungGen: 136171K->52346K(174080K)] 443366K->370806K(698368K), 0.0108198 secs] [Times: user=0.06 sys=0.00, real=0.01 secs] 
2016-09-25T22:11:48.421-0400: 59.161: [GC (GCLocker Initiated GC) [PSYoungGen: 140410K->54906K(173056K)] 459329K->377155K(697344K), 0.0197536 secs] [Times: user=0.18 sys=0.01, real=0.02 secs] 
2016-09-25T22:11:48.500-0400: 59.241: [GC (GCLocker Initiated GC) [PSYoungGen: 148090K->52400K(173568K)] 473254K->378118K(697856K), 0.0096573 secs] [Times: user=0.07 sys=0.00, real=0.01 secs] 
2016-09-25T22:11:48.569-0400: 59.309: [GC (GCLocker Initiated GC) [PSYoungGen: 145584K->53848K(178176K)] 475463K->384398K(702464K), 0.0133072 secs] [Times: user=0.13 sys=0.00, real=0.01 secs] 
2016-09-25T22:11:48.648-0400: 59.389: [GC (GCLocker Initiated GC) [PSYoungGen: 157272K->52388K(179200K)] 487905K->383722K(703488K), 0.0181415 secs] [Times: user=0.19 sys=0.00, real=0.02 secs] 
2016-09-25T22:11:48.743-0400: 59.484: [GC (GCLocker Initiated GC) [PSYoungGen: 155812K->49940K(185344K)] 498080K->414512K(709632K), 0.0099219 secs] [Times: user=0.11 sys=0.00, real=0.00 secs] 
2016-09-25T22:11:48.830-0400: 59.571: [GC (GCLocker Initiated GC) [PSYoungGen: 162580K->38868K(185344K)] 527216K->421906K(709632K), 0.0059160 secs] [Times: user=0.05 sys=0.00, real=0.01 secs] 
2016-09-25T22:11:48.909-0400: 59.650: [GC (GCLocker Initiated GC) [PSYoungGen: 151508K->53798K(186880K)] 534633K->440275K(711168K), 0.0081380 secs] [Times: user=0.06 sys=0.00, real=0.01 secs] 
2016-09-25T22:11:48.992-0400: 59.733: [GC (GCLocker Initiated GC) [PSYoungGen: 170022K->70223K(186880K)] 556577K->462958K(711168K), 0.0073587 secs] [Times: user=0.08 sys=0.00, real=0.01 secs] 
2016-09-25T22:11:49.087-0400: 59.827: [GC (GCLocker Initiated GC) [PSYoungGen: 186447K->52626K(187392K)] 587361K->462416K(711680K), 0.0078659 secs] [Times: user=0.10 sys=0.00, real=0.01 secs] 
2016-09-25T22:11:49.175-0400: 59.916: [GC (GCLocker Initiated GC) [PSYoungGen: 164754K->55347K(167936K)] 579234K->481569K(692224K), 0.0090429 secs] [Times: user=0.11 sys=0.00, real=0.01 secs] 
2016-09-25T22:11:49.264-0400: 60.005: [GC (GCLocker Initiated GC) [PSYoungGen: 167475K->61809K(184320K)] 600580K->495757K(708608K), 0.0071212 secs] [Times: user=0.06 sys=0.00, real=0.00 secs] 
2016-09-25T22:11:49.345-0400: 60.086: [GC (GCLocker Initiated GC) [PSYoungGen: 172913K->60590K(185344K)] 609579K->516895K(709632K), 0.0087459 secs] [Times: user=0.12 sys=0.00, real=0.00 secs] 
2016-09-25T22:11:49.435-0400: 60.176: [GC (GCLocker Initiated GC) [PSYoungGen: 171694K->66124K(183808K)] 628048K->523228K(708096K), 0.0058384 secs] [Times: user=0.06 sys=0.01, real=0.00 secs] 
2016-09-25T22:11:49.505-0400: 60.246: [GC (GCLocker Initiated GC) [PSYoungGen: 175692K->51180K(185856K)] 638343K->517310K(710144K), 0.0063524 secs] [Times: user=0.08 sys=0.00, real=0.00 secs] 
2016-09-25T22:11:49.587-0400: 60.328: [GC (GCLocker Initiated GC) [PSYoungGen: 160748K->70106K(179712K)] 633677K->543873K(704000K), 0.0092566 secs] [Times: user=0.12 sys=0.01, real=0.01 secs] 
2016-09-25T22:11:49.661-0400: 60.402: [GC (GCLocker Initiated GC) [PSYoungGen: 174554K->49733K(183296K)] 653440K->532055K(707584K), 0.0067058 secs] [Times: user=0.05 sys=0.00, real=0.01 secs] 
2016-09-25T22:11:49.729-0400: 60.470: [GC (GCLocker Initiated GC) [PSYoungGen: 154181K->38835K(182272K)] 647733K->533136K(706560K), 0.0085660 secs] [Times: user=0.06 sys=0.00, real=0.01 secs] 
2016-09-25T22:11:49.814-0400: 60.555: [Full GC (Ergonomics) [PSYoungGen: 143283K->0K(182272K)] [ParOldGen: 506503K->259616K(524288K)] 649787K->259616K(706560K), [Metaspace: 43585K->43585K(1087488K)], 0.0871593 secs] [Times: user=0.42 sys=0.02, real=0.08 secs] 
2016-09-25T22:11:49.959-0400: 60.700: [GC (GCLocker Initiated GC) [PSYoungGen: 104448K->77051K(181760K)] 366886K->342189K(706048K), 0.0065527 secs] [Times: user=0.07 sys=0.00, real=0.01 secs] 
2016-09-25T22:11:50.067-0400: 60.808: [GC (GCLocker Initiated GC) [PSYoungGen: 181499K->70057K(169472K)] 446700K->348291K(693760K), 0.0106878 secs] [Times: user=0.13 sys=0.01, real=0.01 secs] 
2016-09-25T22:11:50.127-0400: 60.868: [GC (GCLocker Initiated GC) [PSYoungGen: 159145K->73973K(163328K)] 437471K->366542K(687616K), 0.0103946 secs] [Times: user=0.11 sys=0.00, real=0.01 secs] 
2016-09-25T22:11:50.199-0400: 60.940: [GC (GCLocker Initiated GC) [PSYoungGen: 163061K->67195K(175104K)] 455683K->371185K(699392K), 0.0108273 secs] [Times: user=0.11 sys=0.00, real=0.01 secs] 
2016-09-25T22:11:50.295-0400: 61.036: [GC (GCLocker Initiated GC) [PSYoungGen: 155259K->56397K(175104K)] 464814K->366500K(699392K), 0.0099013 secs] [Times: user=0.13 sys=0.00, real=0.01 secs] 
2016-09-25T22:11:50.359-0400: 61.100: [GC (GCLocker Initiated GC) [PSYoungGen: 144461K->72576K(175104K)] 460023K->391429K(699392K), 0.0072523 secs] [Times: user=0.09 sys=0.00, real=0.01 secs] 
2016-09-25T22:11:50.432-0400: 61.173: [GC (GCLocker Initiated GC) [PSYoungGen: 160640K->64529K(175104K)] 484921K->389348K(699392K), 0.0121629 secs] [Times: user=0.13 sys=0.00, real=0.02 secs] 
2016-09-25T22:11:50.518-0400: 61.259: [GC (GCLocker Initiated GC) [PSYoungGen: 152593K->55100K(173056K)] 485562K->388651K(697344K), 0.0068783 secs] [Times: user=0.06 sys=0.00, real=0.01 secs] 
2016-09-25T22:11:50.579-0400: 61.320: [GC (GCLocker Initiated GC) [PSYoungGen: 143164K->61818K(174080K)] 483662K->404221K(698368K), 0.0057953 secs] [Times: user=0.08 sys=0.00, real=0.01 secs] 
2016-09-25T22:11:50.645-0400: 61.386: [GC (GCLocker Initiated GC) [PSYoungGen: 149882K->52283K(175616K)] 503202K->416943K(699904K), 0.0100342 secs] [Times: user=0.09 sys=0.00, real=0.01 secs] 
2016-09-25T22:11:50.744-0400: 61.485: [GC (GCLocker Initiated GC) [PSYoungGen: 143931K->60418K(175104K)] 516722K->439112K(699392K), 0.0104307 secs] [Times: user=0.14 sys=0.00, real=0.01 secs] 
2016-09-25T22:11:50.809-0400: 61.550: [GC (GCLocker Initiated GC) [PSYoungGen: 152066K->41511K(174592K)] 534823K->443754K(698880K), 0.0128657 secs] [Times: user=0.16 sys=0.00, real=0.01 secs] 
2016-09-25T22:11:50.911-0400: 61.651: [GC (GCLocker Initiated GC) [PSYoungGen: 135207K->54983K(175616K)] 547130K->471482K(699904K), 0.0130998 secs] [Times: user=0.15 sys=0.00, real=0.02 secs] 
2016-09-25T22:11:50.980-0400: 61.720: [GC (GCLocker Initiated GC) [PSYoungGen: 148679K->64395K(179712K)] 567975K->497670K(704000K), 0.0062424 secs] [Times: user=0.07 sys=0.00, real=0.01 secs] 
2016-09-25T22:11:51.038-0400: 61.779: [GC (GCLocker Initiated GC) [PSYoungGen: 163723K->48017K(179712K)] 597017K->489812K(704000K), 0.0116598 secs] [Times: user=0.08 sys=0.01, real=0.01 secs] 
2016-09-25T22:11:51.136-0400: 61.877: [GC (GCLocker Initiated GC) [PSYoungGen: 147345K->67113K(179712K)] 592043K->523138K(704000K), 0.0097320 secs] [Times: user=0.11 sys=0.00, real=0.01 secs] 
2016-09-25T22:11:51.211-0400: 61.952: [GC (GCLocker Initiated GC) [PSYoungGen: 166441K->74002K(173568K)] 629431K->537491K(697856K), 0.0063431 secs] [Times: user=0.07 sys=0.00, real=0.01 secs] 
2016-09-25T22:11:51.273-0400: 62.014: [GC (GCLocker Initiated GC) [PSYoungGen: 173330K->72584K(173056K)] 640587K->551183K(697344K), 0.0071690 secs] [Times: user=0.10 sys=0.00, real=0.01 secs] 
2016-09-25T22:11:51.338-0400: 62.079: [GC (GCLocker Initiated GC) [PSYoungGen: 160648K->54746K(175104K)] 641991K->558227K(699392K), 0.0143368 secs] [Times: user=0.14 sys=0.00, real=0.01 secs] 
2016-09-25T22:11:51.353-0400: 62.093: [Full GC (Ergonomics) [PSYoungGen: 54746K->0K(175104K)] [ParOldGen: 503480K->268226K(524288K)] 558227K->268226K(699392K), [Metaspace: 43585K->43585K(1087488K)], 0.0668166 secs] [Times: user=0.56 sys=0.01, real=0.07 secs] 
2016-09-25T22:11:51.478-0400: 62.219: [GC (GCLocker Initiated GC) [PSYoungGen: 88064K->75893K(173568K)] 356416K->344246K(697856K), 0.0126759 secs] [Times: user=0.18 sys=0.00, real=0.01 secs] 
2016-09-25T22:11:51.546-0400: 62.287: [GC (GCLocker Initiated GC) [PSYoungGen: 163957K->64454K(175104K)] 436506K->348965K(699392K), 0.0094209 secs] [Times: user=0.14 sys=0.01, real=0.01 secs] 
2016-09-25T22:11:51.611-0400: 62.352: [GC (GCLocker Initiated GC) [PSYoungGen: 152518K->63040K(171008K)] 442661K->353698K(695296K), 0.0182544 secs] [Times: user=0.22 sys=0.00, real=0.02 secs] 
2016-09-25T22:11:51.685-0400: 62.426: [GC (GCLocker Initiated GC) [PSYoungGen: 151104K->58956K(173056K)] 444517K->375816K(697344K), 0.0104497 secs] [Times: user=0.09 sys=0.00, real=0.01 secs] 
2016-09-25T22:11:51.756-0400: 62.497: [GC (GCLocker Initiated GC) [PSYoungGen: 147020K->54969K(176128K)] 463884K->374935K(700416K), 0.0076290 secs] [Times: user=0.09 sys=0.00, real=0.01 secs] 
2016-09-25T22:11:51.825-0400: 62.566: [GC (GCLocker Initiated GC) [PSYoungGen: 149177K->59048K(176640K)] 474735K->385166K(700928K), 0.0076841 secs] [Times: user=0.08 sys=0.01, real=0.00 secs] 
2016-09-25T22:11:51.886-0400: 62.627: [GC (GCLocker Initiated GC) [PSYoungGen: 153256K->79280K(172032K)] 482161K->411411K(696320K), 0.0092457 secs] [Times: user=0.13 sys=0.00, real=0.01 secs] 
2016-09-25T22:11:51.956-0400: 62.697: [GC (GCLocker Initiated GC) [PSYoungGen: 170416K->75248K(166400K)] 508058K->421451K(690688K), 0.0093787 secs] [Times: user=0.13 sys=0.01, real=0.01 secs] 
2016-09-25T22:11:52.021-0400: 62.762: [GC (GCLocker Initiated GC) [PSYoungGen: 166384K->57593K(175616K)] 512668K->417824K(699904K), 0.0195405 secs] [Times: user=0.24 sys=0.00, real=0.02 secs] 
2016-09-25T22:11:52.092-0400: 62.833: [GC (GCLocker Initiated GC) [PSYoungGen: 146169K->68400K(157184K)] 506510K->442647K(681472K), 0.0088790 secs] [Times: user=0.12 sys=0.00, real=0.01 secs] 
2016-09-25T22:11:52.150-0400: 62.891: [GC (GCLocker Initiated GC) [PSYoungGen: 156976K->49594K(174080K)] 532620K->458059K(698368K), 0.0095359 secs] [Times: user=0.08 sys=0.00, real=0.01 secs] 
2016-09-25T22:11:52.209-0400: 62.950: [GC (GCLocker Initiated GC) [PSYoungGen: 137658K->58807K(146944K)] 546139K->477169K(671232K), 0.0078729 secs] [Times: user=0.12 sys=0.00, real=0.01 secs] 
2016-09-25T22:11:52.276-0400: 63.017: [GC (GCLocker Initiated GC) [PSYoungGen: 146871K->64443K(175104K)] 573496K->502187K(699392K), 0.0085862 secs] [Times: user=0.13 sys=0.00, real=0.01 secs] 
2016-09-25T22:11:52.333-0400: 63.073: [GC (GCLocker Initiated GC) [PSYoungGen: 155067K->73800K(174080K)] 593019K->512228K(698368K), 0.0063021 secs] [Times: user=0.07 sys=0.00, real=0.01 secs] 
2016-09-25T22:11:52.395-0400: 63.135: [GC (GCLocker Initiated GC) [PSYoungGen: 164424K->79201K(173568K)] 605682K->520826K(697856K), 0.0063207 secs] [Times: user=0.08 sys=0.00, real=0.00 secs] 
2016-09-25T22:11:52.456-0400: 63.197: [GC (GCLocker Initiated GC) [PSYoungGen: 167265K->62816K(175104K)] 608945K->516981K(699392K), 0.0071508 secs] [Times: user=0.07 sys=0.00, real=0.01 secs] 
2016-09-25T22:11:52.521-0400: 63.262: [GC (GCLocker Initiated GC) [PSYoungGen: 150880K->39997K(175104K)] 609341K->523066K(699392K), 0.0124980 secs] [Times: user=0.13 sys=0.00, real=0.01 secs] 
2016-09-25T22:11:52.586-0400: 63.327: [GC (GCLocker Initiated GC) [PSYoungGen: 128061K->66990K(175104K)] 614077K->565598K(699392K), 0.0064465 secs] [Times: user=0.08 sys=0.00, real=0.00 secs] 
2016-09-25T22:11:52.593-0400: 63.334: [Full GC (Ergonomics) [PSYoungGen: 66990K->0K(175104K)] [ParOldGen: 498608K->268866K(524288K)] 565598K->268866K(699392K), [Metaspace: 43585K->43585K(1087488K)], 0.0755359 secs] [Times: user=0.58 sys=0.03, real=0.08 secs] 
2016-09-25T22:11:52.716-0400: 63.457: [GC (GCLocker Initiated GC) [PSYoungGen: 88064K->83408K(175104K)] 362398K->357742K(699392K), 0.0085154 secs] [Times: user=0.13 sys=0.00, real=0.01 secs] 
2016-09-25T22:11:52.777-0400: 63.518: [GC (GCLocker Initiated GC) [PSYoungGen: 171472K->81894K(175104K)] 448597K->374465K(699392K), 0.0098845 secs] [Times: user=0.10 sys=0.01, real=0.01 secs] 
2016-09-25T22:11:52.837-0400: 63.578: [GC (GCLocker Initiated GC) [PSYoungGen: 169958K->61758K(175104K)] 468035K->376401K(699392K), 0.0094197 secs] [Times: user=0.10 sys=0.01, real=0.01 secs] 
2016-09-25T22:11:52.901-0400: 63.642: [GC (GCLocker Initiated GC) [PSYoungGen: 149822K->69737K(175104K)] 467189K->396979K(699392K), 0.0080753 secs] [Times: user=0.09 sys=0.00, real=0.01 secs] 
2016-09-25T22:11:52.969-0400: 63.710: [GC (GCLocker Initiated GC) [PSYoungGen: 157801K->54825K(175104K)] 489300K->386676K(699392K), 0.0051130 secs] [Times: user=0.06 sys=0.00, real=0.00 secs] 
2016-09-25T22:11:53.026-0400: 63.767: [GC (GCLocker Initiated GC) [PSYoungGen: 142889K->60246K(175104K)] 478882K->404677K(699392K), 0.0112109 secs] [Times: user=0.13 sys=0.00, real=0.01 secs] 
2016-09-25T22:11:53.088-0400: 63.829: [GC (GCLocker Initiated GC) [PSYoungGen: 148310K->41369K(175104K)] 495629K->409297K(699392K), 0.0108484 secs] [Times: user=0.06 sys=0.00, real=0.01 secs] 
2016-09-25T22:11:53.146-0400: 63.887: [GC (GCLocker Initiated GC) [PSYoungGen: 129433K->58872K(175104K)] 500160K->430006K(699392K), 0.0064306 secs] [Times: user=0.05 sys=0.00, real=0.00 secs] 
2016-09-25T22:11:53.208-0400: 63.949: [GC (GCLocker Initiated GC) [PSYoungGen: 146936K->56224K(175104K)] 519469K->456165K(699392K), 0.0101955 secs] [Times: user=0.14 sys=0.01, real=0.01 secs] 
2016-09-25T22:11:53.265-0400: 64.006: [GC (GCLocker Initiated GC) [PSYoungGen: 144288K->62984K(151552K)] 546987K->475557K(675840K), 0.0059394 secs] [Times: user=0.07 sys=0.01, real=0.00 secs] 
2016-09-25T22:11:53.309-0400: 64.050: [GC (GCLocker Initiated GC) [PSYoungGen: 151048K->67038K(174592K)] 563690K->480030K(698880K), 0.0095438 secs] [Times: user=0.08 sys=0.00, real=0.01 secs] 
2016-09-25T22:11:53.371-0400: 64.112: [GC (GCLocker Initiated GC) [PSYoungGen: 155614K->75092K(174080K)] 571534K->491455K(698368K), 0.0087818 secs] [Times: user=0.10 sys=0.00, real=0.01 secs] 
2016-09-25T22:11:53.435-0400: 64.176: [GC (GCLocker Initiated GC) [PSYoungGen: 163668K->58813K(175616K)] 590917K->497265K(699904K), 0.0081668 secs] [Times: user=0.10 sys=0.00, real=0.01 secs] 
2016-09-25T22:11:53.494-0400: 64.235: [GC (GCLocker Initiated GC) [PSYoungGen: 147389K->53373K(142336K)] 588698K->512598K(666624K), 0.0252783 secs] [Times: user=0.36 sys=0.01, real=0.03 secs] 
2016-09-25T22:11:53.575-0400: 64.316: [GC (GCLocker Initiated GC) [PSYoungGen: 141949K->61589K(176128K)] 609403K->532089K(700416K), 0.0056070 secs] [Times: user=0.07 sys=0.00, real=0.00 secs] 
2016-09-25T22:11:53.637-0400: 64.378: [GC (GCLocker Initiated GC) [PSYoungGen: 152213K->60207K(174080K)] 628190K->558146K(698368K), 0.0098034 secs] [Times: user=0.11 sys=0.02, real=0.01 secs] 
2016-09-25T22:11:53.647-0400: 64.388: [Full GC (Ergonomics) [PSYoungGen: 60207K->0K(174080K)] [ParOldGen: 497939K->275911K(524288K)] 558146K->275911K(698368K), [Metaspace: 43585K->43585K(1087488K)], 0.0557575 secs] [Times: user=0.49 sys=0.00, real=0.06 secs] 
2016-09-25T22:11:53.748-0400: 64.489: [GC (GCLocker Initiated GC) [PSYoungGen: 90624K->61721K(176128K)] 366646K->337744K(700416K), 0.0067509 secs] [Times: user=0.06 sys=0.00, real=0.01 secs] 
2016-09-25T22:11:53.814-0400: 64.555: [GC (GCLocker Initiated GC) [PSYoungGen: 156441K->44004K(174592K)] 444839K->334264K(698880K), 0.0125529 secs] [Times: user=0.13 sys=0.01, real=0.01 secs] 
2016-09-25T22:11:53.877-0400: 64.618: [GC (GCLocker Initiated GC) [PSYoungGen: 138724K->65710K(181248K)] 431863K->370033K(705536K), 0.0154944 secs] [Times: user=0.17 sys=0.00, real=0.01 secs] 
2016-09-25T22:11:53.960-0400: 64.701: [GC (GCLocker Initiated GC) [PSYoungGen: 166062K->61580K(162304K)] 473147K->379815K(686592K), 0.0106317 secs] [Times: user=0.11 sys=0.00, real=0.01 secs] 
2016-09-25T22:11:54.031-0400: 64.772: [GC (GCLocker Initiated GC) [PSYoungGen: 161932K->48048K(179200K)] 486931K->373368K(703488K), 0.0052659 secs] [Times: user=0.05 sys=0.00, real=0.01 secs] 
2016-09-25T22:11:54.102-0400: 64.843: [GC (GCLocker Initiated GC) [PSYoungGen: 147888K->68288K(179712K)] 476029K->396816K(704000K), 0.0090497 secs] [Times: user=0.12 sys=0.01, real=0.00 secs] 
2016-09-25T22:11:54.171-0400: 64.912: [GC (GCLocker Initiated GC) [PSYoungGen: 168128K->48210K(181248K)] 504185K->384571K(705536K), 0.0053426 secs] [Times: user=0.05 sys=0.00, real=0.01 secs] 
2016-09-25T22:11:54.239-0400: 64.979: [GC (GCLocker Initiated GC) [PSYoungGen: 148562K->80521K(181248K)] 485072K->428338K(705536K), 0.0090606 secs] [Times: user=0.15 sys=0.00, real=0.01 secs] 
2016-09-25T22:11:54.311-0400: 65.052: [GC (GCLocker Initiated GC) [PSYoungGen: 180873K->67174K(169984K)] 531625K->437252K(694272K), 0.0115091 secs] [Times: user=0.14 sys=0.01, real=0.02 secs] 
2016-09-25T22:11:54.382-0400: 65.123: [GC (GCLocker Initiated GC) [PSYoungGen: 156262K->76528K(165888K)] 529080K->449771K(690176K), 0.0104703 secs] [Times: user=0.16 sys=0.01, real=0.00 secs] 
2016-09-25T22:11:54.439-0400: 65.180: [GC (GCLocker Initiated GC) [PSYoungGen: 165616K->77718K(175104K)] 544320K->456839K(699392K), 0.0127743 secs] [Times: user=0.14 sys=0.00, real=0.01 secs] 
2016-09-25T22:11:54.498-0400: 65.239: [GC (GCLocker Initiated GC) [PSYoungGen: 165782K->60360K(175104K)] 553159K->464402K(699392K), 0.0095242 secs] [Times: user=0.13 sys=0.00, real=0.01 secs] 
2016-09-25T22:11:54.562-0400: 65.303: [GC (GCLocker Initiated GC) [PSYoungGen: 148424K->63077K(175104K)] 557915K->474359K(699392K), 0.0105833 secs] [Times: user=0.10 sys=0.00, real=0.01 secs] 
2016-09-25T22:11:54.658-0400: 65.399: [GC (GCLocker Initiated GC) [PSYoungGen: 151141K->73835K(175104K)] 562455K->486919K(699392K), 0.0097785 secs] [Times: user=0.10 sys=0.00, real=0.01 secs] 
2016-09-25T22:11:54.721-0400: 65.462: [GC (GCLocker Initiated GC) [PSYoungGen: 161899K->52316K(175104K)] 588580K->479453K(699392K), 0.0086010 secs] [Times: user=0.07 sys=0.00, real=0.01 secs] 
2016-09-25T22:11:54.794-0400: 65.535: [GC (GCLocker Initiated GC) [PSYoungGen: 140380K->48413K(175104K)] 578965K->487607K(699392K), 0.0288857 secs] [Times: user=0.32 sys=0.00, real=0.04 secs] 
2016-09-25T22:11:54.906-0400: 65.646: [GC (GCLocker Initiated GC) [PSYoungGen: 136477K->60455K(174080K)] 584021K->519537K(698368K), 0.0288481 secs] [Times: user=0.37 sys=0.00, real=0.03 secs] 
2016-09-25T22:11:54.998-0400: 65.739: [GC (GCLocker Initiated GC) [PSYoungGen: 148519K->59161K(174592K)] 614231K->525367K(698880K), 0.0106988 secs] [Times: user=0.10 sys=0.00, real=0.01 secs] 
2016-09-25T22:11:55.106-0400: 65.847: [GC (GCLocker Initiated GC) [PSYoungGen: 147225K->56467K(173568K)] 616422K->537166K(697856K), 0.0102562 secs] [Times: user=0.12 sys=0.01, real=0.01 secs] 
2016-09-25T22:11:55.172-0400: 65.913: [GC (GCLocker Initiated GC) [PSYoungGen: 147091K->69784K(174080K)] 628501K->557207K(698368K), 0.0063597 secs] [Times: user=0.07 sys=0.01, real=0.01 secs] 
2016-09-25T22:11:55.251-0400: 65.991: [GC (GCLocker Initiated GC) [PSYoungGen: 160408K->62994K(175616K)] 650686K->567210K(699904K), 0.0139364 secs] [Times: user=0.09 sys=0.01, real=0.02 secs] 
2016-09-25T22:11:55.265-0400: 66.006: [Full GC (Ergonomics) [PSYoungGen: 62994K->0K(175616K)] [ParOldGen: 504216K->284203K(524288K)] 567210K->284203K(699904K), [Metaspace: 43644K->43644K(1087488K)], 0.0714149 secs] [Times: user=0.62 sys=0.00, real=0.07 secs] 
2016-09-25T22:11:55.396-0400: 66.137: [GC (GCLocker Initiated GC) [PSYoungGen: 94208K->58697K(176640K)] 385347K->349836K(700928K), 0.0172574 secs] [Times: user=0.23 sys=0.00, real=0.01 secs] 
2016-09-25T22:11:55.500-0400: 66.241: [GC (GCLocker Initiated GC) [PSYoungGen: 152905K->64620K(179200K)] 445541K->361440K(703488K), 0.0130416 secs] [Times: user=0.18 sys=0.00, real=0.01 secs] 
2016-09-25T22:11:55.568-0400: 66.309: [GC (GCLocker Initiated GC) [PSYoungGen: 163436K->60477K(179200K)] 460486K->368989K(703488K), 0.0108398 secs] [Times: user=0.11 sys=0.00, real=0.01 secs] 
2016-09-25T22:11:55.674-0400: 66.415: [GC (GCLocker Initiated GC) [PSYoungGen: 159293K->47195K(179712K)] 470515K->362999K(704000K), 0.0145308 secs] [Times: user=0.19 sys=0.00, real=0.01 secs] 
2016-09-25T22:11:55.751-0400: 66.492: [GC (GCLocker Initiated GC) [PSYoungGen: 148059K->67348K(180224K)] 463891K->386823K(704512K), 0.0088393 secs] [Times: user=0.11 sys=0.00, real=0.01 secs] 
2016-09-25T22:11:55.847-0400: 66.588: [GC (GCLocker Initiated GC) [PSYoungGen: 168212K->56535K(181760K)] 497220K->405096K(706048K), 0.0139745 secs] [Times: user=0.17 sys=0.00, real=0.01 secs] 
2016-09-25T22:11:55.933-0400: 66.674: [GC (GCLocker Initiated GC) [PSYoungGen: 158935K->57897K(160768K)] 510304K->428974K(685056K), 0.0064421 secs] [Times: user=0.07 sys=0.00, real=0.01 secs] 
2016-09-25T22:11:55.990-0400: 66.731: [GC (GCLocker Initiated GC) [PSYoungGen: 160297K->76891K(175104K)] 531453K->475803K(699392K), 0.0076031 secs] [Times: user=0.11 sys=0.01, real=0.01 secs] 
2016-09-25T22:11:56.064-0400: 66.805: [GC (GCLocker Initiated GC) [PSYoungGen: 174171K->82261K(179712K)] 573165K->498233K(704000K), 0.0070341 secs] [Times: user=0.10 sys=0.00, real=0.00 secs] 
2016-09-25T22:11:56.147-0400: 66.888: [GC (GCLocker Initiated GC) [PSYoungGen: 179541K->52560K(170496K)] 595781K->495214K(694784K), 0.0081177 secs] [Times: user=0.10 sys=0.00, real=0.01 secs] 
2016-09-25T22:11:56.217-0400: 66.958: [GC (GCLocker Initiated GC) [PSYoungGen: 140624K->67567K(175104K)] 588786K->517811K(699392K), 0.0091372 secs] [Times: user=0.13 sys=0.00, real=0.01 secs] 
2016-09-25T22:11:56.291-0400: 67.032: [GC (GCLocker Initiated GC) [PSYoungGen: 155631K->54099K(173568K)] 611315K->526800K(697856K), 0.0090489 secs] [Times: user=0.08 sys=0.01, real=0.01 secs] 
2016-09-25T22:11:56.367-0400: 67.108: [GC (GCLocker Initiated GC) [PSYoungGen: 142675K->72999K(174592K)] 621011K->565803K(698880K), 0.0094814 secs] [Times: user=0.12 sys=0.00, real=0.01 secs] 
2016-09-25T22:11:56.376-0400: 67.117: [Full GC (Ergonomics) [PSYoungGen: 72999K->0K(174592K)] [ParOldGen: 492804K->298284K(524288K)] 565803K->298284K(698880K), [Metaspace: 43644K->43644K(1087488K)], 0.0588634 secs] [Times: user=0.56 sys=0.00, real=0.06 secs] 
2016-09-25T22:11:56.505-0400: 67.246: [GC (GCLocker Initiated GC) [PSYoungGen: 88576K->48181K(175104K)] 389688K->349293K(699392K), 0.0150200 secs] [Times: user=0.20 sys=0.01, real=0.01 secs] 
2016-09-25T22:11:56.594-0400: 67.334: [GC (GCLocker Initiated GC) [PSYoungGen: 136245K->48729K(175104K)] 447049K->382903K(699392K), 0.0065281 secs] [Times: user=0.07 sys=0.00, real=0.01 secs] 
2016-09-25T22:11:56.667-0400: 67.408: [GC (GCLocker Initiated GC) [PSYoungGen: 136793K->66241K(175104K)] 476976K->408725K(699392K), 0.0089799 secs] [Times: user=0.10 sys=0.00, real=0.01 secs] 
2016-09-25T22:11:56.742-0400: 67.483: [GC (GCLocker Initiated GC) [PSYoungGen: 154305K->56858K(145408K)] 503706K->417893K(669696K), 0.0109862 secs] [Times: user=0.07 sys=0.00, real=0.01 secs] 
2016-09-25T22:11:56.820-0400: 67.561: [GC (GCLocker Initiated GC) [PSYoungGen: 144922K->58304K(175104K)] 515510K->429761K(699392K), 0.0058248 secs] [Times: user=0.06 sys=0.00, real=0.01 secs] 
2016-09-25T22:11:56.896-0400: 67.637: [GC (GCLocker Initiated GC) [PSYoungGen: 148416K->55508K(173056K)] 530854K->439014K(697344K), 0.0058930 secs] [Times: user=0.06 sys=0.00, real=0.00 secs] 
2016-09-25T22:11:56.976-0400: 67.717: [GC (GCLocker Initiated GC) [PSYoungGen: 145620K->55540K(177664K)] 537369K->459125K(701952K), 0.0062854 secs] [Times: user=0.07 sys=0.00, real=0.01 secs] 
2016-09-25T22:11:57.060-0400: 67.801: [GC (GCLocker Initiated GC) [PSYoungGen: 151284K->62802K(176128K)] 557649K->470187K(700416K), 0.0066499 secs] [Times: user=0.08 sys=0.00, real=0.01 secs] 
2016-09-25T22:11:57.145-0400: 67.886: [GC (GCLocker Initiated GC) [PSYoungGen: 158546K->65017K(179200K)] 571418K->478955K(703488K), 0.0083290 secs] [Times: user=0.12 sys=0.01, real=0.00 secs] 
2016-09-25T22:11:57.224-0400: 67.965: [GC (GCLocker Initiated GC) [PSYoungGen: 164857K->47369K(179200K)] 586984K->484036K(703488K), 0.0048991 secs] [Times: user=0.06 sys=0.01, real=0.00 secs] 
2016-09-25T22:11:57.311-0400: 68.052: [GC (GCLocker Initiated GC) [PSYoungGen: 147209K->58233K(179200K)] 586857K->512442K(703488K), 0.0119746 secs] [Times: user=0.16 sys=0.01, real=0.02 secs] 
2016-09-25T22:11:57.401-0400: 68.142: [GC (GCLocker Initiated GC) [PSYoungGen: 161145K->40738K(180736K)] 626220K->506810K(705024K), 0.0070011 secs] [Times: user=0.05 sys=0.00, real=0.01 secs] 
2016-09-25T22:11:57.482-0400: 68.223: [GC (GCLocker Initiated GC) [PSYoungGen: 143650K->60940K(183296K)] 609878K->550108K(707584K), 0.0097935 secs] [Times: user=0.08 sys=0.00, real=0.01 secs] 
2016-09-25T22:11:57.572-0400: 68.313: [Full GC (Ergonomics) [PSYoungGen: 165388K->0K(183296K)] [ParOldGen: 496126K->308800K(524288K)] 661515K->308800K(707584K), [Metaspace: 43648K->43648K(1087488K)], 0.0848819 secs] [Times: user=0.81 sys=0.00, real=0.09 secs] 
2016-09-25T22:11:57.739-0400: 68.480: [GC (GCLocker Initiated GC) [PSYoungGen: 104448K->66252K(182784K)] 413264K->375068K(707072K), 0.0083338 secs] [Times: user=0.08 sys=0.00, real=0.01 secs] 
2016-09-25T22:11:57.818-0400: 68.559: [GC (GCLocker Initiated GC) [PSYoungGen: 170700K->58216K(180736K)] 487662K->381467K(705024K), 0.0103077 secs] [Times: user=0.14 sys=0.00, real=0.01 secs] 
2016-09-25T22:11:57.922-0400: 68.663: [GC (GCLocker Initiated GC) [PSYoungGen: 162664K->63650K(181760K)] 488774K->392162K(706048K), 0.0078532 secs] [Times: user=0.08 sys=0.00, real=0.00 secs] 
2016-09-25T22:11:58.018-0400: 68.759: [GC (GCLocker Initiated GC) [PSYoungGen: 168098K->74780K(176640K)] 500708K->408460K(700928K), 0.0061752 secs] [Times: user=0.08 sys=0.00, real=0.01 secs] 
2016-09-25T22:11:58.101-0400: 68.842: [GC (Allocation Failure) [PSYoungGen: 174108K->48857K(180736K)] 513879K->408747K(705024K), 0.0126715 secs] [Times: user=0.10 sys=0.00, real=0.01 secs] 
2016-09-25T22:11:58.115-0400: 68.855: [GC (GCLocker Initiated GC) [PSYoungGen: 49516K->283K(169472K)] 409407K->422243K(693760K), 0.0068302 secs] [Times: user=0.08 sys=0.00, real=0.00 secs] 
2016-09-25T22:11:58.185-0400: 68.926: [GC (GCLocker Initiated GC) [PSYoungGen: 88347K->72658K(175104K)] 513019K->497330K(699392K), 0.0066872 secs] [Times: user=0.09 sys=0.00, real=0.00 secs] 
2016-09-25T22:11:58.258-0400: 68.999: [GC (GCLocker Initiated GC) [PSYoungGen: 160722K->59452K(175104K)] 588179K->502363K(699392K), 0.0114653 secs] [Times: user=0.08 sys=0.01, real=0.01 secs] 
2016-09-25T22:11:58.330-0400: 69.071: [GC (GCLocker Initiated GC) [PSYoungGen: 147516K->64907K(175104K)] 593286K->530483K(699392K), 0.0105688 secs] [Times: user=0.12 sys=0.00, real=0.01 secs] 
2016-09-25T22:11:58.407-0400: 69.148: [GC (GCLocker Initiated GC) [PSYoungGen: 152971K->69055K(175104K)] 624002K->541143K(699392K), 0.0064291 secs] [Times: user=0.08 sys=0.00, real=0.00 secs] 
2016-09-25T22:11:58.475-0400: 69.216: [GC (GCLocker Initiated GC) [PSYoungGen: 157119K->74495K(175104K)] 634757K->561324K(699392K), 0.0066104 secs] [Times: user=0.09 sys=0.00, real=0.00 secs] 
2016-09-25T22:11:58.482-0400: 69.223: [Full GC (Ergonomics) [PSYoungGen: 74495K->0K(175104K)] [ParOldGen: 486828K->318661K(524288K)] 561324K->318661K(699392K), [Metaspace: 43648K->43648K(1087488K)], 0.0585123 secs] [Times: user=0.38 sys=0.00, real=0.06 secs] 
2016-09-25T22:11:58.606-0400: 69.347: [GC (GCLocker Initiated GC) [PSYoungGen: 88064K->75628K(175104K)] 409564K->397128K(699392K), 0.0060532 secs] [Times: user=0.07 sys=0.00, real=0.00 secs] 
2016-09-25T22:11:58.690-0400: 69.431: [GC (GCLocker Initiated GC) [PSYoungGen: 163692K->58387K(175104K)] 485245K->382187K(699392K), 0.0067094 secs] [Times: user=0.07 sys=0.01, real=0.01 secs] 
2016-09-25T22:11:58.755-0400: 69.496: [GC (GCLocker Initiated GC) [PSYoungGen: 146451K->62006K(175104K)] 470343K->401827K(699392K), 0.0060726 secs] [Times: user=0.08 sys=0.00, real=0.00 secs] 
2016-09-25T22:11:58.825-0400: 69.566: [GC (GCLocker Initiated GC) [PSYoungGen: 150070K->60968K(175104K)] 495373K->434039K(699392K), 0.0068329 secs] [Times: user=0.09 sys=0.01, real=0.00 secs] 
2016-09-25T22:11:58.901-0400: 69.641: [GC (GCLocker Initiated GC) [PSYoungGen: 149032K->48881K(175104K)] 527599K->442029K(699392K), 0.0098361 secs] [Times: user=0.10 sys=0.00, real=0.01 secs] 
2016-09-25T22:11:58.968-0400: 69.709: [GC (GCLocker Initiated GC) [PSYoungGen: 136945K->66316K(175104K)] 532946K->487712K(699392K), 0.0084432 secs] [Times: user=0.13 sys=0.00, real=0.01 secs] 
2016-09-25T22:11:59.037-0400: 69.778: [GC (GCLocker Initiated GC) [PSYoungGen: 154380K->45876K(175104K)] 578542K->491356K(699392K), 0.0125507 secs] [Times: user=0.16 sys=0.01, real=0.01 secs] 
2016-09-25T22:11:59.124-0400: 69.865: [GC (GCLocker Initiated GC) [PSYoungGen: 133940K->64997K(153088K)] 582754K->514729K(677376K), 0.0060634 secs] [Times: user=0.07 sys=0.00, real=0.00 secs] 
2016-09-25T22:11:59.183-0400: 69.924: [GC (GCLocker Initiated GC) [PSYoungGen: 153061K->58152K(177152K)] 608335K->536116K(701440K), 0.0063022 secs] [Times: user=0.10 sys=0.00, real=0.00 secs] 
2016-09-25T22:11:59.245-0400: 69.986: [GC (GCLocker Initiated GC) [PSYoungGen: 148776K->66377K(174592K)] 626985K->569786K(698880K), 0.0070360 secs] [Times: user=0.10 sys=0.00, real=0.00 secs] 
2016-09-25T22:11:59.252-0400: 69.993: [Full GC (Ergonomics) [PSYoungGen: 66377K->0K(174592K)] [ParOldGen: 503408K->325042K(524288K)] 569786K->325042K(698880K), [Metaspace: 43648K->43648K(1087488K)], 0.0677469 secs] [Times: user=0.47 sys=0.01, real=0.07 secs] 
2016-09-25T22:11:59.409-0400: 70.150: [GC (GCLocker Initiated GC) [PSYoungGen: 90624K->70580K(174080K)] 418456K->398412K(698368K), 0.0062671 secs] [Times: user=0.08 sys=0.01, real=0.01 secs] 
2016-09-25T22:11:59.476-0400: 70.217: [GC (GCLocker Initiated GC) [PSYoungGen: 160692K->47110K(175616K)] 488760K->400735K(699904K), 0.0092114 secs] [Times: user=0.08 sys=0.00, real=0.01 secs] 
2016-09-25T22:11:59.567-0400: 70.308: [GC (GCLocker Initiated GC) [PSYoungGen: 137222K->32312K(173568K)] 499060K->394888K(697856K), 0.0134083 secs] [Times: user=0.08 sys=0.00, real=0.01 secs] 
2016-09-25T22:11:59.645-0400: 70.386: [GC (GCLocker Initiated GC) [PSYoungGen: 120376K->48534K(175104K)] 483550K->416858K(699392K), 0.0067959 secs] [Times: user=0.07 sys=0.00, real=0.00 secs] 
2016-09-25T22:11:59.697-0400: 70.438: [GC (GCLocker Initiated GC) [PSYoungGen: 136598K->59183K(171520K)] 504976K->428264K(695808K), 0.0098193 secs] [Times: user=0.09 sys=0.00, real=0.01 secs] 
2016-09-25T22:11:59.796-0400: 70.537: [GC (GCLocker Initiated GC) [PSYoungGen: 148271K->61791K(173568K)] 517449K->437066K(697856K), 0.0234982 secs] [Times: user=0.22 sys=0.00, real=0.02 secs] 
2016-09-25T22:11:59.868-0400: 70.609: [GC (GCLocker Initiated GC) [PSYoungGen: 150879K->51598K(173568K)] 529146K->460287K(697856K), 0.0063491 secs] [Times: user=0.08 sys=0.01, real=0.01 secs] 
2016-09-25T22:11:59.964-0400: 70.705: [GC (GCLocker Initiated GC) [PSYoungGen: 145806K->59260K(176128K)] 554666K->470590K(700416K), 0.0184530 secs] [Times: user=0.23 sys=0.00, real=0.02 secs] 
2016-09-25T22:12:00.037-0400: 70.778: [GC (GCLocker Initiated GC) [PSYoungGen: 153468K->47289K(177152K)] 568935K->466139K(701440K), 0.0097493 secs] [Times: user=0.07 sys=0.01, real=0.01 secs] 
2016-09-25T22:12:00.127-0400: 70.868: [GC (GCLocker Initiated GC) [PSYoungGen: 147129K->74259K(174592K)] 566097K->494360K(698880K), 0.0138333 secs] [Times: user=0.14 sys=0.01, real=0.01 secs] 
2016-09-25T22:12:00.215-0400: 70.955: [GC (GCLocker Initiated GC) [PSYoungGen: 174099K->49939K(179200K)] 597090K->492713K(703488K), 0.0078902 secs] [Times: user=0.07 sys=0.01, real=0.01 secs] 
2016-09-25T22:12:00.280-0400: 71.021: [GC (GCLocker Initiated GC) [PSYoungGen: 145171K->68775K(164352K)] 587993K->534104K(688640K), 0.0114419 secs] [Times: user=0.15 sys=0.00, real=0.01 secs] 
2016-09-25T22:12:00.381-0400: 71.122: [GC (GCLocker Initiated GC) [PSYoungGen: 164007K->65982K(176640K)] 632197K->536396K(700928K), 0.0094311 secs] [Times: user=0.11 sys=0.00, real=0.01 secs] 
2016-09-25T22:12:00.449-0400: 71.190: [GC (GCLocker Initiated GC) [PSYoungGen: 158142K->71571K(163840K)] 628760K->556423K(688128K), 0.0061415 secs] [Times: user=0.09 sys=0.01, real=0.01 secs] 
2016-09-25T22:12:00.521-0400: 71.262: [Full GC (Ergonomics) [PSYoungGen: 163731K->0K(163840K)] [ParOldGen: 490280K->328028K(524288K)] 654012K->328028K(688128K), [Metaspace: 43663K->43663K(1087488K)], 0.1039720 secs] [Times: user=0.79 sys=0.01, real=0.11 secs] 
2016-09-25T22:12:00.683-0400: 71.423: [GC (GCLocker Initiated GC) [PSYoungGen: 92160K->57247K(177152K)] 429738K->394826K(701440K), 0.0092482 secs] [Times: user=0.09 sys=0.00, real=0.00 secs] 
2016-09-25T22:12:00.762-0400: 71.502: [GC (GCLocker Initiated GC) [PSYoungGen: 147359K->51008K(141312K)] 491761K->417261K(665600K), 0.0155866 secs] [Times: user=0.22 sys=0.00, real=0.02 secs] 
2016-09-25T22:12:00.833-0400: 71.573: [GC (GCLocker Initiated GC) [PSYoungGen: 141120K->60759K(176128K)] 507491K->445313K(700416K), 0.0099647 secs] [Times: user=0.09 sys=0.00, real=0.02 secs] 
2016-09-25T22:12:00.904-0400: 71.644: [GC (GCLocker Initiated GC) [PSYoungGen: 152919K->79593K(174080K)] 537530K->467808K(698368K), 0.0091370 secs] [Times: user=0.09 sys=0.01, real=0.00 secs] 
2016-09-25T22:12:00.981-0400: 71.722: [GC (GCLocker Initiated GC) [PSYoungGen: 171753K->67374K(175104K)] 560083K->459176K(699392K), 0.0090546 secs] [Times: user=0.11 sys=0.00, real=0.01 secs] 
2016-09-25T22:12:01.045-0400: 71.786: [GC (GCLocker Initiated GC) [PSYoungGen: 155438K->60474K(148992K)] 547349K->474587K(673280K), 0.0082934 secs] [Times: user=0.10 sys=0.00, real=0.00 secs] 
2016-09-25T22:12:01.105-0400: 71.846: [GC (GCLocker Initiated GC) [PSYoungGen: 148538K->64638K(174592K)] 562784K->498554K(698880K), 0.0063950 secs] [Times: user=0.07 sys=0.00, real=0.00 secs] 
2016-09-25T22:12:01.172-0400: 71.913: [GC (GCLocker Initiated GC) [PSYoungGen: 154238K->60436K(173056K)] 594011K->514211K(697344K), 0.0063576 secs] [Times: user=0.07 sys=0.00, real=0.01 secs] 
2016-09-25T22:12:01.232-0400: 71.973: [GC (GCLocker Initiated GC) [PSYoungGen: 150036K->58879K(177152K)] 603929K->524144K(701440K), 0.0072451 secs] [Times: user=0.09 sys=0.00, real=0.01 secs] 
2016-09-25T22:12:01.297-0400: 72.038: [GC (GCLocker Initiated GC) [PSYoungGen: 154111K->51014K(175616K)] 619500K->543768K(699904K), 0.0068862 secs] [Times: user=0.08 sys=0.01, real=0.01 secs] 
2016-09-25T22:12:01.304-0400: 72.045: [Full GC (Ergonomics) [PSYoungGen: 51014K->0K(175616K)] [ParOldGen: 492754K->330553K(524288K)] 543768K->330553K(699904K), [Metaspace: 43663K->43663K(1087488K)], 0.0682713 secs] [Times: user=0.55 sys=0.02, real=0.06 secs] 
2016-09-25T22:12:01.434-0400: 72.174: [GC (GCLocker Initiated GC) [PSYoungGen: 95232K->69058K(179200K)] 430009K->403836K(703488K), 0.0065287 secs] [Times: user=0.08 sys=0.00, real=0.01 secs] 
2016-09-25T22:12:01.498-0400: 72.239: [GC (GCLocker Initiated GC) [PSYoungGen: 167874K->49626K(180224K)] 505451K->401773K(704512K), 0.0063604 secs] [Times: user=0.06 sys=0.00, real=0.01 secs] 
2016-09-25T22:12:01.565-0400: 72.306: [GC (GCLocker Initiated GC) [PSYoungGen: 148442K->53890K(178688K)] 515482K->440440K(702976K), 0.0059677 secs] [Times: user=0.09 sys=0.00, real=0.00 secs] 
2016-09-25T22:12:01.638-0400: 72.379: [GC (GCLocker Initiated GC) [PSYoungGen: 153218K->69958K(179712K)] 548002K->465469K(704000K), 0.0067587 secs] [Times: user=0.09 sys=0.00, real=0.01 secs] 
2016-09-25T22:12:01.701-0400: 72.442: [GC (GCLocker Initiated GC) [PSYoungGen: 169286K->72576K(175616K)] 570267K->487637K(699904K), 0.0105602 secs] [Times: user=0.11 sys=0.00, real=0.01 secs] 
2016-09-25T22:12:01.783-0400: 72.523: [GC (GCLocker Initiated GC) [PSYoungGen: 165760K->49564K(177664K)] 585194K->477579K(701952K), 0.0083381 secs] [Times: user=0.07 sys=0.00, real=0.00 secs] 
2016-09-25T22:12:01.850-0400: 72.591: [GC (GCLocker Initiated GC) [PSYoungGen: 142748K->60516K(172544K)] 580399K->512191K(696832K), 0.0096300 secs] [Times: user=0.11 sys=0.00, real=0.01 secs] 
2016-09-25T22:12:01.923-0400: 72.664: [GC (GCLocker Initiated GC) [PSYoungGen: 153700K->59007K(175104K)] 613718K->520971K(699392K), 0.0104286 secs] [Times: user=0.16 sys=0.00, real=0.00 secs] 
2016-09-25T22:12:01.980-0400: 72.721: [GC (GCLocker Initiated GC) [PSYoungGen: 152191K->71139K(178176K)] 619645K->539078K(702464K), 0.0203964 secs] [Times: user=0.28 sys=0.00, real=0.02 secs] 
2016-09-25T22:12:02.061-0400: 72.802: [GC (GCLocker Initiated GC) [PSYoungGen: 169443K->75224K(173568K)] 640306K->560102K(697856K), 0.0108058 secs] [Times: user=0.15 sys=0.00, real=0.01 secs] 
2016-09-25T22:12:02.138-0400: 72.879: [GC (GCLocker Initiated GC) [PSYoungGen: 173528K->52166K(177152K)] 658422K->540254K(701440K), 0.0106390 secs] [Times: user=0.13 sys=0.00, real=0.01 secs] 
2016-09-25T22:12:02.218-0400: 72.959: [Full GC (Ergonomics) [PSYoungGen: 144326K->0K(177152K)] [ParOldGen: 500367K->347141K(524288K)] 644694K->347141K(701440K), [Metaspace: 43663K->43663K(1087488K)], 0.0669749 secs] [Times: user=0.59 sys=0.00, real=0.07 secs] 
2016-09-25T22:12:02.341-0400: 73.082: [GC (GCLocker Initiated GC) [PSYoungGen: 92160K->52726K(144896K)] 443416K->403982K(669184K), 0.0069740 secs] [Times: user=0.09 sys=0.00, real=0.01 secs] 
2016-09-25T22:12:02.408-0400: 73.149: [GC (GCLocker Initiated GC) [PSYoungGen: 144886K->57711K(177664K)] 501594K->435607K(701952K), 0.0066082 secs] [Times: user=0.08 sys=0.00, real=0.01 secs] 
2016-09-25T22:12:02.472-0400: 73.213: [GC (GCLocker Initiated GC) [PSYoungGen: 151407K->76612K(176128K)] 529327K->456445K(700416K), 0.0099975 secs] [Times: user=0.14 sys=0.00, real=0.02 secs] 
2016-09-25T22:12:02.544-0400: 73.284: [GC (GCLocker Initiated GC) [PSYoungGen: 170308K->57808K(177664K)] 552881K->454428K(701952K), 0.0200674 secs] [Times: user=0.25 sys=0.01, real=0.02 secs] 
2016-09-25T22:12:02.628-0400: 73.369: [GC (GCLocker Initiated GC) [PSYoungGen: 149456K->68605K(176128K)] 551658K->471363K(700416K), 0.0059908 secs] [Times: user=0.09 sys=0.01, real=0.00 secs] 
2016-09-25T22:12:02.697-0400: 73.437: [GC (GCLocker Initiated GC) [PSYoungGen: 160253K->68596K(176640K)] 565761K->477421K(700928K), 0.0082421 secs] [Times: user=0.11 sys=0.02, real=0.01 secs] 
2016-09-25T22:12:02.762-0400: 73.503: [GC (GCLocker Initiated GC) [PSYoungGen: 160244K->65886K(157696K)] 575924K->482126K(681984K), 0.0065343 secs] [Times: user=0.09 sys=0.01, real=0.00 secs] 
2016-09-25T22:12:02.824-0400: 73.565: [GC (GCLocker Initiated GC) [PSYoungGen: 157534K->80833K(172032K)] 573887K->497791K(696320K), 0.0072772 secs] [Times: user=0.08 sys=0.01, real=0.00 secs] 
2016-09-25T22:12:02.889-0400: 73.630: [GC (GCLocker Initiated GC) [PSYoungGen: 168897K->69905K(175104K)] 594152K->503843K(699392K), 0.0100571 secs] [Times: user=0.13 sys=0.00, real=0.01 secs] 
2016-09-25T22:12:02.953-0400: 73.694: [GC (GCLocker Initiated GC) [PSYoungGen: 157969K->84820K(175104K)] 591977K->519426K(699392K), 0.0099973 secs] [Times: user=0.13 sys=0.01, real=0.02 secs] 
2016-09-25T22:12:03.034-0400: 73.775: [GC (GCLocker Initiated GC) [PSYoungGen: 172884K->64578K(175104K)] 613633K->524827K(699392K), 0.0102459 secs] [Times: user=0.15 sys=0.00, real=0.02 secs] 
2016-09-25T22:12:03.105-0400: 73.846: [GC (GCLocker Initiated GC) [PSYoungGen: 152642K->68573K(175104K)] 618342K->540288K(699392K), 0.0084213 secs] [Times: user=0.13 sys=0.00, real=0.00 secs] 
2016-09-25T22:12:03.172-0400: 73.913: [GC (GCLocker Initiated GC) [PSYoungGen: 156637K->61760K(175104K)] 631077K->536753K(699392K), 0.0084798 secs] [Times: user=0.09 sys=0.01, real=0.01 secs] 
2016-09-25T22:12:03.239-0400: 73.980: [GC (GCLocker Initiated GC) [PSYoungGen: 149824K->59028K(175104K)] 624829K->556335K(699392K), 0.0064887 secs] [Times: user=0.09 sys=0.00, real=0.01 secs] 
2016-09-25T22:12:03.246-0400: 73.987: [Full GC (Ergonomics) [PSYoungGen: 59028K->0K(175104K)] [ParOldGen: 497307K->351207K(524288K)] 556335K->351207K(699392K), [Metaspace: 43665K->43665K(1087488K)], 0.0607629 secs] [Times: user=0.44 sys=0.01, real=0.06 secs] 
2016-09-25T22:12:03.367-0400: 74.108: [GC (GCLocker Initiated GC) [PSYoungGen: 88064K->62588K(151040K)] 442058K->416583K(675328K), 0.0070335 secs] [Times: user=0.07 sys=0.00, real=0.00 secs] 
2016-09-25T22:12:03.437-0400: 74.178: [GC (GCLocker Initiated GC) [PSYoungGen: 150652K->67286K(175104K)] 507555K->436386K(699392K), 0.0105436 secs] [Times: user=0.14 sys=0.00, real=0.01 secs] 
2016-09-25T22:12:03.504-0400: 74.244: [GC (GCLocker Initiated GC) [PSYoungGen: 156886K->76769K(173568K)] 528791K->449329K(697856K), 0.0100691 secs] [Times: user=0.15 sys=0.00, real=0.00 secs] 
2016-09-25T22:12:03.571-0400: 74.312: [GC (GCLocker Initiated GC) [PSYoungGen: 166369K->60697K(176640K)] 545845K->440830K(700928K), 0.0112424 secs] [Times: user=0.12 sys=0.00, real=0.02 secs] 
2016-09-25T22:12:03.645-0400: 74.386: [GC (GCLocker Initiated GC) [PSYoungGen: 150809K->55039K(175616K)] 536377K->465597K(699904K), 0.0167942 secs] [Times: user=0.22 sys=0.01, real=0.01 secs] 
2016-09-25T22:12:03.714-0400: 74.455: [GC (GCLocker Initiated GC) [PSYoungGen: 145151K->83462K(173568K)] 555835K->494682K(697856K), 0.0071363 secs] [Times: user=0.10 sys=0.00, real=0.00 secs] 
2016-09-25T22:12:03.778-0400: 74.519: [GC (GCLocker Initiated GC) [PSYoungGen: 171526K->52439K(175104K)] 589629K->490122K(699392K), 0.0094762 secs] [Times: user=0.08 sys=0.01, real=0.01 secs] 
2016-09-25T22:12:03.851-0400: 74.592: [GC (GCLocker Initiated GC) [PSYoungGen: 140503K->60543K(175104K)] 585008K->505652K(699392K), 0.0127913 secs] [Times: user=0.17 sys=0.01, real=0.02 secs] 
2016-09-25T22:12:03.916-0400: 74.657: [GC (GCLocker Initiated GC) [PSYoungGen: 148607K->53762K(175104K)] 607453K->513255K(699392K), 0.0059457 secs] [Times: user=0.06 sys=0.00, real=0.00 secs] 
2016-09-25T22:12:03.973-0400: 74.714: [GC (GCLocker Initiated GC) [PSYoungGen: 141826K->71219K(175104K)] 605406K->540879K(699392K), 0.0064949 secs] [Times: user=0.08 sys=0.00, real=0.01 secs] 
2016-09-25T22:12:04.056-0400: 74.797: [GC (GCLocker Initiated GC) [PSYoungGen: 159283K->55148K(175104K)] 637249K->562011K(699392K), 0.0181206 secs] [Times: user=0.26 sys=0.00, real=0.02 secs] 
2016-09-25T22:12:04.075-0400: 74.815: [Full GC (Ergonomics) [PSYoungGen: 55148K->0K(175104K)] [ParOldGen: 506863K->362646K(524288K)] 562011K->362646K(699392K), [Metaspace: 43670K->43670K(1087488K)], 0.0674221 secs] [Times: user=0.48 sys=0.04, real=0.07 secs] 
2016-09-25T22:12:04.191-0400: 74.932: [GC (GCLocker Initiated GC) [PSYoungGen: 88064K->63665K(172032K)] 453434K->429036K(696320K), 0.0108353 secs] [Times: user=0.12 sys=0.00, real=0.02 secs] 
2016-09-25T22:12:04.283-0400: 75.024: [GC (GCLocker Initiated GC) [PSYoungGen: 151729K->69999K(173568K)] 519973K->442043K(697856K), 0.0121060 secs] [Times: user=0.14 sys=0.00, real=0.01 secs] 
2016-09-25T22:12:04.353-0400: 75.094: [GC (GCLocker Initiated GC) [PSYoungGen: 158063K->56276K(175616K)] 536955K->435757K(699904K), 0.0126067 secs] [Times: user=0.14 sys=0.00, real=0.02 secs] 
2016-09-25T22:12:04.432-0400: 75.173: [GC (GCLocker Initiated GC) [PSYoungGen: 147412K->49845K(176128K)] 534198K->458821K(700416K), 0.0108146 secs] [Times: user=0.17 sys=0.00, real=0.02 secs] 
2016-09-25T22:12:04.532-0400: 75.272: [GC (GCLocker Initiated GC) [PSYoungGen: 140981K->65789K(176128K)] 552723K->478248K(700416K), 0.0102498 secs] [Times: user=0.15 sys=0.00, real=0.01 secs] 
2016-09-25T22:12:04.595-0400: 75.336: [GC (GCLocker Initiated GC) [PSYoungGen: 157949K->56594K(176640K)] 585294K->506103K(700928K), 0.0096885 secs] [Times: user=0.10 sys=0.00, real=0.01 secs] 
2016-09-25T22:12:04.693-0400: 75.434: [GC (GCLocker Initiated GC) [PSYoungGen: 148754K->64505K(176640K)] 598287K->518796K(700928K), 0.0119633 secs] [Times: user=0.15 sys=0.00, real=0.02 secs] 
2016-09-25T22:12:04.773-0400: 75.514: [GC (GCLocker Initiated GC) [PSYoungGen: 159225K->55214K(176640K)] 621687K->537175K(700928K), 0.0062489 secs] [Times: user=0.09 sys=0.00, real=0.01 secs] 
2016-09-25T22:12:04.838-0400: 75.579: [GC (GCLocker Initiated GC) [PSYoungGen: 149934K->65983K(179712K)] 637335K->556770K(704000K), 0.0106749 secs] [Times: user=0.11 sys=0.01, real=0.01 secs] 
2016-09-25T22:12:04.849-0400: 75.590: [Full GC (Ergonomics) [PSYoungGen: 65983K->0K(179712K)] [ParOldGen: 490787K->367609K(524288K)] 556770K->367609K(704000K), [Metaspace: 43673K->43673K(1087488K)], 0.0811045 secs] [Times: user=0.71 sys=0.00, real=0.08 secs] 
2016-09-25T22:12:04.996-0400: 75.736: [GC (GCLocker Initiated GC) [PSYoungGen: 98816K->71667K(179712K)] 469320K->442172K(704000K), 0.0066968 secs] [Times: user=0.08 sys=0.00, real=0.01 secs] 
2016-09-25T22:12:05.089-0400: 75.830: [GC (GCLocker Initiated GC) [PSYoungGen: 170483K->60515K(179712K)] 546561K->441566K(704000K), 0.0098365 secs] [Times: user=0.14 sys=0.01, real=0.01 secs] 
2016-09-25T22:12:05.170-0400: 75.911: [GC (GCLocker Initiated GC) [PSYoungGen: 159331K->67265K(179712K)] 540511K->449143K(704000K), 0.0065791 secs] [Times: user=0.07 sys=0.00, real=0.01 secs] 
2016-09-25T22:12:05.228-0400: 75.968: [GC (GCLocker Initiated GC) [PSYoungGen: 166081K->61802K(178176K)] 550871K->447171K(702464K), 0.0080603 secs] [Times: user=0.07 sys=0.00, real=0.01 secs] 
2016-09-25T22:12:05.342-0400: 76.083: [GC (GCLocker Initiated GC) [PSYoungGen: 162154K->60547K(179712K)] 557051K->466840K(704000K), 0.0128435 secs] [Times: user=0.12 sys=0.02, real=0.02 secs] 
2016-09-25T22:12:05.411-0400: 76.152: [GC (GCLocker Initiated GC) [PSYoungGen: 160899K->78100K(175616K)] 572658K->506734K(699904K), 0.0079157 secs] [Times: user=0.10 sys=0.00, real=0.01 secs] 
2016-09-25T22:12:05.476-0400: 76.217: [GC (GCLocker Initiated GC) [PSYoungGen: 175380K->76650K(174080K)] 606897K->516888K(698368K), 0.0135772 secs] [Times: user=0.17 sys=0.01, real=0.01 secs] 
2016-09-25T22:12:05.547-0400: 76.288: [GC (GCLocker Initiated GC) [PSYoungGen: 173930K->67197K(178176K)] 614182K->518858K(702464K), 0.0101123 secs] [Times: user=0.09 sys=0.00, real=0.01 secs] 
2016-09-25T22:12:05.617-0400: 76.358: [GC (GCLocker Initiated GC) [PSYoungGen: 160381K->76553K(169984K)] 614810K->536941K(694272K), 0.0099219 secs] [Times: user=0.12 sys=0.01, real=0.01 secs] 
2016-09-25T22:12:05.689-0400: 76.430: [GC (GCLocker Initiated GC) [PSYoungGen: 169737K->63210K(177152K)] 632852K->540346K(701440K), 0.0084687 secs] [Times: user=0.09 sys=0.00, real=0.01 secs] 
2016-09-25T22:12:05.760-0400: 76.501: [GC (GCLocker Initiated GC) [PSYoungGen: 154346K->73982K(176128K)] 634279K->554491K(700416K), 0.0059611 secs] [Times: user=0.06 sys=0.00, real=0.01 secs] 
2016-09-25T22:12:05.836-0400: 76.577: [GC (GCLocker Initiated GC) [PSYoungGen: 165118K->53638K(176128K)] 651196K->569962K(700416K), 0.0100040 secs] [Times: user=0.14 sys=0.00, real=0.01 secs] 
2016-09-25T22:12:05.846-0400: 76.587: [Full GC (Ergonomics) [PSYoungGen: 53638K->0K(176128K)] [ParOldGen: 516323K->362990K(524288K)] 569962K->362990K(700416K), [Metaspace: 43676K->43676K(1087488K)], 0.0700919 secs] [Times: user=0.53 sys=0.01, real=0.07 secs] 
2016-09-25T22:12:05.977-0400: 76.718: [GC (GCLocker Initiated GC) [PSYoungGen: 90112K->70094K(176128K)] 457292K->437274K(700416K), 0.0061093 secs] [Times: user=0.07 sys=0.00, real=0.01 secs] 
2016-09-25T22:12:06.053-0400: 76.794: [GC (GCLocker Initiated GC) [PSYoungGen: 160206K->52387K(176128K)] 533006K->440834K(700416K), 0.0141553 secs] [Times: user=0.18 sys=0.00, real=0.02 secs] 
2016-09-25T22:12:06.126-0400: 76.867: [GC (GCLocker Initiated GC) [PSYoungGen: 142499K->59068K(149504K)] 545879K->471155K(673792K), 0.0085091 secs] [Times: user=0.10 sys=0.01, real=0.01 secs] 
2016-09-25T22:12:06.198-0400: 76.939: [GC (GCLocker Initiated GC) [PSYoungGen: 149180K->54957K(175616K)] 566797K->491987K(699904K), 0.0164293 secs] [Times: user=0.24 sys=0.00, real=0.02 secs] 
2016-09-25T22:12:06.270-0400: 77.011: [GC (GCLocker Initiated GC) [PSYoungGen: 145581K->48142K(175104K)] 585508K->506159K(699392K), 0.0098489 secs] [Times: user=0.13 sys=0.01, real=0.01 secs] 
2016-09-25T22:12:06.341-0400: 77.082: [GC (GCLocker Initiated GC) [PSYoungGen: 138766K->57658K(175104K)] 605184K->524552K(699392K), 0.0093420 secs] [Times: user=0.10 sys=0.00, real=0.01 secs] 
2016-09-25T22:12:06.408-0400: 77.149: [GC (GCLocker Initiated GC) [PSYoungGen: 150330K->76624K(169472K)] 625547K->552327K(693760K), 0.0067138 secs] [Times: user=0.10 sys=0.00, real=0.01 secs] 
2016-09-25T22:12:06.490-0400: 77.231: [GC (GCLocker Initiated GC) [PSYoungGen: 169296K->52196K(175616K)] 653236K->547408K(699904K), 0.0066126 secs] [Times: user=0.05 sys=0.00, real=0.01 secs] 
2016-09-25T22:12:06.497-0400: 77.238: [Full GC (Ergonomics) [PSYoungGen: 52196K->0K(175616K)] [ParOldGen: 495211K->374470K(524288K)] 547408K->374470K(699904K), [Metaspace: 43676K->43676K(1087488K)], 0.0781931 secs] [Times: user=0.63 sys=0.00, real=0.08 secs] 
2016-09-25T22:12:06.642-0400: 77.383: [GC (GCLocker Initiated GC) [PSYoungGen: 88576K->55313K(144384K)] 467206K->433944K(668672K), 0.0067012 secs] [Times: user=0.05 sys=0.01, real=0.01 secs] 
2016-09-25T22:12:06.707-0400: 77.448: [GC (GCLocker Initiated GC) [PSYoungGen: 143889K->50910K(174080K)] 522874K->460564K(698368K), 0.0087700 secs] [Times: user=0.12 sys=0.00, real=0.01 secs] 
2016-09-25T22:12:06.782-0400: 77.522: [GC (GCLocker Initiated GC) [PSYoungGen: 139998K->54929K(173568K)] 557861K->496191K(697856K), 0.0066354 secs] [Times: user=0.09 sys=0.00, real=0.01 secs] 
2016-09-25T22:12:06.847-0400: 77.588: [GC (GCLocker Initiated GC) [PSYoungGen: 144017K->64412K(176128K)] 588011K->517011K(700416K), 0.0102199 secs] [Times: user=0.13 sys=0.00, real=0.01 secs] 
2016-09-25T22:12:06.921-0400: 77.662: [GC (GCLocker Initiated GC) [PSYoungGen: 157596K->70001K(175616K)] 611421K->527071K(699904K), 0.0127670 secs] [Times: user=0.15 sys=0.00, real=0.01 secs] 
2016-09-25T22:12:06.991-0400: 77.731: [GC (GCLocker Initiated GC) [PSYoungGen: 163185K->76594K(172032K)] 620329K->545067K(696320K), 0.0103809 secs] [Times: user=0.10 sys=0.01, real=0.01 secs] 
2016-09-25T22:12:07.053-0400: 77.794: [GC (GCLocker Initiated GC) [PSYoungGen: 164658K->56184K(175104K)] 633285K->538752K(699392K), 0.0157826 secs] [Times: user=0.12 sys=0.00, real=0.02 secs] 
2016-09-25T22:12:07.121-0400: 77.862: [GC (GCLocker Initiated GC) [PSYoungGen: 144248K->71195K(174080K)] 631119K->558588K(698368K), 0.0092008 secs] [Times: user=0.14 sys=0.00, real=0.01 secs] 
2016-09-25T22:12:07.207-0400: 77.948: [Full GC (Ergonomics) [PSYoungGen: 159259K->0K(174080K)] [ParOldGen: 497493K->374451K(524288K)] 656753K->374451K(698368K), [Metaspace: 43676K->43676K(1087488K)], 0.0625595 secs] [Times: user=0.45 sys=0.01, real=0.06 secs] 
2016-09-25T22:12:07.332-0400: 78.073: [GC (GCLocker Initiated GC) [PSYoungGen: 88064K->61875K(150016K)] 468152K->441964K(674304K), 0.0120190 secs] [Times: user=0.17 sys=0.00, real=0.02 secs] 
2016-09-25T22:12:07.400-0400: 78.141: [GC (GCLocker Initiated GC) [PSYoungGen: 149939K->56379K(175104K)] 535524K->442625K(699392K), 0.0054789 secs] [Times: user=0.07 sys=0.00, real=0.01 secs] 
2016-09-25T22:12:07.461-0400: 78.202: [GC (GCLocker Initiated GC) [PSYoungGen: 146491K->44328K(174080K)] 540498K->457727K(698368K), 0.0077436 secs] [Times: user=0.06 sys=0.00, real=0.01 secs] 
2016-09-25T22:12:07.525-0400: 78.266: [GC (GCLocker Initiated GC) [PSYoungGen: 134440K->49435K(177664K)] 550651K->479696K(701952K), 0.0076638 secs] [Times: user=0.06 sys=0.00, real=0.00 secs] 
2016-09-25T22:12:07.593-0400: 78.334: [GC (GCLocker Initiated GC) [PSYoungGen: 143131K->59048K(153088K)] 578963K->516955K(677376K), 0.0084437 secs] [Times: user=0.12 sys=0.00, real=0.01 secs] 
2016-09-25T22:12:07.667-0400: 78.408: [GC (GCLocker Initiated GC) [PSYoungGen: 152744K->35845K(174592K)] 618893K->502463K(698880K), 0.0124890 secs] [Times: user=0.06 sys=0.00, real=0.01 secs] 
2016-09-25T22:12:07.740-0400: 78.481: [GC (GCLocker Initiated GC) [PSYoungGen: 128517K->46835K(176128K)] 603260K->522148K(700416K), 0.0058425 secs] [Times: user=0.05 sys=0.00, real=0.01 secs] 
2016-09-25T22:12:07.805-0400: 78.546: [GC (GCLocker Initiated GC) [PSYoungGen: 139507K->65897K(177664K)] 617646K->563487K(701952K), 0.0093285 secs] [Times: user=0.13 sys=0.01, real=0.01 secs] 
2016-09-25T22:12:07.815-0400: 78.556: [Full GC (Ergonomics) [PSYoungGen: 65897K->0K(177664K)] [ParOldGen: 497589K->384386K(524288K)] 563487K->384386K(701952K), [Metaspace: 43676K->43676K(1087488K)], 0.0666790 secs] [Times: user=0.64 sys=0.01, real=0.06 secs] 
2016-09-25T22:12:07.933-0400: 78.674: [GC (GCLocker Initiated GC) [PSYoungGen: 95232K->63549K(178688K)] 479702K->448019K(702976K), 0.0148854 secs] [Times: user=0.12 sys=0.02, real=0.02 secs] 
2016-09-25T22:12:08.017-0400: 78.758: [GC (GCLocker Initiated GC) [PSYoungGen: 158781K->46644K(177664K)] 543291K->437698K(701952K), 0.0101483 secs] [Times: user=0.09 sys=0.01, real=0.01 secs] 
2016-09-25T22:12:08.082-0400: 78.823: [GC (GCLocker Initiated GC) [PSYoungGen: 141876K->54938K(150528K)] 533052K->468187K(674816K), 0.0106556 secs] [Times: user=0.12 sys=0.00, real=0.00 secs] 
2016-09-25T22:12:08.160-0400: 78.901: [GC (GCLocker Initiated GC) [PSYoungGen: 150170K->42980K(177152K)] 574349K->467680K(701440K), 0.0065913 secs] [Times: user=0.06 sys=0.00, real=0.01 secs] 
2016-09-25T22:12:08.237-0400: 78.978: [GC (GCLocker Initiated GC) [PSYoungGen: 139748K->59082K(177152K)] 574084K->510268K(701440K), 0.0074150 secs] [Times: user=0.08 sys=0.00, real=0.01 secs] 
2016-09-25T22:12:08.309-0400: 79.050: [GC (GCLocker Initiated GC) [PSYoungGen: 155850K->59086K(180736K)] 611617K->539681K(705024K), 0.0085791 secs] [Times: user=0.09 sys=0.02, real=0.01 secs] 
2016-09-25T22:12:08.377-0400: 79.118: [GC (GCLocker Initiated GC) [PSYoungGen: 161486K->69885K(180736K)] 644837K->561940K(705024K), 0.0069026 secs] [Times: user=0.09 sys=0.00, real=0.01 secs] 
2016-09-25T22:12:08.384-0400: 79.125: [Full GC (Ergonomics) [PSYoungGen: 69885K->0K(180736K)] [ParOldGen: 492054K->375448K(524288K)] 561940K->375448K(705024K), [Metaspace: 43676K->43676K(1087488K)], 0.2166765 secs] [Times: user=3.17 sys=0.02, real=0.21 secs] 
2016-09-25T22:12:08.661-0400: 79.402: [GC (GCLocker Initiated GC) [PSYoungGen: 102400K->55676K(181760K)] 480789K->434065K(706048K), 0.0060964 secs] [Times: user=0.06 sys=0.00, real=0.01 secs] 
2016-09-25T22:12:08.748-0400: 79.489: [GC (GCLocker Initiated GC) [PSYoungGen: 157052K->71118K(172544K)] 538735K->452801K(696832K), 0.0108012 secs] [Times: user=0.16 sys=0.00, real=0.01 secs] 
2016-09-25T22:12:08.836-0400: 79.577: [GC (GCLocker Initiated GC) [PSYoungGen: 172494K->43095K(179712K)] 558556K->429157K(704000K), 0.0127291 secs] [Times: user=0.14 sys=0.00, real=0.01 secs] 
2016-09-25T22:12:08.904-0400: 79.645: [GC (GCLocker Initiated GC) [PSYoungGen: 140375K->56891K(154624K)] 530639K->447155K(678912K), 0.0264431 secs] [Times: user=0.35 sys=0.00, real=0.02 secs] 
2016-09-25T22:12:09.007-0400: 79.748: [GC (GCLocker Initiated GC) [PSYoungGen: 154171K->57473K(179200K)] 548601K->454345K(703488K), 0.0160717 secs] [Times: user=0.15 sys=0.01, real=0.02 secs] 
2016-09-25T22:12:09.077-0400: 79.818: [GC (GCLocker Initiated GC) [PSYoungGen: 156801K->77817K(177152K)] 559133K->480714K(701440K), 0.0105456 secs] [Times: user=0.12 sys=0.00, real=0.01 secs] 
2016-09-25T22:12:09.161-0400: 79.902: [GC (GCLocker Initiated GC) [PSYoungGen: 177145K->65277K(178688K)] 589602K->481275K(702976K), 0.0212917 secs] [Times: user=0.23 sys=0.00, real=0.03 secs] 
2016-09-25T22:12:09.254-0400: 79.995: [GC (GCLocker Initiated GC) [PSYoungGen: 160509K->60734K(156160K)] 579322K->493959K(680448K), 0.0088559 secs] [Times: user=0.08 sys=0.00, real=0.02 secs] 
2016-09-25T22:12:09.320-0400: 80.060: [GC (GCLocker Initiated GC) [PSYoungGen: 155966K->60894K(178176K)] 589246K->505530K(702464K), 0.0253272 secs] [Times: user=0.28 sys=0.02, real=0.03 secs] 
2016-09-25T22:12:09.426-0400: 80.166: [GC (GCLocker Initiated GC) [PSYoungGen: 157662K->49735K(176640K)] 609741K->543264K(700928K), 0.0108245 secs] [Times: user=0.18 sys=0.00, real=0.01 secs] 
2016-09-25T22:12:09.437-0400: 80.177: [Full GC (Ergonomics) [PSYoungGen: 49735K->0K(176640K)] [ParOldGen: 493529K->372879K(524288K)] 543264K->372879K(700928K), [Metaspace: 43679K->43679K(1087488K)], 0.0644924 secs] [Times: user=0.52 sys=0.01, real=0.06 secs] 
2016-09-25T22:12:09.603-0400: 80.343: [GC (GCLocker Initiated GC) [PSYoungGen: 96768K->71648K(176640K)] 472492K->447372K(700928K), 0.0153777 secs] [Times: user=0.12 sys=0.02, real=0.01 secs] 
2016-09-25T22:12:09.674-0400: 80.415: [GC (GCLocker Initiated GC) [PSYoungGen: 168928K->79344K(176640K)] 544735K->458827K(700928K), 0.0071103 secs] [Times: user=0.10 sys=0.00, real=0.01 secs] 
2016-09-25T22:12:09.730-0400: 80.471: [GC (GCLocker Initiated GC) [PSYoungGen: 176624K->68418K(173568K)] 558817K->453866K(697856K), 0.0103801 secs] [Times: user=0.13 sys=0.00, real=0.01 secs] 
2016-09-25T22:12:09.831-0400: 80.572: [GC (GCLocker Initiated GC) [PSYoungGen: 156482K->48265K(175104K)] 546016K->439739K(699392K), 0.0130421 secs] [Times: user=0.17 sys=0.01, real=0.02 secs] 
2016-09-25T22:12:09.898-0400: 80.638: [GC (GCLocker Initiated GC) [PSYoungGen: 136329K->46657K(175104K)] 527858K->438737K(699392K), 0.0076563 secs] [Times: user=0.07 sys=0.00, real=0.01 secs] 
2016-09-25T22:12:09.956-0400: 80.697: [GC (GCLocker Initiated GC) [PSYoungGen: 134721K->68654K(175104K)] 529660K->474942K(699392K), 0.0147855 secs] [Times: user=0.21 sys=0.01, real=0.01 secs] 
2016-09-25T22:12:10.053-0400: 80.794: [GC (GCLocker Initiated GC) [PSYoungGen: 156718K->61840K(172032K)] 568571K->498611K(696320K), 0.0137017 secs] [Times: user=0.18 sys=0.02, real=0.02 secs] 
2016-09-25T22:12:10.120-0400: 80.861: [GC (GCLocker Initiated GC) [PSYoungGen: 149904K->54962K(173568K)] 593449K->499109K(697856K), 0.0069475 secs] [Times: user=0.07 sys=0.00, real=0.01 secs] 
2016-09-25T22:12:10.196-0400: 80.937: [GC (GCLocker Initiated GC) [PSYoungGen: 143026K->60351K(171520K)] 593269K->511179K(695808K), 0.0067116 secs] [Times: user=0.10 sys=0.00, real=0.01 secs] 
2016-09-25T22:12:10.280-0400: 81.021: [GC (GCLocker Initiated GC) [PSYoungGen: 153023K->75198K(174080K)] 604081K->537575K(698368K), 0.0112177 secs] [Times: user=0.16 sys=0.02, real=0.01 secs] 
2016-09-25T22:12:10.355-0400: 81.096: [GC (GCLocker Initiated GC) [PSYoungGen: 167870K->58919K(178688K)] 630301K->529862K(702976K), 0.0144847 secs] [Times: user=0.10 sys=0.00, real=0.01 secs] 
2016-09-25T22:12:10.422-0400: 81.163: [GC (GCLocker Initiated GC) [PSYoungGen: 152615K->67274K(177152K)] 626482K->541778K(701440K), 0.0102782 secs] [Times: user=0.15 sys=0.00, real=0.01 secs] 
2016-09-25T22:12:10.492-0400: 81.233: [GC (GCLocker Initiated GC) [PSYoungGen: 160970K->82510K(171520K)] 641057K->563233K(695808K), 0.0086827 secs] [Times: user=0.13 sys=0.00, real=0.01 secs] 
2016-09-25T22:12:10.558-0400: 81.299: [GC (GCLocker Initiated GC) [PSYoungGen: 170574K->39052K(175104K)] 657681K->548733K(699392K), 0.0108750 secs] [Times: user=0.12 sys=0.00, real=0.01 secs] 
2016-09-25T22:12:10.569-0400: 81.310: [Full GC (Ergonomics) [PSYoungGen: 39052K->0K(175104K)] [ParOldGen: 509680K->383233K(524288K)] 548733K->383233K(699392K), [Metaspace: 43716K->43716K(1087488K)], 0.0508537 secs] [Times: user=0.38 sys=0.00, real=0.05 secs] 
2016-09-25T22:12:10.672-0400: 81.413: [GC (GCLocker Initiated GC) [PSYoungGen: 88064K->71922K(175104K)] 484903K->468762K(699392K), 0.0067790 secs] [Times: user=0.10 sys=0.00, real=0.01 secs] 
2016-09-25T22:12:10.728-0400: 81.469: [GC (GCLocker Initiated GC) [PSYoungGen: 159986K->51265K(175104K)] 566497K->477917K(699392K), 0.0112060 secs] [Times: user=0.15 sys=0.01, real=0.01 secs] 
2016-09-25T22:12:10.793-0400: 81.534: [GC (GCLocker Initiated GC) [PSYoungGen: 139329K->59460K(175104K)] 578365K->499362K(699392K), 0.0065726 secs] [Times: user=0.07 sys=0.00, real=0.01 secs] 
2016-09-25T22:12:10.850-0400: 81.591: [GC (GCLocker Initiated GC) [PSYoungGen: 147524K->55443K(143872K)] 598373K->507166K(668160K), 0.0061872 secs] [Times: user=0.06 sys=0.01, real=0.01 secs] 
2016-09-25T22:12:10.905-0400: 81.646: [GC (GCLocker Initiated GC) [PSYoungGen: 143507K->76980K(174080K)] 602053K->536432K(698368K), 0.0082708 secs] [Times: user=0.12 sys=0.00, real=0.00 secs] 
2016-09-25T22:12:10.968-0400: 81.709: [GC (GCLocker Initiated GC) [PSYoungGen: 164532K->67515K(174592K)] 624038K->533255K(698880K), 0.0069227 secs] [Times: user=0.09 sys=0.00, real=0.01 secs] 
2016-09-25T22:12:11.028-0400: 81.769: [GC (GCLocker Initiated GC) [PSYoungGen: 155067K->61966K(174080K)] 621278K->539822K(698368K), 0.0077062 secs] [Times: user=0.09 sys=0.00, real=0.01 secs] 
2016-09-25T22:12:11.091-0400: 81.832: [GC (GCLocker Initiated GC) [PSYoungGen: 150030K->40439K(174592K)] 633936K->530521K(698880K), 0.0084115 secs] [Times: user=0.09 sys=0.00, real=0.01 secs] 
2016-09-25T22:12:11.144-0400: 81.885: [GC (GCLocker Initiated GC) [PSYoungGen: 128503K->44177K(175104K)] 618646K->545961K(699392K), 0.0083714 secs] [Times: user=0.06 sys=0.01, real=0.00 secs] 
2016-09-25T22:12:11.152-0400: 81.893: [Full GC (Ergonomics) [PSYoungGen: 44177K->0K(175104K)] [ParOldGen: 501784K->385870K(524288K)] 545961K->385870K(699392K), [Metaspace: 43743K->43743K(1087488K)], 0.0533102 secs] [Times: user=0.45 sys=0.00, real=0.06 secs] 
2016-09-25T22:12:11.256-0400: 81.997: [GC (GCLocker Initiated GC) [PSYoungGen: 88064K->79106K(175104K)] 474070K->465112K(699392K), 0.0080235 secs] [Times: user=0.09 sys=0.01, real=0.01 secs] 
2016-09-25T22:12:11.309-0400: 82.050: [GC (GCLocker Initiated GC) [PSYoungGen: 167170K->68747K(175104K)] 553358K->460605K(699392K), 0.0097277 secs] [Times: user=0.08 sys=0.00, real=0.01 secs] 
2016-09-25T22:12:11.364-0400: 82.105: [GC (GCLocker Initiated GC) [PSYoungGen: 156811K->58088K(175104K)] 551388K->467028K(699392K), 0.0101631 secs] [Times: user=0.10 sys=0.00, real=0.01 secs] 
2016-09-25T22:12:11.421-0400: 82.162: [GC (GCLocker Initiated GC) [PSYoungGen: 146152K->70248K(175104K)] 557893K->482873K(699392K), 0.0065855 secs] [Times: user=0.08 sys=0.00, real=0.01 secs] 
2016-09-25T22:12:11.477-0400: 82.217: [GC (GCLocker Initiated GC) [PSYoungGen: 158312K->58173K(175104K)] 576487K->477346K(699392K), 0.0072809 secs] [Times: user=0.08 sys=0.00, real=0.01 secs] 
2016-09-25T22:12:11.537-0400: 82.278: [GC (GCLocker Initiated GC) [PSYoungGen: 146237K->58065K(174080K)] 568219K->482398K(698368K), 0.0100937 secs] [Times: user=0.11 sys=0.00, real=0.01 secs] 
2016-09-25T22:12:11.602-0400: 82.343: [GC (GCLocker Initiated GC) [PSYoungGen: 146129K->69006K(174592K)] 575963K->505149K(698880K), 0.0067147 secs] [Times: user=0.10 sys=0.00, real=0.00 secs] 
2016-09-25T22:12:11.658-0400: 82.399: [GC (GCLocker Initiated GC) [PSYoungGen: 157070K->58207K(172544K)] 596164K->509127K(696832K), 0.0098974 secs] [Times: user=0.13 sys=0.01, real=0.01 secs] 
2016-09-25T22:12:11.719-0400: 82.460: [GC (GCLocker Initiated GC) [PSYoungGen: 147295K->60798K(174080K)] 603700K->520938K(698368K), 0.0062567 secs] [Times: user=0.09 sys=0.00, real=0.01 secs] 
2016-09-25T22:12:11.780-0400: 82.521: [GC (GCLocker Initiated GC) [PSYoungGen: 149886K->52915K(176640K)] 619519K->523457K(700928K), 0.0060983 secs] [Times: user=0.08 sys=0.00, real=0.01 secs] 
2016-09-25T22:12:11.847-0400: 82.587: [GC (GCLocker Initiated GC) [PSYoungGen: 147123K->43343K(176640K)] 623077K->521750K(700928K), 0.0073741 secs] [Times: user=0.08 sys=0.00, real=0.00 secs] 
2016-09-25T22:12:11.911-0400: 82.652: [GC (GCLocker Initiated GC) [PSYoungGen: 137551K->62363K(178176K)] 615998K->552590K(702464K), 0.0065339 secs] [Times: user=0.09 sys=0.01, real=0.01 secs] 
2016-09-25T22:12:11.974-0400: 82.715: [GC (GCLocker Initiated GC) [PSYoungGen: 159131K->78500K(175616K)] 649489K->569991K(699904K), 0.0115707 secs] [Times: user=0.20 sys=0.00, real=0.02 secs] 
2016-09-25T22:12:12.045-0400: 82.786: [GC (GCLocker Initiated GC) [PSYoungGen: 175268K->55754K(177152K)] 670466K->565442K(701440K), 0.0061383 secs] [Times: user=0.08 sys=0.00, real=0.00 secs] 
2016-09-25T22:12:12.052-0400: 82.792: [Full GC (Ergonomics) [PSYoungGen: 55754K->0K(177152K)] [ParOldGen: 509687K->399991K(524288K)] 565442K->399991K(701440K), [Metaspace: 43747K->43747K(1087488K)], 0.0616790 secs] [Times: user=0.59 sys=0.00, real=0.06 secs] 
2016-09-25T22:12:12.179-0400: 82.920: [GC (GCLocker Initiated GC) [PSYoungGen: 90624K->36093K(126976K)] 496049K->441518K(651264K), 0.0110452 secs] [Times: user=0.14 sys=0.00, real=0.01 secs] 
2016-09-25T22:12:12.244-0400: 82.985: [GC (GCLocker Initiated GC) [PSYoungGen: 126717K->68831K(175104K)] 537658K->485624K(699392K), 0.0086723 secs] [Times: user=0.10 sys=0.01, real=0.00 secs] 
2016-09-25T22:12:12.311-0400: 83.051: [GC (GCLocker Initiated GC) [PSYoungGen: 156895K->67840K(175104K)] 583272K->496394K(699392K), 0.0080447 secs] [Times: user=0.11 sys=0.00, real=0.01 secs] 
2016-09-25T22:12:12.375-0400: 83.115: [GC (GCLocker Initiated GC) [PSYoungGen: 155904K->66240K(175104K)] 584492K->520298K(699392K), 0.0079391 secs] [Times: user=0.11 sys=0.00, real=0.01 secs] 
2016-09-25T22:12:12.440-0400: 83.181: [GC (GCLocker Initiated GC) [PSYoungGen: 154304K->67763K(175104K)] 611133K->526918K(699392K), 0.0067704 secs] [Times: user=0.10 sys=0.01, real=0.01 secs] 
2016-09-25T22:12:12.505-0400: 83.246: [GC (GCLocker Initiated GC) [PSYoungGen: 155827K->66176K(175104K)] 617907K->530723K(699392K), 0.0085978 secs] [Times: user=0.12 sys=0.00, real=0.00 secs] 
2016-09-25T22:12:12.572-0400: 83.313: [GC (GCLocker Initiated GC) [PSYoungGen: 154240K->62125K(150528K)] 619071K->548198K(674816K), 0.0079082 secs] [Times: user=0.13 sys=0.00, real=0.01 secs] 
2016-09-25T22:12:12.645-0400: 83.386: [GC (GCLocker Initiated GC) [PSYoungGen: 150189K->43600K(171520K)] 645946K->546970K(695808K), 0.0075568 secs] [Times: user=0.09 sys=0.00, real=0.00 secs] 
2016-09-25T22:12:12.653-0400: 83.394: [Full GC (Ergonomics) [PSYoungGen: 43600K->0K(171520K)] [ParOldGen: 503369K->408546K(524288K)] 546970K->408546K(695808K), [Metaspace: 43764K->43764K(1087488K)], 0.0546992 secs] [Times: user=0.57 sys=0.00, real=0.06 secs] 
2016-09-25T22:12:12.759-0400: 83.499: [GC (GCLocker Initiated GC) [PSYoungGen: 87040K->49298K(172544K)] 501019K->463277K(696832K), 0.0060928 secs] [Times: user=0.06 sys=0.00, real=0.01 secs] 
2016-09-25T22:12:12.822-0400: 83.563: [GC (GCLocker Initiated GC) [PSYoungGen: 136338K->60852K(173568K)] 555831K->481881K(697856K), 0.0065419 secs] [Times: user=0.08 sys=0.00, real=0.01 secs] 
2016-09-25T22:12:12.888-0400: 83.629: [GC (GCLocker Initiated GC) [PSYoungGen: 153012K->58279K(175104K)] 574910K->497405K(699392K), 0.0073788 secs] [Times: user=0.09 sys=0.01, real=0.01 secs] 
2016-09-25T22:12:12.946-0400: 83.687: [GC (GCLocker Initiated GC) [PSYoungGen: 150439K->45971K(177664K)] 596399K->492973K(701952K), 0.0057194 secs] [Times: user=0.06 sys=0.00, real=0.00 secs] 
2016-09-25T22:12:13.005-0400: 83.746: [GC (GCLocker Initiated GC) [PSYoungGen: 143251K->60832K(178176K)] 595764K->514302K(702464K), 0.0067874 secs] [Times: user=0.06 sys=0.00, real=0.00 secs] 
2016-09-25T22:12:13.071-0400: 83.811: [GC (GCLocker Initiated GC) [PSYoungGen: 158112K->67795K(178688K)] 611641K->543984K(702976K), 0.0075859 secs] [Times: user=0.10 sys=0.00, real=0.01 secs] 
2016-09-25T22:12:13.134-0400: 83.875: [GC (GCLocker Initiated GC) [PSYoungGen: 167123K->79849K(179200K)] 643406K->557273K(703488K), 0.0068039 secs] [Times: user=0.09 sys=0.01, real=0.00 secs] 
2016-09-25T22:12:13.196-0400: 83.937: [GC (GCLocker Initiated GC) [PSYoungGen: 179177K->61044K(177152K)] 656659K->539603K(701440K), 0.0059974 secs] [Times: user=0.07 sys=0.00, real=0.01 secs] 
2016-09-25T22:12:13.262-0400: 84.003: [GC (GCLocker Initiated GC) [PSYoungGen: 155252K->79880K(174592K)] 636576K->583944K(698880K), 0.0089775 secs] [Times: user=0.13 sys=0.00, real=0.01 secs] 
2016-09-25T22:12:13.271-0400: 84.012: [Full GC (Ergonomics) [PSYoungGen: 79880K->0K(174592K)] [ParOldGen: 504064K->422487K(524288K)] 583944K->422487K(698880K), [Metaspace: 43764K->43764K(1087488K)], 0.0546931 secs] [Times: user=0.53 sys=0.00, real=0.06 secs] 
2016-09-25T22:12:13.374-0400: 84.115: [GC (GCLocker Initiated GC) [PSYoungGen: 94208K->72452K(175104K)] 519461K->497706K(699392K), 0.0070170 secs] [Times: user=0.09 sys=0.00, real=0.01 secs] 
2016-09-25T22:12:13.428-0400: 84.169: [GC (GCLocker Initiated GC) [PSYoungGen: 160516K->77085K(175104K)] 585806K->519005K(699392K), 0.0104513 secs] [Times: user=0.14 sys=0.01, real=0.01 secs] 
2016-09-25T22:12:13.494-0400: 84.235: [GC (GCLocker Initiated GC) [PSYoungGen: 165149K->70430K(175104K)] 610827K->527977K(699392K), 0.0078440 secs] [Times: user=0.12 sys=0.01, real=0.01 secs] 
2016-09-25T22:12:13.562-0400: 84.303: [GC (GCLocker Initiated GC) [PSYoungGen: 158494K->56855K(175104K)] 623095K->546816K(699392K), 0.0163480 secs] [Times: user=0.13 sys=0.02, real=0.01 secs] 
2016-09-25T22:12:13.631-0400: 84.372: [Full GC (Ergonomics) [PSYoungGen: 144919K->0K(175104K)] [ParOldGen: 495421K->416333K(524288K)] 640341K->416333K(699392K), [Metaspace: 43764K->43764K(1087488K)], 0.0587936 secs] [Times: user=0.46 sys=0.03, real=0.06 secs] 
2016-09-25T22:12:13.741-0400: 84.482: [GC (GCLocker Initiated GC) [PSYoungGen: 88064K->68338K(175104K)] 514013K->494288K(699392K), 0.0098213 secs] [Times: user=0.16 sys=0.00, real=0.01 secs] 
2016-09-25T22:12:13.807-0400: 84.548: [GC (GCLocker Initiated GC) [PSYoungGen: 156402K->71638K(175104K)] 582437K->516955K(699392K), 0.0082453 secs] [Times: user=0.12 sys=0.01, real=0.01 secs] 
2016-09-25T22:12:13.860-0400: 84.601: [GC (GCLocker Initiated GC) [PSYoungGen: 159702K->59565K(175104K)] 607745K->524757K(699392K), 0.0104854 secs] [Times: user=0.16 sys=0.00, real=0.01 secs] 
2016-09-25T22:12:13.925-0400: 84.665: [GC (GCLocker Initiated GC) [PSYoungGen: 147629K->74446K(175104K)] 618333K->546225K(699392K), 0.0076705 secs] [Times: user=0.10 sys=0.00, real=0.00 secs] 
2016-09-25T22:12:13.989-0400: 84.730: [GC (GCLocker Initiated GC) [PSYoungGen: 162510K->73145K(175104K)] 643778K->555470K(699392K), 0.0071180 secs] [Times: user=0.10 sys=0.01, real=0.01 secs] 
2016-09-25T22:12:14.055-0400: 84.796: [GC (GCLocker Initiated GC) [PSYoungGen: 161209K->48780K(175104K)] 651719K->564641K(699392K), 0.0068999 secs] [Times: user=0.09 sys=0.00, real=0.00 secs] 
2016-09-25T22:12:14.062-0400: 84.803: [Full GC (Ergonomics) [PSYoungGen: 48780K->0K(175104K)] [ParOldGen: 515860K->430047K(524288K)] 564641K->430047K(699392K), [Metaspace: 43767K->43767K(1087488K)], 0.0509296 secs] [Times: user=0.50 sys=0.00, real=0.05 secs] 
2016-09-25T22:12:14.165-0400: 84.906: [GC (GCLocker Initiated GC) [PSYoungGen: 88064K->84360K(175104K)] 520945K->517242K(699392K), 0.0081997 secs] [Times: user=0.12 sys=0.00, real=0.00 secs] 
2016-09-25T22:12:14.226-0400: 84.967: [GC (GCLocker Initiated GC) [PSYoungGen: 172424K->44413K(175104K)] 608105K->495056K(699392K), 0.0138072 secs] [Times: user=0.17 sys=0.00, real=0.01 secs] 
2016-09-25T22:12:14.295-0400: 85.036: [GC (GCLocker Initiated GC) [PSYoungGen: 132477K->79957K(175104K)] 594009K->542414K(699392K), 0.0076701 secs] [Times: user=0.11 sys=0.00, real=0.01 secs] 
2016-09-25T22:12:14.360-0400: 85.100: [GC (GCLocker Initiated GC) [PSYoungGen: 168021K->71727K(175104K)] 633240K->540815K(699392K), 0.0069194 secs] [Times: user=0.09 sys=0.00, real=0.01 secs] 
2016-09-25T22:12:14.415-0400: 85.156: [GC (GCLocker Initiated GC) [PSYoungGen: 159791K->48637K(175104K)] 628982K->545852K(699392K), 0.0105072 secs] [Times: user=0.15 sys=0.00, real=0.01 secs] 
2016-09-25T22:12:14.426-0400: 85.167: [Full GC (Ergonomics) [PSYoungGen: 48637K->0K(175104K)] [ParOldGen: 497214K->431734K(524288K)] 545852K->431734K(699392K), [Metaspace: 43767K->43767K(1087488K)], 0.0527441 secs] [Times: user=0.51 sys=0.00, real=0.05 secs] 
2016-09-25T22:12:14.538-0400: 85.279: [GC (GCLocker Initiated GC) [PSYoungGen: 88064K->46591K(175104K)] 526649K->485177K(699392K), 0.0061364 secs] [Times: user=0.07 sys=0.00, real=0.01 secs] 
2016-09-25T22:12:14.596-0400: 85.337: [GC (GCLocker Initiated GC) [PSYoungGen: 134655K->52610K(175104K)] 576090K->495686K(699392K), 0.0064489 secs] [Times: user=0.07 sys=0.00, real=0.01 secs] 
2016-09-25T22:12:14.650-0400: 85.391: [GC (GCLocker Initiated GC) [PSYoungGen: 140674K->66218K(175104K)] 589182K->515668K(699392K), 0.0068214 secs] [Times: user=0.09 sys=0.01, real=0.01 secs] 
2016-09-25T22:12:14.709-0400: 85.450: [GC (GCLocker Initiated GC) [PSYoungGen: 154282K->69014K(175104K)] 609166K->524875K(699392K), 0.0073839 secs] [Times: user=0.09 sys=0.00, real=0.01 secs] 
2016-09-25T22:12:14.769-0400: 85.510: [GC (GCLocker Initiated GC) [PSYoungGen: 157078K->60815K(175104K)] 619832K->535387K(699392K), 0.0067758 secs] [Times: user=0.10 sys=0.00, real=0.01 secs] 
2016-09-25T22:12:14.834-0400: 85.575: [GC (GCLocker Initiated GC) [PSYoungGen: 148879K->37610K(175104K)] 628996K->522712K(699392K), 0.0103612 secs] [Times: user=0.07 sys=0.00, real=0.02 secs] 
2016-09-25T22:12:14.896-0400: 85.637: [GC (GCLocker Initiated GC) [PSYoungGen: 125674K->40458K(175104K)] 613535K->532011K(699392K), 0.0069147 secs] [Times: user=0.05 sys=0.00, real=0.01 secs] 
2016-09-25T22:12:14.959-0400: 85.700: [GC (GCLocker Initiated GC) [PSYoungGen: 128522K->63500K(175104K)] 622835K->560199K(699392K), 0.0082971 secs] [Times: user=0.09 sys=0.00, real=0.01 secs] 
2016-09-25T22:12:15.022-0400: 85.763: [Full GC (Ergonomics) [PSYoungGen: 151564K->0K(175104K)] [ParOldGen: 499414K->442057K(524288K)] 650979K->442057K(699392K), [Metaspace: 43815K->43815K(1087488K)], 0.0522372 secs] [Times: user=0.30 sys=0.01, real=0.06 secs] 
2016-09-25T22:12:15.130-0400: 85.871: [GC (GCLocker Initiated GC) [PSYoungGen: 88064K->66822K(175104K)] 533252K->512011K(699392K), 0.0071325 secs] [Times: user=0.09 sys=0.00, real=0.01 secs] 
2016-09-25T22:12:15.192-0400: 85.932: [GC (GCLocker Initiated GC) [PSYoungGen: 154886K->47159K(175104K)] 604336K->499452K(699392K), 0.0147835 secs] [Times: user=0.17 sys=0.00, real=0.02 secs] 
2016-09-25T22:12:15.260-0400: 86.000: [GC (GCLocker Initiated GC) [PSYoungGen: 135223K->43180K(175104K)] 588935K->499094K(699392K), 0.0225979 secs] [Times: user=0.28 sys=0.00, real=0.03 secs] 
2016-09-25T22:12:15.330-0400: 86.071: [GC (GCLocker Initiated GC) [PSYoungGen: 131244K->52885K(174080K)] 590036K->526128K(698368K), 0.0115194 secs] [Times: user=0.14 sys=0.00, real=0.01 secs] 
2016-09-25T22:12:15.393-0400: 86.134: [GC (GCLocker Initiated GC) [PSYoungGen: 140949K->40565K(174592K)] 616969K->541735K(698880K), 0.0100378 secs] [Times: user=0.13 sys=0.00, real=0.02 secs] 
2016-09-25T22:12:15.404-0400: 86.144: [Full GC (Ergonomics) [PSYoungGen: 40565K->0K(174592K)] [ParOldGen: 501169K->436649K(524288K)] 541735K->436649K(698880K), [Metaspace: 43828K->43828K(1087488K)], 0.0526739 secs] [Times: user=0.49 sys=0.00, real=0.05 secs] 
2016-09-25T22:12:15.502-0400: 86.243: [GC (GCLocker Initiated GC) [PSYoungGen: 88064K->84457K(174592K)] 527465K->526558K(698880K), 0.0100415 secs] [Times: user=0.14 sys=0.00, real=0.00 secs] 
2016-09-25T22:12:15.561-0400: 86.301: [GC (GCLocker Initiated GC) [PSYoungGen: 172521K->59385K(175104K)] 614816K->527519K(699392K), 0.0074664 secs] [Times: user=0.09 sys=0.00, real=0.01 secs] 
2016-09-25T22:12:15.633-0400: 86.373: [GC (GCLocker Initiated GC) [PSYoungGen: 147449K->52752K(175104K)] 618336K->536756K(699392K), 0.0079540 secs] [Times: user=0.12 sys=0.00, real=0.01 secs] 
2016-09-25T22:12:15.691-0400: 86.432: [GC (GCLocker Initiated GC) [PSYoungGen: 140816K->44759K(175104K)] 629321K->549078K(699392K), 0.0081607 secs] [Times: user=0.11 sys=0.00, real=0.01 secs] 
2016-09-25T22:12:15.700-0400: 86.441: [Full GC (Ergonomics) [PSYoungGen: 44759K->0K(175104K)] [ParOldGen: 504319K->441453K(524288K)] 549078K->441453K(699392K), [Metaspace: 43828K->43828K(1087488K)], 0.0556468 secs] [Times: user=0.57 sys=0.00, real=0.06 secs] 
2016-09-25T22:12:15.806-0400: 86.547: [GC (GCLocker Initiated GC) [PSYoungGen: 88064K->32724K(175104K)] 543156K->487817K(699392K), 0.0056966 secs] [Times: user=0.05 sys=0.00, real=0.00 secs] 
2016-09-25T22:12:15.859-0400: 86.599: [GC (GCLocker Initiated GC) [PSYoungGen: 120788K->56678K(144896K)] 575935K->536185K(669184K), 0.0085799 secs] [Times: user=0.11 sys=0.00, real=0.01 secs] 
2016-09-25T22:12:15.915-0400: 86.656: [GC (GCLocker Initiated GC) [PSYoungGen: 144742K->48584K(177152K)] 629674K->550556K(701440K), 0.0184840 secs] [Times: user=0.27 sys=0.00, real=0.01 secs] 
2016-09-25T22:12:15.933-0400: 86.674: [Full GC (Ergonomics) [PSYoungGen: 48584K->0K(177152K)] [ParOldGen: 501971K->445269K(524288K)] 550556K->445269K(701440K), [Metaspace: 43828K->43828K(1087488K)], 0.0532734 secs] [Times: user=0.51 sys=0.01, real=0.06 secs] 
2016-09-25T22:12:16.043-0400: 86.784: [GC (GCLocker Initiated GC) [PSYoungGen: 90624K->61154K(174592K)] 543078K->513609K(698880K), 0.0080268 secs] [Times: user=0.11 sys=0.01, real=0.00 secs] 
2016-09-25T22:12:16.102-0400: 86.843: [GC (GCLocker Initiated GC) [PSYoungGen: 151778K->61759K(176128K)] 604362K->514343K(700416K), 0.0081408 secs] [Times: user=0.06 sys=0.00, real=0.01 secs] 
2016-09-25T22:12:16.158-0400: 86.899: [GC (GCLocker Initiated GC) [PSYoungGen: 153919K->66314K(175616K)] 606561K->518956K(699904K), 0.0288382 secs] [Times: user=0.23 sys=0.00, real=0.03 secs] 
2016-09-25T22:12:16.229-0400: 86.970: [GC (GCLocker Initiated GC) [PSYoungGen: 158474K->42436K(177664K)] 611214K->514517K(701952K), 0.0095657 secs] [Times: user=0.09 sys=0.00, real=0.01 secs] 
2016-09-25T22:12:16.297-0400: 87.038: [GC (Allocation Failure) [PSYoungGen: 135108K->55294K(147968K)] 610338K->537508K(672256K), 0.0184885 secs] [Times: user=0.18 sys=0.01, real=0.02 secs] 
2016-09-25T22:12:16.316-0400: 87.057: [GC (GCLocker Initiated GC) --[PSYoungGen: 58900K->58900K(147968K)] 541114K->581334K(672256K), 0.0121379 secs] [Times: user=0.13 sys=0.00, real=0.01 secs] 
2016-09-25T22:12:16.328-0400: 87.069: [Full GC (Ergonomics) [PSYoungGen: 58900K->0K(147968K)] [ParOldGen: 522434K->449284K(524288K)] 581334K->449284K(672256K), [Metaspace: 43828K->43828K(1087488K)], 0.0630995 secs] [Times: user=0.44 sys=0.01, real=0.06 secs] 
2016-09-25T22:12:16.442-0400: 87.183: [GC (GCLocker Initiated GC) [PSYoungGen: 92054K->58308K(176128K)] 542689K->508943K(700416K), 0.0095550 secs] [Times: user=0.12 sys=0.00, real=0.01 secs] 
2016-09-25T22:12:16.501-0400: 87.242: [GC (GCLocker Initiated GC) [PSYoungGen: 152516K->63383K(174592K)] 604546K->516604K(698880K), 0.0068559 secs] [Times: user=0.10 sys=0.00, real=0.01 secs] 
2016-09-25T22:12:16.553-0400: 87.294: [GC (GCLocker Initiated GC) [PSYoungGen: 157591K->74284K(173056K)] 611433K->537100K(697344K), 0.0075823 secs] [Times: user=0.10 sys=0.01, real=0.01 secs] 
2016-09-25T22:12:16.612-0400: 87.352: [GC (GCLocker Initiated GC) [PSYoungGen: 166444K->62135K(177152K)] 630647K->527225K(701440K), 0.0066863 secs] [Times: user=0.10 sys=0.00, real=0.01 secs] 
2016-09-25T22:12:16.666-0400: 87.407: [GC (GCLocker Initiated GC) [PSYoungGen: 154295K->74221K(172032K)] 623531K->544369K(696320K), 0.0069342 secs] [Times: user=0.10 sys=0.01, real=0.00 secs] 
2016-09-25T22:12:16.722-0400: 87.463: [GC (GCLocker Initiated GC) [PSYoungGen: 162285K->55412K(175104K)] 643469K->556337K(699392K), 0.0127890 secs] [Times: user=0.15 sys=0.00, real=0.02 secs] 
2016-09-25T22:12:16.735-0400: 87.476: [Full GC (Ergonomics) [PSYoungGen: 55412K->0K(175104K)] [ParOldGen: 500924K->450446K(524288K)] 556337K->450446K(699392K), [Metaspace: 43828K->43828K(1087488K)], 0.0628327 secs] [Times: user=0.65 sys=0.01, real=0.06 secs] 
2016-09-25T22:12:16.857-0400: 87.597: [GC (GCLocker Initiated GC) [PSYoungGen: 88064K->62491K(170496K)] 545276K->519703K(694784K), 0.0065945 secs] [Times: user=0.09 sys=0.00, real=0.01 secs] 
2016-09-25T22:12:16.912-0400: 87.652: [GC (GCLocker Initiated GC) [PSYoungGen: 152091K->64705K(173568K)] 616239K->531457K(697856K), 0.0196208 secs] [Times: user=0.29 sys=0.02, real=0.02 secs] 
2016-09-25T22:12:16.979-0400: 87.720: [GC (GCLocker Initiated GC) [PSYoungGen: 154305K->64714K(176640K)] 621070K->540316K(700928K), 0.0082332 secs] [Times: user=0.10 sys=0.00, real=0.01 secs] 
2016-09-25T22:12:17.040-0400: 87.781: [GC (GCLocker Initiated GC) [PSYoungGen: 159434K->78177K(173056K)] 637844K->558729K(697344K), 0.0090927 secs] [Times: user=0.13 sys=0.00, real=0.01 secs] 
2016-09-25T22:12:17.097-0400: 87.838: [GC (GCLocker Initiated GC) [PSYoungGen: 172897K->71555K(175104K)] 653486K->585339K(699392K), 0.0092275 secs] [Times: user=0.13 sys=0.02, real=0.01 secs] 
2016-09-25T22:12:17.106-0400: 87.847: [Full GC (Ergonomics) [PSYoungGen: 71555K->0K(175104K)] [ParOldGen: 513783K->448387K(524288K)] 585339K->448387K(699392K), [Metaspace: 43874K->43874K(1087488K)], 0.0573089 secs] [Times: user=0.54 sys=0.01, real=0.06 secs] 
2016-09-25T22:12:17.220-0400: 87.961: [GC (GCLocker Initiated GC) [PSYoungGen: 88064K->55839K(175104K)] 539347K->507122K(699392K), 0.0068959 secs] [Times: user=0.09 sys=0.00, real=0.01 secs] 
2016-09-25T22:12:17.271-0400: 88.012: [GC (GCLocker Initiated GC) [PSYoungGen: 143903K->61959K(169984K)] 600702K->518758K(694272K), 0.0098515 secs] [Times: user=0.11 sys=0.00, real=0.01 secs] 
2016-09-25T22:12:17.327-0400: 88.068: [GC (GCLocker Initiated GC) [PSYoungGen: 150023K->55692K(172544K)] 606973K->527525K(696832K), 0.0113643 secs] [Times: user=0.12 sys=0.00, real=0.01 secs] 
2016-09-25T22:12:17.386-0400: 88.127: [GC (GCLocker Initiated GC) [PSYoungGen: 143756K->82847K(171520K)] 618347K->560850K(695808K), 0.0133065 secs] [Times: user=0.19 sys=0.02, real=0.01 secs] 
2016-09-25T22:12:17.464-0400: 88.205: [GC (GCLocker Initiated GC) [PSYoungGen: 170911K->34654K(175104K)] 654632K->534553K(699392K), 0.0067772 secs] [Times: user=0.06 sys=0.01, real=0.00 secs] 
2016-09-25T22:12:17.471-0400: 88.212: [Full GC (Ergonomics) [PSYoungGen: 34654K->0K(175104K)] [ParOldGen: 499898K->448789K(524288K)] 534553K->448789K(699392K), [Metaspace: 43882K->43882K(1087488K)], 0.0518759 secs] [Times: user=0.47 sys=0.00, real=0.06 secs] 
2016-09-25T22:12:17.571-0400: 88.312: [GC (GCLocker Initiated GC) [PSYoungGen: 88064K->57959K(175104K)] 536923K->506819K(699392K), 0.0063564 secs] [Times: user=0.07 sys=0.00, real=0.01 secs] 
2016-09-25T22:12:17.629-0400: 88.370: [GC (GCLocker Initiated GC) [PSYoungGen: 146023K->44331K(175104K)] 599110K->514481K(699392K), 0.0062168 secs] [Times: user=0.07 sys=0.00, real=0.01 secs] 
2016-09-25T22:12:17.693-0400: 88.434: [GC (GCLocker Initiated GC) [PSYoungGen: 132395K->47282K(175104K)] 613535K->542692K(699392K), 0.0066980 secs] [Times: user=0.10 sys=0.00, real=0.01 secs] 
2016-09-25T22:12:17.700-0400: 88.441: [Full GC (Ergonomics) [PSYoungGen: 47282K->0K(175104K)] [ParOldGen: 495410K->447750K(524288K)] 542692K->447750K(699392K), [Metaspace: 43883K->43883K(1087488K)], 0.0643274 secs] [Times: user=0.75 sys=0.01, real=0.07 secs] 
2016-09-25T22:12:17.813-0400: 88.554: [GC (GCLocker Initiated GC) [PSYoungGen: 88064K->69006K(175104K)] 536828K->517771K(699392K), 0.0074217 secs] [Times: user=0.10 sys=0.01, real=0.01 secs] 
2016-09-25T22:12:17.873-0400: 88.614: [GC (GCLocker Initiated GC) [PSYoungGen: 157070K->47087K(175104K)] 619402K->532077K(699392K), 0.0107860 secs] [Times: user=0.16 sys=0.00, real=0.02 secs] 
2016-09-25T22:12:17.936-0400: 88.677: [GC (GCLocker Initiated GC) [PSYoungGen: 135151K->57799K(145920K)] 622872K->548919K(670208K), 0.0120032 secs] [Times: user=0.11 sys=0.01, real=0.01 secs] 
2016-09-25T22:12:18.004-0400: 88.745: [Full GC (Ergonomics) [PSYoungGen: 145863K->0K(145920K)] [ParOldGen: 501983K->447304K(524288K)] 647847K->447304K(670208K), [Metaspace: 43892K->43892K(1087488K)], 0.0613672 secs] [Times: user=0.58 sys=0.01, real=0.06 secs] 
2016-09-25T22:12:18.115-0400: 88.855: [GC (GCLocker Initiated GC) [PSYoungGen: 88064K->63576K(173568K)] 545011K->520523K(697856K), 0.0064626 secs] [Times: user=0.09 sys=0.00, real=0.00 secs] 
2016-09-25T22:12:18.171-0400: 88.912: [GC (GCLocker Initiated GC) [PSYoungGen: 152152K->71004K(173056K)] 617280K->536133K(697344K), 0.0078871 secs] [Times: user=0.12 sys=0.01, real=0.01 secs] 
2016-09-25T22:12:18.229-0400: 88.970: [GC (GCLocker Initiated GC) [PSYoungGen: 159580K->84998K(174592K)] 624731K->552849K(698880K), 0.0079137 secs] [Times: user=0.13 sys=0.00, real=0.01 secs] 
2016-09-25T22:12:18.292-0400: 89.033: [GC (GCLocker Initiated GC) [PSYoungGen: 173062K->72594K(175104K)] 646389K->549561K(699392K), 0.0082325 secs] [Times: user=0.12 sys=0.00, real=0.01 secs] 
2016-09-25T22:12:18.349-0400: 89.090: [GC (GCLocker Initiated GC) [PSYoungGen: 160658K->71782K(175104K)] 637742K->552794K(699392K), 0.0074413 secs] [Times: user=0.09 sys=0.00, real=0.01 secs] 
2016-09-25T22:12:18.401-0400: 89.142: [GC (GCLocker Initiated GC) [PSYoungGen: 159846K->68658K(175104K)] 640922K->567100K(699392K), 0.0080533 secs] [Times: user=0.11 sys=0.00, real=0.01 secs] 
2016-09-25T22:12:18.409-0400: 89.150: [Full GC (Ergonomics) [PSYoungGen: 68658K->0K(175104K)] [ParOldGen: 498441K->458650K(524288K)] 567100K->458650K(699392K), [Metaspace: 43901K->43901K(1087488K)], 0.0542360 secs] [Times: user=0.58 sys=0.00, real=0.06 secs] 
2016-09-25T22:12:18.512-0400: 89.253: [GC (GCLocker Initiated GC) [PSYoungGen: 88064K->78432K(175104K)] 546797K->537165K(699392K), 0.0070478 secs] [Times: user=0.10 sys=0.00, real=0.01 secs] 
2016-09-25T22:12:18.561-0400: 89.302: [GC (GCLocker Initiated GC) [PSYoungGen: 166496K->66088K(175104K)] 628115K->547609K(699392K), 0.0075934 secs] [Times: user=0.11 sys=0.00, real=0.01 secs] 
2016-09-25T22:12:18.620-0400: 89.361: [GC (GCLocker Initiated GC) [PSYoungGen: 154152K->55161K(175104K)] 639758K->541551K(699392K), 0.0061322 secs] [Times: user=0.08 sys=0.00, real=0.01 secs] 
2016-09-25T22:12:18.674-0400: 89.415: [GC (GCLocker Initiated GC) [PSYoungGen: 143225K->43043K(175104K)] 635027K->535574K(699392K), 0.0068414 secs] [Times: user=0.06 sys=0.00, real=0.01 secs] 
2016-09-25T22:12:18.731-0400: 89.472: [GC (GCLocker Initiated GC) [PSYoungGen: 131107K->67284K(175104K)] 623749K->563307K(699392K), 0.0104216 secs] [Times: user=0.10 sys=0.00, real=0.01 secs] 
2016-09-25T22:12:18.789-0400: 89.529: [Full GC (Ergonomics) [PSYoungGen: 155348K->0K(175104K)] [ParOldGen: 501561K->455397K(524288K)] 656910K->455397K(699392K), [Metaspace: 43906K->43906K(1087488K)], 0.1290710 secs] [Times: user=1.75 sys=0.01, real=0.13 secs] 
2016-09-25T22:12:18.974-0400: 89.714: [GC (GCLocker Initiated GC) [PSYoungGen: 88064K->64933K(175104K)] 544593K->521463K(699392K), 0.0067667 secs] [Times: user=0.08 sys=0.00, real=0.01 secs] 
2016-09-25T22:12:19.036-0400: 89.777: [GC (GCLocker Initiated GC) [PSYoungGen: 152997K->60567K(175104K)] 614961K->526297K(699392K), 0.0067605 secs] [Times: user=0.09 sys=0.00, real=0.01 secs] 
2016-09-25T22:12:19.095-0400: 89.835: [GC (GCLocker Initiated GC) [PSYoungGen: 148631K->73372K(175104K)] 614409K->539151K(699392K), 0.0071143 secs] [Times: user=0.09 sys=0.01, real=0.00 secs] 
2016-09-25T22:12:19.138-0400: 89.879: [GC (GCLocker Initiated GC) [PSYoungGen: 161436K->57831K(175104K)] 627440K->542695K(699392K), 0.0072854 secs] [Times: user=0.10 sys=0.00, real=0.01 secs] 
2016-09-25T22:12:19.202-0400: 89.943: [GC (GCLocker Initiated GC) [PSYoungGen: 145895K->80083K(175104K)] 632232K->566421K(699392K), 0.0148951 secs] [Times: user=0.20 sys=0.00, real=0.02 secs] 
2016-09-25T22:12:19.272-0400: 90.013: [GC (GCLocker Initiated GC) --[PSYoungGen: 168147K->168147K(175104K)] 666695K->692338K(699392K), 0.0227806 secs] [Times: user=0.25 sys=0.00, real=0.03 secs] 
2016-09-25T22:12:19.295-0400: 90.036: [Full GC (Ergonomics) [PSYoungGen: 168147K->0K(175104K)] [ParOldGen: 524190K->461740K(524288K)] 692338K->461740K(699392K), [Metaspace: 43906K->43906K(1087488K)], 0.0590198 secs] [Times: user=0.44 sys=0.03, real=0.06 secs] 
2016-09-25T22:12:19.406-0400: 90.147: [GC (GCLocker Initiated GC) [PSYoungGen: 88064K->64716K(175104K)] 550001K->526654K(699392K), 0.0068955 secs] [Times: user=0.10 sys=0.00, real=0.00 secs] 
2016-09-25T22:12:19.461-0400: 90.202: [GC (GCLocker Initiated GC) [PSYoungGen: 152780K->68947K(175104K)] 621654K->539973K(699392K), 0.0105873 secs] [Times: user=0.15 sys=0.01, real=0.01 secs] 
2016-09-25T22:12:19.514-0400: 90.255: [GC (GCLocker Initiated GC) [PSYoungGen: 157011K->68820K(174080K)] 628070K->551630K(698368K), 0.0081568 secs] [Times: user=0.07 sys=0.01, real=0.01 secs] 
2016-09-25T22:12:19.566-0400: 90.307: [GC (GCLocker Initiated GC) [PSYoungGen: 156884K->85668K(174592K)] 645216K->584800K(698880K), 0.0084168 secs] [Times: user=0.12 sys=0.00, real=0.01 secs] 
2016-09-25T22:12:19.622-0400: 90.363: [Full GC (Ergonomics) [PSYoungGen: 173732K->0K(174592K)] [ParOldGen: 503370K->465121K(524288K)] 677102K->465121K(698880K), [Metaspace: 43906K->43906K(1087488K)], 0.0579741 secs] [Times: user=0.50 sys=0.01, real=0.06 secs] 
2016-09-25T22:12:19.729-0400: 90.470: [GC (GCLocker Initiated GC) [PSYoungGen: 88064K->73161K(175104K)] 555974K->541072K(699392K), 0.0139976 secs] [Times: user=0.21 sys=0.01, real=0.02 secs] 
2016-09-25T22:12:19.791-0400: 90.532: [GC (GCLocker Initiated GC) [PSYoungGen: 161225K->64546K(175104K)] 629180K->537633K(699392K), 0.0158160 secs] [Times: user=0.20 sys=0.00, real=0.02 secs] 
2016-09-25T22:12:19.855-0400: 90.596: [GC (GCLocker Initiated GC) [PSYoungGen: 152610K->68756K(175104K)] 631318K->556348K(699392K), 0.0086314 secs] [Times: user=0.11 sys=0.00, real=0.01 secs] 
2016-09-25T22:12:19.915-0400: 90.656: [GC (GCLocker Initiated GC) [PSYoungGen: 156820K->75507K(175104K)] 644623K->568120K(699392K), 0.0078985 secs] [Times: user=0.11 sys=0.01, real=0.01 secs] 
2016-09-25T22:12:19.972-0400: 90.713: [GC (GCLocker Initiated GC) [PSYoungGen: 163571K->66274K(175104K)] 661718K->566524K(699392K), 0.0064253 secs] [Times: user=0.08 sys=0.00, real=0.01 secs] 
2016-09-25T22:12:20.031-0400: 90.772: [GC (Allocation Failure) [PSYoungGen: 154338K->65661K(154112K)] 658659K->569983K(678400K), 0.0072609 secs] [Times: user=0.10 sys=0.01, real=0.01 secs] 
2016-09-25T22:12:20.039-0400: 90.780: [GC (GCLocker Initiated GC) [PSYoungGen: 65833K->60321K(174592K)] 570155K->564642K(698880K), 0.0063938 secs] [Times: user=0.09 sys=0.00, real=0.01 secs] 
2016-09-25T22:12:20.088-0400: 90.829: [GC (GCLocker Initiated GC) [PSYoungGen: 148897K->71487K(174080K)] 653230K->588343K(698368K), 0.0099822 secs] [Times: user=0.14 sys=0.00, real=0.01 secs] 
2016-09-25T22:12:20.098-0400: 90.839: [Full GC (Ergonomics) [PSYoungGen: 71487K->0K(174080K)] [ParOldGen: 516855K->469785K(524288K)] 588343K->469785K(698368K), [Metaspace: 43906K->43906K(1087488K)], 0.0538817 secs] [Times: user=0.54 sys=0.00, real=0.05 secs] 
2016-09-25T22:12:20.201-0400: 90.942: [GC (GCLocker Initiated GC) [PSYoungGen: 88576K->59869K(175616K)] 562446K->533740K(699904K), 0.0062646 secs] [Times: user=0.09 sys=0.00, real=0.01 secs] 
2016-09-25T22:12:20.255-0400: 90.996: [GC (GCLocker Initiated GC) [PSYoungGen: 150493K->75477K(175616K)] 624486K->553389K(699904K), 0.0113296 secs] [Times: user=0.17 sys=0.00, real=0.01 secs] 
2016-09-25T22:12:20.313-0400: 91.054: [GC (GCLocker Initiated GC) [PSYoungGen: 166101K->57854K(176128K)] 646752K->552776K(700416K), 0.0106023 secs] [Times: user=0.11 sys=0.00, real=0.02 secs] 
2016-09-25T22:12:20.373-0400: 91.114: [GC (GCLocker Initiated GC) [PSYoungGen: 147966K->78481K(168960K)] 645710K->577051K(693248K), 0.0076013 secs] [Times: user=0.11 sys=0.00, real=0.01 secs] 
2016-09-25T22:12:20.426-0400: 91.167: [GC (GCLocker Initiated GC) [PSYoungGen: 168593K->67435K(175616K)] 667416K->567208K(699904K), 0.0068931 secs] [Times: user=0.08 sys=0.00, real=0.00 secs] 
2016-09-25T22:12:20.482-0400: 91.223: [GC (GCLocker Initiated GC) [PSYoungGen: 156011K->71670K(160256K)] 661295K->577774K(684544K), 0.0070189 secs] [Times: user=0.09 sys=0.00, real=0.00 secs] 
2016-09-25T22:12:20.539-0400: 91.280: [Full GC (Ergonomics) [PSYoungGen: 160246K->0K(160256K)] [ParOldGen: 511593K->477537K(524288K)] 671839K->477537K(684544K), [Metaspace: 43906K->43906K(1087488K)], 0.0703033 secs] [Times: user=0.58 sys=0.01, real=0.07 secs] 
2016-09-25T22:12:20.664-0400: 91.405: [GC (GCLocker Initiated GC) [PSYoungGen: 88576K->75672K(173568K)] 571642K->558739K(697856K), 0.0076632 secs] [Times: user=0.11 sys=0.00, real=0.00 secs] 
2016-09-25T22:12:20.726-0400: 91.467: [GC (GCLocker Initiated GC) [PSYoungGen: 163224K->70927K(174592K)] 646354K->554056K(698880K), 0.0070394 secs] [Times: user=0.10 sys=0.00, real=0.00 secs] 
2016-09-25T22:12:20.777-0400: 91.518: [GC (GCLocker Initiated GC) [PSYoungGen: 158479K->79771K(174080K)] 644419K->565711K(698368K), 0.0080927 secs] [Times: user=0.11 sys=0.01, real=0.01 secs] 
2016-09-25T22:12:20.829-0400: 91.570: [GC (GCLocker Initiated GC) [PSYoungGen: 167835K->64222K(175104K)] 656702K->588356K(699392K), 0.0099325 secs] [Times: user=0.14 sys=0.01, real=0.01 secs] 
2016-09-25T22:12:20.839-0400: 91.580: [Full GC (Ergonomics) [PSYoungGen: 64222K->0K(175104K)] [ParOldGen: 524133K->482663K(524288K)] 588356K->482663K(699392K), [Metaspace: 43906K->43906K(1087488K)], 0.0523792 secs] [Times: user=0.51 sys=0.01, real=0.05 secs] 
2016-09-25T22:12:20.948-0400: 91.689: [GC (GCLocker Initiated GC) [PSYoungGen: 88064K->70740K(173056K)] 577251K->559927K(697344K), 0.0071316 secs] [Times: user=0.10 sys=0.00, real=0.01 secs] 
2016-09-25T22:12:21.004-0400: 91.745: [GC (GCLocker Initiated GC) [PSYoungGen: 158804K->68659K(174080K)] 651061K->560916K(698368K), 0.0112476 secs] [Times: user=0.15 sys=0.02, real=0.01 secs] 
2016-09-25T22:12:21.073-0400: 91.814: [Full GC (Ergonomics) [PSYoungGen: 156723K->0K(174080K)] [ParOldGen: 505845K->479616K(524288K)] 662568K->479616K(698368K), [Metaspace: 43909K->43909K(1087488K)], 0.0621313 secs] [Times: user=0.66 sys=0.00, real=0.07 secs] 
2016-09-25T22:12:21.182-0400: 91.923: [GC (GCLocker Initiated GC) [PSYoungGen: 88064K->67785K(174592K)] 570477K->550199K(698880K), 0.0076162 secs] [Times: user=0.10 sys=0.00, real=0.01 secs] 
2016-09-25T22:12:21.239-0400: 91.980: [GC (GCLocker Initiated GC) [PSYoungGen: 159433K->82371K(175104K)] 644590K->575628K(699392K), 0.0087901 secs] [Times: user=0.13 sys=0.00, real=0.01 secs] 
2016-09-25T22:12:21.300-0400: 92.041: [GC (GCLocker Initiated GC) [PSYoungGen: 174019K->84519K(175104K)] 667428K->580628K(699392K), 0.0084250 secs] [Times: user=0.09 sys=0.00, real=0.01 secs] 
2016-09-25T22:12:21.360-0400: 92.101: [GC (GCLocker Initiated GC) [PSYoungGen: 172583K->82835K(175104K)] 674144K->584396K(699392K), 0.0087535 secs] [Times: user=0.09 sys=0.00, real=0.01 secs] 
2016-09-25T22:12:21.423-0400: 92.164: [Full GC (Ergonomics) [PSYoungGen: 170899K->0K(175104K)] [ParOldGen: 504335K->483828K(524288K)] 675234K->483828K(699392K), [Metaspace: 43912K->43912K(1087488K)], 0.0537266 secs] [Times: user=0.54 sys=0.01, real=0.05 secs] 
2016-09-25T22:12:21.530-0400: 92.271: [GC (GCLocker Initiated GC) [PSYoungGen: 88064K->64397K(175104K)] 577424K->553757K(699392K), 0.0065473 secs] [Times: user=0.10 sys=0.01, real=0.01 secs] 
2016-09-25T22:12:21.585-0400: 92.326: [GC (GCLocker Initiated GC) [PSYoungGen: 152461K->73444K(175104K)] 647318K->568301K(699392K), 0.0068489 secs] [Times: user=0.10 sys=0.00, real=0.00 secs] 
2016-09-25T22:12:21.640-0400: 92.381: [GC (GCLocker Initiated GC) [PSYoungGen: 161508K->51417K(175104K)] 657774K->554453K(699392K), 0.0167653 secs] [Times: user=0.24 sys=0.00, real=0.02 secs] 
2016-09-25T22:12:21.704-0400: 92.445: [GC (GCLocker Initiated GC) [PSYoungGen: 139481K->71795K(175104K)] 642652K->594917K(699392K), 0.0078341 secs] [Times: user=0.11 sys=0.00, real=0.00 secs] 
2016-09-25T22:12:21.712-0400: 92.453: [Full GC (Ergonomics) [PSYoungGen: 71795K->0K(175104K)] [ParOldGen: 523122K->482057K(524288K)] 594917K->482057K(699392K), [Metaspace: 43912K->43912K(1087488K)], 0.0533354 secs] [Times: user=0.52 sys=0.00, real=0.06 secs] 
2016-09-25T22:12:21.823-0400: 92.564: [GC (GCLocker Initiated GC) [PSYoungGen: 88064K->44328K(175104K)] 575511K->531775K(699392K), 0.0084635 secs] [Times: user=0.13 sys=0.00, real=0.00 secs] 
2016-09-25T22:12:21.876-0400: 92.617: [GC (GCLocker Initiated GC) [PSYoungGen: 132392K->66116K(175104K)] 619879K->567791K(699392K), 0.0097203 secs] [Times: user=0.14 sys=0.01, real=0.01 secs] 
2016-09-25T22:12:21.886-0400: 92.627: [Full GC (Ergonomics) [PSYoungGen: 66116K->0K(175104K)] [ParOldGen: 501675K->481167K(524288K)] 567791K->481167K(699392K), [Metaspace: 43912K->43912K(1087488K)], 0.0557610 secs] [Times: user=0.51 sys=0.00, real=0.05 secs] 
2016-09-25T22:12:21.990-0400: 92.731: [GC (GCLocker Initiated GC) [PSYoungGen: 88064K->54943K(175104K)] 571944K->538824K(699392K), 0.0071484 secs] [Times: user=0.08 sys=0.01, real=0.01 secs] 
2016-09-25T22:12:22.050-0400: 92.791: [GC (GCLocker Initiated GC) [PSYoungGen: 143007K->59572K(175104K)] 626943K->546767K(699392K), 0.0068481 secs] [Times: user=0.07 sys=0.00, real=0.01 secs] 
2016-09-25T22:12:22.106-0400: 92.847: [GC (GCLocker Initiated GC) [PSYoungGen: 147636K->77189K(175104K)] 635028K->565551K(699392K), 0.0068867 secs] [Times: user=0.10 sys=0.00, real=0.00 secs] 
2016-09-25T22:12:22.163-0400: 92.904: [GC (GCLocker Initiated GC) [PSYoungGen: 165253K->67803K(175104K)] 659119K->573530K(699392K), 0.0081373 secs] [Times: user=0.10 sys=0.00, real=0.00 secs] 
2016-09-25T22:12:22.172-0400: 92.913: [Full GC (Ergonomics) [PSYoungGen: 67803K->0K(175104K)] [ParOldGen: 505726K->493167K(524288K)] 573530K->493167K(699392K), [Metaspace: 43912K->43912K(1087488K)], 0.0562492 secs] [Times: user=0.46 sys=0.00, real=0.06 secs] 
2016-09-25T22:12:22.284-0400: 93.025: [GC (GCLocker Initiated GC) [PSYoungGen: 88064K->69794K(175104K)] 585445K->567176K(699392K), 0.0200875 secs] [Times: user=0.22 sys=0.00, real=0.02 secs] 
2016-09-25T22:12:22.358-0400: 93.099: [GC (GCLocker Initiated GC) [PSYoungGen: 157858K->74466K(175104K)] 657989K->579087K(699392K), 0.0075960 secs] [Times: user=0.12 sys=0.01, real=0.01 secs] 
2016-09-25T22:12:22.412-0400: 93.152: [Full GC (Ergonomics) [PSYoungGen: 162530K->0K(175104K)] [ParOldGen: 507390K->495997K(524288K)] 669921K->495997K(699392K), [Metaspace: 43912K->43912K(1087488K)], 0.0573255 secs] [Times: user=0.54 sys=0.00, real=0.06 secs] 
2016-09-25T22:12:22.515-0400: 93.256: [GC (GCLocker Initiated GC) [PSYoungGen: 88064K->75196K(175104K)] 584930K->572062K(699392K), 0.0082519 secs] [Times: user=0.09 sys=0.00, real=0.01 secs] 
2016-09-25T22:12:22.570-0400: 93.311: [GC (GCLocker Initiated GC) [PSYoungGen: 163260K->58139K(175104K)] 660300K->574521K(699392K), 0.0121744 secs] [Times: user=0.14 sys=0.00, real=0.02 secs] 
2016-09-25T22:12:22.583-0400: 93.324: [Full GC (Ergonomics) [PSYoungGen: 58139K->0K(175104K)] [ParOldGen: 516381K->497765K(524288K)] 574521K->497765K(699392K), [Metaspace: 43912K->43912K(1087488K)], 0.0577827 secs] [Times: user=0.59 sys=0.00, real=0.05 secs] 
2016-09-25T22:12:22.699-0400: 93.440: [Full GC (Ergonomics) [PSYoungGen: 88064K->0K(175104K)] [ParOldGen: 509963K->484004K(524288K)] 598027K->484004K(699392K), [Metaspace: 43912K->43912K(1087488K)], 0.0692328 secs] [Times: user=0.73 sys=0.01, real=0.07 secs] 
2016-09-25T22:12:22.821-0400: 93.561: [GC (GCLocker Initiated GC) [PSYoungGen: 88064K->64044K(175104K)] 575175K->551156K(699392K), 0.0074394 secs] [Times: user=0.10 sys=0.01, real=0.01 secs] 
2016-09-25T22:12:22.891-0400: 93.632: [GC (GCLocker Initiated GC) [PSYoungGen: 152108K->51148K(175104K)] 640930K->554990K(699392K), 0.0136739 secs] [Times: user=0.20 sys=0.01, real=0.02 secs] 
2016-09-25T22:12:22.905-0400: 93.645: [Full GC (Ergonomics) [PSYoungGen: 51148K->0K(175104K)] [ParOldGen: 503841K->480328K(524288K)] 554990K->480328K(699392K), [Metaspace: 43912K->43912K(1087488K)], 0.0515755 secs] [Times: user=0.49 sys=0.00, real=0.05 secs] 
2016-09-25T22:12:22.999-0400: 93.740: [GC (GCLocker Initiated GC) [PSYoungGen: 88064K->68101K(175104K)] 568483K->548520K(699392K), 0.0065003 secs] [Times: user=0.09 sys=0.00, real=0.01 secs] 
2016-09-25T22:12:23.052-0400: 93.792: [GC (GCLocker Initiated GC) [PSYoungGen: 156165K->81105K(175104K)] 639419K->564360K(699392K), 0.0080161 secs] [Times: user=0.07 sys=0.00, real=0.01 secs] 
2016-09-25T22:12:23.108-0400: 93.849: [GC (GCLocker Initiated GC) --[PSYoungGen: 169169K->169169K(175104K)] 655214K->692679K(699392K), 0.0107608 secs] [Times: user=0.11 sys=0.00, real=0.01 secs] 
2016-09-25T22:12:23.119-0400: 93.860: [Full GC (Ergonomics) [PSYoungGen: 169169K->0K(175104K)] [ParOldGen: 523510K->493764K(524288K)] 692679K->493764K(699392K), [Metaspace: 43912K->43912K(1087488K)], 0.0600498 secs] [Times: user=0.62 sys=0.00, real=0.06 secs] 
2016-09-25T22:12:23.233-0400: 93.974: [GC (GCLocker Initiated GC) [PSYoungGen: 88064K->83049K(175104K)] 581938K->576924K(699392K), 0.0098120 secs] [Times: user=0.14 sys=0.01, real=0.02 secs] 
2016-09-25T22:12:23.292-0400: 94.033: [GC (GCLocker Initiated GC) [PSYoungGen: 171113K->74464K(175104K)] 667723K->579377K(699392K), 0.0103878 secs] [Times: user=0.15 sys=0.01, real=0.02 secs] 
2016-09-25T22:12:23.303-0400: 94.044: [Full GC (Ergonomics) [PSYoungGen: 74464K->0K(175104K)] [ParOldGen: 504912K->498262K(524288K)] 579377K->498262K(699392K), [Metaspace: 43912K->43912K(1087488K)], 0.0620491 secs] [Times: user=0.52 sys=0.01, real=0.06 secs] 
2016-09-25T22:12:23.416-0400: 94.157: [Full GC (Ergonomics) [PSYoungGen: 88064K->0K(175104K)] [ParOldGen: 504025K->501949K(524288K)] 592089K->501949K(699392K), [Metaspace: 43912K->43912K(1087488K)], 0.0560360 secs] [Times: user=0.50 sys=0.01, real=0.05 secs] 
2016-09-25T22:12:23.523-0400: 94.264: [GC (GCLocker Initiated GC) [PSYoungGen: 88064K->70587K(175104K)] 590178K->572701K(699392K), 0.0072590 secs] [Times: user=0.10 sys=0.00, real=0.00 secs] 
2016-09-25T22:12:23.585-0400: 94.326: [Full GC (Ergonomics) [PSYoungGen: 158651K->0K(175104K)] [ParOldGen: 512987K->492782K(524288K)] 671639K->492782K(699392K), [Metaspace: 43912K->43912K(1087488K)], 0.0510407 secs] [Times: user=0.48 sys=0.00, real=0.05 secs] 
2016-09-25T22:12:23.690-0400: 94.431: [Full GC (Ergonomics) [PSYoungGen: 88064K->0K(175104K)] [ParOldGen: 514567K->499091K(524288K)] 602631K->499091K(699392K), [Metaspace: 43912K->43912K(1087488K)], 0.0594660 secs] [Times: user=0.55 sys=0.01, real=0.06 secs] 
2016-09-25T22:12:23.803-0400: 94.543: [Full GC (Ergonomics) [PSYoungGen: 88064K->0K(175104K)] [ParOldGen: 510153K->499846K(524288K)] 598217K->499846K(699392K), [Metaspace: 43912K->43912K(1087488K)], 0.0561540 secs] [Times: user=0.52 sys=0.01, real=0.05 secs] 
2016-09-25T22:12:23.912-0400: 94.653: [Full GC (Ergonomics) [PSYoungGen: 88064K->0K(175104K)] [ParOldGen: 508003K->498323K(524288K)] 596067K->498323K(699392K), [Metaspace: 43912K->43912K(1087488K)], 0.0910472 secs] [Times: user=1.17 sys=0.00, real=0.10 secs] 
2016-09-25T22:12:24.051-0400: 94.792: [Full GC (Ergonomics) [PSYoungGen: 88064K->0K(175104K)] [ParOldGen: 503783K->499167K(524288K)] 591847K->499167K(699392K), [Metaspace: 43912K->43912K(1087488K)], 0.0531839 secs] [Times: user=0.51 sys=0.00, real=0.06 secs] 
2016-09-25T22:12:24.151-0400: 94.892: [GC (GCLocker Initiated GC) [PSYoungGen: 88063K->70832K(175104K)] 588390K->571159K(699392K), 0.0073066 secs] [Times: user=0.11 sys=0.00, real=0.01 secs] 
2016-09-25T22:12:24.212-0400: 94.953: [GC (GCLocker Initiated GC) [PSYoungGen: 158896K->55316K(175104K)] 659297K->559903K(699392K), 0.0083357 secs] [Times: user=0.10 sys=0.00, real=0.01 secs] 
2016-09-25T22:12:24.271-0400: 95.012: [GC (GCLocker Initiated GC) [PSYoungGen: 143380K->68913K(175104K)] 648050K->575833K(699392K), 0.0075033 secs] [Times: user=0.10 sys=0.00, real=0.01 secs] 
2016-09-25T22:12:24.328-0400: 95.069: [Full GC (Ergonomics) [PSYoungGen: 156977K->0K(175104K)] [ParOldGen: 509693K->505183K(524288K)] 666670K->505183K(699392K), [Metaspace: 43913K->43913K(1087488K)], 0.0516780 secs] [Times: user=0.44 sys=0.00, real=0.05 secs] 
2016-09-25T22:12:24.430-0400: 95.171: [GC (GCLocker Initiated GC) [PSYoungGen: 88064K->69693K(175104K)] 593316K->574946K(699392K), 0.0145225 secs] [Times: user=0.20 sys=0.01, real=0.02 secs] 
2016-09-25T22:12:24.492-0400: 95.233: [GC (GCLocker Initiated GC) [PSYoungGen: 157757K->74205K(175104K)] 663078K->579526K(699392K), 0.0072948 secs] [Times: user=0.10 sys=0.00, real=0.01 secs] 
2016-09-25T22:12:24.552-0400: 95.293: [GC (GCLocker Initiated GC) [PSYoungGen: 162269K->81661K(175104K)] 667658K->587049K(699392K), 0.0087637 secs] [Times: user=0.08 sys=0.00, real=0.01 secs] 
2016-09-25T22:12:24.606-0400: 95.347: [GC (GCLocker Initiated GC) [PSYoungGen: 169725K->79091K(175104K)] 675213K->596156K(699392K), 0.0083292 secs] [Times: user=0.13 sys=0.00, real=0.01 secs] 
2016-09-25T22:12:24.614-0400: 95.355: [Full GC (Ergonomics) [PSYoungGen: 79091K->0K(175104K)] [ParOldGen: 517065K->508164K(524288K)] 596156K->508164K(699392K), [Metaspace: 43924K->43924K(1087488K)], 0.0560676 secs] [Times: user=0.54 sys=0.00, real=0.05 secs] 
2016-09-25T22:12:24.718-0400: 95.459: [Full GC (Ergonomics) [PSYoungGen: 88064K->0K(175104K)] [ParOldGen: 513718K->517058K(524288K)] 601782K->517058K(699392K), [Metaspace: 43924K->43924K(1087488K)], 0.0657355 secs] [Times: user=0.51 sys=0.02, real=0.07 secs] 
2016-09-25T22:12:24.835-0400: 95.576: [Full GC (Ergonomics) [PSYoungGen: 88064K->0K(175104K)] [ParOldGen: 517311K->512418K(524288K)] 605375K->512418K(699392K), [Metaspace: 43924K->43924K(1087488K)], 0.0553812 secs] [Times: user=0.54 sys=0.00, real=0.05 secs] 
2016-09-25T22:12:24.944-0400: 95.685: [Full GC (Ergonomics) [PSYoungGen: 88064K->0K(175104K)] [ParOldGen: 512854K->502415K(524288K)] 600918K->502415K(699392K), [Metaspace: 43924K->43924K(1087488K)], 0.0537778 secs] [Times: user=0.58 sys=0.02, real=0.05 secs] 
2016-09-25T22:12:25.051-0400: 95.792: [Full GC (Ergonomics) [PSYoungGen: 88064K->0K(175104K)] [ParOldGen: 513296K->508512K(524288K)] 601360K->508512K(699392K), [Metaspace: 43924K->43924K(1087488K)], 0.0572375 secs] [Times: user=0.57 sys=0.03, real=0.06 secs] 
2016-09-25T22:12:25.159-0400: 95.900: [Full GC (Ergonomics) [PSYoungGen: 88064K->0K(175104K)] [ParOldGen: 509996K->501020K(524288K)] 598060K->501020K(699392K), [Metaspace: 43924K->43924K(1087488K)], 0.0505066 secs] [Times: user=0.42 sys=0.01, real=0.05 secs] 
2016-09-25T22:12:25.259-0400: 95.999: [Full GC (Ergonomics) [PSYoungGen: 88064K->0K(175104K)] [ParOldGen: 510503K->507133K(524288K)] 598567K->507133K(699392K), [Metaspace: 43925K->43925K(1087488K)], 0.0583560 secs] [Times: user=0.54 sys=0.00, real=0.06 secs] 
2016-09-25T22:12:25.365-0400: 96.105: [Full GC (Ergonomics) [PSYoungGen: 88064K->0K(175104K)] [ParOldGen: 510023K->510592K(524288K)] 598087K->510592K(699392K), [Metaspace: 43925K->43925K(1087488K)], 0.0484851 secs] [Times: user=0.44 sys=0.00, real=0.04 secs] 
2016-09-25T22:12:25.468-0400: 96.209: [Full GC (Ergonomics) [PSYoungGen: 88064K->0K(175104K)] [ParOldGen: 513486K->508519K(524288K)] 601550K->508519K(699392K), [Metaspace: 43925K->43925K(1087488K)], 0.0569382 secs] [Times: user=0.66 sys=0.01, real=0.06 secs] 
2016-09-25T22:12:25.570-0400: 96.311: [Full GC (Ergonomics) [PSYoungGen: 88064K->0K(175104K)] [ParOldGen: 511240K->511915K(524288K)] 599304K->511915K(699392K), [Metaspace: 43925K->43925K(1087488K)], 0.0491712 secs] [Times: user=0.46 sys=0.00, real=0.05 secs] 
2016-09-25T22:12:25.667-0400: 96.408: [Full GC (Ergonomics) [PSYoungGen: 88064K->0K(175104K)] [ParOldGen: 511993K->509772K(524288K)] 600057K->509772K(699392K), [Metaspace: 43925K->43925K(1087488K)], 0.0522072 secs] [Times: user=0.51 sys=0.00, real=0.05 secs] 
2016-09-25T22:12:25.772-0400: 96.513: [Full GC (Ergonomics) [PSYoungGen: 88064K->0K(175104K)] [ParOldGen: 517937K->510517K(524288K)] 606001K->510517K(699392K), [Metaspace: 43925K->43925K(1087488K)], 0.0575349 secs] [Times: user=0.64 sys=0.01, real=0.06 secs] 
2016-09-25T22:12:25.884-0400: 96.625: [Full GC (Ergonomics) [PSYoungGen: 88064K->0K(175104K)] [ParOldGen: 513321K->513670K(524288K)] 601385K->513670K(699392K), [Metaspace: 43925K->43925K(1087488K)], 0.0558877 secs] [Times: user=0.56 sys=0.00, real=0.05 secs] 
2016-09-25T22:12:25.992-0400: 96.733: [Full GC (Ergonomics) [PSYoungGen: 88064K->0K(175104K)] [ParOldGen: 523262K->510184K(524288K)] 611326K->510184K(699392K), [Metaspace: 43925K->43925K(1087488K)], 0.0555912 secs] [Times: user=0.53 sys=0.01, real=0.06 secs] 
2016-09-25T22:12:26.099-0400: 96.840: [Full GC (Ergonomics) [PSYoungGen: 88064K->0K(175104K)] [ParOldGen: 519639K->514668K(524288K)] 607703K->514668K(699392K), [Metaspace: 43925K->43925K(1087488K)], 0.0563333 secs] [Times: user=0.56 sys=0.02, real=0.06 secs] 
2016-09-25T22:12:26.213-0400: 96.954: [Full GC (Ergonomics) [PSYoungGen: 88064K->0K(175104K)] [ParOldGen: 521427K->515194K(524288K)] 609491K->515194K(699392K), [Metaspace: 43925K->43925K(1087488K)], 0.0674530 secs] [Times: user=0.68 sys=0.03, real=0.07 secs] 
2016-09-25T22:12:26.328-0400: 97.069: [Full GC (Ergonomics) [PSYoungGen: 88064K->0K(175104K)] [ParOldGen: 515841K->509054K(524288K)] 603905K->509054K(699392K), [Metaspace: 43925K->43925K(1087488K)], 0.0561232 secs] [Times: user=0.56 sys=0.00, real=0.06 secs] 
2016-09-25T22:12:26.439-0400: 97.180: [Full GC (Ergonomics) [PSYoungGen: 88064K->0K(175104K)] [ParOldGen: 518735K->513537K(524288K)] 606799K->513537K(699392K), [Metaspace: 43925K->43925K(1087488K)], 0.0521212 secs] [Times: user=0.50 sys=0.02, real=0.05 secs] 
2016-09-25T22:12:26.553-0400: 97.293: [Full GC (Ergonomics) [PSYoungGen: 88064K->0K(175104K)] [ParOldGen: 516345K->506849K(524288K)] 604409K->506849K(699392K), [Metaspace: 43925K->43925K(1087488K)], 0.0708259 secs] [Times: user=0.79 sys=0.00, real=0.08 secs] 
2016-09-25T22:12:26.681-0400: 97.422: [Full GC (Ergonomics) [PSYoungGen: 88064K->0K(175104K)] [ParOldGen: 519195K->512967K(524288K)] 607259K->512967K(699392K), [Metaspace: 43925K->43925K(1087488K)], 0.0543211 secs] [Times: user=0.51 sys=0.00, real=0.06 secs] 
2016-09-25T22:12:26.794-0400: 97.535: [Full GC (Ergonomics) [PSYoungGen: 88064K->0K(175104K)] [ParOldGen: 515709K->505432K(524288K)] 603773K->505432K(699392K), [Metaspace: 43925K->43925K(1087488K)], 0.0612739 secs] [Times: user=0.63 sys=0.01, real=0.06 secs] 
2016-09-25T22:12:26.904-0400: 97.645: [Full GC (Ergonomics) [PSYoungGen: 88064K->0K(175104K)] [ParOldGen: 510987K->508717K(524288K)] 599051K->508717K(699392K), [Metaspace: 43925K->43925K(1087488K)], 0.0538358 secs] [Times: user=0.53 sys=0.02, real=0.05 secs] 
2016-09-25T22:12:27.004-0400: 97.745: [Full GC (Ergonomics) [PSYoungGen: 88064K->0K(175104K)] [ParOldGen: 511464K->509283K(524288K)] 599528K->509283K(699392K), [Metaspace: 43925K->43925K(1087488K)], 0.0686848 secs] [Times: user=0.67 sys=0.01, real=0.06 secs] 
2016-09-25T22:12:27.124-0400: 97.865: [Full GC (Ergonomics) [PSYoungGen: 88064K->0K(175104K)] [ParOldGen: 512057K->512552K(524288K)] 600121K->512552K(699392K), [Metaspace: 43925K->43925K(1087488K)], 0.0572491 secs] [Times: user=0.58 sys=0.01, real=0.05 secs] 
2016-09-25T22:12:27.227-0400: 97.968: [Full GC (Ergonomics) [PSYoungGen: 88064K->0K(175104K)] [ParOldGen: 516237K->506458K(524288K)] 604301K->506458K(699392K), [Metaspace: 43925K->43925K(1087488K)], 0.0556762 secs] [Times: user=0.54 sys=0.00, real=0.06 secs] 
2016-09-25T22:12:27.327-0400: 98.067: [GC (GCLocker Initiated GC) [PSYoungGen: 88064K->60875K(175104K)] 594608K->567420K(699392K), 0.0068829 secs] [Times: user=0.08 sys=0.01, real=0.00 secs] 
2016-09-25T22:12:27.372-0400: 98.113: [GC (GCLocker Initiated GC) [PSYoungGen: 148939K->84914K(175104K)] 655604K->592558K(699392K), 0.0085143 secs] [Times: user=0.11 sys=0.01, real=0.01 secs] 
2016-09-25T22:12:27.430-0400: 98.171: [GC (GCLocker Initiated GC) [PSYoungGen: 172978K->63283K(175104K)] 680710K->582497K(699392K), 0.0071392 secs] [Times: user=0.06 sys=0.00, real=0.01 secs] 
2016-09-25T22:12:27.437-0400: 98.178: [Full GC (Ergonomics) [PSYoungGen: 63283K->0K(175104K)] [ParOldGen: 519213K->514957K(524288K)] 582497K->514957K(699392K), [Metaspace: 43925K->43925K(1087488K)], 0.0646544 secs] [Times: user=0.72 sys=0.00, real=0.06 secs] 
2016-09-25T22:12:27.546-0400: 98.287: [Full GC (Ergonomics) [PSYoungGen: 88064K->0K(175104K)] [ParOldGen: 515049K->518073K(524288K)] 603113K->518073K(699392K), [Metaspace: 43925K->43925K(1087488K)], 0.0531765 secs] [Times: user=0.47 sys=0.01, real=0.05 secs] 
2016-09-25T22:12:27.646-0400: 98.386: [Full GC (Ergonomics) [PSYoungGen: 88064K->0K(175104K)] [ParOldGen: 523618K->521363K(524288K)] 611682K->521363K(699392K), [Metaspace: 43925K->43925K(1087488K)], 0.0656712 secs] [Times: user=0.58 sys=0.00, real=0.06 secs] 
2016-09-25T22:12:27.767-0400: 98.508: [Full GC (Ergonomics) [PSYoungGen: 87696K->0K(175104K)] [ParOldGen: 524063K->519218K(524288K)] 611759K->519218K(699392K), [Metaspace: 43925K->43925K(1087488K)], 0.0544262 secs] [Times: user=0.49 sys=0.01, real=0.05 secs] 
2016-09-25T22:12:27.880-0400: 98.621: [Full GC (Ergonomics) [PSYoungGen: 86179K->0K(175104K)] [ParOldGen: 521918K->511665K(524288K)] 608098K->511665K(699392K), [Metaspace: 43925K->43925K(1087488K)], 0.0629401 secs] [Times: user=0.70 sys=0.00, real=0.07 secs] 
2016-09-25T22:12:27.988-0400: 98.729: [Full GC (Ergonomics) [PSYoungGen: 88064K->0K(175104K)] [ParOldGen: 511723K->514947K(524288K)] 599787K->514947K(699392K), [Metaspace: 43925K->43925K(1087488K)], 0.0549172 secs] [Times: user=0.57 sys=0.00, real=0.06 secs] 
2016-09-25T22:12:28.083-0400: 98.824: [Full GC (Ergonomics) [PSYoungGen: 88064K->0K(175104K)] [ParOldGen: 514961K->518225K(524288K)] 603025K->518225K(699392K), [Metaspace: 43925K->43925K(1087488K)], 0.0522662 secs] [Times: user=0.51 sys=0.00, real=0.05 secs] 
2016-09-25T22:12:28.181-0400: 98.922: [Full GC (Ergonomics) [PSYoungGen: 88064K->0K(175104K)] [ParOldGen: 522489K->516084K(524288K)] 610553K->516084K(699392K), [Metaspace: 43925K->43925K(1087488K)], 0.0579184 secs] [Times: user=0.60 sys=0.00, real=0.06 secs] 
2016-09-25T22:12:28.287-0400: 99.028: [Full GC (Ergonomics) [PSYoungGen: 88064K->0K(175104K)] [ParOldGen: 516258K->519344K(524288K)] 604322K->519344K(699392K), [Metaspace: 43925K->43925K(1087488K)], 0.0638693 secs] [Times: user=0.62 sys=0.00, real=0.06 secs] 
2016-09-25T22:12:28.403-0400: 99.144: [Full GC (Ergonomics) [PSYoungGen: 88064K->0K(175104K)] [ParOldGen: 523556K->517061K(524288K)] 611620K->517061K(699392K), [Metaspace: 43925K->43925K(1087488K)], 0.0536078 secs] [Times: user=0.48 sys=0.01, real=0.05 secs] 
2016-09-25T22:12:28.506-0400: 99.247: [Full GC (Ergonomics) [PSYoungGen: 88064K->0K(175104K)] [ParOldGen: 517065K->514865K(524288K)] 605129K->514865K(699392K), [Metaspace: 43925K->43925K(1087488K)], 0.0568551 secs] [Times: user=0.51 sys=0.00, real=0.06 secs] 
2016-09-25T22:12:28.603-0400: 99.344: [Full GC (Ergonomics) [PSYoungGen: 88064K->0K(175104K)] [ParOldGen: 514970K->520891K(524288K)] 603034K->520891K(699392K), [Metaspace: 43925K->43925K(1087488K)], 0.0569714 secs] [Times: user=0.59 sys=0.00, real=0.05 secs] 
2016-09-25T22:12:28.707-0400: 99.448: [Full GC (Ergonomics) [PSYoungGen: 88064K->0K(175104K)] [ParOldGen: 520998K->524159K(524288K)] 609062K->524159K(699392K), [Metaspace: 43925K->43925K(1087488K)], 0.0578026 secs] [Times: user=0.58 sys=0.01, real=0.06 secs] 
2016-09-25T22:12:28.809-0400: 99.549: [Full GC (Ergonomics) [PSYoungGen: 88064K->2700K(175104K)] [ParOldGen: 524227K->522023K(524288K)] 612291K->524723K(699392K), [Metaspace: 43925K->43925K(1087488K)], 0.0506486 secs] [Times: user=0.49 sys=0.00, real=0.05 secs] 
2016-09-25T22:12:28.901-0400: 99.642: [Full GC (Ergonomics) [PSYoungGen: 88064K->0K(175104K)] [ParOldGen: 522053K->524012K(524288K)] 610117K->524012K(699392K), [Metaspace: 43925K->43925K(1087488K)], 0.0779000 secs] [Times: user=0.92 sys=0.00, real=0.08 secs] 
2016-09-25T22:12:29.033-0400: 99.774: [Full GC (Ergonomics) [PSYoungGen: 87833K->0K(175104K)] [ParOldGen: 524012K->511044K(524288K)] 611845K->511044K(699392K), [Metaspace: 43925K->43925K(1087488K)], 0.0548103 secs] [Times: user=0.55 sys=0.00, real=0.06 secs] 
2016-09-25T22:12:29.129-0400: 99.870: [Full GC (Ergonomics) [PSYoungGen: 88063K->0K(175104K)] [ParOldGen: 511253K->519681K(524288K)] 599317K->519681K(699392K), [Metaspace: 43925K->43925K(1087488K)], 0.0667717 secs] [Times: user=0.62 sys=0.02, real=0.07 secs] 
2016-09-25T22:12:29.250-0400: 99.991: [Full GC (Ergonomics) [PSYoungGen: 87724K->0K(175104K)] [ParOldGen: 522381K->520320K(524288K)] 610106K->520320K(699392K), [Metaspace: 43925K->43925K(1087488K)], 0.0565045 secs] [Times: user=0.56 sys=0.01, real=0.06 secs] 
2016-09-25T22:12:29.355-0400: 100.095: [Full GC (Ergonomics) [PSYoungGen: 88064K->0K(175104K)] [ParOldGen: 523025K->516792K(524288K)] 611089K->516792K(699392K), [Metaspace: 43925K->43925K(1087488K)], 0.0561483 secs] [Times: user=0.55 sys=0.01, real=0.05 secs] 
2016-09-25T22:12:29.456-0400: 100.197: [Full GC (Ergonomics) [PSYoungGen: 88064K->0K(175104K)] [ParOldGen: 519520K->515959K(524288K)] 607584K->515959K(699392K), [Metaspace: 43925K->43925K(1087488K)], 0.0597827 secs] [Times: user=0.57 sys=0.00, real=0.06 secs] 
2016-09-25T22:12:29.571-0400: 100.312: [Full GC (Ergonomics) [PSYoungGen: 88064K->0K(175104K)] [ParOldGen: 521421K->521988K(524288K)] 609485K->521988K(699392K), [Metaspace: 43925K->43925K(1087488K)], 0.0675229 secs] [Times: user=0.56 sys=0.00, real=0.07 secs] 
2016-09-25T22:12:29.683-0400: 100.424: [Full GC (Ergonomics) [PSYoungGen: 88064K->0K(175104K)] [ParOldGen: 522619K->521466K(524288K)] 610683K->521466K(699392K), [Metaspace: 43925K->43925K(1087488K)], 0.0487870 secs] [Times: user=0.42 sys=0.00, real=0.04 secs] 
2016-09-25T22:12:29.782-0400: 100.523: [Full GC (Ergonomics) [PSYoungGen: 88064K->0K(175104K)] [ParOldGen: 521544K->516484K(524288K)] 609608K->516484K(699392K), [Metaspace: 43925K->43925K(1087488K)], 0.0677655 secs] [Times: user=0.68 sys=0.01, real=0.06 secs] 
2016-09-25T22:12:29.899-0400: 100.640: [Full GC (Ergonomics) [PSYoungGen: 88064K->0K(175104K)] [ParOldGen: 516510K->521007K(524288K)] 604574K->521007K(699392K), [Metaspace: 43925K->43925K(1087488K)], 0.0661009 secs] [Times: user=0.60 sys=0.01, real=0.07 secs] 
2016-09-25T22:12:30.023-0400: 100.764: [Full GC (Ergonomics) [PSYoungGen: 87005K->1416K(175104K)] [ParOldGen: 523707K->522976K(524288K)] 610713K->524392K(699392K), [Metaspace: 43925K->43925K(1087488K)], 0.0621376 secs] [Times: user=0.60 sys=0.01, real=0.06 secs] 
2016-09-25T22:12:30.132-0400: 100.873: [Full GC (Ergonomics) [PSYoungGen: 88064K->1350K(175104K)] [ParOldGen: 523183K->523567K(524288K)] 611247K->524917K(699392K), [Metaspace: 43925K->43925K(1087488K)], 0.0569370 secs] [Times: user=0.56 sys=0.02, real=0.06 secs] 
2016-09-25T22:12:30.236-0400: 100.977: [Full GC (Ergonomics) [PSYoungGen: 86805K->0K(175104K)] [ParOldGen: 523567K->524145K(524288K)] 610372K->524145K(699392K), [Metaspace: 43925K->43925K(1087488K)], 0.0589005 secs] [Times: user=0.52 sys=0.00, real=0.06 secs] 
2016-09-25T22:12:30.348-0400: 101.089: [Full GC (Ergonomics) [PSYoungGen: 85873K->0K(175104K)] [ParOldGen: 524145K->517953K(524288K)] 610018K->517953K(699392K), [Metaspace: 43925K->43925K(1087488K)], 0.0565020 secs] [Times: user=0.55 sys=0.01, real=0.06 secs] 
2016-09-25T22:12:30.449-0400: 101.190: [Full GC (Ergonomics) [PSYoungGen: 88064K->0K(175104K)] [ParOldGen: 522023K->521238K(524288K)] 610087K->521238K(699392K), [Metaspace: 43925K->43925K(1087488K)], 0.0605472 secs] [Times: user=0.64 sys=0.00, real=0.06 secs] 
2016-09-25T22:12:30.556-0400: 101.297: [Full GC (Ergonomics) [PSYoungGen: 87875K->1353K(175104K)] [ParOldGen: 523938K->523256K(524288K)] 611813K->524609K(699392K), [Metaspace: 43929K->43929K(1087488K)], 0.0687365 secs] [Times: user=0.62 sys=0.01, real=0.07 secs] 
2016-09-25T22:12:30.671-0400: 101.412: [Full GC (Ergonomics) [PSYoungGen: 86588K->2700K(175104K)] [ParOldGen: 523256K->522915K(524288K)] 609844K->525616K(699392K), [Metaspace: 43929K->43929K(1087488K)], 0.1053031 secs] [Times: user=1.17 sys=0.01, real=0.11 secs] 
2016-09-25T22:12:30.826-0400: 101.567: [Full GC (Ergonomics) [PSYoungGen: 87530K->8101K(175104K)] [ParOldGen: 522915K->523341K(524288K)] 610446K->531443K(699392K), [Metaspace: 43929K->43929K(1087488K)], 0.1575863 secs] [Times: user=2.29 sys=0.00, real=0.16 secs] 
2016-09-25T22:12:31.029-0400: 101.770: [Full GC (Ergonomics) [PSYoungGen: 88064K->2700K(175104K)] [ParOldGen: 523503K->522428K(524288K)] 611567K->525128K(699392K), [Metaspace: 43929K->43929K(1087488K)], 0.1580498 secs] [Times: user=2.19 sys=0.01, real=0.16 secs] 
2016-09-25T22:12:31.240-0400: 101.980: [Full GC (Ergonomics) [PSYoungGen: 88064K->0K(175104K)] [ParOldGen: 522548K->520211K(524288K)] 610612K->520211K(699392K), [Metaspace: 43929K->43929K(1087488K)], 0.0551984 secs] [Times: user=0.50 sys=0.00, real=0.06 secs] 
2016-09-25T22:12:31.340-0400: 102.081: [Full GC (Ergonomics) [PSYoungGen: 88064K->4051K(175104K)] [ParOldGen: 523049K->523388K(524288K)] 611113K->527440K(699392K), [Metaspace: 43929K->43929K(1087488K)], 0.1536166 secs] [Times: user=2.27 sys=0.01, real=0.15 secs] 
2016-09-25T22:12:31.540-0400: 102.281: [Full GC (Ergonomics) [PSYoungGen: 88064K->2700K(175104K)] [ParOldGen: 523667K->523926K(524288K)] 611731K->526627K(699392K), [Metaspace: 43929K->43929K(1087488K)], 0.1599517 secs] [Times: user=2.36 sys=0.01, real=0.16 secs] 
2016-09-25T22:12:31.755-0400: 102.496: [Full GC (Ergonomics) [PSYoungGen: 85864K->4123K(175104K)] [ParOldGen: 523926K->521659K(524288K)] 609791K->525783K(699392K), [Metaspace: 43929K->43929K(1087488K)], 0.1637910 secs] [Times: user=2.43 sys=0.00, real=0.16 secs] 
2016-09-25T22:12:31.969-0400: 102.710: [Full GC (Ergonomics) [PSYoungGen: 88064K->2756K(175104K)] [ParOldGen: 521819K->522139K(524288K)] 609883K->524896K(699392K), [Metaspace: 43929K->43929K(1087488K)], 0.1555162 secs] [Times: user=2.16 sys=0.02, real=0.16 secs] 
2016-09-25T22:12:32.185-0400: 102.925: [Full GC (Ergonomics) [PSYoungGen: 88064K->2709K(175104K)] [ParOldGen: 522500K->522884K(524288K)] 610564K->525594K(699392K), [Metaspace: 43929K->43929K(1087488K)], 0.1528220 secs] [Times: user=2.26 sys=0.01, real=0.15 secs] 
2016-09-25T22:12:32.381-0400: 103.122: [Full GC (Ergonomics) [PSYoungGen: 86900K->5401K(175104K)] [ParOldGen: 522884K->521820K(524288K)] 609785K->527221K(699392K), [Metaspace: 43929K->43929K(1087488K)], 0.1560121 secs] [Times: user=2.31 sys=0.01, real=0.16 secs] 
2016-09-25T22:12:32.583-0400: 103.324: [Full GC (Ergonomics) [PSYoungGen: 85490K->2700K(175104K)] [ParOldGen: 521820K->522194K(524288K)] 607310K->524894K(699392K), [Metaspace: 43929K->43929K(1087488K)], 0.1452031 secs] [Times: user=2.10 sys=0.00, real=0.14 secs] 
2016-09-25T22:12:32.771-0400: 103.511: [Full GC (Ergonomics) [PSYoungGen: 88064K->6883K(175104K)] [ParOldGen: 522264K->524030K(524288K)] 610328K->530913K(699392K), [Metaspace: 43929K->43929K(1087488K)], 0.1537140 secs] [Times: user=2.27 sys=0.01, real=0.16 secs] 
2016-09-25T22:12:32.965-0400: 103.706: [Full GC (Ergonomics) [PSYoungGen: 88064K->9535K(175104K)] [ParOldGen: 524164K->521746K(524288K)] 612228K->531281K(699392K), [Metaspace: 43929K->43929K(1087488K)], 0.1587985 secs] [Times: user=2.36 sys=0.01, real=0.16 secs] 
2016-09-25T22:12:33.168-0400: 103.909: [Full GC (Ergonomics) [PSYoungGen: 87747K->8102K(175104K)] [ParOldGen: 521746K->523685K(524288K)] 609493K->531788K(699392K), [Metaspace: 43929K->43929K(1087488K)], 0.1591462 secs] [Times: user=2.34 sys=0.00, real=0.16 secs] 
2016-09-25T22:12:33.380-0400: 104.121: [Full GC (Ergonomics) [PSYoungGen: 88064K->0K(175104K)] [ParOldGen: 523693K->521570K(524288K)] 611757K->521570K(699392K), [Metaspace: 43929K->43929K(1087488K)], 0.0641200 secs] [Times: user=0.57 sys=0.01, real=0.07 secs] 
2016-09-25T22:12:33.495-0400: 104.236: [Full GC (Ergonomics) [PSYoungGen: 88064K->0K(175104K)] [ParOldGen: 524287K->523406K(524288K)] 612351K->523406K(699392K), [Metaspace: 43929K->43929K(1087488K)], 0.0647388 secs] [Times: user=0.53 sys=0.02, real=0.06 secs] 
2016-09-25T22:12:33.605-0400: 104.346: [Full GC (Ergonomics) [PSYoungGen: 87172K->1350K(175104K)] [ParOldGen: 523406K->523662K(524288K)] 610579K->525013K(699392K), [Metaspace: 43929K->43929K(1087488K)], 0.1666612 secs] [Times: user=2.43 sys=0.03, real=0.16 secs] 
2016-09-25T22:12:33.817-0400: 104.557: [Full GC (Ergonomics) [PSYoungGen: 88064K->5521K(175104K)] [ParOldGen: 524248K->524029K(524288K)] 612312K->529550K(699392K), [Metaspace: 43929K->43929K(1087488K)], 0.1551888 secs] [Times: user=2.28 sys=0.01, real=0.15 secs] 
2016-09-25T22:12:34.018-0400: 104.759: [Full GC (Ergonomics) [PSYoungGen: 86944K->0K(175104K)] [ParOldGen: 524029K->521906K(524288K)] 610974K->521906K(699392K), [Metaspace: 43929K->43929K(1087488K)], 0.0641057 secs] [Times: user=0.67 sys=0.00, real=0.07 secs] 
2016-09-25T22:12:34.126-0400: 104.867: [Full GC (Ergonomics) [PSYoungGen: 88064K->8265K(175104K)] [ParOldGen: 522007K->523558K(524288K)] 610071K->531824K(699392K), [Metaspace: 43929K->43929K(1087488K)], 0.1659106 secs] [Times: user=2.38 sys=0.03, real=0.16 secs] 
2016-09-25T22:12:34.326-0400: 105.067: [Full GC (Ergonomics) [PSYoungGen: 88064K->16283K(175104K)] [ParOldGen: 523562K->524127K(524288K)] 611626K->540410K(699392K), [Metaspace: 43929K->43929K(1087488K)], 0.1506403 secs] [Times: user=2.22 sys=0.01, real=0.15 secs] 
2016-09-25T22:12:34.524-0400: 105.265: [Full GC (Ergonomics) [PSYoungGen: 87129K->9593K(175104K)] [ParOldGen: 524127K->523130K(524288K)] 611256K->532724K(699392K), [Metaspace: 43929K->43929K(1087488K)], 0.1492109 secs] [Times: user=2.20 sys=0.00, real=0.14 secs] 
2016-09-25T22:12:34.716-0400: 105.457: [Full GC (Ergonomics) [PSYoungGen: 88064K->13623K(175104K)] [ParOldGen: 523235K->522176K(524288K)] 611299K->535799K(699392K), [Metaspace: 43929K->43929K(1087488K)], 0.1651168 secs] [Times: user=2.40 sys=0.01, real=0.16 secs] 
2016-09-25T22:12:34.922-0400: 105.663: [Full GC (Ergonomics) [PSYoungGen: 87958K->10859K(175104K)] [ParOldGen: 522176K->522627K(524288K)] 610134K->533486K(699392K), [Metaspace: 43929K->43929K(1087488K)], 0.1653564 secs] [Times: user=2.35 sys=0.01, real=0.17 secs] 
2016-09-25T22:12:35.139-0400: 105.879: [Full GC (Ergonomics) [PSYoungGen: 85474K->12306K(175104K)] [ParOldGen: 522627K->521607K(524288K)] 608101K->533914K(699392K), [Metaspace: 43929K->43929K(1087488K)], 0.1692362 secs] [Times: user=2.53 sys=0.01, real=0.17 secs] 
2016-09-25T22:12:35.357-0400: 106.098: [Full GC (Ergonomics) [PSYoungGen: 87107K->1350K(175104K)] [ParOldGen: 521607K->523242K(524288K)] 608714K->524592K(699392K), [Metaspace: 43929K->43929K(1087488K)], 0.1515217 secs] [Times: user=2.20 sys=0.01, real=0.15 secs] 
2016-09-25T22:12:35.548-0400: 106.289: [Full GC (Ergonomics) [PSYoungGen: 88064K->13651K(175104K)] [ParOldGen: 523290K->523515K(524288K)] 611354K->537166K(699392K), [Metaspace: 43929K->43929K(1087488K)], 0.1564511 secs] [Times: user=2.28 sys=0.04, real=0.16 secs] 
2016-09-25T22:12:35.750-0400: 106.491: [Full GC (Ergonomics) [PSYoungGen: 88064K->16261K(175104K)] [ParOldGen: 523604K->523998K(524288K)] 611668K->540259K(699392K), [Metaspace: 43929K->43929K(1087488K)], 0.1581813 secs] [Times: user=2.35 sys=0.01, real=0.16 secs] 
2016-09-25T22:12:35.956-0400: 106.697: [Full GC (Ergonomics) [PSYoungGen: 86791K->13560K(175104K)] [ParOldGen: 523998K->521706K(524288K)] 610789K->535267K(699392K), [Metaspace: 43929K->43929K(1087488K)], 0.1553813 secs] [Times: user=2.20 sys=0.00, real=0.15 secs] 
2016-09-25T22:12:36.157-0400: 106.898: [Full GC (Ergonomics) [PSYoungGen: 88064K->9574K(175104K)] [ParOldGen: 521817K->523332K(524288K)] 609881K->532907K(699392K), [Metaspace: 43929K->43929K(1087488K)], 0.1595522 secs] [Times: user=2.33 sys=0.00, real=0.16 secs] 
2016-09-25T22:12:36.356-0400: 107.097: [Full GC (Ergonomics) [PSYoungGen: 88064K->9580K(175104K)] [ParOldGen: 523332K->523857K(524288K)] 611396K->533438K(699392K), [Metaspace: 43929K->43929K(1087488K)], 0.1785250 secs] [Times: user=2.56 sys=0.02, real=0.18 secs] 
2016-09-25T22:12:36.574-0400: 107.315: [Full GC (Ergonomics) [PSYoungGen: 88064K->10995K(175104K)] [ParOldGen: 524008K->522852K(524288K)] 612072K->533848K(699392K), [Metaspace: 43929K->43929K(1087488K)], 0.1576793 secs] [Times: user=2.34 sys=0.00, real=0.15 secs] 
2016-09-25T22:12:36.772-0400: 107.513: [Full GC (Ergonomics) [PSYoungGen: 88064K->16388K(175104K)] [ParOldGen: 522907K->523212K(524288K)] 610971K->539600K(699392K), [Metaspace: 43929K->43929K(1087488K)], 0.1492464 secs] [Times: user=2.16 sys=0.00, real=0.15 secs] 
2016-09-25T22:12:36.963-0400: 107.704: [Full GC (Ergonomics) [PSYoungGen: 86400K->10890K(175104K)] [ParOldGen: 523212K->523718K(524288K)] 609612K->534608K(699392K), [Metaspace: 43929K->43929K(1087488K)], 0.1518077 secs] [Times: user=2.20 sys=0.02, real=0.15 secs] 
2016-09-25T22:12:37.159-0400: 107.900: [Full GC (Ergonomics) [PSYoungGen: 87061K->10986K(175104K)] [ParOldGen: 523718K->524028K(524288K)] 610780K->535014K(699392K), [Metaspace: 43929K->43929K(1087488K)], 0.1525641 secs] [Times: user=2.26 sys=0.00, real=0.15 secs] 
2016-09-25T22:12:37.361-0400: 108.102: [Full GC (Ergonomics) [PSYoungGen: 88064K->12374K(175104K)] [ParOldGen: 524033K->521716K(524288K)] 612097K->534090K(699392K), [Metaspace: 43929K->43929K(1087488K)], 0.1694681 secs] [Times: user=2.36 sys=0.00, real=0.17 secs] 
2016-09-25T22:12:37.565-0400: 108.306: [Full GC (Ergonomics) [PSYoungGen: 88064K->20458K(175104K)] [ParOldGen: 521954K->523502K(524288K)] 610018K->543961K(699392K), [Metaspace: 43929K->43929K(1087488K)], 0.1530146 secs] [Times: user=2.17 sys=0.01, real=0.15 secs] 
2016-09-25T22:12:37.755-0400: 108.496: [Full GC (Ergonomics) [PSYoungGen: 88064K->17733K(175104K)] [ParOldGen: 523530K->523917K(524288K)] 611594K->541651K(699392K), [Metaspace: 43932K->43932K(1087488K)], 0.1917601 secs] [Times: user=2.84 sys=0.02, real=0.19 secs] 
2016-09-25T22:12:37.991-0400: 108.732: [Full GC (Ergonomics) [PSYoungGen: 87397K->14980K(175104K)] [ParOldGen: 523917K->522986K(524288K)] 611315K->537966K(699392K), [Metaspace: 43932K->43932K(1087488K)], 0.1504093 secs] [Times: user=2.19 sys=0.02, real=0.15 secs] 
2016-09-25T22:12:38.184-0400: 108.925: [Full GC (Ergonomics) [PSYoungGen: 88064K->9675K(175104K)] [ParOldGen: 523012K->523249K(524288K)] 611076K->532925K(699392K), [Metaspace: 43932K->43932K(1087488K)], 0.1691294 secs] [Times: user=2.53 sys=0.00, real=0.16 secs] 
2016-09-25T22:12:38.383-0400: 109.123: [Full GC (Ergonomics) [PSYoungGen: 86711K->23174K(175104K)] [ParOldGen: 523249K->522391K(524288K)] 609960K->545566K(699392K), [Metaspace: 43932K->43932K(1087488K)], 0.1612858 secs] [Times: user=2.37 sys=0.01, real=0.16 secs] 
2016-09-25T22:12:38.590-0400: 109.331: [Full GC (Ergonomics) [PSYoungGen: 87728K->21716K(175104K)] [ParOldGen: 522391K->524152K(524288K)] 610120K->545868K(699392K), [Metaspace: 43932K->43932K(1087488K)], 0.1638848 secs] [Times: user=2.28 sys=0.01, real=0.17 secs] 
2016-09-25T22:12:38.801-0400: 109.542: [Full GC (Ergonomics) [PSYoungGen: 88064K->15166K(175104K)] [ParOldGen: 524214K->522899K(524288K)] 612278K->538065K(699392K), [Metaspace: 43932K->43932K(1087488K)], 0.1634857 secs] [Times: user=2.27 sys=0.01, real=0.17 secs] 
2016-09-25T22:12:38.992-0400: 109.732: [Full GC (Ergonomics) [PSYoungGen: 88064K->25839K(175104K)] [ParOldGen: 522951K->523544K(524288K)] 611015K->549384K(699392K), [Metaspace: 43932K->43932K(1087488K)], 0.1546399 secs] [Times: user=2.19 sys=0.01, real=0.16 secs] 
2016-09-25T22:12:39.201-0400: 109.942: [Full GC (Ergonomics) [PSYoungGen: 87618K->20560K(175104K)] [ParOldGen: 523544K->523744K(524288K)] 611163K->544305K(699392K), [Metaspace: 43932K->43932K(1087488K)], 0.1750688 secs] [Times: user=2.21 sys=0.02, real=0.18 secs] 
2016-09-25T22:12:39.418-0400: 110.159: [Full GC (Ergonomics) [PSYoungGen: 86359K->12403K(175104K)] [ParOldGen: 523744K->524211K(524288K)] 610104K->536614K(699392K), [Metaspace: 43932K->43932K(1087488K)], 0.1609056 secs] [Times: user=2.25 sys=0.00, real=0.16 secs] 
2016-09-25T22:12:39.628-0400: 110.369: [Full GC (Ergonomics) [PSYoungGen: 85880K->19461K(175104K)] [ParOldGen: 524211K->521817K(524288K)] 610091K->541278K(699392K), [Metaspace: 43932K->43932K(1087488K)], 0.1718161 secs] [Times: user=2.49 sys=0.00, real=0.17 secs] 
2016-09-25T22:12:39.831-0400: 110.572: [Full GC (Ergonomics) [PSYoungGen: 87234K->15041K(175104K)] [ParOldGen: 523167K->522358K(524288K)] 610401K->537399K(699392K), [Metaspace: 43935K->43935K(1087488K)], 0.1593020 secs] [Times: user=2.07 sys=0.02, real=0.16 secs] 
2016-09-25T22:12:40.034-0400: 110.775: [Full GC (Ergonomics) [PSYoungGen: 86809K->23174K(175104K)] [ParOldGen: 522358K->522720K(524288K)] 609167K->545894K(699392K), [Metaspace: 43936K->43936K(1087488K)], 0.1712499 secs] [Times: user=2.22 sys=0.02, real=0.17 secs] 
2016-09-25T22:12:40.253-0400: 110.994: [Full GC (Ergonomics) [PSYoungGen: 88064K->20761K(175104K)] [ParOldGen: 522805K->522775K(524288K)] 610869K->543537K(699392K), [Metaspace: 43936K->43936K(1087488K)], 0.1683767 secs] [Times: user=2.28 sys=0.00, real=0.17 secs] 
2016-09-25T22:12:40.454-0400: 111.194: [Full GC (Ergonomics) [PSYoungGen: 88064K->19052K(175104K)] [ParOldGen: 522789K->522119K(524288K)] 610853K->541171K(699392K), [Metaspace: 43936K->43936K(1087488K)], 0.1506916 secs] [Times: user=2.04 sys=0.00, real=0.16 secs] 
2016-09-25T22:12:40.651-0400: 111.392: [Full GC (Ergonomics) [PSYoungGen: 87981K->24569K(175104K)] [ParOldGen: 523469K->522476K(524288K)] 611450K->547045K(699392K), [Metaspace: 43936K->43936K(1087488K)], 0.1553697 secs] [Times: user=2.24 sys=0.02, real=0.16 secs] 
2016-09-25T22:12:40.851-0400: 111.592: [Full GC (Ergonomics) [PSYoungGen: 88064K->21968K(175104K)] [ParOldGen: 522521K->522590K(524288K)] 610585K->544559K(699392K), [Metaspace: 43936K->43936K(1087488K)], 0.1700447 secs] [Times: user=2.31 sys=0.01, real=0.17 secs] 
2016-09-25T22:12:41.057-0400: 111.798: [Full GC (Ergonomics) [PSYoungGen: 87063K->21915K(175104K)] [ParOldGen: 522590K->522985K(524288K)] 609654K->544901K(699392K), [Metaspace: 43936K->43936K(1087488K)], 0.1743332 secs] [Times: user=2.49 sys=0.03, real=0.17 secs] 
2016-09-25T22:12:41.277-0400: 112.018: [Full GC (Ergonomics) [PSYoungGen: 88064K->0K(175104K)] [ParOldGen: 523087K->520498K(524288K)] 611151K->520498K(699392K), [Metaspace: 43936K->43936K(1087488K)], 0.0645752 secs] [Times: user=0.57 sys=0.00, real=0.06 secs] 
2016-09-25T22:12:41.394-0400: 112.135: [Full GC (Ergonomics) [PSYoungGen: 88064K->0K(175104K)] [ParOldGen: 520526K->522309K(524288K)] 608590K->522309K(699392K), [Metaspace: 43937K->43937K(1087488K)], 0.0560865 secs] [Times: user=0.56 sys=0.00, real=0.06 secs] 
2016-09-25T22:12:41.497-0400: 112.238: [Full GC (Ergonomics) [PSYoungGen: 85936K->1350K(175104K)] [ParOldGen: 522309K->523948K(524288K)] 608245K->525298K(699392K), [Metaspace: 43937K->43937K(1087488K)], 0.1671725 secs] [Times: user=2.39 sys=0.02, real=0.17 secs] 
2016-09-25T22:12:41.724-0400: 112.465: [Full GC (Ergonomics) [PSYoungGen: 86324K->8101K(175104K)] [ParOldGen: 523948K->522958K(524288K)] 610272K->531059K(699392K), [Metaspace: 43937K->43937K(1087488K)], 0.1685295 secs] [Times: user=2.34 sys=0.01, real=0.16 secs] 
2016-09-25T22:12:41.953-0400: 112.694: [Full GC (Ergonomics) [PSYoungGen: 88061K->0K(175104K)] [ParOldGen: 522958K->520807K(524288K)] 611019K->520807K(699392K), [Metaspace: 43937K->43937K(1087488K)], 0.0655560 secs] [Times: user=0.50 sys=0.00, real=0.07 secs] 
2016-09-25T22:12:42.078-0400: 112.819: [Full GC (Ergonomics) [PSYoungGen: 87900K->0K(175104K)] [ParOldGen: 522345K->517536K(524288K)] 610245K->517536K(699392K), [Metaspace: 43937K->43937K(1087488K)], 0.0537241 secs] [Times: user=0.35 sys=0.01, real=0.05 secs] 
2016-09-25T22:12:42.183-0400: 112.924: [Full GC (Ergonomics) [PSYoungGen: 88064K->0K(175104K)] [ParOldGen: 521620K->521861K(524288K)] 609684K->521861K(699392K), [Metaspace: 43937K->43937K(1087488K)], 0.0591973 secs] [Times: user=0.54 sys=0.00, real=0.06 secs] 
2016-09-25T22:12:42.302-0400: 113.043: [Full GC (Ergonomics) [PSYoungGen: 88064K->0K(175104K)] [ParOldGen: 521870K->519718K(524288K)] 609934K->519718K(699392K), [Metaspace: 43937K->43937K(1087488K)], 0.0867330 secs] [Times: user=0.84 sys=0.01, real=0.08 secs] 
2016-09-25T22:12:42.440-0400: 113.181: [Full GC (Ergonomics) [PSYoungGen: 88064K->0K(175104K)] [ParOldGen: 522453K->520231K(524288K)] 610517K->520231K(699392K), [Metaspace: 43937K->43937K(1087488K)], 0.0741278 secs] [Times: user=0.59 sys=0.00, real=0.08 secs] 
2016-09-25T22:12:42.574-0400: 113.315: [Full GC (Ergonomics) [PSYoungGen: 87476K->0K(175104K)] [ParOldGen: 524281K->523508K(524288K)] 611757K->523508K(699392K), [Metaspace: 43937K->43937K(1087488K)], 0.0723128 secs] [Times: user=0.52 sys=0.00, real=0.07 secs] 
2016-09-25T22:12:42.709-0400: 113.450: [Full GC (Ergonomics) [PSYoungGen: 88064K->2703K(175104K)] [ParOldGen: 523529K->522667K(524288K)] 611593K->525371K(699392K), [Metaspace: 43937K->43937K(1087488K)], 0.1167328 secs] [Times: user=1.34 sys=0.00, real=0.12 secs] 
2016-09-25T22:12:42.872-0400: 113.613: [Full GC (Ergonomics) [PSYoungGen: 87353K->0K(175104K)] [ParOldGen: 522667K->520469K(524288K)] 610021K->520469K(699392K), [Metaspace: 43937K->43937K(1087488K)], 0.0641380 secs] [Times: user=0.58 sys=0.01, real=0.07 secs] 
2016-09-25T22:12:42.991-0400: 113.732: [Full GC (Ergonomics) [PSYoungGen: 88064K->0K(175104K)] [ParOldGen: 521869K->523719K(524288K)] 609933K->523719K(699392K), [Metaspace: 43937K->43937K(1087488K)], 0.0479169 secs] [Times: user=0.38 sys=0.00, real=0.05 secs] 
2016-09-25T22:12:43.096-0400: 113.837: [Full GC (Ergonomics) [PSYoungGen: 88009K->0K(175104K)] [ParOldGen: 523719K->522869K(524288K)] 611728K->522869K(699392K), [Metaspace: 43937K->43937K(1087488K)], 0.0624985 secs] [Times: user=0.53 sys=0.01, real=0.06 secs] 
2016-09-25T22:12:43.204-0400: 113.945: [Full GC (Ergonomics) [PSYoungGen: 88064K->6846K(175104K)] [ParOldGen: 522918K->522449K(524288K)] 610982K->529296K(699392K), [Metaspace: 43937K->43937K(1087488K)], 0.1229517 secs] [Times: user=1.70 sys=0.01, real=0.12 secs] 
2016-09-25T22:12:43.376-0400: 114.117: [Full GC (Ergonomics) [PSYoungGen: 86951K->9511K(175104K)] [ParOldGen: 522449K->522701K(524288K)] 609400K->532213K(699392K), [Metaspace: 43937K->43937K(1087488K)], 0.1586264 secs] [Times: user=2.24 sys=0.01, real=0.16 secs] 
2016-09-25T22:12:43.587-0400: 114.328: [Full GC (Ergonomics) [PSYoungGen: 88064K->5465K(175104K)] [ParOldGen: 522745K->524233K(524288K)] 610809K->529699K(699392K), [Metaspace: 43937K->43937K(1087488K)], 0.1515230 secs] [Times: user=2.04 sys=0.00, real=0.15 secs] 
2016-09-25T22:12:43.792-0400: 114.533: [Full GC (Ergonomics) [PSYoungGen: 87592K->2765K(175104K)] [ParOldGen: 524233K->523155K(524288K)] 611826K->525920K(699392K), [Metaspace: 43937K->43937K(1087488K)], 0.1543147 secs] [Times: user=2.19 sys=0.01, real=0.16 secs] 
2016-09-25T22:12:43.997-0400: 114.738: [Full GC (Ergonomics) [PSYoungGen: 85466K->8100K(175104K)] [ParOldGen: 523155K->522071K(524288K)] 608621K->530171K(699392K), [Metaspace: 43937K->43937K(1087488K)], 0.1571896 secs] [Times: user=2.22 sys=0.02, real=0.15 secs] 
2016-09-25T22:12:44.205-0400: 114.946: [Full GC (Ergonomics) [PSYoungGen: 86718K->4051K(175104K)] [ParOldGen: 522071K->523593K(524288K)] 608789K->527644K(699392K), [Metaspace: 43937K->43937K(1087488K)], 0.1653285 secs] [Times: user=2.18 sys=0.04, real=0.16 secs] 
2016-09-25T22:12:44.416-0400: 115.157: [Full GC (Ergonomics) [PSYoungGen: 88064K->2702K(175104K)] [ParOldGen: 523625K->522165K(524288K)] 611689K->524868K(699392K), [Metaspace: 43937K->43937K(1087488K)], 0.1568265 secs] [Times: user=2.11 sys=0.02, real=0.15 secs] 
2016-09-25T22:12:44.618-0400: 115.359: [Full GC (Ergonomics) [PSYoungGen: 88064K->4060K(175104K)] [ParOldGen: 522242K->523798K(524288K)] 610306K->527858K(699392K), [Metaspace: 43937K->43937K(1087488K)], 0.1539460 secs] [Times: user=2.08 sys=0.00, real=0.15 secs] 
2016-09-25T22:12:44.819-0400: 115.560: [Full GC (Ergonomics) [PSYoungGen: 88064K->9590K(175104K)] [ParOldGen: 523906K->523883K(524288K)] 611970K->533473K(699392K), [Metaspace: 43937K->43937K(1087488K)], 0.1681960 secs] [Times: user=2.09 sys=0.01, real=0.17 secs] 
2016-09-25T22:12:45.046-0400: 115.787: [Full GC (Ergonomics) [PSYoungGen: 88064K->6787K(175104K)] [ParOldGen: 523889K->524144K(524288K)] 611953K->530931K(699392K), [Metaspace: 43939K->43939K(1087488K)], 0.1595636 secs] [Times: user=2.12 sys=0.01, real=0.16 secs] 
2016-09-25T22:12:45.247-0400: 115.988: [Full GC (Ergonomics) [PSYoungGen: 88064K->8178K(175104K)] [ParOldGen: 524177K->522938K(524288K)] 612241K->531117K(699392K), [Metaspace: 43946K->43946K(1087488K)], 0.1871100 secs] [Times: user=2.78 sys=0.03, real=0.19 secs] 
2016-09-25T22:12:45.473-0400: 116.214: [Full GC (Ergonomics) [PSYoungGen: 85718K->5522K(175104K)] [ParOldGen: 522938K->523222K(524288K)] 608656K->528745K(699392K), [Metaspace: 43946K->43946K(1087488K)], 0.1528909 secs] [Times: user=2.26 sys=0.02, real=0.16 secs] 
2016-09-25T22:12:45.669-0400: 116.410: [Full GC (Ergonomics) [PSYoungGen: 87973K->0K(175104K)] [ParOldGen: 523222K->519712K(524288K)] 611196K->519712K(699392K), [Metaspace: 43946K->43946K(1087488K)], 0.0577814 secs] [Times: user=0.49 sys=0.00, real=0.06 secs] 
2016-09-25T22:12:45.768-0400: 116.509: [Full GC (Ergonomics) [PSYoungGen: 88064K->2768K(175104K)] [ParOldGen: 519748K->523782K(524288K)] 607812K->526551K(699392K), [Metaspace: 43946K->43946K(1087488K)], 0.1550896 secs] [Times: user=2.29 sys=0.01, real=0.16 secs] 
2016-09-25T22:12:45.971-0400: 116.712: [Full GC (Ergonomics) [PSYoungGen: 88064K->17704K(175104K)] [ParOldGen: 523923K->522793K(524288K)] 611987K->540498K(699392K), [Metaspace: 43946K->43946K(1087488K)], 0.1453384 secs] [Times: user=2.11 sys=0.02, real=0.15 secs] 
2016-09-25T22:12:48.790-0400: 119.531: [Full GC (Ergonomics) [PSYoungGen: 88064K->0K(175104K)] [ParOldGen: 522859K->503049K(524288K)] 610923K->503049K(699392K), [Metaspace: 43981K->43981K(1087488K)], 0.1109575 secs] [Times: user=0.85 sys=0.03, real=0.11 secs] 
2016-09-25T22:12:54.434-0400: 125.175: [GC (Allocation Failure) [PSYoungGen: 88064K->23045K(175104K)] 591113K->526094K(699392K), 0.0172379 secs] [Times: user=0.17 sys=0.00, real=0.02 secs] 
2016-09-25T22:12:59.654-0400: 130.395: [GC (Allocation Failure) --[PSYoungGen: 111109K->111109K(175104K)] 614158K->635387K(699392K), 0.0248900 secs] [Times: user=0.08 sys=0.01, real=0.02 secs] 
2016-09-25T22:12:59.679-0400: 130.420: [Full GC (Ergonomics) [PSYoungGen: 111109K->0K(175104K)] [ParOldGen: 524278K->476394K(524288K)] 635387K->476394K(699392K), [Metaspace: 44000K->44000K(1087488K)], 0.1358459 secs] [Times: user=0.93 sys=0.03, real=0.14 secs] 
2016-09-25T22:13:04.924-0400: 135.665: [GC (Allocation Failure) [PSYoungGen: 88064K->23141K(175104K)] 564458K->499535K(699392K), 0.0121741 secs] [Times: user=0.11 sys=0.00, real=0.01 secs] 
2016-09-25T22:13:10.204-0400: 140.945: [GC (Allocation Failure) [PSYoungGen: 111205K->22725K(175104K)] 587599K->521893K(699392K), 0.0160437 secs] [Times: user=0.14 sys=0.00, real=0.01 secs] 
2016-09-25T22:13:15.320-0400: 146.061: [GC (Allocation Failure) [PSYoungGen: 110789K->23045K(175104K)] 609957K->544618K(699392K), 0.0238450 secs] [Times: user=0.11 sys=0.03, real=0.03 secs] 
2016-09-25T22:13:15.344-0400: 146.085: [Full GC (Ergonomics) [PSYoungGen: 23045K->0K(175104K)] [ParOldGen: 521573K->400704K(524288K)] 544618K->400704K(699392K), [Metaspace: 44042K->44042K(1087488K)], 0.0968902 secs] [Times: user=0.78 sys=0.03, real=0.09 secs] 
