Java HotSpot(TM) 64-Bit Server VM (25.101-b13) for linux-amd64 JRE (1.8.0_101-b13), built on Jun 22 2016 02:59:44 by "java_re" with gcc 4.3.0 20080428 (Red Hat 4.3.0-8)
Memory: 4k page, physical 264122320k(255149372k free), swap 268399612k(268399612k free)
CommandLine flags: -XX:GCLogFileSize=1048576 -XX:+HeapDumpOnOutOfMemoryError -XX:HeapDumpPath=artifacts/heapdump -XX:InitialHeapSize=805306368 -XX:MaxHeapSize=805306368 -XX:NumberOfGCLogFiles=10 -XX:+PrintGC -XX:+PrintGCDateStamps -XX:+PrintGCDetails -XX:+PrintGCTimeStamps -XX:+UseCompressedClassPointers -XX:+UseCompressedOops -XX:+UseGCLogFileRotation -XX:+UseParallelGC 
2016-09-24T00:30:33.447-0400: 2.179: [GC (Metadata GC Threshold) [PSYoungGen: 125830K->15574K(229376K)] 125830K->15662K(753664K), 0.0277634 secs] [Times: user=0.16 sys=0.02, real=0.03 secs] 
2016-09-24T00:30:33.475-0400: 2.206: [Full GC (Metadata GC Threshold) [PSYoungGen: 15574K->0K(229376K)] [ParOldGen: 88K->14601K(338944K)] 15662K->14601K(568320K), [Metaspace: 21068K->21068K(1067008K)], 0.0494645 secs] [Times: user=0.38 sys=0.03, real=0.05 secs] 
2016-09-24T00:30:41.868-0400: 10.600: [GC (Metadata GC Threshold) [PSYoungGen: 117582K->14812K(229376K)] 132184K->29550K(568320K), 0.0180662 secs] [Times: user=0.16 sys=0.01, real=0.02 secs] 
2016-09-24T00:30:41.887-0400: 10.618: [Full GC (Metadata GC Threshold) [PSYoungGen: 14812K->0K(229376K)] [ParOldGen: 14737K->20239K(524288K)] 29550K->20239K(753664K), [Metaspace: 35077K->35077K(1079296K)], 0.0671417 secs] [Times: user=0.52 sys=0.03, real=0.06 secs] 
2016-09-24T00:30:43.567-0400: 12.298: [GC (GCLocker Initiated GC) [PSYoungGen: 195475K->24172K(229376K)] 221789K->50494K(753664K), 0.0160675 secs] [Times: user=0.23 sys=0.00, real=0.02 secs] 
2016-09-24T00:30:44.511-0400: 13.243: [GC (Allocation Failure) [PSYoungGen: 220780K->27280K(229376K)] 247458K->66116K(753664K), 0.0109962 secs] [Times: user=0.16 sys=0.00, real=0.02 secs] 
2016-09-24T00:30:45.546-0400: 14.278: [GC (GCLocker Initiated GC) [PSYoungGen: 223888K->21527K(218624K)] 262724K->60371K(742912K), 0.0132495 secs] [Times: user=0.15 sys=0.00, real=0.01 secs] 
2016-09-24T00:30:46.653-0400: 15.385: [GC (Allocation Failure) [PSYoungGen: 218135K->21589K(226304K)] 269473K->72935K(750592K), 0.0106126 secs] [Times: user=0.02 sys=0.06, real=0.02 secs] 
2016-09-24T00:30:47.710-0400: 16.442: [GC (Allocation Failure) [PSYoungGen: 213955K->21525K(225792K)] 265301K->72879K(750080K), 0.0078034 secs] [Times: user=0.08 sys=0.01, real=0.01 secs] 
2016-09-24T00:30:48.733-0400: 17.465: [GC (Allocation Failure) [PSYoungGen: 218645K->27632K(219136K)] 269999K->91152K(743424K), 0.0179252 secs] [Times: user=0.18 sys=0.04, real=0.02 secs] 
2016-09-24T00:30:49.801-0400: 18.533: [GC (Allocation Failure) [PSYoungGen: 219064K->21397K(226816K)] 282584K->84925K(751104K), 0.0115049 secs] [Times: user=0.09 sys=0.02, real=0.01 secs] 
2016-09-24T00:30:50.805-0400: 19.536: [GC (Allocation Failure) [PSYoungGen: 212885K->33803K(221696K)] 276413K->103414K(745984K), 0.0074509 secs] [Times: user=0.08 sys=0.00, real=0.00 secs] 
2016-09-24T00:30:51.819-0400: 20.550: [GC (Allocation Failure) [PSYoungGen: 221195K->21621K(224768K)] 290806K->91240K(749056K), 0.0060655 secs] [Times: user=0.07 sys=0.01, real=0.01 secs] 
2016-09-24T00:30:52.835-0400: 21.567: [GC (Allocation Failure) [PSYoungGen: 209013K->21781K(221696K)] 278632K->91408K(745984K), 0.1178270 secs] [Times: user=1.01 sys=0.10, real=0.11 secs] 
2016-09-24T00:30:53.851-0400: 22.582: [GC (Allocation Failure) [PSYoungGen: 210094K->3236K(223744K)] 279721K->72863K(748032K), 0.0745526 secs] [Times: user=0.97 sys=0.07, real=0.08 secs] 
2016-09-24T00:30:54.845-0400: 23.576: [GC (Allocation Failure) [PSYoungGen: 191073K->832K(220160K)] 260700K->73109K(744448K), 0.0053569 secs] [Times: user=0.05 sys=0.00, real=0.00 secs] 
2016-09-24T00:30:55.694-0400: 24.425: [GC (Allocation Failure) [PSYoungGen: 183104K->37230K(219648K)] 255381K->109879K(743936K), 0.0116845 secs] [Times: user=0.09 sys=0.02, real=0.02 secs] 
2016-09-24T00:30:58.105-0400: 26.836: [GC (GCLocker Initiated GC) [PSYoungGen: 218290K->37674K(208384K)] 297015K->134695K(732672K), 0.0171117 secs] [Times: user=0.21 sys=0.01, real=0.02 secs] 
2016-09-24T00:30:58.357-0400: 27.089: [GC (GCLocker Initiated GC) [PSYoungGen: 203562K->44008K(209920K)] 300659K->183751K(734208K), 0.0172155 secs] [Times: user=0.12 sys=0.03, real=0.02 secs] 
2016-09-24T00:30:58.575-0400: 27.306: [GC (GCLocker Initiated GC) [PSYoungGen: 209896K->50183K(194560K)] 349742K->263050K(718848K), 0.0169913 secs] [Times: user=0.20 sys=0.04, real=0.01 secs] 
2016-09-24T00:30:58.764-0400: 27.495: [GC (GCLocker Initiated GC) [PSYoungGen: 192519K->56750K(199168K)] 405707K->324725K(723456K), 0.0108581 secs] [Times: user=0.13 sys=0.02, real=0.01 secs] 
2016-09-24T00:30:58.971-0400: 27.703: [GC (GCLocker Initiated GC) [PSYoungGen: 199086K->61882K(174592K)] 485630K->385636K(698880K), 0.0095992 secs] [Times: user=0.11 sys=0.02, real=0.01 secs] 
2016-09-24T00:30:59.131-0400: 27.862: [GC (GCLocker Initiated GC) [PSYoungGen: 173498K->73736K(185856K)] 497428K->531609K(710144K), 0.0159883 secs] [Times: user=0.20 sys=0.05, real=0.02 secs] 
2016-09-24T00:30:59.147-0400: 27.878: [Full GC (Ergonomics) [PSYoungGen: 73736K->0K(185856K)] [ParOldGen: 457872K->51029K(524288K)] 531609K->51029K(710144K), [Metaspace: 43690K->43690K(1085440K)], 0.2005871 secs] [Times: user=2.68 sys=0.03, real=0.20 secs] 
2016-09-24T00:30:59.513-0400: 28.245: [GC (Allocation Failure) [PSYoungGen: 111616K->74092K(164352K)] 162989K->161915K(688640K), 0.0107914 secs] [Times: user=0.16 sys=0.00, real=0.02 secs] 
2016-09-24T00:30:59.648-0400: 28.379: [GC (GCLocker Initiated GC) [PSYoungGen: 162156K->73704K(175104K)] 249985K->198890K(699392K), 0.0106741 secs] [Times: user=0.16 sys=0.00, real=0.01 secs] 
2016-09-24T00:30:59.800-0400: 28.532: [GC (GCLocker Initiated GC) [PSYoungGen: 161768K->55643K(175104K)] 299141K->247858K(699392K), 0.0104212 secs] [Times: user=0.17 sys=0.00, real=0.01 secs] 
2016-09-24T00:30:59.949-0400: 28.680: [GC (GCLocker Initiated GC) [PSYoungGen: 143707K->73936K(175104K)] 342341K->290938K(699392K), 0.0106062 secs] [Times: user=0.11 sys=0.00, real=0.01 secs] 
2016-09-24T00:31:00.067-0400: 28.799: [GC (GCLocker Initiated GC) [PSYoungGen: 162000K->55415K(175104K)] 379184K->309521K(699392K), 0.0102199 secs] [Times: user=0.14 sys=0.00, real=0.01 secs] 
2016-09-24T00:31:00.188-0400: 28.920: [GC (GCLocker Initiated GC) [PSYoungGen: 143479K->55415K(175104K)] 397795K->364729K(699392K), 0.0115368 secs] [Times: user=0.19 sys=0.00, real=0.01 secs] 
2016-09-24T00:31:00.273-0400: 29.005: [GC (GCLocker Initiated GC) [PSYoungGen: 143479K->85922K(175104K)] 458979K->432113K(699392K), 0.0105173 secs] [Times: user=0.14 sys=0.00, real=0.02 secs] 
2016-09-24T00:31:00.394-0400: 29.125: [GC (GCLocker Initiated GC) [PSYoungGen: 173986K->73772K(175104K)] 526304K->493403K(699392K), 0.0103468 secs] [Times: user=0.16 sys=0.01, real=0.02 secs] 
2016-09-24T00:31:00.511-0400: 29.243: [GC (GCLocker Initiated GC) [PSYoungGen: 161836K->73804K(175104K)] 587651K->517971K(699392K), 0.0103129 secs] [Times: user=0.12 sys=0.00, real=0.01 secs] 
2016-09-24T00:31:00.522-0400: 29.253: [Full GC (Ergonomics) [PSYoungGen: 73804K->0K(175104K)] [ParOldGen: 444167K->51472K(524288K)] 517971K->51472K(699392K), [Metaspace: 43704K->43704K(1085440K)], 0.0444202 secs] [Times: user=0.38 sys=0.00, real=0.05 secs] 
2016-09-24T00:31:00.675-0400: 29.407: [GC (GCLocker Initiated GC) [PSYoungGen: 88064K->85690K(175104K)] 139690K->173774K(699392K), 0.0105755 secs] [Times: user=0.16 sys=0.01, real=0.01 secs] 
2016-09-24T00:31:00.796-0400: 29.528: [GC (GCLocker Initiated GC) [PSYoungGen: 173754K->74100K(175104K)] 262171K->223435K(699392K), 0.0096329 secs] [Times: user=0.15 sys=0.00, real=0.01 secs] 
2016-09-24T00:31:00.899-0400: 29.631: [GC (GCLocker Initiated GC) [PSYoungGen: 162164K->85854K(175104K)] 311630K->278513K(699392K), 0.0109535 secs] [Times: user=0.15 sys=0.00, real=0.01 secs] 
2016-09-24T00:31:01.042-0400: 29.774: [GC (GCLocker Initiated GC) [PSYoungGen: 173918K->79651K(175104K)] 366725K->302937K(699392K), 0.0110880 secs] [Times: user=0.10 sys=0.01, real=0.00 secs] 
2016-09-24T00:31:01.212-0400: 29.944: [GC (GCLocker Initiated GC) [PSYoungGen: 167715K->37190K(175104K)] 409576K->321859K(699392K), 0.0151019 secs] [Times: user=0.21 sys=0.00, real=0.02 secs] 
2016-09-24T00:31:01.322-0400: 30.053: [GC (GCLocker Initiated GC) [PSYoungGen: 125254K->85854K(175104K)] 410049K->401372K(699392K), 0.0090176 secs] [Times: user=0.13 sys=0.00, real=0.01 secs] 
2016-09-24T00:31:01.458-0400: 30.190: [GC (GCLocker Initiated GC) [PSYoungGen: 173918K->37485K(175104K)] 489679K->450738K(699392K), 0.0251550 secs] [Times: user=0.32 sys=0.00, real=0.03 secs] 
2016-09-24T00:31:01.583-0400: 30.315: [GC (GCLocker Initiated GC) [PSYoungGen: 125549K->73872K(175104K)] 539118K->487732K(699392K), 0.0099537 secs] [Times: user=0.14 sys=0.00, real=0.00 secs] 
2016-09-24T00:31:01.705-0400: 30.437: [GC (GCLocker Initiated GC) [PSYoungGen: 161936K->85854K(175104K)] 576158K->524691K(699392K), 0.0112812 secs] [Times: user=0.17 sys=0.00, real=0.01 secs] 
2016-09-24T00:31:01.717-0400: 30.448: [Full GC (Ergonomics) [PSYoungGen: 85854K->0K(175104K)] [ParOldGen: 438837K->51349K(524288K)] 524691K->51349K(699392K), [Metaspace: 43753K->43753K(1087488K)], 0.0575105 secs] [Times: user=0.39 sys=0.01, real=0.06 secs] 
2016-09-24T00:31:01.899-0400: 30.630: [GC (GCLocker Initiated GC) [PSYoungGen: 88064K->85822K(175104K)] 139488K->161554K(699392K), 0.0090735 secs] [Times: user=0.13 sys=0.00, real=0.01 secs] 
2016-09-24T00:31:02.023-0400: 30.754: [GC (GCLocker Initiated GC) [PSYoungGen: 173886K->37517K(175104K)] 268019K->186641K(699392K), 0.0165399 secs] [Times: user=0.24 sys=0.01, real=0.01 secs] 
2016-09-24T00:31:02.156-0400: 30.888: [GC (GCLocker Initiated GC) [PSYoungGen: 125581K->55447K(175104K)] 287205K->217526K(699392K), 0.0069449 secs] [Times: user=0.10 sys=0.00, real=0.01 secs] 
2016-09-24T00:31:02.277-0400: 31.009: [GC (GCLocker Initiated GC) [PSYoungGen: 143511K->85790K(175104K)] 311747K->302794K(699392K), 0.0111088 secs] [Times: user=0.15 sys=0.01, real=0.01 secs] 
2016-09-24T00:31:02.409-0400: 31.140: [GC (GCLocker Initiated GC) [PSYoungGen: 173854K->73740K(175104K)] 390916K->333470K(699392K), 0.0117995 secs] [Times: user=0.15 sys=0.01, real=0.01 secs] 
2016-09-24T00:31:02.532-0400: 31.264: [GC (GCLocker Initiated GC) [PSYoungGen: 161804K->85854K(175104K)] 421727K->370401K(699392K), 0.0113336 secs] [Times: user=0.15 sys=0.00, real=0.02 secs] 
2016-09-24T00:31:02.672-0400: 31.403: [GC (GCLocker Initiated GC) [PSYoungGen: 173918K->80075K(175104K)] 458501K->407326K(699392K), 0.0101675 secs] [Times: user=0.14 sys=0.01, real=0.02 secs] 
2016-09-24T00:31:02.796-0400: 31.528: [GC (GCLocker Initiated GC) [PSYoungGen: 168139K->61522K(175104K)] 495578K->450011K(699392K), 0.0109600 secs] [Times: user=0.14 sys=0.03, real=0.01 secs] 
2016-09-24T00:31:02.910-0400: 31.642: [GC (Allocation Failure) [PSYoungGen: 149586K->86150K(175104K)] 538385K->481308K(699392K), 0.0113778 secs] [Times: user=0.15 sys=0.01, real=0.01 secs] 
2016-09-24T00:31:03.056-0400: 31.787: [GC (GCLocker Initiated GC) [PSYoungGen: 171770K->55775K(175104K)] 573004K->493921K(699392K), 0.0095011 secs] [Times: user=0.12 sys=0.01, real=0.01 secs] 
2016-09-24T00:31:03.194-0400: 31.926: [GC (GCLocker Initiated GC) [PSYoungGen: 143839K->61490K(175104K)] 582201K->518196K(699392K), 0.0091821 secs] [Times: user=0.12 sys=0.01, real=0.01 secs] 
2016-09-24T00:31:03.204-0400: 31.935: [Full GC (Ergonomics) [PSYoungGen: 61490K->0K(175104K)] [ParOldGen: 456706K->45685K(524288K)] 518196K->45685K(699392K), [Metaspace: 43816K->43816K(1087488K)], 0.0402833 secs] [Times: user=0.25 sys=0.00, real=0.04 secs] 
2016-09-24T00:31:03.337-0400: 32.069: [GC (GCLocker Initiated GC) [PSYoungGen: 88064K->86242K(175104K)] 133837K->138091K(699392K), 0.0096856 secs] [Times: user=0.13 sys=0.01, real=0.01 secs] 
2016-09-24T00:31:03.435-0400: 32.166: [GC (GCLocker Initiated GC) [PSYoungGen: 174306K->85986K(175104K)] 226332K->187675K(699392K), 0.0096993 secs] [Times: user=0.14 sys=0.00, real=0.01 secs] 
2016-09-24T00:31:03.541-0400: 32.272: [GC (GCLocker Initiated GC) [PSYoungGen: 174050K->67565K(175104K)] 276005K->224518K(699392K), 0.0106947 secs] [Times: user=0.16 sys=0.00, real=0.01 secs] 
2016-09-24T00:31:03.681-0400: 32.412: [GC (GCLocker Initiated GC) [PSYoungGen: 155629K->55611K(175104K)] 312586K->231093K(699392K), 0.0076033 secs] [Times: user=0.11 sys=0.00, real=0.01 secs] 
2016-09-24T00:31:03.815-0400: 32.547: [GC (GCLocker Initiated GC) [PSYoungGen: 143675K->73836K(175104K)] 331510K->262143K(699392K), 0.0093640 secs] [Times: user=0.14 sys=0.00, real=0.01 secs] 
2016-09-24T00:31:03.934-0400: 32.666: [GC (GCLocker Initiated GC) [PSYoungGen: 161900K->73672K(175104K)] 350394K->280550K(699392K), 0.0100069 secs] [Times: user=0.14 sys=0.00, real=0.01 secs] 
2016-09-24T00:31:04.059-0400: 32.790: [GC (GCLocker Initiated GC) [PSYoungGen: 161736K->74000K(175104K)] 368622K->317668K(699392K), 0.0101024 secs] [Times: user=0.15 sys=0.00, real=0.01 secs] 
2016-09-24T00:31:04.207-0400: 32.939: [GC (GCLocker Initiated GC) [PSYoungGen: 162064K->55579K(175104K)] 417986K->312120K(699392K), 0.0091505 secs] [Times: user=0.11 sys=0.00, real=0.01 secs] 
2016-09-24T00:31:04.344-0400: 33.075: [GC (GCLocker Initiated GC) [PSYoungGen: 143643K->73672K(175104K)] 400528K->349098K(699392K), 0.0102710 secs] [Times: user=0.14 sys=0.00, real=0.01 secs] 
2016-09-24T00:31:04.470-0400: 33.202: [GC (GCLocker Initiated GC) [PSYoungGen: 161736K->73836K(175104K)] 437478K->386155K(699392K), 0.0106199 secs] [Times: user=0.14 sys=0.00, real=0.01 secs] 
2016-09-24T00:31:04.613-0400: 33.344: [GC (GCLocker Initiated GC) [PSYoungGen: 161900K->73576K(175104K)] 492549K->422725K(699392K), 0.0129297 secs] [Times: user=0.16 sys=0.00, real=0.02 secs] 
2016-09-24T00:31:04.730-0400: 33.462: [GC (GCLocker Initiated GC) [PSYoungGen: 161640K->85758K(175104K)] 510825K->471544K(699392K), 0.0117591 secs] [Times: user=0.12 sys=0.00, real=0.02 secs] 
2016-09-24T00:31:04.871-0400: 33.603: [GC (GCLocker Initiated GC) [PSYoungGen: 173822K->55451K(175104K)] 566039K->520859K(699392K), 0.0120872 secs] [Times: user=0.13 sys=0.02, real=0.02 secs] 
2016-09-24T00:31:04.884-0400: 33.615: [Full GC (Ergonomics) [PSYoungGen: 55451K->0K(175104K)] [ParOldGen: 465408K->45584K(524288K)] 520859K->45584K(699392K), [Metaspace: 43829K->43829K(1087488K)], 0.0495485 secs] [Times: user=0.31 sys=0.00, real=0.04 secs] 
2016-09-24T00:31:05.038-0400: 33.770: [GC (GCLocker Initiated GC) [PSYoungGen: 88064K->86078K(175104K)] 133696K->186385K(699392K), 0.0109973 secs] [Times: user=0.16 sys=0.01, real=0.01 secs] 
2016-09-24T00:31:05.155-0400: 33.886: [GC (GCLocker Initiated GC) [PSYoungGen: 174142K->61818K(175104K)] 274732K->229797K(699392K), 0.0116224 secs] [Times: user=0.16 sys=0.01, real=0.01 secs] 
2016-09-24T00:31:05.282-0400: 34.014: [GC (GCLocker Initiated GC) [PSYoungGen: 149882K->73868K(175104K)] 318048K->260567K(699392K), 0.0091768 secs] [Times: user=0.12 sys=0.00, real=0.00 secs] 
2016-09-24T00:31:05.421-0400: 34.153: [GC (GCLocker Initiated GC) [PSYoungGen: 161932K->79783K(175104K)] 354805K->290992K(699392K), 0.0129597 secs] [Times: user=0.16 sys=0.01, real=0.02 secs] 
2016-09-24T00:31:05.560-0400: 34.292: [GC (Allocation Failure) [PSYoungGen: 167847K->49116K(175104K)] 379193K->284873K(699392K), 0.0230469 secs] [Times: user=0.24 sys=0.00, real=0.03 secs] 
2016-09-24T00:31:05.698-0400: 34.429: [GC (GCLocker Initiated GC) [PSYoungGen: 137180K->73508K(175104K)] 373136K->370522K(699392K), 0.0113105 secs] [Times: user=0.16 sys=0.00, real=0.01 secs] 
2016-09-24T00:31:05.833-0400: 34.564: [GC (GCLocker Initiated GC) [PSYoungGen: 161572K->55711K(175104K)] 465295K->377794K(699392K), 0.0091530 secs] [Times: user=0.10 sys=0.01, real=0.01 secs] 
2016-09-24T00:31:05.940-0400: 34.671: [GC (GCLocker Initiated GC) [PSYoungGen: 143775K->55219K(175104K)] 465865K->377609K(699392K), 0.0147433 secs] [Times: user=0.18 sys=0.00, real=0.02 secs] 
2016-09-24T00:31:06.065-0400: 34.796: [GC (Allocation Failure) [PSYoungGen: 143283K->86182K(175104K)] 465832K->445316K(699392K), 0.0172639 secs] [Times: user=0.20 sys=0.01, real=0.01 secs] 
2016-09-24T00:31:06.190-0400: 34.921: [GC (GCLocker Initiated GC) [PSYoungGen: 170365K->49340K(175104K)] 535574K->421088K(699392K), 0.0178293 secs] [Times: user=0.17 sys=0.00, real=0.02 secs] 
2016-09-24T00:31:06.325-0400: 35.057: [GC (GCLocker Initiated GC) [PSYoungGen: 137404K->24848K(175104K)] 521427K->427380K(699392K), 0.0107519 secs] [Times: user=0.08 sys=0.00, real=0.01 secs] 
2016-09-24T00:31:06.436-0400: 35.168: [GC (GCLocker Initiated GC) [PSYoungGen: 112912K->85986K(175104K)] 521874K->525451K(699392K), 0.0213109 secs] [Times: user=0.30 sys=0.00, real=0.02 secs] 
2016-09-24T00:31:06.565-0400: 35.297: [GC (GCLocker Initiated GC) [PSYoungGen: 174050K->61590K(175104K)] 619727K->507894K(699392K), 0.0094367 secs] [Times: user=0.09 sys=0.02, real=0.01 secs] 
2016-09-24T00:31:06.702-0400: 35.434: [Full GC (Ergonomics) [PSYoungGen: 149654K->0K(175104K)] [ParOldGen: 458618K->51380K(524288K)] 608272K->51380K(699392K), [Metaspace: 43870K->43870K(1087488K)], 0.0554581 secs] [Times: user=0.26 sys=0.00, real=0.05 secs] 
2016-09-24T00:31:06.877-0400: 35.608: [GC (GCLocker Initiated GC) [PSYoungGen: 88064K->86210K(175104K)] 145556K->143702K(699392K), 0.0185863 secs] [Times: user=0.24 sys=0.00, real=0.02 secs] 
2016-09-24T00:31:07.020-0400: 35.752: [GC (GCLocker Initiated GC) [PSYoungGen: 174274K->61426K(175104K)] 231802K->162386K(699392K), 0.0114642 secs] [Times: user=0.14 sys=0.00, real=0.01 secs] 
2016-09-24T00:31:07.133-0400: 35.865: [GC (GCLocker Initiated GC) [PSYoungGen: 149490K->85790K(175104K)] 250486K->229619K(699392K), 0.0104348 secs] [Times: user=0.14 sys=0.00, real=0.02 secs] 
2016-09-24T00:31:07.250-0400: 35.981: [GC (GCLocker Initiated GC) [PSYoungGen: 173854K->79847K(175104K)] 323786K->272619K(699392K), 0.0256363 secs] [Times: user=0.32 sys=0.00, real=0.03 secs] 
2016-09-24T00:31:07.408-0400: 36.140: [GC (GCLocker Initiated GC) [PSYoungGen: 167911K->61490K(175104K)] 373190K->285277K(699392K), 0.0165189 secs] [Times: user=0.23 sys=0.00, real=0.02 secs] 
2016-09-24T00:31:07.516-0400: 36.247: [GC (GCLocker Initiated GC) [PSYoungGen: 149554K->73704K(175104K)] 373602K->340429K(699392K), 0.0105245 secs] [Times: user=0.15 sys=0.01, real=0.01 secs] 
2016-09-24T00:31:07.664-0400: 36.396: [GC (Allocation Failure) [PSYoungGen: 161768K->55451K(175104K)] 434637K->358814K(699392K), 0.0107298 secs] [Times: user=0.08 sys=0.00, real=0.01 secs] 
2016-09-24T00:31:07.802-0400: 36.534: [GC (Allocation Failure) [PSYoungGen: 139703K->43169K(175104K)] 443066K->371460K(699392K), 0.0148020 secs] [Times: user=0.17 sys=0.00, real=0.01 secs] 
2016-09-24T00:31:07.919-0400: 36.650: [GC (GCLocker Initiated GC) [PSYoungGen: 131233K->79423K(175104K)] 459529K->426056K(699392K), 0.0218204 secs] [Times: user=0.26 sys=0.00, real=0.02 secs] 
2016-09-24T00:31:08.048-0400: 36.780: [GC (GCLocker Initiated GC) [PSYoungGen: 167487K->86150K(175104K)] 520528K->463618K(699392K), 0.0097675 secs] [Times: user=0.12 sys=0.00, real=0.01 secs] 
2016-09-24T00:31:08.161-0400: 36.892: [GC (Allocation Failure) [PSYoungGen: 174214K->49016K(175104K)] 551814K->463685K(699392K), 0.0157629 secs] [Times: user=0.17 sys=0.01, real=0.02 secs] 
2016-09-24T00:31:08.177-0400: 36.909: [GC (GCLocker Initiated GC) [PSYoungGen: 50084K->96K(175104K)] 464754K->475712K(699392K), 0.0063348 secs] [Times: user=0.09 sys=0.00, real=0.01 secs] 
2016-09-24T00:31:08.184-0400: 36.915: [Full GC (Ergonomics) [PSYoungGen: 96K->0K(175104K)] [ParOldGen: 475616K->45581K(524288K)] 475712K->45581K(699392K), [Metaspace: 43881K->43881K(1087488K)], 0.0489922 secs] [Times: user=0.35 sys=0.01, real=0.04 secs] 
2016-09-24T00:31:08.332-0400: 37.063: [GC (GCLocker Initiated GC) [PSYoungGen: 88064K->86662K(175104K)] 133645K->156543K(699392K), 0.0210218 secs] [Times: user=0.31 sys=0.00, real=0.02 secs] 
2016-09-24T00:31:08.450-0400: 37.182: [GC (GCLocker Initiated GC) [PSYoungGen: 174726K->67633K(175104K)] 244828K->175161K(699392K), 0.0099604 secs] [Times: user=0.10 sys=0.00, real=0.01 secs] 
2016-09-24T00:31:08.600-0400: 37.332: [GC (GCLocker Initiated GC) [PSYoungGen: 155697K->18968K(175104K)] 281501K->187558K(699392K), 0.0133291 secs] [Times: user=0.11 sys=0.01, real=0.01 secs] 
2016-09-24T00:31:08.729-0400: 37.460: [GC (GCLocker Initiated GC) [PSYoungGen: 107032K->86182K(175104K)] 275983K->261514K(699392K), 0.0088157 secs] [Times: user=0.13 sys=0.01, real=0.01 secs] 
2016-09-24T00:31:08.853-0400: 37.585: [GC (GCLocker Initiated GC) [PSYoungGen: 174246K->73736K(175104K)] 349728K->304045K(699392K), 0.0152459 secs] [Times: user=0.22 sys=0.00, real=0.02 secs] 
2016-09-24T00:31:08.981-0400: 37.712: [GC (GCLocker Initiated GC) [PSYoungGen: 161800K->73936K(175104K)] 392290K->322794K(699392K), 0.0086335 secs] [Times: user=0.10 sys=0.00, real=0.01 secs] 
2016-09-24T00:31:09.102-0400: 37.833: [GC (GCLocker Initiated GC) [PSYoungGen: 162000K->55383K(175104K)] 410934K->341239K(699392K), 0.0097452 secs] [Times: user=0.13 sys=0.00, real=0.01 secs] 
2016-09-24T00:31:09.227-0400: 37.959: [GC (GCLocker Initiated GC) [PSYoungGen: 143447K->79911K(175104K)] 441506K->414743K(699392K), 0.0100486 secs] [Times: user=0.13 sys=0.01, real=0.01 secs] 
2016-09-24T00:31:09.339-0400: 38.070: [GC (GCLocker Initiated GC) [PSYoungGen: 167975K->61654K(175104K)] 503028K->421447K(699392K), 0.0131843 secs] [Times: user=0.12 sys=0.00, real=0.01 secs] 
2016-09-24T00:31:09.475-0400: 38.206: [GC (Allocation Failure) [PSYoungGen: 149718K->61622K(175104K)] 509754K->452144K(699392K), 0.0177853 secs] [Times: user=0.21 sys=0.00, real=0.01 secs] 
2016-09-24T00:31:09.607-0400: 38.338: [GC (GCLocker Initiated GC) [PSYoungGen: 149686K->79683K(175104K)] 540214K->488711K(699392K), 0.0100869 secs] [Times: user=0.10 sys=0.00, real=0.01 secs] 
2016-09-24T00:31:09.729-0400: 38.461: [GC (GCLocker Initiated GC) [PSYoungGen: 167747K->73900K(175104K)] 577080K->519835K(699392K), 0.0129135 secs] [Times: user=0.16 sys=0.00, real=0.02 secs] 
2016-09-24T00:31:09.846-0400: 38.577: [GC (GCLocker Initiated GC) [PSYoungGen: 161964K->73704K(175104K)] 614079K->568644K(699392K), 0.0119106 secs] [Times: user=0.15 sys=0.00, real=0.01 secs] 
2016-09-24T00:31:09.858-0400: 38.589: [Full GC (Ergonomics) [PSYoungGen: 73704K->0K(175104K)] [ParOldGen: 494940K->57957K(524288K)] 568644K->57957K(699392K), [Metaspace: 43937K->43937K(1087488K)], 0.0499100 secs] [Times: user=0.36 sys=0.02, real=0.05 secs] 
2016-09-24T00:31:10.016-0400: 38.747: [GC (GCLocker Initiated GC) [PSYoungGen: 88064K->86274K(175104K)] 152127K->162487K(699392K), 0.0153007 secs] [Times: user=0.19 sys=0.01, real=0.01 secs] 
2016-09-24T00:31:10.150-0400: 38.882: [GC (GCLocker Initiated GC) [PSYoungGen: 174338K->31083K(175104K)] 256981K->181239K(699392K), 0.0241473 secs] [Times: user=0.27 sys=0.00, real=0.03 secs] 
2016-09-24T00:31:10.279-0400: 39.011: [GC (GCLocker Initiated GC) [PSYoungGen: 119147K->86182K(175104K)] 269373K->285175K(699392K), 0.0102804 secs] [Times: user=0.15 sys=0.01, real=0.01 secs] 
2016-09-24T00:31:10.417-0400: 39.148: [GC (GCLocker Initiated GC) [PSYoungGen: 174246K->85790K(175104K)] 373281K->327658K(699392K), 0.0092769 secs] [Times: user=0.11 sys=0.00, real=0.01 secs] 
2016-09-24T00:31:10.534-0400: 39.265: [GC (GCLocker Initiated GC) [PSYoungGen: 173854K->67761K(175104K)] 415909K->364807K(699392K), 0.0111414 secs] [Times: user=0.14 sys=0.00, real=0.02 secs] 
2016-09-24T00:31:10.675-0400: 39.407: [GC (GCLocker Initiated GC) [PSYoungGen: 155825K->61426K(175104K)] 459206K->419945K(699392K), 0.0103825 secs] [Times: user=0.13 sys=0.00, real=0.01 secs] 
2016-09-24T00:31:10.809-0400: 39.540: [GC (GCLocker Initiated GC) [PSYoungGen: 149490K->55483K(175104K)] 508299K->432632K(699392K), 0.0088685 secs] [Times: user=0.09 sys=0.00, real=0.01 secs] 
2016-09-24T00:31:10.920-0400: 39.651: [GC (GCLocker Initiated GC) [PSYoungGen: 143547K->73576K(175104K)] 520794K->493648K(699392K), 0.0118851 secs] [Times: user=0.12 sys=0.00, real=0.01 secs] 
2016-09-24T00:31:11.051-0400: 39.783: [GC (GCLocker Initiated GC) [PSYoungGen: 161640K->43301K(175104K)] 594373K->512620K(699392K), 0.0082980 secs] [Times: user=0.11 sys=0.00, real=0.01 secs] 
2016-09-24T00:31:11.060-0400: 39.791: [Full GC (Ergonomics) [PSYoungGen: 43301K->0K(175104K)] [ParOldGen: 469319K->45754K(524288K)] 512620K->45754K(699392K), [Metaspace: 43940K->43940K(1087488K)], 0.0569899 secs] [Times: user=0.39 sys=0.00, real=0.06 secs] 
2016-09-24T00:31:11.219-0400: 39.951: [GC (GCLocker Initiated GC) [PSYoungGen: 88064K->86046K(175104K)] 140087K->144144K(699392K), 0.0098281 secs] [Times: user=0.09 sys=0.00, real=0.01 secs] 
2016-09-24T00:31:11.329-0400: 40.061: [GC (GCLocker Initiated GC) [PSYoungGen: 174110K->61462K(175104K)] 232250K->162658K(699392K), 0.0223522 secs] [Times: user=0.19 sys=0.00, real=0.02 secs] 
2016-09-24T00:31:11.480-0400: 40.211: [GC (GCLocker Initiated GC) [PSYoungGen: 149526K->55255K(175104K)] 257018K->205531K(699392K), 0.0160108 secs] [Times: user=0.13 sys=0.00, real=0.02 secs] 
2016-09-24T00:31:11.609-0400: 40.341: [GC (GCLocker Initiated GC) [PSYoungGen: 143319K->49052K(175104K)] 299829K->205813K(699392K), 0.0236055 secs] [Times: user=0.22 sys=0.00, real=0.02 secs] 
2016-09-24T00:31:11.733-0400: 40.465: [GC (GCLocker Initiated GC) [PSYoungGen: 137116K->55255K(175104K)] 294076K->230715K(699392K), 0.0262697 secs] [Times: user=0.29 sys=0.00, real=0.03 secs] 
2016-09-24T00:31:11.889-0400: 40.621: [GC (GCLocker Initiated GC) [PSYoungGen: 143319K->74100K(175104K)] 319039K->286414K(699392K), 0.0184256 secs] [Times: user=0.26 sys=0.00, real=0.02 secs] 
2016-09-24T00:31:12.028-0400: 40.759: [GC (GCLocker Initiated GC) [PSYoungGen: 162164K->49244K(175104K)] 380667K->286404K(699392K), 0.0093064 secs] [Times: user=0.10 sys=0.00, real=0.01 secs] 
2016-09-24T00:31:12.147-0400: 40.878: [GC (GCLocker Initiated GC) [PSYoungGen: 137308K->49536K(175104K)] 386783K->347779K(699392K), 0.0098118 secs] [Times: user=0.14 sys=0.00, real=0.01 secs] 
2016-09-24T00:31:12.270-0400: 41.001: [GC (GCLocker Initiated GC) [PSYoungGen: 137600K->67665K(175104K)] 435951K->384557K(699392K), 0.0166006 secs] [Times: user=0.20 sys=0.01, real=0.02 secs] 
2016-09-24T00:31:12.397-0400: 41.129: [GC (GCLocker Initiated GC) [PSYoungGen: 155729K->30827K(175104K)] 472662K->396604K(699392K), 0.0249814 secs] [Times: user=0.22 sys=0.01, real=0.03 secs] 
2016-09-24T00:31:12.515-0400: 41.246: [GC (GCLocker Initiated GC) [PSYoungGen: 118891K->43105K(175104K)] 490903K->475963K(699392K), 0.0115296 secs] [Times: user=0.11 sys=0.01, real=0.01 secs] 
2016-09-24T00:31:12.658-0400: 41.389: [GC (GCLocker Initiated GC) [PSYoungGen: 131169K->43169K(175104K)] 570121K->500645K(699392K), 0.0396096 secs] [Times: user=0.43 sys=0.00, real=0.04 secs] 
2016-09-24T00:31:12.697-0400: 41.429: [Full GC (Ergonomics) [PSYoungGen: 43169K->0K(175104K)] [ParOldGen: 457476K->39576K(524288K)] 500645K->39576K(699392K), [Metaspace: 43953K->43953K(1087488K)], 0.0514275 secs] [Times: user=0.38 sys=0.00, real=0.05 secs] 
2016-09-24T00:31:12.839-0400: 41.570: [GC (GCLocker Initiated GC) [PSYoungGen: 88064K->86046K(175104K)] 127705K->198587K(699392K), 0.0125686 secs] [Times: user=0.16 sys=0.00, real=0.01 secs] 
2016-09-24T00:31:12.952-0400: 41.683: [GC (GCLocker Initiated GC) [PSYoungGen: 174110K->85790K(175104K)] 286749K->259930K(699392K), 0.0132486 secs] [Times: user=0.16 sys=0.00, real=0.02 secs] 
2016-09-24T00:31:13.085-0400: 41.817: [GC (GCLocker Initiated GC) [PSYoungGen: 173854K->85658K(175104K)] 354117K->351295K(699392K), 0.0176544 secs] [Times: user=0.24 sys=0.01, real=0.02 secs] 
2016-09-24T00:31:13.224-0400: 41.955: [GC (GCLocker Initiated GC) [PSYoungGen: 173722K->67533K(175104K)] 445789K->376177K(699392K), 0.0125324 secs] [Times: user=0.16 sys=0.00, real=0.01 secs] 
2016-09-24T00:31:13.341-0400: 42.073: [GC (GCLocker Initiated GC) [PSYoungGen: 155597K->73872K(175104K)] 464524K->395233K(699392K), 0.0094809 secs] [Times: user=0.11 sys=0.01, real=0.01 secs] 
2016-09-24T00:31:13.470-0400: 42.202: [GC (GCLocker Initiated GC) [PSYoungGen: 161936K->49184K(175104K)] 489610K->401229K(699392K), 0.0303385 secs] [Times: user=0.21 sys=0.00, real=0.03 secs] 
2016-09-24T00:31:13.612-0400: 42.343: [GC (GCLocker Initiated GC) [PSYoungGen: 137248K->67501K(175104K)] 489576K->456882K(699392K), 0.0249095 secs] [Times: user=0.26 sys=0.00, real=0.03 secs] 
2016-09-24T00:31:13.740-0400: 42.472: [GC (GCLocker Initiated GC) [PSYoungGen: 155565K->73612K(175104K)] 545212K->481603K(699392K), 0.0287973 secs] [Times: user=0.35 sys=0.00, real=0.03 secs] 
2016-09-24T00:31:13.899-0400: 42.630: [GC (GCLocker Initiated GC) [PSYoungGen: 161676K->55127K(175104K)] 575801K->506282K(699392K), 0.0196529 secs] [Times: user=0.14 sys=0.00, real=0.02 secs] 
2016-09-24T00:31:13.918-0400: 42.650: [Full GC (Ergonomics) [PSYoungGen: 55127K->0K(175104K)] [ParOldGen: 451154K->46057K(524288K)] 506282K->46057K(699392K), [Metaspace: 43957K->43957K(1087488K)], 0.0481713 secs] [Times: user=0.31 sys=0.01, real=0.05 secs] 
2016-09-24T00:31:14.096-0400: 42.827: [GC (GCLocker Initiated GC) [PSYoungGen: 88064K->86210K(175104K)] 134803K->139025K(699392K), 0.0126197 secs] [Times: user=0.17 sys=0.00, real=0.01 secs] 
2016-09-24T00:31:14.215-0400: 42.946: [GC (GCLocker Initiated GC) [PSYoungGen: 174274K->79779K(175104K)] 233291K->157716K(699392K), 0.0121495 secs] [Times: user=0.16 sys=0.01, real=0.01 secs] 
2016-09-24T00:31:14.327-0400: 43.058: [GC (GCLocker Initiated GC) [PSYoungGen: 167843K->86118K(175104K)] 245974K->170639K(699392K), 0.0125484 secs] [Times: user=0.15 sys=0.00, real=0.01 secs] 
2016-09-24T00:31:14.453-0400: 43.184: [GC (GCLocker Initiated GC) [PSYoungGen: 174182K->55127K(175104K)] 264898K->188612K(699392K), 0.0216216 secs] [Times: user=0.22 sys=0.00, real=0.03 secs] 
2016-09-24T00:31:14.576-0400: 43.308: [GC (GCLocker Initiated GC) [PSYoungGen: 143191K->61398K(175104K)] 276678K->219256K(699392K), 0.0161487 secs] [Times: user=0.14 sys=0.00, real=0.01 secs] 
2016-09-24T00:31:14.722-0400: 43.454: [GC (GCLocker Initiated GC) [PSYoungGen: 149462K->67469K(175104K)] 307367K->243875K(699392K), 0.0088162 secs] [Times: user=0.08 sys=0.00, real=0.00 secs] 
2016-09-24T00:31:14.882-0400: 43.613: [GC (GCLocker Initiated GC) [PSYoungGen: 155533K->61358K(175104K)] 338201K->280760K(699392K), 0.0147131 secs] [Times: user=0.20 sys=0.00, real=0.02 secs] 
2016-09-24T00:31:15.012-0400: 43.744: [GC (GCLocker Initiated GC) [PSYoungGen: 149422K->73540K(175104K)] 375232K->329868K(699392K), 0.0117506 secs] [Times: user=0.14 sys=0.01, real=0.02 secs] 
2016-09-24T00:31:15.123-0400: 43.855: [GC (Allocation Failure) [PSYoungGen: 161604K->80207K(175104K)] 418265K->379560K(699392K), 0.0202364 secs] [Times: user=0.25 sys=0.00, real=0.02 secs] 
2016-09-24T00:31:15.245-0400: 43.976: [GC (GCLocker Initiated GC) [PSYoungGen: 165924K->61494K(175104K)] 471353K->403804K(699392K), 0.0119261 secs] [Times: user=0.12 sys=0.00, real=0.01 secs] 
2016-09-24T00:31:15.379-0400: 44.110: [GC (Allocation Failure) [PSYoungGen: 149558K->55383K(175104K)] 498091K->404371K(699392K), 0.0128389 secs] [Times: user=0.16 sys=0.00, real=0.01 secs] 
2016-09-24T00:31:15.510-0400: 44.241: [GC (GCLocker Initiated GC) [PSYoungGen: 143447K->55223K(175104K)] 492441K->422717K(699392K), 0.0107895 secs] [Times: user=0.10 sys=0.00, real=0.01 secs] 
2016-09-24T00:31:15.644-0400: 44.375: [GC (GCLocker Initiated GC) [PSYoungGen: 143287K->49084K(175104K)] 510821K->416862K(699392K), 0.0197510 secs] [Times: user=0.18 sys=0.01, real=0.02 secs] 
2016-09-24T00:31:15.752-0400: 44.483: [GC (Allocation Failure) [PSYoungGen: 137148K->73544K(175104K)] 505052K->466063K(699392K), 0.0186381 secs] [Times: user=0.20 sys=0.01, real=0.02 secs] 
2016-09-24T00:31:15.867-0400: 44.599: [GC (GCLocker Initiated GC) [PSYoungGen: 161608K->85694K(175104K)] 554128K->539240K(699392K), 0.0143556 secs] [Times: user=0.14 sys=0.01, real=0.01 secs] 
2016-09-24T00:31:15.882-0400: 44.613: [Full GC (Ergonomics) [PSYoungGen: 85694K->0K(175104K)] [ParOldGen: 453545K->52409K(524288K)] 539240K->52409K(699392K), [Metaspace: 43969K->43969K(1087488K)], 0.0509106 secs] [Times: user=0.32 sys=0.03, real=0.05 secs] 
2016-09-24T00:31:16.052-0400: 44.783: [GC (GCLocker Initiated GC) [PSYoungGen: 88064K->85790K(175104K)] 146589K->168616K(699392K), 0.0178143 secs] [Times: user=0.19 sys=0.02, real=0.02 secs] 
2016-09-24T00:31:16.168-0400: 44.899: [GC (Allocation Failure) [PSYoungGen: 173854K->79747K(175104K)] 256716K->217591K(699392K), 0.0126956 secs] [Times: user=0.16 sys=0.01, real=0.01 secs] 
2016-09-24T00:31:16.283-0400: 45.014: [GC (GCLocker Initiated GC) [PSYoungGen: 164451K->61522K(175104K)] 308371K->272590K(699392K), 0.0190597 secs] [Times: user=0.25 sys=0.01, real=0.01 secs] 
2016-09-24T00:31:16.425-0400: 45.156: [GC (GCLocker Initiated GC) [PSYoungGen: 149586K->73900K(175104K)] 361015K->303862K(699392K), 0.0094175 secs] [Times: user=0.11 sys=0.00, real=0.01 secs] 
2016-09-24T00:31:16.548-0400: 45.279: [GC (GCLocker Initiated GC) [PSYoungGen: 161964K->85790K(175104K)] 391967K->358642K(699392K), 0.0140725 secs] [Times: user=0.19 sys=0.01, real=0.01 secs] 
2016-09-24T00:31:16.682-0400: 45.413: [GC (GCLocker Initiated GC) [PSYoungGen: 173854K->43169K(175104K)] 453086K->407555K(699392K), 0.0161703 secs] [Times: user=0.19 sys=0.03, real=0.02 secs] 
2016-09-24T00:31:16.817-0400: 45.548: [GC (Allocation Failure) [PSYoungGen: 131233K->73904K(175104K)] 501926K->444888K(699392K), 0.0109598 secs] [Times: user=0.16 sys=0.00, real=0.01 secs] 
2016-09-24T00:31:16.933-0400: 45.664: [GC (GCLocker Initiated GC) [PSYoungGen: 161968K->73736K(175104K)] 532958K->463259K(699392K), 0.0117500 secs] [Times: user=0.17 sys=0.00, real=0.02 secs] 
2016-09-24T00:31:17.051-0400: 45.782: [GC (GCLocker Initiated GC) [PSYoungGen: 161800K->79847K(175104K)] 551378K->506034K(699392K), 0.0110245 secs] [Times: user=0.13 sys=0.00, real=0.01 secs] 
2016-09-24T00:31:17.213-0400: 45.944: [GC (GCLocker Initiated GC) [PSYoungGen: 167911K->61198K(175104K)] 594157K->548781K(699392K), 0.0125200 secs] [Times: user=0.10 sys=0.00, real=0.02 secs] 
2016-09-24T00:31:17.225-0400: 45.957: [Full GC (Ergonomics) [PSYoungGen: 61198K->0K(175104K)] [ParOldGen: 487583K->46118K(524288K)] 548781K->46118K(699392K), [Metaspace: 44008K->44008K(1087488K)], 0.0531218 secs] [Times: user=0.34 sys=0.00, real=0.05 secs] 
2016-09-24T00:31:17.400-0400: 46.132: [GC (GCLocker Initiated GC) [PSYoungGen: 88064K->86110K(175104K)] 146787K->150909K(699392K), 0.0294670 secs] [Times: user=0.34 sys=0.00, real=0.03 secs] 
2016-09-24T00:31:17.550-0400: 46.281: [GC (Allocation Failure) [PSYoungGen: 174174K->55419K(175104K)] 257424K->163468K(699392K), 0.0099927 secs] [Times: user=0.07 sys=0.00, real=0.01 secs] 
2016-09-24T00:31:17.669-0400: 46.401: [GC (GCLocker Initiated GC) [PSYoungGen: 143483K->55415K(175104K)] 251538K->181987K(699392K), 0.0081498 secs] [Times: user=0.12 sys=0.00, real=0.01 secs] 
2016-09-24T00:31:17.803-0400: 46.534: [GC (GCLocker Initiated GC) [PSYoungGen: 143479K->37098K(175104K)] 288620K->200731K(699392K), 0.0214876 secs] [Times: user=0.18 sys=0.00, real=0.02 secs] 
2016-09-24T00:31:17.946-0400: 46.678: [GC (GCLocker Initiated GC) [PSYoungGen: 125162K->55451K(175104K)] 289238K->220015K(699392K), 0.0206855 secs] [Times: user=0.22 sys=0.01, real=0.02 secs] 
2016-09-24T00:31:18.066-0400: 46.797: [GC (GCLocker Initiated GC) [PSYoungGen: 143515K->61426K(175104K)] 308423K->263067K(699392K), 0.0176448 secs] [Times: user=0.22 sys=0.00, real=0.02 secs] 
2016-09-24T00:31:18.205-0400: 46.936: [GC (GCLocker Initiated GC) [PSYoungGen: 149490K->73644K(175104K)] 357562K->281983K(699392K), 0.0173531 secs] [Times: user=0.17 sys=0.00, real=0.02 secs] 
2016-09-24T00:31:18.343-0400: 47.074: [GC (GCLocker Initiated GC) [PSYoungGen: 161708K->55287K(175104K)] 382531K->294438K(699392K), 0.0128778 secs] [Times: user=0.13 sys=0.00, real=0.01 secs] 
2016-09-24T00:31:18.491-0400: 47.222: [GC (Allocation Failure) [PSYoungGen: 143351K->37258K(175104K)] 394958K->307193K(699392K), 0.0062051 secs] [Times: user=0.05 sys=0.00, real=0.01 secs] 
2016-09-24T00:31:18.604-0400: 47.335: [GC (GCLocker Initiated GC) [PSYoungGen: 120090K->55223K(175104K)] 396101K->349890K(699392K), 0.0142656 secs] [Times: user=0.13 sys=0.00, real=0.01 secs] 
2016-09-24T00:31:18.722-0400: 47.454: [GC (GCLocker Initiated GC) [PSYoungGen: 143287K->74000K(175104K)] 444345K->375193K(699392K), 0.0308263 secs] [Times: user=0.34 sys=0.01, real=0.02 secs] 
2016-09-24T00:31:18.890-0400: 47.621: [GC (GCLocker Initiated GC) [PSYoungGen: 162064K->55319K(175104K)] 469660K->399812K(699392K), 0.0151873 secs] [Times: user=0.15 sys=0.00, real=0.02 secs] 
2016-09-24T00:31:19.055-0400: 47.786: [GC (GCLocker Initiated GC) [PSYoungGen: 143383K->55515K(175104K)] 493981K->424457K(699392K), 0.0186018 secs] [Times: user=0.19 sys=0.00, real=0.01 secs] 
2016-09-24T00:31:19.189-0400: 47.921: [GC (GCLocker Initiated GC) [PSYoungGen: 143579K->43041K(175104K)] 518755K->424543K(699392K), 0.0149623 secs] [Times: user=0.13 sys=0.01, real=0.02 secs] 
2016-09-24T00:31:19.310-0400: 48.042: [GC (GCLocker Initiated GC) [PSYoungGen: 131105K->37194K(175104K)] 518869K->443279K(699392K), 0.0249446 secs] [Times: user=0.22 sys=0.00, real=0.03 secs] 
2016-09-24T00:31:19.443-0400: 48.174: [GC (GCLocker Initiated GC) [PSYoungGen: 125258K->73808K(175104K)] 531410K->480244K(699392K), 0.0329087 secs] [Times: user=0.33 sys=0.00, real=0.03 secs] 
2016-09-24T00:31:19.552-0400: 48.283: [GC (GCLocker Initiated GC) [PSYoungGen: 161872K->79751K(175104K)] 568433K->504985K(699392K), 0.0114793 secs] [Times: user=0.11 sys=0.00, real=0.02 secs] 
2016-09-24T00:31:19.661-0400: 48.392: [GC (GCLocker Initiated GC) [PSYoungGen: 167815K->61298K(175104K)] 593220K->517174K(699392K), 0.0174137 secs] [Times: user=0.17 sys=0.00, real=0.02 secs] 
2016-09-24T00:31:20.294-0400: 49.026: [GC (GCLocker Initiated GC) [PSYoungGen: 149362K->55291K(175104K)] 611506K->535927K(699392K), 0.0110380 secs] [Times: user=0.07 sys=0.00, real=0.01 secs] 
2016-09-24T00:31:20.305-0400: 49.037: [Full GC (Ergonomics) [PSYoungGen: 55291K->0K(175104K)] [ParOldGen: 480636K->52899K(524288K)] 535927K->52899K(699392K), [Metaspace: 44077K->44077K(1087488K)], 0.0451319 secs] [Times: user=0.26 sys=0.00, real=0.04 secs] 
2016-09-24T00:31:20.457-0400: 49.188: [GC (GCLocker Initiated GC) [PSYoungGen: 88064K->86078K(175104K)] 140985K->169374K(699392K), 0.0115440 secs] [Times: user=0.17 sys=0.01, real=0.01 secs] 
2016-09-24T00:31:20.575-0400: 49.307: [GC (GCLocker Initiated GC) [PSYoungGen: 174142K->73512K(175104K)] 263695K->212196K(699392K), 0.0108908 secs] [Times: user=0.11 sys=0.00, real=0.01 secs] 
2016-09-24T00:31:20.700-0400: 49.431: [GC (GCLocker Initiated GC) [PSYoungGen: 161576K->61462K(175104K)] 306540K->261376K(699392K), 0.0181123 secs] [Times: user=0.17 sys=0.00, real=0.02 secs] 
2016-09-24T00:31:20.846-0400: 49.577: [GC (GCLocker Initiated GC) [PSYoungGen: 149526K->79519K(175104K)] 355552K->364976K(699392K), 0.0217466 secs] [Times: user=0.22 sys=0.00, real=0.02 secs] 
2016-09-24T00:31:21.035-0400: 49.766: [GC (GCLocker Initiated GC) [PSYoungGen: 167583K->61230K(175104K)] 465333K->413807K(699392K), 0.0210451 secs] [Times: user=0.21 sys=0.00, real=0.02 secs] 
2016-09-24T00:31:21.161-0400: 49.893: [GC (GCLocker Initiated GC) [PSYoungGen: 149294K->85530K(175104K)] 502086K->480991K(699392K), 0.0139547 secs] [Times: user=0.15 sys=0.00, real=0.02 secs] 
2016-09-24T00:31:21.271-0400: 50.002: [GC (Allocation Failure) [PSYoungGen: 173594K->55323K(175104K)] 569108K->523817K(699392K), 0.0452432 secs] [Times: user=0.48 sys=0.00, real=0.05 secs] 
2016-09-24T00:31:21.316-0400: 50.048: [Full GC (Ergonomics) [PSYoungGen: 55323K->0K(175104K)] [ParOldGen: 468494K->47240K(524288K)] 523817K->47240K(699392K), [Metaspace: 44137K->44137K(1087488K)], 0.0501895 secs] [Times: user=0.27 sys=0.00, real=0.05 secs] 
2016-09-24T00:31:21.457-0400: 50.188: [GC (GCLocker Initiated GC) [PSYoungGen: 88064K->86402K(175104K)] 135311K->157957K(699392K), 0.0112006 secs] [Times: user=0.12 sys=0.00, real=0.01 secs] 
2016-09-24T00:31:21.563-0400: 50.294: [GC (Allocation Failure) [PSYoungGen: 174466K->85822K(175104K)] 246907K->232139K(699392K), 0.0117944 secs] [Times: user=0.15 sys=0.00, real=0.01 secs] 
2016-09-24T00:31:21.676-0400: 50.408: [GC (GCLocker Initiated GC) [PSYoungGen: 173886K->85530K(175104K)] 320203K->286690K(699392K), 0.0116933 secs] [Times: user=0.15 sys=0.00, real=0.01 secs] 
2016-09-24T00:31:21.789-0400: 50.521: [GC (GCLocker Initiated GC) [PSYoungGen: 173594K->55419K(175104K)] 380938K->329692K(699392K), 0.0250633 secs] [Times: user=0.23 sys=0.01, real=0.03 secs] 
2016-09-24T00:31:21.919-0400: 50.651: [GC (GCLocker Initiated GC) [PSYoungGen: 143483K->73480K(175104K)] 418313K->397358K(699392K), 0.0128657 secs] [Times: user=0.09 sys=0.00, real=0.01 secs] 
2016-09-24T00:31:22.038-0400: 50.770: [GC (Allocation Failure) [PSYoungGen: 161544K->73480K(175104K)] 485777K->434439K(699392K), 0.0136829 secs] [Times: user=0.11 sys=0.00, real=0.01 secs] 
2016-09-24T00:31:22.177-0400: 50.909: [GC (GCLocker Initiated GC) [PSYoungGen: 161544K->49180K(175104K)] 522508K->440763K(699392K), 0.0201977 secs] [Times: user=0.19 sys=0.00, real=0.02 secs] 
2016-09-24T00:31:22.299-0400: 51.030: [GC (GCLocker Initiated GC) [PSYoungGen: 137244K->73968K(175104K)] 529183K->484260K(699392K), 0.0249676 secs] [Times: user=0.37 sys=0.00, real=0.03 secs] 
2016-09-24T00:31:22.431-0400: 51.162: [GC (GCLocker Initiated GC) [PSYoungGen: 162032K->79555K(175104K)] 572516K->496366K(699392K), 0.0169475 secs] [Times: user=0.15 sys=0.00, real=0.02 secs] 
2016-09-24T00:31:22.546-0400: 51.278: [GC (GCLocker Initiated GC) [PSYoungGen: 167619K->55415K(175104K)] 584613K->509011K(699392K), 0.0122446 secs] [Times: user=0.17 sys=0.00, real=0.01 secs] 
2016-09-24T00:31:22.559-0400: 51.290: [Full GC (Ergonomics) [PSYoungGen: 55415K->0K(175104K)] [ParOldGen: 453596K->52483K(524288K)] 509011K->52483K(699392K), [Metaspace: 44148K->44148K(1087488K)], 0.0488263 secs] [Times: user=0.34 sys=0.01, real=0.05 secs] 
2016-09-24T00:31:22.701-0400: 51.433: [GC (GCLocker Initiated GC) [PSYoungGen: 88064K->86538K(175104K)] 140802K->145351K(699392K), 0.0114484 secs] [Times: user=0.17 sys=0.00, real=0.01 secs] 
2016-09-24T00:31:22.843-0400: 51.574: [GC (GCLocker Initiated GC) [PSYoungGen: 174602K->73608K(175104K)] 233569K->169729K(699392K), 0.0103732 secs] [Times: user=0.11 sys=0.01, real=0.00 secs] 
2016-09-24T00:31:22.955-0400: 51.687: [GC (GCLocker Initiated GC) [PSYoungGen: 161672K->73612K(175104K)] 258002K->170054K(699392K), 0.0077978 secs] [Times: user=0.06 sys=0.01, real=0.01 secs] 
2016-09-24T00:31:23.077-0400: 51.809: [GC (GCLocker Initiated GC) [PSYoungGen: 161676K->43041K(175104K)] 258344K->176410K(699392K), 0.0090725 secs] [Times: user=0.08 sys=0.00, real=0.01 secs] 
2016-09-24T00:31:23.200-0400: 51.931: [GC (Allocation Failure) [PSYoungGen: 131105K->67601K(175104K)] 264555K->219371K(699392K), 0.0530013 secs] [Times: user=0.60 sys=0.00, real=0.05 secs] 
2016-09-24T00:31:23.376-0400: 52.108: [GC (GCLocker Initiated GC) [PSYoungGen: 154266K->55287K(175104K)] 312112K->231789K(699392K), 0.0081603 secs] [Times: user=0.08 sys=0.00, real=0.01 secs] 
2016-09-24T00:31:23.520-0400: 52.251: [GC (GCLocker Initiated GC) [PSYoungGen: 143351K->85466K(175104K)] 319912K->262302K(699392K), 0.0141404 secs] [Times: user=0.14 sys=0.00, real=0.01 secs] 
2016-09-24T00:31:23.664-0400: 52.395: [GC (GCLocker Initiated GC) [PSYoungGen: 173530K->67337K(175104K)] 356634K->293085K(699392K), 0.0120836 secs] [Times: user=0.12 sys=0.00, real=0.01 secs] 
2016-09-24T00:31:23.777-0400: 52.508: [GC (GCLocker Initiated GC) [PSYoungGen: 155401K->61462K(175104K)] 381443K->305857K(699392K), 0.0187007 secs] [Times: user=0.23 sys=0.00, real=0.02 secs] 
2016-09-24T00:31:23.887-0400: 52.619: [GC (GCLocker Initiated GC) [PSYoungGen: 149526K->73772K(175104K)] 394192K->373421K(699392K), 0.0142104 secs] [Times: user=0.17 sys=0.01, real=0.01 secs] 
2016-09-24T00:31:24.013-0400: 52.744: [GC (GCLocker Initiated GC) [PSYoungGen: 161836K->73808K(175104K)] 473687K->404004K(699392K), 0.0094410 secs] [Times: user=0.09 sys=0.00, real=0.02 secs] 
2016-09-24T00:31:24.150-0400: 52.881: [GC (GCLocker Initiated GC) [PSYoungGen: 161872K->49180K(175104K)] 492075K->410181K(699392K), 0.0111525 secs] [Times: user=0.08 sys=0.01, real=0.01 secs] 
2016-09-24T00:31:24.274-0400: 53.005: [GC (GCLocker Initiated GC) [PSYoungGen: 137244K->67437K(175104K)] 498350K->446887K(699392K), 0.0209730 secs] [Times: user=0.21 sys=0.00, real=0.03 secs] 
2016-09-24T00:31:24.414-0400: 53.145: [GC (Allocation Failure) [PSYoungGen: 155501K->49312K(175104K)] 541197K->453312K(699392K), 0.0188081 secs] [Times: user=0.16 sys=0.00, real=0.02 secs] 
2016-09-24T00:31:24.433-0400: 53.165: [GC (GCLocker Initiated GC) [PSYoungGen: 49321K->32K(175104K)] 453322K->483723K(699392K), 0.0183942 secs] [Times: user=0.17 sys=0.01, real=0.02 secs] 
2016-09-24T00:31:24.452-0400: 53.183: [Full GC (Ergonomics) [PSYoungGen: 32K->0K(175104K)] [ParOldGen: 483691K->58120K(524288K)] 483723K->58120K(699392K), [Metaspace: 44157K->44157K(1087488K)], 0.0581140 secs] [Times: user=0.34 sys=0.00, real=0.06 secs] 
2016-09-24T00:31:24.620-0400: 53.352: [GC (GCLocker Initiated GC) [PSYoungGen: 85938K->86178K(175104K)] 150133K->162523K(699392K), 0.0283959 secs] [Times: user=0.37 sys=0.00, real=0.03 secs] 
2016-09-24T00:31:24.770-0400: 53.501: [GC (GCLocker Initiated GC) [PSYoungGen: 174242K->43041K(175104K)] 250629K->156746K(699392K), 0.0091868 secs] [Times: user=0.08 sys=0.01, real=0.01 secs] 
2016-09-24T00:31:24.873-0400: 53.605: [GC (Allocation Failure) [PSYoungGen: 131105K->67533K(175104K)] 245137K->230433K(699392K), 0.0104202 secs] [Times: user=0.13 sys=0.01, real=0.02 secs] 
2016-09-24T00:31:25.002-0400: 53.733: [GC (GCLocker Initiated GC) [PSYoungGen: 150427K->67729K(175104K)] 319402K->248981K(699392K), 0.0109724 secs] [Times: user=0.10 sys=0.00, real=0.01 secs] 
2016-09-24T00:31:25.146-0400: 53.877: [GC (GCLocker Initiated GC) [PSYoungGen: 155793K->73640K(175104K)] 343403K->316388K(699392K), 0.0270786 secs] [Times: user=0.27 sys=0.00, real=0.02 secs] 
2016-09-24T00:31:25.296-0400: 54.027: [GC (Allocation Failure) [PSYoungGen: 161704K->67925K(175104K)] 404808K->347622K(699392K), 0.0116170 secs] [Times: user=0.19 sys=0.00, real=0.01 secs] 
2016-09-24T00:31:25.427-0400: 54.158: [GC (GCLocker Initiated GC) [PSYoungGen: 155989K->73608K(175104K)] 435692K->371803K(699392K), 0.0154940 secs] [Times: user=0.18 sys=0.01, real=0.02 secs] 
2016-09-24T00:31:25.539-0400: 54.270: [GC (GCLocker Initiated GC) [PSYoungGen: 161672K->85790K(175104K)] 460077K->408647K(699392K), 0.0165638 secs] [Times: user=0.20 sys=0.00, real=0.02 secs] 
2016-09-24T00:31:25.662-0400: 54.394: [GC (Allocation Failure) [PSYoungGen: 173854K->73640K(175104K)] 496847K->469849K(699392K), 0.0230344 secs] [Times: user=0.25 sys=0.01, real=0.02 secs] 
2016-09-24T00:31:25.802-0400: 54.533: [GC (GCLocker Initiated GC) [PSYoungGen: 159324K->73608K(175104K)] 561608K->494409K(699392K), 0.0137281 secs] [Times: user=0.12 sys=0.01, real=0.02 secs] 
2016-09-24T00:31:25.925-0400: 54.656: [GC (GCLocker Initiated GC) [PSYoungGen: 161672K->85954K(175104K)] 582800K->513473K(699392K), 0.0242201 secs] [Times: user=0.28 sys=0.01, real=0.02 secs] 
2016-09-24T00:31:26.073-0400: 54.804: [GC (GCLocker Initiated GC) [PSYoungGen: 174018K->73840K(175104K)] 601842K->544597K(699392K), 0.0221454 secs] [Times: user=0.21 sys=0.00, real=0.03 secs] 
2016-09-24T00:31:26.095-0400: 54.827: [Full GC (Ergonomics) [PSYoungGen: 73840K->0K(175104K)] [ParOldGen: 470757K->57950K(524288K)] 544597K->57950K(699392K), [Metaspace: 44158K->44158K(1087488K)], 0.0490805 secs] [Times: user=0.24 sys=0.01, real=0.05 secs] 
2016-09-24T00:31:26.263-0400: 54.995: [GC (GCLocker Initiated GC) [PSYoungGen: 88064K->80047K(175104K)] 152097K->144080K(699392K), 0.0089399 secs] [Times: user=0.08 sys=0.00, real=0.00 secs] 
2016-09-24T00:31:26.400-0400: 55.132: [GC (GCLocker Initiated GC) [PSYoungGen: 168111K->37290K(175104K)] 244369K->150469K(699392K), 0.0110145 secs] [Times: user=0.11 sys=0.01, real=0.01 secs] 
2016-09-24T00:31:26.503-0400: 55.235: [GC (GCLocker Initiated GC) [PSYoungGen: 125354K->67209K(175104K)] 238637K->186826K(699392K), 0.0161260 secs] [Times: user=0.15 sys=0.00, real=0.01 secs] 
2016-09-24T00:31:26.619-0400: 55.350: [GC (GCLocker Initiated GC) [PSYoungGen: 155273K->37130K(175104K)] 275061K->199531K(699392K), 0.0208722 secs] [Times: user=0.19 sys=0.00, real=0.02 secs] 
2016-09-24T00:31:26.753-0400: 55.485: [GC (GCLocker Initiated GC) [PSYoungGen: 125194K->61298K(175104K)] 293711K->278863K(699392K), 0.0226596 secs] [Times: user=0.24 sys=0.00, real=0.03 secs] 
2016-09-24T00:31:26.897-0400: 55.628: [GC (GCLocker Initiated GC) [PSYoungGen: 149362K->49048K(175104K)] 379270K->346049K(699392K), 0.0310199 secs] [Times: user=0.35 sys=0.00, real=0.03 secs] 
2016-09-24T00:31:27.057-0400: 55.788: [GC (GCLocker Initiated GC) [PSYoungGen: 137112K->49212K(175104K)] 440229K->388907K(699392K), 0.0115452 secs] [Times: user=0.12 sys=0.00, real=0.01 secs] 
2016-09-24T00:31:27.194-0400: 55.925: [GC (GCLocker Initiated GC) [PSYoungGen: 137276K->67565K(175104K)] 477030K->462309K(699392K), 0.0214717 secs] [Times: user=0.24 sys=0.00, real=0.03 secs] 
2016-09-24T00:31:27.307-0400: 56.039: [GC (GCLocker Initiated GC) [PSYoungGen: 155629K->67341K(175104K)] 550511K->498948K(699392K), 0.0099823 secs] [Times: user=0.11 sys=0.00, real=0.01 secs] 
2016-09-24T00:31:27.437-0400: 56.168: [GC (GCLocker Initiated GC) [PSYoungGen: 155405K->85562K(175104K)] 587144K->547943K(699392K), 0.0105847 secs] [Times: user=0.10 sys=0.00, real=0.01 secs] 
2016-09-24T00:31:27.448-0400: 56.179: [Full GC (Ergonomics) [PSYoungGen: 85562K->0K(175104K)] [ParOldGen: 462381K->52146K(524288K)] 547943K->52146K(699392K), [Metaspace: 44158K->44158K(1087488K)], 0.0519139 secs] [Times: user=0.29 sys=0.00, real=0.05 secs] 
2016-09-24T00:31:27.611-0400: 56.343: [GC (GCLocker Initiated GC) [PSYoungGen: 88064K->86766K(175104K)] 140212K->151064K(699392K), 0.0175937 secs] [Times: user=0.21 sys=0.00, real=0.02 secs] 
2016-09-24T00:31:27.719-0400: 56.450: [GC (GCLocker Initiated GC) [PSYoungGen: 174830K->85858K(175104K)] 239164K->211662K(699392K), 0.0248167 secs] [Times: user=0.32 sys=0.00, real=0.03 secs] 
2016-09-24T00:31:27.849-0400: 56.581: [GC (GCLocker Initiated GC) [PSYoungGen: 173922K->61490K(175104K)] 299913K->260673K(699392K), 0.0209011 secs] [Times: user=0.22 sys=0.00, real=0.02 secs] 
2016-09-24T00:31:27.993-0400: 56.724: [GC (Allocation Failure) [PSYoungGen: 149554K->49280K(175104K)] 349086K->267141K(699392K), 0.0227326 secs] [Times: user=0.24 sys=0.00, real=0.03 secs] 
2016-09-24T00:31:28.112-0400: 56.843: [GC (GCLocker Initiated GC) [PSYoungGen: 132812K->55711K(175104K)] 356748K->316544K(699392K), 0.0097807 secs] [Times: user=0.10 sys=0.00, real=0.01 secs] 
2016-09-24T00:31:28.247-0400: 56.978: [GC (GCLocker Initiated GC) [PSYoungGen: 143775K->55679K(175104K)] 417108K->329131K(699392K), 0.0288595 secs] [Times: user=0.33 sys=0.00, real=0.03 secs] 
2016-09-24T00:31:28.404-0400: 57.135: [GC (GCLocker Initiated GC) [PSYoungGen: 143743K->55483K(175104K)] 429521K->341881K(699392K), 0.0066574 secs] [Times: user=0.06 sys=0.00, real=0.00 secs] 
2016-09-24T00:31:28.509-0400: 57.240: [GC (GCLocker Initiated GC) [PSYoungGen: 143547K->61266K(175104K)] 430115K->366327K(699392K), 0.0304888 secs] [Times: user=0.30 sys=0.00, real=0.03 secs] 
2016-09-24T00:31:28.677-0400: 57.409: [GC (GCLocker Initiated GC) [PSYoungGen: 149330K->43365K(175104K)] 460776K->415681K(699392K), 0.0154183 secs] [Times: user=0.16 sys=0.00, real=0.01 secs] 
2016-09-24T00:31:28.819-0400: 57.550: [GC (Allocation Failure) [PSYoungGen: 131429K->49084K(175104K)] 510097K->458542K(699392K), 0.0109692 secs] [Times: user=0.07 sys=0.00, real=0.01 secs] 
2016-09-24T00:31:28.942-0400: 57.673: [GC (GCLocker Initiated GC) [PSYoungGen: 137148K->61398K(175104K)] 546612K->470965K(699392K), 0.0109146 secs] [Times: user=0.09 sys=0.01, real=0.01 secs] 
2016-09-24T00:31:29.087-0400: 57.818: [GC (GCLocker Initiated GC) [PSYoungGen: 149462K->31019K(175104K)] 565393K->483832K(699392K), 0.0138398 secs] [Times: user=0.13 sys=0.01, real=0.01 secs] 
2016-09-24T00:31:29.101-0400: 57.832: [Full GC (Ergonomics) [PSYoungGen: 31019K->0K(175104K)] [ParOldGen: 452813K->51923K(524288K)] 483832K->51923K(699392K), [Metaspace: 44162K->44162K(1087488K)], 0.0577246 secs] [Times: user=0.36 sys=0.00, real=0.06 secs] 
2016-09-24T00:31:29.276-0400: 58.007: [GC (Allocation Failure) [PSYoungGen: 88064K->85790K(175104K)] 146170K->156047K(699392K), 0.0280396 secs] [Times: user=0.31 sys=0.00, real=0.03 secs] 
2016-09-24T00:31:29.417-0400: 58.149: [GC (GCLocker Initiated GC) [PSYoungGen: 173854K->55579K(175104K)] 244117K->186884K(699392K), 0.0127633 secs] [Times: user=0.16 sys=0.00, real=0.01 secs] 
2016-09-24T00:31:29.518-0400: 58.249: [GC (GCLocker Initiated GC) [PSYoungGen: 143643K->61690K(175104K)] 275283K->212339K(699392K), 0.0081408 secs] [Times: user=0.08 sys=0.00, real=0.01 secs] 
2016-09-24T00:31:29.628-0400: 58.360: [GC (Allocation Failure) [PSYoungGen: 149754K->73448K(175104K)] 300511K->255160K(699392K), 0.0121885 secs] [Times: user=0.08 sys=0.01, real=0.01 secs] 
2016-09-24T00:31:29.762-0400: 58.493: [GC (Allocation Failure) [PSYoungGen: 161512K->61394K(175104K)] 343224K->298088K(699392K), 0.0354464 secs] [Times: user=0.38 sys=0.01, real=0.04 secs] 
2016-09-24T00:31:29.892-0400: 58.624: [GC (GCLocker Initiated GC) [PSYoungGen: 146153K->55219K(175104K)] 388922K->334894K(699392K), 0.0103395 secs] [Times: user=0.12 sys=0.01, real=0.02 secs] 
2016-09-24T00:31:30.057-0400: 58.788: [GC (Allocation Failure) [PSYoungGen: 143283K->37062K(175104K)] 435328K->329243K(699392K), 0.0202437 secs] [Times: user=0.22 sys=0.00, real=0.02 secs] 
2016-09-24T00:31:30.211-0400: 58.942: [GC (GCLocker Initiated GC) [PSYoungGen: 119672K->55223K(175104K)] 417929K->353918K(699392K), 0.0272820 secs] [Times: user=0.28 sys=0.01, real=0.03 secs] 
2016-09-24T00:31:30.371-0400: 59.103: [GC (GCLocker Initiated GC) [PSYoungGen: 143287K->48952K(175104K)] 442035K->366021K(699392K), 0.0141037 secs] [Times: user=0.14 sys=0.00, real=0.02 secs] 
2016-09-24T00:31:30.482-0400: 59.214: [GC (GCLocker Initiated GC) [PSYoungGen: 137016K->49248K(137728K)] 454127K->427236K(662016K), 0.0240223 secs] [Times: user=0.25 sys=0.00, real=0.02 secs] 
2016-09-24T00:31:30.650-0400: 59.381: [GC (GCLocker Initiated GC) [PSYoungGen: 137312K->31179K(172032K)] 527498K->458435K(696320K), 0.0216496 secs] [Times: user=0.21 sys=0.01, real=0.02 secs] 
2016-09-24T00:31:30.777-0400: 59.508: [GC (GCLocker Initiated GC) [PSYoungGen: 117707K->73512K(173568K)] 551080K->507356K(697856K), 0.0272252 secs] [Times: user=0.29 sys=0.01, real=0.03 secs] 
2016-09-24T00:31:30.874-0400: 59.606: [GC (GCLocker Initiated GC) [PSYoungGen: 160040K->86018K(175104K)] 600327K->599348K(699392K), 0.0320078 secs] [Times: user=0.38 sys=0.01, real=0.03 secs] 
2016-09-24T00:31:30.906-0400: 59.638: [Full GC (Ergonomics) [PSYoungGen: 86018K->0K(175104K)] [ParOldGen: 513330K->64751K(524288K)] 599348K->64751K(699392K), [Metaspace: 44168K->44168K(1087488K)], 0.0505488 secs] [Times: user=0.34 sys=0.01, real=0.05 secs] 
2016-09-24T00:31:31.076-0400: 59.807: [GC (GCLocker Initiated GC) [PSYoungGen: 88064K->56654K(175104K)] 165063K->133654K(699392K), 0.0072781 secs] [Times: user=0.09 sys=0.00, real=0.01 secs] 
2016-09-24T00:31:31.179-0400: 59.910: [GC (GCLocker Initiated GC) [PSYoungGen: 144718K->85822K(175104K)] 222013K->206877K(699392K), 0.0133933 secs] [Times: user=0.17 sys=0.00, real=0.01 secs] 
2016-09-24T00:31:31.295-0400: 60.027: [GC (GCLocker Initiated GC) [PSYoungGen: 173886K->43201K(175104K)] 301069K->231442K(699392K), 0.0089569 secs] [Times: user=0.08 sys=0.00, real=0.01 secs] 
2016-09-24T00:31:31.408-0400: 60.140: [GC (GCLocker Initiated GC) [PSYoungGen: 131265K->85822K(175104K)] 319553K->298725K(699392K), 0.0106259 secs] [Times: user=0.14 sys=0.00, real=0.01 secs] 
2016-09-24T00:31:31.515-0400: 60.246: [GC (GCLocker Initiated GC) [PSYoungGen: 173886K->85758K(175104K)] 387094K->335864K(699392K), 0.0159968 secs] [Times: user=0.19 sys=0.01, real=0.01 secs] 
2016-09-24T00:31:31.649-0400: 60.381: [GC (GCLocker Initiated GC) [PSYoungGen: 173822K->55419K(175104K)] 424244K->342551K(699392K), 0.0171291 secs] [Times: user=0.15 sys=0.00, real=0.02 secs] 
2016-09-24T00:31:31.769-0400: 60.500: [GC (GCLocker Initiated GC) [PSYoungGen: 143483K->80043K(175104K)] 430734K->385827K(699392K), 0.0123593 secs] [Times: user=0.20 sys=0.00, real=0.01 secs] 
2016-09-24T00:31:31.901-0400: 60.632: [GC (GCLocker Initiated GC) [PSYoungGen: 168107K->55383K(175104K)] 473927K->440298K(699392K), 0.0140053 secs] [Times: user=0.18 sys=0.00, real=0.02 secs] 
2016-09-24T00:31:32.050-0400: 60.782: [GC (GCLocker Initiated GC) [PSYoungGen: 143447K->19784K(175104K)] 552782K->447652K(699392K), 0.0125230 secs] [Times: user=0.14 sys=0.00, real=0.02 secs] 
2016-09-24T00:31:32.214-0400: 60.945: [Full GC (Ergonomics) [PSYoungGen: 107848K->0K(175104K)] [ParOldGen: 440294K->51527K(524288K)] 548142K->51527K(699392K), [Metaspace: 44168K->44168K(1087488K)], 0.1108396 secs] [Times: user=1.01 sys=0.01, real=0.12 secs] 
2016-09-24T00:31:32.430-0400: 61.162: [GC (Allocation Failure) [PSYoungGen: 88064K->79847K(175104K)] 139918K->131701K(699392K), 0.0077159 secs] [Times: user=0.07 sys=0.00, real=0.01 secs] 
2016-09-24T00:31:32.537-0400: 61.269: [GC (GCLocker Initiated GC) [PSYoungGen: 163701K->37421K(175104K)] 221631K->168723K(699392K), 0.0103755 secs] [Times: user=0.13 sys=0.01, real=0.01 secs] 
2016-09-24T00:31:32.667-0400: 61.398: [GC (GCLocker Initiated GC) [PSYoungGen: 125485K->85854K(175104K)] 263027K->241936K(699392K), 0.0118591 secs] [Times: user=0.16 sys=0.00, real=0.01 secs] 
2016-09-24T00:31:32.813-0400: 61.544: [GC (GCLocker Initiated GC) [PSYoungGen: 173918K->85658K(175104K)] 336134K->290722K(699392K), 0.0135306 secs] [Times: user=0.21 sys=0.00, real=0.02 secs] 
2016-09-24T00:31:32.914-0400: 61.645: [GC (GCLocker Initiated GC) [PSYoungGen: 173722K->73576K(175104K)] 378906K->345729K(699392K), 0.0157154 secs] [Times: user=0.19 sys=0.01, real=0.02 secs] 
2016-09-24T00:31:33.045-0400: 61.777: [GC (Allocation Failure) [PSYoungGen: 161640K->42977K(175104K)] 440123K->358145K(699392K), 0.0107424 secs] [Times: user=0.06 sys=0.00, real=0.01 secs] 
2016-09-24T00:31:33.180-0400: 61.911: [GC (GCLocker Initiated GC) [PSYoungGen: 127906K->43169K(175104K)] 449149K->413124K(699392K), 0.0150317 secs] [Times: user=0.15 sys=0.00, real=0.02 secs] 
2016-09-24T00:31:33.288-0400: 62.019: [GC (GCLocker Initiated GC) [PSYoungGen: 131233K->85954K(175104K)] 501494K->456350K(699392K), 0.0082605 secs] [Times: user=0.08 sys=0.00, real=0.01 secs] 
2016-09-24T00:31:33.429-0400: 62.160: [GC (GCLocker Initiated GC) [PSYoungGen: 174018K->85822K(175104K)] 550638K->505406K(699392K), 0.0110338 secs] [Times: user=0.12 sys=0.00, real=0.01 secs] 
2016-09-24T00:31:33.540-0400: 62.272: [GC (GCLocker Initiated GC) [PSYoungGen: 173886K->61494K(175104K)] 593518K->517688K(699392K), 0.0090718 secs] [Times: user=0.08 sys=0.00, real=0.01 secs] 
2016-09-24T00:31:33.549-0400: 62.281: [Full GC (Ergonomics) [PSYoungGen: 61494K->0K(175104K)] [ParOldGen: 456194K->45691K(524288K)] 517688K->45691K(699392K), [Metaspace: 44211K->44211K(1087488K)], 0.0484422 secs] [Times: user=0.25 sys=0.00, real=0.05 secs] 
2016-09-24T00:31:33.703-0400: 62.434: [GC (GCLocker Initiated GC) [PSYoungGen: 88064K->73832K(175104K)] 133930K->119698K(699392K), 0.0137222 secs] [Times: user=0.17 sys=0.00, real=0.01 secs] 
2016-09-24T00:31:33.872-0400: 62.604: [GC (Allocation Failure) [PSYoungGen: 161896K->37126K(175104K)] 208264K->102414K(699392K), 0.0067795 secs] [Times: user=0.05 sys=0.00, real=0.01 secs] 
2016-09-24T00:31:34.003-0400: 62.734: [GC (GCLocker Initiated GC) [PSYoungGen: 120445K->61134K(175104K)] 191809K->132757K(699392K), 0.0242239 secs] [Times: user=0.24 sys=0.00, real=0.02 secs] 
2016-09-24T00:31:34.136-0400: 62.868: [GC (GCLocker Initiated GC) [PSYoungGen: 149198K->61526K(175104K)] 220936K->169833K(699392K), 0.0121050 secs] [Times: user=0.12 sys=0.00, real=0.01 secs] 
2016-09-24T00:31:34.247-0400: 62.978: [GC (GCLocker Initiated GC) [PSYoungGen: 149590K->73772K(175104K)] 270335K->255879K(699392K), 0.0310338 secs] [Times: user=0.34 sys=0.01, real=0.03 secs] 
2016-09-24T00:31:34.388-0400: 63.120: [GC (GCLocker Initiated GC) [PSYoungGen: 161836K->73608K(175104K)] 344074K->292628K(699392K), 0.0117004 secs] [Times: user=0.14 sys=0.01, real=0.01 secs] 
2016-09-24T00:31:34.486-0400: 63.217: [GC (Allocation Failure) [PSYoungGen: 161672K->85922K(175104K)] 380918K->347845K(699392K), 0.0100578 secs] [Times: user=0.10 sys=0.00, real=0.01 secs] 
2016-09-24T00:31:34.613-0400: 63.345: [GC (GCLocker Initiated GC) [PSYoungGen: 173986K->79455K(175104K)] 435914K->384348K(699392K), 0.0324439 secs] [Times: user=0.30 sys=0.00, real=0.04 secs] 
2016-09-24T00:31:34.760-0400: 63.491: [GC (GCLocker Initiated GC) [PSYoungGen: 167519K->67341K(175104K)] 472588K->390723K(699392K), 0.0117366 secs] [Times: user=0.09 sys=0.00, real=0.01 secs] 
2016-09-24T00:31:34.885-0400: 63.616: [GC (GCLocker Initiated GC) [PSYoungGen: 155405K->79555K(175104K)] 478829K->476155K(699392K), 0.0225261 secs] [Times: user=0.21 sys=0.00, real=0.02 secs] 
2016-09-24T00:31:35.011-0400: 63.743: [GC (GCLocker Initiated GC) [PSYoungGen: 167619K->61430K(175104K)] 564243K->476523K(699392K), 0.0180625 secs] [Times: user=0.16 sys=0.01, real=0.02 secs] 
2016-09-24T00:31:35.177-0400: 63.909: [GC (GCLocker Initiated GC) [PSYoungGen: 149494K->30663K(175104K)] 570799K->494752K(699392K), 0.0501886 secs] [Times: user=0.44 sys=0.00, real=0.05 secs] 
2016-09-24T00:31:35.228-0400: 63.959: [Full GC (Ergonomics) [PSYoungGen: 30663K->0K(175104K)] [ParOldGen: 464089K->39521K(524288K)] 494752K->39521K(699392K), [Metaspace: 44213K->44213K(1087488K)], 0.0617621 secs] [Times: user=0.37 sys=0.01, real=0.06 secs] 
2016-09-24T00:31:35.398-0400: 64.130: [GC (GCLocker Initiated GC) [PSYoungGen: 88064K->85982K(175104K)] 127929K->131922K(699392K), 0.0153325 secs] [Times: user=0.18 sys=0.00, real=0.01 secs] 
2016-09-24T00:31:35.515-0400: 64.246: [GC (GCLocker Initiated GC) [PSYoungGen: 174046K->73412K(175104K)] 220151K->144357K(699392K), 0.0219265 secs] [Times: user=0.24 sys=0.00, real=0.02 secs] 
2016-09-24T00:31:35.625-0400: 64.357: [GC (GCLocker Initiated GC) [PSYoungGen: 161476K->86150K(175104K)] 232658K->193933K(699392K), 0.0109114 secs] [Times: user=0.15 sys=0.00, real=0.01 secs] 
2016-09-24T00:31:35.749-0400: 64.481: [GC (Allocation Failure) [PSYoungGen: 174214K->61394K(175104K)] 288103K->181773K(699392K), 0.0103508 secs] [Times: user=0.12 sys=0.00, real=0.01 secs] 
2016-09-24T00:31:35.885-0400: 64.617: [GC (GCLocker Initiated GC) [PSYoungGen: 143590K->55155K(175104K)] 270044K->224270K(699392K), 0.0100253 secs] [Times: user=0.08 sys=0.01, real=0.01 secs] 
2016-09-24T00:31:36.060-0400: 64.792: [GC (GCLocker Initiated GC) [PSYoungGen: 143219K->79519K(175104K)] 312382K->260959K(699392K), 0.0109046 secs] [Times: user=0.13 sys=0.00, real=0.01 secs] 
2016-09-24T00:31:36.204-0400: 64.935: [GC (GCLocker Initiated GC) [PSYoungGen: 167583K->37094K(175104K)] 373645K->297942K(699392K), 0.0109517 secs] [Times: user=0.13 sys=0.00, real=0.01 secs] 
2016-09-24T00:31:36.318-0400: 65.049: [GC (Allocation Failure) [PSYoungGen: 125158K->55551K(175104K)] 386095K->316600K(699392K), 0.0220345 secs] [Times: user=0.23 sys=0.00, real=0.02 secs] 
2016-09-24T00:31:36.438-0400: 65.169: [GC (GCLocker Initiated GC) [PSYoungGen: 143615K->73676K(175104K)] 404665K->371599K(699392K), 0.0294815 secs] [Times: user=0.26 sys=0.00, real=0.03 secs] 
2016-09-24T00:31:36.563-0400: 65.295: [GC (GCLocker Initiated GC) [PSYoungGen: 161740K->55287K(175104K)] 459705K->389978K(699392K), 0.0111723 secs] [Times: user=0.11 sys=0.00, real=0.01 secs] 
2016-09-24T00:31:36.677-0400: 65.408: [GC (GCLocker Initiated GC) [PSYoungGen: 143351K->85630K(175104K)] 478201K->450975K(699392K), 0.0116822 secs] [Times: user=0.11 sys=0.00, real=0.01 secs] 
2016-09-24T00:31:36.809-0400: 65.540: [GC (GCLocker Initiated GC) [PSYoungGen: 173694K->36966K(175104K)] 545414K->451478K(699392K), 0.0352906 secs] [Times: user=0.33 sys=0.00, real=0.04 secs] 
2016-09-24T00:31:36.944-0400: 65.675: [GC (Allocation Failure) [PSYoungGen: 125030K->73476K(175104K)] 539898K->488651K(699392K), 0.0263425 secs] [Times: user=0.26 sys=0.00, real=0.02 secs] 
2016-09-24T00:31:37.069-0400: 65.801: [GC (GCLocker Initiated GC) [PSYoungGen: 161540K->55419K(175104K)] 576721K->507169K(699392K), 0.0166642 secs] [Times: user=0.18 sys=0.01, real=0.02 secs] 
2016-09-24T00:31:37.086-0400: 65.818: [Full GC (Ergonomics) [PSYoungGen: 55419K->0K(175104K)] [ParOldGen: 451750K->51940K(524288K)] 507169K->51940K(699392K), [Metaspace: 44216K->44216K(1087488K)], 0.0454942 secs] [Times: user=0.18 sys=0.01, real=0.04 secs] 
2016-09-24T00:31:37.243-0400: 65.974: [GC (GCLocker Initiated GC) [PSYoungGen: 88064K->86078K(175104K)] 140365K->150529K(699392K), 0.0227322 secs] [Times: user=0.27 sys=0.00, real=0.02 secs] 
2016-09-24T00:31:37.382-0400: 66.113: [GC (Allocation Failure) [PSYoungGen: 174142K->55611K(175104K)] 244816K->163439K(699392K), 0.0126487 secs] [Times: user=0.17 sys=0.01, real=0.02 secs] 
2016-09-24T00:31:37.500-0400: 66.231: [GC (GCLocker Initiated GC) [PSYoungGen: 139372K->55415K(175104K)] 253275K->187818K(699392K), 0.0300366 secs] [Times: user=0.34 sys=0.00, real=0.03 secs] 
2016-09-24T00:31:37.660-0400: 66.391: [GC (GCLocker Initiated GC) [PSYoungGen: 143479K->55775K(175104K)] 288157K->200573K(699392K), 0.0072818 secs] [Times: user=0.10 sys=0.00, real=0.01 secs] 
2016-09-24T00:31:37.842-0400: 66.573: [GC (Allocation Failure) [PSYoungGen: 143839K->55547K(175104K)] 288808K->212957K(699392K), 0.0090835 secs] [Times: user=0.12 sys=0.01, real=0.01 secs] 
2016-09-24T00:31:37.963-0400: 66.695: [GC (GCLocker Initiated GC) [PSYoungGen: 139151K->55447K(175104K)] 302637K->237324K(699392K), 0.0103678 secs] [Times: user=0.16 sys=0.00, real=0.00 secs] 
2016-09-24T00:31:38.098-0400: 66.829: [GC (GCLocker Initiated GC) [PSYoungGen: 143511K->56102K(175104K)] 331831K->262783K(699392K), 0.0097355 secs] [Times: user=0.14 sys=0.00, real=0.01 secs] 
2016-09-24T00:31:38.238-0400: 66.969: [GC (GCLocker Initiated GC) [PSYoungGen: 144166K->55711K(175104K)] 357217K->269020K(699392K), 0.0130856 secs] [Times: user=0.15 sys=0.01, real=0.01 secs] 
2016-09-24T00:31:38.359-0400: 67.090: [GC (Allocation Failure) [PSYoungGen: 143775K->37389K(175104K)] 369528K->263434K(699392K), 0.0213337 secs] [Times: user=0.21 sys=0.00, real=0.02 secs] 
2016-09-24T00:31:38.482-0400: 67.214: [GC (GCLocker Initiated GC) [PSYoungGen: 125369K->79883K(175104K)] 357489K->318189K(699392K), 0.0138194 secs] [Times: user=0.11 sys=0.00, real=0.01 secs] 
2016-09-24T00:31:38.598-0400: 67.330: [GC (GCLocker Initiated GC) [PSYoungGen: 167947K->55319K(175104K)] 412582K->330761K(699392K), 0.0088571 secs] [Times: user=0.08 sys=0.01, real=0.01 secs] 
2016-09-24T00:31:38.704-0400: 67.435: [GC (GCLocker Initiated GC) [PSYoungGen: 143383K->55387K(175104K)] 418878K->330978K(699392K), 0.0232478 secs] [Times: user=0.24 sys=0.01, real=0.02 secs] 
2016-09-24T00:31:38.841-0400: 67.572: [GC (GCLocker Initiated GC) [PSYoungGen: 143451K->73544K(175104K)] 419230K->367855K(699392K), 0.0093355 secs] [Times: user=0.08 sys=0.00, real=0.01 secs] 
2016-09-24T00:31:38.962-0400: 67.693: [GC (GCLocker Initiated GC) [PSYoungGen: 161608K->61362K(175104K)] 455933K->398675K(699392K), 0.0252985 secs] [Times: user=0.31 sys=0.00, real=0.03 secs] 
2016-09-24T00:31:39.079-0400: 67.811: [GC (GCLocker Initiated GC) [PSYoungGen: 149426K->85822K(175104K)] 486770K->484216K(699392K), 0.0137151 secs] [Times: user=0.22 sys=0.00, real=0.01 secs] 
2016-09-24T00:31:39.209-0400: 67.941: [GC (GCLocker Initiated GC) [PSYoungGen: 173886K->73672K(175104K)] 578643K->496961K(699392K), 0.0118972 secs] [Times: user=0.14 sys=0.00, real=0.01 secs] 
2016-09-24T00:31:39.317-0400: 68.048: [GC (GCLocker Initiated GC) [PSYoungGen: 161736K->61326K(175104K)] 585168K->527574K(699392K), 0.0166801 secs] [Times: user=0.19 sys=0.00, real=0.01 secs] 
2016-09-24T00:31:39.334-0400: 68.065: [Full GC (Ergonomics) [PSYoungGen: 61326K->0K(175104K)] [ParOldGen: 466248K->52212K(524288K)] 527574K->52212K(699392K), [Metaspace: 44223K->44223K(1087488K)], 0.0523391 secs] [Times: user=0.34 sys=0.01, real=0.06 secs] 
2016-09-24T00:31:39.489-0400: 68.220: [GC (GCLocker Initiated GC) [PSYoungGen: 88064K->86530K(175104K)] 140318K->169159K(699392K), 0.0115414 secs] [Times: user=0.18 sys=0.00, real=0.01 secs] 
2016-09-24T00:31:39.636-0400: 68.367: [GC (Allocation Failure) [PSYoungGen: 174594K->24848K(175104K)] 257281K->169221K(699392K), 0.0156378 secs] [Times: user=0.16 sys=0.01, real=0.01 secs] 
2016-09-24T00:31:39.772-0400: 68.503: [GC (GCLocker Initiated GC) [PSYoungGen: 109151K->37130K(175104K)] 259599K->199995K(699392K), 0.0155299 secs] [Times: user=0.16 sys=0.02, real=0.02 secs] 
2016-09-24T00:31:39.875-0400: 68.607: [GC (GCLocker Initiated GC) [PSYoungGen: 125194K->73540K(175104K)] 288088K->267109K(699392K), 0.0199443 secs] [Times: user=0.24 sys=0.00, real=0.02 secs] 
2016-09-24T00:31:40.017-0400: 68.749: [GC (Allocation Failure) [PSYoungGen: 161604K->49699K(175104K)] 367521K->292242K(699392K), 0.0228189 secs] [Times: user=0.26 sys=0.00, real=0.02 secs] 
2016-09-24T00:31:40.131-0400: 68.862: [GC (GCLocker Initiated GC) [PSYoungGen: 137760K->85626K(175104K)] 380309K->335197K(699392K), 0.0096565 secs] [Times: user=0.09 sys=0.00, real=0.01 secs] 
2016-09-24T00:31:40.256-0400: 68.987: [GC (GCLocker Initiated GC) [PSYoungGen: 173690K->61362K(175104K)] 429523K->353740K(699392K), 0.0424008 secs] [Times: user=0.42 sys=0.00, real=0.04 secs] 
2016-09-24T00:31:40.426-0400: 69.157: [GC (GCLocker Initiated GC) [PSYoungGen: 149426K->43269K(175104K)] 448234K->360570K(699392K), 0.0222192 secs] [Times: user=0.25 sys=0.00, real=0.02 secs] 
2016-09-24T00:31:40.550-0400: 69.282: [GC (Allocation Failure) [PSYoungGen: 131333K->67533K(175104K)] 448782K->403522K(699392K), 0.0132704 secs] [Times: user=0.14 sys=0.00, real=0.02 secs] 
2016-09-24T00:31:40.652-0400: 69.383: [GC (GCLocker Initiated GC) [PSYoungGen: 155597K->73480K(175104K)] 491592K->421705K(699392K), 0.0231813 secs] [Times: user=0.28 sys=0.00, real=0.03 secs] 
2016-09-24T00:31:40.800-0400: 69.532: [GC (GCLocker Initiated GC) [PSYoungGen: 161544K->67665K(175104K)] 509867K->452737K(699392K), 0.0115621 secs] [Times: user=0.15 sys=0.00, real=0.01 secs] 
2016-09-24T00:31:40.901-0400: 69.632: [GC (GCLocker Initiated GC) [PSYoungGen: 155729K->61330K(175104K)] 540939K->483257K(699392K), 0.0206578 secs] [Times: user=0.21 sys=0.01, real=0.02 secs] 
2016-09-24T00:31:41.037-0400: 69.768: [GC (GCLocker Initiated GC) [PSYoungGen: 149394K->67405K(175104K)] 571605K->514199K(699392K), 0.0105433 secs] [Times: user=0.10 sys=0.00, real=0.01 secs] 
2016-09-24T00:31:41.141-0400: 69.873: [GC (GCLocker Initiated GC) [PSYoungGen: 155469K->73480K(175104K)] 602327K->545086K(699392K), 0.0227008 secs] [Times: user=0.26 sys=0.00, real=0.03 secs] 
2016-09-24T00:31:41.164-0400: 69.895: [Full GC (Ergonomics) [PSYoungGen: 73480K->0K(175104K)] [ParOldGen: 471606K->52404K(524288K)] 545086K->52404K(699392K), [Metaspace: 44243K->44243K(1087488K)], 0.0504184 secs] [Times: user=0.26 sys=0.01, real=0.05 secs] 
2016-09-24T00:31:41.317-0400: 70.049: [GC (GCLocker Initiated GC) [PSYoungGen: 88064K->86438K(175104K)] 140829K->163503K(699392K), 0.0157949 secs] [Times: user=0.24 sys=0.00, real=0.01 secs] 
2016-09-24T00:31:41.463-0400: 70.195: [GC (GCLocker Initiated GC) [PSYoungGen: 174502K->49372K(175104K)] 263842K->194131K(699392K), 0.0106054 secs] [Times: user=0.13 sys=0.00, real=0.00 secs] 
2016-09-24T00:31:41.602-0400: 70.333: [GC (GCLocker Initiated GC) [PSYoungGen: 137436K->37130K(175104K)] 294515K->224688K(699392K), 0.0092637 secs] [Times: user=0.09 sys=0.00, real=0.01 secs] 
2016-09-24T00:31:41.719-0400: 70.451: [GC (GCLocker Initiated GC) [PSYoungGen: 125194K->85822K(175104K)] 312950K->298186K(699392K), 0.0097768 secs] [Times: user=0.12 sys=0.01, real=0.01 secs] 
2016-09-24T00:31:41.854-0400: 70.585: [GC (GCLocker Initiated GC) [PSYoungGen: 173886K->79587K(175104K)] 386383K->353125K(699392K), 0.0258778 secs] [Times: user=0.29 sys=0.00, real=0.03 secs] 
2016-09-24T00:31:41.993-0400: 70.724: [GC (GCLocker Initiated GC) [PSYoungGen: 167651K->49048K(175104K)] 447435K->383799K(699392K), 0.0103976 secs] [Times: user=0.10 sys=0.00, real=0.02 secs] 
2016-09-24T00:31:42.112-0400: 70.844: [GC (GCLocker Initiated GC) [PSYoungGen: 137112K->73676K(175104K)] 472235K->439302K(699392K), 0.0106827 secs] [Times: user=0.10 sys=0.00, real=0.02 secs] 
2016-09-24T00:31:42.256-0400: 70.987: [GC (GCLocker Initiated GC) [PSYoungGen: 161740K->61198K(175104K)] 533596K->451539K(699392K), 0.0295285 secs] [Times: user=0.33 sys=0.01, real=0.03 secs] 
2016-09-24T00:31:42.394-0400: 71.126: [GC (GCLocker Initiated GC) [PSYoungGen: 149262K->61462K(175104K)] 539645K->464082K(699392K), 0.0221786 secs] [Times: user=0.20 sys=0.00, real=0.02 secs] 
2016-09-24T00:31:42.552-0400: 71.283: [GC (GCLocker Initiated GC) [PSYoungGen: 149526K->37386K(175104K)] 570394K->531470K(699392K), 0.0118210 secs] [Times: user=0.18 sys=0.00, real=0.02 secs] 
2016-09-24T00:31:42.564-0400: 71.295: [Full GC (Ergonomics) [PSYoungGen: 37386K->0K(175104K)] [ParOldGen: 494084K->51980K(524288K)] 531470K->51980K(699392K), [Metaspace: 44248K->44248K(1087488K)], 0.0510200 secs] [Times: user=0.34 sys=0.01, real=0.05 secs] 
2016-09-24T00:31:42.744-0400: 71.476: [GC (GCLocker Initiated GC) [PSYoungGen: 88064K->73672K(175104K)] 140338K->125946K(699392K), 0.0113770 secs] [Times: user=0.11 sys=0.00, real=0.01 secs] 
2016-09-24T00:31:42.864-0400: 71.595: [GC (GCLocker Initiated GC) [PSYoungGen: 161736K->74000K(175104K)] 214282K->163288K(699392K), 0.0317007 secs] [Times: user=0.34 sys=0.01, real=0.03 secs] 
2016-09-24T00:31:43.015-0400: 71.747: [GC (GCLocker Initiated GC) [PSYoungGen: 162064K->55743K(175104K)] 263576K->175771K(699392K), 0.0103595 secs] [Times: user=0.10 sys=0.01, real=0.01 secs] 
2016-09-24T00:31:43.127-0400: 71.859: [GC (GCLocker Initiated GC) [PSYoungGen: 143807K->55287K(175104K)] 264106K->193931K(699392K), 0.0085397 secs] [Times: user=0.07 sys=0.00, real=0.01 secs] 
2016-09-24T00:31:43.242-0400: 71.974: [GC (Allocation Failure) [PSYoungGen: 143351K->86022K(175104K)] 282345K->255682K(699392K), 0.0152621 secs] [Times: user=0.18 sys=0.00, real=0.01 secs] 
2016-09-24T00:31:43.364-0400: 72.096: [GC (GCLocker Initiated GC) [PSYoungGen: 174086K->43073K(175104K)] 343752K->237290K(699392K), 0.0081691 secs] [Times: user=0.06 sys=0.00, real=0.00 secs] 
2016-09-24T00:31:43.484-0400: 72.215: [GC (GCLocker Initiated GC) [PSYoungGen: 131137K->85794K(175104K)] 325587K->286579K(699392K), 0.0241184 secs] [Times: user=0.24 sys=0.00, real=0.02 secs] 
2016-09-24T00:31:43.622-0400: 72.353: [GC (GCLocker Initiated GC) [PSYoungGen: 173858K->85854K(175104K)] 374679K->323604K(699392K), 0.0126215 secs] [Times: user=0.18 sys=0.01, real=0.02 secs] 
2016-09-24T00:31:43.741-0400: 72.473: [GC (Allocation Failure) [PSYoungGen: 173918K->55611K(175104K)] 417998K->342360K(699392K), 0.0131057 secs] [Times: user=0.16 sys=0.00, real=0.02 secs] 
2016-09-24T00:31:43.871-0400: 72.602: [GC (GCLocker Initiated GC) [PSYoungGen: 143675K->73672K(175104K)] 430429K->378983K(699392K), 0.0202110 secs] [Times: user=0.28 sys=0.01, real=0.02 secs] 
2016-09-24T00:31:44.011-0400: 72.742: [GC (GCLocker Initiated GC) [PSYoungGen: 161736K->73740K(175104K)] 473455K->385586K(699392K), 0.0102665 secs] [Times: user=0.11 sys=0.00, real=0.01 secs] 
2016-09-24T00:31:44.152-0400: 72.883: [GC (GCLocker Initiated GC) [PSYoungGen: 161804K->55415K(175104K)] 473972K->404496K(699392K), 0.0123563 secs] [Times: user=0.13 sys=0.00, real=0.02 secs] 
2016-09-24T00:31:44.276-0400: 73.007: [GC (GCLocker Initiated GC) [PSYoungGen: 143479K->85726K(175104K)] 492708K->453276K(699392K), 0.0129230 secs] [Times: user=0.13 sys=0.00, real=0.01 secs] 
2016-09-24T00:31:44.398-0400: 73.130: [GC (Allocation Failure) [PSYoungGen: 173790K->49703K(175104K)] 541376K->472084K(699392K), 0.0291179 secs] [Times: user=0.32 sys=0.00, real=0.03 secs] 
2016-09-24T00:31:44.517-0400: 73.248: [GC (GCLocker Initiated GC) [PSYoungGen: 134568K->55351K(175104K)] 563024K->551259K(699392K), 0.0139806 secs] [Times: user=0.13 sys=0.01, real=0.01 secs] 
2016-09-24T00:31:44.531-0400: 73.262: [Full GC (Ergonomics) [PSYoungGen: 55351K->0K(175104K)] [ParOldGen: 495908K->58883K(524288K)] 551259K->58883K(699392K), [Metaspace: 44318K->44318K(1087488K)], 0.0534671 secs] [Times: user=0.38 sys=0.01, real=0.06 secs] 
2016-09-24T00:31:44.677-0400: 73.409: [GC (GCLocker Initiated GC) [PSYoungGen: 88064K->86438K(175104K)] 147218K->169892K(699392K), 0.0117236 secs] [Times: user=0.16 sys=0.01, real=0.01 secs] 
2016-09-24T00:31:44.793-0400: 73.525: [GC (Allocation Failure) [PSYoungGen: 174502K->80043K(175104K)] 264375K->206946K(699392K), 0.0149299 secs] [Times: user=0.17 sys=0.00, real=0.02 secs] 
2016-09-24T00:31:44.923-0400: 73.654: [GC (GCLocker Initiated GC) [PSYoungGen: 168107K->55415K(175104K)] 295015K->237494K(699392K), 0.0110468 secs] [Times: user=0.15 sys=0.01, real=0.00 secs] 
2016-09-24T00:31:45.050-0400: 73.781: [GC (Allocation Failure) [PSYoungGen: 143479K->67405K(175104K)] 325695K->267917K(699392K), 0.0336330 secs] [Times: user=0.32 sys=0.00, real=0.04 secs] 
2016-09-24T00:31:45.203-0400: 73.934: [GC (GCLocker Initiated GC) [PSYoungGen: 155342K->61654K(175104K)] 361930K->310886K(699392K), 0.0181363 secs] [Times: user=0.20 sys=0.00, real=0.01 secs] 
2016-09-24T00:31:45.337-0400: 74.068: [GC (GCLocker Initiated GC) [PSYoungGen: 149718K->55191K(175104K)] 411281K->317006K(699392K), 0.0068331 secs] [Times: user=0.05 sys=0.00, real=0.01 secs] 
2016-09-24T00:31:45.480-0400: 74.211: [GC (Allocation Failure) [PSYoungGen: 143255K->73704K(175104K)] 405414K->372456K(699392K), 0.0152814 secs] [Times: user=0.19 sys=0.01, real=0.02 secs] 
2016-09-24T00:31:45.621-0400: 74.352: [GC (GCLocker Initiated GC) [PSYoungGen: 161764K->73480K(175104K)] 460523K->390566K(699392K), 0.0129386 secs] [Times: user=0.12 sys=0.00, real=0.01 secs] 
2016-09-24T00:31:45.735-0400: 74.467: [GC (GCLocker Initiated GC) [PSYoungGen: 161544K->79879K(175104K)] 478975K->427797K(699392K), 0.0245524 secs] [Times: user=0.28 sys=0.00, real=0.02 secs] 
2016-09-24T00:31:45.860-0400: 74.591: [GC (GCLocker Initiated GC) [PSYoungGen: 167943K->36966K(175104K)] 522286K->440169K(699392K), 0.0279070 secs] [Times: user=0.28 sys=0.01, real=0.03 secs] 
2016-09-24T00:31:46.015-0400: 74.747: [GC (GCLocker Initiated GC) [PSYoungGen: 125030K->49116K(175104K)] 540497K->464850K(699392K), 0.0203924 secs] [Times: user=0.21 sys=0.01, real=0.02 secs] 
2016-09-24T00:31:46.152-0400: 74.884: [GC (GCLocker Initiated GC) [PSYoungGen: 137180K->55355K(175104K)] 559234K->514118K(699392K), 0.0146284 secs] [Times: user=0.14 sys=0.00, real=0.02 secs] 
2016-09-24T00:31:46.167-0400: 74.898: [Full GC (Ergonomics) [PSYoungGen: 55355K->0K(175104K)] [ParOldGen: 458763K->46258K(524288K)] 514118K->46258K(699392K), [Metaspace: 44321K->44321K(1087488K)], 0.0625328 secs] [Times: user=0.38 sys=0.01, real=0.06 secs] 
2016-09-24T00:31:46.338-0400: 75.069: [GC (GCLocker Initiated GC) [PSYoungGen: 88064K->85658K(175104K)] 134419K->132022K(699392K), 0.0144442 secs] [Times: user=0.17 sys=0.00, real=0.01 secs] 
2016-09-24T00:31:46.444-0400: 75.176: [GC (GCLocker Initiated GC) [PSYoungGen: 173722K->79847K(175104K)] 220295K->175164K(699392K), 0.0119940 secs] [Times: user=0.14 sys=0.00, real=0.01 secs] 
2016-09-24T00:31:46.570-0400: 75.302: [GC (GCLocker Initiated GC) [PSYoungGen: 167911K->43269K(175104K)] 263326K->193994K(699392K), 0.0095361 secs] [Times: user=0.09 sys=0.00, real=0.01 secs] 
2016-09-24T00:31:46.708-0400: 75.439: [GC (GCLocker Initiated GC) [PSYoungGen: 131333K->55287K(175104K)] 294524K->261443K(699392K), 0.0240427 secs] [Times: user=0.26 sys=0.00, real=0.02 secs] 
2016-09-24T00:31:46.860-0400: 75.591: [GC (GCLocker Initiated GC) [PSYoungGen: 143351K->61362K(175104K)] 355607K->273933K(699392K), 0.0109965 secs] [Times: user=0.14 sys=0.01, real=0.01 secs] 
2016-09-24T00:31:47.016-0400: 75.747: [GC (GCLocker Initiated GC) [PSYoungGen: 149426K->25075K(175104K)] 380538K->292890K(699392K), 0.0192484 secs] [Times: user=0.15 sys=0.00, real=0.02 secs] 
2016-09-24T00:31:47.159-0400: 75.890: [GC (Allocation Failure) [PSYoungGen: 113139K->911K(175104K)] 399349K->287356K(699392K), 0.0110565 secs] [Times: user=0.10 sys=0.00, real=0.01 secs] 
2016-09-24T00:31:47.275-0400: 76.007: [GC (GCLocker Initiated GC) [PSYoungGen: 83979K->55255K(175104K)] 376498K->348057K(699392K), 0.0162127 secs] [Times: user=0.15 sys=0.00, real=0.01 secs] 
2016-09-24T00:31:47.417-0400: 76.149: [GC (GCLocker Initiated GC) [PSYoungGen: 143319K->55583K(175104K)] 448621K->360996K(699392K), 0.0212520 secs] [Times: user=0.21 sys=0.00, real=0.02 secs] 
2016-09-24T00:31:47.586-0400: 76.318: [GC (GCLocker Initiated GC) [PSYoungGen: 143647K->1331K(175104K)] 467456K->325424K(699392K), 0.0059556 secs] [Times: user=0.08 sys=0.00, real=0.00 secs] 
2016-09-24T00:31:47.699-0400: 76.431: [GC (GCLocker Initiated GC) [PSYoungGen: 89395K->36898K(175104K)] 420504K->368289K(699392K), 0.0063699 secs] [Times: user=0.07 sys=0.00, real=0.01 secs] 
2016-09-24T00:31:47.821-0400: 76.553: [GC (Allocation Failure) [PSYoungGen: 124962K->85790K(175104K)] 456575K->435779K(699392K), 0.0172779 secs] [Times: user=0.22 sys=0.01, real=0.02 secs] 
2016-09-24T00:31:47.839-0400: 76.570: [GC (GCLocker Initiated GC) [PSYoungGen: 86017K->64K(175104K)] 436007K->459790K(699392K), 0.0113451 secs] [Times: user=0.17 sys=0.00, real=0.01 secs] 
2016-09-24T00:31:47.850-0400: 76.582: [Full GC (Ergonomics) [PSYoungGen: 64K->0K(175104K)] [ParOldGen: 459726K->52243K(524288K)] 459790K->52243K(699392K), [Metaspace: 44329K->44329K(1087488K)], 0.0521771 secs] [Times: user=0.39 sys=0.01, real=0.06 secs] 
2016-09-24T00:31:48.004-0400: 76.736: [GC (GCLocker Initiated GC) [PSYoungGen: 88064K->86630K(175104K)] 140319K->157110K(699392K), 0.0129414 secs] [Times: user=0.19 sys=0.00, real=0.01 secs] 
2016-09-24T00:31:48.119-0400: 76.850: [GC (GCLocker Initiated GC) [PSYoungGen: 174694K->85790K(175104K)] 245362K->194063K(699392K), 0.0114222 secs] [Times: user=0.15 sys=0.00, real=0.01 secs] 
2016-09-24T00:31:48.245-0400: 76.976: [GC (GCLocker Initiated GC) [PSYoungGen: 173854K->85694K(175104K)] 288267K->236817K(699392K), 0.0104836 secs] [Times: user=0.11 sys=0.00, real=0.01 secs] 
2016-09-24T00:31:48.403-0400: 77.135: [GC (GCLocker Initiated GC) [PSYoungGen: 173758K->43205K(175104K)] 337207K->255521K(699392K), 0.0269388 secs] [Times: user=0.22 sys=0.00, real=0.02 secs] 
2016-09-24T00:31:48.545-0400: 77.276: [GC (GCLocker Initiated GC) [PSYoungGen: 131269K->73576K(175104K)] 343638K->304453K(699392K), 0.0169592 secs] [Times: user=0.17 sys=0.00, real=0.01 secs] 
2016-09-24T00:31:48.671-0400: 77.402: [GC (GCLocker Initiated GC) [PSYoungGen: 161640K->49084K(175104K)] 392716K->340989K(699392K), 0.0326420 secs] [Times: user=0.30 sys=0.00, real=0.04 secs] 
2016-09-24T00:31:48.822-0400: 77.554: [GC (Allocation Failure) [PSYoungGen: 137145K->85986K(175104K)] 429407K->384613K(699392K), 0.0281816 secs] [Times: user=0.31 sys=0.00, real=0.02 secs] 
2016-09-24T00:31:48.973-0400: 77.705: [GC (GCLocker Initiated GC) [PSYoungGen: 174050K->43105K(175104K)] 472683K->378479K(699392K), 0.0097996 secs] [Times: user=0.09 sys=0.00, real=0.02 secs] 
2016-09-24T00:31:49.092-0400: 77.823: [GC (GCLocker Initiated GC) [PSYoungGen: 131169K->55415K(175104K)] 472789K->451838K(699392K), 0.0165592 secs] [Times: user=0.20 sys=0.00, real=0.02 secs] 
2016-09-24T00:31:49.249-0400: 77.981: [GC (GCLocker Initiated GC) [PSYoungGen: 143479K->85826K(175104K)] 540067K->500758K(699392K), 0.0235669 secs] [Times: user=0.28 sys=0.00, real=0.02 secs] 
2016-09-24T00:31:49.379-0400: 78.111: [GC (GCLocker Initiated GC) [PSYoungGen: 173890K->49536K(175104K)] 589021K->526029K(699392K), 0.0132354 secs] [Times: user=0.18 sys=0.00, real=0.01 secs] 
2016-09-24T00:31:49.394-0400: 78.125: [Full GC (Ergonomics) [PSYoungGen: 49536K->0K(175104K)] [ParOldGen: 476493K->46883K(524288K)] 526029K->46883K(699392K), [Metaspace: 44329K->44329K(1087488K)], 0.0544990 secs] [Times: user=0.41 sys=0.00, real=0.06 secs] 
2016-09-24T00:31:49.554-0400: 78.286: [GC (GCLocker Initiated GC) [PSYoungGen: 88064K->67277K(175104K)] 135124K->114337K(699392K), 0.0121675 secs] [Times: user=0.09 sys=0.00, real=0.01 secs] 
2016-09-24T00:31:49.683-0400: 78.414: [GC (GCLocker Initiated GC) [PSYoungGen: 155341K->61458K(175104K)] 202640K->145647K(699392K), 0.0327900 secs] [Times: user=0.40 sys=0.00, real=0.03 secs] 
2016-09-24T00:31:49.835-0400: 78.567: [GC (Allocation Failure) [PSYoungGen: 149522K->73672K(175104K)] 233836K->176355K(699392K), 0.0243284 secs] [Times: user=0.30 sys=0.00, real=0.02 secs] 
2016-09-24T00:31:49.961-0400: 78.692: [GC (GCLocker Initiated GC) [PSYoungGen: 161736K->73836K(175104K)] 264425K->231531K(699392K), 0.0183609 secs] [Times: user=0.22 sys=0.00, real=0.02 secs] 
2016-09-24T00:31:50.085-0400: 78.817: [GC (GCLocker Initiated GC) [PSYoungGen: 161900K->79651K(175104K)] 319632K->262106K(699392K), 0.0194987 secs] [Times: user=0.21 sys=0.00, real=0.02 secs] 
2016-09-24T00:31:50.223-0400: 78.954: [GC (GCLocker Initiated GC) [PSYoungGen: 167715K->73836K(175104K)] 350492K->305325K(699392K), 0.0180481 secs] [Times: user=0.20 sys=0.00, real=0.01 secs] 
2016-09-24T00:31:50.387-0400: 79.118: [GC (Allocation Failure) [PSYoungGen: 161900K->67597K(175104K)] 393486K->317748K(699392K), 0.0085887 secs] [Times: user=0.11 sys=0.01, real=0.01 secs] 
2016-09-24T00:31:50.503-0400: 79.235: [GC (GCLocker Initiated GC) [PSYoungGen: 155661K->61230K(175104K)] 405817K->342037K(699392K), 0.0117098 secs] [Times: user=0.12 sys=0.00, real=0.01 secs] 
2016-09-24T00:31:50.640-0400: 79.371: [GC (GCLocker Initiated GC) [PSYoungGen: 149294K->73740K(175104K)] 430355K->354913K(699392K), 0.0276005 secs] [Times: user=0.34 sys=0.00, real=0.03 secs] 
2016-09-24T00:31:50.781-0400: 79.513: [GC (GCLocker Initiated GC) [PSYoungGen: 161804K->73804K(175104K)] 449105K->397886K(699392K), 0.0105082 secs] [Times: user=0.16 sys=0.00, real=0.01 secs] 
2016-09-24T00:31:50.878-0400: 79.609: [GC (GCLocker Initiated GC) [PSYoungGen: 161868K->79783K(175104K)] 486104K->410205K(699392K), 0.0111482 secs] [Times: user=0.09 sys=0.00, real=0.01 secs] 
2016-09-24T00:31:51.010-0400: 79.741: [GC (GCLocker Initiated GC) [PSYoungGen: 167847K->79751K(175104K)] 510467K->441051K(699392K), 0.0182650 secs] [Times: user=0.21 sys=0.01, real=0.02 secs] 
2016-09-24T00:31:51.120-0400: 79.852: [GC (GCLocker Initiated GC) [PSYoungGen: 167815K->73640K(175104K)] 529476K->478142K(699392K), 0.0120417 secs] [Times: user=0.11 sys=0.00, real=0.01 secs] 
2016-09-24T00:31:51.254-0400: 79.986: [GC (GCLocker Initiated GC) [PSYoungGen: 161704K->79783K(175104K)] 572373K->508928K(699392K), 0.0145708 secs] [Times: user=0.12 sys=0.00, real=0.01 secs] 
2016-09-24T00:31:51.404-0400: 80.136: [GC (GCLocker Initiated GC) [PSYoungGen: 167847K->43105K(175104K)] 609374K->527597K(699392K), 0.0105953 secs] [Times: user=0.10 sys=0.00, real=0.01 secs] 
2016-09-24T00:31:51.415-0400: 80.147: [Full GC (Ergonomics) [PSYoungGen: 43105K->0K(175104K)] [ParOldGen: 484492K->52517K(524288K)] 527597K->52517K(699392K), [Metaspace: 44329K->44329K(1087488K)], 0.0577622 secs] [Times: user=0.45 sys=0.01, real=0.05 secs] 
2016-09-24T00:31:51.611-0400: 80.342: [GC (GCLocker Initiated GC) [PSYoungGen: 88064K->79979K(175104K)] 153036K->144951K(699392K), 0.0165084 secs] [Times: user=0.16 sys=0.01, real=0.02 secs] 
2016-09-24T00:31:51.733-0400: 80.465: [GC (GCLocker Initiated GC) [PSYoungGen: 168043K->43265K(175104K)] 239750K->188180K(699392K), 0.0214725 secs] [Times: user=0.28 sys=0.01, real=0.03 secs] 
2016-09-24T00:31:51.866-0400: 80.598: [GC (GCLocker Initiated GC) [PSYoungGen: 131329K->73608K(175104K)] 276302K->261250K(699392K), 0.0127143 secs] [Times: user=0.12 sys=0.00, real=0.01 secs] 
2016-09-24T00:31:52.028-0400: 80.760: [GC (Allocation Failure) [PSYoungGen: 161672K->61166K(175104K)] 355419K->273413K(699392K), 0.0241585 secs] [Times: user=0.25 sys=0.01, real=0.02 secs] 
2016-09-24T00:31:52.152-0400: 80.883: [GC (GCLocker Initiated GC) [PSYoungGen: 149230K->61262K(175104K)] 361483K->304041K(699392K), 0.0267801 secs] [Times: user=0.31 sys=0.00, real=0.03 secs] 
2016-09-24T00:31:52.292-0400: 81.024: [GC (GCLocker Initiated GC) [PSYoungGen: 149326K->79943K(175104K)] 392371K->359605K(699392K), 0.0105547 secs] [Times: user=0.14 sys=0.01, real=0.02 secs] 
2016-09-24T00:31:52.453-0400: 81.185: [GC (GCLocker Initiated GC) [PSYoungGen: 168007K->73508K(175104K)] 447671K->371705K(699392K), 0.0114849 secs] [Times: user=0.12 sys=0.00, real=0.02 secs] 
2016-09-24T00:31:52.607-0400: 81.338: [GC (Allocation Failure) [PSYoungGen: 161572K->73608K(175104K)] 471961K->384116K(699392K), 0.0205047 secs] [Times: user=0.25 sys=0.00, real=0.02 secs] 
2016-09-24T00:31:52.745-0400: 81.476: [GC (GCLocker Initiated GC) [PSYoungGen: 161429K->37066K(175104K)] 478013K->384104K(699392K), 0.0083511 secs] [Times: user=0.06 sys=0.00, real=0.00 secs] 
2016-09-24T00:31:52.870-0400: 81.601: [GC (GCLocker Initiated GC) [PSYoungGen: 125130K->73640K(175104K)] 484438K->469698K(699392K), 0.0180556 secs] [Times: user=0.21 sys=0.00, real=0.02 secs] 
2016-09-24T00:31:53.015-0400: 81.746: [GC (GCLocker Initiated GC) [PSYoungGen: 161704K->55551K(175104K)] 564008K->457950K(699392K), 0.0212680 secs] [Times: user=0.19 sys=0.00, real=0.02 secs] 
2016-09-24T00:31:53.146-0400: 81.877: [GC (GCLocker Initiated GC) [PSYoungGen: 143615K->74036K(175104K)] 546375K->477063K(699392K), 0.0128045 secs] [Times: user=0.15 sys=0.00, real=0.01 secs] 
2016-09-24T00:31:53.281-0400: 82.012: [GC (GCLocker Initiated GC) [PSYoungGen: 162100K->36966K(175104K)] 571490K->489305K(699392K), 0.0226918 secs] [Times: user=0.22 sys=0.01, real=0.03 secs] 
2016-09-24T00:31:53.304-0400: 82.035: [Full GC (Ergonomics) [PSYoungGen: 36966K->0K(175104K)] [ParOldGen: 452339K->59417K(524288K)] 489305K->59417K(699392K), [Metaspace: 44329K->44329K(1087488K)], 0.0662842 secs] [Times: user=0.45 sys=0.00, real=0.06 secs] 
2016-09-24T00:31:53.460-0400: 82.191: [GC (GCLocker Initiated GC) [PSYoungGen: 88064K->85690K(175104K)] 147702K->163553K(699392K), 0.0116700 secs] [Times: user=0.16 sys=0.00, real=0.01 secs] 
2016-09-24T00:31:53.586-0400: 82.318: [GC (Allocation Failure) [PSYoungGen: 173754K->55974K(175104K)] 257801K->158390K(699392K), 0.0108002 secs] [Times: user=0.12 sys=0.00, real=0.01 secs] 
2016-09-24T00:31:53.692-0400: 82.424: [GC (GCLocker Initiated GC) [PSYoungGen: 144038K->73640K(175104K)] 246460K->249785K(699392K), 0.0117357 secs] [Times: user=0.14 sys=0.00, real=0.02 secs] 
2016-09-24T00:31:53.808-0400: 82.539: [GC (GCLocker Initiated GC) [PSYoungGen: 161704K->85922K(175104K)] 338121K->299088K(699392K), 0.0274687 secs] [Times: user=0.30 sys=0.01, real=0.03 secs] 
2016-09-24T00:31:53.922-0400: 82.653: [GC (GCLocker Initiated GC) [PSYoungGen: 173986K->73544K(175104K)] 387205K->378327K(699392K), 0.0194153 secs] [Times: user=0.21 sys=0.00, real=0.02 secs] 
2016-09-24T00:31:54.039-0400: 82.770: [GC (GCLocker Initiated GC) [PSYoungGen: 161608K->73772K(175104K)] 466489K->451673K(699392K), 0.0177885 secs] [Times: user=0.21 sys=0.01, real=0.02 secs] 
2016-09-24T00:31:54.164-0400: 82.895: [GC (GCLocker Initiated GC) [PSYoungGen: 161836K->55515K(175104K)] 540042K->482621K(699392K), 0.0102978 secs] [Times: user=0.12 sys=0.00, real=0.00 secs] 
2016-09-24T00:31:54.174-0400: 82.905: [Full GC (Ergonomics) [PSYoungGen: 55515K->0K(175104K)] [ParOldGen: 427106K->40814K(524288K)] 482621K->40814K(699392K), [Metaspace: 44329K->44329K(1087488K)], 0.0399081 secs] [Times: user=0.25 sys=0.01, real=0.04 secs] 
2016-09-24T00:31:54.308-0400: 83.040: [GC (GCLocker Initiated GC) [PSYoungGen: 88063K->73316K(175104K)] 141165K->126417K(699392K), 0.0220537 secs] [Times: user=0.27 sys=0.00, real=0.02 secs] 
2016-09-24T00:31:54.437-0400: 83.168: [GC (GCLocker Initiated GC) [PSYoungGen: 161380K->85986K(175104K)] 214512K->193961K(699392K), 0.0108384 secs] [Times: user=0.14 sys=0.00, real=0.01 secs] 
2016-09-24T00:31:54.559-0400: 83.291: [GC (GCLocker Initiated GC) [PSYoungGen: 174050K->55387K(175104K)] 282178K->176268K(699392K), 0.0145845 secs] [Times: user=0.16 sys=0.00, real=0.01 secs] 
2016-09-24T00:31:54.692-0400: 83.424: [GC (GCLocker Initiated GC) [PSYoungGen: 143451K->85790K(175104K)] 264671K->231633K(699392K), 0.0148566 secs] [Times: user=0.18 sys=0.00, real=0.02 secs] 
2016-09-24T00:31:54.832-0400: 83.563: [GC (GCLocker Initiated GC) [PSYoungGen: 173854K->67829K(175104K)] 320003K->244464K(699392K), 0.0109320 secs] [Times: user=0.09 sys=0.00, real=0.02 secs] 
2016-09-24T00:31:54.962-0400: 83.693: [GC (GCLocker Initiated GC) [PSYoungGen: 155893K->61294K(175104K)] 332593K->286894K(699392K), 0.0177209 secs] [Times: user=0.18 sys=0.00, real=0.02 secs] 
2016-09-24T00:31:55.082-0400: 83.813: [GC (GCLocker Initiated GC) [PSYoungGen: 149358K->74100K(175104K)] 381092K->330261K(699392K), 0.0102454 secs] [Times: user=0.10 sys=0.00, real=0.01 secs] 
2016-09-24T00:31:55.210-0400: 83.941: [GC (GCLocker Initiated GC) [PSYoungGen: 162164K->67469K(175104K)] 418641K->361008K(699392K), 0.0181698 secs] [Times: user=0.20 sys=0.00, real=0.02 secs] 
2016-09-24T00:31:55.335-0400: 84.067: [GC (GCLocker Initiated GC) [PSYoungGen: 155533K->73836K(175104K)] 455424K->398146K(699392K), 0.0153034 secs] [Times: user=0.19 sys=0.01, real=0.01 secs] 
2016-09-24T00:31:55.466-0400: 84.197: [GC (GCLocker Initiated GC) [PSYoungGen: 161900K->85822K(175104K)] 486269K->441037K(699392K), 0.0145450 secs] [Times: user=0.19 sys=0.00, real=0.01 secs] 
2016-09-24T00:31:55.609-0400: 84.340: [GC (GCLocker Initiated GC) [PSYoungGen: 173886K->61654K(175104K)] 535454K->466055K(699392K), 0.0122562 secs] [Times: user=0.13 sys=0.00, real=0.01 secs] 
2016-09-24T00:31:55.736-0400: 84.468: [GC (Allocation Failure) [PSYoungGen: 149718K->67469K(175104K)] 554474K->508951K(699392K), 0.0115127 secs] [Times: user=0.12 sys=0.00, real=0.01 secs] 
2016-09-24T00:31:55.850-0400: 84.581: [GC (GCLocker Initiated GC) [PSYoungGen: 153720K->49248K(175104K)] 601277K->515273K(699392K), 0.0374305 secs] [Times: user=0.35 sys=0.00, real=0.04 secs] 
2016-09-24T00:31:55.888-0400: 84.619: [Full GC (Ergonomics) [PSYoungGen: 49248K->0K(175104K)] [ParOldGen: 466025K->52873K(524288K)] 515273K->52873K(699392K), [Metaspace: 44329K->44329K(1087488K)], 0.0564604 secs] [Times: user=0.27 sys=0.01, real=0.06 secs] 
2016-09-24T00:31:56.060-0400: 84.792: [GC (GCLocker Initiated GC) [PSYoungGen: 88064K->85854K(175104K)] 141135K->163225K(699392K), 0.0131226 secs] [Times: user=0.18 sys=0.01, real=0.01 secs] 
2016-09-24T00:31:56.190-0400: 84.922: [GC (GCLocker Initiated GC) [PSYoungGen: 173918K->55906K(175104K)] 251633K->170544K(699392K), 0.0091083 secs] [Times: user=0.12 sys=0.00, real=0.01 secs] 
2016-09-24T00:31:56.300-0400: 85.032: [GC (GCLocker Initiated GC) [PSYoungGen: 143970K->85626K(175104K)] 258656K->249235K(699392K), 0.0119914 secs] [Times: user=0.16 sys=0.01, real=0.01 secs] 
2016-09-24T00:31:56.455-0400: 85.186: [GC (GCLocker Initiated GC) [PSYoungGen: 173690K->73708K(175104K)] 343451K->304339K(699392K), 0.0262923 secs] [Times: user=0.29 sys=0.00, real=0.02 secs] 
2016-09-24T00:31:56.598-0400: 85.330: [GC (Allocation Failure) [PSYoungGen: 161772K->49048K(175104K)] 392612K->316966K(699392K), 0.0136371 secs] [Times: user=0.13 sys=0.00, real=0.01 secs] 
2016-09-24T00:31:56.709-0400: 85.441: [GC (GCLocker Initiated GC) [PSYoungGen: 137112K->86086K(175104K)] 405035K->384544K(699392K), 0.0245894 secs] [Times: user=0.30 sys=0.00, real=0.02 secs] 
2016-09-24T00:31:56.853-0400: 85.584: [GC (GCLocker Initiated GC) [PSYoungGen: 174150K->79619K(175104K)] 472683K->414894K(699392K), 0.0257774 secs] [Times: user=0.30 sys=0.00, real=0.03 secs] 
2016-09-24T00:31:56.991-0400: 85.722: [GC (GCLocker Initiated GC) [PSYoungGen: 167683K->73772K(175104K)] 503134K->464034K(699392K), 0.0182794 secs] [Times: user=0.21 sys=0.00, real=0.02 secs] 
2016-09-24T00:31:57.113-0400: 85.844: [GC (GCLocker Initiated GC) [PSYoungGen: 161836K->49144K(175104K)] 552315K->506953K(699392K), 0.0347086 secs] [Times: user=0.37 sys=0.01, real=0.04 secs] 
2016-09-24T00:31:57.148-0400: 85.879: [Full GC (Ergonomics) [PSYoungGen: 49144K->0K(175104K)] [ParOldGen: 457809K->65295K(524288K)] 506953K->65295K(699392K), [Metaspace: 44330K->44330K(1087488K)], 0.0556599 secs] [Times: user=0.33 sys=0.01, real=0.06 secs] 
2016-09-24T00:31:57.308-0400: 86.040: [GC (GCLocker Initiated GC) [PSYoungGen: 88064K->81171K(175104K)] 153372K->158629K(699392K), 0.0094643 secs] [Times: user=0.13 sys=0.00, real=0.01 secs] 
2016-09-24T00:31:57.421-0400: 86.152: [GC (GCLocker Initiated GC) [PSYoungGen: 169235K->61198K(175104K)] 246785K->158345K(699392K), 0.0097056 secs] [Times: user=0.09 sys=0.01, real=0.01 secs] 
2016-09-24T00:31:57.537-0400: 86.269: [GC (GCLocker Initiated GC) [PSYoungGen: 149262K->67537K(175104K)] 252648K->201386K(699392K), 0.0314757 secs] [Times: user=0.33 sys=0.00, real=0.03 secs] 
2016-09-24T00:31:57.697-0400: 86.429: [GC (GCLocker Initiated GC) [PSYoungGen: 155601K->49372K(175104K)] 301676K->232204K(699392K), 0.0102453 secs] [Times: user=0.08 sys=0.01, real=0.01 secs] 
2016-09-24T00:31:57.823-0400: 86.554: [GC (GCLocker Initiated GC) [PSYoungGen: 137436K->85890K(175104K)] 320345K->305400K(699392K), 0.0209957 secs] [Times: user=0.23 sys=0.00, real=0.02 secs] 
2016-09-24T00:31:57.963-0400: 86.694: [GC (Allocation Failure) [PSYoungGen: 173954K->61490K(175104K)] 399838K->330167K(699392K), 0.0248174 secs] [Times: user=0.25 sys=0.00, real=0.02 secs] 
2016-09-24T00:31:58.092-0400: 86.823: [GC (GCLocker Initiated GC) [PSYoungGen: 149554K->85726K(175104K)] 418237K->372909K(699392K), 0.0323402 secs] [Times: user=0.35 sys=0.00, real=0.04 secs] 
2016-09-24T00:31:58.255-0400: 86.987: [GC (GCLocker Initiated GC) [PSYoungGen: 173790K->43041K(175104K)] 467869K->373829K(699392K), 0.0399219 secs] [Times: user=0.42 sys=0.00, real=0.04 secs] 
2016-09-24T00:31:58.404-0400: 87.135: [GC (GCLocker Initiated GC) [PSYoungGen: 131105K->67305K(175104K)] 462120K->416664K(699392K), 0.0163590 secs] [Times: user=0.16 sys=0.00, real=0.01 secs] 
2016-09-24T00:31:58.504-0400: 87.235: [GC (Allocation Failure) [PSYoungGen: 155369K->85726K(175104K)] 504871K->465723K(699392K), 0.0325342 secs] [Times: user=0.36 sys=0.00, real=0.03 secs] 
2016-09-24T00:31:58.655-0400: 87.387: [GC (GCLocker Initiated GC) [PSYoungGen: 173163K->43073K(175104K)] 559235K->471929K(699392K), 0.0191960 secs] [Times: user=0.19 sys=0.00, real=0.02 secs] 
2016-09-24T00:31:58.803-0400: 87.534: [GC (GCLocker Initiated GC) [PSYoungGen: 131137K->55223K(175104K)] 566087K->508501K(699392K), 0.0137785 secs] [Times: user=0.12 sys=0.00, real=0.01 secs] 
2016-09-24T00:31:58.923-0400: 87.655: [GC (GCLocker Initiated GC) [PSYoungGen: 143287K->73740K(175104K)] 602935K->533508K(699392K), 0.0081181 secs] [Times: user=0.08 sys=0.00, real=0.00 secs] 
2016-09-24T00:31:58.932-0400: 87.663: [Full GC (Ergonomics) [PSYoungGen: 73740K->0K(175104K)] [ParOldGen: 459768K->53360K(524288K)] 533508K->53360K(699392K), [Metaspace: 44330K->44330K(1087488K)], 0.0589513 secs] [Times: user=0.32 sys=0.00, real=0.06 secs] 
2016-09-24T00:31:59.107-0400: 87.838: [GC (GCLocker Initiated GC) [PSYoungGen: 88064K->48952K(175104K)] 148283K->109171K(699392K), 0.0132407 secs] [Times: user=0.11 sys=0.00, real=0.01 secs] 
2016-09-24T00:31:59.228-0400: 87.959: [GC (GCLocker Initiated GC) [PSYoungGen: 137016K->61462K(175104K)] 197317K->152226K(699392K), 0.0165983 secs] [Times: user=0.15 sys=0.00, real=0.02 secs] 
2016-09-24T00:31:59.340-0400: 88.072: [GC (Allocation Failure) [PSYoungGen: 149526K->67533K(175104K)] 240589K->189403K(699392K), 0.0143666 secs] [Times: user=0.15 sys=0.00, real=0.02 secs] 
2016-09-24T00:31:59.470-0400: 88.202: [GC (GCLocker Initiated GC) [PSYoungGen: 153656K->73512K(175104K)] 281601K->213710K(699392K), 0.0096993 secs] [Times: user=0.08 sys=0.00, real=0.01 secs] 
2016-09-24T00:31:59.609-0400: 88.341: [GC (GCLocker Initiated GC) [PSYoungGen: 161576K->55383K(175104K)] 307965K->220288K(699392K), 0.0304188 secs] [Times: user=0.35 sys=0.00, real=0.03 secs] 
2016-09-24T00:31:59.757-0400: 88.489: [GC (Allocation Failure) [PSYoungGen: 143447K->73804K(175104K)] 308707K->239200K(699392K), 0.0382728 secs] [Times: user=0.40 sys=0.00, real=0.04 secs] 
2016-09-24T00:31:59.909-0400: 88.640: [GC (GCLocker Initiated GC) [PSYoungGen: 161868K->43005K(175104K)] 327270K->269604K(699392K), 0.0130341 secs] [Times: user=0.10 sys=0.00, real=0.01 secs] 
2016-09-24T00:32:00.023-0400: 88.754: [GC (GCLocker Initiated GC) [PSYoungGen: 131069K->61626K(175104K)] 363975K->294644K(699392K), 0.0317798 secs] [Times: user=0.32 sys=0.00, real=0.03 secs] 
2016-09-24T00:32:00.197-0400: 88.928: [GC (Allocation Failure) [PSYoungGen: 149690K->43009K(175104K)] 388970K->301085K(699392K), 0.0176402 secs] [Times: user=0.16 sys=0.00, real=0.02 secs] 
2016-09-24T00:32:00.330-0400: 89.061: [GC (GCLocker Initiated GC) [PSYoungGen: 131073K->43173K(175104K)] 389155K->337785K(699392K), 0.0186004 secs] [Times: user=0.16 sys=0.01, real=0.02 secs] 
2016-09-24T00:32:00.455-0400: 89.186: [GC (GCLocker Initiated GC) [PSYoungGen: 131237K->85694K(175104K)] 426036K->393075K(699392K), 0.0173710 secs] [Times: user=0.18 sys=0.00, real=0.01 secs] 
2016-09-24T00:32:00.621-0400: 89.352: [GC (GCLocker Initiated GC) [PSYoungGen: 173758K->37290K(175104K)] 499501K->411932K(699392K), 0.0335302 secs] [Times: user=0.35 sys=0.00, real=0.04 secs] 
2016-09-24T00:32:00.771-0400: 89.502: [GC (Allocation Failure) [PSYoungGen: 125354K->61234K(175104K)] 500049K->436352K(699392K), 0.0142211 secs] [Times: user=0.14 sys=0.01, real=0.02 secs] 
2016-09-24T00:32:00.882-0400: 89.613: [GC (GCLocker Initiated GC) [PSYoungGen: 144338K->73640K(175104K)] 525532K->479261K(699392K), 0.0100116 secs] [Times: user=0.10 sys=0.00, real=0.01 secs] 
2016-09-24T00:32:01.008-0400: 89.739: [GC (GCLocker Initiated GC) [PSYoungGen: 161704K->85630K(175104K)] 567378K->497662K(699392K), 0.0153863 secs] [Times: user=0.16 sys=0.00, real=0.02 secs] 
2016-09-24T00:32:01.138-0400: 89.869: [GC (GCLocker Initiated GC) [PSYoungGen: 173694K->67273K(175104K)] 592033K->504113K(699392K), 0.0186823 secs] [Times: user=0.19 sys=0.00, real=0.02 secs] 
2016-09-24T00:32:01.273-0400: 90.005: [GC (GCLocker Initiated GC) [PSYoungGen: 155337K->61266K(175104K)] 592308K->516565K(699392K), 0.0176445 secs] [Times: user=0.17 sys=0.00, real=0.02 secs] 
2016-09-24T00:32:01.414-0400: 90.146: [GC (GCLocker Initiated GC) [PSYoungGen: 149330K->73380K(175104K)] 610812K->553355K(699392K), 0.0097255 secs] [Times: user=0.10 sys=0.00, real=0.01 secs] 
2016-09-24T00:32:01.424-0400: 90.156: [Full GC (Ergonomics) [PSYoungGen: 73380K->0K(175104K)] [ParOldGen: 479975K->53258K(524288K)] 553355K->53258K(699392K), [Metaspace: 44330K->44330K(1087488K)], 0.0537620 secs] [Times: user=0.28 sys=0.01, real=0.05 secs] 
2016-09-24T00:32:01.591-0400: 90.322: [GC (GCLocker Initiated GC) [PSYoungGen: 88064K->86826K(175104K)] 153519K->164431K(699392K), 0.0265740 secs] [Times: user=0.31 sys=0.01, real=0.03 secs] 
2016-09-24T00:32:01.718-0400: 90.450: [GC (GCLocker Initiated GC) [PSYoungGen: 174890K->61362K(175104K)] 252660K->194791K(699392K), 0.0131398 secs] [Times: user=0.13 sys=0.01, real=0.01 secs] 
2016-09-24T00:32:01.838-0400: 90.570: [GC (GCLocker Initiated GC) [PSYoungGen: 149426K->85922K(175104K)] 282891K->250070K(699392K), 0.0122701 secs] [Times: user=0.11 sys=0.00, real=0.01 secs] 
2016-09-24T00:32:01.974-0400: 90.706: [GC (GCLocker Initiated GC) [PSYoungGen: 173986K->55415K(175104K)] 338298K->262684K(699392K), 0.0093712 secs] [Times: user=0.08 sys=0.02, real=0.01 secs] 
2016-09-24T00:32:02.087-0400: 90.818: [GC (GCLocker Initiated GC) [PSYoungGen: 143479K->86018K(175104K)] 351114K->300044K(699392K), 0.0093248 secs] [Times: user=0.13 sys=0.00, real=0.01 secs] 
2016-09-24T00:32:02.224-0400: 90.955: [GC (GCLocker Initiated GC) [PSYoungGen: 174082K->73640K(175104K)] 388267K->324542K(699392K), 0.0198411 secs] [Times: user=0.22 sys=0.00, real=0.02 secs] 
2016-09-24T00:32:02.366-0400: 91.098: [GC (GCLocker Initiated GC) [PSYoungGen: 161704K->55515K(175104K)] 419009K->331164K(699392K), 0.0100201 secs] [Times: user=0.12 sys=0.00, real=0.01 secs] 
2016-09-24T00:32:02.480-0400: 91.212: [GC (GCLocker Initiated GC) [PSYoungGen: 143579K->61362K(175104K)] 419337K->355605K(699392K), 0.0312925 secs] [Times: user=0.30 sys=0.00, real=0.03 secs] 
2016-09-24T00:32:02.632-0400: 91.363: [GC (GCLocker Initiated GC) [PSYoungGen: 149426K->55938K(175104K)] 456062K->374876K(699392K), 0.0158216 secs] [Times: user=0.16 sys=0.01, real=0.02 secs] 
2016-09-24T00:32:02.773-0400: 91.504: [GC (GCLocker Initiated GC) [PSYoungGen: 144002K->37389K(175104K)] 463065K->356720K(699392K), 0.0061451 secs] [Times: user=0.04 sys=0.00, real=0.01 secs] 
2016-09-24T00:32:02.883-0400: 91.615: [GC (Allocation Failure) [PSYoungGen: 125453K->61330K(175104K)] 445139K->399664K(699392K), 0.0257362 secs] [Times: user=0.22 sys=0.00, real=0.02 secs] 
2016-09-24T00:32:03.044-0400: 91.775: [GC (GCLocker Initiated GC) [PSYoungGen: 143382K->55383K(175104K)] 487791K->418152K(699392K), 0.0130408 secs] [Times: user=0.15 sys=0.00, real=0.01 secs] 
2016-09-24T00:32:03.184-0400: 91.916: [GC (GCLocker Initiated GC) [PSYoungGen: 143447K->37098K(175104K)] 512641K->430679K(699392K), 0.0282009 secs] [Times: user=0.29 sys=0.02, real=0.02 secs] 
2016-09-24T00:32:03.322-0400: 92.054: [GC (GCLocker Initiated GC) [PSYoungGen: 125162K->73576K(175104K)] 518993K->485923K(699392K), 0.0089731 secs] [Times: user=0.09 sys=0.00, real=0.01 secs] 
2016-09-24T00:32:03.437-0400: 92.169: [GC (GCLocker Initiated GC) [PSYoungGen: 161640K->79747K(175104K)] 574181K->510641K(699392K), 0.0103012 secs] [Times: user=0.12 sys=0.01, real=0.01 secs] 
2016-09-24T00:32:03.571-0400: 92.303: [GC (GCLocker Initiated GC) [PSYoungGen: 167811K->49571K(175104K)] 610980K->529327K(699392K), 0.0146372 secs] [Times: user=0.13 sys=0.01, real=0.02 secs] 
2016-09-24T00:32:03.586-0400: 92.317: [Full GC (Ergonomics) [PSYoungGen: 49571K->0K(175104K)] [ParOldGen: 479755K->53224K(524288K)] 529327K->53224K(699392K), [Metaspace: 44346K->44346K(1087488K)], 0.0661864 secs] [Times: user=0.36 sys=0.01, real=0.06 secs] 
2016-09-24T00:32:03.748-0400: 92.479: [GC (GCLocker Initiated GC) [PSYoungGen: 88064K->55835K(175104K)] 153485K->121256K(699392K), 0.0217118 secs] [Times: user=0.25 sys=0.00, real=0.02 secs] 
2016-09-24T00:32:03.857-0400: 92.589: [GC (GCLocker Initiated GC) [PSYoungGen: 143899K->86150K(175104K)] 209430K->200853K(699392K), 0.0184455 secs] [Times: user=0.23 sys=0.00, real=0.02 secs] 
2016-09-24T00:32:03.990-0400: 92.721: [GC (Allocation Failure) [PSYoungGen: 174214K->61754K(175104K)] 295123K->201687K(699392K), 0.0089828 secs] [Times: user=0.11 sys=0.01, real=0.01 secs] 
2016-09-24T00:32:04.087-0400: 92.818: [GC (GCLocker Initiated GC) [PSYoungGen: 145556K->43137K(175104K)] 291565K->231946K(699392K), 0.0216855 secs] [Times: user=0.25 sys=0.01, real=0.02 secs] 
2016-09-24T00:32:04.232-0400: 92.963: [GC (GCLocker Initiated GC) [PSYoungGen: 131201K->86018K(175104K)] 320065K->287299K(699392K), 0.0229517 secs] [Times: user=0.24 sys=0.00, real=0.03 secs] 
2016-09-24T00:32:04.400-0400: 93.131: [GC (GCLocker Initiated GC) [PSYoungGen: 174082K->43009K(175104K)] 375461K->269119K(699392K), 0.0095610 secs] [Times: user=0.06 sys=0.00, real=0.01 secs] 
2016-09-24T00:32:04.516-0400: 93.247: [GC (GCLocker Initiated GC) [PSYoungGen: 131073K->79487K(175104K)] 363339K->336361K(699392K), 0.0205152 secs] [Times: user=0.21 sys=0.00, real=0.02 secs] 
2016-09-24T00:32:04.642-0400: 93.373: [GC (GCLocker Initiated GC) [PSYoungGen: 167551K->79587K(175104K)] 424562K->385317K(699392K), 0.0219326 secs] [Times: user=0.27 sys=0.01, real=0.03 secs] 
2016-09-24T00:32:04.768-0400: 93.499: [GC (Allocation Failure) [PSYoungGen: 167651K->37453K(175104K)] 479554K->392166K(699392K), 0.0085925 secs] [Times: user=0.08 sys=0.00, real=0.01 secs] 
2016-09-24T00:32:04.892-0400: 93.624: [GC (GCLocker Initiated GC) [PSYoungGen: 125517K->43009K(175104K)] 480235K->422122K(699392K), 0.0176456 secs] [Times: user=0.18 sys=0.00, real=0.02 secs] 
2016-09-24T00:32:05.037-0400: 93.769: [GC (GCLocker Initiated GC) [PSYoungGen: 131073K->85758K(175104K)] 510274K->495610K(699392K), 0.0107548 secs] [Times: user=0.12 sys=0.00, real=0.01 secs] 
2016-09-24T00:32:05.150-0400: 93.881: [GC (Allocation Failure) [PSYoungGen: 173822K->79943K(175104K)] 583962K->545081K(699392K), 0.0127457 secs] [Times: user=0.19 sys=0.00, real=0.02 secs] 
2016-09-24T00:32:05.163-0400: 93.894: [Full GC (Ergonomics) [PSYoungGen: 79943K->0K(175104K)] [ParOldGen: 465138K->47292K(524288K)] 545081K->47292K(699392K), [Metaspace: 44351K->44351K(1087488K)], 0.0514485 secs] [Times: user=0.30 sys=0.01, real=0.05 secs] 
2016-09-24T00:32:05.312-0400: 94.044: [GC (GCLocker Initiated GC) [PSYoungGen: 82134K->73928K(175104K)] 135501K->127295K(699392K), 0.0118015 secs] [Times: user=0.14 sys=0.00, real=0.02 secs] 
2016-09-24T00:32:05.449-0400: 94.181: [GC (GCLocker Initiated GC) [PSYoungGen: 161992K->73772K(175104K)] 221638K->152387K(699392K), 0.0223990 secs] [Times: user=0.28 sys=0.00, real=0.02 secs] 
2016-09-24T00:32:05.598-0400: 94.330: [GC (GCLocker Initiated GC) [PSYoungGen: 161836K->67565K(175104K)] 240824K->201707K(699392K), 0.0120388 secs] [Times: user=0.14 sys=0.00, real=0.01 secs] 
2016-09-24T00:32:05.729-0400: 94.461: [GC (GCLocker Initiated GC) [PSYoungGen: 155629K->55611K(175104K)] 296123K->232706K(699392K), 0.0102978 secs] [Times: user=0.16 sys=0.01, real=0.01 secs] 
2016-09-24T00:32:05.841-0400: 94.572: [GC (GCLocker Initiated GC) [PSYoungGen: 143675K->85758K(175104K)] 321008K->269458K(699392K), 0.0107045 secs] [Times: user=0.10 sys=0.02, real=0.01 secs] 
2016-09-24T00:32:05.955-0400: 94.687: [GC (Allocation Failure) [PSYoungGen: 173822K->37130K(175104K)] 357541K->239169K(699392K), 0.0163317 secs] [Times: user=0.14 sys=0.00, real=0.01 secs] 
2016-09-24T00:32:06.069-0400: 94.801: [GC (GCLocker Initiated GC) [PSYoungGen: 125191K->85726K(175104K)] 327236K->348984K(699392K), 0.0186513 secs] [Times: user=0.18 sys=0.01, real=0.02 secs] 
2016-09-24T00:32:06.228-0400: 94.960: [GC (GCLocker Initiated GC) [PSYoungGen: 173790K->67665K(175104K)] 443485K->343702K(699392K), 0.0321804 secs] [Times: user=0.33 sys=0.00, real=0.03 secs] 
2016-09-24T00:32:06.378-0400: 95.110: [GC (GCLocker Initiated GC) [PSYoungGen: 155729K->37226K(175104K)] 438163K->320067K(699392K), 0.0254744 secs] [Times: user=0.32 sys=0.00, real=0.03 secs] 
2016-09-24T00:32:06.494-0400: 95.226: [GC (GCLocker Initiated GC) [PSYoungGen: 125290K->55155K(175104K)] 414254K->380689K(699392K), 0.0214464 secs] [Times: user=0.24 sys=0.00, real=0.02 secs] 
2016-09-24T00:32:06.622-0400: 95.354: [GC (Allocation Failure) [PSYoungGen: 143219K->79915K(175104K)] 469041K->405849K(699392K), 0.0266839 secs] [Times: user=0.28 sys=0.01, real=0.02 secs] 
2016-09-24T00:32:06.747-0400: 95.478: [GC (GCLocker Initiated GC) [PSYoungGen: 167979K->79979K(175104K)] 493924K->442853K(699392K), 0.0131103 secs] [Times: user=0.15 sys=0.00, real=0.01 secs] 
2016-09-24T00:32:06.871-0400: 95.602: [GC (GCLocker Initiated GC) [PSYoungGen: 168043K->73576K(175104K)] 531110K->473377K(699392K), 0.0292069 secs] [Times: user=0.33 sys=0.00, real=0.03 secs] 
2016-09-24T00:32:07.008-0400: 95.740: [GC (GCLocker Initiated GC) [PSYoungGen: 161640K->55419K(175104K)] 561522K->479853K(699392K), 0.0115860 secs] [Times: user=0.08 sys=0.01, real=0.01 secs] 
2016-09-24T00:32:07.125-0400: 95.856: [GC (GCLocker Initiated GC) [PSYoungGen: 143483K->49276K(175104K)] 568267K->547259K(699392K), 0.0278462 secs] [Times: user=0.28 sys=0.00, real=0.02 secs] 
2016-09-24T00:32:07.153-0400: 95.884: [Full GC (Ergonomics) [PSYoungGen: 49276K->0K(175104K)] [ParOldGen: 497983K->53404K(524288K)] 547259K->53404K(699392K), [Metaspace: 44352K->44352K(1087488K)], 0.0514347 secs] [Times: user=0.33 sys=0.01, real=0.06 secs] 
2016-09-24T00:32:07.330-0400: 96.062: [GC (Allocation Failure) [PSYoungGen: 88064K->67725K(175104K)] 142075K->121736K(699392K), 0.0086355 secs] [Times: user=0.06 sys=0.00, real=0.01 secs] 
2016-09-24T00:32:07.456-0400: 96.187: [GC (GCLocker Initiated GC) [PSYoungGen: 154578K->61362K(175104K)] 214664K->158601K(699392K), 0.0211447 secs] [Times: user=0.23 sys=0.00, real=0.02 secs] 
2016-09-24T00:32:07.595-0400: 96.327: [GC (GCLocker Initiated GC) [PSYoungGen: 149426K->43333K(175104K)] 246915K->141073K(699392K), 0.0134148 secs] [Times: user=0.13 sys=0.00, real=0.01 secs] 
2016-09-24T00:32:07.707-0400: 96.439: [GC (GCLocker Initiated GC) [PSYoungGen: 131397K->43137K(175104K)] 229273K->177911K(699392K), 0.0101988 secs] [Times: user=0.07 sys=0.02, real=0.01 secs] 
2016-09-24T00:32:07.806-0400: 96.537: [GC (GCLocker Initiated GC) [PSYoungGen: 131201K->43009K(175104K)] 266062K->220482K(699392K), 0.0171575 secs] [Times: user=0.16 sys=0.01, real=0.02 secs] 
2016-09-24T00:32:07.919-0400: 96.651: [GC (Allocation Failure) [PSYoungGen: 131073K->86150K(175104K)] 308772K->288465K(699392K), 0.0119198 secs] [Times: user=0.15 sys=0.01, real=0.01 secs] 
2016-09-24T00:32:08.049-0400: 96.781: [GC (GCLocker Initiated GC) [PSYoungGen: 170281K->49176K(175104K)] 378671K->294456K(699392K), 0.0220624 secs] [Times: user=0.28 sys=0.00, real=0.02 secs] 
2016-09-24T00:32:08.200-0400: 96.932: [GC (GCLocker Initiated GC) [PSYoungGen: 137240K->55319K(175104K)] 388597K->306796K(699392K), 0.0192425 secs] [Times: user=0.24 sys=0.00, real=0.02 secs] 
2016-09-24T00:32:08.318-0400: 97.049: [GC (GCLocker Initiated GC) [PSYoungGen: 143383K->73640K(175104K)] 401290K->331847K(699392K), 0.0077569 secs] [Times: user=0.10 sys=0.00, real=0.01 secs] 
2016-09-24T00:32:08.450-0400: 97.181: [GC (Allocation Failure) [PSYoungGen: 161704K->73804K(175104K)] 432254K->362894K(699392K), 0.0105922 secs] [Times: user=0.13 sys=0.00, real=0.01 secs] 
2016-09-24T00:32:08.588-0400: 97.319: [GC (GCLocker Initiated GC) [PSYoungGen: 161868K->73512K(175104K)] 450964K->393430K(699392K), 0.0103225 secs] [Times: user=0.12 sys=0.00, real=0.01 secs] 
2016-09-24T00:32:08.728-0400: 97.459: [GC (Allocation Failure) [PSYoungGen: 161576K->37517K(175104K)] 487824K->400375K(699392K), 0.0084925 secs] [Times: user=0.12 sys=0.00, real=0.01 secs] 
2016-09-24T00:32:08.878-0400: 97.610: [GC (GCLocker Initiated GC) [PSYoungGen: 125581K->67241K(175104K)] 488439K->430194K(699392K), 0.0277994 secs] [Times: user=0.29 sys=0.01, real=0.03 secs] 
2016-09-24T00:32:09.011-0400: 97.742: [GC (GCLocker Initiated GC) [PSYoungGen: 155305K->73676K(175104K)] 524514K->443012K(699392K), 0.0098410 secs] [Times: user=0.09 sys=0.00, real=0.01 secs] 
2016-09-24T00:32:09.128-0400: 97.859: [GC (GCLocker Initiated GC) [PSYoungGen: 161740K->55711K(175104K)] 537165K->449832K(699392K), 0.0100777 secs] [Times: user=0.15 sys=0.00, real=0.01 secs] 
2016-09-24T00:32:09.252-0400: 97.983: [GC (GCLocker Initiated GC) [PSYoungGen: 143775K->73836K(175104K)] 550228K->498682K(699392K), 0.0243407 secs] [Times: user=0.32 sys=0.00, real=0.03 secs] 
2016-09-24T00:32:09.403-0400: 98.135: [GC (GCLocker Initiated GC) [PSYoungGen: 161900K->43237K(175104K)] 599150K->511138K(699392K), 0.0223333 secs] [Times: user=0.30 sys=0.00, real=0.02 secs] 
2016-09-24T00:32:09.426-0400: 98.157: [Full GC (Ergonomics) [PSYoungGen: 43237K->0K(175104K)] [ParOldGen: 467901K->51906K(524288K)] 511138K->51906K(699392K), [Metaspace: 44364K->44364K(1087488K)], 0.1354372 secs] [Times: user=1.48 sys=0.02, real=0.13 secs] 
2016-09-24T00:32:09.659-0400: 98.390: [GC (GCLocker Initiated GC) [PSYoungGen: 88064K->86110K(175104K)] 140029K->150225K(699392K), 0.0220000 secs] [Times: user=0.30 sys=0.00, real=0.02 secs] 
2016-09-24T00:32:09.785-0400: 98.517: [GC (GCLocker Initiated GC) [PSYoungGen: 174174K->79847K(175104K)] 238470K->211572K(699392K), 0.0140931 secs] [Times: user=0.22 sys=0.00, real=0.01 secs] 
2016-09-24T00:32:09.913-0400: 98.645: [GC (GCLocker Initiated GC) [PSYoungGen: 167911K->85658K(175104K)] 299650K->254319K(699392K), 0.0147019 secs] [Times: user=0.18 sys=0.00, real=0.02 secs] 
2016-09-24T00:32:10.046-0400: 98.778: [GC (GCLocker Initiated GC) [PSYoungGen: 173722K->37094K(175104K)] 354875K->254809K(699392K), 0.0098815 secs] [Times: user=0.09 sys=0.00, real=0.01 secs] 
2016-09-24T00:32:10.196-0400: 98.928: [GC (Allocation Failure) [PSYoungGen: 125158K->43009K(175104K)] 349073K->267207K(699392K), 0.0157461 secs] [Times: user=0.12 sys=0.00, real=0.01 secs] 
2016-09-24T00:32:10.308-0400: 99.040: [GC (GCLocker Initiated GC) [PSYoungGen: 131073K->73608K(175104K)] 355277K->316321K(699392K), 0.0160464 secs] [Times: user=0.18 sys=0.00, real=0.02 secs] 
2016-09-24T00:32:10.457-0400: 99.188: [GC (GCLocker Initiated GC) [PSYoungGen: 161672K->49472K(175104K)] 416643K->322975K(699392K), 0.0212194 secs] [Times: user=0.28 sys=0.00, real=0.02 secs] 
2016-09-24T00:32:10.592-0400: 99.324: [GC (GCLocker Initiated GC) [PSYoungGen: 137536K->61362K(175104K)] 411221K->365877K(699392K), 0.0104196 secs] [Times: user=0.09 sys=0.00, real=0.02 secs] 
2016-09-24T00:32:10.715-0400: 99.446: [GC (GCLocker Initiated GC) [PSYoungGen: 149426K->67405K(175104K)] 454061K->390548K(699392K), 0.0103807 secs] [Times: user=0.09 sys=0.00, real=0.01 secs] 
2016-09-24T00:32:10.858-0400: 99.589: [GC (GCLocker Initiated GC) [PSYoungGen: 155469K->73740K(175104K)] 484842K->415498K(699392K), 0.0221309 secs] [Times: user=0.20 sys=0.00, real=0.02 secs] 
2016-09-24T00:32:11.009-0400: 99.741: [GC (GCLocker Initiated GC) [PSYoungGen: 161804K->61394K(175104K)] 509993K->410022K(699392K), 0.0220925 secs] [Times: user=0.26 sys=0.00, real=0.02 secs] 
2016-09-24T00:32:11.122-0400: 99.854: [GC (GCLocker Initiated GC) [PSYoungGen: 149458K->67469K(175104K)] 498150K->440549K(699392K), 0.0089520 secs] [Times: user=0.08 sys=0.01, real=0.00 secs] 
2016-09-24T00:32:11.242-0400: 99.974: [GC (GCLocker Initiated GC) [PSYoungGen: 155533K->79687K(175104K)] 528823K->477569K(699392K), 0.0097055 secs] [Times: user=0.10 sys=0.00, real=0.00 secs] 
2016-09-24T00:32:11.369-0400: 100.101: [GC (GCLocker Initiated GC) [PSYoungGen: 167751K->73676K(175104K)] 565635K->472024K(699392K), 0.0079705 secs] [Times: user=0.09 sys=0.00, real=0.01 secs] 
2016-09-24T00:32:11.518-0400: 100.249: [GC (GCLocker Initiated GC) [PSYoungGen: 161740K->43137K(175104K)] 578511K->496634K(699392K), 0.0292947 secs] [Times: user=0.29 sys=0.01, real=0.03 secs] 
2016-09-24T00:32:11.654-0400: 100.385: [GC (Allocation Failure) [PSYoungGen: 131201K->73772K(175104K)] 585163K->564312K(699392K), 0.0136469 secs] [Times: user=0.18 sys=0.00, real=0.02 secs] 
2016-09-24T00:32:11.667-0400: 100.399: [Full GC (Ergonomics) [PSYoungGen: 73772K->0K(175104K)] [ParOldGen: 490540K->46276K(524288K)] 564312K->46276K(699392K), [Metaspace: 44365K->44365K(1087488K)], 0.0547332 secs] [Times: user=0.30 sys=0.01, real=0.06 secs] 
2016-09-24T00:32:11.815-0400: 100.546: [GC (GCLocker Initiated GC) [PSYoungGen: 88061K->86274K(175104K)] 134343K->175081K(699392K), 0.0101228 secs] [Times: user=0.14 sys=0.01, real=0.01 secs] 
2016-09-24T00:32:11.961-0400: 100.692: [GC (GCLocker Initiated GC) [PSYoungGen: 174338K->37190K(175104K)] 275577K->157218K(699392K), 0.0095222 secs] [Times: user=0.13 sys=0.00, real=0.01 secs] 
2016-09-24T00:32:12.097-0400: 100.828: [GC (GCLocker Initiated GC) [PSYoungGen: 125254K->73672K(175104K)] 251511K->218469K(699392K), 0.0079297 secs] [Times: user=0.11 sys=0.00, real=0.01 secs] 
2016-09-24T00:32:12.247-0400: 100.978: [GC (GCLocker Initiated GC) [PSYoungGen: 161736K->37681K(175104K)] 325046K->237585K(699392K), 0.0121770 secs] [Times: user=0.15 sys=0.01, real=0.01 secs] 
2016-09-24T00:32:12.367-0400: 101.098: [GC (GCLocker Initiated GC) [PSYoungGen: 125745K->61490K(175104K)] 325719K->279948K(699392K), 0.0086261 secs] [Times: user=0.07 sys=0.00, real=0.01 secs] 
2016-09-24T00:32:12.495-0400: 101.226: [GC (GCLocker Initiated GC) [PSYoungGen: 149554K->43205K(175104K)] 374196K->298333K(699392K), 0.0167092 secs] [Times: user=0.17 sys=0.00, real=0.01 secs] 
2016-09-24T00:32:12.646-0400: 101.378: [GC (Allocation Failure) [PSYoungGen: 131269K->36770K(175104K)] 392738K->329013K(699392K), 0.0103876 secs] [Times: user=0.07 sys=0.00, real=0.01 secs] 
2016-09-24T00:32:12.782-0400: 101.514: [GC (Allocation Failure) [PSYoungGen: 124834K->43205K(175104K)] 417077K->347734K(699392K), 0.0231656 secs] [Times: user=0.26 sys=0.00, real=0.03 secs] 
2016-09-24T00:32:12.914-0400: 101.646: [GC (GCLocker Initiated GC) [PSYoungGen: 131269K->73608K(175104K)] 435803K->378450K(699392K), 0.0132976 secs] [Times: user=0.14 sys=0.00, real=0.02 secs] 
2016-09-24T00:32:13.010-0400: 101.742: [GC (GCLocker Initiated GC) [PSYoungGen: 161672K->67177K(175104K)] 466567K->396452K(699392K), 0.0373485 secs] [Times: user=0.38 sys=0.00, real=0.04 secs] 
2016-09-24T00:32:13.178-0400: 101.910: [GC (Allocation Failure) [PSYoungGen: 155241K->43464K(175104K)] 490851K->439952K(699392K), 0.0104786 secs] [Times: user=0.09 sys=0.00, real=0.01 secs] 
2016-09-24T00:32:13.275-0400: 102.007: [GC (GCLocker Initiated GC) [PSYoungGen: 126372K->73608K(175104K)] 528934K->494859K(699392K), 0.0315553 secs] [Times: user=0.40 sys=0.00, real=0.03 secs] 
2016-09-24T00:32:13.432-0400: 102.164: [GC (GCLocker Initiated GC) [PSYoungGen: 161672K->55579K(175104K)] 595423K->507838K(699392K), 0.0082673 secs] [Times: user=0.08 sys=0.00, real=0.01 secs] 
2016-09-24T00:32:13.537-0400: 102.269: [GC (Allocation Failure) [PSYoungGen: 143643K->36834K(175104K)] 602108K->519842K(699392K), 0.0115602 secs] [Times: user=0.07 sys=0.00, real=0.01 secs] 
2016-09-24T00:32:13.549-0400: 102.280: [Full GC (Ergonomics) [PSYoungGen: 36834K->0K(175104K)] [ParOldGen: 483008K->51837K(524288K)] 519842K->51837K(699392K), [Metaspace: 44368K->44368K(1087488K)], 0.0498025 secs] [Times: user=0.24 sys=0.00, real=0.05 secs] 
2016-09-24T00:32:13.693-0400: 102.425: [GC (GCLocker Initiated GC) [PSYoungGen: 88064K->86990K(175104K)] 139901K->138827K(699392K), 0.0131881 secs] [Times: user=0.16 sys=0.00, real=0.02 secs] 
2016-09-24T00:32:13.826-0400: 102.557: [GC (GCLocker Initiated GC) [PSYoungGen: 175054K->73348K(175104K)] 226933K->144896K(699392K), 0.0217061 secs] [Times: user=0.23 sys=0.00, real=0.02 secs] 
2016-09-24T00:32:13.940-0400: 102.671: [GC (GCLocker Initiated GC) [PSYoungGen: 161412K->49084K(175104K)] 233225K->157435K(699392K), 0.0323306 secs] [Times: user=0.30 sys=0.00, real=0.03 secs] 
2016-09-24T00:32:14.086-0400: 102.818: [GC (GCLocker Initiated GC) [PSYoungGen: 137148K->67761K(175104K)] 245670K->231273K(699392K), 0.0121650 secs] [Times: user=0.16 sys=0.01, real=0.01 secs] 
2016-09-24T00:32:14.252-0400: 102.984: [GC (GCLocker Initiated GC) [PSYoungGen: 155825K->49180K(175104K)] 325668K->261839K(699392K), 0.0086791 secs] [Times: user=0.10 sys=0.00, real=0.01 secs] 
2016-09-24T00:32:14.368-0400: 103.100: [GC (Allocation Failure) [PSYoungGen: 137244K->85858K(175104K)] 350018K->317148K(699392K), 0.0136080 secs] [Times: user=0.13 sys=0.01, real=0.02 secs] 
2016-09-24T00:32:14.517-0400: 103.249: [GC (GCLocker Initiated GC) [PSYoungGen: 172874K->43333K(175104K)] 410239K->390340K(699392K), 0.0109993 secs] [Times: user=0.10 sys=0.00, real=0.01 secs] 
2016-09-24T00:32:14.614-0400: 103.345: [GC (GCLocker Initiated GC) [PSYoungGen: 131397K->79979K(175104K)] 478705K->427570K(699392K), 0.0230889 secs] [Times: user=0.24 sys=0.01, real=0.03 secs] 
2016-09-24T00:32:14.740-0400: 103.472: [GC (GCLocker Initiated GC) [PSYoungGen: 168043K->85790K(175104K)] 515799K->477198K(699392K), 0.0142129 secs] [Times: user=0.21 sys=0.00, real=0.02 secs] 
2016-09-24T00:32:14.856-0400: 103.587: [GC (GCLocker Initiated GC) [PSYoungGen: 173854K->79779K(175104K)] 565343K->526227K(699392K), 0.0137496 secs] [Times: user=0.22 sys=0.00, real=0.01 secs] 
2016-09-24T00:32:14.870-0400: 103.601: [Full GC (Ergonomics) [PSYoungGen: 79779K->0K(175104K)] [ParOldGen: 446448K->52498K(524288K)] 526227K->52498K(699392K), [Metaspace: 44368K->44368K(1087488K)], 0.0577468 secs] [Times: user=0.50 sys=0.01, real=0.06 secs] 
2016-09-24T00:32:15.034-0400: 103.765: [GC (GCLocker Initiated GC) [PSYoungGen: 88064K->86314K(175104K)] 152921K->157246K(699392K), 0.0116945 secs] [Times: user=0.17 sys=0.00, real=0.02 secs] 
2016-09-24T00:32:15.157-0400: 103.889: [GC (Allocation Failure) [PSYoungGen: 174378K->55415K(175104K)] 251555K->169514K(699392K), 0.0150426 secs] [Times: user=0.21 sys=0.00, real=0.01 secs] 
2016-09-24T00:32:15.279-0400: 104.011: [GC (GCLocker Initiated GC) [PSYoungGen: 143479K->73968K(175104K)] 257578K->188171K(699392K), 0.0066398 secs] [Times: user=0.07 sys=0.00, real=0.01 secs] 
2016-09-24T00:32:15.408-0400: 104.140: [GC (Allocation Failure) [PSYoungGen: 162032K->49116K(175104K)] 288628K->194204K(699392K), 0.0313872 secs] [Times: user=0.30 sys=0.01, real=0.03 secs] 
2016-09-24T00:32:15.528-0400: 104.259: [GC (GCLocker Initiated GC) [PSYoungGen: 137085K->61266K(175104K)] 282557K->237209K(699392K), 0.0197706 secs] [Times: user=0.16 sys=0.00, real=0.02 secs] 
2016-09-24T00:32:15.655-0400: 104.386: [GC (Allocation Failure) [PSYoungGen: 149330K->61690K(175104K)] 331430K->274441K(699392K), 0.0248674 secs] [Times: user=0.26 sys=0.00, real=0.02 secs] 
2016-09-24T00:32:15.796-0400: 104.527: [GC (GCLocker Initiated GC) [PSYoungGen: 147230K->43301K(175104K)] 366056K->293113K(699392K), 0.0142231 secs] [Times: user=0.13 sys=0.00, real=0.01 secs] 
2016-09-24T00:32:15.924-0400: 104.656: [GC (GCLocker Initiated GC) [PSYoungGen: 131365K->55223K(175104K)] 381522K->323889K(699392K), 0.0136126 secs] [Times: user=0.15 sys=0.00, real=0.01 secs] 
2016-09-24T00:32:16.082-0400: 104.813: [GC (GCLocker Initiated GC) [PSYoungGen: 143287K->67241K(175104K)] 418075K->342281K(699392K), 0.0100003 secs] [Times: user=0.08 sys=0.01, real=0.01 secs] 
2016-09-24T00:32:16.191-0400: 104.922: [GC (GCLocker Initiated GC) [PSYoungGen: 155305K->61754K(175104K)] 430404K->397730K(699392K), 0.0279688 secs] [Times: user=0.30 sys=0.01, real=0.03 secs] 
2016-09-24T00:32:16.325-0400: 105.056: [GC (Allocation Failure) [PSYoungGen: 149818K->55547K(175104K)] 485841K->446553K(699392K), 0.0152766 secs] [Times: user=0.17 sys=0.01, real=0.01 secs] 
2016-09-24T00:32:16.442-0400: 105.174: [GC (GCLocker Initiated GC) [PSYoungGen: 143611K->85794K(175104K)] 534622K->495298K(699392K), 0.0100976 secs] [Times: user=0.07 sys=0.00, real=0.00 secs] 
2016-09-24T00:32:16.539-0400: 105.271: [GC (GCLocker Initiated GC) [PSYoungGen: 173858K->85758K(175104K)] 583394K->544201K(699392K), 0.0182587 secs] [Times: user=0.21 sys=0.00, real=0.02 secs] 
2016-09-24T00:32:16.558-0400: 105.289: [Full GC (Ergonomics) [PSYoungGen: 85758K->0K(175104K)] [ParOldGen: 458443K->52384K(524288K)] 544201K->52384K(699392K), [Metaspace: 44370K->44370K(1087488K)], 0.0550783 secs] [Times: user=0.28 sys=0.01, real=0.05 secs] 
2016-09-24T00:32:16.703-0400: 105.435: [GC (GCLocker Initiated GC) [PSYoungGen: 88064K->74644K(175104K)] 146733K->133313K(699392K), 0.0275811 secs] [Times: user=0.38 sys=0.01, real=0.02 secs] 
2016-09-24T00:32:16.860-0400: 105.592: [GC (GCLocker Initiated GC) [PSYoungGen: 162708K->85790K(175104K)] 221555K->170256K(699392K), 0.0095488 secs] [Times: user=0.13 sys=0.00, real=0.01 secs] 
2016-09-24T00:32:17.018-0400: 105.750: [GC (GCLocker Initiated GC) [PSYoungGen: 173854K->55579K(175104K)] 270579K->183002K(699392K), 0.0097572 secs] [Times: user=0.10 sys=0.00, real=0.01 secs] 
2016-09-24T00:32:17.140-0400: 105.871: [GC (GCLocker Initiated GC) [PSYoungGen: 143643K->37421K(175104K)] 271072K->165110K(699392K), 0.0076940 secs] [Times: user=0.08 sys=0.01, real=0.01 secs] 
2016-09-24T00:32:17.268-0400: 105.999: [GC (GCLocker Initiated GC) [PSYoungGen: 125485K->73608K(175104K)] 259431K->226070K(699392K), 0.0112823 secs] [Times: user=0.13 sys=0.00, real=0.01 secs] 
2016-09-24T00:32:17.395-0400: 106.127: [GC (Allocation Failure) [PSYoungGen: 161672K->73672K(175104K)] 314416K->244760K(699392K), 0.0106470 secs] [Times: user=0.17 sys=0.00, real=0.01 secs] 
2016-09-24T00:32:17.513-0400: 106.245: [GC (GCLocker Initiated GC) [PSYoungGen: 161376K->37421K(175104K)] 338539K->251155K(699392K), 0.0099445 secs] [Times: user=0.12 sys=0.00, real=0.02 secs] 
2016-09-24T00:32:17.621-0400: 106.353: [GC (GCLocker Initiated GC) [PSYoungGen: 125485K->85954K(175104K)] 339445K->342730K(699392K), 0.0102682 secs] [Times: user=0.11 sys=0.01, real=0.01 secs] 
2016-09-24T00:32:17.723-0400: 106.454: [GC (GCLocker Initiated GC) [PSYoungGen: 174018K->61298K(175104K)] 430869K->360949K(699392K), 0.0103099 secs] [Times: user=0.09 sys=0.01, real=0.00 secs] 
2016-09-24T00:32:17.873-0400: 106.605: [GC (Allocation Failure) [PSYoungGen: 149362K->79555K(175104K)] 449094K->397772K(699392K), 0.0230578 secs] [Times: user=0.20 sys=0.00, real=0.03 secs] 
2016-09-24T00:32:18.022-0400: 106.754: [GC (GCLocker Initiated GC) [PSYoungGen: 164162K->61426K(175104K)] 488454K->428518K(699392K), 0.0261364 secs] [Times: user=0.26 sys=0.01, real=0.02 secs] 
2016-09-24T00:32:18.171-0400: 106.903: [GC (GCLocker Initiated GC) [PSYoungGen: 149490K->55191K(175104K)] 516754K->422550K(699392K), 0.0103913 secs] [Times: user=0.08 sys=0.00, real=0.01 secs] 
2016-09-24T00:32:18.314-0400: 107.045: [GC (GCLocker Initiated GC) [PSYoungGen: 143255K->19296K(175104K)] 523001K->417348K(699392K), 0.0320675 secs] [Times: user=0.35 sys=0.02, real=0.04 secs] 
2016-09-24T00:32:18.469-0400: 107.200: [GC (GCLocker Initiated GC) [PSYoungGen: 107360K->85822K(175104K)] 511742K->490674K(699392K), 0.0086729 secs] [Times: user=0.13 sys=0.00, real=0.01 secs] 
2016-09-24T00:32:18.590-0400: 107.321: [GC (GCLocker Initiated GC) [PSYoungGen: 173886K->85694K(175104K)] 578792K->539327K(699392K), 0.0158225 secs] [Times: user=0.18 sys=0.01, real=0.02 secs] 
2016-09-24T00:32:18.606-0400: 107.337: [Full GC (Ergonomics) [PSYoungGen: 85694K->0K(175104K)] [ParOldGen: 453633K->46339K(524288K)] 539327K->46339K(699392K), [Metaspace: 44373K->44373K(1087488K)], 0.0510022 secs] [Times: user=0.34 sys=0.01, real=0.05 secs] 
2016-09-24T00:32:18.748-0400: 107.480: [GC (GCLocker Initiated GC) [PSYoungGen: 88064K->74839K(175104K)] 140531K->127307K(699392K), 0.0085991 secs] [Times: user=0.10 sys=0.00, real=0.01 secs] 
2016-09-24T00:32:18.858-0400: 107.590: [GC (GCLocker Initiated GC) [PSYoungGen: 162903K->73804K(175104K)] 215429K->182348K(699392K), 0.0144354 secs] [Times: user=0.17 sys=0.00, real=0.01 secs] 
2016-09-24T00:32:18.999-0400: 107.731: [GC (GCLocker Initiated GC) [PSYoungGen: 161868K->49440K(175104K)] 276646K->249731K(699392K), 0.0113640 secs] [Times: user=0.14 sys=0.00, real=0.01 secs] 
2016-09-24T00:32:19.101-0400: 107.832: [GC (GCLocker Initiated GC) [PSYoungGen: 137504K->61298K(175104K)] 344143K->304655K(699392K), 0.0160141 secs] [Times: user=0.15 sys=0.00, real=0.02 secs] 
2016-09-24T00:32:19.224-0400: 107.956: [GC (GCLocker Initiated GC) [PSYoungGen: 149362K->55059K(175104K)] 399110K->323299K(699392K), 0.0324266 secs] [Times: user=0.33 sys=0.00, real=0.03 secs] 
2016-09-24T00:32:19.356-0400: 108.088: [GC (GCLocker Initiated GC) [PSYoungGen: 143123K->61526K(175104K)] 411411K->348159K(699392K), 0.0122969 secs] [Times: user=0.14 sys=0.00, real=0.01 secs] 
2016-09-24T00:32:19.485-0400: 108.216: [GC (GCLocker Initiated GC) [PSYoungGen: 149590K->49440K(175104K)] 448655K->385263K(699392K), 0.0146771 secs] [Times: user=0.18 sys=0.00, real=0.01 secs] 
2016-09-24T00:32:19.620-0400: 108.351: [GC (GCLocker Initiated GC) [PSYoungGen: 137504K->67405K(175104K)] 473676K->422046K(699392K), 0.0173753 secs] [Times: user=0.15 sys=0.00, real=0.02 secs] 
2016-09-24T00:32:19.739-0400: 108.471: [GC (GCLocker Initiated GC) [PSYoungGen: 155469K->79751K(175104K)] 510180K->452790K(699392K), 0.0105780 secs] [Times: user=0.10 sys=0.00, real=0.01 secs] 
2016-09-24T00:32:19.855-0400: 108.587: [GC (GCLocker Initiated GC) [PSYoungGen: 167815K->85630K(175104K)] 541065K->489514K(699392K), 0.0107708 secs] [Times: user=0.09 sys=0.01, real=0.01 secs] 
2016-09-24T00:32:19.982-0400: 108.714: [GC (GCLocker Initiated GC) [PSYoungGen: 173694K->67893K(175104K)] 577749K->490449K(699392K), 0.0094514 secs] [Times: user=0.12 sys=0.00, real=0.00 secs] 
2016-09-24T00:32:20.090-0400: 108.822: [GC (GCLocker Initiated GC) [PSYoungGen: 155957K->67309K(175104K)] 578555K->508391K(699392K), 0.0296655 secs] [Times: user=0.28 sys=0.00, real=0.03 secs] 
2016-09-24T00:32:20.239-0400: 108.971: [GC (GCLocker Initiated GC) [PSYoungGen: 155373K->43269K(175104K)] 596677K->545591K(699392K), 0.0184638 secs] [Times: user=0.16 sys=0.00, real=0.02 secs] 
2016-09-24T00:32:20.258-0400: 108.989: [Full GC (Ergonomics) [PSYoungGen: 43269K->0K(175104K)] [ParOldGen: 502322K->53023K(524288K)] 545591K->53023K(699392K), [Metaspace: 44379K->44379K(1087488K)], 0.0491911 secs] [Times: user=0.20 sys=0.01, real=0.05 secs] 
2016-09-24T00:32:20.432-0400: 109.163: [GC (GCLocker Initiated GC) [PSYoungGen: 88064K->86014K(175104K)] 147277K->181677K(699392K), 0.0128916 secs] [Times: user=0.15 sys=0.00, real=0.02 secs] 
2016-09-24T00:32:20.607-0400: 109.338: [GC (Allocation Failure) [PSYoungGen: 174078K->67565K(175104K)] 269828K->261078K(699392K), 0.0153059 secs] [Times: user=0.22 sys=0.00, real=0.02 secs] 
2016-09-24T00:32:20.742-0400: 109.474: [GC (GCLocker Initiated GC) [PSYoungGen: 154723K->55447K(175104K)] 354311K->291777K(699392K), 0.0120439 secs] [Times: user=0.15 sys=0.00, real=0.01 secs] 
2016-09-24T00:32:20.863-0400: 109.594: [GC (GCLocker Initiated GC) [PSYoungGen: 143511K->73444K(175104K)] 386003K->334484K(699392K), 0.0199769 secs] [Times: user=0.26 sys=0.00, real=0.02 secs] 
2016-09-24T00:32:20.996-0400: 109.727: [GC (GCLocker Initiated GC) [PSYoungGen: 161508K->56234K(175104K)] 428827K->323697K(699392K), 0.0071042 secs] [Times: user=0.10 sys=0.00, real=0.01 secs] 
2016-09-24T00:32:21.095-0400: 109.827: [GC (Allocation Failure) [PSYoungGen: 144298K->55415K(175104K)] 418007K->329758K(699392K), 0.0086757 secs] [Times: user=0.11 sys=0.00, real=0.01 secs] 
2016-09-24T00:32:21.221-0400: 109.952: [GC (GCLocker Initiated GC) [PSYoungGen: 143479K->85986K(175104K)] 417828K->372597K(699392K), 0.0315222 secs] [Times: user=0.39 sys=0.00, real=0.03 secs] 
2016-09-24T00:32:21.368-0400: 110.100: [GC (Allocation Failure) [PSYoungGen: 174050K->43169K(175104K)] 461016K->385445K(699392K), 0.0156521 secs] [Times: user=0.21 sys=0.01, real=0.02 secs] 
2016-09-24T00:32:21.489-0400: 110.220: [GC (GCLocker Initiated GC) [PSYoungGen: 129582K->73740K(175104K)] 477933K->422383K(699392K), 0.0079281 secs] [Times: user=0.10 sys=0.00, real=0.01 secs] 
2016-09-24T00:32:21.639-0400: 110.371: [GC (GCLocker Initiated GC) [PSYoungGen: 161804K->24979K(175104K)] 516877K->416919K(699392K), 0.0532049 secs] [Times: user=0.51 sys=0.00, real=0.05 secs] 
2016-09-24T00:32:21.805-0400: 110.537: [GC (GCLocker Initiated GC) [PSYoungGen: 113043K->61298K(175104K)] 511301K->459642K(699392K), 0.0150872 secs] [Times: user=0.16 sys=0.00, real=0.01 secs] 
2016-09-24T00:32:21.974-0400: 110.706: [GC (GCLocker Initiated GC) [PSYoungGen: 149362K->36902K(175104K)] 553783K->459636K(699392K), 0.0210630 secs] [Times: user=0.27 sys=0.00, real=0.02 secs] 
2016-09-24T00:32:22.130-0400: 110.861: [GC (GCLocker Initiated GC) [PSYoungGen: 124966K->67497K(175104K)] 553878K->496716K(699392K), 0.0094186 secs] [Times: user=0.10 sys=0.00, real=0.01 secs] 
2016-09-24T00:32:22.254-0400: 110.985: [GC (GCLocker Initiated GC) [PSYoungGen: 155561K->79651K(175104K)] 584811K->551546K(699392K), 0.0110715 secs] [Times: user=0.14 sys=0.01, real=0.02 secs] 
2016-09-24T00:32:22.265-0400: 110.997: [Full GC (Ergonomics) [PSYoungGen: 79651K->0K(175104K)] [ParOldGen: 471895K->46813K(524288K)] 551546K->46813K(699392K), [Metaspace: 44380K->44380K(1087488K)], 0.0493691 secs] [Times: user=0.33 sys=0.01, real=0.05 secs] 
2016-09-24T00:32:22.407-0400: 111.138: [GC (GCLocker Initiated GC) [PSYoungGen: 88064K->86178K(175104K)] 141055K->169544K(699392K), 0.0104222 secs] [Times: user=0.14 sys=0.01, real=0.01 secs] 
2016-09-24T00:32:22.529-0400: 111.261: [GC (GCLocker Initiated GC) [PSYoungGen: 174242K->73804K(175104K)] 257964K->231178K(699392K), 0.0129482 secs] [Times: user=0.16 sys=0.00, real=0.02 secs] 
2016-09-24T00:32:22.659-0400: 111.391: [GC (Allocation Failure) [PSYoungGen: 161868K->43333K(175104K)] 325318K->261773K(699392K), 0.0298342 secs] [Times: user=0.33 sys=0.00, real=0.03 secs] 
2016-09-24T00:32:22.803-0400: 111.534: [GC (GCLocker Initiated GC) [PSYoungGen: 131397K->67437K(175104K)] 349838K->304199K(699392K), 0.0240828 secs] [Times: user=0.24 sys=0.01, real=0.02 secs] 
2016-09-24T00:32:22.936-0400: 111.667: [GC (GCLocker Initiated GC) [PSYoungGen: 155501K->85822K(175104K)] 392327K->365316K(699392K), 0.0129948 secs] [Times: user=0.15 sys=0.00, real=0.01 secs] 
2016-09-24T00:32:23.061-0400: 111.793: [GC (GCLocker Initiated GC) [PSYoungGen: 173886K->49312K(175104K)] 453607K->402012K(699392K), 0.0383218 secs] [Times: user=0.41 sys=0.00, real=0.04 secs] 
2016-09-24T00:32:23.197-0400: 111.928: [GC (GCLocker Initiated GC) [PSYoungGen: 137376K->73736K(175104K)] 490303K->445196K(699392K), 0.0114976 secs] [Times: user=0.13 sys=0.00, real=0.01 secs] 
2016-09-24T00:32:23.315-0400: 112.047: [GC (GCLocker Initiated GC) [PSYoungGen: 161800K->73676K(175104K)] 539680K->469876K(699392K), 0.0283247 secs] [Times: user=0.29 sys=0.00, real=0.03 secs] 
2016-09-24T00:32:23.485-0400: 112.216: [GC (GCLocker Initiated GC) [PSYoungGen: 161740K->18968K(175104K)] 570256K->427900K(699392K), 0.0130081 secs] [Times: user=0.14 sys=0.00, real=0.01 secs] 
2016-09-24T00:32:23.623-0400: 112.355: [GC (Allocation Failure) [PSYoungGen: 107032K->85790K(175104K)] 516319K->501303K(699392K), 0.0141363 secs] [Times: user=0.14 sys=0.00, real=0.01 secs] 
2016-09-24T00:32:23.749-0400: 112.481: [GC (GCLocker Initiated GC) [PSYoungGen: 173854K->36966K(175104K)] 589368K->470824K(699392K), 0.0234849 secs] [Times: user=0.25 sys=0.00, real=0.02 secs] 
2016-09-24T00:32:23.874-0400: 112.606: [GC (Allocation Failure) [PSYoungGen: 125030K->73968K(175104K)] 565212K->514449K(699392K), 0.0126702 secs] [Times: user=0.14 sys=0.00, real=0.01 secs] 
2016-09-24T00:32:23.989-0400: 112.721: [Full GC (Ergonomics) [PSYoungGen: 156979K->0K(175104K)] [ParOldGen: 446556K->58937K(524288K)] 603536K->58937K(699392K), [Metaspace: 44380K->44380K(1087488K)], 0.0550970 secs] [Times: user=0.29 sys=0.01, real=0.06 secs] 
2016-09-24T00:32:24.149-0400: 112.881: [GC (Allocation Failure) [PSYoungGen: 88064K->86502K(175104K)] 147334K->145772K(699392K), 0.0145222 secs] [Times: user=0.11 sys=0.01, real=0.02 secs] 
2016-09-24T00:32:24.281-0400: 113.012: [GC (GCLocker Initiated GC) [PSYoungGen: 174513K->55451K(175104K)] 239858K->158330K(699392K), 0.0117835 secs] [Times: user=0.10 sys=0.00, real=0.01 secs] 
2016-09-24T00:32:24.413-0400: 113.145: [GC (GCLocker Initiated GC) [PSYoungGen: 143515K->79619K(175104K)] 246767K->183138K(699392K), 0.0156800 secs] [Times: user=0.16 sys=0.00, real=0.02 secs] 
2016-09-24T00:32:24.533-0400: 113.264: [GC (GCLocker Initiated GC) [PSYoungGen: 167683K->61362K(175104K)] 271384K->183392K(699392K), 0.0099661 secs] [Times: user=0.10 sys=0.00, real=0.02 secs] 
2016-09-24T00:32:24.660-0400: 113.392: [GC (GCLocker Initiated GC) [PSYoungGen: 149426K->55223K(175104K)] 271498K->201830K(699392K), 0.0348768 secs] [Times: user=0.35 sys=0.00, real=0.04 secs] 
2016-09-24T00:32:24.816-0400: 113.547: [GC (GCLocker Initiated GC) [PSYoungGen: 143287K->30795K(175104K)] 290093K->208236K(699392K), 0.0286260 secs] [Times: user=0.29 sys=0.00, real=0.03 secs] 
2016-09-24T00:32:24.983-0400: 113.715: [GC (GCLocker Initiated GC) [PSYoungGen: 118859K->37553K(175104K)] 308626K->227612K(699392K), 0.0101240 secs] [Times: user=0.09 sys=0.00, real=0.00 secs] 
2016-09-24T00:32:25.102-0400: 113.834: [GC (GCLocker Initiated GC) [PSYoungGen: 125617K->55319K(175104K)] 322062K->270255K(699392K), 0.0144540 secs] [Times: user=0.15 sys=0.00, real=0.01 secs] 
2016-09-24T00:32:25.260-0400: 113.992: [GC (GCLocker Initiated GC) [PSYoungGen: 143383K->61462K(175104K)] 364733K->282923K(699392K), 0.0071024 secs] [Times: user=0.05 sys=0.01, real=0.01 secs] 
2016-09-24T00:32:25.402-0400: 114.134: [GC (GCLocker Initiated GC) [PSYoungGen: 149526K->49148K(175104K)] 377283K->295569K(699392K), 0.0261124 secs] [Times: user=0.24 sys=0.00, real=0.02 secs] 
2016-09-24T00:32:25.553-0400: 114.284: [GC (GCLocker Initiated GC) [PSYoungGen: 137212K->61882K(175104K)] 401990K->345200K(699392K), 0.0100873 secs] [Times: user=0.14 sys=0.01, real=0.02 secs] 
2016-09-24T00:32:25.660-0400: 114.391: [GC (GCLocker Initiated GC) [PSYoungGen: 149946K->73672K(175104K)] 433339K->399906K(699392K), 0.0116415 secs] [Times: user=0.18 sys=0.00, real=0.01 secs] 
2016-09-24T00:32:25.804-0400: 114.535: [GC (Allocation Failure) [PSYoungGen: 161734K->30923K(175104K)] 500463K->388152K(699392K), 0.0069787 secs] [Times: user=0.05 sys=0.00, real=0.00 secs] 
2016-09-24T00:32:25.915-0400: 114.646: [GC (Allocation Failure) [PSYoungGen: 118983K->79491K(175104K)] 476212K->437135K(699392K), 0.0094299 secs] [Times: user=0.08 sys=0.00, real=0.01 secs] 
2016-09-24T00:32:26.060-0400: 114.791: [GC (GCLocker Initiated GC) [PSYoungGen: 167555K->18677K(175104K)] 525205K->431089K(699392K), 0.0146158 secs] [Times: user=0.12 sys=0.01, real=0.02 secs] 
2016-09-24T00:32:26.214-0400: 114.945: [GC (Allocation Failure) [PSYoungGen: 106741K->37745K(175104K)] 537632K->468733K(699392K), 0.0208861 secs] [Times: user=0.26 sys=0.01, real=0.03 secs] 
2016-09-24T00:32:26.346-0400: 115.078: [GC (GCLocker Initiated GC) [PSYoungGen: 124194K->55579K(175104K)] 561257K->492948K(699392K), 0.0071772 secs] [Times: user=0.10 sys=0.00, real=0.00 secs] 
2016-09-24T00:32:26.486-0400: 115.218: [GC (GCLocker Initiated GC) [PSYoungGen: 143643K->79811K(175104K)] 593311K->566244K(699392K), 0.0103491 secs] [Times: user=0.16 sys=0.00, real=0.01 secs] 
2016-09-24T00:32:26.497-0400: 115.228: [Full GC (Ergonomics) [PSYoungGen: 79811K->0K(175104K)] [ParOldGen: 486433K->52897K(524288K)] 566244K->52897K(699392K), [Metaspace: 44382K->44382K(1087488K)], 0.0534755 secs] [Times: user=0.44 sys=0.01, real=0.05 secs] 
2016-09-24T00:32:26.635-0400: 115.367: [GC (GCLocker Initiated GC) [PSYoungGen: 88064K->86078K(175104K)] 141071K->157310K(699392K), 0.0097135 secs] [Times: user=0.11 sys=0.01, real=0.01 secs] 
2016-09-24T00:32:26.766-0400: 115.497: [GC (Allocation Failure) [PSYoungGen: 174142K->55743K(175104K)] 245707K->182718K(699392K), 0.0103897 secs] [Times: user=0.14 sys=0.00, real=0.01 secs] 
2016-09-24T00:32:26.901-0400: 115.632: [GC (GCLocker Initiated GC) [PSYoungGen: 143807K->67341K(175104K)] 270788K->206879K(699392K), 0.0107375 secs] [Times: user=0.10 sys=0.00, real=0.01 secs] 
2016-09-24T00:32:27.043-0400: 115.775: [GC (GCLocker Initiated GC) [PSYoungGen: 155405K->55091K(175104K)] 301043K->219081K(699392K), 0.0159593 secs] [Times: user=0.18 sys=0.00, real=0.01 secs] 
2016-09-24T00:32:27.166-0400: 115.897: [GC (GCLocker Initiated GC) [PSYoungGen: 143155K->37357K(175104K)] 313447K->232046K(699392K), 0.0317921 secs] [Times: user=0.32 sys=0.01, real=0.03 secs] 
2016-09-24T00:32:27.310-0400: 116.041: [GC (GCLocker Initiated GC) [PSYoungGen: 125421K->31019K(175104K)] 338617K->287031K(699392K), 0.0139983 secs] [Times: user=0.14 sys=0.01, real=0.02 secs] 
2016-09-24T00:32:27.440-0400: 116.172: [GC (GCLocker Initiated GC) [PSYoungGen: 119083K->85890K(175104K)] 375153K->342260K(699392K), 0.0078044 secs] [Times: user=0.11 sys=0.00, real=0.01 secs] 
2016-09-24T00:32:27.556-0400: 116.287: [GC (Allocation Failure) [PSYoungGen: 173954K->24784K(175104K)] 430326K->336279K(699392K), 0.0090885 secs] [Times: user=0.08 sys=0.00, real=0.01 secs] 
2016-09-24T00:32:27.686-0400: 116.418: [GC (GCLocker Initiated GC) [PSYoungGen: 112848K->73640K(175104K)] 424343K->385467K(699392K), 0.0081981 secs] [Times: user=0.11 sys=0.00, real=0.01 secs] 
2016-09-24T00:32:27.819-0400: 116.550: [GC (GCLocker Initiated GC) [PSYoungGen: 161704K->73348K(175104K)] 473573K->403733K(699392K), 0.0155028 secs] [Times: user=0.15 sys=0.00, real=0.02 secs] 
2016-09-24T00:32:27.912-0400: 116.644: [GC (GCLocker Initiated GC) [PSYoungGen: 161412K->85954K(175104K)] 491873K->477316K(699392K), 0.0190378 secs] [Times: user=0.19 sys=0.00, real=0.02 secs] 
2016-09-24T00:32:28.059-0400: 116.790: [GC (GCLocker Initiated GC) [PSYoungGen: 174018K->67373K(175104K)] 571525K->495523K(699392K), 0.0175930 secs] [Times: user=0.18 sys=0.00, real=0.02 secs] 
2016-09-24T00:32:28.187-0400: 116.919: [GC (Allocation Failure) [PSYoungGen: 155437K->61230K(175104K)] 583785K->508071K(699392K), 0.0143319 secs] [Times: user=0.15 sys=0.01, real=0.01 secs] 
2016-09-24T00:32:28.202-0400: 116.934: [GC (GCLocker Initiated GC) --[PSYoungGen: 61969K->61969K(175104K)] 508811K->581883K(699392K), 0.0075701 secs] [Times: user=0.07 sys=0.00, real=0.01 secs] 
2016-09-24T00:32:28.210-0400: 116.941: [Full GC (Ergonomics) [PSYoungGen: 61969K->0K(175104K)] [ParOldGen: 519913K->46717K(524288K)] 581883K->46717K(699392K), [Metaspace: 44393K->44393K(1087488K)], 0.0528280 secs] [Times: user=0.31 sys=0.01, real=0.06 secs] 
2016-09-24T00:32:28.375-0400: 117.106: [GC (GCLocker Initiated GC) [PSYoungGen: 86683K->86730K(175104K)] 139475K->145597K(699392K), 0.0100450 secs] [Times: user=0.12 sys=0.00, real=0.01 secs] 
2016-09-24T00:32:28.472-0400: 117.204: [GC (GCLocker Initiated GC) [PSYoungGen: 174794K->85758K(175104K)] 233823K->182377K(699392K), 0.0110090 secs] [Times: user=0.14 sys=0.00, real=0.02 secs] 
2016-09-24T00:32:28.614-0400: 117.345: [GC (GCLocker Initiated GC) [PSYoungGen: 173822K->43269K(175104K)] 276731K->182723K(699392K), 0.0136885 secs] [Times: user=0.13 sys=0.00, real=0.02 secs] 
2016-09-24T00:32:28.736-0400: 117.467: [GC (GCLocker Initiated GC) [PSYoungGen: 131333K->43037K(175104K)] 270868K->231456K(699392K), 0.0155614 secs] [Times: user=0.16 sys=0.00, real=0.01 secs] 
2016-09-24T00:32:28.866-0400: 117.597: [GC (GCLocker Initiated GC) [PSYoungGen: 131101K->67601K(175104K)] 319889K->286875K(699392K), 0.0220804 secs] [Times: user=0.24 sys=0.00, real=0.02 secs] 
2016-09-24T00:32:29.010-0400: 117.742: [GC (GCLocker Initiated GC) [PSYoungGen: 155665K->55447K(175104K)] 387196K->305659K(699392K), 0.0092770 secs] [Times: user=0.09 sys=0.00, real=0.01 secs] 
2016-09-24T00:32:29.136-0400: 117.868: [GC (GCLocker Initiated GC) [PSYoungGen: 143511K->49180K(175104K)] 405915K->311851K(699392K), 0.0275562 secs] [Times: user=0.25 sys=0.00, real=0.03 secs] 
2016-09-24T00:32:29.284-0400: 118.015: [GC (GCLocker Initiated GC) [PSYoungGen: 137244K->37130K(175104K)] 400035K->330384K(699392K), 0.0099687 secs] [Times: user=0.06 sys=0.00, real=0.00 secs] 
2016-09-24T00:32:29.417-0400: 118.148: [GC (Allocation Failure) [PSYoungGen: 125194K->73804K(175104K)] 418786K->385896K(699392K), 0.0152037 secs] [Times: user=0.10 sys=0.00, real=0.01 secs] 
2016-09-24T00:32:29.535-0400: 118.267: [GC (GCLocker Initiated GC) [PSYoungGen: 161868K->43269K(175104K)] 473966K->391897K(699392K), 0.0362099 secs] [Times: user=0.35 sys=0.00, real=0.03 secs] 
2016-09-24T00:32:29.669-0400: 118.400: [GC (Allocation Failure) [PSYoungGen: 131333K->79815K(175104K)] 480148K->465379K(699392K), 0.0343830 secs] [Times: user=0.39 sys=0.00, real=0.04 secs] 
2016-09-24T00:32:29.813-0400: 118.545: [GC (GCLocker Initiated GC) [PSYoungGen: 167879K->73512K(175104K)] 553449K->483821K(699392K), 0.0236679 secs] [Times: user=0.27 sys=0.00, real=0.03 secs] 
2016-09-24T00:32:29.932-0400: 118.664: [GC (GCLocker Initiated GC) [PSYoungGen: 161576K->79619K(175104K)] 571927K->496188K(699392K), 0.0299339 secs] [Times: user=0.35 sys=0.00, real=0.04 secs] 
2016-09-24T00:32:30.085-0400: 118.817: [GC (Allocation Failure) [PSYoungGen: 167683K->67629K(175104K)] 584434K->563663K(699392K), 0.0154841 secs] [Times: user=0.15 sys=0.00, real=0.01 secs] 
2016-09-24T00:32:30.101-0400: 118.832: [Full GC (Ergonomics) [PSYoungGen: 67629K->0K(175104K)] [ParOldGen: 496034K->53404K(524288K)] 563663K->53404K(699392K), [Metaspace: 44395K->44395K(1087488K)], 0.0591816 secs] [Times: user=0.29 sys=0.00, real=0.06 secs] 
2016-09-24T00:32:30.276-0400: 119.008: [GC (GCLocker Initiated GC) [PSYoungGen: 88062K->86114K(175104K)] 141478K->145604K(699392K), 0.0138987 secs] [Times: user=0.18 sys=0.01, real=0.01 secs] 
2016-09-24T00:32:30.397-0400: 119.128: [GC (GCLocker Initiated GC) [PSYoungGen: 174178K->55187K(175104K)] 233856K->176178K(699392K), 0.0241120 secs] [Times: user=0.32 sys=0.01, real=0.02 secs] 
2016-09-24T00:32:30.518-0400: 119.249: [GC (GCLocker Initiated GC) [PSYoungGen: 143251K->86214K(175104K)] 264318K->256072K(699392K), 0.0116903 secs] [Times: user=0.18 sys=0.00, real=0.01 secs] 
2016-09-24T00:32:30.655-0400: 119.387: [GC (Allocation Failure) [PSYoungGen: 174278K->43365K(175104K)] 356502K->274448K(699392K), 0.0145853 secs] [Times: user=0.15 sys=0.00, real=0.01 secs] 
2016-09-24T00:32:30.801-0400: 119.532: [GC (Allocation Failure) [PSYoungGen: 126438K->73608K(175104K)] 357522K->335406K(699392K), 0.0126827 secs] [Times: user=0.15 sys=0.00, real=0.01 secs] 
2016-09-24T00:32:30.908-0400: 119.639: [GC (GCLocker Initiated GC) [PSYoungGen: 161672K->85594K(175104K)] 423475K->371825K(699392K), 0.0134466 secs] [Times: user=0.18 sys=0.00, real=0.01 secs] 
2016-09-24T00:32:31.043-0400: 119.774: [GC (GCLocker Initiated GC) [PSYoungGen: 173658K->73772K(175104K)] 466090K->384581K(699392K), 0.0110793 secs] [Times: user=0.15 sys=0.00, real=0.00 secs] 
2016-09-24T00:32:31.153-0400: 119.885: [GC (GCLocker Initiated GC) [PSYoungGen: 161836K->85726K(175104K)] 472810K->421455K(699392K), 0.0176082 secs] [Times: user=0.24 sys=0.01, real=0.02 secs] 
2016-09-24T00:32:31.289-0400: 120.020: [GC (GCLocker Initiated GC) [PSYoungGen: 173790K->79619K(175104K)] 509769K->470400K(699392K), 0.0111133 secs] [Times: user=0.15 sys=0.00, real=0.01 secs] 
2016-09-24T00:32:31.414-0400: 120.145: [GC (Allocation Failure) [PSYoungGen: 167683K->85954K(175104K)] 564726K->519591K(699392K), 0.0138313 secs] [Times: user=0.14 sys=0.00, real=0.02 secs] 
2016-09-24T00:32:31.565-0400: 120.297: [GC (GCLocker Initiated GC) [PSYoungGen: 170571K->36994K(175104K)] 610284K->525801K(699392K), 0.0085346 secs] [Times: user=0.11 sys=0.00, real=0.00 secs] 
2016-09-24T00:32:31.574-0400: 120.305: [Full GC (Ergonomics) [PSYoungGen: 36994K->0K(175104K)] [ParOldGen: 488807K->41030K(524288K)] 525801K->41030K(699392K), [Metaspace: 44395K->44395K(1087488K)], 0.0514538 secs] [Times: user=0.32 sys=0.00, real=0.06 secs] 
2016-09-24T00:32:31.755-0400: 120.486: [GC (GCLocker Initiated GC) [PSYoungGen: 88064K->73864K(175104K)] 135373K->121182K(699392K), 0.0086663 secs] [Times: user=0.12 sys=0.00, real=0.01 secs] 
2016-09-24T00:32:31.872-0400: 120.604: [GC (GCLocker Initiated GC) [PSYoungGen: 161928K->85822K(175104K)] 209264K->152127K(699392K), 0.0105578 secs] [Times: user=0.13 sys=0.00, real=0.02 secs] 
2016-09-24T00:32:31.986-0400: 120.717: [GC (Allocation Failure) [PSYoungGen: 173886K->85790K(175104K)] 240361K->201189K(699392K), 0.0132338 secs] [Times: user=0.19 sys=0.00, real=0.01 secs] 
2016-09-24T00:32:32.092-0400: 120.823: [GC (GCLocker Initiated GC) [PSYoungGen: 173854K->79879K(175104K)] 289259K->286561K(699392K), 0.0150383 secs] [Times: user=0.21 sys=0.01, real=0.02 secs] 
2016-09-24T00:32:32.211-0400: 120.942: [GC (GCLocker Initiated GC) [PSYoungGen: 167943K->67629K(175104K)] 374813K->323431K(699392K), 0.0111413 secs] [Times: user=0.13 sys=0.00, real=0.01 secs] 
2016-09-24T00:32:32.323-0400: 121.054: [GC (GCLocker Initiated GC) [PSYoungGen: 155693K->85762K(175104K)] 411632K->347887K(699392K), 0.0161493 secs] [Times: user=0.17 sys=0.00, real=0.01 secs] 
2016-09-24T00:32:32.469-0400: 121.201: [GC (GCLocker Initiated GC) [PSYoungGen: 173826K->61358K(175104K)] 442029K->384683K(699392K), 0.0153341 secs] [Times: user=0.15 sys=0.01, real=0.02 secs] 
2016-09-24T00:32:32.602-0400: 121.333: [GC (GCLocker Initiated GC) [PSYoungGen: 149422K->85566K(175104K)] 478943K->415198K(699392K), 0.0101545 secs] [Times: user=0.08 sys=0.00, real=0.01 secs] 
2016-09-24T00:32:32.725-0400: 121.456: [GC (GCLocker Initiated GC) [PSYoungGen: 173630K->55579K(175104K)] 515507K->446379K(699392K), 0.0121804 secs] [Times: user=0.17 sys=0.00, real=0.01 secs] 
2016-09-24T00:32:32.866-0400: 121.597: [GC (Allocation Failure) [PSYoungGen: 143643K->85630K(175104K)] 534636K->494976K(699392K), 0.0156514 secs] [Times: user=0.16 sys=0.00, real=0.01 secs] 
2016-09-24T00:32:32.997-0400: 121.728: [GC (GCLocker Initiated GC) [PSYoungGen: 173694K->73448K(175104K)] 583045K->513434K(699392K), 0.0249044 secs] [Times: user=0.23 sys=0.00, real=0.02 secs] 
2016-09-24T00:32:33.022-0400: 121.753: [Full GC (Ergonomics) [PSYoungGen: 73448K->0K(175104K)] [ParOldGen: 439986K->47332K(524288K)] 513434K->47332K(699392K), [Metaspace: 44396K->44396K(1087488K)], 0.0538143 secs] [Times: user=0.27 sys=0.01, real=0.06 secs] 
2016-09-24T00:32:33.179-0400: 121.910: [GC (GCLocker Initiated GC) [PSYoungGen: 88064K->85982K(175104K)] 135453K->139446K(699392K), 0.0267936 secs] [Times: user=0.32 sys=0.00, real=0.03 secs] 
2016-09-24T00:32:33.319-0400: 122.050: [GC (GCLocker Initiated GC) [PSYoungGen: 174046K->73608K(175104K)] 227641K->176343K(699392K), 0.0216794 secs] [Times: user=0.26 sys=0.00, real=0.02 secs] 
2016-09-24T00:32:33.436-0400: 122.167: [GC (GCLocker Initiated GC) [PSYoungGen: 161672K->67569K(175104K)] 264444K->170609K(699392K), 0.0239822 secs] [Times: user=0.23 sys=0.00, real=0.02 secs] 
2016-09-24T00:32:33.573-0400: 122.305: [GC (GCLocker Initiated GC) [PSYoungGen: 155633K->55383K(175104K)] 258788K->219759K(699392K), 0.0114865 secs] [Times: user=0.15 sys=0.00, real=0.02 secs] 
2016-09-24T00:32:33.692-0400: 122.424: [GC (GCLocker Initiated GC) [PSYoungGen: 143447K->61558K(175104K)] 314119K->244648K(699392K), 0.0194552 secs] [Times: user=0.20 sys=0.00, real=0.02 secs] 
2016-09-24T00:32:33.861-0400: 122.593: [GC (Allocation Failure) [PSYoungGen: 149622K->61298K(175104K)] 332955K->263295K(699392K), 0.0334307 secs] [Times: user=0.32 sys=0.00, real=0.04 secs] 
2016-09-24T00:32:34.009-0400: 122.741: [GC (GCLocker Initiated GC) [PSYoungGen: 147967K->67437K(175104K)] 356040K->293837K(699392K), 0.0139904 secs] [Times: user=0.11 sys=0.01, real=0.02 secs] 
2016-09-24T00:32:34.129-0400: 122.860: [GC (Allocation Failure) [PSYoungGen: 155501K->43365K(175104K)] 388197K->294390K(699392K), 0.0303613 secs] [Times: user=0.33 sys=0.00, real=0.03 secs] 
2016-09-24T00:32:34.248-0400: 122.979: [GC (GCLocker Initiated GC) [PSYoungGen: 131429K->85954K(175104K)] 382460K->355501K(699392K), 0.0194813 secs] [Times: user=0.21 sys=0.00, real=0.02 secs] 
2016-09-24T00:32:34.412-0400: 123.144: [GC (GCLocker Initiated GC) [PSYoungGen: 174018K->36998K(175104K)] 455773K->337449K(699392K), 0.0068641 secs] [Times: user=0.07 sys=0.01, real=0.01 secs] 
2016-09-24T00:32:34.529-0400: 123.260: [GC (Allocation Failure) [PSYoungGen: 125062K->55191K(175104K)] 425578K->374207K(699392K), 0.0227709 secs] [Times: user=0.25 sys=0.00, real=0.02 secs] 
2016-09-24T00:32:34.664-0400: 123.396: [GC (GCLocker Initiated GC) [PSYoungGen: 143255K->67729K(175104K)] 462277K->465862K(699392K), 0.0157030 secs] [Times: user=0.16 sys=0.00, real=0.01 secs] 
2016-09-24T00:32:34.779-0400: 123.510: [GC (GCLocker Initiated GC) [PSYoungGen: 155793K->85986K(175104K)] 553956K->514856K(699392K), 0.0121477 secs] [Times: user=0.17 sys=0.01, real=0.01 secs] 
2016-09-24T00:32:34.884-0400: 123.615: [GC (GCLocker Initiated GC) [PSYoungGen: 174050K->73512K(175104K)] 603286K->545393K(699392K), 0.0184465 secs] [Times: user=0.24 sys=0.00, real=0.02 secs] 
2016-09-24T00:32:34.903-0400: 123.634: [Full GC (Ergonomics) [PSYoungGen: 73512K->0K(175104K)] [ParOldGen: 471881K->53882K(524288K)] 545393K->53882K(699392K), [Metaspace: 44398K->44398K(1087488K)], 0.0532601 secs] [Times: user=0.36 sys=0.01, real=0.05 secs] 
2016-09-24T00:32:35.048-0400: 123.780: [GC (GCLocker Initiated GC) [PSYoungGen: 88064K->85986K(175104K)] 142307K->164530K(699392K), 0.0090054 secs] [Times: user=0.12 sys=0.00, real=0.01 secs] 
2016-09-24T00:32:35.175-0400: 123.907: [GC (GCLocker Initiated GC) [PSYoungGen: 174050K->61590K(175104K)] 252691K->183047K(699392K), 0.0095112 secs] [Times: user=0.09 sys=0.00, real=0.01 secs] 
2016-09-24T00:32:35.309-0400: 124.040: [GC (GCLocker Initiated GC) [PSYoungGen: 149654K->19064K(175104K)] 283263K->171339K(699392K), 0.0101619 secs] [Times: user=0.13 sys=0.00, real=0.01 secs] 
2016-09-24T00:32:35.436-0400: 124.168: [GC (GCLocker Initiated GC) [PSYoungGen: 107128K->79715K(175104K)] 271875K->244752K(699392K), 0.0116348 secs] [Times: user=0.14 sys=0.00, real=0.01 secs] 
2016-09-24T00:32:35.543-0400: 124.275: [GC (GCLocker Initiated GC) [PSYoungGen: 167779K->80007K(175104K)] 332936K->263696K(699392K), 0.0160994 secs] [Times: user=0.18 sys=0.01, real=0.01 secs] 
2016-09-24T00:32:35.675-0400: 124.406: [GC (Allocation Failure) [PSYoungGen: 168071K->73672K(175104K)] 351942K->312665K(699392K), 0.0116234 secs] [Times: user=0.10 sys=0.00, real=0.01 secs] 
2016-09-24T00:32:35.806-0400: 124.538: [GC (GCLocker Initiated GC) [PSYoungGen: 161733K->74164K(175104K)] 400732K->343690K(699392K), 0.0129451 secs] [Times: user=0.19 sys=0.01, real=0.01 secs] 
2016-09-24T00:32:35.926-0400: 124.658: [GC (GCLocker Initiated GC) [PSYoungGen: 162228K->67373K(175104K)] 431785K->355439K(699392K), 0.0475807 secs] [Times: user=0.50 sys=0.00, real=0.04 secs] 
2016-09-24T00:32:36.089-0400: 124.820: [GC (Allocation Failure) [PSYoungGen: 155437K->85822K(175104K)] 443556K->428776K(699392K), 0.0133187 secs] [Times: user=0.19 sys=0.00, real=0.02 secs] 
2016-09-24T00:32:36.238-0400: 124.969: [GC (GCLocker Initiated GC) [PSYoungGen: 173886K->67373K(175104K)] 516846K->428801K(699392K), 0.0304638 secs] [Times: user=0.26 sys=0.00, real=0.03 secs] 
2016-09-24T00:32:36.402-0400: 125.133: [GC (GCLocker Initiated GC) [PSYoungGen: 155437K->55611K(175104K)] 523302K->441836K(699392K), 0.0104700 secs] [Times: user=0.14 sys=0.00, real=0.01 secs] 
2016-09-24T00:32:36.522-0400: 125.253: [GC (GCLocker Initiated GC) [PSYoungGen: 143675K->73804K(175104K)] 536195K->484693K(699392K), 0.0091844 secs] [Times: user=0.12 sys=0.01, real=0.01 secs] 
2016-09-24T00:32:36.661-0400: 125.393: [GC (Allocation Failure) [PSYoungGen: 161868K->49504K(175104K)] 579188K->503581K(699392K), 0.0101967 secs] [Times: user=0.09 sys=0.00, real=0.01 secs] 
2016-09-24T00:32:36.672-0400: 125.403: [GC (GCLocker Initiated GC) [PSYoungGen: 49882K->32K(175104K)] 503959K->509662K(699392K), 0.0062783 secs] [Times: user=0.09 sys=0.00, real=0.01 secs] 
2016-09-24T00:32:36.678-0400: 125.410: [Full GC (Ergonomics) [PSYoungGen: 32K->0K(175104K)] [ParOldGen: 509630K->53398K(524288K)] 509662K->53398K(699392K), [Metaspace: 44398K->44398K(1087488K)], 0.0512961 secs] [Times: user=0.37 sys=0.02, real=0.05 secs] 
2016-09-24T00:32:36.816-0400: 125.548: [GC (GCLocker Initiated GC) [PSYoungGen: 88064K->85690K(175104K)] 141462K->163389K(699392K), 0.0131491 secs] [Times: user=0.19 sys=0.01, real=0.01 secs] 
2016-09-24T00:32:36.926-0400: 125.658: [GC (GCLocker Initiated GC) [PSYoungGen: 173754K->67601K(175104K)] 251567K->218442K(699392K), 0.0155112 secs] [Times: user=0.15 sys=0.00, real=0.01 secs] 
2016-09-24T00:32:37.078-0400: 125.810: [GC (Allocation Failure) [PSYoungGen: 155665K->67369K(175104K)] 313025K->279836K(699392K), 0.0112863 secs] [Times: user=0.09 sys=0.00, real=0.01 secs] 
2016-09-24T00:32:37.202-0400: 125.934: [GC (GCLocker Initiated GC) [PSYoungGen: 149735K->73480K(175104K)] 368278K->292134K(699392K), 0.0205878 secs] [Times: user=0.20 sys=0.00, real=0.02 secs] 
2016-09-24T00:32:37.314-0400: 126.045: [GC (GCLocker Initiated GC) [PSYoungGen: 161544K->49148K(175104K)] 386494K->304732K(699392K), 0.0261401 secs] [Times: user=0.24 sys=0.00, real=0.03 secs] 
2016-09-24T00:32:37.447-0400: 126.178: [GC (GCLocker Initiated GC) [PSYoungGen: 137212K->49312K(175104K)] 399559K->348212K(699392K), 0.0152210 secs] [Times: user=0.13 sys=0.00, real=0.02 secs] 
2016-09-24T00:32:37.600-0400: 126.331: [GC (GCLocker Initiated GC) [PSYoungGen: 137376K->55027K(175104K)] 436436K->354502K(699392K), 0.0174674 secs] [Times: user=0.17 sys=0.00, real=0.02 secs] 
2016-09-24T00:32:37.734-0400: 126.465: [GC (GCLocker Initiated GC) [PSYoungGen: 143091K->85562K(175104K)] 448957K->409781K(699392K), 0.0103011 secs] [Times: user=0.11 sys=0.00, real=0.02 secs] 
2016-09-24T00:32:37.855-0400: 126.586: [GC (GCLocker Initiated GC) [PSYoungGen: 173626K->85726K(175104K)] 498206K->416500K(699392K), 0.0158391 secs] [Times: user=0.16 sys=0.00, real=0.01 secs] 
2016-09-24T00:32:37.999-0400: 126.731: [GC (GCLocker Initiated GC) [PSYoungGen: 173790K->55319K(175104K)] 510923K->410929K(699392K), 0.0224751 secs] [Times: user=0.25 sys=0.00, real=0.02 secs] 
2016-09-24T00:32:38.142-0400: 126.874: [GC (Allocation Failure) [PSYoungGen: 143383K->61362K(175104K)] 505390K->423636K(699392K), 0.0172372 secs] [Times: user=0.23 sys=0.00, real=0.02 secs] 
2016-09-24T00:32:38.279-0400: 127.011: [GC (GCLocker Initiated GC) [PSYoungGen: 149426K->61458K(175104K)] 511705K->442090K(699392K), 0.0145728 secs] [Times: user=0.18 sys=0.00, real=0.01 secs] 
2016-09-24T00:32:38.406-0400: 127.137: [GC (GCLocker Initiated GC) [PSYoungGen: 149522K->85954K(175104K)] 530308K->491332K(699392K), 0.0109712 secs] [Times: user=0.13 sys=0.01, real=0.01 secs] 
2016-09-24T00:32:38.524-0400: 127.255: [GC (GCLocker Initiated GC) [PSYoungGen: 174018K->43105K(175104K)] 579403K->497545K(699392K), 0.0118635 secs] [Times: user=0.12 sys=0.00, real=0.01 secs] 
2016-09-24T00:32:38.655-0400: 127.386: [Full GC (Ergonomics) [PSYoungGen: 131169K->0K(175104K)] [ParOldGen: 460781K->53382K(524288K)] 591950K->53382K(699392K), [Metaspace: 44398K->44398K(1087488K)], 0.0676307 secs] [Times: user=0.34 sys=0.01, real=0.07 secs] 
2016-09-24T00:32:38.829-0400: 127.560: [GC (Allocation Failure) [PSYoungGen: 88064K->86242K(175104K)] 141717K->170271K(699392K), 0.0188897 secs] [Times: user=0.21 sys=0.02, real=0.02 secs] 
2016-09-24T00:32:38.954-0400: 127.686: [GC (GCLocker Initiated GC) [PSYoungGen: 169859K->73740K(175104K)] 259963K->219222K(699392K), 0.0190982 secs] [Times: user=0.19 sys=0.01, real=0.01 secs] 
2016-09-24T00:32:39.088-0400: 127.820: [GC (GCLocker Initiated GC) [PSYoungGen: 161804K->67437K(175104K)] 307351K->237723K(699392K), 0.0211484 secs] [Times: user=0.22 sys=0.00, real=0.02 secs] 
2016-09-24T00:32:39.254-0400: 127.985: [GC (Allocation Failure) [PSYoungGen: 155501K->37190K(175104K)] 338197K->274697K(699392K), 0.0242632 secs] [Times: user=0.26 sys=0.00, real=0.03 secs] 
2016-09-24T00:32:39.392-0400: 128.123: [GC (GCLocker Initiated GC) [PSYoungGen: 125254K->73640K(175104K)] 362766K->311484K(699392K), 0.0089973 secs] [Times: user=0.14 sys=0.00, real=0.01 secs] 
2016-09-24T00:32:39.511-0400: 128.242: [GC (GCLocker Initiated GC) [PSYoungGen: 161704K->43069K(175104K)] 399595K->348092K(699392K), 0.0097787 secs] [Times: user=0.13 sys=0.00, real=0.01 secs] 
2016-09-24T00:32:39.635-0400: 128.367: [GC (GCLocker Initiated GC) [PSYoungGen: 131133K->85790K(175104K)] 436215K->439608K(699392K), 0.0118079 secs] [Times: user=0.19 sys=0.00, real=0.01 secs] 
2016-09-24T00:32:39.748-0400: 128.479: [GC (GCLocker Initiated GC) [PSYoungGen: 173854K->49344K(175104K)] 539998K->452213K(699392K), 0.0089619 secs] [Times: user=0.08 sys=0.00, real=0.01 secs] 
2016-09-24T00:32:39.890-0400: 128.622: [GC (GCLocker Initiated GC) [PSYoungGen: 137408K->43137K(175104K)] 546651K->489278K(699392K), 0.0216187 secs] [Times: user=0.21 sys=0.00, real=0.02 secs] 
2016-09-24T00:32:39.912-0400: 128.644: [Full GC (Ergonomics) [PSYoungGen: 43137K->0K(175104K)] [ParOldGen: 446141K->53358K(524288K)] 489278K->53358K(699392K), [Metaspace: 44398K->44398K(1087488K)], 0.0628487 secs] [Times: user=0.53 sys=0.01, real=0.07 secs] 
2016-09-24T00:32:40.103-0400: 128.835: [GC (GCLocker Initiated GC) [PSYoungGen: 88064K->86182K(175104K)] 141789K->145982K(699392K), 0.0228873 secs] [Times: user=0.32 sys=0.00, real=0.02 secs] 
2016-09-24T00:32:40.240-0400: 128.971: [GC (GCLocker Initiated GC) [PSYoungGen: 174246K->55415K(175104K)] 240308K->158718K(699392K), 0.0143188 secs] [Times: user=0.16 sys=0.00, real=0.01 secs] 
2016-09-24T00:32:40.357-0400: 129.089: [GC (GCLocker Initiated GC) [PSYoungGen: 143479K->55287K(175104K)] 252961K->164881K(699392K), 0.0101225 secs] [Times: user=0.12 sys=0.01, real=0.01 secs] 
2016-09-24T00:32:40.483-0400: 129.215: [GC (GCLocker Initiated GC) [PSYoungGen: 143351K->79875K(175104K)] 253076K->208116K(699392K), 0.0244302 secs] [Times: user=0.25 sys=0.00, real=0.02 secs] 
2016-09-24T00:32:40.673-0400: 129.405: [GC (GCLocker Initiated GC) [PSYoungGen: 167939K->55223K(175104K)] 302280K->202230K(699392K), 0.0394609 secs] [Times: user=0.44 sys=0.00, real=0.04 secs] 
2016-09-24T00:32:40.835-0400: 129.567: [GC (Allocation Failure) [PSYoungGen: 143287K->73480K(175104K)] 290475K->239153K(699392K), 0.0174594 secs] [Times: user=0.14 sys=0.00, real=0.01 secs] 
2016-09-24T00:32:40.966-0400: 129.697: [GC (GCLocker Initiated GC) [PSYoungGen: 159596K->55223K(175104K)] 331344K->245291K(699392K), 0.0157513 secs] [Times: user=0.16 sys=0.00, real=0.01 secs] 
2016-09-24T00:32:41.114-0400: 129.846: [GC (Allocation Failure) [PSYoungGen: 143287K->24915K(175104K)] 333453K->251603K(699392K), 0.0276648 secs] [Times: user=0.25 sys=0.00, real=0.02 secs] 
2016-09-24T00:32:41.248-0400: 129.980: [GC (GCLocker Initiated GC) [PSYoungGen: 112979K->85986K(175104K)] 339673K->319038K(699392K), 0.0127464 secs] [Times: user=0.14 sys=0.00, real=0.01 secs] 
2016-09-24T00:32:41.403-0400: 130.135: [GC (GCLocker Initiated GC) [PSYoungGen: 174050K->55383K(175104K)] 413426K->331493K(699392K), 0.0210773 secs] [Times: user=0.20 sys=0.01, real=0.02 secs] 
2016-09-24T00:32:41.543-0400: 130.275: [GC (GCLocker Initiated GC) [PSYoungGen: 143447K->73868K(175104K)] 419603K->404859K(699392K), 0.0158478 secs] [Times: user=0.20 sys=0.01, real=0.01 secs] 
2016-09-24T00:32:41.657-0400: 130.388: [GC (Allocation Failure) [PSYoungGen: 161932K->85790K(175104K)] 492987K->459694K(699392K), 0.0133729 secs] [Times: user=0.16 sys=0.00, real=0.01 secs] 
2016-09-24T00:32:41.805-0400: 130.536: [GC (GCLocker Initiated GC) [PSYoungGen: 173854K->73804K(175104K)] 547769K->538972K(699392K), 0.0123360 secs] [Times: user=0.16 sys=0.00, real=0.01 secs] 
2016-09-24T00:32:41.817-0400: 130.549: [Full GC (Ergonomics) [PSYoungGen: 73804K->0K(175104K)] [ParOldGen: 465168K->53559K(524288K)] 538972K->53559K(699392K), [Metaspace: 44401K->44401K(1087488K)], 0.0541586 secs] [Times: user=0.32 sys=0.01, real=0.05 secs] 
2016-09-24T00:32:41.965-0400: 130.697: [GC (GCLocker Initiated GC) [PSYoungGen: 88064K->67405K(175104K)] 148031K->127372K(699392K), 0.0081132 secs] [Times: user=0.06 sys=0.00, real=0.00 secs] 
2016-09-24T00:32:42.082-0400: 130.813: [GC (GCLocker Initiated GC) [PSYoungGen: 155469K->43788K(175104K)] 221817K->183352K(699392K), 0.0157769 secs] [Times: user=0.17 sys=0.00, real=0.02 secs] 
2016-09-24T00:32:42.227-0400: 130.958: [GC (GCLocker Initiated GC) [PSYoungGen: 131852K->67405K(175104K)] 271597K->213624K(699392K), 0.0082721 secs] [Times: user=0.06 sys=0.00, real=0.01 secs] 
2016-09-24T00:32:42.345-0400: 131.077: [GC (GCLocker Initiated GC) [PSYoungGen: 155469K->55451K(175104K)] 302049K->220344K(699392K), 0.0139738 secs] [Times: user=0.13 sys=0.00, real=0.01 secs] 
2016-09-24T00:32:42.472-0400: 131.204: [GC (GCLocker Initiated GC) [PSYoungGen: 143515K->55319K(175104K)] 314671K->244951K(699392K), 0.0071688 secs] [Times: user=0.05 sys=0.00, real=0.01 secs] 
2016-09-24T00:32:42.582-0400: 131.313: [GC (GCLocker Initiated GC) [PSYoungGen: 143383K->61686K(175104K)] 333064K->281885K(699392K), 0.0097138 secs] [Times: user=0.11 sys=0.00, real=0.01 secs] 
2016-09-24T00:32:42.722-0400: 131.453: [GC (Allocation Failure) [PSYoungGen: 149750K->42813K(175104K)] 370002K->293699K(699392K), 0.0367347 secs] [Times: user=0.44 sys=0.01, real=0.04 secs] 
2016-09-24T00:32:42.872-0400: 131.603: [GC (GCLocker Initiated GC) [PSYoungGen: 125942K->55547K(175104K)] 382904K->343011K(699392K), 0.0102681 secs] [Times: user=0.10 sys=0.00, real=0.02 secs] 
2016-09-24T00:32:43.006-0400: 131.737: [GC (GCLocker Initiated GC) [PSYoungGen: 143611K->73480K(175104K)] 431117K->379650K(699392K), 0.0223395 secs] [Times: user=0.20 sys=0.00, real=0.02 secs] 
2016-09-24T00:32:43.158-0400: 131.889: [GC (Allocation Failure) [PSYoungGen: 161544K->19264K(175104K)] 480018K->392525K(699392K), 0.0098625 secs] [Times: user=0.13 sys=0.00, real=0.01 secs] 
2016-09-24T00:32:43.294-0400: 132.025: [GC (GCLocker Initiated GC) [PSYoungGen: 105631K->43041K(175104K)] 484967K->422612K(699392K), 0.0101180 secs] [Times: user=0.09 sys=0.00, real=0.02 secs] 
2016-09-24T00:32:43.448-0400: 132.180: [GC (GCLocker Initiated GC) [PSYoungGen: 131105K->85886K(175104K)] 522935K->496101K(699392K), 0.0226036 secs] [Times: user=0.31 sys=0.01, real=0.02 secs] 
2016-09-24T00:32:43.598-0400: 132.329: [GC (GCLocker Initiated GC) [PSYoungGen: 173950K->43137K(175104K)] 590282K->496226K(699392K), 0.0215850 secs] [Times: user=0.24 sys=0.00, real=0.02 secs] 
2016-09-24T00:32:43.620-0400: 132.351: [Full GC (Ergonomics) [PSYoungGen: 43137K->0K(175104K)] [ParOldGen: 453089K->41082K(524288K)] 496226K->41082K(699392K), [Metaspace: 44410K->44410K(1087488K)], 0.0492700 secs] [Times: user=0.37 sys=0.01, real=0.05 secs] 
2016-09-24T00:32:43.794-0400: 132.525: [GC (GCLocker Initiated GC) [PSYoungGen: 88064K->74192K(175104K)] 135359K->121487K(699392K), 0.0099457 secs] [Times: user=0.12 sys=0.00, real=0.02 secs] 
2016-09-24T00:32:43.907-0400: 132.638: [GC (Allocation Failure) [PSYoungGen: 162256K->85822K(175104K)] 209900K->158682K(699392K), 0.0096902 secs] [Times: user=0.14 sys=0.00, real=0.01 secs] 
2016-09-24T00:32:44.061-0400: 132.792: [GC (GCLocker Initiated GC) [PSYoungGen: 168557K->43201K(175104K)] 247492K->158837K(699392K), 0.0095584 secs] [Times: user=0.09 sys=0.00, real=0.01 secs] 
2016-09-24T00:32:44.207-0400: 132.938: [GC (GCLocker Initiated GC) [PSYoungGen: 131265K->37162K(175104K)] 259255K->165256K(699392K), 0.0127033 secs] [Times: user=0.10 sys=0.01, real=0.01 secs] 
2016-09-24T00:32:44.324-0400: 133.055: [GC (GCLocker Initiated GC) [PSYoungGen: 125226K->85694K(175104K)] 259672K->220392K(699392K), 0.0192125 secs] [Times: user=0.21 sys=0.01, real=0.02 secs] 
2016-09-24T00:32:44.456-0400: 133.188: [GC (GCLocker Initiated GC) [PSYoungGen: 173758K->79587K(175104K)] 308687K->251234K(699392K), 0.0351222 secs] [Times: user=0.37 sys=0.00, real=0.03 secs] 
2016-09-24T00:32:44.627-0400: 133.358: [GC (GCLocker Initiated GC) [PSYoungGen: 167651K->73640K(175104K)] 339474K->263964K(699392K), 0.0261407 secs] [Times: user=0.30 sys=0.00, real=0.02 secs] 
2016-09-24T00:32:44.760-0400: 133.492: [GC (GCLocker Initiated GC) [PSYoungGen: 161704K->49344K(175104K)] 358200K->276467K(699392K), 0.0157992 secs] [Times: user=0.16 sys=0.00, real=0.02 secs] 
2016-09-24T00:32:44.897-0400: 133.628: [GC (GCLocker Initiated GC) [PSYoungGen: 137408K->42941K(175104K)] 370844K->325269K(699392K), 0.0105789 secs] [Times: user=0.08 sys=0.00, real=0.01 secs] 
2016-09-24T00:32:45.031-0400: 133.762: [GC (GCLocker Initiated GC) [PSYoungGen: 131005K->73544K(175104K)] 413346K->355988K(699392K), 0.0089470 secs] [Times: user=0.08 sys=0.00, real=0.01 secs] 
2016-09-24T00:32:45.167-0400: 133.898: [GC (GCLocker Initiated GC) [PSYoungGen: 161608K->73284K(175104K)] 444095K->374263K(699392K), 0.0154513 secs] [Times: user=0.18 sys=0.00, real=0.02 secs] 
2016-09-24T00:32:45.294-0400: 134.026: [GC (GCLocker Initiated GC) [PSYoungGen: 161348K->43105K(175104K)] 474804K->405273K(699392K), 0.0216422 secs] [Times: user=0.24 sys=0.00, real=0.02 secs] 
2016-09-24T00:32:45.470-0400: 134.201: [GC (GCLocker Initiated GC) [PSYoungGen: 131169K->55219K(175104K)] 499610K->442192K(699392K), 0.0075945 secs] [Times: user=0.08 sys=0.00, real=0.01 secs] 
2016-09-24T00:32:45.604-0400: 134.335: [GC (GCLocker Initiated GC) [PSYoungGen: 143283K->73612K(175104K)] 530427K->460859K(699392K), 0.0229448 secs] [Times: user=0.27 sys=0.00, real=0.02 secs] 
2016-09-24T00:32:45.770-0400: 134.501: [GC (GCLocker Initiated GC) [PSYoungGen: 161676K->36930K(175104K)] 555196K->449131K(699392K), 0.0076271 secs] [Times: user=0.09 sys=0.00, real=0.01 secs] 
2016-09-24T00:32:45.886-0400: 134.617: [GC (GCLocker Initiated GC) [PSYoungGen: 124994K->55223K(175104K)] 543295K->485793K(699392K), 0.0120870 secs] [Times: user=0.07 sys=0.00, real=0.01 secs] 
2016-09-24T00:32:46.029-0400: 134.760: [GC (GCLocker Initiated GC) [PSYoungGen: 143287K->61690K(175104K)] 580086K->541126K(699392K), 0.0119277 secs] [Times: user=0.09 sys=0.01, real=0.01 secs] 
2016-09-24T00:32:46.041-0400: 134.772: [Full GC (Ergonomics) [PSYoungGen: 61690K->0K(175104K)] [ParOldGen: 479436K->60190K(524288K)] 541126K->60190K(699392K), [Metaspace: 44410K->44410K(1087488K)], 0.0666946 secs] [Times: user=0.48 sys=0.00, real=0.07 secs] 
2016-09-24T00:32:46.226-0400: 134.958: [GC (Allocation Failure) [PSYoungGen: 88064K->73996K(175104K)] 148475K->134407K(699392K), 0.0071619 secs] [Times: user=0.07 sys=0.00, real=0.00 secs] 
2016-09-24T00:32:46.234-0400: 134.965: [GC (GCLocker Initiated GC) [PSYoungGen: 73998K->256K(175104K)] 134409K->171167K(699392K), 0.0097764 secs] [Times: user=0.15 sys=0.00, real=0.02 secs] 
2016-09-24T00:32:46.367-0400: 135.098: [GC (Allocation Failure) [PSYoungGen: 88320K->73512K(175104K)] 259231K->244423K(699392K), 0.0285711 secs] [Times: user=0.29 sys=0.00, real=0.03 secs] 
2016-09-24T00:32:46.491-0400: 135.222: [GC (GCLocker Initiated GC) [PSYoungGen: 161576K->73672K(175104K)] 332487K->330097K(699392K), 0.0124960 secs] [Times: user=0.15 sys=0.00, real=0.02 secs] 
2016-09-24T00:32:46.626-0400: 135.358: [GC (GCLocker Initiated GC) [PSYoungGen: 161736K->85986K(175104K)] 424272K->403340K(699392K), 0.0139981 secs] [Times: user=0.21 sys=0.01, real=0.01 secs] 
2016-09-24T00:32:46.750-0400: 135.481: [GC (GCLocker Initiated GC) [PSYoungGen: 174050K->55287K(175104K)] 491627K->440176K(699392K), 0.0137705 secs] [Times: user=0.20 sys=0.00, real=0.02 secs] 
2016-09-24T00:32:46.886-0400: 135.618: [GC (Allocation Failure) [PSYoungGen: 143351K->61718K(175104K)] 540645K->459295K(699392K), 0.0062450 secs] [Times: user=0.07 sys=0.00, real=0.00 secs] 
2016-09-24T00:32:47.043-0400: 135.774: [GC (GCLocker Initiated GC) [PSYoungGen: 147921K->42877K(175104K)] 551573K->489330K(699392K), 0.0106722 secs] [Times: user=0.09 sys=0.00, real=0.00 secs] 
2016-09-24T00:32:47.053-0400: 135.785: [Full GC (Ergonomics) [PSYoungGen: 42877K->0K(175104K)] [ParOldGen: 446453K->52070K(524288K)] 489330K->52070K(699392K), [Metaspace: 44412K->44412K(1087488K)], 0.0538726 secs] [Times: user=0.48 sys=0.00, real=0.06 secs] 
2016-09-24T00:32:47.223-0400: 135.955: [GC (Allocation Failure) [PSYoungGen: 88064K->86210K(175104K)] 146413K->168859K(699392K), 0.0111981 secs] [Times: user=0.16 sys=0.01, real=0.01 secs] 
2016-09-24T00:32:47.371-0400: 136.103: [GC (Allocation Failure) [PSYoungGen: 174268K->19064K(175104K)] 256918K->157265K(699392K), 0.0166905 secs] [Times: user=0.21 sys=0.00, real=0.02 secs] 
2016-09-24T00:32:47.485-0400: 136.216: [GC (GCLocker Initiated GC) [PSYoungGen: 105668K->73476K(175104K)] 249943K->218199K(699392K), 0.0082580 secs] [Times: user=0.08 sys=0.00, real=0.00 secs] 
2016-09-24T00:32:47.627-0400: 136.359: [GC (GCLocker Initiated GC) [PSYoungGen: 161540K->67665K(175104K)] 312385K->249021K(699392K), 0.0221580 secs] [Times: user=0.27 sys=0.00, real=0.02 secs] 
2016-09-24T00:32:47.767-0400: 136.498: [GC (GCLocker Initiated GC) [PSYoungGen: 155729K->55483K(175104K)] 343414K->249691K(699392K), 0.0225249 secs] [Times: user=0.25 sys=0.01, real=0.02 secs] 
2016-09-24T00:32:47.901-0400: 136.632: [GC (GCLocker Initiated GC) [PSYoungGen: 143547K->73640K(175104K)] 337930K->286564K(699392K), 0.0104968 secs] [Times: user=0.14 sys=0.00, real=0.01 secs] 
2016-09-24T00:32:48.054-0400: 136.785: [GC (GCLocker Initiated GC) [PSYoungGen: 161704K->85758K(175104K)] 380773K->323179K(699392K), 0.0116736 secs] [Times: user=0.13 sys=0.01, real=0.02 secs] 
2016-09-24T00:32:48.191-0400: 136.922: [GC (GCLocker Initiated GC) [PSYoungGen: 173822K->55383K(175104K)] 411498K->348049K(699392K), 0.0158811 secs] [Times: user=0.18 sys=0.00, real=0.02 secs] 
2016-09-24T00:32:48.322-0400: 137.054: [GC (GCLocker Initiated GC) [PSYoungGen: 143447K->55839K(175104K)] 448428K->361136K(699392K), 0.0219106 secs] [Times: user=0.27 sys=0.00, real=0.03 secs] 
2016-09-24T00:32:48.479-0400: 137.210: [GC (Allocation Failure) [PSYoungGen: 143903K->49180K(175104K)] 449555K->367225K(699392K), 0.0130598 secs] [Times: user=0.12 sys=0.00, real=0.01 secs] 
2016-09-24T00:32:48.624-0400: 137.355: [GC (GCLocker Initiated GC) [PSYoungGen: 137244K->73772K(175104K)] 455290K->391969K(699392K), 0.0071951 secs] [Times: user=0.10 sys=0.00, real=0.00 secs] 
2016-09-24T00:32:48.761-0400: 137.492: [GC (Allocation Failure) [PSYoungGen: 161836K->55643K(175104K)] 486250K->398574K(699392K), 0.0072497 secs] [Times: user=0.10 sys=0.00, real=0.01 secs] 
2016-09-24T00:32:48.881-0400: 137.612: [GC (GCLocker Initiated GC) [PSYoungGen: 143707K->73644K(175104K)] 486643K->416848K(699392K), 0.0186662 secs] [Times: user=0.17 sys=0.01, real=0.02 secs] 
2016-09-24T00:32:49.011-0400: 137.742: [GC (GCLocker Initiated GC) [PSYoungGen: 161708K->79587K(175104K)] 505166K->441562K(699392K), 0.0111174 secs] [Times: user=0.11 sys=0.00, real=0.02 secs] 
2016-09-24T00:32:49.128-0400: 137.860: [GC (Allocation Failure) [PSYoungGen: 167651K->73608K(175104K)] 529981K->472500K(699392K), 0.0134873 secs] [Times: user=0.13 sys=0.00, real=0.01 secs] 
2016-09-24T00:32:49.263-0400: 137.995: [GC (GCLocker Initiated GC) [PSYoungGen: 161672K->67665K(175104K)] 560564K->503118K(699392K), 0.0122035 secs] [Times: user=0.12 sys=0.00, real=0.01 secs] 
2016-09-24T00:32:49.407-0400: 138.139: [GC (GCLocker Initiated GC) [PSYoungGen: 155729K->85790K(175104K)] 591543K->558338K(699392K), 0.0134276 secs] [Times: user=0.20 sys=0.00, real=0.01 secs] 
2016-09-24T00:32:49.421-0400: 138.152: [Full GC (Ergonomics) [PSYoungGen: 85790K->0K(175104K)] [ParOldGen: 472548K->58447K(524288K)] 558338K->58447K(699392K), [Metaspace: 44412K->44412K(1087488K)], 0.0529746 secs] [Times: user=0.33 sys=0.00, real=0.05 secs] 
2016-09-24T00:32:49.588-0400: 138.320: [GC (GCLocker Initiated GC) [PSYoungGen: 88064K->86477K(175104K)] 146637K->169351K(699392K), 0.0150843 secs] [Times: user=0.18 sys=0.01, real=0.02 secs] 
2016-09-24T00:32:49.706-0400: 138.437: [GC (GCLocker Initiated GC) [PSYoungGen: 174541K->73672K(175104K)] 269607K->230107K(699392K), 0.0346350 secs] [Times: user=0.43 sys=0.00, real=0.03 secs] 
2016-09-24T00:32:49.881-0400: 138.613: [GC (GCLocker Initiated GC) [PSYoungGen: 161736K->55743K(175104K)] 330665K->267497K(699392K), 0.0205522 secs] [Times: user=0.26 sys=0.00, real=0.02 secs] 
2016-09-24T00:32:50.028-0400: 138.759: [GC (GCLocker Initiated GC) [PSYoungGen: 143807K->61362K(175104K)] 355624K->291696K(699392K), 0.0097871 secs] [Times: user=0.09 sys=0.01, real=0.01 secs] 
2016-09-24T00:32:50.143-0400: 138.874: [GC (Allocation Failure) [PSYoungGen: 149426K->61494K(175104K)] 386128K->298284K(699392K), 0.0305069 secs] [Times: user=0.33 sys=0.00, real=0.02 secs] 
2016-09-24T00:32:50.287-0400: 139.019: [GC (GCLocker Initiated GC) [PSYoungGen: 149556K->73608K(175104K)] 386352K->347169K(699392K), 0.0259571 secs] [Times: user=0.30 sys=0.00, real=0.02 secs] 
2016-09-24T00:32:50.453-0400: 139.184: [GC (GCLocker Initiated GC) [PSYoungGen: 161672K->55579K(175104K)] 447733K->360140K(699392K), 0.0137772 secs] [Times: user=0.16 sys=0.00, real=0.02 secs] 
2016-09-24T00:32:50.627-0400: 139.358: [GC (GCLocker Initiated GC) [PSYoungGen: 143643K->55219K(175104K)] 454332K->366371K(699392K), 0.0098612 secs] [Times: user=0.11 sys=0.00, real=0.01 secs] 
2016-09-24T00:32:50.744-0400: 139.475: [GC (GCLocker Initiated GC) [PSYoungGen: 143283K->85466K(175104K)] 454483K->402845K(699392K), 0.0114387 secs] [Times: user=0.09 sys=0.00, real=0.01 secs] 
2016-09-24T00:32:50.873-0400: 139.604: [GC (GCLocker Initiated GC) [PSYoungGen: 173530K->85954K(175104K)] 490956K->470357K(699392K), 0.0143917 secs] [Times: user=0.20 sys=0.02, real=0.02 secs] 
2016-09-24T00:32:51.012-0400: 139.743: [GC (GCLocker Initiated GC) [PSYoungGen: 174018K->73608K(175104K)] 564706K->501053K(699392K), 0.0162935 secs] [Times: user=0.18 sys=0.00, real=0.02 secs] 
2016-09-24T00:32:51.133-0400: 139.864: [GC (GCLocker Initiated GC) [PSYoungGen: 161672K->85758K(175104K)] 589165K->531799K(699392K), 0.0103413 secs] [Times: user=0.10 sys=0.00, real=0.02 secs] 
2016-09-24T00:32:51.280-0400: 140.011: [Full GC (Ergonomics) [PSYoungGen: 173822K->0K(175104K)] [ParOldGen: 458541K->52385K(524288K)] 632363K->52385K(699392K), [Metaspace: 44422K->44422K(1087488K)], 0.0561547 secs] [Times: user=0.25 sys=0.00, real=0.06 secs] 
2016-09-24T00:32:51.452-0400: 140.183: [GC (GCLocker Initiated GC) [PSYoungGen: 88064K->85858K(175104K)] 140520K->138314K(699392K), 0.0234728 secs] [Times: user=0.21 sys=0.00, real=0.03 secs] 
2016-09-24T00:32:51.633-0400: 140.365: [GC (GCLocker Initiated GC) [PSYoungGen: 173922K->31278K(175104K)] 244749K->163139K(699392K), 0.0219533 secs] [Times: user=0.24 sys=0.00, real=0.03 secs] 
2016-09-24T00:32:51.784-0400: 140.516: [GC (GCLocker Initiated GC) [PSYoungGen: 119342K->37290K(175104K)] 257534K->175764K(699392K), 0.0151709 secs] [Times: user=0.17 sys=0.01, real=0.01 secs] 
2016-09-24T00:32:51.920-0400: 140.651: [GC (GCLocker Initiated GC) [PSYoungGen: 125354K->73580K(175104K)] 270264K->218570K(699392K), 0.0256513 secs] [Times: user=0.28 sys=0.01, real=0.03 secs] 
2016-09-24T00:32:52.075-0400: 140.806: [GC (Allocation Failure) [PSYoungGen: 161644K->74032K(175104K)] 306961K->237890K(699392K), 0.0145245 secs] [Times: user=0.18 sys=0.00, real=0.01 secs] 
2016-09-24T00:32:52.231-0400: 140.963: [GC (GCLocker Initiated GC) [PSYoungGen: 159778K->36966K(175104K)] 329711K->225187K(699392K), 0.0171469 secs] [Times: user=0.18 sys=0.01, real=0.02 secs] 
2016-09-24T00:32:52.375-0400: 141.107: [GC (GCLocker Initiated GC) [PSYoungGen: 125030K->85822K(175104K)] 319408K->286582K(699392K), 0.0094404 secs] [Times: user=0.14 sys=0.00, real=0.01 secs] 
2016-09-24T00:32:52.497-0400: 141.229: [GC (GCLocker Initiated GC) [PSYoungGen: 173886K->55351K(175104K)] 380897K->317189K(699392K), 0.0108380 secs] [Times: user=0.14 sys=0.02, real=0.01 secs] 
2016-09-24T00:32:52.642-0400: 141.373: [GC (GCLocker Initiated GC) [PSYoungGen: 143415K->85890K(175104K)] 405458K->378583K(699392K), 0.0123458 secs] [Times: user=0.12 sys=0.00, real=0.02 secs] 
2016-09-24T00:32:52.799-0400: 141.530: [GC (GCLocker Initiated GC) [PSYoungGen: 173954K->55155K(175104K)] 472792K->372665K(699392K), 0.0096960 secs] [Times: user=0.09 sys=0.00, real=0.01 secs] 
2016-09-24T00:32:52.912-0400: 141.644: [GC (GCLocker Initiated GC) [PSYoungGen: 143219K->85758K(175104K)] 466947K->446088K(699392K), 0.0210866 secs] [Times: user=0.27 sys=0.00, real=0.02 secs] 
2016-09-24T00:32:53.059-0400: 141.790: [GC (Allocation Failure) [PSYoungGen: 173822K->49244K(175104K)] 534445K->452684K(699392K), 0.0091045 secs] [Times: user=0.09 sys=0.01, real=0.01 secs] 
2016-09-24T00:32:53.180-0400: 141.911: [GC (GCLocker Initiated GC) [PSYoungGen: 137308K->73480K(175104K)] 540748K->477180K(699392K), 0.0171626 secs] [Times: user=0.19 sys=0.00, real=0.02 secs] 
2016-09-24T00:32:53.318-0400: 142.049: [GC (Allocation Failure) [PSYoungGen: 161544K->73576K(175104K)] 571428K->501968K(699392K), 0.0101801 secs] [Times: user=0.11 sys=0.00, real=0.01 secs] 
2016-09-24T00:32:53.450-0400: 142.181: [GC (GCLocker Initiated GC) [PSYoungGen: 161640K->85694K(175104K)] 590038K->538659K(699392K), 0.0175812 secs] [Times: user=0.18 sys=0.00, real=0.02 secs] 
2016-09-24T00:32:53.608-0400: 142.339: [GC (Allocation Failure) [PSYoungGen: 173758K->55155K(175104K)] 633025K->532922K(699392K), 0.0092826 secs] [Times: user=0.12 sys=0.00, real=0.01 secs] 
2016-09-24T00:32:53.617-0400: 142.349: [Full GC (Ergonomics) [PSYoungGen: 55155K->0K(175104K)] [ParOldGen: 477767K->46172K(524288K)] 532922K->46172K(699392K), [Metaspace: 44428K->44428K(1087488K)], 0.0530381 secs] [Times: user=0.36 sys=0.00, real=0.05 secs] 
2016-09-24T00:32:53.770-0400: 142.501: [GC (GCLocker Initiated GC) [PSYoungGen: 82968K->86274K(175104K)] 135215K->162821K(699392K), 0.0101265 secs] [Times: user=0.14 sys=0.00, real=0.01 secs] 
2016-09-24T00:32:53.899-0400: 142.630: [GC (GCLocker Initiated GC) [PSYoungGen: 174338K->49276K(175104K)] 257013K->205562K(699392K), 0.0200333 secs] [Times: user=0.23 sys=0.00, real=0.02 secs] 
2016-09-24T00:32:54.056-0400: 142.787: [GC (GCLocker Initiated GC) [PSYoungGen: 137340K->61298K(175104K)] 300644K->285456K(699392K), 0.0223739 secs] [Times: user=0.21 sys=0.00, real=0.02 secs] 
2016-09-24T00:32:54.203-0400: 142.935: [GC (GCLocker Initiated GC) [PSYoungGen: 149362K->73448K(175104K)] 373582K->297935K(699392K), 0.0315325 secs] [Times: user=0.30 sys=0.00, real=0.03 secs] 
2016-09-24T00:32:54.376-0400: 143.107: [GC (Allocation Failure) [PSYoungGen: 161512K->55091K(175104K)] 386035K->279874K(699392K), 0.0162462 secs] [Times: user=0.15 sys=0.00, real=0.01 secs] 
2016-09-24T00:32:54.486-0400: 143.217: [GC (GCLocker Initiated GC) [PSYoungGen: 143155K->61330K(175104K)] 367938K->328766K(699392K), 0.0222591 secs] [Times: user=0.22 sys=0.00, real=0.02 secs] 
2016-09-24T00:32:54.633-0400: 143.364: [GC (GCLocker Initiated GC) [PSYoungGen: 149394K->85598K(175104K)] 417029K->371717K(699392K), 0.0163262 secs] [Times: user=0.17 sys=0.00, real=0.02 secs] 
2016-09-24T00:32:54.754-0400: 143.485: [GC (GCLocker Initiated GC) [PSYoungGen: 173662K->73672K(175104K)] 459845K->396613K(699392K), 0.0273247 secs] [Times: user=0.34 sys=0.00, real=0.03 secs] 
2016-09-24T00:32:54.891-0400: 143.623: [GC (GCLocker Initiated GC) [PSYoungGen: 161736K->61590K(175104K)] 491042K->458052K(699392K), 0.0113901 secs] [Times: user=0.15 sys=0.00, real=0.02 secs] 
2016-09-24T00:32:55.035-0400: 143.767: [GC (Allocation Failure) [PSYoungGen: 149654K->61394K(175104K)] 552451K->501081K(699392K), 0.0253364 secs] [Times: user=0.29 sys=0.00, real=0.02 secs] 
2016-09-24T00:32:55.202-0400: 143.933: [Full GC (Ergonomics) [PSYoungGen: 147503K->0K(175104K)] [ParOldGen: 445762K->46556K(524288K)] 593265K->46556K(699392K), [Metaspace: 44428K->44428K(1087488K)], 0.0575174 secs] [Times: user=0.31 sys=0.01, real=0.06 secs] 
2016-09-24T00:32:55.409-0400: 144.140: [GC (GCLocker Initiated GC) [PSYoungGen: 88064K->86342K(175104K)] 153021K->157374K(699392K), 0.0232108 secs] [Times: user=0.26 sys=0.00, real=0.02 secs] 
2016-09-24T00:32:55.551-0400: 144.282: [GC (GCLocker Initiated GC) [PSYoungGen: 174406K->67533K(175104K)] 245603K->181982K(699392K), 0.0202649 secs] [Times: user=0.21 sys=0.00, real=0.02 secs] 
2016-09-24T00:32:55.690-0400: 144.422: [GC (GCLocker Initiated GC) [PSYoungGen: 155597K->55287K(175104K)] 276733K->225135K(699392K), 0.0208740 secs] [Times: user=0.20 sys=0.01, real=0.02 secs] 
2016-09-24T00:32:55.852-0400: 144.583: [GC (Allocation Failure) [PSYoungGen: 143351K->67405K(175104K)] 319467K->243764K(699392K), 0.0101602 secs] [Times: user=0.07 sys=0.00, real=0.01 secs] 
2016-09-24T00:32:56.025-0400: 144.757: [GC (GCLocker Initiated GC) [PSYoungGen: 155469K->54995K(175104K)] 331829K->249683K(699392K), 0.0371718 secs] [Times: user=0.38 sys=0.00, real=0.04 secs] 
2016-09-24T00:32:56.163-0400: 144.895: [GC (GCLocker Initiated GC) [PSYoungGen: 143059K->85594K(175104K)] 337862K->304833K(699392K), 0.0095993 secs] [Times: user=0.11 sys=0.00, real=0.00 secs] 
2016-09-24T00:32:56.279-0400: 145.010: [GC (GCLocker Initiated GC) [PSYoungGen: 173658K->73580K(175104K)] 393169K->329629K(699392K), 0.0245612 secs] [Times: user=0.20 sys=0.00, real=0.03 secs] 
2016-09-24T00:32:56.422-0400: 145.154: [GC (GCLocker Initiated GC) [PSYoungGen: 161644K->73608K(175104K)] 423955K->372653K(699392K), 0.0245808 secs] [Times: user=0.27 sys=0.01, real=0.02 secs] 
2016-09-24T00:32:56.583-0400: 145.315: [GC (GCLocker Initiated GC) [PSYoungGen: 161672K->49084K(175104K)] 460859K->366600K(699392K), 0.0301686 secs] [Times: user=0.36 sys=0.00, real=0.02 secs] 
2016-09-24T00:32:56.732-0400: 145.463: [GC (GCLocker Initiated GC) [PSYoungGen: 137148K->73576K(175104K)] 454811K->421750K(699392K), 0.0123118 secs] [Times: user=0.14 sys=0.00, real=0.02 secs] 
2016-09-24T00:32:56.858-0400: 145.589: [GC (Allocation Failure) [PSYoungGen: 161640K->79555K(175104K)] 515942K->434108K(699392K), 0.0154291 secs] [Times: user=0.12 sys=0.00, real=0.01 secs] 
2016-09-24T00:32:57.018-0400: 145.749: [GC (GCLocker Initiated GC) [PSYoungGen: 163176K->43073K(175104K)] 523804K->464735K(699392K), 0.0223501 secs] [Times: user=0.21 sys=0.01, real=0.02 secs] 
2016-09-24T00:32:57.167-0400: 145.898: [GC (GCLocker Initiated GC) [PSYoungGen: 131137K->85726K(175104K)] 552841K->525938K(699392K), 0.0305205 secs] [Times: user=0.35 sys=0.00, real=0.03 secs] 
2016-09-24T00:32:57.305-0400: 146.036: [GC (GCLocker Initiated GC) [PSYoungGen: 173790K->55255K(175104K)] 614095K->538352K(699392K), 0.0342560 secs] [Times: user=0.39 sys=0.00, real=0.03 secs] 
2016-09-24T00:32:57.339-0400: 146.070: [Full GC (Ergonomics) [PSYoungGen: 55255K->0K(175104K)] [ParOldGen: 483097K->52884K(524288K)] 538352K->52884K(699392K), [Metaspace: 44428K->44428K(1087488K)], 0.0556429 secs] [Times: user=0.31 sys=0.01, real=0.06 secs] 
2016-09-24T00:32:57.544-0400: 146.276: [GC (GCLocker Initiated GC) [PSYoungGen: 88064K->86078K(175104K)] 147065K->151154K(699392K), 0.0089422 secs] [Times: user=0.11 sys=0.00, real=0.00 secs] 
2016-09-24T00:32:57.661-0400: 146.392: [GC (GCLocker Initiated GC) [PSYoungGen: 174142K->79519K(175104K)] 239446K->188060K(699392K), 0.0170025 secs] [Times: user=0.22 sys=0.00, real=0.02 secs] 
2016-09-24T00:32:57.798-0400: 146.530: [GC (GCLocker Initiated GC) [PSYoungGen: 167583K->61490K(175104K)] 276126K->206610K(699392K), 0.0176766 secs] [Times: user=0.22 sys=0.00, real=0.02 secs] 
2016-09-24T00:32:57.931-0400: 146.663: [GC (GCLocker Initiated GC) [PSYoungGen: 149554K->55643K(175104K)] 307102K->213515K(699392K), 0.0071658 secs] [Times: user=0.09 sys=0.01, real=0.01 secs] 
2016-09-24T00:32:58.088-0400: 146.819: [GC (GCLocker Initiated GC) [PSYoungGen: 143707K->79979K(175104K)] 307858K->262679K(699392K), 0.0146880 secs] [Times: user=0.16 sys=0.00, real=0.02 secs] 
2016-09-24T00:32:58.212-0400: 146.943: [GC (GCLocker Initiated GC) [PSYoungGen: 168043K->73772K(175104K)] 351048K->287264K(699392K), 0.0128062 secs] [Times: user=0.10 sys=0.00, real=0.02 secs] 
2016-09-24T00:32:58.349-0400: 147.081: [GC (GCLocker Initiated GC) [PSYoungGen: 161836K->55451K(175104K)] 375638K->305995K(699392K), 0.0084260 secs] [Times: user=0.09 sys=0.00, real=0.01 secs] 
2016-09-24T00:32:58.473-0400: 147.205: [GC (GCLocker Initiated GC) [PSYoungGen: 143515K->61558K(175104K)] 394225K->330572K(699392K), 0.0115288 secs] [Times: user=0.10 sys=0.00, real=0.02 secs] 
2016-09-24T00:32:58.598-0400: 147.329: [GC (GCLocker Initiated GC) [PSYoungGen: 149622K->85694K(175104K)] 418745K->385492K(699392K), 0.0135774 secs] [Times: user=0.14 sys=0.01, real=0.01 secs] 
2016-09-24T00:32:58.722-0400: 147.454: [GC (GCLocker Initiated GC) [PSYoungGen: 173758K->55419K(175104K)] 473559K->391773K(699392K), 0.0143865 secs] [Times: user=0.14 sys=0.00, real=0.01 secs] 
2016-09-24T00:32:58.854-0400: 147.586: [GC (Allocation Failure) [PSYoungGen: 143483K->67337K(175104K)] 486202K->428713K(699392K), 0.0383835 secs] [Times: user=0.45 sys=0.00, real=0.03 secs] 
2016-09-24T00:32:59.028-0400: 147.759: [GC (GCLocker Initiated GC) [PSYoungGen: 155401K->73704K(175104K)] 516782K->477778K(699392K), 0.0132889 secs] [Times: user=0.17 sys=0.00, real=0.01 secs] 
2016-09-24T00:32:59.174-0400: 147.906: [GC (Allocation Failure) [PSYoungGen: 161768K->37453K(175104K)] 571957K->466159K(699392K), 0.0092100 secs] [Times: user=0.12 sys=0.00, real=0.01 secs] 
2016-09-24T00:32:59.271-0400: 148.002: [GC (GCLocker Initiated GC) [PSYoungGen: 125511K->73476K(175104K)] 554381K->521198K(699392K), 0.0077801 secs] [Times: user=0.10 sys=0.00, real=0.01 secs] 
2016-09-24T00:32:59.413-0400: 148.145: [GC (GCLocker Initiated GC) [PSYoungGen: 161540K->49539K(175104K)] 615513K->540059K(699392K), 0.0194990 secs] [Times: user=0.18 sys=0.00, real=0.02 secs] 
2016-09-24T00:32:59.433-0400: 148.164: [Full GC (Ergonomics) [PSYoungGen: 49539K->0K(175104K)] [ParOldGen: 490519K->46824K(524288K)] 540059K->46824K(699392K), [Metaspace: 44428K->44428K(1087488K)], 0.0507880 secs] [Times: user=0.32 sys=0.00, real=0.06 secs] 
2016-09-24T00:32:59.591-0400: 148.323: [GC (GCLocker Initiated GC) [PSYoungGen: 88064K->86210K(175104K)] 134929K->151300K(699392K), 0.0093699 secs] [Times: user=0.11 sys=0.00, real=0.01 secs] 
2016-09-24T00:32:59.716-0400: 148.448: [GC (GCLocker Initiated GC) [PSYoungGen: 174274K->49148K(175104K)] 245632K->200012K(699392K), 0.0251161 secs] [Times: user=0.24 sys=0.00, real=0.02 secs] 
2016-09-24T00:32:59.861-0400: 148.592: [GC (GCLocker Initiated GC) [PSYoungGen: 137212K->55515K(175104K)] 300285K->236924K(699392K), 0.0184911 secs] [Times: user=0.21 sys=0.00, real=0.02 secs] 
2016-09-24T00:32:59.999-0400: 148.730: [GC (GCLocker Initiated GC) [PSYoungGen: 143579K->55547K(175104K)] 325041K->285925K(699392K), 0.0252008 secs] [Times: user=0.29 sys=0.00, real=0.03 secs] 
2016-09-24T00:33:00.118-0400: 148.849: [GC (GCLocker Initiated GC) [PSYoungGen: 143611K->55223K(175104K)] 380173K->334594K(699392K), 0.0158918 secs] [Times: user=0.13 sys=0.00, real=0.01 secs] 
2016-09-24T00:33:00.237-0400: 148.968: [GC (GCLocker Initiated GC) [PSYoungGen: 143287K->85954K(175104K)] 422694K->371719K(699392K), 0.0343555 secs] [Times: user=0.39 sys=0.00, real=0.03 secs] 
2016-09-24T00:33:00.373-0400: 149.104: [GC (GCLocker Initiated GC) [PSYoungGen: 174018K->36998K(175104K)] 459932K->384265K(699392K), 0.0227840 secs] [Times: user=0.24 sys=0.00, real=0.03 secs] 
2016-09-24T00:33:00.493-0400: 149.224: [GC (GCLocker Initiated GC) [PSYoungGen: 125062K->61558K(175104K)] 484735K->439739K(699392K), 0.0151361 secs] [Times: user=0.19 sys=0.00, real=0.02 secs] 
2016-09-24T00:33:00.649-0400: 149.381: [GC (Allocation Failure) [PSYoungGen: 149622K->79455K(175104K)] 540017K->512831K(699392K), 0.0118742 secs] [Times: user=0.15 sys=0.00, real=0.01 secs] 
2016-09-24T00:33:00.792-0400: 149.524: [GC (GCLocker Initiated GC) [PSYoungGen: 167519K->36966K(175104K)] 600901K->494751K(699392K), 0.0113365 secs] [Times: user=0.09 sys=0.00, real=0.02 secs] 
2016-09-24T00:33:00.804-0400: 149.535: [Full GC (Ergonomics) [PSYoungGen: 36966K->0K(175104K)] [ParOldGen: 457785K->40965K(524288K)] 494751K->40965K(699392K), [Metaspace: 44428K->44428K(1087488K)], 0.0519544 secs] [Times: user=0.30 sys=0.01, real=0.05 secs] 
2016-09-24T00:33:00.974-0400: 149.705: [GC (GCLocker Initiated GC) [PSYoungGen: 88064K->86046K(175104K)] 129238K->133295K(699392K), 0.0157562 secs] [Times: user=0.23 sys=0.00, real=0.02 secs] 
2016-09-24T00:33:01.098-0400: 149.830: [GC (GCLocker Initiated GC) [PSYoungGen: 174110K->73672K(175104K)] 227706K->146048K(699392K), 0.0184513 secs] [Times: user=0.23 sys=0.00, real=0.02 secs] 
2016-09-24T00:33:01.261-0400: 149.993: [GC (GCLocker Initiated GC) [PSYoungGen: 161736K->67437K(175104K)] 234265K->158459K(699392K), 0.0215499 secs] [Times: user=0.22 sys=0.00, real=0.03 secs] 
2016-09-24T00:33:01.435-0400: 150.167: [GC (GCLocker Initiated GC) [PSYoungGen: 155501K->55579K(175104K)] 258843K->177265K(699392K), 0.0113806 secs] [Times: user=0.11 sys=0.00, real=0.01 secs] 
2016-09-24T00:33:01.570-0400: 150.302: [GC (GCLocker Initiated GC) [PSYoungGen: 143643K->55223K(175104K)] 265455K->177310K(699392K), 0.0075921 secs] [Times: user=0.06 sys=0.00, real=0.01 secs] 
2016-09-24T00:33:01.694-0400: 150.426: [GC (GCLocker Initiated GC) [PSYoungGen: 143287K->55319K(175104K)] 265691K->196216K(699392K), 0.0107449 secs] [Times: user=0.10 sys=0.00, real=0.01 secs] 
2016-09-24T00:33:01.824-0400: 150.556: [GC (GCLocker Initiated GC) [PSYoungGen: 143383K->85922K(175104K)] 284377K->245416K(699392K), 0.0149936 secs] [Times: user=0.15 sys=0.00, real=0.01 secs] 
2016-09-24T00:33:01.954-0400: 150.686: [GC (GCLocker Initiated GC) [PSYoungGen: 173986K->49116K(175104K)] 333611K->227241K(699392K), 0.0237596 secs] [Times: user=0.23 sys=0.00, real=0.02 secs] 
2016-09-24T00:33:02.087-0400: 150.818: [GC (GCLocker Initiated GC) [PSYoungGen: 137180K->73772K(175104K)] 321590K->258458K(699392K), 0.0112610 secs] [Times: user=0.12 sys=0.00, real=0.01 secs] 
2016-09-24T00:33:02.242-0400: 150.973: [GC (GCLocker Initiated GC) [PSYoungGen: 161836K->55287K(175104K)] 346693K->277025K(699392K), 0.0338465 secs] [Times: user=0.29 sys=0.01, real=0.04 secs] 
2016-09-24T00:33:02.402-0400: 151.133: [GC (Allocation Failure) [PSYoungGen: 143351K->55483K(175104K)] 377583K->289818K(699392K), 0.0075670 secs] [Times: user=0.06 sys=0.02, real=0.01 secs] 
2016-09-24T00:33:02.523-0400: 151.254: [GC (GCLocker Initiated GC) [PSYoungGen: 143547K->73608K(175104K)] 377888K->326450K(699392K), 0.0111135 secs] [Times: user=0.12 sys=0.01, real=0.01 secs] 
2016-09-24T00:33:02.650-0400: 151.382: [GC (GCLocker Initiated GC) [PSYoungGen: 161672K->43205K(175104K)] 414707K->332761K(699392K), 0.0114615 secs] [Times: user=0.08 sys=0.00, real=0.01 secs] 
2016-09-24T00:33:02.792-0400: 151.523: [GC (GCLocker Initiated GC) [PSYoungGen: 131269K->55383K(175104K)] 420911K->400024K(699392K), 0.0288823 secs] [Times: user=0.32 sys=0.00, real=0.03 secs] 
2016-09-24T00:33:02.918-0400: 151.649: [GC (GCLocker Initiated GC) [PSYoungGen: 143447K->73708K(175104K)] 494333K->424846K(699392K), 0.0147144 secs] [Times: user=0.16 sys=0.00, real=0.01 secs] 
2016-09-24T00:33:03.065-0400: 151.796: [GC (GCLocker Initiated GC) [PSYoungGen: 161772K->61362K(175104K)] 513075K->431173K(699392K), 0.0127804 secs] [Times: user=0.11 sys=0.00, real=0.01 secs] 
2016-09-24T00:33:03.209-0400: 151.940: [GC (Allocation Failure) [PSYoungGen: 149426K->79619K(175104K)] 525393K->492156K(699392K), 0.0184978 secs] [Times: user=0.17 sys=0.00, real=0.02 secs] 
2016-09-24T00:33:03.334-0400: 152.065: [GC (GCLocker Initiated GC) [PSYoungGen: 167683K->36934K(175104K)] 580225K->492269K(699392K), 0.0248253 secs] [Times: user=0.21 sys=0.00, real=0.03 secs] 
2016-09-24T00:33:03.481-0400: 152.212: [GC (GCLocker Initiated GC) [PSYoungGen: 124998K->42977K(175104K)] 580456K->535129K(699392K), 0.0294226 secs] [Times: user=0.30 sys=0.00, real=0.03 secs] 
2016-09-24T00:33:03.511-0400: 152.242: [Full GC (Ergonomics) [PSYoungGen: 42977K->0K(175104K)] [ParOldGen: 492152K->41216K(524288K)] 535129K->41216K(699392K), [Metaspace: 44445K->44445K(1087488K)], 0.0575403 secs] [Times: user=0.33 sys=0.00, real=0.06 secs] 
2016-09-24T00:33:03.669-0400: 152.401: [GC (GCLocker Initiated GC) [PSYoungGen: 88064K->85626K(175104K)] 129769K->145557K(699392K), 0.0101212 secs] [Times: user=0.12 sys=0.00, real=0.01 secs] 
2016-09-24T00:33:03.809-0400: 152.541: [GC (GCLocker Initiated GC) [PSYoungGen: 173688K->55319K(175104K)] 240049K->188656K(699392K), 0.0174255 secs] [Times: user=0.19 sys=0.00, real=0.02 secs] 
2016-09-24T00:33:03.932-0400: 152.663: [GC (GCLocker Initiated GC) [PSYoungGen: 143383K->61526K(175104K)] 277076K->195495K(699392K), 0.0068100 secs] [Times: user=0.06 sys=0.00, real=0.01 secs] 
2016-09-24T00:33:04.058-0400: 152.789: [GC (GCLocker Initiated GC) [PSYoungGen: 149590K->49116K(175104K)] 283617K->219844K(699392K), 0.0376266 secs] [Times: user=0.39 sys=0.00, real=0.04 secs] 
2016-09-24T00:33:04.235-0400: 152.966: [GC (GCLocker Initiated GC) [PSYoungGen: 137180K->73608K(175104K)] 314211K->268992K(699392K), 0.0089201 secs] [Times: user=0.12 sys=0.00, real=0.01 secs] 
2016-09-24T00:33:04.346-0400: 153.078: [GC (GCLocker Initiated GC) [PSYoungGen: 161672K->85922K(175104K)] 357126K->281683K(699392K), 0.0098893 secs] [Times: user=0.12 sys=0.00, real=0.01 secs] 
2016-09-24T00:33:04.495-0400: 153.227: [GC (GCLocker Initiated GC) [PSYoungGen: 173986K->49600K(175104K)] 381977K->306647K(699392K), 0.0134502 secs] [Times: user=0.15 sys=0.00, real=0.01 secs] 
2016-09-24T00:33:04.649-0400: 153.380: [GC (GCLocker Initiated GC) [PSYoungGen: 137664K->55547K(175104K)] 406902K->325093K(699392K), 0.0063053 secs] [Times: user=0.09 sys=0.01, real=0.01 secs] 
2016-09-24T00:33:04.760-0400: 153.492: [GC (GCLocker Initiated GC) [PSYoungGen: 143611K->61654K(175104K)] 413305K->367934K(699392K), 0.0151911 secs] [Times: user=0.17 sys=0.00, real=0.02 secs] 
2016-09-24T00:33:04.887-0400: 153.619: [GC (GCLocker Initiated GC) [PSYoungGen: 149718K->85822K(175104K)] 456091K->435019K(699392K), 0.0105199 secs] [Times: user=0.16 sys=0.00, real=0.01 secs] 
2016-09-24T00:33:05.069-0400: 153.800: [GC (GCLocker Initiated GC) [PSYoungGen: 173886K->49376K(175104K)] 535578K->459771K(699392K), 0.0179898 secs] [Times: user=0.17 sys=0.01, real=0.02 secs] 
2016-09-24T00:33:05.215-0400: 153.947: [GC (GCLocker Initiated GC) [PSYoungGen: 137440K->73672K(175104K)] 554093K->490804K(699392K), 0.0123190 secs] [Times: user=0.13 sys=0.00, real=0.01 secs] 
2016-09-24T00:33:05.343-0400: 154.074: [GC (GCLocker Initiated GC) [PSYoungGen: 161736K->55387K(175104K)] 578971K->490950K(699392K), 0.0328600 secs] [Times: user=0.38 sys=0.00, real=0.03 secs] 
2016-09-24T00:33:05.483-0400: 154.214: [GC (GCLocker Initiated GC) [PSYoungGen: 143451K->79683K(175104K)] 579061K->533785K(699392K), 0.0152059 secs] [Times: user=0.18 sys=0.00, real=0.01 secs] 
2016-09-24T00:33:05.498-0400: 154.229: [Full GC (Ergonomics) [PSYoungGen: 79683K->0K(175104K)] [ParOldGen: 454102K->53843K(524288K)] 533785K->53843K(699392K), [Metaspace: 44445K->44445K(1087488K)], 0.0552720 secs] [Times: user=0.28 sys=0.00, real=0.05 secs] 
2016-09-24T00:33:05.661-0400: 154.393: [GC (GCLocker Initiated GC) [PSYoungGen: 88064K->86046K(175104K)] 142016K->164298K(699392K), 0.0112806 secs] [Times: user=0.11 sys=0.01, real=0.01 secs] 
2016-09-24T00:33:05.811-0400: 154.542: [GC (GCLocker Initiated GC) [PSYoungGen: 174110K->61686K(175104K)] 258792K->201607K(699392K), 0.0128115 secs] [Times: user=0.14 sys=0.00, real=0.02 secs] 
2016-09-24T00:33:05.948-0400: 154.679: [GC (GCLocker Initiated GC) [PSYoungGen: 149750K->85790K(175104K)] 289713K->262526K(699392K), 0.0322674 secs] [Times: user=0.37 sys=0.00, real=0.03 secs] 
2016-09-24T00:33:06.080-0400: 154.811: [GC (GCLocker Initiated GC) [PSYoungGen: 173854K->85822K(175104K)] 350638K->329583K(699392K), 0.0133397 secs] [Times: user=0.17 sys=0.00, real=0.01 secs] 
2016-09-24T00:33:06.226-0400: 154.958: [GC (GCLocker Initiated GC) [PSYoungGen: 173886K->43041K(175104K)] 417689K->329620K(699392K), 0.0107063 secs] [Times: user=0.07 sys=0.00, real=0.01 secs] 
2016-09-24T00:33:06.393-0400: 155.125: [GC (GCLocker Initiated GC) [PSYoungGen: 131105K->18737K(175104K)] 430284K->372891K(699392K), 0.0069883 secs] [Times: user=0.08 sys=0.00, real=0.01 secs] 
2016-09-24T00:33:06.511-0400: 155.242: [GC (GCLocker Initiated GC) [PSYoungGen: 106801K->61262K(175104K)] 461031K->415611K(699392K), 0.0142731 secs] [Times: user=0.16 sys=0.00, real=0.02 secs] 
2016-09-24T00:33:06.653-0400: 155.384: [GC (GCLocker Initiated GC) [PSYoungGen: 149326K->37453K(175104K)] 522156K->471185K(699392K), 0.0313069 secs] [Times: user=0.34 sys=0.01, real=0.04 secs] 
2016-09-24T00:33:06.684-0400: 155.416: [Full GC (Ergonomics) [PSYoungGen: 37453K->0K(175104K)] [ParOldGen: 433731K->52835K(524288K)] 471185K->52835K(699392K), [Metaspace: 44445K->44445K(1087488K)], 0.0522578 secs] [Times: user=0.32 sys=0.01, real=0.05 secs] 
2016-09-24T00:33:06.832-0400: 155.564: [GC (GCLocker Initiated GC) [PSYoungGen: 88064K->86470K(175104K)] 141008K->163714K(699392K), 0.0104403 secs] [Times: user=0.15 sys=0.00, real=0.02 secs] 
2016-09-24T00:33:06.938-0400: 155.670: [GC (GCLocker Initiated GC) [PSYoungGen: 174534K->85822K(175104K)] 251826K->206234K(699392K), 0.0101156 secs] [Times: user=0.14 sys=0.00, real=0.01 secs] 
2016-09-24T00:33:07.056-0400: 155.787: [GC (GCLocker Initiated GC) [PSYoungGen: 173886K->61718K(175104K)] 300583K->267689K(699392K), 0.0121634 secs] [Times: user=0.19 sys=0.01, real=0.01 secs] 
2016-09-24T00:33:07.187-0400: 155.918: [GC (GCLocker Initiated GC) [PSYoungGen: 149782K->73740K(175104K)] 356081K->280338K(699392K), 0.0117297 secs] [Times: user=0.14 sys=0.01, real=0.01 secs] 
2016-09-24T00:33:07.314-0400: 156.046: [GC (GCLocker Initiated GC) [PSYoungGen: 161804K->54995K(175104K)] 368702K->280393K(699392K), 0.0250893 secs] [Times: user=0.25 sys=0.00, real=0.02 secs] 
2016-09-24T00:33:07.461-0400: 156.193: [GC (GCLocker Initiated GC) [PSYoungGen: 143059K->73672K(175104K)] 374687K->353995K(699392K), 0.0262430 secs] [Times: user=0.31 sys=0.00, real=0.03 secs] 
2016-09-24T00:33:07.630-0400: 156.362: [GC (GCLocker Initiated GC) [PSYoungGen: 161736K->73740K(175104K)] 442218K->354513K(699392K), 0.0096328 secs] [Times: user=0.12 sys=0.00, real=0.01 secs] 
2016-09-24T00:33:07.773-0400: 156.504: [GC (GCLocker Initiated GC) [PSYoungGen: 161804K->55447K(175104K)] 449008K->361003K(699392K), 0.0116482 secs] [Times: user=0.17 sys=0.00, real=0.02 secs] 
2016-09-24T00:33:07.890-0400: 156.622: [GC (GCLocker Initiated GC) [PSYoungGen: 143511K->79847K(175104K)] 455353K->391956K(699392K), 0.0099558 secs] [Times: user=0.10 sys=0.00, real=0.01 secs] 
2016-09-24T00:33:08.051-0400: 156.782: [GC (GCLocker Initiated GC) [PSYoungGen: 167911K->55547K(175104K)] 492257K->422897K(699392K), 0.0270880 secs] [Times: user=0.33 sys=0.00, real=0.03 secs] 
2016-09-24T00:33:08.211-0400: 156.942: [GC (GCLocker Initiated GC) [PSYoungGen: 143611K->61266K(175104K)] 511054K->428969K(699392K), 0.0234569 secs] [Times: user=0.22 sys=0.00, real=0.03 secs] 
2016-09-24T00:33:08.353-0400: 157.085: [GC (Allocation Failure) [PSYoungGen: 149330K->49052K(175104K)] 517080K->441182K(699392K), 0.0102363 secs] [Times: user=0.08 sys=0.00, real=0.02 secs] 
2016-09-24T00:33:08.497-0400: 157.228: [GC (GCLocker Initiated GC) [PSYoungGen: 136452K->55319K(175104K)] 534657K->484174K(699392K), 0.0272002 secs] [Times: user=0.28 sys=0.00, real=0.03 secs] 
2016-09-24T00:33:08.643-0400: 157.375: [GC (GCLocker Initiated GC) [PSYoungGen: 143383K->79555K(175104K)] 572515K->508759K(699392K), 0.0364300 secs] [Times: user=0.38 sys=0.00, real=0.03 secs] 
2016-09-24T00:33:08.815-0400: 157.546: [GC (GCLocker Initiated GC) [PSYoungGen: 167619K->37130K(175104K)] 602990K->509054K(699392K), 0.0082054 secs] [Times: user=0.07 sys=0.01, real=0.01 secs] 
2016-09-24T00:33:08.823-0400: 157.555: [Full GC (Ergonomics) [PSYoungGen: 37130K->0K(175104K)] [ParOldGen: 471924K->46934K(524288K)] 509054K->46934K(699392K), [Metaspace: 44445K->44445K(1087488K)], 0.0529029 secs] [Times: user=0.28 sys=0.01, real=0.05 secs] 
2016-09-24T00:33:08.958-0400: 157.690: [GC (GCLocker Initiated GC) [PSYoungGen: 88064K->86178K(175104K)] 135173K->175813K(699392K), 0.0186858 secs] [Times: user=0.23 sys=0.00, real=0.02 secs] 
2016-09-24T00:33:09.098-0400: 157.829: [GC (GCLocker Initiated GC) [PSYoungGen: 174242K->55447K(175104K)] 282451K->224938K(699392K), 0.0098730 secs] [Times: user=0.11 sys=0.01, real=0.01 secs] 
2016-09-24T00:33:09.242-0400: 157.974: [GC (GCLocker Initiated GC) [PSYoungGen: 143511K->85986K(175104K)] 313346K->298654K(699392K), 0.0092450 secs] [Times: user=0.14 sys=0.00, real=0.01 secs] 
2016-09-24T00:33:09.380-0400: 158.111: [GC (GCLocker Initiated GC) [PSYoungGen: 174050K->43301K(175104K)] 398910K->268248K(699392K), 0.0069970 secs] [Times: user=0.06 sys=0.00, real=0.01 secs] 
2016-09-24T00:33:09.503-0400: 158.235: [GC (GCLocker Initiated GC) [PSYoungGen: 131365K->37222K(175104K)] 368779K->329611K(699392K), 0.0144505 secs] [Times: user=0.18 sys=0.00, real=0.01 secs] 
2016-09-24T00:33:09.645-0400: 158.377: [GC (GCLocker Initiated GC) [PSYoungGen: 125286K->55123K(175104K)] 423978K->353934K(699392K), 0.0110921 secs] [Times: user=0.13 sys=0.00, real=0.01 secs] 
2016-09-24T00:33:09.784-0400: 158.516: [GC (GCLocker Initiated GC) [PSYoungGen: 143187K->55519K(175104K)] 448108K->360544K(699392K), 0.0113035 secs] [Times: user=0.11 sys=0.00, real=0.01 secs] 
2016-09-24T00:33:09.909-0400: 158.640: [GC (GCLocker Initiated GC) [PSYoungGen: 143583K->43073K(175104K)] 448795K->366769K(699392K), 0.0346616 secs] [Times: user=0.34 sys=0.01, real=0.04 secs] 
2016-09-24T00:33:10.057-0400: 158.789: [GC (GCLocker Initiated GC) [PSYoungGen: 131137K->85726K(175104K)] 454887K->452137K(699392K), 0.0186215 secs] [Times: user=0.22 sys=0.01, real=0.02 secs] 
2016-09-24T00:33:10.205-0400: 158.936: [GC (Allocation Failure) [PSYoungGen: 173790K->43137K(175104K)] 552561K->464724K(699392K), 0.0223073 secs] [Times: user=0.28 sys=0.01, real=0.02 secs] 
2016-09-24T00:33:10.337-0400: 159.068: [GC (Allocation Failure) [PSYoungGen: 128483K->73544K(175104K)] 550070K->519731K(699392K), 0.0260384 secs] [Times: user=0.30 sys=0.01, real=0.03 secs] 
2016-09-24T00:33:10.363-0400: 159.095: [Full GC (Ergonomics) [PSYoungGen: 73544K->0K(175104K)] [ParOldGen: 446187K->46779K(524288K)] 519731K->46779K(699392K), [Metaspace: 44445K->44445K(1087488K)], 0.0521058 secs] [Times: user=0.27 sys=0.01, real=0.05 secs] 
2016-09-24T00:33:10.546-0400: 159.277: [GC (GCLocker Initiated GC) [PSYoungGen: 86354K->85854K(175104K)] 139209K->144783K(699392K), 0.0144825 secs] [Times: user=0.17 sys=0.01, real=0.01 secs] 
2016-09-24T00:33:10.680-0400: 159.412: [GC (GCLocker Initiated GC) [PSYoungGen: 173918K->37322K(175104K)] 251416K->151750K(699392K), 0.0081184 secs] [Times: user=0.10 sys=0.00, real=0.01 secs] 
2016-09-24T00:33:10.827-0400: 159.559: [GC (GCLocker Initiated GC) [PSYoungGen: 125386K->73640K(175104K)] 240119K->207061K(699392K), 0.0097774 secs] [Times: user=0.12 sys=0.00, real=0.01 secs] 
2016-09-24T00:33:10.948-0400: 159.680: [GC (GCLocker Initiated GC) [PSYoungGen: 161704K->67533K(175104K)] 295363K->219529K(699392K), 0.0094376 secs] [Times: user=0.08 sys=0.00, real=0.01 secs] 
2016-09-24T00:33:11.069-0400: 159.801: [GC (GCLocker Initiated GC) [PSYoungGen: 155597K->61622K(175104K)] 307606K->250200K(699392K), 0.0102944 secs] [Times: user=0.11 sys=0.02, real=0.01 secs] 
2016-09-24T00:33:11.198-0400: 159.930: [GC (GCLocker Initiated GC) [PSYoungGen: 149686K->55191K(175104K)] 338367K->262373K(699392K), 0.0333544 secs] [Times: user=0.31 sys=0.00, real=0.03 secs] 
2016-09-24T00:33:11.335-0400: 160.066: [GC (GCLocker Initiated GC) [PSYoungGen: 143255K->85890K(175104K)] 356599K->311691K(699392K), 0.0165528 secs] [Times: user=0.19 sys=0.00, real=0.01 secs] 
2016-09-24T00:33:11.481-0400: 160.212: [GC (Allocation Failure) [PSYoungGen: 173954K->73444K(175104K)] 399881K->348402K(699392K), 0.0114928 secs] [Times: user=0.13 sys=0.00, real=0.01 secs] 
2016-09-24T00:33:11.639-0400: 160.370: [GC (GCLocker Initiated GC) [PSYoungGen: 160424K->61330K(175104K)] 441458K->360700K(699392K), 0.0124890 secs] [Times: user=0.12 sys=0.00, real=0.01 secs] 
2016-09-24T00:33:11.786-0400: 160.517: [GC (Allocation Failure) [PSYoungGen: 149394K->18840K(175104K)] 461258K->330972K(699392K), 0.0079892 secs] [Times: user=0.07 sys=0.01, real=0.00 secs] 
2016-09-24T00:33:11.899-0400: 160.631: [GC (GCLocker Initiated GC) [PSYoungGen: 104367K->55187K(175104K)] 422573K->373685K(699392K), 0.0185710 secs] [Times: user=0.20 sys=0.01, real=0.02 secs] 
2016-09-24T00:33:12.039-0400: 160.770: [GC (GCLocker Initiated GC) [PSYoungGen: 143251K->85890K(175104K)] 461875K->422874K(699392K), 0.0240233 secs] [Times: user=0.22 sys=0.00, real=0.03 secs] 
2016-09-24T00:33:12.166-0400: 160.897: [GC (GCLocker Initiated GC) [PSYoungGen: 173954K->79719K(175104K)] 511265K->441754K(699392K), 0.0270855 secs] [Times: user=0.24 sys=0.00, real=0.02 secs] 
2016-09-24T00:33:12.301-0400: 161.033: [GC (GCLocker Initiated GC) [PSYoungGen: 167783K->55483K(175104K)] 536075K->460329K(699392K), 0.0165190 secs] [Times: user=0.20 sys=0.00, real=0.02 secs] 
2016-09-24T00:33:12.431-0400: 161.163: [GC (GCLocker Initiated GC) [PSYoungGen: 143547K->85630K(175104K)] 548468K->502953K(699392K), 0.0101592 secs] [Times: user=0.09 sys=0.01, real=0.01 secs] 
2016-09-24T00:33:12.557-0400: 161.288: [GC (GCLocker Initiated GC) [PSYoungGen: 173694K->43009K(175104K)] 591193K->527452K(699392K), 0.0301076 secs] [Times: user=0.33 sys=0.00, real=0.03 secs] 
2016-09-24T00:33:12.587-0400: 161.319: [Full GC (Ergonomics) [PSYoungGen: 43009K->0K(175104K)] [ParOldGen: 484443K->40564K(524288K)] 527452K->40564K(699392K), [Metaspace: 44462K->44462K(1087488K)], 0.0624303 secs] [Times: user=0.41 sys=0.01, real=0.06 secs] 
2016-09-24T00:33:12.764-0400: 161.495: [GC (GCLocker Initiated GC) [PSYoungGen: 88064K->73928K(175104K)] 134745K->120609K(699392K), 0.0114873 secs] [Times: user=0.15 sys=0.00, real=0.01 secs] 
2016-09-24T00:33:12.882-0400: 161.613: [GC (GCLocker Initiated GC) [PSYoungGen: 161992K->85986K(175104K)] 208816K->151746K(699392K), 0.0159713 secs] [Times: user=0.21 sys=0.01, real=0.02 secs] 
2016-09-24T00:33:13.042-0400: 161.773: [GC (GCLocker Initiated GC) [PSYoungGen: 174050K->55447K(175104K)] 252153K->200855K(699392K), 0.0093316 secs] [Times: user=0.12 sys=0.01, real=0.01 secs] 
2016-09-24T00:33:13.189-0400: 161.920: [GC (GCLocker Initiated GC) [PSYoungGen: 143509K->55415K(175104K)] 289278K->201459K(699392K), 0.0095863 secs] [Times: user=0.11 sys=0.00, real=0.01 secs] 
2016-09-24T00:33:13.317-0400: 162.048: [GC (GCLocker Initiated GC) [PSYoungGen: 143479K->55351K(175104K)] 295741K->256332K(699392K), 0.0116281 secs] [Times: user=0.16 sys=0.00, real=0.01 secs] 
2016-09-24T00:33:13.446-0400: 162.177: [GC (GCLocker Initiated GC) [PSYoungGen: 143415K->49344K(175104K)] 350520K->274777K(699392K), 0.0120440 secs] [Times: user=0.09 sys=0.00, real=0.01 secs] 
2016-09-24T00:33:13.584-0400: 162.315: [GC (GCLocker Initiated GC) [PSYoungGen: 137408K->85726K(175104K)] 363062K->312016K(699392K), 0.0105922 secs] [Times: user=0.12 sys=0.00, real=0.01 secs] 
2016-09-24T00:33:13.688-0400: 162.419: [GC (GCLocker Initiated GC) [PSYoungGen: 173790K->86054K(175104K)] 400211K->349224K(699392K), 0.0210962 secs] [Times: user=0.21 sys=0.00, real=0.02 secs] 
2016-09-24T00:33:13.853-0400: 162.585: [GC (GCLocker Initiated GC) [PSYoungGen: 174118K->85758K(175104K)] 437341K->367662K(699392K), 0.0100869 secs] [Times: user=0.13 sys=0.00, real=0.02 secs] 
2016-09-24T00:33:14.013-0400: 162.744: [GC (GCLocker Initiated GC) [PSYoungGen: 173822K->55579K(175104K)] 462128K->398883K(699392K), 0.0092166 secs] [Times: user=0.13 sys=0.01, real=0.02 secs] 
2016-09-24T00:33:14.145-0400: 162.877: [GC (GCLocker Initiated GC) [PSYoungGen: 143643K->55351K(175104K)] 493187K->423396K(699392K), 0.0097732 secs] [Times: user=0.11 sys=0.00, real=0.01 secs] 
2016-09-24T00:33:14.300-0400: 163.031: [GC (GCLocker Initiated GC) [PSYoungGen: 143415K->37322K(175104K)] 523965K->460549K(699392K), 0.0172104 secs] [Times: user=0.21 sys=0.01, real=0.02 secs] 
2016-09-24T00:33:14.430-0400: 163.162: [GC (GCLocker Initiated GC) [PSYoungGen: 125386K->85822K(175104K)] 548689K->539815K(699392K), 0.0127496 secs] [Times: user=0.17 sys=0.00, real=0.02 secs] 
2016-09-24T00:33:14.443-0400: 163.175: [Full GC (Ergonomics) [PSYoungGen: 85822K->0K(175104K)] [ParOldGen: 453993K->59443K(524288K)] 539815K->59443K(699392K), [Metaspace: 44465K->44465K(1087488K)], 0.0553558 secs] [Times: user=0.36 sys=0.01, real=0.05 secs] 
2016-09-24T00:33:14.606-0400: 163.337: [GC (GCLocker Initiated GC) [PSYoungGen: 88064K->86274K(175104K)] 153719K->188379K(699392K), 0.0214390 secs] [Times: user=0.30 sys=0.01, real=0.02 secs] 
2016-09-24T00:33:14.741-0400: 163.472: [GC (GCLocker Initiated GC) [PSYoungGen: 174338K->49084K(175104K)] 288848K->200724K(699392K), 0.0186144 secs] [Times: user=0.16 sys=0.00, real=0.02 secs] 
2016-09-24T00:33:14.862-0400: 163.594: [GC (GCLocker Initiated GC) [PSYoungGen: 137148K->79655K(175104K)] 289053K->231672K(699392K), 0.0123812 secs] [Times: user=0.08 sys=0.00, real=0.01 secs] 
2016-09-24T00:33:15.010-0400: 163.741: [GC (GCLocker Initiated GC) [PSYoungGen: 167719K->55319K(175104K)] 332147K->238583K(699392K), 0.0219483 secs] [Times: user=0.28 sys=0.01, real=0.02 secs] 
2016-09-24T00:33:15.151-0400: 163.882: [GC (Allocation Failure) [PSYoungGen: 143383K->67661K(175104K)] 332820K->269392K(699392K), 0.0181428 secs] [Times: user=0.23 sys=0.00, real=0.02 secs] 
2016-09-24T00:33:15.169-0400: 163.901: [GC (GCLocker Initiated GC) [PSYoungGen: 68291K->160K(175104K)] 270022K->287671K(699392K), 0.0067254 secs] [Times: user=0.07 sys=0.01, real=0.01 secs] 
2016-09-24T00:33:15.297-0400: 164.028: [GC (GCLocker Initiated GC) [PSYoungGen: 86745K->86438K(175104K)] 380332K->386115K(699392K), 0.0210400 secs] [Times: user=0.26 sys=0.01, real=0.02 secs] 
2016-09-24T00:33:15.445-0400: 164.176: [GC (Allocation Failure) [PSYoungGen: 174502K->61458K(175104K)] 480369K->386418K(699392K), 0.0131698 secs] [Times: user=0.17 sys=0.01, real=0.01 secs] 
2016-09-24T00:33:15.604-0400: 164.336: [GC (GCLocker Initiated GC) [PSYoungGen: 146816K->55611K(175104K)] 477851K->411245K(699392K), 0.0096020 secs] [Times: user=0.10 sys=0.01, real=0.01 secs] 
2016-09-24T00:33:15.741-0400: 164.473: [GC (GCLocker Initiated GC) [PSYoungGen: 143675K->73608K(175104K)] 511820K->460254K(699392K), 0.0136223 secs] [Times: user=0.14 sys=0.01, real=0.02 secs] 
2016-09-24T00:33:15.880-0400: 164.611: [GC (GCLocker Initiated GC) [PSYoungGen: 161672K->73740K(175104K)] 548629K->479073K(699392K), 0.0180327 secs] [Times: user=0.20 sys=0.00, real=0.02 secs] 
2016-09-24T00:33:16.020-0400: 164.752: [GC (GCLocker Initiated GC) [PSYoungGen: 161804K->67341K(175104K)] 567262K->491268K(699392K), 0.0273258 secs] [Times: user=0.29 sys=0.00, real=0.03 secs] 
2016-09-24T00:33:16.156-0400: 164.888: [GC (GCLocker Initiated GC) [PSYoungGen: 155405K->85758K(175104K)] 579441K->534206K(699392K), 0.0153957 secs] [Times: user=0.16 sys=0.00, real=0.01 secs] 
2016-09-24T00:33:16.282-0400: 165.014: [GC (GCLocker Initiated GC) [PSYoungGen: 173822K->55743K(175104K)] 622542K->577499K(699392K), 0.0102876 secs] [Times: user=0.14 sys=0.00, real=0.00 secs] 
2016-09-24T00:33:16.293-0400: 165.024: [Full GC (Ergonomics) [PSYoungGen: 55743K->0K(175104K)] [ParOldGen: 521756K->53527K(524288K)] 577499K->53527K(699392K), [Metaspace: 44466K->44466K(1087488K)], 0.0573582 secs] [Times: user=0.43 sys=0.01, real=0.06 secs] 
2016-09-24T00:33:16.446-0400: 165.177: [GC (GCLocker Initiated GC) [PSYoungGen: 88064K->86242K(175104K)] 147865K->152118K(699392K), 0.0119043 secs] [Times: user=0.17 sys=0.00, real=0.01 secs] 
2016-09-24T00:33:16.560-0400: 165.292: [GC (GCLocker Initiated GC) [PSYoungGen: 174303K->79911K(175104K)] 240540K->201386K(699392K), 0.0142462 secs] [Times: user=0.18 sys=0.00, real=0.02 secs] 
2016-09-24T00:33:16.690-0400: 165.422: [GC (GCLocker Initiated GC) [PSYoungGen: 167975K->49180K(175104K)] 295802K->195484K(699392K), 0.0320779 secs] [Times: user=0.33 sys=0.02, real=0.04 secs] 
2016-09-24T00:33:16.853-0400: 165.585: [GC (GCLocker Initiated GC) [PSYoungGen: 137244K->67633K(175104K)] 283763K->220502K(699392K), 0.0187348 secs] [Times: user=0.18 sys=0.00, real=0.02 secs] 
2016-09-24T00:33:16.988-0400: 165.719: [GC (Allocation Failure) [PSYoungGen: 155697K->55287K(175104K)] 308793K->239041K(699392K), 0.0186630 secs] [Times: user=0.20 sys=0.00, real=0.02 secs] 
2016-09-24T00:33:17.120-0400: 165.851: [GC (GCLocker Initiated GC) [PSYoungGen: 143351K->67473K(175104K)] 333180K->275639K(699392K), 0.0230078 secs] [Times: user=0.26 sys=0.01, real=0.03 secs] 
2016-09-24T00:33:17.260-0400: 165.991: [GC (GCLocker Initiated GC) [PSYoungGen: 155537K->55255K(175104K)] 370077K->288459K(699392K), 0.0078156 secs] [Times: user=0.08 sys=0.00, real=0.01 secs] 
2016-09-24T00:33:17.398-0400: 166.130: [GC (GCLocker Initiated GC) [PSYoungGen: 143319K->73416K(175104K)] 382752K->312945K(699392K), 0.0082630 secs] [Times: user=0.07 sys=0.00, real=0.01 secs] 
2016-09-24T00:33:17.530-0400: 166.262: [GC (Allocation Failure) [PSYoungGen: 161480K->36802K(175104K)] 401011K->313042K(699392K), 0.0104699 secs] [Times: user=0.07 sys=0.00, real=0.01 secs] 
2016-09-24T00:33:17.682-0400: 166.414: [GC (GCLocker Initiated GC) [PSYoungGen: 124866K->67305K(175104K)] 401111K->343670K(699392K), 0.0168454 secs] [Times: user=0.20 sys=0.00, real=0.01 secs] 
2016-09-24T00:33:17.812-0400: 166.544: [GC (GCLocker Initiated GC) [PSYoungGen: 155369K->67505K(175104K)] 438002K->350250K(699392K), 0.0161767 secs] [Times: user=0.16 sys=0.00, real=0.02 secs] 
2016-09-24T00:33:17.952-0400: 166.683: [GC (GCLocker Initiated GC) [PSYoungGen: 155569K->18801K(175104K)] 445003K->326775K(699392K), 0.0047121 secs] [Times: user=0.05 sys=0.00, real=0.01 secs] 
2016-09-24T00:33:18.063-0400: 166.795: [GC (GCLocker Initiated GC) [PSYoungGen: 106865K->67337K(175104K)] 421074K->381657K(699392K), 0.0318744 secs] [Times: user=0.40 sys=0.00, real=0.03 secs] 
2016-09-24T00:33:18.215-0400: 166.947: [GC (GCLocker Initiated GC) [PSYoungGen: 155401K->80210K(175104K)] 469925K->394846K(699392K), 0.0105292 secs] [Times: user=0.08 sys=0.00, real=0.01 secs] 
2016-09-24T00:33:18.334-0400: 167.065: [GC (GCLocker Initiated GC) [PSYoungGen: 168274K->85790K(175104K)] 482981K->419169K(699392K), 0.0093907 secs] [Times: user=0.14 sys=0.00, real=0.02 secs] 
2016-09-24T00:33:18.448-0400: 167.179: [GC (GCLocker Initiated GC) [PSYoungGen: 173854K->85758K(175104K)] 507281K->467912K(699392K), 0.0253417 secs] [Times: user=0.31 sys=0.00, real=0.02 secs] 
2016-09-24T00:33:18.600-0400: 167.331: [GC (GCLocker Initiated GC) [PSYoungGen: 173822K->55191K(175104K)] 562093K->510571K(699392K), 0.0137180 secs] [Times: user=0.14 sys=0.00, real=0.01 secs] 
2016-09-24T00:33:18.614-0400: 167.345: [Full GC (Ergonomics) [PSYoungGen: 55191K->0K(175104K)] [ParOldGen: 455380K->41120K(524288K)] 510571K->41120K(699392K), [Metaspace: 44476K->44476K(1087488K)], 0.0692836 secs] [Times: user=0.42 sys=0.02, real=0.08 secs] 
2016-09-24T00:33:18.777-0400: 167.509: [GC (GCLocker Initiated GC) [PSYoungGen: 88064K->86210K(175104K)] 129423K->133644K(699392K), 0.0099603 secs] [Times: user=0.13 sys=0.00, real=0.01 secs] 
2016-09-24T00:33:18.901-0400: 167.633: [GC (GCLocker Initiated GC) [PSYoungGen: 174274K->86050K(175104K)] 221930K->195215K(699392K), 0.0104568 secs] [Times: user=0.16 sys=0.00, real=0.01 secs] 
2016-09-24T00:33:19.047-0400: 167.779: [GC (GCLocker Initiated GC) [PSYoungGen: 174114K->61522K(175104K)] 289384K->195645K(699392K), 0.0084454 secs] [Times: user=0.12 sys=0.00, real=0.01 secs] 
2016-09-24T00:33:19.192-0400: 167.924: [GC (GCLocker Initiated GC) [PSYoungGen: 149586K->37130K(175104K)] 295950K->195912K(699392K), 0.0110732 secs] [Times: user=0.09 sys=0.00, real=0.02 secs] 
2016-09-24T00:33:19.307-0400: 168.039: [GC (GCLocker Initiated GC) [PSYoungGen: 125194K->55383K(175104K)] 284585K->215050K(699392K), 0.0102118 secs] [Times: user=0.11 sys=0.00, real=0.01 secs] 
2016-09-24T00:33:19.447-0400: 168.179: [GC (Allocation Failure) [PSYoungGen: 143447K->85626K(175104K)] 309696K->270407K(699392K), 0.0087596 secs] [Times: user=0.10 sys=0.00, real=0.01 secs] 
2016-09-24T00:33:19.550-0400: 168.282: [GC (GCLocker Initiated GC) [PSYoungGen: 173690K->55255K(175104K)] 358477K->276611K(699392K), 0.0288119 secs] [Times: user=0.31 sys=0.01, real=0.03 secs] 
2016-09-24T00:33:19.686-0400: 168.418: [GC (GCLocker Initiated GC) [PSYoungGen: 143319K->61330K(175104K)] 370821K->301242K(699392K), 0.0177584 secs] [Times: user=0.20 sys=0.00, real=0.02 secs] 
2016-09-24T00:33:19.850-0400: 168.581: [GC (GCLocker Initiated GC) [PSYoungGen: 149394K->55223K(175104K)] 389496K->313801K(699392K), 0.0407732 secs] [Times: user=0.38 sys=0.00, real=0.04 secs] 
2016-09-24T00:33:20.021-0400: 168.752: [GC (GCLocker Initiated GC) [PSYoungGen: 143287K->67177K(175104K)] 401980K->326129K(699392K), 0.0269131 secs] [Times: user=0.28 sys=0.00, real=0.03 secs] 
2016-09-24T00:33:20.163-0400: 168.894: [GC (GCLocker Initiated GC) [PSYoungGen: 155241K->67697K(175104K)] 420383K->351216K(699392K), 0.0129697 secs] [Times: user=0.17 sys=0.00, real=0.01 secs] 
2016-09-24T00:33:20.312-0400: 169.044: [GC (GCLocker Initiated GC) [PSYoungGen: 155758K->55219K(175104K)] 445708K->388156K(699392K), 0.0143288 secs] [Times: user=0.19 sys=0.01, real=0.02 secs] 
2016-09-24T00:33:20.447-0400: 169.178: [GC (GCLocker Initiated GC) [PSYoungGen: 143283K->73708K(175104K)] 476352K->406880K(699392K), 0.0079101 secs] [Times: user=0.08 sys=0.00, real=0.01 secs] 
2016-09-24T00:33:20.548-0400: 169.279: [GC (GCLocker Initiated GC) [PSYoungGen: 161772K->85630K(175104K)] 495053K->437420K(699392K), 0.0134306 secs] [Times: user=0.12 sys=0.00, real=0.01 secs] 
2016-09-24T00:33:20.683-0400: 169.414: [GC (GCLocker Initiated GC) [PSYoungGen: 173694K->79815K(175104K)] 531606K->492530K(699392K), 0.0251436 secs] [Times: user=0.30 sys=0.00, real=0.02 secs] 
2016-09-24T00:33:20.831-0400: 169.562: [GC (GCLocker Initiated GC) [PSYoungGen: 167879K->85626K(175104K)] 580899K->535396K(699392K), 0.0129254 secs] [Times: user=0.13 sys=0.00, real=0.02 secs] 
2016-09-24T00:33:20.943-0400: 169.674: [GC (GCLocker Initiated GC) [PSYoungGen: 173690K->85790K(175104K)] 623557K->584377K(699392K), 0.0144082 secs] [Times: user=0.17 sys=0.00, real=0.01 secs] 
2016-09-24T00:33:20.958-0400: 169.689: [Full GC (Ergonomics) [PSYoungGen: 85790K->0K(175104K)] [ParOldGen: 498587K->53933K(524288K)] 584377K->53933K(699392K), [Metaspace: 44479K->44479K(1087488K)], 0.0689416 secs] [Times: user=0.54 sys=0.01, real=0.07 secs] 
2016-09-24T00:33:21.141-0400: 169.873: [GC (GCLocker Initiated GC) [PSYoungGen: 88064K->55867K(175104K)] 154155K->121958K(699392K), 0.0060200 secs] [Times: user=0.08 sys=0.00, real=0.01 secs] 
2016-09-24T00:33:21.257-0400: 169.988: [GC (GCLocker Initiated GC) [PSYoungGen: 143931K->86118K(175104K)] 210327K->189691K(699392K), 0.0109311 secs] [Times: user=0.14 sys=0.00, real=0.01 secs] 
2016-09-24T00:33:21.410-0400: 170.141: [GC (GCLocker Initiated GC) [PSYoungGen: 174182K->67405K(175104K)] 284029K->201812K(699392K), 0.0133772 secs] [Times: user=0.12 sys=0.00, real=0.02 secs] 
2016-09-24T00:33:21.525-0400: 170.256: [GC (GCLocker Initiated GC) [PSYoungGen: 155469K->85890K(175104K)] 289973K->244986K(699392K), 0.0219156 secs] [Times: user=0.26 sys=0.00, real=0.02 secs] 
2016-09-24T00:33:21.680-0400: 170.411: [GC (GCLocker Initiated GC) [PSYoungGen: 173954K->85822K(175104K)] 333216K->281834K(699392K), 0.0117569 secs] [Times: user=0.17 sys=0.00, real=0.01 secs] 
2016-09-24T00:33:21.811-0400: 170.542: [GC (GCLocker Initiated GC) [PSYoungGen: 173886K->79943K(175104K)] 370270K->319176K(699392K), 0.0243329 secs] [Times: user=0.34 sys=0.00, real=0.03 secs] 
2016-09-24T00:33:21.955-0400: 170.687: [GC (Allocation Failure) [PSYoungGen: 168004K->61458K(175104K)] 407598K->337965K(699392K), 0.0117359 secs] [Times: user=0.12 sys=0.01, real=0.01 secs] 
2016-09-24T00:33:21.968-0400: 170.699: [GC (GCLocker Initiated GC) [PSYoungGen: 61801K->32K(175104K)] 338308K->350005K(699392K), 0.0077557 secs] [Times: user=0.10 sys=0.01, real=0.01 secs] 
2016-09-24T00:33:22.068-0400: 170.799: [GC (GCLocker Initiated GC) [PSYoungGen: 84192K->86114K(175104K)] 440240K->442162K(699392K), 0.0086729 secs] [Times: user=0.11 sys=0.00, real=0.01 secs] 
2016-09-24T00:33:22.222-0400: 170.953: [GC (Allocation Failure) [PSYoungGen: 174178K->48888K(175104K)] 530273K->436038K(699392K), 0.0189847 secs] [Times: user=0.17 sys=0.01, real=0.02 secs] 
2016-09-24T00:33:22.333-0400: 171.065: [GC (GCLocker Initiated GC) [PSYoungGen: 136952K->67373K(175104K)] 524102K->472836K(699392K), 0.0164657 secs] [Times: user=0.13 sys=0.00, real=0.02 secs] 
2016-09-24T00:33:22.460-0400: 171.191: [GC (GCLocker Initiated GC) [PSYoungGen: 155437K->85694K(175104K)] 560965K->534046K(699392K), 0.0312643 secs] [Times: user=0.35 sys=0.00, real=0.03 secs] 
2016-09-24T00:33:22.616-0400: 171.348: [GC (Allocation Failure) [PSYoungGen: 173758K->73416K(175104K)] 622320K->546522K(699392K), 0.0194144 secs] [Times: user=0.15 sys=0.00, real=0.02 secs] 
2016-09-24T00:33:22.636-0400: 171.367: [Full GC (Ergonomics) [PSYoungGen: 73416K->0K(175104K)] [ParOldGen: 473105K->53767K(524288K)] 546522K->53767K(699392K), [Metaspace: 44489K->44489K(1087488K)], 0.0537188 secs] [Times: user=0.26 sys=0.00, real=0.05 secs] 
2016-09-24T00:33:22.815-0400: 171.546: [GC (GCLocker Initiated GC) [PSYoungGen: 88061K->86538K(175104K)] 141835K->152461K(699392K), 0.0164683 secs] [Times: user=0.16 sys=0.00, real=0.01 secs] 
2016-09-24T00:33:22.941-0400: 171.672: [GC (Allocation Failure) [PSYoungGen: 174602K->49276K(175104K)] 240532K->158591K(699392K), 0.0095316 secs] [Times: user=0.09 sys=0.00, real=0.01 secs] 
2016-09-24T00:33:23.079-0400: 171.811: [GC (GCLocker Initiated GC) [PSYoungGen: 137340K->73672K(175104K)] 246655K->225648K(699392K), 0.0106712 secs] [Times: user=0.14 sys=0.01, real=0.01 secs] 
2016-09-24T00:33:23.222-0400: 171.954: [GC (GCLocker Initiated GC) [PSYoungGen: 161736K->73508K(175104K)] 314034K->244322K(699392K), 0.0275596 secs] [Times: user=0.39 sys=0.00, real=0.02 secs] 
2016-09-24T00:33:23.368-0400: 172.099: [GC (Allocation Failure) [PSYoungGen: 161572K->67469K(175104K)] 338660K->244669K(699392K), 0.0083056 secs] [Times: user=0.10 sys=0.00, real=0.01 secs] 
2016-09-24T00:33:23.497-0400: 172.229: [GC (GCLocker Initiated GC) [PSYoungGen: 155533K->61038K(175104K)] 332738K->250652K(699392K), 0.0396142 secs] [Times: user=0.36 sys=0.01, real=0.04 secs] 
2016-09-24T00:33:23.655-0400: 172.386: [GC (GCLocker Initiated GC) [PSYoungGen: 149102K->85690K(175104K)] 350959K->311983K(699392K), 0.0090258 secs] [Times: user=0.12 sys=0.00, real=0.01 secs] 
2016-09-24T00:33:23.776-0400: 172.508: [GC (GCLocker Initiated GC) [PSYoungGen: 173754K->73772K(175104K)] 400200K->324670K(699392K), 0.0108293 secs] [Times: user=0.13 sys=0.00, real=0.01 secs] 
2016-09-24T00:33:23.904-0400: 172.635: [GC (GCLocker Initiated GC) [PSYoungGen: 161836K->55351K(175104K)] 418979K->349359K(699392K), 0.0159320 secs] [Times: user=0.18 sys=0.00, real=0.01 secs] 
2016-09-24T00:33:24.044-0400: 172.776: [GC (GCLocker Initiated GC) [PSYoungGen: 143415K->73772K(175104K)] 443703K->374179K(699392K), 0.0070188 secs] [Times: user=0.08 sys=0.00, real=0.00 secs] 
2016-09-24T00:33:24.206-0400: 172.937: [GC (GCLocker Initiated GC) [PSYoungGen: 161836K->37158K(175104K)] 480655K->374501K(699392K), 0.0064724 secs] [Times: user=0.08 sys=0.00, real=0.00 secs] 
2016-09-24T00:33:24.353-0400: 173.084: [GC (Allocation Failure) [PSYoungGen: 125222K->36966K(175104K)] 462921K->374768K(699392K), 0.0072409 secs] [Times: user=0.09 sys=0.00, real=0.01 secs] 
2016-09-24T00:33:24.479-0400: 173.210: [GC (GCLocker Initiated GC) [PSYoungGen: 125030K->85822K(175104K)] 462839K->448051K(699392K), 0.0220174 secs] [Times: user=0.26 sys=0.00, real=0.02 secs] 
2016-09-24T00:33:24.629-0400: 173.360: [GC (GCLocker Initiated GC) [PSYoungGen: 173886K->61558K(175104K)] 542394K->448395K(699392K), 0.0125042 secs] [Times: user=0.16 sys=0.00, real=0.01 secs] 
2016-09-24T00:33:24.738-0400: 173.469: [GC (GCLocker Initiated GC) [PSYoungGen: 149622K->67437K(175104K)] 542593K->466750K(699392K), 0.0110060 secs] [Times: user=0.12 sys=0.00, real=0.01 secs] 
2016-09-24T00:33:24.869-0400: 173.601: [GC (Allocation Failure) [PSYoungGen: 155501K->85822K(175104K)] 554968K->515971K(699392K), 0.0235845 secs] [Times: user=0.24 sys=0.00, real=0.02 secs] 
2016-09-24T00:33:25.049-0400: 173.781: [GC (GCLocker Initiated GC) [PSYoungGen: 173886K->42781K(175104K)] 604047K->497477K(699392K), 0.0107894 secs] [Times: user=0.06 sys=0.01, real=0.01 secs] 
2016-09-24T00:33:25.190-0400: 173.921: [GC (GCLocker Initiated GC) [PSYoungGen: 130845K->73512K(175104K)] 585590K->528360K(699392K), 0.0107222 secs] [Times: user=0.10 sys=0.00, real=0.01 secs] 
2016-09-24T00:33:25.294-0400: 174.025: [GC (GCLocker Initiated GC) [PSYoungGen: 161576K->73772K(175104K)] 622815K->583911K(699392K), 0.0236661 secs] [Times: user=0.31 sys=0.00, real=0.03 secs] 
2016-09-24T00:33:25.318-0400: 174.049: [Full GC (Ergonomics) [PSYoungGen: 73772K->0K(175104K)] [ParOldGen: 510138K->54213K(524288K)] 583911K->54213K(699392K), [Metaspace: 44489K->44489K(1087488K)], 0.0555411 secs] [Times: user=0.36 sys=0.00, real=0.05 secs] 
2016-09-24T00:33:25.489-0400: 174.221: [GC (GCLocker Initiated GC) [PSYoungGen: 88064K->85854K(175104K)] 148411K->146201K(699392K), 0.0308140 secs] [Times: user=0.35 sys=0.00, real=0.03 secs] 
2016-09-24T00:33:25.611-0400: 174.343: [GC (GCLocker Initiated GC) [PSYoungGen: 173918K->67697K(175104K)] 234324K->195476K(699392K), 0.0169056 secs] [Times: user=0.17 sys=0.01, real=0.02 secs] 
2016-09-24T00:33:25.732-0400: 174.463: [GC (GCLocker Initiated GC) [PSYoungGen: 155761K->85758K(175104K)] 283557K->232063K(699392K), 0.0163648 secs] [Times: user=0.20 sys=0.00, real=0.02 secs] 
2016-09-24T00:33:25.871-0400: 174.603: [GC (GCLocker Initiated GC) [PSYoungGen: 173822K->73448K(175104K)] 320448K->256628K(699392K), 0.0182184 secs] [Times: user=0.16 sys=0.01, real=0.02 secs] 
2016-09-24T00:33:26.006-0400: 174.737: [GC (GCLocker Initiated GC) [PSYoungGen: 161512K->73644K(175104K)] 345025K->275469K(699392K), 0.0112409 secs] [Times: user=0.10 sys=0.00, real=0.01 secs] 
2016-09-24T00:33:26.128-0400: 174.859: [GC (GCLocker Initiated GC) [PSYoungGen: 161708K->49376K(175104K)] 369868K->276045K(699392K), 0.0310493 secs] [Times: user=0.32 sys=0.01, real=0.03 secs] 
2016-09-24T00:33:26.279-0400: 175.010: [GC (GCLocker Initiated GC) [PSYoungGen: 137440K->73576K(175104K)] 364156K->361194K(699392K), 0.0115633 secs] [Times: user=0.16 sys=0.00, real=0.01 secs] 
2016-09-24T00:33:26.412-0400: 175.144: [GC (GCLocker Initiated GC) [PSYoungGen: 161640K->85922K(175104K)] 449586K->392384K(699392K), 0.0097026 secs] [Times: user=0.10 sys=0.00, real=0.01 secs] 
2016-09-24T00:33:26.532-0400: 175.263: [GC (GCLocker Initiated GC) [PSYoungGen: 173986K->85790K(175104K)] 480613K->429159K(699392K), 0.0117829 secs] [Times: user=0.12 sys=0.00, real=0.02 secs] 
2016-09-24T00:33:26.651-0400: 175.383: [GC (Allocation Failure) [PSYoungGen: 173854K->85986K(175104K)] 517578K->490596K(699392K), 0.0111497 secs] [Times: user=0.15 sys=0.01, real=0.02 secs] 
2016-09-24T00:33:26.802-0400: 175.533: [GC (GCLocker Initiated GC) [PSYoungGen: 172164K->55155K(175104K)] 582849K->484340K(699392K), 0.0102257 secs] [Times: user=0.11 sys=0.00, real=0.01 secs] 
2016-09-24T00:33:26.922-0400: 175.654: [GC (Allocation Failure) [PSYoungGen: 143219K->73968K(175104K)] 572553K->503429K(699392K), 0.0189540 secs] [Times: user=0.26 sys=0.00, real=0.01 secs] 
2016-09-24T00:33:27.060-0400: 175.792: [GC (GCLocker Initiated GC) [PSYoungGen: 162032K->67273K(175104K)] 591499K->533614K(699392K), 0.0183930 secs] [Times: user=0.16 sys=0.00, real=0.02 secs] 
2016-09-24T00:33:27.079-0400: 175.810: [Full GC (Ergonomics) [PSYoungGen: 67273K->0K(175104K)] [ParOldGen: 466341K->48093K(524288K)] 533614K->48093K(699392K), [Metaspace: 44504K->44504K(1087488K)], 0.0555541 secs] [Times: user=0.34 sys=0.00, real=0.06 secs] 
2016-09-24T00:33:27.267-0400: 175.999: [GC (GCLocker Initiated GC) [PSYoungGen: 88064K->86406K(175104K)] 136205K->158847K(699392K), 0.0182192 secs] [Times: user=0.24 sys=0.00, real=0.02 secs] 
2016-09-24T00:33:27.415-0400: 176.147: [GC (GCLocker Initiated GC) [PSYoungGen: 174470K->61622K(175104K)] 247126K->177498K(699392K), 0.0100205 secs] [Times: user=0.10 sys=0.00, real=0.01 secs] 
2016-09-24T00:33:27.530-0400: 176.262: [GC (GCLocker Initiated GC) [PSYoungGen: 149686K->79619K(175104K)] 265604K->214046K(699392K), 0.0303494 secs] [Times: user=0.34 sys=0.00, real=0.03 secs] 
2016-09-24T00:33:27.682-0400: 176.413: [GC (Allocation Failure) [PSYoungGen: 167683K->49344K(175104K)] 302503K->232835K(699392K), 0.0108325 secs] [Times: user=0.09 sys=0.01, real=0.01 secs] 
2016-09-24T00:33:27.813-0400: 176.544: [GC (GCLocker Initiated GC) [PSYoungGen: 137408K->67405K(175104K)] 320905K->251318K(699392K), 0.0103166 secs] [Times: user=0.07 sys=0.00, real=0.02 secs] 
2016-09-24T00:33:27.937-0400: 176.669: [GC (GCLocker Initiated GC) [PSYoungGen: 155469K->79747K(175104K)] 339569K->300449K(699392K), 0.0118489 secs] [Times: user=0.16 sys=0.00, real=0.01 secs] 
2016-09-24T00:33:28.063-0400: 176.795: [GC (GCLocker Initiated GC) [PSYoungGen: 167811K->85794K(175104K)] 388863K->349466K(699392K), 0.0229768 secs] [Times: user=0.24 sys=0.02, real=0.02 secs] 
2016-09-24T00:33:28.220-0400: 176.951: [GC (GCLocker Initiated GC) [PSYoungGen: 173858K->73672K(175104K)] 437814K->374557K(699392K), 0.0091610 secs] [Times: user=0.11 sys=0.00, real=0.01 secs] 
2016-09-24T00:33:28.354-0400: 177.086: [GC (Allocation Failure) [PSYoungGen: 161736K->61526K(175104K)] 462989K->381083K(699392K), 0.0138627 secs] [Times: user=0.17 sys=0.00, real=0.02 secs] 
2016-09-24T00:33:28.368-0400: 177.100: [GC (GCLocker Initiated GC) [PSYoungGen: 61540K->96K(175104K)] 381097K->393119K(699392K), 0.0076972 secs] [Times: user=0.09 sys=0.00, real=0.01 secs] 
2016-09-24T00:33:28.477-0400: 177.209: [GC (GCLocker Initiated GC) [PSYoungGen: 88160K->85626K(175104K)] 481353K->484894K(699392K), 0.0100130 secs] [Times: user=0.14 sys=0.01, real=0.01 secs] 
2016-09-24T00:33:28.605-0400: 177.337: [GC (GCLocker Initiated GC) [PSYoungGen: 173690K->37098K(175104K)] 585357K->485302K(699392K), 0.0125180 secs] [Times: user=0.09 sys=0.00, real=0.01 secs] 
2016-09-24T00:33:28.618-0400: 177.350: [Full GC (Ergonomics) [PSYoungGen: 37098K->0K(175104K)] [ParOldGen: 448204K->52663K(524288K)] 485302K->52663K(699392K), [Metaspace: 44507K->44507K(1087488K)], 0.0932574 secs] [Times: user=0.86 sys=0.02, real=0.09 secs] 
2016-09-24T00:33:28.833-0400: 177.565: [GC (GCLocker Initiated GC) [PSYoungGen: 88064K->86086K(175104K)] 140739K->144836K(699392K), 0.0085697 secs] [Times: user=0.10 sys=0.00, real=0.01 secs] 
2016-09-24T00:33:28.939-0400: 177.670: [GC (GCLocker Initiated GC) [PSYoungGen: 174150K->85758K(175104K)] 232936K->205594K(699392K), 0.0100848 secs] [Times: user=0.14 sys=0.00, real=0.01 secs] 
2016-09-24T00:33:29.064-0400: 177.796: [GC (GCLocker Initiated GC) [PSYoungGen: 173822K->79911K(175104K)] 300094K->273324K(699392K), 0.0129767 secs] [Times: user=0.15 sys=0.00, real=0.01 secs] 
2016-09-24T00:33:29.234-0400: 177.965: [GC (GCLocker Initiated GC) [PSYoungGen: 167975K->37226K(175104K)] 379829K->285821K(699392K), 0.0167100 secs] [Times: user=0.19 sys=0.00, real=0.02 secs] 
2016-09-24T00:33:29.391-0400: 178.123: [GC (GCLocker Initiated GC) [PSYoungGen: 125290K->55255K(175104K)] 374240K->304465K(699392K), 0.0072375 secs] [Times: user=0.06 sys=0.00, real=0.01 secs] 
2016-09-24T00:33:29.502-0400: 178.233: [GC (GCLocker Initiated GC) [PSYoungGen: 143319K->61390K(175104K)] 392593K->365466K(699392K), 0.0296446 secs] [Times: user=0.39 sys=0.01, real=0.03 secs] 
2016-09-24T00:33:29.641-0400: 178.373: [GC (GCLocker Initiated GC) [PSYoungGen: 149454K->80143K(175104K)] 453831K->408963K(699392K), 0.0108942 secs] [Times: user=0.11 sys=0.00, real=0.01 secs] 
2016-09-24T00:33:29.772-0400: 178.503: [GC (GCLocker Initiated GC) [PSYoungGen: 168207K->55219K(175104K)] 497304K->427625K(699392K), 0.0099100 secs] [Times: user=0.12 sys=0.00, real=0.01 secs] 
2016-09-24T00:33:29.895-0400: 178.627: [GC (GCLocker Initiated GC) [PSYoungGen: 143283K->55583K(175104K)] 527948K->440327K(699392K), 0.0320770 secs] [Times: user=0.30 sys=0.01, real=0.03 secs] 
2016-09-24T00:33:30.054-0400: 178.786: [GC (Allocation Failure) [PSYoungGen: 143647K->67337K(175104K)] 528668K->501298K(699392K), 0.0137772 secs] [Times: user=0.13 sys=0.01, real=0.01 secs] 
2016-09-24T00:33:30.186-0400: 178.917: [GC (GCLocker Initiated GC) [PSYoungGen: 155401K->67469K(175104K)] 589368K->531939K(699392K), 0.0101999 secs] [Times: user=0.12 sys=0.00, real=0.01 secs] 
2016-09-24T00:33:30.196-0400: 178.928: [Full GC (Ergonomics) [PSYoungGen: 67469K->0K(175104K)] [ParOldGen: 464469K->46735K(524288K)] 531939K->46735K(699392K), [Metaspace: 44507K->44507K(1087488K)], 0.0536869 secs] [Times: user=0.29 sys=0.01, real=0.05 secs] 
2016-09-24T00:33:30.354-0400: 179.086: [GC (GCLocker Initiated GC) [PSYoungGen: 88064K->86242K(175104K)] 134812K->139065K(699392K), 0.0086331 secs] [Times: user=0.11 sys=0.01, real=0.01 secs] 
2016-09-24T00:33:30.482-0400: 179.213: [GC (Allocation Failure) [PSYoungGen: 174306K->73868K(175104K)] 227316K->157801K(699392K), 0.0182317 secs] [Times: user=0.22 sys=0.00, real=0.02 secs] 
2016-09-24T00:33:30.618-0400: 179.349: [GC (GCLocker Initiated GC) [PSYoungGen: 161932K->85822K(175104K)] 245870K->194384K(699392K), 0.0144905 secs] [Times: user=0.18 sys=0.00, real=0.01 secs] 
2016-09-24T00:33:30.742-0400: 179.473: [GC (GCLocker Initiated GC) [PSYoungGen: 173886K->73576K(175104K)] 282612K->200655K(699392K), 0.0100306 secs] [Times: user=0.10 sys=0.00, real=0.01 secs] 
2016-09-24T00:33:30.858-0400: 179.590: [GC (GCLocker Initiated GC) [PSYoungGen: 161640K->85954K(175104K)] 288761K->231575K(699392K), 0.0325663 secs] [Times: user=0.40 sys=0.00, real=0.03 secs] 
2016-09-24T00:33:31.053-0400: 179.784: [GC (Allocation Failure) [PSYoungGen: 174018K->49116K(175104K)] 331831K->249753K(699392K), 0.0215837 secs] [Times: user=0.24 sys=0.01, real=0.03 secs] 
2016-09-24T00:33:31.202-0400: 179.933: [GC (GCLocker Initiated GC) [PSYoungGen: 135378K->55091K(175104K)] 348165K->298560K(699392K), 0.0111593 secs] [Times: user=0.12 sys=0.01, real=0.01 secs] 
2016-09-24T00:33:31.308-0400: 180.039: [GC (GCLocker Initiated GC) [PSYoungGen: 143155K->73608K(175104K)] 386778K->317359K(699392K), 0.0147112 secs] [Times: user=0.17 sys=0.00, real=0.02 secs] 
2016-09-24T00:33:31.439-0400: 180.170: [GC (GCLocker Initiated GC) [PSYoungGen: 161672K->86413K(175104K)] 405583K->360975K(699392K), 0.0210923 secs] [Times: user=0.24 sys=0.00, real=0.02 secs] 
2016-09-24T00:33:31.602-0400: 180.333: [GC (GCLocker Initiated GC) [PSYoungGen: 174477K->49144K(175104K)] 455244K->415284K(699392K), 0.0180445 secs] [Times: user=0.24 sys=0.01, real=0.02 secs] 
2016-09-24T00:33:31.729-0400: 180.460: [GC (GCLocker Initiated GC) [PSYoungGen: 137208K->85758K(175104K)] 503367K->464210K(699392K), 0.0102555 secs] [Times: user=0.11 sys=0.01, real=0.01 secs] 
2016-09-24T00:33:31.861-0400: 180.592: [GC (Allocation Failure) [PSYoungGen: 173822K->67501K(175104K)] 552529K->513349K(699392K), 0.0145602 secs] [Times: user=0.14 sys=0.02, real=0.02 secs] 
2016-09-24T00:33:31.875-0400: 180.607: [Full GC (Ergonomics) [PSYoungGen: 67501K->0K(175104K)] [ParOldGen: 445848K->40520K(524288K)] 513349K->40520K(699392K), [Metaspace: 44508K->44508K(1087488K)], 0.0517042 secs] [Times: user=0.27 sys=0.00, real=0.05 secs] 
2016-09-24T00:33:32.031-0400: 180.762: [GC (GCLocker Initiated GC) [PSYoungGen: 88064K->85918K(175104K)] 128585K->138589K(699392K), 0.0098110 secs] [Times: user=0.09 sys=0.01, real=0.01 secs] 
2016-09-24T00:33:32.165-0400: 180.896: [GC (Allocation Failure) [PSYoungGen: 173982K->43041K(175104K)] 226952K->151225K(699392K), 0.0108660 secs] [Times: user=0.09 sys=0.00, real=0.01 secs] 
2016-09-24T00:33:32.308-0400: 181.040: [GC (GCLocker Initiated GC) [PSYoungGen: 129779K->55547K(175104K)] 244039K->206524K(699392K), 0.0105094 secs] [Times: user=0.16 sys=0.00, real=0.01 secs] 
2016-09-24T00:33:32.455-0400: 181.186: [GC (GCLocker Initiated GC) [PSYoungGen: 143611K->49052K(175104K)] 300723K->206251K(699392K), 0.0213178 secs] [Times: user=0.19 sys=0.00, real=0.02 secs] 
2016-09-24T00:33:32.590-0400: 181.322: [GC (GCLocker Initiated GC) [PSYoungGen: 137116K->61362K(175104K)] 300751K->249581K(699392K), 0.0200030 secs] [Times: user=0.22 sys=0.00, real=0.02 secs] 
2016-09-24T00:33:32.712-0400: 181.443: [GC (GCLocker Initiated GC) [PSYoungGen: 149426K->79651K(175104K)] 337938K->268455K(699392K), 0.0093893 secs] [Times: user=0.09 sys=0.00, real=0.01 secs] 
2016-09-24T00:33:32.847-0400: 181.578: [GC (GCLocker Initiated GC) [PSYoungGen: 167715K->61330K(175104K)] 356543K->286876K(699392K), 0.0326150 secs] [Times: user=0.40 sys=0.00, real=0.03 secs] 
2016-09-24T00:33:32.990-0400: 181.721: [GC (Allocation Failure) [PSYoungGen: 149394K->61622K(175104K)] 375183K->311847K(699392K), 0.0096298 secs] [Times: user=0.09 sys=0.00, real=0.01 secs] 
2016-09-24T00:33:33.124-0400: 181.856: [GC (GCLocker Initiated GC) [PSYoungGen: 145065K->24752K(175104K)] 401365K->317917K(699392K), 0.0114133 secs] [Times: user=0.12 sys=0.01, real=0.01 secs] 
2016-09-24T00:33:33.249-0400: 181.981: [GC (GCLocker Initiated GC) [PSYoungGen: 112816K->73576K(175104K)] 412243K->373107K(699392K), 0.0168143 secs] [Times: user=0.19 sys=0.01, real=0.02 secs] 
2016-09-24T00:33:33.386-0400: 182.117: [GC (GCLocker Initiated GC) [PSYoungGen: 161640K->61362K(175104K)] 461201K->379439K(699392K), 0.0093888 secs] [Times: user=0.08 sys=0.00, real=0.01 secs] 
2016-09-24T00:33:33.520-0400: 182.252: [GC (GCLocker Initiated GC) [PSYoungGen: 149426K->55223K(175104K)] 479818K->385883K(699392K), 0.0162848 secs] [Times: user=0.18 sys=0.00, real=0.02 secs] 
2016-09-24T00:33:33.679-0400: 182.410: [GC (GCLocker Initiated GC) [PSYoungGen: 143284K->49052K(175104K)] 474305K->386235K(699392K), 0.0412372 secs] [Times: user=0.45 sys=0.00, real=0.04 secs] 
2016-09-24T00:33:33.843-0400: 182.575: [GC (Allocation Failure) [PSYoungGen: 137116K->37130K(175104K)] 486473K->404792K(699392K), 0.0197199 secs] [Times: user=0.16 sys=0.01, real=0.02 secs] 
2016-09-24T00:33:33.974-0400: 182.706: [GC (GCLocker Initiated GC) [PSYoungGen: 125194K->67373K(175104K)] 492861K->453541K(699392K), 0.0169565 secs] [Times: user=0.16 sys=0.00, real=0.01 secs] 
2016-09-24T00:33:34.099-0400: 182.830: [GC (GCLocker Initiated GC) [PSYoungGen: 155437K->67537K(175104K)] 541966K->460409K(699392K), 0.0172333 secs] [Times: user=0.16 sys=0.00, real=0.02 secs] 
2016-09-24T00:33:34.250-0400: 182.981: [GC (GCLocker Initiated GC) [PSYoungGen: 155601K->55191K(175104K)] 554645K->472719K(699392K), 0.0219011 secs] [Times: user=0.21 sys=0.00, real=0.02 secs] 
2016-09-24T00:33:34.412-0400: 183.144: [GC (GCLocker Initiated GC) [PSYoungGen: 143255K->49148K(175104K)] 560959K->497339K(699392K), 0.0331466 secs] [Times: user=0.38 sys=0.00, real=0.04 secs] 
2016-09-24T00:33:34.549-0400: 183.280: [GC (Allocation Failure) [PSYoungGen: 137212K->79423K(175104K)] 585567K->528054K(699392K), 0.0313271 secs] [Times: user=0.35 sys=0.00, real=0.03 secs] 
2016-09-24T00:33:34.686-0400: 183.418: [GC (GCLocker Initiated GC) [PSYoungGen: 163654K->49280K(175104K)] 618360K->564839K(699392K), 0.0170479 secs] [Times: user=0.14 sys=0.00, real=0.02 secs] 
2016-09-24T00:33:34.704-0400: 183.435: [Full GC (Ergonomics) [PSYoungGen: 49280K->0K(175104K)] [ParOldGen: 515559K->46894K(524288K)] 564839K->46894K(699392K), [Metaspace: 44509K->44509K(1087488K)], 0.0592044 secs] [Times: user=0.34 sys=0.00, real=0.06 secs] 
2016-09-24T00:33:34.867-0400: 183.599: [GC (GCLocker Initiated GC) [PSYoungGen: 88064K->85950K(175104K)] 134999K->157186K(699392K), 0.0093004 secs] [Times: user=0.11 sys=0.00, real=0.01 secs] 
2016-09-24T00:33:34.966-0400: 183.697: [GC (GCLocker Initiated GC) [PSYoungGen: 174014K->31086K(175104K)] 251356K->169711K(699392K), 0.0241382 secs] [Times: user=0.26 sys=0.01, real=0.02 secs] 
2016-09-24T00:33:35.092-0400: 183.823: [GC (GCLocker Initiated GC) [PSYoungGen: 119150K->73836K(175104K)] 257934K->249392K(699392K), 0.0145894 secs] [Times: user=0.18 sys=0.00, real=0.02 secs] 
2016-09-24T00:33:35.224-0400: 183.955: [GC (GCLocker Initiated GC) [PSYoungGen: 161900K->73576K(175104K)] 343601K->273762K(699392K), 0.0085102 secs] [Times: user=0.10 sys=0.00, real=0.00 secs] 
2016-09-24T00:33:35.325-0400: 184.057: [GC (GCLocker Initiated GC) [PSYoungGen: 161640K->79715K(175104K)] 361918K->334811K(699392K), 0.0179090 secs] [Times: user=0.19 sys=0.02, real=0.02 secs] 
2016-09-24T00:33:35.450-0400: 184.182: [GC (GCLocker Initiated GC) [PSYoungGen: 167779K->49212K(175104K)] 428952K->334937K(699392K), 0.0200779 secs] [Times: user=0.24 sys=0.01, real=0.02 secs] 
2016-09-24T00:33:35.588-0400: 184.320: [GC (GCLocker Initiated GC) [PSYoungGen: 137276K->55419K(175104K)] 423244K->341654K(699392K), 0.0071399 secs] [Times: user=0.06 sys=0.00, real=0.01 secs] 
2016-09-24T00:33:35.704-0400: 184.435: [GC (Allocation Failure) [PSYoungGen: 143483K->55319K(175104K)] 441904K->366142K(699392K), 0.0112480 secs] [Times: user=0.07 sys=0.00, real=0.01 secs] 
2016-09-24T00:33:35.832-0400: 184.563: [GC (GCLocker Initiated GC) [PSYoungGen: 143383K->73836K(175104K)] 454211K->439507K(699392K), 0.0120644 secs] [Times: user=0.18 sys=0.00, real=0.02 secs] 
2016-09-24T00:33:35.972-0400: 184.703: [GC (GCLocker Initiated GC) [PSYoungGen: 161900K->54995K(175104K)] 527647K->421165K(699392K), 0.0098458 secs] [Times: user=0.08 sys=0.00, real=0.01 secs] 
2016-09-24T00:33:36.096-0400: 184.827: [GC (GCLocker Initiated GC) [PSYoungGen: 143059K->61198K(175104K)] 515565K->452049K(699392K), 0.0234924 secs] [Times: user=0.24 sys=0.00, real=0.02 secs] 
2016-09-24T00:33:36.246-0400: 184.978: [GC (GCLocker Initiated GC) [PSYoungGen: 149262K->85954K(175104K)] 540149K->513410K(699392K), 0.0199933 secs] [Times: user=0.28 sys=0.00, real=0.02 secs] 
2016-09-24T00:33:36.358-0400: 185.090: [GC (GCLocker Initiated GC) [PSYoungGen: 174018K->79847K(175104K)] 601577K->580614K(699392K), 0.0112052 secs] [Times: user=0.14 sys=0.00, real=0.01 secs] 
2016-09-24T00:33:36.370-0400: 185.101: [Full GC (Ergonomics) [PSYoungGen: 79847K->0K(175104K)] [ParOldGen: 500767K->53699K(524288K)] 580614K->53699K(699392K), [Metaspace: 44509K->44509K(1087488K)], 0.0539950 secs] [Times: user=0.34 sys=0.01, real=0.06 secs] 
2016-09-24T00:33:36.520-0400: 185.252: [GC (GCLocker Initiated GC) [PSYoungGen: 88064K->73444K(175104K)] 147948K->133328K(699392K), 0.0077280 secs] [Times: user=0.10 sys=0.00, real=0.01 secs] 
2016-09-24T00:33:36.625-0400: 185.356: [GC (Allocation Failure) [PSYoungGen: 161508K->86314K(175104K)] 221529K->170802K(699392K), 0.0102091 secs] [Times: user=0.15 sys=0.01, real=0.01 secs] 
2016-09-24T00:33:36.734-0400: 185.465: [GC (GCLocker Initiated GC) [PSYoungGen: 174378K->30923K(175104K)] 258872K->152447K(699392K), 0.0134903 secs] [Times: user=0.12 sys=0.00, real=0.02 secs] 
2016-09-24T00:33:36.865-0400: 185.597: [GC (Allocation Failure) [PSYoungGen: 118987K->86018K(175104K)] 240843K->232326K(699392K), 0.0112475 secs] [Times: user=0.18 sys=0.00, real=0.01 secs] 
2016-09-24T00:33:37.002-0400: 185.733: [GC (GCLocker Initiated GC) [PSYoungGen: 171052K->55383K(175104K)] 323436K->244532K(699392K), 0.0116526 secs] [Times: user=0.14 sys=0.00, real=0.01 secs] 
2016-09-24T00:33:37.106-0400: 185.837: [GC (GCLocker Initiated GC) [PSYoungGen: 143447K->73672K(175104K)] 332795K->281373K(699392K), 0.0097371 secs] [Times: user=0.09 sys=0.00, real=0.01 secs] 
2016-09-24T00:33:37.228-0400: 185.959: [GC (GCLocker Initiated GC) [PSYoungGen: 161736K->73608K(175104K)] 369613K->318234K(699392K), 0.0162249 secs] [Times: user=0.17 sys=0.00, real=0.02 secs] 
2016-09-24T00:33:37.353-0400: 186.085: [GC (GCLocker Initiated GC) [PSYoungGen: 161672K->73512K(175104K)] 412729K->324844K(699392K), 0.0102842 secs] [Times: user=0.09 sys=0.00, real=0.02 secs] 
2016-09-24T00:33:37.471-0400: 186.202: [GC (GCLocker Initiated GC) [PSYoungGen: 161576K->61426K(175104K)] 413281K->349872K(699392K), 0.0157240 secs] [Times: user=0.17 sys=0.00, real=0.02 secs] 
2016-09-24T00:33:37.593-0400: 186.325: [GC (Allocation Failure) [PSYoungGen: 149490K->79719K(175104K)] 438079K->368583K(699392K), 0.0113460 secs] [Times: user=0.12 sys=0.00, real=0.02 secs] 
2016-09-24T00:33:37.695-0400: 186.427: [GC (GCLocker Initiated GC) [PSYoungGen: 167783K->24816K(175104K)] 456653K->380942K(699392K), 0.0098156 secs] [Times: user=0.07 sys=0.00, real=0.01 secs] 
2016-09-24T00:33:37.837-0400: 186.569: [GC (GCLocker Initiated GC) [PSYoungGen: 112880K->73676K(175104K)] 469172K->430095K(699392K), 0.0081755 secs] [Times: user=0.07 sys=0.00, real=0.01 secs] 
2016-09-24T00:33:37.982-0400: 186.713: [GC (GCLocker Initiated GC) [PSYoungGen: 161740K->19164K(175104K)] 530530K->406643K(699392K), 0.0057812 secs] [Times: user=0.07 sys=0.00, real=0.01 secs] 
2016-09-24T00:33:38.091-0400: 186.822: [GC (GCLocker Initiated GC) [PSYoungGen: 107228K->73508K(175104K)] 494749K->461335K(699392K), 0.0075909 secs] [Times: user=0.10 sys=0.00, real=0.01 secs] 
2016-09-24T00:33:38.208-0400: 186.940: [GC (GCLocker Initiated GC) [PSYoungGen: 161572K->86018K(175104K)] 549649K->504605K(699392K), 0.0207626 secs] [Times: user=0.26 sys=0.00, real=0.02 secs] 
2016-09-24T00:33:38.334-0400: 187.066: [GC (GCLocker Initiated GC) [PSYoungGen: 174082K->85854K(175104K)] 592991K->541840K(699392K), 0.0115622 secs] [Times: user=0.16 sys=0.00, real=0.01 secs] 
2016-09-24T00:33:38.346-0400: 187.077: [Full GC (Ergonomics) [PSYoungGen: 85854K->0K(175104K)] [ParOldGen: 455986K->53418K(524288K)] 541840K->53418K(699392K), [Metaspace: 44509K->44509K(1087488K)], 0.0547377 secs] [Times: user=0.38 sys=0.01, real=0.05 secs] 
2016-09-24T00:33:38.506-0400: 187.237: [GC (GCLocker Initiated GC) [PSYoungGen: 88064K->79683K(175104K)] 141596K->133215K(699392K), 0.0135741 secs] [Times: user=0.17 sys=0.00, real=0.01 secs] 
2016-09-24T00:33:38.619-0400: 187.350: [GC (Allocation Failure) [PSYoungGen: 167747K->61526K(175104K)] 227569K->127691K(699392K), 0.0100279 secs] [Times: user=0.07 sys=0.00, real=0.01 secs] 
2016-09-24T00:33:38.734-0400: 187.466: [GC (GCLocker Initiated GC) [PSYoungGen: 149590K->73444K(175104K)] 215760K->194777K(699392K), 0.0142284 secs] [Times: user=0.18 sys=0.00, real=0.01 secs] 
2016-09-24T00:33:38.855-0400: 187.587: [GC (GCLocker Initiated GC) [PSYoungGen: 161508K->61558K(175104K)] 283056K->207518K(699392K), 0.0318151 secs] [Times: user=0.35 sys=0.00, real=0.03 secs] 
2016-09-24T00:33:39.013-0400: 187.745: [GC (Allocation Failure) [PSYoungGen: 149622K->67469K(175104K)] 301760K->232072K(699392K), 0.0086125 secs] [Times: user=0.08 sys=0.00, real=0.01 secs] 
2016-09-24T00:33:39.122-0400: 187.853: [GC (GCLocker Initiated GC) [PSYoungGen: 151430K->73704K(175104K)] 322108K->275065K(699392K), 0.0323372 secs] [Times: user=0.40 sys=0.00, real=0.03 secs] 
2016-09-24T00:33:39.280-0400: 188.011: [GC (GCLocker Initiated GC) [PSYoungGen: 161768K->73704K(175104K)] 369374K->318075K(699392K), 0.0145797 secs] [Times: user=0.19 sys=0.00, real=0.02 secs] 
2016-09-24T00:33:39.409-0400: 188.141: [GC (GCLocker Initiated GC) [PSYoungGen: 161768K->73772K(175104K)] 406450K->336814K(699392K), 0.0081075 secs] [Times: user=0.10 sys=0.00, real=0.01 secs] 
2016-09-24T00:33:39.506-0400: 188.238: [GC (GCLocker Initiated GC) [PSYoungGen: 161836K->73672K(175104K)] 425026K->367545K(699392K), 0.0107483 secs] [Times: user=0.16 sys=0.00, real=0.01 secs] 
2016-09-24T00:33:39.636-0400: 188.367: [GC (GCLocker Initiated GC) [PSYoungGen: 161736K->86118K(175104K)] 455863K->404649K(699392K), 0.0099340 secs] [Times: user=0.12 sys=0.01, real=0.01 secs] 
2016-09-24T00:33:39.763-0400: 188.495: [GC (Allocation Failure) [PSYoungGen: 174182K->49308K(175104K)] 499036K->411084K(699392K), 0.0093478 secs] [Times: user=0.09 sys=0.00, real=0.00 secs] 
2016-09-24T00:33:39.876-0400: 188.607: [GC (GCLocker Initiated GC) [PSYoungGen: 133260K->55938K(175104K)] 501112K->442158K(699392K), 0.0073610 secs] [Times: user=0.10 sys=0.00, real=0.01 secs] 
2016-09-24T00:33:39.998-0400: 188.730: [GC (Allocation Failure) [PSYoungGen: 144002K->73580K(175104K)] 530499K->460359K(699392K), 0.0105086 secs] [Times: user=0.09 sys=0.00, real=0.01 secs] 
2016-09-24T00:33:40.112-0400: 188.843: [GC (GCLocker Initiated GC) [PSYoungGen: 161644K->55027K(175104K)] 548424K->478508K(699392K), 0.0130416 secs] [Times: user=0.09 sys=0.00, real=0.02 secs] 
2016-09-24T00:33:40.231-0400: 188.963: [GC (GCLocker Initiated GC) [PSYoungGen: 143091K->56170K(175104K)] 578792K->491999K(699392K), 0.0067195 secs] [Times: user=0.06 sys=0.00, real=0.01 secs] 
2016-09-24T00:33:40.374-0400: 189.106: [GC (GCLocker Initiated GC) [PSYoungGen: 144234K->43073K(175104K)] 580323K->497982K(699392K), 0.0196255 secs] [Times: user=0.19 sys=0.00, real=0.02 secs] 
2016-09-24T00:33:40.513-0400: 189.244: [GC (GCLocker Initiated GC) [PSYoungGen: 131137K->55415K(175104K)] 592382K->535012K(699392K), 0.0146483 secs] [Times: user=0.17 sys=0.00, real=0.02 secs] 
2016-09-24T00:33:40.528-0400: 189.259: [Full GC (Ergonomics) [PSYoungGen: 55415K->0K(175104K)] [ParOldGen: 479597K->53057K(524288K)] 535012K->53057K(699392K), [Metaspace: 44514K->44514K(1087488K)], 0.0562535 secs] [Times: user=0.30 sys=0.00, real=0.06 secs] 
2016-09-24T00:33:40.678-0400: 189.409: [GC (GCLocker Initiated GC) [PSYoungGen: 88064K->86018K(175104K)] 141197K->163451K(699392K), 0.0290665 secs] [Times: user=0.36 sys=0.00, real=0.03 secs] 
2016-09-24T00:33:40.821-0400: 189.553: [GC (Allocation Failure) [PSYoungGen: 174082K->74295K(175104K)] 251871K->189014K(699392K), 0.0112573 secs] [Times: user=0.14 sys=0.00, real=0.01 secs] 
2016-09-24T00:33:40.833-0400: 189.565: [GC (GCLocker Initiated GC) [PSYoungGen: 74304K->128K(175104K)] 189022K->188780K(699392K), 0.0063485 secs] [Times: user=0.07 sys=0.00, real=0.01 secs] 
2016-09-24T00:33:40.941-0400: 189.673: [GC (GCLocker Initiated GC) [PSYoungGen: 85854K->85790K(175104K)] 280581K->304817K(699392K), 0.0098898 secs] [Times: user=0.13 sys=0.00, real=0.01 secs] 
2016-09-24T00:33:41.075-0400: 189.807: [GC (GCLocker Initiated GC) [PSYoungGen: 173854K->49404K(175104K)] 405141K->396424K(699392K), 0.0124041 secs] [Times: user=0.16 sys=0.00, real=0.01 secs] 
2016-09-24T00:33:41.218-0400: 189.949: [GC (GCLocker Initiated GC) [PSYoungGen: 137468K->43660K(175104K)] 496753K->421290K(699392K), 0.0215392 secs] [Times: user=0.21 sys=0.00, real=0.02 secs] 
2016-09-24T00:33:41.381-0400: 190.112: [GC (GCLocker Initiated GC) [PSYoungGen: 131724K->37521K(175104K)] 521702K->427915K(699392K), 0.0266713 secs] [Times: user=0.29 sys=0.00, real=0.03 secs] 
2016-09-24T00:33:41.518-0400: 190.249: [GC (GCLocker Initiated GC) [PSYoungGen: 125585K->67437K(175104K)] 516301K->458419K(699392K), 0.0164596 secs] [Times: user=0.17 sys=0.00, real=0.02 secs] 
2016-09-24T00:33:41.645-0400: 190.376: [GC (GCLocker Initiated GC) [PSYoungGen: 155501K->79619K(175104K)] 552601K->513280K(699392K), 0.0107299 secs] [Times: user=0.11 sys=0.01, real=0.01 secs] 
2016-09-24T00:33:41.784-0400: 190.516: [Full GC (Ergonomics) [PSYoungGen: 167683K->0K(175104K)] [ParOldGen: 446166K->47529K(524288K)] 613849K->47529K(699392K), [Metaspace: 44518K->44518K(1087488K)], 0.0537062 secs] [Times: user=0.39 sys=0.01, real=0.05 secs] 
2016-09-24T00:33:41.957-0400: 190.689: [GC (GCLocker Initiated GC) [PSYoungGen: 88064K->73868K(175104K)] 148076K->133880K(699392K), 0.0072701 secs] [Times: user=0.09 sys=0.00, real=0.01 secs] 
2016-09-24T00:33:42.074-0400: 190.806: [GC (GCLocker Initiated GC) [PSYoungGen: 161932K->85822K(175104K)] 222305K->170967K(699392K), 0.0104187 secs] [Times: user=0.15 sys=0.01, real=0.01 secs] 
2016-09-24T00:33:42.212-0400: 190.943: [GC (GCLocker Initiated GC) [PSYoungGen: 173886K->74196K(175104K)] 265405K->202324K(699392K), 0.0101664 secs] [Times: user=0.15 sys=0.00, real=0.01 secs] 
2016-09-24T00:33:42.329-0400: 191.060: [GC (GCLocker Initiated GC) [PSYoungGen: 162260K->55583K(175104K)] 302798K->196381K(699392K), 0.0065108 secs] [Times: user=0.04 sys=0.00, real=0.01 secs] 
2016-09-24T00:33:42.453-0400: 191.184: [GC (GCLocker Initiated GC) [PSYoungGen: 143647K->55679K(175104K)] 296956K->227317K(699392K), 0.0087376 secs] [Times: user=0.08 sys=0.01, real=0.01 secs] 
2016-09-24T00:33:42.586-0400: 191.317: [GC (Allocation Failure) [PSYoungGen: 143743K->79651K(175104K)] 315428K->269860K(699392K), 0.0100561 secs] [Times: user=0.14 sys=0.00, real=0.01 secs] 
2016-09-24T00:33:42.677-0400: 191.408: [GC (GCLocker Initiated GC) [PSYoungGen: 167715K->85886K(175104K)] 357930K->330912K(699392K), 0.0118253 secs] [Times: user=0.18 sys=0.00, real=0.01 secs] 
2016-09-24T00:33:42.814-0400: 191.545: [GC (GCLocker Initiated GC) [PSYoungGen: 173950K->73608K(175104K)] 431218K->349377K(699392K), 0.0183515 secs] [Times: user=0.22 sys=0.00, real=0.02 secs] 
2016-09-24T00:33:42.936-0400: 191.668: [GC (GCLocker Initiated GC) [PSYoungGen: 161672K->61134K(175104K)] 437616K->361646K(699392K), 0.0108536 secs] [Times: user=0.09 sys=0.01, real=0.01 secs] 
2016-09-24T00:33:43.065-0400: 191.797: [GC (GCLocker Initiated GC) [PSYoungGen: 149198K->37258K(175104K)] 455978K->380615K(699392K), 0.0159707 secs] [Times: user=0.19 sys=0.00, real=0.01 secs] 
2016-09-24T00:33:43.211-0400: 191.943: [GC (GCLocker Initiated GC) [PSYoungGen: 125322K->67437K(175104K)] 480944K->423662K(699392K), 0.0093822 secs] [Times: user=0.08 sys=0.01, real=0.01 secs] 
2016-09-24T00:33:43.349-0400: 192.081: [GC (GCLocker Initiated GC) [PSYoungGen: 155501K->18936K(175104K)] 530279K->436351K(699392K), 0.0312019 secs] [Times: user=0.37 sys=0.00, real=0.03 secs] 
2016-09-24T00:33:43.493-0400: 192.224: [GC (GCLocker Initiated GC) [PSYoungGen: 107000K->55091K(175104K)] 524636K->472993K(699392K), 0.0100971 secs] [Times: user=0.14 sys=0.00, real=0.02 secs] 
2016-09-24T00:33:43.625-0400: 192.357: [GC (GCLocker Initiated GC) [PSYoungGen: 143155K->61853K(175104K)] 567466K->510585K(699392K), 0.0323978 secs] [Times: user=0.35 sys=0.01, real=0.03 secs] 
2016-09-24T00:33:43.789-0400: 192.520: [GC (GCLocker Initiated GC) [PSYoungGen: 149917K->36998K(175104K)] 598802K->504858K(699392K), 0.0207543 secs] [Times: user=0.21 sys=0.00, real=0.02 secs] 
2016-09-24T00:33:43.809-0400: 192.541: [Full GC (Ergonomics) [PSYoungGen: 36998K->0K(175104K)] [ParOldGen: 467860K->41198K(524288K)] 504858K->41198K(699392K), [Metaspace: 44519K->44519K(1087488K)], 0.0566434 secs] [Times: user=0.35 sys=0.01, real=0.06 secs] 
2016-09-24T00:33:43.953-0400: 192.684: [GC (Allocation Failure) [PSYoungGen: 88064K->86178K(175104K)] 129421K->139685K(699392K), 0.0085259 secs] [Times: user=0.09 sys=0.00, real=0.01 secs] 
2016-09-24T00:33:44.062-0400: 192.793: [GC (GCLocker Initiated GC) [PSYoungGen: 170549K->73704K(175104K)] 230131K->194616K(699392K), 0.0134835 secs] [Times: user=0.20 sys=0.00, real=0.02 secs] 
2016-09-24T00:33:44.198-0400: 192.930: [GC (GCLocker Initiated GC) [PSYoungGen: 161768K->55351K(175104K)] 289099K->201182K(699392K), 0.0373728 secs] [Times: user=0.44 sys=0.00, real=0.04 secs] 
2016-09-24T00:33:44.334-0400: 193.065: [GC (GCLocker Initiated GC) [PSYoungGen: 143415K->85794K(175104K)] 295369K->250017K(699392K), 0.0221681 secs] [Times: user=0.25 sys=0.00, real=0.03 secs] 
2016-09-24T00:33:44.485-0400: 193.217: [GC (Allocation Failure) [PSYoungGen: 173858K->43069K(175104K)] 344338K->286896K(699392K), 0.0128310 secs] [Times: user=0.15 sys=0.02, real=0.01 secs] 
2016-09-24T00:33:44.635-0400: 193.367: [GC (GCLocker Initiated GC) [PSYoungGen: 127257K->67273K(175104K)] 377160K->317279K(699392K), 0.0160773 secs] [Times: user=0.13 sys=0.01, real=0.01 secs] 
2016-09-24T00:33:44.755-0400: 193.486: [GC (GCLocker Initiated GC) [PSYoungGen: 155337K->79587K(175104K)] 405385K->329747K(699392K), 0.0088895 secs] [Times: user=0.08 sys=0.00, real=0.01 secs] 
2016-09-24T00:33:44.851-0400: 193.582: [GC (GCLocker Initiated GC) [PSYoungGen: 167651K->73544K(175104K)] 417953K->384872K(699392K), 0.0229126 secs] [Times: user=0.28 sys=0.00, real=0.02 secs] 
2016-09-24T00:33:44.987-0400: 193.718: [GC (GCLocker Initiated GC) [PSYoungGen: 161608K->43532K(175104K)] 473045K->391532K(699392K), 0.0101209 secs] [Times: user=0.08 sys=0.00, real=0.01 secs] 
2016-09-24T00:33:45.099-0400: 193.831: [GC (Allocation Failure) [PSYoungGen: 131596K->85790K(175104K)] 485713K->464989K(699392K), 0.0111762 secs] [Times: user=0.14 sys=0.01, real=0.01 secs] 
2016-09-24T00:33:45.208-0400: 193.939: [GC (GCLocker Initiated GC) [PSYoungGen: 170939K->55255K(175104K)] 556213K->471016K(699392K), 0.0144071 secs] [Times: user=0.16 sys=0.00, real=0.01 secs] 
2016-09-24T00:33:45.321-0400: 194.053: [GC (GCLocker Initiated GC) [PSYoungGen: 143319K->85826K(175104K)] 559121K->501888K(699392K), 0.0158079 secs] [Times: user=0.14 sys=0.00, real=0.02 secs] 
2016-09-24T00:33:45.452-0400: 194.184: [GC (GCLocker Initiated GC) [PSYoungGen: 173890K->85758K(175104K)] 589993K->568986K(699392K), 0.0117097 secs] [Times: user=0.14 sys=0.00, real=0.02 secs] 
2016-09-24T00:33:45.464-0400: 194.196: [Full GC (Ergonomics) [PSYoungGen: 85758K->0K(175104K)] [ParOldGen: 483228K->47179K(524288K)] 568986K->47179K(699392K), [Metaspace: 44519K->44519K(1087488K)], 0.0510669 secs] [Times: user=0.31 sys=0.00, real=0.05 secs] 
2016-09-24T00:33:45.625-0400: 194.357: [GC (GCLocker Initiated GC) [PSYoungGen: 88064K->86210K(175104K)] 135261K->169858K(699392K), 0.0217801 secs] [Times: user=0.24 sys=0.00, real=0.02 secs] 
2016-09-24T00:33:45.769-0400: 194.500: [GC (Allocation Failure) [PSYoungGen: 174274K->43105K(175104K)] 264346K->170323K(699392K), 0.0104015 secs] [Times: user=0.07 sys=0.00, real=0.01 secs] 
2016-09-24T00:33:45.889-0400: 194.620: [GC (GCLocker Initiated GC) [PSYoungGen: 131168K->55547K(175104K)] 264461K->207184K(699392K), 0.0103687 secs] [Times: user=0.14 sys=0.01, real=0.01 secs] 
2016-09-24T00:33:46.008-0400: 194.739: [GC (GCLocker Initiated GC) [PSYoungGen: 143611K->79747K(175104K)] 301465K->237893K(699392K), 0.0076256 secs] [Times: user=0.08 sys=0.00, real=0.01 secs] 
2016-09-24T00:33:46.120-0400: 194.851: [GC (GCLocker Initiated GC) [PSYoungGen: 167811K->68252K(175104K)] 338272K->281414K(699392K), 0.0107688 secs] [Times: user=0.14 sys=0.00, real=0.01 secs] 
2016-09-24T00:33:46.251-0400: 194.982: [GC (GCLocker Initiated GC) [PSYoungGen: 156316K->61558K(175104K)] 375824K->312060K(699392K), 0.0175466 secs] [Times: user=0.15 sys=0.00, real=0.02 secs] 
2016-09-24T00:33:46.395-0400: 195.126: [GC (GCLocker Initiated GC) [PSYoungGen: 149622K->61298K(175104K)] 400177K->330329K(699392K), 0.0240620 secs] [Times: user=0.22 sys=0.00, real=0.02 secs] 
2016-09-24T00:33:46.533-0400: 195.264: [GC (GCLocker Initiated GC) [PSYoungGen: 149362K->55451K(175104K)] 424728K->367387K(699392K), 0.0183012 secs] [Times: user=0.20 sys=0.00, real=0.02 secs] 
2016-09-24T00:33:46.676-0400: 195.408: [GC (GCLocker Initiated GC) [PSYoungGen: 143515K->73512K(175104K)] 461802K->410284K(699392K), 0.0239837 secs] [Times: user=0.21 sys=0.00, real=0.02 secs] 
2016-09-24T00:33:46.824-0400: 195.555: [GC (GCLocker Initiated GC) [PSYoungGen: 161576K->55419K(175104K)] 498396K->410575K(699392K), 0.0150463 secs] [Times: user=0.16 sys=0.00, real=0.01 secs] 
2016-09-24T00:33:46.934-0400: 195.666: [GC (GCLocker Initiated GC) [PSYoungGen: 143483K->67405K(175104K)] 504992K->447399K(699392K), 0.0104736 secs] [Times: user=0.09 sys=0.00, real=0.01 secs] 
2016-09-24T00:33:47.075-0400: 195.806: [GC (Allocation Failure) [PSYoungGen: 155469K->43205K(175104K)] 535498K->459779K(699392K), 0.0102915 secs] [Times: user=0.08 sys=0.00, real=0.01 secs] 
2016-09-24T00:33:47.201-0400: 195.933: [GC (GCLocker Initiated GC) [PSYoungGen: 126570K->55223K(175104K)] 549220K->478116K(699392K), 0.0259177 secs] [Times: user=0.21 sys=0.00, real=0.03 secs] 
2016-09-24T00:33:47.347-0400: 196.079: [GC (GCLocker Initiated GC) [PSYoungGen: 143287K->73640K(175104K)] 566541K->533495K(699392K), 0.0106449 secs] [Times: user=0.16 sys=0.01, real=0.01 secs] 
2016-09-24T00:33:47.358-0400: 196.090: [Full GC (Ergonomics) [PSYoungGen: 73640K->0K(175104K)] [ParOldGen: 459855K->53834K(524288K)] 533495K->53834K(699392K), [Metaspace: 44519K->44519K(1087488K)], 0.0570542 secs] [Times: user=0.38 sys=0.00, real=0.06 secs] 
2016-09-24T00:33:47.508-0400: 196.239: [GC (GCLocker Initiated GC) [PSYoungGen: 88064K->85954K(175104K)] 141974K->145939K(699392K), 0.0104339 secs] [Times: user=0.13 sys=0.00, real=0.01 secs] 
2016-09-24T00:33:47.639-0400: 196.370: [GC (GCLocker Initiated GC) [PSYoungGen: 174018K->55743K(175104K)] 234230K->170946K(699392K), 0.0097013 secs] [Times: user=0.12 sys=0.00, real=0.01 secs] 
2016-09-24T00:33:47.716-0400: 196.448: [GC (GCLocker Initiated GC) [PSYoungGen: 143807K->85658K(175104K)] 259074K->243742K(699392K), 0.0125168 secs] [Times: user=0.16 sys=0.01, real=0.01 secs] 
2016-09-24T00:33:47.837-0400: 196.568: [GC (Allocation Failure) [PSYoungGen: 173722K->49511K(175104K)] 331977K->250371K(699392K), 0.0552021 secs] [Times: user=0.57 sys=0.00, real=0.05 secs] 
2016-09-24T00:33:47.990-0400: 196.721: [GC (GCLocker Initiated GC) [PSYoungGen: 137575K->43169K(175104K)] 338441K->299165K(699392K), 0.0117150 secs] [Times: user=0.10 sys=0.00, real=0.01 secs] 
2016-09-24T00:33:48.122-0400: 196.853: [GC (Allocation Failure) [PSYoungGen: 131233K->61298K(175104K)] 387242K->353853K(699392K), 0.0135152 secs] [Times: user=0.13 sys=0.00, real=0.02 secs] 
2016-09-24T00:33:48.245-0400: 196.977: [GC (GCLocker Initiated GC) [PSYoungGen: 146667K->61166K(175104K)] 445297K->390430K(699392K), 0.0318516 secs] [Times: user=0.36 sys=0.00, real=0.03 secs] 
2016-09-24T00:33:48.394-0400: 197.125: [GC (GCLocker Initiated GC) [PSYoungGen: 149230K->73804K(175104K)] 478784K->421719K(699392K), 0.0099546 secs] [Times: user=0.11 sys=0.01, real=0.02 secs] 
2016-09-24T00:33:48.497-0400: 197.228: [GC (GCLocker Initiated GC) [PSYoungGen: 161868K->55187K(175104K)] 516527K->428355K(699392K), 0.0074680 secs] [Times: user=0.08 sys=0.00, real=0.01 secs] 
2016-09-24T00:33:48.654-0400: 197.385: [GC (GCLocker Initiated GC) [PSYoungGen: 143251K->36962K(175104K)] 522586K->434649K(699392K), 0.0090144 secs] [Times: user=0.06 sys=0.01, real=0.02 secs] 
2016-09-24T00:33:48.788-0400: 197.520: [GC (GCLocker Initiated GC) [PSYoungGen: 125026K->73252K(175104K)] 523511K->496116K(699392K), 0.0153702 secs] [Times: user=0.14 sys=0.00, real=0.02 secs] 
2016-09-24T00:33:48.893-0400: 197.625: [GC (GCLocker Initiated GC) [PSYoungGen: 161316K->67341K(175104K)] 584323K->508684K(699392K), 0.0183308 secs] [Times: user=0.20 sys=0.00, real=0.02 secs] 
2016-09-24T00:33:49.049-0400: 197.780: [GC (GCLocker Initiated GC) [PSYoungGen: 155405K->55319K(175104K)] 609153K->509343K(699392K), 0.0081970 secs] [Times: user=0.07 sys=0.00, real=0.01 secs] 
2016-09-24T00:33:49.190-0400: 197.922: [GC (GCLocker Initiated GC) [PSYoungGen: 143383K->73512K(175104K)] 597437K->539835K(699392K), 0.0099560 secs] [Times: user=0.10 sys=0.00, real=0.01 secs] 
2016-09-24T00:33:49.201-0400: 197.932: [Full GC (Ergonomics) [PSYoungGen: 73512K->0K(175104K)] [ParOldGen: 466323K->47821K(524288K)] 539835K->47821K(699392K), [Metaspace: 44520K->44520K(1087488K)], 0.0640921 secs] [Times: user=0.34 sys=0.00, real=0.07 secs] 
2016-09-24T00:33:49.380-0400: 198.112: [GC (GCLocker Initiated GC) [PSYoungGen: 88064K->74487K(175104K)] 148128K->134552K(699392K), 0.0098607 secs] [Times: user=0.09 sys=0.00, real=0.01 secs] 
2016-09-24T00:33:49.506-0400: 198.238: [GC (GCLocker Initiated GC) [PSYoungGen: 162551K->61522K(175104K)] 222691K->146688K(699392K), 0.0211706 secs] [Times: user=0.22 sys=0.01, real=0.02 secs] 
2016-09-24T00:33:49.654-0400: 198.385: [GC (GCLocker Initiated GC) [PSYoungGen: 149586K->61426K(175104K)] 240992K->201708K(699392K), 0.0107439 secs] [Times: user=0.10 sys=0.00, real=0.02 secs] 
2016-09-24T00:33:49.802-0400: 198.533: [GC (Allocation Failure) [PSYoungGen: 149490K->43141K(175104K)] 295898K->189808K(699392K), 0.0226425 secs] [Times: user=0.24 sys=0.00, real=0.03 secs] 
2016-09-24T00:33:49.930-0400: 198.661: [GC (GCLocker Initiated GC) [PSYoungGen: 125898K->61390K(175104K)] 278641K->263220K(699392K), 0.0112681 secs] [Times: user=0.14 sys=0.00, real=0.01 secs] 
2016-09-24T00:33:50.058-0400: 198.790: [GC (GCLocker Initiated GC) [PSYoungGen: 149454K->86182K(175104K)] 351494K->318740K(699392K), 0.0162687 secs] [Times: user=0.17 sys=0.01, real=0.02 secs] 
2016-09-24T00:33:50.216-0400: 198.948: [GC (GCLocker Initiated GC) [PSYoungGen: 174246K->85626K(175104K)] 406868K->373387K(699392K), 0.0120347 secs] [Times: user=0.16 sys=0.00, real=0.01 secs] 
2016-09-24T00:33:50.335-0400: 199.067: [GC (GCLocker Initiated GC) [PSYoungGen: 173690K->85790K(175104K)] 461499K->422342K(699392K), 0.0119161 secs] [Times: user=0.15 sys=0.00, real=0.01 secs] 
2016-09-24T00:33:50.475-0400: 199.206: [GC (GCLocker Initiated GC) [PSYoungGen: 173854K->49148K(175104K)] 516546K->422474K(699392K), 0.0190428 secs] [Times: user=0.16 sys=0.00, real=0.01 secs] 
2016-09-24T00:33:50.605-0400: 199.336: [GC (GCLocker Initiated GC) [PSYoungGen: 137212K->37162K(175104K)] 516678K->465472K(699392K), 0.0228074 secs] [Times: user=0.21 sys=0.01, real=0.02 secs] 
2016-09-24T00:33:50.752-0400: 199.483: [GC (Allocation Failure) [PSYoungGen: 125226K->61330K(175104K)] 553723K->538718K(699392K), 0.0116116 secs] [Times: user=0.13 sys=0.01, real=0.02 secs] 
2016-09-24T00:33:50.764-0400: 199.495: [Full GC (Ergonomics) [PSYoungGen: 61330K->0K(175104K)] [ParOldGen: 477388K->47674K(524288K)] 538718K->47674K(699392K), [Metaspace: 44520K->44520K(1087488K)], 0.0587888 secs] [Times: user=0.33 sys=0.01, real=0.06 secs] 
2016-09-24T00:33:50.926-0400: 199.657: [GC (GCLocker Initiated GC) [PSYoungGen: 83216K->74156K(175104K)] 136966K->127905K(699392K), 0.0129707 secs] [Times: user=0.17 sys=0.00, real=0.01 secs] 
2016-09-24T00:33:51.062-0400: 199.794: [GC (GCLocker Initiated GC) [PSYoungGen: 162220K->86018K(175104K)] 228167K->177024K(699392K), 0.0273423 secs] [Times: user=0.35 sys=0.00, real=0.02 secs] 
2016-09-24T00:33:51.211-0400: 199.942: [GC (GCLocker Initiated GC) [PSYoungGen: 174082K->73672K(175104K)] 271401K->195918K(699392K), 0.0149379 secs] [Times: user=0.17 sys=0.00, real=0.02 secs] 
2016-09-24T00:33:51.352-0400: 200.083: [GC (GCLocker Initiated GC) [PSYoungGen: 161736K->49148K(175104K)] 284013K->189753K(699392K), 0.0240508 secs] [Times: user=0.24 sys=0.01, real=0.03 secs] 
2016-09-24T00:33:51.506-0400: 200.237: [GC (GCLocker Initiated GC) [PSYoungGen: 137212K->25043K(175104K)] 296156K->238759K(699392K), 0.0219499 secs] [Times: user=0.20 sys=0.01, real=0.02 secs] 
2016-09-24T00:33:51.668-0400: 200.400: [GC (GCLocker Initiated GC) [PSYoungGen: 113107K->55319K(175104K)] 326831K->269497K(699392K), 0.0088899 secs] [Times: user=0.10 sys=0.01, real=0.01 secs] 
2016-09-24T00:33:51.804-0400: 200.535: [GC (GCLocker Initiated GC) [PSYoungGen: 143383K->73644K(175104K)] 363991K->294356K(699392K), 0.0151545 secs] [Times: user=0.12 sys=0.00, real=0.01 secs] 
2016-09-24T00:33:51.946-0400: 200.678: [GC (Allocation Failure) [PSYoungGen: 161708K->43009K(175104K)] 382775K->307024K(699392K), 0.0207442 secs] [Times: user=0.18 sys=0.00, real=0.02 secs] 
2016-09-24T00:33:52.081-0400: 200.813: [GC (GCLocker Initiated GC) [PSYoungGen: 131073K->61622K(175104K)] 395094K->350063K(699392K), 0.0297629 secs] [Times: user=0.33 sys=0.00, real=0.03 secs] 
2016-09-24T00:33:52.241-0400: 200.973: [GC (Allocation Failure) [PSYoungGen: 149686K->73608K(175104K)] 444546K->386968K(699392K), 0.0114126 secs] [Times: user=0.11 sys=0.00, real=0.01 secs] 
2016-09-24T00:33:52.380-0400: 201.111: [GC (GCLocker Initiated GC) [PSYoungGen: 158837K->37681K(175104K)] 478273K->375478K(699392K), 0.0099737 secs] [Times: user=0.11 sys=0.01, real=0.01 secs] 
2016-09-24T00:33:52.491-0400: 201.223: [GC (GCLocker Initiated GC) [PSYoungGen: 125745K->73476K(175104K)] 463617K->429872K(699392K), 0.0079778 secs] [Times: user=0.10 sys=0.00, real=0.01 secs] 
2016-09-24T00:33:52.634-0400: 201.366: [GC (GCLocker Initiated GC) [PSYoungGen: 161540K->55711K(175104K)] 530368K->442876K(699392K), 0.0097146 secs] [Times: user=0.09 sys=0.00, real=0.01 secs] 
2016-09-24T00:33:52.783-0400: 201.514: [GC (GCLocker Initiated GC) [PSYoungGen: 143775K->61490K(175104K)] 530988K->449338K(699392K), 0.0081192 secs] [Times: user=0.07 sys=0.01, real=0.00 secs] 
2016-09-24T00:33:52.914-0400: 201.645: [GC (GCLocker Initiated GC) [PSYoungGen: 149554K->73736K(175104K)] 537533K->528692K(699392K), 0.0132210 secs] [Times: user=0.17 sys=0.00, real=0.02 secs] 
2016-09-24T00:33:52.927-0400: 201.659: [Full GC (Ergonomics) [PSYoungGen: 73736K->0K(175104K)] [ParOldGen: 454956K->48088K(524288K)] 528692K->48088K(699392K), [Metaspace: 44521K->44521K(1087488K)], 0.0594885 secs] [Times: user=0.37 sys=0.02, real=0.06 secs] 
2016-09-24T00:33:53.100-0400: 201.831: [GC (Allocation Failure) [PSYoungGen: 88064K->74064K(175104K)] 148567K->134567K(699392K), 0.0087930 secs] [Times: user=0.12 sys=0.00, real=0.01 secs] 
2016-09-24T00:33:53.240-0400: 201.971: [GC (GCLocker Initiated GC) [PSYoungGen: 162128K->73448K(175104K)] 222637K->165035K(699392K), 0.0215502 secs] [Times: user=0.26 sys=0.01, real=0.02 secs] 
2016-09-24T00:33:53.357-0400: 202.089: [GC (Allocation Failure) [PSYoungGen: 161512K->73772K(175104K)] 253208K->165563K(699392K), 0.0161915 secs] [Times: user=0.22 sys=0.00, real=0.01 secs] 
2016-09-24T00:33:53.494-0400: 202.225: [GC (GCLocker Initiated GC) [PSYoungGen: 161836K->43137K(175104K)] 253629K->171655K(699392K), 0.0103566 secs] [Times: user=0.12 sys=0.00, real=0.02 secs] 
2016-09-24T00:33:53.634-0400: 202.366: [GC (GCLocker Initiated GC) [PSYoungGen: 131201K->85854K(175104K)] 259946K->232951K(699392K), 0.0149955 secs] [Times: user=0.17 sys=0.00, real=0.01 secs] 
2016-09-24T00:33:53.759-0400: 202.490: [GC (GCLocker Initiated GC) [PSYoungGen: 173918K->67501K(175104K)] 327223K->269721K(699392K), 0.0261255 secs] [Times: user=0.28 sys=0.01, real=0.03 secs] 
2016-09-24T00:33:53.894-0400: 202.625: [GC (GCLocker Initiated GC) [PSYoungGen: 155565K->42845K(175104K)] 364640K->276472K(699392K), 0.0146135 secs] [Times: user=0.13 sys=0.00, real=0.02 secs] 
2016-09-24T00:33:54.045-0400: 202.776: [GC (GCLocker Initiated GC) [PSYoungGen: 130909K->36834K(175104K)] 376795K->282808K(699392K), 0.0404387 secs] [Times: user=0.50 sys=0.00, real=0.04 secs] 
2016-09-24T00:33:54.212-0400: 202.943: [GC (Allocation Failure) [PSYoungGen: 124898K->74164K(175104K)] 383130K->332532K(699392K), 0.0071005 secs] [Times: user=0.09 sys=0.00, real=0.01 secs] 
2016-09-24T00:33:54.331-0400: 203.063: [GC (GCLocker Initiated GC) [PSYoungGen: 162228K->54995K(175104K)] 420602K->350086K(699392K), 0.0182412 secs] [Times: user=0.18 sys=0.00, real=0.02 secs] 
2016-09-24T00:33:54.450-0400: 203.181: [GC (Allocation Failure) [PSYoungGen: 143059K->55191K(175104K)] 438382K->368811K(699392K), 0.0305809 secs] [Times: user=0.32 sys=0.00, real=0.03 secs] 
2016-09-24T00:33:54.636-0400: 203.367: [GC (GCLocker Initiated GC) [PSYoungGen: 142376K->48984K(175104K)] 462071K->387179K(699392K), 0.0228602 secs] [Times: user=0.23 sys=0.00, real=0.02 secs] 
2016-09-24T00:33:54.808-0400: 203.539: [GC (GCLocker Initiated GC) [PSYoungGen: 137048K->37094K(175104K)] 487395K->387536K(699392K), 0.0156459 secs] [Times: user=0.23 sys=0.00, real=0.02 secs] 
2016-09-24T00:33:54.942-0400: 203.673: [GC (GCLocker Initiated GC) [PSYoungGen: 125158K->49148K(175104K)] 488105K->412175K(699392K), 0.0144277 secs] [Times: user=0.14 sys=0.01, real=0.02 secs] 
2016-09-24T00:33:55.070-0400: 203.801: [GC (GCLocker Initiated GC) [PSYoungGen: 137212K->86018K(175104K)] 500282K->491740K(699392K), 0.0126629 secs] [Times: user=0.13 sys=0.01, real=0.02 secs] 
2016-09-24T00:33:55.171-0400: 203.902: [GC (GCLocker Initiated GC) [PSYoungGen: 174082K->61554K(175104K)] 579846K->540534K(699392K), 0.0109614 secs] [Times: user=0.14 sys=0.00, real=0.01 secs] 
2016-09-24T00:33:55.182-0400: 203.914: [Full GC (Ergonomics) [PSYoungGen: 61554K->0K(175104K)] [ParOldGen: 478980K->53653K(524288K)] 540534K->53653K(699392K), [Metaspace: 44521K->44521K(1087488K)], 0.0594465 secs] [Times: user=0.46 sys=0.02, real=0.06 secs] 
2016-09-24T00:33:55.341-0400: 204.072: [GC (GCLocker Initiated GC) [PSYoungGen: 88064K->74480K(175104K)] 148159K->134575K(699392K), 0.0076774 secs] [Times: user=0.10 sys=0.00, real=0.01 secs] 
2016-09-24T00:33:55.478-0400: 204.210: [GC (GCLocker Initiated GC) [PSYoungGen: 162544K->61490K(175104K)] 222963K->153220K(699392K), 0.0173130 secs] [Times: user=0.16 sys=0.00, real=0.02 secs] 
2016-09-24T00:33:55.615-0400: 204.347: [GC (GCLocker Initiated GC) [PSYoungGen: 149554K->67437K(175104K)] 247507K->183710K(699392K), 0.0100620 secs] [Times: user=0.07 sys=0.00, real=0.01 secs] 
2016-09-24T00:33:55.770-0400: 204.501: [GC (GCLocker Initiated GC) [PSYoungGen: 155501K->42941K(175104K)] 277885K->214225K(699392K), 0.0155340 secs] [Times: user=0.16 sys=0.00, real=0.02 secs] 
2016-09-24T00:33:55.898-0400: 204.630: [GC (GCLocker Initiated GC) [PSYoungGen: 131005K->67209K(175104K)] 302331K->256855K(699392K), 0.0247645 secs] [Times: user=0.26 sys=0.00, real=0.03 secs] 
2016-09-24T00:33:56.022-0400: 204.753: [GC (GCLocker Initiated GC) [PSYoungGen: 155273K->85594K(175104K)] 344955K->311830K(699392K), 0.0156305 secs] [Times: user=0.16 sys=0.00, real=0.02 secs] 
2016-09-24T00:33:56.143-0400: 204.875: [GC (GCLocker Initiated GC) [PSYoungGen: 173658K->80111K(175104K)] 400161K->324974K(699392K), 0.0174453 secs] [Times: user=0.16 sys=0.01, real=0.01 secs] 
2016-09-24T00:33:56.272-0400: 205.004: [GC (GCLocker Initiated GC) [PSYoungGen: 168175K->73640K(175104K)] 419188K->361527K(699392K), 0.0251423 secs] [Times: user=0.32 sys=0.00, real=0.03 secs] 
2016-09-24T00:33:56.415-0400: 205.146: [GC (GCLocker Initiated GC) [PSYoungGen: 161704K->73708K(175104K)] 455798K->367905K(699392K), 0.0077521 secs] [Times: user=0.08 sys=0.00, real=0.01 secs] 
2016-09-24T00:33:56.544-0400: 205.276: [GC (Allocation Failure) [PSYoungGen: 161772K->30663K(175104K)] 455988K->343371K(699392K), 0.0085115 secs] [Times: user=0.07 sys=0.00, real=0.00 secs] 
2016-09-24T00:33:56.687-0400: 205.419: [GC (GCLocker Initiated GC) [PSYoungGen: 113524K->30827K(175104K)] 432308K->386156K(699392K), 0.0090925 secs] [Times: user=0.07 sys=0.00, real=0.01 secs] 
2016-09-24T00:33:56.815-0400: 205.546: [GC (GCLocker Initiated GC) [PSYoungGen: 118891K->85498K(175104K)] 474352K->453392K(699392K), 0.0261772 secs] [Times: user=0.26 sys=0.01, real=0.02 secs] 
2016-09-24T00:33:56.953-0400: 205.684: [GC (GCLocker Initiated GC) [PSYoungGen: 173562K->73608K(175104K)] 541464K->490237K(699392K), 0.0301488 secs] [Times: user=0.31 sys=0.00, real=0.04 secs] 
2016-09-24T00:33:57.105-0400: 205.837: [GC (GCLocker Initiated GC) [PSYoungGen: 161672K->43432K(175104K)] 590813K->509300K(699392K), 0.0155340 secs] [Times: user=0.17 sys=0.00, real=0.01 secs] 
2016-09-24T00:33:57.121-0400: 205.853: [Full GC (Ergonomics) [PSYoungGen: 43432K->0K(175104K)] [ParOldGen: 465867K->53913K(524288K)] 509300K->53913K(699392K), [Metaspace: 44526K->44526K(1087488K)], 0.0559103 secs] [Times: user=0.26 sys=0.01, real=0.06 secs] 
2016-09-24T00:33:57.301-0400: 206.032: [GC (GCLocker Initiated GC) [PSYoungGen: 88064K->74388K(175104K)] 160553K->146877K(699392K), 0.0073406 secs] [Times: user=0.10 sys=0.00, real=0.01 secs] 
2016-09-24T00:33:57.439-0400: 206.171: [GC (GCLocker Initiated GC) [PSYoungGen: 162452K->73672K(175104K)] 235313K->183898K(699392K), 0.0102808 secs] [Times: user=0.13 sys=0.00, real=0.01 secs] 
2016-09-24T00:33:57.571-0400: 206.303: [GC (GCLocker Initiated GC) [PSYoungGen: 161736K->49344K(175104K)] 272295K->178224K(699392K), 0.0099026 secs] [Times: user=0.09 sys=0.00, real=0.01 secs] 
2016-09-24T00:33:57.692-0400: 206.423: [GC (GCLocker Initiated GC) [PSYoungGen: 137408K->85758K(175104K)] 272411K->239269K(699392K), 0.0134220 secs] [Times: user=0.17 sys=0.00, real=0.02 secs] 
2016-09-24T00:33:57.827-0400: 206.559: [GC (GCLocker Initiated GC) [PSYoungGen: 173822K->73772K(175104K)] 333763K->294599K(699392K), 0.0159096 secs] [Times: user=0.18 sys=0.01, real=0.02 secs] 
2016-09-24T00:33:57.971-0400: 206.702: [GC (GCLocker Initiated GC) [PSYoungGen: 161836K->55319K(175104K)] 383024K->295039K(699392K), 0.0130344 secs] [Times: user=0.15 sys=0.00, real=0.02 secs] 
2016-09-24T00:33:58.092-0400: 206.824: [GC (GCLocker Initiated GC) [PSYoungGen: 143383K->55451K(175104K)] 389405K->319793K(699392K), 0.0179072 secs] [Times: user=0.17 sys=0.00, real=0.02 secs] 
2016-09-24T00:33:58.236-0400: 206.968: [GC (Allocation Failure) [PSYoungGen: 143515K->79651K(175104K)] 408213K->362857K(699392K), 0.0268906 secs] [Times: user=0.28 sys=0.00, real=0.03 secs] 
2016-09-24T00:33:58.369-0400: 207.101: [GC (GCLocker Initiated GC) [PSYoungGen: 167698K->49244K(175104K)] 451161K->369276K(699392K), 0.0099139 secs] [Times: user=0.09 sys=0.00, real=0.01 secs] 
2016-09-24T00:33:58.493-0400: 207.224: [GC (GCLocker Initiated GC) [PSYoungGen: 137308K->55515K(175104K)] 469716K->406283K(699392K), 0.0071625 secs] [Times: user=0.08 sys=0.00, real=0.01 secs] 
2016-09-24T00:33:58.628-0400: 207.359: [GC (GCLocker Initiated GC) [PSYoungGen: 143579K->61558K(175104K)] 494703K->431182K(699392K), 0.0112390 secs] [Times: user=0.11 sys=0.00, real=0.01 secs] 
2016-09-24T00:33:58.735-0400: 207.466: [GC (GCLocker Initiated GC) [PSYoungGen: 149622K->73640K(175104K)] 525526K->461806K(699392K), 0.0205600 secs] [Times: user=0.21 sys=0.00, real=0.02 secs] 
2016-09-24T00:33:58.867-0400: 207.599: [GC (GCLocker Initiated GC) [PSYoungGen: 161704K->73804K(175104K)] 549944K->504885K(699392K), 0.0116185 secs] [Times: user=0.13 sys=0.01, real=0.01 secs] 
2016-09-24T00:33:58.995-0400: 207.727: [GC (Allocation Failure) [PSYoungGen: 161868K->55027K(175104K)] 593237K->505060K(699392K), 0.0090915 secs] [Times: user=0.09 sys=0.00, real=0.01 secs] 
2016-09-24T00:33:59.107-0400: 207.839: [GC (GCLocker Initiated GC) [PSYoungGen: 141235K->61558K(175104K)] 597343K->542070K(699392K), 0.0323356 secs] [Times: user=0.36 sys=0.00, real=0.03 secs] 
2016-09-24T00:33:59.140-0400: 207.871: [Full GC (Ergonomics) [PSYoungGen: 61558K->0K(175104K)] [ParOldGen: 480512K->53868K(524288K)] 542070K->53868K(699392K), [Metaspace: 44532K->44532K(1087488K)], 0.0588553 secs] [Times: user=0.32 sys=0.01, real=0.06 secs] 
2016-09-24T00:33:59.336-0400: 208.067: [GC (GCLocker Initiated GC) [PSYoungGen: 88060K->55351K(175104K)] 154434K->121724K(699392K), 0.0058172 secs] [Times: user=0.06 sys=0.00, real=0.00 secs] 
2016-09-24T00:33:59.454-0400: 208.186: [GC (GCLocker Initiated GC) [PSYoungGen: 143415K->73836K(175104K)] 210099K->177278K(699392K), 0.0154686 secs] [Times: user=0.18 sys=0.00, real=0.01 secs] 
2016-09-24T00:33:59.597-0400: 208.328: [GC (Allocation Failure) [PSYoungGen: 161900K->73576K(175104K)] 271481K->201673K(699392K), 0.0302568 secs] [Times: user=0.33 sys=0.00, real=0.03 secs] 
2016-09-24T00:33:59.749-0400: 208.481: [GC (GCLocker Initiated GC) [PSYoungGen: 161640K->49340K(175104K)] 289737K->226173K(699392K), 0.0089592 secs] [Times: user=0.09 sys=0.00, real=0.01 secs] 
2016-09-24T00:33:59.875-0400: 208.606: [GC (GCLocker Initiated GC) [PSYoungGen: 137404K->61690K(175104K)] 314279K->244915K(699392K), 0.0151959 secs] [Times: user=0.14 sys=0.00, real=0.01 secs] 
2016-09-24T00:33:59.990-0400: 208.722: [GC (GCLocker Initiated GC) [PSYoungGen: 149754K->79651K(175104K)] 333128K->312097K(699392K), 0.0258598 secs] [Times: user=0.27 sys=0.00, real=0.03 secs] 
2016-09-24T00:34:00.117-0400: 208.848: [GC (GCLocker Initiated GC) [PSYoungGen: 167715K->61298K(175104K)] 406284K->330493K(699392K), 0.0100983 secs] [Times: user=0.06 sys=0.01, real=0.01 secs] 
2016-09-24T00:34:00.254-0400: 208.986: [GC (Allocation Failure) [PSYoungGen: 149362K->37322K(175104K)] 425058K->355803K(699392K), 0.0140715 secs] [Times: user=0.13 sys=0.01, real=0.01 secs] 
2016-09-24T00:34:00.400-0400: 209.131: [GC (GCLocker Initiated GC) [PSYoungGen: 125386K->73544K(175104K)] 443870K->392443K(699392K), 0.0088386 secs] [Times: user=0.08 sys=0.00, real=0.01 secs] 
2016-09-24T00:34:00.502-0400: 209.233: [GC (GCLocker Initiated GC) [PSYoungGen: 161608K->73416K(175104K)] 480644K->429006K(699392K), 0.0343969 secs] [Times: user=0.33 sys=0.01, real=0.04 secs] 
2016-09-24T00:34:00.640-0400: 209.372: [GC (Allocation Failure) [PSYoungGen: 161480K->67537K(175104K)] 517308K->466149K(699392K), 0.0335886 secs] [Times: user=0.35 sys=0.00, real=0.03 secs] 
2016-09-24T00:34:00.790-0400: 209.522: [GC (GCLocker Initiated GC) [PSYoungGen: 155601K->42945K(175104K)] 554219K->484511K(699392K), 0.0217952 secs] [Times: user=0.21 sys=0.00, real=0.02 secs] 
2016-09-24T00:34:00.910-0400: 209.641: [GC (GCLocker Initiated GC) [PSYoungGen: 131009K->61462K(175104K)] 572796K->521734K(699392K), 0.0177027 secs] [Times: user=0.16 sys=0.00, real=0.02 secs] 
2016-09-24T00:34:00.928-0400: 209.659: [Full GC (Ergonomics) [PSYoungGen: 61462K->0K(175104K)] [ParOldGen: 460271K->54089K(524288K)] 521734K->54089K(699392K), [Metaspace: 44542K->44542K(1087488K)], 0.0584633 secs] [Times: user=0.47 sys=0.01, real=0.06 secs] 
2016-09-24T00:34:01.104-0400: 209.836: [GC (GCLocker Initiated GC) [PSYoungGen: 88064K->85890K(175104K)] 154373K->152199K(699392K), 0.0079263 secs] [Times: user=0.12 sys=0.00, real=0.00 secs] 
2016-09-24T00:34:01.236-0400: 209.967: [GC (GCLocker Initiated GC) [PSYoungGen: 173954K->85822K(175104K)] 240445K->231612K(699392K), 0.0139165 secs] [Times: user=0.21 sys=0.00, real=0.01 secs] 
2016-09-24T00:34:01.363-0400: 210.094: [GC (GCLocker Initiated GC) [PSYoungGen: 173886K->49180K(175104K)] 319716K->231759K(699392K), 0.0089392 secs] [Times: user=0.08 sys=0.00, real=0.00 secs] 
2016-09-24T00:34:01.496-0400: 210.227: [GC (GCLocker Initiated GC) [PSYoungGen: 137244K->85626K(175104K)] 326007K->305016K(699392K), 0.0171844 secs] [Times: user=0.20 sys=0.00, real=0.01 secs] 
2016-09-24T00:34:01.632-0400: 210.364: [GC (Allocation Failure) [PSYoungGen: 173690K->67569K(175104K)] 393379K->317745K(699392K), 0.0108734 secs] [Times: user=0.09 sys=0.00, real=0.02 secs] 
2016-09-24T00:34:01.765-0400: 210.497: [GC (Allocation Failure) [PSYoungGen: 155633K->55351K(175104K)] 405809K->348335K(699392K), 0.0215784 secs] [Times: user=0.26 sys=0.00, real=0.02 secs] 
2016-09-24T00:34:01.885-0400: 210.617: [GC (GCLocker Initiated GC) [PSYoungGen: 138351K->73644K(175104K)] 437410K->391196K(699392K), 0.0150526 secs] [Times: user=0.16 sys=0.00, real=0.01 secs] 
2016-09-24T00:34:02.035-0400: 210.767: [GC (GCLocker Initiated GC) [PSYoungGen: 161708K->61330K(175104K)] 479363K->403716K(699392K), 0.0192552 secs] [Times: user=0.15 sys=0.00, real=0.02 secs] 
2016-09-24T00:34:02.165-0400: 210.897: [GC (Allocation Failure) [PSYoungGen: 149394K->67765K(175104K)] 492052K->446992K(699392K), 0.0147044 secs] [Times: user=0.16 sys=0.00, real=0.01 secs] 
2016-09-24T00:34:02.303-0400: 211.034: [GC (GCLocker Initiated GC) [PSYoungGen: 152670K->55383K(175104K)] 537973K->465449K(699392K), 0.0103679 secs] [Times: user=0.12 sys=0.01, real=0.00 secs] 
2016-09-24T00:34:02.446-0400: 211.178: [GC (GCLocker Initiated GC) [PSYoungGen: 143447K->61558K(175104K)] 553834K->490274K(699392K), 0.0102213 secs] [Times: user=0.09 sys=0.00, real=0.01 secs] 
2016-09-24T00:34:02.563-0400: 211.295: [GC (Allocation Failure) [PSYoungGen: 149622K->43009K(175104K)] 578525K->490388K(699392K), 0.0172119 secs] [Times: user=0.18 sys=0.00, real=0.01 secs] 
2016-09-24T00:34:02.687-0400: 211.418: [GC (GCLocker Initiated GC) [PSYoungGen: 128329K->61394K(175104K)] 581784K->539268K(699392K), 0.0137633 secs] [Times: user=0.14 sys=0.00, real=0.01 secs] 
2016-09-24T00:34:02.701-0400: 211.432: [Full GC (Ergonomics) [PSYoungGen: 61394K->0K(175104K)] [ParOldGen: 477874K->54201K(524288K)] 539268K->54201K(699392K), [Metaspace: 44543K->44543K(1087488K)], 0.0538032 secs] [Times: user=0.23 sys=0.01, real=0.06 secs] 
2016-09-24T00:34:02.857-0400: 211.588: [GC (GCLocker Initiated GC) [PSYoungGen: 88064K->86474K(175104K)] 148510K->159070K(699392K), 0.0162266 secs] [Times: user=0.18 sys=0.00, real=0.01 secs] 
2016-09-24T00:34:03.005-0400: 211.736: [GC (GCLocker Initiated GC) [PSYoungGen: 174538K->55187K(175104K)] 247786K->177763K(699392K), 0.0116622 secs] [Times: user=0.12 sys=0.00, real=0.01 secs] 
2016-09-24T00:34:03.154-0400: 211.886: [GC (Allocation Failure) [PSYoungGen: 143251K->30795K(175104K)] 272038K->171812K(699392K), 0.0132290 secs] [Times: user=0.15 sys=0.00, real=0.01 secs] 
2016-09-24T00:34:03.288-0400: 212.020: [GC (GCLocker Initiated GC) [PSYoungGen: 118859K->67533K(175104K)] 259876K->208646K(699392K), 0.0121482 secs] [Times: user=0.12 sys=0.00, real=0.01 secs] 
2016-09-24T00:34:03.423-0400: 212.154: [GC (GCLocker Initiated GC) [PSYoungGen: 155597K->73576K(175104K)] 296735K->245216K(699392K), 0.0147530 secs] [Times: user=0.14 sys=0.00, real=0.01 secs] 
2016-09-24T00:34:03.575-0400: 212.306: [GC (Allocation Failure) [PSYoungGen: 161640K->25043K(175104K)] 333445K->275936K(699392K), 0.0090000 secs] [Times: user=0.10 sys=0.00, real=0.01 secs] 
2016-09-24T00:34:03.665-0400: 212.396: [GC (GCLocker Initiated GC) [PSYoungGen: 113107K->85890K(175104K)] 364000K->367473K(699392K), 0.0166054 secs] [Times: user=0.17 sys=0.00, real=0.01 secs] 
2016-09-24T00:34:03.806-0400: 212.538: [GC (GCLocker Initiated GC) [PSYoungGen: 173954K->55483K(175104K)] 455691K->374117K(699392K), 0.0143725 secs] [Times: user=0.15 sys=0.00, real=0.01 secs] 
2016-09-24T00:34:03.914-0400: 212.645: [GC (GCLocker Initiated GC) [PSYoungGen: 143547K->85922K(175104K)] 462229K->404903K(699392K), 0.0110969 secs] [Times: user=0.12 sys=0.00, real=0.02 secs] 
2016-09-24T00:34:04.045-0400: 212.776: [GC (Allocation Failure) [PSYoungGen: 173986K->61522K(175104K)] 505304K->429450K(699392K), 0.0117362 secs] [Times: user=0.18 sys=0.00, real=0.01 secs] 
2016-09-24T00:34:04.171-0400: 212.902: [GC (Allocation Failure) [PSYoungGen: 146320K->55743K(175104K)] 514248K->448106K(699392K), 0.0078282 secs] [Times: user=0.09 sys=0.00, real=0.01 secs] 
2016-09-24T00:34:04.285-0400: 213.017: [GC (GCLocker Initiated GC) [PSYoungGen: 139639K->55255K(175104K)] 538077K->472194K(699392K), 0.0087557 secs] [Times: user=0.06 sys=0.01, real=0.01 secs] 
2016-09-24T00:34:04.438-0400: 213.169: [GC (GCLocker Initiated GC) [PSYoungGen: 143319K->55810K(175104K)] 572658K->515653K(699392K), 0.0079167 secs] [Times: user=0.09 sys=0.00, real=0.01 secs] 
2016-09-24T00:34:04.583-0400: 213.315: [Full GC (Ergonomics) [PSYoungGen: 143874K->0K(175104K)] [ParOldGen: 465918K->42047K(524288K)] 609793K->42047K(699392K), [Metaspace: 44543K->44543K(1087488K)], 0.0506440 secs] [Times: user=0.36 sys=0.01, real=0.04 secs] 
2016-09-24T00:34:04.743-0400: 213.475: [GC (GCLocker Initiated GC) [PSYoungGen: 88064K->86210K(175104K)] 136211K->140432K(699392K), 0.0123840 secs] [Times: user=0.15 sys=0.00, real=0.01 secs] 
2016-09-24T00:34:04.859-0400: 213.590: [GC (GCLocker Initiated GC) [PSYoungGen: 174274K->49440K(175104K)] 228503K->164975K(699392K), 0.0213895 secs] [Times: user=0.21 sys=0.00, real=0.02 secs] 
2016-09-24T00:34:05.004-0400: 213.735: [GC (Allocation Failure) [PSYoungGen: 137504K->73412K(175104K)] 259323K->195663K(699392K), 0.0100930 secs] [Times: user=0.08 sys=0.00, real=0.00 secs] 
2016-09-24T00:34:05.124-0400: 213.855: [GC (GCLocker Initiated GC) [PSYoungGen: 161476K->49408K(175104K)] 283733K->238633K(699392K), 0.0118311 secs] [Times: user=0.14 sys=0.00, real=0.01 secs] 
2016-09-24T00:34:05.266-0400: 213.997: [GC (GCLocker Initiated GC) [PSYoungGen: 137472K->61330K(175104K)] 326834K->269333K(699392K), 0.0106211 secs] [Times: user=0.06 sys=0.01, real=0.01 secs] 
2016-09-24T00:34:05.404-0400: 214.136: [GC (GCLocker Initiated GC) [PSYoungGen: 149394K->61526K(175104K)] 375793K->336808K(699392K), 0.0158380 secs] [Times: user=0.14 sys=0.00, real=0.01 secs] 
2016-09-24T00:34:05.522-0400: 214.253: [GC (GCLocker Initiated GC) [PSYoungGen: 149590K->43269K(175104K)] 424914K->349251K(699392K), 0.0088867 secs] [Times: user=0.07 sys=0.01, real=0.01 secs] 
2016-09-24T00:34:05.650-0400: 214.382: [GC (Allocation Failure) [PSYoungGen: 131333K->30987K(175104K)] 449546K->428303K(699392K), 0.0101584 secs] [Times: user=0.10 sys=0.01, real=0.01 secs] 
2016-09-24T00:34:05.777-0400: 214.508: [GC (GCLocker Initiated GC) [PSYoungGen: 119051K->55255K(175104K)] 516367K->452854K(699392K), 0.0273497 secs] [Times: user=0.33 sys=0.00, real=0.03 secs] 
2016-09-24T00:34:05.899-0400: 214.631: [GC (GCLocker Initiated GC) [PSYoungGen: 143319K->73316K(175104K)] 547309K->477574K(699392K), 0.0131309 secs] [Times: user=0.14 sys=0.00, real=0.01 secs] 
2016-09-24T00:34:06.032-0400: 214.764: [GC (GCLocker Initiated GC) [PSYoungGen: 161380K->85598K(175104K)] 565910K->496314K(699392K), 0.0165011 secs] [Times: user=0.19 sys=0.00, real=0.02 secs] 
2016-09-24T00:34:06.152-0400: 214.884: [GC (GCLocker Initiated GC) [PSYoungGen: 173662K->55415K(175104K)] 584605K->521348K(699392K), 0.0109463 secs] [Times: user=0.15 sys=0.00, real=0.02 secs] 
2016-09-24T00:34:06.163-0400: 214.895: [Full GC (Ergonomics) [PSYoungGen: 55415K->0K(175104K)] [ParOldGen: 465933K->54092K(524288K)] 521348K->54092K(699392K), [Metaspace: 44543K->44543K(1087488K)], 0.0595867 secs] [Times: user=0.45 sys=0.01, real=0.06 secs] 
2016-09-24T00:34:06.325-0400: 215.056: [GC (GCLocker Initiated GC) [PSYoungGen: 88064K->86538K(175104K)] 148279K->171053K(699392K), 0.0097272 secs] [Times: user=0.12 sys=0.00, real=0.01 secs] 
2016-09-24T00:34:06.445-0400: 215.176: [GC (GCLocker Initiated GC) [PSYoungGen: 174602K->73608K(175104K)] 259277K->219901K(699392K), 0.0139153 secs] [Times: user=0.17 sys=0.00, real=0.01 secs] 
2016-09-24T00:34:06.589-0400: 215.321: [GC (GCLocker Initiated GC) [PSYoungGen: 161672K->43173K(175104K)] 308192K->214236K(699392K), 0.0185488 secs] [Times: user=0.14 sys=0.00, real=0.02 secs] 
2016-09-24T00:34:06.711-0400: 215.443: [GC (GCLocker Initiated GC) [PSYoungGen: 131237K->73608K(175104K)] 308720K->269756K(699392K), 0.0399983 secs] [Times: user=0.43 sys=0.00, real=0.04 secs] 
2016-09-24T00:34:06.866-0400: 215.597: [GC (Allocation Failure) [PSYoungGen: 161672K->74132K(175104K)] 358175K->288987K(699392K), 0.0116020 secs] [Times: user=0.14 sys=0.00, real=0.01 secs] 
2016-09-24T00:34:06.980-0400: 215.712: [GC (GCLocker Initiated GC) [PSYoungGen: 162196K->55315K(175104K)] 377058K->306942K(699392K), 0.0123022 secs] [Times: user=0.16 sys=0.00, real=0.01 secs] 
2016-09-24T00:34:07.098-0400: 215.829: [GC (GCLocker Initiated GC) [PSYoungGen: 143379K->56038K(175104K)] 407512K->338556K(699392K), 0.0154033 secs] [Times: user=0.18 sys=0.00, real=0.01 secs] 
2016-09-24T00:34:07.237-0400: 215.968: [GC (GCLocker Initiated GC) [PSYoungGen: 144102K->79715K(175104K)] 432743K->387535K(699392K), 0.0216836 secs] [Times: user=0.28 sys=0.01, real=0.02 secs] 
2016-09-24T00:34:07.359-0400: 216.090: [GC (GCLocker Initiated GC) [PSYoungGen: 167779K->73772K(175104K)] 475658K->442560K(699392K), 0.0112739 secs] [Times: user=0.14 sys=0.01, real=0.01 secs] 
2016-09-24T00:34:07.494-0400: 216.225: [GC (GCLocker Initiated GC) [PSYoungGen: 161836K->55155K(175104K)] 536792K->466820K(699392K), 0.0193674 secs] [Times: user=0.21 sys=0.00, real=0.02 secs] 
2016-09-24T00:34:07.626-0400: 216.358: [GC (GCLocker Initiated GC) [PSYoungGen: 143219K->49280K(175104K)] 554943K->497534K(699392K), 0.0120746 secs] [Times: user=0.10 sys=0.00, real=0.01 secs] 
2016-09-24T00:34:07.740-0400: 216.471: [GC (GCLocker Initiated GC) [PSYoungGen: 137344K->55223K(175104K)] 585646K->546333K(699392K), 0.0105407 secs] [Times: user=0.10 sys=0.00, real=0.01 secs] 
2016-09-24T00:34:07.750-0400: 216.482: [Full GC (Ergonomics) [PSYoungGen: 55223K->0K(175104K)] [ParOldGen: 491110K->40718K(524288K)] 546333K->40718K(699392K), [Metaspace: 44553K->44553K(1087488K)], 0.0737453 secs] [Times: user=0.54 sys=0.00, real=0.08 secs] 
2016-09-24T00:34:07.914-0400: 216.646: [GC (GCLocker Initiated GC) [PSYoungGen: 88064K->86014K(175104K)] 128784K->132809K(699392K), 0.0092096 secs] [Times: user=0.11 sys=0.00, real=0.01 secs] 
2016-09-24T00:34:08.045-0400: 216.776: [GC (GCLocker Initiated GC) [PSYoungGen: 174078K->49667K(175104K)] 227304K->140063K(699392K), 0.0093928 secs] [Times: user=0.10 sys=0.00, real=0.01 secs] 
2016-09-24T00:34:08.180-0400: 216.912: [GC (GCLocker Initiated GC) [PSYoungGen: 137731K->30990K(175104K)] 228482K->140366K(699392K), 0.0090891 secs] [Times: user=0.07 sys=0.00, real=0.01 secs] 
2016-09-24T00:34:08.291-0400: 217.022: [GC (GCLocker Initiated GC) [PSYoungGen: 119054K->55155K(175104K)] 228478K->213485K(699392K), 0.0105534 secs] [Times: user=0.11 sys=0.00, real=0.01 secs] 
2016-09-24T00:34:08.435-0400: 217.166: [GC (GCLocker Initiated GC) [PSYoungGen: 143219K->74132K(175104K)] 301787K->251068K(699392K), 0.0142977 secs] [Times: user=0.17 sys=0.00, real=0.01 secs] 
2016-09-24T00:34:08.545-0400: 217.276: [GC (Allocation Failure) [PSYoungGen: 162196K->85890K(175104K)] 339174K->263472K(699392K), 0.0163039 secs] [Times: user=0.20 sys=0.00, real=0.01 secs] 
2016-09-24T00:34:08.654-0400: 217.385: [GC (GCLocker Initiated GC) [PSYoungGen: 173954K->55287K(175104K)] 351541K->293924K(699392K), 0.0216475 secs] [Times: user=0.22 sys=0.01, real=0.03 secs] 
2016-09-24T00:34:08.812-0400: 217.543: [GC (GCLocker Initiated GC) [PSYoungGen: 143351K->68088K(175104K)] 400501K->343600K(699392K), 0.0086827 secs] [Times: user=0.12 sys=0.00, real=0.01 secs] 
2016-09-24T00:34:08.928-0400: 217.659: [GC (GCLocker Initiated GC) [PSYoungGen: 156152K->85726K(175104K)] 431991K->398321K(699392K), 0.0110820 secs] [Times: user=0.16 sys=0.00, real=0.01 secs] 
2016-09-24T00:34:09.059-0400: 217.791: [GC (GCLocker Initiated GC) [PSYoungGen: 173790K->85822K(175104K)] 486589K->453588K(699392K), 0.0151833 secs] [Times: user=0.19 sys=0.01, real=0.02 secs] 
2016-09-24T00:34:09.200-0400: 217.932: [GC (GCLocker Initiated GC) [PSYoungGen: 173886K->55419K(175104K)] 541664K->441525K(699392K), 0.0191591 secs] [Times: user=0.21 sys=0.00, real=0.02 secs] 
2016-09-24T00:34:09.309-0400: 218.041: [GC (GCLocker Initiated GC) [PSYoungGen: 143483K->36934K(175104K)] 541782K->478002K(699392K), 0.0176456 secs] [Times: user=0.17 sys=0.00, real=0.02 secs] 
2016-09-24T00:34:09.439-0400: 218.171: [GC (GCLocker Initiated GC) [PSYoungGen: 124998K->73872K(175104K)] 566258K->533477K(699392K), 0.0219845 secs] [Times: user=0.24 sys=0.00, real=0.02 secs] 
2016-09-24T00:34:09.461-0400: 218.193: [Full GC (Ergonomics) [PSYoungGen: 73872K->0K(175104K)] [ParOldGen: 459604K->47253K(524288K)] 533477K->47253K(699392K), [Metaspace: 44554K->44554K(1087488K)], 0.0629732 secs] [Times: user=0.38 sys=0.01, real=0.07 secs] 
2016-09-24T00:34:09.624-0400: 218.356: [GC (GCLocker Initiated GC) [PSYoungGen: 88064K->86046K(175104K)] 147520K->169802K(699392K), 0.0181407 secs] [Times: user=0.22 sys=0.00, real=0.02 secs] 
2016-09-24T00:34:09.736-0400: 218.468: [GC (GCLocker Initiated GC) [PSYoungGen: 174110K->67533K(175104K)] 257914K->236967K(699392K), 0.0150705 secs] [Times: user=0.18 sys=0.00, real=0.01 secs] 
2016-09-24T00:34:09.884-0400: 218.615: [GC (Allocation Failure) [PSYoungGen: 155597K->31346K(175104K)] 337227K->292244K(699392K), 0.0187741 secs] [Times: user=0.20 sys=0.00, real=0.02 secs] 
2016-09-24T00:34:10.043-0400: 218.775: [GC (GCLocker Initiated GC) [PSYoungGen: 118722K->55319K(175104K)] 385694K->322558K(699392K), 0.0201424 secs] [Times: user=0.21 sys=0.00, real=0.02 secs] 
2016-09-24T00:34:10.176-0400: 218.907: [GC (GCLocker Initiated GC) [PSYoungGen: 143383K->73480K(175104K)] 410782K->353181K(699392K), 0.0099368 secs] [Times: user=0.07 sys=0.00, real=0.01 secs] 
2016-09-24T00:34:10.290-0400: 219.022: [GC (GCLocker Initiated GC) [PSYoungGen: 161544K->43333K(175104K)] 441527K->384186K(699392K), 0.0192340 secs] [Times: user=0.18 sys=0.00, real=0.02 secs] 
2016-09-24T00:34:10.407-0400: 219.138: [GC (GCLocker Initiated GC) [PSYoungGen: 131397K->73840K(175104K)] 478349K->445392K(699392K), 0.0213429 secs] [Times: user=0.21 sys=0.01, real=0.02 secs] 
2016-09-24T00:34:10.523-0400: 219.254: [GC (GCLocker Initiated GC) [PSYoungGen: 161904K->73640K(175104K)] 533509K->488202K(699392K), 0.0251966 secs] [Times: user=0.27 sys=0.01, real=0.02 secs] 
2016-09-24T00:34:10.654-0400: 219.386: [GC (Allocation Failure) [PSYoungGen: 161704K->55383K(175104K)] 582461K->530935K(699392K), 0.0116302 secs] [Times: user=0.11 sys=0.00, real=0.01 secs] 
2016-09-24T00:34:10.666-0400: 219.397: [Full GC (Ergonomics) [PSYoungGen: 55383K->0K(175104K)] [ParOldGen: 475552K->53264K(524288K)] 530935K->53264K(699392K), [Metaspace: 44554K->44554K(1087488K)], 0.0516850 secs] [Times: user=0.26 sys=0.00, real=0.05 secs] 
2016-09-24T00:34:10.830-0400: 219.562: [GC (GCLocker Initiated GC) [PSYoungGen: 88059K->80363K(175104K)] 141329K->133633K(699392K), 0.0213091 secs] [Times: user=0.21 sys=0.00, real=0.02 secs] 
2016-09-24T00:34:10.960-0400: 219.691: [GC (GCLocker Initiated GC) [PSYoungGen: 168427K->49244K(175104K)] 221912K->152273K(699392K), 0.0113006 secs] [Times: user=0.10 sys=0.01, real=0.01 secs] 
2016-09-24T00:34:11.076-0400: 219.807: [GC (GCLocker Initiated GC) [PSYoungGen: 137308K->67569K(175104K)] 240507K->170848K(699392K), 0.0139875 secs] [Times: user=0.13 sys=0.00, real=0.01 secs] 
2016-09-24T00:34:11.211-0400: 219.942: [GC (GCLocker Initiated GC) [PSYoungGen: 155633K->85690K(175104K)] 259122K->238218K(699392K), 0.0131679 secs] [Times: user=0.15 sys=0.00, real=0.02 secs] 
2016-09-24T00:34:11.313-0400: 220.045: [GC (GCLocker Initiated GC) [PSYoungGen: 173754K->86022K(175104K)] 326497K->257118K(699392K), 0.0137964 secs] [Times: user=0.12 sys=0.01, real=0.02 secs] 
2016-09-24T00:34:11.440-0400: 220.171: [GC (GCLocker Initiated GC) [PSYoungGen: 174086K->67337K(175104K)] 345296K->275624K(699392K), 0.0086999 secs] [Times: user=0.09 sys=0.00, real=0.01 secs] 
2016-09-24T00:34:11.550-0400: 220.281: [GC (GCLocker Initiated GC) [PSYoungGen: 155401K->61690K(175104K)] 369885K->276269K(699392K), 0.0099779 secs] [Times: user=0.09 sys=0.01, real=0.01 secs] 
2016-09-24T00:34:11.700-0400: 220.431: [GC (GCLocker Initiated GC) [PSYoungGen: 149754K->42909K(175104K)] 376531K->300328K(699392K), 0.0237183 secs] [Times: user=0.26 sys=0.00, real=0.03 secs] 
2016-09-24T00:34:11.864-0400: 220.595: [GC (GCLocker Initiated GC) [PSYoungGen: 130973K->55775K(175104K)] 406765K->368160K(699392K), 0.0098040 secs] [Times: user=0.10 sys=0.00, real=0.00 secs] 
2016-09-24T00:34:12.004-0400: 220.735: [GC (GCLocker Initiated GC) [PSYoungGen: 143839K->61562K(175104K)] 456272K->374246K(699392K), 0.0067248 secs] [Times: user=0.05 sys=0.00, real=0.00 secs] 
2016-09-24T00:34:12.096-0400: 220.828: [GC (GCLocker Initiated GC) [PSYoungGen: 149626K->67469K(175104K)] 462637K->429520K(699392K), 0.0272162 secs] [Times: user=0.31 sys=0.00, real=0.03 secs] 
2016-09-24T00:34:12.243-0400: 220.975: [GC (GCLocker Initiated GC) [PSYoungGen: 155533K->79847K(175104K)] 517879K->497027K(699392K), 0.0128815 secs] [Times: user=0.19 sys=0.00, real=0.01 secs] 
2016-09-24T00:34:12.358-0400: 221.090: [GC (GCLocker Initiated GC) [PSYoungGen: 167911K->36834K(175104K)] 591202K->490767K(699392K), 0.0084138 secs] [Times: user=0.07 sys=0.00, real=0.01 secs] 
2016-09-24T00:34:12.367-0400: 221.098: [Full GC (Ergonomics) [PSYoungGen: 36834K->0K(175104K)] [ParOldGen: 453933K->53339K(524288K)] 490767K->53339K(699392K), [Metaspace: 44554K->44554K(1087488K)], 0.0606645 secs] [Times: user=0.35 sys=0.00, real=0.06 secs] 
2016-09-24T00:34:12.519-0400: 221.250: [GC (GCLocker Initiated GC) [PSYoungGen: 88064K->86434K(175104K)] 148056K->152501K(699392K), 0.0112921 secs] [Times: user=0.09 sys=0.00, real=0.01 secs] 
2016-09-24T00:34:12.660-0400: 221.392: [GC (Allocation Failure) [PSYoungGen: 174498K->18609K(175104K)] 246670K->140489K(699392K), 0.0116931 secs] [Times: user=0.12 sys=0.00, real=0.01 secs] 
2016-09-24T00:34:12.791-0400: 221.523: [GC (GCLocker Initiated GC) [PSYoungGen: 106673K->55219K(175104K)] 228559K->207599K(699392K), 0.0292809 secs] [Times: user=0.38 sys=0.00, real=0.03 secs] 
2016-09-24T00:34:12.916-0400: 221.648: [GC (GCLocker Initiated GC) [PSYoungGen: 143283K->85822K(175104K)] 295874K->250739K(699392K), 0.0146371 secs] [Times: user=0.16 sys=0.00, real=0.01 secs] 
2016-09-24T00:34:13.025-0400: 221.757: [GC (GCLocker Initiated GC) [PSYoungGen: 173886K->61326K(175104K)] 338873K->263038K(699392K), 0.0118115 secs] [Times: user=0.13 sys=0.00, real=0.01 secs] 
2016-09-24T00:34:13.134-0400: 221.865: [GC (GCLocker Initiated GC) [PSYoungGen: 149390K->79911K(175104K)] 351139K->318285K(699392K), 0.0108255 secs] [Times: user=0.11 sys=0.00, real=0.02 secs] 
2016-09-24T00:34:13.262-0400: 221.993: [GC (GCLocker Initiated GC) [PSYoungGen: 167975K->61134K(175104K)] 406394K->348405K(699392K), 0.0156462 secs] [Times: user=0.10 sys=0.00, real=0.02 secs] 
2016-09-24T00:34:13.406-0400: 222.138: [GC (GCLocker Initiated GC) [PSYoungGen: 149198K->43041K(175104K)] 448717K->342671K(699392K), 0.0091961 secs] [Times: user=0.07 sys=0.00, real=0.01 secs] 
2016-09-24T00:34:13.524-0400: 222.255: [GC (GCLocker Initiated GC) [PSYoungGen: 131105K->73608K(175104K)] 430839K->410084K(699392K), 0.0103175 secs] [Times: user=0.11 sys=0.00, real=0.01 secs] 
2016-09-24T00:34:13.647-0400: 222.378: [GC (GCLocker Initiated GC) [PSYoungGen: 161672K->67569K(175104K)] 498313K->440951K(699392K), 0.0094882 secs] [Times: user=0.10 sys=0.00, real=0.01 secs] 
2016-09-24T00:34:13.780-0400: 222.511: [GC (GCLocker Initiated GC) [PSYoungGen: 155633K->85662K(175104K)] 529153K->477698K(699392K), 0.0158917 secs] [Times: user=0.18 sys=0.00, real=0.02 secs] 
2016-09-24T00:34:13.894-0400: 222.626: [GC (GCLocker Initiated GC) [PSYoungGen: 173726K->37389K(175104K)] 578066K->496688K(699392K), 0.0102666 secs] [Times: user=0.09 sys=0.00, real=0.02 secs] 
2016-09-24T00:34:13.904-0400: 222.636: [Full GC (Ergonomics) [PSYoungGen: 37389K->0K(175104K)] [ParOldGen: 459298K->53909K(524288K)] 496688K->53909K(699392K), [Metaspace: 44554K->44554K(1087488K)], 0.0612740 secs] [Times: user=0.42 sys=0.00, real=0.06 secs] 
2016-09-24T00:34:14.069-0400: 222.800: [GC (Allocation Failure) [PSYoungGen: 88064K->86242K(175104K)] 142210K->146463K(699392K), 0.0119100 secs] [Times: user=0.15 sys=0.00, real=0.01 secs] 
2016-09-24T00:34:14.203-0400: 222.935: [GC (GCLocker Initiated GC) [PSYoungGen: 174306K->61622K(175104K)] 234528K->158857K(699392K), 0.0150760 secs] [Times: user=0.16 sys=0.00, real=0.01 secs] 
2016-09-24T00:34:14.341-0400: 223.072: [GC (GCLocker Initiated GC) [PSYoungGen: 149686K->67501K(175104K)] 247126K->165224K(699392K), 0.0087312 secs] [Times: user=0.08 sys=0.00, real=0.01 secs] 
2016-09-24T00:34:14.476-0400: 223.207: [GC (GCLocker Initiated GC) [PSYoungGen: 155565K->85594K(175104K)] 253566K->214261K(699392K), 0.0376566 secs] [Times: user=0.42 sys=0.00, real=0.03 secs] 
2016-09-24T00:34:14.627-0400: 223.358: [GC (Allocation Failure) [PSYoungGen: 173658K->61426K(175104K)] 302540K->220803K(699392K), 0.0249019 secs] [Times: user=0.23 sys=0.00, real=0.02 secs] 
2016-09-24T00:34:14.742-0400: 223.473: [GC (GCLocker Initiated GC) [PSYoungGen: 149490K->85986K(175104K)] 308872K->306418K(699392K), 0.0136478 secs] [Times: user=0.20 sys=0.00, real=0.02 secs] 
2016-09-24T00:34:14.876-0400: 223.607: [GC (GCLocker Initiated GC) [PSYoungGen: 174050K->55187K(175104K)] 394530K->330462K(699392K), 0.0210609 secs] [Times: user=0.19 sys=0.00, real=0.02 secs] 
2016-09-24T00:34:15.004-0400: 223.735: [GC (GCLocker Initiated GC) [PSYoungGen: 143251K->85758K(175104K)] 418663K->391641K(699392K), 0.0175467 secs] [Times: user=0.21 sys=0.00, real=0.01 secs] 
2016-09-24T00:34:15.138-0400: 223.869: [GC (GCLocker Initiated GC) [PSYoungGen: 173822K->61718K(175104K)] 485961K->434922K(699392K), 0.0100930 secs] [Times: user=0.09 sys=0.00, real=0.01 secs] 
2016-09-24T00:34:15.261-0400: 223.992: [GC (Allocation Failure) [PSYoungGen: 149782K->85954K(175104K)] 523342K->484113K(699392K), 0.0117286 secs] [Times: user=0.15 sys=0.00, real=0.01 secs] 
2016-09-24T00:34:15.391-0400: 224.122: [GC (GCLocker Initiated GC) [PSYoungGen: 169691K->67341K(175104K)] 573925K->490036K(699392K), 0.0103956 secs] [Times: user=0.07 sys=0.00, real=0.01 secs] 
2016-09-24T00:34:15.520-0400: 224.252: [GC (GCLocker Initiated GC) [PSYoungGen: 155405K->37066K(175104K)] 584458K->484431K(699392K), 0.0168904 secs] [Times: user=0.12 sys=0.00, real=0.02 secs] 
2016-09-24T00:34:15.648-0400: 224.379: [Full GC (Ergonomics) [PSYoungGen: 125130K->0K(175104K)] [ParOldGen: 453706K->53895K(524288K)] 578836K->53895K(699392K), [Metaspace: 44554K->44554K(1087488K)], 0.0687344 secs] [Times: user=0.43 sys=0.02, real=0.07 secs] 
2016-09-24T00:34:15.818-0400: 224.550: [GC (GCLocker Initiated GC) [PSYoungGen: 88064K->86046K(175104K)] 142085K->164367K(699392K), 0.0108228 secs] [Times: user=0.14 sys=0.00, real=0.01 secs] 
2016-09-24T00:34:15.938-0400: 224.670: [GC (Allocation Failure) [PSYoungGen: 174110K->79847K(175104K)] 252635K->195565K(699392K), 0.0125578 secs] [Times: user=0.16 sys=0.01, real=0.01 secs] 
2016-09-24T00:34:16.072-0400: 224.804: [GC (Allocation Failure) [PSYoungGen: 167911K->56134K(175104K)] 283629K->208774K(699392K), 0.0132218 secs] [Times: user=0.17 sys=0.00, real=0.02 secs] 
2016-09-24T00:34:16.200-0400: 224.931: [GC (GCLocker Initiated GC) [PSYoungGen: 144198K->73544K(175104K)] 296844K->244714K(699392K), 0.0134754 secs] [Times: user=0.14 sys=0.00, real=0.01 secs] 
2016-09-24T00:34:16.337-0400: 225.068: [GC (GCLocker Initiated GC) [PSYoungGen: 161608K->37194K(175104K)] 351039K->245110K(699392K), 0.0062994 secs] [Times: user=0.05 sys=0.00, real=0.01 secs] 
2016-09-24T00:34:16.479-0400: 225.211: [GC (GCLocker Initiated GC) [PSYoungGen: 125258K->73608K(175104K)] 339431K->288236K(699392K), 0.0227989 secs] [Times: user=0.29 sys=0.00, real=0.02 secs] 
2016-09-24T00:34:16.624-0400: 225.356: [GC (Allocation Failure) [PSYoungGen: 161672K->49212K(175104K)] 376342K->306511K(699392K), 0.0217706 secs] [Times: user=0.21 sys=0.00, real=0.02 secs] 
2016-09-24T00:34:16.745-0400: 225.476: [GC (GCLocker Initiated GC) [PSYoungGen: 137276K->79847K(175104K)] 394580K->355668K(699392K), 0.0146304 secs] [Times: user=0.14 sys=0.00, real=0.01 secs] 
2016-09-24T00:34:16.894-0400: 225.625: [GC (Allocation Failure) [PSYoungGen: 167911K->79715K(175104K)] 450084K->398801K(699392K), 0.0173882 secs] [Times: user=0.21 sys=0.00, real=0.02 secs] 
2016-09-24T00:34:17.034-0400: 225.765: [GC (GCLocker Initiated GC) [PSYoungGen: 167779K->73576K(175104K)] 486867K->392963K(699392K), 0.0215652 secs] [Times: user=0.30 sys=0.01, real=0.03 secs] 
2016-09-24T00:34:17.184-0400: 225.915: [GC (GCLocker Initiated GC) [PSYoungGen: 161640K->36934K(175104K)] 493246K->387009K(699392K), 0.0151539 secs] [Times: user=0.16 sys=0.00, real=0.01 secs] 
2016-09-24T00:34:17.330-0400: 226.062: [GC (GCLocker Initiated GC) [PSYoungGen: 124998K->43105K(175104K)] 481179K->399397K(699392K), 0.0060092 secs] [Times: user=0.08 sys=0.00, real=0.01 secs] 
2016-09-24T00:34:17.453-0400: 226.185: [GC (GCLocker Initiated GC) [PSYoungGen: 131169K->55383K(175104K)] 499929K->466804K(699392K), 0.0109672 secs] [Times: user=0.17 sys=0.00, real=0.02 secs] 
2016-09-24T00:34:17.627-0400: 226.359: [GC (GCLocker Initiated GC) [PSYoungGen: 143447K->61426K(175104K)] 561025K->479303K(699392K), 0.0088563 secs] [Times: user=0.10 sys=0.00, real=0.01 secs] 
2016-09-24T00:34:17.774-0400: 226.505: [GC (Allocation Failure) [PSYoungGen: 149490K->24684K(175104K)] 567856K->467625K(699392K), 0.0189007 secs] [Times: user=0.22 sys=0.00, real=0.02 secs] 
2016-09-24T00:34:17.896-0400: 226.627: [GC (GCLocker Initiated GC) [PSYoungGen: 111926K->55187K(175104K)] 560943K->522508K(699392K), 0.0187797 secs] [Times: user=0.21 sys=0.00, real=0.02 secs] 
2016-09-24T00:34:17.915-0400: 226.646: [Full GC (Ergonomics) [PSYoungGen: 55187K->0K(175104K)] [ParOldGen: 467321K->53940K(524288K)] 522508K->53940K(699392K), [Metaspace: 44555K->44555K(1087488K)], 0.0557010 secs] [Times: user=0.31 sys=0.01, real=0.05 secs] 
2016-09-24T00:34:18.058-0400: 226.789: [GC (GCLocker Initiated GC) [PSYoungGen: 88064K->86466K(175104K)] 142361K->158988K(699392K), 0.0101366 secs] [Times: user=0.10 sys=0.01, real=0.01 secs] 
2016-09-24T00:34:18.217-0400: 226.948: [GC (GCLocker Initiated GC) [PSYoungGen: 174530K->55255K(175104K)] 253269K->153319K(699392K), 0.0449114 secs] [Times: user=0.44 sys=0.00, real=0.04 secs] 
2016-09-24T00:34:18.373-0400: 227.104: [GC (GCLocker Initiated GC) [PSYoungGen: 143319K->85854K(175104K)] 241424K->238770K(699392K), 0.0121135 secs] [Times: user=0.13 sys=0.00, real=0.02 secs] 
2016-09-24T00:34:18.496-0400: 227.227: [GC (GCLocker Initiated GC) [PSYoungGen: 173918K->43333K(175104K)] 333058K->281583K(699392K), 0.0177891 secs] [Times: user=0.17 sys=0.00, real=0.01 secs] 
2016-09-24T00:34:18.629-0400: 227.360: [GC (GCLocker Initiated GC) [PSYoungGen: 131397K->73448K(175104K)] 369817K->330361K(699392K), 0.0086218 secs] [Times: user=0.08 sys=0.00, real=0.01 secs] 
2016-09-24T00:34:18.743-0400: 227.474: [GC (GCLocker Initiated GC) [PSYoungGen: 161512K->79783K(175104K)] 424654K->343200K(699392K), 0.0141454 secs] [Times: user=0.13 sys=0.00, real=0.01 secs] 
2016-09-24T00:34:18.885-0400: 227.616: [GC (Allocation Failure) [PSYoungGen: 167847K->67145K(175104K)] 431356K->379522K(699392K), 0.0286563 secs] [Times: user=0.30 sys=0.00, real=0.02 secs] 
2016-09-24T00:34:19.020-0400: 227.752: [GC (GCLocker Initiated GC) [PSYoungGen: 155209K->79683K(175104K)] 467586K->422547K(699392K), 0.0097942 secs] [Times: user=0.10 sys=0.00, real=0.01 secs] 
2016-09-24T00:34:19.175-0400: 227.907: [GC (GCLocker Initiated GC) [PSYoungGen: 167747K->55191K(175104K)] 510646K->434824K(699392K), 0.0222091 secs] [Times: user=0.25 sys=0.00, real=0.02 secs] 
2016-09-24T00:34:19.321-0400: 228.052: [GC (Allocation Failure) [PSYoungGen: 143255K->55223K(175104K)] 523125K->453422K(699392K), 0.0186874 secs] [Times: user=0.18 sys=0.00, real=0.02 secs] 
2016-09-24T00:34:19.467-0400: 228.199: [GC (GCLocker Initiated GC) [PSYoungGen: 143287K->85594K(175104K)] 541491K->483918K(699392K), 0.0089406 secs] [Times: user=0.10 sys=0.00, real=0.01 secs] 
2016-09-24T00:34:19.628-0400: 228.360: [GC (Allocation Failure) [PSYoungGen: 173658K->55451K(175104K)] 578367K->478529K(699392K), 0.0184482 secs] [Times: user=0.21 sys=0.01, real=0.02 secs] 
2016-09-24T00:34:19.728-0400: 228.460: [GC (GCLocker Initiated GC) [PSYoungGen: 143515K->85886K(175104K)] 566598K->533593K(699392K), 0.0126900 secs] [Times: user=0.16 sys=0.00, real=0.01 secs] 
2016-09-24T00:34:19.853-0400: 228.584: [GC (GCLocker Initiated GC) [PSYoungGen: 173950K->73640K(175104K)] 633933K->582350K(699392K), 0.0123573 secs] [Times: user=0.15 sys=0.00, real=0.02 secs] 
2016-09-24T00:34:19.865-0400: 228.597: [Full GC (Ergonomics) [PSYoungGen: 73640K->0K(175104K)] [ParOldGen: 508710K->54025K(524288K)] 582350K->54025K(699392K), [Metaspace: 44555K->44555K(1087488K)], 0.0564206 secs] [Times: user=0.38 sys=0.00, real=0.05 secs] 
2016-09-24T00:34:20.031-0400: 228.762: [GC (GCLocker Initiated GC) [PSYoungGen: 88064K->86466K(175104K)] 154287K->158764K(699392K), 0.0251750 secs] [Times: user=0.32 sys=0.00, real=0.03 secs] 
2016-09-24T00:34:20.165-0400: 228.896: [GC (Allocation Failure) [PSYoungGen: 174530K->73836K(175104K)] 252973K->189916K(699392K), 0.0097008 secs] [Times: user=0.13 sys=0.00, real=0.01 secs] 
2016-09-24T00:34:20.276-0400: 229.008: [GC (GCLocker Initiated GC) [PSYoungGen: 158010K->73868K(175104K)] 280166K->263336K(699392K), 0.0146614 secs] [Times: user=0.22 sys=0.01, real=0.01 secs] 
2016-09-24T00:34:20.418-0400: 229.149: [GC (GCLocker Initiated GC) [PSYoungGen: 161932K->73676K(175104K)] 357836K->269856K(699392K), 0.0177489 secs] [Times: user=0.16 sys=0.01, real=0.02 secs] 
2016-09-24T00:34:20.561-0400: 229.293: [GC (Allocation Failure) [PSYoungGen: 161740K->55191K(175104K)] 357984K->269919K(699392K), 0.0179142 secs] [Times: user=0.19 sys=0.00, real=0.02 secs] 
2016-09-24T00:34:20.669-0400: 229.400: [GC (GCLocker Initiated GC) [PSYoungGen: 143255K->67565K(175104K)] 357989K->324952K(699392K), 0.0165125 secs] [Times: user=0.19 sys=0.00, real=0.02 secs] 
2016-09-24T00:34:20.809-0400: 229.540: [GC (GCLocker Initiated GC) [PSYoungGen: 155629K->79491K(175104K)] 413051K->355397K(699392K), 0.0104382 secs] [Times: user=0.09 sys=0.00, real=0.01 secs] 
2016-09-24T00:34:20.928-0400: 229.659: [GC (GCLocker Initiated GC) [PSYoungGen: 167555K->55191K(175104K)] 443542K->367880K(699392K), 0.0236525 secs] [Times: user=0.22 sys=0.00, real=0.02 secs] 
2016-09-24T00:34:21.051-0400: 229.782: [GC (GCLocker Initiated GC) [PSYoungGen: 143255K->85922K(175104K)] 456003K->453448K(699392K), 0.0127268 secs] [Times: user=0.12 sys=0.01, real=0.02 secs] 
2016-09-24T00:34:21.208-0400: 229.939: [GC (GCLocker Initiated GC) [PSYoungGen: 173986K->48984K(175104K)] 541604K->477799K(699392K), 0.0103308 secs] [Times: user=0.09 sys=0.00, real=0.01 secs] 
2016-09-24T00:34:21.316-0400: 230.047: [GC (GCLocker Initiated GC) [PSYoungGen: 137048K->85594K(175104K)] 565911K->538901K(699392K), 0.0219891 secs] [Times: user=0.25 sys=0.00, real=0.02 secs] 
2016-09-24T00:34:21.338-0400: 230.069: [Full GC (Ergonomics) [PSYoungGen: 85594K->0K(175104K)] [ParOldGen: 453306K->54221K(524288K)] 538901K->54221K(699392K), [Metaspace: 44555K->44555K(1087488K)], 0.0609850 secs] [Times: user=0.48 sys=0.01, real=0.06 secs] 
2016-09-24T00:34:21.506-0400: 230.237: [GC (GCLocker Initiated GC) [PSYoungGen: 88064K->86662K(175104K)] 154484K->183457K(699392K), 0.0119503 secs] [Times: user=0.18 sys=0.01, real=0.01 secs] 
2016-09-24T00:34:21.631-0400: 230.363: [GC (Allocation Failure) [PSYoungGen: 174726K->85954K(175104K)] 271781K->214359K(699392K), 0.0107393 secs] [Times: user=0.11 sys=0.00, real=0.01 secs] 
2016-09-24T00:34:21.778-0400: 230.510: [GC (GCLocker Initiated GC) [PSYoungGen: 174018K->24848K(175104K)] 302679K->190071K(699392K), 0.0092183 secs] [Times: user=0.07 sys=0.00, real=0.01 secs] 
2016-09-24T00:34:21.893-0400: 230.624: [GC (GCLocker Initiated GC) [PSYoungGen: 112912K->85854K(175104K)] 278234K->269513K(699392K), 0.0093051 secs] [Times: user=0.11 sys=0.00, real=0.02 secs] 
2016-09-24T00:34:22.016-0400: 230.748: [GC (Allocation Failure) [PSYoungGen: 173918K->85986K(175104K)] 363682K->348966K(699392K), 0.0126940 secs] [Times: user=0.22 sys=0.00, real=0.01 secs] 
2016-09-24T00:34:22.144-0400: 230.875: [GC (GCLocker Initiated GC) [PSYoungGen: 174050K->55123K(175104K)] 437035K->354858K(699392K), 0.0090674 secs] [Times: user=0.10 sys=0.00, real=0.00 secs] 
2016-09-24T00:34:22.271-0400: 231.002: [GC (GCLocker Initiated GC) [PSYoungGen: 143187K->73772K(175104K)] 443137K->392066K(699392K), 0.0191698 secs] [Times: user=0.21 sys=0.00, real=0.02 secs] 
2016-09-24T00:34:22.420-0400: 231.151: [GC (GCLocker Initiated GC) [PSYoungGen: 161836K->55547K(175104K)] 492636K->405175K(699392K), 0.0133107 secs] [Times: user=0.17 sys=0.00, real=0.01 secs] 
2016-09-24T00:34:22.572-0400: 231.303: [GC (GCLocker Initiated GC) [PSYoungGen: 143611K->55187K(175104K)] 499363K->411238K(699392K), 0.0090776 secs] [Times: user=0.09 sys=0.00, real=0.01 secs] 
2016-09-24T00:34:22.692-0400: 231.423: [GC (GCLocker Initiated GC) [PSYoungGen: 143251K->61426K(175104K)] 505496K->472399K(699392K), 0.0174418 secs] [Times: user=0.20 sys=0.00, real=0.02 secs] 
2016-09-24T00:34:22.844-0400: 231.575: [GC (GCLocker Initiated GC) [PSYoungGen: 149490K->61266K(175104K)] 566592K->496861K(699392K), 0.0082467 secs] [Times: user=0.08 sys=0.00, real=0.00 secs] 
2016-09-24T00:34:22.963-0400: 231.694: [GC (GCLocker Initiated GC) [PSYoungGen: 149330K->49344K(175104K)] 585129K->539937K(699392K), 0.0188440 secs] [Times: user=0.19 sys=0.00, real=0.01 secs] 
2016-09-24T00:34:22.982-0400: 231.713: [Full GC (Ergonomics) [PSYoungGen: 49344K->0K(175104K)] [ParOldGen: 490593K->48300K(524288K)] 539937K->48300K(699392K), [Metaspace: 44555K->44555K(1087488K)], 0.0552523 secs] [Times: user=0.26 sys=0.01, real=0.06 secs] 
2016-09-24T00:34:23.147-0400: 231.879: [GC (GCLocker Initiated GC) [PSYoungGen: 88064K->86018K(175104K)] 136485K->140514K(699392K), 0.0081767 secs] [Times: user=0.09 sys=0.01, real=0.01 secs] 
2016-09-24T00:34:23.300-0400: 232.032: [GC (GCLocker Initiated GC) [PSYoungGen: 174082K->73672K(175104K)] 228810K->183367K(699392K), 0.0136360 secs] [Times: user=0.18 sys=0.00, real=0.01 secs] 
2016-09-24T00:34:23.413-0400: 232.145: [GC (GCLocker Initiated GC) [PSYoungGen: 161736K->85726K(175104K)] 271484K->195749K(699392K), 0.0098922 secs] [Times: user=0.07 sys=0.00, real=0.02 secs] 
2016-09-24T00:34:23.573-0400: 232.304: [GC (Allocation Failure) [PSYoungGen: 173790K->61230K(175104K)] 289947K->220188K(699392K), 0.0146469 secs] [Times: user=0.15 sys=0.00, real=0.02 secs] 
2016-09-24T00:34:23.687-0400: 232.419: [GC (GCLocker Initiated GC) [PSYoungGen: 148178K->61358K(175104K)] 313211K->269083K(699392K), 0.0098249 secs] [Times: user=0.13 sys=0.00, real=0.01 secs] 
2016-09-24T00:34:23.823-0400: 232.555: [GC (GCLocker Initiated GC) [PSYoungGen: 149422K->73544K(175104K)] 357201K->299644K(699392K), 0.0241777 secs] [Times: user=0.27 sys=0.00, real=0.02 secs] 
2016-09-24T00:34:23.949-0400: 232.680: [GC (GCLocker Initiated GC) [PSYoungGen: 161608K->79651K(175104K)] 387851K->330493K(699392K), 0.0302507 secs] [Times: user=0.37 sys=0.01, real=0.03 secs] 
2016-09-24T00:34:24.069-0400: 232.801: [GC (GCLocker Initiated GC) [PSYoungGen: 167715K->85854K(175104K)] 418841K->422345K(699392K), 0.0140995 secs] [Times: user=0.23 sys=0.00, real=0.02 secs] 
2016-09-24T00:34:24.212-0400: 232.943: [GC (Allocation Failure) [PSYoungGen: 173918K->73772K(175104K)] 516845K->416983K(699392K), 0.0079119 secs] [Times: user=0.07 sys=0.01, real=0.01 secs] 
2016-09-24T00:34:24.220-0400: 232.951: [GC (GCLocker Initiated GC) [PSYoungGen: 73783K->96K(175104K)] 416995K->416717K(699392K), 0.0123885 secs] [Times: user=0.07 sys=0.00, real=0.01 secs] 
2016-09-24T00:34:24.344-0400: 233.075: [GC (GCLocker Initiated GC) [PSYoungGen: 88160K->85726K(175104K)] 504782K->514498K(699392K), 0.0256595 secs] [Times: user=0.29 sys=0.01, real=0.02 secs] 
2016-09-24T00:34:24.370-0400: 233.101: [Full GC (Ergonomics) [PSYoungGen: 85726K->0K(175104K)] [ParOldGen: 428772K->54427K(524288K)] 514498K->54427K(699392K), [Metaspace: 44558K->44558K(1087488K)], 0.0544980 secs] [Times: user=0.35 sys=0.01, real=0.06 secs] 
2016-09-24T00:34:24.532-0400: 233.264: [GC (GCLocker Initiated GC) [PSYoungGen: 88064K->86538K(175104K)] 148922K->153471K(699392K), 0.0088501 secs] [Times: user=0.12 sys=0.00, real=0.01 secs] 
2016-09-24T00:34:24.657-0400: 233.388: [GC (GCLocker Initiated GC) [PSYoungGen: 174602K->67957K(175104K)] 253777K->184325K(699392K), 0.0101092 secs] [Times: user=0.14 sys=0.01, real=0.01 secs] 
2016-09-24T00:34:24.782-0400: 233.513: [GC (GCLocker Initiated GC) [PSYoungGen: 156021K->31542K(175104K)] 278665K->190748K(699392K), 0.0088758 secs] [Times: user=0.09 sys=0.00, real=0.01 secs] 
2016-09-24T00:34:24.893-0400: 233.624: [GC (GCLocker Initiated GC) [PSYoungGen: 119606K->55743K(175104K)] 285147K->221606K(699392K), 0.0079988 secs] [Times: user=0.09 sys=0.00, real=0.01 secs] 
2016-09-24T00:34:25.017-0400: 233.748: [GC (GCLocker Initiated GC) [PSYoungGen: 143807K->73676K(175104K)] 309813K->239777K(699392K), 0.0095759 secs] [Times: user=0.09 sys=0.00, real=0.01 secs] 
2016-09-24T00:34:25.145-0400: 233.876: [GC (Allocation Failure) [PSYoungGen: 161740K->37126K(175104K)] 334390K->228456K(699392K), 0.0083827 secs] [Times: user=0.09 sys=0.00, real=0.00 secs] 
2016-09-24T00:34:25.270-0400: 234.001: [GC (GCLocker Initiated GC) [PSYoungGen: 125190K->61234K(175104K)] 322595K->258898K(699392K), 0.0196689 secs] [Times: user=0.21 sys=0.00, real=0.02 secs] 
2016-09-24T00:34:25.419-0400: 234.150: [GC (GCLocker Initiated GC) [PSYoungGen: 149298K->61590K(175104K)] 353275K->277828K(699392K), 0.0127425 secs] [Times: user=0.13 sys=0.00, real=0.01 secs] 
2016-09-24T00:34:25.551-0400: 234.283: [GC (GCLocker Initiated GC) [PSYoungGen: 149654K->61458K(175104K)] 372121K->302622K(699392K), 0.0103246 secs] [Times: user=0.12 sys=0.00, real=0.01 secs] 
2016-09-24T00:34:25.665-0400: 234.396: [GC (GCLocker Initiated GC) [PSYoungGen: 149522K->85790K(175104K)] 390739K->381802K(699392K), 0.0150080 secs] [Times: user=0.17 sys=0.00, real=0.01 secs] 
2016-09-24T00:34:25.804-0400: 234.536: [GC (GCLocker Initiated GC) [PSYoungGen: 173854K->43429K(175104K)] 475983K->394449K(699392K), 0.0252924 secs] [Times: user=0.28 sys=0.00, real=0.02 secs] 
2016-09-24T00:34:25.937-0400: 234.668: [GC (GCLocker Initiated GC) [PSYoungGen: 131493K->73676K(175104K)] 488798K->473790K(699392K), 0.0109853 secs] [Times: user=0.10 sys=0.01, real=0.01 secs] 
2016-09-24T00:34:26.071-0400: 234.802: [GC (GCLocker Initiated GC) [PSYoungGen: 161740K->49340K(175104K)] 562080K->486422K(699392K), 0.0113778 secs] [Times: user=0.11 sys=0.00, real=0.01 secs] 
2016-09-24T00:34:26.204-0400: 234.936: [GC (GCLocker Initiated GC) [PSYoungGen: 137404K->73740K(175104K)] 580697K->517309K(699392K), 0.0106847 secs] [Times: user=0.10 sys=0.01, real=0.01 secs] 
2016-09-24T00:34:26.331-0400: 235.062: [GC (GCLocker Initiated GC) [PSYoungGen: 161804K->49084K(175104K)] 605700K->511465K(699392K), 0.0219859 secs] [Times: user=0.20 sys=0.00, real=0.02 secs] 
2016-09-24T00:34:26.353-0400: 235.084: [Full GC (Ergonomics) [PSYoungGen: 49084K->0K(175104K)] [ParOldGen: 462381K->54475K(524288K)] 511465K->54475K(699392K), [Metaspace: 44559K->44559K(1087488K)], 0.0612138 secs] [Times: user=0.39 sys=0.02, real=0.06 secs] 
2016-09-24T00:34:26.528-0400: 235.259: [GC (GCLocker Initiated GC) [PSYoungGen: 88064K->86054K(175104K)] 142738K->140728K(699392K), 0.0234470 secs] [Times: user=0.27 sys=0.00, real=0.02 secs] 
2016-09-24T00:34:26.668-0400: 235.400: [GC (GCLocker Initiated GC) [PSYoungGen: 174118K->55191K(175104K)] 235216K->153351K(699392K), 0.0100639 secs] [Times: user=0.10 sys=0.00, real=0.01 secs] 
2016-09-24T00:34:26.797-0400: 235.529: [GC (GCLocker Initiated GC) [PSYoungGen: 143255K->73772K(175104K)] 241490K->172134K(699392K), 0.0086252 secs] [Times: user=0.10 sys=0.00, real=0.01 secs] 
2016-09-24T00:34:26.905-0400: 235.637: [GC (GCLocker Initiated GC) [PSYoungGen: 161836K->73836K(175104K)] 260520K->209449K(699392K), 0.0097785 secs] [Times: user=0.11 sys=0.01, real=0.01 secs] 
2016-09-24T00:34:27.021-0400: 235.752: [GC (GCLocker Initiated GC) [PSYoungGen: 161900K->79683K(175104K)] 297583K->227800K(699392K), 0.0099600 secs] [Times: user=0.08 sys=0.00, real=0.01 secs] 
2016-09-24T00:34:27.137-0400: 235.869: [GC (GCLocker Initiated GC) [PSYoungGen: 167747K->67601K(175104K)] 316225K->234407K(699392K), 0.0124768 secs] [Times: user=0.14 sys=0.01, real=0.01 secs] 
2016-09-24T00:34:27.284-0400: 236.015: [GC (GCLocker Initiated GC) [PSYoungGen: 155665K->49048K(175104K)] 322524K->252813K(699392K), 0.0331993 secs] [Times: user=0.34 sys=0.01, real=0.03 secs] 
2016-09-24T00:34:27.423-0400: 236.154: [GC (GCLocker Initiated GC) [PSYoungGen: 137112K->67501K(175104K)] 341226K->308169K(699392K), 0.0101445 secs] [Times: user=0.10 sys=0.00, real=0.00 secs] 
2016-09-24T00:34:27.577-0400: 236.308: [GC (GCLocker Initiated GC) [PSYoungGen: 155565K->24556K(175104K)] 402461K->289921K(699392K), 0.0197968 secs] [Times: user=0.18 sys=0.00, real=0.02 secs] 
2016-09-24T00:34:27.703-0400: 236.435: [GC (GCLocker Initiated GC) [PSYoungGen: 112620K->61494K(175104K)] 378071K->345258K(699392K), 0.0361221 secs] [Times: user=0.38 sys=0.00, real=0.03 secs] 
2016-09-24T00:34:27.851-0400: 236.583: [GC (GCLocker Initiated GC) [PSYoungGen: 149555K->24848K(175104K)] 445814K->369981K(699392K), 0.0148456 secs] [Times: user=0.13 sys=0.01, real=0.02 secs] 
2016-09-24T00:34:27.987-0400: 236.718: [GC (Allocation Failure) [PSYoungGen: 112912K->73544K(175104K)] 458367K->419275K(699392K), 0.0226581 secs] [Times: user=0.24 sys=0.00, real=0.02 secs] 
2016-09-24T00:34:28.111-0400: 236.842: [GC (GCLocker Initiated GC) [PSYoungGen: 158842K->18741K(175104K)] 510648K->407248K(699392K), 0.0090923 secs] [Times: user=0.06 sys=0.00, real=0.01 secs] 
2016-09-24T00:34:28.238-0400: 236.970: [GC (GCLocker Initiated GC) [PSYoungGen: 106805K->85890K(175104K)] 495510K->480798K(699392K), 0.0102749 secs] [Times: user=0.12 sys=0.01, real=0.01 secs] 
2016-09-24T00:34:28.374-0400: 237.105: [GC (Allocation Failure) [PSYoungGen: 173954K->49116K(175104K)] 575001K->468656K(699392K), 0.0092923 secs] [Times: user=0.06 sys=0.00, real=0.02 secs] 
2016-09-24T00:34:28.490-0400: 237.222: [GC (GCLocker Initiated GC) [PSYoungGen: 137180K->36998K(175104K)] 556720K->511481K(699392K), 0.0115577 secs] [Times: user=0.11 sys=0.00, real=0.01 secs] 
2016-09-24T00:34:28.502-0400: 237.233: [Full GC (Ergonomics) [PSYoungGen: 36998K->0K(175104K)] [ParOldGen: 474482K->54744K(524288K)] 511481K->54744K(699392K), [Metaspace: 44559K->44559K(1087488K)], 0.0561970 secs] [Times: user=0.30 sys=0.00, real=0.06 secs] 
2016-09-24T00:34:28.679-0400: 237.410: [GC (GCLocker Initiated GC) [PSYoungGen: 88064K->74096K(175104K)] 149244K->135276K(699392K), 0.0238604 secs] [Times: user=0.29 sys=0.00, real=0.03 secs] 
2016-09-24T00:34:28.844-0400: 237.576: [GC (GCLocker Initiated GC) [PSYoungGen: 162160K->19160K(175104K)] 229777K->142329K(699392K), 0.0173777 secs] [Times: user=0.22 sys=0.00, real=0.01 secs] 
2016-09-24T00:34:28.954-0400: 237.685: [GC (GCLocker Initiated GC) [PSYoungGen: 107224K->73644K(175104K)] 230452K->197170K(699392K), 0.0182429 secs] [Times: user=0.18 sys=0.00, real=0.02 secs] 
2016-09-24T00:34:29.080-0400: 237.812: [GC (GCLocker Initiated GC) [PSYoungGen: 161708K->73640K(175104K)] 285382K->234056K(699392K), 0.0142709 secs] [Times: user=0.17 sys=0.00, real=0.02 secs] 
2016-09-24T00:34:29.227-0400: 237.959: [GC (Allocation Failure) [PSYoungGen: 161704K->49667K(175104K)] 328544K->253258K(699392K), 0.0097253 secs] [Times: user=0.09 sys=0.00, real=0.01 secs] 
2016-09-24T00:34:29.345-0400: 238.077: [GC (GCLocker Initiated GC) [PSYoungGen: 135528K->37649K(175104K)] 345193K->247762K(699392K), 0.0306937 secs] [Times: user=0.31 sys=0.00, real=0.03 secs] 
2016-09-24T00:34:29.493-0400: 238.225: [GC (GCLocker Initiated GC) [PSYoungGen: 125713K->55415K(175104K)] 341965K->290190K(699392K), 0.0123813 secs] [Times: user=0.17 sys=0.00, real=0.02 secs] 
2016-09-24T00:34:29.650-0400: 238.382: [GC (Allocation Failure) [PSYoungGen: 143479K->73380K(175104K)] 378525K->308530K(699392K), 0.0089789 secs] [Times: user=0.11 sys=0.01, real=0.01 secs] 
2016-09-24T00:34:29.776-0400: 238.507: [GC (GCLocker Initiated GC) [PSYoungGen: 155672K->55219K(175104K)] 396898K->345196K(699392K), 0.0329367 secs] [Times: user=0.44 sys=0.00, real=0.03 secs] 
2016-09-24T00:34:29.920-0400: 238.651: [GC (GCLocker Initiated GC) [PSYoungGen: 143283K->73772K(175104K)] 439528K->370152K(699392K), 0.0111359 secs] [Times: user=0.12 sys=0.00, real=0.01 secs] 
2016-09-24T00:34:30.047-0400: 238.778: [GC (GCLocker Initiated GC) [PSYoungGen: 161836K->79519K(175104K)] 464339K->400523K(699392K), 0.0094157 secs] [Times: user=0.11 sys=0.00, real=0.01 secs] 
2016-09-24T00:34:30.164-0400: 238.896: [GC (GCLocker Initiated GC) [PSYoungGen: 167583K->85694K(175104K)] 494715K->437262K(699392K), 0.0098157 secs] [Times: user=0.12 sys=0.00, real=0.01 secs] 
2016-09-24T00:34:30.277-0400: 239.008: [GC (GCLocker Initiated GC) [PSYoungGen: 173758K->67697K(175104K)] 525373K->468220K(699392K), 0.0116813 secs] [Times: user=0.12 sys=0.00, real=0.01 secs] 
2016-09-24T00:34:30.430-0400: 239.161: [GC (GCLocker Initiated GC) [PSYoungGen: 155761K->55743K(175104K)] 568581K->492967K(699392K), 0.0135583 secs] [Times: user=0.16 sys=0.00, real=0.02 secs] 
2016-09-24T00:34:30.569-0400: 239.301: [GC (GCLocker Initiated GC) [PSYoungGen: 143807K->67437K(175104K)] 587154K->511051K(699392K), 0.0117241 secs] [Times: user=0.12 sys=0.00, real=0.01 secs] 
2016-09-24T00:34:30.684-0400: 239.416: [GC (Allocation Failure) [PSYoungGen: 155501K->61558K(175104K)] 599470K->535998K(699392K), 0.0109707 secs] [Times: user=0.10 sys=0.00, real=0.01 secs] 
2016-09-24T00:34:30.695-0400: 239.427: [Full GC (Ergonomics) [PSYoungGen: 61558K->0K(175104K)] [ParOldGen: 474440K->54964K(524288K)] 535998K->54964K(699392K), [Metaspace: 44560K->44560K(1087488K)], 0.0664591 secs] [Times: user=0.45 sys=0.00, real=0.06 secs] 
2016-09-24T00:34:30.875-0400: 239.606: [GC (GCLocker Initiated GC) [PSYoungGen: 83922K->73804K(175104K)] 144962K->134843K(699392K), 0.0326930 secs] [Times: user=0.36 sys=0.00, real=0.03 secs] 
2016-09-24T00:34:31.037-0400: 239.769: [GC (GCLocker Initiated GC) [PSYoungGen: 161868K->61394K(175104K)] 223005K->147278K(699392K), 0.0137792 secs] [Times: user=0.18 sys=0.00, real=0.01 secs] 
2016-09-24T00:34:31.162-0400: 239.894: [GC (Allocation Failure) [PSYoungGen: 149458K->79587K(175104K)] 235406K->165819K(699392K), 0.0147099 secs] [Times: user=0.17 sys=0.00, real=0.01 secs] 
2016-09-24T00:34:31.281-0400: 240.013: [GC (GCLocker Initiated GC) [PSYoungGen: 166290K->49244K(175104K)] 258597K->178268K(699392K), 0.0173742 secs] [Times: user=0.17 sys=0.00, real=0.02 secs] 
2016-09-24T00:34:31.418-0400: 240.149: [GC (GCLocker Initiated GC) [PSYoungGen: 137308K->55383K(175104K)] 272645K->190972K(699392K), 0.0150432 secs] [Times: user=0.14 sys=0.00, real=0.01 secs] 
2016-09-24T00:34:31.545-0400: 240.276: [GC (GCLocker Initiated GC) [PSYoungGen: 143447K->73448K(175104K)] 279322K->264290K(699392K), 0.0326005 secs] [Times: user=0.35 sys=0.01, real=0.03 secs] 
2016-09-24T00:34:31.684-0400: 240.415: [GC (GCLocker Initiated GC) [PSYoungGen: 161512K->73672K(175104K)] 353193K->350883K(699392K), 0.0122146 secs] [Times: user=0.14 sys=0.00, real=0.01 secs] 
2016-09-24T00:34:31.816-0400: 240.548: [GC (GCLocker Initiated GC) [PSYoungGen: 161736K->67305K(175104K)] 445231K->375408K(699392K), 0.0091673 secs] [Times: user=0.09 sys=0.00, real=0.01 secs] 
2016-09-24T00:34:31.946-0400: 240.678: [GC (GCLocker Initiated GC) [PSYoungGen: 155369K->55515K(175104K)] 469683K->400348K(699392K), 0.0156739 secs] [Times: user=0.16 sys=0.00, real=0.02 secs] 
2016-09-24T00:34:32.093-0400: 240.824: [GC (GCLocker Initiated GC) [PSYoungGen: 143579K->36998K(175104K)] 500772K->412691K(699392K), 0.0113651 secs] [Times: user=0.10 sys=0.00, real=0.02 secs] 
2016-09-24T00:34:32.232-0400: 240.963: [GC (GCLocker Initiated GC) [PSYoungGen: 125062K->49344K(175104K)] 500998K->449832K(699392K), 0.0234389 secs] [Times: user=0.21 sys=0.00, real=0.03 secs] 
2016-09-24T00:34:32.375-0400: 241.106: [GC (GCLocker Initiated GC) [PSYoungGen: 137408K->49084K(175104K)] 538162K->480644K(699392K), 0.0366684 secs] [Times: user=0.38 sys=0.01, real=0.03 secs] 
2016-09-24T00:34:32.505-0400: 241.237: [GC (GCLocker Initiated GC) [PSYoungGen: 137148K->73608K(175104K)] 568722K->529789K(699392K), 0.0154221 secs] [Times: user=0.19 sys=0.00, real=0.01 secs] 
2016-09-24T00:34:32.655-0400: 241.387: [Full GC (Ergonomics) [PSYoungGen: 161672K->0K(175104K)] [ParOldGen: 462281K->48896K(524288K)] 623953K->48896K(699392K), [Metaspace: 44561K->44561K(1087488K)], 0.0677917 secs] [Times: user=0.42 sys=0.01, real=0.07 secs] 
2016-09-24T00:34:32.847-0400: 241.578: [GC (GCLocker Initiated GC) [PSYoungGen: 88064K->79939K(175104K)] 149308K->141184K(699392K), 0.0107025 secs] [Times: user=0.13 sys=0.01, real=0.01 secs] 
2016-09-24T00:34:32.956-0400: 241.688: [GC (GCLocker Initiated GC) [PSYoungGen: 168003K->85626K(175104K)] 229564K->190308K(699392K), 0.0219807 secs] [Times: user=0.28 sys=0.01, real=0.02 secs] 
2016-09-24T00:34:33.081-0400: 241.813: [GC (GCLocker Initiated GC) [PSYoungGen: 173690K->86086K(175104K)] 278733K->203406K(699392K), 0.0122811 secs] [Times: user=0.12 sys=0.00, real=0.01 secs] 
2016-09-24T00:34:33.213-0400: 241.944: [GC (Allocation Failure) [PSYoungGen: 174150K->61298K(175104K)] 291562K->185216K(699392K), 0.0245217 secs] [Times: user=0.20 sys=0.00, real=0.03 secs] 
2016-09-24T00:34:33.358-0400: 242.090: [GC (GCLocker Initiated GC) [PSYoungGen: 148554K->43233K(175104K)] 278547K->221938K(699392K), 0.0092229 secs] [Times: user=0.09 sys=0.00, real=0.01 secs] 
2016-09-24T00:34:33.496-0400: 242.227: [GC (GCLocker Initiated GC) [PSYoungGen: 131297K->73608K(175104K)] 316181K->258791K(699392K), 0.0113547 secs] [Times: user=0.14 sys=0.00, real=0.01 secs] 
2016-09-24T00:34:33.628-0400: 242.359: [GC (GCLocker Initiated GC) [PSYoungGen: 161672K->73868K(175104K)] 353224K->308253K(699392K), 0.0113107 secs] [Times: user=0.16 sys=0.01, real=0.01 secs] 
2016-09-24T00:34:33.768-0400: 242.500: [GC (GCLocker Initiated GC) [PSYoungGen: 161932K->67501K(175104K)] 402435K->326528K(699392K), 0.0099525 secs] [Times: user=0.13 sys=0.00, real=0.01 secs] 
2016-09-24T00:34:33.881-0400: 242.613: [GC (GCLocker Initiated GC) [PSYoungGen: 155565K->85790K(175104K)] 414724K->418000K(699392K), 0.0150738 secs] [Times: user=0.18 sys=0.01, real=0.02 secs] 
2016-09-24T00:34:34.019-0400: 242.751: [GC (GCLocker Initiated GC) [PSYoungGen: 173854K->55287K(175104K)] 506112K->424262K(699392K), 0.0109519 secs] [Times: user=0.10 sys=0.00, real=0.01 secs] 
2016-09-24T00:34:34.121-0400: 242.852: [GC (GCLocker Initiated GC) [PSYoungGen: 143351K->55223K(175104K)] 512464K->461053K(699392K), 0.0272579 secs] [Times: user=0.32 sys=0.00, real=0.03 secs] 
2016-09-24T00:34:34.269-0400: 243.001: [GC (Allocation Failure) [PSYoungGen: 143287K->61426K(175104K)] 549237K->534501K(699392K), 0.0310071 secs] [Times: user=0.42 sys=0.00, real=0.03 secs] 
2016-09-24T00:34:34.300-0400: 243.032: [Full GC (Ergonomics) [PSYoungGen: 61426K->0K(175104K)] [ParOldGen: 473075K->49319K(524288K)] 534501K->49319K(699392K), [Metaspace: 44562K->44562K(1087488K)], 0.0641353 secs] [Times: user=0.42 sys=0.01, real=0.07 secs] 
2016-09-24T00:34:34.464-0400: 243.195: [GC (GCLocker Initiated GC) [PSYoungGen: 88064K->85854K(175104K)] 137388K->177704K(699392K), 0.0128982 secs] [Times: user=0.20 sys=0.00, real=0.01 secs] 
2016-09-24T00:34:34.586-0400: 243.317: [GC (GCLocker Initiated GC) [PSYoungGen: 173918K->43301K(175104K)] 265781K->190138K(699392K), 0.0099698 secs] [Times: user=0.09 sys=0.01, real=0.01 secs] 
2016-09-24T00:34:34.693-0400: 243.424: [GC (Allocation Failure) [PSYoungGen: 131365K->55255K(175104K)] 278484K->220867K(699392K), 0.0191553 secs] [Times: user=0.19 sys=0.00, real=0.02 secs] 
2016-09-24T00:34:34.838-0400: 243.570: [GC (GCLocker Initiated GC) [PSYoungGen: 143319K->43009K(175104K)] 308932K->233157K(699392K), 0.0111070 secs] [Times: user=0.07 sys=0.00, real=0.01 secs] 
2016-09-24T00:34:34.978-0400: 243.709: [GC (GCLocker Initiated GC) [PSYoungGen: 131073K->73708K(175104K)] 327618K->270389K(699392K), 0.0142488 secs] [Times: user=0.18 sys=0.00, real=0.01 secs] 
2016-09-24T00:34:35.123-0400: 243.854: [GC (Allocation Failure) [PSYoungGen: 161772K->55547K(175104K)] 364709K->276992K(699392K), 0.0100731 secs] [Times: user=0.14 sys=0.00, real=0.00 secs] 
2016-09-24T00:34:35.252-0400: 243.984: [GC (GCLocker Initiated GC) [PSYoungGen: 138162K->55479K(175104K)] 365682K->301532K(699392K), 0.0073725 secs] [Times: user=0.11 sys=0.00, real=0.01 secs] 
2016-09-24T00:34:35.354-0400: 244.085: [GC (GCLocker Initiated GC) [PSYoungGen: 143543K->55447K(175104K)] 389630K->301825K(699392K), 0.0103786 secs] [Times: user=0.13 sys=0.00, real=0.02 secs] 
2016-09-24T00:34:35.490-0400: 244.221: [GC (GCLocker Initiated GC) [PSYoungGen: 143511K->85922K(175104K)] 389943K->369087K(699392K), 0.0174065 secs] [Times: user=0.19 sys=0.01, real=0.02 secs] 
2016-09-24T00:34:35.615-0400: 244.347: [GC (GCLocker Initiated GC) [PSYoungGen: 173986K->85662K(175104K)] 457423K->387769K(699392K), 0.0273242 secs] [Times: user=0.32 sys=0.00, real=0.03 secs] 
2016-09-24T00:34:35.756-0400: 244.488: [GC (GCLocker Initiated GC) [PSYoungGen: 173726K->67597K(175104K)] 476200K->425085K(699392K), 0.0109369 secs] [Times: user=0.14 sys=0.01, real=0.01 secs] 
2016-09-24T00:34:35.898-0400: 244.630: [GC (GCLocker Initiated GC) [PSYoungGen: 155661K->49408K(175104K)] 513165K->455795K(699392K), 0.0176415 secs] [Times: user=0.19 sys=0.00, real=0.02 secs] 
2016-09-24T00:34:36.037-0400: 244.768: [GC (Allocation Failure) [PSYoungGen: 137472K->85826K(175104K)] 550155K->504875K(699392K), 0.0231768 secs] [Times: user=0.26 sys=0.00, real=0.02 secs] 
2016-09-24T00:34:36.170-0400: 244.901: [GC (GCLocker Initiated GC) [PSYoungGen: 173890K->55415K(175104K)] 592945K->511244K(699392K), 0.0117875 secs] [Times: user=0.17 sys=0.00, real=0.01 secs] 
2016-09-24T00:34:36.182-0400: 244.913: [Full GC (Ergonomics) [PSYoungGen: 55415K->0K(175104K)] [ParOldGen: 455828K->43086K(524288K)] 511244K->43086K(699392K), [Metaspace: 44563K->44563K(1087488K)], 0.0564960 secs] [Times: user=0.42 sys=0.01, real=0.06 secs] 
2016-09-24T00:34:36.335-0400: 245.066: [GC (GCLocker Initiated GC) [PSYoungGen: 88064K->74747K(175104K)] 137581K->124265K(699392K), 0.0086677 secs] [Times: user=0.12 sys=0.00, real=0.01 secs] 
2016-09-24T00:34:36.449-0400: 245.180: [GC (Allocation Failure) [PSYoungGen: 162811K->73704K(175104K)] 218585K->166998K(699392K), 0.0125222 secs] [Times: user=0.19 sys=0.01, real=0.01 secs] 
2016-09-24T00:34:36.580-0400: 245.311: [GC (GCLocker Initiated GC) [PSYoungGen: 161768K->73872K(175104K)] 255068K->167456K(699392K), 0.0085549 secs] [Times: user=0.09 sys=0.00, real=0.01 secs] 
2016-09-24T00:34:36.709-0400: 245.441: [GC (GCLocker Initiated GC) [PSYoungGen: 161936K->67405K(175104K)] 255668K->179826K(699392K), 0.0081404 secs] [Times: user=0.09 sys=0.00, real=0.01 secs] 
2016-09-24T00:34:36.854-0400: 245.586: [GC (GCLocker Initiated GC) [PSYoungGen: 155469K->85690K(175104K)] 274163K->247201K(699392K), 0.0172639 secs] [Times: user=0.20 sys=0.01, real=0.01 secs] 
2016-09-24T00:34:36.983-0400: 245.715: [GC (Allocation Failure) [PSYoungGen: 173754K->67597K(175104K)] 335290K->277908K(699392K), 0.0126125 secs] [Times: user=0.21 sys=0.00, real=0.01 secs] 
2016-09-24T00:34:37.096-0400: 245.827: [GC (GCLocker Initiated GC) [PSYoungGen: 155661K->74228K(175104K)] 372047K->327380K(699392K), 0.0112824 secs] [Times: user=0.18 sys=0.00, real=0.01 secs] 
2016-09-24T00:34:37.251-0400: 245.982: [GC (GCLocker Initiated GC) [PSYoungGen: 162292K->74064K(175104K)] 415726K->346054K(699392K), 0.0105380 secs] [Times: user=0.15 sys=0.00, real=0.01 secs] 
2016-09-24T00:34:37.398-0400: 246.129: [GC (GCLocker Initiated GC) [PSYoungGen: 162128K->73576K(175104K)] 434241K->364026K(699392K), 0.0131444 secs] [Times: user=0.16 sys=0.00, real=0.01 secs] 
2016-09-24T00:34:37.499-0400: 246.230: [GC (GCLocker Initiated GC) [PSYoungGen: 161640K->79815K(175104K)] 452239K->388954K(699392K), 0.0099022 secs] [Times: user=0.10 sys=0.00, real=0.01 secs] 
2016-09-24T00:34:37.638-0400: 246.370: [GC (GCLocker Initiated GC) [PSYoungGen: 167879K->61166K(175104K)] 477150K->388927K(699392K), 0.0368740 secs] [Times: user=0.39 sys=0.00, real=0.04 secs] 
2016-09-24T00:34:37.803-0400: 246.535: [GC (GCLocker Initiated GC) [PSYoungGen: 149230K->37194K(175104K)] 489188K->407654K(699392K), 0.0142711 secs] [Times: user=0.12 sys=0.00, real=0.01 secs] 
2016-09-24T00:34:37.943-0400: 246.675: [GC (GCLocker Initiated GC) [PSYoungGen: 125258K->55191K(175104K)] 496079K->426435K(699392K), 0.0319431 secs] [Times: user=0.35 sys=0.00, real=0.03 secs] 
2016-09-24T00:34:38.091-0400: 246.822: [GC (GCLocker Initiated GC) [PSYoungGen: 143255K->85530K(175104K)] 514614K->487564K(699392K), 0.0200106 secs] [Times: user=0.21 sys=0.00, real=0.02 secs] 
2016-09-24T00:34:38.232-0400: 246.964: [GC (GCLocker Initiated GC) [PSYoungGen: 173594K->85822K(175104K)] 575905K->555102K(699392K), 0.0135769 secs] [Times: user=0.19 sys=0.01, real=0.02 secs] 
2016-09-24T00:34:38.246-0400: 246.978: [Full GC (Ergonomics) [PSYoungGen: 85822K->0K(175104K)] [ParOldGen: 469280K->55525K(524288K)] 555102K->55525K(699392K), [Metaspace: 44565K->44565K(1087488K)], 0.0553694 secs] [Times: user=0.45 sys=0.00, real=0.05 secs] 
2016-09-24T00:34:38.405-0400: 247.137: [GC (GCLocker Initiated GC) [PSYoungGen: 88064K->86506K(175104K)] 143933K->154525K(699392K), 0.0096294 secs] [Times: user=0.14 sys=0.01, real=0.01 secs] 
2016-09-24T00:34:38.518-0400: 247.249: [GC (GCLocker Initiated GC) [PSYoungGen: 174570K->85854K(175104K)] 242950K->233953K(699392K), 0.0127188 secs] [Times: user=0.18 sys=0.00, real=0.01 secs] 
2016-09-24T00:34:38.656-0400: 247.388: [GC (GCLocker Initiated GC) [PSYoungGen: 173918K->79847K(175104K)] 322238K->282945K(699392K), 0.0137844 secs] [Times: user=0.13 sys=0.00, real=0.01 secs] 
2016-09-24T00:34:38.794-0400: 247.525: [GC (Allocation Failure) [PSYoungGen: 167911K->61430K(175104K)] 371174K->301262K(699392K), 0.0319703 secs] [Times: user=0.30 sys=0.00, real=0.04 secs] 
2016-09-24T00:34:38.947-0400: 247.679: [GC (GCLocker Initiated GC) [PSYoungGen: 144198K->43009K(175104K)] 390105K->313656K(699392K), 0.0111619 secs] [Times: user=0.10 sys=0.00, real=0.01 secs] 
2016-09-24T00:34:39.058-0400: 247.790: [GC (GCLocker Initiated GC) [PSYoungGen: 131073K->67437K(175104K)] 401767K->368782K(699392K), 0.0187555 secs] [Times: user=0.18 sys=0.01, real=0.02 secs] 
2016-09-24T00:34:39.203-0400: 247.935: [GC (GCLocker Initiated GC) [PSYoungGen: 155501K->85566K(175104K)] 456899K->405285K(699392K), 0.0205677 secs] [Times: user=0.19 sys=0.00, real=0.02 secs] 
2016-09-24T00:34:39.344-0400: 248.076: [GC (GCLocker Initiated GC) [PSYoungGen: 173630K->61234K(175104K)] 493391K->429863K(699392K), 0.0288372 secs] [Times: user=0.28 sys=0.01, real=0.02 secs] 
2016-09-24T00:34:39.479-0400: 248.210: [GC (GCLocker Initiated GC) [PSYoungGen: 149298K->67665K(175104K)] 518299K->455135K(699392K), 0.0114352 secs] [Times: user=0.11 sys=0.00, real=0.01 secs] 
2016-09-24T00:34:39.627-0400: 248.358: [GC (GCLocker Initiated GC) [PSYoungGen: 155729K->67469K(175104K)] 543403K->491876K(699392K), 0.0279017 secs] [Times: user=0.34 sys=0.00, real=0.03 secs] 
2016-09-24T00:34:39.752-0400: 248.483: [GC (GCLocker Initiated GC) [PSYoungGen: 155533K->85726K(175104K)] 580016K->540712K(699392K), 0.0121271 secs] [Times: user=0.13 sys=0.00, real=0.02 secs] 
2016-09-24T00:34:39.764-0400: 248.496: [Full GC (Ergonomics) [PSYoungGen: 85726K->0K(175104K)] [ParOldGen: 454985K->55726K(524288K)] 540712K->55726K(699392K), [Metaspace: 44566K->44566K(1087488K)], 0.0581074 secs] [Times: user=0.40 sys=0.00, real=0.06 secs] 
2016-09-24T00:34:39.924-0400: 248.655: [GC (GCLocker Initiated GC) [PSYoungGen: 88064K->86530K(175104K)] 144017K->166783K(699392K), 0.0122231 secs] [Times: user=0.19 sys=0.01, real=0.01 secs] 
2016-09-24T00:34:40.073-0400: 248.804: [GC (GCLocker Initiated GC) [PSYoungGen: 174594K->36962K(175104K)] 261562K->179581K(699392K), 0.0086406 secs] [Times: user=0.13 sys=0.00, real=0.01 secs] 
2016-09-24T00:34:40.214-0400: 248.945: [GC (GCLocker Initiated GC) [PSYoungGen: 125026K->85658K(175104K)] 267764K->234599K(699392K), 0.0091598 secs] [Times: user=0.12 sys=0.00, real=0.02 secs] 
2016-09-24T00:34:40.341-0400: 249.073: [GC (GCLocker Initiated GC) [PSYoungGen: 173722K->49504K(175104K)] 328796K->241164K(699392K), 0.0090597 secs] [Times: user=0.12 sys=0.00, real=0.01 secs] 
2016-09-24T00:34:40.499-0400: 249.231: [GC (GCLocker Initiated GC) [PSYoungGen: 137568K->55187K(175104K)] 335562K->284036K(699392K), 0.0089444 secs] [Times: user=0.12 sys=0.00, real=0.01 secs] 
2016-09-24T00:34:40.633-0400: 249.364: [GC (GCLocker Initiated GC) [PSYoungGen: 143249K->73804K(175104K)] 378529K->309211K(699392K), 0.0069513 secs] [Times: user=0.11 sys=0.00, real=0.01 secs] 
2016-09-24T00:34:40.752-0400: 249.484: [GC (GCLocker Initiated GC) [PSYoungGen: 161868K->55711K(175104K)] 403426K->315817K(699392K), 0.0078445 secs] [Times: user=0.11 sys=0.00, real=0.01 secs] 
2016-09-24T00:34:40.895-0400: 249.626: [GC (Allocation Failure) [PSYoungGen: 143775K->55743K(175104K)] 410121K->322232K(699392K), 0.0085588 secs] [Times: user=0.13 sys=0.00, real=0.01 secs] 
2016-09-24T00:34:41.022-0400: 249.754: [GC (GCLocker Initiated GC) [PSYoungGen: 143807K->85758K(175104K)] 410308K->376858K(699392K), 0.0115435 secs] [Times: user=0.13 sys=0.01, real=0.01 secs] 
2016-09-24T00:34:41.144-0400: 249.875: [GC (GCLocker Initiated GC) [PSYoungGen: 173822K->85854K(175104K)] 465161K->401644K(699392K), 0.0119353 secs] [Times: user=0.19 sys=0.00, real=0.01 secs] 
2016-09-24T00:34:41.274-0400: 250.006: [GC (GCLocker Initiated GC) [PSYoungGen: 173918K->74000K(175104K)] 495897K->450774K(699392K), 0.0120781 secs] [Times: user=0.18 sys=0.00, real=0.01 secs] 
2016-09-24T00:34:41.403-0400: 250.134: [GC (GCLocker Initiated GC) [PSYoungGen: 162064K->49635K(175104K)] 545103K->475507K(699392K), 0.0328011 secs] [Times: user=0.42 sys=0.01, real=0.03 secs] 
2016-09-24T00:34:41.542-0400: 250.273: [GC (GCLocker Initiated GC) [PSYoungGen: 137699K->85758K(175104K)] 563691K->518124K(699392K), 0.0173733 secs] [Times: user=0.21 sys=0.00, real=0.02 secs] 
2016-09-24T00:34:41.683-0400: 250.415: [GC (GCLocker Initiated GC) [PSYoungGen: 173822K->43169K(175104K)] 606208K->542499K(699392K), 0.0166162 secs] [Times: user=0.22 sys=0.00, real=0.01 secs] 
2016-09-24T00:34:41.700-0400: 250.431: [Full GC (Ergonomics) [PSYoungGen: 43169K->0K(175104K)] [ParOldGen: 499330K->43587K(524288K)] 542499K->43587K(699392K), [Metaspace: 44569K->44569K(1087488K)], 0.0559856 secs] [Times: user=0.39 sys=0.03, real=0.06 secs] 
2016-09-24T00:34:41.880-0400: 250.611: [GC (GCLocker Initiated GC) [PSYoungGen: 88064K->86406K(175104K)] 143931K->148349K(699392K), 0.0117816 secs] [Times: user=0.16 sys=0.00, real=0.01 secs] 
2016-09-24T00:34:42.020-0400: 250.751: [GC (GCLocker Initiated GC) [PSYoungGen: 174470K->61526K(175104K)] 236779K->179222K(699392K), 0.0315086 secs] [Times: user=0.33 sys=0.01, real=0.03 secs] 
2016-09-24T00:34:42.173-0400: 250.904: [GC (GCLocker Initiated GC) [PSYoungGen: 149587K->37322K(175104K)] 273713K->179792K(699392K), 0.0110451 secs] [Times: user=0.14 sys=0.00, real=0.02 secs] 
2016-09-24T00:34:42.285-0400: 251.016: [GC (GCLocker Initiated GC) [PSYoungGen: 125386K->73544K(175104K)] 268010K->216452K(699392K), 0.0063999 secs] [Times: user=0.06 sys=0.00, real=0.00 secs] 
2016-09-24T00:34:42.422-0400: 251.153: [GC (Allocation Failure) [PSYoungGen: 161608K->55775K(175104K)] 316948K->229460K(699392K), 0.0172533 secs] [Times: user=0.22 sys=0.00, real=0.02 secs] 
2016-09-24T00:34:42.546-0400: 251.277: [GC (GCLocker Initiated GC) [PSYoungGen: 143839K->55383K(175104K)] 317529K->229341K(699392K), 0.0107802 secs] [Times: user=0.10 sys=0.01, real=0.01 secs] 
2016-09-24T00:34:42.651-0400: 251.382: [GC (GCLocker Initiated GC) [PSYoungGen: 143447K->86150K(175104K)] 317665K->303208K(699392K), 0.0129086 secs] [Times: user=0.20 sys=0.00, real=0.02 secs] 
2016-09-24T00:34:42.809-0400: 251.540: [GC (Allocation Failure) [PSYoungGen: 174214K->73444K(175104K)] 391588K->309687K(699392K), 0.0100607 secs] [Times: user=0.15 sys=0.00, real=0.01 secs] 
2016-09-24T00:34:42.918-0400: 251.649: [GC (GCLocker Initiated GC) [PSYoungGen: 161508K->67273K(175104K)] 397757K->303641K(699392K), 0.0179176 secs] [Times: user=0.21 sys=0.00, real=0.02 secs] 
2016-09-24T00:34:43.045-0400: 251.776: [GC (GCLocker Initiated GC) [PSYoungGen: 155337K->67565K(175104K)] 391803K->334525K(699392K), 0.0178336 secs] [Times: user=0.18 sys=0.00, real=0.02 secs] 
2016-09-24T00:34:43.189-0400: 251.920: [GC (GCLocker Initiated GC) [PSYoungGen: 155629K->55319K(175104K)] 428852K->365268K(699392K), 0.0139747 secs] [Times: user=0.12 sys=0.01, real=0.02 secs] 
2016-09-24T00:34:43.303-0400: 252.034: [GC (GCLocker Initiated GC) [PSYoungGen: 143383K->55159K(175104K)] 459477K->377587K(699392K), 0.0097940 secs] [Times: user=0.07 sys=0.00, real=0.00 secs] 
2016-09-24T00:34:43.423-0400: 252.154: [GC (GCLocker Initiated GC) [PSYoungGen: 143223K->85922K(175104K)] 465744K->481454K(699392K), 0.0136189 secs] [Times: user=0.14 sys=0.00, real=0.01 secs] 
2016-09-24T00:34:43.555-0400: 252.286: [GC (Allocation Failure) [PSYoungGen: 173986K->73444K(175104K)] 569650K->499962K(699392K), 0.0098298 secs] [Times: user=0.10 sys=0.00, real=0.01 secs] 
2016-09-24T00:34:43.673-0400: 252.404: [GC (GCLocker Initiated GC) [PSYoungGen: 161508K->61526K(175104K)] 588032K->524595K(699392K), 0.0099751 secs] [Times: user=0.09 sys=0.00, real=0.02 secs] 
2016-09-24T00:34:43.683-0400: 252.415: [Full GC (Ergonomics) [PSYoungGen: 61526K->0K(175104K)] [ParOldGen: 463069K->55990K(524288K)] 524595K->55990K(699392K), [Metaspace: 44570K->44570K(1087488K)], 0.0595251 secs] [Times: user=0.33 sys=0.01, real=0.06 secs] 
2016-09-24T00:34:43.875-0400: 252.606: [GC (Allocation Failure) [PSYoungGen: 88064K->73416K(175104K)] 150171K->135523K(699392K), 0.0233825 secs] [Times: user=0.24 sys=0.00, real=0.02 secs] 
2016-09-24T00:34:44.018-0400: 252.749: [GC (GCLocker Initiated GC) [PSYoungGen: 158776K->24915K(175104K)] 226958K->166258K(699392K), 0.0344524 secs] [Times: user=0.34 sys=0.01, real=0.03 secs] 
2016-09-24T00:34:44.175-0400: 252.907: [GC (GCLocker Initiated GC) [PSYoungGen: 112979K->37357K(175104K)] 266827K->209697K(699392K), 0.0066304 secs] [Times: user=0.06 sys=0.00, real=0.00 secs] 
2016-09-24T00:34:44.302-0400: 253.033: [GC (GCLocker Initiated GC) [PSYoungGen: 125421K->55451K(175104K)] 310233K->240366K(699392K), 0.0309244 secs] [Times: user=0.31 sys=0.00, real=0.03 secs] 
2016-09-24T00:34:44.465-0400: 253.197: [GC (GCLocker Initiated GC) [PSYoungGen: 143515K->61458K(175104K)] 340615K->277043K(699392K), 0.0220272 secs] [Times: user=0.25 sys=0.00, real=0.02 secs] 
2016-09-24T00:34:44.610-0400: 253.341: [GC (GCLocker Initiated GC) [PSYoungGen: 149522K->31022K(175104K)] 371498K->283461K(699392K), 0.0157724 secs] [Times: user=0.17 sys=0.00, real=0.02 secs] 
2016-09-24T00:34:44.723-0400: 253.454: [GC (GCLocker Initiated GC) [PSYoungGen: 119086K->55091K(175104K)] 371763K->326284K(699392K), 0.0082669 secs] [Times: user=0.09 sys=0.00, real=0.00 secs] 
2016-09-24T00:34:44.852-0400: 253.583: [GC (Allocation Failure) [PSYoungGen: 143155K->61850K(175104K)] 420441K->375729K(699392K), 0.0223520 secs] [Times: user=0.28 sys=0.00, real=0.02 secs] 
2016-09-24T00:34:44.985-0400: 253.717: [GC (GCLocker Initiated GC) [PSYoungGen: 149914K->61234K(175104K)] 463799K->375395K(699392K), 0.0200273 secs] [Times: user=0.21 sys=0.00, real=0.02 secs] 
2016-09-24T00:34:45.111-0400: 253.842: [GC (Allocation Failure) [PSYoungGen: 149298K->55387K(175104K)] 463495K->388076K(699392K), 0.0165476 secs] [Times: user=0.17 sys=0.00, real=0.02 secs] 
2016-09-24T00:34:45.234-0400: 253.966: [GC (GCLocker Initiated GC) [PSYoungGen: 143451K->85694K(175104K)] 476146K->449376K(699392K), 0.0102294 secs] [Times: user=0.11 sys=0.00, real=0.01 secs] 
2016-09-24T00:34:45.381-0400: 254.113: [GC (GCLocker Initiated GC) [PSYoungGen: 173758K->43041K(175104K)] 543534K->418963K(699392K), 0.0259362 secs] [Times: user=0.32 sys=0.00, real=0.03 secs] 
2016-09-24T00:34:45.526-0400: 254.257: [GC (GCLocker Initiated GC) [PSYoungGen: 131105K->85562K(175104K)] 519213K->504337K(699392K), 0.0165740 secs] [Times: user=0.18 sys=0.00, real=0.02 secs] 
2016-09-24T00:34:45.676-0400: 254.407: [GC (GCLocker Initiated GC) [PSYoungGen: 173626K->43173K(175104K)] 598529K->486404K(699392K), 0.0160757 secs] [Times: user=0.13 sys=0.02, real=0.01 secs] 
2016-09-24T00:34:45.825-0400: 254.557: [GC (GCLocker Initiated GC) [PSYoungGen: 131237K->61230K(175104K)] 580747K->523158K(699392K), 0.0097636 secs] [Times: user=0.08 sys=0.00, real=0.01 secs] 
2016-09-24T00:34:45.935-0400: 254.666: [GC (GCLocker Initiated GC) [PSYoungGen: 149294K->55255K(175104K)] 611466K->560071K(699392K), 0.0155869 secs] [Times: user=0.15 sys=0.00, real=0.01 secs] 
2016-09-24T00:34:45.950-0400: 254.682: [Full GC (Ergonomics) [PSYoungGen: 55255K->0K(175104K)] [ParOldGen: 504816K->59639K(524288K)] 560071K->59639K(699392K), [Metaspace: 44570K->44570K(1087488K)], 0.0696225 secs] [Times: user=0.42 sys=0.00, real=0.07 secs] 
2016-09-24T00:34:46.124-0400: 254.855: [GC (GCLocker Initiated GC) [PSYoungGen: 88064K->74512K(175104K)] 154010K->140458K(699392K), 0.0157733 secs] [Times: user=0.18 sys=0.00, real=0.01 secs] 
2016-09-24T00:34:46.250-0400: 254.981: [GC (GCLocker Initiated GC) [PSYoungGen: 162576K->61558K(175104K)] 228620K->165036K(699392K), 0.0223901 secs] [Times: user=0.24 sys=0.00, real=0.02 secs] 
2016-09-24T00:34:46.393-0400: 255.124: [GC (GCLocker Initiated GC) [PSYoungGen: 149622K->73576K(175104K)] 259228K->183597K(699392K), 0.0076011 secs] [Times: user=0.06 sys=0.00, real=0.01 secs] 
2016-09-24T00:34:46.526-0400: 255.257: [GC (GCLocker Initiated GC) [PSYoungGen: 161640K->61654K(175104K)] 272022K->208606K(699392K), 0.0241335 secs] [Times: user=0.24 sys=0.01, real=0.02 secs] 
2016-09-24T00:34:46.680-0400: 255.411: [GC (GCLocker Initiated GC) [PSYoungGen: 149718K->85758K(175104K)] 296707K->251232K(699392K), 0.0099948 secs] [Times: user=0.12 sys=0.00, real=0.01 secs] 
2016-09-24T00:34:46.811-0400: 255.543: [GC (GCLocker Initiated GC) [PSYoungGen: 173822K->36706K(175104K)] 345435K->214458K(699392K), 0.0159507 secs] [Times: user=0.13 sys=0.01, real=0.02 secs] 
2016-09-24T00:34:46.927-0400: 255.659: [GC (GCLocker Initiated GC) [PSYoungGen: 124770K->79847K(175104K)] 302821K->306657K(699392K), 0.0148665 secs] [Times: user=0.15 sys=0.00, real=0.01 secs] 
2016-09-24T00:34:47.040-0400: 255.771: [GC (GCLocker Initiated GC) [PSYoungGen: 167911K->61330K(175104K)] 400856K->331008K(699392K), 0.0150271 secs] [Times: user=0.15 sys=0.01, real=0.02 secs] 
2016-09-24T00:34:47.200-0400: 255.932: [GC (GCLocker Initiated GC) [PSYoungGen: 149394K->55187K(175104K)] 425150K->391961K(699392K), 0.0311095 secs] [Times: user=0.35 sys=0.01, real=0.03 secs] 
2016-09-24T00:34:47.355-0400: 256.086: [GC (GCLocker Initiated GC) [PSYoungGen: 143251K->85858K(175104K)] 480303K->441254K(699392K), 0.0179257 secs] [Times: user=0.18 sys=0.00, real=0.01 secs] 
2016-09-24T00:34:47.483-0400: 256.215: [GC (GCLocker Initiated GC) [PSYoungGen: 173922K->55383K(175104K)] 535609K->441621K(699392K), 0.0146027 secs] [Times: user=0.18 sys=0.01, real=0.01 secs] 
2016-09-24T00:34:47.616-0400: 256.348: [GC (GCLocker Initiated GC) [PSYoungGen: 143447K->67665K(175104K)] 535964K->496752K(699392K), 0.0116772 secs] [Times: user=0.10 sys=0.00, real=0.01 secs] 
2016-09-24T00:34:47.764-0400: 256.495: [GC (GCLocker Initiated GC) [PSYoungGen: 155729K->55287K(175104K)] 591095K->509153K(699392K), 0.0147211 secs] [Times: user=0.15 sys=0.00, real=0.01 secs] 
2016-09-24T00:34:47.889-0400: 256.620: [Full GC (Ergonomics) [PSYoungGen: 143351K->0K(175104K)] [ParOldGen: 460208K->54035K(524288K)] 603559K->54035K(699392K), [Metaspace: 44570K->44570K(1087488K)], 0.0586046 secs] [Times: user=0.27 sys=0.02, real=0.06 secs] 
2016-09-24T00:34:48.057-0400: 256.788: [GC (Allocation Failure) [PSYoungGen: 88064K->86078K(175104K)] 148260K->158425K(699392K), 0.0140025 secs] [Times: user=0.15 sys=0.00, real=0.01 secs] 
2016-09-24T00:34:48.194-0400: 256.925: [GC (GCLocker Initiated GC) [PSYoungGen: 174142K->43269K(175104K)] 246495K->170837K(699392K), 0.0166348 secs] [Times: user=0.16 sys=0.00, real=0.02 secs] 
2016-09-24T00:34:48.317-0400: 257.049: [GC (Allocation Failure) [PSYoungGen: 131333K->55255K(175104K)] 259049K->219860K(699392K), 0.0180353 secs] [Times: user=0.19 sys=0.00, real=0.02 secs] 
2016-09-24T00:34:48.436-0400: 257.168: [GC (GCLocker Initiated GC) [PSYoungGen: 143319K->85822K(175104K)] 307930K->280935K(699392K), 0.0106117 secs] [Times: user=0.09 sys=0.00, real=0.01 secs] 
2016-09-24T00:34:48.549-0400: 257.281: [GC (GCLocker Initiated GC) [PSYoungGen: 173886K->55191K(175104K)] 369164K->268986K(699392K), 0.0262093 secs] [Times: user=0.25 sys=0.00, real=0.03 secs] 
2016-09-24T00:34:48.678-0400: 257.409: [GC (GCLocker Initiated GC) [PSYoungGen: 143255K->85758K(175104K)] 357097K->330274K(699392K), 0.0103283 secs] [Times: user=0.11 sys=0.00, real=0.01 secs] 
2016-09-24T00:34:48.814-0400: 257.546: [GC (GCLocker Initiated GC) [PSYoungGen: 173822K->67469K(175104K)] 424573K->354969K(699392K), 0.0089866 secs] [Times: user=0.10 sys=0.00, real=0.02 secs] 
2016-09-24T00:34:48.923-0400: 257.654: [GC (GCLocker Initiated GC) [PSYoungGen: 155533K->67501K(175104K)] 443181K->379757K(699392K), 0.0105075 secs] [Times: user=0.10 sys=0.00, real=0.00 secs] 
2016-09-24T00:34:49.056-0400: 257.788: [GC (GCLocker Initiated GC) [PSYoungGen: 155565K->86150K(175104K)] 467975K->441252K(699392K), 0.0170370 secs] [Times: user=0.21 sys=0.00, real=0.01 secs] 
2016-09-24T00:34:49.209-0400: 257.940: [GC (GCLocker Initiated GC) [PSYoungGen: 174214K->55383K(175104K)] 541716K->441378K(699392K), 0.0073193 secs] [Times: user=0.07 sys=0.00, real=0.01 secs] 
2016-09-24T00:34:49.343-0400: 258.075: [GC (GCLocker Initiated GC) [PSYoungGen: 143447K->43041K(175104K)] 535660K->435334K(699392K), 0.0231743 secs] [Times: user=0.19 sys=0.00, real=0.02 secs] 
2016-09-24T00:34:49.478-0400: 258.209: [GC (GCLocker Initiated GC) [PSYoungGen: 131105K->43041K(175104K)] 523479K->471945K(699392K), 0.0334919 secs] [Times: user=0.39 sys=0.00, real=0.03 secs] 
2016-09-24T00:34:49.632-0400: 258.363: [GC (GCLocker Initiated GC) [PSYoungGen: 131105K->79943K(175104K)] 566345K->558031K(699392K), 0.0217083 secs] [Times: user=0.24 sys=0.00, real=0.02 secs] 
2016-09-24T00:34:49.654-0400: 258.385: [Full GC (Ergonomics) [PSYoungGen: 79943K->0K(175104K)] [ParOldGen: 478088K->53920K(524288K)] 558031K->53920K(699392K), [Metaspace: 44570K->44570K(1087488K)], 0.0569096 secs] [Times: user=0.33 sys=0.01, real=0.06 secs] 
2016-09-24T00:34:49.825-0400: 258.556: [GC (GCLocker Initiated GC) [PSYoungGen: 88064K->86274K(175104K)] 142165K->164676K(699392K), 0.0117822 secs] [Times: user=0.14 sys=0.00, real=0.01 secs] 
2016-09-24T00:34:49.943-0400: 258.675: [GC (GCLocker Initiated GC) [PSYoungGen: 174338K->37194K(175104K)] 258985K->177072K(699392K), 0.0201562 secs] [Times: user=0.20 sys=0.00, real=0.02 secs] 
2016-09-24T00:34:50.104-0400: 258.836: [GC (GCLocker Initiated GC) [PSYoungGen: 125258K->73476K(175104K)] 265160K->232067K(699392K), 0.0085260 secs] [Times: user=0.11 sys=0.00, real=0.00 secs] 
2016-09-24T00:34:50.232-0400: 258.963: [GC (GCLocker Initiated GC) [PSYoungGen: 161540K->85822K(175104K)] 320391K->250884K(699392K), 0.0100611 secs] [Times: user=0.12 sys=0.00, real=0.01 secs] 
2016-09-24T00:34:50.355-0400: 259.086: [GC (GCLocker Initiated GC) [PSYoungGen: 173886K->67565K(175104K)] 339028K->257299K(699392K), 0.0101801 secs] [Times: user=0.12 sys=0.00, real=0.01 secs] 
2016-09-24T00:34:50.475-0400: 259.206: [GC (GCLocker Initiated GC) [PSYoungGen: 155629K->61330K(175104K)] 345724K->287994K(699392K), 0.0198493 secs] [Times: user=0.20 sys=0.00, real=0.02 secs] 
2016-09-24T00:34:50.622-0400: 259.354: [GC (GCLocker Initiated GC) [PSYoungGen: 149394K->61430K(175104K)] 376100K->306620K(699392K), 0.0183013 secs] [Times: user=0.15 sys=0.00, real=0.01 secs] 
2016-09-24T00:34:50.755-0400: 259.487: [GC (Allocation Failure) [PSYoungGen: 149494K->55159K(175104K)] 394849K->337380K(699392K), 0.0307706 secs] [Times: user=0.32 sys=0.00, real=0.03 secs] 
2016-09-24T00:34:50.894-0400: 259.626: [GC (GCLocker Initiated GC) [PSYoungGen: 140553K->61462K(175104K)] 428849K->356093K(699392K), 0.0170350 secs] [Times: user=0.16 sys=0.00, real=0.01 secs] 
2016-09-24T00:34:51.072-0400: 259.803: [GC (Allocation Failure) [PSYoungGen: 149526K->61070K(175104K)] 444266K->356225K(699392K), 0.0109990 secs] [Times: user=0.09 sys=0.01, real=0.02 secs] 
2016-09-24T00:34:51.202-0400: 259.933: [GC (GCLocker Initiated GC) [PSYoungGen: 145368K->55187K(175104K)] 446598K->399038K(699392K), 0.0234110 secs] [Times: user=0.22 sys=0.01, real=0.03 secs] 
2016-09-24T00:34:51.337-0400: 260.068: [GC (Allocation Failure) [PSYoungGen: 143251K->85566K(175104K)] 487166K->447817K(699392K), 0.0241394 secs] [Times: user=0.23 sys=0.00, real=0.02 secs] 
2016-09-24T00:34:51.485-0400: 260.216: [GC (GCLocker Initiated GC) [PSYoungGen: 173554K->31086K(175104K)] 541881K->472573K(699392K), 0.0265806 secs] [Times: user=0.24 sys=0.01, real=0.02 secs] 
2016-09-24T00:34:51.641-0400: 260.373: [GC (GCLocker Initiated GC) [PSYoungGen: 119150K->67341K(175104K)] 560824K->509242K(699392K), 0.0154503 secs] [Times: user=0.14 sys=0.00, real=0.02 secs] 
2016-09-24T00:34:51.787-0400: 260.518: [GC (Allocation Failure) [PSYoungGen: 155405K->61266K(175104K)] 597515K->521713K(699392K), 0.0152220 secs] [Times: user=0.16 sys=0.00, real=0.01 secs] 
2016-09-24T00:34:51.802-0400: 260.533: [Full GC (Ergonomics) [PSYoungGen: 61266K->0K(175104K)] [ParOldGen: 460447K->41617K(524288K)] 521713K->41617K(699392K), [Metaspace: 44570K->44570K(1087488K)], 0.0678410 secs] [Times: user=0.37 sys=0.02, real=0.07 secs] 
2016-09-24T00:34:51.988-0400: 260.720: [GC (GCLocker Initiated GC) [PSYoungGen: 88064K->86210K(175104K)] 129682K->133903K(699392K), 0.0100853 secs] [Times: user=0.09 sys=0.00, real=0.01 secs] 
2016-09-24T00:34:52.124-0400: 260.855: [GC (GCLocker Initiated GC) [PSYoungGen: 174274K->43041K(175104K)] 234428K->140488K(699392K), 0.0278664 secs] [Times: user=0.28 sys=0.00, real=0.02 secs] 
2016-09-24T00:34:52.263-0400: 260.994: [GC (GCLocker Initiated GC) [PSYoungGen: 131105K->73672K(175104K)] 228977K->171648K(699392K), 0.0137088 secs] [Times: user=0.15 sys=0.00, real=0.01 secs] 
2016-09-24T00:34:52.400-0400: 261.131: [GC (Allocation Failure) [PSYoungGen: 161736K->61394K(175104K)] 259894K->177896K(699392K), 0.0082187 secs] [Times: user=0.08 sys=0.00, real=0.01 secs] 
2016-09-24T00:34:52.496-0400: 261.228: [GC (GCLocker Initiated GC) [PSYoungGen: 149458K->79651K(175104K)] 265961K->232700K(699392K), 0.0144094 secs] [Times: user=0.12 sys=0.00, real=0.01 secs] 
2016-09-24T00:34:52.625-0400: 261.357: [GC (GCLocker Initiated GC) [PSYoungGen: 167715K->79651K(175104K)] 320912K->251356K(699392K), 0.0166005 secs] [Times: user=0.19 sys=0.00, real=0.01 secs] 
2016-09-24T00:34:52.762-0400: 261.493: [GC (GCLocker Initiated GC) [PSYoungGen: 167715K->85658K(175104K)] 339569K->306396K(699392K), 0.0109616 secs] [Times: user=0.15 sys=0.00, real=0.01 secs] 
2016-09-24T00:34:52.880-0400: 261.611: [GC (GCLocker Initiated GC) [PSYoungGen: 173722K->79779K(175104K)] 400694K->361570K(699392K), 0.0129655 secs] [Times: user=0.15 sys=0.00, real=0.01 secs] 
2016-09-24T00:34:53.043-0400: 261.775: [GC (Allocation Failure) [PSYoungGen: 167843K->49212K(175104K)] 455722K->398132K(699392K), 0.0177858 secs] [Times: user=0.16 sys=0.00, real=0.01 secs] 
2016-09-24T00:34:53.203-0400: 261.935: [GC (GCLocker Initiated GC) [PSYoungGen: 133982K->55351K(175104K)] 488978K->434946K(699392K), 0.0078293 secs] [Times: user=0.11 sys=0.01, real=0.00 secs] 
2016-09-24T00:34:53.338-0400: 262.069: [GC (GCLocker Initiated GC) [PSYoungGen: 143415K->55223K(175104K)] 523287K->435183K(699392K), 0.0109107 secs] [Times: user=0.10 sys=0.00, real=0.01 secs] 
2016-09-24T00:34:53.468-0400: 262.199: [GC (GCLocker Initiated GC) [PSYoungGen: 143287K->55319K(175104K)] 529391K->471901K(699392K), 0.0143172 secs] [Times: user=0.14 sys=0.00, real=0.01 secs] 
2016-09-24T00:34:53.603-0400: 262.335: [GC (GCLocker Initiated GC) [PSYoungGen: 143383K->61526K(175104K)] 566104K->502568K(699392K), 0.0181489 secs] [Times: user=0.18 sys=0.00, real=0.01 secs] 
2016-09-24T00:34:53.758-0400: 262.490: [GC (Allocation Failure) [PSYoungGen: 149590K->30990K(175104K)] 596950K->521167K(699392K), 0.0339283 secs] [Times: user=0.33 sys=0.00, real=0.03 secs] 
2016-09-24T00:34:53.792-0400: 262.524: [Full GC (Ergonomics) [PSYoungGen: 30990K->0K(175104K)] [ParOldGen: 490176K->42330K(524288K)] 521167K->42330K(699392K), [Metaspace: 44572K->44572K(1087488K)], 0.0569212 secs] [Times: user=0.31 sys=0.01, real=0.06 secs] 
2016-09-24T00:34:53.933-0400: 262.664: [GC (GCLocker Initiated GC) [PSYoungGen: 88064K->86014K(175104K)] 130400K->152650K(699392K), 0.0180887 secs] [Times: user=0.21 sys=0.01, real=0.02 secs] 
2016-09-24T00:34:54.048-0400: 262.779: [GC (GCLocker Initiated GC) [PSYoungGen: 174078K->67601K(175104K)] 247150K->171564K(699392K), 0.0245299 secs] [Times: user=0.27 sys=0.00, real=0.02 secs] 
2016-09-24T00:34:54.213-0400: 262.944: [GC (GCLocker Initiated GC) [PSYoungGen: 155665K->49276K(175104K)] 265767K->196135K(699392K), 0.0151445 secs] [Times: user=0.20 sys=0.00, real=0.02 secs] 
2016-09-24T00:34:54.361-0400: 263.092: [GC (GCLocker Initiated GC) [PSYoungGen: 137340K->30727K(175104K)] 284201K->196057K(699392K), 0.0130817 secs] [Times: user=0.12 sys=0.00, real=0.01 secs] 
2016-09-24T00:34:54.487-0400: 263.219: [GC (GCLocker Initiated GC) [PSYoungGen: 118791K->85434K(175104K)] 284313K->251068K(699392K), 0.0080495 secs] [Times: user=0.07 sys=0.00, real=0.01 secs] 
2016-09-24T00:34:54.610-0400: 263.341: [GC (Allocation Failure) [PSYoungGen: 173498K->61266K(175104K)] 339185K->251372K(699392K), 0.0321206 secs] [Times: user=0.30 sys=0.00, real=0.03 secs] 
2016-09-24T00:34:54.744-0400: 263.476: [GC (GCLocker Initiated GC) [PSYoungGen: 149330K->79455K(175104K)] 339437K->312355K(699392K), 0.0327031 secs] [Times: user=0.36 sys=0.00, real=0.03 secs] 
2016-09-24T00:34:54.893-0400: 263.625: [GC (GCLocker Initiated GC) [PSYoungGen: 167519K->55807K(175104K)] 412874K->337755K(699392K), 0.0143809 secs] [Times: user=0.19 sys=0.00, real=0.02 secs] 
2016-09-24T00:34:55.026-0400: 263.758: [GC (GCLocker Initiated GC) [PSYoungGen: 143871K->85922K(175104K)] 425861K->386429K(699392K), 0.0160450 secs] [Times: user=0.17 sys=0.00, real=0.02 secs] 
2016-09-24T00:34:55.189-0400: 263.921: [GC (GCLocker Initiated GC) [PSYoungGen: 173986K->19160K(175104K)] 492962K->417443K(699392K), 0.0103532 secs] [Times: user=0.14 sys=0.00, real=0.01 secs] 
2016-09-24T00:34:55.322-0400: 264.053: [GC (GCLocker Initiated GC) [PSYoungGen: 107224K->49180K(175104K)] 511847K->454062K(699392K), 0.0120708 secs] [Times: user=0.14 sys=0.01, real=0.01 secs] 
2016-09-24T00:34:55.467-0400: 264.199: [GC (GCLocker Initiated GC) [PSYoungGen: 137244K->73672K(175104K)] 548371K->503120K(699392K), 0.0095224 secs] [Times: user=0.09 sys=0.00, real=0.01 secs] 
2016-09-24T00:34:55.615-0400: 264.346: [GC (Allocation Failure) [PSYoungGen: 161736K->43169K(175104K)] 597463K->479171K(699392K), 0.0056140 secs] [Times: user=0.07 sys=0.00, real=0.00 secs] 
2016-09-24T00:34:55.726-0400: 264.458: [GC (GCLocker Initiated GC) [PSYoungGen: 125639K->73544K(175104K)] 567716K->540204K(699392K), 0.0188915 secs] [Times: user=0.19 sys=0.00, real=0.02 secs] 
2016-09-24T00:34:55.745-0400: 264.477: [Full GC (Ergonomics) [PSYoungGen: 73544K->0K(175104K)] [ParOldGen: 466660K->54281K(524288K)] 540204K->54281K(699392K), [Metaspace: 44573K->44573K(1087488K)], 0.0626838 secs] [Times: user=0.38 sys=0.01, real=0.06 secs] 
2016-09-24T00:34:55.912-0400: 264.644: [GC (GCLocker Initiated GC) [PSYoungGen: 88064K->80231K(175104K)] 142381K->134548K(699392K), 0.0142455 secs] [Times: user=0.15 sys=0.00, real=0.02 secs] 
2016-09-24T00:34:56.088-0400: 264.819: [GC (GCLocker Initiated GC) [PSYoungGen: 168295K->55219K(175104K)] 228858K->134898K(699392K), 0.0074589 secs] [Times: user=0.10 sys=0.01, real=0.01 secs] 
2016-09-24T00:34:56.258-0400: 264.990: [GC (GCLocker Initiated GC) [PSYoungGen: 143283K->55219K(175104K)] 229047K->141126K(699392K), 0.0063914 secs] [Times: user=0.08 sys=0.00, real=0.01 secs] 
2016-09-24T00:34:56.406-0400: 265.138: [GC (GCLocker Initiated GC) [PSYoungGen: 143283K->36994K(175104K)] 235816K->129670K(699392K), 0.0054984 secs] [Times: user=0.07 sys=0.00, real=0.00 secs] 
2016-09-24T00:34:56.522-0400: 265.254: [GC (GCLocker Initiated GC) [PSYoungGen: 125058K->73836K(175104K)] 223878K->172784K(699392K), 0.0125944 secs] [Times: user=0.15 sys=0.00, real=0.01 secs] 
2016-09-24T00:34:56.629-0400: 265.361: [GC (GCLocker Initiated GC) [PSYoungGen: 161900K->79879K(175104K)] 260872K->215633K(699392K), 0.0201059 secs] [Times: user=0.24 sys=0.00, real=0.02 secs] 
2016-09-24T00:34:56.747-0400: 265.479: [GC (GCLocker Initiated GC) [PSYoungGen: 167943K->73772K(175104K)] 303867K->283060K(699392K), 0.0115814 secs] [Times: user=0.14 sys=0.00, real=0.01 secs] 
2016-09-24T00:34:56.880-0400: 265.611: [GC (GCLocker Initiated GC) [PSYoungGen: 161835K->42941K(175104K)] 377553K->313594K(699392K), 0.0103878 secs] [Times: user=0.08 sys=0.00, real=0.01 secs] 
2016-09-24T00:34:57.003-0400: 265.735: [GC (GCLocker Initiated GC) [PSYoungGen: 131005K->85758K(175104K)] 401812K->362760K(699392K), 0.0169120 secs] [Times: user=0.20 sys=0.00, real=0.01 secs] 
2016-09-24T00:34:57.157-0400: 265.889: [GC (GCLocker Initiated GC) [PSYoungGen: 173822K->61298K(175104K)] 456980K->362956K(699392K), 0.0247843 secs] [Times: user=0.25 sys=0.01, real=0.03 secs] 
2016-09-24T00:34:57.308-0400: 266.040: [GC (GCLocker Initiated GC) [PSYoungGen: 149362K->55287K(175104K)] 463346K->418155K(699392K), 0.0215583 secs] [Times: user=0.25 sys=0.00, real=0.02 secs] 
2016-09-24T00:34:57.477-0400: 266.209: [GC (GCLocker Initiated GC) [PSYoungGen: 143351K->54963K(175104K)] 512481K->424344K(699392K), 0.0264829 secs] [Times: user=0.23 sys=0.00, real=0.03 secs] 
2016-09-24T00:34:57.635-0400: 266.366: [GC (Allocation Failure) [PSYoungGen: 143027K->61362K(175104K)] 518771K->461526K(699392K), 0.0256957 secs] [Times: user=0.27 sys=0.00, real=0.02 secs] 
2016-09-24T00:34:57.803-0400: 266.534: [GC (GCLocker Initiated GC) [PSYoungGen: 149426K->73608K(175104K)] 549596K->474045K(699392K), 0.0087167 secs] [Times: user=0.08 sys=0.00, real=0.00 secs] 
2016-09-24T00:34:57.938-0400: 266.669: [GC (GCLocker Initiated GC) [PSYoungGen: 161672K->85530K(175104K)] 568287K->516721K(699392K), 0.0450524 secs] [Times: user=0.54 sys=0.01, real=0.05 secs] 
2016-09-24T00:34:58.093-0400: 266.824: [GC (GCLocker Initiated GC) [PSYoungGen: 173594K->55255K(175104K)] 610991K->535296K(699392K), 0.0102518 secs] [Times: user=0.08 sys=0.00, real=0.02 secs] 
2016-09-24T00:34:58.103-0400: 266.834: [Full GC (Ergonomics) [PSYoungGen: 55255K->0K(175104K)] [ParOldGen: 480041K->54476K(524288K)] 535296K->54476K(699392K), [Metaspace: 44576K->44576K(1087488K)], 0.0596536 secs] [Times: user=0.34 sys=0.02, real=0.06 secs] 
2016-09-24T00:34:58.314-0400: 267.046: [GC (GCLocker Initiated GC) [PSYoungGen: 88064K->55607K(175104K)] 148661K->116205K(699392K), 0.0101176 secs] [Times: user=0.10 sys=0.00, real=0.01 secs] 
2016-09-24T00:34:58.473-0400: 267.205: [GC (GCLocker Initiated GC) [PSYoungGen: 143671K->55451K(175104K)] 210705K->141225K(699392K), 0.0087402 secs] [Times: user=0.07 sys=0.00, real=0.02 secs] 
2016-09-24T00:34:58.606-0400: 267.337: [GC (GCLocker Initiated GC) [PSYoungGen: 143515K->73544K(175104K)] 229321K->196084K(699392K), 0.0268735 secs] [Times: user=0.29 sys=0.00, real=0.02 secs] 
2016-09-24T00:34:58.767-0400: 267.498: [GC (Allocation Failure) [PSYoungGen: 161608K->37162K(175104K)] 296608K->196550K(699392K), 0.0207486 secs] [Times: user=0.22 sys=0.00, real=0.02 secs] 
2016-09-24T00:34:58.913-0400: 267.645: [GC (GCLocker Initiated GC) [PSYoungGen: 125226K->55191K(175104K)] 284619K->233053K(699392K), 0.0261707 secs] [Times: user=0.24 sys=0.00, real=0.03 secs] 
2016-09-24T00:34:59.058-0400: 267.790: [GC (Allocation Failure) [PSYoungGen: 143255K->85790K(175104K)] 321478K->288448K(699392K), 0.0111084 secs] [Times: user=0.15 sys=0.00, real=0.01 secs] 
2016-09-24T00:34:59.070-0400: 267.801: [GC (GCLocker Initiated GC) [PSYoungGen: 86039K->64K(175104K)] 288698K->294423K(699392K), 0.0103582 secs] [Times: user=0.16 sys=0.00, real=0.01 secs] 
2016-09-24T00:34:59.206-0400: 267.938: [GC (GCLocker Initiated GC) [PSYoungGen: 88128K->86246K(175104K)] 382493K->398836K(699392K), 0.0153452 secs] [Times: user=0.17 sys=0.00, real=0.01 secs] 
2016-09-24T00:34:59.319-0400: 268.051: [GC (GCLocker Initiated GC) [PSYoungGen: 174310K->67861K(175104K)] 493140K->423992K(699392K), 0.0240639 secs] [Times: user=0.25 sys=0.01, real=0.03 secs] 
2016-09-24T00:34:59.451-0400: 268.183: [GC (GCLocker Initiated GC) [PSYoungGen: 155925K->79651K(175104K)] 512064K->454126K(699392K), 0.0173974 secs] [Times: user=0.19 sys=0.00, real=0.02 secs] 
2016-09-24T00:34:59.615-0400: 268.346: [GC (GCLocker Initiated GC) [PSYoungGen: 167715K->49148K(175104K)] 548430K->448363K(699392K), 0.0233734 secs] [Times: user=0.24 sys=0.00, real=0.02 secs] 
2016-09-24T00:34:59.732-0400: 268.463: [GC (GCLocker Initiated GC) [PSYoungGen: 137212K->85794K(175104K)] 536715K->491648K(699392K), 0.0125554 secs] [Times: user=0.11 sys=0.00, real=0.02 secs] 
2016-09-24T00:34:59.880-0400: 268.611: [GC (GCLocker Initiated GC) [PSYoungGen: 173858K->42877K(175104K)] 586019K->485836K(699392K), 0.0277467 secs] [Times: user=0.26 sys=0.00, real=0.03 secs] 
2016-09-24T00:35:00.040-0400: 268.772: [GC (Allocation Failure) [PSYoungGen: 130941K->73612K(175104K)] 580056K->522830K(699392K), 0.0178576 secs] [Times: user=0.18 sys=0.00, real=0.02 secs] 
2016-09-24T00:35:00.198-0400: 268.930: [GC (GCLocker Initiated GC) [PSYoungGen: 158252K->37094K(175104K)] 613546K->547518K(699392K), 0.0108994 secs] [Times: user=0.10 sys=0.01, real=0.01 secs] 
2016-09-24T00:35:00.209-0400: 268.941: [Full GC (Ergonomics) [PSYoungGen: 37094K->0K(175104K)] [ParOldGen: 510424K->42520K(524288K)] 547518K->42520K(699392K), [Metaspace: 44590K->44590K(1087488K)], 0.0555552 secs] [Times: user=0.25 sys=0.00, real=0.06 secs] 
2016-09-24T00:35:00.370-0400: 269.101: [GC (GCLocker Initiated GC) [PSYoungGen: 88064K->86210K(175104K)] 130626K->134847K(699392K), 0.0164783 secs] [Times: user=0.16 sys=0.00, real=0.02 secs] 
2016-09-24T00:35:00.484-0400: 269.216: [GC (GCLocker Initiated GC) [PSYoungGen: 174274K->73608K(175104K)] 223076K->165465K(699392K), 0.0149682 secs] [Times: user=0.14 sys=0.00, real=0.01 secs] 
2016-09-24T00:35:00.626-0400: 269.358: [GC (GCLocker Initiated GC) [PSYoungGen: 161672K->85498K(175104K)] 253582K->226300K(699392K), 0.0267821 secs] [Times: user=0.31 sys=0.00, real=0.02 secs] 
2016-09-24T00:35:00.771-0400: 269.503: [GC (GCLocker Initiated GC) [PSYoungGen: 173562K->73836K(175104K)] 314730K->239408K(699392K), 0.0106260 secs] [Times: user=0.13 sys=0.00, real=0.01 secs] 
2016-09-24T00:35:00.914-0400: 269.645: [GC (GCLocker Initiated GC) [PSYoungGen: 161900K->18773K(175104K)] 334384K->228138K(699392K), 0.0086542 secs] [Times: user=0.06 sys=0.01, real=0.02 secs] 
2016-09-24T00:35:01.039-0400: 269.771: [GC (GCLocker Initiated GC) [PSYoungGen: 106837K->67341K(175104K)] 316290K->276865K(699392K), 0.0162293 secs] [Times: user=0.15 sys=0.01, real=0.02 secs] 
2016-09-24T00:35:01.165-0400: 269.896: [GC (GCLocker Initiated GC) [PSYoungGen: 155405K->37030K(175104K)] 371163K->325808K(699392K), 0.0227146 secs] [Times: user=0.26 sys=0.00, real=0.02 secs] 
2016-09-24T00:35:01.301-0400: 270.033: [GC (GCLocker Initiated GC) [PSYoungGen: 125094K->73804K(175104K)] 414098K->363100K(699392K), 0.0087293 secs] [Times: user=0.09 sys=0.02, real=0.01 secs] 
2016-09-24T00:35:01.451-0400: 270.182: [GC (GCLocker Initiated GC) [PSYoungGen: 161868K->67405K(175104K)] 463480K->387665K(699392K), 0.0088871 secs] [Times: user=0.08 sys=0.01, real=0.01 secs] 
2016-09-24T00:35:01.591-0400: 270.322: [GC (GCLocker Initiated GC) [PSYoungGen: 155469K->73836K(175104K)] 481829K->430698K(699392K), 0.0094721 secs] [Times: user=0.11 sys=0.00, real=0.01 secs] 
2016-09-24T00:35:01.733-0400: 270.464: [GC (GCLocker Initiated GC) [PSYoungGen: 161900K->67597K(175104K)] 524913K->485788K(699392K), 0.0114120 secs] [Times: user=0.16 sys=0.01, real=0.02 secs] 
2016-09-24T00:35:01.877-0400: 270.608: [GC (GCLocker Initiated GC) [PSYoungGen: 155661K->61330K(175104K)] 574085K->528653K(699392K), 0.0106050 secs] [Times: user=0.13 sys=0.00, real=0.01 secs] 
2016-09-24T00:35:01.888-0400: 270.619: [Full GC (Ergonomics) [PSYoungGen: 61330K->0K(175104K)] [ParOldGen: 467323K->48668K(524288K)] 528653K->48668K(699392K), [Metaspace: 44595K->44595K(1087488K)], 0.0550875 secs] [Times: user=0.32 sys=0.01, real=0.06 secs] 
2016-09-24T00:35:02.039-0400: 270.770: [GC (GCLocker Initiated GC) [PSYoungGen: 88064K->86498K(175104K)] 142883K->159542K(699392K), 0.0119170 secs] [Times: user=0.12 sys=0.01, real=0.01 secs] 
2016-09-24T00:35:02.159-0400: 270.891: [GC (GCLocker Initiated GC) [PSYoungGen: 174562K->85954K(175104K)] 253718K->202715K(699392K), 0.0144498 secs] [Times: user=0.17 sys=0.00, real=0.01 secs] 
2016-09-24T00:35:02.279-0400: 271.010: [GC (GCLocker Initiated GC) [PSYoungGen: 174018K->73608K(175104K)] 290905K->251529K(699392K), 0.0112252 secs] [Times: user=0.13 sys=0.00, real=0.01 secs] 
2016-09-24T00:35:02.421-0400: 271.152: [GC (GCLocker Initiated GC) [PSYoungGen: 161672K->79911K(175104K)] 339774K->306913K(699392K), 0.0191430 secs] [Times: user=0.22 sys=0.00, real=0.02 secs] 
2016-09-24T00:35:02.593-0400: 271.324: [GC (GCLocker Initiated GC) [PSYoungGen: 167975K->36866K(175104K)] 401133K->288672K(699392K), 0.0298039 secs] [Times: user=0.36 sys=0.00, real=0.04 secs] 
2016-09-24T00:35:02.744-0400: 271.475: [GC (GCLocker Initiated GC) [PSYoungGen: 124930K->61298K(175104K)] 376924K->331620K(699392K), 0.0200534 secs] [Times: user=0.19 sys=0.00, real=0.02 secs] 
2016-09-24T00:35:02.902-0400: 271.633: [GC (GCLocker Initiated GC) [PSYoungGen: 149362K->43041K(175104K)] 426445K->368820K(699392K), 0.0166943 secs] [Times: user=0.16 sys=0.00, real=0.02 secs] 
2016-09-24T00:35:03.028-0400: 271.760: [GC (GCLocker Initiated GC) [PSYoungGen: 131105K->61426K(175104K)] 463254K->442467K(699392K), 0.0163065 secs] [Times: user=0.16 sys=0.00, real=0.02 secs] 
2016-09-24T00:35:03.171-0400: 271.902: [GC (Allocation Failure) [PSYoungGen: 149490K->55615K(175104K)] 530886K->455371K(699392K), 0.0117411 secs] [Times: user=0.12 sys=0.01, real=0.02 secs] 
2016-09-24T00:35:03.286-0400: 272.017: [GC (GCLocker Initiated GC) [PSYoungGen: 142776K->73608K(175104K)] 548608K->498096K(699392K), 0.0102679 secs] [Times: user=0.10 sys=0.00, real=0.01 secs] 
2016-09-24T00:35:03.436-0400: 272.167: [GC (Allocation Failure) [PSYoungGen: 161672K->67569K(175104K)] 586387K->528837K(699392K), 0.0219114 secs] [Times: user=0.20 sys=0.00, real=0.02 secs] 
2016-09-24T00:35:03.458-0400: 272.189: [Full GC (Ergonomics) [PSYoungGen: 67569K->0K(175104K)] [ParOldGen: 461268K->55131K(524288K)] 528837K->55131K(699392K), [Metaspace: 44595K->44595K(1087488K)], 0.0570401 secs] [Times: user=0.34 sys=0.00, real=0.06 secs] 
2016-09-24T00:35:03.616-0400: 272.348: [GC (Allocation Failure) [PSYoungGen: 88014K->86078K(175104K)] 143146K->165510K(699392K), 0.0099994 secs] [Times: user=0.10 sys=0.00, real=0.01 secs] 
2016-09-24T00:35:03.732-0400: 272.463: [GC (GCLocker Initiated GC) [PSYoungGen: 174142K->85858K(175104K)] 253579K->220534K(699392K), 0.0151983 secs] [Times: user=0.16 sys=0.01, real=0.02 secs] 
2016-09-24T00:35:03.853-0400: 272.585: [GC (GCLocker Initiated GC) [PSYoungGen: 173922K->73608K(175104K)] 314917K->269725K(699392K), 0.0166028 secs] [Times: user=0.20 sys=0.01, real=0.02 secs] 
2016-09-24T00:35:03.990-0400: 272.722: [GC (Allocation Failure) [PSYoungGen: 161672K->73740K(175104K)] 357976K->288405K(699392K), 0.0222738 secs] [Times: user=0.25 sys=0.00, real=0.02 secs] 
2016-09-24T00:35:04.121-0400: 272.852: [GC (GCLocker Initiated GC) [PSYoungGen: 161804K->55351K(175104K)] 376475K->306763K(699392K), 0.0149970 secs] [Times: user=0.16 sys=0.00, real=0.02 secs] 
2016-09-24T00:35:04.266-0400: 272.997: [GC (Allocation Failure) [PSYoungGen: 143415K->55483K(175104K)] 407203K->337592K(699392K), 0.0078087 secs] [Times: user=0.07 sys=0.00, real=0.00 secs] 
2016-09-24T00:35:04.405-0400: 273.136: [GC (GCLocker Initiated GC) [PSYoungGen: 143547K->73708K(175104K)] 425657K->356094K(699392K), 0.0134371 secs] [Times: user=0.14 sys=0.00, real=0.01 secs] 
2016-09-24T00:35:04.544-0400: 273.275: [GC (Allocation Failure) [PSYoungGen: 161769K->55387K(175104K)] 456649K->350362K(699392K), 0.0187794 secs] [Times: user=0.18 sys=0.00, real=0.02 secs] 
2016-09-24T00:35:04.677-0400: 273.408: [GC (GCLocker Initiated GC) [PSYoungGen: 143451K->61362K(175104K)] 438432K->393240K(699392K), 0.0110719 secs] [Times: user=0.11 sys=0.00, real=0.01 secs] 
2016-09-24T00:35:04.814-0400: 273.545: [GC (GCLocker Initiated GC) [PSYoungGen: 149426K->73448K(175104K)] 481357K->411549K(699392K), 0.0143329 secs] [Times: user=0.14 sys=0.00, real=0.02 secs] 
2016-09-24T00:35:04.932-0400: 273.664: [GC (GCLocker Initiated GC) [PSYoungGen: 161512K->73936K(175104K)] 499817K->430789K(699392K), 0.0100635 secs] [Times: user=0.12 sys=0.00, real=0.02 secs] 
2016-09-24T00:35:05.071-0400: 273.802: [GC (GCLocker Initiated GC) [PSYoungGen: 162000K->67437K(175104K)] 525273K->455621K(699392K), 0.0147643 secs] [Times: user=0.15 sys=0.00, real=0.02 secs] 
2016-09-24T00:35:05.219-0400: 273.950: [GC (GCLocker Initiated GC) [PSYoungGen: 155501K->67373K(175104K)] 549847K->461994K(699392K), 0.0149491 secs] [Times: user=0.15 sys=0.01, real=0.01 secs] 
2016-09-24T00:35:05.343-0400: 274.075: [GC (GCLocker Initiated GC) [PSYoungGen: 155437K->67629K(175104K)] 550100K->517103K(699392K), 0.0116264 secs] [Times: user=0.18 sys=0.00, real=0.01 secs] 
2016-09-24T00:35:05.472-0400: 274.204: [GC (GCLocker Initiated GC) [PSYoungGen: 155693K->85954K(175104K)] 605221K->584381K(699392K), 0.0114363 secs] [Times: user=0.15 sys=0.00, real=0.02 secs] 
2016-09-24T00:35:05.484-0400: 274.216: [Full GC (Ergonomics) [PSYoungGen: 85954K->0K(175104K)] [ParOldGen: 498427K->55410K(524288K)] 584381K->55410K(699392K), [Metaspace: 44595K->44595K(1087488K)], 0.0610851 secs] [Times: user=0.39 sys=0.03, real=0.06 secs] 
2016-09-24T00:35:05.692-0400: 274.424: [GC (Allocation Failure) [PSYoungGen: 88064K->86274K(175104K)] 149770K->154055K(699392K), 0.0142072 secs] [Times: user=0.16 sys=0.00, real=0.02 secs] 
2016-09-24T00:35:05.863-0400: 274.594: [GC (GCLocker Initiated GC) [PSYoungGen: 173283K->36934K(175104K)] 247139K->141696K(699392K), 0.0156472 secs] [Times: user=0.13 sys=0.00, real=0.01 secs] 
2016-09-24T00:35:06.000-0400: 274.731: [GC (GCLocker Initiated GC) [PSYoungGen: 124998K->73704K(175104K)] 236086K->184879K(699392K), 0.0109365 secs] [Times: user=0.14 sys=0.00, real=0.01 secs] 
2016-09-24T00:35:06.118-0400: 274.850: [GC (Allocation Failure) [PSYoungGen: 161768K->67665K(175104K)] 273205K->197446K(699392K), 0.0090300 secs] [Times: user=0.09 sys=0.00, real=0.01 secs] 
2016-09-24T00:35:06.233-0400: 274.964: [GC (GCLocker Initiated GC) [PSYoungGen: 154058K->85758K(175104K)] 289914K->270546K(699392K), 0.0158345 secs] [Times: user=0.21 sys=0.00, real=0.02 secs] 
2016-09-24T00:35:06.352-0400: 275.083: [GC (GCLocker Initiated GC) [PSYoungGen: 173822K->79619K(175104K)] 358920K->265008K(699392K), 0.0118246 secs] [Times: user=0.13 sys=0.00, real=0.02 secs] 
2016-09-24T00:35:06.491-0400: 275.223: [GC (GCLocker Initiated GC) [PSYoungGen: 167683K->31083K(175104K)] 365315K->283658K(699392K), 0.0135857 secs] [Times: user=0.15 sys=0.00, real=0.02 secs] 
2016-09-24T00:35:06.658-0400: 275.389: [GC (GCLocker Initiated GC) [PSYoungGen: 119147K->55515K(175104K)] 377967K->363063K(699392K), 0.0128945 secs] [Times: user=0.14 sys=0.00, real=0.01 secs] 
2016-09-24T00:35:06.800-0400: 275.531: [GC (GCLocker Initiated GC) [PSYoungGen: 143579K->67341K(175104K)] 451291K->375500K(699392K), 0.0165161 secs] [Times: user=0.17 sys=0.01, real=0.02 secs] 
2016-09-24T00:35:06.918-0400: 275.650: [GC (GCLocker Initiated GC) [PSYoungGen: 155405K->55387K(175104K)] 463669K->381971K(699392K), 0.0171906 secs] [Times: user=0.16 sys=0.00, real=0.02 secs] 
2016-09-24T00:35:07.047-0400: 275.778: [GC (GCLocker Initiated GC) [PSYoungGen: 143451K->73704K(175104K)] 476392K->467727K(699392K), 0.0210637 secs] [Times: user=0.23 sys=0.00, real=0.02 secs] 
2016-09-24T00:35:07.196-0400: 275.928: [GC (Allocation Failure) [PSYoungGen: 161768K->43269K(175104K)] 568274K->450027K(699392K), 0.0093745 secs] [Times: user=0.13 sys=0.00, real=0.01 secs] 
2016-09-24T00:35:07.307-0400: 276.039: [GC (GCLocker Initiated GC) [PSYoungGen: 131333K->55155K(175104K)] 538092K->462197K(699392K), 0.0063469 secs] [Times: user=0.06 sys=0.00, real=0.00 secs] 
2016-09-24T00:35:07.437-0400: 276.169: [GC (Allocation Failure) [PSYoungGen: 143219K->85794K(175104K)] 550381K->505186K(699392K), 0.0176802 secs] [Times: user=0.17 sys=0.01, real=0.02 secs] 
2016-09-24T00:35:07.608-0400: 276.340: [GC (GCLocker Initiated GC) [PSYoungGen: 172810K->31214K(175104K)] 598277K->523962K(699392K), 0.0227707 secs] [Times: user=0.24 sys=0.01, real=0.02 secs] 
2016-09-24T00:35:07.631-0400: 276.363: [Full GC (Ergonomics) [PSYoungGen: 31214K->0K(175104K)] [ParOldGen: 492747K->43277K(524288K)] 523962K->43277K(699392K), [Metaspace: 44595K->44595K(1087488K)], 0.0660548 secs] [Times: user=0.45 sys=0.00, real=0.07 secs] 
2016-09-24T00:35:07.808-0400: 276.539: [GC (GCLocker Initiated GC) [PSYoungGen: 88064K->85690K(175104K)] 131456K->165532K(699392K), 0.0116058 secs] [Times: user=0.17 sys=0.00, real=0.01 secs] 
2016-09-24T00:35:07.927-0400: 276.658: [GC (Allocation Failure) [PSYoungGen: 173754K->61458K(175104K)] 253665K->220496K(699392K), 0.0138826 secs] [Times: user=0.19 sys=0.01, real=0.01 secs] 
2016-09-24T00:35:08.046-0400: 276.778: [GC (GCLocker Initiated GC) [PSYoungGen: 149522K->85690K(175104K)] 308567K->269342K(699392K), 0.0175950 secs] [Times: user=0.18 sys=0.00, real=0.02 secs] 
2016-09-24T00:35:08.181-0400: 276.913: [GC (GCLocker Initiated GC) [PSYoungGen: 173754K->85822K(175104K)] 357521K->324423K(699392K), 0.0118340 secs] [Times: user=0.15 sys=0.01, real=0.01 secs] 
2016-09-24T00:35:08.322-0400: 277.053: [GC (GCLocker Initiated GC) [PSYoungGen: 173886K->55219K(175104K)] 412513K->348829K(699392K), 0.0149324 secs] [Times: user=0.15 sys=0.01, real=0.02 secs] 
2016-09-24T00:35:08.469-0400: 277.201: [GC (GCLocker Initiated GC) [PSYoungGen: 143283K->79455K(175104K)] 437085K->397652K(699392K), 0.0094995 secs] [Times: user=0.10 sys=0.01, real=0.01 secs] 
2016-09-24T00:35:08.604-0400: 277.335: [GC (GCLocker Initiated GC) [PSYoungGen: 167519K->61230K(175104K)] 486389K->404512K(699392K), 0.0089496 secs] [Times: user=0.08 sys=0.00, real=0.00 secs] 
2016-09-24T00:35:08.718-0400: 277.449: [GC (GCLocker Initiated GC) [PSYoungGen: 149294K->79651K(175104K)] 498866K->447583K(699392K), 0.0256017 secs] [Times: user=0.28 sys=0.00, real=0.03 secs] 
2016-09-24T00:35:08.856-0400: 277.587: [GC (GCLocker Initiated GC) [PSYoungGen: 167715K->55547K(175104K)] 548007K->490658K(699392K), 0.0262526 secs] [Times: user=0.29 sys=0.00, real=0.03 secs] 
2016-09-24T00:35:08.882-0400: 277.614: [Full GC (Ergonomics) [PSYoungGen: 55547K->0K(175104K)] [ParOldGen: 435110K->54270K(524288K)] 490658K->54270K(699392K), [Metaspace: 44596K->44596K(1087488K)], 0.0595167 secs] [Times: user=0.37 sys=0.01, real=0.05 secs] 
2016-09-24T00:35:09.055-0400: 277.787: [GC (GCLocker Initiated GC) [PSYoungGen: 88064K->86438K(175104K)] 148580K->177330K(699392K), 0.0118229 secs] [Times: user=0.17 sys=0.01, real=0.01 secs] 
2016-09-24T00:35:09.205-0400: 277.936: [GC (GCLocker Initiated GC) [PSYoungGen: 174502K->36994K(175104K)] 277546K->214010K(699392K), 0.0139698 secs] [Times: user=0.19 sys=0.01, real=0.01 secs] 
2016-09-24T00:35:09.335-0400: 278.066: [GC (GCLocker Initiated GC) [PSYoungGen: 125058K->61526K(175104K)] 308466K->245037K(699392K), 0.0094997 secs] [Times: user=0.08 sys=0.00, real=0.01 secs] 
2016-09-24T00:35:09.465-0400: 278.196: [GC (GCLocker Initiated GC) [PSYoungGen: 149590K->61362K(175104K)] 333277K->281750K(699392K), 0.0281856 secs] [Times: user=0.28 sys=0.01, real=0.02 secs] 
2016-09-24T00:35:09.612-0400: 278.344: [GC (GCLocker Initiated GC) [PSYoungGen: 149426K->73804K(175104K)] 376222K->337186K(699392K), 0.0089217 secs] [Times: user=0.12 sys=0.00, real=0.01 secs] 
2016-09-24T00:35:09.732-0400: 278.464: [GC (GCLocker Initiated GC) [PSYoungGen: 161868K->67533K(175104K)] 425304K->367874K(699392K), 0.0100193 secs] [Times: user=0.10 sys=0.00, real=0.02 secs] 
2016-09-24T00:35:09.855-0400: 278.587: [GC (Allocation Failure) [PSYoungGen: 155597K->79847K(175104K)] 456188K->404842K(699392K), 0.0108801 secs] [Times: user=0.08 sys=0.00, real=0.01 secs] 
2016-09-24T00:35:09.867-0400: 278.598: [GC (GCLocker Initiated GC) [PSYoungGen: 79861K->64K(175104K)] 404856K->398477K(699392K), 0.0090209 secs] [Times: user=0.07 sys=0.00, real=0.01 secs] 
2016-09-24T00:35:10.001-0400: 278.733: [GC (GCLocker Initiated GC) [PSYoungGen: 82572K->85822K(175104K)] 487061K->496385K(699392K), 0.0081486 secs] [Times: user=0.11 sys=0.00, real=0.01 secs] 
2016-09-24T00:35:10.125-0400: 278.856: [GC (GCLocker Initiated GC) [PSYoungGen: 173886K->55415K(175104K)] 590885K->527577K(699392K), 0.0100208 secs] [Times: user=0.12 sys=0.00, real=0.01 secs] 
2016-09-24T00:35:10.135-0400: 278.866: [Full GC (Ergonomics) [PSYoungGen: 55415K->0K(175104K)] [ParOldGen: 472162K->54172K(524288K)] 527577K->54172K(699392K), [Metaspace: 44596K->44596K(1087488K)], 0.0570562 secs] [Times: user=0.34 sys=0.00, real=0.05 secs] 
2016-09-24T00:35:10.304-0400: 279.035: [GC (GCLocker Initiated GC) [PSYoungGen: 88064K->74192K(175104K)] 148537K->134666K(699392K), 0.0221017 secs] [Times: user=0.25 sys=0.00, real=0.02 secs] 
2016-09-24T00:35:10.466-0400: 279.198: [GC (GCLocker Initiated GC) [PSYoungGen: 162256K->73512K(175104K)] 223096K->153413K(699392K), 0.0339576 secs] [Times: user=0.33 sys=0.00, real=0.03 secs] 
2016-09-24T00:35:10.617-0400: 279.349: [GC (GCLocker Initiated GC) [PSYoungGen: 161576K->86018K(175104K)] 241653K->172485K(699392K), 0.0095848 secs] [Times: user=0.14 sys=0.00, real=0.01 secs] 
2016-09-24T00:35:10.783-0400: 279.514: [GC (Allocation Failure) [PSYoungGen: 174082K->73508K(175104K)] 260591K->178721K(699392K), 0.0090166 secs] [Times: user=0.11 sys=0.00, real=0.00 secs] 
2016-09-24T00:35:10.887-0400: 279.619: [GC (GCLocker Initiated GC) [PSYoungGen: 160465K->61358K(175104K)] 271754K->209224K(699392K), 0.0241693 secs] [Times: user=0.30 sys=0.00, real=0.02 secs] 
2016-09-24T00:35:11.047-0400: 279.778: [GC (GCLocker Initiated GC) [PSYoungGen: 149422K->61362K(175104K)] 297290K->227566K(699392K), 0.0099320 secs] [Times: user=0.09 sys=0.00, real=0.01 secs] 
2016-09-24T00:35:11.186-0400: 279.918: [GC (GCLocker Initiated GC) [PSYoungGen: 149426K->30663K(175104K)] 322440K->203921K(699392K), 0.0276128 secs] [Times: user=0.24 sys=0.00, real=0.02 secs] 
2016-09-24T00:35:11.314-0400: 280.045: [GC (GCLocker Initiated GC) [PSYoungGen: 118727K->85726K(175104K)] 292346K->265531K(699392K), 0.0302882 secs] [Times: user=0.33 sys=0.00, real=0.04 secs] 
2016-09-24T00:35:11.469-0400: 280.200: [GC (GCLocker Initiated GC) [PSYoungGen: 173790K->85922K(175104K)] 359718K->308419K(699392K), 0.0117311 secs] [Times: user=0.14 sys=0.00, real=0.01 secs] 
2016-09-24T00:35:11.599-0400: 280.331: [GC (Allocation Failure) [PSYoungGen: 173986K->67665K(175104K)] 396576K->314690K(699392K), 0.0082992 secs] [Times: user=0.09 sys=0.00, real=0.01 secs] 
2016-09-24T00:35:11.707-0400: 280.439: [GC (GCLocker Initiated GC) [PSYoungGen: 155729K->61134K(175104K)] 402755K->357183K(699392K), 0.0166830 secs] [Times: user=0.18 sys=0.00, real=0.02 secs] 
2016-09-24T00:35:11.855-0400: 280.586: [GC (Allocation Failure) [PSYoungGen: 149198K->67633K(175104K)] 445423K->363970K(699392K), 0.0079017 secs] [Times: user=0.07 sys=0.01, real=0.01 secs] 
2016-09-24T00:35:11.992-0400: 280.724: [GC (GCLocker Initiated GC) [PSYoungGen: 155697K->55775K(175104K)] 452039K->388867K(699392K), 0.0109172 secs] [Times: user=0.15 sys=0.01, real=0.02 secs] 
2016-09-24T00:35:12.108-0400: 280.839: [GC (GCLocker Initiated GC) [PSYoungGen: 143839K->55938K(175104K)] 489347K->401566K(699392K), 0.0062590 secs] [Times: user=0.07 sys=0.00, real=0.00 secs] 
2016-09-24T00:35:12.258-0400: 280.990: [GC (GCLocker Initiated GC) [PSYoungGen: 144002K->49116K(175104K)] 496609K->420379K(699392K), 0.0109230 secs] [Times: user=0.09 sys=0.00, real=0.01 secs] 
2016-09-24T00:35:12.395-0400: 281.127: [GC (GCLocker Initiated GC) [PSYoungGen: 137180K->67309K(175104K)] 508630K->439003K(699392K), 0.0102005 secs] [Times: user=0.07 sys=0.00, real=0.01 secs] 
2016-09-24T00:35:12.507-0400: 281.238: [GC (GCLocker Initiated GC) [PSYoungGen: 155373K->55319K(175104K)] 527181K->488168K(699392K), 0.0150824 secs] [Times: user=0.16 sys=0.00, real=0.01 secs] 
2016-09-24T00:35:12.652-0400: 281.383: [GC (GCLocker Initiated GC) [PSYoungGen: 143383K->61526K(175104K)] 582635K->525345K(699392K), 0.0240723 secs] [Times: user=0.28 sys=0.00, real=0.03 secs] 
2016-09-24T00:35:12.676-0400: 281.407: [Full GC (Ergonomics) [PSYoungGen: 61526K->0K(175104K)] [ParOldGen: 463819K->54450K(524288K)] 525345K->54450K(699392K), [Metaspace: 44596K->44596K(1087488K)], 0.0595297 secs] [Times: user=0.33 sys=0.01, real=0.06 secs] 
2016-09-24T00:35:12.852-0400: 281.583: [GC (Allocation Failure) [PSYoungGen: 88064K->85790K(175104K)] 142863K->164889K(699392K), 0.0119907 secs] [Times: user=0.15 sys=0.00, real=0.02 secs] 
2016-09-24T00:35:12.974-0400: 281.705: [GC (GCLocker Initiated GC) [PSYoungGen: 173854K->67829K(175104K)] 259034K->183660K(699392K), 0.0106612 secs] [Times: user=0.08 sys=0.01, real=0.02 secs] 
2016-09-24T00:35:13.097-0400: 281.829: [GC (GCLocker Initiated GC) [PSYoungGen: 155893K->85822K(175104K)] 271755K->238598K(699392K), 0.0101341 secs] [Times: user=0.12 sys=0.00, real=0.01 secs] 
2016-09-24T00:35:13.235-0400: 281.966: [GC (Allocation Failure) [PSYoungGen: 173886K->80107K(175104K)] 326961K->287961K(699392K), 0.0113528 secs] [Times: user=0.11 sys=0.01, real=0.01 secs] 
2016-09-24T00:35:13.377-0400: 282.108: [GC (GCLocker Initiated GC) [PSYoungGen: 168171K->36934K(175104K)] 376026K->263445K(699392K), 0.0104232 secs] [Times: user=0.11 sys=0.00, real=0.01 secs] 
2016-09-24T00:35:13.495-0400: 282.226: [GC (GCLocker Initiated GC) [PSYoungGen: 124998K->85726K(175104K)] 357626K->342766K(699392K), 0.0122489 secs] [Times: user=0.14 sys=0.01, real=0.01 secs] 
2016-09-24T00:35:13.629-0400: 282.360: [GC (GCLocker Initiated GC) [PSYoungGen: 173790K->61494K(175104K)] 430860K->349222K(699392K), 0.0164543 secs] [Times: user=0.17 sys=0.00, real=0.02 secs] 
2016-09-24T00:35:13.768-0400: 282.499: [GC (Allocation Failure) [PSYoungGen: 149558K->61102K(175104K)] 437524K->379867K(699392K), 0.0112750 secs] [Times: user=0.09 sys=0.02, real=0.01 secs] 
2016-09-24T00:35:13.888-0400: 282.620: [GC (GCLocker Initiated GC) [PSYoungGen: 149166K->67601K(175104K)] 467936K->410767K(699392K), 0.0119692 secs] [Times: user=0.11 sys=0.00, real=0.01 secs] 
2016-09-24T00:35:14.031-0400: 282.762: [GC (GCLocker Initiated GC) [PSYoungGen: 155665K->85726K(175104K)] 499052K->453713K(699392K), 0.0201192 secs] [Times: user=0.20 sys=0.01, real=0.02 secs] 
2016-09-24T00:35:14.161-0400: 282.892: [GC (Allocation Failure) [PSYoungGen: 173790K->43269K(175104K)] 542031K->466453K(699392K), 0.0156243 secs] [Times: user=0.14 sys=0.00, real=0.02 secs] 
2016-09-24T00:35:14.285-0400: 283.017: [GC (GCLocker Initiated GC) [PSYoungGen: 131333K->49216K(175104K)] 554522K->503048K(699392K), 0.0191975 secs] [Times: user=0.17 sys=0.00, real=0.02 secs] 
2016-09-24T00:35:14.427-0400: 283.159: [GC (Allocation Failure) [PSYoungGen: 137280K->73644K(175104K)] 597447K->534078K(699392K), 0.0193357 secs] [Times: user=0.19 sys=0.00, real=0.02 secs] 
2016-09-24T00:35:14.562-0400: 283.293: [Full GC (Ergonomics) [PSYoungGen: 159473K->0K(175104K)] [ParOldGen: 466509K->48351K(524288K)] 625982K->48351K(699392K), [Metaspace: 44596K->44596K(1087488K)], 0.0644078 secs] [Times: user=0.32 sys=0.01, real=0.07 secs] 
2016-09-24T00:35:14.733-0400: 283.465: [GC (GCLocker Initiated GC) [PSYoungGen: 88064K->74028K(175104K)] 142646K->128610K(699392K), 0.0217917 secs] [Times: user=0.28 sys=0.00, real=0.03 secs] 
2016-09-24T00:35:14.866-0400: 283.598: [GC (GCLocker Initiated GC) [PSYoungGen: 162092K->86182K(175104K)] 216946K->190387K(699392K), 0.0128077 secs] [Times: user=0.19 sys=0.00, real=0.01 secs] 
2016-09-24T00:35:15.016-0400: 283.748: [GC (GCLocker Initiated GC) [PSYoungGen: 174246K->55810K(175104K)] 290614K->209265K(699392K), 0.0148616 secs] [Times: user=0.17 sys=0.01, real=0.01 secs] 
2016-09-24T00:35:15.184-0400: 283.915: [GC (GCLocker Initiated GC) [PSYoungGen: 143874K->19132K(175104K)] 309795K->185320K(699392K), 0.0058632 secs] [Times: user=0.07 sys=0.00, real=0.00 secs] 
2016-09-24T00:35:15.287-0400: 284.018: [GC (GCLocker Initiated GC) [PSYoungGen: 107196K->67501K(175104K)] 273416K->233816K(699392K), 0.0176150 secs] [Times: user=0.17 sys=0.00, real=0.02 secs] 
2016-09-24T00:35:15.438-0400: 284.169: [GC (GCLocker Initiated GC) [PSYoungGen: 155565K->62013K(175104K)] 322061K->247026K(699392K), 0.0098114 secs] [Times: user=0.08 sys=0.01, real=0.01 secs] 
2016-09-24T00:35:15.545-0400: 284.277: [GC (GCLocker Initiated GC) [PSYoungGen: 150077K->73736K(175104K)] 335322K->320038K(699392K), 0.0103092 secs] [Times: user=0.11 sys=0.00, real=0.01 secs] 
2016-09-24T00:35:15.664-0400: 284.396: [GC (GCLocker Initiated GC) [PSYoungGen: 161800K->67761K(175104K)] 408167K->350705K(699392K), 0.0230791 secs] [Times: user=0.28 sys=0.01, real=0.02 secs] 
2016-09-24T00:35:15.805-0400: 284.537: [GC (Allocation Failure) [PSYoungGen: 155825K->85626K(175104K)] 444999K->417796K(699392K), 0.0115278 secs] [Times: user=0.10 sys=0.00, real=0.01 secs] 
2016-09-24T00:35:15.817-0400: 284.549: [GC (GCLocker Initiated GC) [PSYoungGen: 85640K->64K(175104K)] 417810K->417530K(699392K), 0.0069951 secs] [Times: user=0.08 sys=0.00, real=0.01 secs] 
2016-09-24T00:35:15.924-0400: 284.655: [GC (GCLocker Initiated GC) [PSYoungGen: 88128K->80331K(175104K)] 505600K->497803K(699392K), 0.0179539 secs] [Times: user=0.17 sys=0.00, real=0.01 secs] 
2016-09-24T00:35:16.045-0400: 284.776: [GC (Allocation Failure) [PSYoungGen: 168395K->79619K(175104K)] 585982K->552996K(699392K), 0.0258208 secs] [Times: user=0.27 sys=0.01, real=0.02 secs] 
2016-09-24T00:35:16.071-0400: 284.802: [Full GC (Ergonomics) [PSYoungGen: 79619K->0K(175104K)] [ParOldGen: 473377K->54733K(524288K)] 552996K->54733K(699392K), [Metaspace: 44596K->44596K(1087488K)], 0.0626790 secs] [Times: user=0.39 sys=0.01, real=0.06 secs] 
2016-09-24T00:35:16.234-0400: 284.966: [GC (GCLocker Initiated GC) [PSYoungGen: 88064K->86538K(175104K)] 142808K->165582K(699392K), 0.0184905 secs] [Times: user=0.21 sys=0.00, real=0.01 secs] 
2016-09-24T00:35:16.355-0400: 285.087: [GC (Allocation Failure) [PSYoungGen: 174602K->61718K(175104K)] 253985K->196504K(699392K), 0.0112553 secs] [Times: user=0.16 sys=0.00, real=0.01 secs] 
2016-09-24T00:35:16.471-0400: 285.202: [GC (GCLocker Initiated GC) [PSYoungGen: 149782K->86346K(175104K)] 284573K->245573K(699392K), 0.0189015 secs] [Times: user=0.25 sys=0.00, real=0.02 secs] 
2016-09-24T00:35:16.622-0400: 285.354: [GC (GCLocker Initiated GC) [PSYoungGen: 174410K->43624K(175104K)] 340084K->246212K(699392K), 0.0090444 secs] [Times: user=0.10 sys=0.00, real=0.00 secs] 
2016-09-24T00:35:16.751-0400: 285.482: [GC (GCLocker Initiated GC) [PSYoungGen: 131688K->55547K(175104K)] 334435K->276638K(699392K), 0.0090285 secs] [Times: user=0.09 sys=0.00, real=0.01 secs] 
2016-09-24T00:35:16.895-0400: 285.626: [GC (GCLocker Initiated GC) [PSYoungGen: 143611K->67469K(175104K)] 370841K->313200K(699392K), 0.0092722 secs] [Times: user=0.08 sys=0.00, real=0.01 secs] 
2016-09-24T00:35:17.025-0400: 285.756: [GC (GCLocker Initiated GC) [PSYoungGen: 155533K->36802K(175104K)] 407499K->319403K(699392K), 0.0157948 secs] [Times: user=0.12 sys=0.00, real=0.01 secs] 
2016-09-24T00:35:17.135-0400: 285.867: [GC (GCLocker Initiated GC) [PSYoungGen: 124866K->61558K(175104K)] 407823K->399318K(699392K), 0.0160107 secs] [Times: user=0.16 sys=0.00, real=0.01 secs] 
2016-09-24T00:35:17.251-0400: 285.982: [GC (GCLocker Initiated GC) [PSYoungGen: 149622K->74032K(175104K)] 493717K->454892K(699392K), 0.0258635 secs] [Times: user=0.31 sys=0.00, real=0.03 secs] 
2016-09-24T00:35:17.407-0400: 286.139: [GC (Allocation Failure) [PSYoungGen: 162096K->37094K(175104K)] 555769K->449276K(699392K), 0.0150048 secs] [Times: user=0.15 sys=0.00, real=0.02 secs] 
2016-09-24T00:35:17.423-0400: 286.154: [GC (GCLocker Initiated GC) [PSYoungGen: 37499K->160K(175104K)] 449681K->449128K(699392K), 0.0078504 secs] [Times: user=0.08 sys=0.00, real=0.00 secs] 
2016-09-24T00:35:17.538-0400: 286.270: [GC (GCLocker Initiated GC) [PSYoungGen: 88224K->85790K(175104K)] 537192K->552984K(699392K), 0.0210577 secs] [Times: user=0.23 sys=0.00, real=0.02 secs] 
2016-09-24T00:35:17.560-0400: 286.291: [Full GC (Ergonomics) [PSYoungGen: 85790K->0K(175104K)] [ParOldGen: 467193K->54901K(524288K)] 552984K->54901K(699392K), [Metaspace: 44596K->44596K(1087488K)], 0.0568404 secs] [Times: user=0.36 sys=0.01, real=0.06 secs] 
2016-09-24T00:35:17.730-0400: 286.462: [GC (GCLocker Initiated GC) [PSYoungGen: 88064K->74060K(175104K)] 149324K->135320K(699392K), 0.0071114 secs] [Times: user=0.10 sys=0.00, real=0.01 secs] 
2016-09-24T00:35:17.856-0400: 286.587: [GC (GCLocker Initiated GC) [PSYoungGen: 162124K->73640K(175104K)] 229814K->160267K(699392K), 0.0083635 secs] [Times: user=0.09 sys=0.00, real=0.01 secs] 
2016-09-24T00:35:18.003-0400: 286.735: [GC (GCLocker Initiated GC) [PSYoungGen: 161704K->36802K(175104K)] 254853K->148427K(699392K), 0.0102343 secs] [Times: user=0.10 sys=0.00, real=0.00 secs] 
2016-09-24T00:35:18.116-0400: 286.847: [GC (GCLocker Initiated GC) [PSYoungGen: 124866K->85562K(175104K)] 236650K->197481K(699392K), 0.0164626 secs] [Times: user=0.22 sys=0.01, real=0.01 secs] 
2016-09-24T00:35:18.221-0400: 286.953: [GC (GCLocker Initiated GC) [PSYoungGen: 173626K->73644K(175104K)] 285613K->228244K(699392K), 0.0349748 secs] [Times: user=0.34 sys=0.00, real=0.04 secs] 
2016-09-24T00:35:18.361-0400: 287.092: [GC (Allocation Failure) [PSYoungGen: 161708K->79719K(175104K)] 316534K->259448K(699392K), 0.0216825 secs] [Times: user=0.22 sys=0.00, real=0.03 secs] 
2016-09-24T00:35:18.495-0400: 287.227: [GC (GCLocker Initiated GC) [PSYoungGen: 167783K->43041K(175104K)] 347518K->265378K(699392K), 0.0240665 secs] [Times: user=0.24 sys=0.00, real=0.02 secs] 
2016-09-24T00:35:18.632-0400: 287.364: [GC (GCLocker Initiated GC) [PSYoungGen: 131105K->85694K(175104K)] 353490K->308167K(699392K), 0.0109108 secs] [Times: user=0.10 sys=0.00, real=0.02 secs] 
2016-09-24T00:35:18.736-0400: 287.468: [GC (GCLocker Initiated GC) [PSYoungGen: 173758K->67533K(175104K)] 402415K->345089K(699392K), 0.0123525 secs] [Times: user=0.11 sys=0.00, real=0.01 secs] 
2016-09-24T00:35:18.856-0400: 287.588: [GC (GCLocker Initiated GC) [PSYoungGen: 155597K->85986K(175104K)] 433262K->400425K(699392K), 0.0123649 secs] [Times: user=0.15 sys=0.00, real=0.01 secs] 
2016-09-24T00:35:19.013-0400: 287.744: [GC (Allocation Failure) [PSYoungGen: 174050K->67337K(175104K)] 494717K->406529K(699392K), 0.0075560 secs] [Times: user=0.10 sys=0.00, real=0.01 secs] 
2016-09-24T00:35:19.130-0400: 287.861: [GC (GCLocker Initiated GC) [PSYoungGen: 155401K->85890K(175104K)] 494598K->431258K(699392K), 0.0267651 secs] [Times: user=0.27 sys=0.00, real=0.03 secs] 
2016-09-24T00:35:19.286-0400: 288.018: [GC (Allocation Failure) [PSYoungGen: 173954K->43233K(175104K)] 537706K->449949K(699392K), 0.0097028 secs] [Times: user=0.10 sys=0.00, real=0.01 secs] 
2016-09-24T00:35:19.418-0400: 288.150: [GC (GCLocker Initiated GC) [PSYoungGen: 131297K->73644K(175104K)] 538019K->504786K(699392K), 0.0239668 secs] [Times: user=0.25 sys=0.00, real=0.02 secs] 
2016-09-24T00:35:19.548-0400: 288.280: [GC (Allocation Failure) [PSYoungGen: 161708K->55351K(175104K)] 599230K->529614K(699392K), 0.0150188 secs] [Times: user=0.16 sys=0.00, real=0.02 secs] 
2016-09-24T00:35:19.564-0400: 288.295: [Full GC (Ergonomics) [PSYoungGen: 55351K->0K(175104K)] [ParOldGen: 474263K->60692K(524288K)] 529614K->60692K(699392K), [Metaspace: 44596K->44596K(1087488K)], 0.0622587 secs] [Times: user=0.39 sys=0.01, real=0.06 secs] 
2016-09-24T00:35:19.732-0400: 288.464: [GC (GCLocker Initiated GC) [PSYoungGen: 88064K->80327K(175104K)] 148756K->141019K(699392K), 0.0175125 secs] [Times: user=0.21 sys=0.00, real=0.02 secs] 
2016-09-24T00:35:19.881-0400: 288.612: [GC (GCLocker Initiated GC) [PSYoungGen: 168391K->55351K(175104K)] 229265K->135581K(699392K), 0.0069746 secs] [Times: user=0.06 sys=0.01, real=0.01 secs] 
2016-09-24T00:35:20.023-0400: 288.754: [GC (GCLocker Initiated GC) [PSYoungGen: 143415K->42781K(175104K)] 224002K->123603K(699392K), 0.0078000 secs] [Times: user=0.06 sys=0.00, real=0.00 secs] 
2016-09-24T00:35:20.132-0400: 288.864: [GC (GCLocker Initiated GC) [PSYoungGen: 130845K->67305K(175104K)] 211743K->166555K(699392K), 0.0153881 secs] [Times: user=0.14 sys=0.00, real=0.02 secs] 
2016-09-24T00:35:20.264-0400: 288.995: [GC (GCLocker Initiated GC) [PSYoungGen: 155369K->73804K(175104K)] 260754K->215766K(699392K), 0.0152447 secs] [Times: user=0.20 sys=0.00, real=0.01 secs] 
2016-09-24T00:35:20.377-0400: 289.108: [GC (Allocation Failure) [PSYoungGen: 161868K->79779K(175104K)] 310255K->289248K(699392K), 0.0114982 secs] [Times: user=0.15 sys=0.00, real=0.01 secs] 
2016-09-24T00:35:20.487-0400: 289.218: [GC (GCLocker Initiated GC) [PSYoungGen: 163867K->49344K(175104K)] 379411K->277297K(699392K), 0.0130053 secs] [Times: user=0.09 sys=0.01, real=0.01 secs] 
2016-09-24T00:35:20.634-0400: 289.365: [GC (GCLocker Initiated GC) [PSYoungGen: 137408K->67405K(175104K)] 371685K->319978K(699392K), 0.0136420 secs] [Times: user=0.12 sys=0.00, real=0.02 secs] 
2016-09-24T00:35:20.755-0400: 289.486: [GC (GCLocker Initiated GC) [PSYoungGen: 155469K->73772K(175104K)] 414243K->332682K(699392K), 0.0138408 secs] [Times: user=0.16 sys=0.00, real=0.01 secs] 
2016-09-24T00:35:20.885-0400: 289.616: [GC (GCLocker Initiated GC) [PSYoungGen: 161836K->85822K(175104K)] 420804K->406036K(699392K), 0.0124275 secs] [Times: user=0.16 sys=0.00, real=0.01 secs] 
2016-09-24T00:35:21.020-0400: 289.752: [GC (GCLocker Initiated GC) [PSYoungGen: 173886K->86050K(175104K)] 494265K->437127K(699392K), 0.0099089 secs] [Times: user=0.13 sys=0.01, real=0.01 secs] 
2016-09-24T00:35:21.162-0400: 289.894: [GC (Allocation Failure) [PSYoungGen: 174114K->55775K(175104K)] 531549K->450139K(699392K), 0.0127376 secs] [Times: user=0.17 sys=0.00, real=0.01 secs] 
2016-09-24T00:35:21.291-0400: 290.022: [GC (GCLocker Initiated GC) [PSYoungGen: 143839K->49344K(175104K)] 538209K->462026K(699392K), 0.0117234 secs] [Times: user=0.12 sys=0.00, real=0.02 secs] 
2016-09-24T00:35:21.422-0400: 290.153: [GC (GCLocker Initiated GC) [PSYoungGen: 137408K->61262K(175104K)] 550373K->510969K(699392K), 0.0100310 secs] [Times: user=0.10 sys=0.00, real=0.01 secs] 
2016-09-24T00:35:21.544-0400: 290.275: [GC (GCLocker Initiated GC) [PSYoungGen: 149326K->67637K(175104K)] 599192K->535839K(699392K), 0.0196102 secs] [Times: user=0.18 sys=0.00, real=0.02 secs] 
2016-09-24T00:35:21.564-0400: 290.295: [Full GC (Ergonomics) [PSYoungGen: 67637K->0K(175104K)] [ParOldGen: 468202K->55089K(524288K)] 535839K->55089K(699392K), [Metaspace: 44596K->44596K(1087488K)], 0.0598094 secs] [Times: user=0.39 sys=0.01, real=0.06 secs] 
2016-09-24T00:35:21.720-0400: 290.452: [GC (GCLocker Initiated GC) [PSYoungGen: 88064K->79939K(175104K)] 155352K->147227K(699392K), 0.0151490 secs] [Times: user=0.15 sys=0.00, real=0.02 secs] 
2016-09-24T00:35:21.857-0400: 290.588: [GC (Allocation Failure) [PSYoungGen: 168003K->43269K(175104K)] 235495K->166139K(699392K), 0.0227224 secs] [Times: user=0.26 sys=0.00, real=0.02 secs] 
2016-09-24T00:35:21.880-0400: 290.611: [GC (GCLocker Initiated GC) [PSYoungGen: 43652K->192K(175104K)] 166523K->178254K(699392K), 0.0099210 secs] [Times: user=0.09 sys=0.00, real=0.01 secs] 
2016-09-24T00:35:21.990-0400: 290.722: [GC (GCLocker Initiated GC) [PSYoungGen: 88256K->85694K(175104K)] 266324K->282019K(699392K), 0.0211436 secs] [Times: user=0.26 sys=0.01, real=0.02 secs] 
2016-09-24T00:35:22.126-0400: 290.858: [GC (GCLocker Initiated GC) [PSYoungGen: 173758K->61882K(175104K)] 382527K->343859K(699392K), 0.0118524 secs] [Times: user=0.16 sys=0.01, real=0.01 secs] 
2016-09-24T00:35:22.256-0400: 290.987: [GC (GCLocker Initiated GC) [PSYoungGen: 149946K->73576K(175104K)] 431971K->422725K(699392K), 0.0148945 secs] [Times: user=0.14 sys=0.01, real=0.01 secs] 
2016-09-24T00:35:22.386-0400: 291.118: [GC (Allocation Failure) [PSYoungGen: 161640K->49180K(175104K)] 511049K->429232K(699392K), 0.0170644 secs] [Times: user=0.18 sys=0.00, real=0.02 secs] 
2016-09-24T00:35:22.491-0400: 291.222: [GC (GCLocker Initiated GC) [PSYoungGen: 137244K->85662K(175104K)] 517301K->490303K(699392K), 0.0123650 secs] [Times: user=0.11 sys=0.01, real=0.02 secs] 
2016-09-24T00:35:22.629-0400: 291.360: [GC (GCLocker Initiated GC) [PSYoungGen: 173726K->55383K(175104K)] 578717K->497100K(699392K), 0.0109405 secs] [Times: user=0.09 sys=0.00, real=0.01 secs] 
2016-09-24T00:35:22.640-0400: 291.371: [Full GC (Ergonomics) [PSYoungGen: 55383K->0K(175104K)] [ParOldGen: 441717K->60988K(524288K)] 497100K->60988K(699392K), [Metaspace: 44596K->44596K(1087488K)], 0.0713723 secs] [Times: user=0.48 sys=0.00, real=0.07 secs] 
2016-09-24T00:35:22.827-0400: 291.559: [GC (GCLocker Initiated GC) [PSYoungGen: 88064K->86406K(175104K)] 149094K->208186K(699392K), 0.0100392 secs] [Times: user=0.12 sys=0.01, real=0.01 secs] 
2016-09-24T00:35:22.972-0400: 291.703: [GC (GCLocker Initiated GC) [PSYoungGen: 174470K->61458K(175104K)] 302356K->281352K(699392K), 0.0109546 secs] [Times: user=0.14 sys=0.00, real=0.02 secs] 
2016-09-24T00:35:23.087-0400: 291.819: [GC (GCLocker Initiated GC) [PSYoungGen: 149522K->73412K(175104K)] 369452K->330092K(699392K), 0.0155493 secs] [Times: user=0.15 sys=0.00, real=0.02 secs] 
2016-09-24T00:35:23.205-0400: 291.936: [GC (GCLocker Initiated GC) [PSYoungGen: 161476K->85758K(175104K)] 418186K->385113K(699392K), 0.0121044 secs] [Times: user=0.15 sys=0.01, real=0.01 secs] 
2016-09-24T00:35:23.356-0400: 292.087: [GC (GCLocker Initiated GC) [PSYoungGen: 173822K->18709K(175104K)] 485665K->379420K(699392K), 0.0090505 secs] [Times: user=0.10 sys=0.00, real=0.01 secs] 
2016-09-24T00:35:23.483-0400: 292.215: [GC (GCLocker Initiated GC) [PSYoungGen: 106773K->79491K(175104K)] 473635K->446449K(699392K), 0.0232970 secs] [Times: user=0.24 sys=0.00, real=0.02 secs] 
2016-09-24T00:35:23.640-0400: 292.372: [GC (GCLocker Initiated GC) [PSYoungGen: 167555K->61494K(175104K)] 540735K->465153K(699392K), 0.0105084 secs] [Times: user=0.09 sys=0.00, real=0.01 secs] 
2016-09-24T00:35:23.760-0400: 292.492: [GC (GCLocker Initiated GC) [PSYoungGen: 149558K->43269K(175104K)] 559462K->477757K(699392K), 0.0130601 secs] [Times: user=0.13 sys=0.00, real=0.01 secs] 
2016-09-24T00:35:23.896-0400: 292.627: [GC (GCLocker Initiated GC) [PSYoungGen: 131333K->85854K(175104K)] 566188K->545497K(699392K), 0.0149650 secs] [Times: user=0.20 sys=0.01, real=0.01 secs] 
2016-09-24T00:35:23.911-0400: 292.642: [Full GC (Ergonomics) [PSYoungGen: 85854K->0K(175104K)] [ParOldGen: 459643K->53852K(524288K)] 545497K->53852K(699392K), [Metaspace: 44597K->44597K(1087488K)], 0.0616265 secs] [Times: user=0.41 sys=0.01, real=0.06 secs] 
2016-09-24T00:35:24.088-0400: 292.820: [GC (GCLocker Initiated GC) [PSYoungGen: 88064K->85758K(175104K)] 154276K->158045K(699392K), 0.0105180 secs] [Times: user=0.13 sys=0.00, real=0.01 secs] 
2016-09-24T00:35:24.209-0400: 292.941: [GC (GCLocker Initiated GC) [PSYoungGen: 173822K->79911K(175104K)] 246397K->189423K(699392K), 0.0102538 secs] [Times: user=0.16 sys=0.00, real=0.01 secs] 
2016-09-24T00:35:24.367-0400: 293.098: [GC (Allocation Failure) [PSYoungGen: 167975K->61490K(175104K)] 283604K->195628K(699392K), 0.0087095 secs] [Times: user=0.09 sys=0.00, real=0.01 secs] 
2016-09-24T00:35:24.498-0400: 293.230: [GC (GCLocker Initiated GC) [PSYoungGen: 145920K->55319K(175104K)] 286133K->250498K(699392K), 0.0099913 secs] [Times: user=0.08 sys=0.00, real=0.01 secs] 
2016-09-24T00:35:24.624-0400: 293.355: [GC (GCLocker Initiated GC) [PSYoungGen: 143383K->79783K(175104K)] 338655K->275322K(699392K), 0.0098456 secs] [Times: user=0.07 sys=0.00, real=0.00 secs] 
2016-09-24T00:35:24.733-0400: 293.464: [GC (GCLocker Initiated GC) [PSYoungGen: 167847K->61458K(175104K)] 363674K->294035K(699392K), 0.0213425 secs] [Times: user=0.22 sys=0.00, real=0.03 secs] 
2016-09-24T00:35:24.857-0400: 293.588: [GC (GCLocker Initiated GC) [PSYoungGen: 149522K->79979K(175104K)] 382387K->361571K(699392K), 0.0249942 secs] [Times: user=0.28 sys=0.00, real=0.02 secs] 
2016-09-24T00:35:25.009-0400: 293.741: [GC (GCLocker Initiated GC) [PSYoungGen: 168043K->49372K(175104K)] 462018K->374146K(699392K), 0.0196873 secs] [Times: user=0.19 sys=0.02, real=0.02 secs] 
2016-09-24T00:35:25.136-0400: 293.868: [GC (GCLocker Initiated GC) [PSYoungGen: 137436K->86150K(175104K)] 462330K->453728K(699392K), 0.0181720 secs] [Times: user=0.25 sys=0.01, real=0.02 secs] 
2016-09-24T00:35:25.265-0400: 293.996: [GC (GCLocker Initiated GC) [PSYoungGen: 174214K->61622K(175104K)] 560317K->484818K(699392K), 0.0130311 secs] [Times: user=0.18 sys=0.01, real=0.01 secs] 
2016-09-24T00:35:25.393-0400: 294.125: [GC (GCLocker Initiated GC) [PSYoungGen: 149686K->55938K(175104K)] 578960K->528062K(699392K), 0.0124420 secs] [Times: user=0.17 sys=0.00, real=0.02 secs] 
2016-09-24T00:35:25.406-0400: 294.137: [Full GC (Ergonomics) [PSYoungGen: 55938K->0K(175104K)] [ParOldGen: 472123K->47809K(524288K)] 528062K->47809K(699392K), [Metaspace: 44597K->44597K(1087488K)], 0.0557475 secs] [Times: user=0.32 sys=0.00, real=0.05 secs] 
2016-09-24T00:35:25.614-0400: 294.346: [GC (GCLocker Initiated GC) [PSYoungGen: 88064K->55643K(175104K)] 148249K->115829K(699392K), 0.0125193 secs] [Times: user=0.14 sys=0.01, real=0.01 secs] 
2016-09-24T00:35:25.737-0400: 294.468: [GC (GCLocker Initiated GC) [PSYoungGen: 143707K->43077K(175104K)] 204142K->110062K(699392K), 0.0411664 secs] [Times: user=0.33 sys=0.00, real=0.04 secs] 
2016-09-24T00:35:25.911-0400: 294.642: [GC (Allocation Failure) [PSYoungGen: 131141K->61234K(175104K)] 198482K->177598K(699392K), 0.0207143 secs] [Times: user=0.20 sys=0.00, real=0.02 secs] 
2016-09-24T00:35:26.080-0400: 294.812: [GC (GCLocker Initiated GC) [PSYoungGen: 149298K->61134K(175104K)] 265668K->195832K(699392K), 0.0193504 secs] [Times: user=0.21 sys=0.00, real=0.02 secs] 
2016-09-24T00:35:26.198-0400: 294.929: [GC (GCLocker Initiated GC) [PSYoungGen: 149198K->67501K(175104K)] 283944K->238841K(699392K), 0.0102780 secs] [Times: user=0.14 sys=0.01, real=0.01 secs] 
2016-09-24T00:35:26.308-0400: 295.039: [GC (GCLocker Initiated GC) [PSYoungGen: 155565K->73740K(175104K)] 327267K->269862K(699392K), 0.0116092 secs] [Times: user=0.09 sys=0.00, real=0.01 secs] 
2016-09-24T00:35:26.420-0400: 295.151: [GC (GCLocker Initiated GC) [PSYoungGen: 161804K->85626K(175104K)] 357962K->336767K(699392K), 0.0120432 secs] [Times: user=0.18 sys=0.00, real=0.01 secs] 
2016-09-24T00:35:26.538-0400: 295.270: [GC (GCLocker Initiated GC) [PSYoungGen: 173690K->49667K(175104K)] 425119K->368034K(699392K), 0.0127530 secs] [Times: user=0.18 sys=0.01, real=0.01 secs] 
2016-09-24T00:35:26.660-0400: 295.392: [GC (Allocation Failure) [PSYoungGen: 137731K->61590K(175104K)] 462522K->386648K(699392K), 0.0164316 secs] [Times: user=0.18 sys=0.00, real=0.02 secs] 
2016-09-24T00:35:26.799-0400: 295.531: [GC (GCLocker Initiated GC) [PSYoungGen: 147255K->73672K(175104K)] 478388K->423181K(699392K), 0.0105150 secs] [Times: user=0.13 sys=0.00, real=0.01 secs] 
2016-09-24T00:35:26.963-0400: 295.694: [GC (GCLocker Initiated GC) [PSYoungGen: 161735K->73740K(175104K)] 517681K->429813K(699392K), 0.0102020 secs] [Times: user=0.10 sys=0.00, real=0.00 secs] 
2016-09-24T00:35:27.111-0400: 295.842: [GC (GCLocker Initiated GC) [PSYoungGen: 161804K->67469K(175104K)] 518120K->424076K(699392K), 0.0169727 secs] [Times: user=0.22 sys=0.00, real=0.02 secs] 
2016-09-24T00:35:27.316-0400: 296.047: [GC (GCLocker Initiated GC) [PSYoungGen: 155533K->43233K(175104K)] 512143K->430502K(699392K), 0.0104793 secs] [Times: user=0.13 sys=0.00, real=0.01 secs] 
2016-09-24T00:35:27.507-0400: 296.238: [GC (GCLocker Initiated GC) [PSYoungGen: 131297K->19036K(175104K)] 537135K->425141K(699392K), 0.0062835 secs] [Times: user=0.06 sys=0.00, real=0.00 secs] 
2016-09-24T00:35:27.638-0400: 296.369: [GC (GCLocker Initiated GC) [PSYoungGen: 107100K->86150K(175104K)] 513242K->510807K(699392K), 0.0214859 secs] [Times: user=0.27 sys=0.01, real=0.02 secs] 
2016-09-24T00:35:27.792-0400: 296.523: [GC (GCLocker Initiated GC) [PSYoungGen: 174214K->73804K(175104K)] 605089K->571640K(699392K), 0.0110988 secs] [Times: user=0.17 sys=0.00, real=0.02 secs] 
2016-09-24T00:35:27.803-0400: 296.535: [Full GC (Ergonomics) [PSYoungGen: 73804K->0K(175104K)] [ParOldGen: 497836K->47873K(524288K)] 571640K->47873K(699392K), [Metaspace: 44630K->44630K(1087488K)], 0.0502413 secs] [Times: user=0.46 sys=0.00, real=0.04 secs] 
2016-09-24T00:35:28.046-0400: 296.777: [GC (GCLocker Initiated GC) [PSYoungGen: 88064K->74583K(175104K)] 142328K->128848K(699392K), 0.0094698 secs] [Times: user=0.14 sys=0.00, real=0.01 secs] 
2016-09-24T00:35:28.201-0400: 296.932: [GC (Allocation Failure) [PSYoungGen: 162647K->86018K(175104K)] 216949K->177292K(699392K), 0.0118150 secs] [Times: user=0.17 sys=0.00, real=0.01 secs] 
2016-09-24T00:35:28.419-0400: 297.150: [GC (GCLocker Initiated GC) [PSYoungGen: 173434K->30955K(175104K)] 270784K->171089K(699392K), 0.0176325 secs] [Times: user=0.17 sys=0.00, real=0.02 secs] 
2016-09-24T00:35:28.581-0400: 297.312: [GC (Allocation Failure) [PSYoungGen: 119019K->61522K(175104K)] 265875K->208514K(699392K), 0.0063839 secs] [Times: user=0.08 sys=0.01, real=0.01 secs] 
2016-09-24T00:35:28.717-0400: 297.448: [GC (GCLocker Initiated GC) [PSYoungGen: 149586K->79847K(175104K)] 296578K->227146K(699392K), 0.0078376 secs] [Times: user=0.10 sys=0.00, real=0.01 secs] 
2016-09-24T00:35:28.878-0400: 297.609: [GC (GCLocker Initiated GC) [PSYoungGen: 167911K->85890K(175104K)] 315252K->239794K(699392K), 0.0091284 secs] [Times: user=0.12 sys=0.00, real=0.01 secs] 
2016-09-24T00:35:29.046-0400: 297.778: [GC (GCLocker Initiated GC) [PSYoungGen: 173954K->49280K(175104K)] 334053K->233782K(699392K), 0.0096570 secs] [Times: user=0.08 sys=0.00, real=0.01 secs] 
2016-09-24T00:35:29.203-0400: 297.935: [GC (GCLocker Initiated GC) [PSYoungGen: 137344K->36998K(175104K)] 321876K->240015K(699392K), 0.0364526 secs] [Times: user=0.34 sys=0.00, real=0.03 secs] 
2016-09-24T00:35:29.398-0400: 298.130: [GC (GCLocker Initiated GC) [PSYoungGen: 125062K->43333K(175104K)] 334217K->301200K(699392K), 0.0095309 secs] [Times: user=0.09 sys=0.00, real=0.01 secs] 
2016-09-24T00:35:29.588-0400: 298.320: [GC (GCLocker Initiated GC) [PSYoungGen: 131397K->18837K(175104K)] 401438K->289177K(699392K), 0.0168702 secs] [Times: user=0.20 sys=0.00, real=0.02 secs] 
2016-09-24T00:35:29.808-0400: 298.540: [GC (GCLocker Initiated GC) [PSYoungGen: 106901K->55255K(175104K)] 383436K->331886K(699392K), 0.0068677 secs] [Times: user=0.04 sys=0.00, real=0.01 secs] 
2016-09-24T00:35:29.983-0400: 298.714: [GC (GCLocker Initiated GC) [PSYoungGen: 143319K->85822K(175104K)] 420010K->368927K(699392K), 0.0127579 secs] [Times: user=0.13 sys=0.00, real=0.01 secs] 
2016-09-24T00:35:30.165-0400: 298.896: [GC (GCLocker Initiated GC) [PSYoungGen: 173886K->49340K(175104K)] 463236K->417996K(699392K), 0.0113502 secs] [Times: user=0.16 sys=0.00, real=0.01 secs] 
2016-09-24T00:35:30.358-0400: 299.089: [GC (GCLocker Initiated GC) [PSYoungGen: 137404K->55287K(175104K)] 512211K->430345K(699392K), 0.0252265 secs] [Times: user=0.30 sys=0.00, real=0.03 secs] 
2016-09-24T00:35:30.564-0400: 299.296: [GC (GCLocker Initiated GC) [PSYoungGen: 143351K->55323K(175104K)] 518595K->430646K(699392K), 0.0172964 secs] [Times: user=0.15 sys=0.00, real=0.01 secs] 
2016-09-24T00:35:30.789-0400: 299.521: [GC (GCLocker Initiated GC) [PSYoungGen: 143387K->55027K(175104K)] 518780K->430648K(699392K), 0.0199019 secs] [Times: user=0.18 sys=0.00, real=0.02 secs] 
2016-09-24T00:35:30.931-0400: 299.662: [GC (GCLocker Initiated GC) [PSYoungGen: 143091K->79847K(175104K)] 518759K->498200K(699392K), 0.0114762 secs] [Times: user=0.15 sys=0.00, real=0.02 secs] 
2016-09-24T00:35:31.070-0400: 299.801: [GC (GCLocker Initiated GC) [PSYoungGen: 167911K->73644K(175104K)] 586356K->528855K(699392K), 0.0145647 secs] [Times: user=0.16 sys=0.00, real=0.02 secs] 
2016-09-24T00:35:31.085-0400: 299.816: [Full GC (Ergonomics) [PSYoungGen: 73644K->0K(175104K)] [ParOldGen: 455211K->48472K(524288K)] 528855K->48472K(699392K), [Metaspace: 44638K->44638K(1087488K)], 0.0551216 secs] [Times: user=0.40 sys=0.00, real=0.05 secs] 
2016-09-24T00:35:31.290-0400: 300.022: [GC (GCLocker Initiated GC) [PSYoungGen: 88064K->74160K(175104K)] 142826K->128922K(699392K), 0.0130080 secs] [Times: user=0.14 sys=0.00, real=0.02 secs] 
2016-09-24T00:35:31.476-0400: 300.207: [GC (GCLocker Initiated GC) [PSYoungGen: 162224K->85790K(175104K)] 217100K->159643K(699392K), 0.0127871 secs] [Times: user=0.18 sys=0.00, real=0.01 secs] 
2016-09-24T00:35:31.686-0400: 300.418: [GC (GCLocker Initiated GC) [PSYoungGen: 173854K->73836K(175104K)] 248045K->172611K(699392K), 0.0221791 secs] [Times: user=0.29 sys=0.00, real=0.02 secs] 
2016-09-24T00:35:31.871-0400: 300.602: [GC (GCLocker Initiated GC) [PSYoungGen: 161900K->61330K(175104K)] 267100K->166797K(699392K), 0.0117029 secs] [Times: user=0.08 sys=0.00, real=0.02 secs] 
2016-09-24T00:35:32.061-0400: 300.792: [GC (GCLocker Initiated GC) [PSYoungGen: 149394K->55159K(175104K)] 255121K->161129K(699392K), 0.0242788 secs] [Times: user=0.26 sys=0.00, real=0.03 secs] 
2016-09-24T00:35:32.314-0400: 301.045: [GC (GCLocker Initiated GC) [PSYoungGen: 143223K->55451K(175104K)] 255562K->167870K(699392K), 0.0301052 secs] [Times: user=0.31 sys=0.00, real=0.04 secs] 
2016-09-24T00:35:32.498-0400: 301.229: [GC (GCLocker Initiated GC) [PSYoungGen: 143515K->74100K(175104K)] 256255K->186991K(699392K), 0.0102859 secs] [Times: user=0.14 sys=0.00, real=0.01 secs] 
2016-09-24T00:35:32.659-0400: 301.390: [GC (GCLocker Initiated GC) [PSYoungGen: 162164K->67633K(175104K)] 275097K->199067K(699392K), 0.0217494 secs] [Times: user=0.22 sys=0.00, real=0.02 secs] 
2016-09-24T00:35:32.825-0400: 301.556: [GC (GCLocker Initiated GC) [PSYoungGen: 155697K->55643K(175104K)] 287396K->242365K(699392K), 0.0121020 secs] [Times: user=0.16 sys=0.00, real=0.01 secs] 
2016-09-24T00:35:32.996-0400: 301.727: [GC (GCLocker Initiated GC) [PSYoungGen: 143707K->67533K(175104K)] 336663K->285081K(699392K), 0.0126669 secs] [Times: user=0.16 sys=0.00, real=0.01 secs] 
2016-09-24T00:35:33.190-0400: 301.921: [GC (GCLocker Initiated GC) [PSYoungGen: 155597K->49408K(175104K)] 385448K->309761K(699392K), 0.0101719 secs] [Times: user=0.11 sys=0.00, real=0.01 secs] 
2016-09-24T00:35:33.390-0400: 302.122: [GC (GCLocker Initiated GC) [PSYoungGen: 137472K->86054K(175104K)] 397929K->346802K(699392K), 0.0106264 secs] [Times: user=0.12 sys=0.00, real=0.01 secs] 
2016-09-24T00:35:33.537-0400: 302.269: [GC (GCLocker Initiated GC) [PSYoungGen: 174118K->85822K(175104K)] 434908K->395512K(699392K), 0.0166190 secs] [Times: user=0.22 sys=0.00, real=0.01 secs] 
2016-09-24T00:35:33.690-0400: 302.421: [GC (GCLocker Initiated GC) [PSYoungGen: 173886K->43169K(175104K)] 483791K->377649K(699392K), 0.0132382 secs] [Times: user=0.17 sys=0.00, real=0.02 secs] 
2016-09-24T00:35:33.863-0400: 302.594: [GC (GCLocker Initiated GC) [PSYoungGen: 131233K->55383K(175104K)] 465716K->390133K(699392K), 0.0089831 secs] [Times: user=0.10 sys=0.00, real=0.00 secs] 
2016-09-24T00:35:34.053-0400: 302.784: [GC (Allocation Failure) [PSYoungGen: 143447K->55319K(175104K)] 484432K->396619K(699392K), 0.0089320 secs] [Times: user=0.11 sys=0.00, real=0.01 secs] 
2016-09-24T00:35:34.218-0400: 302.950: [GC (GCLocker Initiated GC) [PSYoungGen: 143383K->55187K(175104K)] 484688K->433234K(699392K), 0.0183510 secs] [Times: user=0.26 sys=0.00, real=0.02 secs] 
2016-09-24T00:35:34.408-0400: 303.139: [GC (GCLocker Initiated GC) [PSYoungGen: 143251K->55319K(175104K)] 521306K->433485K(699392K), 0.0213609 secs] [Times: user=0.20 sys=0.00, real=0.02 secs] 
2016-09-24T00:35:34.567-0400: 303.298: [GC (GCLocker Initiated GC) [PSYoungGen: 143381K->54963K(175104K)] 521857K->433698K(699392K), 0.0398869 secs] [Times: user=0.42 sys=0.00, real=0.04 secs] 
2016-09-24T00:35:34.786-0400: 303.517: [GC (GCLocker Initiated GC) [PSYoungGen: 143027K->19260K(175104K)] 540332K->416693K(699392K), 0.0056431 secs] [Times: user=0.07 sys=0.00, real=0.00 secs] 
2016-09-24T00:35:34.963-0400: 303.695: [GC (GCLocker Initiated GC) [PSYoungGen: 107324K->49212K(175104K)] 511137K->453323K(699392K), 0.0098598 secs] [Times: user=0.07 sys=0.00, real=0.00 secs] 
2016-09-24T00:35:35.172-0400: 303.903: [GC (Allocation Failure) [PSYoungGen: 137276K->61494K(175104K)] 547481K->471794K(699392K), 0.0097612 secs] [Times: user=0.12 sys=0.00, real=0.01 secs] 
2016-09-24T00:35:35.335-0400: 304.066: [GC (GCLocker Initiated GC) [PSYoungGen: 149558K->74000K(175104K)] 559864K->484565K(699392K), 0.0104594 secs] [Times: user=0.15 sys=0.00, real=0.01 secs] 
2016-09-24T00:35:35.529-0400: 304.260: [GC (GCLocker Initiated GC) [PSYoungGen: 162064K->73740K(175104K)] 572923K->484859K(699392K), 0.0104568 secs] [Times: user=0.12 sys=0.00, real=0.01 secs] 
2016-09-24T00:35:35.696-0400: 304.427: [GC (Allocation Failure) [PSYoungGen: 161804K->85922K(175104K)] 573077K->509449K(699392K), 0.0113171 secs] [Times: user=0.13 sys=0.01, real=0.01 secs] 
2016-09-24T00:35:35.902-0400: 304.633: [GC (GCLocker Initiated GC) [PSYoungGen: 173875K->55155K(175104K)] 597658K->521746K(699392K), 0.0108926 secs] [Times: user=0.15 sys=0.00, real=0.01 secs] 
2016-09-24T00:35:36.050-0400: 304.781: [Full GC (Ergonomics) [PSYoungGen: 143219K->0K(175104K)] [ParOldGen: 472814K->48377K(524288K)] 616033K->48377K(699392K), [Metaspace: 44640K->44640K(1087488K)], 0.0591361 secs] [Times: user=0.33 sys=0.01, real=0.06 secs] 
2016-09-24T00:35:36.289-0400: 305.021: [GC (Allocation Failure) [PSYoungGen: 88064K->86374K(175104K)] 136527K->140912K(699392K), 0.0117508 secs] [Times: user=0.14 sys=0.00, real=0.01 secs] 
2016-09-24T00:35:36.498-0400: 305.230: [GC (Allocation Failure) [PSYoungGen: 171634K->37126K(175104K)] 226173K->110757K(699392K), 0.0087397 secs] [Times: user=0.10 sys=0.00, real=0.01 secs] 
2016-09-24T00:35:36.637-0400: 305.369: [GC (GCLocker Initiated GC) [PSYoungGen: 125190K->55451K(175104K)] 204896K->135245K(699392K), 0.0190924 secs] [Times: user=0.21 sys=0.00, real=0.02 secs] 
2016-09-24T00:35:36.842-0400: 305.574: [GC (GCLocker Initiated GC) [PSYoungGen: 143515K->37485K(175104K)] 235607K->129877K(699392K), 0.0063521 secs] [Times: user=0.08 sys=0.00, real=0.00 secs] 
2016-09-24T00:35:37.021-0400: 305.752: [GC (GCLocker Initiated GC) [PSYoungGen: 125549K->73608K(175104K)] 224337K->172670K(699392K), 0.0161910 secs] [Times: user=0.22 sys=0.00, real=0.02 secs] 
2016-09-24T00:35:37.203-0400: 305.934: [GC (GCLocker Initiated GC) [PSYoungGen: 161670K->61622K(175104K)] 267163K->167226K(699392K), 0.0221704 secs] [Times: user=0.26 sys=0.00, real=0.02 secs] 
2016-09-24T00:35:37.403-0400: 306.135: [GC (GCLocker Initiated GC) [PSYoungGen: 149686K->73608K(175104K)] 261401K->185614K(699392K), 0.0095558 secs] [Times: user=0.11 sys=0.00, real=0.00 secs] 
2016-09-24T00:35:37.581-0400: 306.312: [GC (Allocation Failure) [PSYoungGen: 161672K->55383K(175104K)] 279974K->216517K(699392K), 0.0104112 secs] [Times: user=0.13 sys=0.01, real=0.01 secs] 
2016-09-24T00:35:37.751-0400: 306.482: [GC (GCLocker Initiated GC) [PSYoungGen: 137878K->55679K(175104K)] 305088K->223016K(699392K), 0.0190179 secs] [Times: user=0.25 sys=0.00, real=0.02 secs] 
2016-09-24T00:35:37.947-0400: 306.678: [GC (GCLocker Initiated GC) [PSYoungGen: 143743K->61526K(175104K)] 317467K->235501K(699392K), 0.0155305 secs] [Times: user=0.15 sys=0.00, real=0.02 secs] 
2016-09-24T00:35:38.138-0400: 306.869: [GC (Allocation Failure) [PSYoungGen: 149590K->61398K(175104K)] 323921K->260289K(699392K), 0.0128406 secs] [Times: user=0.11 sys=0.00, real=0.01 secs] 
2016-09-24T00:35:38.319-0400: 307.051: [GC (GCLocker Initiated GC) [PSYoungGen: 149462K->73772K(175104K)] 348358K->272928K(699392K), 0.0082752 secs] [Times: user=0.08 sys=0.00, real=0.01 secs] 
2016-09-24T00:35:38.525-0400: 307.257: [GC (Allocation Failure) [PSYoungGen: 161836K->74036K(175104K)] 361336K->273819K(699392K), 0.0139138 secs] [Times: user=0.15 sys=0.00, real=0.01 secs] 
2016-09-24T00:35:38.693-0400: 307.425: [GC (GCLocker Initiated GC) [PSYoungGen: 157694K->55383K(175104K)] 363553K->261501K(699392K), 0.0206331 secs] [Times: user=0.24 sys=0.00, real=0.02 secs] 
2016-09-24T00:35:38.894-0400: 307.625: [GC (GCLocker Initiated GC) [PSYoungGen: 143447K->85594K(175104K)] 349613K->322426K(699392K), 0.0106931 secs] [Times: user=0.14 sys=0.00, real=0.02 secs] 
2016-09-24T00:35:39.049-0400: 307.780: [GC (GCLocker Initiated GC) [PSYoungGen: 173658K->85922K(175104K)] 416613K->377620K(699392K), 0.0338580 secs] [Times: user=0.41 sys=0.00, real=0.04 secs] 
2016-09-24T00:35:39.254-0400: 307.986: [GC (Allocation Failure) [PSYoungGen: 173986K->49180K(175104K)] 465860K->390102K(699392K), 0.0093948 secs] [Times: user=0.10 sys=0.00, real=0.01 secs] 
2016-09-24T00:35:39.433-0400: 308.165: [GC (GCLocker Initiated GC) [PSYoungGen: 137244K->73968K(175104K)] 478166K->433251K(699392K), 0.0166063 secs] [Times: user=0.20 sys=0.01, real=0.02 secs] 
2016-09-24T00:35:39.648-0400: 308.379: [GC (GCLocker Initiated GC) [PSYoungGen: 162032K->61398K(175104K)] 521525K->421134K(699392K), 0.0229605 secs] [Times: user=0.20 sys=0.01, real=0.02 secs] 
2016-09-24T00:35:39.847-0400: 308.579: [GC (GCLocker Initiated GC) [PSYoungGen: 149462K->67373K(175104K)] 515387K->433542K(699392K), 0.0085046 secs] [Times: user=0.06 sys=0.00, real=0.01 secs] 
2016-09-24T00:35:40.042-0400: 308.774: [GC (GCLocker Initiated GC) [PSYoungGen: 155437K->49472K(175104K)] 527784K->440336K(699392K), 0.0213615 secs] [Times: user=0.21 sys=0.01, real=0.02 secs] 
2016-09-24T00:35:40.215-0400: 308.947: [GC (GCLocker Initiated GC) [PSYoungGen: 137536K->49280K(175104K)] 528508K->470871K(699392K), 0.0208027 secs] [Times: user=0.21 sys=0.00, real=0.02 secs] 
2016-09-24T00:35:40.430-0400: 309.161: [GC (GCLocker Initiated GC) [PSYoungGen: 137344K->61266K(175104K)] 565075K->489248K(699392K), 0.0274168 secs] [Times: user=0.31 sys=0.00, real=0.03 secs] 
2016-09-24T00:35:40.621-0400: 309.352: [GC (GCLocker Initiated GC) [PSYoungGen: 149330K->55419K(175104K)] 583743K->526377K(699392K), 0.0149485 secs] [Times: user=0.17 sys=0.00, real=0.02 secs] 
2016-09-24T00:35:40.636-0400: 309.367: [Full GC (Ergonomics) [PSYoungGen: 55419K->0K(175104K)] [ParOldGen: 470958K->48291K(524288K)] 526377K->48291K(699392K), [Metaspace: 44640K->44640K(1087488K)], 0.0550723 secs] [Times: user=0.36 sys=0.01, real=0.05 secs] 
2016-09-24T00:35:40.885-0400: 309.616: [GC (GCLocker Initiated GC) [PSYoungGen: 88064K->86278K(175104K)] 142467K->146756K(699392K), 0.0107713 secs] [Times: user=0.10 sys=0.00, real=0.01 secs] 
2016-09-24T00:35:41.043-0400: 309.774: [GC (Allocation Failure) [PSYoungGen: 174340K->37098K(175104K)] 235174K->141315K(699392K), 0.0206146 secs] [Times: user=0.18 sys=0.00, real=0.02 secs] 
2016-09-24T00:35:41.207-0400: 309.939: [GC (GCLocker Initiated GC) [PSYoungGen: 125162K->55287K(175104K)] 229379K->159772K(699392K), 0.0101774 secs] [Times: user=0.10 sys=0.00, real=0.01 secs] 
2016-09-24T00:35:41.412-0400: 310.144: [GC (GCLocker Initiated GC) [PSYoungGen: 143351K->19100K(175104K)] 266203K->142204K(699392K), 0.0061974 secs] [Times: user=0.05 sys=0.00, real=0.01 secs] 
2016-09-24T00:35:41.588-0400: 310.319: [GC (GCLocker Initiated GC) [PSYoungGen: 107164K->55223K(175104K)] 236475K->184972K(699392K), 0.0139805 secs] [Times: user=0.12 sys=0.00, real=0.01 secs] 
2016-09-24T00:35:41.798-0400: 310.530: [GC (GCLocker Initiated GC) [PSYoungGen: 143287K->74028K(175104K)] 273151K->222221K(699392K), 0.0161153 secs] [Times: user=0.14 sys=0.01, real=0.02 secs] 
2016-09-24T00:35:41.968-0400: 310.699: [GC (GCLocker Initiated GC) [PSYoungGen: 162092K->55223K(175104K)] 310533K->204180K(699392K), 0.0225768 secs] [Times: user=0.18 sys=0.00, real=0.02 secs] 
2016-09-24T00:35:42.214-0400: 310.946: [GC (GCLocker Initiated GC) [PSYoungGen: 143287K->37389K(175104K)] 298320K->192659K(699392K), 0.0155636 secs] [Times: user=0.16 sys=0.00, real=0.02 secs] 
2016-09-24T00:35:42.408-0400: 311.139: [GC (GCLocker Initiated GC) [PSYoungGen: 125453K->61298K(175104K)] 286823K->222771K(699392K), 0.0090370 secs] [Times: user=0.08 sys=0.00, real=0.01 secs] 
2016-09-24T00:35:42.585-0400: 311.316: [GC (GCLocker Initiated GC) [PSYoungGen: 149362K->19000K(175104K)] 323270K->235724K(699392K), 0.0107931 secs] [Times: user=0.11 sys=0.01, real=0.01 secs] 
2016-09-24T00:35:42.764-0400: 311.495: [GC (GCLocker Initiated GC) [PSYoungGen: 107064K->19096K(175104K)] 342319K->254658K(699392K), 0.0081557 secs] [Times: user=0.08 sys=0.00, real=0.00 secs] 
2016-09-24T00:35:43.015-0400: 311.746: [GC (GCLocker Initiated GC) [PSYoungGen: 107160K->19032K(175104K)] 355160K->267291K(699392K), 0.0080065 secs] [Times: user=0.08 sys=0.00, real=0.01 secs] 
2016-09-24T00:35:43.196-0400: 311.927: [GC (GCLocker Initiated GC) [PSYoungGen: 107096K->37290K(175104K)] 367507K->297828K(699392K), 0.0132139 secs] [Times: user=0.14 sys=0.00, real=0.01 secs] 
2016-09-24T00:35:43.356-0400: 312.088: [GC (GCLocker Initiated GC) [PSYoungGen: 125354K->61330K(175104K)] 386129K->322404K(699392K), 0.0230590 secs] [Times: user=0.22 sys=0.00, real=0.02 secs] 
2016-09-24T00:35:43.515-0400: 312.247: [GC (GCLocker Initiated GC) [PSYoungGen: 149394K->43073K(175104K)] 410824K->328890K(699392K), 0.0123293 secs] [Times: user=0.10 sys=0.00, real=0.01 secs] 
2016-09-24T00:35:43.705-0400: 312.436: [GC (Allocation Failure) [PSYoungGen: 131137K->61522K(175104K)] 417024K->365949K(699392K), 0.0210359 secs] [Times: user=0.28 sys=0.00, real=0.02 secs] 
2016-09-24T00:35:43.879-0400: 312.611: [GC (GCLocker Initiated GC) [PSYoungGen: 149586K->55387K(175104K)] 454013K->390301K(699392K), 0.0091093 secs] [Times: user=0.08 sys=0.01, real=0.01 secs] 
2016-09-24T00:35:44.036-0400: 312.767: [GC (GCLocker Initiated GC) [PSYoungGen: 143451K->74196K(175104K)] 478389K->409466K(699392K), 0.0130683 secs] [Times: user=0.17 sys=0.00, real=0.01 secs] 
2016-09-24T00:35:44.212-0400: 312.943: [GC (Allocation Failure) [PSYoungGen: 162260K->55579K(175104K)] 503949K->415972K(699392K), 0.0077900 secs] [Times: user=0.09 sys=0.01, real=0.01 secs] 
2016-09-24T00:35:44.378-0400: 313.110: [GC (GCLocker Initiated GC) [PSYoungGen: 139996K->55255K(175104K)] 506465K->421991K(699392K), 0.0232372 secs] [Times: user=0.29 sys=0.00, real=0.02 secs] 
2016-09-24T00:35:44.560-0400: 313.291: [GC (Allocation Failure) [PSYoungGen: 143319K->42845K(175104K)] 516300K->416093K(699392K), 0.0065497 secs] [Times: user=0.06 sys=0.00, real=0.01 secs] 
2016-09-24T00:35:44.753-0400: 313.485: [GC (Allocation Failure) [PSYoungGen: 128664K->18904K(175104K)] 501913K->392265K(699392K), 0.0152613 secs] [Times: user=0.15 sys=0.00, real=0.02 secs] 
2016-09-24T00:35:44.924-0400: 313.655: [GC (GCLocker Initiated GC) [PSYoungGen: 106968K->55351K(175104K)] 480329K->428987K(699392K), 0.0152874 secs] [Times: user=0.16 sys=0.01, real=0.01 secs] 
2016-09-24T00:35:45.092-0400: 313.823: [GC (Allocation Failure) [PSYoungGen: 143415K->67537K(175104K)] 517400K->441626K(699392K), 0.0147815 secs] [Times: user=0.14 sys=0.00, real=0.02 secs] 
2016-09-24T00:35:45.257-0400: 313.988: [GC (GCLocker Initiated GC) [PSYoungGen: 150666K->55095K(175104K)] 530830K->435502K(699392K), 0.0159222 secs] [Times: user=0.13 sys=0.00, real=0.01 secs] 
2016-09-24T00:35:45.445-0400: 314.176: [GC (GCLocker Initiated GC) [PSYoungGen: 143159K->85694K(175104K)] 523614K->466432K(699392K), 0.0302992 secs] [Times: user=0.33 sys=0.00, real=0.03 secs] 
2016-09-24T00:35:45.618-0400: 314.350: [GC (GCLocker Initiated GC) [PSYoungGen: 173758K->73384K(175104K)] 554548K->460549K(699392K), 0.0136047 secs] [Times: user=0.12 sys=0.01, real=0.01 secs] 
2016-09-24T00:35:45.779-0400: 314.511: [GC (GCLocker Initiated GC) [PSYoungGen: 161448K->79947K(175104K)] 554735K->473330K(699392K), 0.0245108 secs] [Times: user=0.24 sys=0.00, real=0.03 secs] 
2016-09-24T00:35:45.978-0400: 314.709: [GC (Allocation Failure) [PSYoungGen: 168011K->61266K(175104K)] 561424K->473211K(699392K), 0.0125761 secs] [Times: user=0.12 sys=0.00, real=0.01 secs] 
2016-09-24T00:35:46.128-0400: 314.859: [GC (GCLocker Initiated GC) [PSYoungGen: 144769K->36966K(175104K)] 562790K->497771K(699392K), 0.0106885 secs] [Times: user=0.10 sys=0.00, real=0.01 secs] 
2016-09-24T00:35:46.320-0400: 315.051: [GC (Allocation Failure) [PSYoungGen: 125030K->55451K(175104K)] 585854K->516402K(699392K), 0.0201134 secs] [Times: user=0.21 sys=0.01, real=0.02 secs] 
2016-09-24T00:35:46.482-0400: 315.213: [GC (GCLocker Initiated GC) [PSYoungGen: 139098K->31086K(175104K)] 606124K->535010K(699392K), 0.0145267 secs] [Times: user=0.16 sys=0.00, real=0.02 secs] 
2016-09-24T00:35:46.496-0400: 315.228: [Full GC (Ergonomics) [PSYoungGen: 31086K->0K(175104K)] [ParOldGen: 503923K->48345K(524288K)] 535010K->48345K(699392K), [Metaspace: 44651K->44651K(1087488K)], 0.0590796 secs] [Times: user=0.29 sys=0.00, real=0.06 secs] 
2016-09-24T00:35:46.728-0400: 315.459: [GC (Allocation Failure) [PSYoungGen: 88064K->73996K(175104K)] 136416K->122348K(699392K), 0.0063325 secs] [Times: user=0.06 sys=0.00, real=0.01 secs] 
2016-09-24T00:35:46.898-0400: 315.629: [GC (GCLocker Initiated GC) [PSYoungGen: 162060K->61462K(175104K)] 210418K->147145K(699392K), 0.0147826 secs] [Times: user=0.15 sys=0.00, real=0.01 secs] 
2016-09-24T00:35:47.079-0400: 315.810: [GC (Allocation Failure) [PSYoungGen: 149526K->79523K(175104K)] 235251K->183757K(699392K), 0.0353660 secs] [Times: user=0.35 sys=0.00, real=0.04 secs] 
2016-09-24T00:35:47.301-0400: 316.032: [GC (GCLocker Initiated GC) [PSYoungGen: 167587K->61654K(175104K)] 271826K->214769K(699392K), 0.0114644 secs] [Times: user=0.13 sys=0.00, real=0.01 secs] 
2016-09-24T00:35:47.468-0400: 316.200: [GC (GCLocker Initiated GC) [PSYoungGen: 149718K->73772K(175104K)] 302874K->227188K(699392K), 0.0152174 secs] [Times: user=0.19 sys=0.00, real=0.02 secs] 
2016-09-24T00:35:47.696-0400: 316.428: [GC (GCLocker Initiated GC) [PSYoungGen: 161836K->49308K(175104K)] 327740K->215456K(699392K), 0.0112443 secs] [Times: user=0.11 sys=0.00, real=0.01 secs] 
2016-09-24T00:35:47.875-0400: 316.607: [GC (GCLocker Initiated GC) [PSYoungGen: 137372K->73904K(175104K)] 303819K->240470K(699392K), 0.0189530 secs] [Times: user=0.22 sys=0.00, real=0.02 secs] 
2016-09-24T00:35:48.059-0400: 316.791: [GC (Allocation Failure) [PSYoungGen: 161968K->67437K(175104K)] 328890K->234650K(699392K), 0.0099411 secs] [Times: user=0.07 sys=0.01, real=0.01 secs] 
2016-09-24T00:35:48.208-0400: 316.939: [GC (GCLocker Initiated GC) [PSYoungGen: 155501K->73512K(175104K)] 322720K->240818K(699392K), 0.0237437 secs] [Times: user=0.27 sys=0.00, real=0.02 secs] 
2016-09-24T00:35:48.399-0400: 317.130: [GC (Allocation Failure) [PSYoungGen: 161576K->36966K(175104K)] 335161K->210834K(699392K), 0.0054461 secs] [Times: user=0.04 sys=0.00, real=0.01 secs] 
2016-09-24T00:35:48.587-0400: 317.318: [GC (Allocation Failure) [PSYoungGen: 121128K->18936K(175104K)] 294996K->193072K(699392K), 0.0051678 secs] [Times: user=0.05 sys=0.00, real=0.00 secs] 
2016-09-24T00:35:48.756-0400: 317.487: [GC (Allocation Failure) [PSYoungGen: 107000K->73544K(175104K)] 281136K->248151K(699392K), 0.0255319 secs] [Times: user=0.32 sys=0.00, real=0.02 secs] 
2016-09-24T00:35:48.938-0400: 317.670: [GC (GCLocker Initiated GC) [PSYoungGen: 161608K->61654K(175104K)] 336215K->236380K(699392K), 0.0188612 secs] [Times: user=0.25 sys=0.00, real=0.02 secs] 
2016-09-24T00:35:49.107-0400: 317.838: [GC (Allocation Failure) [PSYoungGen: 149718K->79783K(175104K)] 324553K->254901K(699392K), 0.0097722 secs] [Times: user=0.11 sys=0.00, real=0.01 secs] 
2016-09-24T00:35:49.260-0400: 317.991: [GC (GCLocker Initiated GC) [PSYoungGen: 166076K->31086K(175104K)] 347270K->248990K(699392K), 0.0322623 secs] [Times: user=0.34 sys=0.00, real=0.03 secs] 
2016-09-24T00:35:49.470-0400: 318.201: [GC (Allocation Failure) [PSYoungGen: 119150K->36934K(175104K)] 343198K->261240K(699392K), 0.0148746 secs] [Times: user=0.12 sys=0.00, real=0.02 secs] 
2016-09-24T00:35:49.677-0400: 318.408: [GC (Allocation Failure) [PSYoungGen: 122643K->36998K(175104K)] 346949K->285896K(699392K), 0.0287648 secs] [Times: user=0.30 sys=0.00, real=0.03 secs] 
2016-09-24T00:35:49.859-0400: 318.591: [GC (GCLocker Initiated GC) [PSYoungGen: 122993K->43041K(175104K)] 377966K->298297K(699392K), 0.0098465 secs] [Times: user=0.06 sys=0.00, real=0.01 secs] 
2016-09-24T00:35:50.039-0400: 318.771: [GC (Allocation Failure) [PSYoungGen: 131105K->55255K(175104K)] 392477K->316739K(699392K), 0.0085230 secs] [Times: user=0.07 sys=0.01, real=0.01 secs] 
2016-09-24T00:35:50.214-0400: 318.945: [GC (GCLocker Initiated GC) [PSYoungGen: 143319K->55223K(175104K)] 404808K->323079K(699392K), 0.0102395 secs] [Times: user=0.10 sys=0.00, real=0.02 secs] 
2016-09-24T00:35:50.388-0400: 319.119: [GC (Allocation Failure) [PSYoungGen: 143287K->36930K(175104K)] 417483K->311417K(699392K), 0.0066815 secs] [Times: user=0.08 sys=0.00, real=0.01 secs] 
2016-09-24T00:35:50.551-0400: 319.283: [GC (Allocation Failure) [PSYoungGen: 124994K->55191K(175104K)] 399481K->329782K(699392K), 0.0284278 secs] [Times: user=0.26 sys=0.00, real=0.03 secs] 
2016-09-24T00:35:50.770-0400: 319.502: [GC (GCLocker Initiated GC) [PSYoungGen: 143253K->55123K(143360K)] 417849K->329987K(667648K), 0.0069283 secs] [Times: user=0.05 sys=0.00, real=0.01 secs] 
2016-09-24T00:35:50.937-0400: 319.668: [GC (GCLocker Initiated GC) [PSYoungGen: 143187K->85758K(174080K)] 418356K->361046K(698368K), 0.0233820 secs] [Times: user=0.25 sys=0.00, real=0.02 secs] 
2016-09-24T00:35:51.106-0400: 319.837: [GC (Allocation Failure) [PSYoungGen: 173310K->55970K(174592K)] 448953K->374290K(698880K), 0.0098867 secs] [Times: user=0.11 sys=0.00, real=0.01 secs] 
2016-09-24T00:35:51.273-0400: 320.004: [GC (Allocation Failure) [PSYoungGen: 140550K->18773K(175104K)] 458870K->337532K(699392K), 0.0055606 secs] [Times: user=0.05 sys=0.00, real=0.01 secs] 
2016-09-24T00:35:51.434-0400: 320.165: [GC (GCLocker Initiated GC) [PSYoungGen: 106837K->49084K(175104K)] 425601K->368076K(699392K), 0.0178305 secs] [Times: user=0.14 sys=0.01, real=0.02 secs] 
2016-09-24T00:35:51.612-0400: 320.344: [GC (GCLocker Initiated GC) [PSYoungGen: 137148K->55191K(175104K)] 462257K->380403K(699392K), 0.0066940 secs] [Times: user=0.06 sys=0.00, real=0.01 secs] 
2016-09-24T00:35:51.823-0400: 320.555: [GC (GCLocker Initiated GC) [PSYoungGen: 143255K->19260K(175104K)] 487025K->417997K(699392K), 0.0162278 secs] [Times: user=0.22 sys=0.00, real=0.01 secs] 
2016-09-24T00:35:52.006-0400: 320.737: [GC (Allocation Failure) [PSYoungGen: 107324K->55223K(175104K)] 512480K->460474K(699392K), 0.0066033 secs] [Times: user=0.04 sys=0.00, real=0.00 secs] 
2016-09-24T00:35:52.196-0400: 320.928: [GC (GCLocker Initiated GC) [PSYoungGen: 143287K->73608K(175104K)] 548544K->478952K(699392K), 0.0178979 secs] [Times: user=0.22 sys=0.00, real=0.02 secs] 
2016-09-24T00:35:52.377-0400: 321.108: [GC (GCLocker Initiated GC) [PSYoungGen: 161672K->55415K(175104K)] 567378K->461224K(699392K), 0.0120431 secs] [Times: user=0.13 sys=0.00, real=0.01 secs] 
2016-09-24T00:35:52.586-0400: 321.318: [GC (GCLocker Initiated GC) [PSYoungGen: 143479K->73448K(175104K)] 549334K->479555K(699392K), 0.0093784 secs] [Times: user=0.07 sys=0.00, real=0.01 secs] 
2016-09-24T00:35:52.755-0400: 321.487: [GC (GCLocker Initiated GC) [PSYoungGen: 161512K->55223K(175104K)] 573921K->467719K(699392K), 0.0083785 secs] [Times: user=0.07 sys=0.00, real=0.01 secs] 
2016-09-24T00:35:52.950-0400: 321.681: [GC (Allocation Failure) [PSYoungGen: 143287K->67245K(175104K)] 561945K->486138K(699392K), 0.0127724 secs] [Times: user=0.10 sys=0.00, real=0.02 secs] 
2016-09-24T00:35:53.150-0400: 321.882: [GC (GCLocker Initiated GC) [PSYoungGen: 155309K->49216K(175104K)] 574208K->498577K(699392K), 0.0189686 secs] [Times: user=0.14 sys=0.00, real=0.02 secs] 
2016-09-24T00:35:53.367-0400: 322.098: [GC (GCLocker Initiated GC) [PSYoungGen: 137280K->61266K(175104K)] 598822K->523036K(699392K), 0.0068067 secs] [Times: user=0.06 sys=0.00, real=0.00 secs] 
2016-09-24T00:35:53.525-0400: 322.256: [GC (GCLocker Initiated GC) [PSYoungGen: 149330K->55451K(172032K)] 617374K->553982K(696320K), 0.0195057 secs] [Times: user=0.25 sys=0.00, real=0.02 secs] 
2016-09-24T00:35:53.544-0400: 322.276: [Full GC (Ergonomics) [PSYoungGen: 55451K->0K(172032K)] [ParOldGen: 498530K->48429K(524288K)] 553982K->48429K(696320K), [Metaspace: 44653K->44653K(1087488K)], 0.0684030 secs] [Times: user=0.59 sys=0.02, real=0.06 secs] 
2016-09-24T00:35:53.778-0400: 322.510: [GC (Allocation Failure) [PSYoungGen: 88064K->80103K(173568K)] 136747K->147011K(697856K), 0.0271504 secs] [Times: user=0.32 sys=0.00, real=0.03 secs] 
2016-09-24T00:35:53.989-0400: 322.720: [GC (Allocation Failure) [PSYoungGen: 165863K->18645K(175104K)] 232771K->116616K(699392K), 0.0146365 secs] [Times: user=0.13 sys=0.00, real=0.02 secs] 
2016-09-24T00:35:54.159-0400: 322.890: [GC (GCLocker Initiated GC) [PSYoungGen: 106036K->55711K(175104K)] 210082K->159852K(699392K), 0.0146098 secs] [Times: user=0.21 sys=0.00, real=0.01 secs] 
2016-09-24T00:35:54.345-0400: 323.076: [GC (GCLocker Initiated GC) [PSYoungGen: 143775K->55223K(175104K)] 248075K->159627K(699392K), 0.0084481 secs] [Times: user=0.08 sys=0.00, real=0.00 secs] 
2016-09-24T00:35:54.521-0400: 323.252: [GC (Allocation Failure) [PSYoungGen: 143287K->61330K(175104K)] 253880K->172190K(699392K), 0.0146258 secs] [Times: user=0.15 sys=0.00, real=0.02 secs] 
2016-09-24T00:35:54.687-0400: 323.419: [GC (GCLocker Initiated GC) [PSYoungGen: 149394K->55383K(168960K)] 260260K->202998K(693248K), 0.0105780 secs] [Times: user=0.13 sys=0.00, real=0.01 secs] 
2016-09-24T00:35:54.863-0400: 323.594: [GC (GCLocker Initiated GC) [PSYoungGen: 143447K->43073K(172032K)] 291277K->191163K(696320K), 0.0087382 secs] [Times: user=0.07 sys=0.00, real=0.00 secs] 
2016-09-24T00:35:55.009-0400: 323.741: [GC (GCLocker Initiated GC) [PSYoungGen: 131137K->73640K(171520K)] 279459K->222237K(695808K), 0.0129285 secs] [Times: user=0.12 sys=0.01, real=0.01 secs] 
2016-09-24T00:35:55.185-0400: 323.917: [GC (Allocation Failure) [PSYoungGen: 161704K->55223K(175104K)] 310365K->203987K(699392K), 0.0201451 secs] [Times: user=0.23 sys=0.01, real=0.02 secs] 
2016-09-24T00:35:55.377-0400: 324.108: [GC (GCLocker Initiated GC) [PSYoungGen: 139480K->36898K(175104K)] 294320K->228455K(699392K), 0.0077160 secs] [Times: user=0.06 sys=0.00, real=0.01 secs] 
2016-09-24T00:35:55.558-0400: 324.289: [GC (GCLocker Initiated GC) [PSYoungGen: 127522K->55059K(145920K)] 325353K->253009K(670208K), 0.0097305 secs] [Times: user=0.07 sys=0.01, real=0.01 secs] 
2016-09-24T00:35:55.763-0400: 324.494: [GC (GCLocker Initiated GC) [PSYoungGen: 145683K->25011K(173056K)] 356138K->253764K(697344K), 0.0231277 secs] [Times: user=0.20 sys=0.01, real=0.02 secs] 
2016-09-24T00:35:55.957-0400: 324.688: [GC (Allocation Failure) [PSYoungGen: 115635K->79947K(175104K)] 350499K->321176K(699392K), 0.0109017 secs] [Times: user=0.12 sys=0.01, real=0.01 secs] 
2016-09-24T00:35:56.197-0400: 324.928: [GC (Allocation Failure) [PSYoungGen: 166914K->37222K(175104K)] 408144K->333262K(699392K), 0.0102575 secs] [Times: user=0.13 sys=0.00, real=0.01 secs] 
2016-09-24T00:35:56.693-0400: 325.424: [GC (Allocation Failure) [PSYoungGen: 125286K->18837K(175104K)] 421326K->333449K(699392K), 0.0115745 secs] [Times: user=0.11 sys=0.00, real=0.02 secs] 
