Java HotSpot(TM) 64-Bit Server VM (25.101-b13) for linux-amd64 JRE (1.8.0_101-b13), built on Jun 22 2016 02:59:44 by "java_re" with gcc 4.3.0 20080428 (Red Hat 4.3.0-8)
Memory: 4k page, physical 264122320k(89809000k free), swap 268399612k(268399612k free)
CommandLine flags: -XX:GCLogFileSize=1048576 -XX:+HeapDumpOnOutOfMemoryError -XX:HeapDumpPath=artifacts/heapdump -XX:InitialHeapSize=805306368 -XX:MaxHeapSize=805306368 -XX:NumberOfGCLogFiles=10 -XX:+PrintGC -XX:+PrintGCDateStamps -XX:+PrintGCDetails -XX:+PrintGCTimeStamps -XX:+UseCompressedClassPointers -XX:+UseCompressedOops -XX:+UseGCLogFileRotation -XX:+UseParallelGC 
2016-09-25T23:02:47.916-0400: 2.184: [GC (Metadata GC Threshold) [PSYoungGen: 121898K->15558K(229376K)] 121898K->15646K(753664K), 0.0257320 secs] [Times: user=0.17 sys=0.02, real=0.02 secs] 
2016-09-25T23:02:47.941-0400: 2.209: [Full GC (Metadata GC Threshold) [PSYoungGen: 15558K->0K(229376K)] [ParOldGen: 88K->14600K(338944K)] 15646K->14600K(568320K), [Metaspace: 21075K->21075K(1067008K)], 0.0458853 secs] [Times: user=0.39 sys=0.05, real=0.05 secs] 
2016-09-25T23:02:49.781-0400: 4.049: [GC (Metadata GC Threshold) [PSYoungGen: 125207K->15457K(229376K)] 139808K->30194K(568320K), 0.0176963 secs] [Times: user=0.12 sys=0.04, real=0.02 secs] 
2016-09-25T23:02:49.799-0400: 4.067: [Full GC (Metadata GC Threshold) [PSYoungGen: 15457K->0K(229376K)] [ParOldGen: 14736K->20833K(524288K)] 30194K->20833K(753664K), [Metaspace: 35066K->35066K(1079296K)], 0.0615432 secs] [Times: user=0.55 sys=0.01, real=0.06 secs] 
2016-09-25T23:02:51.511-0400: 5.779: [GC (GCLocker Initiated GC) [PSYoungGen: 195750K->32742K(229376K)] 227384K->83768K(753664K), 0.0166638 secs] [Times: user=0.20 sys=0.01, real=0.02 secs] 
2016-09-25T23:02:51.854-0400: 6.122: [GC (GCLocker Initiated GC) [PSYoungGen: 229350K->32758K(229376K)] 280569K->145552K(753664K), 0.0154178 secs] [Times: user=0.18 sys=0.05, real=0.02 secs] 
2016-09-25T23:02:51.974-0400: 6.242: [GC (GCLocker Initiated GC) [PSYoungGen: 229366K->32200K(228864K)] 345087K->216779K(753152K), 0.0137551 secs] [Times: user=0.16 sys=0.03, real=0.01 secs] 
2016-09-25T23:02:52.072-0400: 6.340: [GC (GCLocker Initiated GC) [PSYoungGen: 228808K->33270K(121344K)] 414822K->281806K(645632K), 0.0195998 secs] [Times: user=0.22 sys=0.02, real=0.02 secs] 
2016-09-25T23:02:52.141-0400: 6.409: [GC (GCLocker Initiated GC) [PSYoungGen: 121334K->84907K(175104K)] 378061K->344335K(699392K), 0.0156508 secs] [Times: user=0.24 sys=0.00, real=0.02 secs] 
2016-09-25T23:02:52.200-0400: 6.468: [GC (GCLocker Initiated GC) [PSYoungGen: 172971K->80831K(175104K)] 437918K->354193K(699392K), 0.0120370 secs] [Times: user=0.16 sys=0.00, real=0.01 secs] 
2016-09-25T23:02:52.253-0400: 6.521: [GC (GCLocker Initiated GC) [PSYoungGen: 168895K->67106K(175104K)] 453186K->378841K(699392K), 0.0100748 secs] [Times: user=0.12 sys=0.00, real=0.02 secs] 
2016-09-25T23:02:52.307-0400: 6.575: [GC (GCLocker Initiated GC) [PSYoungGen: 155170K->84584K(175104K)] 469780K->429175K(699392K), 0.0106330 secs] [Times: user=0.08 sys=0.04, real=0.01 secs] 
2016-09-25T23:02:52.356-0400: 6.624: [GC (GCLocker Initiated GC) [PSYoungGen: 172648K->53450K(175104K)] 524188K->459412K(699392K), 0.0097403 secs] [Times: user=0.13 sys=0.01, real=0.01 secs] 
2016-09-25T23:02:52.405-0400: 6.673: [GC (GCLocker Initiated GC) [PSYoungGen: 141514K->56104K(175104K)] 550475K->490969K(699392K), 0.0094290 secs] [Times: user=0.10 sys=0.03, real=0.01 secs] 
2016-09-25T23:02:52.442-0400: 6.710: [GC (GCLocker Initiated GC) [PSYoungGen: 144168K->51957K(175104K)] 581961K->526557K(699392K), 0.0087418 secs] [Times: user=0.09 sys=0.02, real=0.00 secs] 
2016-09-25T23:02:52.451-0400: 6.719: [Full GC (Ergonomics) [PSYoungGen: 51957K->0K(175104K)] [ParOldGen: 474599K->72994K(524288K)] 526557K->72994K(699392K), [Metaspace: 42896K->42884K(1085440K)], 0.1895430 secs] [Times: user=2.80 sys=0.02, real=0.19 secs] 
2016-09-25T23:02:52.680-0400: 6.948: [GC (GCLocker Initiated GC) [PSYoungGen: 88064K->75260K(175104K)] 165274K->152470K(699392K), 0.0076074 secs] [Times: user=0.09 sys=0.03, real=0.01 secs] 
2016-09-25T23:02:52.727-0400: 6.995: [GC (GCLocker Initiated GC) [PSYoungGen: 163324K->61536K(175104K)] 244773K->158341K(699392K), 0.0073446 secs] [Times: user=0.09 sys=0.02, real=0.00 secs] 
2016-09-25T23:02:52.769-0400: 7.037: [GC (GCLocker Initiated GC) [PSYoungGen: 149600K->60186K(175104K)] 257398K->199330K(699392K), 0.0066538 secs] [Times: user=0.12 sys=0.00, real=0.01 secs] 
2016-09-25T23:02:52.812-0400: 7.080: [GC (GCLocker Initiated GC) [PSYoungGen: 148250K->59962K(175104K)] 287491K->241365K(699392K), 0.0192866 secs] [Times: user=0.29 sys=0.00, real=0.02 secs] 
2016-09-25T23:02:52.866-0400: 7.134: [GC (GCLocker Initiated GC) [PSYoungGen: 148026K->53549K(175104K)] 334915K->270396K(699392K), 0.0130586 secs] [Times: user=0.20 sys=0.00, real=0.01 secs] 
2016-09-25T23:02:52.916-0400: 7.184: [GC (GCLocker Initiated GC) [PSYoungGen: 141613K->62760K(175104K)] 366742K->299051K(699392K), 0.0080270 secs] [Times: user=0.11 sys=0.01, real=0.01 secs] 
2016-09-25T23:02:52.965-0400: 7.233: [GC (GCLocker Initiated GC) [PSYoungGen: 150824K->48053K(175104K)] 396671K->314462K(699392K), 0.0086240 secs] [Times: user=0.14 sys=0.00, real=0.00 secs] 
2016-09-25T23:02:53.011-0400: 7.279: [GC (GCLocker Initiated GC) [PSYoungGen: 136117K->79054K(175104K)] 406715K->356779K(699392K), 0.0083650 secs] [Times: user=0.13 sys=0.00, real=0.01 secs] 
2016-09-25T23:02:53.060-0400: 7.328: [GC (GCLocker Initiated GC) [PSYoungGen: 167118K->43936K(175104K)] 444903K->361113K(699392K), 0.0065044 secs] [Times: user=0.09 sys=0.00, real=0.01 secs] 
2016-09-25T23:02:53.094-0400: 7.362: [GC (GCLocker Initiated GC) [PSYoungGen: 132000K->84582K(175104K)] 452028K->425168K(699392K), 0.0093826 secs] [Times: user=0.12 sys=0.00, real=0.02 secs] 
2016-09-25T23:02:53.144-0400: 7.412: [GC (GCLocker Initiated GC) [PSYoungGen: 172646K->45303K(175104K)] 528214K->421387K(699392K), 0.0157059 secs] [Times: user=0.22 sys=0.00, real=0.01 secs] 
2016-09-25T23:02:53.192-0400: 7.460: [GC (GCLocker Initiated GC) [PSYoungGen: 133367K->61550K(175104K)] 509532K->454277K(699392K), 0.0074363 secs] [Times: user=0.09 sys=0.01, real=0.01 secs] 
2016-09-25T23:02:53.234-0400: 7.502: [GC (GCLocker Initiated GC) [PSYoungGen: 149614K->76403K(175104K)] 546594K->481752K(699392K), 0.0132631 secs] [Times: user=0.18 sys=0.01, real=0.01 secs] 
2016-09-25T23:02:53.285-0400: 7.553: [GC (GCLocker Initiated GC) [PSYoungGen: 164467K->49208K(175104K)] 571195K->476503K(699392K), 0.0076242 secs] [Times: user=0.08 sys=0.00, real=0.00 secs] 
2016-09-25T23:02:53.323-0400: 7.591: [GC (GCLocker Initiated GC) [PSYoungGen: 137272K->56150K(175104K)] 568157K->500845K(699392K), 0.0064375 secs] [Times: user=0.09 sys=0.00, real=0.00 secs] 
2016-09-25T23:02:53.360-0400: 7.628: [GC (GCLocker Initiated GC) [PSYoungGen: 144214K->71035K(175104K)] 593087K->539130K(699392K), 0.0072626 secs] [Times: user=0.10 sys=0.01, real=0.01 secs] 
2016-09-25T23:02:53.409-0400: 7.677: [Full GC (Ergonomics) [PSYoungGen: 159099K->0K(175104K)] [ParOldGen: 476272K->63428K(524288K)] 635371K->63428K(699392K), [Metaspace: 43020K->43020K(1085440K)], 0.0570057 secs] [Times: user=0.60 sys=0.01, real=0.06 secs] 
2016-09-25T23:02:53.499-0400: 7.767: [GC (GCLocker Initiated GC) [PSYoungGen: 87936K->69650K(175104K)] 154065K->135787K(699392K), 0.0059350 secs] [Times: user=0.08 sys=0.00, real=0.01 secs] 
2016-09-25T23:02:53.543-0400: 7.811: [GC (GCLocker Initiated GC) [PSYoungGen: 157714K->77753K(175104K)] 226750K->156579K(699392K), 0.0064648 secs] [Times: user=0.09 sys=0.00, real=0.00 secs] 
2016-09-25T23:02:53.596-0400: 7.864: [GC (GCLocker Initiated GC) [PSYoungGen: 165817K->46754K(175104K)] 259636K->158459K(699392K), 0.0072402 secs] [Times: user=0.08 sys=0.00, real=0.01 secs] 
2016-09-25T23:02:53.641-0400: 7.909: [GC (GCLocker Initiated GC) [PSYoungGen: 134818K->55958K(175104K)] 247943K->184255K(699392K), 0.0076238 secs] [Times: user=0.10 sys=0.00, real=0.01 secs] 
2016-09-25T23:02:53.691-0400: 7.959: [GC (GCLocker Initiated GC) [PSYoungGen: 144022K->57409K(175104K)] 279285K->211827K(699392K), 0.0077495 secs] [Times: user=0.09 sys=0.01, real=0.01 secs] 
2016-09-25T23:02:53.732-0400: 8.000: [GC (GCLocker Initiated GC) [PSYoungGen: 145473K->55958K(175104K)] 300005K->227016K(699392K), 0.0073228 secs] [Times: user=0.09 sys=0.00, real=0.01 secs] 
2016-09-25T23:02:53.781-0400: 8.049: [GC (GCLocker Initiated GC) [PSYoungGen: 144022K->61689K(175104K)] 324759K->261583K(699392K), 0.0062765 secs] [Times: user=0.09 sys=0.00, real=0.01 secs] 
2016-09-25T23:02:53.827-0400: 8.095: [GC (GCLocker Initiated GC) [PSYoungGen: 149753K->71248K(175104K)] 357854K->282424K(699392K), 0.0065536 secs] [Times: user=0.08 sys=0.00, real=0.00 secs] 
2016-09-25T23:02:53.873-0400: 8.141: [GC (GCLocker Initiated GC) [PSYoungGen: 159312K->63035K(174080K)] 373342K->292479K(698368K), 0.0066927 secs] [Times: user=0.09 sys=0.01, real=0.01 secs] 
2016-09-25T23:02:53.911-0400: 8.179: [GC (GCLocker Initiated GC) [PSYoungGen: 151099K->74054K(174592K)] 380808K->316304K(698880K), 0.0084736 secs] [Times: user=0.08 sys=0.00, real=0.01 secs] 
2016-09-25T23:02:53.957-0400: 8.225: [GC (GCLocker Initiated GC) [PSYoungGen: 162118K->49342K(175104K)] 409984K->320771K(699392K), 0.0066537 secs] [Times: user=0.06 sys=0.00, real=0.01 secs] 
2016-09-25T23:02:54.000-0400: 8.268: [GC (GCLocker Initiated GC) [PSYoungGen: 137406K->64462K(152576K)] 414377K->359478K(676864K), 0.0068061 secs] [Times: user=0.07 sys=0.00, real=0.01 secs] 
2016-09-25T23:02:54.044-0400: 8.312: [GC (GCLocker Initiated GC) [PSYoungGen: 152526K->78104K(174080K)] 453057K->395422K(698368K), 0.0073613 secs] [Times: user=0.10 sys=0.00, real=0.00 secs] 
2016-09-25T23:02:54.096-0400: 8.364: [GC (GCLocker Initiated GC) [PSYoungGen: 165656K->45370K(174592K)] 483610K->392296K(698880K), 0.0067946 secs] [Times: user=0.09 sys=0.00, real=0.01 secs] 
2016-09-25T23:02:54.127-0400: 8.395: [GC (GCLocker Initiated GC) [PSYoungGen: 132922K->61766K(175104K)] 480974K->433265K(699392K), 0.0073019 secs] [Times: user=0.08 sys=0.00, real=0.01 secs] 
2016-09-25T23:02:54.176-0400: 8.444: [GC (GCLocker Initiated GC) [PSYoungGen: 149830K->53552K(141824K)] 526848K->471607K(666112K), 0.0075760 secs] [Times: user=0.10 sys=0.00, real=0.01 secs] 
2016-09-25T23:02:54.218-0400: 8.486: [GC (GCLocker Initiated GC) [PSYoungGen: 141616K->59190K(176640K)] 559826K->491374K(700928K), 0.0085486 secs] [Times: user=0.07 sys=0.01, real=0.01 secs] 
2016-09-25T23:02:54.260-0400: 8.528: [GC (GCLocker Initiated GC) [PSYoungGen: 149302K->76659K(174592K)] 585731K->524518K(698880K), 0.0070891 secs] [Times: user=0.09 sys=0.00, real=0.01 secs] 
2016-09-25T23:02:54.310-0400: 8.578: [GC (GCLocker Initiated GC) [PSYoungGen: 166771K->38606K(175104K)] 617536K->512836K(699392K), 0.0075888 secs] [Times: user=0.07 sys=0.00, real=0.01 secs] 
2016-09-25T23:02:54.350-0400: 8.618: [GC (GCLocker Initiated GC) [PSYoungGen: 126670K->83582K(175104K)] 610460K->590779K(699392K), 0.0084765 secs] [Times: user=0.14 sys=0.00, real=0.01 secs] 
2016-09-25T23:02:54.358-0400: 8.626: [Full GC (Ergonomics) [PSYoungGen: 83582K->0K(175104K)] [ParOldGen: 507196K->83748K(524288K)] 590779K->83748K(699392K), [Metaspace: 43295K->43295K(1085440K)], 0.0608584 secs] [Times: user=0.37 sys=0.03, real=0.06 secs] 
2016-09-25T23:02:54.461-0400: 8.729: [GC (GCLocker Initiated GC) [PSYoungGen: 88064K->75440K(175104K)] 173222K->160599K(699392K), 0.0098894 secs] [Times: user=0.16 sys=0.00, real=0.01 secs] 
2016-09-25T23:02:54.507-0400: 8.775: [GC (GCLocker Initiated GC) [PSYoungGen: 163504K->80694K(175104K)] 256898K->184248K(699392K), 0.0068382 secs] [Times: user=0.09 sys=0.00, real=0.01 secs] 
2016-09-25T23:02:54.550-0400: 8.818: [GC (GCLocker Initiated GC) [PSYoungGen: 168758K->69986K(175104K)] 276520K->198558K(699392K), 0.0207953 secs] [Times: user=0.20 sys=0.00, real=0.02 secs] 
2016-09-25T23:02:54.612-0400: 8.880: [GC (GCLocker Initiated GC) [PSYoungGen: 158050K->64338K(175104K)] 292216K->220708K(699392K), 0.0065209 secs] [Times: user=0.09 sys=0.00, real=0.01 secs] 
2016-09-25T23:02:54.647-0400: 8.915: [GC (GCLocker Initiated GC) [PSYoungGen: 152402K->82108K(175104K)] 310245K->264695K(699392K), 0.0081287 secs] [Times: user=0.11 sys=0.00, real=0.01 secs] 
2016-09-25T23:02:54.695-0400: 8.963: [GC (GCLocker Initiated GC) [PSYoungGen: 170172K->45530K(175104K)] 362266K->289532K(699392K), 0.0074531 secs] [Times: user=0.11 sys=0.00, real=0.01 secs] 
2016-09-25T23:02:54.737-0400: 9.005: [GC (GCLocker Initiated GC) [PSYoungGen: 133594K->74054K(175104K)] 391173K->336215K(699392K), 0.0063507 secs] [Times: user=0.08 sys=0.01, real=0.01 secs] 
2016-09-25T23:02:54.773-0400: 9.041: [GC (GCLocker Initiated GC) [PSYoungGen: 162118K->65812K(175104K)] 432455K->366502K(699392K), 0.0075993 secs] [Times: user=0.11 sys=0.00, real=0.01 secs] 
2016-09-25T23:02:54.819-0400: 9.087: [GC (GCLocker Initiated GC) [PSYoungGen: 153876K->71070K(175104K)] 454761K->384597K(699392K), 0.0062186 secs] [Times: user=0.08 sys=0.00, real=0.01 secs] 
2016-09-25T23:02:54.861-0400: 9.129: [GC (GCLocker Initiated GC) [PSYoungGen: 159134K->61858K(175104K)] 478516K->404624K(699392K), 0.0084929 secs] [Times: user=0.11 sys=0.00, real=0.01 secs] 
2016-09-25T23:02:54.901-0400: 9.169: [GC (GCLocker Initiated GC) [PSYoungGen: 149922K->76772K(175104K)] 496282K->452126K(699392K), 0.0074402 secs] [Times: user=0.11 sys=0.00, real=0.01 secs] 
2016-09-25T23:02:54.941-0400: 9.209: [GC (GCLocker Initiated GC) [PSYoungGen: 164836K->45516K(175104K)] 544432K->475758K(699392K), 0.0069937 secs] [Times: user=0.10 sys=0.00, real=0.01 secs] 
2016-09-25T23:02:54.975-0400: 9.243: [GC (GCLocker Initiated GC) [PSYoungGen: 133580K->75376K(175104K)] 563893K->527816K(699392K), 0.0069183 secs] [Times: user=0.11 sys=0.00, real=0.00 secs] 
2016-09-25T23:02:55.017-0400: 9.285: [GC (GCLocker Initiated GC) [PSYoungGen: 163440K->50980K(175104K)] 618836K->547534K(699392K), 0.0072411 secs] [Times: user=0.12 sys=0.00, real=0.01 secs] 
2016-09-25T23:02:55.025-0400: 9.293: [Full GC (Ergonomics) [PSYoungGen: 50980K->0K(175104K)] [ParOldGen: 496554K->80284K(524288K)] 547534K->80284K(699392K), [Metaspace: 43315K->43315K(1085440K)], 0.0483681 secs] [Times: user=0.46 sys=0.00, real=0.04 secs] 
2016-09-25T23:02:55.107-0400: 9.375: [GC (GCLocker Initiated GC) [PSYoungGen: 88064K->66100K(175104K)] 173908K->151953K(699392K), 0.0110013 secs] [Times: user=0.15 sys=0.00, real=0.01 secs] 
2016-09-25T23:02:55.152-0400: 9.420: [GC (GCLocker Initiated GC) [PSYoungGen: 154164K->67272K(175104K)] 250941K->185119K(699392K), 0.0066898 secs] [Times: user=0.08 sys=0.00, real=0.01 secs] 
2016-09-25T23:02:55.203-0400: 9.471: [GC (GCLocker Initiated GC) [PSYoungGen: 155336K->52248K(175104K)] 278823K->188543K(699392K), 0.0069903 secs] [Times: user=0.07 sys=0.00, real=0.00 secs] 
2016-09-25T23:02:55.237-0400: 9.505: [GC (GCLocker Initiated GC) [PSYoungGen: 140312K->81856K(175104K)] 276703K->228270K(699392K), 0.0076188 secs] [Times: user=0.09 sys=0.00, real=0.01 secs] 
2016-09-25T23:02:55.284-0400: 9.552: [GC (GCLocker Initiated GC) [PSYoungGen: 169920K->44290K(175104K)] 323130K->246528K(699392K), 0.0069190 secs] [Times: user=0.10 sys=0.00, real=0.00 secs] 
2016-09-25T23:02:55.365-0400: 9.633: [GC (GCLocker Initiated GC) [PSYoungGen: 132354K->52252K(175104K)] 337421K->282246K(699392K), 0.0069314 secs] [Times: user=0.07 sys=0.01, real=0.00 secs] 
2016-09-25T23:02:55.395-0400: 9.663: [GC (GCLocker Initiated GC) [PSYoungGen: 140316K->80837K(175104K)] 370528K->341325K(699392K), 0.0072792 secs] [Times: user=0.10 sys=0.00, real=0.01 secs] 
2016-09-25T23:02:55.446-0400: 9.715: [GC (GCLocker Initiated GC) [PSYoungGen: 168901K->59094K(175104K)] 433683K->347566K(699392K), 0.0068688 secs] [Times: user=0.09 sys=0.01, real=0.00 secs] 
2016-09-25T23:02:55.487-0400: 9.755: [GC (GCLocker Initiated GC) [PSYoungGen: 147158K->65784K(175104K)] 435744K->384678K(699392K), 0.0072050 secs] [Times: user=0.09 sys=0.00, real=0.00 secs] 
2016-09-25T23:02:55.525-0400: 9.793: [GC (GCLocker Initiated GC) [PSYoungGen: 153848K->80758K(175104K)] 472882K->439454K(699392K), 0.0083003 secs] [Times: user=0.11 sys=0.00, real=0.00 secs] 
2016-09-25T23:02:55.563-0400: 9.832: [GC (GCLocker Initiated GC) [PSYoungGen: 168822K->64430K(175104K)] 531676K->467041K(699392K), 0.0075392 secs] [Times: user=0.10 sys=0.00, real=0.00 secs] 
2016-09-25T23:02:55.606-0400: 9.874: [GC (GCLocker Initiated GC) [PSYoungGen: 152494K->64526K(175104K)] 560601K->500233K(699392K), 0.0075106 secs] [Times: user=0.08 sys=0.00, real=0.00 secs] 
2016-09-25T23:02:55.644-0400: 9.912: [GC (GCLocker Initiated GC) [PSYoungGen: 152590K->60462K(175104K)] 591377K->530891K(699392K), 0.0069744 secs] [Times: user=0.10 sys=0.00, real=0.00 secs] 
2016-09-25T23:02:55.683-0400: 9.951: [GC (GCLocker Initiated GC) [PSYoungGen: 148526K->75230K(175104K)] 620046K->560776K(699392K), 0.0069365 secs] [Times: user=0.10 sys=0.00, real=0.00 secs] 
2016-09-25T23:02:55.690-0400: 9.958: [Full GC (Ergonomics) [PSYoungGen: 75230K->0K(175104K)] [ParOldGen: 485545K->81197K(524288K)] 560776K->81197K(699392K), [Metaspace: 43361K->43361K(1085440K)], 0.0464843 secs] [Times: user=0.41 sys=0.01, real=0.05 secs] 
2016-09-25T23:02:55.770-0400: 10.038: [GC (GCLocker Initiated GC) [PSYoungGen: 88064K->69994K(175104K)] 174849K->156780K(699392K), 0.0057117 secs] [Times: user=0.08 sys=0.00, real=0.01 secs] 
2016-09-25T23:02:55.810-0400: 10.078: [GC (GCLocker Initiated GC) [PSYoungGen: 158058K->67226K(175104K)] 250268K->183102K(699392K), 0.0064116 secs] [Times: user=0.10 sys=0.00, real=0.01 secs] 
2016-09-25T23:02:55.852-0400: 10.120: [GC (GCLocker Initiated GC) [PSYoungGen: 155290K->64448K(173056K)] 271244K->198572K(697344K), 0.0061373 secs] [Times: user=0.09 sys=0.00, real=0.01 secs] 
2016-09-25T23:02:55.882-0400: 10.150: [GC (GCLocker Initiated GC) [PSYoungGen: 152512K->83490K(174080K)] 289421K->246595K(698368K), 0.0080147 secs] [Times: user=0.11 sys=0.00, real=0.01 secs] 
2016-09-25T23:02:55.928-0400: 10.196: [GC (GCLocker Initiated GC) [PSYoungGen: 171554K->55076K(175104K)] 339047K->239429K(699392K), 0.0060238 secs] [Times: user=0.07 sys=0.00, real=0.01 secs] 
2016-09-25T23:02:55.968-0400: 10.236: [GC (GCLocker Initiated GC) [PSYoungGen: 143140K->61826K(175104K)] 330366K->283402K(699392K), 0.0066854 secs] [Times: user=0.10 sys=0.00, real=0.01 secs] 
2016-09-25T23:02:56.002-0400: 10.271: [GC (GCLocker Initiated GC) [PSYoungGen: 149890K->70036K(175104K)] 387790K->328774K(699392K), 0.0067794 secs] [Times: user=0.09 sys=0.00, real=0.00 secs] 
2016-09-25T23:02:56.049-0400: 10.317: [GC (GCLocker Initiated GC) [PSYoungGen: 158100K->67020K(155136K)] 422398K->375157K(679424K), 0.0085749 secs] [Times: user=0.12 sys=0.00, real=0.01 secs] 
2016-09-25T23:02:56.093-0400: 10.361: [GC (GCLocker Initiated GC) [PSYoungGen: 155084K->80726K(173056K)] 468876K->407073K(697344K), 0.0068495 secs] [Times: user=0.10 sys=0.00, real=0.01 secs] 
2016-09-25T23:02:56.130-0400: 10.398: [GC (GCLocker Initiated GC) [PSYoungGen: 167766K->68480K(174080K)] 496910K->422516K(698368K), 0.0067336 secs] [Times: user=0.10 sys=0.00, real=0.01 secs] 
2016-09-25T23:02:56.174-0400: 10.442: [GC (GCLocker Initiated GC) [PSYoungGen: 155520K->77884K(175104K)] 509614K->462218K(699392K), 0.0075697 secs] [Times: user=0.10 sys=0.00, real=0.01 secs] 
2016-09-25T23:02:56.212-0400: 10.480: [GC (GCLocker Initiated GC) [PSYoungGen: 165948K->69990K(175104K)] 550465K->488739K(699392K), 0.0080562 secs] [Times: user=0.12 sys=0.00, real=0.01 secs] 
2016-09-25T23:02:56.255-0400: 10.523: [GC (GCLocker Initiated GC) [PSYoungGen: 158054K->61794K(175104K)] 579626K->505630K(699392K), 0.0064024 secs] [Times: user=0.08 sys=0.00, real=0.00 secs] 
2016-09-25T23:02:56.295-0400: 10.563: [GC (GCLocker Initiated GC) [PSYoungGen: 149858K->64526K(153088K)] 595272K->533499K(677376K), 0.0069993 secs] [Times: user=0.07 sys=0.01, real=0.01 secs] 
2016-09-25T23:02:56.339-0400: 10.607: [GC (GCLocker Initiated GC) [PSYoungGen: 152590K->50994K(173056K)] 627261K->561357K(697344K), 0.0069241 secs] [Times: user=0.09 sys=0.00, real=0.01 secs] 
2016-09-25T23:02:56.347-0400: 10.615: [Full GC (Ergonomics) [PSYoungGen: 50994K->0K(173056K)] [ParOldGen: 510363K->83524K(524288K)] 561357K->83524K(697344K), [Metaspace: 43388K->43388K(1085440K)], 0.0457393 secs] [Times: user=0.38 sys=0.01, real=0.04 secs] 
2016-09-25T23:02:56.420-0400: 10.688: [GC (GCLocker Initiated GC) [PSYoungGen: 87040K->82254K(174080K)] 173343K->168558K(698368K), 0.0068076 secs] [Times: user=0.09 sys=0.00, real=0.01 secs] 
2016-09-25T23:02:56.460-0400: 10.728: [GC (GCLocker Initiated GC) [PSYoungGen: 169294K->49566K(175104K)] 259694K->170424K(699392K), 0.0059610 secs] [Times: user=0.08 sys=0.00, real=0.01 secs] 
2016-09-25T23:02:56.497-0400: 10.765: [GC (GCLocker Initiated GC) [PSYoungGen: 137630K->71354K(175104K)] 261280K->202280K(699392K), 0.0087726 secs] [Times: user=0.10 sys=0.00, real=0.01 secs] 
2016-09-25T23:02:56.545-0400: 10.813: [GC (GCLocker Initiated GC) [PSYoungGen: 159418K->61698K(175104K)] 291890K->210998K(699392K), 0.0059867 secs] [Times: user=0.08 sys=0.00, real=0.00 secs] 
2016-09-25T23:02:56.578-0400: 10.846: [GC (GCLocker Initiated GC) [PSYoungGen: 149762K->63034K(175104K)] 299090K->234527K(699392K), 0.0069044 secs] [Times: user=0.10 sys=0.00, real=0.01 secs] 
2016-09-25T23:02:56.620-0400: 10.888: [GC (GCLocker Initiated GC) [PSYoungGen: 151098K->61794K(173056K)] 332148K->279800K(697344K), 0.0071070 secs] [Times: user=0.10 sys=0.00, real=0.01 secs] 
2016-09-25T23:02:56.660-0400: 10.928: [GC (GCLocker Initiated GC) [PSYoungGen: 149858K->76754K(174080K)] 381502K->340028K(698368K), 0.0081460 secs] [Times: user=0.11 sys=0.00, real=0.01 secs] 
2016-09-25T23:02:56.711-0400: 10.979: [GC (GCLocker Initiated GC) [PSYoungGen: 164818K->60256K(175104K)] 428193K->348581K(699392K), 0.0079708 secs] [Times: user=0.08 sys=0.00, real=0.01 secs] 
2016-09-25T23:02:56.745-0400: 11.013: [GC (GCLocker Initiated GC) [PSYoungGen: 148320K->83568K(175104K)] 438024K->387160K(699392K), 0.0088738 secs] [Times: user=0.10 sys=0.00, real=0.01 secs] 
2016-09-25T23:02:56.790-0400: 11.058: [GC (GCLocker Initiated GC) [PSYoungGen: 171632K->61634K(175104K)] 480843K->376886K(699392K), 0.0135379 secs] [Times: user=0.18 sys=0.00, real=0.02 secs] 
2016-09-25T23:02:56.834-0400: 11.102: [GC (GCLocker Initiated GC) [PSYoungGen: 149698K->85984K(175104K)] 467912K->416904K(699392K), 0.0069511 secs] [Times: user=0.08 sys=0.00, real=0.00 secs] 
2016-09-25T23:02:56.871-0400: 11.139: [GC (GCLocker Initiated GC) [PSYoungGen: 174048K->68576K(175104K)] 507783K->447333K(699392K), 0.0086222 secs] [Times: user=0.11 sys=0.00, real=0.01 secs] 
2016-09-25T23:02:56.914-0400: 11.182: [GC (GCLocker Initiated GC) [PSYoungGen: 156640K->55058K(175104K)] 543656K->487232K(699392K), 0.0079011 secs] [Times: user=0.11 sys=0.01, real=0.01 secs] 
2016-09-25T23:02:56.960-0400: 11.228: [GC (GCLocker Initiated GC) [PSYoungGen: 143122K->60288K(175104K)] 575388K->516081K(699392K), 0.0071586 secs] [Times: user=0.09 sys=0.00, real=0.01 secs] 
2016-09-25T23:02:57.004-0400: 11.272: [GC (GCLocker Initiated GC) [PSYoungGen: 148352K->56298K(175104K)] 604303K->549163K(699392K), 0.0070864 secs] [Times: user=0.09 sys=0.01, real=0.00 secs] 
2016-09-25T23:02:57.011-0400: 11.279: [Full GC (Ergonomics) [PSYoungGen: 56298K->0K(175104K)] [ParOldGen: 492865K->92347K(524288K)] 549163K->92347K(699392K), [Metaspace: 43406K->43406K(1085440K)], 0.0455908 secs] [Times: user=0.37 sys=0.00, real=0.05 secs] 
2016-09-25T23:02:57.090-0400: 11.359: [GC (GCLocker Initiated GC) [PSYoungGen: 88064K->77010K(175104K)] 191366K->180313K(699392K), 0.0057636 secs] [Times: user=0.07 sys=0.00, real=0.01 secs] 
2016-09-25T23:02:57.126-0400: 11.394: [GC (GCLocker Initiated GC) [PSYoungGen: 165074K->69862K(175104K)] 273999K->208103K(699392K), 0.0074385 secs] [Times: user=0.10 sys=0.00, real=0.00 secs] 
2016-09-25T23:02:57.170-0400: 11.438: [GC (GCLocker Initiated GC) [PSYoungGen: 157926K->69798K(175104K)] 301731K->242497K(699392K), 0.0084725 secs] [Times: user=0.07 sys=0.01, real=0.01 secs] 
2016-09-25T23:02:57.219-0400: 11.487: [GC (GCLocker Initiated GC) [PSYoungGen: 157862K->75340K(175104K)] 350931K->279689K(699392K), 0.0071464 secs] [Times: user=0.10 sys=0.00, real=0.01 secs] 
2016-09-25T23:02:57.263-0400: 11.531: [GC (GCLocker Initiated GC) [PSYoungGen: 163404K->65858K(175104K)] 383416K->310771K(699392K), 0.0067040 secs] [Times: user=0.09 sys=0.00, real=0.00 secs] 
2016-09-25T23:02:57.302-0400: 11.570: [GC (GCLocker Initiated GC) [PSYoungGen: 153922K->56192K(175104K)] 398864K->330062K(699392K), 0.0073750 secs] [Times: user=0.10 sys=0.00, real=0.01 secs] 
2016-09-25T23:02:57.338-0400: 11.606: [GC (GCLocker Initiated GC) [PSYoungGen: 144256K->69830K(175104K)] 418262K->382007K(699392K), 0.0076443 secs] [Times: user=0.10 sys=0.00, real=0.01 secs] 
2016-09-25T23:02:57.374-0400: 11.642: [GC (GCLocker Initiated GC) [PSYoungGen: 157894K->82140K(175104K)] 473085K->414067K(699392K), 0.0076569 secs] [Times: user=0.10 sys=0.00, real=0.01 secs] 
2016-09-25T23:02:57.416-0400: 11.684: [GC (GCLocker Initiated GC) [PSYoungGen: 170204K->53538K(175104K)] 502220K->422668K(699392K), 0.0067494 secs] [Times: user=0.09 sys=0.00, real=0.01 secs] 
2016-09-25T23:02:57.453-0400: 11.721: [GC (GCLocker Initiated GC) [PSYoungGen: 141602K->84790K(175104K)] 516200K->478732K(699392K), 0.0079874 secs] [Times: user=0.11 sys=0.00, real=0.01 secs] 
2016-09-25T23:02:57.499-0400: 11.767: [GC (GCLocker Initiated GC) [PSYoungGen: 172854K->80584K(175104K)] 574980K->500854K(699392K), 0.0082459 secs] [Times: user=0.10 sys=0.01, real=0.01 secs] 
2016-09-25T23:02:57.537-0400: 11.805: [GC (GCLocker Initiated GC) [PSYoungGen: 168648K->61684K(175104K)] 589009K->512251K(699392K), 0.0079683 secs] [Times: user=0.10 sys=0.00, real=0.01 secs] 
2016-09-25T23:02:57.580-0400: 11.848: [GC (GCLocker Initiated GC) [PSYoungGen: 149748K->67271K(175104K)] 608564K->544136K(699392K), 0.0069808 secs] [Times: user=0.08 sys=0.00, real=0.01 secs] 
2016-09-25T23:02:57.587-0400: 11.855: [Full GC (Ergonomics) [PSYoungGen: 67271K->0K(175104K)] [ParOldGen: 476864K->104954K(524288K)] 544136K->104954K(699392K), [Metaspace: 43406K->43406K(1085440K)], 0.0487544 secs] [Times: user=0.41 sys=0.00, real=0.05 secs] 
2016-09-25T23:02:57.668-0400: 11.936: [GC (GCLocker Initiated GC) [PSYoungGen: 88064K->86176K(175104K)] 193165K->196678K(699392K), 0.0066650 secs] [Times: user=0.09 sys=0.00, real=0.01 secs] 
2016-09-25T23:02:57.705-0400: 11.973: [GC (GCLocker Initiated GC) [PSYoungGen: 174240K->68653K(175104K)] 284868K->192101K(699392K), 0.0061994 secs] [Times: user=0.09 sys=0.00, real=0.00 secs] 
2016-09-25T23:02:57.744-0400: 12.012: [GC (GCLocker Initiated GC) [PSYoungGen: 156717K->62988K(175104K)] 280228K->218230K(699392K), 0.0069689 secs] [Times: user=0.10 sys=0.00, real=0.00 secs] 
2016-09-25T23:02:57.777-0400: 12.045: [GC (GCLocker Initiated GC) [PSYoungGen: 151052K->71417K(175104K)] 309223K->254324K(699392K), 0.0075098 secs] [Times: user=0.10 sys=0.00, real=0.01 secs] 
2016-09-25T23:02:57.819-0400: 12.087: [GC (GCLocker Initiated GC) [PSYoungGen: 159481K->63143K(175104K)] 348022K->284773K(699392K), 0.0081771 secs] [Times: user=0.12 sys=0.01, real=0.01 secs] 
2016-09-25T23:02:57.861-0400: 12.129: [GC (GCLocker Initiated GC) [PSYoungGen: 151207K->67193K(175104K)] 383791K->321948K(699392K), 0.0087056 secs] [Times: user=0.07 sys=0.00, real=0.01 secs] 
2016-09-25T23:02:57.905-0400: 12.173: [GC (GCLocker Initiated GC) [PSYoungGen: 155257K->69829K(175104K)] 416165K->358308K(699392K), 0.0075885 secs] [Times: user=0.10 sys=0.00, real=0.00 secs] 
2016-09-25T23:02:57.950-0400: 12.218: [GC (GCLocker Initiated GC) [PSYoungGen: 157893K->57633K(175104K)] 453300K->373821K(699392K), 0.0066492 secs] [Times: user=0.08 sys=0.00, real=0.01 secs] 
2016-09-25T23:02:57.987-0400: 12.255: [GC (GCLocker Initiated GC) [PSYoungGen: 145697K->67207K(155648K)] 470097K->417742K(679936K), 0.0074257 secs] [Times: user=0.11 sys=0.01, real=0.01 secs] 
2016-09-25T23:02:58.025-0400: 12.293: [GC (GCLocker Initiated GC) [PSYoungGen: 155271K->79407K(173056K)] 508541K->442744K(697344K), 0.0071568 secs] [Times: user=0.11 sys=0.00, real=0.00 secs] 
2016-09-25T23:02:58.069-0400: 12.337: [GC (GCLocker Initiated GC) [PSYoungGen: 166447K->61619K(174080K)] 532565K->460679K(698368K), 0.0073302 secs] [Times: user=0.10 sys=0.00, real=0.01 secs] 
2016-09-25T23:02:58.109-0400: 12.377: [GC (GCLocker Initiated GC) [PSYoungGen: 148659K->75485K(175104K)] 550642K->488678K(699392K), 0.0064588 secs] [Times: user=0.09 sys=0.01, real=0.01 secs] 
2016-09-25T23:02:58.154-0400: 12.422: [GC (GCLocker Initiated GC) [PSYoungGen: 163549K->46737K(175104K)] 579670K->481104K(699392K), 0.0062978 secs] [Times: user=0.06 sys=0.00, real=0.00 secs] 
2016-09-25T23:02:58.188-0400: 12.456: [GC (GCLocker Initiated GC) [PSYoungGen: 134801K->64324K(175104K)] 572092K->531808K(699392K), 0.0077499 secs] [Times: user=0.09 sys=0.00, real=0.01 secs] 
2016-09-25T23:02:58.232-0400: 12.500: [GC (GCLocker Initiated GC) [PSYoungGen: 152388K->61601K(175104K)] 628109K->570137K(699392K), 0.0079684 secs] [Times: user=0.10 sys=0.00, real=0.01 secs] 
2016-09-25T23:02:58.240-0400: 12.508: [Full GC (Ergonomics) [PSYoungGen: 61601K->0K(175104K)] [ParOldGen: 508535K->112500K(524288K)] 570137K->112500K(699392K), [Metaspace: 43408K->43408K(1085440K)], 0.0453607 secs] [Times: user=0.34 sys=0.00, real=0.05 secs] 
2016-09-25T23:02:58.320-0400: 12.588: [GC (GCLocker Initiated GC) [PSYoungGen: 88064K->79567K(175104K)] 201994K->193498K(699392K), 0.0058931 secs] [Times: user=0.08 sys=0.00, real=0.01 secs] 
2016-09-25T23:02:58.359-0400: 12.628: [GC (GCLocker Initiated GC) [PSYoungGen: 167631K->76469K(175104K)] 281900K->217192K(699392K), 0.0076778 secs] [Times: user=0.10 sys=0.01, real=0.01 secs] 
2016-09-25T23:02:58.402-0400: 12.670: [GC (GCLocker Initiated GC) [PSYoungGen: 164533K->57620K(175104K)] 308120K->224542K(699392K), 0.0061923 secs] [Times: user=0.08 sys=0.00, real=0.01 secs] 
2016-09-25T23:02:58.436-0400: 12.704: [GC (GCLocker Initiated GC) [PSYoungGen: 145684K->82103K(175104K)] 316784K->275243K(699392K), 0.0082284 secs] [Times: user=0.11 sys=0.00, real=0.01 secs] 
2016-09-25T23:02:58.483-0400: 12.751: [GC (GCLocker Initiated GC) [PSYoungGen: 170167K->60302K(175104K)] 376954K->312313K(699392K), 0.0070616 secs] [Times: user=0.10 sys=0.00, real=0.00 secs] 
2016-09-25T23:02:58.523-0400: 12.791: [GC (GCLocker Initiated GC) [PSYoungGen: 148366K->72612K(175104K)] 400614K->341442K(699392K), 0.0080702 secs] [Times: user=0.11 sys=0.00, real=0.00 secs] 
2016-09-25T23:02:58.561-0400: 12.829: [GC (GCLocker Initiated GC) [PSYoungGen: 160676K->69720K(175104K)] 432295K->363533K(699392K), 0.0067794 secs] [Times: user=0.09 sys=0.00, real=0.01 secs] 
2016-09-25T23:02:58.603-0400: 12.871: [GC (GCLocker Initiated GC) [PSYoungGen: 157784K->69990K(175104K)] 454357K->396685K(699392K), 0.0070460 secs] [Times: user=0.09 sys=0.01, real=0.00 secs] 
2016-09-25T23:02:58.642-0400: 12.910: [GC (GCLocker Initiated GC) [PSYoungGen: 158054K->76740K(175104K)] 491624K->427174K(699392K), 0.0074160 secs] [Times: user=0.09 sys=0.00, real=0.01 secs] 
2016-09-25T23:02:58.683-0400: 12.951: [GC (GCLocker Initiated GC) [PSYoungGen: 164804K->68448K(175104K)] 520729K->458762K(699392K), 0.0082514 secs] [Times: user=0.10 sys=0.01, real=0.00 secs] 
2016-09-25T23:02:58.727-0400: 12.995: [GC (GCLocker Initiated GC) [PSYoungGen: 156512K->64512K(175104K)] 549657K->486534K(699392K), 0.0074206 secs] [Times: user=0.10 sys=0.00, real=0.01 secs] 
2016-09-25T23:02:58.763-0400: 13.031: [GC (GCLocker Initiated GC) [PSYoungGen: 152576K->64476K(152576K)] 582833K->539833K(676864K), 0.0085601 secs] [Times: user=0.11 sys=0.01, real=0.00 secs] 
2016-09-25T23:02:58.772-0400: 13.040: [Full GC (Ergonomics) [PSYoungGen: 64476K->0K(152576K)] [ParOldGen: 475357K->116477K(524288K)] 539833K->116477K(676864K), [Metaspace: 43417K->43417K(1085440K)], 0.0492116 secs] [Times: user=0.36 sys=0.01, real=0.05 secs] 
2016-09-25T23:02:58.856-0400: 13.124: [GC (GCLocker Initiated GC) [PSYoungGen: 88064K->83508K(173056K)] 204632K->202776K(697344K), 0.0062893 secs] [Times: user=0.09 sys=0.00, real=0.00 secs] 
2016-09-25T23:02:58.895-0400: 13.163: [GC (GCLocker Initiated GC) [PSYoungGen: 170548K->48183K(174080K)] 292625K->228993K(698368K), 0.0081544 secs] [Times: user=0.11 sys=0.00, real=0.01 secs] 
2016-09-25T23:02:58.935-0400: 13.203: [GC (GCLocker Initiated GC) [PSYoungGen: 135223K->68589K(175104K)] 327268K->274612K(699392K), 0.0067802 secs] [Times: user=0.09 sys=0.00, real=0.01 secs] 
2016-09-25T23:02:58.973-0400: 13.241: [GC (GCLocker Initiated GC) [PSYoungGen: 156653K->86016K(175104K)] 365461K->313010K(699392K), 0.0074707 secs] [Times: user=0.11 sys=0.00, real=0.01 secs] 
2016-09-25T23:02:59.014-0400: 13.282: [GC (GCLocker Initiated GC) [PSYoungGen: 174080K->64351K(175104K)] 401330K->331277K(699392K), 0.0080493 secs] [Times: user=0.09 sys=0.01, real=0.01 secs] 
2016-09-25T23:02:59.058-0400: 13.326: [GC (GCLocker Initiated GC) [PSYoungGen: 152415K->64557K(175104K)] 422155K->364371K(699392K), 0.0075534 secs] [Times: user=0.11 sys=0.00, real=0.01 secs] 
2016-09-25T23:02:59.096-0400: 13.364: [GC (GCLocker Initiated GC) [PSYoungGen: 152621K->65797K(175104K)] 457950K->393377K(699392K), 0.0064651 secs] [Times: user=0.09 sys=0.00, real=0.01 secs] 
2016-09-25T23:02:59.134-0400: 13.402: [GC (GCLocker Initiated GC) [PSYoungGen: 153861K->59061K(175104K)] 486981K->442604K(699392K), 0.0081919 secs] [Times: user=0.11 sys=0.01, real=0.01 secs] 
2016-09-25T23:02:59.181-0400: 13.449: [GC (GCLocker Initiated GC) [PSYoungGen: 147125K->57711K(175104K)] 536195K->467559K(699392K), 0.0103018 secs] [Times: user=0.13 sys=0.01, real=0.01 secs] 
2016-09-25T23:02:59.224-0400: 13.492: [GC (GCLocker Initiated GC) [PSYoungGen: 145775K->75357K(175104K)] 558417K->504806K(699392K), 0.0109441 secs] [Times: user=0.15 sys=0.01, real=0.01 secs] 
2016-09-25T23:02:59.273-0400: 13.541: [GC (GCLocker Initiated GC) [PSYoungGen: 163421K->65921K(175104K)] 596481K->530630K(699392K), 0.0074004 secs] [Times: user=0.09 sys=0.01, real=0.01 secs] 
2016-09-25T23:02:59.317-0400: 13.585: [Full GC (Ergonomics) [PSYoungGen: 153985K->0K(175104K)] [ParOldGen: 467482K->104084K(524288K)] 621467K->104084K(699392K), [Metaspace: 43417K->43417K(1085440K)], 0.0445443 secs] [Times: user=0.34 sys=0.00, real=0.04 secs] 
2016-09-25T23:02:59.385-0400: 13.653: [GC (GCLocker Initiated GC) [PSYoungGen: 88064K->85205K(175104K)] 197636K->208278K(699392K), 0.0075760 secs] [Times: user=0.10 sys=0.00, real=0.00 secs] 
2016-09-25T23:02:59.433-0400: 13.701: [GC (GCLocker Initiated GC) [PSYoungGen: 173269K->71133K(175104K)] 301930K->225051K(699392K), 0.0068775 secs] [Times: user=0.09 sys=0.01, real=0.01 secs] 
2016-09-25T23:02:59.473-0400: 13.741: [GC (GCLocker Initiated GC) [PSYoungGen: 159197K->54902K(175104K)] 313549K->229984K(699392K), 0.0062721 secs] [Times: user=0.08 sys=0.00, real=0.01 secs] 
2016-09-25T23:02:59.507-0400: 13.775: [GC (GCLocker Initiated GC) [PSYoungGen: 142966K->72547K(175104K)] 321210K->274276K(699392K), 0.0066065 secs] [Times: user=0.08 sys=0.00, real=0.00 secs] 
2016-09-25T23:02:59.551-0400: 13.819: [GC (GCLocker Initiated GC) [PSYoungGen: 160611K->67052K(175104K)] 365168K->301873K(699392K), 0.0145988 secs] [Times: user=0.17 sys=0.00, real=0.02 secs] 
2016-09-25T23:02:59.607-0400: 13.875: [GC (GCLocker Initiated GC) [PSYoungGen: 155116K->57665K(175104K)] 392692K->328119K(699392K), 0.0085092 secs] [Times: user=0.12 sys=0.00, real=0.01 secs] 
2016-09-25T23:02:59.651-0400: 13.919: [GC (GCLocker Initiated GC) [PSYoungGen: 145729K->79531K(175104K)] 423006K->362741K(699392K), 0.0168551 secs] [Times: user=0.23 sys=0.00, real=0.02 secs] 
2016-09-25T23:02:59.711-0400: 13.979: [GC (GCLocker Initiated GC) [PSYoungGen: 167595K->67225K(175104K)] 454873K->384921K(699392K), 0.0100808 secs] [Times: user=0.10 sys=0.00, real=0.01 secs] 
2016-09-25T23:02:59.765-0400: 14.033: [GC (GCLocker Initiated GC) [PSYoungGen: 155289K->65921K(175104K)] 475869K->401898K(699392K), 0.0087588 secs] [Times: user=0.09 sys=0.00, real=0.00 secs] 
2016-09-25T23:02:59.801-0400: 14.069: [GC (GCLocker Initiated GC) [PSYoungGen: 153985K->61761K(173056K)] 494140K->422794K(697344K), 0.0070039 secs] [Times: user=0.08 sys=0.00, real=0.01 secs] 
2016-09-25T23:02:59.856-0400: 14.124: [GC (GCLocker Initiated GC) [PSYoungGen: 149825K->71243K(174080K)] 520545K->463969K(698368K), 0.0097480 secs] [Times: user=0.13 sys=0.00, real=0.01 secs] 
2016-09-25T23:02:59.898-0400: 14.166: [GC (GCLocker Initiated GC) [PSYoungGen: 159307K->84652K(174080K)] 552197K->491677K(698368K), 0.0069428 secs] [Times: user=0.10 sys=0.00, real=0.01 secs] 
2016-09-25T23:02:59.945-0400: 14.213: [GC (GCLocker Initiated GC) [PSYoungGen: 172716K->75467K(175104K)] 586664K->535760K(699392K), 0.0081689 secs] [Times: user=0.12 sys=0.00, real=0.00 secs] 
2016-09-25T23:02:59.994-0400: 14.262: [Full GC (Ergonomics) [PSYoungGen: 163531K->0K(175104K)] [ParOldGen: 475234K->119601K(524288K)] 638766K->119601K(699392K), [Metaspace: 43424K->43424K(1085440K)], 0.0567379 secs] [Times: user=0.34 sys=0.00, real=0.06 secs] 
2016-09-25T23:03:00.093-0400: 14.361: [GC (GCLocker Initiated GC) [PSYoungGen: 88064K->76945K(175104K)] 222650K->211532K(699392K), 0.0082681 secs] [Times: user=0.10 sys=0.00, real=0.01 secs] 
2016-09-25T23:03:00.153-0400: 14.421: [GC (GCLocker Initiated GC) [PSYoungGen: 165009K->64539K(175104K)] 307889K->229875K(699392K), 0.0085281 secs] [Times: user=0.14 sys=0.00, real=0.01 secs] 
2016-09-25T23:03:00.197-0400: 14.465: [GC (GCLocker Initiated GC) [PSYoungGen: 152603K->81965K(175104K)] 321824K->258505K(699392K), 0.0083977 secs] [Times: user=0.13 sys=0.00, real=0.01 secs] 
2016-09-25T23:03:00.245-0400: 14.513: [GC (GCLocker Initiated GC) [PSYoungGen: 170029K->67015K(175104K)] 352073K->265728K(699392K), 0.0095405 secs] [Times: user=0.09 sys=0.00, real=0.01 secs] 
2016-09-25T23:03:00.298-0400: 14.566: [GC (GCLocker Initiated GC) [PSYoungGen: 155079K->58969K(175104K)] 356634K->290704K(699392K), 0.0105041 secs] [Times: user=0.10 sys=0.00, real=0.01 secs] 
2016-09-25T23:03:00.341-0400: 14.609: [GC (GCLocker Initiated GC) [PSYoungGen: 147033K->78073K(175104K)] 378882K->337377K(699392K), 0.0104011 secs] [Times: user=0.16 sys=0.01, real=0.01 secs] 
2016-09-25T23:03:00.396-0400: 14.664: [GC (GCLocker Initiated GC) [PSYoungGen: 166137K->68575K(175104K)] 428321K->369167K(699392K), 0.0094880 secs] [Times: user=0.14 sys=0.01, real=0.01 secs] 
2016-09-25T23:03:00.449-0400: 14.717: [GC (GCLocker Initiated GC) [PSYoungGen: 156639K->60237K(175104K)] 462695K->385744K(699392K), 0.0075817 secs] [Times: user=0.09 sys=0.00, real=0.01 secs] 
2016-09-25T23:03:00.502-0400: 14.770: [GC (GCLocker Initiated GC) [PSYoungGen: 148301K->78071K(175104K)] 476694K->428605K(699392K), 0.0091732 secs] [Times: user=0.12 sys=0.01, real=0.01 secs] 
2016-09-25T23:03:00.568-0400: 14.836: [GC (GCLocker Initiated GC) [PSYoungGen: 166135K->57570K(175104K)] 522120K->423602K(699392K), 0.0071851 secs] [Times: user=0.07 sys=0.00, real=0.01 secs] 
2016-09-25T23:03:00.619-0400: 14.887: [GC (GCLocker Initiated GC) [PSYoungGen: 145634K->75293K(175104K)] 517128K->466089K(699392K), 0.0085649 secs] [Times: user=0.12 sys=0.00, real=0.01 secs] 
2016-09-25T23:03:00.681-0400: 14.949: [GC (GCLocker Initiated GC) [PSYoungGen: 163357K->56283K(175104K)] 556925K->472031K(699392K), 0.0075067 secs] [Times: user=0.07 sys=0.00, real=0.01 secs] 
2016-09-25T23:03:00.726-0400: 14.994: [GC (GCLocker Initiated GC) [PSYoungGen: 144347K->79486K(175104K)] 563323K->539515K(699392K), 0.0118346 secs] [Times: user=0.15 sys=0.00, real=0.01 secs] 
2016-09-25T23:03:00.791-0400: 15.059: [GC (GCLocker Initiated GC) [PSYoungGen: 167550K->45639K(175104K)] 641113K->534714K(699392K), 0.0116561 secs] [Times: user=0.11 sys=0.01, real=0.02 secs] 
2016-09-25T23:03:00.803-0400: 15.071: [Full GC (Ergonomics) [PSYoungGen: 45639K->0K(175104K)] [ParOldGen: 489074K->118728K(524288K)] 534714K->118728K(699392K), [Metaspace: 43427K->43427K(1085440K)], 0.0804796 secs] [Times: user=0.56 sys=0.02, real=0.08 secs] 
2016-09-25T23:03:00.927-0400: 15.196: [GC (GCLocker Initiated GC) [PSYoungGen: 88064K->54965K(175104K)] 212428K->179338K(699392K), 0.0071643 secs] [Times: user=0.05 sys=0.00, real=0.01 secs] 
2016-09-25T23:03:00.972-0400: 15.240: [GC (GCLocker Initiated GC) [PSYoungGen: 143029K->60319K(175104K)] 267663K->197769K(699392K), 0.0327415 secs] [Times: user=0.41 sys=0.00, real=0.04 secs] 
2016-09-25T23:03:01.047-0400: 15.315: [GC (GCLocker Initiated GC) [PSYoungGen: 148383K->55057K(175104K)] 291419K->228225K(699392K), 0.0069736 secs] [Times: user=0.08 sys=0.00, real=0.00 secs] 
2016-09-25T23:03:01.096-0400: 15.364: [GC (GCLocker Initiated GC) [PSYoungGen: 143121K->61652K(175104K)] 319025K->273241K(699392K), 0.0098768 secs] [Times: user=0.13 sys=0.00, real=0.01 secs] 
2016-09-25T23:03:01.154-0400: 15.422: [GC (GCLocker Initiated GC) [PSYoungGen: 149716K->68479K(175104K)] 365568K->292894K(699392K), 0.0083819 secs] [Times: user=0.09 sys=0.00, real=0.01 secs] 
2016-09-25T23:03:01.198-0400: 15.466: [GC (GCLocker Initiated GC) [PSYoungGen: 156543K->52169K(175104K)] 382090K->301225K(699392K), 0.0104647 secs] [Times: user=0.12 sys=0.00, real=0.01 secs] 
2016-09-25T23:03:01.252-0400: 15.520: [GC (GCLocker Initiated GC) [PSYoungGen: 140233K->48279K(175104K)] 392088K->330344K(699392K), 0.0095144 secs] [Times: user=0.08 sys=0.00, real=0.01 secs] 
2016-09-25T23:03:01.305-0400: 15.573: [GC (GCLocker Initiated GC) [PSYoungGen: 136343K->52325K(175104K)] 422556K->355243K(699392K), 0.0125895 secs] [Times: user=0.11 sys=0.00, real=0.01 secs] 
2016-09-25T23:03:01.353-0400: 15.621: [GC (GCLocker Initiated GC) [PSYoungGen: 140389K->57629K(171008K)] 448927K->377621K(695296K), 0.0257208 secs] [Times: user=0.26 sys=0.01, real=0.03 secs] 
2016-09-25T23:03:01.424-0400: 15.692: [GC (GCLocker Initiated GC) [PSYoungGen: 145693K->37283K(173056K)] 467089K->384869K(697344K), 0.0068603 secs] [Times: user=0.06 sys=0.00, real=0.00 secs] 
2016-09-25T23:03:01.464-0400: 15.732: [GC (GCLocker Initiated GC) [PSYoungGen: 125347K->53491K(174592K)] 475777K->428807K(698880K), 0.0121552 secs] [Times: user=0.15 sys=0.00, real=0.01 secs] 
2016-09-25T23:03:01.515-0400: 15.783: [GC (GCLocker Initiated GC) [PSYoungGen: 144115K->63345K(175104K)] 530309K->464734K(699392K), 0.0087097 secs] [Times: user=0.10 sys=0.00, real=0.01 secs] 
2016-09-25T23:03:01.568-0400: 15.836: [GC (GCLocker Initiated GC) [PSYoungGen: 153969K->60224K(173568K)] 555428K->480006K(697856K), 0.0064016 secs] [Times: user=0.08 sys=0.00, real=0.01 secs] 
2016-09-25T23:03:01.612-0400: 15.880: [GC (GCLocker Initiated GC) [PSYoungGen: 153920K->77975K(172032K)] 582208K->522840K(696320K), 0.0070224 secs] [Times: user=0.08 sys=0.00, real=0.01 secs] 
2016-09-25T23:03:01.666-0400: 15.934: [GC (GCLocker Initiated GC) [PSYoungGen: 171671K->85984K(175104K)] 619379K->541003K(699392K), 0.0071120 secs] [Times: user=0.09 sys=0.01, real=0.00 secs] 
2016-09-25T23:03:01.704-0400: 15.972: [GC (GCLocker Initiated GC) [PSYoungGen: 174048K->69958K(175104K)] 631805K->559215K(699392K), 0.0100053 secs] [Times: user=0.15 sys=0.00, real=0.00 secs] 
2016-09-25T23:03:01.714-0400: 15.982: [Full GC (Ergonomics) [PSYoungGen: 69958K->0K(175104K)] [ParOldGen: 489257K->132285K(524288K)] 559215K->132285K(699392K), [Metaspace: 43434K->43434K(1085440K)], 0.0584298 secs] [Times: user=0.55 sys=0.00, real=0.06 secs] 
2016-09-25T23:03:01.812-0400: 16.080: [GC (GCLocker Initiated GC) [PSYoungGen: 88064K->86318K(175104K)] 220517K->221471K(699392K), 0.0067459 secs] [Times: user=0.08 sys=0.00, real=0.01 secs] 
2016-09-25T23:03:01.855-0400: 16.123: [GC (GCLocker Initiated GC) [PSYoungGen: 174382K->53661K(175104K)] 319133K->234312K(699392K), 0.0078969 secs] [Times: user=0.08 sys=0.00, real=0.01 secs] 
2016-09-25T23:03:01.903-0400: 16.171: [GC (GCLocker Initiated GC) [PSYoungGen: 141725K->56393K(175104K)] 329338K->271569K(699392K), 0.0086450 secs] [Times: user=0.11 sys=0.00, real=0.00 secs] 
2016-09-25T23:03:01.953-0400: 16.221: [GC (GCLocker Initiated GC) [PSYoungGen: 144457K->46879K(175104K)] 362993K->287606K(699392K), 0.0054297 secs] [Times: user=0.07 sys=0.01, real=0.01 secs] 
2016-09-25T23:03:01.992-0400: 16.260: [GC (GCLocker Initiated GC) [PSYoungGen: 134943K->63052K(175104K)] 375775K->338221K(699392K), 0.0068713 secs] [Times: user=0.09 sys=0.00, real=0.01 secs] 
2016-09-25T23:03:02.035-0400: 16.303: [GC (GCLocker Initiated GC) [PSYoungGen: 151116K->71371K(175104K)] 429032K->380838K(699392K), 0.0097991 secs] [Times: user=0.15 sys=0.00, real=0.01 secs] 
2016-09-25T23:03:02.087-0400: 16.355: [GC (GCLocker Initiated GC) [PSYoungGen: 159435K->52298K(175104K)] 468962K->397628K(699392K), 0.0097611 secs] [Times: user=0.14 sys=0.00, real=0.01 secs] 
2016-09-25T23:03:02.126-0400: 16.394: [GC (GCLocker Initiated GC) [PSYoungGen: 140362K->78232K(175104K)] 485789K->455283K(699392K), 0.0096837 secs] [Times: user=0.15 sys=0.00, real=0.01 secs] 
2016-09-25T23:03:02.185-0400: 16.453: [GC (GCLocker Initiated GC) [PSYoungGen: 166296K->61729K(175104K)] 543453K->461228K(699392K), 0.0089593 secs] [Times: user=0.11 sys=0.00, real=0.00 secs] 
2016-09-25T23:03:02.228-0400: 16.496: [GC (GCLocker Initiated GC) [PSYoungGen: 149793K->73898K(175104K)] 552120K->511932K(699392K), 0.0080810 secs] [Times: user=0.13 sys=0.01, real=0.01 secs] 
2016-09-25T23:03:02.283-0400: 16.551: [GC (GCLocker Initiated GC) [PSYoungGen: 161962K->55025K(175104K)] 614965K->538262K(699392K), 0.0087924 secs] [Times: user=0.14 sys=0.00, real=0.00 secs] 
2016-09-25T23:03:02.292-0400: 16.560: [Full GC (Ergonomics) [PSYoungGen: 55025K->0K(175104K)] [ParOldGen: 483237K->127676K(524288K)] 538262K->127676K(699392K), [Metaspace: 43437K->43437K(1085440K)], 0.0512462 secs] [Times: user=0.41 sys=0.00, real=0.06 secs] 
2016-09-25T23:03:02.380-0400: 16.648: [GC (GCLocker Initiated GC) [PSYoungGen: 88064K->80652K(175104K)] 224019K->216607K(699392K), 0.0090233 secs] [Times: user=0.11 sys=0.01, real=0.01 secs] 
2016-09-25T23:03:02.430-0400: 16.699: [GC (GCLocker Initiated GC) [PSYoungGen: 168716K->78012K(175104K)] 307577K->241736K(699392K), 0.0117027 secs] [Times: user=0.16 sys=0.00, real=0.02 secs] 
2016-09-25T23:03:02.493-0400: 16.761: [GC (GCLocker Initiated GC) [PSYoungGen: 166076K->54920K(175104K)] 339440K->259897K(699392K), 0.0064441 secs] [Times: user=0.09 sys=0.00, real=0.01 secs] 
2016-09-25T23:03:02.535-0400: 16.803: [GC (GCLocker Initiated GC) [PSYoungGen: 142984K->57525K(175104K)] 354847K->276560K(699392K), 0.0097971 secs] [Times: user=0.07 sys=0.00, real=0.01 secs] 
2016-09-25T23:03:02.586-0400: 16.854: [GC (GCLocker Initiated GC) [PSYoungGen: 145589K->58892K(175104K)] 375482K->312212K(699392K), 0.0084271 secs] [Times: user=0.12 sys=0.00, real=0.01 secs] 
2016-09-25T23:03:02.649-0400: 16.917: [GC (GCLocker Initiated GC) [PSYoungGen: 146956K->64308K(175104K)] 400409K->330248K(699392K), 0.0158885 secs] [Times: user=0.22 sys=0.00, real=0.02 secs] 
2016-09-25T23:03:02.693-0400: 16.961: [GC (GCLocker Initiated GC) [PSYoungGen: 152372K->64496K(175104K)] 423965K->355396K(699392K), 0.0200736 secs] [Times: user=0.32 sys=0.00, real=0.02 secs] 
2016-09-25T23:03:02.764-0400: 17.032: [GC (GCLocker Initiated GC) [PSYoungGen: 152560K->65645K(172032K)] 450377K->376187K(696320K), 0.0092024 secs] [Times: user=0.10 sys=0.00, real=0.00 secs] 
2016-09-25T23:03:02.801-0400: 17.069: [GC (GCLocker Initiated GC) [PSYoungGen: 153709K->75124K(173568K)] 464431K->432161K(697856K), 0.0096944 secs] [Times: user=0.13 sys=0.00, real=0.01 secs] 
2016-09-25T23:03:02.850-0400: 17.118: [GC (GCLocker Initiated GC) [PSYoungGen: 163188K->49462K(175104K)] 528506K->444931K(699392K), 0.0063622 secs] [Times: user=0.09 sys=0.00, real=0.01 secs] 
2016-09-25T23:03:02.894-0400: 17.162: [GC (GCLocker Initiated GC) [PSYoungGen: 137526K->86148K(175104K)] 542252K->495348K(699392K), 0.0099637 secs] [Times: user=0.14 sys=0.00, real=0.02 secs] 
2016-09-25T23:03:02.941-0400: 17.209: [GC (GCLocker Initiated GC) [PSYoungGen: 174212K->65628K(175104K)] 583535K->490332K(699392K), 0.0077125 secs] [Times: user=0.07 sys=0.00, real=0.01 secs] 
2016-09-25T23:03:02.985-0400: 17.253: [GC (GCLocker Initiated GC) [PSYoungGen: 153692K->73681K(175104K)] 578469K->516382K(699392K), 0.0117512 secs] [Times: user=0.09 sys=0.01, real=0.01 secs] 
2016-09-25T23:03:03.034-0400: 17.302: [GC (GCLocker Initiated GC) [PSYoungGen: 161745K->48128K(175104K)] 607397K->537396K(699392K), 0.0091730 secs] [Times: user=0.10 sys=0.01, real=0.01 secs] 
2016-09-25T23:03:03.043-0400: 17.311: [Full GC (Ergonomics) [PSYoungGen: 48128K->0K(175104K)] [ParOldGen: 489268K->133800K(524288K)] 537396K->133800K(699392K), [Metaspace: 43447K->43447K(1085440K)], 0.0498527 secs] [Times: user=0.33 sys=0.00, real=0.04 secs] 
2016-09-25T23:03:03.128-0400: 17.396: [GC (GCLocker Initiated GC) [PSYoungGen: 88064K->86152K(175104K)] 227350K->228138K(699392K), 0.0070145 secs] [Times: user=0.10 sys=0.00, real=0.01 secs] 
2016-09-25T23:03:03.169-0400: 17.437: [GC (GCLocker Initiated GC) [PSYoungGen: 174216K->58896K(175104K)] 316326K->227212K(699392K), 0.0063921 secs] [Times: user=0.10 sys=0.00, real=0.01 secs] 
2016-09-25T23:03:03.205-0400: 17.473: [GC (GCLocker Initiated GC) [PSYoungGen: 146960K->71078K(175104K)] 320811K->266911K(699392K), 0.0069428 secs] [Times: user=0.11 sys=0.00, real=0.00 secs] 
2016-09-25T23:03:03.248-0400: 17.516: [GC (GCLocker Initiated GC) [PSYoungGen: 159142K->62978K(175104K)] 367221K->293106K(699392K), 0.0096988 secs] [Times: user=0.13 sys=0.00, real=0.01 secs] 
2016-09-25T23:03:03.321-0400: 17.589: [GC (GCLocker Initiated GC) [PSYoungGen: 151042K->66854K(175104K)] 385636K->312621K(699392K), 0.0093386 secs] [Times: user=0.10 sys=0.00, real=0.01 secs] 
2016-09-25T23:03:03.377-0400: 17.645: [GC (GCLocker Initiated GC) [PSYoungGen: 154918K->85915K(175104K)] 406215K->361838K(699392K), 0.0090938 secs] [Times: user=0.15 sys=0.00, real=0.01 secs] 
2016-09-25T23:03:03.428-0400: 17.696: [GC (GCLocker Initiated GC) [PSYoungGen: 173979K->53371K(175104K)] 454088K->372896K(699392K), 0.0090230 secs] [Times: user=0.08 sys=0.00, real=0.01 secs] 
2016-09-25T23:03:03.475-0400: 17.743: [GC (GCLocker Initiated GC) [PSYoungGen: 141435K->60249K(175104K)] 470494K->401686K(699392K), 0.0059949 secs] [Times: user=0.08 sys=0.00, real=0.00 secs] 
2016-09-25T23:03:03.507-0400: 17.775: [GC (GCLocker Initiated GC) [PSYoungGen: 148313K->80500K(175104K)] 498003K->445424K(699392K), 0.0074337 secs] [Times: user=0.11 sys=0.00, real=0.01 secs] 
2016-09-25T23:03:03.569-0400: 17.837: [GC (GCLocker Initiated GC) [PSYoungGen: 168564K->56118K(175104K)] 533690K->453981K(699392K), 0.0124655 secs] [Times: user=0.13 sys=0.00, real=0.01 secs] 
2016-09-25T23:03:03.630-0400: 17.898: [GC (GCLocker Initiated GC) [PSYoungGen: 144182K->71064K(175104K)] 542246K->485562K(699392K), 0.0143104 secs] [Times: user=0.20 sys=0.00, real=0.02 secs] 
2016-09-25T23:03:03.681-0400: 17.949: [GC (GCLocker Initiated GC) [PSYoungGen: 159128K->58853K(175104K)] 573715K->494052K(699392K), 0.0076265 secs] [Times: user=0.09 sys=0.00, real=0.01 secs] 
2016-09-25T23:03:03.725-0400: 17.993: [GC (GCLocker Initiated GC) [PSYoungGen: 146917K->45208K(175104K)] 595696K->511885K(699392K), 0.0070030 secs] [Times: user=0.08 sys=0.00, real=0.00 secs] 
2016-09-25T23:03:03.788-0400: 18.056: [GC (GCLocker Initiated GC) [PSYoungGen: 133272K->58882K(175104K)] 605459K->548968K(699392K), 0.0100893 secs] [Times: user=0.14 sys=0.00, real=0.01 secs] 
2016-09-25T23:03:03.798-0400: 18.066: [Full GC (Ergonomics) [PSYoungGen: 58882K->0K(175104K)] [ParOldGen: 490086K->136064K(524288K)] 548968K->136064K(699392K), [Metaspace: 43447K->43447K(1085440K)], 0.0803984 secs] [Times: user=0.52 sys=0.01, real=0.08 secs] 
2016-09-25T23:03:03.917-0400: 18.185: [GC (GCLocker Initiated GC) [PSYoungGen: 88064K->75179K(175104K)] 229580K->216695K(699392K), 0.0073027 secs] [Times: user=0.11 sys=0.00, real=0.01 secs] 
2016-09-25T23:03:03.966-0400: 18.235: [GC (GCLocker Initiated GC) [PSYoungGen: 163243K->75181K(175104K)] 321064K->251034K(699392K), 0.0067492 secs] [Times: user=0.09 sys=0.00, real=0.00 secs] 
2016-09-25T23:03:04.025-0400: 18.293: [GC (GCLocker Initiated GC) [PSYoungGen: 163245K->72318K(175104K)] 340537K->264791K(699392K), 0.0083104 secs] [Times: user=0.13 sys=0.00, real=0.00 secs] 
2016-09-25T23:03:04.084-0400: 18.352: [GC (GCLocker Initiated GC) [PSYoungGen: 160382K->66982K(175104K)] 358391K->296336K(699392K), 0.0090535 secs] [Times: user=0.13 sys=0.00, real=0.01 secs] 
2016-09-25T23:03:04.137-0400: 18.405: [GC (GCLocker Initiated GC) [PSYoungGen: 155046K->66918K(175104K)] 388505K->320912K(699392K), 0.0080016 secs] [Times: user=0.13 sys=0.00, real=0.01 secs] 
2016-09-25T23:03:04.183-0400: 18.451: [GC (GCLocker Initiated GC) [PSYoungGen: 154982K->69668K(175104K)] 414486K->352434K(699392K), 0.0089792 secs] [Times: user=0.09 sys=0.00, real=0.00 secs] 
2016-09-25T23:03:04.233-0400: 18.501: [GC (GCLocker Initiated GC) [PSYoungGen: 157732K->66968K(155136K)] 451990K->377755K(679424K), 0.0106919 secs] [Times: user=0.12 sys=0.00, real=0.02 secs] 
2016-09-25T23:03:04.311-0400: 18.579: [GC (GCLocker Initiated GC) [PSYoungGen: 155032K->65600K(176128K)] 465915K->411898K(700416K), 0.0112683 secs] [Times: user=0.16 sys=0.01, real=0.01 secs] 
2016-09-25T23:03:04.361-0400: 18.629: [GC (GCLocker Initiated GC) [PSYoungGen: 155712K->58882K(174080K)] 504848K->447442K(698368K), 0.0082683 secs] [Times: user=0.12 sys=0.00, real=0.01 secs] 
2016-09-25T23:03:04.406-0400: 18.674: [GC (GCLocker Initiated GC) [PSYoungGen: 148994K->67000K(176640K)] 538528K->487908K(700928K), 0.0072310 secs] [Times: user=0.11 sys=0.00, real=0.00 secs] 
2016-09-25T23:03:04.443-0400: 18.711: [GC (GCLocker Initiated GC) [PSYoungGen: 160696K->76418K(176128K)] 584466K->516741K(700416K), 0.0100375 secs] [Times: user=0.09 sys=0.00, real=0.00 secs] 
2016-09-25T23:03:04.513-0400: 18.781: [GC (GCLocker Initiated GC) [PSYoungGen: 170114K->73718K(175616K)] 612096K->529529K(699904K), 0.0139048 secs] [Times: user=0.11 sys=0.00, real=0.02 secs] 
2016-09-25T23:03:04.592-0400: 18.860: [GC (GCLocker Initiated GC) [PSYoungGen: 164854K->57520K(176640K)] 641050K->551612K(700928K), 0.0070002 secs] [Times: user=0.09 sys=0.00, real=0.01 secs] 
2016-09-25T23:03:04.599-0400: 18.867: [Full GC (Ergonomics) [PSYoungGen: 57520K->0K(176640K)] [ParOldGen: 494091K->134287K(524288K)] 551612K->134287K(700928K), [Metaspace: 43449K->43449K(1085440K)], 0.0615511 secs] [Times: user=0.49 sys=0.00, real=0.06 secs] 
2016-09-25T23:03:04.716-0400: 18.984: [GC (GCLocker Initiated GC) [PSYoungGen: 91136K->68335K(173568K)] 226643K->203842K(697856K), 0.0278710 secs] [Times: user=0.25 sys=0.00, real=0.03 secs] 
2016-09-25T23:03:04.795-0400: 19.063: [GC (GCLocker Initiated GC) [PSYoungGen: 159471K->69714K(175104K)] 297859K->228720K(699392K), 0.0106456 secs] [Times: user=0.15 sys=0.00, real=0.01 secs] 
2016-09-25T23:03:04.851-0400: 19.119: [GC (GCLocker Initiated GC) [PSYoungGen: 160850K->57436K(177664K)] 322682K->234485K(701952K), 0.0061756 secs] [Times: user=0.08 sys=0.00, real=0.01 secs] 
2016-09-25T23:03:04.891-0400: 19.159: [GC (GCLocker Initiated GC) [PSYoungGen: 152156K->81897K(176640K)] 334734K->280953K(700928K), 0.0080102 secs] [Times: user=0.11 sys=0.01, real=0.01 secs] 
2016-09-25T23:03:04.939-0400: 19.207: [GC (GCLocker Initiated GC) [PSYoungGen: 176617K->52150K(173568K)] 378464K->277302K(697856K), 0.0124702 secs] [Times: user=0.17 sys=0.01, real=0.01 secs] 
2016-09-25T23:03:04.997-0400: 19.265: [GC (GCLocker Initiated GC) [PSYoungGen: 140214K->47893K(175104K)] 373684K->308654K(699392K), 0.0134618 secs] [Times: user=0.12 sys=0.00, real=0.01 secs] 
2016-09-25T23:03:05.048-0400: 19.316: [GC (GCLocker Initiated GC) [PSYoungGen: 135957K->84570K(175104K)] 409001K->361928K(699392K), 0.0125448 secs] [Times: user=0.11 sys=0.00, real=0.01 secs] 
2016-09-25T23:03:05.106-0400: 19.374: [GC (GCLocker Initiated GC) [PSYoungGen: 172634K->73732K(175104K)] 467633K->387953K(699392K), 0.0109514 secs] [Times: user=0.10 sys=0.02, real=0.01 secs] 
2016-09-25T23:03:05.161-0400: 19.429: [GC (GCLocker Initiated GC) [PSYoungGen: 161796K->41236K(175104K)] 476082K->393612K(699392K), 0.0091771 secs] [Times: user=0.10 sys=0.00, real=0.01 secs] 
2016-09-25T23:03:05.204-0400: 19.472: [GC (GCLocker Initiated GC) [PSYoungGen: 129300K->69700K(175104K)] 489996K->465817K(699392K), 0.0110269 secs] [Times: user=0.16 sys=0.00, real=0.01 secs] 
2016-09-25T23:03:05.260-0400: 19.528: [GC (GCLocker Initiated GC) [PSYoungGen: 157764K->51911K(175104K)] 556694K->467343K(699392K), 0.0151287 secs] [Times: user=0.16 sys=0.00, real=0.02 secs] 
2016-09-25T23:03:05.306-0400: 19.574: [GC (GCLocker Initiated GC) [PSYoungGen: 139975K->54690K(175104K)] 558262K->494874K(699392K), 0.0179069 secs] [Times: user=0.17 sys=0.01, real=0.02 secs] 
2016-09-25T23:03:05.371-0400: 19.639: [GC (GCLocker Initiated GC) [PSYoungGen: 142754K->61410K(175104K)] 591144K->542558K(699392K), 0.0143897 secs] [Times: user=0.16 sys=0.00, real=0.02 secs] 
2016-09-25T23:03:05.386-0400: 19.654: [Full GC (Ergonomics) [PSYoungGen: 61410K->0K(175104K)] [ParOldGen: 481147K->143152K(524288K)] 542558K->143152K(699392K), [Metaspace: 43449K->43449K(1085440K)], 0.0680610 secs] [Times: user=0.43 sys=0.01, real=0.06 secs] 
2016-09-25T23:03:05.493-0400: 19.761: [GC (GCLocker Initiated GC) [PSYoungGen: 88064K->76657K(175104K)] 240343K->228936K(699392K), 0.0103304 secs] [Times: user=0.13 sys=0.01, real=0.02 secs] 
2016-09-25T23:03:05.542-0400: 19.811: [GC (GCLocker Initiated GC) [PSYoungGen: 164721K->64012K(175104K)] 319885K->234524K(699392K), 0.0096707 secs] [Times: user=0.08 sys=0.00, real=0.00 secs] 
2016-09-25T23:03:05.595-0400: 19.863: [GC (GCLocker Initiated GC) [PSYoungGen: 152076K->46543K(175104K)] 325381K->241682K(699392K), 0.0259294 secs] [Times: user=0.35 sys=0.00, real=0.02 secs] 
2016-09-25T23:03:05.653-0400: 19.921: [GC (GCLocker Initiated GC) [PSYoungGen: 134607K->64268K(175104K)] 339299K->294934K(699392K), 0.0125056 secs] [Times: user=0.13 sys=0.01, real=0.02 secs] 
2016-09-25T23:03:05.707-0400: 19.975: [GC (GCLocker Initiated GC) [PSYoungGen: 152332K->60123K(148480K)] 393837K->303294K(672768K), 0.0235128 secs] [Times: user=0.30 sys=0.02, real=0.02 secs] 
2016-09-25T23:03:05.773-0400: 20.041: [GC (GCLocker Initiated GC) [PSYoungGen: 148187K->70968K(173568K)] 396830K->328052K(697856K), 0.0092426 secs] [Times: user=0.08 sys=0.00, real=0.02 secs] 
2016-09-25T23:03:05.817-0400: 20.085: [GC (GCLocker Initiated GC) [PSYoungGen: 158520K->61472K(174080K)] 422540K->336535K(698368K), 0.0065289 secs] [Times: user=0.07 sys=0.00, real=0.01 secs] 
2016-09-25T23:03:05.863-0400: 20.131: [GC (GCLocker Initiated GC) [PSYoungGen: 149024K->77736K(171520K)] 429646K->380253K(695808K), 0.0152189 secs] [Times: user=0.14 sys=0.00, real=0.01 secs] 
2016-09-25T23:03:05.920-0400: 20.188: [GC (GCLocker Initiated GC) [PSYoungGen: 164776K->50505K(174080K)] 470149K->368319K(698368K), 0.0126259 secs] [Times: user=0.10 sys=0.01, real=0.01 secs] 
2016-09-25T23:03:05.977-0400: 20.245: [GC (GCLocker Initiated GC) [PSYoungGen: 137545K->42506K(175104K)] 458132K->382261K(699392K), 0.0090683 secs] [Times: user=0.07 sys=0.00, real=0.01 secs] 
2016-09-25T23:03:06.027-0400: 20.295: [GC (GCLocker Initiated GC) [PSYoungGen: 130570K->65460K(175104K)] 470531K->425978K(699392K), 0.0188704 secs] [Times: user=0.18 sys=0.00, real=0.02 secs] 
2016-09-25T23:03:06.087-0400: 20.355: [GC (GCLocker Initiated GC) [PSYoungGen: 153524K->49499K(175104K)] 528854K->442661K(699392K), 0.0110283 secs] [Times: user=0.10 sys=0.00, real=0.01 secs] 
2016-09-25T23:03:06.146-0400: 20.414: [GC (GCLocker Initiated GC) [PSYoungGen: 137563K->46380K(175104K)] 530841K->454997K(699392K), 0.0137917 secs] [Times: user=0.12 sys=0.00, real=0.01 secs] 
2016-09-25T23:03:06.185-0400: 20.453: [GC (GCLocker Initiated GC) [PSYoungGen: 134444K->56265K(169984K)] 548610K->507127K(694272K), 0.0254363 secs] [Times: user=0.24 sys=0.00, real=0.02 secs] 
2016-09-25T23:03:06.259-0400: 20.527: [GC (GCLocker Initiated GC) [PSYoungGen: 144329K->46603K(172544K)] 600647K->533183K(696832K), 0.0232455 secs] [Times: user=0.22 sys=0.01, real=0.03 secs] 
2016-09-25T23:03:06.283-0400: 20.551: [Full GC (Ergonomics) [PSYoungGen: 46603K->0K(172544K)] [ParOldGen: 486579K->145890K(524288K)] 533183K->145890K(696832K), [Metaspace: 43452K->43452K(1085440K)], 0.0506282 secs] [Times: user=0.37 sys=0.00, real=0.04 secs] 
2016-09-25T23:03:06.383-0400: 20.651: [GC (GCLocker Initiated GC) [PSYoungGen: 88064K->53513K(173056K)] 236740K->202189K(697344K), 0.0138470 secs] [Times: user=0.14 sys=0.00, real=0.01 secs] 
2016-09-25T23:03:06.431-0400: 20.699: [GC (GCLocker Initiated GC) [PSYoungGen: 147209K->57635K(175616K)] 302684K->235268K(699904K), 0.0090453 secs] [Times: user=0.09 sys=0.00, real=0.01 secs] 
2016-09-25T23:03:06.490-0400: 20.758: [GC (GCLocker Initiated GC) [PSYoungGen: 151331K->68197K(178176K)] 331783K->253151K(702464K), 0.0101853 secs] [Times: user=0.10 sys=0.01, real=0.01 secs] 
2016-09-25T23:03:06.552-0400: 20.820: [GC (GCLocker Initiated GC) [PSYoungGen: 166501K->61593K(180224K)] 354188K->282052K(704512K), 0.0071675 secs] [Times: user=0.11 sys=0.00, real=0.01 secs] 
2016-09-25T23:03:06.604-0400: 20.872: [GC (GCLocker Initiated GC) [PSYoungGen: 159897K->75068K(174080K)] 381772K->309430K(698368K), 0.0103081 secs] [Times: user=0.06 sys=0.00, real=0.01 secs] 
2016-09-25T23:03:06.657-0400: 20.925: [GC (GCLocker Initiated GC) [PSYoungGen: 168252K->50744K(177664K)] 404513K->322553K(701952K), 0.0093039 secs] [Times: user=0.12 sys=0.01, real=0.01 secs] 
2016-09-25T23:03:06.706-0400: 20.974: [GC (GCLocker Initiated GC) [PSYoungGen: 143928K->76597K(172032K)] 418588K->370551K(696320K), 0.0077246 secs] [Times: user=0.09 sys=0.00, real=0.00 secs] 
2016-09-25T23:03:06.761-0400: 21.029: [GC (GCLocker Initiated GC) [PSYoungGen: 164661K->53491K(175104K)] 461421K->380499K(699392K), 0.0077842 secs] [Times: user=0.09 sys=0.00, real=0.01 secs] 
2016-09-25T23:03:06.804-0400: 21.072: [GC (GCLocker Initiated GC) [PSYoungGen: 141555K->84685K(174592K)] 470074K->423000K(698880K), 0.0116843 secs] [Times: user=0.11 sys=0.00, real=0.01 secs] 
2016-09-25T23:03:06.859-0400: 21.127: [GC (GCLocker Initiated GC) [PSYoungGen: 172749K->61738K(175104K)] 521997K->433195K(699392K), 0.0108909 secs] [Times: user=0.10 sys=0.00, real=0.01 secs] 
2016-09-25T23:03:06.913-0400: 21.181: [GC (GCLocker Initiated GC) [PSYoungGen: 149802K->63036K(175104K)] 530858K->463557K(699392K), 0.0067285 secs] [Times: user=0.09 sys=0.00, real=0.01 secs] 
2016-09-25T23:03:06.959-0400: 21.227: [GC (GCLocker Initiated GC) [PSYoungGen: 151100K->59016K(147456K)] 551713K->493855K(671744K), 0.0098073 secs] [Times: user=0.14 sys=0.00, real=0.01 secs] 
2016-09-25T23:03:07.011-0400: 21.279: [GC (GCLocker Initiated GC) [PSYoungGen: 147080K->64532K(175104K)] 587427K->532345K(699392K), 0.0118161 secs] [Times: user=0.14 sys=0.01, real=0.02 secs] 
2016-09-25T23:03:07.073-0400: 21.341: [GC (GCLocker Initiated GC) [PSYoungGen: 154132K->53625K(173568K)] 630146K->546458K(697856K), 0.0224635 secs] [Times: user=0.30 sys=0.01, real=0.03 secs] 
2016-09-25T23:03:07.096-0400: 21.364: [Full GC (Ergonomics) [PSYoungGen: 53625K->0K(173568K)] [ParOldGen: 492832K->147130K(524288K)] 546458K->147130K(697856K), [Metaspace: 43452K->43452K(1085440K)], 0.0706063 secs] [Times: user=0.34 sys=0.01, real=0.07 secs] 
2016-09-25T23:03:07.214-0400: 21.482: [GC (GCLocker Initiated GC) [PSYoungGen: 89600K->72676K(174080K)] 236827K->219903K(698368K), 0.0064889 secs] [Times: user=0.08 sys=0.00, real=0.00 secs] 
2016-09-25T23:03:07.256-0400: 21.524: [GC (GCLocker Initiated GC) [PSYoungGen: 163300K->72744K(163840K)] 313339K->239689K(688128K), 0.0073918 secs] [Times: user=0.09 sys=0.00, real=0.01 secs] 
2016-09-25T23:03:07.309-0400: 21.577: [GC (GCLocker Initiated GC) [PSYoungGen: 163368K->37190K(175104K)] 331765K->223787K(699392K), 0.0139296 secs] [Times: user=0.14 sys=0.01, real=0.02 secs] 
2016-09-25T23:03:07.358-0400: 21.626: [GC (GCLocker Initiated GC) [PSYoungGen: 125254K->67254K(175104K)] 314723K->281584K(699392K), 0.0154663 secs] [Times: user=0.20 sys=0.00, real=0.01 secs] 
2016-09-25T23:03:07.429-0400: 21.697: [GC (GCLocker Initiated GC) [PSYoungGen: 155318K->41297K(175104K)] 375535K->274316K(699392K), 0.0117229 secs] [Times: user=0.11 sys=0.00, real=0.01 secs] 
2016-09-25T23:03:07.485-0400: 21.753: [GC (GCLocker Initiated GC) [PSYoungGen: 129361K->69665K(175104K)] 362506K->319616K(699392K), 0.0130549 secs] [Times: user=0.17 sys=0.00, real=0.01 secs] 
2016-09-25T23:03:07.540-0400: 21.808: [GC (GCLocker Initiated GC) [PSYoungGen: 157729K->86221K(175104K)] 408150K->369549K(699392K), 0.0274595 secs] [Times: user=0.36 sys=0.01, real=0.03 secs] 
2016-09-25T23:03:07.626-0400: 21.894: [GC (GCLocker Initiated GC) [PSYoungGen: 174285K->39998K(175104K)] 461007K->348971K(699392K), 0.0284626 secs] [Times: user=0.41 sys=0.00, real=0.03 secs] 
2016-09-25T23:03:07.682-0400: 21.950: [GC (GCLocker Initiated GC) [PSYoungGen: 128062K->73890K(175104K)] 439940K->413316K(699392K), 0.0105262 secs] [Times: user=0.11 sys=0.00, real=0.00 secs] 
2016-09-25T23:03:07.747-0400: 22.015: [GC (GCLocker Initiated GC) [PSYoungGen: 161954K->63187K(175104K)] 515080K->447884K(699392K), 0.0092485 secs] [Times: user=0.11 sys=0.00, real=0.01 secs] 
2016-09-25T23:03:07.808-0400: 22.076: [GC (GCLocker Initiated GC) [PSYoungGen: 151251K->63135K(175104K)] 541796K->462367K(699392K), 0.0077060 secs] [Times: user=0.08 sys=0.01, real=0.01 secs] 
2016-09-25T23:03:08.311-0400: 22.579: [GC (GCLocker Initiated GC) [PSYoungGen: 151199K->66949K(175104K)] 550490K->492537K(699392K), 2.2181543 secs] [Times: user=0.33 sys=0.00, real=2.22 secs] 
2016-09-25T23:03:10.583-0400: 24.851: [GC (GCLocker Initiated GC) [PSYoungGen: 155013K->76813K(175104K)] 591620K->524667K(699392K), 0.0093091 secs] [Times: user=0.11 sys=0.00, real=0.00 secs] 
2016-09-25T23:03:10.647-0400: 24.915: [GC (GCLocker Initiated GC) [PSYoungGen: 164877K->54766K(175104K)] 612927K->515671K(699392K), 0.0126993 secs] [Times: user=0.14 sys=0.00, real=0.01 secs] 
2016-09-25T23:03:10.712-0400: 24.980: [GC (GCLocker Initiated GC) [PSYoungGen: 142830K->52274K(175104K)] 609358K->530044K(699392K), 0.0151093 secs] [Times: user=0.18 sys=0.00, real=0.02 secs] 
2016-09-25T23:03:10.778-0400: 25.046: [GC (GCLocker Initiated GC) [PSYoungGen: 140338K->63161K(175104K)] 623698K->572753K(699392K), 0.0253127 secs] [Times: user=0.36 sys=0.00, real=0.03 secs] 
2016-09-25T23:03:10.804-0400: 25.072: [Full GC (Ergonomics) [PSYoungGen: 63161K->0K(175104K)] [ParOldGen: 509592K->139652K(524288K)] 572753K->139652K(699392K), [Metaspace: 43458K->43458K(1085440K)], 0.2480306 secs] [Times: user=3.63 sys=0.03, real=0.24 secs] 
2016-09-25T23:03:11.104-0400: 25.372: [GC (GCLocker Initiated GC) [PSYoungGen: 88064K->80986K(175104K)] 230594K->223517K(699392K), 0.0149117 secs] [Times: user=0.14 sys=0.01, real=0.01 secs] 
2016-09-25T23:03:11.168-0400: 25.436: [GC (GCLocker Initiated GC) [PSYoungGen: 169050K->71216K(175104K)] 311740K->233587K(699392K), 0.0100269 secs] [Times: user=0.10 sys=0.00, real=0.01 secs] 
2016-09-25T23:03:11.224-0400: 25.493: [GC (GCLocker Initiated GC) [PSYoungGen: 159280K->60688K(175104K)] 329874K->258818K(699392K), 0.0065827 secs] [Times: user=0.08 sys=0.00, real=0.00 secs] 
2016-09-25T23:03:11.286-0400: 25.554: [GC (GCLocker Initiated GC) [PSYoungGen: 148752K->53541K(175104K)] 347036K->276857K(699392K), 0.0132950 secs] [Times: user=0.09 sys=0.00, real=0.01 secs] 
2016-09-25T23:03:11.343-0400: 25.611: [GC (GCLocker Initiated GC) [PSYoungGen: 141605K->60422K(175104K)] 364965K->320850K(699392K), 0.0106804 secs] [Times: user=0.11 sys=0.00, real=0.00 secs] 
2016-09-25T23:03:11.402-0400: 25.670: [GC (GCLocker Initiated GC) [PSYoungGen: 148486K->83688K(175104K)] 423826K->361016K(699392K), 0.0110576 secs] [Times: user=0.17 sys=0.00, real=0.00 secs] 
2016-09-25T23:03:11.472-0400: 25.740: [GC (GCLocker Initiated GC) [PSYoungGen: 171752K->56088K(175104K)] 454536K->349099K(699392K), 0.0108923 secs] [Times: user=0.10 sys=0.00, real=0.02 secs] 
2016-09-25T23:03:11.524-0400: 25.792: [GC (GCLocker Initiated GC) [PSYoungGen: 144152K->58975K(175104K)] 442746K->368731K(699392K), 0.0104507 secs] [Times: user=0.09 sys=0.01, real=0.01 secs] 
2016-09-25T23:03:11.587-0400: 25.855: [GC (GCLocker Initiated GC) [PSYoungGen: 147039K->49491K(175104K)] 458244K->380181K(699392K), 0.0123424 secs] [Times: user=0.12 sys=0.01, real=0.01 secs] 
2016-09-25T23:03:11.634-0400: 25.902: [GC (GCLocker Initiated GC) [PSYoungGen: 137555K->54806K(175104K)] 468346K->403730K(699392K), 0.0187580 secs] [Times: user=0.21 sys=0.01, real=0.02 secs] 
2016-09-25T23:03:11.698-0400: 25.966: [GC (GCLocker Initiated GC) [PSYoungGen: 142870K->69960K(175104K)] 497293K->445178K(699392K), 0.0219669 secs] [Times: user=0.25 sys=0.01, real=0.02 secs] 
2016-09-25T23:03:11.771-0400: 26.039: [GC (GCLocker Initiated GC) [PSYoungGen: 158024K->42851K(175104K)] 538720K->455263K(699392K), 0.0111418 secs] [Times: user=0.13 sys=0.01, real=0.02 secs] 
2016-09-25T23:03:11.824-0400: 26.092: [GC (GCLocker Initiated GC) [PSYoungGen: 130915K->56335K(175104K)] 554268K->485641K(699392K), 0.0196568 secs] [Times: user=0.16 sys=0.00, real=0.02 secs] 
2016-09-25T23:03:11.901-0400: 26.169: [GC (GCLocker Initiated GC) [PSYoungGen: 144399K->72561K(175104K)] 583230K->535055K(699392K), 0.0233115 secs] [Times: user=0.26 sys=0.01, real=0.03 secs] 
2016-09-25T23:03:11.987-0400: 26.255: [GC (GCLocker Initiated GC) [PSYoungGen: 160625K->38608K(175104K)] 638025K->520555K(699392K), 0.0078646 secs] [Times: user=0.06 sys=0.00, real=0.01 secs] 
2016-09-25T23:03:12.029-0400: 26.297: [GC (GCLocker Initiated GC) [PSYoungGen: 126672K->65696K(175104K)] 608757K->579436K(699392K), 0.0154880 secs] [Times: user=0.16 sys=0.00, real=0.02 secs] 
2016-09-25T23:03:12.045-0400: 26.313: [Full GC (Ergonomics) [PSYoungGen: 65696K->0K(175104K)] [ParOldGen: 513739K->151546K(524288K)] 579436K->151546K(699392K), [Metaspace: 43475K->43475K(1085440K)], 0.0908877 secs] [Times: user=0.57 sys=0.00, real=0.09 secs] 
2016-09-25T23:03:12.195-0400: 26.463: [GC (GCLocker Initiated GC) [PSYoungGen: 88064K->43260K(175104K)] 250561K->205757K(699392K), 0.0098936 secs] [Times: user=0.08 sys=0.00, real=0.01 secs] 
2016-09-25T23:03:12.264-0400: 26.532: [GC (GCLocker Initiated GC) [PSYoungGen: 131324K->36031K(175104K)] 311473K->229380K(699392K), 0.0169700 secs] [Times: user=0.16 sys=0.00, real=0.01 secs] 
2016-09-25T23:03:12.323-0400: 26.591: [GC (GCLocker Initiated GC) [PSYoungGen: 124095K->50800K(175104K)] 317574K->271954K(699392K), 0.0291758 secs] [Times: user=0.28 sys=0.01, real=0.02 secs] 
2016-09-25T23:03:12.406-0400: 26.674: [GC (GCLocker Initiated GC) [PSYoungGen: 138864K->54888K(143360K)] 362911K->292966K(667648K), 0.0208031 secs] [Times: user=0.23 sys=0.01, real=0.02 secs] 
2016-09-25T23:03:12.474-0400: 26.742: [GC (GCLocker Initiated GC) [PSYoungGen: 142952K->42718K(173568K)] 389175K->298955K(697856K), 0.0252358 secs] [Times: user=0.25 sys=0.00, real=0.02 secs] 
2016-09-25T23:03:12.548-0400: 26.816: [GC (GCLocker Initiated GC) [PSYoungGen: 131806K->38951K(172544K)] 401781K->313592K(696832K), 0.0178262 secs] [Times: user=0.16 sys=0.00, real=0.02 secs] 
2016-09-25T23:03:12.618-0400: 26.886: [GC (GCLocker Initiated GC) [PSYoungGen: 128039K->40041K(177664K)] 410969K->334610K(701952K), 0.0237015 secs] [Times: user=0.27 sys=0.01, real=0.02 secs] 
2016-09-25T23:03:12.689-0400: 26.957: [GC (GCLocker Initiated GC) [PSYoungGen: 135273K->56535K(177664K)] 432606K->373380K(701952K), 0.0128588 secs] [Times: user=0.11 sys=0.00, real=0.01 secs] 
2016-09-25T23:03:12.761-0400: 27.029: [GC (GCLocker Initiated GC) [PSYoungGen: 151767K->55043K(176640K)] 471965K->400275K(700928K), 0.0105414 secs] [Times: user=0.11 sys=0.01, real=0.01 secs] 
2016-09-25T23:03:12.822-0400: 27.090: [GC (GCLocker Initiated GC) [PSYoungGen: 153347K->68445K(177664K)] 502849K->423862K(701952K), 0.0115803 secs] [Times: user=0.09 sys=0.00, real=0.01 secs] 
2016-09-25T23:03:12.887-0400: 27.155: [GC (GCLocker Initiated GC) [PSYoungGen: 166749K->53653K(179712K)] 535744K->429982K(704000K), 0.0230958 secs] [Times: user=0.18 sys=0.01, real=0.02 secs] 
2016-09-25T23:03:12.972-0400: 27.240: [GC (GCLocker Initiated GC) [PSYoungGen: 152981K->36111K(179200K)] 534830K->429459K(703488K), 0.0155474 secs] [Times: user=0.12 sys=0.00, real=0.02 secs] 
2016-09-25T23:03:13.039-0400: 27.307: [GC (GCLocker Initiated GC) [PSYoungGen: 135439K->52437K(177664K)] 531498K->476231K(701952K), 0.0106988 secs] [Times: user=0.08 sys=0.00, real=0.01 secs] 
2016-09-25T23:03:13.097-0400: 27.365: [GC (GCLocker Initiated GC) [PSYoungGen: 154325K->56630K(179712K)] 578257K->496129K(704000K), 0.0150108 secs] [Times: user=0.13 sys=0.00, real=0.01 secs] 
2016-09-25T23:03:13.171-0400: 27.439: [GC (GCLocker Initiated GC) [PSYoungGen: 158518K->48304K(180224K)] 600844K->502214K(704512K), 0.0212449 secs] [Times: user=0.18 sys=0.00, real=0.02 secs] 
2016-09-25T23:03:13.244-0400: 27.512: [GC (GCLocker Initiated GC) [PSYoungGen: 155824K->52310K(182784K)] 617882K->532651K(707072K), 0.0190540 secs] [Times: user=0.18 sys=0.00, real=0.02 secs] 
2016-09-25T23:03:15.351-0400: 29.619: [GC (GCLocker Initiated GC) [PSYoungGen: 159830K->67281K(181760K)] 643076K->553912K(706048K), 0.0291523 secs] [Times: user=0.17 sys=0.02, real=0.03 secs] 
2016-09-25T23:03:15.459-0400: 29.727: [Full GC (Ergonomics) [PSYoungGen: 175825K->0K(181760K)] [ParOldGen: 498914K->152308K(524288K)] 674740K->152308K(706048K), [Metaspace: 43480K->43480K(1085440K)], 0.0991993 secs] [Times: user=0.53 sys=0.03, real=0.10 secs] 
2016-09-25T23:03:15.659-0400: 29.927: [GC (GCLocker Initiated GC) [PSYoungGen: 108544K->55794K(185344K)] 269108K->216358K(709632K), 0.0134999 secs] [Times: user=0.15 sys=0.00, real=0.01 secs] 
2016-09-25T23:03:15.728-0400: 29.996: [GC (GCLocker Initiated GC) [PSYoungGen: 164338K->72738K(177664K)] 330346K->256277K(701952K), 0.0180302 secs] [Times: user=0.17 sys=0.01, real=0.02 secs] 
2016-09-25T23:03:15.809-0400: 30.077: [GC (GCLocker Initiated GC) [PSYoungGen: 175138K->60561K(182272K)] 358960K->250562K(706560K), 0.0078338 secs] [Times: user=0.07 sys=0.00, real=0.01 secs] 
2016-09-25T23:03:15.886-0400: 30.154: [GC (GCLocker Initiated GC) [PSYoungGen: 162961K->52298K(178688K)] 358552K->267606K(702976K), 0.0142661 secs] [Times: user=0.14 sys=0.00, real=0.01 secs] 
2016-09-25T23:03:15.959-0400: 30.228: [GC (GCLocker Initiated GC) [PSYoungGen: 155210K->59139K(180736K)] 371995K->294065K(705024K), 0.0104793 secs] [Times: user=0.12 sys=0.01, real=0.01 secs] 
2016-09-25T23:03:16.038-0400: 30.306: [GC (GCLocker Initiated GC) [PSYoungGen: 162051K->68699K(180224K)] 399803K->319322K(704512K), 0.0199668 secs] [Times: user=0.24 sys=0.00, real=0.02 secs] 
2016-09-25T23:03:16.112-0400: 30.381: [GC (GCLocker Initiated GC) [PSYoungGen: 172123K->51185K(182784K)] 422822K->318831K(707072K), 0.0144820 secs] [Times: user=0.15 sys=0.00, real=0.02 secs] 
2016-09-25T23:03:16.193-0400: 30.461: [GC (GCLocker Initiated GC) [PSYoungGen: 154609K->74291K(175616K)] 425127K->355142K(699904K), 0.0106187 secs] [Times: user=0.13 sys=0.00, real=0.02 secs] 
2016-09-25T23:03:16.258-0400: 30.526: [GC (GCLocker Initiated GC) [PSYoungGen: 171571K->60499K(179712K)] 452611K->375006K(704000K), 0.0120608 secs] [Times: user=0.09 sys=0.00, real=0.01 secs] 
2016-09-25T23:03:16.324-0400: 30.592: [GC (GCLocker Initiated GC) [PSYoungGen: 157779K->74493K(174080K)] 475015K->404546K(698368K), 0.0093036 secs] [Times: user=0.10 sys=0.00, real=0.00 secs] 
2016-09-25T23:03:16.400-0400: 30.668: [GC (GCLocker Initiated GC) [PSYoungGen: 167677K->55123K(177664K)] 507380K->410613K(701952K), 0.0115937 secs] [Times: user=0.11 sys=0.01, real=0.01 secs] 
2016-09-25T23:03:16.459-0400: 30.727: [GC (GCLocker Initiated GC) [PSYoungGen: 148307K->63217K(174080K)] 509264K->445179K(698368K), 0.0133158 secs] [Times: user=0.16 sys=0.00, real=0.01 secs] 
2016-09-25T23:03:16.524-0400: 30.792: [GC (GCLocker Initiated GC) [PSYoungGen: 157937K->68845K(176640K)] 542718K->484098K(700928K), 0.0228472 secs] [Times: user=0.28 sys=0.00, real=0.02 secs] 
2016-09-25T23:03:16.616-0400: 30.884: [GC (GCLocker Initiated GC) [PSYoungGen: 163565K->48655K(179200K)] 595119K->494534K(703488K), 0.0229475 secs] [Times: user=0.22 sys=0.00, real=0.02 secs] 
2016-09-25T23:03:16.696-0400: 30.964: [GC (GCLocker Initiated GC) [PSYoungGen: 144911K->46964K(179200K)] 590880K->510036K(703488K), 0.0194666 secs] [Times: user=0.19 sys=0.00, real=0.02 secs] 
2016-09-25T23:03:16.762-0400: 31.030: [GC (GCLocker Initiated GC) [PSYoungGen: 143220K->53866K(176128K)] 610425K->543296K(700416K), 0.0201985 secs] [Times: user=0.12 sys=0.03, real=0.02 secs] 
2016-09-25T23:03:16.840-0400: 31.108: [Full GC (Ergonomics) [PSYoungGen: 150122K->0K(176128K)] [ParOldGen: 492365K->158142K(524288K)] 642488K->158142K(700416K), [Metaspace: 43495K->43495K(1085440K)], 0.0718118 secs] [Times: user=0.41 sys=0.00, real=0.07 secs] 
2016-09-25T23:03:16.963-0400: 31.231: [GC (GCLocker Initiated GC) [PSYoungGen: 96256K->74355K(171008K)] 254434K->232533K(695296K), 0.0076507 secs] [Times: user=0.07 sys=0.00, real=0.00 secs] 
2016-09-25T23:03:17.014-0400: 31.282: [GC (GCLocker Initiated GC) [PSYoungGen: 170611K->69264K(175104K)] 338305K->254178K(699392K), 0.0098198 secs] [Times: user=0.11 sys=0.00, real=0.02 secs] 
2016-09-25T23:03:17.084-0400: 31.352: [GC (GCLocker Initiated GC) [PSYoungGen: 159376K->44440K(134656K)] 347141K->252361K(658944K), 0.0258415 secs] [Times: user=0.30 sys=0.00, real=0.02 secs] 
2016-09-25T23:03:17.155-0400: 31.423: [GC (GCLocker Initiated GC) [PSYoungGen: 134552K->45818K(176128K)] 345347K->277651K(700416K), 0.0097708 secs] [Times: user=0.11 sys=0.01, real=0.01 secs] 
2016-09-25T23:03:17.201-0400: 31.469: [GC (GCLocker Initiated GC) [PSYoungGen: 135418K->77158K(166912K)] 370024K->331445K(691200K), 0.0112483 secs] [Times: user=0.12 sys=0.00, real=0.01 secs] 
2016-09-25T23:03:17.270-0400: 31.538: [GC (GCLocker Initiated GC) [PSYoungGen: 166758K->55210K(175104K)] 429756K->342188K(699392K), 0.0150561 secs] [Times: user=0.15 sys=0.00, real=0.02 secs] 
2016-09-25T23:03:17.336-0400: 31.604: [GC (GCLocker Initiated GC) [PSYoungGen: 143274K->59355K(147456K)] 437061K->360766K(671744K), 0.0061929 secs] [Times: user=0.07 sys=0.00, real=0.00 secs] 
2016-09-25T23:03:17.386-0400: 31.654: [GC (GCLocker Initiated GC) [PSYoungGen: 147419K->61928K(174592K)] 453042K->375102K(698880K), 0.0105679 secs] [Times: user=0.11 sys=0.01, real=0.01 secs] 
2016-09-25T23:03:17.448-0400: 31.716: [GC (GCLocker Initiated GC) [PSYoungGen: 151528K->44208K(173056K)] 472953K->404183K(697344K), 0.0361937 secs] [Times: user=0.38 sys=0.02, real=0.04 secs] 
2016-09-25T23:03:17.539-0400: 31.807: [GC (GCLocker Initiated GC) [PSYoungGen: 133808K->46973K(177664K)] 494012K->415908K(701952K), 0.0195857 secs] [Times: user=0.18 sys=0.00, real=0.02 secs] 
2016-09-25T23:03:17.605-0400: 31.873: [GC (GCLocker Initiated GC) [PSYoungGen: 141693K->49725K(177664K)] 524235K->442550K(701952K), 0.0210877 secs] [Times: user=0.23 sys=0.01, real=0.02 secs] 
2016-09-25T23:03:17.682-0400: 31.950: [GC (GCLocker Initiated GC) [PSYoungGen: 144445K->45585K(178176K)] 537319K->466248K(702464K), 0.0270506 secs] [Times: user=0.25 sys=0.02, real=0.03 secs] 
2016-09-25T23:03:17.752-0400: 32.020: [GC (GCLocker Initiated GC) [PSYoungGen: 142865K->64894K(178176K)] 566333K->499933K(702464K), 0.0297100 secs] [Times: user=0.32 sys=0.02, real=0.03 secs] 
2016-09-25T23:03:17.843-0400: 32.111: [GC (GCLocker Initiated GC) [PSYoungGen: 162174K->48408K(180224K)] 602672K->516998K(704512K), 0.0164412 secs] [Times: user=0.19 sys=0.00, real=0.01 secs] 
2016-09-25T23:03:17.914-0400: 32.182: [GC (GCLocker Initiated GC) [PSYoungGen: 147736K->56749K(156160K)] 620506K->542323K(680448K), 0.0106953 secs] [Times: user=0.09 sys=0.00, real=0.01 secs] 
2016-09-25T23:03:17.925-0400: 32.193: [Full GC (Ergonomics) [PSYoungGen: 56749K->0K(156160K)] [ParOldGen: 485574K->164857K(524288K)] 542323K->164857K(680448K), [Metaspace: 43499K->43499K(1085440K)], 0.0549267 secs] [Times: user=0.34 sys=0.00, real=0.05 secs] 
2016-09-25T23:03:18.027-0400: 32.295: [GC (GCLocker Initiated GC) [PSYoungGen: 99328K->78817K(166912K)] 269730K->271005K(691200K), 0.0117583 secs] [Times: user=0.13 sys=0.01, real=0.01 secs] 
2016-09-25T23:03:18.090-0400: 32.358: [GC (GCLocker Initiated GC) [PSYoungGen: 166881K->26377K(175104K)] 359145K->260477K(699392K), 0.0372240 secs] [Times: user=0.38 sys=0.01, real=0.04 secs] 
2016-09-25T23:03:18.170-0400: 32.438: [GC (GCLocker Initiated GC) [PSYoungGen: 114441K->54001K(175104K)] 351435K->307634K(699392K), 0.0158635 secs] [Times: user=0.15 sys=0.01, real=0.02 secs] 
2016-09-25T23:03:18.234-0400: 32.502: [GC (GCLocker Initiated GC) [PSYoungGen: 142065K->51148K(175104K)] 401229K->330247K(699392K), 0.0160356 secs] [Times: user=0.15 sys=0.00, real=0.02 secs] 
2016-09-25T23:03:18.301-0400: 32.569: [GC (GCLocker Initiated GC) [PSYoungGen: 139212K->29409K(175104K)] 426501K->340538K(699392K), 0.0169996 secs] [Times: user=0.14 sys=0.01, real=0.02 secs] 
2016-09-25T23:03:18.367-0400: 32.635: [GC (GCLocker Initiated GC) [PSYoungGen: 117473K->67268K(175104K)] 435493K->402228K(699392K), 0.0109319 secs] [Times: user=0.10 sys=0.00, real=0.01 secs] 
2016-09-25T23:03:18.431-0400: 32.699: [GC (GCLocker Initiated GC) [PSYoungGen: 155332K->35974K(175104K)] 495409K->386335K(699392K), 0.0126521 secs] [Times: user=0.11 sys=0.01, real=0.02 secs] 
2016-09-25T23:03:18.481-0400: 32.749: [GC (GCLocker Initiated GC) [PSYoungGen: 124038K->61827K(175104K)] 477196K->428964K(699392K), 0.0265956 secs] [Times: user=0.19 sys=0.01, real=0.03 secs] 
2016-09-25T23:03:18.551-0400: 32.819: [GC (GCLocker Initiated GC) [PSYoungGen: 149891K->59414K(175104K)] 521274K->439699K(699392K), 0.0089533 secs] [Times: user=0.08 sys=0.00, real=0.01 secs] 
2016-09-25T23:03:18.610-0400: 32.878: [GC (GCLocker Initiated GC) [PSYoungGen: 147478K->50601K(138752K)] 536084K->448127K(663040K), 0.0115419 secs] [Times: user=0.09 sys=0.00, real=0.01 secs] 
2016-09-25T23:03:18.660-0400: 32.928: [GC (GCLocker Initiated GC) [PSYoungGen: 138665K->65855K(174080K)] 541742K->515267K(698368K), 0.0155943 secs] [Times: user=0.14 sys=0.00, real=0.02 secs] 
2016-09-25T23:03:18.722-0400: 32.990: [GC (GCLocker Initiated GC) [PSYoungGen: 153407K->37433K(174592K)] 605589K->514475K(698880K), 0.0083641 secs] [Times: user=0.06 sys=0.00, real=0.00 secs] 
2016-09-25T23:03:18.785-0400: 33.053: [Full GC (Ergonomics) [PSYoungGen: 124985K->0K(174592K)] [ParOldGen: 490668K->173730K(524288K)] 615654K->173730K(698880K), [Metaspace: 43501K->43501K(1085440K)], 0.0939534 secs] [Times: user=0.61 sys=0.01, real=0.09 secs] 
2016-09-25T23:03:18.922-0400: 33.190: [GC (GCLocker Initiated GC) [PSYoungGen: 87552K->60527K(175104K)] 261285K->234260K(699392K), 0.0164535 secs] [Times: user=0.14 sys=0.01, real=0.02 secs] 
2016-09-25T23:03:18.989-0400: 33.257: [GC (GCLocker Initiated GC) [PSYoungGen: 148591K->71567K(175104K)] 337177K->260976K(699392K), 0.0179072 secs] [Times: user=0.14 sys=0.04, real=0.02 secs] 
2016-09-25T23:03:19.053-0400: 33.321: [GC (GCLocker Initiated GC) [PSYoungGen: 159631K->50637K(175104K)] 357296K->259957K(699392K), 0.0170311 secs] [Times: user=0.18 sys=0.00, real=0.02 secs] 
2016-09-25T23:03:19.119-0400: 33.387: [GC (GCLocker Initiated GC) [PSYoungGen: 138701K->50882K(139264K)] 348161K->275598K(663552K), 0.0158936 secs] [Times: user=0.16 sys=0.01, real=0.02 secs] 
2016-09-25T23:03:19.187-0400: 33.455: [GC (GCLocker Initiated GC) [PSYoungGen: 138946K->57727K(175104K)] 375965K->320888K(699392K), 0.0190645 secs] [Times: user=0.17 sys=0.00, real=0.02 secs] 
2016-09-25T23:03:19.246-0400: 33.514: [GC (GCLocker Initiated GC) [PSYoungGen: 147839K->52250K(173056K)] 422046K->329801K(697344K), 0.0096544 secs] [Times: user=0.09 sys=0.00, real=0.01 secs] 
2016-09-25T23:03:19.294-0400: 33.562: [GC (GCLocker Initiated GC) [PSYoungGen: 142362K->56365K(177152K)] 428138K->346910K(701440K), 0.0065996 secs] [Times: user=0.07 sys=0.01, real=0.01 secs] 
2016-09-25T23:03:19.347-0400: 33.615: [GC (GCLocker Initiated GC) [PSYoungGen: 152621K->63096K(175104K)] 452767K->366413K(699392K), 0.0096250 secs] [Times: user=0.08 sys=0.00, real=0.01 secs] 
2016-09-25T23:03:19.414-0400: 33.682: [GC (GCLocker Initiated GC) [PSYoungGen: 159352K->65882K(179712K)] 468105K->404943K(704000K), 0.0278928 secs] [Times: user=0.39 sys=0.01, real=0.03 secs] 
2016-09-25T23:03:19.504-0400: 33.772: [GC (GCLocker Initiated GC) [PSYoungGen: 166234K->79492K(180224K)] 510747K->434073K(704512K), 0.0099839 secs] [Times: user=0.09 sys=0.01, real=0.01 secs] 
2016-09-25T23:03:19.560-0400: 33.828: [GC (GCLocker Initiated GC) [PSYoungGen: 179844K->61684K(174080K)] 539998K->441402K(698368K), 0.0080302 secs] [Times: user=0.08 sys=0.00, real=0.01 secs] 
2016-09-25T23:03:19.622-0400: 33.890: [GC (GCLocker Initiated GC) [PSYoungGen: 153844K->40163K(132608K)] 544486K->465110K(656896K), 0.0103208 secs] [Times: user=0.11 sys=0.00, real=0.01 secs] 
2016-09-25T23:03:19.691-0400: 33.960: [GC (GCLocker Initiated GC) [PSYoungGen: 132323K->53610K(178688K)] 557437K->498190K(702976K), 0.0098053 secs] [Times: user=0.12 sys=0.00, real=0.01 secs] 
2016-09-25T23:03:19.748-0400: 34.016: [GC (GCLocker Initiated GC) [PSYoungGen: 146282K->72707K(165888K)] 596341K->542218K(690176K), 0.0083076 secs] [Times: user=0.12 sys=0.00, real=0.01 secs] 
2016-09-25T23:03:19.807-0400: 34.075: [Full GC (Ergonomics) [PSYoungGen: 165379K->0K(165888K)] [ParOldGen: 483086K->179905K(524288K)] 648466K->179905K(690176K), [Metaspace: 43501K->43501K(1085440K)], 0.0603176 secs] [Times: user=0.39 sys=0.00, real=0.06 secs] 
2016-09-25T23:03:19.949-0400: 34.217: [GC (GCLocker Initiated GC) [PSYoungGen: 92672K->56385K(177664K)] 273970K->237683K(701952K), 0.0126235 secs] [Times: user=0.14 sys=0.01, real=0.01 secs] 
2016-09-25T23:03:19.988-0400: 34.256: [GC (GCLocker Initiated GC) [PSYoungGen: 147009K->72612K(175104K)] 333736K->289626K(699392K), 0.0124213 secs] [Times: user=0.14 sys=0.01, real=0.01 secs] 
2016-09-25T23:03:20.047-0400: 34.315: [GC (Allocation Failure) [PSYoungGen: 163236K->41419K(175104K)] 399362K->294334K(699392K), 0.0093678 secs] [Times: user=0.09 sys=0.00, real=0.01 secs] 
2016-09-25T23:03:20.135-0400: 34.403: [GC (GCLocker Initiated GC) [PSYoungGen: 128783K->33004K(175104K)] 384398K->308107K(699392K), 0.0115044 secs] [Times: user=0.07 sys=0.00, real=0.01 secs] 
2016-09-25T23:03:20.189-0400: 34.457: [GC (GCLocker Initiated GC) [PSYoungGen: 121068K->79351K(175104K)] 404442K->372619K(699392K), 0.0070214 secs] [Times: user=0.09 sys=0.00, real=0.01 secs] 
2016-09-25T23:03:20.238-0400: 34.506: [GC (GCLocker Initiated GC) [PSYoungGen: 167415K->56476K(175104K)] 462221K->385564K(699392K), 0.0072841 secs] [Times: user=0.09 sys=0.00, real=0.01 secs] 
2016-09-25T23:03:20.287-0400: 34.555: [GC (GCLocker Initiated GC) [PSYoungGen: 144540K->57573K(175104K)] 476453K->402255K(699392K), 0.0108798 secs] [Times: user=0.08 sys=0.00, real=0.01 secs] 
2016-09-25T23:03:20.353-0400: 34.621: [GC (GCLocker Initiated GC) [PSYoungGen: 145637K->84859K(175104K)] 493275K->453200K(699392K), 0.0164793 secs] [Times: user=0.19 sys=0.00, real=0.02 secs] 
2016-09-25T23:03:20.433-0400: 34.701: [GC (GCLocker Initiated GC) [PSYoungGen: 172923K->38615K(175104K)] 551041K->441648K(699392K), 0.0065839 secs] [Times: user=0.06 sys=0.00, real=0.01 secs] 
2016-09-25T23:03:20.478-0400: 34.746: [GC (GCLocker Initiated GC) [PSYoungGen: 126679K->44081K(175104K)] 544627K->482723K(699392K), 0.0106711 secs] [Times: user=0.10 sys=0.00, real=0.01 secs] 
2016-09-25T23:03:20.527-0400: 34.795: [GC (GCLocker Initiated GC) [PSYoungGen: 132145K->42585K(175104K)] 573599K->500728K(699392K), 0.0145342 secs] [Times: user=0.07 sys=0.02, real=0.01 secs] 
2016-09-25T23:03:20.603-0400: 34.871: [GC (GCLocker Initiated GC) [PSYoungGen: 130649K->45556K(175104K)] 597065K->547568K(699392K), 0.0141499 secs] [Times: user=0.12 sys=0.00, real=0.01 secs] 
2016-09-25T23:03:20.617-0400: 34.885: [Full GC (Ergonomics) [PSYoungGen: 45556K->0K(175104K)] [ParOldGen: 502011K->189493K(524288K)] 547568K->189493K(699392K), [Metaspace: 43502K->43502K(1085440K)], 0.0642853 secs] [Times: user=0.45 sys=0.01, real=0.06 secs] 
2016-09-25T23:03:20.719-0400: 34.987: [GC (GCLocker Initiated GC) [PSYoungGen: 88064K->79531K(175104K)] 277640K->269107K(699392K), 0.0095849 secs] [Times: user=0.10 sys=0.00, real=0.01 secs] 
2016-09-25T23:03:20.791-0400: 35.059: [GC (GCLocker Initiated GC) [PSYoungGen: 167595K->40119K(175104K)] 357226K->273789K(699392K), 0.0114962 secs] [Times: user=0.14 sys=0.00, real=0.02 secs] 
2016-09-25T23:03:20.852-0400: 35.120: [GC (GCLocker Initiated GC) [PSYoungGen: 128183K->83630K(175104K)] 367462K->338285K(699392K), 0.0128123 secs] [Times: user=0.15 sys=0.01, real=0.02 secs] 
2016-09-25T23:03:20.909-0400: 35.177: [GC (GCLocker Initiated GC) [PSYoungGen: 171694K->56444K(175104K)] 429132K->325478K(699392K), 0.0060242 secs] [Times: user=0.07 sys=0.00, real=0.01 secs] 
2016-09-25T23:03:20.959-0400: 35.227: [GC (GCLocker Initiated GC) [PSYoungGen: 144508K->69849K(175104K)] 413594K->357160K(699392K), 0.0066780 secs] [Times: user=0.08 sys=0.00, real=0.01 secs] 
2016-09-25T23:03:21.005-0400: 35.273: [GC (GCLocker Initiated GC) [PSYoungGen: 157913K->78109K(175104K)] 450791K->382291K(699392K), 0.0192064 secs] [Times: user=0.25 sys=0.00, real=0.02 secs] 
2016-09-25T23:03:21.082-0400: 35.350: [GC (GCLocker Initiated GC) [PSYoungGen: 166173K->49493K(175104K)] 475847K->390823K(699392K), 0.0094351 secs] [Times: user=0.08 sys=0.00, real=0.00 secs] 
2016-09-25T23:03:21.136-0400: 35.404: [GC (GCLocker Initiated GC) [PSYoungGen: 137557K->38615K(175104K)] 478919K->406116K(699392K), 0.0063178 secs] [Times: user=0.06 sys=0.00, real=0.01 secs] 
2016-09-25T23:03:21.180-0400: 35.448: [GC (GCLocker Initiated GC) [PSYoungGen: 126679K->65906K(175104K)] 503706K->465080K(699392K), 0.0093408 secs] [Times: user=0.15 sys=0.00, real=0.01 secs] 
2016-09-25T23:03:21.237-0400: 35.505: [GC (GCLocker Initiated GC) [PSYoungGen: 153970K->50957K(175104K)] 562694K->495367K(699392K), 0.0097109 secs] [Times: user=0.10 sys=0.01, real=0.01 secs] 
2016-09-25T23:03:21.286-0400: 35.554: [GC (GCLocker Initiated GC) [PSYoungGen: 139021K->69749K(175104K)] 583478K->521599K(699392K), 0.0091982 secs] [Times: user=0.09 sys=0.00, real=0.01 secs] 
2016-09-25T23:03:21.341-0400: 35.609: [GC (GCLocker Initiated GC) [PSYoungGen: 157813K->75436K(175104K)] 613845K->537383K(699392K), 0.0090528 secs] [Times: user=0.11 sys=0.00, real=0.01 secs] 
2016-09-25T23:03:21.399-0400: 35.667: [GC (GCLocker Initiated GC) [PSYoungGen: 163500K->64430K(175104K)] 632286K->547311K(699392K), 0.0069295 secs] [Times: user=0.08 sys=0.00, real=0.01 secs] 
2016-09-25T23:03:21.406-0400: 35.674: [Full GC (Ergonomics) [PSYoungGen: 64430K->0K(175104K)] [ParOldGen: 482880K->188685K(524288K)] 547311K->188685K(699392K), [Metaspace: 43516K->43516K(1085440K)], 0.0496288 secs] [Times: user=0.34 sys=0.00, real=0.05 secs] 
2016-09-25T23:03:21.504-0400: 35.772: [GC (GCLocker Initiated GC) [PSYoungGen: 88064K->75468K(175104K)] 279667K->267071K(699392K), 0.0081115 secs] [Times: user=0.06 sys=0.00, real=0.00 secs] 
2016-09-25T23:03:21.562-0400: 35.830: [GC (GCLocker Initiated GC) [PSYoungGen: 163532K->59061K(175104K)] 358000K->288029K(699392K), 0.0078886 secs] [Times: user=0.08 sys=0.01, real=0.00 secs] 
2016-09-25T23:03:21.610-0400: 35.878: [GC (GCLocker Initiated GC) [PSYoungGen: 147125K->49549K(175104K)] 376349K->314464K(699392K), 0.0095674 secs] [Times: user=0.09 sys=0.00, real=0.01 secs] 
2016-09-25T23:03:21.673-0400: 35.941: [GC (GCLocker Initiated GC) [PSYoungGen: 137613K->41265K(175104K)] 405318K->325725K(699392K), 0.0271773 secs] [Times: user=0.26 sys=0.00, real=0.03 secs] 
2016-09-25T23:03:21.748-0400: 36.016: [GC (GCLocker Initiated GC) [PSYoungGen: 129329K->48276K(175104K)] 420600K->359000K(699392K), 0.0105559 secs] [Times: user=0.09 sys=0.00, real=0.01 secs] 
2016-09-25T23:03:21.813-0400: 36.081: [GC (GCLocker Initiated GC) [PSYoungGen: 136340K->46842K(175104K)] 460686K->378612K(699392K), 0.0195584 secs] [Times: user=0.19 sys=0.00, real=0.02 secs] 
2016-09-25T23:03:21.867-0400: 36.135: [GC (GCLocker Initiated GC) [PSYoungGen: 134906K->53447K(175104K)] 466724K->400677K(699392K), 0.0069945 secs] [Times: user=0.06 sys=0.00, real=0.00 secs] 
2016-09-25T23:03:21.916-0400: 36.184: [GC (GCLocker Initiated GC) [PSYoungGen: 141511K->42826K(175104K)] 502386K->412258K(699392K), 0.0092405 secs] [Times: user=0.07 sys=0.01, real=0.01 secs] 
2016-09-25T23:03:21.964-0400: 36.232: [GC (GCLocker Initiated GC) [PSYoungGen: 130890K->54900K(143360K)] 508522K->452062K(667648K), 0.0080922 secs] [Times: user=0.07 sys=0.00, real=0.00 secs] 
2016-09-25T23:03:22.017-0400: 36.285: [GC (GCLocker Initiated GC) [PSYoungGen: 142964K->60251K(173056K)] 542885K->482280K(697344K), 0.0077639 secs] [Times: user=0.08 sys=0.00, real=0.01 secs] 
2016-09-25T23:03:22.068-0400: 36.336: [GC (GCLocker Initiated GC) [PSYoungGen: 149339K->56348K(172032K)] 583662K->497823K(696320K), 0.0117585 secs] [Times: user=0.10 sys=0.00, real=0.01 secs] 
2016-09-25T23:03:22.131-0400: 36.399: [GC (GCLocker Initiated GC) [PSYoungGen: 145436K->53390K(177152K)] 597770K->518488K(701440K), 0.0100520 secs] [Times: user=0.08 sys=0.00, real=0.01 secs] 
2016-09-25T23:03:22.186-0400: 36.454: [GC (GCLocker Initiated GC) [PSYoungGen: 150670K->56213K(175616K)] 622848K->534251K(699904K), 0.0087682 secs] [Times: user=0.06 sys=0.00, real=0.01 secs] 
2016-09-25T23:03:22.244-0400: 36.512: [GC (GCLocker Initiated GC) [PSYoungGen: 153493K->75130K(174592K)] 634358K->567310K(698880K), 0.0122761 secs] [Times: user=0.12 sys=0.00, real=0.01 secs] 
2016-09-25T23:03:22.257-0400: 36.525: [Full GC (Ergonomics) [PSYoungGen: 75130K->0K(174592K)] [ParOldGen: 492180K->199128K(524288K)] 567310K->199128K(698880K), [Metaspace: 43642K->43642K(1087488K)], 0.0558946 secs] [Times: user=0.37 sys=0.00, real=0.05 secs] 
2016-09-25T23:03:22.355-0400: 36.623: [GC (GCLocker Initiated GC) [PSYoungGen: 98304K->63271K(180224K)] 297477K->262445K(704512K), 0.0081811 secs] [Times: user=0.08 sys=0.00, real=0.01 secs] 
2016-09-25T23:03:22.409-0400: 36.677: [GC (GCLocker Initiated GC) [PSYoungGen: 161575K->56251K(175616K)] 363520K->268485K(699904K), 0.0289981 secs] [Times: user=0.27 sys=0.00, real=0.03 secs] 
2016-09-25T23:03:22.494-0400: 36.762: [GC (GCLocker Initiated GC) [PSYoungGen: 155067K->63011K(178176K)] 375502K->289450K(702464K), 0.0062113 secs] [Times: user=0.05 sys=0.00, real=0.00 secs] 
2016-09-25T23:03:22.553-0400: 36.821: [GC (GCLocker Initiated GC) [PSYoungGen: 161827K->67181K(180736K)] 397925K->321468K(705024K), 0.0104422 secs] [Times: user=0.12 sys=0.00, real=0.02 secs] 
2016-09-25T23:03:22.612-0400: 36.880: [GC (GCLocker Initiated GC) [PSYoungGen: 168557K->44024K(145408K)] 422946K->319230K(669696K), 0.0085284 secs] [Times: user=0.07 sys=0.00, real=0.01 secs] 
2016-09-25T23:03:22.668-0400: 36.936: [GC (GCLocker Initiated GC) [PSYoungGen: 145400K->50724K(182272K)] 423462K->342714K(706560K), 0.0079840 secs] [Times: user=0.08 sys=0.00, real=0.01 secs] 
2016-09-25T23:03:22.737-0400: 37.005: [GC (GCLocker Initiated GC) [PSYoungGen: 152100K->71267K(173056K)] 446853K->375988K(697344K), 0.0073157 secs] [Times: user=0.07 sys=0.00, real=0.01 secs] 
2016-09-25T23:03:22.792-0400: 37.060: [GC (GCLocker Initiated GC) [PSYoungGen: 172643K->42717K(179200K)] 488222K->364251K(703488K), 0.0164549 secs] [Times: user=0.17 sys=0.01, real=0.02 secs] 
2016-09-25T23:03:22.858-0400: 37.126: [GC (GCLocker Initiated GC) [PSYoungGen: 138973K->35820K(132096K)] 463267K->370067K(656384K), 0.0084863 secs] [Times: user=0.08 sys=0.00, real=0.01 secs] 
2016-09-25T23:03:22.925-0400: 37.193: [GC (GCLocker Initiated GC) [PSYoungGen: 132076K->51075K(180224K)] 471799K->407478K(704512K), 0.0268335 secs] [Times: user=0.27 sys=0.01, real=0.02 secs] 
2016-09-25T23:03:23.009-0400: 37.277: [GC (GCLocker Initiated GC) [PSYoungGen: 147331K->46789K(143360K)] 506477K->424082K(667648K), 0.0125646 secs] [Times: user=0.10 sys=0.00, real=0.01 secs] 
2016-09-25T23:03:23.075-0400: 37.343: [GC (GCLocker Initiated GC) [PSYoungGen: 143045K->50670K(178688K)] 520626K->434232K(702976K), 0.0259577 secs] [Times: user=0.27 sys=0.01, real=0.03 secs] 
2016-09-25T23:03:23.152-0400: 37.420: [GC (GCLocker Initiated GC) [PSYoungGen: 148974K->43904K(176640K)] 532805K->440329K(700928K), 0.0257172 secs] [Times: user=0.26 sys=0.00, real=0.03 secs] 
2016-09-25T23:03:23.233-0400: 37.501: [GC (GCLocker Initiated GC) [PSYoungGen: 142208K->42749K(181248K)] 541476K->460027K(705536K), 0.0111431 secs] [Times: user=0.10 sys=0.00, real=0.02 secs] 
2016-09-25T23:03:23.302-0400: 37.570: [GC (GCLocker Initiated GC) [PSYoungGen: 146685K->54998K(180736K)] 572317K->489368K(705024K), 0.0095777 secs] [Times: user=0.10 sys=0.00, real=0.00 secs] 
2016-09-25T23:03:23.371-0400: 37.639: [GC (GCLocker Initiated GC) [PSYoungGen: 158934K->37288K(183296K)] 600307K->484667K(707584K), 0.0152528 secs] [Times: user=0.13 sys=0.00, real=0.02 secs] 
2016-09-25T23:03:23.436-0400: 37.704: [GC (GCLocker Initiated GC) [PSYoungGen: 145320K->56105K(183296K)] 592879K->514983K(707584K), 0.0173458 secs] [Times: user=0.17 sys=0.01, real=0.01 secs] 
2016-09-25T23:03:23.527-0400: 37.795: [GC (GCLocker Initiated GC) [PSYoungGen: 164137K->57653K(186880K)] 642047K->537340K(711168K), 0.0109265 secs] [Times: user=0.10 sys=0.00, real=0.01 secs] 
2016-09-25T23:03:23.604-0400: 37.872: [GC (GCLocker Initiated GC) [PSYoungGen: 169269K->53489K(165376K)] 651822K->540685K(689664K), 0.0149990 secs] [Times: user=0.14 sys=0.00, real=0.01 secs] 
2016-09-25T23:03:23.678-0400: 37.946: [GC (GCLocker Initiated GC) [PSYoungGen: 165105K->42937K(186368K)] 655071K->538854K(710656K), 0.0283047 secs] [Times: user=0.25 sys=0.01, real=0.03 secs] 
2016-09-25T23:03:23.756-0400: 38.024: [Full GC (Ergonomics) [PSYoungGen: 155577K->0K(186368K)] [ParOldGen: 506839K->207707K(524288K)] 662416K->207707K(710656K), [Metaspace: 43654K->43654K(1087488K)], 0.0611596 secs] [Times: user=0.33 sys=0.00, real=0.06 secs] 
2016-09-25T23:03:23.884-0400: 38.152: [GC (GCLocker Initiated GC) [PSYoungGen: 112640K->60594K(185344K)] 323307K->271262K(709632K), 0.0070607 secs] [Times: user=0.05 sys=0.00, real=0.00 secs] 
2016-09-25T23:03:23.946-0400: 38.214: [GC (GCLocker Initiated GC) [PSYoungGen: 173234K->62918K(183808K)] 383989K->289373K(708096K), 0.0069902 secs] [Times: user=0.08 sys=0.00, real=0.00 secs] 
2016-09-25T23:03:24.010-0400: 38.278: [GC (GCLocker Initiated GC) [PSYoungGen: 172486K->45440K(185856K)] 400371K->299446K(710144K), 0.0169478 secs] [Times: user=0.17 sys=0.01, real=0.02 secs] 
2016-09-25T23:03:24.077-0400: 38.345: [GC (GCLocker Initiated GC) [PSYoungGen: 155008K->53445K(180736K)] 411771K->333759K(705024K), 0.0175050 secs] [Times: user=0.19 sys=0.00, real=0.02 secs] 
2016-09-25T23:03:24.147-0400: 38.415: [GC (GCLocker Initiated GC) [PSYoungGen: 164037K->56293K(183808K)] 447162K->368372K(708096K), 0.0121884 secs] [Times: user=0.14 sys=0.01, real=0.01 secs] 
2016-09-25T23:03:24.214-0400: 38.482: [GC (GCLocker Initiated GC) [PSYoungGen: 166885K->59008K(188416K)] 479051K->404181K(712704K), 0.0206814 secs] [Times: user=0.24 sys=0.00, real=0.02 secs] 
2016-09-25T23:03:24.290-0400: 38.558: [GC (GCLocker Initiated GC) [PSYoungGen: 174720K->45438K(188928K)] 524046K->434475K(713216K), 0.0112791 secs] [Times: user=0.11 sys=0.00, real=0.01 secs] 
2016-09-25T23:03:24.352-0400: 38.620: [GC (GCLocker Initiated GC) [PSYoungGen: 161150K->56257K(186880K)] 552969K->458141K(711168K), 0.0076905 secs] [Times: user=0.06 sys=0.00, real=0.01 secs] 
2016-09-25T23:03:24.419-0400: 38.687: [GC (Allocation Failure) [PSYoungGen: 172481K->61706K(187904K)] 577281K->484603K(712192K), 0.0083500 secs] [Times: user=0.08 sys=0.00, real=0.01 secs] 
2016-09-25T23:03:24.428-0400: 38.697: [GC (GCLocker Initiated GC) [PSYoungGen: 61807K->64K(174592K)] 484703K->495335K(698880K), 0.0160984 secs] [Times: user=0.15 sys=0.00, real=0.02 secs] 
2016-09-25T23:03:24.445-0400: 38.713: [Full GC (Ergonomics) [PSYoungGen: 64K->0K(174592K)] [ParOldGen: 495271K->212924K(524288K)] 495335K->212924K(698880K), [Metaspace: 43658K->43658K(1087488K)], 0.0629508 secs] [Times: user=0.41 sys=0.00, real=0.06 secs] 
2016-09-25T23:03:24.563-0400: 38.831: [GC (GCLocker Initiated GC) [PSYoungGen: 100763K->75600K(177152K)] 320438K->295275K(701440K), 0.0065598 secs] [Times: user=0.07 sys=0.00, real=0.00 secs] 
2016-09-25T23:03:24.643-0400: 38.911: [GC (GCLocker Initiated GC) [PSYoungGen: 176976K->49456K(178176K)] 406337K->290527K(702464K), 0.0315678 secs] [Times: user=0.34 sys=0.00, real=0.03 secs] 
2016-09-25T23:03:24.726-0400: 38.994: [GC (GCLocker Initiated GC) [PSYoungGen: 142640K->40004K(133632K)] 389358K->303398K(657920K), 0.0095219 secs] [Times: user=0.06 sys=0.00, real=0.01 secs] 
2016-09-25T23:03:24.784-0400: 39.052: [GC (GCLocker Initiated GC) [PSYoungGen: 133188K->82075K(170496K)] 399546K->361170K(694784K), 0.0081716 secs] [Times: user=0.11 sys=0.00, real=0.00 secs] 
2016-09-25T23:03:24.857-0400: 39.125: [GC (GCLocker Initiated GC) [PSYoungGen: 170139K->55079K(175104K)] 450688K->351042K(699392K), 0.0125450 secs] [Times: user=0.13 sys=0.00, real=0.01 secs] 
2016-09-25T23:03:24.918-0400: 39.186: [GC (GCLocker Initiated GC) [PSYoungGen: 143143K->63115K(175104K)] 439361K->382872K(699392K), 0.0087284 secs] [Times: user=0.10 sys=0.01, real=0.01 secs] 
2016-09-25T23:03:24.966-0400: 39.234: [GC (GCLocker Initiated GC) [PSYoungGen: 151179K->77972K(175104K)] 471002K->425455K(699392K), 0.0084119 secs] [Times: user=0.12 sys=0.00, real=0.01 secs] 
2016-09-25T23:03:25.006-0400: 39.274: [GC (GCLocker Initiated GC) [PSYoungGen: 166036K->71337K(175104K)] 519127K->447932K(699392K), 0.0079070 secs] [Times: user=0.10 sys=0.01, real=0.01 secs] 
2016-09-25T23:03:25.065-0400: 39.333: [GC (GCLocker Initiated GC) [PSYoungGen: 159401K->52251K(175104K)] 541790K->451525K(699392K), 0.0102647 secs] [Times: user=0.10 sys=0.00, real=0.01 secs] 
2016-09-25T23:03:25.125-0400: 39.393: [GC (GCLocker Initiated GC) [PSYoungGen: 140315K->61771K(175104K)] 542425K->491464K(699392K), 0.0178769 secs] [Times: user=0.22 sys=0.01, real=0.02 secs] 
2016-09-25T23:03:25.190-0400: 39.458: [GC (GCLocker Initiated GC) [PSYoungGen: 149835K->61758K(175104K)] 586353K->520355K(699392K), 0.0076219 secs] [Times: user=0.08 sys=0.00, real=0.01 secs] 
2016-09-25T23:03:25.247-0400: 39.515: [GC (GCLocker Initiated GC) [PSYoungGen: 149822K->52279K(175104K)] 616573K->533098K(699392K), 0.0063100 secs] [Times: user=0.09 sys=0.00, real=0.00 secs] 
2016-09-25T23:03:25.288-0400: 39.556: [Full GC (Ergonomics) [PSYoungGen: 140343K->0K(175104K)] [ParOldGen: 483611K->216297K(524288K)] 623955K->216297K(699392K), [Metaspace: 43659K->43659K(1087488K)], 0.0843593 secs] [Times: user=0.53 sys=0.01, real=0.08 secs] 
2016-09-25T23:03:25.423-0400: 39.691: [GC (GCLocker Initiated GC) [PSYoungGen: 88064K->79671K(175104K)] 307310K->298917K(699392K), 0.0068713 secs] [Times: user=0.10 sys=0.00, real=0.00 secs] 
2016-09-25T23:03:25.460-0400: 39.728: [GC (GCLocker Initiated GC) [PSYoungGen: 167735K->82219K(175104K)] 391529K->309588K(699392K), 0.0072995 secs] [Times: user=0.10 sys=0.00, real=0.01 secs] 
2016-09-25T23:03:25.514-0400: 39.782: [GC (GCLocker Initiated GC) [PSYoungGen: 170283K->58946K(175104K)] 405954K->306140K(699392K), 0.0102619 secs] [Times: user=0.12 sys=0.00, real=0.02 secs] 
2016-09-25T23:03:25.585-0400: 39.853: [GC (GCLocker Initiated GC) [PSYoungGen: 147010K->42664K(175104K)] 397010K->303840K(699392K), 0.0101541 secs] [Times: user=0.08 sys=0.00, real=0.01 secs] 
2016-09-25T23:03:25.644-0400: 39.912: [GC (GCLocker Initiated GC) [PSYoungGen: 130728K->72520K(175104K)] 394805K->368113K(699392K), 0.0077643 secs] [Times: user=0.08 sys=0.00, real=0.00 secs] 
2016-09-25T23:03:25.691-0400: 39.959: [GC (GCLocker Initiated GC) [PSYoungGen: 160584K->53704K(175104K)] 465761K->372911K(699392K), 0.0090710 secs] [Times: user=0.10 sys=0.00, real=0.01 secs] 
2016-09-25T23:03:25.740-0400: 40.008: [GC (GCLocker Initiated GC) [PSYoungGen: 141768K->59039K(175104K)] 466520K->410080K(699392K), 0.0072376 secs] [Times: user=0.10 sys=0.00, real=0.01 secs] 
2016-09-25T23:03:25.810-0400: 40.078: [GC (GCLocker Initiated GC) [PSYoungGen: 147103K->72546K(175104K)] 501039K->440532K(699392K), 0.0110283 secs] [Times: user=0.14 sys=0.01, real=0.01 secs] 
2016-09-25T23:03:25.880-0400: 40.148: [GC (GCLocker Initiated GC) [PSYoungGen: 160610K->50793K(175104K)] 531735K->449430K(699392K), 0.0086449 secs] [Times: user=0.07 sys=0.00, real=0.01 secs] 
2016-09-25T23:03:25.927-0400: 40.195: [GC (GCLocker Initiated GC) [PSYoungGen: 138857K->50801K(175104K)] 540251K->462156K(699392K), 0.0151530 secs] [Times: user=0.15 sys=0.00, real=0.02 secs] 
2016-09-25T23:03:25.984-0400: 40.252: [GC (GCLocker Initiated GC) [PSYoungGen: 138865K->57735K(145920K)] 553094K->503589K(670208K), 0.0177887 secs] [Times: user=0.24 sys=0.00, real=0.01 secs] 
2016-09-25T23:03:26.065-0400: 40.333: [GC (GCLocker Initiated GC) [PSYoungGen: 145799K->49591K(175616K)] 594536K->525947K(699904K), 0.0147008 secs] [Times: user=0.19 sys=0.00, real=0.01 secs] 
2016-09-25T23:03:26.124-0400: 40.392: [GC (GCLocker Initiated GC) [PSYoungGen: 138679K->67281K(174592K)] 617830K->560447K(698880K), 0.0078081 secs] [Times: user=0.11 sys=0.00, real=0.00 secs] 
2016-09-25T23:03:26.132-0400: 40.400: [Full GC (Ergonomics) [PSYoungGen: 67281K->0K(174592K)] [ParOldGen: 493166K->218159K(524288K)] 560447K->218159K(698880K), [Metaspace: 43659K->43659K(1087488K)], 0.0489443 secs] [Times: user=0.40 sys=0.00, real=0.05 secs] 
2016-09-25T23:03:26.227-0400: 40.495: [GC (GCLocker Initiated GC) [PSYoungGen: 89088K->64729K(176128K)] 312784K->288426K(700416K), 0.0055996 secs] [Times: user=0.07 sys=0.00, real=0.00 secs] 
2016-09-25T23:03:26.266-0400: 40.534: [GC (GCLocker Initiated GC) [PSYoungGen: 155353K->64520K(176128K)] 379163K->310761K(700416K), 0.0087256 secs] [Times: user=0.12 sys=0.00, real=0.01 secs] 
2016-09-25T23:03:26.322-0400: 40.590: [GC (GCLocker Initiated GC) [PSYoungGen: 155144K->60425K(172032K)] 411035K->345333K(696320K), 0.0071136 secs] [Times: user=0.10 sys=0.00, real=0.01 secs] 
2016-09-25T23:03:26.378-0400: 40.646: [GC (GCLocker Initiated GC) [PSYoungGen: 152073K->56403K(174080K)] 446507K->364874K(698368K), 0.2198056 secs] [Times: user=0.08 sys=0.00, real=0.22 secs] 
2016-09-25T23:03:27.378-0400: 41.646: [GC (GCLocker Initiated GC) [PSYoungGen: 148051K->80716K(169984K)] 456769K->400799K(694272K), 0.0122309 secs] [Times: user=0.08 sys=0.01, real=0.01 secs] 
2016-09-25T23:03:27.434-0400: 41.702: [GC (GCLocker Initiated GC) [PSYoungGen: 169804K->64507K(175616K)] 492710K->431143K(699904K), 0.0107081 secs] [Times: user=0.16 sys=0.00, real=0.02 secs] 
2016-09-25T23:03:27.483-0400: 41.751: [GC (GCLocker Initiated GC) [PSYoungGen: 153595K->46897K(175104K)] 524508K->439919K(699392K), 0.0110937 secs] [Times: user=0.11 sys=0.01, real=0.01 secs] 
2016-09-25T23:03:27.528-0400: 41.796: [GC (GCLocker Initiated GC) [PSYoungGen: 137521K->80801K(171520K)] 536100K->497568K(695808K), 0.0109215 secs] [Times: user=0.15 sys=0.00, real=0.01 secs] 
2016-09-25T23:03:27.584-0400: 41.852: [GC (GCLocker Initiated GC) [PSYoungGen: 171425K->71322K(175104K)] 595160K->520024K(699392K), 0.0078657 secs] [Times: user=0.10 sys=0.00, real=0.00 secs] 
2016-09-25T23:03:27.634-0400: 41.902: [GC (GCLocker Initiated GC) [PSYoungGen: 159386K->56287K(175104K)] 610976K->530124K(699392K), 0.0064855 secs] [Times: user=0.08 sys=0.00, real=0.01 secs] 
2016-09-25T23:03:27.688-0400: 41.956: [GC (GCLocker Initiated GC) [PSYoungGen: 144351K->64430K(175104K)] 621019K->568600K(699392K), 0.0089877 secs] [Times: user=0.10 sys=0.01, real=0.01 secs] 
2016-09-25T23:03:27.697-0400: 41.965: [Full GC (Ergonomics) [PSYoungGen: 64430K->0K(175104K)] [ParOldGen: 504169K->216619K(524288K)] 568600K->216619K(699392K), [Metaspace: 43665K->43665K(1087488K)], 0.0532117 secs] [Times: user=0.47 sys=0.00, real=0.05 secs] 
2016-09-25T23:03:27.779-0400: 42.047: [GC (GCLocker Initiated GC) [PSYoungGen: 88064K->86275K(175104K)] 304939K->308551K(699392K), 0.0095236 secs] [Times: user=0.15 sys=0.00, real=0.01 secs] 
2016-09-25T23:03:27.838-0400: 42.106: [GC (GCLocker Initiated GC) [PSYoungGen: 174339K->52326K(175104K)] 402247K->320077K(699392K), 0.0070317 secs] [Times: user=0.09 sys=0.01, real=0.01 secs] 
2016-09-25T23:03:27.891-0400: 42.159: [GC (GCLocker Initiated GC) [PSYoungGen: 140390K->49537K(175104K)] 416482K->351898K(699392K), 0.0093750 secs] [Times: user=0.10 sys=0.00, real=0.01 secs] 
2016-09-25T23:03:27.927-0400: 42.195: [GC (GCLocker Initiated GC) [PSYoungGen: 137601K->84805K(175104K)] 442812K->405344K(699392K), 0.0082272 secs] [Times: user=0.13 sys=0.00, real=0.01 secs] 
2016-09-25T23:03:27.981-0400: 42.249: [GC (GCLocker Initiated GC) [PSYoungGen: 172869K->80713K(175104K)] 505716K->423634K(699392K), 0.0157640 secs] [Times: user=0.20 sys=0.00, real=0.02 secs] 
2016-09-25T23:03:28.038-0400: 42.306: [GC (GCLocker Initiated GC) [PSYoungGen: 168777K->61571K(175104K)] 518552K->430781K(699392K), 0.0108146 secs] [Times: user=0.10 sys=0.00, real=0.01 secs] 
2016-09-25T23:03:28.086-0400: 42.354: [GC (GCLocker Initiated GC) [PSYoungGen: 149635K->58950K(175104K)] 518915K->459698K(699392K), 0.0076324 secs] [Times: user=0.10 sys=0.01, real=0.00 secs] 
2016-09-25T23:03:28.138-0400: 42.406: [GC (GCLocker Initiated GC) [PSYoungGen: 147014K->56455K(175104K)] 548357K->485267K(699392K), 0.0086826 secs] [Times: user=0.13 sys=0.00, real=0.01 secs] 
2016-09-25T23:03:28.172-0400: 42.440: [GC (GCLocker Initiated GC) [PSYoungGen: 144519K->86181K(175104K)] 573596K->533449K(699392K), 0.0088027 secs] [Times: user=0.12 sys=0.00, real=0.01 secs] 
2016-09-25T23:03:28.226-0400: 42.494: [GC (GCLocker Initiated GC) [PSYoungGen: 174245K->59141K(175104K)] 625626K->539543K(699392K), 0.0074976 secs] [Times: user=0.11 sys=0.00, real=0.00 secs] 
2016-09-25T23:03:28.272-0400: 42.540: [Full GC (Ergonomics) [PSYoungGen: 147205K->0K(175104K)] [ParOldGen: 483203K->225583K(524288K)] 630408K->225583K(699392K), [Metaspace: 43665K->43665K(1087488K)], 0.0690006 secs] [Times: user=0.60 sys=0.00, real=0.07 secs] 
2016-09-25T23:03:28.383-0400: 42.651: [GC (GCLocker Initiated GC) [PSYoungGen: 88064K->79668K(175104K)] 323314K->314919K(699392K), 0.0098845 secs] [Times: user=0.15 sys=0.00, real=0.00 secs] 
2016-09-25T23:03:28.433-0400: 42.701: [GC (GCLocker Initiated GC) [PSYoungGen: 167732K->60385K(175104K)] 412544K->316925K(699392K), 0.0065876 secs] [Times: user=0.08 sys=0.00, real=0.01 secs] 
2016-09-25T23:03:28.488-0400: 42.756: [GC (GCLocker Initiated GC) [PSYoungGen: 148449K->56104K(175104K)] 410476K->336222K(699392K), 0.0063625 secs] [Times: user=0.08 sys=0.00, real=0.01 secs] 
2016-09-25T23:03:28.525-0400: 42.793: [GC (GCLocker Initiated GC) [PSYoungGen: 144168K->75289K(175104K)] 427140K->382926K(699392K), 0.0080720 secs] [Times: user=0.10 sys=0.00, real=0.00 secs] 
2016-09-25T23:03:28.579-0400: 42.847: [GC (GCLocker Initiated GC) [PSYoungGen: 163353K->49603K(175104K)] 479239K->395699K(699392K), 0.0074086 secs] [Times: user=0.08 sys=0.00, real=0.01 secs] 
2016-09-25T23:03:28.628-0400: 42.896: [GC (GCLocker Initiated GC) [PSYoungGen: 137667K->56261K(175104K)] 487835K->419070K(699392K), 0.0107907 secs] [Times: user=0.06 sys=0.00, real=0.01 secs] 
2016-09-25T23:03:28.680-0400: 42.948: [GC (GCLocker Initiated GC) [PSYoungGen: 144325K->68426K(175104K)] 507193K->453509K(699392K), 0.0081022 secs] [Times: user=0.12 sys=0.00, real=0.01 secs] 
2016-09-25T23:03:28.725-0400: 42.993: [GC (GCLocker Initiated GC) [PSYoungGen: 156490K->71310K(175104K)] 547083K->500166K(699392K), 0.0090605 secs] [Times: user=0.14 sys=0.00, real=0.00 secs] 
2016-09-25T23:03:28.788-0400: 43.056: [GC (GCLocker Initiated GC) [PSYoungGen: 159374K->57487K(175104K)] 588324K->510033K(699392K), 0.0099851 secs] [Times: user=0.07 sys=0.00, real=0.01 secs] 
2016-09-25T23:03:28.827-0400: 43.095: [GC (GCLocker Initiated GC) [PSYoungGen: 145551K->86269K(175104K)] 605081K->566472K(699392K), 0.0101651 secs] [Times: user=0.15 sys=0.00, real=0.01 secs] 
2016-09-25T23:03:28.892-0400: 43.160: [GC (GCLocker Initiated GC) [PSYoungGen: 174333K->73751K(175104K)] 654648K->571008K(699392K), 0.0102570 secs] [Times: user=0.14 sys=0.00, real=0.01 secs] 
2016-09-25T23:03:28.902-0400: 43.170: [Full GC (Ergonomics) [PSYoungGen: 73751K->0K(175104K)] [ParOldGen: 497257K->226279K(524288K)] 571008K->226279K(699392K), [Metaspace: 43666K->43666K(1087488K)], 0.0525094 secs] [Times: user=0.38 sys=0.01, real=0.05 secs] 
2016-09-25T23:03:28.993-0400: 43.261: [GC (GCLocker Initiated GC) [PSYoungGen: 88064K->86404K(175104K)] 317270K->323711K(699392K), 0.0078781 secs] [Times: user=0.11 sys=0.00, real=0.01 secs] 
2016-09-25T23:03:29.040-0400: 43.308: [GC (GCLocker Initiated GC) [PSYoungGen: 174468K->72520K(175104K)] 411965K->328373K(699392K), 0.0100661 secs] [Times: user=0.14 sys=0.00, real=0.01 secs] 
2016-09-25T23:03:29.097-0400: 43.365: [GC (GCLocker Initiated GC) [PSYoungGen: 160584K->45617K(175104K)] 423300K->327768K(699392K), 0.0058438 secs] [Times: user=0.06 sys=0.00, real=0.01 secs] 
2016-09-25T23:03:29.138-0400: 43.406: [GC (GCLocker Initiated GC) [PSYoungGen: 133681K->61610K(175104K)] 416497K->361226K(699392K), 0.0075307 secs] [Times: user=0.09 sys=0.00, real=0.01 secs] 
2016-09-25T23:03:29.182-0400: 43.450: [GC (GCLocker Initiated GC) [PSYoungGen: 149674K->67291K(175104K)] 456125K->394524K(699392K), 0.0071033 secs] [Times: user=0.09 sys=0.00, real=0.01 secs] 
2016-09-25T23:03:29.233-0400: 43.501: [GC (GCLocker Initiated GC) [PSYoungGen: 155355K->56287K(175104K)] 497564K->413935K(699392K), 0.0080516 secs] [Times: user=0.08 sys=0.00, real=0.01 secs] 
2016-09-25T23:03:29.289-0400: 43.557: [GC (GCLocker Initiated GC) [PSYoungGen: 144351K->69869K(175104K)] 507598K->443067K(699392K), 0.0063568 secs] [Times: user=0.09 sys=0.00, real=0.01 secs] 
2016-09-25T23:03:29.331-0400: 43.599: [GC (GCLocker Initiated GC) [PSYoungGen: 157933K->75316K(175104K)] 534050K->466839K(699392K), 0.0088982 secs] [Times: user=0.12 sys=0.00, real=0.01 secs] 
2016-09-25T23:03:29.380-0400: 43.648: [GC (GCLocker Initiated GC) [PSYoungGen: 163380K->53607K(175104K)] 555034K->486355K(699392K), 0.0083295 secs] [Times: user=0.12 sys=0.00, real=0.01 secs] 
2016-09-25T23:03:29.423-0400: 43.691: [GC (GCLocker Initiated GC) [PSYoungGen: 141671K->82236K(175104K)] 579930K->545336K(699392K), 0.0091346 secs] [Times: user=0.13 sys=0.00, real=0.00 secs] 
2016-09-25T23:03:29.487-0400: 43.755: [GC (GCLocker Initiated GC) [PSYoungGen: 170300K->55053K(175104K)] 640289K->558086K(699392K), 0.0082667 secs] [Times: user=0.13 sys=0.00, real=0.01 secs] 
2016-09-25T23:03:29.496-0400: 43.764: [Full GC (Ergonomics) [PSYoungGen: 55053K->0K(175104K)] [ParOldGen: 503032K->226970K(524288K)] 558086K->226970K(699392K), [Metaspace: 43666K->43666K(1087488K)], 0.0582850 secs] [Times: user=0.48 sys=0.00, real=0.05 secs] 
2016-09-25T23:03:29.584-0400: 43.852: [GC (GCLocker Initiated GC) [PSYoungGen: 88063K->85021K(175104K)] 315305K->323062K(699392K), 0.0080910 secs] [Times: user=0.12 sys=0.00, real=0.00 secs] 
2016-09-25T23:03:29.631-0400: 43.899: [GC (GCLocker Initiated GC) [PSYoungGen: 173085K->72626K(175104K)] 419450K->336032K(699392K), 0.0074830 secs] [Times: user=0.11 sys=0.00, real=0.01 secs] 
2016-09-25T23:03:29.677-0400: 43.945: [GC (GCLocker Initiated GC) [PSYoungGen: 160690K->40043K(175104K)] 432224K->349997K(699392K), 0.0081076 secs] [Times: user=0.11 sys=0.01, real=0.01 secs] 
2016-09-25T23:03:29.718-0400: 43.986: [GC (GCLocker Initiated GC) [PSYoungGen: 128107K->79481K(175104K)] 438136K->406219K(699392K), 0.0093528 secs] [Times: user=0.09 sys=0.00, real=0.01 secs] 
2016-09-25T23:03:29.773-0400: 44.041: [GC (GCLocker Initiated GC) [PSYoungGen: 167545K->72562K(175104K)] 498498K->423023K(699392K), 0.0128147 secs] [Times: user=0.16 sys=0.01, real=0.02 secs] 
2016-09-25T23:03:29.838-0400: 44.106: [GC (GCLocker Initiated GC) [PSYoungGen: 160626K->69837K(175104K)] 511330K->450789K(699392K), 0.0118457 secs] [Times: user=0.14 sys=0.00, real=0.01 secs] 
2016-09-25T23:03:29.894-0400: 44.162: [GC (GCLocker Initiated GC) [PSYoungGen: 157901K->82033K(175104K)] 538950K->475744K(699392K), 0.0076891 secs] [Times: user=0.09 sys=0.00, real=0.01 secs] 
2016-09-25T23:03:29.939-0400: 44.207: [GC (GCLocker Initiated GC) [PSYoungGen: 170097K->41373K(175104K)] 573396K->455997K(699392K), 0.0066870 secs] [Times: user=0.05 sys=0.00, real=0.01 secs] 
2016-09-25T23:03:29.984-0400: 44.252: [GC (GCLocker Initiated GC) [PSYoungGen: 129437K->46920K(175104K)] 549513K->494645K(699392K), 0.0108138 secs] [Times: user=0.10 sys=0.00, real=0.01 secs] 
2016-09-25T23:03:30.043-0400: 44.311: [GC (GCLocker Initiated GC) [PSYoungGen: 134984K->75378K(175104K)] 585561K->538598K(699392K), 0.0142707 secs] [Times: user=0.13 sys=0.00, real=0.01 secs] 
2016-09-25T23:03:30.109-0400: 44.377: [GC (GCLocker Initiated GC) [PSYoungGen: 163442K->79300K(175104K)] 632178K->562196K(699392K), 0.0130537 secs] [Times: user=0.12 sys=0.01, real=0.01 secs] 
2016-09-25T23:03:30.163-0400: 44.431: [Full GC (Ergonomics) [PSYoungGen: 167364K->0K(175104K)] [ParOldGen: 484412K->230713K(524288K)] 651777K->230713K(699392K), [Metaspace: 43666K->43666K(1087488K)], 0.0609412 secs] [Times: user=0.37 sys=0.00, real=0.06 secs] 
2016-09-25T23:03:30.267-0400: 44.535: [GC (GCLocker Initiated GC) [PSYoungGen: 88064K->85019K(175104K)] 321701K->321357K(699392K), 0.0120046 secs] [Times: user=0.14 sys=0.00, real=0.01 secs] 
2016-09-25T23:03:30.343-0400: 44.611: [GC (GCLocker Initiated GC) [PSYoungGen: 173083K->60259K(175104K)] 414915K->336677K(699392K), 0.0116147 secs] [Times: user=0.14 sys=0.00, real=0.01 secs] 
2016-09-25T23:03:30.396-0400: 44.664: [GC (GCLocker Initiated GC) [PSYoungGen: 148323K->56319K(175104K)] 432923K->353512K(699392K), 0.0074309 secs] [Times: user=0.08 sys=0.00, real=0.01 secs] 
2016-09-25T23:03:30.431-0400: 44.699: [GC (GCLocker Initiated GC) [PSYoungGen: 144383K->75345K(175104K)] 441787K->405719K(699392K), 0.0088120 secs] [Times: user=0.13 sys=0.00, real=0.01 secs] 
2016-09-25T23:03:30.496-0400: 44.764: [GC (GCLocker Initiated GC) [PSYoungGen: 163409K->57637K(175104K)] 493826K->431858K(699392K), 0.0138018 secs] [Times: user=0.15 sys=0.00, real=0.01 secs] 
2016-09-25T23:03:30.561-0400: 44.829: [GC (GCLocker Initiated GC) [PSYoungGen: 145701K->61930K(175104K)] 522751K->466421K(699392K), 0.0126330 secs] [Times: user=0.17 sys=0.00, real=0.01 secs] 
2016-09-25T23:03:30.609-0400: 44.877: [GC (GCLocker Initiated GC) [PSYoungGen: 149994K->72537K(175104K)] 557408K->494111K(699392K), 0.0079377 secs] [Times: user=0.12 sys=0.00, real=0.01 secs] 
2016-09-25T23:03:30.654-0400: 44.922: [GC (GCLocker Initiated GC) [PSYoungGen: 160601K->50981K(175104K)] 584970K->498783K(699392K), 0.0081068 secs] [Times: user=0.07 sys=0.00, real=0.01 secs] 
2016-09-25T23:03:30.699-0400: 44.967: [GC (GCLocker Initiated GC) [PSYoungGen: 139045K->74061K(175104K)] 586969K->556450K(699392K), 0.0130438 secs] [Times: user=0.20 sys=0.00, real=0.01 secs] 
2016-09-25T23:03:30.713-0400: 44.981: [Full GC (Ergonomics) [PSYoungGen: 74061K->0K(175104K)] [ParOldGen: 482389K->244305K(524288K)] 556450K->244305K(699392K), [Metaspace: 43666K->43666K(1087488K)], 0.0837890 secs] [Times: user=0.69 sys=0.02, real=0.09 secs] 
2016-09-25T23:03:30.832-0400: 45.100: [GC (GCLocker Initiated GC) [PSYoungGen: 88064K->82352K(175104K)] 335323K->329612K(699392K), 0.0078406 secs] [Times: user=0.11 sys=0.00, real=0.01 secs] 
2016-09-25T23:03:30.878-0400: 45.146: [GC (GCLocker Initiated GC) [PSYoungGen: 170416K->69979K(175104K)] 425929K->346579K(699392K), 0.0089791 secs] [Times: user=0.08 sys=0.01, real=0.01 secs] 
2016-09-25T23:03:30.929-0400: 45.197: [GC (GCLocker Initiated GC) [PSYoungGen: 158043K->86083K(175104K)] 438755K->383633K(699392K), 0.0113818 secs] [Times: user=0.14 sys=0.00, real=0.01 secs] 
2016-09-25T23:03:31.018-0400: 45.286: [GC (GCLocker Initiated GC) [PSYoungGen: 174147K->68405K(175104K)] 481182K->388183K(699392K), 0.0111155 secs] [Times: user=0.15 sys=0.00, real=0.01 secs] 
2016-09-25T23:03:31.056-0400: 45.324: [GC (GCLocker Initiated GC) [PSYoungGen: 156469K->54850K(175104K)] 479111K->413053K(699392K), 0.0084633 secs] [Times: user=0.08 sys=0.00, real=0.01 secs] 
2016-09-25T23:03:31.098-0400: 45.366: [GC (GCLocker Initiated GC) [PSYoungGen: 142914K->68501K(175104K)] 503944K->456985K(699392K), 0.0087145 secs] [Times: user=0.14 sys=0.00, real=0.01 secs] 
2016-09-25T23:03:31.145-0400: 45.414: [GC (GCLocker Initiated GC) [PSYoungGen: 156565K->80717K(175104K)] 549207K->481955K(699392K), 0.0130021 secs] [Times: user=0.15 sys=0.01, real=0.01 secs] 
2016-09-25T23:03:31.210-0400: 45.478: [GC (GCLocker Initiated GC) [PSYoungGen: 168781K->68566K(175104K)] 575498K->508278K(699392K), 0.0121785 secs] [Times: user=0.19 sys=0.01, real=0.02 secs] 
2016-09-25T23:03:31.276-0400: 45.544: [GC (GCLocker Initiated GC) [PSYoungGen: 156630K->55065K(175104K)] 599482K->528147K(699392K), 0.0088243 secs] [Times: user=0.10 sys=0.00, real=0.01 secs] 
2016-09-25T23:03:31.323-0400: 45.591: [Full GC (Ergonomics) [PSYoungGen: 143129K->0K(175104K)] [ParOldGen: 494793K->247481K(524288K)] 637922K->247481K(699392K), [Metaspace: 43666K->43666K(1087488K)], 0.0517669 secs] [Times: user=0.46 sys=0.05, real=0.05 secs] 
2016-09-25T23:03:31.424-0400: 45.692: [GC (GCLocker Initiated GC) [PSYoungGen: 88064K->75497K(175104K)] 341202K->328636K(699392K), 0.0102566 secs] [Times: user=0.16 sys=0.02, real=0.01 secs] 
2016-09-25T23:03:31.491-0400: 45.759: [GC (GCLocker Initiated GC) [PSYoungGen: 163561K->66972K(175104K)] 416891K->327783K(699392K), 0.0101308 secs] [Times: user=0.09 sys=0.00, real=0.01 secs] 
2016-09-25T23:03:31.546-0400: 45.814: [GC (GCLocker Initiated GC) [PSYoungGen: 155036K->57786K(175104K)] 415916K->342074K(699392K), 0.0165443 secs] [Times: user=0.15 sys=0.02, real=0.02 secs] 
2016-09-25T23:03:32.979-0400: 47.247: [GC (GCLocker Initiated GC) [PSYoungGen: 145850K->47043K(175104K)] 442417K->373889K(699392K), 0.0134420 secs] [Times: user=0.12 sys=0.01, real=0.01 secs] 
2016-09-25T23:03:33.041-0400: 47.309: [GC (GCLocker Initiated GC) [PSYoungGen: 135107K->46967K(175104K)] 467987K->395388K(699392K), 0.0072237 secs] [Times: user=0.07 sys=0.00, real=0.01 secs] 
2016-09-25T23:03:33.089-0400: 47.357: [GC (GCLocker Initiated GC) [PSYoungGen: 135031K->48157K(175104K)] 491705K->410725K(699392K), 0.0063944 secs] [Times: user=0.06 sys=0.00, real=0.01 secs] 
2016-09-25T23:03:33.134-0400: 47.402: [GC (GCLocker Initiated GC) [PSYoungGen: 136221K->62956K(175104K)] 507127K->455977K(699392K), 0.0178184 secs] [Times: user=0.18 sys=0.01, real=0.01 secs] 
2016-09-25T23:03:33.217-0400: 47.485: [GC (GCLocker Initiated GC) [PSYoungGen: 151020K->45233K(175104K)] 553738K->467443K(699392K), 0.0067956 secs] [Times: user=0.07 sys=0.01, real=0.01 secs] 
2016-09-25T23:03:33.284-0400: 47.552: [GC (GCLocker Initiated GC) [PSYoungGen: 133297K->39896K(175104K)] 577427K->491164K(699392K), 0.0082766 secs] [Times: user=0.06 sys=0.01, real=0.00 secs] 
2016-09-25T23:03:33.382-0400: 47.650: [GC (GCLocker Initiated GC) [PSYoungGen: 127960K->53481K(175104K)] 582412K->520534K(699392K), 0.0195873 secs] [Times: user=0.25 sys=0.01, real=0.02 secs] 
2016-09-25T23:03:33.458-0400: 47.726: [GC (GCLocker Initiated GC) [PSYoungGen: 141545K->39910K(175104K)] 619513K->546707K(699392K), 0.0220445 secs] [Times: user=0.15 sys=0.02, real=0.02 secs] 
2016-09-25T23:03:33.480-0400: 47.748: [Full GC (Ergonomics) [PSYoungGen: 39910K->0K(175104K)] [ParOldGen: 506797K->233485K(524288K)] 546707K->233485K(699392K), [Metaspace: 43672K->43672K(1087488K)], 0.1647057 secs] [Times: user=2.10 sys=0.15, real=0.17 secs] 
2016-09-25T23:03:33.738-0400: 48.006: [GC (GCLocker Initiated GC) [PSYoungGen: 88064K->55055K(143360K)] 324396K->291387K(667648K), 0.0061758 secs] [Times: user=0.04 sys=0.01, real=0.01 secs] 
2016-09-25T23:03:33.829-0400: 48.097: [GC (GCLocker Initiated GC) [PSYoungGen: 143119K->71402K(172032K)] 382284K->330122K(696320K), 0.0091677 secs] [Times: user=0.09 sys=0.01, real=0.01 secs] 
2016-09-25T23:03:33.943-0400: 48.211: [GC (GCLocker Initiated GC) [PSYoungGen: 157930K->56418K(173568K)] 426351K->352391K(697856K), 0.0803255 secs] [Times: user=0.35 sys=0.09, real=0.08 secs] 
2016-09-25T23:03:34.131-0400: 48.399: [GC (GCLocker Initiated GC) [PSYoungGen: 142946K->41555K(175104K)] 447104K->366507K(699392K), 0.0157303 secs] [Times: user=0.17 sys=0.02, real=0.02 secs] 
2016-09-25T23:03:34.204-0400: 48.472: [GC (GCLocker Initiated GC) [PSYoungGen: 131155K->44025K(175104K)] 464386K->391311K(699392K), 0.0752916 secs] [Times: user=0.34 sys=0.08, real=0.07 secs] 
2016-09-25T23:03:34.372-0400: 48.640: [GC (GCLocker Initiated GC) [PSYoungGen: 133625K->63009K(175616K)] 491765K->439316K(699904K), 0.0080966 secs] [Times: user=0.10 sys=0.01, real=0.01 secs] 
2016-09-25T23:03:34.447-0400: 48.715: [GC (GCLocker Initiated GC) [PSYoungGen: 154145K->32162K(175616K)] 542763K->444231K(699904K), 0.0338263 secs] [Times: user=0.46 sys=0.00, real=0.03 secs] 
2016-09-25T23:03:34.585-0400: 48.853: [GC (GCLocker Initiated GC) [PSYoungGen: 123298K->42630K(175616K)] 543505K->472807K(699904K), 0.0096406 secs] [Times: user=0.10 sys=0.01, real=0.01 secs] 
2016-09-25T23:03:34.701-0400: 48.969: [GC (GCLocker Initiated GC) [PSYoungGen: 134790K->80776K(173056K)] 567825K->521029K(697344K), 0.0140827 secs] [Times: user=0.18 sys=0.00, real=0.02 secs] 
2016-09-25T23:03:34.767-0400: 49.035: [GC (GCLocker Initiated GC) [PSYoungGen: 172936K->53430K(175104K)] 621502K->511966K(699392K), 0.0117541 secs] [Times: user=0.16 sys=0.00, real=0.01 secs] 
2016-09-25T23:03:34.830-0400: 49.098: [GC (GCLocker Initiated GC) [PSYoungGen: 141494K->38798K(175104K)] 624468K->538365K(699392K), 0.0059179 secs] [Times: user=0.07 sys=0.00, real=0.01 secs] 
2016-09-25T23:03:34.836-0400: 49.104: [Full GC (Ergonomics) [PSYoungGen: 38798K->0K(175104K)] [ParOldGen: 499566K->228956K(524288K)] 538365K->228956K(699392K), [Metaspace: 43676K->43676K(1087488K)], 0.1858228 secs] [Times: user=1.88 sys=0.49, real=0.19 secs] 
2016-09-25T23:03:35.107-0400: 49.375: [GC (GCLocker Initiated GC) [PSYoungGen: 88064K->46874K(172032K)] 322487K->281297K(696320K), 0.0110906 secs] [Times: user=0.13 sys=0.03, real=0.01 secs] 
2016-09-25T23:03:35.177-0400: 49.445: [GC (GCLocker Initiated GC) [PSYoungGen: 134938K->54864K(173568K)] 372271K->325367K(697856K), 0.0173291 secs] [Times: user=0.15 sys=0.09, real=0.02 secs] 
2016-09-25T23:03:35.251-0400: 49.519: [GC (GCLocker Initiated GC) [PSYoungGen: 142928K->46703K(173568K)] 416278K->344692K(697856K), 0.0137242 secs] [Times: user=0.17 sys=0.04, real=0.02 secs] 
2016-09-25T23:03:35.311-0400: 49.579: [GC (GCLocker Initiated GC) [PSYoungGen: 140399K->45352K(174592K)] 438538K->362814K(698880K), 0.0397348 secs] [Times: user=0.47 sys=0.14, real=0.04 secs] 
2016-09-25T23:03:35.426-0400: 49.694: [GC (GCLocker Initiated GC) [PSYoungGen: 139048K->42711K(178688K)] 463347K->387678K(702976K), 0.0392573 secs] [Times: user=0.59 sys=0.11, real=0.04 secs] 
2016-09-25T23:03:35.560-0400: 49.828: [GC (GCLocker Initiated GC) [PSYoungGen: 144599K->61546K(179712K)] 492722K->415638K(704000K), 0.0139429 secs] [Times: user=0.16 sys=0.02, real=0.01 secs] 
2016-09-25T23:03:35.636-0400: 49.904: [GC (GCLocker Initiated GC) [PSYoungGen: 163434K->46793K(181760K)] 524397K->423125K(706048K), 0.0169760 secs] [Times: user=0.20 sys=0.02, real=0.01 secs] 
2016-09-25T23:03:35.711-0400: 49.979: [GC (GCLocker Initiated GC) [PSYoungGen: 151753K->45427K(182272K)] 534950K->460264K(706560K), 0.0188527 secs] [Times: user=0.25 sys=0.00, real=0.02 secs] 
2016-09-25T23:03:35.769-0400: 50.037: [GC (GCLocker Initiated GC) [PSYoungGen: 150387K->61642K(182272K)] 567959K->483797K(706560K), 0.0143348 secs] [Times: user=0.16 sys=0.01, real=0.02 secs] 
2016-09-25T23:03:35.838-0400: 50.106: [GC (GCLocker Initiated GC) [PSYoungGen: 168138K->50715K(183808K)] 594045K->489296K(708096K), 0.0216162 secs] [Times: user=0.27 sys=0.00, real=0.02 secs] 
2016-09-25T23:03:35.898-0400: 50.166: [GC (GCLocker Initiated GC) [PSYoungGen: 157211K->75258K(168448K)] 598538K->525154K(692736K), 0.0159710 secs] [Times: user=0.20 sys=0.01, real=0.02 secs] 
2016-09-25T23:03:35.951-0400: 50.219: [GC (GCLocker Initiated GC) [PSYoungGen: 168442K->68471K(161792K)] 622569K->539315K(686080K), 0.0162358 secs] [Times: user=0.21 sys=0.00, real=0.02 secs] 
2016-09-25T23:03:36.009-0400: 50.277: [GC (GCLocker Initiated GC) [PSYoungGen: 161655K->73841K(174592K)] 642050K->560122K(698880K), 0.0069932 secs] [Times: user=0.07 sys=0.00, real=0.01 secs] 
2016-09-25T23:03:36.058-0400: 50.326: [Full GC (Ergonomics) [PSYoungGen: 161905K->0K(174592K)] [ParOldGen: 502618K->236447K(524288K)] 664523K->236447K(698880K), [Metaspace: 43677K->43677K(1087488K)], 0.0624945 secs] [Times: user=0.37 sys=0.01, real=0.06 secs] 
2016-09-25T23:03:36.161-0400: 50.429: [GC (GCLocker Initiated GC) [PSYoungGen: 88064K->64635K(175104K)] 326463K->303035K(699392K), 0.0058996 secs] [Times: user=0.05 sys=0.01, real=0.01 secs] 
2016-09-25T23:03:36.208-0400: 50.476: [GC (GCLocker Initiated GC) [PSYoungGen: 152699K->47962K(175104K)] 393854K->307520K(699392K), 0.0093929 secs] [Times: user=0.08 sys=0.02, real=0.01 secs] 
2016-09-25T23:03:36.258-0400: 50.526: [GC (GCLocker Initiated GC) [PSYoungGen: 136026K->45535K(175104K)] 401179K->338008K(699392K), 0.0144798 secs] [Times: user=0.10 sys=0.01, real=0.01 secs] 
2016-09-25T23:03:36.317-0400: 50.585: [GC (GCLocker Initiated GC) [PSYoungGen: 133599K->50654K(171008K)] 430234K->358725K(695296K), 0.0425133 secs] [Times: user=0.47 sys=0.01, real=0.04 secs] 
2016-09-25T23:03:36.391-0400: 50.659: [GC (GCLocker Initiated GC) [PSYoungGen: 138718K->54927K(173056K)] 446825K->381021K(697344K), 0.0067449 secs] [Times: user=0.06 sys=0.00, real=0.01 secs] 
2016-09-25T23:03:36.454-0400: 50.722: [GC (GCLocker Initiated GC) [PSYoungGen: 142991K->46884K(175616K)] 477258K->423536K(699904K), 0.0098947 secs] [Times: user=0.12 sys=0.00, real=0.02 secs] 
2016-09-25T23:03:36.517-0400: 50.785: [GC (GCLocker Initiated GC) [PSYoungGen: 141604K->50944K(176128K)] 523766K->458011K(700416K), 0.0173069 secs] [Times: user=0.22 sys=0.00, real=0.02 secs] 
2016-09-25T23:03:36.569-0400: 50.837: [GC (GCLocker Initiated GC) [PSYoungGen: 145664K->44089K(179712K)] 556882K->470679K(704000K), 0.0184774 secs] [Times: user=0.19 sys=0.00, real=0.02 secs] 
2016-09-25T23:03:36.640-0400: 50.908: [GC (GCLocker Initiated GC) [PSYoungGen: 144441K->62926K(179200K)] 573767K->515807K(703488K), 0.0248156 secs] [Times: user=0.26 sys=0.00, real=0.03 secs] 
2016-09-25T23:03:36.721-0400: 50.989: [GC (GCLocker Initiated GC) [PSYoungGen: 163278K->52241K(179200K)] 628381K->524544K(703488K), 0.0101383 secs] [Times: user=0.11 sys=0.00, real=0.01 secs] 
2016-09-25T23:03:36.783-0400: 51.051: [GC (GCLocker Initiated GC) [PSYoungGen: 155665K->54794K(180736K)] 632129K->561492K(705024K), 0.0140240 secs] [Times: user=0.17 sys=0.00, real=0.01 secs] 
2016-09-25T23:03:36.797-0400: 51.065: [Full GC (Ergonomics) [PSYoungGen: 54794K->0K(180736K)] [ParOldGen: 506697K->242795K(524288K)] 561492K->242795K(705024K), [Metaspace: 43685K->43685K(1087488K)], 0.0563937 secs] [Times: user=0.49 sys=0.00, real=0.05 secs] 
2016-09-25T23:03:36.903-0400: 51.171: [GC (GCLocker Initiated GC) [PSYoungGen: 103424K->64805K(182272K)] 350342K->311724K(706560K), 0.0100873 secs] [Times: user=0.13 sys=0.00, real=0.00 secs] 
2016-09-25T23:03:36.959-0400: 51.227: [GC (GCLocker Initiated GC) [PSYoungGen: 171813K->75204K(182272K)] 418880K->367697K(706560K), 0.0113791 secs] [Times: user=0.12 sys=0.00, real=0.01 secs] 
2016-09-25T23:03:37.021-0400: 51.289: [GC (GCLocker Initiated GC) [PSYoungGen: 182212K->78011K(167936K)] 478874K->402171K(692224K), 0.0135768 secs] [Times: user=0.19 sys=0.00, real=0.02 secs] 
2016-09-25T23:03:37.072-0400: 51.340: [GC (GCLocker Initiated GC) [PSYoungGen: 166075K->45576K(175104K)] 495712K->404188K(699392K), 0.0071416 secs] [Times: user=0.08 sys=0.00, real=0.01 secs] 
2016-09-25T23:03:37.116-0400: 51.384: [GC (GCLocker Initiated GC) [PSYoungGen: 133640K->49451K(172032K)] 497791K->431654K(696320K), 0.0100066 secs] [Times: user=0.06 sys=0.00, real=0.01 secs] 
2016-09-25T23:03:37.176-0400: 51.444: [GC (GCLocker Initiated GC) [PSYoungGen: 137515K->48400K(173568K)] 526585K->471827K(697856K), 0.0114226 secs] [Times: user=0.17 sys=0.00, real=0.01 secs] 
2016-09-25T23:03:37.233-0400: 51.501: [GC (GCLocker Initiated GC) [PSYoungGen: 136464K->67145K(175616K)] 565415K->511521K(699904K), 0.0094533 secs] [Times: user=0.10 sys=0.01, real=0.02 secs] 
2016-09-25T23:03:37.288-0400: 51.556: [GC (GCLocker Initiated GC) [PSYoungGen: 158281K->68515K(159744K)] 602744K->531056K(684032K), 0.0077659 secs] [Times: user=0.09 sys=0.00, real=0.01 secs] 
2016-09-25T23:03:37.340-0400: 51.608: [GC (GCLocker Initiated GC) [PSYoungGen: 159651K->73939K(175104K)] 622284K->570945K(699392K), 0.0107363 secs] [Times: user=0.14 sys=0.00, real=0.01 secs] 
2016-09-25T23:03:37.350-0400: 51.618: [Full GC (Ergonomics) [PSYoungGen: 73939K->0K(175104K)] [ParOldGen: 497006K->245819K(524288K)] 570945K->245819K(699392K), [Metaspace: 43685K->43685K(1087488K)], 0.0573794 secs] [Times: user=0.38 sys=0.00, real=0.06 secs] 
2016-09-25T23:03:37.454-0400: 51.722: [GC (GCLocker Initiated GC) [PSYoungGen: 88064K->71788K(175104K)] 346154K->329879K(699392K), 0.0064519 secs] [Times: user=0.08 sys=0.00, real=0.01 secs] 
2016-09-25T23:03:37.515-0400: 51.783: [GC (GCLocker Initiated GC) [PSYoungGen: 159852K->52109K(175104K)] 418113K->328960K(699392K), 0.0169122 secs] [Times: user=0.16 sys=0.00, real=0.01 secs] 
2016-09-25T23:03:37.555-0400: 51.823: [GC (GCLocker Initiated GC) [PSYoungGen: 140173K->69811K(175104K)] 417158K->360661K(699392K), 0.0090268 secs] [Times: user=0.09 sys=0.00, real=0.01 secs] 
2016-09-25T23:03:37.611-0400: 51.879: [GC (GCLocker Initiated GC) [PSYoungGen: 157875K->63187K(175104K)] 453031K->384606K(699392K), 0.0088986 secs] [Times: user=0.09 sys=0.00, real=0.01 secs] 
2016-09-25T23:03:37.668-0400: 51.936: [GC (GCLocker Initiated GC) [PSYoungGen: 151251K->60319K(148480K)] 475422K->395889K(672768K), 0.0154077 secs] [Times: user=0.16 sys=0.00, real=0.02 secs] 
2016-09-25T23:03:37.730-0400: 51.998: [GC (GCLocker Initiated GC) [PSYoungGen: 148383K->79372K(173056K)] 485485K->425084K(697344K), 0.0130275 secs] [Times: user=0.15 sys=0.00, real=0.02 secs] 
2016-09-25T23:03:37.787-0400: 52.055: [GC (GCLocker Initiated GC) [PSYoungGen: 166412K->54711K(174080K)] 512245K->414544K(698368K), 0.0098048 secs] [Times: user=0.10 sys=0.00, real=0.01 secs] 
2016-09-25T23:03:37.841-0400: 52.109: [GC (GCLocker Initiated GC) [PSYoungGen: 141751K->76634K(175104K)] 505444K->459702K(699392K), 0.0185335 secs] [Times: user=0.23 sys=0.00, real=0.02 secs] 
2016-09-25T23:03:37.902-0400: 52.170: [GC (GCLocker Initiated GC) [PSYoungGen: 164698K->49432K(175104K)] 550540K->453382K(699392K), 0.0099535 secs] [Times: user=0.13 sys=0.00, real=0.01 secs] 
2016-09-25T23:03:37.945-0400: 52.213: [GC (GCLocker Initiated GC) [PSYoungGen: 137496K->69869K(175104K)] 544315K->492014K(699392K), 0.0077520 secs] [Times: user=0.07 sys=0.00, real=0.00 secs] 
2016-09-25T23:03:37.996-0400: 52.264: [GC (GCLocker Initiated GC) [PSYoungGen: 157933K->56391K(175104K)] 585728K->514481K(699392K), 0.0081057 secs] [Times: user=0.09 sys=0.00, real=0.01 secs] 
2016-09-25T23:03:38.051-0400: 52.319: [GC (GCLocker Initiated GC) [PSYoungGen: 144455K->41632K(175104K)] 605337K->531433K(699392K), 0.0081082 secs] [Times: user=0.09 sys=0.00, real=0.01 secs] 
2016-09-25T23:03:38.059-0400: 52.327: [Full GC (Ergonomics) [PSYoungGen: 41632K->0K(175104K)] [ParOldGen: 489801K->244076K(524288K)] 531433K->244076K(699392K), [Metaspace: 43686K->43686K(1087488K)], 0.0643617 secs] [Times: user=0.55 sys=0.00, real=0.07 secs] 
2016-09-25T23:03:38.162-0400: 52.430: [GC (GCLocker Initiated GC) [PSYoungGen: 88064K->79592K(175104K)] 332183K->323711K(699392K), 0.0133609 secs] [Times: user=0.16 sys=0.00, real=0.02 secs] 
2016-09-25T23:03:38.223-0400: 52.491: [GC (GCLocker Initiated GC) [PSYoungGen: 167656K->63007K(175104K)] 417299K->333748K(699392K), 0.0099884 secs] [Times: user=0.10 sys=0.01, real=0.00 secs] 
2016-09-25T23:03:38.275-0400: 52.543: [GC (GCLocker Initiated GC) [PSYoungGen: 151071K->53636K(175104K)] 421881K->345279K(699392K), 0.0075797 secs] [Times: user=0.05 sys=0.00, real=0.01 secs] 
2016-09-25T23:03:38.339-0400: 52.607: [GC (GCLocker Initiated GC) [PSYoungGen: 141700K->33239K(175104K)] 441607K->352684K(699392K), 0.0070302 secs] [Times: user=0.05 sys=0.00, real=0.01 secs] 
2016-09-25T23:03:38.378-0400: 52.646: [GC (GCLocker Initiated GC) [PSYoungGen: 121303K->61873K(175104K)] 440949K->402449K(699392K), 0.0091866 secs] [Times: user=0.08 sys=0.00, real=0.01 secs] 
2016-09-25T23:03:38.429-0400: 52.697: [GC (GCLocker Initiated GC) [PSYoungGen: 149937K->45175K(175104K)] 494761K->416312K(699392K), 0.0192250 secs] [Times: user=0.18 sys=0.00, real=0.02 secs] 
2016-09-25T23:03:38.490-0400: 52.758: [GC (GCLocker Initiated GC) [PSYoungGen: 133239K->49764K(175104K)] 512573K->441677K(699392K), 0.0197863 secs] [Times: user=0.17 sys=0.00, real=0.02 secs] 
2016-09-25T23:03:38.556-0400: 52.824: [GC (GCLocker Initiated GC) [PSYoungGen: 137828K->73790K(175104K)] 536716K->477468K(699392K), 0.0132918 secs] [Times: user=0.13 sys=0.00, real=0.01 secs] 
2016-09-25T23:03:38.621-0400: 52.889: [GC (GCLocker Initiated GC) [PSYoungGen: 161854K->42694K(175104K)] 575136K->476684K(699392K), 0.0178283 secs] [Times: user=0.16 sys=0.00, real=0.02 secs] 
2016-09-25T23:03:38.675-0400: 52.943: [GC (GCLocker Initiated GC) [PSYoungGen: 130758K->56379K(175104K)] 565169K->503448K(699392K), 0.0071385 secs] [Times: user=0.06 sys=0.00, real=0.01 secs] 
2016-09-25T23:03:38.728-0400: 52.996: [GC (GCLocker Initiated GC) [PSYoungGen: 144443K->57632K(145920K)] 603787K->528445K(670208K), 0.0080767 secs] [Times: user=0.07 sys=0.00, real=0.01 secs] 
2016-09-25T23:03:38.785-0400: 53.053: [GC (GCLocker Initiated GC) [PSYoungGen: 145696K->50867K(174592K)] 624649K->538512K(698880K), 0.0067292 secs] [Times: user=0.06 sys=0.00, real=0.00 secs] 
2016-09-25T23:03:38.829-0400: 53.097: [Full GC (Ergonomics) [PSYoungGen: 140979K->0K(174592K)] [ParOldGen: 490520K->262249K(524288K)] 631500K->262249K(698880K), [Metaspace: 43688K->43688K(1087488K)], 0.0604325 secs] [Times: user=0.38 sys=0.00, real=0.06 secs] 
2016-09-25T23:03:38.929-0400: 53.197: [GC (GCLocker Initiated GC) [PSYoungGen: 90112K->64855K(172544K)] 366269K->341013K(696832K), 0.0134766 secs] [Times: user=0.19 sys=0.00, real=0.01 secs] 
2016-09-25T23:03:39.004-0400: 53.272: [GC (GCLocker Initiated GC) [PSYoungGen: 154967K->40051K(177664K)] 436675K->328015K(701952K), 0.0057689 secs] [Times: user=0.05 sys=0.00, real=0.00 secs] 
2016-09-25T23:03:39.057-0400: 53.325: [GC (GCLocker Initiated GC) [PSYoungGen: 134771K->73965K(168960K)] 422831K->377400K(693248K), 0.0122423 secs] [Times: user=0.12 sys=0.00, real=0.01 secs] 
2016-09-25T23:03:39.121-0400: 53.389: [GC (GCLocker Initiated GC) [PSYoungGen: 168685K->57571K(177664K)] 476369K->382003K(701952K), 0.0092472 secs] [Times: user=0.06 sys=0.00, real=0.01 secs] 
2016-09-25T23:03:39.189-0400: 53.457: [GC (GCLocker Initiated GC) [PSYoungGen: 148195K->51032K(141824K)] 482827K->405139K(666112K), 0.0064128 secs] [Times: user=0.08 sys=0.00, real=0.01 secs] 
2016-09-25T23:03:39.234-0400: 53.502: [GC (GCLocker Initiated GC) [PSYoungGen: 141656K->57434K(175616K)] 495808K->427034K(699904K), 0.0070534 secs] [Times: user=0.06 sys=0.00, real=0.01 secs] 
2016-09-25T23:03:39.295-0400: 53.563: [GC (GCLocker Initiated GC) [PSYoungGen: 150106K->76769K(173568K)] 532066K->472651K(697856K), 0.0103181 secs] [Times: user=0.10 sys=0.00, real=0.01 secs] 
2016-09-25T23:03:39.357-0400: 53.625: [GC (GCLocker Initiated GC) [PSYoungGen: 169441K->54771K(178176K)] 565486K->474471K(702464K), 0.0074047 secs] [Times: user=0.08 sys=0.00, real=0.01 secs] 
2016-09-25T23:03:39.391-0400: 53.659: [GC (GCLocker Initiated GC) [PSYoungGen: 147443K->72715K(165888K)] 570538K->513743K(690176K), 0.0084555 secs] [Times: user=0.12 sys=0.00, real=0.01 secs] 
2016-09-25T23:03:39.457-0400: 53.725: [GC (GCLocker Initiated GC) [PSYoungGen: 165387K->56377K(177664K)] 622704K->537345K(701952K), 0.0083732 secs] [Times: user=0.11 sys=0.00, real=0.01 secs] 
2016-09-25T23:03:39.521-0400: 53.789: [GC (GCLocker Initiated GC) [PSYoungGen: 147513K->58959K(150528K)] 628548K->544551K(674816K), 0.0086516 secs] [Times: user=0.09 sys=0.00, real=0.01 secs] 
2016-09-25T23:03:39.563-0400: 53.831: [GC (GCLocker Initiated GC) [PSYoungGen: 150095K->77799K(168448K)] 635787K->569336K(692736K), 0.0097978 secs] [Times: user=0.10 sys=0.00, real=0.00 secs] 
2016-09-25T23:03:39.618-0400: 53.886: [Full GC (Ergonomics) [PSYoungGen: 164327K->0K(168448K)] [ParOldGen: 496999K->256180K(524288K)] 661327K->256180K(692736K), [Metaspace: 43702K->43702K(1087488K)], 0.0595579 secs] [Times: user=0.34 sys=0.02, real=0.06 secs] 
2016-09-25T23:03:39.715-0400: 53.983: [GC (GCLocker Initiated GC) [PSYoungGen: 86528K->60696K(173056K)] 350874K->325043K(697344K), 0.0125375 secs] [Times: user=0.11 sys=0.00, real=0.01 secs] 
2016-09-25T23:03:39.795-0400: 54.063: [GC (GCLocker Initiated GC) [PSYoungGen: 147224K->54701K(171520K)] 417093K->345841K(695808K), 0.0146704 secs] [Times: user=0.16 sys=0.01, real=0.01 secs] 
2016-09-25T23:03:39.862-0400: 54.130: [GC (GCLocker Initiated GC) [PSYoungGen: 146349K->49641K(174592K)] 440440K->362921K(698880K), 0.0154474 secs] [Times: user=0.14 sys=0.00, real=0.02 secs] 
2016-09-25T23:03:39.927-0400: 54.195: [GC (GCLocker Initiated GC) [PSYoungGen: 141289K->68548K(176640K)] 462918K->396278K(700928K), 0.0123650 secs] [Times: user=0.14 sys=0.00, real=0.01 secs] 
2016-09-25T23:03:40.001-0400: 54.270: [GC (GCLocker Initiated GC) [PSYoungGen: 162756K->48066K(178176K)] 506851K->400965K(702464K), 0.0139298 secs] [Times: user=0.11 sys=0.00, real=0.02 secs] 
2016-09-25T23:03:40.075-0400: 54.343: [GC (GCLocker Initiated GC) [PSYoungGen: 142274K->33261K(174592K)] 499305K->406973K(698880K), 0.0203165 secs] [Times: user=0.21 sys=0.00, real=0.02 secs] 
2016-09-25T23:03:40.130-0400: 54.398: [GC (GCLocker Initiated GC) [PSYoungGen: 124397K->63070K(176640K)] 499962K->447317K(700928K), 0.0098093 secs] [Times: user=0.09 sys=0.00, real=0.01 secs] 
2016-09-25T23:03:40.179-0400: 54.447: [GC (GCLocker Initiated GC) [PSYoungGen: 154206K->58989K(172032K)] 545326K->478997K(696320K), 0.0090291 secs] [Times: user=0.08 sys=0.00, real=0.01 secs] 
2016-09-25T23:03:40.248-0400: 54.516: [GC (GCLocker Initiated GC) [PSYoungGen: 150637K->34552K(174592K)] 573484K->479509K(698880K), 0.0124665 secs] [Times: user=0.08 sys=0.00, real=0.01 secs] 
2016-09-25T23:03:40.309-0400: 54.577: [GC (GCLocker Initiated GC) [PSYoungGen: 126200K->61964K(178176K)] 576661K->538466K(702464K), 0.0111493 secs] [Times: user=0.11 sys=0.00, real=0.01 secs] 
2016-09-25T23:03:40.369-0400: 54.637: [Full GC (Ergonomics) [PSYoungGen: 155660K->0K(178176K)] [ParOldGen: 487395K->271365K(524288K)] 643055K->271365K(702464K), [Metaspace: 43702K->43702K(1087488K)], 0.0612104 secs] [Times: user=0.34 sys=0.00, real=0.06 secs] 
2016-09-25T23:03:40.516-0400: 54.784: [GC (GCLocker Initiated GC) [PSYoungGen: 93696K->47451K(141312K)] 375912K->329668K(665600K), 0.0184093 secs] [Times: user=0.19 sys=0.00, real=0.02 secs] 
2016-09-25T23:03:40.577-0400: 54.845: [GC (GCLocker Initiated GC) [PSYoungGen: 141147K->49760K(177664K)] 434340K->364449K(701952K), 0.0062366 secs] [Times: user=0.05 sys=0.00, real=0.01 secs] 
2016-09-25T23:03:40.625-0400: 54.893: [GC (GCLocker Initiated GC) [PSYoungGen: 144992K->52356K(176128K)] 462606K->384243K(700416K), 0.0169325 secs] [Times: user=0.17 sys=0.00, real=0.01 secs] 
2016-09-25T23:03:40.713-0400: 54.981: [GC (GCLocker Initiated GC) [PSYoungGen: 147588K->31974K(175616K)] 479563K->392900K(699904K), 0.0100818 secs] [Times: user=0.07 sys=0.00, real=0.02 secs] 
2016-09-25T23:03:40.787-0400: 55.055: [GC (GCLocker Initiated GC) [PSYoungGen: 129254K->48050K(177152K)] 492977K->421811K(701440K), 0.0150269 secs] [Times: user=0.14 sys=0.00, real=0.02 secs] 
2016-09-25T23:03:40.846-0400: 55.114: [GC (GCLocker Initiated GC) [PSYoungGen: 145330K->49841K(177664K)] 527567K->454278K(701952K), 0.0070710 secs] [Times: user=0.06 sys=0.00, real=0.00 secs] 
2016-09-25T23:03:40.933-0400: 55.201: [GC (GCLocker Initiated GC) [PSYoungGen: 154289K->49632K(179712K)] 575188K->472818K(704000K), 0.0107139 secs] [Times: user=0.10 sys=0.00, real=0.02 secs] 
2016-09-25T23:03:41.019-0400: 55.287: [GC (GCLocker Initiated GC) [PSYoungGen: 154080K->53534K(184832K)] 580097K->495074K(709120K), 0.0210938 secs] [Times: user=0.21 sys=0.01, real=0.02 secs] 
2016-09-25T23:03:41.089-0400: 55.357: [GC (GCLocker Initiated GC) [PSYoungGen: 167198K->67449K(185856K)] 614292K->535345K(710144K), 0.0160161 secs] [Times: user=0.15 sys=0.00, real=0.02 secs] 
2016-09-25T23:03:41.185-0400: 55.453: [GC (GCLocker Initiated GC) [PSYoungGen: 181113K->53860K(187904K)] 651793K->529425K(712192K), 0.0240444 secs] [Times: user=0.22 sys=0.00, real=0.02 secs] 
2016-09-25T23:03:41.272-0400: 55.540: [GC (GCLocker Initiated GC) [PSYoungGen: 166500K->52566K(165376K)] 651556K->542518K(689664K), 0.0120937 secs] [Times: user=0.11 sys=0.01, real=0.02 secs] 
2016-09-25T23:03:41.284-0400: 55.552: [Full GC (Ergonomics) [PSYoungGen: 52566K->0K(165376K)] [ParOldGen: 489951K->263865K(524288K)] 542518K->263865K(689664K), [Metaspace: 43702K->43702K(1087488K)], 0.0595125 secs] [Times: user=0.29 sys=0.00, real=0.06 secs] 
2016-09-25T23:03:41.404-0400: 55.673: [GC (GCLocker Initiated GC) [PSYoungGen: 112640K->63938K(183296K)] 382843K->334141K(707584K), 0.0079570 secs] [Times: user=0.05 sys=0.00, real=0.00 secs] 
2016-09-25T23:03:41.480-0400: 55.748: [GC (GCLocker Initiated GC) [PSYoungGen: 175042K->49692K(185344K)] 455539K->361387K(709632K), 0.0361482 secs] [Times: user=0.33 sys=0.00, real=0.04 secs] 
2016-09-25T23:03:41.581-0400: 55.849: [GC (GCLocker Initiated GC) [PSYoungGen: 160796K->43014K(187392K)] 480624K->373000K(711680K), 0.0145415 secs] [Times: user=0.13 sys=0.00, real=0.02 secs] 
2016-09-25T23:03:41.660-0400: 55.928: [GC (GCLocker Initiated GC) [PSYoungGen: 158214K->71801K(187392K)] 501093K->430382K(711680K), 0.0134524 secs] [Times: user=0.17 sys=0.00, real=0.01 secs] 
2016-09-25T23:03:41.734-0400: 56.002: [GC (GCLocker Initiated GC) [PSYoungGen: 187001K->74103K(171008K)] 545648K->436531K(695296K), 0.0082040 secs] [Times: user=0.09 sys=0.00, real=0.01 secs] 
2016-09-25T23:03:41.799-0400: 56.067: [GC (GCLocker Initiated GC) [PSYoungGen: 170359K->60806K(179200K)] 551930K->460629K(703488K), 0.0146786 secs] [Times: user=0.18 sys=0.01, real=0.01 secs] 
2016-09-25T23:03:41.872-0400: 56.140: [GC (GCLocker Initiated GC) [PSYoungGen: 157062K->75617K(171008K)] 562378K->484457K(695296K), 0.0099234 secs] [Times: user=0.08 sys=0.01, real=0.02 secs] 
2016-09-25T23:03:41.920-0400: 56.188: [GC (GCLocker Initiated GC) [PSYoungGen: 164705K->56328K(175616K)] 574972K->479673K(699904K), 0.0144072 secs] [Times: user=0.15 sys=0.00, real=0.02 secs] 
2016-09-25T23:03:41.984-0400: 56.252: [GC (GCLocker Initiated GC) [PSYoungGen: 145416K->56420K(169472K)] 573064K->498182K(693760K), 0.0133672 secs] [Times: user=0.13 sys=0.00, real=0.01 secs] 
2016-09-25T23:03:42.061-0400: 56.329: [GC (GCLocker Initiated GC) [PSYoungGen: 148068K->34983K(173568K)] 598703K->497167K(697856K), 0.0090405 secs] [Times: user=0.09 sys=0.00, real=0.01 secs] 
2016-09-25T23:03:42.111-0400: 56.379: [GC (GCLocker Initiated GC) [PSYoungGen: 126631K->69925K(173568K)] 597080K->543888K(697856K), 0.0072020 secs] [Times: user=0.06 sys=0.00, real=0.01 secs] 
2016-09-25T23:03:42.167-0400: 56.435: [GC (GCLocker Initiated GC) [PSYoungGen: 160037K->59250K(176128K)] 636764K->552984K(700416K), 0.0078707 secs] [Times: user=0.08 sys=0.00, real=0.01 secs] 
2016-09-25T23:03:42.218-0400: 56.486: [Full GC (Ergonomics) [PSYoungGen: 149362K->0K(176128K)] [ParOldGen: 495267K->274943K(524288K)] 644629K->274943K(700416K), [Metaspace: 43702K->43702K(1087488K)], 0.0539427 secs] [Times: user=0.42 sys=0.00, real=0.05 secs] 
2016-09-25T23:03:42.312-0400: 56.580: [GC (GCLocker Initiated GC) [PSYoungGen: 90112K->83104K(172032K)] 367895K->360888K(696320K), 0.0075898 secs] [Times: user=0.12 sys=0.00, real=0.01 secs] 
2016-09-25T23:03:42.377-0400: 56.645: [GC (GCLocker Initiated GC) [PSYoungGen: 171168K->55631K(175104K)] 450316K->363307K(699392K), 0.0099567 secs] [Times: user=0.12 sys=0.01, real=0.01 secs] 
2016-09-25T23:03:42.421-0400: 56.689: [GC (GCLocker Initiated GC) [PSYoungGen: 143695K->83837K(175104K)] 456922K->410256K(699392K), 0.0099150 secs] [Times: user=0.10 sys=0.00, real=0.01 secs] 
2016-09-25T23:03:42.486-0400: 56.754: [GC (GCLocker Initiated GC) [PSYoungGen: 171901K->56589K(175104K)] 499718K->419055K(699392K), 0.0289909 secs] [Times: user=0.35 sys=0.00, real=0.03 secs] 
2016-09-25T23:03:42.558-0400: 56.826: [GC (GCLocker Initiated GC) [PSYoungGen: 144653K->52694K(175104K)] 507144K->430823K(699392K), 0.0145586 secs] [Times: user=0.16 sys=0.00, real=0.01 secs] 
2016-09-25T23:03:42.621-0400: 56.889: [GC (GCLocker Initiated GC) [PSYoungGen: 140758K->61985K(175104K)] 519454K->449863K(699392K), 0.0141051 secs] [Times: user=0.17 sys=0.00, real=0.02 secs] 
2016-09-25T23:03:42.679-0400: 56.947: [GC (GCLocker Initiated GC) [PSYoungGen: 150049K->56380K(173056K)] 538154K->480480K(697344K), 0.0135988 secs] [Times: user=0.11 sys=0.00, real=0.01 secs] 
2016-09-25T23:03:42.746-0400: 57.014: [GC (GCLocker Initiated GC) [PSYoungGen: 144444K->52697K(174080K)] 574044K->495109K(698368K), 0.0074964 secs] [Times: user=0.06 sys=0.00, real=0.00 secs] 
2016-09-25T23:03:42.808-0400: 57.076: [GC (GCLocker Initiated GC) [PSYoungGen: 140761K->73036K(173056K)] 588718K->543738K(697344K), 0.0250878 secs] [Times: user=0.27 sys=0.00, real=0.02 secs] 
2016-09-25T23:03:42.895-0400: 57.163: [GC (GCLocker Initiated GC) [PSYoungGen: 161100K->37649K(175104K)] 640015K->533775K(699392K), 0.0162092 secs] [Times: user=0.16 sys=0.01, real=0.01 secs] 
2016-09-25T23:03:42.911-0400: 57.179: [Full GC (Ergonomics) [PSYoungGen: 37649K->0K(175104K)] [ParOldGen: 496125K->278136K(524288K)] 533775K->278136K(699392K), [Metaspace: 43702K->43702K(1087488K)], 0.0703909 secs] [Times: user=0.40 sys=0.02, real=0.07 secs] 
2016-09-25T23:03:43.016-0400: 57.285: [GC (GCLocker Initiated GC) [PSYoungGen: 88064K->80147K(175104K)] 369076K->361159K(699392K), 0.0088744 secs] [Times: user=0.07 sys=0.00, real=0.01 secs] 
2016-09-25T23:03:43.080-0400: 57.348: [GC (GCLocker Initiated GC) [PSYoungGen: 168211K->40400K(175104K)] 453426K->337914K(699392K), 0.0082304 secs] [Times: user=0.06 sys=0.00, real=0.01 secs] 
2016-09-25T23:03:43.134-0400: 57.402: [GC (GCLocker Initiated GC) [PSYoungGen: 128464K->56647K(175104K)] 426122K->378274K(699392K), 0.0107686 secs] [Times: user=0.11 sys=0.00, real=0.01 secs] 
2016-09-25T23:03:43.193-0400: 57.461: [GC (GCLocker Initiated GC) [PSYoungGen: 144711K->52689K(175104K)] 466402K->418429K(699392K), 0.0078448 secs] [Times: user=0.07 sys=0.00, real=0.01 secs] 
2016-09-25T23:03:43.250-0400: 57.518: [GC (GCLocker Initiated GC) [PSYoungGen: 140753K->59524K(173056K)] 506524K->447912K(697344K), 0.0097930 secs] [Times: user=0.08 sys=0.00, real=0.01 secs] 
2016-09-25T23:03:43.309-0400: 57.577: [GC (GCLocker Initiated GC) [PSYoungGen: 147588K->51175K(174080K)] 541430K->458101K(698368K), 0.0077075 secs] [Times: user=0.07 sys=0.00, real=0.01 secs] 
2016-09-25T23:03:43.361-0400: 57.629: [GC (GCLocker Initiated GC) [PSYoungGen: 139239K->60622K(173568K)] 554524K->484963K(697856K), 0.0181349 secs] [Times: user=0.16 sys=0.01, real=0.02 secs] 
2016-09-25T23:03:43.437-0400: 57.705: [GC (GCLocker Initiated GC) [PSYoungGen: 152270K->60559K(174592K)] 585196K->501113K(698880K), 0.0127275 secs] [Times: user=0.15 sys=0.00, real=0.01 secs] 
2016-09-25T23:03:43.512-0400: 57.780: [GC (GCLocker Initiated GC) [PSYoungGen: 152207K->44217K(178688K)] 607720K->512671K(702976K), 0.0079973 secs] [Times: user=0.09 sys=0.00, real=0.01 secs] 
2016-09-25T23:03:43.563-0400: 57.831: [GC (GCLocker Initiated GC) [PSYoungGen: 141497K->66009K(178688K)] 612871K->540648K(702976K), 0.0105421 secs] [Times: user=0.08 sys=0.00, real=0.00 secs] 
2016-09-25T23:03:43.638-0400: 57.906: [GC (GCLocker Initiated GC) [PSYoungGen: 163289K->38670K(177664K)] 643459K->545299K(701952K), 0.0114565 secs] [Times: user=0.09 sys=0.01, real=0.01 secs] 
2016-09-25T23:03:43.650-0400: 57.918: [Full GC (Ergonomics) [PSYoungGen: 38670K->0K(177664K)] [ParOldGen: 506629K->289612K(524288K)] 545299K->289612K(701952K), [Metaspace: 43702K->43702K(1087488K)], 0.0566847 secs] [Times: user=0.31 sys=0.00, real=0.06 secs] 
2016-09-25T23:03:43.753-0400: 58.021: [GC (GCLocker Initiated GC) [PSYoungGen: 95232K->58452K(154112K)] 384989K->348210K(678400K), 0.0285119 secs] [Times: user=0.32 sys=0.01, real=0.03 secs] 
2016-09-25T23:03:43.838-0400: 58.106: [GC (GCLocker Initiated GC) [PSYoungGen: 153684K->52408K(179200K)] 448986K->378626K(703488K), 0.0115023 secs] [Times: user=0.10 sys=0.00, real=0.01 secs] 
2016-09-25T23:03:43.908-0400: 58.176: [GC (GCLocker Initiated GC) [PSYoungGen: 150200K->64659K(177664K)] 481884K->409341K(701952K), 0.0083248 secs] [Times: user=0.09 sys=0.00, real=0.01 secs] 
2016-09-25T23:03:43.967-0400: 58.235: [GC (GCLocker Initiated GC) [PSYoungGen: 162451K->70175K(176128K)] 508596K->429167K(700416K), 0.0079187 secs] [Times: user=0.08 sys=0.00, real=0.01 secs] 
2016-09-25T23:03:44.022-0400: 58.290: [GC (GCLocker Initiated GC) [PSYoungGen: 165407K->67286K(162816K)] 529968K->451697K(687104K), 0.0112162 secs] [Times: user=0.16 sys=0.00, real=0.01 secs] 
2016-09-25T23:03:44.083-0400: 58.351: [GC (GCLocker Initiated GC) [PSYoungGen: 162518K->63403K(178688K)] 550309K->481550K(702976K), 0.0104328 secs] [Times: user=0.10 sys=0.00, real=0.00 secs] 
2016-09-25T23:03:44.134-0400: 58.402: [GC (GCLocker Initiated GC) [PSYoungGen: 157611K->75310K(169984K)] 576657K->503235K(694272K), 0.0077413 secs] [Times: user=0.08 sys=0.00, real=0.01 secs] 
2016-09-25T23:03:44.196-0400: 58.464: [GC (GCLocker Initiated GC) [PSYoungGen: 169518K->68602K(175104K)] 600209K->536403K(699392K), 0.0156372 secs] [Times: user=0.19 sys=0.00, real=0.01 secs] 
2016-09-25T23:03:44.258-0400: 58.526: [GC (GCLocker Initiated GC) [PSYoungGen: 156666K->47043K(175104K)] 630095K->549416K(699392K), 0.0072352 secs] [Times: user=0.07 sys=0.00, real=0.01 secs] 
2016-09-25T23:03:44.265-0400: 58.533: [Full GC (Ergonomics) [PSYoungGen: 47043K->0K(175104K)] [ParOldGen: 502373K->291759K(524288K)] 549416K->291759K(699392K), [Metaspace: 43702K->43702K(1087488K)], 0.0586832 secs] [Times: user=0.40 sys=0.01, real=0.06 secs] 
2016-09-25T23:03:44.377-0400: 58.645: [GC (GCLocker Initiated GC) [PSYoungGen: 88064K->62623K(172032K)] 397401K->371961K(696320K), 0.0102693 secs] [Times: user=0.13 sys=0.01, real=0.01 secs] 
2016-09-25T23:03:44.437-0400: 58.705: [GC (GCLocker Initiated GC) [PSYoungGen: 150687K->42919K(173568K)] 472279K->379388K(697856K), 0.0061804 secs] [Times: user=0.05 sys=0.00, real=0.01 secs] 
2016-09-25T23:03:44.491-0400: 58.759: [GC (GCLocker Initiated GC) [PSYoungGen: 130983K->35968K(174080K)] 470232K->393440K(698368K), 0.0396320 secs] [Times: user=0.42 sys=0.01, real=0.04 secs] 
2016-09-25T23:03:44.577-0400: 58.845: [GC (GCLocker Initiated GC) [PSYoungGen: 124032K->52616K(140800K)] 495195K->436585K(665088K), 0.0117995 secs] [Times: user=0.12 sys=0.00, real=0.01 secs] 
2016-09-25T23:03:44.650-0400: 58.918: [GC (GCLocker Initiated GC) [PSYoungGen: 140680K->37275K(173056K)] 527370K->450503K(697344K), 0.0141528 secs] [Times: user=0.11 sys=0.01, real=0.02 secs] 
2016-09-25T23:03:44.700-0400: 58.968: [GC (GCLocker Initiated GC) [PSYoungGen: 125851K->60510K(173568K)] 539201K->501510K(697856K), 0.0133983 secs] [Times: user=0.15 sys=0.00, real=0.01 secs] 
2016-09-25T23:03:44.753-0400: 59.021: [GC (GCLocker Initiated GC) [PSYoungGen: 149086K->77005K(172544K)] 601221K->543342K(696832K), 0.0141267 secs] [Times: user=0.16 sys=0.00, real=0.02 secs] 
2016-09-25T23:03:44.832-0400: 59.100: [GC (GCLocker Initiated GC) [PSYoungGen: 165069K->40067K(175104K)] 638241K->535800K(699392K), 0.0162517 secs] [Times: user=0.18 sys=0.00, real=0.02 secs] 
2016-09-25T23:03:44.848-0400: 59.116: [Full GC (Ergonomics) [PSYoungGen: 40067K->0K(175104K)] [ParOldGen: 495733K->292810K(524288K)] 535800K->292810K(699392K), [Metaspace: 43702K->43702K(1087488K)], 0.0868061 secs] [Times: user=0.54 sys=0.03, real=0.09 secs] 
2016-09-25T23:03:44.979-0400: 59.247: [GC (GCLocker Initiated GC) [PSYoungGen: 88064K->69288K(175104K)] 389075K->370300K(699392K), 0.0069497 secs] [Times: user=0.08 sys=0.00, real=0.01 secs] 
2016-09-25T23:03:45.024-0400: 59.292: [GC (GCLocker Initiated GC) [PSYoungGen: 157352K->64705K(175104K)] 463860K->392662K(699392K), 0.0157836 secs] [Times: user=0.20 sys=0.00, real=0.01 secs] 
2016-09-25T23:03:45.121-0400: 59.389: [GC (GCLocker Initiated GC) [PSYoungGen: 152769K->33203K(175104K)] 480877K->380959K(699392K), 0.0084997 secs] [Times: user=0.07 sys=0.01, real=0.01 secs] 
2016-09-25T23:03:45.178-0400: 59.446: [GC (GCLocker Initiated GC) [PSYoungGen: 121267K->49875K(175104K)] 470450K->410377K(699392K), 0.0083126 secs] [Times: user=0.08 sys=0.00, real=0.01 secs] 
2016-09-25T23:03:45.233-0400: 59.501: [GC (GCLocker Initiated GC) [PSYoungGen: 137939K->45598K(175104K)] 498528K->431535K(699392K), 0.0075835 secs] [Times: user=0.07 sys=0.00, real=0.01 secs] 
2016-09-25T23:03:45.274-0400: 59.542: [GC (GCLocker Initiated GC) [PSYoungGen: 133662K->68985K(175104K)] 521076K->469141K(699392K), 0.0134185 secs] [Times: user=0.12 sys=0.00, real=0.01 secs] 
2016-09-25T23:03:45.360-0400: 59.628: [GC (GCLocker Initiated GC) [PSYoungGen: 157049K->50909K(174080K)] 565372K->487311K(698368K), 0.0114262 secs] [Times: user=0.10 sys=0.00, real=0.01 secs] 
2016-09-25T23:03:45.416-0400: 59.684: [GC (GCLocker Initiated GC) [PSYoungGen: 138973K->68769K(174592K)] 575513K->520810K(698880K), 0.0077196 secs] [Times: user=0.11 sys=0.00, real=0.01 secs] 
2016-09-25T23:03:45.460-0400: 59.728: [GC (GCLocker Initiated GC) [PSYoungGen: 156833K->72833K(175104K)] 615881K->548886K(699392K), 0.0096333 secs] [Times: user=0.15 sys=0.00, real=0.01 secs] 
2016-09-25T23:03:45.561-0400: 59.829: [GC (GCLocker Initiated GC) [PSYoungGen: 160897K->44143K(175104K)] 646567K->548158K(699392K), 0.0188843 secs] [Times: user=0.22 sys=0.00, real=0.02 secs] 
2016-09-25T23:03:45.580-0400: 59.848: [Full GC (Ergonomics) [PSYoungGen: 44143K->0K(175104K)] [ParOldGen: 504015K->302546K(524288K)] 548158K->302546K(699392K), [Metaspace: 43702K->43702K(1087488K)], 0.0556220 secs] [Times: user=0.39 sys=0.00, real=0.06 secs] 
2016-09-25T23:03:45.676-0400: 59.944: [GC (GCLocker Initiated GC) [PSYoungGen: 88064K->75963K(175104K)] 393478K->381377K(699392K), 0.0071358 secs] [Times: user=0.07 sys=0.00, real=0.01 secs] 
2016-09-25T23:03:45.738-0400: 60.006: [GC (GCLocker Initiated GC) [PSYoungGen: 164027K->63130K(175104K)] 472376K->384735K(699392K), 0.0131856 secs] [Times: user=0.11 sys=0.01, real=0.01 secs] 
2016-09-25T23:03:45.825-0400: 60.093: [GC (GCLocker Initiated GC) [PSYoungGen: 151194K->48414K(175104K)] 472935K->385663K(699392K), 0.0062838 secs] [Times: user=0.05 sys=0.00, real=0.00 secs] 
2016-09-25T23:03:45.878-0400: 60.146: [GC (GCLocker Initiated GC) [PSYoungGen: 136478K->24061K(175104K)] 479191K->383742K(699392K), 0.0053350 secs] [Times: user=0.03 sys=0.00, real=0.01 secs] 
2016-09-25T23:03:45.912-0400: 60.180: [GC (GCLocker Initiated GC) [PSYoungGen: 112125K->64979K(175104K)] 477289K->436494K(699392K), 0.0103248 secs] [Times: user=0.11 sys=0.00, real=0.02 secs] 
2016-09-25T23:03:46.008-0400: 60.276: [GC (GCLocker Initiated GC) [PSYoungGen: 153043K->43075K(175104K)] 530172K->460393K(699392K), 0.0132753 secs] [Times: user=0.18 sys=0.00, real=0.01 secs] 
2016-09-25T23:03:46.063-0400: 60.331: [GC (GCLocker Initiated GC) [PSYoungGen: 131139K->86289K(175104K)] 548536K->513848K(699392K), 0.0089968 secs] [Times: user=0.13 sys=0.01, real=0.00 secs] 
2016-09-25T23:03:46.116-0400: 60.384: [GC (GCLocker Initiated GC) [PSYoungGen: 174353K->60530K(175104K)] 607529K->541712K(699392K), 0.0113538 secs] [Times: user=0.11 sys=0.00, real=0.01 secs] 
2016-09-25T23:03:46.127-0400: 60.395: [Full GC (Ergonomics) [PSYoungGen: 60530K->0K(175104K)] [ParOldGen: 481181K->308988K(524288K)] 541712K->308988K(699392K), [Metaspace: 43702K->43702K(1087488K)], 0.0989174 secs] [Times: user=0.61 sys=0.02, real=0.10 secs] 
2016-09-25T23:03:46.287-0400: 60.555: [GC (GCLocker Initiated GC) [PSYoungGen: 88064K->47506K(175104K)] 407958K->367400K(699392K), 0.0090184 secs] [Times: user=0.07 sys=0.00, real=0.01 secs] 
2016-09-25T23:03:46.336-0400: 60.604: [GC (GCLocker Initiated GC) [PSYoungGen: 135570K->32024K(175104K)] 455535K->382983K(699392K), 0.0316800 secs] [Times: user=0.32 sys=0.01, real=0.03 secs] 
2016-09-25T23:03:46.428-0400: 60.696: [GC (GCLocker Initiated GC) [PSYoungGen: 120088K->40326K(175104K)] 474938K->410716K(699392K), 0.0160263 secs] [Times: user=0.14 sys=0.00, real=0.02 secs] 
2016-09-25T23:03:46.489-0400: 60.757: [GC (GCLocker Initiated GC) [PSYoungGen: 128390K->51269K(175104K)] 498840K->440210K(699392K), 0.0071195 secs] [Times: user=0.06 sys=0.00, real=0.01 secs] 
2016-09-25T23:03:46.546-0400: 60.814: [GC (GCLocker Initiated GC) [PSYoungGen: 139333K->52534K(173056K)] 531133K->456025K(697344K), 0.0077239 secs] [Times: user=0.05 sys=0.00, real=0.00 secs] 
2016-09-25T23:03:46.601-0400: 60.869: [GC (GCLocker Initiated GC) [PSYoungGen: 140598K->53702K(174080K)] 545873K->468039K(698368K), 0.0202581 secs] [Times: user=0.18 sys=0.00, real=0.02 secs] 
2016-09-25T23:03:46.657-0400: 60.925: [GC (GCLocker Initiated GC) [PSYoungGen: 141766K->50977K(173056K)] 557682K->477127K(697344K), 0.0106025 secs] [Times: user=0.08 sys=0.00, real=0.01 secs] 
2016-09-25T23:03:46.725-0400: 60.993: [GC (GCLocker Initiated GC) [PSYoungGen: 144161K->56726K(173568K)] 577187K->509344K(697856K), 0.0195625 secs] [Times: user=0.21 sys=0.00, real=0.02 secs] 
2016-09-25T23:03:46.793-0400: 61.061: [GC (GCLocker Initiated GC) [PSYoungGen: 149910K->52403K(177152K)] 605391K->524857K(701440K), 0.0096552 secs] [Times: user=0.09 sys=0.00, real=0.02 secs] 
2016-09-25T23:03:46.852-0400: 61.120: [GC (GCLocker Initiated GC) [PSYoungGen: 154803K->74137K(179200K)] 627361K->561034K(703488K), 0.0104494 secs] [Times: user=0.09 sys=0.00, real=0.02 secs] 
2016-09-25T23:03:46.919-0400: 61.187: [GC (GCLocker Initiated GC) [PSYoungGen: 176537K->61826K(180224K)] 663917K->568867K(704512K), 0.0167977 secs] [Times: user=0.19 sys=0.00, real=0.02 secs] 
2016-09-25T23:03:46.936-0400: 61.204: [Full GC (Ergonomics) [PSYoungGen: 61826K->0K(180224K)] [ParOldGen: 507040K->309139K(524288K)] 568867K->309139K(704512K), [Metaspace: 43702K->43702K(1087488K)], 0.0618258 secs] [Times: user=0.44 sys=0.00, real=0.06 secs] 
2016-09-25T23:03:47.057-0400: 61.325: [GC (GCLocker Initiated GC) [PSYoungGen: 97792K->55471K(153600K)] 409640K->367320K(677888K), 0.0065563 secs] [Times: user=0.04 sys=0.00, real=0.01 secs] 
2016-09-25T23:03:47.112-0400: 61.380: [GC (GCLocker Initiated GC) [PSYoungGen: 153263K->74232K(172544K)] 469302K->395512K(696832K), 0.0080638 secs] [Times: user=0.11 sys=0.00, real=0.01 secs] 
2016-09-25T23:03:47.182-0400: 61.450: [GC (GCLocker Initiated GC) [PSYoungGen: 167416K->71557K(164864K)] 500926K->411295K(689152K), 0.0073694 secs] [Times: user=0.09 sys=0.00, real=0.01 secs] 
2016-09-25T23:03:47.237-0400: 61.505: [GC (GCLocker Initiated GC) [PSYoungGen: 164741K->70012K(174592K)] 504567K->426756K(698880K), 0.0087089 secs] [Times: user=0.14 sys=0.00, real=0.01 secs] 
2016-09-25T23:03:47.290-0400: 61.558: [GC (GCLocker Initiated GC) [PSYoungGen: 158076K->56711K(144896K)] 517568K->433101K(669184K), 0.0094578 secs] [Times: user=0.10 sys=0.00, real=0.01 secs] 
2016-09-25T23:03:47.352-0400: 61.620: [GC (GCLocker Initiated GC) [PSYoungGen: 144775K->48565K(174592K)] 530623K->450140K(698880K), 0.0084282 secs] [Times: user=0.05 sys=0.00, real=0.01 secs] 
2016-09-25T23:03:47.412-0400: 61.680: [GC (GCLocker Initiated GC) [PSYoungGen: 137653K->48438K(174080K)] 546177K->460497K(698368K), 0.0148676 secs] [Times: user=0.13 sys=0.00, real=0.02 secs] 
2016-09-25T23:03:47.476-0400: 61.744: [GC (GCLocker Initiated GC) [PSYoungGen: 137526K->41347K(175104K)] 557933K->481622K(699392K), 0.0095034 secs] [Times: user=0.10 sys=0.00, real=0.01 secs] 
2016-09-25T23:03:47.542-0400: 61.810: [GC (GCLocker Initiated GC) [PSYoungGen: 132483K->44403K(175616K)] 579553K->498759K(699904K), 0.0053075 secs] [Times: user=0.03 sys=0.01, real=0.00 secs] 
2016-09-25T23:03:47.589-0400: 61.857: [GC (GCLocker Initiated GC) [PSYoungGen: 135539K->56457K(174080K)] 592664K->536069K(698368K), 0.0091295 secs] [Times: user=0.08 sys=0.01, real=0.01 secs] 
2016-09-25T23:03:47.655-0400: 61.923: [GC (GCLocker Initiated GC) [PSYoungGen: 150665K->49839K(175616K)] 630499K->553406K(699904K), 0.0080135 secs] [Times: user=0.06 sys=0.01, real=0.01 secs] 
2016-09-25T23:03:47.663-0400: 61.931: [Full GC (Ergonomics) [PSYoungGen: 49839K->0K(175616K)] [ParOldGen: 503567K->314983K(524288K)] 553406K->314983K(699904K), [Metaspace: 43704K->43704K(1087488K)], 0.0664375 secs] [Times: user=0.43 sys=0.01, real=0.06 secs] 
2016-09-25T23:03:47.784-0400: 62.052: [GC (GCLocker Initiated GC) [PSYoungGen: 94208K->39261K(180224K)] 415988K->361041K(704512K), 0.0053142 secs] [Times: user=0.03 sys=0.00, real=0.00 secs] 
2016-09-25T23:03:47.839-0400: 62.107: [GC (GCLocker Initiated GC) [PSYoungGen: 140125K->47103K(180224K)] 461978K->376952K(704512K), 0.0217486 secs] [Times: user=0.20 sys=0.00, real=0.02 secs] 
2016-09-25T23:03:47.917-0400: 62.185: [GC (GCLocker Initiated GC) [PSYoungGen: 147967K->48507K(181248K)] 483253K->410370K(705536K), 0.0123902 secs] [Times: user=0.13 sys=0.00, real=0.01 secs] 
2016-09-25T23:03:47.994-0400: 62.262: [GC (GCLocker Initiated GC) [PSYoungGen: 153467K->48687K(181248K)] 524872K->423629K(705536K), 0.0124271 secs] [Times: user=0.10 sys=0.00, real=0.02 secs] 
2016-09-25T23:03:48.075-0400: 62.343: [GC (GCLocker Initiated GC) [PSYoungGen: 153647K->47122K(184320K)] 538189K->454293K(708608K), 0.0338145 secs] [Times: user=0.33 sys=0.00, real=0.03 secs] 
2016-09-25T23:03:48.165-0400: 62.433: [GC (GCLocker Initiated GC) [PSYoungGen: 158226K->64819K(183808K)] 565498K->486421K(708096K), 0.0243705 secs] [Times: user=0.21 sys=0.01, real=0.02 secs] 
2016-09-25T23:03:48.252-0400: 62.520: [GC (GCLocker Initiated GC) [PSYoungGen: 175923K->44133K(187392K)] 597645K->474916K(711680K), 0.0134031 secs] [Times: user=0.11 sys=0.01, real=0.02 secs] 
2016-09-25T23:03:48.327-0400: 62.595: [GC (GCLocker Initiated GC) [PSYoungGen: 155749K->63521K(175616K)] 589489K->515476K(699904K), 0.0144595 secs] [Times: user=0.12 sys=0.00, real=0.01 secs] 
2016-09-25T23:03:48.398-0400: 62.666: [GC (GCLocker Initiated GC) [PSYoungGen: 175137K->57814K(185856K)] 630033K->524419K(710144K), 0.0293514 secs] [Times: user=0.33 sys=0.00, real=0.03 secs] 
2016-09-25T23:03:48.479-0400: 62.747: [GC (GCLocker Initiated GC) [PSYoungGen: 166870K->64789K(174080K)] 641678K->548523K(698368K), 0.0166232 secs] [Times: user=0.16 sys=0.00, real=0.02 secs] 
2016-09-25T23:03:48.563-0400: 62.831: [Full GC (Ergonomics) [PSYoungGen: 173845K->0K(174080K)] [ParOldGen: 496068K->327368K(524288K)] 669914K->327368K(698368K), [Metaspace: 43710K->43710K(1087488K)], 0.0673181 secs] [Times: user=0.39 sys=0.03, real=0.06 secs] 
2016-09-25T23:03:48.696-0400: 62.964: [GC (GCLocker Initiated GC) [PSYoungGen: 109056K->62516K(182784K)] 439306K->392767K(707072K), 0.0062571 secs] [Times: user=0.06 sys=0.01, real=0.01 secs] 
2016-09-25T23:03:48.750-0400: 63.018: [GC (GCLocker Initiated GC) [PSYoungGen: 166964K->46882K(151552K)] 497343K->398805K(675840K), 0.0104799 secs] [Times: user=0.07 sys=0.01, real=0.01 secs] 
2016-09-25T23:03:48.811-0400: 63.079: [GC (GCLocker Initiated GC) [PSYoungGen: 151330K->44413K(183296K)] 506018K->428145K(707584K), 0.0146483 secs] [Times: user=0.15 sys=0.02, real=0.02 secs] 
2016-09-25T23:03:48.882-0400: 63.150: [GC (GCLocker Initiated GC) [PSYoungGen: 149885K->40614K(182784K)] 536393K->438697K(707072K), 0.0158339 secs] [Times: user=0.13 sys=0.01, real=0.02 secs] 
2016-09-25T23:03:48.953-0400: 63.221: [GC (GCLocker Initiated GC) [PSYoungGen: 146086K->62105K(182784K)] 552445K->499276K(707072K), 0.0149149 secs] [Times: user=0.16 sys=0.00, real=0.02 secs] 
2016-09-25T23:03:49.017-0400: 63.285: [GC (GCLocker Initiated GC) [PSYoungGen: 167577K->64645K(170496K)] 607701K->508304K(694784K), 0.0068477 secs] [Times: user=0.06 sys=0.00, real=0.01 secs] 
2016-09-25T23:03:49.073-0400: 63.341: [GC (GCLocker Initiated GC) [PSYoungGen: 170117K->72822K(173568K)] 619295K->525551K(697856K), 0.0094293 secs] [Times: user=0.10 sys=0.00, real=0.02 secs] 
2016-09-25T23:03:49.138-0400: 63.406: [GC (GCLocker Initiated GC) [PSYoungGen: 166006K->63115K(177664K)] 624238K->543688K(701952K), 0.0103541 secs] [Times: user=0.11 sys=0.01, real=0.01 secs] 
2016-09-25T23:03:49.200-0400: 63.468: [GC (GCLocker Initiated GC) [PSYoungGen: 156299K->59418K(174080K)] 640983K->571693K(698368K), 0.0096962 secs] [Times: user=0.14 sys=0.01, real=0.01 secs] 
2016-09-25T23:03:49.210-0400: 63.478: [Full GC (Ergonomics) [PSYoungGen: 59418K->0K(174080K)] [ParOldGen: 512275K->321679K(524288K)] 571693K->321679K(698368K), [Metaspace: 43711K->43711K(1087488K)], 0.0629427 secs] [Times: user=0.53 sys=0.01, real=0.06 secs] 
2016-09-25T23:03:49.317-0400: 63.585: [GC (GCLocker Initiated GC) [PSYoungGen: 93696K->77579K(171520K)] 415500K->399384K(695808K), 0.0163118 secs] [Times: user=0.22 sys=0.00, real=0.01 secs] 
2016-09-25T23:03:49.387-0400: 63.655: [GC (GCLocker Initiated GC) [PSYoungGen: 171275K->44486K(175104K)] 495818K->406887K(699392K), 0.0128142 secs] [Times: user=0.16 sys=0.01, real=0.01 secs] 
2016-09-25T23:03:49.451-0400: 63.719: [GC (GCLocker Initiated GC) [PSYoungGen: 132550K->50081K(138240K)] 500439K->449930K(662528K), 0.0080549 secs] [Times: user=0.12 sys=0.00, real=0.01 secs] 
2016-09-25T23:03:49.503-0400: 63.771: [GC (GCLocker Initiated GC) [PSYoungGen: 138145K->59719K(175104K)] 540829K->491774K(699392K), 0.0092945 secs] [Times: user=0.11 sys=0.00, real=0.00 secs] 
2016-09-25T23:03:49.566-0400: 63.834: [GC (GCLocker Initiated GC) [PSYoungGen: 149319K->70272K(173568K)] 590993K->519885K(697856K), 0.0097271 secs] [Times: user=0.13 sys=0.00, real=0.01 secs] 
2016-09-25T23:03:49.622-0400: 63.890: [GC (GCLocker Initiated GC) [PSYoungGen: 159872K->52128K(176640K)] 609675K->537989K(700928K), 0.0096380 secs] [Times: user=0.10 sys=0.00, real=0.01 secs] 
2016-09-25T23:03:49.632-0400: 63.900: [Full GC (Ergonomics) [PSYoungGen: 52128K->0K(176640K)] [ParOldGen: 485861K->315929K(524288K)] 537989K->315929K(700928K), [Metaspace: 43711K->43711K(1087488K)], 0.1638437 secs] [Times: user=2.09 sys=0.02, real=0.17 secs] 
2016-09-25T23:03:49.836-0400: 64.104: [GC (GCLocker Initiated GC) [PSYoungGen: 91648K->83078K(175104K)] 407669K->404499K(699392K), 0.0125310 secs] [Times: user=0.14 sys=0.00, real=0.01 secs] 
2016-09-25T23:03:49.931-0400: 64.199: [GC (GCLocker Initiated GC) [PSYoungGen: 174726K->51173K(175104K)] 501613K->409413K(699392K), 0.0147401 secs] [Times: user=0.15 sys=0.01, real=0.02 secs] 
2016-09-25T23:03:49.979-0400: 64.247: [GC (GCLocker Initiated GC) [PSYoungGen: 139237K->77145K(175104K)] 502983K->448425K(699392K), 0.0082786 secs] [Times: user=0.09 sys=0.00, real=0.01 secs] 
2016-09-25T23:03:50.030-0400: 64.298: [GC (GCLocker Initiated GC) [PSYoungGen: 165209K->60754K(175104K)] 544801K->464357K(699392K), 0.0086078 secs] [Times: user=0.12 sys=0.00, real=0.01 secs] 
2016-09-25T23:03:50.104-0400: 64.372: [GC (GCLocker Initiated GC) [PSYoungGen: 148818K->63403K(175104K)] 553086K->480695K(699392K), 0.0109500 secs] [Times: user=0.14 sys=0.00, real=0.01 secs] 
2016-09-25T23:03:50.171-0400: 64.439: [GC (GCLocker Initiated GC) [PSYoungGen: 151467K->56345K(173056K)] 568857K->494824K(697344K), 0.0521520 secs] [Times: user=0.57 sys=0.00, real=0.06 secs] 
2016-09-25T23:03:50.265-0400: 64.533: [GC (GCLocker Initiated GC) [PSYoungGen: 144409K->39076K(174080K)] 588429K->513371K(698368K), 0.0232385 secs] [Times: user=0.26 sys=0.00, real=0.02 secs] 
2016-09-25T23:03:50.370-0400: 64.638: [Full GC (Ergonomics) [PSYoungGen: 127140K->0K(174080K)] [ParOldGen: 483974K->319871K(524288K)] 611115K->319871K(698368K), [Metaspace: 43711K->43711K(1087488K)], 0.0617665 secs] [Times: user=0.44 sys=0.00, real=0.06 secs] 
2016-09-25T23:03:50.475-0400: 64.744: [GC (GCLocker Initiated GC) [PSYoungGen: 88064K->47157K(175616K)] 410744K->369837K(699904K), 0.0146092 secs] [Times: user=0.14 sys=0.00, real=0.01 secs] 
2016-09-25T23:03:50.583-0400: 64.851: [GC (GCLocker Initiated GC) [PSYoungGen: 135733K->55422K(144384K)] 472136K->410409K(668672K), 0.0104924 secs] [Times: user=0.13 sys=0.00, real=0.00 secs] 
2016-09-25T23:03:50.638-0400: 64.906: [GC (GCLocker Initiated GC) [PSYoungGen: 143998K->59245K(174592K)] 499059K->434116K(698880K), 0.0135835 secs] [Times: user=0.12 sys=0.00, real=0.01 secs] 
2016-09-25T23:03:50.700-0400: 64.968: [GC (GCLocker Initiated GC) [PSYoungGen: 149869K->55037K(172544K)] 526422K->459241K(696832K), 0.0117086 secs] [Times: user=0.11 sys=0.00, real=0.01 secs] 
2016-09-25T23:03:50.806-0400: 65.074: [GC (GCLocker Initiated GC) [PSYoungGen: 145661K->47174K(176640K)] 562221K->469843K(700928K), 0.0098373 secs] [Times: user=0.09 sys=0.01, real=0.01 secs] 
2016-09-25T23:03:50.860-0400: 65.128: [GC (GCLocker Initiated GC) [PSYoungGen: 143942K->56168K(176128K)] 566685K->486527K(700416K), 0.0073434 secs] [Times: user=0.05 sys=0.00, real=0.01 secs] 
2016-09-25T23:03:50.912-0400: 65.180: [GC (GCLocker Initiated GC) [PSYoungGen: 152936K->76816K(173568K)] 586220K->518642K(697856K), 0.0087182 secs] [Times: user=0.08 sys=0.00, real=0.01 secs] 
2016-09-25T23:03:51.010-0400: 65.278: [GC (GCLocker Initiated GC) [PSYoungGen: 173072K->44407K(179200K)] 614978K->515515K(703488K), 0.0115348 secs] [Times: user=0.15 sys=0.01, real=0.01 secs] 
2016-09-25T23:03:51.083-0400: 65.351: [Full GC (Ergonomics) [PSYoungGen: 140663K->0K(179200K)] [ParOldGen: 481984K->327051K(524288K)] 622647K->327051K(703488K), [Metaspace: 43754K->43754K(1087488K)], 0.0548672 secs] [Times: user=0.44 sys=0.00, real=0.05 secs] 
2016-09-25T23:03:51.209-0400: 65.478: [GC (GCLocker Initiated GC) [PSYoungGen: 96256K->48604K(176128K)] 423663K->376011K(700416K), 0.0172137 secs] [Times: user=0.16 sys=0.00, real=0.02 secs] 
2016-09-25T23:03:51.299-0400: 65.567: [GC (GCLocker Initiated GC) [PSYoungGen: 144860K->32290K(177664K)] 476303K->403897K(701952K), 0.0103813 secs] [Times: user=0.10 sys=0.00, real=0.01 secs] 
2016-09-25T23:03:51.338-0400: 65.607: [GC (GCLocker Initiated GC) [PSYoungGen: 128546K->67199K(175104K)] 502932K->450490K(699392K), 0.0187408 secs] [Times: user=0.18 sys=0.00, real=0.02 secs] 
2016-09-25T23:03:51.410-0400: 65.678: [GC (GCLocker Initiated GC) [PSYoungGen: 159359K->39004K(177152K)] 552354K->466362K(701440K), 0.0099292 secs] [Times: user=0.07 sys=0.00, real=0.01 secs] 
2016-09-25T23:03:51.481-0400: 65.749: [GC (GCLocker Initiated GC) [PSYoungGen: 131164K->36229K(177152K)] 562643K->488898K(701440K), 0.0091203 secs] [Times: user=0.10 sys=0.00, real=0.01 secs] 
2016-09-25T23:03:51.528-0400: 65.796: [GC (GCLocker Initiated GC) [PSYoungGen: 128389K->41699K(134144K)] 586565K->524860K(658432K), 0.0107584 secs] [Times: user=0.09 sys=0.01, real=0.01 secs] 
2016-09-25T23:03:51.539-0400: 65.807: [Full GC (Ergonomics) [PSYoungGen: 41699K->0K(134144K)] [ParOldGen: 483161K->329995K(524288K)] 524860K->329995K(658432K), [Metaspace: 43761K->43761K(1087488K)], 0.0670084 secs] [Times: user=0.50 sys=0.00, real=0.07 secs] 
2016-09-25T23:03:51.662-0400: 65.930: [GC (GCLocker Initiated GC) [PSYoungGen: 92160K->74847K(171008K)] 429163K->411850K(695296K), 0.0124181 secs] [Times: user=0.15 sys=0.01, real=0.02 secs] 
2016-09-25T23:03:51.723-0400: 65.991: [GC (GCLocker Initiated GC) [PSYoungGen: 162911K->60590K(175104K)] 502696K->420790K(699392K), 0.0094324 secs] [Times: user=0.08 sys=0.01, real=0.00 secs] 
2016-09-25T23:03:51.796-0400: 66.064: [GC (GCLocker Initiated GC) [PSYoungGen: 148654K->57793K(173056K)] 517063K->433634K(697344K), 0.0065651 secs] [Times: user=0.07 sys=0.01, real=0.01 secs] 
2016-09-25T23:03:51.848-0400: 66.117: [GC (GCLocker Initiated GC) [PSYoungGen: 145857K->56375K(174080K)] 524532K->447830K(698368K), 0.0065166 secs] [Times: user=0.06 sys=0.01, real=0.01 secs] 
2016-09-25T23:03:51.911-0400: 66.179: [GC (GCLocker Initiated GC) [PSYoungGen: 144439K->52443K(172032K)] 544251K->475855K(696320K), 0.0232547 secs] [Times: user=0.26 sys=0.00, real=0.03 secs] 
2016-09-25T23:03:51.991-0400: 66.259: [GC (GCLocker Initiated GC) [PSYoungGen: 144603K->49673K(173568K)] 569460K->487467K(697856K), 0.0155950 secs] [Times: user=0.16 sys=0.01, real=0.02 secs] 
2016-09-25T23:03:52.056-0400: 66.324: [GC (GCLocker Initiated GC) [PSYoungGen: 141833K->40240K(180224K)] 586554K->504398K(704512K), 0.0098245 secs] [Times: user=0.07 sys=0.01, real=0.01 secs] 
2016-09-25T23:03:52.121-0400: 66.389: [GC (GCLocker Initiated GC) [PSYoungGen: 141104K->68821K(169984K)] 609563K->547556K(694272K), 0.0100812 secs] [Times: user=0.11 sys=0.00, real=0.01 secs] 
2016-09-25T23:03:52.182-0400: 66.450: [GC (GCLocker Initiated GC) [PSYoungGen: 169685K->78194K(170496K)] 654269K->566241K(694784K), 0.0175702 secs] [Times: user=0.14 sys=0.01, real=0.02 secs] 
2016-09-25T23:03:52.200-0400: 66.468: [Full GC (Ergonomics) [PSYoungGen: 78194K->0K(170496K)] [ParOldGen: 488046K->337124K(524288K)] 566241K->337124K(694784K), [Metaspace: 43769K->43769K(1087488K)], 0.0648789 secs] [Times: user=0.44 sys=0.00, real=0.07 secs] 
2016-09-25T23:03:52.304-0400: 66.572: [GC (GCLocker Initiated GC) [PSYoungGen: 88064K->78580K(175104K)] 427976K->418493K(699392K), 0.0068300 secs] [Times: user=0.08 sys=0.01, real=0.00 secs] 
2016-09-25T23:03:52.369-0400: 66.637: [GC (GCLocker Initiated GC) [PSYoungGen: 166644K->48370K(175104K)] 514437K->413474K(699392K), 0.0225275 secs] [Times: user=0.21 sys=0.01, real=0.02 secs] 
2016-09-25T23:03:52.437-0400: 66.705: [GC (GCLocker Initiated GC) [PSYoungGen: 136434K->34611K(175104K)] 504289K->412640K(699392K), 0.0056228 secs] [Times: user=0.04 sys=0.00, real=0.01 secs] 
2016-09-25T23:03:52.487-0400: 66.755: [GC (GCLocker Initiated GC) [PSYoungGen: 122675K->55223K(175104K)] 506286K->455478K(699392K), 0.0108324 secs] [Times: user=0.07 sys=0.00, real=0.01 secs] 
2016-09-25T23:03:52.557-0400: 66.825: [GC (GCLocker Initiated GC) [PSYoungGen: 143287K->38852K(175104K)] 551876K->468606K(699392K), 0.0072129 secs] [Times: user=0.06 sys=0.00, real=0.01 secs] 
2016-09-25T23:03:52.602-0400: 66.870: [GC (GCLocker Initiated GC) [PSYoungGen: 126916K->66185K(175104K)] 556815K->503658K(699392K), 0.0098941 secs] [Times: user=0.09 sys=0.00, real=0.01 secs] 
2016-09-25T23:03:52.678-0400: 66.946: [GC (GCLocker Initiated GC) [PSYoungGen: 154249K->59305K(175104K)] 599881K->523318K(699392K), 0.0078901 secs] [Times: user=0.08 sys=0.00, real=0.01 secs] 
2016-09-25T23:03:52.741-0400: 67.009: [GC (GCLocker Initiated GC) [PSYoungGen: 147369K->57843K(172032K)] 616897K->549750K(696320K), 0.0104783 secs] [Times: user=0.08 sys=0.00, real=0.01 secs] 
2016-09-25T23:03:52.752-0400: 67.020: [Full GC (Ergonomics) [PSYoungGen: 57843K->0K(172032K)] [ParOldGen: 491907K->335291K(524288K)] 549750K->335291K(696320K), [Metaspace: 43769K->43769K(1087488K)], 0.0585161 secs] [Times: user=0.47 sys=0.00, real=0.06 secs] 
2016-09-25T23:03:52.867-0400: 67.135: [GC (GCLocker Initiated GC) [PSYoungGen: 88064K->51516K(173568K)] 423408K->386860K(697856K), 0.0115407 secs] [Times: user=0.11 sys=0.01, real=0.01 secs] 
2016-09-25T23:03:52.937-0400: 67.205: [GC (GCLocker Initiated GC) [PSYoungGen: 139580K->43068K(176128K)] 477645K->421518K(700416K), 0.0091811 secs] [Times: user=0.12 sys=0.00, real=0.01 secs] 
2016-09-25T23:03:52.998-0400: 67.266: [GC (GCLocker Initiated GC) [PSYoungGen: 136252K->54067K(175616K)] 522840K->449549K(699904K), 0.0096172 secs] [Times: user=0.10 sys=0.00, real=0.01 secs] 
2016-09-25T23:03:53.060-0400: 67.328: [GC (GCLocker Initiated GC) [PSYoungGen: 147251K->49495K(177664K)] 542807K->462296K(701952K), 0.0093080 secs] [Times: user=0.09 sys=0.00, real=0.01 secs] 
2016-09-25T23:03:53.117-0400: 67.385: [GC (GCLocker Initiated GC) [PSYoungGen: 147799K->58060K(176128K)] 570180K->491932K(700416K), 0.0302557 secs] [Times: user=0.40 sys=0.00, real=0.03 secs] 
2016-09-25T23:03:53.213-0400: 67.481: [GC (GCLocker Initiated GC) [PSYoungGen: 156364K->57893K(183296K)] 603758K->510344K(707584K), 0.0085586 secs] [Times: user=0.11 sys=0.00, real=0.01 secs] 
2016-09-25T23:03:53.290-0400: 67.558: [GC (GCLocker Initiated GC) [PSYoungGen: 163877K->49598K(182272K)] 619186K->512394K(706560K), 0.0063618 secs] [Times: user=0.06 sys=0.00, real=0.01 secs] 
2016-09-25T23:03:53.354-0400: 67.622: [GC (GCLocker Initiated GC) [PSYoungGen: 155582K->58062K(183808K)] 625202K->533820K(708096K), 0.0067972 secs] [Times: user=0.07 sys=0.00, real=0.01 secs] 
2016-09-25T23:03:53.428-0400: 67.696: [GC (GCLocker Initiated GC) [PSYoungGen: 167118K->59310K(183296K)] 651110K->561726K(707584K), 0.0094557 secs] [Times: user=0.07 sys=0.01, real=0.01 secs] 
2016-09-25T23:03:53.438-0400: 67.706: [Full GC (Ergonomics) [PSYoungGen: 59310K->0K(183296K)] [ParOldGen: 502415K->345744K(524288K)] 561726K->345744K(707584K), [Metaspace: 43774K->43774K(1087488K)], 0.0617482 secs] [Times: user=0.43 sys=0.01, real=0.06 secs] 
2016-09-25T23:03:53.559-0400: 67.827: [GC (GCLocker Initiated GC) [PSYoungGen: 109056K->55695K(185344K)] 454844K->401483K(709632K), 0.0277829 secs] [Times: user=0.29 sys=0.01, real=0.03 secs] 
2016-09-25T23:03:53.643-0400: 67.911: [GC (GCLocker Initiated GC) [PSYoungGen: 169359K->47053K(186368K)] 515530K->424183K(710656K), 0.0124681 secs] [Times: user=0.11 sys=0.00, real=0.01 secs] 
2016-09-25T23:03:53.725-0400: 67.993: [GC (GCLocker Initiated GC) [PSYoungGen: 160717K->70507K(181760K)] 544852K->458118K(706048K), 0.0074630 secs] [Times: user=0.07 sys=0.01, real=0.00 secs] 
2016-09-25T23:03:53.797-0400: 68.065: [GC (GCLocker Initiated GC) [PSYoungGen: 180075K->57857K(185856K)] 570483K->464235K(710144K), 0.0118545 secs] [Times: user=0.11 sys=0.01, real=0.01 secs] 
2016-09-25T23:03:53.869-0400: 68.137: [GC (GCLocker Initiated GC) [PSYoungGen: 167425K->64828K(183808K)] 580643K->480049K(708096K), 0.0067729 secs] [Times: user=0.06 sys=0.00, real=0.01 secs] 
2016-09-25T23:03:53.932-0400: 68.200: [GC (GCLocker Initiated GC) [PSYoungGen: 173372K->74003K(182784K)] 589004K->500081K(707072K), 0.0281683 secs] [Times: user=0.39 sys=0.00, real=0.03 secs] 
2016-09-25T23:03:54.021-0400: 68.289: [GC (GCLocker Initiated GC) [PSYoungGen: 182547K->51339K(181760K)] 612694K->511865K(706048K), 0.0078574 secs] [Times: user=0.09 sys=0.00, real=0.01 secs] 
2016-09-25T23:03:54.077-0400: 68.345: [GC (GCLocker Initiated GC) [PSYoungGen: 153739K->62048K(182272K)] 619795K->549247K(706560K), 0.0074657 secs] [Times: user=0.11 sys=0.00, real=0.01 secs] 
2016-09-25T23:03:54.085-0400: 68.353: [Full GC (Ergonomics) [PSYoungGen: 62048K->0K(182272K)] [ParOldGen: 487198K->347927K(524288K)] 549247K->347927K(706560K), [Metaspace: 43774K->43774K(1087488K)], 0.0602754 secs] [Times: user=0.49 sys=0.01, real=0.06 secs] 
2016-09-25T23:03:54.195-0400: 68.463: [GC (GCLocker Initiated GC) [PSYoungGen: 102400K->79279K(171520K)] 455934K->454414K(695808K), 0.0097710 secs] [Times: user=0.16 sys=0.00, real=0.01 secs] 
2016-09-25T23:03:54.263-0400: 68.531: [GC (GCLocker Initiated GC) [PSYoungGen: 171439K->63153K(177152K)] 552090K->463147K(701440K), 0.0089307 secs] [Times: user=0.14 sys=0.00, real=0.00 secs] 
2016-09-25T23:03:54.327-0400: 68.595: [GC (GCLocker Initiated GC) [PSYoungGen: 155313K->52535K(174592K)] 558085K->478821K(698880K), 0.0074033 secs] [Times: user=0.09 sys=0.00, real=0.01 secs] 
2016-09-25T23:03:54.389-0400: 68.657: [GC (GCLocker Initiated GC) [PSYoungGen: 146231K->66412K(176640K)] 587602K->515269K(700928K), 0.0135206 secs] [Times: user=0.15 sys=0.00, real=0.02 secs] 
2016-09-25T23:03:54.464-0400: 68.732: [GC (GCLocker Initiated GC) [PSYoungGen: 160108K->58920K(175104K)] 611724K->515568K(699392K), 0.0150983 secs] [Times: user=0.11 sys=0.01, real=0.01 secs] 
2016-09-25T23:03:54.529-0400: 68.797: [GC (GCLocker Initiated GC) [PSYoungGen: 155176K->63089K(177152K)] 614756K->538081K(701440K), 0.0346799 secs] [Times: user=0.43 sys=0.00, real=0.04 secs] 
2016-09-25T23:03:54.609-0400: 68.877: [GC (GCLocker Initiated GC) [PSYoungGen: 159345K->78676K(173056K)] 641189K->578683K(697344K), 0.0110701 secs] [Times: user=0.12 sys=0.00, real=0.01 secs] 
2016-09-25T23:03:54.620-0400: 68.888: [Full GC (Ergonomics) [PSYoungGen: 78676K->0K(173056K)] [ParOldGen: 500007K->359627K(524288K)] 578683K->359627K(697344K), [Metaspace: 43792K->43792K(1087488K)], 0.0823907 secs] [Times: user=0.39 sys=0.01, real=0.09 secs] 
2016-09-25T23:03:54.758-0400: 69.026: [GC (GCLocker Initiated GC) [PSYoungGen: 93184K->57055K(177664K)] 457400K->421272K(701952K), 0.0057348 secs] [Times: user=0.05 sys=0.00, real=0.01 secs] 
2016-09-25T23:03:54.809-0400: 69.077: [GC (GCLocker Initiated GC) [PSYoungGen: 150239K->57997K(173568K)] 518669K->447908K(697856K), 0.0081285 secs] [Times: user=0.11 sys=0.00, real=0.01 secs] 
2016-09-25T23:03:54.846-0400: 69.115: [GC (GCLocker Initiated GC) [PSYoungGen: 152205K->79948K(174592K)] 547724K->493866K(698880K), 0.0106683 secs] [Times: user=0.17 sys=0.00, real=0.01 secs] 
2016-09-25T23:03:54.931-0400: 69.199: [GC (GCLocker Initiated GC) [PSYoungGen: 174156K->52227K(175616K)] 588232K->497143K(699904K), 0.0125287 secs] [Times: user=0.14 sys=0.01, real=0.02 secs] 
2016-09-25T23:03:55.007-0400: 69.275: [GC (GCLocker Initiated GC) [PSYoungGen: 141315K->56491K(145920K)] 586259K->518150K(670208K), 0.0076955 secs] [Times: user=0.06 sys=0.00, real=0.01 secs] 
2016-09-25T23:03:55.055-0400: 69.323: [GC (GCLocker Initiated GC) [PSYoungGen: 145579K->63554K(175616K)] 611368K->545058K(699904K), 0.0157034 secs] [Times: user=0.18 sys=0.01, real=0.01 secs] 
2016-09-25T23:03:55.143-0400: 69.411: [GC (GCLocker Initiated GC) [PSYoungGen: 154178K->40467K(174080K)] 639810K->554169K(698368K), 0.0101513 secs] [Times: user=0.08 sys=0.00, real=0.00 secs] 
2016-09-25T23:03:55.154-0400: 69.422: [Full GC (Ergonomics) [PSYoungGen: 40467K->0K(174080K)] [ParOldGen: 513702K->349786K(524288K)] 554169K->349786K(698368K), [Metaspace: 43792K->43792K(1087488K)], 0.0704854 secs] [Times: user=0.47 sys=0.00, real=0.08 secs] 
2016-09-25T23:03:55.259-0400: 69.527: [GC (GCLocker Initiated GC) [PSYoungGen: 90624K->53502K(177152K)] 445921K->408799K(701440K), 0.0129449 secs] [Times: user=0.14 sys=0.00, real=0.01 secs] 
2016-09-25T23:03:55.339-0400: 69.607: [GC (GCLocker Initiated GC) [PSYoungGen: 147198K->52748K(177152K)] 514731K->432572K(701440K), 0.0202615 secs] [Times: user=0.19 sys=0.01, real=0.02 secs] 
2016-09-25T23:03:55.436-0400: 69.704: [GC (GCLocker Initiated GC) [PSYoungGen: 146444K->48484K(177664K)] 526384K->465926K(701952K), 0.0083454 secs] [Times: user=0.09 sys=0.00, real=0.01 secs] 
2016-09-25T23:03:55.492-0400: 69.760: [GC (GCLocker Initiated GC) [PSYoungGen: 144228K->39065K(177152K)] 572552K->495227K(701440K), 0.0069226 secs] [Times: user=0.06 sys=0.00, real=0.01 secs] 
2016-09-25T23:03:55.568-0400: 69.836: [GC (GCLocker Initiated GC) [PSYoungGen: 134809K->62040K(180224K)] 596487K->544997K(704512K), 0.0146245 secs] [Times: user=0.14 sys=0.00, real=0.02 secs] 
2016-09-25T23:03:55.583-0400: 69.851: [Full GC (Ergonomics) [PSYoungGen: 62040K->0K(180224K)] [ParOldGen: 482957K->358284K(524288K)] 544997K->358284K(704512K), [Metaspace: 43792K->43792K(1087488K)], 0.0739935 secs] [Times: user=0.52 sys=0.01, real=0.07 secs] 
2016-09-25T23:03:55.708-0400: 69.976: [GC (GCLocker Initiated GC) [PSYoungGen: 97792K->73462K(171520K)] 461573K->437243K(695808K), 0.0203891 secs] [Times: user=0.24 sys=0.00, real=0.02 secs] 
2016-09-25T23:03:55.802-0400: 70.070: [GC (GCLocker Initiated GC) [PSYoungGen: 171254K->50306K(177664K)] 541850K->427785K(701952K), 0.0094416 secs] [Times: user=0.07 sys=0.01, real=0.01 secs] 
2016-09-25T23:03:55.879-0400: 70.147: [GC (GCLocker Initiated GC) [PSYoungGen: 142466K->44378K(136704K)] 520227K->439399K(660992K), 0.0083152 secs] [Times: user=0.08 sys=0.00, real=0.01 secs] 
2016-09-25T23:03:55.928-0400: 70.196: [GC (GCLocker Initiated GC) [PSYoungGen: 136538K->63575K(176128K)] 537083K->483906K(700416K), 0.0077973 secs] [Times: user=0.07 sys=0.00, real=0.01 secs] 
2016-09-25T23:03:55.980-0400: 70.248: [GC (GCLocker Initiated GC) [PSYoungGen: 155735K->53954K(146432K)] 581549K->495521K(670720K), 0.0136992 secs] [Times: user=0.12 sys=0.00, real=0.01 secs] 
2016-09-25T23:03:56.067-0400: 70.335: [GC (GCLocker Initiated GC) [PSYoungGen: 146114K->47169K(176128K)] 587791K->523628K(700416K), 0.0197501 secs] [Times: user=0.21 sys=0.01, real=0.02 secs] 
2016-09-25T23:03:56.142-0400: 70.410: [GC (GCLocker Initiated GC) [PSYoungGen: 141889K->68991K(175616K)] 618477K->568056K(699904K), 0.0081975 secs] [Times: user=0.08 sys=0.00, real=0.00 secs] 
2016-09-25T23:03:56.151-0400: 70.419: [Full GC (Ergonomics) [PSYoungGen: 68991K->0K(175616K)] [ParOldGen: 499065K->370666K(524288K)] 568056K->370666K(699904K), [Metaspace: 43792K->43792K(1087488K)], 0.0513117 secs] [Times: user=0.28 sys=0.01, real=0.06 secs] 
2016-09-25T23:03:56.318-0400: 70.586: [GC (GCLocker Initiated GC) [PSYoungGen: 94720K->56182K(178688K)] 481984K->443447K(702976K), 0.0098072 secs] [Times: user=0.11 sys=0.00, real=0.01 secs] 
2016-09-25T23:03:56.399-0400: 70.667: [GC (GCLocker Initiated GC) [PSYoungGen: 153974K->33218K(178688K)] 541300K->439813K(702976K), 0.0067098 secs] [Times: user=0.05 sys=0.00, real=0.01 secs] 
2016-09-25T23:03:56.446-0400: 70.714: [GC (GCLocker Initiated GC) [PSYoungGen: 131010K->52781K(177664K)] 543202K->473699K(701952K), 0.0081191 secs] [Times: user=0.08 sys=0.00, real=0.01 secs] 
2016-09-25T23:03:56.515-0400: 70.783: [GC (GCLocker Initiated GC) [PSYoungGen: 151597K->78461K(177664K)] 576745K->508905K(701952K), 0.0075469 secs] [Times: user=0.11 sys=0.00, real=0.01 secs] 
2016-09-25T23:03:56.583-0400: 70.851: [GC (GCLocker Initiated GC) [PSYoungGen: 177277K->55301K(178688K)] 615982K->505773K(702976K), 0.0072523 secs] [Times: user=0.08 sys=0.00, real=0.00 secs] 
2016-09-25T23:03:56.654-0400: 70.922: [GC (GCLocker Initiated GC) [PSYoungGen: 149509K->52439K(146944K)] 602927K->527117K(671232K), 0.0073901 secs] [Times: user=0.08 sys=0.00, real=0.00 secs] 
2016-09-25T23:03:56.711-0400: 70.979: [GC (GCLocker Initiated GC) [PSYoungGen: 146647K->54099K(177664K)] 624163K->536428K(701952K), 0.0102010 secs] [Times: user=0.10 sys=0.00, real=0.01 secs] 
2016-09-25T23:03:56.773-0400: 71.041: [GC (GCLocker Initiated GC) [PSYoungGen: 150355K->44233K(175616K)] 635502K->552053K(699904K), 0.0176462 secs] [Times: user=0.17 sys=0.00, real=0.02 secs] 
2016-09-25T23:03:56.791-0400: 71.059: [Full GC (Ergonomics) [PSYoungGen: 44233K->0K(175616K)] [ParOldGen: 507820K->373279K(524288K)] 552053K->373279K(699904K), [Metaspace: 43792K->43792K(1087488K)], 0.0964697 secs] [Times: user=0.48 sys=0.04, real=0.10 secs] 
2016-09-25T23:03:56.951-0400: 71.219: [GC (GCLocker Initiated GC) [PSYoungGen: 96256K->77661K(171008K)] 480438K->461843K(695296K), 0.0075301 secs] [Times: user=0.07 sys=0.00, real=0.01 secs] 
2016-09-25T23:03:57.013-0400: 71.281: [GC (GCLocker Initiated GC) [PSYoungGen: 169821K->65893K(158208K)] 562277K->467982K(682496K), 0.0074975 secs] [Times: user=0.07 sys=0.00, real=0.01 secs] 
2016-09-25T23:03:57.071-0400: 71.339: [GC (GCLocker Initiated GC) [PSYoungGen: 158053K->66005K(175616K)] 561562K->501356K(699904K), 0.0101895 secs] [Times: user=0.14 sys=0.00, real=0.01 secs] 
2016-09-25T23:03:57.136-0400: 71.404: [GC (Allocation Failure) [PSYoungGen: 156117K->53997K(144384K)] 594215K->517160K(668672K), 0.0117685 secs] [Times: user=0.15 sys=0.01, real=0.01 secs] 
2016-09-25T23:03:57.183-0400: 71.451: [GC (GCLocker Initiated GC) [PSYoungGen: 143512K->64892K(174592K)] 610725K->535501K(698880K), 0.0169130 secs] [Times: user=0.19 sys=0.00, real=0.01 secs] 
2016-09-25T23:03:57.253-0400: 71.521: [GC (GCLocker Initiated GC) [PSYoungGen: 155516K->79522K(174592K)] 634946K->565426K(698880K), 0.0122760 secs] [Times: user=0.11 sys=0.00, real=0.02 secs] 
2016-09-25T23:03:57.265-0400: 71.533: [Full GC (Ergonomics) [PSYoungGen: 79522K->0K(174592K)] [ParOldGen: 485904K->377940K(524288K)] 565426K->377940K(698880K), [Metaspace: 43792K->43792K(1087488K)], 0.0614411 secs] [Times: user=0.43 sys=0.00, real=0.06 secs] 
2016-09-25T23:03:57.390-0400: 71.658: [GC (GCLocker Initiated GC) [PSYoungGen: 90624K->56792K(175104K)] 471474K->437643K(699392K), 0.0130592 secs] [Times: user=0.13 sys=0.01, real=0.02 secs] 
2016-09-25T23:03:57.444-0400: 71.712: [GC (GCLocker Initiated GC) [PSYoungGen: 144856K->47138K(135680K)] 525828K->445276K(659968K), 0.0067212 secs] [Times: user=0.04 sys=0.00, real=0.00 secs] 
2016-09-25T23:03:57.496-0400: 71.764: [GC (GCLocker Initiated GC) [PSYoungGen: 135202K->50153K(175616K)] 538747K->480370K(699904K), 0.0100093 secs] [Times: user=0.10 sys=0.00, real=0.01 secs] 
2016-09-25T23:03:57.561-0400: 71.829: [GC (GCLocker Initiated GC) [PSYoungGen: 139241K->37775K(174592K)] 573556K->488073K(698880K), 0.0088805 secs] [Times: user=0.06 sys=0.00, real=0.01 secs] 
2016-09-25T23:03:57.607-0400: 71.875: [GC (GCLocker Initiated GC) [PSYoungGen: 126863K->64662K(175616K)] 577289K->532317K(699904K), 0.0080419 secs] [Times: user=0.06 sys=0.00, real=0.01 secs] 
2016-09-25T23:03:57.668-0400: 71.936: [GC (GCLocker Initiated GC) [PSYoungGen: 153750K->49992K(139264K)] 626956K->547000K(663552K), 0.0091867 secs] [Times: user=0.08 sys=0.00, real=0.01 secs] 
2016-09-25T23:03:57.678-0400: 71.946: [Full GC (Ergonomics) [PSYoungGen: 49992K->0K(139264K)] [ParOldGen: 497007K->368524K(524288K)] 547000K->368524K(663552K), [Metaspace: 43793K->43793K(1087488K)], 0.0735387 secs] [Times: user=0.49 sys=0.00, real=0.07 secs] 
2016-09-25T23:03:57.800-0400: 72.068: [GC (GCLocker Initiated GC) [PSYoungGen: 89088K->81571K(171008K)] 461845K->454337K(695296K), 0.0153829 secs] [Times: user=0.20 sys=0.00, real=0.02 secs] 
2016-09-25T23:03:57.871-0400: 72.139: [GC (GCLocker Initiated GC) [PSYoungGen: 168099K->56323K(173568K)] 543675K->452245K(697856K), 0.0108031 secs] [Times: user=0.09 sys=0.00, real=0.02 secs] 
2016-09-25T23:03:57.933-0400: 72.201: [GC (GCLocker Initiated GC) [PSYoungGen: 142851K->34751K(175104K)] 542883K->447581K(699392K), 0.0142898 secs] [Times: user=0.17 sys=0.00, real=0.02 secs] 
2016-09-25T23:03:57.990-0400: 72.258: [GC (GCLocker Initiated GC) [PSYoungGen: 122815K->86468K(175104K)] 543975K->528695K(699392K), 0.0134920 secs] [Times: user=0.12 sys=0.00, real=0.02 secs] 
2016-09-25T23:03:58.067-0400: 72.335: [GC (GCLocker Initiated GC) [PSYoungGen: 174532K->63288K(175104K)] 624892K->528093K(699392K), 0.0093370 secs] [Times: user=0.12 sys=0.01, real=0.01 secs] 
2016-09-25T23:03:58.114-0400: 72.382: [GC (GCLocker Initiated GC) [PSYoungGen: 151352K->74078K(175104K)] 616263K->561325K(699392K), 0.0138101 secs] [Times: user=0.16 sys=0.00, real=0.02 secs] 
2016-09-25T23:03:58.173-0400: 72.441: [Full GC (Ergonomics) [PSYoungGen: 162142K->0K(175104K)] [ParOldGen: 492691K->382715K(524288K)] 654834K->382715K(699392K), [Metaspace: 43801K->43801K(1087488K)], 0.0708653 secs] [Times: user=0.52 sys=0.02, real=0.08 secs] 
2016-09-25T23:03:58.299-0400: 72.567: [GC (GCLocker Initiated GC) [PSYoungGen: 88064K->46243K(175104K)] 485822K->444001K(699392K), 0.0096472 secs] [Times: user=0.07 sys=0.00, real=0.01 secs] 
2016-09-25T23:03:58.352-0400: 72.620: [GC (GCLocker Initiated GC) [PSYoungGen: 134307K->64265K(175104K)] 532153K->471592K(699392K), 0.0078273 secs] [Times: user=0.08 sys=0.00, real=0.01 secs] 
2016-09-25T23:03:58.415-0400: 72.683: [GC (GCLocker Initiated GC) [PSYoungGen: 152329K->55086K(175104K)] 570531K->495420K(699392K), 0.0123060 secs] [Times: user=0.15 sys=0.00, real=0.01 secs] 
2016-09-25T23:03:58.477-0400: 72.745: [GC (GCLocker Initiated GC) [PSYoungGen: 143150K->53962K(175104K)] 588960K->523463K(699392K), 0.0091054 secs] [Times: user=0.10 sys=0.00, real=0.01 secs] 
2016-09-25T23:03:58.534-0400: 72.802: [GC (GCLocker Initiated GC) [PSYoungGen: 142026K->72822K(175104K)] 611967K->561117K(699392K), 0.0085336 secs] [Times: user=0.10 sys=0.00, real=0.02 secs] 
2016-09-25T23:03:58.543-0400: 72.811: [Full GC (Ergonomics) [PSYoungGen: 72822K->0K(175104K)] [ParOldGen: 488294K->378242K(524288K)] 561117K->378242K(699392K), [Metaspace: 43804K->43804K(1087488K)], 0.0604641 secs] [Times: user=0.48 sys=0.00, real=0.06 secs] 
2016-09-25T23:03:58.648-0400: 72.916: [GC (GCLocker Initiated GC) [PSYoungGen: 88064K->60839K(175104K)] 466421K->439196K(699392K), 0.0131955 secs] [Times: user=0.15 sys=0.00, real=0.01 secs] 
2016-09-25T23:03:58.701-0400: 72.969: [GC (GCLocker Initiated GC) [PSYoungGen: 148903K->60759K(173056K)] 527371K->463244K(697344K), 0.0112755 secs] [Times: user=0.11 sys=0.01, real=0.01 secs] 
2016-09-25T23:03:58.756-0400: 73.024: [GC (GCLocker Initiated GC) [PSYoungGen: 148823K->71464K(174080K)] 551449K->507419K(698368K), 0.0141382 secs] [Times: user=0.20 sys=0.00, real=0.01 secs] 
2016-09-25T23:03:58.833-0400: 73.101: [GC (GCLocker Initiated GC) [PSYoungGen: 159528K->41701K(175104K)] 595601K->508267K(699392K), 0.0070704 secs] [Times: user=0.09 sys=0.00, real=0.01 secs] 
2016-09-25T23:03:58.880-0400: 73.148: [GC (GCLocker Initiated GC) [PSYoungGen: 129765K->78515K(175104K)] 603156K->556723K(699392K), 0.0100728 secs] [Times: user=0.10 sys=0.00, real=0.01 secs] 
2016-09-25T23:03:58.944-0400: 73.212: [Full GC (Ergonomics) [PSYoungGen: 166579K->0K(175104K)] [ParOldGen: 491939K->392752K(524288K)] 658518K->392752K(699392K), [Metaspace: 43804K->43804K(1087488K)], 0.0681572 secs] [Times: user=0.46 sys=0.01, real=0.06 secs] 
2016-09-25T23:03:59.077-0400: 73.345: [GC (GCLocker Initiated GC) [PSYoungGen: 88064K->63553K(175104K)] 483829K->459318K(699392K), 0.0097367 secs] [Times: user=0.12 sys=0.00, real=0.01 secs] 
2016-09-25T23:03:59.119-0400: 73.387: [GC (GCLocker Initiated GC) [PSYoungGen: 151617K->76470K(175104K)] 547558K->484230K(699392K), 0.0102909 secs] [Times: user=0.12 sys=0.01, real=0.01 secs] 
2016-09-25T23:03:59.188-0400: 73.456: [GC (GCLocker Initiated GC) [PSYoungGen: 164534K->56673K(175104K)] 577817K->489314K(699392K), 0.0073768 secs] [Times: user=0.09 sys=0.00, real=0.01 secs] 
2016-09-25T23:03:59.246-0400: 73.514: [GC (GCLocker Initiated GC) [PSYoungGen: 144737K->49564K(175104K)] 577504K->516943K(699392K), 0.0079912 secs] [Times: user=0.07 sys=0.00, real=0.01 secs] 
2016-09-25T23:03:59.300-0400: 73.568: [GC (GCLocker Initiated GC) [PSYoungGen: 137628K->62040K(175104K)] 610660K->555891K(699392K), 0.0109470 secs] [Times: user=0.12 sys=0.01, real=0.01 secs] 
2016-09-25T23:03:59.311-0400: 73.579: [Full GC (Ergonomics) [PSYoungGen: 62040K->0K(175104K)] [ParOldGen: 493851K->389110K(524288K)] 555891K->389110K(699392K), [Metaspace: 43804K->43804K(1087488K)], 0.0685007 secs] [Times: user=0.31 sys=0.00, real=0.07 secs] 
2016-09-25T23:03:59.446-0400: 73.714: [GC (GCLocker Initiated GC) [PSYoungGen: 88064K->64856K(153088K)] 485515K->462307K(677376K), 0.0099586 secs] [Times: user=0.10 sys=0.01, real=0.01 secs] 
2016-09-25T23:03:59.497-0400: 73.765: [GC (GCLocker Initiated GC) [PSYoungGen: 152920K->61096K(177152K)] 555983K->464159K(701440K), 0.0107444 secs] [Times: user=0.10 sys=0.03, real=0.01 secs] 
2016-09-25T23:03:59.564-0400: 73.832: [GC (GCLocker Initiated GC) [PSYoungGen: 151720K->83798K(174592K)] 564324K->501363K(698880K), 0.0093437 secs] [Times: user=0.13 sys=0.01, real=0.00 secs] 
2016-09-25T23:03:59.620-0400: 73.888: [GC (GCLocker Initiated GC) [PSYoungGen: 174422K->60387K(175104K)] 596157K->519526K(699392K), 0.0090403 secs] [Times: user=0.13 sys=0.00, real=0.01 secs] 
2016-09-25T23:03:59.666-0400: 73.934: [GC (GCLocker Initiated GC) [PSYoungGen: 148451K->79563K(175104K)] 617228K->555585K(699392K), 0.0112441 secs] [Times: user=0.15 sys=0.00, real=0.01 secs] 
2016-09-25T23:03:59.721-0400: 73.989: [Full GC (Ergonomics) [PSYoungGen: 167627K->0K(175104K)] [ParOldGen: 478854K->388561K(524288K)] 646481K->388561K(699392K), [Metaspace: 43804K->43804K(1087488K)], 0.0735595 secs] [Times: user=0.53 sys=0.01, real=0.08 secs] 
2016-09-25T23:03:59.834-0400: 74.102: [GC (GCLocker Initiated GC) [PSYoungGen: 88064K->55171K(175104K)] 476776K->443884K(699392K), 0.0063273 secs] [Times: user=0.04 sys=0.01, real=0.00 secs] 
2016-09-25T23:03:59.884-0400: 74.152: [GC (GCLocker Initiated GC) [PSYoungGen: 143235K->42838K(175104K)] 543402K->461438K(699392K), 0.0135229 secs] [Times: user=0.13 sys=0.00, real=0.01 secs] 
2016-09-25T23:03:59.930-0400: 74.198: [GC (GCLocker Initiated GC) [PSYoungGen: 130902K->45491K(175104K)] 555019K->475745K(699392K), 0.0057110 secs] [Times: user=0.05 sys=0.01, real=0.01 secs] 
2016-09-25T23:03:59.978-0400: 74.246: [GC (GCLocker Initiated GC) [PSYoungGen: 133555K->40128K(175104K)] 563919K->489797K(699392K), 0.0063916 secs] [Times: user=0.07 sys=0.00, real=0.01 secs] 
2016-09-25T23:04:00.028-0400: 74.297: [GC (GCLocker Initiated GC) [PSYoungGen: 128192K->60741K(175104K)] 578243K->516874K(699392K), 0.0113045 secs] [Times: user=0.13 sys=0.00, real=0.01 secs] 
2016-09-25T23:04:00.112-0400: 74.380: [GC (GCLocker Initiated GC) [PSYoungGen: 148805K->57582K(145920K)] 613121K->539005K(670208K), 0.0105997 secs] [Times: user=0.12 sys=0.00, real=0.02 secs] 
2016-09-25T23:04:00.160-0400: 74.428: [GC (GCLocker Initiated GC) [PSYoungGen: 145646K->64543K(175104K)] 627268K->560066K(699392K), 0.0186003 secs] [Times: user=0.23 sys=0.00, real=0.02 secs] 
2016-09-25T23:04:00.179-0400: 74.447: [Full GC (Ergonomics) [PSYoungGen: 64543K->0K(175104K)] [ParOldGen: 495523K->393724K(524288K)] 560066K->393724K(699392K), [Metaspace: 43804K->43804K(1087488K)], 0.0648584 secs] [Times: user=0.52 sys=0.00, real=0.07 secs] 
2016-09-25T23:04:00.305-0400: 74.573: [GC (GCLocker Initiated GC) [PSYoungGen: 88576K->83786K(174592K)] 482486K->485797K(698880K), 0.0133533 secs] [Times: user=0.17 sys=0.00, real=0.01 secs] 
2016-09-25T23:04:00.365-0400: 74.633: [GC (GCLocker Initiated GC) [PSYoungGen: 172362K->49483K(175104K)] 578473K->468696K(699392K), 0.0122500 secs] [Times: user=0.10 sys=0.00, real=0.01 secs] 
2016-09-25T23:04:00.418-0400: 74.686: [GC (GCLocker Initiated GC) [PSYoungGen: 137547K->67342K(175104K)] 563568K->507446K(699392K), 0.0087856 secs] [Times: user=0.13 sys=0.01, real=0.01 secs] 
2016-09-25T23:04:00.482-0400: 74.752: [GC (GCLocker Initiated GC) [PSYoungGen: 155406K->59251K(175104K)] 603859K->536741K(699392K), 0.0151104 secs] [Times: user=0.20 sys=0.01, real=0.02 secs] 
2016-09-25T23:04:00.563-0400: 74.831: [GC (GCLocker Initiated GC) [PSYoungGen: 147315K->63155K(151552K)] 634323K->561716K(675840K), 0.0140942 secs] [Times: user=0.20 sys=0.01, real=0.01 secs] 
2016-09-25T23:04:00.577-0400: 74.845: [Full GC (Ergonomics) [PSYoungGen: 63155K->0K(151552K)] [ParOldGen: 498560K->387444K(524288K)] 561716K->387444K(675840K), [Metaspace: 43804K->43804K(1087488K)], 0.2894623 secs] [Times: user=4.56 sys=0.01, real=0.29 secs] 
2016-09-25T23:04:00.942-0400: 75.210: [GC (GCLocker Initiated GC) [PSYoungGen: 88064K->70369K(174080K)] 479761K->462066K(698368K), 0.0197955 secs] [Times: user=0.26 sys=0.01, real=0.02 secs] 
2016-09-25T23:04:01.010-0400: 75.278: [GC (GCLocker Initiated GC) [PSYoungGen: 157921K->42783K(174592K)] 559108K->465315K(698880K), 0.0100056 secs] [Times: user=0.09 sys=0.00, real=0.01 secs] 
2016-09-25T23:04:01.051-0400: 75.319: [GC (GCLocker Initiated GC) [PSYoungGen: 130335K->86160K(175104K)] 552893K->526821K(699392K), 0.0106197 secs] [Times: user=0.16 sys=0.01, real=0.01 secs] 
2016-09-25T23:04:01.128-0400: 75.396: [GC (GCLocker Initiated GC) [PSYoungGen: 174224K->79380K(175104K)] 623439K->541326K(699392K), 0.0143164 secs] [Times: user=0.17 sys=0.00, real=0.02 secs] 
2016-09-25T23:04:01.206-0400: 75.474: [GC (GCLocker Initiated GC) [PSYoungGen: 167444K->34362K(175104K)] 634842K->513084K(699392K), 0.0173649 secs] [Times: user=0.14 sys=0.01, real=0.02 secs] 
2016-09-25T23:04:01.259-0400: 75.527: [GC (GCLocker Initiated GC) [PSYoungGen: 122426K->70090K(175104K)] 609355K->572338K(699392K), 0.0088959 secs] [Times: user=0.08 sys=0.00, real=0.01 secs] 
2016-09-25T23:04:01.268-0400: 75.536: [Full GC (Ergonomics) [PSYoungGen: 70090K->0K(175104K)] [ParOldGen: 502247K->395136K(524288K)] 572338K->395136K(699392K), [Metaspace: 43804K->43804K(1087488K)], 0.1305475 secs] [Times: user=0.45 sys=0.08, real=0.13 secs] 
2016-09-25T23:04:01.435-0400: 75.703: [GC (GCLocker Initiated GC) [PSYoungGen: 88064K->82128K(175104K)] 483268K->477333K(699392K), 0.0097239 secs] [Times: user=0.12 sys=0.00, real=0.01 secs] 
2016-09-25T23:04:01.481-0400: 75.749: [GC (GCLocker Initiated GC) [PSYoungGen: 170192K->61860K(175104K)] 569600K->484973K(699392K), 0.0078233 secs] [Times: user=0.09 sys=0.01, real=0.01 secs] 
2016-09-25T23:04:01.533-0400: 75.801: [GC (GCLocker Initiated GC) [PSYoungGen: 149924K->29191K(175104K)] 578545K->492244K(699392K), 0.0081666 secs] [Times: user=0.07 sys=0.00, real=0.01 secs] 
2016-09-25T23:04:01.576-0400: 75.844: [GC (GCLocker Initiated GC) [PSYoungGen: 117255K->63159K(175104K)] 585413K->549472K(699392K), 0.0129422 secs] [Times: user=0.10 sys=0.00, real=0.01 secs] 
2016-09-25T23:04:01.634-0400: 75.902: [Full GC (Ergonomics) [PSYoungGen: 151223K->0K(175104K)] [ParOldGen: 489169K->385773K(524288K)] 640393K->385773K(699392K), [Metaspace: 43804K->43804K(1087488K)], 0.1060561 secs] [Times: user=0.80 sys=0.00, real=0.10 secs] 
2016-09-25T23:04:01.784-0400: 76.052: [GC (GCLocker Initiated GC) [PSYoungGen: 88064K->57784K(175104K)] 477959K->447680K(699392K), 0.0066010 secs] [Times: user=0.05 sys=0.01, real=0.00 secs] 
2016-09-25T23:04:01.836-0400: 76.104: [GC (GCLocker Initiated GC) [PSYoungGen: 145848K->68685K(175104K)] 546661K->471532K(699392K), 0.0067925 secs] [Times: user=0.06 sys=0.01, real=0.01 secs] 
2016-09-25T23:04:01.888-0400: 76.156: [GC (GCLocker Initiated GC) [PSYoungGen: 156749K->43858K(175104K)] 563714K->474456K(699392K), 0.0166746 secs] [Times: user=0.17 sys=0.00, real=0.02 secs] 
2016-09-25T23:04:01.938-0400: 76.206: [GC (GCLocker Initiated GC) [PSYoungGen: 131922K->65716K(175104K)] 562711K->530687K(699392K), 0.0119059 secs] [Times: user=0.14 sys=0.01, real=0.01 secs] 
2016-09-25T23:04:02.000-0400: 76.268: [GC (GCLocker Initiated GC) [PSYoungGen: 153780K->38689K(175104K)] 629921K->540878K(699392K), 0.0103780 secs] [Times: user=0.11 sys=0.00, real=0.01 secs] 
2016-09-25T23:04:02.011-0400: 76.279: [Full GC (Ergonomics) [PSYoungGen: 38689K->0K(175104K)] [ParOldGen: 502189K->383165K(524288K)] 540878K->383165K(699392K), [Metaspace: 43804K->43804K(1087488K)], 0.0574308 secs] [Times: user=0.50 sys=0.00, real=0.06 secs] 
2016-09-25T23:04:02.113-0400: 76.381: [GC (GCLocker Initiated GC) [PSYoungGen: 88064K->85959K(175104K)] 471299K->474595K(699392K), 0.0150393 secs] [Times: user=0.21 sys=0.00, real=0.02 secs] 
2016-09-25T23:04:02.167-0400: 76.435: [GC (GCLocker Initiated GC) [PSYoungGen: 174023K->74074K(175104K)] 576374K->495710K(699392K), 0.0108225 secs] [Times: user=0.17 sys=0.00, real=0.01 secs] 
2016-09-25T23:04:02.230-0400: 76.498: [GC (GCLocker Initiated GC) [PSYoungGen: 162138K->53521K(175104K)] 590622K->497490K(699392K), 0.0091690 secs] [Times: user=0.07 sys=0.00, real=0.01 secs] 
2016-09-25T23:04:02.277-0400: 76.545: [GC (GCLocker Initiated GC) [PSYoungGen: 141585K->72436K(175104K)] 588409K->527780K(699392K), 0.0107949 secs] [Times: user=0.15 sys=0.01, real=0.01 secs] 
2016-09-25T23:04:02.333-0400: 76.601: [GC (GCLocker Initiated GC) [PSYoungGen: 160500K->86051K(175104K)] 617802K->549104K(699392K), 0.0087150 secs] [Times: user=0.10 sys=0.00, real=0.01 secs] 
2016-09-25T23:04:02.378-0400: 76.646: [GC (GCLocker Initiated GC) [PSYoungGen: 174115K->64295K(175104K)] 637230K->561725K(699392K), 0.0091135 secs] [Times: user=0.14 sys=0.00, real=0.01 secs] 
2016-09-25T23:04:02.387-0400: 76.655: [Full GC (Ergonomics) [PSYoungGen: 64295K->0K(175104K)] [ParOldGen: 497430K->391202K(524288K)] 561725K->391202K(699392K), [Metaspace: 43804K->43804K(1087488K)], 0.0580766 secs] [Times: user=0.53 sys=0.01, real=0.06 secs] 
2016-09-25T23:04:02.489-0400: 76.757: [GC (GCLocker Initiated GC) [PSYoungGen: 88064K->74310K(175104K)] 498378K->484625K(699392K), 0.0093316 secs] [Times: user=0.14 sys=0.01, real=0.01 secs] 
2016-09-25T23:04:02.545-0400: 76.813: [GC (GCLocker Initiated GC) [PSYoungGen: 162374K->76505K(175104K)] 578155K->497241K(699392K), 0.0104359 secs] [Times: user=0.13 sys=0.01, real=0.01 secs] 
2016-09-25T23:04:02.593-0400: 76.861: [GC (GCLocker Initiated GC) [PSYoungGen: 164569K->57593K(175104K)] 586802K->508603K(699392K), 0.0134745 secs] [Times: user=0.19 sys=0.01, real=0.02 secs] 
2016-09-25T23:04:02.650-0400: 76.918: [GC (GCLocker Initiated GC) [PSYoungGen: 145657K->64309K(175104K)] 601204K->554014K(699392K), 0.0113470 secs] [Times: user=0.12 sys=0.00, real=0.01 secs] 
2016-09-25T23:04:02.661-0400: 76.929: [Full GC (Ergonomics) [PSYoungGen: 64309K->0K(175104K)] [ParOldGen: 489704K->393693K(524288K)] 554014K->393693K(699392K), [Metaspace: 43804K->43804K(1087488K)], 0.0624664 secs] [Times: user=0.48 sys=0.00, real=0.07 secs] 
2016-09-25T23:04:02.774-0400: 77.042: [GC (GCLocker Initiated GC) [PSYoungGen: 88064K->68482K(175104K)] 484513K->464931K(699392K), 0.0073085 secs] [Times: user=0.10 sys=0.00, real=0.00 secs] 
2016-09-25T23:04:02.816-0400: 77.084: [GC (GCLocker Initiated GC) [PSYoungGen: 156546K->75354K(175104K)] 557196K->507627K(699392K), 0.0125376 secs] [Times: user=0.19 sys=0.00, real=0.01 secs] 
2016-09-25T23:04:02.879-0400: 77.147: [GC (GCLocker Initiated GC) [PSYoungGen: 163418K->46781K(175104K)] 603902K->537795K(699392K), 0.0114813 secs] [Times: user=0.19 sys=0.00, real=0.01 secs] 
2016-09-25T23:04:02.891-0400: 77.159: [Full GC (Ergonomics) [PSYoungGen: 46781K->0K(175104K)] [ParOldGen: 491013K->392595K(524288K)] 537795K->392595K(699392K), [Metaspace: 43804K->43804K(1087488K)], 0.0722064 secs] [Times: user=0.57 sys=0.00, real=0.08 secs] 
2016-09-25T23:04:03.000-0400: 77.268: [GC (GCLocker Initiated GC) [PSYoungGen: 88064K->86221K(175104K)] 480722K->478880K(699392K), 0.0111192 secs] [Times: user=0.17 sys=0.00, real=0.01 secs] 
2016-09-25T23:04:03.064-0400: 77.332: [GC (GCLocker Initiated GC) [PSYoungGen: 174285K->57386K(175104K)] 577967K->480664K(699392K), 0.0074240 secs] [Times: user=0.05 sys=0.00, real=0.00 secs] 
2016-09-25T23:04:03.116-0400: 77.384: [GC (GCLocker Initiated GC) [PSYoungGen: 145450K->83594K(175104K)] 571543K->519588K(699392K), 0.0115957 secs] [Times: user=0.16 sys=0.00, real=0.01 secs] 
2016-09-25T23:04:03.170-0400: 77.438: [GC (GCLocker Initiated GC) [PSYoungGen: 171658K->57657K(175104K)] 614557K->552622K(699392K), 0.0128883 secs] [Times: user=0.16 sys=0.00, real=0.02 secs] 
2016-09-25T23:04:03.184-0400: 77.452: [Full GC (Ergonomics) [PSYoungGen: 57657K->0K(175104K)] [ParOldGen: 494965K->399205K(524288K)] 552622K->399205K(699392K), [Metaspace: 43806K->43806K(1087488K)], 0.0547051 secs] [Times: user=0.52 sys=0.00, real=0.05 secs] 
2016-09-25T23:04:03.293-0400: 77.561: [GC (GCLocker Initiated GC) [PSYoungGen: 88064K->79780K(175104K)] 502248K->493964K(699392K), 0.0078645 secs] [Times: user=0.11 sys=0.01, real=0.01 secs] 
2016-09-25T23:04:03.347-0400: 77.615: [GC (GCLocker Initiated GC) [PSYoungGen: 167844K->61623K(175104K)] 583546K->489078K(699392K), 0.0099653 secs] [Times: user=0.11 sys=0.00, real=0.01 secs] 
2016-09-25T23:04:03.404-0400: 77.672: [GC (GCLocker Initiated GC) [PSYoungGen: 149687K->38620K(175104K)] 581275K->494906K(699392K), 0.0080372 secs] [Times: user=0.08 sys=0.00, real=0.00 secs] 
2016-09-25T23:04:03.452-0400: 77.720: [GC (GCLocker Initiated GC) [PSYoungGen: 126684K->79646K(175104K)] 583012K->551250K(699392K), 0.0098553 secs] [Times: user=0.12 sys=0.01, real=0.02 secs] 
2016-09-25T23:04:03.462-0400: 77.730: [Full GC (Ergonomics) [PSYoungGen: 79646K->0K(175104K)] [ParOldGen: 471603K->397746K(524288K)] 551250K->397746K(699392K), [Metaspace: 43806K->43806K(1087488K)], 0.0649203 secs] [Times: user=0.46 sys=0.01, real=0.06 secs] 
2016-09-25T23:04:03.575-0400: 77.843: [GC (GCLocker Initiated GC) [PSYoungGen: 88064K->72914K(175104K)] 492794K->477645K(699392K), 0.0252725 secs] [Times: user=0.32 sys=0.01, real=0.02 secs] 
2016-09-25T23:04:03.634-0400: 77.902: [GC (GCLocker Initiated GC) [PSYoungGen: 160978K->78203K(175104K)] 567247K->501463K(699392K), 0.0091232 secs] [Times: user=0.09 sys=0.01, real=0.02 secs] 
2016-09-25T23:04:03.685-0400: 77.953: [GC (GCLocker Initiated GC) [PSYoungGen: 166267K->57507K(175104K)] 591024K->519525K(699392K), 0.0123185 secs] [Times: user=0.18 sys=0.01, real=0.01 secs] 
2016-09-25T23:04:03.733-0400: 78.001: [GC (GCLocker Initiated GC) [PSYoungGen: 145571K->66091K(175104K)] 607687K->547525K(699392K), 0.0101966 secs] [Times: user=0.09 sys=0.00, real=0.02 secs] 
2016-09-25T23:04:03.743-0400: 78.011: [Full GC (Ergonomics) [PSYoungGen: 66091K->0K(175104K)] [ParOldGen: 481434K->396088K(524288K)] 547525K->396088K(699392K), [Metaspace: 43806K->43806K(1087488K)], 0.0599019 secs] [Times: user=0.56 sys=0.00, real=0.06 secs] 
2016-09-25T23:04:03.850-0400: 78.119: [GC (GCLocker Initiated GC) [PSYoungGen: 88064K->64722K(175104K)] 488322K->464980K(699392K), 0.0073989 secs] [Times: user=0.08 sys=0.00, real=0.01 secs] 
2016-09-25T23:04:03.913-0400: 78.181: [GC (GCLocker Initiated GC) [PSYoungGen: 152786K->48533K(175104K)] 557123K->486101K(699392K), 0.0095581 secs] [Times: user=0.14 sys=0.00, real=0.02 secs] 
2016-09-25T23:04:03.963-0400: 78.231: [GC (GCLocker Initiated GC) [PSYoungGen: 136597K->79258K(175104K)] 577088K->532705K(699392K), 0.0114077 secs] [Times: user=0.17 sys=0.00, real=0.00 secs] 
2016-09-25T23:04:04.020-0400: 78.288: [GC (GCLocker Initiated GC) [PSYoungGen: 167322K->68781K(175104K)] 623733K->556749K(699392K), 0.0123309 secs] [Times: user=0.21 sys=0.00, real=0.01 secs] 
2016-09-25T23:04:04.033-0400: 78.301: [Full GC (Ergonomics) [PSYoungGen: 68781K->0K(175104K)] [ParOldGen: 487968K->402697K(524288K)] 556749K->402697K(699392K), [Metaspace: 43806K->43806K(1087488K)], 0.0651369 secs] [Times: user=0.62 sys=0.01, real=0.07 secs] 
2016-09-25T23:04:04.134-0400: 78.402: [GC (GCLocker Initiated GC) [PSYoungGen: 88064K->86369K(175104K)] 499056K->502761K(699392K), 0.0096382 secs] [Times: user=0.13 sys=0.01, real=0.02 secs] 
2016-09-25T23:04:04.186-0400: 78.454: [GC (GCLocker Initiated GC) [PSYoungGen: 174433K->76962K(175104K)] 596453K->511934K(699392K), 0.0103834 secs] [Times: user=0.16 sys=0.00, real=0.01 secs] 
2016-09-25T23:04:04.238-0400: 78.506: [GC (GCLocker Initiated GC) [PSYoungGen: 165026K->67032K(175104K)] 600131K->528569K(699392K), 0.0115806 secs] [Times: user=0.14 sys=0.00, real=0.01 secs] 
2016-09-25T23:04:04.294-0400: 78.562: [GC (GCLocker Initiated GC) [PSYoungGen: 155096K->52273K(175104K)] 619500K->550926K(699392K), 0.0084749 secs] [Times: user=0.12 sys=0.00, real=0.02 secs] 
2016-09-25T23:04:04.304-0400: 78.572: [Full GC (Ergonomics) [PSYoungGen: 52273K->0K(175104K)] [ParOldGen: 498653K->398468K(524288K)] 550926K->398468K(699392K), [Metaspace: 43806K->43806K(1087488K)], 0.0674025 secs] [Times: user=0.61 sys=0.00, real=0.06 secs] 
2016-09-25T23:04:04.417-0400: 78.685: [GC (GCLocker Initiated GC) [PSYoungGen: 88064K->71391K(175104K)] 494734K->478062K(699392K), 0.0093238 secs] [Times: user=0.12 sys=0.00, real=0.01 secs] 
2016-09-25T23:04:04.472-0400: 78.740: [GC (GCLocker Initiated GC) [PSYoungGen: 159455K->61965K(175104K)] 566154K->478904K(699392K), 0.0111181 secs] [Times: user=0.12 sys=0.01, real=0.02 secs] 
2016-09-25T23:04:04.528-0400: 78.796: [GC (GCLocker Initiated GC) [PSYoungGen: 150029K->59169K(175104K)] 576528K->498529K(699392K), 0.0077173 secs] [Times: user=0.11 sys=0.00, real=0.01 secs] 
2016-09-25T23:04:04.577-0400: 78.845: [GC (GCLocker Initiated GC) [PSYoungGen: 147233K->67001K(175104K)] 589410K->539566K(699392K), 0.0095223 secs] [Times: user=0.13 sys=0.00, real=0.01 secs] 
2016-09-25T23:04:04.619-0400: 78.887: [Full GC (Ergonomics) [PSYoungGen: 155065K->0K(175104K)] [ParOldGen: 475713K->401567K(524288K)] 630779K->401567K(699392K), [Metaspace: 43809K->43809K(1087488K)], 0.0703193 secs] [Times: user=0.40 sys=0.02, real=0.07 secs] 
2016-09-25T23:04:04.739-0400: 79.007: [GC (GCLocker Initiated GC) [PSYoungGen: 88064K->61998K(175104K)] 493738K->467672K(699392K), 0.0111327 secs] [Times: user=0.14 sys=0.00, real=0.01 secs] 
2016-09-25T23:04:04.797-0400: 79.065: [GC (GCLocker Initiated GC) [PSYoungGen: 150062K->60312K(175104K)] 558562K->487074K(699392K), 0.0074714 secs] [Times: user=0.09 sys=0.00, real=0.01 secs] 
2016-09-25T23:04:04.845-0400: 79.113: [GC (GCLocker Initiated GC) [PSYoungGen: 148376K->68720K(174080K)] 587410K->525828K(698368K), 0.0104838 secs] [Times: user=0.12 sys=0.00, real=0.01 secs] 
2016-09-25T23:04:04.895-0400: 79.163: [GC (GCLocker Initiated GC) [PSYoungGen: 156784K->81615K(174592K)] 619397K->544228K(698880K), 0.0089138 secs] [Times: user=0.12 sys=0.01, real=0.01 secs] 
2016-09-25T23:04:04.939-0400: 79.207: [GC (GCLocker Initiated GC) [PSYoungGen: 169679K->56221K(175104K)] 632438K->536636K(699392K), 0.0082909 secs] [Times: user=0.08 sys=0.00, real=0.01 secs] 
2016-09-25T23:04:04.999-0400: 79.267: [Full GC (Ergonomics) [PSYoungGen: 144285K->0K(175104K)] [ParOldGen: 483264K->404877K(524288K)] 627549K->404877K(699392K), [Metaspace: 43809K->43809K(1087488K)], 0.0788140 secs] [Times: user=0.70 sys=0.00, real=0.08 secs] 
2016-09-25T23:04:05.122-0400: 79.390: [GC (GCLocker Initiated GC) [PSYoungGen: 88064K->67648K(175104K)] 507967K->487552K(699392K), 0.0069015 secs] [Times: user=0.09 sys=0.00, real=0.00 secs] 
2016-09-25T23:04:05.164-0400: 79.432: [GC (GCLocker Initiated GC) [PSYoungGen: 155712K->63099K(174080K)] 581058K->516516K(698368K), 0.0112321 secs] [Times: user=0.15 sys=0.00, real=0.01 secs] 
2016-09-25T23:04:05.247-0400: 79.515: [GC (GCLocker Initiated GC) [PSYoungGen: 151163K->79841K(174592K)] 615436K->544113K(698880K), 0.0117499 secs] [Times: user=0.19 sys=0.00, real=0.01 secs] 
2016-09-25T23:04:05.319-0400: 79.587: [GC (GCLocker Initiated GC) [PSYoungGen: 167905K->53514K(175104K)] 647106K->539156K(699392K), 0.0064597 secs] [Times: user=0.08 sys=0.01, real=0.01 secs] 
2016-09-25T23:04:05.326-0400: 79.594: [Full GC (Ergonomics) [PSYoungGen: 53514K->0K(175104K)] [ParOldGen: 485641K->403562K(524288K)] 539156K->403562K(699392K), [Metaspace: 43809K->43809K(1087488K)], 0.0510420 secs] [Times: user=0.45 sys=0.00, real=0.05 secs] 
2016-09-25T23:04:05.450-0400: 79.718: [GC (GCLocker Initiated GC) [PSYoungGen: 88064K->63688K(175104K)] 499954K->475578K(699392K), 0.0186324 secs] [Times: user=0.09 sys=0.00, real=0.02 secs] 
2016-09-25T23:04:05.523-0400: 79.791: [GC (GCLocker Initiated GC) [PSYoungGen: 151752K->54971K(175104K)] 570615K->501918K(699392K), 0.0076668 secs] [Times: user=0.06 sys=0.01, real=0.00 secs] 
2016-09-25T23:04:05.580-0400: 79.848: [GC (GCLocker Initiated GC) [PSYoungGen: 143035K->56214K(144384K)] 594138K->524125K(668672K), 0.0126193 secs] [Times: user=0.13 sys=0.00, real=0.01 secs] 
2016-09-25T23:04:05.649-0400: 79.917: [GC (GCLocker Initiated GC) [PSYoungGen: 144278K->85353K(174080K)] 612338K->572313K(698368K), 0.0192423 secs] [Times: user=0.15 sys=0.01, real=0.02 secs] 
2016-09-25T23:04:05.668-0400: 79.936: [Full GC (Ergonomics) [PSYoungGen: 85353K->0K(174080K)] [ParOldGen: 486959K->407996K(524288K)] 572313K->407996K(698368K), [Metaspace: 43809K->43809K(1087488K)], 0.0630600 secs] [Times: user=0.55 sys=0.00, real=0.06 secs] 
2016-09-25T23:04:05.771-0400: 80.039: [GC (GCLocker Initiated GC) [PSYoungGen: 87552K->78231K(174592K)] 495656K->486336K(698880K), 0.0134321 secs] [Times: user=0.17 sys=0.00, real=0.02 secs] 
2016-09-25T23:04:05.849-0400: 80.117: [GC (GCLocker Initiated GC) [PSYoungGen: 165783K->75552K(175104K)] 573977K->515597K(699392K), 0.0146971 secs] [Times: user=0.22 sys=0.00, real=0.02 secs] 
2016-09-25T23:04:05.916-0400: 80.185: [GC (GCLocker Initiated GC) [PSYoungGen: 163616K->56822K(175104K)] 606434K->535554K(699392K), 0.0089952 secs] [Times: user=0.14 sys=0.00, real=0.01 secs] 
2016-09-25T23:04:05.926-0400: 80.194: [Full GC (Ergonomics) [PSYoungGen: 56822K->0K(175104K)] [ParOldGen: 478732K->406469K(524288K)] 535554K->406469K(699392K), [Metaspace: 43809K->43809K(1087488K)], 0.0470996 secs] [Times: user=0.41 sys=0.00, real=0.04 secs] 
2016-09-25T23:04:06.017-0400: 80.285: [GC (GCLocker Initiated GC) [PSYoungGen: 88064K->73295K(175104K)] 494697K->479928K(699392K), 0.0163192 secs] [Times: user=0.22 sys=0.00, real=0.02 secs] 
2016-09-25T23:04:06.103-0400: 80.371: [GC (GCLocker Initiated GC) [PSYoungGen: 161359K->59445K(175104K)] 576255K->486336K(699392K), 0.0146510 secs] [Times: user=0.16 sys=0.00, real=0.01 secs] 
2016-09-25T23:04:06.164-0400: 80.432: [GC (GCLocker Initiated GC) [PSYoungGen: 147509K->48592K(175104K)] 580439K->512272K(699392K), 0.0112029 secs] [Times: user=0.14 sys=0.00, real=0.01 secs] 
2016-09-25T23:04:06.219-0400: 80.487: [GC (GCLocker Initiated GC) [PSYoungGen: 136656K->58111K(175104K)] 609884K->559222K(699392K), 0.0114239 secs] [Times: user=0.16 sys=0.00, real=0.01 secs] 
2016-09-25T23:04:06.230-0400: 80.498: [Full GC (Ergonomics) [PSYoungGen: 58111K->0K(175104K)] [ParOldGen: 501110K->408560K(524288K)] 559222K->408560K(699392K), [Metaspace: 43809K->43809K(1087488K)], 0.0865632 secs] [Times: user=0.81 sys=0.01, real=0.09 secs] 
2016-09-25T23:04:06.368-0400: 80.636: [GC (GCLocker Initiated GC) [PSYoungGen: 88064K->58798K(175104K)] 506152K->476886K(699392K), 0.0071376 secs] [Times: user=0.08 sys=0.01, real=0.01 secs] 
2016-09-25T23:04:06.412-0400: 80.680: [GC (GCLocker Initiated GC) [PSYoungGen: 146862K->79748K(175104K)] 567744K->523860K(699392K), 0.0094468 secs] [Times: user=0.15 sys=0.01, real=0.01 secs] 
2016-09-25T23:04:06.496-0400: 80.764: [GC (GCLocker Initiated GC) [PSYoungGen: 167812K->60708K(175104K)] 615066K->539976K(699392K), 0.0195632 secs] [Times: user=0.17 sys=0.03, real=0.02 secs] 
2016-09-25T23:04:06.515-0400: 80.783: [Full GC (Ergonomics) [PSYoungGen: 60708K->0K(175104K)] [ParOldGen: 479267K->407737K(524288K)] 539976K->407737K(699392K), [Metaspace: 43809K->43809K(1087488K)], 0.0815552 secs] [Times: user=0.78 sys=0.09, real=0.08 secs] 
2016-09-25T23:04:06.646-0400: 80.914: [GC (GCLocker Initiated GC) [PSYoungGen: 88064K->84954K(175104K)] 509350K->517040K(699392K), 0.0142371 secs] [Times: user=0.14 sys=0.01, real=0.01 secs] 
2016-09-25T23:04:06.709-0400: 80.977: [GC (GCLocker Initiated GC) [PSYoungGen: 173018K->50221K(175104K)] 614681K->512735K(699392K), 0.0158170 secs] [Times: user=0.25 sys=0.00, real=0.02 secs] 
2016-09-25T23:04:06.780-0400: 81.048: [GC (GCLocker Initiated GC) [PSYoungGen: 138285K->50130K(175104K)] 603516K->550217K(699392K), 0.0077734 secs] [Times: user=0.11 sys=0.00, real=0.01 secs] 
2016-09-25T23:04:06.788-0400: 81.056: [Full GC (Ergonomics) [PSYoungGen: 50130K->0K(175104K)] [ParOldGen: 500086K->409858K(524288K)] 550217K->409858K(699392K), [Metaspace: 43841K->43841K(1087488K)], 0.0672048 secs] [Times: user=0.55 sys=0.01, real=0.07 secs] 
2016-09-25T23:04:06.894-0400: 81.162: [GC (GCLocker Initiated GC) [PSYoungGen: 88064K->84772K(175104K)] 502088K->501497K(699392K), 0.0085882 secs] [Times: user=0.13 sys=0.00, real=0.02 secs] 
2016-09-25T23:04:06.946-0400: 81.214: [GC (GCLocker Initiated GC) [PSYoungGen: 172836K->72107K(175104K)] 589755K->515328K(699392K), 0.0088439 secs] [Times: user=0.10 sys=0.01, real=0.01 secs] 
2016-09-25T23:04:06.988-0400: 81.256: [GC (GCLocker Initiated GC) [PSYoungGen: 160171K->77788K(175104K)] 603558K->545564K(699392K), 0.0096748 secs] [Times: user=0.13 sys=0.00, real=0.01 secs] 
2016-09-25T23:04:07.042-0400: 81.310: [GC (GCLocker Initiated GC) [PSYoungGen: 165852K->66116K(175104K)] 633707K->576211K(699392K), 0.0100879 secs] [Times: user=0.16 sys=0.00, real=0.00 secs] 
2016-09-25T23:04:07.053-0400: 81.321: [Full GC (Ergonomics) [PSYoungGen: 66116K->0K(175104K)] [ParOldGen: 510095K->415823K(524288K)] 576211K->415823K(699392K), [Metaspace: 43847K->43847K(1087488K)], 0.0527262 secs] [Times: user=0.51 sys=0.00, real=0.06 secs] 
2016-09-25T23:04:07.147-0400: 81.415: [GC (GCLocker Initiated GC) [PSYoungGen: 88064K->74403K(175104K)] 508023K->494363K(699392K), 0.0079792 secs] [Times: user=0.11 sys=0.02, real=0.01 secs] 
2016-09-25T23:04:07.191-0400: 81.459: [GC (GCLocker Initiated GC) [PSYoungGen: 162467K->68830K(175104K)] 582480K->504692K(699392K), 0.0079704 secs] [Times: user=0.08 sys=0.00, real=0.01 secs] 
2016-09-25T23:04:07.251-0400: 81.519: [GC (GCLocker Initiated GC) [PSYoungGen: 156894K->40584K(175104K)] 595544K->511270K(699392K), 0.0078408 secs] [Times: user=0.10 sys=0.01, real=0.01 secs] 
2016-09-25T23:04:07.259-0400: 81.527: [Full GC (Ergonomics) [PSYoungGen: 40584K->0K(175104K)] [ParOldGen: 470686K->414218K(524288K)] 511270K->414218K(699392K), [Metaspace: 43860K->43860K(1087488K)], 0.2095757 secs] [Times: user=3.04 sys=0.01, real=0.21 secs] 
2016-09-25T23:04:07.502-0400: 81.770: [GC (GCLocker Initiated GC) [PSYoungGen: 88064K->80562K(175104K)] 502404K->494903K(699392K), 0.0096181 secs] [Times: user=0.13 sys=0.00, real=0.01 secs] 
2016-09-25T23:04:07.557-0400: 81.825: [GC (GCLocker Initiated GC) [PSYoungGen: 168626K->43789K(175104K)] 585863K->484552K(699392K), 0.0102450 secs] [Times: user=0.09 sys=0.00, real=0.01 secs] 
2016-09-25T23:04:07.610-0400: 81.878: [GC (GCLocker Initiated GC) [PSYoungGen: 131853K->66840K(175104K)] 575448K->529524K(699392K), 0.0090549 secs] [Times: user=0.14 sys=0.01, real=0.01 secs] 
2016-09-25T23:04:07.660-0400: 81.928: [GC (GCLocker Initiated GC) [PSYoungGen: 154904K->82796K(175104K)] 623167K->575569K(699392K), 0.0102593 secs] [Times: user=0.15 sys=0.00, real=0.01 secs] 
2016-09-25T23:04:07.671-0400: 81.939: [Full GC (Ergonomics) [PSYoungGen: 82796K->0K(175104K)] [ParOldGen: 492773K->431293K(524288K)] 575569K->431293K(699392K), [Metaspace: 43868K->43868K(1087488K)], 0.0510433 secs] [Times: user=0.49 sys=0.00, real=0.05 secs] 
2016-09-25T23:04:07.768-0400: 82.036: [GC (GCLocker Initiated GC) [PSYoungGen: 88064K->65696K(175104K)] 519478K->497110K(699392K), 0.0079442 secs] [Times: user=0.10 sys=0.00, real=0.01 secs] 
2016-09-25T23:04:07.812-0400: 82.080: [GC (GCLocker Initiated GC) [PSYoungGen: 153760K->72524K(175104K)] 588039K->522062K(699392K), 0.0084986 secs] [Times: user=0.12 sys=0.01, real=0.01 secs] 
2016-09-25T23:04:07.864-0400: 82.132: [GC (GCLocker Initiated GC) [PSYoungGen: 160588K->76085K(175104K)] 610254K->550556K(699392K), 0.0105848 secs] [Times: user=0.17 sys=0.00, real=0.01 secs] 
2016-09-25T23:04:07.912-0400: 82.180: [Full GC (Ergonomics) [PSYoungGen: 164149K->0K(175104K)] [ParOldGen: 478587K->429662K(524288K)] 642737K->429662K(699392K), [Metaspace: 43872K->43872K(1087488K)], 0.0566604 secs] [Times: user=0.56 sys=0.00, real=0.06 secs] 
2016-09-25T23:04:08.023-0400: 82.291: [GC (GCLocker Initiated GC) [PSYoungGen: 88064K->74484K(175104K)] 520481K->506902K(699392K), 0.0074197 secs] [Times: user=0.10 sys=0.00, real=0.00 secs] 
2016-09-25T23:04:08.068-0400: 82.336: [GC (GCLocker Initiated GC) [PSYoungGen: 162548K->83447K(175104K)] 597749K->538330K(699392K), 0.0095570 secs] [Times: user=0.16 sys=0.00, real=0.01 secs] 
2016-09-25T23:04:08.118-0400: 82.386: [GC (GCLocker Initiated GC) [PSYoungGen: 171511K->57335K(175104K)] 632018K->533314K(699392K), 0.0119590 secs] [Times: user=0.15 sys=0.01, real=0.01 secs] 
2016-09-25T23:04:08.187-0400: 82.455: [Full GC (Ergonomics) [PSYoungGen: 145399K->0K(175104K)] [ParOldGen: 499095K->436492K(524288K)] 644495K->436492K(699392K), [Metaspace: 43872K->43872K(1087488K)], 0.0620403 secs] [Times: user=0.58 sys=0.01, real=0.06 secs] 
2016-09-25T23:04:08.293-0400: 82.561: [GC (GCLocker Initiated GC) [PSYoungGen: 88064K->67691K(175104K)] 531334K->510962K(699392K), 0.0077323 secs] [Times: user=0.13 sys=0.00, real=0.01 secs] 
2016-09-25T23:04:08.352-0400: 82.620: [GC (GCLocker Initiated GC) [PSYoungGen: 155755K->35305K(175104K)] 604679K->497464K(699392K), 0.0096139 secs] [Times: user=0.08 sys=0.00, real=0.01 secs] 
2016-09-25T23:04:08.406-0400: 82.674: [GC (GCLocker Initiated GC) [PSYoungGen: 123369K->68055K(175104K)] 587035K->550626K(699392K), 0.0091178 secs] [Times: user=0.12 sys=0.01, real=0.01 secs] 
2016-09-25T23:04:08.452-0400: 82.720: [GC (GCLocker Initiated GC) [PSYoungGen: 156119K->49205K(175104K)] 640127K->553377K(699392K), 0.0091322 secs] [Times: user=0.09 sys=0.00, real=0.01 secs] 
2016-09-25T23:04:08.462-0400: 82.730: [Full GC (Ergonomics) [PSYoungGen: 49205K->0K(175104K)] [ParOldGen: 504172K->435354K(524288K)] 553377K->435354K(699392K), [Metaspace: 43872K->43872K(1087488K)], 0.0530422 secs] [Times: user=0.44 sys=0.00, real=0.06 secs] 
2016-09-25T23:04:08.562-0400: 82.830: [GC (GCLocker Initiated GC) [PSYoungGen: 88064K->59641K(175104K)] 527524K->499102K(699392K), 0.0094083 secs] [Times: user=0.13 sys=0.00, real=0.01 secs] 
2016-09-25T23:04:08.614-0400: 82.882: [GC (GCLocker Initiated GC) [PSYoungGen: 147705K->42586K(175104K)] 588645K->499397K(699392K), 0.0157059 secs] [Times: user=0.14 sys=0.00, real=0.01 secs] 
2016-09-25T23:04:08.673-0400: 82.941: [GC (GCLocker Initiated GC) [PSYoungGen: 130650K->64066K(175104K)] 588204K->558715K(699392K), 0.0085520 secs] [Times: user=0.09 sys=0.00, real=0.01 secs] 
2016-09-25T23:04:08.682-0400: 82.950: [Full GC (Ergonomics) [PSYoungGen: 64066K->0K(175104K)] [ParOldGen: 494649K->432957K(524288K)] 558715K->432957K(699392K), [Metaspace: 43872K->43872K(1087488K)], 0.0518073 secs] [Times: user=0.36 sys=0.01, real=0.05 secs] 
2016-09-25T23:04:08.767-0400: 83.035: [GC (GCLocker Initiated GC) [PSYoungGen: 88064K->77548K(175104K)] 525142K->514626K(699392K), 0.0151973 secs] [Times: user=0.20 sys=0.00, real=0.02 secs] 
2016-09-25T23:04:08.832-0400: 83.101: [GC (GCLocker Initiated GC) [PSYoungGen: 165612K->50725K(175104K)] 608269K->517744K(699392K), 0.0087094 secs] [Times: user=0.08 sys=0.00, real=0.01 secs] 
2016-09-25T23:04:08.881-0400: 83.149: [GC (GCLocker Initiated GC) [PSYoungGen: 138789K->68390K(175104K)] 605849K->557377K(699392K), 0.0087193 secs] [Times: user=0.11 sys=0.01, real=0.01 secs] 
2016-09-25T23:04:08.890-0400: 83.158: [Full GC (Ergonomics) [PSYoungGen: 68390K->0K(175104K)] [ParOldGen: 488987K->446789K(524288K)] 557377K->446789K(699392K), [Metaspace: 43873K->43873K(1087488K)], 0.0576375 secs] [Times: user=0.58 sys=0.01, real=0.06 secs] 
2016-09-25T23:04:08.989-0400: 83.257: [GC (GCLocker Initiated GC) [PSYoungGen: 88064K->81568K(175104K)] 537682K->531186K(699392K), 0.0073514 secs] [Times: user=0.11 sys=0.00, real=0.01 secs] 
2016-09-25T23:04:09.045-0400: 83.313: [GC (GCLocker Initiated GC) [PSYoungGen: 169632K->60240K(175104K)] 623012K->538081K(699392K), 0.0076608 secs] [Times: user=0.13 sys=0.00, real=0.00 secs] 
2016-09-25T23:04:09.087-0400: 83.355: [GC (GCLocker Initiated GC) [PSYoungGen: 148304K->79303K(175104K)] 626251K->577913K(699392K), 0.0079822 secs] [Times: user=0.11 sys=0.00, real=0.01 secs] 
2016-09-25T23:04:09.095-0400: 83.363: [Full GC (Ergonomics) [PSYoungGen: 79303K->0K(175104K)] [ParOldGen: 498609K->447267K(524288K)] 577913K->447267K(699392K), [Metaspace: 43877K->43877K(1087488K)], 0.0559070 secs] [Times: user=0.52 sys=0.01, real=0.05 secs] 
2016-09-25T23:04:09.197-0400: 83.466: [GC (GCLocker Initiated GC) [PSYoungGen: 88064K->58595K(175104K)] 545515K->516046K(699392K), 0.0107096 secs] [Times: user=0.14 sys=0.00, real=0.01 secs] 
2016-09-25T23:04:09.253-0400: 83.521: [GC (GCLocker Initiated GC) [PSYoungGen: 146659K->61455K(175104K)] 606965K->540862K(699392K), 0.0078652 secs] [Times: user=0.10 sys=0.00, real=0.01 secs] 
2016-09-25T23:04:09.301-0400: 83.569: [GC (GCLocker Initiated GC) [PSYoungGen: 149519K->68613K(175104K)] 631744K->574113K(699392K), 0.0133004 secs] [Times: user=0.15 sys=0.00, real=0.02 secs] 
2016-09-25T23:04:09.315-0400: 83.583: [Full GC (Ergonomics) [PSYoungGen: 68613K->0K(175104K)] [ParOldGen: 505500K->453206K(524288K)] 574113K->453206K(699392K), [Metaspace: 43877K->43877K(1087488K)], 0.0488940 secs] [Times: user=0.43 sys=0.00, real=0.05 secs] 
2016-09-25T23:04:09.424-0400: 83.692: [GC (GCLocker Initiated GC) [PSYoungGen: 88064K->67079K(175104K)] 548343K->527359K(699392K), 0.0066337 secs] [Times: user=0.09 sys=0.00, real=0.00 secs] 
2016-09-25T23:04:09.470-0400: 83.738: [GC (GCLocker Initiated GC) [PSYoungGen: 155143K->55651K(175104K)] 615501K->554302K(699392K), 0.0079862 secs] [Times: user=0.06 sys=0.01, real=0.01 secs] 
2016-09-25T23:04:09.478-0400: 83.746: [Full GC (Ergonomics) [PSYoungGen: 55651K->0K(175104K)] [ParOldGen: 498651K->452698K(524288K)] 554302K->452698K(699392K), [Metaspace: 43877K->43877K(1087488K)], 0.0489381 secs] [Times: user=0.43 sys=0.00, real=0.05 secs] 
2016-09-25T23:04:09.570-0400: 83.838: [GC (GCLocker Initiated GC) [PSYoungGen: 88064K->84716K(175104K)] 551763K->556516K(699392K), 0.0082285 secs] [Times: user=0.13 sys=0.00, real=0.01 secs] 
2016-09-25T23:04:09.634-0400: 83.902: [GC (GCLocker Initiated GC) [PSYoungGen: 172780K->41214K(175104K)] 650260K->539437K(699392K), 0.0075103 secs] [Times: user=0.06 sys=0.00, real=0.01 secs] 
2016-09-25T23:04:09.641-0400: 83.909: [Full GC (Ergonomics) [PSYoungGen: 41214K->0K(175104K)] [ParOldGen: 498222K->449571K(524288K)] 539437K->449571K(699392K), [Metaspace: 43877K->43877K(1087488K)], 0.0523664 secs] [Times: user=0.52 sys=0.00, real=0.05 secs] 
2016-09-25T23:04:09.732-0400: 84.000: [GC (GCLocker Initiated GC) [PSYoungGen: 88064K->74967K(175104K)] 540485K->527388K(699392K), 0.0073777 secs] [Times: user=0.10 sys=0.00, real=0.01 secs] 
2016-09-25T23:04:09.780-0400: 84.048: [GC (GCLocker Initiated GC) [PSYoungGen: 163031K->65764K(175104K)] 619633K->552097K(699392K), 0.0081197 secs] [Times: user=0.10 sys=0.00, real=0.01 secs] 
2016-09-25T23:04:09.788-0400: 84.057: [Full GC (Ergonomics) [PSYoungGen: 65764K->0K(175104K)] [ParOldGen: 486332K->457055K(524288K)] 552097K->457055K(699392K), [Metaspace: 43890K->43890K(1087488K)], 0.0552660 secs] [Times: user=0.51 sys=0.00, real=0.06 secs] 
2016-09-25T23:04:09.895-0400: 84.163: [GC (GCLocker Initiated GC) [PSYoungGen: 88064K->59787K(175104K)] 547948K->519671K(699392K), 0.0073813 secs] [Times: user=0.11 sys=0.00, real=0.01 secs] 
2016-09-25T23:04:09.945-0400: 84.213: [GC (GCLocker Initiated GC) [PSYoungGen: 147851K->63951K(175104K)] 607814K->540094K(699392K), 0.0083808 secs] [Times: user=0.09 sys=0.00, real=0.00 secs] 
2016-09-25T23:04:09.996-0400: 84.264: [Full GC (Ergonomics) [PSYoungGen: 152015K->0K(175104K)] [ParOldGen: 485746K->457599K(524288K)] 637762K->457599K(699392K), [Metaspace: 43890K->43890K(1087488K)], 0.0495059 secs] [Times: user=0.43 sys=0.01, real=0.05 secs] 
2016-09-25T23:04:10.098-0400: 84.366: [GC (GCLocker Initiated GC) [PSYoungGen: 88064K->66161K(175104K)] 548403K->526501K(699392K), 0.0066876 secs] [Times: user=0.09 sys=0.00, real=0.01 secs] 
2016-09-25T23:04:10.136-0400: 84.404: [GC (GCLocker Initiated GC) [PSYoungGen: 154225K->70008K(175104K)] 614694K->558394K(699392K), 0.0085975 secs] [Times: user=0.12 sys=0.00, real=0.01 secs] 
2016-09-25T23:04:10.145-0400: 84.413: [Full GC (Ergonomics) [PSYoungGen: 70008K->0K(175104K)] [ParOldGen: 488385K->464986K(524288K)] 558394K->464986K(699392K), [Metaspace: 43890K->43890K(1087488K)], 0.0559869 secs] [Times: user=0.54 sys=0.01, real=0.05 secs] 
2016-09-25T23:04:10.244-0400: 84.512: [GC (GCLocker Initiated GC) [PSYoungGen: 88064K->75890K(175104K)] 561188K->549015K(699392K), 0.0073395 secs] [Times: user=0.11 sys=0.00, real=0.00 secs] 
2016-09-25T23:04:10.302-0400: 84.571: [GC (GCLocker Initiated GC) [PSYoungGen: 163954K->46947K(175104K)] 637908K->542235K(699392K), 0.0064456 secs] [Times: user=0.06 sys=0.00, real=0.00 secs] 
2016-09-25T23:04:10.310-0400: 84.578: [Full GC (Ergonomics) [PSYoungGen: 46947K->0K(175104K)] [ParOldGen: 495287K->452312K(524288K)] 542235K->452312K(699392K), [Metaspace: 43890K->43890K(1087488K)], 0.0541091 secs] [Times: user=0.48 sys=0.00, real=0.06 secs] 
2016-09-25T23:04:10.397-0400: 84.665: [GC (GCLocker Initiated GC) [PSYoungGen: 88064K->86651K(175104K)] 540410K->538997K(699392K), 0.0093589 secs] [Times: user=0.08 sys=0.01, real=0.01 secs] 
2016-09-25T23:04:10.456-0400: 84.724: [GC (GCLocker Initiated GC) [PSYoungGen: 174715K->60417K(175104K)] 632607K->532891K(699392K), 0.0077091 secs] [Times: user=0.10 sys=0.00, real=0.01 secs] 
2016-09-25T23:04:10.505-0400: 84.773: [GC (GCLocker Initiated GC) [PSYoungGen: 148481K->59646K(175104K)] 621862K->551142K(699392K), 0.0098344 secs] [Times: user=0.11 sys=0.01, real=0.01 secs] 
2016-09-25T23:04:10.515-0400: 84.783: [Full GC (Ergonomics) [PSYoungGen: 59646K->0K(175104K)] [ParOldGen: 491495K->455324K(524288K)] 551142K->455324K(699392K), [Metaspace: 43890K->43890K(1087488K)], 0.0504423 secs] [Times: user=0.44 sys=0.00, real=0.05 secs] 
2016-09-25T23:04:10.601-0400: 84.869: [GC (GCLocker Initiated GC) [PSYoungGen: 88064K->55916K(175104K)] 552872K->520725K(699392K), 0.0178647 secs] [Times: user=0.14 sys=0.01, real=0.02 secs] 
2016-09-25T23:04:10.671-0400: 84.939: [GC (GCLocker Initiated GC) [PSYoungGen: 143980K->42257K(175104K)] 610277K->549272K(699392K), 0.0084997 secs] [Times: user=0.10 sys=0.00, real=0.01 secs] 
2016-09-25T23:04:10.679-0400: 84.947: [Full GC (Ergonomics) [PSYoungGen: 42257K->0K(175104K)] [ParOldGen: 507015K->458509K(524288K)] 549272K->458509K(699392K), [Metaspace: 43890K->43890K(1087488K)], 0.0551432 secs] [Times: user=0.52 sys=0.01, real=0.06 secs] 
2016-09-25T23:04:10.767-0400: 85.035: [GC (GCLocker Initiated GC) [PSYoungGen: 88064K->77247K(175104K)] 549412K->538596K(699392K), 0.0072849 secs] [Times: user=0.10 sys=0.00, real=0.01 secs] 
2016-09-25T23:04:10.828-0400: 85.096: [GC (GCLocker Initiated GC) [PSYoungGen: 165311K->55986K(175104K)] 632116K->552305K(699392K), 0.0088864 secs] [Times: user=0.12 sys=0.01, real=0.01 secs] 
2016-09-25T23:04:10.837-0400: 85.105: [Full GC (Ergonomics) [PSYoungGen: 55986K->0K(175104K)] [ParOldGen: 496318K->468649K(524288K)] 552305K->468649K(699392K), [Metaspace: 43890K->43890K(1087488K)], 0.0497112 secs] [Times: user=0.45 sys=0.00, real=0.05 secs] 
2016-09-25T23:04:10.927-0400: 85.195: [GC (GCLocker Initiated GC) [PSYoungGen: 88064K->65945K(175104K)] 556854K->534735K(699392K), 0.0071569 secs] [Times: user=0.08 sys=0.00, real=0.01 secs] 
2016-09-25T23:04:10.977-0400: 85.245: [GC (GCLocker Initiated GC) [PSYoungGen: 154009K->84952K(175104K)] 628462K->584454K(699392K), 0.0086576 secs] [Times: user=0.12 sys=0.01, real=0.01 secs] 
2016-09-25T23:04:10.986-0400: 85.254: [Full GC (Ergonomics) [PSYoungGen: 84952K->0K(175104K)] [ParOldGen: 499501K->478781K(524288K)] 584454K->478781K(699392K), [Metaspace: 43890K->43890K(1087488K)], 0.0505691 secs] [Times: user=0.48 sys=0.00, real=0.05 secs] 
2016-09-25T23:04:11.090-0400: 85.358: [Full GC (Ergonomics) [PSYoungGen: 88064K->0K(175104K)] [ParOldGen: 497088K->471993K(524288K)] 585152K->471993K(699392K), [Metaspace: 43890K->43890K(1087488K)], 0.0527691 secs] [Times: user=0.48 sys=0.00, real=0.06 secs] 
2016-09-25T23:04:11.186-0400: 85.454: [Full GC (Ergonomics) [PSYoungGen: 88064K->0K(175104K)] [ParOldGen: 474790K->468942K(524288K)] 562854K->468942K(699392K), [Metaspace: 43890K->43890K(1087488K)], 0.0603997 secs] [Times: user=0.66 sys=0.00, real=0.06 secs] 
2016-09-25T23:04:11.276-0400: 85.544: [GC (GCLocker Initiated GC) [PSYoungGen: 88064K->85544K(175104K)] 557782K->568763K(699392K), 0.0085325 secs] [Times: user=0.11 sys=0.00, real=0.01 secs] 
2016-09-25T23:04:11.285-0400: 85.553: [Full GC (Ergonomics) [PSYoungGen: 85544K->0K(175104K)] [ParOldGen: 483218K->477957K(524288K)] 568763K->477957K(699392K), [Metaspace: 43890K->43890K(1087488K)], 0.0984305 secs] [Times: user=1.30 sys=0.01, real=0.10 secs] 
2016-09-25T23:04:11.436-0400: 85.704: [Full GC (Ergonomics) [PSYoungGen: 88064K->0K(175104K)] [ParOldGen: 486311K->466777K(524288K)] 574375K->466777K(699392K), [Metaspace: 43890K->43890K(1087488K)], 0.0493972 secs] [Times: user=0.42 sys=0.00, real=0.05 secs] 
2016-09-25T23:04:11.535-0400: 85.803: [GC (GCLocker Initiated GC) [PSYoungGen: 88064K->75524K(175104K)] 563770K->551231K(699392K), 0.0074104 secs] [Times: user=0.11 sys=0.00, real=0.01 secs] 
2016-09-25T23:04:11.584-0400: 85.852: [Full GC (Ergonomics) [PSYoungGen: 163588K->0K(175104K)] [ParOldGen: 485332K->475495K(524288K)] 648921K->475495K(699392K), [Metaspace: 43894K->43894K(1087488K)], 0.0561214 secs] [Times: user=0.53 sys=0.00, real=0.05 secs] 
2016-09-25T23:04:11.684-0400: 85.952: [GC (GCLocker Initiated GC) [PSYoungGen: 88064K->77195K(175104K)] 566347K->555479K(699392K), 0.0072533 secs] [Times: user=0.09 sys=0.01, real=0.00 secs] 
2016-09-25T23:04:11.733-0400: 86.001: [Full GC (Ergonomics) [PSYoungGen: 165259K->0K(175104K)] [ParOldGen: 487894K->477507K(524288K)] 653154K->477507K(699392K), [Metaspace: 43894K->43894K(1087488K)], 0.0566941 secs] [Times: user=0.57 sys=0.00, real=0.06 secs] 
2016-09-25T23:04:11.839-0400: 86.107: [Full GC (Ergonomics) [PSYoungGen: 88064K->0K(175104K)] [ParOldGen: 480340K->473080K(524288K)] 568404K->473080K(699392K), [Metaspace: 43894K->43894K(1087488K)], 0.0586690 secs] [Times: user=0.51 sys=0.01, real=0.06 secs] 
2016-09-25T23:04:11.936-0400: 86.204: [GC (GCLocker Initiated GC) [PSYoungGen: 88064K->78793K(175104K)] 565348K->556077K(699392K), 0.0070018 secs] [Times: user=0.10 sys=0.00, real=0.01 secs] 
2016-09-25T23:04:11.981-0400: 86.249: [GC (GCLocker Initiated GC) [PSYoungGen: 166857K->64383K(175104K)] 644331K->571454K(699392K), 0.0086051 secs] [Times: user=0.11 sys=0.01, real=0.01 secs] 
2016-09-25T23:04:11.989-0400: 86.258: [Full GC (Ergonomics) [PSYoungGen: 64383K->0K(175104K)] [ParOldGen: 507070K->480508K(524288K)] 571454K->480508K(699392K), [Metaspace: 43894K->43894K(1087488K)], 0.0581049 secs] [Times: user=0.54 sys=0.01, real=0.06 secs] 
2016-09-25T23:04:12.096-0400: 86.364: [Full GC (Ergonomics) [PSYoungGen: 88064K->0K(175104K)] [ParOldGen: 483770K->472153K(524288K)] 571834K->472153K(699392K), [Metaspace: 43894K->43894K(1087488K)], 0.0524258 secs] [Times: user=0.47 sys=0.00, real=0.05 secs] 
2016-09-25T23:04:12.192-0400: 86.460: [Full GC (Ergonomics) [PSYoungGen: 88064K->0K(175104K)] [ParOldGen: 477641K->474345K(524288K)] 565705K->474345K(699392K), [Metaspace: 43894K->43894K(1087488K)], 0.0554473 secs] [Times: user=0.51 sys=0.01, real=0.06 secs] 
2016-09-25T23:04:12.279-0400: 86.547: [GC (GCLocker Initiated GC) [PSYoungGen: 88064K->86711K(175104K)] 562493K->566541K(699392K), 0.0095794 secs] [Times: user=0.11 sys=0.00, real=0.01 secs] 
2016-09-25T23:04:12.289-0400: 86.557: [Full GC (Ergonomics) [PSYoungGen: 86711K->0K(175104K)] [ParOldGen: 479830K->486219K(524288K)] 566541K->486219K(699392K), [Metaspace: 43894K->43894K(1087488K)], 0.0509433 secs] [Times: user=0.46 sys=0.01, real=0.05 secs] 
2016-09-25T23:04:12.387-0400: 86.655: [Full GC (Ergonomics) [PSYoungGen: 88064K->0K(175104K)] [ParOldGen: 494366K->481974K(524288K)] 582430K->481974K(699392K), [Metaspace: 43894K->43894K(1087488K)], 0.0545697 secs] [Times: user=0.54 sys=0.01, real=0.05 secs] 
2016-09-25T23:04:12.488-0400: 86.756: [Full GC (Ergonomics) [PSYoungGen: 88064K->0K(175104K)] [ParOldGen: 484688K->474751K(524288K)] 572752K->474751K(699392K), [Metaspace: 43894K->43894K(1087488K)], 0.0537163 secs] [Times: user=0.54 sys=0.00, real=0.05 secs] 
2016-09-25T23:04:12.577-0400: 86.845: [GC (GCLocker Initiated GC) [PSYoungGen: 88064K->85696K(175104K)] 565566K->563199K(699392K), 0.0076287 secs] [Times: user=0.10 sys=0.00, real=0.01 secs] 
2016-09-25T23:04:12.630-0400: 86.898: [Full GC (Ergonomics) [PSYoungGen: 173760K->0K(175104K)] [ParOldGen: 485729K->489158K(524288K)] 659490K->489158K(699392K), [Metaspace: 43894K->43894K(1087488K)], 0.0488083 secs] [Times: user=0.43 sys=0.00, real=0.05 secs] 
2016-09-25T23:04:12.730-0400: 86.998: [Full GC (Ergonomics) [PSYoungGen: 88064K->0K(175104K)] [ParOldGen: 494625K->480329K(524288K)] 582689K->480329K(699392K), [Metaspace: 43894K->43894K(1087488K)], 0.0550268 secs] [Times: user=0.59 sys=0.01, real=0.06 secs] 
2016-09-25T23:04:12.818-0400: 87.086: [Full GC (Ergonomics) [PSYoungGen: 88064K->0K(175104K)] [ParOldGen: 481843K->484269K(524288K)] 569907K->484269K(699392K), [Metaspace: 43894K->43894K(1087488K)], 0.0524089 secs] [Times: user=0.47 sys=0.00, real=0.05 secs] 
2016-09-25T23:04:12.914-0400: 87.182: [Full GC (Ergonomics) [PSYoungGen: 88064K->0K(175104K)] [ParOldGen: 484433K->487569K(524288K)] 572497K->487569K(699392K), [Metaspace: 43894K->43894K(1087488K)], 0.0545812 secs] [Times: user=0.46 sys=0.01, real=0.05 secs] 
2016-09-25T23:04:13.010-0400: 87.278: [Full GC (Ergonomics) [PSYoungGen: 88064K->0K(175104K)] [ParOldGen: 495800K->491361K(524288K)] 583864K->491361K(699392K), [Metaspace: 43902K->43902K(1087488K)], 0.0519093 secs] [Times: user=0.47 sys=0.00, real=0.06 secs] 
2016-09-25T23:04:13.103-0400: 87.371: [Full GC (Ergonomics) [PSYoungGen: 88064K->0K(175104K)] [ParOldGen: 491493K->489425K(524288K)] 579557K->489425K(699392K), [Metaspace: 43904K->43904K(1087488K)], 0.0497134 secs] [Times: user=0.37 sys=0.00, real=0.04 secs] 
2016-09-25T23:04:13.187-0400: 87.455: [Full GC (Ergonomics) [PSYoungGen: 88064K->0K(175104K)] [ParOldGen: 492146K->495904K(524288K)] 580210K->495904K(699392K), [Metaspace: 43904K->43904K(1087488K)], 0.0565562 secs] [Times: user=0.53 sys=0.00, real=0.06 secs] 
2016-09-25T23:04:13.292-0400: 87.561: [Full GC (Ergonomics) [PSYoungGen: 88064K->0K(175104K)] [ParOldGen: 498768K->488592K(524288K)] 586832K->488592K(699392K), [Metaspace: 43909K->43909K(1087488K)], 0.0526429 secs] [Times: user=0.50 sys=0.00, real=0.06 secs] 
2016-09-25T23:04:13.388-0400: 87.656: [Full GC (Ergonomics) [PSYoungGen: 88064K->0K(175104K)] [ParOldGen: 489090K->486899K(524288K)] 577154K->486899K(699392K), [Metaspace: 43909K->43909K(1087488K)], 0.0530896 secs] [Times: user=0.50 sys=0.00, real=0.05 secs] 
2016-09-25T23:04:13.485-0400: 87.753: [Full GC (Ergonomics) [PSYoungGen: 88064K->0K(175104K)] [ParOldGen: 494076K->493336K(524288K)] 582140K->493336K(699392K), [Metaspace: 43909K->43909K(1087488K)], 0.0556772 secs] [Times: user=0.49 sys=0.00, real=0.05 secs] 
2016-09-25T23:04:13.588-0400: 87.856: [Full GC (Ergonomics) [PSYoungGen: 88064K->0K(175104K)] [ParOldGen: 499137K->481590K(524288K)] 587201K->481590K(699392K), [Metaspace: 43941K->43941K(1087488K)], 0.1026365 secs] [Times: user=1.34 sys=0.00, real=0.10 secs] 
2016-09-25T23:04:13.725-0400: 87.993: [Full GC (Ergonomics) [PSYoungGen: 88064K->0K(175104K)] [ParOldGen: 492934K->486472K(524288K)] 580998K->486472K(699392K), [Metaspace: 43941K->43941K(1087488K)], 0.0629689 secs] [Times: user=0.57 sys=0.00, real=0.06 secs] 
2016-09-25T23:04:13.830-0400: 88.098: [Full GC (Ergonomics) [PSYoungGen: 88064K->0K(175104K)] [ParOldGen: 492434K->492584K(524288K)] 580498K->492584K(699392K), [Metaspace: 43941K->43941K(1087488K)], 0.0567350 secs] [Times: user=0.43 sys=0.02, real=0.06 secs] 
2016-09-25T23:04:13.923-0400: 88.191: [Full GC (Ergonomics) [PSYoungGen: 88064K->0K(175104K)] [ParOldGen: 492650K->493243K(524288K)] 580714K->493243K(699392K), [Metaspace: 43941K->43941K(1087488K)], 0.0537096 secs] [Times: user=0.47 sys=0.01, real=0.05 secs] 
2016-09-25T23:04:14.016-0400: 88.284: [Full GC (Ergonomics) [PSYoungGen: 88064K->0K(175104K)] [ParOldGen: 496092K->499296K(524288K)] 584156K->499296K(699392K), [Metaspace: 43941K->43941K(1087488K)], 0.0528030 secs] [Times: user=0.51 sys=0.00, real=0.05 secs] 
2016-09-25T23:04:14.113-0400: 88.381: [Full GC (Ergonomics) [PSYoungGen: 88064K->0K(175104K)] [ParOldGen: 508986K->500127K(524288K)] 597050K->500127K(699392K), [Metaspace: 43941K->43941K(1087488K)], 0.0548648 secs] [Times: user=0.45 sys=0.00, real=0.06 secs] 
2016-09-25T23:04:14.209-0400: 88.477: [Full GC (Ergonomics) [PSYoungGen: 88064K->0K(175104K)] [ParOldGen: 505609K->498145K(524288K)] 593673K->498145K(699392K), [Metaspace: 43941K->43941K(1087488K)], 0.0585252 secs] [Times: user=0.59 sys=0.00, real=0.06 secs] 
2016-09-25T23:04:14.305-0400: 88.574: [Full GC (Ergonomics) [PSYoungGen: 88064K->0K(175104K)] [ParOldGen: 498358K->498888K(524288K)] 586422K->498888K(699392K), [Metaspace: 43946K->43946K(1087488K)], 0.0529039 secs] [Times: user=0.47 sys=0.00, real=0.05 secs] 
2016-09-25T23:04:14.400-0400: 88.668: [Full GC (Ergonomics) [PSYoungGen: 88064K->0K(175104K)] [ParOldGen: 507104K->497070K(524288K)] 595168K->497070K(699392K), [Metaspace: 43946K->43946K(1087488K)], 0.0508560 secs] [Times: user=0.39 sys=0.00, real=0.05 secs] 
2016-09-25T23:04:14.498-0400: 88.766: [Full GC (Ergonomics) [PSYoungGen: 88064K->0K(175104K)] [ParOldGen: 506636K->492337K(524288K)] 594700K->492337K(699392K), [Metaspace: 43946K->43946K(1087488K)], 0.0564157 secs] [Times: user=0.37 sys=0.02, real=0.06 secs] 
2016-09-25T23:04:14.588-0400: 88.856: [Full GC (Ergonomics) [PSYoungGen: 88064K->0K(175104K)] [ParOldGen: 492536K->501229K(524288K)] 580600K->501229K(699392K), [Metaspace: 43946K->43946K(1087488K)], 0.0508574 secs] [Times: user=0.41 sys=0.00, real=0.05 secs] 
2016-09-25T23:04:14.684-0400: 88.952: [Full GC (Ergonomics) [PSYoungGen: 88064K->0K(175104K)] [ParOldGen: 510863K->502007K(524288K)] 598927K->502007K(699392K), [Metaspace: 43946K->43946K(1087488K)], 0.0557167 secs] [Times: user=0.42 sys=0.00, real=0.05 secs] 
2016-09-25T23:04:14.782-0400: 89.050: [Full GC (Ergonomics) [PSYoungGen: 88064K->0K(175104K)] [ParOldGen: 504720K->493151K(524288K)] 592784K->493151K(699392K), [Metaspace: 43946K->43946K(1087488K)], 0.0514236 secs] [Times: user=0.39 sys=0.00, real=0.05 secs] 
2016-09-25T23:04:14.868-0400: 89.137: [Full GC (Ergonomics) [PSYoungGen: 88064K->0K(175104K)] [ParOldGen: 493256K->500425K(524288K)] 581320K->500425K(699392K), [Metaspace: 43946K->43946K(1087488K)], 0.0537659 secs] [Times: user=0.46 sys=0.00, real=0.06 secs] 
2016-09-25T23:04:14.959-0400: 89.227: [Full GC (Ergonomics) [PSYoungGen: 88064K->0K(175104K)] [ParOldGen: 505998K->503828K(524288K)] 594062K->503828K(699392K), [Metaspace: 43946K->43946K(1087488K)], 0.0640356 secs] [Times: user=0.57 sys=0.00, real=0.07 secs] 
2016-09-25T23:04:15.066-0400: 89.334: [Full GC (Ergonomics) [PSYoungGen: 88064K->0K(175104K)] [ParOldGen: 509341K->501689K(524288K)] 597405K->501689K(699392K), [Metaspace: 43946K->43946K(1087488K)], 0.0541461 secs] [Times: user=0.52 sys=0.01, real=0.05 secs] 
2016-09-25T23:04:15.151-0400: 89.419: [Full GC (Ergonomics) [PSYoungGen: 88064K->0K(175104K)] [ParOldGen: 501810K->504983K(524288K)] 589874K->504983K(699392K), [Metaspace: 43946K->43946K(1087488K)], 0.0507389 secs] [Times: user=0.48 sys=0.01, real=0.05 secs] 
2016-09-25T23:04:15.242-0400: 89.510: [Full GC (Ergonomics) [PSYoungGen: 88064K->0K(175104K)] [ParOldGen: 511910K->502929K(524288K)] 599974K->502929K(699392K), [Metaspace: 43946K->43946K(1087488K)], 0.0547962 secs] [Times: user=0.52 sys=0.01, real=0.06 secs] 
2016-09-25T23:04:15.333-0400: 89.601: [Full GC (Ergonomics) [PSYoungGen: 88064K->0K(175104K)] [ParOldGen: 505830K->500672K(524288K)] 593894K->500672K(699392K), [Metaspace: 43946K->43946K(1087488K)], 0.0814541 secs] [Times: user=0.79 sys=0.00, real=0.09 secs] 
2016-09-25T23:04:15.463-0400: 89.731: [Full GC (Ergonomics) [PSYoungGen: 88064K->0K(175104K)] [ParOldGen: 506190K->501534K(524288K)] 594254K->501534K(699392K), [Metaspace: 43946K->43946K(1087488K)], 0.0554529 secs] [Times: user=0.52 sys=0.02, real=0.05 secs] 
2016-09-25T23:04:15.560-0400: 89.828: [Full GC (Ergonomics) [PSYoungGen: 88064K->0K(175104K)] [ParOldGen: 507101K->504795K(524288K)] 595165K->504795K(699392K), [Metaspace: 43946K->43946K(1087488K)], 0.0573336 secs] [Times: user=0.58 sys=0.01, real=0.06 secs] 
2016-09-25T23:04:15.656-0400: 89.924: [Full GC (Ergonomics) [PSYoungGen: 88064K->0K(175104K)] [ParOldGen: 504908K->502520K(524288K)] 592972K->502520K(699392K), [Metaspace: 43948K->43948K(1087488K)], 0.0931492 secs] [Times: user=1.16 sys=0.00, real=0.09 secs] 
2016-09-25T23:04:15.792-0400: 90.060: [Full GC (Ergonomics) [PSYoungGen: 88064K->0K(175104K)] [ParOldGen: 505451K->500413K(524288K)] 593515K->500413K(699392K), [Metaspace: 43953K->43953K(1087488K)], 0.0560669 secs] [Times: user=0.50 sys=0.01, real=0.06 secs] 
2016-09-25T23:04:15.888-0400: 90.156: [Full GC (Ergonomics) [PSYoungGen: 88064K->0K(175104K)] [ParOldGen: 507294K->500924K(524288K)] 595358K->500924K(699392K), [Metaspace: 43953K->43953K(1087488K)], 0.0673070 secs] [Times: user=0.53 sys=0.00, real=0.07 secs] 
2016-09-25T23:04:15.986-0400: 90.254: [Full GC (Ergonomics) [PSYoungGen: 88064K->0K(175104K)] [ParOldGen: 507875K->512496K(524288K)] 595939K->512496K(699392K), [Metaspace: 43953K->43953K(1087488K)], 0.0555649 secs] [Times: user=0.53 sys=0.00, real=0.05 secs] 
2016-09-25T23:04:16.084-0400: 90.352: [Full GC (Ergonomics) [PSYoungGen: 88064K->0K(175104K)] [ParOldGen: 518009K->500870K(524288K)] 606073K->500870K(699392K), [Metaspace: 43953K->43953K(1087488K)], 0.0640345 secs] [Times: user=0.59 sys=0.00, real=0.06 secs] 
2016-09-25T23:04:16.187-0400: 90.455: [Full GC (Ergonomics) [PSYoungGen: 88064K->0K(175104K)] [ParOldGen: 509137K->508186K(524288K)] 597201K->508186K(699392K), [Metaspace: 43953K->43953K(1087488K)], 0.0532862 secs] [Times: user=0.44 sys=0.01, real=0.05 secs] 
2016-09-25T23:04:16.283-0400: 90.551: [Full GC (Ergonomics) [PSYoungGen: 88064K->0K(175104K)] [ParOldGen: 509614K->500587K(524288K)] 597678K->500587K(699392K), [Metaspace: 43953K->43953K(1087488K)], 0.0523947 secs] [Times: user=0.46 sys=0.00, real=0.05 secs] 
2016-09-25T23:04:16.371-0400: 90.639: [Full GC (Ergonomics) [PSYoungGen: 88064K->0K(175104K)] [ParOldGen: 504720K->503888K(524288K)] 592784K->503888K(699392K), [Metaspace: 43953K->43953K(1087488K)], 0.0576672 secs] [Times: user=0.50 sys=0.01, real=0.06 secs] 
2016-09-25T23:04:16.470-0400: 90.738: [Full GC (Ergonomics) [PSYoungGen: 88064K->0K(175104K)] [ParOldGen: 506741K->507108K(524288K)] 594805K->507108K(699392K), [Metaspace: 43953K->43953K(1087488K)], 0.0518781 secs] [Times: user=0.38 sys=0.00, real=0.06 secs] 
2016-09-25T23:04:16.567-0400: 90.836: [Full GC (Ergonomics) [PSYoungGen: 87507K->0K(175104K)] [ParOldGen: 523308K->514561K(524288K)] 610815K->514561K(699392K), [Metaspace: 43953K->43953K(1087488K)], 0.0557659 secs] [Times: user=0.43 sys=0.01, real=0.06 secs] 
2016-09-25T23:04:16.666-0400: 90.934: [Full GC (Ergonomics) [PSYoungGen: 88064K->0K(175104K)] [ParOldGen: 520032K->505608K(524288K)] 608096K->505608K(699392K), [Metaspace: 43953K->43953K(1087488K)], 0.0576384 secs] [Times: user=0.48 sys=0.00, real=0.06 secs] 
2016-09-25T23:04:16.762-0400: 91.030: [Full GC (Ergonomics) [PSYoungGen: 88064K->0K(175104K)] [ParOldGen: 508540K->511690K(524288K)] 596604K->511690K(699392K), [Metaspace: 43953K->43953K(1087488K)], 0.0603943 secs] [Times: user=0.64 sys=0.00, real=0.07 secs] 
2016-09-25T23:04:16.870-0400: 91.138: [Full GC (Ergonomics) [PSYoungGen: 88064K->0K(175104K)] [ParOldGen: 518692K->501423K(524288K)] 606756K->501423K(699392K), [Metaspace: 43953K->43953K(1087488K)], 0.0561765 secs] [Times: user=0.54 sys=0.00, real=0.06 secs] 
2016-09-25T23:04:16.960-0400: 91.228: [Full GC (Ergonomics) [PSYoungGen: 88064K->0K(175104K)] [ParOldGen: 508503K->503314K(524288K)] 596567K->503314K(699392K), [Metaspace: 43953K->43953K(1087488K)], 0.0525156 secs] [Times: user=0.49 sys=0.01, real=0.05 secs] 
2016-09-25T23:04:17.051-0400: 91.319: [Full GC (Ergonomics) [PSYoungGen: 88064K->0K(175104K)] [ParOldGen: 504912K->505141K(524288K)] 592976K->505141K(699392K), [Metaspace: 43953K->43953K(1087488K)], 0.0597443 secs] [Times: user=0.62 sys=0.00, real=0.06 secs] 
2016-09-25T23:04:17.146-0400: 91.414: [Full GC (Ergonomics) [PSYoungGen: 88064K->0K(175104K)] [ParOldGen: 505390K->502896K(524288K)] 593454K->502896K(699392K), [Metaspace: 43953K->43953K(1087488K)], 0.0505451 secs] [Times: user=0.43 sys=0.01, real=0.05 secs] 
2016-09-25T23:04:17.230-0400: 91.498: [Full GC (Ergonomics) [PSYoungGen: 88064K->0K(175104K)] [ParOldGen: 504416K->514222K(524288K)] 592480K->514222K(699392K), [Metaspace: 43953K->43953K(1087488K)], 0.0650368 secs] [Times: user=0.57 sys=0.02, real=0.07 secs] 
2016-09-25T23:04:17.340-0400: 91.608: [Full GC (Ergonomics) [PSYoungGen: 88064K->0K(175104K)] [ParOldGen: 517177K->509272K(524288K)] 605241K->509272K(699392K), [Metaspace: 43953K->43953K(1087488K)], 0.0570724 secs] [Times: user=0.53 sys=0.01, real=0.06 secs] 
2016-09-25T23:04:17.437-0400: 91.706: [Full GC (Ergonomics) [PSYoungGen: 88064K->0K(175104K)] [ParOldGen: 509409K->509866K(524288K)] 597473K->509866K(699392K), [Metaspace: 43953K->43953K(1087488K)], 0.0585866 secs] [Times: user=0.62 sys=0.00, real=0.06 secs] 
2016-09-25T23:04:17.533-0400: 91.801: [Full GC (Ergonomics) [PSYoungGen: 88064K->0K(175104K)] [ParOldGen: 514026K->515953K(524288K)] 602090K->515953K(699392K), [Metaspace: 43953K->43953K(1087488K)], 0.0592722 secs] [Times: user=0.55 sys=0.02, real=0.06 secs] 
2016-09-25T23:04:17.632-0400: 91.900: [Full GC (Ergonomics) [PSYoungGen: 88064K->0K(175104K)] [ParOldGen: 524214K->513855K(524288K)] 612278K->513855K(699392K), [Metaspace: 43953K->43953K(1087488K)], 0.0558522 secs] [Times: user=0.47 sys=0.01, real=0.06 secs] 
2016-09-25T23:04:17.724-0400: 91.992: [Full GC (Ergonomics) [PSYoungGen: 88064K->0K(175104K)] [ParOldGen: 513956K->516740K(524288K)] 602020K->516740K(699392K), [Metaspace: 43953K->43953K(1087488K)], 0.0828284 secs] [Times: user=0.96 sys=0.00, real=0.08 secs] 
2016-09-25T23:04:17.847-0400: 92.115: [Full GC (Ergonomics) [PSYoungGen: 88064K->0K(175104K)] [ParOldGen: 519671K->507925K(524288K)] 607735K->507925K(699392K), [Metaspace: 43953K->43953K(1087488K)], 0.0554653 secs] [Times: user=0.56 sys=0.00, real=0.06 secs] 
2016-09-25T23:04:17.941-0400: 92.209: [Full GC (Ergonomics) [PSYoungGen: 88064K->0K(175104K)] [ParOldGen: 510705K->509761K(524288K)] 598769K->509761K(699392K), [Metaspace: 43953K->43953K(1087488K)], 0.0544466 secs] [Times: user=0.53 sys=0.00, real=0.06 secs] 
2016-09-25T23:04:18.039-0400: 92.307: [Full GC (Ergonomics) [PSYoungGen: 88064K->0K(175104K)] [ParOldGen: 512544K->507706K(524288K)] 600608K->507706K(699392K), [Metaspace: 43953K->43953K(1087488K)], 0.0554410 secs] [Times: user=0.53 sys=0.00, real=0.06 secs] 
2016-09-25T23:04:18.129-0400: 92.397: [Full GC (Ergonomics) [PSYoungGen: 88064K->0K(175104K)] [ParOldGen: 514065K->515234K(524288K)] 602129K->515234K(699392K), [Metaspace: 43954K->43954K(1087488K)], 0.0558272 secs] [Times: user=0.60 sys=0.00, real=0.06 secs] 
2016-09-25T23:04:18.233-0400: 92.501: [Full GC (Ergonomics) [PSYoungGen: 88064K->0K(175104K)] [ParOldGen: 524082K->506414K(524288K)] 612146K->506414K(699392K), [Metaspace: 43959K->43959K(1087488K)], 0.0605841 secs] [Times: user=0.61 sys=0.01, real=0.06 secs] 
2016-09-25T23:04:18.324-0400: 92.592: [Full GC (Ergonomics) [PSYoungGen: 88064K->0K(175104K)] [ParOldGen: 506683K->523090K(524288K)] 594747K->523090K(699392K), [Metaspace: 43959K->43959K(1087488K)], 0.0538507 secs] [Times: user=0.47 sys=0.00, real=0.05 secs] 
2016-09-25T23:04:18.414-0400: 92.682: [Full GC (Ergonomics) [PSYoungGen: 87931K->0K(175104K)] [ParOldGen: 523466K->517186K(524288K)] 611398K->517186K(699392K), [Metaspace: 43959K->43959K(1087488K)], 0.0558477 secs] [Times: user=0.50 sys=0.01, real=0.06 secs] 
2016-09-25T23:04:18.518-0400: 92.786: [Full GC (Ergonomics) [PSYoungGen: 88064K->0K(175104K)] [ParOldGen: 522765K->513482K(524288K)] 610829K->513482K(699392K), [Metaspace: 43959K->43959K(1087488K)], 0.0571694 secs] [Times: user=0.47 sys=0.00, real=0.06 secs] 
2016-09-25T23:04:18.604-0400: 92.872: [Full GC (Ergonomics) [PSYoungGen: 88064K->5467K(175104K)] [ParOldGen: 519026K->523828K(524288K)] 607090K->529295K(699392K), [Metaspace: 43959K->43959K(1087488K)], 0.1169471 secs] [Times: user=1.56 sys=0.01, real=0.11 secs] 
2016-09-25T23:04:18.767-0400: 93.035: [Full GC (Ergonomics) [PSYoungGen: 88064K->0K(175104K)] [ParOldGen: 523841K->516311K(524288K)] 611905K->516311K(699392K), [Metaspace: 43976K->43976K(1087488K)], 0.0569012 secs] [Times: user=0.55 sys=0.00, real=0.06 secs] 
2016-09-25T23:04:18.861-0400: 93.129: [Full GC (Ergonomics) [PSYoungGen: 88064K->0K(175104K)] [ParOldGen: 516359K->511382K(524288K)] 604423K->511382K(699392K), [Metaspace: 43977K->43977K(1087488K)], 0.0587609 secs] [Times: user=0.54 sys=0.01, real=0.06 secs] 
2016-09-25T23:04:18.957-0400: 93.225: [Full GC (Ergonomics) [PSYoungGen: 88064K->0K(175104K)] [ParOldGen: 518185K->517591K(524288K)] 606249K->517591K(699392K), [Metaspace: 43977K->43977K(1087488K)], 0.0526608 secs] [Times: user=0.44 sys=0.00, real=0.05 secs] 
2016-09-25T23:04:19.055-0400: 93.323: [Full GC (Ergonomics) [PSYoungGen: 88064K->0K(175104K)] [ParOldGen: 521002K->508739K(524288K)] 609066K->508739K(699392K), [Metaspace: 43977K->43977K(1087488K)], 0.0580807 secs] [Times: user=0.56 sys=0.00, real=0.05 secs] 
2016-09-25T23:04:19.143-0400: 93.411: [Full GC (Ergonomics) [PSYoungGen: 88064K->2702K(175104K)] [ParOldGen: 511700K->523398K(524288K)] 599764K->526101K(699392K), [Metaspace: 43977K->43977K(1087488K)], 0.1834377 secs] [Times: user=2.70 sys=0.03, real=0.18 secs] 
2016-09-25T23:04:19.372-0400: 93.640: [Full GC (Ergonomics) [PSYoungGen: 88064K->0K(175104K)] [ParOldGen: 523677K->514524K(524288K)] 611741K->514524K(699392K), [Metaspace: 43977K->43977K(1087488K)], 0.0597979 secs] [Times: user=0.43 sys=0.01, real=0.06 secs] 
2016-09-25T23:04:19.483-0400: 93.751: [Full GC (Ergonomics) [PSYoungGen: 88064K->0K(175104K)] [ParOldGen: 524227K->507157K(524288K)] 612291K->507157K(699392K), [Metaspace: 43977K->43977K(1087488K)], 0.0555036 secs] [Times: user=0.53 sys=0.00, real=0.05 secs] 
2016-09-25T23:04:19.562-0400: 93.830: [Full GC (Ergonomics) [PSYoungGen: 88064K->5469K(175104K)] [ParOldGen: 507333K->522208K(524288K)] 595397K->527678K(699392K), [Metaspace: 43977K->43977K(1087488K)], 0.1537243 secs] [Times: user=2.27 sys=0.02, real=0.16 secs] 
2016-09-25T23:04:19.771-0400: 94.039: [Full GC (Ergonomics) [PSYoungGen: 87725K->0K(175104K)] [ParOldGen: 523558K->508294K(524288K)] 611284K->508294K(699392K), [Metaspace: 43977K->43977K(1087488K)], 0.0531427 secs] [Times: user=0.47 sys=0.01, real=0.06 secs] 
2016-09-25T23:04:19.857-0400: 94.125: [Full GC (Ergonomics) [PSYoungGen: 88064K->0K(175104K)] [ParOldGen: 508361K->518031K(524288K)] 596425K->518031K(699392K), [Metaspace: 43977K->43977K(1087488K)], 0.0579883 secs] [Times: user=0.54 sys=0.01, real=0.06 secs] 
2016-09-25T23:04:19.954-0400: 94.222: [Full GC (Ergonomics) [PSYoungGen: 87294K->0K(175104K)] [ParOldGen: 523431K->518962K(524288K)] 610726K->518962K(699392K), [Metaspace: 43977K->43977K(1087488K)], 0.0554699 secs] [Times: user=0.46 sys=0.00, real=0.05 secs] 
2016-09-25T23:04:20.055-0400: 94.323: [Full GC (Ergonomics) [PSYoungGen: 88064K->0K(175104K)] [ParOldGen: 518994K->513958K(524288K)] 607058K->513958K(699392K), [Metaspace: 43977K->43977K(1087488K)], 0.0659644 secs] [Times: user=0.59 sys=0.00, real=0.06 secs] 
2016-09-25T23:04:20.144-0400: 94.412: [Full GC (Ergonomics) [PSYoungGen: 88064K->9547K(175104K)] [ParOldGen: 516762K->523415K(524288K)] 604826K->532962K(699392K), [Metaspace: 43977K->43977K(1087488K)], 0.1732169 secs] [Times: user=2.58 sys=0.00, real=0.17 secs] 
2016-09-25T23:04:20.363-0400: 94.631: [Full GC (Ergonomics) [PSYoungGen: 88064K->0K(175104K)] [ParOldGen: 523427K->512012K(524288K)] 611491K->512012K(699392K), [Metaspace: 43977K->43977K(1087488K)], 0.0551957 secs] [Times: user=0.54 sys=0.01, real=0.05 secs] 
2016-09-25T23:04:20.448-0400: 94.716: [Full GC (Ergonomics) [PSYoungGen: 88064K->8100K(175104K)] [ParOldGen: 512088K->523154K(524288K)] 600152K->531255K(699392K), [Metaspace: 43977K->43977K(1087488K)], 0.1603867 secs] [Times: user=2.35 sys=0.01, real=0.16 secs] 
2016-09-25T23:04:20.645-0400: 94.913: [Full GC (Ergonomics) [PSYoungGen: 88064K->0K(175104K)] [ParOldGen: 523229K->520930K(524288K)] 611293K->520930K(699392K), [Metaspace: 43977K->43977K(1087488K)], 0.0563505 secs] [Times: user=0.55 sys=0.01, real=0.05 secs] 
2016-09-25T23:04:20.743-0400: 95.011: [Full GC (Ergonomics) [PSYoungGen: 88064K->0K(175104K)] [ParOldGen: 521002K->518920K(524288K)] 609066K->518920K(699392K), [Metaspace: 43978K->43978K(1087488K)], 0.0570480 secs] [Times: user=0.55 sys=0.00, real=0.05 secs] 
2016-09-25T23:04:20.835-0400: 95.103: [Full GC (Ergonomics) [PSYoungGen: 88064K->6762K(175104K)] [ParOldGen: 521767K->523223K(524288K)] 609831K->529986K(699392K), [Metaspace: 43978K->43978K(1087488K)], 0.1656226 secs] [Times: user=2.45 sys=0.00, real=0.16 secs] 
2016-09-25T23:04:21.043-0400: 95.311: [Full GC (Ergonomics) [PSYoungGen: 85600K->0K(175104K)] [ParOldGen: 523223K->519709K(524288K)] 608824K->519709K(699392K), [Metaspace: 43978K->43978K(1087488K)], 0.0606707 secs] [Times: user=0.43 sys=0.00, real=0.06 secs] 
2016-09-25T23:04:21.135-0400: 95.403: [Full GC (Ergonomics) [PSYoungGen: 88064K->5500K(175104K)] [ParOldGen: 523886K->522795K(524288K)] 611950K->528296K(699392K), [Metaspace: 43978K->43978K(1087488K)], 0.1767508 secs] [Times: user=1.74 sys=0.02, real=0.17 secs] 
2016-09-25T23:04:21.357-0400: 95.625: [Full GC (Ergonomics) [PSYoungGen: 87351K->0K(175104K)] [ParOldGen: 522795K->523350K(524288K)] 610147K->523350K(699392K), [Metaspace: 43978K->43978K(1087488K)], 0.0547668 secs] [Times: user=0.37 sys=0.00, real=0.05 secs] 
2016-09-25T23:04:21.443-0400: 95.711: [Full GC (Ergonomics) [PSYoungGen: 88064K->0K(175104K)] [ParOldGen: 523484K->524037K(524288K)] 611548K->524037K(699392K), [Metaspace: 43978K->43978K(1087488K)], 0.0565442 secs] [Times: user=0.46 sys=0.00, real=0.05 secs] 
2016-09-25T23:04:21.544-0400: 95.812: [Full GC (Ergonomics) [PSYoungGen: 86275K->0K(175104K)] [ParOldGen: 524037K->518238K(524288K)] 610313K->518238K(699392K), [Metaspace: 43978K->43978K(1087488K)], 0.0496724 secs] [Times: user=0.31 sys=0.00, real=0.04 secs] 
2016-09-25T23:04:21.628-0400: 95.896: [Full GC (Ergonomics) [PSYoungGen: 88064K->5497K(175104K)] [ParOldGen: 521479K->523406K(524288K)] 609543K->528904K(699392K), [Metaspace: 43978K->43978K(1087488K)], 0.1619528 secs] [Times: user=2.28 sys=0.01, real=0.16 secs] 
2016-09-25T23:04:21.833-0400: 96.101: [Full GC (Ergonomics) [PSYoungGen: 88064K->0K(175104K)] [ParOldGen: 523859K->511886K(524288K)] 611923K->511886K(699392K), [Metaspace: 43978K->43978K(1087488K)], 0.0544780 secs] [Times: user=0.46 sys=0.00, real=0.06 secs] 
2016-09-25T23:04:21.916-0400: 96.184: [Full GC (Ergonomics) [PSYoungGen: 88064K->8195K(175104K)] [ParOldGen: 511992K->522752K(524288K)] 600056K->530948K(699392K), [Metaspace: 43978K->43978K(1087488K)], 0.1660739 secs] [Times: user=2.47 sys=0.01, real=0.17 secs] 
2016-09-25T23:04:22.121-0400: 96.389: [Full GC (Ergonomics) [PSYoungGen: 88064K->5479K(175104K)] [ParOldGen: 522919K->523282K(524288K)] 610983K->528761K(699392K), [Metaspace: 43978K->43978K(1087488K)], 0.1438999 secs] [Times: user=2.08 sys=0.01, real=0.15 secs] 
2016-09-25T23:04:22.305-0400: 96.573: [Full GC (Ergonomics) [PSYoungGen: 87919K->0K(175104K)] [ParOldGen: 523282K->519829K(524288K)] 611202K->519829K(699392K), [Metaspace: 43978K->43978K(1087488K)], 0.0554200 secs] [Times: user=0.58 sys=0.00, real=0.05 secs] 
2016-09-25T23:04:22.393-0400: 96.661: [Full GC (Ergonomics) [PSYoungGen: 88064K->6774K(175104K)] [ParOldGen: 522631K->523006K(524288K)] 610695K->529781K(699392K), [Metaspace: 43978K->43978K(1087488K)], 0.1466622 secs] [Times: user=2.16 sys=0.00, real=0.15 secs] 
2016-09-25T23:04:22.574-0400: 96.842: [Full GC (Ergonomics) [PSYoungGen: 86737K->2962K(175104K)] [ParOldGen: 523006K->523128K(524288K)] 609743K->526090K(699392K), [Metaspace: 43978K->43978K(1087488K)], 0.1670972 secs] [Times: user=2.42 sys=0.00, real=0.16 secs] 
2016-09-25T23:04:22.777-0400: 97.045: [Full GC (Ergonomics) [PSYoungGen: 88064K->8122K(175104K)] [ParOldGen: 523235K->522164K(524288K)] 611299K->530287K(699392K), [Metaspace: 43978K->43978K(1087488K)], 0.1584138 secs] [Times: user=2.27 sys=0.00, real=0.16 secs] 
2016-09-25T23:04:22.970-0400: 97.238: [Full GC (Ergonomics) [PSYoungGen: 87599K->4150K(175104K)] [ParOldGen: 522164K->524014K(524288K)] 609764K->528164K(699392K), [Metaspace: 43978K->43978K(1087488K)], 0.1501092 secs] [Times: user=2.06 sys=0.02, real=0.15 secs] 
2016-09-25T23:04:23.166-0400: 97.434: [Full GC (Ergonomics) [PSYoungGen: 88064K->0K(175104K)] [ParOldGen: 524135K->518021K(524288K)] 612199K->518021K(699392K), [Metaspace: 43978K->43978K(1087488K)], 0.0604186 secs] [Times: user=0.54 sys=0.00, real=0.06 secs] 
2016-09-25T23:04:23.259-0400: 97.527: [Full GC (Ergonomics) [PSYoungGen: 88064K->9653K(175104K)] [ParOldGen: 518269K->523489K(524288K)] 606333K->533143K(699392K), [Metaspace: 43978K->43978K(1087488K)], 0.1661593 secs] [Times: user=2.31 sys=0.01, real=0.17 secs] 
2016-09-25T23:04:23.460-0400: 97.728: [Full GC (Ergonomics) [PSYoungGen: 88064K->6851K(175104K)] [ParOldGen: 524127K->523906K(524288K)] 612191K->530758K(699392K), [Metaspace: 43978K->43978K(1087488K)], 0.1577967 secs] [Times: user=2.29 sys=0.02, real=0.16 secs] 
2016-09-25T23:04:23.655-0400: 97.923: [Full GC (Ergonomics) [PSYoungGen: 86056K->4052K(175104K)] [ParOldGen: 523906K->522988K(524288K)] 609962K->527040K(699392K), [Metaspace: 43978K->43978K(1087488K)], 0.1559548 secs] [Times: user=2.23 sys=0.01, real=0.15 secs] 
2016-09-25T23:04:23.842-0400: 98.110: [Full GC (Ergonomics) [PSYoungGen: 85638K->12277K(175104K)] [ParOldGen: 522988K->523277K(524288K)] 608627K->535555K(699392K), [Metaspace: 43978K->43978K(1087488K)], 0.1513809 secs] [Times: user=2.16 sys=0.01, real=0.14 secs] 
2016-09-25T23:04:24.030-0400: 98.298: [Full GC (Ergonomics) [PSYoungGen: 87203K->2830K(175104K)] [ParOldGen: 523277K->523773K(524288K)] 610480K->526603K(699392K), [Metaspace: 43978K->43978K(1087488K)], 0.1629725 secs] [Times: user=2.23 sys=0.01, real=0.16 secs] 
2016-09-25T23:04:24.229-0400: 98.497: [Full GC (Ergonomics) [PSYoungGen: 88064K->8134K(175104K)] [ParOldGen: 523872K->522773K(524288K)] 611936K->530908K(699392K), [Metaspace: 43978K->43978K(1087488K)], 0.1651040 secs] [Times: user=2.46 sys=0.01, real=0.17 secs] 
2016-09-25T23:04:24.425-0400: 98.693: [Full GC (Ergonomics) [PSYoungGen: 88064K->13581K(175104K)] [ParOldGen: 522928K->523242K(524288K)] 610992K->536823K(699392K), [Metaspace: 43978K->43978K(1087488K)], 0.1652324 secs] [Times: user=2.28 sys=0.02, real=0.16 secs] 
2016-09-25T23:04:24.629-0400: 98.897: [Full GC (Ergonomics) [PSYoungGen: 85783K->5508K(175104K)] [ParOldGen: 523242K->522226K(524288K)] 609025K->527734K(699392K), [Metaspace: 43978K->43978K(1087488K)], 0.1566533 secs] [Times: user=2.28 sys=0.00, real=0.16 secs] 
2016-09-25T23:04:24.820-0400: 99.088: [Full GC (Ergonomics) [PSYoungGen: 87429K->6939K(175104K)] [ParOldGen: 522226K->522500K(524288K)] 609656K->529440K(699392K), [Metaspace: 43978K->43978K(1087488K)], 0.1646483 secs] [Times: user=2.37 sys=0.03, real=0.17 secs] 
2016-09-25T23:04:25.022-0400: 99.290: [Full GC (Ergonomics) [PSYoungGen: 86434K->6754K(175104K)] [ParOldGen: 522500K->523004K(524288K)] 608935K->529759K(699392K), [Metaspace: 43978K->43978K(1087488K)], 0.1644541 secs] [Times: user=2.45 sys=0.02, real=0.16 secs] 
2016-09-25T23:04:25.218-0400: 99.486: [Full GC (Ergonomics) [PSYoungGen: 88064K->12167K(175104K)] [ParOldGen: 523262K->523323K(524288K)] 611326K->535490K(699392K), [Metaspace: 43978K->43978K(1087488K)], 0.1604243 secs] [Times: user=2.38 sys=0.00, real=0.16 secs] 
2016-09-25T23:04:25.416-0400: 99.684: [Full GC (Ergonomics) [PSYoungGen: 88064K->12315K(175104K)] [ParOldGen: 523323K->523605K(524288K)] 611387K->535921K(699392K), [Metaspace: 43981K->43981K(1087488K)], 0.1645238 secs] [Times: user=2.45 sys=0.01, real=0.16 secs] 
2016-09-25T23:04:25.611-0400: 99.879: [Full GC (Ergonomics) [PSYoungGen: 88061K->12212K(175104K)] [ParOldGen: 523624K->523882K(524288K)] 611686K->536094K(699392K), [Metaspace: 43981K->43981K(1087488K)], 0.1665438 secs] [Times: user=2.50 sys=0.00, real=0.17 secs] 
2016-09-25T23:04:25.811-0400: 100.079: [Full GC (Ergonomics) [PSYoungGen: 88064K->9561K(175104K)] [ParOldGen: 523957K->524223K(524288K)] 612021K->533785K(699392K), [Metaspace: 43981K->43981K(1087488K)], 0.1742120 secs] [Times: user=2.47 sys=0.02, real=0.18 secs] 
2016-09-25T23:04:26.016-0400: 100.284: [Full GC (Ergonomics) [PSYoungGen: 85576K->15031K(175104K)] [ParOldGen: 524223K->521807K(524288K)] 609800K->536839K(699392K), [Metaspace: 43981K->43981K(1087488K)], 0.1544250 secs] [Times: user=2.28 sys=0.00, real=0.15 secs] 
2016-09-25T23:04:26.207-0400: 100.475: [Full GC (Ergonomics) [PSYoungGen: 88064K->4129K(175104K)] [ParOldGen: 522194K->523794K(524288K)] 610258K->527924K(699392K), [Metaspace: 43981K->43981K(1087488K)], 0.1526813 secs] [Times: user=2.18 sys=0.01, real=0.15 secs] 
2016-09-25T23:04:26.388-0400: 100.656: [Full GC (Ergonomics) [PSYoungGen: 88064K->12244K(175104K)] [ParOldGen: 523882K->522574K(524288K)] 611946K->534818K(699392K), [Metaspace: 43981K->43981K(1087488K)], 0.1532306 secs] [Times: user=2.15 sys=0.02, real=0.15 secs] 
2016-09-25T23:04:26.582-0400: 100.850: [Full GC (Ergonomics) [PSYoungGen: 87438K->8225K(175104K)] [ParOldGen: 522574K->524269K(524288K)] 610012K->532494K(699392K), [Metaspace: 43981K->43981K(1087488K)], 0.1559543 secs] [Times: user=2.27 sys=0.03, real=0.16 secs] 
2016-09-25T23:04:26.775-0400: 101.043: [Full GC (Ergonomics) [PSYoungGen: 87092K->8242K(175104K)] [ParOldGen: 524269K->521777K(524288K)] 611361K->530020K(699392K), [Metaspace: 43981K->43981K(1087488K)], 0.1627321 secs] [Times: user=2.43 sys=0.02, real=0.16 secs] 
2016-09-25T23:04:26.974-0400: 101.242: [Full GC (Ergonomics) [PSYoungGen: 88064K->15011K(175104K)] [ParOldGen: 521785K->523552K(524288K)] 609849K->538564K(699392K), [Metaspace: 43981K->43981K(1087488K)], 0.1665655 secs] [Times: user=2.43 sys=0.01, real=0.17 secs] 
2016-09-25T23:04:27.173-0400: 101.441: [Full GC (Ergonomics) [PSYoungGen: 88064K->16477K(175104K)] [ParOldGen: 523667K->522308K(524288K)] 611731K->538785K(699392K), [Metaspace: 44009K->44009K(1087488K)], 0.1564395 secs] [Times: user=2.45 sys=0.03, real=0.16 secs] 
2016-09-25T23:04:27.361-0400: 101.629: [Full GC (Ergonomics) [PSYoungGen: 88064K->11005K(175104K)] [ParOldGen: 522946K->521664K(524288K)] 611010K->532669K(699392K), [Metaspace: 44009K->44009K(1087488K)], 0.1644591 secs] [Times: user=2.44 sys=0.02, real=0.17 secs] 
2016-09-25T23:04:27.563-0400: 101.831: [Full GC (Ergonomics) [PSYoungGen: 88064K->8101K(175104K)] [ParOldGen: 521795K->523187K(524288K)] 609859K->531289K(699392K), [Metaspace: 44013K->44013K(1087488K)], 0.1764870 secs] [Times: user=2.59 sys=0.02, real=0.17 secs] 
2016-09-25T23:04:27.765-0400: 102.033: [Full GC (Ergonomics) [PSYoungGen: 88064K->18921K(175104K)] [ParOldGen: 523407K->523631K(524288K)] 611471K->542553K(699392K), [Metaspace: 44013K->44013K(1087488K)], 0.1554850 secs] [Times: user=2.31 sys=0.00, real=0.15 secs] 
2016-09-25T23:04:27.966-0400: 102.234: [Full GC (Ergonomics) [PSYoungGen: 87324K->2762K(175104K)] [ParOldGen: 523631K->523780K(524288K)] 610955K->526543K(699392K), [Metaspace: 44013K->44013K(1087488K)], 0.1463234 secs] [Times: user=2.09 sys=0.01, real=0.14 secs] 
2016-09-25T23:04:28.144-0400: 102.412: [Full GC (Ergonomics) [PSYoungGen: 87690K->12330K(175104K)] [ParOldGen: 523780K->524019K(524288K)] 611470K->536349K(699392K), [Metaspace: 44013K->44013K(1087488K)], 0.1630154 secs] [Times: user=2.23 sys=0.02, real=0.16 secs] 
2016-09-25T23:04:28.338-0400: 102.606: [Full GC (Ergonomics) [PSYoungGen: 88064K->16332K(175104K)] [ParOldGen: 524055K->521666K(524288K)] 612119K->537998K(699392K), [Metaspace: 44027K->44027K(1087488K)], 0.1600510 secs] [Times: user=2.32 sys=0.01, real=0.16 secs] 
2016-09-25T23:04:28.527-0400: 102.795: [Full GC (Ergonomics) [PSYoungGen: 85668K->12392K(175104K)] [ParOldGen: 521666K->521835K(524288K)] 607335K->534228K(699392K), [Metaspace: 44027K->44027K(1087488K)], 0.1548664 secs] [Times: user=2.30 sys=0.02, real=0.16 secs] 
2016-09-25T23:04:28.719-0400: 102.987: [Full GC (Ergonomics) [PSYoungGen: 87823K->13568K(175104K)] [ParOldGen: 521835K->522290K(524288K)] 609659K->535858K(699392K), [Metaspace: 44027K->44027K(1087488K)], 0.1681808 secs] [Times: user=2.51 sys=0.00, real=0.17 secs] 
2016-09-25T23:04:28.916-0400: 103.184: [Full GC (Ergonomics) [PSYoungGen: 85932K->13528K(175104K)] [ParOldGen: 522290K->522604K(524288K)] 608222K->536133K(699392K), [Metaspace: 44027K->44027K(1087488K)], 0.1526334 secs] [Times: user=2.38 sys=0.03, real=0.15 secs] 
2016-09-25T23:04:29.104-0400: 103.372: [Full GC (Ergonomics) [PSYoungGen: 88064K->12189K(175104K)] [ParOldGen: 522679K->524255K(524288K)] 610743K->536444K(699392K), [Metaspace: 44027K->44027K(1087488K)], 0.1680940 secs] [Times: user=2.42 sys=0.01, real=0.16 secs] 
2016-09-25T23:04:29.301-0400: 103.569: [Full GC (Ergonomics) [PSYoungGen: 86875K->20483K(175104K)] [ParOldGen: 524255K->523193K(524288K)] 611130K->543676K(699392K), [Metaspace: 44027K->44027K(1087488K)], 0.1569108 secs] [Times: user=2.43 sys=0.04, real=0.16 secs] 
2016-09-25T23:04:29.495-0400: 103.763: [Full GC (Ergonomics) [PSYoungGen: 87737K->10800K(175104K)] [ParOldGen: 523193K->523574K(524288K)] 610930K->534375K(699392K), [Metaspace: 44027K->44027K(1087488K)], 0.1662800 secs] [Times: user=2.38 sys=0.03, real=0.16 secs] 
2016-09-25T23:04:29.694-0400: 103.962: [Full GC (Ergonomics) [PSYoungGen: 88064K->23355K(175104K)] [ParOldGen: 523582K->522188K(524288K)] 611646K->545544K(699392K), [Metaspace: 44028K->44028K(1087488K)], 0.1738047 secs] [Times: user=2.55 sys=0.02, real=0.18 secs] 
2016-09-25T23:04:29.898-0400: 104.166: [Full GC (Ergonomics) [PSYoungGen: 87890K->22003K(175104K)] [ParOldGen: 522188K->523678K(524288K)] 610079K->545682K(699392K), [Metaspace: 44028K->44028K(1087488K)], 0.1655052 secs] [Times: user=2.20 sys=0.00, real=0.17 secs] 
2016-09-25T23:04:30.102-0400: 104.370: [Full GC (Ergonomics) [PSYoungGen: 88064K->9547K(175104K)] [ParOldGen: 523865K->524285K(524288K)] 611929K->533833K(699392K), [Metaspace: 44031K->44031K(1087488K)], 0.1718059 secs] [Times: user=2.70 sys=0.03, real=0.17 secs] 
2016-09-25T23:04:30.304-0400: 104.572: [Full GC (Ergonomics) [PSYoungGen: 88062K->23270K(175104K)] [ParOldGen: 524285K->521710K(524288K)] 612348K->544980K(699392K), [Metaspace: 44031K->44031K(1087488K)], 0.1505754 secs] [Times: user=2.24 sys=0.01, real=0.15 secs] 
2016-09-25T23:04:30.488-0400: 104.756: [Full GC (Ergonomics) [PSYoungGen: 87748K->6906K(175104K)] [ParOldGen: 523060K->523294K(524288K)] 610809K->530201K(699392K), [Metaspace: 44031K->44031K(1087488K)], 0.1784402 secs] [Times: user=2.73 sys=0.01, real=0.18 secs] 
2016-09-25T23:04:30.702-0400: 104.970: [Full GC (Ergonomics) [PSYoungGen: 85570K->19118K(175104K)] [ParOldGen: 523294K->522277K(524288K)] 608864K->541395K(699392K), [Metaspace: 44032K->44032K(1087488K)], 0.1565726 secs] [Times: user=2.32 sys=0.00, real=0.15 secs] 
2016-09-25T23:04:30.890-0400: 105.158: [Full GC (Ergonomics) [PSYoungGen: 88064K->15004K(175104K)] [ParOldGen: 523734K->523877K(524288K)] 611798K->538881K(699392K), [Metaspace: 44032K->44032K(1087488K)], 0.1584857 secs] [Times: user=2.24 sys=0.02, real=0.16 secs] 
2016-09-25T23:04:31.078-0400: 105.346: [Full GC (Ergonomics) [PSYoungGen: 87964K->21745K(175104K)] [ParOldGen: 523877K->522930K(524288K)] 611842K->544675K(699392K), [Metaspace: 44032K->44032K(1087488K)], 0.1537391 secs] [Times: user=2.09 sys=0.00, real=0.15 secs] 
2016-09-25T23:04:31.270-0400: 105.538: [Full GC (Ergonomics) [PSYoungGen: 88064K->16426K(175104K)] [ParOldGen: 523014K->523030K(524288K)] 611078K->539457K(699392K), [Metaspace: 44032K->44032K(1087488K)], 0.1577039 secs] [Times: user=2.26 sys=0.00, real=0.16 secs] 
2016-09-25T23:04:31.456-0400: 105.724: [Full GC (Ergonomics) [PSYoungGen: 86746K->17886K(175104K)] [ParOldGen: 523030K->522018K(524288K)] 609776K->539904K(699392K), [Metaspace: 44032K->44032K(1087488K)], 0.1619381 secs] [Times: user=2.37 sys=0.04, real=0.16 secs] 
2016-09-25T23:04:31.654-0400: 105.922: [Full GC (Ergonomics) [PSYoungGen: 87613K->19202K(175104K)] [ParOldGen: 522018K->523467K(524288K)] 609632K->542669K(699392K), [Metaspace: 44032K->44032K(1087488K)], 0.1864870 secs] [Times: user=2.42 sys=0.05, real=0.18 secs] 
2016-09-25T23:04:31.870-0400: 106.138: [Full GC (Ergonomics) [PSYoungGen: 86888K->9895K(175104K)] [ParOldGen: 523467K->522500K(524288K)] 610355K->532395K(699392K), [Metaspace: 44034K->44034K(1087488K)], 0.1460745 secs] [Times: user=2.14 sys=0.01, real=0.15 secs] 
2016-09-25T23:04:32.053-0400: 106.321: [Full GC (Ergonomics) [PSYoungGen: 88064K->13700K(175104K)] [ParOldGen: 522500K->522778K(524288K)] 610564K->536479K(699392K), [Metaspace: 44034K->44034K(1087488K)], 0.1543534 secs] [Times: user=2.22 sys=0.01, real=0.16 secs] 
2016-09-25T23:04:32.238-0400: 106.506: [Full GC (Ergonomics) [PSYoungGen: 88064K->28769K(175104K)] [ParOldGen: 522808K->522499K(524288K)] 610872K->551268K(699392K), [Metaspace: 44034K->44034K(1087488K)], 0.1524814 secs] [Times: user=2.25 sys=0.01, real=0.15 secs] 
2016-09-25T23:04:32.428-0400: 106.696: [Full GC (Ergonomics) [PSYoungGen: 86376K->19152K(175104K)] [ParOldGen: 522499K->524182K(524288K)] 608875K->543334K(699392K), [Metaspace: 44034K->44034K(1087488K)], 0.1621880 secs] [Times: user=2.54 sys=0.01, real=0.16 secs] 
2016-09-25T23:04:32.609-0400: 106.877: [Full GC (Ergonomics) [PSYoungGen: 88064K->26018K(175104K)] [ParOldGen: 524288K->523091K(524288K)] 612352K->549109K(699392K), [Metaspace: 44034K->44034K(1087488K)], 0.1570108 secs] [Times: user=2.22 sys=0.01, real=0.16 secs] 
2016-09-25T23:04:32.796-0400: 107.064: [Full GC (Ergonomics) [PSYoungGen: 88064K->16536K(175104K)] [ParOldGen: 523194K->521838K(524288K)] 611258K->538374K(699392K), [Metaspace: 44034K->44034K(1087488K)], 0.1629064 secs] [Times: user=2.46 sys=0.00, real=0.16 secs] 
2016-09-25T23:04:32.987-0400: 107.255: [Full GC (Ergonomics) [PSYoungGen: 88064K->19113K(175104K)] [ParOldGen: 523196K->523828K(524288K)] 611260K->542942K(699392K), [Metaspace: 44034K->44034K(1087488K)], 0.1583214 secs] [Times: user=2.32 sys=0.02, real=0.16 secs] 
2016-09-25T23:04:33.176-0400: 107.444: [Full GC (Ergonomics) [PSYoungGen: 88064K->9605K(175104K)] [ParOldGen: 524287K->524006K(524288K)] 612351K->533611K(699392K), [Metaspace: 44034K->44034K(1087488K)], 0.1555886 secs] [Times: user=2.29 sys=0.01, real=0.15 secs] 
2016-09-25T23:04:33.367-0400: 107.635: [Full GC (Ergonomics) [PSYoungGen: 88064K->16401K(175104K)] [ParOldGen: 524150K->522967K(524288K)] 612214K->539368K(699392K), [Metaspace: 44034K->44034K(1087488K)], 0.1560409 secs] [Times: user=2.23 sys=0.01, real=0.16 secs] 
2016-09-25T23:04:33.559-0400: 107.827: [Full GC (Ergonomics) [PSYoungGen: 88064K->12456K(175104K)] [ParOldGen: 523158K->521651K(524288K)] 611222K->534107K(699392K), [Metaspace: 44035K->44035K(1087488K)], 0.1622864 secs] [Times: user=1.90 sys=0.02, real=0.16 secs] 
2016-09-25T23:04:33.760-0400: 108.028: [Full GC (Ergonomics) [PSYoungGen: 88064K->16472K(175104K)] [ParOldGen: 523062K->521953K(524288K)] 611126K->538425K(699392K), [Metaspace: 44035K->44035K(1087488K)], 0.1578939 secs] [Times: user=2.17 sys=0.01, real=0.16 secs] 
2016-09-25T23:04:33.947-0400: 108.215: [Full GC (Ergonomics) [PSYoungGen: 86397K->25965K(175104K)] [ParOldGen: 521953K->522173K(524288K)] 608350K->548139K(699392K), [Metaspace: 44035K->44035K(1087488K)], 0.1999048 secs] [Times: user=2.63 sys=0.01, real=0.20 secs] 
2016-09-25T23:04:34.184-0400: 108.452: [Full GC (Ergonomics) [PSYoungGen: 88064K->21914K(175104K)] [ParOldGen: 523535K->523798K(524288K)] 611599K->545712K(699392K), [Metaspace: 44035K->44035K(1087488K)], 0.1587988 secs] [Times: user=2.01 sys=0.02, real=0.16 secs] 
2016-09-25T23:04:34.376-0400: 108.644: [Full GC (Ergonomics) [PSYoungGen: 88064K->16336K(175104K)] [ParOldGen: 523844K->522823K(524288K)] 611908K->539160K(699392K), [Metaspace: 44035K->44035K(1087488K)], 0.1875091 secs] [Times: user=2.65 sys=0.01, real=0.19 secs] 
2016-09-25T23:04:34.595-0400: 108.863: [Full GC (Ergonomics) [PSYoungGen: 88064K->19150K(175104K)] [ParOldGen: 523924K->523183K(524288K)] 611988K->542333K(699392K), [Metaspace: 44037K->44037K(1087488K)], 0.1612913 secs] [Times: user=2.22 sys=0.01, real=0.16 secs] 
2016-09-25T23:04:34.787-0400: 109.055: [Full GC (Ergonomics) [PSYoungGen: 88064K->25985K(175104K)] [ParOldGen: 523202K->523160K(524288K)] 611266K->549146K(699392K), [Metaspace: 44037K->44037K(1087488K)], 0.1577362 secs] [Times: user=2.16 sys=0.00, real=0.16 secs] 
2016-09-25T23:04:34.983-0400: 109.252: [Full GC (Ergonomics) [PSYoungGen: 88064K->26017K(175104K)] [ParOldGen: 523260K->523295K(524288K)] 611324K->549313K(699392K), [Metaspace: 44037K->44037K(1087488K)], 0.1722450 secs] [Times: user=2.34 sys=0.02, real=0.17 secs] 
2016-09-25T23:04:35.195-0400: 109.463: [Full GC (Ergonomics) [PSYoungGen: 86046K->20635K(175104K)] [ParOldGen: 523295K->523489K(524288K)] 609342K->544125K(699392K), [Metaspace: 44037K->44037K(1087488K)], 0.1584843 secs] [Times: user=2.19 sys=0.03, real=0.15 secs] 
2016-09-25T23:04:35.394-0400: 109.662: [Full GC (Ergonomics) [PSYoungGen: 87181K->27372K(175104K)] [ParOldGen: 523489K->523935K(524288K)] 610671K->551307K(699392K), [Metaspace: 44037K->44037K(1087488K)], 0.1581866 secs] [Times: user=1.80 sys=0.02, real=0.16 secs] 
2016-09-25T23:04:35.588-0400: 109.856: [Full GC (Ergonomics) [PSYoungGen: 88064K->26033K(175104K)] [ParOldGen: 524081K->523913K(524288K)] 612145K->549946K(699392K), [Metaspace: 44037K->44037K(1087488K)], 0.1725731 secs] [Times: user=2.44 sys=0.02, real=0.17 secs] 
2016-09-25T23:04:35.790-0400: 110.058: [Full GC (Ergonomics) [PSYoungGen: 88064K->19219K(175104K)] [ParOldGen: 524180K->522947K(524288K)] 612244K->542167K(699392K), [Metaspace: 44038K->44038K(1087488K)], 0.1523588 secs] [Times: user=2.19 sys=0.02, real=0.16 secs] 
2016-09-25T23:04:35.989-0400: 110.257: [Full GC (Ergonomics) [PSYoungGen: 87303K->16484K(175104K)] [ParOldGen: 522947K->521818K(524288K)] 610250K->538302K(699392K), [Metaspace: 44038K->44038K(1087488K)], 0.1690536 secs] [Times: user=2.46 sys=0.02, real=0.17 secs] 
2016-09-25T23:04:36.185-0400: 110.453: [Full GC (Ergonomics) [PSYoungGen: 87522K->25875K(175104K)] [ParOldGen: 521818K->522193K(524288K)] 609341K->548068K(699392K), [Metaspace: 44038K->44038K(1087488K)], 0.1691138 secs] [Times: user=2.52 sys=0.01, real=0.17 secs] 
2016-09-25T23:04:36.391-0400: 110.659: [Full GC (Ergonomics) [PSYoungGen: 88064K->19333K(175104K)] [ParOldGen: 522259K->523445K(524288K)] 610323K->542778K(699392K), [Metaspace: 44038K->44038K(1087488K)], 0.1657946 secs] [Times: user=2.43 sys=0.02, real=0.17 secs] 
2016-09-25T23:04:36.587-0400: 110.855: [Full GC (Ergonomics) [PSYoungGen: 88064K->19046K(175104K)] [ParOldGen: 523707K->524205K(524288K)] 611771K->543252K(699392K), [Metaspace: 44038K->44038K(1087488K)], 0.1718814 secs] [Times: user=2.30 sys=0.02, real=0.17 secs] 
2016-09-25T23:04:36.787-0400: 111.055: [Full GC (Ergonomics) [PSYoungGen: 88061K->27312K(175104K)] [ParOldGen: 524284K->524138K(524288K)] 612346K->551451K(699392K), [Metaspace: 44038K->44038K(1087488K)], 0.1521139 secs] [Times: user=2.00 sys=0.02, real=0.15 secs] 
2016-09-25T23:04:36.979-0400: 111.247: [Full GC (Ergonomics) [PSYoungGen: 88064K->24685K(175104K)] [ParOldGen: 524287K->521695K(524288K)] 612351K->546381K(699392K), [Metaspace: 44038K->44038K(1087488K)], 0.2120137 secs] [Times: user=2.63 sys=0.04, real=0.21 secs] 
2016-09-25T23:04:37.221-0400: 111.489: [Full GC (Ergonomics) [PSYoungGen: 88064K->26187K(175104K)] [ParOldGen: 521942K->521850K(524288K)] 610006K->548037K(699392K), [Metaspace: 44038K->44038K(1087488K)], 0.1817543 secs] [Times: user=2.54 sys=0.01, real=0.19 secs] 
2016-09-25T23:04:37.435-0400: 111.703: [Full GC (Ergonomics) [PSYoungGen: 86182K->17782K(175104K)] [ParOldGen: 521850K->523534K(524288K)] 608032K->541317K(699392K), [Metaspace: 44038K->44038K(1087488K)], 0.1503263 secs] [Times: user=1.98 sys=0.01, real=0.15 secs] 
2016-09-25T23:04:37.613-0400: 111.881: [Full GC (Ergonomics) [PSYoungGen: 86779K->24614K(175104K)] [ParOldGen: 523534K->523821K(524288K)] 610314K->548436K(699392K), [Metaspace: 44038K->44038K(1087488K)], 0.1595339 secs] [Times: user=1.94 sys=0.01, real=0.16 secs] 
2016-09-25T23:04:37.811-0400: 112.079: [Full GC (Ergonomics) [PSYoungGen: 86413K->20624K(175104K)] [ParOldGen: 523821K->523976K(524288K)] 610235K->544600K(699392K), [Metaspace: 44039K->44039K(1087488K)], 0.1536142 secs] [Times: user=2.09 sys=0.00, real=0.16 secs] 
2016-09-25T23:04:37.994-0400: 112.262: [Full GC (Ergonomics) [PSYoungGen: 86845K->27404K(175104K)] [ParOldGen: 523976K->522770K(524288K)] 610821K->550174K(699392K), [Metaspace: 44039K->44039K(1087488K)], 0.1609567 secs] [Times: user=2.28 sys=0.01, real=0.16 secs] 
2016-09-25T23:04:38.192-0400: 112.460: [Full GC (Ergonomics) [PSYoungGen: 88064K->26162K(175104K)] [ParOldGen: 524193K->524210K(524288K)] 612257K->550373K(699392K), [Metaspace: 44039K->44039K(1087488K)], 0.1531394 secs] [Times: user=2.20 sys=0.02, real=0.16 secs] 
2016-09-25T23:04:38.378-0400: 112.646: [Full GC (Ergonomics) [PSYoungGen: 88064K->26255K(175104K)] [ParOldGen: 524282K->524246K(524288K)] 612346K->550501K(699392K), [Metaspace: 44039K->44039K(1087488K)], 0.1542023 secs] [Times: user=2.04 sys=0.00, real=0.15 secs] 
2016-09-25T23:04:38.555-0400: 112.823: [Full GC (Ergonomics) [PSYoungGen: 85997K->34169K(175104K)] [ParOldGen: 524246K->522150K(524288K)] 610243K->556320K(699392K), [Metaspace: 44039K->44039K(1087488K)], 0.1479289 secs] [Times: user=1.93 sys=0.03, real=0.15 secs] 
2016-09-25T23:04:38.742-0400: 113.010: [Full GC (Ergonomics) [PSYoungGen: 88064K->31482K(175104K)] [ParOldGen: 522317K->522149K(524288K)] 610381K->553631K(699392K), [Metaspace: 44039K->44039K(1087488K)], 0.1820481 secs] [Times: user=2.28 sys=0.00, real=0.18 secs] 
2016-09-25T23:04:38.950-0400: 113.218: [Full GC (Ergonomics) [PSYoungGen: 88064K->23305K(175104K)] [ParOldGen: 523549K->523902K(524288K)] 611613K->547207K(699392K), [Metaspace: 44039K->44039K(1087488K)], 0.1747085 secs] [Times: user=2.13 sys=0.02, real=0.18 secs] 
2016-09-25T23:04:39.155-0400: 113.423: [Full GC (Ergonomics) [PSYoungGen: 88064K->31568K(175104K)] [ParOldGen: 524089K->522530K(524288K)] 612153K->554098K(699392K), [Metaspace: 44039K->44039K(1087488K)], 0.1741192 secs] [Times: user=2.30 sys=0.01, real=0.17 secs] 
2016-09-25T23:04:39.360-0400: 113.628: [Full GC (Ergonomics) [PSYoungGen: 85993K->24697K(175104K)] [ParOldGen: 522530K->524280K(524288K)] 608524K->548977K(699392K), [Metaspace: 44041K->44041K(1087488K)], 0.1575348 secs] [Times: user=2.19 sys=0.01, real=0.16 secs] 
2016-09-25T23:04:39.549-0400: 113.817: [Full GC (Ergonomics) [PSYoungGen: 86997K->31687K(175104K)] [ParOldGen: 524280K->521615K(524288K)] 611277K->553303K(699392K), [Metaspace: 44041K->44041K(1087488K)], 0.1612087 secs] [Times: user=1.97 sys=0.00, real=0.16 secs] 
2016-09-25T23:04:39.749-0400: 114.017: [Full GC (Ergonomics) [PSYoungGen: 87784K->24839K(175104K)] [ParOldGen: 521615K->523072K(524288K)] 609399K->547912K(699392K), [Metaspace: 44041K->44041K(1087488K)], 0.1630542 secs] [Times: user=2.13 sys=0.00, real=0.16 secs] 
2016-09-25T23:04:39.951-0400: 114.219: [Full GC (Ergonomics) [PSYoungGen: 87437K->26246K(175104K)] [ParOldGen: 523072K->523318K(524288K)] 610510K->549565K(699392K), [Metaspace: 44041K->44041K(1087488K)], 0.1717432 secs] [Times: user=2.50 sys=0.02, real=0.18 secs] 
2016-09-25T23:04:40.165-0400: 114.434: [Full GC (Ergonomics) [PSYoungGen: 87775K->26362K(175104K)] [ParOldGen: 523318K->523191K(524288K)] 611094K->549553K(699392K), [Metaspace: 44041K->44041K(1087488K)], 0.1612848 secs] [Times: user=2.34 sys=0.00, real=0.16 secs] 
2016-09-25T23:04:40.357-0400: 114.625: [Full GC (Ergonomics) [PSYoungGen: 88064K->30245K(175104K)] [ParOldGen: 523274K->522208K(524288K)] 611338K->552453K(699392K), [Metaspace: 44075K->44075K(1087488K)], 0.1830324 secs] [Times: user=2.56 sys=0.00, real=0.18 secs] 
2016-09-25T23:04:42.914-0400: 117.182: [Full GC (Ergonomics) [PSYoungGen: 88064K->0K(175104K)] [ParOldGen: 522279K->502984K(524288K)] 610343K->502984K(699392K), [Metaspace: 44084K->44084K(1087488K)], 0.1077945 secs] [Times: user=0.88 sys=0.02, real=0.11 secs] 
2016-09-25T23:04:48.340-0400: 122.608: [Full GC (Ergonomics) [PSYoungGen: 88064K->0K(175104K)] [ParOldGen: 502984K->501148K(524288K)] 591048K->501148K(699392K), [Metaspace: 44097K->44097K(1087488K)], 0.1385213 secs] [Times: user=1.35 sys=0.03, real=0.14 secs] 
2016-09-25T23:04:53.239-0400: 127.507: [Full GC (Ergonomics) [PSYoungGen: 88064K->0K(175104K)] [ParOldGen: 501148K->500785K(524288K)] 589212K->500785K(699392K), [Metaspace: 44102K->44102K(1087488K)], 0.0943323 secs] [Times: user=1.03 sys=0.01, real=0.09 secs] 
2016-09-25T23:04:58.008-0400: 132.277: [Full GC (Ergonomics) [PSYoungGen: 88064K->0K(175104K)] [ParOldGen: 500785K->491327K(524288K)] 588849K->491327K(699392K), [Metaspace: 44102K->44102K(1087488K)], 0.1073488 secs] [Times: user=0.91 sys=0.02, real=0.11 secs] 
2016-09-25T23:05:02.810-0400: 137.078: [Full GC (Ergonomics) [PSYoungGen: 88064K->0K(175104K)] [ParOldGen: 491327K->492465K(524288K)] 579391K->492465K(699392K), [Metaspace: 44103K->44103K(1087488K)], 0.0973013 secs] [Times: user=0.74 sys=0.01, real=0.10 secs] 
2016-09-25T23:05:07.630-0400: 141.898: [Full GC (Ergonomics) [PSYoungGen: 88064K->0K(175104K)] [ParOldGen: 492465K->486931K(524288K)] 580529K->486931K(699392K), [Metaspace: 44123K->44123K(1087488K)], 0.0971511 secs] [Times: user=0.80 sys=0.00, real=0.10 secs] 
