Java HotSpot(TM) 64-Bit Server VM (25.101-b13) for linux-amd64 JRE (1.8.0_101-b13), built on Jun 22 2016 02:59:44 by "java_re" with gcc 4.3.0 20080428 (Red Hat 4.3.0-8)
Memory: 4k page, physical 264122320k(229337200k free), swap 268399612k(268399612k free)
CommandLine flags: -XX:GCLogFileSize=1048576 -XX:+HeapDumpOnOutOfMemoryError -XX:HeapDumpPath=artifacts/heapdump -XX:InitialHeapSize=805306368 -XX:MaxHeapSize=805306368 -XX:NumberOfGCLogFiles=10 -XX:+PrintGC -XX:+PrintGCDateStamps -XX:+PrintGCDetails -XX:+PrintGCTimeStamps -XX:+UseCompressedClassPointers -XX:+UseCompressedOops -XX:+UseGCLogFileRotation -XX:+UseParallelGC 
2016-09-24T02:55:17.045-0400: 2.147: [GC (Metadata GC Threshold) [PSYoungGen: 121898K->15462K(229376K)] 121898K->15550K(753664K), 0.0235101 secs] [Times: user=0.14 sys=0.02, real=0.02 secs] 
2016-09-24T02:55:17.069-0400: 2.171: [Full GC (Metadata GC Threshold) [PSYoungGen: 15462K->0K(229376K)] [ParOldGen: 88K->14601K(339456K)] 15550K->14601K(568832K), [Metaspace: 21071K->21071K(1067008K)], 0.0427542 secs] [Times: user=0.32 sys=0.08, real=0.04 secs] 
2016-09-24T02:55:18.937-0400: 4.039: [GC (Metadata GC Threshold) [PSYoungGen: 125206K->15010K(229376K)] 139808K->29748K(568832K), 0.0161840 secs] [Times: user=0.11 sys=0.04, real=0.01 secs] 
2016-09-24T02:55:18.953-0400: 4.055: [Full GC (Metadata GC Threshold) [PSYoungGen: 15010K->0K(229376K)] [ParOldGen: 14737K->20495K(524288K)] 29748K->20495K(753664K), [Metaspace: 34973K->34973K(1079296K)], 0.0627477 secs] [Times: user=0.51 sys=0.03, real=0.07 secs] 
2016-09-24T02:55:20.711-0400: 5.813: [GC (GCLocker Initiated GC) [PSYoungGen: 194355K->32759K(229376K)] 220251K->72357K(753664K), 0.0107746 secs] [Times: user=0.14 sys=0.00, real=0.01 secs] 
2016-09-24T02:55:20.878-0400: 5.980: [GC (GCLocker Initiated GC) [PSYoungGen: 229367K->31207K(229376K)] 269058K->92506K(753664K), 0.0112607 secs] [Times: user=0.09 sys=0.03, real=0.01 secs] 
2016-09-24T02:55:21.004-0400: 6.106: [GC (GCLocker Initiated GC) [PSYoungGen: 227815K->32745K(229376K)] 294655K->115905K(753664K), 0.0247058 secs] [Times: user=0.37 sys=0.00, real=0.02 secs] 
2016-09-24T02:55:21.148-0400: 6.250: [GC (GCLocker Initiated GC) [PSYoungGen: 229353K->31774K(188416K)] 320722K->169051K(712704K), 0.0125439 secs] [Times: user=0.15 sys=0.02, real=0.01 secs] 
2016-09-24T02:55:21.241-0400: 6.343: [GC (GCLocker Initiated GC) [PSYoungGen: 187422K->53227K(208896K)] 327640K->193613K(733184K), 0.0181813 secs] [Times: user=0.26 sys=0.00, real=0.02 secs] 
2016-09-24T02:55:21.339-0400: 6.441: [GC (GCLocker Initiated GC) [PSYoungGen: 208875K->52974K(183296K)] 349446K->226898K(707584K), 0.0108896 secs] [Times: user=0.13 sys=0.04, real=0.01 secs] 
2016-09-24T02:55:21.420-0400: 6.523: [GC (GCLocker Initiated GC) [PSYoungGen: 183022K->49775K(180224K)] 365163K->248725K(704512K), 0.0062798 secs] [Times: user=0.08 sys=0.01, real=0.01 secs] 
2016-09-24T02:55:21.498-0400: 6.600: [GC (GCLocker Initiated GC) [PSYoungGen: 179823K->56099K(185856K)] 381523K->261003K(710144K), 0.0156554 secs] [Times: user=0.19 sys=0.01, real=0.01 secs] 
2016-09-24T02:55:21.564-0400: 6.666: [GC (GCLocker Initiated GC) [PSYoungGen: 173859K->58789K(176640K)] 378937K->285856K(700928K), 0.0096118 secs] [Times: user=0.08 sys=0.00, real=0.00 secs] 
2016-09-24T02:55:21.636-0400: 6.738: [GC (GCLocker Initiated GC) [PSYoungGen: 176549K->47989K(187392K)] 408163K->293369K(711680K), 0.0072927 secs] [Times: user=0.09 sys=0.00, real=0.01 secs] 
2016-09-24T02:55:21.698-0400: 6.800: [GC (GCLocker Initiated GC) [PSYoungGen: 159605K->58661K(170496K)] 405141K->307147K(694784K), 0.0060506 secs] [Times: user=0.05 sys=0.00, real=0.01 secs] 
2016-09-24T02:55:21.765-0400: 6.867: [GC (GCLocker Initiated GC) [PSYoungGen: 170277K->35824K(186368K)] 428257K->315660K(710656K), 0.0068210 secs] [Times: user=0.07 sys=0.01, real=0.00 secs] 
2016-09-24T02:55:21.834-0400: 6.936: [GC (GCLocker Initiated GC) [PSYoungGen: 144880K->51943K(184832K)] 424746K->342875K(709120K), 0.0093683 secs] [Times: user=0.11 sys=0.01, real=0.02 secs] 
2016-09-24T02:55:21.903-0400: 7.005: [GC (GCLocker Initiated GC) [PSYoungGen: 160999K->64275K(178176K)] 457442K->360965K(702464K), 0.0073466 secs] [Times: user=0.09 sys=0.01, real=0.00 secs] 
2016-09-24T02:55:21.975-0400: 7.077: [GC (GCLocker Initiated GC) [PSYoungGen: 166675K->35970K(182272K)] 468793K->354662K(706560K), 0.0064991 secs] [Times: user=0.05 sys=0.01, real=0.00 secs] 
2016-09-24T02:55:22.041-0400: 7.143: [GC (GCLocker Initiated GC) [PSYoungGen: 138370K->58966K(180736K)] 461159K->382123K(705024K), 0.0066858 secs] [Times: user=0.07 sys=0.00, real=0.01 secs] 
2016-09-24T02:55:22.111-0400: 7.213: [GC (GCLocker Initiated GC) [PSYoungGen: 161366K->37302K(182272K)] 487342K->382591K(706560K), 0.0082722 secs] [Times: user=0.08 sys=0.00, real=0.01 secs] 
2016-09-24T02:55:22.172-0400: 7.274: [GC (GCLocker Initiated GC) [PSYoungGen: 139702K->52216K(180224K)] 485149K->416959K(704512K), 0.0077534 secs] [Times: user=0.10 sys=0.00, real=0.01 secs] 
2016-09-24T02:55:22.239-0400: 7.341: [GC (GCLocker Initiated GC) [PSYoungGen: 156152K->44240K(181248K)] 533262K->443379K(705536K), 0.0077350 secs] [Times: user=0.07 sys=0.01, real=0.01 secs] 
2016-09-24T02:55:22.300-0400: 7.402: [GC (GCLocker Initiated GC) [PSYoungGen: 148176K->53360K(183296K)] 547423K->461195K(707584K), 0.0081109 secs] [Times: user=0.08 sys=0.00, real=0.01 secs] 
2016-09-24T02:55:22.378-0400: 7.481: [GC (GCLocker Initiated GC) [PSYoungGen: 161904K->30310K(183296K)] 576815K->453639K(707584K), 0.0177595 secs] [Times: user=0.21 sys=0.00, real=0.02 secs] 
2016-09-24T02:55:22.451-0400: 7.553: [GC (GCLocker Initiated GC) [PSYoungGen: 138854K->59076K(183296K)] 562405K->493869K(707584K), 0.0098075 secs] [Times: user=0.12 sys=0.01, real=0.01 secs] 
2016-09-24T02:55:22.527-0400: 7.629: [GC (GCLocker Initiated GC) [PSYoungGen: 167620K->48193K(185344K)] 612013K->493052K(709632K), 0.0061434 secs] [Times: user=0.08 sys=0.00, real=0.00 secs] 
2016-09-24T02:55:22.596-0400: 7.698: [GC (GCLocker Initiated GC) [PSYoungGen: 156737K->57648K(184320K)] 601598K->502996K(708608K), 0.0059078 secs] [Times: user=0.07 sys=0.00, real=0.00 secs] 
2016-09-24T02:55:22.658-0400: 7.760: [GC (GCLocker Initiated GC) [PSYoungGen: 167216K->48175K(158208K)] 616845K->498208K(682496K), 0.0061779 secs] [Times: user=0.06 sys=0.00, real=0.01 secs] 
2016-09-24T02:55:22.722-0400: 7.824: [GC (GCLocker Initiated GC) [PSYoungGen: 157743K->63048K(181760K)] 613233K->529903K(706048K), 0.0075306 secs] [Times: user=0.10 sys=0.01, real=0.01 secs] 
2016-09-24T02:55:22.790-0400: 7.892: [GC (GCLocker Initiated GC) [PSYoungGen: 171592K->49594K(184832K)] 643891K->538480K(709120K), 0.0098645 secs] [Times: user=0.15 sys=0.00, real=0.01 secs] 
2016-09-24T02:55:22.861-0400: 7.963: [Full GC (Ergonomics) [PSYoungGen: 158138K->0K(184832K)] [ParOldGen: 495672K->50513K(524288K)] 653810K->50513K(709120K), [Metaspace: 42879K->42879K(1085440K)], 0.1896968 secs] [Times: user=2.56 sys=0.08, real=0.19 secs] 
2016-09-24T02:55:23.114-0400: 8.216: [GC (GCLocker Initiated GC) [PSYoungGen: 108544K->59250K(185344K)] 172702K->123409K(709632K), 0.0064990 secs] [Times: user=0.06 sys=0.00, real=0.01 secs] 
2016-09-24T02:55:23.191-0400: 8.293: [GC (GCLocker Initiated GC) [PSYoungGen: 170866K->42780K(186368K)] 235046K->126548K(710656K), 0.0146178 secs] [Times: user=0.20 sys=0.00, real=0.02 secs] 
2016-09-24T02:55:23.291-0400: 8.393: [GC (GCLocker Initiated GC) [PSYoungGen: 154396K->55104K(186368K)] 247669K->159643K(710656K), 0.0112086 secs] [Times: user=0.14 sys=0.00, real=0.01 secs] 
2016-09-24T02:55:23.369-0400: 8.471: [GC (GCLocker Initiated GC) [PSYoungGen: 168768K->54898K(186880K)] 273368K->173538K(711168K), 0.0144552 secs] [Times: user=0.19 sys=0.00, real=0.02 secs] 
2016-09-24T02:55:23.439-0400: 8.541: [GC (GCLocker Initiated GC) [PSYoungGen: 168562K->40189K(188928K)] 289626K->172479K(713216K), 0.0104521 secs] [Times: user=0.09 sys=0.00, real=0.01 secs] 
2016-09-24T02:55:23.523-0400: 8.625: [GC (GCLocker Initiated GC) [PSYoungGen: 156413K->39969K(156672K)] 295605K->179657K(680960K), 0.0048197 secs] [Times: user=0.06 sys=0.00, real=0.00 secs] 
2016-09-24T02:55:23.574-0400: 8.676: [GC (GCLocker Initiated GC) [PSYoungGen: 156193K->69858K(179200K)] 298695K->212754K(703488K), 0.0073332 secs] [Times: user=0.09 sys=0.01, real=0.00 secs] 
2016-09-24T02:55:23.638-0400: 8.740: [GC (GCLocker Initiated GC) [PSYoungGen: 177378K->61666K(169472K)] 320306K->221259K(693760K), 0.0059123 secs] [Times: user=0.08 sys=0.00, real=0.01 secs] 
2016-09-24T02:55:23.699-0400: 8.801: [GC (GCLocker Initiated GC) [PSYoungGen: 169186K->50971K(185856K)] 347902K->254416K(710144K), 0.0063519 secs] [Times: user=0.08 sys=0.01, real=0.01 secs] 
2016-09-24T02:55:23.770-0400: 8.872: [GC (GCLocker Initiated GC) [PSYoungGen: 157979K->67066K(174080K)] 361455K->271043K(698368K), 0.0064130 secs] [Times: user=0.06 sys=0.00, real=0.01 secs] 
2016-09-24T02:55:23.837-0400: 8.939: [GC (GCLocker Initiated GC) [PSYoungGen: 174074K->49544K(184832K)] 379423K->255297K(709120K), 0.0225801 secs] [Times: user=0.29 sys=0.01, real=0.02 secs] 
2016-09-24T02:55:23.914-0400: 9.016: [GC (GCLocker Initiated GC) [PSYoungGen: 155016K->54962K(160768K)] 364585K->275835K(685056K), 0.0122945 secs] [Times: user=0.14 sys=0.00, real=0.01 secs] 
2016-09-24T02:55:23.974-0400: 9.076: [GC (GCLocker Initiated GC) [PSYoungGen: 160434K->62824K(179712K)] 384250K->297858K(704000K), 0.0126628 secs] [Times: user=0.13 sys=0.01, real=0.01 secs] 
2016-09-24T02:55:24.046-0400: 9.148: [GC (GCLocker Initiated GC) [PSYoungGen: 166760K->67098K(181248K)] 401796K->302554K(705536K), 0.0097130 secs] [Times: user=0.13 sys=0.00, real=0.01 secs] 
2016-09-24T02:55:24.117-0400: 9.219: [GC (GCLocker Initiated GC) [PSYoungGen: 171034K->58902K(183296K)] 406579K->294851K(707584K), 0.0106657 secs] [Times: user=0.13 sys=0.00, real=0.01 secs] 
2016-09-24T02:55:24.174-0400: 9.276: [GC (GCLocker Initiated GC) [PSYoungGen: 162326K->42491K(182272K)] 398412K->287057K(706560K), 0.0102283 secs] [Times: user=0.10 sys=0.00, real=0.02 secs] 
2016-09-24T02:55:24.235-0400: 9.337: [GC (GCLocker Initiated GC) [PSYoungGen: 145915K->57771K(181248K)] 394646K->306975K(705536K), 0.0051036 secs] [Times: user=0.05 sys=0.00, real=0.00 secs] 
2016-09-24T02:55:24.300-0400: 9.402: [GC (GCLocker Initiated GC) [PSYoungGen: 162219K->45433K(181760K)] 418240K->318125K(706048K), 0.0057580 secs] [Times: user=0.07 sys=0.01, real=0.01 secs] 
2016-09-24T02:55:24.361-0400: 9.463: [GC (GCLocker Initiated GC) [PSYoungGen: 149881K->56216K(181760K)] 422659K->334797K(706048K), 0.0059518 secs] [Times: user=0.05 sys=0.00, real=0.01 secs] 
2016-09-24T02:55:24.425-0400: 9.527: [GC (GCLocker Initiated GC) [PSYoungGen: 164248K->58870K(183296K)] 442982K->359638K(707584K), 0.0236829 secs] [Times: user=0.35 sys=0.00, real=0.02 secs] 
2016-09-24T02:55:24.500-0400: 9.602: [GC (GCLocker Initiated GC) [PSYoungGen: 166902K->48212K(184832K)] 475861K->365634K(709120K), 0.0060279 secs] [Times: user=0.05 sys=0.00, real=0.01 secs] 
2016-09-24T02:55:24.567-0400: 9.669: [GC (GCLocker Initiated GC) [PSYoungGen: 159828K->41237K(185856K)] 481195K->387339K(710144K), 0.0075788 secs] [Times: user=0.07 sys=0.00, real=0.01 secs] 
2016-09-24T02:55:24.629-0400: 9.731: [GC (GCLocker Initiated GC) [PSYoungGen: 152853K->48115K(184832K)] 501674K->408145K(709120K), 0.0066688 secs] [Times: user=0.04 sys=0.01, real=0.01 secs] 
2016-09-24T02:55:24.709-0400: 9.811: [GC (GCLocker Initiated GC) [PSYoungGen: 161779K->67079K(181248K)] 521825K->427590K(705536K), 0.0064909 secs] [Times: user=0.09 sys=0.00, real=0.01 secs] 
2016-09-24T02:55:24.797-0400: 9.899: [GC (GCLocker Initiated GC) [PSYoungGen: 180743K->37329K(184832K)] 553589K->410615K(709120K), 0.0045516 secs] [Times: user=0.05 sys=0.00, real=0.00 secs] 
2016-09-24T02:55:24.863-0400: 9.965: [GC (GCLocker Initiated GC) [PSYoungGen: 145873K->60453K(169472K)] 527505K->442571K(693760K), 0.0058409 secs] [Times: user=0.09 sys=0.00, real=0.00 secs] 
2016-09-24T02:55:24.925-0400: 10.027: [GC (GCLocker Initiated GC) [PSYoungGen: 168997K->63029K(182272K)] 555182K->449725K(706560K), 0.0062803 secs] [Times: user=0.09 sys=0.00, real=0.00 secs] 
2016-09-24T02:55:24.984-0400: 10.086: [GC (GCLocker Initiated GC) [PSYoungGen: 167477K->48101K(152576K)] 557405K->449286K(676864K), 0.0058207 secs] [Times: user=0.07 sys=0.00, real=0.00 secs] 
2016-09-24T02:55:25.044-0400: 10.146: [GC (GCLocker Initiated GC) [PSYoungGen: 152549K->65619K(180736K)] 556512K->469993K(705024K), 0.0062965 secs] [Times: user=0.08 sys=0.00, real=0.00 secs] 
2016-09-24T02:55:25.100-0400: 10.202: [GC (GCLocker Initiated GC) [PSYoungGen: 169043K->53597K(182784K)] 576260K->488233K(707072K), 0.0071447 secs] [Times: user=0.10 sys=0.00, real=0.01 secs] 
2016-09-24T02:55:25.171-0400: 10.273: [GC (GCLocker Initiated GC) [PSYoungGen: 157021K->46829K(180736K)] 598554K->499596K(705024K), 0.0056626 secs] [Times: user=0.07 sys=0.00, real=0.01 secs] 
2016-09-24T02:55:25.226-0400: 10.328: [GC (GCLocker Initiated GC) [PSYoungGen: 152301K->75211K(180736K)] 607805K->541972K(705024K), 0.0072280 secs] [Times: user=0.10 sys=0.00, real=0.00 secs] 
2016-09-24T02:55:25.289-0400: 10.391: [GC (Allocation Failure) [PSYoungGen: 180683K->64411K(178688K)] 652990K->556091K(702976K), 0.0067317 secs] [Times: user=0.10 sys=0.00, real=0.01 secs] 
2016-09-24T02:55:25.297-0400: 10.399: [GC (GCLocker Initiated GC) --[PSYoungGen: 64421K->64421K(178688K)] 556101K->587700K(702976K), 0.0054463 secs] [Times: user=0.02 sys=0.05, real=0.01 secs] 
2016-09-24T02:55:25.302-0400: 10.405: [Full GC (Ergonomics) [PSYoungGen: 64421K->0K(178688K)] [ParOldGen: 523278K->65540K(524288K)] 587700K->65540K(702976K), [Metaspace: 43130K->43130K(1085440K)], 0.0593970 secs] [Times: user=0.46 sys=0.01, real=0.05 secs] 
2016-09-24T02:55:25.411-0400: 10.513: [GC (GCLocker Initiated GC) [PSYoungGen: 97280K->63271K(179712K)] 162824K->128815K(704000K), 0.0065561 secs] [Times: user=0.08 sys=0.00, real=0.01 secs] 
2016-09-24T02:55:25.466-0400: 10.568: [GC (GCLocker Initiated GC) [PSYoungGen: 160551K->63093K(178688K)] 229024K->132233K(702976K), 0.0103997 secs] [Times: user=0.14 sys=0.00, real=0.01 secs] 
2016-09-24T02:55:25.543-0400: 10.645: [GC (GCLocker Initiated GC) [PSYoungGen: 160373K->54819K(179200K)] 236298K->142017K(703488K), 0.0059988 secs] [Times: user=0.06 sys=0.00, real=0.00 secs] 
2016-09-24T02:55:25.601-0400: 10.703: [GC (GCLocker Initiated GC) [PSYoungGen: 152099K->49529K(179200K)] 240697K->160163K(703488K), 0.0066707 secs] [Times: user=0.08 sys=0.00, real=0.01 secs] 
2016-09-24T02:55:25.661-0400: 10.763: [GC (GCLocker Initiated GC) [PSYoungGen: 149369K->50833K(179200K)] 262732K->188961K(703488K), 0.0067685 secs] [Times: user=0.09 sys=0.00, real=0.01 secs] 
2016-09-24T02:55:25.727-0400: 10.829: [GC (GCLocker Initiated GC) [PSYoungGen: 150673K->57675K(179712K)] 299020K->206425K(704000K), 0.0054194 secs] [Times: user=0.07 sys=0.00, real=0.00 secs] 
2016-09-24T02:55:25.792-0400: 10.894: [GC (GCLocker Initiated GC) [PSYoungGen: 162123K->50971K(180736K)] 314930K->204227K(705024K), 0.0059221 secs] [Times: user=0.08 sys=0.01, real=0.01 secs] 
2016-09-24T02:55:25.851-0400: 10.953: [GC (GCLocker Initiated GC) [PSYoungGen: 155419K->46797K(185856K)] 311447K->203234K(710144K), 0.0057115 secs] [Times: user=0.04 sys=0.00, real=0.01 secs] 
2016-09-24T02:55:25.930-0400: 11.032: [GC (GCLocker Initiated GC) [PSYoungGen: 157389K->49639K(160256K)] 327387K->220118K(684544K), 0.0059223 secs] [Times: user=0.07 sys=0.00, real=0.01 secs] 
2016-09-24T02:55:25.998-0400: 11.100: [GC (GCLocker Initiated GC) [PSYoungGen: 160231K->41492K(184832K)] 331994K->243467K(709120K), 0.0067828 secs] [Times: user=0.08 sys=0.00, real=0.01 secs] 
2016-09-24T02:55:26.061-0400: 11.163: [GC (GCLocker Initiated GC) [PSYoungGen: 152596K->73815K(185344K)] 354690K->281734K(709632K), 0.0090611 secs] [Times: user=0.11 sys=0.00, real=0.01 secs] 
2016-09-24T02:55:26.124-0400: 11.226: [GC (GCLocker Initiated GC) [PSYoungGen: 184919K->56247K(183296K)] 392931K->278170K(707584K), 0.0111022 secs] [Times: user=0.13 sys=0.00, real=0.01 secs] 
2016-09-24T02:55:26.189-0400: 11.291: [GC (GCLocker Initiated GC) [PSYoungGen: 162743K->49639K(156160K)] 390344K->288489K(680448K), 0.0056652 secs] [Times: user=0.07 sys=0.00, real=0.01 secs] 
2016-09-24T02:55:26.246-0400: 11.348: [GC (GCLocker Initiated GC) [PSYoungGen: 156135K->50916K(185344K)] 404568K->299844K(709632K), 0.0056531 secs] [Times: user=0.07 sys=0.00, real=0.00 secs] 
2016-09-24T02:55:26.310-0400: 11.412: [GC (GCLocker Initiated GC) [PSYoungGen: 159972K->58947K(183808K)] 414473K->313874K(708096K), 0.0055606 secs] [Times: user=0.08 sys=0.00, real=0.01 secs] 
2016-09-24T02:55:26.370-0400: 11.472: [GC (GCLocker Initiated GC) [PSYoungGen: 168003K->42696K(185856K)] 431059K->308853K(710144K), 0.0062887 secs] [Times: user=0.04 sys=0.00, real=0.01 secs] 
2016-09-24T02:55:26.431-0400: 11.533: [GC (GCLocker Initiated GC) [PSYoungGen: 153800K->58947K(185856K)] 420064K->344613K(710144K), 0.0066517 secs] [Times: user=0.08 sys=0.01, real=0.01 secs] 
2016-09-24T02:55:26.496-0400: 11.598: [GC (GCLocker Initiated GC) [PSYoungGen: 170051K->53734K(183296K)] 463972K->369680K(707584K), 0.0067065 secs] [Times: user=0.06 sys=0.01, real=0.01 secs] 
2016-09-24T02:55:26.575-0400: 11.677: [GC (GCLocker Initiated GC) [PSYoungGen: 166374K->45479K(185344K)] 495998K->375605K(709632K), 0.0106063 secs] [Times: user=0.13 sys=0.00, real=0.01 secs] 
2016-09-24T02:55:26.637-0400: 11.739: [GC (GCLocker Initiated GC) [PSYoungGen: 158119K->64425K(184832K)] 491042K->411273K(709120K), 0.0072594 secs] [Times: user=0.07 sys=0.01, real=0.01 secs] 
2016-09-24T02:55:26.715-0400: 11.817: [GC (GCLocker Initiated GC) [PSYoungGen: 177065K->53515K(187392K)] 532163K->419932K(711680K), 0.0103950 secs] [Times: user=0.14 sys=0.01, real=0.01 secs] 
2016-09-24T02:55:26.796-0400: 11.898: [GC (GCLocker Initiated GC) [PSYoungGen: 166155K->44129K(186880K)] 537976K->416399K(711168K), 0.0065324 secs] [Times: user=0.08 sys=0.01, real=0.01 secs] 
2016-09-24T02:55:26.859-0400: 11.961: [GC (GCLocker Initiated GC) [PSYoungGen: 158817K->59089K(187392K)] 533853K->434598K(711680K), 0.0056061 secs] [Times: user=0.08 sys=0.00, real=0.01 secs] 
2016-09-24T02:55:26.924-0400: 12.026: [GC (GCLocker Initiated GC) [PSYoungGen: 173777K->48257K(188416K)] 556041K->444524K(712704K), 0.0068045 secs] [Times: user=0.08 sys=0.01, real=0.00 secs] 
2016-09-24T02:55:26.994-0400: 12.096: [GC (GCLocker Initiated GC) [PSYoungGen: 164993K->68525K(185344K)] 564123K->468166K(709632K), 0.0141754 secs] [Times: user=0.19 sys=0.02, real=0.01 secs] 
2016-09-24T02:55:27.062-0400: 12.164: [GC (GCLocker Initiated GC) [PSYoungGen: 185261K->60453K(186368K)] 593104K->484945K(710656K), 0.0098678 secs] [Times: user=0.13 sys=0.01, real=0.01 secs] 
2016-09-24T02:55:27.146-0400: 12.248: [GC (GCLocker Initiated GC) [PSYoungGen: 171045K->50879K(161792K)] 602426K->482792K(686080K), 0.0054651 secs] [Times: user=0.06 sys=0.02, real=0.00 secs] 
2016-09-24T02:55:27.234-0400: 12.336: [GC (GCLocker Initiated GC) [PSYoungGen: 161471K->21224K(180224K)] 600454K->476842K(704512K), 0.0050776 secs] [Times: user=0.03 sys=0.02, real=0.01 secs] 
2016-09-24T02:55:27.300-0400: 12.402: [GC (GCLocker Initiated GC) [PSYoungGen: 126696K->56201K(183808K)] 593205K->523212K(708096K), 0.0098057 secs] [Times: user=0.14 sys=0.00, real=0.01 secs] 
2016-09-24T02:55:27.368-0400: 12.470: [GC (GCLocker Initiated GC) [PSYoungGen: 161673K->52215K(177664K)] 631449K->544035K(701952K), 0.0071181 secs] [Times: user=0.08 sys=0.03, real=0.01 secs] 
2016-09-24T02:55:27.376-0400: 12.478: [Full GC (Ergonomics) [PSYoungGen: 52215K->0K(177664K)] [ParOldGen: 491819K->71335K(524288K)] 544035K->71335K(701952K), [Metaspace: 43153K->43153K(1085440K)], 0.0450477 secs] [Times: user=0.36 sys=0.05, real=0.04 secs] 
2016-09-24T02:55:27.483-0400: 12.585: [GC (GCLocker Initiated GC) [PSYoungGen: 106496K->53977K(181248K)] 191507K->138989K(705536K), 0.0052716 secs] [Times: user=0.07 sys=0.01, real=0.00 secs] 
2016-09-24T02:55:27.539-0400: 12.641: [GC (GCLocker Initiated GC) [PSYoungGen: 160473K->57533K(185856K)] 245557K->146108K(710144K), 0.0062563 secs] [Times: user=0.05 sys=0.00, real=0.01 secs] 
2016-09-24T02:55:27.615-0400: 12.717: [GC (GCLocker Initiated GC) [PSYoungGen: 171709K->45415K(187392K)] 265720K->156068K(711680K), 0.0061280 secs] [Times: user=0.07 sys=0.00, real=0.00 secs] 
2016-09-24T02:55:27.688-0400: 12.790: [GC (GCLocker Initiated GC) [PSYoungGen: 159591K->72603K(178176K)] 271315K->187468K(702464K), 0.0099180 secs] [Times: user=0.15 sys=0.01, real=0.01 secs] 
2016-09-24T02:55:27.762-0400: 12.864: [GC (GCLocker Initiated GC) [PSYoungGen: 178075K->53579K(183808K)] 302523K->192046K(708096K), 0.0051828 secs] [Times: user=0.06 sys=0.01, real=0.01 secs] 
2016-09-24T02:55:27.819-0400: 12.921: [GC (GCLocker Initiated GC) [PSYoungGen: 159051K->65605K(182272K)] 297624K->212687K(706560K), 0.0068058 secs] [Times: user=0.08 sys=0.01, real=0.01 secs] 
2016-09-24T02:55:27.886-0400: 12.988: [GC (GCLocker Initiated GC) [PSYoungGen: 172101K->36047K(142848K)] 325728K->211688K(667136K), 0.0050523 secs] [Times: user=0.05 sys=0.00, real=0.00 secs] 
2016-09-24T02:55:27.942-0400: 13.044: [GC (GCLocker Initiated GC) [PSYoungGen: 142543K->58982K(183808K)] 319604K->236495K(708096K), 0.0055916 secs] [Times: user=0.08 sys=0.01, real=0.01 secs] 
2016-09-24T02:55:27.995-0400: 13.097: [GC (GCLocker Initiated GC) [PSYoungGen: 163942K->68264K(173568K)] 344212K->262425K(697856K), 0.0068553 secs] [Times: user=0.08 sys=0.00, real=0.00 secs] 
2016-09-24T02:55:28.062-0400: 13.164: [GC (GCLocker Initiated GC) [PSYoungGen: 173224K->42536K(181248K)] 368873K->249255K(705536K), 0.0140169 secs] [Times: user=0.16 sys=0.02, real=0.02 secs] 
2016-09-24T02:55:28.127-0400: 13.229: [GC (GCLocker Initiated GC) [PSYoungGen: 142376K->57389K(157696K)] 357429K->272709K(681984K), 0.0063037 secs] [Times: user=0.06 sys=0.02, real=0.00 secs] 
2016-09-24T02:55:28.184-0400: 13.286: [GC (GCLocker Initiated GC) [PSYoungGen: 157229K->69507K(176128K)] 372665K->285188K(700416K), 0.0055154 secs] [Times: user=0.07 sys=0.00, real=0.00 secs] 
2016-09-24T02:55:28.235-0400: 13.337: [GC (GCLocker Initiated GC) [PSYoungGen: 166275K->56089K(179200K)] 384757K->285609K(703488K), 0.0080144 secs] [Times: user=0.08 sys=0.01, real=0.01 secs] 
2016-09-24T02:55:28.287-0400: 13.389: [GC (GCLocker Initiated GC) [PSYoungGen: 152857K->56039K(175104K)] 389197K->292633K(699392K), 0.0054434 secs] [Times: user=0.07 sys=0.00, real=0.00 secs] 
2016-09-24T02:55:28.343-0400: 13.445: [GC (GCLocker Initiated GC) [PSYoungGen: 155879K->72222K(177664K)] 395249K->311848K(701952K), 0.0057864 secs] [Times: user=0.07 sys=0.01, real=0.00 secs] 
2016-09-24T02:55:28.395-0400: 13.497: [GC (GCLocker Initiated GC) [PSYoungGen: 172062K->62839K(180736K)] 411785K->327093K(705024K), 0.0068372 secs] [Times: user=0.09 sys=0.01, real=0.00 secs] 
2016-09-24T02:55:28.455-0400: 13.557: [GC (GCLocker Initiated GC) [PSYoungGen: 162167K->33092K(132608K)] 429138K->313787K(656896K), 0.0051354 secs] [Times: user=0.05 sys=0.00, real=0.00 secs] 
2016-09-24T02:55:28.503-0400: 13.605: [GC (GCLocker Initiated GC) [PSYoungGen: 132420K->69554K(174080K)] 413147K->364009K(698368K), 0.0065803 secs] [Times: user=0.09 sys=0.01, real=0.00 secs] 
2016-09-24T02:55:28.561-0400: 13.663: [GC (GCLocker Initiated GC) [PSYoungGen: 160690K->51926K(176640K)] 455215K->349357K(700928K), 0.0059118 secs] [Times: user=0.07 sys=0.01, real=0.01 secs] 
2016-09-24T02:55:28.620-0400: 13.722: [GC (GCLocker Initiated GC) [PSYoungGen: 143062K->50607K(173056K)] 443352K->367322K(697344K), 0.0065740 secs] [Times: user=0.07 sys=0.01, real=0.01 secs] 
2016-09-24T02:55:28.676-0400: 13.778: [GC (GCLocker Initiated GC) [PSYoungGen: 143791K->51989K(175104K)] 468782K->377212K(699392K), 0.0055246 secs] [Times: user=0.07 sys=0.00, real=0.00 secs] 
2016-09-24T02:55:28.725-0400: 13.827: [GC (GCLocker Initiated GC) [PSYoungGen: 145173K->61425K(180224K)] 473190K->403151K(704512K), 0.0067194 secs] [Times: user=0.10 sys=0.01, real=0.00 secs] 
2016-09-24T02:55:28.780-0400: 13.882: [GC (GCLocker Initiated GC) [PSYoungGen: 161777K->41207K(180224K)] 505193K->401046K(704512K), 0.0802567 secs] [Times: user=1.00 sys=0.07, real=0.08 secs] 
2016-09-24T02:55:28.912-0400: 14.014: [GC (GCLocker Initiated GC) [PSYoungGen: 141559K->72257K(174080K)] 501496K->432452K(698368K), 0.0071441 secs] [Times: user=0.09 sys=0.02, real=0.01 secs] 
2016-09-24T02:55:28.964-0400: 14.066: [GC (GCLocker Initiated GC) [PSYoungGen: 166465K->59979K(178176K)] 526692K->433939K(702464K), 0.0107227 secs] [Times: user=0.13 sys=0.02, real=0.01 secs] 
2016-09-24T02:55:29.029-0400: 14.131: [GC (GCLocker Initiated GC) [PSYoungGen: 154187K->64236K(177664K)] 528263K->446660K(701952K), 0.0162815 secs] [Times: user=0.19 sys=0.02, real=0.02 secs] 
2016-09-24T02:55:29.099-0400: 14.201: [GC (GCLocker Initiated GC) [PSYoungGen: 159980K->62775K(178688K)] 542541K->459061K(702976K), 0.0153431 secs] [Times: user=0.18 sys=0.02, real=0.02 secs] 
2016-09-24T02:55:29.161-0400: 14.263: [GC (GCLocker Initiated GC) [PSYoungGen: 158519K->72208K(174592K)] 557541K->479578K(698880K), 0.0108271 secs] [Times: user=0.12 sys=0.00, real=0.01 secs] 
2016-09-24T02:55:29.223-0400: 14.325: [GC (GCLocker Initiated GC) [PSYoungGen: 164368K->65426K(177152K)] 571823K->486599K(701440K), 0.0224246 secs] [Times: user=0.25 sys=0.02, real=0.02 secs] 
2016-09-24T02:55:29.294-0400: 14.396: [GC (GCLocker Initiated GC) [PSYoungGen: 157586K->57279K(173056K)] 581488K->481364K(697344K), 0.0063899 secs] [Times: user=0.05 sys=0.01, real=0.01 secs] 
2016-09-24T02:55:29.346-0400: 14.448: [GC (GCLocker Initiated GC) [PSYoungGen: 149439K->51943K(175104K)] 576375K->498019K(699392K), 0.0067212 secs] [Times: user=0.06 sys=0.01, real=0.00 secs] 
2016-09-24T02:55:29.393-0400: 14.495: [GC (GCLocker Initiated GC) [PSYoungGen: 144103K->36930K(177152K)] 598318K->494038K(701440K), 0.0074276 secs] [Times: user=0.05 sys=0.01, real=0.01 secs] 
2016-09-24T02:55:29.449-0400: 14.551: [GC (GCLocker Initiated GC) [PSYoungGen: 132162K->57358K(153088K)] 589868K->515297K(677376K), 0.0119534 secs] [Times: user=0.14 sys=0.01, real=0.01 secs] 
2016-09-24T02:55:29.517-0400: 14.619: [GC (GCLocker Initiated GC) [PSYoungGen: 152590K->39714K(177152K)] 615999K->511408K(701440K), 0.0072518 secs] [Times: user=0.04 sys=0.01, real=0.01 secs] 
2016-09-24T02:55:29.579-0400: 14.681: [GC (GCLocker Initiated GC) [PSYoungGen: 135970K->50590K(177664K)] 611826K->550995K(701952K), 0.0207954 secs] [Times: user=0.27 sys=0.04, real=0.02 secs] 
2016-09-24T02:55:29.600-0400: 14.702: [Full GC (Ergonomics) [PSYoungGen: 50590K->0K(177664K)] [ParOldGen: 500404K->78551K(524288K)] 550995K->78551K(701952K), [Metaspace: 43179K->43179K(1085440K)], 0.0540264 secs] [Times: user=0.26 sys=0.04, real=0.05 secs] 
2016-09-24T02:55:29.702-0400: 14.804: [GC (GCLocker Initiated GC) [PSYoungGen: 96256K->57507K(179712K)] 180239K->141491K(704000K), 0.1205211 secs] [Times: user=0.02 sys=0.12, real=0.12 secs] 
2016-09-24T02:55:29.875-0400: 14.978: [GC (GCLocker Initiated GC) [PSYoungGen: 158371K->58651K(179200K)] 245175K->148528K(703488K), 0.0060083 secs] [Times: user=0.05 sys=0.01, real=0.00 secs] 
2016-09-24T02:55:30.007-0400: 15.109: [GC (Allocation Failure) [PSYoungGen: 159515K->53274K(181248K)] 252292K->151659K(705536K), 0.0299457 secs] [Times: user=0.34 sys=0.02, real=0.03 secs] 
2016-09-24T02:55:30.038-0400: 15.140: [GC (GCLocker Initiated GC) [PSYoungGen: 53427K->32K(107008K)] 151812K->155579K(631296K), 0.0064559 secs] [Times: user=0.05 sys=0.01, real=0.01 secs] 
2016-09-24T02:55:30.101-0400: 15.203: [GC (GCLocker Initiated GC) [PSYoungGen: 106528K->48124K(182272K)] 262078K->203675K(706560K), 0.0043368 secs] [Times: user=0.05 sys=0.00, real=0.01 secs] 
2016-09-24T02:55:30.150-0400: 15.252: [GC (Allocation Failure) [PSYoungGen: 147452K->52081K(151552K)] 311329K->216412K(675840K), 0.0067956 secs] [Times: user=0.05 sys=0.01, real=0.01 secs] 
2016-09-24T02:55:30.205-0400: 15.307: [GC (GCLocker Initiated GC) [PSYoungGen: 149741K->47947K(179712K)] 316772K->215242K(704000K), 0.0230951 secs] [Times: user=0.24 sys=0.03, real=0.02 secs] 
2016-09-24T02:55:30.297-0400: 15.399: [GC (GCLocker Initiated GC) [PSYoungGen: 149835K->53394K(177152K)] 317292K->221142K(701440K), 0.0221041 secs] [Times: user=0.20 sys=0.02, real=0.02 secs] 
2016-09-24T02:55:30.384-0400: 15.486: [GC (GCLocker Initiated GC) [PSYoungGen: 155282K->57501K(182784K)] 323229K->233884K(707072K), 0.0084263 secs] [Times: user=0.10 sys=0.01, real=0.00 secs] 
2016-09-24T02:55:30.459-0400: 15.561: [GC (GCLocker Initiated GC) [PSYoungGen: 166045K->49453K(183296K)] 345133K->242398K(707584K), 0.0100377 secs] [Times: user=0.10 sys=0.01, real=0.01 secs] 
2016-09-24T02:55:30.551-0400: 15.653: [GC (GCLocker Initiated GC) [PSYoungGen: 157997K->42609K(185856K)] 356372K->241346K(710144K), 0.0144717 secs] [Times: user=0.14 sys=0.01, real=0.02 secs] 
2016-09-24T02:55:30.629-0400: 15.731: [GC (GCLocker Initiated GC) [PSYoungGen: 156273K->71255K(185344K)] 355107K->273194K(709632K), 0.0226931 secs] [Times: user=0.29 sys=0.02, real=0.02 secs] 
2016-09-24T02:55:30.753-0400: 15.855: [GC (GCLocker Initiated GC) [PSYoungGen: 184919K->38719K(184320K)] 396346K->250641K(708608K), 0.0112576 secs] [Times: user=0.07 sys=0.01, real=0.02 secs] 
2016-09-24T02:55:30.853-0400: 15.955: [GC (GCLocker Initiated GC) [PSYoungGen: 146239K->54814K(162816K)] 358199K->280841K(687104K), 0.0119334 secs] [Times: user=0.14 sys=0.01, real=0.02 secs] 
2016-09-24T02:55:30.935-0400: 16.037: [GC (GCLocker Initiated GC) [PSYoungGen: 162334K->48257K(186368K)] 399191K->285521K(710656K), 0.0057121 secs] [Times: user=0.07 sys=0.01, real=0.00 secs] 
2016-09-24T02:55:30.999-0400: 16.101: [GC (GCLocker Initiated GC) [PSYoungGen: 158337K->53553K(184320K)] 395691K->304974K(708608K), 0.0060048 secs] [Times: user=0.07 sys=0.00, real=0.01 secs] 
2016-09-24T02:55:31.082-0400: 16.184: [GC (GCLocker Initiated GC) [PSYoungGen: 163633K->49766K(185856K)] 428677K->315288K(710144K), 0.0090212 secs] [Times: user=0.09 sys=0.01, real=0.01 secs] 
2016-09-24T02:55:31.169-0400: 16.271: [GC (GCLocker Initiated GC) [PSYoungGen: 163430K->38739K(184320K)] 431793K->323916K(708608K), 0.0127891 secs] [Times: user=0.09 sys=0.01, real=0.01 secs] 
2016-09-24T02:55:31.252-0400: 16.354: [GC (Allocation Failure) [PSYoungGen: 152403K->51003K(188416K)] 443073K->366464K(712704K), 0.0056729 secs] [Times: user=0.08 sys=0.01, real=0.01 secs] 
2016-09-24T02:55:31.331-0400: 16.433: [GC (GCLocker Initiated GC) [PSYoungGen: 169088K->40206K(189440K)] 487249K->377840K(713728K), 0.0058843 secs] [Times: user=0.07 sys=0.01, real=0.01 secs] 
2016-09-24T02:55:31.408-0400: 16.511: [GC (GCLocker Initiated GC) [PSYoungGen: 160526K->53763K(192000K)] 503585K->397406K(716288K), 0.0051845 secs] [Times: user=0.06 sys=0.01, real=0.00 secs] 
2016-09-24T02:55:31.503-0400: 16.605: [GC (GCLocker Initiated GC) [PSYoungGen: 177667K->44349K(192512K)] 533555K->400837K(716800K), 0.0100893 secs] [Times: user=0.14 sys=0.00, real=0.00 secs] 
2016-09-24T02:55:31.594-0400: 16.696: [GC (GCLocker Initiated GC) [PSYoungGen: 168253K->40028K(193024K)] 528529K->400908K(717312K), 0.0047375 secs] [Times: user=0.05 sys=0.00, real=0.01 secs] 
2016-09-24T02:55:31.693-0400: 16.795: [GC (GCLocker Initiated GC) [PSYoungGen: 165468K->51131K(193024K)] 531859K->431564K(717312K), 0.0074995 secs] [Times: user=0.10 sys=0.01, real=0.01 secs] 
2016-09-24T02:55:31.797-0400: 16.899: [GC (GCLocker Initiated GC) [PSYoungGen: 176571K->36074K(193024K)] 566483K->426599K(717312K), 0.0051107 secs] [Times: user=0.05 sys=0.01, real=0.01 secs] 
2016-09-24T02:55:31.932-0400: 17.034: [GC (GCLocker Initiated GC) [PSYoungGen: 162538K->45469K(193536K)] 558619K->442116K(717824K), 0.0403497 secs] [Times: user=0.12 sys=0.04, real=0.04 secs] 
2016-09-24T02:55:32.104-0400: 17.207: [GC (Allocation Failure) [PSYoungGen: 171933K->33635K(193024K)] 576757K->439058K(717312K), 0.0154641 secs] [Times: user=0.19 sys=0.00, real=0.01 secs] 
2016-09-24T02:55:32.217-0400: 17.319: [GC (GCLocker Initiated GC) [PSYoungGen: 161026K->36013K(193536K)] 571849K->447535K(717824K), 0.0084931 secs] [Times: user=0.10 sys=0.01, real=0.01 secs] 
2016-09-24T02:55:32.320-0400: 17.422: [GC (Allocation Failure) [PSYoungGen: 164013K->42828K(192512K)] 580986K->460338K(716800K), 0.0117499 secs] [Times: user=0.09 sys=0.01, real=0.01 secs] 
2016-09-24T02:55:32.333-0400: 17.435: [GC (GCLocker Initiated GC) [PSYoungGen: 43930K->32K(131584K)] 461440K->476414K(655872K), 0.0198393 secs] [Times: user=0.11 sys=0.02, real=0.02 secs] 
2016-09-24T02:55:32.457-0400: 17.559: [GC (GCLocker Initiated GC) [PSYoungGen: 131104K->54142K(187904K)] 610191K->533229K(712192K), 0.0151260 secs] [Times: user=0.17 sys=0.00, real=0.01 secs] 
2016-09-24T02:55:32.568-0400: 17.670: [Full GC (Ergonomics) [PSYoungGen: 172926K->0K(187904K)] [ParOldGen: 498090K->90562K(524288K)] 671017K->90562K(712192K), [Metaspace: 43187K->43187K(1085440K)], 0.1545147 secs] [Times: user=1.55 sys=0.18, real=0.16 secs] 
2016-09-24T02:55:32.919-0400: 18.021: [GC (GCLocker Initiated GC) [PSYoungGen: 118784K->24728K(190464K)] 225761K->131706K(714752K), 0.0226717 secs] [Times: user=0.29 sys=0.00, real=0.02 secs] 
2016-09-24T02:55:33.066-0400: 18.168: [GC (GCLocker Initiated GC) [PSYoungGen: 143512K->17232K(188928K)] 262665K->137478K(713216K), 0.0050085 secs] [Times: user=0.05 sys=0.01, real=0.00 secs] 
2016-09-24T02:55:33.160-0400: 18.262: [GC (GCLocker Initiated GC) [PSYoungGen: 134992K->49845K(167936K)] 258223K->173732K(692224K), 0.0081157 secs] [Times: user=0.10 sys=0.01, real=0.01 secs] 
2016-09-24T02:55:33.304-0400: 18.406: [GC (GCLocker Initiated GC) [PSYoungGen: 167605K->37278K(192000K)] 291515K->169956K(716288K), 0.0117896 secs] [Times: user=0.10 sys=0.01, real=0.01 secs] 
2016-09-24T02:55:33.418-0400: 18.520: [GC (GCLocker Initiated GC) [PSYoungGen: 156062K->41659K(160768K)] 299587K->193832K(685056K), 0.0147129 secs] [Times: user=0.13 sys=0.02, real=0.01 secs] 
2016-09-24T02:55:33.534-0400: 18.636: [GC (GCLocker Initiated GC) [PSYoungGen: 160443K->44457K(187904K)] 315350K->200138K(712192K), 0.0096858 secs] [Times: user=0.10 sys=0.03, real=0.02 secs] 
2016-09-24T02:55:33.627-0400: 18.730: [GC (GCLocker Initiated GC) [PSYoungGen: 164265K->30604K(186880K)] 324219K->199347K(711168K), 0.0213702 secs] [Times: user=0.25 sys=0.04, real=0.02 secs] 
2016-09-24T02:55:33.746-0400: 18.848: [GC (GCLocker Initiated GC) [PSYoungGen: 150412K->52543K(190464K)] 329996K->232840K(714752K), 0.0155502 secs] [Times: user=0.19 sys=0.02, real=0.01 secs] 
2016-09-24T02:55:33.857-0400: 18.959: [GC (GCLocker Initiated GC) [PSYoungGen: 176959K->39193K(193024K)] 368437K->231410K(717312K), 0.0271326 secs] [Times: user=0.35 sys=0.02, real=0.03 secs] 
2016-09-24T02:55:33.958-0400: 19.060: [GC (GCLocker Initiated GC) [PSYoungGen: 163609K->63286K(184320K)] 356068K->261979K(708608K), 0.0198182 secs] [Times: user=0.27 sys=0.03, real=0.02 secs] 
2016-09-24T02:55:34.061-0400: 19.163: [GC (GCLocker Initiated GC) [PSYoungGen: 182070K->62154K(181248K)] 385201K->268623K(705536K), 0.0099545 secs] [Times: user=0.13 sys=0.00, real=0.01 secs] 
2016-09-24T02:55:34.140-0400: 19.242: [GC (GCLocker Initiated GC) [PSYoungGen: 180938K->43146K(188928K)] 391662K->262775K(713216K), 0.0059320 secs] [Times: user=0.06 sys=0.00, real=0.01 secs] 
2016-09-24T02:55:34.216-0400: 19.318: [GC (GCLocker Initiated GC) [PSYoungGen: 155786K->57850K(185856K)] 381034K->283826K(710144K), 0.0050847 secs] [Times: user=0.07 sys=0.00, real=0.00 secs] 
2016-09-24T02:55:34.286-0400: 19.388: [GC (GCLocker Initiated GC) [PSYoungGen: 170490K->71478K(173568K)] 396495K->300924K(697856K), 0.0068000 secs] [Times: user=0.10 sys=0.01, real=0.00 secs] 
2016-09-24T02:55:34.360-0400: 19.462: [GC (GCLocker Initiated GC) [PSYoungGen: 169782K->41841K(180224K)] 414274K->300606K(704512K), 0.0052916 secs] [Times: user=0.06 sys=0.00, real=0.01 secs] 
2016-09-24T02:55:34.429-0400: 19.531: [GC (GCLocker Initiated GC) [PSYoungGen: 140145K->65936K(175104K)] 398924K->328140K(699392K), 0.0089101 secs] [Times: user=0.12 sys=0.01, real=0.01 secs] 
2016-09-24T02:55:34.511-0400: 19.613: [GC (GCLocker Initiated GC) [PSYoungGen: 161168K->51087K(178688K)] 424689K->326071K(702976K), 0.0110653 secs] [Times: user=0.16 sys=0.01, real=0.01 secs] 
2016-09-24T02:55:34.576-0400: 19.679: [GC (GCLocker Initiated GC) [PSYoungGen: 146319K->45647K(172544K)] 432278K->332223K(696832K), 0.0062919 secs] [Times: user=0.05 sys=0.00, real=0.01 secs] 
2016-09-24T02:55:34.653-0400: 19.755: [GC (GCLocker Initiated GC) [PSYoungGen: 143439K->71300K(176128K)] 430989K->362295K(700416K), 0.0123094 secs] [Times: user=0.16 sys=0.01, real=0.02 secs] 
2016-09-24T02:55:34.734-0400: 19.836: [GC (GCLocker Initiated GC) [PSYoungGen: 169092K->49471K(181248K)] 465509K->346451K(705536K), 0.0109950 secs] [Times: user=0.12 sys=0.00, real=0.02 secs] 
2016-09-24T02:55:34.802-0400: 19.904: [GC (GCLocker Initiated GC) [PSYoungGen: 147263K->51069K(148992K)] 449847K->370428K(673280K), 0.0070628 secs] [Times: user=0.08 sys=0.01, real=0.01 secs] 
2016-09-24T02:55:34.926-0400: 20.028: [GC (Allocation Failure) [PSYoungGen: 148861K->49458K(178176K)] 468312K->369540K(702464K), 0.0217433 secs] [Times: user=0.25 sys=0.03, real=0.02 secs] 
2016-09-24T02:55:35.006-0400: 20.108: [GC (GCLocker Initiated GC) [PSYoungGen: 149810K->31750K(175616K)] 469896K->360394K(699904K), 0.0143179 secs] [Times: user=0.12 sys=0.01, real=0.01 secs] 
2016-09-24T02:55:35.096-0400: 20.198: [GC (GCLocker Initiated GC) [PSYoungGen: 132102K->27796K(183808K)] 476958K->373112K(708096K), 0.0071386 secs] [Times: user=0.06 sys=0.02, real=0.01 secs] 
2016-09-24T02:55:35.183-0400: 20.285: [GC (GCLocker Initiated GC) [PSYoungGen: 135316K->41251K(148992K)] 488843K->395310K(673280K), 0.0088012 secs] [Times: user=0.09 sys=0.01, real=0.00 secs] 
2016-09-24T02:55:35.268-0400: 20.370: [GC (GCLocker Initiated GC) [PSYoungGen: 148771K->48109K(186368K)] 508300K->410857K(710656K), 0.0057256 secs] [Times: user=0.06 sys=0.01, real=0.00 secs] 
2016-09-24T02:55:35.342-0400: 20.444: [GC (GCLocker Initiated GC) [PSYoungGen: 159213K->42952K(183808K)] 535688K->436126K(708096K), 0.0071090 secs] [Times: user=0.07 sys=0.01, real=0.01 secs] 
2016-09-24T02:55:35.418-0400: 20.520: [GC (GCLocker Initiated GC) [PSYoungGen: 154056K->34572K(185856K)] 547273K->428338K(710144K), 0.0173406 secs] [Times: user=0.18 sys=0.03, real=0.02 secs] 
2016-09-24T02:55:35.495-0400: 20.597: [GC (GCLocker Initiated GC) [PSYoungGen: 149260K->57721K(185344K)] 545874K->454773K(709632K), 0.0064471 secs] [Times: user=0.06 sys=0.01, real=0.00 secs] 
2016-09-24T02:55:35.586-0400: 20.688: [GC (GCLocker Initiated GC) [PSYoungGen: 172409K->44036K(189440K)] 572205K->444309K(713728K), 0.0065401 secs] [Times: user=0.05 sys=0.01, real=0.00 secs] 
2016-09-24T02:55:35.662-0400: 20.764: [GC (GCLocker Initiated GC) [PSYoungGen: 162820K->46986K(165888K)] 570369K->468487K(690176K), 0.0065250 secs] [Times: user=0.07 sys=0.01, real=0.01 secs] 
2016-09-24T02:55:35.741-0400: 20.843: [GC (GCLocker Initiated GC) [PSYoungGen: 165770K->56251K(186880K)] 588992K->480028K(711168K), 0.0085543 secs] [Times: user=0.08 sys=0.01, real=0.01 secs] 
2016-09-24T02:55:35.809-0400: 20.911: [GC (GCLocker Initiated GC) [PSYoungGen: 175035K->68582K(187392K)] 606979K->519926K(711680K), 0.0072344 secs] [Times: user=0.09 sys=0.01, real=0.01 secs] 
2016-09-24T02:55:35.900-0400: 21.003: [GC (GCLocker Initiated GC) [PSYoungGen: 187366K->40197K(187392K)] 650936K->523205K(711680K), 0.0057410 secs] [Times: user=0.06 sys=0.02, real=0.01 secs] 
2016-09-24T02:55:35.958-0400: 21.060: [GC (GCLocker Initiated GC) [PSYoungGen: 152837K->72606K(185344K)] 638626K->564330K(709632K), 0.0057053 secs] [Times: user=0.08 sys=0.01, real=0.01 secs] 
2016-09-24T02:55:36.044-0400: 21.146: [GC (Allocation Failure) [PSYoungGen: 185246K->38860K(179200K)] 682443K->550069K(703488K), 0.0062487 secs] [Times: user=0.08 sys=0.01, real=0.00 secs] 
2016-09-24T02:55:36.050-0400: 21.152: [Full GC (Ergonomics) [PSYoungGen: 38860K->0K(179200K)] [ParOldGen: 511208K->104814K(524288K)] 550069K->104814K(703488K), [Metaspace: 43198K->43198K(1085440K)], 0.0606523 secs] [Times: user=0.35 sys=0.06, real=0.06 secs] 
2016-09-24T02:55:36.168-0400: 21.270: [GC (GCLocker Initiated GC) [PSYoungGen: 102400K->68569K(171008K)] 211264K->177433K(695296K), 0.0098640 secs] [Times: user=0.13 sys=0.00, real=0.01 secs] 
2016-09-24T02:55:36.243-0400: 21.345: [GC (GCLocker Initiated GC) [PSYoungGen: 170969K->54882K(180224K)] 285333K->186019K(704512K), 0.0055698 secs] [Times: user=0.06 sys=0.01, real=0.00 secs] 
2016-09-24T02:55:36.322-0400: 21.424: [GC (GCLocker Initiated GC) [PSYoungGen: 151138K->56295K(152576K)] 287712K->193312K(676864K), 0.0151419 secs] [Times: user=0.18 sys=0.03, real=0.02 secs] 
2016-09-24T02:55:36.387-0400: 21.489: [GC (GCLocker Initiated GC) [PSYoungGen: 152551K->48107K(178688K)] 293682K->205888K(702976K), 0.0137166 secs] [Times: user=0.18 sys=0.03, real=0.01 secs] 
2016-09-24T02:55:36.450-0400: 21.552: [GC (GCLocker Initiated GC) [PSYoungGen: 146411K->64293K(176640K)] 304306K->233420K(700928K), 0.0097525 secs] [Times: user=0.06 sys=0.01, real=0.01 secs] 
2016-09-24T02:55:36.520-0400: 21.622: [GC (GCLocker Initiated GC) [PSYoungGen: 162593K->71173K(173568K)] 331973K->240987K(697856K), 0.0107416 secs] [Times: user=0.14 sys=0.02, real=0.01 secs] 
2016-09-24T02:55:36.603-0400: 21.705: [GC (GCLocker Initiated GC) [PSYoungGen: 164357K->53494K(177664K)] 336885K->226410K(701952K), 0.0084964 secs] [Times: user=0.08 sys=0.02, real=0.00 secs] 
2016-09-24T02:55:36.671-0400: 21.773: [GC (GCLocker Initiated GC) [PSYoungGen: 146678K->52161K(171008K)] 319658K->225553K(695296K), 0.0107019 secs] [Times: user=0.10 sys=0.01, real=0.01 secs] 
2016-09-24T02:55:36.733-0400: 21.835: [GC (GCLocker Initiated GC) [PSYoungGen: 147905K->42557K(175104K)] 321437K->224530K(699392K), 0.0145824 secs] [Times: user=0.13 sys=0.01, real=0.02 secs] 
2016-09-24T02:55:36.806-0400: 21.908: [GC (GCLocker Initiated GC) [PSYoungGen: 138301K->45368K(180224K)] 328490K->249500K(704512K), 0.1354641 secs] [Times: user=0.26 sys=0.12, real=0.13 secs] 
2016-09-24T02:55:37.019-0400: 22.121: [GC (GCLocker Initiated GC) [PSYoungGen: 149304K->45371K(181760K)] 353644K->263678K(706048K), 0.0060849 secs] [Times: user=0.04 sys=0.01, real=0.01 secs] 
2016-09-24T02:55:37.090-0400: 22.192: [GC (GCLocker Initiated GC) [PSYoungGen: 149307K->49518K(179712K)] 373164K->284643K(704000K), 0.0137474 secs] [Times: user=0.14 sys=0.00, real=0.02 secs] 
2016-09-24T02:55:37.171-0400: 22.273: [GC (GCLocker Initiated GC) [PSYoungGen: 157038K->52291K(182272K)] 399152K->294843K(706560K), 0.0062232 secs] [Times: user=0.04 sys=0.01, real=0.01 secs] 
2016-09-24T02:55:37.236-0400: 22.338: [GC (GCLocker Initiated GC) [PSYoungGen: 159811K->50771K(182784K)] 405200K->296671K(707072K), 0.0078449 secs] [Times: user=0.05 sys=0.02, real=0.01 secs] 
2016-09-24T02:55:37.344-0400: 22.446: [GC (GCLocker Initiated GC) [PSYoungGen: 165459K->30650K(185344K)] 418135K->283826K(709632K), 0.0078091 secs] [Times: user=0.04 sys=0.02, real=0.00 secs] 
2016-09-24T02:55:37.437-0400: 22.539: [GC (GCLocker Initiated GC) [PSYoungGen: 145338K->67133K(180736K)] 398610K->320996K(705024K), 0.0235803 secs] [Times: user=0.22 sys=0.03, real=0.02 secs] 
2016-09-24T02:55:37.547-0400: 22.649: [GC (GCLocker Initiated GC) [PSYoungGen: 175677K->38670K(185344K)] 437772K->317396K(709632K), 0.0169992 secs] [Times: user=0.17 sys=0.02, real=0.02 secs] 
2016-09-24T02:55:37.657-0400: 22.759: [GC (GCLocker Initiated GC) [PSYoungGen: 147214K->40033K(182784K)] 430061K->334125K(707072K), 0.0220335 secs] [Times: user=0.23 sys=0.04, real=0.02 secs] 
2016-09-24T02:55:37.768-0400: 22.870: [GC (GCLocker Initiated GC) [PSYoungGen: 149089K->52108K(184320K)] 454059K->365564K(708608K), 0.0158907 secs] [Times: user=0.17 sys=0.02, real=0.02 secs] 
2016-09-24T02:55:37.878-0400: 22.980: [GC (GCLocker Initiated GC) [PSYoungGen: 161164K->58955K(185856K)] 474757K->373044K(710144K), 0.0051966 secs] [Times: user=0.06 sys=0.00, real=0.01 secs] 
2016-09-24T02:55:37.941-0400: 23.043: [GC (GCLocker Initiated GC) [PSYoungGen: 171083K->37469K(186880K)] 490677K->376381K(711168K), 0.0065628 secs] [Times: user=0.06 sys=0.00, real=0.01 secs] 
2016-09-24T02:55:38.035-0400: 23.137: [GC (GCLocker Initiated GC) [PSYoungGen: 149597K->37987K(186368K)] 502018K->401830K(710656K), 0.0048985 secs] [Times: user=0.08 sys=0.00, real=0.00 secs] 
2016-09-24T02:55:38.118-0400: 23.220: [GC (GCLocker Initiated GC) [PSYoungGen: 150627K->29500K(186880K)] 524150K->403922K(711168K), 0.0053769 secs] [Times: user=0.04 sys=0.00, real=0.01 secs] 
2016-09-24T02:55:38.183-0400: 23.285: [GC (GCLocker Initiated GC) [PSYoungGen: 142140K->52614K(187392K)] 522023K->433392K(711680K), 0.0057438 secs] [Times: user=0.06 sys=0.00, real=0.00 secs] 
2016-09-24T02:55:38.260-0400: 23.362: [GC (GCLocker Initiated GC) [PSYoungGen: 165766K->26847K(187392K)] 557392K->432730K(711680K), 0.0084654 secs] [Times: user=0.07 sys=0.00, real=0.01 secs] 
2016-09-24T02:55:38.328-0400: 23.430: [GC (GCLocker Initiated GC) [PSYoungGen: 139999K->53903K(186368K)] 551493K->466306K(710656K), 0.0087272 secs] [Times: user=0.09 sys=0.00, real=0.01 secs] 
2016-09-24T02:55:38.410-0400: 23.512: [GC (GCLocker Initiated GC) [PSYoungGen: 165519K->40301K(152064K)] 579264K->454763K(676352K), 0.0047752 secs] [Times: user=0.04 sys=0.01, real=0.01 secs] 
2016-09-24T02:55:38.468-0400: 23.570: [GC (GCLocker Initiated GC) [PSYoungGen: 151917K->45907K(187904K)] 570061K->475730K(712192K), 0.0101843 secs] [Times: user=0.12 sys=0.00, real=0.01 secs] 
2016-09-24T02:55:38.562-0400: 23.664: [GC (GCLocker Initiated GC) [PSYoungGen: 160595K->43164K(185344K)] 599931K->491396K(709632K), 0.0167085 secs] [Times: user=0.17 sys=0.01, real=0.01 secs] 
2016-09-24T02:55:38.649-0400: 23.751: [GC (GCLocker Initiated GC) [PSYoungGen: 157852K->28211K(186368K)] 618297K->503054K(710656K), 0.0153165 secs] [Times: user=0.13 sys=0.00, real=0.02 secs] 
2016-09-24T02:55:38.732-0400: 23.834: [GC (GCLocker Initiated GC) [PSYoungGen: 145971K->41765K(186880K)] 624900K->521577K(711168K), 0.0153104 secs] [Times: user=0.18 sys=0.02, real=0.02 secs] 
2016-09-24T02:55:38.818-0400: 23.920: [GC (GCLocker Initiated GC) [PSYoungGen: 159525K->43117K(190976K)] 646231K->546976K(715264K), 0.0059638 secs] [Times: user=0.06 sys=0.00, real=0.01 secs] 
2016-09-24T02:55:38.824-0400: 23.926: [Full GC (Ergonomics) [PSYoungGen: 43117K->0K(190976K)] [ParOldGen: 503859K->126870K(524288K)] 546976K->126870K(715264K), [Metaspace: 43396K->43396K(1085440K)], 0.0660400 secs] [Times: user=0.42 sys=0.01, real=0.06 secs] 
2016-09-24T02:55:38.958-0400: 24.060: [GC (GCLocker Initiated GC) [PSYoungGen: 126464K->54214K(190976K)] 260328K->188079K(715264K), 0.0176939 secs] [Times: user=0.22 sys=0.00, real=0.02 secs] 
2016-09-24T02:55:39.052-0400: 24.154: [GC (GCLocker Initiated GC) [PSYoungGen: 180678K->37712K(196608K)] 325376K->183574K(720896K), 0.0065830 secs] [Times: user=0.04 sys=0.00, real=0.01 secs] 
2016-09-24T02:55:39.132-0400: 24.234: [GC (GCLocker Initiated GC) [PSYoungGen: 167760K->32120K(162304K)] 313647K->197785K(686592K), 0.0081439 secs] [Times: user=0.08 sys=0.00, real=0.01 secs] 
2016-09-24T02:55:39.202-0400: 24.304: [GC (GCLocker Initiated GC) [PSYoungGen: 162168K->56725K(190976K)] 330587K->242143K(715264K), 0.0212372 secs] [Times: user=0.33 sys=0.00, real=0.02 secs] 
2016-09-24T02:55:39.314-0400: 24.416: [GC (GCLocker Initiated GC) [PSYoungGen: 182677K->31252K(194048K)] 391156K->240593K(718336K), 0.0043840 secs] [Times: user=0.03 sys=0.00, real=0.01 secs] 
2016-09-24T02:55:39.398-0400: 24.500: [GC (GCLocker Initiated GC) [PSYoungGen: 157204K->44766K(189952K)] 378838K->267455K(714240K), 0.0054497 secs] [Times: user=0.06 sys=0.00, real=0.01 secs] 
2016-09-24T02:55:39.475-0400: 24.577: [GC (GCLocker Initiated GC) [PSYoungGen: 170718K->63533K(189952K)] 393439K->292556K(714240K), 0.0061159 secs] [Times: user=0.07 sys=0.00, real=0.00 secs] 
2016-09-24T02:55:39.565-0400: 24.667: [GC (GCLocker Initiated GC) [PSYoungGen: 189485K->51390K(190976K)] 418542K->302896K(715264K), 0.0057795 secs] [Times: user=0.05 sys=0.01, real=0.00 secs] 
2016-09-24T02:55:39.638-0400: 24.740: [GC (GCLocker Initiated GC) [PSYoungGen: 170686K->60704K(180224K)] 422239K->313241K(704512K), 0.0061368 secs] [Times: user=0.05 sys=0.01, real=0.01 secs] 
2016-09-24T02:55:39.707-0400: 24.809: [GC (GCLocker Initiated GC) [PSYoungGen: 180000K->59392K(183808K)] 435283K->329007K(708096K), 0.0070225 secs] [Times: user=0.09 sys=0.00, real=0.00 secs] 
2016-09-24T02:55:39.783-0400: 24.885: [GC (GCLocker Initiated GC) [PSYoungGen: 168960K->51171K(185856K)] 446696K->345944K(710144K), 0.0068121 secs] [Times: user=0.06 sys=0.00, real=0.00 secs] 
2016-09-24T02:55:39.859-0400: 24.961: [GC (GCLocker Initiated GC) [PSYoungGen: 160739K->56570K(185344K)] 458242K->354766K(709632K), 0.0101191 secs] [Times: user=0.12 sys=0.00, real=0.01 secs] 
2016-09-24T02:55:39.927-0400: 25.029: [GC (GCLocker Initiated GC) [PSYoungGen: 167674K->49877K(185856K)] 466081K->349073K(710144K), 0.0129575 secs] [Times: user=0.17 sys=0.00, real=0.01 secs] 
2016-09-24T02:55:40.001-0400: 25.103: [GC (GCLocker Initiated GC) [PSYoungGen: 160981K->47050K(184832K)] 460292K->347118K(709120K), 0.0055170 secs] [Times: user=0.04 sys=0.00, real=0.01 secs] 
2016-09-24T02:55:40.087-0400: 25.189: [GC (GCLocker Initiated GC) [PSYoungGen: 161738K->43341K(185344K)] 482284K->375414K(709632K), 0.0105701 secs] [Times: user=0.11 sys=0.02, real=0.01 secs] 
2016-09-24T02:55:40.180-0400: 25.282: [GC (Allocation Failure) [PSYoungGen: 158029K->51216K(189952K)] 490138K->384211K(714240K), 0.0062748 secs] [Times: user=0.07 sys=0.00, real=0.01 secs] 
2016-09-24T02:55:40.187-0400: 25.289: [GC (GCLocker Initiated GC) [PSYoungGen: 54255K->2700K(124928K)] 387251K->389244K(649216K), 0.0051941 secs] [Times: user=0.07 sys=0.00, real=0.00 secs] 
2016-09-24T02:55:40.247-0400: 25.349: [GC (GCLocker Initiated GC) [PSYoungGen: 124259K->64929K(178688K)] 513503K->454174K(702976K), 0.0097132 secs] [Times: user=0.13 sys=0.00, real=0.01 secs] 
2016-09-24T02:55:40.314-0400: 25.416: [GC (GCLocker Initiated GC) [PSYoungGen: 169377K->68701K(173568K)] 558784K->459131K(697856K), 0.0060469 secs] [Times: user=0.08 sys=0.00, real=0.01 secs] 
2016-09-24T02:55:40.388-0400: 25.490: [GC (GCLocker Initiated GC) [PSYoungGen: 173149K->64614K(173056K)] 563638K->455856K(697344K), 0.0055096 secs] [Times: user=0.07 sys=0.00, real=0.00 secs] 
2016-09-24T02:55:40.440-0400: 25.542: [GC (GCLocker Initiated GC) [PSYoungGen: 153702K->48382K(137728K)] 544965K->459285K(662016K), 0.0057472 secs] [Times: user=0.08 sys=0.00, real=0.01 secs] 
2016-09-24T02:55:40.492-0400: 25.594: [GC (GCLocker Initiated GC) [PSYoungGen: 137470K->60564K(173568K)] 551174K->474928K(697856K), 0.0056819 secs] [Times: user=0.08 sys=0.00, real=0.01 secs] 
2016-09-24T02:55:40.548-0400: 25.650: [GC (GCLocker Initiated GC) [PSYoungGen: 151188K->64582K(174592K)] 568267K->482305K(698880K), 0.0058190 secs] [Times: user=0.08 sys=0.00, real=0.01 secs] 
2016-09-24T02:55:40.601-0400: 25.703: [GC (GCLocker Initiated GC) [PSYoungGen: 155206K->69982K(173568K)] 575758K->491202K(697856K), 0.0063949 secs] [Times: user=0.07 sys=0.01, real=0.01 secs] 
2016-09-24T02:55:40.660-0400: 25.762: [GC (Allocation Failure) [PSYoungGen: 158046K->55131K(175104K)] 580671K->497244K(699392K), 0.0065542 secs] [Times: user=0.09 sys=0.01, real=0.01 secs] 
2016-09-24T02:55:40.714-0400: 25.816: [GC (GCLocker Initiated GC) [PSYoungGen: 142717K->53716K(168960K)] 587530K->515380K(693248K), 0.0133362 secs] [Times: user=0.20 sys=0.01, real=0.02 secs] 
2016-09-24T02:55:40.790-0400: 25.892: [GC (GCLocker Initiated GC) [PSYoungGen: 143316K->40106K(172032K)] 611918K->512033K(696320K), 0.0063404 secs] [Times: user=0.06 sys=0.00, real=0.01 secs] 
2016-09-24T02:55:40.849-0400: 25.951: [GC (GCLocker Initiated GC) [PSYoungGen: 129706K->53712K(174592K)] 604494K->537252K(698880K), 0.0086907 secs] [Times: user=0.12 sys=0.00, real=0.01 secs] 
2016-09-24T02:55:40.907-0400: 26.009: [GC (GCLocker Initiated GC) [PSYoungGen: 150992K->34717K(177152K)] 637392K->546039K(701440K), 0.0080790 secs] [Times: user=0.08 sys=0.00, real=0.01 secs] 
2016-09-24T02:55:40.915-0400: 26.017: [Full GC (Ergonomics) [PSYoungGen: 34717K->0K(177152K)] [ParOldGen: 511322K->151781K(524288K)] 546039K->151781K(701440K), [Metaspace: 43424K->43424K(1085440K)], 0.0561454 secs] [Times: user=0.41 sys=0.01, real=0.05 secs] 
2016-09-24T02:55:41.031-0400: 26.133: [GC (GCLocker Initiated GC) [PSYoungGen: 97280K->59495K(181248K)] 254510K->216733K(705536K), 0.0099868 secs] [Times: user=0.14 sys=0.00, real=0.01 secs] 
2016-09-24T02:55:41.097-0400: 26.199: [GC (GCLocker Initiated GC) [PSYoungGen: 160871K->64587K(166400K)] 318187K->222900K(690688K), 0.0135334 secs] [Times: user=0.15 sys=0.01, real=0.01 secs] 
2016-09-24T02:55:41.172-0400: 26.274: [GC (GCLocker Initiated GC) [PSYoungGen: 165963K->45612K(181760K)] 324291K->204629K(706048K), 0.0110133 secs] [Times: user=0.13 sys=0.00, real=0.02 secs] 
2016-09-24T02:55:41.245-0400: 26.347: [GC (GCLocker Initiated GC) [PSYoungGen: 144940K->41703K(141312K)] 312278K->223274K(665600K), 0.0058197 secs] [Times: user=0.06 sys=0.02, real=0.00 secs] 
2016-09-24T02:55:41.307-0400: 26.409: [GC (GCLocker Initiated GC) [PSYoungGen: 141031K->61910K(178176K)] 332229K->253767K(702464K), 0.0098042 secs] [Times: user=0.11 sys=0.00, real=0.01 secs] 
2016-09-24T02:55:41.376-0400: 26.478: [GC (Allocation Failure) [PSYoungGen: 160214K->44284K(179200K)] 352108K->250342K(703488K), 0.0052684 secs] [Times: user=0.07 sys=0.00, real=0.00 secs] 
2016-09-24T02:55:41.382-0400: 26.484: [GC (GCLocker Initiated GC) [PSYoungGen: 44433K->32K(170496K)] 250492K->271687K(694784K), 0.0054276 secs] [Times: user=0.07 sys=0.00, real=0.00 secs] 
2016-09-24T02:55:41.446-0400: 26.549: [GC (GCLocker Initiated GC) [PSYoungGen: 90965K->58300K(149504K)] 365321K->332655K(673792K), 0.0055928 secs] [Times: user=0.07 sys=0.01, real=0.00 secs] 
2016-09-24T02:55:41.521-0400: 26.623: [GC (GCLocker Initiated GC) [PSYoungGen: 149436K->32038K(177664K)] 423809K->307439K(701952K), 0.0060879 secs] [Times: user=0.05 sys=0.00, real=0.01 secs] 
2016-09-24T02:55:41.578-0400: 26.680: [GC (GCLocker Initiated GC) [PSYoungGen: 123686K->27828K(119808K)] 399113K->322879K(644096K), 0.0084613 secs] [Times: user=0.08 sys=0.00, real=0.01 secs] 
2016-09-24T02:55:41.634-0400: 26.736: [GC (GCLocker Initiated GC) [PSYoungGen: 119476K->30570K(177152K)] 414534K->345132K(701440K), 0.0332125 secs] [Times: user=0.33 sys=0.01, real=0.04 secs] 
2016-09-24T02:55:41.717-0400: 26.820: [GC (GCLocker Initiated GC) [PSYoungGen: 123754K->35843K(175616K)] 439974K->360713K(699904K), 0.0215815 secs] [Times: user=0.24 sys=0.00, real=0.02 secs] 
2016-09-24T02:55:41.793-0400: 26.895: [GC (GCLocker Initiated GC) [PSYoungGen: 129027K->53753K(175104K)] 453926K->406240K(699392K), 0.0071618 secs] [Times: user=0.11 sys=0.00, real=0.01 secs] 
2016-09-24T02:55:41.861-0400: 26.963: [GC (GCLocker Initiated GC) [PSYoungGen: 148985K->57903K(175616K)] 512336K->429969K(699904K), 0.0059024 secs] [Times: user=0.09 sys=0.00, real=0.01 secs] 
2016-09-24T02:55:41.921-0400: 27.023: [GC (GCLocker Initiated GC) [PSYoungGen: 153135K->51142K(180224K)] 525327K->445657K(704512K), 0.0057773 secs] [Times: user=0.08 sys=0.00, real=0.01 secs] 
2016-09-24T02:55:41.991-0400: 27.093: [GC (GCLocker Initiated GC) [PSYoungGen: 150982K->42755K(142848K)] 545507K->437967K(667136K), 0.0058523 secs] [Times: user=0.06 sys=0.00, real=0.01 secs] 
2016-09-24T02:55:42.051-0400: 27.153: [GC (GCLocker Initiated GC) [PSYoungGen: 142595K->37368K(180224K)] 538874K->434272K(704512K), 0.0066983 secs] [Times: user=0.06 sys=0.00, real=0.01 secs] 
2016-09-24T02:55:42.114-0400: 27.216: [GC (GCLocker Initiated GC) [PSYoungGen: 140280K->45680K(178688K)] 542781K->448867K(702976K), 0.0071075 secs] [Times: user=0.05 sys=0.00, real=0.01 secs] 
2016-09-24T02:55:42.187-0400: 27.289: [GC (GCLocker Initiated GC) [PSYoungGen: 148592K->45693K(183808K)] 560116K->457876K(708096K), 0.0134466 secs] [Times: user=0.15 sys=0.01, real=0.01 secs] 
2016-09-24T02:55:42.271-0400: 27.373: [GC (GCLocker Initiated GC) [PSYoungGen: 157309K->41676K(182272K)] 569520K->454630K(706560K), 0.0133929 secs] [Times: user=0.15 sys=0.01, real=0.02 secs] 
2016-09-24T02:55:42.348-0400: 27.450: [GC (GCLocker Initiated GC) [PSYoungGen: 153292K->64659K(182784K)] 566302K->478517K(707072K), 0.0230399 secs] [Times: user=0.36 sys=0.01, real=0.02 secs] 
2016-09-24T02:55:42.448-0400: 27.550: [GC (GCLocker Initiated GC) [PSYoungGen: 178835K->29443K(187904K)] 596982K->467179K(712192K), 0.0153339 secs] [Times: user=0.20 sys=0.00, real=0.02 secs] 
2016-09-24T02:55:42.536-0400: 27.638: [GC (GCLocker Initiated GC) [PSYoungGen: 143619K->40276K(184320K)] 584674K->482120K(708608K), 0.0059394 secs] [Times: user=0.05 sys=0.00, real=0.00 secs] 
2016-09-24T02:55:42.599-0400: 27.701: [GC (GCLocker Initiated GC) [PSYoungGen: 154964K->47044K(186368K)] 598300K->491147K(710656K), 0.0102822 secs] [Times: user=0.12 sys=0.01, real=0.01 secs] 
2016-09-24T02:55:42.681-0400: 27.783: [GC (GCLocker Initiated GC) [PSYoungGen: 161732K->53804K(189952K)] 608601K->512233K(714240K), 0.0062234 secs] [Times: user=0.07 sys=0.00, real=0.01 secs] 
2016-09-24T02:55:42.752-0400: 27.854: [GC (GCLocker Initiated GC) [PSYoungGen: 173612K->59195K(179200K)] 634879K->538727K(703488K), 0.0062659 secs] [Times: user=0.08 sys=0.01, real=0.01 secs] 
2016-09-24T02:55:42.822-0400: 27.925: [GC (GCLocker Initiated GC) [PSYoungGen: 179003K->56553K(187392K)] 664113K->542320K(711680K), 0.0059012 secs] [Times: user=0.06 sys=0.00, real=0.00 secs] 
2016-09-24T02:55:42.901-0400: 28.003: [GC (GCLocker Initiated GC) [PSYoungGen: 170217K->45618K(159744K)] 656008K->532132K(684032K), 0.0060402 secs] [Times: user=0.07 sys=0.00, real=0.01 secs] 
2016-09-24T02:55:42.968-0400: 28.070: [GC (GCLocker Initiated GC) [PSYoungGen: 159282K->46995K(188928K)] 648691K->555892K(713216K), 0.0087719 secs] [Times: user=0.12 sys=0.00, real=0.01 secs] 
2016-09-24T02:55:42.977-0400: 28.079: [Full GC (Ergonomics) [PSYoungGen: 46995K->0K(188928K)] [ParOldGen: 508897K->166430K(524288K)] 555892K->166430K(713216K), [Metaspace: 43550K->43550K(1085440K)], 0.0803879 secs] [Times: user=0.64 sys=0.02, real=0.08 secs] 
2016-09-24T02:55:43.138-0400: 28.240: [GC (GCLocker Initiated GC) [PSYoungGen: 116736K->42081K(186368K)] 296822K->222168K(710656K), 0.0046507 secs] [Times: user=0.06 sys=0.00, real=0.01 secs] 
2016-09-24T02:55:43.200-0400: 28.302: [GC (GCLocker Initiated GC) [PSYoungGen: 158817K->53655K(188416K)] 341714K->251144K(712704K), 0.0099017 secs] [Times: user=0.15 sys=0.00, real=0.01 secs] 
2016-09-24T02:55:43.281-0400: 28.383: [GC (GCLocker Initiated GC) [PSYoungGen: 173463K->57795K(188928K)] 371180K->273643K(713216K), 0.0077963 secs] [Times: user=0.11 sys=0.00, real=0.01 secs] 
2016-09-24T02:55:43.353-0400: 28.455: [GC (GCLocker Initiated GC) [PSYoungGen: 177603K->63181K(185344K)] 393515K->281050K(709632K), 0.0071910 secs] [Times: user=0.07 sys=0.01, real=0.01 secs] 
2016-09-24T02:55:43.434-0400: 28.536: [GC (GCLocker Initiated GC) [PSYoungGen: 177869K->42931K(188416K)] 401188K->277659K(712704K), 0.0062057 secs] [Times: user=0.06 sys=0.00, real=0.01 secs] 
2016-09-24T02:55:43.501-0400: 28.603: [GC (GCLocker Initiated GC) [PSYoungGen: 157619K->59144K(187392K)] 395074K->297176K(711680K), 0.0054828 secs] [Times: user=0.07 sys=0.00, real=0.01 secs] 
2016-09-24T02:55:43.582-0400: 28.684: [GC (GCLocker Initiated GC) [PSYoungGen: 173832K->45675K(160768K)] 419968K->292481K(685056K), 0.0050422 secs] [Times: user=0.04 sys=0.00, real=0.01 secs] 
2016-09-24T02:55:43.657-0400: 28.759: [GC (GCLocker Initiated GC) [PSYoungGen: 160363K->50871K(189440K)] 409909K->301094K(713728K), 0.0061821 secs] [Times: user=0.06 sys=0.00, real=0.01 secs] 
2016-09-24T02:55:43.727-0400: 28.829: [GC (GCLocker Initiated GC) [PSYoungGen: 168119K->42707K(187904K)] 418458K->293590K(712192K), 0.0063837 secs] [Times: user=0.05 sys=0.01, real=0.00 secs] 
2016-09-24T02:55:43.798-0400: 28.900: [GC (GCLocker Initiated GC) [PSYoungGen: 159955K->67294K(183296K)] 410875K->337771K(707584K), 0.0069128 secs] [Times: user=0.08 sys=0.00, real=0.01 secs] 
2016-09-24T02:55:43.864-0400: 28.966: [GC (GCLocker Initiated GC) [PSYoungGen: 180958K->59175K(173056K)] 454309K->344006K(697344K), 0.0062524 secs] [Times: user=0.08 sys=0.00, real=0.00 secs] 
2016-09-24T02:55:43.952-0400: 29.054: [GC (GCLocker Initiated GC) [PSYoungGen: 172839K->40391K(187392K)] 467149K->348845K(711680K), 0.0050411 secs] [Times: user=0.07 sys=0.00, real=0.01 secs] 
2016-09-24T02:55:44.020-0400: 29.122: [GC (GCLocker Initiated GC) [PSYoungGen: 152519K->59279K(171520K)] 466454K->373991K(695808K), 0.0060933 secs] [Times: user=0.08 sys=0.00, real=0.01 secs] 
2016-09-24T02:55:44.089-0400: 29.191: [GC (GCLocker Initiated GC) [PSYoungGen: 171407K->53932K(187904K)] 494434K->388452K(712192K), 0.0074298 secs] [Times: user=0.10 sys=0.01, real=0.01 secs] 
2016-09-24T02:55:44.164-0400: 29.266: [GC (GCLocker Initiated GC) [PSYoungGen: 166060K->44134K(156672K)] 500829K->379648K(680960K), 0.0061512 secs] [Times: user=0.06 sys=0.00, real=0.00 secs] 
2016-09-24T02:55:44.241-0400: 29.343: [GC (Allocation Failure) [PSYoungGen: 156262K->37787K(185344K)] 494624K->376891K(709632K), 0.0060180 secs] [Times: user=0.06 sys=0.00, real=0.01 secs] 
2016-09-24T02:55:44.305-0400: 29.407: [GC (GCLocker Initiated GC) [PSYoungGen: 147300K->46875K(185344K)] 489104K->389560K(709632K), 0.0132963 secs] [Times: user=0.15 sys=0.01, real=0.01 secs] 
2016-09-24T02:55:44.383-0400: 29.485: [GC (GCLocker Initiated GC) [PSYoungGen: 159003K->52573K(187904K)] 505533K->399662K(712192K), 0.0105367 secs] [Times: user=0.13 sys=0.00, real=0.00 secs] 
2016-09-24T02:55:44.457-0400: 29.559: [GC (GCLocker Initiated GC) [PSYoungGen: 169309K->60705K(186880K)] 519298K->419578K(711168K), 0.0076033 secs] [Times: user=0.10 sys=0.01, real=0.01 secs] 
2016-09-24T02:55:44.537-0400: 29.639: [GC (GCLocker Initiated GC) [PSYoungGen: 177441K->56654K(189952K)] 539069K->419067K(714240K), 0.0064745 secs] [Times: user=0.08 sys=0.00, real=0.01 secs] 
2016-09-24T02:55:44.611-0400: 29.713: [GC (GCLocker Initiated GC) [PSYoungGen: 174414K->68842K(186880K)] 539558K->445601K(711168K), 0.0070451 secs] [Times: user=0.10 sys=0.00, real=0.01 secs] 
2016-09-24T02:55:44.685-0400: 29.787: [GC (GCLocker Initiated GC) [PSYoungGen: 186602K->52559K(187392K)] 563512K->443798K(711680K), 0.0064419 secs] [Times: user=0.06 sys=0.00, real=0.00 secs] 
2016-09-24T02:55:44.772-0400: 29.874: [GC (GCLocker Initiated GC) [PSYoungGen: 164687K->45650K(158208K)] 555963K->440477K(682496K), 0.0145158 secs] [Times: user=0.17 sys=0.00, real=0.02 secs] 
2016-09-24T02:55:44.847-0400: 29.949: [GC (GCLocker Initiated GC) [PSYoungGen: 157778K->43035K(186368K)] 555398K->452243K(710656K), 0.0225456 secs] [Times: user=0.25 sys=0.01, real=0.02 secs] 
2016-09-24T02:55:44.939-0400: 30.041: [GC (GCLocker Initiated GC) [PSYoungGen: 155675K->42955K(185856K)] 571760K->470625K(710144K), 0.0089980 secs] [Times: user=0.10 sys=0.00, real=0.01 secs] 
2016-09-24T02:55:45.014-0400: 30.116: [GC (GCLocker Initiated GC) [PSYoungGen: 155595K->51056K(185856K)] 586119K->487725K(710144K), 0.0062023 secs] [Times: user=0.07 sys=0.00, real=0.01 secs] 
2016-09-24T02:55:45.086-0400: 30.188: [GC (GCLocker Initiated GC) [PSYoungGen: 167280K->37497K(186880K)] 604027K->485790K(711168K), 0.0058871 secs] [Times: user=0.04 sys=0.02, real=0.00 secs] 
2016-09-24T02:55:45.154-0400: 30.256: [GC (GCLocker Initiated GC) [PSYoungGen: 153721K->33518K(190464K)] 607459K->506899K(714752K), 0.0159846 secs] [Times: user=0.14 sys=0.01, real=0.02 secs] 
2016-09-24T02:55:45.250-0400: 30.352: [GC (GCLocker Initiated GC) [PSYoungGen: 153326K->37761K(190976K)] 633512K->532253K(715264K), 0.0146461 secs] [Times: user=0.14 sys=0.01, real=0.02 secs] 
2016-09-24T02:55:45.331-0400: 30.433: [Full GC (Ergonomics) [PSYoungGen: 157569K->0K(190976K)] [ParOldGen: 499932K->185992K(524288K)] 657501K->185992K(715264K), [Metaspace: 43580K->43580K(1085440K)], 0.0841569 secs] [Times: user=0.60 sys=0.01, real=0.09 secs] 
2016-09-24T02:55:45.485-0400: 30.587: [GC (GCLocker Initiated GC) [PSYoungGen: 119808K->55555K(189440K)] 305886K->241633K(713728K), 0.0255240 secs] [Times: user=0.28 sys=0.02, real=0.02 secs] 
2016-09-24T02:55:50.255-0400: 35.357: [GC (GCLocker Initiated GC) [PSYoungGen: 174339K->54833K(190464K)] 360522K->244791K(714752K), 0.0221165 secs] [Times: user=0.19 sys=0.01, real=0.02 secs] 
2016-09-24T02:55:50.367-0400: 35.469: [GC (GCLocker Initiated GC) [PSYoungGen: 173617K->30804K(188416K)] 373140K->255116K(712704K), 0.0076735 secs] [Times: user=0.07 sys=0.00, real=0.01 secs] 
2016-09-24T02:55:50.459-0400: 35.561: [GC (GCLocker Initiated GC) [PSYoungGen: 147540K->25302K(142336K)] 377461K->274882K(666624K), 0.0073712 secs] [Times: user=0.05 sys=0.00, real=0.01 secs] 
2016-09-24T02:55:50.541-0400: 35.643: [GC (GCLocker Initiated GC) [PSYoungGen: 142038K->44291K(191488K)] 391809K->294808K(715776K), 0.0063556 secs] [Times: user=0.05 sys=0.01, real=0.01 secs] 
2016-09-24T02:55:50.623-0400: 35.725: [GC (GCLocker Initiated GC) [PSYoungGen: 162051K->50956K(188416K)] 412583K->304959K(712704K), 0.0069618 secs] [Times: user=0.06 sys=0.01, real=0.00 secs] 
2016-09-24T02:55:50.722-0400: 35.824: [GC (GCLocker Initiated GC) [PSYoungGen: 168716K->47021K(189440K)] 425470K->304492K(713728K), 0.0217624 secs] [Times: user=0.25 sys=0.01, real=0.03 secs] 
2016-09-24T02:55:50.813-0400: 35.915: [GC (GCLocker Initiated GC) [PSYoungGen: 166829K->51319K(188416K)] 424329K->312392K(712704K), 0.0086910 secs] [Times: user=0.07 sys=0.01, real=0.01 secs] 
2016-09-24T02:55:50.912-0400: 36.014: [GC (GCLocker Initiated GC) [PSYoungGen: 171127K->31168K(192000K)] 433597K->313571K(716288K), 0.0152563 secs] [Times: user=0.16 sys=0.00, real=0.02 secs] 
2016-09-24T02:55:51.013-0400: 36.115: [GC (GCLocker Initiated GC) [PSYoungGen: 154560K->50071K(192512K)] 439991K->347571K(716800K), 0.0107447 secs] [Times: user=0.11 sys=0.00, real=0.02 secs] 
2016-09-24T02:55:51.105-0400: 36.207: [GC (GCLocker Initiated GC) [PSYoungGen: 173463K->46035K(188928K)] 470992K->358072K(713216K), 0.0200160 secs] [Times: user=0.19 sys=0.00, real=0.02 secs] 
2016-09-24T02:55:51.223-0400: 36.325: [GC (GCLocker Initiated GC) [PSYoungGen: 170451K->24654K(190976K)] 490713K->362289K(715264K), 0.0372921 secs] [Times: user=0.44 sys=0.01, real=0.03 secs] 
2016-09-24T02:55:51.358-0400: 36.460: [GC (GCLocker Initiated GC) [PSYoungGen: 149070K->43610K(192000K)] 493493K->389361K(716288K), 0.0068724 secs] [Times: user=0.05 sys=0.00, real=0.01 secs] 
2016-09-24T02:55:51.459-0400: 36.561: [GC (GCLocker Initiated GC) [PSYoungGen: 171098K->31229K(193024K)] 530389K->399921K(717312K), 0.0075363 secs] [Times: user=0.06 sys=0.00, real=0.01 secs] 
2016-09-24T02:55:51.581-0400: 36.683: [GC (GCLocker Initiated GC) [PSYoungGen: 158717K->40822K(192512K)] 532902K->429740K(716800K), 0.0099746 secs] [Times: user=0.07 sys=0.00, real=0.01 secs] 
2016-09-24T02:55:51.687-0400: 36.789: [GC (GCLocker Initiated GC) [PSYoungGen: 171894K->62871K(194048K)] 566301K->458693K(718336K), 0.0063450 secs] [Times: user=0.07 sys=0.01, real=0.00 secs] 
2016-09-24T02:55:51.798-0400: 36.900: [GC (GCLocker Initiated GC) [PSYoungGen: 193943K->39793K(195072K)] 600642K->464184K(719360K), 0.0103366 secs] [Times: user=0.07 sys=0.00, real=0.01 secs] 
2016-09-24T02:55:51.910-0400: 37.012: [GC (GCLocker Initiated GC) [PSYoungGen: 166769K->50419K(194048K)] 598073K->483220K(718336K), 0.0056039 secs] [Times: user=0.06 sys=0.00, real=0.01 secs] 
2016-09-24T02:55:52.008-0400: 37.110: [GC (GCLocker Initiated GC) [PSYoungGen: 177395K->45024K(191488K)] 610199K->479183K(715776K), 0.0055454 secs] [Times: user=0.06 sys=0.00, real=0.00 secs] 
2016-09-24T02:55:52.091-0400: 37.194: [GC (GCLocker Initiated GC) [PSYoungGen: 172512K->57144K(193024K)] 609468K->495484K(717312K), 0.0112489 secs] [Times: user=0.13 sys=0.00, real=0.02 secs] 
2016-09-24T02:55:52.206-0400: 37.308: [GC (GCLocker Initiated GC) [PSYoungGen: 184632K->29884K(193024K)] 632480K->478982K(717312K), 0.0214470 secs] [Times: user=0.27 sys=0.00, real=0.02 secs] 
2016-09-24T02:55:52.320-0400: 37.422: [GC (GCLocker Initiated GC) [PSYoungGen: 154812K->66555K(191488K)] 603924K->522386K(715776K), 0.0091068 secs] [Times: user=0.14 sys=0.00, real=0.01 secs] 
2016-09-24T02:55:52.419-0400: 37.521: [GC (GCLocker Initiated GC) [PSYoungGen: 191483K->62415K(177152K)] 650042K->522177K(701440K), 0.0077931 secs] [Times: user=0.09 sys=0.00, real=0.01 secs] 
2016-09-24T02:55:52.504-0400: 37.606: [GC (GCLocker Initiated GC) [PSYoungGen: 168911K->45719K(184320K)] 628717K->506717K(708608K), 0.0072356 secs] [Times: user=0.06 sys=0.00, real=0.00 secs] 
2016-09-24T02:55:52.595-0400: 37.697: [GC (GCLocker Initiated GC) [PSYoungGen: 152215K->40592K(178688K)] 616002K->529583K(702976K), 0.0062040 secs] [Times: user=0.09 sys=0.01, real=0.00 secs] 
2016-09-24T02:55:52.671-0400: 37.773: [Full GC (Ergonomics) [PSYoungGen: 149648K->0K(178688K)] [ParOldGen: 503985K->217929K(524288K)] 653633K->217929K(702976K), [Metaspace: 43612K->43612K(1085440K)], 0.0912499 secs] [Times: user=0.51 sys=0.02, real=0.10 secs] 
2016-09-24T02:55:52.841-0400: 37.943: [GC (GCLocker Initiated GC) [PSYoungGen: 109056K->67510K(182784K)] 329796K->288251K(707072K), 0.0060293 secs] [Times: user=0.08 sys=0.01, real=0.01 secs] 
2016-09-24T02:55:52.919-0400: 38.021: [GC (GCLocker Initiated GC) [PSYoungGen: 176566K->64654K(177664K)] 397335K->295825K(701952K), 0.0055688 secs] [Times: user=0.08 sys=0.00, real=0.01 secs] 
2016-09-24T02:55:52.992-0400: 38.094: [GC (GCLocker Initiated GC) [PSYoungGen: 163982K->42871K(180736K)] 395181K->296378K(705024K), 0.0077658 secs] [Times: user=0.09 sys=0.00, real=0.01 secs] 
2016-09-24T02:55:53.062-0400: 38.164: [GC (GCLocker Initiated GC) [PSYoungGen: 142199K->76940K(168960K)] 398444K->333886K(693248K), 0.0064994 secs] [Times: user=0.09 sys=0.01, real=0.01 secs] 
2016-09-24T02:55:53.134-0400: 38.236: [GC (GCLocker Initiated GC) [PSYoungGen: 166028K->49719K(175616K)] 423029K->342648K(699904K), 0.0084007 secs] [Times: user=0.12 sys=0.01, real=0.02 secs] 
2016-09-24T02:55:53.199-0400: 38.301: [GC (GCLocker Initiated GC) [PSYoungGen: 138807K->39046K(171008K)] 431869K->354331K(695296K), 0.0081853 secs] [Times: user=0.07 sys=0.00, real=0.01 secs] 
2016-09-24T02:55:53.267-0400: 38.369: [GC (GCLocker Initiated GC) [PSYoungGen: 130694K->55309K(174592K)] 446019K->371399K(698880K), 0.0079000 secs] [Times: user=0.05 sys=0.00, real=0.01 secs] 
2016-09-24T02:55:53.337-0400: 38.439: [GC (GCLocker Initiated GC) [PSYoungGen: 146957K->45891K(173568K)] 474014K->373744K(697856K), 0.0065869 secs] [Times: user=0.05 sys=0.01, real=0.01 secs] 
2016-09-24T02:55:53.418-0400: 38.520: [GC (GCLocker Initiated GC) [PSYoungGen: 143683K->51160K(177152K)] 474259K->382637K(701440K), 0.0068432 secs] [Times: user=0.07 sys=0.00, real=0.01 secs] 
2016-09-24T02:55:53.490-0400: 38.592: [GC (GCLocker Initiated GC) [PSYoungGen: 148952K->37853K(180736K)] 492810K->393353K(705024K), 0.0059983 secs] [Times: user=0.04 sys=0.01, real=0.01 secs] 
2016-09-24T02:55:53.570-0400: 38.672: [GC (GCLocker Initiated GC) [PSYoungGen: 143837K->32477K(182272K)] 510268K->410647K(706560K), 0.0071142 secs] [Times: user=0.08 sys=0.01, real=0.01 secs] 
2016-09-24T02:55:53.644-0400: 38.746: [GC (GCLocker Initiated GC) [PSYoungGen: 138461K->64853K(178688K)] 522169K->449436K(702976K), 0.0058873 secs] [Times: user=0.07 sys=0.01, real=0.00 secs] 
2016-09-24T02:55:53.726-0400: 38.828: [GC (GCLocker Initiated GC) [PSYoungGen: 167253K->47402K(182272K)] 565562K->465534K(706560K), 0.0097474 secs] [Times: user=0.12 sys=0.00, real=0.01 secs] 
2016-09-24T02:55:53.791-0400: 38.893: [GC (GCLocker Initiated GC) [PSYoungGen: 149802K->56572K(181248K)] 576137K->483842K(705536K), 0.0099809 secs] [Times: user=0.11 sys=0.01, real=0.01 secs] 
2016-09-24T02:55:53.879-0400: 38.981: [GC (GCLocker Initiated GC) [PSYoungGen: 161532K->32406K(182272K)] 600138K->471786K(706560K), 0.0064315 secs] [Times: user=0.06 sys=0.00, real=0.01 secs] 
2016-09-24T02:55:53.946-0400: 39.048: [GC (GCLocker Initiated GC) [PSYoungGen: 137366K->56748K(183808K)] 587571K->507901K(708096K), 0.0086393 secs] [Times: user=0.08 sys=0.02, real=0.01 secs] 
2016-09-24T02:55:54.030-0400: 39.132: [GC (GCLocker Initiated GC) [PSYoungGen: 163244K->36137K(184320K)] 620015K->493778K(708608K), 0.0161712 secs] [Times: user=0.20 sys=0.00, real=0.02 secs] 
2016-09-24T02:55:54.118-0400: 39.220: [GC (GCLocker Initiated GC) [PSYoungGen: 142633K->52858K(182272K)] 602987K->514065K(706560K), 0.0055593 secs] [Times: user=0.07 sys=0.00, real=0.01 secs] 
2016-09-24T02:55:54.186-0400: 39.288: [GC (GCLocker Initiated GC) [PSYoungGen: 159866K->63403K(183296K)] 621113K->536552K(707584K), 0.0069502 secs] [Times: user=0.09 sys=0.00, real=0.00 secs] 
2016-09-24T02:55:54.254-0400: 39.357: [GC (GCLocker Initiated GC) [PSYoungGen: 170411K->52786K(184320K)] 646497K->540511K(708608K), 0.0061543 secs] [Times: user=0.07 sys=0.00, real=0.00 secs] 
2016-09-24T02:55:54.337-0400: 39.439: [GC (GCLocker Initiated GC) [PSYoungGen: 158770K->63473K(169472K)] 651947K->557664K(693760K), 0.0095333 secs] [Times: user=0.10 sys=0.00, real=0.01 secs] 
2016-09-24T02:55:54.406-0400: 39.508: [GC (GCLocker Initiated GC) [PSYoungGen: 169457K->44542K(184320K)] 663711K->558629K(708608K), 0.0073475 secs] [Times: user=0.07 sys=0.00, real=0.00 secs] 
2016-09-24T02:55:54.413-0400: 39.515: [Full GC (Ergonomics) [PSYoungGen: 44542K->0K(184320K)] [ParOldGen: 514086K->232108K(524288K)] 558629K->232108K(708608K), [Metaspace: 43618K->43618K(1085440K)], 0.0632038 secs] [Times: user=0.46 sys=0.01, real=0.07 secs] 
2016-09-24T02:55:54.545-0400: 39.647: [GC (GCLocker Initiated GC) [PSYoungGen: 104960K->68051K(173056K)] 337123K->300215K(697344K), 0.0060237 secs] [Times: user=0.08 sys=0.00, real=0.00 secs] 
2016-09-24T02:55:54.621-0400: 39.723: [GC (GCLocker Initiated GC) [PSYoungGen: 173011K->66292K(175616K)] 410616K->314824K(699904K), 0.0057895 secs] [Times: user=0.07 sys=0.00, real=0.01 secs] 
2016-09-24T02:55:54.697-0400: 39.799: [GC (GCLocker Initiated GC) [PSYoungGen: 160500K->40628K(178176K)] 420026K->325489K(702464K), 0.0069527 secs] [Times: user=0.07 sys=0.01, real=0.01 secs] 
2016-09-24T02:55:54.775-0400: 39.877: [GC (GCLocker Initiated GC) [PSYoungGen: 134836K->60761K(177152K)] 419700K->360106K(701440K), 0.0066878 secs] [Times: user=0.08 sys=0.01, real=0.00 secs] 
2016-09-24T02:55:54.848-0400: 39.950: [GC (GCLocker Initiated GC) [PSYoungGen: 155993K->48634K(178176K)] 460768K->354298K(702464K), 0.0085704 secs] [Times: user=0.06 sys=0.00, real=0.01 secs] 
2016-09-24T02:55:54.922-0400: 40.024: [GC (GCLocker Initiated GC) [PSYoungGen: 143866K->64876K(176640K)] 452312K->374346K(700928K), 0.0105805 secs] [Times: user=0.14 sys=0.00, real=0.00 secs] 
2016-09-24T02:55:54.998-0400: 40.100: [GC (GCLocker Initiated GC) [PSYoungGen: 160620K->63591K(178176K)] 472868K->376793K(702464K), 0.0061306 secs] [Times: user=0.08 sys=0.00, real=0.01 secs] 
2016-09-24T02:55:55.064-0400: 40.166: [GC (GCLocker Initiated GC) [PSYoungGen: 159335K->74295K(171520K)] 475295K->391242K(695808K), 0.0085424 secs] [Times: user=0.12 sys=0.01, real=0.00 secs] 
2016-09-24T02:55:55.131-0400: 40.233: [GC (GCLocker Initiated GC) [PSYoungGen: 162359K->47328K(175104K)] 484901K->395084K(699392K), 0.0075618 secs] [Times: user=0.09 sys=0.00, real=0.01 secs] 
2016-09-24T02:55:55.192-0400: 40.294: [GC (GCLocker Initiated GC) [PSYoungGen: 135392K->70162K(174080K)] 483324K->421766K(698368K), 0.0068857 secs] [Times: user=0.09 sys=0.00, real=0.01 secs] 
2016-09-24T02:55:55.258-0400: 40.360: [GC (GCLocker Initiated GC) [PSYoungGen: 158226K->44353K(175104K)] 509917K->396811K(699392K), 0.0060644 secs] [Times: user=0.04 sys=0.01, real=0.01 secs] 
2016-09-24T02:55:55.324-0400: 40.426: [GC (GCLocker Initiated GC) [PSYoungGen: 132417K->64814K(175104K)] 484909K->431695K(699392K), 0.0075976 secs] [Times: user=0.08 sys=0.00, real=0.00 secs] 
2016-09-24T02:55:55.384-0400: 40.486: [GC (GCLocker Initiated GC) [PSYoungGen: 152878K->48531K(136704K)] 519796K->440665K(660992K), 0.0070304 secs] [Times: user=0.08 sys=0.00, real=0.00 secs] 
2016-09-24T02:55:55.450-0400: 40.552: [GC (GCLocker Initiated GC) [PSYoungGen: 136595K->39004K(174080K)] 531504K->437398K(698368K), 0.0062961 secs] [Times: user=0.05 sys=0.01, real=0.01 secs] 
2016-09-24T02:55:55.515-0400: 40.617: [GC (GCLocker Initiated GC) [PSYoungGen: 127068K->29439K(174080K)] 529839K->438526K(698368K), 0.0072809 secs] [Times: user=0.04 sys=0.01, real=0.01 secs] 
2016-09-24T02:55:55.586-0400: 40.688: [GC (GCLocker Initiated GC) [PSYoungGen: 117503K->31180K(175104K)] 539110K->472481K(699392K), 0.0058735 secs] [Times: user=0.06 sys=0.00, real=0.00 secs] 
2016-09-24T02:55:55.647-0400: 40.749: [GC (GCLocker Initiated GC) [PSYoungGen: 119244K->55217K(143360K)] 571395K->508344K(667648K), 0.0121759 secs] [Times: user=0.16 sys=0.00, real=0.01 secs] 
2016-09-24T02:55:55.718-0400: 40.820: [GC (GCLocker Initiated GC) [PSYoungGen: 143281K->62095K(172544K)] 601885K->521477K(696832K), 0.0063266 secs] [Times: user=0.05 sys=0.00, real=0.01 secs] 
2016-09-24T02:55:55.799-0400: 40.901: [GC (GCLocker Initiated GC) [PSYoungGen: 149135K->49753K(137216K)] 611696K->513171K(661504K), 0.0253244 secs] [Times: user=0.32 sys=0.00, real=0.03 secs] 
2016-09-24T02:55:55.876-0400: 40.978: [GC (GCLocker Initiated GC) [PSYoungGen: 136793K->44465K(174592K)] 605826K->533287K(698880K), 0.0080085 secs] [Times: user=0.09 sys=0.01, real=0.01 secs] 
2016-09-24T02:55:55.938-0400: 41.040: [GC (GCLocker Initiated GC) [PSYoungGen: 136113K->64731K(173056K)] 625081K->554468K(697344K), 0.0097251 secs] [Times: user=0.14 sys=0.00, real=0.01 secs] 
2016-09-24T02:55:56.016-0400: 41.118: [GC (GCLocker Initiated GC) [PSYoungGen: 156379K->59332K(179200K)] 646277K->549999K(703488K), 0.0097121 secs] [Times: user=0.14 sys=0.00, real=0.01 secs] 
2016-09-24T02:55:56.099-0400: 41.201: [GC (Allocation Failure) [PSYoungGen: 155076K->54129K(150016K)] 648468K->548362K(674304K), 0.0069948 secs] [Times: user=0.07 sys=0.00, real=0.01 secs] 
2016-09-24T02:55:56.166-0400: 41.268: [Full GC (Ergonomics) [PSYoungGen: 147299K->0K(150016K)] [ParOldGen: 496933K->254987K(524288K)] 644233K->254987K(674304K), [Metaspace: 43621K->43621K(1085440K)], 0.0782579 secs] [Times: user=0.59 sys=0.02, real=0.08 secs] 
2016-09-24T02:55:56.312-0400: 41.414: [GC (GCLocker Initiated GC) [PSYoungGen: 95744K->78697K(168448K)] 350788K->333741K(692736K), 0.0099196 secs] [Times: user=0.14 sys=0.01, real=0.02 secs] 
2016-09-24T02:55:56.380-0400: 41.482: [GC (GCLocker Initiated GC) [PSYoungGen: 166761K->58099K(175104K)] 426059K->334832K(699392K), 0.0121983 secs] [Times: user=0.19 sys=0.00, real=0.01 secs] 
2016-09-24T02:55:56.447-0400: 41.549: [GC (GCLocker Initiated GC) [PSYoungGen: 146163K->72803K(173056K)] 422974K->350517K(697344K), 0.0101884 secs] [Times: user=0.12 sys=0.01, real=0.01 secs] 
2016-09-24T02:55:56.519-0400: 41.621: [GC (GCLocker Initiated GC) [PSYoungGen: 160867K->37792K(175104K)] 450784K->363590K(699392K), 0.0063426 secs] [Times: user=0.07 sys=0.00, real=0.01 secs] 
2016-09-24T02:55:56.588-0400: 41.690: [GC (GCLocker Initiated GC) [PSYoungGen: 125856K->53904K(172032K)] 454420K->383346K(696320K), 0.0263256 secs] [Times: user=0.37 sys=0.01, real=0.02 secs] 
2016-09-24T02:55:56.676-0400: 41.778: [GC (GCLocker Initiated GC) [PSYoungGen: 141968K->51306K(173568K)] 478456K->391308K(697856K), 0.0054972 secs] [Times: user=0.08 sys=0.00, real=0.00 secs] 
2016-09-24T02:55:56.736-0400: 41.838: [GC (GCLocker Initiated GC) [PSYoungGen: 139370K->63356K(176128K)] 482177K->407046K(700416K), 0.0058797 secs] [Times: user=0.08 sys=0.00, real=0.01 secs] 
2016-09-24T02:55:56.808-0400: 41.910: [GC (GCLocker Initiated GC) [PSYoungGen: 156028K->67375K(176128K)] 499749K->411871K(700416K), 0.0059859 secs] [Times: user=0.08 sys=0.00, real=0.01 secs] 
2016-09-24T02:55:56.867-0400: 41.969: [GC (GCLocker Initiated GC) [PSYoungGen: 160047K->45796K(177664K)] 504688K->407413K(701952K), 0.0055485 secs] [Times: user=0.07 sys=0.00, real=0.00 secs] 
2016-09-24T02:55:56.931-0400: 42.033: [GC (GCLocker Initiated GC) [PSYoungGen: 138468K->47343K(140288K)] 503104K->426286K(664576K), 0.0054915 secs] [Times: user=0.07 sys=0.00, real=0.01 secs] 
2016-09-24T02:55:56.991-0400: 42.093: [GC (GCLocker Initiated GC) [PSYoungGen: 140015K->61960K(175616K)] 519116K->441992K(699904K), 0.0062358 secs] [Times: user=0.08 sys=0.01, real=0.01 secs] 
2016-09-24T02:55:57.057-0400: 42.159: [GC (GCLocker Initiated GC) [PSYoungGen: 154632K->56726K(175616K)] 535305K->446246K(699904K), 0.0070699 secs] [Times: user=0.08 sys=0.00, real=0.01 secs] 
2016-09-24T02:55:57.129-0400: 42.231: [GC (GCLocker Initiated GC) [PSYoungGen: 149398K->30825K(174592K)] 556564K->438839K(698880K), 0.0060683 secs] [Times: user=0.07 sys=0.00, real=0.01 secs] 
2016-09-24T02:55:57.194-0400: 42.296: [GC (GCLocker Initiated GC) [PSYoungGen: 125033K->64502K(176640K)] 533247K->473609K(700928K), 0.0064669 secs] [Times: user=0.08 sys=0.00, real=0.01 secs] 
2016-09-24T02:55:57.264-0400: 42.366: [GC (GCLocker Initiated GC) [PSYoungGen: 158710K->67432K(174592K)] 567927K->477277K(698880K), 0.0101678 secs] [Times: user=0.12 sys=0.01, real=0.01 secs] 
2016-09-24T02:55:57.331-0400: 42.433: [GC (GCLocker Initiated GC) [PSYoungGen: 158568K->57950K(176640K)] 568446K->490279K(700928K), 0.0065747 secs] [Times: user=0.08 sys=0.00, real=0.01 secs] 
2016-09-24T02:55:57.392-0400: 42.494: [GC (GCLocker Initiated GC) [PSYoungGen: 149086K->80927K(171520K)] 581557K->514128K(695808K), 0.0094045 secs] [Times: user=0.14 sys=0.00, real=0.01 secs] 
2016-09-24T02:55:57.458-0400: 42.560: [GC (GCLocker Initiated GC) [PSYoungGen: 168991K->51361K(175104K)] 606541K->505876K(699392K), 0.0075807 secs] [Times: user=0.10 sys=0.00, real=0.01 secs] 
2016-09-24T02:55:57.523-0400: 42.626: [GC (GCLocker Initiated GC) [PSYoungGen: 139425K->53832K(172032K)] 594066K->528264K(696320K), 0.0088732 secs] [Times: user=0.12 sys=0.00, real=0.00 secs] 
2016-09-24T02:55:57.585-0400: 42.687: [GC (GCLocker Initiated GC) [PSYoungGen: 141896K->53838K(173568K)] 619109K->542609K(697856K), 0.0068279 secs] [Times: user=0.09 sys=0.01, real=0.00 secs] 
2016-09-24T02:55:57.650-0400: 42.753: [GC (GCLocker Initiated GC) [PSYoungGen: 141902K->59200K(173056K)] 633398K->551531K(697344K), 0.0054018 secs] [Times: user=0.07 sys=0.00, real=0.01 secs] 
2016-09-24T02:55:57.723-0400: 42.825: [Full GC (Ergonomics) [PSYoungGen: 152384K->0K(173056K)] [ParOldGen: 499339K->264092K(524288K)] 651723K->264092K(697344K), [Metaspace: 43622K->43622K(1085440K)], 0.0680055 secs] [Times: user=0.60 sys=0.03, real=0.06 secs] 
2016-09-24T02:55:57.852-0400: 42.954: [GC (GCLocker Initiated GC) [PSYoungGen: 93184K->58143K(174592K)] 366813K->331773K(698880K), 0.0128400 secs] [Times: user=0.19 sys=0.01, real=0.02 secs] 
2016-09-24T02:55:57.934-0400: 43.036: [GC (GCLocker Initiated GC) [PSYoungGen: 151327K->41821K(179712K)] 438680K->351865K(704000K), 0.0064248 secs] [Times: user=0.09 sys=0.00, real=0.00 secs] 
2016-09-24T02:55:58.022-0400: 43.124: [GC (GCLocker Initiated GC) [PSYoungGen: 142173K->52551K(180224K)] 454944K->366124K(704512K), 0.0063354 secs] [Times: user=0.08 sys=0.01, real=0.00 secs] 
2016-09-24T02:55:58.086-0400: 43.188: [GC (GCLocker Initiated GC) [PSYoungGen: 152903K->37573K(180736K)] 466689K->362970K(705024K), 0.0130534 secs] [Times: user=0.16 sys=0.00, real=0.01 secs] 
2016-09-24T02:55:58.171-0400: 43.273: [GC (GCLocker Initiated GC) [PSYoungGen: 139973K->29479K(181248K)] 472198K->375975K(705536K), 0.0060712 secs] [Times: user=0.07 sys=0.00, real=0.01 secs] 
2016-09-24T02:55:58.242-0400: 43.344: [GC (GCLocker Initiated GC) [PSYoungGen: 131879K->50987K(179712K)] 482798K->402723K(704000K), 0.0095303 secs] [Times: user=0.12 sys=0.00, real=0.00 secs] 
2016-09-24T02:55:58.330-0400: 43.432: [GC (GCLocker Initiated GC) [PSYoungGen: 153899K->53823K(180736K)] 505690K->422563K(705024K), 0.0158362 secs] [Times: user=0.22 sys=0.01, real=0.02 secs] 
2016-09-24T02:55:58.410-0400: 43.512: [GC (GCLocker Initiated GC) [PSYoungGen: 156735K->32365K(182272K)] 530948K->418079K(706560K), 0.0060434 secs] [Times: user=0.08 sys=0.00, real=0.01 secs] 
2016-09-24T02:55:58.480-0400: 43.582: [GC (GCLocker Initiated GC) [PSYoungGen: 138861K->56554K(183296K)] 524583K->459336K(707584K), 0.0070858 secs] [Times: user=0.12 sys=0.00, real=0.01 secs] 
2016-09-24T02:55:58.552-0400: 43.655: [GC (GCLocker Initiated GC) [PSYoungGen: 163050K->70227K(176128K)] 565869K->473850K(700416K), 0.0063364 secs] [Times: user=0.09 sys=0.00, real=0.01 secs] 
2016-09-24T02:55:58.638-0400: 43.740: [GC (GCLocker Initiated GC) [PSYoungGen: 169555K->29605K(129024K)] 581593K->442468K(653312K), 0.0070650 secs] [Times: user=0.07 sys=0.00, real=0.01 secs] 
2016-09-24T02:55:58.714-0400: 43.816: [GC (GCLocker Initiated GC) [PSYoungGen: 128933K->56784K(180224K)] 547270K->476104K(704512K), 0.0104978 secs] [Times: user=0.10 sys=0.01, real=0.02 secs] 
2016-09-24T02:55:58.790-0400: 43.892: [GC (GCLocker Initiated GC) [PSYoungGen: 154576K->67441K(165376K)] 573933K->490419K(689664K), 0.0097922 secs] [Times: user=0.13 sys=0.00, real=0.01 secs] 
2016-09-24T02:55:58.874-0400: 43.976: [GC (GCLocker Initiated GC) [PSYoungGen: 165233K->37883K(178176K)] 588275K->491508K(702464K), 0.0079623 secs] [Times: user=0.09 sys=0.01, real=0.01 secs] 
2016-09-24T02:55:58.944-0400: 44.046: [GC (GCLocker Initiated GC) [PSYoungGen: 131067K->52665K(145920K)] 587415K->509974K(670208K), 0.0068888 secs] [Times: user=0.10 sys=0.00, real=0.00 secs] 
2016-09-24T02:55:59.009-0400: 44.111: [GC (GCLocker Initiated GC) [PSYoungGen: 145849K->44570K(176640K)] 612801K->512431K(700928K), 0.0150379 secs] [Times: user=0.11 sys=0.00, real=0.02 secs] 
2016-09-24T02:55:59.088-0400: 44.190: [GC (GCLocker Initiated GC) [PSYoungGen: 139802K->35018K(174592K)] 615799K->514701K(698880K), 0.0071034 secs] [Times: user=0.06 sys=0.01, real=0.01 secs] 
2016-09-24T02:55:59.154-0400: 44.256: [GC (GCLocker Initiated GC) [PSYoungGen: 130250K->58153K(180224K)] 614182K->559338K(704512K), 0.0091620 secs] [Times: user=0.10 sys=0.01, real=0.02 secs] 
2016-09-24T02:55:59.163-0400: 44.265: [Full GC (Ergonomics) [PSYoungGen: 58153K->0K(180224K)] [ParOldGen: 501184K->231413K(524288K)] 559338K->231413K(704512K), [Metaspace: 43622K->43622K(1085440K)], 0.0662651 secs] [Times: user=0.46 sys=0.00, real=0.06 secs] 
2016-09-24T02:55:59.297-0400: 44.399: [GC (GCLocker Initiated GC) [PSYoungGen: 100864K->58730K(180736K)] 334990K->292857K(705024K), 0.0104113 secs] [Times: user=0.13 sys=0.01, real=0.01 secs] 
2016-09-24T02:55:59.378-0400: 44.480: [GC (GCLocker Initiated GC) [PSYoungGen: 159594K->43416K(179200K)] 401946K->288652K(703488K), 0.0204157 secs] [Times: user=0.24 sys=0.00, real=0.02 secs] 
2016-09-24T02:55:59.470-0400: 44.572: [GC (GCLocker Initiated GC) [PSYoungGen: 145816K->40665K(180736K)] 396481K->311381K(705024K), 0.0065504 secs] [Times: user=0.07 sys=0.00, real=0.01 secs] 
2016-09-24T02:55:59.975-0400: 45.077: [GC (GCLocker Initiated GC) [PSYoungGen: 143065K->51329K(179200K)] 413793K->323100K(703488K), 0.0063279 secs] [Times: user=0.05 sys=0.00, real=0.00 secs] 
2016-09-24T02:56:00.059-0400: 45.161: [GC (GCLocker Initiated GC) [PSYoungGen: 157825K->62375K(181760K)] 432475K->338020K(706048K), 0.0070559 secs] [Times: user=0.09 sys=0.00, real=0.01 secs] 
2016-09-24T02:56:00.133-0400: 45.235: [GC (GCLocker Initiated GC) [PSYoungGen: 168871K->48783K(184832K)] 450155K->331244K(709120K), 0.0107431 secs] [Times: user=0.11 sys=0.00, real=0.02 secs] 
2016-09-24T02:56:00.208-0400: 45.310: [GC (GCLocker Initiated GC) [PSYoungGen: 158351K->48956K(158720K)] 446395K->338173K(683008K), 0.0114710 secs] [Times: user=0.13 sys=0.00, real=0.01 secs] 
2016-09-24T02:56:00.301-0400: 45.403: [GC (GCLocker Initiated GC) [PSYoungGen: 158524K->58339K(183296K)] 447780K->348767K(707584K), 0.0062812 secs] [Times: user=0.09 sys=0.00, real=0.01 secs] 
2016-09-24T02:56:00.371-0400: 45.473: [GC (GCLocker Initiated GC) [PSYoungGen: 168931K->62534K(184320K)] 464848K->359611K(708608K), 0.0059870 secs] [Times: user=0.08 sys=0.01, real=0.01 secs] 
2016-09-24T02:56:00.449-0400: 45.552: [GC (GCLocker Initiated GC) [PSYoungGen: 173126K->63599K(182272K)] 470205K->361893K(706560K), 0.0058445 secs] [Times: user=0.07 sys=0.00, real=0.01 secs] 
2016-09-24T02:56:00.522-0400: 45.624: [GC (GCLocker Initiated GC) [PSYoungGen: 170095K->46224K(184320K)] 482070K->359201K(708608K), 0.0071141 secs] [Times: user=0.07 sys=0.00, real=0.00 secs] 
2016-09-24T02:56:00.615-0400: 45.717: [GC (GCLocker Initiated GC) [PSYoungGen: 152720K->32590K(183808K)] 469761K->350841K(708096K), 0.0178804 secs] [Times: user=0.21 sys=0.01, real=0.01 secs] 
2016-09-24T02:56:00.701-0400: 45.803: [GC (GCLocker Initiated GC) [PSYoungGen: 140110K->35013K(184832K)] 461090K->370497K(709120K), 0.0066597 secs] [Times: user=0.07 sys=0.00, real=0.01 secs] 
2016-09-24T02:56:00.770-0400: 45.872: [GC (GCLocker Initiated GC) [PSYoungGen: 142533K->63550K(179712K)] 478059K->410883K(704000K), 0.0072574 secs] [Times: user=0.11 sys=0.00, real=0.01 secs] 
2016-09-24T02:56:00.845-0400: 45.947: [GC (GCLocker Initiated GC) [PSYoungGen: 165950K->47447K(182272K)] 518749K->433616K(706560K), 0.0061283 secs] [Times: user=0.09 sys=0.00, real=0.00 secs] 
2016-09-24T02:56:00.914-0400: 46.017: [GC (GCLocker Initiated GC) [PSYoungGen: 149847K->64894K(179200K)] 536135K->465701K(703488K), 0.0066579 secs] [Times: user=0.09 sys=0.00, real=0.00 secs] 
2016-09-24T02:56:00.999-0400: 46.101: [GC (GCLocker Initiated GC) [PSYoungGen: 166270K->36383K(181760K)] 569854K->443543K(706048K), 0.0057024 secs] [Times: user=0.05 sys=0.00, real=0.01 secs] 
2016-09-24T02:56:01.060-0400: 46.162: [GC (GCLocker Initiated GC) [PSYoungGen: 137759K->52716K(177152K)] 550383K->487959K(701440K), 0.0067578 secs] [Times: user=0.09 sys=0.00, real=0.01 secs] 
2016-09-24T02:56:01.129-0400: 46.231: [GC (GCLocker Initiated GC) [PSYoungGen: 154604K->70177K(179712K)] 592697K->509230K(704000K), 0.0071235 secs] [Times: user=0.10 sys=0.00, real=0.01 secs] 
2016-09-24T02:56:01.211-0400: 46.313: [GC (GCLocker Initiated GC) [PSYoungGen: 172065K->48608K(181760K)] 630082K->529088K(706048K), 0.0093525 secs] [Times: user=0.12 sys=0.00, real=0.01 secs] 
2016-09-24T02:56:01.285-0400: 46.387: [GC (GCLocker Initiated GC) [PSYoungGen: 147936K->63366K(179712K)] 630939K->555306K(704000K), 0.0063695 secs] [Times: user=0.08 sys=0.01, real=0.00 secs] 
2016-09-24T02:56:01.292-0400: 46.394: [Full GC (Ergonomics) [PSYoungGen: 63366K->0K(179712K)] [ParOldGen: 491940K->248480K(524288K)] 555306K->248480K(704000K), [Metaspace: 43627K->43627K(1085440K)], 0.0601223 secs] [Times: user=0.44 sys=0.02, real=0.06 secs] 
2016-09-24T02:56:01.416-0400: 46.518: [GC (GCLocker Initiated GC) [PSYoungGen: 99328K->58350K(180736K)] 347826K->306857K(705024K), 0.0071656 secs] [Times: user=0.10 sys=0.00, real=0.01 secs] 
2016-09-24T02:56:01.480-0400: 46.582: [GC (GCLocker Initiated GC) [PSYoungGen: 157678K->34992K(180224K)] 410328K->288892K(704512K), 0.0080918 secs] [Times: user=0.07 sys=0.00, real=0.01 secs] 
2016-09-24T02:56:01.558-0400: 46.660: [GC (GCLocker Initiated GC) [PSYoungGen: 134320K->41735K(178688K)] 388231K->315444K(702976K), 0.0061743 secs] [Times: user=0.08 sys=0.00, real=0.01 secs] 
2016-09-24T02:56:01.637-0400: 46.739: [GC (GCLocker Initiated GC) [PSYoungGen: 141575K->40450K(179712K)] 420686K->320364K(704000K), 0.0069448 secs] [Times: user=0.06 sys=0.00, real=0.01 secs] 
2016-09-24T02:56:01.707-0400: 46.809: [GC (GCLocker Initiated GC) [PSYoungGen: 140290K->58052K(182272K)] 425708K->344402K(706560K), 0.0060932 secs] [Times: user=0.06 sys=0.00, real=0.00 secs] 
2016-09-24T02:56:01.781-0400: 46.883: [GC (GCLocker Initiated GC) [PSYoungGen: 161476K->72895K(176640K)] 451927K->366870K(700928K), 0.0065640 secs] [Times: user=0.07 sys=0.00, real=0.01 secs] 
2016-09-24T02:56:01.854-0400: 46.956: [GC (Allocation Failure) [PSYoungGen: 176319K->47251K(179712K)] 474650K->357287K(704000K), 0.0067501 secs] [Times: user=0.09 sys=0.00, real=0.01 secs] 
2016-09-24T02:56:01.917-0400: 47.019: [GC (GCLocker Initiated GC) [PSYoungGen: 141882K->51113K(146432K)] 453268K->376869K(670720K), 0.0069063 secs] [Times: user=0.06 sys=0.02, real=0.01 secs] 
2016-09-24T02:56:01.976-0400: 47.078: [GC (GCLocker Initiated GC) [PSYoungGen: 146345K->72820K(169472K)] 477577K->404735K(693760K), 0.0086366 secs] [Times: user=0.12 sys=0.00, real=0.01 secs] 
2016-09-24T02:56:02.034-0400: 47.136: [GC (GCLocker Initiated GC) [PSYoungGen: 162932K->60544K(174592K)] 495003K->412240K(698880K), 0.0072094 secs] [Times: user=0.10 sys=0.00, real=0.00 secs] 
2016-09-24T02:56:02.099-0400: 47.201: [GC (GCLocker Initiated GC) [PSYoungGen: 150656K->63290K(177152K)] 502386K->415619K(701440K), 0.0064665 secs] [Times: user=0.08 sys=0.00, real=0.01 secs] 
2016-09-24T02:56:02.158-0400: 47.260: [GC (GCLocker Initiated GC) [PSYoungGen: 156986K->56471K(150528K)] 509401K->409604K(674816K), 0.0071027 secs] [Times: user=0.09 sys=0.01, real=0.01 secs] 
2016-09-24T02:56:02.220-0400: 47.322: [GC (GCLocker Initiated GC) [PSYoungGen: 150167K->51187K(177664K)] 503351K->432085K(701952K), 0.0067792 secs] [Times: user=0.09 sys=0.00, real=0.01 secs] 
2016-09-24T02:56:02.292-0400: 47.394: [GC (GCLocker Initiated GC) [PSYoungGen: 147443K->49796K(176128K)] 535283K->446477K(700416K), 0.0081272 secs] [Times: user=0.13 sys=0.00, real=0.01 secs] 
2016-09-24T02:56:02.357-0400: 47.459: [GC (GCLocker Initiated GC) [PSYoungGen: 146052K->56530K(180736K)] 542767K->480938K(705024K), 0.0073544 secs] [Times: user=0.11 sys=0.00, real=0.01 secs] 
2016-09-24T02:56:02.435-0400: 47.537: [GC (GCLocker Initiated GC) [PSYoungGen: 158930K->56534K(179200K)] 584862K->483126K(703488K), 0.0126632 secs] [Times: user=0.19 sys=0.00, real=0.01 secs] 
2016-09-24T02:56:02.504-0400: 47.606: [GC (GCLocker Initiated GC) [PSYoungGen: 158934K->55116K(183296K)] 585532K->482450K(707584K), 0.0146878 secs] [Times: user=0.17 sys=0.00, real=0.01 secs] 
2016-09-24T02:56:02.587-0400: 47.689: [GC (GCLocker Initiated GC) [PSYoungGen: 164172K->36504K(182272K)] 602311K->475343K(706560K), 0.0102375 secs] [Times: user=0.14 sys=0.00, real=0.01 secs] 
2016-09-24T02:56:02.654-0400: 47.757: [GC (GCLocker Initiated GC) [PSYoungGen: 145560K->72818K(176640K)] 587325K->515467K(700928K), 0.0077532 secs] [Times: user=0.08 sys=0.01, real=0.01 secs] 
2016-09-24T02:56:02.722-0400: 47.824: [GC (GCLocker Initiated GC) [PSYoungGen: 175218K->67370K(169984K)] 624841K->531200K(694272K), 0.0072725 secs] [Times: user=0.09 sys=0.01, real=0.01 secs] 
2016-09-24T02:56:02.796-0400: 47.898: [GC (GCLocker Initiated GC) [PSYoungGen: 169770K->44193K(180736K)] 643137K->529030K(705024K), 0.0160841 secs] [Times: user=0.20 sys=0.00, real=0.01 secs] 
2016-09-24T02:56:02.865-0400: 47.967: [GC (GCLocker Initiated GC) [PSYoungGen: 143009K->73945K(173056K)] 628452K->570870K(697344K), 0.0095360 secs] [Times: user=0.14 sys=0.00, real=0.01 secs] 
2016-09-24T02:56:02.875-0400: 47.977: [Full GC (Ergonomics) [PSYoungGen: 73945K->0K(173056K)] [ParOldGen: 496925K->267662K(524288K)] 570870K->267662K(697344K), [Metaspace: 43641K->43641K(1087488K)], 0.0635924 secs] [Times: user=0.46 sys=0.00, real=0.06 secs] 
2016-09-24T02:56:03.013-0400: 48.115: [GC (GCLocker Initiated GC) [PSYoungGen: 98816K->41721K(176640K)] 376096K->319001K(700928K), 0.0046986 secs] [Times: user=0.06 sys=0.00, real=0.01 secs] 
2016-09-24T02:56:03.064-0400: 48.166: [GC (GCLocker Initiated GC) [PSYoungGen: 132857K->46813K(138240K)] 412875K->343856K(662528K), 0.0080802 secs] [Times: user=0.09 sys=0.00, real=0.00 secs] 
2016-09-24T02:56:03.120-0400: 48.222: [GC (GCLocker Initiated GC) [PSYoungGen: 137949K->49692K(177152K)] 439101K->378386K(701440K), 0.0064999 secs] [Times: user=0.09 sys=0.01, real=0.01 secs] 
2016-09-24T02:56:03.175-0400: 48.277: [GC (GCLocker Initiated GC) [PSYoungGen: 142876K->53602K(175104K)] 479825K->391198K(699392K), 0.0102639 secs] [Times: user=0.14 sys=0.01, real=0.01 secs] 
2016-09-24T02:56:03.235-0400: 48.337: [GC (GCLocker Initiated GC) [PSYoungGen: 146786K->40024K(175616K)] 487273K->381033K(699904K), 0.0066657 secs] [Times: user=0.04 sys=0.01, real=0.00 secs] 
2016-09-24T02:56:03.295-0400: 48.397: [GC (GCLocker Initiated GC) [PSYoungGen: 136280K->63134K(175616K)] 480171K->418404K(699904K), 0.0116388 secs] [Times: user=0.14 sys=0.00, real=0.01 secs] 
2016-09-24T02:56:03.357-0400: 48.459: [GC (GCLocker Initiated GC) [PSYoungGen: 159390K->61735K(180736K)] 514689K->417590K(705024K), 0.0069616 secs] [Times: user=0.09 sys=0.00, real=0.01 secs] 
2016-09-24T02:56:03.431-0400: 48.533: [GC (GCLocker Initiated GC) [PSYoungGen: 162087K->42998K(143360K)] 524916K->406375K(667648K), 0.0241969 secs] [Times: user=0.32 sys=0.01, real=0.03 secs] 
2016-09-24T02:56:03.523-0400: 48.625: [GC (GCLocker Initiated GC) [PSYoungGen: 143350K->63196K(179712K)] 506797K->430036K(704000K), 0.0125473 secs] [Times: user=0.16 sys=0.00, real=0.01 secs] 
2016-09-24T02:56:03.590-0400: 48.692: [GC (GCLocker Initiated GC) [PSYoungGen: 163036K->36022K(180736K)] 529918K->414288K(705024K), 0.0099501 secs] [Times: user=0.09 sys=0.00, real=0.01 secs] 
2016-09-24T02:56:03.654-0400: 48.756: [GC (GCLocker Initiated GC) [PSYoungGen: 135862K->56499K(178688K)] 519279K->456726K(702976K), 0.0064815 secs] [Times: user=0.09 sys=0.00, real=0.01 secs] 
2016-09-24T02:56:03.710-0400: 48.812: [GC (GCLocker Initiated GC) [PSYoungGen: 156339K->60431K(179712K)] 556612K->472185K(704000K), 0.0067174 secs] [Times: user=0.09 sys=0.00, real=0.01 secs] 
2016-09-24T02:56:03.780-0400: 48.882: [GC (Allocation Failure) [PSYoungGen: 160271K->53794K(177664K)] 586980K->481122K(701952K), 0.0053744 secs] [Times: user=0.07 sys=0.00, real=0.01 secs] 
2016-09-24T02:56:03.786-0400: 48.888: [GC (GCLocker Initiated GC) [PSYoungGen: 60043K->5784K(108032K)] 487372K->485248K(632320K), 0.0060559 secs] [Times: user=0.08 sys=0.00, real=0.00 secs] 
2016-09-24T02:56:03.860-0400: 48.962: [Full GC (Ergonomics) [PSYoungGen: 107672K->0K(108032K)] [ParOldGen: 483520K->260548K(524288K)] 591192K->260548K(632320K), [Metaspace: 43650K->43650K(1087488K)], 0.0516927 secs] [Times: user=0.38 sys=0.00, real=0.05 secs] 
2016-09-24T02:56:03.968-0400: 49.070: [GC (GCLocker Initiated GC) [PSYoungGen: 101888K->63393K(174592K)] 365196K->326702K(698880K), 0.0059717 secs] [Times: user=0.09 sys=0.00, real=0.00 secs] 
2016-09-24T02:56:04.021-0400: 49.123: [GC (GCLocker Initiated GC) [PSYoungGen: 154529K->58968K(176640K)] 420594K->333910K(700928K), 0.0146428 secs] [Times: user=0.22 sys=0.00, real=0.02 secs] 
2016-09-24T02:56:04.088-0400: 49.190: [GC (GCLocker Initiated GC) [PSYoungGen: 150104K->45483K(171008K)] 425165K->331902K(695296K), 0.0192503 secs] [Times: user=0.19 sys=0.00, real=0.02 secs] 
2016-09-24T02:56:04.156-0400: 49.258: [GC (GCLocker Initiated GC) [PSYoungGen: 137131K->53423K(174080K)] 423595K->356630K(698368K), 0.0143849 secs] [Times: user=0.15 sys=0.01, real=0.01 secs] 
2016-09-24T02:56:04.224-0400: 49.326: [GC (GCLocker Initiated GC) [PSYoungGen: 145071K->49533K(173568K)] 448383K->383058K(697856K), 0.0098101 secs] [Times: user=0.09 sys=0.01, real=0.00 secs] 
2016-09-24T02:56:04.294-0400: 49.396: [GC (GCLocker Initiated GC) [PSYoungGen: 148861K->59098K(177152K)] 482399K->393091K(701440K), 0.0138524 secs] [Times: user=0.11 sys=0.00, real=0.02 secs] 
2016-09-24T02:56:04.364-0400: 49.466: [GC (Allocation Failure) [PSYoungGen: 158426K->42842K(182784K)] 500592K->388324K(707072K), 0.0065398 secs] [Times: user=0.06 sys=0.01, real=0.00 secs] 
2016-09-24T02:56:04.431-0400: 49.533: [GC (GCLocker Initiated GC) [PSYoungGen: 148826K->63374K(169472K)] 497012K->423010K(693760K), 0.0172075 secs] [Times: user=0.24 sys=0.00, real=0.02 secs] 
2016-09-24T02:56:04.511-0400: 49.613: [GC (GCLocker Initiated GC) [PSYoungGen: 169358K->72613K(173568K)] 529011K->433013K(697856K), 0.0069287 secs] [Times: user=0.09 sys=0.00, real=0.01 secs] 
2016-09-24T02:56:04.589-0400: 49.691: [GC (GCLocker Initiated GC) [PSYoungGen: 166821K->56534K(178176K)] 532743K->423049K(702464K), 0.0048363 secs] [Times: user=0.06 sys=0.00, real=0.01 secs] 
2016-09-24T02:56:04.659-0400: 49.761: [GC (GCLocker Initiated GC) [PSYoungGen: 150742K->60521K(175104K)] 525498K->436014K(699392K), 0.0100724 secs] [Times: user=0.16 sys=0.00, real=0.01 secs] 
2016-09-24T02:56:04.733-0400: 49.835: [GC (Allocation Failure) [PSYoungGen: 156777K->48428K(177664K)] 543071K->454282K(701952K), 0.0067902 secs] [Times: user=0.11 sys=0.00, real=0.01 secs] 
2016-09-24T02:56:04.796-0400: 49.898: [GC (GCLocker Initiated GC) [PSYoungGen: 144667K->68678K(176128K)] 553221K->477906K(700416K), 0.0096411 secs] [Times: user=0.13 sys=0.00, real=0.01 secs] 
2016-09-24T02:56:04.878-0400: 49.980: [GC (GCLocker Initiated GC) [PSYoungGen: 164934K->37666K(134144K)] 574184K->447597K(658432K), 0.0082614 secs] [Times: user=0.09 sys=0.01, real=0.01 secs] 
2016-09-24T02:56:04.945-0400: 50.047: [GC (GCLocker Initiated GC) [PSYoungGen: 133922K->61984K(178688K)] 552498K->484100K(702976K), 0.0071473 secs] [Times: user=0.09 sys=0.00, real=0.00 secs] 
2016-09-24T02:56:05.013-0400: 50.115: [GC (GCLocker Initiated GC) [PSYoungGen: 157216K->59513K(155136K)] 582136K->487943K(679424K), 0.0064947 secs] [Times: user=0.08 sys=0.00, real=0.01 secs] 
2016-09-24T02:56:05.090-0400: 50.192: [GC (GCLocker Initiated GC) [PSYoungGen: 154745K->36799K(177664K)] 598151K->502764K(701952K), 0.0060552 secs] [Times: user=0.09 sys=0.00, real=0.01 secs] 
2016-09-24T02:56:05.162-0400: 50.264: [GC (GCLocker Initiated GC) [PSYoungGen: 132031K->55366K(177664K)] 598080K->522528K(701952K), 0.0201706 secs] [Times: user=0.25 sys=0.00, real=0.02 secs] 
2016-09-24T02:56:05.255-0400: 50.357: [GC (GCLocker Initiated GC) [PSYoungGen: 150598K->58097K(178688K)] 623231K->547791K(702976K), 0.0096163 secs] [Times: user=0.08 sys=0.00, real=0.01 secs] 
2016-09-24T02:56:05.338-0400: 50.441: [Full GC (Ergonomics) [PSYoungGen: 156401K->0K(178688K)] [ParOldGen: 499208K->279245K(524288K)] 655610K->279245K(702976K), [Metaspace: 43651K->43651K(1087488K)], 0.0647482 secs] [Times: user=0.37 sys=0.01, real=0.07 secs] 
2016-09-24T02:56:05.471-0400: 50.573: [GC (GCLocker Initiated GC) [PSYoungGen: 98304K->72319K(177664K)] 383065K->357080K(701952K), 0.0123003 secs] [Times: user=0.16 sys=0.00, real=0.02 secs] 
2016-09-24T02:56:05.549-0400: 50.651: [GC (GCLocker Initiated GC) [PSYoungGen: 170623K->59446K(179712K)] 455458K->362200K(704000K), 0.0062269 secs] [Times: user=0.08 sys=0.00, real=0.01 secs] 
2016-09-24T02:56:05.616-0400: 50.718: [GC (GCLocker Initiated GC) [PSYoungGen: 155190K->60815K(156672K)] 462061K->374018K(680960K), 0.0077303 secs] [Times: user=0.08 sys=0.00, real=0.01 secs] 
2016-09-24T02:56:05.683-0400: 50.785: [GC (GCLocker Initiated GC) [PSYoungGen: 156559K->49833K(178176K)] 469917K->372154K(702464K), 0.0145229 secs] [Times: user=0.13 sys=0.00, real=0.01 secs] 
2016-09-24T02:56:05.759-0400: 50.861: [GC (GCLocker Initiated GC) [PSYoungGen: 146601K->40472K(177152K)] 471731K->366524K(701440K), 0.0135647 secs] [Times: user=0.15 sys=0.00, real=0.01 secs] 
2016-09-24T02:56:05.842-0400: 50.944: [GC (GCLocker Initiated GC) [PSYoungGen: 137240K->44767K(180736K)] 472799K->389556K(705024K), 0.0148646 secs] [Times: user=0.19 sys=0.01, real=0.02 secs] 
2016-09-24T02:56:05.925-0400: 51.027: [GC (GCLocker Initiated GC) [PSYoungGen: 146143K->48669K(180736K)] 493650K->413550K(705024K), 0.0055804 secs] [Times: user=0.07 sys=0.00, real=0.00 secs] 
2016-09-24T02:56:06.006-0400: 51.108: [GC (GCLocker Initiated GC) [PSYoungGen: 150045K->46152K(181248K)] 515043K->412129K(705536K), 0.0102317 secs] [Times: user=0.10 sys=0.00, real=0.01 secs] 
2016-09-24T02:56:06.084-0400: 51.186: [GC (GCLocker Initiated GC) [PSYoungGen: 151112K->62412K(181248K)] 517152K->429702K(705536K), 0.0106723 secs] [Times: user=0.14 sys=0.00, real=0.01 secs] 
2016-09-24T02:56:06.169-0400: 51.271: [GC (GCLocker Initiated GC) [PSYoungGen: 167372K->50547K(183296K)] 541460K->439397K(707584K), 0.0173811 secs] [Times: user=0.25 sys=0.01, real=0.02 secs] 
2016-09-24T02:56:06.259-0400: 51.361: [GC (GCLocker Initiated GC) [PSYoungGen: 158579K->54321K(183808K)] 547457K->471626K(708096K), 0.0068927 secs] [Times: user=0.10 sys=0.00, real=0.01 secs] 
2016-09-24T02:56:06.338-0400: 51.440: [GC (GCLocker Initiated GC) [PSYoungGen: 162353K->57226K(185856K)] 585122K->494670K(710144K), 0.0088714 secs] [Times: user=0.13 sys=0.01, real=0.01 secs] 
2016-09-24T02:56:06.426-0400: 51.528: [GC (GCLocker Initiated GC) [PSYoungGen: 168842K->62696K(185344K)] 611897K->507154K(709632K), 0.0070236 secs] [Times: user=0.08 sys=0.01, real=0.00 secs] 
2016-09-24T02:56:06.511-0400: 51.613: [GC (GCLocker Initiated GC) [PSYoungGen: 174312K->62760K(185344K)] 621517K->511471K(709632K), 0.0080922 secs] [Times: user=0.11 sys=0.01, real=0.01 secs] 
2016-09-24T02:56:06.603-0400: 51.705: [GC (Allocation Failure) [PSYoungGen: 173352K->57302K(186368K)] 629294K->514749K(710656K), 0.0057622 secs] [Times: user=0.08 sys=0.00, real=0.00 secs] 
2016-09-24T02:56:06.679-0400: 51.781: [GC (GCLocker Initiated GC) [PSYoungGen: 166975K->60025K(185344K)] 627122K->521580K(709632K), 0.0122735 secs] [Times: user=0.17 sys=0.00, real=0.01 secs] 
2016-09-24T02:56:06.777-0400: 51.879: [GC (GCLocker Initiated GC) [PSYoungGen: 171641K->39875K(185856K)] 639975K->509712K(710144K), 0.0073643 secs] [Times: user=0.07 sys=0.01, real=0.01 secs] 
2016-09-24T02:56:06.863-0400: 51.965: [GC (GCLocker Initiated GC) [PSYoungGen: 151491K->57601K(186880K)] 626744K->534433K(711168K), 0.0086690 secs] [Times: user=0.14 sys=0.00, real=0.00 secs] 
2016-09-24T02:56:06.958-0400: 52.060: [GC (GCLocker Initiated GC) [PSYoungGen: 170241K->44935K(186880K)] 648865K->525005K(711168K), 0.0113932 secs] [Times: user=0.13 sys=0.01, real=0.01 secs] 
2016-09-24T02:56:07.062-0400: 52.164: [GC (GCLocker Initiated GC) [PSYoungGen: 157575K->31371K(184832K)] 646376K->521531K(709120K), 0.0101049 secs] [Times: user=0.09 sys=0.00, real=0.01 secs] 
2016-09-24T02:56:07.158-0400: 52.260: [GC (GCLocker Initiated GC) [PSYoungGen: 141963K->42755K(186368K)] 636277K->557336K(710656K), 0.0058754 secs] [Times: user=0.07 sys=0.01, real=0.01 secs] 
2016-09-24T02:56:07.164-0400: 52.266: [Full GC (Ergonomics) [PSYoungGen: 42755K->0K(186368K)] [ParOldGen: 514581K->296479K(524288K)] 557336K->296479K(710656K), [Metaspace: 43661K->43661K(1087488K)], 0.0644058 secs] [Times: user=0.54 sys=0.01, real=0.06 secs] 
2016-09-24T02:56:07.312-0400: 52.414: [GC (GCLocker Initiated GC) [PSYoungGen: 110592K->59503K(185856K)] 407204K->356116K(710144K), 0.0109423 secs] [Times: user=0.12 sys=0.00, real=0.02 secs] 
2016-09-24T02:56:07.396-0400: 52.498: [GC (GCLocker Initiated GC) [PSYoungGen: 170095K->62749K(173568K)] 469445K->375390K(697856K), 0.0070161 secs] [Times: user=0.09 sys=0.00, real=0.01 secs] 
2016-09-24T02:56:07.480-0400: 52.582: [GC (GCLocker Initiated GC) [PSYoungGen: 173341K->45349K(185856K)] 492974K->393541K(710144K), 0.0079174 secs] [Times: user=0.12 sys=0.00, real=0.01 secs] 
2016-09-24T02:56:07.563-0400: 52.665: [GC (GCLocker Initiated GC) [PSYoungGen: 153381K->72046K(180224K)] 501591K->421949K(704512K), 0.0063624 secs] [Times: user=0.08 sys=0.00, real=0.00 secs] 
2016-09-24T02:56:07.668-0400: 52.770: [GC (GCLocker Initiated GC) [PSYoungGen: 180078K->37073K(180736K)] 534075K->392428K(705024K), 0.0048963 secs] [Times: user=0.04 sys=0.00, real=0.00 secs] 
2016-09-24T02:56:07.745-0400: 52.847: [GC (GCLocker Initiated GC) [PSYoungGen: 136401K->54474K(154112K)] 494475K->435825K(678400K), 0.0069257 secs] [Times: user=0.11 sys=0.00, real=0.00 secs] 
2016-09-24T02:56:07.820-0400: 52.922: [GC (GCLocker Initiated GC) [PSYoungGen: 153802K->72025K(173568K)] 535239K->454757K(697856K), 0.0069730 secs] [Times: user=0.11 sys=0.00, real=0.01 secs] 
2016-09-24T02:56:07.891-0400: 52.993: [GC (GCLocker Initiated GC) [PSYoungGen: 166233K->66588K(161280K)] 549193K->453608K(685568K), 0.0064601 secs] [Times: user=0.09 sys=0.00, real=0.01 secs] 
2016-09-24T02:56:07.981-0400: 53.083: [GC (GCLocker Initiated GC) [PSYoungGen: 160796K->54421K(179200K)] 547835K->442719K(703488K), 0.0087559 secs] [Times: user=0.11 sys=0.01, real=0.01 secs] 
2016-09-24T02:56:08.054-0400: 53.156: [GC (GCLocker Initiated GC) [PSYoungGen: 148117K->43425K(137216K)] 541862K->438438K(661504K), 0.0095243 secs] [Times: user=0.08 sys=0.02, real=0.02 secs] 
2016-09-24T02:56:08.129-0400: 53.231: [GC (GCLocker Initiated GC) [PSYoungGen: 137121K->35388K(176128K)] 541734K->457456K(700416K), 0.0114785 secs] [Times: user=0.13 sys=0.00, real=0.01 secs] 
2016-09-24T02:56:08.216-0400: 53.318: [GC (GCLocker Initiated GC) [PSYoungGen: 129084K->48764K(176128K)] 553939K->485769K(700416K), 0.0156801 secs] [Times: user=0.20 sys=0.00, real=0.01 secs] 
2016-09-24T02:56:08.303-0400: 53.405: [GC (GCLocker Initiated GC) [PSYoungGen: 142460K->47539K(177664K)] 582204K->488381K(701952K), 0.0062813 secs] [Times: user=0.07 sys=0.00, real=0.00 secs] 
2016-09-24T02:56:08.375-0400: 53.477: [GC (GCLocker Initiated GC) [PSYoungGen: 146867K->55712K(177664K)] 587806K->522270K(701952K), 0.0076477 secs] [Times: user=0.08 sys=0.01, real=0.01 secs] 
2016-09-24T02:56:08.454-0400: 53.556: [GC (GCLocker Initiated GC) [PSYoungGen: 155040K->38110K(183296K)] 624490K->522252K(707584K), 0.0089450 secs] [Times: user=0.09 sys=0.01, real=0.02 secs] 
2016-09-24T02:56:08.534-0400: 53.636: [GC (GCLocker Initiated GC) [PSYoungGen: 144094K->50343K(156672K)] 633701K->541267K(680960K), 0.0074254 secs] [Times: user=0.06 sys=0.00, real=0.01 secs] 
2016-09-24T02:56:08.609-0400: 53.711: [Full GC (Ergonomics) [PSYoungGen: 156327K->0K(156672K)] [ParOldGen: 499250K->284626K(524288K)] 655578K->284626K(680960K), [Metaspace: 43661K->43661K(1087488K)], 0.0768421 secs] [Times: user=0.66 sys=0.01, real=0.08 secs] 
2016-09-24T02:56:08.760-0400: 53.862: [GC (GCLocker Initiated GC) [PSYoungGen: 105984K->59981K(180736K)] 397434K->351432K(705024K), 0.0077969 secs] [Times: user=0.06 sys=0.01, real=0.01 secs] 
2016-09-24T02:56:08.841-0400: 53.943: [GC (GCLocker Initiated GC) [PSYoungGen: 166477K->69014K(182272K)] 458058K->383637K(706560K), 0.0089239 secs] [Times: user=0.09 sys=0.00, real=0.01 secs] 
2016-09-24T02:56:08.913-0400: 54.015: [GC (GCLocker Initiated GC) [PSYoungGen: 175510K->51512K(183808K)] 492982K->386258K(708096K), 0.0103625 secs] [Times: user=0.13 sys=0.00, real=0.02 secs] 
2016-09-24T02:56:08.999-0400: 54.101: [GC (GCLocker Initiated GC) [PSYoungGen: 156472K->53009K(158208K)] 499354K->413136K(682496K), 0.0099829 secs] [Times: user=0.15 sys=0.01, real=0.01 secs] 
2016-09-24T02:56:09.084-0400: 54.186: [GC (GCLocker Initiated GC) [PSYoungGen: 157969K->48696K(181760K)] 523510K->426210K(706048K), 0.0102076 secs] [Times: user=0.14 sys=0.01, real=0.01 secs] 
2016-09-24T02:56:09.174-0400: 54.276: [GC (GCLocker Initiated GC) [PSYoungGen: 155704K->41965K(180736K)] 543005K->430296K(705024K), 0.0094501 secs] [Times: user=0.13 sys=0.00, real=0.02 secs] 
2016-09-24T02:56:09.248-0400: 54.350: [GC (GCLocker Initiated GC) [PSYoungGen: 148973K->54087K(187392K)] 542718K->448826K(711680K), 0.0058804 secs] [Times: user=0.08 sys=0.00, real=0.00 secs] 
2016-09-24T02:56:09.327-0400: 54.429: [GC (GCLocker Initiated GC) [PSYoungGen: 168775K->54532K(186880K)] 574510K->461247K(711168K), 0.0070836 secs] [Times: user=0.08 sys=0.01, real=0.01 secs] 
2016-09-24T02:56:09.417-0400: 54.519: [GC (GCLocker Initiated GC) [PSYoungGen: 169220K->44691K(188928K)] 580038K->456698K(713216K), 0.0103039 secs] [Times: user=0.12 sys=0.02, real=0.01 secs] 
2016-09-24T02:56:09.500-0400: 54.602: [GC (GCLocker Initiated GC) [PSYoungGen: 162451K->55605K(188416K)] 579892K->490337K(712704K), 0.0072858 secs] [Times: user=0.08 sys=0.01, real=0.01 secs] 
2016-09-24T02:56:09.579-0400: 54.681: [GC (Allocation Failure) [PSYoungGen: 173365K->50070K(189440K)] 613634K->521171K(713728K), 0.0071396 secs] [Times: user=0.10 sys=0.00, real=0.01 secs] 
2016-09-24T02:56:09.587-0400: 54.689: [GC (GCLocker Initiated GC) --[PSYoungGen: 50421K->50421K(189440K)] 521522K->573940K(713728K), 0.0051665 secs] [Times: user=0.07 sys=0.00, real=0.00 secs] 
2016-09-24T02:56:09.592-0400: 54.694: [Full GC (Ergonomics) [PSYoungGen: 50421K->0K(189440K)] [ParOldGen: 523519K->267284K(524288K)] 573940K->267284K(713728K), [Metaspace: 43674K->43674K(1087488K)], 0.1724724 secs] [Times: user=2.37 sys=0.01, real=0.18 secs] 
2016-09-24T02:56:09.851-0400: 54.953: [GC (GCLocker Initiated GC) [PSYoungGen: 121344K->62662K(189952K)] 388638K->329956K(714240K), 0.0057530 secs] [Times: user=0.08 sys=0.00, real=0.01 secs] 
2016-09-24T02:56:09.931-0400: 55.033: [GC (GCLocker Initiated GC) [PSYoungGen: 184006K->62090K(187904K)] 451475K->335001K(712192K), 0.0067733 secs] [Times: user=0.09 sys=0.01, real=0.01 secs] 
2016-09-24T02:56:10.011-0400: 55.113: [GC (GCLocker Initiated GC) [PSYoungGen: 178826K->44903K(189440K)] 461318K->343097K(713728K), 0.0149506 secs] [Times: user=0.21 sys=0.00, real=0.02 secs] 
2016-09-24T02:56:10.098-0400: 55.200: [GC (GCLocker Initiated GC) [PSYoungGen: 161639K->59544K(188928K)] 459933K->369788K(713216K), 0.0066039 secs] [Times: user=0.09 sys=0.00, real=0.01 secs] 
2016-09-24T02:56:10.182-0400: 55.284: [GC (GCLocker Initiated GC) [PSYoungGen: 176280K->59620K(176640K)] 492164K->376478K(700928K), 0.0060686 secs] [Times: user=0.09 sys=0.00, real=0.01 secs] 
2016-09-24T02:56:10.260-0400: 55.362: [GC (GCLocker Initiated GC) [PSYoungGen: 176356K->63636K(185856K)] 498688K->387042K(710144K), 0.0078138 secs] [Times: user=0.11 sys=0.01, real=0.01 secs] 
2016-09-24T02:56:10.349-0400: 55.451: [GC (GCLocker Initiated GC) [PSYoungGen: 176276K->63552K(176640K)] 505129K->393389K(700928K), 0.0058903 secs] [Times: user=0.08 sys=0.00, real=0.01 secs] 
2016-09-24T02:56:10.420-0400: 55.522: [GC (GCLocker Initiated GC) [PSYoungGen: 176192K->69006K(180736K)] 506278K->416256K(705024K), 0.0077020 secs] [Times: user=0.10 sys=0.01, real=0.01 secs] 
2016-09-24T02:56:10.492-0400: 55.594: [GC (GCLocker Initiated GC) [PSYoungGen: 173454K->77032K(181760K)] 520765K->436137K(706048K), 0.0090388 secs] [Times: user=0.10 sys=0.01, real=0.01 secs] 
2016-09-24T02:56:10.571-0400: 55.673: [GC (GCLocker Initiated GC) [PSYoungGen: 181480K->35201K(171520K)] 549289K->428221K(695808K), 0.0053081 secs] [Times: user=0.08 sys=0.00, real=0.01 secs] 
2016-09-24T02:56:10.628-0400: 55.730: [GC (GCLocker Initiated GC) [PSYoungGen: 126337K->49867K(176640K)] 526227K->450736K(700928K), 0.0056987 secs] [Times: user=0.07 sys=0.01, real=0.01 secs] 
2016-09-24T02:56:10.691-0400: 55.793: [GC (GCLocker Initiated GC) [PSYoungGen: 141003K->67387K(175104K)] 544664K->471803K(699392K), 0.0065396 secs] [Times: user=0.09 sys=0.00, real=0.01 secs] 
2016-09-24T02:56:10.770-0400: 55.872: [GC (GCLocker Initiated GC) [PSYoungGen: 158523K->62021K(176640K)] 562972K->483420K(700928K), 0.0092759 secs] [Times: user=0.13 sys=0.00, real=0.01 secs] 
2016-09-24T02:56:10.840-0400: 55.942: [GC (GCLocker Initiated GC) [PSYoungGen: 153157K->33693K(174592K)] 583056K->488723K(698880K), 0.0065575 secs] [Times: user=0.08 sys=0.00, real=0.01 secs] 
2016-09-24T02:56:10.900-0400: 56.002: [GC (GCLocker Initiated GC) [PSYoungGen: 123805K->57922K(148480K)] 579028K->515355K(672768K), 0.0068251 secs] [Times: user=0.09 sys=0.00, real=0.01 secs] 
2016-09-24T02:56:10.964-0400: 56.066: [GC (GCLocker Initiated GC) [PSYoungGen: 148034K->59336K(177152K)] 605545K->531129K(701440K), 0.0066875 secs] [Times: user=0.09 sys=0.00, real=0.00 secs] 
2016-09-24T02:56:11.036-0400: 56.138: [GC (GCLocker Initiated GC) [PSYoungGen: 152520K->52737K(175616K)] 633912K->564634K(699904K), 0.0098355 secs] [Times: user=0.13 sys=0.01, real=0.01 secs] 
2016-09-24T02:56:11.046-0400: 56.148: [Full GC (Ergonomics) [PSYoungGen: 52737K->0K(175616K)] [ParOldGen: 511897K->278912K(524288K)] 564634K->278912K(699904K), [Metaspace: 43674K->43674K(1087488K)], 0.0588455 secs] [Times: user=0.43 sys=0.01, real=0.06 secs] 
2016-09-24T02:56:11.159-0400: 56.261: [GC (GCLocker Initiated GC) [PSYoungGen: 93184K->70511K(173056K)] 374863K->352190K(697344K), 0.0062448 secs] [Times: user=0.09 sys=0.00, real=0.01 secs] 
2016-09-24T02:56:11.226-0400: 56.328: [GC (GCLocker Initiated GC) [PSYoungGen: 163183K->56672K(176128K)] 445062K->341066K(700416K), 0.0111741 secs] [Times: user=0.15 sys=0.00, real=0.01 secs] 
2016-09-24T02:56:11.300-0400: 56.402: [GC (GCLocker Initiated GC) [PSYoungGen: 149344K->45679K(177152K)] 439253K->336430K(701440K), 0.0092725 secs] [Times: user=0.10 sys=0.00, real=0.01 secs] 
2016-09-24T02:56:11.385-0400: 56.487: [GC (GCLocker Initiated GC) [PSYoungGen: 143471K->45812K(178176K)] 435610K->349560K(702464K), 0.0076286 secs] [Times: user=0.08 sys=0.01, real=0.00 secs] 
2016-09-24T02:56:11.450-0400: 56.552: [GC (GCLocker Initiated GC) [PSYoungGen: 143604K->47375K(178176K)] 458289K->373802K(702464K), 0.0071951 secs] [Times: user=0.09 sys=0.00, real=0.01 secs] 
2016-09-24T02:56:11.534-0400: 56.636: [GC (GCLocker Initiated GC) [PSYoungGen: 149263K->59412K(180224K)] 476132K->387190K(704512K), 0.0079063 secs] [Times: user=0.11 sys=0.00, real=0.01 secs] 
2016-09-24T02:56:11.606-0400: 56.708: [GC (GCLocker Initiated GC) [PSYoungGen: 161300K->76984K(172544K)] 493262K->409787K(696832K), 0.0073600 secs] [Times: user=0.10 sys=0.00, real=0.00 secs] 
2016-09-24T02:56:11.669-0400: 56.771: [GC (GCLocker Initiated GC) [PSYoungGen: 171192K->55423K(178176K)] 505315K->414693K(702464K), 0.0068656 secs] [Times: user=0.10 sys=0.00, real=0.01 secs] 
2016-09-24T02:56:11.737-0400: 56.839: [GC (GCLocker Initiated GC) [PSYoungGen: 149631K->55422K(171520K)] 519761K->437232K(695808K), 0.0070792 secs] [Times: user=0.08 sys=0.01, real=0.01 secs] 
2016-09-24T02:56:11.810-0400: 56.912: [GC (GCLocker Initiated GC) [PSYoungGen: 152190K->64768K(176128K)] 536858K->458462K(700416K), 0.0067510 secs] [Times: user=0.08 sys=0.01, real=0.01 secs] 
2016-09-24T02:56:11.878-0400: 56.980: [GC (GCLocker Initiated GC) [PSYoungGen: 161536K->31058K(177664K)] 567581K->448725K(701952K), 0.0075516 secs] [Times: user=0.07 sys=0.00, real=0.01 secs] 
2016-09-24T02:56:11.949-0400: 57.051: [GC (GCLocker Initiated GC) [PSYoungGen: 128338K->56680K(179712K)] 546032K->478016K(704000K), 0.0094850 secs] [Times: user=0.11 sys=0.00, real=0.01 secs] 
2016-09-24T02:56:12.022-0400: 57.124: [GC (GCLocker Initiated GC) [PSYoungGen: 153960K->39147K(179712K)] 578031K->464059K(704000K), 0.0098087 secs] [Times: user=0.07 sys=0.00, real=0.01 secs] 
2016-09-24T02:56:12.100-0400: 57.202: [GC (GCLocker Initiated GC) [PSYoungGen: 138475K->48790K(179712K)] 574361K->504499K(704000K), 0.0086242 secs] [Times: user=0.12 sys=0.01, real=0.01 secs] 
2016-09-24T02:56:12.174-0400: 57.276: [GC (GCLocker Initiated GC) [PSYoungGen: 148118K->76966K(171008K)] 606672K->536540K(695296K), 0.0067241 secs] [Times: user=0.09 sys=0.00, real=0.01 secs] 
2016-09-24T02:56:12.245-0400: 57.347: [GC (GCLocker Initiated GC) [PSYoungGen: 169126K->47239K(177152K)] 628772K->523955K(701440K), 0.0064484 secs] [Times: user=0.08 sys=0.00, real=0.00 secs] 
2016-09-24T02:56:12.320-0400: 57.422: [GC (GCLocker Initiated GC) [PSYoungGen: 139399K->48747K(171520K)] 625588K->535810K(695808K), 0.0061114 secs] [Times: user=0.09 sys=0.00, real=0.01 secs] 
2016-09-24T02:56:12.391-0400: 57.493: [GC (GCLocker Initiated GC) [PSYoungGen: 142443K->55180K(175104K)] 629605K->554175K(699392K), 0.0063071 secs] [Times: user=0.09 sys=0.00, real=0.01 secs] 
2016-09-24T02:56:12.397-0400: 57.499: [Full GC (Ergonomics) [PSYoungGen: 55180K->0K(175104K)] [ParOldGen: 498995K->283966K(524288K)] 554175K->283966K(699392K), [Metaspace: 43682K->43682K(1087488K)], 0.0692686 secs] [Times: user=0.64 sys=0.04, real=0.07 secs] 
2016-09-24T02:56:12.538-0400: 57.640: [GC (GCLocker Initiated GC) [PSYoungGen: 93696K->75911K(171520K)] 377821K->360037K(695808K), 0.0081285 secs] [Times: user=0.11 sys=0.00, real=0.01 secs] 
2016-09-24T02:56:12.602-0400: 57.704: [GC (GCLocker Initiated GC) [PSYoungGen: 168071K->49844K(177152K)] 455146K->358294K(701440K), 0.0075565 secs] [Times: user=0.09 sys=0.00, real=0.01 secs] 
2016-09-24T02:56:12.670-0400: 57.772: [GC (GCLocker Initiated GC) [PSYoungGen: 142004K->66237K(176128K)] 450468K->375513K(700416K), 0.0066321 secs] [Times: user=0.09 sys=0.00, real=0.01 secs] 
2016-09-24T02:56:12.733-0400: 57.835: [GC (GCLocker Initiated GC) [PSYoungGen: 159421K->71474K(164864K)] 468812K->381741K(689152K), 0.0072138 secs] [Times: user=0.10 sys=0.00, real=0.01 secs] 
2016-09-24T02:56:12.795-0400: 57.897: [GC (GCLocker Initiated GC) [PSYoungGen: 164658K->68868K(175104K)] 477747K->382695K(699392K), 0.0069145 secs] [Times: user=0.09 sys=0.00, real=0.01 secs] 
2016-09-24T02:56:12.860-0400: 57.962: [GC (GCLocker Initiated GC) [PSYoungGen: 156932K->61961K(150528K)] 473688K->398561K(674816K), 0.0066014 secs] [Times: user=0.08 sys=0.00, real=0.01 secs] 
2016-09-24T02:56:12.923-0400: 58.025: [GC (GCLocker Initiated GC) [PSYoungGen: 150025K->70222K(174080K)] 492076K->413036K(698368K), 0.0070880 secs] [Times: user=0.10 sys=0.01, real=0.00 secs] 
2016-09-24T02:56:12.984-0400: 58.086: [GC (GCLocker Initiated GC) [PSYoungGen: 157774K->66110K(174592K)] 506080K->426060K(698880K), 0.0067244 secs] [Times: user=0.10 sys=0.01, real=0.00 secs] 
2016-09-24T02:56:13.051-0400: 58.153: [GC (GCLocker Initiated GC) [PSYoungGen: 153662K->51291K(173056K)] 519128K->436486K(697344K), 0.0065269 secs] [Times: user=0.08 sys=0.00, real=0.01 secs] 
2016-09-24T02:56:13.111-0400: 58.213: [GC (GCLocker Initiated GC) [PSYoungGen: 139355K->43063K(174080K)] 527389K->456234K(698368K), 0.0077809 secs] [Times: user=0.08 sys=0.01, real=0.01 secs] 
2016-09-24T02:56:13.177-0400: 58.279: [GC (GCLocker Initiated GC) [PSYoungGen: 131127K->61988K(173568K)] 548455K->480121K(697856K), 0.0115139 secs] [Times: user=0.18 sys=0.00, real=0.01 secs] 
2016-09-24T02:56:13.240-0400: 58.342: [GC (GCLocker Initiated GC) [PSYoungGen: 151588K->66170K(174592K)] 575195K->490511K(698880K), 0.0054951 secs] [Times: user=0.08 sys=0.00, real=0.01 secs] 
2016-09-24T02:56:13.296-0400: 58.398: [GC (GCLocker Initiated GC) [PSYoungGen: 155770K->67236K(176128K)] 580177K->505956K(700416K), 0.0170277 secs] [Times: user=0.23 sys=0.01, real=0.01 secs] 
2016-09-24T02:56:13.367-0400: 58.469: [GC (GCLocker Initiated GC) [PSYoungGen: 158372K->64825K(156160K)] 597124K->528579K(680448K), 0.0074126 secs] [Times: user=0.08 sys=0.00, real=0.01 secs] 
2016-09-24T02:56:13.443-0400: 58.545: [GC (GCLocker Initiated GC) [PSYoungGen: 155961K->60680K(178176K)] 626703K->532229K(702464K), 0.0061157 secs] [Times: user=0.09 sys=0.00, real=0.00 secs] 
2016-09-24T02:56:13.506-0400: 58.608: [GC (GCLocker Initiated GC) [PSYoungGen: 154376K->45796K(176128K)] 631437K->534465K(700416K), 0.0058072 secs] [Times: user=0.07 sys=0.01, real=0.00 secs] 
2016-09-24T02:56:13.573-0400: 58.675: [GC (GCLocker Initiated GC) [PSYoungGen: 139492K->45798K(177664K)] 628174K->535335K(701952K), 0.0056215 secs] [Times: user=0.07 sys=0.00, real=0.01 secs] 
2016-09-24T02:56:13.645-0400: 58.747: [Full GC (Ergonomics) [PSYoungGen: 141030K->0K(177664K)] [ParOldGen: 492268K->303596K(524288K)] 633299K->303596K(701952K), [Metaspace: 43682K->43682K(1087488K)], 0.0571287 secs] [Times: user=0.55 sys=0.01, real=0.06 secs] 
2016-09-24T02:56:13.774-0400: 58.876: [GC (GCLocker Initiated GC) [PSYoungGen: 95232K->57047K(177664K)] 407050K->368865K(701952K), 0.0062588 secs] [Times: user=0.07 sys=0.00, real=0.01 secs] 
2016-09-24T02:56:13.840-0400: 58.942: [GC (GCLocker Initiated GC) [PSYoungGen: 152279K->52709K(178176K)] 476379K->392901K(702464K), 0.0070665 secs] [Times: user=0.08 sys=0.01, real=0.01 secs] 
2016-09-24T02:56:13.904-0400: 59.006: [GC (GCLocker Initiated GC) [PSYoungGen: 151525K->72800K(177664K)] 491876K->414088K(701952K), 0.0070680 secs] [Times: user=0.09 sys=0.00, real=0.00 secs] 
2016-09-24T02:56:13.983-0400: 59.085: [GC (GCLocker Initiated GC) [PSYoungGen: 171616K->59363K(181248K)] 519745K->410954K(705536K), 0.0112459 secs] [Times: user=0.14 sys=0.00, real=0.01 secs] 
2016-09-24T02:56:14.053-0400: 59.155: [GC (GCLocker Initiated GC) [PSYoungGen: 158691K->53934K(153600K)] 513023K->419914K(677888K), 0.0062190 secs] [Times: user=0.07 sys=0.00, real=0.01 secs] 
2016-09-24T02:56:14.119-0400: 59.221: [GC (GCLocker Initiated GC) [PSYoungGen: 153262K->37540K(178176K)] 521947K->423204K(702464K), 0.0084536 secs] [Times: user=0.09 sys=0.00, real=0.01 secs] 
2016-09-24T02:56:14.191-0400: 59.293: [GC (GCLocker Initiated GC) [PSYoungGen: 136356K->40458K(179200K)] 531500K->436419K(703488K), 0.0081182 secs] [Times: user=0.10 sys=0.00, real=0.01 secs] 
2016-09-24T02:56:14.253-0400: 59.355: [GC (GCLocker Initiated GC) [PSYoungGen: 139274K->76819K(169984K)] 538039K->476531K(694272K), 0.0083789 secs] [Times: user=0.12 sys=0.00, real=0.01 secs] 
2016-09-24T02:56:14.320-0400: 59.422: [GC (GCLocker Initiated GC) [PSYoungGen: 165907K->51167K(175616K)] 565787K->470653K(699904K), 0.0204611 secs] [Times: user=0.31 sys=0.00, real=0.02 secs] 
2016-09-24T02:56:14.403-0400: 59.505: [GC (GCLocker Initiated GC) [PSYoungGen: 140255K->52617K(169472K)] 570775K->483866K(693760K), 0.0105979 secs] [Times: user=0.16 sys=0.00, real=0.00 secs] 
2016-09-24T02:56:14.472-0400: 59.575: [GC (GCLocker Initiated GC) [PSYoungGen: 143753K->63256K(173568K)] 575303K->495602K(697856K), 0.0068883 secs] [Times: user=0.07 sys=0.00, real=0.01 secs] 
2016-09-24T02:56:14.531-0400: 59.633: [GC (GCLocker Initiated GC) [PSYoungGen: 154392K->64672K(178688K)] 592235K->503255K(702976K), 0.0064337 secs] [Times: user=0.09 sys=0.00, real=0.01 secs] 
2016-09-24T02:56:14.609-0400: 59.711: [GC (GCLocker Initiated GC) [PSYoungGen: 160928K->51172K(147456K)] 604950K->495920K(671744K), 0.0086610 secs] [Times: user=0.11 sys=0.00, real=0.01 secs] 
2016-09-24T02:56:14.683-0400: 59.785: [GC (GCLocker Initiated GC) [PSYoungGen: 147428K->41433K(178176K)] 592209K->487043K(702464K), 0.0062673 secs] [Times: user=0.06 sys=0.00, real=0.00 secs] 
2016-09-24T02:56:14.750-0400: 59.852: [GC (GCLocker Initiated GC) [PSYoungGen: 138201K->36289K(178176K)] 590593K->521766K(702464K), 0.0094077 secs] [Times: user=0.13 sys=0.00, real=0.01 secs] 
2016-09-24T02:56:14.814-0400: 59.917: [Full GC (Ergonomics) [PSYoungGen: 133057K->0K(178176K)] [ParOldGen: 491143K->320411K(524288K)] 624200K->320411K(702464K), [Metaspace: 43682K->43682K(1087488K)], 0.0689588 secs] [Times: user=0.56 sys=0.02, real=0.07 secs] 
2016-09-24T02:56:14.954-0400: 60.056: [GC (GCLocker Initiated GC) [PSYoungGen: 96768K->71615K(172544K)] 420099K->394946K(696832K), 0.0213025 secs] [Times: user=0.29 sys=0.01, real=0.03 secs] 
2016-09-24T02:56:15.040-0400: 60.142: [GC (GCLocker Initiated GC) [PSYoungGen: 161727K->45456K(176128K)] 487850K->380590K(700416K), 0.0175439 secs] [Times: user=0.15 sys=0.00, real=0.02 secs] 
2016-09-24T02:56:15.113-0400: 60.215: [GC (GCLocker Initiated GC) [PSYoungGen: 135568K->72773K(173056K)] 470751K->408646K(697344K), 0.0101114 secs] [Times: user=0.15 sys=0.00, real=0.02 secs] 
2016-09-24T02:56:15.185-0400: 60.287: [GC (GCLocker Initiated GC) [PSYoungGen: 160837K->61974K(175104K)] 496749K->401353K(699392K), 0.0062969 secs] [Times: user=0.07 sys=0.00, real=0.00 secs] 
2016-09-24T02:56:15.260-0400: 60.362: [GC (GCLocker Initiated GC) [PSYoungGen: 150038K->35042K(175104K)] 498897K->417037K(699392K), 0.0110865 secs] [Times: user=0.09 sys=0.00, real=0.01 secs] 
2016-09-24T02:56:15.326-0400: 60.428: [GC (GCLocker Initiated GC) [PSYoungGen: 123106K->33304K(175104K)] 505200K->418894K(699392K), 0.0097437 secs] [Times: user=0.08 sys=0.00, real=0.01 secs] 
2016-09-24T02:56:15.390-0400: 60.492: [GC (GCLocker Initiated GC) [PSYoungGen: 121368K->40182K(175104K)] 513956K->449666K(699392K), 0.0089297 secs] [Times: user=0.07 sys=0.00, real=0.01 secs] 
2016-09-24T02:56:15.455-0400: 60.557: [GC (GCLocker Initiated GC) [PSYoungGen: 128246K->49827K(138240K)] 543327K->473664K(662528K), 0.0070788 secs] [Times: user=0.09 sys=0.00, real=0.01 secs] 
2016-09-24T02:56:15.525-0400: 60.627: [GC (GCLocker Initiated GC) [PSYoungGen: 137891K->70075K(167936K)] 564456K->497411K(692224K), 0.0100503 secs] [Times: user=0.13 sys=0.00, real=0.01 secs] 
2016-09-24T02:56:15.601-0400: 60.703: [GC (GCLocker Initiated GC) [PSYoungGen: 154555K->59114K(171520K)] 581959K->506163K(695808K), 0.0214439 secs] [Times: user=0.30 sys=0.00, real=0.03 secs] 
2016-09-24T02:56:15.680-0400: 60.782: [GC (GCLocker Initiated GC) [PSYoungGen: 143594K->37675K(173056K)] 596150K->525987K(697344K), 0.0144704 secs] [Times: user=0.19 sys=0.01, real=0.02 secs] 
2016-09-24T02:56:15.695-0400: 60.797: [Full GC (Ergonomics) [PSYoungGen: 37675K->0K(173056K)] [ParOldGen: 488311K->322157K(524288K)] 525987K->322157K(697344K), [Metaspace: 43683K->43683K(1087488K)], 0.0594151 secs] [Times: user=0.34 sys=0.00, real=0.06 secs] 
2016-09-24T02:56:15.830-0400: 60.932: [GC (GCLocker Initiated GC) [PSYoungGen: 89088K->54354K(174592K)] 411583K->376850K(698880K), 0.0056198 secs] [Times: user=0.05 sys=0.00, real=0.01 secs] 
2016-09-24T02:56:15.893-0400: 60.995: [GC (GCLocker Initiated GC) [PSYoungGen: 143442K->34975K(176128K)] 475555K->387260K(700416K), 0.0065497 secs] [Times: user=0.08 sys=0.00, real=0.01 secs] 
2016-09-24T02:56:15.963-0400: 61.065: [GC (GCLocker Initiated GC) [PSYoungGen: 128159K->48475K(176128K)] 481875K->402992K(700416K), 0.0127160 secs] [Times: user=0.15 sys=0.00, real=0.01 secs] 
2016-09-24T02:56:16.041-0400: 61.143: [GC (GCLocker Initiated GC) [PSYoungGen: 141659K->49834K(175616K)] 503338K->412291K(699904K), 0.0069806 secs] [Times: user=0.08 sys=0.00, real=0.01 secs] 
2016-09-24T02:56:16.118-0400: 61.220: [GC (GCLocker Initiated GC) [PSYoungGen: 148650K->60603K(176128K)] 513916K->429339K(700416K), 0.0084704 secs] [Times: user=0.07 sys=0.01, real=0.01 secs] 
2016-09-24T02:56:16.198-0400: 61.300: [GC (GCLocker Initiated GC) [PSYoungGen: 159419K->33876K(182784K)] 534907K->418218K(707072K), 0.0096825 secs] [Times: user=0.10 sys=0.00, real=0.01 secs] 
2016-09-24T02:56:16.272-0400: 61.374: [GC (GCLocker Initiated GC) [PSYoungGen: 138324K->60668K(165376K)] 522732K->446063K(689664K), 0.0135516 secs] [Times: user=0.12 sys=0.00, real=0.02 secs] 
2016-09-24T02:56:16.365-0400: 61.467: [GC (GCLocker Initiated GC) [PSYoungGen: 165116K->58067K(182272K)] 557488K->452601K(706560K), 0.0118937 secs] [Times: user=0.16 sys=0.00, real=0.01 secs] 
2016-09-24T02:56:16.458-0400: 61.560: [GC (GCLocker Initiated GC) [PSYoungGen: 160467K->35088K(182272K)] 563164K->453522K(706560K), 0.0078378 secs] [Times: user=0.08 sys=0.00, real=0.01 secs] 
2016-09-24T02:56:16.535-0400: 61.637: [GC (GCLocker Initiated GC) [PSYoungGen: 137488K->46980K(177152K)] 556150K->466587K(701440K), 0.0156035 secs] [Times: user=0.19 sys=0.00, real=0.01 secs] 
2016-09-24T02:56:16.635-0400: 61.737: [GC (GCLocker Initiated GC) [PSYoungGen: 149380K->51338K(179712K)] 569049K->482583K(704000K), 0.0097112 secs] [Times: user=0.13 sys=0.01, real=0.01 secs] 
2016-09-24T02:56:16.714-0400: 61.816: [GC (GCLocker Initiated GC) [PSYoungGen: 153738K->55457K(183296K)] 597267K->510661K(707584K), 0.0080260 secs] [Times: user=0.13 sys=0.00, real=0.01 secs] 
2016-09-24T02:56:16.807-0400: 61.909: [GC (GCLocker Initiated GC) [PSYoungGen: 165025K->44544K(184320K)] 625867K->519864K(708608K), 0.0060515 secs] [Times: user=0.07 sys=0.00, real=0.00 secs] 
2016-09-24T02:56:16.888-0400: 61.990: [GC (GCLocker Initiated GC) [PSYoungGen: 154112K->51481K(184832K)] 636359K->537372K(709120K), 0.0089297 secs] [Times: user=0.10 sys=0.00, real=0.01 secs] 
2016-09-24T02:56:16.983-0400: 62.085: [GC (GCLocker Initiated GC) [PSYoungGen: 165657K->51393K(185856K)] 651674K->538461K(710144K), 0.0154232 secs] [Times: user=0.17 sys=0.01, real=0.01 secs] 
2016-09-24T02:56:17.092-0400: 62.194: [GC (GCLocker Initiated GC) [PSYoungGen: 165569K->49979K(186880K)] 652656K->540833K(711168K), 0.0085390 secs] [Times: user=0.10 sys=0.00, real=0.01 secs] 
2016-09-24T02:56:17.179-0400: 62.281: [GC (GCLocker Initiated GC) [PSYoungGen: 170299K->48772K(188416K)] 663969K->559637K(712704K), 0.0110948 secs] [Times: user=0.13 sys=0.00, real=0.01 secs] 
2016-09-24T02:56:17.190-0400: 62.293: [Full GC (Ergonomics) [PSYoungGen: 48772K->0K(188416K)] [ParOldGen: 510865K->339336K(524288K)] 559637K->339336K(712704K), [Metaspace: 43683K->43683K(1087488K)], 0.0667585 secs] [Times: user=0.43 sys=0.01, real=0.07 secs] 
2016-09-24T02:56:17.351-0400: 62.454: [GC (GCLocker Initiated GC) [PSYoungGen: 120320K->58825K(192512K)] 462436K->400941K(716800K), 0.0081925 secs] [Times: user=0.10 sys=0.00, real=0.01 secs] 
2016-09-24T02:56:17.445-0400: 62.547: [GC (GCLocker Initiated GC) [PSYoungGen: 184777K->61048K(187392K)] 529699K->419813K(711680K), 0.0235779 secs] [Times: user=0.35 sys=0.00, real=0.02 secs] 
2016-09-24T02:56:17.570-0400: 62.672: [GC (GCLocker Initiated GC) [PSYoungGen: 187000K->50430K(193536K)] 554890K->430304K(717824K), 0.0116234 secs] [Times: user=0.16 sys=0.00, real=0.01 secs] 
2016-09-24T02:56:17.665-0400: 62.767: [GC (GCLocker Initiated GC) [PSYoungGen: 173822K->50147K(173568K)] 556406K->434122K(697856K), 0.0091186 secs] [Times: user=0.06 sys=0.00, real=0.00 secs] 
2016-09-24T02:56:17.769-0400: 62.871: [GC (Allocation Failure) [PSYoungGen: 173539K->31309K(188416K)] 573895K->432604K(712704K), 0.0076092 secs] [Times: user=0.08 sys=0.00, real=0.01 secs] 
2016-09-24T02:56:17.858-0400: 62.960: [GC (GCLocker Initiated GC) [PSYoungGen: 150019K->56782K(190464K)] 554014K->462010K(714752K), 0.0194511 secs] [Times: user=0.25 sys=0.00, real=0.02 secs] 
2016-09-24T02:56:17.953-0400: 63.055: [GC (GCLocker Initiated GC) [PSYoungGen: 178126K->40681K(192512K)] 590180K->453655K(716800K), 0.0086702 secs] [Times: user=0.10 sys=0.00, real=0.01 secs] 
2016-09-24T02:56:18.050-0400: 63.152: [GC (GCLocker Initiated GC) [PSYoungGen: 163049K->58306K(180736K)] 576168K->472684K(705024K), 0.0062078 secs] [Times: user=0.07 sys=0.00, real=0.01 secs] 
2016-09-24T02:56:18.136-0400: 63.238: [GC (GCLocker Initiated GC) [PSYoungGen: 180674K->47736K(193024K)] 604641K->483612K(717312K), 0.0061897 secs] [Times: user=0.07 sys=0.00, real=0.01 secs] 
2016-09-24T02:56:18.240-0400: 63.342: [GC (GCLocker Initiated GC) [PSYoungGen: 169592K->47648K(169984K)] 613662K->495919K(694272K), 0.0185487 secs] [Times: user=0.16 sys=0.00, real=0.02 secs] 
2016-09-24T02:56:18.338-0400: 63.440: [GC (GCLocker Initiated GC) [PSYoungGen: 169504K->50239K(190976K)] 617840K->502495K(715264K), 0.0298355 secs] [Times: user=0.32 sys=0.00, real=0.03 secs] 
2016-09-24T02:56:18.474-0400: 63.576: [GC (GCLocker Initiated GC) [PSYoungGen: 173631K->53154K(189440K)] 630165K->510895K(713728K), 0.0067413 secs] [Times: user=0.07 sys=0.00, real=0.00 secs] 
2016-09-24T02:56:18.575-0400: 63.677: [GC (GCLocker Initiated GC) [PSYoungGen: 176546K->40896K(194560K)] 639735K->516283K(718848K), 0.0111752 secs] [Times: user=0.08 sys=0.00, real=0.01 secs] 
2016-09-24T02:56:18.685-0400: 63.787: [GC (GCLocker Initiated GC) [PSYoungGen: 169408K->46433K(194560K)] 647540K->547535K(718848K), 0.0071221 secs] [Times: user=0.09 sys=0.00, real=0.00 secs] 
2016-09-24T02:56:18.692-0400: 63.794: [Full GC (Ergonomics) [PSYoungGen: 46433K->0K(194560K)] [ParOldGen: 501101K->352950K(524288K)] 547535K->352950K(718848K), [Metaspace: 43685K->43685K(1087488K)], 0.0635293 secs] [Times: user=0.40 sys=0.00, real=0.07 secs] 
2016-09-24T02:56:18.850-0400: 63.952: [GC (GCLocker Initiated GC) [PSYoungGen: 128512K->31774K(193024K)] 490955K->394217K(717312K), 0.0190753 secs] [Times: user=0.20 sys=0.00, real=0.02 secs] 
2016-09-24T02:56:18.965-0400: 64.067: [GC (GCLocker Initiated GC) [PSYoungGen: 160286K->42049K(194560K)] 526803K->417150K(718848K), 0.0208551 secs] [Times: user=0.22 sys=0.00, real=0.02 secs] 
2016-09-24T02:56:19.081-0400: 64.183: [GC (GCLocker Initiated GC) [PSYoungGen: 170561K->57072K(193024K)] 552479K->440251K(717312K), 0.0097125 secs] [Times: user=0.12 sys=0.01, real=0.01 secs] 
2016-09-24T02:56:19.179-0400: 64.281: [GC (GCLocker Initiated GC) [PSYoungGen: 185072K->46430K(195072K)] 572335K->459211K(719360K), 0.0120431 secs] [Times: user=0.15 sys=0.01, real=0.01 secs] 
2016-09-24T02:56:19.293-0400: 64.395: [GC (GCLocker Initiated GC) [PSYoungGen: 174430K->29064K(194560K)] 606509K->486859K(718848K), 0.0112874 secs] [Times: user=0.12 sys=0.01, real=0.02 secs] 
2016-09-24T02:56:19.411-0400: 64.513: [GC (GCLocker Initiated GC) [PSYoungGen: 158088K->36879K(195584K)] 625493K->505756K(719872K), 0.0058231 secs] [Times: user=0.06 sys=0.01, real=0.01 secs] 
2016-09-24T02:56:19.512-0400: 64.614: [GC (GCLocker Initiated GC) [PSYoungGen: 165903K->42232K(192000K)] 637516K->515131K(716288K), 0.0084004 secs] [Times: user=0.06 sys=0.00, real=0.01 secs] 
2016-09-24T02:56:19.609-0400: 64.711: [GC (GCLocker Initiated GC) [PSYoungGen: 171768K->52906K(194048K)] 644713K->527208K(718336K), 0.0086101 secs] [Times: user=0.05 sys=0.00, real=0.01 secs] 
2016-09-24T02:56:19.720-0400: 64.822: [GC (GCLocker Initiated GC) [PSYoungGen: 182442K->43776K(195584K)] 659523K->562691K(719872K), 0.0119214 secs] [Times: user=0.16 sys=0.00, real=0.01 secs] 
2016-09-24T02:56:19.732-0400: 64.834: [Full GC (Ergonomics) [PSYoungGen: 43776K->0K(195584K)] [ParOldGen: 518914K->364603K(524288K)] 562691K->364603K(719872K), [Metaspace: 43685K->43685K(1087488K)], 0.0633683 secs] [Times: user=0.56 sys=0.00, real=0.07 secs] 
2016-09-24T02:56:19.889-0400: 64.991: [GC (GCLocker Initiated GC) [PSYoungGen: 132096K->48113K(196096K)] 496759K->412777K(720384K), 0.0071913 secs] [Times: user=0.06 sys=0.00, real=0.01 secs] 
2016-09-24T02:56:20.008-0400: 65.110: [GC (GCLocker Initiated GC) [PSYoungGen: 180209K->26459K(196096K)] 556127K->425846K(720384K), 0.0058295 secs] [Times: user=0.08 sys=0.00, real=0.00 secs] 
2016-09-24T02:56:20.115-0400: 65.217: [GC (GCLocker Initiated GC) [PSYoungGen: 159579K->47424K(197632K)] 565812K->455288K(721920K), 0.0062531 secs] [Times: user=0.07 sys=0.00, real=0.00 secs] 
2016-09-24T02:56:20.209-0400: 65.311: [GC (GCLocker Initiated GC) [PSYoungGen: 180544K->51628K(196096K)] 591165K->482368K(720384K), 0.0139944 secs] [Times: user=0.13 sys=0.01, real=0.02 secs] 
2016-09-24T02:56:20.326-0400: 65.428: [GC (GCLocker Initiated GC) [PSYoungGen: 183724K->47565K(197120K)] 621299K->502682K(721408K), 0.0091876 secs] [Times: user=0.09 sys=0.00, real=0.01 secs] 
2016-09-24T02:56:20.422-0400: 65.524: [GC (GCLocker Initiated GC) [PSYoungGen: 179661K->53120K(196096K)] 640245K->515000K(720384K), 0.0102545 secs] [Times: user=0.11 sys=0.00, real=0.01 secs] 
2016-09-24T02:56:20.533-0400: 65.635: [GC (GCLocker Initiated GC) [PSYoungGen: 185216K->46532K(178688K)] 658095K->537087K(702976K), 0.0066036 secs] [Times: user=0.08 sys=0.00, real=0.01 secs] 
2016-09-24T02:56:20.540-0400: 65.642: [Full GC (Ergonomics) [PSYoungGen: 46532K->0K(178688K)] [ParOldGen: 490555K->336191K(524288K)] 537087K->336191K(702976K), [Metaspace: 43729K->43729K(1087488K)], 0.0897622 secs] [Times: user=0.93 sys=0.02, real=0.09 secs] 
2016-09-24T02:56:20.721-0400: 65.823: [GC (GCLocker Initiated GC) [PSYoungGen: 132096K->56159K(194560K)] 478160K->402224K(718848K), 0.0118859 secs] [Times: user=0.15 sys=0.00, real=0.01 secs] 
2016-09-24T02:56:20.831-0400: 65.933: [GC (GCLocker Initiated GC) [PSYoungGen: 187231K->31418K(162816K)] 542891K->391506K(687104K), 0.0054305 secs] [Times: user=0.04 sys=0.00, real=0.01 secs] 
2016-09-24T02:56:20.913-0400: 66.015: [GC (GCLocker Initiated GC) [PSYoungGen: 162490K->44659K(197632K)] 525297K->408736K(721920K), 0.0080090 secs] [Times: user=0.05 sys=0.00, real=0.01 secs] 
2016-09-24T02:56:21.019-0400: 66.121: [GC (GCLocker Initiated GC) [PSYoungGen: 176243K->43517K(175104K)] 543128K->425105K(699392K), 0.0092897 secs] [Times: user=0.05 sys=0.00, real=0.01 secs] 
2016-09-24T02:56:21.121-0400: 66.223: [GC (GCLocker Initiated GC) [PSYoungGen: 175101K->46487K(196096K)] 556765K->442966K(720384K), 0.0203701 secs] [Times: user=0.26 sys=0.00, real=0.02 secs] 
2016-09-24T02:56:21.249-0400: 66.351: [GC (GCLocker Initiated GC) [PSYoungGen: 179607K->33029K(194560K)] 592547K->447400K(718848K), 0.0090850 secs] [Times: user=0.06 sys=0.00, real=0.01 secs] 
2016-09-24T02:56:21.350-0400: 66.452: [GC (GCLocker Initiated GC) [PSYoungGen: 166149K->54320K(196096K)] 580527K->478265K(720384K), 0.0094724 secs] [Times: user=0.10 sys=0.01, real=0.01 secs] 
2016-09-24T02:56:21.440-0400: 66.542: [GC (GCLocker Initiated GC) [PSYoungGen: 188464K->44705K(198144K)] 616539K->473930K(722432K), 0.0072926 secs] [Times: user=0.07 sys=0.00, real=0.01 secs] 
2016-09-24T02:56:21.544-0400: 66.646: [GC (GCLocker Initiated GC) [PSYoungGen: 178849K->39478K(195584K)] 615308K->477083K(719872K), 0.0059611 secs] [Times: user=0.06 sys=0.00, real=0.00 secs] 
2016-09-24T02:56:21.638-0400: 66.740: [GC (GCLocker Initiated GC) [PSYoungGen: 175158K->46026K(197120K)] 612775K->493029K(721408K), 0.0058258 secs] [Times: user=0.05 sys=0.01, real=0.01 secs] 
2016-09-24T02:56:21.745-0400: 66.847: [GC (GCLocker Initiated GC) [PSYoungGen: 181706K->42216K(198144K)] 632936K->494522K(722432K), 0.0122014 secs] [Times: user=0.14 sys=0.00, real=0.01 secs] 
2016-09-24T02:56:21.861-0400: 66.963: [GC (GCLocker Initiated GC) [PSYoungGen: 182504K->57186K(199680K)] 637594K->516259K(723968K), 0.0083186 secs] [Times: user=0.06 sys=0.00, real=0.01 secs] 
2016-09-24T02:56:21.982-0400: 67.084: [GC (GCLocker Initiated GC) [PSYoungGen: 197474K->28580K(196608K)] 660768K->493206K(720896K), 0.0099734 secs] [Times: user=0.10 sys=0.00, real=0.01 secs] 
2016-09-24T02:56:22.084-0400: 67.186: [GC (GCLocker Initiated GC) [PSYoungGen: 162724K->50048K(198144K)] 627552K->526952K(722432K), 0.0085929 secs] [Times: user=0.08 sys=0.00, real=0.00 secs] 
2016-09-24T02:56:22.174-0400: 67.276: [GC (GCLocker Initiated GC) [PSYoungGen: 184192K->43223K(195072K)] 661102K->532012K(719360K), 0.0234108 secs] [Times: user=0.20 sys=0.00, real=0.03 secs] 
2016-09-24T02:56:22.296-0400: 67.398: [GC (GCLocker Initiated GC) [PSYoungGen: 177367K->24471K(196608K)] 675637K->523843K(720896K), 0.0072802 secs] [Times: user=0.05 sys=0.00, real=0.01 secs] 
2016-09-24T02:56:22.396-0400: 67.498: [GC (GCLocker Initiated GC) [PSYoungGen: 158615K->63653K(186880K)] 658090K->567133K(711168K), 0.0083793 secs] [Times: user=0.10 sys=0.00, real=0.01 secs] 
2016-09-24T02:56:22.405-0400: 67.507: [Full GC (Ergonomics) [PSYoungGen: 63653K->0K(186880K)] [ParOldGen: 503480K->356884K(524288K)] 567133K->356884K(711168K), [Metaspace: 43756K->43756K(1087488K)], 0.0546817 secs] [Times: user=0.38 sys=0.00, real=0.05 secs] 
2016-09-24T02:56:22.540-0400: 67.642: [GC (GCLocker Initiated GC) [PSYoungGen: 122880K->62831K(185856K)] 482497K->422448K(710144K), 0.0182495 secs] [Times: user=0.22 sys=0.00, real=0.02 secs] 
2016-09-24T02:56:22.637-0400: 67.739: [GC (GCLocker Initiated GC) [PSYoungGen: 185711K->48767K(189952K)] 554807K->433020K(714240K), 0.0152672 secs] [Times: user=0.20 sys=0.00, real=0.01 secs] 
2016-09-24T02:56:22.724-0400: 67.826: [GC (GCLocker Initiated GC) [PSYoungGen: 164991K->45926K(162304K)] 554915K->447671K(686592K), 0.0093773 secs] [Times: user=0.10 sys=0.00, real=0.00 secs] 
2016-09-24T02:56:22.804-0400: 67.906: [GC (GCLocker Initiated GC) [PSYoungGen: 162150K->32382K(185856K)] 572020K->454012K(710144K), 0.0077041 secs] [Times: user=0.05 sys=0.00, real=0.00 secs] 
2016-09-24T02:56:22.887-0400: 67.989: [GC (GCLocker Initiated GC) [PSYoungGen: 148606K->29634K(185856K)] 575668K->462995K(710144K), 0.0139638 secs] [Times: user=0.15 sys=0.00, real=0.01 secs] 
2016-09-24T02:56:22.964-0400: 68.066: [GC (GCLocker Initiated GC) [PSYoungGen: 145858K->48643K(190976K)] 584643K->507421K(715264K), 0.0098928 secs] [Times: user=0.09 sys=0.00, real=0.00 secs] 
2016-09-24T02:56:23.058-0400: 68.160: [GC (GCLocker Initiated GC) [PSYoungGen: 171011K->47325K(191488K)] 636677K->516708K(715776K), 0.0213583 secs] [Times: user=0.24 sys=0.00, real=0.02 secs] 
2016-09-24T02:56:23.155-0400: 68.257: [GC (GCLocker Initiated GC) [PSYoungGen: 169693K->55514K(190976K)] 640530K->543608K(715264K), 0.0072339 secs] [Times: user=0.10 sys=0.00, real=0.00 secs] 
2016-09-24T02:56:23.239-0400: 68.341: [GC (GCLocker Initiated GC) [PSYoungGen: 178394K->60847K(183808K)] 666522K->550057K(708096K), 0.0180495 secs] [Times: user=0.24 sys=0.01, real=0.02 secs] 
2016-09-24T02:56:23.337-0400: 68.439: [GC (GCLocker Initiated GC) --[PSYoungGen: 183727K->183727K(183808K)] 679752K->706376K(708096K), 0.0113811 secs] [Times: user=0.10 sys=0.00, real=0.01 secs] 
2016-09-24T02:56:23.349-0400: 68.451: [Full GC (Ergonomics) [PSYoungGen: 183727K->0K(183808K)] [ParOldGen: 522649K->361137K(524288K)] 706376K->361137K(708096K), [Metaspace: 43771K->43771K(1087488K)], 0.0505766 secs] [Times: user=0.44 sys=0.00, real=0.05 secs] 
2016-09-24T02:56:23.489-0400: 68.591: [GC (Allocation Failure) [PSYoungGen: 122880K->33216K(189440K)] 484038K->394375K(713728K), 0.0044276 secs] [Times: user=0.05 sys=0.01, real=0.00 secs] 
2016-09-24T02:56:30.494-0400: 75.596: [GC (Allocation Failure) [PSYoungGen: 149408K->29340K(188928K)] 510567K->411022K(713216K), 0.0094688 secs] [Times: user=0.07 sys=0.01, real=0.02 secs] 
2016-09-24T02:56:37.464-0400: 82.566: [GC (Allocation Failure) [PSYoungGen: 145564K->30919K(188928K)] 527246K->441509K(713216K), 0.0134805 secs] [Times: user=0.10 sys=0.00, real=0.01 secs] 
2016-09-24T02:56:44.360-0400: 89.462: [GC (Allocation Failure) [PSYoungGen: 147655K->31015K(188928K)] 558245K->472236K(713216K), 0.0103365 secs] [Times: user=0.05 sys=0.00, real=0.01 secs] 
2016-09-24T02:56:51.300-0400: 96.402: [GC (Allocation Failure) [PSYoungGen: 147751K->61518K(181760K)] 588972K->502739K(706048K), 0.0106083 secs] [Times: user=0.08 sys=0.00, real=0.01 secs] 
