Java HotSpot(TM) 64-Bit Server VM (25.77-b03) for linux-amd64 JRE (1.8.0_77-b03), built on Mar 20 2016 22:00:46 by "java_re" with gcc 4.3.0 20080428 (Red Hat 4.3.0-8)
Memory: 4k page, physical 264122324k(97697416k free), swap 268399612k(268246072k free)
CommandLine flags: -XX:GCLogFileSize=1048576 -XX:+HeapDumpOnOutOfMemoryError -XX:HeapDumpPath=artifacts/heapdump -XX:InitialHeapSize=805306368 -XX:MaxHeapSize=805306368 -XX:NumberOfGCLogFiles=10 -XX:+PrintGC -XX:+PrintGCDateStamps -XX:+PrintGCDetails -XX:+PrintGCTimeStamps -XX:+UseCompressedClassPointers -XX:+UseCompressedOops -XX:+UseGCLogFileRotation -XX:+UseParallelGC 
2016-09-13T17:52:27.070-0400: 2.104: [GC (Metadata GC Threshold) [PSYoungGen: 121898K->15584K(229376K)] 121898K->15672K(753664K), 0.0234041 secs] [Times: user=0.11 sys=0.01, real=0.02 secs] 
2016-09-13T17:52:27.094-0400: 2.128: [Full GC (Metadata GC Threshold) [PSYoungGen: 15584K->0K(229376K)] [ParOldGen: 88K->14598K(347136K)] 15672K->14598K(576512K), [Metaspace: 21046K->21046K(1067008K)], 0.0505464 secs] [Times: user=0.28 sys=0.00, real=0.05 secs] 
2016-09-13T17:52:28.637-0400: 3.671: [GC (Metadata GC Threshold) [PSYoungGen: 124221K->14742K(229376K)] 138820K->29477K(576512K), 0.0200930 secs] [Times: user=0.14 sys=0.02, real=0.02 secs] 
2016-09-13T17:52:28.657-0400: 3.691: [Full GC (Metadata GC Threshold) [PSYoungGen: 14742K->0K(229376K)] [ParOldGen: 14734K->20206K(524288K)] 29477K->20206K(753664K), [Metaspace: 34900K->34900K(1079296K)], 0.0695359 secs] [Times: user=0.41 sys=0.02, real=0.06 secs] 
2016-09-13T17:52:30.137-0400: 5.171: [GC (GCLocker Initiated GC) [PSYoungGen: 196608K->30630K(229376K)] 216820K->99450K(753664K), 0.0137690 secs] [Times: user=0.17 sys=0.05, real=0.01 secs] 
2016-09-13T17:52:30.523-0400: 5.557: [GC (GCLocker Initiated GC) [PSYoungGen: 227238K->28037K(229376K)] 302489K->115446K(753664K), 0.0085526 secs] [Times: user=0.08 sys=0.01, real=0.01 secs] 
2016-09-13T17:52:30.884-0400: 5.919: [GC (GCLocker Initiated GC) [PSYoungGen: 224645K->28448K(225280K)] 312415K->146601K(749568K), 0.0166017 secs] [Times: user=0.15 sys=0.00, real=0.02 secs] 
2016-09-13T17:52:31.302-0400: 6.337: [GC (GCLocker Initiated GC) [PSYoungGen: 225056K->36586K(215040K)] 343570K->179408K(739328K), 0.0172883 secs] [Times: user=0.22 sys=0.00, real=0.02 secs] 
2016-09-13T17:52:31.694-0400: 6.728: [GC (GCLocker Initiated GC) [PSYoungGen: 214762K->41430K(219648K)] 357945K->221071K(743936K), 0.0095591 secs] [Times: user=0.10 sys=0.02, real=0.01 secs] 
2016-09-13T17:52:32.098-0400: 7.132: [GC (GCLocker Initiated GC) [PSYoungGen: 219606K->37162K(206336K)] 405678K->247541K(730624K), 0.0095206 secs] [Times: user=0.08 sys=0.00, real=0.00 secs] 
2016-09-13T17:52:32.485-0400: 7.519: [GC (GCLocker Initiated GC) [PSYoungGen: 201002K->48531K(212480K)] 411742K->271430K(736768K), 0.0145204 secs] [Times: user=0.18 sys=0.01, real=0.02 secs] 
2016-09-13T17:52:32.870-0400: 7.904: [GC (GCLocker Initiated GC) [PSYoungGen: 212371K->24632K(204288K)] 447764K->260033K(728576K), 0.0074587 secs] [Times: user=0.10 sys=0.00, real=0.01 secs] 
2016-09-13T17:52:33.273-0400: 8.307: [GC (Allocation Failure) [PSYoungGen: 179256K->43099K(198144K)] 421082K->284933K(722432K), 0.0192440 secs] [Times: user=0.14 sys=0.04, real=0.02 secs] 
2016-09-13T17:52:33.596-0400: 8.631: [GC (GCLocker Initiated GC) [PSYoungGen: 197723K->55511K(193536K)] 439563K->303433K(717824K), 0.0109144 secs] [Times: user=0.10 sys=0.02, real=0.00 secs] 
2016-09-13T17:52:33.897-0400: 8.931: [GC (Allocation Failure) [PSYoungGen: 192727K->61911K(199168K)] 440892K->310084K(723456K), 0.0075567 secs] [Times: user=0.09 sys=0.00, real=0.00 secs] 
2016-09-13T17:52:34.252-0400: 9.286: [GC (GCLocker Initiated GC) [PSYoungGen: 198806K->25786K(187904K)] 453054K->280043K(712192K), 0.0209257 secs] [Times: user=0.28 sys=0.00, real=0.02 secs] 
2016-09-13T17:52:34.621-0400: 9.656: [GC (GCLocker Initiated GC) [PSYoungGen: 150714K->44434K(193536K)] 424851K->318578K(717824K), 0.0088323 secs] [Times: user=0.10 sys=0.00, real=0.01 secs] 
2016-09-13T17:52:34.842-0400: 9.876: [GC (GCLocker Initiated GC) [PSYoungGen: 169362K->68600K(172032K)] 443543K->348960K(696320K), 0.0110915 secs] [Times: user=0.12 sys=0.00, real=0.01 secs] 
2016-09-13T17:52:34.968-0400: 10.002: [GC (GCLocker Initiated GC) [PSYoungGen: 172024K->50806K(182784K)] 452571K->352747K(707072K), 0.0121400 secs] [Times: user=0.13 sys=0.03, real=0.01 secs] 
2016-09-13T17:52:35.080-0400: 10.114: [GC (GCLocker Initiated GC) [PSYoungGen: 154230K->39336K(176640K)] 456270K->342243K(700928K), 0.0088726 secs] [Times: user=0.12 sys=0.00, real=0.01 secs] 
2016-09-13T17:52:35.206-0400: 10.240: [GC (GCLocker Initiated GC) [PSYoungGen: 142760K->45047K(179712K)] 445839K->348934K(704000K), 0.0077908 secs] [Times: user=0.07 sys=0.03, real=0.01 secs] 
2016-09-13T17:52:35.323-0400: 10.357: [GC (GCLocker Initiated GC) [PSYoungGen: 148471K->72806K(171520K)] 452543K->382522K(695808K), 0.0090777 secs] [Times: user=0.12 sys=0.00, real=0.01 secs] 
2016-09-13T17:52:35.461-0400: 10.495: [GC (GCLocker Initiated GC) [PSYoungGen: 170086K->57271K(154624K)] 486061K->373937K(678912K), 0.0068860 secs] [Times: user=0.09 sys=0.00, real=0.01 secs] 
2016-09-13T17:52:35.604-0400: 10.638: [GC (GCLocker Initiated GC) [PSYoungGen: 154551K->41556K(181760K)] 471277K->358948K(706048K), 0.0074167 secs] [Times: user=0.07 sys=0.00, real=0.01 secs] 
2016-09-13T17:52:35.720-0400: 10.754: [GC (GCLocker Initiated GC) [PSYoungGen: 139860K->68562K(166912K)] 457506K->391245K(691200K), 0.0107626 secs] [Times: user=0.13 sys=0.01, real=0.01 secs] 
2016-09-13T17:52:35.850-0400: 10.884: [GC (GCLocker Initiated GC) [PSYoungGen: 166866K->31905K(177664K)] 495634K->371905K(701952K), 0.0077018 secs] [Times: user=0.06 sys=0.02, real=0.01 secs] 
2016-09-13T17:52:35.982-0400: 11.016: [GC (GCLocker Initiated GC) [PSYoungGen: 124065K->51408K(143872K)] 464313K->401124K(668160K), 0.0065015 secs] [Times: user=0.07 sys=0.01, real=0.01 secs] 
2016-09-13T17:52:36.101-0400: 11.135: [GC (GCLocker Initiated GC) [PSYoungGen: 143568K->65024K(171520K)] 499588K->421390K(695808K), 0.0080955 secs] [Times: user=0.10 sys=0.01, real=0.01 secs] 
2016-09-13T17:52:36.230-0400: 11.264: [GC (GCLocker Initiated GC) [PSYoungGen: 154112K->32859K(174592K)] 510718K->397472K(698880K), 0.0072580 secs] [Times: user=0.05 sys=0.04, real=0.01 secs] 
2016-09-13T17:52:36.353-0400: 11.387: [GC (GCLocker Initiated GC) [PSYoungGen: 121947K->23655K(176640K)] 495795K->397783K(700928K), 0.0068537 secs] [Times: user=0.08 sys=0.00, real=0.01 secs] 
2016-09-13T17:52:36.499-0400: 11.534: [GC (GCLocker Initiated GC) [PSYoungGen: 115815K->32744K(124928K)] 505281K->422549K(649216K), 0.0074935 secs] [Times: user=0.09 sys=0.01, real=0.00 secs] 
2016-09-13T17:52:36.652-0400: 11.686: [GC (GCLocker Initiated GC) [PSYoungGen: 124904K->55621K(175104K)] 514808K->445738K(699392K), 0.0069868 secs] [Times: user=0.09 sys=0.01, real=0.01 secs] 
2016-09-13T17:52:36.762-0400: 11.796: [GC (GCLocker Initiated GC) [PSYoungGen: 147781K->32618K(175616K)] 539610K->424817K(699904K), 0.0113050 secs] [Times: user=0.17 sys=0.00, real=0.01 secs] 
2016-09-13T17:52:36.909-0400: 11.943: [GC (GCLocker Initiated GC) [PSYoungGen: 124778K->28094K(176640K)] 532357K->435878K(700928K), 0.0073863 secs] [Times: user=0.10 sys=0.01, real=0.01 secs] 
2016-09-13T17:52:37.044-0400: 12.078: [GC (GCLocker Initiated GC) [PSYoungGen: 124862K->32709K(177152K)] 532661K->440808K(701440K), 0.0070176 secs] [Times: user=0.07 sys=0.00, real=0.01 secs] 
2016-09-13T17:52:37.175-0400: 12.209: [GC (GCLocker Initiated GC) [PSYoungGen: 129477K->47843K(180736K)] 539268K->458001K(705024K), 0.0090037 secs] [Times: user=0.09 sys=0.01, real=0.01 secs] 
2016-09-13T17:52:37.305-0400: 12.339: [GC (GCLocker Initiated GC) [PSYoungGen: 150755K->69132K(172544K)] 561050K->482678K(696832K), 0.0097495 secs] [Times: user=0.10 sys=0.01, real=0.01 secs] 
2016-09-13T17:52:37.447-0400: 12.481: [GC (GCLocker Initiated GC) [PSYoungGen: 172044K->40302K(181760K)] 585732K->463419K(706048K), 0.0088189 secs] [Times: user=0.13 sys=0.00, real=0.02 secs] 
2016-09-13T17:52:37.604-0400: 12.638: [GC (Allocation Failure) [PSYoungGen: 138094K->14425K(178176K)] 573411K->450006K(702464K), 0.0037007 secs] [Times: user=0.03 sys=0.00, real=0.00 secs] 
2016-09-13T17:52:37.726-0400: 12.760: [GC (GCLocker Initiated GC) [PSYoungGen: 111954K->64390K(171008K)] 549054K->507849K(695296K), 0.0091900 secs] [Times: user=0.09 sys=0.01, real=0.01 secs] 
2016-09-13T17:52:37.861-0400: 12.895: [GC (GCLocker Initiated GC) [PSYoungGen: 153478K->34137K(175616K)] 597024K->496070K(699904K), 0.0082134 secs] [Times: user=0.09 sys=0.01, real=0.01 secs] 
2016-09-13T17:52:37.972-0400: 13.006: [GC (GCLocker Initiated GC) [PSYoungGen: 123225K->29549K(169472K)] 586783K->507100K(693760K), 0.0085129 secs] [Times: user=0.11 sys=0.00, real=0.01 secs] 
2016-09-13T17:52:38.141-0400: 13.175: [GC (GCLocker Initiated GC) [PSYoungGen: 121197K->29740K(173568K)] 614111K->532060K(697856K), 0.0072359 secs] [Times: user=0.11 sys=0.00, real=0.01 secs] 
2016-09-13T17:52:38.148-0400: 13.182: [Full GC (Ergonomics) [PSYoungGen: 29740K->0K(173568K)] [ParOldGen: 502319K->48770K(524288K)] 532060K->48770K(697856K), [Metaspace: 43920K->43917K(1087488K)], 0.2207384 secs] [Times: user=3.08 sys=0.01, real=0.22 secs] 
2016-09-13T17:52:38.514-0400: 13.548: [GC (GCLocker Initiated GC) [PSYoungGen: 91648K->40274K(169984K)] 142102K->90736K(694272K), 0.0114124 secs] [Times: user=0.16 sys=0.00, real=0.01 secs] 
2016-09-13T17:52:38.640-0400: 13.674: [GC (GCLocker Initiated GC) [PSYoungGen: 140626K->46448K(176128K)] 197271K->117220K(700416K), 0.0078074 secs] [Times: user=0.11 sys=0.00, real=0.01 secs] 
2016-09-13T17:52:38.752-0400: 13.787: [GC (GCLocker Initiated GC) [PSYoungGen: 146800K->72233K(171008K)] 217712K->161600K(695296K), 0.0132279 secs] [Times: user=0.20 sys=0.00, real=0.01 secs] 
2016-09-13T17:52:38.879-0400: 13.913: [GC (GCLocker Initiated GC) [PSYoungGen: 168489K->70491K(166912K)] 257908K->186012K(691200K), 0.0105100 secs] [Times: user=0.09 sys=0.01, real=0.01 secs] 
2016-09-13T17:52:39.012-0400: 14.046: [GC (GCLocker Initiated GC) [PSYoungGen: 166747K->52490K(175104K)] 289933K->212387K(699392K), 0.0090122 secs] [Times: user=0.10 sys=0.00, real=0.01 secs] 
2016-09-13T17:52:39.119-0400: 14.154: [GC (Allocation Failure) [PSYoungGen: 140554K->45018K(133120K)] 312872K->258658K(657408K), 0.0093320 secs] [Times: user=0.10 sys=0.00, real=0.01 secs] 
2016-09-13T17:52:39.237-0400: 14.271: [GC (GCLocker Initiated GC) [PSYoungGen: 133082K->61570K(169984K)] 346725K->293798K(694272K), 0.0143579 secs] [Times: user=0.15 sys=0.01, real=0.01 secs] 
2016-09-13T17:52:39.369-0400: 14.403: [GC (Allocation Failure) [PSYoungGen: 148098K->26607K(171520K)] 387998K->303202K(695808K), 0.0111197 secs] [Times: user=0.11 sys=0.00, real=0.01 secs] 
2016-09-13T17:52:39.381-0400: 14.415: [GC (GCLocker Initiated GC) [PSYoungGen: 26616K->32K(173056K)] 303211K->310486K(697344K), 0.0097371 secs] [Times: user=0.12 sys=0.00, real=0.01 secs] 
2016-09-13T17:52:39.491-0400: 14.526: [GC (GCLocker Initiated GC) [PSYoungGen: 87182K->58312K(175104K)] 399155K->370293K(699392K), 0.0147451 secs] [Times: user=0.14 sys=0.00, real=0.01 secs] 
2016-09-13T17:52:39.607-0400: 14.641: [GC (GCLocker Initiated GC) [PSYoungGen: 146376K->32580K(175104K)] 458541K->367870K(699392K), 0.0138471 secs] [Times: user=0.15 sys=0.00, real=0.02 secs] 
2016-09-13T17:52:39.709-0400: 14.744: [GC (GCLocker Initiated GC) [PSYoungGen: 120644K->50657K(138752K)] 456009K->404591K(663040K), 0.0084658 secs] [Times: user=0.06 sys=0.00, real=0.01 secs] 
2016-09-13T17:52:39.805-0400: 14.840: [GC (GCLocker Initiated GC) [PSYoungGen: 138721K->40429K(178688K)] 500418K->449434K(702976K), 0.0086866 secs] [Times: user=0.14 sys=0.00, real=0.01 secs] 
2016-09-13T17:52:39.910-0400: 14.944: [GC (GCLocker Initiated GC) [PSYoungGen: 132589K->56987K(174592K)] 541619K->484609K(698880K), 0.0073979 secs] [Times: user=0.11 sys=0.00, real=0.01 secs] 
2016-09-13T17:52:40.042-0400: 15.076: [GC (Allocation Failure) [PSYoungGen: 149147K->29766K(178176K)] 577032K->486780K(702464K), 0.0073234 secs] [Times: user=0.10 sys=0.00, real=0.01 secs] 
2016-09-13T17:52:40.161-0400: 15.195: [GC (GCLocker Initiated GC) [PSYoungGen: 124486K->37243K(132096K)] 581503K->494618K(656384K), 0.0063044 secs] [Times: user=0.09 sys=0.00, real=0.00 secs] 
2016-09-13T17:52:40.283-0400: 15.317: [GC (GCLocker Initiated GC) [PSYoungGen: 131963K->50966K(176128K)] 589570K->508823K(700416K), 0.0106952 secs] [Times: user=0.15 sys=0.00, real=0.01 secs] 
2016-09-13T17:52:40.409-0400: 15.443: [GC (GCLocker Initiated GC) [PSYoungGen: 147734K->38725K(175616K)] 607151K->498454K(699904K), 0.0082158 secs] [Times: user=0.09 sys=0.00, real=0.01 secs] 
2016-09-13T17:52:40.535-0400: 15.569: [GC (GCLocker Initiated GC) [PSYoungGen: 135493K->52426K(180224K)] 595351K->526182K(704512K), 0.0071470 secs] [Times: user=0.09 sys=0.00, real=0.01 secs] 
2016-09-13T17:52:40.701-0400: 15.735: [Full GC (Ergonomics) [PSYoungGen: 156362K->0K(180224K)] [ParOldGen: 485938K->44683K(524288K)] 642300K->44683K(704512K), [Metaspace: 44084K->44084K(1087488K)], 0.0597877 secs] [Times: user=0.39 sys=0.01, real=0.06 secs] 
2016-09-13T17:52:40.889-0400: 15.923: [GC (GCLocker Initiated GC) [PSYoungGen: 103936K->66191K(180224K)] 150344K->112599K(704512K), 0.0079384 secs] [Times: user=0.09 sys=0.01, real=0.01 secs] 
2016-09-13T17:52:41.036-0400: 16.070: [GC (GCLocker Initiated GC) [PSYoungGen: 170127K->46409K(182784K)] 216589K->111524K(707072K), 0.0071965 secs] [Times: user=0.09 sys=0.00, real=0.00 secs] 
2016-09-13T17:52:41.140-0400: 16.174: [GC (GCLocker Initiated GC) [PSYoungGen: 148809K->51128K(153600K)] 215557K->118267K(677888K), 0.0069199 secs] [Times: user=0.10 sys=0.00, real=0.00 secs] 
2016-09-13T17:52:41.288-0400: 16.323: [GC (GCLocker Initiated GC) [PSYoungGen: 153528K->41921K(182272K)] 230000K->123257K(706560K), 0.0060337 secs] [Times: user=0.08 sys=0.00, real=0.00 secs] 
2016-09-13T17:52:41.446-0400: 16.480: [GC (GCLocker Initiated GC) [PSYoungGen: 147393K->32804K(180224K)] 235022K->120732K(704512K), 0.0098187 secs] [Times: user=0.11 sys=0.00, real=0.01 secs] 
2016-09-13T17:52:41.608-0400: 16.642: [GC (GCLocker Initiated GC) [PSYoungGen: 138276K->32841K(185856K)] 234061K->129001K(710144K), 0.0103363 secs] [Times: user=0.14 sys=0.00, real=0.01 secs] 
2016-09-13T17:52:41.746-0400: 16.780: [GC (GCLocker Initiated GC) [PSYoungGen: 144457K->44928K(184832K)] 242331K->143094K(709120K), 0.0096799 secs] [Times: user=0.09 sys=0.00, real=0.02 secs] 
2016-09-13T17:52:41.897-0400: 16.932: [GC (GCLocker Initiated GC) [PSYoungGen: 156544K->55495K(183808K)] 260871K->160169K(708096K), 0.0079168 secs] [Times: user=0.12 sys=0.00, real=0.00 secs] 
2016-09-13T17:52:42.054-0400: 17.088: [GC (GCLocker Initiated GC) [PSYoungGen: 168647K->48083K(185344K)] 273346K->152968K(709632K), 0.0062520 secs] [Times: user=0.07 sys=0.00, real=0.01 secs] 
2016-09-13T17:52:42.255-0400: 17.289: [GC (GCLocker Initiated GC) [PSYoungGen: 161235K->44603K(185856K)] 267743K->160477K(710144K), 0.0095163 secs] [Times: user=0.09 sys=0.00, real=0.01 secs] 
2016-09-13T17:52:42.444-0400: 17.479: [GC (GCLocker Initiated GC) [PSYoungGen: 163899K->47613K(187904K)] 281576K->165420K(712192K), 0.0457650 secs] [Times: user=0.49 sys=0.00, real=0.05 secs] 
2016-09-13T17:52:42.661-0400: 17.695: [GC (GCLocker Initiated GC) [PSYoungGen: 166909K->31031K(193536K)] 290822K->155074K(717824K), 0.0106781 secs] [Times: user=0.15 sys=0.00, real=0.01 secs] 
2016-09-13T17:52:42.849-0400: 17.883: [GC (GCLocker Initiated GC) [PSYoungGen: 157495K->5524K(132096K)] 296895K->154273K(656384K), 0.0140397 secs] [Times: user=0.17 sys=0.00, real=0.01 secs] 
2016-09-13T17:52:43.078-0400: 18.112: [GC (GCLocker Initiated GC) [PSYoungGen: 131988K->62993K(180224K)] 281037K->212334K(704512K), 0.0133433 secs] [Times: user=0.18 sys=0.00, real=0.01 secs] 
2016-09-13T17:52:43.251-0400: 18.285: [GC (GCLocker Initiated GC) [PSYoungGen: 171537K->14665K(123392K)] 333255K->176549K(647680K), 0.0095416 secs] [Times: user=0.15 sys=0.00, real=0.01 secs] 
2016-09-13T17:52:43.435-0400: 18.469: [GC (GCLocker Initiated GC) [PSYoungGen: 123209K->37328K(187392K)] 285249K->199605K(711680K), 0.0061111 secs] [Times: user=0.07 sys=0.01, real=0.01 secs] 
2016-09-13T17:52:43.606-0400: 18.640: [GC (Allocation Failure) [PSYoungGen: 146384K->29452K(138752K)] 308806K->192009K(663040K), 0.0110800 secs] [Times: user=0.10 sys=0.00, real=0.02 secs] 
2016-09-13T17:52:44.349-0400: 19.384: [GC (GCLocker Initiated GC) [PSYoungGen: 138508K->24986K(182784K)] 307140K->193811K(707072K), 0.0220267 secs] [Times: user=0.25 sys=0.00, real=0.02 secs] 
2016-09-13T17:52:44.496-0400: 19.530: [GC (GCLocker Initiated GC) [PSYoungGen: 135066K->46282K(181760K)] 305653K->217166K(706048K), 0.0117209 secs] [Times: user=0.14 sys=0.01, real=0.01 secs] 
2016-09-13T17:52:44.649-0400: 19.684: [GC (GCLocker Initiated GC) [PSYoungGen: 156362K->42160K(188416K)] 328957K->233217K(712704K), 0.0086099 secs] [Times: user=0.10 sys=0.00, real=0.01 secs] 
2016-09-13T17:52:44.814-0400: 19.848: [GC (Allocation Failure) [PSYoungGen: 160944K->51030K(188928K)] 352199K->260897K(713216K), 0.0113380 secs] [Times: user=0.12 sys=0.00, real=0.01 secs] 
2016-09-13T17:52:44.994-0400: 20.028: [GC (GCLocker Initiated GC) [PSYoungGen: 164284K->26479K(190976K)] 380227K->260902K(715264K), 0.0061102 secs] [Times: user=0.06 sys=0.00, real=0.01 secs] 
2016-09-13T17:52:45.131-0400: 20.165: [GC (GCLocker Initiated GC) [PSYoungGen: 146287K->61532K(181760K)] 380962K->314673K(706048K), 0.0118725 secs] [Times: user=0.09 sys=0.00, real=0.01 secs] 
2016-09-13T17:52:45.272-0400: 20.306: [GC (GCLocker Initiated GC) [PSYoungGen: 181340K->47769K(186880K)] 434512K->301217K(711168K), 0.0063758 secs] [Times: user=0.05 sys=0.00, real=0.01 secs] 
2016-09-13T17:52:45.450-0400: 20.484: [GC (Allocation Failure) [PSYoungGen: 158873K->12746K(123904K)] 418424K->281556K(648192K), 0.0098739 secs] [Times: user=0.10 sys=0.00, real=0.01 secs] 
2016-09-13T17:52:45.651-0400: 20.685: [GC (GCLocker Initiated GC) [PSYoungGen: 123850K->41730K(187904K)] 392665K->319900K(712192K), 0.0248503 secs] [Times: user=0.36 sys=0.00, real=0.03 secs] 
2016-09-13T17:52:45.847-0400: 20.881: [GC (GCLocker Initiated GC) [PSYoungGen: 152834K->46368K(157696K)] 431180K->324963K(681984K), 0.0056039 secs] [Times: user=0.06 sys=0.01, real=0.01 secs] 
2016-09-13T17:52:45.989-0400: 21.023: [GC (GCLocker Initiated GC) [PSYoungGen: 157472K->25023K(185344K)] 437752K->305509K(709632K), 0.0098935 secs] [Times: user=0.05 sys=0.00, real=0.01 secs] 
2016-09-13T17:52:46.179-0400: 21.213: [GC (Allocation Failure) [PSYoungGen: 137151K->9731K(184320K)] 417812K->290569K(708608K), 0.0033246 secs] [Times: user=0.02 sys=0.00, real=0.00 secs] 
2016-09-13T17:52:46.339-0400: 21.373: [GC (GCLocker Initiated GC) [PSYoungGen: 121859K->38501K(186368K)] 402697K->319513K(710656K), 0.0102033 secs] [Times: user=0.06 sys=0.00, real=0.01 secs] 
2016-09-13T17:52:46.551-0400: 21.586: [GC (Allocation Failure) [PSYoungGen: 154725K->10018K(187392K)] 442015K->297475K(711680K), 0.0091982 secs] [Times: user=0.12 sys=0.01, real=0.01 secs] 
2016-09-13T17:52:46.717-0400: 21.751: [GC (GCLocker Initiated GC) [PSYoungGen: 126242K->47832K(186880K)] 413700K->335455K(711168K), 0.0076963 secs] [Times: user=0.07 sys=0.00, real=0.00 secs] 
2016-09-13T17:52:46.912-0400: 21.946: [GC (GCLocker Initiated GC) [PSYoungGen: 162520K->69153K(184320K)] 450383K->357250K(708608K), 0.0095170 secs] [Times: user=0.11 sys=0.00, real=0.01 secs] 
2016-09-13T17:52:47.136-0400: 22.170: [GC (GCLocker Initiated GC) [PSYoungGen: 183841K->29485K(181248K)] 484304K->330166K(705536K), 0.0060871 secs] [Times: user=0.05 sys=0.00, real=0.00 secs] 
2016-09-13T17:52:47.306-0400: 22.340: [GC (GCLocker Initiated GC) [PSYoungGen: 132909K->46254K(182784K)] 439882K->357913K(707072K), 0.0103177 secs] [Times: user=0.10 sys=0.00, real=0.02 secs] 
2016-09-13T17:52:47.475-0400: 22.509: [GC (GCLocker Initiated GC) [PSYoungGen: 149677K->50934K(182272K)] 461557K->362999K(706560K), 0.0301891 secs] [Times: user=0.37 sys=0.01, real=0.03 secs] 
2016-09-13T17:52:47.651-0400: 22.685: [GC (GCLocker Initiated GC) [PSYoungGen: 154358K->19043K(182784K)] 472677K->337599K(707072K), 0.0041089 secs] [Times: user=0.03 sys=0.00, real=0.00 secs] 
2016-09-13T17:52:47.817-0400: 22.851: [GC (GCLocker Initiated GC) [PSYoungGen: 122467K->50966K(181248K)] 441269K->369934K(705536K), 0.0074252 secs] [Times: user=0.08 sys=0.00, real=0.00 secs] 
2016-09-13T17:52:47.968-0400: 23.002: [GC (GCLocker Initiated GC) [PSYoungGen: 153366K->26670K(129536K)] 474031K->347532K(653824K), 0.0070046 secs] [Times: user=0.06 sys=0.00, real=0.00 secs] 
2016-09-13T17:52:48.113-0400: 23.147: [GC (GCLocker Initiated GC) [PSYoungGen: 129070K->43121K(183296K)] 449941K->364266K(707584K), 0.0120587 secs] [Times: user=0.12 sys=0.00, real=0.01 secs] 
2016-09-13T17:52:48.310-0400: 23.344: [GC (GCLocker Initiated GC) [PSYoungGen: 148593K->55495K(181248K)] 469776K->381468K(705536K), 0.0099614 secs] [Times: user=0.11 sys=0.00, real=0.01 secs] 
2016-09-13T17:52:48.511-0400: 23.545: [GC (GCLocker Initiated GC) [PSYoungGen: 160967K->27960K(184832K)] 499227K->372505K(709120K), 0.0154710 secs] [Times: user=0.15 sys=0.00, real=0.01 secs] 
2016-09-13T17:52:48.685-0400: 23.719: [GC (Allocation Failure) [PSYoungGen: 134968K->43340K(150528K)] 481123K->397264K(674816K), 0.0097894 secs] [Times: user=0.11 sys=0.00, real=0.01 secs] 
2016-09-13T17:52:48.853-0400: 23.887: [GC (GCLocker Initiated GC) [PSYoungGen: 150348K->38778K(185856K)] 504277K->400626K(710144K), 0.0104179 secs] [Times: user=0.12 sys=0.00, real=0.01 secs] 
2016-09-13T17:52:49.045-0400: 24.079: [GC (GCLocker Initiated GC) [PSYoungGen: 149882K->21917K(182272K)] 513354K->385575K(706560K), 0.0055666 secs] [Times: user=0.04 sys=0.00, real=0.01 secs] 
2016-09-13T17:52:49.214-0400: 24.248: [GC (GCLocker Initiated GC) [PSYoungGen: 133021K->43089K(188928K)] 496862K->407213K(713216K), 0.0109896 secs] [Times: user=0.08 sys=0.00, real=0.01 secs] 
2016-09-13T17:52:49.417-0400: 24.452: [GC (GCLocker Initiated GC) [PSYoungGen: 160849K->27961K(187392K)] 532639K->402974K(711680K), 0.0087887 secs] [Times: user=0.07 sys=0.00, real=0.00 secs] 
2016-09-13T17:52:49.615-0400: 24.649: [GC (GCLocker Initiated GC) [PSYoungGen: 145721K->44858K(189440K)] 522290K->429223K(713728K), 0.0118580 secs] [Times: user=0.16 sys=0.01, real=0.01 secs] 
2016-09-13T17:52:58.358-0400: 33.392: [GC (GCLocker Initiated GC) [PSYoungGen: 166202K->29757K(189440K)] 556814K->422113K(713728K), 0.0121108 secs] [Times: user=0.08 sys=0.03, real=0.01 secs] 
2016-09-13T17:52:58.547-0400: 33.581: [GC (GCLocker Initiated GC) [PSYoungGen: 151101K->50779K(190464K)] 543614K->443462K(714752K), 0.0123533 secs] [Times: user=0.14 sys=0.01, real=0.02 secs] 
2016-09-13T17:52:58.781-0400: 33.815: [GC (GCLocker Initiated GC) [PSYoungGen: 174683K->25323K(192512K)] 573752K->450452K(716800K), 0.0095691 secs] [Times: user=0.11 sys=0.00, real=0.01 secs] 
2016-09-13T17:52:58.963-0400: 33.997: [GC (GCLocker Initiated GC) [PSYoungGen: 149227K->46472K(193536K)] 574544K->490330K(717824K), 0.0089494 secs] [Times: user=0.08 sys=0.01, real=0.01 secs] 
2016-09-13T17:52:59.135-0400: 34.169: [GC (GCLocker Initiated GC) [PSYoungGen: 172424K->34233K(160256K)] 628458K->508791K(684544K), 0.0250228 secs] [Times: user=0.34 sys=0.01, real=0.03 secs] 
2016-09-13T17:52:59.314-0400: 34.348: [GC (GCLocker Initiated GC) [PSYoungGen: 160185K->49318K(190976K)] 641011K->531904K(715264K), 0.0134627 secs] [Times: user=0.12 sys=0.00, real=0.02 secs] 
2016-09-13T17:52:59.481-0400: 34.515: [GC (GCLocker Initiated GC) [PSYoungGen: 174246K->62802K(187904K)] 656912K->545669K(712192K), 0.0246154 secs] [Times: user=0.24 sys=0.00, real=0.02 secs] 
2016-09-13T17:52:59.657-0400: 34.691: [GC (GCLocker Initiated GC) [PSYoungGen: 187730K->67612K(176128K)] 672314K->555420K(700416K), 0.0110018 secs] [Times: user=0.10 sys=0.01, real=0.01 secs] 
2016-09-13T17:52:59.812-0400: 34.847: [GC (GCLocker Initiated GC) [PSYoungGen: 170012K->26746K(182272K)] 665515K->522506K(706560K), 0.0216429 secs] [Times: user=0.21 sys=0.01, real=0.02 secs] 
2016-09-13T17:52:59.976-0400: 35.011: [Full GC (Ergonomics) [PSYoungGen: 129146K->0K(182272K)] [ParOldGen: 503487K->30514K(524288K)] 632634K->30514K(706560K), [Metaspace: 44272K->44272K(1087488K)], 0.0915695 secs] [Times: user=0.41 sys=0.02, real=0.09 secs] 
2016-09-13T17:53:00.178-0400: 35.212: [GC (GCLocker Initiated GC) [PSYoungGen: 102400K->75302K(167424K)] 132917K->105819K(691712K), 0.0151861 secs] [Times: user=0.18 sys=0.00, real=0.01 secs] 
2016-09-13T17:53:00.298-0400: 35.333: [GC (GCLocker Initiated GC) [PSYoungGen: 163366K->61475K(175104K)] 193979K->106025K(699392K), 0.0107328 secs] [Times: user=0.10 sys=0.01, real=0.01 secs] 
2016-09-13T17:53:00.445-0400: 35.479: [GC (GCLocker Initiated GC) [PSYoungGen: 149539K->35782K(175104K)] 194167K->89784K(699392K), 0.0117938 secs] [Times: user=0.13 sys=0.00, real=0.02 secs] 
2016-09-13T17:53:00.573-0400: 35.608: [GC (GCLocker Initiated GC) [PSYoungGen: 123846K->46254K(134656K)] 178056K->105422K(658944K), 0.0204317 secs] [Times: user=0.22 sys=0.00, real=0.02 secs] 
2016-09-13T17:53:00.713-0400: 35.747: [GC (GCLocker Initiated GC) [PSYoungGen: 134318K->46410K(175104K)] 196557K->108934K(699392K), 0.0073810 secs] [Times: user=0.07 sys=0.00, real=0.01 secs] 
2016-09-13T17:53:00.840-0400: 35.874: [GC (GCLocker Initiated GC) [PSYoungGen: 138058K->25241K(171520K)] 202126K->106292K(695808K), 0.0124319 secs] [Times: user=0.14 sys=0.00, real=0.01 secs] 
2016-09-13T17:53:01.005-0400: 36.039: [GC (GCLocker Initiated GC) [PSYoungGen: 116889K->14329K(177152K)] 210302K->117152K(701440K), 0.0089771 secs] [Times: user=0.09 sys=0.01, real=0.01 secs] 
2016-09-13T17:53:01.171-0400: 36.205: [GC (GCLocker Initiated GC) [PSYoungGen: 111609K->44853K(178688K)] 214547K->148040K(702976K), 0.0100699 secs] [Times: user=0.10 sys=0.00, real=0.01 secs] 
2016-09-13T17:53:01.332-0400: 36.366: [GC (GCLocker Initiated GC) [PSYoungGen: 142133K->40148K(174592K)] 246929K->166450K(698880K), 0.0178555 secs] [Times: user=0.16 sys=0.00, real=0.02 secs] 
2016-09-13T17:53:01.514-0400: 36.548: [GC (GCLocker Initiated GC) [PSYoungGen: 142036K->61442K(177152K)] 270182K->189896K(701440K), 0.0107716 secs] [Times: user=0.08 sys=0.01, real=0.01 secs] 
2016-09-13T17:53:01.659-0400: 36.694: [GC (GCLocker Initiated GC) [PSYoungGen: 163330K->34105K(184832K)] 297896K->168797K(709120K), 0.0116047 secs] [Times: user=0.10 sys=0.00, real=0.01 secs] 
2016-09-13T17:53:01.831-0400: 36.865: [GC (GCLocker Initiated GC) [PSYoungGen: 139577K->50998K(182784K)] 274292K->201225K(707072K), 0.0108863 secs] [Times: user=0.10 sys=0.01, real=0.01 secs] 
2016-09-13T17:53:01.988-0400: 37.023: [GC (GCLocker Initiated GC) [PSYoungGen: 156470K->29479K(183808K)] 306704K->181484K(708096K), 0.0116333 secs] [Times: user=0.10 sys=0.00, real=0.01 secs] 
2016-09-13T17:53:02.147-0400: 37.181: [GC (GCLocker Initiated GC) [PSYoungGen: 135975K->23718K(182784K)] 288006K->183502K(707072K), 0.0071212 secs] [Times: user=0.08 sys=0.01, real=0.01 secs] 
2016-09-13T17:53:02.318-0400: 37.352: [GC (GCLocker Initiated GC) [PSYoungGen: 130214K->44672K(183296K)] 290150K->206380K(707584K), 0.0076475 secs] [Times: user=0.05 sys=0.00, real=0.00 secs] 
2016-09-13T17:53:02.514-0400: 37.548: [GC (GCLocker Initiated GC) [PSYoungGen: 154752K->29570K(183808K)] 322567K->197637K(708096K), 0.0379410 secs] [Times: user=0.40 sys=0.00, real=0.04 secs] 
2016-09-13T17:53:02.759-0400: 37.793: [GC (GCLocker Initiated GC) [PSYoungGen: 139650K->44545K(185856K)] 307742K->214365K(710144K), 0.0275441 secs] [Times: user=0.26 sys=0.00, real=0.02 secs] 
2016-09-13T17:53:02.935-0400: 37.969: [GC (GCLocker Initiated GC) [PSYoungGen: 160257K->69255K(185344K)] 331677K->265138K(709632K), 0.0136778 secs] [Times: user=0.14 sys=0.01, real=0.02 secs] 
2016-09-13T17:53:03.100-0400: 38.134: [GC (GCLocker Initiated GC) [PSYoungGen: 184967K->28275K(183296K)] 393151K->242784K(707584K), 0.0070856 secs] [Times: user=0.07 sys=0.00, real=0.00 secs] 
2016-09-13T17:53:03.263-0400: 38.297: [GC (GCLocker Initiated GC) [PSYoungGen: 134771K->46408K(153088K)] 350872K->267358K(677376K), 0.0135723 secs] [Times: user=0.14 sys=0.00, real=0.02 secs] 
2016-09-13T17:53:03.459-0400: 38.493: [GC (GCLocker Initiated GC) [PSYoungGen: 152904K->14483K(181760K)] 386213K->248045K(706048K), 0.0230297 secs] [Times: user=0.20 sys=0.01, real=0.02 secs] 
2016-09-13T17:53:03.645-0400: 38.679: [GC (Allocation Failure) [PSYoungGen: 120467K->32681K(183296K)] 354146K->266609K(707584K), 0.0068478 secs] [Times: user=0.06 sys=0.00, real=0.01 secs] 
2016-09-13T17:53:03.803-0400: 38.837: [GC (GCLocker Initiated GC) [PSYoungGen: 136322K->29416K(181760K)] 376325K->272607K(706048K), 0.0080125 secs] [Times: user=0.05 sys=0.00, real=0.01 secs] 
2016-09-13T17:53:03.976-0400: 39.010: [GC (GCLocker Initiated GC) [PSYoungGen: 139496K->29479K(182784K)] 382868K->273030K(707072K), 0.0283799 secs] [Times: user=0.26 sys=0.00, real=0.02 secs] 
2016-09-13T17:53:04.185-0400: 39.219: [GC (GCLocker Initiated GC) [PSYoungGen: 139559K->28152K(186368K)] 383210K->272072K(710656K), 0.0168002 secs] [Times: user=0.15 sys=0.01, real=0.02 secs] 
2016-09-13T17:53:04.410-0400: 39.444: [GC (GCLocker Initiated GC) [PSYoungGen: 146936K->32554K(187392K)] 398472K->284365K(711680K), 0.0188507 secs] [Times: user=0.17 sys=0.01, real=0.02 secs] 
2016-09-13T17:53:04.630-0400: 39.664: [GC (GCLocker Initiated GC) [PSYoungGen: 151338K->28152K(190976K)] 409285K->298464K(715264K), 0.0143705 secs] [Times: user=0.16 sys=0.00, real=0.01 secs] 
2016-09-13T17:53:04.867-0400: 39.901: [GC (GCLocker Initiated GC) [PSYoungGen: 155640K->32581K(191488K)] 439780K->317013K(715776K), 0.0188024 secs] [Times: user=0.18 sys=0.00, real=0.02 secs] 
2016-09-13T17:53:05.039-0400: 40.073: [GC (GCLocker Initiated GC) [PSYoungGen: 160069K->52421K(192000K)] 444526K->343041K(716288K), 0.0083355 secs] [Times: user=0.06 sys=0.00, real=0.00 secs] 
2016-09-13T17:53:05.216-0400: 40.250: [GC (GCLocker Initiated GC) [PSYoungGen: 182981K->52387K(183296K)] 473675K->344797K(707584K), 0.0345608 secs] [Times: user=0.38 sys=0.01, real=0.03 secs] 
2016-09-13T17:53:05.461-0400: 40.495: [GC (GCLocker Initiated GC) [PSYoungGen: 182947K->31089K(195584K)] 487659K->335967K(719872K), 0.0186317 secs] [Times: user=0.19 sys=0.00, real=0.02 secs] 
2016-09-13T17:53:05.662-0400: 40.696: [GC (Allocation Failure) [PSYoungGen: 158065K->24955K(152064K)] 470752K->345382K(676352K), 0.0178827 secs] [Times: user=0.18 sys=0.00, real=0.02 secs] 
2016-09-13T17:53:05.865-0400: 40.900: [GC (GCLocker Initiated GC) [PSYoungGen: 151931K->61527K(183808K)] 472371K->388276K(708096K), 0.0258955 secs] [Times: user=0.27 sys=0.00, real=0.03 secs] 
2016-09-13T17:53:06.060-0400: 41.094: [GC (GCLocker Initiated GC) [PSYoungGen: 179287K->31062K(189952K)] 512273K->364323K(714240K), 0.0068848 secs] [Times: user=0.06 sys=0.00, real=0.00 secs] 
2016-09-13T17:53:06.257-0400: 41.291: [GC (GCLocker Initiated GC) [PSYoungGen: 148822K->28244K(184832K)] 483624K->363232K(709120K), 0.0113134 secs] [Times: user=0.10 sys=0.00, real=0.01 secs] 
2016-09-13T17:53:06.457-0400: 41.491: [GC (Allocation Failure) [PSYoungGen: 148052K->23403K(188416K)] 489257K->364813K(712704K), 0.0403388 secs] [Times: user=0.43 sys=0.00, real=0.04 secs] 
2016-09-13T17:53:06.666-0400: 41.700: [GC (GCLocker Initiated GC) [PSYoungGen: 143211K->32521K(186880K)] 484624K->374210K(711168K), 0.0106132 secs] [Times: user=0.09 sys=0.01, real=0.02 secs] 
2016-09-13T17:53:06.861-0400: 41.895: [GC (GCLocker Initiated GC) [PSYoungGen: 157961K->60014K(190464K)] 502985K->405220K(714752K), 0.0122006 secs] [Times: user=0.12 sys=0.00, real=0.01 secs] 
2016-09-13T17:53:07.064-0400: 42.098: [GC (GCLocker Initiated GC) [PSYoungGen: 185454K->58246K(181760K)] 530946K->403947K(706048K), 0.0100665 secs] [Times: user=0.08 sys=0.00, real=0.01 secs] 
2016-09-13T17:53:07.261-0400: 42.296: [GC (GCLocker Initiated GC) [PSYoungGen: 168838K->5115K(115712K)] 526786K->363111K(640000K), 0.0044917 secs] [Times: user=0.02 sys=0.01, real=0.00 secs] 
2016-09-13T17:53:07.459-0400: 42.493: [GC (GCLocker Initiated GC) [PSYoungGen: 115707K->5020K(181248K)] 486203K->375744K(705536K), 0.0067612 secs] [Times: user=0.03 sys=0.02, real=0.00 secs] 
2016-09-13T17:53:07.634-0400: 42.668: [GC (GCLocker Initiated GC) [PSYoungGen: 108444K->47709K(151552K)] 479369K->418773K(675840K), 0.0172629 secs] [Times: user=0.14 sys=0.00, real=0.02 secs] 
2016-09-13T17:53:07.817-0400: 42.851: [GC (GCLocker Initiated GC) [PSYoungGen: 151133K->59924K(172032K)] 525563K->434528K(696320K), 0.0151473 secs] [Times: user=0.17 sys=0.00, real=0.01 secs] 
2016-09-13T17:53:07.986-0400: 43.021: [GC (GCLocker Initiated GC) [PSYoungGen: 152084K->32427K(177152K)] 526855K->407262K(701440K), 0.0251916 secs] [Times: user=0.30 sys=0.00, real=0.03 secs] 
2016-09-13T17:53:08.120-0400: 43.155: [GC (GCLocker Initiated GC) [PSYoungGen: 124587K->59886K(173056K)] 499625K->439619K(697344K), 0.0098682 secs] [Times: user=0.08 sys=0.00, real=0.01 secs] 
2016-09-13T17:53:08.289-0400: 43.323: [GC (GCLocker Initiated GC) [PSYoungGen: 152046K->11318K(177152K)] 544105K->403492K(701440K), 0.0049220 secs] [Times: user=0.03 sys=0.00, real=0.00 secs] 
2016-09-13T17:53:08.460-0400: 43.494: [GC (GCLocker Initiated GC) [PSYoungGen: 103478K->32623K(168960K)] 501760K->431272K(693248K), 0.0084165 secs] [Times: user=0.09 sys=0.00, real=0.01 secs] 
2016-09-13T17:53:08.618-0400: 43.652: [GC (GCLocker Initiated GC) [PSYoungGen: 124783K->50966K(173056K)] 529731K->456179K(697344K), 0.0102418 secs] [Times: user=0.12 sys=0.00, real=0.01 secs] 
2016-09-13T17:53:08.745-0400: 43.780: [GC (Allocation Failure) [PSYoungGen: 143126K->46440K(180224K)] 551533K->455187K(704512K), 0.0072038 secs] [Times: user=0.08 sys=0.00, real=0.01 secs] 
2016-09-13T17:53:08.753-0400: 43.787: [GC (GCLocker Initiated GC) [PSYoungGen: 46460K->64K(99840K)] 455207K->454931K(624128K), 0.0080250 secs] [Times: user=0.11 sys=0.00, real=0.01 secs] 
2016-09-13T17:53:08.897-0400: 43.931: [GC (GCLocker Initiated GC) [PSYoungGen: 99172K->49319K(177664K)] 555558K->505705K(701952K), 0.0098999 secs] [Times: user=0.11 sys=0.00, real=0.00 secs] 
2016-09-13T17:53:09.070-0400: 44.104: [GC (GCLocker Initiated GC) [PSYoungGen: 143527K->41633K(136192K)] 601472K->509090K(660480K), 0.0138444 secs] [Times: user=0.12 sys=0.00, real=0.01 secs] 
2016-09-13T17:53:09.254-0400: 44.288: [GC (GCLocker Initiated GC) [PSYoungGen: 135841K->59764K(172032K)] 605016K->532289K(696320K), 0.0122756 secs] [Times: user=0.09 sys=0.01, real=0.01 secs] 
2016-09-13T17:53:09.413-0400: 44.447: [GC (GCLocker Initiated GC) [PSYoungGen: 150388K->34232K(176128K)] 630723K->514647K(700416K), 0.0257640 secs] [Times: user=0.36 sys=0.00, real=0.03 secs] 
2016-09-13T17:53:09.556-0400: 44.590: [GC (GCLocker Initiated GC) [PSYoungGen: 124856K->59860K(173056K)] 605447K->543723K(697344K), 0.0105030 secs] [Times: user=0.12 sys=0.00, real=0.00 secs] 
2016-09-13T17:53:09.706-0400: 44.741: [GC (GCLocker Initiated GC) [PSYoungGen: 151508K->49260K(176640K)] 637013K->553128K(700928K), 0.0137773 secs] [Times: user=0.13 sys=0.00, real=0.02 secs] 
2016-09-13T17:53:09.720-0400: 44.755: [Full GC (Ergonomics) [PSYoungGen: 49260K->0K(176640K)] [ParOldGen: 503867K->46177K(524288K)] 553128K->46177K(700928K), [Metaspace: 44349K->44349K(1087488K)], 0.0645595 secs] [Times: user=0.30 sys=0.01, real=0.06 secs] 
2016-09-13T17:53:09.902-0400: 44.936: [GC (GCLocker Initiated GC) [PSYoungGen: 91648K->54034K(177152K)] 150226K->112613K(701440K), 0.0107035 secs] [Times: user=0.11 sys=0.00, real=0.01 secs] 
2016-09-13T17:53:10.067-0400: 45.101: [GC (GCLocker Initiated GC) [PSYoungGen: 147218K->31127K(124416K)] 217979K->132748K(648704K), 0.0098560 secs] [Times: user=0.12 sys=0.00, real=0.02 secs] 
2016-09-13T17:53:10.208-0400: 45.242: [GC (GCLocker Initiated GC) [PSYoungGen: 124311K->64544K(171520K)] 226159K->175718K(695808K), 0.0095081 secs] [Times: user=0.09 sys=0.00, real=0.01 secs] 
2016-09-13T17:53:10.345-0400: 45.379: [GC (GCLocker Initiated GC) [PSYoungGen: 153632K->43309K(175616K)] 264869K->154820K(699904K), 0.0071907 secs] [Times: user=0.09 sys=0.00, real=0.01 secs] 
2016-09-13T17:53:10.476-0400: 45.510: [GC (GCLocker Initiated GC) [PSYoungGen: 132397K->38821K(169472K)] 243939K->176368K(693760K), 0.0108292 secs] [Times: user=0.15 sys=0.00, real=0.00 secs] 
2016-09-13T17:53:10.606-0400: 45.640: [GC (GCLocker Initiated GC) [PSYoungGen: 132005K->46500K(172544K)] 269602K->199581K(696832K), 0.0083504 secs] [Times: user=0.10 sys=0.00, real=0.01 secs] 
2016-09-13T17:53:10.767-0400: 45.801: [GC (Allocation Failure) [PSYoungGen: 139684K->28221K(179712K)] 292810K->187672K(704000K), 0.0100586 secs] [Times: user=0.13 sys=0.01, real=0.02 secs] 
2016-09-13T17:53:10.931-0400: 45.966: [GC (GCLocker Initiated GC) [PSYoungGen: 133693K->37234K(181760K)] 293147K->215218K(706048K), 0.0101963 secs] [Times: user=0.13 sys=0.00, real=0.01 secs] 
2016-09-13T17:53:11.074-0400: 46.108: [GC (GCLocker Initiated GC) [PSYoungGen: 142706K->46527K(183296K)] 320781K->224738K(707584K), 0.0100193 secs] [Times: user=0.13 sys=0.01, real=0.01 secs] 
2016-09-13T17:53:11.245-0400: 46.279: [GC (GCLocker Initiated GC) [PSYoungGen: 158655K->27972K(184320K)] 336932K->206565K(708608K), 0.0062917 secs] [Times: user=0.08 sys=0.00, real=0.01 secs] 
2016-09-13T17:53:11.437-0400: 46.471: [GC (Allocation Failure) [PSYoungGen: 140100K->32676K(186368K)] 318961K->211692K(710656K), 0.0115223 secs] [Times: user=0.14 sys=0.00, real=0.01 secs] 
2016-09-13T17:53:11.619-0400: 46.653: [GC (GCLocker Initiated GC) [PSYoungGen: 150661K->46319K(188416K)] 331196K->231757K(712704K), 0.0178233 secs] [Times: user=0.21 sys=0.01, real=0.02 secs] 
2016-09-13T17:53:11.844-0400: 46.879: [GC (Allocation Failure) [PSYoungGen: 164591K->23564K(191488K)] 356190K->215389K(715776K), 0.0079830 secs] [Times: user=0.10 sys=0.00, real=0.01 secs] 
2016-09-13T17:53:12.042-0400: 47.076: [GC (GCLocker Initiated GC) [PSYoungGen: 145932K->29571K(152064K)] 337758K->221606K(676352K), 0.0171874 secs] [Times: user=0.20 sys=0.00, real=0.02 secs] 
2016-09-13T17:53:12.227-0400: 47.261: [GC (GCLocker Initiated GC) [PSYoungGen: 151939K->32580K(193536K)] 344072K->224918K(717824K), 0.0273536 secs] [Times: user=0.24 sys=0.00, real=0.03 secs] 
2016-09-13T17:53:12.423-0400: 47.458: [GC (GCLocker Initiated GC) [PSYoungGen: 158020K->29549K(191488K)] 350380K->229867K(715776K), 0.0135804 secs] [Times: user=0.15 sys=0.00, real=0.02 secs] 
2016-09-13T17:53:12.621-0400: 47.655: [GC (GCLocker Initiated GC) [PSYoungGen: 154989K->26601K(193536K)] 355357K->237762K(717824K), 0.0105441 secs] [Times: user=0.09 sys=0.00, real=0.01 secs] 
2016-09-13T17:53:12.840-0400: 47.874: [GC (GCLocker Initiated GC) [PSYoungGen: 155625K->29512K(192512K)] 366808K->254728K(716800K), 0.0210285 secs] [Times: user=0.23 sys=0.00, real=0.02 secs] 
2016-09-13T17:53:13.040-0400: 48.074: [GC (GCLocker Initiated GC) [PSYoungGen: 158536K->31099K(197120K)] 383955K->265844K(721408K), 0.0131685 secs] [Times: user=0.13 sys=0.00, real=0.01 secs] 
2016-09-13T17:53:13.247-0400: 48.281: [GC (GCLocker Initiated GC) [PSYoungGen: 166779K->43173K(195584K)] 401536K->278068K(719872K), 0.0299897 secs] [Times: user=0.28 sys=0.01, real=0.04 secs] 
2016-09-13T17:53:13.478-0400: 48.512: [GC (GCLocker Initiated GC) [PSYoungGen: 178853K->49192K(196608K)] 413891K->284478K(720896K), 0.0153279 secs] [Times: user=0.13 sys=0.00, real=0.01 secs] 
2016-09-13T17:53:13.692-0400: 48.726: [GC (GCLocker Initiated GC) [PSYoungGen: 185384K->28030K(199168K)] 420672K->269540K(723456K), 0.0129174 secs] [Times: user=0.16 sys=0.00, real=0.01 secs] 
2016-09-13T17:53:13.897-0400: 48.931: [GC (GCLocker Initiated GC) [PSYoungGen: 164222K->56823K(189952K)] 406076K->304986K(714240K), 0.0183907 secs] [Times: user=0.21 sys=0.01, real=0.02 secs] 
2016-09-13T17:53:14.098-0400: 49.132: [GC (GCLocker Initiated GC) [PSYoungGen: 184823K->59978K(188416K)] 434601K->309820K(712704K), 0.0084615 secs] [Times: user=0.06 sys=0.01, real=0.00 secs] 
2016-09-13T17:53:14.309-0400: 49.343: [GC (Allocation Failure) [PSYoungGen: 187978K->46287K(190976K)] 437879K->297928K(715264K), 0.0097924 secs] [Times: user=0.08 sys=0.00, real=0.01 secs] 
2016-09-13T17:53:14.499-0400: 49.533: [GC (GCLocker Initiated GC) [PSYoungGen: 160580K->44826K(163840K)] 418296K->313425K(688128K), 0.0105546 secs] [Times: user=0.08 sys=0.01, real=0.01 secs] 
2016-09-13T17:53:14.720-0400: 49.754: [GC (GCLocker Initiated GC) [PSYoungGen: 163610K->24705K(188416K)] 432212K->293564K(712704K), 0.0133199 secs] [Times: user=0.12 sys=0.00, real=0.01 secs] 
2016-09-13T17:53:14.898-0400: 49.932: [GC (GCLocker Initiated GC) [PSYoungGen: 143489K->47831K(188416K)] 414034K->318499K(712704K), 0.0136987 secs] [Times: user=0.14 sys=0.00, real=0.01 secs] 
2016-09-13T17:53:15.098-0400: 50.132: [GC (GCLocker Initiated GC) [PSYoungGen: 166615K->47836K(192512K)] 443469K->324990K(716800K), 0.0065722 secs] [Times: user=0.06 sys=0.00, real=0.00 secs] 
2016-09-13T17:53:15.302-0400: 50.336: [GC (GCLocker Initiated GC) [PSYoungGen: 170716K->23341K(192512K)] 457290K->310042K(716800K), 0.0089333 secs] [Times: user=0.08 sys=0.00, real=0.01 secs] 
2016-09-13T17:53:15.499-0400: 50.534: [GC (GCLocker Initiated GC) [PSYoungGen: 146221K->41569K(188416K)] 439024K->334554K(712704K), 0.0148514 secs] [Times: user=0.14 sys=0.00, real=0.01 secs] 
2016-09-13T17:53:15.725-0400: 50.759: [GC (GCLocker Initiated GC) [PSYoungGen: 164449K->43207K(190464K)] 457728K->336687K(714752K), 0.0232605 secs] [Times: user=0.25 sys=0.00, real=0.03 secs] 
2016-09-13T17:53:15.914-0400: 50.948: [GC (GCLocker Initiated GC) [PSYoungGen: 166087K->52361K(192000K)] 459584K->346054K(716288K), 0.0133431 secs] [Times: user=0.12 sys=0.00, real=0.02 secs] 
2016-09-13T17:53:16.120-0400: 51.154: [GC (GCLocker Initiated GC) [PSYoungGen: 178313K->26415K(194048K)] 472224K->329743K(718336K), 0.0105511 secs] [Times: user=0.10 sys=0.00, real=0.01 secs] 
2016-09-13T17:53:16.352-0400: 51.387: [GC (GCLocker Initiated GC) [PSYoungGen: 152367K->43053K(190976K)] 455790K->346607K(715264K), 0.0399478 secs] [Times: user=0.42 sys=0.01, real=0.04 secs] 
2016-09-13T17:53:16.554-0400: 51.588: [GC (GCLocker Initiated GC) [PSYoungGen: 169005K->24955K(192512K)] 474091K->330163K(716800K), 0.0068166 secs] [Times: user=0.05 sys=0.00, real=0.01 secs] 
2016-09-13T17:53:16.771-0400: 51.805: [GC (Allocation Failure) [PSYoungGen: 150907K->5344K(190464K)] 463772K->323059K(714752K), 0.0150421 secs] [Times: user=0.16 sys=0.00, real=0.01 secs] 
2016-09-13T17:53:16.940-0400: 51.974: [GC (GCLocker Initiated GC) [PSYoungGen: 128064K->44790K(168960K)] 447297K->364206K(693248K), 0.0127533 secs] [Times: user=0.13 sys=0.00, real=0.01 secs] 
2016-09-13T17:53:17.125-0400: 52.159: [GC (Allocation Failure) [PSYoungGen: 168694K->23436K(194048K)] 488180K->343127K(718336K), 0.0102463 secs] [Times: user=0.11 sys=0.00, real=0.01 secs] 
2016-09-13T17:53:17.327-0400: 52.362: [GC (Allocation Failure) [PSYoungGen: 143417K->23341K(147968K)] 463108K->343217K(672256K), 0.0133547 secs] [Times: user=0.12 sys=0.00, real=0.02 secs] 
2016-09-13T17:53:17.526-0400: 52.560: [GC (GCLocker Initiated GC) [PSYoungGen: 147757K->28213K(194048K)] 467634K->348229K(718336K), 0.0133240 secs] [Times: user=0.13 sys=0.00, real=0.02 secs] 
2016-09-13T17:53:17.748-0400: 52.782: [GC (Allocation Failure) [PSYoungGen: 155189K->23345K(191488K)] 476900K->345281K(715776K), 0.0141240 secs] [Times: user=0.14 sys=0.00, real=0.02 secs] 
2016-09-13T17:53:17.946-0400: 52.980: [GC (GCLocker Initiated GC) [PSYoungGen: 144273K->21860K(194560K)] 472284K->350048K(718848K), 0.0059310 secs] [Times: user=0.05 sys=0.00, real=0.01 secs] 
2016-09-13T17:53:18.140-0400: 53.174: [GC (GCLocker Initiated GC) [PSYoungGen: 153444K->39982K(193536K)] 481779K->368358K(717824K), 0.0095130 secs] [Times: user=0.05 sys=0.00, real=0.01 secs] 
2016-09-13T17:53:18.400-0400: 53.434: [GC (GCLocker Initiated GC) [PSYoungGen: 171566K->5311K(197120K)] 507538K->341519K(721408K), 0.0253367 secs] [Times: user=0.23 sys=0.01, real=0.02 secs] 
2016-09-13T17:53:18.628-0400: 53.662: [GC (GCLocker Initiated GC) [PSYoungGen: 140479K->58278K(193536K)] 476715K->400731K(717824K), 0.0261648 secs] [Times: user=0.30 sys=0.00, real=0.02 secs] 
2016-09-13T17:53:18.847-0400: 53.881: [GC (GCLocker Initiated GC) [PSYoungGen: 193446K->10144K(189440K)] 543499K->392286K(713728K), 0.0362750 secs] [Times: user=0.39 sys=0.01, real=0.04 secs] 
2016-09-13T17:53:19.053-0400: 54.087: [GC (GCLocker Initiated GC) [PSYoungGen: 130976K->31127K(152064K)] 514682K->415074K(676352K), 0.0161164 secs] [Times: user=0.16 sys=0.00, real=0.02 secs] 
2016-09-13T17:53:19.268-0400: 54.302: [GC (GCLocker Initiated GC) [PSYoungGen: 151959K->17505K(191488K)] 548078K->415215K(715776K), 0.0127218 secs] [Times: user=0.16 sys=0.01, real=0.01 secs] 
2016-09-13T17:53:19.450-0400: 54.484: [GC (GCLocker Initiated GC) [PSYoungGen: 141921K->40270K(189952K)] 541300K->444482K(714240K), 0.0260653 secs] [Times: user=0.34 sys=0.00, real=0.03 secs] 
2016-09-13T17:53:19.653-0400: 54.687: [GC (GCLocker Initiated GC) [PSYoungGen: 164686K->32453K(192512K)] 575015K->443057K(716800K), 0.0066205 secs] [Times: user=0.06 sys=0.01, real=0.01 secs] 
2016-09-13T17:53:19.863-0400: 54.897: [GC (GCLocker Initiated GC) [PSYoungGen: 163013K->38847K(194048K)] 573715K->460434K(718336K), 0.0339387 secs] [Times: user=0.36 sys=0.01, real=0.04 secs] 
2016-09-13T17:53:20.078-0400: 55.112: [GC (GCLocker Initiated GC) [PSYoungGen: 169407K->50875K(190464K)] 591169K->472870K(714752K), 0.0245846 secs] [Times: user=0.33 sys=0.00, real=0.02 secs] 
2016-09-13T17:53:20.274-0400: 55.308: [GC (GCLocker Initiated GC) [PSYoungGen: 177851K->43244K(170496K)] 600053K->465568K(694784K), 0.0132690 secs] [Times: user=0.15 sys=0.00, real=0.02 secs] 
2016-09-13T17:53:20.497-0400: 55.531: [GC (GCLocker Initiated GC) [PSYoungGen: 170220K->29516K(197120K)] 606441K->465896K(721408K), 0.0057769 secs] [Times: user=0.06 sys=0.00, real=0.00 secs] 
2016-09-13T17:53:20.699-0400: 55.733: [GC (Allocation Failure) [PSYoungGen: 158540K->38719K(167936K)] 596585K->476911K(692224K), 0.0088575 secs] [Times: user=0.10 sys=0.00, real=0.01 secs] 
2016-09-13T17:53:20.918-0400: 55.952: [GC (Allocation Failure) [PSYoungGen: 163437K->23346K(194048K)] 601628K->461830K(718336K), 0.0102603 secs] [Times: user=0.11 sys=0.00, real=0.01 secs] 
2016-09-13T17:53:21.127-0400: 56.161: [GC (GCLocker Initiated GC) [PSYoungGen: 153394K->40015K(193024K)] 591881K->478558K(717312K), 0.0218724 secs] [Times: user=0.22 sys=0.00, real=0.03 secs] 
2016-09-13T17:53:21.325-0400: 56.359: [GC (GCLocker Initiated GC) [PSYoungGen: 170063K->41569K(197632K)] 608721K->480384K(721920K), 0.0177243 secs] [Times: user=0.21 sys=0.00, real=0.02 secs] 
2016-09-13T17:53:21.553-0400: 56.587: [GC (GCLocker Initiated GC) [PSYoungGen: 176737K->37170K(197632K)] 615577K->476322K(721920K), 0.0058347 secs] [Times: user=0.06 sys=0.00, real=0.01 secs] 
2016-09-13T17:53:21.790-0400: 56.824: [GC (GCLocker Initiated GC) [PSYoungGen: 172338K->51146K(195072K)] 613147K->501204K(719360K), 0.0192836 secs] [Times: user=0.23 sys=0.00, real=0.02 secs] 
2016-09-13T17:53:22.006-0400: 57.041: [GC (GCLocker Initiated GC) [PSYoungGen: 185290K->15843K(150016K)] 641737K->472680K(674304K), 0.0321519 secs] [Times: user=0.34 sys=0.00, real=0.04 secs] 
2016-09-13T17:53:22.259-0400: 57.293: [GC (Allocation Failure) [PSYoungGen: 149987K->9901K(195072K)] 620581K->485280K(719360K), 0.0114582 secs] [Times: user=0.11 sys=0.00, real=0.01 secs] 
2016-09-13T17:53:22.456-0400: 57.490: [GC (GCLocker Initiated GC) [PSYoungGen: 139949K->43298K(173568K)] 615330K->526432K(697856K), 0.0284117 secs] [Times: user=0.34 sys=0.00, real=0.02 secs] 
2016-09-13T17:53:22.696-0400: 57.730: [GC (GCLocker Initiated GC) [PSYoungGen: 173346K->29484K(198144K)] 662667K->519069K(722432K), 0.0101878 secs] [Times: user=0.08 sys=0.00, real=0.00 secs] 
2016-09-13T17:53:22.897-0400: 57.931: [GC (GCLocker Initiated GC) [PSYoungGen: 160556K->34354K(165888K)] 662475K->539478K(690176K), 0.0078592 secs] [Times: user=0.07 sys=0.00, real=0.00 secs] 
2016-09-13T17:53:23.119-0400: 58.153: [GC (Allocation Failure) [PSYoungGen: 165426K->27939K(194560K)] 670737K->533552K(718848K), 0.0126937 secs] [Times: user=0.12 sys=0.00, real=0.01 secs] 
2016-09-13T17:53:23.316-0400: 58.350: [GC (GCLocker Initiated GC) [PSYoungGen: 161059K->46341K(192512K)] 666678K->552201K(716800K), 0.0105353 secs] [Times: user=0.12 sys=0.00, real=0.01 secs] 
2016-09-13T17:53:23.538-0400: 58.572: [GC (GCLocker Initiated GC) [PSYoungGen: 179461K->28120K(201216K)] 691572K->540461K(725504K), 0.0222580 secs] [Times: user=0.29 sys=0.00, real=0.02 secs] 
2016-09-13T17:53:23.782-0400: 58.816: [GC (GCLocker Initiated GC) [PSYoungGen: 167896K->35464K(175616K)] 680360K->548204K(699904K), 0.0102694 secs] [Times: user=0.10 sys=0.00, real=0.01 secs] 
2016-09-13T17:53:24.007-0400: 59.041: [GC (GCLocker Initiated GC) [PSYoungGen: 175240K->28086K(200192K)] 688005K->547131K(724480K), 0.0299902 secs] [Times: user=0.28 sys=0.00, real=0.04 secs] 
2016-09-13T17:53:24.037-0400: 59.071: [Full GC (Ergonomics) [PSYoungGen: 28086K->0K(200192K)] [ParOldGen: 519044K->33135K(524288K)] 547131K->33135K(724480K), [Metaspace: 44366K->44366K(1087488K)], 0.0765332 secs] [Times: user=0.30 sys=0.03, real=0.07 secs] 
2016-09-13T17:53:24.314-0400: 59.348: [GC (Allocation Failure) [PSYoungGen: 141824K->51278K(198656K)] 176721K->110476K(722944K), 0.0226687 secs] [Times: user=0.26 sys=0.00, real=0.03 secs] 
2016-09-13T17:53:24.488-0400: 59.522: [GC (GCLocker Initiated GC) [PSYoungGen: 188395K->46437K(197632K)] 253668K->121351K(721920K), 0.0239232 secs] [Times: user=0.29 sys=0.01, real=0.02 secs] 
2016-09-13T17:53:24.700-0400: 59.734: [GC (GCLocker Initiated GC) [PSYoungGen: 182629K->41944K(199168K)] 260694K->120171K(723456K), 0.0097911 secs] [Times: user=0.11 sys=0.00, real=0.01 secs] 
2016-09-13T17:53:24.916-0400: 59.950: [GC (GCLocker Initiated GC) [PSYoungGen: 178136K->37074K(193536K)] 256390K->115503K(717824K), 0.0106162 secs] [Times: user=0.09 sys=0.00, real=0.00 secs] 
2016-09-13T17:53:25.142-0400: 60.176: [GC (GCLocker Initiated GC) [PSYoungGen: 173778K->38587K(196608K)] 253960K->123449K(720896K), 0.0097426 secs] [Times: user=0.08 sys=0.00, real=0.01 secs] 
2016-09-13T17:53:25.348-0400: 60.382: [GC (Allocation Failure) [PSYoungGen: 175291K->40212K(199680K)] 260415K->125583K(723968K), 0.0080252 secs] [Times: user=0.08 sys=0.00, real=0.01 secs] 
2016-09-13T17:53:25.590-0400: 60.624: [GC (GCLocker Initiated GC) [PSYoungGen: 183216K->14287K(201728K)] 270106K->101379K(726016K), 0.0231480 secs] [Times: user=0.24 sys=0.00, real=0.02 secs] 
2016-09-13T17:53:25.863-0400: 60.897: [GC (GCLocker Initiated GC) [PSYoungGen: 158159K->8184K(198656K)] 257489K->107661K(722944K), 0.0163689 secs] [Times: user=0.16 sys=0.00, real=0.02 secs] 
2016-09-13T17:53:26.077-0400: 61.111: [GC (GCLocker Initiated GC) [PSYoungGen: 147448K->38564K(200704K)] 248544K->139880K(724992K), 0.0326708 secs] [Times: user=0.33 sys=0.00, real=0.03 secs] 
2016-09-13T17:53:26.297-0400: 61.332: [GC (GCLocker Initiated GC) [PSYoungGen: 177828K->50843K(193024K)] 286972K->160154K(717312K), 0.0107878 secs] [Times: user=0.13 sys=0.01, real=0.01 secs] 
2016-09-13T17:53:26.523-0400: 61.557: [GC (GCLocker Initiated GC) [PSYoungGen: 182939K->59919K(192512K)] 292429K->175588K(716800K), 0.0078599 secs] [Times: user=0.07 sys=0.00, real=0.01 secs] 
2016-09-13T17:53:26.714-0400: 61.748: [GC (GCLocker Initiated GC) [PSYoungGen: 192015K->47741K(188416K)] 307709K->163566K(712704K), 0.0072845 secs] [Times: user=0.05 sys=0.00, real=0.01 secs] 
2016-09-13T17:53:26.900-0400: 61.935: [GC (GCLocker Initiated GC) [PSYoungGen: 166525K->46286K(190464K)] 282568K->168671K(714752K), 0.0135946 secs] [Times: user=0.15 sys=0.00, real=0.01 secs] 
2016-09-13T17:53:27.102-0400: 62.136: [GC (Allocation Failure) [PSYoungGen: 165070K->41920K(185344K)] 290714K->167782K(709632K), 0.0115559 secs] [Times: user=0.12 sys=0.00, real=0.01 secs] 
2016-09-13T17:53:27.114-0400: 62.148: [GC (GCLocker Initiated GC) [PSYoungGen: 41938K->96K(187904K)] 167800K->164310K(712192K), 0.0121074 secs] [Times: user=0.12 sys=0.00, real=0.01 secs] 
2016-09-13T17:53:27.310-0400: 62.344: [GC (GCLocker Initiated GC) [PSYoungGen: 118880K->72446K(169472K)] 283098K->236664K(693760K), 0.0233653 secs] [Times: user=0.26 sys=0.00, real=0.02 secs] 
2016-09-13T17:53:27.472-0400: 62.506: [GC (GCLocker Initiated GC) [PSYoungGen: 168702K->41852K(179200K)] 334618K->215914K(703488K), 0.0099584 secs] [Times: user=0.09 sys=0.01, real=0.01 secs] 
2016-09-13T17:53:27.646-0400: 62.680: [GC (GCLocker Initiated GC) [PSYoungGen: 138108K->9980K(178176K)] 324512K->196668K(702464K), 0.0100451 secs] [Times: user=0.12 sys=0.00, real=0.02 secs] 
2016-09-13T17:53:27.813-0400: 62.847: [GC (GCLocker Initiated GC) [PSYoungGen: 109308K->46190K(180224K)] 296170K->233170K(704512K), 0.0070400 secs] [Times: user=0.04 sys=0.00, real=0.01 secs] 
2016-09-13T17:53:28.010-0400: 63.044: [GC (GCLocker Initiated GC) [PSYoungGen: 145518K->5119K(180224K)] 346298K->206136K(704512K), 0.0202058 secs] [Times: user=0.17 sys=0.00, real=0.02 secs] 
2016-09-13T17:53:28.192-0400: 63.226: [GC (Allocation Failure) [PSYoungGen: 105471K->9794K(181248K)] 312814K->217405K(705536K), 0.0218941 secs] [Times: user=0.22 sys=0.00, real=0.02 secs] 
2016-09-13T17:53:28.332-0400: 63.366: [GC (GCLocker Initiated GC) [PSYoungGen: 109806K->65844K(168448K)] 318936K->275241K(692736K), 0.0098554 secs] [Times: user=0.09 sys=0.00, real=0.01 secs] 
2016-09-13T17:53:28.501-0400: 63.535: [GC (GCLocker Initiated GC) [PSYoungGen: 153908K->38751K(175104K)] 366489K->251499K(699392K), 0.0058728 secs] [Times: user=0.05 sys=0.00, real=0.00 secs] 
2016-09-13T17:53:28.645-0400: 63.679: [GC (Allocation Failure) [PSYoungGen: 126815K->41603K(167424K)] 341409K->256473K(691712K), 0.0074616 secs] [Times: user=0.08 sys=0.01, real=0.01 secs] 
2016-09-13T17:53:28.828-0400: 63.862: [GC (GCLocker Initiated GC) [PSYoungGen: 131456K->46345K(172544K)] 347844K->262978K(696832K), 0.0076207 secs] [Times: user=0.09 sys=0.00, real=0.00 secs] 
2016-09-13T17:53:28.938-0400: 63.972: [GC (GCLocker Initiated GC) [PSYoungGen: 136969K->52611K(178176K)] 355258K->271083K(702464K), 0.0092652 secs] [Times: user=0.12 sys=0.00, real=0.00 secs] 
2016-09-13T17:53:29.086-0400: 64.120: [GC (GCLocker Initiated GC) [PSYoungGen: 149891K->24924K(122368K)] 374631K->275692K(646656K), 0.0178621 secs] [Times: user=0.18 sys=0.01, real=0.02 secs] 
2016-09-13T17:53:29.269-0400: 64.303: [GC (GCLocker Initiated GC) [PSYoungGen: 122204K->9931K(178688K)] 385297K->274788K(702976K), 0.0102483 secs] [Times: user=0.12 sys=0.00, real=0.01 secs] 
2016-09-13T17:53:29.445-0400: 64.479: [GC (GCLocker Initiated GC) [PSYoungGen: 108235K->5147K(179200K)] 388455K->285502K(703488K), 0.0082810 secs] [Times: user=0.09 sys=0.00, real=0.01 secs] 
2016-09-13T17:53:29.636-0400: 64.670: [GC (GCLocker Initiated GC) [PSYoungGen: 103451K->41785K(178688K)] 384038K->322534K(702976K), 0.0305525 secs] [Times: user=0.33 sys=0.00, real=0.02 secs] 
2016-09-13T17:53:29.825-0400: 64.859: [GC (GCLocker Initiated GC) [PSYoungGen: 141625K->24991K(179712K)] 425484K->309048K(704000K), 0.0203543 secs] [Times: user=0.18 sys=0.00, real=0.02 secs] 
2016-09-13T17:53:29.970-0400: 65.004: [GC (GCLocker Initiated GC) [PSYoungGen: 124831K->25019K(177152K)] 409013K->309603K(701440K), 0.0097266 secs] [Times: user=0.09 sys=0.00, real=0.01 secs] 
2016-09-13T17:53:30.109-0400: 65.143: [GC (GCLocker Initiated GC) [PSYoungGen: 130491K->63148K(178688K)] 415212K->349645K(702976K), 0.0337305 secs] [Times: user=0.46 sys=0.00, real=0.03 secs] 
2016-09-13T17:53:30.290-0400: 65.324: [GC (GCLocker Initiated GC) [PSYoungGen: 168620K->38821K(184320K)] 467309K->337743K(708608K), 0.0062147 secs] [Times: user=0.06 sys=0.00, real=0.01 secs] 
2016-09-13T17:53:30.447-0400: 65.481: [GC (Allocation Failure) [PSYoungGen: 142245K->41820K(145408K)] 442904K->348677K(669696K), 0.0082863 secs] [Times: user=0.06 sys=0.00, real=0.01 secs] 
2016-09-13T17:53:30.632-0400: 65.666: [GC (GCLocker Initiated GC) [PSYoungGen: 145244K->30971K(182784K)] 452104K->338048K(707072K), 0.0478175 secs] [Times: user=0.53 sys=0.00, real=0.05 secs] 
2016-09-13T17:53:30.834-0400: 65.868: [GC (GCLocker Initiated GC) [PSYoungGen: 137467K->50993K(179712K)] 446276K->359898K(704000K), 0.0100389 secs] [Times: user=0.12 sys=0.00, real=0.01 secs] 
2016-09-13T17:53:30.994-0400: 66.028: [GC (GCLocker Initiated GC) [PSYoungGen: 157489K->28056K(185856K)] 468078K->346377K(710144K), 0.0336437 secs] [Times: user=0.38 sys=0.00, real=0.04 secs] 
2016-09-13T17:53:31.168-0400: 66.202: [GC (GCLocker Initiated GC) [PSYoungGen: 141720K->43152K(186368K)] 460278K->361970K(710656K), 0.0064930 secs] [Times: user=0.05 sys=0.00, real=0.00 secs] 
2016-09-13T17:53:31.324-0400: 66.358: [GC (Allocation Failure) [PSYoungGen: 156816K->32617K(184832K)] 475858K->351786K(709120K), 0.0245685 secs] [Times: user=0.27 sys=0.00, real=0.03 secs] 
2016-09-13T17:53:31.526-0400: 66.560: [GC (GCLocker Initiated GC) [PSYoungGen: 144860K->27960K(186880K)] 470104K->356388K(711168K), 0.0347898 secs] [Times: user=0.33 sys=0.01, real=0.04 secs] 
2016-09-13T17:53:31.712-0400: 66.746: [GC (GCLocker Initiated GC) [PSYoungGen: 145720K->46159K(192000K)] 474385K->375150K(716288K), 0.0305417 secs] [Times: user=0.32 sys=0.01, real=0.03 secs] 
2016-09-13T17:53:31.941-0400: 66.975: [GC (GCLocker Initiated GC) [PSYoungGen: 171087K->27902K(193024K)] 501626K->358599K(717312K), 0.0318967 secs] [Times: user=0.32 sys=0.00, real=0.03 secs] 
2016-09-13T17:53:32.125-0400: 67.159: [GC (GCLocker Initiated GC) [PSYoungGen: 152830K->46277K(192000K)] 483759K->378884K(716288K), 0.0219838 secs] [Times: user=0.24 sys=0.01, real=0.02 secs] 
2016-09-13T17:53:32.339-0400: 67.373: [GC (Allocation Failure) [PSYoungGen: 172229K->5247K(131584K)] 517072K->356371K(655872K), 0.0042019 secs] [Times: user=0.03 sys=0.00, real=0.00 secs] 
2016-09-13T17:53:32.537-0400: 67.571: [GC (GCLocker Initiated GC) [PSYoungGen: 127979K->32485K(196096K)] 485178K->389865K(720384K), 0.0122881 secs] [Times: user=0.10 sys=0.00, real=0.01 secs] 
2016-09-13T17:53:32.765-0400: 67.799: [GC (GCLocker Initiated GC) [PSYoungGen: 158949K->23473K(150016K)] 517858K->382620K(674304K), 0.0171358 secs] [Times: user=0.18 sys=0.00, real=0.02 secs] 
2016-09-13T17:53:32.970-0400: 68.004: [GC (GCLocker Initiated GC) [PSYoungGen: 149937K->46372K(188928K)] 509344K->406036K(713216K), 0.0223549 secs] [Times: user=0.26 sys=0.01, real=0.02 secs] 
2016-09-13T17:53:33.202-0400: 68.236: [GC (GCLocker Initiated GC) [PSYoungGen: 170788K->23474K(190976K)] 542624K->395485K(715264K), 0.0042238 secs] [Times: user=0.03 sys=0.00, real=0.00 secs] 
2016-09-13T17:53:33.402-0400: 68.437: [GC (GCLocker Initiated GC) [PSYoungGen: 147890K->25051K(190976K)] 522995K->414069K(715264K), 0.0153505 secs] [Times: user=0.17 sys=0.00, real=0.02 secs] 
2016-09-13T17:53:33.605-0400: 68.640: [GC (GCLocker Initiated GC) [PSYoungGen: 155611K->59855K(190464K)] 544632K->462763K(714752K), 0.0157528 secs] [Times: user=0.16 sys=0.00, real=0.02 secs] 
2016-09-13T17:53:33.824-0400: 68.859: [GC (GCLocker Initiated GC) [PSYoungGen: 190415K->8211K(189952K)] 596536K->457003K(714240K), 0.0214395 secs] [Times: user=0.25 sys=0.00, real=0.02 secs] 
2016-09-13T17:53:34.028-0400: 69.062: [GC (GCLocker Initiated GC) [PSYoungGen: 128019K->21762K(141824K)] 576814K->470802K(666112K), 0.0067041 secs] [Times: user=0.04 sys=0.00, real=0.00 secs] 
2016-09-13T17:53:34.206-0400: 69.241: [GC (GCLocker Initiated GC) [PSYoungGen: 141570K->17706K(191488K)] 596855K->473224K(715776K), 0.0041069 secs] [Times: user=0.03 sys=0.00, real=0.01 secs] 
2016-09-13T17:53:34.432-0400: 69.466: [GC (Allocation Failure) [PSYoungGen: 140074K->30998K(189952K)] 595689K->492936K(714240K), 0.0070170 secs] [Times: user=0.03 sys=0.00, real=0.01 secs] 
2016-09-13T17:53:34.605-0400: 69.639: [GC (GCLocker Initiated GC) [PSYoungGen: 151871K->24896K(192000K)] 615328K->488555K(716288K), 0.0162093 secs] [Times: user=0.13 sys=0.00, real=0.02 secs] 
2016-09-13T17:53:34.829-0400: 69.863: [GC (GCLocker Initiated GC) [PSYoungGen: 152896K->37233K(189952K)] 616659K->501174K(714240K), 0.0162754 secs] [Times: user=0.19 sys=0.00, real=0.01 secs] 
2016-09-13T17:53:35.018-0400: 70.052: [GC (GCLocker Initiated GC) [PSYoungGen: 165233K->34322K(198656K)] 629352K->506273K(722944K), 0.0129052 secs] [Times: user=0.15 sys=0.00, real=0.01 secs] 
2016-09-13T17:53:35.250-0400: 70.284: [GC (GCLocker Initiated GC) [PSYoungGen: 172050K->34041K(197632K)] 650185K->512385K(721920K), 0.0185213 secs] [Times: user=0.19 sys=0.00, real=0.02 secs] 
2016-09-13T17:53:35.475-0400: 70.509: [GC (GCLocker Initiated GC) [PSYoungGen: 171769K->44954K(197120K)] 650294K->534344K(721408K), 0.0120118 secs] [Times: user=0.15 sys=0.00, real=0.01 secs] 
2016-09-13T17:53:35.709-0400: 70.743: [GC (GCLocker Initiated GC) [PSYoungGen: 183706K->58565K(197632K)] 673389K->554616K(721920K), 0.0084561 secs] [Times: user=0.11 sys=0.00, real=0.01 secs] 
2016-09-13T17:53:35.924-0400: 70.958: [GC (GCLocker Initiated GC) [PSYoungGen: 197317K->25044K(194560K)] 699619K->527539K(718848K), 0.0227894 secs] [Times: user=0.20 sys=0.00, real=0.02 secs] 
2016-09-13T17:53:36.145-0400: 71.179: [GC (GCLocker Initiated GC) [PSYoungGen: 155092K->24737K(196096K)] 657833K->527647K(720384K), 0.0166589 secs] [Times: user=0.17 sys=0.00, real=0.02 secs] 
2016-09-13T17:53:36.360-0400: 71.394: [GC (Allocation Failure) [PSYoungGen: 154785K->20399K(194048K)] 657717K->523387K(718336K), 0.0108542 secs] [Times: user=0.11 sys=0.00, real=0.01 secs] 
2016-09-13T17:53:36.551-0400: 71.585: [GC (GCLocker Initiated GC) [PSYoungGen: 151983K->29479K(195072K)] 654974K->537091K(719360K), 0.0125308 secs] [Times: user=0.12 sys=0.00, real=0.01 secs] 
2016-09-13T17:53:36.563-0400: 71.597: [Full GC (Ergonomics) [PSYoungGen: 29479K->0K(195072K)] [ParOldGen: 507611K->33567K(524288K)] 537091K->33567K(719360K), [Metaspace: 44460K->44460K(1087488K)], 0.0607712 secs] [Times: user=0.34 sys=0.01, real=0.06 secs] 
2016-09-13T17:53:36.834-0400: 71.868: [GC (GCLocker Initiated GC) [PSYoungGen: 131584K->37451K(197632K)] 166692K->72560K(721920K), 0.0100052 secs] [Times: user=0.10 sys=0.00, real=0.01 secs] 
2016-09-13T17:53:37.035-0400: 72.069: [GC (GCLocker Initiated GC) [PSYoungGen: 174667K->24954K(197120K)] 211476K->69770K(721408K), 0.0135550 secs] [Times: user=0.12 sys=0.00, real=0.02 secs] 
2016-09-13T17:53:37.234-0400: 72.268: [GC (Allocation Failure) [PSYoungGen: 162170K->27960K(200192K)] 207070K->73112K(724480K), 0.0189259 secs] [Times: user=0.19 sys=0.01, real=0.02 secs] 
2016-09-13T17:53:37.467-0400: 72.501: [GC (GCLocker Initiated GC) [PSYoungGen: 171832K->41629K(200192K)] 216988K->91617K(724480K), 0.0293978 secs] [Times: user=0.31 sys=0.00, real=0.04 secs] 
2016-09-13T17:53:37.686-0400: 72.720: [GC (GCLocker Initiated GC) [PSYoungGen: 185501K->44832K(200192K)] 235633K->95126K(724480K), 0.0153436 secs] [Times: user=0.12 sys=0.00, real=0.02 secs] 
2016-09-13T17:53:37.917-0400: 72.951: [GC (GCLocker Initiated GC) [PSYoungGen: 187168K->52479K(195072K)] 237523K->102914K(719360K), 0.0231251 secs] [Times: user=0.29 sys=0.00, real=0.02 secs] 
2016-09-13T17:53:38.153-0400: 73.187: [GC (GCLocker Initiated GC) [PSYoungGen: 194815K->9900K(194560K)] 246811K->71316K(718848K), 0.0107762 secs] [Times: user=0.14 sys=0.00, real=0.01 secs] 
2016-09-13T17:53:38.348-0400: 73.382: [GC (GCLocker Initiated GC) [PSYoungGen: 139948K->44858K(175104K)] 201478K->106605K(699392K), 0.0105390 secs] [Times: user=0.10 sys=0.00, real=0.01 secs] 
2016-09-13T17:53:38.610-0400: 73.645: [GC (GCLocker Initiated GC) [PSYoungGen: 174906K->14425K(195072K)] 242844K->82573K(719360K), 0.0256317 secs] [Times: user=0.31 sys=0.01, real=0.03 secs] 
2016-09-13T17:53:38.815-0400: 73.849: [GC (GCLocker Initiated GC) [PSYoungGen: 142425K->29639K(157696K)] 218258K->111820K(681984K), 0.0274076 secs] [Times: user=0.32 sys=0.00, real=0.03 secs] 
2016-09-13T17:53:39.028-0400: 74.062: [GC (GCLocker Initiated GC) [PSYoungGen: 157639K->28119K(194560K)] 241361K->113542K(718848K), 0.0245614 secs] [Times: user=0.22 sys=0.01, real=0.02 secs] 
2016-09-13T17:53:39.239-0400: 74.273: [GC (GCLocker Initiated GC) [PSYoungGen: 158679K->44917K(192000K)] 245812K->138435K(716288K), 0.0059551 secs] [Times: user=0.05 sys=0.00, real=0.00 secs] 
2016-09-13T17:53:39.455-0400: 74.489: [GC (GCLocker Initiated GC) [PSYoungGen: 175477K->15848K(198656K)] 276723K->117291K(722944K), 0.0123893 secs] [Times: user=0.14 sys=0.00, real=0.01 secs] 
2016-09-13T17:53:39.668-0400: 74.702: [GC (GCLocker Initiated GC) [PSYoungGen: 151016K->47864K(183296K)] 252464K->152453K(707584K), 0.0270091 secs] [Times: user=0.30 sys=0.00, real=0.02 secs] 
2016-09-13T17:53:39.897-0400: 74.931: [GC (GCLocker Initiated GC) [PSYoungGen: 183032K->31158K(198656K)] 299888K->148242K(722944K), 0.0236464 secs] [Times: user=0.29 sys=0.00, real=0.02 secs] 
2016-09-13T17:53:40.109-0400: 75.143: [GC (GCLocker Initiated GC) [PSYoungGen: 163766K->26448K(159232K)] 282380K->146782K(683520K), 0.0082764 secs] [Times: user=0.06 sys=0.00, real=0.01 secs] 
2016-09-13T17:53:40.336-0400: 75.371: [GC (GCLocker Initiated GC) [PSYoungGen: 159056K->59887K(186368K)] 281224K->182174K(710656K), 0.0214136 secs] [Times: user=0.22 sys=0.00, real=0.02 secs] 
2016-09-13T17:53:40.535-0400: 75.569: [GC (Allocation Failure) [PSYoungGen: 184815K->10081K(135168K)] 319529K->144867K(659456K), 0.0226185 secs] [Times: user=0.21 sys=0.00, real=0.03 secs] 
2016-09-13T17:53:40.772-0400: 75.806: [GC (GCLocker Initiated GC) [PSYoungGen: 134720K->24891K(195072K)] 275581K->166039K(719360K), 0.0208960 secs] [Times: user=0.25 sys=0.00, real=0.02 secs] 
2016-09-13T17:53:40.969-0400: 76.003: [GC (GCLocker Initiated GC) [PSYoungGen: 150331K->29384K(155136K)] 291551K->170739K(679424K), 0.0190564 secs] [Times: user=0.20 sys=0.00, real=0.02 secs] 
2016-09-13T17:53:41.152-0400: 76.186: [GC (GCLocker Initiated GC) [PSYoungGen: 154824K->29611K(192512K)] 296394K->175958K(716800K), 0.0337955 secs] [Times: user=0.37 sys=0.00, real=0.03 secs] 
2016-09-13T17:53:41.364-0400: 76.399: [GC (GCLocker Initiated GC) [PSYoungGen: 158123K->41625K(189440K)] 304473K->188117K(713728K), 0.0094816 secs] [Times: user=0.09 sys=0.00, real=0.01 secs] 
2016-09-13T17:53:41.561-0400: 76.595: [GC (GCLocker Initiated GC) [PSYoungGen: 170137K->37227K(200192K)] 316757K->184044K(724480K), 0.0276771 secs] [Times: user=0.28 sys=0.00, real=0.03 secs] 
2016-09-13T17:53:41.798-0400: 76.833: [GC (GCLocker Initiated GC) [PSYoungGen: 175467K->14323K(199168K)] 323925K->167482K(723456K), 0.0126094 secs] [Times: user=0.13 sys=0.00, real=0.01 secs] 
2016-09-13T17:53:42.025-0400: 77.059: [GC (GCLocker Initiated GC) [PSYoungGen: 152563K->31061K(197120K)] 305775K->184548K(721408K), 0.0237872 secs] [Times: user=0.24 sys=0.01, real=0.03 secs] 
2016-09-13T17:53:42.248-0400: 77.282: [GC (GCLocker Initiated GC) [PSYoungGen: 171349K->49288K(198656K)] 324862K->204478K(722944K), 0.0237419 secs] [Times: user=0.23 sys=0.01, real=0.03 secs] 
2016-09-13T17:53:42.484-0400: 77.518: [GC (Allocation Failure) [PSYoungGen: 189576K->23346K(201216K)] 352634K->195672K(725504K), 0.0134189 secs] [Times: user=0.12 sys=0.00, real=0.02 secs] 
2016-09-13T17:53:42.697-0400: 77.731: [GC (Allocation Failure) [PSYoungGen: 161172K->50911K(189952K)] 333498K->223407K(714240K), 0.0237887 secs] [Times: user=0.26 sys=0.00, real=0.02 secs] 
2016-09-13T17:53:42.919-0400: 77.953: [GC (GCLocker Initiated GC) [PSYoungGen: 189663K->40298K(197632K)] 362159K->212937K(721920K), 0.0158314 secs] [Times: user=0.16 sys=0.00, real=0.01 secs] 
2016-09-13T17:53:43.143-0400: 78.178: [GC (Allocation Failure) [PSYoungGen: 172906K->4992K(137728K)] 347086K->179286K(662016K), 0.0218387 secs] [Times: user=0.18 sys=0.00, real=0.02 secs] 
2016-09-13T17:53:43.343-0400: 78.377: [GC (GCLocker Initiated GC) [PSYoungGen: 137600K->27902K(198656K)] 311900K->202395K(722944K), 0.0150941 secs] [Times: user=0.16 sys=0.00, real=0.02 secs] 
2016-09-13T17:53:43.602-0400: 78.636: [GC (GCLocker Initiated GC) [PSYoungGen: 159998K->46436K(195584K)] 334681K->221321K(719872K), 0.0217960 secs] [Times: user=0.21 sys=0.01, real=0.02 secs] 
2016-09-13T17:53:43.806-0400: 78.840: [GC (Allocation Failure) [PSYoungGen: 178532K->46213K(193024K)] 361035K->233525K(717312K), 0.0146123 secs] [Times: user=0.12 sys=0.01, real=0.02 secs] 
2016-09-13T17:53:44.021-0400: 79.055: [GC (GCLocker Initiated GC) [PSYoungGen: 173189K->41665K(194560K)] 360506K->283805K(718848K), 0.0107632 secs] [Times: user=0.08 sys=0.00, real=0.01 secs] 
2016-09-13T17:53:44.237-0400: 79.271: [GC (GCLocker Initiated GC) [PSYoungGen: 168641K->47677K(192000K)] 411012K->290151K(716288K), 0.0350823 secs] [Times: user=0.29 sys=0.00, real=0.03 secs] 
2016-09-13T17:53:44.454-0400: 79.488: [GC (GCLocker Initiated GC) [PSYoungGen: 172605K->12805K(138240K)] 428829K->269210K(662528K), 0.0066804 secs] [Times: user=0.05 sys=0.01, real=0.01 secs] 
2016-09-13T17:53:44.655-0400: 79.689: [GC (GCLocker Initiated GC) [PSYoungGen: 137733K->15906K(193024K)] 407829K->286228K(717312K), 0.0297932 secs] [Times: user=0.34 sys=0.00, real=0.03 secs] 
2016-09-13T17:53:44.892-0400: 79.927: [GC (GCLocker Initiated GC) [PSYoungGen: 139298K->44603K(168448K)] 411313K->321342K(692736K), 0.0123732 secs] [Times: user=0.10 sys=0.01, real=0.01 secs] 
2016-09-13T17:53:45.073-0400: 80.107: [GC (GCLocker Initiated GC) [PSYoungGen: 167995K->66057K(175616K)] 444778K->342971K(699904K), 0.0288466 secs] [Times: user=0.32 sys=0.00, real=0.03 secs] 
2016-09-13T17:53:45.253-0400: 80.287: [GC (GCLocker Initiated GC) [PSYoungGen: 171529K->14298K(183808K)] 454522K->323426K(708096K), 0.0168088 secs] [Times: user=0.20 sys=0.00, real=0.02 secs] 
2016-09-13T17:53:45.422-0400: 80.456: [GC (GCLocker Initiated GC) [PSYoungGen: 119770K->35491K(175616K)] 428923K->346310K(699904K), 0.0077784 secs] [Times: user=0.06 sys=0.00, real=0.01 secs] 
2016-09-13T17:53:45.609-0400: 80.643: [GC (Allocation Failure) [PSYoungGen: 140963K->24922K(179712K)] 458067K->348239K(704000K), 0.0218877 secs] [Times: user=0.21 sys=0.00, real=0.02 secs] 
2016-09-13T17:53:45.789-0400: 80.823: [GC (Allocation Failure) [PSYoungGen: 130394K->11100K(186368K)] 453711K->334604K(710656K), 0.0033702 secs] [Times: user=0.02 sys=0.00, real=0.00 secs] 
2016-09-13T17:53:45.983-0400: 81.017: [GC (GCLocker Initiated GC) [PSYoungGen: 127324K->26351K(187904K)] 450830K->349995K(712192K), 0.0245617 secs] [Times: user=0.23 sys=0.00, real=0.03 secs] 
2016-09-13T17:53:46.206-0400: 81.240: [GC (GCLocker Initiated GC) [PSYoungGen: 142575K->38778K(189440K)] 466267K->362589K(713728K), 0.0214699 secs] [Times: user=0.24 sys=0.01, real=0.03 secs] 
2016-09-13T17:53:46.415-0400: 81.449: [GC (GCLocker Initiated GC) [PSYoungGen: 160122K->28052K(188928K)] 490212K->362817K(713216K), 0.0222250 secs] [Times: user=0.22 sys=0.00, real=0.03 secs] 
2016-09-13T17:53:46.607-0400: 81.642: [GC (GCLocker Initiated GC) [PSYoungGen: 149396K->44885K(189952K)] 484342K->379962K(714240K), 0.0070017 secs] [Times: user=0.05 sys=0.01, real=0.01 secs] 
2016-09-13T17:53:46.764-0400: 81.798: [GC (GCLocker Initiated GC) [PSYoungGen: 169813K->43148K(191488K)] 504956K->378492K(715776K), 0.0171173 secs] [Times: user=0.16 sys=0.00, real=0.02 secs] 
2016-09-13T17:53:46.951-0400: 81.985: [GC (GCLocker Initiated GC) [PSYoungGen: 168076K->15815K(195072K)] 511033K->358977K(719360K), 0.0087386 secs] [Times: user=0.08 sys=0.00, real=0.01 secs] 
2016-09-13T17:53:47.168-0400: 82.203: [GC (Allocation Failure) [PSYoungGen: 144327K->3687K(132608K)] 495328K->365632K(656896K), 0.0065988 secs] [Times: user=0.06 sys=0.01, real=0.00 secs] 
2016-09-13T17:53:47.391-0400: 82.425: [GC (GCLocker Initiated GC) [PSYoungGen: 132199K->29452K(197632K)] 494150K->391714K(721920K), 0.0066591 secs] [Times: user=0.06 sys=0.00, real=0.01 secs] 
2016-09-13T17:53:47.652-0400: 82.686: [GC (GCLocker Initiated GC) [PSYoungGen: 158988K->3655K(194048K)] 533467K->378385K(718336K), 0.0143289 secs] [Times: user=0.15 sys=0.01, real=0.01 secs] 
2016-09-13T17:53:47.844-0400: 82.878: [GC (GCLocker Initiated GC) [PSYoungGen: 133191K->2417K(194048K)] 515522K->386476K(718336K), 0.0060796 secs] [Times: user=0.06 sys=0.00, real=0.01 secs] 
2016-09-13T17:53:48.050-0400: 83.084: [GC (GCLocker Initiated GC) [PSYoungGen: 131441K->49164K(178688K)] 521599K->439453K(702976K), 0.0081101 secs] [Times: user=0.05 sys=0.00, real=0.01 secs] 
2016-09-13T17:53:48.251-0400: 83.286: [GC (GCLocker Initiated GC) [PSYoungGen: 178188K->49287K(183296K)] 568500K->447426K(707584K), 0.0219086 secs] [Times: user=0.25 sys=0.01, real=0.02 secs] 
2016-09-13T17:53:48.453-0400: 83.487: [GC (GCLocker Initiated GC) [PSYoungGen: 161927K->14259K(187392K)] 572257K->424697K(711680K), 0.0145516 secs] [Times: user=0.15 sys=0.00, real=0.02 secs] 
2016-09-13T17:53:48.649-0400: 83.683: [GC (Allocation Failure) [PSYoungGen: 126899K->28275K(177152K)] 543646K->458924K(701440K), 0.0266599 secs] [Times: user=0.29 sys=0.01, real=0.03 secs] 
2016-09-13T17:53:48.843-0400: 83.877: [GC (GCLocker Initiated GC) [PSYoungGen: 138904K->14356K(183296K)] 575628K->451224K(707584K), 0.0137170 secs] [Times: user=0.13 sys=0.01, real=0.02 secs] 
2016-09-13T17:53:49.014-0400: 84.048: [GC (GCLocker Initiated GC) [PSYoungGen: 129044K->26441K(183296K)] 567611K->465072K(707584K), 0.0184916 secs] [Times: user=0.17 sys=0.00, real=0.02 secs] 
2016-09-13T17:53:49.238-0400: 84.272: [GC (GCLocker Initiated GC) [PSYoungGen: 153417K->26314K(189440K)] 593589K->466609K(713728K), 0.0058734 secs] [Times: user=0.05 sys=0.00, real=0.00 secs] 
2016-09-13T17:53:49.462-0400: 84.496: [GC (GCLocker Initiated GC) [PSYoungGen: 153290K->46280K(195072K)] 601401K->494589K(719360K), 0.0257565 secs] [Times: user=0.27 sys=0.01, real=0.03 secs] 
2016-09-13T17:53:49.669-0400: 84.703: [GC (GCLocker Initiated GC) [PSYoungGen: 182472K->40052K(176640K)] 630784K->488627K(700928K), 0.0165951 secs] [Times: user=0.19 sys=0.00, real=0.01 secs] 
2016-09-13T17:53:49.891-0400: 84.926: [GC (GCLocker Initiated GC) [PSYoungGen: 176244K->32617K(200192K)] 637080K->493659K(724480K), 0.0093505 secs] [Times: user=0.10 sys=0.00, real=0.01 secs] 
2016-09-13T17:53:50.116-0400: 85.150: [GC (GCLocker Initiated GC) [PSYoungGen: 168809K->40148K(198144K)] 631680K->503194K(722432K), 0.0175592 secs] [Times: user=0.15 sys=0.00, real=0.01 secs] 
2016-09-13T17:53:50.340-0400: 85.374: [GC (GCLocker Initiated GC) [PSYoungGen: 176340K->23250K(197632K)] 647227K->494267K(721920K), 0.0262833 secs] [Times: user=0.27 sys=0.00, real=0.02 secs] 
2016-09-13T17:53:50.591-0400: 85.626: [GC (GCLocker Initiated GC) [PSYoungGen: 160978K->29580K(198144K)] 635068K->503824K(722432K), 0.0080623 secs] [Times: user=0.08 sys=0.00, real=0.01 secs] 
2016-09-13T17:53:50.806-0400: 85.840: [GC (GCLocker Initiated GC) [PSYoungGen: 167308K->35617K(200704K)] 641657K->514755K(724992K), 0.0100417 secs] [Times: user=0.09 sys=0.00, real=0.02 secs] 
2016-09-13T17:53:51.061-0400: 86.095: [GC (GCLocker Initiated GC) [PSYoungGen: 178465K->15880K(199680K)] 663695K->509020K(723968K), 0.0196554 secs] [Times: user=0.22 sys=0.00, real=0.02 secs] 
2016-09-13T17:53:51.281-0400: 86.315: [GC (GCLocker Initiated GC) [PSYoungGen: 158728K->38719K(203264K)] 653543K->542741K(727552K), 0.0153536 secs] [Times: user=0.15 sys=0.00, real=0.02 secs] 
2016-09-13T17:53:51.497-0400: 86.531: [GC (GCLocker Initiated GC) [PSYoungGen: 185151K->52202K(198656K)] 689364K->568818K(722944K), 0.0105209 secs] [Times: user=0.09 sys=0.00, real=0.01 secs] 
2016-09-13T17:53:51.508-0400: 86.542: [Full GC (Ergonomics) [PSYoungGen: 52202K->0K(198656K)] [ParOldGen: 516615K->46280K(524288K)] 568818K->46280K(722944K), [Metaspace: 44497K->44497K(1087488K)], 0.0586379 secs] [Times: user=0.31 sys=0.02, real=0.05 secs] 
2016-09-13T17:53:51.804-0400: 86.838: [GC (GCLocker Initiated GC) [PSYoungGen: 146432K->25518K(200704K)] 198812K->77899K(724992K), 0.0090863 secs] [Times: user=0.11 sys=0.00, real=0.01 secs] 
2016-09-13T17:53:52.007-0400: 87.041: [GC (GCLocker Initiated GC) [PSYoungGen: 163246K->46256K(184320K)] 215637K->111417K(708608K), 0.0074460 secs] [Times: user=0.10 sys=0.01, real=0.01 secs] 
2016-09-13T17:53:52.243-0400: 87.277: [GC (GCLocker Initiated GC) [PSYoungGen: 183984K->35747K(200192K)] 250693K->108694K(724480K), 0.0177520 secs] [Times: user=0.21 sys=0.00, real=0.02 secs] 
2016-09-13T17:53:52.444-0400: 87.478: [GC (GCLocker Initiated GC) [PSYoungGen: 172451K->26724K(163840K)] 245459K->112143K(688128K), 0.0162661 secs] [Times: user=0.20 sys=0.00, real=0.02 secs] 
2016-09-13T17:53:52.667-0400: 87.701: [GC (GCLocker Initiated GC) [PSYoungGen: 163428K->32682K(199168K)] 249013K->118413K(723456K), 0.0118027 secs] [Times: user=0.14 sys=0.00, real=0.02 secs] 
2016-09-13T17:53:52.884-0400: 87.919: [GC (GCLocker Initiated GC) [PSYoungGen: 171946K->40148K(196608K)] 259408K->132407K(720896K), 0.0063520 secs] [Times: user=0.04 sys=0.00, real=0.01 secs] 
2016-09-13T17:53:53.107-0400: 88.141: [GC (GCLocker Initiated GC) [PSYoungGen: 179412K->5498K(200192K)] 287133K->113390K(724480K), 0.0099333 secs] [Times: user=0.10 sys=0.00, real=0.02 secs] 
2016-09-13T17:53:53.341-0400: 88.375: [GC (GCLocker Initiated GC) [PSYoungGen: 147834K->41539K(184320K)] 256087K->150018K(708608K), 0.0197082 secs] [Times: user=0.22 sys=0.00, real=0.02 secs] 
2016-09-13T17:53:53.581-0400: 88.615: [GC (GCLocker Initiated GC) [PSYoungGen: 183875K->37207K(201728K)] 292793K->146221K(726016K), 0.0067857 secs] [Times: user=0.08 sys=0.00, real=0.01 secs] 
2016-09-13T17:53:53.815-0400: 88.849: [GC (GCLocker Initiated GC) [PSYoungGen: 178007K->44639K(185856K)] 288806K->155635K(710144K), 0.0159240 secs] [Times: user=0.12 sys=0.00, real=0.02 secs] 
2016-09-13T17:53:54.056-0400: 89.090: [GC (GCLocker Initiated GC) [PSYoungGen: 185439K->29388K(202240K)] 302582K->146722K(726528K), 0.0196525 secs] [Times: user=0.19 sys=0.00, real=0.01 secs] 
2016-09-13T17:53:54.310-0400: 89.344: [GC (Allocation Failure) [PSYoungGen: 169676K->20334K(160768K)] 293434K->151880K(685056K), 0.0096214 secs] [Times: user=0.08 sys=0.00, real=0.01 secs] 
2016-09-13T17:53:54.518-0400: 89.552: [GC (GCLocker Initiated GC) [PSYoungGen: 160622K->41725K(198656K)] 292171K->173541K(722944K), 0.0284828 secs] [Times: user=0.29 sys=0.00, real=0.02 secs] 
2016-09-13T17:53:54.723-0400: 89.757: [GC (GCLocker Initiated GC) [PSYoungGen: 180989K->38623K(199680K)] 314607K->172392K(723968K), 0.0171936 secs] [Times: user=0.18 sys=0.00, real=0.02 secs] 
2016-09-13T17:53:54.954-0400: 89.989: [GC (GCLocker Initiated GC) [PSYoungGen: 177887K->46559K(198144K)] 311837K->180695K(722432K), 0.0089105 secs] [Times: user=0.10 sys=0.00, real=0.01 secs] 
2016-09-13T17:53:55.205-0400: 90.239: [GC (GCLocker Initiated GC) [PSYoungGen: 184799K->35864K(200192K)] 326579K->177952K(724480K), 0.0178147 secs] [Times: user=0.27 sys=0.00, real=0.02 secs] 
2016-09-13T17:53:55.435-0400: 90.469: [GC (GCLocker Initiated GC) [PSYoungGen: 174104K->32618K(196096K)] 317802K->181035K(720384K), 0.0146149 secs] [Times: user=0.20 sys=0.00, real=0.02 secs] 
2016-09-13T17:53:55.653-0400: 90.687: [GC (GCLocker Initiated GC) [PSYoungGen: 172904K->43239K(198144K)] 321561K->199649K(722432K), 0.0104492 secs] [Times: user=0.12 sys=0.01, real=0.01 secs] 
2016-09-13T17:53:55.884-0400: 90.919: [GC (Allocation Failure) [PSYoungGen: 183527K->40365K(203776K)] 340208K->197177K(728064K), 0.0125543 secs] [Times: user=0.13 sys=0.00, real=0.02 secs] 
2016-09-13T17:53:56.116-0400: 91.150: [GC (GCLocker Initiated GC) [PSYoungGen: 186285K->26224K(203776K)] 343129K->183316K(728064K), 0.0233020 secs] [Times: user=0.18 sys=0.00, real=0.02 secs] 
2016-09-13T17:53:56.357-0400: 91.391: [GC (GCLocker Initiated GC) [PSYoungGen: 172144K->44666K(201728K)] 330784K->203445K(726016K), 0.0118326 secs] [Times: user=0.11 sys=0.00, real=0.01 secs] 
2016-09-13T17:53:56.592-0400: 91.626: [GC (GCLocker Initiated GC) [PSYoungGen: 189050K->20493K(165376K)] 351065K->188776K(689664K), 0.0056567 secs] [Times: user=0.04 sys=0.00, real=0.01 secs] 
2016-09-13T17:53:56.819-0400: 91.853: [GC (Allocation Failure) [PSYoungGen: 164877K->27838K(204288K)] 333179K->196247K(728576K), 0.0120878 secs] [Times: user=0.11 sys=0.00, real=0.01 secs] 
2016-09-13T17:53:57.079-0400: 92.113: [GC (GCLocker Initiated GC) [PSYoungGen: 171376K->55208K(200192K)] 341304K->232793K(724480K), 0.0320144 secs] [Times: user=0.34 sys=0.01, real=0.03 secs] 
2016-09-13T17:53:57.300-0400: 92.334: [GC (GCLocker Initiated GC) [PSYoungGen: 200104K->44785K(196096K)] 384036K->228847K(720384K), 0.0130499 secs] [Times: user=0.13 sys=0.00, real=0.01 secs] 
2016-09-13T17:53:57.518-0400: 92.552: [GC (Allocation Failure) [PSYoungGen: 178929K->32485K(198144K)] 363013K->224318K(722432K), 0.0098873 secs] [Times: user=0.08 sys=0.00, real=0.01 secs] 
2016-09-13T17:53:57.735-0400: 92.769: [GC (GCLocker Initiated GC) [PSYoungGen: 166629K->28052K(196096K)] 358462K->230678K(720384K), 0.0193723 secs] [Times: user=0.21 sys=0.00, real=0.02 secs] 
2016-09-13T17:53:57.985-0400: 93.019: [GC (GCLocker Initiated GC) [PSYoungGen: 164244K->5485K(197120K)] 374640K->216071K(721408K), 0.0241111 secs] [Times: user=0.25 sys=0.00, real=0.03 secs] 
2016-09-13T17:53:58.192-0400: 93.226: [GC (GCLocker Initiated GC) [PSYoungGen: 141677K->43463K(196608K)] 353816K->255851K(720896K), 0.0128566 secs] [Times: user=0.15 sys=0.01, real=0.01 secs] 
2016-09-13T17:53:58.418-0400: 93.452: [GC (GCLocker Initiated GC) [PSYoungGen: 176583K->43276K(176640K)] 390527K->266491K(700928K), 0.0150255 secs] [Times: user=0.14 sys=0.00, real=0.01 secs] 
2016-09-13T17:53:58.640-0400: 93.675: [GC (GCLocker Initiated GC) [PSYoungGen: 176396K->41698K(197632K)] 399728K->266755K(721920K), 0.0283569 secs] [Times: user=0.28 sys=0.01, real=0.03 secs] 
2016-09-13T17:53:58.853-0400: 93.887: [GC (GCLocker Initiated GC) [PSYoungGen: 174306K->11259K(143872K)] 413129K->250342K(668160K), 0.0265532 secs] [Times: user=0.25 sys=0.01, real=0.03 secs] 
2016-09-13T17:53:59.075-0400: 94.109: [GC (GCLocker Initiated GC) [PSYoungGen: 143867K->47955K(192000K)] 383039K->296406K(716288K), 0.0260678 secs] [Times: user=0.27 sys=0.02, real=0.03 secs] 
2016-09-13T17:53:59.265-0400: 94.299: [GC (GCLocker Initiated GC) [PSYoungGen: 173907K->41629K(194048K)] 422364K->296355K(718336K), 0.0225580 secs] [Times: user=0.24 sys=0.00, real=0.02 secs] 
2016-09-13T17:53:59.477-0400: 94.511: [GC (GCLocker Initiated GC) [PSYoungGen: 167581K->41635K(191488K)] 422308K->296501K(715776K), 0.0100006 secs] [Times: user=0.10 sys=0.00, real=0.00 secs] 
2016-09-13T17:53:59.660-0400: 94.695: [GC (GCLocker Initiated GC) [PSYoungGen: 168099K->43057K(193024K)] 423261K->298259K(717312K), 0.0240109 secs] [Times: user=0.22 sys=0.00, real=0.02 secs] 
2016-09-13T17:53:59.876-0400: 94.910: [GC (GCLocker Initiated GC) [PSYoungGen: 169521K->47704K(193024K)] 424907K->303162K(717312K), 0.0141921 secs] [Times: user=0.13 sys=0.00, real=0.01 secs] 
2016-09-13T17:54:00.082-0400: 95.116: [GC (GCLocker Initiated GC) [PSYoungGen: 174680K->47954K(175104K)] 430330K->303817K(699392K), 0.0235813 secs] [Times: user=0.25 sys=0.00, real=0.02 secs] 
2016-09-13T17:54:00.297-0400: 95.332: [GC (GCLocker Initiated GC) [PSYoungGen: 174930K->24924K(194560K)] 438599K->288932K(718848K), 0.0105138 secs] [Times: user=0.12 sys=0.00, real=0.01 secs] 
2016-09-13T17:54:00.500-0400: 95.534: [GC (GCLocker Initiated GC) [PSYoungGen: 151388K->66280K(193024K)] 417224K->332255K(717312K), 0.0160184 secs] [Times: user=0.16 sys=0.00, real=0.02 secs] 
2016-09-13T17:54:00.719-0400: 95.753: [GC (GCLocker Initiated GC) [PSYoungGen: 192744K->32670K(184832K)] 458742K->298853K(709120K), 0.0085620 secs] [Times: user=0.08 sys=0.00, real=0.00 secs] 
2016-09-13T17:54:00.912-0400: 95.946: [GC (GCLocker Initiated GC) [PSYoungGen: 148382K->6571K(122368K)] 428259K->292854K(646656K), 0.0118678 secs] [Times: user=0.12 sys=0.00, real=0.01 secs] 
2016-09-13T17:54:01.098-0400: 96.132: [GC (GCLocker Initiated GC) [PSYoungGen: 122283K->50966K(183808K)] 414674K->343512K(708096K), 0.0076840 secs] [Times: user=0.08 sys=0.00, real=0.00 secs] 
2016-09-13T17:54:01.296-0400: 96.331: [GC (GCLocker Initiated GC) [PSYoungGen: 159510K->32645K(141312K)] 464263K->351258K(665600K), 0.0063558 secs] [Times: user=0.07 sys=0.00, real=0.00 secs] 
2016-09-13T17:54:01.497-0400: 96.531: [GC (GCLocker Initiated GC) [PSYoungGen: 141189K->28120K(185856K)] 473621K->360738K(710144K), 0.0225277 secs] [Times: user=0.27 sys=0.00, real=0.02 secs] 
2016-09-13T17:54:01.696-0400: 96.731: [GC (GCLocker Initiated GC) [PSYoungGen: 140248K->38789K(183808K)] 480663K->379405K(708096K), 0.0059964 secs] [Times: user=0.06 sys=0.00, real=0.00 secs] 
2016-09-13T17:54:01.877-0400: 96.911: [GC (GCLocker Initiated GC) [PSYoungGen: 150917K->43122K(186368K)] 491728K->384159K(710656K), 0.0091325 secs] [Times: user=0.09 sys=0.00, real=0.00 secs] 
2016-09-13T17:54:02.076-0400: 97.110: [GC (Allocation Failure) [PSYoungGen: 160370K->38528K(185856K)] 501667K->379980K(710144K), 0.0248738 secs] [Times: user=0.24 sys=0.01, real=0.02 secs] 
2016-09-13T17:54:02.258-0400: 97.292: [GC (GCLocker Initiated GC) [PSYoungGen: 155776K->49255K(188928K)] 497292K->390885K(713216K), 0.0229030 secs] [Times: user=0.22 sys=0.00, real=0.02 secs] 
2016-09-13T17:54:02.465-0400: 97.499: [GC (GCLocker Initiated GC) [PSYoungGen: 172135K->44634K(190464K)] 513866K->386650K(714752K), 0.0410136 secs] [Times: user=0.41 sys=0.00, real=0.04 secs] 
2016-09-13T17:54:02.666-0400: 97.700: [GC (GCLocker Initiated GC) [PSYoungGen: 167514K->43489K(190976K)] 509739K->390511K(715264K), 0.0104562 secs] [Times: user=0.12 sys=0.00, real=0.02 secs] 
2016-09-13T17:54:02.851-0400: 97.885: [GC (GCLocker Initiated GC) [PSYoungGen: 170977K->46559K(193024K)] 519803K->395599K(717312K), 0.0087873 secs] [Times: user=0.10 sys=0.00, real=0.01 secs] 
2016-09-13T17:54:03.061-0400: 98.095: [GC (GCLocker Initiated GC) [PSYoungGen: 174047K->43148K(194560K)] 523299K->392586K(718848K), 0.0223050 secs] [Times: user=0.22 sys=0.00, real=0.02 secs] 
2016-09-13T17:54:03.309-0400: 98.344: [GC (GCLocker Initiated GC) [PSYoungGen: 174220K->32825K(195584K)] 537604K->396305K(719872K), 0.0103463 secs] [Times: user=0.10 sys=0.00, real=0.01 secs] 
2016-09-13T17:54:03.513-0400: 98.547: [GC (GCLocker Initiated GC) [PSYoungGen: 163897K->29457K(195584K)] 527452K->393213K(719872K), 0.0066298 secs] [Times: user=0.05 sys=0.00, real=0.01 secs] 
2016-09-13T17:54:03.768-0400: 98.802: [GC (GCLocker Initiated GC) [PSYoungGen: 163601K->5115K(139264K)] 535245K->376937K(663552K), 0.0240741 secs] [Times: user=0.23 sys=0.00, real=0.02 secs] 
2016-09-13T17:54:04.012-0400: 99.046: [GC (GCLocker Initiated GC) [PSYoungGen: 139259K->12651K(194048K)] 518697K->392290K(718336K), 0.0036768 secs] [Times: user=0.02 sys=0.00, real=0.01 secs] 
2016-09-13T17:54:04.246-0400: 99.281: [GC (GCLocker Initiated GC) [PSYoungGen: 140651K->41603K(195072K)] 528059K->441266K(719360K), 0.0088725 secs] [Times: user=0.07 sys=0.00, real=0.01 secs] 
2016-09-13T17:54:04.438-0400: 99.473: [GC (GCLocker Initiated GC) [PSYoungGen: 169603K->46217K(192512K)] 570916K->447594K(716800K), 0.0072608 secs] [Times: user=0.06 sys=0.00, real=0.00 secs] 
2016-09-13T17:54:04.612-0400: 99.646: [GC (GCLocker Initiated GC) [PSYoungGen: 172169K->23341K(194048K)] 573568K->424976K(718336K), 0.0058488 secs] [Times: user=0.03 sys=0.00, real=0.01 secs] 
2016-09-13T17:54:04.804-0400: 99.838: [GC (Allocation Failure) [PSYoungGen: 149293K->29479K(188928K)] 551037K->434349K(713216K), 0.0080900 secs] [Times: user=0.04 sys=0.00, real=0.01 secs] 
2016-09-13T17:54:04.812-0400: 99.846: [GC (GCLocker Initiated GC) [PSYoungGen: 29486K->160K(191488K)] 434356K->438891K(715776K), 0.0393669 secs] [Times: user=0.43 sys=0.00, real=0.04 secs] 
2016-09-13T17:54:05.039-0400: 100.073: [GC (GCLocker Initiated GC) [PSYoungGen: 126343K->61633K(179712K)] 566593K->514041K(704000K), 0.0298951 secs] [Times: user=0.34 sys=0.00, real=0.03 secs] 
2016-09-13T17:54:05.211-0400: 100.245: [GC (GCLocker Initiated GC) [PSYoungGen: 174273K->32395K(187392K)] 626789K->526344K(711680K), 0.0214987 secs] [Times: user=0.22 sys=0.01, real=0.02 secs] 
2016-09-13T17:54:05.233-0400: 100.267: [Full GC (Ergonomics) [PSYoungGen: 32395K->0K(187392K)] [ParOldGen: 493949K->42108K(524288K)] 526344K->42108K(711680K), [Metaspace: 44527K->44527K(1087488K)], 0.0555109 secs] [Times: user=0.26 sys=0.01, real=0.06 secs] 
2016-09-13T17:54:05.433-0400: 100.467: [GC (Allocation Failure) [PSYoungGen: 112640K->69286K(172032K)] 155067K->142088K(696320K), 0.0100527 secs] [Times: user=0.08 sys=0.01, real=0.01 secs] 
2016-09-13T17:54:05.570-0400: 100.604: [GC (GCLocker Initiated GC) [PSYoungGen: 170662K->6571K(108032K)] 243467K->119315K(632320K), 0.0314021 secs] [Times: user=0.30 sys=0.00, real=0.03 secs] 
2016-09-13T17:54:05.732-0400: 100.767: [GC (GCLocker Initiated GC) [PSYoungGen: 107947K->29670K(184832K)] 226984K->148952K(709120K), 0.0179879 secs] [Times: user=0.19 sys=0.00, real=0.02 secs] 
2016-09-13T17:54:05.903-0400: 100.937: [GC (Allocation Failure) [PSYoungGen: 133094K->38591K(142336K)] 252720K->162988K(666624K), 0.0073067 secs] [Times: user=0.05 sys=0.00, real=0.01 secs] 
2016-09-13T17:54:06.087-0400: 101.121: [GC (GCLocker Initiated GC) [PSYoungGen: 139229K->32490K(181760K)] 269700K->163198K(706048K), 0.0300035 secs] [Times: user=0.24 sys=0.00, real=0.04 secs] 
2016-09-13T17:54:06.248-0400: 101.283: [GC (GCLocker Initiated GC) [PSYoungGen: 139498K->47927K(178176K)] 271760K->180383K(702464K), 0.0090976 secs] [Times: user=0.07 sys=0.00, real=0.01 secs] 
2016-09-13T17:54:06.427-0400: 101.462: [GC (GCLocker Initiated GC) [PSYoungGen: 154935K->41730K(189440K)] 289063K->185326K(713728K), 0.0053352 secs] [Times: user=0.04 sys=0.00, real=0.01 secs] 
2016-09-13T17:54:06.598-0400: 101.633: [GC (Allocation Failure) [PSYoungGen: 159490K->9677K(188928K)] 303351K->153805K(713216K), 0.0157156 secs] [Times: user=0.17 sys=0.00, real=0.01 secs] 
2016-09-13T17:54:06.795-0400: 101.830: [GC (GCLocker Initiated GC) [PSYoungGen: 127437K->31094K(184832K)] 271573K->175448K(709120K), 0.0135845 secs] [Times: user=0.13 sys=0.01, real=0.02 secs] 
2016-09-13T17:54:07.019-0400: 102.053: [GC (Allocation Failure) [PSYoungGen: 149878K->9830K(187392K)] 306560K->166640K(711680K), 0.0051051 secs] [Times: user=0.05 sys=0.01, real=0.00 secs] 
2016-09-13T17:54:07.201-0400: 102.235: [GC (Allocation Failure) [PSYoungGen: 123377K->32858K(187904K)] 280186K->189893K(712192K), 0.0100866 secs] [Times: user=0.14 sys=0.00, real=0.01 secs] 
2016-09-13T17:54:07.398-0400: 102.432: [GC (GCLocker Initiated GC) [PSYoungGen: 157274K->28206K(190464K)] 314309K->185372K(714752K), 0.0095981 secs] [Times: user=0.11 sys=0.00, real=0.00 secs] 
2016-09-13T17:54:07.604-0400: 102.638: [GC (GCLocker Initiated GC) [PSYoungGen: 152622K->50812K(190976K)] 312849K->211214K(715264K), 0.0069029 secs] [Times: user=0.08 sys=0.00, real=0.01 secs] 
2016-09-13T17:54:07.798-0400: 102.832: [GC (GCLocker Initiated GC) [PSYoungGen: 178812K->9981K(138240K)] 340755K->178087K(662528K), 0.0117562 secs] [Times: user=0.14 sys=0.00, real=0.01 secs] 
2016-09-13T17:54:08.011-0400: 103.046: [GC (GCLocker Initiated GC) [PSYoungGen: 137981K->14419K(195584K)] 312380K->188980K(719872K), 0.0088910 secs] [Times: user=0.08 sys=0.00, real=0.01 secs] 
2016-09-13T17:54:08.223-0400: 103.257: [GC (GCLocker Initiated GC) [PSYoungGen: 142419K->44576K(173056K)] 318553K->220896K(697344K), 0.0139216 secs] [Times: user=0.12 sys=0.00, real=0.02 secs] 
2016-09-13T17:54:08.452-0400: 103.486: [GC (GCLocker Initiated GC) [PSYoungGen: 172576K->26378K(196608K)] 348905K->202843K(720896K), 0.0058662 secs] [Times: user=0.06 sys=0.00, real=0.01 secs] 
2016-09-13T17:54:08.642-0400: 103.676: [GC (GCLocker Initiated GC) [PSYoungGen: 154378K->24859K(153088K)] 331092K->201746K(677376K), 0.0044929 secs] [Times: user=0.03 sys=0.01, real=0.00 secs] 
2016-09-13T17:54:08.841-0400: 103.875: [GC (GCLocker Initiated GC) [PSYoungGen: 152859K->27998K(194048K)] 330021K->205334K(718336K), 0.0096265 secs] [Times: user=0.09 sys=0.00, real=0.01 secs] 
2016-09-13T17:54:09.050-0400: 104.084: [GC (Allocation Failure) [PSYoungGen: 159070K->29574K(190976K)] 342716K->213473K(715264K), 0.0287451 secs] [Times: user=0.31 sys=0.00, real=0.03 secs] 
2016-09-13T17:54:09.079-0400: 104.113: [GC (GCLocker Initiated GC) [PSYoungGen: 29584K->32K(193536K)] 213482K->214866K(717824K), 0.0049209 secs] [Times: user=0.03 sys=0.00, real=0.00 secs] 
2016-09-13T17:54:09.305-0400: 104.339: [GC (GCLocker Initiated GC) [PSYoungGen: 131814K->50901K(196096K)] 352723K->271810K(720384K), 0.0204878 secs] [Times: user=0.18 sys=0.01, real=0.02 secs] 
2016-09-13T17:54:09.504-0400: 104.538: [GC (GCLocker Initiated GC) [PSYoungGen: 187605K->35649K(198144K)] 413313K->283082K(722432K), 0.0310244 secs] [Times: user=0.33 sys=0.00, real=0.03 secs] 
2016-09-13T17:54:09.721-0400: 104.755: [GC (GCLocker Initiated GC) [PSYoungGen: 168769K->25050K(158208K)] 422323K->278947K(682496K), 0.0195226 secs] [Times: user=0.17 sys=0.00, real=0.02 secs] 
2016-09-13T17:54:09.956-0400: 104.990: [GC (GCLocker Initiated GC) [PSYoungGen: 158170K->24737K(197120K)] 412220K->278988K(721408K), 0.0250372 secs] [Times: user=0.22 sys=0.00, real=0.02 secs] 
2016-09-13T17:54:10.179-0400: 105.213: [GC (GCLocker Initiated GC) [PSYoungGen: 160417K->26569K(194560K)] 417890K->284164K(718848K), 0.0051722 secs] [Times: user=0.03 sys=0.01, real=0.00 secs] 
2016-09-13T17:54:10.392-0400: 105.426: [GC (GCLocker Initiated GC) [PSYoungGen: 162249K->5237K(197120K)] 422999K->266164K(721408K), 0.0235245 secs] [Times: user=0.24 sys=0.01, real=0.02 secs] 
2016-09-13T17:54:10.634-0400: 105.668: [GC (GCLocker Initiated GC) [PSYoungGen: 146037K->29325K(198144K)] 407069K->290626K(722432K), 0.0256992 secs] [Times: user=0.27 sys=0.01, real=0.03 secs] 
2016-09-13T17:54:10.859-0400: 105.893: [GC (Allocation Failure) [PSYoungGen: 170125K->43277K(199680K)] 431610K->304881K(723968K), 0.0256014 secs] [Times: user=0.31 sys=0.00, real=0.02 secs] 
2016-09-13T17:54:10.885-0400: 105.919: [GC (GCLocker Initiated GC) [PSYoungGen: 43287K->32K(144896K)] 304891K->301491K(669184K), 0.0060161 secs] [Times: user=0.05 sys=0.01, real=0.01 secs] 
2016-09-13T17:54:11.100-0400: 106.134: [GC (GCLocker Initiated GC) [PSYoungGen: 144416K->55712K(186368K)] 445878K->375399K(710656K), 0.0120912 secs] [Times: user=0.13 sys=0.00, real=0.01 secs] 
2016-09-13T17:54:11.281-0400: 106.315: [GC (Allocation Failure) [PSYoungGen: 181664K->43058K(169472K)] 501415K->387585K(693760K), 0.0150645 secs] [Times: user=0.15 sys=0.00, real=0.02 secs] 
2016-09-13T17:54:11.484-0400: 106.518: [GC (GCLocker Initiated GC) [PSYoungGen: 165320K->27934K(196096K)] 515922K->378659K(720384K), 0.0274429 secs] [Times: user=0.30 sys=0.00, real=0.03 secs] 
2016-09-13T17:54:11.685-0400: 106.719: [GC (Allocation Failure) [PSYoungGen: 154398K->43021K(192512K)] 511407K->400215K(716800K), 0.0055928 secs] [Times: user=0.04 sys=0.00, real=0.01 secs] 
2016-09-13T17:54:11.898-0400: 106.933: [GC (GCLocker Initiated GC) [PSYoungGen: 169485K->43031K(193536K)] 526689K->400366K(717824K), 0.0304876 secs] [Times: user=0.34 sys=0.00, real=0.03 secs] 
2016-09-13T17:54:12.130-0400: 107.164: [GC (Allocation Failure) [PSYoungGen: 168983K->9608K(135680K)] 538751K->379490K(659968K), 0.0215357 secs] [Times: user=0.28 sys=0.00, real=0.02 secs] 
2016-09-13T17:54:12.342-0400: 107.377: [GC (GCLocker Initiated GC) [PSYoungGen: 135560K->43375K(191488K)] 505442K->413479K(715776K), 0.0096240 secs] [Times: user=0.09 sys=0.00, real=0.01 secs] 
2016-09-13T17:54:12.519-0400: 107.553: [GC (GCLocker Initiated GC) [PSYoungGen: 166255K->49069K(172032K)] 536384K->419470K(696320K), 0.0135849 secs] [Times: user=0.14 sys=0.00, real=0.01 secs] 
2016-09-13T17:54:12.724-0400: 107.758: [GC (GCLocker Initiated GC) [PSYoungGen: 171949K->38628K(191488K)] 543933K->421381K(715776K), 0.0125496 secs] [Times: user=0.12 sys=0.00, real=0.02 secs] 
2016-09-13T17:54:12.917-0400: 107.951: [GC (GCLocker Initiated GC) [PSYoungGen: 157412K->43120K(189440K)] 541981K->427949K(713728K), 0.0401394 secs] [Times: user=0.41 sys=0.00, real=0.04 secs] 
2016-09-13T17:54:13.127-0400: 108.161: [GC (GCLocker Initiated GC) [PSYoungGen: 161904K->28183K(188416K)] 552988K->419508K(712704K), 0.0117268 secs] [Times: user=0.13 sys=0.00, real=0.02 secs] 
2016-09-13T17:54:13.309-0400: 108.343: [GC (GCLocker Initiated GC) [PSYoungGen: 149015K->49292K(188928K)] 540477K->440947K(713216K), 0.0227885 secs] [Times: user=0.24 sys=0.00, real=0.02 secs] 
2016-09-13T17:54:13.534-0400: 108.568: [GC (Allocation Failure) [PSYoungGen: 170124K->27988K(192000K)] 567985K->435120K(716288K), 0.0072089 secs] [Times: user=0.07 sys=0.00, real=0.01 secs] 
2016-09-13T17:54:13.724-0400: 108.759: [GC (Allocation Failure) [PSYoungGen: 149814K->21889K(192000K)] 556947K->429085K(716288K), 0.0284238 secs] [Times: user=0.30 sys=0.01, real=0.03 secs] 
2016-09-13T17:54:13.926-0400: 108.960: [GC (GCLocker Initiated GC) [PSYoungGen: 145793K->23681K(192000K)] 552989K->431178K(716288K), 0.0183629 secs] [Times: user=0.27 sys=0.00, real=0.02 secs] 
2016-09-13T17:54:14.104-0400: 109.138: [GC (GCLocker Initiated GC) [PSYoungGen: 150657K->46382K(192512K)] 559804K->455737K(716800K), 0.0087783 secs] [Times: user=0.08 sys=0.00, real=0.01 secs] 
2016-09-13T17:54:14.310-0400: 109.344: [GC (GCLocker Initiated GC) [PSYoungGen: 173358K->46128K(192000K)] 582886K->455881K(716288K), 0.0059141 secs] [Times: user=0.05 sys=0.00, real=0.01 secs] 
2016-09-13T17:54:14.523-0400: 109.557: [GC (GCLocker Initiated GC) [PSYoungGen: 171056K->40110K(193536K)] 580973K->450233K(717824K), 0.0115638 secs] [Times: user=0.10 sys=0.01, real=0.01 secs] 
2016-09-13T17:54:14.716-0400: 109.750: [GC (Allocation Failure) [PSYoungGen: 165038K->44613K(193536K)] 575385K->455201K(717824K), 0.0238949 secs] [Times: user=0.24 sys=0.00, real=0.02 secs] 
2016-09-13T17:54:14.918-0400: 109.952: [GC (Allocation Failure) [PSYoungGen: 171077K->43122K(193536K)] 581665K->453782K(717824K), 0.0145748 secs] [Times: user=0.16 sys=0.00, real=0.01 secs] 
2016-09-13T17:54:15.149-0400: 110.183: [GC (GCLocker Initiated GC) [PSYoungGen: 164674K->23554K(194560K)] 581409K->440436K(718848K), 0.0080581 secs] [Times: user=0.10 sys=0.00, real=0.01 secs] 
2016-09-13T17:54:15.351-0400: 110.385: [GC (Allocation Failure) [PSYoungGen: 152066K->12772K(194560K)] 575051K->435930K(718848K), 0.0217350 secs] [Times: user=0.20 sys=0.01, real=0.02 secs] 
2016-09-13T17:54:15.559-0400: 110.593: [GC (GCLocker Initiated GC) [PSYoungGen: 140609K->24828K(193024K)] 565286K->458921K(717312K), 0.0095656 secs] [Times: user=0.07 sys=0.00, real=0.01 secs] 
2016-09-13T17:54:15.780-0400: 110.815: [GC (GCLocker Initiated GC) [PSYoungGen: 153852K->27833K(194048K)] 588177K->462265K(718336K), 0.0054077 secs] [Times: user=0.04 sys=0.01, real=0.00 secs] 
2016-09-13T17:54:16.025-0400: 111.059: [GC (GCLocker Initiated GC) [PSYoungGen: 156857K->24800K(195584K)] 597383K->465382K(719872K), 0.0247136 secs] [Times: user=0.27 sys=0.00, real=0.03 secs] 
2016-09-13T17:54:16.243-0400: 111.277: [GC (GCLocker Initiated GC) [PSYoungGen: 159456K->20487K(195584K)] 601654K->462858K(719872K), 0.0090856 secs] [Times: user=0.06 sys=0.01, real=0.01 secs] 
2016-09-13T17:54:16.457-0400: 111.491: [GC (Allocation Failure) [PSYoungGen: 155143K->23436K(198144K)] 599271K->467773K(722432K), 0.0127085 secs] [Times: user=0.12 sys=0.00, real=0.01 secs] 
2016-09-13T17:54:16.661-0400: 111.695: [GC (GCLocker Initiated GC) [PSYoungGen: 164748K->46223K(199168K)] 609090K->490766K(723456K), 0.0108212 secs] [Times: user=0.11 sys=0.00, real=0.01 secs] 
2016-09-13T17:54:16.897-0400: 111.931: [GC (GCLocker Initiated GC) [PSYoungGen: 187535K->29293K(201728K)] 638336K->480143K(726016K), 0.0207257 secs] [Times: user=0.17 sys=0.00, real=0.02 secs] 
2016-09-13T17:54:17.124-0400: 112.158: [GC (GCLocker Initiated GC) [PSYoungGen: 171117K->23399K(200704K)] 621974K->474412K(724992K), 0.0210950 secs] [Times: user=0.19 sys=0.00, real=0.02 secs] 
2016-09-13T17:54:17.362-0400: 112.396: [GC (Allocation Failure) [PSYoungGen: 165223K->14323K(200704K)] 617905K->467340K(724992K), 0.0041296 secs] [Times: user=0.02 sys=0.01, real=0.00 secs] 
2016-09-13T17:54:17.592-0400: 112.626: [GC (GCLocker Initiated GC) [PSYoungGen: 157683K->32581K(200704K)] 610703K->490389K(724992K), 0.0155144 secs] [Times: user=0.14 sys=0.00, real=0.01 secs] 
2016-09-13T17:54:17.832-0400: 112.866: [GC (GCLocker Initiated GC) [PSYoungGen: 175941K->26378K(202240K)] 633930K->484612K(726528K), 0.0178247 secs] [Times: user=0.15 sys=0.00, real=0.02 secs] 
2016-09-13T17:54:18.067-0400: 113.101: [GC (GCLocker Initiated GC) [PSYoungGen: 175370K->47737K(202752K)] 633627K->506148K(727040K), 0.0236320 secs] [Times: user=0.23 sys=0.01, real=0.03 secs] 
2016-09-13T17:54:18.297-0400: 113.332: [GC (GCLocker Initiated GC) [PSYoungGen: 196729K->23468K(205312K)] 664259K->498722K(729600K), 0.0313629 secs] [Times: user=0.36 sys=0.00, real=0.03 secs] 
2016-09-13T17:54:18.559-0400: 113.593: [GC (Allocation Failure) [PSYoungGen: 170412K->12805K(203776K)] 651791K->494401K(728064K), 0.0261210 secs] [Times: user=0.28 sys=0.00, real=0.02 secs] 
2016-09-13T17:54:18.802-0400: 113.836: [GC (GCLocker Initiated GC) [PSYoungGen: 156544K->12742K(203776K)] 644215K->503573K(728064K), 0.0044542 secs] [Times: user=0.04 sys=0.00, real=0.00 secs] 
2016-09-13T17:54:19.051-0400: 114.086: [GC (Allocation Failure) [PSYoungGen: 159686K->28024K(175104K)] 656796K->525364K(699392K), 0.0065640 secs] [Times: user=0.05 sys=0.01, real=0.01 secs] 
2016-09-13T17:54:19.288-0400: 114.322: [GC (GCLocker Initiated GC) [PSYoungGen: 173463K->44602K(198656K)] 672321K->543572K(722944K), 0.0078149 secs] [Times: user=0.05 sys=0.00, real=0.00 secs] 
2016-09-13T17:54:19.504-0400: 114.538: [GC (GCLocker Initiated GC) [PSYoungGen: 188986K->56818K(201216K)] 687992K->555954K(725504K), 0.0071868 secs] [Times: user=0.06 sys=0.00, real=0.01 secs] 
2016-09-13T17:54:19.746-0400: 114.780: [GC (GCLocker Initiated GC) [PSYoungGen: 201202K->6544K(189952K)] 708169K->521278K(714240K), 0.0193959 secs] [Times: user=0.18 sys=0.00, real=0.02 secs] 
2016-09-13T17:54:19.766-0400: 114.800: [Full GC (Ergonomics) [PSYoungGen: 6544K->0K(189952K)] [ParOldGen: 514734K->32836K(524288K)] 521278K->32836K(714240K), [Metaspace: 44546K->44546K(1087488K)], 0.0574177 secs] [Times: user=0.32 sys=0.01, real=0.06 secs] 
2016-09-13T17:54:20.020-0400: 115.054: [GC (GCLocker Initiated GC) [PSYoungGen: 129024K->31152K(195584K)] 168074K->70202K(719872K), 0.0098734 secs] [Times: user=0.07 sys=0.00, real=0.01 secs] 
2016-09-13T17:54:20.211-0400: 115.245: [GC (GCLocker Initiated GC) [PSYoungGen: 160176K->9831K(193024K)] 208501K->67672K(717312K), 0.0299020 secs] [Times: user=0.33 sys=0.00, real=0.03 secs] 
2016-09-13T17:54:20.450-0400: 115.484: [GC (GCLocker Initiated GC) [PSYoungGen: 141927K->51055K(183296K)] 201298K->110726K(707584K), 0.0244581 secs] [Times: user=0.27 sys=0.00, real=0.02 secs] 
2016-09-13T17:54:20.656-0400: 115.690: [GC (GCLocker Initiated GC) [PSYoungGen: 183151K->58246K(180224K)] 242829K->118164K(704512K), 0.0097663 secs] [Times: user=0.08 sys=0.00, real=0.00 secs] 
2016-09-13T17:54:20.838-0400: 115.872: [GC (Allocation Failure) [PSYoungGen: 169862K->28147K(186880K)] 231390K->89896K(711168K), 0.0138309 secs] [Times: user=0.13 sys=0.00, real=0.01 secs] 
2016-09-13T17:54:21.013-0400: 116.047: [GC (GCLocker Initiated GC) [PSYoungGen: 139625K->44803K(185856K)] 202893K->112927K(710144K), 0.0123487 secs] [Times: user=0.11 sys=0.00, real=0.01 secs] 
2016-09-13T17:54:21.214-0400: 116.248: [GC (GCLocker Initiated GC) [PSYoungGen: 160003K->24923K(187904K)] 235917K->101066K(712192K), 0.0369155 secs] [Times: user=0.38 sys=0.00, real=0.04 secs] 
2016-09-13T17:54:21.409-0400: 116.443: [GC (GCLocker Initiated GC) [PSYoungGen: 140123K->47960K(186880K)] 216334K->124385K(711168K), 0.0352572 secs] [Times: user=0.41 sys=0.00, real=0.03 secs] 
2016-09-13T17:54:21.611-0400: 116.645: [GC (GCLocker Initiated GC) [PSYoungGen: 164696K->30972K(188928K)] 248773K->115184K(713216K), 0.0106710 secs] [Times: user=0.09 sys=0.00, real=0.01 secs] 
2016-09-13T17:54:21.784-0400: 116.818: [GC (Allocation Failure) [PSYoungGen: 147708K->20612K(187904K)] 233643K->114311K(712192K), 0.0229749 secs] [Times: user=0.26 sys=0.00, real=0.02 secs] 
2016-09-13T17:54:21.973-0400: 117.007: [GC (GCLocker Initiated GC) [PSYoungGen: 141444K->28147K(188416K)] 235143K->122123K(712704K), 0.0082629 secs] [Times: user=0.09 sys=0.00, real=0.01 secs] 
2016-09-13T17:54:22.158-0400: 117.192: [GC (GCLocker Initiated GC) [PSYoungGen: 148979K->38566K(193536K)] 244663K->134451K(717824K), 0.0313353 secs] [Times: user=0.32 sys=0.01, real=0.03 secs] 
2016-09-13T17:54:22.377-0400: 117.411: [GC (Allocation Failure) [PSYoungGen: 167078K->28088K(192512K)] 263122K->124196K(716800K), 0.0042709 secs] [Times: user=0.03 sys=0.00, real=0.00 secs] 
2016-09-13T17:54:22.602-0400: 117.636: [GC (GCLocker Initiated GC) [PSYoungGen: 154594K->28246K(196096K)] 256777K->130690K(720384K), 0.0099128 secs] [Times: user=0.10 sys=0.00, real=0.01 secs] 
2016-09-13T17:54:22.809-0400: 117.843: [GC (GCLocker Initiated GC) [PSYoungGen: 163414K->35623K(194560K)] 265912K->138271K(718848K), 0.0227509 secs] [Times: user=0.25 sys=0.01, real=0.02 secs] 
2016-09-13T17:54:23.054-0400: 118.088: [GC (GCLocker Initiated GC) [PSYoungGen: 170791K->9826K(198144K)] 285849K->135728K(722432K), 0.0096404 secs] [Times: user=0.11 sys=0.00, real=0.01 secs] 
2016-09-13T17:54:23.260-0400: 118.294: [GC (GCLocker Initiated GC) [PSYoungGen: 150114K->37041K(199680K)] 276262K->163398K(723968K), 0.0064134 secs] [Times: user=0.05 sys=0.00, real=0.00 secs] 
2016-09-13T17:54:23.518-0400: 118.552: [GC (GCLocker Initiated GC) [PSYoungGen: 177329K->23568K(199168K)] 317573K->164089K(723456K), 0.0311552 secs] [Times: user=0.38 sys=0.01, real=0.03 secs] 
2016-09-13T17:54:23.773-0400: 118.807: [GC (Allocation Failure) [PSYoungGen: 167440K->5430K(201216K)] 314179K->152456K(725504K), 0.0286972 secs] [Times: user=0.26 sys=0.01, real=0.03 secs] 
2016-09-13T17:54:24.003-0400: 119.037: [GC (GCLocker Initiated GC) [PSYoungGen: 146713K->29670K(202240K)] 299815K->183048K(726528K), 0.0053471 secs] [Times: user=0.04 sys=0.00, real=0.01 secs] 
2016-09-13T17:54:24.246-0400: 119.280: [GC (GCLocker Initiated GC) [PSYoungGen: 175590K->26649K(202752K)] 335236K->186497K(727040K), 0.0114044 secs] [Times: user=0.11 sys=0.00, real=0.02 secs] 
2016-09-13T17:54:24.497-0400: 119.531: [GC (GCLocker Initiated GC) [PSYoungGen: 172569K->23505K(203776K)] 346130K->197400K(728064K), 0.0233232 secs] [Times: user=0.27 sys=0.01, real=0.02 secs] 
2016-09-13T17:54:24.733-0400: 119.767: [GC (GCLocker Initiated GC) [PSYoungGen: 174033K->44890K(202752K)] 347936K->219076K(727040K), 0.0119111 secs] [Times: user=0.12 sys=0.00, real=0.01 secs] 
2016-09-13T17:54:25.009-0400: 120.043: [GC (GCLocker Initiated GC) [PSYoungGen: 195418K->43371K(200704K)] 369668K->219456K(724992K), 0.0092484 secs] [Times: user=0.09 sys=0.00, real=0.01 secs] 
2016-09-13T17:54:25.239-0400: 120.273: [GC (GCLocker Initiated GC) [PSYoungGen: 187755K->28061K(203264K)] 363927K->204442K(727552K), 0.0201533 secs] [Times: user=0.19 sys=0.00, real=0.02 secs] 
2016-09-13T17:54:25.466-0400: 120.501: [GC (Allocation Failure) [PSYoungGen: 172445K->43397K(200704K)] 349015K->220185K(724992K), 0.0266909 secs] [Times: user=0.28 sys=0.01, real=0.03 secs] 
2016-09-13T17:54:25.697-0400: 120.731: [GC (GCLocker Initiated GC) [PSYoungGen: 186966K->43243K(187904K)] 369828K->226334K(712192K), 0.0063685 secs] [Times: user=0.04 sys=0.00, real=0.00 secs] 
2016-09-13T17:54:25.915-0400: 120.949: [GC (GCLocker Initiated GC) [PSYoungGen: 187627K->44577K(198656K)] 370743K->227953K(722944K), 0.0275900 secs] [Times: user=0.26 sys=0.00, real=0.03 secs] 
2016-09-13T17:54:26.151-0400: 121.185: [GC (Allocation Failure) [PSYoungGen: 182817K->40202K(200192K)] 366537K->231604K(724480K), 0.0106205 secs] [Times: user=0.10 sys=0.00, real=0.01 secs] 
2016-09-13T17:54:26.402-0400: 121.436: [GC (GCLocker Initiated GC) [PSYoungGen: 177964K->24955K(197632K)] 375442K->222613K(721920K), 0.0113105 secs] [Times: user=0.10 sys=0.00, real=0.01 secs] 
2016-09-13T17:54:26.617-0400: 121.651: [GC (GCLocker Initiated GC) [PSYoungGen: 163707K->27992K(199168K)] 361566K->226061K(723456K), 0.0279680 secs] [Times: user=0.33 sys=0.00, real=0.02 secs] 
2016-09-13T17:54:26.850-0400: 121.884: [GC (GCLocker Initiated GC) [PSYoungGen: 166744K->28089K(197632K)] 370934K->237077K(721920K), 0.0187475 secs] [Times: user=0.20 sys=0.00, real=0.02 secs] 
2016-09-13T17:54:27.088-0400: 122.122: [GC (GCLocker Initiated GC) [PSYoungGen: 170937K->47645K(199680K)] 380017K->256880K(723968K), 0.0093680 secs] [Times: user=0.09 sys=0.00, real=0.01 secs] 
2016-09-13T17:54:27.310-0400: 122.344: [GC (GCLocker Initiated GC) [PSYoungGen: 190493K->44666K(199680K)] 399762K->258767K(723968K), 0.0085586 secs] [Times: user=0.08 sys=0.00, real=0.01 secs] 
2016-09-13T17:54:27.538-0400: 122.572: [GC (GCLocker Initiated GC) [PSYoungGen: 183930K->23309K(200704K)] 405662K->246835K(724992K), 0.0211870 secs] [Times: user=0.18 sys=0.00, real=0.02 secs] 
2016-09-13T17:54:27.783-0400: 122.817: [GC (GCLocker Initiated GC) [PSYoungGen: 162573K->46341K(197120K)] 387874K->290080K(721408K), 0.0200292 secs] [Times: user=0.22 sys=0.00, real=0.02 secs] 
2016-09-13T17:54:28.007-0400: 123.041: [GC (GCLocker Initiated GC) [PSYoungGen: 182533K->9853K(146432K)] 435407K->262964K(670720K), 0.0099868 secs] [Times: user=0.13 sys=0.00, real=0.02 secs] 
2016-09-13T17:54:28.228-0400: 123.262: [GC (GCLocker Initiated GC) [PSYoungGen: 146045K->32426K(200704K)] 399242K->285777K(724992K), 0.0097486 secs] [Times: user=0.11 sys=0.00, real=0.01 secs] 
2016-09-13T17:54:28.461-0400: 123.495: [GC (GCLocker Initiated GC) [PSYoungGen: 168618K->24913K(161280K)] 428164K->287667K(685568K), 0.0279393 secs] [Times: user=0.23 sys=0.00, real=0.03 secs] 
2016-09-13T17:54:28.677-0400: 123.711: [GC (GCLocker Initiated GC) [PSYoungGen: 161105K->40173K(196096K)] 425612K->313998K(720384K), 0.0123826 secs] [Times: user=0.11 sys=0.00, real=0.01 secs] 
2016-09-13T17:54:28.900-0400: 123.934: [GC (GCLocker Initiated GC) [PSYoungGen: 176365K->41534K(196096K)] 453459K->318911K(720384K), 0.0316615 secs] [Times: user=0.32 sys=0.00, real=0.03 secs] 
2016-09-13T17:54:29.106-0400: 124.141: [GC (GCLocker Initiated GC) [PSYoungGen: 177726K->49382K(194560K)] 455237K->327031K(718848K), 0.0144237 secs] [Times: user=0.14 sys=0.00, real=0.02 secs] 
2016-09-13T17:54:29.328-0400: 124.362: [GC (Allocation Failure) [PSYoungGen: 183526K->41757K(198144K)] 461205K->319783K(722432K), 0.0225126 secs] [Times: user=0.24 sys=0.01, real=0.02 secs] 
2016-09-13T17:54:29.562-0400: 124.596: [GC (GCLocker Initiated GC) [PSYoungGen: 171264K->23281K(196608K)] 455365K->307635K(720896K), 0.0155066 secs] [Times: user=0.16 sys=0.00, real=0.02 secs] 
2016-09-13T17:54:29.790-0400: 124.824: [GC (GCLocker Initiated GC) [PSYoungGen: 157937K->47613K(182272K)] 442434K->332370K(706560K), 0.0262974 secs] [Times: user=0.26 sys=0.00, real=0.03 secs] 
2016-09-13T17:54:30.002-0400: 125.037: [GC (GCLocker Initiated GC) [PSYoungGen: 182269K->9735K(194048K)] 476188K->303864K(718336K), 0.0117854 secs] [Times: user=0.12 sys=0.00, real=0.01 secs] 
2016-09-13T17:54:30.247-0400: 125.281: [GC (GCLocker Initiated GC) [PSYoungGen: 138759K->44607K(174080K)] 434661K->346793K(698368K), 0.0079521 secs] [Times: user=0.06 sys=0.00, real=0.01 secs] 
2016-09-13T17:54:30.457-0400: 125.491: [GC (GCLocker Initiated GC) [PSYoungGen: 173631K->44640K(193024K)] 475970K->347180K(717312K), 0.0097607 secs] [Times: user=0.08 sys=0.00, real=0.00 secs] 
2016-09-13T17:54:30.648-0400: 125.682: [GC (GCLocker Initiated GC) [PSYoungGen: 170592K->14504K(194048K)] 485455K->329588K(718336K), 0.0115887 secs] [Times: user=0.12 sys=0.00, real=0.01 secs] 
2016-09-13T17:54:30.855-0400: 125.890: [GC (GCLocker Initiated GC) [PSYoungGen: 140456K->44853K(192000K)] 457151K->361832K(716288K), 0.0117673 secs] [Times: user=0.12 sys=0.00, real=0.01 secs] 
2016-09-13T17:54:31.057-0400: 126.091: [GC (Allocation Failure) [PSYoungGen: 168757K->23218K(147456K)] 492161K->348342K(671744K), 0.0209243 secs] [Times: user=0.25 sys=0.00, real=0.02 secs] 
2016-09-13T17:54:31.264-0400: 126.298: [GC (GCLocker Initiated GC) [PSYoungGen: 147122K->51024K(188416K)] 472249K->376231K(712704K), 0.0066941 secs] [Times: user=0.07 sys=0.00, real=0.01 secs] 
2016-09-13T17:54:31.449-0400: 126.483: [GC (GCLocker Initiated GC) [PSYoungGen: 171856K->43404K(191488K)] 497065K->368979K(715776K), 0.0092639 secs] [Times: user=0.09 sys=0.00, real=0.01 secs] 
2016-09-13T17:54:31.647-0400: 126.682: [GC (Allocation Failure) [PSYoungGen: 164236K->32708K(185856K)] 496095K->364785K(710144K), 0.0109684 secs] [Times: user=0.11 sys=0.00, real=0.02 secs] 
2016-09-13T17:54:31.881-0400: 126.915: [GC (GCLocker Initiated GC) [PSYoungGen: 154049K->43117K(188928K)] 486132K->375393K(713216K), 0.0204711 secs] [Times: user=0.24 sys=0.00, real=0.02 secs] 
2016-09-13T17:54:32.069-0400: 127.104: [GC (GCLocker Initiated GC) [PSYoungGen: 164461K->42070K(192000K)] 499945K->377751K(716288K), 0.0092638 secs] [Times: user=0.13 sys=0.00, real=0.01 secs] 
2016-09-13T17:54:32.252-0400: 127.287: [GC (Allocation Failure) [PSYoungGen: 169558K->44832K(193536K)] 505454K->381008K(717824K), 0.0077154 secs] [Times: user=0.09 sys=0.00, real=0.01 secs] 
2016-09-13T17:54:32.451-0400: 127.485: [GC (GCLocker Initiated GC) [PSYoungGen: 172320K->41475K(193024K)] 508502K->377713K(717312K), 0.0118329 secs] [Times: user=0.07 sys=0.01, real=0.01 secs] 
2016-09-13T17:54:32.666-0400: 127.701: [GC (Allocation Failure) [PSYoungGen: 171523K->43121K(194560K)] 507789K->379518K(718848K), 0.0173010 secs] [Times: user=0.18 sys=0.01, real=0.02 secs] 
2016-09-13T17:54:32.881-0400: 127.915: [GC (GCLocker Initiated GC) [PSYoungGen: 173169K->40015K(193024K)] 509571K->378079K(717312K), 0.0237832 secs] [Times: user=0.26 sys=0.00, real=0.02 secs] 
2016-09-13T17:54:33.098-0400: 128.132: [GC (GCLocker Initiated GC) [PSYoungGen: 173647K->26633K(195584K)] 513331K->366513K(719872K), 0.0147136 secs] [Times: user=0.19 sys=0.00, real=0.01 secs] 
2016-09-13T17:54:33.318-0400: 128.352: [GC (GCLocker Initiated GC) [PSYoungGen: 160265K->41507K(198656K)] 501930K->386416K(722944K), 0.0218683 secs] [Times: user=0.25 sys=0.00, real=0.02 secs] 
2016-09-13T17:54:33.540-0400: 128.574: [GC (GCLocker Initiated GC) [PSYoungGen: 180259K->28147K(199680K)] 531253K->379252K(723968K), 0.0101740 secs] [Times: user=0.12 sys=0.00, real=0.01 secs] 
2016-09-13T17:54:33.784-0400: 128.818: [GC (GCLocker Initiated GC) [PSYoungGen: 166899K->34067K(198144K)] 518027K->385440K(722432K), 0.0052233 secs] [Times: user=0.06 sys=0.00, real=0.01 secs] 
2016-09-13T17:54:34.004-0400: 129.038: [GC (GCLocker Initiated GC) [PSYoungGen: 175379K->10077K(199680K)] 532970K->383054K(723968K), 0.0126054 secs] [Times: user=0.14 sys=0.00, real=0.02 secs] 
2016-09-13T17:54:34.249-0400: 129.283: [GC (GCLocker Initiated GC) [PSYoungGen: 151389K->29552K(201728K)] 530637K->409055K(726016K), 0.0226820 secs] [Times: user=0.21 sys=0.00, real=0.02 secs] 
2016-09-13T17:54:34.491-0400: 129.526: [GC (GCLocker Initiated GC) [PSYoungGen: 171888K->41843K(201216K)] 553090K->423291K(725504K), 0.0109731 secs] [Times: user=0.13 sys=0.00, real=0.01 secs] 
2016-09-13T17:54:34.719-0400: 129.754: [GC (GCLocker Initiated GC) [PSYoungGen: 184179K->46191K(198656K)] 567169K->429377K(722944K), 0.0173326 secs] [Times: user=0.15 sys=0.01, real=0.02 secs] 
2016-09-13T17:54:34.951-0400: 129.985: [GC (GCLocker Initiated GC) [PSYoungGen: 185455K->25014K(200704K)] 568688K->417527K(724992K), 0.0145654 secs] [Times: user=0.16 sys=0.00, real=0.01 secs] 
2016-09-13T17:54:35.159-0400: 130.193: [GC (GCLocker Initiated GC) [PSYoungGen: 164278K->28055K(196608K)] 559998K->424031K(720896K), 0.0337938 secs] [Times: user=0.38 sys=0.00, real=0.03 secs] 
2016-09-13T17:54:35.403-0400: 130.437: [GC (GCLocker Initiated GC) [PSYoungGen: 168343K->11350K(199168K)] 570520K->413686K(723456K), 0.0342140 secs] [Times: user=0.39 sys=0.01, real=0.04 secs] 
2016-09-13T17:54:35.645-0400: 130.679: [GC (GCLocker Initiated GC) [PSYoungGen: 151638K->26532K(200704K)] 560214K->435321K(724992K), 0.0064487 secs] [Times: user=0.05 sys=0.00, real=0.01 secs] 
2016-09-13T17:54:35.865-0400: 130.899: [GC (GCLocker Initiated GC) [PSYoungGen: 169380K->49229K(192512K)] 578199K->458325K(716800K), 0.0123793 secs] [Times: user=0.14 sys=0.00, real=0.02 secs] 
2016-09-13T17:54:36.099-0400: 131.133: [GC (GCLocker Initiated GC) [PSYoungGen: 192077K->24955K(201216K)] 609052K->448159K(725504K), 0.0225276 secs] [Times: user=0.21 sys=0.01, real=0.02 secs] 
2016-09-13T17:54:36.341-0400: 131.375: [GC (GCLocker Initiated GC) [PSYoungGen: 163707K->23405K(162304K)] 594753K->459398K(686592K), 0.0165426 secs] [Times: user=0.18 sys=0.00, real=0.02 secs] 
2016-09-13T17:54:36.582-0400: 131.617: [GC (GCLocker Initiated GC) [PSYoungGen: 162157K->9645K(197120K)] 601212K->448897K(721408K), 0.0274541 secs] [Times: user=0.29 sys=0.00, real=0.03 secs] 
2016-09-13T17:54:36.816-0400: 131.851: [GC (GCLocker Initiated GC) [PSYoungGen: 147373K->46403K(198144K)] 588384K->487629K(722432K), 0.0117538 secs] [Times: user=0.12 sys=0.01, real=0.01 secs] 
2016-09-13T17:54:37.058-0400: 132.092: [GC (GCLocker Initiated GC) [PSYoungGen: 184131K->44577K(194560K)] 631611K->492258K(718848K), 0.0258992 secs] [Times: user=0.27 sys=0.00, real=0.02 secs] 
2016-09-13T17:54:37.273-0400: 132.307: [GC (GCLocker Initiated GC) [PSYoungGen: 175649K->44762K(176128K)] 623584K->492828K(700416K), 0.0075788 secs] [Times: user=0.08 sys=0.00, real=0.01 secs] 
2016-09-13T17:54:37.466-0400: 132.500: [GC (Allocation Failure) [PSYoungGen: 175834K->41757K(195584K)] 624183K->490330K(719872K), 0.0248170 secs] [Times: user=0.27 sys=0.00, real=0.03 secs] 
2016-09-13T17:54:37.685-0400: 132.719: [GC (GCLocker Initiated GC) [PSYoungGen: 168232K->32485K(161280K)] 622881K->487335K(685568K), 0.0220631 secs] [Times: user=0.23 sys=0.00, real=0.02 secs] 
2016-09-13T17:54:37.899-0400: 132.933: [GC (GCLocker Initiated GC) [PSYoungGen: 160997K->27902K(193536K)] 628222K->495274K(717824K), 0.0244085 secs] [Times: user=0.24 sys=0.00, real=0.02 secs] 
2016-09-13T17:54:38.104-0400: 133.138: [GC (GCLocker Initiated GC) [PSYoungGen: 157950K->49287K(192000K)] 625638K->517126K(716288K), 0.0069261 secs] [Times: user=0.05 sys=0.01, real=0.01 secs] 
2016-09-13T17:54:38.324-0400: 133.358: [GC (GCLocker Initiated GC) [PSYoungGen: 179335K->38591K(198144K)] 648992K->510040K(722432K), 0.0071444 secs] [Times: user=0.05 sys=0.00, real=0.01 secs] 
2016-09-13T17:54:38.556-0400: 133.590: [GC (GCLocker Initiated GC) [PSYoungGen: 172735K->4993K(139264K)] 651953K->484463K(663552K), 0.0244573 secs] [Times: user=0.26 sys=0.00, real=0.02 secs] 
2016-09-13T17:54:38.800-0400: 133.834: [GC (Allocation Failure) [PSYoungGen: 139137K->23650K(198144K)] 620349K->505025K(722432K), 0.0145101 secs] [Times: user=0.15 sys=0.01, real=0.01 secs] 
2016-09-13T17:54:39.003-0400: 134.038: [GC (GCLocker Initiated GC) [PSYoungGen: 150972K->26282K(159232K)] 638422K->513838K(683520K), 0.0213544 secs] [Times: user=0.27 sys=0.01, real=0.02 secs] 
2016-09-13T17:54:39.231-0400: 134.265: [GC (GCLocker Initiated GC) [PSYoungGen: 158890K->58682K(186368K)] 646586K->546614K(710656K), 0.0078971 secs] [Times: user=0.11 sys=0.00, real=0.01 secs] 
2016-09-13T17:54:39.415-0400: 134.449: [GC (GCLocker Initiated GC) [PSYoungGen: 183610K->34063K(193536K)] 671615K->529886K(717824K), 0.0063886 secs] [Times: user=0.05 sys=0.00, real=0.01 secs] 
2016-09-13T17:54:39.629-0400: 134.663: [GC (GCLocker Initiated GC) [PSYoungGen: 158991K->34046K(184320K)] 654895K->530195K(708608K), 0.0090955 secs] [Times: user=0.08 sys=0.00, real=0.01 secs] 
2016-09-13T17:54:39.826-0400: 134.860: [GC (GCLocker Initiated GC) [PSYoungGen: 162046K->50966K(190464K)] 658344K->547360K(714752K), 0.0087832 secs] [Times: user=0.10 sys=0.00, real=0.01 secs] 
2016-09-13T17:54:40.032-0400: 135.066: [GC (GCLocker Initiated GC) [PSYoungGen: 178966K->32804K(197120K)] 675420K->529574K(721408K), 0.0096343 secs] [Times: user=0.12 sys=0.00, real=0.01 secs] 
2016-09-13T17:54:40.251-0400: 135.285: [GC (Allocation Failure) [PSYoungGen: 165412K->6575K(196096K)] 674522K->515788K(720384K), 0.0222050 secs] [Times: user=0.20 sys=0.02, real=0.02 secs] 
2016-09-13T17:54:40.474-0400: 135.508: [GC (GCLocker Initiated GC) [PSYoungGen: 139183K->41661K(196608K)] 648402K->550928K(720896K), 0.0415187 secs] [Times: user=0.49 sys=0.00, real=0.04 secs] 
2016-09-13T17:54:40.684-0400: 135.719: [GC (GCLocker Initiated GC) [PSYoungGen: 172733K->29570K(160768K)] 689703K->546808K(685056K), 0.0051168 secs] [Times: user=0.04 sys=0.00, real=0.01 secs] 
2016-09-13T17:54:40.898-0400: 135.932: [Full GC (Ergonomics) [PSYoungGen: 160642K->0K(160768K)] [ParOldGen: 523503K->45325K(524288K)] 684146K->45325K(685056K), [Metaspace: 44594K->44594K(1087488K)], 0.0582284 secs] [Times: user=0.28 sys=0.01, real=0.06 secs] 
2016-09-13T17:54:41.177-0400: 136.211: [GC (GCLocker Initiated GC) [PSYoungGen: 131072K->43456K(193024K)] 176571K->88956K(717312K), 0.0094087 secs] [Times: user=0.09 sys=0.00, real=0.00 secs] 
2016-09-13T17:54:41.352-0400: 136.386: [GC (GCLocker Initiated GC) [PSYoungGen: 173504K->29607K(194048K)] 219036K->98390K(718336K), 0.0188581 secs] [Times: user=0.22 sys=0.00, real=0.02 secs] 
2016-09-13T17:54:41.557-0400: 136.591: [GC (GCLocker Initiated GC) [PSYoungGen: 159655K->43344K(195584K)] 228655K->117111K(719872K), 0.0109553 secs] [Times: user=0.12 sys=0.00, real=0.01 secs] 
2016-09-13T17:54:41.754-0400: 136.788: [GC (GCLocker Initiated GC) [PSYoungGen: 177486K->27934K(196608K)] 252950K->103649K(720896K), 0.0287066 secs] [Times: user=0.32 sys=0.00, real=0.03 secs] 
2016-09-13T17:54:42.009-0400: 137.043: [GC (GCLocker Initiated GC) [PSYoungGen: 162078K->24955K(198144K)] 243894K->106956K(722432K), 0.0080953 secs] [Times: user=0.07 sys=0.00, real=0.01 secs] 
2016-09-13T17:54:42.220-0400: 137.255: [GC (GCLocker Initiated GC) [PSYoungGen: 163707K->46191K(198656K)] 245933K->133198K(722944K), 0.0179537 secs] [Times: user=0.18 sys=0.00, real=0.02 secs] 
2016-09-13T17:54:42.459-0400: 137.493: [GC (GCLocker Initiated GC) [PSYoungGen: 184943K->5488K(196096K)] 287213K->107901K(720384K), 0.0066713 secs] [Times: user=0.06 sys=0.00, real=0.00 secs] 
2016-09-13T17:54:42.683-0400: 137.717: [GC (GCLocker Initiated GC) [PSYoungGen: 139632K->40079K(198144K)] 243772K->144317K(722432K), 0.0187680 secs] [Times: user=0.17 sys=0.00, real=0.02 secs] 
2016-09-13T17:54:42.900-0400: 137.934: [GC (GCLocker Initiated GC) [PSYoungGen: 174223K->5307K(195072K)] 293727K->124891K(719360K), 0.0053267 secs] [Times: user=0.05 sys=0.00, real=0.00 secs] 
2016-09-13T17:54:43.114-0400: 138.148: [GC (GCLocker Initiated GC) [PSYoungGen: 136379K->49318K(180736K)] 256038K->169159K(705024K), 0.0126169 secs] [Times: user=0.12 sys=0.00, real=0.01 secs] 
2016-09-13T17:54:43.357-0400: 138.391: [GC (Allocation Failure) [PSYoungGen: 180390K->23373K(195072K)] 300301K->151174K(719360K), 0.0137329 secs] [Times: user=0.14 sys=0.00, real=0.01 secs] 
2016-09-13T17:54:43.538-0400: 138.572: [GC (GCLocker Initiated GC) [PSYoungGen: 149325K->49505K(175616K)] 277132K->177607K(699904K), 0.0252049 secs] [Times: user=0.28 sys=0.01, real=0.02 secs] 
2016-09-13T17:54:43.745-0400: 138.779: [GC (Allocation Failure) [PSYoungGen: 175457K->9735K(192000K)] 311253K->150353K(716288K), 0.0088547 secs] [Times: user=0.07 sys=0.00, real=0.01 secs] 
2016-09-13T17:54:43.998-0400: 139.032: [GC (GCLocker Initiated GC) [PSYoungGen: 131591K->9768K(192000K)] 272212K->158208K(716288K), 0.0066788 secs] [Times: user=0.06 sys=0.00, real=0.00 secs] 
2016-09-13T17:54:44.174-0400: 139.208: [GC (GCLocker Initiated GC) [PSYoungGen: 131624K->23775K(184832K)] 281747K->174077K(709120K), 0.0146672 secs] [Times: user=0.18 sys=0.01, real=0.02 secs] 
2016-09-13T17:54:44.346-0400: 139.380: [GC (Allocation Failure) [PSYoungGen: 145631K->44736K(188416K)] 296147K->195449K(712704K), 0.0129730 secs] [Times: user=0.15 sys=0.00, real=0.02 secs] 
2016-09-13T17:54:44.555-0400: 139.589: [GC (GCLocker Initiated GC) [PSYoungGen: 162197K->28089K(189952K)] 318986K->185103K(714240K), 0.0124619 secs] [Times: user=0.14 sys=0.00, real=0.02 secs] 
2016-09-13T17:54:44.776-0400: 139.810: [GC (GCLocker Initiated GC) [PSYoungGen: 154553K->25115K(191488K)] 311593K->182317K(715776K), 0.0042893 secs] [Times: user=0.04 sys=0.01, real=0.00 secs] 
2016-09-13T17:54:44.948-0400: 139.982: [GC (GCLocker Initiated GC) [PSYoungGen: 151579K->32680K(194048K)] 308951K->205622K(718336K), 0.0138974 secs] [Times: user=0.14 sys=0.00, real=0.01 secs] 
2016-09-13T17:54:45.184-0400: 140.218: [GC (Allocation Failure) [PSYoungGen: 167336K->21944K(195072K)] 340471K->195307K(719360K), 0.0062413 secs] [Times: user=0.05 sys=0.00, real=0.01 secs] 
2016-09-13T17:54:45.401-0400: 140.436: [GC (GCLocker Initiated GC) [PSYoungGen: 155108K->14483K(200192K)] 334546K->194221K(724480K), 0.0178289 secs] [Times: user=0.24 sys=0.00, real=0.02 secs] 
2016-09-13T17:54:45.649-0400: 140.683: [GC (GCLocker Initiated GC) [PSYoungGen: 157331K->22066K(200704K)] 344750K->209599K(724992K), 0.0117024 secs] [Times: user=0.09 sys=0.00, real=0.01 secs] 
2016-09-13T17:54:45.873-0400: 140.907: [GC (GCLocker Initiated GC) [PSYoungGen: 164914K->46281K(197120K)] 352617K->235783K(721408K), 0.0099828 secs] [Times: user=0.09 sys=0.00, real=0.01 secs] 
2016-09-13T17:54:46.096-0400: 141.131: [GC (GCLocker Initiated GC) [PSYoungGen: 187593K->44608K(186368K)] 377284K->234422K(710656K), 0.0132386 secs] [Times: user=0.11 sys=0.00, real=0.01 secs] 
2016-09-13T17:54:46.336-0400: 141.370: [GC (GCLocker Initiated GC) [PSYoungGen: 185920K->27865K(201728K)] 382012K->224155K(726016K), 0.0375501 secs] [Times: user=0.42 sys=0.01, real=0.03 secs] 
2016-09-13T17:54:46.618-0400: 141.652: [GC (Allocation Failure) [PSYoungGen: 166617K->20302K(159232K)] 370642K->224434K(683520K), 0.0323645 secs] [Times: user=0.33 sys=0.00, real=0.03 secs] 
2016-09-13T17:54:46.856-0400: 141.890: [GC (GCLocker Initiated GC) [PSYoungGen: 158224K->58469K(187904K)] 363874K->273539K(712192K), 0.0092258 secs] [Times: user=0.08 sys=0.00, real=0.00 secs] 
2016-09-13T17:54:47.030-0400: 142.065: [GC (Allocation Failure) [PSYoungGen: 187493K->40175K(195584K)] 402594K->255428K(719872K), 0.0065331 secs] [Times: user=0.06 sys=0.00, real=0.01 secs] 
2016-09-13T17:54:47.215-0400: 142.249: [GC (GCLocker Initiated GC) [PSYoungGen: 169199K->25140K(191488K)] 384454K->245149K(715776K), 0.0050033 secs] [Times: user=0.03 sys=0.00, real=0.01 secs] 
2016-09-13T17:54:47.433-0400: 142.467: [GC (Allocation Failure) [PSYoungGen: 154164K->32517K(193536K)] 374273K->252825K(717824K), 0.0237059 secs] [Times: user=0.23 sys=0.00, real=0.03 secs] 
2016-09-13T17:54:47.659-0400: 142.693: [GC (Allocation Failure) [PSYoungGen: 160913K->5211K(195072K)] 381220K->236221K(719360K), 0.0056409 secs] [Times: user=0.04 sys=0.00, real=0.00 secs] 
2016-09-13T17:54:47.847-0400: 142.881: [GC (GCLocker Initiated GC) [PSYoungGen: 138843K->44731K(196608K)] 369856K->275896K(720896K), 0.0218582 secs] [Times: user=0.23 sys=0.00, real=0.03 secs] 
2016-09-13T17:54:48.062-0400: 143.096: [GC (GCLocker Initiated GC) [PSYoungGen: 178363K->46254K(192512K)] 411244K->279340K(716800K), 0.0064189 secs] [Times: user=0.05 sys=0.00, real=0.01 secs] 
2016-09-13T17:54:48.274-0400: 143.308: [GC (GCLocker Initiated GC) [PSYoungGen: 173230K->53785K(181248K)] 406342K->287115K(705536K), 0.0142067 secs] [Times: user=0.15 sys=0.01, real=0.02 secs] 
2016-09-13T17:54:48.511-0400: 143.545: [GC (GCLocker Initiated GC) [PSYoungGen: 180761K->49350K(186880K)] 414205K->290518K(711168K), 0.0095991 secs] [Times: user=0.09 sys=0.00, real=0.01 secs] 
2016-09-13T17:54:48.695-0400: 143.729: [GC (GCLocker Initiated GC) [PSYoungGen: 164038K->26378K(141312K)] 411317K->280005K(665600K), 0.0097564 secs] [Times: user=0.10 sys=0.00, real=0.01 secs] 
2016-09-13T17:54:48.865-0400: 143.900: [GC (GCLocker Initiated GC) [PSYoungGen: 141066K->47895K(186880K)] 394859K->303420K(711168K), 0.0152916 secs] [Times: user=0.15 sys=0.01, real=0.02 secs] 
2016-09-13T17:54:49.056-0400: 144.090: [GC (GCLocker Initiated GC) [PSYoungGen: 163095K->24956K(187904K)] 424946K->287032K(712192K), 0.0120305 secs] [Times: user=0.11 sys=0.00, real=0.01 secs] 
2016-09-13T17:54:49.249-0400: 144.283: [GC (GCLocker Initiated GC) [PSYoungGen: 140156K->10059K(188416K)] 416073K->286139K(712704K), 0.0209049 secs] [Times: user=0.24 sys=0.00, real=0.02 secs] 
2016-09-13T17:54:49.453-0400: 144.487: [GC (GCLocker Initiated GC) [PSYoungGen: 127307K->28280K(145920K)] 411178K->312369K(670208K), 0.0098859 secs] [Times: user=0.14 sys=0.00, real=0.01 secs] 
2016-09-13T17:54:49.646-0400: 144.680: [GC (GCLocker Initiated GC) [PSYoungGen: 145528K->42967K(187392K)] 429683K->327315K(711680K), 0.0154533 secs] [Times: user=0.15 sys=0.00, real=0.02 secs] 
2016-09-13T17:54:49.849-0400: 144.884: [GC (GCLocker Initiated GC) [PSYoungGen: 161751K->34233K(187904K)] 452199K->324801K(712192K), 0.0081157 secs] [Times: user=0.09 sys=0.00, real=0.01 secs] 
2016-09-13T17:54:50.051-0400: 145.085: [GC (Allocation Failure) [PSYoungGen: 153017K->3691K(188928K)] 457416K->317330K(713216K), 0.0129635 secs] [Times: user=0.11 sys=0.00, real=0.01 secs] 
2016-09-13T17:54:50.064-0400: 145.099: [GC (GCLocker Initiated GC) [PSYoungGen: 3701K->32K(190464K)] 317340K->323394K(714752K), 0.0046301 secs] [Times: user=0.04 sys=0.00, real=0.01 secs] 
2016-09-13T17:54:50.264-0400: 145.298: [GC (GCLocker Initiated GC) [PSYoungGen: 122912K->67767K(171520K)] 446277K->397208K(695808K), 0.0117356 secs] [Times: user=0.15 sys=0.00, real=0.02 secs] 
2016-09-13T17:54:50.453-0400: 145.488: [GC (GCLocker Initiated GC) [PSYoungGen: 170167K->10076K(182272K)] 511794K->379558K(706560K), 0.0076189 secs] [Times: user=0.10 sys=0.00, real=0.01 secs] 
2016-09-13T17:54:50.628-0400: 145.662: [GC (GCLocker Initiated GC) [PSYoungGen: 112476K->44545K(182272K)] 483673K->418972K(706560K), 0.0174474 secs] [Times: user=0.21 sys=0.00, real=0.01 secs] 
2016-09-13T17:54:50.813-0400: 145.847: [GC (GCLocker Initiated GC) [PSYoungGen: 147969K->46314K(150016K)] 522399K->420939K(674304K), 0.0066508 secs] [Times: user=0.08 sys=0.00, real=0.01 secs] 
2016-09-13T17:54:50.970-0400: 146.004: [GC (Allocation Failure) [PSYoungGen: 149738K->9830K(182784K)] 530678K->390917K(707072K), 0.0035657 secs] [Times: user=0.03 sys=0.00, real=0.00 secs] 
2016-09-13T17:54:51.111-0400: 146.145: [GC (GCLocker Initiated GC) [PSYoungGen: 112230K->47683K(150528K)] 493320K->429091K(674816K), 0.0217462 secs] [Times: user=0.22 sys=0.00, real=0.02 secs] 
2016-09-13T17:54:51.298-0400: 146.332: [GC (GCLocker Initiated GC) [PSYoungGen: 150083K->51029K(177152K)] 531551K->432704K(701440K), 0.0068598 secs] [Times: user=0.07 sys=0.00, real=0.00 secs] 
2016-09-13T17:54:51.454-0400: 146.489: [GC (GCLocker Initiated GC) [PSYoungGen: 147285K->67357K(163840K)] 530501K->450896K(688128K), 0.0075891 secs] [Times: user=0.06 sys=0.01, real=0.01 secs] 
2016-09-13T17:54:51.609-0400: 146.643: [GC (GCLocker Initiated GC) [PSYoungGen: 163613K->16008K(175104K)] 553344K->422636K(699392K), 0.0048568 secs] [Times: user=0.05 sys=0.00, real=0.00 secs] 
2016-09-13T17:54:51.746-0400: 146.780: [GC (Allocation Failure) [PSYoungGen: 104072K->23558K(112128K)] 512417K->432132K(636416K), 0.0147175 secs] [Times: user=0.20 sys=0.00, real=0.02 secs] 
2016-09-13T17:54:51.898-0400: 146.932: [GC (GCLocker Initiated GC) [PSYoungGen: 111622K->50966K(172544K)] 521715K->461454K(696832K), 0.0073862 secs] [Times: user=0.10 sys=0.00, real=0.00 secs] 
2016-09-13T17:54:52.056-0400: 147.091: [GC (GCLocker Initiated GC) [PSYoungGen: 138006K->31121K(118272K)] 554793K->448248K(642560K), 0.0106793 secs] [Times: user=0.11 sys=0.01, real=0.00 secs] 
2016-09-13T17:54:52.202-0400: 147.236: [GC (GCLocker Initiated GC) [PSYoungGen: 118161K->14551K(173568K)] 543044K->448874K(697856K), 0.0049840 secs] [Times: user=0.05 sys=0.00, real=0.00 secs] 
2016-09-13T17:54:52.351-0400: 147.385: [GC (GCLocker Initiated GC) [PSYoungGen: 105687K->11068K(172544K)] 546107K->451761K(696832K), 0.0112499 secs] [Times: user=0.09 sys=0.00, real=0.01 secs] 
2016-09-13T17:54:52.489-0400: 147.523: [GC (GCLocker Initiated GC) [PSYoungGen: 102204K->56699K(172544K)] 543293K->503986K(696832K), 0.0121172 secs] [Times: user=0.10 sys=0.00, real=0.01 secs] 
2016-09-13T17:54:52.650-0400: 147.684: [GC (GCLocker Initiated GC) [PSYoungGen: 148859K->42096K(177152K)] 597709K->491196K(701440K), 0.0064154 secs] [Times: user=0.06 sys=0.00, real=0.01 secs] 
2016-09-13T17:54:52.823-0400: 147.857: [GC (GCLocker Initiated GC) [PSYoungGen: 134256K->29324K(166912K)] 583378K->478764K(691200K), 0.0180062 secs] [Times: user=0.17 sys=0.01, real=0.02 secs] 
2016-09-13T17:54:52.995-0400: 148.029: [GC (GCLocker Initiated GC) [PSYoungGen: 123532K->9831K(173056K)] 579161K->479394K(697344K), 0.0176711 secs] [Times: user=0.18 sys=0.00, real=0.02 secs] 
2016-09-13T17:54:53.158-0400: 148.192: [GC (GCLocker Initiated GC) [PSYoungGen: 104039K->30848K(173568K)] 573627K->500712K(697856K), 0.0125752 secs] [Times: user=0.13 sys=0.00, real=0.01 secs] 
2016-09-13T17:54:53.310-0400: 148.344: [GC (GCLocker Initiated GC) [PSYoungGen: 135808K->32485K(178688K)] 605703K->504092K(702976K), 0.0098701 secs] [Times: user=0.10 sys=0.00, real=0.01 secs] 
2016-09-13T17:54:53.466-0400: 148.501: [GC (Allocation Failure) [PSYoungGen: 137445K->47736K(187904K)] 609194K->524310K(712192K), 0.0209868 secs] [Times: user=0.18 sys=0.01, real=0.02 secs] 
2016-09-13T17:54:53.677-0400: 148.711: [GC (GCLocker Initiated GC) [PSYoungGen: 165409K->62802K(180736K)] 643502K->544083K(705024K), 0.0150791 secs] [Times: user=0.16 sys=0.00, real=0.01 secs] 
2016-09-13T17:54:53.870-0400: 148.904: [GC (GCLocker Initiated GC) [PSYoungGen: 180562K->62897K(171520K)] 662159K->544691K(695808K), 0.0136363 secs] [Times: user=0.13 sys=0.00, real=0.01 secs] 
2016-09-13T17:54:54.017-0400: 149.051: [GC (GCLocker Initiated GC) [PSYoungGen: 155057K->27992K(177152K)] 638396K->511599K(701440K), 0.0183702 secs] [Times: user=0.19 sys=0.01, real=0.01 secs] 
2016-09-13T17:54:54.158-0400: 149.192: [GC (GCLocker Initiated GC) [PSYoungGen: 120152K->23218K(170496K)] 611445K->523825K(694784K), 0.0215997 secs] [Times: user=0.23 sys=0.00, real=0.02 secs] 
2016-09-13T17:54:54.310-0400: 149.344: [GC (GCLocker Initiated GC) [PSYoungGen: 117938K->58309K(175104K)] 618576K->559061K(699392K), 0.0085456 secs] [Times: user=0.06 sys=0.00, real=0.01 secs] 
2016-09-13T17:54:54.463-0400: 149.497: [GC (GCLocker Initiated GC) [PSYoungGen: 153029K->44762K(179712K)] 653803K->553356K(704000K), 0.0120656 secs] [Times: user=0.11 sys=0.00, real=0.01 secs] 
2016-09-13T17:54:54.648-0400: 149.682: [Full GC (Ergonomics) [PSYoungGen: 141018K->0K(179712K)] [ParOldGen: 514690K->32001K(524288K)] 655709K->32001K(704000K), [Metaspace: 44617K->44617K(1087488K)], 0.0696087 secs] [Times: user=0.41 sys=0.01, real=0.07 secs] 
2016-09-13T17:54:54.833-0400: 149.867: [GC (GCLocker Initiated GC) [PSYoungGen: 96256K->62897K(159232K)] 128303K->94944K(683520K), 0.0194040 secs] [Times: user=0.19 sys=0.01, real=0.02 secs] 
2016-09-13T17:54:54.987-0400: 150.021: [GC (GCLocker Initiated GC) [PSYoungGen: 159153K->26473K(177664K)] 191230K->83174K(701952K), 0.0311574 secs] [Times: user=0.32 sys=0.00, real=0.04 secs] 
2016-09-13T17:54:55.114-0400: 150.148: [GC (GCLocker Initiated GC) [PSYoungGen: 117609K->44831K(136192K)] 180545K->114149K(660480K), 0.0156110 secs] [Times: user=0.19 sys=0.00, real=0.02 secs] 
2016-09-13T17:54:55.252-0400: 150.286: [GC (GCLocker Initiated GC) [PSYoungGen: 135967K->28206K(175104K)] 211553K->103985K(699392K), 0.0130153 secs] [Times: user=0.15 sys=0.01, real=0.01 secs] 
2016-09-13T17:54:55.429-0400: 150.463: [GC (Allocation Failure) [PSYoungGen: 121390K->38661K(173056K)] 197446K->116587K(697344K), 0.0142643 secs] [Times: user=0.15 sys=0.00, real=0.01 secs] 
2016-09-13T17:54:55.568-0400: 150.602: [GC (GCLocker Initiated GC) [PSYoungGen: 131845K->49197K(176128K)] 209776K->127397K(700416K), 0.0069851 secs] [Times: user=0.06 sys=0.00, real=0.00 secs] 
2016-09-13T17:54:55.719-0400: 150.754: [GC (GCLocker Initiated GC) [PSYoungGen: 149549K->58430K(176128K)] 227991K->137026K(700416K), 0.0295432 secs] [Times: user=0.35 sys=0.00, real=0.03 secs] 
2016-09-13T17:54:55.896-0400: 150.931: [GC (GCLocker Initiated GC) [PSYoungGen: 158782K->26442K(183808K)] 249558K->117475K(708096K), 0.0079436 secs] [Times: user=0.06 sys=0.00, real=0.00 secs] 
2016-09-13T17:54:56.051-0400: 151.085: [GC (GCLocker Initiated GC) [PSYoungGen: 130890K->48086K(152576K)] 222166K->139516K(676864K), 0.0107290 secs] [Times: user=0.12 sys=0.00, real=0.01 secs] 
2016-09-13T17:54:56.246-0400: 151.280: [GC (GCLocker Initiated GC) [PSYoungGen: 152534K->9869K(180224K)] 251617K->109306K(704512K), 0.0034653 secs] [Times: user=0.03 sys=0.01, real=0.01 secs] 
2016-09-13T17:54:56.417-0400: 151.451: [GC (GCLocker Initiated GC) [PSYoungGen: 112781K->52356K(181760K)] 212376K->152032K(706048K), 0.0218116 secs] [Times: user=0.26 sys=0.00, real=0.02 secs] 
2016-09-13T17:54:56.621-0400: 151.655: [GC (GCLocker Initiated GC) [PSYoungGen: 155268K->31067K(178688K)] 254960K->130823K(702976K), 0.0093610 secs] [Times: user=0.07 sys=0.00, real=0.01 secs] 
2016-09-13T17:54:56.792-0400: 151.826: [GC (GCLocker Initiated GC) [PSYoungGen: 133979K->28369K(180224K)] 241376K->142083K(704512K), 0.0203243 secs] [Times: user=0.24 sys=0.00, real=0.02 secs] 
2016-09-13T17:54:56.935-0400: 151.969: [GC (GCLocker Initiated GC) [PSYoungGen: 131281K->61534K(176640K)] 245215K->175698K(700928K), 0.0295258 secs] [Times: user=0.37 sys=0.00, real=0.03 secs] 
2016-09-13T17:54:57.090-0400: 152.125: [GC (GCLocker Initiated GC) [PSYoungGen: 162910K->63019K(164864K)] 277297K->177611K(689152K), 0.0096356 secs] [Times: user=0.10 sys=0.00, real=0.01 secs] 
2016-09-13T17:54:57.247-0400: 152.281: [GC (GCLocker Initiated GC) [PSYoungGen: 164395K->44794K(180224K)] 279171K->159830K(704512K), 0.0096211 secs] [Times: user=0.08 sys=0.01, real=0.02 secs] 
2016-09-13T17:54:57.416-0400: 152.450: [GC (GCLocker Initiated GC) [PSYoungGen: 140026K->46409K(141824K)] 255293K->161937K(666112K), 0.0232101 secs] [Times: user=0.21 sys=0.01, real=0.02 secs] 
2016-09-13T17:54:57.575-0400: 152.610: [GC (GCLocker Initiated GC) [PSYoungGen: 141641K->24768K(175104K)] 258735K->142071K(699392K), 0.0170601 secs] [Times: user=0.17 sys=0.00, real=0.02 secs] 
2016-09-13T17:54:57.700-0400: 152.734: [GC (GCLocker Initiated GC) [PSYoungGen: 120512K->61315K(174592K)] 238074K->178965K(698880K), 0.0210106 secs] [Times: user=0.21 sys=0.00, real=0.02 secs] 
2016-09-13T17:54:57.874-0400: 152.908: [GC (Allocation Failure) [PSYoungGen: 157059K->41725K(179712K)] 275065K->159901K(704000K), 0.0361159 secs] [Times: user=0.37 sys=0.00, real=0.04 secs] 
2016-09-13T17:54:58.053-0400: 153.087: [GC (GCLocker Initiated GC) [PSYoungGen: 137659K->41724K(179712K)] 261910K->166235K(704000K), 0.0102952 secs] [Times: user=0.08 sys=0.01, real=0.01 secs] 
2016-09-13T17:54:58.234-0400: 153.268: [GC (GCLocker Initiated GC) [PSYoungGen: 142588K->41507K(180736K)] 268649K->167761K(705024K), 0.0074164 secs] [Times: user=0.04 sys=0.00, real=0.01 secs] 
2016-09-13T17:54:58.403-0400: 153.437: [GC (GCLocker Initiated GC) [PSYoungGen: 148515K->43243K(179712K)] 276505K->172940K(704000K), 0.0061864 secs] [Times: user=0.05 sys=0.00, real=0.01 secs] 
2016-09-13T17:54:58.555-0400: 153.589: [GC (Allocation Failure) [PSYoungGen: 150251K->67454K(178688K)] 280205K->209823K(702976K), 0.0189725 secs] [Times: user=0.18 sys=0.00, real=0.02 secs] 
2016-09-13T17:54:58.741-0400: 153.775: [GC (GCLocker Initiated GC) [PSYoungGen: 175854K->29698K(185344K)] 319742K->228490K(709632K), 0.0218338 secs] [Times: user=0.22 sys=0.00, real=0.02 secs] 
2016-09-13T17:54:58.904-0400: 153.938: [GC (GCLocker Initiated GC) [PSYoungGen: 138754K->64438K(177152K)] 337567K->263394K(701440K), 0.0165830 secs] [Times: user=0.16 sys=0.00, real=0.02 secs] 
2016-09-13T17:54:59.089-0400: 154.123: [GC (GCLocker Initiated GC) [PSYoungGen: 165814K->6755K(108544K)] 383066K->227152K(632832K), 0.0104228 secs] [Times: user=0.10 sys=0.01, real=0.01 secs] 
2016-09-13T17:54:59.259-0400: 154.293: [GC (Allocation Failure) [PSYoungGen: 108131K->49260K(180224K)] 328695K->270108K(704512K), 0.0175874 secs] [Times: user=0.16 sys=0.00, real=0.02 secs] 
2016-09-13T17:54:59.277-0400: 154.311: [GC (GCLocker Initiated GC) [PSYoungGen: 49619K->32K(97280K)] 270467K->277505K(621568K), 0.0071983 secs] [Times: user=0.06 sys=0.00, real=0.00 secs] 
2016-09-13T17:54:59.425-0400: 154.459: [GC (GCLocker Initiated GC) [PSYoungGen: 96478K->69530K(173568K)] 375469K->348522K(697856K), 0.0125885 secs] [Times: user=0.13 sys=0.00, real=0.02 secs] 
2016-09-13T17:54:59.553-0400: 154.587: [GC (GCLocker Initiated GC) [PSYoungGen: 157594K->43094K(175104K)] 438429K->348715K(699392K), 0.0086181 secs] [Times: user=0.07 sys=0.00, real=0.01 secs] 
2016-09-13T17:54:59.689-0400: 154.723: [GC (GCLocker Initiated GC) [PSYoungGen: 131158K->50780K(174080K)] 442898K->362745K(698368K), 0.0095476 secs] [Times: user=0.12 sys=0.00, real=0.01 secs] 
2016-09-13T17:54:59.849-0400: 154.883: [GC (GCLocker Initiated GC) [PSYoungGen: 138844K->20371K(174592K)] 458497K->347847K(698880K), 0.0086777 secs] [Times: user=0.08 sys=0.00, real=0.01 secs] 
2016-09-13T17:55:00.016-0400: 155.050: [GC (GCLocker Initiated GC) [PSYoungGen: 108435K->34009K(168448K)] 435933K->361783K(692736K), 0.0094295 secs] [Times: user=0.10 sys=0.01, real=0.00 secs] 
2016-09-13T17:55:00.162-0400: 155.196: [GC (GCLocker Initiated GC) [PSYoungGen: 123609K->25055K(172032K)] 457653K->376055K(696320K), 0.0118018 secs] [Times: user=0.11 sys=0.00, real=0.01 secs] 
2016-09-13T17:55:00.303-0400: 155.337: [GC (GCLocker Initiated GC) [PSYoungGen: 114655K->61314K(173056K)] 467441K->414399K(697344K), 0.0080771 secs] [Times: user=0.04 sys=0.00, real=0.01 secs] 
2016-09-13T17:55:00.456-0400: 155.490: [GC (GCLocker Initiated GC) [PSYoungGen: 153474K->47891K(177152K)] 506612K->401167K(701440K), 0.0296043 secs] [Times: user=0.38 sys=0.00, real=0.02 secs] 
2016-09-13T17:55:00.638-0400: 155.672: [GC (GCLocker Initiated GC) [PSYoungGen: 140051K->50939K(174592K)] 493624K->415460K(698880K), 0.0074514 secs] [Times: user=0.08 sys=0.00, real=0.00 secs] 
2016-09-13T17:55:00.766-0400: 155.800: [GC (GCLocker Initiated GC) [PSYoungGen: 144635K->49351K(176640K)] 510851K->415816K(700928K), 0.0065910 secs] [Times: user=0.07 sys=0.01, real=0.01 secs] 
2016-09-13T17:55:00.910-0400: 155.944: [GC (Allocation Failure) [PSYoungGen: 143047K->23658K(177664K)] 512594K->393490K(701952K), 0.0215707 secs] [Times: user=0.28 sys=0.00, real=0.02 secs] 
2016-09-13T17:55:01.085-0400: 156.119: [GC (GCLocker Initiated GC) [PSYoungGen: 120840K->24822K(178688K)] 496747K->400993K(702976K), 0.0153757 secs] [Times: user=0.14 sys=0.00, real=0.02 secs] 
2016-09-13T17:55:01.256-0400: 156.290: [GC (Allocation Failure) [PSYoungGen: 122614K->9857K(179200K)] 511021K->398496K(703488K), 0.0037140 secs] [Times: user=0.02 sys=0.00, real=0.00 secs] 
2016-09-13T17:55:01.260-0400: 156.294: [GC (GCLocker Initiated GC) [PSYoungGen: 9868K->64K(100352K)] 398507K->398352K(624640K), 0.0113489 secs] [Times: user=0.12 sys=0.00, real=0.01 secs] 
2016-09-13T17:55:01.430-0400: 156.464: [GC (GCLocker Initiated GC) [PSYoungGen: 99904K->81462K(170496K)] 498194K->479753K(694784K), 0.0216785 secs] [Times: user=0.24 sys=0.00, real=0.02 secs] 
2016-09-13T17:55:01.568-0400: 156.602: [GC (GCLocker Initiated GC) [PSYoungGen: 169526K->24960K(175104K)] 570969K->458716K(699392K), 0.0141545 secs] [Times: user=0.14 sys=0.00, real=0.01 secs] 
2016-09-13T17:55:01.705-0400: 156.739: [GC (GCLocker Initiated GC) [PSYoungGen: 113024K->62802K(175104K)] 547054K->496912K(699392K), 0.0174473 secs] [Times: user=0.20 sys=0.00, real=0.02 secs] 
2016-09-13T17:55:01.855-0400: 156.889: [GC (GCLocker Initiated GC) [PSYoungGen: 150866K->43339K(175104K)] 585157K->477768K(699392K), 0.0113041 secs] [Times: user=0.09 sys=0.01, real=0.01 secs] 
2016-09-13T17:55:02.010-0400: 157.045: [GC (GCLocker Initiated GC) [PSYoungGen: 131403K->20217K(175104K)] 571933K->461074K(699392K), 0.0042968 secs] [Times: user=0.03 sys=0.00, real=0.00 secs] 
2016-09-13T17:55:02.144-0400: 157.178: [GC (GCLocker Initiated GC) [PSYoungGen: 108281K->27927K(116224K)] 550847K->478261K(640512K), 0.0336509 secs] [Times: user=0.34 sys=0.00, real=0.04 secs] 
2016-09-13T17:55:02.300-0400: 157.334: [GC (GCLocker Initiated GC) [PSYoungGen: 115991K->41715K(177664K)] 568095K->494146K(701952K), 0.0060905 secs] [Times: user=0.05 sys=0.00, real=0.00 secs] 
2016-09-13T17:55:02.452-0400: 157.486: [GC (GCLocker Initiated GC) [PSYoungGen: 132851K->23496K(114688K)] 593102K->483826K(638976K), 0.0223395 secs] [Times: user=0.22 sys=0.01, real=0.02 secs] 
2016-09-13T17:55:02.625-0400: 157.659: [GC (Allocation Failure) [PSYoungGen: 114632K->47645K(173056K)] 575154K->508342K(697344K), 0.0140985 secs] [Times: user=0.13 sys=0.00, real=0.02 secs] 
2016-09-13T17:55:02.774-0400: 157.808: [GC (GCLocker Initiated GC) [PSYoungGen: 138485K->11168K(173056K)] 600700K->479757K(697344K), 0.0266222 secs] [Times: user=0.23 sys=0.00, real=0.03 secs] 
2016-09-13T17:55:02.920-0400: 157.954: [GC (GCLocker Initiated GC) [PSYoungGen: 103328K->67417K(168960K)] 571962K->536237K(693248K), 0.0147376 secs] [Times: user=0.15 sys=0.00, real=0.01 secs] 
2016-09-13T17:55:03.062-0400: 158.096: [GC (GCLocker Initiated GC) [PSYoungGen: 155481K->64601K(175104K)] 627527K->545930K(699392K), 0.0138528 secs] [Times: user=0.14 sys=0.00, real=0.01 secs] 
2016-09-13T17:55:03.204-0400: 158.239: [GC (GCLocker Initiated GC) [PSYoungGen: 152665K->46217K(175104K)] 634019K->527799K(699392K), 0.0222784 secs] [Times: user=0.24 sys=0.00, real=0.02 secs] 
2016-09-13T17:55:03.345-0400: 158.380: [GC (GCLocker Initiated GC) [PSYoungGen: 134281K->41602K(130048K)] 616174K->534410K(654336K), 0.0096326 secs] [Times: user=0.08 sys=0.00, real=0.01 secs] 
2016-09-13T17:55:03.485-0400: 158.519: [GC (GCLocker Initiated GC) [PSYoungGen: 129666K->40084K(177664K)] 622652K->551578K(701952K), 0.0194844 secs] [Times: user=0.18 sys=0.01, real=0.02 secs] 
2016-09-13T17:55:03.505-0400: 158.539: [Full GC (Ergonomics) [PSYoungGen: 40084K->0K(177664K)] [ParOldGen: 511494K->38448K(524288K)] 551578K->38448K(701952K), [Metaspace: 44635K->44635K(1087488K)], 0.0604471 secs] [Times: user=0.30 sys=0.00, real=0.06 secs] 
2016-09-13T17:55:03.662-0400: 158.696: [GC (GCLocker Initiated GC) [PSYoungGen: 92160K->81282K(173568K)] 130786K->119909K(697856K), 0.0151570 secs] [Times: user=0.16 sys=0.00, real=0.02 secs] 
2016-09-13T17:55:03.817-0400: 158.851: [GC (GCLocker Initiated GC) [PSYoungGen: 173442K->59860K(175104K)] 212288K->118742K(699392K), 0.0158609 secs] [Times: user=0.14 sys=0.01, real=0.01 secs] 
2016-09-13T17:55:03.952-0400: 158.986: [GC (GCLocker Initiated GC) [PSYoungGen: 147924K->49351K(175104K)] 206836K->108500K(699392K), 0.0254139 secs] [Times: user=0.28 sys=0.00, real=0.03 secs] 
2016-09-13T17:55:04.090-0400: 159.124: [GC (GCLocker Initiated GC) [PSYoungGen: 137415K->46222K(172032K)] 196574K->116272K(696320K), 0.0138654 secs] [Times: user=0.14 sys=0.00, real=0.01 secs] 
2016-09-13T17:55:04.218-0400: 159.252: [GC (GCLocker Initiated GC) [PSYoungGen: 134286K->43121K(173568K)] 204574K->113682K(697856K), 0.0101373 secs] [Times: user=0.10 sys=0.00, real=0.01 secs] 
2016-09-13T17:55:04.349-0400: 159.383: [GC (GCLocker Initiated GC) [PSYoungGen: 131185K->28094K(174592K)] 203379K->100462K(698880K), 0.0231312 secs] [Times: user=0.27 sys=0.00, real=0.02 secs] 
2016-09-13T17:55:04.512-0400: 159.546: [GC (GCLocker Initiated GC) [PSYoungGen: 120766K->45013K(174592K)] 199478K->123872K(698880K), 0.0097180 secs] [Times: user=0.11 sys=0.00, real=0.01 secs] 
2016-09-13T17:55:04.669-0400: 159.703: [GC (GCLocker Initiated GC) [PSYoungGen: 137685K->26537K(177152K)] 222641K->111804K(701440K), 0.0108430 secs] [Times: user=0.10 sys=0.00, real=0.01 secs] 
2016-09-13T17:55:04.830-0400: 159.864: [GC (GCLocker Initiated GC) [PSYoungGen: 125353K->23372K(176640K)] 213798K->116507K(700928K), 0.0110019 secs] [Times: user=0.11 sys=0.00, real=0.01 secs] 
2016-09-13T17:55:04.977-0400: 160.011: [GC (Allocation Failure) [PSYoungGen: 122188K->27961K(181760K)] 215532K->121519K(706048K), 0.0238476 secs] [Times: user=0.26 sys=0.01, real=0.02 secs] 
2016-09-13T17:55:05.129-0400: 160.163: [GC (GCLocker Initiated GC) [PSYoungGen: 128492K->23532K(182784K)] 228125K->123335K(707072K), 0.0172077 secs] [Times: user=0.16 sys=0.01, real=0.01 secs] 
2016-09-13T17:55:05.306-0400: 160.341: [GC (GCLocker Initiated GC) [PSYoungGen: 130028K->53758K(182784K)] 230014K->153953K(707072K), 0.0154333 secs] [Times: user=0.14 sys=0.00, real=0.02 secs] 
2016-09-13T17:55:05.484-0400: 160.518: [GC (GCLocker Initiated GC) [PSYoungGen: 161278K->44704K(184832K)] 261499K->145056K(709120K), 0.0192061 secs] [Times: user=0.21 sys=0.00, real=0.02 secs] 
2016-09-13T17:55:05.678-0400: 160.712: [GC (GCLocker Initiated GC) [PSYoungGen: 152224K->49473K(184320K)] 252602K->162243K(708608K), 0.0115162 secs] [Times: user=0.12 sys=0.00, real=0.01 secs] 
2016-09-13T17:55:05.847-0400: 160.881: [GC (GCLocker Initiated GC) [PSYoungGen: 158529K->25050K(184832K)] 279015K->147280K(709120K), 0.0095321 secs] [Times: user=0.07 sys=0.00, real=0.02 secs] 
2016-09-13T17:55:06.040-0400: 161.075: [GC (GCLocker Initiated GC) [PSYoungGen: 134106K->27934K(183808K)] 256416K->150438K(708096K), 0.0171668 secs] [Times: user=0.17 sys=0.00, real=0.02 secs] 
2016-09-13T17:55:06.215-0400: 161.249: [GC (GCLocker Initiated GC) [PSYoungGen: 139550K->26446K(184832K)] 263616K->150757K(709120K), 0.0055100 secs] [Times: user=0.03 sys=0.00, real=0.01 secs] 
2016-09-13T17:55:06.406-0400: 161.441: [GC (GCLocker Initiated GC) [PSYoungGen: 138062K->8279K(186880K)] 268559K->146548K(711168K), 0.0190049 secs] [Times: user=0.21 sys=0.00, real=0.02 secs] 
2016-09-13T17:55:06.619-0400: 161.653: [GC (GCLocker Initiated GC) [PSYoungGen: 123479K->43280K(188416K)] 261972K->182072K(712704K), 0.0129510 secs] [Times: user=0.12 sys=0.00, real=0.01 secs] 
2016-09-13T17:55:06.807-0400: 161.842: [GC (Allocation Failure) [PSYoungGen: 158480K->31148K(182272K)] 303580K->176473K(706560K), 0.0065811 secs] [Times: user=0.05 sys=0.00, real=0.01 secs] 
2016-09-13T17:55:06.992-0400: 162.026: [GC (GCLocker Initiated GC) [PSYoungGen: 147372K->31099K(185856K)] 292697K->184231K(710144K), 0.0054211 secs] [Times: user=0.04 sys=0.00, real=0.01 secs] 
2016-09-13T17:55:07.167-0400: 162.201: [GC (Allocation Failure) [PSYoungGen: 147323K->43025K(192000K)] 300751K->196588K(716288K), 0.0120342 secs] [Times: user=0.09 sys=0.01, real=0.02 secs] 
2016-09-13T17:55:07.377-0400: 162.411: [GC (GCLocker Initiated GC) [PSYoungGen: 168977K->46276K(192512K)] 322553K->200046K(716800K), 0.0137442 secs] [Times: user=0.13 sys=0.00, real=0.01 secs] 
2016-09-13T17:55:07.597-0400: 162.631: [GC (GCLocker Initiated GC) [PSYoungGen: 172228K->44698K(194560K)] 327784K->200522K(718848K), 0.0279022 secs] [Times: user=0.24 sys=0.00, real=0.02 secs] 
2016-09-13T17:55:07.822-0400: 162.856: [GC (GCLocker Initiated GC) [PSYoungGen: 171674K->30939K(158208K)] 327526K->187035K(682496K), 0.0096706 secs] [Times: user=0.08 sys=0.00, real=0.01 secs] 
2016-09-13T17:55:08.009-0400: 163.043: [GC (GCLocker Initiated GC) [PSYoungGen: 157915K->26320K(193536K)] 315590K->188811K(717824K), 0.0096925 secs] [Times: user=0.09 sys=0.00, real=0.01 secs] 
2016-09-13T17:55:08.206-0400: 163.240: [GC (GCLocker Initiated GC) [PSYoungGen: 154320K->61533K(189952K)] 322911K->251573K(714240K), 0.0094108 secs] [Times: user=0.07 sys=0.00, real=0.02 secs] 
2016-09-13T17:55:08.427-0400: 163.461: [GC (GCLocker Initiated GC) [PSYoungGen: 189533K->2173K(184832K)] 387170K->266935K(709120K), 0.0103591 secs] [Times: user=0.10 sys=0.00, real=0.02 secs] 
2016-09-13T17:55:08.628-0400: 163.662: [GC (GCLocker Initiated GC) [PSYoungGen: 115837K->40116K(187904K)] 383798K->308270K(712192K), 0.0159108 secs] [Times: user=0.17 sys=0.00, real=0.01 secs] 
2016-09-13T17:55:08.810-0400: 163.844: [GC (GCLocker Initiated GC) [PSYoungGen: 153780K->21923K(183808K)] 428034K->296348K(708096K), 0.0036227 secs] [Times: user=0.02 sys=0.00, real=0.00 secs] 
2016-09-13T17:55:08.991-0400: 164.025: [GC (Allocation Failure) [PSYoungGen: 137635K->26527K(186368K)] 412123K->307249K(710656K), 0.0078726 secs] [Times: user=0.05 sys=0.00, real=0.01 secs] 
2016-09-13T17:55:09.195-0400: 164.229: [GC (GCLocker Initiated GC) [PSYoungGen: 140689K->6665K(191488K)] 427486K->301324K(715776K), 0.0270441 secs] [Times: user=0.28 sys=0.00, real=0.03 secs] 
2016-09-13T17:55:09.410-0400: 164.444: [GC (GCLocker Initiated GC) [PSYoungGen: 129545K->28024K(151040K)] 431993K->330658K(675328K), 0.0173564 secs] [Times: user=0.18 sys=0.00, real=0.01 secs] 
2016-09-13T17:55:09.602-0400: 164.636: [GC (GCLocker Initiated GC) [PSYoungGen: 150904K->40169K(190464K)] 453540K->342998K(714752K), 0.0096341 secs] [Times: user=0.08 sys=0.00, real=0.01 secs] 
2016-09-13T17:55:09.819-0400: 164.854: [GC (Allocation Failure) [PSYoungGen: 164585K->23281K(190464K)] 473794K->332700K(714752K), 0.0084137 secs] [Times: user=0.06 sys=0.01, real=0.01 secs] 
2016-09-13T17:55:10.018-0400: 165.052: [GC (GCLocker Initiated GC) [PSYoungGen: 147697K->41661K(193024K)] 457121K->351306K(717312K), 0.0257221 secs] [Times: user=0.23 sys=0.00, real=0.02 secs] 
2016-09-13T17:55:10.223-0400: 165.257: [GC (GCLocker Initiated GC) [PSYoungGen: 170685K->50870K(180224K)] 480513K->360888K(704512K), 0.0087170 secs] [Times: user=0.08 sys=0.00, real=0.01 secs] 
2016-09-13T17:55:10.452-0400: 165.486: [GC (GCLocker Initiated GC) [PSYoungGen: 179894K->27838K(196096K)] 502289K->350545K(720384K), 0.0116682 secs] [Times: user=0.10 sys=0.00, real=0.01 secs] 
2016-09-13T17:55:10.649-0400: 165.683: [GC (GCLocker Initiated GC) [PSYoungGen: 155326K->10180K(193536K)] 491848K->346814K(717824K), 0.0150503 secs] [Times: user=0.17 sys=0.00, real=0.01 secs] 
2016-09-13T17:55:10.876-0400: 165.910: [GC (Allocation Failure) [PSYoungGen: 137668K->41443K(193536K)] 474556K->378583K(717824K), 0.0252860 secs] [Times: user=0.25 sys=0.00, real=0.02 secs] 
2016-09-13T17:55:10.902-0400: 165.936: [GC (GCLocker Initiated GC) [PSYoungGen: 41462K->64K(127488K)] 378602K->380041K(651776K), 0.0075579 secs] [Times: user=0.06 sys=0.00, real=0.01 secs] 
2016-09-13T17:55:11.114-0400: 166.148: [GC (GCLocker Initiated GC) [PSYoungGen: 127040K->66025K(173568K)] 507031K->446016K(697856K), 0.0113945 secs] [Times: user=0.11 sys=0.00, real=0.01 secs] 
2016-09-13T17:55:11.253-0400: 166.287: [GC (Allocation Failure) [PSYoungGen: 170473K->32547K(183296K)] 550780K->440535K(707584K), 0.0120732 secs] [Times: user=0.09 sys=0.00, real=0.01 secs] 
2016-09-13T17:55:11.417-0400: 166.451: [GC (Allocation Failure) [PSYoungGen: 136995K->24795K(172544K)] 544983K->432964K(696832K), 0.0235498 secs] [Times: user=0.22 sys=0.00, real=0.02 secs] 
2016-09-13T17:55:11.603-0400: 166.638: [GC (GCLocker Initiated GC) [PSYoungGen: 132547K->32459K(180224K)] 546791K->446834K(704512K), 0.0265744 secs] [Times: user=0.26 sys=0.00, real=0.03 secs] 
2016-09-13T17:55:11.786-0400: 166.820: [GC (GCLocker Initiated GC) [PSYoungGen: 141515K->32517K(181248K)] 555940K->447037K(705536K), 0.0150521 secs] [Times: user=0.17 sys=0.01, real=0.02 secs] 
2016-09-13T17:55:11.965-0400: 166.999: [GC (GCLocker Initiated GC) [PSYoungGen: 155909K->23517K(187904K)] 572200K->440076K(712192K), 0.0111192 secs] [Times: user=0.10 sys=0.00, real=0.02 secs] 
2016-09-13T17:55:12.150-0400: 167.184: [GC (GCLocker Initiated GC) [PSYoungGen: 146909K->29452K(190464K)] 563652K->446435K(714752K), 0.0100918 secs] [Times: user=0.08 sys=0.00, real=0.01 secs] 
2016-09-13T17:55:12.387-0400: 167.421: [GC (GCLocker Initiated GC) [PSYoungGen: 164620K->18880K(195072K)] 583147K->437664K(719360K), 0.0221324 secs] [Times: user=0.22 sys=0.01, real=0.03 secs] 
2016-09-13T17:55:12.621-0400: 167.655: [GC (Allocation Failure) [PSYoungGen: 154048K->40493K(201216K)] 573010K->474909K(725504K), 0.0237755 secs] [Times: user=0.24 sys=0.00, real=0.02 secs] 
2016-09-13T17:55:12.851-0400: 167.885: [GC (GCLocker Initiated GC) [PSYoungGen: 180115K->11255K(153600K)] 620605K->452092K(677888K), 0.0295156 secs] [Times: user=0.34 sys=0.00, real=0.03 secs] 
2016-09-13T17:55:13.093-0400: 168.127: [GC (GCLocker Initiated GC) [PSYoungGen: 153591K->34131K(202752K)] 600595K->481333K(727040K), 0.0178933 secs] [Times: user=0.17 sys=0.00, real=0.02 secs] 
2016-09-13T17:55:13.353-0400: 168.387: [GC (GCLocker Initiated GC) [PSYoungGen: 176467K->2200K(144896K)] 635836K->472327K(669184K), 0.0076926 secs] [Times: user=0.05 sys=0.01, real=0.01 secs] 
2016-09-13T17:55:13.567-0400: 168.601: [GC (Allocation Failure) [PSYoungGen: 144536K->44672K(195072K)] 614768K->515238K(719360K), 0.0118915 secs] [Times: user=0.09 sys=0.00, real=0.02 secs] 
2016-09-13T17:55:13.780-0400: 168.814: [GC (GCLocker Initiated GC) [PSYoungGen: 178282K->47550K(181760K)] 650367K->524318K(706048K), 0.0095262 secs] [Times: user=0.07 sys=0.00, real=0.01 secs] 
2016-09-13T17:55:13.993-0400: 169.027: [GC (GCLocker Initiated GC) [PSYoungGen: 181694K->18849K(196096K)] 658485K->495719K(720384K), 0.0178726 secs] [Times: user=0.17 sys=0.00, real=0.02 secs] 
2016-09-13T17:55:14.205-0400: 169.239: [GC (Allocation Failure) [PSYoungGen: 147361K->44767K(173568K)] 624429K->528124K(697856K), 0.0104857 secs] [Times: user=0.10 sys=0.00, real=0.02 secs] 
2016-09-13T17:55:14.416-0400: 169.450: [GC (GCLocker Initiated GC) [PSYoungGen: 173279K->29484K(197632K)] 656638K->512979K(721920K), 0.0128956 secs] [Times: user=0.14 sys=0.00, real=0.01 secs] 
2016-09-13T17:55:14.632-0400: 169.667: [GC (Allocation Failure) [PSYoungGen: 159020K->23558K(153600K)] 645717K->510369K(677888K), 0.0105528 secs] [Times: user=0.08 sys=0.00, real=0.01 secs] 
2016-09-13T17:55:14.840-0400: 169.874: [GC (GCLocker Initiated GC) [PSYoungGen: 153094K->26441K(194560K)] 639905K->513454K(718848K), 0.0198553 secs] [Times: user=0.19 sys=0.00, real=0.02 secs] 
2016-09-13T17:55:15.058-0400: 170.092: [GC (Allocation Failure) [PSYoungGen: 158537K->27929K(192000K)] 651854K->521455K(716288K), 0.0147826 secs] [Times: user=0.15 sys=0.00, real=0.01 secs] 
2016-09-13T17:55:15.279-0400: 170.313: [GC (GCLocker Initiated GC) [PSYoungGen: 160025K->47645K(192512K)] 653557K->541284K(716800K), 0.0149611 secs] [Times: user=0.14 sys=0.00, real=0.01 secs] 
2016-09-13T17:55:15.498-0400: 170.532: [Full GC (Ergonomics) [PSYoungGen: 183325K->0K(192512K)] [ParOldGen: 508908K->45802K(524288K)] 692234K->45802K(716800K), [Metaspace: 44637K->44637K(1087488K)], 0.0640291 secs] [Times: user=0.35 sys=0.01, real=0.06 secs] 
2016-09-13T17:55:15.728-0400: 170.762: [GC (GCLocker Initiated GC) [PSYoungGen: 135680K->58590K(194560K)] 181648K->104559K(718848K), 0.0295558 secs] [Times: user=0.32 sys=0.00, real=0.03 secs] 
2016-09-13T17:55:15.940-0400: 170.974: [GC (GCLocker Initiated GC) [PSYoungGen: 194270K->21954K(195072K)] 240277K->80516K(719360K), 0.0456417 secs] [Times: user=0.46 sys=0.00, real=0.04 secs] 
2016-09-13T17:55:16.150-0400: 171.184: [GC (GCLocker Initiated GC) [PSYoungGen: 149442K->52357K(180224K)] 208190K->112854K(704512K), 0.0260076 secs] [Times: user=0.29 sys=0.01, real=0.03 secs] 
2016-09-13T17:55:16.341-0400: 171.375: [GC (GCLocker Initiated GC) [PSYoungGen: 179845K->44731K(191488K)] 240369K->112921K(715776K), 0.0143028 secs] [Times: user=0.14 sys=0.00, real=0.01 secs] 
2016-09-13T17:55:16.559-0400: 171.593: [GC (GCLocker Initiated GC) [PSYoungGen: 165563K->24955K(145920K)] 239946K->108639K(670208K), 0.0139503 secs] [Times: user=0.12 sys=0.00, real=0.01 secs] 
2016-09-13T17:55:16.752-0400: 171.787: [GC (Allocation Failure) [PSYoungGen: 145787K->44634K(189440K)] 231105K->130404K(713728K), 0.0194866 secs] [Times: user=0.17 sys=0.00, real=0.02 secs] 
2016-09-13T17:55:16.962-0400: 171.996: [GC (GCLocker Initiated GC) [PSYoungGen: 164954K->40084K(189952K)] 250730K->127630K(714240K), 0.0063461 secs] [Times: user=0.04 sys=0.00, real=0.01 secs] 
2016-09-13T17:55:17.136-0400: 172.170: [GC (GCLocker Initiated GC) [PSYoungGen: 160404K->44817K(190464K)] 248137K->132709K(714752K), 0.0215484 secs] [Times: user=0.20 sys=0.01, real=0.03 secs] 
2016-09-13T17:55:17.377-0400: 172.411: [GC (GCLocker Initiated GC) [PSYoungGen: 167697K->41665K(190976K)] 257129K->132747K(715264K), 0.0057453 secs] [Times: user=0.05 sys=0.00, real=0.00 secs] 
2016-09-13T17:55:17.566-0400: 172.600: [GC (Allocation Failure) [PSYoungGen: 164545K->24801K(193536K)] 258816K->119394K(717824K), 0.0090812 secs] [Times: user=0.08 sys=0.00, real=0.01 secs] 
2016-09-13T17:55:17.748-0400: 172.782: [GC (GCLocker Initiated GC) [PSYoungGen: 151777K->47769K(193024K)] 246373K->143964K(717312K), 0.0095622 secs] [Times: user=0.09 sys=0.01, real=0.01 secs] 
2016-09-13T17:55:17.959-0400: 172.993: [GC (GCLocker Initiated GC) [PSYoungGen: 174745K->9804K(190976K)] 270962K->106217K(715264K), 0.0137280 secs] [Times: user=0.15 sys=0.00, real=0.01 secs] 
2016-09-13T17:55:18.153-0400: 173.187: [GC (GCLocker Initiated GC) [PSYoungGen: 133708K->15842K(193024K)] 230144K->112582K(717312K), 0.0156077 secs] [Times: user=0.17 sys=0.00, real=0.02 secs] 
2016-09-13T17:55:18.345-0400: 173.379: [GC (GCLocker Initiated GC) [PSYoungGen: 139746K->40232K(191488K)] 238227K->143513K(715776K), 0.0064198 secs] [Times: user=0.04 sys=0.00, real=0.01 secs] 
2016-09-13T17:55:18.578-0400: 173.612: [GC (GCLocker Initiated GC) [PSYoungGen: 164648K->9736K(192512K)] 268082K->118007K(716800K), 0.0028966 secs] [Times: user=0.02 sys=0.00, real=0.00 secs] 
2016-09-13T17:55:18.763-0400: 173.797: [GC (GCLocker Initiated GC) [PSYoungGen: 134152K->28055K(188416K)] 243961K->141041K(712704K), 0.0048124 secs] [Times: user=0.03 sys=0.00, real=0.01 secs] 
2016-09-13T17:55:18.947-0400: 173.981: [GC (GCLocker Initiated GC) [PSYoungGen: 153495K->34131K(190976K)] 266503K->147290K(715264K), 0.0244318 secs] [Times: user=0.26 sys=0.00, real=0.03 secs] 
2016-09-13T17:55:19.197-0400: 174.231: [GC (GCLocker Initiated GC) [PSYoungGen: 159571K->3914K(195072K)] 280440K->134101K(719360K), 0.0086604 secs] [Times: user=0.08 sys=0.00, real=0.00 secs] 
2016-09-13T17:55:19.409-0400: 174.443: [GC (GCLocker Initiated GC) [PSYoungGen: 136010K->32522K(196608K)] 267973K->164768K(720896K), 0.0185829 secs] [Times: user=0.18 sys=0.00, real=0.02 secs] 
2016-09-13T17:55:19.641-0400: 174.675: [GC (GCLocker Initiated GC) [PSYoungGen: 164618K->46313K(193536K)] 296978K->178816K(717824K), 0.0153793 secs] [Times: user=0.15 sys=0.00, real=0.02 secs] 
2016-09-13T17:55:19.857-0400: 174.891: [GC (GCLocker Initiated GC) [PSYoungGen: 177385K->59940K(191488K)] 310143K->192884K(715776K), 0.0479197 secs] [Times: user=0.41 sys=0.00, real=0.04 secs] 
2016-09-13T17:55:20.080-0400: 175.114: [GC (GCLocker Initiated GC) [PSYoungGen: 191012K->35781K(192000K)] 325485K->170525K(716288K), 0.0215521 secs] [Times: user=0.22 sys=0.01, real=0.02 secs] 
2016-09-13T17:55:20.247-0400: 175.281: [GC (GCLocker Initiated GC) [PSYoungGen: 157125K->49447K(171008K)] 291888K->198133K(695296K), 0.0098923 secs] [Times: user=0.11 sys=0.00, real=0.02 secs] 
2016-09-13T17:55:20.427-0400: 175.461: [GC (GCLocker Initiated GC) [PSYoungGen: 170791K->24954K(192000K)] 319528K->179936K(716288K), 0.0143301 secs] [Times: user=0.15 sys=0.01, real=0.02 secs] 
2016-09-13T17:55:20.617-0400: 175.652: [GC (GCLocker Initiated GC) [PSYoungGen: 144762K->34169K(154112K)] 299825K->194052K(678400K), 0.0097123 secs] [Times: user=0.08 sys=0.00, real=0.00 secs] 
2016-09-13T17:55:20.823-0400: 175.857: [GC (GCLocker Initiated GC) [PSYoungGen: 153977K->40111K(187392K)] 315595K->210986K(711680K), 0.0366952 secs] [Times: user=0.37 sys=0.01, real=0.04 secs] 
2016-09-13T17:55:21.031-0400: 176.065: [GC (GCLocker Initiated GC) [PSYoungGen: 160943K->34259K(186368K)] 333365K->206835K(710656K), 0.0269608 secs] [Times: user=0.34 sys=0.00, real=0.03 secs] 
2016-09-13T17:55:21.230-0400: 176.264: [GC (GCLocker Initiated GC) [PSYoungGen: 155091K->49352K(189440K)] 327698K->228201K(713728K), 0.0136020 secs] [Times: user=0.13 sys=0.00, real=0.01 secs] 
2016-09-13T17:55:21.425-0400: 176.459: [GC (GCLocker Initiated GC) [PSYoungGen: 176328K->44954K(192512K)] 356884K->233325K(716800K), 0.0099309 secs] [Times: user=0.11 sys=0.00, real=0.01 secs] 
2016-09-13T17:55:21.620-0400: 176.654: [GC (GCLocker Initiated GC) [PSYoungGen: 171930K->29547K(193536K)] 361998K->219809K(717824K), 0.0096673 secs] [Times: user=0.08 sys=0.00, real=0.01 secs] 
2016-09-13T17:55:21.847-0400: 176.882: [GC (GCLocker Initiated GC) [PSYoungGen: 160619K->6699K(195072K)] 364675K->210988K(719360K), 0.0296504 secs] [Times: user=0.31 sys=0.00, real=0.04 secs] 
2016-09-13T17:55:22.063-0400: 177.097: [GC (GCLocker Initiated GC) [PSYoungGen: 137771K->46382K(192512K)] 343768K->258715K(716800K), 0.0217879 secs] [Times: user=0.29 sys=0.00, real=0.02 secs] 
2016-09-13T17:55:22.273-0400: 177.307: [GC (GCLocker Initiated GC) [PSYoungGen: 172334K->41630K(194048K)] 384894K->254447K(718336K), 0.0093755 secs] [Times: user=0.09 sys=0.00, real=0.01 secs] 
2016-09-13T17:55:22.461-0400: 177.495: [GC (GCLocker Initiated GC) [PSYoungGen: 167582K->44858K(194048K)] 380628K->258027K(718336K), 0.0111834 secs] [Times: user=0.12 sys=0.00, real=0.01 secs] 
2016-09-13T17:55:22.698-0400: 177.732: [GC (GCLocker Initiated GC) [PSYoungGen: 171834K->26441K(153600K)] 397339K->252080K(677888K), 0.0111800 secs] [Times: user=0.09 sys=0.00, real=0.01 secs] 
2016-09-13T17:55:22.904-0400: 177.938: [GC (GCLocker Initiated GC) [PSYoungGen: 153417K->49382K(191488K)] 379081K->275307K(715776K), 0.0251263 secs] [Times: user=0.25 sys=0.00, real=0.03 secs] 
2016-09-13T17:55:23.134-0400: 178.168: [GC (Allocation Failure) [PSYoungGen: 174822K->5243K(131072K)] 408558K->250024K(655360K), 0.0112968 secs] [Times: user=0.12 sys=0.00, real=0.01 secs] 
2016-09-13T17:55:23.321-0400: 178.355: [GC (GCLocker Initiated GC) [PSYoungGen: 130683K->47960K(188416K)] 375470K->292925K(712704K), 0.0258818 secs] [Times: user=0.30 sys=0.00, real=0.02 secs] 
2016-09-13T17:55:23.521-0400: 178.555: [GC (GCLocker Initiated GC) [PSYoungGen: 165720K->29443K(147456K)] 410900K->274757K(671744K), 0.0137007 secs] [Times: user=0.12 sys=0.00, real=0.01 secs] 
2016-09-13T17:55:23.701-0400: 178.735: [GC (GCLocker Initiated GC) [PSYoungGen: 147203K->46248K(188416K)] 392734K->291968K(712704K), 0.0189751 secs] [Times: user=0.19 sys=0.00, real=0.02 secs] 
2016-09-13T17:55:23.898-0400: 178.932: [GC (GCLocker Initiated GC) [PSYoungGen: 165032K->46312K(188928K)] 416863K->298411K(713216K), 0.0062453 secs] [Times: user=0.04 sys=0.01, real=0.00 secs] 
2016-09-13T17:55:24.119-0400: 179.153: [GC (GCLocker Initiated GC) [PSYoungGen: 165096K->49137K(188416K)] 417212K->301517K(712704K), 0.0338026 secs] [Times: user=0.32 sys=0.00, real=0.03 secs] 
2016-09-13T17:55:24.299-0400: 179.333: [GC (GCLocker Initiated GC) [PSYoungGen: 166897K->44635K(189952K)] 426882K->309307K(714240K), 0.0116283 secs] [Times: user=0.08 sys=0.01, real=0.01 secs] 
2016-09-13T17:55:24.491-0400: 179.525: [GC (GCLocker Initiated GC) [PSYoungGen: 162395K->38623K(183296K)] 433498K->312877K(707584K), 0.0142600 secs] [Times: user=0.13 sys=0.01, real=0.01 secs] 
2016-09-13T17:55:24.697-0400: 179.731: [GC (GCLocker Initiated GC) [PSYoungGen: 157407K->27961K(186880K)] 444095K->314929K(711168K), 0.0054045 secs] [Times: user=0.04 sys=0.00, real=0.00 secs] 
2016-09-13T17:55:24.897-0400: 179.931: [GC (GCLocker Initiated GC) [PSYoungGen: 146745K->27997K(190464K)] 445929K->327295K(714752K), 0.0138130 secs] [Times: user=0.12 sys=0.00, real=0.01 secs] 
2016-09-13T17:55:25.130-0400: 180.164: [GC (GCLocker Initiated GC) [PSYoungGen: 155485K->5368K(193024K)] 468667K->318752K(717312K), 0.0303215 secs] [Times: user=0.30 sys=0.00, real=0.03 secs] 
2016-09-13T17:55:25.347-0400: 180.381: [GC (Allocation Failure) [PSYoungGen: 132856K->14361K(194560K)] 447836K->329566K(718848K), 0.0189151 secs] [Times: user=0.21 sys=0.00, real=0.02 secs] 
2016-09-13T17:55:25.558-0400: 180.592: [GC (GCLocker Initiated GC) [PSYoungGen: 140621K->9672K(194048K)] 457345K->326527K(718336K), 0.0097491 secs] [Times: user=0.12 sys=0.00, real=0.00 secs] 
2016-09-13T17:55:25.764-0400: 180.798: [GC (GCLocker Initiated GC) [PSYoungGen: 136136K->23553K(188928K)] 454511K->342008K(713216K), 0.0141207 secs] [Times: user=0.10 sys=0.00, real=0.02 secs] 
2016-09-13T17:55:25.949-0400: 180.983: [GC (GCLocker Initiated GC) [PSYoungGen: 150017K->32363K(191488K)] 468624K->351245K(715776K), 0.0093868 secs] [Times: user=0.07 sys=0.00, real=0.01 secs] 
2016-09-13T17:55:26.182-0400: 181.216: [GC (GCLocker Initiated GC) [PSYoungGen: 158827K->46308K(193024K)] 479467K->367177K(717312K), 0.0123584 secs] [Times: user=0.12 sys=0.00, real=0.01 secs] 
2016-09-13T17:55:26.397-0400: 181.431: [GC (Allocation Failure) [PSYoungGen: 176356K->26314K(196096K)] 497325K->347445K(720384K), 0.0094915 secs] [Times: user=0.07 sys=0.00, real=0.00 secs] 
2016-09-13T17:55:26.594-0400: 181.628: [GC (GCLocker Initiated GC) [PSYoungGen: 154996K->11409K(196096K)] 477646K->340197K(720384K), 0.0151427 secs] [Times: user=0.14 sys=0.00, real=0.02 secs] 
2016-09-13T17:55:26.823-0400: 181.857: [GC (GCLocker Initiated GC) [PSYoungGen: 144529K->30999K(196096K)] 473415K->360028K(720384K), 0.0171174 secs] [Times: user=0.17 sys=0.00, real=0.02 secs] 
2016-09-13T17:55:27.046-0400: 182.080: [GC (GCLocker Initiated GC) [PSYoungGen: 164119K->9986K(196608K)] 505474K->360683K(720896K), 0.0103099 secs] [Times: user=0.11 sys=0.00, real=0.02 secs] 
2016-09-13T17:55:27.255-0400: 182.289: [GC (GCLocker Initiated GC) [PSYoungGen: 146178K->44608K(196608K)] 497014K->395712K(720896K), 0.0179786 secs] [Times: user=0.16 sys=0.01, real=0.02 secs] 
2016-09-13T17:55:27.498-0400: 182.532: [GC (GCLocker Initiated GC) [PSYoungGen: 180800K->46217K(192000K)] 532116K->397613K(716288K), 0.0141027 secs] [Times: user=0.14 sys=0.00, real=0.01 secs] 
2016-09-13T17:55:27.697-0400: 182.731: [GC (GCLocker Initiated GC) [PSYoungGen: 174217K->28089K(156160K)] 539380K->393454K(680448K), 0.0235777 secs] [Times: user=0.23 sys=0.00, real=0.02 secs] 
2016-09-13T17:55:27.898-0400: 182.932: [GC (GCLocker Initiated GC) [PSYoungGen: 156089K->56785K(185344K)] 521476K->422311K(709632K), 0.0137353 secs] [Times: user=0.13 sys=0.01, real=0.01 secs] 
2016-09-13T17:55:28.101-0400: 183.135: [GC (GCLocker Initiated GC) [PSYoungGen: 178641K->34105K(192000K)] 544293K->404400K(716288K), 0.0133099 secs] [Times: user=0.14 sys=0.00, real=0.01 secs] 
2016-09-13T17:55:28.315-0400: 183.349: [GC (GCLocker Initiated GC) [PSYoungGen: 155961K->44577K(189952K)] 526502K->418302K(714240K), 0.0331235 secs] [Times: user=0.32 sys=0.00, real=0.04 secs] 
2016-09-13T17:55:28.545-0400: 183.579: [GC (Allocation Failure) [PSYoungGen: 169505K->28046K(192512K)] 549414K->408011K(716800K), 0.0135607 secs] [Times: user=0.13 sys=0.00, real=0.02 secs] 
2016-09-13T17:55:28.714-0400: 183.748: [GC (GCLocker Initiated GC) [PSYoungGen: 152974K->50902K(190464K)] 532939K->441849K(714752K), 0.0167989 secs] [Times: user=0.18 sys=0.00, real=0.02 secs] 
2016-09-13T17:55:28.907-0400: 183.941: [GC (GCLocker Initiated GC) [PSYoungGen: 175830K->49287K(174592K)] 566897K->440572K(698880K), 0.0096404 secs] [Times: user=0.07 sys=0.01, real=0.02 secs] 
2016-09-13T17:55:29.105-0400: 184.139: [GC (GCLocker Initiated GC) [PSYoungGen: 174215K->46345K(191488K)] 567041K->448462K(715776K), 0.0183689 secs] [Times: user=0.18 sys=0.00, real=0.02 secs] 
2016-09-13T17:55:29.334-0400: 184.368: [GC (Allocation Failure) [PSYoungGen: 167177K->12746K(133632K)] 575495K->431834K(657920K), 0.0280662 secs] [Times: user=0.31 sys=0.00, real=0.03 secs] 
2016-09-13T17:55:29.527-0400: 184.561: [GC (GCLocker Initiated GC) [PSYoungGen: 133578K->28046K(193024K)] 552666K->451812K(717312K), 0.0060980 secs] [Times: user=0.06 sys=0.01, real=0.01 secs] 
2016-09-13T17:55:29.715-0400: 184.749: [GC (GCLocker Initiated GC) [PSYoungGen: 149390K->41570K(163328K)] 574989K->467422K(687616K), 0.0072271 secs] [Times: user=0.05 sys=0.00, real=0.01 secs] 
2016-09-13T17:55:29.924-0400: 184.958: [GC (GCLocker Initiated GC) [PSYoungGen: 162914K->27928K(192000K)] 595019K->460192K(716288K), 0.0328718 secs] [Times: user=0.24 sys=0.00, real=0.04 secs] 
2016-09-13T17:55:30.136-0400: 185.170: [GC (Allocation Failure) [PSYoungGen: 151320K->24892K(189952K)] 590039K->463741K(714240K), 0.0166529 secs] [Times: user=0.16 sys=0.01, real=0.01 secs] 
2016-09-13T17:55:30.358-0400: 185.392: [GC (GCLocker Initiated GC) [PSYoungGen: 144643K->23340K(193536K)] 589567K->468371K(717824K), 0.0095251 secs] [Times: user=0.08 sys=0.00, real=0.00 secs] 
2016-09-13T17:55:30.542-0400: 185.576: [GC (GCLocker Initiated GC) [PSYoungGen: 151852K->50678K(192000K)] 597003K->496155K(716288K), 0.0202329 secs] [Times: user=0.21 sys=0.01, real=0.02 secs] 
2016-09-13T17:55:30.741-0400: 185.775: [GC (GCLocker Initiated GC) [PSYoungGen: 179190K->40083K(196096K)] 624942K->493689K(720384K), 0.0073240 secs] [Times: user=0.06 sys=0.00, real=0.01 secs] 
2016-09-13T17:55:30.948-0400: 185.983: [GC (GCLocker Initiated GC) [PSYoungGen: 169107K->21731K(151040K)] 624458K->477288K(675328K), 0.0061060 secs] [Times: user=0.03 sys=0.00, real=0.00 secs] 
2016-09-13T17:55:31.179-0400: 186.213: [GC (GCLocker Initiated GC) [PSYoungGen: 150755K->46096K(192512K)] 609440K->504837K(716800K), 0.0372284 secs] [Times: user=0.38 sys=0.01, real=0.04 secs] 
2016-09-13T17:55:31.398-0400: 186.432: [GC (GCLocker Initiated GC) [PSYoungGen: 173584K->27993K(194048K)] 632354K->505069K(718336K), 0.0086927 secs] [Times: user=0.06 sys=0.00, real=0.00 secs] 
2016-09-13T17:55:31.597-0400: 186.631: [GC (GCLocker Initiated GC) [PSYoungGen: 155481K->11446K(194048K)] 634398K->504261K(718336K), 0.0043931 secs] [Times: user=0.04 sys=0.00, real=0.00 secs] 
2016-09-13T17:55:31.803-0400: 186.837: [GC (Allocation Failure) [PSYoungGen: 140982K->46312K(176128K)] 635556K->541178K(700416K), 0.0186412 secs] [Times: user=0.19 sys=0.00, real=0.02 secs] 
2016-09-13T17:55:32.015-0400: 187.049: [GC (GCLocker Initiated GC) [PSYoungGen: 175848K->32585K(198144K)] 670717K->527671K(722432K), 0.0196693 secs] [Times: user=0.17 sys=0.00, real=0.02 secs] 
2016-09-13T17:55:32.238-0400: 187.272: [GC (GCLocker Initiated GC) [PSYoungGen: 163145K->34159K(164864K)] 659775K->531023K(689152K), 0.0276303 secs] [Times: user=0.36 sys=0.00, real=0.02 secs] 
2016-09-13T17:55:32.455-0400: 187.489: [Full GC (Ergonomics) [PSYoungGen: 164719K->0K(164864K)] [ParOldGen: 510608K->40313K(524288K)] 675327K->40313K(689152K), [Metaspace: 44640K->44640K(1087488K)], 0.0691936 secs] [Times: user=0.44 sys=0.01, real=0.07 secs] 
2016-09-13T17:55:32.698-0400: 187.732: [GC (GCLocker Initiated GC) [PSYoungGen: 130560K->46286K(189952K)] 178605K->94331K(714240K), 0.0054036 secs] [Times: user=0.04 sys=0.00, real=0.00 secs] 
2016-09-13T17:55:32.897-0400: 187.931: [GC (GCLocker Initiated GC) [PSYoungGen: 174798K->34161K(192000K)] 222884K->111468K(716288K), 0.0209754 secs] [Times: user=0.21 sys=0.00, real=0.02 secs] 
2016-09-13T17:55:33.099-0400: 188.133: [GC (GCLocker Initiated GC) [PSYoungGen: 162673K->47932K(196096K)] 241585K->136386K(720384K), 0.0202719 secs] [Times: user=0.20 sys=0.00, real=0.02 secs] 
2016-09-13T17:55:33.324-0400: 188.358: [GC (GCLocker Initiated GC) [PSYoungGen: 183100K->26314K(198144K)] 277696K->121080K(722432K), 0.0394576 secs] [Times: user=0.42 sys=0.00, real=0.04 secs] 
2016-09-13T17:55:33.547-0400: 188.581: [GC (GCLocker Initiated GC) [PSYoungGen: 161482K->28093K(195072K)] 265437K->139827K(719360K), 0.0094889 secs] [Times: user=0.09 sys=0.01, real=0.02 secs] 
2016-09-13T17:55:33.793-0400: 188.827: [GC (GCLocker Initiated GC) [PSYoungGen: 165309K->27928K(197632K)] 278654K->141451K(721920K), 0.0048761 secs] [Times: user=0.03 sys=0.00, real=0.01 secs] 
2016-09-13T17:55:34.009-0400: 189.043: [GC (Allocation Failure) [PSYoungGen: 165144K->23719K(199680K)] 278796K->142144K(723968K), 0.0093325 secs] [Times: user=0.10 sys=0.00, real=0.01 secs] 
2016-09-13T17:55:34.239-0400: 189.274: [GC (GCLocker Initiated GC) [PSYoungGen: 166567K->28152K(201216K)] 286511K->148306K(725504K), 0.0060090 secs] [Times: user=0.05 sys=0.00, real=0.00 secs] 
2016-09-13T17:55:34.454-0400: 189.488: [GC (Allocation Failure) [PSYoungGen: 171000K->51029K(196608K)] 291420K->171681K(720896K), 0.0140904 secs] [Times: user=0.16 sys=0.01, real=0.02 secs] 
2016-09-13T17:55:34.698-0400: 189.732: [GC (Allocation Failure) [PSYoungGen: 191317K->43057K(183808K)] 311969K->163895K(708096K), 0.0212817 secs] [Times: user=0.20 sys=0.00, real=0.02 secs] 
2016-09-13T17:55:34.919-0400: 189.953: [GC (GCLocker Initiated GC) [PSYoungGen: 179239K->28148K(202240K)] 306153K->155165K(726528K), 0.0065267 secs] [Times: user=0.06 sys=0.00, real=0.00 secs] 
2016-09-13T17:55:35.145-0400: 190.179: [GC (GCLocker Initiated GC) [PSYoungGen: 168948K->41634K(200704K)] 299027K->171871K(724992K), 0.0241759 secs] [Times: user=0.21 sys=0.00, real=0.03 secs] 
2016-09-13T17:55:35.381-0400: 190.415: [GC (GCLocker Initiated GC) [PSYoungGen: 182434K->30934K(199168K)] 314216K->162771K(723456K), 0.0423656 secs] [Times: user=0.46 sys=0.00, real=0.04 secs] 
2016-09-13T17:55:35.648-0400: 190.682: [GC (GCLocker Initiated GC) [PSYoungGen: 172758K->27928K(200192K)] 310766K->173798K(724480K), 0.0052946 secs] [Times: user=0.04 sys=0.00, real=0.00 secs] 
2016-09-13T17:55:35.875-0400: 190.909: [GC (GCLocker Initiated GC) [PSYoungGen: 169752K->46250K(200704K)] 315730K->192438K(724992K), 0.0101883 secs] [Times: user=0.10 sys=0.00, real=0.01 secs] 
2016-09-13T17:55:36.081-0400: 191.116: [GC (GCLocker Initiated GC) [PSYoungGen: 189610K->44730K(188416K)] 336007K->191167K(712704K), 0.0216081 secs] [Times: user=0.23 sys=0.00, real=0.02 secs] 
2016-09-13T17:55:36.304-0400: 191.339: [GC (GCLocker Initiated GC) [PSYoungGen: 188090K->56977K(190464K)] 334625K->215757K(714752K), 0.0127202 secs] [Times: user=0.12 sys=0.01, real=0.02 secs] 
2016-09-13T17:55:36.542-0400: 191.576: [GC (GCLocker Initiated GC) [PSYoungGen: 187025K->14202K(144384K)] 351903K->179202K(668672K), 0.0476864 secs] [Times: user=0.52 sys=0.01, real=0.05 secs] 
2016-09-13T17:55:36.751-0400: 191.785: [GC (GCLocker Initiated GC) [PSYoungGen: 144250K->12927K(193024K)] 315351K->185744K(717312K), 0.0141988 secs] [Times: user=0.15 sys=0.02, real=0.01 secs] 
2016-09-13T17:55:36.992-0400: 192.027: [GC (GCLocker Initiated GC) [PSYoungGen: 138879K->26351K(152576K)] 311714K->202456K(676864K), 0.0139650 secs] [Times: user=0.12 sys=0.00, real=0.01 secs] 
2016-09-13T17:55:37.175-0400: 192.209: [GC (GCLocker Initiated GC) [PSYoungGen: 152303K->46345K(191488K)] 329964K->228714K(715776K), 0.0105628 secs] [Times: user=0.10 sys=0.00, real=0.01 secs] 
2016-09-13T17:55:37.358-0400: 192.392: [GC (GCLocker Initiated GC) [PSYoungGen: 171785K->43309K(193024K)] 354265K->225943K(717312K), 0.0125975 secs] [Times: user=0.13 sys=0.00, real=0.01 secs] 
2016-09-13T17:55:37.573-0400: 192.608: [GC (GCLocker Initiated GC) [PSYoungGen: 168749K->11250K(192512K)] 357481K->200186K(716800K), 0.0126216 secs] [Times: user=0.18 sys=0.00, real=0.01 secs] 
2016-09-13T17:55:37.785-0400: 192.819: [GC (Allocation Failure) [PSYoungGen: 136178K->6827K(132096K)] 325138K->211130K(656384K), 0.0082468 secs] [Times: user=0.10 sys=0.00, real=0.01 secs] 
2016-09-13T17:55:37.973-0400: 193.007: [GC (GCLocker Initiated GC) [PSYoungGen: 131614K->55399K(181760K)] 337436K->261536K(706048K), 0.0121767 secs] [Times: user=0.14 sys=0.00, real=0.01 secs] 
2016-09-13T17:55:38.149-0400: 193.183: [GC (GCLocker Initiated GC) [PSYoungGen: 168039K->46319K(159232K)] 374250K->257375K(683520K), 0.0063852 secs] [Times: user=0.08 sys=0.00, real=0.00 secs] 
2016-09-13T17:55:38.341-0400: 193.375: [GC (Allocation Failure) [PSYoungGen: 158959K->23628K(188928K)] 376204K->241174K(713216K), 0.0058514 secs] [Times: user=0.06 sys=0.00, real=0.00 secs] 
2016-09-13T17:55:38.515-0400: 193.549: [GC (GCLocker Initiated GC) [PSYoungGen: 136780K->44736K(186368K)] 354331K->262489K(710656K), 0.0215753 secs] [Times: user=0.29 sys=0.01, real=0.03 secs] 
2016-09-13T17:55:38.719-0400: 193.754: [GC (GCLocker Initiated GC) [PSYoungGen: 157888K->37383K(184832K)] 381741K->261502K(709120K), 0.0052529 secs] [Times: user=0.07 sys=0.01, real=0.00 secs] 
2016-09-13T17:55:38.901-0400: 193.935: [GC (GCLocker Initiated GC) [PSYoungGen: 152583K->62962K(178176K)] 376742K->291800K(702464K), 0.0280182 secs] [Times: user=0.36 sys=0.00, real=0.03 secs] 
2016-09-13T17:55:39.097-0400: 194.131: [GC (GCLocker Initiated GC) [PSYoungGen: 178162K->44831K(185344K)] 408710K->286255K(709632K), 0.0074420 secs] [Times: user=0.09 sys=0.00, real=0.00 secs] 
2016-09-13T17:55:39.275-0400: 194.309: [GC (GCLocker Initiated GC) [PSYoungGen: 152351K->32521K(140288K)] 395347K->275702K(664576K), 0.0139430 secs] [Times: user=0.15 sys=0.00, real=0.02 secs] 
2016-09-13T17:55:39.453-0400: 194.487: [GC (Allocation Failure) [PSYoungGen: 140041K->26754K(183296K)] 389473K->276588K(707584K), 0.0066750 secs] [Times: user=0.08 sys=0.00, real=0.01 secs] 
2016-09-13T17:55:39.645-0400: 194.679: [GC (GCLocker Initiated GC) [PSYoungGen: 130534K->8184K(181248K)] 386443K->264279K(705536K), 0.0176635 secs] [Times: user=0.20 sys=0.00, real=0.02 secs] 
2016-09-13T17:55:39.814-0400: 194.848: [GC (GCLocker Initiated GC) [PSYoungGen: 117752K->37206K(186880K)] 374031K->293668K(711168K), 0.0094851 secs] [Times: user=0.13 sys=0.00, real=0.01 secs] 
2016-09-13T17:55:40.009-0400: 195.044: [GC (GCLocker Initiated GC) [PSYoungGen: 154453K->14355K(187904K)] 418683K->278725K(712192K), 0.0111805 secs] [Times: user=0.15 sys=0.00, real=0.01 secs] 
2016-09-13T17:55:40.227-0400: 195.262: [GC (GCLocker Initiated GC) [PSYoungGen: 131603K->50747K(185856K)] 396057K->315469K(710144K), 0.0137884 secs] [Times: user=0.13 sys=0.00, real=0.02 secs] 
2016-09-13T17:55:40.428-0400: 195.462: [GC (GCLocker Initiated GC) [PSYoungGen: 166459K->47896K(163840K)] 431253K->312794K(688128K), 0.0107689 secs] [Times: user=0.13 sys=0.00, real=0.02 secs] 
2016-09-13T17:55:40.609-0400: 195.643: [GC (GCLocker Initiated GC) [PSYoungGen: 163608K->25013K(189440K)] 434745K->302428K(713728K), 0.0120781 secs] [Times: user=0.12 sys=0.00, real=0.01 secs] 
2016-09-13T17:55:40.784-0400: 195.818: [GC (Allocation Failure) [PSYoungGen: 139701K->23336K(138240K)] 417294K->301255K(662528K), 0.0102019 secs] [Times: user=0.08 sys=0.01, real=0.01 secs] 
2016-09-13T17:55:40.940-0400: 195.974: [GC (GCLocker Initiated GC) [PSYoungGen: 137852K->46345K(184320K)] 417290K->325914K(708608K), 0.0072248 secs] [Times: user=0.07 sys=0.00, real=0.00 secs] 
2016-09-13T17:55:41.125-0400: 196.160: [GC (Allocation Failure) [PSYoungGen: 160009K->23528K(185344K)] 439832K->303463K(709632K), 0.0077231 secs] [Times: user=0.09 sys=0.00, real=0.01 secs] 
2016-09-13T17:55:41.299-0400: 196.333: [GC (GCLocker Initiated GC) [PSYoungGen: 135771K->63025K(177664K)] 417225K->344641K(701952K), 0.0133064 secs] [Times: user=0.18 sys=0.00, real=0.01 secs] 
2016-09-13T17:55:41.484-0400: 196.519: [GC (GCLocker Initiated GC) [PSYoungGen: 170545K->52357K(160256K)] 452178K->334224K(684544K), 0.0097232 secs] [Times: user=0.14 sys=0.00, real=0.01 secs] 
2016-09-13T17:55:41.676-0400: 196.710: [GC (GCLocker Initiated GC) [PSYoungGen: 159877K->41696K(185856K)] 441758K->326820K(710144K), 0.0077431 secs] [Times: user=0.06 sys=0.01, real=0.00 secs] 
2016-09-13T17:55:41.868-0400: 196.902: [GC (GCLocker Initiated GC) [PSYoungGen: 148704K->33978K(141312K)] 433878K->319436K(665600K), 0.0131314 secs] [Times: user=0.11 sys=0.01, real=0.01 secs] 
2016-09-13T17:55:42.046-0400: 197.080: [GC (Allocation Failure) [PSYoungGen: 140986K->10108K(178688K)] 438766K->320233K(702976K), 0.0099590 secs] [Times: user=0.14 sys=0.00, real=0.02 secs] 
2016-09-13T17:55:42.223-0400: 197.257: [GC (GCLocker Initiated GC) [PSYoungGen: 114952K->50996K(180224K)] 426596K->362924K(704512K), 0.0147952 secs] [Times: user=0.18 sys=0.00, real=0.02 secs] 
2016-09-13T17:55:42.418-0400: 197.453: [GC (GCLocker Initiated GC) [PSYoungGen: 156468K->32741K(182784K)] 476096K->352587K(707072K), 0.0105631 secs] [Times: user=0.13 sys=0.00, real=0.01 secs] 
2016-09-13T17:55:42.604-0400: 197.638: [GC (GCLocker Initiated GC) [PSYoungGen: 143845K->41944K(184320K)] 465303K->381706K(708608K), 0.0113967 secs] [Times: user=0.16 sys=0.01, real=0.01 secs] 
2016-09-13T17:55:42.762-0400: 197.796: [GC (GCLocker Initiated GC) [PSYoungGen: 153048K->66094K(176128K)] 494504K->407950K(700416K), 0.0100892 secs] [Times: user=0.14 sys=0.00, real=0.01 secs] 
2016-09-13T17:55:42.917-0400: 197.952: [GC (GCLocker Initiated GC) [PSYoungGen: 170542K->63079K(167936K)] 512715K->464666K(692224K), 0.0126689 secs] [Times: user=0.19 sys=0.00, real=0.01 secs] 
2016-09-13T17:55:43.095-0400: 198.129: [GC (GCLocker Initiated GC) [PSYoungGen: 167527K->28030K(180224K)] 581326K->441959K(704512K), 0.0053487 secs] [Times: user=0.04 sys=0.00, real=0.01 secs] 
2016-09-13T17:55:43.271-0400: 198.305: [GC (GCLocker Initiated GC) [PSYoungGen: 124286K->46377K(142848K)] 538351K->465193K(667136K), 0.0128640 secs] [Times: user=0.14 sys=0.00, real=0.01 secs] 
2016-09-13T17:55:43.449-0400: 198.483: [GC (Allocation Failure) [PSYoungGen: 142633K->5398K(173568K)] 573937K->437148K(697856K), 0.0055934 secs] [Times: user=0.06 sys=0.00, real=0.00 secs] 
2016-09-13T17:55:43.593-0400: 198.627: [GC (GCLocker Initiated GC) [PSYoungGen: 97954K->14298K(176128K)] 531223K->447777K(700416K), 0.0174676 secs] [Times: user=0.25 sys=0.00, real=0.02 secs] 
2016-09-13T17:55:43.737-0400: 198.771: [GC (GCLocker Initiated GC) [PSYoungGen: 107994K->41566K(174080K)] 541570K->475297K(698368K), 0.0067387 secs] [Times: user=0.10 sys=0.00, real=0.00 secs] 
2016-09-13T17:55:43.909-0400: 198.943: [GC (GCLocker Initiated GC) [PSYoungGen: 139358K->47773K(177152K)] 573322K->481869K(701440K), 0.0106036 secs] [Times: user=0.11 sys=0.00, real=0.01 secs] 
2016-09-13T17:55:44.087-0400: 199.121: [GC (GCLocker Initiated GC) [PSYoungGen: 145565K->46127K(181760K)] 579951K->480714K(706048K), 0.0143759 secs] [Times: user=0.14 sys=0.00, real=0.02 secs] 
2016-09-13T17:55:44.255-0400: 199.289: [GC (GCLocker Initiated GC) [PSYoungGen: 149551K->35900K(139776K)] 590241K->476874K(664064K), 0.0062075 secs] [Times: user=0.06 sys=0.00, real=0.01 secs] 
2016-09-13T17:55:44.407-0400: 199.442: [GC (GCLocker Initiated GC) [PSYoungGen: 139324K->12969K(179200K)] 586431K->474112K(703488K), 0.0124985 secs] [Times: user=0.13 sys=0.01, real=0.02 secs] 
2016-09-13T17:55:44.601-0400: 199.635: [GC (GCLocker Initiated GC) [PSYoungGen: 117417K->38842K(179712K)] 578590K->500273K(704000K), 0.0082157 secs] [Times: user=0.08 sys=0.00, real=0.01 secs] 
2016-09-13T17:55:44.745-0400: 199.779: [GC (Allocation Failure) [PSYoungGen: 143290K->41762K(185344K)] 604818K->515724K(709632K), 0.0212147 secs] [Times: user=0.22 sys=0.01, real=0.02 secs] 
2016-09-13T17:55:44.941-0400: 199.975: [GC (Allocation Failure) [PSYoungGen: 155426K->43244K(184832K)] 629388K->517439K(709120K), 0.0124336 secs] [Times: user=0.12 sys=0.01, real=0.01 secs] 
2016-09-13T17:55:45.112-0400: 200.146: [GC (GCLocker Initiated GC) [PSYoungGen: 156908K->56912K(183296K)] 631109K->531382K(707584K), 0.0139534 secs] [Times: user=0.13 sys=0.00, real=0.01 secs] 
2016-09-13T17:55:45.297-0400: 200.331: [GC (GCLocker Initiated GC) [PSYoungGen: 169552K->38630K(187392K)] 656199K->525568K(711680K), 0.0066130 secs] [Times: user=0.07 sys=0.00, real=0.00 secs] 
2016-09-13T17:55:45.500-0400: 200.534: [GC (GCLocker Initiated GC) [PSYoungGen: 151270K->15774K(187392K)] 650384K->516545K(711680K), 0.0168087 secs] [Times: user=0.12 sys=0.00, real=0.02 secs] 
2016-09-13T17:55:45.707-0400: 200.742: [Full GC (Ergonomics) [PSYoungGen: 131998K->0K(187392K)] [ParOldGen: 506882K->46585K(524288K)] 638880K->46585K(711680K), [Metaspace: 44657K->44657K(1087488K)], 0.0615061 secs] [Times: user=0.31 sys=0.01, real=0.07 secs] 
2016-09-13T17:55:45.919-0400: 200.953: [GC (GCLocker Initiated GC) [PSYoungGen: 116224K->45017K(187904K)] 162987K->91781K(712192K), 0.0134815 secs] [Times: user=0.15 sys=0.00, real=0.01 secs] 
2016-09-13T17:55:46.105-0400: 201.139: [GC (GCLocker Initiated GC) [PSYoungGen: 161241K->31152K(186368K)] 208170K->89124K(710656K), 0.0169520 secs] [Times: user=0.18 sys=0.00, real=0.02 secs] 
2016-09-13T17:55:46.311-0400: 201.345: [GC (Allocation Failure) [PSYoungGen: 150448K->24917K(188416K)] 214718K->89368K(712704K), 0.0127796 secs] [Times: user=0.10 sys=0.00, real=0.01 secs] 
2016-09-13T17:55:46.484-0400: 201.518: [GC (GCLocker Initiated GC) [PSYoungGen: 139888K->24954K(188928K)] 210413K->95723K(713216K), 0.0210640 secs] [Times: user=0.18 sys=0.01, real=0.02 secs] 
2016-09-13T17:55:46.698-0400: 201.732: [GC (GCLocker Initiated GC) [PSYoungGen: 149882K->32741K(191488K)] 234540K->117703K(715776K), 0.0049182 secs] [Times: user=0.04 sys=0.00, real=0.00 secs] 
2016-09-13T17:55:46.898-0400: 201.932: [GC (GCLocker Initiated GC) [PSYoungGen: 157669K->24895K(194048K)] 244323K->111656K(718336K), 0.0137685 secs] [Times: user=0.15 sys=0.00, real=0.01 secs] 
2016-09-13T17:55:47.140-0400: 202.174: [GC (GCLocker Initiated GC) [PSYoungGen: 156991K->43058K(194560K)] 245294K->131571K(718848K), 0.0132275 secs] [Times: user=0.12 sys=0.00, real=0.01 secs] 
2016-09-13T17:55:47.367-0400: 202.401: [GC (GCLocker Initiated GC) [PSYoungGen: 175154K->9825K(196096K)] 265203K->101590K(720384K), 0.0334781 secs] [Times: user=0.34 sys=0.01, real=0.04 secs] 
2016-09-13T17:55:47.597-0400: 202.631: [GC (GCLocker Initiated GC) [PSYoungGen: 142945K->9831K(143360K)] 236373K->109748K(667648K), 0.0100911 secs] [Times: user=0.11 sys=0.00, real=0.00 secs] 
2016-09-13T17:55:47.830-0400: 202.864: [GC (GCLocker Initiated GC) [PSYoungGen: 142951K->30876K(200192K)] 244414K->132556K(724480K), 0.0061791 secs] [Times: user=0.04 sys=0.00, real=0.01 secs] 
2016-09-13T17:55:48.017-0400: 203.051: [GC (Allocation Failure) [PSYoungGen: 166044K->9911K(197120K)] 273819K->128413K(721408K), 0.0073945 secs] [Times: user=0.07 sys=0.00, real=0.00 secs] 
2016-09-13T17:55:48.245-0400: 203.279: [GC (GCLocker Initiated GC) [PSYoungGen: 141438K->41820K(195072K)] 266015K->174259K(719360K), 0.0243807 secs] [Times: user=0.25 sys=0.00, real=0.03 secs] 
2016-09-13T17:55:48.447-0400: 203.481: [GC (GCLocker Initiated GC) [PSYoungGen: 174940K->27897K(161280K)] 313595K->166742K(685568K), 0.0072238 secs] [Times: user=0.05 sys=0.00, real=0.01 secs] 
2016-09-13T17:55:48.664-0400: 203.699: [GC (GCLocker Initiated GC) [PSYoungGen: 161017K->44571K(193536K)] 299884K->183596K(717824K), 0.0222174 secs] [Times: user=0.20 sys=0.00, real=0.02 secs] 
2016-09-13T17:55:48.872-0400: 203.907: [GC (GCLocker Initiated GC) [PSYoungGen: 177691K->41633K(196608K)] 316890K->183991K(720896K), 0.0117936 secs] [Times: user=0.07 sys=0.00, real=0.01 secs] 
2016-09-13T17:55:49.103-0400: 204.137: [GC (GCLocker Initiated GC) [PSYoungGen: 174753K->40196K(198144K)] 318680K->188869K(722432K), 0.0383062 secs] [Times: user=0.43 sys=0.00, real=0.04 secs] 
2016-09-13T17:55:49.306-0400: 204.340: [GC (GCLocker Initiated GC) [PSYoungGen: 174340K->50966K(185344K)] 323044K->199890K(709632K), 0.0094618 secs] [Times: user=0.09 sys=0.00, real=0.01 secs] 
2016-09-13T17:55:49.522-0400: 204.556: [GC (GCLocker Initiated GC) [PSYoungGen: 185110K->40302K(195584K)] 335819K->203446K(719872K), 0.0084554 secs] [Times: user=0.08 sys=0.00, real=0.01 secs] 
2016-09-13T17:55:49.745-0400: 204.780: [GC (Allocation Failure) [PSYoungGen: 168302K->28030K(156160K)] 331626K->191574K(680448K), 0.0046570 secs] [Times: user=0.05 sys=0.00, real=0.01 secs] 
2016-09-13T17:55:49.943-0400: 204.977: [GC (GCLocker Initiated GC) [PSYoungGen: 155509K->14691K(192000K)] 320572K->179954K(716288K), 0.0072580 secs] [Times: user=0.08 sys=0.00, real=0.01 secs] 
2016-09-13T17:55:50.158-0400: 205.193: [GC (Allocation Failure) [PSYoungGen: 142179K->23399K(192512K)] 309153K->190573K(716800K), 0.0298124 secs] [Times: user=0.26 sys=0.00, real=0.03 secs] 
2016-09-13T17:55:50.378-0400: 205.412: [GC (GCLocker Initiated GC) [PSYoungGen: 150653K->46368K(194048K)] 319347K->215263K(718336K), 0.0136781 secs] [Times: user=0.15 sys=0.00, real=0.01 secs] 
2016-09-13T17:55:50.612-0400: 205.646: [GC (GCLocker Initiated GC) [PSYoungGen: 176928K->20776K(196096K)] 357998K->202084K(720384K), 0.0158238 secs] [Times: user=0.20 sys=0.00, real=0.02 secs] 
2016-09-13T17:55:50.827-0400: 205.861: [GC (Allocation Failure) [PSYoungGen: 151336K->5494K(195584K)] 341795K->206896K(719872K), 0.0107222 secs] [Times: user=0.13 sys=0.00, real=0.02 secs] 
2016-09-13T17:55:51.050-0400: 206.084: [GC (GCLocker Initiated GC) [PSYoungGen: 136546K->43058K(174592K)] 344023K->250673K(698880K), 0.0257018 secs] [Times: user=0.30 sys=0.00, real=0.02 secs] 
2016-09-13T17:55:51.264-0400: 206.298: [GC (GCLocker Initiated GC) [PSYoungGen: 174130K->56982K(182784K)] 383330K->266368K(707072K), 0.0296677 secs] [Times: user=0.33 sys=0.00, real=0.03 secs] 
2016-09-13T17:55:51.459-0400: 206.493: [GC (GCLocker Initiated GC) [PSYoungGen: 172694K->55712K(171520K)] 388345K->271640K(695808K), 0.0271887 secs] [Times: user=0.28 sys=0.00, real=0.02 secs] 
2016-09-13T17:55:51.649-0400: 206.683: [GC (GCLocker Initiated GC) [PSYoungGen: 171424K->14414K(185344K)] 399650K->242892K(709632K), 0.0113321 secs] [Times: user=0.09 sys=0.00, real=0.01 secs] 
2016-09-13T17:55:51.843-0400: 206.877: [GC (Allocation Failure) [PSYoungGen: 121934K->23469K(131072K)] 350414K->259859K(655360K), 0.0083456 secs] [Times: user=0.07 sys=0.00, real=0.01 secs] 
2016-09-13T17:55:52.011-0400: 207.045: [GC (GCLocker Initiated GC) [PSYoungGen: 130989K->50906K(178688K)] 367380K->287584K(702976K), 0.0296282 secs] [Times: user=0.31 sys=0.00, real=0.03 secs] 
2016-09-13T17:55:52.188-0400: 207.222: [GC (GCLocker Initiated GC) [PSYoungGen: 155354K->41730K(181760K)] 392389K->279019K(706048K), 0.0128451 secs] [Times: user=0.13 sys=0.00, real=0.01 secs] 
2016-09-13T17:55:52.324-0400: 207.358: [GC (GCLocker Initiated GC) [PSYoungGen: 146178K->44666K(182272K)] 383535K->282193K(706560K), 0.0216555 secs] [Times: user=0.24 sys=0.00, real=0.02 secs] 
2016-09-13T17:55:52.509-0400: 207.544: [GC (GCLocker Initiated GC) [PSYoungGen: 153722K->26575K(184320K)] 391268K->268926K(708608K), 0.0095283 secs] [Times: user=0.08 sys=0.00, real=0.01 secs] 
2016-09-13T17:55:52.683-0400: 207.717: [GC (GCLocker Initiated GC) [PSYoungGen: 135631K->44922K(186368K)] 378163K->295266K(710656K), 0.0101529 secs] [Times: user=0.09 sys=0.00, real=0.01 secs] 
2016-09-13T17:55:52.866-0400: 207.900: [GC (GCLocker Initiated GC) [PSYoungGen: 158586K->41598K(186368K)] 409067K->292304K(710656K), 0.0194420 secs] [Times: user=0.19 sys=0.00, real=0.02 secs] 
2016-09-13T17:55:53.053-0400: 208.087: [GC (GCLocker Initiated GC) [PSYoungGen: 155262K->26479K(187904K)] 413695K->285034K(712192K), 0.0048481 secs] [Times: user=0.03 sys=0.00, real=0.01 secs] 
2016-09-13T17:55:53.248-0400: 208.283: [GC (GCLocker Initiated GC) [PSYoungGen: 144751K->23467K(187904K)] 410970K->289825K(712192K), 0.0407305 secs] [Times: user=0.43 sys=0.00, real=0.04 secs] 
2016-09-13T17:55:53.494-0400: 208.528: [GC (GCLocker Initiated GC) [PSYoungGen: 141739K->47673K(189440K)] 408181K->314309K(713728K), 0.0138271 secs] [Times: user=0.12 sys=0.00, real=0.02 secs] 
2016-09-13T17:55:53.664-0400: 208.698: [GC (GCLocker Initiated GC) [PSYoungGen: 169017K->46345K(190976K)] 435882K->317838K(715264K), 0.0066472 secs] [Times: user=0.07 sys=0.00, real=0.01 secs] 
2016-09-13T17:55:53.858-0400: 208.892: [GC (GCLocker Initiated GC) [PSYoungGen: 167689K->28120K(189952K)] 445422K->306078K(714240K), 0.0064903 secs] [Times: user=0.07 sys=0.01, real=0.00 secs] 
2016-09-13T17:55:54.047-0400: 209.081: [GC (GCLocker Initiated GC) [PSYoungGen: 150488K->50902K(190976K)] 428488K->329061K(715264K), 0.0225535 secs] [Times: user=0.28 sys=0.00, real=0.03 secs] 
2016-09-13T17:55:54.252-0400: 209.286: [GC (GCLocker Initiated GC) [PSYoungGen: 173270K->54008K(185344K)] 451555K->340065K(709632K), 0.0176190 secs] [Times: user=0.23 sys=0.00, real=0.02 secs] 
2016-09-13T17:55:54.445-0400: 209.480: [GC (GCLocker Initiated GC) [PSYoungGen: 168696K->34105K(188416K)] 454826K->328069K(712704K), 0.0125746 secs] [Times: user=0.15 sys=0.00, real=0.02 secs] 
2016-09-13T17:55:54.641-0400: 209.675: [GC (Allocation Failure) [PSYoungGen: 148793K->34200K(182784K)] 442994K->337732K(707072K), 0.0248092 secs] [Times: user=0.25 sys=0.00, real=0.02 secs] 
2016-09-13T17:55:54.666-0400: 209.700: [GC (GCLocker Initiated GC) [PSYoungGen: 34209K->32K(185856K)] 337741K->334400K(710144K), 0.0064779 secs] [Times: user=0.06 sys=0.01, real=0.01 secs] 
2016-09-13T17:55:54.829-0400: 209.864: [GC (GCLocker Initiated GC) [PSYoungGen: 117280K->67638K(173568K)] 451648K->402006K(697856K), 0.0197888 secs] [Times: user=0.20 sys=0.01, real=0.02 secs] 
2016-09-13T17:55:55.011-0400: 210.045: [GC (GCLocker Initiated GC) [PSYoungGen: 169014K->34228K(181760K)] 509483K->413175K(706048K), 0.0101116 secs] [Times: user=0.15 sys=0.00, real=0.01 secs] 
2016-09-13T17:55:55.213-0400: 210.247: [GC (GCLocker Initiated GC) [PSYoungGen: 135604K->26383K(174080K)] 522206K->414724K(698368K), 0.0238524 secs] [Times: user=0.29 sys=0.00, real=0.03 secs] 
2016-09-13T17:55:55.382-0400: 210.416: [GC (GCLocker Initiated GC) [PSYoungGen: 131343K->23469K(179712K)] 522764K->415175K(704000K), 0.0058906 secs] [Times: user=0.05 sys=0.00, real=0.01 secs] 
2016-09-13T17:55:55.512-0400: 210.546: [GC (GCLocker Initiated GC) [PSYoungGen: 128429K->67613K(172544K)] 520245K->459631K(696832K), 0.0101612 secs] [Times: user=0.12 sys=0.01, real=0.01 secs] 
2016-09-13T17:55:55.684-0400: 210.718: [GC (GCLocker Initiated GC) [PSYoungGen: 166941K->46435K(180736K)] 560584K->440370K(705024K), 0.0065537 secs] [Times: user=0.09 sys=0.00, real=0.01 secs] 
2016-09-13T17:55:55.844-0400: 210.878: [GC (GCLocker Initiated GC) [PSYoungGen: 145763K->9853K(180736K)] 545836K->410152K(705024K), 0.0070593 secs] [Times: user=0.07 sys=0.00, real=0.01 secs] 
2016-09-13T17:55:56.002-0400: 211.036: [GC (GCLocker Initiated GC) [PSYoungGen: 110205K->17398K(117760K)] 516743K->424149K(642048K), 0.0171235 secs] [Times: user=0.17 sys=0.00, real=0.02 secs] 
2016-09-13T17:55:56.211-0400: 211.245: [GC (Allocation Failure) [PSYoungGen: 117750K->9681K(181248K)] 536900K->435068K(705536K), 0.0221230 secs] [Times: user=0.25 sys=0.00, real=0.02 secs] 
2016-09-13T17:55:56.362-0400: 211.396: [GC (GCLocker Initiated GC) [PSYoungGen: 109837K->47581K(180736K)] 536744K->474689K(705024K), 0.0076053 secs] [Times: user=0.06 sys=0.00, real=0.01 secs] 
2016-09-13T17:55:56.511-0400: 211.545: [GC (GCLocker Initiated GC) [PSYoungGen: 148957K->29542K(175616K)] 576192K->457037K(699904K), 0.0127056 secs] [Times: user=0.10 sys=0.00, real=0.01 secs] 
2016-09-13T17:55:56.691-0400: 211.725: [GC (Allocation Failure) [PSYoungGen: 131942K->43117K(178688K)] 559534K->470910K(702976K), 0.0194237 secs] [Times: user=0.20 sys=0.00, real=0.02 secs] 
2016-09-13T17:55:56.871-0400: 211.905: [GC (GCLocker Initiated GC) [PSYoungGen: 144735K->56821K(177152K)] 574047K->486322K(701440K), 0.0141255 secs] [Times: user=0.13 sys=0.00, real=0.01 secs] 
2016-09-13T17:55:57.037-0400: 212.072: [GC (GCLocker Initiated GC) [PSYoungGen: 158197K->27987K(181760K)] 587718K->457772K(706048K), 0.0118746 secs] [Times: user=0.11 sys=0.01, real=0.01 secs] 
2016-09-13T17:55:57.184-0400: 212.218: [GC (GCLocker Initiated GC) [PSYoungGen: 129363K->44422K(178176K)] 559416K->476321K(702464K), 0.0208227 secs] [Times: user=0.20 sys=0.00, real=0.02 secs] 
2016-09-13T17:55:57.345-0400: 212.379: [GC (GCLocker Initiated GC) [PSYoungGen: 148870K->23408K(180736K)] 582420K->457081K(705024K), 0.0274204 secs] [Times: user=0.31 sys=0.00, real=0.03 secs] 
2016-09-13T17:55:57.504-0400: 212.538: [GC (GCLocker Initiated GC) [PSYoungGen: 127856K->41666K(181760K)] 563058K->481779K(706048K), 0.0095860 secs] [Times: user=0.10 sys=0.00, real=0.01 secs] 
2016-09-13T17:55:57.688-0400: 212.722: [GC (GCLocker Initiated GC) [PSYoungGen: 152770K->46346K(184320K)] 599195K->493021K(708608K), 0.0197211 secs] [Times: user=0.28 sys=0.00, real=0.01 secs] 
2016-09-13T17:55:57.882-0400: 212.916: [GC (GCLocker Initiated GC) [PSYoungGen: 157450K->43116K(186880K)] 604224K->490138K(711168K), 0.0104075 secs] [Times: user=0.07 sys=0.00, real=0.01 secs] 
2016-09-13T17:55:58.064-0400: 213.098: [GC (GCLocker Initiated GC) [PSYoungGen: 158828K->41688K(187904K)] 607491K->490560K(712192K), 0.0437894 secs] [Times: user=0.45 sys=0.00, real=0.05 secs] 
2016-09-13T17:55:58.279-0400: 213.313: [GC (GCLocker Initiated GC) [PSYoungGen: 157400K->41598K(187904K)] 608031K->492489K(712192K), 0.0183178 secs] [Times: user=0.18 sys=0.00, real=0.02 secs] 
2016-09-13T17:55:58.457-0400: 213.491: [GC (GCLocker Initiated GC) [PSYoungGen: 161406K->46190K(188416K)] 612323K->497162K(712704K), 0.0074357 secs] [Times: user=0.05 sys=0.00, real=0.00 secs] 
2016-09-13T17:55:58.652-0400: 213.686: [GC (GCLocker Initiated GC) [PSYoungGen: 165998K->29547K(191488K)] 623221K->486957K(715776K), 0.0172761 secs] [Times: user=0.16 sys=0.00, real=0.02 secs] 
2016-09-13T17:55:58.852-0400: 213.886: [GC (GCLocker Initiated GC) [PSYoungGen: 154987K->44640K(192512K)] 612499K->502353K(716800K), 0.0281831 secs] [Times: user=0.29 sys=0.00, real=0.03 secs] 
2016-09-13T17:55:59.065-0400: 214.099: [GC (GCLocker Initiated GC) [PSYoungGen: 170080K->46217K(194560K)] 627929K->504240K(718848K), 0.0099068 secs] [Times: user=0.09 sys=0.00, real=0.01 secs] 
2016-09-13T17:55:59.272-0400: 214.307: [GC (GCLocker Initiated GC) [PSYoungGen: 174729K->38691K(167424K)] 634375K->503126K(691712K), 0.0069195 secs] [Times: user=0.05 sys=0.01, real=0.01 secs] 
2016-09-13T17:55:59.482-0400: 214.516: [GC (GCLocker Initiated GC) [PSYoungGen: 167203K->41790K(195072K)] 633335K->508163K(719360K), 0.0253166 secs] [Times: user=0.31 sys=0.00, real=0.03 secs] 
2016-09-13T17:55:59.697-0400: 214.731: [GC (GCLocker Initiated GC) [PSYoungGen: 172862K->51029K(193536K)] 647038K->525384K(717824K), 0.0098099 secs] [Times: user=0.12 sys=0.00, real=0.00 secs] 
2016-09-13T17:55:59.904-0400: 214.938: [GC (GCLocker Initiated GC) [PSYoungGen: 182101K->44800K(198656K)] 658024K->520933K(722944K), 0.0112932 secs] [Times: user=0.12 sys=0.00, real=0.01 secs] 
2016-09-13T17:56:00.150-0400: 215.184: [GC (GCLocker Initiated GC) [PSYoungGen: 178944K->38592K(173056K)] 655093K->514880K(697344K), 0.0112425 secs] [Times: user=0.12 sys=0.00, real=0.01 secs] 
2016-09-13T17:56:00.358-0400: 215.392: [GC (GCLocker Initiated GC) [PSYoungGen: 172736K->14297K(193536K)] 650690K->492589K(717824K), 0.0084731 secs] [Times: user=0.09 sys=0.00, real=0.00 secs] 
2016-09-13T17:56:00.585-0400: 215.619: [GC (GCLocker Initiated GC) [PSYoungGen: 145881K->12902K(196096K)] 630312K->502055K(720384K), 0.0106372 secs] [Times: user=0.14 sys=0.00, real=0.01 secs] 
2016-09-13T17:56:00.810-0400: 215.844: [GC (GCLocker Initiated GC) [PSYoungGen: 144486K->28157K(196096K)] 641395K->534341K(720384K), 0.0075480 secs] [Times: user=0.10 sys=0.00, real=0.01 secs] 
2016-09-13T17:56:01.027-0400: 216.061: [GC (Allocation Failure) [PSYoungGen: 159741K->23469K(196096K)] 667681K->531627K(720384K), 0.0113564 secs] [Times: user=0.13 sys=0.00, real=0.02 secs] 
2016-09-13T17:56:01.251-0400: 216.285: [GC (Allocation Failure) [PSYoungGen: 151110K->9794K(195584K)] 659267K->518106K(719872K), 0.0145662 secs] [Times: user=0.11 sys=0.00, real=0.01 secs] 
2016-09-13T17:56:01.444-0400: 216.478: [GC (GCLocker Initiated GC) [PSYoungGen: 138859K->8025K(196608K)] 653246K->522582K(720896K), 0.0040934 secs] [Times: user=0.03 sys=0.00, real=0.01 secs] 
2016-09-13T17:56:01.657-0400: 216.692: [GC (GCLocker Initiated GC) [PSYoungGen: 140121K->50716K(187904K)] 654753K->565471K(712192K), 0.0126400 secs] [Times: user=0.11 sys=0.00, real=0.01 secs] 
2016-09-13T17:56:01.851-0400: 216.886: [GC (Allocation Failure) [PSYoungGen: 173596K->43174K(166400K)] 688588K->561358K(690688K), 0.0095452 secs] [Times: user=0.09 sys=0.00, real=0.01 secs] 
2016-09-13T17:56:01.861-0400: 216.895: [Full GC (Ergonomics) [PSYoungGen: 43174K->0K(166400K)] [ParOldGen: 518183K->39652K(524288K)] 561358K->39652K(690688K), [Metaspace: 44664K->44664K(1087488K)], 0.0556224 secs] [Times: user=0.25 sys=0.01, real=0.06 secs] 
2016-09-13T17:56:02.076-0400: 217.110: [GC (GCLocker Initiated GC) [PSYoungGen: 122880K->66189K(174592K)] 162538K->105848K(698880K), 0.0219929 secs] [Times: user=0.25 sys=0.00, real=0.03 secs] 
2016-09-13T17:56:02.236-0400: 217.271: [GC (GCLocker Initiated GC) [PSYoungGen: 170637K->31125K(183296K)] 210349K->100063K(707584K), 0.0136155 secs] [Times: user=0.14 sys=0.01, real=0.01 secs] 
2016-09-13T17:56:02.400-0400: 217.434: [GC (GCLocker Initiated GC) [PSYoungGen: 135573K->17175K(178688K)] 206065K->90914K(702976K), 0.0070812 secs] [Times: user=0.04 sys=0.00, real=0.00 secs] 
2016-09-13T17:56:02.547-0400: 217.581: [GC (Allocation Failure) [PSYoungGen: 125207K->50842K(182784K)] 199053K->127962K(707072K), 0.0215096 secs] [Times: user=0.21 sys=0.00, real=0.03 secs] 
2016-09-13T17:56:02.726-0400: 217.761: [GC (GCLocker Initiated GC) [PSYoungGen: 158874K->31040K(183296K)] 235994K->143447K(707584K), 0.0220709 secs] [Times: user=0.23 sys=0.00, real=0.03 secs] 
2016-09-13T17:56:02.919-0400: 217.953: [GC (Allocation Failure) [PSYoungGen: 141632K->28025K(184320K)] 260180K->146790K(708608K), 0.0140784 secs] [Times: user=0.15 sys=0.00, real=0.01 secs] 
2016-09-13T17:56:03.097-0400: 218.131: [GC (GCLocker Initiated GC) [PSYoungGen: 136293K->50907K(183808K)] 261133K->175936K(708096K), 0.0104552 secs] [Times: user=0.11 sys=0.00, real=0.00 secs] 
2016-09-13T17:56:03.289-0400: 218.323: [GC (GCLocker Initiated GC) [PSYoungGen: 164059K->44705K(186368K)] 295437K->176226K(710656K), 0.0153584 secs] [Times: user=0.15 sys=0.01, real=0.01 secs] 
2016-09-13T17:56:03.472-0400: 218.506: [GC (GCLocker Initiated GC) [PSYoungGen: 157857K->46313K(188416K)] 289403K->178030K(712704K), 0.0221767 secs] [Times: user=0.25 sys=0.00, real=0.02 secs] 
2016-09-13T17:56:03.672-0400: 218.706: [GC (Allocation Failure) [PSYoungGen: 162537K->40143K(156672K)] 294610K->176949K(680960K), 0.0236468 secs] [Times: user=0.17 sys=0.01, real=0.03 secs] 
2016-09-13T17:56:03.863-0400: 218.897: [GC (GCLocker Initiated GC) [PSYoungGen: 156367K->41662K(188928K)] 293176K->178543K(713216K), 0.0109156 secs] [Times: user=0.11 sys=0.00, real=0.01 secs] 
2016-09-13T17:56:04.059-0400: 219.093: [GC (GCLocker Initiated GC) [PSYoungGen: 160446K->26314K(187392K)] 303427K->169410K(711680K), 0.0069409 secs] [Times: user=0.06 sys=0.00, real=0.00 secs] 
2016-09-13T17:56:04.245-0400: 219.279: [GC (GCLocker Initiated GC) [PSYoungGen: 145098K->23621K(192000K)] 295986K->183826K(716288K), 0.0054184 secs] [Times: user=0.04 sys=0.00, real=0.01 secs] 
2016-09-13T17:56:04.454-0400: 219.488: [GC (GCLocker Initiated GC) [PSYoungGen: 148037K->43031K(190976K)] 308331K->203656K(715264K), 0.0143542 secs] [Times: user=0.15 sys=0.01, real=0.02 secs] 
2016-09-13T17:56:04.657-0400: 219.692: [GC (GCLocker Initiated GC) [PSYoungGen: 167447K->40424K(193536K)] 328273K->202848K(717824K), 0.0060263 secs] [Times: user=0.05 sys=0.00, real=0.00 secs] 
2016-09-13T17:56:04.853-0400: 219.887: [GC (Allocation Failure) [PSYoungGen: 169448K->46255K(194048K)] 332051K->209201K(718336K), 0.0143412 secs] [Times: user=0.15 sys=0.00, real=0.01 secs] 
2016-09-13T17:56:05.066-0400: 220.100: [GC (GCLocker Initiated GC) [PSYoungGen: 175279K->43217K(196608K)] 338227K->206317K(720896K), 0.0222379 secs] [Times: user=0.24 sys=0.00, real=0.03 secs] 
2016-09-13T17:56:05.286-0400: 220.320: [GC (GCLocker Initiated GC) [PSYoungGen: 174801K->26352K(158208K)] 344154K->195815K(682496K), 0.0141569 secs] [Times: user=0.14 sys=0.00, real=0.02 secs] 
2016-09-13T17:56:05.510-0400: 220.545: [GC (GCLocker Initiated GC) [PSYoungGen: 157936K->46281K(195072K)] 327422K->215863K(719360K), 0.0145996 secs] [Times: user=0.14 sys=0.01, real=0.01 secs] 
2016-09-13T17:56:05.724-0400: 220.758: [GC (Allocation Failure) [PSYoungGen: 177353K->53748K(184832K)] 348680K->246613K(709120K), 0.0079943 secs] [Times: user=0.07 sys=0.00, real=0.01 secs] 
2016-09-13T17:56:05.926-0400: 220.960: [GC (Allocation Failure) [PSYoungGen: 183471K->23372K(194048K)] 376336K->216368K(718336K), 0.0338487 secs] [Times: user=0.34 sys=0.00, real=0.04 secs] 
2016-09-13T17:56:06.126-0400: 221.160: [GC (Allocation Failure) [PSYoungGen: 149324K->26410K(152576K)] 342320K->219600K(676864K), 0.0145122 secs] [Times: user=0.13 sys=0.01, real=0.02 secs] 
2016-09-13T17:56:06.317-0400: 221.351: [GC (GCLocker Initiated GC) [PSYoungGen: 152362K->41666K(194048K)] 345557K->235051K(718336K), 0.0244698 secs] [Times: user=0.27 sys=0.00, real=0.02 secs] 
2016-09-13T17:56:06.556-0400: 221.590: [GC (GCLocker Initiated GC) [PSYoungGen: 168642K->23468K(193024K)] 363548K->218599K(717312K), 0.0248731 secs] [Times: user=0.27 sys=0.00, real=0.03 secs] 
2016-09-13T17:56:06.757-0400: 221.791: [GC (Allocation Failure) [PSYoungGen: 150444K->46318K(194048K)] 345810K->241925K(718336K), 0.0099072 secs] [Times: user=0.10 sys=0.00, real=0.00 secs] 
2016-09-13T17:56:06.767-0400: 221.801: [GC (GCLocker Initiated GC) [PSYoungGen: 46330K->64K(129024K)] 241938K->237179K(653312K), 0.0067083 secs] [Times: user=0.05 sys=0.00, real=0.01 secs] 
2016-09-13T17:56:06.960-0400: 221.994: [GC (GCLocker Initiated GC) [PSYoungGen: 128576K->52419K(185344K)] 365706K->289550K(709632K), 0.0151813 secs] [Times: user=0.08 sys=0.00, real=0.01 secs] 
2016-09-13T17:56:07.154-0400: 222.188: [GC (GCLocker Initiated GC) [PSYoungGen: 168131K->40110K(188928K)] 405321K->288301K(713216K), 0.0267092 secs] [Times: user=0.23 sys=0.00, real=0.03 secs] 
2016-09-13T17:56:07.366-0400: 222.400: [GC (GCLocker Initiated GC) [PSYoungGen: 155820K->28024K(183296K)] 410332K->282804K(707584K), 0.0102214 secs] [Times: user=0.09 sys=0.00, real=0.02 secs] 
2016-09-13T17:56:07.513-0400: 222.547: [GC (GCLocker Initiated GC) [PSYoungGen: 145784K->55490K(186880K)] 400701K->310648K(711168K), 0.0089463 secs] [Times: user=0.07 sys=0.00, real=0.01 secs] 
2016-09-13T17:56:07.697-0400: 222.731: [GC (GCLocker Initiated GC) [PSYoungGen: 173250K->59891K(179712K)] 428711K->320119K(704000K), 0.0096552 secs] [Times: user=0.09 sys=0.00, real=0.00 secs] 
2016-09-13T17:56:07.899-0400: 222.933: [GC (GCLocker Initiated GC) [PSYoungGen: 166387K->38789K(184320K)] 438790K->311516K(708608K), 0.0066465 secs] [Times: user=0.08 sys=0.00, real=0.00 secs] 
2016-09-13T17:56:08.081-0400: 223.115: [GC (GCLocker Initiated GC) [PSYoungGen: 145285K->43250K(179200K)] 418054K->326884K(703488K), 0.0098462 secs] [Times: user=0.11 sys=0.00, real=0.01 secs] 
2016-09-13T17:56:08.256-0400: 223.290: [GC (GCLocker Initiated GC) [PSYoungGen: 153330K->41857K(182272K)] 440253K->334994K(706560K), 0.0161158 secs] [Times: user=0.15 sys=0.00, real=0.01 secs] 
2016-09-13T17:56:08.452-0400: 223.486: [GC (Allocation Failure) [PSYoungGen: 151937K->29512K(187392K)] 451171K->328963K(711680K), 0.0303081 secs] [Times: user=0.35 sys=0.00, real=0.03 secs] 
2016-09-13T17:56:08.674-0400: 223.708: [GC (GCLocker Initiated GC) [PSYoungGen: 148936K->28120K(188928K)] 454462K->347494K(713216K), 0.0072106 secs] [Times: user=0.07 sys=0.00, real=0.01 secs] 
2016-09-13T17:56:08.857-0400: 223.891: [GC (GCLocker Initiated GC) [PSYoungGen: 148440K->37074K(186880K)] 473947K->362798K(711168K), 0.0156339 secs] [Times: user=0.14 sys=0.00, real=0.01 secs] 
2016-09-13T17:56:09.063-0400: 224.097: [GC (GCLocker Initiated GC) [PSYoungGen: 163026K->43088K(190464K)] 488924K->372096K(714752K), 0.0338853 secs] [Times: user=0.34 sys=0.01, real=0.04 secs] 
2016-09-13T17:56:09.272-0400: 224.306: [GC (GCLocker Initiated GC) [PSYoungGen: 169040K->47673K(196096K)] 498218K->377036K(720384K), 0.0147069 secs] [Times: user=0.16 sys=0.01, real=0.01 secs] 
2016-09-13T17:56:09.481-0400: 224.515: [GC (GCLocker Initiated GC) [PSYoungGen: 179769K->47836K(180224K)] 509353K->379077K(704512K), 0.0124937 secs] [Times: user=0.11 sys=0.00, real=0.01 secs] 
2016-09-13T17:56:09.696-0400: 224.730: [GC (GCLocker Initiated GC) [PSYoungGen: 179932K->50997K(193536K)] 512889K->384178K(717824K), 0.0169463 secs] [Times: user=0.19 sys=0.00, real=0.01 secs] 
2016-09-13T17:56:09.897-0400: 224.931: [GC (GCLocker Initiated GC) [PSYoungGen: 178997K->50991K(179200K)] 512259K->384605K(703488K), 0.0065204 secs] [Times: user=0.05 sys=0.00, real=0.00 secs] 
2016-09-13T17:56:10.100-0400: 225.134: [GC (GCLocker Initiated GC) [PSYoungGen: 178991K->46377K(195072K)] 512915K->391287K(719360K), 0.0146023 secs] [Times: user=0.14 sys=0.01, real=0.01 secs] 
2016-09-13T17:56:10.311-0400: 225.345: [GC (Allocation Failure) [PSYoungGen: 173353K->52352K(179712K)] 519807K->399023K(704000K), 0.0178241 secs] [Times: user=0.20 sys=0.00, real=0.02 secs] 
2016-09-13T17:56:10.528-0400: 225.562: [GC (GCLocker Initiated GC) [PSYoungGen: 173779K->20457K(191488K)] 526526K->385575K(715776K), 0.0106297 secs] [Times: user=0.10 sys=0.00, real=0.02 secs] 
2016-09-13T17:56:10.728-0400: 225.762: [GC (GCLocker Initiated GC) [PSYoungGen: 143337K->41689K(164864K)] 510110K->408651K(689152K), 0.0206897 secs] [Times: user=0.21 sys=0.00, real=0.02 secs] 
2016-09-13T17:56:10.922-0400: 225.956: [GC (GCLocker Initiated GC) [PSYoungGen: 164569K->46217K(191488K)] 531723K->413601K(715776K), 0.0186118 secs] [Times: user=0.17 sys=0.00, real=0.02 secs] 
2016-09-13T17:56:11.136-0400: 226.170: [GC (Allocation Failure) [PSYoungGen: 170633K->9772K(190976K)] 544278K->383685K(715264K), 0.0163797 secs] [Times: user=0.18 sys=0.00, real=0.01 secs] 
2016-09-13T17:56:11.344-0400: 226.378: [GC (GCLocker Initiated GC) [PSYoungGen: 134188K->39983K(193024K)] 509619K->415600K(717312K), 0.0140984 secs] [Times: user=0.11 sys=0.00, real=0.02 secs] 
2016-09-13T17:56:11.571-0400: 226.605: [GC (Allocation Failure) [PSYoungGen: 165423K->23468K(192512K)] 542771K->400946K(716800K), 0.0205804 secs] [Times: user=0.20 sys=0.00, real=0.02 secs] 
2016-09-13T17:56:11.753-0400: 226.787: [GC (GCLocker Initiated GC) [PSYoungGen: 148908K->43213K(194560K)] 526389K->420896K(718848K), 0.0098061 secs] [Times: user=0.09 sys=0.00, real=0.01 secs] 
2016-09-13T17:56:11.942-0400: 226.976: [GC (GCLocker Initiated GC) [PSYoungGen: 171213K->9522K(194048K)] 554981K->393464K(718336K), 0.0041518 secs] [Times: user=0.03 sys=0.00, real=0.00 secs] 
2016-09-13T17:56:12.191-0400: 227.226: [GC (GCLocker Initiated GC) [PSYoungGen: 137522K->15965K(194048K)] 527558K->407738K(718336K), 0.0338537 secs] [Times: user=0.35 sys=0.00, real=0.03 secs] 
2016-09-13T17:56:12.407-0400: 227.441: [GC (GCLocker Initiated GC) [PSYoungGen: 141917K->26415K(152576K)] 539953K->432262K(676864K), 0.0220667 secs] [Times: user=0.20 sys=0.00, real=0.03 secs] 
2016-09-13T17:56:12.605-0400: 227.639: [GC (GCLocker Initiated GC) [PSYoungGen: 152367K->40046K(192000K)] 558247K->450586K(716288K), 0.0212669 secs] [Times: user=0.20 sys=0.00, real=0.02 secs] 
2016-09-13T17:56:12.818-0400: 227.852: [GC (GCLocker Initiated GC) [PSYoungGen: 166510K->49292K(191488K)] 578594K->469211K(715776K), 0.0081532 secs] [Times: user=0.08 sys=0.00, real=0.00 secs] 
2016-09-13T17:56:13.016-0400: 228.051: [GC (Allocation Failure) [PSYoungGen: 175756K->43238K(194560K)] 597423K->468235K(718848K), 0.0246832 secs] [Times: user=0.23 sys=0.01, real=0.02 secs] 
2016-09-13T17:56:13.243-0400: 228.277: [GC (GCLocker Initiated GC) [PSYoungGen: 169089K->41757K(168448K)] 595604K->468461K(692736K), 0.0099351 secs] [Times: user=0.08 sys=0.00, real=0.01 secs] 
2016-09-13T17:56:13.437-0400: 228.472: [GC (GCLocker Initiated GC) [PSYoungGen: 168221K->47709K(192512K)] 595123K->474762K(716800K), 0.0065841 secs] [Times: user=0.05 sys=0.01, real=0.00 secs] 
2016-09-13T17:56:13.635-0400: 228.669: [GC (GCLocker Initiated GC) [PSYoungGen: 173149K->29670K(193536K)] 601955K->458598K(717824K), 0.0216238 secs] [Times: user=0.21 sys=0.00, real=0.03 secs] 
2016-09-13T17:56:13.844-0400: 228.878: [GC (Allocation Failure) [PSYoungGen: 155110K->5142K(191488K)] 591802K->442052K(715776K), 0.0179887 secs] [Times: user=0.18 sys=0.00, real=0.02 secs] 
2016-09-13T17:56:14.042-0400: 229.077: [GC (GCLocker Initiated GC) [PSYoungGen: 128509K->9735K(135168K)] 571494K->452908K(659456K), 0.0097417 secs] [Times: user=0.09 sys=0.00, real=0.01 secs] 
2016-09-13T17:56:14.255-0400: 229.289: [GC (GCLocker Initiated GC) [PSYoungGen: 134663K->26314K(196096K)] 583919K->475756K(720384K), 0.0190114 secs] [Times: user=0.20 sys=0.00, real=0.02 secs] 
2016-09-13T17:56:14.474-0400: 229.508: [GC (GCLocker Initiated GC) [PSYoungGen: 153290K->24991K(152064K)] 608935K->486842K(676352K), 0.0142599 secs] [Times: user=0.15 sys=0.00, real=0.02 secs] 
2016-09-13T17:56:14.673-0400: 229.707: [GC (GCLocker Initiated GC) [PSYoungGen: 151967K->40046K(189952K)] 614115K->503969K(714240K), 0.0129281 secs] [Times: user=0.09 sys=0.00, real=0.01 secs] 
2016-09-13T17:56:14.876-0400: 229.910: [GC (Allocation Failure) [PSYoungGen: 166510K->49388K(190464K)] 630718K->513821K(714752K), 0.0199324 secs] [Times: user=0.20 sys=0.00, real=0.02 secs] 
2016-09-13T17:56:15.088-0400: 230.122: [GC (GCLocker Initiated GC) [PSYoungGen: 175852K->47677K(190464K)] 640291K->512239K(714752K), 0.0281220 secs] [Times: user=0.26 sys=0.00, real=0.04 secs] 
2016-09-13T17:56:15.299-0400: 230.333: [GC (GCLocker Initiated GC) [PSYoungGen: 170557K->40239K(192512K)] 647415K->517161K(716800K), 0.0252148 secs] [Times: user=0.28 sys=0.00, real=0.02 secs] 
2016-09-13T17:56:15.507-0400: 230.541: [GC (GCLocker Initiated GC) [PSYoungGen: 163119K->49414K(189952K)] 646278K->535823K(714240K), 0.0096351 secs] [Times: user=0.09 sys=0.01, real=0.02 secs] 
2016-09-13T17:56:15.697-0400: 230.731: [GC (GCLocker Initiated GC) [PSYoungGen: 171270K->46032K(167936K)] 663794K->538741K(692224K), 0.0235629 secs] [Times: user=0.26 sys=0.01, real=0.02 secs] 
2016-09-13T17:56:15.921-0400: 230.955: [GC (GCLocker Initiated GC) [PSYoungGen: 167888K->50832K(188416K)] 660744K->545287K(712704K), 0.0094272 secs] [Times: user=0.09 sys=0.01, real=0.01 secs] 
2016-09-13T17:56:16.101-0400: 231.135: [GC (GCLocker Initiated GC) [PSYoungGen: 168592K->52452K(170496K)] 669228K->553380K(694784K), 0.0130210 secs] [Times: user=0.16 sys=0.00, real=0.01 secs] 
2016-09-13T17:56:16.315-0400: 231.349: [GC (GCLocker Initiated GC) [PSYoungGen: 170212K->15875K(186368K)] 683553K->529320K(710656K), 0.0272521 secs] [Times: user=0.31 sys=0.00, real=0.03 secs] 
2016-09-13T17:56:16.497-0400: 231.531: [GC (GCLocker Initiated GC) [PSYoungGen: 128515K->67576K(180224K)] 642001K->588877K(704512K), 0.0149898 secs] [Times: user=0.14 sys=0.01, real=0.01 secs] 
2016-09-13T17:56:16.512-0400: 231.546: [Full GC (Ergonomics) [PSYoungGen: 67576K->0K(180224K)] [ParOldGen: 521301K->49276K(524288K)] 588877K->49276K(704512K), [Metaspace: 44668K->44668K(1087488K)], 0.0554514 secs] [Times: user=0.26 sys=0.01, real=0.06 secs] 
2016-09-13T17:56:16.723-0400: 231.757: [GC (GCLocker Initiated GC) [PSYoungGen: 112640K->57167K(176128K)] 165186K->109714K(700416K), 0.0126812 secs] [Times: user=0.13 sys=0.00, real=0.02 secs] 
2016-09-13T17:56:16.851-0400: 231.885: [GC (GCLocker Initiated GC) [PSYoungGen: 151375K->48083K(178176K)] 204002K->111761K(702464K), 0.0102243 secs] [Times: user=0.10 sys=0.00, real=0.01 secs] 
2016-09-13T17:56:17.003-0400: 232.037: [GC (GCLocker Initiated GC) [PSYoungGen: 142291K->17307K(177664K)] 212066K->88928K(701952K), 0.0098014 secs] [Times: user=0.07 sys=0.00, real=0.01 secs] 
2016-09-13T17:56:17.164-0400: 232.198: [GC (Allocation Failure) [PSYoungGen: 113051K->12683K(178176K)] 184786K->95280K(702464K), 0.0181945 secs] [Times: user=0.21 sys=0.00, real=0.02 secs] 
2016-09-13T17:56:17.307-0400: 232.341: [GC (GCLocker Initiated GC) [PSYoungGen: 108427K->45999K(177152K)] 191031K->128733K(701440K), 0.0069964 secs] [Times: user=0.06 sys=0.00, real=0.01 secs] 
2016-09-13T17:56:17.464-0400: 232.498: [GC (GCLocker Initiated GC) [PSYoungGen: 142767K->49255K(178176K)] 225520K->132178K(702464K), 0.0302100 secs] [Times: user=0.28 sys=0.00, real=0.03 secs] 
2016-09-13T17:56:17.645-0400: 232.679: [GC (GCLocker Initiated GC) [PSYoungGen: 146023K->6730K(177664K)] 241098K->109667K(701952K), 0.0109855 secs] [Times: user=0.11 sys=0.01, real=0.02 secs] 
2016-09-13T17:56:17.800-0400: 232.834: [GC (GCLocker Initiated GC) [PSYoungGen: 102986K->15874K(179200K)] 205951K->119049K(703488K), 0.0245712 secs] [Times: user=0.22 sys=0.00, real=0.02 secs] 
2016-09-13T17:56:17.964-0400: 232.998: [GC (GCLocker Initiated GC) [PSYoungGen: 112130K->43212K(177152K)] 221535K->152925K(701440K), 0.0122823 secs] [Times: user=0.13 sys=0.00, real=0.02 secs] 
2016-09-13T17:56:18.117-0400: 233.151: [GC (GCLocker Initiated GC) [PSYoungGen: 141004K->75144K(173056K)] 250865K->203448K(697344K), 0.0097695 secs] [Times: user=0.11 sys=0.00, real=0.00 secs] 
2016-09-13T17:56:18.269-0400: 233.303: [GC (GCLocker Initiated GC) [PSYoungGen: 172936K->43344K(175104K)] 301337K->174930K(699392K), 0.0238677 secs] [Times: user=0.24 sys=0.00, real=0.02 secs] 
2016-09-13T17:56:18.421-0400: 233.455: [GC (GCLocker Initiated GC) [PSYoungGen: 131408K->35527K(123904K)] 263010K->167339K(648192K), 0.0060818 secs] [Times: user=0.05 sys=0.00, real=0.00 secs] 
2016-09-13T17:56:18.552-0400: 233.586: [GC (GCLocker Initiated GC) [PSYoungGen: 123591K->41538K(174592K)] 255500K->176599K(698880K), 0.0250050 secs] [Times: user=0.22 sys=0.00, real=0.03 secs] 
2016-09-13T17:56:18.715-0400: 233.750: [GC (GCLocker Initiated GC) [PSYoungGen: 133186K->47645K(171008K)] 269936K->184581K(695296K), 0.0134393 secs] [Times: user=0.12 sys=0.00, real=0.02 secs] 
2016-09-13T17:56:18.856-0400: 233.890: [GC (GCLocker Initiated GC) [PSYoungGen: 139293K->43245K(180224K)] 276251K->180412K(704512K), 0.0070570 secs] [Times: user=0.07 sys=0.01, real=0.00 secs] 
2016-09-13T17:56:19.022-0400: 234.057: [GC (GCLocker Initiated GC) [PSYoungGen: 145645K->35713K(178176K)] 282823K->182182K(702464K), 0.0076367 secs] [Times: user=0.07 sys=0.00, real=0.01 secs] 
2016-09-13T17:56:19.240-0400: 234.274: [GC (GCLocker Initiated GC) [PSYoungGen: 138113K->20345K(181760K)] 286177K->177681K(706048K), 0.0188235 secs] [Times: user=0.20 sys=0.01, real=0.02 secs] 
2016-09-13T17:56:19.398-0400: 234.433: [GC (GCLocker Initiated GC) [PSYoungGen: 128889K->44705K(181760K)] 286267K->202187K(706048K), 0.0099301 secs] [Times: user=0.10 sys=0.00, real=0.01 secs] 
2016-09-13T17:56:19.551-0400: 234.585: [GC (GCLocker Initiated GC) [PSYoungGen: 153249K->43407K(186880K)] 312409K->214946K(711168K), 0.0094025 secs] [Times: user=0.10 sys=0.00, real=0.01 secs] 
2016-09-13T17:56:19.742-0400: 234.776: [GC (GCLocker Initiated GC) [PSYoungGen: 160143K->31244K(187392K)] 331699K->203088K(711680K), 0.0178220 secs] [Times: user=0.26 sys=0.00, real=0.02 secs] 
2016-09-13T17:56:19.971-0400: 235.005: [GC (GCLocker Initiated GC) [PSYoungGen: 147980K->14425K(188416K)] 320002K->197331K(712704K), 0.0063802 secs] [Times: user=0.05 sys=0.02, real=0.01 secs] 
2016-09-13T17:56:20.118-0400: 235.152: [GC (GCLocker Initiated GC) [PSYoungGen: 134233K->44635K(189952K)] 317309K->232454K(714240K), 0.0153944 secs] [Times: user=0.12 sys=0.00, real=0.01 secs] 
2016-09-13T17:56:20.318-0400: 235.353: [GC (GCLocker Initiated GC) [PSYoungGen: 164443K->24955K(189440K)] 353864K->214514K(713728K), 0.0224745 secs] [Times: user=0.25 sys=0.00, real=0.02 secs] 
2016-09-13T17:56:20.501-0400: 235.535: [GC (GCLocker Initiated GC) [PSYoungGen: 147323K->57041K(179712K)] 338473K->248557K(704000K), 0.0072892 secs] [Times: user=0.09 sys=0.00, real=0.01 secs] 
2016-09-13T17:56:20.688-0400: 235.722: [GC (Allocation Failure) [PSYoungGen: 179409K->56945K(181760K)] 372729K->259553K(706048K), 0.0099676 secs] [Times: user=0.12 sys=0.00, real=0.01 secs] 
2016-09-13T17:56:20.699-0400: 235.733: [GC (GCLocker Initiated GC) [PSYoungGen: 56963K->32K(109056K)] 259571K->262241K(633344K), 0.0093707 secs] [Times: user=0.14 sys=0.00, real=0.01 secs] 
2016-09-13T17:56:20.877-0400: 235.911: [GC (GCLocker Initiated GC) [PSYoungGen: 108576K->57280K(175104K)] 370791K->319495K(699392K), 0.0099731 secs] [Times: user=0.14 sys=0.00, real=0.00 secs] 
2016-09-13T17:56:21.046-0400: 236.080: [GC (GCLocker Initiated GC) [PSYoungGen: 152512K->9931K(178688K)] 427132K->298689K(702976K), 0.0042218 secs] [Times: user=0.04 sys=0.00, real=0.01 secs] 
2016-09-13T17:56:21.206-0400: 236.240: [GC (GCLocker Initiated GC) [PSYoungGen: 105163K->32804K(170496K)] 394049K->321911K(694784K), 0.0073868 secs] [Times: user=0.10 sys=0.00, real=0.01 secs] 
2016-09-13T17:56:21.361-0400: 236.395: [GC (GCLocker Initiated GC) [PSYoungGen: 128036K->43218K(174592K)] 417324K->332764K(698880K), 0.0142326 secs] [Times: user=0.18 sys=0.00, real=0.01 secs] 
2016-09-13T17:56:21.500-0400: 236.534: [GC (GCLocker Initiated GC) [PSYoungGen: 138450K->49324K(182272K)] 428015K->339118K(706560K), 0.0093940 secs] [Times: user=0.12 sys=0.00, real=0.01 secs] 
2016-09-13T17:56:21.697-0400: 236.731: [GC (GCLocker Initiated GC) [PSYoungGen: 153772K->31285K(136192K)] 457455K->348953K(660480K), 0.0100421 secs] [Times: user=0.13 sys=0.00, real=0.00 secs] 
2016-09-13T17:56:21.876-0400: 236.910: [GC (GCLocker Initiated GC) [PSYoungGen: 135733K->43153K(182784K)] 453725K->361347K(707072K), 0.0180167 secs] [Times: user=0.18 sys=0.01, real=0.01 secs] 
2016-09-13T17:56:22.055-0400: 237.089: [GC (GCLocker Initiated GC) [PSYoungGen: 150161K->29384K(181248K)] 474593K->353943K(705536K), 0.0175566 secs] [Times: user=0.16 sys=0.00, real=0.02 secs] 
2016-09-13T17:56:22.246-0400: 237.280: [GC (GCLocker Initiated GC) [PSYoungGen: 136392K->22077K(184832K)] 473118K->359048K(709120K), 0.0051902 secs] [Times: user=0.06 sys=0.00, real=0.01 secs] 
2016-09-13T17:56:22.451-0400: 237.485: [GC (GCLocker Initiated GC) [PSYoungGen: 135229K->17489K(183808K)] 485897K->376000K(708096K), 0.0106206 secs] [Times: user=0.13 sys=0.00, real=0.01 secs] 
2016-09-13T17:56:22.648-0400: 237.682: [GC (GCLocker Initiated GC) [PSYoungGen: 130641K->6670K(188928K)] 502988K->383767K(713216K), 0.0108943 secs] [Times: user=0.12 sys=0.00, real=0.01 secs] 
2016-09-13T17:56:22.865-0400: 237.900: [GC (GCLocker Initiated GC) [PSYoungGen: 125454K->31031K(150016K)] 508791K->414479K(674304K), 0.0074643 secs] [Times: user=0.07 sys=0.00, real=0.01 secs] 
2016-09-13T17:56:23.050-0400: 238.084: [GC (GCLocker Initiated GC) [PSYoungGen: 149815K->44603K(186368K)] 533285K->428130K(710656K), 0.0107191 secs] [Times: user=0.10 sys=0.00, real=0.01 secs] 
2016-09-13T17:56:23.254-0400: 238.289: [GC (Allocation Failure) [PSYoungGen: 163899K->28366K(187904K)] 553718K->432114K(712192K), 0.0104688 secs] [Times: user=0.14 sys=0.00, real=0.01 secs] 
2016-09-13T17:56:23.443-0400: 238.477: [GC (GCLocker Initiated GC) [PSYoungGen: 147662K->32804K(188928K)] 551410K->436786K(713216K), 0.0087564 secs] [Times: user=0.12 sys=0.01, real=0.01 secs] 
2016-09-13T17:56:23.658-0400: 238.692: [GC (GCLocker Initiated GC) [PSYoungGen: 160804K->43116K(190464K)] 564869K->447446K(714752K), 0.0127171 secs] [Times: user=0.13 sys=0.01, real=0.01 secs] 
2016-09-13T17:56:23.861-0400: 238.895: [GC (GCLocker Initiated GC) [PSYoungGen: 171116K->46409K(195072K)] 575496K->450999K(719360K), 0.0104617 secs] [Times: user=0.13 sys=0.00, real=0.01 secs] 
2016-09-13T17:56:24.060-0400: 239.094: [GC (GCLocker Initiated GC) [PSYoungGen: 177481K->46382K(177664K)] 583724K->463564K(701952K), 0.0087124 secs] [Times: user=0.11 sys=0.00, real=0.01 secs] 
2016-09-13T17:56:24.286-0400: 239.321: [GC (GCLocker Initiated GC) [PSYoungGen: 177454K->29734K(197120K)] 600899K->453389K(721408K), 0.0366834 secs] [Times: user=0.42 sys=0.00, real=0.04 secs] 
2016-09-13T17:56:24.515-0400: 239.549: [GC (Allocation Failure) [PSYoungGen: 159782K->29666K(159744K)] 586553K->456619K(684032K), 0.0066092 secs] [Times: user=0.09 sys=0.00, real=0.01 secs] 
2016-09-13T17:56:24.709-0400: 239.744: [GC (GCLocker Initiated GC) [PSYoungGen: 159714K->47897K(190976K)] 586673K->477997K(715264K), 0.0087172 secs] [Times: user=0.12 sys=0.00, real=0.01 secs] 
2016-09-13T17:56:24.920-0400: 239.955: [GC (GCLocker Initiated GC) [PSYoungGen: 175897K->46490K(193024K)] 606139K->476903K(717312K), 0.0106072 secs] [Times: user=0.15 sys=0.00, real=0.01 secs] 
2016-09-13T17:56:25.133-0400: 240.167: [GC (GCLocker Initiated GC) [PSYoungGen: 174490K->44816K(196096K)] 604925K->475464K(720384K), 0.0173892 secs] [Times: user=0.21 sys=0.00, real=0.02 secs] 
2016-09-13T17:56:25.324-0400: 240.358: [GC (GCLocker Initiated GC) [PSYoungGen: 174864K->43218K(173568K)] 605723K->486469K(697856K), 0.0077726 secs] [Times: user=0.09 sys=0.01, real=0.01 secs] 
2016-09-13T17:56:25.548-0400: 240.582: [GC (GCLocker Initiated GC) [PSYoungGen: 173266K->9672K(192512K)] 618209K->454770K(716800K), 0.0123776 secs] [Times: user=0.16 sys=0.00, real=0.02 secs] 
2016-09-13T17:56:25.740-0400: 240.774: [GC (GCLocker Initiated GC) [PSYoungGen: 136648K->23281K(194560K)] 583287K->470101K(718848K), 0.0206636 secs] [Times: user=0.18 sys=0.00, real=0.02 secs] 
2016-09-13T17:56:25.957-0400: 240.991: [GC (GCLocker Initiated GC) [PSYoungGen: 150257K->23649K(190464K)] 598660K->472301K(714752K), 0.0107410 secs] [Times: user=0.11 sys=0.00, real=0.00 secs] 
2016-09-13T17:56:26.183-0400: 241.217: [GC (Allocation Failure) [PSYoungGen: 151649K->26437K(193024K)] 600360K->475399K(717312K), 0.0178502 secs] [Times: user=0.20 sys=0.01, real=0.02 secs] 
2016-09-13T17:56:26.392-0400: 241.426: [GC (GCLocker Initiated GC) [PSYoungGen: 153990K->49197K(193024K)] 604471K->508863K(717312K), 0.0132162 secs] [Times: user=0.13 sys=0.00, real=0.01 secs] 
2016-09-13T17:56:26.611-0400: 241.645: [GC (GCLocker Initiated GC) [PSYoungGen: 179245K->40173K(196096K)] 639131K->500115K(720384K), 0.0339808 secs] [Times: user=0.34 sys=0.00, real=0.03 secs] 
2016-09-13T17:56:26.855-0400: 241.889: [GC (GCLocker Initiated GC) [PSYoungGen: 170221K->27993K(192000K)] 642610K->500658K(716288K), 0.0153045 secs] [Times: user=0.14 sys=0.01, real=0.02 secs] 
2016-09-13T17:56:27.059-0400: 242.093: [GC (GCLocker Initiated GC) [PSYoungGen: 159065K->58404K(189952K)] 631868K->543487K(714240K), 0.0101612 secs] [Times: user=0.08 sys=0.00, real=0.01 secs] 
2016-09-13T17:56:27.251-0400: 242.285: [GC (GCLocker Initiated GC) [PSYoungGen: 189476K->44794K(193024K)] 674707K->530218K(717312K), 0.0062989 secs] [Times: user=0.05 sys=0.00, real=0.01 secs] 
2016-09-13T17:56:27.445-0400: 242.479: [GC (GCLocker Initiated GC) [PSYoungGen: 168186K->27902K(151552K)] 659725K->519547K(675840K), 0.0051383 secs] [Times: user=0.04 sys=0.00, real=0.01 secs] 
2016-09-13T17:56:27.649-0400: 242.683: [GC (Allocation Failure) [PSYoungGen: 151294K->23531K(192000K)] 650620K->522921K(716288K), 0.0157743 secs] [Times: user=0.16 sys=0.01, real=0.01 secs] 
2016-09-13T17:56:27.861-0400: 242.895: [GC (GCLocker Initiated GC) [PSYoungGen: 147947K->44794K(190976K)] 647340K->549003K(715264K), 0.0200735 secs] [Times: user=0.18 sys=0.01, real=0.02 secs] 
2016-09-13T17:56:28.096-0400: 243.131: [Full GC (Ergonomics) [PSYoungGen: 169210K->0K(190976K)] [ParOldGen: 517905K->55669K(524288K)] 687115K->55669K(715264K), [Metaspace: 44677K->44677K(1087488K)], 0.0770710 secs] [Times: user=0.51 sys=0.00, real=0.07 secs] 
2016-09-13T17:56:28.330-0400: 243.364: [GC (Allocation Failure) [PSYoungGen: 124416K->61528K(181760K)] 180225K->117337K(706048K), 0.0145839 secs] [Times: user=0.16 sys=0.00, real=0.01 secs] 
2016-09-13T17:56:28.345-0400: 243.379: [GC (GCLocker Initiated GC) [PSYoungGen: 61796K->128K(115200K)] 117606K->129635K(639488K), 0.0073461 secs] [Times: user=0.08 sys=0.00, real=0.01 secs] 
2016-09-13T17:56:28.485-0400: 243.519: [GC (GCLocker Initiated GC) [PSYoungGen: 114100K->59987K(175104K)] 245127K->191021K(699392K), 0.0177372 secs] [Times: user=0.23 sys=0.00, real=0.02 secs] 
2016-09-13T17:56:28.658-0400: 243.692: [GC (GCLocker Initiated GC) [PSYoungGen: 158291K->11478K(180224K)] 301623K->170456K(704512K), 0.0040079 secs] [Times: user=0.04 sys=0.00, real=0.00 secs] 
2016-09-13T17:56:28.809-0400: 243.843: [GC (GCLocker Initiated GC) [PSYoungGen: 109780K->27992K(173056K)] 270456K->194937K(697344K), 0.0141424 secs] [Times: user=0.14 sys=0.00, real=0.01 secs] 
2016-09-13T17:56:28.975-0400: 244.009: [GC (Allocation Failure) [PSYoungGen: 126296K->28030K(176640K)] 295042K->196990K(700928K), 0.0060719 secs] [Times: user=0.07 sys=0.00, real=0.01 secs] 
2016-09-13T17:56:29.120-0400: 244.154: [GC (GCLocker Initiated GC) [PSYoungGen: 126334K->50879K(181248K)] 295299K->219964K(705536K), 0.0097546 secs] [Times: user=0.14 sys=0.00, real=0.01 secs] 
2016-09-13T17:56:29.301-0400: 244.335: [GC (GCLocker Initiated GC) [PSYoungGen: 157375K->74001K(180736K)] 326641K->243516K(705024K), 0.0102012 secs] [Times: user=0.14 sys=0.00, real=0.01 secs] 
2016-09-13T17:56:29.479-0400: 244.513: [GC (GCLocker Initiated GC) [PSYoungGen: 180497K->41916K(176640K)] 350146K->211680K(700928K), 0.0069435 secs] [Times: user=0.07 sys=0.00, real=0.00 secs] 
2016-09-13T17:56:29.645-0400: 244.680: [GC (GCLocker Initiated GC) [PSYoungGen: 137148K->9895K(105472K)] 320778K->193817K(629760K), 0.0119957 secs] [Times: user=0.12 sys=0.00, real=0.02 secs] 
2016-09-13T17:56:29.812-0400: 244.846: [GC (GCLocker Initiated GC) [PSYoungGen: 105127K->32682K(182272K)] 289054K->216941K(706560K), 0.0096802 secs] [Times: user=0.14 sys=0.00, real=0.01 secs] 
2016-09-13T17:56:29.984-0400: 245.018: [GC (GCLocker Initiated GC) [PSYoungGen: 130474K->37329K(135168K)] 314814K->221946K(659456K), 0.0049555 secs] [Times: user=0.06 sys=0.00, real=0.01 secs] 
2016-09-13T17:56:30.134-0400: 245.168: [GC (GCLocker Initiated GC) [PSYoungGen: 135121K->54003K(171520K)] 321276K->244948K(695808K), 0.0128111 secs] [Times: user=0.17 sys=0.01, real=0.01 secs] 
2016-09-13T17:56:30.295-0400: 245.329: [GC (Allocation Failure) [PSYoungGen: 149235K->28238K(174080K)] 352531K->243941K(698368K), 0.0098974 secs] [Times: user=0.12 sys=0.00, real=0.01 secs] 
2016-09-13T17:56:30.450-0400: 245.484: [GC (GCLocker Initiated GC) [PSYoungGen: 123470K->46345K(182272K)] 339179K->262288K(706560K), 0.0063920 secs] [Times: user=0.08 sys=0.00, real=0.01 secs] 
2016-09-13T17:56:30.634-0400: 245.668: [GC (GCLocker Initiated GC) [PSYoungGen: 153353K->34042K(182784K)] 369319K->250201K(707072K), 0.0158211 secs] [Times: user=0.13 sys=0.00, real=0.02 secs] 
2016-09-13T17:56:30.814-0400: 245.848: [GC (GCLocker Initiated GC) [PSYoungGen: 141050K->14355K(183296K)] 365038K->249071K(707584K), 0.0460923 secs] [Times: user=0.47 sys=0.00, real=0.05 secs] 
2016-09-13T17:56:31.008-0400: 246.043: [GC (GCLocker Initiated GC) [PSYoungGen: 124947K->47860K(183808K)] 359926K->283236K(708096K), 0.0117383 secs] [Times: user=0.12 sys=0.01, real=0.01 secs] 
2016-09-13T17:56:31.163-0400: 246.197: [GC (GCLocker Initiated GC) [PSYoungGen: 158452K->27993K(184832K)] 393976K->263648K(709120K), 0.0115968 secs] [Times: user=0.11 sys=0.00, real=0.01 secs] 
2016-09-13T17:56:31.349-0400: 246.383: [GC (GCLocker Initiated GC) [PSYoungGen: 142681K->9858K(186368K)] 379862K->247268K(710656K), 0.0510506 secs] [Times: user=0.57 sys=0.00, real=0.05 secs] 
2016-09-13T17:56:31.566-0400: 246.600: [GC (GCLocker Initiated GC) [PSYoungGen: 124546K->23499K(186368K)] 369823K->269010K(710656K), 0.0049777 secs] [Times: user=0.04 sys=0.00, real=0.01 secs] 
2016-09-13T17:56:31.724-0400: 246.758: [GC (Allocation Failure) [PSYoungGen: 141259K->23217K(187904K)] 386965K->269042K(712192K), 0.0335230 secs] [Times: user=0.34 sys=0.00, real=0.04 secs] 
2016-09-13T17:56:31.919-0400: 246.954: [GC (GCLocker Initiated GC) [PSYoungGen: 140977K->41534K(191488K)] 386806K->287453K(715776K), 0.0137296 secs] [Times: user=0.13 sys=0.00, real=0.01 secs] 
2016-09-13T17:56:32.138-0400: 247.172: [GC (Allocation Failure) [PSYoungGen: 164926K->5115K(191488K)] 423283K->263653K(715776K), 0.0172357 secs] [Times: user=0.17 sys=0.00, real=0.01 secs] 
2016-09-13T17:56:32.361-0400: 247.395: [GC (GCLocker Initiated GC) [PSYoungGen: 128307K->27992K(187904K)] 388364K->288317K(712192K), 0.0058854 secs] [Times: user=0.05 sys=0.00, real=0.00 secs] 
2016-09-13T17:56:32.570-0400: 247.604: [GC (Allocation Failure) [PSYoungGen: 152920K->9862K(190464K)] 421079K->278289K(714752K), 0.0280227 secs] [Times: user=0.28 sys=0.01, real=0.03 secs] 
2016-09-13T17:56:32.763-0400: 247.797: [GC (Allocation Failure) [PSYoungGen: 134790K->46185K(190464K)] 403217K->314880K(714752K), 0.0069719 secs] [Times: user=0.06 sys=0.00, real=0.01 secs] 
2016-09-13T17:56:32.956-0400: 247.991: [GC (GCLocker Initiated GC) [PSYoungGen: 171112K->24859K(193536K)] 439812K->293787K(717824K), 0.0378438 secs] [Times: user=0.39 sys=0.00, real=0.03 secs] 
2016-09-13T17:56:33.153-0400: 248.187: [GC (GCLocker Initiated GC) [PSYoungGen: 149787K->27934K(186368K)] 419071K->297495K(710656K), 0.0099157 secs] [Times: user=0.09 sys=0.00, real=0.01 secs] 
2016-09-13T17:56:33.364-0400: 248.399: [GC (Allocation Failure) [PSYoungGen: 155934K->28025K(189952K)] 425673K->297868K(714240K), 0.0098573 secs] [Times: user=0.09 sys=0.01, real=0.01 secs] 
2016-09-13T17:56:33.560-0400: 248.595: [GC (GCLocker Initiated GC) [PSYoungGen: 156025K->29480K(193536K)] 425964K->299541K(717824K), 0.0167772 secs] [Times: user=0.15 sys=0.00, real=0.02 secs] 
2016-09-13T17:56:33.805-0400: 248.839: [GC (GCLocker Initiated GC) [PSYoungGen: 170792K->41725K(197120K)] 442481K->313536K(721408K), 0.0066879 secs] [Times: user=0.05 sys=0.00, real=0.01 secs] 
2016-09-13T17:56:34.052-0400: 249.086: [GC (GCLocker Initiated GC) [PSYoungGen: 183037K->53940K(192512K)] 461085K->332281K(716800K), 0.0080035 secs] [Times: user=0.10 sys=0.01, real=0.01 secs] 
2016-09-13T17:56:34.273-0400: 249.307: [GC (GCLocker Initiated GC) [PSYoungGen: 188084K->43340K(177664K)] 466583K->326526K(701952K), 0.0154756 secs] [Times: user=0.21 sys=0.00, real=0.02 secs] 
2016-09-13T17:56:34.468-0400: 249.502: [GC (GCLocker Initiated GC) [PSYoungGen: 177484K->46256K(194048K)] 460885K->329957K(718336K), 0.0313775 secs] [Times: user=0.36 sys=0.01, real=0.03 secs] 
2016-09-13T17:56:34.697-0400: 249.731: [GC (GCLocker Initiated GC) [PSYoungGen: 175280K->46495K(175616K)] 460631K->331934K(699904K), 0.0141878 secs] [Times: user=0.16 sys=0.00, real=0.01 secs] 
2016-09-13T17:56:34.919-0400: 249.954: [GC (GCLocker Initiated GC) [PSYoungGen: 175519K->41598K(195584K)] 460972K->327205K(719872K), 0.0167276 secs] [Times: user=0.15 sys=0.01, real=0.02 secs] 
2016-09-13T17:56:35.112-0400: 250.146: [GC (GCLocker Initiated GC) [PSYoungGen: 169598K->34008K(162304K)] 455342K->319941K(686592K), 0.0276755 secs] [Times: user=0.24 sys=0.00, real=0.03 secs] 
2016-09-13T17:56:35.322-0400: 250.356: [GC (GCLocker Initiated GC) [PSYoungGen: 162008K->29484K(193536K)] 447954K->324883K(717824K), 0.0067678 secs] [Times: user=0.04 sys=0.00, real=0.01 secs] 
2016-09-13T17:56:35.541-0400: 250.575: [GC (GCLocker Initiated GC) [PSYoungGen: 159020K->11319K(192000K)] 460513K->322091K(716288K), 0.0096431 secs] [Times: user=0.10 sys=0.00, real=0.01 secs] 
2016-09-13T17:56:35.739-0400: 250.773: [GC (GCLocker Initiated GC) [PSYoungGen: 140855K->21889K(198656K)] 457714K->342014K(722944K), 0.0279007 secs] [Times: user=0.28 sys=0.01, real=0.02 secs] 
2016-09-13T17:56:35.953-0400: 250.987: [GC (GCLocker Initiated GC) [PSYoungGen: 157057K->53816K(189440K)] 477277K->374222K(713728K), 0.0133703 secs] [Times: user=0.13 sys=0.00, real=0.01 secs] 
2016-09-13T17:56:36.212-0400: 251.247: [GC (GCLocker Initiated GC) [PSYoungGen: 188984K->27865K(196608K)] 517183K->356168K(720896K), 0.0285303 secs] [Times: user=0.28 sys=0.01, real=0.03 secs] 
2016-09-13T17:56:36.439-0400: 251.473: [GC (GCLocker Initiated GC) [PSYoungGen: 156377K->47927K(194048K)] 484699K->376412K(718336K), 0.0068811 secs] [Times: user=0.06 sys=0.01, real=0.00 secs] 
2016-09-13T17:56:36.617-0400: 251.651: [GC (GCLocker Initiated GC) [PSYoungGen: 176439K->25115K(195072K)] 506568K->369241K(719360K), 0.0092104 secs] [Times: user=0.12 sys=0.00, real=0.00 secs] 
2016-09-13T17:56:36.856-0400: 251.890: [GC (GCLocker Initiated GC) [PSYoungGen: 153627K->44704K(194560K)] 499458K->395416K(718848K), 0.0081474 secs] [Times: user=0.07 sys=0.00, real=0.01 secs] 
2016-09-13T17:56:37.055-0400: 252.090: [GC (GCLocker Initiated GC) [PSYoungGen: 173216K->29416K(192000K)] 523950K->380336K(716288K), 0.0060111 secs] [Times: user=0.05 sys=0.01, real=0.01 secs] 
2016-09-13T17:56:37.255-0400: 252.289: [GC (GCLocker Initiated GC) [PSYoungGen: 158440K->11350K(193536K)] 523151K->377769K(717824K), 0.0121723 secs] [Times: user=0.11 sys=0.00, real=0.01 secs] 
2016-09-13T17:56:37.469-0400: 252.503: [GC (GCLocker Initiated GC) [PSYoungGen: 140374K->39956K(197120K)] 506913K->406638K(721408K), 0.0214259 secs] [Times: user=0.22 sys=0.00, real=0.02 secs] 
2016-09-13T17:56:37.697-0400: 252.731: [GC (GCLocker Initiated GC) [PSYoungGen: 171540K->46153K(178176K)] 539776K->414487K(702464K), 0.0299006 secs] [Times: user=0.31 sys=0.00, real=0.02 secs] 
2016-09-13T17:56:37.897-0400: 252.931: [GC (GCLocker Initiated GC) [PSYoungGen: 177737K->40174K(196096K)] 552201K->416307K(720384K), 0.0135932 secs] [Times: user=0.13 sys=0.00, real=0.01 secs] 
2016-09-13T17:56:38.111-0400: 253.145: [GC (GCLocker Initiated GC) [PSYoungGen: 169198K->24923K(154112K)] 552994K->409002K(678400K), 0.0224704 secs] [Times: user=0.23 sys=0.00, real=0.02 secs] 
2016-09-13T17:56:38.318-0400: 253.352: [GC (GCLocker Initiated GC) [PSYoungGen: 153947K->47646K(191488K)] 538112K->435059K(715776K), 0.0296373 secs] [Times: user=0.31 sys=0.00, real=0.02 secs] 
2016-09-13T17:56:38.547-0400: 253.581: [GC (GCLocker Initiated GC) [PSYoungGen: 174622K->27965K(193536K)] 568347K->426400K(717824K), 0.0061551 secs] [Times: user=0.05 sys=0.00, real=0.01 secs] 
2016-09-13T17:56:38.760-0400: 253.794: [GC (GCLocker Initiated GC) [PSYoungGen: 154941K->27806K(192512K)] 553557K->426641K(716800K), 0.0099935 secs] [Times: user=0.09 sys=0.00, real=0.01 secs] 
2016-09-13T17:56:38.954-0400: 253.988: [GC (GCLocker Initiated GC) [PSYoungGen: 158878K->34189K(194048K)] 557896K->433345K(718336K), 0.0058885 secs] [Times: user=0.05 sys=0.00, real=0.01 secs] 
2016-09-13T17:56:39.186-0400: 254.221: [GC (GCLocker Initiated GC) [PSYoungGen: 165261K->26314K(198144K)] 564507K->425867K(722432K), 0.0138510 secs] [Times: user=0.10 sys=0.00, real=0.02 secs] 
2016-09-13T17:56:39.407-0400: 254.441: [GC (GCLocker Initiated GC) [PSYoungGen: 165066K->9767K(197632K)] 570867K->423284K(721920K), 0.0071194 secs] [Times: user=0.05 sys=0.00, real=0.01 secs] 
2016-09-13T17:56:39.649-0400: 254.683: [GC (GCLocker Initiated GC) [PSYoungGen: 148519K->11190K(201728K)] 574320K->437192K(726016K), 0.0246072 secs] [Times: user=0.26 sys=0.01, real=0.02 secs] 
2016-09-13T17:56:39.891-0400: 254.925: [GC (GCLocker Initiated GC) [PSYoungGen: 152502K->21826K(163328K)] 584758K->461893K(687616K), 0.0172688 secs] [Times: user=0.15 sys=0.01, real=0.02 secs] 
2016-09-13T17:56:40.099-0400: 255.133: [GC (GCLocker Initiated GC) [PSYoungGen: 163138K->49351K(194048K)] 603384K->489715K(718336K), 0.0069107 secs] [Times: user=0.06 sys=0.00, real=0.00 secs] 
2016-09-13T17:56:40.311-0400: 255.345: [GC (GCLocker Initiated GC) [PSYoungGen: 184519K->44699K(180224K)] 624908K->485251K(704512K), 0.0237128 secs] [Times: user=0.23 sys=0.00, real=0.02 secs] 
2016-09-13T17:56:40.543-0400: 255.577: [GC (GCLocker Initiated GC) [PSYoungGen: 179867K->6544K(194560K)] 626552K->453359K(718848K), 0.0252306 secs] [Times: user=0.24 sys=0.00, real=0.03 secs] 
2016-09-13T17:56:40.785-0400: 255.820: [GC (Allocation Failure) [PSYoungGen: 135568K->27833K(157184K)] 582500K->474829K(681472K), 0.0106981 secs] [Times: user=0.10 sys=0.01, real=0.02 secs] 
2016-09-13T17:56:40.971-0400: 256.005: [GC (GCLocker Initiated GC) [PSYoungGen: 155715K->47773K(189440K)] 604231K->496435K(713728K), 0.0109001 secs] [Times: user=0.11 sys=0.00, real=0.01 secs] 
2016-09-13T17:56:41.182-0400: 256.216: [GC (GCLocker Initiated GC) [PSYoungGen: 174237K->29484K(193024K)] 622932K->478404K(717312K), 0.0490399 secs] [Times: user=0.55 sys=0.00, real=0.05 secs] 
2016-09-13T17:56:41.414-0400: 256.448: [GC (GCLocker Initiated GC) [PSYoungGen: 155948K->25019K(189952K)] 610954K->489346K(714240K), 0.0162421 secs] [Times: user=0.16 sys=0.00, real=0.02 secs] 
2016-09-13T17:56:41.635-0400: 256.669: [GC (GCLocker Initiated GC) [PSYoungGen: 157115K->33940K(193024K)] 621467K->500080K(717312K), 0.0176774 secs] [Times: user=0.20 sys=0.00, real=0.02 secs] 
2016-09-13T17:56:41.844-0400: 256.878: [GC (GCLocker Initiated GC) [PSYoungGen: 166036K->12842K(199680K)] 638280K->488286K(723968K), 0.0082770 secs] [Times: user=0.09 sys=0.00, real=0.01 secs] 
2016-09-13T17:56:42.055-0400: 257.089: [GC (GCLocker Initiated GC) [PSYoungGen: 154666K->37387K(201216K)] 636232K->519253K(725504K), 0.0104536 secs] [Times: user=0.13 sys=0.00, real=0.01 secs] 
2016-09-13T17:56:42.307-0400: 257.341: [GC (GCLocker Initiated GC) [PSYoungGen: 179211K->14323K(202752K)] 667177K->507130K(727040K), 0.0236514 secs] [Times: user=0.28 sys=0.00, real=0.03 secs] 
2016-09-13T17:56:42.548-0400: 257.582: [GC (GCLocker Initiated GC) [PSYoungGen: 157683K->24773K(168448K)] 653596K->528431K(692736K), 0.0467708 secs] [Times: user=0.47 sys=0.00, real=0.04 secs] 
2016-09-13T17:56:42.796-0400: 257.830: [GC (GCLocker Initiated GC) [PSYoungGen: 168133K->2232K(198656K)] 674929K->509107K(722944K), 0.0110163 secs] [Times: user=0.11 sys=0.00, real=0.00 secs] 
2016-09-13T17:56:43.011-0400: 258.045: [GC (GCLocker Initiated GC) [PSYoungGen: 144056K->23527K(200192K)] 651059K->530798K(724480K), 0.0084858 secs] [Times: user=0.09 sys=0.00, real=0.01 secs] 
2016-09-13T17:56:43.245-0400: 258.279: [GC (GCLocker Initiated GC) [PSYoungGen: 165351K->24892K(199168K)] 678794K->543077K(723456K), 0.0098550 secs] [Times: user=0.10 sys=0.00, real=0.01 secs] 
2016-09-13T17:56:43.255-0400: 258.289: [Full GC (Ergonomics) [PSYoungGen: 24892K->0K(199168K)] [ParOldGen: 518185K->39332K(524288K)] 543077K->39332K(723456K), [Metaspace: 44691K->44691K(1087488K)], 0.0667734 secs] [Times: user=0.40 sys=0.01, real=0.07 secs] 
2016-09-13T17:56:43.497-0400: 258.531: [GC (GCLocker Initiated GC) [PSYoungGen: 148480K->52196K(200704K)] 188123K->119296K(724992K), 0.0190460 secs] [Times: user=0.15 sys=0.01, real=0.02 secs] 
2016-09-13T17:56:43.737-0400: 258.771: [GC (GCLocker Initiated GC) [PSYoungGen: 200676K->5238K(183296K)] 274055K->89547K(707584K), 0.0039025 secs] [Times: user=0.03 sys=0.00, real=0.00 secs] 
2016-09-13T17:56:43.937-0400: 258.971: [GC (GCLocker Initiated GC) [PSYoungGen: 127094K->31088K(192000K)] 217540K->121787K(716288K), 0.0130417 secs] [Times: user=0.13 sys=0.00, real=0.01 secs] 
2016-09-13T17:56:44.149-0400: 259.183: [GC (Allocation Failure) [PSYoungGen: 152944K->23345K(182784K)] 245422K->123567K(707072K), 0.0046141 secs] [Times: user=0.04 sys=0.00, real=0.00 secs] 
2016-09-13T17:56:44.349-0400: 259.383: [GC (GCLocker Initiated GC) [PSYoungGen: 147470K->20302K(188928K)] 253766K->126761K(713216K), 0.0437384 secs] [Times: user=0.42 sys=0.00, real=0.04 secs] 
2016-09-13T17:56:44.541-0400: 259.575: [GC (GCLocker Initiated GC) [PSYoungGen: 145230K->43180K(195072K)] 251714K->149744K(719360K), 0.0197150 secs] [Times: user=0.22 sys=0.00, real=0.02 secs] 
2016-09-13T17:56:44.752-0400: 259.786: [GC (GCLocker Initiated GC) [PSYoungGen: 176300K->37205K(197632K)] 282894K->144115K(721920K), 0.0153107 secs] [Times: user=0.14 sys=0.00, real=0.01 secs] 
2016-09-13T17:56:45.003-0400: 260.038: [GC (GCLocker Initiated GC) [PSYoungGen: 170325K->23404K(192000K)] 283312K->148845K(716288K), 0.0150740 secs] [Times: user=0.13 sys=0.00, real=0.02 secs] 
2016-09-13T17:56:45.215-0400: 260.249: [GC (GCLocker Initiated GC) [PSYoungGen: 157036K->46217K(195072K)] 284247K->173622K(719360K), 0.0059071 secs] [Times: user=0.05 sys=0.00, real=0.01 secs] 
2016-09-13T17:56:45.437-0400: 260.472: [GC (GCLocker Initiated GC) [PSYoungGen: 179849K->29483K(197632K)] 307360K->157175K(721920K), 0.0069711 secs] [Times: user=0.05 sys=0.00, real=0.00 secs] 
2016-09-13T17:56:45.652-0400: 260.686: [GC (GCLocker Initiated GC) [PSYoungGen: 165675K->10021K(197632K)] 305678K->156293K(721920K), 0.0243384 secs] [Times: user=0.26 sys=0.00, real=0.03 secs] 
2016-09-13T17:56:45.880-0400: 260.915: [GC (GCLocker Initiated GC) [PSYoungGen: 146213K->43117K(196096K)] 292818K->190010K(720384K), 0.0217022 secs] [Times: user=0.23 sys=0.00, real=0.02 secs] 
2016-09-13T17:56:46.108-0400: 261.142: [GC (GCLocker Initiated GC) [PSYoungGen: 177261K->43185K(177664K)] 330291K->202480K(701952K), 0.0098852 secs] [Times: user=0.07 sys=0.00, real=0.01 secs] 
2016-09-13T17:56:46.306-0400: 261.340: [GC (GCLocker Initiated GC) [PSYoungGen: 177329K->43248K(194560K)] 336906K->202952K(718848K), 0.0217496 secs] [Times: user=0.19 sys=0.00, real=0.02 secs] 
2016-09-13T17:56:46.533-0400: 261.567: [GC (Allocation Failure) [PSYoungGen: 172272K->23277K(152576K)] 338395K->189652K(676864K), 0.0337572 secs] [Times: user=0.34 sys=0.00, real=0.03 secs] 
2016-09-13T17:56:46.771-0400: 261.805: [GC (GCLocker Initiated GC) [PSYoungGen: 152301K->32581K(197120K)] 318681K->199189K(721408K), 0.0249375 secs] [Times: user=0.27 sys=0.00, real=0.03 secs] 
2016-09-13T17:56:47.006-0400: 262.040: [GC (GCLocker Initiated GC) [PSYoungGen: 165189K->19105K(194560K)] 343975K->198050K(718848K), 0.0159556 secs] [Times: user=0.17 sys=0.00, real=0.02 secs] 
2016-09-13T17:56:47.204-0400: 262.238: [GC (GCLocker Initiated GC) [PSYoungGen: 151713K->29512K(197120K)] 330720K->217719K(721408K), 0.0097968 secs] [Times: user=0.09 sys=0.00, real=0.01 secs] 
2016-09-13T17:56:47.446-0400: 262.480: [GC (GCLocker Initiated GC) [PSYoungGen: 168264K->3628K(196608K)] 368724K->219481K(720896K), 0.0073055 secs] [Times: user=0.07 sys=0.00, real=0.01 secs] 
2016-09-13T17:56:47.664-0400: 262.698: [GC (Allocation Failure) [PSYoungGen: 142380K->46376K(195072K)] 359928K->264133K(719360K), 0.0095776 secs] [Times: user=0.08 sys=0.00, real=0.01 secs] 
2016-09-13T17:56:47.674-0400: 262.708: [GC (GCLocker Initiated GC) [PSYoungGen: 46386K->64K(135680K)] 264143K->259468K(659968K), 0.0061055 secs] [Times: user=0.04 sys=0.00, real=0.01 secs] 
2016-09-13T17:56:47.915-0400: 262.949: [GC (GCLocker Initiated GC) [PSYoungGen: 133069K->64665K(176640K)] 398548K->337739K(700928K), 0.0156795 secs] [Times: user=0.15 sys=0.01, real=0.02 secs] 
2016-09-13T17:56:48.098-0400: 263.132: [GC (GCLocker Initiated GC) [PSYoungGen: 176281K->46414K(158208K)] 457000K->351807K(682496K), 0.0120912 secs] [Times: user=0.12 sys=0.00, real=0.01 secs] 
2016-09-13T17:56:48.279-0400: 263.313: [GC (GCLocker Initiated GC) [PSYoungGen: 158030K->43338K(185344K)] 463464K->356588K(709632K), 0.0163571 secs] [Times: user=0.18 sys=0.01, real=0.02 secs] 
2016-09-13T17:56:48.453-0400: 263.487: [GC (Allocation Failure) [PSYoungGen: 151882K->27993K(136704K)] 471279K->347642K(660992K), 0.0208129 secs] [Times: user=0.22 sys=0.00, real=0.02 secs] 
2016-09-13T17:56:48.650-0400: 263.684: [GC (Allocation Failure) [PSYoungGen: 133588K->5210K(181248K)] 453237K->331072K(705536K), 0.0068719 secs] [Times: user=0.04 sys=0.00, real=0.01 secs] 
2016-09-13T17:56:48.802-0400: 263.836: [GC (GCLocker Initiated GC) [PSYoungGen: 107794K->11100K(181760K)] 439731K->347949K(706048K), 0.0074560 secs] [Times: user=0.07 sys=0.00, real=0.01 secs] 
2016-09-13T17:56:48.968-0400: 264.002: [GC (Allocation Failure) [PSYoungGen: 119132K->25018K(180736K)] 456238K->362278K(705024K), 0.0159781 secs] [Times: user=0.15 sys=0.00, real=0.01 secs] 
2016-09-13T17:56:49.162-0400: 264.196: [GC (GCLocker Initiated GC) [PSYoungGen: 140730K->46096K(184320K)] 477995K->383668K(708608K), 0.0199804 secs] [Times: user=0.20 sys=0.00, real=0.02 secs] 
2016-09-13T17:56:49.340-0400: 264.374: [GC (GCLocker Initiated GC) [PSYoungGen: 161808K->12710K(192000K)] 505472K->356504K(716288K), 0.0090545 secs] [Times: user=0.08 sys=0.00, real=0.01 secs] 
2016-09-13T17:56:49.548-0400: 264.582: [GC (Allocation Failure) [PSYoungGen: 133030K->38437K(159232K)] 477151K->382681K(683520K), 0.0211846 secs] [Times: user=0.17 sys=0.01, real=0.02 secs] 
2016-09-13T17:56:49.761-0400: 264.796: [GC (GCLocker Initiated GC) [PSYoungGen: 158757K->41539K(188928K)] 503001K->385969K(713216K), 0.0347208 secs] [Times: user=0.35 sys=0.00, real=0.04 secs] 
2016-09-13T17:56:49.968-0400: 265.003: [GC (GCLocker Initiated GC) [PSYoungGen: 160835K->32426K(152064K)] 506848K->378561K(676352K), 0.0141683 secs] [Times: user=0.12 sys=0.00, real=0.01 secs] 
2016-09-13T17:56:50.119-0400: 265.153: [GC (GCLocker Initiated GC) [PSYoungGen: 151722K->49228K(185344K)] 498092K->395721K(709632K), 0.0135583 secs] [Times: user=0.14 sys=0.00, real=0.01 secs] 
2016-09-13T17:56:50.315-0400: 265.349: [GC (Allocation Failure) [PSYoungGen: 167500K->34073K(188928K)] 514015K->380746K(713216K), 0.0100924 secs] [Times: user=0.10 sys=0.00, real=0.01 secs] 
2016-09-13T17:56:50.510-0400: 265.544: [GC (GCLocker Initiated GC) [PSYoungGen: 151620K->21704K(187904K)] 499812K->379202K(712192K), 0.0274766 secs] [Times: user=0.30 sys=0.00, real=0.03 secs] 
2016-09-13T17:56:50.736-0400: 265.770: [GC (GCLocker Initiated GC) [PSYoungGen: 145608K->23405K(189952K)] 509418K->387279K(714240K), 0.0166860 secs] [Times: user=0.14 sys=0.00, real=0.01 secs] 
2016-09-13T17:56:50.912-0400: 265.946: [GC (GCLocker Initiated GC) [PSYoungGen: 147309K->50907K(189952K)] 511212K->414973K(714240K), 0.0061695 secs] [Times: user=0.07 sys=0.00, real=0.01 secs] 
2016-09-13T17:56:51.118-0400: 266.152: [GC (GCLocker Initiated GC) [PSYoungGen: 176859K->49229K(175616K)] 540950K->414998K(699904K), 0.0191626 secs] [Times: user=0.20 sys=0.00, real=0.02 secs] 
2016-09-13T17:56:51.307-0400: 266.342: [GC (GCLocker Initiated GC) [PSYoungGen: 175181K->43217K(192000K)] 540966K->413764K(716288K), 0.0135682 secs] [Times: user=0.12 sys=0.00, real=0.02 secs] 
2016-09-13T17:56:51.513-0400: 266.547: [GC (GCLocker Initiated GC) [PSYoungGen: 164561K->64603K(186368K)] 535192K->444613K(710656K), 0.0077312 secs] [Times: user=0.09 sys=0.00, real=0.01 secs] 
2016-09-13T17:56:51.708-0400: 266.743: [GC (GCLocker Initiated GC) [PSYoungGen: 185947K->28120K(186880K)] 566138K->416035K(711168K), 0.0167906 secs] [Times: user=0.14 sys=0.00, real=0.01 secs] 
2016-09-13T17:56:51.898-0400: 266.932: [GC (GCLocker Initiated GC) [PSYoungGen: 139224K->52452K(163840K)] 527211K->440747K(688128K), 0.0099943 secs] [Times: user=0.12 sys=0.00, real=0.01 secs] 
2016-09-13T17:56:52.085-0400: 267.119: [GC (Allocation Failure) [PSYoungGen: 163556K->43084K(186880K)] 551985K->431568K(711168K), 0.0159711 secs] [Times: user=0.11 sys=0.01, real=0.02 secs] 
2016-09-13T17:56:52.251-0400: 267.285: [GC (GCLocker Initiated GC) [PSYoungGen: 148030K->24895K(134656K)] 542590K->419731K(658944K), 0.0064944 secs] [Times: user=0.04 sys=0.00, real=0.01 secs] 
2016-09-13T17:56:52.445-0400: 267.480: [GC (Allocation Failure) [PSYoungGen: 134463K->29447K(185344K)] 529318K->424562K(709632K), 0.0136543 secs] [Times: user=0.13 sys=0.00, real=0.02 secs] 
2016-09-13T17:56:52.617-0400: 267.651: [GC (GCLocker Initiated GC) [PSYoungGen: 141063K->27965K(183296K)] 536183K->424821K(707584K), 0.0148180 secs] [Times: user=0.13 sys=0.01, real=0.01 secs] 
2016-09-13T17:56:52.806-0400: 267.840: [GC (GCLocker Initiated GC) [PSYoungGen: 139581K->9672K(184832K)] 542534K->412748K(709120K), 0.0298481 secs] [Times: user=0.29 sys=0.00, real=0.04 secs] 
2016-09-13T17:56:53.012-0400: 268.046: [GC (GCLocker Initiated GC) [PSYoungGen: 124872K->30998K(186368K)] 534058K->449458K(710656K), 0.0285552 secs] [Times: user=0.28 sys=0.00, real=0.03 secs] 
2016-09-13T17:56:53.206-0400: 268.240: [GC (GCLocker Initiated GC) [PSYoungGen: 146198K->43361K(188416K)] 564881K->468388K(712704K), 0.0106263 secs] [Times: user=0.10 sys=0.00, real=0.02 secs] 
2016-09-13T17:56:53.392-0400: 268.426: [GC (GCLocker Initiated GC) [PSYoungGen: 164193K->30875K(188928K)] 590826K->457635K(713216K), 0.0061713 secs] [Times: user=0.05 sys=0.00, real=0.01 secs] 
2016-09-13T17:56:53.605-0400: 268.639: [GC (GCLocker Initiated GC) [PSYoungGen: 151707K->5243K(189440K)] 590703K->444444K(713728K), 0.0262065 secs] [Times: user=0.22 sys=0.00, real=0.03 secs] 
2016-09-13T17:56:53.835-0400: 268.869: [GC (GCLocker Initiated GC) [PSYoungGen: 129659K->44603K(191488K)] 570561K->485707K(715776K), 0.0267512 secs] [Times: user=0.22 sys=0.00, real=0.03 secs] 
2016-09-13T17:56:54.025-0400: 269.059: [GC (GCLocker Initiated GC) [PSYoungGen: 169019K->55462K(184320K)] 610148K->496836K(708608K), 0.0120508 secs] [Times: user=0.16 sys=0.01, real=0.02 secs] 
2016-09-13T17:56:54.212-0400: 269.246: [GC (GCLocker Initiated GC) [PSYoungGen: 171174K->29484K(188928K)] 620175K->480276K(713216K), 0.0072920 secs] [Times: user=0.06 sys=0.00, real=0.01 secs] 
2016-09-13T17:56:54.404-0400: 269.438: [GC (GCLocker Initiated GC) [PSYoungGen: 145196K->29699K(182272K)] 603798K->493157K(706560K), 0.0130619 secs] [Times: user=0.17 sys=0.00, real=0.02 secs] 
2016-09-13T17:56:54.599-0400: 269.633: [GC (GCLocker Initiated GC) [PSYoungGen: 148483K->26575K(186368K)] 611969K->496405K(710656K), 0.0064200 secs] [Times: user=0.07 sys=0.00, real=0.00 secs] 
2016-09-13T17:56:54.786-0400: 269.820: [GC (GCLocker Initiated GC) [PSYoungGen: 145359K->28088K(187392K)] 615215K->517887K(711680K), 0.0111325 secs] [Times: user=0.13 sys=0.00, real=0.02 secs] 
2016-09-13T17:56:55.013-0400: 270.047: [GC (Allocation Failure) [PSYoungGen: 157112K->23410K(192000K)] 653336K->529081K(716288K), 0.0088469 secs] [Times: user=0.11 sys=0.00, real=0.01 secs] 
2016-09-13T17:56:55.222-0400: 270.256: [GC (Allocation Failure) [PSYoungGen: 152434K->32709K(192512K)] 658105K->538484K(716800K), 0.0066791 secs] [Times: user=0.07 sys=0.00, real=0.01 secs] 
2016-09-13T17:56:55.436-0400: 270.470: [GC (GCLocker Initiated GC) [PSYoungGen: 170437K->27892K(196608K)] 676215K->533726K(720896K), 0.0253164 secs] [Times: user=0.30 sys=0.00, real=0.03 secs] 
2016-09-13T17:56:55.654-0400: 270.688: [Full GC (Ergonomics) [PSYoungGen: 165620K->0K(196608K)] [ParOldGen: 511934K->41176K(524288K)] 677554K->41176K(720896K), [Metaspace: 44729K->44729K(1087488K)], 0.0653737 secs] [Times: user=0.32 sys=0.00, real=0.07 secs] 
2016-09-13T17:56:55.898-0400: 270.932: [GC (GCLocker Initiated GC) [PSYoungGen: 137728K->55648K(192000K)] 185228K->113780K(716288K), 0.0142132 secs] [Times: user=0.13 sys=0.01, real=0.01 secs] 
2016-09-13T17:56:56.107-0400: 271.141: [GC (Allocation Failure) [PSYoungGen: 190816K->35751K(198656K)] 248998K->114159K(722944K), 0.0220896 secs] [Times: user=0.24 sys=0.00, real=0.03 secs] 
2016-09-13T17:56:56.349-0400: 271.383: [GC (GCLocker Initiated GC) [PSYoungGen: 166460K->14238K(197632K)] 250943K->103416K(721920K), 0.0315955 secs] [Times: user=0.37 sys=0.01, real=0.03 secs] 
2016-09-13T17:56:56.584-0400: 271.618: [GC (GCLocker Initiated GC) [PSYoungGen: 151454K->23469K(199168K)] 243728K->115831K(723456K), 0.0211448 secs] [Times: user=0.22 sys=0.00, real=0.02 secs] 
2016-09-13T17:56:56.800-0400: 271.834: [GC (GCLocker Initiated GC) [PSYoungGen: 160685K->32677K(195072K)] 253053K->125223K(719360K), 0.0314954 secs] [Times: user=0.36 sys=0.01, real=0.03 secs] 
2016-09-13T17:56:57.035-0400: 272.069: [GC (GCLocker Initiated GC) [PSYoungGen: 172453K->56976K(197120K)] 265157K->154446K(721408K), 0.0249789 secs] [Times: user=0.27 sys=0.01, real=0.03 secs] 
2016-09-13T17:56:57.260-0400: 272.294: [GC (GCLocker Initiated GC) [PSYoungGen: 196752K->41662K(197632K)] 303501K->166913K(721920K), 0.0221936 secs] [Times: user=0.25 sys=0.00, real=0.02 secs] 
2016-09-13T17:56:57.470-0400: 272.504: [GC (GCLocker Initiated GC) [PSYoungGen: 174270K->41757K(197120K)] 301283K->168924K(721408K), 0.0191945 secs] [Times: user=0.20 sys=0.00, real=0.02 secs] 
2016-09-13T17:56:57.680-0400: 272.714: [GC (GCLocker Initiated GC) [PSYoungGen: 174365K->49320K(193536K)] 301808K->176980K(717824K), 0.0288346 secs] [Times: user=0.27 sys=0.00, real=0.03 secs] 
2016-09-13T17:56:57.877-0400: 272.912: [GC (GCLocker Initiated GC) [PSYoungGen: 178344K->46314K(175616K)] 306264K->174397K(699904K), 0.0097989 secs] [Times: user=0.09 sys=0.00, real=0.00 secs] 
2016-09-13T17:56:58.096-0400: 273.130: [GC (GCLocker Initiated GC) [PSYoungGen: 175338K->29580K(196608K)] 317122K->171502K(720896K), 0.0174082 secs] [Times: user=0.19 sys=0.00, real=0.01 secs] 
2016-09-13T17:56:58.305-0400: 273.339: [GC (GCLocker Initiated GC) [PSYoungGen: 159116K->64576K(194560K)] 302812K->222197K(718848K), 0.0152548 secs] [Times: user=0.16 sys=0.01, real=0.02 secs] 
2016-09-13T17:56:58.520-0400: 273.554: [GC (GCLocker Initiated GC) [PSYoungGen: 194112K->47769K(184320K)] 351778K->205566K(708608K), 0.0064640 secs] [Times: user=0.05 sys=0.00, real=0.00 secs] 
2016-09-13T17:56:58.706-0400: 273.740: [GC (GCLocker Initiated GC) [PSYoungGen: 164505K->62927K(179712K)] 322578K->224160K(704000K), 0.0430807 secs] [Times: user=0.45 sys=0.00, real=0.05 secs] 
2016-09-13T17:56:58.943-0400: 273.977: [GC (GCLocker Initiated GC) [PSYoungGen: 179663K->35683K(186368K)] 346996K->203320K(710656K), 0.0093898 secs] [Times: user=0.10 sys=0.00, real=0.01 secs] 
2016-09-13T17:56:59.102-0400: 274.136: [GC (GCLocker Initiated GC) [PSYoungGen: 144227K->58341K(166912K)] 312092K->232552K(691200K), 0.0082463 secs] [Times: user=0.06 sys=0.00, real=0.01 secs] 
2016-09-13T17:56:59.279-0400: 274.313: [GC (GCLocker Initiated GC) [PSYoungGen: 166885K->41889K(186880K)] 344163K->219393K(711168K), 0.0109228 secs] [Times: user=0.07 sys=0.01, real=0.01 secs] 
2016-09-13T17:56:59.453-0400: 274.487: [GC (GCLocker Initiated GC) [PSYoungGen: 150433K->50843K(159744K)] 328018K->228586K(684032K), 0.0098296 secs] [Times: user=0.10 sys=0.00, real=0.01 secs] 
2016-09-13T17:56:59.641-0400: 274.675: [GC (GCLocker Initiated GC) [PSYoungGen: 159387K->23708K(182784K)] 337158K->203152K(707072K), 0.0117066 secs] [Times: user=0.11 sys=0.00, real=0.01 secs] 
2016-09-13T17:56:59.825-0400: 274.859: [GC (GCLocker Initiated GC) [PSYoungGen: 131740K->47928K(183296K)] 311237K->227901K(707584K), 0.0087189 secs] [Times: user=0.12 sys=0.00, real=0.01 secs] 
2016-09-13T17:56:59.991-0400: 275.025: [GC (GCLocker Initiated GC) [PSYoungGen: 155960K->32682K(184320K)] 336147K->213111K(708608K), 0.0064930 secs] [Times: user=0.09 sys=0.00, real=0.01 secs] 
2016-09-13T17:57:00.150-0400: 275.184: [GC (GCLocker Initiated GC) [PSYoungGen: 145322K->46346K(185344K)] 325801K->227043K(709632K), 0.0129928 secs] [Times: user=0.14 sys=0.00, real=0.01 secs] 
2016-09-13T17:57:00.321-0400: 275.356: [GC (GCLocker Initiated GC) [PSYoungGen: 158986K->43244K(184832K)] 339865K->228908K(709120K), 0.0078908 secs] [Times: user=0.08 sys=0.00, real=0.01 secs] 
2016-09-13T17:57:00.500-0400: 275.534: [GC (GCLocker Initiated GC) [PSYoungGen: 161516K->41448K(186880K)] 348805K->228907K(711168K), 0.0254497 secs] [Times: user=0.24 sys=0.00, real=0.02 secs] 
2016-09-13T17:57:00.705-0400: 275.739: [GC (GCLocker Initiated GC) [PSYoungGen: 159720K->44609K(190464K)] 347201K->232283K(714752K), 0.0066439 secs] [Times: user=0.04 sys=0.01, real=0.01 secs] 
2016-09-13T17:57:00.917-0400: 275.951: [GC (GCLocker Initiated GC) [PSYoungGen: 171585K->64480K(191488K)] 359499K->261669K(715776K), 0.0070195 secs] [Times: user=0.06 sys=0.00, real=0.00 secs] 
2016-09-13T17:57:01.132-0400: 276.166: [GC (GCLocker Initiated GC) [PSYoungGen: 191456K->5174K(183296K)] 401022K->214902K(707584K), 0.0037365 secs] [Times: user=0.03 sys=0.00, real=0.01 secs] 
2016-09-13T17:57:01.307-0400: 276.341: [GC (GCLocker Initiated GC) [PSYoungGen: 117814K->37078K(187392K)] 327567K->246938K(711680K), 0.0138866 secs] [Times: user=0.12 sys=0.00, real=0.02 secs] 
2016-09-13T17:57:01.518-0400: 276.552: [GC (GCLocker Initiated GC) [PSYoungGen: 149718K->34291K(181760K)] 359640K->259571K(706048K), 0.0061192 secs] [Times: user=0.08 sys=0.00, real=0.00 secs] 
2016-09-13T17:57:01.731-0400: 276.765: [GC (GCLocker Initiated GC) [PSYoungGen: 149491K->9986K(185344K)] 380865K->250639K(709632K), 0.0086818 secs] [Times: user=0.08 sys=0.01, real=0.01 secs] 
2016-09-13T17:57:01.914-0400: 276.948: [GC (GCLocker Initiated GC) [PSYoungGen: 125186K->44768K(190464K)] 366072K->293506K(714752K), 0.0070388 secs] [Times: user=0.09 sys=0.01, real=0.01 secs] 
2016-09-13T17:57:02.097-0400: 277.131: [GC (GCLocker Initiated GC) [PSYoungGen: 163040K->29702K(148480K)] 425644K->292445K(672768K), 0.0079883 secs] [Times: user=0.09 sys=0.00, real=0.00 secs] 
2016-09-13T17:57:02.318-0400: 277.352: [GC (GCLocker Initiated GC) [PSYoungGen: 147974K->32772K(190464K)] 423116K->308205K(714752K), 0.0219320 secs] [Times: user=0.26 sys=0.00, real=0.02 secs] 
2016-09-13T17:57:02.521-0400: 277.555: [GC (GCLocker Initiated GC) [PSYoungGen: 153604K->32554K(187904K)] 429148K->308342K(712192K), 0.0071096 secs] [Times: user=0.06 sys=0.00, real=0.01 secs] 
2016-09-13T17:57:02.723-0400: 277.757: [GC (GCLocker Initiated GC) [PSYoungGen: 153386K->23521K(190464K)] 435420K->305706K(714752K), 0.0130007 secs] [Times: user=0.10 sys=0.00, real=0.02 secs] 
2016-09-13T17:57:02.911-0400: 277.945: [GC (GCLocker Initiated GC) [PSYoungGen: 149473K->58374K(189952K)] 431734K->353026K(714240K), 0.0102456 secs] [Times: user=0.11 sys=0.01, real=0.01 secs] 
2016-09-13T17:57:03.112-0400: 278.146: [GC (GCLocker Initiated GC) [PSYoungGen: 184326K->46436K(191488K)] 480791K->353703K(715776K), 0.0093714 secs] [Times: user=0.10 sys=0.00, real=0.01 secs] 
2016-09-13T17:57:03.308-0400: 278.342: [GC (GCLocker Initiated GC) [PSYoungGen: 168292K->64352K(186368K)] 475809K->372137K(710656K), 0.0110263 secs] [Times: user=0.14 sys=0.00, real=0.01 secs] 
2016-09-13T17:57:03.544-0400: 278.578: [GC (GCLocker Initiated GC) [PSYoungGen: 186208K->59987K(178176K)] 495629K->369465K(702464K), 0.0105018 secs] [Times: user=0.11 sys=0.00, real=0.01 secs] 
2016-09-13T17:57:03.706-0400: 278.740: [GC (GCLocker Initiated GC) [PSYoungGen: 162387K->5398K(108032K)] 487321K->330462K(632320K), 0.0114168 secs] [Times: user=0.16 sys=0.00, real=0.02 secs] 
2016-09-13T17:57:03.880-0400: 278.914: [GC (Allocation Failure) [PSYoungGen: 107798K->46318K(181248K)] 433111K->371856K(705536K), 0.0132015 secs] [Times: user=0.12 sys=0.00, real=0.01 secs] 
2016-09-13T17:57:03.893-0400: 278.927: [GC (GCLocker Initiated GC) [PSYoungGen: 46328K->64K(99328K)] 371867K->376341K(623616K), 0.0077391 secs] [Times: user=0.11 sys=0.00, real=0.01 secs] 
2016-09-13T17:57:04.046-0400: 279.080: [GC (GCLocker Initiated GC) [PSYoungGen: 98880K->60173K(171520K)] 475160K->436462K(695808K), 0.0082458 secs] [Times: user=0.11 sys=0.00, real=0.01 secs] 
2016-09-13T17:57:04.215-0400: 279.249: [GC (GCLocker Initiated GC) [PSYoungGen: 148237K->29670K(175104K)] 524530K->433696K(699392K), 0.0085788 secs] [Times: user=0.11 sys=0.00, real=0.01 secs] 
2016-09-13T17:57:04.355-0400: 279.390: [GC (GCLocker Initiated GC) [PSYoungGen: 117734K->28089K(167936K)] 529501K->445029K(692224K), 0.0091339 secs] [Times: user=0.12 sys=0.00, real=0.01 secs] 
2016-09-13T17:57:04.497-0400: 279.532: [GC (GCLocker Initiated GC) [PSYoungGen: 118713K->47901K(172032K)] 543283K->477265K(696320K), 0.0086024 secs] [Times: user=0.11 sys=0.00, real=0.00 secs] 
2016-09-13T17:57:04.653-0400: 279.687: [GC (GCLocker Initiated GC) [PSYoungGen: 138525K->20559K(178176K)] 580067K->472997K(702464K), 0.0062897 secs] [Times: user=0.07 sys=0.00, real=0.01 secs] 
2016-09-13T17:57:04.815-0400: 279.849: [GC (Allocation Failure) [PSYoungGen: 120399K->26729K(179712K)] 573001K->491758K(704000K), 0.0167789 secs] [Times: user=0.25 sys=0.00, real=0.02 secs] 
2016-09-13T17:57:05.012-0400: 280.046: [GC (GCLocker Initiated GC) [PSYoungGen: 126569K->28125K(177664K)] 597673K->499387K(701952K), 0.0051811 secs] [Times: user=0.07 sys=0.00, real=0.01 secs] 
2016-09-13T17:57:05.173-0400: 280.207: [GC (Allocation Failure) [PSYoungGen: 133597K->26505K(179200K)] 605015K->498110K(703488K), 0.0134564 secs] [Times: user=0.15 sys=0.00, real=0.01 secs] 
2016-09-13T17:57:05.329-0400: 280.363: [GC (GCLocker Initiated GC) [PSYoungGen: 131977K->47779K(185856K)] 603585K->519591K(710144K), 0.0138748 secs] [Times: user=0.17 sys=0.00, real=0.01 secs] 
2016-09-13T17:57:05.499-0400: 280.533: [GC (GCLocker Initiated GC) [PSYoungGen: 162467K->69159K(184320K)] 635826K->548784K(708608K), 0.0100171 secs] [Times: user=0.14 sys=0.02, real=0.01 secs] 
2016-09-13T17:57:05.736-0400: 280.770: [GC (GCLocker Initiated GC) [PSYoungGen: 183847K->23501K(180224K)] 666711K->521811K(704512K), 0.0058224 secs] [Times: user=0.06 sys=0.00, real=0.00 secs] 
2016-09-13T17:57:05.742-0400: 280.776: [Full GC (Ergonomics) [PSYoungGen: 23501K->0K(180224K)] [ParOldGen: 498309K->35350K(524288K)] 521811K->35350K(704512K), [Metaspace: 44729K->44729K(1087488K)], 0.0558845 secs] [Times: user=0.41 sys=0.02, real=0.06 secs] 
2016-09-13T17:57:05.893-0400: 280.927: [GC (GCLocker Initiated GC) [PSYoungGen: 102400K->79822K(182272K)] 137935K->135101K(706560K), 0.0132032 secs] [Times: user=0.20 sys=0.00, real=0.01 secs] 
2016-09-13T17:57:06.052-0400: 281.087: [GC (Allocation Failure) [PSYoungGen: 182222K->28429K(167936K)] 243718K->125286K(692224K), 0.0101142 secs] [Times: user=0.14 sys=0.00, real=0.01 secs] 
2016-09-13T17:57:06.063-0400: 281.097: [GC (GCLocker Initiated GC) [PSYoungGen: 28442K->64K(175104K)] 125300K->129391K(699392K), 0.0061855 secs] [Times: user=0.08 sys=0.01, real=0.01 secs] 
2016-09-13T17:57:06.202-0400: 281.236: [GC (GCLocker Initiated GC) [PSYoungGen: 84206K->57105K(175104K)] 219609K->192507K(699392K), 0.0073299 secs] [Times: user=0.11 sys=0.00, real=0.01 secs] 
2016-09-13T17:57:06.346-0400: 281.380: [GC (Allocation Failure) [PSYoungGen: 145169K->40238K(175104K)] 280697K->207992K(699392K), 0.0082622 secs] [Times: user=0.12 sys=0.00, real=0.01 secs] 
2016-09-13T17:57:06.487-0400: 281.522: [GC (GCLocker Initiated GC) [PSYoungGen: 127311K->41730K(169984K)] 296584K->229453K(694272K), 0.0101019 secs] [Times: user=0.13 sys=0.00, real=0.02 secs] 
2016-09-13T17:57:06.638-0400: 281.673: [GC (GCLocker Initiated GC) [PSYoungGen: 129794K->35751K(172544K)] 319055K->225273K(696832K), 0.0074517 secs] [Times: user=0.09 sys=0.00, real=0.00 secs] 
2016-09-13T17:57:06.806-0400: 281.840: [GC (GCLocker Initiated GC) [PSYoungGen: 123815K->40339K(173056K)] 316612K->245692K(697344K), 0.0104958 secs] [Times: user=0.14 sys=0.00, real=0.02 secs] 
2016-09-13T17:57:06.977-0400: 282.012: [GC (Allocation Failure) [PSYoungGen: 137619K->58405K(174592K)] 349116K->270183K(698880K), 0.0082026 secs] [Times: user=0.08 sys=0.01, real=0.00 secs] 
2016-09-13T17:57:07.111-0400: 282.145: [GC (GCLocker Initiated GC) [PSYoungGen: 155685K->61448K(173568K)] 367469K->328232K(697856K), 0.0122860 secs] [Times: user=0.20 sys=0.00, real=0.01 secs] 
2016-09-13T17:57:07.272-0400: 282.307: [GC (GCLocker Initiated GC) [PSYoungGen: 154632K->39001K(177664K)] 427598K->312184K(701952K), 0.0076973 secs] [Times: user=0.11 sys=0.00, real=0.01 secs] 
2016-09-13T17:57:07.438-0400: 282.473: [GC (GCLocker Initiated GC) [PSYoungGen: 132185K->47901K(174080K)] 407029K->327739K(698368K), 0.0101660 secs] [Times: user=0.13 sys=0.00, real=0.01 secs] 
2016-09-13T17:57:07.568-0400: 282.603: [GC (GCLocker Initiated GC) [PSYoungGen: 144669K->34042K(176128K)] 424636K->320357K(700416K), 0.0074282 secs] [Times: user=0.11 sys=0.01, real=0.01 secs] 
2016-09-13T17:57:07.721-0400: 282.756: [GC (GCLocker Initiated GC) [PSYoungGen: 130810K->69227K(172032K)] 417350K->356028K(696320K), 0.0094985 secs] [Times: user=0.14 sys=0.00, real=0.01 secs] 
2016-09-13T17:57:07.878-0400: 282.912: [GC (GCLocker Initiated GC) [PSYoungGen: 164459K->41874K(178688K)] 452852K->330493K(702976K), 0.0071913 secs] [Times: user=0.10 sys=0.00, real=0.00 secs] 
2016-09-13T17:57:08.053-0400: 283.087: [GC (GCLocker Initiated GC) [PSYoungGen: 137106K->11318K(177664K)] 439516K->313917K(701952K), 0.0276514 secs] [Times: user=0.30 sys=0.00, real=0.03 secs] 
2016-09-13T17:57:08.232-0400: 283.266: [GC (GCLocker Initiated GC) [PSYoungGen: 108598K->43276K(140800K)] 411431K->352342K(665088K), 0.0078887 secs] [Times: user=0.08 sys=0.00, real=0.01 secs] 
2016-09-13T17:57:08.382-0400: 283.416: [GC (GCLocker Initiated GC) [PSYoungGen: 140556K->41948K(181760K)] 451220K->353084K(706048K), 0.0113939 secs] [Times: user=0.16 sys=0.00, real=0.01 secs] 
2016-09-13T17:57:08.540-0400: 283.574: [GC (GCLocker Initiated GC) [PSYoungGen: 144860K->28252K(178176K)] 462313K->346342K(702464K), 0.0058048 secs] [Times: user=0.08 sys=0.00, real=0.00 secs] 
2016-09-13T17:57:08.696-0400: 283.731: [GC (GCLocker Initiated GC) [PSYoungGen: 131164K->72323K(170496K)] 449543K->390955K(694784K), 0.0090544 secs] [Times: user=0.09 sys=0.00, real=0.00 secs] 
2016-09-13T17:57:08.862-0400: 283.896: [GC (GCLocker Initiated GC) [PSYoungGen: 168579K->42029K(179200K)] 488861K->362509K(703488K), 0.0070268 secs] [Times: user=0.08 sys=0.00, real=0.01 secs] 
2016-09-13T17:57:09.042-0400: 284.076: [GC (GCLocker Initiated GC) [PSYoungGen: 138285K->20302K(175616K)] 460400K->342630K(699904K), 0.0103731 secs] [Times: user=0.05 sys=0.00, real=0.01 secs] 
2016-09-13T17:57:09.198-0400: 284.233: [GC (GCLocker Initiated GC) [PSYoungGen: 120142K->9735K(179200K)] 445572K->335441K(703488K), 0.0160641 secs] [Times: user=0.13 sys=0.00, real=0.01 secs] 
2016-09-13T17:57:09.367-0400: 284.401: [GC (GCLocker Initiated GC) [PSYoungGen: 109575K->14419K(181760K)] 435333K->340477K(706048K), 0.0030802 secs] [Times: user=0.02 sys=0.00, real=0.01 secs] 
2016-09-13T17:57:09.524-0400: 284.558: [GC (GCLocker Initiated GC) [PSYoungGen: 115283K->35464K(136704K)] 441370K->361784K(660992K), 0.0292620 secs] [Times: user=0.28 sys=0.00, real=0.03 secs] 
2016-09-13T17:57:09.712-0400: 284.746: [GC (GCLocker Initiated GC) [PSYoungGen: 136328K->58245K(173056K)] 464208K->390812K(697344K), 0.0168882 secs] [Times: user=0.16 sys=0.01, real=0.02 secs] 
2016-09-13T17:57:09.852-0400: 284.886: [GC (GCLocker Initiated GC) [PSYoungGen: 155013K->41753K(177152K)] 489121K->382102K(701440K), 0.0331636 secs] [Times: user=0.37 sys=0.01, real=0.03 secs] 
2016-09-13T17:57:10.028-0400: 285.062: [GC (GCLocker Initiated GC) [PSYoungGen: 138521K->41602K(175104K)] 478901K->385276K(699392K), 0.0524762 secs] [Times: user=0.45 sys=0.00, real=0.05 secs] 
2016-09-13T17:57:10.200-0400: 285.234: [GC (GCLocker Initiated GC) [PSYoungGen: 145538K->29579K(179200K)] 489215K->387185K(703488K), 0.0228408 secs] [Times: user=0.23 sys=0.00, real=0.02 secs] 
2016-09-13T17:57:10.353-0400: 285.388: [GC (GCLocker Initiated GC) [PSYoungGen: 133515K->44913K(182784K)] 491143K->402904K(707072K), 0.0147729 secs] [Times: user=0.16 sys=0.01, real=0.02 secs] 
2016-09-13T17:57:10.509-0400: 285.543: [GC (GCLocker Initiated GC) [PSYoungGen: 158577K->50938K(185856K)] 516711K->436596K(710144K), 0.0104621 secs] [Times: user=0.12 sys=0.00, real=0.01 secs] 
2016-09-13T17:57:10.708-0400: 285.742: [GC (GCLocker Initiated GC) [PSYoungGen: 164602K->32804K(186368K)] 556482K->424913K(710656K), 0.0109655 secs] [Times: user=0.15 sys=0.00, real=0.01 secs] 
2016-09-13T17:57:10.901-0400: 285.935: [GC (GCLocker Initiated GC) [PSYoungGen: 149028K->53944K(187392K)] 553319K->458611K(711680K), 0.0096425 secs] [Times: user=0.10 sys=0.00, real=0.01 secs] 
2016-09-13T17:57:11.097-0400: 286.132: [GC (GCLocker Initiated GC) [PSYoungGen: 170168K->32745K(188928K)] 587129K->478878K(713216K), 0.0117900 secs] [Times: user=0.16 sys=0.00, real=0.01 secs] 
2016-09-13T17:57:11.298-0400: 286.332: [GC (GCLocker Initiated GC) [PSYoungGen: 149481K->64353K(181248K)] 595841K->510914K(705536K), 0.0128395 secs] [Times: user=0.09 sys=0.00, real=0.01 secs] 
2016-09-13T17:57:11.498-0400: 286.532: [GC (GCLocker Initiated GC) [PSYoungGen: 181089K->24987K(185344K)] 641588K->485574K(709632K), 0.0097817 secs] [Times: user=0.11 sys=0.00, real=0.01 secs] 
2016-09-13T17:57:11.722-0400: 286.756: [GC (GCLocker Initiated GC) [PSYoungGen: 132507K->46383K(154112K)] 600977K->515058K(678400K), 0.0227507 secs] [Times: user=0.23 sys=0.00, real=0.02 secs] 
2016-09-13T17:57:11.903-0400: 286.937: [GC (GCLocker Initiated GC) [PSYoungGen: 153903K->46440K(184832K)] 622605K->515325K(709120K), 0.0072163 secs] [Times: user=0.10 sys=0.00, real=0.01 secs] 
2016-09-13T17:57:12.064-0400: 287.098: [GC (GCLocker Initiated GC) [PSYoungGen: 155496K->41635K(183296K)] 624501K->510892K(707584K), 0.0087670 secs] [Times: user=0.10 sys=0.00, real=0.01 secs] 
2016-09-13T17:57:12.251-0400: 287.285: [GC (GCLocker Initiated GC) [PSYoungGen: 150691K->11254K(181248K)] 632254K->495993K(705536K), 0.0247675 secs] [Times: user=0.32 sys=0.00, real=0.02 secs] 
2016-09-13T17:57:12.453-0400: 287.487: [GC (Allocation Failure) [PSYoungGen: 121334K->9831K(183296K)] 618443K->511722K(707584K), 0.0115194 secs] [Times: user=0.16 sys=0.00, real=0.01 secs] 
2016-09-13T17:57:12.466-0400: 287.500: [Full GC (Ergonomics) [PSYoungGen: 9831K->0K(183296K)] [ParOldGen: 501890K->37731K(524288K)] 511722K->37731K(707584K), [Metaspace: 44733K->44733K(1087488K)], 0.1915026 secs] [Times: user=2.71 sys=0.01, real=0.20 secs] 
2016-09-13T17:57:12.784-0400: 287.818: [GC (GCLocker Initiated GC) [PSYoungGen: 110080K->73720K(166912K)] 147827K->132730K(691200K), 0.0104897 secs] [Times: user=0.15 sys=0.01, real=0.01 secs] 
2016-09-13T17:57:12.899-0400: 287.933: [GC (GCLocker Initiated GC) [PSYoungGen: 165880K->69318K(161792K)] 225105K->133422K(686080K), 0.0099010 secs] [Times: user=0.13 sys=0.00, real=0.01 secs] 
2016-09-13T17:57:13.023-0400: 288.057: [GC (GCLocker Initiated GC) [PSYoungGen: 161478K->52331K(175104K)] 227171K->118332K(699392K), 0.0076589 secs] [Times: user=0.10 sys=0.00, real=0.01 secs] 
2016-09-13T17:57:13.135-0400: 288.170: [GC (GCLocker Initiated GC) [PSYoungGen: 140395K->46382K(134656K)] 208127K->126400K(658944K), 0.0119981 secs] [Times: user=0.17 sys=0.00, real=0.01 secs] 
2016-09-13T17:57:13.245-0400: 288.279: [GC (GCLocker Initiated GC) [PSYoungGen: 134446K->37550K(177664K)] 220762K->142389K(701952K), 0.0077356 secs] [Times: user=0.10 sys=0.00, real=0.01 secs] 
2016-09-13T17:57:13.380-0400: 288.414: [GC (GCLocker Initiated GC) [PSYoungGen: 128686K->55558K(174592K)] 233773K->161012K(698880K), 0.0074425 secs] [Times: user=0.09 sys=0.00, real=0.00 secs] 
2016-09-13T17:57:13.505-0400: 288.539: [GC (GCLocker Initiated GC) [PSYoungGen: 146694K->55590K(176128K)] 252199K->161349K(700416K), 0.0080508 secs] [Times: user=0.09 sys=0.01, real=0.01 secs] 
2016-09-13T17:57:13.665-0400: 288.699: [GC (GCLocker Initiated GC) [PSYoungGen: 147748K->50971K(176128K)] 253752K->166286K(700416K), 0.0104994 secs] [Times: user=0.15 sys=0.00, real=0.01 secs] 
2016-09-13T17:57:13.834-0400: 288.868: [GC (Allocation Failure) [PSYoungGen: 143131K->23560K(176640K)] 258448K->139047K(700928K), 0.0078545 secs] [Times: user=0.11 sys=0.00, real=0.01 secs] 
2016-09-13T17:57:13.998-0400: 289.032: [GC (Allocation Failure) [PSYoungGen: 114919K->9901K(176640K)] 230407K->125719K(700928K), 0.0039971 secs] [Times: user=0.04 sys=0.00, real=0.00 secs] 
2016-09-13T17:57:14.118-0400: 289.152: [GC (GCLocker Initiated GC) [PSYoungGen: 103859K->64353K(172544K)] 221196K->181966K(696832K), 0.0108691 secs] [Times: user=0.08 sys=0.00, real=0.01 secs] 
2016-09-13T17:57:14.260-0400: 289.294: [GC (GCLocker Initiated GC) [PSYoungGen: 152417K->58591K(175104K)] 270120K->176422K(699392K), 0.0092022 secs] [Times: user=0.13 sys=0.00, real=0.01 secs] 
2016-09-13T17:57:14.408-0400: 289.442: [GC (GCLocker Initiated GC) [PSYoungGen: 146655K->47874K(175104K)] 267585K->181336K(699392K), 0.0071382 secs] [Times: user=0.09 sys=0.00, real=0.00 secs] 
2016-09-13T17:57:14.564-0400: 289.598: [GC (GCLocker Initiated GC) [PSYoungGen: 135938K->5206K(175104K)] 273975K->147943K(699392K), 0.0151881 secs] [Times: user=0.16 sys=0.00, real=0.02 secs] 
2016-09-13T17:57:14.698-0400: 289.732: [GC (GCLocker Initiated GC) [PSYoungGen: 93270K->46345K(174080K)] 242160K->195479K(698368K), 0.0126612 secs] [Times: user=0.15 sys=0.00, real=0.01 secs] 
2016-09-13T17:57:14.848-0400: 289.882: [GC (Allocation Failure) [PSYoungGen: 134409K->38906K(126976K)] 289635K->194416K(651264K), 0.0071248 secs] [Times: user=0.08 sys=0.00, real=0.00 secs] 
2016-09-13T17:57:15.006-0400: 290.040: [GC (GCLocker Initiated GC) [PSYoungGen: 126970K->47773K(173568K)] 282486K->214287K(697856K), 0.0146242 secs] [Times: user=0.20 sys=0.00, real=0.02 secs] 
2016-09-13T17:57:15.155-0400: 290.189: [GC (GCLocker Initiated GC) [PSYoungGen: 138909K->28151K(172032K)] 313241K->202650K(696320K), 0.0071195 secs] [Times: user=0.05 sys=0.00, real=0.01 secs] 
2016-09-13T17:57:15.299-0400: 290.333: [GC (GCLocker Initiated GC) [PSYoungGen: 119287K->52356K(177664K)] 299933K->233271K(701952K), 0.0241326 secs] [Times: user=0.27 sys=0.00, real=0.02 secs] 
2016-09-13T17:57:15.491-0400: 290.526: [GC (GCLocker Initiated GC) [PSYoungGen: 150660K->43153K(178176K)] 331748K->227472K(702464K), 0.0283138 secs] [Times: user=0.31 sys=0.00, real=0.03 secs] 
2016-09-13T17:57:15.657-0400: 290.691: [GC (Allocation Failure) [PSYoungGen: 141457K->34041K(180224K)] 331873K->224611K(704512K), 0.0105313 secs] [Times: user=0.11 sys=0.00, real=0.01 secs] 
2016-09-13T17:57:15.819-0400: 290.853: [GC (GCLocker Initiated GC) [PSYoungGen: 139001K->31162K(179712K)] 329574K->232584K(704000K), 0.0067972 secs] [Times: user=0.05 sys=0.00, real=0.00 secs] 
2016-09-13T17:57:16.009-0400: 291.043: [GC (Allocation Failure) [PSYoungGen: 136122K->32607K(185344K)] 343709K->240427K(709632K), 0.0125482 secs] [Times: user=0.11 sys=0.00, real=0.01 secs] 
2016-09-13T17:57:16.189-0400: 291.223: [GC (Allocation Failure) [PSYoungGen: 146783K->21790K(184832K)] 354603K->241962K(709120K), 0.0137512 secs] [Times: user=0.12 sys=0.00, real=0.01 secs] 
2016-09-13T17:57:16.374-0400: 291.408: [GC (GCLocker Initiated GC) [PSYoungGen: 135966K->32491K(186880K)] 356145K->252816K(711168K), 0.0054275 secs] [Times: user=0.05 sys=0.00, real=0.01 secs] 
2016-09-13T17:57:16.570-0400: 291.604: [GC (GCLocker Initiated GC) [PSYoungGen: 153323K->29452K(188928K)] 373829K->250105K(713216K), 0.0275350 secs] [Times: user=0.31 sys=0.00, real=0.03 secs] 
2016-09-13T17:57:16.757-0400: 291.792: [GC (Allocation Failure) [PSYoungGen: 150284K->43117K(192512K)] 371281K->264299K(716800K), 0.0321466 secs] [Times: user=0.33 sys=0.01, real=0.03 secs] 
2016-09-13T17:57:16.952-0400: 291.986: [GC (GCLocker Initiated GC) [PSYoungGen: 170605K->51018K(193536K)] 391799K->272375K(717824K), 0.0075148 secs] [Times: user=0.05 sys=0.00, real=0.01 secs] 
2016-09-13T17:57:17.174-0400: 292.208: [GC (GCLocker Initiated GC) [PSYoungGen: 178506K->9858K(189952K)] 406116K->237603K(714240K), 0.0078289 secs] [Times: user=0.08 sys=0.00, real=0.01 secs] 
2016-09-13T17:57:17.364-0400: 292.398: [GC (GCLocker Initiated GC) [PSYoungGen: 131714K->41569K(192000K)] 359730K->269822K(716288K), 0.0223419 secs] [Times: user=0.19 sys=0.00, real=0.02 secs] 
2016-09-13T17:57:17.562-0400: 292.596: [GC (GCLocker Initiated GC) [PSYoungGen: 163425K->28246K(186880K)] 393210K->258166K(711168K), 0.0098998 secs] [Times: user=0.13 sys=0.00, real=0.01 secs] 
2016-09-13T17:57:17.789-0400: 292.823: [GC (GCLocker Initiated GC) [PSYoungGen: 151126K->23281K(189952K)] 382718K->255046K(714240K), 0.0311962 secs] [Times: user=0.32 sys=0.01, real=0.03 secs] 
2016-09-13T17:57:17.984-0400: 293.018: [GC (GCLocker Initiated GC) [PSYoungGen: 146161K->50966K(189952K)] 377995K->283049K(714240K), 0.0098690 secs] [Times: user=0.13 sys=0.00, real=0.01 secs] 
2016-09-13T17:57:18.169-0400: 293.203: [GC (GCLocker Initiated GC) [PSYoungGen: 174870K->46500K(170496K)] 407051K->278974K(694784K), 0.0069015 secs] [Times: user=0.08 sys=0.00, real=0.01 secs] 
2016-09-13T17:57:18.403-0400: 293.437: [GC (Allocation Failure) [PSYoungGen: 170404K->14105K(191488K)] 408978K->252785K(715776K), 0.0198515 secs] [Times: user=0.15 sys=0.00, real=0.02 secs] 
2016-09-13T17:57:18.611-0400: 293.645: [GC (GCLocker Initiated GC) [PSYoungGen: 135961K->32491K(154624K)] 374644K->288055K(678912K), 0.0087713 secs] [Times: user=0.09 sys=0.00, real=0.01 secs] 
2016-09-13T17:57:18.816-0400: 293.850: [GC (GCLocker Initiated GC) [PSYoungGen: 154347K->32676K(192512K)] 416118K->294586K(716800K), 0.0154923 secs] [Times: user=0.15 sys=0.00, real=0.01 secs] 
2016-09-13T17:57:19.034-0400: 294.069: [GC (GCLocker Initiated GC) [PSYoungGen: 158116K->31036K(189440K)] 420039K->293201K(713728K), 0.0071477 secs] [Times: user=0.07 sys=0.00, real=0.01 secs] 
2016-09-13T17:57:19.232-0400: 294.266: [GC (Allocation Failure) [PSYoungGen: 156476K->61501K(185856K)] 421960K->331638K(710144K), 0.0084099 secs] [Times: user=0.08 sys=0.00, real=0.01 secs] 
2016-09-13T17:57:19.241-0400: 294.275: [GC (GCLocker Initiated GC) [PSYoungGen: 61828K->128K(124416K)] 331965K->334451K(648704K), 0.0071186 secs] [Times: user=0.10 sys=0.00, real=0.01 secs] 
2016-09-13T17:57:19.406-0400: 294.440: [GC (GCLocker Initiated GC) [PSYoungGen: 124032K->70831K(169472K)] 458358K->424918K(693760K), 0.0090831 secs] [Times: user=0.13 sys=0.00, real=0.01 secs] 
2016-09-13T17:57:19.559-0400: 294.593: [GC (GCLocker Initiated GC) [PSYoungGen: 168111K->44868K(179712K)] 522253K->426825K(704000K), 0.0101286 secs] [Times: user=0.14 sys=0.00, real=0.01 secs] 
2016-09-13T17:57:19.716-0400: 294.750: [GC (GCLocker Initiated GC) [PSYoungGen: 142148K->28278K(172032K)] 525776K->430307K(696320K), 0.0083088 secs] [Times: user=0.10 sys=0.01, real=0.01 secs] 
2016-09-13T17:57:19.870-0400: 294.904: [GC (GCLocker Initiated GC) [PSYoungGen: 127094K->55512K(176640K)] 529145K->457796K(700928K), 0.0090959 secs] [Times: user=0.13 sys=0.00, real=0.01 secs] 
2016-09-13T17:57:20.032-0400: 295.066: [GC (GCLocker Initiated GC) [PSYoungGen: 154328K->31035K(181248K)] 558309K->436681K(705536K), 0.0069826 secs] [Times: user=0.08 sys=0.00, real=0.01 secs] 
2016-09-13T17:57:20.204-0400: 295.238: [GC (GCLocker Initiated GC) [PSYoungGen: 134459K->3618K(181248K)] 547735K->416927K(705536K), 0.0118749 secs] [Times: user=0.10 sys=0.00, real=0.02 secs] 
2016-09-13T17:57:20.390-0400: 295.424: [GC (GCLocker Initiated GC) [PSYoungGen: 107042K->46255K(182272K)] 520658K->460041K(706560K), 0.0090946 secs] [Times: user=0.09 sys=0.00, real=0.01 secs] 
2016-09-13T17:57:20.546-0400: 295.580: [GC (GCLocker Initiated GC) [PSYoungGen: 148655K->31063K(133632K)] 568542K->451085K(657920K), 0.0148077 secs] [Times: user=0.19 sys=0.00, real=0.02 secs] 
2016-09-13T17:57:20.700-0400: 295.734: [GC (GCLocker Initiated GC) [PSYoungGen: 133463K->64479K(172032K)] 555247K->487920K(696320K), 0.0225185 secs] [Times: user=0.27 sys=0.00, real=0.02 secs] 
2016-09-13T17:57:20.871-0400: 295.905: [GC (GCLocker Initiated GC) [PSYoungGen: 160223K->49255K(178688K)] 583711K->473011K(702976K), 0.0088567 secs] [Times: user=0.06 sys=0.00, real=0.01 secs] 
2016-09-13T17:57:21.020-0400: 296.054: [GC (Allocation Failure) [PSYoungGen: 144999K->26441K(174592K)] 568933K->456644K(698880K), 0.0089890 secs] [Times: user=0.06 sys=0.01, real=0.01 secs] 
2016-09-13T17:57:21.191-0400: 296.225: [GC (GCLocker Initiated GC) [PSYoungGen: 123209K->29203K(177152K)] 553414K->459660K(701440K), 0.0097859 secs] [Times: user=0.07 sys=0.00, real=0.01 secs] 
2016-09-13T17:57:21.329-0400: 296.363: [GC (GCLocker Initiated GC) [PSYoungGen: 125971K->50970K(180736K)] 556643K->481762K(705024K), 0.0071987 secs] [Times: user=0.11 sys=0.00, real=0.01 secs] 
2016-09-13T17:57:21.523-0400: 296.557: [GC (GCLocker Initiated GC) [PSYoungGen: 153882K->40046K(143360K)] 584901K->471293K(667648K), 0.0231302 secs] [Times: user=0.21 sys=0.00, real=0.02 secs] 
2016-09-13T17:57:21.711-0400: 296.745: [GC (Allocation Failure) [PSYoungGen: 142958K->46224K(181248K)] 574235K->477702K(705536K), 0.0111992 secs] [Times: user=0.14 sys=0.01, real=0.01 secs] 
2016-09-13T17:57:21.858-0400: 296.892: [GC (GCLocker Initiated GC) [PSYoungGen: 148185K->37361K(180736K)] 585738K->475085K(705024K), 0.0081458 secs] [Times: user=0.11 sys=0.00, real=0.00 secs] 
2016-09-13T17:57:22.026-0400: 297.060: [GC (GCLocker Initiated GC) [PSYoungGen: 143345K->32623K(185344K)] 582721K->472265K(709632K), 0.0109597 secs] [Times: user=0.14 sys=0.00, real=0.02 secs] 
2016-09-13T17:57:22.199-0400: 297.233: [GC (GCLocker Initiated GC) [PSYoungGen: 146799K->23655K(183296K)] 586457K->463457K(707584K), 0.0062288 secs] [Times: user=0.06 sys=0.01, real=0.00 secs] 
2016-09-13T17:57:22.386-0400: 297.421: [GC (GCLocker Initiated GC) [PSYoungGen: 137831K->52202K(187904K)] 579299K->498593K(712192K), 0.0137398 secs] [Times: user=0.17 sys=0.00, real=0.02 secs] 
2016-09-13T17:57:22.733-0400: 297.768: [GC (Allocation Failure) [PSYoungGen: 171498K->5120K(124928K)] 617891K->451624K(649216K), 0.0370270 secs] [Times: user=0.50 sys=0.00, real=0.04 secs] 
