Java HotSpot(TM) 64-Bit Server VM (25.77-b03) for linux-amd64 JRE (1.8.0_77-b03), built on Mar 20 2016 22:00:46 by "java_re" with gcc 4.3.0 20080428 (Red Hat 4.3.0-8)
Memory: 4k page, physical 264122324k(97706268k free), swap 268399612k(268246076k free)
CommandLine flags: -XX:GCLogFileSize=1048576 -XX:+HeapDumpOnOutOfMemoryError -XX:HeapDumpPath=artifacts/heapdump -XX:InitialHeapSize=805306368 -XX:MaxHeapSize=805306368 -XX:NumberOfGCLogFiles=10 -XX:+PrintGC -XX:+PrintGCDateStamps -XX:+PrintGCDetails -XX:+PrintGCTimeStamps -XX:+UseCompressedClassPointers -XX:+UseCompressedOops -XX:+UseGCLogFileRotation -XX:+UseParallelGC 
2016-09-13T19:53:45.588-0400: 2.146: [GC (Metadata GC Threshold) [PSYoungGen: 121898K->15637K(229376K)] 121898K->15725K(753664K), 0.0226501 secs] [Times: user=0.20 sys=0.01, real=0.03 secs] 
2016-09-13T19:53:45.610-0400: 2.169: [Full GC (Metadata GC Threshold) [PSYoungGen: 15637K->0K(229376K)] [ParOldGen: 88K->14597K(340992K)] 15725K->14597K(570368K), [Metaspace: 21054K->21054K(1067008K)], 0.0425584 secs] [Times: user=0.34 sys=0.07, real=0.04 secs] 
2016-09-13T19:53:47.383-0400: 3.941: [GC (Metadata GC Threshold) [PSYoungGen: 125212K->14660K(229376K)] 139810K->29393K(570368K), 0.0301882 secs] [Times: user=0.31 sys=0.04, real=0.03 secs] 
2016-09-13T19:53:47.413-0400: 3.972: [Full GC (Metadata GC Threshold) [PSYoungGen: 14660K->0K(229376K)] [ParOldGen: 14733K->20207K(524288K)] 29393K->20207K(753664K), [Metaspace: 34913K->34913K(1079296K)], 0.0639641 secs] [Times: user=0.42 sys=0.02, real=0.07 secs] 
2016-09-13T19:53:48.956-0400: 5.514: [GC (GCLocker Initiated GC) [PSYoungGen: 190840K->30441K(229376K)] 217122K->68882K(753664K), 0.0274856 secs] [Times: user=0.40 sys=0.02, real=0.02 secs] 
2016-09-13T19:53:49.330-0400: 5.888: [GC (GCLocker Initiated GC) [PSYoungGen: 227049K->29882K(229376K)] 267034K->82024K(753664K), 0.0098234 secs] [Times: user=0.14 sys=0.01, real=0.01 secs] 
2016-09-13T19:53:49.688-0400: 6.246: [GC (GCLocker Initiated GC) [PSYoungGen: 226490K->31614K(228352K)] 278993K->108425K(752640K), 0.0093960 secs] [Times: user=0.10 sys=0.03, real=0.01 secs] 
2016-09-13T19:53:50.118-0400: 6.677: [GC (GCLocker Initiated GC) [PSYoungGen: 228222K->33548K(210944K)] 305394K->128954K(735232K), 0.0109043 secs] [Times: user=0.12 sys=0.01, real=0.01 secs] 
2016-09-13T19:53:50.502-0400: 7.060: [GC (GCLocker Initiated GC) [PSYoungGen: 210700K->39879K(217088K)] 312537K->166024K(741376K), 0.0166318 secs] [Times: user=0.19 sys=0.01, real=0.02 secs] 
2016-09-13T19:53:50.905-0400: 7.463: [GC (GCLocker Initiated GC) [PSYoungGen: 217031K->44884K(202752K)] 343202K->171062K(727040K), 0.0101209 secs] [Times: user=0.12 sys=0.00, real=0.01 secs] 
2016-09-13T19:53:51.270-0400: 7.828: [GC (GCLocker Initiated GC) [PSYoungGen: 202580K->51734K(209920K)] 329130K->204111K(734208K), 0.0111819 secs] [Times: user=0.11 sys=0.00, real=0.01 secs] 
2016-09-13T19:53:51.608-0400: 8.166: [GC (GCLocker Initiated GC) [PSYoungGen: 209430K->44208K(193536K)] 363351K->198137K(717824K), 0.0078395 secs] [Times: user=0.07 sys=0.00, real=0.01 secs] 
2016-09-13T19:53:51.962-0400: 8.520: [GC (GCLocker Initiated GC) [PSYoungGen: 185520K->24931K(201728K)] 351949K->191368K(726016K), 0.0234188 secs] [Times: user=0.23 sys=0.00, real=0.02 secs] 
2016-09-13T19:53:52.309-0400: 8.868: [GC (GCLocker Initiated GC) [PSYoungGen: 166243K->15771K(200704K)] 333002K->204149K(724992K), 0.0108916 secs] [Times: user=0.07 sys=0.01, real=0.01 secs] 
2016-09-13T19:53:52.651-0400: 9.209: [GC (GCLocker Initiated GC) [PSYoungGen: 158107K->7526K(201728K)] 352562K->202963K(726016K), 0.0060425 secs] [Times: user=0.07 sys=0.01, real=0.01 secs] 
2016-09-13T19:53:52.916-0400: 9.475: [GC (GCLocker Initiated GC) [PSYoungGen: 149862K->25373K(198656K)] 351376K->227702K(722944K), 0.0096199 secs] [Times: user=0.14 sys=0.00, real=0.00 secs] 
2016-09-13T19:53:53.298-0400: 9.857: [GC (Allocation Failure) [PSYoungGen: 167709K->20422K(200192K)] 376463K->230171K(724480K), 0.0114625 secs] [Times: user=0.11 sys=0.01, real=0.01 secs] 
2016-09-13T19:53:53.587-0400: 10.146: [GC (GCLocker Initiated GC) [PSYoungGen: 162582K->29141K(200192K)] 378406K->245691K(724480K), 0.0141125 secs] [Times: user=0.14 sys=0.01, real=0.02 secs] 
2016-09-13T19:53:53.772-0400: 10.330: [GC (GCLocker Initiated GC) [PSYoungGen: 177109K->15610K(202240K)] 396872K->236005K(726528K), 0.0033122 secs] [Times: user=0.03 sys=0.00, real=0.00 secs] 
2016-09-13T19:53:53.962-0400: 10.521: [GC (GCLocker Initiated GC) [PSYoungGen: 163578K->36331K(206336K)] 390096K->263496K(730624K), 0.0150057 secs] [Times: user=0.20 sys=0.00, real=0.02 secs] 
2016-09-13T19:53:54.151-0400: 10.710: [GC (Allocation Failure) [PSYoungGen: 188907K->26474K(179200K)] 416172K->260687K(703488K), 0.0091614 secs] [Times: user=0.08 sys=0.00, real=0.01 secs] 
2016-09-13T19:53:54.362-0400: 10.920: [GC (GCLocker Initiated GC) [PSYoungGen: 178008K->46537K(200704K)] 413739K->287129K(724992K), 0.0096998 secs] [Times: user=0.12 sys=0.01, real=0.01 secs] 
2016-09-13T19:53:54.564-0400: 11.122: [GC (GCLocker Initiated GC) [PSYoungGen: 195017K->51061K(199680K)] 437323K->293679K(723968K), 0.0226093 secs] [Times: user=0.31 sys=0.01, real=0.02 secs] 
2016-09-13T19:53:54.779-0400: 11.338: [GC (GCLocker Initiated GC) [PSYoungGen: 199541K->22233K(201728K)] 448270K->271321K(726016K), 0.0032475 secs] [Times: user=0.02 sys=0.00, real=0.00 secs] 
2016-09-13T19:53:54.947-0400: 11.505: [GC (GCLocker Initiated GC) [PSYoungGen: 162009K->28062K(167936K)] 412755K->283711K(692224K), 0.0103472 secs] [Times: user=0.09 sys=0.04, real=0.02 secs] 
2016-09-13T19:53:55.137-0400: 11.695: [GC (GCLocker Initiated GC) [PSYoungGen: 167838K->44795K(195072K)] 423630K->300824K(719360K), 0.0183532 secs] [Times: user=0.20 sys=0.00, real=0.01 secs] 
2016-09-13T19:53:55.321-0400: 11.879: [GC (GCLocker Initiated GC) [PSYoungGen: 182011K->49292K(197632K)] 438082K->314747K(721920K), 0.0156998 secs] [Times: user=0.22 sys=0.01, real=0.02 secs] 
2016-09-13T19:53:55.514-0400: 12.072: [GC (GCLocker Initiated GC) [PSYoungGen: 186508K->32709K(198656K)] 451995K->310575K(722944K), 0.0116449 secs] [Times: user=0.16 sys=0.03, real=0.01 secs] 
2016-09-13T19:53:55.700-0400: 12.258: [GC (GCLocker Initiated GC) [PSYoungGen: 168901K->49384K(197632K)] 446793K->345804K(721920K), 0.0101067 secs] [Times: user=0.13 sys=0.01, real=0.01 secs] 
2016-09-13T19:53:55.883-0400: 12.442: [GC (GCLocker Initiated GC) [PSYoungGen: 185576K->46159K(195584K)] 482019K->350444K(719872K), 0.0077378 secs] [Times: user=0.07 sys=0.00, real=0.01 secs] 
2016-09-13T19:53:56.052-0400: 12.611: [GC (GCLocker Initiated GC) [PSYoungGen: 177231K->22040K(196608K)] 490751K->341816K(720896K), 0.0106115 secs] [Times: user=0.12 sys=0.00, real=0.01 secs] 
2016-09-13T19:53:56.244-0400: 12.802: [GC (GCLocker Initiated GC) [PSYoungGen: 153112K->28056K(193024K)] 474523K->349774K(717312K), 0.0067031 secs] [Times: user=0.05 sys=0.01, real=0.01 secs] 
2016-09-13T19:53:56.428-0400: 12.986: [GC (GCLocker Initiated GC) [PSYoungGen: 159640K->49293K(195072K)] 481439K->371372K(719360K), 0.0077726 secs] [Times: user=0.07 sys=0.01, real=0.01 secs] 
2016-09-13T19:53:56.613-0400: 13.172: [GC (GCLocker Initiated GC) [PSYoungGen: 180877K->27838K(197120K)] 502978K->350129K(721408K), 0.0141718 secs] [Times: user=0.12 sys=0.00, real=0.01 secs] 
2016-09-13T19:53:56.771-0400: 13.329: [GC (GCLocker Initiated GC) [PSYoungGen: 159422K->44603K(196096K)] 481744K->370160K(720384K), 0.0280279 secs] [Times: user=0.34 sys=0.00, real=0.03 secs] 
2016-09-13T19:53:56.941-0400: 13.500: [GC (GCLocker Initiated GC) [PSYoungGen: 176187K->41756K(197120K)] 501754K->381263K(721408K), 0.0096901 secs] [Times: user=0.06 sys=0.04, real=0.01 secs] 
2016-09-13T19:53:57.133-0400: 13.692: [GC (Allocation Failure) [PSYoungGen: 174364K->12934K(145920K)] 519957K->366526K(670208K), 0.0043283 secs] [Times: user=0.05 sys=0.00, real=0.01 secs] 
2016-09-13T19:53:57.301-0400: 13.859: [GC (GCLocker Initiated GC) [PSYoungGen: 145346K->63152K(181248K)] 500457K->420054K(705536K), 0.0101609 secs] [Times: user=0.10 sys=0.00, real=0.01 secs] 
2016-09-13T19:53:57.463-0400: 14.021: [GC (GCLocker Initiated GC) [PSYoungGen: 178864K->50966K(166912K)] 536057K->408450K(691200K), 0.0297683 secs] [Times: user=0.41 sys=0.00, real=0.03 secs] 
2016-09-13T19:53:57.648-0400: 14.207: [GC (GCLocker Initiated GC) [PSYoungGen: 166678K->29548K(189440K)] 536479K->399598K(713728K), 0.0050910 secs] [Times: user=0.03 sys=0.00, real=0.00 secs] 
2016-09-13T19:53:57.810-0400: 14.368: [GC (GCLocker Initiated GC) [PSYoungGen: 144236K->32837K(147968K)] 520576K->414024K(672256K), 0.0100984 secs] [Times: user=0.11 sys=0.01, real=0.01 secs] 
2016-09-13T19:53:57.953-0400: 14.512: [GC (GCLocker Initiated GC) [PSYoungGen: 147525K->32586K(187392K)] 536501K->421905K(711680K), 0.0069163 secs] [Times: user=0.06 sys=0.00, real=0.01 secs] 
2016-09-13T19:53:58.113-0400: 14.672: [GC (GCLocker Initiated GC) [PSYoungGen: 149834K->46287K(184832K)] 540914K->437588K(709120K), 0.0173848 secs] [Times: user=0.24 sys=0.00, real=0.02 secs] 
2016-09-13T19:53:58.297-0400: 14.855: [GC (Allocation Failure) [PSYoungGen: 163535K->26505K(193536K)] 560919K->424095K(717824K), 0.0181144 secs] [Times: user=0.18 sys=0.00, real=0.01 secs] 
2016-09-13T19:53:58.477-0400: 15.036: [GC (GCLocker Initiated GC) [PSYoungGen: 150590K->44731K(192512K)] 549698K->450273K(716800K), 0.0077275 secs] [Times: user=0.06 sys=0.00, real=0.00 secs] 
2016-09-13T19:53:58.640-0400: 15.198: [GC (GCLocker Initiated GC) [PSYoungGen: 170171K->26319K(194048K)] 575733K->432113K(718336K), 0.0134927 secs] [Times: user=0.18 sys=0.00, real=0.01 secs] 
2016-09-13T19:53:58.813-0400: 15.372: [GC (GCLocker Initiated GC) [PSYoungGen: 154319K->52453K(180736K)] 560146K->460123K(705024K), 0.0101683 secs] [Times: user=0.11 sys=0.02, real=0.01 secs] 
2016-09-13T19:53:58.996-0400: 15.554: [GC (GCLocker Initiated GC) [PSYoungGen: 180453K->43120K(194560K)] 591347K->458810K(718848K), 0.0330854 secs] [Times: user=0.35 sys=0.00, real=0.03 secs] 
2016-09-13T19:53:59.176-0400: 15.734: [GC (Allocation Failure) [PSYoungGen: 168560K->43245K(168960K)] 587325K->462269K(693248K), 0.0094737 secs] [Times: user=0.10 sys=0.00, real=0.00 secs] 
2016-09-13T19:53:59.327-0400: 15.886: [GC (GCLocker Initiated GC) [PSYoungGen: 168685K->63025K(183296K)] 587710K->488413K(707584K), 0.0214907 secs] [Times: user=0.27 sys=0.01, real=0.03 secs] 
2016-09-13T19:53:59.490-0400: 16.049: [GC (GCLocker Initiated GC) [PSYoungGen: 179761K->51030K(167936K)] 611332K->482908K(692224K), 0.0070966 secs] [Times: user=0.07 sys=0.00, real=0.01 secs] 
2016-09-13T19:53:59.666-0400: 16.225: [GC (GCLocker Initiated GC) [PSYoungGen: 167766K->41726K(192000K)] 599787K->474137K(716288K), 0.0225131 secs] [Times: user=0.27 sys=0.01, real=0.03 secs] 
2016-09-13T19:53:59.860-0400: 16.419: [GC (GCLocker Initiated GC) [PSYoungGen: 160510K->27966K(188928K)] 600525K->468178K(713216K), 0.0122155 secs] [Times: user=0.16 sys=0.00, real=0.01 secs] 
2016-09-13T19:54:00.014-0400: 16.573: [GC (GCLocker Initiated GC) [PSYoungGen: 146750K->9894K(186880K)] 594641K->457901K(711168K), 0.0040068 secs] [Times: user=0.03 sys=0.00, real=0.01 secs] 
2016-09-13T19:54:00.191-0400: 16.749: [GC (GCLocker Initiated GC) [PSYoungGen: 126630K->27966K(188928K)] 577704K->479394K(713216K), 0.0063384 secs] [Times: user=0.06 sys=0.00, real=0.01 secs] 
2016-09-13T19:54:00.386-0400: 16.945: [GC (GCLocker Initiated GC) [PSYoungGen: 144702K->43057K(187392K)] 597801K->496433K(711680K), 0.0503580 secs] [Times: user=0.51 sys=0.00, real=0.06 secs] 
2016-09-13T19:54:00.597-0400: 17.155: [GC (GCLocker Initiated GC) [PSYoungGen: 162353K->28025K(188928K)] 615751K->499874K(713216K), 0.0116609 secs] [Times: user=0.13 sys=0.00, real=0.01 secs] 
2016-09-13T19:54:00.817-0400: 17.375: [GC (Allocation Failure) [PSYoungGen: 147321K->2237K(188928K)] 631462K->495661K(713216K), 0.0138150 secs] [Times: user=0.17 sys=0.00, real=0.01 secs] 
2016-09-13T19:54:01.007-0400: 17.566: [GC (GCLocker Initiated GC) [PSYoungGen: 123069K->61378K(182272K)] 616500K->555018K(706560K), 0.0169081 secs] [Times: user=0.18 sys=0.00, real=0.02 secs] 
2016-09-13T19:54:01.198-0400: 17.757: [GC (GCLocker Initiated GC) [PSYoungGen: 182210K->31003K(187904K)] 677547K->526482K(712192K), 0.0323001 secs] [Times: user=0.37 sys=0.00, real=0.03 secs] 
2016-09-13T19:54:01.411-0400: 17.970: [GC (GCLocker Initiated GC) [PSYoungGen: 141595K->27838K(138752K)] 643376K->529801K(663040K), 0.0083240 secs] [Times: user=0.09 sys=0.00, real=0.01 secs] 
2016-09-13T19:54:01.574-0400: 18.133: [GC (GCLocker Initiated GC) [PSYoungGen: 138430K->43117K(182784K)] 640549K->545308K(707072K), 0.0276376 secs] [Times: user=0.27 sys=0.00, real=0.03 secs] 
2016-09-13T19:54:01.743-0400: 18.301: [Full GC (Ergonomics) [PSYoungGen: 154221K->0K(182784K)] [ParOldGen: 514363K->36376K(524288K)] 668584K->36376K(707072K), [Metaspace: 44153K->44149K(1087488K)], 0.2753721 secs] [Times: user=2.79 sys=0.05, real=0.28 secs] 
2016-09-13T19:54:02.172-0400: 18.730: [GC (GCLocker Initiated GC) [PSYoungGen: 111104K->58564K(182272K)] 147517K->94977K(706560K), 0.0110250 secs] [Times: user=0.13 sys=0.00, real=0.01 secs] 
2016-09-13T19:54:02.361-0400: 18.920: [GC (Allocation Failure) [PSYoungGen: 169668K->23596K(187392K)] 207795K->74390K(711680K), 0.0196268 secs] [Times: user=0.21 sys=0.00, real=0.02 secs] 
2016-09-13T19:54:02.568-0400: 19.126: [GC (GCLocker Initiated GC) [PSYoungGen: 135212K->29453K(141312K)] 186012K->80513K(665600K), 0.0071793 secs] [Times: user=0.04 sys=0.00, real=0.00 secs] 
2016-09-13T19:54:02.741-0400: 19.300: [GC (GCLocker Initiated GC) [PSYoungGen: 141069K->66217K(174592K)] 192164K->117450K(698880K), 0.0071132 secs] [Times: user=0.07 sys=0.00, real=0.01 secs] 
2016-09-13T19:54:02.887-0400: 19.446: [GC (GCLocker Initiated GC) [PSYoungGen: 168617K->55270K(157696K)] 221536K->111479K(681984K), 0.0176798 secs] [Times: user=0.14 sys=0.00, real=0.02 secs] 
2016-09-13T19:54:03.058-0400: 19.617: [GC (GCLocker Initiated GC) [PSYoungGen: 157670K->26627K(182272K)] 226308K->95475K(706560K), 0.0057751 secs] [Times: user=0.03 sys=0.00, real=0.00 secs] 
2016-09-13T19:54:03.204-0400: 19.763: [GC (GCLocker Initiated GC) [PSYoungGen: 126979K->52235K(180224K)] 195852K->121344K(704512K), 0.0096130 secs] [Times: user=0.09 sys=0.00, real=0.01 secs] 
2016-09-13T19:54:03.356-0400: 19.914: [GC (GCLocker Initiated GC) [PSYoungGen: 152587K->40248K(175104K)] 223489K->114416K(699392K), 0.0221969 secs] [Times: user=0.23 sys=0.01, real=0.02 secs] 
2016-09-13T19:54:03.514-0400: 20.072: [GC (GCLocker Initiated GC) [PSYoungGen: 141624K->64666K(178176K)] 217489K->159022K(702464K), 0.0153722 secs] [Times: user=0.19 sys=0.01, real=0.02 secs] 
2016-09-13T19:54:03.692-0400: 20.251: [GC (GCLocker Initiated GC) [PSYoungGen: 166042K->38848K(182272K)] 272571K->145595K(706560K), 0.0044765 secs] [Times: user=0.05 sys=0.00, real=0.01 secs] 
2016-09-13T19:54:03.862-0400: 20.421: [GC (GCLocker Initiated GC) [PSYoungGen: 140224K->23567K(180224K)] 256218K->150411K(704512K), 0.0183533 secs] [Times: user=0.18 sys=0.00, real=0.02 secs] 
2016-09-13T19:54:04.057-0400: 20.616: [GC (GCLocker Initiated GC) [PSYoungGen: 124943K->27902K(181760K)] 251957K->155042K(706048K), 0.0056165 secs] [Times: user=0.06 sys=0.00, real=0.00 secs] 
2016-09-13T19:54:04.224-0400: 20.782: [GC (GCLocker Initiated GC) [PSYoungGen: 131838K->49256K(180736K)] 259000K->176458K(705024K), 0.0135052 secs] [Times: user=0.15 sys=0.00, real=0.02 secs] 
2016-09-13T19:54:04.423-0400: 20.982: [GC (GCLocker Initiated GC) [PSYoungGen: 153192K->43122K(181248K)] 282100K->184260K(705536K), 0.0067214 secs] [Times: user=0.08 sys=0.00, real=0.01 secs] 
2016-09-13T19:54:04.581-0400: 21.140: [GC (Allocation Failure) [PSYoungGen: 151666K->43297K(182784K)] 293078K->184914K(707072K), 0.0123018 secs] [Times: user=0.13 sys=0.00, real=0.01 secs] 
2016-09-13T19:54:04.748-0400: 21.307: [GC (Allocation Failure) [PSYoungGen: 150106K->27896K(186368K)] 291723K->169734K(710656K), 0.0339343 secs] [Times: user=0.38 sys=0.00, real=0.03 secs] 
2016-09-13T19:54:04.926-0400: 21.484: [GC (GCLocker Initiated GC) [PSYoungGen: 143150K->69064K(184832K)] 286507K->212728K(709120K), 0.0094023 secs] [Times: user=0.09 sys=0.01, real=0.01 secs] 
2016-09-13T19:54:05.113-0400: 21.672: [GC (GCLocker Initiated GC) [PSYoungGen: 184776K->35618K(185856K)] 340769K->191668K(710144K), 0.0090262 secs] [Times: user=0.09 sys=0.00, real=0.01 secs] 
2016-09-13T19:54:05.303-0400: 21.862: [GC (Allocation Failure) [PSYoungGen: 144162K->27966K(136704K)] 306344K->190409K(660992K), 0.0174165 secs] [Times: user=0.15 sys=0.01, real=0.02 secs] 
2016-09-13T19:54:05.508-0400: 22.067: [GC (GCLocker Initiated GC) [PSYoungGen: 136510K->56790K(181248K)] 298958K->219361K(705536K), 0.0082701 secs] [Times: user=0.07 sys=0.00, real=0.01 secs] 
2016-09-13T19:54:05.691-0400: 22.249: [GC (GCLocker Initiated GC) [PSYoungGen: 162774K->24924K(183808K)] 326891K->189258K(708096K), 0.0120743 secs] [Times: user=0.10 sys=0.00, real=0.01 secs] 
2016-09-13T19:54:05.866-0400: 22.424: [GC (GCLocker Initiated GC) [PSYoungGen: 130908K->43053K(178688K)] 301403K->222815K(702976K), 0.0199904 secs] [Times: user=0.20 sys=0.00, real=0.02 secs] 
2016-09-13T19:54:06.029-0400: 22.588: [GC (GCLocker Initiated GC) [PSYoungGen: 150061K->53907K(181760K)] 329850K->241460K(706048K), 0.0119899 secs] [Times: user=0.14 sys=0.00, real=0.01 secs] 
2016-09-13T19:54:06.204-0400: 22.763: [GC (GCLocker Initiated GC) [PSYoungGen: 160915K->32553K(184832K)] 348490K->221915K(709120K), 0.0064025 secs] [Times: user=0.03 sys=0.01, real=0.01 secs] 
2016-09-13T19:54:06.381-0400: 22.940: [GC (GCLocker Initiated GC) [PSYoungGen: 143657K->52203K(185344K)] 333048K->244833K(709632K), 0.0137524 secs] [Times: user=0.12 sys=0.01, real=0.01 secs] 
2016-09-13T19:54:06.538-0400: 23.097: [GC (Allocation Failure) [PSYoungGen: 163307K->26814K(187392K)] 363637K->239415K(711680K), 0.0061717 secs] [Times: user=0.06 sys=0.00, real=0.00 secs] 
2016-09-13T19:54:06.708-0400: 23.266: [GC (GCLocker Initiated GC) [PSYoungGen: 138942K->56918K(169472K)] 351545K->275857K(693760K), 0.0121975 secs] [Times: user=0.09 sys=0.00, real=0.01 secs] 
2016-09-13T19:54:06.904-0400: 23.462: [GC (GCLocker Initiated GC) [PSYoungGen: 169046K->34068K(186880K)] 394170K->259351K(711168K), 0.0124698 secs] [Times: user=0.11 sys=0.00, real=0.02 secs] 
2016-09-13T19:54:08.962-0400: 25.520: [GC (Allocation Failure) [PSYoungGen: 143636K->40115K(150016K)] 369162K->265747K(674304K), 0.0141785 secs] [Times: user=0.10 sys=0.00, real=0.02 secs] 
2016-09-13T19:54:09.108-0400: 25.666: [GC (GCLocker Initiated GC) [PSYoungGen: 149683K->67518K(175104K)] 375321K->305682K(699392K), 0.0091948 secs] [Times: user=0.11 sys=0.00, real=0.01 secs] 
2016-09-13T19:54:09.251-0400: 25.809: [GC (GCLocker Initiated GC) [PSYoungGen: 170430K->69191K(172544K)] 408624K->325796K(696832K), 0.0106175 secs] [Times: user=0.10 sys=0.00, real=0.01 secs] 
2016-09-13T19:54:09.384-0400: 25.943: [GC (GCLocker Initiated GC) [PSYoungGen: 172103K->56753K(177664K)] 428875K->330450K(701952K), 0.0120413 secs] [Times: user=0.06 sys=0.00, real=0.02 secs] 
2016-09-13T19:54:09.531-0400: 26.089: [GC (GCLocker Initiated GC) [PSYoungGen: 149937K->79672K(173056K)] 423673K->415922K(697344K), 0.0143598 secs] [Times: user=0.14 sys=0.02, real=0.01 secs] 
2016-09-13T19:54:09.652-0400: 26.211: [GC (GCLocker Initiated GC) [PSYoungGen: 172856K->73715K(175104K)] 509155K->460323K(699392K), 0.0118076 secs] [Times: user=0.14 sys=0.01, real=0.01 secs] 
2016-09-13T19:54:09.766-0400: 26.324: [GC (GCLocker Initiated GC) [PSYoungGen: 161779K->84442K(175104K)] 548608K->494239K(699392K), 0.0133681 secs] [Times: user=0.18 sys=0.02, real=0.02 secs] 
2016-09-13T19:54:09.891-0400: 26.450: [GC (GCLocker Initiated GC) [PSYoungGen: 172506K->41602K(175104K)] 597543K->503424K(699392K), 0.0219376 secs] [Times: user=0.21 sys=0.00, real=0.02 secs] 
2016-09-13T19:54:10.025-0400: 26.583: [GC (GCLocker Initiated GC) [PSYoungGen: 129666K->49414K(175104K)] 591677K->551134K(699392K), 0.0122789 secs] [Times: user=0.14 sys=0.01, real=0.02 secs] 
2016-09-13T19:54:10.037-0400: 26.596: [Full GC (Ergonomics) [PSYoungGen: 49414K->0K(175104K)] [ParOldGen: 501720K->40027K(524288K)] 551134K->40027K(699392K), [Metaspace: 44251K->44251K(1087488K)], 0.0864058 secs] [Times: user=0.37 sys=0.02, real=0.08 secs] 
2016-09-13T19:54:10.225-0400: 26.783: [GC (GCLocker Initiated GC) [PSYoungGen: 88064K->85843K(175104K)] 128198K->132052K(699392K), 0.0133200 secs] [Times: user=0.16 sys=0.01, real=0.02 secs] 
2016-09-13T19:54:10.351-0400: 26.909: [GC (GCLocker Initiated GC) [PSYoungGen: 173907K->70612K(175104K)] 220392K->152350K(699392K), 0.0144139 secs] [Times: user=0.15 sys=0.00, real=0.01 secs] 
2016-09-13T19:54:10.474-0400: 27.033: [GC (GCLocker Initiated GC) [PSYoungGen: 158676K->82833K(175104K)] 240490K->201380K(699392K), 0.0131906 secs] [Times: user=0.14 sys=0.00, real=0.01 secs] 
2016-09-13T19:54:10.619-0400: 27.178: [GC (GCLocker Initiated GC) [PSYoungGen: 170897K->73497K(175104K)] 289535K->228842K(699392K), 0.0133166 secs] [Times: user=0.13 sys=0.01, real=0.01 secs] 
2016-09-13T19:54:10.735-0400: 27.294: [GC (GCLocker Initiated GC) [PSYoungGen: 161561K->60078K(175104K)] 317126K->238685K(699392K), 0.0080041 secs] [Times: user=0.08 sys=0.00, real=0.01 secs] 
2016-09-13T19:54:10.844-0400: 27.402: [GC (GCLocker Initiated GC) [PSYoungGen: 148142K->81314K(175104K)] 326757K->298288K(699392K), 0.0107191 secs] [Times: user=0.12 sys=0.00, real=0.01 secs] 
2016-09-13T19:54:10.960-0400: 27.518: [GC (Allocation Failure) [PSYoungGen: 169378K->73688K(175104K)] 388100K->333698K(699392K), 0.0112928 secs] [Times: user=0.12 sys=0.00, real=0.01 secs] 
2016-09-13T19:54:11.073-0400: 27.632: [GC (GCLocker Initiated GC) [PSYoungGen: 161752K->63057K(175104K)] 421764K->359650K(699392K), 0.0125196 secs] [Times: user=0.10 sys=0.01, real=0.01 secs] 
2016-09-13T19:54:11.217-0400: 27.776: [GC (GCLocker Initiated GC) [PSYoungGen: 151121K->23659K(175104K)] 452408K->325085K(699392K), 0.0126413 secs] [Times: user=0.13 sys=0.00, real=0.01 secs] 
2016-09-13T19:54:11.346-0400: 27.904: [GC (GCLocker Initiated GC) [PSYoungGen: 111723K->46355K(175104K)] 414763K->349652K(699392K), 0.0106471 secs] [Times: user=0.11 sys=0.01, real=0.02 secs] 
2016-09-13T19:54:11.494-0400: 28.052: [GC (GCLocker Initiated GC) [PSYoungGen: 134419K->44949K(175104K)] 439461K->369918K(699392K), 0.0109314 secs] [Times: user=0.11 sys=0.01, real=0.01 secs] 
2016-09-13T19:54:11.642-0400: 28.200: [GC (GCLocker Initiated GC) [PSYoungGen: 133013K->29485K(175104K)] 458127K->355008K(699392K), 0.0089366 secs] [Times: user=0.07 sys=0.00, real=0.01 secs] 
2016-09-13T19:54:11.770-0400: 28.329: [GC (GCLocker Initiated GC) [PSYoungGen: 117549K->34105K(175104K)] 449527K->370809K(699392K), 0.0064439 secs] [Times: user=0.07 sys=0.00, real=0.01 secs] 
2016-09-13T19:54:11.925-0400: 28.483: [GC (GCLocker Initiated GC) [PSYoungGen: 122169K->41602K(175104K)] 465148K->387863K(699392K), 0.0195064 secs] [Times: user=0.15 sys=0.00, real=0.02 secs] 
2016-09-13T19:54:14.044-0400: 30.603: [GC (GCLocker Initiated GC) [PSYoungGen: 129666K->44890K(175104K)] 479220K->394669K(699392K), 0.0081163 secs] [Times: user=0.07 sys=0.01, real=0.01 secs] 
2016-09-13T19:54:14.191-0400: 30.750: [GC (GCLocker Initiated GC) [PSYoungGen: 132954K->34042K(175104K)] 490352K->391776K(699392K), 0.0075555 secs] [Times: user=0.07 sys=0.01, real=0.01 secs] 
2016-09-13T19:54:14.317-0400: 30.876: [GC (GCLocker Initiated GC) [PSYoungGen: 122106K->64506K(175104K)] 480086K->445407K(699392K), 0.0145013 secs] [Times: user=0.15 sys=0.00, real=0.01 secs] 
2016-09-13T19:54:14.441-0400: 30.999: [GC (GCLocker Initiated GC) [PSYoungGen: 152570K->43377K(175104K)] 533537K->461082K(699392K), 0.0109693 secs] [Times: user=0.09 sys=0.03, real=0.01 secs] 
2016-09-13T19:54:14.559-0400: 31.118: [GC (GCLocker Initiated GC) [PSYoungGen: 131441K->38719K(175104K)] 555396K->502494K(699392K), 0.0147569 secs] [Times: user=0.13 sys=0.00, real=0.01 secs] 
2016-09-13T19:54:14.574-0400: 31.132: [Full GC (Ergonomics) [PSYoungGen: 38719K->0K(175104K)] [ParOldGen: 463774K->38402K(524288K)] 502494K->38402K(699392K), [Metaspace: 44274K->44274K(1087488K)], 0.0612926 secs] [Times: user=0.35 sys=0.01, real=0.06 secs] 
2016-09-13T19:54:14.732-0400: 31.291: [GC (GCLocker Initiated GC) [PSYoungGen: 88064K->65966K(175104K)] 126492K->104395K(699392K), 0.0129685 secs] [Times: user=0.17 sys=0.00, real=0.01 secs] 
2016-09-13T19:54:14.848-0400: 31.407: [GC (GCLocker Initiated GC) [PSYoungGen: 154030K->64602K(175104K)] 192484K->161116K(699392K), 0.0108047 secs] [Times: user=0.14 sys=0.00, real=0.01 secs] 
2016-09-13T19:54:14.965-0400: 31.524: [GC (GCLocker Initiated GC) [PSYoungGen: 152666K->59956K(175104K)] 261352K->209940K(699392K), 0.0101421 secs] [Times: user=0.10 sys=0.00, real=0.01 secs] 
2016-09-13T19:54:15.097-0400: 31.656: [GC (Allocation Failure) [PSYoungGen: 148020K->75292K(175104K)] 298007K->258952K(699392K), 0.0108175 secs] [Times: user=0.12 sys=0.00, real=0.01 secs] 
2016-09-13T19:54:15.233-0400: 31.792: [GC (GCLocker Initiated GC) [PSYoungGen: 158150K->58554K(175104K)] 347885K->285012K(699392K), 0.0098010 secs] [Times: user=0.12 sys=0.00, real=0.01 secs] 
2016-09-13T19:54:15.357-0400: 31.915: [GC (GCLocker Initiated GC) [PSYoungGen: 146618K->64543K(175104K)] 379309K->336979K(699392K), 0.0097740 secs] [Times: user=0.12 sys=0.00, real=0.00 secs] 
2016-09-13T19:54:15.490-0400: 32.048: [GC (GCLocker Initiated GC) [PSYoungGen: 152607K->67518K(175104K)] 425224K->376795K(699392K), 0.0116541 secs] [Times: user=0.12 sys=0.01, real=0.01 secs] 
2016-09-13T19:54:15.625-0400: 32.183: [GC (GCLocker Initiated GC) [PSYoungGen: 155582K->63147K(175104K)] 465034K->409302K(699392K), 0.0092175 secs] [Times: user=0.10 sys=0.00, real=0.01 secs] 
2016-09-13T19:54:15.769-0400: 32.328: [GC (GCLocker Initiated GC) [PSYoungGen: 151211K->73656K(175104K)] 497397K->456593K(699392K), 0.0144289 secs] [Times: user=0.20 sys=0.00, real=0.01 secs] 
2016-09-13T19:54:15.930-0400: 32.489: [GC (GCLocker Initiated GC) [PSYoungGen: 161720K->75270K(175104K)] 550864K->526964K(699392K), 0.0142217 secs] [Times: user=0.18 sys=0.00, real=0.01 secs] 
2016-09-13T19:54:15.945-0400: 32.503: [Full GC (Ergonomics) [PSYoungGen: 75270K->0K(175104K)] [ParOldGen: 451693K->41598K(524288K)] 526964K->41598K(699392K), [Metaspace: 44282K->44282K(1087488K)], 0.0665992 secs] [Times: user=0.33 sys=0.01, real=0.07 secs] 
2016-09-13T19:54:16.135-0400: 32.694: [GC (GCLocker Initiated GC) [PSYoungGen: 88064K->82891K(175104K)] 129718K->124546K(699392K), 0.0082591 secs] [Times: user=0.09 sys=0.00, real=0.01 secs] 
2016-09-13T19:54:16.246-0400: 32.805: [GC (GCLocker Initiated GC) [PSYoungGen: 170955K->41634K(175104K)] 214399K->138598K(699392K), 0.0192364 secs] [Times: user=0.19 sys=0.00, real=0.02 secs] 
2016-09-13T19:54:16.377-0400: 32.936: [GC (GCLocker Initiated GC) [PSYoungGen: 129698K->26638K(175104K)] 238853K->154325K(699392K), 0.0273173 secs] [Times: user=0.33 sys=0.01, real=0.02 secs] 
2016-09-13T19:54:16.509-0400: 33.067: [GC (GCLocker Initiated GC) [PSYoungGen: 114702K->61628K(175104K)] 248596K->214047K(699392K), 0.0077116 secs] [Times: user=0.07 sys=0.00, real=0.01 secs] 
2016-09-13T19:54:16.614-0400: 33.172: [GC (GCLocker Initiated GC) [PSYoungGen: 149692K->52366K(175104K)] 302195K->228025K(699392K), 0.0107907 secs] [Times: user=0.06 sys=0.00, real=0.01 secs] 
2016-09-13T19:54:16.715-0400: 33.273: [GC (GCLocker Initiated GC) [PSYoungGen: 140430K->58590K(175104K)] 317647K->274097K(699392K), 0.0091870 secs] [Times: user=0.12 sys=0.00, real=0.01 secs] 
2016-09-13T19:54:16.814-0400: 33.372: [GC (GCLocker Initiated GC) [PSYoungGen: 146654K->84447K(175104K)] 362220K->347548K(699392K), 0.0145896 secs] [Times: user=0.18 sys=0.02, real=0.02 secs] 
2016-09-13T19:54:16.916-0400: 33.475: [GC (GCLocker Initiated GC) [PSYoungGen: 172511K->53999K(175104K)] 441741K->366094K(699392K), 0.0168921 secs] [Times: user=0.21 sys=0.00, real=0.01 secs] 
2016-09-13T19:54:17.042-0400: 33.600: [GC (GCLocker Initiated GC) [PSYoungGen: 142063K->79822K(175104K)] 454246K->416641K(699392K), 0.0170355 secs] [Times: user=0.20 sys=0.00, real=0.02 secs] 
2016-09-13T19:54:17.183-0400: 33.742: [GC (GCLocker Initiated GC) [PSYoungGen: 167886K->61378K(175104K)] 507965K->419951K(699392K), 0.0105452 secs] [Times: user=0.10 sys=0.00, real=0.01 secs] 
2016-09-13T19:54:17.310-0400: 33.868: [GC (Allocation Failure) [PSYoungGen: 149442K->31321K(175104K)] 515854K->420764K(699392K), 0.0203516 secs] [Times: user=0.23 sys=0.00, real=0.02 secs] 
2016-09-13T19:54:17.451-0400: 34.009: [GC (GCLocker Initiated GC) [PSYoungGen: 118661K->19040K(175104K)] 514179K->414775K(699392K), 0.0098393 secs] [Times: user=0.08 sys=0.01, real=0.01 secs] 
2016-09-13T19:54:17.575-0400: 34.133: [GC (Allocation Failure) [PSYoungGen: 107104K->49069K(175104K)] 504380K->446484K(699392K), 0.0161299 secs] [Times: user=0.14 sys=0.00, real=0.02 secs] 
2016-09-13T19:54:17.716-0400: 34.274: [GC (GCLocker Initiated GC) [PSYoungGen: 133508K->49292K(175104K)] 536997K->465153K(699392K), 0.0178799 secs] [Times: user=0.20 sys=0.00, real=0.01 secs] 
2016-09-13T19:54:17.863-0400: 34.422: [GC (Allocation Failure) [PSYoungGen: 137356K->46287K(175104K)] 553572K->462850K(699392K), 0.0070775 secs] [Times: user=0.07 sys=0.01, real=0.01 secs] 
2016-09-13T19:54:18.007-0400: 34.565: [GC (GCLocker Initiated GC) [PSYoungGen: 133331K->64513K(175104K)] 551414K->482829K(699392K), 0.0104304 secs] [Times: user=0.12 sys=0.01, real=0.02 secs] 
2016-09-13T19:54:18.146-0400: 34.704: [GC (GCLocker Initiated GC) [PSYoungGen: 152577K->50747K(175104K)] 570954K->469247K(699392K), 0.0184601 secs] [Times: user=0.17 sys=0.00, real=0.02 secs] 
2016-09-13T19:54:18.302-0400: 34.860: [GC (Allocation Failure) [PSYoungGen: 138811K->28120K(175104K)] 563699K->471494K(699392K), 0.0071451 secs] [Times: user=0.09 sys=0.00, real=0.01 secs] 
2016-09-13T19:54:18.454-0400: 35.013: [GC (GCLocker Initiated GC) [PSYoungGen: 110153K->46318K(134656K)] 559602K->499073K(658944K), 0.0126308 secs] [Times: user=0.11 sys=0.00, real=0.01 secs] 
2016-09-13T19:54:18.607-0400: 35.165: [GC (GCLocker Initiated GC) [PSYoungGen: 134382K->46090K(177152K)] 587159K->499132K(701440K), 0.0069284 secs] [Times: user=0.07 sys=0.00, real=0.01 secs] 
2016-09-13T19:54:18.741-0400: 35.300: [GC (GCLocker Initiated GC) [PSYoungGen: 136714K->27998K(174592K)] 591450K->484434K(698880K), 0.0097605 secs] [Times: user=0.09 sys=0.00, real=0.01 secs] 
2016-09-13T19:54:18.883-0400: 35.442: [GC (GCLocker Initiated GC) [PSYoungGen: 118622K->46346K(174592K)] 575340K->521547K(698880K), 0.0150081 secs] [Times: user=0.18 sys=0.00, real=0.02 secs] 
2016-09-13T19:54:18.898-0400: 35.457: [Full GC (Ergonomics) [PSYoungGen: 46346K->0K(174592K)] [ParOldGen: 475201K->37249K(524288K)] 521547K->37249K(698880K), [Metaspace: 44315K->44315K(1087488K)], 0.0649039 secs] [Times: user=0.30 sys=0.01, real=0.06 secs] 
2016-09-13T19:54:19.094-0400: 35.653: [GC (GCLocker Initiated GC) [PSYoungGen: 94208K->58565K(175104K)] 143641K->107998K(699392K), 0.0129897 secs] [Times: user=0.16 sys=0.00, real=0.01 secs] 
2016-09-13T19:54:19.251-0400: 35.810: [GC (GCLocker Initiated GC) [PSYoungGen: 152773K->5275K(172544K)] 214358K->96091K(696832K), 0.0080826 secs] [Times: user=0.08 sys=0.00, real=0.01 secs] 
2016-09-13T19:54:19.405-0400: 35.963: [GC (GCLocker Initiated GC) [PSYoungGen: 96411K->22009K(176640K)] 194843K->120709K(700928K), 0.0041129 secs] [Times: user=0.03 sys=0.00, real=0.01 secs] 
2016-09-13T19:54:19.544-0400: 36.103: [GC (GCLocker Initiated GC) [PSYoungGen: 113145K->56662K(174592K)] 212206K->158856K(698880K), 0.0167111 secs] [Times: user=0.15 sys=0.00, real=0.02 secs] 
2016-09-13T19:54:19.710-0400: 36.269: [GC (GCLocker Initiated GC) [PSYoungGen: 145750K->43121K(132608K)] 248139K->163921K(656896K), 0.0209566 secs] [Times: user=0.20 sys=0.00, real=0.02 secs] 
2016-09-13T19:54:19.891-0400: 36.450: [GC (GCLocker Initiated GC) [PSYoungGen: 132209K->52138K(173568K)] 253119K->173228K(697856K), 0.0381235 secs] [Times: user=0.39 sys=0.02, real=0.04 secs] 
2016-09-13T19:54:20.027-0400: 36.585: [GC (GCLocker Initiated GC) [PSYoungGen: 143274K->61251K(172544K)] 264466K->182629K(696832K), 0.0101085 secs] [Times: user=0.09 sys=0.00, real=0.02 secs] 
2016-09-13T19:54:20.131-0400: 36.690: [GC (GCLocker Initiated GC) [PSYoungGen: 152387K->44890K(176128K)] 275339K->167997K(700416K), 0.0220178 secs] [Times: user=0.21 sys=0.00, real=0.02 secs] 
2016-09-13T19:54:20.278-0400: 36.837: [GC (GCLocker Initiated GC) [PSYoungGen: 141658K->43433K(177152K)] 266524K->186756K(701440K), 0.0300598 secs] [Times: user=0.32 sys=0.00, real=0.03 secs] 
2016-09-13T19:54:20.466-0400: 37.024: [GC (GCLocker Initiated GC) [PSYoungGen: 140201K->28056K(180736K)] 297532K->185576K(705024K), 0.0096707 secs] [Times: user=0.06 sys=0.00, real=0.01 secs] 
2016-09-13T19:54:20.632-0400: 37.190: [GC (GCLocker Initiated GC) [PSYoungGen: 130968K->41693K(180224K)] 288654K->199603K(704512K), 0.0303990 secs] [Times: user=0.32 sys=0.00, real=0.03 secs] 
2016-09-13T19:54:20.816-0400: 37.374: [GC (GCLocker Initiated GC) [PSYoungGen: 144605K->41921K(181760K)] 304218K->206383K(706048K), 0.0129190 secs] [Times: user=0.14 sys=0.01, real=0.01 secs] 
2016-09-13T19:54:20.989-0400: 37.548: [GC (GCLocker Initiated GC) [PSYoungGen: 152001K->29511K(181760K)] 316485K->194212K(706048K), 0.0281575 secs] [Times: user=0.34 sys=0.00, real=0.03 secs] 
2016-09-13T19:54:21.169-0400: 37.727: [GC (GCLocker Initiated GC) [PSYoungGen: 139591K->31095K(189952K)] 304317K->197664K(714240K), 0.0094383 secs] [Times: user=0.08 sys=0.00, real=0.01 secs] 
2016-09-13T19:54:21.370-0400: 37.929: [GC (GCLocker Initiated GC) [PSYoungGen: 150391K->41730K(161280K)] 318705K->211757K(685568K), 0.0310189 secs] [Times: user=0.32 sys=0.01, real=0.03 secs] 
2016-09-13T19:54:21.590-0400: 38.148: [GC (GCLocker Initiated GC) [PSYoungGen: 161026K->44922K(189440K)] 331058K->215156K(713728K), 0.0108559 secs] [Times: user=0.10 sys=0.00, real=0.01 secs] 
2016-09-13T19:54:21.757-0400: 38.315: [GC (GCLocker Initiated GC) [PSYoungGen: 166778K->11440K(188416K)] 349284K->200320K(712704K), 0.0196301 secs] [Times: user=0.21 sys=0.00, real=0.02 secs] 
2016-09-13T19:54:21.934-0400: 38.492: [GC (GCLocker Initiated GC) [PSYoungGen: 133296K->47709K(192000K)] 322542K->237275K(716288K), 0.0159819 secs] [Times: user=0.17 sys=0.00, real=0.02 secs] 
2016-09-13T19:54:22.125-0400: 38.683: [GC (GCLocker Initiated GC) [PSYoungGen: 170589K->62951K(185856K)] 360307K->252925K(710144K), 0.0198006 secs] [Times: user=0.19 sys=0.01, real=0.02 secs] 
2016-09-13T19:54:22.334-0400: 38.893: [GC (GCLocker Initiated GC) [PSYoungGen: 185831K->66029K(175616K)] 377541K->257960K(699904K), 0.0225991 secs] [Times: user=0.22 sys=0.01, real=0.03 secs] 
2016-09-13T19:54:22.502-0400: 39.060: [GC (GCLocker Initiated GC) [PSYoungGen: 166381K->41657K(181248K)] 364458K->239860K(705536K), 0.0198160 secs] [Times: user=0.18 sys=0.00, real=0.02 secs] 
2016-09-13T19:54:22.675-0400: 39.233: [GC (GCLocker Initiated GC) [PSYoungGen: 142009K->38687K(173568K)] 341982K->243356K(697856K), 0.0305040 secs] [Times: user=0.38 sys=0.00, real=0.03 secs] 
2016-09-13T19:54:22.856-0400: 39.414: [GC (GCLocker Initiated GC) [PSYoungGen: 142111K->52362K(178688K)] 354396K->264973K(702976K), 0.0108903 secs] [Times: user=0.12 sys=0.00, real=0.01 secs] 
2016-09-13T19:54:23.058-0400: 39.617: [GC (Allocation Failure) [PSYoungGen: 155786K->22044K(184832K)] 370080K->245685K(709120K), 0.0115816 secs] [Times: user=0.12 sys=0.00, real=0.01 secs] 
2016-09-13T19:54:23.246-0400: 39.805: [GC (GCLocker Initiated GC) [PSYoungGen: 131547K->29479K(139264K)] 361262K->259404K(663552K), 0.0095111 secs] [Times: user=0.07 sys=0.00, real=0.01 secs] 
2016-09-13T19:54:23.427-0400: 39.986: [GC (GCLocker Initiated GC) [PSYoungGen: 139047K->38566K(188416K)] 368985K->268635K(712704K), 0.0254679 secs] [Times: user=0.26 sys=0.00, real=0.03 secs] 
2016-09-13T19:54:23.620-0400: 40.179: [GC (GCLocker Initiated GC) [PSYoungGen: 152230K->46335K(185344K)] 388457K->284309K(709632K), 0.0079312 secs] [Times: user=0.07 sys=0.00, real=0.01 secs] 
2016-09-13T19:54:23.781-0400: 40.340: [GC (Allocation Failure) [PSYoungGen: 159999K->18917K(185344K)] 397984K->257112K(709632K), 0.0151504 secs] [Times: user=0.20 sys=0.00, real=0.02 secs] 
2016-09-13T19:54:23.924-0400: 40.483: [GC (GCLocker Initiated GC) [PSYoungGen: 133410K->46288K(186368K)] 373123K->293755K(710656K), 0.0089342 secs] [Times: user=0.13 sys=0.00, real=0.01 secs] 
2016-09-13T19:54:24.104-0400: 40.662: [GC (GCLocker Initiated GC) [PSYoungGen: 160976K->63148K(179712K)] 409988K->312308K(704000K), 0.0200411 secs] [Times: user=0.23 sys=0.01, real=0.02 secs] 
2016-09-13T19:54:24.293-0400: 40.852: [GC (GCLocker Initiated GC) [PSYoungGen: 171692K->59986K(168960K)] 421162K->314284K(693248K), 0.0099832 secs] [Times: user=0.11 sys=0.00, real=0.01 secs] 
2016-09-13T19:54:24.477-0400: 41.035: [GC (GCLocker Initiated GC) [PSYoungGen: 168530K->52447K(182784K)] 422988K->307138K(707072K), 0.0132181 secs] [Times: user=0.12 sys=0.00, real=0.01 secs] 
2016-09-13T19:54:24.651-0400: 41.209: [GC (GCLocker Initiated GC) [PSYoungGen: 155359K->6639K(109568K)] 422222K->282753K(633856K), 0.0197466 secs] [Times: user=0.19 sys=0.00, real=0.02 secs] 
2016-09-13T19:54:24.838-0400: 41.396: [GC (GCLocker Initiated GC) [PSYoungGen: 109551K->43117K(182784K)] 387393K->330238K(707072K), 0.0310378 secs] [Times: user=0.34 sys=0.00, real=0.03 secs] 
2016-09-13T19:54:25.012-0400: 41.570: [GC (GCLocker Initiated GC) [PSYoungGen: 143469K->26623K(126976K)] 436723K->320074K(651264K), 0.0066963 secs] [Times: user=0.06 sys=0.01, real=0.01 secs] 
2016-09-13T19:54:25.200-0400: 41.759: [GC (GCLocker Initiated GC) [PSYoungGen: 126975K->5147K(176128K)] 423509K->309527K(700416K), 0.0045018 secs] [Times: user=0.04 sys=0.00, real=0.00 secs] 
2016-09-13T19:54:25.334-0400: 41.892: [GC (GCLocker Initiated GC) [PSYoungGen: 103451K->76726K(175104K)] 407968K->387567K(699392K), 0.0143749 secs] [Times: user=0.21 sys=0.01, real=0.02 secs] 
2016-09-13T19:54:25.505-0400: 42.064: [GC (Allocation Failure) [PSYoungGen: 175030K->46319K(175104K)] 487512K->377267K(699392K), 0.0089850 secs] [Times: user=0.12 sys=0.01, real=0.01 secs] 
2016-09-13T19:54:25.515-0400: 42.073: [GC (GCLocker Initiated GC) [PSYoungGen: 46327K->32K(175104K)] 377275K->376958K(699392K), 0.0064472 secs] [Times: user=0.08 sys=0.01, real=0.01 secs] 
2016-09-13T19:54:25.658-0400: 42.216: [GC (GCLocker Initiated GC) [PSYoungGen: 88096K->69163K(175104K)] 465028K->446096K(699392K), 0.0090527 secs] [Times: user=0.14 sys=0.00, real=0.00 secs] 
2016-09-13T19:54:25.805-0400: 42.363: [GC (GCLocker Initiated GC) [PSYoungGen: 157227K->24737K(175104K)] 540291K->433934K(699392K), 0.0200968 secs] [Times: user=0.24 sys=0.01, real=0.02 secs] 
2016-09-13T19:54:25.960-0400: 42.519: [GC (Allocation Failure) [PSYoungGen: 112801K->26515K(175104K)] 523665K->451269K(699392K), 0.0218562 secs] [Times: user=0.27 sys=0.00, real=0.02 secs] 
2016-09-13T19:54:26.103-0400: 42.662: [GC (GCLocker Initiated GC) [PSYoungGen: 113947K->23649K(175104K)] 544776K->472952K(699392K), 0.0257280 secs] [Times: user=0.32 sys=0.00, real=0.03 secs] 
2016-09-13T19:54:26.280-0400: 42.838: [GC (GCLocker Initiated GC) [PSYoungGen: 111713K->28061K(167936K)] 567346K->483961K(692224K), 0.0108733 secs] [Times: user=0.11 sys=0.00, real=0.01 secs] 
2016-09-13T19:54:26.422-0400: 42.981: [GC (Allocation Failure) [PSYoungGen: 116125K->30812K(171520K)] 573605K->488493K(695808K), 0.0140960 secs] [Times: user=0.16 sys=0.00, real=0.02 secs] 
2016-09-13T19:54:26.540-0400: 43.098: [GC (GCLocker Initiated GC) [PSYoungGen: 116351K->20361K(175104K)] 580108K->491858K(699392K), 0.0077861 secs] [Times: user=0.05 sys=0.00, real=0.00 secs] 
2016-09-13T19:54:26.687-0400: 43.246: [GC (Allocation Failure) [PSYoungGen: 119689K->32367K(176640K)] 591278K->522508K(700928K), 0.0081539 secs] [Times: user=0.06 sys=0.01, real=0.02 secs] 
2016-09-13T19:54:26.845-0400: 43.403: [Full GC (Ergonomics) [PSYoungGen: 125962K->0K(176640K)] [ParOldGen: 496215K->31420K(524288K)] 622177K->31420K(700928K), [Metaspace: 44335K->44335K(1087488K)], 0.0922688 secs] [Times: user=0.37 sys=0.04, real=0.10 secs] 
2016-09-13T19:54:27.065-0400: 43.623: [GC (GCLocker Initiated GC) [PSYoungGen: 99328K->52174K(179200K)] 130949K->83795K(703488K), 0.0160075 secs] [Times: user=0.16 sys=0.00, real=0.02 secs] 
2016-09-13T19:54:27.228-0400: 43.786: [GC (GCLocker Initiated GC) [PSYoungGen: 158158K->58559K(164864K)] 190118K->110615K(689152K), 0.0084604 secs] [Times: user=0.09 sys=0.01, real=0.02 secs] 
2016-09-13T19:54:27.390-0400: 43.949: [GC (Allocation Failure) [PSYoungGen: 164543K->31158K(184320K)] 216624K->83531K(708608K), 0.0169186 secs] [Times: user=0.18 sys=0.01, real=0.01 secs] 
2016-09-13T19:54:27.565-0400: 44.124: [GC (GCLocker Initiated GC) [PSYoungGen: 132737K->23409K(126976K)] 191185K->85136K(651264K), 0.0094513 secs] [Times: user=0.08 sys=0.00, real=0.01 secs] 
2016-09-13T19:54:27.721-0400: 44.280: [GC (GCLocker Initiated GC) [PSYoungGen: 126833K->32607K(182784K)] 194669K->100553K(707072K), 0.0051992 secs] [Times: user=0.04 sys=0.00, real=0.00 secs] 
2016-09-13T19:54:27.883-0400: 44.442: [GC (GCLocker Initiated GC) [PSYoungGen: 139615K->61409K(179200K)] 207583K->135642K(703488K), 0.0151007 secs] [Times: user=0.14 sys=0.00, real=0.02 secs] 
2016-09-13T19:54:28.047-0400: 44.606: [GC (GCLocker Initiated GC) [PSYoungGen: 168417K->18948K(184832K)] 254975K->107305K(709120K), 0.0039737 secs] [Times: user=0.02 sys=0.01, real=0.01 secs] 
2016-09-13T19:54:28.249-0400: 44.808: [GC (GCLocker Initiated GC) [PSYoungGen: 125444K->23591K(130560K)] 217001K->115399K(654848K), 0.0042699 secs] [Times: user=0.04 sys=0.00, real=0.00 secs] 
2016-09-13T19:54:28.412-0400: 44.971: [GC (GCLocker Initiated GC) [PSYoungGen: 130087K->11318K(181760K)] 227995K->109444K(706048K), 0.0131999 secs] [Times: user=0.11 sys=0.01, real=0.01 secs] 
2016-09-13T19:54:28.591-0400: 45.149: [GC (GCLocker Initiated GC) [PSYoungGen: 117814K->31031K(181760K)] 215962K->133910K(706048K), 0.0081292 secs] [Times: user=0.07 sys=0.00, real=0.01 secs] 
2016-09-13T19:54:28.776-0400: 45.334: [GC (GCLocker Initiated GC) [PSYoungGen: 137527K->23569K(184832K)] 245148K->140474K(709120K), 0.0181300 secs] [Times: user=0.21 sys=0.00, real=0.01 secs] 
2016-09-13T19:54:28.944-0400: 45.503: [GC (GCLocker Initiated GC) [PSYoungGen: 137233K->24828K(182784K)] 261947K->149656K(707072K), 0.0144194 secs] [Times: user=0.14 sys=0.01, real=0.02 secs] 
2016-09-13T19:54:29.112-0400: 45.671: [GC (GCLocker Initiated GC) [PSYoungGen: 138492K->46194K(185344K)] 263514K->171397K(709632K), 0.0128939 secs] [Times: user=0.14 sys=0.00, real=0.01 secs] 
2016-09-13T19:54:29.344-0400: 45.903: [GC (GCLocker Initiated GC) [PSYoungGen: 165490K->46287K(187904K)] 292486K->173544K(712192K), 0.0190773 secs] [Times: user=0.20 sys=0.00, real=0.02 secs] 
2016-09-13T19:54:29.511-0400: 46.070: [GC (GCLocker Initiated GC) [PSYoungGen: 165583K->44693K(190976K)] 292847K->172089K(715264K), 0.0141309 secs] [Times: user=0.12 sys=0.00, real=0.01 secs] 
2016-09-13T19:54:29.699-0400: 46.258: [GC (GCLocker Initiated GC) [PSYoungGen: 165525K->64601K(185856K)] 292953K->192321K(710144K), 0.0146945 secs] [Times: user=0.14 sys=0.00, real=0.01 secs] 
2016-09-13T19:54:29.899-0400: 46.458: [GC (GCLocker Initiated GC) [PSYoungGen: 185433K->44736K(184832K)] 314943K->183560K(709120K), 0.0071587 secs] [Times: user=0.07 sys=0.00, real=0.00 secs] 
2016-09-13T19:54:30.101-0400: 46.660: [GC (GCLocker Initiated GC) [PSYoungGen: 153280K->27998K(136704K)] 305952K->180887K(660992K), 0.0041503 secs] [Times: user=0.03 sys=0.00, real=0.00 secs] 
2016-09-13T19:54:30.306-0400: 46.865: [GC (GCLocker Initiated GC) [PSYoungGen: 136542K->44698K(184832K)] 291150K->199484K(709120K), 0.0062740 secs] [Times: user=0.04 sys=0.01, real=0.01 secs] 
2016-09-13T19:54:30.472-0400: 47.030: [GC (GCLocker Initiated GC) [PSYoungGen: 154778K->47769K(183808K)] 309586K->207340K(708096K), 0.0098656 secs] [Times: user=0.09 sys=0.00, real=0.01 secs] 
2016-09-13T19:54:30.649-0400: 47.207: [GC (GCLocker Initiated GC) [PSYoungGen: 157849K->24987K(187392K)] 323520K->193877K(711680K), 0.0085805 secs] [Times: user=0.08 sys=0.00, real=0.01 secs] 
2016-09-13T19:54:30.846-0400: 47.405: [GC (Allocation Failure) [PSYoungGen: 139675K->17394K(187392K)] 320737K->212433K(711680K), 0.0096940 secs] [Times: user=0.08 sys=0.00, real=0.02 secs] 
2016-09-13T19:54:31.053-0400: 47.611: [GC (GCLocker Initiated GC) [PSYoungGen: 129375K->11382K(188416K)] 330489K->221771K(712704K), 0.0240354 secs] [Times: user=0.22 sys=0.01, real=0.03 secs] 
2016-09-13T19:54:31.250-0400: 47.808: [GC (GCLocker Initiated GC) [PSYoungGen: 127094K->29601K(145408K)] 339024K->241732K(669696K), 0.0158851 secs] [Times: user=0.13 sys=0.00, real=0.01 secs] 
2016-09-13T19:54:31.447-0400: 48.005: [GC (GCLocker Initiated GC) [PSYoungGen: 145313K->46127K(184320K)] 357632K->261669K(708608K), 0.0176953 secs] [Times: user=0.16 sys=0.01, real=0.02 secs] 
2016-09-13T19:54:31.621-0400: 48.180: [GC (GCLocker Initiated GC) [PSYoungGen: 160815K->29484K(185856K)] 377881K->246670K(710144K), 0.0218500 secs] [Times: user=0.22 sys=0.00, real=0.02 secs] 
2016-09-13T19:54:31.807-0400: 48.366: [GC (GCLocker Initiated GC) [PSYoungGen: 144172K->50779K(186368K)] 361388K->268149K(710656K), 0.0171986 secs] [Times: user=0.20 sys=0.00, real=0.02 secs] 
2016-09-13T19:54:32.009-0400: 48.567: [GC (GCLocker Initiated GC) [PSYoungGen: 169051K->32612K(189440K)] 386499K->254834K(713728K), 0.0067072 secs] [Times: user=0.06 sys=0.00, real=0.01 secs] 
2016-09-13T19:54:32.204-0400: 48.763: [GC (GCLocker Initiated GC) [PSYoungGen: 150884K->64539K(178688K)] 379242K->319005K(702976K), 0.0137516 secs] [Times: user=0.15 sys=0.01, real=0.02 secs] 
2016-09-13T19:54:32.369-0400: 48.928: [GC (GCLocker Initiated GC) [PSYoungGen: 175131K->30972K(186368K)] 429819K->345062K(710656K), 0.0108008 secs] [Times: user=0.11 sys=0.00, real=0.01 secs] 
2016-09-13T19:54:32.552-0400: 49.110: [GC (Allocation Failure) [PSYoungGen: 141564K->23712K(180736K)] 461950K->348891K(705024K), 0.0098259 secs] [Times: user=0.11 sys=0.01, real=0.01 secs] 
2016-09-13T19:54:32.752-0400: 49.310: [GC (GCLocker Initiated GC) [PSYoungGen: 136561K->27870K(184832K)] 467815K->359380K(709120K), 0.0240973 secs] [Times: user=0.24 sys=0.01, real=0.03 secs] 
2016-09-13T19:54:32.939-0400: 49.497: [GC (GCLocker Initiated GC) [PSYoungGen: 141022K->28024K(184320K)] 478818K->365885K(708608K), 0.0111803 secs] [Times: user=0.09 sys=0.00, real=0.01 secs] 
2016-09-13T19:54:33.153-0400: 49.712: [GC (GCLocker Initiated GC) [PSYoungGen: 148856K->40179K(188416K)] 487078K->378582K(712704K), 0.0068519 secs] [Times: user=0.06 sys=0.00, real=0.01 secs] 
2016-09-13T19:54:33.358-0400: 49.917: [GC (GCLocker Initiated GC) [PSYoungGen: 161011K->49197K(190976K)] 499509K->387933K(715264K), 0.0070492 secs] [Times: user=0.06 sys=0.00, real=0.00 secs] 
2016-09-13T19:54:33.522-0400: 50.080: [GC (Allocation Failure) [PSYoungGen: 174125K->49228K(174592K)] 512928K->400336K(698880K), 0.0193369 secs] [Times: user=0.18 sys=0.01, real=0.02 secs] 
2016-09-13T19:54:33.712-0400: 50.270: [GC (GCLocker Initiated GC) [PSYoungGen: 173265K->40052K(194560K)] 525892K->397436K(718848K), 0.0096170 secs] [Times: user=0.06 sys=0.00, real=0.01 secs] 
2016-09-13T19:54:33.940-0400: 50.499: [GC (Allocation Failure) [PSYoungGen: 164468K->5238K(192000K)] 534284K->375288K(716288K), 0.0277203 secs] [Times: user=0.30 sys=0.00, real=0.03 secs] 
2016-09-13T19:54:34.164-0400: 50.723: [GC (Allocation Failure) [PSYoungGen: 129622K->23437K(193024K)] 499672K->393559K(717312K), 0.0101153 secs] [Times: user=0.10 sys=0.00, real=0.01 secs] 
2016-09-13T19:54:34.404-0400: 50.962: [GC (GCLocker Initiated GC) [PSYoungGen: 146829K->40014K(163840K)] 516951K->410302K(688128K), 0.0293940 secs] [Times: user=0.30 sys=0.01, real=0.03 secs] 
2016-09-13T19:54:34.659-0400: 51.217: [GC (Allocation Failure) [PSYoungGen: 163406K->35720K(194048K)] 533716K->406197K(718336K), 0.0151595 secs] [Times: user=0.17 sys=0.00, real=0.01 secs] 
2016-09-13T19:54:34.857-0400: 51.415: [GC (GCLocker Initiated GC) [PSYoungGen: 162184K->43306K(191488K)] 532664K->417020K(715776K), 0.0119060 secs] [Times: user=0.11 sys=0.00, real=0.01 secs] 
2016-09-13T19:54:35.019-0400: 51.577: [GC (GCLocker Initiated GC) [PSYoungGen: 169770K->63116K(182784K)] 543752K->443544K(707072K), 0.0241184 secs] [Times: user=0.33 sys=0.00, real=0.02 secs] 
2016-09-13T19:54:35.196-0400: 51.755: [GC (GCLocker Initiated GC) [PSYoungGen: 180876K->28279K(189952K)] 562845K->414940K(714240K), 0.0054819 secs] [Times: user=0.06 sys=0.00, real=0.00 secs] 
2016-09-13T19:54:35.361-0400: 51.920: [GC (GCLocker Initiated GC) [PSYoungGen: 146039K->37110K(182272K)] 534259K->425571K(706560K), 0.0134859 secs] [Times: user=0.16 sys=0.00, real=0.01 secs] 
2016-09-13T19:54:35.546-0400: 52.105: [GC (GCLocker Initiated GC) [PSYoungGen: 156406K->28024K(186880K)] 545122K->418484K(711168K), 0.0135765 secs] [Times: user=0.17 sys=0.00, real=0.02 secs] 
2016-09-13T19:54:35.719-0400: 52.278: [GC (GCLocker Initiated GC) [PSYoungGen: 147320K->47837K(194048K)] 537900K->438709K(718336K), 0.0080055 secs] [Times: user=0.09 sys=0.00, real=0.00 secs] 
2016-09-13T19:54:35.909-0400: 52.468: [GC (GCLocker Initiated GC) [PSYoungGen: 175837K->49383K(177664K)] 566882K->440602K(701952K), 0.0082331 secs] [Times: user=0.08 sys=0.00, real=0.01 secs] 
2016-09-13T19:54:36.136-0400: 52.694: [GC (GCLocker Initiated GC) [PSYoungGen: 177383K->26499K(194560K)] 574688K->424036K(718848K), 0.0138456 secs] [Times: user=0.14 sys=0.00, real=0.01 secs] 
2016-09-13T19:54:36.346-0400: 52.905: [GC (GCLocker Initiated GC) [PSYoungGen: 152451K->28084K(154112K)] 556418K->439973K(678400K), 0.0082911 secs] [Times: user=0.09 sys=0.00, real=0.01 secs] 
2016-09-13T19:54:36.569-0400: 53.128: [GC (GCLocker Initiated GC) [PSYoungGen: 154036K->21821K(193024K)] 567469K->435428K(717312K), 0.0224856 secs] [Times: user=0.19 sys=0.00, real=0.02 secs] 
2016-09-13T19:54:36.795-0400: 53.354: [GC (GCLocker Initiated GC) [PSYoungGen: 148285K->15933K(192512K)] 568009K->435858K(716800K), 0.0040186 secs] [Times: user=0.03 sys=0.01, real=0.01 secs] 
2016-09-13T19:54:36.984-0400: 53.543: [GC (Allocation Failure) [PSYoungGen: 142397K->9863K(195072K)] 564013K->440825K(719360K), 0.0082147 secs] [Times: user=0.07 sys=0.01, real=0.01 secs] 
2016-09-13T19:54:37.197-0400: 53.756: [GC (GCLocker Initiated GC) [PSYoungGen: 138059K->14346K(195584K)] 570539K->446962K(719872K), 0.0177035 secs] [Times: user=0.18 sys=0.00, real=0.01 secs] 
2016-09-13T19:54:37.431-0400: 53.989: [GC (GCLocker Initiated GC) [PSYoungGen: 143370K->43053K(193024K)] 576259K->476073K(717312K), 0.0127324 secs] [Times: user=0.10 sys=0.00, real=0.01 secs] 
2016-09-13T19:54:37.616-0400: 54.174: [GC (GCLocker Initiated GC) [PSYoungGen: 170029K->35650K(162816K)] 603072K->468848K(687104K), 0.0092621 secs] [Times: user=0.09 sys=0.00, real=0.00 secs] 
2016-09-13T19:54:37.832-0400: 54.391: [GC (Allocation Failure) [PSYoungGen: 162626K->24891K(196096K)] 595990K->464556K(720384K), 0.0103029 secs] [Times: user=0.09 sys=0.00, real=0.01 secs] 
2016-09-13T19:54:38.033-0400: 54.591: [GC (GCLocker Initiated GC) [PSYoungGen: 155225K->26377K(194048K)] 596409K->467609K(718336K), 0.0123614 secs] [Times: user=0.11 sys=0.00, real=0.01 secs] 
2016-09-13T19:54:38.250-0400: 54.808: [GC (GCLocker Initiated GC) [PSYoungGen: 156937K->11287K(194048K)] 610341K->464837K(718336K), 0.0068592 secs] [Times: user=0.06 sys=0.00, real=0.01 secs] 
2016-09-13T19:54:38.453-0400: 55.012: [GC (GCLocker Initiated GC) [PSYoungGen: 144407K->43525K(194048K)] 598141K->499015K(718336K), 0.0085836 secs] [Times: user=0.08 sys=0.00, real=0.01 secs] 
2016-09-13T19:54:38.675-0400: 55.233: [GC (GCLocker Initiated GC) [PSYoungGen: 176645K->43181K(195584K)] 632153K->498978K(719872K), 0.0072776 secs] [Times: user=0.05 sys=0.00, real=0.01 secs] 
2016-09-13T19:54:38.899-0400: 55.457: [GC (GCLocker Initiated GC) [PSYoungGen: 175277K->31126K(163328K)] 643263K->505350K(687616K), 0.0133517 secs] [Times: user=0.16 sys=0.00, real=0.01 secs] 
2016-09-13T19:54:39.143-0400: 55.701: [GC (Allocation Failure) [PSYoungGen: 163222K->5243K(193536K)] 643702K->485925K(717824K), 0.0153640 secs] [Times: user=0.15 sys=0.00, real=0.02 secs] 
2016-09-13T19:54:39.342-0400: 55.900: [GC (Allocation Failure) [PSYoungGen: 136428K->47609K(195072K)] 617110K->528559K(719360K), 0.0295499 secs] [Times: user=0.30 sys=0.00, real=0.03 secs] 
2016-09-13T19:54:39.549-0400: 56.107: [GC (GCLocker Initiated GC) [PSYoungGen: 178344K->43122K(193536K)] 660813K->525737K(717824K), 0.0225318 secs] [Times: user=0.21 sys=0.01, real=0.02 secs] 
2016-09-13T19:54:39.750-0400: 56.308: [GC (GCLocker Initiated GC) [PSYoungGen: 170098K->32586K(159744K)] 652998K->515683K(684032K), 0.0122479 secs] [Times: user=0.14 sys=0.00, real=0.01 secs] 
2016-09-13T19:54:39.962-0400: 56.521: [GC (GCLocker Initiated GC) [PSYoungGen: 159562K->32581K(195584K)] 642838K->516000K(719872K), 0.0130822 secs] [Times: user=0.12 sys=0.01, real=0.01 secs] 
2016-09-13T19:54:40.185-0400: 56.743: [GC (GCLocker Initiated GC) [PSYoungGen: 163653K->26314K(192512K)] 648627K->511402K(716800K), 0.0255461 secs] [Times: user=0.26 sys=0.00, real=0.03 secs] 
2016-09-13T19:54:40.406-0400: 56.965: [GC (GCLocker Initiated GC) [PSYoungGen: 157386K->46121K(192512K)] 642643K->535998K(716800K), 0.0156355 secs] [Times: user=0.14 sys=0.00, real=0.02 secs] 
2016-09-13T19:54:40.621-0400: 57.179: [GC (GCLocker Initiated GC) [PSYoungGen: 179241K->31120K(195584K)] 669302K->524503K(719872K), 0.0165886 secs] [Times: user=0.16 sys=0.00, real=0.02 secs] 
2016-09-13T19:54:40.838-0400: 57.397: [GC (GCLocker Initiated GC) [PSYoungGen: 164240K->31190K(195584K)] 657645K->529408K(719872K), 0.0137445 secs] [Times: user=0.14 sys=0.01, real=0.01 secs] 
2016-09-13T19:54:41.057-0400: 57.615: [GC (GCLocker Initiated GC) [PSYoungGen: 171478K->43309K(197632K)] 669964K->555729K(721920K), 0.0106136 secs] [Times: user=0.10 sys=0.01, real=0.00 secs] 
2016-09-13T19:54:41.067-0400: 57.626: [Full GC (Ergonomics) [PSYoungGen: 43309K->0K(197632K)] [ParOldGen: 512420K->38213K(524288K)] 555729K->38213K(721920K), [Metaspace: 44374K->44374K(1087488K)], 0.0643958 secs] [Times: user=0.30 sys=0.01, real=0.07 secs] 
2016-09-13T19:54:41.308-0400: 57.867: [GC (GCLocker Initiated GC) [PSYoungGen: 140288K->55552K(192000K)] 178815K->130529K(716288K), 0.0154635 secs] [Times: user=0.15 sys=0.02, real=0.01 secs] 
2016-09-13T19:54:41.527-0400: 58.085: [GC (GCLocker Initiated GC) [PSYoungGen: 188672K->26447K(197632K)] 275935K->141449K(721920K), 0.0174579 secs] [Times: user=0.13 sys=0.00, real=0.02 secs] 
2016-09-13T19:54:41.737-0400: 58.296: [GC (GCLocker Initiated GC) [PSYoungGen: 159567K->53918K(189952K)] 274611K->178253K(714240K), 0.0238046 secs] [Times: user=0.27 sys=0.00, real=0.02 secs] 
2016-09-13T19:54:41.941-0400: 58.499: [GC (GCLocker Initiated GC) [PSYoungGen: 180894K->47773K(175104K)] 305319K->179872K(699392K), 0.0104101 secs] [Times: user=0.09 sys=0.00, real=0.01 secs] 
2016-09-13T19:54:42.153-0400: 58.711: [GC (GCLocker Initiated GC) [PSYoungGen: 174749K->23564K(194560K)] 314629K->163622K(718848K), 0.0109093 secs] [Times: user=0.13 sys=0.00, real=0.01 secs] 
2016-09-13T19:54:42.354-0400: 58.912: [GC (GCLocker Initiated GC) [PSYoungGen: 149516K->38533K(164864K)] 291263K->180515K(689152K), 0.0133937 secs] [Times: user=0.14 sys=0.00, real=0.01 secs] 
2016-09-13T19:54:42.546-0400: 59.104: [GC (GCLocker Initiated GC) [PSYoungGen: 164485K->32554K(193536K)] 306693K->174929K(717824K), 0.0098680 secs] [Times: user=0.09 sys=0.00, real=0.01 secs] 
2016-09-13T19:54:42.774-0400: 59.333: [GC (GCLocker Initiated GC) [PSYoungGen: 160554K->41794K(191488K)] 306182K->187627K(715776K), 0.0102074 secs] [Times: user=0.11 sys=0.02, real=0.01 secs] 
2016-09-13T19:54:43.000-0400: 59.558: [GC (Allocation Failure) [PSYoungGen: 169794K->24949K(196096K)] 315730K->171012K(720384K), 0.0256513 secs] [Times: user=0.31 sys=0.00, real=0.02 secs] 
2016-09-13T19:54:43.211-0400: 59.770: [GC (GCLocker Initiated GC) [PSYoungGen: 153240K->47950K(195584K)] 305378K->200247K(719872K), 0.0115499 secs] [Times: user=0.15 sys=0.00, real=0.01 secs] 
2016-09-13T19:54:43.441-0400: 60.000: [GC (GCLocker Initiated GC) [PSYoungGen: 181582K->31094K(198656K)] 333935K->201834K(722944K), 0.0065304 secs] [Times: user=0.04 sys=0.00, real=0.01 secs] 
2016-09-13T19:54:43.657-0400: 60.215: [GC (GCLocker Initiated GC) [PSYoungGen: 166774K->12928K(198144K)] 349674K->200634K(722432K), 0.0243140 secs] [Times: user=0.30 sys=0.00, real=0.02 secs] 
2016-09-13T19:54:43.882-0400: 60.441: [GC (GCLocker Initiated GC) [PSYoungGen: 148608K->46254K(195072K)] 338059K->241910K(719360K), 0.0076034 secs] [Times: user=0.06 sys=0.00, real=0.01 secs] 
2016-09-13T19:54:44.092-0400: 60.650: [GC (GCLocker Initiated GC) [PSYoungGen: 177326K->50998K(182272K)] 373005K->246945K(706560K), 0.0094569 secs] [Times: user=0.11 sys=0.00, real=0.01 secs] 
2016-09-13T19:54:44.299-0400: 60.858: [GC (GCLocker Initiated GC) [PSYoungGen: 182070K->37393K(196608K)] 390303K->261005K(720896K), 0.0084098 secs] [Times: user=0.10 sys=0.00, real=0.01 secs] 
2016-09-13T19:54:44.502-0400: 61.060: [GC (GCLocker Initiated GC) [PSYoungGen: 165905K->44740K(194048K)] 391343K->271989K(718336K), 0.0317373 secs] [Times: user=0.36 sys=0.00, real=0.03 secs] 
2016-09-13T19:54:44.752-0400: 61.311: [GC (GCLocker Initiated GC) [PSYoungGen: 173252K->38752K(194048K)] 400536K->266218K(718336K), 0.0105487 secs] [Times: user=0.12 sys=0.00, real=0.01 secs] 
2016-09-13T19:54:44.941-0400: 61.499: [GC (GCLocker Initiated GC) [PSYoungGen: 169824K->32862K(194048K)] 403614K->268397K(718336K), 0.0094133 secs] [Times: user=0.10 sys=0.00, real=0.01 secs] 
2016-09-13T19:54:45.164-0400: 61.723: [GC (GCLocker Initiated GC) [PSYoungGen: 163934K->28115K(198144K)] 399575K->263922K(722432K), 0.0247537 secs] [Times: user=0.24 sys=0.01, real=0.03 secs] 
2016-09-13T19:54:45.405-0400: 61.963: [GC (Allocation Failure) [PSYoungGen: 165331K->41820K(197632K)] 402850K->279674K(721920K), 0.0099809 secs] [Times: user=0.12 sys=0.00, real=0.01 secs] 
2016-09-13T19:54:45.649-0400: 62.207: [GC (GCLocker Initiated GC) [PSYoungGen: 179036K->46288K(199680K)] 416893K->284311K(723968K), 0.0241726 secs] [Times: user=0.32 sys=0.01, real=0.02 secs] 
2016-09-13T19:54:45.869-0400: 62.427: [GC (Allocation Failure) [PSYoungGen: 185552K->56918K(196608K)] 423931K->295518K(720896K), 0.0094317 secs] [Times: user=0.13 sys=0.00, real=0.01 secs] 
2016-09-13T19:54:46.068-0400: 62.627: [GC (GCLocker Initiated GC) [PSYoungGen: 196182K->41694K(198144K)] 434785K->280483K(722432K), 0.0143327 secs] [Times: user=0.08 sys=0.00, real=0.01 secs] 
2016-09-13T19:54:46.300-0400: 62.858: [GC (GCLocker Initiated GC) [PSYoungGen: 174302K->26474K(196608K)] 425273K->277600K(720896K), 0.0409001 secs] [Times: user=0.40 sys=0.01, real=0.04 secs] 
2016-09-13T19:54:46.498-0400: 63.057: [GC (GCLocker Initiated GC) [PSYoungGen: 159082K->58686K(187904K)] 411880K->329954K(712192K), 0.0147013 secs] [Times: user=0.20 sys=0.00, real=0.01 secs] 
2016-09-13T19:54:46.699-0400: 63.258: [GC (GCLocker Initiated GC) [PSYoungGen: 182590K->62924K(186880K)] 454032K->334626K(711168K), 0.0334953 secs] [Times: user=0.39 sys=0.00, real=0.03 secs] 
2016-09-13T19:54:46.900-0400: 63.459: [GC (GCLocker Initiated GC) [PSYoungGen: 186828K->50933K(187904K)] 460207K->324508K(712192K), 0.0146442 secs] [Times: user=0.13 sys=0.00, real=0.01 secs] 
2016-09-13T19:54:47.099-0400: 63.657: [GC (GCLocker Initiated GC) [PSYoungGen: 164597K->51020K(187904K)] 438353K->324966K(712192K), 0.0265400 secs] [Times: user=0.33 sys=0.00, real=0.02 secs] 
2016-09-13T19:54:47.300-0400: 63.858: [GC (GCLocker Initiated GC) [PSYoungGen: 164684K->46308K(182784K)] 444974K->326795K(707072K), 0.0070618 secs] [Times: user=0.06 sys=0.01, real=0.00 secs] 
2016-09-13T19:54:47.496-0400: 64.055: [GC (Allocation Failure) [PSYoungGen: 159972K->41794K(185344K)] 440501K->322564K(709632K), 0.0133208 secs] [Times: user=0.16 sys=0.00, real=0.01 secs] 
2016-09-13T19:54:47.673-0400: 64.232: [GC (Allocation Failure) [PSYoungGen: 155458K->46313K(185856K)] 436228K->327324K(710144K), 0.0095799 secs] [Times: user=0.09 sys=0.01, real=0.01 secs] 
2016-09-13T19:54:47.882-0400: 64.441: [GC (GCLocker Initiated GC) [PSYoungGen: 167145K->46527K(188416K)] 448159K->332378K(712704K), 0.0202137 secs] [Times: user=0.24 sys=0.00, real=0.02 secs] 
2016-09-13T19:54:48.065-0400: 64.623: [GC (GCLocker Initiated GC) [PSYoungGen: 167356K->54008K(193024K)] 453388K->340241K(717312K), 0.0140937 secs] [Times: user=0.14 sys=0.01, real=0.02 secs] 
2016-09-13T19:54:48.257-0400: 64.815: [GC (GCLocker Initiated GC) [PSYoungGen: 180984K->47705K(194560K)] 467248K->334152K(718848K), 0.0081279 secs] [Times: user=0.05 sys=0.01, real=0.00 secs] 
2016-09-13T19:54:48.453-0400: 65.011: [GC (GCLocker Initiated GC) [PSYoungGen: 174681K->47836K(192512K)] 461170K->343659K(716800K), 0.0140295 secs] [Times: user=0.14 sys=0.00, real=0.01 secs] 
2016-09-13T19:54:48.657-0400: 65.216: [GC (GCLocker Initiated GC) [PSYoungGen: 176348K->47832K(193536K)] 472364K->350140K(717824K), 0.0216374 secs] [Times: user=0.23 sys=0.00, real=0.02 secs] 
2016-09-13T19:54:48.898-0400: 65.457: [GC (GCLocker Initiated GC) [PSYoungGen: 176344K->29325K(195072K)] 484760K->337797K(719360K), 0.0055612 secs] [Times: user=0.04 sys=0.00, real=0.00 secs] 
2016-09-13T19:54:49.102-0400: 65.661: [GC (GCLocker Initiated GC) [PSYoungGen: 160909K->44730K(196608K)] 475649K->365609K(720896K), 0.0163340 secs] [Times: user=0.16 sys=0.00, real=0.02 secs] 
2016-09-13T19:54:49.308-0400: 65.866: [GC (GCLocker Initiated GC) [PSYoungGen: 176314K->58586K(192000K)] 497421K->386028K(716288K), 0.0175571 secs] [Times: user=0.15 sys=0.00, real=0.02 secs] 
2016-09-13T19:54:49.537-0400: 66.095: [GC (GCLocker Initiated GC) [PSYoungGen: 187610K->43058K(195584K)] 515133K->370782K(719872K), 0.0181741 secs] [Times: user=0.20 sys=0.00, real=0.01 secs] 
2016-09-13T19:54:49.746-0400: 66.305: [GC (GCLocker Initiated GC) [PSYoungGen: 172082K->23563K(194048K)] 501436K->353013K(718336K), 0.0262803 secs] [Times: user=0.30 sys=0.00, real=0.03 secs] 
2016-09-13T19:54:49.988-0400: 66.546: [GC (GCLocker Initiated GC) [PSYoungGen: 152587K->14510K(143872K)] 483611K->345810K(668160K), 0.0129041 secs] [Times: user=0.14 sys=0.00, real=0.01 secs] 
2016-09-13T19:54:50.168-0400: 66.727: [GC (GCLocker Initiated GC) [PSYoungGen: 143534K->28024K(193536K)] 474859K->359665K(717824K), 0.0389704 secs] [Times: user=0.48 sys=0.00, real=0.03 secs] 
2016-09-13T19:54:50.382-0400: 66.941: [GC (GCLocker Initiated GC) [PSYoungGen: 152440K->8350K(133120K)] 491697K->361576K(657408K), 0.0107802 secs] [Times: user=0.12 sys=0.00, real=0.01 secs] 
2016-09-13T19:54:50.585-0400: 67.143: [GC (GCLocker Initiated GC) [PSYoungGen: 132766K->12886K(189952K)] 492102K->373892K(714240K), 0.0163427 secs] [Times: user=0.18 sys=0.00, real=0.02 secs] 
2016-09-13T19:54:50.777-0400: 67.336: [GC (GCLocker Initiated GC) [PSYoungGen: 131670K->43307K(190464K)] 492826K->407772K(714752K), 0.0075533 secs] [Times: user=0.06 sys=0.00, real=0.00 secs] 
2016-09-13T19:54:50.944-0400: 67.502: [GC (Allocation Failure) [PSYoungGen: 162091K->32554K(184320K)] 526732K->397417K(708608K), 0.0247339 secs] [Times: user=0.27 sys=0.00, real=0.03 secs] 
2016-09-13T19:54:51.166-0400: 67.725: [GC (GCLocker Initiated GC) [PSYoungGen: 151850K->14260K(187392K)] 516714K->385322K(711680K), 0.0051550 secs] [Times: user=0.04 sys=0.00, real=0.01 secs] 
2016-09-13T19:54:51.374-0400: 67.932: [GC (GCLocker Initiated GC) [PSYoungGen: 133556K->5151K(192000K)] 513837K->385660K(716288K), 0.0106288 secs] [Times: user=0.14 sys=0.00, real=0.01 secs] 
2016-09-13T19:54:51.571-0400: 68.130: [GC (GCLocker Initiated GC) [PSYoungGen: 129055K->10166K(193024K)] 515770K->397115K(717312K), 0.0099132 secs] [Times: user=0.14 sys=0.01, real=0.01 secs] 
2016-09-13T19:54:51.774-0400: 68.333: [GC (GCLocker Initiated GC) [PSYoungGen: 134070K->42994K(190464K)] 521276K->430385K(714752K), 0.0176840 secs] [Times: user=0.16 sys=0.00, real=0.02 secs] 
2016-09-13T19:54:51.967-0400: 68.525: [GC (GCLocker Initiated GC) [PSYoungGen: 164850K->43026K(165376K)] 552476K->430766K(689664K), 0.0256250 secs] [Times: user=0.26 sys=0.00, real=0.03 secs] 
2016-09-13T19:54:52.167-0400: 68.726: [GC (GCLocker Initiated GC) [PSYoungGen: 164882K->9953K(191488K)] 560240K->405473K(715776K), 0.0095927 secs] [Times: user=0.09 sys=0.00, real=0.02 secs] 
2016-09-13T19:54:52.399-0400: 68.957: [GC (GCLocker Initiated GC) [PSYoungGen: 130273K->23474K(143872K)] 525815K->419234K(668160K), 0.0209816 secs] [Times: user=0.29 sys=0.00, real=0.02 secs] 
2016-09-13T19:54:52.606-0400: 69.164: [GC (GCLocker Initiated GC) [PSYoungGen: 143794K->61565K(178176K)] 539580K->466657K(702464K), 0.0089114 secs] [Times: user=0.09 sys=0.00, real=0.01 secs] 
2016-09-13T19:54:52.744-0400: 69.303: [GC (GCLocker Initiated GC) [PSYoungGen: 172157K->46472K(157184K)] 577436K->459712K(681472K), 0.0074275 secs] [Times: user=0.06 sys=0.00, real=0.01 secs] 
2016-09-13T19:54:52.915-0400: 69.473: [GC (GCLocker Initiated GC) [PSYoungGen: 157064K->67421K(167936K)] 570400K->487238K(692224K), 0.0084494 secs] [Times: user=0.07 sys=0.00, real=0.01 secs] 
2016-09-13T19:54:53.086-0400: 69.644: [GC (GCLocker Initiated GC) [PSYoungGen: 158557K->41624K(176640K)] 580237K->468061K(700928K), 0.0249252 secs] [Times: user=0.25 sys=0.00, real=0.03 secs] 
2016-09-13T19:54:53.248-0400: 69.806: [GC (GCLocker Initiated GC) [PSYoungGen: 132760K->43089K(169472K)] 565501K->476086K(693760K), 0.0100365 secs] [Times: user=0.07 sys=0.01, real=0.02 secs] 
2016-09-13T19:54:53.410-0400: 69.969: [GC (GCLocker Initiated GC) [PSYoungGen: 137297K->2177K(174592K)] 584012K->449168K(698880K), 0.0223619 secs] [Times: user=0.23 sys=0.00, real=0.02 secs] 
2016-09-13T19:54:53.570-0400: 70.129: [GC (GCLocker Initiated GC) [PSYoungGen: 96385K->27844K(176128K)] 546547K->478329K(700416K), 0.0105714 secs] [Times: user=0.10 sys=0.00, real=0.01 secs] 
2016-09-13T19:54:53.718-0400: 70.277: [GC (GCLocker Initiated GC) [PSYoungGen: 127684K->50742K(178176K)] 579752K->502930K(702464K), 0.0138012 secs] [Times: user=0.13 sys=0.01, real=0.01 secs] 
2016-09-13T19:54:53.880-0400: 70.439: [GC (Allocation Failure) [PSYoungGen: 150582K->40083K(179712K)] 602968K->501794K(704000K), 0.0268681 secs] [Times: user=0.25 sys=0.00, real=0.02 secs] 
2016-09-13T19:54:54.053-0400: 70.611: [GC (Allocation Failure) [PSYoungGen: 143507K->41694K(180736K)] 605218K->503627K(705024K), 0.0228446 secs] [Times: user=0.26 sys=0.00, real=0.03 secs] 
2016-09-13T19:54:54.222-0400: 70.780: [GC (GCLocker Initiated GC) [PSYoungGen: 145118K->32617K(178176K)] 607054K->494817K(702464K), 0.0145081 secs] [Times: user=0.15 sys=0.00, real=0.02 secs] 
2016-09-13T19:54:54.405-0400: 70.963: [GC (GCLocker Initiated GC) [PSYoungGen: 141673K->30999K(181248K)] 610118K->499740K(705536K), 0.0213053 secs] [Times: user=0.21 sys=0.00, real=0.02 secs] 
2016-09-13T19:54:54.599-0400: 71.157: [GC (GCLocker Initiated GC) [PSYoungGen: 140055K->24801K(186368K)] 610521K->502933K(710656K), 0.0151896 secs] [Times: user=0.17 sys=0.00, real=0.01 secs] 
2016-09-13T19:54:54.792-0400: 71.351: [GC (GCLocker Initiated GC) [PSYoungGen: 145121K->23372K(188416K)] 624847K->503287K(712704K), 0.0097849 secs] [Times: user=0.05 sys=0.01, real=0.01 secs] 
2016-09-13T19:54:54.986-0400: 71.545: [GC (GCLocker Initiated GC) [PSYoungGen: 143692K->46319K(192512K)] 625257K->528184K(716800K), 0.0143303 secs] [Times: user=0.15 sys=0.00, real=0.02 secs] 
2016-09-13T19:54:55.192-0400: 71.750: [GC (GCLocker Initiated GC) [PSYoungGen: 172271K->9923K(136192K)] 660519K->498298K(660480K), 0.0052287 secs] [Times: user=0.06 sys=0.00, real=0.01 secs] 
2016-09-13T19:54:55.388-0400: 71.946: [GC (Allocation Failure) [PSYoungGen: 135875K->27961K(196096K)] 624263K->516555K(720384K), 0.0139467 secs] [Times: user=0.12 sys=0.00, real=0.01 secs] 
2016-09-13T19:54:55.587-0400: 72.146: [GC (Allocation Failure) [PSYoungGen: 153462K->32580K(159744K)] 642056K->522889K(684032K), 0.0198448 secs] [Times: user=0.21 sys=0.00, real=0.02 secs] 
2016-09-13T19:54:55.798-0400: 72.356: [GC (Allocation Failure) [PSYoungGen: 159556K->14324K(189952K)] 649865K->504915K(714240K), 0.0076274 secs] [Times: user=0.07 sys=0.00, real=0.00 secs] 
2016-09-13T19:54:55.998-0400: 72.556: [GC (GCLocker Initiated GC) [PSYoungGen: 141300K->14259K(189952K)] 631893K->505108K(714240K), 0.0098311 secs] [Times: user=0.08 sys=0.00, real=0.01 secs] 
2016-09-13T19:54:56.230-0400: 72.789: [GC (GCLocker Initiated GC) [PSYoungGen: 141235K->49288K(190976K)] 632237K->540515K(715264K), 0.0100260 secs] [Times: user=0.09 sys=0.00, real=0.01 secs] 
2016-09-13T19:54:56.421-0400: 72.979: [GC (GCLocker Initiated GC) [PSYoungGen: 178312K->34099K(195584K)] 669564K->531624K(719872K), 0.0180387 secs] [Times: user=0.21 sys=0.00, real=0.02 secs] 
2016-09-13T19:54:56.626-0400: 73.185: [GC (GCLocker Initiated GC) [PSYoungGen: 163123K->28270K(187392K)] 662172K->539667K(711680K), 0.0071618 secs] [Times: user=0.09 sys=0.00, real=0.01 secs] 
2016-09-13T19:54:56.849-0400: 73.408: [Full GC (Ergonomics) [PSYoungGen: 159342K->0K(187392K)] [ParOldGen: 517491K->32433K(524288K)] 676833K->32433K(711680K), [Metaspace: 44470K->44470K(1087488K)], 0.0778515 secs] [Times: user=0.57 sys=0.00, real=0.07 secs] 
2016-09-13T19:54:57.106-0400: 73.664: [GC (GCLocker Initiated GC) [PSYoungGen: 131072K->58526K(192512K)] 172671K->112276K(716800K), 0.0103032 secs] [Times: user=0.08 sys=0.00, real=0.02 secs] 
2016-09-13T19:54:57.285-0400: 73.844: [GC (GCLocker Initiated GC) [PSYoungGen: 189598K->24892K(195584K)] 249534K->106533K(719872K), 0.0239282 secs] [Times: user=0.24 sys=0.00, real=0.03 secs] 
2016-09-13T19:54:57.490-0400: 74.049: [GC (GCLocker Initiated GC) [PSYoungGen: 151868K->46254K(193536K)] 241180K->135729K(717824K), 0.0061400 secs] [Times: user=0.05 sys=0.00, real=0.01 secs] 
2016-09-13T19:54:57.704-0400: 74.262: [GC (GCLocker Initiated GC) [PSYoungGen: 173230K->46249K(190976K)] 268965K->142111K(715264K), 0.0257821 secs] [Times: user=0.26 sys=0.00, real=0.03 secs] 
2016-09-13T19:54:57.922-0400: 74.480: [GC (GCLocker Initiated GC) [PSYoungGen: 169129K->30967K(154112K)] 271083K->137736K(678400K), 0.0096687 secs] [Times: user=0.10 sys=0.00, real=0.01 secs] 
2016-09-13T19:54:58.102-0400: 74.660: [GC (GCLocker Initiated GC) [PSYoungGen: 153847K->47805K(188928K)] 260893K->165638K(713216K), 0.0150018 secs] [Times: user=0.14 sys=0.00, real=0.02 secs] 
2016-09-13T19:54:58.306-0400: 74.864: [GC (GCLocker Initiated GC) [PSYoungGen: 170173K->47924K(190976K)] 289547K->172052K(715264K), 0.0313204 secs] [Times: user=0.35 sys=0.01, real=0.04 secs] 
2016-09-13T19:54:58.531-0400: 75.090: [GC (GCLocker Initiated GC) [PSYoungGen: 170292K->67731K(176128K)] 294627K->201366K(700416K), 0.0078750 secs] [Times: user=0.09 sys=0.01, real=0.01 secs] 
2016-09-13T19:54:58.709-0400: 75.268: [GC (Allocation Failure) [PSYoungGen: 174227K->46319K(184320K)] 314175K->186559K(708608K), 0.0115396 secs] [Times: user=0.14 sys=0.00, real=0.01 secs] 
2016-09-13T19:54:58.878-0400: 75.436: [GC (GCLocker Initiated GC) [PSYoungGen: 152657K->46504K(179712K)] 294415K->188579K(704000K), 0.0154125 secs] [Times: user=0.18 sys=0.00, real=0.01 secs] 
2016-09-13T19:54:59.057-0400: 75.616: [GC (Allocation Failure) [PSYoungGen: 154536K->28094K(182784K)] 303100K->176800K(707072K), 0.0133852 secs] [Times: user=0.15 sys=0.01, real=0.01 secs] 
2016-09-13T19:54:59.244-0400: 75.802: [GC (GCLocker Initiated GC) [PSYoungGen: 134355K->14424K(186368K)] 289136K->169399K(710656K), 0.0055293 secs] [Times: user=0.06 sys=0.00, real=0.01 secs] 
2016-09-13T19:54:59.413-0400: 75.972: [GC (GCLocker Initiated GC) [PSYoungGen: 127064K->28242K(141312K)] 282291K->183731K(665600K), 0.0076961 secs] [Times: user=0.10 sys=0.00, real=0.01 secs] 
2016-09-13T19:54:59.629-0400: 76.187: [GC (GCLocker Initiated GC) [PSYoungGen: 140882K->41443K(188416K)] 296687K->202096K(712704K), 0.0167911 secs] [Times: user=0.15 sys=0.00, real=0.01 secs] 
2016-09-13T19:54:59.818-0400: 76.376: [GC (GCLocker Initiated GC) [PSYoungGen: 157155K->44666K(186368K)] 317961K->205611K(710656K), 0.0300403 secs] [Times: user=0.33 sys=0.00, real=0.03 secs] 
2016-09-13T19:55:00.012-0400: 76.571: [GC (GCLocker Initiated GC) [PSYoungGen: 160378K->44698K(189440K)] 327631K->212234K(713728K), 0.0333158 secs] [Times: user=0.34 sys=0.00, real=0.03 secs] 
2016-09-13T19:55:00.212-0400: 76.770: [GC (GCLocker Initiated GC) [PSYoungGen: 163994K->44953K(188928K)] 331621K->212847K(713216K), 0.0063727 secs] [Times: user=0.05 sys=0.00, real=0.01 secs] 
2016-09-13T19:55:00.400-0400: 76.958: [GC (GCLocker Initiated GC) [PSYoungGen: 164249K->46249K(192000K)] 333767K->216040K(716288K), 0.0100718 secs] [Times: user=0.10 sys=0.00, real=0.01 secs] 
2016-09-13T19:55:00.596-0400: 77.155: [GC (GCLocker Initiated GC) [PSYoungGen: 169129K->27897K(191488K)] 340648K->199633K(715776K), 0.0101099 secs] [Times: user=0.12 sys=0.00, real=0.00 secs] 
2016-09-13T19:55:00.775-0400: 77.333: [GC (Allocation Failure) [PSYoungGen: 150777K->32762K(192000K)] 322691K->204740K(716288K), 0.0182694 secs] [Times: user=0.23 sys=0.00, real=0.02 secs] 
2016-09-13T19:55:00.983-0400: 77.542: [GC (GCLocker Initiated GC) [PSYoungGen: 158714K->34105K(192000K)] 330695K->206386K(716288K), 0.0080436 secs] [Times: user=0.10 sys=0.00, real=0.01 secs] 
2016-09-13T19:55:01.186-0400: 77.744: [GC (GCLocker Initiated GC) [PSYoungGen: 160057K->23713K(194560K)] 333962K->197730K(718848K), 0.0046961 secs] [Times: user=0.05 sys=0.00, real=0.01 secs] 
2016-09-13T19:55:01.404-0400: 77.963: [GC (Allocation Failure) [PSYoungGen: 154273K->14291K(194048K)] 334390K->194743K(718336K), 0.0206966 secs] [Times: user=0.21 sys=0.00, real=0.02 secs] 
2016-09-13T19:55:01.426-0400: 77.984: [GC (GCLocker Initiated GC) [PSYoungGen: 14633K->64K(191488K)] 195085K->199191K(715776K), 0.0074685 secs] [Times: user=0.08 sys=0.00, real=0.01 secs] 
2016-09-13T19:55:01.625-0400: 78.183: [GC (GCLocker Initiated GC) [PSYoungGen: 127040K->64703K(192000K)] 326171K->269909K(716288K), 0.0328813 secs] [Times: user=0.39 sys=0.00, real=0.04 secs] 
2016-09-13T19:55:01.853-0400: 78.411: [GC (GCLocker Initiated GC) [PSYoungGen: 191679K->29703K(186880K)] 409172K->290295K(711168K), 0.0095838 secs] [Times: user=0.12 sys=0.00, real=0.01 secs] 
2016-09-13T19:55:02.042-0400: 78.600: [GC (Allocation Failure) [PSYoungGen: 146439K->23692K(189440K)] 408722K->293960K(713728K), 0.0061387 secs] [Times: user=0.08 sys=0.00, real=0.01 secs] 
2016-09-13T19:55:02.224-0400: 78.782: [GC (GCLocker Initiated GC) [PSYoungGen: 140428K->46413K(188416K)] 410696K->316832K(712704K), 0.0071150 secs] [Times: user=0.08 sys=0.00, real=0.01 secs] 
2016-09-13T19:55:02.415-0400: 78.973: [GC (GCLocker Initiated GC) [PSYoungGen: 164173K->53807K(172032K)] 434625K->324323K(696320K), 0.0100213 secs] [Times: user=0.08 sys=0.00, real=0.01 secs] 
2016-09-13T19:55:02.613-0400: 79.171: [GC (GCLocker Initiated GC) [PSYoungGen: 171567K->40142K(188928K)] 442197K->317060K(713216K), 0.0234150 secs] [Times: user=0.23 sys=0.00, real=0.03 secs] 
2016-09-13T19:55:02.800-0400: 79.359: [GC (GCLocker Initiated GC) [PSYoungGen: 153294K->28243K(141824K)] 430219K->305401K(666112K), 0.0089107 secs] [Times: user=0.12 sys=0.00, real=0.01 secs] 
2016-09-13T19:55:02.951-0400: 79.509: [GC (GCLocker Initiated GC) [PSYoungGen: 141395K->62866K(177152K)] 418576K->340261K(701440K), 0.0069190 secs] [Times: user=0.06 sys=0.00, real=0.01 secs] 
2016-09-13T19:55:03.109-0400: 79.667: [GC (GCLocker Initiated GC) [PSYoungGen: 169362K->63061K(169984K)] 446779K->364965K(694272K), 0.0126037 secs] [Times: user=0.16 sys=0.00, real=0.01 secs] 
2016-09-13T19:55:03.295-0400: 79.854: [GC (Allocation Failure) [PSYoungGen: 169557K->35619K(182784K)] 477561K->343837K(707072K), 0.0268736 secs] [Times: user=0.30 sys=0.00, real=0.03 secs] 
2016-09-13T19:55:03.476-0400: 80.034: [GC (Allocation Failure) [PSYoungGen: 135459K->44730K(144896K)] 443677K->360689K(669184K), 0.0098241 secs] [Times: user=0.06 sys=0.00, real=0.00 secs] 
2016-09-13T19:55:03.642-0400: 80.201: [GC (GCLocker Initiated GC) [PSYoungGen: 144570K->25083K(178176K)] 460531K->341336K(702464K), 0.0243748 secs] [Times: user=0.26 sys=0.00, real=0.02 secs] 
2016-09-13T19:55:03.820-0400: 80.378: [GC (GCLocker Initiated GC) [PSYoungGen: 125947K->35470K(177152K)] 448296K->358111K(701440K), 0.0053860 secs] [Times: user=0.06 sys=0.00, real=0.00 secs] 
2016-09-13T19:55:03.993-0400: 80.551: [GC (Allocation Failure) [PSYoungGen: 136334K->5153K(179712K)] 468313K->344830K(704000K), 0.0098717 secs] [Times: user=0.11 sys=0.00, real=0.01 secs] 
2016-09-13T19:55:04.144-0400: 80.703: [GC (GCLocker Initiated GC) [PSYoungGen: 110813K->28147K(181760K)] 452009K->369548K(706048K), 0.0077713 secs] [Times: user=0.08 sys=0.00, real=0.01 secs] 
2016-09-13T19:55:04.305-0400: 80.864: [GC (GCLocker Initiated GC) [PSYoungGen: 134643K->62833K(176128K)] 476259K->404571K(700416K), 0.0317954 secs] [Times: user=0.28 sys=0.00, real=0.04 secs] 
2016-09-13T19:55:04.500-0400: 81.058: [GC (GCLocker Initiated GC) [PSYoungGen: 166257K->26505K(182784K)] 520200K->380599K(707072K), 0.0447916 secs] [Times: user=0.45 sys=0.00, real=0.04 secs] 
2016-09-13T19:55:04.686-0400: 81.245: [GC (GCLocker Initiated GC) [PSYoungGen: 129929K->50747K(182784K)] 484105K->405182K(707072K), 0.0341300 secs] [Times: user=0.36 sys=0.00, real=0.04 secs] 
2016-09-13T19:55:04.856-0400: 81.414: [GC (GCLocker Initiated GC) [PSYoungGen: 156219K->25108K(131072K)] 518426K->398188K(655360K), 0.0127327 secs] [Times: user=0.11 sys=0.01, real=0.02 secs] 
2016-09-13T19:55:05.051-0400: 81.610: [GC (Allocation Failure) [PSYoungGen: 130580K->5116K(181248K)] 516003K->390791K(705536K), 0.0039612 secs] [Times: user=0.04 sys=0.00, real=0.00 secs] 
2016-09-13T19:55:05.208-0400: 81.766: [GC (GCLocker Initiated GC) [PSYoungGen: 108624K->26446K(182784K)] 495817K->413778K(707072K), 0.0141531 secs] [Times: user=0.14 sys=0.00, real=0.01 secs] 
2016-09-13T19:55:05.399-0400: 81.957: [GC (GCLocker Initiated GC) [PSYoungGen: 131406K->23309K(180736K)] 518967K->411004K(705024K), 0.0100019 secs] [Times: user=0.08 sys=0.00, real=0.01 secs] 
2016-09-13T19:55:05.560-0400: 82.118: [GC (GCLocker Initiated GC) [PSYoungGen: 132877K->41475K(181760K)] 522436K->431165K(706048K), 0.0251610 secs] [Times: user=0.28 sys=0.00, real=0.02 secs] 
2016-09-13T19:55:05.722-0400: 82.280: [GC (Allocation Failure) [PSYoungGen: 151043K->49447K(186368K)] 540806K->439372K(710656K), 0.0226851 secs] [Times: user=0.32 sys=0.00, real=0.02 secs] 
2016-09-13T19:55:05.914-0400: 82.473: [GC (GCLocker Initiated GC) [PSYoungGen: 164135K->28001K(142848K)] 554063K->424339K(667136K), 0.0153745 secs] [Times: user=0.15 sys=0.00, real=0.02 secs] 
2016-09-13T19:55:06.103-0400: 82.661: [GC (GCLocker Initiated GC) [PSYoungGen: 142689K->27961K(190464K)] 540607K->426168K(714752K), 0.0294764 secs] [Times: user=0.31 sys=0.00, real=0.03 secs] 
2016-09-13T19:55:06.307-0400: 82.865: [GC (Allocation Failure) [PSYoungGen: 147257K->34381K(187904K)] 547128K->439053K(712192K), 0.0109472 secs] [Times: user=0.12 sys=0.01, real=0.02 secs] 
2016-09-13T19:55:06.495-0400: 83.053: [GC (GCLocker Initiated GC) [PSYoungGen: 152150K->43217K(187392K)] 562897K->460410K(711680K), 0.0162255 secs] [Times: user=0.18 sys=0.00, real=0.02 secs] 
2016-09-13T19:55:06.688-0400: 83.247: [GC (GCLocker Initiated GC) [PSYoungGen: 165073K->46186K(187904K)] 582447K->463714K(712192K), 0.0097583 secs] [Times: user=0.09 sys=0.00, real=0.01 secs] 
2016-09-13T19:55:06.890-0400: 83.448: [GC (GCLocker Initiated GC) [PSYoungGen: 168042K->61659K(181760K)] 587394K->481255K(706048K), 0.0128626 secs] [Times: user=0.14 sys=0.00, real=0.01 secs] 
2016-09-13T19:55:07.090-0400: 83.649: [GC (GCLocker Initiated GC) [PSYoungGen: 176347K->49446K(164352K)] 596077K->469468K(688640K), 0.0184880 secs] [Times: user=0.22 sys=0.02, real=0.02 secs] 
2016-09-13T19:55:07.294-0400: 83.853: [GC (Allocation Failure) [PSYoungGen: 164134K->49196K(186880K)] 584295K->469493K(711168K), 0.0068330 secs] [Times: user=0.05 sys=0.00, real=0.01 secs] 
2016-09-13T19:55:07.477-0400: 84.035: [GC (GCLocker Initiated GC) [PSYoungGen: 160941K->24828K(137728K)] 587312K->454423K(662016K), 0.0239110 secs] [Times: user=0.22 sys=0.00, real=0.02 secs] 
2016-09-13T19:55:07.653-0400: 84.211: [GC (GCLocker Initiated GC) [PSYoungGen: 137468K->50870K(185856K)] 567160K->480826K(710144K), 0.0069205 secs] [Times: user=0.07 sys=0.00, real=0.01 secs] 
2016-09-13T19:55:07.847-0400: 84.405: [GC (GCLocker Initiated GC) [PSYoungGen: 162998K->46224K(186880K)] 593139K->478050K(711168K), 0.0093710 secs] [Times: user=0.09 sys=0.00, real=0.02 secs] 
2016-09-13T19:55:08.020-0400: 84.578: [GC (Allocation Failure) [PSYoungGen: 158352K->32517K(183296K)] 590212K->464449K(707584K), 0.0052364 secs] [Times: user=0.05 sys=0.00, real=0.00 secs] 
2016-09-13T19:55:08.202-0400: 84.761: [GC (GCLocker Initiated GC) [PSYoungGen: 146181K->43174K(185344K)] 578114K->478333K(709632K), 0.0186418 secs] [Times: user=0.18 sys=0.00, real=0.02 secs] 
2016-09-13T19:55:08.389-0400: 84.947: [GC (GCLocker Initiated GC) [PSYoungGen: 156838K->27865K(189440K)] 592128K->463423K(713728K), 0.0117741 secs] [Times: user=0.12 sys=0.00, real=0.01 secs] 
2016-09-13T19:55:08.553-0400: 85.111: [GC (GCLocker Initiated GC) [PSYoungGen: 148697K->23377K(189952K)] 587454K->466935K(714240K), 0.0123892 secs] [Times: user=0.12 sys=0.00, real=0.01 secs] 
2016-09-13T19:55:08.760-0400: 85.318: [GC (GCLocker Initiated GC) [PSYoungGen: 144209K->44545K(192000K)] 587956K->488434K(716288K), 0.0077462 secs] [Times: user=0.05 sys=0.00, real=0.01 secs] 
2016-09-13T19:55:08.983-0400: 85.542: [GC (GCLocker Initiated GC) [PSYoungGen: 168961K->20495K(192512K)] 612870K->464492K(716800K), 0.0311152 secs] [Times: user=0.36 sys=0.00, real=0.03 secs] 
2016-09-13T19:55:09.178-0400: 85.736: [GC (GCLocker Initiated GC) [PSYoungGen: 144911K->35564K(187904K)] 590449K->490457K(712192K), 0.0111603 secs] [Times: user=0.12 sys=0.00, real=0.01 secs] 
2016-09-13T19:55:09.373-0400: 85.932: [GC (GCLocker Initiated GC) [PSYoungGen: 161516K->46307K(190976K)] 618031K->504468K(715264K), 0.0154472 secs] [Times: user=0.13 sys=0.00, real=0.02 secs] 
2016-09-13T19:55:09.579-0400: 86.137: [GC (GCLocker Initiated GC) [PSYoungGen: 172259K->34106K(193024K)] 630567K->492835K(717312K), 0.0236956 secs] [Times: user=0.28 sys=0.00, real=0.02 secs] 
2016-09-13T19:55:09.797-0400: 86.356: [GC (GCLocker Initiated GC) [PSYoungGen: 165178K->28020K(194560K)] 625451K->491443K(718848K), 0.0199982 secs] [Times: user=0.25 sys=0.00, real=0.02 secs] 
2016-09-13T19:55:10.009-0400: 86.568: [GC (GCLocker Initiated GC) [PSYoungGen: 159092K->41730K(197120K)] 622540K->509965K(721408K), 0.0225129 secs] [Times: user=0.29 sys=0.00, real=0.02 secs] 
2016-09-13T19:55:10.249-0400: 86.807: [GC (GCLocker Initiated GC) [PSYoungGen: 177922K->8440K(144896K)] 658317K->502679K(669184K), 0.0109327 secs] [Times: user=0.10 sys=0.00, real=0.01 secs] 
2016-09-13T19:55:10.457-0400: 87.016: [GC (GCLocker Initiated GC) [PSYoungGen: 144632K->43206K(197632K)] 640470K->539182K(721920K), 0.0184828 secs] [Times: user=0.13 sys=0.00, real=0.02 secs] 
2016-09-13T19:55:10.684-0400: 87.242: [GC (Allocation Failure) [PSYoungGen: 176326K->41570K(197632K)] 672405K->537909K(721920K), 0.0287969 secs] [Times: user=0.28 sys=0.00, real=0.03 secs] 
2016-09-13T19:55:10.899-0400: 87.458: [GC (GCLocker Initiated GC) [PSYoungGen: 174690K->31031K(192512K)] 671034K->527510K(716800K), 0.0290843 secs] [Times: user=0.34 sys=0.00, real=0.03 secs] 
2016-09-13T19:55:11.110-0400: 87.668: [GC (GCLocker Initiated GC) [PSYoungGen: 164151K->28087K(195072K)] 660661K->524678K(719360K), 0.0134342 secs] [Times: user=0.15 sys=0.01, real=0.01 secs] 
2016-09-13T19:55:11.305-0400: 87.863: [GC (GCLocker Initiated GC) [PSYoungGen: 161207K->50875K(194560K)] 658057K->547911K(718848K), 0.0153768 secs] [Times: user=0.15 sys=0.00, real=0.02 secs] 
2016-09-13T19:55:11.523-0400: 88.082: [GC (GCLocker Initiated GC) [PSYoungGen: 185019K->50838K(185344K)] 682081K->548054K(709632K), 0.0226160 secs] [Times: user=0.26 sys=0.00, real=0.02 secs] 
2016-09-13T19:55:11.747-0400: 88.306: [GC (Allocation Failure) [PSYoungGen: 184982K->14328K(193024K)] 682237K->513378K(717312K), 0.0040317 secs] [Times: user=0.03 sys=0.01, real=0.01 secs] 
2016-09-13T19:55:11.940-0400: 88.499: [GC (GCLocker Initiated GC) [PSYoungGen: 137206K->24859K(151040K)] 642332K->537779K(675328K), 0.0208279 secs] [Times: user=0.20 sys=0.00, real=0.02 secs] 
2016-09-13T19:55:12.153-0400: 88.712: [GC (GCLocker Initiated GC) [PSYoungGen: 150811K->44635K(193024K)] 663829K->557855K(717312K), 0.0101867 secs] [Times: user=0.09 sys=0.01, real=0.01 secs] 
2016-09-13T19:55:12.357-0400: 88.916: [GC (Allocation Failure) [PSYoungGen: 171099K->41506K(193536K)] 684507K->555154K(717824K), 0.0356992 secs] [Times: user=0.39 sys=0.00, real=0.03 secs] 
2016-09-13T19:55:12.549-0400: 89.108: [GC (GCLocker Initiated GC) [PSYoungGen: 167970K->35591K(190464K)] 681620K->549534K(714752K), 0.0066282 secs] [Times: user=0.06 sys=0.00, real=0.01 secs] 
2016-09-13T19:55:12.764-0400: 89.322: [GC (GCLocker Initiated GC) [PSYoungGen: 164615K->28078K(192512K)] 678564K->542115K(716800K), 0.0117611 secs] [Times: user=0.10 sys=0.00, real=0.02 secs] 
2016-09-13T19:55:12.985-0400: 89.543: [Full GC (Ergonomics) [PSYoungGen: 157102K->0K(192512K)] [ParOldGen: 515572K->28574K(524288K)] 672675K->28574K(716800K), [Metaspace: 44515K->44515K(1087488K)], 0.0615065 secs] [Times: user=0.35 sys=0.01, real=0.06 secs] 
2016-09-13T19:55:13.233-0400: 89.792: [GC (GCLocker Initiated GC) [PSYoungGen: 129024K->49734K(195072K)] 159325K->80035K(719360K), 0.0096500 secs] [Times: user=0.09 sys=0.00, real=0.01 secs] 
2016-09-13T19:55:13.412-0400: 89.971: [GC (GCLocker Initiated GC) [PSYoungGen: 182854K->32490K(197632K)] 214690K->68028K(721920K), 0.0067485 secs] [Times: user=0.06 sys=0.00, real=0.01 secs] 
2016-09-13T19:55:13.633-0400: 90.191: [GC (Allocation Failure) [PSYoungGen: 165610K->31056K(194048K)] 201350K->74560K(718336K), 0.0135403 secs] [Times: user=0.18 sys=0.00, real=0.01 secs] 
2016-09-13T19:55:13.860-0400: 90.418: [GC (GCLocker Initiated GC) [PSYoungGen: 166224K->40169K(196096K)] 209728K->86963K(720384K), 0.0251069 secs] [Times: user=0.18 sys=0.00, real=0.02 secs] 
2016-09-13T19:55:14.093-0400: 90.652: [GC (Allocation Failure) [PSYoungGen: 175337K->5025K(196096K)] 234288K->64119K(720384K), 0.0123552 secs] [Times: user=0.15 sys=0.01, real=0.01 secs] 
2016-09-13T19:55:14.307-0400: 90.865: [GC (GCLocker Initiated GC) [PSYoungGen: 140473K->28115K(199168K)] 201086K->88874K(723456K), 0.0108104 secs] [Times: user=0.09 sys=0.01, real=0.02 secs] 
2016-09-13T19:55:14.552-0400: 91.110: [GC (GCLocker Initiated GC) [PSYoungGen: 164307K->14538K(198144K)] 237239K->87703K(722432K), 0.0089168 secs] [Times: user=0.09 sys=0.00, real=0.01 secs] 
2016-09-13T19:55:14.798-0400: 91.357: [GC (Allocation Failure) [PSYoungGen: 152778K->11450K(199168K)] 227516K->87795K(723456K), 0.0105941 secs] [Times: user=0.13 sys=0.00, real=0.01 secs] 
2016-09-13T19:55:15.000-0400: 91.559: [GC (GCLocker Initiated GC) [PSYoungGen: 149690K->19040K(198656K)] 226042K->103227K(722944K), 0.0064277 secs] [Times: user=0.07 sys=0.00, real=0.00 secs] 
2016-09-13T19:55:15.213-0400: 91.771: [GC (Allocation Failure) [PSYoungGen: 158816K->29511K(199680K)] 243142K->114031K(723968K), 0.0166393 secs] [Times: user=0.14 sys=0.00, real=0.02 secs] 
2016-09-13T19:55:15.451-0400: 92.010: [GC (GCLocker Initiated GC) [PSYoungGen: 169287K->55431K(190464K)] 253813K->146253K(714752K), 0.0121259 secs] [Times: user=0.12 sys=0.00, real=0.01 secs] 
2016-09-13T19:55:15.679-0400: 92.237: [GC (GCLocker Initiated GC) [PSYoungGen: 188551K->46346K(179712K)] 279658K->137703K(704000K), 0.0246539 secs] [Times: user=0.32 sys=0.00, real=0.02 secs] 
2016-09-13T19:55:15.887-0400: 92.446: [GC (Allocation Failure) [PSYoungGen: 179466K->28178K(198144K)] 277007K->125917K(722432K), 0.0053329 secs] [Times: user=0.05 sys=0.00, real=0.01 secs] 
2016-09-13T19:55:16.087-0400: 92.646: [GC (GCLocker Initiated GC) [PSYoungGen: 157320K->32714K(163840K)] 261134K->136753K(688128K), 0.0139864 secs] [Times: user=0.16 sys=0.00, real=0.02 secs] 
2016-09-13T19:55:16.314-0400: 92.873: [GC (GCLocker Initiated GC) [PSYoungGen: 163786K->49069K(189440K)] 269418K->156398K(713728K), 0.0275026 secs] [Times: user=0.24 sys=0.00, real=0.03 secs] 
2016-09-13T19:55:16.528-0400: 93.086: [GC (Allocation Failure) [PSYoungGen: 177069K->19040K(192512K)] 284423K->126548K(716800K), 0.0096073 secs] [Times: user=0.10 sys=0.01, real=0.01 secs] 
2016-09-13T19:55:16.729-0400: 93.288: [GC (GCLocker Initiated GC) [PSYoungGen: 143413K->11452K(197120K)] 256996K->138969K(721408K), 0.0334769 secs] [Times: user=0.36 sys=0.00, real=0.03 secs] 
2016-09-13T19:55:16.939-0400: 93.497: [GC (GCLocker Initiated GC) [PSYoungGen: 144572K->47864K(181248K)] 272235K->175665K(705536K), 0.0132019 secs] [Times: user=0.12 sys=0.01, real=0.01 secs] 
2016-09-13T19:55:17.197-0400: 93.756: [GC (GCLocker Initiated GC) [PSYoungGen: 180984K->40116K(195072K)] 308872K->174238K(719360K), 0.0139118 secs] [Times: user=0.14 sys=0.00, real=0.01 secs] 
2016-09-13T19:55:17.404-0400: 93.963: [GC (Allocation Failure) [PSYoungGen: 167604K->23808K(151552K)] 309546K->165920K(675840K), 0.0121756 secs] [Times: user=0.15 sys=0.00, real=0.02 secs] 
2016-09-13T19:55:17.611-0400: 94.169: [GC (GCLocker Initiated GC) [PSYoungGen: 149341K->30935K(195584K)] 297528K->179323K(719872K), 0.0300860 secs] [Times: user=0.39 sys=0.01, real=0.03 secs] 
2016-09-13T19:55:17.865-0400: 94.423: [GC (GCLocker Initiated GC) [PSYoungGen: 161495K->28119K(192512K)] 322161K->189031K(716800K), 0.0234615 secs] [Times: user=0.24 sys=0.00, real=0.03 secs] 
2016-09-13T19:55:18.068-0400: 94.627: [GC (GCLocker Initiated GC) [PSYoungGen: 158679K->12805K(195072K)] 331916K->186231K(719360K), 0.0138456 secs] [Times: user=0.16 sys=0.00, real=0.01 secs] 
2016-09-13T19:55:18.281-0400: 94.840: [GC (GCLocker Initiated GC) [PSYoungGen: 147973K->41789K(195072K)] 322932K->216845K(719360K), 0.0105719 secs] [Times: user=0.14 sys=0.00, real=0.01 secs] 
2016-09-13T19:55:18.496-0400: 95.055: [GC (GCLocker Initiated GC) [PSYoungGen: 176957K->53972K(189440K)] 358118K->235312K(713728K), 0.0212992 secs] [Times: user=0.27 sys=0.00, real=0.02 secs] 
2016-09-13T19:55:18.702-0400: 95.260: [GC (GCLocker Initiated GC) [PSYoungGen: 181972K->25087K(195072K)] 366558K->222002K(719360K), 0.0071225 secs] [Times: user=0.06 sys=0.00, real=0.01 secs] 
2016-09-13T19:55:18.905-0400: 95.463: [GC (GCLocker Initiated GC) [PSYoungGen: 153087K->46255K(193024K)] 351589K->244943K(717312K), 0.0275722 secs] [Times: user=0.32 sys=0.00, real=0.03 secs] 
2016-09-13T19:55:19.118-0400: 95.676: [GC (GCLocker Initiated GC) [PSYoungGen: 174255K->29638K(157696K)] 373104K->228689K(681984K), 0.0250988 secs] [Times: user=0.27 sys=0.00, real=0.02 secs] 
2016-09-13T19:55:19.312-0400: 95.871: [GC (GCLocker Initiated GC) [PSYoungGen: 157638K->42994K(194048K)] 356714K->242409K(718336K), 0.0321864 secs] [Times: user=0.32 sys=0.00, real=0.03 secs] 
2016-09-13T19:55:19.533-0400: 96.092: [GC (GCLocker Initiated GC) [PSYoungGen: 172530K->23564K(194560K)] 373553K->235322K(718848K), 0.0100406 secs] [Times: user=0.10 sys=0.00, real=0.01 secs] 
2016-09-13T19:55:19.761-0400: 96.319: [GC (GCLocker Initiated GC) [PSYoungGen: 153100K->9708K(195072K)] 368074K->224859K(719360K), 0.0080612 secs] [Times: user=0.07 sys=0.00, real=0.01 secs] 
2016-09-13T19:55:19.996-0400: 96.554: [GC (Allocation Failure) [PSYoungGen: 141292K->8147K(196096K)] 358214K->225189K(720384K), 0.0090289 secs] [Times: user=0.07 sys=0.00, real=0.00 secs] 
2016-09-13T19:55:20.172-0400: 96.731: [GC (Allocation Failure) [PSYoungGen: 139731K->24796K(192000K)] 356773K->243600K(716288K), 0.0113604 secs] [Times: user=0.10 sys=0.00, real=0.01 secs] 
2016-09-13T19:55:20.395-0400: 96.953: [GC (GCLocker Initiated GC) [PSYoungGen: 157404K->19008K(194560K)] 376211K->237970K(718848K), 0.0091445 secs] [Times: user=0.09 sys=0.00, real=0.01 secs] 
2016-09-13T19:55:20.646-0400: 97.204: [GC (GCLocker Initiated GC) [PSYoungGen: 151616K->11191K(198144K)] 384271K->244006K(722432K), 0.0037499 secs] [Times: user=0.02 sys=0.00, real=0.01 secs] 
2016-09-13T19:55:20.857-0400: 97.416: [GC (GCLocker Initiated GC) [PSYoungGen: 150967K->49313K(189440K)] 383882K->286916K(713728K), 0.0338929 secs] [Times: user=0.38 sys=0.00, real=0.03 secs] 
2016-09-13T19:55:21.100-0400: 97.658: [GC (GCLocker Initiated GC) [PSYoungGen: 189089K->44635K(192000K)] 434387K->296225K(716288K), 0.0061232 secs] [Times: user=0.05 sys=0.00, real=0.00 secs] 
2016-09-13T19:55:21.300-0400: 97.858: [GC (GCLocker Initiated GC) [PSYoungGen: 171611K->29674K(156672K)] 429481K->295335K(680960K), 0.0222893 secs] [Times: user=0.23 sys=0.00, real=0.02 secs] 
2016-09-13T19:55:21.547-0400: 98.106: [GC (GCLocker Initiated GC) [PSYoungGen: 156650K->52197K(188928K)] 422536K->318355K(713216K), 0.0175084 secs] [Times: user=0.14 sys=0.00, real=0.02 secs] 
2016-09-13T19:55:21.734-0400: 98.292: [GC (GCLocker Initiated GC) [PSYoungGen: 177125K->44730K(169984K)] 443350K->311121K(694272K), 0.0293685 secs] [Times: user=0.32 sys=0.00, real=0.03 secs] 
2016-09-13T19:55:21.943-0400: 98.501: [GC (GCLocker Initiated GC) [PSYoungGen: 169658K->47799K(188416K)] 436233K->322275K(712704K), 0.0335953 secs] [Times: user=0.37 sys=0.00, real=0.04 secs] 
2016-09-13T19:55:22.129-0400: 98.687: [GC (GCLocker Initiated GC) [PSYoungGen: 166583K->49378K(168448K)] 441075K->324162K(692736K), 0.0144955 secs] [Times: user=0.20 sys=0.00, real=0.01 secs] 
2016-09-13T19:55:22.316-0400: 98.875: [GC (GCLocker Initiated GC) [PSYoungGen: 168162K->47709K(187904K)] 443140K->327397K(712192K), 0.0309056 secs] [Times: user=0.30 sys=0.00, real=0.02 secs] 
2016-09-13T19:55:22.523-0400: 99.082: [GC (GCLocker Initiated GC) [PSYoungGen: 162397K->32804K(147968K)] 449838K->320427K(672256K), 0.0249473 secs] [Times: user=0.28 sys=0.01, real=0.03 secs] 
2016-09-13T19:55:22.713-0400: 99.272: [GC (GCLocker Initiated GC) [PSYoungGen: 147492K->46186K(186368K)] 435137K->333970K(710656K), 0.0135570 secs] [Times: user=0.14 sys=0.00, real=0.01 secs] 
2016-09-13T19:55:22.895-0400: 99.454: [GC (Allocation Failure) [PSYoungGen: 161386K->23595K(186368K)] 461780K->334834K(710656K), 0.0082968 secs] [Times: user=0.09 sys=0.01, real=0.01 secs] 
2016-09-13T19:55:23.086-0400: 99.644: [GC (GCLocker Initiated GC) [PSYoungGen: 135016K->28024K(187904K)] 452330K->345693K(712192K), 0.0133313 secs] [Times: user=0.14 sys=0.00, real=0.02 secs] 
2016-09-13T19:55:23.274-0400: 99.833: [GC (GCLocker Initiated GC) [PSYoungGen: 148856K->44666K(188928K)] 466762K->362710K(713216K), 0.0165736 secs] [Times: user=0.18 sys=0.00, real=0.02 secs] 
2016-09-13T19:55:23.461-0400: 100.019: [GC (GCLocker Initiated GC) [PSYoungGen: 165498K->50778K(189440K)] 483746K->369172K(713728K), 0.0243956 secs] [Times: user=0.25 sys=0.00, real=0.02 secs] 
2016-09-13T19:55:23.671-0400: 100.229: [GC (GCLocker Initiated GC) [PSYoungGen: 171610K->43301K(191488K)] 490266K->362159K(715776K), 0.0260748 secs] [Times: user=0.27 sys=0.00, real=0.03 secs] 
2016-09-13T19:55:23.865-0400: 100.424: [GC (GCLocker Initiated GC) [PSYoungGen: 164133K->46090K(190976K)] 484611K->366703K(715264K), 0.0144787 secs] [Times: user=0.14 sys=0.00, real=0.02 secs] 
2016-09-13T19:55:24.071-0400: 100.630: [GC (Allocation Failure) [PSYoungGen: 168458K->43212K(191488K)] 489263K->364214K(715776K), 0.0107268 secs] [Times: user=0.11 sys=0.01, real=0.01 secs] 
2016-09-13T19:55:24.083-0400: 100.641: [GC (GCLocker Initiated GC) [PSYoungGen: 43224K->32K(186368K)] 364226K->364083K(710656K), 0.0093158 secs] [Times: user=0.07 sys=0.01, real=0.01 secs] 
2016-09-13T19:55:24.258-0400: 100.817: [GC (GCLocker Initiated GC) [PSYoungGen: 114318K->55297K(174592K)] 484445K->425424K(698880K), 0.0103546 secs] [Times: user=0.07 sys=0.00, real=0.01 secs] 
2016-09-13T19:55:24.464-0400: 101.022: [GC (Allocation Failure) [PSYoungGen: 174081K->21949K(187904K)] 551991K->432124K(712192K), 0.0175579 secs] [Times: user=0.15 sys=0.00, real=0.02 secs] 
2016-09-13T19:55:24.666-0400: 101.225: [GC (GCLocker Initiated GC) [PSYoungGen: 134589K->49164K(186880K)] 544779K->464096K(711168K), 0.0148952 secs] [Times: user=0.11 sys=0.01, real=0.02 secs] 
2016-09-13T19:55:24.856-0400: 101.415: [GC (GCLocker Initiated GC) [PSYoungGen: 161804K->14446K(186880K)] 584478K->437184K(711168K), 0.0103010 secs] [Times: user=0.08 sys=0.00, real=0.00 secs] 
2016-09-13T19:55:25.023-0400: 101.582: [GC (GCLocker Initiated GC) [PSYoungGen: 126062K->32576K(144384K)] 548842K->455706K(668672K), 0.0307837 secs] [Times: user=0.36 sys=0.00, real=0.03 secs] 
2016-09-13T19:55:25.215-0400: 101.774: [GC (GCLocker Initiated GC) [PSYoungGen: 144192K->43084K(183808K)] 567358K->467891K(708096K), 0.0130883 secs] [Times: user=0.13 sys=0.00, real=0.02 secs] 
2016-09-13T19:55:25.370-0400: 101.929: [GC (GCLocker Initiated GC) [PSYoungGen: 155212K->28265K(183296K)] 580081K->459443K(707584K), 0.0102047 secs] [Times: user=0.13 sys=0.00, real=0.01 secs] 
2016-09-13T19:55:25.570-0400: 102.128: [GC (Allocation Failure) [PSYoungGen: 140393K->14202K(188416K)] 577659K->451673K(712704K), 0.0068542 secs] [Times: user=0.06 sys=0.00, real=0.01 secs] 
2016-09-13T19:55:25.747-0400: 102.305: [GC (GCLocker Initiated GC) [PSYoungGen: 133498K->43243K(188416K)] 570972K->489933K(712704K), 0.0250604 secs] [Times: user=0.22 sys=0.00, real=0.03 secs] 
2016-09-13T19:55:25.994-0400: 102.552: [GC (Allocation Failure) [PSYoungGen: 162539K->4961K(189952K)] 618367K->460975K(714240K), 0.0102236 secs] [Times: user=0.07 sys=0.00, real=0.01 secs] 
2016-09-13T19:55:26.168-0400: 102.727: [GC (GCLocker Initiated GC) [PSYoungGen: 125793K->46255K(167424K)] 581809K->502433K(691712K), 0.0195483 secs] [Times: user=0.19 sys=0.00, real=0.02 secs] 
2016-09-13T19:55:26.362-0400: 102.920: [GC (GCLocker Initiated GC) [PSYoungGen: 167087K->46285K(186880K)] 623270K->502787K(711168K), 0.0245545 secs] [Times: user=0.26 sys=0.01, real=0.02 secs] 
2016-09-13T19:55:26.531-0400: 103.089: [GC (GCLocker Initiated GC) [PSYoungGen: 160973K->29415K(144384K)] 623572K->492271K(668672K), 0.0142757 secs] [Times: user=0.12 sys=0.00, real=0.01 secs] 
2016-09-13T19:55:26.730-0400: 103.289: [GC (GCLocker Initiated GC) [PSYoungGen: 144103K->44671K(185856K)] 607182K->509341K(710144K), 0.0148762 secs] [Times: user=0.14 sys=0.00, real=0.01 secs] 
2016-09-13T19:55:26.902-0400: 103.460: [GC (GCLocker Initiated GC) [PSYoungGen: 160383K->43213K(186368K)] 626669K->509666K(710656K), 0.0111788 secs] [Times: user=0.11 sys=0.00, real=0.01 secs] 
2016-09-13T19:55:27.116-0400: 103.675: [GC (Allocation Failure) [PSYoungGen: 158925K->26410K(187392K)] 626910K->494526K(711680K), 0.0199480 secs] [Times: user=0.19 sys=0.00, real=0.02 secs] 
2016-09-13T19:55:27.301-0400: 103.860: [GC (GCLocker Initiated GC) [PSYoungGen: 146541K->58558K(179712K)] 616176K->534497K(704000K), 0.0099731 secs] [Times: user=0.10 sys=0.00, real=0.01 secs] 
2016-09-13T19:55:27.500-0400: 104.058: [GC (GCLocker Initiated GC) [PSYoungGen: 179390K->50939K(184832K)] 655477K->527267K(709120K), 0.0134789 secs] [Times: user=0.17 sys=0.01, real=0.01 secs] 
2016-09-13T19:55:27.699-0400: 104.258: [GC (GCLocker Initiated GC) [PSYoungGen: 161531K->40271K(151040K)] 651633K->530607K(675328K), 0.0229020 secs] [Times: user=0.28 sys=0.00, real=0.02 secs] 
2016-09-13T19:55:27.899-0400: 104.458: [GC (GCLocker Initiated GC) [PSYoungGen: 150863K->24987K(185856K)] 648863K->527606K(710144K), 0.0096446 secs] [Times: user=0.09 sys=0.01, real=0.01 secs] 
2016-09-13T19:55:28.085-0400: 104.644: [GC (GCLocker Initiated GC) [PSYoungGen: 138139K->23408K(184832K)] 642336K->527779K(709120K), 0.0134487 secs] [Times: user=0.13 sys=0.01, real=0.02 secs] 
2016-09-13T19:55:28.267-0400: 104.826: [Full GC (Ergonomics) [PSYoungGen: 136560K->0K(184832K)] [ParOldGen: 510688K->38193K(524288K)] 647249K->38193K(709120K), [Metaspace: 44547K->44547K(1087488K)], 0.0665661 secs] [Times: user=0.37 sys=0.00, real=0.07 secs] 
2016-09-13T19:55:28.508-0400: 105.066: [GC (GCLocker Initiated GC) [PSYoungGen: 113152K->70650K(163840K)] 151537K->121225K(688128K), 0.0174832 secs] [Times: user=0.19 sys=0.00, real=0.02 secs] 
2016-09-13T19:55:28.642-0400: 105.201: [GC (GCLocker Initiated GC) [PSYoungGen: 163834K->29579K(177664K)] 215953K->88070K(701952K), 0.0099934 secs] [Times: user=0.10 sys=0.00, real=0.01 secs] 
2016-09-13T19:55:28.770-0400: 105.328: [GC (Allocation Failure) [PSYoungGen: 122763K->31029K(168960K)] 181349K->97402K(693248K), 0.0393042 secs] [Times: user=0.34 sys=0.00, real=0.04 secs] 
2016-09-13T19:55:28.940-0400: 105.498: [GC (GCLocker Initiated GC) [PSYoungGen: 126773K->31158K(174592K)] 193146K->106972K(698880K), 0.0064602 secs] [Times: user=0.07 sys=0.00, real=0.00 secs] 
2016-09-13T19:55:29.107-0400: 105.666: [GC (GCLocker Initiated GC) [PSYoungGen: 126902K->28152K(176640K)] 214932K->116482K(700928K), 0.0049524 secs] [Times: user=0.04 sys=0.01, real=0.01 secs] 
2016-09-13T19:55:29.265-0400: 105.824: [GC (Allocation Failure) [PSYoungGen: 135160K->41917K(181248K)] 223699K->130748K(705536K), 0.0061961 secs] [Times: user=0.06 sys=0.00, real=0.01 secs] 
2016-09-13T19:55:29.438-0400: 105.996: [GC (GCLocker Initiated GC) [PSYoungGen: 148925K->37301K(178688K)] 237758K->126309K(702976K), 0.0077743 secs] [Times: user=0.09 sys=0.00, real=0.00 secs] 
2016-09-13T19:55:29.621-0400: 106.180: [GC (GCLocker Initiated GC) [PSYoungGen: 153013K->29612K(184320K)] 242285K->119102K(708608K), 0.0095952 secs] [Times: user=0.11 sys=0.00, real=0.01 secs] 
2016-09-13T19:55:29.820-0400: 106.378: [GC (GCLocker Initiated GC) [PSYoungGen: 145324K->14474K(193024K)] 241201K->110533K(717312K), 0.0136626 secs] [Times: user=0.15 sys=0.00, real=0.01 secs] 
2016-09-13T19:55:30.040-0400: 106.598: [GC (Allocation Failure) [PSYoungGen: 140938K->38761K(194048K)] 237030K->135125K(718336K), 0.0071200 secs] [Times: user=0.08 sys=0.00, real=0.00 secs] 
2016-09-13T19:55:30.233-0400: 106.792: [GC (GCLocker Initiated GC) [PSYoungGen: 163812K->28019K(190976K)] 261695K->127579K(715264K), 0.0155823 secs] [Times: user=0.10 sys=0.01, real=0.02 secs] 
2016-09-13T19:55:30.436-0400: 106.995: [GC (GCLocker Initiated GC) [PSYoungGen: 156531K->27960K(192512K)] 256150K->127906K(716800K), 0.0043496 secs] [Times: user=0.03 sys=0.00, real=0.00 secs] 
2016-09-13T19:55:30.658-0400: 107.216: [GC (Allocation Failure) [PSYoungGen: 156472K->56790K(188416K)] 256504K->159986K(712704K), 0.0092904 secs] [Times: user=0.07 sys=0.01, real=0.00 secs] 
2016-09-13T19:55:30.846-0400: 107.405: [GC (GCLocker Initiated GC) [PSYoungGen: 179189K->51087K(177152K)] 288461K->160553K(701440K), 0.0097757 secs] [Times: user=0.08 sys=0.00, real=0.02 secs] 
2016-09-13T19:55:31.055-0400: 107.613: [GC (GCLocker Initiated GC) [PSYoungGen: 177039K->11355K(189440K)] 298858K->133450K(713728K), 0.0261097 secs] [Times: user=0.27 sys=0.00, real=0.03 secs] 
2016-09-13T19:55:31.270-0400: 107.829: [GC (GCLocker Initiated GC) [PSYoungGen: 130139K->64481K(183296K)] 252324K->186863K(707584K), 0.0091855 secs] [Times: user=0.11 sys=0.00, real=0.01 secs] 
2016-09-13T19:55:31.458-0400: 108.016: [GC (GCLocker Initiated GC) [PSYoungGen: 183265K->24891K(185344K)] 311764K->153520K(709632K), 0.0151481 secs] [Times: user=0.17 sys=0.00, real=0.01 secs] 
2016-09-13T19:55:31.663-0400: 108.222: [GC (GCLocker Initiated GC) [PSYoungGen: 131387K->6820K(183296K)] 267791K->148089K(707584K), 0.0195966 secs] [Times: user=0.17 sys=0.00, real=0.02 secs] 
2016-09-13T19:55:31.843-0400: 108.401: [GC (GCLocker Initiated GC) [PSYoungGen: 113316K->35555K(179200K)] 254618K->177032K(703488K), 0.0245049 secs] [Times: user=0.30 sys=0.00, real=0.02 secs] 
2016-09-13T19:55:32.030-0400: 108.588: [GC (GCLocker Initiated GC) [PSYoungGen: 143075K->23680K(181760K)] 292150K->178943K(706048K), 0.0101127 secs] [Times: user=0.09 sys=0.00, real=0.01 secs] 
2016-09-13T19:55:32.187-0400: 108.745: [GC (GCLocker Initiated GC) [PSYoungGen: 131200K->35619K(181248K)] 286561K->191322K(705536K), 0.0079324 secs] [Times: user=0.06 sys=0.00, real=0.01 secs] 
2016-09-13T19:55:32.350-0400: 108.909: [GC (GCLocker Initiated GC) [PSYoungGen: 151331K->6819K(184832K)] 313279K->178101K(709120K), 0.0193095 secs] [Times: user=0.21 sys=0.00, real=0.02 secs] 
2016-09-13T19:55:32.561-0400: 109.120: [GC (Allocation Failure) [PSYoungGen: 122531K->38431K(192000K)] 293995K->210186K(716288K), 0.0079537 secs] [Times: user=0.04 sys=0.01, real=0.01 secs] 
2016-09-13T19:55:32.751-0400: 109.310: [GC (GCLocker Initiated GC) [PSYoungGen: 155513K->24863K(147968K)] 333343K->202937K(672256K), 0.0173262 secs] [Times: user=0.16 sys=0.00, real=0.02 secs] 
2016-09-13T19:55:32.942-0400: 109.501: [GC (GCLocker Initiated GC) [PSYoungGen: 147743K->31130K(194048K)] 325957K->209578K(718336K), 0.0122025 secs] [Times: user=0.14 sys=0.00, real=0.01 secs] 
2016-09-13T19:55:33.141-0400: 109.700: [GC (GCLocker Initiated GC) [PSYoungGen: 158618K->40238K(190464K)] 337191K->219029K(714752K), 0.0116056 secs] [Times: user=0.11 sys=0.01, real=0.01 secs] 
2016-09-13T19:55:33.357-0400: 109.916: [GC (GCLocker Initiated GC) [PSYoungGen: 167726K->46160K(194048K)] 346745K->225428K(718336K), 0.0263076 secs] [Times: user=0.30 sys=0.00, real=0.02 secs] 
2016-09-13T19:55:33.578-0400: 110.136: [GC (GCLocker Initiated GC) [PSYoungGen: 176720K->9703K(140288K)] 362082K->195188K(664576K), 0.0058921 secs] [Times: user=0.04 sys=0.00, real=0.00 secs] 
2016-09-13T19:55:33.786-0400: 110.345: [GC (GCLocker Initiated GC) [PSYoungGen: 140263K->12809K(196096K)] 327289K->204601K(720384K), 0.0314554 secs] [Times: user=0.33 sys=0.00, real=0.04 secs] 
2016-09-13T19:55:34.025-0400: 110.584: [GC (GCLocker Initiated GC) [PSYoungGen: 142345K->46559K(176128K)] 334358K->248012K(700416K), 0.0173839 secs] [Times: user=0.24 sys=0.00, real=0.02 secs] 
2016-09-13T19:55:34.238-0400: 110.797: [GC (Allocation Failure) [PSYoungGen: 176095K->34068K(196096K)] 377624K->235810K(720384K), 0.0093445 secs] [Times: user=0.09 sys=0.01, real=0.00 secs] 
2016-09-13T19:55:34.408-0400: 110.967: [GC (GCLocker Initiated GC) [PSYoungGen: 161556K->29797K(157696K)] 363301K->237803K(681984K), 0.0184717 secs] [Times: user=0.20 sys=0.00, real=0.01 secs] 
2016-09-13T19:55:34.623-0400: 111.181: [GC (GCLocker Initiated GC) [PSYoungGen: 157285K->34200K(192512K)] 366925K->244160K(716800K), 0.0121873 secs] [Times: user=0.11 sys=0.00, real=0.01 secs] 
2016-09-13T19:55:34.851-0400: 111.409: [GC (Allocation Failure) [PSYoungGen: 163736K->6794K(190464K)] 386120K->238516K(714752K), 0.0172875 secs] [Times: user=0.16 sys=0.00, real=0.02 secs] 
2016-09-13T19:55:35.075-0400: 111.634: [GC (GCLocker Initiated GC) [PSYoungGen: 136330K->44608K(195072K)] 368055K->276577K(719360K), 0.0164628 secs] [Times: user=0.13 sys=0.01, real=0.02 secs] 
2016-09-13T19:55:35.270-0400: 111.829: [GC (GCLocker Initiated GC) [PSYoungGen: 177728K->46568K(179712K)] 409735K->278816K(704000K), 0.0227844 secs] [Times: user=0.29 sys=0.00, real=0.02 secs] 
2016-09-13T19:55:35.514-0400: 112.072: [GC (GCLocker Initiated GC) [PSYoungGen: 179688K->28051K(197632K)] 425752K->274524K(721920K), 0.0172262 secs] [Times: user=0.15 sys=0.00, real=0.02 secs] 
2016-09-13T19:55:35.721-0400: 112.279: [GC (GCLocker Initiated GC) [PSYoungGen: 158611K->26510K(157184K)] 411174K->283890K(681472K), 0.0083086 secs] [Times: user=0.09 sys=0.00, real=0.01 secs] 
2016-09-13T19:55:35.967-0400: 112.526: [GC (GCLocker Initiated GC) [PSYoungGen: 157070K->9863K(192000K)] 422069K->275123K(716288K), 0.0202884 secs] [Times: user=0.14 sys=0.00, real=0.03 secs] 
2016-09-13T19:55:36.174-0400: 112.733: [GC (GCLocker Initiated GC) [PSYoungGen: 139911K->44768K(192512K)] 405242K->317891K(716800K), 0.0070850 secs] [Times: user=0.06 sys=0.00, real=0.01 secs] 
2016-09-13T19:55:36.393-0400: 112.951: [GC (GCLocker Initiated GC) [PSYoungGen: 174816K->46128K(192000K)] 449644K->321082K(716288K), 0.0308901 secs] [Times: user=0.30 sys=0.00, real=0.03 secs] 
2016-09-13T19:55:36.604-0400: 113.162: [GC (GCLocker Initiated GC) [PSYoungGen: 173104K->35778K(194560K)] 454192K->316997K(718848K), 0.0099340 secs] [Times: user=0.12 sys=0.00, real=0.01 secs] 
2016-09-13T19:55:36.809-0400: 113.368: [GC (GCLocker Initiated GC) [PSYoungGen: 162754K->9608K(194560K)] 450079K->301691K(718848K), 0.0314736 secs] [Times: user=0.31 sys=0.00, real=0.03 secs] 
2016-09-13T19:55:37.024-0400: 113.582: [GC (GCLocker Initiated GC) [PSYoungGen: 138632K->31223K(160256K)] 431043K->329887K(684544K), 0.0072652 secs] [Times: user=0.07 sys=0.00, real=0.01 secs] 
2016-09-13T19:55:37.230-0400: 113.788: [GC (GCLocker Initiated GC) [PSYoungGen: 160247K->28051K(196608K)] 459083K->327010K(720896K), 0.0167601 secs] [Times: user=0.13 sys=0.00, real=0.01 secs] 
2016-09-13T19:55:37.461-0400: 114.019: [GC (GCLocker Initiated GC) [PSYoungGen: 161683K->43058K(193536K)] 468476K->350052K(717824K), 0.0063487 secs] [Times: user=0.05 sys=0.00, real=0.00 secs] 
2016-09-13T19:55:37.657-0400: 114.215: [GC (GCLocker Initiated GC) [PSYoungGen: 176690K->43116K(198144K)] 483757K->350282K(722432K), 0.0369565 secs] [Times: user=0.38 sys=0.00, real=0.03 secs] 
2016-09-13T19:55:37.884-0400: 114.443: [GC (GCLocker Initiated GC) [PSYoungGen: 179308K->47709K(184320K)] 486680K->359938K(708608K), 0.0218229 secs] [Times: user=0.23 sys=0.00, real=0.02 secs] 
2016-09-13T19:55:38.118-0400: 114.676: [GC (GCLocker Initiated GC) [PSYoungGen: 183901K->52324K(189440K)] 497746K->366217K(713728K), 0.0184484 secs] [Times: user=0.17 sys=0.00, real=0.02 secs] 
2016-09-13T19:55:38.324-0400: 114.882: [GC (GCLocker Initiated GC) [PSYoungGen: 176228K->49191K(173568K)] 490307K->363447K(697856K), 0.0204165 secs] [Times: user=0.20 sys=0.00, real=0.02 secs] 
2016-09-13T19:55:38.511-0400: 115.070: [GC (GCLocker Initiated GC) [PSYoungGen: 173095K->47741K(189952K)] 487432K->362284K(714240K), 0.0135669 secs] [Times: user=0.12 sys=0.00, real=0.01 secs] 
2016-09-13T19:55:38.699-0400: 115.257: [GC (GCLocker Initiated GC) [PSYoungGen: 166525K->46280K(190464K)] 487391K->368957K(714752K), 0.0064334 secs] [Times: user=0.05 sys=0.00, real=0.00 secs] 
2016-09-13T19:55:38.900-0400: 115.458: [GC (GCLocker Initiated GC) [PSYoungGen: 165064K->43148K(187392K)] 495388K->373790K(711680K), 0.0066719 secs] [Times: user=0.05 sys=0.00, real=0.00 secs] 
2016-09-13T19:55:39.112-0400: 115.671: [GC (GCLocker Initiated GC) [PSYoungGen: 162444K->14488K(188928K)] 505250K->357437K(713216K), 0.0252213 secs] [Times: user=0.28 sys=0.00, real=0.03 secs] 
2016-09-13T19:55:39.312-0400: 115.870: [GC (GCLocker Initiated GC) [PSYoungGen: 133784K->49323K(188416K)] 476848K->392655K(712704K), 0.0221938 secs] [Times: user=0.24 sys=0.00, real=0.02 secs] 
2016-09-13T19:55:39.501-0400: 116.059: [GC (GCLocker Initiated GC) [PSYoungGen: 167083K->55553K(173568K)] 516694K->411485K(697856K), 0.0152209 secs] [Times: user=0.17 sys=0.00, real=0.02 secs] 
2016-09-13T19:55:39.701-0400: 116.259: [GC (GCLocker Initiated GC) [PSYoungGen: 173313K->65994K(174592K)] 529427K->431533K(698880K), 0.0261615 secs] [Times: user=0.28 sys=0.00, real=0.02 secs] 
2016-09-13T19:55:39.869-0400: 116.427: [GC (GCLocker Initiated GC) [PSYoungGen: 165322K->43244K(180736K)] 532502K->410621K(705024K), 0.0117028 secs] [Times: user=0.10 sys=0.01, real=0.01 secs] 
2016-09-13T19:55:40.049-0400: 116.607: [GC (Allocation Failure) [PSYoungGen: 142572K->2013K(178176K)] 523751K->384897K(702464K), 0.0095464 secs] [Times: user=0.08 sys=0.01, real=0.01 secs] 
2016-09-13T19:55:40.237-0400: 116.796: [GC (GCLocker Initiated GC) [PSYoungGen: 102365K->44545K(181248K)] 485255K->427679K(705536K), 0.0235864 secs] [Times: user=0.23 sys=0.00, real=0.02 secs] 
2016-09-13T19:55:40.412-0400: 116.970: [GC (Allocation Failure) [PSYoungGen: 144897K->23309K(178176K)] 534312K->412855K(702464K), 0.0135938 secs] [Times: user=0.12 sys=0.00, real=0.01 secs] 
2016-09-13T19:55:40.562-0400: 117.121: [GC (GCLocker Initiated GC) [PSYoungGen: 125696K->11195K(180224K)] 515338K->401034K(704512K), 0.0275322 secs] [Times: user=0.24 sys=0.00, real=0.03 secs] 
2016-09-13T19:55:40.715-0400: 117.274: [GC (GCLocker Initiated GC) [PSYoungGen: 113595K->62961K(171520K)] 503666K->453273K(695808K), 0.0101824 secs] [Times: user=0.10 sys=0.00, real=0.01 secs] 
2016-09-13T19:55:40.865-0400: 117.424: [GC (Allocation Failure) [PSYoungGen: 156145K->49409K(177664K)] 546650K->440147K(701952K), 0.0162631 secs] [Times: user=0.17 sys=0.00, real=0.02 secs] 
2016-09-13T19:55:41.035-0400: 117.594: [GC (GCLocker Initiated GC) [PSYoungGen: 141830K->46063K(173056K)] 534087K->440106K(697344K), 0.0171116 secs] [Times: user=0.15 sys=0.00, real=0.02 secs] 
2016-09-13T19:55:41.214-0400: 117.773: [GC (GCLocker Initiated GC) [PSYoungGen: 139759K->15842K(175616K)] 545979K->422221K(699904K), 0.0214881 secs] [Times: user=0.22 sys=0.00, real=0.03 secs] 
2016-09-13T19:55:41.380-0400: 117.938: [GC (GCLocker Initiated GC) [PSYoungGen: 109538K->29416K(174080K)] 517460K->440577K(698368K), 0.0090966 secs] [Times: user=0.07 sys=0.00, real=0.01 secs] 
2016-09-13T19:55:41.503-0400: 118.062: [GC (GCLocker Initiated GC) [PSYoungGen: 127720K->23441K(177152K)] 546628K->448587K(701440K), 0.0071642 secs] [Times: user=0.04 sys=0.01, real=0.01 secs] 
2016-09-13T19:55:41.668-0400: 118.226: [GC (Allocation Failure) [PSYoungGen: 121745K->41565K(179200K)] 547038K->467044K(703488K), 0.0201159 secs] [Times: user=0.18 sys=0.00, real=0.02 secs] 
2016-09-13T19:55:41.844-0400: 118.403: [GC (GCLocker Initiated GC) [PSYoungGen: 148061K->30939K(181760K)] 573543K->456673K(706048K), 0.0060445 secs] [Times: user=0.04 sys=0.00, real=0.01 secs] 
2016-09-13T19:55:42.032-0400: 118.590: [GC (GCLocker Initiated GC) [PSYoungGen: 137435K->28214K(182272K)] 563269K->454357K(706560K), 0.0086137 secs] [Times: user=0.06 sys=0.01, real=0.01 secs] 
2016-09-13T19:55:42.213-0400: 118.771: [GC (GCLocker Initiated GC) [PSYoungGen: 142902K->43030K(184320K)] 570567K->474063K(708608K), 0.0096374 secs] [Times: user=0.07 sys=0.00, real=0.01 secs] 
2016-09-13T19:55:42.404-0400: 118.963: [GC (GCLocker Initiated GC) [PSYoungGen: 157718K->6688K(189952K)] 596434K->445475K(714240K), 0.0063814 secs] [Times: user=0.05 sys=0.00, real=0.01 secs] 
2016-09-13T19:55:42.609-0400: 119.167: [GC (GCLocker Initiated GC) [PSYoungGen: 127520K->29482K(150528K)] 572601K->474745K(674816K), 0.0157350 secs] [Times: user=0.14 sys=0.00, real=0.01 secs] 
2016-09-13T19:55:42.814-0400: 119.373: [GC (GCLocker Initiated GC) [PSYoungGen: 150314K->8190K(189440K)] 603271K->461418K(713728K), 0.0097536 secs] [Times: user=0.09 sys=0.00, real=0.01 secs] 
2016-09-13T19:55:43.017-0400: 119.575: [GC (GCLocker Initiated GC) [PSYoungGen: 130046K->26414K(189952K)] 584925K->487578K(714240K), 0.0251921 secs] [Times: user=0.24 sys=0.01, real=0.02 secs] 
2016-09-13T19:55:43.221-0400: 119.779: [GC (Allocation Failure) [PSYoungGen: 148270K->47864K(188416K)] 609719K->509563K(712704K), 0.0100373 secs] [Times: user=0.11 sys=0.00, real=0.01 secs] 
2016-09-13T19:55:43.406-0400: 119.965: [GC (GCLocker Initiated GC) [PSYoungGen: 171256K->29734K(191488K)] 632958K->491707K(715776K), 0.0112304 secs] [Times: user=0.14 sys=0.00, real=0.02 secs] 
2016-09-13T19:55:43.606-0400: 120.164: [GC (GCLocker Initiated GC) [PSYoungGen: 153126K->25178K(188928K)] 616673K->488943K(713216K), 0.0070341 secs] [Times: user=0.09 sys=0.00, real=0.01 secs] 
2016-09-13T19:55:43.822-0400: 120.381: [GC (GCLocker Initiated GC) [PSYoungGen: 154202K->37269K(191488K)] 617989K->501373K(715776K), 0.0171869 secs] [Times: user=0.24 sys=0.00, real=0.02 secs] 
2016-09-13T19:55:44.040-0400: 120.599: [GC (Allocation Failure) [PSYoungGen: 166293K->29580K(193024K)] 630572K->497154K(717312K), 0.0110599 secs] [Times: user=0.11 sys=0.00, real=0.01 secs] 
2016-09-13T19:55:44.244-0400: 120.803: [GC (GCLocker Initiated GC) [PSYoungGen: 162789K->11159K(196608K)] 636437K->484934K(720896K), 0.0108340 secs] [Times: user=0.10 sys=0.00, real=0.01 secs] 
2016-09-13T19:55:44.457-0400: 121.015: [GC (GCLocker Initiated GC) [PSYoungGen: 148887K->41852K(198656K)] 624309K->517480K(722944K), 0.0095350 secs] [Times: user=0.09 sys=0.00, real=0.00 secs] 
2016-09-13T19:55:44.699-0400: 121.257: [GC (GCLocker Initiated GC) [PSYoungGen: 181116K->26288K(165888K)] 669107K->519024K(690176K), 0.0135964 secs] [Times: user=0.10 sys=0.00, real=0.01 secs] 
2016-09-13T19:55:44.958-0400: 121.516: [GC (GCLocker Initiated GC) [PSYoungGen: 165552K->43025K(198144K)] 660135K->537656K(722432K), 0.0075342 secs] [Times: user=0.05 sys=0.00, real=0.00 secs] 
2016-09-13T19:55:45.163-0400: 121.721: [GC (Allocation Failure) [PSYoungGen: 182289K->43116K(182784K)] 678579K->539599K(707072K), 0.0294172 secs] [Times: user=0.27 sys=0.00, real=0.03 secs] 
2016-09-13T19:55:45.412-0400: 121.970: [GC (GCLocker Initiated GC) [PSYoungGen: 182380K->41603K(198656K)] 678869K->538223K(722944K), 0.0171812 secs] [Times: user=0.18 sys=0.01, real=0.02 secs] 
2016-09-13T19:55:45.634-0400: 122.192: [GC (GCLocker Initiated GC) [PSYoungGen: 177795K->46280K(182784K)] 676040K->544648K(707072K), 0.0173613 secs] [Times: user=0.20 sys=0.00, real=0.02 secs] 
2016-09-13T19:55:45.857-0400: 122.416: [GC (GCLocker Initiated GC) [PSYoungGen: 182472K->23500K(198656K)] 688640K->534563K(722944K), 0.0101060 secs] [Times: user=0.10 sys=0.01, real=0.00 secs] 
2016-09-13T19:55:46.063-0400: 122.622: [GC (Allocation Failure) [PSYoungGen: 157644K->38719K(173056K)] 668732K->550041K(697344K), 0.0181343 secs] [Times: user=0.17 sys=0.01, real=0.02 secs] 
2016-09-13T19:55:46.288-0400: 122.847: [GC (GCLocker Initiated GC) [PSYoungGen: 168686K->32613K(199168K)] 686083K->554863K(723456K), 0.0073632 secs] [Times: user=0.07 sys=0.00, real=0.00 secs] 
2016-09-13T19:55:46.296-0400: 122.854: [Full GC (Ergonomics) [PSYoungGen: 32613K->0K(199168K)] [ParOldGen: 522249K->39149K(524288K)] 554863K->39149K(723456K), [Metaspace: 44568K->44568K(1087488K)], 0.0509306 secs] [Times: user=0.26 sys=0.01, real=0.04 secs] 
2016-09-13T19:55:46.506-0400: 123.065: [GC (GCLocker Initiated GC) [PSYoungGen: 136704K->52765K(196608K)] 176096K->92157K(720896K), 0.0371915 secs] [Times: user=0.38 sys=0.00, real=0.04 secs] 
2016-09-13T19:55:46.733-0400: 123.292: [GC (GCLocker Initiated GC) [PSYoungGen: 189469K->5433K(193536K)] 236493K->62129K(717824K), 0.0110785 secs] [Times: user=0.11 sys=0.00, real=0.01 secs] 
2016-09-13T19:55:46.940-0400: 123.498: [GC (GCLocker Initiated GC) [PSYoungGen: 134457K->46314K(175616K)] 191318K->103353K(699904K), 0.0131577 secs] [Times: user=0.15 sys=0.01, real=0.01 secs] 
2016-09-13T19:55:47.162-0400: 123.721: [GC (GCLocker Initiated GC) [PSYoungGen: 175338K->5242K(190976K)] 235500K->70133K(715264K), 0.0078452 secs] [Times: user=0.06 sys=0.00, real=0.01 secs] 
2016-09-13T19:55:47.342-0400: 123.901: [GC (GCLocker Initiated GC) [PSYoungGen: 128122K->23404K(146432K)] 196173K->91778K(670720K), 0.0062574 secs] [Times: user=0.04 sys=0.01, real=0.01 secs] 
2016-09-13T19:55:47.541-0400: 124.099: [GC (GCLocker Initiated GC) [PSYoungGen: 146284K->46282K(189952K)] 214664K->114825K(714240K), 0.0238388 secs] [Times: user=0.27 sys=0.00, real=0.02 secs] 
2016-09-13T19:55:47.754-0400: 124.313: [GC (GCLocker Initiated GC) [PSYoungGen: 168650K->14483K(192000K)] 237374K->83346K(716288K), 0.0038154 secs] [Times: user=0.03 sys=0.00, real=0.01 secs] 
2016-09-13T19:55:47.949-0400: 124.507: [GC (GCLocker Initiated GC) [PSYoungGen: 136851K->5393K(192512K)] 214901K->83668K(716800K), 0.0319280 secs] [Times: user=0.38 sys=0.00, real=0.03 secs] 
2016-09-13T19:55:48.148-0400: 124.707: [GC (GCLocker Initiated GC) [PSYoungGen: 129297K->40330K(164352K)] 207599K->118811K(688640K), 0.0068472 secs] [Times: user=0.09 sys=0.00, real=0.00 secs] 
2016-09-13T19:55:48.358-0400: 124.917: [GC (GCLocker Initiated GC) [PSYoungGen: 164234K->21794K(195072K)] 244237K->107996K(719360K), 0.0168677 secs] [Times: user=0.13 sys=0.00, real=0.01 secs] 
2016-09-13T19:55:48.552-0400: 125.111: [GC (GCLocker Initiated GC) [PSYoungGen: 147234K->32645K(158208K)] 233612K->119213K(682496K), 0.0087093 secs] [Times: user=0.09 sys=0.00, real=0.01 secs] 
2016-09-13T19:55:48.785-0400: 125.343: [GC (GCLocker Initiated GC) [PSYoungGen: 158085K->28120K(193024K)] 246423K->116613K(717312K), 0.0236905 secs] [Times: user=0.30 sys=0.01, real=0.03 secs] 
2016-09-13T19:55:48.995-0400: 125.553: [GC (GCLocker Initiated GC) [PSYoungGen: 156632K->41726K(189952K)] 246680K->132015K(714240K), 0.0106957 secs] [Times: user=0.11 sys=0.00, real=0.01 secs] 
2016-09-13T19:55:49.204-0400: 125.762: [GC (Allocation Failure) [PSYoungGen: 170238K->29639K(195072K)] 266808K->133934K(719360K), 0.0128513 secs] [Times: user=0.15 sys=0.00, real=0.02 secs] 
2016-09-13T19:55:49.432-0400: 125.991: [GC (GCLocker Initiated GC) [PSYoungGen: 167367K->32491K(197120K)] 271665K->137057K(721408K), 0.0175561 secs] [Times: user=0.17 sys=0.00, real=0.02 secs] 
2016-09-13T19:55:49.656-0400: 126.214: [GC (GCLocker Initiated GC) [PSYoungGen: 170219K->23594K(198144K)] 282411K->135914K(722432K), 0.0253245 secs] [Times: user=0.27 sys=0.00, real=0.02 secs] 
2016-09-13T19:55:49.898-0400: 126.457: [GC (GCLocker Initiated GC) [PSYoungGen: 168490K->52331K(197632K)] 280848K->183139K(721920K), 0.0075495 secs] [Times: user=0.07 sys=0.00, real=0.00 secs] 
2016-09-13T19:55:50.105-0400: 126.663: [GC (GCLocker Initiated GC) [PSYoungGen: 197227K->35587K(201728K)] 328067K->168050K(726016K), 0.0052626 secs] [Times: user=0.03 sys=0.00, real=0.01 secs] 
2016-09-13T19:55:50.343-0400: 126.901: [GC (GCLocker Initiated GC) [PSYoungGen: 175363K->5312K(200192K)] 315591K->154898K(724480K), 0.0046439 secs] [Times: user=0.04 sys=0.00, real=0.00 secs] 
2016-09-13T19:55:50.599-0400: 127.157: [GC (GCLocker Initiated GC) [PSYoungGen: 145088K->32581K(199168K)] 294708K->182402K(723456K), 0.0143396 secs] [Times: user=0.14 sys=0.00, real=0.01 secs] 
2016-09-13T19:55:50.812-0400: 127.371: [GC (Allocation Failure) [PSYoungGen: 172357K->37329K(199680K)] 322339K->198192K(723968K), 0.0075980 secs] [Times: user=0.08 sys=0.00, real=0.01 secs] 
2016-09-13T19:55:51.043-0400: 127.601: [GC (Allocation Failure) [PSYoungGen: 173558K->9522K(201216K)] 334422K->170646K(725504K), 0.0094863 secs] [Times: user=0.10 sys=0.00, real=0.01 secs] 
2016-09-13T19:55:51.274-0400: 127.833: [GC (GCLocker Initiated GC) [PSYoungGen: 150834K->43277K(184832K)] 313476K->206078K(709120K), 0.0146299 secs] [Times: user=0.16 sys=0.00, real=0.02 secs] 
2016-09-13T19:55:51.502-0400: 128.060: [GC (GCLocker Initiated GC) [PSYoungGen: 184589K->46350K(194048K)] 355249K->217247K(718336K), 0.0124583 secs] [Times: user=0.13 sys=0.01, real=0.01 secs] 
2016-09-13T19:55:51.723-0400: 128.281: [GC (GCLocker Initiated GC) [PSYoungGen: 177422K->53937K(185344K)] 348418K->225119K(709632K), 0.0140117 secs] [Times: user=0.11 sys=0.01, real=0.02 secs] 
2016-09-13T19:55:51.964-0400: 128.523: [GC (Allocation Failure) [PSYoungGen: 185009K->10049K(191488K)] 368560K->198553K(715776K), 0.0107080 secs] [Times: user=0.10 sys=0.00, real=0.01 secs] 
2016-09-13T19:55:52.143-0400: 128.702: [GC (GCLocker Initiated GC) [PSYoungGen: 129512K->26410K(147456K)] 319535K->216715K(671744K), 0.0307144 secs] [Times: user=0.28 sys=0.00, real=0.03 secs] 
2016-09-13T19:55:52.350-0400: 128.909: [GC (GCLocker Initiated GC) [PSYoungGen: 147242K->50779K(184320K)] 337566K->241233K(708608K), 0.0139320 secs] [Times: user=0.12 sys=0.00, real=0.01 secs] 
2016-09-13T19:55:52.537-0400: 129.096: [GC (GCLocker Initiated GC) [PSYoungGen: 167515K->9827K(188416K)] 370269K->229545K(712704K), 0.0121850 secs] [Times: user=0.10 sys=0.01, real=0.01 secs] 
2016-09-13T19:55:52.714-0400: 129.273: [GC (GCLocker Initiated GC) [PSYoungGen: 126563K->49165K(185344K)] 346348K->273754K(709632K), 0.0082749 secs] [Times: user=0.06 sys=0.00, real=0.01 secs] 
2016-09-13T19:55:52.899-0400: 129.457: [GC (GCLocker Initiated GC) [PSYoungGen: 162829K->41671K(187904K)] 393658K->280265K(712192K), 0.0136872 secs] [Times: user=0.13 sys=0.01, real=0.01 secs] 
2016-09-13T19:55:53.098-0400: 129.657: [GC (GCLocker Initiated GC) [PSYoungGen: 155335K->43084K(186368K)] 395683K->285140K(710656K), 0.0401005 secs] [Times: user=0.41 sys=0.00, real=0.04 secs] 
2016-09-13T19:55:53.303-0400: 129.861: [GC (GCLocker Initiated GC) [PSYoungGen: 157260K->64443K(178688K)] 400875K->308343K(702976K), 0.0140493 secs] [Times: user=0.13 sys=0.00, real=0.02 secs] 
2016-09-13T19:55:53.476-0400: 130.034: [GC (Allocation Failure) [PSYoungGen: 178619K->40271K(184832K)] 422686K->292078K(709120K), 0.0218755 secs] [Times: user=0.25 sys=0.00, real=0.02 secs] 
2016-09-13T19:55:53.655-0400: 130.213: [GC (GCLocker Initiated GC) [PSYoungGen: 144719K->43212K(147968K)] 396532K->295147K(672256K), 0.0059808 secs] [Times: user=0.05 sys=0.00, real=0.01 secs] 
2016-09-13T19:55:53.828-0400: 130.387: [GC (GCLocker Initiated GC) [PSYoungGen: 147660K->29478K(181760K)] 399771K->281841K(706048K), 0.0072091 secs] [Times: user=0.04 sys=0.00, real=0.00 secs] 
2016-09-13T19:55:54.017-0400: 130.575: [GC (GCLocker Initiated GC) [PSYoungGen: 135974K->27838K(179712K)] 394441K->286548K(704000K), 0.0062403 secs] [Times: user=0.06 sys=0.00, real=0.00 secs] 
2016-09-13T19:55:54.165-0400: 130.724: [GC (GCLocker Initiated GC) [PSYoungGen: 134334K->27901K(186880K)] 393304K->288634K(711168K), 0.0125904 secs] [Times: user=0.12 sys=0.00, real=0.02 secs] 
2016-09-13T19:55:54.348-0400: 130.906: [GC (GCLocker Initiated GC) [PSYoungGen: 143613K->40106K(184832K)] 404518K->301315K(709120K), 0.0096671 secs] [Times: user=0.08 sys=0.00, real=0.01 secs] 
2016-09-13T19:55:54.548-0400: 131.106: [GC (GCLocker Initiated GC) [PSYoungGen: 155818K->23528K(190464K)] 423205K->291045K(714752K), 0.0186755 secs] [Times: user=0.20 sys=0.00, real=0.01 secs] 
2016-09-13T19:55:54.752-0400: 131.310: [GC (GCLocker Initiated GC) [PSYoungGen: 146408K->9762K(189440K)] 415622K->279083K(713728K), 0.0099836 secs] [Times: user=0.07 sys=0.00, real=0.01 secs] 
2016-09-13T19:55:54.960-0400: 131.519: [GC (Allocation Failure) [PSYoungGen: 132642K->14291K(195072K)] 403582K->285523K(719360K), 0.0065186 secs] [Times: user=0.06 sys=0.00, real=0.00 secs] 
2016-09-13T19:55:55.175-0400: 131.733: [GC (GCLocker Initiated GC) [PSYoungGen: 141777K->5057K(132608K)] 413011K->285598K(656896K), 0.0037113 secs] [Times: user=0.02 sys=0.00, real=0.01 secs] 
2016-09-13T19:55:55.350-0400: 131.908: [GC (Allocation Failure) [PSYoungGen: 132545K->34158K(196096K)] 413267K->315003K(720384K), 0.0116167 secs] [Times: user=0.12 sys=0.00, real=0.01 secs] 
2016-09-13T19:55:55.362-0400: 131.920: [GC (GCLocker Initiated GC) [PSYoungGen: 34920K->64K(194048K)] 315764K->314711K(718336K), 0.0117166 secs] [Times: user=0.11 sys=0.00, real=0.01 secs] 
2016-09-13T19:55:55.563-0400: 132.122: [GC (GCLocker Initiated GC) [PSYoungGen: 127561K->37642K(194048K)] 443727K->353816K(718336K), 0.0057583 secs] [Times: user=0.04 sys=0.00, real=0.01 secs] 
2016-09-13T19:55:55.771-0400: 132.329: [GC (Allocation Failure) [PSYoungGen: 164618K->29357K(156672K)] 480911K->350689K(680960K), 0.0421603 secs] [Times: user=0.41 sys=0.01, real=0.04 secs] 
2016-09-13T19:55:56.004-0400: 132.562: [GC (GCLocker Initiated GC) [PSYoungGen: 156333K->46304K(188416K)] 477666K->369285K(712704K), 0.0107200 secs] [Times: user=0.08 sys=0.00, real=0.01 secs] 
2016-09-13T19:55:56.195-0400: 132.753: [GC (GCLocker Initiated GC) [PSYoungGen: 170208K->34004K(192000K)] 493223K->357151K(716288K), 0.0140292 secs] [Times: user=0.13 sys=0.00, real=0.02 secs] 
2016-09-13T19:55:56.409-0400: 132.968: [GC (GCLocker Initiated GC) [PSYoungGen: 157908K->21789K(187392K)] 487194K->352716K(711680K), 0.0069598 secs] [Times: user=0.04 sys=0.00, real=0.01 secs] 
2016-09-13T19:55:56.605-0400: 133.163: [GC (Allocation Failure) [PSYoungGen: 149789K->14232K(191488K)] 486956K->351580K(715776K), 0.0357128 secs] [Times: user=0.37 sys=0.00, real=0.04 secs] 
2016-09-13T19:55:56.846-0400: 133.404: [GC (Allocation Failure) [PSYoungGen: 141405K->41598K(195584K)] 478753K->379179K(719872K), 0.0079189 secs] [Times: user=0.07 sys=0.00, real=0.01 secs] 
2016-09-13T19:55:57.051-0400: 133.609: [GC (GCLocker Initiated GC) [PSYoungGen: 174718K->32645K(197632K)] 512302K->370426K(721920K), 0.0170094 secs] [Times: user=0.18 sys=0.00, real=0.02 secs] 
2016-09-13T19:55:57.252-0400: 133.810: [GC (GCLocker Initiated GC) [PSYoungGen: 165765K->27987K(191488K)] 509698K->372162K(715776K), 0.0316323 secs] [Times: user=0.31 sys=0.00, real=0.03 secs] 
2016-09-13T19:55:57.470-0400: 134.029: [GC (GCLocker Initiated GC) [PSYoungGen: 163155K->43248K(194560K)] 509021K->389367K(718848K), 0.0238630 secs] [Times: user=0.27 sys=0.00, real=0.02 secs] 
2016-09-13T19:55:57.698-0400: 134.256: [GC (GCLocker Initiated GC) [PSYoungGen: 178416K->41757K(198656K)] 533962K->397453K(722944K), 0.0156120 secs] [Times: user=0.18 sys=0.00, real=0.01 secs] 
2016-09-13T19:55:57.919-0400: 134.478: [GC (GCLocker Initiated GC) [PSYoungGen: 178973K->59855K(197120K)] 534694K->421861K(721408K), 0.0072966 secs] [Times: user=0.06 sys=0.00, real=0.00 secs] 
2016-09-13T19:55:58.146-0400: 134.705: [GC (GCLocker Initiated GC) [PSYoungGen: 197071K->5242K(184832K)] 563805K->378217K(709120K), 0.0467674 secs] [Times: user=0.49 sys=0.00, real=0.05 secs] 
2016-09-13T19:55:58.352-0400: 134.911: [GC (GCLocker Initiated GC) [PSYoungGen: 125050K->43053K(163328K)] 499560K->417902K(687616K), 0.0064494 secs] [Times: user=0.05 sys=0.01, real=0.01 secs] 
2016-09-13T19:55:58.550-0400: 135.109: [GC (Allocation Failure) [PSYoungGen: 162861K->41847K(190976K)] 537981K->417089K(715264K), 0.0371919 secs] [Times: user=0.43 sys=0.00, real=0.03 secs] 
2016-09-13T19:55:58.742-0400: 135.300: [GC (GCLocker Initiated GC) [PSYoungGen: 159809K->24800K(144384K)] 536570K->401908K(668672K), 0.0056859 secs] [Times: user=0.04 sys=0.00, real=0.00 secs] 
2016-09-13T19:55:58.928-0400: 135.487: [GC (Allocation Failure) [PSYoungGen: 144096K->9734K(188416K)] 533524K->399285K(712704K), 0.0406077 secs] [Times: user=0.37 sys=0.00, real=0.04 secs] 
2016-09-13T19:55:59.143-0400: 135.702: [GC (GCLocker Initiated GC) [PSYoungGen: 125793K->27865K(188416K)] 521419K->423684K(712704K), 0.0101424 secs] [Times: user=0.09 sys=0.00, real=0.01 secs] 
2016-09-13T19:55:59.339-0400: 135.898: [GC (GCLocker Initiated GC) [PSYoungGen: 147161K->44548K(188416K)] 543131K->440640K(712704K), 0.0333702 secs] [Times: user=0.33 sys=0.00, real=0.03 secs] 
2016-09-13T19:55:59.526-0400: 136.084: [GC (GCLocker Initiated GC) [PSYoungGen: 166916K->44603K(189952K)] 564558K->442388K(714240K), 0.0405112 secs] [Times: user=0.40 sys=0.00, real=0.04 secs] 
2016-09-13T19:55:59.763-0400: 136.321: [GC (GCLocker Initiated GC) [PSYoungGen: 166971K->23624K(192512K)] 564767K->435349K(716800K), 0.0246345 secs] [Times: user=0.31 sys=0.00, real=0.02 secs] 
2016-09-13T19:55:59.947-0400: 136.506: [GC (Allocation Failure) [PSYoungGen: 149576K->46063K(193024K)] 561305K->457989K(717312K), 0.0096049 secs] [Times: user=0.06 sys=0.01, real=0.02 secs] 
2016-09-13T19:56:00.125-0400: 136.683: [GC (GCLocker Initiated GC) [PSYoungGen: 171993K->44758K(192512K)] 583951K->461424K(716800K), 0.0146619 secs] [Times: user=0.19 sys=0.01, real=0.02 secs] 
2016-09-13T19:56:00.314-0400: 136.872: [GC (GCLocker Initiated GC) [PSYoungGen: 168662K->52176K(176128K)] 585353K->473610K(700416K), 0.0132794 secs] [Times: user=0.17 sys=0.00, real=0.01 secs] 
2016-09-13T19:56:00.512-0400: 137.071: [GC (GCLocker Initiated GC) [PSYoungGen: 176080K->49351K(186880K)] 597539K->476989K(711168K), 0.0141891 secs] [Times: user=0.15 sys=0.00, real=0.01 secs] 
2016-09-13T19:56:00.728-0400: 137.287: [GC (GCLocker Initiated GC) [PSYoungGen: 164039K->46154K(188416K)] 591690K->489156K(712704K), 0.0246752 secs] [Times: user=0.24 sys=0.00, real=0.02 secs] 
2016-09-13T19:56:00.920-0400: 137.479: [GC (GCLocker Initiated GC) [PSYoungGen: 160842K->60042K(179712K)] 605577K->512443K(704000K), 0.0090947 secs] [Times: user=0.09 sys=0.00, real=0.01 secs] 
2016-09-13T19:56:01.086-0400: 137.645: [GC (GCLocker Initiated GC) [PSYoungGen: 166538K->46281K(184320K)] 620478K->500435K(708608K), 0.0081730 secs] [Times: user=0.07 sys=0.00, real=0.01 secs] 
2016-09-13T19:56:01.261-0400: 137.820: [GC (Allocation Failure) [PSYoungGen: 152777K->41880K(176640K)] 608664K->508624K(700928K), 0.0103946 secs] [Times: user=0.13 sys=0.00, real=0.01 secs] 
2016-09-13T19:56:01.453-0400: 138.011: [GC (GCLocker Initiated GC) [PSYoungGen: 149820K->59796K(181248K)] 618083K->528245K(705536K), 0.0249085 secs] [Times: user=0.25 sys=0.00, real=0.03 secs] 
2016-09-13T19:56:01.636-0400: 138.194: [GC (GCLocker Initiated GC) [PSYoungGen: 167828K->26288K(185856K)] 636454K->495102K(710144K), 0.0144356 secs] [Times: user=0.13 sys=0.00, real=0.01 secs] 
2016-09-13T19:56:01.815-0400: 138.374: [GC (GCLocker Initiated GC) [PSYoungGen: 135344K->29512K(138752K)] 610247K->513690K(663040K), 0.0171141 secs] [Times: user=0.16 sys=0.01, real=0.02 secs] 
2016-09-13T19:56:01.978-0400: 138.536: [GC (GCLocker Initiated GC) [PSYoungGen: 138568K->35623K(186368K)] 622894K->529342K(710656K), 0.0104799 secs] [Times: user=0.10 sys=0.00, real=0.01 secs] 
2016-09-13T19:56:02.151-0400: 138.709: [GC (GCLocker Initiated GC) [PSYoungGen: 147239K->24987K(183808K)] 642650K->529767K(708096K), 0.0060229 secs] [Times: user=0.06 sys=0.00, real=0.01 secs] 
2016-09-13T19:56:02.328-0400: 138.886: [GC (GCLocker Initiated GC) [PSYoungGen: 136603K->43085K(188416K)] 643024K->549708K(712704K), 0.0143467 secs] [Times: user=0.14 sys=0.00, real=0.01 secs] 
2016-09-13T19:56:02.510-0400: 139.068: [Full GC (Ergonomics) [PSYoungGen: 159821K->0K(188416K)] [ParOldGen: 508152K->39782K(524288K)] 667973K->39782K(712704K), [Metaspace: 44625K->44625K(1087488K)], 0.0672856 secs] [Times: user=0.35 sys=0.01, real=0.07 secs] 
2016-09-13T19:56:02.733-0400: 139.292: [GC (GCLocker Initiated GC) [PSYoungGen: 116736K->32893K(186880K)] 156730K->72888K(711168K), 0.0054119 secs] [Times: user=0.03 sys=0.00, real=0.01 secs] 
2016-09-13T19:56:02.899-0400: 139.457: [GC (GCLocker Initiated GC) [PSYoungGen: 149629K->47613K(186880K)] 189811K->92802K(711168K), 0.0267384 secs] [Times: user=0.30 sys=0.00, real=0.02 secs] 
2016-09-13T19:56:03.089-0400: 139.648: [GC (GCLocker Initiated GC) [PSYoungGen: 166909K->67641K(187392K)] 212307K->113214K(711680K), 0.0216630 secs] [Times: user=0.24 sys=0.00, real=0.02 secs] 
2016-09-13T19:56:03.299-0400: 139.857: [GC (GCLocker Initiated GC) [PSYoungGen: 186937K->28094K(186368K)] 246394K->93879K(710656K), 0.0098356 secs] [Times: user=0.10 sys=0.00, real=0.01 secs] 
2016-09-13T19:56:03.484-0400: 140.043: [GC (GCLocker Initiated GC) [PSYoungGen: 139710K->44662K(156672K)] 205509K->110580K(680960K), 0.0074204 secs] [Times: user=0.05 sys=0.00, real=0.01 secs] 
2016-09-13T19:56:03.658-0400: 140.217: [GC (Allocation Failure) [PSYoungGen: 156278K->43372K(187904K)] 223890K->114136K(712192K), 0.0336954 secs] [Times: user=0.35 sys=0.00, real=0.03 secs] 
2016-09-13T19:56:03.867-0400: 140.425: [GC (GCLocker Initiated GC) [PSYoungGen: 158060K->47896K(185344K)] 228827K->118971K(709632K), 0.0305858 secs] [Times: user=0.31 sys=0.00, real=0.04 secs] 
2016-09-13T19:56:04.064-0400: 140.622: [GC (GCLocker Initiated GC) [PSYoungGen: 162584K->64506K(180736K)] 233688K->135754K(705024K), 0.0180627 secs] [Times: user=0.18 sys=0.00, real=0.02 secs] 
2016-09-13T19:56:04.236-0400: 140.795: [GC (GCLocker Initiated GC) [PSYoungGen: 175098K->21922K(132608K)] 247945K->101119K(656896K), 0.0092836 secs] [Times: user=0.10 sys=0.00, real=0.00 secs] 
2016-09-13T19:56:04.428-0400: 140.986: [GC (GCLocker Initiated GC) [PSYoungGen: 132514K->46286K(187392K)] 211875K->125920K(711680K), 0.0058222 secs] [Times: user=0.05 sys=0.00, real=0.01 secs] 
2016-09-13T19:56:04.591-0400: 141.150: [GC (GCLocker Initiated GC) [PSYoungGen: 157390K->28305K(139776K)] 240796K->111791K(664064K), 0.0097044 secs] [Times: user=0.08 sys=0.01, real=0.01 secs] 
2016-09-13T19:56:04.763-0400: 141.321: [GC (GCLocker Initiated GC) [PSYoungGen: 139409K->14419K(183296K)] 229148K->104380K(707584K), 0.0195343 secs] [Times: user=0.21 sys=0.00, real=0.02 secs] 
2016-09-13T19:56:04.962-0400: 141.521: [GC (Allocation Failure) [PSYoungGen: 123987K->4961K(184832K)] 217058K->98299K(709120K), 0.0094753 secs] [Times: user=0.08 sys=0.00, real=0.01 secs] 
2016-09-13T19:56:05.129-0400: 141.687: [GC (Allocation Failure) [PSYoungGen: 114529K->29507K(181760K)] 207867K->123042K(706048K), 0.0280329 secs] [Times: user=0.29 sys=0.00, real=0.03 secs] 
2016-09-13T19:56:05.303-0400: 141.861: [GC (GCLocker Initiated GC) [PSYoungGen: 139075K->64448K(174080K)] 234134K->159689K(698368K), 0.0131158 secs] [Times: user=0.10 sys=0.00, real=0.02 secs] 
2016-09-13T19:56:05.478-0400: 142.037: [GC (GCLocker Initiated GC) [PSYoungGen: 174016K->47769K(181760K)] 269321K->143299K(706048K), 0.0222869 secs] [Times: user=0.23 sys=0.00, real=0.02 secs] 
2016-09-13T19:56:05.647-0400: 142.205: [GC (GCLocker Initiated GC) [PSYoungGen: 148633K->40014K(141312K)] 244292K->137382K(665600K), 0.0217274 secs] [Times: user=0.18 sys=0.00, real=0.03 secs] 
2016-09-13T19:56:05.818-0400: 142.376: [GC (GCLocker Initiated GC) [PSYoungGen: 140878K->34168K(180736K)] 239790K->133304K(705024K), 0.0094892 secs] [Times: user=0.10 sys=0.00, real=0.00 secs] 
2016-09-13T19:56:05.978-0400: 142.537: [GC (GCLocker Initiated GC) [PSYoungGen: 138104K->26564K(177664K)] 237346K->132181K(701952K), 0.0249013 secs] [Times: user=0.27 sys=0.01, real=0.02 secs] 
2016-09-13T19:56:06.150-0400: 142.708: [GC (GCLocker Initiated GC) [PSYoungGen: 130500K->28114K(185856K)] 242207K->140097K(710144K), 0.0224371 secs] [Times: user=0.24 sys=0.01, real=0.02 secs] 
2016-09-13T19:56:06.326-0400: 142.885: [GC (Allocation Failure) [PSYoungGen: 141778K->40110K(183808K)] 254106K->152761K(708096K), 0.0133002 secs] [Times: user=0.12 sys=0.01, real=0.02 secs] 
2016-09-13T19:56:06.510-0400: 143.069: [GC (GCLocker Initiated GC) [PSYoungGen: 153774K->49320K(186880K)] 266426K->162181K(711168K), 0.0285960 secs] [Times: user=0.35 sys=0.00, real=0.03 secs] 
2016-09-13T19:56:06.699-0400: 143.257: [GC (GCLocker Initiated GC) [PSYoungGen: 167592K->67640K(186368K)] 280498K->180693K(710656K), 0.0219837 secs] [Times: user=0.26 sys=0.00, real=0.02 secs] 
2016-09-13T19:56:06.900-0400: 143.459: [GC (GCLocker Initiated GC) [PSYoungGen: 185912K->44730K(186368K)] 305155K->165768K(710656K), 0.0173749 secs] [Times: user=0.17 sys=0.00, real=0.02 secs] 
2016-09-13T19:56:07.100-0400: 143.659: [GC (GCLocker Initiated GC) [PSYoungGen: 155322K->46437K(157184K)] 284010K->179914K(681472K), 0.0101101 secs] [Times: user=0.10 sys=0.00, real=0.01 secs] 
2016-09-13T19:56:07.279-0400: 143.838: [GC (Allocation Failure) [PSYoungGen: 157029K->44603K(186880K)] 290743K->178382K(711168K), 0.0077390 secs] [Times: user=0.04 sys=0.01, real=0.00 secs] 
2016-09-13T19:56:07.455-0400: 144.014: [GC (GCLocker Initiated GC) [PSYoungGen: 157243K->43340K(184832K)] 291028K->183322K(709120K), 0.0148900 secs] [Times: user=0.15 sys=0.00, real=0.02 secs] 
2016-09-13T19:56:07.664-0400: 144.223: [GC (GCLocker Initiated GC) [PSYoungGen: 155980K->56695K(182784K)] 296170K->197145K(707072K), 0.0327821 secs] [Times: user=0.31 sys=0.00, real=0.04 secs] 
2016-09-13T19:56:07.847-0400: 144.406: [GC (Allocation Failure) [PSYoungGen: 169847K->46276K(185344K)] 318066K->194543K(709632K), 0.0189719 secs] [Times: user=0.19 sys=0.00, real=0.02 secs] 
2016-09-13T19:56:08.029-0400: 144.587: [GC (Allocation Failure) [PSYoungGen: 159428K->27993K(189952K)] 307695K->176587K(714240K), 0.0083893 secs] [Times: user=0.08 sys=0.00, real=0.01 secs] 
2016-09-13T19:56:08.215-0400: 144.773: [GC (GCLocker Initiated GC) [PSYoungGen: 146900K->28056K(190464K)] 297012K->178273K(714752K), 0.0173166 secs] [Times: user=0.15 sys=0.00, real=0.02 secs] 
2016-09-13T19:56:08.421-0400: 144.980: [GC (GCLocker Initiated GC) [PSYoungGen: 147864K->40270K(185344K)] 298107K->190660K(709632K), 0.0096976 secs] [Times: user=0.10 sys=0.00, real=0.01 secs] 
2016-09-13T19:56:08.606-0400: 145.165: [GC (GCLocker Initiated GC) [PSYoungGen: 161614K->26441K(188416K)] 313681K->186269K(712704K), 0.0201736 secs] [Times: user=0.19 sys=0.01, real=0.02 secs] 
2016-09-13T19:56:08.842-0400: 145.400: [GC (Allocation Failure) [PSYoungGen: 147785K->41758K(190976K)] 309406K->203694K(715264K), 0.0051973 secs] [Times: user=0.06 sys=0.00, real=0.00 secs] 
2016-09-13T19:56:09.040-0400: 145.599: [GC (GCLocker Initiated GC) [PSYoungGen: 169758K->37356K(193024K)] 331697K->199458K(717312K), 0.0068377 secs] [Times: user=0.09 sys=0.00, real=0.00 secs] 
2016-09-13T19:56:09.225-0400: 145.784: [GC (GCLocker Initiated GC) [PSYoungGen: 165356K->28270K(196096K)] 327639K->190781K(720384K), 0.0155472 secs] [Times: user=0.19 sys=0.00, real=0.02 secs] 
2016-09-13T19:56:09.453-0400: 146.012: [GC (GCLocker Initiated GC) [PSYoungGen: 162414K->6889K(196608K)] 338784K->183437K(720896K), 0.0255557 secs] [Times: user=0.21 sys=0.00, real=0.03 secs] 
2016-09-13T19:56:09.686-0400: 146.244: [GC (Allocation Failure) [PSYoungGen: 141033K->23563K(197632K)] 326883K->209702K(721920K), 0.0053641 secs] [Times: user=0.05 sys=0.00, real=0.01 secs] 
2016-09-13T19:56:09.897-0400: 146.456: [GC (GCLocker Initiated GC) [PSYoungGen: 151212K->43122K(196608K)] 343425K->235482K(720896K), 0.0276692 secs] [Times: user=0.33 sys=0.00, real=0.02 secs] 
2016-09-13T19:56:10.118-0400: 146.677: [GC (GCLocker Initiated GC) [PSYoungGen: 175218K->61586K(183808K)] 369226K->255666K(708096K), 0.0094237 secs] [Times: user=0.09 sys=0.00, real=0.00 secs] 
2016-09-13T19:56:10.320-0400: 146.879: [GC (GCLocker Initiated GC) [PSYoungGen: 180370K->61469K(180736K)] 374481K->255847K(705024K), 0.0225939 secs] [Times: user=0.22 sys=0.00, real=0.02 secs] 
2016-09-13T19:56:10.521-0400: 147.080: [GC (GCLocker Initiated GC) [PSYoungGen: 180253K->46191K(186368K)] 374673K->248399K(710656K), 0.0254809 secs] [Times: user=0.29 sys=0.00, real=0.02 secs] 
2016-09-13T19:56:10.699-0400: 147.258: [GC (GCLocker Initiated GC) [PSYoungGen: 155247K->47865K(157184K)] 363792K->264262K(681472K), 0.0084607 secs] [Times: user=0.11 sys=0.00, real=0.01 secs] 
2016-09-13T19:56:10.873-0400: 147.431: [GC (GCLocker Initiated GC) [PSYoungGen: 156921K->50874K(184320K)] 373592K->267699K(708608K), 0.0170293 secs] [Times: user=0.17 sys=0.00, real=0.02 secs] 
2016-09-13T19:56:11.062-0400: 147.621: [GC (GCLocker Initiated GC) [PSYoungGen: 159930K->35560K(184320K)] 382856K->258661K(708608K), 0.0194584 secs] [Times: user=0.23 sys=0.00, real=0.02 secs] 
2016-09-13T19:56:11.256-0400: 147.815: [GC (GCLocker Initiated GC) [PSYoungGen: 144616K->12868K(183296K)] 373817K->248341K(707584K), 0.0043217 secs] [Times: user=0.03 sys=0.00, real=0.00 secs] 
2016-09-13T19:56:11.427-0400: 147.985: [GC (GCLocker Initiated GC) [PSYoungGen: 122948K->26543K(184832K)] 360188K->273200K(709120K), 0.0181341 secs] [Times: user=0.17 sys=0.00, real=0.02 secs] 
2016-09-13T19:56:11.607-0400: 148.165: [GC (GCLocker Initiated GC) [PSYoungGen: 136623K->32587K(182272K)] 384802K->280862K(706560K), 0.0221299 secs] [Times: user=0.25 sys=0.00, real=0.03 secs] 
2016-09-13T19:56:11.793-0400: 148.351: [GC (GCLocker Initiated GC) [PSYoungGen: 146763K->25012K(184832K)] 395063K->273475K(709120K), 0.0078099 secs] [Times: user=0.04 sys=0.01, real=0.01 secs] 
2016-09-13T19:56:11.982-0400: 148.541: [GC (Allocation Failure) [PSYoungGen: 139188K->11222K(190976K)] 393748K->267640K(715264K), 0.0166029 secs] [Times: user=0.15 sys=0.00, real=0.02 secs] 
2016-09-13T19:56:12.192-0400: 148.750: [GC (GCLocker Initiated GC) [PSYoungGen: 133078K->29389K(151552K)] 389496K->288972K(675840K), 0.0233657 secs] [Times: user=0.26 sys=0.00, real=0.02 secs] 
2016-09-13T19:56:12.411-0400: 148.969: [GC (GCLocker Initiated GC) [PSYoungGen: 151245K->5338K(188416K)] 424526K->278773K(712704K), 0.0035962 secs] [Times: user=0.03 sys=0.00, real=0.00 secs] 
2016-09-13T19:56:12.611-0400: 149.169: [GC (GCLocker Initiated GC) [PSYoungGen: 126682K->43243K(189952K)] 401798K->318701K(714240K), 0.0081444 secs] [Times: user=0.07 sys=0.00, real=0.01 secs] 
2016-09-13T19:56:12.813-0400: 149.371: [GC (GCLocker Initiated GC) [PSYoungGen: 164587K->46217K(189440K)] 440075K->326551K(713728K), 0.0262198 secs] [Times: user=0.28 sys=0.00, real=0.03 secs] 
2016-09-13T19:56:12.988-0400: 149.547: [GC (GCLocker Initiated GC) [PSYoungGen: 166025K->31056K(151040K)] 446512K->311819K(675328K), 0.0158411 secs] [Times: user=0.15 sys=0.00, real=0.01 secs] 
2016-09-13T19:56:13.159-0400: 149.717: [GC (GCLocker Initiated GC) [PSYoungGen: 150864K->26442K(190976K)] 431706K->313603K(715264K), 0.0116119 secs] [Times: user=0.11 sys=0.00, real=0.01 secs] 
2016-09-13T19:56:13.353-0400: 149.911: [GC (Allocation Failure) [PSYoungGen: 149834K->26505K(188928K)] 437142K->323073K(713216K), 0.0099117 secs] [Times: user=0.11 sys=0.00, real=0.01 secs] 
2016-09-13T19:56:13.586-0400: 150.145: [GC (Allocation Failure) [PSYoungGen: 146784K->9895K(191488K)] 443351K->306770K(715776K), 0.0107810 secs] [Times: user=0.11 sys=0.00, real=0.02 secs] 
2016-09-13T19:56:13.776-0400: 150.335: [GC (GCLocker Initiated GC) [PSYoungGen: 134241K->9703K(192000K)] 437191K->312831K(716288K), 0.0078477 secs] [Times: user=0.08 sys=0.00, real=0.00 secs] 
2016-09-13T19:56:14.008-0400: 150.567: [GC (Allocation Failure) [PSYoungGen: 138215K->26441K(191488K)] 447619K->336097K(715776K), 0.0219936 secs] [Times: user=0.20 sys=0.00, real=0.02 secs] 
2016-09-13T19:56:14.237-0400: 150.796: [GC (GCLocker Initiated GC) [PSYoungGen: 161609K->47677K(195072K)] 471268K->359006K(719360K), 0.0112965 secs] [Times: user=0.11 sys=0.00, real=0.01 secs] 
2016-09-13T19:56:14.450-0400: 151.008: [GC (GCLocker Initiated GC) [PSYoungGen: 182845K->14547K(198656K)] 506535K->338441K(722944K), 0.0069010 secs] [Times: user=0.07 sys=0.00, real=0.01 secs] 
2016-09-13T19:56:14.682-0400: 151.241: [GC (GCLocker Initiated GC) [PSYoungGen: 148691K->41629K(176128K)] 472591K->365762K(700416K), 0.0132489 secs] [Times: user=0.13 sys=0.00, real=0.01 secs] 
2016-09-13T19:56:14.901-0400: 151.460: [GC (GCLocker Initiated GC) [PSYoungGen: 175773K->27992K(200704K)] 510703K->363100K(724992K), 0.0156236 secs] [Times: user=0.12 sys=0.00, real=0.02 secs] 
2016-09-13T19:56:15.150-0400: 151.709: [GC (GCLocker Initiated GC) [PSYoungGen: 163672K->28025K(163840K)] 504857K->374066K(688128K), 0.0091410 secs] [Times: user=0.07 sys=0.00, real=0.01 secs] 
2016-09-13T19:56:15.377-0400: 151.936: [GC (GCLocker Initiated GC) [PSYoungGen: 163705K->14296K(194048K)] 509765K->360561K(718336K), 0.0127146 secs] [Times: user=0.13 sys=0.00, real=0.01 secs] 
2016-09-13T19:56:15.583-0400: 152.142: [GC (GCLocker Initiated GC) [PSYoungGen: 149976K->40014K(194048K)] 496306K->388077K(718336K), 0.0300333 secs] [Times: user=0.30 sys=0.00, real=0.03 secs] 
2016-09-13T19:56:15.808-0400: 152.367: [GC (GCLocker Initiated GC) [PSYoungGen: 175694K->25012K(200192K)] 523914K->377958K(724480K), 0.0123167 secs] [Times: user=0.12 sys=0.00, real=0.01 secs] 
2016-09-13T19:56:16.011-0400: 152.570: [GC (GCLocker Initiated GC) [PSYoungGen: 168884K->35522K(201216K)] 521852K->388750K(725504K), 0.0222104 secs] [Times: user=0.23 sys=0.00, real=0.02 secs] 
2016-09-13T19:56:16.258-0400: 152.817: [GC (GCLocker Initiated GC) [PSYoungGen: 179394K->25019K(199680K)] 538725K->392192K(723968K), 0.0205915 secs] [Times: user=0.19 sys=0.01, real=0.02 secs] 
2016-09-13T19:56:16.505-0400: 153.064: [GC (GCLocker Initiated GC) [PSYoungGen: 172475K->44731K(202240K)] 541467K->415436K(726528K), 0.0235143 secs] [Times: user=0.24 sys=0.00, real=0.03 secs] 
2016-09-13T19:56:16.804-0400: 153.362: [GC (GCLocker Initiated GC) [PSYoungGen: 192187K->23309K(205312K)] 566139K->397367K(729600K), 0.0130830 secs] [Times: user=0.11 sys=0.00, real=0.02 secs] 
2016-09-13T19:56:17.019-0400: 153.577: [GC (GCLocker Initiated GC) [PSYoungGen: 170253K->56811K(203776K)] 550474K->455511K(728064K), 0.0312356 secs] [Times: user=0.30 sys=0.00, real=0.03 secs] 
2016-09-13T19:56:17.251-0400: 153.810: [GC (GCLocker Initiated GC) [PSYoungGen: 203755K->35555K(185344K)] 604029K->484779K(709632K), 0.0230943 secs] [Times: user=0.22 sys=0.00, real=0.02 secs] 
2016-09-13T19:56:17.454-0400: 154.013: [GC (GCLocker Initiated GC) [PSYoungGen: 162531K->14260K(141312K)] 623944K->475745K(665600K), 0.0056725 secs] [Times: user=0.06 sys=0.00, real=0.01 secs] 
2016-09-13T19:56:17.655-0400: 154.214: [GC (GCLocker Initiated GC) [PSYoungGen: 141236K->53876K(185856K)] 602786K->515603K(710144K), 0.0209989 secs] [Times: user=0.27 sys=0.01, real=0.03 secs] 
2016-09-13T19:56:17.871-0400: 154.429: [GC (GCLocker Initiated GC) [PSYoungGen: 171636K->64640K(182784K)] 633550K->538933K(707072K), 0.0082146 secs] [Times: user=0.11 sys=0.00, real=0.01 secs] 
2016-09-13T19:56:18.080-0400: 154.639: [GC (GCLocker Initiated GC) [PSYoungGen: 182400K->12779K(181760K)] 670410K->501022K(706048K), 0.0246777 secs] [Times: user=0.33 sys=0.00, real=0.02 secs] 
2016-09-13T19:56:18.252-0400: 154.811: [GC (GCLocker Initiated GC) [PSYoungGen: 115179K->67608K(170496K)] 603500K->562257K(694784K), 0.0089891 secs] [Times: user=0.11 sys=0.00, real=0.01 secs] 
2016-09-13T19:56:18.405-0400: 154.964: [GC (GCLocker Initiated GC) [PSYoungGen: 170008K->37111K(179712K)] 664719K->544230K(704000K), 0.0077789 secs] [Times: user=0.09 sys=0.00, real=0.01 secs] 
2016-09-13T19:56:18.413-0400: 154.972: [Full GC (Ergonomics) [PSYoungGen: 37111K->0K(179712K)] [ParOldGen: 507118K->37284K(524288K)] 544230K->37284K(704000K), [Metaspace: 44649K->44649K(1087488K)], 0.0508915 secs] [Times: user=0.35 sys=0.01, real=0.05 secs] 
2016-09-13T19:56:18.587-0400: 155.146: [GC (GCLocker Initiated GC) [PSYoungGen: 92672K->69541K(175104K)] 130163K->107032K(699392K), 0.0102836 secs] [Times: user=0.15 sys=0.00, real=0.02 secs] 
2016-09-13T19:56:18.725-0400: 155.284: [GC (GCLocker Initiated GC) [PSYoungGen: 162213K->47987K(175104K)] 206063K->133563K(699392K), 0.0106201 secs] [Times: user=0.13 sys=0.00, real=0.02 secs] 
2016-09-13T19:56:18.852-0400: 155.411: [GC (GCLocker Initiated GC) [PSYoungGen: 136051K->28157K(116224K)] 223215K->115546K(640512K), 0.0224106 secs] [Times: user=0.26 sys=0.00, real=0.02 secs] 
2016-09-13T19:56:19.010-0400: 155.569: [GC (Allocation Failure) [PSYoungGen: 116221K->41757K(177664K)] 205316K->131173K(701952K), 0.0075668 secs] [Times: user=0.07 sys=0.00, real=0.01 secs] 
2016-09-13T19:56:19.138-0400: 155.696: [GC (GCLocker Initiated GC) [PSYoungGen: 133917K->27961K(173568K)] 223336K->117632K(697856K), 0.0229969 secs] [Times: user=0.27 sys=0.00, real=0.02 secs] 
2016-09-13T19:56:19.303-0400: 155.861: [GC (GCLocker Initiated GC) [PSYoungGen: 120121K->15848K(174592K)] 217453K->113416K(698880K), 0.0135649 secs] [Times: user=0.16 sys=0.00, real=0.02 secs] 
2016-09-13T19:56:19.463-0400: 156.021: [GC (GCLocker Initiated GC) [PSYoungGen: 111080K->26532K(174592K)] 214748K->134908K(698880K), 0.0042908 secs] [Times: user=0.03 sys=0.00, real=0.00 secs] 
2016-09-13T19:56:19.626-0400: 156.184: [GC (GCLocker Initiated GC) [PSYoungGen: 121764K->34014K(178176K)] 230171K->150307K(702464K), 0.0214128 secs] [Times: user=0.25 sys=0.00, real=0.02 secs] 
2016-09-13T19:56:19.814-0400: 156.372: [GC (GCLocker Initiated GC) [PSYoungGen: 139998K->23623K(179200K)] 263957K->158293K(703488K), 0.0140784 secs] [Times: user=0.15 sys=0.00, real=0.02 secs] 
2016-09-13T19:56:19.975-0400: 156.533: [GC (GCLocker Initiated GC) [PSYoungGen: 129607K->27934K(184320K)] 266019K->164622K(708608K), 0.0067765 secs] [Times: user=0.06 sys=0.00, real=0.01 secs] 
2016-09-13T19:56:20.182-0400: 156.740: [GC (GCLocker Initiated GC) [PSYoungGen: 145182K->27998K(186368K)] 283506K->166549K(710656K), 0.0060689 secs] [Times: user=0.06 sys=0.01, real=0.01 secs] 
2016-09-13T19:56:20.350-0400: 156.909: [GC (GCLocker Initiated GC) [PSYoungGen: 145246K->22173K(190464K)] 285332K->162504K(714752K), 0.0038372 secs] [Times: user=0.05 sys=0.00, real=0.00 secs] 
2016-09-13T19:56:20.603-0400: 157.162: [GC (GCLocker Initiated GC) [PSYoungGen: 148637K->28152K(191488K)] 296769K->187098K(715776K), 0.0222923 secs] [Times: user=0.30 sys=0.01, real=0.02 secs] 
2016-09-13T19:56:20.789-0400: 157.348: [GC (GCLocker Initiated GC) [PSYoungGen: 154616K->58587K(185344K)] 315204K->243774K(709632K), 0.0097502 secs] [Times: user=0.11 sys=0.00, real=0.01 secs] 
2016-09-13T19:56:20.980-0400: 157.538: [GC (GCLocker Initiated GC) [PSYoungGen: 181467K->41916K(192512K)] 368242K->268440K(716800K), 0.0111872 secs] [Times: user=0.12 sys=0.00, real=0.01 secs] 
2016-09-13T19:56:21.178-0400: 157.736: [GC (GCLocker Initiated GC) [PSYoungGen: 164796K->26288K(188416K)] 393073K->254731K(712704K), 0.0190776 secs] [Times: user=0.16 sys=0.00, real=0.02 secs] 
2016-09-13T19:56:21.367-0400: 157.925: [GC (Allocation Failure) [PSYoungGen: 150192K->20398K(190976K)] 380329K->250650K(715264K), 0.0067879 secs] [Times: user=0.04 sys=0.00, real=0.01 secs] 
2016-09-13T19:56:21.570-0400: 158.128: [GC (Allocation Failure) [PSYoungGen: 144302K->29479K(188928K)] 374554K->260031K(713216K), 0.0217270 secs] [Times: user=0.21 sys=0.01, real=0.02 secs] 
2016-09-13T19:56:21.768-0400: 158.327: [GC (GCLocker Initiated GC) [PSYoungGen: 158503K->25077K(192512K)] 389055K->255847K(716800K), 0.0119777 secs] [Times: user=0.11 sys=0.01, real=0.01 secs] 
2016-09-13T19:56:21.990-0400: 158.548: [GC (GCLocker Initiated GC) [PSYoungGen: 154101K->15939K(197120K)] 384894K->246949K(721408K), 0.0189435 secs] [Times: user=0.19 sys=0.00, real=0.02 secs] 
2016-09-13T19:56:22.229-0400: 158.788: [GC (GCLocker Initiated GC) [PSYoungGen: 153155K->23463K(198656K)] 385829K->262350K(722944K), 0.0375183 secs] [Times: user=0.39 sys=0.01, real=0.03 secs] 
2016-09-13T19:56:22.457-0400: 159.016: [GC (GCLocker Initiated GC) [PSYoungGen: 160679K->23437K(197120K)] 405996K->269062K(721408K), 0.0101408 secs] [Times: user=0.08 sys=0.01, real=0.00 secs] 
2016-09-13T19:56:22.698-0400: 159.256: [GC (GCLocker Initiated GC) [PSYoungGen: 164749K->31312K(198656K)] 416522K->283240K(722944K), 0.0170747 secs] [Times: user=0.15 sys=0.00, real=0.01 secs] 
2016-09-13T19:56:22.938-0400: 159.497: [GC (GCLocker Initiated GC) [PSYoungGen: 172624K->31222K(200704K)] 424733K->294301K(724992K), 0.0063515 secs] [Times: user=0.07 sys=0.01, real=0.00 secs] 
2016-09-13T19:56:23.179-0400: 159.738: [GC (GCLocker Initiated GC) [PSYoungGen: 180214K->9832K(202752K)] 443441K->273211K(727040K), 0.0036118 secs] [Times: user=0.02 sys=0.01, real=0.00 secs] 
2016-09-13T19:56:23.409-0400: 159.968: [GC (GCLocker Initiated GC) [PSYoungGen: 158824K->17297K(207360K)] 428305K->286983K(731648K), 0.0336452 secs] [Times: user=0.33 sys=0.00, real=0.03 secs] 
2016-09-13T19:56:23.697-0400: 160.255: [GC (GCLocker Initiated GC) [PSYoungGen: 170897K->9837K(207360K)] 454463K->304308K(731648K), 0.0253147 secs] [Times: user=0.26 sys=0.00, real=0.02 secs] 
2016-09-13T19:56:23.924-0400: 160.483: [GC (GCLocker Initiated GC) [PSYoungGen: 163437K->44762K(199168K)] 458010K->347132K(723456K), 0.0271997 secs] [Times: user=0.30 sys=0.01, real=0.03 secs] 
2016-09-13T19:56:24.162-0400: 160.720: [GC (Allocation Failure) [PSYoungGen: 190170K->9768K(203776K)] 494231K->314026K(728064K), 0.0096201 secs] [Times: user=0.07 sys=0.00, real=0.01 secs] 
2016-09-13T19:56:24.410-0400: 160.969: [GC (GCLocker Initiated GC) [PSYoungGen: 150000K->28306K(199168K)] 460332K->338849K(723456K), 0.0107208 secs] [Times: user=0.13 sys=0.00, real=0.01 secs] 
2016-09-13T19:56:24.637-0400: 161.195: [GC (GCLocker Initiated GC) [PSYoungGen: 174226K->32619K(201728K)] 485012K->343560K(726016K), 0.0064185 secs] [Times: user=0.08 sys=0.00, real=0.00 secs] 
2016-09-13T19:56:24.873-0400: 161.431: [GC (GCLocker Initiated GC) [PSYoungGen: 178539K->51024K(194048K)] 491024K->363648K(718336K), 0.0123555 secs] [Times: user=0.12 sys=0.01, real=0.01 secs] 
2016-09-13T19:56:25.108-0400: 161.666: [GC (GCLocker Initiated GC) [PSYoungGen: 189264K->11419K(200192K)] 514217K->348839K(724480K), 0.0062026 secs] [Times: user=0.07 sys=0.00, real=0.00 secs] 
2016-09-13T19:56:25.331-0400: 161.889: [GC (Allocation Failure) [PSYoungGen: 149659K->51025K(189440K)] 487103K->394794K(713728K), 0.0107038 secs] [Times: user=0.12 sys=0.00, real=0.01 secs] 
2016-09-13T19:56:25.534-0400: 162.092: [GC (GCLocker Initiated GC) [PSYoungGen: 179025K->41787K(169984K)] 522800K->391842K(694272K), 0.0072602 secs] [Times: user=0.06 sys=0.00, real=0.01 secs] 
2016-09-13T19:56:25.752-0400: 162.311: [GC (GCLocker Initiated GC) [PSYoungGen: 169787K->23528K(196608K)] 521450K->375486K(720896K), 0.0096009 secs] [Times: user=0.11 sys=0.00, real=0.01 secs] 
2016-09-13T19:56:25.942-0400: 162.501: [GC (GCLocker Initiated GC) [PSYoungGen: 152040K->46249K(194048K)] 504025K->398390K(718336K), 0.0249239 secs] [Times: user=0.23 sys=0.01, real=0.02 secs] 
2016-09-13T19:56:26.141-0400: 162.700: [GC (GCLocker Initiated GC) [PSYoungGen: 174761K->44730K(192000K)] 527040K->398745K(716288K), 0.0279812 secs] [Times: user=0.23 sys=0.00, real=0.03 secs] 
2016-09-13T19:56:26.359-0400: 162.918: [GC (GCLocker Initiated GC) [PSYoungGen: 168634K->9799K(134144K)] 522652K->364093K(658432K), 0.0114756 secs] [Times: user=0.11 sys=0.00, real=0.01 secs] 
2016-09-13T19:56:26.554-0400: 163.113: [GC (Allocation Failure) [PSYoungGen: 133703K->15810K(194048K)] 494303K->376761K(718336K), 0.0100448 secs] [Times: user=0.09 sys=0.00, real=0.01 secs] 
2016-09-13T19:56:26.748-0400: 163.307: [GC (GCLocker Initiated GC) [PSYoungGen: 140226K->27960K(152576K)] 501177K->393759K(676864K), 0.0296986 secs] [Times: user=0.29 sys=0.00, real=0.03 secs] 
2016-09-13T19:56:26.983-0400: 163.541: [GC (GCLocker Initiated GC) [PSYoungGen: 152376K->16060K(190464K)] 524272K->388275K(714752K), 0.0108516 secs] [Times: user=0.10 sys=0.00, real=0.01 secs] 
2016-09-13T19:56:27.210-0400: 163.768: [GC (GCLocker Initiated GC) [PSYoungGen: 142012K->23436K(188928K)] 520307K->409605K(713216K), 0.0143128 secs] [Times: user=0.15 sys=0.00, real=0.01 secs] 
2016-09-13T19:56:27.422-0400: 163.981: [GC (Allocation Failure) [PSYoungGen: 149388K->52261K(189440K)] 535579K->438532K(713728K), 0.0278583 secs] [Times: user=0.29 sys=0.00, real=0.03 secs] 
2016-09-13T19:56:27.644-0400: 164.203: [GC (GCLocker Initiated GC) [PSYoungGen: 181250K->24988K(195072K)] 573596K->429588K(719360K), 0.0110616 secs] [Times: user=0.11 sys=0.00, real=0.01 secs] 
2016-09-13T19:56:27.848-0400: 164.406: [GC (GCLocker Initiated GC) [PSYoungGen: 154012K->53747K(187392K)] 558793K->458651K(711680K), 0.0136059 secs] [Times: user=0.12 sys=0.01, real=0.01 secs] 
2016-09-13T19:56:28.034-0400: 164.593: [GC (GCLocker Initiated GC) [PSYoungGen: 177651K->34100K(193024K)] 582616K->439299K(717312K), 0.0056761 secs] [Times: user=0.04 sys=0.00, real=0.01 secs] 
2016-09-13T19:56:28.251-0400: 164.810: [GC (GCLocker Initiated GC) [PSYoungGen: 158004K->41816K(191488K)] 569521K->459613K(715776K), 0.0101606 secs] [Times: user=0.10 sys=0.00, real=0.01 secs] 
2016-09-13T19:56:28.460-0400: 165.018: [GC (GCLocker Initiated GC) [PSYoungGen: 168792K->44672K(193536K)] 588300K->464397K(717824K), 0.0321056 secs] [Times: user=0.36 sys=0.00, real=0.03 secs] 
2016-09-13T19:56:28.688-0400: 165.247: [GC (GCLocker Initiated GC) [PSYoungGen: 171648K->41788K(195072K)] 597699K->468115K(719360K), 0.0105021 secs] [Times: user=0.10 sys=0.00, real=0.01 secs] 
2016-09-13T19:56:28.866-0400: 165.424: [GC (GCLocker Initiated GC) [PSYoungGen: 169276K->47800K(175616K)] 597188K->475926K(699904K), 0.0083693 secs] [Times: user=0.07 sys=0.00, real=0.01 secs] 
2016-09-13T19:56:29.054-0400: 165.612: [GC (GCLocker Initiated GC) [PSYoungGen: 175288K->47736K(191488K)] 603593K->476238K(715776K), 0.0076254 secs] [Times: user=0.06 sys=0.00, real=0.01 secs] 
2016-09-13T19:56:29.267-0400: 165.826: [GC (GCLocker Initiated GC) [PSYoungGen: 170616K->47773K(171008K)] 599317K->481405K(695296K), 0.0260445 secs] [Times: user=0.26 sys=0.00, real=0.03 secs] 
2016-09-13T19:56:29.482-0400: 166.041: [GC (GCLocker Initiated GC) [PSYoungGen: 170653K->62796K(179712K)] 604498K->496792K(704000K), 0.0161381 secs] [Times: user=0.12 sys=0.01, real=0.02 secs] 
2016-09-13T19:56:29.665-0400: 166.224: [GC (GCLocker Initiated GC) [PSYoungGen: 172364K->28087K(185856K)] 612588K->468441K(710144K), 0.0114869 secs] [Times: user=0.11 sys=0.02, real=0.02 secs] 
2016-09-13T19:56:29.825-0400: 166.383: [GC (GCLocker Initiated GC) [PSYoungGen: 137655K->37078K(178176K)] 578101K->477760K(702464K), 0.0055651 secs] [Times: user=0.04 sys=0.00, real=0.01 secs] 
2016-09-13T19:56:30.011-0400: 166.570: [GC (GCLocker Initiated GC) [PSYoungGen: 148182K->29352K(182784K)] 588981K->470293K(707072K), 0.0096054 secs] [Times: user=0.07 sys=0.00, real=0.01 secs] 
2016-09-13T19:56:30.202-0400: 166.760: [GC (GCLocker Initiated GC) [PSYoungGen: 140456K->44736K(187904K)] 583134K->487611K(712192K), 0.0141012 secs] [Times: user=0.11 sys=0.00, real=0.02 secs] 
2016-09-13T19:56:30.379-0400: 166.938: [GC (Allocation Failure) [PSYoungGen: 165056K->69185K(189952K)] 609718K->520164K(714240K), 0.0097124 secs] [Times: user=0.10 sys=0.00, real=0.01 secs] 
2016-09-13T19:56:30.578-0400: 167.136: [GC (GCLocker Initiated GC) [PSYoungGen: 189505K->52331K(178688K)] 640493K->558286K(702976K), 0.0155366 secs] [Times: user=0.15 sys=0.00, real=0.01 secs] 
2016-09-13T19:56:30.593-0400: 167.152: [Full GC (Ergonomics) [PSYoungGen: 52331K->0K(178688K)] [ParOldGen: 505955K->40601K(524288K)] 558286K->40601K(702976K), [Metaspace: 44650K->44650K(1087488K)], 0.0555474 secs] [Times: user=0.30 sys=0.01, real=0.06 secs] 
2016-09-13T19:56:30.823-0400: 167.381: [GC (GCLocker Initiated GC) [PSYoungGen: 106496K->34444K(184320K)] 160964K->88912K(708608K), 0.0047975 secs] [Times: user=0.04 sys=0.00, real=0.01 secs] 
2016-09-13T19:56:30.975-0400: 167.534: [GC (GCLocker Initiated GC) [PSYoungGen: 140940K->23532K(182272K)] 203064K->92136K(706560K), 0.0165720 secs] [Times: user=0.13 sys=0.00, real=0.02 secs] 
2016-09-13T19:56:31.123-0400: 167.681: [GC (GCLocker Initiated GC) [PSYoungGen: 132076K->49388K(184320K)] 200861K->129054K(708608K), 0.0144196 secs] [Times: user=0.20 sys=0.00, real=0.02 secs] 
2016-09-13T19:56:31.311-0400: 167.869: [GC (GCLocker Initiated GC) [PSYoungGen: 157932K->44832K(182272K)] 243856K->130894K(706560K), 0.0181315 secs] [Times: user=0.24 sys=0.00, real=0.02 secs] 
2016-09-13T19:56:31.525-0400: 168.084: [GC (GCLocker Initiated GC) [PSYoungGen: 155424K->34264K(184320K)] 253832K->132921K(708608K), 0.0066093 secs] [Times: user=0.07 sys=0.00, real=0.01 secs] 
2016-09-13T19:56:31.703-0400: 168.262: [GC (GCLocker Initiated GC) [PSYoungGen: 144856K->23532K(188416K)] 258860K->137672K(712704K), 0.0060335 secs] [Times: user=0.05 sys=0.00, real=0.01 secs] 
2016-09-13T19:56:31.898-0400: 168.457: [GC (Allocation Failure) [PSYoungGen: 140268K->43314K(188416K)] 260714K->168680K(712704K), 0.0080110 secs] [Times: user=0.09 sys=0.00, real=0.00 secs] 
2016-09-13T19:56:32.106-0400: 168.665: [GC (GCLocker Initiated GC) [PSYoungGen: 159443K->41912K(188416K)] 286327K->168950K(712704K), 0.0110952 secs] [Times: user=0.12 sys=0.00, real=0.02 secs] 
2016-09-13T19:56:32.306-0400: 168.864: [GC (GCLocker Initiated GC) [PSYoungGen: 162744K->61437K(188416K)] 290012K->188915K(712704K), 0.0150145 secs] [Times: user=0.15 sys=0.00, real=0.02 secs] 
2016-09-13T19:56:32.512-0400: 169.070: [GC (GCLocker Initiated GC) [PSYoungGen: 182269K->38719K(191488K)] 314546K->171272K(715776K), 0.0132471 secs] [Times: user=0.10 sys=0.00, real=0.01 secs] 
2016-09-13T19:56:32.698-0400: 169.256: [GC (Allocation Failure) [PSYoungGen: 157503K->57035K(176128K)] 290268K->190092K(700416K), 0.0238157 secs] [Times: user=0.28 sys=0.01, real=0.02 secs] 
2016-09-13T19:56:32.887-0400: 169.445: [GC (GCLocker Initiated GC) [PSYoungGen: 170371K->32645K(189952K)] 309503K->171994K(714240K), 0.0048287 secs] [Times: user=0.04 sys=0.00, real=0.01 secs] 
2016-09-13T19:56:33.088-0400: 169.646: [GC (GCLocker Initiated GC) [PSYoungGen: 149381K->29511K(146432K)] 296385K->176741K(670720K), 0.0093081 secs] [Times: user=0.09 sys=0.00, real=0.01 secs] 
2016-09-13T19:56:33.277-0400: 169.835: [GC (GCLocker Initiated GC) [PSYoungGen: 146247K->46154K(188928K)] 293735K->196823K(713216K), 0.0200824 secs] [Times: user=0.23 sys=0.00, real=0.02 secs] 
2016-09-13T19:56:33.470-0400: 170.028: [GC (GCLocker Initiated GC) [PSYoungGen: 163914K->43149K(187904K)] 314605K->197000K(712192K), 0.0188614 secs] [Times: user=0.20 sys=0.01, real=0.02 secs] 
2016-09-13T19:56:33.650-0400: 170.208: [GC (GCLocker Initiated GC) [PSYoungGen: 160909K->43213K(189952K)] 315118K->200547K(714240K), 0.0090570 secs] [Times: user=0.10 sys=0.01, real=0.01 secs] 
2016-09-13T19:56:33.852-0400: 170.411: [GC (GCLocker Initiated GC) [PSYoungGen: 166093K->27997K(188928K)] 329725K->191827K(713216K), 0.0112421 secs] [Times: user=0.11 sys=0.00, real=0.01 secs] 
2016-09-13T19:56:34.047-0400: 170.606: [GC (GCLocker Initiated GC) [PSYoungGen: 150877K->43089K(194048K)] 316340K->208703K(718336K), 0.0112740 secs] [Times: user=0.09 sys=0.00, real=0.02 secs] 
2016-09-13T19:56:34.258-0400: 170.817: [GC (GCLocker Initiated GC) [PSYoungGen: 173137K->51304K(194560K)] 339050K->217446K(718848K), 0.0104302 secs] [Times: user=0.15 sys=0.00, real=0.01 secs] 
2016-09-13T19:56:34.487-0400: 171.045: [GC (GCLocker Initiated GC) [PSYoungGen: 181352K->46376K(196608K)] 347686K->212904K(720896K), 0.0321317 secs] [Times: user=0.28 sys=0.00, real=0.04 secs] 
2016-09-13T19:56:34.699-0400: 171.258: [GC (GCLocker Initiated GC) [PSYoungGen: 176936K->53812K(184832K)] 345580K->222641K(709120K), 0.0222374 secs] [Times: user=0.18 sys=0.00, real=0.02 secs] 
2016-09-13T19:56:34.919-0400: 171.478: [GC (GCLocker Initiated GC) [PSYoungGen: 184372K->46216K(196096K)] 353226K->219734K(720384K), 0.0153295 secs] [Times: user=0.13 sys=0.00, real=0.01 secs] 
2016-09-13T19:56:35.126-0400: 171.685: [GC (GCLocker Initiated GC) [PSYoungGen: 174728K->27838K(194560K)] 348268K->203252K(718848K), 0.0131814 secs] [Times: user=0.09 sys=0.01, real=0.02 secs] 
2016-09-13T19:56:35.306-0400: 171.865: [GC (GCLocker Initiated GC) [PSYoungGen: 156350K->49319K(195072K)] 331934K->231050K(719360K), 0.0071445 secs] [Times: user=0.06 sys=0.00, real=0.01 secs] 
2016-09-13T19:56:35.504-0400: 172.062: [GC (GCLocker Initiated GC) [PSYoungGen: 177831K->41758K(170496K)] 361436K->225647K(694784K), 0.0286302 secs] [Times: user=0.29 sys=0.00, real=0.03 secs] 
2016-09-13T19:56:35.724-0400: 172.283: [GC (GCLocker Initiated GC) [PSYoungGen: 170270K->38527K(195072K)] 354162K->222600K(719360K), 0.0071547 secs] [Times: user=0.05 sys=0.00, real=0.01 secs] 
2016-09-13T19:56:35.941-0400: 172.499: [GC (GCLocker Initiated GC) [PSYoungGen: 169087K->28205K(193536K)] 359556K->218958K(717824K), 0.0074957 secs] [Times: user=0.07 sys=0.00, real=0.01 secs] 
2016-09-13T19:56:36.164-0400: 172.722: [GC (GCLocker Initiated GC) [PSYoungGen: 158765K->29325K(198656K)] 349567K->220376K(722944K), 0.0129901 secs] [Times: user=0.13 sys=0.00, real=0.02 secs] 
2016-09-13T19:56:36.384-0400: 172.943: [GC (GCLocker Initiated GC) [PSYoungGen: 164493K->27959K(198144K)] 355578K->219159K(722432K), 0.0288376 secs] [Times: user=0.31 sys=0.00, real=0.03 secs] 
2016-09-13T19:56:36.609-0400: 173.167: [GC (GCLocker Initiated GC) [PSYoungGen: 163127K->30907K(197632K)] 355865K->226971K(721920K), 0.0119570 secs] [Times: user=0.10 sys=0.01, real=0.01 secs] 
2016-09-13T19:56:36.851-0400: 173.410: [GC (GCLocker Initiated GC) [PSYoungGen: 167099K->9959K(198144K)] 370868K->226033K(722432K), 0.0086847 secs] [Times: user=0.11 sys=0.01, real=0.01 secs] 
2016-09-13T19:56:37.056-0400: 173.615: [GC (GCLocker Initiated GC) [PSYoungGen: 146151K->41689K(198656K)] 362250K->258087K(722944K), 0.0100904 secs] [Times: user=0.11 sys=0.00, real=0.00 secs] 
2016-09-13T19:56:37.299-0400: 173.857: [GC (GCLocker Initiated GC) [PSYoungGen: 176345K->29539K(164352K)] 405152K->259980K(688640K), 0.0161561 secs] [Times: user=0.13 sys=0.00, real=0.01 secs] 
2016-09-13T19:56:37.512-0400: 174.071: [GC (GCLocker Initiated GC) [PSYoungGen: 164195K->26629K(197632K)] 396180K->258726K(721920K), 0.0166151 secs] [Times: user=0.19 sys=0.00, real=0.02 secs] 
2016-09-13T19:56:37.719-0400: 174.278: [GC (GCLocker Initiated GC) [PSYoungGen: 162309K->47869K(196608K)] 394428K->281720K(720896K), 0.0066884 secs] [Times: user=0.07 sys=0.01, real=0.00 secs] 
2016-09-13T19:56:37.958-0400: 174.517: [GC (GCLocker Initiated GC) [PSYoungGen: 183549K->9869K(195072K)] 419016K->257692K(719360K), 0.0097754 secs] [Times: user=0.13 sys=0.00, real=0.01 secs] 
2016-09-13T19:56:38.155-0400: 174.714: [GC (GCLocker Initiated GC) [PSYoungGen: 141965K->41566K(197120K)] 390020K->289685K(721408K), 0.0107074 secs] [Times: user=0.08 sys=0.00, real=0.01 secs] 
2016-09-13T19:56:38.370-0400: 174.928: [GC (GCLocker Initiated GC) [PSYoungGen: 173662K->26351K(193024K)] 421836K->274698K(717312K), 0.0190561 secs] [Times: user=0.20 sys=0.00, real=0.02 secs] 
2016-09-13T19:56:38.623-0400: 175.182: [GC (Allocation Failure) [PSYoungGen: 158447K->23431K(195072K)] 413219K->278396K(719360K), 0.0067976 secs] [Times: user=0.04 sys=0.00, real=0.01 secs] 
2016-09-13T19:56:38.820-0400: 175.378: [GC (GCLocker Initiated GC) [PSYoungGen: 155527K->29612K(194560K)] 410493K->284730K(718848K), 0.0103812 secs] [Times: user=0.10 sys=0.00, real=0.01 secs] 
2016-09-13T19:56:39.060-0400: 175.619: [GC (GCLocker Initiated GC) [PSYoungGen: 167340K->47832K(197120K)] 428757K->309474K(721408K), 0.0070004 secs] [Times: user=0.07 sys=0.00, real=0.00 secs] 
2016-09-13T19:56:39.273-0400: 175.832: [GC (Allocation Failure) [PSYoungGen: 185560K->51052K(192512K)] 447308K->312935K(716800K), 0.0087098 secs] [Times: user=0.09 sys=0.01, real=0.01 secs] 
2016-09-13T19:56:39.283-0400: 175.841: [GC (GCLocker Initiated GC) [PSYoungGen: 51155K->32K(130560K)] 313038K->312484K(654848K), 0.0083881 secs] [Times: user=0.12 sys=0.00, real=0.01 secs] 
2016-09-13T19:56:39.485-0400: 176.044: [GC (GCLocker Initiated GC) [PSYoungGen: 130080K->66438K(174592K)] 442533K->378892K(698880K), 0.0113356 secs] [Times: user=0.10 sys=0.01, real=0.02 secs] 
2016-09-13T19:56:39.656-0400: 176.214: [GC (GCLocker Initiated GC) [PSYoungGen: 171910K->30871K(183808K)] 484657K->365346K(708096K), 0.0180039 secs] [Times: user=0.20 sys=0.00, real=0.01 secs] 
2016-09-13T19:56:39.852-0400: 176.410: [GC (GCLocker Initiated GC) [PSYoungGen: 136343K->23681K(176128K)] 483049K->370699K(700416K), 0.0072230 secs] [Times: user=0.08 sys=0.00, real=0.01 secs] 
2016-09-13T19:56:40.024-0400: 176.583: [GC (GCLocker Initiated GC) [PSYoungGen: 132737K->49387K(181760K)] 479948K->396874K(706048K), 0.0101388 secs] [Times: user=0.10 sys=0.00, real=0.01 secs] 
2016-09-13T19:56:40.205-0400: 176.764: [GC (Allocation Failure) [PSYoungGen: 158443K->15870K(188416K)] 513599K->371262K(712704K), 0.0049460 secs] [Times: user=0.03 sys=0.00, real=0.01 secs] 
2016-09-13T19:56:40.389-0400: 176.948: [GC (GCLocker Initiated GC) [PSYoungGen: 129733K->29670K(143872K)] 486645K->397383K(668160K), 0.0083006 secs] [Times: user=0.09 sys=0.00, real=0.01 secs] 
2016-09-13T19:56:40.556-0400: 177.115: [GC (GCLocker Initiated GC) [PSYoungGen: 143846K->32459K(188928K)] 511746K->400655K(713216K), 0.0144626 secs] [Times: user=0.17 sys=0.00, real=0.01 secs] 
2016-09-13T19:56:40.772-0400: 177.330: [GC (GCLocker Initiated GC) [PSYoungGen: 150731K->41624K(184832K)] 520550K->411507K(709120K), 0.0133774 secs] [Times: user=0.11 sys=0.00, real=0.01 secs] 
2016-09-13T19:56:40.943-0400: 177.501: [GC (GCLocker Initiated GC) [PSYoungGen: 159896K->46158K(189952K)] 530083K->416581K(714240K), 0.0182258 secs] [Times: user=0.23 sys=0.00, real=0.02 secs] 
2016-09-13T19:56:41.169-0400: 177.728: [GC (GCLocker Initiated GC) [PSYoungGen: 169550K->15938K(191488K)] 546201K->392799K(715776K), 0.0144909 secs] [Times: user=0.19 sys=0.00, real=0.01 secs] 
2016-09-13T19:56:41.404-0400: 177.963: [GC (GCLocker Initiated GC) [PSYoungGen: 139330K->8185K(193024K)] 522402K->396047K(717312K), 0.0052413 secs] [Times: user=0.04 sys=0.00, real=0.01 secs] 
2016-09-13T19:56:41.567-0400: 178.125: [GC (Allocation Failure) [PSYoungGen: 133113K->40116K(193536K)] 521181K->428314K(717824K), 0.0334756 secs] [Times: user=0.37 sys=0.00, real=0.04 secs] 
2016-09-13T19:56:41.782-0400: 178.340: [GC (GCLocker Initiated GC) [PSYoungGen: 164829K->23528K(188416K)] 554546K->418085K(712704K), 0.0065415 secs] [Times: user=0.07 sys=0.00, real=0.01 secs] 
2016-09-13T19:56:41.965-0400: 178.524: [GC (GCLocker Initiated GC) [PSYoungGen: 148456K->27929K(190976K)] 543149K->422777K(715264K), 0.0136931 secs] [Times: user=0.15 sys=0.00, real=0.02 secs] 
2016-09-13T19:56:42.217-0400: 178.775: [GC (GCLocker Initiated GC) [PSYoungGen: 152857K->30939K(190464K)] 547761K->425989K(714752K), 0.0144450 secs] [Times: user=0.12 sys=0.00, real=0.01 secs] 
2016-09-13T19:56:42.424-0400: 178.982: [GC (GCLocker Initiated GC) [PSYoungGen: 164059K->37292K(193024K)] 559209K->440326K(717312K), 0.0070949 secs] [Times: user=0.10 sys=0.01, real=0.01 secs] 
2016-09-13T19:56:42.624-0400: 179.182: [GC (Allocation Failure) [PSYoungGen: 170412K->28179K(197632K)] 573714K->443883K(721920K), 0.0071155 secs] [Times: user=0.09 sys=0.00, real=0.01 secs] 
2016-09-13T19:56:42.847-0400: 179.406: [GC (GCLocker Initiated GC) [PSYoungGen: 171027K->46128K(200192K)] 586734K->462111K(724480K), 0.0143622 secs] [Times: user=0.11 sys=0.01, real=0.02 secs] 
2016-09-13T19:56:43.079-0400: 179.638: [GC (GCLocker Initiated GC) [PSYoungGen: 188976K->49218K(194560K)] 605076K->465442K(718848K), 0.0194461 secs] [Times: user=0.18 sys=0.00, real=0.02 secs] 
2016-09-13T19:56:43.300-0400: 179.859: [GC (GCLocker Initiated GC) [PSYoungGen: 183362K->41538K(198144K)] 607278K->473252K(722432K), 0.0243867 secs] [Times: user=0.24 sys=0.00, real=0.02 secs] 
2016-09-13T19:56:43.529-0400: 180.087: [GC (Allocation Failure) [PSYoungGen: 175682K->41661K(197632K)] 607679K->473844K(721920K), 0.0100792 secs] [Times: user=0.12 sys=0.00, real=0.01 secs] 
2016-09-13T19:56:43.730-0400: 180.288: [GC (GCLocker Initiated GC) [PSYoungGen: 175387K->47677K(182784K)] 609089K->481647K(707072K), 0.0088037 secs] [Times: user=0.06 sys=0.00, real=0.01 secs] 
2016-09-13T19:56:43.959-0400: 180.518: [GC (GCLocker Initiated GC) [PSYoungGen: 182333K->2014K(190976K)] 617824K->437623K(715264K), 0.0070010 secs] [Times: user=0.05 sys=0.00, real=0.00 secs] 
2016-09-13T19:56:44.154-0400: 180.713: [GC (GCLocker Initiated GC) [PSYoungGen: 127966K->43088K(194048K)] 563639K->479001K(718336K), 0.0268334 secs] [Times: user=0.27 sys=0.02, real=0.03 secs] 
2016-09-13T19:56:44.383-0400: 180.942: [GC (Allocation Failure) [PSYoungGen: 169040K->44666K(193024K)] 605199K->485646K(717312K), 0.0145013 secs] [Times: user=0.13 sys=0.01, real=0.02 secs] 
2016-09-13T19:56:44.553-0400: 181.112: [GC (GCLocker Initiated GC) [PSYoungGen: 168619K->27961K(153088K)] 611117K->470767K(677376K), 0.0077586 secs] [Times: user=0.07 sys=0.00, real=0.01 secs] 
2016-09-13T19:56:44.771-0400: 181.329: [GC (Allocation Failure) [PSYoungGen: 152889K->43180K(192000K)] 595798K->486220K(716288K), 0.0238224 secs] [Times: user=0.32 sys=0.01, real=0.02 secs] 
2016-09-13T19:56:44.959-0400: 181.518: [GC (GCLocker Initiated GC) [PSYoungGen: 168620K->32677K(192000K)] 611660K->476068K(716288K), 0.0132360 secs] [Times: user=0.19 sys=0.00, real=0.01 secs] 
2016-09-13T19:56:45.171-0400: 181.729: [GC (GCLocker Initiated GC) [PSYoungGen: 158117K->53944K(188928K)] 601699K->503838K(713216K), 0.0108548 secs] [Times: user=0.12 sys=0.00, real=0.01 secs] 
2016-09-13T19:56:45.370-0400: 181.928: [GC (GCLocker Initiated GC) [PSYoungGen: 178872K->46468K(193024K)] 628868K->496624K(717312K), 0.0081257 secs] [Times: user=0.09 sys=0.00, real=0.01 secs] 
2016-09-13T19:56:45.581-0400: 182.140: [GC (GCLocker Initiated GC) [PSYoungGen: 171396K->8280K(189440K)] 627632K->464718K(713728K), 0.0105942 secs] [Times: user=0.07 sys=0.01, real=0.01 secs] 
2016-09-13T19:56:45.794-0400: 182.353: [GC (Allocation Failure) [PSYoungGen: 129112K->47613K(168448K)] 587189K->505927K(692736K), 0.0275805 secs] [Times: user=0.23 sys=0.00, real=0.03 secs] 
2016-09-13T19:56:45.978-0400: 182.537: [GC (GCLocker Initiated GC) [PSYoungGen: 168445K->24955K(192000K)] 626761K->501705K(716288K), 0.0211853 secs] [Times: user=0.19 sys=0.00, real=0.02 secs] 
2016-09-13T19:56:46.163-0400: 182.722: [GC (GCLocker Initiated GC) [PSYoungGen: 145275K->41566K(162304K)] 623781K->520349K(686592K), 0.0056760 secs] [Times: user=0.04 sys=0.00, real=0.01 secs] 
2016-09-13T19:56:46.346-0400: 182.904: [GC (GCLocker Initiated GC) [PSYoungGen: 161886K->23377K(190976K)] 643873K->505503K(715264K), 0.0054633 secs] [Times: user=0.04 sys=0.00, real=0.01 secs] 
2016-09-13T19:56:46.547-0400: 183.106: [GC (GCLocker Initiated GC) [PSYoungGen: 145233K->26256K(189440K)] 628900K->510100K(713728K), 0.0074805 secs] [Times: user=0.04 sys=0.00, real=0.01 secs] 
2016-09-13T19:56:46.781-0400: 183.339: [GC (GCLocker Initiated GC) [PSYoungGen: 148112K->6607K(189952K)] 633497K->502805K(714240K), 0.0067585 secs] [Times: user=0.06 sys=0.00, real=0.00 secs] 
2016-09-13T19:56:46.969-0400: 183.527: [GC (GCLocker Initiated GC) [PSYoungGen: 130511K->20340K(191488K)] 629772K->527470K(715776K), 0.0068408 secs] [Times: user=0.04 sys=0.00, real=0.00 secs] 
2016-09-13T19:56:47.192-0400: 183.750: [Full GC (Ergonomics) [PSYoungGen: 144244K->0K(191488K)] [ParOldGen: 508850K->35105K(524288K)] 653094K->35105K(715776K), [Metaspace: 44652K->44652K(1087488K)], 0.0591986 secs] [Times: user=0.26 sys=0.01, real=0.06 secs] 
2016-09-13T19:56:47.413-0400: 183.971: [GC (GCLocker Initiated GC) [PSYoungGen: 123904K->64792K(178176K)] 159282K->109284K(702464K), 0.0215889 secs] [Times: user=0.24 sys=0.00, real=0.02 secs] 
2016-09-13T19:56:47.596-0400: 184.154: [GC (GCLocker Initiated GC) [PSYoungGen: 177432K->40270K(187392K)] 223700K->91537K(711680K), 0.0058655 secs] [Times: user=0.05 sys=0.00, real=0.00 secs] 
2016-09-13T19:56:47.744-0400: 184.302: [GC (GCLocker Initiated GC) [PSYoungGen: 152910K->30967K(179712K)] 211808K->89928K(704000K), 0.0465464 secs] [Times: user=0.51 sys=0.00, real=0.05 secs] 
2016-09-13T19:56:47.943-0400: 184.501: [GC (Allocation Failure) [PSYoungGen: 145143K->47831K(184320K)] 204107K->113044K(708608K), 0.0172108 secs] [Times: user=0.13 sys=0.01, real=0.02 secs] 
2016-09-13T19:56:48.099-0400: 184.657: [GC (GCLocker Initiated GC) [PSYoungGen: 161804K->64571K(176128K)] 228536K->133200K(700416K), 0.0063050 secs] [Times: user=0.06 sys=0.00, real=0.00 secs] 
2016-09-13T19:56:48.299-0400: 184.858: [GC (GCLocker Initiated GC) [PSYoungGen: 169019K->32645K(183296K)] 251515K->115268K(707584K), 0.0213262 secs] [Times: user=0.22 sys=0.01, real=0.02 secs] 
2016-09-13T19:56:48.499-0400: 185.057: [GC (GCLocker Initiated GC) [PSYoungGen: 137093K->28093K(176128K)] 235118K->126191K(700416K), 0.0086282 secs] [Times: user=0.08 sys=0.00, real=0.00 secs] 
2016-09-13T19:56:48.684-0400: 185.243: [GC (GCLocker Initiated GC) [PSYoungGen: 135613K->44762K(181248K)] 233925K->143352K(705536K), 0.0204947 secs] [Times: user=0.20 sys=0.00, real=0.02 secs] 
2016-09-13T19:56:48.872-0400: 185.430: [GC (GCLocker Initiated GC) [PSYoungGen: 152281K->28125K(184320K)] 257284K->133387K(708608K), 0.0110514 secs] [Times: user=0.10 sys=0.01, real=0.01 secs] 
2016-09-13T19:56:49.068-0400: 185.626: [GC (GCLocker Initiated GC) [PSYoungGen: 143837K->40047K(186880K)] 249202K->145606K(711168K), 0.0479450 secs] [Times: user=0.44 sys=0.00, real=0.05 secs] 
2016-09-13T19:56:49.269-0400: 185.827: [GC (GCLocker Initiated GC) [PSYoungGen: 155759K->27960K(187904K)] 267527K->139850K(712192K), 0.0061555 secs] [Times: user=0.04 sys=0.00, real=0.00 secs] 
2016-09-13T19:56:49.470-0400: 186.028: [GC (GCLocker Initiated GC) [PSYoungGen: 150328K->24959K(189440K)] 262301K->137118K(713728K), 0.0051351 secs] [Times: user=0.02 sys=0.00, real=0.00 secs] 
2016-09-13T19:56:49.661-0400: 186.219: [GC (GCLocker Initiated GC) [PSYoungGen: 147327K->26570K(191488K)] 267118K->146504K(715776K), 0.0265383 secs] [Times: user=0.26 sys=0.00, real=0.02 secs] 
2016-09-13T19:56:49.871-0400: 186.429: [GC (GCLocker Initiated GC) [PSYoungGen: 155594K->55485K(184832K)] 275643K->177190K(709120K), 0.0299067 secs] [Times: user=0.30 sys=0.01, real=0.03 secs] 
2016-09-13T19:56:50.100-0400: 186.659: [GC (GCLocker Initiated GC) [PSYoungGen: 184509K->41849K(194048K)] 307792K->169972K(718336K), 0.0134740 secs] [Times: user=0.10 sys=0.00, real=0.01 secs] 
2016-09-13T19:56:50.291-0400: 186.849: [GC (Allocation Failure) [PSYoungGen: 166777K->46314K(193024K)] 301314K->180963K(717312K), 0.0091555 secs] [Times: user=0.09 sys=0.00, real=0.01 secs] 
2016-09-13T19:56:50.513-0400: 187.071: [GC (GCLocker Initiated GC) [PSYoungGen: 171242K->40174K(190464K)] 305894K->174957K(714752K), 0.0084985 secs] [Times: user=0.06 sys=0.00, real=0.01 secs] 
2016-09-13T19:56:50.701-0400: 187.260: [GC (GCLocker Initiated GC) [PSYoungGen: 165614K->46195K(192000K)] 308325K->189190K(716288K), 0.0096233 secs] [Times: user=0.09 sys=0.00, real=0.01 secs] 
2016-09-13T19:56:50.900-0400: 187.459: [GC (GCLocker Initiated GC) [PSYoungGen: 171635K->65961K(181248K)] 314712K->209232K(705536K), 0.0283779 secs] [Times: user=0.29 sys=0.00, real=0.03 secs] 
2016-09-13T19:56:51.100-0400: 187.658: [GC (GCLocker Initiated GC) [PSYoungGen: 180649K->41603K(188416K)] 324129K->197517K(712704K), 0.0067321 secs] [Times: user=0.06 sys=0.00, real=0.00 secs] 
2016-09-13T19:56:51.288-0400: 187.846: [GC (GCLocker Initiated GC) [PSYoungGen: 156291K->31030K(183296K)] 324381K->199242K(707584K), 0.0344539 secs] [Times: user=0.31 sys=0.00, real=0.03 secs] 
2016-09-13T19:56:51.505-0400: 188.064: [GC (GCLocker Initiated GC) [PSYoungGen: 148790K->28275K(187392K)] 329227K->224141K(711680K), 0.0076460 secs] [Times: user=0.08 sys=0.00, real=0.01 secs] 
2016-09-13T19:56:51.699-0400: 188.258: [GC (GCLocker Initiated GC) [PSYoungGen: 146035K->29517K(189440K)] 354252K->237885K(713728K), 0.0096717 secs] [Times: user=0.09 sys=0.00, real=0.01 secs] 
2016-09-13T19:56:51.917-0400: 188.476: [GC (GCLocker Initiated GC) [PSYoungGen: 153421K->32522K(191488K)] 367889K->247128K(715776K), 0.0470498 secs] [Times: user=0.48 sys=0.00, real=0.04 secs] 
2016-09-13T19:56:52.134-0400: 188.692: [GC (GCLocker Initiated GC) [PSYoungGen: 156426K->43090K(193536K)] 372568K->263924K(717824K), 0.0117483 secs] [Times: user=0.10 sys=0.00, real=0.01 secs] 
2016-09-13T19:56:52.343-0400: 188.902: [GC (Allocation Failure) [PSYoungGen: 172114K->2077K(194048K)] 405374K->241527K(718336K), 0.0151801 secs] [Times: user=0.14 sys=0.00, real=0.02 secs] 
2016-09-13T19:56:52.547-0400: 189.106: [GC (GCLocker Initiated GC) [PSYoungGen: 130089K->38715K(195584K)] 371057K->279909K(719872K), 0.0098484 secs] [Times: user=0.09 sys=0.00, real=0.02 secs] 
2016-09-13T19:56:52.746-0400: 189.305: [GC (Allocation Failure) [PSYoungGen: 166203K->26378K(154112K)] 407430K->267686K(678400K), 0.0186768 secs] [Times: user=0.15 sys=0.00, real=0.02 secs] 
2016-09-13T19:56:52.979-0400: 189.538: [GC (GCLocker Initiated GC) [PSYoungGen: 150145K->10022K(191488K)] 397527K->263736K(715776K), 0.0224113 secs] [Times: user=0.25 sys=0.00, real=0.02 secs] 
2016-09-13T19:56:53.210-0400: 189.769: [GC (GCLocker Initiated GC) [PSYoungGen: 136486K->5153K(192512K)] 402543K->271506K(716800K), 0.0255753 secs] [Times: user=0.32 sys=0.00, real=0.03 secs] 
2016-09-13T19:56:53.412-0400: 189.970: [GC (GCLocker Initiated GC) [PSYoungGen: 131617K->32458K(192000K)] 398023K->298987K(716288K), 0.0181325 secs] [Times: user=0.18 sys=0.00, real=0.02 secs] 
2016-09-13T19:56:53.612-0400: 190.170: [GC (GCLocker Initiated GC) [PSYoungGen: 161482K->28274K(193536K)] 429555K->307268K(717824K), 0.0147382 secs] [Times: user=0.15 sys=0.00, real=0.01 secs] 
2016-09-13T19:56:53.850-0400: 190.409: [GC (GCLocker Initiated GC) [PSYoungGen: 157298K->23442K(194048K)] 450232K->322759K(718336K), 0.0229031 secs] [Times: user=0.26 sys=0.00, real=0.02 secs] 
2016-09-13T19:56:54.064-0400: 190.623: [GC (GCLocker Initiated GC) [PSYoungGen: 159634K->46435K(195072K)] 459174K->346047K(719360K), 0.0055782 secs] [Times: user=0.06 sys=0.00, real=0.01 secs] 
2016-09-13T19:56:54.272-0400: 190.831: [GC (GCLocker Initiated GC) [PSYoungGen: 182627K->42962K(196608K)] 482379K->343033K(720896K), 0.0136728 secs] [Times: user=0.12 sys=0.00, real=0.01 secs] 
2016-09-13T19:56:54.504-0400: 191.062: [GC (GCLocker Initiated GC) [PSYoungGen: 177106K->56822K(190976K)] 477476K->361844K(715264K), 0.0150523 secs] [Times: user=0.14 sys=0.00, real=0.02 secs] 
2016-09-13T19:56:54.705-0400: 191.264: [GC (GCLocker Initiated GC) [PSYoungGen: 190966K->67607K(174592K)] 496070K->372889K(698880K), 0.0221424 secs] [Times: user=0.23 sys=0.01, real=0.02 secs] 
2016-09-13T19:56:54.904-0400: 191.462: [GC (GCLocker Initiated GC) [PSYoungGen: 172055K->44545K(183296K)] 477370K->351784K(707584K), 0.0294401 secs] [Times: user=0.29 sys=0.00, real=0.03 secs] 
2016-09-13T19:56:55.075-0400: 191.634: [GC (GCLocker Initiated GC) [PSYoungGen: 148993K->61374K(175616K)] 456373K->376444K(699904K), 0.0148889 secs] [Times: user=0.15 sys=0.00, real=0.02 secs] 
2016-09-13T19:56:55.230-0400: 191.789: [GC (GCLocker Initiated GC) [PSYoungGen: 159678K->31098K(180224K)] 474919K->346552K(704512K), 0.0102131 secs] [Times: user=0.10 sys=0.00, real=0.01 secs] 
2016-09-13T19:56:55.383-0400: 191.942: [GC (GCLocker Initiated GC) [PSYoungGen: 129402K->27960K(174080K)] 446503K->345333K(698368K), 0.0114058 secs] [Times: user=0.11 sys=0.00, real=0.01 secs] 
2016-09-13T19:56:55.556-0400: 192.114: [GC (Allocation Failure) [PSYoungGen: 128824K->23528K(178176K)] 446285K->341179K(702464K), 0.0102144 secs] [Times: user=0.14 sys=0.00, real=0.01 secs] 
2016-09-13T19:56:55.726-0400: 192.285: [GC (GCLocker Initiated GC) [PSYoungGen: 122612K->46350K(182784K)] 446339K->370306K(707072K), 0.0072475 secs] [Times: user=0.09 sys=0.00, real=0.01 secs] 
2016-09-13T19:56:55.900-0400: 192.458: [GC (GCLocker Initiated GC) [PSYoungGen: 154894K->20307K(184320K)] 489705K->355233K(708608K), 0.0205472 secs] [Times: user=0.25 sys=0.00, real=0.02 secs] 
2016-09-13T19:56:56.099-0400: 192.658: [GC (GCLocker Initiated GC) [PSYoungGen: 128851K->35832K(178688K)] 475988K->383227K(702976K), 0.0075069 secs] [Times: user=0.10 sys=0.00, real=0.00 secs] 
2016-09-13T19:56:56.287-0400: 192.845: [GC (GCLocker Initiated GC) [PSYoungGen: 147448K->26537K(182784K)] 500955K->387910K(707072K), 0.0068991 secs] [Times: user=0.04 sys=0.00, real=0.01 secs] 
2016-09-13T19:56:56.473-0400: 193.032: [GC (GCLocker Initiated GC) [PSYoungGen: 138153K->47896K(189952K)] 499797K->409773K(714240K), 0.0113973 secs] [Times: user=0.14 sys=0.00, real=0.01 secs] 
2016-09-13T19:56:56.664-0400: 193.223: [GC (GCLocker Initiated GC) [PSYoungGen: 168728K->44694K(191488K)] 530819K->411480K(715776K), 0.0134166 secs] [Times: user=0.17 sys=0.00, real=0.02 secs] 
2016-09-13T19:56:56.847-0400: 193.406: [GC (GCLocker Initiated GC) [PSYoungGen: 165526K->44885K(189952K)] 532343K->411915K(714240K), 0.0186528 secs] [Times: user=0.19 sys=0.01, real=0.02 secs] 
2016-09-13T19:56:57.065-0400: 193.624: [GC (GCLocker Initiated GC) [PSYoungGen: 166229K->46415K(190976K)] 535027K->429178K(715264K), 0.0085877 secs] [Times: user=0.11 sys=0.00, real=0.01 secs] 
2016-09-13T19:56:57.247-0400: 193.806: [GC (Allocation Failure) [PSYoungGen: 167759K->46404K(192512K)] 550642K->429537K(716800K), 0.0145640 secs] [Times: user=0.19 sys=0.01, real=0.02 secs] 
2016-09-13T19:56:57.464-0400: 194.023: [GC (GCLocker Initiated GC) [PSYoungGen: 169284K->65998K(188928K)] 552428K->449419K(713216K), 0.0314691 secs] [Times: user=0.29 sys=0.01, real=0.04 secs] 
2016-09-13T19:56:57.687-0400: 194.245: [GC (GCLocker Initiated GC) [PSYoungGen: 188878K->27955K(184832K)] 578500K->417762K(709120K), 0.0067046 secs] [Times: user=0.05 sys=0.00, real=0.01 secs] 
2016-09-13T19:56:57.870-0400: 194.428: [GC (GCLocker Initiated GC) [PSYoungGen: 139571K->56695K(168448K)] 530921K->448379K(692736K), 0.0097819 secs] [Times: user=0.06 sys=0.00, real=0.01 secs] 
2016-09-13T19:56:58.051-0400: 194.610: [GC (GCLocker Initiated GC) [PSYoungGen: 168311K->17420K(183296K)] 572211K->421517K(707584K), 0.0211235 secs] [Times: user=0.23 sys=0.00, real=0.02 secs] 
2016-09-13T19:56:58.222-0400: 194.781: [GC (GCLocker Initiated GC) [PSYoungGen: 122892K->29452K(135168K)] 527178K->441625K(659456K), 0.0065566 secs] [Times: user=0.05 sys=0.00, real=0.01 secs] 
2016-09-13T19:56:58.404-0400: 194.963: [GC (GCLocker Initiated GC) [PSYoungGen: 134924K->34250K(184832K)] 553255K->457354K(709120K), 0.0105530 secs] [Times: user=0.10 sys=0.00, real=0.01 secs] 
2016-09-13T19:56:58.601-0400: 195.160: [GC (GCLocker Initiated GC) [PSYoungGen: 142794K->11196K(182272K)] 565912K->442012K(706560K), 0.0320973 secs] [Times: user=0.35 sys=0.00, real=0.03 secs] 
2016-09-13T19:56:58.817-0400: 195.376: [GC (GCLocker Initiated GC) [PSYoungGen: 119740K->56727K(180224K)] 558180K->496832K(704512K), 0.0223399 secs] [Times: user=0.21 sys=0.00, real=0.02 secs] 
2016-09-13T19:56:58.975-0400: 195.534: [GC (GCLocker Initiated GC) [PSYoungGen: 162199K->46216K(183808K)] 604022K->495748K(708096K), 0.0315553 secs] [Times: user=0.31 sys=0.00, real=0.03 secs] 
2016-09-13T19:56:59.123-0400: 195.682: [GC (Allocation Failure) [PSYoungGen: 151688K->49287K(183296K)] 602833K->500794K(707584K), 0.0059635 secs] [Times: user=0.04 sys=0.01, real=0.01 secs] 
2016-09-13T19:56:59.130-0400: 195.688: [GC (GCLocker Initiated GC) [PSYoungGen: 49301K->32K(106496K)] 500808K->506646K(630784K), 0.0085621 secs] [Times: user=0.09 sys=0.00, real=0.01 secs] 
2016-09-13T19:56:59.138-0400: 195.697: [Full GC (Ergonomics) [PSYoungGen: 32K->0K(106496K)] [ParOldGen: 506614K->42555K(524288K)] 506646K->42555K(630784K), [Metaspace: 44670K->44670K(1087488K)], 0.0573592 secs] [Times: user=0.31 sys=0.01, real=0.06 secs] 
2016-09-13T19:56:59.324-0400: 195.883: [GC (GCLocker Initiated GC) [PSYoungGen: 105984K->61751K(171008K)] 148542K->104309K(695296K), 0.0104531 secs] [Times: user=0.11 sys=0.00, real=0.01 secs] 
2016-09-13T19:56:59.452-0400: 196.010: [GC (GCLocker Initiated GC) [PSYoungGen: 151863K->19034K(176128K)] 200523K->74371K(700416K), 0.0086015 secs] [Times: user=0.09 sys=0.01, real=0.01 secs] 
2016-09-13T19:56:59.597-0400: 196.156: [GC (GCLocker Initiated GC) [PSYoungGen: 109146K->44768K(171520K)] 164703K->111209K(695808K), 0.0066790 secs] [Times: user=0.07 sys=0.00, real=0.00 secs] 
2016-09-13T19:56:59.735-0400: 196.293: [GC (GCLocker Initiated GC) [PSYoungGen: 136416K->64545K(174592K)] 203075K->131437K(698880K), 0.0132918 secs] [Times: user=0.14 sys=0.00, real=0.02 secs] 
2016-09-13T19:56:59.882-0400: 196.441: [GC (Allocation Failure) [PSYoungGen: 156193K->46128K(176128K)] 223107K->113172K(700416K), 0.0205984 secs] [Times: user=0.20 sys=0.00, real=0.02 secs] 
2016-09-13T19:57:00.033-0400: 196.591: [GC (GCLocker Initiated GC) [PSYoungGen: 135216K->43280K(132608K)] 203779K->121126K(656896K), 0.0211678 secs] [Times: user=0.25 sys=0.00, real=0.02 secs] 
2016-09-13T19:57:00.176-0400: 196.735: [GC (GCLocker Initiated GC) [PSYoungGen: 132368K->9959K(170496K)] 217869K->95776K(694784K), 0.0079503 secs] [Times: user=0.11 sys=0.00, real=0.00 secs] 
2016-09-13T19:57:00.308-0400: 196.866: [GC (GCLocker Initiated GC) [PSYoungGen: 98023K->35751K(171520K)] 185378K->123343K(695808K), 0.0051609 secs] [Times: user=0.06 sys=0.00, real=0.00 secs] 
2016-09-13T19:57:00.474-0400: 197.033: [GC (GCLocker Initiated GC) [PSYoungGen: 123815K->29608K(175616K)] 217558K->135675K(699904K), 0.0083367 secs] [Times: user=0.10 sys=0.00, real=0.01 secs] 
2016-09-13T19:57:00.640-0400: 197.199: [GC (Allocation Failure) [PSYoungGen: 128936K->32836K(175616K)] 235167K->146922K(699904K), 0.0065287 secs] [Times: user=0.10 sys=0.00, real=0.00 secs] 
2016-09-13T19:57:00.785-0400: 197.343: [GC (Allocation Failure) [PSYoungGen: 132164K->29699K(183296K)] 246250K->143975K(707584K), 0.0059968 secs] [Times: user=0.09 sys=0.00, real=0.01 secs] 
2016-09-13T19:57:00.952-0400: 197.510: [GC (Allocation Failure) [PSYoungGen: 141827K->46095K(182784K)] 256103K->160560K(707072K), 0.0182714 secs] [Times: user=0.19 sys=0.00, real=0.02 secs] 
2016-09-13T19:57:01.130-0400: 197.689: [GC (GCLocker Initiated GC) [PSYoungGen: 158117K->26378K(187904K)] 274101K->142482K(712192K), 0.0095936 secs] [Times: user=0.11 sys=0.00, real=0.01 secs] 
2016-09-13T19:57:01.320-0400: 197.879: [GC (Allocation Failure) [PSYoungGen: 146698K->41852K(189440K)] 264510K->159869K(713728K), 0.0163565 secs] [Times: user=0.20 sys=0.00, real=0.02 secs] 
2016-09-13T19:57:01.510-0400: 198.069: [GC (GCLocker Initiated GC) [PSYoungGen: 162172K->46351K(193024K)] 280194K->164540K(717312K), 0.0129400 secs] [Times: user=0.15 sys=0.00, real=0.01 secs] 
2016-09-13T19:57:01.726-0400: 198.284: [GC (Allocation Failure) [PSYoungGen: 171279K->46318K(171520K)] 289753K->165060K(695808K), 0.0146404 secs] [Times: user=0.15 sys=0.01, real=0.02 secs] 
2016-09-13T19:57:01.940-0400: 198.499: [GC (GCLocker Initiated GC) [PSYoungGen: 171246K->46249K(193024K)] 289989K->165135K(717312K), 0.0137979 secs] [Times: user=0.12 sys=0.00, real=0.01 secs] 
2016-09-13T19:57:02.156-0400: 198.715: [GC (GCLocker Initiated GC) [PSYoungGen: 170153K->25136K(149504K)] 290712K->145841K(673792K), 0.0139990 secs] [Times: user=0.11 sys=0.00, real=0.01 secs] 
2016-09-13T19:57:02.341-0400: 198.899: [GC (GCLocker Initiated GC) [PSYoungGen: 149040K->28115K(194048K)] 277423K->156731K(718336K), 0.0324465 secs] [Times: user=0.33 sys=0.01, real=0.03 secs] 
2016-09-13T19:57:02.543-0400: 199.101: [GC (GCLocker Initiated GC) [PSYoungGen: 153555K->32714K(158208K)] 283805K->167671K(682496K), 0.0104744 secs] [Times: user=0.13 sys=0.00, real=0.01 secs] 
2016-09-13T19:57:02.742-0400: 199.300: [GC (GCLocker Initiated GC) [PSYoungGen: 158154K->47928K(189440K)] 293173K->190862K(713728K), 0.0078783 secs] [Times: user=0.10 sys=0.00, real=0.01 secs] 
2016-09-13T19:57:02.957-0400: 199.515: [GC (GCLocker Initiated GC) [PSYoungGen: 172856K->46373K(190976K)] 316091K->189833K(715264K), 0.0096761 secs] [Times: user=0.11 sys=0.00, real=0.00 secs] 
2016-09-13T19:57:03.168-0400: 199.727: [GC (GCLocker Initiated GC) [PSYoungGen: 171301K->41943K(193536K)] 316430K->187211K(717824K), 0.0070972 secs] [Times: user=0.06 sys=0.00, real=0.00 secs] 
2016-09-13T19:57:03.361-0400: 199.920: [GC (GCLocker Initiated GC) [PSYoungGen: 171479K->31004K(194560K)] 316987K->176808K(718848K), 0.0137703 secs] [Times: user=0.15 sys=0.00, real=0.01 secs] 
2016-09-13T19:57:03.586-0400: 200.145: [GC (GCLocker Initiated GC) [PSYoungGen: 160540K->23304K(196096K)] 309590K->172402K(720384K), 0.0099246 secs] [Times: user=0.07 sys=0.00, real=0.02 secs] 
2016-09-13T19:57:03.814-0400: 200.372: [GC (GCLocker Initiated GC) [PSYoungGen: 156424K->47864K(196608K)] 305741K->197386K(720896K), 0.0286793 secs] [Times: user=0.29 sys=0.00, real=0.03 secs] 
2016-09-13T19:57:04.056-0400: 200.615: [GC (GCLocker Initiated GC) [PSYoungGen: 180984K->29419K(197632K)] 342830K->192896K(721920K), 0.0105556 secs] [Times: user=0.10 sys=0.00, real=0.00 secs] 
2016-09-13T19:57:04.253-0400: 200.812: [GC (GCLocker Initiated GC) [PSYoungGen: 162539K->32672K(165888K)] 332157K->202491K(690176K), 0.0097909 secs] [Times: user=0.08 sys=0.00, real=0.01 secs] 
2016-09-13T19:57:04.495-0400: 201.054: [GC (GCLocker Initiated GC) [PSYoungGen: 165792K->52330K(192000K)] 335678K->222445K(716288K), 0.0307746 secs] [Times: user=0.31 sys=0.00, real=0.03 secs] 
2016-09-13T19:57:04.700-0400: 201.258: [GC (GCLocker Initiated GC) [PSYoungGen: 182378K->63085K(193536K)] 352670K->245702K(717824K), 0.0109587 secs] [Times: user=0.12 sys=0.00, real=0.01 secs] 
2016-09-13T19:57:04.897-0400: 201.455: [GC (GCLocker Initiated GC) [PSYoungGen: 193133K->29570K(189440K)] 388115K->226276K(713728K), 0.0134146 secs] [Times: user=0.14 sys=0.00, real=0.01 secs] 
2016-09-13T19:57:05.129-0400: 201.688: [GC (GCLocker Initiated GC) [PSYoungGen: 150402K->27897K(191488K)] 347289K->231054K(715776K), 0.0099032 secs] [Times: user=0.08 sys=0.00, real=0.01 secs] 
2016-09-13T19:57:05.316-0400: 201.874: [GC (GCLocker Initiated GC) [PSYoungGen: 148729K->27997K(187392K)] 355065K->234439K(711680K), 0.0177976 secs] [Times: user=0.14 sys=0.00, real=0.01 secs] 
2016-09-13T19:57:05.504-0400: 202.063: [GC (GCLocker Initiated GC) [PSYoungGen: 149853K->50620K(189952K)] 356320K->257254K(714240K), 0.0217159 secs] [Times: user=0.23 sys=0.00, real=0.02 secs] 
2016-09-13T19:57:05.718-0400: 202.276: [GC (GCLocker Initiated GC) [PSYoungGen: 172476K->46494K(192512K)] 380662K->265415K(716800K), 0.0063019 secs] [Times: user=0.04 sys=0.00, real=0.00 secs] 
2016-09-13T19:57:05.916-0400: 202.474: [GC (Allocation Failure) [PSYoungGen: 168862K->29447K(152064K)] 387805K->250299K(676352K), 0.0410983 secs] [Times: user=0.43 sys=0.00, real=0.04 secs] 
2016-09-13T19:57:06.100-0400: 202.659: [GC (GCLocker Initiated GC) [PSYoungGen: 151815K->61405K(182272K)] 372673K->284049K(706560K), 0.0111954 secs] [Times: user=0.11 sys=0.00, real=0.01 secs] 
2016-09-13T19:57:06.282-0400: 202.841: [GC (GCLocker Initiated GC) [PSYoungGen: 175069K->46217K(187904K)] 397796K->269146K(712192K), 0.0112995 secs] [Times: user=0.13 sys=0.00, real=0.01 secs] 
2016-09-13T19:57:06.457-0400: 203.016: [GC (GCLocker Initiated GC) [PSYoungGen: 159881K->46441K(184320K)] 383045K->269822K(708608K), 0.0124475 secs] [Times: user=0.13 sys=0.00, real=0.01 secs] 
2016-09-13T19:57:06.665-0400: 203.224: [GC (GCLocker Initiated GC) [PSYoungGen: 161641K->28023K(186880K)] 392794K->259373K(711168K), 0.0269394 secs] [Times: user=0.30 sys=0.00, real=0.03 secs] 
2016-09-13T19:57:06.862-0400: 203.420: [GC (GCLocker Initiated GC) [PSYoungGen: 143223K->46096K(187904K)] 374791K->277841K(712192K), 0.0085217 secs] [Times: user=0.05 sys=0.00, real=0.01 secs] 
2016-09-13T19:57:07.056-0400: 203.614: [GC (GCLocker Initiated GC) [PSYoungGen: 165392K->22109K(189440K)] 409352K->266224K(713728K), 0.0041967 secs] [Times: user=0.05 sys=0.00, real=0.00 secs] 
2016-09-13T19:57:07.255-0400: 203.814: [GC (GCLocker Initiated GC) [PSYoungGen: 141405K->40047K(186880K)] 385743K->286105K(711168K), 0.0131291 secs] [Times: user=0.13 sys=0.00, real=0.02 secs] 
2016-09-13T19:57:07.453-0400: 204.012: [GC (GCLocker Initiated GC) [PSYoungGen: 161903K->28056K(189440K)] 414187K->280486K(713728K), 0.0238099 secs] [Times: user=0.31 sys=0.00, real=0.03 secs] 
2016-09-13T19:57:07.654-0400: 204.212: [GC (Allocation Failure) [PSYoungGen: 149912K->47737K(193536K)] 402409K->300380K(717824K), 0.0397512 secs] [Times: user=0.44 sys=0.00, real=0.04 secs] 
2016-09-13T19:57:07.890-0400: 204.449: [GC (GCLocker Initiated GC) [PSYoungGen: 174713K->67580K(194560K)] 427363K->328070K(718848K), 0.0078826 secs] [Times: user=0.07 sys=0.00, real=0.01 secs] 
2016-09-13T19:57:08.070-0400: 204.629: [GC (GCLocker Initiated GC) [PSYoungGen: 194556K->46686K(182272K)] 456765K->309207K(706560K), 0.0233159 secs] [Times: user=0.28 sys=0.00, real=0.02 secs] 
2016-09-13T19:57:08.270-0400: 204.829: [GC (GCLocker Initiated GC) [PSYoungGen: 161374K->41746K(188416K)] 425606K->306305K(712704K), 0.0223249 secs] [Times: user=0.23 sys=0.01, real=0.02 secs] 
2016-09-13T19:57:08.446-0400: 205.004: [GC (GCLocker Initiated GC) [PSYoungGen: 156434K->50779K(186368K)] 421018K->315557K(710656K), 0.0120238 secs] [Times: user=0.09 sys=0.00, real=0.02 secs] 
2016-09-13T19:57:08.654-0400: 205.212: [GC (GCLocker Initiated GC) [PSYoungGen: 168539K->26405K(188928K)] 433364K->298951K(713216K), 0.0067631 secs] [Times: user=0.04 sys=0.01, real=0.01 secs] 
2016-09-13T19:57:08.851-0400: 205.409: [GC (GCLocker Initiated GC) [PSYoungGen: 144165K->39988K(185856K)] 418481K->316053K(710144K), 0.0249461 secs] [Times: user=0.23 sys=0.01, real=0.03 secs] 
2016-09-13T19:57:09.047-0400: 205.606: [GC (GCLocker Initiated GC) [PSYoungGen: 159796K->47827K(188416K)] 435952K->324113K(712704K), 0.0111680 secs] [Times: user=0.10 sys=0.00, real=0.02 secs] 
2016-09-13T19:57:09.229-0400: 205.787: [GC (Allocation Failure) [PSYoungGen: 167635K->28114K(193024K)] 444020K->309308K(717312K), 0.0098544 secs] [Times: user=0.09 sys=0.00, real=0.01 secs] 
2016-09-13T19:57:09.414-0400: 205.973: [GC (GCLocker Initiated GC) [PSYoungGen: 153229K->43021K(168960K)] 435941K->330562K(693248K), 0.0266215 secs] [Times: user=0.25 sys=0.00, real=0.03 secs] 
2016-09-13T19:57:09.626-0400: 206.184: [GC (GCLocker Initiated GC) [PSYoungGen: 168461K->29538K(193024K)] 456125K->317340K(717312K), 0.0068567 secs] [Times: user=0.04 sys=0.01, real=0.01 secs] 
2016-09-13T19:57:09.820-0400: 206.378: [GC (GCLocker Initiated GC) [PSYoungGen: 156514K->27870K(192512K)] 444437K->323663K(716800K), 0.0133992 secs] [Times: user=0.12 sys=0.00, real=0.01 secs] 
2016-09-13T19:57:10.036-0400: 206.595: [GC (GCLocker Initiated GC) [PSYoungGen: 154846K->29538K(195584K)] 450712K->325526K(719872K), 0.0222583 secs] [Times: user=0.19 sys=0.00, real=0.02 secs] 
2016-09-13T19:57:10.257-0400: 206.815: [GC (GCLocker Initiated GC) [PSYoungGen: 161122K->29516K(195584K)] 463419K->336588K(719872K), 0.0095295 secs] [Times: user=0.08 sys=0.00, real=0.00 secs] 
2016-09-13T19:57:10.498-0400: 207.057: [GC (GCLocker Initiated GC) [PSYoungGen: 161100K->5424K(193536K)] 474249K->318716K(717824K), 0.0253041 secs] [Times: user=0.26 sys=0.01, real=0.02 secs] 
2016-09-13T19:57:10.708-0400: 207.267: [GC (GCLocker Initiated GC) [PSYoungGen: 136496K->64607K(196096K)] 450005K->386009K(720384K), 0.0073332 secs] [Times: user=0.06 sys=0.00, real=0.01 secs] 
2016-09-13T19:57:10.909-0400: 207.467: [GC (GCLocker Initiated GC) [PSYoungGen: 195679K->6698K(177664K)] 530876K->360263K(701952K), 0.0417290 secs] [Times: user=0.43 sys=0.00, real=0.04 secs] 
2016-09-13T19:57:11.111-0400: 207.669: [GC (Allocation Failure) [PSYoungGen: 118314K->27897K(186880K)] 472110K->381946K(711168K), 0.0106767 secs] [Times: user=0.11 sys=0.00, real=0.01 secs] 
2016-09-13T19:57:11.284-0400: 207.843: [GC (GCLocker Initiated GC) [PSYoungGen: 138197K->41819K(181760K)] 493765K->397600K(706048K), 0.0315281 secs] [Times: user=0.31 sys=0.00, real=0.04 secs] 
2016-09-13T19:57:11.509-0400: 208.068: [GC (GCLocker Initiated GC) [PSYoungGen: 156507K->23282K(185856K)] 526071K->393031K(710144K), 0.0196481 secs] [Times: user=0.17 sys=0.00, real=0.02 secs] 
2016-09-13T19:57:11.718-0400: 208.276: [GC (GCLocker Initiated GC) [PSYoungGen: 137970K->56944K(182272K)] 507839K->427010K(706560K), 0.0186846 secs] [Times: user=0.18 sys=0.00, real=0.02 secs] 
2016-09-13T19:57:11.862-0400: 208.420: [GC (GCLocker Initiated GC) [PSYoungGen: 169584K->41698K(187392K)] 541239K->421294K(711680K), 0.0131111 secs] [Times: user=0.13 sys=0.00, real=0.01 secs] 
2016-09-13T19:57:12.055-0400: 208.614: [GC (GCLocker Initiated GC) [PSYoungGen: 154338K->32521K(179712K)] 534095K->412342K(704000K), 0.0099079 secs] [Times: user=0.07 sys=0.01, real=0.01 secs] 
2016-09-13T19:57:12.275-0400: 208.833: [GC (GCLocker Initiated GC) [PSYoungGen: 146697K->46095K(184320K)] 526778K->426302K(708608K), 0.0126035 secs] [Times: user=0.12 sys=0.00, real=0.01 secs] 
2016-09-13T19:57:12.435-0400: 208.993: [GC (Allocation Failure) [PSYoungGen: 160271K->27987K(188416K)] 542173K->410012K(712704K), 0.0085322 secs] [Times: user=0.07 sys=0.00, real=0.01 secs] 
2016-09-13T19:57:12.614-0400: 209.172: [GC (GCLocker Initiated GC) [PSYoungGen: 148725K->41538K(189952K)] 532268K->425342K(714240K), 0.0348395 secs] [Times: user=0.39 sys=0.00, real=0.04 secs] 
2016-09-13T19:57:12.832-0400: 209.391: [GC (GCLocker Initiated GC) [PSYoungGen: 162882K->47641K(192512K)] 548239K->433140K(716800K), 0.0072504 secs] [Times: user=0.04 sys=0.00, real=0.01 secs] 
2016-09-13T19:57:13.021-0400: 209.579: [GC (GCLocker Initiated GC) [PSYoungGen: 172569K->28029K(153088K)] 559609K->421341K(677376K), 0.0323168 secs] [Times: user=0.33 sys=0.00, real=0.03 secs] 
2016-09-13T19:57:13.239-0400: 209.797: [GC (GCLocker Initiated GC) [PSYoungGen: 152957K->49288K(191488K)] 546363K->445978K(715776K), 0.0066888 secs] [Times: user=0.06 sys=0.00, real=0.00 secs] 
2016-09-13T19:57:13.408-0400: 209.967: [GC (GCLocker Initiated GC) [PSYoungGen: 173704K->32458K(193024K)] 570551K->429494K(717312K), 0.0289679 secs] [Times: user=0.32 sys=0.00, real=0.03 secs] 
2016-09-13T19:57:13.620-0400: 210.179: [GC (Allocation Failure) [PSYoungGen: 156874K->31088K(190976K)] 554171K->428598K(715264K), 0.0100473 secs] [Times: user=0.09 sys=0.00, real=0.01 secs] 
2016-09-13T19:57:13.631-0400: 210.189: [GC (GCLocker Initiated GC) [PSYoungGen: 31259K->128K(192000K)] 428769K->433115K(716288K), 0.0062415 secs] [Times: user=0.05 sys=0.01, real=0.01 secs] 
2016-09-13T19:57:13.821-0400: 210.380: [GC (Allocation Failure) [PSYoungGen: 127090K->67703K(175616K)] 560078K->505247K(699904K), 0.0514953 secs] [Times: user=0.58 sys=0.01, real=0.05 secs] 
2016-09-13T19:57:14.052-0400: 210.611: [GC (GCLocker Initiated GC) [PSYoungGen: 173478K->22168K(184832K)] 617097K->507275K(709120K), 0.0139939 secs] [Times: user=0.15 sys=0.00, real=0.01 secs] 
2016-09-13T19:57:14.247-0400: 210.806: [Full GC (Ergonomics) [PSYoungGen: 129688K->0K(184832K)] [ParOldGen: 497528K->44335K(524288K)] 627216K->44335K(709120K), [Metaspace: 44679K->44679K(1087488K)], 0.0684499 secs] [Times: user=0.44 sys=0.02, real=0.08 secs] 
2016-09-13T19:57:14.455-0400: 211.013: [GC (Allocation Failure) [PSYoungGen: 107520K->70858K(167936K)] 158135K->121474K(692224K), 0.0070647 secs] [Times: user=0.06 sys=0.01, real=0.01 secs] 
2016-09-13T19:57:14.562-0400: 211.121: [GC (GCLocker Initiated GC) [PSYoungGen: 162190K->34354K(177152K)] 218881K->117251K(701440K), 0.0114927 secs] [Times: user=0.13 sys=0.00, real=0.01 secs] 
2016-09-13T19:57:14.689-0400: 211.248: [GC (GCLocker Initiated GC) [PSYoungGen: 126514K->44832K(169472K)] 215553K->134155K(693760K), 0.0102848 secs] [Times: user=0.09 sys=0.00, real=0.01 secs] 
2016-09-13T19:57:14.860-0400: 211.419: [GC (Allocation Failure) [PSYoungGen: 140576K->16066K(175104K)] 242180K->117868K(699392K), 0.0148712 secs] [Times: user=0.17 sys=0.00, real=0.01 secs] 
2016-09-13T19:57:15.016-0400: 211.575: [GC (GCLocker Initiated GC) [PSYoungGen: 111487K->28062K(176640K)] 214807K->139233K(700928K), 0.0196500 secs] [Times: user=0.21 sys=0.00, real=0.02 secs] 
2016-09-13T19:57:15.210-0400: 211.769: [GC (GCLocker Initiated GC) [PSYoungGen: 131486K->32708K(179712K)] 248874K->150325K(704000K), 0.0208677 secs] [Times: user=0.23 sys=0.00, real=0.02 secs] 
2016-09-13T19:57:15.369-0400: 211.928: [GC (GCLocker Initiated GC) [PSYoungGen: 136132K->44704K(185344K)] 253947K->168883K(709632K), 0.0075161 secs] [Times: user=0.06 sys=0.00, real=0.01 secs] 
2016-09-13T19:57:15.559-0400: 212.117: [GC (GCLocker Initiated GC) [PSYoungGen: 157344K->41816K(185344K)] 283240K->167826K(709632K), 0.0097947 secs] [Times: user=0.11 sys=0.00, real=0.01 secs] 
2016-09-13T19:57:15.740-0400: 212.299: [GC (GCLocker Initiated GC) [PSYoungGen: 154456K->14492K(187392K)] 286697K->146943K(711680K), 0.0044468 secs] [Times: user=0.04 sys=0.00, real=0.00 secs] 
2016-09-13T19:57:15.905-0400: 212.463: [GC (GCLocker Initiated GC) [PSYoungGen: 130716K->44800K(187904K)] 263224K->177442K(712192K), 0.0089312 secs] [Times: user=0.07 sys=0.00, real=0.01 secs] 
2016-09-13T19:57:16.100-0400: 212.658: [GC (GCLocker Initiated GC) [PSYoungGen: 161024K->23382K(187392K)] 302980K->170085K(711680K), 0.0195445 secs] [Times: user=0.25 sys=0.00, real=0.02 secs] 
2016-09-13T19:57:16.308-0400: 212.867: [GC (GCLocker Initiated GC) [PSYoungGen: 142166K->60023K(179200K)] 292147K->210214K(703488K), 0.0083744 secs] [Times: user=0.10 sys=0.00, real=0.01 secs] 
2016-09-13T19:57:16.519-0400: 213.077: [GC (GCLocker Initiated GC) [PSYoungGen: 178807K->43121K(187904K)] 335110K->199555K(712192K), 0.0101498 secs] [Times: user=0.08 sys=0.00, real=0.01 secs] 
2016-09-13T19:57:16.699-0400: 213.258: [GC (GCLocker Initiated GC) [PSYoungGen: 155249K->47678K(186368K)] 317872K->210535K(710656K), 0.0093851 secs] [Times: user=0.09 sys=0.00, real=0.01 secs] 
2016-09-13T19:57:16.899-0400: 213.457: [GC (GCLocker Initiated GC) [PSYoungGen: 159806K->23632K(186880K)] 332242K->208496K(711168K), 0.0115213 secs] [Times: user=0.16 sys=0.00, real=0.01 secs] 
2016-09-13T19:57:17.092-0400: 213.650: [GC (Allocation Failure) [PSYoungGen: 136784K->64639K(178176K)] 321936K->250153K(702464K), 0.0075064 secs] [Times: user=0.10 sys=0.00, real=0.01 secs] 
2016-09-13T19:57:17.284-0400: 213.842: [GC (GCLocker Initiated GC) [PSYoungGen: 177791K->50929K(181248K)] 363311K->236616K(705536K), 0.0078626 secs] [Times: user=0.08 sys=0.00, real=0.01 secs] 
2016-09-13T19:57:17.447-0400: 214.005: [GC (GCLocker Initiated GC) [PSYoungGen: 152305K->27993K(129536K)] 344189K->220000K(653824K), 0.0113404 secs] [Times: user=0.11 sys=0.00, real=0.02 secs] 
2016-09-13T19:57:17.623-0400: 214.181: [GC (GCLocker Initiated GC) [PSYoungGen: 129369K->34073K(182784K)] 321470K->226446K(707072K), 0.0102458 secs] [Times: user=0.08 sys=0.00, real=0.01 secs] 
2016-09-13T19:57:17.778-0400: 214.337: [GC (GCLocker Initiated GC) [PSYoungGen: 138521K->23308K(180224K)] 331108K->223781K(704512K), 0.0146651 secs] [Times: user=0.13 sys=0.01, real=0.01 secs] 
2016-09-13T19:57:17.950-0400: 214.509: [GC (Allocation Failure) [PSYoungGen: 127756K->5120K(181248K)] 331330K->208896K(705536K), 0.0105087 secs] [Times: user=0.10 sys=0.00, real=0.01 secs] 
2016-09-13T19:57:18.121-0400: 214.679: [GC (Allocation Failure) [PSYoungGen: 107470K->23532K(182784K)] 311246K->227525K(707072K), 0.0252838 secs] [Times: user=0.25 sys=0.00, real=0.02 secs] 
2016-09-13T19:57:18.288-0400: 214.847: [GC (GCLocker Initiated GC) [PSYoungGen: 129833K->49164K(183808K)] 339902K->259481K(708096K), 0.0152838 secs] [Times: user=0.13 sys=0.01, real=0.01 secs] 
2016-09-13T19:57:18.463-0400: 215.022: [GC (GCLocker Initiated GC) [PSYoungGen: 158732K->43243K(185344K)] 369115K->253926K(709632K), 0.0127115 secs] [Times: user=0.13 sys=0.00, real=0.02 secs] 
2016-09-13T19:57:18.649-0400: 215.208: [GC (GCLocker Initiated GC) [PSYoungGen: 152811K->31035K(179712K)] 369778K->248212K(704000K), 0.0151676 secs] [Times: user=0.15 sys=0.00, real=0.01 secs] 
2016-09-13T19:57:18.848-0400: 215.407: [GC (GCLocker Initiated GC) [PSYoungGen: 142651K->35592K(183296K)] 365937K->259009K(707584K), 0.0158850 secs] [Times: user=0.14 sys=0.00, real=0.01 secs] 
2016-09-13T19:57:19.055-0400: 215.614: [GC (GCLocker Initiated GC) [PSYoungGen: 147208K->11100K(189440K)] 376878K->246909K(713728K), 0.0278935 secs] [Times: user=0.25 sys=0.01, real=0.03 secs] 
2016-09-13T19:57:19.262-0400: 215.820: [GC (Allocation Failure) [PSYoungGen: 132444K->23341K(190464K)] 375890K->266902K(714752K), 0.0284395 secs] [Times: user=0.28 sys=0.00, real=0.03 secs] 
2016-09-13T19:57:19.464-0400: 216.023: [GC (GCLocker Initiated GC) [PSYoungGen: 144685K->58532K(181760K)] 388248K->302316K(706048K), 0.0284109 secs] [Times: user=0.24 sys=0.00, real=0.03 secs] 
2016-09-13T19:57:19.681-0400: 216.240: [GC (GCLocker Initiated GC) [PSYoungGen: 173220K->41688K(188416K)] 423367K->292092K(712704K), 0.0128990 secs] [Times: user=0.14 sys=0.00, real=0.01 secs] 
2016-09-13T19:57:19.867-0400: 216.426: [GC (GCLocker Initiated GC) [PSYoungGen: 156376K->12800K(186880K)] 419038K->275715K(711168K), 0.0111391 secs] [Times: user=0.08 sys=0.00, real=0.02 secs] 
2016-09-13T19:57:20.051-0400: 216.609: [GC (GCLocker Initiated GC) [PSYoungGen: 129024K->40116K(188416K)] 392137K->304870K(712704K), 0.0297576 secs] [Times: user=0.34 sys=0.00, real=0.03 secs] 
2016-09-13T19:57:20.252-0400: 216.810: [GC (GCLocker Initiated GC) [PSYoungGen: 156340K->34223K(182272K)] 427194K->305252K(706560K), 0.0144407 secs] [Times: user=0.16 sys=0.00, real=0.01 secs] 
2016-09-13T19:57:20.455-0400: 217.013: [GC (GCLocker Initiated GC) [PSYoungGen: 153007K->5376K(186368K)] 437984K->305844K(710656K), 0.0141308 secs] [Times: user=0.17 sys=0.00, real=0.02 secs] 
2016-09-13T19:57:20.652-0400: 217.211: [GC (Allocation Failure) [PSYoungGen: 124160K->64513K(175616K)] 424809K->365494K(699904K), 0.0078092 secs] [Times: user=0.10 sys=0.00, real=0.01 secs] 
2016-09-13T19:57:20.819-0400: 217.377: [GC (GCLocker Initiated GC) [PSYoungGen: 171008K->35651K(184320K)] 471992K->336723K(708608K), 0.0061460 secs] [Times: user=0.07 sys=0.00, real=0.00 secs] 
2016-09-13T19:57:20.976-0400: 217.535: [GC (GCLocker Initiated GC) [PSYoungGen: 142147K->32553K(173056K)] 443302K->333870K(697344K), 0.0245437 secs] [Times: user=0.29 sys=0.01, real=0.02 secs] 
2016-09-13T19:57:21.162-0400: 217.721: [GC (GCLocker Initiated GC) [PSYoungGen: 143145K->46410K(180736K)] 444697K->355885K(705024K), 0.0079586 secs] [Times: user=0.10 sys=0.00, real=0.01 secs] 
2016-09-13T19:57:21.321-0400: 217.880: [GC (GCLocker Initiated GC) [PSYoungGen: 157002K->38879K(188928K)] 468013K->350118K(713216K), 0.0059965 secs] [Times: user=0.04 sys=0.00, real=0.00 secs] 
2016-09-13T19:57:21.513-0400: 218.071: [GC (GCLocker Initiated GC) [PSYoungGen: 159711K->40217K(189952K)] 471093K->351714K(714240K), 0.0076041 secs] [Times: user=0.08 sys=0.00, real=0.01 secs] 
2016-09-13T19:57:21.719-0400: 218.277: [GC (Allocation Failure) [PSYoungGen: 161049K->44575K(192000K)] 472823K->356542K(716288K), 0.0220393 secs] [Times: user=0.17 sys=0.00, real=0.02 secs] 
2016-09-13T19:57:21.741-0400: 218.300: [GC (GCLocker Initiated GC) [PSYoungGen: 44584K->160K(125440K)] 356551K->361288K(649728K), 0.0081744 secs] [Times: user=0.10 sys=0.01, real=0.01 secs] 
2016-09-13T19:57:21.919-0400: 218.477: [GC (GCLocker Initiated GC) [PSYoungGen: 125088K->51030K(186368K)] 486219K->412177K(710656K), 0.0147800 secs] [Times: user=0.15 sys=0.01, real=0.01 secs] 
2016-09-13T19:57:22.099-0400: 218.657: [GC (GCLocker Initiated GC) [PSYoungGen: 166742K->65929K(181760K)] 528205K->433867K(706048K), 0.0113085 secs] [Times: user=0.10 sys=0.01, real=0.01 secs] 
2016-09-13T19:57:22.306-0400: 218.865: [GC (GCLocker Initiated GC) [PSYoungGen: 181641K->50747K(179712K)] 549621K->420529K(704000K), 0.0109923 secs] [Times: user=0.12 sys=0.00, real=0.02 secs] 
2016-09-13T19:57:22.477-0400: 219.035: [GC (GCLocker Initiated GC) [PSYoungGen: 150075K->44641K(144384K)] 519877K->429864K(668672K), 0.0218341 secs] [Times: user=0.25 sys=0.01, real=0.02 secs] 
2016-09-13T19:57:22.632-0400: 219.190: [GC (GCLocker Initiated GC) [PSYoungGen: 143969K->21918K(180736K)] 529328K->418047K(705024K), 0.0073838 secs] [Times: user=0.08 sys=0.00, real=0.01 secs] 
2016-09-13T19:57:22.796-0400: 219.355: [GC (GCLocker Initiated GC) [PSYoungGen: 123294K->12592K(179712K)] 520967K->410521K(704000K), 0.0256479 secs] [Times: user=0.32 sys=0.00, real=0.02 secs] 
2016-09-13T19:57:22.954-0400: 219.512: [GC (Allocation Failure) [PSYoungGen: 113968K->40141K(179200K)] 512145K->439949K(703488K), 0.0061427 secs] [Times: user=0.05 sys=0.00, real=0.01 secs] 
2016-09-13T19:57:23.113-0400: 219.672: [GC (GCLocker Initiated GC) [PSYoungGen: 145101K->67582K(172544K)] 544921K->467710K(696832K), 0.0071213 secs] [Times: user=0.08 sys=0.00, real=0.01 secs] 
2016-09-13T19:57:23.298-0400: 219.857: [GC (Allocation Failure) [PSYoungGen: 172542K->30972K(181248K)] 578776K->437376K(705536K), 0.0065921 secs] [Times: user=0.06 sys=0.00, real=0.00 secs] 
2016-09-13T19:57:23.473-0400: 220.032: [GC (GCLocker Initiated GC) [PSYoungGen: 128252K->46346K(143872K)] 534659K->465066K(668160K), 0.0159438 secs] [Times: user=0.23 sys=0.00, real=0.02 secs] 
2016-09-13T19:57:23.646-0400: 220.204: [GC (GCLocker Initiated GC) [PSYoungGen: 143626K->44640K(178688K)] 564091K->465294K(702976K), 0.0074473 secs] [Times: user=0.07 sys=0.00, real=0.01 secs] 
2016-09-13T19:57:23.825-0400: 220.383: [GC (GCLocker Initiated GC) [PSYoungGen: 143968K->20335K(176640K)] 572419K->448995K(700928K), 0.0068236 secs] [Times: user=0.06 sys=0.00, real=0.01 secs] 
2016-09-13T19:57:23.983-0400: 220.542: [GC (GCLocker Initiated GC) [PSYoungGen: 119663K->28093K(182784K)] 551490K->460133K(707072K), 0.0092277 secs] [Times: user=0.11 sys=0.01, real=0.01 secs] 
2016-09-13T19:57:24.130-0400: 220.688: [GC (GCLocker Initiated GC) [PSYoungGen: 135613K->28088K(182272K)] 567798K->460565K(706560K), 0.0148630 secs] [Times: user=0.17 sys=0.00, real=0.01 secs] 
2016-09-13T19:57:24.324-0400: 220.883: [GC (GCLocker Initiated GC) [PSYoungGen: 135608K->44864K(185344K)] 568134K->477615K(709632K), 0.0069615 secs] [Times: user=0.07 sys=0.00, real=0.01 secs] 
2016-09-13T19:57:24.500-0400: 221.059: [GC (GCLocker Initiated GC) [PSYoungGen: 157504K->50934K(184832K)] 590436K->484049K(709120K), 0.0070673 secs] [Times: user=0.08 sys=0.00, real=0.00 secs] 
2016-09-13T19:57:24.678-0400: 221.236: [GC (GCLocker Initiated GC) [PSYoungGen: 163574K->41825K(187392K)] 598322K->476794K(711680K), 0.0077366 secs] [Times: user=0.10 sys=0.00, real=0.00 secs] 
2016-09-13T19:57:24.870-0400: 221.428: [GC (GCLocker Initiated GC) [PSYoungGen: 158049K->46249K(187904K)] 593213K->481631K(712192K), 0.0094232 secs] [Times: user=0.10 sys=0.00, real=0.01 secs] 
2016-09-13T19:57:25.056-0400: 221.615: [GC (Allocation Failure) [PSYoungGen: 162473K->26505K(188416K)] 604105K->468439K(712704K), 0.0140114 secs] [Times: user=0.12 sys=0.00, real=0.01 secs] 
2016-09-13T19:57:25.265-0400: 221.824: [GC (GCLocker Initiated GC) [PSYoungGen: 144679K->24764K(189440K)] 592689K->472971K(713728K), 0.0080768 secs] [Times: user=0.06 sys=0.00, real=0.01 secs] 
2016-09-13T19:57:25.452-0400: 222.011: [GC (GCLocker Initiated GC) [PSYoungGen: 144060K->40116K(187904K)] 595341K->491527K(712192K), 0.0193294 secs] [Times: user=0.19 sys=0.00, real=0.02 secs] 
2016-09-13T19:57:25.650-0400: 222.209: [GC (GCLocker Initiated GC) [PSYoungGen: 162996K->46217K(189952K)] 614580K->498035K(714240K), 0.0130795 secs] [Times: user=0.15 sys=0.00, real=0.01 secs] 
2016-09-13T19:57:25.850-0400: 222.409: [GC (GCLocker Initiated GC) [PSYoungGen: 169097K->43277K(193536K)] 621172K->495553K(717824K), 0.0089223 secs] [Times: user=0.10 sys=0.00, real=0.01 secs] 
2016-09-13T19:57:26.070-0400: 222.629: [GC (Allocation Failure) [PSYoungGen: 170765K->9799K(137728K)] 635375K->474548K(662016K), 0.0187353 secs] [Times: user=0.18 sys=0.00, real=0.02 secs] 
2016-09-13T19:57:26.286-0400: 222.845: [GC (GCLocker Initiated GC) [PSYoungGen: 134307K->26410K(195072K)] 605131K->497412K(719360K), 0.0245690 secs] [Times: user=0.22 sys=0.00, real=0.03 secs] 
2016-09-13T19:57:26.501-0400: 223.060: [GC (GCLocker Initiated GC) [PSYoungGen: 152874K->29543K(156160K)] 636261K->513052K(680448K), 0.0196994 secs] [Times: user=0.19 sys=0.00, real=0.02 secs] 
2016-09-13T19:57:26.705-0400: 223.264: [GC (GCLocker Initiated GC) [PSYoungGen: 156007K->59828K(184320K)] 639779K->543841K(708608K), 0.0074523 secs] [Times: user=0.07 sys=0.00, real=0.01 secs] 
2016-09-13T19:57:26.944-0400: 223.503: [GC (GCLocker Initiated GC) [PSYoungGen: 179636K->14238K(134144K)] 676054K->510727K(658432K), 0.0102401 secs] [Times: user=0.09 sys=0.00, real=0.01 secs] 
2016-09-13T19:57:27.128-0400: 223.686: [GC (GCLocker Initiated GC) [PSYoungGen: 134046K->29665K(193536K)] 636630K->532387K(717824K), 0.0217387 secs] [Times: user=0.23 sys=0.01, real=0.02 secs] 
2016-09-13T19:57:27.329-0400: 223.887: [GC (GCLocker Initiated GC) [PSYoungGen: 151521K->43116K(190464K)] 654470K->555474K(714752K), 0.0102563 secs] [Times: user=0.10 sys=0.00, real=0.01 secs] 
2016-09-13T19:57:27.541-0400: 224.100: [Full GC (Ergonomics) [PSYoungGen: 164972K->0K(190464K)] [ParOldGen: 518707K->38654K(524288K)] 683679K->38654K(714752K), [Metaspace: 44681K->44681K(1087488K)], 0.0573754 secs] [Times: user=0.25 sys=0.01, real=0.06 secs] 
2016-09-13T19:57:27.743-0400: 224.302: [GC (GCLocker Initiated GC) [PSYoungGen: 121856K->55399K(185344K)] 160661K->94205K(709632K), 0.0152139 secs] [Times: user=0.15 sys=0.01, real=0.02 secs] 
2016-09-13T19:57:27.906-0400: 224.464: [GC (GCLocker Initiated GC) [PSYoungGen: 172135K->60077K(177152K)] 211128K->114565K(701440K), 0.0145541 secs] [Times: user=0.16 sys=0.00, real=0.02 secs] 
2016-09-13T19:57:28.110-0400: 224.669: [GC (GCLocker Initiated GC) [PSYoungGen: 176813K->41699K(187392K)] 232884K->98125K(711680K), 0.0148075 secs] [Times: user=0.17 sys=0.00, real=0.01 secs] 
2016-09-13T19:57:28.283-0400: 224.841: [GC (GCLocker Initiated GC) [PSYoungGen: 151267K->50806K(184320K)] 207733K->107418K(708608K), 0.0087655 secs] [Times: user=0.07 sys=0.01, real=0.01 secs] 
2016-09-13T19:57:28.463-0400: 225.022: [GC (GCLocker Initiated GC) [PSYoungGen: 160374K->44891K(185344K)] 217056K->106293K(709632K), 0.0069875 secs] [Times: user=0.08 sys=0.00, real=0.01 secs] 
2016-09-13T19:57:28.650-0400: 225.209: [GC (GCLocker Initiated GC) [PSYoungGen: 156507K->26500K(185344K)] 224006K->98691K(709632K), 0.0140077 secs] [Times: user=0.12 sys=0.01, real=0.01 secs] 
2016-09-13T19:57:28.866-0400: 225.425: [GC (GCLocker Initiated GC) [PSYoungGen: 138116K->41506K(184320K)] 219621K->126219K(708608K), 0.0154703 secs] [Times: user=0.13 sys=0.00, real=0.02 secs] 
2016-09-13T19:57:29.052-0400: 225.610: [GC (GCLocker Initiated GC) [PSYoungGen: 157218K->28275K(185856K)] 242109K->113391K(710144K), 0.0102776 secs] [Times: user=0.11 sys=0.00, real=0.01 secs] 
2016-09-13T19:57:29.232-0400: 225.790: [GC (Allocation Failure) [PSYoungGen: 143987K->28174K(189440K)] 230795K->115390K(713728K), 0.0049525 secs] [Times: user=0.04 sys=0.01, real=0.01 secs] 
2016-09-13T19:57:29.430-0400: 225.989: [GC (GCLocker Initiated GC) [PSYoungGen: 150859K->47742K(190976K)] 239595K->136542K(715264K), 0.0311570 secs] [Times: user=0.34 sys=0.00, real=0.03 secs] 
2016-09-13T19:57:29.663-0400: 226.222: [GC (GCLocker Initiated GC) [PSYoungGen: 170622K->13087K(190464K)] 265675K->108295K(714752K), 0.0171185 secs] [Times: user=0.16 sys=0.00, real=0.02 secs] 
2016-09-13T19:57:29.867-0400: 226.425: [GC (GCLocker Initiated GC) [PSYoungGen: 134943K->29483K(151552K)] 230348K->125121K(675840K), 0.0259287 secs] [Times: user=0.26 sys=0.01, real=0.03 secs] 
2016-09-13T19:57:30.049-0400: 226.608: [GC (GCLocker Initiated GC) [PSYoungGen: 151339K->9916K(189440K)] 259174K->117910K(713728K), 0.0095056 secs] [Times: user=0.10 sys=0.00, real=0.01 secs] 
2016-09-13T19:57:30.253-0400: 226.812: [GC (GCLocker Initiated GC) [PSYoungGen: 131772K->11530K(190976K)] 252112K->132149K(715264K), 0.0157725 secs] [Times: user=0.15 sys=0.00, real=0.02 secs] 
2016-09-13T19:57:30.452-0400: 227.011: [GC (GCLocker Initiated GC) [PSYoungGen: 133386K->43216K(192000K)] 254344K->165921K(716288K), 0.0063595 secs] [Times: user=0.04 sys=0.00, real=0.01 secs] 
2016-09-13T19:57:30.653-0400: 227.211: [GC (Allocation Failure) [PSYoungGen: 166096K->49378K(172544K)] 288996K->172512K(696832K), 0.0129090 secs] [Times: user=0.13 sys=0.00, real=0.01 secs] 
2016-09-13T19:57:30.862-0400: 227.420: [GC (GCLocker Initiated GC) [PSYoungGen: 172258K->40142K(190976K)] 295395K->166537K(715264K), 0.0124791 secs] [Times: user=0.12 sys=0.00, real=0.01 secs] 
2016-09-13T19:57:31.052-0400: 227.610: [GC (GCLocker Initiated GC) [PSYoungGen: 158414K->26606K(144896K)] 292436K->160888K(669184K), 0.0144822 secs] [Times: user=0.16 sys=0.00, real=0.01 secs] 
2016-09-13T19:57:31.263-0400: 227.822: [GC (GCLocker Initiated GC) [PSYoungGen: 144878K->67614K(175104K)] 279271K->203768K(699392K), 0.0093391 secs] [Times: user=0.12 sys=0.00, real=0.01 secs] 
2016-09-13T19:57:31.437-0400: 227.995: [GC (GCLocker Initiated GC) [PSYoungGen: 174110K->26510K(184320K)] 312000K->164605K(708608K), 0.0059110 secs] [Times: user=0.05 sys=0.00, real=0.00 secs] 
2016-09-13T19:57:31.609-0400: 228.168: [GC (Allocation Failure) [PSYoungGen: 133006K->27934K(176128K)] 277348K->172557K(700416K), 0.0049420 secs] [Times: user=0.04 sys=0.00, real=0.00 secs] 
2016-09-13T19:57:31.769-0400: 228.328: [GC (Allocation Failure) [PSYoungGen: 136478K->23591K(181248K)] 281101K->168411K(705536K), 0.0181877 secs] [Times: user=0.18 sys=0.01, real=0.01 secs] 
2016-09-13T19:57:31.952-0400: 228.510: [GC (GCLocker Initiated GC) [PSYoungGen: 132135K->14446K(186880K)] 276957K->159428K(711168K), 0.0106883 secs] [Times: user=0.12 sys=0.00, real=0.01 secs] 
2016-09-13T19:57:32.156-0400: 228.715: [GC (Allocation Failure) [PSYoungGen: 132718K->27960K(188928K)] 277878K->173337K(713216K), 0.0074161 secs] [Times: user=0.06 sys=0.00, real=0.00 secs] 
2016-09-13T19:57:32.372-0400: 228.931: [GC (GCLocker Initiated GC) [PSYoungGen: 145483K->43026K(189952K)] 292379K->190092K(714240K), 0.0321743 secs] [Times: user=0.29 sys=0.00, real=0.03 secs] 
2016-09-13T19:57:32.567-0400: 229.125: [GC (GCLocker Initiated GC) [PSYoungGen: 165394K->29660K(190464K)] 320244K->184598K(714752K), 0.0094505 secs] [Times: user=0.09 sys=0.00, real=0.02 secs] 
2016-09-13T19:57:32.757-0400: 229.316: [GC (GCLocker Initiated GC) [PSYoungGen: 152028K->23442K(192000K)] 314674K->186312K(716288K), 0.0322249 secs] [Times: user=0.31 sys=0.00, real=0.03 secs] 
2016-09-13T19:57:32.984-0400: 229.543: [GC (GCLocker Initiated GC) [PSYoungGen: 151954K->9858K(192000K)] 321057K->179107K(716288K), 0.0071312 secs] [Times: user=0.06 sys=0.00, real=0.01 secs] 
2016-09-13T19:57:33.204-0400: 229.763: [GC (GCLocker Initiated GC) [PSYoungGen: 138370K->46250K(192000K)] 307913K->216019K(716288K), 0.0145946 secs] [Times: user=0.15 sys=0.00, real=0.02 secs] 
2016-09-13T19:57:33.421-0400: 229.979: [GC (GCLocker Initiated GC) [PSYoungGen: 174250K->23564K(195072K)] 350241K->199643K(719360K), 0.0082838 secs] [Times: user=0.07 sys=0.00, real=0.01 secs] 
2016-09-13T19:57:33.632-0400: 230.190: [GC (GCLocker Initiated GC) [PSYoungGen: 151564K->41635K(194560K)] 329447K->219751K(718848K), 0.0286712 secs] [Times: user=0.28 sys=0.00, real=0.03 secs] 
2016-09-13T19:57:33.850-0400: 230.408: [GC (GCLocker Initiated GC) [PSYoungGen: 171683K->12959K(195584K)] 362058K->203441K(719872K), 0.0210361 secs] [Times: user=0.18 sys=0.00, real=0.02 secs] 
2016-09-13T19:57:34.062-0400: 230.621: [GC (GCLocker Initiated GC) [PSYoungGen: 143007K->25083K(190976K)] 339656K->229617K(715264K), 0.0147609 secs] [Times: user=0.15 sys=0.00, real=0.02 secs] 
2016-09-13T19:57:34.274-0400: 230.833: [GC (GCLocker Initiated GC) [PSYoungGen: 156667K->40180K(194048K)] 361436K->245099K(718336K), 0.0078650 secs] [Times: user=0.06 sys=0.01, real=0.01 secs] 
2016-09-13T19:57:34.494-0400: 231.052: [GC (Allocation Failure) [PSYoungGen: 171764K->25051K(196096K)] 383038K->236456K(720384K), 0.0073549 secs] [Times: user=0.07 sys=0.00, real=0.01 secs] 
2016-09-13T19:57:34.722-0400: 231.281: [GC (GCLocker Initiated GC) [PSYoungGen: 157089K->28210K(197632K)] 374568K->245990K(721920K), 0.0268414 secs] [Times: user=0.26 sys=0.00, real=0.03 secs] 
2016-09-13T19:57:34.952-0400: 231.510: [GC (Allocation Failure) [PSYoungGen: 164914K->9799K(199168K)] 382760K->227972K(723456K), 0.0130665 secs] [Times: user=0.14 sys=0.00, real=0.01 secs] 
2016-09-13T19:57:35.174-0400: 231.732: [GC (GCLocker Initiated GC) [PSYoungGen: 151111K->44789K(199680K)] 369299K->263144K(723968K), 0.0232120 secs] [Times: user=0.26 sys=0.00, real=0.03 secs] 
2016-09-13T19:57:35.390-0400: 231.949: [GC (GCLocker Initiated GC) [PSYoungGen: 186101K->20309K(201728K)] 406000K->240426K(726016K), 0.0112713 secs] [Times: user=0.13 sys=0.00, real=0.01 secs] 
2016-09-13T19:57:35.639-0400: 232.198: [GC (GCLocker Initiated GC) [PSYoungGen: 160597K->40328K(200192K)] 382481K->268442K(724480K), 0.0147589 secs] [Times: user=0.14 sys=0.00, real=0.01 secs] 
2016-09-13T19:57:35.846-0400: 232.405: [GC (GCLocker Initiated GC) [PSYoungGen: 180616K->38720K(200704K)] 414838K->273255K(724992K), 0.0184241 secs] [Times: user=0.19 sys=0.00, real=0.02 secs] 
2016-09-13T19:57:36.084-0400: 232.642: [GC (Allocation Failure) [PSYoungGen: 177984K->43026K(182784K)] 412773K->285464K(707072K), 0.0128287 secs] [Times: user=0.12 sys=0.00, real=0.02 secs] 
2016-09-13T19:57:36.299-0400: 232.857: [GC (GCLocker Initiated GC) [PSYoungGen: 182290K->61399K(182784K)] 424806K->303964K(707072K), 0.0221178 secs] [Times: user=0.25 sys=0.01, real=0.02 secs] 
2016-09-13T19:57:36.499-0400: 233.058: [GC (GCLocker Initiated GC) [PSYoungGen: 181207K->46277K(166400K)] 425476K->290787K(690688K), 0.0145267 secs] [Times: user=0.15 sys=0.01, real=0.01 secs] 
2016-09-13T19:57:36.700-0400: 233.258: [GC (GCLocker Initiated GC) [PSYoungGen: 166085K->46158K(190464K)] 416915K->297153K(714752K), 0.0149798 secs] [Times: user=0.13 sys=0.00, real=0.01 secs] 
2016-09-13T19:57:36.930-0400: 233.489: [GC (GCLocker Initiated GC) [PSYoungGen: 164942K->25082K(143872K)] 429682K->289973K(668160K), 0.0177086 secs] [Times: user=0.17 sys=0.00, real=0.02 secs] 
2016-09-13T19:57:37.103-0400: 233.662: [GC (GCLocker Initiated GC) [PSYoungGen: 143866K->61314K(180224K)] 410457K->328157K(704512K), 0.0214189 secs] [Times: user=0.19 sys=0.00, real=0.02 secs] 
2016-09-13T19:57:37.299-0400: 233.858: [GC (GCLocker Initiated GC) [PSYoungGen: 170882K->27960K(185856K)] 445495K->302688K(710144K), 0.0174596 secs] [Times: user=0.13 sys=0.00, real=0.02 secs] 
2016-09-13T19:57:37.505-0400: 234.063: [GC (GCLocker Initiated GC) [PSYoungGen: 137528K->28024K(179712K)] 426201K->316906K(704000K), 0.0108947 secs] [Times: user=0.11 sys=0.00, real=0.02 secs] 
2016-09-13T19:57:37.700-0400: 234.258: [GC (GCLocker Initiated GC) [PSYoungGen: 139640K->26505K(183808K)] 443894K->330976K(708096K), 0.0053129 secs] [Times: user=0.04 sys=0.00, real=0.00 secs] 
2016-09-13T19:57:37.898-0400: 234.457: [GC (GCLocker Initiated GC) [PSYoungGen: 138121K->41570K(185344K)] 444180K->347795K(709632K), 0.0147169 secs] [Times: user=0.12 sys=0.00, real=0.01 secs] 
2016-09-13T19:57:38.100-0400: 234.659: [GC (GCLocker Initiated GC) [PSYoungGen: 160866K->23743K(188416K)] 480797K->343934K(712704K), 0.0066689 secs] [Times: user=0.06 sys=0.00, real=0.00 secs] 
2016-09-13T19:57:38.305-0400: 234.864: [GC (GCLocker Initiated GC) [PSYoungGen: 143039K->32613K(185856K)] 475530K->370015K(710144K), 0.0066146 secs] [Times: user=0.05 sys=0.00, real=0.01 secs] 
2016-09-13T19:57:38.524-0400: 235.082: [GC (GCLocker Initiated GC) [PSYoungGen: 157541K->30848K(189952K)] 494966K->371654K(714240K), 0.0052089 secs] [Times: user=0.04 sys=0.00, real=0.01 secs] 
2016-09-13T19:57:38.732-0400: 235.291: [GC (GCLocker Initiated GC) [PSYoungGen: 155776K->41566K(195584K)] 496622K->387202K(719872K), 0.0252040 secs] [Times: user=0.28 sys=0.00, real=0.03 secs] 
2016-09-13T19:57:38.921-0400: 235.480: [GC (GCLocker Initiated GC) [PSYoungGen: 176222K->46249K(197120K)] 521862K->392079K(721408K), 0.0097940 secs] [Times: user=0.08 sys=0.01, real=0.01 secs] 
2016-09-13T19:57:39.143-0400: 235.701: [GC (Allocation Failure) [PSYoungGen: 180905K->24891K(198656K)] 534442K->378672K(722944K), 0.0182992 secs] [Times: user=0.19 sys=0.00, real=0.02 secs] 
2016-09-13T19:57:39.394-0400: 235.953: [GC (GCLocker Initiated GC) [PSYoungGen: 160059K->26655K(162304K)] 513841K->380580K(686592K), 0.0154157 secs] [Times: user=0.15 sys=0.00, real=0.02 secs] 
2016-09-13T19:57:39.612-0400: 236.171: [GC (GCLocker Initiated GC) [PSYoungGen: 161823K->47608K(195584K)] 515774K->401732K(719872K), 0.0146926 secs] [Times: user=0.12 sys=0.00, real=0.01 secs] 
2016-09-13T19:57:39.816-0400: 236.374: [GC (GCLocker Initiated GC) [PSYoungGen: 181240K->23535K(197632K)] 536949K->384002K(721920K), 0.0254636 secs] [Times: user=0.27 sys=0.00, real=0.02 secs] 
2016-09-13T19:57:40.056-0400: 236.614: [GC (GCLocker Initiated GC) [PSYoungGen: 157167K->41502K(197120K)] 517642K->402241K(721408K), 0.0210018 secs] [Times: user=0.16 sys=0.01, real=0.02 secs] 
2016-09-13T19:57:40.297-0400: 236.855: [GC (GCLocker Initiated GC) [PSYoungGen: 176670K->47645K(183296K)] 543761K->414883K(707584K), 0.0216456 secs] [Times: user=0.24 sys=0.01, real=0.02 secs] 
2016-09-13T19:57:40.524-0400: 237.082: [GC (GCLocker Initiated GC) [PSYoungGen: 182813K->28183K(198656K)] 556248K->406392K(722944K), 0.0098210 secs] [Times: user=0.11 sys=0.00, real=0.01 secs] 
2016-09-13T19:57:40.750-0400: 237.308: [GC (GCLocker Initiated GC) [PSYoungGen: 161815K->46218K(197120K)] 541802K->426481K(721408K), 0.0183117 secs] [Times: user=0.15 sys=0.00, real=0.02 secs] 
2016-09-13T19:57:40.933-0400: 237.491: [GC (GCLocker Initiated GC) [PSYoungGen: 179850K->60019K(185344K)] 560140K->446457K(709632K), 0.0104350 secs] [Times: user=0.08 sys=0.02, real=0.01 secs] 
2016-09-13T19:57:41.126-0400: 237.685: [GC (Allocation Failure) [PSYoungGen: 180851K->58304K(179200K)] 568935K->452590K(703488K), 0.0094197 secs] [Times: user=0.08 sys=0.00, real=0.01 secs] 
2016-09-13T19:57:41.136-0400: 237.694: [GC (GCLocker Initiated GC) [PSYoungGen: 58313K->32K(180224K)] 452599K->452360K(704512K), 0.0071577 secs] [Times: user=0.04 sys=0.00, real=0.00 secs] 
2016-09-13T19:57:41.293-0400: 237.852: [GC (GCLocker Initiated GC) [PSYoungGen: 105504K->52509K(158208K)] 557835K->504841K(682496K), 0.0308731 secs] [Times: user=0.31 sys=0.00, real=0.03 secs] 
2016-09-13T19:57:41.474-0400: 238.032: [GC (Allocation Failure) [PSYoungGen: 157981K->41725K(185344K)] 610466K->506715K(709632K), 0.0187314 secs] [Times: user=0.19 sys=0.00, real=0.02 secs] 
2016-09-13T19:57:41.651-0400: 238.210: [GC (GCLocker Initiated GC) [PSYoungGen: 144588K->50774K(182272K)] 615653K->522122K(706560K), 0.0067913 secs] [Times: user=0.06 sys=0.00, real=0.01 secs] 
2016-09-13T19:57:41.834-0400: 238.392: [GC (GCLocker Initiated GC) [PSYoungGen: 156246K->41570K(181248K)] 627798K->517904K(705536K), 0.0124935 secs] [Times: user=0.13 sys=0.00, real=0.01 secs] 
2016-09-13T19:57:41.989-0400: 238.548: [GC (GCLocker Initiated GC) [PSYoungGen: 149090K->37237K(182272K)] 625553K->513933K(706560K), 0.0198496 secs] [Times: user=0.24 sys=0.00, real=0.02 secs] 
2016-09-13T19:57:42.154-0400: 238.712: [GC (GCLocker Initiated GC) [PSYoungGen: 144757K->47896K(185344K)] 621699K->526649K(709632K), 0.0071869 secs] [Times: user=0.08 sys=0.01, real=0.01 secs] 
2016-09-13T19:57:42.342-0400: 238.900: [GC (GCLocker Initiated GC) [PSYoungGen: 161560K->46318K(185344K)] 640455K->525430K(709632K), 0.0202818 secs] [Times: user=0.23 sys=0.00, real=0.02 secs] 
2016-09-13T19:57:42.552-0400: 239.111: [GC (GCLocker Initiated GC) [PSYoungGen: 159982K->17335K(188416K)] 645183K->502841K(712704K), 0.0044531 secs] [Times: user=0.04 sys=0.00, real=0.01 secs] 
2016-09-13T19:57:42.745-0400: 239.303: [GC (GCLocker Initiated GC) [PSYoungGen: 135095K->31066K(189440K)] 620695K->525866K(713728K), 0.0247518 secs] [Times: user=0.28 sys=0.00, real=0.03 secs] 
2016-09-13T19:57:42.952-0400: 239.511: [GC (GCLocker Initiated GC) [PSYoungGen: 148826K->47768K(188928K)] 643688K->542930K(713216K), 0.0068611 secs] [Times: user=0.04 sys=0.00, real=0.01 secs] 
2016-09-13T19:57:43.128-0400: 239.687: [GC (GCLocker Initiated GC) [PSYoungGen: 167064K->31221K(189440K)] 662285K->538834K(713728K), 0.0243390 secs] [Times: user=0.27 sys=0.01, real=0.02 secs] 
2016-09-13T19:57:43.153-0400: 239.711: [Full GC (Ergonomics) [PSYoungGen: 31221K->0K(189440K)] [ParOldGen: 507612K->36058K(524288K)] 538834K->36058K(713728K), [Metaspace: 44691K->44691K(1087488K)], 0.0562103 secs] [Times: user=0.31 sys=0.01, real=0.06 secs] 
2016-09-13T19:57:43.346-0400: 239.904: [GC (GCLocker Initiated GC) [PSYoungGen: 119296K->64943K(180224K)] 155385K->113182K(704512K), 0.0102516 secs] [Times: user=0.15 sys=0.00, real=0.02 secs] 
2016-09-13T19:57:43.506-0400: 240.065: [GC (GCLocker Initiated GC) [PSYoungGen: 176559K->25045K(186880K)] 232548K->96721K(711168K), 0.0053095 secs] [Times: user=0.05 sys=0.00, real=0.01 secs] 
2016-09-13T19:57:43.666-0400: 240.225: [GC (GCLocker Initiated GC) [PSYoungGen: 136661K->43148K(182272K)] 208362K->115093K(706560K), 0.0272972 secs] [Times: user=0.27 sys=0.00, real=0.03 secs] 
2016-09-13T19:57:43.853-0400: 240.412: [GC (GCLocker Initiated GC) [PSYoungGen: 155276K->28190K(184832K)] 233318K->114051K(709120K), 0.0316648 secs] [Times: user=0.33 sys=0.00, real=0.03 secs] 
2016-09-13T19:57:44.052-0400: 240.610: [GC (GCLocker Initiated GC) [PSYoungGen: 140318K->20484K(188416K)] 232258K->118622K(712704K), 0.0101657 secs] [Times: user=0.10 sys=0.00, real=0.01 secs] 
2016-09-13T19:57:44.252-0400: 240.811: [GC (GCLocker Initiated GC) [PSYoungGen: 138756K->14457K(189440K)] 249336K->125361K(713728K), 0.0045150 secs] [Times: user=0.05 sys=0.00, real=0.01 secs] 
2016-09-13T19:57:44.468-0400: 241.026: [GC (Allocation Failure) [PSYoungGen: 132729K->5216K(187904K)] 257623K->130320K(712192K), 0.0080877 secs] [Times: user=0.07 sys=0.01, real=0.01 secs] 
2016-09-13T19:57:44.661-0400: 241.219: [GC (GCLocker Initiated GC) [PSYoungGen: 119522K->24832K(141824K)] 250701K->156212K(666112K), 0.0123802 secs] [Times: user=0.13 sys=0.00, real=0.01 secs] 
2016-09-13T19:57:44.858-0400: 241.417: [GC (Allocation Failure) [PSYoungGen: 141568K->23568K(190464K)] 280729K->162868K(714752K), 0.0155234 secs] [Times: user=0.22 sys=0.00, real=0.01 secs] 
2016-09-13T19:57:45.087-0400: 241.645: [GC (GCLocker Initiated GC) [PSYoungGen: 141669K->14483K(187904K)] 287043K->160099K(712192K), 0.0099101 secs] [Times: user=0.12 sys=0.01, real=0.02 secs] 
2016-09-13T19:57:45.286-0400: 241.844: [GC (GCLocker Initiated GC) [PSYoungGen: 135315K->64661K(176640K)] 281264K->210721K(700928K), 0.0118445 secs] [Times: user=0.15 sys=0.00, real=0.02 secs] 
2016-09-13T19:57:45.473-0400: 242.032: [GC (GCLocker Initiated GC) [PSYoungGen: 175253K->13049K(186368K)] 333474K->171604K(710656K), 0.0115837 secs] [Times: user=0.12 sys=0.00, real=0.01 secs] 
2016-09-13T19:57:45.656-0400: 242.215: [GC (Allocation Failure) [PSYoungGen: 123641K->23564K(178176K)] 288290K->194617K(702464K), 0.0105366 secs] [Times: user=0.11 sys=0.00, real=0.00 secs] 
2016-09-13T19:57:45.831-0400: 242.389: [GC (GCLocker Initiated GC) [PSYoungGen: 135180K->28248K(182784K)] 306235K->210118K(707072K), 0.0067589 secs] [Times: user=0.07 sys=0.00, real=0.01 secs] 
2016-09-13T19:57:46.004-0400: 242.563: [GC (GCLocker Initiated GC) [PSYoungGen: 139864K->12809K(187904K)] 328027K->201193K(712192K), 0.0044028 secs] [Times: user=0.02 sys=0.00, real=0.01 secs] 
2016-09-13T19:57:46.218-0400: 242.776: [GC (GCLocker Initiated GC) [PSYoungGen: 136201K->32741K(189952K)] 326184K->223039K(714240K), 0.0109864 secs] [Times: user=0.13 sys=0.00, real=0.01 secs] 
2016-09-13T19:57:46.427-0400: 242.985: [GC (GCLocker Initiated GC) [PSYoungGen: 156133K->38719K(195072K)] 348133K->230986K(719360K), 0.0109229 secs] [Times: user=0.06 sys=0.00, real=0.02 secs] 
2016-09-13T19:57:46.661-0400: 243.219: [GC (GCLocker Initiated GC) [PSYoungGen: 169279K->46378K(177152K)] 367811K->245112K(701440K), 0.0091358 secs] [Times: user=0.09 sys=0.00, real=0.01 secs] 
2016-09-13T19:57:46.849-0400: 243.408: [GC (Allocation Failure) [PSYoungGen: 176938K->45050K(191488K)] 377366K->245616K(715776K), 0.0155468 secs] [Times: user=0.22 sys=0.00, real=0.01 secs] 
2016-09-13T19:57:47.057-0400: 243.616: [GC (GCLocker Initiated GC) [PSYoungGen: 168954K->41784K(193024K)] 369520K->242477K(717312K), 0.0060786 secs] [Times: user=0.06 sys=0.00, real=0.00 secs] 
2016-09-13T19:57:47.259-0400: 243.818: [GC (GCLocker Initiated GC) [PSYoungGen: 165688K->23595K(188928K)] 375691K->233807K(713216K), 0.0338990 secs] [Times: user=0.38 sys=0.01, real=0.03 secs] 
2016-09-13T19:57:47.476-0400: 244.034: [GC (GCLocker Initiated GC) [PSYoungGen: 147499K->40015K(190976K)] 357940K->250634K(715264K), 0.0069154 secs] [Times: user=0.05 sys=0.00, real=0.01 secs] 
2016-09-13T19:57:47.657-0400: 244.215: [GC (Allocation Failure) [PSYoungGen: 163919K->41789K(194560K)] 374893K->252851K(718848K), 0.0321875 secs] [Times: user=0.32 sys=0.00, real=0.03 secs] 
2016-09-13T19:57:47.891-0400: 244.450: [GC (GCLocker Initiated GC) [PSYoungGen: 170301K->47933K(176640K)] 381366K->259299K(700928K), 0.0122704 secs] [Times: user=0.13 sys=0.01, real=0.01 secs] 
2016-09-13T19:57:48.089-0400: 244.647: [GC (GCLocker Initiated GC) [PSYoungGen: 176445K->44800K(193024K)] 387855K->256427K(717312K), 0.0209241 secs] [Times: user=0.24 sys=0.00, real=0.02 secs] 
2016-09-13T19:57:48.308-0400: 244.866: [GC (GCLocker Initiated GC) [PSYoungGen: 169728K->43249K(193536K)] 387465K->261141K(717824K), 0.0159033 secs] [Times: user=0.14 sys=0.01, real=0.01 secs] 
2016-09-13T19:57:48.509-0400: 245.067: [GC (GCLocker Initiated GC) [PSYoungGen: 168177K->29511K(189440K)] 386169K->252261K(713728K), 0.0134217 secs] [Times: user=0.13 sys=0.00, real=0.01 secs] 
2016-09-13T19:57:48.699-0400: 245.258: [GC (GCLocker Initiated GC) [PSYoungGen: 154951K->41661K(191488K)] 385656K->272497K(715776K), 0.0100939 secs] [Times: user=0.08 sys=0.00, real=0.01 secs] 
2016-09-13T19:57:48.898-0400: 245.457: [GC (GCLocker Initiated GC) [PSYoungGen: 167101K->61661K(183808K)] 398191K->293027K(708096K), 0.0185288 secs] [Times: user=0.20 sys=0.02, real=0.02 secs] 
2016-09-13T19:57:49.104-0400: 245.662: [GC (GCLocker Initiated GC) [PSYoungGen: 180445K->37369K(190464K)] 424126K->281357K(714752K), 0.0094435 secs] [Times: user=0.11 sys=0.00, real=0.01 secs] 
2016-09-13T19:57:49.301-0400: 245.859: [GC (GCLocker Initiated GC) [PSYoungGen: 156153K->64442K(180224K)] 401703K->314692K(704512K), 0.0343935 secs] [Times: user=0.38 sys=0.00, real=0.03 secs] 
2016-09-13T19:57:49.491-0400: 246.049: [GC (GCLocker Initiated GC) [PSYoungGen: 176058K->46350K(186880K)] 434077K->312313K(711168K), 0.0140848 secs] [Times: user=0.16 sys=0.00, real=0.01 secs] 
2016-09-13T19:57:49.699-0400: 246.257: [GC (GCLocker Initiated GC) [PSYoungGen: 157966K->27993K(183296K)] 437723K->307901K(707584K), 0.0153748 secs] [Times: user=0.13 sys=0.00, real=0.01 secs] 
2016-09-13T19:57:49.898-0400: 246.456: [GC (GCLocker Initiated GC) [PSYoungGen: 141145K->24796K(185856K)] 434816K->318597K(710144K), 0.0487185 secs] [Times: user=0.50 sys=0.01, real=0.04 secs] 
2016-09-13T19:57:50.112-0400: 246.671: [GC (GCLocker Initiated GC) [PSYoungGen: 137948K->15874K(187904K)] 439365K->317465K(712192K), 0.0039434 secs] [Times: user=0.03 sys=0.00, real=0.01 secs] 
2016-09-13T19:57:50.300-0400: 246.858: [GC (GCLocker Initiated GC) [PSYoungGen: 131586K->43499K(159232K)] 442444K->363810K(683520K), 0.0229583 secs] [Times: user=0.23 sys=0.00, real=0.02 secs] 
2016-09-13T19:57:50.500-0400: 247.059: [GC (GCLocker Initiated GC) [PSYoungGen: 159211K->41507K(189952K)] 481219K->363650K(714240K), 0.0144427 secs] [Times: user=0.14 sys=0.00, real=0.01 secs] 
2016-09-13T19:57:50.698-0400: 247.257: [GC (GCLocker Initiated GC) [PSYoungGen: 159779K->32772K(151552K)] 494259K->367413K(675840K), 0.0219828 secs] [Times: user=0.22 sys=0.00, real=0.02 secs] 
2016-09-13T19:57:50.913-0400: 247.471: [GC (GCLocker Initiated GC) [PSYoungGen: 151044K->17362K(187392K)] 491771K->358267K(711680K), 0.0220478 secs] [Times: user=0.24 sys=0.00, real=0.02 secs] 
2016-09-13T19:57:51.099-0400: 247.657: [GC (GCLocker Initiated GC) [PSYoungGen: 137170K->67576K(187392K)] 478175K->410305K(711680K), 0.0300471 secs] [Times: user=0.33 sys=0.01, real=0.03 secs] 
2016-09-13T19:57:51.298-0400: 247.857: [GC (GCLocker Initiated GC) [PSYoungGen: 187384K->47773K(184320K)] 530317K->395462K(708608K), 0.0104000 secs] [Times: user=0.11 sys=0.01, real=0.01 secs] 
2016-09-13T19:57:51.479-0400: 248.037: [GC (GCLocker Initiated GC) [PSYoungGen: 157341K->46382K(185856K)] 506729K->396091K(710144K), 0.0074764 secs] [Times: user=0.09 sys=0.01, real=0.00 secs] 
2016-09-13T19:57:51.689-0400: 248.247: [GC (Allocation Failure) [PSYoungGen: 155950K->14489K(184832K)] 511839K->375160K(709120K), 0.0122561 secs] [Times: user=0.14 sys=0.01, real=0.01 secs] 
2016-09-13T19:57:51.876-0400: 248.434: [GC (GCLocker Initiated GC) [PSYoungGen: 122226K->29510K(139264K)] 488972K->399503K(663552K), 0.0132594 secs] [Times: user=0.11 sys=0.00, real=0.01 secs] 
2016-09-13T19:57:52.064-0400: 248.623: [GC (GCLocker Initiated GC) [PSYoungGen: 139078K->41729K(186368K)] 509118K->412045K(710656K), 0.0143758 secs] [Times: user=0.14 sys=0.00, real=0.02 secs] 
2016-09-13T19:57:52.248-0400: 248.807: [GC (GCLocker Initiated GC) [PSYoungGen: 154369K->40143K(184320K)] 532488K->418526K(708608K), 0.0166850 secs] [Times: user=0.17 sys=0.00, real=0.01 secs] 
2016-09-13T19:57:52.424-0400: 248.983: [GC (GCLocker Initiated GC) [PSYoungGen: 152783K->44676K(186880K)] 531263K->423353K(711168K), 0.0127690 secs] [Times: user=0.11 sys=0.00, real=0.02 secs] 
2016-09-13T19:57:52.638-0400: 249.196: [GC (Allocation Failure) [PSYoungGen: 161924K->34131K(186368K)] 540676K->414648K(710656K), 0.0134935 secs] [Times: user=0.13 sys=0.01, real=0.01 secs] 
2016-09-13T19:57:52.652-0400: 249.210: [GC (GCLocker Initiated GC) [PSYoungGen: 34143K->32K(186368K)] 414660K->419040K(710656K), 0.0069736 secs] [Times: user=0.06 sys=0.00, real=0.01 secs] 
2016-09-13T19:57:52.813-0400: 249.371: [GC (GCLocker Initiated GC) [PSYoungGen: 119840K->66429K(186368K)] 538848K->491512K(710656K), 0.0077313 secs] [Times: user=0.08 sys=0.00, real=0.01 secs] 
2016-09-13T19:57:52.996-0400: 249.554: [GC (Allocation Failure) [PSYoungGen: 186237K->23341K(184320K)] 613104K->490309K(708608K), 0.0099866 secs] [Times: user=0.08 sys=0.00, real=0.00 secs] 
2016-09-13T19:57:53.163-0400: 249.721: [GC (GCLocker Initiated GC) [PSYoungGen: 131885K->46063K(185344K)] 598867K->513175K(709632K), 0.0130611 secs] [Times: user=0.09 sys=0.00, real=0.02 secs] 
2016-09-13T19:57:53.334-0400: 249.893: [GC (GCLocker Initiated GC) [PSYoungGen: 154607K->27966K(180736K)] 627983K->501552K(705024K), 0.0148176 secs] [Times: user=0.17 sys=0.00, real=0.02 secs] 
2016-09-13T19:57:53.531-0400: 250.089: [GC (GCLocker Initiated GC) [PSYoungGen: 137022K->50774K(183296K)] 610710K->524543K(707584K), 0.0172133 secs] [Times: user=0.18 sys=0.00, real=0.02 secs] 
2016-09-13T19:57:53.694-0400: 250.253: [GC (GCLocker Initiated GC) [PSYoungGen: 159830K->46127K(186880K)] 635137K->521506K(711168K), 0.0166694 secs] [Times: user=0.17 sys=0.00, real=0.02 secs] 
2016-09-13T19:57:53.885-0400: 250.443: [GC (GCLocker Initiated GC) [PSYoungGen: 157231K->46308K(157696K)] 632638K->523443K(681984K), 0.0064445 secs] [Times: user=0.06 sys=0.00, real=0.01 secs] 
2016-09-13T19:57:54.072-0400: 250.630: [GC (GCLocker Initiated GC) [PSYoungGen: 157412K->24896K(186368K)] 634578K->511443K(710656K), 0.0326657 secs] [Times: user=0.36 sys=0.00, real=0.03 secs] 
2016-09-13T19:57:54.257-0400: 250.815: [GC (GCLocker Initiated GC) [PSYoungGen: 137024K->29511K(185344K)] 629743K->528574K(709632K), 0.0148019 secs] [Times: user=0.13 sys=0.00, real=0.01 secs] 
2016-09-13T19:57:54.432-0400: 250.991: [GC (Allocation Failure) [PSYoungGen: 141639K->24864K(187392K)] 640884K->534965K(711680K), 0.0060012 secs] [Times: user=0.05 sys=0.00, real=0.01 secs] 
2016-09-13T19:57:54.438-0400: 250.997: [Full GC (Ergonomics) [PSYoungGen: 24864K->0K(187392K)] [ParOldGen: 510101K->33401K(524288K)] 534965K->33401K(711680K), [Metaspace: 44697K->44697K(1087488K)], 0.0596342 secs] [Times: user=0.26 sys=0.02, real=0.06 secs] 
2016-09-13T19:57:54.650-0400: 251.208: [GC (GCLocker Initiated GC) [PSYoungGen: 116224K->69100K(185344K)] 149631K->120732K(709632K), 0.0150313 secs] [Times: user=0.15 sys=0.01, real=0.01 secs] 
2016-09-13T19:57:54.835-0400: 251.393: [GC (GCLocker Initiated GC) [PSYoungGen: 185324K->38933K(187392K)] 236987K->136483K(711680K), 0.0096378 secs] [Times: user=0.10 sys=0.00, real=0.01 secs] 
2016-09-13T19:57:55.005-0400: 251.563: [GC (Allocation Failure) [PSYoungGen: 149525K->29452K(140288K)] 247253K->130486K(664576K), 0.0149068 secs] [Times: user=0.17 sys=0.00, real=0.02 secs] 
2016-09-13T19:57:55.177-0400: 251.736: [GC (GCLocker Initiated GC) [PSYoungGen: 140044K->30839K(186368K)] 241084K->131958K(710656K), 0.0191981 secs] [Times: user=0.23 sys=0.00, real=0.02 secs] 
2016-09-13T19:57:55.367-0400: 251.926: [GC (GCLocker Initiated GC) [PSYoungGen: 143991K->41856K(183808K)] 246964K->145035K(708096K), 0.0137204 secs] [Times: user=0.13 sys=0.00, real=0.02 secs] 
2016-09-13T19:57:55.543-0400: 252.102: [GC (GCLocker Initiated GC) [PSYoungGen: 155008K->32554K(189440K)] 258329K->136143K(713728K), 0.0321616 secs] [Times: user=0.35 sys=0.00, real=0.03 secs] 
2016-09-13T19:57:55.748-0400: 252.306: [GC (GCLocker Initiated GC) [PSYoungGen: 152874K->58495K(187392K)] 261241K->167029K(711680K), 0.0136188 secs] [Times: user=0.13 sys=0.00, real=0.01 secs] 
2016-09-13T19:57:55.927-0400: 252.485: [GC (GCLocker Initiated GC) [PSYoungGen: 178815K->66061K(177152K)] 289003K->176584K(701440K), 0.0152297 secs] [Times: user=0.16 sys=0.01, real=0.02 secs] 
2016-09-13T19:57:56.127-0400: 252.685: [GC (GCLocker Initiated GC) [PSYoungGen: 171533K->23773K(183808K)] 289820K->142195K(708096K), 0.0172366 secs] [Times: user=0.20 sys=0.01, real=0.02 secs] 
2016-09-13T19:57:56.316-0400: 252.875: [GC (GCLocker Initiated GC) [PSYoungGen: 129245K->28088K(180224K)] 249373K->148645K(704512K), 0.0070975 secs] [Times: user=0.07 sys=0.00, real=0.00 secs] 
2016-09-13T19:57:56.468-0400: 253.026: [GC (GCLocker Initiated GC) [PSYoungGen: 134072K->49196K(182272K)] 254826K->173176K(706560K), 0.0185004 secs] [Times: user=0.20 sys=0.00, real=0.01 secs] 
2016-09-13T19:57:56.649-0400: 253.208: [GC (Allocation Failure) [PSYoungGen: 155180K->41884K(179712K)] 280899K->178484K(704000K), 0.0225781 secs] [Times: user=0.22 sys=0.00, real=0.02 secs] 
2016-09-13T19:57:56.840-0400: 253.398: [GC (GCLocker Initiated GC) [PSYoungGen: 150053K->58278K(182784K)] 288172K->196720K(707072K), 0.0072614 secs] [Times: user=0.04 sys=0.00, real=0.00 secs] 
2016-09-13T19:57:56.973-0400: 253.532: [GC (GCLocker Initiated GC) [PSYoungGen: 167846K->31194K(186880K)] 306310K->169805K(711168K), 0.0087403 secs] [Times: user=0.09 sys=0.00, real=0.01 secs] 
2016-09-13T19:57:57.130-0400: 253.688: [GC (Allocation Failure) [PSYoungGen: 141274K->23341K(133632K)] 280072K->170001K(657920K), 0.0065998 secs] [Times: user=0.05 sys=0.00, real=0.01 secs] 
2016-09-13T19:57:57.320-0400: 253.879: [GC (GCLocker Initiated GC) [PSYoungGen: 133314K->23436K(185856K)] 286049K->176333K(710144K), 0.0222164 secs] [Times: user=0.21 sys=0.01, real=0.02 secs] 
2016-09-13T19:57:57.501-0400: 254.060: [GC (GCLocker Initiated GC) [PSYoungGen: 134540K->69127K(180736K)] 287493K->222364K(705024K), 0.0076871 secs] [Times: user=0.07 sys=0.00, real=0.01 secs] 
2016-09-13T19:57:57.700-0400: 254.259: [GC (GCLocker Initiated GC) [PSYoungGen: 180231K->24800K(181760K)] 339581K->184265K(706048K), 0.0098643 secs] [Times: user=0.06 sys=0.00, real=0.01 secs] 
2016-09-13T19:57:57.896-0400: 254.454: [GC (GCLocker Initiated GC) [PSYoungGen: 125152K->1987K(102400K)] 303186K->187816K(626688K), 0.0488688 secs] [Times: user=0.47 sys=0.01, real=0.04 secs] 
2016-09-13T19:57:58.088-0400: 254.647: [GC (GCLocker Initiated GC) [PSYoungGen: 102339K->50748K(177152K)] 288250K->236861K(701440K), 0.0092341 secs] [Times: user=0.09 sys=0.00, real=0.01 secs] 
2016-09-13T19:57:58.247-0400: 254.806: [GC (Allocation Failure) [PSYoungGen: 144956K->23659K(118272K)] 338903K->226905K(642560K), 0.0220278 secs] [Times: user=0.26 sys=0.00, real=0.03 secs] 
2016-09-13T19:57:58.410-0400: 254.968: [GC (GCLocker Initiated GC) [PSYoungGen: 117760K->41880K(178688K)] 322525K->248542K(702976K), 0.0061837 secs] [Times: user=0.06 sys=0.01, real=0.01 secs] 
2016-09-13T19:57:58.564-0400: 255.123: [GC (GCLocker Initiated GC) [PSYoungGen: 139160K->46095K(176640K)] 345859K->252991K(700928K), 0.0099157 secs] [Times: user=0.08 sys=0.01, real=0.01 secs] 
2016-09-13T19:57:58.741-0400: 255.300: [GC (GCLocker Initiated GC) [PSYoungGen: 143375K->24955K(180736K)] 356476K->245875K(705024K), 0.0244229 secs] [Times: user=0.25 sys=0.00, real=0.02 secs] 
2016-09-13T19:57:58.919-0400: 255.477: [GC (GCLocker Initiated GC) [PSYoungGen: 128379K->53784K(179712K)] 364517K->296239K(704000K), 0.0224627 secs] [Times: user=0.24 sys=0.00, real=0.02 secs] 
2016-09-13T19:57:59.087-0400: 255.646: [GC (Allocation Failure) [PSYoungGen: 157208K->47858K(183296K)] 399705K->293609K(707584K), 0.0244309 secs] [Times: user=0.26 sys=0.00, real=0.03 secs] 
2016-09-13T19:57:59.112-0400: 255.671: [GC (GCLocker Initiated GC) [PSYoungGen: 47865K->32K(104960K)] 293617K->296529K(629248K), 0.0059577 secs] [Times: user=0.07 sys=0.00, real=0.01 secs] 
2016-09-13T19:57:59.290-0400: 255.848: [GC (GCLocker Initiated GC) [PSYoungGen: 104480K->61568K(170496K)] 400980K->358077K(694784K), 0.0174021 secs] [Times: user=0.15 sys=0.00, real=0.01 secs] 
2016-09-13T19:57:59.445-0400: 256.003: [GC (GCLocker Initiated GC) [PSYoungGen: 150656K->43153K(175616K)] 447309K->372134K(699904K), 0.0078280 secs] [Times: user=0.07 sys=0.00, real=0.01 secs] 
2016-09-13T19:57:59.610-0400: 256.169: [GC (GCLocker Initiated GC) [PSYoungGen: 132241K->9549K(173056K)] 473385K->350836K(697344K), 0.0306704 secs] [Times: user=0.34 sys=0.00, real=0.03 secs] 
2016-09-13T19:57:59.761-0400: 256.319: [GC (GCLocker Initiated GC) [PSYoungGen: 101197K->64353K(156160K)] 442787K->406030K(680448K), 0.0098607 secs] [Times: user=0.11 sys=0.00, real=0.01 secs] 
2016-09-13T19:57:59.876-0400: 256.434: [GC (GCLocker Initiated GC) [PSYoungGen: 156001K->43094K(175616K)] 497703K->403202K(699904K), 0.0210234 secs] [Times: user=0.23 sys=0.00, real=0.02 secs] 
2016-09-13T19:58:00.034-0400: 256.593: [GC (GCLocker Initiated GC) [PSYoungGen: 131670K->43148K(132096K)] 493483K->414362K(656384K), 0.0060726 secs] [Times: user=0.05 sys=0.00, real=0.01 secs] 
2016-09-13T19:58:00.159-0400: 256.717: [GC (GCLocker Initiated GC) [PSYoungGen: 131724K->42993K(175104K)] 509064K->420585K(699392K), 0.0301197 secs] [Times: user=0.31 sys=0.00, real=0.03 secs] 
2016-09-13T19:58:00.294-0400: 256.852: [GC (Allocation Failure) [PSYoungGen: 134641K->46806K(172032K)] 519994K->432417K(696320K), 0.0100817 secs] [Times: user=0.15 sys=0.00, real=0.01 secs] 
2016-09-13T19:58:00.444-0400: 257.002: [GC (GCLocker Initiated GC) [PSYoungGen: 135507K->14579K(177152K)] 527192K->406556K(701440K), 0.0047268 secs] [Times: user=0.04 sys=0.01, real=0.01 secs] 
2016-09-13T19:58:00.604-0400: 257.162: [GC (GCLocker Initiated GC) [PSYoungGen: 112371K->28061K(177664K)] 510484K->426400K(701952K), 0.0128639 secs] [Times: user=0.10 sys=0.00, real=0.02 secs] 
2016-09-13T19:58:00.783-0400: 257.341: [GC (Allocation Failure) [PSYoungGen: 125853K->46032K(181248K)] 524434K->444823K(705536K), 0.0313645 secs] [Times: user=0.34 sys=0.00, real=0.03 secs] 
2016-09-13T19:58:00.948-0400: 257.507: [GC (GCLocker Initiated GC) [PSYoungGen: 149968K->50778K(180224K)] 548762K->449753K(704512K), 0.0176717 secs] [Times: user=0.16 sys=0.00, real=0.01 secs] 
2016-09-13T19:58:01.099-0400: 257.657: [GC (GCLocker Initiated GC) [PSYoungGen: 154714K->61410K(175616K)] 555556K->462540K(699904K), 0.0166023 secs] [Times: user=0.17 sys=0.00, real=0.01 secs] 
2016-09-13T19:58:01.272-0400: 257.831: [GC (GCLocker Initiated GC) [PSYoungGen: 159714K->43084K(180224K)] 561073K->444578K(704512K), 0.0106408 secs] [Times: user=0.08 sys=0.00, real=0.01 secs] 
2016-09-13T19:58:01.450-0400: 258.008: [GC (GCLocker Initiated GC) [PSYoungGen: 141388K->21853K(177664K)] 552073K->432731K(701952K), 0.0095073 secs] [Times: user=0.06 sys=0.00, real=0.01 secs] 
2016-09-13T19:58:01.623-0400: 258.181: [GC (GCLocker Initiated GC) [PSYoungGen: 123229K->50806K(179712K)] 534331K->462200K(704000K), 0.0104025 secs] [Times: user=0.10 sys=0.00, real=0.01 secs] 
2016-09-13T19:58:01.799-0400: 258.357: [GC (GCLocker Initiated GC) [PSYoungGen: 152182K->12618K(182272K)] 563583K->424213K(706560K), 0.0167245 secs] [Times: user=0.18 sys=0.00, real=0.01 secs] 
2016-09-13T19:58:01.942-0400: 258.500: [GC (GCLocker Initiated GC) [PSYoungGen: 116042K->44699K(148480K)] 527911K->462885K(672768K), 0.0187634 secs] [Times: user=0.20 sys=0.01, real=0.02 secs] 
2016-09-13T19:58:02.117-0400: 258.675: [GC (GCLocker Initiated GC) [PSYoungGen: 148123K->24863K(183296K)] 572454K->449450K(707584K), 0.0115240 secs] [Times: user=0.13 sys=0.00, real=0.01 secs] 
2016-09-13T19:58:02.294-0400: 258.853: [GC (GCLocker Initiated GC) [PSYoungGen: 130335K->34131K(139776K)] 561052K->465137K(664064K), 0.0232328 secs] [Times: user=0.28 sys=0.00, real=0.03 secs] 
2016-09-13T19:58:02.483-0400: 259.041: [GC (GCLocker Initiated GC) [PSYoungGen: 139603K->61473K(176128K)] 572379K->505105K(700416K), 0.0112866 secs] [Times: user=0.11 sys=0.00, real=0.01 secs] 
2016-09-13T19:58:02.662-0400: 259.221: [GC (GCLocker Initiated GC) [PSYoungGen: 164385K->27902K(181248K)] 621958K->485748K(705536K), 0.0254679 secs] [Times: user=0.28 sys=0.00, real=0.03 secs] 
2016-09-13T19:58:02.829-0400: 259.387: [GC (GCLocker Initiated GC) [PSYoungGen: 130814K->34164K(175104K)] 588674K->492162K(699392K), 0.0059355 secs] [Times: user=0.04 sys=0.00, real=0.00 secs] 
2016-09-13T19:58:02.991-0400: 259.549: [GC (GCLocker Initiated GC) [PSYoungGen: 141172K->34186K(180224K)] 602232K->503018K(704512K), 0.0118321 secs] [Times: user=0.14 sys=0.00, real=0.01 secs] 
2016-09-13T19:58:03.149-0400: 259.708: [GC (GCLocker Initiated GC) [PSYoungGen: 141194K->23410K(184320K)] 613163K->509153K(708608K), 0.0059310 secs] [Times: user=0.06 sys=0.00, real=0.00 secs] 
2016-09-13T19:58:03.361-0400: 259.920: [GC (Allocation Failure) [PSYoungGen: 141682K->5083K(187904K)] 627459K->490990K(712192K), 0.0034055 secs] [Times: user=0.02 sys=0.00, real=0.00 secs] 
2016-09-13T19:58:03.554-0400: 260.113: [GC (GCLocker Initiated GC) [PSYoungGen: 123094K->28274K(188416K)] 615076K->520615K(712704K), 0.0106965 secs] [Times: user=0.14 sys=0.00, real=0.01 secs] 
2016-09-13T19:58:03.763-0400: 260.321: [GC (GCLocker Initiated GC) [PSYoungGen: 149106K->27774K(189440K)] 647664K->526589K(713728K), 0.0233827 secs] [Times: user=0.26 sys=0.00, real=0.02 secs] 
2016-09-13T19:58:03.972-0400: 260.530: [GC (GCLocker Initiated GC) [PSYoungGen: 148606K->9954K(190976K)] 648984K->510509K(715264K), 0.0031338 secs] [Times: user=0.03 sys=0.00, real=0.00 secs] 
2016-09-13T19:58:04.154-0400: 260.713: [GC (GCLocker Initiated GC) [PSYoungGen: 135394K->50939K(191488K)] 636176K->552053K(715776K), 0.0117024 secs] [Times: user=0.14 sys=0.00, real=0.01 secs] 
2016-09-13T19:58:04.359-0400: 260.918: [GC (GCLocker Initiated GC) [PSYoungGen: 176379K->28270K(193024K)] 679204K->531344K(717312K), 0.0057704 secs] [Times: user=0.05 sys=0.00, real=0.00 secs] 
2016-09-13T19:58:04.573-0400: 261.132: [GC (GCLocker Initiated GC) [PSYoungGen: 153198K->32554K(157696K)] 656294K->535943K(681984K), 0.0142729 secs] [Times: user=0.15 sys=0.00, real=0.01 secs] 
2016-09-13T19:58:04.803-0400: 261.362: [GC (GCLocker Initiated GC) [PSYoungGen: 157482K->26601K(193536K)] 661077K->544083K(717824K), 0.0104747 secs] [Times: user=0.13 sys=0.00, real=0.01 secs] 
2016-09-13T19:58:04.814-0400: 261.372: [Full GC (Ergonomics) [PSYoungGen: 26601K->0K(193536K)] [ParOldGen: 517481K->35380K(524288K)] 544083K->35380K(717824K), [Metaspace: 44714K->44714K(1087488K)], 0.0540835 secs] [Times: user=0.41 sys=0.00, real=0.06 secs] 
2016-09-13T19:58:05.048-0400: 261.606: [GC (GCLocker Initiated GC) [PSYoungGen: 129536K->60142K(190976K)] 171032K->144164K(715264K), 0.0098814 secs] [Times: user=0.16 sys=0.00, real=0.01 secs] 
2016-09-13T19:58:05.239-0400: 261.797: [GC (GCLocker Initiated GC) [PSYoungGen: 189678K->28306K(195584K)] 273843K->123498K(719872K), 0.0144355 secs] [Times: user=0.13 sys=0.00, real=0.01 secs] 
2016-09-13T19:58:05.405-0400: 261.963: [GC (GCLocker Initiated GC) [PSYoungGen: 154770K->31195K(157696K)] 249984K->137451K(681984K), 0.0078041 secs] [Times: user=0.10 sys=0.00, real=0.01 secs] 
2016-09-13T19:58:05.602-0400: 262.161: [GC (GCLocker Initiated GC) [PSYoungGen: 157659K->40335K(190976K)] 263944K->148338K(715264K), 0.0055234 secs] [Times: user=0.05 sys=0.01, real=0.01 secs] 
2016-09-13T19:58:05.809-0400: 262.367: [GC (Allocation Failure) [PSYoungGen: 167311K->29612K(190464K)] 275378K->140962K(714752K), 0.0104281 secs] [Times: user=0.12 sys=0.00, real=0.01 secs] 
2016-09-13T19:58:05.819-0400: 262.378: [GC (GCLocker Initiated GC) [PSYoungGen: 29815K->128K(193536K)] 141165K->143848K(717824K), 0.0053106 secs] [Times: user=0.07 sys=0.00, real=0.00 secs] 
2016-09-13T19:58:06.044-0400: 262.602: [GC (GCLocker Initiated GC) [PSYoungGen: 132224K->55580K(187904K)] 275944K->199308K(712192K), 0.0226488 secs] [Times: user=0.24 sys=0.00, real=0.02 secs] 
2016-09-13T19:58:06.244-0400: 262.803: [GC (GCLocker Initiated GC) [PSYoungGen: 187676K->26671K(194560K)] 332948K->212015K(718848K), 0.0088539 secs] [Times: user=0.11 sys=0.00, real=0.01 secs] 
2016-09-13T19:58:06.454-0400: 263.013: [GC (GCLocker Initiated GC) [PSYoungGen: 151087K->64575K(189440K)] 337990K->260840K(713728K), 0.0110443 secs] [Times: user=0.13 sys=0.00, real=0.01 secs] 
2016-09-13T19:58:06.649-0400: 263.208: [GC (GCLocker Initiated GC) [PSYoungGen: 188991K->41858K(186368K)] 391356K->262780K(710656K), 0.0101476 secs] [Times: user=0.11 sys=0.00, real=0.01 secs] 
2016-09-13T19:58:06.851-0400: 263.410: [GC (GCLocker Initiated GC) [PSYoungGen: 155522K->5557K(119296K)] 390395K->255808K(643584K), 0.0045458 secs] [Times: user=0.03 sys=0.00, real=0.01 secs] 
2016-09-13T19:58:07.050-0400: 263.608: [GC (GCLocker Initiated GC) [PSYoungGen: 119221K->5402K(185344K)] 383168K->269626K(709632K), 0.0165002 secs] [Times: user=0.19 sys=0.00, real=0.01 secs] 
2016-09-13T19:58:07.263-0400: 263.822: [GC (GCLocker Initiated GC) [PSYoungGen: 114970K->14573K(124416K)] 393106K->292973K(648704K), 0.0096096 secs] [Times: user=0.11 sys=0.00, real=0.01 secs] 
2016-09-13T19:58:07.450-0400: 264.008: [GC (GCLocker Initiated GC) [PSYoungGen: 124141K->61665K(172544K)] 404215K->346690K(696832K), 0.0121410 secs] [Times: user=0.14 sys=0.00, real=0.01 secs] 
2016-09-13T19:58:07.632-0400: 264.191: [GC (GCLocker Initiated GC) [PSYoungGen: 159969K->44667K(180224K)] 445112K->329961K(704512K), 0.0092260 secs] [Times: user=0.11 sys=0.01, real=0.01 secs] 
2016-09-13T19:58:07.760-0400: 264.318: [GC (Allocation Failure) [PSYoungGen: 142971K->28094K(172032K)] 429937K->319778K(696320K), 0.0070300 secs] [Times: user=0.09 sys=0.01, real=0.00 secs] 
2016-09-13T19:58:07.900-0400: 264.459: [GC (GCLocker Initiated GC) [PSYoungGen: 125917K->69195K(167936K)] 419120K->362698K(692224K), 0.0100722 secs] [Times: user=0.15 sys=0.00, real=0.01 secs] 
2016-09-13T19:58:08.088-0400: 264.646: [GC (GCLocker Initiated GC) [PSYoungGen: 167499K->43185K(177664K)] 461028K->336986K(701952K), 0.0093839 secs] [Times: user=0.08 sys=0.01, real=0.01 secs] 
2016-09-13T19:58:08.261-0400: 264.819: [GC (GCLocker Initiated GC) [PSYoungGen: 134321K->28088K(119296K)] 434221K->328229K(643584K), 0.0068582 secs] [Times: user=0.06 sys=0.00, real=0.01 secs] 
2016-09-13T19:58:08.404-0400: 264.962: [GC (GCLocker Initiated GC) [PSYoungGen: 119224K->38694K(175616K)] 425476K->349677K(699904K), 0.0102250 secs] [Times: user=0.13 sys=0.00, real=0.01 secs] 
2016-09-13T19:58:08.587-0400: 265.146: [GC (GCLocker Initiated GC) [PSYoungGen: 133414K->23346K(172032K)] 452236K->349909K(696320K), 0.0067955 secs] [Times: user=0.05 sys=0.00, real=0.01 secs] 
2016-09-13T19:58:08.715-0400: 265.273: [GC (GCLocker Initiated GC) [PSYoungGen: 118066K->49451K(178688K)] 446363K->377942K(702976K), 0.0199151 secs] [Times: user=0.26 sys=0.00, real=0.02 secs] 
2016-09-13T19:58:08.905-0400: 265.463: [GC (GCLocker Initiated GC) [PSYoungGen: 152363K->23691K(179712K)] 490228K->369399K(704000K), 0.0054262 secs] [Times: user=0.06 sys=0.00, real=0.01 secs] 
2016-09-13T19:58:09.066-0400: 265.625: [GC (GCLocker Initiated GC) [PSYoungGen: 126603K->43149K(183808K)] 472529K->389398K(708096K), 0.0070792 secs] [Times: user=0.04 sys=0.00, real=0.01 secs] 
2016-09-13T19:58:09.259-0400: 265.818: [GC (GCLocker Initiated GC) [PSYoungGen: 153229K->5214K(184320K)] 514905K->367139K(708608K), 0.0100832 secs] [Times: user=0.11 sys=0.00, real=0.01 secs] 
2016-09-13T19:58:09.454-0400: 266.013: [GC (GCLocker Initiated GC) [PSYoungGen: 115294K->28110K(182272K)] 483433K->396521K(706560K), 0.0104740 secs] [Times: user=0.12 sys=0.01, real=0.01 secs] 
2016-09-13T19:58:09.648-0400: 266.206: [GC (GCLocker Initiated GC) [PSYoungGen: 140238K->17393K(184320K)] 520869K->398104K(708608K), 0.0257611 secs] [Times: user=0.26 sys=0.01, real=0.03 secs] 
2016-09-13T19:58:09.845-0400: 266.403: [GC (Allocation Failure) [PSYoungGen: 129521K->11441K(188416K)] 522411K->406113K(712704K), 0.0054228 secs] [Times: user=0.04 sys=0.00, real=0.01 secs] 
2016-09-13T19:58:10.045-0400: 266.604: [GC (GCLocker Initiated GC) [PSYoungGen: 129074K->32709K(189440K)] 529822K->442885K(713728K), 0.0233715 secs] [Times: user=0.33 sys=0.00, real=0.03 secs] 
2016-09-13T19:58:10.253-0400: 266.811: [GC (GCLocker Initiated GC) [PSYoungGen: 152005K->37015K(190976K)] 562192K->447305K(715264K), 0.0072662 secs] [Times: user=0.07 sys=0.00, real=0.01 secs] 
2016-09-13T19:58:10.462-0400: 267.021: [GC (GCLocker Initiated GC) [PSYoungGen: 160918K->20453K(190464K)] 579045K->447839K(714752K), 0.0386806 secs] [Times: user=0.42 sys=0.01, real=0.04 secs] 
2016-09-13T19:58:10.679-0400: 267.237: [GC (GCLocker Initiated GC) [PSYoungGen: 144357K->46218K(190464K)] 571949K->474032K(714752K), 0.0063220 secs] [Times: user=0.05 sys=0.01, real=0.00 secs] 
2016-09-13T19:58:10.865-0400: 267.424: [GC (GCLocker Initiated GC) [PSYoungGen: 172170K->43297K(193024K)] 600076K->471357K(717312K), 0.0209770 secs] [Times: user=0.24 sys=0.00, real=0.02 secs] 
2016-09-13T19:58:11.057-0400: 267.615: [GC (GCLocker Initiated GC) [PSYoungGen: 169249K->50869K(186880K)] 597525K->488483K(711168K), 0.0163189 secs] [Times: user=0.18 sys=0.00, real=0.01 secs] 
2016-09-13T19:58:11.255-0400: 267.814: [GC (GCLocker Initiated GC) [PSYoungGen: 169653K->25273K(190464K)] 615050K->475523K(714752K), 0.0242385 secs] [Times: user=0.29 sys=0.00, real=0.03 secs] 
2016-09-13T19:58:11.458-0400: 268.016: [GC (GCLocker Initiated GC) [PSYoungGen: 144057K->41571K(189440K)] 596194K->493902K(713728K), 0.0075915 secs] [Times: user=0.08 sys=0.00, real=0.00 secs] 
2016-09-13T19:58:11.651-0400: 268.210: [GC (GCLocker Initiated GC) [PSYoungGen: 162915K->46247K(190464K)] 615254K->498709K(714752K), 0.0541681 secs] [Times: user=0.60 sys=0.00, real=0.05 secs] 
2016-09-13T19:58:11.886-0400: 268.445: [GC (GCLocker Initiated GC) [PSYoungGen: 167591K->18886K(192000K)] 632228K->488430K(716288K), 0.0104585 secs] [Times: user=0.09 sys=0.01, real=0.02 secs] 
2016-09-13T19:58:12.073-0400: 268.631: [GC (GCLocker Initiated GC) [PSYoungGen: 141766K->43206K(192000K)] 611336K->520434K(716288K), 0.0270690 secs] [Times: user=0.24 sys=0.01, real=0.03 secs] 
2016-09-13T19:58:12.274-0400: 268.833: [GC (GCLocker Initiated GC) [PSYoungGen: 166086K->43276K(193024K)] 645028K->524012K(717312K), 0.0063828 secs] [Times: user=0.05 sys=0.00, real=0.01 secs] 
2016-09-13T19:58:12.491-0400: 269.050: [GC (GCLocker Initiated GC) [PSYoungGen: 167180K->26351K(150528K)] 654036K->513408K(674816K), 0.0055601 secs] [Times: user=0.03 sys=0.00, real=0.01 secs] 
2016-09-13T19:58:12.698-0400: 269.257: [GC (GCLocker Initiated GC) [PSYoungGen: 150255K->20615K(191488K)] 646504K->517004K(715776K), 0.0053024 secs] [Times: user=0.04 sys=0.01, real=0.00 secs] 
2016-09-13T19:58:12.894-0400: 269.453: [GC (GCLocker Initiated GC) [PSYoungGen: 145031K->64479K(188928K)] 641579K->561392K(713216K), 0.0374201 secs] [Times: user=0.40 sys=0.00, real=0.04 secs] 
2016-09-13T19:58:13.124-0400: 269.682: [GC (GCLocker Initiated GC) [PSYoungGen: 188895K->32581K(190464K)] 685861K->534376K(714752K), 0.0098758 secs] [Times: user=0.08 sys=0.00, real=0.01 secs] 
2016-09-13T19:58:13.306-0400: 269.865: [GC (GCLocker Initiated GC) [PSYoungGen: 149829K->43276K(160768K)] 651656K->546881K(685056K), 0.0448679 secs] [Times: user=0.50 sys=0.00, real=0.05 secs] 
2016-09-13T19:58:13.512-0400: 270.070: [Full GC (Ergonomics) [PSYoungGen: 160524K->0K(160768K)] [ParOldGen: 517296K->45414K(524288K)] 677820K->45414K(685056K), [Metaspace: 44744K->44744K(1087488K)], 0.1773469 secs] [Times: user=1.94 sys=0.03, real=0.18 secs] 
2016-09-13T19:58:13.839-0400: 270.397: [GC (GCLocker Initiated GC) [PSYoungGen: 117248K->57348K(183296K)] 168795K->108896K(707584K), 0.0074377 secs] [Times: user=0.07 sys=0.00, real=0.00 secs] 
2016-09-13T19:58:13.994-0400: 270.553: [GC (GCLocker Initiated GC) [PSYoungGen: 169988K->34287K(187392K)] 233774K->121305K(711680K), 0.0111662 secs] [Times: user=0.14 sys=0.00, real=0.01 secs] 
2016-09-13T19:58:14.156-0400: 270.714: [GC (GCLocker Initiated GC) [PSYoungGen: 146927K->25083K(183808K)] 246126K->136677K(708096K), 0.0049654 secs] [Times: user=0.05 sys=0.00, real=0.00 secs] 
2016-09-13T19:58:14.308-0400: 270.867: [GC (GCLocker Initiated GC) [PSYoungGen: 140283K->50806K(186368K)] 251932K->164224K(710656K), 0.0195199 secs] [Times: user=0.19 sys=0.01, real=0.02 secs] 
2016-09-13T19:58:14.491-0400: 271.049: [GC (GCLocker Initiated GC) [PSYoungGen: 166006K->24955K(189952K)] 291873K->161642K(714240K), 0.0261814 secs] [Times: user=0.23 sys=0.01, real=0.03 secs] 
2016-09-13T19:58:14.685-0400: 271.244: [GC (GCLocker Initiated GC) [PSYoungGen: 142715K->28115K(145920K)] 286998K->172600K(670208K), 0.0293556 secs] [Times: user=0.35 sys=0.00, real=0.03 secs] 
2016-09-13T19:58:14.907-0400: 271.465: [GC (GCLocker Initiated GC) [PSYoungGen: 145875K->23537K(188928K)] 304032K->181936K(713216K), 0.0105004 secs] [Times: user=0.12 sys=0.00, real=0.02 secs] 
2016-09-13T19:58:15.099-0400: 271.657: [GC (GCLocker Initiated GC) [PSYoungGen: 142833K->67513K(186880K)] 301264K->227672K(711168K), 0.0179825 secs] [Times: user=0.21 sys=0.01, real=0.02 secs] 
2016-09-13T19:58:15.299-0400: 271.857: [GC (GCLocker Initiated GC) [PSYoungGen: 186809K->29764K(187392K)] 359286K->203899K(711680K), 0.0104752 secs] [Times: user=0.08 sys=0.00, real=0.01 secs] 
2016-09-13T19:58:15.500-0400: 272.059: [GC (GCLocker Initiated GC) [PSYoungGen: 141892K->52334K(164864K)] 317735K->228473K(689152K), 0.0287816 secs] [Times: user=0.29 sys=0.00, real=0.03 secs] 
2016-09-13T19:58:15.685-0400: 272.243: [GC (Allocation Failure) [PSYoungGen: 164462K->50742K(184320K)] 340629K->228579K(708608K), 0.0152974 secs] [Times: user=0.16 sys=0.00, real=0.02 secs] 
2016-09-13T19:58:15.845-0400: 272.404: [GC (GCLocker Initiated GC) [PSYoungGen: 158262K->40237K(147968K)] 336099K->219766K(672256K), 0.0075640 secs] [Times: user=0.06 sys=0.00, real=0.01 secs] 
2016-09-13T19:58:16.045-0400: 272.603: [GC (GCLocker Initiated GC) [PSYoungGen: 147757K->24923K(182784K)] 330463K->207885K(707072K), 0.0163329 secs] [Times: user=0.14 sys=0.01, real=0.02 secs] 
2016-09-13T19:58:16.214-0400: 272.772: [GC (GCLocker Initiated GC) [PSYoungGen: 133979K->52202K(181760K)] 316973K->235334K(706048K), 0.0079009 secs] [Times: user=0.06 sys=0.00, real=0.01 secs] 
2016-09-13T19:58:16.373-0400: 272.931: [GC (GCLocker Initiated GC) [PSYoungGen: 161258K->26479K(187904K)] 344569K->213053K(712192K), 0.0051784 secs] [Times: user=0.03 sys=0.00, real=0.01 secs] 
2016-09-13T19:58:16.560-0400: 273.118: [GC (Allocation Failure) [PSYoungGen: 140655K->15937K(187392K)] 328806K->204432K(711680K), 0.0214011 secs] [Times: user=0.23 sys=0.00, real=0.02 secs] 
2016-09-13T19:58:16.741-0400: 273.300: [GC (GCLocker Initiated GC) [PSYoungGen: 129446K->25109K(186368K)] 319460K->226058K(710656K), 0.0052018 secs] [Times: user=0.05 sys=0.00, real=0.00 secs] 
2016-09-13T19:58:16.938-0400: 273.496: [GC (GCLocker Initiated GC) [PSYoungGen: 140309K->1988K(187392K)] 353758K->215601K(711680K), 0.0204966 secs] [Times: user=0.19 sys=0.00, real=0.02 secs] 
2016-09-13T19:58:17.136-0400: 273.694: [GC (Allocation Failure) [PSYoungGen: 117188K->23344K(186368K)] 338570K->244849K(710656K), 0.0080346 secs] [Times: user=0.06 sys=0.01, real=0.00 secs] 
2016-09-13T19:58:17.347-0400: 273.906: [GC (GCLocker Initiated GC) [PSYoungGen: 139568K->44454K(187392K)] 361079K->266150K(711680K), 0.0167223 secs] [Times: user=0.17 sys=0.00, real=0.02 secs] 
2016-09-13T19:58:17.531-0400: 274.089: [GC (GCLocker Initiated GC) [PSYoungGen: 160678K->61373K(176640K)] 382477K->283294K(700928K), 0.0073485 secs] [Times: user=0.05 sys=0.00, real=0.01 secs] 
2016-09-13T19:58:17.710-0400: 274.268: [GC (GCLocker Initiated GC) [PSYoungGen: 165821K->40047K(183296K)] 394005K->271404K(707584K), 0.0189896 secs] [Times: user=0.20 sys=0.01, real=0.02 secs] 
2016-09-13T19:58:17.884-0400: 274.443: [GC (GCLocker Initiated GC) [PSYoungGen: 144495K->46377K(180736K)] 375877K->277941K(705024K), 0.0176235 secs] [Times: user=0.16 sys=0.00, real=0.02 secs] 
2016-09-13T19:58:18.059-0400: 274.618: [GC (GCLocker Initiated GC) [PSYoungGen: 153385K->25109K(183296K)] 391283K->272346K(707584K), 0.0138611 secs] [Times: user=0.14 sys=0.00, real=0.01 secs] 
2016-09-13T19:58:18.238-0400: 274.797: [GC (GCLocker Initiated GC) [PSYoungGen: 132117K->29797K(180224K)] 381049K->279029K(704512K), 0.0056453 secs] [Times: user=0.05 sys=0.00, real=0.00 secs] 
2016-09-13T19:58:18.413-0400: 274.971: [GC (GCLocker Initiated GC) [PSYoungGen: 141413K->43265K(183296K)] 393861K->295898K(707584K), 0.0294201 secs] [Times: user=0.25 sys=0.01, real=0.03 secs] 
2016-09-13T19:58:18.615-0400: 275.174: [GC (GCLocker Initiated GC) [PSYoungGen: 154881K->50812K(186880K)] 407537K->303768K(711168K), 0.0102495 secs] [Times: user=0.14 sys=0.00, real=0.01 secs] 
2016-09-13T19:58:18.813-0400: 275.372: [GC (GCLocker Initiated GC) [PSYoungGen: 166524K->46256K(188928K)] 427241K->322288K(713216K), 0.0117841 secs] [Times: user=0.15 sys=0.00, real=0.01 secs] 
2016-09-13T19:58:19.000-0400: 275.559: [GC (Allocation Failure) [PSYoungGen: 161968K->46223K(187392K)] 438075K->322460K(711680K), 0.0105608 secs] [Times: user=0.09 sys=0.01, real=0.01 secs] 
2016-09-13T19:58:19.171-0400: 275.729: [GC (Allocation Failure) [PSYoungGen: 161746K->28142K(188416K)] 437983K->304538K(712704K), 0.0102392 secs] [Times: user=0.11 sys=0.00, real=0.01 secs] 
2016-09-13T19:58:19.334-0400: 275.892: [GC (GCLocker Initiated GC) [PSYoungGen: 143337K->27966K(187392K)] 421253K->324382K(711680K), 0.0199242 secs] [Times: user=0.23 sys=0.00, real=0.02 secs] 
2016-09-13T19:58:19.549-0400: 276.108: [GC (Allocation Failure) [PSYoungGen: 147262K->23277K(188416K)] 443977K->320041K(712704K), 0.0089398 secs] [Times: user=0.05 sys=0.00, real=0.01 secs] 
2016-09-13T19:58:19.732-0400: 276.290: [GC (GCLocker Initiated GC) [PSYoungGen: 138613K->24923K(189440K)] 441452K->327911K(713728K), 0.0075783 secs] [Times: user=0.05 sys=0.00, real=0.01 secs] 
2016-09-13T19:58:19.916-0400: 276.475: [GC (GCLocker Initiated GC) [PSYoungGen: 149339K->46291K(191488K)] 453910K->351170K(715776K), 0.0228816 secs] [Times: user=0.22 sys=0.00, real=0.02 secs] 
2016-09-13T19:58:20.124-0400: 276.682: [GC (GCLocker Initiated GC) [PSYoungGen: 170707K->43143K(194560K)] 475683K->348230K(718848K), 0.0098458 secs] [Times: user=0.08 sys=0.00, real=0.01 secs] 
2016-09-13T19:58:20.351-0400: 276.909: [GC (GCLocker Initiated GC) [PSYoungGen: 169607K->38623K(165376K)] 474842K->344064K(689664K), 0.0272749 secs] [Times: user=0.30 sys=0.01, real=0.03 secs] 
2016-09-13T19:58:20.561-0400: 277.120: [GC (GCLocker Initiated GC) [PSYoungGen: 165087K->9859K(190464K)] 478372K->323377K(714752K), 0.0093969 secs] [Times: user=0.10 sys=0.00, real=0.01 secs] 
2016-09-13T19:58:20.770-0400: 277.329: [GC (Allocation Failure) [PSYoungGen: 134787K->38655K(192000K)] 448661K->352700K(716288K), 0.0116368 secs] [Times: user=0.11 sys=0.00, real=0.01 secs] 
2016-09-13T19:58:20.942-0400: 277.500: [GC (Allocation Failure) [PSYoungGen: 163425K->43117K(195072K)] 477469K->357370K(719360K), 0.0071097 secs] [Times: user=0.06 sys=0.00, real=0.01 secs] 
2016-09-13T19:58:21.193-0400: 277.752: [GC (GCLocker Initiated GC) [PSYoungGen: 170610K->9923K(195072K)] 490939K->330438K(719360K), 0.0063725 secs] [Times: user=0.08 sys=0.00, real=0.01 secs] 
2016-09-13T19:58:21.402-0400: 277.961: [GC (GCLocker Initiated GC) [PSYoungGen: 139459K->32709K(190976K)] 461658K->355137K(715264K), 0.0060479 secs] [Times: user=0.07 sys=0.00, real=0.01 secs] 
2016-09-13T19:58:21.627-0400: 278.185: [GC (GCLocker Initiated GC) [PSYoungGen: 162245K->63143K(193024K)] 484849K->428480K(717312K), 0.0165579 secs] [Times: user=0.23 sys=0.00, real=0.02 secs] 
2016-09-13T19:58:21.830-0400: 278.389: [GC (GCLocker Initiated GC) [PSYoungGen: 192679K->23553K(190976K)] 559637K->431699K(715264K), 0.0151357 secs] [Times: user=0.13 sys=0.01, real=0.01 secs] 
2016-09-13T19:58:22.028-0400: 278.587: [GC (Allocation Failure) [PSYoungGen: 145409K->46224K(168448K)] 555337K->456376K(692736K), 0.0152987 secs] [Times: user=0.15 sys=0.00, real=0.01 secs] 
2016-09-13T19:58:22.224-0400: 278.782: [GC (GCLocker Initiated GC) [PSYoungGen: 168080K->47646K(189952K)] 578237K->457867K(714240K), 0.0302420 secs] [Times: user=0.29 sys=0.00, real=0.03 secs] 
2016-09-13T19:58:22.418-0400: 278.976: [GC (GCLocker Initiated GC) [PSYoungGen: 166430K->34035K(153088K)] 582755K->450440K(677376K), 0.0065912 secs] [Times: user=0.04 sys=0.00, real=0.00 secs] 
2016-09-13T19:58:22.614-0400: 279.172: [GC (GCLocker Initiated GC) [PSYoungGen: 152819K->8217K(186880K)] 578359K->441553K(711168K), 0.0037932 secs] [Times: user=0.03 sys=0.00, real=0.01 secs] 
2016-09-13T19:58:22.812-0400: 279.371: [GC (GCLocker Initiated GC) [PSYoungGen: 125977K->43211K(188416K)] 559598K->484564K(712704K), 0.0225053 secs] [Times: user=0.23 sys=0.00, real=0.02 secs] 
2016-09-13T19:58:23.014-0400: 279.573: [GC (GCLocker Initiated GC) [PSYoungGen: 160971K->40047K(187392K)] 602497K->481758K(711680K), 0.0136645 secs] [Times: user=0.12 sys=0.01, real=0.02 secs] 
2016-09-13T19:58:23.211-0400: 279.769: [GC (GCLocker Initiated GC) [PSYoungGen: 160879K->52202K(189440K)] 610265K->501843K(713728K), 0.0181454 secs] [Times: user=0.17 sys=0.01, real=0.02 secs] 
2016-09-13T19:58:23.417-0400: 279.975: [GC (GCLocker Initiated GC) [PSYoungGen: 173034K->35746K(190464K)] 628793K->496279K(714752K), 0.0166609 secs] [Times: user=0.22 sys=0.00, real=0.01 secs] 
2016-09-13T19:58:23.613-0400: 280.172: [GC (Allocation Failure) [PSYoungGen: 157602K->47768K(190464K)] 618219K->517771K(714752K), 0.0072743 secs] [Times: user=0.07 sys=0.00, real=0.01 secs] 
2016-09-13T19:58:23.802-0400: 280.361: [GC (GCLocker Initiated GC) [PSYoungGen: 165414K->25020K(192512K)] 641492K->511904K(716800K), 0.0094802 secs] [Times: user=0.08 sys=0.00, real=0.01 secs] 
2016-09-13T19:58:24.004-0400: 280.563: [GC (GCLocker Initiated GC) [PSYoungGen: 148924K->15901K(192512K)] 643484K->510600K(716800K), 0.0177510 secs] [Times: user=0.17 sys=0.00, real=0.02 secs] 
2016-09-13T19:58:24.229-0400: 280.788: [GC (Allocation Failure) [PSYoungGen: 139805K->46313K(191488K)] 636176K->553475K(715776K), 0.0071683 secs] [Times: user=0.06 sys=0.00, real=0.01 secs] 
2016-09-13T19:58:24.237-0400: 280.795: [Full GC (Ergonomics) [PSYoungGen: 46313K->0K(191488K)] [ParOldGen: 507161K->39546K(524288K)] 553475K->39546K(715776K), [Metaspace: 44744K->44744K(1087488K)], 0.0604714 secs] [Times: user=0.33 sys=0.01, real=0.06 secs] 
2016-09-13T19:58:24.297-0400: 280.856: [GC (GCLocker Initiated GC) [PSYoungGen: 8K->64K(123392K)] 39555K->39610K(647680K), 0.0050636 secs] [Times: user=0.05 sys=0.00, real=0.00 secs] 
2016-09-13T19:58:24.446-0400: 281.004: [GC (GCLocker Initiated GC) [PSYoungGen: 122150K->66024K(173056K)] 163215K->107105K(697344K), 0.0100362 secs] [Times: user=0.08 sys=0.00, real=0.02 secs] 
2016-09-13T19:58:24.595-0400: 281.153: [GC (GCLocker Initiated GC) [PSYoungGen: 166376K->47773K(181248K)] 209078K->133388K(705536K), 0.0248470 secs] [Times: user=0.29 sys=0.00, real=0.03 secs] 
2016-09-13T19:58:24.775-0400: 281.334: [GC (GCLocker Initiated GC) [PSYoungGen: 148125K->46472K(180224K)] 234098K->132599K(704512K), 0.0119922 secs] [Times: user=0.17 sys=0.00, real=0.01 secs] 
2016-09-13T19:58:24.926-0400: 281.484: [GC (GCLocker Initiated GC) [PSYoungGen: 146824K->29325K(130048K)] 233035K->115918K(654336K), 0.0136859 secs] [Times: user=0.14 sys=0.01, real=0.02 secs] 
2016-09-13T19:58:25.091-0400: 281.649: [GC (GCLocker Initiated GC) [PSYoungGen: 129677K->46499K(179712K)] 216290K->142418K(704000K), 0.0101475 secs] [Times: user=0.11 sys=0.00, real=0.01 secs] 
2016-09-13T19:58:25.258-0400: 281.816: [GC (GCLocker Initiated GC) [PSYoungGen: 148899K->25152K(179200K)] 257073K->148819K(703488K), 0.0062809 secs] [Times: user=0.08 sys=0.00, real=0.00 secs] 
2016-09-13T19:58:25.407-0400: 281.965: [GC (GCLocker Initiated GC) [PSYoungGen: 127552K->32581K(181248K)] 251465K->156669K(705536K), 0.0058903 secs] [Times: user=0.05 sys=0.00, real=0.01 secs] 
2016-09-13T19:58:25.596-0400: 282.155: [GC (GCLocker Initiated GC) [PSYoungGen: 142661K->37233K(182272K)] 266881K->161689K(706560K), 0.0144383 secs] [Times: user=0.20 sys=0.00, real=0.01 secs] 
2016-09-13T19:58:25.766-0400: 282.324: [GC (GCLocker Initiated GC) [PSYoungGen: 147313K->46320K(187904K)] 271950K->180276K(712192K), 0.0090127 secs] [Times: user=0.10 sys=0.00, real=0.01 secs] 
2016-09-13T19:58:25.953-0400: 282.511: [GC (GCLocker Initiated GC) [PSYoungGen: 165104K->14361K(187904K)] 299239K->148725K(712192K), 0.0185441 secs] [Times: user=0.26 sys=0.00, real=0.02 secs] 
2016-09-13T19:58:26.145-0400: 282.704: [GC (Allocation Failure) [PSYoungGen: 133145K->5211K(188928K)] 276774K->149026K(713216K), 0.0041762 secs] [Times: user=0.02 sys=0.00, real=0.01 secs] 
2016-09-13T19:58:26.356-0400: 282.915: [GC (GCLocker Initiated GC) [PSYoungGen: 123995K->11196K(190464K)] 267813K->155062K(714752K), 0.0204409 secs] [Times: user=0.19 sys=0.00, real=0.02 secs] 
2016-09-13T19:58:26.542-0400: 283.100: [GC (GCLocker Initiated GC) [PSYoungGen: 129980K->67358K(171520K)] 275545K->213038K(695808K), 0.0078840 secs] [Times: user=0.07 sys=0.00, real=0.01 secs] 
2016-09-13T19:58:26.699-0400: 283.257: [GC (GCLocker Initiated GC) [PSYoungGen: 167710K->67453K(167936K)] 315063K->214887K(692224K), 0.0099349 secs] [Times: user=0.08 sys=0.00, real=0.01 secs] 
2016-09-13T19:58:26.889-0400: 283.448: [GC (GCLocker Initiated GC) [PSYoungGen: 167805K->51124K(175104K)] 315487K->203551K(699392K), 0.0179241 secs] [Times: user=0.20 sys=0.01, real=0.01 secs] 
2016-09-13T19:58:27.060-0400: 283.619: [GC (GCLocker Initiated GC) [PSYoungGen: 139188K->26320K(114688K)] 305563K->193031K(638976K), 0.0080456 secs] [Times: user=0.07 sys=0.00, real=0.01 secs] 
2016-09-13T19:58:27.184-0400: 283.743: [GC (GCLocker Initiated GC) [PSYoungGen: 114384K->27991K(177664K)] 281333K->195129K(701952K), 0.0196424 secs] [Times: user=0.21 sys=0.00, real=0.02 secs] 
2016-09-13T19:58:27.337-0400: 283.896: [GC (GCLocker Initiated GC) [PSYoungGen: 119639K->40116K(132096K)] 288528K->209285K(656384K), 0.0135974 secs] [Times: user=0.14 sys=0.00, real=0.01 secs] 
2016-09-13T19:58:27.488-0400: 284.047: [GC (GCLocker Initiated GC) [PSYoungGen: 131764K->46313K(173568K)] 307226K->221922K(697856K), 0.0217893 secs] [Times: user=0.23 sys=0.01, real=0.02 secs] 
2016-09-13T19:58:27.657-0400: 284.216: [GC (GCLocker Initiated GC) [PSYoungGen: 140521K->50780K(173056K)] 316227K->226633K(697344K), 0.0095123 secs] [Times: user=0.09 sys=0.00, real=0.00 secs] 
2016-09-13T19:58:27.800-0400: 284.358: [GC (GCLocker Initiated GC) [PSYoungGen: 144988K->12741K(181760K)] 322457K->191875K(706048K), 0.0108120 secs] [Times: user=0.11 sys=0.00, real=0.01 secs] 
2016-09-13T19:58:27.959-0400: 284.517: [GC (GCLocker Initiated GC) [PSYoungGen: 115141K->23469K(125952K)] 295810K->213492K(650240K), 0.0300361 secs] [Times: user=0.37 sys=0.00, real=0.03 secs] 
2016-09-13T19:58:28.116-0400: 284.674: [GC (GCLocker Initiated GC) [PSYoungGen: 125869K->55462K(177664K)] 315920K->245743K(701952K), 0.0071670 secs] [Times: user=0.08 sys=0.01, real=0.01 secs] 
2016-09-13T19:58:28.305-0400: 284.864: [GC (GCLocker Initiated GC) [PSYoungGen: 155302K->50992K(151040K)] 347139K->244684K(675328K), 0.0098179 secs] [Times: user=0.11 sys=0.00, real=0.01 secs] 
2016-09-13T19:58:28.450-0400: 285.009: [GC (Allocation Failure) [PSYoungGen: 150832K->48051K(181248K)] 344801K->255891K(705536K), 0.0085780 secs] [Times: user=0.12 sys=0.00, real=0.01 secs] 
2016-09-13T19:58:28.639-0400: 285.198: [GC (GCLocker Initiated GC) [PSYoungGen: 147379K->46436K(145920K)] 355222K->260662K(670208K), 0.0102440 secs] [Times: user=0.12 sys=0.00, real=0.01 secs] 
2016-09-13T19:58:28.772-0400: 285.330: [GC (Allocation Failure) [PSYoungGen: 145764K->29511K(180736K)] 361685K->245574K(705024K), 0.0179494 secs] [Times: user=0.15 sys=0.00, real=0.02 secs] 
2016-09-13T19:58:28.790-0400: 285.349: [GC (GCLocker Initiated GC) [PSYoungGen: 30091K->32K(178688K)] 246154K->248395K(702976K), 0.0097645 secs] [Times: user=0.11 sys=0.00, real=0.01 secs] 
2016-09-13T19:58:28.948-0400: 285.506: [GC (GCLocker Initiated GC) [PSYoungGen: 101173K->47926K(181760K)] 351055K->297808K(706048K), 0.0100436 secs] [Times: user=0.09 sys=0.00, real=0.01 secs] 
2016-09-13T19:58:29.104-0400: 285.663: [GC (GCLocker Initiated GC) [PSYoungGen: 149302K->46128K(147968K)] 405286K->308660K(672256K), 0.0243977 secs] [Times: user=0.25 sys=0.00, real=0.03 secs] 
2016-09-13T19:58:29.297-0400: 285.856: [GC (GCLocker Initiated GC) [PSYoungGen: 147504K->34228K(184832K)] 423727K->318141K(709120K), 0.0073601 secs] [Times: user=0.09 sys=0.01, real=0.00 secs] 
2016-09-13T19:58:29.464-0400: 286.023: [GC (GCLocker Initiated GC) [PSYoungGen: 139188K->46566K(181248K)] 423282K->344508K(705536K), 0.0085509 secs] [Times: user=0.10 sys=0.00, real=0.01 secs] 
2016-09-13T19:58:29.652-0400: 286.210: [GC (GCLocker Initiated GC) [PSYoungGen: 151526K->14532K(181760K)] 463164K->326568K(706048K), 0.0105101 secs] [Times: user=0.10 sys=0.00, real=0.01 secs] 
2016-09-13T19:58:29.843-0400: 286.402: [GC (Allocation Failure) [PSYoungGen: 120516K->6661K(181760K)] 438665K->330949K(706048K), 0.0181445 secs] [Times: user=0.20 sys=0.00, real=0.02 secs] 
2016-09-13T19:58:30.010-0400: 286.569: [GC (GCLocker Initiated GC) [PSYoungGen: 111568K->29515K(180224K)] 437375K->355476K(704512K), 0.0351712 secs] [Times: user=0.32 sys=0.00, real=0.03 secs] 
2016-09-13T19:58:30.232-0400: 286.791: [GC (GCLocker Initiated GC) [PSYoungGen: 139083K->27987K(182784K)] 471142K->360223K(707072K), 0.0129887 secs] [Times: user=0.13 sys=0.00, real=0.01 secs] 
2016-09-13T19:58:30.384-0400: 286.943: [GC (GCLocker Initiated GC) [PSYoungGen: 137555K->26537K(184832K)] 469972K->362200K(709120K), 0.0182732 secs] [Times: user=0.20 sys=0.00, real=0.02 secs] 
2016-09-13T19:58:30.600-0400: 287.159: [GC (GCLocker Initiated GC) [PSYoungGen: 145833K->9799K(186368K)] 487574K->351692K(710656K), 0.0090863 secs] [Times: user=0.07 sys=0.00, real=0.01 secs] 
2016-09-13T19:58:30.758-0400: 287.317: [GC (GCLocker Initiated GC) [PSYoungGen: 129095K->54035K(183808K)] 470990K->396121K(708096K), 0.0119859 secs] [Times: user=0.18 sys=0.00, real=0.01 secs] 
2016-09-13T19:58:30.991-0400: 287.550: [GC (GCLocker Initiated GC) [PSYoungGen: 170771K->12965K(189440K)] 512980K->373569K(713728K), 0.0070897 secs] [Times: user=0.08 sys=0.01, real=0.01 secs] 
2016-09-13T19:58:31.191-0400: 287.750: [GC (Allocation Failure) [PSYoungGen: 129701K->23276K(182272K)] 492002K->391920K(706560K), 0.0205775 secs] [Times: user=0.16 sys=0.02, real=0.02 secs] 
2016-09-13T19:58:31.367-0400: 287.925: [GC (GCLocker Initiated GC) [PSYoungGen: 141036K->12715K(186368K)] 509683K->381548K(710656K), 0.0222130 secs] [Times: user=0.21 sys=0.01, real=0.03 secs] 
2016-09-13T19:58:31.544-0400: 288.102: [GC (GCLocker Initiated GC) [PSYoungGen: 130475K->23559K(185344K)] 505457K->398688K(709632K), 0.0247111 secs] [Times: user=0.25 sys=0.01, real=0.03 secs] 
2016-09-13T19:58:31.743-0400: 288.302: [GC (GCLocker Initiated GC) [PSYoungGen: 149511K->33946K(189952K)] 526194K->410897K(714240K), 0.0051158 secs] [Times: user=0.04 sys=0.00, real=0.01 secs] 
2016-09-13T19:58:31.941-0400: 288.500: [GC (Allocation Failure) [PSYoungGen: 159898K->23580K(192000K)] 543206K->414629K(716288K), 0.0114259 secs] [Times: user=0.10 sys=0.01, real=0.01 secs] 
2016-09-13T19:58:32.163-0400: 288.722: [GC (GCLocker Initiated GC) [PSYoungGen: 158748K->46191K(195584K)] 551316K->439085K(719872K), 0.0160444 secs] [Times: user=0.14 sys=0.01, real=0.02 secs] 
2016-09-13T19:58:32.408-0400: 288.967: [GC (GCLocker Initiated GC) [PSYoungGen: 181359K->5120K(197120K)] 583480K->407427K(721408K), 0.0219561 secs] [Times: user=0.22 sys=0.00, real=0.02 secs] 
2016-09-13T19:58:32.656-0400: 289.214: [GC (GCLocker Initiated GC) [PSYoungGen: 138240K->43117K(176640K)] 542254K->447270K(700928K), 0.0156689 secs] [Times: user=0.13 sys=0.00, real=0.01 secs] 
2016-09-13T19:58:32.890-0400: 289.448: [GC (GCLocker Initiated GC) [PSYoungGen: 176237K->23442K(198144K)] 594312K->441672K(722432K), 0.0100160 secs] [Times: user=0.10 sys=0.00, real=0.01 secs] 
2016-09-13T19:58:33.099-0400: 289.658: [GC (GCLocker Initiated GC) [PSYoungGen: 154514K->44726K(195072K)] 574379K->464663K(719360K), 0.0077197 secs] [Times: user=0.06 sys=0.01, real=0.00 secs] 
2016-09-13T19:58:33.300-0400: 289.859: [GC (GCLocker Initiated GC) [PSYoungGen: 175798K->44737K(191488K)] 595766K->471009K(715776K), 0.0312162 secs] [Times: user=0.36 sys=0.00, real=0.03 secs] 
2016-09-13T19:58:33.500-0400: 290.058: [GC (GCLocker Initiated GC) [PSYoungGen: 169665K->44881K(169984K)] 603565K->480446K(694272K), 0.0278068 secs] [Times: user=0.28 sys=0.00, real=0.02 secs] 
2016-09-13T19:58:33.720-0400: 290.279: [GC (GCLocker Initiated GC) [PSYoungGen: 169809K->56822K(181248K)] 605466K->494226K(705536K), 0.0153273 secs] [Times: user=0.18 sys=0.00, real=0.01 secs] 
2016-09-13T19:58:33.898-0400: 290.457: [GC (GCLocker Initiated GC) [PSYoungGen: 168438K->34004K(186880K)] 618018K->483719K(711168K), 0.0072106 secs] [Times: user=0.05 sys=0.00, real=0.00 secs] 
2016-09-13T19:58:34.084-0400: 290.643: [GC (GCLocker Initiated GC) [PSYoungGen: 145620K->46499K(186880K)] 596990K->508663K(711168K), 0.0079098 secs] [Times: user=0.11 sys=0.00, real=0.01 secs] 
2016-09-13T19:58:34.286-0400: 290.845: [GC (Allocation Failure) [PSYoungGen: 162211K->28057K(187904K)] 636734K->502711K(712192K), 0.0063300 secs] [Times: user=0.06 sys=0.01, real=0.01 secs] 
2016-09-13T19:58:34.474-0400: 291.033: [GC (GCLocker Initiated GC) [PSYoungGen: 143769K->50843K(185856K)] 618423K->525678K(710144K), 0.0167299 secs] [Times: user=0.19 sys=0.00, real=0.02 secs] 
2016-09-13T19:58:34.664-0400: 291.222: [GC (GCLocker Initiated GC) [PSYoungGen: 167067K->52421K(168960K)] 641997K->532058K(693248K), 0.0107304 secs] [Times: user=0.13 sys=0.00, real=0.01 secs] 
2016-09-13T19:58:34.852-0400: 291.410: [GC (GCLocker Initiated GC) [PSYoungGen: 168645K->23471K(188928K)] 656038K->517145K(713216K), 0.0199646 secs] [Times: user=0.20 sys=0.00, real=0.02 secs] 
2016-09-13T19:58:35.061-0400: 291.619: [GC (Allocation Failure) [PSYoungGen: 138159K->31063K(145920K)] 637918K->531012K(670208K), 0.0057992 secs] [Times: user=0.05 sys=0.00, real=0.00 secs] 
2016-09-13T19:58:35.288-0400: 291.847: [GC (GCLocker Initiated GC) [PSYoungGen: 145751K->44513K(185856K)] 645717K->549107K(710144K), 0.0110440 secs] [Times: user=0.08 sys=0.00, real=0.01 secs] 
2016-09-13T19:58:35.474-0400: 292.032: [GC (GCLocker Initiated GC) [PSYoungGen: 159713K->35709K(185344K)] 670471K->546606K(709632K), 0.0323549 secs] [Times: user=0.29 sys=0.00, real=0.03 secs] 
2016-09-13T19:58:35.656-0400: 292.214: [Full GC (Ergonomics) [PSYoungGen: 150909K->0K(185344K)] [ParOldGen: 512624K->46203K(524288K)] 663534K->46203K(709632K), [Metaspace: 44748K->44748K(1087488K)], 0.0662900 secs] [Times: user=0.44 sys=0.00, real=0.06 secs] 
2016-09-13T19:58:35.869-0400: 292.428: [GC (GCLocker Initiated GC) [PSYoungGen: 115200K->66159K(178688K)] 162969K->145822K(702976K), 0.0101930 secs] [Times: user=0.14 sys=0.01, real=0.01 secs] 
2016-09-13T19:58:36.040-0400: 292.599: [GC (GCLocker Initiated GC) [PSYoungGen: 177775K->25177K(186880K)] 260659K->137305K(711168K), 0.0094944 secs] [Times: user=0.09 sys=0.00, real=0.01 secs] 
2016-09-13T19:58:36.226-0400: 292.784: [GC (GCLocker Initiated GC) [PSYoungGen: 136793K->28035K(181760K)] 255205K->146869K(706048K), 0.0104570 secs] [Times: user=0.14 sys=0.00, real=0.02 secs] 
2016-09-13T19:58:36.397-0400: 292.955: [GC (GCLocker Initiated GC) [PSYoungGen: 140675K->28094K(184832K)] 264244K->151822K(709120K), 0.0179480 secs] [Times: user=0.22 sys=0.01, real=0.01 secs] 
2016-09-13T19:58:36.599-0400: 293.157: [GC (Allocation Failure) [PSYoungGen: 140734K->9794K(189440K)] 272290K->141465K(713728K), 0.0192260 secs] [Times: user=0.16 sys=0.00, real=0.02 secs] 
2016-09-13T19:58:36.785-0400: 293.343: [GC (GCLocker Initiated GC) [PSYoungGen: 128578K->50747K(169984K)] 260252K->182697K(694272K), 0.0104414 secs] [Times: user=0.08 sys=0.00, real=0.01 secs] 
2016-09-13T19:58:36.955-0400: 293.513: [GC (GCLocker Initiated GC) [PSYoungGen: 169531K->23726K(189952K)] 306266K->160616K(714240K), 0.0102529 secs] [Times: user=0.12 sys=0.00, real=0.01 secs] 
2016-09-13T19:58:37.145-0400: 293.703: [GC (GCLocker Initiated GC) [PSYoungGen: 139438K->41629K(157696K)] 276565K->178942K(681984K), 0.0095241 secs] [Times: user=0.08 sys=0.01, real=0.01 secs] 
2016-09-13T19:58:37.346-0400: 293.905: [GC (GCLocker Initiated GC) [PSYoungGen: 157341K->46318K(186368K)] 294829K->184074K(710656K), 0.0104082 secs] [Times: user=0.10 sys=0.00, real=0.02 secs] 
2016-09-13T19:58:37.527-0400: 294.085: [GC (Allocation Failure) [PSYoungGen: 161518K->25076K(186880K)] 305612K->169396K(711168K), 0.0183556 secs] [Times: user=0.15 sys=0.00, real=0.02 secs] 
2016-09-13T19:58:37.724-0400: 294.282: [GC (Allocation Failure) [PSYoungGen: 140276K->46309K(188928K)] 284596K->190779K(713216K), 0.0219438 secs] [Times: user=0.22 sys=0.00, real=0.02 secs] 
2016-09-13T19:58:37.905-0400: 294.463: [GC (GCLocker Initiated GC) [PSYoungGen: 165093K->67644K(186880K)] 309569K->212333K(711168K), 0.0198067 secs] [Times: user=0.20 sys=0.00, real=0.02 secs] 
2016-09-13T19:58:38.108-0400: 294.666: [GC (GCLocker Initiated GC) [PSYoungGen: 186428K->27998K(183808K)] 331122K->172818K(708096K), 0.0230340 secs] [Times: user=0.26 sys=0.00, real=0.02 secs] 
2016-09-13T19:58:38.317-0400: 294.875: [GC (GCLocker Initiated GC) [PSYoungGen: 136542K->29452K(138240K)] 295061K->188173K(662528K), 0.0131570 secs] [Times: user=0.13 sys=0.00, real=0.01 secs] 
2016-09-13T19:58:38.488-0400: 295.047: [GC (GCLocker Initiated GC) [PSYoungGen: 137996K->43393K(186368K)] 298380K->211518K(710656K), 0.0074681 secs] [Times: user=0.07 sys=0.00, real=0.01 secs] 
2016-09-13T19:58:38.674-0400: 295.233: [GC (GCLocker Initiated GC) [PSYoungGen: 155009K->41790K(184832K)] 323245K->210341K(709120K), 0.0103931 secs] [Times: user=0.11 sys=0.01, real=0.01 secs] 
2016-09-13T19:58:38.847-0400: 295.405: [GC (GCLocker Initiated GC) [PSYoungGen: 153406K->46128K(185856K)] 322039K->214883K(710144K), 0.0224999 secs] [Times: user=0.30 sys=0.00, real=0.03 secs] 
2016-09-13T19:58:39.039-0400: 295.597: [GC (GCLocker Initiated GC) [PSYoungGen: 160816K->34322K(185344K)] 329727K->218682K(709632K), 0.0069277 secs] [Times: user=0.08 sys=0.00, real=0.00 secs] 
2016-09-13T19:58:39.244-0400: 295.803: [GC (GCLocker Initiated GC) [PSYoungGen: 149010K->38534K(187904K)] 335115K->224914K(712192K), 0.0094445 secs] [Times: user=0.09 sys=0.00, real=0.01 secs] 
2016-09-13T19:58:39.416-0400: 295.975: [GC (GCLocker Initiated GC) [PSYoungGen: 161414K->26442K(188416K)] 347979K->213056K(712704K), 0.0182647 secs] [Times: user=0.16 sys=0.00, real=0.01 secs] 
2016-09-13T19:58:39.628-0400: 296.186: [GC (GCLocker Initiated GC) [PSYoungGen: 149322K->41746K(194560K)] 337554K->230183K(718848K), 0.0067153 secs] [Times: user=0.05 sys=0.00, real=0.00 secs] 
2016-09-13T19:58:39.859-0400: 296.417: [GC (GCLocker Initiated GC) [PSYoungGen: 173330K->5642K(195584K)] 375647K->208348K(719872K), 0.0121533 secs] [Times: user=0.14 sys=0.01, real=0.01 secs] 
2016-09-13T19:58:40.057-0400: 296.616: [GC (GCLocker Initiated GC) [PSYoungGen: 137226K->49293K(190464K)] 339971K->252267K(714752K), 0.0229920 secs] [Times: user=0.24 sys=0.00, real=0.02 secs] 
2016-09-13T19:59:05.414-0400: 321.972: [GC (Allocation Failure) [PSYoungGen: 173197K->5062K(129024K)] 376173K->214235K(653312K), 0.0305400 secs] [Times: user=0.27 sys=0.01, real=0.03 secs] 
