Java HotSpot(TM) 64-Bit Server VM (25.101-b13) for linux-amd64 JRE (1.8.0_101-b13), built on Jun 22 2016 02:59:44 by "java_re" with gcc 4.3.0 20080428 (Red Hat 4.3.0-8)
Memory: 4k page, physical 264122320k(254543776k free), swap 268399612k(268399612k free)
CommandLine flags: -XX:GCLogFileSize=1048576 -XX:+HeapDumpOnOutOfMemoryError -XX:HeapDumpPath=artifacts/heapdump -XX:InitialHeapSize=805306368 -XX:MaxHeapSize=805306368 -XX:NumberOfGCLogFiles=10 -XX:+PrintGC -XX:+PrintGCDateStamps -XX:+PrintGCDetails -XX:+PrintGCTimeStamps -XX:+UseCompressedClassPointers -XX:+UseCompressedOops -XX:+UseGCLogFileRotation -XX:+UseParallelGC 
2016-09-24T01:04:09.382-0400: 1.968: [GC (Metadata GC Threshold) [PSYoungGen: 129762K->15566K(229376K)] 129762K->15654K(753664K), 0.0268788 secs] [Times: user=0.19 sys=0.02, real=0.02 secs] 
2016-09-24T01:04:09.409-0400: 1.995: [Full GC (Metadata GC Threshold) [PSYoungGen: 15566K->0K(229376K)] [ParOldGen: 88K->14603K(355328K)] 15654K->14603K(584704K), [Metaspace: 21079K->21079K(1067008K)], 0.0730880 secs] [Times: user=0.61 sys=0.02, real=0.08 secs] 
2016-09-24T01:04:11.147-0400: 3.732: [GC (Metadata GC Threshold) [PSYoungGen: 121931K->14684K(229376K)] 136534K->29424K(584704K), 0.0469596 secs] [Times: user=0.52 sys=0.04, real=0.04 secs] 
2016-09-24T01:04:11.194-0400: 3.780: [Full GC (Metadata GC Threshold) [PSYoungGen: 14684K->0K(229376K)] [ParOldGen: 14739K->20239K(524288K)] 29424K->20239K(753664K), [Metaspace: 35089K->35089K(1079296K)], 0.0617021 secs] [Times: user=0.46 sys=0.03, real=0.07 secs] 
2016-09-24T01:04:12.921-0400: 5.507: [GC (Allocation Failure) [PSYoungGen: 196420K->24076K(229376K)] 216660K->44324K(753664K), 0.0260898 secs] [Times: user=0.34 sys=0.00, real=0.03 secs] 
2016-09-24T01:04:13.688-0400: 6.274: [GC (GCLocker Initiated GC) [PSYoungGen: 217025K->21045K(229376K)] 243347K->47376K(753664K), 0.0202998 secs] [Times: user=0.19 sys=0.02, real=0.02 secs] 
2016-09-24T01:04:14.749-0400: 7.335: [GC (GCLocker Initiated GC) [PSYoungGen: 217653K->27570K(224256K)] 244345K->66420K(748544K), 0.0117152 secs] [Times: user=0.09 sys=0.00, real=0.01 secs] 
2016-09-24T01:04:15.854-0400: 8.440: [GC (Allocation Failure) [PSYoungGen: 224178K->21461K(227840K)] 269453K->66744K(752128K), 0.0267233 secs] [Times: user=0.24 sys=0.03, real=0.02 secs] 
2016-09-24T01:04:16.884-0400: 9.470: [GC (Allocation Failure) [PSYoungGen: 219093K->27440K(226816K)] 264376K->84881K(751104K), 0.0203741 secs] [Times: user=0.17 sys=0.02, real=0.02 secs] 
2016-09-24T01:04:17.914-0400: 10.499: [GC (GCLocker Initiated GC) [PSYoungGen: 225072K->27472K(227840K)] 282513K->97071K(752128K), 0.0180690 secs] [Times: user=0.19 sys=0.01, real=0.02 secs] 
2016-09-24T01:04:19.045-0400: 11.631: [GC (Allocation Failure) [PSYoungGen: 224080K->21778K(229376K)] 300104K->97810K(753664K), 0.0108015 secs] [Times: user=0.08 sys=0.01, real=0.01 secs] 
2016-09-24T01:04:20.124-0400: 12.710: [GC (Allocation Failure) [PSYoungGen: 218386K->27661K(228352K)] 294418K->115851K(752640K), 0.0144350 secs] [Times: user=0.12 sys=0.01, real=0.01 secs] 
2016-09-24T01:04:21.101-0400: 13.687: [GC (Allocation Failure) [PSYoungGen: 218654K->9628K(206336K)] 306844K->97826K(730624K), 0.0156398 secs] [Times: user=0.16 sys=0.02, real=0.02 secs] 
2016-09-24T01:04:22.117-0400: 14.703: [GC (Allocation Failure) [PSYoungGen: 206236K->33771K(221696K)] 294434K->128052K(745984K), 0.0231589 secs] [Times: user=0.23 sys=0.03, real=0.02 secs] 
2016-09-24T01:04:23.152-0400: 15.738: [GC (Allocation Failure) [PSYoungGen: 221163K->33800K(221696K)] 315444K->134156K(745984K), 0.0341120 secs] [Times: user=0.34 sys=0.04, real=0.04 secs] 
2016-09-24T01:04:24.147-0400: 16.733: [GC (Allocation Failure) [PSYoungGen: 221192K->21714K(223232K)] 321548K->122078K(747520K), 0.0134130 secs] [Times: user=0.13 sys=0.01, real=0.01 secs] 
2016-09-24T01:04:25.165-0400: 17.750: [GC (Allocation Failure) [PSYoungGen: 205010K->34014K(217600K)] 305374K->140461K(741888K), 0.0331181 secs] [Times: user=0.36 sys=0.04, real=0.03 secs] 
2016-09-24T01:04:25.630-0400: 18.215: [GC (GCLocker Initiated GC) [PSYoungGen: 217308K->40230K(211968K)] 323761K->177066K(736256K), 0.0124826 secs] [Times: user=0.09 sys=0.00, real=0.01 secs] 
2016-09-24T01:04:25.873-0400: 18.458: [GC (GCLocker Initiated GC) [PSYoungGen: 211238K->40294K(211456K)] 348435K->213949K(735744K), 0.0133595 secs] [Times: user=0.11 sys=0.02, real=0.02 secs] 
2016-09-24T01:04:26.122-0400: 18.708: [GC (GCLocker Initiated GC) [PSYoungGen: 211302K->43969K(205312K)] 385016K->268876K(729600K), 0.0217340 secs] [Times: user=0.18 sys=0.04, real=0.03 secs] 
2016-09-24T01:04:26.357-0400: 18.942: [GC (GCLocker Initiated GC) [PSYoungGen: 200641K->50115K(206848K)] 438047K->318278K(731136K), 0.0103349 secs] [Times: user=0.06 sys=0.03, real=0.01 secs] 
2016-09-24T01:04:26.549-0400: 19.135: [GC (GCLocker Initiated GC) [PSYoungGen: 206787K->50247K(192512K)] 475316K->361405K(716800K), 0.0301319 secs] [Times: user=0.31 sys=0.01, real=0.03 secs] 
2016-09-24T01:04:26.720-0400: 19.306: [GC (GCLocker Initiated GC) [PSYoungGen: 187463K->62301K(199680K)] 498669K->410037K(723968K), 0.0193670 secs] [Times: user=0.20 sys=0.02, real=0.02 secs] 
2016-09-24T01:04:26.909-0400: 19.495: [GC (Allocation Failure) [PSYoungGen: 199517K->62433K(150528K)] 547491K->495633K(674816K), 0.0145834 secs] [Times: user=0.17 sys=0.04, real=0.02 secs] 
2016-09-24T01:04:27.024-0400: 19.609: [GC (GCLocker Initiated GC) [PSYoungGen: 150497K->86506K(175104K)] 583698K->574477K(699392K), 0.0137997 secs] [Times: user=0.12 sys=0.03, real=0.01 secs] 
2016-09-24T01:04:27.038-0400: 19.623: [Full GC (Ergonomics) [PSYoungGen: 86506K->0K(175104K)] [ParOldGen: 487971K->51194K(524288K)] 574477K->51194K(699392K), [Metaspace: 43724K->43724K(1087488K)], 0.1928411 secs] [Times: user=2.33 sys=0.06, real=0.19 secs] 
2016-09-24T01:04:27.338-0400: 19.923: [GC (GCLocker Initiated GC) [PSYoungGen: 88064K->86110K(175104K)] 139306K->179877K(699392K), 0.0147691 secs] [Times: user=0.20 sys=0.01, real=0.01 secs] 
2016-09-24T01:04:27.489-0400: 20.074: [GC (GCLocker Initiated GC) [PSYoungGen: 174174K->86274K(175104K)] 280140K->228690K(699392K), 0.0136147 secs] [Times: user=0.16 sys=0.00, real=0.02 secs] 
2016-09-24T01:04:27.641-0400: 20.226: [GC (GCLocker Initiated GC) [PSYoungGen: 174338K->80139K(175104K)] 335323K->241132K(699392K), 0.0166897 secs] [Times: user=0.16 sys=0.00, real=0.02 secs] 
2016-09-24T01:04:27.769-0400: 20.355: [GC (GCLocker Initiated GC) [PSYoungGen: 168203K->86406K(175104K)] 329545K->290274K(699392K), 0.0179709 secs] [Times: user=0.20 sys=0.00, real=0.02 secs] 
2016-09-24T01:04:27.920-0400: 20.506: [GC (GCLocker Initiated GC) [PSYoungGen: 174470K->86602K(175104K)] 384427K->357309K(699392K), 0.0167812 secs] [Times: user=0.24 sys=0.01, real=0.02 secs] 
2016-09-24T01:04:28.055-0400: 20.641: [GC (GCLocker Initiated GC) [PSYoungGen: 174666K->43169K(175104K)] 452096K->382045K(699392K), 0.0106099 secs] [Times: user=0.11 sys=0.00, real=0.01 secs] 
2016-09-24T01:04:28.194-0400: 20.780: [GC (Allocation Failure) [PSYoungGen: 131233K->85758K(175104K)] 470531K->437302K(699392K), 0.0089108 secs] [Times: user=0.12 sys=0.01, real=0.02 secs] 
2016-09-24T01:04:28.294-0400: 20.880: [GC (GCLocker Initiated GC) [PSYoungGen: 168640K->61326K(175104K)] 526260K->467852K(699392K), 0.0093405 secs] [Times: user=0.11 sys=0.00, real=0.02 secs] 
2016-09-24T01:04:28.442-0400: 21.028: [GC (GCLocker Initiated GC) [PSYoungGen: 149390K->37258K(175104K)] 568110K->456113K(699392K), 0.0053494 secs] [Times: user=0.05 sys=0.00, real=0.00 secs] 
2016-09-24T01:04:28.581-0400: 21.167: [GC (GCLocker Initiated GC) [PSYoungGen: 125322K->55451K(175104K)] 550468K->480857K(699392K), 0.0191792 secs] [Times: user=0.18 sys=0.00, real=0.02 secs] 
2016-09-24T01:04:28.728-0400: 21.314: [GC (GCLocker Initiated GC) [PSYoungGen: 143515K->43205K(175104K)] 575256K->511500K(699392K), 0.0313958 secs] [Times: user=0.34 sys=0.00, real=0.03 secs] 
2016-09-24T01:04:28.760-0400: 21.345: [Full GC (Ergonomics) [PSYoungGen: 43205K->0K(175104K)] [ParOldGen: 468295K->51289K(524288K)] 511500K->51289K(699392K), [Metaspace: 43763K->43763K(1087488K)], 0.0595297 secs] [Times: user=0.30 sys=0.02, real=0.06 secs] 
2016-09-24T01:04:28.921-0400: 21.507: [GC (GCLocker Initiated GC) [PSYoungGen: 88064K->86078K(175104K)] 145615K->149704K(699392K), 0.0099965 secs] [Times: user=0.11 sys=0.00, real=0.01 secs] 
2016-09-24T01:04:29.044-0400: 21.630: [GC (Allocation Failure) [PSYoungGen: 174142K->43301K(175104K)] 249924K->180373K(699392K), 0.0169726 secs] [Times: user=0.17 sys=0.00, real=0.01 secs] 
2016-09-24T01:04:29.202-0400: 21.788: [GC (GCLocker Initiated GC) [PSYoungGen: 125452K->55155K(175104K)] 268599K->217006K(699392K), 0.0074542 secs] [Times: user=0.08 sys=0.00, real=0.01 secs] 
2016-09-24T01:04:29.321-0400: 21.906: [GC (GCLocker Initiated GC) [PSYoungGen: 143219K->73480K(175104K)] 305801K->254391K(699392K), 0.0367726 secs] [Times: user=0.34 sys=0.01, real=0.04 secs] 
2016-09-24T01:04:29.472-0400: 22.058: [GC (GCLocker Initiated GC) [PSYoungGen: 161544K->85854K(175104K)] 342591K->321728K(699392K), 0.0353686 secs] [Times: user=0.37 sys=0.00, real=0.04 secs] 
2016-09-24T01:04:29.652-0400: 22.238: [GC (GCLocker Initiated GC) [PSYoungGen: 173918K->61362K(175104K)] 415987K->352126K(699392K), 0.0119656 secs] [Times: user=0.12 sys=0.00, real=0.02 secs] 
2016-09-24T01:04:29.793-0400: 22.379: [GC (Allocation Failure) [PSYoungGen: 149426K->85694K(175104K)] 440411K->376987K(699392K), 0.0093900 secs] [Times: user=0.14 sys=0.01, real=0.02 secs] 
2016-09-24T01:04:29.926-0400: 22.511: [GC (GCLocker Initiated GC) [PSYoungGen: 173758K->73444K(175104K)] 465056K->419701K(699392K), 0.0168419 secs] [Times: user=0.21 sys=0.00, real=0.02 secs] 
2016-09-24T01:04:30.076-0400: 22.661: [GC (GCLocker Initiated GC) [PSYoungGen: 161508K->55675K(175104K)] 519995K->432491K(699392K), 0.0191891 secs] [Times: user=0.25 sys=0.01, real=0.02 secs] 
2016-09-24T01:04:30.231-0400: 22.817: [GC (GCLocker Initiated GC) [PSYoungGen: 143739K->61166K(175104K)] 526660K->444363K(699392K), 0.0212141 secs] [Times: user=0.20 sys=0.00, real=0.02 secs] 
2016-09-24T01:04:30.356-0400: 22.942: [GC (Allocation Failure) [PSYoungGen: 149230K->61686K(175104K)] 538818K->493927K(699392K), 0.0185103 secs] [Times: user=0.21 sys=0.01, real=0.02 secs] 
2016-09-24T01:04:30.483-0400: 23.069: [GC (GCLocker Initiated GC) [PSYoungGen: 149750K->73412K(175104K)] 581991K->524233K(699392K), 0.0150782 secs] [Times: user=0.20 sys=0.01, real=0.01 secs] 
2016-09-24T01:04:30.498-0400: 23.084: [Full GC (Ergonomics) [PSYoungGen: 73412K->0K(175104K)] [ParOldGen: 450821K->45087K(524288K)] 524233K->45087K(699392K), [Metaspace: 43831K->43831K(1087488K)], 0.0512199 secs] [Times: user=0.32 sys=0.00, real=0.05 secs] 
2016-09-24T01:04:30.667-0400: 23.252: [GC (GCLocker Initiated GC) [PSYoungGen: 88064K->86046K(175104K)] 139274K->161556K(699392K), 0.0159642 secs] [Times: user=0.17 sys=0.01, real=0.02 secs] 
2016-09-24T01:04:30.824-0400: 23.410: [GC (GCLocker Initiated GC) [PSYoungGen: 174110K->24912K(175104K)] 255697K->161705K(699392K), 0.0151930 secs] [Times: user=0.16 sys=0.00, real=0.01 secs] 
2016-09-24T01:04:30.931-0400: 23.516: [GC (GCLocker Initiated GC) [PSYoungGen: 112976K->73480K(175104K)] 249951K->210886K(699392K), 0.0181231 secs] [Times: user=0.17 sys=0.00, real=0.02 secs] 
2016-09-24T01:04:31.071-0400: 23.656: [GC (GCLocker Initiated GC) [PSYoungGen: 161544K->61234K(175104K)] 299121K->247678K(699392K), 0.0360493 secs] [Times: user=0.37 sys=0.00, real=0.04 secs] 
2016-09-24T01:04:31.231-0400: 23.816: [GC (GCLocker Initiated GC) [PSYoungGen: 149298K->85434K(175104K)] 335974K->296694K(699392K), 0.0217016 secs] [Times: user=0.25 sys=0.00, real=0.02 secs] 
2016-09-24T01:04:31.355-0400: 23.940: [GC (GCLocker Initiated GC) [PSYoungGen: 173498K->61462K(175104K)] 385018K->309528K(699392K), 0.0201307 secs] [Times: user=0.20 sys=0.00, real=0.02 secs] 
2016-09-24T01:04:31.492-0400: 24.078: [GC (Allocation Failure) [PSYoungGen: 149526K->55255K(175104K)] 397930K->340540K(699392K), 0.0235647 secs] [Times: user=0.17 sys=0.00, real=0.03 secs] 
2016-09-24T01:04:31.638-0400: 24.224: [GC (GCLocker Initiated GC) [PSYoungGen: 143268K->55355K(175104K)] 434628K->358937K(699392K), 0.0100634 secs] [Times: user=0.07 sys=0.01, real=0.01 secs] 
2016-09-24T01:04:31.746-0400: 24.332: [GC (GCLocker Initiated GC) [PSYoungGen: 143419K->55191K(175104K)] 447262K->359301K(699392K), 0.0299255 secs] [Times: user=0.30 sys=0.00, real=0.03 secs] 
2016-09-24T01:04:31.884-0400: 24.470: [GC (GCLocker Initiated GC) [PSYoungGen: 143255K->73712K(175104K)] 447559K->378104K(699392K), 0.0407121 secs] [Times: user=0.41 sys=0.00, real=0.04 secs] 
2016-09-24T01:04:32.038-0400: 24.624: [GC (GCLocker Initiated GC) [PSYoungGen: 161776K->67209K(175104K)] 466259K->396432K(699392K), 0.0108121 secs] [Times: user=0.09 sys=0.00, real=0.01 secs] 
2016-09-24T01:04:32.172-0400: 24.758: [GC (Allocation Failure) [PSYoungGen: 155273K->37389K(175104K)] 496748K->397202K(699392K), 0.0224947 secs] [Times: user=0.22 sys=0.00, real=0.03 secs] 
2016-09-24T01:04:35.789-0400: 28.375: [GC (GCLocker Initiated GC) [PSYoungGen: 125453K->61426K(175104K)] 485272K->421503K(699392K), 0.0109703 secs] [Times: user=0.11 sys=0.00, real=0.01 secs] 
2016-09-24T01:04:35.925-0400: 28.510: [GC (GCLocker Initiated GC) [PSYoungGen: 149490K->61330K(175104K)] 509794K->446193K(699392K), 0.0278014 secs] [Times: user=0.31 sys=0.00, real=0.02 secs] 
2016-09-24T01:04:36.090-0400: 28.675: [GC (Allocation Failure) [PSYoungGen: 149394K->61590K(175104K)] 546746K->501767K(699392K), 0.0159811 secs] [Times: user=0.18 sys=0.00, real=0.02 secs] 
2016-09-24T01:04:36.228-0400: 28.814: [GC (GCLocker Initiated GC) [PSYoungGen: 147077K->61362K(173056K)] 593329K->568827K(697344K), 0.0260766 secs] [Times: user=0.27 sys=0.01, real=0.03 secs] 
2016-09-24T01:04:36.255-0400: 28.840: [Full GC (Ergonomics) [PSYoungGen: 61362K->0K(173056K)] [ParOldGen: 507465K->51442K(524288K)] 568827K->51442K(697344K), [Metaspace: 43852K->43852K(1087488K)], 0.0687023 secs] [Times: user=0.43 sys=0.01, real=0.07 secs] 
2016-09-24T01:04:36.446-0400: 29.031: [GC (GCLocker Initiated GC) [PSYoungGen: 88064K->80171K(174080K)] 152006K->144113K(698368K), 0.0336574 secs] [Times: user=0.36 sys=0.00, real=0.03 secs] 
2016-09-24T01:04:36.618-0400: 29.203: [GC (GCLocker Initiated GC) [PSYoungGen: 168235K->67337K(175104K)] 232258K->223376K(699392K), 0.0403966 secs] [Times: user=0.50 sys=0.00, real=0.04 secs] 
2016-09-24T01:04:36.759-0400: 29.345: [GC (GCLocker Initiated GC) [PSYoungGen: 155401K->85986K(175104K)] 311516K->363753K(699392K), 0.0165021 secs] [Times: user=0.25 sys=0.00, real=0.02 secs] 
2016-09-24T01:04:36.889-0400: 29.475: [GC (GCLocker Initiated GC) [PSYoungGen: 174050K->85594K(175104K)] 451949K->430805K(699392K), 0.0146288 secs] [Times: user=0.17 sys=0.00, real=0.02 secs] 
2016-09-24T01:04:37.020-0400: 29.605: [GC (GCLocker Initiated GC) [PSYoungGen: 173658K->43269K(175104K)] 519230K->461845K(699392K), 0.0130577 secs] [Times: user=0.11 sys=0.01, real=0.01 secs] 
2016-09-24T01:04:37.033-0400: 29.619: [Full GC (Ergonomics) [PSYoungGen: 43269K->0K(175104K)] [ParOldGen: 418576K->51918K(524288K)] 461845K->51918K(699392K), [Metaspace: 43853K->43853K(1087488K)], 0.0514121 secs] [Times: user=0.36 sys=0.02, real=0.06 secs] 
2016-09-24T01:04:37.175-0400: 29.761: [GC (GCLocker Initiated GC) [PSYoungGen: 88064K->86306K(175104K)] 140197K->168814K(699392K), 0.0260167 secs] [Times: user=0.35 sys=0.00, real=0.02 secs] 
2016-09-24T01:04:37.330-0400: 29.915: [GC (GCLocker Initiated GC) [PSYoungGen: 174370K->79883K(175104K)] 263230K->242183K(699392K), 0.0224422 secs] [Times: user=0.23 sys=0.00, real=0.02 secs] 
2016-09-24T01:04:37.483-0400: 30.068: [GC (GCLocker Initiated GC) [PSYoungGen: 167947K->43169K(175104K)] 342545K->291271K(699392K), 0.0183218 secs] [Times: user=0.21 sys=0.00, real=0.01 secs] 
2016-09-24T01:04:37.624-0400: 30.210: [GC (GCLocker Initiated GC) [PSYoungGen: 131233K->86118K(175104K)] 385581K->365066K(699392K), 0.0111821 secs] [Times: user=0.15 sys=0.00, real=0.01 secs] 
2016-09-24T01:04:37.768-0400: 30.354: [GC (GCLocker Initiated GC) [PSYoungGen: 174182K->85886K(175104K)] 471409K->444335K(699392K), 0.0127725 secs] [Times: user=0.18 sys=0.00, real=0.01 secs] 
2016-09-24T01:04:37.900-0400: 30.486: [GC (GCLocker Initiated GC) [PSYoungGen: 173950K->79683K(175104K)] 532509K->499135K(699392K), 0.0127898 secs] [Times: user=0.12 sys=0.00, real=0.01 secs] 
2016-09-24T01:04:37.913-0400: 30.499: [Full GC (Ergonomics) [PSYoungGen: 79683K->0K(175104K)] [ParOldGen: 419452K->51205K(524288K)] 499135K->51205K(699392K), [Metaspace: 43882K->43882K(1087488K)], 0.0644118 secs] [Times: user=0.45 sys=0.00, real=0.07 secs] 
2016-09-24T01:04:38.081-0400: 30.667: [GC (GCLocker Initiated GC) [PSYoungGen: 88064K->86498K(175104K)] 139529K->174413K(699392K), 0.0185040 secs] [Times: user=0.24 sys=0.00, real=0.02 secs] 
2016-09-24T01:04:38.223-0400: 30.809: [GC (GCLocker Initiated GC) [PSYoungGen: 174562K->61426K(175104K)] 262513K->211275K(699392K), 0.0217573 secs] [Times: user=0.26 sys=0.01, real=0.02 secs] 
2016-09-24T01:04:38.387-0400: 30.973: [GC (Allocation Failure) [PSYoungGen: 149490K->55483K(175104K)] 311828K->272803K(699392K), 0.0242506 secs] [Times: user=0.32 sys=0.00, real=0.02 secs] 
2016-09-24T01:04:38.544-0400: 31.129: [GC (GCLocker Initiated GC) [PSYoungGen: 140212K->73576K(175104K)] 363607K->333721K(699392K), 0.0112355 secs] [Times: user=0.14 sys=0.00, real=0.01 secs] 
2016-09-24T01:04:38.703-0400: 31.288: [GC (GCLocker Initiated GC) [PSYoungGen: 161640K->36934K(175104K)] 428143K->358207K(699392K), 0.0123474 secs] [Times: user=0.08 sys=0.01, real=0.01 secs] 
2016-09-24T01:04:38.851-0400: 31.437: [GC (GCLocker Initiated GC) [PSYoungGen: 124998K->55255K(175104K)] 452364K->400957K(699392K), 0.0405086 secs] [Times: user=0.43 sys=0.00, real=0.04 secs] 
2016-09-24T01:04:39.017-0400: 31.603: [GC (Allocation Failure) [PSYoungGen: 143319K->37553K(175104K)] 501229K->395568K(699392K), 0.0221381 secs] [Times: user=0.28 sys=0.00, real=0.02 secs] 
2016-09-24T01:04:39.179-0400: 31.765: [GC (GCLocker Initiated GC) [PSYoungGen: 125022K->49408K(175104K)] 489112K->450746K(699392K), 0.0124990 secs] [Times: user=0.17 sys=0.01, real=0.01 secs] 
2016-09-24T01:04:39.300-0400: 31.886: [GC (GCLocker Initiated GC) [PSYoungGen: 137472K->85854K(175104K)] 539087K->512420K(699392K), 0.0120274 secs] [Times: user=0.19 sys=0.00, real=0.01 secs] 
2016-09-24T01:04:39.421-0400: 32.007: [GC (GCLocker Initiated GC) [PSYoungGen: 173918K->85758K(175104K)] 600599K->543098K(699392K), 0.0129511 secs] [Times: user=0.11 sys=0.00, real=0.01 secs] 
2016-09-24T01:04:39.434-0400: 32.020: [Full GC (Ergonomics) [PSYoungGen: 85758K->0K(175104K)] [ParOldGen: 457340K->70741K(524288K)] 543098K->70741K(699392K), [Metaspace: 43888K->43888K(1087488K)], 0.0577839 secs] [Times: user=0.35 sys=0.00, real=0.06 secs] 
2016-09-24T01:04:39.598-0400: 32.184: [GC (GCLocker Initiated GC) [PSYoungGen: 88064K->86498K(175104K)] 164929K->181588K(699392K), 0.0248654 secs] [Times: user=0.25 sys=0.01, real=0.03 secs] 
2016-09-24T01:04:39.771-0400: 32.357: [GC (GCLocker Initiated GC) [PSYoungGen: 174562K->61750K(175104K)] 282001K->231094K(699392K), 0.0177327 secs] [Times: user=0.22 sys=0.00, real=0.02 secs] 
2016-09-24T01:04:39.899-0400: 32.485: [GC (GCLocker Initiated GC) [PSYoungGen: 149814K->67533K(175104K)] 325393K->280198K(699392K), 0.0218097 secs] [Times: user=0.27 sys=0.00, real=0.02 secs] 
2016-09-24T01:04:40.034-0400: 32.620: [GC (GCLocker Initiated GC) [PSYoungGen: 155597K->86018K(175104K)] 374372K->347634K(699392K), 0.0126973 secs] [Times: user=0.14 sys=0.00, real=0.02 secs] 
2016-09-24T01:04:40.150-0400: 32.736: [GC (GCLocker Initiated GC) [PSYoungGen: 174082K->61298K(175104K)] 436037K->372456K(699392K), 0.0148080 secs] [Times: user=0.12 sys=0.00, real=0.02 secs] 
2016-09-24T01:04:40.308-0400: 32.894: [GC (Allocation Failure) [PSYoungGen: 149362K->61102K(175104K)] 460562K->396674K(699392K), 0.0125052 secs] [Times: user=0.10 sys=0.00, real=0.01 secs] 
2016-09-24T01:04:40.450-0400: 33.036: [GC (GCLocker Initiated GC) [PSYoungGen: 144998K->73444K(175104K)] 486645K->457759K(699392K), 0.0121431 secs] [Times: user=0.17 sys=0.00, real=0.02 secs] 
2016-09-24T01:04:40.595-0400: 33.180: [GC (GCLocker Initiated GC) [PSYoungGen: 161508K->79943K(175104K)] 551947K->506959K(699392K), 0.0203748 secs] [Times: user=0.19 sys=0.00, real=0.02 secs] 
2016-09-24T01:04:40.740-0400: 33.325: [GC (GCLocker Initiated GC) [PSYoungGen: 168007K->43269K(175104K)] 595631K->507634K(699392K), 0.0201159 secs] [Times: user=0.20 sys=0.00, real=0.02 secs] 
2016-09-24T01:04:40.760-0400: 33.345: [Full GC (Ergonomics) [PSYoungGen: 43269K->0K(175104K)] [ParOldGen: 464365K->46252K(524288K)] 507634K->46252K(699392K), [Metaspace: 43911K->43911K(1087488K)], 0.0552800 secs] [Times: user=0.33 sys=0.00, real=0.06 secs] 
2016-09-24T01:04:40.923-0400: 33.508: [GC (GCLocker Initiated GC) [PSYoungGen: 88064K->85790K(175104K)] 134587K->132313K(699392K), 0.0086780 secs] [Times: user=0.07 sys=0.00, real=0.00 secs] 
2016-09-24T01:04:41.030-0400: 33.616: [GC (Allocation Failure) [PSYoungGen: 173854K->61134K(175104K)] 226696K->168902K(699392K), 0.0129798 secs] [Times: user=0.11 sys=0.01, real=0.02 secs] 
2016-09-24T01:04:41.144-0400: 33.730: [GC (GCLocker Initiated GC) [PSYoungGen: 149198K->73804K(175104K)] 256972K->224263K(699392K), 0.0113992 secs] [Times: user=0.14 sys=0.00, real=0.01 secs] 
2016-09-24T01:04:41.257-0400: 33.842: [GC (GCLocker Initiated GC) [PSYoungGen: 161868K->49276K(175104K)] 312486K->261060K(699392K), 0.0265923 secs] [Times: user=0.27 sys=0.00, real=0.03 secs] 
2016-09-24T01:04:41.405-0400: 33.991: [GC (GCLocker Initiated GC) [PSYoungGen: 137340K->49376K(175104K)] 349211K->291922K(699392K), 0.0137504 secs] [Times: user=0.11 sys=0.01, real=0.01 secs] 
2016-09-24T01:04:41.558-0400: 34.143: [GC (GCLocker Initiated GC) [PSYoungGen: 137440K->55355K(175104K)] 386416K->304739K(699392K), 0.0232563 secs] [Times: user=0.21 sys=0.00, real=0.02 secs] 
2016-09-24T01:04:41.707-0400: 34.293: [GC (GCLocker Initiated GC) [PSYoungGen: 143419K->67373K(175104K)] 399233K->341664K(699392K), 0.0198946 secs] [Times: user=0.22 sys=0.00, real=0.02 secs] 
2016-09-24T01:04:41.866-0400: 34.452: [GC (GCLocker Initiated GC) [PSYoungGen: 155437K->73576K(175104K)] 429853K->378651K(699392K), 0.0216632 secs] [Times: user=0.22 sys=0.01, real=0.02 secs] 
2016-09-24T01:04:42.036-0400: 34.622: [GC (GCLocker Initiated GC) [PSYoungGen: 161640K->55351K(175104K)] 466902K->391304K(699392K), 0.0084404 secs] [Times: user=0.11 sys=0.00, real=0.01 secs] 
2016-09-24T01:04:42.142-0400: 34.728: [GC (GCLocker Initiated GC) [PSYoungGen: 143415K->61294K(175104K)] 485552K->440165K(699392K), 0.0257195 secs] [Times: user=0.30 sys=0.00, real=0.02 secs] 
2016-09-24T01:04:42.279-0400: 34.864: [GC (Allocation Failure) [PSYoungGen: 149358K->73940K(175104K)] 528271K->489422K(699392K), 0.0168949 secs] [Times: user=0.17 sys=0.00, real=0.02 secs] 
2016-09-24T01:04:42.408-0400: 34.994: [GC (GCLocker Initiated GC) [PSYoungGen: 162004K->73448K(175104K)] 577492K->525982K(699392K), 0.0239992 secs] [Times: user=0.25 sys=0.00, real=0.02 secs] 
2016-09-24T01:04:42.550-0400: 35.135: [GC (GCLocker Initiated GC) [PSYoungGen: 161512K->43137K(175104K)] 614239K->550643K(699392K), 0.0112479 secs] [Times: user=0.09 sys=0.00, real=0.01 secs] 
2016-09-24T01:04:42.561-0400: 35.147: [Full GC (Ergonomics) [PSYoungGen: 43137K->0K(175104K)] [ParOldGen: 507506K->58017K(524288K)] 550643K->58017K(699392K), [Metaspace: 43960K->43960K(1087488K)], 0.0630726 secs] [Times: user=0.34 sys=0.02, real=0.07 secs] 
2016-09-24T01:04:42.748-0400: 35.333: [GC (GCLocker Initiated GC) [PSYoungGen: 88064K->74192K(175104K)] 152361K->138489K(699392K), 0.0135578 secs] [Times: user=0.15 sys=0.00, real=0.01 secs] 
2016-09-24T01:04:42.879-0400: 35.464: [GC (GCLocker Initiated GC) [PSYoungGen: 162256K->49276K(175104K)] 226915K->151212K(699392K), 0.0291791 secs] [Times: user=0.33 sys=0.00, real=0.03 secs] 
2016-09-24T01:04:43.017-0400: 35.603: [GC (GCLocker Initiated GC) [PSYoungGen: 137340K->74000K(175104K)] 245707K->182478K(699392K), 0.0078717 secs] [Times: user=0.07 sys=0.00, real=0.01 secs] 
2016-09-24T01:04:43.148-0400: 35.733: [GC (GCLocker Initiated GC) [PSYoungGen: 162064K->79683K(175104K)] 270648K->200904K(699392K), 0.0095921 secs] [Times: user=0.08 sys=0.01, real=0.01 secs] 
2016-09-24T01:04:43.293-0400: 35.879: [GC (GCLocker Initiated GC) [PSYoungGen: 167747K->43105K(175104K)] 295265K->213228K(699392K), 0.0191720 secs] [Times: user=0.16 sys=0.00, real=0.02 secs] 
2016-09-24T01:04:43.435-0400: 36.021: [GC (GCLocker Initiated GC) [PSYoungGen: 131169K->49116K(175104K)] 301334K->237766K(699392K), 0.0136317 secs] [Times: user=0.16 sys=0.00, real=0.01 secs] 
2016-09-24T01:04:43.569-0400: 36.155: [GC (GCLocker Initiated GC) [PSYoungGen: 137180K->43365K(175104K)] 332192K->268864K(699392K), 0.0148884 secs] [Times: user=0.17 sys=0.00, real=0.02 secs] 
2016-09-24T01:04:43.713-0400: 36.299: [GC (GCLocker Initiated GC) [PSYoungGen: 131429K->43041K(175104K)] 357166K->287418K(699392K), 0.0197437 secs] [Times: user=0.20 sys=0.00, real=0.02 secs] 
2016-09-24T01:04:43.866-0400: 36.451: [GC (GCLocker Initiated GC) [PSYoungGen: 131105K->55387K(175104K)] 381913K->324499K(699392K), 0.0177045 secs] [Times: user=0.16 sys=0.00, real=0.02 secs] 
2016-09-24T01:04:43.996-0400: 36.581: [GC (GCLocker Initiated GC) [PSYoungGen: 143451K->67341K(175104K)] 412767K->349082K(699392K), 0.0223758 secs] [Times: user=0.23 sys=0.01, real=0.02 secs] 
2016-09-24T01:04:44.143-0400: 36.729: [GC (GCLocker Initiated GC) [PSYoungGen: 155405K->55383K(175104K)] 437816K->337922K(699392K), 0.0111471 secs] [Times: user=0.12 sys=0.00, real=0.01 secs] 
2016-09-24T01:04:44.276-0400: 36.861: [GC (GCLocker Initiated GC) [PSYoungGen: 143447K->85594K(175104K)] 426028K->386692K(699392K), 0.0147443 secs] [Times: user=0.16 sys=0.00, real=0.01 secs] 
2016-09-24T01:04:44.396-0400: 36.982: [GC (GCLocker Initiated GC) [PSYoungGen: 173658K->67569K(175104K)] 474803K->417442K(699392K), 0.0357189 secs] [Times: user=0.40 sys=0.00, real=0.03 secs] 
2016-09-24T01:04:44.567-0400: 37.152: [GC (GCLocker Initiated GC) [PSYoungGen: 155633K->49344K(175104K)] 505794K->478944K(699392K), 0.0123191 secs] [Times: user=0.12 sys=0.00, real=0.01 secs] 
2016-09-24T01:04:44.711-0400: 37.297: [GC (GCLocker Initiated GC) [PSYoungGen: 137407K->73576K(175104K)] 573437K->528099K(699392K), 0.0173486 secs] [Times: user=0.19 sys=0.00, real=0.02 secs] 
2016-09-24T01:04:44.729-0400: 37.314: [Full GC (Ergonomics) [PSYoungGen: 73576K->0K(175104K)] [ParOldGen: 454523K->52346K(524288K)] 528099K->52346K(699392K), [Metaspace: 43967K->43967K(1087488K)], 0.0551404 secs] [Times: user=0.26 sys=0.01, real=0.06 secs] 
2016-09-24T01:04:44.948-0400: 37.533: [GC (Allocation Failure) [PSYoungGen: 88064K->55351K(175104K)] 146661K->113948K(699392K), 0.0080532 secs] [Times: user=0.08 sys=0.00, real=0.01 secs] 
2016-09-24T01:04:45.093-0400: 37.679: [GC (GCLocker Initiated GC) [PSYoungGen: 142584K->43009K(175104K)] 207256K->126141K(699392K), 0.0221905 secs] [Times: user=0.27 sys=0.00, real=0.03 secs] 
2016-09-24T01:04:45.261-0400: 37.846: [GC (GCLocker Initiated GC) [PSYoungGen: 131073K->37290K(175104K)] 232713K->139065K(699392K), 0.0067029 secs] [Times: user=0.07 sys=0.00, real=0.01 secs] 
2016-09-24T01:04:45.404-0400: 37.990: [GC (GCLocker Initiated GC) [PSYoungGen: 125354K->79715K(175104K)] 233393K->188217K(699392K), 0.0100749 secs] [Times: user=0.14 sys=0.00, real=0.00 secs] 
2016-09-24T01:04:45.530-0400: 38.116: [GC (GCLocker Initiated GC) [PSYoungGen: 167779K->61981K(175104K)] 282392K->213516K(699392K), 0.0218334 secs] [Times: user=0.21 sys=0.01, real=0.02 secs] 
2016-09-24T01:04:45.674-0400: 38.259: [GC (GCLocker Initiated GC) [PSYoungGen: 150045K->61362K(175104K)] 307797K->256019K(699392K), 0.0155380 secs] [Times: user=0.14 sys=0.00, real=0.02 secs] 
2016-09-24T01:04:45.825-0400: 38.411: [GC (Allocation Failure) [PSYoungGen: 149426K->43073K(175104K)] 350881K->299454K(699392K), 0.0096006 secs] [Times: user=0.08 sys=0.00, real=0.01 secs] 
2016-09-24T01:04:45.957-0400: 38.542: [GC (GCLocker Initiated GC) [PSYoungGen: 131137K->67241K(175104K)] 387520K->323891K(699392K), 0.0108226 secs] [Times: user=0.10 sys=0.00, real=0.01 secs] 
2016-09-24T01:04:46.072-0400: 38.658: [GC (GCLocker Initiated GC) [PSYoungGen: 155305K->61690K(175104K)] 411975K->373139K(699392K), 0.0148004 secs] [Times: user=0.15 sys=0.00, real=0.02 secs] 
2016-09-24T01:04:46.212-0400: 38.798: [GC (GCLocker Initiated GC) [PSYoungGen: 149754K->79879K(175104K)] 473692K->434664K(699392K), 0.0102792 secs] [Times: user=0.09 sys=0.01, real=0.02 secs] 
2016-09-24T01:04:46.347-0400: 38.933: [GC (GCLocker Initiated GC) [PSYoungGen: 167943K->49376K(175104K)] 522899K->447156K(699392K), 0.0266749 secs] [Times: user=0.32 sys=0.00, real=0.02 secs] 
2016-09-24T01:04:46.508-0400: 39.093: [GC (GCLocker Initiated GC) [PSYoungGen: 137440K->55255K(175104K)] 547613K->483977K(699392K), 0.0234121 secs] [Times: user=0.27 sys=0.00, real=0.02 secs] 
2016-09-24T01:04:46.686-0400: 39.272: [GC (Allocation Failure) [PSYoungGen: 143319K->67597K(175104K)] 578320K->520959K(699392K), 0.0128848 secs] [Times: user=0.17 sys=0.01, real=0.01 secs] 
2016-09-24T01:04:46.699-0400: 39.285: [Full GC (Ergonomics) [PSYoungGen: 67597K->0K(175104K)] [ParOldGen: 453361K->52036K(524288K)] 520959K->52036K(699392K), [Metaspace: 43974K->43974K(1087488K)], 0.0548574 secs] [Times: user=0.36 sys=0.01, real=0.06 secs] 
2016-09-24T01:04:46.874-0400: 39.460: [GC (GCLocker Initiated GC) [PSYoungGen: 88064K->86470K(175104K)] 140105K->162812K(699392K), 0.0111863 secs] [Times: user=0.15 sys=0.01, real=0.02 secs] 
2016-09-24T01:04:47.000-0400: 39.586: [GC (GCLocker Initiated GC) [PSYoungGen: 174534K->74100K(175104K)] 250878K->199615K(699392K), 0.0129936 secs] [Times: user=0.17 sys=0.00, real=0.01 secs] 
2016-09-24T01:04:47.112-0400: 39.698: [GC (GCLocker Initiated GC) [PSYoungGen: 162164K->42845K(175104K)] 287834K->235756K(699392K), 0.0154512 secs] [Times: user=0.15 sys=0.00, real=0.02 secs] 
2016-09-24T01:04:47.228-0400: 39.813: [GC (GCLocker Initiated GC) [PSYoungGen: 130909K->86054K(175104K)] 323878K->303459K(699392K), 0.0113628 secs] [Times: user=0.12 sys=0.01, real=0.01 secs] 
2016-09-24T01:04:47.357-0400: 39.943: [GC (GCLocker Initiated GC) [PSYoungGen: 174118K->79523K(175104K)] 397880K->303873K(699392K), 0.0414477 secs] [Times: user=0.43 sys=0.01, real=0.04 secs] 
2016-09-24T01:04:47.523-0400: 40.109: [GC (GCLocker Initiated GC) [PSYoungGen: 167587K->36998K(175104K)] 392113K->316466K(699392K), 0.0204428 secs] [Times: user=0.23 sys=0.00, real=0.02 secs] 
2016-09-24T01:04:47.691-0400: 40.277: [GC (GCLocker Initiated GC) [PSYoungGen: 125062K->67437K(175104K)] 404780K->365484K(699392K), 0.0225322 secs] [Times: user=0.24 sys=0.00, real=0.02 secs] 
2016-09-24T01:04:47.866-0400: 40.452: [GC (GCLocker Initiated GC) [PSYoungGen: 155501K->55123K(175104K)] 459748K->396096K(699392K), 0.0250947 secs] [Times: user=0.30 sys=0.00, real=0.02 secs] 
2016-09-24T01:04:48.006-0400: 40.592: [GC (GCLocker Initiated GC) [PSYoungGen: 143187K->73316K(175104K)] 491083K->439540K(699392K), 0.0098908 secs] [Times: user=0.09 sys=0.00, real=0.01 secs] 
2016-09-24T01:04:48.131-0400: 40.717: [GC (Allocation Failure) [PSYoungGen: 161380K->73740K(175104K)] 527697K->458409K(699392K), 0.0144326 secs] [Times: user=0.19 sys=0.00, real=0.02 secs] 
2016-09-24T01:04:48.264-0400: 40.850: [GC (GCLocker Initiated GC) [PSYoungGen: 157357K->67405K(175104K)] 548102K->488808K(699392K), 0.0106979 secs] [Times: user=0.12 sys=0.00, real=0.01 secs] 
2016-09-24T01:04:48.407-0400: 40.993: [GC (GCLocker Initiated GC) [PSYoungGen: 155469K->67697K(175104K)] 582988K->513545K(699392K), 0.0123007 secs] [Times: user=0.15 sys=0.01, real=0.01 secs] 
2016-09-24T01:04:48.517-0400: 41.102: [GC (Allocation Failure) [PSYoungGen: 155761K->79683K(175104K)] 601650K->574472K(699392K), 0.0131183 secs] [Times: user=0.18 sys=0.00, real=0.01 secs] 
2016-09-24T01:04:48.530-0400: 41.116: [Full GC (Ergonomics) [PSYoungGen: 79683K->0K(175104K)] [ParOldGen: 494789K->52345K(524288K)] 574472K->52345K(699392K), [Metaspace: 43992K->43992K(1087488K)], 0.0563928 secs] [Times: user=0.35 sys=0.01, real=0.06 secs] 
2016-09-24T01:04:48.727-0400: 41.313: [GC (GCLocker Initiated GC) [PSYoungGen: 86235K->55707K(175104K)] 144656K->114127K(699392K), 0.0134385 secs] [Times: user=0.12 sys=0.00, real=0.01 secs] 
2016-09-24T01:04:48.858-0400: 41.443: [GC (Allocation Failure) [PSYoungGen: 143771K->49116K(175104K)] 202233K->144560K(699392K), 0.0306174 secs] [Times: user=0.36 sys=0.00, real=0.03 secs] 
2016-09-24T01:04:49.002-0400: 41.587: [GC (GCLocker Initiated GC) [PSYoungGen: 133848K->36966K(175104K)] 235367K->175202K(699392K), 0.0208932 secs] [Times: user=0.18 sys=0.00, real=0.03 secs] 
2016-09-24T01:04:49.131-0400: 41.716: [GC (GCLocker Initiated GC) [PSYoungGen: 125030K->73380K(175104K)] 263273K->230148K(699392K), 0.0335339 secs] [Times: user=0.35 sys=0.01, real=0.04 secs] 
2016-09-24T01:04:49.274-0400: 41.860: [GC (GCLocker Initiated GC) [PSYoungGen: 161444K->67665K(175104K)] 318462K->261269K(699392K), 0.0114339 secs] [Times: user=0.12 sys=0.00, real=0.01 secs] 
2016-09-24T01:04:49.409-0400: 41.995: [GC (GCLocker Initiated GC) [PSYoungGen: 155729K->43233K(175104K)] 355450K->304011K(699392K), 0.0221114 secs] [Times: user=0.24 sys=0.00, real=0.02 secs] 
2016-09-24T01:04:49.531-0400: 42.116: [GC (Allocation Failure) [PSYoungGen: 131297K->79719K(175104K)] 392234K->359305K(699392K), 0.0249611 secs] [Times: user=0.23 sys=0.00, real=0.03 secs] 
2016-09-24T01:04:49.667-0400: 42.253: [GC (GCLocker Initiated GC) [PSYoungGen: 167783K->73736K(175104K)] 447374K->408310K(699392K), 0.0167180 secs] [Times: user=0.18 sys=0.00, real=0.02 secs] 
2016-09-24T01:04:49.813-0400: 42.399: [GC (Allocation Failure) [PSYoungGen: 161799K->86086K(175104K)] 496729K->439376K(699392K), 0.0177995 secs] [Times: user=0.20 sys=0.00, real=0.02 secs] 
2016-09-24T01:04:49.963-0400: 42.549: [GC (GCLocker Initiated GC) [PSYoungGen: 169000K->43169K(175104K)] 528366K->439579K(699392K), 0.0297514 secs] [Times: user=0.30 sys=0.00, real=0.02 secs] 
2016-09-24T01:04:50.115-0400: 42.701: [GC (GCLocker Initiated GC) [PSYoungGen: 131233K->61330K(175104K)] 533935K->482352K(699392K), 0.0144436 secs] [Times: user=0.10 sys=0.00, real=0.01 secs] 
2016-09-24T01:04:50.267-0400: 42.853: [GC (GCLocker Initiated GC) [PSYoungGen: 149394K->42977K(175104K)] 570464K->512898K(699392K), 0.0167316 secs] [Times: user=0.12 sys=0.00, real=0.02 secs] 
2016-09-24T01:04:50.284-0400: 42.870: [Full GC (Ergonomics) [PSYoungGen: 42977K->0K(175104K)] [ParOldGen: 469921K->40039K(524288K)] 512898K->40039K(699392K), [Metaspace: 44023K->44023K(1087488K)], 0.0712449 secs] [Times: user=0.47 sys=0.00, real=0.07 secs] 
2016-09-24T01:04:50.472-0400: 43.058: [GC (GCLocker Initiated GC) [PSYoungGen: 88064K->85982K(175104K)] 128212K->168655K(699392K), 0.0151395 secs] [Times: user=0.14 sys=0.00, real=0.02 secs] 
2016-09-24T01:04:50.611-0400: 43.197: [GC (GCLocker Initiated GC) [PSYoungGen: 174046K->37258K(175104K)] 269018K->193519K(699392K), 0.0324895 secs] [Times: user=0.35 sys=0.00, real=0.04 secs] 
2016-09-24T01:04:50.755-0400: 43.341: [GC (Allocation Failure) [PSYoungGen: 125322K->61522K(175104K)] 281758K->260791K(699392K), 0.0122989 secs] [Times: user=0.17 sys=0.01, real=0.01 secs] 
2016-09-24T01:04:50.878-0400: 43.464: [GC (GCLocker Initiated GC) [PSYoungGen: 147250K->85954K(175104K)] 352594K->315890K(699392K), 0.0117492 secs] [Times: user=0.14 sys=0.00, real=0.01 secs] 
2016-09-24T01:04:51.043-0400: 43.629: [GC (GCLocker Initiated GC) [PSYoungGen: 174018K->43037K(175104K)] 410031K->315783K(699392K), 0.0096458 secs] [Times: user=0.08 sys=0.00, real=0.00 secs] 
2016-09-24T01:04:51.200-0400: 43.786: [GC (GCLocker Initiated GC) [PSYoungGen: 131101K->61330K(175104K)] 403850K->334182K(699392K), 0.0102031 secs] [Times: user=0.09 sys=0.00, real=0.01 secs] 
2016-09-24T01:04:51.329-0400: 43.915: [GC (GCLocker Initiated GC) [PSYoungGen: 149394K->85662K(175104K)] 428671K->383432K(699392K), 0.0275011 secs] [Times: user=0.29 sys=0.00, real=0.03 secs] 
2016-09-24T01:04:51.477-0400: 44.063: [GC (Allocation Failure) [PSYoungGen: 173726K->49312K(175104K)] 471790K->371927K(699392K), 0.0147094 secs] [Times: user=0.14 sys=0.00, real=0.01 secs] 
2016-09-24T01:04:51.629-0400: 44.214: [GC (GCLocker Initiated GC) [PSYoungGen: 137376K->79555K(175104K)] 459992K->420671K(699392K), 0.0173422 secs] [Times: user=0.18 sys=0.00, real=0.02 secs] 
2016-09-24T01:04:51.795-0400: 44.381: [GC (GCLocker Initiated GC) [PSYoungGen: 167619K->85854K(175104K)] 508951K->463912K(699392K), 0.0133667 secs] [Times: user=0.21 sys=0.00, real=0.01 secs] 
2016-09-24T01:04:51.937-0400: 44.523: [GC (GCLocker Initiated GC) [PSYoungGen: 173918K->49539K(175104K)] 558138K->482496K(699392K), 0.0114037 secs] [Times: user=0.14 sys=0.00, real=0.01 secs] 
2016-09-24T01:04:52.057-0400: 44.642: [GC (GCLocker Initiated GC) [PSYoungGen: 137603K->79715K(175104K)] 570653K->543439K(699392K), 0.0212473 secs] [Times: user=0.26 sys=0.01, real=0.02 secs] 
2016-09-24T01:04:52.078-0400: 44.664: [Full GC (Ergonomics) [PSYoungGen: 79715K->0K(175104K)] [ParOldGen: 463724K->52811K(524288K)] 543439K->52811K(699392K), [Metaspace: 44087K->44087K(1087488K)], 0.0574697 secs] [Times: user=0.39 sys=0.01, real=0.06 secs] 
2016-09-24T01:04:52.247-0400: 44.832: [GC (Allocation Failure) [PSYoungGen: 88064K->85886K(175104K)] 140934K->138756K(699392K), 0.0153915 secs] [Times: user=0.13 sys=0.00, real=0.01 secs] 
2016-09-24T01:04:52.371-0400: 44.956: [GC (GCLocker Initiated GC) [PSYoungGen: 173950K->67569K(175104K)] 226826K->169592K(699392K), 0.0201529 secs] [Times: user=0.23 sys=0.00, real=0.02 secs] 
2016-09-24T01:04:52.511-0400: 45.097: [GC (GCLocker Initiated GC) [PSYoungGen: 155633K->43041K(175104K)] 257686K->181960K(699392K), 0.0252875 secs] [Times: user=0.30 sys=0.00, real=0.03 secs] 
2016-09-24T01:04:52.658-0400: 45.243: [GC (GCLocker Initiated GC) [PSYoungGen: 131105K->79651K(175104K)] 276125K->255345K(699392K), 0.0103041 secs] [Times: user=0.11 sys=0.00, real=0.01 secs] 
2016-09-24T01:04:52.813-0400: 45.399: [GC (GCLocker Initiated GC) [PSYoungGen: 167715K->18741K(175104K)] 356181K->262149K(699392K), 0.0382170 secs] [Times: user=0.41 sys=0.00, real=0.04 secs] 
2016-09-24T01:04:52.967-0400: 45.552: [GC (Allocation Failure) [PSYoungGen: 106805K->67113K(175104K)] 350272K->310831K(699392K), 0.0106398 secs] [Times: user=0.09 sys=0.00, real=0.01 secs] 
2016-09-24T01:04:53.081-0400: 45.666: [GC (GCLocker Initiated GC) [PSYoungGen: 155177K->61494K(175104K)] 398901K->359996K(699392K), 0.0195246 secs] [Times: user=0.21 sys=0.00, real=0.02 secs] 
2016-09-24T01:04:53.222-0400: 45.808: [GC (GCLocker Initiated GC) [PSYoungGen: 149558K->73512K(175104K)] 448947K->391565K(699392K), 0.0303884 secs] [Times: user=0.31 sys=0.00, real=0.02 secs] 
2016-09-24T01:04:53.368-0400: 45.954: [GC (Allocation Failure) [PSYoungGen: 161576K->67405K(175104K)] 479828K->404001K(699392K), 0.0154689 secs] [Times: user=0.13 sys=0.00, real=0.02 secs] 
2016-09-24T01:04:53.506-0400: 46.091: [GC (GCLocker Initiated GC) [PSYoungGen: 153152K->43009K(175104K)] 495823K->440599K(699392K), 0.0148344 secs] [Times: user=0.12 sys=0.00, real=0.01 secs] 
2016-09-24T01:04:53.642-0400: 46.227: [GC (GCLocker Initiated GC) [PSYoungGen: 131073K->73776K(175104K)] 528844K->471815K(699392K), 0.0298902 secs] [Times: user=0.30 sys=0.01, real=0.03 secs] 
2016-09-24T01:04:53.808-0400: 46.394: [GC (GCLocker Initiated GC) [PSYoungGen: 161840K->61166K(175104K)] 566169K->484176K(699392K), 0.0112232 secs] [Times: user=0.12 sys=0.01, real=0.01 secs] 
2016-09-24T01:04:53.929-0400: 46.515: [GC (GCLocker Initiated GC) [PSYoungGen: 149230K->79815K(175104K)] 572270K->539417K(699392K), 0.0158294 secs] [Times: user=0.17 sys=0.00, real=0.02 secs] 
2016-09-24T01:04:53.945-0400: 46.531: [Full GC (Ergonomics) [PSYoungGen: 79815K->0K(175104K)] [ParOldGen: 459602K->52635K(524288K)] 539417K->52635K(699392K), [Metaspace: 44098K->44098K(1087488K)], 0.0685175 secs] [Times: user=0.42 sys=0.02, real=0.06 secs] 
2016-09-24T01:04:54.136-0400: 46.721: [GC (GCLocker Initiated GC) [PSYoungGen: 88064K->79811K(175104K)] 141038K->132786K(699392K), 0.0286311 secs] [Times: user=0.36 sys=0.00, real=0.03 secs] 
2016-09-24T01:04:54.299-0400: 46.885: [GC (GCLocker Initiated GC) [PSYoungGen: 167875K->85822K(175104K)] 221020K->151665K(699392K), 0.0132130 secs] [Times: user=0.14 sys=0.00, real=0.01 secs] 
2016-09-24T01:04:54.441-0400: 47.027: [GC (GCLocker Initiated GC) [PSYoungGen: 173886K->67305K(175104K)] 239944K->176179K(699392K), 0.0205537 secs] [Times: user=0.23 sys=0.01, real=0.02 secs] 
2016-09-24T01:04:54.606-0400: 47.191: [GC (GCLocker Initiated GC) [PSYoungGen: 155369K->49212K(175104K)] 276463K->188643K(699392K), 0.0174824 secs] [Times: user=0.16 sys=0.01, real=0.02 secs] 
2016-09-24T01:04:54.750-0400: 47.335: [GC (GCLocker Initiated GC) [PSYoungGen: 137276K->73544K(175104K)] 276877K->255969K(699392K), 0.0105281 secs] [Times: user=0.08 sys=0.00, real=0.01 secs] 
2016-09-24T01:04:54.899-0400: 47.484: [GC (GCLocker Initiated GC) [PSYoungGen: 161608K->55419K(175104K)] 350301K->286732K(699392K), 0.0179894 secs] [Times: user=0.17 sys=0.00, real=0.02 secs] 
2016-09-24T01:04:55.050-0400: 47.636: [GC (Allocation Failure) [PSYoungGen: 143483K->18677K(175104K)] 380897K->256334K(699392K), 0.0141099 secs] [Times: user=0.13 sys=0.01, real=0.02 secs] 
2016-09-24T01:04:55.166-0400: 47.752: [GC (GCLocker Initiated GC) [PSYoungGen: 106741K->73740K(175104K)] 344404K->311702K(699392K), 0.0089404 secs] [Times: user=0.09 sys=0.00, real=0.01 secs] 
2016-09-24T01:04:55.282-0400: 47.868: [GC (Allocation Failure) [PSYoungGen: 161804K->85958K(175104K)] 399976K->342778K(699392K), 0.0155511 secs] [Times: user=0.18 sys=0.01, real=0.01 secs] 
2016-09-24T01:04:55.425-0400: 48.011: [GC (GCLocker Initiated GC) [PSYoungGen: 168239K->67469K(175104K)] 431135K->355104K(699392K), 0.0308648 secs] [Times: user=0.29 sys=0.00, real=0.03 secs] 
2016-09-24T01:04:55.590-0400: 48.176: [GC (GCLocker Initiated GC) [PSYoungGen: 155533K->37421K(175104K)] 449476K->331492K(699392K), 0.0100974 secs] [Times: user=0.11 sys=0.01, real=0.01 secs] 
2016-09-24T01:04:55.701-0400: 48.286: [GC (GCLocker Initiated GC) [PSYoungGen: 125485K->85690K(175104K)] 419600K->428719K(699392K), 0.0150398 secs] [Times: user=0.20 sys=0.00, real=0.02 secs] 
2016-09-24T01:04:55.837-0400: 48.423: [GC (GCLocker Initiated GC) [PSYoungGen: 173754K->73612K(175104K)] 516830K->459325K(699392K), 0.0113339 secs] [Times: user=0.12 sys=0.00, real=0.01 secs] 
2016-09-24T01:04:55.985-0400: 48.571: [GC (Allocation Failure) [PSYoungGen: 161676K->49344K(175104K)] 553774K->472249K(699392K), 0.0265221 secs] [Times: user=0.30 sys=0.00, real=0.02 secs] 
2016-09-24T01:04:56.143-0400: 48.729: [GC (GCLocker Initiated GC) [PSYoungGen: 137408K->67405K(175104K)] 560319K->508808K(699392K), 0.0173651 secs] [Times: user=0.17 sys=0.00, real=0.01 secs] 
2016-09-24T01:04:56.293-0400: 48.878: [GC (Allocation Failure) [PSYoungGen: 155469K->85726K(175104K)] 596964K->551657K(699392K), 0.0132477 secs] [Times: user=0.15 sys=0.00, real=0.02 secs] 
2016-09-24T01:04:56.306-0400: 48.892: [Full GC (Ergonomics) [PSYoungGen: 85726K->0K(175104K)] [ParOldGen: 465931K->52903K(524288K)] 551657K->52903K(699392K), [Metaspace: 44156K->44156K(1087488K)], 0.0562468 secs] [Times: user=0.36 sys=0.01, real=0.06 secs] 
2016-09-24T01:04:56.459-0400: 49.045: [GC (GCLocker Initiated GC) [PSYoungGen: 88064K->86242K(175104K)] 140973K->163451K(699392K), 0.0243942 secs] [Times: user=0.34 sys=0.01, real=0.03 secs] 
2016-09-24T01:04:56.582-0400: 49.168: [GC (GCLocker Initiated GC) [PSYoungGen: 174306K->74132K(175104K)] 251809K->206897K(699392K), 0.0138445 secs] [Times: user=0.20 sys=0.00, real=0.01 secs] 
2016-09-24T01:04:56.693-0400: 49.279: [GC (GCLocker Initiated GC) [PSYoungGen: 162196K->61262K(175104K)] 295081K->243375K(699392K), 0.0106985 secs] [Times: user=0.12 sys=0.00, real=0.02 secs] 
2016-09-24T01:04:56.791-0400: 49.377: [GC (Allocation Failure) [PSYoungGen: 149326K->86118K(175104K)] 331659K->286812K(699392K), 0.0104058 secs] [Times: user=0.14 sys=0.00, real=0.01 secs] 
2016-09-24T01:04:56.915-0400: 49.501: [GC (GCLocker Initiated GC) [PSYoungGen: 169988K->49536K(175104K)] 376757K->311435K(699392K), 0.0324492 secs] [Times: user=0.40 sys=0.00, real=0.03 secs] 
2016-09-24T01:04:57.067-0400: 49.653: [GC (GCLocker Initiated GC) [PSYoungGen: 137600K->55223K(175104K)] 405611K->341703K(699392K), 0.0089170 secs] [Times: user=0.07 sys=0.00, real=0.01 secs] 
2016-09-24T01:04:57.207-0400: 49.793: [GC (Allocation Failure) [PSYoungGen: 143287K->55255K(175104K)] 436062K->366523K(699392K), 0.0146295 secs] [Times: user=0.13 sys=0.00, real=0.01 secs] 
2016-09-24T01:04:57.330-0400: 49.915: [GC (GCLocker Initiated GC) [PSYoungGen: 138175K->30791K(175104K)] 455518K->390950K(699392K), 0.0137821 secs] [Times: user=0.12 sys=0.00, real=0.02 secs] 
2016-09-24T01:04:57.455-0400: 50.041: [GC (GCLocker Initiated GC) [PSYoungGen: 118855K->73808K(175104K)] 485260K->458566K(699392K), 0.0133215 secs] [Times: user=0.14 sys=0.00, real=0.01 secs] 
2016-09-24T01:04:57.593-0400: 50.178: [GC (GCLocker Initiated GC) [PSYoungGen: 161872K->85726K(175104K)] 546800K->489639K(699392K), 0.0305332 secs] [Times: user=0.38 sys=0.00, real=0.04 secs] 
2016-09-24T01:04:57.746-0400: 50.331: [GC (Allocation Failure) [PSYoungGen: 173790K->67437K(175104K)] 583853K->526220K(699392K), 0.0109424 secs] [Times: user=0.16 sys=0.00, real=0.01 secs] 
2016-09-24T01:04:57.757-0400: 50.342: [Full GC (Ergonomics) [PSYoungGen: 67437K->0K(175104K)] [ParOldGen: 458783K->46639K(524288K)] 526220K->46639K(699392K), [Metaspace: 44156K->44156K(1087488K)], 0.0567417 secs] [Times: user=0.35 sys=0.00, real=0.05 secs] 
2016-09-24T01:04:57.908-0400: 50.494: [GC (GCLocker Initiated GC) [PSYoungGen: 86491K->86794K(175104K)] 139206K->157733K(699392K), 0.0112485 secs] [Times: user=0.13 sys=0.00, real=0.01 secs] 
2016-09-24T01:04:58.023-0400: 50.609: [GC (GCLocker Initiated GC) [PSYoungGen: 174858K->79491K(175104K)] 246158K->169968K(699392K), 0.0158590 secs] [Times: user=0.15 sys=0.01, real=0.01 secs] 
2016-09-24T01:04:58.172-0400: 50.758: [GC (GCLocker Initiated GC) [PSYoungGen: 167555K->49180K(175104K)] 264462K->182641K(699392K), 0.0240145 secs] [Times: user=0.26 sys=0.00, real=0.03 secs] 
2016-09-24T01:04:58.330-0400: 50.916: [GC (GCLocker Initiated GC) [PSYoungGen: 137244K->43368K(175104K)] 277135K->213722K(699392K), 0.0298614 secs] [Times: user=0.28 sys=0.00, real=0.03 secs] 
2016-09-24T01:04:58.487-0400: 51.072: [GC (GCLocker Initiated GC) [PSYoungGen: 131432K->85626K(175104K)] 301856K->292807K(699392K), 0.0128733 secs] [Times: user=0.14 sys=0.00, real=0.01 secs] 
2016-09-24T01:04:58.625-0400: 51.210: [GC (Allocation Failure) [PSYoungGen: 173690K->37617K(175104K)] 387296K->293884K(699392K), 0.0280734 secs] [Times: user=0.35 sys=0.00, real=0.02 secs] 
2016-09-24T01:04:58.777-0400: 51.363: [GC (GCLocker Initiated GC) [PSYoungGen: 123314K->37094K(175104K)] 385656K->318444K(699392K), 0.0092440 secs] [Times: user=0.12 sys=0.00, real=0.01 secs] 
2016-09-24T01:04:58.880-0400: 51.465: [GC (Allocation Failure) [PSYoungGen: 125158K->85954K(175104K)] 406734K->373733K(699392K), 0.0200247 secs] [Times: user=0.22 sys=0.00, real=0.02 secs] 
2016-09-24T01:04:59.027-0400: 51.612: [GC (GCLocker Initiated GC) [PSYoungGen: 174018K->55483K(175104K)] 461802K->380009K(699392K), 0.0099336 secs] [Times: user=0.10 sys=0.00, real=0.01 secs] 
2016-09-24T01:04:59.138-0400: 51.724: [GC (Allocation Failure) [PSYoungGen: 143547K->61394K(175104K)] 474206K->416613K(699392K), 0.0175347 secs] [Times: user=0.14 sys=0.00, real=0.02 secs] 
2016-09-24T01:04:59.278-0400: 51.863: [GC (GCLocker Initiated GC) [PSYoungGen: 149091K->61462K(175104K)] 510385K->453242K(699392K), 0.0188583 secs] [Times: user=0.16 sys=0.01, real=0.02 secs] 
2016-09-24T01:04:59.429-0400: 52.015: [GC (GCLocker Initiated GC) [PSYoungGen: 149526K->55387K(175104K)] 547692K->453976K(699392K), 0.0115156 secs] [Times: user=0.11 sys=0.00, real=0.01 secs] 
2016-09-24T01:04:59.539-0400: 52.125: [GC (GCLocker Initiated GC) [PSYoungGen: 143451K->55191K(175104K)] 548291K->478524K(699392K), 0.0303579 secs] [Times: user=0.33 sys=0.00, real=0.03 secs] 
2016-09-24T01:04:59.711-0400: 52.297: [GC (Allocation Failure) [PSYoungGen: 143255K->18709K(175104K)] 573367K->467125K(699392K), 0.0068547 secs] [Times: user=0.06 sys=0.00, real=0.01 secs] 
2016-09-24T01:04:59.839-0400: 52.425: [GC (GCLocker Initiated GC) [PSYoungGen: 106773K->85498K(175104K)] 555201K->540260K(699392K), 0.0278774 secs] [Times: user=0.30 sys=0.01, real=0.03 secs] 
2016-09-24T01:04:59.960-0400: 52.546: [GC (GCLocker Initiated GC) [PSYoungGen: 173562K->85890K(175104K)] 628664K->589719K(699392K), 0.0116911 secs] [Times: user=0.13 sys=0.00, real=0.01 secs] 
2016-09-24T01:04:59.972-0400: 52.558: [Full GC (Ergonomics) [PSYoungGen: 85890K->0K(175104K)] [ParOldGen: 503829K->59034K(524288K)] 589719K->59034K(699392K), [Metaspace: 44156K->44156K(1087488K)], 0.0592642 secs] [Times: user=0.37 sys=0.01, real=0.06 secs] 
2016-09-24T01:05:00.149-0400: 52.734: [GC (GCLocker Initiated GC) [PSYoungGen: 88064K->86342K(175104K)] 147229K->151582K(699392K), 0.0095754 secs] [Times: user=0.14 sys=0.00, real=0.01 secs] 
2016-09-24T01:05:00.274-0400: 52.860: [GC (GCLocker Initiated GC) [PSYoungGen: 174406K->61298K(175104K)] 245858K->163805K(699392K), 0.0166190 secs] [Times: user=0.14 sys=0.00, real=0.01 secs] 
2016-09-24T01:05:00.407-0400: 52.993: [GC (GCLocker Initiated GC) [PSYoungGen: 149362K->43365K(175104K)] 252039K->219094K(699392K), 0.0177558 secs] [Times: user=0.20 sys=0.00, real=0.02 secs] 
2016-09-24T01:05:00.534-0400: 53.120: [GC (GCLocker Initiated GC) [PSYoungGen: 131429K->67637K(175104K)] 313526K->268211K(699392K), 0.0210312 secs] [Times: user=0.16 sys=0.01, real=0.02 secs] 
2016-09-24T01:05:00.681-0400: 53.267: [GC (GCLocker Initiated GC) [PSYoungGen: 155701K->43041K(175104K)] 368640K->311234K(699392K), 0.0196715 secs] [Times: user=0.20 sys=0.00, real=0.02 secs] 
2016-09-24T01:05:00.830-0400: 53.415: [GC (GCLocker Initiated GC) [PSYoungGen: 131105K->37389K(175104K)] 411798K->318155K(699392K), 0.0135581 secs] [Times: user=0.12 sys=0.01, real=0.02 secs] 
2016-09-24T01:05:00.943-0400: 53.529: [GC (GCLocker Initiated GC) [PSYoungGen: 125453K->55187K(175104K)] 412426K->360675K(699392K), 0.0122015 secs] [Times: user=0.12 sys=0.00, real=0.01 secs] 
2016-09-24T01:05:01.065-0400: 53.651: [GC (GCLocker Initiated GC) [PSYoungGen: 143251K->86218K(175104K)] 448999K->410310K(699392K), 0.0321535 secs] [Times: user=0.33 sys=0.01, real=0.03 secs] 
2016-09-24T01:05:01.215-0400: 53.801: [GC (GCLocker Initiated GC) [PSYoungGen: 174282K->85790K(175104K)] 504592K->459253K(699392K), 0.0139643 secs] [Times: user=0.14 sys=0.00, real=0.01 secs] 
2016-09-24T01:05:01.347-0400: 53.932: [GC (GCLocker Initiated GC) [PSYoungGen: 173854K->79587K(175104K)] 547376K->483619K(699392K), 0.0130951 secs] [Times: user=0.11 sys=0.00, real=0.01 secs] 
2016-09-24T01:05:01.467-0400: 54.053: [GC (GCLocker Initiated GC) [PSYoungGen: 167651K->61362K(175104K)] 572044K->526773K(699392K), 0.0226351 secs] [Times: user=0.25 sys=0.00, real=0.02 secs] 
2016-09-24T01:05:01.490-0400: 54.076: [Full GC (Ergonomics) [PSYoungGen: 61362K->0K(175104K)] [ParOldGen: 465411K->53333K(524288K)] 526773K->53333K(699392K), [Metaspace: 44157K->44157K(1087488K)], 0.0573163 secs] [Times: user=0.29 sys=0.01, real=0.06 secs] 
2016-09-24T01:05:01.689-0400: 54.275: [GC (Allocation Failure) [PSYoungGen: 88064K->67761K(175104K)] 153829K->133526K(699392K), 0.0078185 secs] [Times: user=0.08 sys=0.00, real=0.01 secs] 
2016-09-24T01:05:01.814-0400: 54.399: [GC (Allocation Failure) [PSYoungGen: 150887K->55251K(175104K)] 216653K->170267K(699392K), 0.0106981 secs] [Times: user=0.14 sys=0.00, real=0.02 secs] 
2016-09-24T01:05:01.914-0400: 54.499: [GC (GCLocker Initiated GC) [PSYoungGen: 143315K->86314K(175104K)] 258333K->207558K(699392K), 0.0121071 secs] [Times: user=0.18 sys=0.01, real=0.02 secs] 
2016-09-24T01:05:02.047-0400: 54.633: [GC (GCLocker Initiated GC) [PSYoungGen: 174378K->73704K(175104K)] 301773K->250139K(699392K), 0.0107219 secs] [Times: user=0.11 sys=0.00, real=0.01 secs] 
2016-09-24T01:05:02.170-0400: 54.756: [GC (GCLocker Initiated GC) [PSYoungGen: 161768K->43496K(175104K)] 338251K->299090K(699392K), 0.0132457 secs] [Times: user=0.12 sys=0.01, real=0.02 secs] 
2016-09-24T01:05:02.282-0400: 54.868: [GC (GCLocker Initiated GC) [PSYoungGen: 131560K->73804K(175104K)] 393501K->354252K(699392K), 0.0106351 secs] [Times: user=0.13 sys=0.01, real=0.01 secs] 
2016-09-24T01:05:02.415-0400: 55.001: [GC (GCLocker Initiated GC) [PSYoungGen: 161868K->37453K(175104K)] 454569K->330587K(699392K), 0.0069374 secs] [Times: user=0.07 sys=0.00, real=0.00 secs] 
2016-09-24T01:05:02.535-0400: 55.120: [GC (GCLocker Initiated GC) [PSYoungGen: 125517K->73220K(175104K)] 418732K->366693K(699392K), 0.0269881 secs] [Times: user=0.26 sys=0.00, real=0.02 secs] 
2016-09-24T01:05:02.680-0400: 55.266: [GC (GCLocker Initiated GC) [PSYoungGen: 161284K->73872K(175104K)] 454991K->422373K(699392K), 0.0166410 secs] [Times: user=0.22 sys=0.00, real=0.02 secs] 
2016-09-24T01:05:02.819-0400: 55.405: [GC (GCLocker Initiated GC) [PSYoungGen: 161936K->79651K(175104K)] 510737K->447280K(699392K), 0.0102868 secs] [Times: user=0.10 sys=0.00, real=0.01 secs] 
2016-09-24T01:05:02.950-0400: 55.536: [GC (GCLocker Initiated GC) [PSYoungGen: 167715K->73672K(175104K)] 535405K->459723K(699392K), 0.0109114 secs] [Times: user=0.16 sys=0.00, real=0.01 secs] 
2016-09-24T01:05:03.072-0400: 55.658: [GC (Allocation Failure) [PSYoungGen: 161736K->86378K(175104K)] 548120K->497369K(699392K), 0.0110579 secs] [Times: user=0.17 sys=0.00, real=0.02 secs] 
2016-09-24T01:05:03.219-0400: 55.805: [GC (GCLocker Initiated GC) [PSYoungGen: 174278K->61230K(175104K)] 591345K->496781K(699392K), 0.0117918 secs] [Times: user=0.11 sys=0.00, real=0.01 secs] 
2016-09-24T01:05:03.348-0400: 55.934: [GC (GCLocker Initiated GC) [PSYoungGen: 149294K->85694K(175104K)] 590979K->527490K(699392K), 0.0088016 secs] [Times: user=0.09 sys=0.00, real=0.01 secs] 
2016-09-24T01:05:03.476-0400: 56.062: [GC (Allocation Failure) [PSYoungGen: 173758K->55383K(175104K)] 621979K->558570K(699392K), 0.0276195 secs] [Times: user=0.29 sys=0.00, real=0.03 secs] 
2016-09-24T01:05:03.504-0400: 56.090: [Full GC (Ergonomics) [PSYoungGen: 55383K->0K(175104K)] [ParOldGen: 503187K->59523K(524288K)] 558570K->59523K(699392K), [Metaspace: 44165K->44165K(1087488K)], 0.0603666 secs] [Times: user=0.39 sys=0.01, real=0.06 secs] 
2016-09-24T01:05:03.670-0400: 56.255: [GC (GCLocker Initiated GC) [PSYoungGen: 88064K->86342K(175104K)] 147593K->151946K(699392K), 0.0116725 secs] [Times: user=0.17 sys=0.00, real=0.01 secs] 
2016-09-24T01:05:03.810-0400: 56.396: [GC (Allocation Failure) [PSYoungGen: 174406K->61294K(175104K)] 246154K->170188K(699392K), 0.0099032 secs] [Times: user=0.11 sys=0.00, real=0.01 secs] 
2016-09-24T01:05:03.932-0400: 56.517: [GC (GCLocker Initiated GC) [PSYoungGen: 149358K->79715K(175104K)] 258252K->213052K(699392K), 0.0100737 secs] [Times: user=0.11 sys=0.00, real=0.01 secs] 
2016-09-24T01:05:04.076-0400: 56.662: [GC (GCLocker Initiated GC) [PSYoungGen: 167779K->85822K(175104K)] 307469K->262261K(699392K), 0.0118284 secs] [Times: user=0.18 sys=0.00, real=0.01 secs] 
2016-09-24T01:05:04.208-0400: 56.794: [GC (GCLocker Initiated GC) [PSYoungGen: 173886K->61590K(175104K)] 362534K->280921K(699392K), 0.0138636 secs] [Times: user=0.14 sys=0.01, real=0.01 secs] 
2016-09-24T01:05:04.336-0400: 56.922: [GC (GCLocker Initiated GC) [PSYoungGen: 149654K->73704K(175104K)] 369105K->348161K(699392K), 0.0127952 secs] [Times: user=0.19 sys=0.00, real=0.01 secs] 
2016-09-24T01:05:04.464-0400: 57.050: [GC (Allocation Failure) [PSYoungGen: 161768K->85854K(175104K)] 442521K->403397K(699392K), 0.0121729 secs] [Times: user=0.19 sys=0.00, real=0.01 secs] 
2016-09-24T01:05:04.579-0400: 57.165: [GC (GCLocker Initiated GC) [PSYoungGen: 168476K->55547K(175104K)] 492094K->403780K(699392K), 0.0089645 secs] [Times: user=0.10 sys=0.00, real=0.01 secs] 
2016-09-24T01:05:04.693-0400: 57.279: [GC (GCLocker Initiated GC) [PSYoungGen: 143611K->61562K(175104K)] 491987K->428438K(699392K), 0.0158710 secs] [Times: user=0.17 sys=0.00, real=0.02 secs] 
2016-09-24T01:05:04.833-0400: 57.418: [GC (GCLocker Initiated GC) [PSYoungGen: 149626K->73576K(175104K)] 522674K->471356K(699392K), 0.0107057 secs] [Times: user=0.09 sys=0.00, real=0.02 secs] 
2016-09-24T01:05:04.968-0400: 57.554: [GC (GCLocker Initiated GC) [PSYoungGen: 161640K->73644K(175104K)] 559725K->502380K(699392K), 0.0215648 secs] [Times: user=0.21 sys=0.00, real=0.02 secs] 
2016-09-24T01:05:05.140-0400: 57.726: [GC (Allocation Failure) [PSYoungGen: 161708K->55223K(175104K)] 590558K->527045K(699392K), 0.0114184 secs] [Times: user=0.11 sys=0.00, real=0.01 secs] 
2016-09-24T01:05:05.151-0400: 57.737: [Full GC (Ergonomics) [PSYoungGen: 55223K->0K(175104K)] [ParOldGen: 471822K->41092K(524288K)] 527045K->41092K(699392K), [Metaspace: 44169K->44169K(1087488K)], 0.0568651 secs] [Times: user=0.27 sys=0.01, real=0.06 secs] 
2016-09-24T01:05:05.319-0400: 57.904: [GC (GCLocker Initiated GC) [PSYoungGen: 84385K->86178K(175104K)] 131552K->139421K(699392K), 0.0302414 secs] [Times: user=0.31 sys=0.00, real=0.03 secs] 
2016-09-24T01:05:05.488-0400: 58.074: [GC (GCLocker Initiated GC) [PSYoungGen: 174242K->79847K(175104K)] 227549K->158018K(699392K), 0.0196591 secs] [Times: user=0.20 sys=0.00, real=0.02 secs] 
2016-09-24T01:05:05.637-0400: 58.223: [GC (GCLocker Initiated GC) [PSYoungGen: 167911K->55191K(175104K)] 252311K->194525K(699392K), 0.0218329 secs] [Times: user=0.21 sys=0.01, real=0.02 secs] 
2016-09-24T01:05:05.786-0400: 58.372: [GC (GCLocker Initiated GC) [PSYoungGen: 143255K->55483K(175104K)] 288756K->237718K(699392K), 0.0098110 secs] [Times: user=0.09 sys=0.00, real=0.01 secs] 
2016-09-24T01:05:05.911-0400: 58.497: [GC (GCLocker Initiated GC) [PSYoungGen: 143547K->55319K(175104K)] 331977K->262413K(699392K), 0.0213423 secs] [Times: user=0.22 sys=0.00, real=0.02 secs] 
2016-09-24T01:05:06.071-0400: 58.657: [GC (GCLocker Initiated GC) [PSYoungGen: 143383K->67665K(175104K)] 356818K->281211K(699392K), 0.0106038 secs] [Times: user=0.08 sys=0.00, real=0.01 secs] 
2016-09-24T01:05:06.246-0400: 58.831: [GC (GCLocker Initiated GC) [PSYoungGen: 155729K->61426K(175104K)] 369597K->293795K(699392K), 0.0503666 secs] [Times: user=0.51 sys=0.00, real=0.05 secs] 
2016-09-24T01:05:06.442-0400: 59.028: [GC (GCLocker Initiated GC) [PSYoungGen: 149490K->55547K(175104K)] 382129K->306547K(699392K), 0.0085454 secs] [Times: user=0.10 sys=0.00, real=0.01 secs] 
2016-09-24T01:05:06.564-0400: 59.150: [GC (GCLocker Initiated GC) [PSYoungGen: 143611K->73904K(175104K)] 394731K->343368K(699392K), 0.0096987 secs] [Times: user=0.09 sys=0.00, real=0.00 secs] 
2016-09-24T01:05:06.694-0400: 59.280: [GC (Allocation Failure) [PSYoungGen: 161968K->37162K(175104K)] 431788K->367843K(699392K), 0.0385196 secs] [Times: user=0.41 sys=0.00, real=0.04 secs] 
2016-09-24T01:05:06.851-0400: 59.437: [GC (GCLocker Initiated GC) [PSYoungGen: 121094K->73868K(175104K)] 457851K->429165K(699392K), 0.0123607 secs] [Times: user=0.15 sys=0.01, real=0.02 secs] 
2016-09-24T01:05:06.968-0400: 59.554: [GC (GCLocker Initiated GC) [PSYoungGen: 161932K->49016K(175104K)] 523313K->465527K(699392K), 0.0125462 secs] [Times: user=0.10 sys=0.00, real=0.01 secs] 
2016-09-24T01:05:07.083-0400: 59.668: [GC (GCLocker Initiated GC) [PSYoungGen: 137080K->55515K(175104K)] 553863K->533175K(699392K), 0.0153486 secs] [Times: user=0.14 sys=0.00, real=0.01 secs] 
2016-09-24T01:05:07.098-0400: 59.684: [Full GC (Ergonomics) [PSYoungGen: 55515K->0K(175104K)] [ParOldGen: 477660K->57878K(524288K)] 533175K->57878K(699392K), [Metaspace: 44219K->44219K(1087488K)], 0.0950588 secs] [Times: user=0.88 sys=0.02, real=0.09 secs] 
2016-09-24T01:05:07.298-0400: 59.884: [GC (GCLocker Initiated GC) [PSYoungGen: 88064K->86306K(175104K)] 152204K->162596K(699392K), 0.0137228 secs] [Times: user=0.11 sys=0.01, real=0.01 secs] 
2016-09-24T01:05:07.420-0400: 60.005: [GC (GCLocker Initiated GC) [PSYoungGen: 174370K->73476K(175104K)] 250736K->169222K(699392K), 0.0107667 secs] [Times: user=0.14 sys=0.01, real=0.01 secs] 
2016-09-24T01:05:07.542-0400: 60.128: [GC (Allocation Failure) [PSYoungGen: 161540K->86118K(175104K)] 257546K->224808K(699392K), 0.0134051 secs] [Times: user=0.19 sys=0.00, real=0.01 secs] 
2016-09-24T01:05:07.693-0400: 60.278: [GC (GCLocker Initiated GC) [PSYoungGen: 174182K->55319K(175104K)] 312878K->243055K(699392K), 0.0157597 secs] [Times: user=0.17 sys=0.00, real=0.02 secs] 
2016-09-24T01:05:07.834-0400: 60.420: [GC (GCLocker Initiated GC) [PSYoungGen: 143383K->73804K(175104K)] 331290K->280040K(699392K), 0.0112542 secs] [Times: user=0.14 sys=0.00, real=0.01 secs] 
2016-09-24T01:05:07.965-0400: 60.551: [GC (Allocation Failure) [PSYoungGen: 161868K->36998K(175104K)] 368442K->280469K(699392K), 0.0424368 secs] [Times: user=0.38 sys=0.03, real=0.04 secs] 
2016-09-24T01:05:08.111-0400: 60.696: [GC (GCLocker Initiated GC) [PSYoungGen: 120377K->73576K(175104K)] 369924K->359684K(699392K), 0.0298186 secs] [Times: user=0.30 sys=0.00, real=0.03 secs] 
2016-09-24T01:05:08.246-0400: 60.832: [GC (GCLocker Initiated GC) [PSYoungGen: 161640K->85890K(175104K)] 448043K->378651K(699392K), 0.0186482 secs] [Times: user=0.19 sys=0.00, real=0.02 secs] 
2016-09-24T01:05:08.422-0400: 61.008: [GC (GCLocker Initiated GC) [PSYoungGen: 173954K->36966K(175104K)] 479413K->361081K(699392K), 0.0082674 secs] [Times: user=0.07 sys=0.00, real=0.01 secs] 
2016-09-24T01:05:08.544-0400: 61.129: [GC (GCLocker Initiated GC) [PSYoungGen: 125030K->79523K(175104K)] 449233K->404009K(699392K), 0.0247044 secs] [Times: user=0.24 sys=0.01, real=0.02 secs] 
2016-09-24T01:05:08.685-0400: 61.270: [GC (Allocation Failure) [PSYoungGen: 167587K->85758K(175104K)] 492423K->483785K(699392K), 0.0271166 secs] [Times: user=0.34 sys=0.00, real=0.02 secs] 
2016-09-24T01:05:08.825-0400: 61.411: [GC (GCLocker Initiated GC) [PSYoungGen: 173822K->61330K(175104K)] 572019K->490146K(699392K), 0.0167500 secs] [Times: user=0.16 sys=0.00, real=0.01 secs] 
2016-09-24T01:05:08.955-0400: 61.541: [GC (GCLocker Initiated GC) [PSYoungGen: 149394K->73672K(175104K)] 584646K->521209K(699392K), 0.0092943 secs] [Times: user=0.11 sys=0.00, real=0.01 secs] 
2016-09-24T01:05:09.096-0400: 61.681: [Full GC (Ergonomics) [PSYoungGen: 161735K->0K(175104K)] [ParOldGen: 447904K->51996K(524288K)] 609639K->51996K(699392K), [Metaspace: 44221K->44221K(1087488K)], 0.0627647 secs] [Times: user=0.37 sys=0.01, real=0.06 secs] 
2016-09-24T01:05:09.298-0400: 61.884: [GC (Allocation Failure) [PSYoungGen: 88064K->85922K(175104K)] 152554K->156487K(699392K), 0.0117404 secs] [Times: user=0.13 sys=0.00, real=0.01 secs] 
2016-09-24T01:05:09.443-0400: 62.029: [GC (GCLocker Initiated GC) [PSYoungGen: 173986K->55483K(175104K)] 244553K->181017K(699392K), 0.0192022 secs] [Times: user=0.21 sys=0.01, real=0.02 secs] 
2016-09-24T01:05:09.586-0400: 62.171: [GC (Allocation Failure) [PSYoungGen: 143547K->37325K(175104K)] 275337K->187624K(699392K), 0.0176999 secs] [Times: user=0.19 sys=0.01, real=0.02 secs] 
2016-09-24T01:05:09.731-0400: 62.317: [GC (GCLocker Initiated GC) [PSYoungGen: 125389K->67405K(175104K)] 275700K->218310K(699392K), 0.0073526 secs] [Times: user=0.05 sys=0.00, real=0.01 secs] 
2016-09-24T01:05:09.885-0400: 62.471: [GC (GCLocker Initiated GC) [PSYoungGen: 155469K->73444K(175104K)] 306567K->242895K(699392K), 0.0276485 secs] [Times: user=0.30 sys=0.00, real=0.02 secs] 
2016-09-24T01:05:10.014-0400: 62.600: [GC (GCLocker Initiated GC) [PSYoungGen: 161508K->73512K(175104K)] 331001K->273492K(699392K), 0.0298960 secs] [Times: user=0.30 sys=0.00, real=0.03 secs] 
2016-09-24T01:05:10.165-0400: 62.751: [GC (GCLocker Initiated GC) [PSYoungGen: 161576K->37389K(175104K)] 361716K->292332K(699392K), 0.0232580 secs] [Times: user=0.26 sys=0.01, real=0.02 secs] 
2016-09-24T01:05:10.292-0400: 62.877: [GC (GCLocker Initiated GC) [PSYoungGen: 125453K->73448K(175104K)] 380713K->372000K(699392K), 0.0170562 secs] [Times: user=0.18 sys=0.00, real=0.02 secs] 
2016-09-24T01:05:10.414-0400: 62.999: [GC (GCLocker Initiated GC) [PSYoungGen: 161512K->49276K(175104K)] 460180K->408821K(699392K), 0.0179205 secs] [Times: user=0.20 sys=0.00, real=0.02 secs] 
2016-09-24T01:05:10.556-0400: 63.141: [GC (Allocation Failure) [PSYoungGen: 137340K->79947K(175104K)] 503187K->445889K(699392K), 0.0106109 secs] [Times: user=0.10 sys=0.00, real=0.01 secs] 
2016-09-24T01:05:10.706-0400: 63.292: [GC (GCLocker Initiated GC) [PSYoungGen: 168011K->43137K(175104K)] 540028K->458103K(699392K), 0.0143077 secs] [Times: user=0.13 sys=0.00, real=0.01 secs] 
2016-09-24T01:05:10.847-0400: 63.433: [GC (GCLocker Initiated GC) [PSYoungGen: 131201K->85758K(175104K)] 546214K->506982K(699392K), 0.0103174 secs] [Times: user=0.11 sys=0.00, real=0.01 secs] 
2016-09-24T01:05:10.987-0400: 63.572: [GC (GCLocker Initiated GC) [PSYoungGen: 173822K->12601K(175104K)] 601258K->519265K(699392K), 0.0247487 secs] [Times: user=0.22 sys=0.00, real=0.02 secs] 
2016-09-24T01:05:11.012-0400: 63.597: [Full GC (Ergonomics) [PSYoungGen: 12601K->0K(175104K)] [ParOldGen: 506663K->39499K(524288K)] 519265K->39499K(699392K), [Metaspace: 44232K->44232K(1087488K)], 0.0548665 secs] [Times: user=0.26 sys=0.02, real=0.06 secs] 
2016-09-24T01:05:11.173-0400: 63.758: [GC (GCLocker Initiated GC) [PSYoungGen: 88064K->86046K(175104K)] 127761K->131818K(699392K), 0.0129316 secs] [Times: user=0.16 sys=0.00, real=0.02 secs] 
2016-09-24T01:05:11.301-0400: 63.886: [GC (GCLocker Initiated GC) [PSYoungGen: 174110K->73804K(175104K)] 220163K->138802K(699392K), 0.0200122 secs] [Times: user=0.24 sys=0.00, real=0.02 secs] 
2016-09-24T01:05:11.458-0400: 64.044: [GC (GCLocker Initiated GC) [PSYoungGen: 161868K->37094K(175104K)] 251482K->126959K(699392K), 0.0101299 secs] [Times: user=0.08 sys=0.00, real=0.01 secs] 
2016-09-24T01:05:11.618-0400: 64.204: [GC (GCLocker Initiated GC) [PSYoungGen: 125158K->67309K(175104K)] 221431K->182067K(699392K), 0.0434510 secs] [Times: user=0.45 sys=0.00, real=0.04 secs] 
2016-09-24T01:05:11.779-0400: 64.365: [GC (GCLocker Initiated GC) [PSYoungGen: 155373K->73608K(175104K)] 270469K->225306K(699392K), 0.0114875 secs] [Times: user=0.14 sys=0.00, real=0.01 secs] 
2016-09-24T01:05:11.910-0400: 64.495: [GC (GCLocker Initiated GC) [PSYoungGen: 161672K->85954K(175104K)] 319520K->274305K(699392K), 0.0104922 secs] [Times: user=0.11 sys=0.00, real=0.01 secs] 
2016-09-24T01:05:12.075-0400: 64.660: [GC (GCLocker Initiated GC) [PSYoungGen: 174018K->55319K(175104K)] 362387K->298827K(699392K), 0.0102904 secs] [Times: user=0.10 sys=0.01, real=0.01 secs] 
2016-09-24T01:05:12.234-0400: 64.820: [GC (GCLocker Initiated GC) [PSYoungGen: 143383K->61262K(175104K)] 392979K->311181K(699392K), 0.0136452 secs] [Times: user=0.14 sys=0.00, real=0.01 secs] 
2016-09-24T01:05:12.344-0400: 64.929: [GC (GCLocker Initiated GC) [PSYoungGen: 149326K->85886K(175104K)] 399457K->360484K(699392K), 0.0112988 secs] [Times: user=0.16 sys=0.00, real=0.01 secs] 
2016-09-24T01:05:12.487-0400: 65.072: [GC (Allocation Failure) [PSYoungGen: 173950K->55579K(175104K)] 454950K->373297K(699392K), 0.0115847 secs] [Times: user=0.14 sys=0.00, real=0.01 secs] 
2016-09-24T01:05:12.499-0400: 65.085: [GC (GCLocker Initiated GC) [PSYoungGen: 55936K->96K(175104K)] 373654K->373031K(699392K), 0.0067474 secs] [Times: user=0.06 sys=0.00, real=0.01 secs] 
2016-09-24T01:05:12.612-0400: 65.198: [GC (GCLocker Initiated GC) [PSYoungGen: 84404K->85790K(175104K)] 463415K->483033K(699392K), 0.0154626 secs] [Times: user=0.18 sys=0.00, real=0.02 secs] 
2016-09-24T01:05:12.747-0400: 65.333: [GC (GCLocker Initiated GC) [PSYoungGen: 173854K->61462K(175104K)] 571381K->489631K(699392K), 0.0226783 secs] [Times: user=0.21 sys=0.01, real=0.02 secs] 
2016-09-24T01:05:12.904-0400: 65.490: [GC (GCLocker Initiated GC) [PSYoungGen: 149526K->55223K(175104K)] 577904K->532445K(699392K), 0.0189409 secs] [Times: user=0.18 sys=0.00, real=0.02 secs] 
2016-09-24T01:05:12.923-0400: 65.509: [Full GC (Ergonomics) [PSYoungGen: 55223K->0K(175104K)] [ParOldGen: 477222K->58011K(524288K)] 532445K->58011K(699392K), [Metaspace: 44293K->44293K(1087488K)], 0.0708557 secs] [Times: user=0.42 sys=0.00, real=0.06 secs] 
2016-09-24T01:05:13.117-0400: 65.702: [GC (GCLocker Initiated GC) [PSYoungGen: 88064K->61690K(175104K)] 146262K->119888K(699392K), 0.0269834 secs] [Times: user=0.29 sys=0.00, real=0.03 secs] 
2016-09-24T01:05:13.253-0400: 65.838: [GC (GCLocker Initiated GC) [PSYoungGen: 149754K->85922K(175104K)] 207989K->181094K(699392K), 0.0118868 secs] [Times: user=0.12 sys=0.00, real=0.02 secs] 
2016-09-24T01:05:13.391-0400: 65.977: [GC (GCLocker Initiated GC) [PSYoungGen: 173986K->36738K(175104K)] 275398K->175180K(699392K), 0.0142221 secs] [Times: user=0.11 sys=0.01, real=0.02 secs] 
2016-09-24T01:05:13.514-0400: 66.099: [GC (GCLocker Initiated GC) [PSYoungGen: 124802K->49048K(175104K)] 269343K->211918K(699392K), 0.0111356 secs] [Times: user=0.10 sys=0.01, real=0.02 secs] 
2016-09-24T01:05:13.647-0400: 66.233: [GC (GCLocker Initiated GC) [PSYoungGen: 137112K->55515K(175104K)] 300081K->261120K(699392K), 0.0177447 secs] [Times: user=0.14 sys=0.00, real=0.02 secs] 
2016-09-24T01:05:13.798-0400: 66.384: [GC (GCLocker Initiated GC) [PSYoungGen: 143579K->55643K(175104K)] 355491K->310388K(699392K), 0.0139607 secs] [Times: user=0.19 sys=0.00, real=0.01 secs] 
2016-09-24T01:05:13.938-0400: 66.523: [GC (GCLocker Initiated GC) [PSYoungGen: 143707K->55775K(175104K)] 404882K->335506K(699392K), 0.0275544 secs] [Times: user=0.41 sys=0.00, real=0.03 secs] 
2016-09-24T01:05:14.079-0400: 66.665: [GC (GCLocker Initiated GC) [PSYoungGen: 143839K->73416K(175104K)] 423803K->353476K(699392K), 0.0090329 secs] [Times: user=0.08 sys=0.00, real=0.01 secs] 
2016-09-24T01:05:14.227-0400: 66.813: [GC (GCLocker Initiated GC) [PSYoungGen: 161480K->55451K(175104K)] 441550K->354022K(699392K), 0.0131703 secs] [Times: user=0.13 sys=0.00, real=0.01 secs] 
2016-09-24T01:05:14.359-0400: 66.944: [GC (Allocation Failure) [PSYoungGen: 143515K->61426K(175104K)] 442441K->378829K(699392K), 0.0195954 secs] [Times: user=0.16 sys=0.00, real=0.02 secs] 
2016-09-24T01:05:14.502-0400: 67.088: [GC (GCLocker Initiated GC) [PSYoungGen: 149490K->55711K(175104K)] 466904K->409710K(699392K), 0.0218911 secs] [Times: user=0.30 sys=0.00, real=0.02 secs] 
2016-09-24T01:05:14.637-0400: 67.223: [GC (GCLocker Initiated GC) [PSYoungGen: 143775K->85726K(175104K)] 498085K->458569K(699392K), 0.0114043 secs] [Times: user=0.13 sys=0.00, real=0.01 secs] 
2016-09-24T01:05:14.768-0400: 67.354: [GC (GCLocker Initiated GC) [PSYoungGen: 173790K->61494K(175104K)] 546770K->471027K(699392K), 0.0148865 secs] [Times: user=0.14 sys=0.00, real=0.02 secs] 
2016-09-24T01:05:14.882-0400: 67.468: [GC (Allocation Failure) [PSYoungGen: 149558K->67469K(175104K)] 559255K->519943K(699392K), 0.0143017 secs] [Times: user=0.12 sys=0.00, real=0.02 secs] 
2016-09-24T01:05:15.022-0400: 67.607: [Full GC (Ergonomics) [PSYoungGen: 152255K->0K(175104K)] [ParOldGen: 458549K->52350K(524288K)] 610804K->52350K(699392K), [Metaspace: 44297K->44297K(1087488K)], 0.0759054 secs] [Times: user=0.51 sys=0.03, real=0.08 secs] 
2016-09-24T01:05:15.227-0400: 67.813: [GC (GCLocker Initiated GC) [PSYoungGen: 88064K->85890K(175104K)] 146620K->144446K(699392K), 0.0221808 secs] [Times: user=0.24 sys=0.01, real=0.02 secs] 
2016-09-24T01:05:15.367-0400: 67.953: [GC (Allocation Failure) [PSYoungGen: 173954K->67469K(175104K)] 232614K->168946K(699392K), 0.0183271 secs] [Times: user=0.21 sys=0.00, real=0.02 secs] 
2016-09-24T01:05:15.498-0400: 68.083: [GC (GCLocker Initiated GC) [PSYoungGen: 155529K->55123K(175104K)] 257011K->235856K(699392K), 0.0117021 secs] [Times: user=0.10 sys=0.00, real=0.01 secs] 
2016-09-24T01:05:15.622-0400: 68.207: [GC (GCLocker Initiated GC) [PSYoungGen: 143187K->85694K(175104K)] 324051K->266670K(699392K), 0.0256465 secs] [Times: user=0.24 sys=0.02, real=0.03 secs] 
2016-09-24T01:05:15.764-0400: 68.349: [GC (GCLocker Initiated GC) [PSYoungGen: 173758K->61853K(175104K)] 354736K->309917K(699392K), 0.0129170 secs] [Times: user=0.12 sys=0.00, real=0.01 secs] 
2016-09-24T01:05:15.890-0400: 68.476: [GC (GCLocker Initiated GC) [PSYoungGen: 149917K->49116K(175104K)] 404215K->334040K(699392K), 0.0284461 secs] [Times: user=0.28 sys=0.00, real=0.03 secs] 
2016-09-24T01:05:16.019-0400: 68.604: [GC (GCLocker Initiated GC) [PSYoungGen: 137180K->67629K(175104K)] 422410K->389452K(699392K), 0.0208530 secs] [Times: user=0.26 sys=0.00, real=0.02 secs] 
2016-09-24T01:05:16.145-0400: 68.730: [GC (GCLocker Initiated GC) [PSYoungGen: 155693K->55711K(175104K)] 483767K->445007K(699392K), 0.0106049 secs] [Times: user=0.13 sys=0.01, real=0.01 secs] 
2016-09-24T01:05:16.255-0400: 68.841: [GC (GCLocker Initiated GC) [PSYoungGen: 143775K->73544K(175104K)] 533135K->475338K(699392K), 0.0169014 secs] [Times: user=0.17 sys=0.00, real=0.01 secs] 
2016-09-24T01:05:16.407-0400: 68.993: [GC (GCLocker Initiated GC) [PSYoungGen: 161608K->85854K(175104K)] 569574K->542720K(699392K), 0.0139812 secs] [Times: user=0.18 sys=0.00, real=0.01 secs] 
2016-09-24T01:05:16.421-0400: 69.007: [Full GC (Ergonomics) [PSYoungGen: 85854K->0K(175104K)] [ParOldGen: 456866K->52367K(524288K)] 542720K->52367K(699392K), [Metaspace: 44304K->44304K(1087488K)], 0.0583793 secs] [Times: user=0.38 sys=0.01, real=0.06 secs] 
2016-09-24T01:05:16.585-0400: 69.170: [GC (GCLocker Initiated GC) [PSYoungGen: 88064K->86110K(175104K)] 140557K->181128K(699392K), 0.0118303 secs] [Times: user=0.19 sys=0.00, real=0.01 secs] 
2016-09-24T01:05:16.719-0400: 69.305: [GC (GCLocker Initiated GC) [PSYoungGen: 174174K->25143K(175104K)] 275624K->206092K(699392K), 0.0261416 secs] [Times: user=0.26 sys=0.00, real=0.03 secs] 
2016-09-24T01:05:16.848-0400: 69.434: [GC (GCLocker Initiated GC) [PSYoungGen: 113207K->85890K(175104K)] 294483K->273524K(699392K), 0.0104508 secs] [Times: user=0.11 sys=0.00, real=0.01 secs] 
2016-09-24T01:05:16.963-0400: 69.549: [GC (GCLocker Initiated GC) [PSYoungGen: 173954K->67309K(175104K)] 361775K->273427K(699392K), 0.0217026 secs] [Times: user=0.21 sys=0.00, real=0.02 secs] 
2016-09-24T01:05:17.100-0400: 69.686: [GC (GCLocker Initiated GC) [PSYoungGen: 155373K->24780K(175104K)] 367619K->291812K(699392K), 0.0190940 secs] [Times: user=0.20 sys=0.00, real=0.02 secs] 
2016-09-24T01:05:17.244-0400: 69.830: [GC (Allocation Failure) [PSYoungGen: 112842K->86381K(175104K)] 380230K->372122K(699392K), 0.0216917 secs] [Times: user=0.22 sys=0.00, real=0.02 secs] 
2016-09-24T01:05:17.393-0400: 69.979: [GC (GCLocker Initiated GC) [PSYoungGen: 170708K->37162K(175104K)] 462524K->347798K(699392K), 0.0127918 secs] [Times: user=0.11 sys=0.01, real=0.02 secs] 
2016-09-24T01:05:17.520-0400: 70.106: [GC (Allocation Failure) [PSYoungGen: 125226K->48952K(175104K)] 442040K->402319K(699392K), 0.0238118 secs] [Times: user=0.26 sys=0.00, real=0.03 secs] 
2016-09-24T01:05:17.632-0400: 70.218: [GC (GCLocker Initiated GC) [PSYoungGen: 137016K->86118K(175104K)] 490389K->494294K(699392K), 0.0152341 secs] [Times: user=0.17 sys=0.01, real=0.02 secs] 
2016-09-24T01:05:17.756-0400: 70.342: [GC (GCLocker Initiated GC) [PSYoungGen: 174182K->67569K(175104K)] 582406K->482479K(699392K), 0.0083574 secs] [Times: user=0.08 sys=0.00, real=0.01 secs] 
2016-09-24T01:05:17.868-0400: 70.454: [GC (GCLocker Initiated GC) [PSYoungGen: 155633K->73608K(175104K)] 576959K->549737K(699392K), 0.0398081 secs] [Times: user=0.45 sys=0.00, real=0.04 secs] 
2016-09-24T01:05:17.908-0400: 70.494: [Full GC (Ergonomics) [PSYoungGen: 73608K->0K(175104K)] [ParOldGen: 476128K->52231K(524288K)] 549737K->52231K(699392K), [Metaspace: 44305K->44305K(1087488K)], 0.0578211 secs] [Times: user=0.40 sys=0.03, real=0.06 secs] 
2016-09-24T01:05:18.086-0400: 70.672: [GC (GCLocker Initiated GC) [PSYoungGen: 88064K->86406K(175104K)] 140572K->163215K(699392K), 0.0115386 secs] [Times: user=0.15 sys=0.00, real=0.01 secs] 
2016-09-24T01:05:18.213-0400: 70.799: [GC (GCLocker Initiated GC) [PSYoungGen: 174470K->37094K(175104K)] 257619K->157389K(699392K), 0.0104798 secs] [Times: user=0.09 sys=0.00, real=0.02 secs] 
2016-09-24T01:05:18.339-0400: 70.925: [GC (GCLocker Initiated GC) [PSYoungGen: 125158K->73640K(175104K)] 245629K->194263K(699392K), 0.0109695 secs] [Times: user=0.12 sys=0.00, real=0.01 secs] 
2016-09-24T01:05:18.472-0400: 71.057: [GC (GCLocker Initiated GC) [PSYoungGen: 161704K->55323K(175104K)] 282441K->200611K(699392K), 0.0219464 secs] [Times: user=0.22 sys=0.00, real=0.02 secs] 
2016-09-24T01:05:18.639-0400: 71.224: [GC (GCLocker Initiated GC) [PSYoungGen: 143387K->55579K(175104K)] 300996K->268155K(699392K), 0.0105114 secs] [Times: user=0.13 sys=0.00, real=0.01 secs] 
2016-09-24T01:05:18.803-0400: 71.389: [GC (GCLocker Initiated GC) [PSYoungGen: 143643K->55415K(175104K)] 362459K->274531K(699392K), 0.0099685 secs] [Times: user=0.13 sys=0.00, real=0.00 secs] 
2016-09-24T01:05:18.940-0400: 71.526: [GC (Allocation Failure) [PSYoungGen: 143479K->61522K(175104K)] 362827K->323539K(699392K), 0.0186528 secs] [Times: user=0.22 sys=0.01, real=0.02 secs] 
2016-09-24T01:05:19.072-0400: 71.657: [GC (GCLocker Initiated GC) [PSYoungGen: 145166K->73968K(175104K)] 413258K->378653K(699392K), 0.0093788 secs] [Times: user=0.11 sys=0.00, real=0.01 secs] 
2016-09-24T01:05:19.207-0400: 71.793: [GC (GCLocker Initiated GC) [PSYoungGen: 162032K->85498K(175104K)] 466814K->408945K(699392K), 0.0155810 secs] [Times: user=0.16 sys=0.00, real=0.02 secs] 
2016-09-24T01:05:19.338-0400: 71.924: [GC (GCLocker Initiated GC) [PSYoungGen: 173562K->67729K(175104K)] 497314K->421984K(699392K), 0.0183612 secs] [Times: user=0.19 sys=0.00, real=0.02 secs] 
2016-09-24T01:05:19.483-0400: 72.068: [GC (GCLocker Initiated GC) [PSYoungGen: 155793K->61426K(175104K)] 510258K->471013K(699392K), 0.0178845 secs] [Times: user=0.19 sys=0.00, real=0.01 secs] 
2016-09-24T01:05:19.614-0400: 72.200: [GC (Allocation Failure) [PSYoungGen: 149490K->79523K(175104K)] 559130K->507484K(699392K), 0.0112599 secs] [Times: user=0.10 sys=0.00, real=0.02 secs] 
2016-09-24T01:05:19.626-0400: 72.212: [GC (GCLocker Initiated GC) [PSYoungGen: 79535K->32K(175104K)] 507495K->507322K(699392K), 0.0147381 secs] [Times: user=0.15 sys=0.00, real=0.01 secs] 
2016-09-24T01:05:19.641-0400: 72.226: [Full GC (Ergonomics) [PSYoungGen: 32K->0K(175104K)] [ParOldGen: 507290K->51874K(524288K)] 507322K->51874K(699392K), [Metaspace: 44336K->44336K(1087488K)], 0.0612884 secs] [Times: user=0.33 sys=0.01, real=0.07 secs] 
2016-09-24T01:05:19.823-0400: 72.408: [GC (GCLocker Initiated GC) [PSYoungGen: 88064K->86306K(175104K)] 139939K->150331K(699392K), 0.0131482 secs] [Times: user=0.13 sys=0.00, real=0.01 secs] 
2016-09-24T01:05:19.958-0400: 72.544: [GC (GCLocker Initiated GC) [PSYoungGen: 174370K->55319K(175104K)] 244640K->187323K(699392K), 0.0190841 secs] [Times: user=0.24 sys=0.01, real=0.02 secs] 
2016-09-24T01:05:20.089-0400: 72.675: [GC (GCLocker Initiated GC) [PSYoungGen: 143383K->85954K(175104K)] 275748K->254913K(699392K), 0.0182213 secs] [Times: user=0.26 sys=0.00, real=0.02 secs] 
2016-09-24T01:05:20.251-0400: 72.836: [GC (Allocation Failure) [PSYoungGen: 174018K->43137K(175104K)] 349306K->255150K(699392K), 0.0102018 secs] [Times: user=0.09 sys=0.00, real=0.01 secs] 
2016-09-24T01:05:20.402-0400: 72.987: [GC (GCLocker Initiated GC) [PSYoungGen: 129466K->37713K(175104K)] 353630K->280238K(699392K), 0.0085238 secs] [Times: user=0.12 sys=0.00, real=0.01 secs] 
2016-09-24T01:05:20.522-0400: 73.108: [GC (GCLocker Initiated GC) [PSYoungGen: 125777K->55775K(175104K)] 380634K->310954K(699392K), 0.0068890 secs] [Times: user=0.10 sys=0.01, real=0.01 secs] 
2016-09-24T01:05:20.655-0400: 73.241: [GC (GCLocker Initiated GC) [PSYoungGen: 143839K->85986K(175104K)] 405180K->371771K(699392K), 0.0104641 secs] [Times: user=0.12 sys=0.00, real=0.01 secs] 
2016-09-24T01:05:20.800-0400: 73.385: [GC (GCLocker Initiated GC) [PSYoungGen: 174050K->48952K(175104K)] 459977K->377827K(699392K), 0.0124636 secs] [Times: user=0.12 sys=0.00, real=0.01 secs] 
2016-09-24T01:05:20.925-0400: 73.511: [GC (GCLocker Initiated GC) [PSYoungGen: 137016K->85922K(175104K)] 466196K->421305K(699392K), 0.0341264 secs] [Times: user=0.36 sys=0.00, real=0.03 secs] 
2016-09-24T01:05:21.101-0400: 73.687: [GC (GCLocker Initiated GC) [PSYoungGen: 173986K->37354K(175104K)] 521757K->421866K(699392K), 0.0089484 secs] [Times: user=0.12 sys=0.00, real=0.01 secs] 
2016-09-24T01:05:21.249-0400: 73.835: [GC (GCLocker Initiated GC) [PSYoungGen: 125418K->37226K(175104K)] 522137K->434088K(699392K), 0.0103291 secs] [Times: user=0.14 sys=0.00, real=0.01 secs] 
2016-09-24T01:05:21.394-0400: 73.980: [GC (GCLocker Initiated GC) [PSYoungGen: 125290K->55515K(175104K)] 528353K->458878K(699392K), 0.0179049 secs] [Times: user=0.23 sys=0.00, real=0.02 secs] 
2016-09-24T01:05:21.546-0400: 74.131: [GC (GCLocker Initiated GC) [PSYoungGen: 143579K->67405K(175104K)] 547253K->489579K(699392K), 0.0195086 secs] [Times: user=0.16 sys=0.00, real=0.02 secs] 
2016-09-24T01:05:21.683-0400: 74.268: [GC (GCLocker Initiated GC) [PSYoungGen: 155469K->61234K(175104K)] 577804K->501881K(699392K), 0.0126337 secs] [Times: user=0.08 sys=0.01, real=0.01 secs] 
2016-09-24T01:05:21.819-0400: 74.405: [GC (GCLocker Initiated GC) [PSYoungGen: 149298K->73644K(175104K)] 590307K->533130K(699392K), 0.0159544 secs] [Times: user=0.14 sys=0.00, real=0.02 secs] 
2016-09-24T01:05:21.986-0400: 74.572: [Full GC (Ergonomics) [PSYoungGen: 161708K->0K(175104K)] [ParOldGen: 465777K->52362K(524288K)] 627485K->52362K(699392K), [Metaspace: 44337K->44337K(1087488K)], 0.0783598 secs] [Times: user=0.50 sys=0.01, real=0.08 secs] 
2016-09-24T01:05:22.194-0400: 74.779: [GC (GCLocker Initiated GC) [PSYoungGen: 88064K->49472K(175104K)] 140714K->102122K(699392K), 0.0134802 secs] [Times: user=0.09 sys=0.00, real=0.02 secs] 
2016-09-24T01:05:22.333-0400: 74.919: [GC (GCLocker Initiated GC) [PSYoungGen: 137536K->73640K(175104K)] 202580K->157792K(699392K), 0.0095444 secs] [Times: user=0.11 sys=0.00, real=0.02 secs] 
2016-09-24T01:05:22.472-0400: 75.058: [GC (GCLocker Initiated GC) [PSYoungGen: 161704K->37453K(175104K)] 258356K->152450K(699392K), 0.0134306 secs] [Times: user=0.16 sys=0.00, real=0.02 secs] 
2016-09-24T01:05:22.607-0400: 75.192: [GC (Allocation Failure) [PSYoungGen: 125517K->55059K(175104K)] 246929K->182805K(699392K), 0.0130570 secs] [Times: user=0.16 sys=0.00, real=0.01 secs] 
2016-09-24T01:05:22.735-0400: 75.321: [GC (GCLocker Initiated GC) [PSYoungGen: 143123K->55611K(175104K)] 270875K->201715K(699392K), 0.0087124 secs] [Times: user=0.08 sys=0.00, real=0.01 secs] 
2016-09-24T01:05:22.865-0400: 75.451: [GC (GCLocker Initiated GC) [PSYoungGen: 143675K->86150K(175104K)] 295890K->269040K(699392K), 0.0127746 secs] [Times: user=0.15 sys=0.00, real=0.01 secs] 
2016-09-24T01:05:23.012-0400: 75.597: [GC (GCLocker Initiated GC) [PSYoungGen: 174214K->73836K(175104K)] 363434K->306060K(699392K), 0.0098975 secs] [Times: user=0.14 sys=0.00, real=0.01 secs] 
2016-09-24T01:05:23.142-0400: 75.727: [GC (GCLocker Initiated GC) [PSYoungGen: 161900K->55255K(175104K)] 400754K->312437K(699392K), 0.0082519 secs] [Times: user=0.07 sys=0.00, real=0.01 secs] 
2016-09-24T01:05:23.281-0400: 75.867: [GC (GCLocker Initiated GC) [PSYoungGen: 143319K->36934K(175104K)] 412984K->325059K(699392K), 0.0225238 secs] [Times: user=0.19 sys=0.00, real=0.03 secs] 
2016-09-24T01:05:23.436-0400: 76.022: [GC (GCLocker Initiated GC) [PSYoungGen: 124998K->55679K(175104K)] 419481K->350257K(699392K), 0.0082699 secs] [Times: user=0.06 sys=0.01, real=0.01 secs] 
2016-09-24T01:05:23.554-0400: 76.140: [GC (GCLocker Initiated GC) [PSYoungGen: 143743K->79555K(175104K)] 438689K->393001K(699392K), 0.0258608 secs] [Times: user=0.27 sys=0.00, real=0.03 secs] 
2016-09-24T01:05:23.714-0400: 76.299: [GC (GCLocker Initiated GC) [PSYoungGen: 167619K->31147K(175104K)] 487367K->405689K(699392K), 0.0156523 secs] [Times: user=0.17 sys=0.00, real=0.02 secs] 
2016-09-24T01:05:23.844-0400: 76.429: [GC (Allocation Failure) [PSYoungGen: 119211K->85890K(175104K)] 493806K->466859K(699392K), 0.0275675 secs] [Times: user=0.32 sys=0.01, real=0.02 secs] 
2016-09-24T01:05:24.027-0400: 76.613: [GC (GCLocker Initiated GC) [PSYoungGen: 173954K->73444K(175104K)] 554924K->503462K(699392K), 0.0174042 secs] [Times: user=0.19 sys=0.00, real=0.02 secs] 
2016-09-24T01:05:24.210-0400: 76.796: [GC (GCLocker Initiated GC) [PSYoungGen: 161508K->79519K(175104K)] 597632K->515778K(699392K), 0.0083433 secs] [Times: user=0.08 sys=0.00, real=0.01 secs] 
2016-09-24T01:05:24.334-0400: 76.919: [GC (GCLocker Initiated GC) [PSYoungGen: 167583K->85562K(175104K)] 603912K->552401K(699392K), 0.0270269 secs] [Times: user=0.31 sys=0.00, real=0.03 secs] 
2016-09-24T01:05:24.361-0400: 76.946: [Full GC (Ergonomics) [PSYoungGen: 85562K->0K(175104K)] [ParOldGen: 466839K->52222K(524288K)] 552401K->52222K(699392K), [Metaspace: 44338K->44338K(1087488K)], 0.0624257 secs] [Times: user=0.33 sys=0.01, real=0.07 secs] 
2016-09-24T01:05:24.543-0400: 77.129: [GC (GCLocker Initiated GC) [PSYoungGen: 88064K->86630K(175104K)] 140305K->144947K(699392K), 0.0126631 secs] [Times: user=0.15 sys=0.00, real=0.01 secs] 
2016-09-24T01:05:24.660-0400: 77.246: [GC (GCLocker Initiated GC) [PSYoungGen: 174694K->49344K(175104K)] 233350K->133228K(699392K), 0.0153942 secs] [Times: user=0.16 sys=0.00, real=0.02 secs] 
2016-09-24T01:05:24.764-0400: 77.350: [GC (GCLocker Initiated GC) [PSYoungGen: 137408K->85890K(175104K)] 221659K->219220K(699392K), 0.0109451 secs] [Times: user=0.12 sys=0.00, real=0.01 secs] 
2016-09-24T01:05:24.878-0400: 77.464: [GC (GCLocker Initiated GC) [PSYoungGen: 173954K->73772K(175104K)] 307437K->298680K(699392K), 0.0184604 secs] [Times: user=0.20 sys=0.00, real=0.02 secs] 
2016-09-24T01:05:25.021-0400: 77.607: [GC (GCLocker Initiated GC) [PSYoungGen: 161836K->61426K(175104K)] 392911K->311174K(699392K), 0.0105550 secs] [Times: user=0.11 sys=0.00, real=0.01 secs] 
2016-09-24T01:05:25.144-0400: 77.729: [GC (GCLocker Initiated GC) [PSYoungGen: 149490K->73608K(175104K)] 399441K->342092K(699392K), 0.0135149 secs] [Times: user=0.14 sys=0.00, real=0.01 secs] 
2016-09-24T01:05:25.284-0400: 77.870: [GC (GCLocker Initiated GC) [PSYoungGen: 161672K->61462K(175104K)] 430400K->360692K(699392K), 0.0128105 secs] [Times: user=0.09 sys=0.00, real=0.01 secs] 
2016-09-24T01:05:25.427-0400: 78.013: [GC (GCLocker Initiated GC) [PSYoungGen: 149526K->67405K(175104K)] 455029K->409781K(699392K), 0.0199210 secs] [Times: user=0.20 sys=0.01, real=0.02 secs] 
2016-09-24T01:05:25.569-0400: 78.155: [GC (GCLocker Initiated GC) [PSYoungGen: 155469K->73676K(175104K)] 498111K->416454K(699392K), 0.0091417 secs] [Times: user=0.09 sys=0.00, real=0.01 secs] 
2016-09-24T01:05:25.709-0400: 78.295: [GC (GCLocker Initiated GC) [PSYoungGen: 161740K->55255K(175104K)] 510774K->422953K(699392K), 0.0188028 secs] [Times: user=0.21 sys=0.00, real=0.02 secs] 
2016-09-24T01:05:25.849-0400: 78.434: [GC (GCLocker Initiated GC) [PSYoungGen: 143319K->85794K(175104K)] 511076K->459886K(699392K), 0.0100720 secs] [Times: user=0.08 sys=0.00, real=0.01 secs] 
2016-09-24T01:05:26.011-0400: 78.597: [GC (GCLocker Initiated GC) [PSYoungGen: 173858K->43005K(175104K)] 554043K->478157K(699392K), 0.0114464 secs] [Times: user=0.10 sys=0.00, real=0.02 secs] 
2016-09-24T01:05:26.141-0400: 78.726: [GC (GCLocker Initiated GC) [PSYoungGen: 131069K->67437K(175104K)] 572343K->527032K(699392K), 0.0273985 secs] [Times: user=0.29 sys=0.00, real=0.03 secs] 
2016-09-24T01:05:26.168-0400: 78.754: [Full GC (Ergonomics) [PSYoungGen: 67437K->0K(175104K)] [ParOldGen: 459595K->58546K(524288K)] 527032K->58546K(699392K), [Metaspace: 44344K->44344K(1087488K)], 0.0626930 secs] [Times: user=0.47 sys=0.00, real=0.06 secs] 
2016-09-24T01:05:26.341-0400: 78.927: [GC (GCLocker Initiated GC) [PSYoungGen: 88064K->86498K(175104K)] 146781K->151291K(699392K), 0.0091172 secs] [Times: user=0.10 sys=0.00, real=0.01 secs] 
2016-09-24T01:05:26.448-0400: 79.033: [GC (GCLocker Initiated GC) [PSYoungGen: 174562K->85854K(175104K)] 239628K->188369K(699392K), 0.0121671 secs] [Times: user=0.16 sys=0.00, real=0.01 secs] 
2016-09-24T01:05:26.587-0400: 79.172: [GC (Allocation Failure) [PSYoungGen: 173918K->55287K(175104K)] 276637K->207061K(699392K), 0.0122924 secs] [Times: user=0.14 sys=0.00, real=0.01 secs] 
2016-09-24T01:05:26.727-0400: 79.313: [GC (GCLocker Initiated GC) [PSYoungGen: 143351K->61266K(175104K)] 295132K->231368K(699392K), 0.0111401 secs] [Times: user=0.08 sys=0.00, real=0.01 secs] 
2016-09-24T01:05:26.868-0400: 79.454: [GC (GCLocker Initiated GC) [PSYoungGen: 149330K->55223K(175104K)] 319490K->261929K(699392K), 0.0326574 secs] [Times: user=0.36 sys=0.00, real=0.03 secs] 
2016-09-24T01:05:27.018-0400: 79.604: [GC (GCLocker Initiated GC) [PSYoungGen: 143287K->55547K(175104K)] 356098K->323145K(699392K), 0.0485588 secs] [Times: user=0.53 sys=0.01, real=0.05 secs] 
2016-09-24T01:05:27.187-0400: 79.773: [GC (GCLocker Initiated GC) [PSYoungGen: 143611K->55483K(175104K)] 417646K->378417K(699392K), 0.0218400 secs] [Times: user=0.24 sys=0.00, real=0.02 secs] 
2016-09-24T01:05:27.335-0400: 79.921: [GC (GCLocker Initiated GC) [PSYoungGen: 143547K->55383K(175104K)] 478893K->409238K(699392K), 0.0090629 secs] [Times: user=0.08 sys=0.00, real=0.01 secs] 
2016-09-24T01:05:27.452-0400: 80.038: [GC (GCLocker Initiated GC) [PSYoungGen: 143447K->73348K(175104K)] 497354K->427350K(699392K), 0.0168707 secs] [Times: user=0.23 sys=0.00, real=0.02 secs] 
2016-09-24T01:05:27.614-0400: 80.199: [GC (Allocation Failure) [PSYoungGen: 161412K->49539K(175104K)] 527751K->434216K(699392K), 0.0111646 secs] [Times: user=0.15 sys=0.00, real=0.02 secs] 
2016-09-24T01:05:27.762-0400: 80.348: [GC (GCLocker Initiated GC) [PSYoungGen: 136407K->37258K(175104K)] 527159K->458847K(699392K), 0.0096071 secs] [Times: user=0.11 sys=0.01, real=0.00 secs] 
2016-09-24T01:05:27.915-0400: 80.500: [GC (GCLocker Initiated GC) [PSYoungGen: 125322K->49144K(175104K)] 546982K->513612K(699392K), 0.0160494 secs] [Times: user=0.19 sys=0.00, real=0.01 secs] 
2016-09-24T01:05:27.931-0400: 80.517: [Full GC (Ergonomics) [PSYoungGen: 49144K->0K(175104K)] [ParOldGen: 464468K->52321K(524288K)] 513612K->52321K(699392K), [Metaspace: 44344K->44344K(1087488K)], 0.0660481 secs] [Times: user=0.35 sys=0.02, real=0.07 secs] 
2016-09-24T01:05:28.152-0400: 80.737: [GC (GCLocker Initiated GC) [PSYoungGen: 88064K->38393K(175104K)] 165024K->115354K(699392K), 0.0150680 secs] [Times: user=0.15 sys=0.00, real=0.02 secs] 
2016-09-24T01:05:28.289-0400: 80.875: [GC (GCLocker Initiated GC) [PSYoungGen: 126457K->67341K(175104K)] 215917K->175961K(699392K), 0.0462369 secs] [Times: user=0.46 sys=0.00, real=0.05 secs] 
2016-09-24T01:05:28.474-0400: 81.060: [GC (GCLocker Initiated GC) [PSYoungGen: 155405K->43592K(175104K)] 270416K->170849K(699392K), 0.0089176 secs] [Times: user=0.07 sys=0.00, real=0.01 secs] 
2016-09-24T01:05:28.627-0400: 81.213: [GC (GCLocker Initiated GC) [PSYoungGen: 131656K->55219K(175104K)] 258981K->201075K(699392K), 0.0141560 secs] [Times: user=0.20 sys=0.00, real=0.01 secs] 
2016-09-24T01:05:28.729-0400: 81.314: [GC (GCLocker Initiated GC) [PSYoungGen: 143283K->86346K(175104K)] 289310K->262876K(699392K), 0.0109994 secs] [Times: user=0.17 sys=0.00, real=0.01 secs] 
2016-09-24T01:05:28.879-0400: 81.464: [GC (GCLocker Initiated GC) [PSYoungGen: 174410K->73968K(175104K)] 363451K->306153K(699392K), 0.0106934 secs] [Times: user=0.12 sys=0.00, real=0.01 secs] 
2016-09-24T01:05:29.011-0400: 81.597: [GC (GCLocker Initiated GC) [PSYoungGen: 162032K->55319K(175104K)] 406369K->330315K(699392K), 0.0198355 secs] [Times: user=0.19 sys=0.01, real=0.02 secs] 
2016-09-24T01:05:29.146-0400: 81.732: [GC (GCLocker Initiated GC) [PSYoungGen: 143383K->49084K(175104K)] 418595K->342609K(699392K), 0.0225678 secs] [Times: user=0.21 sys=0.00, real=0.02 secs] 
2016-09-24T01:05:29.290-0400: 81.876: [GC (GCLocker Initiated GC) [PSYoungGen: 137148K->85922K(175104K)] 430838K->404195K(699392K), 0.0214605 secs] [Times: user=0.26 sys=0.01, real=0.02 secs] 
2016-09-24T01:05:29.455-0400: 82.041: [GC (GCLocker Initiated GC) [PSYoungGen: 173986K->43009K(175104K)] 492514K->398254K(699392K), 0.0209663 secs] [Times: user=0.21 sys=0.00, real=0.02 secs] 
2016-09-24T01:05:29.580-0400: 82.166: [GC (GCLocker Initiated GC) [PSYoungGen: 131073K->79651K(175104K)] 486483K->435173K(699392K), 0.0211875 secs] [Times: user=0.23 sys=0.00, real=0.02 secs] 
2016-09-24T01:05:29.727-0400: 82.313: [GC (GCLocker Initiated GC) [PSYoungGen: 167715K->49084K(175104K)] 529449K->441460K(699392K), 0.0219983 secs] [Times: user=0.19 sys=0.00, real=0.02 secs] 
2016-09-24T01:05:29.869-0400: 82.454: [GC (GCLocker Initiated GC) [PSYoungGen: 137148K->85726K(175104K)] 529656K->496751K(699392K), 0.0100431 secs] [Times: user=0.12 sys=0.00, real=0.01 secs] 
2016-09-24T01:05:29.999-0400: 82.585: [GC (GCLocker Initiated GC) [PSYoungGen: 173790K->79815K(175104K)] 584980K->527583K(699392K), 0.0158951 secs] [Times: user=0.18 sys=0.02, real=0.02 secs] 
2016-09-24T01:05:30.119-0400: 82.704: [GC (GCLocker Initiated GC) --[PSYoungGen: 167879K->167879K(175104K)] 615807K->689202K(699392K), 0.0151952 secs] [Times: user=0.18 sys=0.00, real=0.01 secs] 
2016-09-24T01:05:30.134-0400: 82.720: [Full GC (Ergonomics) [PSYoungGen: 167879K->0K(175104K)] [ParOldGen: 521323K->52887K(524288K)] 689202K->52887K(699392K), [Metaspace: 44355K->44355K(1087488K)], 0.0609357 secs] [Times: user=0.31 sys=0.03, real=0.07 secs] 
2016-09-24T01:05:30.321-0400: 82.907: [GC (GCLocker Initiated GC) [PSYoungGen: 88064K->86046K(175104K)] 141015K->145072K(699392K), 0.0110607 secs] [Times: user=0.13 sys=0.00, real=0.01 secs] 
2016-09-24T01:05:30.447-0400: 83.033: [GC (GCLocker Initiated GC) [PSYoungGen: 174110K->85826K(175104K)] 233318K->182031K(699392K), 0.0119847 secs] [Times: user=0.12 sys=0.00, real=0.01 secs] 
2016-09-24T01:05:30.608-0400: 83.194: [GC (GCLocker Initiated GC) [PSYoungGen: 173890K->55251K(175104K)] 276491K->176713K(699392K), 0.0219285 secs] [Times: user=0.28 sys=0.00, real=0.02 secs] 
2016-09-24T01:05:30.739-0400: 83.325: [GC (GCLocker Initiated GC) [PSYoungGen: 143315K->85854K(175104K)] 265138K->213888K(699392K), 0.0139253 secs] [Times: user=0.16 sys=0.00, real=0.01 secs] 
2016-09-24T01:05:30.893-0400: 83.479: [GC (GCLocker Initiated GC) [PSYoungGen: 173918K->73672K(175104K)] 302172K->256917K(699392K), 0.0130130 secs] [Times: user=0.17 sys=0.01, real=0.02 secs] 
2016-09-24T01:05:31.020-0400: 83.606: [GC (GCLocker Initiated GC) [PSYoungGen: 161736K->85986K(175104K)] 345046K->305866K(699392K), 0.0104634 secs] [Times: user=0.13 sys=0.00, real=0.01 secs] 
2016-09-24T01:05:31.145-0400: 83.731: [GC (GCLocker Initiated GC) [PSYoungGen: 174050K->61522K(175104K)] 400248K->360943K(699392K), 0.0116996 secs] [Times: user=0.15 sys=0.00, real=0.01 secs] 
2016-09-24T01:05:31.284-0400: 83.869: [GC (GCLocker Initiated GC) [PSYoungGen: 149586K->61558K(175104K)] 449172K->397877K(699392K), 0.0107201 secs] [Times: user=0.11 sys=0.00, real=0.01 secs] 
2016-09-24T01:05:31.424-0400: 84.009: [GC (Allocation Failure) [PSYoungGen: 149616K->61298K(175104K)] 492361K->422534K(699392K), 0.0345642 secs] [Times: user=0.36 sys=0.01, real=0.03 secs] 
2016-09-24T01:05:31.563-0400: 84.149: [GC (GCLocker Initiated GC) [PSYoungGen: 149362K->73512K(175104K)] 510600K->453087K(699392K), 0.0114849 secs] [Times: user=0.11 sys=0.00, real=0.01 secs] 
2016-09-24T01:05:31.690-0400: 84.276: [GC (GCLocker Initiated GC) [PSYoungGen: 161576K->79751K(175104K)] 541439K->496364K(699392K), 0.0164320 secs] [Times: user=0.18 sys=0.00, real=0.02 secs] 
2016-09-24T01:05:31.857-0400: 84.443: [GC (GCLocker Initiated GC) [PSYoungGen: 167815K->55123K(175104K)] 584519K->514784K(699392K), 0.0112974 secs] [Times: user=0.13 sys=0.00, real=0.01 secs] 
2016-09-24T01:05:31.869-0400: 84.455: [Full GC (Ergonomics) [PSYoungGen: 55123K->0K(175104K)] [ParOldGen: 459661K->40510K(524288K)] 514784K->40510K(699392K), [Metaspace: 44359K->44359K(1087488K)], 0.0607895 secs] [Times: user=0.30 sys=0.01, real=0.06 secs] 
2016-09-24T01:05:32.032-0400: 84.618: [GC (GCLocker Initiated GC) [PSYoungGen: 88064K->86046K(175104K)] 128622K->175204K(699392K), 0.0102930 secs] [Times: user=0.10 sys=0.00, real=0.02 secs] 
2016-09-24T01:05:32.156-0400: 84.742: [GC (GCLocker Initiated GC) [PSYoungGen: 174110K->85822K(175104K)] 263316K->260674K(699392K), 0.0149559 secs] [Times: user=0.23 sys=0.00, real=0.01 secs] 
2016-09-24T01:05:32.289-0400: 84.875: [GC (Allocation Failure) [PSYoungGen: 173886K->67501K(175104K)] 348824K->297406K(699392K), 0.0131087 secs] [Times: user=0.16 sys=0.00, real=0.01 secs] 
2016-09-24T01:05:32.431-0400: 85.017: [GC (GCLocker Initiated GC) [PSYoungGen: 155565K->67601K(175104K)] 385477K->328163K(699392K), 0.0170229 secs] [Times: user=0.21 sys=0.00, real=0.02 secs] 
2016-09-24T01:05:32.570-0400: 85.156: [GC (Allocation Failure) [PSYoungGen: 155665K->43169K(175104K)] 416235K->322264K(699392K), 0.0084695 secs] [Times: user=0.07 sys=0.01, real=0.01 secs] 
2016-09-24T01:05:32.686-0400: 85.271: [GC (GCLocker Initiated GC) [PSYoungGen: 131233K->79651K(175104K)] 410333K->383327K(699392K), 0.0102402 secs] [Times: user=0.08 sys=0.01, real=0.01 secs] 
2016-09-24T01:05:32.814-0400: 85.399: [GC (GCLocker Initiated GC) [PSYoungGen: 167715K->67533K(175104K)] 471741K->390075K(699392K), 0.0102124 secs] [Times: user=0.10 sys=0.00, real=0.02 secs] 
2016-09-24T01:05:32.939-0400: 85.525: [GC (GCLocker Initiated GC) [PSYoungGen: 155597K->67437K(175104K)] 478193K->438916K(699392K), 0.0116376 secs] [Times: user=0.12 sys=0.01, real=0.01 secs] 
2016-09-24T01:05:33.067-0400: 85.653: [GC (GCLocker Initiated GC) [PSYoungGen: 155501K->67569K(175104K)] 527094K->475724K(699392K), 0.0218014 secs] [Times: user=0.22 sys=0.00, real=0.02 secs] 
2016-09-24T01:05:33.219-0400: 85.805: [GC (GCLocker Initiated GC) [PSYoungGen: 155633K->67209K(175104K)] 570022K->500231K(699392K), 0.0170643 secs] [Times: user=0.15 sys=0.01, real=0.02 secs] 
2016-09-24T01:05:33.355-0400: 85.941: [GC (GCLocker Initiated GC) [PSYoungGen: 155273K->85758K(175104K)] 588488K->555567K(699392K), 0.0198252 secs] [Times: user=0.20 sys=0.00, real=0.02 secs] 
2016-09-24T01:05:33.375-0400: 85.961: [Full GC (Ergonomics) [PSYoungGen: 85758K->0K(175104K)] [ParOldGen: 469809K->52930K(524288K)] 555567K->52930K(699392K), [Metaspace: 44359K->44359K(1087488K)], 0.0783699 secs] [Times: user=0.48 sys=0.01, real=0.07 secs] 
2016-09-24T01:05:33.574-0400: 86.160: [GC (GCLocker Initiated GC) [PSYoungGen: 88064K->67533K(175104K)] 147212K->126681K(699392K), 0.0116704 secs] [Times: user=0.12 sys=0.01, real=0.01 secs] 
2016-09-24T01:05:33.692-0400: 86.278: [GC (GCLocker Initiated GC) [PSYoungGen: 155597K->49308K(175104K)] 214809K->181868K(699392K), 0.0146928 secs] [Times: user=0.16 sys=0.01, real=0.02 secs] 
2016-09-24T01:05:33.830-0400: 86.415: [GC (GCLocker Initiated GC) [PSYoungGen: 137372K->73740K(175104K)] 276352K->231244K(699392K), 0.0218092 secs] [Times: user=0.23 sys=0.01, real=0.02 secs] 
2016-09-24T01:05:34.005-0400: 86.591: [GC (GCLocker Initiated GC) [PSYoungGen: 161804K->18805K(175104K)] 337794K->195398K(699392K), 0.0109792 secs] [Times: user=0.10 sys=0.01, real=0.01 secs] 
2016-09-24T01:05:34.157-0400: 86.742: [GC (GCLocker Initiated GC) [PSYoungGen: 106869K->73576K(175104K)] 283812K->250826K(699392K), 0.0105064 secs] [Times: user=0.08 sys=0.01, real=0.01 secs] 
2016-09-24T01:05:34.294-0400: 86.879: [GC (Allocation Failure) [PSYoungGen: 161640K->61330K(175104K)] 338932K->293409K(699392K), 0.0277397 secs] [Times: user=0.32 sys=0.00, real=0.03 secs] 
2016-09-24T01:05:34.452-0400: 87.038: [GC (GCLocker Initiated GC) [PSYoungGen: 149390K->55679K(175104K)] 381474K->354716K(699392K), 0.0103675 secs] [Times: user=0.11 sys=0.00, real=0.02 secs] 
2016-09-24T01:05:34.602-0400: 87.188: [GC (GCLocker Initiated GC) [PSYoungGen: 143743K->61298K(175104K)] 449037K->385084K(699392K), 0.0416061 secs] [Times: user=0.43 sys=0.01, real=0.05 secs] 
2016-09-24T01:05:34.762-0400: 87.348: [GC (GCLocker Initiated GC) [PSYoungGen: 149362K->61426K(175104K)] 473587K->410079K(699392K), 0.0221205 secs] [Times: user=0.23 sys=0.00, real=0.02 secs] 
2016-09-24T01:05:34.893-0400: 87.479: [GC (GCLocker Initiated GC) [PSYoungGen: 149490K->49176K(175104K)] 498203K->470940K(699392K), 0.0199438 secs] [Times: user=0.24 sys=0.00, real=0.02 secs] 
2016-09-24T01:05:35.025-0400: 87.610: [Full GC (Ergonomics) [PSYoungGen: 137240K->0K(175104K)] [ParOldGen: 427881K->47389K(524288K)] 565121K->47389K(699392K), [Metaspace: 44359K->44359K(1087488K)], 0.0632955 secs] [Times: user=0.34 sys=0.01, real=0.06 secs] 
2016-09-24T01:05:35.195-0400: 87.781: [GC (GCLocker Initiated GC) [PSYoungGen: 82374K->85822K(175104K)] 135839K->139294K(699392K), 0.0325831 secs] [Times: user=0.30 sys=0.00, real=0.03 secs] 
2016-09-24T01:05:35.351-0400: 87.937: [GC (GCLocker Initiated GC) [PSYoungGen: 173886K->79455K(175104K)] 227406K->176047K(699392K), 0.0475393 secs] [Times: user=0.48 sys=0.02, real=0.05 secs] 
2016-09-24T01:05:35.544-0400: 88.130: [GC (GCLocker Initiated GC) [PSYoungGen: 167519K->61294K(175104K)] 276455K->218934K(699392K), 0.0105451 secs] [Times: user=0.10 sys=0.00, real=0.01 secs] 
2016-09-24T01:05:35.653-0400: 88.239: [GC (GCLocker Initiated GC) [PSYoungGen: 149358K->86018K(175104K)] 307174K->268301K(699392K), 0.0110762 secs] [Times: user=0.12 sys=0.00, real=0.02 secs] 
2016-09-24T01:05:35.811-0400: 88.397: [GC (GCLocker Initiated GC) [PSYoungGen: 174082K->55611K(175104K)] 368730K->268736K(699392K), 0.0143047 secs] [Times: user=0.14 sys=0.01, real=0.02 secs] 
2016-09-24T01:05:35.930-0400: 88.516: [GC (Allocation Failure) [PSYoungGen: 143675K->73804K(175104K)] 363225K->293637K(699392K), 0.0147018 secs] [Times: user=0.15 sys=0.00, real=0.02 secs] 
2016-09-24T01:05:36.063-0400: 88.648: [GC (GCLocker Initiated GC) [PSYoungGen: 158655K->55251K(175104K)] 384564K->317761K(699392K), 0.0099755 secs] [Times: user=0.11 sys=0.00, real=0.00 secs] 
2016-09-24T01:05:36.202-0400: 88.788: [GC (GCLocker Initiated GC) [PSYoungGen: 143315K->73612K(175104K)] 405968K->336377K(699392K), 0.0163069 secs] [Times: user=0.16 sys=0.00, real=0.01 secs] 
2016-09-24T01:05:36.332-0400: 88.918: [GC (GCLocker Initiated GC) [PSYoungGen: 161676K->85726K(175104K)] 430580K->391544K(699392K), 0.0199058 secs] [Times: user=0.21 sys=0.00, real=0.02 secs] 
2016-09-24T01:05:36.461-0400: 89.047: [GC (GCLocker Initiated GC) [PSYoungGen: 173790K->61394K(175104K)] 485926K->422578K(699392K), 0.0123337 secs] [Times: user=0.12 sys=0.00, real=0.01 secs] 
2016-09-24T01:05:36.602-0400: 89.188: [GC (GCLocker Initiated GC) [PSYoungGen: 149458K->55483K(175104K)] 522957K->429257K(699392K), 0.0213528 secs] [Times: user=0.24 sys=0.00, real=0.02 secs] 
2016-09-24T01:05:36.755-0400: 89.341: [GC (GCLocker Initiated GC) [PSYoungGen: 143547K->55483K(175104K)] 529732K->484508K(699392K), 0.0109277 secs] [Times: user=0.15 sys=0.00, real=0.01 secs] 
2016-09-24T01:05:36.895-0400: 89.480: [GC (Allocation Failure) [PSYoungGen: 143547K->73704K(175104K)] 572827K->539725K(699392K), 0.0126879 secs] [Times: user=0.17 sys=0.00, real=0.01 secs] 
2016-09-24T01:05:36.907-0400: 89.493: [Full GC (Ergonomics) [PSYoungGen: 73704K->0K(175104K)] [ParOldGen: 466021K->53413K(524288K)] 539725K->53413K(699392K), [Metaspace: 44372K->44372K(1087488K)], 0.0607049 secs] [Times: user=0.37 sys=0.01, real=0.06 secs] 
2016-09-24T01:05:37.085-0400: 89.671: [GC (GCLocker Initiated GC) [PSYoungGen: 88064K->79687K(175104K)] 141483K->133106K(699392K), 0.0131567 secs] [Times: user=0.14 sys=0.00, real=0.01 secs] 
2016-09-24T01:05:37.227-0400: 89.813: [GC (GCLocker Initiated GC) [PSYoungGen: 167751K->55483K(175104K)] 233407K->158020K(699392K), 0.0111832 secs] [Times: user=0.10 sys=0.00, real=0.01 secs] 
2016-09-24T01:05:37.344-0400: 89.929: [GC (GCLocker Initiated GC) [PSYoungGen: 143547K->61554K(175104K)] 246138K->225726K(699392K), 0.0100703 secs] [Times: user=0.14 sys=0.00, real=0.00 secs] 
2016-09-24T01:05:37.450-0400: 90.035: [GC (GCLocker Initiated GC) [PSYoungGen: 149618K->74032K(175104K)] 313926K->305325K(699392K), 0.0123490 secs] [Times: user=0.20 sys=0.00, real=0.01 secs] 
2016-09-24T01:05:37.558-0400: 90.143: [GC (GCLocker Initiated GC) [PSYoungGen: 162096K->73576K(175104K)] 393432K->341989K(699392K), 0.0168243 secs] [Times: user=0.21 sys=0.00, real=0.02 secs] 
2016-09-24T01:05:37.690-0400: 90.276: [GC (GCLocker Initiated GC) [PSYoungGen: 161640K->61722K(175104K)] 436197K->354616K(699392K), 0.0115563 secs] [Times: user=0.12 sys=0.00, real=0.01 secs] 
2016-09-24T01:05:37.805-0400: 90.390: [GC (GCLocker Initiated GC) [PSYoungGen: 149786K->85626K(175104K)] 449026K->403415K(699392K), 0.0101818 secs] [Times: user=0.13 sys=0.00, real=0.01 secs] 
2016-09-24T01:05:37.918-0400: 90.504: [GC (GCLocker Initiated GC) [PSYoungGen: 173690K->55419K(175104K)] 491667K->434266K(699392K), 0.0123791 secs] [Times: user=0.09 sys=0.00, real=0.01 secs] 
2016-09-24T01:05:38.048-0400: 90.634: [GC (GCLocker Initiated GC) [PSYoungGen: 143483K->67861K(175104K)] 534533K->495692K(699392K), 0.0092047 secs] [Times: user=0.13 sys=0.00, real=0.01 secs] 
2016-09-24T01:05:38.168-0400: 90.754: [GC (GCLocker Initiated GC) [PSYoungGen: 155925K->79715K(175104K)] 583843K->556557K(699392K), 0.0102680 secs] [Times: user=0.13 sys=0.00, real=0.01 secs] 
2016-09-24T01:05:38.179-0400: 90.764: [Full GC (Ergonomics) [PSYoungGen: 79715K->0K(175104K)] [ParOldGen: 476842K->47166K(524288K)] 556557K->47166K(699392K), [Metaspace: 44373K->44373K(1087488K)], 0.0553613 secs] [Times: user=0.30 sys=0.00, real=0.05 secs] 
2016-09-24T01:05:38.343-0400: 90.928: [GC (GCLocker Initiated GC) [PSYoungGen: 88064K->74224K(175104K)] 135231K->121391K(699392K), 0.0106898 secs] [Times: user=0.12 sys=0.00, real=0.00 secs] 
2016-09-24T01:05:38.459-0400: 91.044: [GC (GCLocker Initiated GC) [PSYoungGen: 162288K->73576K(175104K)] 209570K->139975K(699392K), 0.0251924 secs] [Times: user=0.31 sys=0.00, real=0.03 secs] 
2016-09-24T01:05:38.607-0400: 91.193: [GC (GCLocker Initiated GC) [PSYoungGen: 161640K->61490K(175104K)] 234233K->170816K(699392K), 0.0110537 secs] [Times: user=0.10 sys=0.01, real=0.01 secs] 
2016-09-24T01:05:38.763-0400: 91.349: [GC (GCLocker Initiated GC) [PSYoungGen: 149554K->55839K(175104K)] 265330K->214291K(699392K), 0.0104667 secs] [Times: user=0.11 sys=0.00, real=0.00 secs] 
2016-09-24T01:05:38.902-0400: 91.487: [GC (GCLocker Initiated GC) [PSYoungGen: 143903K->37126K(175104K)] 308473K->238437K(699392K), 0.0075741 secs] [Times: user=0.06 sys=0.00, real=0.01 secs] 
2016-09-24T01:05:39.049-0400: 91.635: [GC (GCLocker Initiated GC) [PSYoungGen: 125190K->85662K(175104K)] 332774K->299597K(699392K), 0.0203614 secs] [Times: user=0.19 sys=0.01, real=0.02 secs] 
2016-09-24T01:05:39.212-0400: 91.797: [GC (GCLocker Initiated GC) [PSYoungGen: 173726K->85822K(175104K)] 393795K->336550K(699392K), 0.0131052 secs] [Times: user=0.12 sys=0.00, real=0.02 secs] 
2016-09-24T01:05:39.349-0400: 91.935: [GC (GCLocker Initiated GC) [PSYoungGen: 173886K->37162K(175104K)] 430960K->348990K(699392K), 0.0182533 secs] [Times: user=0.17 sys=0.00, real=0.02 secs] 
2016-09-24T01:05:39.496-0400: 92.081: [GC (GCLocker Initiated GC) [PSYoungGen: 125226K->25043K(175104K)] 449252K->385780K(699392K), 0.0238297 secs] [Times: user=0.24 sys=0.00, real=0.02 secs] 
2016-09-24T01:05:39.620-0400: 92.205: [GC (GCLocker Initiated GC) [PSYoungGen: 113107K->73640K(175104K)] 473897K->489576K(699392K), 0.0106751 secs] [Times: user=0.15 sys=0.00, real=0.01 secs] 
2016-09-24T01:05:39.715-0400: 92.300: [GC (GCLocker Initiated GC) [PSYoungGen: 161704K->79847K(175104K)] 577956K->569338K(699392K), 0.0120721 secs] [Times: user=0.15 sys=0.01, real=0.01 secs] 
2016-09-24T01:05:39.727-0400: 92.313: [Full GC (Ergonomics) [PSYoungGen: 79847K->0K(175104K)] [ParOldGen: 489491K->60436K(524288K)] 569338K->60436K(699392K), [Metaspace: 44374K->44374K(1087488K)], 0.0656487 secs] [Times: user=0.51 sys=0.03, real=0.06 secs] 
2016-09-24T01:05:39.890-0400: 92.475: [GC (GCLocker Initiated GC) [PSYoungGen: 88064K->86078K(175104K)] 148738K->152827K(699392K), 0.0089434 secs] [Times: user=0.14 sys=0.00, real=0.01 secs] 
2016-09-24T01:05:40.006-0400: 92.592: [GC (GCLocker Initiated GC) [PSYoungGen: 174142K->73868K(175104K)] 253341K->190252K(699392K), 0.0101495 secs] [Times: user=0.14 sys=0.00, real=0.01 secs] 
2016-09-24T01:05:40.130-0400: 92.715: [GC (GCLocker Initiated GC) [PSYoungGen: 161932K->55775K(175104K)] 290476K->203015K(699392K), 0.0154182 secs] [Times: user=0.15 sys=0.00, real=0.02 secs] 
2016-09-24T01:05:40.283-0400: 92.869: [GC (GCLocker Initiated GC) [PSYoungGen: 143839K->55091K(175104K)] 291116K->226772K(699392K), 0.0288911 secs] [Times: user=0.25 sys=0.00, real=0.02 secs] 
2016-09-24T01:05:40.403-0400: 92.988: [GC (Allocation Failure) [PSYoungGen: 143155K->85858K(175104K)] 315079K->270068K(699392K), 0.0184845 secs] [Times: user=0.17 sys=0.00, real=0.01 secs] 
2016-09-24T01:05:40.542-0400: 93.128: [GC (GCLocker Initiated GC) [PSYoungGen: 169118K->61202K(175104K)] 359403K->294427K(699392K), 0.0148490 secs] [Times: user=0.13 sys=0.00, real=0.01 secs] 
2016-09-24T01:05:40.670-0400: 93.256: [GC (Allocation Failure) [PSYoungGen: 149266K->73640K(175104K)] 382696K->361904K(699392K), 0.0120443 secs] [Times: user=0.14 sys=0.01, real=0.02 secs] 
2016-09-24T01:05:40.802-0400: 93.388: [GC (GCLocker Initiated GC) [PSYoungGen: 159214K->61494K(175104K)] 453553K->386500K(699392K), 0.0310771 secs] [Times: user=0.38 sys=0.01, real=0.02 secs] 
2016-09-24T01:05:40.958-0400: 93.544: [GC (GCLocker Initiated GC) [PSYoungGen: 149558K->49084K(175104K)] 474745K->405062K(699392K), 0.0190763 secs] [Times: user=0.18 sys=0.00, real=0.02 secs] 
2016-09-24T01:05:41.090-0400: 93.676: [GC (GCLocker Initiated GC) [PSYoungGen: 137148K->55287K(175104K)] 493247K->472248K(699392K), 0.0222069 secs] [Times: user=0.22 sys=0.01, real=0.02 secs] 
2016-09-24T01:05:41.239-0400: 93.824: [GC (GCLocker Initiated GC) [PSYoungGen: 143351K->73772K(175104K)] 566547K->515484K(699392K), 0.0153987 secs] [Times: user=0.20 sys=0.00, real=0.01 secs] 
2016-09-24T01:05:41.371-0400: 93.957: [GC (GCLocker Initiated GC) [PSYoungGen: 161836K->55287K(175104K)] 603774K->497509K(699392K), 0.0107871 secs] [Times: user=0.11 sys=0.00, real=0.01 secs] 
2016-09-24T01:05:41.510-0400: 94.096: [Full GC (Ergonomics) [PSYoungGen: 143351K->0K(175104K)] [ParOldGen: 448456K->47395K(524288K)] 591807K->47395K(699392K), [Metaspace: 44374K->44374K(1087488K)], 0.0672581 secs] [Times: user=0.31 sys=0.00, real=0.07 secs] 
2016-09-24T01:05:41.695-0400: 94.280: [GC (GCLocker Initiated GC) [PSYoungGen: 88064K->85954K(175104K)] 135465K->157655K(699392K), 0.0151142 secs] [Times: user=0.20 sys=0.01, real=0.01 secs] 
2016-09-24T01:05:41.837-0400: 94.423: [GC (GCLocker Initiated GC) [PSYoungGen: 174018K->73868K(175104K)] 246007K->201020K(699392K), 0.0329148 secs] [Times: user=0.42 sys=0.00, real=0.03 secs] 
2016-09-24T01:05:41.979-0400: 94.564: [GC (GCLocker Initiated GC) [PSYoungGen: 161932K->67565K(175104K)] 295347K->207322K(699392K), 0.0098432 secs] [Times: user=0.08 sys=0.01, real=0.01 secs] 
2016-09-24T01:05:42.103-0400: 94.688: [GC (GCLocker Initiated GC) [PSYoungGen: 155629K->73740K(175104K)] 301531K->256235K(699392K), 0.0103606 secs] [Times: user=0.11 sys=0.00, real=0.00 secs] 
2016-09-24T01:05:42.239-0400: 94.825: [GC (GCLocker Initiated GC) [PSYoungGen: 161804K->61458K(175104K)] 344403K->305114K(699392K), 0.0130918 secs] [Times: user=0.18 sys=0.00, real=0.01 secs] 
2016-09-24T01:05:42.366-0400: 94.952: [GC (GCLocker Initiated GC) [PSYoungGen: 149522K->55091K(175104K)] 393810K->299638K(699392K), 0.0090709 secs] [Times: user=0.08 sys=0.00, real=0.01 secs] 
2016-09-24T01:05:42.500-0400: 95.086: [GC (GCLocker Initiated GC) [PSYoungGen: 143155K->49148K(175104K)] 393785K->318114K(699392K), 0.0152278 secs] [Times: user=0.14 sys=0.00, real=0.02 secs] 
2016-09-24T01:05:42.641-0400: 95.226: [GC (GCLocker Initiated GC) [PSYoungGen: 137212K->73708K(175104K)] 412457K->373537K(699392K), 0.0131905 secs] [Times: user=0.11 sys=0.00, real=0.01 secs] 
2016-09-24T01:05:42.783-0400: 95.369: [GC (Allocation Failure) [PSYoungGen: 161772K->67341K(175104K)] 461643K->385884K(699392K), 0.0242845 secs] [Times: user=0.23 sys=0.01, real=0.02 secs] 
2016-09-24T01:05:42.910-0400: 95.496: [GC (GCLocker Initiated GC) [PSYoungGen: 155405K->61490K(175104K)] 473954K->447163K(699392K), 0.0112732 secs] [Times: user=0.13 sys=0.00, real=0.01 secs] 
2016-09-24T01:05:43.051-0400: 95.637: [GC (GCLocker Initiated GC) [PSYoungGen: 149554K->61526K(175104K)] 541647K->471971K(699392K), 0.0147310 secs] [Times: user=0.14 sys=0.00, real=0.02 secs] 
2016-09-24T01:05:43.211-0400: 95.797: [GC (GCLocker Initiated GC) [PSYoungGen: 149590K->43496K(175104K)] 566309K->478700K(699392K), 0.0248484 secs] [Times: user=0.22 sys=0.01, real=0.03 secs] 
2016-09-24T01:05:43.365-0400: 95.951: [Full GC (Ergonomics) [PSYoungGen: 131560K->0K(175104K)] [ParOldGen: 453571K->59225K(524288K)] 585132K->59225K(699392K), [Metaspace: 44377K->44377K(1087488K)], 0.0624633 secs] [Times: user=0.33 sys=0.01, real=0.06 secs] 
2016-09-24T01:05:43.562-0400: 96.147: [GC (GCLocker Initiated GC) [PSYoungGen: 88064K->56034K(175104K)] 159795K->127766K(699392K), 0.0082596 secs] [Times: user=0.08 sys=0.00, real=0.01 secs] 
2016-09-24T01:05:43.698-0400: 96.284: [GC (GCLocker Initiated GC) [PSYoungGen: 144098K->61330K(174080K)] 234147K->164200K(698368K), 0.0204840 secs] [Times: user=0.22 sys=0.01, real=0.02 secs] 
2016-09-24T01:05:43.843-0400: 96.429: [GC (GCLocker Initiated GC) [PSYoungGen: 149394K->80011K(174592K)] 252311K->213455K(698880K), 0.0315427 secs] [Times: user=0.34 sys=0.00, real=0.03 secs] 
2016-09-24T01:05:44.014-0400: 96.599: [GC (GCLocker Initiated GC) [PSYoungGen: 168075K->49080K(175104K)] 313940K->262234K(699392K), 0.0184046 secs] [Times: user=0.19 sys=0.00, real=0.02 secs] 
2016-09-24T01:05:44.157-0400: 96.742: [GC (GCLocker Initiated GC) [PSYoungGen: 137144K->73936K(175104K)] 350302K->311553K(699392K), 0.0261012 secs] [Times: user=0.35 sys=0.00, real=0.03 secs] 
2016-09-24T01:05:44.294-0400: 96.880: [GC (Allocation Failure) [PSYoungGen: 162000K->55255K(175104K)] 406003K->329884K(699392K), 0.0173589 secs] [Times: user=0.15 sys=0.00, real=0.01 secs] 
2016-09-24T01:05:44.425-0400: 97.010: [GC (GCLocker Initiated GC) [PSYoungGen: 137478K->73868K(175104K)] 418183K->378992K(699392K), 0.0088482 secs] [Times: user=0.10 sys=0.00, real=0.00 secs] 
2016-09-24T01:05:44.556-0400: 97.141: [GC (Allocation Failure) [PSYoungGen: 161932K->85790K(175104K)] 467187K->397576K(699392K), 0.0285383 secs] [Times: user=0.34 sys=0.01, real=0.03 secs] 
2016-09-24T01:05:44.695-0400: 97.281: [GC (GCLocker Initiated GC) [PSYoungGen: 170923K->55483K(175104K)] 488784K->434386K(699392K), 0.0102357 secs] [Times: user=0.14 sys=0.00, real=0.01 secs] 
2016-09-24T01:05:44.843-0400: 97.429: [GC (GCLocker Initiated GC) [PSYoungGen: 143547K->73480K(175104K)] 534946K->483387K(699392K), 0.0096266 secs] [Times: user=0.10 sys=0.00, real=0.00 secs] 
2016-09-24T01:05:44.965-0400: 97.551: [GC (Allocation Failure) [PSYoungGen: 161544K->55255K(175104K)] 577596K->471410K(699392K), 0.0179479 secs] [Times: user=0.18 sys=0.00, real=0.02 secs] 
2016-09-24T01:05:45.067-0400: 97.652: [GC (GCLocker Initiated GC) [PSYoungGen: 143319K->61494K(175104K)] 559480K->502230K(699392K), 0.0208624 secs] [Times: user=0.21 sys=0.01, real=0.02 secs] 
2016-09-24T01:05:45.207-0400: 97.792: [Full GC (Ergonomics) [PSYoungGen: 149558K->0K(175104K)] [ParOldGen: 453112K->52004K(524288K)] 602670K->52004K(699392K), [Metaspace: 44377K->44377K(1087488K)], 0.1959875 secs] [Times: user=2.49 sys=0.02, real=0.20 secs] 
2016-09-24T01:05:45.526-0400: 98.111: [GC (GCLocker Initiated GC) [PSYoungGen: 88064K->86438K(175104K)] 146487K->169161K(699392K), 0.0100527 secs] [Times: user=0.14 sys=0.01, real=0.01 secs] 
2016-09-24T01:05:45.668-0400: 98.254: [GC (GCLocker Initiated GC) [PSYoungGen: 174502K->31019K(175104K)] 269424K->181499K(699392K), 0.0192984 secs] [Times: user=0.22 sys=0.01, real=0.02 secs] 
2016-09-24T01:05:45.802-0400: 98.387: [GC (GCLocker Initiated GC) [PSYoungGen: 119083K->67533K(175104K)] 269565K->254616K(699392K), 0.0110270 secs] [Times: user=0.11 sys=0.01, real=0.01 secs] 
2016-09-24T01:05:45.893-0400: 98.478: [GC (GCLocker Initiated GC) [PSYoungGen: 155597K->85626K(175104K)] 342824K->339986K(699392K), 0.0151712 secs] [Times: user=0.18 sys=0.00, real=0.02 secs] 
2016-09-24T01:05:46.030-0400: 98.616: [GC (GCLocker Initiated GC) [PSYoungGen: 173690K->67829K(175104K)] 434486K->401660K(699392K), 0.0128595 secs] [Times: user=0.16 sys=0.01, real=0.02 secs] 
2016-09-24T01:05:46.146-0400: 98.732: [GC (GCLocker Initiated GC) [PSYoungGen: 155893K->73476K(175104K)] 489912K->456738K(699392K), 0.0105016 secs] [Times: user=0.15 sys=0.00, real=0.01 secs] 
2016-09-24T01:05:46.240-0400: 98.825: [GC (GCLocker Initiated GC) [PSYoungGen: 161540K->85922K(175104K)] 544989K->512032K(699392K), 0.0130486 secs] [Times: user=0.14 sys=0.00, real=0.01 secs] 
2016-09-24T01:05:46.373-0400: 98.959: [GC (Allocation Failure) [PSYoungGen: 173986K->61462K(175104K)] 600429K->518727K(699392K), 0.0108754 secs] [Times: user=0.10 sys=0.00, real=0.02 secs] 
2016-09-24T01:05:46.384-0400: 98.970: [Full GC (Ergonomics) [PSYoungGen: 61462K->0K(175104K)] [ParOldGen: 457265K->46193K(524288K)] 518727K->46193K(699392K), [Metaspace: 44378K->44378K(1087488K)], 0.0611807 secs] [Times: user=0.34 sys=0.01, real=0.06 secs] 
2016-09-24T01:05:46.565-0400: 99.150: [GC (GCLocker Initiated GC) [PSYoungGen: 82532K->85954K(175104K)] 134801K->144297K(699392K), 0.0104536 secs] [Times: user=0.10 sys=0.01, real=0.01 secs] 
2016-09-24T01:05:46.698-0400: 99.284: [GC (GCLocker Initiated GC) [PSYoungGen: 174018K->12793K(175104K)] 232689K->126423K(699392K), 0.0205028 secs] [Times: user=0.21 sys=0.00, real=0.02 secs] 
2016-09-24T01:05:46.810-0400: 99.395: [GC (GCLocker Initiated GC) [PSYoungGen: 100857K->85790K(175104K)] 215257K->224805K(699392K), 0.0125600 secs] [Times: user=0.15 sys=0.01, real=0.02 secs] 
2016-09-24T01:05:46.926-0400: 99.511: [GC (GCLocker Initiated GC) [PSYoungGen: 173854K->85890K(175104K)] 313001K->261942K(699392K), 0.0130356 secs] [Times: user=0.14 sys=0.01, real=0.01 secs] 
2016-09-24T01:05:47.046-0400: 99.632: [GC (GCLocker Initiated GC) [PSYoungGen: 173954K->85822K(175104K)] 350071K->286539K(699392K), 0.0111216 secs] [Times: user=0.10 sys=0.00, real=0.01 secs] 
2016-09-24T01:05:47.137-0400: 99.723: [GC (GCLocker Initiated GC) [PSYoungGen: 173886K->86150K(175104K)] 374735K->390433K(699392K), 0.0155869 secs] [Times: user=0.20 sys=0.00, real=0.01 secs] 
2016-09-24T01:05:47.275-0400: 99.860: [GC (GCLocker Initiated GC) [PSYoungGen: 174214K->86182K(175104K)] 478870K->451911K(699392K), 0.0172914 secs] [Times: user=0.24 sys=0.01, real=0.01 secs] 
2016-09-24T01:05:47.438-0400: 100.023: [GC (GCLocker Initiated GC) [PSYoungGen: 174246K->37322K(175104K)] 558299K->440047K(699392K), 0.0137695 secs] [Times: user=0.18 sys=0.00, real=0.01 secs] 
2016-09-24T01:05:47.602-0400: 100.188: [GC (GCLocker Initiated GC) [PSYoungGen: 125386K->37290K(175104K)] 540358K->452530K(699392K), 0.0116732 secs] [Times: user=0.12 sys=0.00, real=0.01 secs] 
2016-09-24T01:05:47.743-0400: 100.328: [GC (GCLocker Initiated GC) [PSYoungGen: 125354K->61234K(175104K)] 540960K->495161K(699392K), 0.0240232 secs] [Times: user=0.20 sys=0.00, real=0.02 secs] 
2016-09-24T01:05:47.767-0400: 100.352: [Full GC (Ergonomics) [PSYoungGen: 61234K->0K(175104K)] [ParOldGen: 433927K->52324K(524288K)] 495161K->52324K(699392K), [Metaspace: 44379K->44379K(1087488K)], 0.0687301 secs] [Times: user=0.37 sys=0.01, real=0.07 secs] 
2016-09-24T01:05:47.948-0400: 100.534: [GC (GCLocker Initiated GC) [PSYoungGen: 88064K->80399K(175104K)] 146736K->139071K(699392K), 0.0111169 secs] [Times: user=0.11 sys=0.00, real=0.01 secs] 
2016-09-24T01:05:48.083-0400: 100.669: [GC (GCLocker Initiated GC) [PSYoungGen: 168463K->55643K(175104K)] 233493K->176239K(699392K), 0.0130715 secs] [Times: user=0.16 sys=0.00, real=0.01 secs] 
2016-09-24T01:05:48.200-0400: 100.785: [GC (GCLocker Initiated GC) [PSYoungGen: 143707K->61422K(175104K)] 264374K->225258K(699392K), 0.0089538 secs] [Times: user=0.11 sys=0.01, real=0.01 secs] 
2016-09-24T01:05:48.297-0400: 100.883: [GC (GCLocker Initiated GC) [PSYoungGen: 149486K->79979K(175104K)] 313431K->292667K(699392K), 0.0142707 secs] [Times: user=0.15 sys=0.00, real=0.01 secs] 
2016-09-24T01:05:48.425-0400: 101.011: [GC (GCLocker Initiated GC) [PSYoungGen: 168043K->73576K(175104K)] 387072K->329706K(699392K), 0.0143614 secs] [Times: user=0.17 sys=0.00, real=0.01 secs] 
2016-09-24T01:05:48.552-0400: 101.138: [GC (GCLocker Initiated GC) [PSYoungGen: 161640K->85854K(175104K)] 423933K->378658K(699392K), 0.0104323 secs] [Times: user=0.15 sys=0.00, real=0.02 secs] 
2016-09-24T01:05:48.675-0400: 101.261: [GC (GCLocker Initiated GC) [PSYoungGen: 173918K->79847K(175104K)] 472923K->433662K(699392K), 0.0182994 secs] [Times: user=0.23 sys=0.00, real=0.01 secs] 
2016-09-24T01:05:48.803-0400: 101.389: [GC (Allocation Failure) [PSYoungGen: 167911K->73348K(175104K)] 521869K->458301K(699392K), 0.0164561 secs] [Times: user=0.20 sys=0.00, real=0.01 secs] 
2016-09-24T01:05:48.935-0400: 101.521: [GC (GCLocker Initiated GC) [PSYoungGen: 161412K->55579K(175104K)] 546370K->513581K(699392K), 0.0138371 secs] [Times: user=0.13 sys=0.00, real=0.01 secs] 
2016-09-24T01:05:48.949-0400: 101.535: [Full GC (Ergonomics) [PSYoungGen: 55579K->0K(175104K)] [ParOldGen: 458002K->52537K(524288K)] 513581K->52537K(699392K), [Metaspace: 44379K->44379K(1087488K)], 0.0671739 secs] [Times: user=0.56 sys=0.01, real=0.07 secs] 
2016-09-24T01:05:49.131-0400: 101.717: [GC (GCLocker Initiated GC) [PSYoungGen: 88064K->86110K(175104K)] 146953K->163224K(699392K), 0.0104058 secs] [Times: user=0.15 sys=0.00, real=0.01 secs] 
2016-09-24T01:05:49.231-0400: 101.817: [GC (GCLocker Initiated GC) [PSYoungGen: 174174K->61358K(175104K)] 257406K->211987K(699392K), 0.0098716 secs] [Times: user=0.15 sys=0.00, real=0.01 secs] 
2016-09-24T01:05:49.355-0400: 101.941: [GC (GCLocker Initiated GC) [PSYoungGen: 149422K->86477K(175104K)] 306167K->261616K(699392K), 0.0125234 secs] [Times: user=0.18 sys=0.01, real=0.01 secs] 
2016-09-24T01:05:49.471-0400: 102.057: [GC (GCLocker Initiated GC) [PSYoungGen: 174541K->73640K(175104K)] 356021K->322588K(699392K), 0.0119761 secs] [Times: user=0.15 sys=0.00, real=0.02 secs] 
2016-09-24T01:05:49.602-0400: 102.188: [GC (GCLocker Initiated GC) [PSYoungGen: 161704K->55743K(175104K)] 422938K->317096K(699392K), 0.0082080 secs] [Times: user=0.07 sys=0.00, real=0.00 secs] 
2016-09-24T01:05:49.721-0400: 102.307: [GC (GCLocker Initiated GC) [PSYoungGen: 143807K->67533K(175104K)] 405521K->348092K(699392K), 0.0106395 secs] [Times: user=0.11 sys=0.00, real=0.01 secs] 
2016-09-24T01:05:49.849-0400: 102.435: [GC (GCLocker Initiated GC) [PSYoungGen: 155597K->43169K(175104K)] 436242K->402957K(699392K), 0.0185596 secs] [Times: user=0.20 sys=0.00, real=0.02 secs] 
2016-09-24T01:05:49.969-0400: 102.554: [GC (GCLocker Initiated GC) [PSYoungGen: 131233K->73644K(175104K)] 491097K->452001K(699392K), 0.0165023 secs] [Times: user=0.17 sys=0.00, real=0.02 secs] 
2016-09-24T01:05:50.111-0400: 102.696: [GC (GCLocker Initiated GC) [PSYoungGen: 161708K->67569K(175104K)] 540145K->464515K(699392K), 0.0220572 secs] [Times: user=0.20 sys=0.01, real=0.02 secs] 
2016-09-24T01:05:50.263-0400: 102.849: [GC (GCLocker Initiated GC) [PSYoungGen: 155633K->61330K(175104K)] 552706K->495276K(699392K), 0.0202256 secs] [Times: user=0.20 sys=0.01, real=0.02 secs] 
2016-09-24T01:05:50.284-0400: 102.869: [Full GC (Ergonomics) [PSYoungGen: 61330K->0K(175104K)] [ParOldGen: 433946K->52393K(524288K)] 495276K->52393K(699392K), [Metaspace: 44385K->44385K(1087488K)], 0.0546614 secs] [Times: user=0.29 sys=0.00, real=0.05 secs] 
2016-09-24T01:05:50.481-0400: 103.067: [GC (GCLocker Initiated GC) [PSYoungGen: 88064K->86734K(175104K)] 152783K->157528K(699392K), 0.0149035 secs] [Times: user=0.21 sys=0.00, real=0.02 secs] 
2016-09-24T01:05:50.641-0400: 103.227: [GC (GCLocker Initiated GC) [PSYoungGen: 174798K->55415K(175104K)] 251893K->187913K(699392K), 0.0147896 secs] [Times: user=0.19 sys=0.00, real=0.02 secs] 
2016-09-24T01:05:50.806-0400: 103.391: [GC (GCLocker Initiated GC) [PSYoungGen: 143479K->55287K(175104K)] 276091K->187994K(699392K), 0.0140296 secs] [Times: user=0.12 sys=0.01, real=0.01 secs] 
2016-09-24T01:05:50.930-0400: 103.515: [GC (GCLocker Initiated GC) [PSYoungGen: 143351K->85694K(175104K)] 276184K->243095K(699392K), 0.0184199 secs] [Times: user=0.17 sys=0.00, real=0.02 secs] 
2016-09-24T01:05:51.077-0400: 103.663: [GC (GCLocker Initiated GC) [PSYoungGen: 173758K->61654K(175104K)] 337606K->292462K(699392K), 0.0179348 secs] [Times: user=0.18 sys=0.00, real=0.02 secs] 
2016-09-24T01:05:51.221-0400: 103.806: [GC (GCLocker Initiated GC) [PSYoungGen: 149718K->55807K(175104K)] 380548K->323394K(699392K), 0.0087990 secs] [Times: user=0.10 sys=0.00, real=0.01 secs] 
2016-09-24T01:05:51.327-0400: 103.913: [GC (GCLocker Initiated GC) [PSYoungGen: 143871K->85662K(175104K)] 411563K->396499K(699392K), 0.0193765 secs] [Times: user=0.20 sys=0.01, real=0.02 secs] 
2016-09-24T01:05:51.453-0400: 104.039: [GC (GCLocker Initiated GC) [PSYoungGen: 173726K->61526K(175104K)] 490948K->427624K(699392K), 0.0153398 secs] [Times: user=0.14 sys=0.00, real=0.02 secs] 
2016-09-24T01:05:51.576-0400: 104.161: [GC (GCLocker Initiated GC) [PSYoungGen: 149590K->55351K(175104K)] 521923K->494964K(699392K), 0.0131462 secs] [Times: user=0.13 sys=0.00, real=0.01 secs] 
2016-09-24T01:05:51.589-0400: 104.175: [Full GC (Ergonomics) [PSYoungGen: 55351K->0K(175104K)] [ParOldGen: 439613K->52408K(524288K)] 494964K->52408K(699392K), [Metaspace: 44385K->44385K(1087488K)], 0.0640391 secs] [Times: user=0.34 sys=0.02, real=0.06 secs] 
2016-09-24T01:05:51.759-0400: 104.345: [GC (GCLocker Initiated GC) [PSYoungGen: 88064K->86374K(175104K)] 146651K->144961K(699392K), 0.0150563 secs] [Times: user=0.16 sys=0.00, real=0.02 secs] 
2016-09-24T01:05:51.906-0400: 104.492: [GC (GCLocker Initiated GC) [PSYoungGen: 174438K->67597K(175104K)] 239214K->218159K(699392K), 0.0121226 secs] [Times: user=0.17 sys=0.00, real=0.01 secs] 
2016-09-24T01:05:52.046-0400: 104.632: [GC (GCLocker Initiated GC) [PSYoungGen: 155661K->85890K(175104K)] 306455K->261104K(699392K), 0.0128343 secs] [Times: user=0.12 sys=0.00, real=0.01 secs] 
2016-09-24T01:05:52.200-0400: 104.786: [GC (GCLocker Initiated GC) [PSYoungGen: 173954K->61458K(175104K)] 355285K->279702K(699392K), 0.0104427 secs] [Times: user=0.11 sys=0.00, real=0.01 secs] 
2016-09-24T01:05:52.316-0400: 104.902: [GC (GCLocker Initiated GC) [PSYoungGen: 149522K->61522K(175104K)] 373901K->340696K(699392K), 0.0442082 secs] [Times: user=0.44 sys=0.00, real=0.04 secs] 
2016-09-24T01:05:52.493-0400: 105.079: [GC (GCLocker Initiated GC) [PSYoungGen: 149586K->61622K(175104K)] 429048K->396066K(699392K), 0.0136460 secs] [Times: user=0.14 sys=0.00, real=0.02 secs] 
2016-09-24T01:05:52.635-0400: 105.221: [GC (GCLocker Initiated GC) [PSYoungGen: 149686K->42781K(175104K)] 490293K->402004K(699392K), 0.0281325 secs] [Times: user=0.25 sys=0.01, real=0.03 secs] 
2016-09-24T01:05:52.789-0400: 105.374: [GC (Allocation Failure) [PSYoungGen: 130845K->55579K(175104K)] 490216K->463694K(699392K), 0.0211481 secs] [Times: user=0.27 sys=0.00, real=0.02 secs] 
2016-09-24T01:05:52.914-0400: 105.499: [GC (GCLocker Initiated GC) [PSYoungGen: 141231K->67729K(175104K)] 555422K->500444K(699392K), 0.0086765 secs] [Times: user=0.08 sys=0.00, real=0.02 secs] 
2016-09-24T01:05:52.922-0400: 105.508: [Full GC (Ergonomics) [PSYoungGen: 67729K->0K(175104K)] [ParOldGen: 432714K->58531K(524288K)] 500444K->58531K(699392K), [Metaspace: 44388K->44388K(1087488K)], 0.0620371 secs] [Times: user=0.41 sys=0.00, real=0.06 secs] 
2016-09-24T01:05:53.115-0400: 105.700: [GC (GCLocker Initiated GC) [PSYoungGen: 88064K->74256K(175104K)] 153031K->139223K(699392K), 0.0109683 secs] [Times: user=0.12 sys=0.00, real=0.01 secs] 
2016-09-24T01:05:53.260-0400: 105.846: [GC (GCLocker Initiated GC) [PSYoungGen: 162320K->36998K(175104K)] 246238K->139993K(699392K), 0.0121017 secs] [Times: user=0.10 sys=0.00, real=0.01 secs] 
2016-09-24T01:05:53.404-0400: 105.989: [GC (GCLocker Initiated GC) [PSYoungGen: 125062K->55255K(175104K)] 240412K->170692K(699392K), 0.0107727 secs] [Times: user=0.12 sys=0.00, real=0.01 secs] 
2016-09-24T01:05:53.525-0400: 106.110: [GC (GCLocker Initiated GC) [PSYoungGen: 143319K->73476K(175104K)] 259095K->189396K(699392K), 0.0080644 secs] [Times: user=0.09 sys=0.01, real=0.00 secs] 
2016-09-24T01:05:53.654-0400: 106.240: [GC (Allocation Failure) [PSYoungGen: 161540K->86086K(175104K)] 277597K->238720K(699392K), 0.0119522 secs] [Times: user=0.14 sys=0.01, real=0.02 secs] 
2016-09-24T01:05:53.802-0400: 106.388: [GC (GCLocker Initiated GC) [PSYoungGen: 171336K->55351K(175104K)] 330045K->262952K(699392K), 0.0254232 secs] [Times: user=0.33 sys=0.00, real=0.02 secs] 
2016-09-24T01:05:53.948-0400: 106.534: [GC (GCLocker Initiated GC) [PSYoungGen: 143415K->85922K(175104K)] 351377K->300290K(699392K), 0.0116096 secs] [Times: user=0.16 sys=0.00, real=0.01 secs] 
2016-09-24T01:05:54.105-0400: 106.691: [GC (GCLocker Initiated GC) [PSYoungGen: 173986K->19292K(175104K)] 406784K->307066K(699392K), 0.0073875 secs] [Times: user=0.09 sys=0.00, real=0.00 secs] 
2016-09-24T01:05:54.258-0400: 106.844: [GC (GCLocker Initiated GC) [PSYoungGen: 107356K->73640K(175104K)] 401498K->367917K(699392K), 0.0096768 secs] [Times: user=0.13 sys=0.00, real=0.01 secs] 
2016-09-24T01:05:54.390-0400: 106.976: [GC (GCLocker Initiated GC) [PSYoungGen: 161704K->55743K(175104K)] 456157K->368720K(699392K), 0.0089122 secs] [Times: user=0.11 sys=0.01, real=0.01 secs] 
2016-09-24T01:05:54.509-0400: 107.095: [GC (GCLocker Initiated GC) [PSYoungGen: 143807K->55319K(175104K)] 463203K->393256K(699392K), 0.0108570 secs] [Times: user=0.15 sys=0.01, real=0.01 secs] 
2016-09-24T01:05:54.648-0400: 107.234: [GC (GCLocker Initiated GC) [PSYoungGen: 143383K->79587K(175104K)] 481351K->417831K(699392K), 0.0210384 secs] [Times: user=0.22 sys=0.01, real=0.02 secs] 
2016-09-24T01:05:54.793-0400: 107.378: [GC (GCLocker Initiated GC) [PSYoungGen: 167651K->67533K(175104K)] 512169K->473132K(699392K), 0.0105964 secs] [Times: user=0.14 sys=0.00, real=0.02 secs] 
2016-09-24T01:05:54.909-0400: 107.495: [GC (GCLocker Initiated GC) [PSYoungGen: 155597K->73672K(175104K)] 561350K->534392K(699392K), 0.0137588 secs] [Times: user=0.15 sys=0.00, real=0.02 secs] 
2016-09-24T01:05:54.923-0400: 107.509: [Full GC (Ergonomics) [PSYoungGen: 73672K->0K(175104K)] [ParOldGen: 460720K->58947K(524288K)] 534392K->58947K(699392K), [Metaspace: 44395K->44395K(1087488K)], 0.0615618 secs] [Times: user=0.36 sys=0.01, real=0.06 secs] 
2016-09-24T01:05:55.106-0400: 107.692: [GC (Allocation Failure) [PSYoungGen: 88064K->86210K(175104K)] 153296K->151442K(699392K), 0.0079309 secs] [Times: user=0.10 sys=0.01, real=0.00 secs] 
2016-09-24T01:05:55.234-0400: 107.819: [GC (GCLocker Initiated GC) [PSYoungGen: 174274K->61294K(175104K)] 239512K->169761K(699392K), 0.0140748 secs] [Times: user=0.20 sys=0.00, real=0.02 secs] 
2016-09-24T01:05:55.363-0400: 107.949: [GC (GCLocker Initiated GC) [PSYoungGen: 149358K->86018K(175104K)] 258113K->200951K(699392K), 0.0085622 secs] [Times: user=0.12 sys=0.00, real=0.00 secs] 
2016-09-24T01:05:55.505-0400: 108.091: [GC (GCLocker Initiated GC) [PSYoungGen: 174082K->55383K(175104K)] 289270K->225545K(699392K), 0.0127344 secs] [Times: user=0.16 sys=0.01, real=0.01 secs] 
2016-09-24T01:05:55.651-0400: 108.237: [GC (GCLocker Initiated GC) [PSYoungGen: 143447K->55515K(175104K)] 319950K->250355K(699392K), 0.0135413 secs] [Times: user=0.14 sys=0.00, real=0.02 secs] 
2016-09-24T01:05:55.792-0400: 108.378: [GC (GCLocker Initiated GC) [PSYoungGen: 143579K->61394K(175104K)] 344726K->281041K(699392K), 0.0234304 secs] [Times: user=0.26 sys=0.00, real=0.03 secs] 
2016-09-24T01:05:55.932-0400: 108.517: [GC (GCLocker Initiated GC) [PSYoungGen: 149458K->67793K(175104K)] 369472K->306175K(699392K), 0.0195158 secs] [Times: user=0.23 sys=0.00, real=0.02 secs] 
2016-09-24T01:05:56.058-0400: 108.643: [GC (GCLocker Initiated GC) [PSYoungGen: 155857K->73704K(175104K)] 400535K->336874K(699392K), 0.0117299 secs] [Times: user=0.16 sys=0.00, real=0.01 secs] 
2016-09-24T01:05:56.205-0400: 108.791: [GC (GCLocker Initiated GC) [PSYoungGen: 161768K->73480K(175104K)] 425003K->361119K(699392K), 0.0205443 secs] [Times: user=0.22 sys=0.00, real=0.02 secs] 
2016-09-24T01:05:56.360-0400: 108.946: [GC (Allocation Failure) [PSYoungGen: 161544K->73740K(175104K)] 449370K->380098K(699392K), 0.0128101 secs] [Times: user=0.14 sys=0.01, real=0.01 secs] 
2016-09-24T01:05:56.497-0400: 109.083: [GC (GCLocker Initiated GC) [PSYoungGen: 161804K->85822K(175104K)] 468164K->429112K(699392K), 0.0134612 secs] [Times: user=0.16 sys=0.01, real=0.01 secs] 
2016-09-24T01:05:56.658-0400: 109.243: [GC (GCLocker Initiated GC) [PSYoungGen: 173886K->19000K(175104K)] 529357K->411033K(699392K), 0.0085576 secs] [Times: user=0.07 sys=0.00, real=0.01 secs] 
2016-09-24T01:05:56.777-0400: 109.363: [GC (GCLocker Initiated GC) [PSYoungGen: 107064K->85726K(175104K)] 505226K->490254K(699392K), 0.0123813 secs] [Times: user=0.12 sys=0.00, real=0.01 secs] 
2016-09-24T01:05:56.892-0400: 109.477: [GC (GCLocker Initiated GC) [PSYoungGen: 173790K->85790K(175104K)] 578449K->563649K(699392K), 0.0188647 secs] [Times: user=0.23 sys=0.01, real=0.02 secs] 
2016-09-24T01:05:56.911-0400: 109.496: [Full GC (Ergonomics) [PSYoungGen: 85790K->0K(175104K)] [ParOldGen: 477859K->52868K(524288K)] 563649K->52868K(699392K), [Metaspace: 44397K->44397K(1087488K)], 0.0581917 secs] [Times: user=0.36 sys=0.02, real=0.06 secs] 
2016-09-24T01:05:57.093-0400: 109.679: [GC (Allocation Failure) [PSYoungGen: 88064K->86050K(175104K)] 147306K->145293K(699392K), 0.0098929 secs] [Times: user=0.09 sys=0.00, real=0.02 secs] 
2016-09-24T01:05:57.219-0400: 109.805: [GC (GCLocker Initiated GC) [PSYoungGen: 170240K->61718K(175104K)] 235558K->188341K(699392K), 0.0139408 secs] [Times: user=0.19 sys=0.00, real=0.01 secs] 
2016-09-24T01:05:57.371-0400: 109.957: [GC (GCLocker Initiated GC) [PSYoungGen: 149782K->73576K(175104K)] 276773K->219083K(699392K), 0.0155016 secs] [Times: user=0.19 sys=0.00, real=0.02 secs] 
2016-09-24T01:05:57.507-0400: 110.092: [GC (GCLocker Initiated GC) [PSYoungGen: 161640K->43237K(175104K)] 313370K->231513K(699392K), 0.0110112 secs] [Times: user=0.10 sys=0.00, real=0.01 secs] 
2016-09-24T01:05:57.651-0400: 110.237: [GC (Allocation Failure) [PSYoungGen: 131301K->79715K(175104K)] 331774K->298672K(699392K), 0.0297702 secs] [Times: user=0.34 sys=0.00, real=0.03 secs] 
2016-09-24T01:05:57.802-0400: 110.387: [GC (GCLocker Initiated GC) [PSYoungGen: 166549K->73608K(175104K)] 391582K->335234K(699392K), 0.0160763 secs] [Times: user=0.18 sys=0.00, real=0.02 secs] 
2016-09-24T01:05:57.944-0400: 110.529: [GC (GCLocker Initiated GC) [PSYoungGen: 161672K->49148K(175104K)] 423311K->329304K(699392K), 0.0170905 secs] [Times: user=0.17 sys=0.00, real=0.01 secs] 
2016-09-24T01:05:58.077-0400: 110.662: [GC (GCLocker Initiated GC) [PSYoungGen: 137212K->79651K(175104K)] 417567K->414973K(699392K), 0.0434241 secs] [Times: user=0.48 sys=0.01, real=0.04 secs] 
2016-09-24T01:05:58.232-0400: 110.818: [GC (GCLocker Initiated GC) [PSYoungGen: 167715K->61526K(175104K)] 503286K->433658K(699392K), 0.0168548 secs] [Times: user=0.12 sys=0.01, real=0.02 secs] 
2016-09-24T01:05:58.354-0400: 110.939: [GC (GCLocker Initiated GC) [PSYoungGen: 149590K->73672K(175104K)] 522011K->464650K(699392K), 0.0100000 secs] [Times: user=0.14 sys=0.00, real=0.02 secs] 
2016-09-24T01:05:58.479-0400: 111.065: [GC (GCLocker Initiated GC) [PSYoungGen: 161736K->86018K(175104K)] 558790K->507680K(699392K), 0.0109181 secs] [Times: user=0.14 sys=0.00, real=0.01 secs] 
2016-09-24T01:05:58.637-0400: 111.223: [GC (Allocation Failure) [PSYoungGen: 174082K->79683K(175104K)] 595757K->538295K(699392K), 0.0149285 secs] [Times: user=0.19 sys=0.00, real=0.01 secs] 
2016-09-24T01:05:58.652-0400: 111.238: [Full GC (Ergonomics) [PSYoungGen: 79683K->0K(175104K)] [ParOldGen: 458612K->47124K(524288K)] 538295K->47124K(699392K), [Metaspace: 44403K->44403K(1087488K)], 0.0605450 secs] [Times: user=0.39 sys=0.01, real=0.06 secs] 
2016-09-24T01:05:58.849-0400: 111.434: [GC (GCLocker Initiated GC) [PSYoungGen: 86012K->85918K(175104K)] 139212K->145192K(699392K), 0.0198959 secs] [Times: user=0.21 sys=0.00, real=0.02 secs] 
2016-09-24T01:05:58.987-0400: 111.573: [GC (GCLocker Initiated GC) [PSYoungGen: 173982K->49016K(175104K)] 233595K->145602K(699392K), 0.0116121 secs] [Times: user=0.08 sys=0.00, real=0.01 secs] 
2016-09-24T01:05:59.102-0400: 111.688: [GC (GCLocker Initiated GC) [PSYoungGen: 137080K->73644K(175104K)] 239874K->206916K(699392K), 0.0327610 secs] [Times: user=0.30 sys=0.01, real=0.03 secs] 
2016-09-24T01:05:59.252-0400: 111.838: [GC (GCLocker Initiated GC) [PSYoungGen: 161708K->37453K(175104K)] 301103K->268298K(699392K), 0.0230825 secs] [Times: user=0.28 sys=0.01, real=0.03 secs] 
2016-09-24T01:05:59.407-0400: 111.993: [GC (GCLocker Initiated GC) [PSYoungGen: 125517K->36998K(175104K)] 374819K->323017K(699392K), 0.0099034 secs] [Times: user=0.09 sys=0.00, real=0.01 secs] 
2016-09-24T01:05:59.551-0400: 112.136: [GC (GCLocker Initiated GC) [PSYoungGen: 125062K->67661K(175104K)] 417282K->378217K(699392K), 0.0108515 secs] [Times: user=0.12 sys=0.01, real=0.01 secs] 
2016-09-24T01:05:59.689-0400: 112.275: [GC (GCLocker Initiated GC) [PSYoungGen: 155725K->73936K(175104K)] 472538K->427335K(699392K), 0.0184022 secs] [Times: user=0.26 sys=0.00, real=0.02 secs] 
2016-09-24T01:05:59.841-0400: 112.427: [GC (GCLocker Initiated GC) [PSYoungGen: 162000K->73512K(175104K)] 515681K->445694K(699392K), 0.0109100 secs] [Times: user=0.12 sys=0.00, real=0.01 secs] 
2016-09-24T01:05:59.998-0400: 112.584: [GC (GCLocker Initiated GC) [PSYoungGen: 161576K->37162K(175104K)] 539937K->433859K(699392K), 0.0257649 secs] [Times: user=0.29 sys=0.00, real=0.03 secs] 
2016-09-24T01:06:00.135-0400: 112.720: [GC (GCLocker Initiated GC) [PSYoungGen: 125226K->36962K(175104K)] 534245K->464497K(699392K), 0.0281818 secs] [Times: user=0.39 sys=0.00, real=0.03 secs] 
2016-09-24T01:06:00.261-0400: 112.847: [GC (GCLocker Initiated GC) [PSYoungGen: 125026K->86541K(175104K)] 552748K->520491K(699392K), 0.0100625 secs] [Times: user=0.11 sys=0.01, real=0.01 secs] 
2016-09-24T01:06:00.390-0400: 112.975: [GC (GCLocker Initiated GC) [PSYoungGen: 174605K->67405K(175104K)] 608635K->514172K(699392K), 0.0369426 secs] [Times: user=0.42 sys=0.00, real=0.04 secs] 
2016-09-24T01:06:00.551-0400: 113.137: [GC (GCLocker Initiated GC) [PSYoungGen: 155469K->55447K(175104K)] 608566K->551213K(699392K), 0.0218618 secs] [Times: user=0.28 sys=0.00, real=0.02 secs] 
2016-09-24T01:06:00.573-0400: 113.159: [Full GC (Ergonomics) [PSYoungGen: 55447K->0K(175104K)] [ParOldGen: 495766K->52852K(524288K)] 551213K->52852K(699392K), [Metaspace: 44404K->44404K(1087488K)], 0.0596340 secs] [Times: user=0.32 sys=0.01, real=0.06 secs] 
2016-09-24T01:06:00.751-0400: 113.336: [GC (GCLocker Initiated GC) [PSYoungGen: 88064K->86210K(175104K)] 140934K->163381K(699392K), 0.0136782 secs] [Times: user=0.17 sys=0.00, real=0.02 secs] 
2016-09-24T01:06:00.873-0400: 113.458: [GC (GCLocker Initiated GC) [PSYoungGen: 174274K->61394K(175104K)] 251671K->163787K(699392K), 0.0095623 secs] [Times: user=0.11 sys=0.00, real=0.02 secs] 
2016-09-24T01:06:01.016-0400: 113.601: [GC (GCLocker Initiated GC) [PSYoungGen: 149458K->55579K(175104K)] 264092K->170325K(699392K), 0.0075915 secs] [Times: user=0.08 sys=0.01, real=0.01 secs] 
2016-09-24T01:06:01.145-0400: 113.731: [GC (GCLocker Initiated GC) [PSYoungGen: 143643K->67405K(175104K)] 258498K->200956K(699392K), 0.0114658 secs] [Times: user=0.10 sys=0.00, real=0.01 secs] 
2016-09-24T01:06:01.290-0400: 113.876: [GC (GCLocker Initiated GC) [PSYoungGen: 155469K->73704K(175104K)] 295109K->231868K(699392K), 0.0106114 secs] [Times: user=0.12 sys=0.00, real=0.01 secs] 
2016-09-24T01:06:01.417-0400: 114.002: [GC (GCLocker Initiated GC) [PSYoungGen: 161768K->67629K(175104K)] 319980K->262590K(699392K), 0.0104377 secs] [Times: user=0.10 sys=0.01, real=0.01 secs] 
2016-09-24T01:06:01.547-0400: 114.132: [GC (GCLocker Initiated GC) [PSYoungGen: 155693K->61458K(175104K)] 350893K->299327K(699392K), 0.0147623 secs] [Times: user=0.14 sys=0.01, real=0.01 secs] 
2016-09-24T01:06:01.683-0400: 114.269: [GC (GCLocker Initiated GC) [PSYoungGen: 149522K->79687K(175104K)] 387455K->342211K(699392K), 0.0095195 secs] [Times: user=0.10 sys=0.00, real=0.00 secs] 
2016-09-24T01:06:01.836-0400: 114.421: [GC (Allocation Failure) [PSYoungGen: 167751K->49276K(175104K)] 442568K->366885K(699392K), 0.0141130 secs] [Times: user=0.11 sys=0.00, real=0.01 secs] 
2016-09-24T01:06:02.002-0400: 114.588: [GC (GCLocker Initiated GC) [PSYoungGen: 135377K->55255K(175104K)] 459062K->397268K(699392K), 0.0175895 secs] [Times: user=0.15 sys=0.00, real=0.01 secs] 
2016-09-24T01:06:02.166-0400: 114.751: [GC (Allocation Failure) [PSYoungGen: 143319K->43137K(175104K)] 485575K->403737K(699392K), 0.0143168 secs] [Times: user=0.15 sys=0.00, real=0.01 secs] 
2016-09-24T01:06:02.290-0400: 114.875: [GC (GCLocker Initiated GC) [PSYoungGen: 126198K->67633K(175104K)] 492874K->452653K(699392K), 0.0087130 secs] [Times: user=0.08 sys=0.00, real=0.01 secs] 
2016-09-24T01:06:02.437-0400: 115.022: [GC (GCLocker Initiated GC) [PSYoungGen: 155697K->55355K(175104K)] 541078K->477437K(699392K), 0.0268883 secs] [Times: user=0.29 sys=0.00, real=0.03 secs] 
2016-09-24T01:06:02.565-0400: 115.151: [GC (Allocation Failure) [PSYoungGen: 143419K->79487K(175104K)] 565609K->520194K(699392K), 0.0114311 secs] [Times: user=0.12 sys=0.00, real=0.01 secs] 
2016-09-24T01:06:02.694-0400: 115.280: [GC (GCLocker Initiated GC) [PSYoungGen: 167551K->73740K(175104K)] 608258K->551009K(699392K), 0.0236465 secs] [Times: user=0.26 sys=0.00, real=0.02 secs] 
2016-09-24T01:06:02.718-0400: 115.304: [Full GC (Ergonomics) [PSYoungGen: 73740K->0K(175104K)] [ParOldGen: 477268K->47280K(524288K)] 551009K->47280K(699392K), [Metaspace: 44404K->44404K(1087488K)], 0.0563695 secs] [Times: user=0.28 sys=0.01, real=0.06 secs] 
2016-09-24T01:06:02.879-0400: 115.465: [GC (GCLocker Initiated GC) [PSYoungGen: 88064K->86046K(175104K)] 141507K->169864K(699392K), 0.0163067 secs] [Times: user=0.24 sys=0.00, real=0.02 secs] 
2016-09-24T01:06:03.008-0400: 115.593: [GC (GCLocker Initiated GC) [PSYoungGen: 174110K->61654K(175104K)] 257974K->212907K(699392K), 0.0102668 secs] [Times: user=0.14 sys=0.00, real=0.01 secs] 
2016-09-24T01:06:03.121-0400: 115.707: [GC (GCLocker Initiated GC) [PSYoungGen: 149718K->74000K(175104K)] 301164K->250070K(699392K), 0.0136037 secs] [Times: user=0.19 sys=0.01, real=0.02 secs] 
2016-09-24T01:06:03.253-0400: 115.838: [GC (Allocation Failure) [PSYoungGen: 162064K->86018K(175104K)] 344312K->305024K(699392K), 0.0148050 secs] [Times: user=0.16 sys=0.00, real=0.02 secs] 
2016-09-24T01:06:03.405-0400: 115.991: [GC (GCLocker Initiated GC) [PSYoungGen: 173781K->55351K(175104K)] 398862K->329667K(699392K), 0.0131260 secs] [Times: user=0.14 sys=0.00, real=0.01 secs] 
2016-09-24T01:06:03.541-0400: 116.126: [GC (Allocation Failure) [PSYoungGen: 143415K->79683K(175104K)] 418064K->354639K(699392K), 0.0153788 secs] [Times: user=0.15 sys=0.00, real=0.02 secs] 
2016-09-24T01:06:03.694-0400: 116.279: [GC (GCLocker Initiated GC) [PSYoungGen: 166523K->61458K(175104K)] 447555K->391373K(699392K), 0.0144809 secs] [Times: user=0.13 sys=0.00, real=0.02 secs] 
2016-09-24T01:06:03.848-0400: 116.434: [GC (GCLocker Initiated GC) [PSYoungGen: 149522K->37194K(175104K)] 479798K->385790K(699392K), 0.0378482 secs] [Times: user=0.39 sys=0.01, real=0.04 secs] 
2016-09-24T01:06:03.998-0400: 116.583: [GC (Allocation Failure) [PSYoungGen: 125258K->74032K(175104K)] 480279K->429345K(699392K), 0.0125083 secs] [Times: user=0.17 sys=0.01, real=0.01 secs] 
2016-09-24T01:06:04.132-0400: 116.718: [GC (GCLocker Initiated GC) [PSYoungGen: 162096K->55583K(175104K)] 517411K->429226K(699392K), 0.0171899 secs] [Times: user=0.20 sys=0.00, real=0.02 secs] 
2016-09-24T01:06:04.256-0400: 116.841: [GC (GCLocker Initiated GC) [PSYoungGen: 143647K->49116K(175104K)] 523620K->447729K(699392K), 0.0209959 secs] [Times: user=0.18 sys=0.01, real=0.02 secs] 
2016-09-24T01:06:04.419-0400: 117.005: [GC (Allocation Failure) [PSYoungGen: 137180K->56002K(175104K)] 548282K->467396K(699392K), 0.0104112 secs] [Times: user=0.12 sys=0.00, real=0.01 secs] 
2016-09-24T01:06:04.548-0400: 117.133: [GC (GCLocker Initiated GC) [PSYoungGen: 138881K->55447K(175104K)] 556350K->491424K(699392K), 0.0281393 secs] [Times: user=0.28 sys=0.00, real=0.03 secs] 
2016-09-24T01:06:04.699-0400: 117.284: [GC (GCLocker Initiated GC) [PSYoungGen: 143511K->55547K(175104K)] 585605K->515994K(699392K), 0.0137905 secs] [Times: user=0.14 sys=0.00, real=0.01 secs] 
2016-09-24T01:06:04.863-0400: 117.449: [Full GC (Ergonomics) [PSYoungGen: 143611K->0K(175104K)] [ParOldGen: 472946K->59512K(524288K)] 616557K->59512K(699392K), [Metaspace: 44405K->44405K(1087488K)], 0.0762253 secs] [Times: user=0.43 sys=0.02, real=0.07 secs] 
2016-09-24T01:06:05.068-0400: 117.653: [GC (GCLocker Initiated GC) [PSYoungGen: 88064K->67637K(175104K)] 147803K->127376K(699392K), 0.0179576 secs] [Times: user=0.11 sys=0.00, real=0.02 secs] 
2016-09-24T01:06:05.203-0400: 117.788: [GC (GCLocker Initiated GC) [PSYoungGen: 155701K->85790K(175104K)] 221596K->176596K(699392K), 0.0088984 secs] [Times: user=0.12 sys=0.00, real=0.00 secs] 
2016-09-24T01:06:05.319-0400: 117.905: [GC (GCLocker Initiated GC) [PSYoungGen: 173854K->79715K(175104K)] 270756K->225361K(699392K), 0.0112593 secs] [Times: user=0.16 sys=0.01, real=0.01 secs] 
2016-09-24T01:06:05.459-0400: 118.045: [GC (Allocation Failure) [PSYoungGen: 167779K->79715K(175104K)] 319676K->274468K(699392K), 0.0160896 secs] [Times: user=0.23 sys=0.01, real=0.02 secs] 
2016-09-24T01:06:05.603-0400: 118.188: [GC (GCLocker Initiated GC) [PSYoungGen: 167779K->49472K(175104K)] 362538K->274890K(699392K), 0.0129395 secs] [Times: user=0.10 sys=0.01, real=0.01 secs] 
2016-09-24T01:06:05.736-0400: 118.322: [GC (GCLocker Initiated GC) [PSYoungGen: 137536K->85690K(175104K)] 363175K->348094K(699392K), 0.0111525 secs] [Times: user=0.13 sys=0.01, real=0.01 secs] 
2016-09-24T01:06:05.865-0400: 118.450: [GC (Allocation Failure) [PSYoungGen: 173754K->49408K(175104K)] 436418K->360808K(699392K), 0.0120291 secs] [Times: user=0.13 sys=0.00, real=0.01 secs] 
2016-09-24T01:06:06.016-0400: 118.602: [GC (GCLocker Initiated GC) [PSYoungGen: 135737K->67569K(175104K)] 453212K->391558K(699392K), 0.0123404 secs] [Times: user=0.09 sys=0.00, real=0.01 secs] 
2016-09-24T01:06:06.180-0400: 118.766: [GC (Allocation Failure) [PSYoungGen: 155633K->73640K(175104K)] 479664K->416212K(699392K), 0.0101233 secs] [Times: user=0.13 sys=0.01, real=0.01 secs] 
2016-09-24T01:06:06.294-0400: 118.879: [GC (GCLocker Initiated GC) [PSYoungGen: 161704K->85854K(175104K)] 504276K->495559K(699392K), 0.0126385 secs] [Times: user=0.19 sys=0.01, real=0.02 secs] 
2016-09-24T01:06:06.437-0400: 119.023: [GC (GCLocker Initiated GC) [PSYoungGen: 173918K->67533K(175104K)] 590020K->502167K(699392K), 0.0114494 secs] [Times: user=0.13 sys=0.00, real=0.01 secs] 
2016-09-24T01:06:06.578-0400: 119.163: [GC (GCLocker Initiated GC) [PSYoungGen: 155597K->74032K(175104K)] 590581K->527564K(699392K), 0.0086919 secs] [Times: user=0.11 sys=0.00, real=0.01 secs] 
2016-09-24T01:06:06.587-0400: 119.172: [Full GC (Ergonomics) [PSYoungGen: 74032K->0K(175104K)] [ParOldGen: 453532K->53610K(524288K)] 527564K->53610K(699392K), [Metaspace: 44406K->44406K(1087488K)], 0.0628811 secs] [Times: user=0.32 sys=0.01, real=0.06 secs] 
2016-09-24T01:06:06.764-0400: 119.349: [GC (GCLocker Initiated GC) [PSYoungGen: 88064K->73576K(175104K)] 147817K->133329K(699392K), 0.0104925 secs] [Times: user=0.08 sys=0.02, real=0.01 secs] 
2016-09-24T01:06:06.910-0400: 119.495: [GC (Allocation Failure) [PSYoungGen: 161640K->79715K(175104K)] 221490K->158058K(699392K), 0.0127893 secs] [Times: user=0.14 sys=0.00, real=0.02 secs] 
2016-09-24T01:06:07.056-0400: 119.642: [GC (GCLocker Initiated GC) [PSYoungGen: 162591K->55319K(175104K)] 247009K->164360K(699392K), 0.0081808 secs] [Times: user=0.08 sys=0.00, real=0.01 secs] 
2016-09-24T01:06:07.208-0400: 119.794: [GC (GCLocker Initiated GC) [PSYoungGen: 143383K->55255K(175104K)] 258608K->170740K(699392K), 0.0341487 secs] [Times: user=0.36 sys=0.01, real=0.04 secs] 
2016-09-24T01:06:07.340-0400: 119.926: [GC (GCLocker Initiated GC) [PSYoungGen: 143319K->85726K(175104K)] 264932K->231938K(699392K), 0.0166465 secs] [Times: user=0.16 sys=0.00, real=0.02 secs] 
2016-09-24T01:06:07.452-0400: 120.037: [GC (Allocation Failure) [PSYoungGen: 173790K->85598K(175104K)] 320145K->268498K(699392K), 0.0403305 secs] [Times: user=0.39 sys=0.00, real=0.04 secs] 
2016-09-24T01:06:07.619-0400: 120.205: [GC (GCLocker Initiated GC) [PSYoungGen: 168673K->55579K(175104K)] 357648K->287395K(699392K), 0.0117503 secs] [Times: user=0.15 sys=0.00, real=0.01 secs] 
2016-09-24T01:06:07.761-0400: 120.347: [GC (Allocation Failure) [PSYoungGen: 143643K->55515K(175104K)] 375485K->306053K(699392K), 0.0121288 secs] [Times: user=0.14 sys=0.01, real=0.01 secs] 
2016-09-24T01:06:07.893-0400: 120.479: [GC (GCLocker Initiated GC) [PSYoungGen: 143579K->73640K(175104K)] 394123K->360786K(699392K), 0.0095331 secs] [Times: user=0.11 sys=0.02, real=0.02 secs] 
2016-09-24T01:06:08.072-0400: 120.658: [GC (Allocation Failure) [PSYoungGen: 161704K->79583K(175104K)] 454949K->391369K(699392K), 0.0166188 secs] [Times: user=0.22 sys=0.00, real=0.02 secs] 
2016-09-24T01:06:08.224-0400: 120.810: [GC (GCLocker Initiated GC) [PSYoungGen: 167647K->73576K(175104K)] 479433K->428038K(699392K), 0.0087060 secs] [Times: user=0.12 sys=0.00, real=0.00 secs] 
2016-09-24T01:06:08.376-0400: 120.961: [GC (GCLocker Initiated GC) [PSYoungGen: 161640K->37062K(175104K)] 528530K->422272K(699392K), 0.0391704 secs] [Times: user=0.41 sys=0.00, real=0.04 secs] 
2016-09-24T01:06:08.551-0400: 121.137: [GC (GCLocker Initiated GC) [PSYoungGen: 125126K->49635K(175104K)] 522595K->489757K(699392K), 0.0125966 secs] [Times: user=0.12 sys=0.00, real=0.02 secs] 
2016-09-24T01:06:08.666-0400: 121.251: [GC (GCLocker Initiated GC) [PSYoungGen: 137699K->49212K(175104K)] 578190K->520493K(699392K), 0.0184975 secs] [Times: user=0.18 sys=0.00, real=0.02 secs] 
2016-09-24T01:06:08.684-0400: 121.270: [Full GC (Ergonomics) [PSYoungGen: 49212K->0K(175104K)] [ParOldGen: 471281K->59787K(524288K)] 520493K->59787K(699392K), [Metaspace: 44408K->44408K(1087488K)], 0.0631836 secs] [Times: user=0.28 sys=0.01, real=0.06 secs] 
2016-09-24T01:06:08.856-0400: 121.442: [GC (Allocation Failure) [PSYoungGen: 88064K->86534K(175104K)] 148200K->146670K(699392K), 0.0204302 secs] [Times: user=0.22 sys=0.01, real=0.02 secs] 
2016-09-24T01:06:08.995-0400: 121.580: [GC (Allocation Failure) [PSYoungGen: 174060K->67629K(175104K)] 234196K->171438K(699392K), 0.0120167 secs] [Times: user=0.11 sys=0.01, real=0.01 secs] 
2016-09-24T01:06:09.102-0400: 121.688: [GC (GCLocker Initiated GC) [PSYoungGen: 155693K->61166K(175104K)] 259508K->201682K(699392K), 0.0293246 secs] [Times: user=0.25 sys=0.00, real=0.02 secs] 
2016-09-24T01:06:09.242-0400: 121.828: [GC (GCLocker Initiated GC) [PSYoungGen: 149230K->86018K(175104K)] 289934K->281572K(699392K), 0.0101984 secs] [Times: user=0.15 sys=0.00, real=0.01 secs] 
2016-09-24T01:06:09.380-0400: 121.966: [GC (Allocation Failure) [PSYoungGen: 174082K->37354K(175104K)] 381951K->294286K(699392K), 0.0097666 secs] [Times: user=0.13 sys=0.01, real=0.01 secs] 
2016-09-24T01:06:09.500-0400: 122.086: [GC (GCLocker Initiated GC) [PSYoungGen: 124158K->55319K(175104K)] 387165K->318634K(699392K), 0.0072421 secs] [Times: user=0.08 sys=0.00, real=0.01 secs] 
2016-09-24T01:06:09.632-0400: 122.218: [GC (GCLocker Initiated GC) [PSYoungGen: 143383K->86086K(175104K)] 406847K->355900K(699392K), 0.0127313 secs] [Times: user=0.12 sys=0.00, real=0.02 secs] 
2016-09-24T01:06:09.777-0400: 122.363: [GC (Allocation Failure) [PSYoungGen: 174150K->30923K(175104K)] 444106K->349926K(699392K), 0.0170074 secs] [Times: user=0.17 sys=0.00, real=0.02 secs] 
2016-09-24T01:06:09.915-0400: 122.501: [GC (GCLocker Initiated GC) [PSYoungGen: 118987K->67273K(175104K)] 437996K->423016K(699392K), 0.0140650 secs] [Times: user=0.16 sys=0.00, real=0.01 secs] 
2016-09-24T01:06:10.059-0400: 122.644: [GC (GCLocker Initiated GC) [PSYoungGen: 155337K->37030K(175104K)] 523288K->423318K(699392K), 0.0325303 secs] [Times: user=0.38 sys=0.00, real=0.03 secs] 
2016-09-24T01:06:10.212-0400: 122.798: [GC (GCLocker Initiated GC) [PSYoungGen: 125094K->73672K(175104K)] 511435K->478734K(699392K), 0.0264644 secs] [Times: user=0.35 sys=0.00, real=0.03 secs] 
2016-09-24T01:06:10.365-0400: 122.950: [GC (GCLocker Initiated GC) [PSYoungGen: 161736K->85954K(175104K)] 566862K->521606K(699392K), 0.0120297 secs] [Times: user=0.13 sys=0.00, real=0.01 secs] 
2016-09-24T01:06:10.515-0400: 123.100: [GC (GCLocker Initiated GC) [PSYoungGen: 174018K->67305K(175104K)] 615849K->551945K(699392K), 0.0181741 secs] [Times: user=0.16 sys=0.00, real=0.01 secs] 
2016-09-24T01:06:10.533-0400: 123.119: [Full GC (Ergonomics) [PSYoungGen: 67305K->0K(175104K)] [ParOldGen: 484640K->47639K(524288K)] 551945K->47639K(699392K), [Metaspace: 44419K->44419K(1087488K)], 0.0584732 secs] [Times: user=0.30 sys=0.01, real=0.06 secs] 
2016-09-24T01:06:10.736-0400: 123.322: [GC (GCLocker Initiated GC) [PSYoungGen: 88064K->67661K(175104K)] 142050K->121647K(699392K), 0.0161690 secs] [Times: user=0.18 sys=0.00, real=0.01 secs] 
2016-09-24T01:06:10.871-0400: 123.456: [GC (GCLocker Initiated GC) [PSYoungGen: 155725K->61198K(175104K)] 209921K->158451K(699392K), 0.0245555 secs] [Times: user=0.24 sys=0.00, real=0.03 secs] 
2016-09-24T01:06:11.002-0400: 123.588: [GC (GCLocker Initiated GC) [PSYoungGen: 149262K->67565K(175104K)] 252716K->219755K(699392K), 0.0239657 secs] [Times: user=0.21 sys=0.00, real=0.02 secs] 
2016-09-24T01:06:11.141-0400: 123.727: [GC (GCLocker Initiated GC) [PSYoungGen: 155629K->73576K(175104K)] 308024K->268943K(699392K), 0.0189808 secs] [Times: user=0.22 sys=0.00, real=0.02 secs] 
2016-09-24T01:06:11.272-0400: 123.858: [GC (GCLocker Initiated GC) [PSYoungGen: 161640K->61522K(175104K)] 357066K->305700K(699392K), 0.0104814 secs] [Times: user=0.11 sys=0.00, real=0.02 secs] 
2016-09-24T01:06:11.410-0400: 123.996: [GC (GCLocker Initiated GC) [PSYoungGen: 149586K->55551K(175104K)] 399866K->324167K(699392K), 0.0295928 secs] [Times: user=0.31 sys=0.00, real=0.03 secs] 
2016-09-24T01:06:11.556-0400: 124.142: [GC (GCLocker Initiated GC) [PSYoungGen: 143615K->79555K(175104K)] 412255K->348463K(699392K), 0.0121638 secs] [Times: user=0.12 sys=0.00, real=0.01 secs] 
2016-09-24T01:06:11.686-0400: 124.271: [GC (GCLocker Initiated GC) [PSYoungGen: 167619K->85922K(175104K)] 436888K->391933K(699392K), 0.0105250 secs] [Times: user=0.13 sys=0.00, real=0.01 secs] 
2016-09-24T01:06:11.850-0400: 124.436: [GC (GCLocker Initiated GC) [PSYoungGen: 173986K->61458K(175104K)] 486373K->416669K(699392K), 0.0116883 secs] [Times: user=0.13 sys=0.00, real=0.01 secs] 
2016-09-24T01:06:12.010-0400: 124.595: [GC (GCLocker Initiated GC) [PSYoungGen: 149522K->31282K(175104K)] 510817K->410906K(699392K), 0.0146765 secs] [Times: user=0.12 sys=0.00, real=0.02 secs] 
2016-09-24T01:06:12.144-0400: 124.730: [GC (GCLocker Initiated GC) [PSYoungGen: 119346K->85630K(175104K)] 499304K->465854K(699392K), 0.0265939 secs] [Times: user=0.27 sys=0.00, real=0.02 secs] 
2016-09-24T01:06:12.296-0400: 124.881: [GC (Allocation Failure) [PSYoungGen: 173694K->73804K(175104K)] 560158K->496877K(699392K), 0.0143064 secs] [Times: user=0.15 sys=0.01, real=0.01 secs] 
2016-09-24T01:06:12.311-0400: 124.896: [GC (GCLocker Initiated GC) [PSYoungGen: 73809K->0K(175104K)] 496883K->496548K(699392K), 0.0123870 secs] [Times: user=0.14 sys=0.00, real=0.02 secs] 
2016-09-24T01:06:12.323-0400: 124.909: [Full GC (Ergonomics) [PSYoungGen: 0K->0K(175104K)] [ParOldGen: 496548K->53031K(524288K)] 496548K->53031K(699392K), [Metaspace: 44420K->44420K(1087488K)], 0.0621684 secs] [Times: user=0.42 sys=0.01, real=0.06 secs] 
2016-09-24T01:06:12.500-0400: 125.086: [GC (GCLocker Initiated GC) [PSYoungGen: 88064K->86046K(175104K)] 147170K->163377K(699392K), 0.0120966 secs] [Times: user=0.15 sys=0.00, real=0.01 secs] 
2016-09-24T01:06:12.613-0400: 125.199: [GC (GCLocker Initiated GC) [PSYoungGen: 174110K->73704K(175104K)] 251774K->194481K(699392K), 0.0151363 secs] [Times: user=0.18 sys=0.00, real=0.02 secs] 
2016-09-24T01:06:12.741-0400: 125.326: [GC (Allocation Failure) [PSYoungGen: 161768K->86086K(175104K)] 282581K->255798K(699392K), 0.0142682 secs] [Times: user=0.16 sys=0.01, real=0.02 secs] 
2016-09-24T01:06:12.868-0400: 125.453: [GC (Allocation Failure) [PSYoungGen: 170201K->61294K(175104K)] 339914K->298123K(699392K), 0.0311233 secs] [Times: user=0.43 sys=0.01, real=0.03 secs] 
2016-09-24T01:06:13.030-0400: 125.615: [GC (GCLocker Initiated GC) [PSYoungGen: 146647K->55515K(175104K)] 389551K->316788K(699392K), 0.0101579 secs] [Times: user=0.12 sys=0.01, real=0.01 secs] 
2016-09-24T01:06:13.182-0400: 125.768: [GC (Allocation Failure) [PSYoungGen: 143579K->55479K(175104K)] 411276K->341849K(699392K), 0.0217223 secs] [Times: user=0.18 sys=0.01, real=0.02 secs] 
2016-09-24T01:06:13.320-0400: 125.906: [GC (GCLocker Initiated GC) [PSYoungGen: 143543K->55515K(175104K)] 429918K->360235K(699392K), 0.0160065 secs] [Times: user=0.15 sys=0.00, real=0.02 secs] 
2016-09-24T01:06:13.449-0400: 126.034: [GC (GCLocker Initiated GC) [PSYoungGen: 143579K->86018K(175104K)] 448347K->452015K(699392K), 0.0138126 secs] [Times: user=0.20 sys=0.01, real=0.02 secs] 
2016-09-24T01:06:13.574-0400: 126.160: [GC (GCLocker Initiated GC) [PSYoungGen: 174082K->55679K(175104K)] 540311K->458674K(699392K), 0.0119383 secs] [Times: user=0.14 sys=0.00, real=0.01 secs] 
2016-09-24T01:06:13.716-0400: 126.302: [GC (GCLocker Initiated GC) [PSYoungGen: 143743K->85662K(175104K)] 546825K->495266K(699392K), 0.0108472 secs] [Times: user=0.10 sys=0.01, real=0.01 secs] 
2016-09-24T01:06:13.838-0400: 126.424: [GC (GCLocker Initiated GC) [PSYoungGen: 173726K->85726K(175104K)] 583367K->550350K(699392K), 0.0127261 secs] [Times: user=0.15 sys=0.00, real=0.01 secs] 
2016-09-24T01:06:13.851-0400: 126.437: [Full GC (Ergonomics) [PSYoungGen: 85726K->0K(175104K)] [ParOldGen: 464624K->52913K(524288K)] 550350K->52913K(699392K), [Metaspace: 44420K->44420K(1087488K)], 0.0630875 secs] [Times: user=0.37 sys=0.01, real=0.07 secs] 
2016-09-24T01:06:14.035-0400: 126.620: [GC (GCLocker Initiated GC) [PSYoungGen: 88064K->86210K(175104K)] 147302K->169748K(699392K), 0.0114758 secs] [Times: user=0.13 sys=0.00, real=0.01 secs] 
2016-09-24T01:06:14.181-0400: 126.767: [GC (GCLocker Initiated GC) [PSYoungGen: 174274K->61914K(175104K)] 263951K->212913K(699392K), 0.0180388 secs] [Times: user=0.21 sys=0.00, real=0.02 secs] 
2016-09-24T01:06:14.311-0400: 126.897: [GC (GCLocker Initiated GC) [PSYoungGen: 149978K->73544K(175104K)] 301019K->291710K(699392K), 0.0145292 secs] [Times: user=0.16 sys=0.00, real=0.02 secs] 
2016-09-24T01:06:14.464-0400: 127.050: [GC (GCLocker Initiated GC) [PSYoungGen: 161608K->49176K(175104K)] 385885K->328404K(699392K), 0.0136790 secs] [Times: user=0.13 sys=0.00, real=0.01 secs] 
2016-09-24T01:06:14.595-0400: 127.180: [GC (GCLocker Initiated GC) [PSYoungGen: 137240K->61490K(175104K)] 422747K->365350K(699392K), 0.0152457 secs] [Times: user=0.16 sys=0.00, real=0.01 secs] 
2016-09-24T01:06:14.721-0400: 127.307: [GC (GCLocker Initiated GC) [PSYoungGen: 149554K->49180K(175104K)] 459793K->359687K(699392K), 0.0158942 secs] [Times: user=0.15 sys=0.01, real=0.02 secs] 
2016-09-24T01:06:14.861-0400: 127.447: [GC (Allocation Failure) [PSYoungGen: 137244K->79487K(175104K)] 447859K->408455K(699392K), 0.0121120 secs] [Times: user=0.15 sys=0.00, real=0.01 secs] 
2016-09-24T01:06:15.002-0400: 127.588: [GC (GCLocker Initiated GC) [PSYoungGen: 163481K->73836K(175104K)] 498524K->433315K(699392K), 0.0108950 secs] [Times: user=0.12 sys=0.00, real=0.01 secs] 
2016-09-24T01:06:15.151-0400: 127.737: [GC (GCLocker Initiated GC) [PSYoungGen: 161900K->55547K(175104K)] 527457K->457854K(699392K), 0.0149612 secs] [Times: user=0.16 sys=0.00, real=0.02 secs] 
2016-09-24T01:06:15.286-0400: 127.872: [GC (GCLocker Initiated GC) [PSYoungGen: 143611K->85594K(175104K)] 546145K->500593K(699392K), 0.0209537 secs] [Times: user=0.27 sys=0.00, real=0.02 secs] 
2016-09-24T01:06:15.437-0400: 128.023: [GC (Allocation Failure) [PSYoungGen: 173658K->73640K(175104K)] 594785K->513088K(699392K), 0.0308250 secs] [Times: user=0.34 sys=0.00, real=0.03 secs] 
2016-09-24T01:06:15.592-0400: 128.178: [GC (GCLocker Initiated GC) [PSYoungGen: 161704K->49016K(175104K)] 601157K->531286K(699392K), 0.0199061 secs] [Times: user=0.20 sys=0.00, real=0.02 secs] 
2016-09-24T01:06:15.612-0400: 128.198: [Full GC (Ergonomics) [PSYoungGen: 49016K->0K(175104K)] [ParOldGen: 482269K->47105K(524288K)] 531286K->47105K(699392K), [Metaspace: 44420K->44420K(1087488K)], 0.0632554 secs] [Times: user=0.33 sys=0.01, real=0.07 secs] 
2016-09-24T01:06:15.777-0400: 128.363: [GC (GCLocker Initiated GC) [PSYoungGen: 88064K->86498K(175104K)] 135324K->139833K(699392K), 0.0237282 secs] [Times: user=0.31 sys=0.00, real=0.02 secs] 
2016-09-24T01:06:15.906-0400: 128.491: [GC (GCLocker Initiated GC) [PSYoungGen: 174562K->61522K(175104K)] 234288K->201231K(699392K), 0.0129316 secs] [Times: user=0.18 sys=0.01, real=0.01 secs] 
2016-09-24T01:06:16.031-0400: 128.617: [GC (GCLocker Initiated GC) [PSYoungGen: 149586K->85986K(175104K)] 289348K->232130K(699392K), 0.0107509 secs] [Times: user=0.14 sys=0.01, real=0.01 secs] 
2016-09-24T01:06:16.168-0400: 128.754: [GC (GCLocker Initiated GC) [PSYoungGen: 174050K->61362K(175104K)] 320360K->226336K(699392K), 0.0101552 secs] [Times: user=0.11 sys=0.00, real=0.01 secs] 
2016-09-24T01:06:16.298-0400: 128.883: [GC (Allocation Failure) [PSYoungGen: 149426K->55643K(175104K)] 320735K->269793K(699392K), 0.0092522 secs] [Times: user=0.13 sys=0.00, real=0.01 secs] 
2016-09-24T01:06:16.450-0400: 129.036: [GC (GCLocker Initiated GC) [PSYoungGen: 139080K->55123K(175104K)] 359305K->293864K(699392K), 0.0103711 secs] [Times: user=0.10 sys=0.00, real=0.01 secs] 
2016-09-24T01:06:16.578-0400: 129.164: [GC (GCLocker Initiated GC) [PSYoungGen: 143187K->73480K(175104K)] 382039K->312459K(699392K), 0.0084550 secs] [Times: user=0.08 sys=0.00, real=0.01 secs] 
2016-09-24T01:06:16.706-0400: 129.292: [GC (GCLocker Initiated GC) [PSYoungGen: 161544K->55547K(175104K)] 406635K->319138K(699392K), 0.0089964 secs] [Times: user=0.09 sys=0.00, real=0.01 secs] 
2016-09-24T01:06:16.877-0400: 129.463: [GC (GCLocker Initiated GC) [PSYoungGen: 143611K->37030K(175104K)] 413526K->343679K(699392K), 0.0144498 secs] [Times: user=0.12 sys=0.01, real=0.01 secs] 
2016-09-24T01:06:17.022-0400: 129.608: [GC (GCLocker Initiated GC) [PSYoungGen: 125094K->61230K(175104K)] 431802K->386470K(699392K), 0.0331582 secs] [Times: user=0.41 sys=0.00, real=0.03 secs] 
2016-09-24T01:06:17.149-0400: 129.735: [GC (GCLocker Initiated GC) [PSYoungGen: 149294K->85694K(175104K)] 474879K->453923K(699392K), 0.0253627 secs] [Times: user=0.27 sys=0.01, real=0.03 secs] 
2016-09-24T01:06:17.280-0400: 129.866: [GC (GCLocker Initiated GC) [PSYoungGen: 173758K->73868K(175104K)] 542314K->497423K(699392K), 0.0160375 secs] [Times: user=0.23 sys=0.01, real=0.02 secs] 
2016-09-24T01:06:17.421-0400: 130.006: [GC (GCLocker Initiated GC) [PSYoungGen: 161932K->61558K(175104K)] 591739K->491461K(699392K), 0.0162673 secs] [Times: user=0.18 sys=0.00, real=0.02 secs] 
2016-09-24T01:06:17.568-0400: 130.154: [GC (GCLocker Initiated GC) [PSYoungGen: 149622K->55711K(175104K)] 585621K->510226K(699392K), 0.0270006 secs] [Times: user=0.28 sys=0.00, real=0.03 secs] 
2016-09-24T01:06:17.596-0400: 130.181: [Full GC (Ergonomics) [PSYoungGen: 55711K->0K(175104K)] [ParOldGen: 454515K->46920K(524288K)] 510226K->46920K(699392K), [Metaspace: 44420K->44420K(1087488K)], 0.0624669 secs] [Times: user=0.28 sys=0.02, real=0.06 secs] 
2016-09-24T01:06:17.800-0400: 130.386: [GC (GCLocker Initiated GC) [PSYoungGen: 88064K->55219K(175104K)] 135417K->102573K(699392K), 0.0200266 secs] [Times: user=0.24 sys=0.00, real=0.02 secs] 
2016-09-24T01:06:17.908-0400: 130.493: [GC (GCLocker Initiated GC) [PSYoungGen: 143283K->85822K(175104K)] 190740K->194197K(699392K), 0.0107823 secs] [Times: user=0.14 sys=0.00, real=0.01 secs] 
2016-09-24T01:06:18.035-0400: 130.621: [GC (GCLocker Initiated GC) [PSYoungGen: 173886K->85822K(175104K)] 288490K->243251K(699392K), 0.0257402 secs] [Times: user=0.32 sys=0.00, real=0.02 secs] 
2016-09-24T01:06:18.166-0400: 130.751: [GC (GCLocker Initiated GC) [PSYoungGen: 173886K->61490K(175104K)] 331475K->286040K(699392K), 0.0107464 secs] [Times: user=0.11 sys=0.00, real=0.01 secs] 
2016-09-24T01:06:18.304-0400: 130.890: [GC (GCLocker Initiated GC) [PSYoungGen: 149551K->55743K(175104K)] 386601K->329386K(699392K), 0.0168130 secs] [Times: user=0.21 sys=0.00, real=0.01 secs] 
2016-09-24T01:06:18.449-0400: 131.035: [GC (GCLocker Initiated GC) [PSYoungGen: 143807K->86182K(175104K)] 417559K->378443K(699392K), 0.0095393 secs] [Times: user=0.12 sys=0.00, real=0.01 secs] 
2016-09-24T01:06:18.568-0400: 131.154: [GC (GCLocker Initiated GC) [PSYoungGen: 174246K->55191K(175104K)] 466509K->384015K(699392K), 0.0138577 secs] [Times: user=0.12 sys=0.00, real=0.02 secs] 
2016-09-24T01:06:18.703-0400: 131.288: [GC (GCLocker Initiated GC) [PSYoungGen: 143255K->85790K(175104K)] 478241K->463609K(699392K), 0.0108789 secs] [Times: user=0.15 sys=0.00, real=0.00 secs] 
2016-09-24T01:06:18.849-0400: 131.434: [GC (GCLocker Initiated GC) [PSYoungGen: 173854K->85886K(175104K)] 557790K->530887K(699392K), 0.0121547 secs] [Times: user=0.19 sys=0.00, real=0.01 secs] 
2016-09-24T01:06:18.861-0400: 131.447: [Full GC (Ergonomics) [PSYoungGen: 85886K->0K(175104K)] [ParOldGen: 445001K->53325K(524288K)] 530887K->53325K(699392K), [Metaspace: 44424K->44424K(1087488K)], 0.0604746 secs] [Times: user=0.41 sys=0.02, real=0.06 secs] 
2016-09-24T01:06:19.041-0400: 131.627: [GC (GCLocker Initiated GC) [PSYoungGen: 88064K->85982K(175104K)] 141476K->163694K(699392K), 0.0088063 secs] [Times: user=0.11 sys=0.00, real=0.01 secs] 
2016-09-24T01:06:19.158-0400: 131.744: [GC (GCLocker Initiated GC) [PSYoungGen: 174046K->73772K(175104K)] 252119K->213151K(699392K), 0.0231413 secs] [Times: user=0.27 sys=0.00, real=0.02 secs] 
2016-09-24T01:06:19.303-0400: 131.889: [GC (GCLocker Initiated GC) [PSYoungGen: 161836K->36934K(175104K)] 301308K->213084K(699392K), 0.0235894 secs] [Times: user=0.18 sys=0.01, real=0.02 secs] 
2016-09-24T01:06:19.455-0400: 132.041: [GC (GCLocker Initiated GC) [PSYoungGen: 124998K->55383K(175104K)] 301313K->274351K(699392K), 0.0170741 secs] [Times: user=0.21 sys=0.00, real=0.01 secs] 
2016-09-24T01:06:19.617-0400: 132.203: [GC (GCLocker Initiated GC) [PSYoungGen: 143447K->73836K(175104K)] 368823K->317728K(699392K), 0.0094860 secs] [Times: user=0.11 sys=0.00, real=0.01 secs] 
2016-09-24T01:06:19.789-0400: 132.375: [GC (GCLocker Initiated GC) [PSYoungGen: 161900K->37517K(175104K)] 412037K->288102K(699392K), 0.0088256 secs] [Times: user=0.11 sys=0.01, real=0.01 secs] 
2016-09-24T01:06:19.907-0400: 132.492: [GC (GCLocker Initiated GC) [PSYoungGen: 125581K->85726K(175104K)] 376354K->379166K(699392K), 0.0130580 secs] [Times: user=0.13 sys=0.01, real=0.01 secs] 
2016-09-24T01:06:20.042-0400: 132.627: [GC (GCLocker Initiated GC) [PSYoungGen: 173790K->80107K(175104K)] 467604K->428724K(699392K), 0.0121873 secs] [Times: user=0.13 sys=0.01, real=0.01 secs] 
2016-09-24T01:06:20.184-0400: 132.770: [GC (GCLocker Initiated GC) [PSYoungGen: 168171K->37877K(175104K)] 523208K->411431K(699392K), 0.0082177 secs] [Times: user=0.10 sys=0.00, real=0.00 secs] 
2016-09-24T01:06:20.294-0400: 132.880: [GC (GCLocker Initiated GC) [PSYoungGen: 125941K->85626K(175104K)] 499655K->508762K(699392K), 0.0124611 secs] [Times: user=0.17 sys=0.00, real=0.02 secs] 
2016-09-24T01:06:20.408-0400: 132.994: [GC (GCLocker Initiated GC) [PSYoungGen: 173690K->67537K(175104K)] 596947K->533431K(699392K), 0.0124391 secs] [Times: user=0.12 sys=0.01, real=0.01 secs] 
2016-09-24T01:06:20.421-0400: 133.006: [Full GC (Ergonomics) [PSYoungGen: 67537K->0K(175104K)] [ParOldGen: 465894K->52521K(524288K)] 533431K->52521K(699392K), [Metaspace: 44432K->44432K(1087488K)], 0.0891406 secs] [Times: user=0.89 sys=0.01, real=0.09 secs] 
2016-09-24T01:06:20.620-0400: 133.206: [GC (GCLocker Initiated GC) [PSYoungGen: 88064K->86078K(175104K)] 146977K->169291K(699392K), 0.0105675 secs] [Times: user=0.11 sys=0.00, real=0.01 secs] 
2016-09-24T01:06:20.747-0400: 133.333: [GC (GCLocker Initiated GC) [PSYoungGen: 174142K->61754K(175104K)] 257480K->218539K(699392K), 0.0387668 secs] [Times: user=0.41 sys=0.00, real=0.04 secs] 
2016-09-24T01:06:20.926-0400: 133.512: [GC (GCLocker Initiated GC) [PSYoungGen: 149818K->67533K(175104K)] 312849K->267297K(699392K), 0.0117307 secs] [Times: user=0.11 sys=0.00, real=0.01 secs] 
2016-09-24T01:06:21.056-0400: 133.642: [GC (GCLocker Initiated GC) [PSYoungGen: 155597K->85886K(175104K)] 355409K->340532K(699392K), 0.0130367 secs] [Times: user=0.19 sys=0.02, real=0.01 secs] 
2016-09-24T01:06:21.194-0400: 133.780: [GC (GCLocker Initiated GC) [PSYoungGen: 173950K->25143K(175104K)] 428722K->340778K(699392K), 0.0125756 secs] [Times: user=0.13 sys=0.00, real=0.01 secs] 
2016-09-24T01:06:21.299-0400: 133.885: [GC (GCLocker Initiated GC) [PSYoungGen: 113207K->61330K(175104K)] 435009K->431999K(699392K), 0.0323190 secs] [Times: user=0.33 sys=0.00, real=0.03 secs] 
2016-09-24T01:06:21.457-0400: 134.043: [GC (GCLocker Initiated GC) [PSYoungGen: 149394K->55387K(175104K)] 526241K->432321K(699392K), 0.0184607 secs] [Times: user=0.20 sys=0.00, real=0.02 secs] 
2016-09-24T01:06:21.596-0400: 134.182: [GC (Allocation Failure) [PSYoungGen: 143451K->49212K(175104K)] 520534K->445100K(699392K), 0.0226154 secs] [Times: user=0.26 sys=0.00, real=0.02 secs] 
2016-09-24T01:06:21.722-0400: 134.308: [GC (GCLocker Initiated GC) [PSYoungGen: 131216K->73804K(175104K)] 533179K->494291K(699392K), 0.0103473 secs] [Times: user=0.09 sys=0.00, real=0.01 secs] 
2016-09-24T01:06:21.875-0400: 134.460: [GC (GCLocker Initiated GC) [PSYoungGen: 161868K->73672K(175104K)] 582452K->512937K(699392K), 0.0132112 secs] [Times: user=0.17 sys=0.00, real=0.01 secs] 
2016-09-24T01:06:22.013-0400: 134.598: [GC (GCLocker Initiated GC) [PSYoungGen: 161736K->73968K(175104K)] 601166K->531767K(699392K), 0.0112953 secs] [Times: user=0.14 sys=0.01, real=0.02 secs] 
2016-09-24T01:06:22.024-0400: 134.610: [Full GC (Ergonomics) [PSYoungGen: 73968K->0K(175104K)] [ParOldGen: 457799K->52556K(524288K)] 531767K->52556K(699392K), [Metaspace: 44432K->44432K(1087488K)], 0.0603556 secs] [Times: user=0.40 sys=0.01, real=0.06 secs] 
2016-09-24T01:06:22.205-0400: 134.791: [GC (GCLocker Initiated GC) [PSYoungGen: 88064K->85658K(175104K)] 140673K->144342K(699392K), 0.0164926 secs] [Times: user=0.23 sys=0.00, real=0.01 secs] 
2016-09-24T01:06:22.327-0400: 134.912: [GC (GCLocker Initiated GC) [PSYoungGen: 173722K->61850K(175104K)] 232448K->181478K(699392K), 0.0122390 secs] [Times: user=0.14 sys=0.02, real=0.01 secs] 
2016-09-24T01:06:22.450-0400: 135.035: [GC (GCLocker Initiated GC) [PSYoungGen: 149914K->85822K(175104K)] 269841K->285204K(699392K), 0.0264970 secs] [Times: user=0.36 sys=0.00, real=0.03 secs] 
2016-09-24T01:06:22.615-0400: 135.200: [GC (GCLocker Initiated GC) [PSYoungGen: 173886K->55479K(175104K)] 379688K->334333K(699392K), 0.0087972 secs] [Times: user=0.13 sys=0.00, real=0.01 secs] 
2016-09-24T01:06:22.745-0400: 135.330: [GC (GCLocker Initiated GC) [PSYoungGen: 143543K->73772K(175104K)] 422718K->353059K(699392K), 0.0113818 secs] [Times: user=0.11 sys=0.00, real=0.01 secs] 
2016-09-24T01:06:22.905-0400: 135.491: [GC (GCLocker Initiated GC) [PSYoungGen: 161836K->37254K(175104K)] 459692K->371867K(699392K), 0.0094502 secs] [Times: user=0.13 sys=0.00, real=0.01 secs] 
2016-09-24T01:06:23.044-0400: 135.630: [GC (Allocation Failure) [PSYoungGen: 125318K->86118K(175104K)] 460085K->433194K(699392K), 0.0134924 secs] [Times: user=0.18 sys=0.00, real=0.01 secs] 
2016-09-24T01:06:23.167-0400: 135.753: [GC (GCLocker Initiated GC) [PSYoungGen: 174179K->30891K(175104K)] 521261K->420766K(699392K), 0.0116553 secs] [Times: user=0.12 sys=0.00, real=0.01 secs] 
2016-09-24T01:06:23.279-0400: 135.865: [GC (GCLocker Initiated GC) [PSYoungGen: 118955K->85854K(175104K)] 509057K->482330K(699392K), 0.0098415 secs] [Times: user=0.12 sys=0.01, real=0.01 secs] 
2016-09-24T01:06:23.418-0400: 136.004: [GC (GCLocker Initiated GC) [PSYoungGen: 173918K->79779K(175104K)] 576696K->501097K(699392K), 0.0095100 secs] [Times: user=0.13 sys=0.00, real=0.01 secs] 
2016-09-24T01:06:23.571-0400: 136.157: [GC (GCLocker Initiated GC) [PSYoungGen: 167843K->37517K(175104K)] 601532K->495799K(699392K), 0.0132929 secs] [Times: user=0.14 sys=0.00, real=0.02 secs] 
2016-09-24T01:06:23.585-0400: 136.170: [Full GC (Ergonomics) [PSYoungGen: 37517K->0K(175104K)] [ParOldGen: 458281K->46317K(524288K)] 495799K->46317K(699392K), [Metaspace: 44439K->44439K(1087488K)], 0.0599158 secs] [Times: user=0.39 sys=0.00, real=0.06 secs] 
2016-09-24T01:06:23.784-0400: 136.369: [GC (GCLocker Initiated GC) [PSYoungGen: 88064K->73608K(175104K)] 146887K->132431K(699392K), 0.0113623 secs] [Times: user=0.09 sys=0.01, real=0.01 secs] 
2016-09-24T01:06:23.929-0400: 136.515: [GC (Allocation Failure) [PSYoungGen: 161672K->43432K(175104K)] 226774K->127019K(699392K), 0.0156661 secs] [Times: user=0.16 sys=0.00, real=0.02 secs] 
2016-09-24T01:06:23.946-0400: 136.531: [GC (GCLocker Initiated GC) [PSYoungGen: 43451K->128K(175104K)] 127037K->139095K(699392K), 0.0086416 secs] [Times: user=0.08 sys=0.00, real=0.01 secs] 
2016-09-24T01:06:24.082-0400: 136.668: [GC (GCLocker Initiated GC) [PSYoungGen: 82683K->67309K(175104K)] 227726K->212352K(699392K), 0.0120346 secs] [Times: user=0.09 sys=0.00, real=0.01 secs] 
2016-09-24T01:06:24.266-0400: 136.852: [GC (Allocation Failure) [PSYoungGen: 155373K->775K(175104K)] 324925K->206997K(699392K), 0.0134912 secs] [Times: user=0.11 sys=0.00, real=0.01 secs] 
2016-09-24T01:06:24.397-0400: 136.983: [GC (Allocation Failure) [PSYoungGen: 85413K->73640K(175104K)] 291635K->280177K(699392K), 0.0299102 secs] [Times: user=0.32 sys=0.01, real=0.03 secs] 
2016-09-24T01:06:24.535-0400: 137.121: [GC (GCLocker Initiated GC) [PSYoungGen: 161704K->43301K(175104K)] 368241K->286392K(699392K), 0.0176856 secs] [Times: user=0.18 sys=0.00, real=0.01 secs] 
2016-09-24T01:06:24.658-0400: 137.244: [GC (GCLocker Initiated GC) [PSYoungGen: 131363K->86118K(175104K)] 380890K->354186K(699392K), 0.0168787 secs] [Times: user=0.20 sys=0.00, real=0.02 secs] 
2016-09-24T01:06:24.808-0400: 137.393: [GC (GCLocker Initiated GC) [PSYoungGen: 174182K->67665K(175104K)] 448540K->360679K(699392K), 0.0151054 secs] [Times: user=0.11 sys=0.00, real=0.02 secs] 
2016-09-24T01:06:24.942-0400: 137.528: [GC (GCLocker Initiated GC) [PSYoungGen: 155729K->79715K(175104K)] 448930K->391449K(699392K), 0.0124326 secs] [Times: user=0.12 sys=0.00, real=0.01 secs] 
2016-09-24T01:06:25.098-0400: 137.684: [GC (GCLocker Initiated GC) [PSYoungGen: 167779K->43333K(175104K)] 479695K->410183K(699392K), 0.0111118 secs] [Times: user=0.14 sys=0.00, real=0.01 secs] 
2016-09-24T01:06:25.233-0400: 137.818: [GC (GCLocker Initiated GC) [PSYoungGen: 131397K->85758K(175104K)] 498479K->459191K(699392K), 0.0109593 secs] [Times: user=0.11 sys=0.00, real=0.02 secs] 
2016-09-24T01:06:25.364-0400: 137.950: [GC (GCLocker Initiated GC) [PSYoungGen: 173822K->85954K(175104K)] 547297K->520347K(699392K), 0.0116234 secs] [Times: user=0.18 sys=0.00, real=0.01 secs] 
2016-09-24T01:06:25.487-0400: 138.073: [GC (GCLocker Initiated GC) [PSYoungGen: 174018K->73640K(175104K)] 608683K->569198K(699392K), 0.0138621 secs] [Times: user=0.18 sys=0.00, real=0.01 secs] 
2016-09-24T01:06:25.501-0400: 138.087: [Full GC (Ergonomics) [PSYoungGen: 73640K->0K(175104K)] [ParOldGen: 495558K->52617K(524288K)] 569198K->52617K(699392K), [Metaspace: 44439K->44439K(1087488K)], 0.0592106 secs] [Times: user=0.39 sys=0.02, real=0.06 secs] 
2016-09-24T01:06:25.675-0400: 138.260: [GC (GCLocker Initiated GC) [PSYoungGen: 88064K->86306K(175104K)] 146792K->151109K(699392K), 0.0276286 secs] [Times: user=0.37 sys=0.00, real=0.03 secs] 
2016-09-24T01:06:25.857-0400: 138.443: [GC (GCLocker Initiated GC) [PSYoungGen: 174370K->18965K(175104K)] 263628K->200239K(699392K), 0.0092010 secs] [Times: user=0.11 sys=0.00, real=0.01 secs] 
2016-09-24T01:06:26.015-0400: 138.600: [GC (GCLocker Initiated GC) [PSYoungGen: 107029K->67437K(175104K)] 288362K->248889K(699392K), 0.0205928 secs] [Times: user=0.22 sys=0.01, real=0.02 secs] 
2016-09-24T01:06:26.168-0400: 138.753: [GC (GCLocker Initiated GC) [PSYoungGen: 155501K->85822K(175104K)] 337023K->316088K(699392K), 0.0145960 secs] [Times: user=0.17 sys=0.00, real=0.02 secs] 
2016-09-24T01:06:26.277-0400: 138.862: [GC (GCLocker Initiated GC) [PSYoungGen: 173886K->55187K(175104K)] 404200K->346550K(699392K), 0.0181085 secs] [Times: user=0.22 sys=0.00, real=0.02 secs] 
2016-09-24T01:06:26.413-0400: 138.998: [GC (GCLocker Initiated GC) [PSYoungGen: 143251K->61622K(175104K)] 441057K->402064K(699392K), 0.0185963 secs] [Times: user=0.16 sys=0.00, real=0.02 secs] 
2016-09-24T01:06:26.547-0400: 139.133: [GC (GCLocker Initiated GC) [PSYoungGen: 149686K->85954K(175104K)] 490310K->451193K(699392K), 0.0141731 secs] [Times: user=0.18 sys=0.00, real=0.01 secs] 
2016-09-24T01:06:26.689-0400: 139.275: [GC (GCLocker Initiated GC) [PSYoungGen: 174018K->85822K(175104K)] 539299K->518228K(699392K), 0.0115956 secs] [Times: user=0.17 sys=0.00, real=0.01 secs] 
2016-09-24T01:06:26.701-0400: 139.287: [Full GC (Ergonomics) [PSYoungGen: 85822K->0K(175104K)] [ParOldGen: 432406K->52839K(524288K)] 518228K->52839K(699392K), [Metaspace: 44439K->44439K(1087488K)], 0.0661240 secs] [Times: user=0.44 sys=0.03, real=0.07 secs] 
2016-09-24T01:06:26.872-0400: 139.458: [GC (GCLocker Initiated GC) [PSYoungGen: 88064K->85790K(175104K)] 140990K->138716K(699392K), 0.0125049 secs] [Times: user=0.10 sys=0.01, real=0.02 secs] 
2016-09-24T01:06:26.998-0400: 139.583: [GC (GCLocker Initiated GC) [PSYoungGen: 173854K->43333K(175104K)] 226782K->175783K(699392K), 0.0231497 secs] [Times: user=0.26 sys=0.01, real=0.02 secs] 
2016-09-24T01:06:27.134-0400: 139.719: [GC (GCLocker Initiated GC) [PSYoungGen: 131397K->55155K(175104K)] 263979K->188152K(699392K), 0.0088047 secs] [Times: user=0.07 sys=0.00, real=0.02 secs] 
2016-09-24T01:06:27.296-0400: 139.881: [GC (GCLocker Initiated GC) [PSYoungGen: 143219K->55483K(175104K)] 288576K->261725K(699392K), 0.0150533 secs] [Times: user=0.17 sys=0.00, real=0.01 secs] 
2016-09-24T01:06:27.449-0400: 140.035: [GC (GCLocker Initiated GC) [PSYoungGen: 143547K->43237K(175104K)] 356125K->256051K(699392K), 0.0319221 secs] [Times: user=0.31 sys=0.01, real=0.03 secs] 
2016-09-24T01:06:27.610-0400: 140.195: [GC (Allocation Failure) [PSYoungGen: 131301K->55351K(175104K)] 356609K->299135K(699392K), 0.0128041 secs] [Times: user=0.10 sys=0.01, real=0.02 secs] 
2016-09-24T01:06:27.732-0400: 140.317: [GC (GCLocker Initiated GC) [PSYoungGen: 143415K->55579K(175104K)] 387199K->299499K(699392K), 0.0141163 secs] [Times: user=0.18 sys=0.00, real=0.02 secs] 
2016-09-24T01:06:27.864-0400: 140.449: [GC (GCLocker Initiated GC) [PSYoungGen: 143643K->55451K(175104K)] 393686K->342236K(699392K), 0.0169683 secs] [Times: user=0.20 sys=0.01, real=0.01 secs] 
2016-09-24T01:06:27.992-0400: 140.577: [GC (GCLocker Initiated GC) [PSYoungGen: 143515K->43105K(175104K)] 430353K->385073K(699392K), 0.0197290 secs] [Times: user=0.21 sys=0.00, real=0.02 secs] 
2016-09-24T01:06:28.123-0400: 140.709: [GC (GCLocker Initiated GC) [PSYoungGen: 131169K->73740K(175104K)] 473325K->428313K(699392K), 0.0142512 secs] [Times: user=0.10 sys=0.00, real=0.01 secs] 
2016-09-24T01:06:28.280-0400: 140.866: [GC (GCLocker Initiated GC) [PSYoungGen: 161804K->67469K(175104K)] 522701K->465272K(699392K), 0.0220755 secs] [Times: user=0.24 sys=0.00, real=0.03 secs] 
2016-09-24T01:06:28.448-0400: 141.033: [GC (GCLocker Initiated GC) [PSYoungGen: 155533K->73740K(175104K)] 553646K->490214K(699392K), 0.0111711 secs] [Times: user=0.12 sys=0.00, real=0.01 secs] 
2016-09-24T01:06:28.583-0400: 141.169: [GC (GCLocker Initiated GC) [PSYoungGen: 161804K->85726K(175104K)] 578314K->520728K(699392K), 0.0163187 secs] [Times: user=0.17 sys=0.00, real=0.01 secs] 
2016-09-24T01:06:28.704-0400: 141.290: [Full GC (Ergonomics) [PSYoungGen: 173790K->0K(175104K)] [ParOldGen: 441187K->59018K(524288K)] 614977K->59018K(699392K), [Metaspace: 44452K->44452K(1087488K)], 0.0664753 secs] [Times: user=0.41 sys=0.00, real=0.06 secs] 
2016-09-24T01:06:28.891-0400: 141.477: [GC (GCLocker Initiated GC) [PSYoungGen: 88064K->86498K(175104K)] 147191K->151700K(699392K), 0.0165667 secs] [Times: user=0.22 sys=0.00, real=0.02 secs] 
2016-09-24T01:06:29.013-0400: 141.598: [GC (GCLocker Initiated GC) [PSYoungGen: 174562K->67469K(175104K)] 246054K->164392K(699392K), 0.0226758 secs] [Times: user=0.26 sys=0.00, real=0.03 secs] 
2016-09-24T01:06:29.157-0400: 141.742: [GC (GCLocker Initiated GC) [PSYoungGen: 155533K->86150K(175104K)] 252806K->189805K(699392K), 0.0127311 secs] [Times: user=0.14 sys=0.00, real=0.01 secs] 
2016-09-24T01:06:29.308-0400: 141.894: [GC (GCLocker Initiated GC) [PSYoungGen: 174214K->30891K(175104K)] 290184K->201952K(699392K), 0.0447766 secs] [Times: user=0.42 sys=0.00, real=0.04 secs] 
2016-09-24T01:06:29.491-0400: 142.077: [GC (GCLocker Initiated GC) [PSYoungGen: 118952K->55547K(175104K)] 296454K->251386K(699392K), 0.0131232 secs] [Times: user=0.16 sys=0.00, real=0.02 secs] 
2016-09-24T01:06:29.627-0400: 142.213: [GC (GCLocker Initiated GC) [PSYoungGen: 143611K->61102K(175104K)] 339497K->275473K(699392K), 0.0325156 secs] [Times: user=0.39 sys=0.00, real=0.03 secs] 
2016-09-24T01:06:29.783-0400: 142.369: [GC (GCLocker Initiated GC) [PSYoungGen: 149166K->67797K(175104K)] 363825K->300824K(699392K), 0.0318551 secs] [Times: user=0.32 sys=0.01, real=0.03 secs] 
2016-09-24T01:06:29.923-0400: 142.509: [GC (GCLocker Initiated GC) [PSYoungGen: 155861K->67469K(175104K)] 395196K->344029K(699392K), 0.0305597 secs] [Times: user=0.36 sys=0.00, real=0.02 secs] 
2016-09-24T01:06:30.073-0400: 142.658: [GC (GCLocker Initiated GC) [PSYoungGen: 155533K->55383K(175104K)] 438362K->368723K(699392K), 0.0310127 secs] [Times: user=0.40 sys=0.00, real=0.04 secs] 
2016-09-24T01:06:30.232-0400: 142.817: [GC (GCLocker Initiated GC) [PSYoungGen: 143447K->67601K(175104K)] 463099K->405729K(699392K), 0.0167754 secs] [Times: user=0.11 sys=0.01, real=0.02 secs] 
2016-09-24T01:06:30.367-0400: 142.953: [GC (GCLocker Initiated GC) [PSYoungGen: 155665K->55383K(175104K)] 493902K->412129K(699392K), 0.0365627 secs] [Times: user=0.42 sys=0.01, real=0.04 secs] 
2016-09-24T01:06:30.515-0400: 143.100: [GC (GCLocker Initiated GC) [PSYoungGen: 143447K->79719K(175104K)] 506489K->461113K(699392K), 0.0142253 secs] [Times: user=0.14 sys=0.00, real=0.01 secs] 
2016-09-24T01:06:30.666-0400: 143.252: [GC (GCLocker Initiated GC) [PSYoungGen: 167783K->85662K(175104K)] 549381K->516308K(699392K), 0.0415232 secs] [Times: user=0.47 sys=0.00, real=0.04 secs] 
2016-09-24T01:06:30.826-0400: 143.412: [GC (Allocation Failure) [PSYoungGen: 173726K->67405K(175104K)] 604728K->529041K(699392K), 0.0208633 secs] [Times: user=0.22 sys=0.00, real=0.02 secs] 
2016-09-24T01:06:30.847-0400: 143.433: [Full GC (Ergonomics) [PSYoungGen: 67405K->0K(175104K)] [ParOldGen: 461636K->53378K(524288K)] 529041K->53378K(699392K), [Metaspace: 44452K->44452K(1087488K)], 0.0611967 secs] [Times: user=0.35 sys=0.01, real=0.06 secs] 
2016-09-24T01:06:31.032-0400: 143.617: [GC (GCLocker Initiated GC) [PSYoungGen: 83534K->85986K(175104K)] 142988K->151514K(699392K), 0.0104894 secs] [Times: user=0.12 sys=0.00, real=0.02 secs] 
2016-09-24T01:06:31.158-0400: 143.744: [GC (GCLocker Initiated GC) [PSYoungGen: 174050K->55479K(175104K)] 245859K->182435K(699392K), 0.0108101 secs] [Times: user=0.14 sys=0.00, real=0.01 secs] 
2016-09-24T01:06:31.282-0400: 143.868: [GC (Allocation Failure) [PSYoungGen: 143543K->73708K(175104K)] 270646K->213253K(699392K), 0.0146654 secs] [Times: user=0.14 sys=0.01, real=0.01 secs] 
2016-09-24T01:06:31.424-0400: 144.009: [GC (GCLocker Initiated GC) [PSYoungGen: 161769K->73412K(175104K)] 301320K->225544K(699392K), 0.0225960 secs] [Times: user=0.24 sys=0.00, real=0.02 secs] 
2016-09-24T01:06:31.560-0400: 144.146: [GC (GCLocker Initiated GC) [PSYoungGen: 161476K->79587K(175104K)] 314376K->232615K(699392K), 0.0100105 secs] [Times: user=0.12 sys=0.01, real=0.01 secs] 
2016-09-24T01:06:31.681-0400: 144.267: [GC (Allocation Failure) [PSYoungGen: 167648K->85790K(175104K)] 321032K->300254K(699392K), 0.0126928 secs] [Times: user=0.18 sys=0.00, real=0.01 secs] 
2016-09-24T01:06:31.818-0400: 144.404: [GC (GCLocker Initiated GC) [PSYoungGen: 173854K->73704K(175104K)] 388826K->319343K(699392K), 0.0123247 secs] [Times: user=0.14 sys=0.00, real=0.01 secs] 
2016-09-24T01:06:31.943-0400: 144.529: [GC (GCLocker Initiated GC) [PSYoungGen: 161768K->85922K(175104K)] 407455K->386435K(699392K), 0.0198579 secs] [Times: user=0.27 sys=0.00, real=0.02 secs] 
2016-09-24T01:06:32.098-0400: 144.683: [GC (GCLocker Initiated GC) [PSYoungGen: 173986K->55255K(175104K)] 481120K->405510K(699392K), 0.0197056 secs] [Times: user=0.22 sys=0.00, real=0.02 secs] 
2016-09-24T01:06:32.252-0400: 144.837: [GC (GCLocker Initiated GC) [PSYoungGen: 143319K->85726K(175104K)] 493868K->442658K(699392K), 0.0096143 secs] [Times: user=0.11 sys=0.00, real=0.01 secs] 
2016-09-24T01:06:32.380-0400: 144.965: [GC (GCLocker Initiated GC) [PSYoungGen: 173790K->42941K(175104K)] 531322K->449341K(699392K), 0.0232822 secs] [Times: user=0.25 sys=0.01, real=0.03 secs] 
2016-09-24T01:06:32.514-0400: 145.100: [GC (GCLocker Initiated GC) [PSYoungGen: 131005K->67633K(175104K)] 543634K->510749K(699392K), 0.0197568 secs] [Times: user=0.23 sys=0.00, real=0.02 secs] 
2016-09-24T01:06:32.661-0400: 145.246: [Full GC (Ergonomics) [PSYoungGen: 155697K->0K(175104K)] [ParOldGen: 449283K->46720K(524288K)] 604980K->46720K(699392K), [Metaspace: 44456K->44456K(1087488K)], 0.0751091 secs] [Times: user=0.55 sys=0.00, real=0.08 secs] 
2016-09-24T01:06:32.864-0400: 145.449: [GC (GCLocker Initiated GC) [PSYoungGen: 88064K->86210K(175104K)] 141192K->151488K(699392K), 0.0104551 secs] [Times: user=0.11 sys=0.01, real=0.01 secs] 
2016-09-24T01:06:33.013-0400: 145.599: [GC (GCLocker Initiated GC) [PSYoungGen: 174274K->73704K(175104K)] 239913K->176528K(699392K), 0.0089655 secs] [Times: user=0.13 sys=0.00, real=0.02 secs] 
2016-09-24T01:06:33.142-0400: 145.728: [GC (GCLocker Initiated GC) [PSYoungGen: 161768K->85986K(175104K)] 264875K->213552K(699392K), 0.0119700 secs] [Times: user=0.14 sys=0.01, real=0.02 secs] 
2016-09-24T01:06:33.286-0400: 145.872: [GC (GCLocker Initiated GC) [PSYoungGen: 174050K->49376K(175104K)] 307906K->225853K(699392K), 0.0155530 secs] [Times: user=0.14 sys=0.00, real=0.01 secs] 
2016-09-24T01:06:33.426-0400: 146.011: [GC (GCLocker Initiated GC) [PSYoungGen: 137440K->55387K(175104K)] 320173K->238371K(699392K), 0.0245091 secs] [Times: user=0.25 sys=0.00, real=0.02 secs] 
2016-09-24T01:06:33.546-0400: 146.132: [GC (GCLocker Initiated GC) [PSYoungGen: 143451K->67209K(175104K)] 327234K->251080K(699392K), 0.0214809 secs] [Times: user=0.20 sys=0.00, real=0.02 secs] 
2016-09-24T01:06:33.679-0400: 146.264: [GC (GCLocker Initiated GC) [PSYoungGen: 155273K->73740K(175104K)] 351492K->306537K(699392K), 0.0109410 secs] [Times: user=0.12 sys=0.00, real=0.01 secs] 
2016-09-24T01:06:33.820-0400: 146.406: [GC (GCLocker Initiated GC) [PSYoungGen: 161804K->85990K(175104K)] 394649K->361791K(699392K), 0.0175607 secs] [Times: user=0.17 sys=0.00, real=0.02 secs] 
2016-09-24T01:06:33.937-0400: 146.522: [GC (GCLocker Initiated GC) [PSYoungGen: 174054K->73672K(175104K)] 450154K->422832K(699392K), 0.0113070 secs] [Times: user=0.17 sys=0.00, real=0.01 secs] 
2016-09-24T01:06:34.065-0400: 146.650: [GC (GCLocker Initiated GC) [PSYoungGen: 161736K->85922K(175104K)] 511100K->484170K(699392K), 0.0163340 secs] [Times: user=0.21 sys=0.00, real=0.01 secs] 
2016-09-24T01:06:34.234-0400: 146.820: [GC (GCLocker Initiated GC) [PSYoungGen: 173986K->85758K(175104K)] 572400K->526980K(699392K), 0.0119405 secs] [Times: user=0.14 sys=0.01, real=0.02 secs] 
2016-09-24T01:06:34.246-0400: 146.832: [Full GC (Ergonomics) [PSYoungGen: 85758K->0K(175104K)] [ParOldGen: 441222K->47058K(524288K)] 526980K->47058K(699392K), [Metaspace: 44456K->44456K(1087488K)], 0.0595811 secs] [Times: user=0.35 sys=0.01, real=0.06 secs] 
2016-09-24T01:06:34.438-0400: 147.024: [GC (GCLocker Initiated GC) [PSYoungGen: 88064K->85918K(175104K)] 135394K->157548K(699392K), 0.0161705 secs] [Times: user=0.20 sys=0.00, real=0.02 secs] 
2016-09-24T01:06:34.557-0400: 147.143: [GC (GCLocker Initiated GC) [PSYoungGen: 173982K->85658K(175104K)] 251730K->224736K(699392K), 0.0171588 secs] [Times: user=0.26 sys=0.01, real=0.02 secs] 
2016-09-24T01:06:34.714-0400: 147.299: [GC (GCLocker Initiated GC) [PSYoungGen: 173722K->61722K(175104K)] 318989K->298258K(699392K), 0.0135639 secs] [Times: user=0.19 sys=0.00, real=0.02 secs] 
2016-09-24T01:06:34.834-0400: 147.419: [GC (GCLocker Initiated GC) [PSYoungGen: 149786K->55351K(175104K)] 392539K->347324K(699392K), 0.0087387 secs] [Times: user=0.10 sys=0.00, real=0.02 secs] 
2016-09-24T01:06:34.955-0400: 147.541: [GC (Allocation Failure) [PSYoungGen: 143415K->61266K(175104K)] 435401K->371565K(699392K), 0.0153407 secs] [Times: user=0.11 sys=0.00, real=0.01 secs] 
2016-09-24T01:06:35.097-0400: 147.683: [GC (GCLocker Initiated GC) [PSYoungGen: 149330K->49376K(175104K)] 459634K->396578K(699392K), 0.0145166 secs] [Times: user=0.15 sys=0.00, real=0.01 secs] 
2016-09-24T01:06:35.251-0400: 147.837: [GC (GCLocker Initiated GC) [PSYoungGen: 137440K->49376K(175104K)] 497147K->409482K(699392K), 0.0130307 secs] [Times: user=0.10 sys=0.00, real=0.02 secs] 
2016-09-24T01:06:35.416-0400: 148.001: [GC (GCLocker Initiated GC) [PSYoungGen: 137440K->55287K(175104K)] 509778K->445969K(699392K), 0.0098657 secs] [Times: user=0.10 sys=0.00, real=0.01 secs] 
2016-09-24T01:06:35.535-0400: 148.121: [GC (GCLocker Initiated GC) [PSYoungGen: 143351K->85822K(175104K)] 534094K->537482K(699392K), 0.0115061 secs] [Times: user=0.14 sys=0.00, real=0.01 secs] 
2016-09-24T01:06:35.547-0400: 148.132: [Full GC (Ergonomics) [PSYoungGen: 85822K->0K(175104K)] [ParOldGen: 451660K->53216K(524288K)] 537482K->53216K(699392K), [Metaspace: 44456K->44456K(1087488K)], 0.0640203 secs] [Times: user=0.46 sys=0.02, real=0.06 secs] 
2016-09-24T01:06:35.731-0400: 148.316: [GC (GCLocker Initiated GC) [PSYoungGen: 88064K->86890K(175104K)] 141445K->158496K(699392K), 0.0088317 secs] [Times: user=0.11 sys=0.01, real=0.01 secs] 
2016-09-24T01:06:35.855-0400: 148.441: [GC (GCLocker Initiated GC) [PSYoungGen: 174954K->85690K(175104K)] 246608K->213175K(699392K), 0.0126488 secs] [Times: user=0.18 sys=0.01, real=0.01 secs] 
2016-09-24T01:06:36.000-0400: 148.586: [GC (GCLocker Initiated GC) [PSYoungGen: 173754K->37222K(175104K)] 307319K->231665K(699392K), 0.0092598 secs] [Times: user=0.13 sys=0.01, real=0.01 secs] 
2016-09-24T01:06:36.119-0400: 148.704: [GC (GCLocker Initiated GC) [PSYoungGen: 125286K->85790K(175104K)] 320085K->287003K(699392K), 0.0167849 secs] [Times: user=0.25 sys=0.01, real=0.02 secs] 
2016-09-24T01:06:36.263-0400: 148.849: [GC (GCLocker Initiated GC) [PSYoungGen: 173854K->79847K(175104K)] 375215K->305587K(699392K), 0.0154572 secs] [Times: user=0.14 sys=0.01, real=0.01 secs] 
2016-09-24T01:06:36.398-0400: 148.984: [GC (Allocation Failure) [PSYoungGen: 167911K->49084K(175104K)] 393968K->311850K(699392K), 0.0274032 secs] [Times: user=0.26 sys=0.00, real=0.03 secs] 
2016-09-24T01:06:36.552-0400: 149.138: [GC (Allocation Failure) [PSYoungGen: 137148K->49244K(175104K)] 399914K->354655K(699392K), 0.0152729 secs] [Times: user=0.15 sys=0.00, real=0.02 secs] 
2016-09-24T01:06:36.695-0400: 149.280: [GC (GCLocker Initiated GC) [PSYoungGen: 132628K->55255K(175104K)] 444114K->385225K(699392K), 0.0306682 secs] [Times: user=0.30 sys=0.00, real=0.03 secs] 
2016-09-24T01:06:36.826-0400: 149.411: [GC (GCLocker Initiated GC) [PSYoungGen: 143319K->79555K(175104K)] 473320K->409807K(699392K), 0.0133937 secs] [Times: user=0.10 sys=0.01, real=0.01 secs] 
2016-09-24T01:06:36.949-0400: 149.535: [GC (GCLocker Initiated GC) [PSYoungGen: 167619K->67825K(175104K)] 498238K->435178K(699392K), 0.0140217 secs] [Times: user=0.11 sys=0.00, real=0.02 secs] 
2016-09-24T01:06:37.065-0400: 149.650: [GC (GCLocker Initiated GC) [PSYoungGen: 155889K->67437K(175104K)] 523463K->483886K(699392K), 0.0126441 secs] [Times: user=0.13 sys=0.00, real=0.01 secs] 
2016-09-24T01:06:37.200-0400: 149.785: [GC (GCLocker Initiated GC) [PSYoungGen: 155501K->61462K(175104K)] 572094K->478306K(699392K), 0.0112268 secs] [Times: user=0.06 sys=0.00, real=0.01 secs] 
2016-09-24T01:06:37.327-0400: 149.913: [GC (GCLocker Initiated GC) [PSYoungGen: 149526K->85758K(175104K)] 566390K->581928K(699392K), 0.0138875 secs] [Times: user=0.19 sys=0.01, real=0.01 secs] 
2016-09-24T01:06:37.341-0400: 149.927: [Full GC (Ergonomics) [PSYoungGen: 85758K->0K(175104K)] [ParOldGen: 496170K->47328K(524288K)] 581928K->47328K(699392K), [Metaspace: 44456K->44456K(1087488K)], 0.0652085 secs] [Times: user=0.46 sys=0.02, real=0.07 secs] 
2016-09-24T01:06:37.538-0400: 150.124: [GC (GCLocker Initiated GC) [PSYoungGen: 88064K->86046K(175104K)] 135552K->157834K(699392K), 0.0095923 secs] [Times: user=0.13 sys=0.00, real=0.01 secs] 
2016-09-24T01:06:37.677-0400: 150.263: [GC (GCLocker Initiated GC) [PSYoungGen: 174110K->37094K(175104K)] 264468K->164465K(699392K), 0.0090373 secs] [Times: user=0.11 sys=0.00, real=0.01 secs] 
2016-09-24T01:06:37.810-0400: 150.395: [GC (GCLocker Initiated GC) [PSYoungGen: 125158K->55283K(175104K)] 258650K->189075K(699392K), 0.0117188 secs] [Times: user=0.14 sys=0.01, real=0.01 secs] 
2016-09-24T01:06:37.935-0400: 150.521: [GC (GCLocker Initiated GC) [PSYoungGen: 143347K->79915K(175104K)] 277304K->232208K(699392K), 0.0125596 secs] [Times: user=0.12 sys=0.00, real=0.01 secs] 
2016-09-24T01:06:38.079-0400: 150.664: [GC (GCLocker Initiated GC) [PSYoungGen: 167979K->79715K(175104K)] 326389K->262857K(699392K), 0.0151088 secs] [Times: user=0.12 sys=0.00, real=0.01 secs] 
2016-09-24T01:06:38.228-0400: 150.813: [GC (GCLocker Initiated GC) [PSYoungGen: 167779K->55355K(175104K)] 350996K->250989K(699392K), 0.0245922 secs] [Times: user=0.25 sys=0.00, real=0.02 secs] 
2016-09-24T01:06:38.382-0400: 150.968: [GC (GCLocker Initiated GC) [PSYoungGen: 143419K->55255K(175104K)] 339365K->269709K(699392K), 0.0171144 secs] [Times: user=0.16 sys=0.00, real=0.01 secs] 
2016-09-24T01:06:38.553-0400: 151.139: [GC (GCLocker Initiated GC) [PSYoungGen: 143319K->37162K(175104K)] 376057K->312544K(699392K), 0.0266758 secs] [Times: user=0.28 sys=0.00, real=0.03 secs] 
2016-09-24T01:06:38.712-0400: 151.298: [GC (GCLocker Initiated GC) [PSYoungGen: 125226K->55223K(175104K)] 412822K->343062K(699392K), 0.0173675 secs] [Times: user=0.19 sys=0.00, real=0.02 secs] 
2016-09-24T01:06:38.875-0400: 151.460: [GC (Allocation Failure) [PSYoungGen: 143284K->43301K(175104K)] 437548K->374127K(699392K), 0.0280430 secs] [Times: user=0.30 sys=0.00, real=0.03 secs] 
2016-09-24T01:06:39.002-0400: 151.588: [GC (GCLocker Initiated GC) [PSYoungGen: 126360K->36934K(175104K)] 463261K->416783K(699392K), 0.0181083 secs] [Times: user=0.16 sys=0.00, real=0.02 secs] 
2016-09-24T01:06:39.137-0400: 151.722: [GC (GCLocker Initiated GC) [PSYoungGen: 124998K->67697K(175104K)] 511087K->484453K(699392K), 0.0339737 secs] [Times: user=0.41 sys=0.01, real=0.03 secs] 
2016-09-24T01:06:39.282-0400: 151.868: [GC (Allocation Failure) [PSYoungGen: 155761K->67633K(175104K)] 578891K->515650K(699392K), 0.0126097 secs] [Times: user=0.11 sys=0.00, real=0.02 secs] 
2016-09-24T01:06:39.424-0400: 152.010: [GC (GCLocker Initiated GC) [PSYoungGen: 150119K->55159K(175104K)] 604212K->527728K(699392K), 0.0131531 secs] [Times: user=0.12 sys=0.00, real=0.01 secs] 
2016-09-24T01:06:39.437-0400: 152.023: [Full GC (Ergonomics) [PSYoungGen: 55159K->0K(175104K)] [ParOldGen: 472569K->53457K(524288K)] 527728K->53457K(699392K), [Metaspace: 44471K->44471K(1087488K)], 0.0866696 secs] [Times: user=0.38 sys=0.01, real=0.09 secs] 
2016-09-24T01:06:39.667-0400: 152.253: [GC (Allocation Failure) [PSYoungGen: 88064K->73968K(175104K)] 160012K->145916K(699392K), 0.0113094 secs] [Times: user=0.12 sys=0.00, real=0.01 secs] 
2016-09-24T01:06:39.794-0400: 152.380: [GC (GCLocker Initiated GC) [PSYoungGen: 162032K->73544K(175104K)] 233986K->218893K(699392K), 0.0124244 secs] [Times: user=0.17 sys=0.00, real=0.01 secs] 
2016-09-24T01:06:39.945-0400: 152.530: [GC (GCLocker Initiated GC) [PSYoungGen: 161608K->18936K(175104K)] 325358K->219404K(699392K), 0.0309758 secs] [Times: user=0.33 sys=0.00, real=0.03 secs] 
2016-09-24T01:06:40.084-0400: 152.669: [GC (GCLocker Initiated GC) [PSYoungGen: 107000K->73412K(175104K)] 307510K->274197K(699392K), 0.0147012 secs] [Times: user=0.12 sys=0.00, real=0.01 secs] 
2016-09-24T01:06:40.228-0400: 152.814: [GC (GCLocker Initiated GC) [PSYoungGen: 161476K->43237K(175104K)] 362476K->274699K(699392K), 0.0188510 secs] [Times: user=0.16 sys=0.01, real=0.02 secs] 
2016-09-24T01:06:40.340-0400: 152.925: [GC (GCLocker Initiated GC) [PSYoungGen: 131301K->85822K(175104K)] 362856K->336066K(699392K), 0.0312258 secs] [Times: user=0.37 sys=0.00, real=0.03 secs] 
2016-09-24T01:06:40.474-0400: 153.060: [GC (GCLocker Initiated GC) [PSYoungGen: 173886K->86150K(175104K)] 424189K->421670K(699392K), 0.0139345 secs] [Times: user=0.18 sys=0.00, real=0.02 secs] 
2016-09-24T01:06:40.612-0400: 153.198: [GC (Allocation Failure) [PSYoungGen: 174214K->61654K(175104K)] 515981K->470693K(699392K), 0.0122641 secs] [Times: user=0.14 sys=0.00, real=0.02 secs] 
2016-09-24T01:06:40.625-0400: 153.211: [GC (GCLocker Initiated GC) [PSYoungGen: 61880K->96K(175104K)] 470920K->482676K(699392K), 0.0110063 secs] [Times: user=0.11 sys=0.00, real=0.01 secs] 
2016-09-24T01:06:40.636-0400: 153.222: [Full GC (Ergonomics) [PSYoungGen: 96K->0K(175104K)] [ParOldGen: 482580K->46807K(524288K)] 482676K->46807K(699392K), [Metaspace: 44473K->44473K(1087488K)], 0.0644667 secs] [Times: user=0.44 sys=0.00, real=0.06 secs] 
2016-09-24T01:06:40.793-0400: 153.378: [GC (GCLocker Initiated GC) [PSYoungGen: 84838K->86142K(175104K)] 137720K->181549K(699392K), 0.0095839 secs] [Times: user=0.14 sys=0.00, real=0.02 secs] 
2016-09-24T01:06:40.924-0400: 153.510: [GC (GCLocker Initiated GC) [PSYoungGen: 174206K->73836K(175104K)] 269896K->224764K(699392K), 0.0230405 secs] [Times: user=0.27 sys=0.01, real=0.02 secs] 
2016-09-24T01:06:41.060-0400: 153.646: [GC (GCLocker Initiated GC) [PSYoungGen: 161900K->85790K(175104K)] 312888K->255271K(699392K), 0.0152837 secs] [Times: user=0.17 sys=0.00, real=0.02 secs] 
2016-09-24T01:06:41.207-0400: 153.793: [GC (GCLocker Initiated GC) [PSYoungGen: 173854K->49116K(175104K)] 349475K->261290K(699392K), 0.0113469 secs] [Times: user=0.09 sys=0.00, real=0.01 secs] 
2016-09-24T01:06:41.339-0400: 153.925: [GC (GCLocker Initiated GC) [PSYoungGen: 137180K->85562K(175104K)] 349575K->322572K(699392K), 0.0229922 secs] [Times: user=0.27 sys=0.00, real=0.03 secs] 
2016-09-24T01:06:41.499-0400: 154.084: [GC (Allocation Failure) [PSYoungGen: 173626K->37258K(175104K)] 422811K->304787K(699392K), 0.0072363 secs] [Times: user=0.08 sys=0.00, real=0.01 secs] 
2016-09-24T01:06:41.623-0400: 154.208: [GC (GCLocker Initiated GC) [PSYoungGen: 125317K->85758K(175104K)] 392852K->353600K(699392K), 0.0132788 secs] [Times: user=0.12 sys=0.00, real=0.01 secs] 
2016-09-24T01:06:41.733-0400: 154.319: [GC (GCLocker Initiated GC) [PSYoungGen: 173822K->85954K(175104K)] 447787K->414753K(699392K), 0.0147382 secs] [Times: user=0.16 sys=0.00, real=0.02 secs] 
2016-09-24T01:06:41.887-0400: 154.473: [GC (GCLocker Initiated GC) [PSYoungGen: 174018K->49116K(175104K)] 515060K->439010K(699392K), 0.0248057 secs] [Times: user=0.20 sys=0.00, real=0.02 secs] 
2016-09-24T01:06:42.044-0400: 154.630: [GC (GCLocker Initiated GC) [PSYoungGen: 137180K->73704K(175104K)] 533460K->524795K(699392K), 0.0119603 secs] [Times: user=0.16 sys=0.00, real=0.01 secs] 
2016-09-24T01:06:42.056-0400: 154.642: [Full GC (Ergonomics) [PSYoungGen: 73704K->0K(175104K)] [ParOldGen: 451090K->52830K(524288K)] 524795K->52830K(699392K), [Metaspace: 44473K->44473K(1087488K)], 0.0602928 secs] [Times: user=0.39 sys=0.01, real=0.06 secs] 
2016-09-24T01:06:42.258-0400: 154.844: [GC (GCLocker Initiated GC) [PSYoungGen: 88064K->79983K(175104K)] 141154K->133073K(699392K), 0.0098462 secs] [Times: user=0.09 sys=0.00, real=0.01 secs] 
2016-09-24T01:06:42.396-0400: 154.981: [GC (GCLocker Initiated GC) [PSYoungGen: 168047K->37158K(175104K)] 227254K->151988K(699392K), 0.0120223 secs] [Times: user=0.14 sys=0.00, real=0.01 secs] 
2016-09-24T01:06:42.511-0400: 155.097: [GC (GCLocker Initiated GC) [PSYoungGen: 125222K->85790K(175104K)] 240088K->279962K(699392K), 0.0120807 secs] [Times: user=0.17 sys=0.00, real=0.02 secs] 
2016-09-24T01:06:42.667-0400: 155.253: [GC (Allocation Failure) [PSYoungGen: 173854K->43265K(175104K)] 380189K->316725K(699392K), 0.0105301 secs] [Times: user=0.14 sys=0.01, real=0.01 secs] 
2016-09-24T01:06:42.832-0400: 155.417: [GC (GCLocker Initiated GC) [PSYoungGen: 131329K->73508K(175104K)] 404790K->371576K(699392K), 0.0123266 secs] [Times: user=0.15 sys=0.00, real=0.02 secs] 
2016-09-24T01:06:42.952-0400: 155.538: [GC (Allocation Failure) [PSYoungGen: 161572K->85890K(175104K)] 459788K->396384K(699392K), 0.0173775 secs] [Times: user=0.26 sys=0.00, real=0.02 secs] 
2016-09-24T01:06:43.087-0400: 155.672: [GC (GCLocker Initiated GC) [PSYoungGen: 170033K->73640K(175104K)] 486603K->463432K(699392K), 0.0110291 secs] [Times: user=0.16 sys=0.01, real=0.01 secs] 
2016-09-24T01:06:43.216-0400: 155.801: [GC (Allocation Failure) [PSYoungGen: 161704K->85726K(175104K)] 551756K->481981K(699392K), 0.0208300 secs] [Times: user=0.24 sys=0.00, real=0.02 secs] 
2016-09-24T01:06:43.352-0400: 155.938: [GC (GCLocker Initiated GC) [PSYoungGen: 173790K->67501K(175104K)] 570051K->488345K(699392K), 0.0205855 secs] [Times: user=0.19 sys=0.00, real=0.02 secs] 
2016-09-24T01:06:43.373-0400: 155.959: [Full GC (Ergonomics) [PSYoungGen: 67501K->0K(175104K)] [ParOldGen: 420844K->58962K(524288K)] 488345K->58962K(699392K), [Metaspace: 44481K->44481K(1087488K)], 0.0611732 secs] [Times: user=0.35 sys=0.02, real=0.07 secs] 
2016-09-24T01:06:43.567-0400: 156.152: [GC (GCLocker Initiated GC) [PSYoungGen: 88064K->49728K(175104K)] 165315K->126979K(699392K), 0.0155404 secs] [Times: user=0.14 sys=0.00, real=0.02 secs] 
2016-09-24T01:06:43.701-0400: 156.287: [GC (GCLocker Initiated GC) [PSYoungGen: 137792K->73868K(175104K)] 215354K->188599K(699392K), 0.0178099 secs] [Times: user=0.17 sys=0.01, real=0.02 secs] 
2016-09-24T01:06:43.830-0400: 156.416: [GC (GCLocker Initiated GC) [PSYoungGen: 161932K->55355K(175104K)] 276694K->188414K(699392K), 0.0318877 secs] [Times: user=0.32 sys=0.00, real=0.04 secs] 
2016-09-24T01:06:43.956-0400: 156.541: [GC (GCLocker Initiated GC) [PSYoungGen: 143419K->79651K(175104K)] 282656K->249703K(699392K), 0.0287787 secs] [Times: user=0.34 sys=0.01, real=0.03 secs] 
2016-09-24T01:06:44.111-0400: 156.697: [GC (GCLocker Initiated GC) [PSYoungGen: 167715K->49344K(175104K)] 337816K->250079K(699392K), 0.0134772 secs] [Times: user=0.10 sys=0.00, real=0.02 secs] 
2016-09-24T01:06:44.267-0400: 156.853: [GC (GCLocker Initiated GC) [PSYoungGen: 137408K->49080K(175104K)] 350424K->304749K(699392K), 0.0090837 secs] [Times: user=0.10 sys=0.00, real=0.01 secs] 
2016-09-24T01:06:44.409-0400: 156.994: [GC (GCLocker Initiated GC) [PSYoungGen: 137144K->61198K(175104K)] 392861K->329168K(699392K), 0.0191685 secs] [Times: user=0.14 sys=0.00, real=0.02 secs] 
2016-09-24T01:06:44.540-0400: 157.126: [GC (GCLocker Initiated GC) [PSYoungGen: 149262K->61782K(175104K)] 423348K->408928K(699392K), 0.0097230 secs] [Times: user=0.12 sys=0.01, real=0.01 secs] 
2016-09-24T01:06:44.666-0400: 157.252: [GC (GCLocker Initiated GC) [PSYoungGen: 149846K->73740K(175104K)] 497236K->476112K(699392K), 0.0166436 secs] [Times: user=0.20 sys=0.00, real=0.02 secs] 
2016-09-24T01:06:44.813-0400: 157.398: [GC (GCLocker Initiated GC) [PSYoungGen: 161804K->61394K(175104K)] 570326K->488385K(699392K), 0.0153029 secs] [Times: user=0.15 sys=0.00, real=0.02 secs] 
2016-09-24T01:06:44.936-0400: 157.522: [GC (GCLocker Initiated GC) [PSYoungGen: 149458K->73640K(175104K)] 576680K->519231K(699392K), 0.0125853 secs] [Times: user=0.15 sys=0.00, real=0.01 secs] 
2016-09-24T01:06:44.949-0400: 157.534: [Full GC (Ergonomics) [PSYoungGen: 73640K->0K(175104K)] [ParOldGen: 445591K->52751K(524288K)] 519231K->52751K(699392K), [Metaspace: 44482K->44482K(1087488K)], 0.0653504 secs] [Times: user=0.42 sys=0.01, real=0.07 secs] 
2016-09-24T01:06:45.134-0400: 157.720: [GC (Allocation Failure) [PSYoungGen: 88064K->86734K(175104K)] 140913K->151733K(699392K), 0.0092044 secs] [Times: user=0.14 sys=0.00, real=0.01 secs] 
2016-09-24T01:06:45.249-0400: 157.835: [GC (GCLocker Initiated GC) [PSYoungGen: 170904K->73704K(175104K)] 241978K->163910K(699392K), 0.0098401 secs] [Times: user=0.13 sys=0.02, real=0.01 secs] 
2016-09-24T01:06:45.395-0400: 157.981: [GC (Allocation Failure) [PSYoungGen: 161768K->67533K(175104K)] 258120K->164200K(699392K), 0.0073847 secs] [Times: user=0.10 sys=0.00, real=0.01 secs] 
2016-09-24T01:06:45.510-0400: 158.096: [GC (GCLocker Initiated GC) [PSYoungGen: 155594K->49276K(175104K)] 252267K->188765K(699392K), 0.0233982 secs] [Times: user=0.24 sys=0.01, real=0.02 secs] 
2016-09-24T01:06:45.657-0400: 158.242: [GC (GCLocker Initiated GC) [PSYoungGen: 137340K->85890K(175104K)] 277197K->244067K(699392K), 0.0236854 secs] [Times: user=0.25 sys=0.00, real=0.02 secs] 
2016-09-24T01:06:45.794-0400: 158.380: [GC (Allocation Failure) [PSYoungGen: 173954K->49276K(175104K)] 332302K->244357K(699392K), 0.0094934 secs] [Times: user=0.10 sys=0.00, real=0.01 secs] 
2016-09-24T01:06:45.904-0400: 158.490: [GC (GCLocker Initiated GC) [PSYoungGen: 133383K->55351K(175104K)] 334540K->287002K(699392K), 0.0141706 secs] [Times: user=0.12 sys=0.00, real=0.01 secs] 
2016-09-24T01:06:46.060-0400: 158.646: [GC (GCLocker Initiated GC) [PSYoungGen: 143415K->67601K(175104K)] 381339K->324042K(699392K), 0.0158485 secs] [Times: user=0.16 sys=0.00, real=0.02 secs] 
2016-09-24T01:06:46.235-0400: 158.820: [GC (GCLocker Initiated GC) [PSYoungGen: 155665K->55415K(175104K)] 418458K->355105K(699392K), 0.0104900 secs] [Times: user=0.11 sys=0.00, real=0.01 secs] 
2016-09-24T01:06:46.346-0400: 158.931: [GC (GCLocker Initiated GC) [PSYoungGen: 143479K->73444K(175104K)] 443273K->373578K(699392K), 0.0094686 secs] [Times: user=0.12 sys=0.00, real=0.01 secs] 
2016-09-24T01:06:46.471-0400: 159.057: [GC (Allocation Failure) [PSYoungGen: 161508K->86477K(175104K)] 461694K->429333K(699392K), 0.0108448 secs] [Times: user=0.16 sys=0.00, real=0.02 secs] 
2016-09-24T01:06:46.602-0400: 159.188: [GC (GCLocker Initiated GC) [PSYoungGen: 172547K->49148K(175104K)] 521478K->434967K(699392K), 0.0136399 secs] [Times: user=0.13 sys=0.00, real=0.02 secs] 
2016-09-24T01:06:46.723-0400: 159.308: [GC (GCLocker Initiated GC) [PSYoungGen: 137212K->49180K(175104K)] 529254K->471717K(699392K), 0.0122227 secs] [Times: user=0.13 sys=0.00, real=0.01 secs] 
2016-09-24T01:06:46.856-0400: 159.442: [GC (Allocation Failure) [PSYoungGen: 137244K->79687K(175104K)] 559873K->520817K(699392K), 0.0240724 secs] [Times: user=0.27 sys=0.00, real=0.02 secs] 
2016-09-24T01:06:47.014-0400: 159.599: [GC (Allocation Failure) [PSYoungGen: 167696K->61326K(175104K)] 608826K->557758K(699392K), 0.0097633 secs] [Times: user=0.12 sys=0.01, real=0.02 secs] 
2016-09-24T01:06:47.023-0400: 159.609: [Full GC (Ergonomics) [PSYoungGen: 61326K->0K(175104K)] [ParOldGen: 496432K->47144K(524288K)] 557758K->47144K(699392K), [Metaspace: 44485K->44485K(1087488K)], 0.0658244 secs] [Times: user=0.48 sys=0.01, real=0.06 secs] 
2016-09-24T01:06:47.200-0400: 159.786: [GC (GCLocker Initiated GC) [PSYoungGen: 88064K->86274K(175104K)] 135213K->175948K(699392K), 0.0126254 secs] [Times: user=0.19 sys=0.00, real=0.01 secs] 
2016-09-24T01:06:47.343-0400: 159.929: [GC (GCLocker Initiated GC) [PSYoungGen: 174338K->37222K(175104K)] 264087K->200599K(699392K), 0.0105572 secs] [Times: user=0.13 sys=0.00, real=0.00 secs] 
2016-09-24T01:06:47.456-0400: 160.041: [GC (GCLocker Initiated GC) [PSYoungGen: 125286K->80075K(175104K)] 288996K->304663K(699392K), 0.0241407 secs] [Times: user=0.31 sys=0.00, real=0.02 secs] 
2016-09-24T01:06:47.612-0400: 160.198: [GC (GCLocker Initiated GC) [PSYoungGen: 168139K->49472K(175104K)] 398984K->317034K(699392K), 0.0105893 secs] [Times: user=0.10 sys=0.00, real=0.02 secs] 
2016-09-24T01:06:47.735-0400: 160.321: [GC (GCLocker Initiated GC) [PSYoungGen: 137536K->73640K(175104K)] 405207K->396310K(699392K), 0.0327491 secs] [Times: user=0.44 sys=0.00, real=0.03 secs] 
2016-09-24T01:06:47.908-0400: 160.494: [GC (Allocation Failure) [PSYoungGen: 161704K->37549K(175104K)] 502865K->415484K(699392K), 0.0142205 secs] [Times: user=0.18 sys=0.00, real=0.02 secs] 
2016-09-24T01:06:48.054-0400: 160.640: [GC (GCLocker Initiated GC) [PSYoungGen: 122034K->55483K(175104K)] 506044K->439760K(699392K), 0.0093060 secs] [Times: user=0.07 sys=0.01, real=0.02 secs] 
2016-09-24T01:06:48.212-0400: 160.797: [GC (GCLocker Initiated GC) [PSYoungGen: 143547K->36998K(175104K)] 546303K->458238K(699392K), 0.0111741 secs] [Times: user=0.08 sys=0.01, real=0.02 secs] 
2016-09-24T01:06:48.329-0400: 160.914: [GC (GCLocker Initiated GC) [PSYoungGen: 125062K->85662K(175104K)] 546451K->513261K(699392K), 0.0169753 secs] [Times: user=0.18 sys=0.01, real=0.02 secs] 
2016-09-24T01:06:48.463-0400: 161.049: [GC (GCLocker Initiated GC) [PSYoungGen: 173726K->73512K(175104K)] 607553K->550132K(699392K), 0.0591345 secs] [Times: user=0.60 sys=0.00, real=0.06 secs] 
2016-09-24T01:06:48.523-0400: 161.108: [Full GC (Ergonomics) [PSYoungGen: 73512K->0K(175104K)] [ParOldGen: 476620K->52932K(524288K)] 550132K->52932K(699392K), [Metaspace: 44490K->44490K(1087488K)], 0.0672499 secs] [Times: user=0.39 sys=0.01, real=0.06 secs] 
2016-09-24T01:06:48.736-0400: 161.322: [GC (GCLocker Initiated GC) [PSYoungGen: 88064K->74060K(175104K)] 159458K->145454K(699392K), 0.0220021 secs] [Times: user=0.29 sys=0.00, real=0.02 secs] 
2016-09-24T01:06:48.885-0400: 161.470: [GC (GCLocker Initiated GC) [PSYoungGen: 162124K->55351K(175104K)] 245817K->194595K(699392K), 0.0104885 secs] [Times: user=0.12 sys=0.01, real=0.01 secs] 
2016-09-24T01:06:49.012-0400: 161.597: [GC (GCLocker Initiated GC) [PSYoungGen: 143415K->67896K(175104K)] 289089K->237990K(699392K), 0.0148160 secs] [Times: user=0.11 sys=0.00, real=0.02 secs] 
2016-09-24T01:06:49.167-0400: 161.752: [GC (GCLocker Initiated GC) [PSYoungGen: 155960K->37158K(175104K)] 332446K->250541K(699392K), 0.0096200 secs] [Times: user=0.11 sys=0.00, real=0.01 secs] 
2016-09-24T01:06:49.316-0400: 161.901: [GC (GCLocker Initiated GC) [PSYoungGen: 125222K->73512K(175104K)] 344823K->293216K(699392K), 0.0168969 secs] [Times: user=0.19 sys=0.00, real=0.01 secs] 
2016-09-24T01:06:49.446-0400: 162.032: [GC (GCLocker Initiated GC) [PSYoungGen: 161576K->73444K(175104K)] 381480K->336165K(699392K), 0.0368259 secs] [Times: user=0.41 sys=0.00, real=0.04 secs] 
2016-09-24T01:06:49.593-0400: 162.178: [GC (GCLocker Initiated GC) [PSYoungGen: 161508K->74132K(175104K)] 424422K->349331K(699392K), 0.0190286 secs] [Times: user=0.15 sys=0.00, real=0.02 secs] 
2016-09-24T01:06:49.718-0400: 162.303: [GC (GCLocker Initiated GC) [PSYoungGen: 162196K->43169K(175104K)] 443585K->397914K(699392K), 0.0141912 secs] [Times: user=0.15 sys=0.00, real=0.01 secs] 
2016-09-24T01:06:49.853-0400: 162.439: [GC (GCLocker Initiated GC) [PSYoungGen: 131233K->49276K(175104K)] 492324K->477320K(699392K), 0.0138903 secs] [Times: user=0.14 sys=0.01, real=0.02 secs] 
2016-09-24T01:06:49.868-0400: 162.453: [Full GC (Ergonomics) [PSYoungGen: 49276K->0K(175104K)] [ParOldGen: 428044K->59431K(524288K)] 477320K->59431K(699392K), [Metaspace: 44494K->44494K(1087488K)], 0.0737091 secs] [Times: user=0.51 sys=0.00, real=0.07 secs] 
2016-09-24T01:06:50.073-0400: 162.658: [GC (Allocation Failure) [PSYoungGen: 88064K->86730K(175104K)] 147850K->170816K(699392K), 0.0096216 secs] [Times: user=0.12 sys=0.00, real=0.02 secs] 
2016-09-24T01:06:50.202-0400: 162.788: [GC (GCLocker Initiated GC) [PSYoungGen: 168795K->37094K(175104K)] 258957K->183038K(699392K), 0.0126895 secs] [Times: user=0.10 sys=0.00, real=0.01 secs] 
2016-09-24T01:06:50.354-0400: 162.940: [GC (GCLocker Initiated GC) [PSYoungGen: 125158K->61070K(175104K)] 271453K->225866K(699392K), 0.0174716 secs] [Times: user=0.18 sys=0.01, real=0.02 secs] 
2016-09-24T01:06:50.469-0400: 163.054: [GC (GCLocker Initiated GC) [PSYoungGen: 149134K->79811K(175104K)] 314095K->299607K(699392K), 0.0115617 secs] [Times: user=0.17 sys=0.00, real=0.01 secs] 
2016-09-24T01:06:50.609-0400: 163.194: [GC (Allocation Failure) [PSYoungGen: 167875K->68088K(175104K)] 393961K->330760K(699392K), 0.0124722 secs] [Times: user=0.16 sys=0.00, real=0.01 secs] 
2016-09-24T01:06:50.726-0400: 163.311: [GC (GCLocker Initiated GC) [PSYoungGen: 156152K->61394K(175104K)] 418830K->367208K(699392K), 0.0151148 secs] [Times: user=0.15 sys=0.01, real=0.01 secs] 
2016-09-24T01:06:50.846-0400: 163.431: [GC (GCLocker Initiated GC) [PSYoungGen: 149458K->85954K(175104K)] 455353K->470952K(699392K), 0.0141337 secs] [Times: user=0.20 sys=0.00, real=0.01 secs] 
2016-09-24T01:06:50.984-0400: 163.570: [GC (Allocation Failure) [PSYoungGen: 174018K->79715K(175104K)] 565228K->550411K(699392K), 0.0132391 secs] [Times: user=0.19 sys=0.01, real=0.01 secs] 
2016-09-24T01:06:50.998-0400: 163.583: [Full GC (Ergonomics) [PSYoungGen: 79715K->0K(175104K)] [ParOldGen: 470696K->53337K(524288K)] 550411K->53337K(699392K), [Metaspace: 44494K->44494K(1087488K)], 0.0627070 secs] [Times: user=0.38 sys=0.01, real=0.06 secs] 
2016-09-24T01:06:51.190-0400: 163.775: [GC (GCLocker Initiated GC) [PSYoungGen: 88064K->74292K(175104K)] 141403K->127631K(699392K), 0.0271241 secs] [Times: user=0.30 sys=0.01, real=0.03 secs] 
2016-09-24T01:06:51.355-0400: 163.940: [GC (GCLocker Initiated GC) [PSYoungGen: 162356K->31051K(175104K)] 234141K->140333K(699392K), 0.0098155 secs] [Times: user=0.10 sys=0.00, real=0.01 secs] 
2016-09-24T01:06:51.491-0400: 164.076: [GC (GCLocker Initiated GC) [PSYoungGen: 119115K->55906K(175104K)] 234762K->171814K(699392K), 0.0084871 secs] [Times: user=0.08 sys=0.00, real=0.01 secs] 
2016-09-24T01:06:51.636-0400: 164.222: [GC (GCLocker Initiated GC) [PSYoungGen: 143970K->73640K(175104K)] 272192K->220386K(699392K), 0.0089717 secs] [Times: user=0.12 sys=0.00, real=0.01 secs] 
2016-09-24T01:06:51.755-0400: 164.341: [GC (GCLocker Initiated GC) [PSYoungGen: 161704K->85886K(175104K)] 308497K->287514K(699392K), 0.0098835 secs] [Times: user=0.14 sys=0.00, real=0.01 secs] 
2016-09-24T01:06:51.884-0400: 164.469: [GC (GCLocker Initiated GC) [PSYoungGen: 173950K->79779K(175104K)] 375939K->342834K(699392K), 0.0116309 secs] [Times: user=0.16 sys=0.01, real=0.01 secs] 
2016-09-24T01:06:52.028-0400: 164.614: [GC (GCLocker Initiated GC) [PSYoungGen: 167843K->74000K(175104K)] 430933K->355607K(699392K), 0.0089440 secs] [Times: user=0.11 sys=0.00, real=0.01 secs] 
2016-09-24T01:06:52.166-0400: 164.751: [GC (GCLocker Initiated GC) [PSYoungGen: 162064K->37094K(175104K)] 449759K->343149K(699392K), 0.0173920 secs] [Times: user=0.22 sys=0.01, real=0.02 secs] 
2016-09-24T01:06:52.273-0400: 164.859: [GC (GCLocker Initiated GC) [PSYoungGen: 125158K->73512K(175104K)] 431529K->380142K(699392K), 0.0171313 secs] [Times: user=0.18 sys=0.00, real=0.02 secs] 
2016-09-24T01:06:52.428-0400: 165.013: [GC (GCLocker Initiated GC) [PSYoungGen: 161576K->55579K(175104K)] 474648K->405392K(699392K), 0.0122664 secs] [Times: user=0.13 sys=0.00, real=0.01 secs] 
2016-09-24T01:06:52.553-0400: 165.139: [GC (GCLocker Initiated GC) [PSYoungGen: 143643K->67793K(175104K)] 493717K->436556K(699392K), 0.0096162 secs] [Times: user=0.10 sys=0.00, real=0.02 secs] 
2016-09-24T01:06:52.672-0400: 165.258: [GC (GCLocker Initiated GC) [PSYoungGen: 155857K->85986K(175104K)] 524870K->497707K(699392K), 0.0104444 secs] [Times: user=0.14 sys=0.00, real=0.02 secs] 
2016-09-24T01:06:52.820-0400: 165.406: [GC (GCLocker Initiated GC) [PSYoungGen: 174050K->85758K(175104K)] 591894K->534449K(699392K), 0.0109960 secs] [Times: user=0.15 sys=0.00, real=0.01 secs] 
2016-09-24T01:06:52.831-0400: 165.417: [Full GC (Ergonomics) [PSYoungGen: 85758K->0K(175104K)] [ParOldGen: 448690K->53221K(524288K)] 534449K->53221K(699392K), [Metaspace: 44510K->44510K(1087488K)], 0.0664916 secs] [Times: user=0.42 sys=0.00, real=0.07 secs] 
2016-09-24T01:06:53.027-0400: 165.613: [GC (GCLocker Initiated GC) [PSYoungGen: 88064K->86474K(175104K)] 153483K->157968K(699392K), 0.0150160 secs] [Times: user=0.17 sys=0.00, real=0.01 secs] 
2016-09-24T01:06:53.153-0400: 165.739: [GC (Allocation Failure) [PSYoungGen: 174538K->55415K(175104K)] 246157K->231045K(699392K), 0.0143574 secs] [Times: user=0.19 sys=0.01, real=0.02 secs] 
2016-09-24T01:06:53.284-0400: 165.870: [GC (GCLocker Initiated GC) [PSYoungGen: 143479K->85986K(175104K)] 319115K->286214K(699392K), 0.0114426 secs] [Times: user=0.10 sys=0.00, real=0.01 secs] 
2016-09-24T01:06:53.452-0400: 166.037: [GC (GCLocker Initiated GC) [PSYoungGen: 174050K->73672K(175104K)] 374611K->311163K(699392K), 0.0096499 secs] [Times: user=0.14 sys=0.00, real=0.01 secs] 
2016-09-24T01:06:53.592-0400: 166.178: [GC (GCLocker Initiated GC) [PSYoungGen: 161736K->55451K(175104K)] 399515K->311566K(699392K), 0.0247124 secs] [Times: user=0.25 sys=0.00, real=0.03 secs] 
2016-09-24T01:06:53.748-0400: 166.334: [GC (GCLocker Initiated GC) [PSYoungGen: 143515K->55351K(175104K)] 412057K->342394K(699392K), 0.0170097 secs] [Times: user=0.21 sys=0.00, real=0.02 secs] 
2016-09-24T01:06:53.904-0400: 166.490: [GC (GCLocker Initiated GC) [PSYoungGen: 143415K->37617K(175104K)] 442867K->337182K(699392K), 0.0145557 secs] [Times: user=0.21 sys=0.00, real=0.01 secs] 
2016-09-24T01:06:54.036-0400: 166.621: [GC (Allocation Failure) [PSYoungGen: 125681K->55283K(175104K)] 425299K->373449K(699392K), 0.0095706 secs] [Times: user=0.12 sys=0.00, real=0.01 secs] 
2016-09-24T01:06:54.138-0400: 166.723: [GC (GCLocker Initiated GC) [PSYoungGen: 143347K->86118K(175104K)] 461514K->446946K(699392K), 0.0116632 secs] [Times: user=0.16 sys=0.00, real=0.01 secs] 
2016-09-24T01:06:54.268-0400: 166.854: [GC (GCLocker Initiated GC) [PSYoungGen: 174182K->85954K(175104K)] 535141K->508134K(699392K), 0.0212823 secs] [Times: user=0.26 sys=0.00, real=0.02 secs] 
2016-09-24T01:06:54.439-0400: 167.024: [GC (Allocation Failure) [PSYoungGen: 174018K->61458K(175104K)] 602483K->538986K(699392K), 0.0139633 secs] [Times: user=0.16 sys=0.00, real=0.01 secs] 
2016-09-24T01:06:54.453-0400: 167.039: [Full GC (Ergonomics) [PSYoungGen: 61458K->0K(175104K)] [ParOldGen: 477528K->52560K(524288K)] 538986K->52560K(699392K), [Metaspace: 44510K->44510K(1087488K)], 0.1148757 secs] [Times: user=1.13 sys=0.00, real=0.12 secs] 
2016-09-24T01:06:54.677-0400: 167.263: [GC (GCLocker Initiated GC) [PSYoungGen: 88064K->86406K(175104K)] 140629K->163272K(699392K), 0.0092910 secs] [Times: user=0.12 sys=0.01, real=0.01 secs] 
2016-09-24T01:06:54.799-0400: 167.385: [GC (GCLocker Initiated GC) [PSYoungGen: 174470K->73512K(175104K)] 251517K->212013K(699392K), 0.0210241 secs] [Times: user=0.26 sys=0.00, real=0.02 secs] 
2016-09-24T01:06:54.948-0400: 167.534: [GC (GCLocker Initiated GC) [PSYoungGen: 161576K->49148K(175104K)] 300410K->218616K(699392K), 0.0122177 secs] [Times: user=0.09 sys=0.00, real=0.01 secs] 
2016-09-24T01:06:55.082-0400: 167.667: [GC (GCLocker Initiated GC) [PSYoungGen: 137212K->73772K(175104K)] 307323K->262259K(699392K), 0.0116738 secs] [Times: user=0.12 sys=0.00, real=0.01 secs] 
2016-09-24T01:06:55.213-0400: 167.798: [GC (GCLocker Initiated GC) [PSYoungGen: 161836K->61358K(175104K)] 356452K->317187K(699392K), 0.0168077 secs] [Times: user=0.20 sys=0.00, real=0.02 secs] 
2016-09-24T01:06:55.403-0400: 167.989: [GC (GCLocker Initiated GC) [PSYoungGen: 149422K->55383K(175104K)] 417691K->378471K(699392K), 0.0102341 secs] [Times: user=0.15 sys=0.00, real=0.00 secs] 
2016-09-24T01:06:55.549-0400: 168.135: [GC (GCLocker Initiated GC) [PSYoungGen: 143447K->79815K(175104K)] 472770K->427646K(699392K), 0.0098460 secs] [Times: user=0.11 sys=0.00, real=0.01 secs] 
2016-09-24T01:06:55.678-0400: 168.264: [GC (Allocation Failure) [PSYoungGen: 167879K->79651K(175104K)] 515959K->476459K(699392K), 0.0224053 secs] [Times: user=0.25 sys=0.00, real=0.02 secs] 
2016-09-24T01:06:55.838-0400: 168.424: [GC (GCLocker Initiated GC) [PSYoungGen: 167715K->61298K(175104K)] 564529K->506979K(699392K), 0.0133901 secs] [Times: user=0.12 sys=0.00, real=0.01 secs] 
2016-09-24T01:06:55.852-0400: 168.437: [Full GC (Ergonomics) [PSYoungGen: 61298K->0K(175104K)] [ParOldGen: 445681K->46707K(524288K)] 506979K->46707K(699392K), [Metaspace: 44512K->44512K(1087488K)], 0.0646909 secs] [Times: user=0.46 sys=0.01, real=0.07 secs] 
2016-09-24T01:06:56.031-0400: 168.616: [GC (GCLocker Initiated GC) [PSYoungGen: 88064K->86242K(175104K)] 134941K->169570K(699392K), 0.0152083 secs] [Times: user=0.21 sys=0.00, real=0.02 secs] 
2016-09-24T01:06:56.185-0400: 168.770: [GC (GCLocker Initiated GC) [PSYoungGen: 174306K->73476K(175104K)] 257888K->212337K(699392K), 0.0099194 secs] [Times: user=0.15 sys=0.00, real=0.01 secs] 
2016-09-24T01:06:56.295-0400: 168.881: [GC (GCLocker Initiated GC) [PSYoungGen: 161540K->79879K(175104K)] 300554K->255479K(699392K), 0.0105958 secs] [Times: user=0.13 sys=0.00, real=0.01 secs] 
2016-09-24T01:06:56.431-0400: 169.017: [GC (GCLocker Initiated GC) [PSYoungGen: 167943K->49308K(175104K)] 343579K->286002K(699392K), 0.0096489 secs] [Times: user=0.13 sys=0.00, real=0.01 secs] 
2016-09-24T01:06:56.531-0400: 169.116: [GC (GCLocker Initiated GC) [PSYoungGen: 137372K->85986K(175104K)] 374113K->347178K(699392K), 0.0095022 secs] [Times: user=0.15 sys=0.00, real=0.01 secs] 
2016-09-24T01:06:56.647-0400: 169.232: [GC (GCLocker Initiated GC) [PSYoungGen: 174050K->85822K(175104K)] 435592K->420752K(699392K), 0.0134409 secs] [Times: user=0.19 sys=0.00, real=0.01 secs] 
2016-09-24T01:06:56.777-0400: 169.363: [GC (Allocation Failure) [PSYoungGen: 173886K->55647K(175104K)] 508947K->421202K(699392K), 0.0091690 secs] [Times: user=0.10 sys=0.00, real=0.01 secs] 
2016-09-24T01:06:56.906-0400: 169.492: [GC (GCLocker Initiated GC) [PSYoungGen: 143711K->48952K(175104K)] 509272K->432990K(699392K), 0.0227726 secs] [Times: user=0.23 sys=0.00, real=0.02 secs] 
2016-09-24T01:06:57.045-0400: 169.631: [GC (GCLocker Initiated GC) [PSYoungGen: 137016K->85662K(175104K)] 521191K->469949K(699392K), 0.0212264 secs] [Times: user=0.19 sys=0.00, real=0.02 secs] 
2016-09-24T01:06:57.182-0400: 169.768: [GC (GCLocker Initiated GC) [PSYoungGen: 173726K->43169K(175104K)] 558037K->506755K(699392K), 0.0206884 secs] [Times: user=0.19 sys=0.01, real=0.02 secs] 
2016-09-24T01:06:57.203-0400: 169.789: [Full GC (Ergonomics) [PSYoungGen: 43169K->0K(175104K)] [ParOldGen: 463586K->46752K(524288K)] 506755K->46752K(699392K), [Metaspace: 44512K->44512K(1087488K)], 0.0673446 secs] [Times: user=0.36 sys=0.01, real=0.06 secs] 
2016-09-24T01:06:57.389-0400: 169.975: [GC (GCLocker Initiated GC) [PSYoungGen: 88064K->73964K(175104K)] 135089K->120990K(699392K), 0.0174845 secs] [Times: user=0.17 sys=0.00, real=0.02 secs] 
2016-09-24T01:06:57.536-0400: 170.122: [GC (GCLocker Initiated GC) [PSYoungGen: 162028K->85890K(175104K)] 209349K->170216K(699392K), 0.0214027 secs] [Times: user=0.26 sys=0.01, real=0.02 secs] 
2016-09-24T01:06:57.691-0400: 170.277: [GC (Allocation Failure) [PSYoungGen: 173954K->24848K(175104K)] 270539K->176531K(699392K), 0.0111981 secs] [Times: user=0.07 sys=0.00, real=0.02 secs] 
2016-09-24T01:06:57.819-0400: 170.404: [GC (GCLocker Initiated GC) [PSYoungGen: 112912K->55319K(175104K)] 264596K->225331K(699392K), 0.0127587 secs] [Times: user=0.12 sys=0.00, real=0.01 secs] 
2016-09-24T01:06:57.928-0400: 170.514: [GC (GCLocker Initiated GC) [PSYoungGen: 143383K->79911K(175104K)] 313762K->250746K(699392K), 0.0158151 secs] [Times: user=0.19 sys=0.00, real=0.02 secs] 
2016-09-24T01:06:58.058-0400: 170.644: [GC (GCLocker Initiated GC) [PSYoungGen: 167975K->79583K(175104K)] 338864K->311506K(699392K), 0.0159771 secs] [Times: user=0.21 sys=0.00, real=0.02 secs] 
2016-09-24T01:06:58.203-0400: 170.788: [GC (GCLocker Initiated GC) [PSYoungGen: 167647K->55483K(175104K)] 405693K->330114K(699392K), 0.0233262 secs] [Times: user=0.27 sys=0.00, real=0.02 secs] 
2016-09-24T01:06:58.346-0400: 170.931: [GC (GCLocker Initiated GC) [PSYoungGen: 143547K->73508K(175104K)] 418270K->391236K(699392K), 0.0135108 secs] [Times: user=0.14 sys=0.01, real=0.01 secs] 
2016-09-24T01:06:58.479-0400: 171.064: [GC (GCLocker Initiated GC) [PSYoungGen: 161572K->67569K(175104K)] 479521K->422087K(699392K), 0.0228134 secs] [Times: user=0.23 sys=0.00, real=0.02 secs] 
2016-09-24T01:06:58.655-0400: 171.240: [GC (GCLocker Initiated GC) [PSYoungGen: 155633K->55223K(175104K)] 510456K->428555K(699392K), 0.0246012 secs] [Times: user=0.22 sys=0.00, real=0.02 secs] 
2016-09-24T01:06:58.804-0400: 171.389: [GC (GCLocker Initiated GC) [PSYoungGen: 143287K->36898K(175104K)] 528800K->440888K(699392K), 0.0328329 secs] [Times: user=0.29 sys=0.00, real=0.03 secs] 
2016-09-24T01:06:58.981-0400: 171.567: [GC (GCLocker Initiated GC) [PSYoungGen: 124962K->85986K(175104K)] 535064K->557013K(699392K), 0.0116416 secs] [Times: user=0.16 sys=0.00, real=0.01 secs] 
2016-09-24T01:06:58.993-0400: 171.579: [Full GC (Ergonomics) [PSYoungGen: 85986K->0K(175104K)] [ParOldGen: 471027K->59201K(524288K)] 557013K->59201K(699392K), [Metaspace: 44513K->44513K(1087488K)], 0.0638602 secs] [Times: user=0.45 sys=0.00, real=0.07 secs] 
2016-09-24T01:06:59.180-0400: 171.766: [GC (GCLocker Initiated GC) [PSYoungGen: 88064K->86694K(175104K)] 147283K->151989K(699392K), 0.0153251 secs] [Times: user=0.20 sys=0.00, real=0.02 secs] 
2016-09-24T01:06:59.317-0400: 171.903: [GC (GCLocker Initiated GC) [PSYoungGen: 174758K->73640K(175104K)] 240100K->176580K(699392K), 0.0113391 secs] [Times: user=0.15 sys=0.00, real=0.01 secs] 
2016-09-24T01:06:59.460-0400: 172.045: [GC (GCLocker Initiated GC) [PSYoungGen: 161704K->55547K(175104K)] 276975K->225629K(699392K), 0.0232507 secs] [Times: user=0.29 sys=0.00, real=0.03 secs] 
2016-09-24T01:06:59.620-0400: 172.206: [GC (GCLocker Initiated GC) [PSYoungGen: 143611K->67793K(175104K)] 320057K->262787K(699392K), 0.0075986 secs] [Times: user=0.09 sys=0.00, real=0.01 secs] 
2016-09-24T01:06:59.741-0400: 172.326: [GC (GCLocker Initiated GC) [PSYoungGen: 155857K->74196K(175104K)] 357041K->324108K(699392K), 0.0130778 secs] [Times: user=0.18 sys=0.00, real=0.01 secs] 
2016-09-24T01:06:59.895-0400: 172.480: [GC (GCLocker Initiated GC) [PSYoungGen: 162260K->86214K(175104K)] 412359K->379309K(699392K), 0.0093718 secs] [Times: user=0.13 sys=0.00, real=0.01 secs] 
2016-09-24T01:07:00.034-0400: 172.619: [GC (Allocation Failure) [PSYoungGen: 174278K->73672K(175104K)] 473792K->427989K(699392K), 0.0097885 secs] [Times: user=0.12 sys=0.00, real=0.02 secs] 
2016-09-24T01:07:00.158-0400: 172.743: [GC (GCLocker Initiated GC) [PSYoungGen: 161736K->85986K(175104K)] 516054K->446662K(699392K), 0.0104420 secs] [Times: user=0.10 sys=0.01, real=0.01 secs] 
2016-09-24T01:07:00.314-0400: 172.900: [GC (GCLocker Initiated GC) [PSYoungGen: 174050K->55315K(175104K)] 547226K->465404K(699392K), 0.0088345 secs] [Times: user=0.11 sys=0.00, real=0.02 secs] 
2016-09-24T01:07:00.457-0400: 173.043: [GC (GCLocker Initiated GC) [PSYoungGen: 143379K->61458K(175104K)] 565863K->484069K(699392K), 0.0065990 secs] [Times: user=0.08 sys=0.01, real=0.01 secs] 
2016-09-24T01:07:00.605-0400: 173.191: [GC (GCLocker Initiated GC) [PSYoungGen: 149522K->55287K(175104K)] 584543K->520983K(699392K), 0.0082152 secs] [Times: user=0.11 sys=0.00, real=0.00 secs] 
2016-09-24T01:07:00.614-0400: 173.200: [Full GC (Ergonomics) [PSYoungGen: 55287K->0K(175104K)] [ParOldGen: 465696K->52918K(524288K)] 520983K->52918K(699392K), [Metaspace: 44513K->44513K(1087488K)], 0.0679126 secs] [Times: user=0.54 sys=0.01, real=0.07 secs] 
2016-09-24T01:07:00.826-0400: 173.411: [GC (GCLocker Initiated GC) [PSYoungGen: 88064K->86046K(175104K)] 153168K->187600K(699392K), 0.0088378 secs] [Times: user=0.12 sys=0.00, real=0.01 secs] 
2016-09-24T01:07:00.971-0400: 173.557: [GC (Allocation Failure) [PSYoungGen: 174110K->43397K(175104K)] 288018K->249009K(699392K), 0.0102427 secs] [Times: user=0.13 sys=0.01, real=0.01 secs] 
2016-09-24T01:07:01.111-0400: 173.697: [GC (GCLocker Initiated GC) [PSYoungGen: 130312K->55447K(175104K)] 342000K->303868K(699392K), 0.0119299 secs] [Times: user=0.14 sys=0.01, real=0.02 secs] 
2016-09-24T01:07:01.240-0400: 173.826: [GC (GCLocker Initiated GC) [PSYoungGen: 143511K->61494K(175104K)] 404303K->340630K(699392K), 0.0159081 secs] [Times: user=0.14 sys=0.00, real=0.02 secs] 
2016-09-24T01:07:01.374-0400: 173.960: [GC (GCLocker Initiated GC) [PSYoungGen: 149558K->55255K(175104K)] 428700K->335008K(699392K), 0.0100005 secs] [Times: user=0.09 sys=0.00, real=0.01 secs] 
2016-09-24T01:07:01.508-0400: 174.093: [GC (GCLocker Initiated GC) [PSYoungGen: 143319K->79815K(175104K)] 423187K->378199K(699392K), 0.0150479 secs] [Times: user=0.16 sys=0.00, real=0.02 secs] 
2016-09-24T01:07:01.653-0400: 174.238: [GC (GCLocker Initiated GC) [PSYoungGen: 167879K->55223K(175104K)] 478606K->384638K(699392K), 0.0196751 secs] [Times: user=0.20 sys=0.00, real=0.02 secs] 
2016-09-24T01:07:01.806-0400: 174.392: [GC (GCLocker Initiated GC) [PSYoungGen: 143287K->43073K(175104K)] 484989K->421484K(699392K), 0.0218108 secs] [Times: user=0.19 sys=0.02, real=0.02 secs] 
2016-09-24T01:07:01.938-0400: 174.524: [GC (GCLocker Initiated GC) [PSYoungGen: 131137K->73608K(175104K)] 509724K->476819K(699392K), 0.0104562 secs] [Times: user=0.15 sys=0.00, real=0.01 secs] 
2016-09-24T01:07:02.073-0400: 174.659: [GC (GCLocker Initiated GC) [PSYoungGen: 161672K->86182K(175104K)] 564969K->532344K(699392K), 0.0102298 secs] [Times: user=0.15 sys=0.01, real=0.02 secs] 
2016-09-24T01:07:02.226-0400: 174.812: [Full GC (Ergonomics) [PSYoungGen: 174246K->0K(175104K)] [ParOldGen: 458628K->52953K(524288K)] 632874K->52953K(699392K), [Metaspace: 44517K->44517K(1087488K)], 0.0844855 secs] [Times: user=0.64 sys=0.01, real=0.08 secs] 
2016-09-24T01:07:02.455-0400: 175.040: [GC (GCLocker Initiated GC) [PSYoungGen: 88064K->85854K(175104K)] 147448K->169539K(699392K), 0.0109308 secs] [Times: user=0.14 sys=0.01, real=0.01 secs] 
2016-09-24T01:07:02.592-0400: 175.178: [GC (GCLocker Initiated GC) [PSYoungGen: 173918K->55611K(175104K)] 263855K->218919K(699392K), 0.0093845 secs] [Times: user=0.13 sys=0.00, real=0.01 secs] 
2016-09-24T01:07:02.710-0400: 175.296: [GC (GCLocker Initiated GC) [PSYoungGen: 143675K->85822K(175104K)] 307210K->286138K(699392K), 0.0109151 secs] [Times: user=0.14 sys=0.01, real=0.01 secs] 
2016-09-24T01:07:02.847-0400: 175.432: [GC (Allocation Failure) [PSYoungGen: 173886K->79619K(175104K)] 374289K->328905K(699392K), 0.0210214 secs] [Times: user=0.28 sys=0.01, real=0.02 secs] 
2016-09-24T01:07:02.982-0400: 175.568: [GC (GCLocker Initiated GC) [PSYoungGen: 167683K->55547K(175104K)] 416975K->347632K(699392K), 0.0106800 secs] [Times: user=0.11 sys=0.01, real=0.00 secs] 
2016-09-24T01:07:03.106-0400: 175.692: [GC (Allocation Failure) [PSYoungGen: 143611K->61394K(175104K)] 436051K->372326K(699392K), 0.0108437 secs] [Times: user=0.12 sys=0.00, real=0.01 secs] 
2016-09-24T01:07:03.252-0400: 175.838: [GC (GCLocker Initiated GC) [PSYoungGen: 149458K->73704K(175104K)] 460396K->415161K(699392K), 0.0116065 secs] [Times: user=0.12 sys=0.00, real=0.02 secs] 
2016-09-24T01:07:03.415-0400: 176.000: [GC (GCLocker Initiated GC) [PSYoungGen: 161768K->55547K(175104K)] 515479K->445867K(699392K), 0.0081861 secs] [Times: user=0.11 sys=0.00, real=0.01 secs] 
2016-09-24T01:07:03.549-0400: 176.135: [GC (GCLocker Initiated GC) [PSYoungGen: 143611K->55970K(175104K)] 546219K->458894K(699392K), 0.0111756 secs] [Times: user=0.13 sys=0.00, real=0.01 secs] 
2016-09-24T01:07:03.684-0400: 176.269: [GC (GCLocker Initiated GC) [PSYoungGen: 144034K->73444K(175104K)] 547731K->495640K(699392K), 0.0097384 secs] [Times: user=0.11 sys=0.02, real=0.00 secs] 
2016-09-24T01:07:03.815-0400: 176.400: [GC (GCLocker Initiated GC) [PSYoungGen: 161508K->62177K(175104K)] 595884K->514914K(699392K), 0.0127526 secs] [Times: user=0.14 sys=0.01, real=0.01 secs] 
2016-09-24T01:07:03.940-0400: 176.526: [GC (GCLocker Initiated GC) [PSYoungGen: 150241K->61394K(175104K)] 603165K->557298K(699392K), 0.0213779 secs] [Times: user=0.26 sys=0.00, real=0.02 secs] 
2016-09-24T01:07:03.962-0400: 176.548: [Full GC (Ergonomics) [PSYoungGen: 61394K->0K(175104K)] [ParOldGen: 495904K->53316K(524288K)] 557298K->53316K(699392K), [Metaspace: 44517K->44517K(1087488K)], 0.0637999 secs] [Times: user=0.34 sys=0.02, real=0.07 secs] 
2016-09-24T01:07:04.153-0400: 176.738: [GC (GCLocker Initiated GC) [PSYoungGen: 88064K->74092K(175104K)] 147837K->133865K(699392K), 0.0153953 secs] [Times: user=0.21 sys=0.00, real=0.02 secs] 
2016-09-24T01:07:04.284-0400: 176.869: [GC (GCLocker Initiated GC) [PSYoungGen: 162156K->79587K(175104K)] 222028K->176653K(699392K), 0.0145300 secs] [Times: user=0.18 sys=0.00, real=0.01 secs] 
2016-09-24T01:07:04.424-0400: 177.009: [GC (GCLocker Initiated GC) [PSYoungGen: 167651K->85886K(175104K)] 264849K->237919K(699392K), 0.0127809 secs] [Times: user=0.16 sys=0.00, real=0.01 secs] 
2016-09-24T01:07:04.558-0400: 177.144: [GC (GCLocker Initiated GC) [PSYoungGen: 173950K->73672K(175104K)] 332368K->250631K(699392K), 0.0215177 secs] [Times: user=0.28 sys=0.00, real=0.02 secs] 
2016-09-24T01:07:04.709-0400: 177.295: [GC (GCLocker Initiated GC) [PSYoungGen: 161736K->55351K(175104K)] 351038K->281411K(699392K), 0.0137588 secs] [Times: user=0.16 sys=0.00, real=0.02 secs] 
2016-09-24T01:07:04.854-0400: 177.440: [GC (GCLocker Initiated GC) [PSYoungGen: 143415K->67565K(175104K)] 375799K->300233K(699392K), 0.0294212 secs] [Times: user=0.33 sys=0.01, real=0.04 secs] 
2016-09-24T01:07:05.005-0400: 177.591: [GC (GCLocker Initiated GC) [PSYoungGen: 155629K->67793K(175104K)] 388613K->319317K(699392K), 0.0163346 secs] [Times: user=0.20 sys=0.01, real=0.01 secs] 
2016-09-24T01:07:05.146-0400: 177.731: [GC (Allocation Failure) [PSYoungGen: 155857K->49280K(175104K)] 413800K->325536K(699392K), 0.0141041 secs] [Times: user=0.11 sys=0.01, real=0.01 secs] 
2016-09-24T01:07:05.296-0400: 177.881: [GC (GCLocker Initiated GC) [PSYoungGen: 137344K->73804K(175104K)] 413605K->380896K(699392K), 0.0169902 secs] [Times: user=0.19 sys=0.00, real=0.01 secs] 
2016-09-24T01:07:05.457-0400: 178.043: [GC (GCLocker Initiated GC) [PSYoungGen: 161868K->55383K(175104K)] 481292K->393151K(699392K), 0.0164474 secs] [Times: user=0.18 sys=0.01, real=0.01 secs] 
2016-09-24T01:07:05.614-0400: 178.199: [GC (GCLocker Initiated GC) [PSYoungGen: 143447K->61426K(175104K)] 487573K->405647K(699392K), 0.0101550 secs] [Times: user=0.11 sys=0.00, real=0.02 secs] 
2016-09-24T01:07:05.748-0400: 178.334: [GC (GCLocker Initiated GC) [PSYoungGen: 149490K->61654K(175104K)] 493870K->454778K(699392K), 0.0097782 secs] [Times: user=0.12 sys=0.01, real=0.01 secs] 
2016-09-24T01:07:05.859-0400: 178.445: [GC (GCLocker Initiated GC) [PSYoungGen: 149718K->79683K(175104K)] 549121K->515852K(699392K), 0.0183571 secs] [Times: user=0.22 sys=0.00, real=0.02 secs] 
2016-09-24T01:07:06.003-0400: 178.588: [GC (GCLocker Initiated GC) [PSYoungGen: 167747K->55387K(175104K)] 610139K->503926K(699392K), 0.0175392 secs] [Times: user=0.17 sys=0.00, real=0.01 secs] 
2016-09-24T01:07:06.123-0400: 178.708: [GC (GCLocker Initiated GC) [PSYoungGen: 143451K->67601K(175104K)] 592109K->540835K(699392K), 0.0208029 secs] [Times: user=0.25 sys=0.00, real=0.02 secs] 
2016-09-24T01:07:06.144-0400: 178.729: [Full GC (Ergonomics) [PSYoungGen: 67601K->0K(175104K)] [ParOldGen: 473234K->53566K(524288K)] 540835K->53566K(699392K), [Metaspace: 44518K->44518K(1087488K)], 0.0617570 secs] [Times: user=0.38 sys=0.01, real=0.06 secs] 
2016-09-24T01:07:06.335-0400: 178.921: [GC (GCLocker Initiated GC) [PSYoungGen: 88064K->85982K(175104K)] 153828K->163896K(699392K), 0.0103151 secs] [Times: user=0.11 sys=0.00, real=0.01 secs] 
2016-09-24T01:07:06.470-0400: 179.056: [GC (GCLocker Initiated GC) [PSYoungGen: 174046K->61586K(175104K)] 252226K->231471K(699392K), 0.0132165 secs] [Times: user=0.16 sys=0.02, real=0.02 secs] 
2016-09-24T01:07:06.599-0400: 179.185: [GC (GCLocker Initiated GC) [PSYoungGen: 149650K->86022K(175104K)] 319592K->280399K(699392K), 0.0115198 secs] [Times: user=0.13 sys=0.00, real=0.01 secs] 
2016-09-24T01:07:06.721-0400: 179.307: [GC (GCLocker Initiated GC) [PSYoungGen: 174086K->85658K(175104K)] 374587K->329148K(699392K), 0.0099203 secs] [Times: user=0.14 sys=0.00, real=0.01 secs] 
2016-09-24T01:07:06.847-0400: 179.432: [GC (GCLocker Initiated GC) [PSYoungGen: 173722K->79687K(175104K)] 417225K->359743K(699392K), 0.0226326 secs] [Times: user=0.22 sys=0.00, real=0.02 secs] 
2016-09-24T01:07:06.992-0400: 179.577: [GC (Allocation Failure) [PSYoungGen: 167751K->43037K(175104K)] 448084K->360268K(699392K), 0.0121372 secs] [Times: user=0.13 sys=0.00, real=0.02 secs] 
2016-09-24T01:07:07.103-0400: 179.689: [GC (GCLocker Initiated GC) [PSYoungGen: 131101K->73704K(175104K)] 448337K->409301K(699392K), 0.0097926 secs] [Times: user=0.11 sys=0.00, real=0.00 secs] 
2016-09-24T01:07:07.237-0400: 179.822: [GC (GCLocker Initiated GC) [PSYoungGen: 161768K->80107K(175104K)] 497558K->434445K(699392K), 0.0090439 secs] [Times: user=0.11 sys=0.01, real=0.01 secs] 
2016-09-24T01:07:07.361-0400: 179.946: [GC (GCLocker Initiated GC) [PSYoungGen: 168171K->55479K(175104K)] 522568K->489503K(699392K), 0.0135596 secs] [Times: user=0.20 sys=0.00, real=0.02 secs] 
2016-09-24T01:07:07.496-0400: 180.082: [GC (GCLocker Initiated GC) [PSYoungGen: 143543K->85986K(175104K)] 577743K->544810K(699392K), 0.0094941 secs] [Times: user=0.14 sys=0.00, real=0.01 secs] 
2016-09-24T01:07:07.506-0400: 180.092: [Full GC (Ergonomics) [PSYoungGen: 85986K->0K(175104K)] [ParOldGen: 458824K->53416K(524288K)] 544810K->53416K(699392K), [Metaspace: 44519K->44519K(1087488K)], 0.0647162 secs] [Times: user=0.55 sys=0.00, real=0.06 secs] 
2016-09-24T01:07:07.703-0400: 180.289: [GC (GCLocker Initiated GC) [PSYoungGen: 88064K->85886K(175104K)] 147753K->145576K(699392K), 0.0103070 secs] [Times: user=0.09 sys=0.00, real=0.00 secs] 
2016-09-24T01:07:07.835-0400: 180.421: [GC (GCLocker Initiated GC) [PSYoungGen: 173950K->85758K(175104K)] 233692K->206838K(699392K), 0.0218785 secs] [Times: user=0.28 sys=0.00, real=0.02 secs] 
2016-09-24T01:07:07.952-0400: 180.538: [GC (GCLocker Initiated GC) [PSYoungGen: 173822K->79651K(175104K)] 295028K->237583K(699392K), 0.0204626 secs] [Times: user=0.23 sys=0.00, real=0.02 secs] 
2016-09-24T01:07:08.103-0400: 180.689: [GC (GCLocker Initiated GC) [PSYoungGen: 167715K->42909K(175104K)] 326071K->219757K(699392K), 0.0117219 secs] [Times: user=0.12 sys=0.00, real=0.01 secs] 
2016-09-24T01:07:08.265-0400: 180.850: [GC (GCLocker Initiated GC) [PSYoungGen: 130973K->55255K(175104K)] 326245K->268855K(699392K), 0.0234725 secs] [Times: user=0.26 sys=0.00, real=0.02 secs] 
2016-09-24T01:07:08.425-0400: 181.011: [GC (GCLocker Initiated GC) [PSYoungGen: 143319K->55419K(175104K)] 369257K->317950K(699392K), 0.0218097 secs] [Times: user=0.27 sys=0.00, real=0.02 secs] 
2016-09-24T01:07:08.591-0400: 181.176: [GC (Allocation Failure) [PSYoungGen: 143483K->19428K(175104K)] 418345K->294551K(699392K), 0.0150406 secs] [Times: user=0.16 sys=0.00, real=0.02 secs] 
2016-09-24T01:07:08.724-0400: 181.309: [GC (GCLocker Initiated GC) [PSYoungGen: 107492K->61298K(175104K)] 382616K->354922K(699392K), 0.0264761 secs] [Times: user=0.26 sys=0.01, real=0.02 secs] 
2016-09-24T01:07:08.900-0400: 181.486: [GC (GCLocker Initiated GC) [PSYoungGen: 149362K->55351K(175104K)] 449082K->373400K(699392K), 0.0196005 secs] [Times: user=0.25 sys=0.01, real=0.02 secs] 
2016-09-24T01:07:09.049-0400: 181.635: [GC (GCLocker Initiated GC) [PSYoungGen: 143415K->55647K(175104K)] 467609K->379952K(699392K), 0.0202737 secs] [Times: user=0.24 sys=0.00, real=0.02 secs] 
2016-09-24T01:07:09.195-0400: 181.781: [GC (GCLocker Initiated GC) [PSYoungGen: 143711K->55223K(175104K)] 468125K->398474K(699392K), 0.0228865 secs] [Times: user=0.28 sys=0.00, real=0.02 secs] 
2016-09-24T01:07:09.313-0400: 181.898: [GC (GCLocker Initiated GC) [PSYoungGen: 143287K->79683K(175104K)] 486585K->459911K(699392K), 0.0125155 secs] [Times: user=0.13 sys=0.01, real=0.02 secs] 
2016-09-24T01:07:09.413-0400: 181.999: [GC (GCLocker Initiated GC) [PSYoungGen: 167747K->85794K(175104K)] 548177K->521175K(699392K), 0.0222935 secs] [Times: user=0.22 sys=0.01, real=0.03 secs] 
2016-09-24T01:07:09.540-0400: 182.126: [GC (GCLocker Initiated GC) [PSYoungGen: 173858K->79911K(175104K)] 609588K->570772K(699392K), 0.0113871 secs] [Times: user=0.15 sys=0.00, real=0.01 secs] 
2016-09-24T01:07:09.552-0400: 182.137: [Full GC (Ergonomics) [PSYoungGen: 79911K->0K(175104K)] [ParOldGen: 490861K->54023K(524288K)] 570772K->54023K(699392K), [Metaspace: 44523K->44523K(1087488K)], 0.0638377 secs] [Times: user=0.37 sys=0.02, real=0.07 secs] 
2016-09-24T01:07:09.731-0400: 182.317: [GC (GCLocker Initiated GC) [PSYoungGen: 88064K->85854K(175104K)] 148338K->158278K(699392K), 0.0175453 secs] [Times: user=0.24 sys=0.00, real=0.02 secs] 
2016-09-24T01:07:09.857-0400: 182.443: [GC (GCLocker Initiated GC) [PSYoungGen: 173918K->37190K(175104K)] 246373K->213243K(699392K), 0.0182502 secs] [Times: user=0.24 sys=0.00, real=0.02 secs] 
2016-09-24T01:07:09.984-0400: 182.569: [GC (GCLocker Initiated GC) [PSYoungGen: 125254K->73708K(175104K)] 301484K->268462K(699392K), 0.0110448 secs] [Times: user=0.11 sys=0.00, real=0.01 secs] 
2016-09-24T01:07:10.113-0400: 182.698: [GC (GCLocker Initiated GC) [PSYoungGen: 161772K->85790K(175104K)] 362677K->329676K(699392K), 0.0134614 secs] [Times: user=0.19 sys=0.00, real=0.02 secs] 
2016-09-24T01:07:10.255-0400: 182.841: [GC (GCLocker Initiated GC) [PSYoungGen: 173854K->67729K(175104K)] 418001K->366695K(699392K), 0.0268396 secs] [Times: user=0.29 sys=0.01, real=0.02 secs] 
2016-09-24T01:07:10.427-0400: 183.013: [GC (GCLocker Initiated GC) [PSYoungGen: 155793K->67565K(175104K)] 461011K->409548K(699392K), 0.0095845 secs] [Times: user=0.12 sys=0.00, real=0.01 secs] 
2016-09-24T01:07:10.551-0400: 183.136: [GC (GCLocker Initiated GC) [PSYoungGen: 155629K->86054K(175104K)] 497654K->452523K(699392K), 0.0104128 secs] [Times: user=0.14 sys=0.00, real=0.01 secs] 
2016-09-24T01:07:10.679-0400: 183.265: [GC (GCLocker Initiated GC) [PSYoungGen: 174118K->79847K(175104K)] 540673K->501377K(699392K), 0.0204323 secs] [Times: user=0.25 sys=0.00, real=0.02 secs] 
2016-09-24T01:07:10.814-0400: 183.400: [GC (GCLocker Initiated GC) [PSYoungGen: 167911K->85854K(175104K)] 589550K->544235K(699392K), 0.0157828 secs] [Times: user=0.18 sys=0.00, real=0.01 secs] 
2016-09-24T01:07:10.830-0400: 183.416: [Full GC (Ergonomics) [PSYoungGen: 85854K->0K(175104K)] [ParOldGen: 458381K->53696K(524288K)] 544235K->53696K(699392K), [Metaspace: 44523K->44523K(1087488K)], 0.0658912 secs] [Times: user=0.41 sys=0.00, real=0.07 secs] 
2016-09-24T01:07:11.036-0400: 183.622: [GC (GCLocker Initiated GC) [PSYoungGen: 88064K->86506K(175104K)] 154267K->158784K(699392K), 0.0091389 secs] [Times: user=0.10 sys=0.00, real=0.01 secs] 
2016-09-24T01:07:11.171-0400: 183.757: [GC (GCLocker Initiated GC) [PSYoungGen: 174570K->43105K(175104K)] 246974K->158910K(699392K), 0.0166481 secs] [Times: user=0.15 sys=0.01, real=0.02 secs] 
2016-09-24T01:07:11.303-0400: 183.889: [GC (GCLocker Initiated GC) [PSYoungGen: 131169K->85790K(175104K)] 247049K->232213K(699392K), 0.0116996 secs] [Times: user=0.14 sys=0.00, real=0.01 secs] 
2016-09-24T01:07:11.456-0400: 184.041: [GC (GCLocker Initiated GC) [PSYoungGen: 173854K->49308K(175104K)] 332474K->275053K(699392K), 0.0133154 secs] [Times: user=0.19 sys=0.00, real=0.01 secs] 
2016-09-24T01:07:11.610-0400: 184.195: [GC (GCLocker Initiated GC) [PSYoungGen: 137372K->85594K(175104K)] 363181K->360335K(699392K), 0.0138239 secs] [Times: user=0.20 sys=0.01, real=0.02 secs] 
2016-09-24T01:07:11.750-0400: 184.335: [GC (GCLocker Initiated GC) [PSYoungGen: 173658K->67437K(175104K)] 454824K->397322K(699392K), 0.0128980 secs] [Times: user=0.12 sys=0.00, real=0.02 secs] 
2016-09-24T01:07:11.889-0400: 184.475: [GC (Allocation Failure) [PSYoungGen: 155497K->73836K(175104K)] 491785K->428624K(699392K), 0.0118867 secs] [Times: user=0.14 sys=0.01, real=0.01 secs] 
2016-09-24T01:07:12.031-0400: 184.617: [GC (GCLocker Initiated GC) [PSYoungGen: 161900K->73672K(175104K)] 516689K->447002K(699392K), 0.0087609 secs] [Times: user=0.12 sys=0.00, real=0.01 secs] 
2016-09-24T01:07:12.175-0400: 184.761: [GC (GCLocker Initiated GC) [PSYoungGen: 161736K->37386K(175104K)] 547291K->423068K(699392K), 0.0088991 secs] [Times: user=0.09 sys=0.00, real=0.01 secs] 
2016-09-24T01:07:12.311-0400: 184.896: [GC (GCLocker Initiated GC) [PSYoungGen: 125450K->85854K(175104K)] 523347K->502292K(699392K), 0.0159502 secs] [Times: user=0.22 sys=0.00, real=0.02 secs] 
2016-09-24T01:07:12.467-0400: 185.053: [GC (GCLocker Initiated GC) [PSYoungGen: 173918K->37290K(175104K)] 608634K->514626K(699392K), 0.0202493 secs] [Times: user=0.22 sys=0.00, real=0.02 secs] 
2016-09-24T01:07:12.488-0400: 185.073: [Full GC (Ergonomics) [PSYoungGen: 37290K->0K(175104K)] [ParOldGen: 477336K->53532K(524288K)] 514626K->53532K(699392K), [Metaspace: 44524K->44524K(1087488K)], 0.0646701 secs] [Times: user=0.42 sys=0.01, real=0.06 secs] 
2016-09-24T01:07:12.668-0400: 185.254: [GC (GCLocker Initiated GC) [PSYoungGen: 88064K->86014K(175104K)] 141897K->145922K(699392K), 0.0092644 secs] [Times: user=0.08 sys=0.00, real=0.01 secs] 
2016-09-24T01:07:12.796-0400: 185.382: [GC (GCLocker Initiated GC) [PSYoungGen: 174078K->67697K(175104K)] 234055K->183068K(699392K), 0.0260289 secs] [Times: user=0.29 sys=0.01, real=0.03 secs] 
2016-09-24T01:07:12.938-0400: 185.523: [GC (GCLocker Initiated GC) [PSYoungGen: 155761K->67501K(175104K)] 271138K->219759K(699392K), 0.0152897 secs] [Times: user=0.13 sys=0.00, real=0.01 secs] 
2016-09-24T01:07:13.068-0400: 185.654: [GC (GCLocker Initiated GC) [PSYoungGen: 155565K->74164K(175104K)] 314108K->233015K(699392K), 0.0111883 secs] [Times: user=0.16 sys=0.01, real=0.01 secs] 
2016-09-24T01:07:13.207-0400: 185.792: [GC (GCLocker Initiated GC) [PSYoungGen: 162228K->85822K(175104K)] 321294K->293968K(699392K), 0.0119359 secs] [Times: user=0.19 sys=0.00, real=0.01 secs] 
2016-09-24T01:07:13.327-0400: 185.913: [GC (GCLocker Initiated GC) [PSYoungGen: 173886K->37222K(175104K)] 382057K->306271K(699392K), 0.0137187 secs] [Times: user=0.15 sys=0.01, real=0.01 secs] 
2016-09-24T01:07:13.460-0400: 186.046: [GC (GCLocker Initiated GC) [PSYoungGen: 125286K->85922K(175104K)] 394388K->385683K(699392K), 0.0205704 secs] [Times: user=0.28 sys=0.00, real=0.02 secs] 
2016-09-24T01:07:13.626-0400: 186.212: [GC (GCLocker Initiated GC) [PSYoungGen: 173986K->55287K(175104K)] 479988K->404074K(699392K), 0.0150320 secs] [Times: user=0.15 sys=0.01, real=0.01 secs] 
2016-09-24T01:07:13.751-0400: 186.337: [GC (GCLocker Initiated GC) [PSYoungGen: 143351K->85694K(175104K)] 492310K->447086K(699392K), 0.0111163 secs] [Times: user=0.10 sys=0.00, real=0.02 secs] 
2016-09-24T01:07:13.905-0400: 186.491: [GC (GCLocker Initiated GC) [PSYoungGen: 173757K->49144K(175104K)] 547582K->484034K(699392K), 0.0103205 secs] [Times: user=0.14 sys=0.00, real=0.01 secs] 
2016-09-24T01:07:14.047-0400: 186.633: [GC (GCLocker Initiated GC) [PSYoungGen: 137208K->85822K(175104K)] 572431K->527240K(699392K), 0.0098588 secs] [Times: user=0.13 sys=0.00, real=0.01 secs] 
2016-09-24T01:07:14.057-0400: 186.643: [Full GC (Ergonomics) [PSYoungGen: 85822K->0K(175104K)] [ParOldGen: 441417K->53863K(524288K)] 527240K->53863K(699392K), [Metaspace: 44524K->44524K(1087488K)], 0.0665124 secs] [Times: user=0.47 sys=0.02, real=0.07 secs] 
2016-09-24T01:07:14.241-0400: 186.827: [GC (GCLocker Initiated GC) [PSYoungGen: 88064K->85822K(175104K)] 148278K->170337K(699392K), 0.0157910 secs] [Times: user=0.21 sys=0.00, real=0.02 secs] 
2016-09-24T01:07:14.372-0400: 186.958: [GC (GCLocker Initiated GC) [PSYoungGen: 173886K->85822K(175104K)] 258443K->243595K(699392K), 0.0151692 secs] [Times: user=0.18 sys=0.00, real=0.02 secs] 
2016-09-24T01:07:14.491-0400: 187.076: [GC (Allocation Failure) [PSYoungGen: 173886K->79879K(175104K)] 332014K->311215K(699392K), 0.0138694 secs] [Times: user=0.18 sys=0.00, real=0.02 secs] 
2016-09-24T01:07:14.629-0400: 187.215: [GC (GCLocker Initiated GC) [PSYoungGen: 167943K->61590K(175104K)] 399290K->311766K(699392K), 0.0082351 secs] [Times: user=0.06 sys=0.01, real=0.01 secs] 
2016-09-24T01:07:14.763-0400: 187.349: [GC (Allocation Failure) [PSYoungGen: 149654K->55775K(175104K)] 406204K->330685K(699392K), 0.0085719 secs] [Times: user=0.12 sys=0.00, real=0.00 secs] 
2016-09-24T01:07:14.899-0400: 187.484: [GC (GCLocker Initiated GC) [PSYoungGen: 143500K->55874K(175104K)] 424486K->355197K(699392K), 0.0096031 secs] [Times: user=0.13 sys=0.00, real=0.01 secs] 
2016-09-24T01:07:15.050-0400: 187.635: [GC (GCLocker Initiated GC) [PSYoungGen: 143938K->85790K(175104K)] 449674K->416141K(699392K), 0.0100439 secs] [Times: user=0.14 sys=0.00, real=0.01 secs] 
2016-09-24T01:07:15.194-0400: 187.779: [GC (Allocation Failure) [PSYoungGen: 173854K->37485K(175104K)] 504443K->386443K(699392K), 0.0089894 secs] [Times: user=0.12 sys=0.00, real=0.02 secs] 
2016-09-24T01:07:15.312-0400: 187.898: [GC (GCLocker Initiated GC) [PSYoungGen: 123564K->73608K(175104K)] 478596K->428923K(699392K), 0.0169357 secs] [Times: user=0.22 sys=0.00, real=0.02 secs] 
2016-09-24T01:07:15.458-0400: 188.044: [GC (GCLocker Initiated GC) [PSYoungGen: 161672K->79779K(175104K)] 517343K->453786K(699392K), 0.0112621 secs] [Times: user=0.11 sys=0.00, real=0.01 secs] 
2016-09-24T01:07:15.606-0400: 188.192: [GC (GCLocker Initiated GC) [PSYoungGen: 167843K->80043K(175104K)] 554076K->502846K(699392K), 0.0097551 secs] [Times: user=0.14 sys=0.00, real=0.01 secs] 
2016-09-24T01:07:15.716-0400: 188.302: [GC (GCLocker Initiated GC) [PSYoungGen: 168107K->79847K(175104K)] 591064K->521320K(699392K), 0.0148963 secs] [Times: user=0.15 sys=0.00, real=0.01 secs] 
2016-09-24T01:07:15.847-0400: 188.432: [GC (GCLocker Initiated GC) [PSYoungGen: 167911K->79715K(175104K)] 609443K->564063K(699392K), 0.0222760 secs] [Times: user=0.24 sys=0.00, real=0.02 secs] 
2016-09-24T01:07:15.869-0400: 188.455: [Full GC (Ergonomics) [PSYoungGen: 79715K->0K(175104K)] [ParOldGen: 484348K->53857K(524288K)] 564063K->53857K(699392K), [Metaspace: 44524K->44524K(1087488K)], 0.0665655 secs] [Times: user=0.41 sys=0.01, real=0.07 secs] 
2016-09-24T01:07:16.057-0400: 188.643: [GC (GCLocker Initiated GC) [PSYoungGen: 88064K->86046K(175104K)] 141980K->164262K(699392K), 0.0116682 secs] [Times: user=0.17 sys=0.00, real=0.01 secs] 
2016-09-24T01:07:16.218-0400: 188.803: [GC (GCLocker Initiated GC) [PSYoungGen: 174110K->37845K(175104K)] 270738K->208125K(699392K), 0.0186557 secs] [Times: user=0.21 sys=0.01, real=0.02 secs] 
2016-09-24T01:07:16.366-0400: 188.952: [GC (GCLocker Initiated GC) [PSYoungGen: 125909K->36902K(175104K)] 302423K->213815K(699392K), 0.0122024 secs] [Times: user=0.11 sys=0.01, real=0.01 secs] 
2016-09-24T01:07:16.504-0400: 189.089: [GC (GCLocker Initiated GC) [PSYoungGen: 124966K->49568K(175104K)] 320269K->244990K(699392K), 0.0106664 secs] [Times: user=0.10 sys=0.00, real=0.01 secs] 
2016-09-24T01:07:16.635-0400: 189.220: [GC (GCLocker Initiated GC) [PSYoungGen: 137632K->67925K(175104K)] 333209K->312417K(699392K), 0.0144028 secs] [Times: user=0.14 sys=0.00, real=0.01 secs] 
2016-09-24T01:07:16.746-0400: 189.331: [GC (GCLocker Initiated GC) [PSYoungGen: 155989K->73904K(175104K)] 400602K->343100K(699392K), 0.0109029 secs] [Times: user=0.12 sys=0.00, real=0.01 secs] 
2016-09-24T01:07:16.873-0400: 189.458: [GC (GCLocker Initiated GC) [PSYoungGen: 161968K->86018K(175104K)] 431340K->422695K(699392K), 0.0114071 secs] [Times: user=0.16 sys=0.00, real=0.02 secs] 
2016-09-24T01:07:17.005-0400: 189.591: [GC (GCLocker Initiated GC) [PSYoungGen: 174082K->73608K(175104K)] 517196K->453299K(699392K), 0.0103817 secs] [Times: user=0.13 sys=0.02, real=0.01 secs] 
2016-09-24T01:07:17.125-0400: 189.710: [GC (Allocation Failure) [PSYoungGen: 161672K->73672K(175104K)] 541646K->472022K(699392K), 0.0087488 secs] [Times: user=0.13 sys=0.00, real=0.00 secs] 
2016-09-24T01:07:17.251-0400: 189.837: [GC (GCLocker Initiated GC) [PSYoungGen: 159744K->73804K(175104K)] 564170K->515011K(699392K), 0.0103851 secs] [Times: user=0.16 sys=0.01, real=0.01 secs] 
2016-09-24T01:07:17.405-0400: 189.991: [Full GC (Ergonomics) [PSYoungGen: 161868K->0K(175104K)] [ParOldGen: 453560K->53935K(524288K)] 615428K->53935K(699392K), [Metaspace: 44525K->44525K(1087488K)], 0.0738264 secs] [Times: user=0.57 sys=0.00, real=0.07 secs] 
2016-09-24T01:07:17.617-0400: 190.202: [GC (GCLocker Initiated GC) [PSYoungGen: 88064K->86110K(175104K)] 142231K->164578K(699392K), 0.0138956 secs] [Times: user=0.20 sys=0.01, real=0.01 secs] 
2016-09-24T01:07:17.747-0400: 190.333: [GC (GCLocker Initiated GC) [PSYoungGen: 174174K->55383K(175104K)] 252678K->207367K(699392K), 0.0179796 secs] [Times: user=0.23 sys=0.00, real=0.02 secs] 
2016-09-24T01:07:17.883-0400: 190.469: [GC (GCLocker Initiated GC) [PSYoungGen: 143447K->86050K(175104K)] 301564K->268774K(699392K), 0.0245496 secs] [Times: user=0.34 sys=0.01, real=0.02 secs] 
2016-09-24T01:07:18.036-0400: 190.621: [GC (Allocation Failure) [PSYoungGen: 174114K->73608K(175104K)] 356891K->293283K(699392K), 0.0235211 secs] [Times: user=0.31 sys=0.01, real=0.02 secs] 
2016-09-24T01:07:18.171-0400: 190.757: [GC (GCLocker Initiated GC) [PSYoungGen: 159862K->61818K(175104K)] 385613K->342550K(699392K), 0.0141575 secs] [Times: user=0.18 sys=0.00, real=0.02 secs] 
2016-09-24T01:07:18.312-0400: 190.898: [GC (GCLocker Initiated GC) [PSYoungGen: 149882K->43009K(175104K)] 430975K->348834K(699392K), 0.0230176 secs] [Times: user=0.24 sys=0.00, real=0.03 secs] 
2016-09-24T01:07:18.483-0400: 191.069: [GC (GCLocker Initiated GC) [PSYoungGen: 131073K->85822K(175104K)] 436946K->422370K(699392K), 0.0100160 secs] [Times: user=0.15 sys=0.00, real=0.00 secs] 
2016-09-24T01:07:18.604-0400: 191.190: [GC (GCLocker Initiated GC) [PSYoungGen: 173886K->73444K(175104K)] 510492K->465025K(699392K), 0.0114461 secs] [Times: user=0.12 sys=0.00, real=0.01 secs] 
2016-09-24T01:07:18.741-0400: 191.326: [GC (GCLocker Initiated GC) [PSYoungGen: 161508K->49568K(175104K)] 553231K->496109K(699392K), 0.0275664 secs] [Times: user=0.35 sys=0.00, real=0.03 secs] 
2016-09-24T01:07:18.769-0400: 191.354: [Full GC (Ergonomics) [PSYoungGen: 49568K->0K(175104K)] [ParOldGen: 446541K->54127K(524288K)] 496109K->54127K(699392K), [Metaspace: 44525K->44525K(1087488K)], 0.0646563 secs] [Times: user=0.39 sys=0.01, real=0.06 secs] 
2016-09-24T01:07:18.946-0400: 191.532: [GC (GCLocker Initiated GC) [PSYoungGen: 88064K->85982K(175104K)] 142244K->146237K(699392K), 0.0101865 secs] [Times: user=0.09 sys=0.00, real=0.01 secs] 
2016-09-24T01:07:19.071-0400: 191.657: [GC (GCLocker Initiated GC) [PSYoungGen: 174046K->73836K(175104K)] 234634K->195902K(699392K), 0.0120781 secs] [Times: user=0.19 sys=0.00, real=0.02 secs] 
2016-09-24T01:07:19.194-0400: 191.780: [GC (GCLocker Initiated GC) [PSYoungGen: 161900K->73672K(175104K)] 284187K->220582K(699392K), 0.0090049 secs] [Times: user=0.13 sys=0.00, real=0.01 secs] 
2016-09-24T01:07:19.309-0400: 191.895: [GC (GCLocker Initiated GC) [PSYoungGen: 161736K->85986K(175104K)] 314775K->269551K(699392K), 0.0123383 secs] [Times: user=0.14 sys=0.02, real=0.01 secs] 
2016-09-24T01:07:19.462-0400: 192.048: [GC (GCLocker Initiated GC) [PSYoungGen: 174050K->79747K(175104K)] 357775K->312536K(699392K), 0.0115380 secs] [Times: user=0.14 sys=0.00, real=0.01 secs] 
2016-09-24T01:07:19.592-0400: 192.177: [GC (GCLocker Initiated GC) [PSYoungGen: 167811K->73640K(175104K)] 400747K->355452K(699392K), 0.0165212 secs] [Times: user=0.21 sys=0.00, real=0.02 secs] 
2016-09-24T01:07:19.726-0400: 192.312: [GC (GCLocker Initiated GC) [PSYoungGen: 161704K->61522K(175104K)] 449879K->386470K(699392K), 0.0090634 secs] [Times: user=0.13 sys=0.00, real=0.01 secs] 
2016-09-24T01:07:19.871-0400: 192.457: [GC (GCLocker Initiated GC) [PSYoungGen: 149586K->85986K(175104K)] 474543K->441454K(699392K), 0.0104417 secs] [Times: user=0.15 sys=0.00, real=0.01 secs] 
2016-09-24T01:07:20.026-0400: 192.612: [GC (GCLocker Initiated GC) [PSYoungGen: 174050K->73608K(175104K)] 529856K->460213K(699392K), 0.0144204 secs] [Times: user=0.16 sys=0.01, real=0.01 secs] 
2016-09-24T01:07:20.155-0400: 192.741: [GC (GCLocker Initiated GC) [PSYoungGen: 161672K->73804K(175104K)] 548425K->478901K(699392K), 0.0160372 secs] [Times: user=0.20 sys=0.00, real=0.01 secs] 
2016-09-24T01:07:20.310-0400: 192.896: [GC (Allocation Failure) [PSYoungGen: 161868K->43201K(175104K)] 573390K->485373K(699392K), 0.0251838 secs] [Times: user=0.28 sys=0.01, real=0.03 secs] 
2016-09-24T01:07:20.457-0400: 193.043: [GC (GCLocker Initiated GC) [PSYoungGen: 126811K->67437K(175104K)] 575059K->534005K(699392K), 0.0111081 secs] [Times: user=0.10 sys=0.00, real=0.01 secs] 
2016-09-24T01:07:20.469-0400: 193.054: [Full GC (Ergonomics) [PSYoungGen: 67437K->0K(175104K)] [ParOldGen: 466568K->60468K(524288K)] 534005K->60468K(699392K), [Metaspace: 44525K->44525K(1087488K)], 0.0747503 secs] [Times: user=0.50 sys=0.00, real=0.08 secs] 
2016-09-24T01:07:20.693-0400: 193.278: [GC (GCLocker Initiated GC) [PSYoungGen: 88064K->74292K(175104K)] 160779K->147008K(699392K), 0.0166756 secs] [Times: user=0.16 sys=0.00, real=0.02 secs] 
2016-09-24T01:07:20.821-0400: 193.406: [GC (GCLocker Initiated GC) [PSYoungGen: 162356K->49340K(175104K)] 241311K->189757K(699392K), 0.0117939 secs] [Times: user=0.12 sys=0.00, real=0.01 secs] 
2016-09-24T01:07:20.935-0400: 193.521: [GC (GCLocker Initiated GC) [PSYoungGen: 137404K->73644K(175104K)] 277924K->250890K(699392K), 0.0246510 secs] [Times: user=0.23 sys=0.00, real=0.02 secs] 
2016-09-24T01:07:21.072-0400: 193.658: [GC (GCLocker Initiated GC) [PSYoungGen: 161708K->79715K(175104K)] 345178K->330278K(699392K), 0.0359913 secs] [Times: user=0.44 sys=0.00, real=0.04 secs] 
2016-09-24T01:07:21.242-0400: 193.827: [GC (GCLocker Initiated GC) [PSYoungGen: 167779K->73740K(175104K)] 424604K->367151K(699392K), 0.0121402 secs] [Times: user=0.14 sys=0.00, real=0.01 secs] 
2016-09-24T01:07:21.403-0400: 193.989: [GC (GCLocker Initiated GC) [PSYoungGen: 161804K->19228K(175104K)] 467972K->343913K(699392K), 0.0059901 secs] [Times: user=0.06 sys=0.00, real=0.00 secs] 
2016-09-24T01:07:21.518-0400: 194.103: [GC (GCLocker Initiated GC) [PSYoungGen: 107292K->85690K(175104K)] 432025K->434874K(699392K), 0.0094288 secs] [Times: user=0.13 sys=0.00, real=0.01 secs] 
2016-09-24T01:07:21.662-0400: 194.247: [GC (GCLocker Initiated GC) [PSYoungGen: 173754K->73836K(175104K)] 523070K->514428K(699392K), 0.0133642 secs] [Times: user=0.21 sys=0.01, real=0.02 secs] 
2016-09-24T01:07:21.675-0400: 194.261: [Full GC (Ergonomics) [PSYoungGen: 73836K->0K(175104K)] [ParOldGen: 440592K->48270K(524288K)] 514428K->48270K(699392K), [Metaspace: 44525K->44525K(1087488K)], 0.0525446 secs] [Times: user=0.34 sys=0.01, real=0.05 secs] 
2016-09-24T01:07:21.827-0400: 194.413: [GC (GCLocker Initiated GC) [PSYoungGen: 88064K->86242K(175104K)] 136382K->195310K(699392K), 0.0109445 secs] [Times: user=0.16 sys=0.00, real=0.01 secs] 
2016-09-24T01:07:21.964-0400: 194.549: [GC (GCLocker Initiated GC) [PSYoungGen: 174306K->55223K(175104K)] 289811K->244143K(699392K), 0.0348754 secs] [Times: user=0.31 sys=0.00, real=0.03 secs] 
2016-09-24T01:07:22.123-0400: 194.708: [GC (GCLocker Initiated GC) [PSYoungGen: 143287K->61458K(175104K)] 332288K->287193K(699392K), 0.0156362 secs] [Times: user=0.13 sys=0.00, real=0.01 secs] 
2016-09-24T01:07:22.254-0400: 194.839: [GC (GCLocker Initiated GC) [PSYoungGen: 149522K->85954K(175104K)] 375416K->354533K(699392K), 0.0093450 secs] [Times: user=0.13 sys=0.00, real=0.02 secs] 
2016-09-24T01:07:22.374-0400: 194.960: [GC (GCLocker Initiated GC) [PSYoungGen: 174018K->85954K(175104K)] 442655K->391521K(699392K), 0.0129125 secs] [Times: user=0.17 sys=0.01, real=0.01 secs] 
2016-09-24T01:07:22.509-0400: 195.095: [GC (GCLocker Initiated GC) [PSYoungGen: 174018K->61426K(175104K)] 491782K->422163K(699392K), 0.0415366 secs] [Times: user=0.51 sys=0.00, real=0.04 secs] 
2016-09-24T01:07:22.686-0400: 195.272: [GC (Allocation Failure) [PSYoungGen: 149490K->42877K(175104K)] 516551K->440416K(699392K), 0.0254617 secs] [Times: user=0.22 sys=0.00, real=0.02 secs] 
2016-09-24T01:07:22.838-0400: 195.423: [GC (GCLocker Initiated GC) [PSYoungGen: 130941K->67437K(175104K)] 528481K->495464K(699392K), 0.0107789 secs] [Times: user=0.12 sys=0.00, real=0.01 secs] 
2016-09-24T01:07:22.965-0400: 195.551: [GC (Allocation Failure) [PSYoungGen: 155501K->85890K(175104K)] 589768K->538673K(699392K), 0.0214401 secs] [Times: user=0.23 sys=0.00, real=0.02 secs] 
2016-09-24T01:07:22.987-0400: 195.572: [Full GC (Ergonomics) [PSYoungGen: 85890K->0K(175104K)] [ParOldGen: 452783K->54408K(524288K)] 538673K->54408K(699392K), [Metaspace: 44525K->44525K(1087488K)], 0.0638577 secs] [Times: user=0.39 sys=0.01, real=0.06 secs] 
2016-09-24T01:07:23.166-0400: 195.751: [GC (GCLocker Initiated GC) [PSYoungGen: 84208K->73960K(175104K)] 144692K->134444K(699392K), 0.0101945 secs] [Times: user=0.14 sys=0.00, real=0.01 secs] 
2016-09-24T01:07:23.291-0400: 195.877: [GC (GCLocker Initiated GC) [PSYoungGen: 162024K->86054K(175104K)] 222863K->171920K(699392K), 0.0090402 secs] [Times: user=0.10 sys=0.00, real=0.01 secs] 
2016-09-24T01:07:23.458-0400: 196.044: [GC (GCLocker Initiated GC) [PSYoungGen: 174118K->49116K(175104K)] 260042K->153689K(699392K), 0.0158995 secs] [Times: user=0.16 sys=0.01, real=0.01 secs] 
2016-09-24T01:07:23.604-0400: 196.189: [GC (GCLocker Initiated GC) [PSYoungGen: 137180K->85758K(175104K)] 247881K->227126K(699392K), 0.0097938 secs] [Times: user=0.11 sys=0.00, real=0.00 secs] 
2016-09-24T01:07:23.719-0400: 196.305: [GC (GCLocker Initiated GC) [PSYoungGen: 173822K->79715K(175104K)] 315411K->294535K(699392K), 0.0165407 secs] [Times: user=0.26 sys=0.00, real=0.02 secs] 
2016-09-24T01:07:23.863-0400: 196.449: [GC (GCLocker Initiated GC) [PSYoungGen: 167779K->80107K(175104K)] 388761K->337846K(699392K), 0.0107401 secs] [Times: user=0.13 sys=0.01, real=0.00 secs] 
2016-09-24T01:07:24.002-0400: 196.588: [GC (GCLocker Initiated GC) [PSYoungGen: 168171K->73576K(175104K)] 425996K->392459K(699392K), 0.0152984 secs] [Times: user=0.21 sys=0.00, real=0.01 secs] 
2016-09-24T01:07:24.149-0400: 196.735: [GC (Allocation Failure) [PSYoungGen: 161640K->79747K(175104K)] 486874K->405273K(699392K), 0.0113884 secs] [Times: user=0.12 sys=0.00, real=0.01 secs] 
2016-09-24T01:07:24.284-0400: 196.869: [GC (GCLocker Initiated GC) [PSYoungGen: 167811K->67469K(175104K)] 493343K->411517K(699392K), 0.0279289 secs] [Times: user=0.34 sys=0.00, real=0.02 secs] 
2016-09-24T01:07:24.467-0400: 197.053: [GC (GCLocker Initiated GC) [PSYoungGen: 155533K->79651K(175104K)] 505715K->448358K(699392K), 0.0084017 secs] [Times: user=0.10 sys=0.00, real=0.01 secs] 
2016-09-24T01:07:24.610-0400: 197.196: [GC (GCLocker Initiated GC) [PSYoungGen: 167715K->85662K(175104K)] 542562K->485092K(699392K), 0.0143176 secs] [Times: user=0.13 sys=0.01, real=0.02 secs] 
2016-09-24T01:07:24.737-0400: 197.323: [GC (GCLocker Initiated GC) [PSYoungGen: 173726K->73576K(175104K)] 573433K->491824K(699392K), 0.0211422 secs] [Times: user=0.25 sys=0.01, real=0.02 secs] 
2016-09-24T01:07:24.870-0400: 197.456: [GC (GCLocker Initiated GC) [PSYoungGen: 161640K->85922K(175104K)] 580154K->529020K(699392K), 0.0126271 secs] [Times: user=0.13 sys=0.00, real=0.02 secs] 
2016-09-24T01:07:25.041-0400: 197.627: [GC (GCLocker Initiated GC) [PSYoungGen: 173986K->43233K(175104K)] 617400K->529455K(699392K), 0.0157614 secs] [Times: user=0.17 sys=0.00, real=0.02 secs] 
2016-09-24T01:07:25.058-0400: 197.643: [Full GC (Ergonomics) [PSYoungGen: 43233K->0K(175104K)] [ParOldGen: 486222K->54507K(524288K)] 529455K->54507K(699392K), [Metaspace: 44526K->44526K(1087488K)], 0.0651874 secs] [Times: user=0.39 sys=0.02, real=0.07 secs] 
2016-09-24T01:07:25.246-0400: 197.832: [GC (GCLocker Initiated GC) [PSYoungGen: 88064K->85694K(175104K)] 142636K->152416K(699392K), 0.0330700 secs] [Times: user=0.28 sys=0.01, real=0.03 secs] 
2016-09-24T01:07:25.408-0400: 197.994: [GC (GCLocker Initiated GC) [PSYoungGen: 173758K->43493K(175104K)] 246889K->208237K(699392K), 0.0124028 secs] [Times: user=0.16 sys=0.00, real=0.01 secs] 
2016-09-24T01:07:25.511-0400: 198.096: [GC (GCLocker Initiated GC) [PSYoungGen: 131557K->85890K(175104K)] 296450K->269299K(699392K), 0.0115262 secs] [Times: user=0.08 sys=0.00, real=0.02 secs] 
2016-09-24T01:07:25.639-0400: 198.224: [GC (GCLocker Initiated GC) [PSYoungGen: 173954K->85694K(175104K)] 363475K->311932K(699392K), 0.0358739 secs] [Times: user=0.42 sys=0.00, real=0.04 secs] 
2016-09-24T01:07:25.822-0400: 198.407: [GC (GCLocker Initiated GC) [PSYoungGen: 173758K->30923K(175104K)] 400352K->318534K(699392K), 0.0265690 secs] [Times: user=0.33 sys=0.00, real=0.03 secs] 
2016-09-24T01:07:25.970-0400: 198.555: [GC (GCLocker Initiated GC) [PSYoungGen: 118987K->73608K(175104K)] 406881K->379831K(699392K), 0.0105203 secs] [Times: user=0.12 sys=0.00, real=0.01 secs] 
2016-09-24T01:07:26.107-0400: 198.692: [GC (GCLocker Initiated GC) [PSYoungGen: 161672K->31410K(175104K)] 474036K->392486K(699392K), 0.0169279 secs] [Times: user=0.21 sys=0.00, real=0.02 secs] 
2016-09-24T01:07:26.259-0400: 198.845: [GC (Allocation Failure) [PSYoungGen: 119474K->67533K(175104K)] 486924K->435242K(699392K), 0.0088942 secs] [Times: user=0.08 sys=0.00, real=0.01 secs] 
2016-09-24T01:07:26.421-0400: 199.006: [GC (GCLocker Initiated GC) [PSYoungGen: 151129K->43205K(175104K)] 524913K->453714K(699392K), 0.0276135 secs] [Times: user=0.29 sys=0.01, real=0.03 secs] 
2016-09-24T01:07:26.579-0400: 199.164: [GC (GCLocker Initiated GC) [PSYoungGen: 131269K->36998K(175104K)] 547856K->453845K(699392K), 0.0062041 secs] [Times: user=0.07 sys=0.00, real=0.01 secs] 
2016-09-24T01:07:26.709-0400: 199.295: [GC (GCLocker Initiated GC) [PSYoungGen: 125062K->85986K(175104K)] 548082K->527538K(699392K), 0.0095920 secs] [Times: user=0.13 sys=0.01, real=0.01 secs] 
2016-09-24T01:07:26.830-0400: 199.416: [Full GC (Ergonomics) [PSYoungGen: 174050K->0K(175104K)] [ParOldGen: 447843K->60979K(524288K)] 621893K->60979K(699392K), [Metaspace: 44527K->44527K(1087488K)], 0.0622443 secs] [Times: user=0.41 sys=0.00, real=0.06 secs] 
2016-09-24T01:07:27.024-0400: 199.610: [GC (GCLocker Initiated GC) [PSYoungGen: 88064K->86734K(175104K)] 155199K->196394K(699392K), 0.0143493 secs] [Times: user=0.19 sys=0.00, real=0.01 secs] 
2016-09-24T01:07:27.134-0400: 199.719: [GC (GCLocker Initiated GC) [PSYoungGen: 174798K->85950K(175104K)] 290557K->263367K(699392K), 0.0121904 secs] [Times: user=0.15 sys=0.02, real=0.02 secs] 
2016-09-24T01:07:27.266-0400: 199.852: [GC (GCLocker Initiated GC) [PSYoungGen: 174014K->73772K(175104K)] 351496K->287871K(699392K), 0.0090226 secs] [Times: user=0.11 sys=0.01, real=0.01 secs] 
2016-09-24T01:07:27.396-0400: 199.981: [GC (Allocation Failure) [PSYoungGen: 161836K->79587K(175104K)] 376100K->312344K(699392K), 0.0202857 secs] [Times: user=0.24 sys=0.00, real=0.02 secs] 
2016-09-24T01:07:27.527-0400: 200.113: [GC (Allocation Failure) [PSYoungGen: 167651K->61554K(175104K)] 400408K->343194K(699392K), 0.0095138 secs] [Times: user=0.11 sys=0.00, real=0.01 secs] 
2016-09-24T01:07:27.666-0400: 200.251: [GC (GCLocker Initiated GC) [PSYoungGen: 149618K->73772K(175104K)] 431264K->373918K(699392K), 0.0143256 secs] [Times: user=0.12 sys=0.00, real=0.01 secs] 
2016-09-24T01:07:27.839-0400: 200.425: [GC (GCLocker Initiated GC) [PSYoungGen: 161836K->55091K(175104K)] 468234K->361896K(699392K), 0.0168078 secs] [Times: user=0.19 sys=0.00, real=0.02 secs] 
2016-09-24T01:07:27.982-0400: 200.567: [GC (GCLocker Initiated GC) [PSYoungGen: 143155K->55511K(175104K)] 450080K->380821K(699392K), 0.0100585 secs] [Times: user=0.12 sys=0.00, real=0.01 secs] 
2016-09-24T01:07:28.121-0400: 200.706: [GC (GCLocker Initiated GC) [PSYoungGen: 143575K->73968K(175104K)] 468932K->435903K(699392K), 0.0223555 secs] [Times: user=0.33 sys=0.01, real=0.03 secs] 
2016-09-24T01:07:28.225-0400: 200.811: [GC (Allocation Failure) [PSYoungGen: 162032K->73868K(175104K)] 530392K->503285K(699392K), 0.0140420 secs] [Times: user=0.17 sys=0.00, real=0.01 secs] 
2016-09-24T01:07:28.351-0400: 200.937: [GC (GCLocker Initiated GC) [PSYoungGen: 161932K->67501K(175104K)] 591355K->527614K(699392K), 0.0163911 secs] [Times: user=0.17 sys=0.01, real=0.02 secs] 
2016-09-24T01:07:28.368-0400: 200.953: [Full GC (Ergonomics) [PSYoungGen: 67501K->0K(175104K)] [ParOldGen: 460113K->59371K(524288K)] 527614K->59371K(699392K), [Metaspace: 44531K->44531K(1087488K)], 0.0597705 secs] [Times: user=0.39 sys=0.02, real=0.06 secs] 
2016-09-24T01:07:28.523-0400: 201.109: [GC (GCLocker Initiated GC) [PSYoungGen: 88064K->86046K(175104K)] 147494K->151551K(699392K), 0.0083169 secs] [Times: user=0.12 sys=0.00, real=0.00 secs] 
2016-09-24T01:07:28.620-0400: 201.205: [GC (Allocation Failure) [PSYoungGen: 174110K->86050K(175104K)] 239870K->188824K(699392K), 0.0142951 secs] [Times: user=0.21 sys=0.00, real=0.02 secs] 
2016-09-24T01:07:28.737-0400: 201.323: [GC (GCLocker Initiated GC) [PSYoungGen: 174114K->73804K(175104K)] 276893K->225475K(699392K), 0.0086111 secs] [Times: user=0.11 sys=0.00, real=0.01 secs] 
2016-09-24T01:07:28.869-0400: 201.454: [GC (Allocation Failure) [PSYoungGen: 161868K->67437K(175104K)] 313692K->274048K(699392K), 0.0160656 secs] [Times: user=0.18 sys=0.00, real=0.02 secs] 
2016-09-24T01:07:28.992-0400: 201.577: [GC (GCLocker Initiated GC) [PSYoungGen: 155501K->73608K(175104K)] 362117K->280500K(699392K), 0.0111694 secs] [Times: user=0.10 sys=0.00, real=0.02 secs] 
2016-09-24T01:07:29.105-0400: 201.691: [GC (GCLocker Initiated GC) [PSYoungGen: 161672K->85854K(175104K)] 368852K->317641K(699392K), 0.0089007 secs] [Times: user=0.13 sys=0.00, real=0.00 secs] 
2016-09-24T01:07:29.230-0400: 201.815: [GC (GCLocker Initiated GC) [PSYoungGen: 173918K->74000K(175104K)] 412136K->312501K(699392K), 0.0076234 secs] [Times: user=0.10 sys=0.00, real=0.01 secs] 
2016-09-24T01:07:29.373-0400: 201.959: [GC (GCLocker Initiated GC) [PSYoungGen: 162064K->55287K(175104K)] 407001K->318569K(699392K), 0.0108023 secs] [Times: user=0.12 sys=0.00, real=0.02 secs] 
2016-09-24T01:07:29.504-0400: 202.090: [GC (GCLocker Initiated GC) [PSYoungGen: 143351K->55451K(175104K)] 406792K->337220K(699392K), 0.0168859 secs] [Times: user=0.16 sys=0.00, real=0.01 secs] 
2016-09-24T01:07:29.653-0400: 202.239: [GC (GCLocker Initiated GC) [PSYoungGen: 143515K->49148K(175104K)] 431468K->337352K(699392K), 0.0110246 secs] [Times: user=0.09 sys=0.01, real=0.02 secs] 
2016-09-24T01:07:29.790-0400: 202.376: [GC (Allocation Failure) [PSYoungGen: 137212K->31022K(175104K)] 425728K->356092K(699392K), 0.0148367 secs] [Times: user=0.15 sys=0.00, real=0.02 secs] 
2016-09-24T01:07:29.928-0400: 202.514: [GC (GCLocker Initiated GC) [PSYoungGen: 116508K->55415K(175104K)] 447653K->405247K(699392K), 0.0123768 secs] [Times: user=0.15 sys=0.00, real=0.01 secs] 
2016-09-24T01:07:30.062-0400: 202.647: [GC (GCLocker Initiated GC) [PSYoungGen: 143479K->55387K(175104K)] 499434K->429827K(699392K), 0.0185245 secs] [Times: user=0.17 sys=0.00, real=0.02 secs] 
2016-09-24T01:07:30.181-0400: 202.767: [GC (GCLocker Initiated GC) [PSYoungGen: 143451K->79883K(175104K)] 518023K->479038K(699392K), 0.0195070 secs] [Times: user=0.23 sys=0.00, real=0.02 secs] 
2016-09-24T01:07:30.292-0400: 202.878: [GC (GCLocker Initiated GC) [PSYoungGen: 167947K->67533K(175104K)] 567458K->534200K(699392K), 0.0144223 secs] [Times: user=0.18 sys=0.00, real=0.02 secs] 
2016-09-24T01:07:30.307-0400: 202.892: [Full GC (Ergonomics) [PSYoungGen: 67533K->0K(175104K)] [ParOldGen: 466667K->59477K(524288K)] 534200K->59477K(699392K), [Metaspace: 44532K->44532K(1087488K)], 0.0547040 secs] [Times: user=0.34 sys=0.01, real=0.05 secs] 
2016-09-24T01:07:30.481-0400: 203.066: [GC (GCLocker Initiated GC) [PSYoungGen: 88064K->73968K(175104K)] 153922K->139826K(699392K), 0.0086090 secs] [Times: user=0.11 sys=0.00, real=0.01 secs] 
2016-09-24T01:07:30.597-0400: 203.182: [GC (GCLocker Initiated GC) [PSYoungGen: 162032K->73640K(175104K)] 228156K->158617K(699392K), 0.0076130 secs] [Times: user=0.11 sys=0.00, real=0.01 secs] 
2016-09-24T01:07:30.717-0400: 203.302: [GC (GCLocker Initiated GC) [PSYoungGen: 161704K->85986K(175104K)] 246829K->201629K(699392K), 0.0094829 secs] [Times: user=0.13 sys=0.00, real=0.01 secs] 
2016-09-24T01:07:30.857-0400: 203.443: [GC (GCLocker Initiated GC) [PSYoungGen: 174050K->73576K(175104K)] 302031K->226140K(699392K), 0.0217306 secs] [Times: user=0.23 sys=0.01, real=0.02 secs] 
2016-09-24T01:07:31.019-0400: 203.605: [GC (Allocation Failure) [PSYoungGen: 161640K->61458K(175104K)] 320349K->256932K(699392K), 0.0099763 secs] [Times: user=0.11 sys=0.00, real=0.01 secs] 
2016-09-24T01:07:31.138-0400: 203.724: [GC (GCLocker Initiated GC) [PSYoungGen: 149522K->73672K(175104K)] 345002K->305926K(699392K), 0.0197819 secs] [Times: user=0.26 sys=0.00, real=0.02 secs] 
2016-09-24T01:07:31.279-0400: 203.864: [GC (GCLocker Initiated GC) [PSYoungGen: 161736K->73836K(175104K)] 394087K->361030K(699392K), 0.0118145 secs] [Times: user=0.16 sys=0.01, real=0.01 secs] 
2016-09-24T01:07:31.402-0400: 203.987: [GC (GCLocker Initiated GC) [PSYoungGen: 161900K->73836K(175104K)] 461331K->403933K(699392K), 0.0115090 secs] [Times: user=0.16 sys=0.00, real=0.01 secs] 
2016-09-24T01:07:31.533-0400: 204.119: [GC (GCLocker Initiated GC) [PSYoungGen: 161900K->85790K(175104K)] 492057K->446637K(699392K), 0.0185702 secs] [Times: user=0.22 sys=0.00, real=0.02 secs] 
2016-09-24T01:07:31.643-0400: 204.228: [GC (GCLocker Initiated GC) [PSYoungGen: 173854K->79811K(175104K)] 534788K->513961K(699392K), 0.0133081 secs] [Times: user=0.19 sys=0.00, real=0.01 secs] 
2016-09-24T01:07:31.765-0400: 204.350: [GC (Allocation Failure) [PSYoungGen: 167875K->49895K(175104K)] 602254K->563589K(699392K), 0.0107031 secs] [Times: user=0.15 sys=0.02, real=0.01 secs] 
2016-09-24T01:07:31.775-0400: 204.361: [Full GC (Ergonomics) [PSYoungGen: 49895K->0K(175104K)] [ParOldGen: 513693K->41182K(524288K)] 563589K->41182K(699392K), [Metaspace: 44539K->44539K(1087488K)], 0.0615771 secs] [Times: user=0.44 sys=0.00, real=0.06 secs] 
2016-09-24T01:07:31.937-0400: 204.523: [GC (GCLocker Initiated GC) [PSYoungGen: 88064K->86210K(175104K)] 129252K->133473K(699392K), 0.0076265 secs] [Times: user=0.10 sys=0.00, real=0.01 secs] 
2016-09-24T01:07:32.052-0400: 204.638: [GC (GCLocker Initiated GC) [PSYoungGen: 174274K->85758K(175104K)] 221585K->200474K(699392K), 0.0202115 secs] [Times: user=0.20 sys=0.00, real=0.02 secs] 
2016-09-24T01:07:32.200-0400: 204.786: [GC (GCLocker Initiated GC) [PSYoungGen: 173822K->43201K(175104K)] 288541K->206827K(699392K), 0.0102031 secs] [Times: user=0.10 sys=0.00, real=0.01 secs] 
2016-09-24T01:07:32.338-0400: 204.924: [GC (GCLocker Initiated GC) [PSYoungGen: 131265K->79391K(175104K)] 301099K->249516K(699392K), 0.0226283 secs] [Times: user=0.23 sys=0.00, real=0.02 secs] 
2016-09-24T01:07:32.474-0400: 205.059: [GC (Allocation Failure) [PSYoungGen: 167455K->55187K(175104K)] 337622K->280156K(699392K), 0.0155706 secs] [Times: user=0.15 sys=0.00, real=0.02 secs] 
2016-09-24T01:07:32.598-0400: 205.184: [GC (GCLocker Initiated GC) [PSYoungGen: 143251K->43077K(175104K)] 368226K->298514K(699392K), 0.0210525 secs] [Times: user=0.14 sys=0.00, real=0.02 secs] 
2016-09-24T01:07:32.717-0400: 205.302: [GC (GCLocker Initiated GC) [PSYoungGen: 131141K->85662K(175104K)] 392824K->347637K(699392K), 0.0291156 secs] [Times: user=0.32 sys=0.01, real=0.03 secs] 
2016-09-24T01:07:32.845-0400: 205.430: [GC (GCLocker Initiated GC) [PSYoungGen: 173726K->79555K(175104K)] 435811K->360149K(699392K), 0.0232021 secs] [Times: user=0.23 sys=0.00, real=0.02 secs] 
2016-09-24T01:07:32.998-0400: 205.584: [GC (GCLocker Initiated GC) [PSYoungGen: 167619K->43496K(175104K)] 454337K->397168K(699392K), 0.0179611 secs] [Times: user=0.19 sys=0.01, real=0.02 secs] 
2016-09-24T01:07:33.116-0400: 205.701: [GC (GCLocker Initiated GC) [PSYoungGen: 131560K->61654K(175104K)] 491499K->476591K(699392K), 0.0088438 secs] [Times: user=0.12 sys=0.00, real=0.01 secs] 
2016-09-24T01:07:33.240-0400: 205.825: [GC (GCLocker Initiated GC) [PSYoungGen: 149718K->85790K(175104K)] 564708K->543589K(699392K), 0.0116711 secs] [Times: user=0.17 sys=0.00, real=0.01 secs] 
2016-09-24T01:07:33.251-0400: 205.837: [Full GC (Ergonomics) [PSYoungGen: 85790K->0K(175104K)] [ParOldGen: 457799K->53434K(524288K)] 543589K->53434K(699392K), [Metaspace: 44540K->44540K(1087488K)], 0.0593908 secs] [Times: user=0.38 sys=0.01, real=0.06 secs] 
2016-09-24T01:07:33.420-0400: 206.005: [GC (GCLocker Initiated GC) [PSYoungGen: 88064K->86242K(175104K)] 147765K->170243K(699392K), 0.0113420 secs] [Times: user=0.15 sys=0.00, real=0.01 secs] 
2016-09-24T01:07:33.537-0400: 206.122: [GC (GCLocker Initiated GC) [PSYoungGen: 174306K->86018K(175104K)] 258573K->243913K(699392K), 0.0324131 secs] [Times: user=0.38 sys=0.00, real=0.03 secs] 
2016-09-24T01:07:33.706-0400: 206.292: [GC (GCLocker Initiated GC) [PSYoungGen: 174082K->49048K(175104K)] 338099K->243880K(699392K), 0.0117225 secs] [Times: user=0.09 sys=0.01, real=0.01 secs] 
2016-09-24T01:07:33.877-0400: 206.462: [GC (GCLocker Initiated GC) [PSYoungGen: 137112K->67401K(175104K)] 332131K->317230K(699392K), 0.0144121 secs] [Times: user=0.19 sys=0.01, real=0.01 secs] 
2016-09-24T01:07:34.011-0400: 206.597: [GC (Allocation Failure) [PSYoungGen: 155465K->55515K(175104K)] 405921K->306059K(699392K), 0.0083322 secs] [Times: user=0.10 sys=0.00, real=0.01 secs] 
2016-09-24T01:07:34.107-0400: 206.693: [GC (GCLocker Initiated GC) [PSYoungGen: 140621K->73836K(175104K)] 397241K->330794K(699392K), 0.0086381 secs] [Times: user=0.12 sys=0.00, real=0.01 secs] 
2016-09-24T01:07:34.218-0400: 206.804: [GC (GCLocker Initiated GC) [PSYoungGen: 161900K->85954K(175104K)] 419118K->391916K(699392K), 0.0144647 secs] [Times: user=0.18 sys=0.00, real=0.01 secs] 
2016-09-24T01:07:34.350-0400: 206.935: [GC (Allocation Failure) [PSYoungGen: 174018K->37194K(175104K)] 486180K->380014K(699392K), 0.0095632 secs] [Times: user=0.09 sys=0.01, real=0.01 secs] 
2016-09-24T01:07:34.461-0400: 207.047: [GC (GCLocker Initiated GC) [PSYoungGen: 125258K->85854K(175104K)] 468079K->435066K(699392K), 0.0092301 secs] [Times: user=0.09 sys=0.02, real=0.01 secs] 
2016-09-24T01:07:34.617-0400: 207.202: [GC (GCLocker Initiated GC) [PSYoungGen: 173918K->37781K(175104K)] 535574K->417782K(699392K), 0.0122477 secs] [Times: user=0.16 sys=0.01, real=0.01 secs] 
2016-09-24T01:07:34.719-0400: 207.305: [GC (GCLocker Initiated GC) [PSYoungGen: 125845K->85722K(175104K)] 506124K->484533K(699392K), 0.0097422 secs] [Times: user=0.14 sys=0.01, real=0.01 secs] 
2016-09-24T01:07:34.873-0400: 207.459: [GC (Allocation Failure) [PSYoungGen: 173786K->61526K(175104K)] 578730K->515181K(699392K), 0.0239205 secs] [Times: user=0.26 sys=0.01, real=0.03 secs] 
2016-09-24T01:07:34.898-0400: 207.483: [Full GC (Ergonomics) [PSYoungGen: 61526K->0K(175104K)] [ParOldGen: 453655K->47520K(524288K)] 515181K->47520K(699392K), [Metaspace: 44540K->44540K(1087488K)], 0.0561360 secs] [Times: user=0.36 sys=0.02, real=0.05 secs] 
2016-09-24T01:07:35.041-0400: 207.627: [GC (GCLocker Initiated GC) [PSYoungGen: 88064K->86046K(175104K)] 135589K->157872K(699392K), 0.0098490 secs] [Times: user=0.12 sys=0.00, real=0.01 secs] 
2016-09-24T01:07:35.163-0400: 207.749: [GC (GCLocker Initiated GC) [PSYoungGen: 174110K->61654K(175104K)] 246117K->207148K(699392K), 0.0114280 secs] [Times: user=0.16 sys=0.02, real=0.01 secs] 
2016-09-24T01:07:35.273-0400: 207.859: [GC (GCLocker Initiated GC) [PSYoungGen: 149718K->67465K(175104K)] 295366K->274187K(699392K), 0.0107668 secs] [Times: user=0.14 sys=0.01, real=0.02 secs] 
2016-09-24T01:07:35.397-0400: 207.983: [GC (Allocation Failure) [PSYoungGen: 155528K->74491K(175104K)] 362611K->299959K(699392K), 0.0082109 secs] [Times: user=0.10 sys=0.00, real=0.01 secs] 
2016-09-24T01:07:35.406-0400: 207.992: [GC (GCLocker Initiated GC) [PSYoungGen: 74914K->0K(175104K)] 300381K->299408K(699392K), 0.0076132 secs] [Times: user=0.10 sys=0.01, real=0.00 secs] 
2016-09-24T01:07:35.530-0400: 208.116: [GC (GCLocker Initiated GC) [PSYoungGen: 88064K->85758K(175104K)] 387477K->391247K(699392K), 0.0102933 secs] [Times: user=0.10 sys=0.00, real=0.01 secs] 
2016-09-24T01:07:35.656-0400: 208.241: [GC (GCLocker Initiated GC) [PSYoungGen: 173822K->74000K(175104K)] 479521K->416628K(699392K), 0.0117913 secs] [Times: user=0.18 sys=0.00, real=0.01 secs] 
2016-09-24T01:07:35.805-0400: 208.391: [GC (GCLocker Initiated GC) [PSYoungGen: 162064K->73804K(175104K)] 504784K->434892K(699392K), 0.0074146 secs] [Times: user=0.09 sys=0.00, real=0.00 secs] 
2016-09-24T01:07:35.931-0400: 208.517: [GC (Allocation Failure) [PSYoungGen: 161868K->49080K(175104K)] 523105K->428833K(699392K), 0.0122166 secs] [Times: user=0.11 sys=0.00, real=0.02 secs] 
2016-09-24T01:07:36.066-0400: 208.652: [GC (GCLocker Initiated GC) [PSYoungGen: 135184K->42845K(175104K)] 521012K->471294K(699392K), 0.0221358 secs] [Times: user=0.19 sys=0.01, real=0.02 secs] 
2016-09-24T01:07:36.183-0400: 208.769: [GC (GCLocker Initiated GC) [PSYoungGen: 130909K->73968K(175104K)] 565470K->526930K(699392K), 0.0100031 secs] [Times: user=0.14 sys=0.00, real=0.00 secs] 
2016-09-24T01:07:36.194-0400: 208.779: [Full GC (Ergonomics) [PSYoungGen: 73968K->0K(175104K)] [ParOldGen: 452962K->59738K(524288K)] 526930K->59738K(699392K), [Metaspace: 44540K->44540K(1087488K)], 0.0592170 secs] [Times: user=0.46 sys=0.02, real=0.06 secs] 
2016-09-24T01:07:36.347-0400: 208.933: [GC (GCLocker Initiated GC) [PSYoungGen: 88064K->74224K(175104K)] 148158K->134318K(699392K), 0.0085309 secs] [Times: user=0.12 sys=0.00, real=0.01 secs] 
2016-09-24T01:07:36.448-0400: 209.034: [GC (GCLocker Initiated GC) [PSYoungGen: 162288K->85658K(175104K)] 222692K->195882K(699392K), 0.0142906 secs] [Times: user=0.19 sys=0.00, real=0.02 secs] 
2016-09-24T01:07:36.570-0400: 209.155: [GC (GCLocker Initiated GC) [PSYoungGen: 173722K->73872K(175104K)] 284055K->202542K(699392K), 0.0125254 secs] [Times: user=0.13 sys=0.01, real=0.01 secs] 
2016-09-24T01:07:36.699-0400: 209.285: [GC (GCLocker Initiated GC) [PSYoungGen: 161936K->67273K(175104K)] 296779K->232938K(699392K), 0.0102360 secs] [Times: user=0.09 sys=0.00, real=0.01 secs] 
2016-09-24T01:07:36.821-0400: 209.407: [GC (GCLocker Initiated GC) [PSYoungGen: 155337K->85726K(175104K)] 321189K->294231K(699392K), 0.0228394 secs] [Times: user=0.27 sys=0.00, real=0.03 secs] 
2016-09-24T01:07:36.958-0400: 209.544: [GC (GCLocker Initiated GC) [PSYoungGen: 173790K->55874K(175104K)] 382488K->301174K(699392K), 0.0119398 secs] [Times: user=0.17 sys=0.00, real=0.01 secs] 
2016-09-24T01:07:37.074-0400: 209.660: [GC (GCLocker Initiated GC) [PSYoungGen: 143938K->67469K(175104K)] 389365K->349949K(699392K), 0.0101857 secs] [Times: user=0.12 sys=0.00, real=0.01 secs] 
2016-09-24T01:07:37.177-0400: 209.762: [GC (GCLocker Initiated GC) [PSYoungGen: 155533K->79779K(175104K)] 438301K->441682K(699392K), 0.0145298 secs] [Times: user=0.19 sys=0.01, real=0.01 secs] 
2016-09-24T01:07:37.294-0400: 209.879: [GC (GCLocker Initiated GC) [PSYoungGen: 167843K->85662K(175104K)] 529906K->460166K(699392K), 0.0237307 secs] [Times: user=0.22 sys=0.00, real=0.03 secs] 
2016-09-24T01:07:37.446-0400: 210.032: [GC (GCLocker Initiated GC) [PSYoungGen: 173723K->55251K(175104K)] 554658K->485077K(699392K), 0.0118594 secs] [Times: user=0.13 sys=0.00, real=0.01 secs] 
2016-09-24T01:07:37.587-0400: 210.173: [GC (Allocation Failure) [PSYoungGen: 143315K->55355K(175104K)] 579566K->491694K(699392K), 0.0094535 secs] [Times: user=0.08 sys=0.00, real=0.01 secs] 
2016-09-24T01:07:37.701-0400: 210.287: [Full GC (Ergonomics) [PSYoungGen: 143121K->0K(175104K)] [ParOldGen: 442414K->60014K(524288K)] 585536K->60014K(699392K), [Metaspace: 44543K->44543K(1087488K)], 0.0575177 secs] [Times: user=0.39 sys=0.01, real=0.06 secs] 
2016-09-24T01:07:37.864-0400: 210.450: [GC (GCLocker Initiated GC) [PSYoungGen: 88064K->86210K(175104K)] 148439K->146585K(699392K), 0.0155819 secs] [Times: user=0.19 sys=0.00, real=0.01 secs] 
2016-09-24T01:07:38.007-0400: 210.593: [GC (GCLocker Initiated GC) [PSYoungGen: 174274K->85822K(175104K)] 234977K->189761K(699392K), 0.0130104 secs] [Times: user=0.18 sys=0.00, real=0.01 secs] 
2016-09-24T01:07:38.155-0400: 210.740: [GC (GCLocker Initiated GC) [PSYoungGen: 173886K->55547K(175104K)] 278164K->178186K(699392K), 0.0104917 secs] [Times: user=0.11 sys=0.00, real=0.01 secs] 
2016-09-24T01:07:38.274-0400: 210.859: [GC (GCLocker Initiated GC) [PSYoungGen: 143611K->85726K(175104K)] 272434K->257374K(699392K), 0.0174746 secs] [Times: user=0.19 sys=0.00, real=0.02 secs] 
2016-09-24T01:07:38.444-0400: 211.030: [GC (GCLocker Initiated GC) [PSYoungGen: 173790K->31086K(175104K)] 345754K->251770K(699392K), 0.0105385 secs] [Times: user=0.07 sys=0.00, real=0.01 secs] 
2016-09-24T01:07:38.569-0400: 211.154: [GC (GCLocker Initiated GC) [PSYoungGen: 119150K->73416K(175104K)] 339987K->294504K(699392K), 0.0101568 secs] [Times: user=0.07 sys=0.00, real=0.01 secs] 
2016-09-24T01:07:38.709-0400: 211.295: [GC (GCLocker Initiated GC) [PSYoungGen: 161480K->19228K(175104K)] 400914K->295240K(699392K), 0.0092819 secs] [Times: user=0.10 sys=0.00, real=0.01 secs] 
2016-09-24T01:07:38.841-0400: 211.426: [GC (GCLocker Initiated GC) [PSYoungGen: 107292K->67601K(175104K)] 383530K->344082K(699392K), 0.0196529 secs] [Times: user=0.20 sys=0.00, real=0.02 secs] 
2016-09-24T01:07:38.960-0400: 211.545: [GC (GCLocker Initiated GC) [PSYoungGen: 155665K->43137K(175104K)] 432339K->374942K(699392K), 0.0167343 secs] [Times: user=0.18 sys=0.00, real=0.02 secs] 
2016-09-24T01:07:39.081-0400: 211.667: [GC (GCLocker Initiated GC) [PSYoungGen: 131201K->85694K(175104K)] 463233K->460542K(699392K), 0.0249904 secs] [Times: user=0.28 sys=0.00, real=0.03 secs] 
2016-09-24T01:07:39.232-0400: 211.817: [GC (GCLocker Initiated GC) [PSYoungGen: 173758K->49276K(175104K)] 548649K->497366K(699392K), 0.0215602 secs] [Times: user=0.23 sys=0.01, real=0.02 secs] 
2016-09-24T01:07:39.253-0400: 211.839: [Full GC (Ergonomics) [PSYoungGen: 49276K->0K(175104K)] [ParOldGen: 448090K->53859K(524288K)] 497366K->53859K(699392K), [Metaspace: 44543K->44543K(1087488K)], 0.0535790 secs] [Times: user=0.26 sys=0.01, real=0.06 secs] 
2016-09-24T01:07:39.415-0400: 212.000: [GC (GCLocker Initiated GC) [PSYoungGen: 88064K->86438K(175104K)] 142262K->152786K(699392K), 0.0328590 secs] [Times: user=0.34 sys=0.00, real=0.03 secs] 
2016-09-24T01:07:39.551-0400: 212.137: [GC (GCLocker Initiated GC) [PSYoungGen: 174502K->85626K(175104K)] 241545K->214395K(699392K), 0.0226234 secs] [Times: user=0.31 sys=0.00, real=0.02 secs] 
2016-09-24T01:07:39.684-0400: 212.270: [GC (GCLocker Initiated GC) [PSYoungGen: 173690K->74000K(175104K)] 308687K->263847K(699392K), 0.0242578 secs] [Times: user=0.34 sys=0.00, real=0.02 secs] 
2016-09-24T01:07:39.830-0400: 212.416: [GC (GCLocker Initiated GC) [PSYoungGen: 162064K->85726K(175104K)] 351976K->318962K(699392K), 0.0172255 secs] [Times: user=0.24 sys=0.01, real=0.02 secs] 
2016-09-24T01:07:39.962-0400: 212.548: [GC (Allocation Failure) [PSYoungGen: 173790K->55351K(175104K)] 407382K->355919K(699392K), 0.0109942 secs] [Times: user=0.14 sys=0.00, real=0.00 secs] 
2016-09-24T01:07:39.974-0400: 212.560: [GC (GCLocker Initiated GC) [PSYoungGen: 55881K->0K(175104K)] 356450K->355612K(699392K), 0.0061776 secs] [Times: user=0.08 sys=0.00, real=0.01 secs] 
2016-09-24T01:07:40.083-0400: 212.668: [GC (GCLocker Initiated GC) [PSYoungGen: 86146K->80043K(175104K)] 447834K->441730K(699392K), 0.0099426 secs] [Times: user=0.08 sys=0.00, real=0.00 secs] 
2016-09-24T01:07:40.209-0400: 212.795: [GC (GCLocker Initiated GC) [PSYoungGen: 168107K->61358K(175104K)] 529864K->442092K(699392K), 0.0144207 secs] [Times: user=0.13 sys=0.00, real=0.02 secs] 
2016-09-24T01:07:40.347-0400: 212.933: [GC (Allocation Failure) [PSYoungGen: 149422K->55515K(175104K)] 530511K->455012K(699392K), 0.0075102 secs] [Times: user=0.09 sys=0.01, real=0.01 secs] 
2016-09-24T01:07:40.473-0400: 213.059: [GC (GCLocker Initiated GC) [PSYoungGen: 143579K->67341K(175104K)] 543082K->485509K(699392K), 0.0105169 secs] [Times: user=0.09 sys=0.00, real=0.02 secs] 
2016-09-24T01:07:40.603-0400: 213.189: [GC (GCLocker Initiated GC) [PSYoungGen: 155405K->25207K(175104K)] 586454K->492794K(699392K), 0.0177514 secs] [Times: user=0.14 sys=0.00, real=0.01 secs] 
2016-09-24T01:07:40.621-0400: 213.207: [Full GC (Ergonomics) [PSYoungGen: 25207K->0K(175104K)] [ParOldGen: 467586K->53962K(524288K)] 492794K->53962K(699392K), [Metaspace: 44544K->44544K(1087488K)], 0.0600526 secs] [Times: user=0.36 sys=0.01, real=0.06 secs] 
2016-09-24T01:07:40.793-0400: 213.378: [GC (GCLocker Initiated GC) [PSYoungGen: 88064K->85986K(175104K)] 142387K->164609K(699392K), 0.0119892 secs] [Times: user=0.16 sys=0.00, real=0.02 secs] 
2016-09-24T01:07:40.915-0400: 213.500: [GC (GCLocker Initiated GC) [PSYoungGen: 174050K->67501K(175104K)] 252816K->219467K(699392K), 0.0174971 secs] [Times: user=0.21 sys=0.01, real=0.01 secs] 
2016-09-24T01:07:41.054-0400: 213.640: [GC (Allocation Failure) [PSYoungGen: 155565K->37158K(175104K)] 314285K->250673K(699392K), 0.0119069 secs] [Times: user=0.13 sys=0.00, real=0.02 secs] 
2016-09-24T01:07:41.211-0400: 213.797: [GC (GCLocker Initiated GC) [PSYoungGen: 125222K->67341K(175104K)] 338743K->281121K(699392K), 0.0137134 secs] [Times: user=0.11 sys=0.01, real=0.02 secs] 
2016-09-24T01:07:41.346-0400: 213.932: [GC (GCLocker Initiated GC) [PSYoungGen: 155405K->18577K(175104K)] 369211K->268913K(699392K), 0.0152286 secs] [Times: user=0.15 sys=0.01, real=0.01 secs] 
2016-09-24T01:07:41.448-0400: 214.034: [GC (GCLocker Initiated GC) [PSYoungGen: 106641K->61462K(175104K)] 357007K->311939K(699392K), 0.0182590 secs] [Times: user=0.14 sys=0.00, real=0.02 secs] 
2016-09-24T01:07:41.582-0400: 214.167: [GC (Allocation Failure) [PSYoungGen: 149526K->55615K(175104K)] 400230K->367508K(699392K), 0.0192173 secs] [Times: user=0.17 sys=0.00, real=0.02 secs] 
2016-09-24T01:07:41.688-0400: 214.273: [GC (GCLocker Initiated GC) [PSYoungGen: 143679K->67305K(175104K)] 455584K->428265K(699392K), 0.0232196 secs] [Times: user=0.26 sys=0.00, real=0.02 secs] 
2016-09-24T01:07:41.815-0400: 214.400: [GC (GCLocker Initiated GC) [PSYoungGen: 155369K->43368K(175104K)] 528801K->435121K(699392K), 0.0103746 secs] [Times: user=0.09 sys=0.00, real=0.01 secs] 
2016-09-24T01:07:41.915-0400: 214.501: [GC (GCLocker Initiated GC) [PSYoungGen: 131432K->85826K(175104K)] 523284K->484199K(699392K), 0.0320882 secs] [Times: user=0.38 sys=0.00, real=0.03 secs] 
2016-09-24T01:07:42.085-0400: 214.671: [GC (GCLocker Initiated GC) [PSYoungGen: 173890K->79747K(175104K)] 572562K->557726K(699392K), 0.0222128 secs] [Times: user=0.32 sys=0.00, real=0.02 secs] 
2016-09-24T01:07:42.107-0400: 214.693: [Full GC (Ergonomics) [PSYoungGen: 79747K->0K(175104K)] [ParOldGen: 477979K->59947K(524288K)] 557726K->59947K(699392K), [Metaspace: 44544K->44544K(1087488K)], 0.0592397 secs] [Times: user=0.43 sys=0.01, real=0.06 secs] 
2016-09-24T01:07:42.305-0400: 214.891: [GC (Allocation Failure) [PSYoungGen: 88064K->74004K(175104K)] 154447K->140387K(699392K), 0.0096704 secs] [Times: user=0.09 sys=0.00, real=0.01 secs] 
2016-09-24T01:07:42.315-0400: 214.901: [GC (GCLocker Initiated GC) [PSYoungGen: 74389K->256K(175104K)] 140773K->158799K(699392K), 0.0084466 secs] [Times: user=0.13 sys=0.00, real=0.01 secs] 
2016-09-24T01:07:42.423-0400: 215.009: [GC (GCLocker Initiated GC) [PSYoungGen: 88320K->85854K(175104K)] 247124K->268975K(699392K), 0.0093603 secs] [Times: user=0.12 sys=0.00, real=0.00 secs] 
2016-09-24T01:07:42.550-0400: 215.136: [GC (Allocation Failure) [PSYoungGen: 173918K->61458K(175104K)] 357070K->317841K(699392K), 0.0237197 secs] [Times: user=0.29 sys=0.00, real=0.02 secs] 
2016-09-24T01:07:42.678-0400: 215.263: [GC (GCLocker Initiated GC) [PSYoungGen: 146771K->73508K(175104K)] 409230K->378971K(699392K), 0.0116865 secs] [Times: user=0.17 sys=0.00, real=0.01 secs] 
2016-09-24T01:07:42.788-0400: 215.374: [GC (GCLocker Initiated GC) [PSYoungGen: 161572K->86150K(175104K)] 467093K->440438K(699392K), 0.0112718 secs] [Times: user=0.16 sys=0.00, real=0.01 secs] 
2016-09-24T01:07:42.906-0400: 215.491: [GC (GCLocker Initiated GC) [PSYoungGen: 174214K->55223K(175104K)] 534765K->458567K(699392K), 0.0221257 secs] [Times: user=0.22 sys=0.00, real=0.02 secs] 
2016-09-24T01:07:43.057-0400: 215.643: [GC (GCLocker Initiated GC) [PSYoungGen: 143287K->73412K(175104K)] 546756K->525749K(699392K), 0.0101485 secs] [Times: user=0.15 sys=0.01, real=0.01 secs] 
2016-09-24T01:07:43.068-0400: 215.653: [Full GC (Ergonomics) [PSYoungGen: 73412K->0K(175104K)] [ParOldGen: 452337K->47594K(524288K)] 525749K->47594K(699392K), [Metaspace: 44544K->44544K(1087488K)], 0.0634972 secs] [Times: user=0.52 sys=0.01, real=0.06 secs] 
2016-09-24T01:07:43.239-0400: 215.825: [GC (GCLocker Initiated GC) [PSYoungGen: 88064K->86110K(175104K)] 135756K->188477K(699392K), 0.0125703 secs] [Times: user=0.17 sys=0.01, real=0.01 secs] 
2016-09-24T01:07:43.360-0400: 215.946: [GC (GCLocker Initiated GC) [PSYoungGen: 174174K->61490K(175104K)] 282742K->213163K(699392K), 0.0196820 secs] [Times: user=0.25 sys=0.00, real=0.02 secs] 
2016-09-24T01:07:43.495-0400: 216.081: [GC (Allocation Failure) [PSYoungGen: 149554K->55643K(175104K)] 313687K->256534K(699392K), 0.0098239 secs] [Times: user=0.13 sys=0.00, real=0.01 secs] 
2016-09-24T01:07:43.634-0400: 216.219: [GC (GCLocker Initiated GC) [PSYoungGen: 143707K->86182K(175104K)] 344603K->311686K(699392K), 0.0117022 secs] [Times: user=0.14 sys=0.00, real=0.02 secs] 
2016-09-24T01:07:43.748-0400: 216.334: [GC (GCLocker Initiated GC) [PSYoungGen: 174246K->37126K(175104K)] 399787K->311394K(699392K), 0.0112500 secs] [Times: user=0.13 sys=0.01, real=0.01 secs] 
2016-09-24T01:07:43.862-0400: 216.448: [GC (GCLocker Initiated GC) [PSYoungGen: 125190K->85954K(175104K)] 405654K->391017K(699392K), 0.0139713 secs] [Times: user=0.16 sys=0.00, real=0.01 secs] 
2016-09-24T01:07:43.998-0400: 216.584: [GC (GCLocker Initiated GC) [PSYoungGen: 174018K->43137K(175104K)] 485227K->391063K(699392K), 0.0132710 secs] [Times: user=0.12 sys=0.01, real=0.01 secs] 
2016-09-24T01:07:44.116-0400: 216.702: [GC (GCLocker Initiated GC) [PSYoungGen: 131201K->73476K(175104K)] 479337K->421771K(699392K), 0.0105790 secs] [Times: user=0.11 sys=0.00, real=0.01 secs] 
2016-09-24T01:07:44.235-0400: 216.821: [GC (GCLocker Initiated GC) [PSYoungGen: 161540K->73612K(175104K)] 509933K->440341K(699392K), 0.0147984 secs] [Times: user=0.15 sys=0.00, real=0.01 secs] 
2016-09-24T01:07:44.369-0400: 216.954: [GC (GCLocker Initiated GC) [PSYoungGen: 161676K->67437K(175104K)] 534679K->458949K(699392K), 0.0188989 secs] [Times: user=0.20 sys=0.00, real=0.02 secs] 
2016-09-24T01:07:44.491-0400: 217.076: [GC (GCLocker Initiated GC) [PSYoungGen: 155501K->73772K(175104K)] 553135K->477773K(699392K), 0.0181199 secs] [Times: user=0.16 sys=0.00, real=0.02 secs] 
2016-09-24T01:07:44.633-0400: 217.219: [GC (GCLocker Initiated GC) [PSYoungGen: 161836K->79615K(175104K)] 566024K->551091K(699392K), 0.0132470 secs] [Times: user=0.18 sys=0.01, real=0.02 secs] 
2016-09-24T01:07:44.647-0400: 217.232: [Full GC (Ergonomics) [PSYoungGen: 79615K->0K(175104K)] [ParOldGen: 471476K->53775K(524288K)] 551091K->53775K(699392K), [Metaspace: 44544K->44544K(1087488K)], 0.0568801 secs] [Times: user=0.34 sys=0.01, real=0.06 secs] 
2016-09-24T01:07:44.811-0400: 217.396: [GC (GCLocker Initiated GC) [PSYoungGen: 88064K->86178K(175104K)] 141909K->158248K(699392K), 0.0103389 secs] [Times: user=0.12 sys=0.00, real=0.01 secs] 
2016-09-24T01:07:44.944-0400: 217.530: [GC (GCLocker Initiated GC) [PSYoungGen: 174242K->55415K(175104K)] 258464K->201091K(699392K), 0.0132066 secs] [Times: user=0.16 sys=0.00, real=0.01 secs] 
2016-09-24T01:07:45.073-0400: 217.659: [GC (GCLocker Initiated GC) [PSYoungGen: 143479K->85858K(175104K)] 295278K->237785K(699392K), 0.0105506 secs] [Times: user=0.12 sys=0.00, real=0.02 secs] 
2016-09-24T01:07:45.204-0400: 217.790: [GC (GCLocker Initiated GC) [PSYoungGen: 173922K->61298K(175104K)] 331999K->243943K(699392K), 0.0169860 secs] [Times: user=0.17 sys=0.00, real=0.01 secs] 
2016-09-24T01:07:45.329-0400: 217.915: [GC (GCLocker Initiated GC) [PSYoungGen: 149362K->61266K(175104K)] 338259K->292972K(699392K), 0.0200908 secs] [Times: user=0.20 sys=0.00, real=0.02 secs] 
2016-09-24T01:07:45.477-0400: 218.063: [GC (GCLocker Initiated GC) [PSYoungGen: 149330K->55579K(175104K)] 393468K->318226K(699392K), 0.0066072 secs] [Times: user=0.06 sys=0.00, real=0.01 secs] 
2016-09-24T01:07:45.616-0400: 218.202: [GC (GCLocker Initiated GC) [PSYoungGen: 143643K->61362K(175104K)] 412547K->348595K(699392K), 0.0094584 secs] [Times: user=0.08 sys=0.01, real=0.01 secs] 
2016-09-24T01:07:45.728-0400: 218.314: [GC (GCLocker Initiated GC) [PSYoungGen: 149426K->61362K(175104K)] 436689K->385194K(699392K), 0.0178674 secs] [Times: user=0.18 sys=0.01, real=0.02 secs] 
2016-09-24T01:07:45.863-0400: 218.449: [GC (GCLocker Initiated GC) [PSYoungGen: 149426K->73644K(175104K)] 473289K->434233K(699392K), 0.0107347 secs] [Times: user=0.08 sys=0.01, real=0.00 secs] 
2016-09-24T01:07:46.018-0400: 218.604: [GC (GCLocker Initiated GC) [PSYoungGen: 161708K->48856K(175104K)] 528402K->446348K(699392K), 0.0134697 secs] [Times: user=0.10 sys=0.00, real=0.01 secs] 
2016-09-24T01:07:46.134-0400: 218.720: [GC (GCLocker Initiated GC) [PSYoungGen: 136920K->85790K(175104K)] 534437K->532050K(699392K), 0.0258050 secs] [Times: user=0.28 sys=0.00, real=0.02 secs] 
2016-09-24T01:07:46.277-0400: 218.862: [GC (GCLocker Initiated GC) [PSYoungGen: 173854K->55319K(175104K)] 620179K->550527K(699392K), 0.0134599 secs] [Times: user=0.11 sys=0.01, real=0.01 secs] 
2016-09-24T01:07:46.290-0400: 218.876: [Full GC (Ergonomics) [PSYoungGen: 55319K->0K(175104K)] [ParOldGen: 495208K->53983K(524288K)] 550527K->53983K(699392K), [Metaspace: 44544K->44544K(1087488K)], 0.0672411 secs] [Times: user=0.41 sys=0.01, real=0.07 secs] 
2016-09-24T01:07:46.450-0400: 219.036: [GC (GCLocker Initiated GC) [PSYoungGen: 88064K->86050K(175104K)] 142273K->176709K(699392K), 0.0159520 secs] [Times: user=0.15 sys=0.00, real=0.02 secs] 
2016-09-24T01:07:46.566-0400: 219.151: [GC (Allocation Failure) [PSYoungGen: 174114K->43041K(175104K)] 270969K->201341K(699392K), 0.0181666 secs] [Times: user=0.20 sys=0.00, real=0.02 secs] 
2016-09-24T01:07:46.686-0400: 219.272: [GC (GCLocker Initiated GC) [PSYoungGen: 131105K->67633K(175104K)] 289411K->256402K(699392K), 0.0138346 secs] [Times: user=0.15 sys=0.00, real=0.01 secs] 
2016-09-24T01:07:46.814-0400: 219.400: [GC (GCLocker Initiated GC) [PSYoungGen: 155697K->61494K(175104K)] 344603K->256718K(699392K), 0.0110450 secs] [Times: user=0.10 sys=0.00, real=0.02 secs] 
2016-09-24T01:07:46.925-0400: 219.510: [GC (GCLocker Initiated GC) [PSYoungGen: 149558K->37126K(175104K)] 345020K->287554K(699392K), 0.0145536 secs] [Times: user=0.15 sys=0.01, real=0.01 secs] 
2016-09-24T01:07:47.050-0400: 219.636: [GC (GCLocker Initiated GC) [PSYoungGen: 125190K->67369K(175104K)] 382463K->343135K(699392K), 0.0128191 secs] [Times: user=0.13 sys=0.00, real=0.02 secs] 
2016-09-24T01:07:47.198-0400: 219.783: [GC (GCLocker Initiated GC) [PSYoungGen: 155433K->37062K(175104K)] 437540K->337497K(699392K), 0.0140278 secs] [Times: user=0.15 sys=0.00, real=0.01 secs] 
2016-09-24T01:07:47.322-0400: 219.908: [GC (GCLocker Initiated GC) [PSYoungGen: 125126K->79619K(175104K)] 431683K->386460K(699392K), 0.0296715 secs] [Times: user=0.34 sys=0.00, real=0.02 secs] 
2016-09-24T01:07:47.468-0400: 220.053: [GC (Allocation Failure) [PSYoungGen: 167683K->73548K(175104K)] 474779K->405203K(699392K), 0.0113174 secs] [Times: user=0.07 sys=0.00, real=0.01 secs] 
2016-09-24T01:07:47.601-0400: 220.186: [GC (Allocation Failure) [PSYoungGen: 159935K->55287K(175104K)] 491590K->435973K(699392K), 0.0120958 secs] [Times: user=0.13 sys=0.00, real=0.01 secs] 
2016-09-24T01:07:47.709-0400: 220.295: [GC (GCLocker Initiated GC) [PSYoungGen: 137933K->73608K(175104K)] 524695K->460661K(699392K), 0.0073303 secs] [Times: user=0.06 sys=0.00, real=0.01 secs] 
2016-09-24T01:07:47.852-0400: 220.438: [GC (GCLocker Initiated GC) [PSYoungGen: 161672K->79651K(175104K)] 560973K->497280K(699392K), 0.0201493 secs] [Times: user=0.24 sys=0.00, real=0.02 secs] 
2016-09-24T01:07:48.017-0400: 220.603: [GC (GCLocker Initiated GC) [PSYoungGen: 167715K->37094K(175104K)] 597698K->509893K(699392K), 0.0146771 secs] [Times: user=0.16 sys=0.00, real=0.01 secs] 
2016-09-24T01:07:48.032-0400: 220.618: [Full GC (Ergonomics) [PSYoungGen: 37094K->0K(175104K)] [ParOldGen: 472799K->47742K(524288K)] 509893K->47742K(699392K), [Metaspace: 44544K->44544K(1087488K)], 0.0585582 secs] [Times: user=0.35 sys=0.00, real=0.06 secs] 
2016-09-24T01:07:48.194-0400: 220.779: [GC (GCLocker Initiated GC) [PSYoungGen: 88064K->85950K(175104K)] 135854K->151965K(699392K), 0.0256417 secs] [Times: user=0.31 sys=0.00, real=0.03 secs] 
2016-09-24T01:07:48.335-0400: 220.920: [GC (GCLocker Initiated GC) [PSYoungGen: 174014K->61458K(175104K)] 246459K->201300K(699392K), 0.0293748 secs] [Times: user=0.34 sys=0.00, real=0.03 secs] 
2016-09-24T01:07:48.474-0400: 221.060: [GC (GCLocker Initiated GC) [PSYoungGen: 149522K->42845K(175104K)] 295576K->189143K(699392K), 0.0253651 secs] [Times: user=0.29 sys=0.01, real=0.02 secs] 
2016-09-24T01:07:48.612-0400: 221.197: [GC (GCLocker Initiated GC) [PSYoungGen: 130909K->86018K(175104K)] 277410K->238690K(699392K), 0.0099921 secs] [Times: user=0.13 sys=0.00, real=0.01 secs] 
2016-09-24T01:07:48.728-0400: 221.314: [GC (GCLocker Initiated GC) [PSYoungGen: 174082K->73576K(175104K)] 326835K->244830K(699392K), 0.0089182 secs] [Times: user=0.10 sys=0.00, real=0.01 secs] 
2016-09-24T01:07:48.852-0400: 221.438: [GC (GCLocker Initiated GC) [PSYoungGen: 161640K->79879K(175104K)] 333092K->312373K(699392K), 0.0343987 secs] [Times: user=0.50 sys=0.00, real=0.04 secs] 
2016-09-24T01:07:49.042-0400: 221.628: [GC (GCLocker Initiated GC) [PSYoungGen: 167943K->67305K(175104K)] 406621K->324663K(699392K), 0.0080335 secs] [Times: user=0.11 sys=0.00, real=0.00 secs] 
2016-09-24T01:07:49.165-0400: 221.751: [GC (GCLocker Initiated GC) [PSYoungGen: 155369K->61426K(175104K)] 413055K->337424K(699392K), 0.0100401 secs] [Times: user=0.07 sys=0.00, real=0.01 secs] 
2016-09-24T01:07:49.300-0400: 221.885: [GC (GCLocker Initiated GC) [PSYoungGen: 149490K->55447K(175104K)] 437792K->380531K(699392K), 0.0133863 secs] [Times: user=0.19 sys=0.01, real=0.01 secs] 
2016-09-24T01:07:49.438-0400: 222.024: [GC (GCLocker Initiated GC) [PSYoungGen: 143511K->85986K(175104K)] 468776K->441778K(699392K), 0.0143885 secs] [Times: user=0.18 sys=0.00, real=0.01 secs] 
2016-09-24T01:07:49.570-0400: 222.155: [GC (Allocation Failure) [PSYoungGen: 174050K->61458K(175104K)] 529884K->454221K(699392K), 0.0097374 secs] [Times: user=0.14 sys=0.00, real=0.01 secs] 
2016-09-24T01:07:49.679-0400: 222.265: [GC (GCLocker Initiated GC) [PSYoungGen: 144633K->73772K(175104K)] 543472K->527405K(699392K), 0.0121608 secs] [Times: user=0.17 sys=0.00, real=0.01 secs] 
2016-09-24T01:07:49.691-0400: 222.277: [Full GC (Ergonomics) [PSYoungGen: 73772K->0K(175104K)] [ParOldGen: 453633K->54362K(524288K)] 527405K->54362K(699392K), [Metaspace: 44555K->44555K(1087488K)], 0.0552184 secs] [Times: user=0.40 sys=0.01, real=0.06 secs] 
2016-09-24T01:07:49.862-0400: 222.448: [GC (GCLocker Initiated GC) [PSYoungGen: 88064K->85758K(175104K)] 142486K->164480K(699392K), 0.0226304 secs] [Times: user=0.33 sys=0.01, real=0.02 secs] 
2016-09-24T01:07:50.010-0400: 222.596: [GC (GCLocker Initiated GC) [PSYoungGen: 173822K->37290K(175104K)] 270923K->219732K(699392K), 0.0142017 secs] [Times: user=0.19 sys=0.01, real=0.02 secs] 
2016-09-24T01:07:50.138-0400: 222.724: [GC (Allocation Failure) [PSYoungGen: 125354K->55383K(175104K)] 314086K->262648K(699392K), 0.0103421 secs] [Times: user=0.14 sys=0.00, real=0.01 secs] 
2016-09-24T01:07:50.254-0400: 222.839: [GC (GCLocker Initiated GC) [PSYoungGen: 143040K->73836K(175104K)] 356380K->305544K(699392K), 0.0108561 secs] [Times: user=0.17 sys=0.00, real=0.02 secs] 
2016-09-24T01:07:50.394-0400: 222.979: [GC (GCLocker Initiated GC) [PSYoungGen: 161900K->85658K(175104K)] 399731K->354352K(699392K), 0.0106440 secs] [Times: user=0.16 sys=0.00, real=0.02 secs] 
2016-09-24T01:07:50.509-0400: 223.095: [GC (GCLocker Initiated GC) [PSYoungGen: 173722K->86314K(175104K)] 448521K->367323K(699392K), 0.0106520 secs] [Times: user=0.17 sys=0.00, real=0.01 secs] 
2016-09-24T01:07:50.651-0400: 223.237: [GC (GCLocker Initiated GC) [PSYoungGen: 174378K->85594K(175104K)] 455463K->427721K(699392K), 0.0128607 secs] [Times: user=0.19 sys=0.00, real=0.02 secs] 
2016-09-24T01:07:50.785-0400: 223.371: [GC (GCLocker Initiated GC) [PSYoungGen: 173658K->55906K(175104K)] 521991K->404383K(699392K), 0.0088261 secs] [Times: user=0.14 sys=0.01, real=0.00 secs] 
2016-09-24T01:07:50.890-0400: 223.476: [GC (GCLocker Initiated GC) [PSYoungGen: 143970K->73836K(175104K)] 492808K->441346K(699392K), 0.0106398 secs] [Times: user=0.15 sys=0.00, real=0.01 secs] 
2016-09-24T01:07:51.051-0400: 223.637: [GC (Allocation Failure) [PSYoungGen: 161900K->19260K(175104K)] 548087K->423816K(699392K), 0.0068315 secs] [Times: user=0.09 sys=0.01, real=0.01 secs] 
2016-09-24T01:07:51.195-0400: 223.781: [GC (GCLocker Initiated GC) [PSYoungGen: 107324K->73704K(175104K)] 511886K->478532K(699392K), 0.0100589 secs] [Times: user=0.12 sys=0.00, real=0.01 secs] 
2016-09-24T01:07:51.315-0400: 223.900: [GC (GCLocker Initiated GC) [PSYoungGen: 161768K->73608K(175104K)] 566733K->503009K(699392K), 0.0110664 secs] [Times: user=0.12 sys=0.00, real=0.01 secs] 
2016-09-24T01:07:51.460-0400: 224.045: [GC (GCLocker Initiated GC) [PSYoungGen: 161672K->85854K(175104K)] 597190K->582422K(699392K), 0.0127100 secs] [Times: user=0.17 sys=0.00, real=0.01 secs] 
2016-09-24T01:07:51.473-0400: 224.058: [Full GC (Ergonomics) [PSYoungGen: 85854K->0K(175104K)] [ParOldGen: 496568K->54246K(524288K)] 582422K->54246K(699392K), [Metaspace: 44556K->44556K(1087488K)], 0.0506113 secs] [Times: user=0.51 sys=0.01, real=0.06 secs] 
2016-09-24T01:07:51.633-0400: 224.219: [GC (GCLocker Initiated GC) [PSYoungGen: 88064K->86242K(175104K)] 142453K->164931K(699392K), 0.0141825 secs] [Times: user=0.22 sys=0.00, real=0.02 secs] 
2016-09-24T01:07:51.782-0400: 224.367: [GC (GCLocker Initiated GC) [PSYoungGen: 174306K->67533K(175104K)] 253210K->183935K(699392K), 0.0103121 secs] [Times: user=0.15 sys=0.00, real=0.01 secs] 
2016-09-24T01:07:51.909-0400: 224.494: [GC (GCLocker Initiated GC) [PSYoungGen: 155597K->73640K(175104K)] 272320K->226989K(699392K), 0.0109186 secs] [Times: user=0.17 sys=0.01, real=0.01 secs] 
2016-09-24T01:07:52.034-0400: 224.619: [GC (GCLocker Initiated GC) [PSYoungGen: 161704K->67433K(175104K)] 315693K->270338K(699392K), 0.0127207 secs] [Times: user=0.17 sys=0.00, real=0.02 secs] 
2016-09-24T01:07:52.141-0400: 224.726: [GC (GCLocker Initiated GC) [PSYoungGen: 155497K->85986K(175104K)] 358725K->313650K(699392K), 0.0144052 secs] [Times: user=0.18 sys=0.00, real=0.02 secs] 
2016-09-24T01:07:52.276-0400: 224.862: [GC (Allocation Failure) [PSYoungGen: 174050K->43073K(175104K)] 401951K->301773K(699392K), 0.0148709 secs] [Times: user=0.13 sys=0.00, real=0.01 secs] 
2016-09-24T01:07:52.406-0400: 224.992: [GC (GCLocker Initiated GC) [PSYoungGen: 131137K->85822K(175104K)] 389842K->350918K(699392K), 0.0105747 secs] [Times: user=0.11 sys=0.00, real=0.01 secs] 
2016-09-24T01:07:52.513-0400: 225.099: [GC (GCLocker Initiated GC) [PSYoungGen: 173886K->85758K(175104K)] 439085K->369482K(699392K), 0.0114519 secs] [Times: user=0.13 sys=0.00, real=0.02 secs] 
2016-09-24T01:07:52.645-0400: 225.230: [GC (GCLocker Initiated GC) [PSYoungGen: 173819K->61390K(175104K)] 457910K->412605K(699392K), 0.0117091 secs] [Times: user=0.17 sys=0.00, real=0.01 secs] 
2016-09-24T01:07:52.790-0400: 225.375: [GC (GCLocker Initiated GC) [PSYoungGen: 149454K->85726K(175104K)] 506797K->449280K(699392K), 0.0131867 secs] [Times: user=0.17 sys=0.00, real=0.02 secs] 
2016-09-24T01:07:52.902-0400: 225.488: [GC (GCLocker Initiated GC) [PSYoungGen: 173790K->73672K(175104K)] 537575K->462065K(699392K), 0.0162113 secs] [Times: user=0.18 sys=0.00, real=0.02 secs] 
2016-09-24T01:07:53.044-0400: 225.630: [GC (GCLocker Initiated GC) [PSYoungGen: 161736K->73804K(175104K)] 556206K->486626K(699392K), 0.0109429 secs] [Times: user=0.10 sys=0.00, real=0.01 secs] 
2016-09-24T01:07:53.193-0400: 225.779: [GC (Allocation Failure) [PSYoungGen: 161868K->49376K(175104K)] 581014K->487015K(699392K), 0.0125097 secs] [Times: user=0.13 sys=0.00, real=0.02 secs] 
2016-09-24T01:07:53.316-0400: 225.902: [GC (GCLocker Initiated GC) [PSYoungGen: 137440K->73640K(175104K)] 575079K->529835K(699392K), 0.0101740 secs] [Times: user=0.16 sys=0.00, real=0.01 secs] 
2016-09-24T01:07:53.454-0400: 226.040: [GC (GCLocker Initiated GC) [PSYoungGen: 161704K->55223K(175104K)] 618057K->529872K(699392K), 0.0152213 secs] [Times: user=0.12 sys=0.00, real=0.02 secs] 
2016-09-24T01:07:53.469-0400: 226.055: [Full GC (Ergonomics) [PSYoungGen: 55223K->0K(175104K)] [ParOldGen: 474649K->48230K(524288K)] 529872K->48230K(699392K), [Metaspace: 44556K->44556K(1087488K)], 0.0441952 secs] [Times: user=0.38 sys=0.00, real=0.04 secs] 
2016-09-24T01:07:53.612-0400: 226.198: [GC (GCLocker Initiated GC) [PSYoungGen: 88064K->86438K(175104K)] 136325K->183300K(699392K), 0.0109834 secs] [Times: user=0.16 sys=0.00, real=0.02 secs] 
2016-09-24T01:07:53.743-0400: 226.328: [GC (GCLocker Initiated GC) [PSYoungGen: 174502K->73640K(175104K)] 271704K->214103K(699392K), 0.0134668 secs] [Times: user=0.19 sys=0.00, real=0.01 secs] 
2016-09-24T01:07:53.874-0400: 226.460: [GC (GCLocker Initiated GC) [PSYoungGen: 161704K->73672K(175104K)] 302427K->269385K(699392K), 0.0204138 secs] [Times: user=0.28 sys=0.00, real=0.03 secs] 
2016-09-24T01:07:54.005-0400: 226.591: [GC (GCLocker Initiated GC) [PSYoungGen: 161736K->55938K(175104K)] 357452K->270031K(699392K), 0.0134110 secs] [Times: user=0.21 sys=0.00, real=0.01 secs] 
2016-09-24T01:07:54.114-0400: 226.699: [GC (GCLocker Initiated GC) [PSYoungGen: 144002K->79683K(175104K)] 358199K->294326K(699392K), 0.0104969 secs] [Times: user=0.10 sys=0.00, real=0.02 secs] 
2016-09-24T01:07:54.259-0400: 226.844: [GC (GCLocker Initiated GC) [PSYoungGen: 167747K->49404K(175104K)] 388484K->355530K(699392K), 0.0164920 secs] [Times: user=0.23 sys=0.00, real=0.02 secs] 
2016-09-24T01:07:54.385-0400: 226.971: [GC (GCLocker Initiated GC) [PSYoungGen: 137468K->73640K(175104K)] 443603K->380075K(699392K), 0.0098039 secs] [Times: user=0.11 sys=0.01, real=0.01 secs] 
2016-09-24T01:07:54.504-0400: 227.090: [GC (Allocation Failure) [PSYoungGen: 161704K->86378K(175104K)] 468214K->429661K(699392K), 0.0114685 secs] [Times: user=0.17 sys=0.00, real=0.01 secs] 
2016-09-24T01:07:54.516-0400: 227.102: [GC (GCLocker Initiated GC) [PSYoungGen: 86387K->32K(175104K)] 429671K->441105K(699392K), 0.0099278 secs] [Times: user=0.15 sys=0.00, real=0.01 secs] 
2016-09-24T01:07:54.526-0400: 227.112: [Full GC (Ergonomics) [PSYoungGen: 32K->0K(175104K)] [ParOldGen: 441073K->54269K(524288K)] 441105K->54269K(699392K), [Metaspace: 44556K->44556K(1087488K)], 0.0593576 secs] [Times: user=0.49 sys=0.01, real=0.06 secs] 
2016-09-24T01:07:54.705-0400: 227.291: [GC (GCLocker Initiated GC) [PSYoungGen: 86956K->74420K(175104K)] 147301K->134764K(699392K), 0.0103886 secs] [Times: user=0.16 sys=0.00, real=0.01 secs] 
2016-09-24T01:07:54.834-0400: 227.420: [GC (GCLocker Initiated GC) [PSYoungGen: 162484K->85822K(175104K)] 229024K->183489K(699392K), 0.0118879 secs] [Times: user=0.18 sys=0.00, real=0.01 secs] 
2016-09-24T01:07:54.989-0400: 227.575: [GC (GCLocker Initiated GC) [PSYoungGen: 173886K->85694K(175104K)] 271588K->244282K(699392K), 0.0119674 secs] [Times: user=0.16 sys=0.00, real=0.01 secs] 
2016-09-24T01:07:55.092-0400: 227.678: [GC (GCLocker Initiated GC) [PSYoungGen: 173758K->85658K(175104K)] 332348K->293163K(699392K), 0.0124365 secs] [Times: user=0.19 sys=0.00, real=0.02 secs] 
2016-09-24T01:07:55.226-0400: 227.811: [GC (Allocation Failure) [PSYoungGen: 173722K->85854K(175104K)] 381420K->324055K(699392K), 0.0111831 secs] [Times: user=0.18 sys=0.00, real=0.01 secs] 
2016-09-24T01:07:55.347-0400: 227.933: [GC (GCLocker Initiated GC) [PSYoungGen: 173917K->55515K(175104K)] 412124K->318321K(699392K), 0.0095417 secs] [Times: user=0.11 sys=0.00, real=0.01 secs] 
2016-09-24T01:07:55.481-0400: 228.067: [GC (GCLocker Initiated GC) [PSYoungGen: 143579K->67469K(175104K)] 406562K->336958K(699392K), 0.0083127 secs] [Times: user=0.06 sys=0.00, real=0.01 secs] 
2016-09-24T01:07:55.619-0400: 228.204: [GC (GCLocker Initiated GC) [PSYoungGen: 155533K->55479K(175104K)] 437189K->379944K(699392K), 0.0109735 secs] [Times: user=0.15 sys=0.00, real=0.01 secs] 
2016-09-24T01:07:55.791-0400: 228.376: [GC (GCLocker Initiated GC) [PSYoungGen: 143543K->37122K(175104K)] 474248K->386164K(699392K), 0.0169366 secs] [Times: user=0.17 sys=0.00, real=0.02 secs] 
2016-09-24T01:07:55.908-0400: 228.493: [GC (GCLocker Initiated GC) [PSYoungGen: 125186K->85658K(175104K)] 474449K->441395K(699392K), 0.0125045 secs] [Times: user=0.14 sys=0.00, real=0.01 secs] 
2016-09-24T01:07:56.046-0400: 228.632: [GC (GCLocker Initiated GC) [PSYoungGen: 173722K->74000K(175104K)] 535682K->472521K(699392K), 0.0112074 secs] [Times: user=0.16 sys=0.00, real=0.01 secs] 
2016-09-24T01:07:56.180-0400: 228.766: [GC (GCLocker Initiated GC) [PSYoungGen: 162064K->55319K(175104K)] 567016K->460554K(699392K), 0.0089202 secs] [Times: user=0.08 sys=0.00, real=0.01 secs] 
2016-09-24T01:07:56.302-0400: 228.887: [GC (GCLocker Initiated GC) [PSYoungGen: 143383K->67533K(175104K)] 548979K->491614K(699392K), 0.0132861 secs] [Times: user=0.11 sys=0.00, real=0.02 secs] 
2016-09-24T01:07:56.450-0400: 229.036: [GC (Allocation Failure) [PSYoungGen: 155597K->55515K(175104K)] 585906K->504341K(699392K), 0.0246930 secs] [Times: user=0.29 sys=0.01, real=0.03 secs] 
2016-09-24T01:07:56.596-0400: 229.182: [GC (GCLocker Initiated GC) [PSYoungGen: 143579K->73740K(175104K)] 592410K->541096K(699392K), 0.0218852 secs] [Times: user=0.26 sys=0.00, real=0.02 secs] 
2016-09-24T01:07:56.618-0400: 229.204: [Full GC (Ergonomics) [PSYoungGen: 73740K->0K(175104K)] [ParOldGen: 467355K->48297K(524288K)] 541096K->48297K(699392K), [Metaspace: 44558K->44558K(1087488K)], 0.0484167 secs] [Times: user=0.40 sys=0.01, real=0.05 secs] 
2016-09-24T01:07:56.761-0400: 229.347: [GC (GCLocker Initiated GC) [PSYoungGen: 88064K->86110K(175104K)] 142680K->146801K(699392K), 0.0097522 secs] [Times: user=0.15 sys=0.00, real=0.01 secs] 
2016-09-24T01:07:56.891-0400: 229.477: [GC (GCLocker Initiated GC) [PSYoungGen: 174174K->79911K(175104K)] 234924K->183733K(699392K), 0.0108891 secs] [Times: user=0.15 sys=0.00, real=0.01 secs] 
2016-09-24T01:07:57.017-0400: 229.603: [GC (GCLocker Initiated GC) [PSYoungGen: 167975K->85726K(175104K)] 271919K->238561K(699392K), 0.0315790 secs] [Times: user=0.40 sys=0.00, real=0.03 secs] 
2016-09-24T01:07:57.163-0400: 229.749: [GC (Allocation Failure) [PSYoungGen: 173790K->43365K(175104K)] 326981K->269583K(699392K), 0.0102239 secs] [Times: user=0.11 sys=0.00, real=0.00 secs] 
2016-09-24T01:07:57.272-0400: 229.857: [GC (GCLocker Initiated GC) [PSYoungGen: 129483K->55191K(175104K)] 361776K->312036K(699392K), 0.0316137 secs] [Times: user=0.30 sys=0.00, real=0.04 secs] 
2016-09-24T01:07:57.421-0400: 230.007: [GC (GCLocker Initiated GC) [PSYoungGen: 143255K->86150K(175104K)] 406223K->373561K(699392K), 0.0121220 secs] [Times: user=0.16 sys=0.00, real=0.01 secs] 
2016-09-24T01:07:57.547-0400: 230.132: [GC (Allocation Failure) [PSYoungGen: 174214K->67401K(175104K)] 461784K->416201K(699392K), 0.0123969 secs] [Times: user=0.18 sys=0.00, real=0.01 secs] 
2016-09-24T01:07:57.675-0400: 230.261: [GC (GCLocker Initiated GC) [PSYoungGen: 155409K->61458K(175104K)] 510285K->446804K(699392K), 0.0186311 secs] [Times: user=0.14 sys=0.02, real=0.01 secs] 
2016-09-24T01:07:57.819-0400: 230.404: [GC (Allocation Failure) [PSYoungGen: 149522K->67501K(175104K)] 535173K->471668K(699392K), 0.0099164 secs] [Times: user=0.11 sys=0.00, real=0.01 secs] 
2016-09-24T01:07:57.936-0400: 230.521: [GC (GCLocker Initiated GC) [PSYoungGen: 155565K->73608K(175104K)] 559738K->520605K(699392K), 0.0144797 secs] [Times: user=0.16 sys=0.00, real=0.01 secs] 
2016-09-24T01:07:57.950-0400: 230.536: [Full GC (Ergonomics) [PSYoungGen: 73608K->0K(175104K)] [ParOldGen: 446997K->54248K(524288K)] 520605K->54248K(699392K), [Metaspace: 44558K->44558K(1087488K)], 0.0603030 secs] [Times: user=0.36 sys=0.01, real=0.06 secs] 
2016-09-24T01:07:58.106-0400: 230.692: [GC (Allocation Failure) [PSYoungGen: 88064K->86826K(175104K)] 148518K->171580K(699392K), 0.0113276 secs] [Times: user=0.14 sys=0.00, real=0.01 secs] 
2016-09-24T01:07:58.239-0400: 230.825: [GC (GCLocker Initiated GC) [PSYoungGen: 174890K->37258K(175104K)] 259650K->177652K(699392K), 0.0323023 secs] [Times: user=0.35 sys=0.00, real=0.03 secs] 
2016-09-24T01:07:58.385-0400: 230.971: [GC (Allocation Failure) [PSYoungGen: 125322K->67501K(175104K)] 265781K->226460K(699392K), 0.0490052 secs] [Times: user=0.57 sys=0.00, real=0.05 secs] 
2016-09-24T01:07:58.546-0400: 231.131: [GC (GCLocker Initiated GC) [PSYoungGen: 155565K->79715K(175104K)] 314530K->275250K(699392K), 0.0103304 secs] [Times: user=0.08 sys=0.00, real=0.01 secs] 
2016-09-24T01:07:58.658-0400: 231.244: [GC (GCLocker Initiated GC) [PSYoungGen: 167779K->61426K(175104K)] 363375K->275514K(699392K), 0.0208142 secs] [Times: user=0.21 sys=0.00, real=0.02 secs] 
2016-09-24T01:07:58.813-0400: 231.399: [GC (GCLocker Initiated GC) [PSYoungGen: 149490K->61134K(175104K)] 369834K->281706K(699392K), 0.0108409 secs] [Times: user=0.09 sys=0.00, real=0.02 secs] 
2016-09-24T01:07:58.929-0400: 231.515: [GC (GCLocker Initiated GC) [PSYoungGen: 149198K->73672K(175104K)] 369991K->343216K(699392K), 0.0123773 secs] [Times: user=0.15 sys=0.01, real=0.01 secs] 
2016-09-24T01:07:59.044-0400: 231.629: [GC (GCLocker Initiated GC) [PSYoungGen: 161736K->85758K(175104K)] 431373K->428431K(699392K), 0.0148672 secs] [Times: user=0.14 sys=0.00, real=0.01 secs] 
2016-09-24T01:07:59.180-0400: 231.765: [GC (Allocation Failure) [PSYoungGen: 173822K->30987K(175104K)] 522758K->447039K(699392K), 0.0117374 secs] [Times: user=0.11 sys=0.00, real=0.01 secs] 
2016-09-24T01:07:59.309-0400: 231.895: [GC (GCLocker Initiated GC) [PSYoungGen: 119051K->73480K(175104K)] 535109K->508031K(699392K), 0.0105303 secs] [Times: user=0.09 sys=0.00, real=0.01 secs] 
2016-09-24T01:07:59.320-0400: 231.905: [Full GC (Ergonomics) [PSYoungGen: 73480K->0K(175104K)] [ParOldGen: 434550K->54442K(524288K)] 508031K->54442K(699392K), [Metaspace: 44559K->44559K(1087488K)], 0.0743002 secs] [Times: user=0.46 sys=0.01, real=0.07 secs] 
2016-09-24T01:07:59.516-0400: 232.101: [GC (GCLocker Initiated GC) [PSYoungGen: 88064K->73384K(175104K)] 142728K->128048K(699392K), 0.0222933 secs] [Times: user=0.20 sys=0.01, real=0.02 secs] 
2016-09-24T01:07:59.651-0400: 232.237: [GC (GCLocker Initiated GC) [PSYoungGen: 161448K->67569K(175104K)] 222426K->165280K(699392K), 0.0175376 secs] [Times: user=0.17 sys=0.00, real=0.02 secs] 
2016-09-24T01:07:59.766-0400: 232.351: [GC (Allocation Failure) [PSYoungGen: 155633K->85826K(175104K)] 259500K->226435K(699392K), 0.0400214 secs] [Times: user=0.42 sys=0.00, real=0.04 secs] 
2016-09-24T01:07:59.901-0400: 232.487: [GC (GCLocker Initiated GC) [PSYoungGen: 170370K->49180K(175104K)] 317054K->244723K(699392K), 0.0184449 secs] [Times: user=0.18 sys=0.00, real=0.02 secs] 
2016-09-24T01:08:00.017-0400: 232.603: [GC (GCLocker Initiated GC) [PSYoungGen: 137244K->73608K(175104K)] 332947K->299978K(699392K), 0.0145811 secs] [Times: user=0.18 sys=0.00, real=0.01 secs] 
2016-09-24T01:08:00.133-0400: 232.719: [GC (GCLocker Initiated GC) [PSYoungGen: 161672K->86182K(175104K)] 388302K->337419K(699392K), 0.0119090 secs] [Times: user=0.17 sys=0.00, real=0.02 secs] 
2016-09-24T01:08:00.266-0400: 232.851: [GC (GCLocker Initiated GC) [PSYoungGen: 174246K->55547K(175104K)] 431775K->349801K(699392K), 0.0225171 secs] [Times: user=0.22 sys=0.00, real=0.02 secs] 
2016-09-24T01:08:00.419-0400: 233.004: [GC (GCLocker Initiated GC) [PSYoungGen: 143611K->55159K(175104K)] 444010K->392276K(699392K), 0.0103180 secs] [Times: user=0.09 sys=0.00, real=0.01 secs] 
2016-09-24T01:08:00.528-0400: 233.114: [GC (GCLocker Initiated GC) [PSYoungGen: 143223K->73608K(175104K)] 480504K->447655K(699392K), 0.0108047 secs] [Times: user=0.15 sys=0.00, real=0.01 secs] 
2016-09-24T01:08:00.664-0400: 233.250: [GC (GCLocker Initiated GC) [PSYoungGen: 161672K->37162K(175104K)] 535979K->448186K(699392K), 0.0164237 secs] [Times: user=0.17 sys=0.00, real=0.01 secs] 
2016-09-24T01:08:00.826-0400: 233.412: [GC (GCLocker Initiated GC) [PSYoungGen: 125226K->67533K(175104K)] 542518K->485265K(699392K), 0.0137609 secs] [Times: user=0.18 sys=0.00, real=0.01 secs] 
2016-09-24T01:08:00.950-0400: 233.536: [GC (GCLocker Initiated GC) [PSYoungGen: 155597K->73476K(175104K)] 573427K->522012K(699392K), 0.0124247 secs] [Times: user=0.17 sys=0.00, real=0.02 secs] 
2016-09-24T01:08:01.058-0400: 233.643: [GC (GCLocker Initiated GC) [PSYoungGen: 161540K->86018K(175104K)] 610431K->583669K(699392K), 0.0132760 secs] [Times: user=0.18 sys=0.01, real=0.01 secs] 
2016-09-24T01:08:01.071-0400: 233.657: [Full GC (Ergonomics) [PSYoungGen: 86018K->0K(175104K)] [ParOldGen: 497651K->59729K(524288K)] 583669K->59729K(699392K), [Metaspace: 44559K->44559K(1087488K)], 0.0638808 secs] [Times: user=0.54 sys=0.00, real=0.07 secs] 
2016-09-24T01:08:01.245-0400: 233.831: [GC (GCLocker Initiated GC) [PSYoungGen: 88064K->86434K(175104K)] 159985K->170505K(699392K), 0.0086832 secs] [Times: user=0.10 sys=0.01, real=0.00 secs] 
2016-09-24T01:08:01.375-0400: 233.961: [GC (GCLocker Initiated GC) [PSYoungGen: 174498K->37354K(175104K)] 264843K->213741K(699392K), 0.0121383 secs] [Times: user=0.17 sys=0.01, real=0.01 secs] 
2016-09-24T01:08:01.506-0400: 234.091: [GC (GCLocker Initiated GC) [PSYoungGen: 125418K->85922K(175104K)] 307989K->287033K(699392K), 0.0089301 secs] [Times: user=0.13 sys=0.01, real=0.01 secs] 
2016-09-24T01:08:01.629-0400: 234.215: [GC (GCLocker Initiated GC) [PSYoungGen: 173986K->73608K(175104K)] 375201K->311393K(699392K), 0.0092476 secs] [Times: user=0.10 sys=0.00, real=0.01 secs] 
2016-09-24T01:08:01.743-0400: 234.329: [GC (Allocation Failure) [PSYoungGen: 161672K->73740K(175104K)] 399566K->360534K(699392K), 0.0170911 secs] [Times: user=0.20 sys=0.00, real=0.01 secs] 
2016-09-24T01:08:01.873-0400: 234.458: [GC (GCLocker Initiated GC) [PSYoungGen: 156877K->49244K(175104K)] 449747K->415460K(699392K), 0.0136104 secs] [Times: user=0.14 sys=0.01, real=0.02 secs] 
2016-09-24T01:08:02.003-0400: 234.589: [GC (GCLocker Initiated GC) [PSYoungGen: 137308K->85890K(175104K)] 503662K->470760K(699392K), 0.0171028 secs] [Times: user=0.20 sys=0.00, real=0.01 secs] 
2016-09-24T01:08:02.131-0400: 234.717: [GC (Allocation Failure) [PSYoungGen: 173954K->85402K(175104K)] 558888K->494904K(699392K), 0.0295295 secs] [Times: user=0.31 sys=0.00, real=0.03 secs] 
2016-09-24T01:08:02.257-0400: 234.843: [GC (GCLocker Initiated GC) [PSYoungGen: 167834K->37130K(175104K)] 583411K->495320K(699392K), 0.0267670 secs] [Times: user=0.24 sys=0.00, real=0.03 secs] 
2016-09-24T01:08:02.284-0400: 234.870: [Full GC (Ergonomics) [PSYoungGen: 37130K->0K(175104K)] [ParOldGen: 458190K->53833K(524288K)] 495320K->53833K(699392K), [Metaspace: 44559K->44559K(1087488K)], 0.0558917 secs] [Times: user=0.34 sys=0.00, real=0.05 secs] 
2016-09-24T01:08:02.462-0400: 235.047: [GC (GCLocker Initiated GC) [PSYoungGen: 88064K->85854K(175104K)] 142186K->164276K(699392K), 0.0290519 secs] [Times: user=0.40 sys=0.00, real=0.03 secs] 
2016-09-24T01:08:02.592-0400: 235.178: [GC (GCLocker Initiated GC) [PSYoungGen: 173918K->73740K(175104K)] 252488K->207277K(699392K), 0.0123046 secs] [Times: user=0.14 sys=0.00, real=0.02 secs] 
2016-09-24T01:08:02.710-0400: 235.296: [GC (GCLocker Initiated GC) [PSYoungGen: 161804K->67925K(175104K)] 301771K->244485K(699392K), 0.0102661 secs] [Times: user=0.13 sys=0.00, real=0.01 secs] 
2016-09-24T01:08:02.837-0400: 235.423: [GC (GCLocker Initiated GC) [PSYoungGen: 155989K->74064K(175104K)] 332781K->269741K(699392K), 0.0143600 secs] [Times: user=0.19 sys=0.00, real=0.01 secs] 
2016-09-24T01:08:02.954-0400: 235.540: [GC (GCLocker Initiated GC) [PSYoungGen: 162128K->86150K(175104K)] 358060K->318699K(699392K), 0.0089469 secs] [Times: user=0.12 sys=0.01, real=0.02 secs] 
2016-09-24T01:08:03.112-0400: 235.697: [GC (Allocation Failure) [PSYoungGen: 174214K->67369K(175104K)] 413025K->367370K(699392K), 0.0141529 secs] [Times: user=0.16 sys=0.00, real=0.02 secs] 
2016-09-24T01:08:03.248-0400: 235.833: [GC (GCLocker Initiated GC) [PSYoungGen: 149740K->73508K(175104K)] 455817K->410103K(699392K), 0.0138496 secs] [Times: user=0.18 sys=0.00, real=0.01 secs] 
2016-09-24T01:08:03.346-0400: 235.932: [GC (GCLocker Initiated GC) [PSYoungGen: 161572K->85694K(175104K)] 498287K->434710K(699392K), 0.0101161 secs] [Times: user=0.11 sys=0.00, real=0.01 secs] 
2016-09-24T01:08:03.471-0400: 236.056: [GC (GCLocker Initiated GC) [PSYoungGen: 173758K->73968K(175104K)] 529070K->508547K(699392K), 0.0216220 secs] [Times: user=0.28 sys=0.00, real=0.02 secs] 
2016-09-24T01:08:03.609-0400: 236.195: [GC (GCLocker Initiated GC) [PSYoungGen: 162032K->67893K(175104K)] 596860K->502997K(699392K), 0.0108147 secs] [Times: user=0.11 sys=0.00, real=0.01 secs] 
2016-09-24T01:08:03.620-0400: 236.206: [Full GC (Ergonomics) [PSYoungGen: 67893K->0K(175104K)] [ParOldGen: 435104K->54034K(524288K)] 502997K->54034K(699392K), [Metaspace: 44561K->44561K(1087488K)], 0.0664698 secs] [Times: user=0.39 sys=0.01, real=0.07 secs] 
2016-09-24T01:08:03.819-0400: 236.404: [GC (GCLocker Initiated GC) [PSYoungGen: 88064K->86118K(175104K)] 154441K->158570K(699392K), 0.0082283 secs] [Times: user=0.12 sys=0.00, real=0.01 secs] 
2016-09-24T01:08:03.933-0400: 236.519: [GC (Allocation Failure) [PSYoungGen: 174182K->73672K(175104K)] 246871K->183143K(699392K), 0.0097454 secs] [Times: user=0.15 sys=0.00, real=0.02 secs] 
2016-09-24T01:08:04.046-0400: 236.631: [GC (GCLocker Initiated GC) [PSYoungGen: 161736K->86182K(175104K)] 271213K->250657K(699392K), 0.0153882 secs] [Times: user=0.20 sys=0.01, real=0.01 secs] 
2016-09-24T01:08:04.174-0400: 236.760: [GC (GCLocker Initiated GC) [PSYoungGen: 174246K->67533K(175104K)] 338948K->257139K(699392K), 0.0154251 secs] [Times: user=0.16 sys=0.00, real=0.01 secs] 
2016-09-24T01:08:04.302-0400: 236.888: [GC (GCLocker Initiated GC) [PSYoungGen: 155597K->73740K(175104K)] 351336K->312288K(699392K), 0.0272353 secs] [Times: user=0.30 sys=0.00, real=0.02 secs] 
2016-09-24T01:08:04.444-0400: 237.029: [GC (GCLocker Initiated GC) [PSYoungGen: 161804K->61202K(175104K)] 400467K->342821K(699392K), 0.0262761 secs] [Times: user=0.26 sys=0.00, real=0.02 secs] 
2016-09-24T01:08:04.575-0400: 237.160: [GC (GCLocker Initiated GC) [PSYoungGen: 149266K->67665K(175104K)] 431117K->386250K(699392K), 0.0094058 secs] [Times: user=0.10 sys=0.00, real=0.01 secs] 
2016-09-24T01:08:04.709-0400: 237.295: [GC (GCLocker Initiated GC) [PSYoungGen: 155729K->55287K(175104K)] 480570K->410934K(699392K), 0.0159416 secs] [Times: user=0.17 sys=0.01, real=0.02 secs] 
2016-09-24T01:08:04.860-0400: 237.445: [GC (Allocation Failure) [PSYoungGen: 143351K->37098K(175104K)] 505423K->417466K(699392K), 0.0356719 secs] [Times: user=0.37 sys=0.00, real=0.04 secs] 
2016-09-24T01:08:04.990-0400: 237.575: [GC (GCLocker Initiated GC) [PSYoungGen: 125162K->55251K(175104K)] 505536K->472375K(699392K), 0.0097200 secs] [Times: user=0.16 sys=0.00, real=0.01 secs] 
2016-09-24T01:08:05.108-0400: 237.694: [GC (Allocation Failure) [PSYoungGen: 143315K->56134K(175104K)] 572933K->504137K(699392K), 0.0103057 secs] [Times: user=0.16 sys=0.00, real=0.01 secs] 
2016-09-24T01:08:05.224-0400: 237.810: [GC (GCLocker Initiated GC) [PSYoungGen: 144198K->85694K(175104K)] 592207K->540553K(699392K), 0.0095229 secs] [Times: user=0.09 sys=0.00, real=0.00 secs] 
2016-09-24T01:08:05.234-0400: 237.819: [Full GC (Ergonomics) [PSYoungGen: 85694K->0K(175104K)] [ParOldGen: 454858K->60010K(524288K)] 540553K->60010K(699392K), [Metaspace: 44561K->44561K(1087488K)], 0.0695677 secs] [Times: user=0.48 sys=0.02, real=0.08 secs] 
2016-09-24T01:08:05.410-0400: 237.996: [GC (Allocation Failure) [PSYoungGen: 88064K->86406K(175104K)] 148385K->171027K(699392K), 0.0084345 secs] [Times: user=0.10 sys=0.00, real=0.01 secs] 
2016-09-24T01:08:05.532-0400: 238.118: [GC (GCLocker Initiated GC) [PSYoungGen: 174470K->43233K(175104K)] 259096K->189469K(699392K), 0.0205457 secs] [Times: user=0.23 sys=0.00, real=0.02 secs] 
2016-09-24T01:08:05.679-0400: 238.264: [GC (Allocation Failure) [PSYoungGen: 131297K->55287K(175104K)] 278299K->220626K(699392K), 0.0113682 secs] [Times: user=0.11 sys=0.00, real=0.01 secs] 
2016-09-24T01:08:05.824-0400: 238.410: [GC (GCLocker Initiated GC) [PSYoungGen: 141629K->67729K(175104K)] 313044K->239434K(699392K), 0.0100597 secs] [Times: user=0.08 sys=0.00, real=0.00 secs] 
2016-09-24T01:08:05.983-0400: 238.568: [GC (GCLocker Initiated GC) [PSYoungGen: 155793K->55743K(175104K)] 327855K->246157K(699392K), 0.0087835 secs] [Times: user=0.11 sys=0.00, real=0.00 secs] 
2016-09-24T01:08:06.104-0400: 238.690: [GC (GCLocker Initiated GC) [PSYoungGen: 143807K->55479K(175104K)] 346582K->276638K(699392K), 0.0096540 secs] [Times: user=0.15 sys=0.00, real=0.00 secs] 
2016-09-24T01:08:06.246-0400: 238.832: [GC (GCLocker Initiated GC) [PSYoungGen: 143543K->38205K(175104K)] 377097K->272060K(699392K), 0.0096926 secs] [Times: user=0.15 sys=0.00, real=0.01 secs] 
2016-09-24T01:08:06.389-0400: 238.975: [GC (Allocation Failure) [PSYoungGen: 126269K->55387K(175104K)] 360372K->290264K(699392K), 0.0192572 secs] [Times: user=0.19 sys=0.01, real=0.02 secs] 
2016-09-24T01:08:06.502-0400: 239.087: [GC (GCLocker Initiated GC) [PSYoungGen: 137898K->42877K(175104K)] 378851K->314612K(699392K), 0.0175396 secs] [Times: user=0.14 sys=0.01, real=0.02 secs] 
2016-09-24T01:08:06.611-0400: 239.196: [GC (GCLocker Initiated GC) [PSYoungGen: 130941K->49699K(175104K)] 409041K->346144K(699392K), 0.0291042 secs] [Times: user=0.34 sys=0.01, real=0.03 secs] 
2016-09-24T01:08:06.736-0400: 239.321: [GC (GCLocker Initiated GC) [PSYoungGen: 137763K->85890K(175104K)] 434525K->407374K(699392K), 0.0125930 secs] [Times: user=0.14 sys=0.00, real=0.01 secs] 
2016-09-24T01:08:06.845-0400: 239.431: [GC (GCLocker Initiated GC) [PSYoungGen: 173954K->85790K(175104K)] 495620K->493002K(699392K), 0.0192642 secs] [Times: user=0.28 sys=0.00, real=0.02 secs] 
2016-09-24T01:08:06.968-0400: 239.554: [GC (GCLocker Initiated GC) [PSYoungGen: 173854K->49635K(175104K)] 581175K->548561K(699392K), 0.0130217 secs] [Times: user=0.17 sys=0.02, real=0.01 secs] 
2016-09-24T01:08:06.981-0400: 239.567: [Full GC (Ergonomics) [PSYoungGen: 49635K->0K(175104K)] [ParOldGen: 498925K->41908K(524288K)] 548561K->41908K(699392K), [Metaspace: 44562K->44562K(1087488K)], 0.0578094 secs] [Times: user=0.36 sys=0.00, real=0.06 secs] 
2016-09-24T01:08:07.119-0400: 239.705: [GC (GCLocker Initiated GC) [PSYoungGen: 88064K->86078K(175104K)] 130333K->170872K(699392K), 0.0236180 secs] [Times: user=0.35 sys=0.03, real=0.03 secs] 
2016-09-24T01:08:07.248-0400: 239.833: [GC (GCLocker Initiated GC) [PSYoungGen: 174142K->61686K(175104K)] 259012K->201810K(699392K), 0.0100870 secs] [Times: user=0.16 sys=0.00, real=0.01 secs] 
2016-09-24T01:08:07.361-0400: 239.947: [GC (Allocation Failure) [PSYoungGen: 149750K->85790K(175104K)] 289916K->268781K(699392K), 0.0098255 secs] [Times: user=0.15 sys=0.01, real=0.01 secs] 
2016-09-24T01:08:07.472-0400: 240.058: [GC (GCLocker Initiated GC) [PSYoungGen: 173854K->79779K(175104K)] 356850K->305600K(699392K), 0.0174261 secs] [Times: user=0.25 sys=0.00, real=0.02 secs] 
2016-09-24T01:08:07.613-0400: 240.199: [GC (GCLocker Initiated GC) [PSYoungGen: 167843K->85986K(175104K)] 393717K->336476K(699392K), 0.0094665 secs] [Times: user=0.13 sys=0.01, real=0.02 secs] 
2016-09-24T01:08:07.748-0400: 240.334: [GC (GCLocker Initiated GC) [PSYoungGen: 174050K->30823K(175104K)] 424564K->336256K(699392K), 0.0153429 secs] [Times: user=0.17 sys=0.00, real=0.02 secs] 
2016-09-24T01:08:07.906-0400: 240.491: [GC (GCLocker Initiated GC) [PSYoungGen: 118887K->37026K(175104K)] 436597K->373096K(699392K), 0.0090589 secs] [Times: user=0.13 sys=0.01, real=0.01 secs] 
2016-09-24T01:08:08.054-0400: 240.640: [GC (GCLocker Initiated GC) [PSYoungGen: 125090K->55483K(175104K)] 467590K->398094K(699392K), 0.0239564 secs] [Times: user=0.33 sys=0.00, real=0.03 secs] 
2016-09-24T01:08:08.200-0400: 240.785: [GC (GCLocker Initiated GC) [PSYoungGen: 143547K->67405K(175104K)] 486217K->416434K(699392K), 0.0083502 secs] [Times: user=0.07 sys=0.00, real=0.01 secs] 
2016-09-24T01:08:08.300-0400: 240.886: [GC (GCLocker Initiated GC) [PSYoungGen: 155469K->73704K(175104K)] 510575K->489875K(699392K), 0.0141653 secs] [Times: user=0.19 sys=0.01, real=0.02 secs] 
2016-09-24T01:08:08.419-0400: 241.004: [GC (GCLocker Initiated GC) [PSYoungGen: 161768K->61654K(175104K)] 578182K->514834K(699392K), 0.0128305 secs] [Times: user=0.13 sys=0.00, real=0.01 secs] 
2016-09-24T01:08:08.432-0400: 241.017: [Full GC (Ergonomics) [PSYoungGen: 61654K->0K(175104K)] [ParOldGen: 453180K->54717K(524288K)] 514834K->54717K(699392K), [Metaspace: 44566K->44566K(1087488K)], 0.0560456 secs] [Times: user=0.27 sys=0.00, real=0.06 secs] 
2016-09-24T01:08:08.592-0400: 241.178: [GC (GCLocker Initiated GC) [PSYoungGen: 88064K->86014K(175104K)] 142946K->177346K(699392K), 0.0282167 secs] [Times: user=0.36 sys=0.00, real=0.03 secs] 
2016-09-24T01:08:08.717-0400: 241.303: [GC (GCLocker Initiated GC) [PSYoungGen: 174078K->73704K(175104K)] 265586K->232757K(699392K), 0.0117371 secs] [Times: user=0.12 sys=0.00, real=0.01 secs] 
2016-09-24T01:08:08.829-0400: 241.415: [GC (GCLocker Initiated GC) [PSYoungGen: 161768K->86477K(175104K)] 321105K->318882K(699392K), 0.0134300 secs] [Times: user=0.18 sys=0.00, real=0.02 secs] 
2016-09-24T01:08:08.940-0400: 241.526: [GC (GCLocker Initiated GC) [PSYoungGen: 174541K->49536K(175104K)] 413331K->331150K(699392K), 0.0155927 secs] [Times: user=0.14 sys=0.00, real=0.02 secs] 
2016-09-24T01:08:09.055-0400: 241.640: [GC (GCLocker Initiated GC) [PSYoungGen: 137600K->67405K(175104K)] 425656K->373954K(699392K), 0.0327469 secs] [Times: user=0.36 sys=0.00, real=0.03 secs] 
2016-09-24T01:08:09.205-0400: 241.791: [GC (GCLocker Initiated GC) [PSYoungGen: 155469K->61590K(175104K)] 474217K->380613K(699392K), 0.0083287 secs] [Times: user=0.08 sys=0.00, real=0.00 secs] 
2016-09-24T01:08:09.339-0400: 241.925: [GC (GCLocker Initiated GC) [PSYoungGen: 149654K->79779K(175104K)] 468882K->442176K(699392K), 0.0245777 secs] [Times: user=0.29 sys=0.00, real=0.03 secs] 
2016-09-24T01:08:09.485-0400: 242.071: [GC (GCLocker Initiated GC) [PSYoungGen: 167840K->43173K(175104K)] 536673K->460873K(699392K), 0.0225953 secs] [Times: user=0.25 sys=0.00, real=0.02 secs] 
2016-09-24T01:08:09.617-0400: 242.203: [GC (GCLocker Initiated GC) [PSYoungGen: 131237K->67501K(175104K)] 549696K->504813K(699392K), 0.0075843 secs] [Times: user=0.08 sys=0.01, real=0.01 secs] 
2016-09-24T01:08:09.625-0400: 242.210: [Full GC (Ergonomics) [PSYoungGen: 67501K->0K(175104K)] [ParOldGen: 437312K->59883K(524288K)] 504813K->59883K(699392K), [Metaspace: 44567K->44567K(1087488K)], 0.0608478 secs] [Times: user=0.38 sys=0.01, real=0.06 secs] 
2016-09-24T01:08:09.806-0400: 242.391: [GC (GCLocker Initiated GC) [PSYoungGen: 88064K->85822K(175104K)] 154293K->176351K(699392K), 0.0116293 secs] [Times: user=0.15 sys=0.00, real=0.01 secs] 
2016-09-24T01:08:09.958-0400: 242.544: [GC (GCLocker Initiated GC) [PSYoungGen: 173886K->73640K(175104K)] 264558K->225534K(699392K), 0.0154013 secs] [Times: user=0.20 sys=0.00, real=0.01 secs] 
2016-09-24T01:08:10.085-0400: 242.670: [GC (GCLocker Initiated GC) [PSYoungGen: 161704K->55155K(175104K)] 319721K->237739K(699392K), 0.0170625 secs] [Times: user=0.14 sys=0.00, real=0.01 secs] 
2016-09-24T01:08:10.221-0400: 242.807: [GC (Allocation Failure) [PSYoungGen: 143219K->61754K(175104K)] 332228K->293416K(699392K), 0.0142076 secs] [Times: user=0.14 sys=0.01, real=0.02 secs] 
2016-09-24T01:08:10.339-0400: 242.924: [GC (GCLocker Initiated GC) [PSYoungGen: 148278K->30695K(175104K)] 386016K->293147K(699392K), 0.0235652 secs] [Times: user=0.18 sys=0.01, real=0.03 secs] 
2016-09-24T01:08:10.468-0400: 243.054: [GC (GCLocker Initiated GC) [PSYoungGen: 118759K->73744K(175104K)] 387335K->360649K(699392K), 0.0289934 secs] [Times: user=0.28 sys=0.01, real=0.03 secs] 
2016-09-24T01:08:10.610-0400: 243.195: [GC (GCLocker Initiated GC) [PSYoungGen: 161808K->67701K(175104K)] 449074K->355570K(699392K), 0.0135125 secs] [Times: user=0.13 sys=0.01, real=0.02 secs] 
2016-09-24T01:08:10.745-0400: 243.331: [GC (Allocation Failure) [PSYoungGen: 155765K->43041K(175104K)] 450058K->374192K(699392K), 0.0164954 secs] [Times: user=0.15 sys=0.00, real=0.01 secs] 
2016-09-24T01:08:10.880-0400: 243.465: [GC (GCLocker Initiated GC) [PSYoungGen: 131105K->37229K(175104K)] 462263K->398842K(699392K), 0.0163491 secs] [Times: user=0.15 sys=0.00, real=0.02 secs] 
2016-09-24T01:08:11.004-0400: 243.590: [GC (GCLocker Initiated GC) [PSYoungGen: 125293K->73512K(175104K)] 493219K->466013K(699392K), 0.0100364 secs] [Times: user=0.10 sys=0.00, real=0.01 secs] 
2016-09-24T01:08:11.139-0400: 243.725: [GC (Allocation Failure) [PSYoungGen: 161576K->79783K(175104K)] 554433K->490992K(699392K), 0.0200007 secs] [Times: user=0.20 sys=0.01, real=0.02 secs] 
2016-09-24T01:08:11.273-0400: 243.859: [GC (GCLocker Initiated GC) [PSYoungGen: 167847K->37094K(175104K)] 579062K->503259K(699392K), 0.0147045 secs] [Times: user=0.13 sys=0.01, real=0.02 secs] 
2016-09-24T01:08:11.288-0400: 243.874: [Full GC (Ergonomics) [PSYoungGen: 37094K->0K(175104K)] [ParOldGen: 466165K->53847K(524288K)] 503259K->53847K(699392K), [Metaspace: 44568K->44568K(1087488K)], 0.0659829 secs] [Times: user=0.38 sys=0.02, real=0.07 secs] 
2016-09-24T01:08:11.457-0400: 244.042: [GC (GCLocker Initiated GC) [PSYoungGen: 88064K->86242K(175104K)] 148094K->176648K(699392K), 0.0132644 secs] [Times: user=0.16 sys=0.00, real=0.01 secs] 
2016-09-24T01:08:11.602-0400: 244.188: [GC (GCLocker Initiated GC) [PSYoungGen: 174306K->18869K(175104K)] 277284K->195638K(699392K), 0.0139899 secs] [Times: user=0.15 sys=0.01, real=0.02 secs] 
2016-09-24T01:08:11.744-0400: 244.330: [GC (GCLocker Initiated GC) [PSYoungGen: 106931K->55611K(175104K)] 296200K->245195K(699392K), 0.0084837 secs] [Times: user=0.07 sys=0.01, real=0.00 secs] 
2016-09-24T01:08:11.875-0400: 244.461: [GC (Allocation Failure) [PSYoungGen: 143675K->49280K(175104K)] 333604K->257497K(699392K), 0.0196563 secs] [Times: user=0.19 sys=0.03, real=0.02 secs] 
2016-09-24T01:08:12.002-0400: 244.588: [GC (GCLocker Initiated GC) [PSYoungGen: 137344K->55283K(175104K)] 351636K->306333K(699392K), 0.0087850 secs] [Times: user=0.13 sys=0.00, real=0.00 secs] 
2016-09-24T01:08:12.100-0400: 244.686: [GC (GCLocker Initiated GC) [PSYoungGen: 143347K->73868K(175104K)] 394513K->367726K(699392K), 0.0131086 secs] [Times: user=0.14 sys=0.01, real=0.01 secs] 
2016-09-24T01:08:12.243-0400: 244.829: [GC (GCLocker Initiated GC) [PSYoungGen: 161932K->79979K(175104K)] 455972K->410957K(699392K), 0.0119026 secs] [Times: user=0.17 sys=0.01, real=0.01 secs] 
2016-09-24T01:08:12.352-0400: 244.938: [GC (GCLocker Initiated GC) [PSYoungGen: 168043K->79619K(175104K)] 499308K->441535K(699392K), 0.0262386 secs] [Times: user=0.27 sys=0.01, real=0.03 secs] 
2016-09-24T01:08:12.495-0400: 245.080: [GC (GCLocker Initiated GC) [PSYoungGen: 167683K->55515K(175104K)] 529792K->460276K(699392K), 0.0126129 secs] [Times: user=0.12 sys=0.01, real=0.01 secs] 
2016-09-24T01:08:12.605-0400: 245.191: [GC (GCLocker Initiated GC) [PSYoungGen: 143579K->49308K(175104K)] 554597K->503134K(699392K), 0.0150953 secs] [Times: user=0.18 sys=0.00, real=0.01 secs] 
2016-09-24T01:08:12.728-0400: 245.314: [Full GC (Ergonomics) [PSYoungGen: 137372K->0K(175104K)] [ParOldGen: 460167K->53884K(524288K)] 597539K->53884K(699392K), [Metaspace: 44570K->44570K(1087488K)], 0.0683074 secs] [Times: user=0.51 sys=0.02, real=0.07 secs] 
2016-09-24T01:08:12.903-0400: 245.489: [GC (GCLocker Initiated GC) [PSYoungGen: 88064K->85822K(175104K)] 141948K->145781K(699392K), 0.0099349 secs] [Times: user=0.15 sys=0.00, real=0.00 secs] 
2016-09-24T01:08:13.031-0400: 245.617: [GC (GCLocker Initiated GC) [PSYoungGen: 173886K->74263K(175104K)] 234100K->171235K(699392K), 0.0207461 secs] [Times: user=0.25 sys=0.00, real=0.02 secs] 
2016-09-24T01:08:13.162-0400: 245.748: [GC (GCLocker Initiated GC) [PSYoungGen: 162327K->85790K(175104K)] 259476K->201471K(699392K), 0.0114513 secs] [Times: user=0.10 sys=0.00, real=0.00 secs] 
2016-09-24T01:08:13.287-0400: 245.873: [GC (GCLocker Initiated GC) [PSYoungGen: 173854K->55515K(175104K)] 289901K->244574K(699392K), 0.0170698 secs] [Times: user=0.15 sys=0.00, real=0.02 secs] 
2016-09-24T01:08:13.405-0400: 245.991: [GC (GCLocker Initiated GC) [PSYoungGen: 143579K->73544K(175104K)] 339074K->275381K(699392K), 0.0083472 secs] [Times: user=0.07 sys=0.00, real=0.00 secs] 
2016-09-24T01:08:13.510-0400: 246.095: [GC (Allocation Failure) [PSYoungGen: 161608K->86118K(175104K)] 363733K->318770K(699392K), 0.0116281 secs] [Times: user=0.13 sys=0.00, real=0.01 secs] 
2016-09-24T01:08:13.643-0400: 246.229: [GC (GCLocker Initiated GC) [PSYoungGen: 171246K->61294K(175104K)] 409973K->330860K(699392K), 0.0203087 secs] [Times: user=0.23 sys=0.00, real=0.02 secs] 
2016-09-24T01:08:13.771-0400: 246.357: [GC (GCLocker Initiated GC) [PSYoungGen: 149358K->85794K(175104K)] 419083K->355631K(699392K), 0.0084932 secs] [Times: user=0.07 sys=0.00, real=0.01 secs] 
2016-09-24T01:08:13.893-0400: 246.479: [GC (GCLocker Initiated GC) [PSYoungGen: 173858K->49048K(175104K)] 443910K->386200K(699392K), 0.0194132 secs] [Times: user=0.20 sys=0.00, real=0.02 secs] 
2016-09-24T01:08:14.013-0400: 246.599: [GC (GCLocker Initiated GC) [PSYoungGen: 137112K->85922K(175104K)] 474464K->423385K(699392K), 0.0227223 secs] [Times: user=0.24 sys=0.00, real=0.03 secs] 
2016-09-24T01:08:14.167-0400: 246.753: [GC (GCLocker Initiated GC) [PSYoungGen: 173986K->55191K(175104K)] 511548K->435717K(699392K), 0.0118354 secs] [Times: user=0.09 sys=0.00, real=0.01 secs] 
2016-09-24T01:08:14.290-0400: 246.876: [GC (GCLocker Initiated GC) [PSYoungGen: 143255K->85662K(175104K)] 523829K->515136K(699392K), 0.0121764 secs] [Times: user=0.11 sys=0.00, real=0.02 secs] 
2016-09-24T01:08:14.420-0400: 247.005: [Full GC (Ergonomics) [PSYoungGen: 173726K->0K(175104K)] [ParOldGen: 441727K->60044K(524288K)] 615453K->60044K(699392K), [Metaspace: 44570K->44570K(1087488K)], 0.0628049 secs] [Times: user=0.45 sys=0.01, real=0.07 secs] 
2016-09-24T01:08:14.594-0400: 247.180: [GC (GCLocker Initiated GC) [PSYoungGen: 88064K->86570K(175104K)] 148475K->159131K(699392K), 0.0134183 secs] [Times: user=0.19 sys=0.00, real=0.02 secs] 
2016-09-24T01:08:14.727-0400: 247.313: [GC (GCLocker Initiated GC) [PSYoungGen: 174634K->61490K(175104K)] 247237K->207861K(699392K), 0.0246235 secs] [Times: user=0.29 sys=0.00, real=0.02 secs] 
2016-09-24T01:08:14.865-0400: 247.451: [GC (GCLocker Initiated GC) [PSYoungGen: 149554K->73480K(175104K)] 295972K->244318K(699392K), 0.0099809 secs] [Times: user=0.09 sys=0.01, real=0.01 secs] 
2016-09-24T01:08:14.988-0400: 247.573: [GC (GCLocker Initiated GC) [PSYoungGen: 161544K->61262K(175104K)] 332529K->281115K(699392K), 0.0098059 secs] [Times: user=0.09 sys=0.00, real=0.01 secs] 
2016-09-24T01:08:15.107-0400: 247.693: [GC (GCLocker Initiated GC) [PSYoungGen: 149326K->49571K(175104K)] 381506K->306163K(699392K), 0.0258544 secs] [Times: user=0.27 sys=0.00, real=0.02 secs] 
2016-09-24T01:08:15.268-0400: 247.853: [GC (GCLocker Initiated GC) [PSYoungGen: 137635K->37354K(175104K)] 412673K->331079K(699392K), 0.0081949 secs] [Times: user=0.08 sys=0.00, real=0.01 secs] 
2016-09-24T01:08:15.403-0400: 247.988: [GC (GCLocker Initiated GC) [PSYoungGen: 125418K->67405K(175104K)] 425574K->367844K(699392K), 0.0168783 secs] [Times: user=0.17 sys=0.00, real=0.01 secs] 
2016-09-24T01:08:15.536-0400: 248.122: [GC (GCLocker Initiated GC) [PSYoungGen: 155469K->55579K(175104K)] 456713K->393564K(699392K), 0.0100982 secs] [Times: user=0.14 sys=0.00, real=0.01 secs] 
2016-09-24T01:08:15.686-0400: 248.271: [GC (Allocation Failure) [PSYoungGen: 143643K->43201K(175104K)] 494117K->430268K(699392K), 0.0143434 secs] [Times: user=0.13 sys=0.00, real=0.01 secs] 
2016-09-24T01:08:15.851-0400: 248.437: [GC (GCLocker Initiated GC) [PSYoungGen: 130030K->55255K(175104K)] 523172K->448484K(699392K), 0.0135615 secs] [Times: user=0.13 sys=0.00, real=0.02 secs] 
2016-09-24T01:08:15.997-0400: 248.583: [GC (GCLocker Initiated GC) [PSYoungGen: 143319K->43041K(175104K)] 542867K->460901K(699392K), 0.0222394 secs] [Times: user=0.23 sys=0.00, real=0.02 secs] 
2016-09-24T01:08:16.130-0400: 248.715: [GC (GCLocker Initiated GC) [PSYoungGen: 131105K->49475K(175104K)] 549298K->522448K(699392K), 0.0375552 secs] [Times: user=0.39 sys=0.00, real=0.04 secs] 
2016-09-24T01:08:16.167-0400: 248.753: [Full GC (Ergonomics) [PSYoungGen: 49475K->0K(175104K)] [ParOldGen: 472972K->60226K(524288K)] 522448K->60226K(699392K), [Metaspace: 44570K->44570K(1087488K)], 0.0596643 secs] [Times: user=0.46 sys=0.00, real=0.06 secs] 
2016-09-24T01:08:16.332-0400: 248.918: [GC (GCLocker Initiated GC) [PSYoungGen: 88064K->86210K(175104K)] 148450K->176971K(699392K), 0.0103352 secs] [Times: user=0.14 sys=0.00, real=0.02 secs] 
2016-09-24T01:08:16.431-0400: 249.017: [GC (GCLocker Initiated GC) [PSYoungGen: 174274K->55447K(175104K)] 265229K->226113K(699392K), 0.0118082 secs] [Times: user=0.13 sys=0.02, real=0.02 secs] 
2016-09-24T01:08:16.532-0400: 249.117: [GC (GCLocker Initiated GC) [PSYoungGen: 143511K->79651K(175104K)] 314482K->305433K(699392K), 0.0147646 secs] [Times: user=0.17 sys=0.00, real=0.02 secs] 
2016-09-24T01:08:16.628-0400: 249.213: [GC (GCLocker Initiated GC) [PSYoungGen: 167715K->85822K(175104K)] 393791K->403159K(699392K), 0.0279683 secs] [Times: user=0.38 sys=0.00, real=0.03 secs] 
2016-09-24T01:08:16.775-0400: 249.360: [GC (Allocation Failure) [PSYoungGen: 173886K->73968K(175104K)] 491410K->440423K(699392K), 0.0123211 secs] [Times: user=0.18 sys=0.01, real=0.01 secs] 
2016-09-24T01:08:16.908-0400: 249.493: [GC (GCLocker Initiated GC) [PSYoungGen: 162032K->43073K(175104K)] 528493K->446236K(699392K), 0.0308569 secs] [Times: user=0.27 sys=0.01, real=0.03 secs] 
2016-09-24T01:08:17.064-0400: 249.650: [GC (Allocation Failure) [PSYoungGen: 131137K->43205K(175104K)] 540725K->489338K(699392K), 0.0167145 secs] [Times: user=0.17 sys=0.01, real=0.01 secs] 
2016-09-24T01:08:17.081-0400: 249.667: [Full GC (Ergonomics) [PSYoungGen: 43205K->0K(175104K)] [ParOldGen: 446133K->54109K(524288K)] 489338K->54109K(699392K), [Metaspace: 44573K->44573K(1087488K)], 0.0564292 secs] [Times: user=0.29 sys=0.00, real=0.06 secs] 
2016-09-24T01:08:17.237-0400: 249.822: [GC (GCLocker Initiated GC) [PSYoungGen: 83846K->73708K(175104K)] 144031K->133892K(699392K), 0.0189192 secs] [Times: user=0.20 sys=0.00, real=0.02 secs] 
2016-09-24T01:08:17.385-0400: 249.970: [GC (Allocation Failure) [PSYoungGen: 161772K->18997K(175104K)] 240419K->171039K(699392K), 0.0122284 secs] [Times: user=0.17 sys=0.00, real=0.01 secs] 
2016-09-24T01:08:17.510-0400: 250.096: [GC (GCLocker Initiated GC) [PSYoungGen: 106904K->55483K(175104K)] 259111K->207973K(699392K), 0.0135731 secs] [Times: user=0.17 sys=0.01, real=0.02 secs] 
2016-09-24T01:08:17.603-0400: 250.188: [GC (GCLocker Initiated GC) [PSYoungGen: 143547K->85690K(175104K)] 296119K->299335K(699392K), 0.0169293 secs] [Times: user=0.20 sys=0.00, real=0.01 secs] 
2016-09-24T01:08:17.721-0400: 250.307: [GC (GCLocker Initiated GC) [PSYoungGen: 173754K->42977K(175104K)] 387643K->281245K(699392K), 0.0271870 secs] [Times: user=0.28 sys=0.01, real=0.03 secs] 
2016-09-24T01:08:17.875-0400: 250.461: [GC (Allocation Failure) [PSYoungGen: 131041K->61426K(175104K)] 369351K->342553K(699392K), 0.0091472 secs] [Times: user=0.10 sys=0.00, real=0.01 secs] 
2016-09-24T01:08:18.003-0400: 250.588: [GC (GCLocker Initiated GC) [PSYoungGen: 144542K->61198K(175104K)] 431744K->354742K(699392K), 0.0082286 secs] [Times: user=0.07 sys=0.00, real=0.00 secs] 
2016-09-24T01:08:18.131-0400: 250.716: [GC (GCLocker Initiated GC) [PSYoungGen: 149262K->79587K(175104K)] 448923K->385419K(699392K), 0.0246864 secs] [Times: user=0.29 sys=0.00, real=0.03 secs] 
2016-09-24T01:08:18.241-0400: 250.827: [GC (GCLocker Initiated GC) [PSYoungGen: 167651K->73676K(175104K)] 473844K->410535K(699392K), 0.0154326 secs] [Times: user=0.16 sys=0.00, real=0.02 secs] 
2016-09-24T01:08:18.371-0400: 250.957: [GC (GCLocker Initiated GC) [PSYoungGen: 161740K->49472K(175104K)] 511047K->435364K(699392K), 0.0183813 secs] [Times: user=0.20 sys=0.00, real=0.02 secs] 
2016-09-24T01:08:18.501-0400: 251.087: [GC (GCLocker Initiated GC) [PSYoungGen: 137536K->55191K(175104K)] 523504K->459488K(699392K), 0.0080523 secs] [Times: user=0.07 sys=0.00, real=0.01 secs] 
2016-09-24T01:08:18.613-0400: 251.199: [GC (GCLocker Initiated GC) [PSYoungGen: 143255K->61266K(175104K)] 547577K->484080K(699392K), 0.0127517 secs] [Times: user=0.12 sys=0.00, real=0.02 secs] 
2016-09-24T01:08:18.725-0400: 251.310: [GC (GCLocker Initiated GC) [PSYoungGen: 149330K->85630K(175104K)] 572460K->521350K(699392K), 0.0152949 secs] [Times: user=0.15 sys=0.00, real=0.01 secs] 
2016-09-24T01:08:18.860-0400: 251.446: [GC (GCLocker Initiated GC) [PSYoungGen: 173694K->79751K(175104K)] 615587K->582653K(699392K), 0.0126115 secs] [Times: user=0.12 sys=0.00, real=0.01 secs] 
2016-09-24T01:08:18.873-0400: 251.458: [Full GC (Ergonomics) [PSYoungGen: 79751K->0K(175104K)] [ParOldGen: 502902K->54576K(524288K)] 582653K->54576K(699392K), [Metaspace: 44573K->44573K(1087488K)], 0.0573593 secs] [Times: user=0.32 sys=0.01, real=0.06 secs] 
2016-09-24T01:08:19.047-0400: 251.633: [GC (GCLocker Initiated GC) [PSYoungGen: 88064K->86014K(175104K)] 142900K->171226K(699392K), 0.0326848 secs] [Times: user=0.37 sys=0.00, real=0.03 secs] 
2016-09-24T01:08:19.183-0400: 251.769: [GC (GCLocker Initiated GC) [PSYoungGen: 174078K->79683K(175104K)] 259387K->214140K(699392K), 0.0124120 secs] [Times: user=0.15 sys=0.00, real=0.01 secs] 
2016-09-24T01:08:19.323-0400: 251.909: [GC (Allocation Failure) [PSYoungGen: 167747K->55479K(175104K)] 314597K->269502K(699392K), 0.0211583 secs] [Times: user=0.28 sys=0.00, real=0.02 secs] 
2016-09-24T01:08:19.454-0400: 252.040: [GC (GCLocker Initiated GC) [PSYoungGen: 141032K->55483K(175104K)] 361130K->306247K(699392K), 0.0083150 secs] [Times: user=0.12 sys=0.00, real=0.01 secs] 
2016-09-24T01:08:19.587-0400: 252.173: [GC (GCLocker Initiated GC) [PSYoungGen: 143547K->67597K(175104K)] 400607K->343370K(699392K), 0.0093696 secs] [Times: user=0.13 sys=0.00, real=0.01 secs] 
2016-09-24T01:08:19.700-0400: 252.285: [GC (Allocation Failure) [PSYoungGen: 155661K->67957K(175104K)] 437858K->380657K(699392K), 0.0131637 secs] [Times: user=0.15 sys=0.00, real=0.01 secs] 
2016-09-24T01:08:19.830-0400: 252.416: [GC (GCLocker Initiated GC) [PSYoungGen: 156021K->49084K(175104K)] 468721K->380416K(699392K), 0.0122232 secs] [Times: user=0.10 sys=0.00, real=0.02 secs] 
2016-09-24T01:08:19.958-0400: 252.544: [GC (Allocation Failure) [PSYoungGen: 137148K->55551K(175104K)] 468656K->387155K(699392K), 0.0135018 secs] [Times: user=0.13 sys=0.00, real=0.01 secs] 
2016-09-24T01:08:20.085-0400: 252.670: [GC (GCLocker Initiated GC) [PSYoungGen: 139564K->73804K(175104K)] 477244K->430147K(699392K), 0.0190840 secs] [Times: user=0.21 sys=0.00, real=0.02 secs] 
2016-09-24T01:08:20.241-0400: 252.827: [GC (GCLocker Initiated GC) [PSYoungGen: 161868K->37453K(175104K)] 530677K->406407K(699392K), 0.0062285 secs] [Times: user=0.07 sys=0.01, real=0.01 secs] 
2016-09-24T01:08:20.362-0400: 252.948: [GC (GCLocker Initiated GC) [PSYoungGen: 125517K->55091K(175104K)] 500583K->430415K(699392K), 0.0292241 secs] [Times: user=0.33 sys=0.01, real=0.02 secs] 
2016-09-24T01:08:20.494-0400: 253.079: [GC (GCLocker Initiated GC) [PSYoungGen: 143155K->67669K(175104K)] 524691K->455391K(699392K), 0.0256605 secs] [Times: user=0.22 sys=0.00, real=0.03 secs] 
2016-09-24T01:08:20.663-0400: 253.249: [GC (GCLocker Initiated GC) [PSYoungGen: 155733K->55155K(175104K)] 549669K->498279K(699392K), 0.0173200 secs] [Times: user=0.18 sys=0.00, real=0.01 secs] 
2016-09-24T01:08:20.823-0400: 253.408: [Full GC (Ergonomics) [PSYoungGen: 143219K->0K(175104K)] [ParOldGen: 449754K->42235K(524288K)] 592973K->42235K(699392K), [Metaspace: 44574K->44574K(1087488K)], 0.0696498 secs] [Times: user=0.47 sys=0.01, real=0.06 secs] 
2016-09-24T01:08:20.975-0400: 253.561: [GC (GCLocker Initiated GC) [PSYoungGen: 84650K->86078K(175104K)] 132961K->176913K(699392K), 0.0139083 secs] [Times: user=0.22 sys=0.00, real=0.01 secs] 
2016-09-24T01:08:21.105-0400: 253.690: [GC (Allocation Failure) [PSYoungGen: 174142K->61590K(175104K)] 265310K->207996K(699392K), 0.0121031 secs] [Times: user=0.18 sys=0.00, real=0.01 secs] 
2016-09-24T01:08:21.207-0400: 253.792: [GC (GCLocker Initiated GC) [PSYoungGen: 149654K->85790K(175104K)] 296066K->250743K(699392K), 0.0168650 secs] [Times: user=0.20 sys=0.00, real=0.02 secs] 
2016-09-24T01:08:21.336-0400: 253.922: [GC (GCLocker Initiated GC) [PSYoungGen: 173854K->73612K(175104K)] 345080K->245098K(699392K), 0.0100661 secs] [Times: user=0.08 sys=0.00, real=0.01 secs] 
2016-09-24T01:08:21.462-0400: 254.048: [GC (GCLocker Initiated GC) [PSYoungGen: 161676K->73512K(175104K)] 333299K->275761K(699392K), 0.0189232 secs] [Times: user=0.18 sys=0.01, real=0.01 secs] 
2016-09-24T01:08:21.589-0400: 254.175: [GC (GCLocker Initiated GC) [PSYoungGen: 161576K->43432K(175104K)] 369998K->288392K(699392K), 0.0103505 secs] [Times: user=0.09 sys=0.00, real=0.01 secs] 
2016-09-24T01:08:21.703-0400: 254.289: [GC (GCLocker Initiated GC) [PSYoungGen: 131496K->73544K(175104K)] 382624K->343343K(699392K), 0.0306544 secs] [Times: user=0.42 sys=0.00, real=0.02 secs] 
2016-09-24T01:08:21.857-0400: 254.443: [GC (GCLocker Initiated GC) [PSYoungGen: 161608K->61882K(175104K)] 437731K->392824K(699392K), 0.0142898 secs] [Times: user=0.17 sys=0.02, real=0.01 secs] 
2016-09-24T01:08:22.017-0400: 254.602: [GC (GCLocker Initiated GC) [PSYoungGen: 149946K->37098K(175104K)] 493220K->399028K(699392K), 0.0132104 secs] [Times: user=0.13 sys=0.00, real=0.01 secs] 
2016-09-24T01:08:22.157-0400: 254.743: [GC (GCLocker Initiated GC) [PSYoungGen: 125162K->55123K(175104K)] 487523K->417752K(699392K), 0.0081754 secs] [Times: user=0.08 sys=0.00, real=0.01 secs] 
2016-09-24T01:08:22.255-0400: 254.841: [GC (GCLocker Initiated GC) [PSYoungGen: 143187K->86118K(175104K)] 506154K->479588K(699392K), 0.0137057 secs] [Times: user=0.16 sys=0.01, real=0.01 secs] 
2016-09-24T01:08:22.394-0400: 254.980: [GC (Allocation Failure) [PSYoungGen: 174182K->55191K(175104K)] 574037K->473523K(699392K), 0.0159354 secs] [Times: user=0.14 sys=0.00, real=0.02 secs] 
2016-09-24T01:08:22.509-0400: 255.095: [GC (GCLocker Initiated GC) [PSYoungGen: 139523K->49244K(175104K)] 563930K->491979K(699392K), 0.0078482 secs] [Times: user=0.06 sys=0.00, real=0.01 secs] 
2016-09-24T01:08:22.639-0400: 255.225: [GC (GCLocker Initiated GC) [PSYoungGen: 137308K->79591K(175104K)] 580075K->540694K(699392K), 0.0140491 secs] [Times: user=0.10 sys=0.01, real=0.01 secs] 
2016-09-24T01:08:22.784-0400: 255.370: [Full GC (Ergonomics) [PSYoungGen: 167655K->0K(175104K)] [ParOldGen: 467253K->42110K(524288K)] 634908K->42110K(699392K), [Metaspace: 44574K->44574K(1087488K)], 0.0582921 secs] [Times: user=0.28 sys=0.01, real=0.06 secs] 
2016-09-24T01:08:22.965-0400: 255.551: [GC (GCLocker Initiated GC) [PSYoungGen: 88064K->86110K(175104K)] 130306K->134427K(699392K), 0.0098117 secs] [Times: user=0.13 sys=0.00, real=0.01 secs] 
2016-09-24T01:08:23.076-0400: 255.661: [GC (GCLocker Initiated GC) [PSYoungGen: 174174K->79943K(175104K)] 228608K->177653K(699392K), 0.0098782 secs] [Times: user=0.13 sys=0.00, real=0.01 secs] 
2016-09-24T01:08:23.187-0400: 255.772: [GC (GCLocker Initiated GC) [PSYoungGen: 168004K->49340K(175104K)] 278214K->196315K(699392K), 0.0101280 secs] [Times: user=0.09 sys=0.00, real=0.01 secs] 
2016-09-24T01:08:23.307-0400: 255.893: [GC (GCLocker Initiated GC) [PSYoungGen: 137404K->61558K(175104K)] 290558K->214995K(699392K), 0.0109135 secs] [Times: user=0.11 sys=0.01, real=0.01 secs] 
2016-09-24T01:08:23.430-0400: 256.015: [GC (GCLocker Initiated GC) [PSYoungGen: 149622K->85986K(175104K)] 303235K->288335K(699392K), 0.0113538 secs] [Times: user=0.15 sys=0.01, real=0.01 secs] 
2016-09-24T01:08:23.554-0400: 256.140: [GC (GCLocker Initiated GC) [PSYoungGen: 174050K->74032K(175104K)] 382605K->325436K(699392K), 0.0076064 secs] [Times: user=0.10 sys=0.00, real=0.00 secs] 
2016-09-24T01:08:23.676-0400: 256.261: [GC (GCLocker Initiated GC) [PSYoungGen: 162096K->36770K(175104K)] 413778K->337319K(699392K), 0.0113975 secs] [Times: user=0.11 sys=0.01, real=0.01 secs] 
2016-09-24T01:08:23.809-0400: 256.394: [GC (GCLocker Initiated GC) [PSYoungGen: 124834K->73548K(175104K)] 425560K->374345K(699392K), 0.0154029 secs] [Times: user=0.13 sys=0.00, real=0.02 secs] 
2016-09-24T01:08:23.934-0400: 256.520: [GC (GCLocker Initiated GC) [PSYoungGen: 161612K->61330K(175104K)] 468727K->387126K(699392K), 0.0293435 secs] [Times: user=0.30 sys=0.00, real=0.04 secs] 
2016-09-24T01:08:24.087-0400: 256.673: [GC (Allocation Failure) [PSYoungGen: 149394K->55387K(175104K)] 487594K->442290K(699392K), 0.0180666 secs] [Times: user=0.18 sys=0.01, real=0.02 secs] 
2016-09-24T01:08:24.214-0400: 256.800: [GC (GCLocker Initiated GC) [PSYoungGen: 143451K->74196K(175104K)] 530355K->461391K(699392K), 0.0101494 secs] [Times: user=0.13 sys=0.00, real=0.01 secs] 
2016-09-24T01:08:24.339-0400: 256.924: [GC (GCLocker Initiated GC) [PSYoungGen: 162260K->43005K(175104K)] 549504K->509359K(699392K), 0.0116609 secs] [Times: user=0.15 sys=0.00, real=0.01 secs] 
2016-09-24T01:08:24.350-0400: 256.936: [Full GC (Ergonomics) [PSYoungGen: 43005K->0K(175104K)] [ParOldGen: 466354K->48632K(524288K)] 509359K->48632K(699392K), [Metaspace: 44574K->44574K(1087488K)], 0.0588343 secs] [Times: user=0.44 sys=0.02, real=0.06 secs] 
2016-09-24T01:08:24.502-0400: 257.088: [GC (GCLocker Initiated GC) [PSYoungGen: 88064K->86530K(175104K)] 136795K->159561K(699392K), 0.0102392 secs] [Times: user=0.15 sys=0.01, real=0.01 secs] 
2016-09-24T01:08:24.620-0400: 257.206: [GC (GCLocker Initiated GC) [PSYoungGen: 174594K->85690K(175104K)] 247734K->208610K(699392K), 0.0103879 secs] [Times: user=0.15 sys=0.00, real=0.01 secs] 
2016-09-24T01:08:24.737-0400: 257.322: [GC (GCLocker Initiated GC) [PSYoungGen: 173754K->85954K(175104K)] 296990K->239709K(699392K), 0.0273290 secs] [Times: user=0.31 sys=0.00, real=0.03 secs] 
2016-09-24T01:08:24.903-0400: 257.489: [GC (GCLocker Initiated GC) [PSYoungGen: 174018K->55155K(175104K)] 328010K->245889K(699392K), 0.0140873 secs] [Times: user=0.16 sys=0.00, real=0.01 secs] 
2016-09-24T01:08:25.048-0400: 257.633: [GC (GCLocker Initiated GC) [PSYoungGen: 143219K->73252K(175104K)] 340227K->270355K(699392K), 0.0266020 secs] [Times: user=0.28 sys=0.00, real=0.03 secs] 
2016-09-24T01:08:25.168-0400: 257.753: [GC (GCLocker Initiated GC) [PSYoungGen: 161316K->74000K(175104K)] 358787K->289847K(699392K), 0.0267455 secs] [Times: user=0.35 sys=0.01, real=0.03 secs] 
2016-09-24T01:08:25.305-0400: 257.891: [GC (GCLocker Initiated GC) [PSYoungGen: 162064K->80043K(175104K)] 378092K->326746K(699392K), 0.0162414 secs] [Times: user=0.22 sys=0.00, real=0.01 secs] 
2016-09-24T01:08:25.434-0400: 258.020: [GC (GCLocker Initiated GC) [PSYoungGen: 168107K->49372K(175104K)] 421173K->339507K(699392K), 0.0121254 secs] [Times: user=0.11 sys=0.01, real=0.02 secs] 
2016-09-24T01:08:25.528-0400: 258.113: [GC (GCLocker Initiated GC) [PSYoungGen: 137436K->61230K(175104K)] 433991K->412727K(699392K), 0.0121359 secs] [Times: user=0.10 sys=0.01, real=0.01 secs] 
2016-09-24T01:08:25.658-0400: 258.243: [GC (GCLocker Initiated GC) [PSYoungGen: 149290K->55807K(175104K)] 513265K->456391K(699392K), 0.0095602 secs] [Times: user=0.12 sys=0.01, real=0.01 secs] 
2016-09-24T01:08:25.769-0400: 258.354: [GC (GCLocker Initiated GC) [PSYoungGen: 143871K->73968K(175104K)] 544592K->475332K(699392K), 0.0073234 secs] [Times: user=0.10 sys=0.00, real=0.01 secs] 
2016-09-24T01:08:25.900-0400: 258.486: [GC (GCLocker Initiated GC) [PSYoungGen: 162032K->55483K(175104K)] 569671K->481490K(699392K), 0.0096170 secs] [Times: user=0.12 sys=0.01, real=0.01 secs] 
2016-09-24T01:08:26.043-0400: 258.628: [GC (GCLocker Initiated GC) [PSYoungGen: 143547K->85790K(175104K)] 569872K->530639K(699392K), 0.0089772 secs] [Times: user=0.11 sys=0.00, real=0.00 secs] 
2016-09-24T01:08:26.178-0400: 258.764: [GC (Allocation Failure) [PSYoungGen: 173854K->55547K(175104K)] 625094K->567681K(699392K), 0.0178094 secs] [Times: user=0.20 sys=0.01, real=0.02 secs] 
2016-09-24T01:08:26.196-0400: 258.782: [Full GC (Ergonomics) [PSYoungGen: 55547K->0K(175104K)] [ParOldGen: 512134K->54737K(524288K)] 567681K->54737K(699392K), [Metaspace: 44583K->44583K(1087488K)], 0.0568681 secs] [Times: user=0.30 sys=0.01, real=0.05 secs] 
2016-09-24T01:08:26.361-0400: 258.947: [GC (GCLocker Initiated GC) [PSYoungGen: 82039K->55743K(175104K)] 142852K->116555K(699392K), 0.0092954 secs] [Times: user=0.10 sys=0.00, real=0.01 secs] 
2016-09-24T01:08:26.491-0400: 259.077: [GC (GCLocker Initiated GC) [PSYoungGen: 143807K->55547K(175104K)] 216884K->165529K(699392K), 0.0109454 secs] [Times: user=0.13 sys=0.00, real=0.01 secs] 
2016-09-24T01:08:26.620-0400: 259.205: [GC (GCLocker Initiated GC) [PSYoungGen: 143611K->55679K(175104K)] 260029K->172185K(699392K), 0.0102264 secs] [Times: user=0.12 sys=0.00, real=0.01 secs] 
2016-09-24T01:08:26.749-0400: 259.334: [GC (GCLocker Initiated GC) [PSYoungGen: 143743K->61294K(175104K)] 266870K->202945K(699392K), 0.0103310 secs] [Times: user=0.10 sys=0.01, real=0.01 secs] 
2016-09-24T01:08:26.878-0400: 259.464: [GC (GCLocker Initiated GC) [PSYoungGen: 149358K->73836K(175104K)] 291219K->234065K(699392K), 0.0115238 secs] [Times: user=0.16 sys=0.00, real=0.01 secs] 
2016-09-24T01:08:27.015-0400: 259.600: [GC (GCLocker Initiated GC) [PSYoungGen: 161900K->86118K(175104K)] 334394K->277153K(699392K), 0.0083288 secs] [Times: user=0.11 sys=0.00, real=0.01 secs] 
2016-09-24T01:08:27.175-0400: 259.761: [GC (GCLocker Initiated GC) [PSYoungGen: 174182K->18901K(175104K)] 383774K->259332K(699392K), 0.0162951 secs] [Times: user=0.22 sys=0.00, real=0.01 secs] 
2016-09-24T01:08:27.301-0400: 259.886: [GC (Allocation Failure) [PSYoungGen: 106965K->55515K(175104K)] 347700K->296370K(699392K), 0.0157540 secs] [Times: user=0.17 sys=0.00, real=0.02 secs] 
2016-09-24T01:08:27.427-0400: 260.013: [GC (GCLocker Initiated GC) [PSYoungGen: 138928K->73772K(175104K)] 385859K->339219K(699392K), 0.0365729 secs] [Times: user=0.40 sys=0.01, real=0.04 secs] 
2016-09-24T01:08:27.580-0400: 260.165: [GC (GCLocker Initiated GC) [PSYoungGen: 161836K->55547K(175104K)] 433550K->327545K(699392K), 0.0070306 secs] [Times: user=0.08 sys=0.00, real=0.01 secs] 
2016-09-24T01:08:27.677-0400: 260.263: [GC (GCLocker Initiated GC) [PSYoungGen: 143611K->73444K(175104K)] 415774K->388439K(699392K), 0.0156388 secs] [Times: user=0.19 sys=0.00, real=0.01 secs] 
2016-09-24T01:08:27.808-0400: 260.394: [GC (GCLocker Initiated GC) [PSYoungGen: 161508K->61658K(175104K)] 482891K->389219K(699392K), 0.0109053 secs] [Times: user=0.09 sys=0.00, real=0.01 secs] 
2016-09-24T01:08:27.928-0400: 260.514: [GC (GCLocker Initiated GC) [PSYoungGen: 149722K->67829K(175104K)] 477499K->414482K(699392K), 0.0125927 secs] [Times: user=0.15 sys=0.00, real=0.01 secs] 
2016-09-24T01:08:28.061-0400: 260.646: [GC (GCLocker Initiated GC) [PSYoungGen: 155893K->85822K(175104K)] 502728K->499954K(699392K), 0.0115470 secs] [Times: user=0.15 sys=0.01, real=0.01 secs] 
2016-09-24T01:08:28.202-0400: 260.788: [GC (Allocation Failure) [PSYoungGen: 173886K->73804K(175104K)] 594398K->561277K(699392K), 0.0107324 secs] [Times: user=0.14 sys=0.00, real=0.00 secs] 
2016-09-24T01:08:28.213-0400: 260.799: [Full GC (Ergonomics) [PSYoungGen: 73804K->0K(175104K)] [ParOldGen: 487472K->61161K(524288K)] 561277K->61161K(699392K), [Metaspace: 44584K->44584K(1087488K)], 0.0635946 secs] [Times: user=0.45 sys=0.01, real=0.07 secs] 
2016-09-24T01:08:28.411-0400: 260.997: [GC (GCLocker Initiated GC) [PSYoungGen: 87949K->79815K(175104K)] 149366K->141232K(699392K), 0.0238777 secs] [Times: user=0.31 sys=0.00, real=0.03 secs] 
2016-09-24T01:08:28.525-0400: 261.110: [GC (GCLocker Initiated GC) [PSYoungGen: 167879K->49340K(175104K)] 235581K->202408K(699392K), 0.0100266 secs] [Times: user=0.13 sys=0.01, real=0.01 secs] 
2016-09-24T01:08:28.628-0400: 261.214: [GC (GCLocker Initiated GC) [PSYoungGen: 137404K->86018K(175104K)] 296697K->306393K(699392K), 0.0105679 secs] [Times: user=0.15 sys=0.00, real=0.01 secs] 
2016-09-24T01:08:28.749-0400: 261.335: [GC (Allocation Failure) [PSYoungGen: 174082K->55415K(175104K)] 406794K->343249K(699392K), 0.0328975 secs] [Times: user=0.35 sys=0.01, real=0.03 secs] 
2016-09-24T01:08:28.886-0400: 261.471: [GC (GCLocker Initiated GC) [PSYoungGen: 143479K->73672K(175104K)] 431319K->361812K(699392K), 0.0077392 secs] [Times: user=0.07 sys=0.01, real=0.00 secs] 
2016-09-24T01:08:29.026-0400: 261.611: [GC (GCLocker Initiated GC) [PSYoungGen: 161736K->73968K(175104K)] 450046K->380802K(699392K), 0.0101029 secs] [Times: user=0.15 sys=0.01, real=0.01 secs] 
2016-09-24T01:08:29.170-0400: 261.755: [GC (GCLocker Initiated GC) [PSYoungGen: 162032K->36930K(175104K)] 475251K->350597K(699392K), 0.0063121 secs] [Times: user=0.08 sys=0.00, real=0.01 secs] 
2016-09-24T01:08:29.285-0400: 261.871: [GC (Allocation Failure) [PSYoungGen: 124994K->85758K(175104K)] 438719K->423919K(699392K), 0.0315669 secs] [Times: user=0.32 sys=0.00, real=0.03 secs] 
2016-09-24T01:08:29.433-0400: 262.019: [GC (GCLocker Initiated GC) [PSYoungGen: 173822K->55679K(175104K)] 511984K->430434K(699392K), 0.0117973 secs] [Times: user=0.13 sys=0.01, real=0.02 secs] 
2016-09-24T01:08:29.541-0400: 262.127: [GC (GCLocker Initiated GC) [PSYoungGen: 143743K->85854K(175104K)] 518854K->486056K(699392K), 0.0096120 secs] [Times: user=0.11 sys=0.01, real=0.01 secs] 
2016-09-24T01:08:29.661-0400: 262.246: [GC (Allocation Failure) [PSYoungGen: 173918K->73836K(175104K)] 580388K->553342K(699392K), 0.0225186 secs] [Times: user=0.31 sys=0.01, real=0.03 secs] 
2016-09-24T01:08:29.683-0400: 262.269: [Full GC (Ergonomics) [PSYoungGen: 73836K->0K(175104K)] [ParOldGen: 479506K->54925K(524288K)] 553342K->54925K(699392K), [Metaspace: 44586K->44586K(1087488K)], 0.0568949 secs] [Times: user=0.39 sys=0.00, real=0.05 secs] 
2016-09-24T01:08:29.834-0400: 262.420: [GC (GCLocker Initiated GC) [PSYoungGen: 85024K->86306K(175104K)] 146024K->147306K(699392K), 0.0148992 secs] [Times: user=0.16 sys=0.01, real=0.02 secs] 
2016-09-24T01:08:29.946-0400: 262.532: [GC (GCLocker Initiated GC) [PSYoungGen: 174370K->55479K(175104K)] 241616K->172317K(699392K), 0.0155466 secs] [Times: user=0.18 sys=0.00, real=0.01 secs] 
2016-09-24T01:08:30.080-0400: 262.666: [GC (GCLocker Initiated GC) [PSYoungGen: 143543K->67633K(175104K)] 260742K->221581K(699392K), 0.0124626 secs] [Times: user=0.10 sys=0.00, real=0.01 secs] 
2016-09-24T01:08:30.216-0400: 262.802: [GC (GCLocker Initiated GC) [PSYoungGen: 155695K->55579K(175104K)] 310005K->246786K(699392K), 0.0178072 secs] [Times: user=0.24 sys=0.00, real=0.01 secs] 
2016-09-24T01:08:30.326-0400: 262.912: [GC (GCLocker Initiated GC) [PSYoungGen: 143643K->85758K(175104K)] 335004K->283314K(699392K), 0.0095451 secs] [Times: user=0.15 sys=0.00, real=0.01 secs] 
2016-09-24T01:08:30.462-0400: 263.048: [GC (GCLocker Initiated GC) [PSYoungGen: 173822K->61746K(175104K)] 371503K->302095K(699392K), 0.0126407 secs] [Times: user=0.15 sys=0.00, real=0.02 secs] 
2016-09-24T01:08:30.602-0400: 263.188: [GC (GCLocker Initiated GC) [PSYoungGen: 149810K->55547K(175104K)] 402317K->326851K(699392K), 0.0088258 secs] [Times: user=0.12 sys=0.01, real=0.00 secs] 
2016-09-24T01:08:30.725-0400: 263.311: [GC (GCLocker Initiated GC) [PSYoungGen: 143611K->55223K(175104K)] 415035K->345163K(699392K), 0.0110628 secs] [Times: user=0.09 sys=0.01, real=0.01 secs] 
2016-09-24T01:08:30.860-0400: 263.445: [GC (GCLocker Initiated GC) [PSYoungGen: 143287K->55447K(175104K)] 445671K->424972K(699392K), 0.0095330 secs] [Times: user=0.13 sys=0.00, real=0.01 secs] 
2016-09-24T01:08:31.009-0400: 263.595: [GC (GCLocker Initiated GC) [PSYoungGen: 143511K->55515K(175104K)] 519438K->449982K(699392K), 0.0104368 secs] [Times: user=0.13 sys=0.01, real=0.01 secs] 
2016-09-24T01:08:31.132-0400: 263.717: [GC (GCLocker Initiated GC) [PSYoungGen: 143579K->73640K(175104K)] 538324K->486925K(699392K), 0.0144065 secs] [Times: user=0.19 sys=0.00, real=0.02 secs] 
2016-09-24T01:08:31.248-0400: 263.834: [GC (GCLocker Initiated GC) [PSYoungGen: 161704K->85694K(175104K)] 575048K->535624K(699392K), 0.0119203 secs] [Times: user=0.12 sys=0.01, real=0.01 secs] 
2016-09-24T01:08:31.261-0400: 263.846: [Full GC (Ergonomics) [PSYoungGen: 85694K->0K(175104K)] [ParOldGen: 449930K->54781K(524288K)] 535624K->54781K(699392K), [Metaspace: 44592K->44592K(1087488K)], 0.0592412 secs] [Times: user=0.33 sys=0.01, real=0.06 secs] 
2016-09-24T01:08:31.426-0400: 264.011: [GC (GCLocker Initiated GC) [PSYoungGen: 88064K->80363K(175104K)] 149152K->141451K(699392K), 0.0164962 secs] [Times: user=0.14 sys=0.00, real=0.02 secs] 
2016-09-24T01:08:31.553-0400: 264.139: [GC (GCLocker Initiated GC) [PSYoungGen: 168427K->55383K(175104K)] 229679K->202965K(699392K), 0.0301533 secs] [Times: user=0.32 sys=0.00, real=0.04 secs] 
2016-09-24T01:08:31.704-0400: 264.290: [GC (GCLocker Initiated GC) [PSYoungGen: 143447K->43009K(175104K)] 291067K->221100K(699392K), 0.0164562 secs] [Times: user=0.10 sys=0.01, real=0.01 secs] 
2016-09-24T01:08:31.807-0400: 264.393: [GC (GCLocker Initiated GC) [PSYoungGen: 131073K->67665K(175104K)] 315443K->282866K(699392K), 0.0185519 secs] [Times: user=0.19 sys=0.00, real=0.02 secs] 
2016-09-24T01:08:31.942-0400: 264.528: [GC (GCLocker Initiated GC) [PSYoungGen: 155729K->43333K(175104K)] 377293K->326078K(699392K), 0.0225340 secs] [Times: user=0.21 sys=0.00, real=0.03 secs] 
2016-09-24T01:08:32.066-0400: 264.652: [GC (Allocation Failure) [PSYoungGen: 131397K->43105K(175104K)] 420477K->344603K(699392K), 0.0211392 secs] [Times: user=0.17 sys=0.00, real=0.02 secs] 
2016-09-24T01:08:32.202-0400: 264.788: [GC (GCLocker Initiated GC) [PSYoungGen: 126316K->55483K(175104K)] 433889K->363347K(699392K), 0.0132897 secs] [Times: user=0.18 sys=0.01, real=0.02 secs] 
2016-09-24T01:08:32.320-0400: 264.906: [GC (GCLocker Initiated GC) [PSYoungGen: 143547K->55479K(175104K)] 457740K->388549K(699392K), 0.0138263 secs] [Times: user=0.19 sys=0.00, real=0.02 secs] 
2016-09-24T01:08:32.461-0400: 265.047: [GC (GCLocker Initiated GC) [PSYoungGen: 143543K->37517K(175104K)] 488941K->401480K(699392K), 0.0099357 secs] [Times: user=0.12 sys=0.00, real=0.01 secs] 
2016-09-24T01:08:32.600-0400: 265.186: [GC (GCLocker Initiated GC) [PSYoungGen: 125581K->73608K(175104K)] 489546K->438200K(699392K), 0.0137771 secs] [Times: user=0.18 sys=0.00, real=0.01 secs] 
2016-09-24T01:08:32.732-0400: 265.318: [GC (Allocation Failure) [PSYoungGen: 161672K->61394K(175104K)] 526563K->450869K(699392K), 0.0352882 secs] [Times: user=0.38 sys=0.00, real=0.04 secs] 
2016-09-24T01:08:32.893-0400: 265.479: [GC (GCLocker Initiated GC) [PSYoungGen: 149458K->55255K(175104K)] 538933K->487382K(699392K), 0.0303288 secs] [Times: user=0.32 sys=0.00, real=0.04 secs] 
2016-09-24T01:08:33.063-0400: 265.649: [GC (GCLocker Initiated GC) [PSYoungGen: 143319K->55187K(175104K)] 581708K->493876K(699392K), 0.0145792 secs] [Times: user=0.17 sys=0.00, real=0.01 secs] 
2016-09-24T01:08:33.205-0400: 265.791: [Full GC (Ergonomics) [PSYoungGen: 143251K->0K(175104K)] [ParOldGen: 451021K->55060K(524288K)] 594272K->55060K(699392K), [Metaspace: 44610K->44610K(1087488K)], 0.0595713 secs] [Times: user=0.32 sys=0.00, real=0.06 secs] 
2016-09-24T01:08:33.379-0400: 265.965: [GC (GCLocker Initiated GC) [PSYoungGen: 88064K->86046K(175104K)] 143243K->165526K(699392K), 0.0220146 secs] [Times: user=0.21 sys=0.00, real=0.02 secs] 
2016-09-24T01:08:33.495-0400: 266.081: [GC (GCLocker Initiated GC) [PSYoungGen: 174110K->79879K(175104K)] 253710K->220777K(699392K), 0.0187593 secs] [Times: user=0.21 sys=0.00, real=0.01 secs] 
2016-09-24T01:08:33.600-0400: 266.186: [GC (GCLocker Initiated GC) [PSYoungGen: 167943K->55547K(175104K)] 308866K->263766K(699392K), 0.0190141 secs] [Times: user=0.21 sys=0.00, real=0.02 secs] 
2016-09-24T01:08:33.713-0400: 266.299: [GC (GCLocker Initiated GC) [PSYoungGen: 143611K->61622K(175104K)] 352101K->319340K(699392K), 0.0104978 secs] [Times: user=0.12 sys=0.00, real=0.02 secs] 
2016-09-24T01:08:33.823-0400: 266.408: [GC (Allocation Failure) [PSYoungGen: 149686K->85758K(175104K)] 413829K->392726K(699392K), 0.0108946 secs] [Times: user=0.15 sys=0.00, real=0.00 secs] 
2016-09-24T01:08:33.950-0400: 266.536: [GC (GCLocker Initiated GC) [PSYoungGen: 171467K->43269K(175104K)] 484510K->392873K(699392K), 0.0098028 secs] [Times: user=0.09 sys=0.02, real=0.01 secs] 
2016-09-24T01:08:34.061-0400: 266.647: [GC (GCLocker Initiated GC) [PSYoungGen: 131333K->37877K(175104K)] 499360K->424430K(699392K), 0.0068394 secs] [Times: user=0.10 sys=0.00, real=0.01 secs] 
2016-09-24T01:08:34.178-0400: 266.764: [GC (GCLocker Initiated GC) [PSYoungGen: 125941K->80111K(175104K)] 512692K->467145K(699392K), 0.0087404 secs] [Times: user=0.09 sys=0.00, real=0.01 secs] 
2016-09-24T01:08:34.318-0400: 266.903: [GC (GCLocker Initiated GC) [PSYoungGen: 168175K->43105K(175104K)] 561483K->479205K(699392K), 0.0279578 secs] [Times: user=0.24 sys=0.01, real=0.03 secs] 
2016-09-24T01:08:34.476-0400: 267.062: [GC (GCLocker Initiated GC) [PSYoungGen: 131169K->61234K(175104K)] 567490K->497806K(699392K), 0.0133337 secs] [Times: user=0.10 sys=0.00, real=0.01 secs] 
2016-09-24T01:08:34.579-0400: 267.165: [GC (GCLocker Initiated GC) [PSYoungGen: 149298K->85758K(175104K)] 586244K->529078K(699392K), 0.0119958 secs] [Times: user=0.16 sys=0.00, real=0.01 secs] 
2016-09-24T01:08:34.699-0400: 267.285: [Full GC (Ergonomics) [PSYoungGen: 173822K->0K(175104K)] [ParOldGen: 449633K->53963K(524288K)] 623455K->53963K(699392K), [Metaspace: 44611K->44611K(1087488K)], 0.0802068 secs] [Times: user=0.72 sys=0.01, real=0.08 secs] 
2016-09-24T01:08:34.894-0400: 267.479: [GC (GCLocker Initiated GC) [PSYoungGen: 88064K->86178K(175104K)] 142074K->152338K(699392K), 0.0097766 secs] [Times: user=0.12 sys=0.01, real=0.02 secs] 
2016-09-24T01:08:35.004-0400: 267.589: [GC (GCLocker Initiated GC) [PSYoungGen: 174242K->79651K(175104K)] 240512K->189158K(699392K), 0.0097243 secs] [Times: user=0.11 sys=0.00, real=0.00 secs] 
2016-09-24T01:08:35.117-0400: 267.703: [GC (GCLocker Initiated GC) [PSYoungGen: 167715K->55643K(175104K)] 283339K->238424K(699392K), 0.0095132 secs] [Times: user=0.13 sys=0.01, real=0.01 secs] 
2016-09-24T01:08:35.238-0400: 267.824: [GC (GCLocker Initiated GC) [PSYoungGen: 143707K->79979K(175104K)] 326599K->281404K(699392K), 0.0103438 secs] [Times: user=0.11 sys=0.00, real=0.01 secs] 
2016-09-24T01:08:35.391-0400: 267.976: [GC (Allocation Failure) [PSYoungGen: 168043K->18577K(175104K)] 376228K->263480K(699392K), 0.0320497 secs] [Times: user=0.34 sys=0.01, real=0.04 secs] 
2016-09-24T01:08:35.538-0400: 268.124: [GC (GCLocker Initiated GC) [PSYoungGen: 103686K->37030K(175104K)] 354664K->288127K(699392K), 0.0112742 secs] [Times: user=0.12 sys=0.00, real=0.01 secs] 
2016-09-24T01:08:35.673-0400: 268.259: [GC (GCLocker Initiated GC) [PSYoungGen: 125094K->85954K(175104K)] 376479K->343534K(699392K), 0.0078148 secs] [Times: user=0.10 sys=0.00, real=0.01 secs] 
2016-09-24T01:08:35.816-0400: 268.402: [GC (GCLocker Initiated GC) [PSYoungGen: 174018K->49180K(175104K)] 431753K->337393K(699392K), 0.0275291 secs] [Times: user=0.23 sys=0.00, real=0.03 secs] 
2016-09-24T01:08:35.949-0400: 268.535: [GC (GCLocker Initiated GC) [PSYoungGen: 137244K->85858K(175104K)] 431568K->398527K(699392K), 0.0115477 secs] [Times: user=0.10 sys=0.00, real=0.01 secs] 
2016-09-24T01:08:36.065-0400: 268.651: [GC (Allocation Failure) [PSYoungGen: 173922K->37222K(175104K)] 492987K->453787K(699392K), 0.0170544 secs] [Times: user=0.19 sys=0.01, real=0.02 secs] 
2016-09-24T01:08:36.178-0400: 268.764: [GC (GCLocker Initiated GC) [PSYoungGen: 123550K->49539K(175104K)] 546190K->472275K(699392K), 0.0085959 secs] [Times: user=0.06 sys=0.00, real=0.01 secs] 
2016-09-24T01:08:36.318-0400: 268.903: [Full GC (Ergonomics) [PSYoungGen: 137603K->0K(175104K)] [ParOldGen: 441299K->53865K(524288K)] 578903K->53865K(699392K), [Metaspace: 44612K->44612K(1087488K)], 0.0604057 secs] [Times: user=0.43 sys=0.02, real=0.06 secs] 
2016-09-24T01:08:36.494-0400: 269.080: [GC (GCLocker Initiated GC) [PSYoungGen: 84736K->55383K(175104K)] 144676K->115323K(699392K), 0.0159017 secs] [Times: user=0.15 sys=0.00, real=0.01 secs] 
2016-09-24T01:08:36.631-0400: 269.216: [GC (GCLocker Initiated GC) [PSYoungGen: 143447K->61786K(175104K)] 209678K->164751K(699392K), 0.0201572 secs] [Times: user=0.24 sys=0.00, real=0.02 secs] 
2016-09-24T01:08:36.732-0400: 269.318: [GC (GCLocker Initiated GC) [PSYoungGen: 149850K->79555K(175104K)] 253069K->219492K(699392K), 0.0192918 secs] [Times: user=0.20 sys=0.00, real=0.02 secs] 
2016-09-24T01:08:36.886-0400: 269.471: [GC (GCLocker Initiated GC) [PSYoungGen: 167619K->55483K(175104K)] 313656K->238245K(699392K), 0.0338839 secs] [Times: user=0.37 sys=0.01, real=0.03 secs] 
2016-09-24T01:08:37.016-0400: 269.601: [GC (GCLocker Initiated GC) [PSYoungGen: 143547K->85854K(175104K)] 326330K->305411K(699392K), 0.0100138 secs] [Times: user=0.12 sys=0.00, real=0.01 secs] 
2016-09-24T01:08:37.136-0400: 269.722: [GC (GCLocker Initiated GC) [PSYoungGen: 173918K->55415K(175104K)] 399816K->318078K(699392K), 0.0167894 secs] [Times: user=0.23 sys=0.01, real=0.01 secs] 
2016-09-24T01:08:37.284-0400: 269.870: [GC (GCLocker Initiated GC) [PSYoungGen: 143479K->85758K(175104K)] 406185K->379144K(699392K), 0.0184439 secs] [Times: user=0.23 sys=0.00, real=0.02 secs] 
2016-09-24T01:08:37.425-0400: 270.011: [GC (GCLocker Initiated GC) [PSYoungGen: 173822K->67401K(175104K)] 473931K->428576K(699392K), 0.0109802 secs] [Times: user=0.12 sys=0.00, real=0.01 secs] 
2016-09-24T01:08:37.528-0400: 270.114: [GC (GCLocker Initiated GC) [PSYoungGen: 155465K->73672K(175104K)] 516828K->489869K(699392K), 0.0149405 secs] [Times: user=0.18 sys=0.00, real=0.02 secs] 
2016-09-24T01:08:37.653-0400: 270.239: [GC (GCLocker Initiated GC) [PSYoungGen: 161736K->49312K(175104K)] 578009K->520364K(699392K), 0.0150052 secs] [Times: user=0.12 sys=0.00, real=0.02 secs] 
2016-09-24T01:08:37.668-0400: 270.254: [Full GC (Ergonomics) [PSYoungGen: 49312K->0K(175104K)] [ParOldGen: 471051K->54052K(524288K)] 520364K->54052K(699392K), [Metaspace: 44612K->44612K(1087488K)], 0.0760763 secs] [Times: user=0.50 sys=0.00, real=0.08 secs] 
2016-09-24T01:08:37.873-0400: 270.458: [GC (GCLocker Initiated GC) [PSYoungGen: 88064K->86374K(175104K)] 160507K->164892K(699392K), 0.0154955 secs] [Times: user=0.19 sys=0.00, real=0.02 secs] 
2016-09-24T01:08:38.026-0400: 270.612: [GC (GCLocker Initiated GC) [PSYoungGen: 174438K->49276K(175104K)] 259386K->208000K(699392K), 0.0135666 secs] [Times: user=0.19 sys=0.00, real=0.01 secs] 
2016-09-24T01:08:38.151-0400: 270.737: [GC (GCLocker Initiated GC) [PSYoungGen: 137340K->85886K(175104K)] 296104K->269078K(699392K), 0.0357074 secs] [Times: user=0.45 sys=0.00, real=0.04 secs] 
2016-09-24T01:08:38.310-0400: 270.895: [GC (GCLocker Initiated GC) [PSYoungGen: 173950K->37418K(175104K)] 369641K->287904K(699392K), 0.0114781 secs] [Times: user=0.12 sys=0.01, real=0.01 secs] 
2016-09-24T01:08:38.423-0400: 271.009: [GC (GCLocker Initiated GC) [PSYoungGen: 125482K->86150K(175104K)] 376256K->343282K(699392K), 0.0106947 secs] [Times: user=0.14 sys=0.00, real=0.01 secs] 
2016-09-24T01:08:38.538-0400: 271.124: [GC (GCLocker Initiated GC) [PSYoungGen: 174214K->85790K(175104K)] 431590K->361674K(699392K), 0.0136382 secs] [Times: user=0.15 sys=0.01, real=0.01 secs] 
2016-09-24T01:08:38.671-0400: 271.257: [GC (GCLocker Initiated GC) [PSYoungGen: 173854K->37322K(175104K)] 455841K->355878K(699392K), 0.0186332 secs] [Times: user=0.25 sys=0.00, real=0.02 secs] 
2016-09-24T01:08:38.794-0400: 271.380: [GC (GCLocker Initiated GC) [PSYoungGen: 125386K->73640K(175104K)] 450377K->398955K(699392K), 0.0071297 secs] [Times: user=0.09 sys=0.01, real=0.00 secs] 
2016-09-24T01:08:38.899-0400: 271.484: [GC (GCLocker Initiated GC) [PSYoungGen: 161704K->86150K(175104K)] 487291K->454585K(699392K), 0.0110853 secs] [Times: user=0.14 sys=0.00, real=0.01 secs] 
2016-09-24T01:08:39.013-0400: 271.598: [GC (GCLocker Initiated GC) [PSYoungGen: 174214K->85854K(175104K)] 542815K->479382K(699392K), 0.0089848 secs] [Times: user=0.13 sys=0.00, real=0.01 secs] 
2016-09-24T01:08:39.126-0400: 271.712: [GC (GCLocker Initiated GC) [PSYoungGen: 173918K->67533K(175104K)] 567538K->497747K(699392K), 0.0095677 secs] [Times: user=0.12 sys=0.01, real=0.01 secs] 
2016-09-24T01:08:39.257-0400: 271.842: [GC (GCLocker Initiated GC) [PSYoungGen: 155597K->55515K(175104K)] 585909K->522600K(699392K), 0.0094709 secs] [Times: user=0.13 sys=0.00, real=0.01 secs] 
2016-09-24T01:08:39.266-0400: 271.852: [Full GC (Ergonomics) [PSYoungGen: 55515K->0K(175104K)] [ParOldGen: 467085K->41541K(524288K)] 522600K->41541K(699392K), [Metaspace: 44612K->44612K(1087488K)], 0.0550637 secs] [Times: user=0.39 sys=0.00, real=0.05 secs] 
2016-09-24T01:08:39.422-0400: 272.007: [GC (Allocation Failure) [PSYoungGen: 88064K->86110K(175104K)] 129826K->176472K(699392K), 0.0220958 secs] [Times: user=0.28 sys=0.00, real=0.03 secs] 
2016-09-24T01:08:39.557-0400: 272.142: [GC (GCLocker Initiated GC) [PSYoungGen: 174174K->49603K(175104K)] 264537K->207355K(699392K), 0.0228115 secs] [Times: user=0.25 sys=0.00, real=0.02 secs] 
2016-09-24T01:08:39.682-0400: 272.268: [GC (GCLocker Initiated GC) [PSYoungGen: 137667K->73672K(175104K)] 295573K->280477K(699392K), 0.0123007 secs] [Times: user=0.16 sys=0.00, real=0.01 secs] 
2016-09-24T01:08:39.842-0400: 272.428: [GC (GCLocker Initiated GC) [PSYoungGen: 161736K->55807K(175104K)] 380867K->293299K(699392K), 0.0087054 secs] [Times: user=0.10 sys=0.00, real=0.01 secs] 
2016-09-24T01:08:39.988-0400: 272.573: [GC (GCLocker Initiated GC) [PSYoungGen: 143871K->55351K(175104K)] 387692K->299619K(699392K), 0.0315472 secs] [Times: user=0.37 sys=0.00, real=0.03 secs] 
2016-09-24T01:08:40.117-0400: 272.702: [GC (GCLocker Initiated GC) [PSYoungGen: 143415K->85790K(175104K)] 388046K->354864K(699392K), 0.0109118 secs] [Times: user=0.13 sys=0.00, real=0.01 secs] 
2016-09-24T01:08:40.249-0400: 272.835: [GC (GCLocker Initiated GC) [PSYoungGen: 173854K->19520K(175104K)] 461171K->343448K(699392K), 0.0060178 secs] [Times: user=0.08 sys=0.01, real=0.01 secs] 
2016-09-24T01:08:40.350-0400: 272.935: [GC (GCLocker Initiated GC) [PSYoungGen: 107584K->85790K(175104K)] 431559K->428453K(699392K), 0.0088920 secs] [Times: user=0.13 sys=0.00, real=0.01 secs] 
2016-09-24T01:08:40.466-0400: 273.051: [GC (GCLocker Initiated GC) [PSYoungGen: 173854K->73772K(175104K)] 516615K->501907K(699392K), 0.0266498 secs] [Times: user=0.35 sys=0.00, real=0.02 secs] 
2016-09-24T01:08:40.604-0400: 273.189: [Full GC (Ergonomics) [PSYoungGen: 161836K->0K(175104K)] [ParOldGen: 440427K->60059K(524288K)] 602263K->60059K(699392K), [Metaspace: 44612K->44612K(1087488K)], 0.0611127 secs] [Times: user=0.38 sys=0.00, real=0.06 secs] 
2016-09-24T01:08:40.767-0400: 273.352: [GC (GCLocker Initiated GC) [PSYoungGen: 88064K->86274K(175104K)] 148400K->170910K(699392K), 0.0093212 secs] [Times: user=0.13 sys=0.00, real=0.01 secs] 
2016-09-24T01:08:40.913-0400: 273.499: [GC (GCLocker Initiated GC) [PSYoungGen: 174338K->49372K(175104K)] 271132K->231960K(699392K), 0.0129807 secs] [Times: user=0.18 sys=0.00, real=0.02 secs] 
2016-09-24T01:08:41.076-0400: 273.662: [GC (GCLocker Initiated GC) [PSYoungGen: 137436K->43073K(175104K)] 320433K->244562K(699392K), 0.0163838 secs] [Times: user=0.15 sys=0.00, real=0.01 secs] 
2016-09-24T01:08:41.206-0400: 273.792: [GC (GCLocker Initiated GC) [PSYoungGen: 131137K->85986K(175104K)] 338782K->306073K(699392K), 0.0300913 secs] [Times: user=0.35 sys=0.00, real=0.03 secs] 
2016-09-24T01:08:41.352-0400: 273.937: [GC (GCLocker Initiated GC) [PSYoungGen: 174050K->67729K(175104K)] 394157K->342810K(699392K), 0.0133819 secs] [Times: user=0.15 sys=0.01, real=0.02 secs] 
2016-09-24T01:08:41.466-0400: 274.052: [GC (GCLocker Initiated GC) [PSYoungGen: 155793K->85694K(175104K)] 437007K->403470K(699392K), 0.0210749 secs] [Times: user=0.25 sys=0.01, real=0.02 secs] 
2016-09-24T01:08:41.617-0400: 274.203: [GC (GCLocker Initiated GC) [PSYoungGen: 173758K->37194K(175104K)] 497953K->410069K(699392K), 0.0230153 secs] [Times: user=0.28 sys=0.00, real=0.02 secs] 
2016-09-24T01:08:41.740-0400: 274.325: [GC (GCLocker Initiated GC) [PSYoungGen: 125258K->73740K(175104K)] 498333K->489648K(699392K), 0.0088514 secs] [Times: user=0.13 sys=0.00, real=0.01 secs] 
2016-09-24T01:08:41.876-0400: 274.462: [GC (GCLocker Initiated GC) [PSYoungGen: 161804K->55906K(175104K)] 583834K->514686K(699392K), 0.0090820 secs] [Times: user=0.12 sys=0.00, real=0.01 secs] 
2016-09-24T01:08:41.885-0400: 274.471: [Full GC (Ergonomics) [PSYoungGen: 55906K->0K(175104K)] [ParOldGen: 458779K->48255K(524288K)] 514686K->48255K(699392K), [Metaspace: 44612K->44612K(1087488K)], 0.0643595 secs] [Times: user=0.57 sys=0.01, real=0.06 secs] 
2016-09-24T01:08:42.064-0400: 274.650: [GC (GCLocker Initiated GC) [PSYoungGen: 88064K->85658K(175104K)] 136367K->164336K(699392K), 0.0135389 secs] [Times: user=0.17 sys=0.02, real=0.01 secs] 
2016-09-24T01:08:42.208-0400: 274.794: [GC (GCLocker Initiated GC) [PSYoungGen: 173722K->73708K(175104K)] 258830K->213611K(699392K), 0.0107284 secs] [Times: user=0.13 sys=0.02, real=0.01 secs] 
2016-09-24T01:08:42.301-0400: 274.887: [GC (GCLocker Initiated GC) [PSYoungGen: 161772K->85790K(175104K)] 301885K->268915K(699392K), 0.0142642 secs] [Times: user=0.20 sys=0.00, real=0.02 secs] 
2016-09-24T01:08:42.440-0400: 275.026: [GC (GCLocker Initiated GC) [PSYoungGen: 173854K->67797K(175104K)] 357189K->305911K(699392K), 0.0201167 secs] [Times: user=0.24 sys=0.00, real=0.02 secs] 
2016-09-24T01:08:42.552-0400: 275.138: [GC (GCLocker Initiated GC) [PSYoungGen: 155861K->85790K(175104K)] 394223K->373232K(699392K), 0.0200730 secs] [Times: user=0.23 sys=0.00, real=0.02 secs] 
2016-09-24T01:08:42.671-0400: 275.257: [GC (GCLocker Initiated GC) [PSYoungGen: 173854K->61330K(175104K)] 461366K->379297K(699392K), 0.0160259 secs] [Times: user=0.15 sys=0.00, real=0.02 secs] 
2016-09-24T01:08:42.813-0400: 275.399: [GC (GCLocker Initiated GC) [PSYoungGen: 149394K->43397K(175104K)] 479861K->453014K(699392K), 0.0098698 secs] [Times: user=0.13 sys=0.00, real=0.02 secs] 
2016-09-24T01:08:42.923-0400: 275.509: [GC (GCLocker Initiated GC) [PSYoungGen: 131461K->73544K(175104K)] 541634K->502553K(699392K), 0.0258442 secs] [Times: user=0.29 sys=0.00, real=0.02 secs] 
2016-09-24T01:08:43.061-0400: 275.646: [GC (GCLocker Initiated GC) [PSYoungGen: 161608K->61362K(175104K)] 596870K->527110K(699392K), 0.0154861 secs] [Times: user=0.18 sys=0.01, real=0.02 secs] 
2016-09-24T01:08:43.076-0400: 275.662: [Full GC (Ergonomics) [PSYoungGen: 61362K->0K(175104K)] [ParOldGen: 465748K->54391K(524288K)] 527110K->54391K(699392K), [Metaspace: 44612K->44612K(1087488K)], 0.0583484 secs] [Times: user=0.40 sys=0.01, real=0.06 secs] 
2016-09-24T01:08:43.253-0400: 275.839: [GC (GCLocker Initiated GC) [PSYoungGen: 88064K->86146K(175104K)] 142654K->146811K(699392K), 0.0111101 secs] [Times: user=0.12 sys=0.00, real=0.02 secs] 
2016-09-24T01:08:43.375-0400: 275.961: [GC (GCLocker Initiated GC) [PSYoungGen: 174210K->55383K(175104K)] 241155K->159841K(699392K), 0.0105453 secs] [Times: user=0.14 sys=0.01, real=0.01 secs] 
2016-09-24T01:08:43.489-0400: 276.075: [GC (GCLocker Initiated GC) [PSYoungGen: 143447K->55351K(175104K)] 254100K->166123K(699392K), 0.0066165 secs] [Times: user=0.09 sys=0.00, real=0.01 secs] 
2016-09-24T01:08:43.633-0400: 276.219: [GC (GCLocker Initiated GC) [PSYoungGen: 143415K->67829K(175104K)] 254395K->197325K(699392K), 0.0371865 secs] [Times: user=0.37 sys=0.01, real=0.04 secs] 
2016-09-24T01:08:43.784-0400: 276.370: [GC (GCLocker Initiated GC) [PSYoungGen: 155893K->55419K(175104K)] 285639K->203977K(699392K), 0.0220772 secs] [Times: user=0.24 sys=0.00, real=0.02 secs] 
2016-09-24T01:08:43.936-0400: 276.522: [GC (Allocation Failure) [PSYoungGen: 143483K->48952K(175104K)] 298315K->234246K(699392K), 0.0243886 secs] [Times: user=0.23 sys=0.00, real=0.02 secs] 
2016-09-24T01:08:44.077-0400: 276.662: [GC (GCLocker Initiated GC) [PSYoungGen: 137016K->73936K(175104K)] 322316K->259363K(699392K), 0.0089459 secs] [Times: user=0.11 sys=0.00, real=0.01 secs] 
2016-09-24T01:08:44.185-0400: 276.771: [GC (GCLocker Initiated GC) [PSYoungGen: 162000K->79715K(175104K)] 353790K->284119K(699392K), 0.0122223 secs] [Times: user=0.10 sys=0.00, real=0.01 secs] 
2016-09-24T01:08:44.292-0400: 276.878: [GC (GCLocker Initiated GC) [PSYoungGen: 167779K->73900K(175104K)] 372479K->321284K(699392K), 0.0163603 secs] [Times: user=0.19 sys=0.01, real=0.02 secs] 
2016-09-24T01:08:44.421-0400: 277.006: [GC (GCLocker Initiated GC) [PSYoungGen: 161964K->73416K(175104K)] 409564K->339493K(699392K), 0.0166926 secs] [Times: user=0.14 sys=0.00, real=0.02 secs] 
2016-09-24T01:08:44.541-0400: 277.126: [GC (GCLocker Initiated GC) [PSYoungGen: 161480K->73640K(175104K)] 427929K->376683K(699392K), 0.0103915 secs] [Times: user=0.13 sys=0.00, real=0.01 secs] 
2016-09-24T01:08:44.664-0400: 277.250: [GC (Allocation Failure) [PSYoungGen: 161704K->73772K(175104K)] 464979K->413632K(699392K), 0.0167946 secs] [Times: user=0.22 sys=0.00, real=0.01 secs] 
2016-09-24T01:08:44.802-0400: 277.388: [GC (GCLocker Initiated GC) [PSYoungGen: 161836K->67469K(175104K)] 501702K->425983K(699392K), 0.0142435 secs] [Times: user=0.14 sys=0.00, real=0.01 secs] 
2016-09-24T01:08:44.946-0400: 277.531: [GC (GCLocker Initiated GC) [PSYoungGen: 155533K->37258K(175104K)] 526245K->444547K(699392K), 0.0174847 secs] [Times: user=0.21 sys=0.00, real=0.02 secs] 
2016-09-24T01:08:45.080-0400: 277.666: [GC (GCLocker Initiated GC) [PSYoungGen: 125322K->61362K(175104K)] 532731K->487296K(699392K), 0.0131913 secs] [Times: user=0.14 sys=0.00, real=0.01 secs] 
2016-09-24T01:08:45.210-0400: 277.796: [GC (GCLocker Initiated GC) [PSYoungGen: 149426K->85658K(175104K)] 581476K->554450K(699392K), 0.0152213 secs] [Times: user=0.16 sys=0.00, real=0.02 secs] 
2016-09-24T01:08:45.225-0400: 277.811: [Full GC (Ergonomics) [PSYoungGen: 85658K->0K(175104K)] [ParOldGen: 468792K->53934K(524288K)] 554450K->53934K(699392K), [Metaspace: 44613K->44613K(1087488K)], 0.0578730 secs] [Times: user=0.38 sys=0.00, real=0.06 secs] 
2016-09-24T01:08:45.407-0400: 277.993: [GC (GCLocker Initiated GC) [PSYoungGen: 88064K->62138K(175104K)] 142028K->116102K(699392K), 0.0076355 secs] [Times: user=0.08 sys=0.00, real=0.01 secs] 
2016-09-24T01:08:45.527-0400: 278.113: [GC (GCLocker Initiated GC) [PSYoungGen: 150202K->61262K(175104K)] 210277K->201288K(699392K), 0.0240773 secs] [Times: user=0.31 sys=0.00, real=0.02 secs] 
2016-09-24T01:08:45.685-0400: 278.271: [GC (GCLocker Initiated GC) [PSYoungGen: 149326K->61622K(175104K)] 295548K->238315K(699392K), 0.0092223 secs] [Times: user=0.10 sys=0.00, real=0.01 secs] 
2016-09-24T01:08:45.805-0400: 278.391: [GC (GCLocker Initiated GC) [PSYoungGen: 149686K->67337K(175104K)] 326405K->292932K(699392K), 0.0097096 secs] [Times: user=0.11 sys=0.01, real=0.01 secs] 
2016-09-24T01:08:45.905-0400: 278.490: [GC (GCLocker Initiated GC) [PSYoungGen: 155401K->85954K(175104K)] 381194K->342282K(699392K), 0.0089761 secs] [Times: user=0.12 sys=0.01, real=0.00 secs] 
2016-09-24T01:08:46.036-0400: 278.622: [GC (GCLocker Initiated GC) [PSYoungGen: 174018K->49116K(175104K)] 436748K->324232K(699392K), 0.0192340 secs] [Times: user=0.20 sys=0.00, real=0.02 secs] 
2016-09-24T01:08:46.176-0400: 278.762: [GC (GCLocker Initiated GC) [PSYoungGen: 137180K->61326K(175104K)] 418384K->361086K(699392K), 0.0099587 secs] [Times: user=0.11 sys=0.00, real=0.01 secs] 
2016-09-24T01:08:46.305-0400: 278.891: [GC (GCLocker Initiated GC) [PSYoungGen: 149390K->61394K(175104K)] 449461K->385916K(699392K), 0.0181409 secs] [Times: user=0.24 sys=0.00, real=0.02 secs] 
2016-09-24T01:08:46.444-0400: 279.029: [GC (GCLocker Initiated GC) [PSYoungGen: 149458K->73640K(175104K)] 474257K->416980K(699392K), 0.0080142 secs] [Times: user=0.12 sys=0.00, real=0.00 secs] 
2016-09-24T01:08:46.584-0400: 279.170: [GC (GCLocker Initiated GC) [PSYoungGen: 161704K->37194K(175104K)] 523596K->441754K(699392K), 0.0163448 secs] [Times: user=0.17 sys=0.00, real=0.01 secs] 
2016-09-24T01:08:46.733-0400: 279.319: [GC (GCLocker Initiated GC) [PSYoungGen: 125258K->55419K(175104K)] 529922K->460358K(699392K), 0.0070753 secs] [Times: user=0.08 sys=0.00, real=0.01 secs] 
2016-09-24T01:08:46.846-0400: 279.432: [GC (Allocation Failure) [PSYoungGen: 143483K->73708K(175104K)] 548778K->485321K(699392K), 0.0332071 secs] [Times: user=0.36 sys=0.00, real=0.03 secs] 
2016-09-24T01:08:47.000-0400: 279.586: [GC (GCLocker Initiated GC) [PSYoungGen: 161273K->55351K(175104K)] 578962K->491688K(699392K), 0.0117079 secs] [Times: user=0.12 sys=0.01, real=0.01 secs] 
2016-09-24T01:08:47.147-0400: 279.733: [GC (GCLocker Initiated GC) [PSYoungGen: 143415K->30955K(175104K)] 579860K->503954K(699392K), 0.0208835 secs] [Times: user=0.17 sys=0.00, real=0.02 secs] 
2016-09-24T01:08:47.168-0400: 279.754: [Full GC (Ergonomics) [PSYoungGen: 30955K->0K(175104K)] [ParOldGen: 472999K->54429K(524288K)] 503954K->54429K(699392K), [Metaspace: 44613K->44613K(1087488K)], 0.0587471 secs] [Times: user=0.36 sys=0.01, real=0.06 secs] 
2016-09-24T01:08:47.342-0400: 279.928: [GC (Allocation Failure) [PSYoungGen: 88064K->86498K(175104K)] 148643K->153152K(699392K), 0.0152531 secs] [Times: user=0.20 sys=0.01, real=0.01 secs] 
2016-09-24T01:08:47.441-0400: 280.026: [GC (GCLocker Initiated GC) [PSYoungGen: 169511K->67729K(175104K)] 242241K->202372K(699392K), 0.0099289 secs] [Times: user=0.14 sys=0.00, real=0.01 secs] 
2016-09-24T01:08:47.540-0400: 280.126: [GC (GCLocker Initiated GC) [PSYoungGen: 155793K->85890K(175104K)] 291022K->221198K(699392K), 0.0084993 secs] [Times: user=0.09 sys=0.00, real=0.01 secs] 
2016-09-24T01:08:47.654-0400: 280.240: [GC (GCLocker Initiated GC) [PSYoungGen: 173954K->30951K(175104K)] 315419K->239384K(699392K), 0.0155382 secs] [Times: user=0.18 sys=0.00, real=0.01 secs] 
2016-09-24T01:08:47.807-0400: 280.393: [GC (GCLocker Initiated GC) [PSYoungGen: 119015K->86150K(175104K)] 333661K->319148K(699392K), 0.0145001 secs] [Times: user=0.21 sys=0.00, real=0.01 secs] 
2016-09-24T01:08:47.943-0400: 280.529: [GC (GCLocker Initiated GC) [PSYoungGen: 174214K->67401K(175104K)] 407455K->331661K(699392K), 0.0083147 secs] [Times: user=0.10 sys=0.00, real=0.00 secs] 
2016-09-24T01:08:48.058-0400: 280.643: [GC (GCLocker Initiated GC) [PSYoungGen: 155465K->86250K(175104K)] 419985K->393431K(699392K), 0.0210519 secs] [Times: user=0.23 sys=0.00, real=0.02 secs] 
2016-09-24T01:08:48.182-0400: 280.767: [GC (GCLocker Initiated GC) [PSYoungGen: 174314K->67601K(175104K)] 481743K->393539K(699392K), 0.0139057 secs] [Times: user=0.14 sys=0.00, real=0.02 secs] 
2016-09-24T01:08:48.289-0400: 280.875: [GC (Allocation Failure) [PSYoungGen: 155665K->55219K(175104K)] 481791K->399706K(699392K), 0.0076266 secs] [Times: user=0.11 sys=0.00, real=0.01 secs] 
2016-09-24T01:08:48.430-0400: 281.015: [GC (GCLocker Initiated GC) [PSYoungGen: 143283K->73704K(175104K)] 487776K->436589K(699392K), 0.0111033 secs] [Times: user=0.12 sys=0.00, real=0.01 secs] 
2016-09-24T01:08:48.539-0400: 281.125: [GC (GCLocker Initiated GC) [PSYoungGen: 161768K->85858K(175104K)] 524768K->461456K(699392K), 0.0120476 secs] [Times: user=0.14 sys=0.00, real=0.01 secs] 
2016-09-24T01:08:48.662-0400: 281.247: [GC (Allocation Failure) [PSYoungGen: 173922K->61490K(175104K)] 549651K->498268K(699392K), 0.0215369 secs] [Times: user=0.26 sys=0.00, real=0.03 secs] 
2016-09-24T01:08:48.806-0400: 281.392: [GC (GCLocker Initiated GC) [PSYoungGen: 149554K->61330K(175104K)] 592408K->546821K(699392K), 0.0132995 secs] [Times: user=0.10 sys=0.01, real=0.01 secs] 
2016-09-24T01:08:48.819-0400: 281.405: [Full GC (Ergonomics) [PSYoungGen: 61330K->0K(175104K)] [ParOldGen: 485491K->54447K(524288K)] 546821K->54447K(699392K), [Metaspace: 44613K->44613K(1087488K)], 0.0581834 secs] [Times: user=0.44 sys=0.01, real=0.06 secs] 
2016-09-24T01:08:48.978-0400: 281.563: [GC (GCLocker Initiated GC) [PSYoungGen: 88064K->86110K(175104K)] 142648K->164995K(699392K), 0.0105337 secs] [Times: user=0.14 sys=0.02, real=0.01 secs] 
2016-09-24T01:08:49.092-0400: 281.677: [GC (GCLocker Initiated GC) [PSYoungGen: 174174K->73836K(175104K)] 253352K->202162K(699392K), 0.0122197 secs] [Times: user=0.14 sys=0.00, real=0.02 secs] 
2016-09-24T01:08:49.206-0400: 281.791: [GC (GCLocker Initiated GC) [PSYoungGen: 161900K->85922K(175104K)] 290391K->257238K(699392K), 0.0137522 secs] [Times: user=0.18 sys=0.01, real=0.01 secs] 
2016-09-24T01:08:49.332-0400: 281.918: [GC (Allocation Failure) [PSYoungGen: 173986K->67729K(175104K)] 351726K->264018K(699392K), 0.0148169 secs] [Times: user=0.19 sys=0.00, real=0.02 secs] 
2016-09-24T01:08:49.461-0400: 282.046: [GC (GCLocker Initiated GC) [PSYoungGen: 155793K->62045K(175104K)] 352087K->264855K(699392K), 0.0112420 secs] [Times: user=0.09 sys=0.00, real=0.01 secs] 
2016-09-24T01:08:49.614-0400: 282.199: [GC (GCLocker Initiated GC) [PSYoungGen: 150109K->37030K(175104K)] 365340K->270744K(699392K), 0.0208459 secs] [Times: user=0.23 sys=0.01, real=0.03 secs] 
2016-09-24T01:08:49.800-0400: 282.386: [GC (GCLocker Initiated GC) [PSYoungGen: 125094K->36770K(175104K)] 365250K->277005K(699392K), 0.0100640 secs] [Times: user=0.08 sys=0.00, real=0.01 secs] 
2016-09-24T01:08:49.915-0400: 282.501: [GC (GCLocker Initiated GC) [PSYoungGen: 124834K->73736K(175104K)] 371209K->332364K(699392K), 0.0163127 secs] [Times: user=0.16 sys=0.00, real=0.01 secs] 
2016-09-24T01:08:50.029-0400: 282.615: [GC (GCLocker Initiated GC) [PSYoungGen: 161800K->61850K(175104K)] 420672K->399824K(699392K), 0.0184661 secs] [Times: user=0.21 sys=0.02, real=0.02 secs] 
2016-09-24T01:08:50.159-0400: 282.745: [GC (GCLocker Initiated GC) [PSYoungGen: 149914K->67925K(175104K)] 488098K->442858K(699392K), 0.0109330 secs] [Times: user=0.11 sys=0.00, real=0.01 secs] 
2016-09-24T01:08:50.266-0400: 282.851: [GC (Allocation Failure) [PSYoungGen: 155989K->67209K(175104K)] 531070K->509867K(699392K), 0.0127699 secs] [Times: user=0.12 sys=0.00, real=0.01 secs] 
2016-09-24T01:08:50.278-0400: 282.864: [Full GC (Ergonomics) [PSYoungGen: 67209K->0K(175104K)] [ParOldGen: 442658K->61009K(524288K)] 509867K->61009K(699392K), [Metaspace: 44613K->44613K(1087488K)], 0.0599347 secs] [Times: user=0.41 sys=0.01, real=0.06 secs] 
2016-09-24T01:08:50.420-0400: 283.006: [GC (GCLocker Initiated GC) [PSYoungGen: 84141K->86662K(175104K)] 151225K->196271K(699392K), 0.0162304 secs] [Times: user=0.25 sys=0.00, real=0.02 secs] 
2016-09-24T01:08:50.533-0400: 283.118: [GC (GCLocker Initiated GC) [PSYoungGen: 174726K->73968K(175104K)] 290535K->227251K(699392K), 0.0094407 secs] [Times: user=0.12 sys=0.00, real=0.02 secs] 
2016-09-24T01:08:50.647-0400: 283.233: [GC (Allocation Failure) [PSYoungGen: 162032K->79715K(175104K)] 315344K->251536K(699392K), 0.0181229 secs] [Times: user=0.21 sys=0.00, real=0.02 secs] 
2016-09-24T01:08:50.783-0400: 283.369: [GC (GCLocker Initiated GC) [PSYoungGen: 167779K->49084K(175104K)] 339600K->227060K(699392K), 0.0222202 secs] [Times: user=0.16 sys=0.00, real=0.02 secs] 
2016-09-24T01:08:50.916-0400: 283.501: [GC (GCLocker Initiated GC) [PSYoungGen: 137148K->43137K(175104K)] 315551K->258298K(699392K), 0.0156517 secs] [Times: user=0.14 sys=0.01, real=0.01 secs] 
2016-09-24T01:08:51.040-0400: 283.626: [GC (GCLocker Initiated GC) [PSYoungGen: 131201K->85658K(175104K)] 352501K->307233K(699392K), 0.0211997 secs] [Times: user=0.25 sys=0.00, real=0.02 secs] 
2016-09-24T01:08:51.184-0400: 283.769: [GC (GCLocker Initiated GC) [PSYoungGen: 173722K->85790K(175104K)] 395390K->350142K(699392K), 0.0247483 secs] [Times: user=0.31 sys=0.00, real=0.02 secs] 
2016-09-24T01:08:51.314-0400: 283.900: [GC (GCLocker Initiated GC) [PSYoungGen: 173854K->67597K(175104K)] 438567K->417692K(699392K), 0.0146915 secs] [Times: user=0.17 sys=0.01, real=0.02 secs] 
2016-09-24T01:08:51.456-0400: 284.041: [GC (Allocation Failure) [PSYoungGen: 155661K->74000K(175104K)] 512130K->430777K(699392K), 0.0091734 secs] [Times: user=0.14 sys=0.00, real=0.01 secs] 
2016-09-24T01:08:51.592-0400: 284.177: [GC (GCLocker Initiated GC) [PSYoungGen: 162064K->73904K(175104K)] 518841K->449206K(699392K), 0.0101923 secs] [Times: user=0.14 sys=0.01, real=0.01 secs] 
2016-09-24T01:08:51.713-0400: 284.299: [GC (GCLocker Initiated GC) [PSYoungGen: 161968K->73836K(175104K)] 537591K->467820K(699392K), 0.0090783 secs] [Times: user=0.12 sys=0.00, real=0.02 secs] 
2016-09-24T01:08:51.829-0400: 284.415: [GC (GCLocker Initiated GC) [PSYoungGen: 161900K->85854K(175104K)] 556245K->504806K(699392K), 0.0136987 secs] [Times: user=0.20 sys=0.00, real=0.02 secs] 
2016-09-24T01:08:51.939-0400: 284.525: [GC (GCLocker Initiated GC) [PSYoungGen: 173918K->36934K(175104K)] 592923K->486550K(699392K), 0.0086793 secs] [Times: user=0.07 sys=0.00, real=0.01 secs] 
2016-09-24T01:08:51.948-0400: 284.534: [Full GC (Ergonomics) [PSYoungGen: 36934K->0K(175104K)] [ParOldGen: 449616K->54319K(524288K)] 486550K->54319K(699392K), [Metaspace: 44613K->44613K(1087488K)], 0.0578887 secs] [Times: user=0.45 sys=0.00, real=0.06 secs] 
2016-09-24T01:08:52.106-0400: 284.692: [GC (GCLocker Initiated GC) [PSYoungGen: 88064K->80327K(175104K)] 142750K->135013K(699392K), 0.0068044 secs] [Times: user=0.06 sys=0.00, real=0.00 secs] 
2016-09-24T01:08:52.249-0400: 284.835: [GC (GCLocker Initiated GC) [PSYoungGen: 168391K->79747K(175104K)] 229373K->178303K(699392K), 0.0106856 secs] [Times: user=0.12 sys=0.01, real=0.01 secs] 
2016-09-24T01:08:52.400-0400: 284.986: [GC (GCLocker Initiated GC) [PSYoungGen: 167811K->55970K(175104K)] 272459K->185030K(699392K), 0.0091466 secs] [Times: user=0.12 sys=0.00, real=0.01 secs] 
2016-09-24T01:08:52.540-0400: 285.125: [GC (GCLocker Initiated GC) [PSYoungGen: 144034K->86182K(175104K)] 279211K->245981K(699392K), 0.0239096 secs] [Times: user=0.30 sys=0.01, real=0.03 secs] 
2016-09-24T01:08:52.683-0400: 285.269: [GC (GCLocker Initiated GC) [PSYoungGen: 174246K->61554K(175104K)] 340481K->270606K(699392K), 0.0094443 secs] [Times: user=0.09 sys=0.00, real=0.00 secs] 
2016-09-24T01:08:52.785-0400: 285.371: [GC (GCLocker Initiated GC) [PSYoungGen: 149618K->85790K(175104K)] 358768K->331698K(699392K), 0.0111194 secs] [Times: user=0.15 sys=0.00, real=0.01 secs] 
2016-09-24T01:08:52.915-0400: 285.501: [GC (GCLocker Initiated GC) [PSYoungGen: 173854K->55611K(175104K)] 419837K->380729K(699392K), 0.0124365 secs] [Times: user=0.17 sys=0.00, real=0.01 secs] 
2016-09-24T01:08:53.031-0400: 285.617: [GC (GCLocker Initiated GC) [PSYoungGen: 143675K->85822K(175104K)] 468829K->472066K(699392K), 0.0133945 secs] [Times: user=0.21 sys=0.00, real=0.02 secs] 
2016-09-24T01:08:53.139-0400: 285.724: [GC (GCLocker Initiated GC) [PSYoungGen: 173886K->85790K(175104K)] 566319K->575911K(699392K), 0.0164538 secs] [Times: user=0.26 sys=0.00, real=0.02 secs] 
2016-09-24T01:08:53.155-0400: 285.741: [Full GC (Ergonomics) [PSYoungGen: 85790K->0K(175104K)] [ParOldGen: 490121K->54497K(524288K)] 575911K->54497K(699392K), [Metaspace: 44620K->44620K(1087488K)], 0.0538192 secs] [Times: user=0.53 sys=0.01, real=0.05 secs] 
2016-09-24T01:08:53.331-0400: 285.916: [GC (GCLocker Initiated GC) [PSYoungGen: 88064K->86406K(175104K)] 142799K->153291K(699392K), 0.0108696 secs] [Times: user=0.15 sys=0.01, real=0.01 secs] 
2016-09-24T01:08:53.495-0400: 286.081: [GC (GCLocker Initiated GC) [PSYoungGen: 174470K->73640K(175104K)] 241604K->184206K(699392K), 0.0115644 secs] [Times: user=0.18 sys=0.00, real=0.01 secs] 
2016-09-24T01:08:53.648-0400: 286.234: [GC (GCLocker Initiated GC) [PSYoungGen: 161704K->85726K(175104K)] 272329K->214843K(699392K), 0.0175520 secs] [Times: user=0.19 sys=0.00, real=0.02 secs] 
2016-09-24T01:08:53.833-0400: 286.418: [GC (GCLocker Initiated GC) [PSYoungGen: 173790K->67505K(175104K)] 303038K->221117K(699392K), 0.0208424 secs] [Times: user=0.16 sys=0.00, real=0.02 secs] 
2016-09-24T01:08:54.038-0400: 286.624: [GC (GCLocker Initiated GC) [PSYoungGen: 155569K->61102K(175104K)] 309200K->214984K(699392K), 0.0375524 secs] [Times: user=0.41 sys=0.00, real=0.04 secs] 
2016-09-24T01:08:54.219-0400: 286.805: [GC (GCLocker Initiated GC) [PSYoungGen: 149166K->67405K(175104K)] 303135K->251877K(699392K), 0.0176803 secs] [Times: user=0.18 sys=0.00, real=0.02 secs] 
2016-09-24T01:08:54.387-0400: 286.973: [GC (Allocation Failure) [PSYoungGen: 155469K->73640K(175104K)] 340262K->307333K(699392K), 0.0215148 secs] [Times: user=0.24 sys=0.00, real=0.02 secs] 
2016-09-24T01:08:54.581-0400: 287.167: [GC (GCLocker Initiated GC) [PSYoungGen: 161704K->31086K(175104K)] 395402K->283278K(699392K), 0.0150566 secs] [Times: user=0.13 sys=0.01, real=0.02 secs] 
2016-09-24T01:08:54.782-0400: 287.368: [GC (GCLocker Initiated GC) [PSYoungGen: 119150K->48984K(175104K)] 377525K->307462K(699392K), 0.0169733 secs] [Times: user=0.18 sys=0.00, real=0.01 secs] 
2016-09-24T01:08:54.957-0400: 287.543: [GC (GCLocker Initiated GC) [PSYoungGen: 137048K->55387K(175104K)] 395858K->338608K(699392K), 0.0162579 secs] [Times: user=0.12 sys=0.01, real=0.01 secs] 
2016-09-24T01:08:55.122-0400: 287.708: [GC (GCLocker Initiated GC) [PSYoungGen: 143451K->67177K(175104K)] 432795K->356781K(699392K), 0.0229816 secs] [Times: user=0.23 sys=0.00, real=0.02 secs] 
2016-09-24T01:08:55.299-0400: 287.885: [GC (Allocation Failure) [PSYoungGen: 155241K->30923K(175104K)] 445505K->363832K(699392K), 0.0330347 secs] [Times: user=0.34 sys=0.00, real=0.03 secs] 
2016-09-24T01:08:55.491-0400: 288.077: [GC (GCLocker Initiated GC) [PSYoungGen: 118987K->55423K(175104K)] 451901K->388588K(699392K), 0.0080419 secs] [Times: user=0.06 sys=0.00, real=0.01 secs] 
2016-09-24T01:08:55.646-0400: 288.232: [GC (GCLocker Initiated GC) [PSYoungGen: 143487K->67305K(175104K)] 482865K->406966K(699392K), 0.0089782 secs] [Times: user=0.07 sys=0.00, real=0.01 secs] 
2016-09-24T01:08:55.815-0400: 288.400: [GC (GCLocker Initiated GC) [PSYoungGen: 155369K->61462K(175104K)] 507222K->455944K(699392K), 0.0172650 secs] [Times: user=0.14 sys=0.00, real=0.01 secs] 
2016-09-24T01:08:55.990-0400: 288.575: [GC (Allocation Failure) [PSYoungGen: 149526K->31218K(175104K)] 544363K->474931K(699392K), 0.0146492 secs] [Times: user=0.12 sys=0.00, real=0.02 secs] 
2016-09-24T01:08:56.005-0400: 288.590: [Full GC (Ergonomics) [PSYoungGen: 31218K->0K(175104K)] [ParOldGen: 443712K->49136K(524288K)] 474931K->49136K(699392K), [Metaspace: 44654K->44654K(1087488K)], 0.0649846 secs] [Times: user=0.38 sys=0.01, real=0.06 secs] 
2016-09-24T01:08:56.212-0400: 288.797: [GC (GCLocker Initiated GC) [PSYoungGen: 82878K->85726K(175104K)] 138090K->140937K(699392K), 0.0254397 secs] [Times: user=0.33 sys=0.00, real=0.03 secs] 
2016-09-24T01:08:56.449-0400: 289.034: [GC (GCLocker Initiated GC) [PSYoungGen: 173790K->67533K(175104K)] 235119K->183852K(699392K), 0.0130070 secs] [Times: user=0.15 sys=0.00, real=0.01 secs] 
2016-09-24T01:08:56.618-0400: 289.203: [GC (GCLocker Initiated GC) [PSYoungGen: 155597K->43365K(175104K)] 278167K->214834K(699392K), 0.0129394 secs] [Times: user=0.14 sys=0.00, real=0.01 secs] 
2016-09-24T01:08:56.773-0400: 289.359: [GC (Allocation Failure) [PSYoungGen: 131429K->85758K(175104K)] 303248K->263951K(699392K), 0.0106830 secs] [Times: user=0.13 sys=0.00, real=0.02 secs] 
2016-09-24T01:08:56.936-0400: 289.522: [GC (GCLocker Initiated GC) [PSYoungGen: 172684K->74164K(175104K)] 356953K->258567K(699392K), 0.0086440 secs] [Times: user=0.10 sys=0.00, real=0.01 secs] 
2016-09-24T01:08:57.108-0400: 289.694: [GC (GCLocker Initiated GC) [PSYoungGen: 162228K->73744K(175104K)] 346719K->258674K(699392K), 0.0076317 secs] [Times: user=0.05 sys=0.00, real=0.01 secs] 
2016-09-24T01:08:57.270-0400: 289.856: [GC (GCLocker Initiated GC) [PSYoungGen: 161808K->67569K(175104K)] 347088K->271505K(699392K), 0.0094968 secs] [Times: user=0.07 sys=0.00, real=0.01 secs] 
2016-09-24T01:08:57.433-0400: 290.018: [GC (GCLocker Initiated GC) [PSYoungGen: 155633K->55483K(175104K)] 365887K->265865K(699392K), 0.0079685 secs] [Times: user=0.09 sys=0.00, real=0.01 secs] 
2016-09-24T01:08:57.595-0400: 290.181: [GC (GCLocker Initiated GC) [PSYoungGen: 143547K->85822K(175104K)] 354133K->327107K(699392K), 0.0118376 secs] [Times: user=0.19 sys=0.00, real=0.01 secs] 
2016-09-24T01:08:57.756-0400: 290.342: [GC (GCLocker Initiated GC) [PSYoungGen: 173886K->67569K(175104K)] 415537K->309324K(699392K), 0.0143940 secs] [Times: user=0.17 sys=0.00, real=0.01 secs] 
2016-09-24T01:08:57.968-0400: 290.553: [GC (GCLocker Initiated GC) [PSYoungGen: 155633K->19456K(175104K)] 415957K->280180K(699392K), 0.0097827 secs] [Times: user=0.10 sys=0.00, real=0.01 secs] 
2016-09-24T01:08:58.140-0400: 290.726: [GC (GCLocker Initiated GC) [PSYoungGen: 107520K->49084K(175104K)] 374507K->316338K(699392K), 0.0310513 secs] [Times: user=0.29 sys=0.00, real=0.03 secs] 
2016-09-24T01:08:58.316-0400: 290.902: [GC (Allocation Failure) [PSYoungGen: 137148K->55906K(175104K)] 410742K->329824K(699392K), 0.0096890 secs] [Times: user=0.13 sys=0.00, real=0.01 secs] 
2016-09-24T01:08:58.478-0400: 291.064: [GC (GCLocker Initiated GC) [PSYoungGen: 140518K->55351K(175104K)] 420511K->335643K(699392K), 0.0122833 secs] [Times: user=0.14 sys=0.00, real=0.01 secs] 
2016-09-24T01:08:58.669-0400: 291.254: [GC (GCLocker Initiated GC) [PSYoungGen: 143415K->18737K(175104K)] 430430K->305872K(699392K), 0.0095013 secs] [Times: user=0.12 sys=0.00, real=0.01 secs] 
2016-09-24T01:08:58.841-0400: 291.427: [GC (GCLocker Initiated GC) [PSYoungGen: 106801K->55451K(175104K)] 394201K->342962K(699392K), 0.0119993 secs] [Times: user=0.10 sys=0.00, real=0.01 secs] 
2016-09-24T01:08:59.007-0400: 291.593: [GC (GCLocker Initiated GC) [PSYoungGen: 143515K->73544K(175104K)] 431225K->361325K(699392K), 0.0158759 secs] [Times: user=0.18 sys=0.00, real=0.02 secs] 
2016-09-24T01:08:59.160-0400: 291.746: [GC (Allocation Failure) [PSYoungGen: 161608K->79687K(175104K)] 449666K->367849K(699392K), 0.0107830 secs] [Times: user=0.12 sys=0.00, real=0.01 secs] 
2016-09-24T01:08:59.305-0400: 291.891: [GC (GCLocker Initiated GC) [PSYoungGen: 167751K->67469K(175104K)] 455918K->386311K(699392K), 0.0322202 secs] [Times: user=0.39 sys=0.00, real=0.03 secs] 
2016-09-24T01:08:59.481-0400: 292.067: [GC (GCLocker Initiated GC) [PSYoungGen: 155533K->85922K(175104K)] 474416K->411055K(699392K), 0.0098742 secs] [Times: user=0.14 sys=0.00, real=0.01 secs] 
2016-09-24T01:08:59.669-0400: 292.255: [GC (GCLocker Initiated GC) [PSYoungGen: 173986K->31083K(175104K)] 505353K->399192K(699392K), 0.0191966 secs] [Times: user=0.24 sys=0.00, real=0.02 secs] 
2016-09-24T01:08:59.860-0400: 292.446: [GC (Allocation Failure) [PSYoungGen: 119147K->49276K(175104K)] 487269K->417666K(699392K), 0.0086824 secs] [Times: user=0.07 sys=0.01, real=0.01 secs] 
2016-09-24T01:09:00.068-0400: 292.654: [GC (GCLocker Initiated GC) [PSYoungGen: 137340K->55415K(175104K)] 505735K->448449K(699392K), 0.0148739 secs] [Times: user=0.16 sys=0.01, real=0.02 secs] 
2016-09-24T01:09:00.235-0400: 292.821: [GC (GCLocker Initiated GC) [PSYoungGen: 143479K->85758K(175104K)] 542636K->497356K(699392K), 0.0247596 secs] [Times: user=0.28 sys=0.00, real=0.02 secs] 
2016-09-24T01:09:00.443-0400: 293.029: [GC (Allocation Failure) [PSYoungGen: 173822K->25175K(175104K)] 597903K->504012K(699392K), 0.0138274 secs] [Times: user=0.11 sys=0.00, real=0.01 secs] 
2016-09-24T01:09:00.457-0400: 293.043: [Full GC (Ergonomics) [PSYoungGen: 25175K->0K(175104K)] [ParOldGen: 478836K->48875K(524288K)] 504012K->48875K(699392K), [Metaspace: 44659K->44659K(1087488K)], 0.0630929 secs] [Times: user=0.44 sys=0.01, real=0.06 secs] 
2016-09-24T01:09:00.679-0400: 293.264: [GC (GCLocker Initiated GC) [PSYoungGen: 87225K->73872K(175104K)] 142176K->128822K(699392K), 0.0218450 secs] [Times: user=0.28 sys=0.00, real=0.02 secs] 
2016-09-24T01:09:00.891-0400: 293.476: [GC (GCLocker Initiated GC) [PSYoungGen: 161936K->61558K(175104K)] 217146K->129350K(699392K), 0.0096502 secs] [Times: user=0.08 sys=0.00, real=0.01 secs] 
2016-09-24T01:09:01.101-0400: 293.687: [GC (GCLocker Initiated GC) [PSYoungGen: 149622K->73576K(175104K)] 217612K->141841K(699392K), 0.0228235 secs] [Times: user=0.24 sys=0.00, real=0.03 secs] 
2016-09-24T01:09:01.265-0400: 293.851: [GC (Allocation Failure) [PSYoungGen: 161640K->61526K(175104K)] 230227K->130356K(699392K), 0.0142690 secs] [Times: user=0.16 sys=0.00, real=0.01 secs] 
2016-09-24T01:09:01.449-0400: 294.035: [GC (GCLocker Initiated GC) [PSYoungGen: 148610K->55483K(175104K)] 223515K->130680K(699392K), 0.0148129 secs] [Times: user=0.15 sys=0.00, real=0.02 secs] 
2016-09-24T01:09:01.636-0400: 294.222: [GC (GCLocker Initiated GC) [PSYoungGen: 143547K->55159K(175104K)] 224821K->136504K(699392K), 0.0277010 secs] [Times: user=0.26 sys=0.00, real=0.03 secs] 
2016-09-24T01:09:01.843-0400: 294.429: [GC (GCLocker Initiated GC) [PSYoungGen: 143223K->73740K(175104K)] 224699K->155311K(699392K), 0.0288643 secs] [Times: user=0.35 sys=0.00, real=0.02 secs] 
2016-09-24T01:09:02.043-0400: 294.629: [GC (GCLocker Initiated GC) [PSYoungGen: 161804K->61526K(175104K)] 243377K->143375K(699392K), 0.0179319 secs] [Times: user=0.19 sys=0.01, real=0.01 secs] 
2016-09-24T01:09:02.242-0400: 294.827: [GC (GCLocker Initiated GC) [PSYoungGen: 149590K->73772K(175104K)] 231789K->156238K(699392K), 0.0140934 secs] [Times: user=0.14 sys=0.00, real=0.02 secs] 
2016-09-24T01:09:02.466-0400: 295.052: [GC (GCLocker Initiated GC) [PSYoungGen: 161836K->43041K(175104K)] 250626K->132066K(699392K), 0.0180625 secs] [Times: user=0.17 sys=0.00, real=0.02 secs] 
2016-09-24T01:09:02.647-0400: 295.233: [GC (GCLocker Initiated GC) [PSYoungGen: 131105K->73676K(175104K)] 220295K->162969K(699392K), 0.0305049 secs] [Times: user=0.34 sys=0.00, real=0.03 secs] 
2016-09-24T01:09:02.858-0400: 295.443: [GC (GCLocker Initiated GC) [PSYoungGen: 161740K->67437K(175104K)] 251287K->157424K(699392K), 0.0177172 secs] [Times: user=0.19 sys=0.00, real=0.02 secs] 
2016-09-24T01:09:03.045-0400: 295.631: [GC (GCLocker Initiated GC) [PSYoungGen: 155501K->73772K(175104K)] 245489K->163864K(699392K), 0.0066770 secs] [Times: user=0.06 sys=0.00, real=0.00 secs] 
2016-09-24T01:09:03.233-0400: 295.819: [GC (GCLocker Initiated GC) [PSYoungGen: 161836K->79751K(175104K)] 251976K->170126K(699392K), 0.0231339 secs] [Times: user=0.20 sys=0.01, real=0.03 secs] 
2016-09-24T01:09:03.444-0400: 296.030: [GC (Allocation Failure) [PSYoungGen: 167815K->61462K(175104K)] 258467K->188823K(699392K), 0.0095279 secs] [Times: user=0.10 sys=0.00, real=0.00 secs] 
2016-09-24T01:09:03.616-0400: 296.202: [GC (GCLocker Initiated GC) [PSYoungGen: 149526K->67373K(175104K)] 276888K->195019K(699392K), 0.0197812 secs] [Times: user=0.19 sys=0.00, real=0.02 secs] 
2016-09-24T01:09:03.827-0400: 296.413: [GC (GCLocker Initiated GC) [PSYoungGen: 155437K->55387K(175104K)] 289361K->189563K(699392K), 0.0209464 secs] [Times: user=0.23 sys=0.00, real=0.02 secs] 
2016-09-24T01:09:04.018-0400: 296.604: [GC (GCLocker Initiated GC) [PSYoungGen: 143451K->61558K(175104K)] 277965K->196356K(699392K), 0.0107997 secs] [Times: user=0.09 sys=0.00, real=0.01 secs] 
2016-09-24T01:09:04.225-0400: 296.810: [GC (GCLocker Initiated GC) [PSYoungGen: 149622K->37066K(175104K)] 290537K->178396K(699392K), 0.0133870 secs] [Times: user=0.09 sys=0.02, real=0.01 secs] 
2016-09-24T01:09:04.395-0400: 296.980: [GC (GCLocker Initiated GC) [PSYoungGen: 125130K->55387K(175104K)] 266625K->215382K(699392K), 0.0297372 secs] [Times: user=0.30 sys=0.00, real=0.03 secs] 
2016-09-24T01:09:04.610-0400: 297.195: [GC (GCLocker Initiated GC) [PSYoungGen: 143451K->43073K(175104K)] 303488K->221758K(699392K), 0.0140244 secs] [Times: user=0.13 sys=0.00, real=0.02 secs] 
2016-09-24T01:09:04.788-0400: 297.374: [GC (GCLocker Initiated GC) [PSYoungGen: 131137K->67469K(175104K)] 309931K->282965K(699392K), 0.0093382 secs] [Times: user=0.07 sys=0.01, real=0.01 secs] 
2016-09-24T01:09:04.965-0400: 297.551: [GC (GCLocker Initiated GC) [PSYoungGen: 155533K->55159K(175104K)] 371261K->283132K(699392K), 0.0130665 secs] [Times: user=0.10 sys=0.00, real=0.01 secs] 
2016-09-24T01:09:05.182-0400: 297.768: [GC (GCLocker Initiated GC) [PSYoungGen: 143223K->55647K(143872K)] 383365K->296048K(668160K), 0.0063960 secs] [Times: user=0.07 sys=0.00, real=0.01 secs] 
2016-09-24T01:09:05.378-0400: 297.964: [GC (GCLocker Initiated GC) [PSYoungGen: 143711K->18741K(173056K)] 396988K->308720K(697344K), 0.0091486 secs] [Times: user=0.09 sys=0.00, real=0.01 secs] 
2016-09-24T01:09:05.567-0400: 298.153: [GC (GCLocker Initiated GC) [PSYoungGen: 105781K->36898K(174080K)] 402008K->333384K(698368K), 0.0103171 secs] [Times: user=0.09 sys=0.00, real=0.01 secs] 
2016-09-24T01:09:05.748-0400: 298.333: [GC (Allocation Failure) [PSYoungGen: 123938K->85562K(175104K)] 420522K->388333K(699392K), 0.0101434 secs] [Times: user=0.10 sys=0.01, real=0.01 secs] 
2016-09-24T01:09:05.936-0400: 298.521: [GC (GCLocker Initiated GC) [PSYoungGen: 170125K->43137K(175104K)] 478971K->388560K(699392K), 0.0195429 secs] [Times: user=0.18 sys=0.00, real=0.02 secs] 
2016-09-24T01:09:06.117-0400: 298.702: [GC (Allocation Failure) [PSYoungGen: 131200K->73640K(175104K)] 476979K->419701K(699392K), 0.0099439 secs] [Times: user=0.11 sys=0.00, real=0.01 secs] 
2016-09-24T01:09:06.279-0400: 298.865: [GC (GCLocker Initiated GC) [PSYoungGen: 158888K->37226K(175104K)] 511025K->389621K(699392K), 0.0265029 secs] [Times: user=0.27 sys=0.00, real=0.03 secs] 
2016-09-24T01:09:06.485-0400: 299.071: [GC (GCLocker Initiated GC) [PSYoungGen: 125290K->73220K(175104K)] 477767K->426112K(699392K), 0.0097307 secs] [Times: user=0.08 sys=0.00, real=0.01 secs] 
2016-09-24T01:09:06.660-0400: 299.245: [GC (GCLocker Initiated GC) [PSYoungGen: 161284K->55483K(175104K)] 520500K->469486K(699392K), 0.0112791 secs] [Times: user=0.12 sys=0.01, real=0.01 secs] 
2016-09-24T01:09:06.888-0400: 299.474: [GC (GCLocker Initiated GC) [PSYoungGen: 143547K->42909K(175104K)] 557566K->457171K(699392K), 0.0070404 secs] [Times: user=0.04 sys=0.01, real=0.01 secs] 
2016-09-24T01:09:07.032-0400: 299.618: [GC (Allocation Failure) [PSYoungGen: 130973K->85954K(175104K)] 545283K->524691K(699392K), 0.0111579 secs] [Times: user=0.16 sys=0.00, real=0.02 secs] 
2016-09-24T01:09:07.232-0400: 299.817: [GC (GCLocker Initiated GC) [PSYoungGen: 174018K->55711K(175104K)] 618830K->561613K(699392K), 0.0122588 secs] [Times: user=0.16 sys=0.00, real=0.02 secs] 
2016-09-24T01:09:07.244-0400: 299.830: [Full GC (Ergonomics) [PSYoungGen: 55711K->0K(175104K)] [ParOldGen: 505902K->48922K(524288K)] 561613K->48922K(699392K), [Metaspace: 44659K->44659K(1087488K)], 0.0611411 secs] [Times: user=0.50 sys=0.01, real=0.06 secs] 
2016-09-24T01:09:07.467-0400: 300.053: [GC (GCLocker Initiated GC) [PSYoungGen: 88064K->85922K(175104K)] 137083K->141016K(699392K), 0.0072349 secs] [Times: user=0.10 sys=0.00, real=0.01 secs] 
2016-09-24T01:09:07.626-0400: 300.211: [GC (GCLocker Initiated GC) [PSYoungGen: 173986K->55547K(175104K)] 235387K->135652K(699392K), 0.0076592 secs] [Times: user=0.09 sys=0.00, real=0.00 secs] 
2016-09-24T01:09:07.802-0400: 300.388: [GC (GCLocker Initiated GC) [PSYoungGen: 143611K->85858K(175104K)] 223775K->172357K(699392K), 0.0086274 secs] [Times: user=0.08 sys=0.01, real=0.00 secs] 
2016-09-24T01:09:08.009-0400: 300.594: [GC (GCLocker Initiated GC) [PSYoungGen: 173922K->61526K(175104K)] 260782K->203361K(699392K), 0.0125059 secs] [Times: user=0.16 sys=0.01, real=0.01 secs] 
2016-09-24T01:09:08.176-0400: 300.762: [GC (GCLocker Initiated GC) [PSYoungGen: 149590K->67501K(175104K)] 291735K->209897K(699392K), 0.0071594 secs] [Times: user=0.06 sys=0.00, real=0.01 secs] 
2016-09-24T01:09:08.371-0400: 300.956: [GC (GCLocker Initiated GC) [PSYoungGen: 155565K->85658K(175104K)] 298009K->240535K(699392K), 0.0190308 secs] [Times: user=0.22 sys=0.00, real=0.02 secs] 
2016-09-24T01:09:08.551-0400: 301.137: [GC (GCLocker Initiated GC) [PSYoungGen: 173722K->61462K(175104K)] 334980K->253190K(699392K), 0.0097397 secs] [Times: user=0.08 sys=0.00, real=0.01 secs] 
2016-09-24T01:09:08.715-0400: 301.301: [GC (Allocation Failure) [PSYoungGen: 149526K->49084K(175104K)] 341318K->271519K(699392K), 0.0226263 secs] [Times: user=0.21 sys=0.00, real=0.02 secs] 
2016-09-24T01:09:08.930-0400: 301.515: [GC (GCLocker Initiated GC) [PSYoungGen: 137148K->73640K(175104K)] 359584K->320676K(699392K), 0.0090002 secs] [Times: user=0.10 sys=0.01, real=0.01 secs] 
2016-09-24T01:09:09.099-0400: 301.685: [GC (GCLocker Initiated GC) [PSYoungGen: 161704K->61850K(175104K)] 414885K->315150K(699392K), 0.0105271 secs] [Times: user=0.13 sys=0.00, real=0.01 secs] 
2016-09-24T01:09:09.322-0400: 301.908: [GC (Allocation Failure) [PSYoungGen: 149914K->37261K(175104K)] 409296K->321196K(699392K), 0.0259791 secs] [Times: user=0.26 sys=0.01, real=0.03 secs] 
2016-09-24T01:09:09.504-0400: 302.090: [GC (GCLocker Initiated GC) [PSYoungGen: 125325K->73836K(175104K)] 409265K->358059K(699392K), 0.0107597 secs] [Times: user=0.12 sys=0.00, real=0.01 secs] 
2016-09-24T01:09:09.686-0400: 302.271: [GC (GCLocker Initiated GC) [PSYoungGen: 161900K->43269K(175104K)] 446132K->346017K(699392K), 0.0137866 secs] [Times: user=0.14 sys=0.00, real=0.01 secs] 
2016-09-24T01:09:09.849-0400: 302.434: [GC (Allocation Failure) [PSYoungGen: 131333K->79491K(175104K)] 434431K->383020K(699392K), 0.0141367 secs] [Times: user=0.12 sys=0.01, real=0.02 secs] 
2016-09-24T01:09:10.051-0400: 302.637: [GC (Allocation Failure) [PSYoungGen: 167555K->55419K(175104K)] 471084K->395689K(699392K), 0.0198493 secs] [Times: user=0.23 sys=0.01, real=0.02 secs] 
2016-09-24T01:09:10.253-0400: 302.838: [GC (GCLocker Initiated GC) [PSYoungGen: 143483K->73380K(175104K)] 483759K->413931K(699392K), 0.0182602 secs] [Times: user=0.21 sys=0.00, real=0.02 secs] 
2016-09-24T01:09:10.431-0400: 303.017: [GC (GCLocker Initiated GC) [PSYoungGen: 161444K->61234K(175104K)] 508113K->408030K(699392K), 0.0070520 secs] [Times: user=0.05 sys=0.00, real=0.01 secs] 
2016-09-24T01:09:10.568-0400: 303.153: [GC (GCLocker Initiated GC) [PSYoungGen: 149298K->55319K(175104K)] 496136K->438914K(699392K), 0.0240016 secs] [Times: user=0.27 sys=0.00, real=0.02 secs] 
2016-09-24T01:09:10.760-0400: 303.345: [GC (Allocation Failure) [PSYoungGen: 143383K->36998K(175104K)] 527239K->475632K(699392K), 0.0083251 secs] [Times: user=0.08 sys=0.01, real=0.01 secs] 
2016-09-24T01:09:10.955-0400: 303.541: [GC (GCLocker Initiated GC) [PSYoungGen: 120827K->55415K(175104K)] 565537K->518781K(699392K), 0.0083283 secs] [Times: user=0.09 sys=0.01, real=0.01 secs] 
2016-09-24T01:09:10.963-0400: 303.549: [Full GC (Ergonomics) [PSYoungGen: 55415K->0K(175104K)] [ParOldGen: 463366K->48851K(524288K)] 518781K->48851K(699392K), [Metaspace: 44668K->44668K(1087488K)], 0.0595126 secs] [Times: user=0.48 sys=0.00, real=0.06 secs] 
2016-09-24T01:09:11.229-0400: 303.815: [GC (GCLocker Initiated GC) [PSYoungGen: 88064K->73868K(175104K)] 143132K->128936K(699392K), 0.0116713 secs] [Times: user=0.11 sys=0.00, real=0.01 secs] 
2016-09-24T01:09:11.383-0400: 303.969: [GC (GCLocker Initiated GC) [PSYoungGen: 161932K->74000K(175104K)] 217004K->147628K(699392K), 0.0118739 secs] [Times: user=0.17 sys=0.00, real=0.01 secs] 
2016-09-24T01:09:11.533-0400: 304.118: [GC (Allocation Failure) [PSYoungGen: 162064K->61594K(175104K)] 235829K->153843K(699392K), 0.0165969 secs] [Times: user=0.13 sys=0.00, real=0.02 secs] 
2016-09-24T01:09:11.674-0400: 304.259: [GC (GCLocker Initiated GC) [PSYoungGen: 149658K->73512K(175104K)] 241913K->208591K(699392K), 0.0158132 secs] [Times: user=0.18 sys=0.00, real=0.02 secs] 
2016-09-24T01:09:11.817-0400: 304.403: [GC (GCLocker Initiated GC) [PSYoungGen: 161576K->61398K(175104K)] 296831K->208883K(699392K), 0.0160910 secs] [Times: user=0.15 sys=0.00, real=0.01 secs] 
2016-09-24T01:09:12.001-0400: 304.587: [GC (Allocation Failure) [PSYoungGen: 149462K->73704K(175104K)] 297195K->239946K(699392K), 0.0089185 secs] [Times: user=0.08 sys=0.01, real=0.01 secs] 
2016-09-24T01:09:12.186-0400: 304.772: [GC (GCLocker Initiated GC) [PSYoungGen: 161768K->73804K(175104K)] 328015K->240155K(699392K), 0.0097305 secs] [Times: user=0.10 sys=0.00, real=0.01 secs] 
2016-09-24T01:09:12.355-0400: 304.941: [GC (GCLocker Initiated GC) [PSYoungGen: 161868K->73836K(175104K)] 328580K->240684K(699392K), 0.0112752 secs] [Times: user=0.11 sys=0.00, real=0.01 secs] 
2016-09-24T01:09:12.519-0400: 305.105: [GC (GCLocker Initiated GC) [PSYoungGen: 161900K->85854K(175104K)] 328868K->271330K(699392K), 0.0133896 secs] [Times: user=0.15 sys=0.00, real=0.01 secs] 
2016-09-24T01:09:12.752-0400: 305.338: [GC (GCLocker Initiated GC) [PSYoungGen: 173918K->55579K(175104K)] 359598K->290011K(699392K), 0.0118711 secs] [Times: user=0.16 sys=0.00, real=0.02 secs] 
2016-09-24T01:09:12.988-0400: 305.574: [GC (GCLocker Initiated GC) [PSYoungGen: 143643K->37126K(175104K)] 384208K->277967K(699392K), 0.0099817 secs] [Times: user=0.14 sys=0.00, real=0.01 secs] 
2016-09-24T01:09:13.169-0400: 305.754: [GC (GCLocker Initiated GC) [PSYoungGen: 125190K->79327K(175104K)] 366073K->320337K(699392K), 0.0127665 secs] [Times: user=0.13 sys=0.00, real=0.01 secs] 
2016-09-24T01:09:13.335-0400: 305.921: [GC (GCLocker Initiated GC) [PSYoungGen: 167391K->55483K(175104K)] 408571K->339323K(699392K), 0.0096787 secs] [Times: user=0.10 sys=0.00, real=0.01 secs] 
2016-09-24T01:09:13.452-0400: 306.038: [GC (GCLocker Initiated GC) [PSYoungGen: 143547K->86282K(175104K)] 427429K->406922K(699392K), 0.0104824 secs] [Times: user=0.10 sys=0.00, real=0.02 secs] 
2016-09-24T01:09:13.596-0400: 306.181: [GC (GCLocker Initiated GC) [PSYoungGen: 174346K->85922K(175104K)] 495212K->468034K(699392K), 0.0196944 secs] [Times: user=0.26 sys=0.00, real=0.02 secs] 
2016-09-24T01:09:13.779-0400: 306.364: [GC (GCLocker Initiated GC) [PSYoungGen: 173986K->37517K(175104K)] 568250K->480526K(699392K), 0.0139825 secs] [Times: user=0.15 sys=0.00, real=0.01 secs] 
2016-09-24T01:09:13.965-0400: 306.551: [Full GC (Ergonomics) [PSYoungGen: 125581K->0K(175104K)] [ParOldGen: 455278K->49008K(524288K)] 580860K->49008K(699392K), [Metaspace: 44670K->44670K(1087488K)], 0.0582697 secs] [Times: user=0.31 sys=0.00, real=0.06 secs] 
2016-09-24T01:09:14.204-0400: 306.790: [GC (GCLocker Initiated GC) [PSYoungGen: 88064K->73968K(175104K)] 149577K->135481K(699392K), 0.0080970 secs] [Times: user=0.08 sys=0.00, real=0.00 secs] 
2016-09-24T01:09:14.419-0400: 307.004: [GC (GCLocker Initiated GC) [PSYoungGen: 162032K->36966K(175104K)] 223700K->135507K(699392K), 0.0180712 secs] [Times: user=0.15 sys=0.00, real=0.02 secs] 
2016-09-24T01:09:14.615-0400: 307.201: [GC (GCLocker Initiated GC) [PSYoungGen: 125030K->85434K(175104K)] 223702K->184209K(699392K), 0.0209154 secs] [Times: user=0.20 sys=0.01, real=0.02 secs] 
2016-09-24T01:09:14.797-0400: 307.383: [GC (GCLocker Initiated GC) [PSYoungGen: 173498K->73740K(175104K)] 272472K->203176K(699392K), 0.0201580 secs] [Times: user=0.20 sys=0.00, real=0.02 secs] 
2016-09-24T01:09:14.977-0400: 307.563: [GC (GCLocker Initiated GC) [PSYoungGen: 161804K->55255K(175104K)] 297603K->191322K(699392K), 0.0135754 secs] [Times: user=0.13 sys=0.00, real=0.01 secs] 
2016-09-24T01:09:15.173-0400: 307.758: [GC (Allocation Failure) [PSYoungGen: 143319K->67829K(175104K)] 285609K->210214K(699392K), 0.0221824 secs] [Times: user=0.25 sys=0.00, real=0.03 secs] 
2016-09-24T01:09:15.366-0400: 307.952: [GC (GCLocker Initiated GC) [PSYoungGen: 155893K->67665K(175104K)] 298284K->246782K(699392K), 0.0115652 secs] [Times: user=0.11 sys=0.00, real=0.01 secs] 
2016-09-24T01:09:15.555-0400: 308.141: [GC (GCLocker Initiated GC) [PSYoungGen: 155729K->73512K(175104K)] 335145K->253195K(699392K), 0.0185949 secs] [Times: user=0.15 sys=0.01, real=0.02 secs] 
2016-09-24T01:09:15.789-0400: 308.374: [GC (GCLocker Initiated GC) [PSYoungGen: 161576K->49052K(175104K)] 341559K->229270K(699392K), 0.0213145 secs] [Times: user=0.20 sys=0.00, real=0.02 secs] 
2016-09-24T01:09:15.964-0400: 308.550: [GC (GCLocker Initiated GC) [PSYoungGen: 137111K->73544K(175104K)] 317690K->254226K(699392K), 0.0203215 secs] [Times: user=0.21 sys=0.00, real=0.02 secs] 
2016-09-24T01:09:16.182-0400: 308.767: [GC (Allocation Failure) [PSYoungGen: 161608K->67601K(175104K)] 348441K->254709K(699392K), 0.0174694 secs] [Times: user=0.17 sys=0.00, real=0.02 secs] 
2016-09-24T01:09:16.200-0400: 308.785: [GC (GCLocker Initiated GC) [PSYoungGen: 67622K->96K(175104K)] 254731K->266720K(699392K), 0.0080866 secs] [Times: user=0.07 sys=0.00, real=0.01 secs] 
2016-09-24T01:09:16.381-0400: 308.966: [GC (GCLocker Initiated GC) [PSYoungGen: 88160K->86082K(175104K)] 354789K->358803K(699392K), 0.0100412 secs] [Times: user=0.10 sys=0.00, real=0.01 secs] 
2016-09-24T01:09:16.567-0400: 309.153: [GC (GCLocker Initiated GC) [PSYoungGen: 174146K->73612K(175104K)] 447134K->365504K(699392K), 0.0134404 secs] [Times: user=0.13 sys=0.00, real=0.01 secs] 
2016-09-24T01:09:16.759-0400: 309.345: [GC (GCLocker Initiated GC) [PSYoungGen: 161676K->85630K(175104K)] 453767K->377981K(699392K), 0.0090055 secs] [Times: user=0.07 sys=0.00, real=0.01 secs] 
2016-09-24T01:09:16.949-0400: 309.535: [GC (GCLocker Initiated GC) [PSYoungGen: 173694K->43173K(175104K)] 472306K->354015K(699392K), 0.0216901 secs] [Times: user=0.20 sys=0.01, real=0.02 secs] 
2016-09-24T01:09:17.140-0400: 309.726: [GC (GCLocker Initiated GC) [PSYoungGen: 131237K->55355K(175104K)] 442081K->366450K(699392K), 0.0151570 secs] [Times: user=0.12 sys=0.00, real=0.02 secs] 
2016-09-24T01:09:17.341-0400: 309.927: [GC (GCLocker Initiated GC) [PSYoungGen: 143419K->85566K(175104K)] 454713K->397292K(699392K), 0.0212735 secs] [Times: user=0.20 sys=0.01, real=0.03 secs] 
2016-09-24T01:09:17.527-0400: 310.112: [GC (GCLocker Initiated GC) [PSYoungGen: 173630K->49248K(175104K)] 485460K->379414K(699392K), 0.0160157 secs] [Times: user=0.15 sys=0.00, real=0.02 secs] 
2016-09-24T01:09:17.719-0400: 310.304: [GC (GCLocker Initiated GC) [PSYoungGen: 137312K->73676K(175104K)] 467565K->434719K(699392K), 0.0280613 secs] [Times: user=0.29 sys=0.00, real=0.03 secs] 
2016-09-24T01:09:17.952-0400: 310.538: [GC (GCLocker Initiated GC) [PSYoungGen: 161740K->55387K(175104K)] 529018K->453299K(699392K), 0.0309710 secs] [Times: user=0.33 sys=0.00, real=0.04 secs] 
2016-09-24T01:09:18.148-0400: 310.734: [GC (Allocation Failure) [PSYoungGen: 143451K->79719K(175104K)] 541512K->478047K(699392K), 0.0080605 secs] [Times: user=0.08 sys=0.00, real=0.01 secs] 
2016-09-24T01:09:18.326-0400: 310.912: [GC (GCLocker Initiated GC) [PSYoungGen: 167783K->67405K(175104K)] 566116K->496545K(699392K), 0.0339519 secs] [Times: user=0.35 sys=0.00, real=0.03 secs] 
2016-09-24T01:09:18.539-0400: 311.125: [GC (GCLocker Initiated GC) [PSYoungGen: 155469K->67373K(175104K)] 584702K->496841K(699392K), 0.0107976 secs] [Times: user=0.07 sys=0.00, real=0.01 secs] 
2016-09-24T01:09:18.733-0400: 311.319: [GC (GCLocker Initiated GC) [PSYoungGen: 155437K->85534K(175104K)] 584947K->515116K(699392K), 0.0199515 secs] [Times: user=0.21 sys=0.00, real=0.02 secs] 
2016-09-24T01:09:18.904-0400: 311.490: [GC (GCLocker Initiated GC) [PSYoungGen: 173598K->73676K(175104K)] 603357K->527870K(699392K), 0.0154924 secs] [Times: user=0.19 sys=0.00, real=0.01 secs] 
2016-09-24T01:09:19.089-0400: 311.674: [GC (GCLocker Initiated GC) [PSYoungGen: 161740K->79687K(175104K)] 615993K->534379K(699392K), 0.0082090 secs] [Times: user=0.07 sys=0.00, real=0.01 secs] 
2016-09-24T01:09:19.273-0400: 311.859: [GC (GCLocker Initiated GC) [PSYoungGen: 167751K->43173K(175104K)] 622692K->534839K(699392K), 0.0111474 secs] [Times: user=0.08 sys=0.00, real=0.02 secs] 
2016-09-24T01:09:19.284-0400: 311.870: [Full GC (Ergonomics) [PSYoungGen: 43173K->0K(175104K)] [ParOldGen: 491666K->48886K(524288K)] 534839K->48886K(699392K), [Metaspace: 44672K->44672K(1087488K)], 0.0662790 secs] [Times: user=0.54 sys=0.02, real=0.06 secs] 
2016-09-24T01:09:19.517-0400: 312.103: [GC (GCLocker Initiated GC) [PSYoungGen: 88064K->85762K(175104K)] 136992K->140766K(699392K), 0.0154024 secs] [Times: user=0.15 sys=0.00, real=0.01 secs] 
2016-09-24T01:09:19.699-0400: 312.285: [GC (GCLocker Initiated GC) [PSYoungGen: 173826K->49312K(175104K)] 228891K->147334K(699392K), 0.0190550 secs] [Times: user=0.20 sys=0.00, real=0.02 secs] 
2016-09-24T01:09:19.905-0400: 312.491: [GC (GCLocker Initiated GC) [PSYoungGen: 137376K->61654K(175104K)] 235702K->178441K(699392K), 0.0180280 secs] [Times: user=0.16 sys=0.01, real=0.02 secs] 
2016-09-24T01:09:20.091-0400: 312.677: [GC (GCLocker Initiated GC) [PSYoungGen: 149718K->73676K(175104K)] 266670K->191143K(699392K), 0.0141053 secs] [Times: user=0.14 sys=0.00, real=0.02 secs] 
2016-09-24T01:09:20.287-0400: 312.873: [GC (GCLocker Initiated GC) [PSYoungGen: 161740K->55223K(175104K)] 285392K->179142K(699392K), 0.0215064 secs] [Times: user=0.22 sys=0.00, real=0.02 secs] 
2016-09-24T01:09:20.505-0400: 313.091: [GC (GCLocker Initiated GC) [PSYoungGen: 143287K->55451K(175104K)] 273614K->216404K(699392K), 0.0101745 secs] [Times: user=0.07 sys=0.01, real=0.01 secs] 
2016-09-24T01:09:20.674-0400: 313.259: [GC (GCLocker Initiated GC) [PSYoungGen: 143515K->73676K(175104K)] 304499K->234912K(699392K), 0.0276995 secs] [Times: user=0.28 sys=0.00, real=0.03 secs] 
2016-09-24T01:09:20.892-0400: 313.477: [GC (GCLocker Initiated GC) [PSYoungGen: 161740K->85794K(175104K)] 323130K->253526K(699392K), 0.0358370 secs] [Times: user=0.38 sys=0.00, real=0.04 secs] 
2016-09-24T01:09:21.097-0400: 313.683: [GC (GCLocker Initiated GC) [PSYoungGen: 173858K->61686K(175104K)] 341940K->272600K(699392K), 0.0095702 secs] [Times: user=0.13 sys=0.01, real=0.01 secs] 
2016-09-24T01:09:21.268-0400: 313.854: [GC (GCLocker Initiated GC) [PSYoungGen: 149750K->85726K(175104K)] 360874K->297149K(699392K), 0.0098062 secs] [Times: user=0.12 sys=0.00, real=0.01 secs] 
2016-09-24T01:09:21.456-0400: 314.041: [GC (GCLocker Initiated GC) [PSYoungGen: 173790K->49244K(175104K)] 385261K->297441K(699392K), 0.0201218 secs] [Times: user=0.19 sys=0.00, real=0.02 secs] 
2016-09-24T01:09:21.636-0400: 314.221: [GC (GCLocker Initiated GC) [PSYoungGen: 137308K->85794K(175104K)] 385542K->388822K(699392K), 0.0192462 secs] [Times: user=0.21 sys=0.01, real=0.02 secs] 
2016-09-24T01:09:21.836-0400: 314.422: [GC (GCLocker Initiated GC) [PSYoungGen: 173858K->73576K(175104K)] 477151K->401601K(699392K), 0.0211697 secs] [Times: user=0.22 sys=0.00, real=0.02 secs] 
2016-09-24T01:09:22.074-0400: 314.660: [GC (Allocation Failure) [PSYoungGen: 161640K->49116K(175104K)] 489981K->377521K(699392K), 0.0107200 secs] [Times: user=0.08 sys=0.00, real=0.01 secs] 
2016-09-24T01:09:22.263-0400: 314.848: [GC (GCLocker Initiated GC) [PSYoungGen: 137180K->61362K(175104K)] 465585K->408080K(699392K), 0.0298644 secs] [Times: user=0.33 sys=0.00, real=0.02 secs] 
2016-09-24T01:09:22.461-0400: 315.047: [GC (GCLocker Initiated GC) [PSYoungGen: 149426K->85826K(175104K)] 496191K->432718K(699392K), 0.0193068 secs] [Times: user=0.20 sys=0.00, real=0.02 secs] 
2016-09-24T01:09:22.890-0400: 315.476: [GC (Allocation Failure) [PSYoungGen: 173890K->643K(175104K)] 520784K->402481K(699392K), 0.0090720 secs] [Times: user=0.07 sys=0.00, real=0.01 secs] 
2016-09-24T01:09:23.446-0400: 316.032: [GC (Allocation Failure) [PSYoungGen: 87965K->416K(175104K)] 489803K->402591K(699392K), 0.0035450 secs] [Times: user=0.02 sys=0.00, real=0.00 secs] 
