Java HotSpot(TM) 64-Bit Server VM (25.101-b13) for linux-amd64 JRE (1.8.0_101-b13), built on Jun 22 2016 02:59:44 by "java_re" with gcc 4.3.0 20080428 (Red Hat 4.3.0-8)
Memory: 4k page, physical 264122324k(154215512k free), swap 268399612k(268399612k free)
CommandLine flags: -XX:GCLogFileSize=1048576 -XX:+HeapDumpOnOutOfMemoryError -XX:HeapDumpPath=artifacts/heapdump -XX:InitialHeapSize=805306368 -XX:MaxHeapSize=805306368 -XX:NumberOfGCLogFiles=10 -XX:+PrintGC -XX:+PrintGCDateStamps -XX:+PrintGCDetails -XX:+PrintGCTimeStamps -XX:+UseCompressedClassPointers -XX:+UseCompressedOops -XX:+UseGCLogFileRotation -XX:+UseParallelGC 
2016-09-22T22:37:20.406-0400: 2.152: [GC (Metadata GC Threshold) [PSYoungGen: 125830K->15570K(229376K)] 125830K->15650K(753664K), 0.0235870 secs] [Times: user=0.05 sys=0.08, real=0.03 secs] 
2016-09-22T22:37:20.429-0400: 2.176: [Full GC (Metadata GC Threshold) [PSYoungGen: 15570K->0K(229376K)] [ParOldGen: 80K->14602K(351744K)] 15650K->14602K(581120K), [Metaspace: 21074K->21074K(1067008K)], 0.0566823 secs] [Times: user=0.45 sys=0.06, real=0.05 secs] 
2016-09-22T22:37:22.264-0400: 4.010: [GC (Metadata GC Threshold) [PSYoungGen: 123118K->14993K(229376K)] 137720K->29731K(581120K), 0.0155774 secs] [Times: user=0.09 sys=0.07, real=0.02 secs] 
2016-09-22T22:37:22.279-0400: 4.026: [Full GC (Metadata GC Threshold) [PSYoungGen: 14993K->0K(229376K)] [ParOldGen: 14738K->20410K(524288K)] 29731K->20410K(753664K), [Metaspace: 35047K->35047K(1079296K)], 0.0490291 secs] [Times: user=0.43 sys=0.00, real=0.05 secs] 
2016-09-22T22:37:23.917-0400: 5.664: [GC (GCLocker Initiated GC) [PSYoungGen: 196608K->32757K(229376K)] 217021K->76088K(753664K), 0.0162787 secs] [Times: user=0.19 sys=0.02, real=0.01 secs] 
2016-09-22T22:37:24.170-0400: 5.916: [GC (GCLocker Initiated GC) [PSYoungGen: 229365K->22790K(229376K)] 272803K->66236K(753664K), 0.0066142 secs] [Times: user=0.07 sys=0.00, real=0.01 secs] 
2016-09-22T22:37:24.357-0400: 6.104: [GC (GCLocker Initiated GC) [PSYoungGen: 219398K->31175K(227840K)] 272520K->95105K(752128K), 0.0058862 secs] [Times: user=0.07 sys=0.00, real=0.00 secs] 
2016-09-22T22:37:24.510-0400: 6.257: [GC (GCLocker Initiated GC) [PSYoungGen: 227783K->32620K(200192K)] 291730K->110075K(724480K), 0.0082688 secs] [Times: user=0.07 sys=0.02, real=0.01 secs] 
2016-09-22T22:37:24.655-0400: 6.401: [GC (GCLocker Initiated GC) [PSYoungGen: 198508K->34288K(200192K)] 282943K->118731K(724480K), 0.0095677 secs] [Times: user=0.08 sys=0.01, real=0.00 secs] 
2016-09-22T22:37:24.789-0400: 6.536: [GC (GCLocker Initiated GC) [PSYoungGen: 200176K->48621K(201216K)] 284860K->133913K(725504K), 0.0072635 secs] [Times: user=0.06 sys=0.00, real=0.01 secs] 
2016-09-22T22:37:24.933-0400: 6.679: [GC (GCLocker Initiated GC) [PSYoungGen: 201197K->37090K(207360K)] 289375K->127897K(731648K), 0.0072718 secs] [Times: user=0.06 sys=0.05, real=0.01 secs] 
2016-09-22T22:37:25.079-0400: 6.826: [GC (GCLocker Initiated GC) [PSYoungGen: 189666K->27785K(204800K)] 292849K->150462K(729088K), 0.0072387 secs] [Times: user=0.07 sys=0.01, real=0.00 secs] 
2016-09-22T22:37:25.223-0400: 6.970: [GC (GCLocker Initiated GC) [PSYoungGen: 180873K->51942K(205312K)] 309075K->191503K(729600K), 0.0062818 secs] [Times: user=0.07 sys=0.01, real=0.01 secs] 
2016-09-22T22:37:25.371-0400: 7.118: [GC (GCLocker Initiated GC) [PSYoungGen: 205030K->54733K(192000K)] 344631K->219190K(716288K), 0.0076228 secs] [Times: user=0.05 sys=0.04, real=0.01 secs] 
2016-09-22T22:37:25.497-0400: 7.243: [GC (GCLocker Initiated GC) [PSYoungGen: 189901K->33721K(198656K)] 361137K->211412K(722944K), 0.0054821 secs] [Times: user=0.03 sys=0.01, real=0.00 secs] 
2016-09-22T22:37:25.610-0400: 7.357: [GC (GCLocker Initiated GC) [PSYoungGen: 168889K->19779K(196608K)] 349320K->233596K(720896K), 0.0066013 secs] [Times: user=0.05 sys=0.01, real=0.01 secs] 
2016-09-22T22:37:25.746-0400: 7.493: [GC (GCLocker Initiated GC) [PSYoungGen: 156995K->9213K(198656K)] 385881K->262910K(722944K), 0.0056504 secs] [Times: user=0.07 sys=0.00, real=0.01 secs] 
2016-09-22T22:37:25.866-0400: 7.613: [GC (GCLocker Initiated GC) [PSYoungGen: 146429K->31912K(196096K)] 401647K->287699K(720384K), 0.0050427 secs] [Times: user=0.04 sys=0.00, real=0.01 secs] 
2016-09-22T22:37:25.990-0400: 7.737: [GC (GCLocker Initiated GC) [PSYoungGen: 169640K->18347K(197632K)] 440292K->289453K(721920K), 0.0058227 secs] [Times: user=0.02 sys=0.00, real=0.01 secs] 
2016-09-22T22:37:26.111-0400: 7.858: [GC (GCLocker Initiated GC) [PSYoungGen: 156075K->31975K(197632K)] 440769K->317154K(721920K), 0.0067832 secs] [Times: user=0.05 sys=0.02, real=0.01 secs] 
2016-09-22T22:37:26.288-0400: 8.035: [GC (GCLocker Initiated GC) [PSYoungGen: 174823K->22557K(200192K)] 465528K->327263K(724480K), 0.0078165 secs] [Times: user=0.05 sys=0.00, real=0.01 secs] 
2016-09-22T22:37:26.422-0400: 8.168: [GC (GCLocker Initiated GC) [PSYoungGen: 165405K->32071K(200704K)] 472962K->340233K(724992K), 0.0041895 secs] [Times: user=0.05 sys=0.00, real=0.00 secs] 
2016-09-22T22:37:26.549-0400: 8.296: [GC (GCLocker Initiated GC) [PSYoungGen: 181063K->32086K(203264K)] 494696K->346260K(727552K), 0.0041886 secs] [Times: user=0.05 sys=0.00, real=0.00 secs] 
2016-09-22T22:37:26.666-0400: 8.412: [GC (GCLocker Initiated GC) [PSYoungGen: 181078K->37535K(207872K)] 498047K->355092K(732160K), 0.0050647 secs] [Times: user=0.05 sys=0.00, real=0.01 secs] 
2016-09-22T22:37:26.790-0400: 8.537: [GC (GCLocker Initiated GC) [PSYoungGen: 192671K->46903K(202240K)] 510358K->365091K(726528K), 0.0048203 secs] [Times: user=0.05 sys=0.00, real=0.01 secs] 
2016-09-22T22:37:26.936-0400: 8.683: [GC (GCLocker Initiated GC) [PSYoungGen: 202039K->3762K(200192K)] 536531K->357718K(724480K), 0.0258171 secs] [Times: user=0.37 sys=0.00, real=0.02 secs] 
2016-09-22T22:37:27.659-0400: 9.405: [GC (GCLocker Initiated GC) [PSYoungGen: 147122K->22671K(202752K)] 509183K->385411K(727040K), 0.0103825 secs] [Times: user=0.12 sys=0.01, real=0.01 secs] 
2016-09-22T22:37:27.784-0400: 9.531: [GC (GCLocker Initiated GC) [PSYoungGen: 166031K->29320K(197120K)] 538451K->402235K(721408K), 0.0100408 secs] [Times: user=0.09 sys=0.00, real=0.02 secs] 
2016-09-22T22:37:27.938-0400: 9.685: [GC (GCLocker Initiated GC) [PSYoungGen: 174728K->33466K(200192K)] 559838K->419146K(724480K), 0.0055728 secs] [Times: user=0.07 sys=0.00, real=0.00 secs] 
2016-09-22T22:37:28.060-0400: 9.806: [GC (GCLocker Initiated GC) [PSYoungGen: 178874K->52320K(196096K)] 567287K->457503K(720384K), 0.0088776 secs] [Times: user=0.09 sys=0.01, real=0.01 secs] 
2016-09-22T22:37:28.180-0400: 9.927: [GC (GCLocker Initiated GC) [PSYoungGen: 194656K->25320K(202240K)] 605315K->463535K(726528K), 0.0056544 secs] [Times: user=0.03 sys=0.03, real=0.00 secs] 
2016-09-22T22:37:28.302-0400: 10.049: [GC (GCLocker Initiated GC) [PSYoungGen: 167656K->53543K(192512K)] 605963K->492398K(716800K), 0.0088803 secs] [Times: user=0.09 sys=0.01, real=0.01 secs] 
2016-09-22T22:37:28.423-0400: 10.169: [GC (GCLocker Initiated GC) [PSYoungGen: 187687K->34675K(198144K)] 629264K->495669K(722432K), 0.0068893 secs] [Times: user=0.07 sys=0.01, real=0.01 secs] 
2016-09-22T22:37:28.544-0400: 10.291: [GC (GCLocker Initiated GC) [PSYoungGen: 168819K->31929K(190464K)] 629953K->504396K(714752K), 0.0107197 secs] [Times: user=0.08 sys=0.01, real=0.02 secs] 
2016-09-22T22:37:28.666-0400: 10.412: [GC (GCLocker Initiated GC) [PSYoungGen: 168633K->45603K(195584K)] 641341K->518838K(719872K), 0.0052121 secs] [Times: user=0.07 sys=0.00, real=0.01 secs] 
2016-09-22T22:37:28.788-0400: 10.535: [GC (GCLocker Initiated GC) [PSYoungGen: 182307K->45602K(198144K)] 660979K->524807K(722432K), 0.0099335 secs] [Times: user=0.14 sys=0.01, real=0.01 secs] 
2016-09-22T22:37:28.908-0400: 10.654: [GC (GCLocker Initiated GC) [PSYoungGen: 182818K->38852K(199680K)] 667962K->554220K(723968K), 0.0071224 secs] [Times: user=0.06 sys=0.03, real=0.01 secs] 
2016-09-22T22:37:28.915-0400: 10.662: [Full GC (Ergonomics) [PSYoungGen: 38852K->0K(199680K)] [ParOldGen: 515368K->44995K(524288K)] 554220K->44995K(723968K), [Metaspace: 42958K->42958K(1085440K)], 0.2072988 secs] [Times: user=2.84 sys=0.23, real=0.20 secs] 
2016-09-22T22:37:29.234-0400: 10.981: [GC (GCLocker Initiated GC) [PSYoungGen: 137216K->30785K(196608K)] 195740K->89309K(720896K), 0.0042834 secs] [Times: user=0.02 sys=0.01, real=0.01 secs] 
2016-09-22T22:37:29.357-0400: 11.103: [GC (GCLocker Initiated GC) [PSYoungGen: 169537K->44284K(198144K)] 230770K->122402K(722432K), 0.0052325 secs] [Times: user=0.06 sys=0.00, real=0.00 secs] 
2016-09-22T22:37:29.477-0400: 11.223: [GC (GCLocker Initiated GC) [PSYoungGen: 183036K->29242K(200704K)] 264092K->121614K(724992K), 0.0106748 secs] [Times: user=0.10 sys=0.02, real=0.01 secs] 
2016-09-22T22:37:29.595-0400: 11.341: [GC (GCLocker Initiated GC) [PSYoungGen: 171578K->56306K(198656K)] 263983K->154627K(722944K), 0.0096598 secs] [Times: user=0.11 sys=0.01, real=0.00 secs] 
2016-09-22T22:37:29.739-0400: 11.485: [GC (GCLocker Initiated GC) [PSYoungGen: 198642K->22524K(196608K)] 305068K->151106K(720896K), 0.0068130 secs] [Times: user=0.07 sys=0.01, real=0.00 secs] 
2016-09-22T22:37:29.866-0400: 11.613: [GC (Allocation Failure) [PSYoungGen: 155644K->30703K(163840K)] 291001K->166592K(688128K), 0.0076914 secs] [Times: user=0.12 sys=0.01, real=0.01 secs] 
2016-09-22T22:37:29.984-0400: 11.731: [GC (GCLocker Initiated GC) [PSYoungGen: 162930K->32038K(198656K)] 302869K->183349K(722944K), 0.0098997 secs] [Times: user=0.11 sys=0.01, real=0.01 secs] 
2016-09-22T22:37:30.114-0400: 11.860: [GC (GCLocker Initiated GC) [PSYoungGen: 168230K->59075K(195584K)] 319596K->219041K(719872K), 0.0055197 secs] [Times: user=0.07 sys=0.01, real=0.01 secs] 
2016-09-22T22:37:30.255-0400: 12.002: [GC (GCLocker Initiated GC) [PSYoungGen: 195267K->40170K(197120K)] 363366K->222234K(721408K), 0.0050485 secs] [Times: user=0.05 sys=0.01, real=0.00 secs] 
2016-09-22T22:37:30.369-0400: 12.116: [GC (GCLocker Initiated GC) [PSYoungGen: 170730K->41489K(172544K)] 361035K->256650K(696832K), 0.1082871 secs] [Times: user=1.70 sys=0.10, real=0.11 secs] 
2016-09-22T22:37:30.585-0400: 12.332: [GC (GCLocker Initiated GC) [PSYoungGen: 172049K->32103K(195584K)] 395313K->272085K(719872K), 0.0051421 secs] [Times: user=0.06 sys=0.01, real=0.01 secs] 
2016-09-22T22:37:30.712-0400: 12.459: [GC (GCLocker Initiated GC) [PSYoungGen: 164199K->33439K(194048K)] 412372K->282153K(718336K), 0.0098664 secs] [Times: user=0.13 sys=0.01, real=0.01 secs] 
2016-09-22T22:37:31.069-0400: 12.815: [GC (GCLocker Initiated GC) [PSYoungGen: 165535K->22666K(197120K)] 422536K->280194K(721408K), 0.0061399 secs] [Times: user=0.06 sys=0.01, real=0.01 secs] 
2016-09-22T22:37:31.195-0400: 12.942: [GC (GCLocker Initiated GC) [PSYoungGen: 159370K->29087K(197120K)] 425233K->295459K(721408K), 0.0061953 secs] [Times: user=0.03 sys=0.01, real=0.00 secs] 
2016-09-22T22:37:31.310-0400: 13.056: [GC (GCLocker Initiated GC) [PSYoungGen: 165791K->38443K(199680K)] 438925K->311884K(723968K), 0.0045237 secs] [Times: user=0.04 sys=0.01, real=0.00 secs] 
2016-09-22T22:37:31.420-0400: 13.167: [GC (GCLocker Initiated GC) [PSYoungGen: 180779K->39810K(200192K)] 462550K->321829K(724480K), 0.0044806 secs] [Times: user=0.04 sys=0.01, real=0.00 secs] 
2016-09-22T22:37:31.533-0400: 13.279: [GC (GCLocker Initiated GC) [PSYoungGen: 182146K->56106K(193536K)] 464298K->338534K(717824K), 0.0054576 secs] [Times: user=0.08 sys=0.00, real=0.01 secs] 
2016-09-22T22:37:31.660-0400: 13.407: [GC (GCLocker Initiated GC) [PSYoungGen: 192298K->39825K(199168K)] 477661K->336288K(723456K), 0.0085712 secs] [Times: user=0.12 sys=0.00, real=0.01 secs] 
2016-09-22T22:37:31.780-0400: 13.527: [GC (Allocation Failure) [PSYoungGen: 176017K->39906K(194048K)] 472613K->336763K(718336K), 0.0052338 secs] [Times: user=0.05 sys=0.00, real=0.00 secs] 
2016-09-22T22:37:31.786-0400: 13.532: [GC (GCLocker Initiated GC) [PSYoungGen: 40554K->192K(197632K)] 337411K->336683K(721920K), 0.0044943 secs] [Times: user=0.05 sys=0.01, real=0.01 secs] 
2016-09-22T22:37:31.898-0400: 13.644: [GC (GCLocker Initiated GC) [PSYoungGen: 137473K->44020K(197120K)] 476665K->383236K(721408K), 0.0045333 secs] [Times: user=0.06 sys=0.00, real=0.00 secs] 
2016-09-22T22:37:32.002-0400: 13.749: [GC (GCLocker Initiated GC) [PSYoungGen: 177140K->46706K(180224K)] 519133K->390405K(704512K), 0.0116910 secs] [Times: user=0.11 sys=0.02, real=0.01 secs] 
2016-09-22T22:37:32.130-0400: 13.877: [GC (GCLocker Initiated GC) [PSYoungGen: 179826K->28853K(198144K)] 523526K->372774K(722432K), 0.0052049 secs] [Times: user=0.03 sys=0.00, real=0.01 secs] 
2016-09-22T22:37:32.222-0400: 13.969: [GC (GCLocker Initiated GC) [PSYoungGen: 161461K->31824K(164864K)] 513545K->384142K(689152K), 0.0074477 secs] [Times: user=0.07 sys=0.00, real=0.01 secs] 
2016-09-22T22:37:32.339-0400: 14.085: [GC (GCLocker Initiated GC) [PSYoungGen: 164432K->28885K(196096K)] 519484K->384190K(720384K), 0.0160888 secs] [Times: user=0.16 sys=0.02, real=0.02 secs] 
2016-09-22T22:37:32.480-0400: 14.226: [GC (Allocation Failure) [PSYoungGen: 163029K->46543K(194560K)] 518351K->418326K(718848K), 0.0098016 secs] [Times: user=0.11 sys=0.00, real=0.01 secs] 
2016-09-22T22:37:32.490-0400: 14.237: [GC (GCLocker Initiated GC) [PSYoungGen: 47173K->384K(193536K)] 418955K->417148K(717824K), 0.0058572 secs] [Times: user=0.07 sys=0.00, real=0.01 secs] 
2016-09-22T22:37:32.623-0400: 14.369: [GC (GCLocker Initiated GC) [PSYoungGen: 130188K->39842K(196608K)] 549653K->459331K(720896K), 0.0050706 secs] [Times: user=0.05 sys=0.00, real=0.01 secs] 
2016-09-22T22:37:32.738-0400: 14.485: [GC (GCLocker Initiated GC) [PSYoungGen: 170914K->31821K(190976K)] 593255K->454478K(715264K), 0.0076542 secs] [Times: user=0.06 sys=0.01, real=0.00 secs] 
2016-09-22T22:37:32.865-0400: 14.612: [GC (GCLocker Initiated GC) [PSYoungGen: 163405K->46664K(194048K)] 586180K->469731K(718336K), 0.0072547 secs] [Times: user=0.10 sys=0.00, real=0.01 secs] 
2016-09-22T22:37:33.019-0400: 14.766: [GC (GCLocker Initiated GC) [PSYoungGen: 178248K->44051K(196608K)] 606724K->472867K(720896K), 0.0268233 secs] [Times: user=0.35 sys=0.03, real=0.02 secs] 
2016-09-22T22:37:33.201-0400: 14.948: [GC (GCLocker Initiated GC) [PSYoungGen: 176147K->34759K(166912K)] 610436K->477604K(691200K), 0.0131559 secs] [Times: user=0.17 sys=0.02, real=0.01 secs] 
2016-09-22T22:37:33.427-0400: 15.173: [GC (Allocation Failure) [PSYoungGen: 166855K->23731K(195072K)] 613278K->470708K(719360K), 0.0332030 secs] [Times: user=0.32 sys=0.03, real=0.03 secs] 
2016-09-22T22:37:33.582-0400: 15.329: [GC (GCLocker Initiated GC) [PSYoungGen: 156851K->40043K(194560K)] 603832K->501049K(718848K), 0.0093810 secs] [Times: user=0.09 sys=0.01, real=0.01 secs] 
2016-09-22T22:37:33.709-0400: 15.456: [GC (GCLocker Initiated GC) [PSYoungGen: 173163K->51054K(194048K)] 634202K->512602K(718336K), 0.0144055 secs] [Times: user=0.22 sys=0.01, real=0.01 secs] 
2016-09-22T22:37:33.857-0400: 15.604: [GC (GCLocker Initiated GC) [PSYoungGen: 184174K->30843K(197632K)] 652726K->527019K(721920K), 0.0101952 secs] [Times: user=0.16 sys=0.00, real=0.01 secs] 
2016-09-22T22:37:33.867-0400: 15.614: [Full GC (Ergonomics) [PSYoungGen: 30843K->0K(197632K)] [ParOldGen: 496176K->56864K(524288K)] 527019K->56864K(721920K), [Metaspace: 43131K->43131K(1085440K)], 0.0584280 secs] [Times: user=0.39 sys=0.02, real=0.05 secs] 
2016-09-22T22:37:34.061-0400: 15.807: [GC (GCLocker Initiated GC) [PSYoungGen: 133120K->33524K(192000K)] 192687K->93091K(716288K), 0.0040208 secs] [Times: user=0.05 sys=0.00, real=0.00 secs] 
2016-09-22T22:37:34.188-0400: 15.934: [GC (GCLocker Initiated GC) [PSYoungGen: 168692K->36153K(195584K)] 230968K->99129K(719872K), 0.0416776 secs] [Times: user=0.13 sys=0.04, real=0.04 secs] 
2016-09-22T22:37:34.416-0400: 16.162: [GC (GCLocker Initiated GC) [PSYoungGen: 171321K->22662K(200704K)] 235650K->87628K(724992K), 0.0272247 secs] [Times: user=0.42 sys=0.01, real=0.02 secs] 
2016-09-22T22:37:34.577-0400: 16.324: [GC (GCLocker Initiated GC) [PSYoungGen: 166534K->30939K(201728K)] 238304K->103339K(726016K), 0.0072281 secs] [Times: user=0.05 sys=0.01, real=0.00 secs] 
2016-09-22T22:37:34.800-0400: 16.547: [GC (GCLocker Initiated GC) [PSYoungGen: 174811K->33496K(200704K)] 252617K->111976K(724992K), 0.0063835 secs] [Times: user=0.07 sys=0.01, real=0.00 secs] 
2016-09-22T22:37:34.994-0400: 16.741: [GC (Allocation Failure) [PSYoungGen: 181464K->28008K(202240K)] 266927K->114096K(726528K), 0.0063252 secs] [Times: user=0.06 sys=0.00, real=0.01 secs] 
2016-09-22T22:37:35.001-0400: 16.748: [GC (GCLocker Initiated GC) [PSYoungGen: 28017K->32K(201728K)] 114104K->116692K(726016K), 0.0070347 secs] [Times: user=0.06 sys=0.00, real=0.01 secs] 
2016-09-22T22:37:35.211-0400: 16.958: [GC (GCLocker Initiated GC) [PSYoungGen: 146089K->24450K(205312K)] 265450K->143811K(729600K), 0.0043538 secs] [Times: user=0.05 sys=0.00, real=0.01 secs] 
2016-09-22T22:37:35.370-0400: 17.117: [GC (GCLocker Initiated GC) [PSYoungGen: 172930K->23884K(200704K)] 292323K->144246K(724992K), 0.0156930 secs] [Times: user=0.20 sys=0.02, real=0.01 secs] 
2016-09-22T22:37:35.553-0400: 17.299: [GC (GCLocker Initiated GC) [PSYoungGen: 173900K->23114K(203776K)] 309334K->178151K(728064K), 0.0065113 secs] [Times: user=0.07 sys=0.00, real=0.01 secs] 
2016-09-22T22:37:35.721-0400: 17.468: [GC (GCLocker Initiated GC) [PSYoungGen: 173130K->40342K(205824K)] 328301K->196451K(730112K), 0.0279908 secs] [Times: user=0.31 sys=0.05, real=0.03 secs] 
2016-09-22T22:37:35.912-0400: 17.658: [GC (GCLocker Initiated GC) [PSYoungGen: 193942K->37881K(191488K)] 352985K->211288K(715776K), 0.0060490 secs] [Times: user=0.06 sys=0.01, real=0.01 secs] 
2016-09-22T22:37:36.078-0400: 17.825: [GC (GCLocker Initiated GC) [PSYoungGen: 191481K->43218K(202240K)] 365066K->217762K(726528K), 0.0099294 secs] [Times: user=0.14 sys=0.02, real=0.01 secs] 
2016-09-22T22:37:36.247-0400: 17.993: [GC (GCLocker Initiated GC) [PSYoungGen: 190674K->29604K(204800K)] 368156K->213350K(729088K), 0.0135030 secs] [Times: user=0.14 sys=0.00, real=0.01 secs] 
2016-09-22T22:37:36.447-0400: 18.194: [GC (GCLocker Initiated GC) [PSYoungGen: 177060K->20259K(204800K)] 373124K->217305K(729088K), 0.0121243 secs] [Times: user=0.13 sys=0.01, real=0.01 secs] 
2016-09-22T22:37:36.630-0400: 18.377: [GC (GCLocker Initiated GC) [PSYoungGen: 170275K->36406K(204800K)] 374126K->241216K(729088K), 0.0175387 secs] [Times: user=0.16 sys=0.03, real=0.02 secs] 
2016-09-22T22:37:36.796-0400: 18.542: [GC (GCLocker Initiated GC) [PSYoungGen: 186422K->33685K(205824K)] 392803K->254455K(730112K), 0.0063298 secs] [Times: user=0.06 sys=0.01, real=0.00 secs] 
2016-09-22T22:37:36.956-0400: 18.703: [GC (Allocation Failure) [PSYoungGen: 186773K->14678K(206336K)] 414411K->264682K(730624K), 0.0138562 secs] [Times: user=0.15 sys=0.01, real=0.01 secs] 
2016-09-22T22:37:37.118-0400: 18.865: [GC (GCLocker Initiated GC) [PSYoungGen: 167473K->14574K(208384K)] 422877K->286980K(732672K), 0.0146568 secs] [Times: user=0.20 sys=0.02, real=0.01 secs] 
2016-09-22T22:37:37.295-0400: 19.041: [GC (GCLocker Initiated GC) [PSYoungGen: 169198K->32146K(186880K)] 448383K->311973K(711168K), 0.0092594 secs] [Times: user=0.09 sys=0.01, real=0.00 secs] 
2016-09-22T22:37:37.451-0400: 19.198: [GC (GCLocker Initiated GC) [PSYoungGen: 186770K->33428K(207872K)] 469334K->330052K(732160K), 0.0152224 secs] [Times: user=0.14 sys=0.02, real=0.02 secs] 
2016-09-22T22:37:37.649-0400: 19.395: [GC (GCLocker Initiated GC) [PSYoungGen: 188564K->29370K(207360K)] 487991K->348326K(731648K), 0.0208396 secs] [Times: user=0.27 sys=0.02, real=0.02 secs] 
2016-09-22T22:37:37.831-0400: 19.577: [GC (GCLocker Initiated GC) [PSYoungGen: 184506K->13285K(206848K)] 515619K->363918K(731136K), 0.0048314 secs] [Times: user=0.03 sys=0.01, real=0.01 secs] 
2016-09-22T22:37:37.988-0400: 19.735: [GC (GCLocker Initiated GC) [PSYoungGen: 169957K->49658K(206336K)] 520678K->406434K(730624K), 0.0090321 secs] [Times: user=0.09 sys=0.01, real=0.01 secs] 
2016-09-22T22:37:38.164-0400: 19.910: [GC (GCLocker Initiated GC) [PSYoungGen: 206330K->32129K(207360K)] 563217K->408502K(731648K), 0.0067719 secs] [Times: user=0.06 sys=0.02, real=0.01 secs] 
2016-09-22T22:37:38.342-0400: 20.088: [GC (GCLocker Initiated GC) [PSYoungGen: 183681K->14610K(206336K)] 573853K->421613K(730624K), 0.0100182 secs] [Times: user=0.10 sys=0.02, real=0.01 secs] 
2016-09-22T22:37:38.492-0400: 20.239: [GC (GCLocker Initiated GC) [PSYoungGen: 166162K->30683K(205312K)] 578651K->443826K(729600K), 0.0183775 secs] [Times: user=0.23 sys=0.02, real=0.02 secs] 
2016-09-22T22:37:38.666-0400: 20.413: [GC (Allocation Failure) [PSYoungGen: 183259K->37406K(205824K)] 601827K->456501K(730112K), 0.0065375 secs] [Times: user=0.06 sys=0.01, real=0.01 secs] 
2016-09-22T22:37:38.823-0400: 20.569: [GC (GCLocker Initiated GC) [PSYoungGen: 189982K->48486K(198656K)] 609080K->481697K(722944K), 0.0083584 secs] [Times: user=0.07 sys=0.02, real=0.01 secs] 
2016-09-22T22:37:38.973-0400: 20.720: [GC (Allocation Failure) [PSYoungGen: 192870K->45458K(189952K)] 628903K->482103K(714240K), 0.0067144 secs] [Times: user=0.06 sys=0.02, real=0.01 secs] 
2016-09-22T22:37:39.155-0400: 20.901: [GC (GCLocker Initiated GC) [PSYoungGen: 187671K->25268K(202752K)] 629716K->481361K(727040K), 0.0150681 secs] [Times: user=0.19 sys=0.02, real=0.02 secs] 
2016-09-22T22:37:39.332-0400: 21.078: [GC (GCLocker Initiated GC) [PSYoungGen: 167092K->28096K(169984K)] 629968K->491612K(694272K), 0.0101828 secs] [Times: user=0.08 sys=0.01, real=0.01 secs] 
2016-09-22T22:37:39.525-0400: 21.272: [GC (GCLocker Initiated GC) [PSYoungGen: 169920K->22673K(200192K)] 643891K->516151K(724480K), 0.0102102 secs] [Times: user=0.09 sys=0.04, real=0.02 secs] 
2016-09-22T22:37:39.536-0400: 21.282: [Full GC (Ergonomics) [PSYoungGen: 22673K->0K(200192K)] [ParOldGen: 493478K->75710K(524288K)] 516151K->75710K(724480K), [Metaspace: 43155K->43155K(1085440K)], 0.1015773 secs] [Times: user=0.48 sys=0.12, real=0.10 secs] 
2016-09-22T22:37:39.774-0400: 21.520: [GC (GCLocker Initiated GC) [PSYoungGen: 142848K->47411K(199168K)] 218601K->123164K(723456K), 0.0054762 secs] [Times: user=0.07 sys=0.00, real=0.01 secs] 
2016-09-22T22:37:39.917-0400: 21.663: [GC (GCLocker Initiated GC) [PSYoungGen: 190259K->40776K(201216K)] 266046K->121469K(725504K), 0.0121730 secs] [Times: user=0.11 sys=0.00, real=0.01 secs] 
2016-09-22T22:37:40.081-0400: 21.827: [GC (GCLocker Initiated GC) [PSYoungGen: 182088K->42265K(183808K)] 265616K->143268K(708096K), 0.0062524 secs] [Times: user=0.07 sys=0.00, real=0.01 secs] 
2016-09-22T22:37:40.232-0400: 21.978: [GC (GCLocker Initiated GC) [PSYoungGen: 183577K->21926K(201728K)] 294035K->133661K(726016K), 0.0062132 secs] [Times: user=0.03 sys=0.01, real=0.01 secs] 
2016-09-22T22:37:40.358-0400: 22.105: [GC (GCLocker Initiated GC) [PSYoungGen: 162726K->39365K(201216K)] 277254K->155177K(725504K), 0.0061556 secs] [Times: user=0.06 sys=0.00, real=0.00 secs] 
2016-09-22T22:37:40.491-0400: 22.238: [GC (GCLocker Initiated GC) [PSYoungGen: 180165K->38185K(200192K)] 296204K->179746K(724480K), 0.0097149 secs] [Times: user=0.12 sys=0.01, real=0.01 secs] 
2016-09-22T22:37:40.641-0400: 22.388: [GC (GCLocker Initiated GC) [PSYoungGen: 179497K->23346K(200704K)] 330529K->175609K(724992K), 0.0080918 secs] [Times: user=0.12 sys=0.00, real=0.01 secs] 
2016-09-22T22:37:40.774-0400: 22.520: [GC (GCLocker Initiated GC) [PSYoungGen: 164658K->22868K(202240K)] 326388K->185805K(726528K), 0.0059153 secs] [Times: user=0.04 sys=0.01, real=0.01 secs] 
2016-09-22T22:37:40.920-0400: 22.667: [GC (GCLocker Initiated GC) [PSYoungGen: 167252K->18977K(202240K)] 338342K->190991K(726528K), 0.0067217 secs] [Times: user=0.08 sys=0.01, real=0.01 secs] 
2016-09-22T22:37:41.066-0400: 22.813: [GC (GCLocker Initiated GC) [PSYoungGen: 163361K->30139K(199680K)] 335445K->203338K(723968K), 0.0054607 secs] [Times: user=0.08 sys=0.00, real=0.01 secs] 
2016-09-22T22:37:41.203-0400: 22.949: [GC (GCLocker Initiated GC) [PSYoungGen: 177083K->20107K(201728K)] 353009K->197239K(726016K), 0.0106794 secs] [Times: user=0.12 sys=0.00, real=0.01 secs] 
2016-09-22T22:37:41.341-0400: 23.088: [GC (GCLocker Initiated GC) [PSYoungGen: 167051K->21797K(204800K)] 346893K->221555K(729088K), 0.0068029 secs] [Times: user=0.06 sys=0.00, real=0.01 secs] 
2016-09-22T22:37:41.484-0400: 23.231: [GC (GCLocker Initiated GC) [PSYoungGen: 174885K->51672K(204800K)] 374709K->258116K(729088K), 0.0078845 secs] [Times: user=0.10 sys=0.00, real=0.01 secs] 
2016-09-22T22:37:41.627-0400: 23.373: [GC (GCLocker Initiated GC) [PSYoungGen: 204760K->21732K(203776K)] 423580K->244406K(728064K), 0.0053313 secs] [Times: user=0.05 sys=0.00, real=0.01 secs] 
2016-09-22T22:37:42.373-0400: 24.120: [GC (Allocation Failure) [PSYoungGen: 168164K->30884K(177664K)] 390840K->254675K(701952K), 1.7946037 secs] [Times: user=0.06 sys=0.02, real=1.80 secs] 
2016-09-22T22:37:44.311-0400: 26.057: [GC (GCLocker Initiated GC) [PSYoungGen: 176600K->21780K(203264K)] 401740K->247745K(727552K), 0.0051743 secs] [Times: user=0.04 sys=0.00, real=0.01 secs] 
2016-09-22T22:37:44.465-0400: 26.211: [GC (GCLocker Initiated GC) [PSYoungGen: 169748K->16668K(202240K)] 409423K->257562K(726528K), 0.0040387 secs] [Times: user=0.05 sys=0.00, real=0.01 secs] 
2016-09-22T22:37:44.606-0400: 26.353: [GC (GCLocker Initiated GC) [PSYoungGen: 164636K->33886K(207360K)] 408238K->278730K(731648K), 0.0073502 secs] [Times: user=0.04 sys=0.00, real=0.01 secs] 
2016-09-22T22:37:44.753-0400: 26.500: [GC (GCLocker Initiated GC) [PSYoungGen: 186974K->42122K(195584K)] 431830K->288145K(719872K), 0.0108643 secs] [Times: user=0.11 sys=0.00, real=0.01 secs] 
2016-09-22T22:37:44.913-0400: 26.660: [GC (GCLocker Initiated GC) [PSYoungGen: 195210K->35362K(206336K)] 443973K->285307K(730624K), 0.0111695 secs] [Times: user=0.14 sys=0.01, real=0.01 secs] 
2016-09-22T22:37:45.063-0400: 26.809: [GC (GCLocker Initiated GC) [PSYoungGen: 185378K->48572K(198656K)] 435327K->299685K(722944K), 0.0100386 secs] [Times: user=0.15 sys=0.01, real=0.01 secs] 
2016-09-22T22:37:45.218-0400: 26.965: [GC (GCLocker Initiated GC) [PSYoungGen: 198588K->42060K(201216K)] 452469K->296783K(725504K), 0.0058663 secs] [Times: user=0.09 sys=0.00, real=0.00 secs] 
2016-09-22T22:37:45.370-0400: 27.116: [GC (GCLocker Initiated GC) [PSYoungGen: 183372K->35299K(176640K)] 440928K->293943K(700928K), 0.0049145 secs] [Times: user=0.05 sys=0.00, real=0.01 secs] 
2016-09-22T22:37:45.513-0400: 27.259: [GC (GCLocker Initiated GC) [PSYoungGen: 176611K->34078K(203264K)] 440892K->299453K(727552K), 0.0063499 secs] [Times: user=0.07 sys=0.00, real=0.01 secs] 
2016-09-22T22:37:45.654-0400: 27.401: [GC (GCLocker Initiated GC) [PSYoungGen: 178462K->40809K(200704K)] 446554K->310076K(724992K), 0.0051663 secs] [Times: user=0.06 sys=0.00, real=0.01 secs] 
2016-09-22T22:37:45.823-0400: 27.570: [GC (GCLocker Initiated GC) [PSYoungGen: 185193K->23433K(204288K)] 461272K->300622K(728576K), 0.0046035 secs] [Times: user=0.03 sys=0.00, real=0.01 secs] 
2016-09-22T22:37:45.982-0400: 27.729: [GC (GCLocker Initiated GC) [PSYoungGen: 170889K->21804K(203776K)] 450821K->303036K(728064K), 0.0102497 secs] [Times: user=0.13 sys=0.00, real=0.01 secs] 
2016-09-22T22:37:46.143-0400: 27.890: [GC (GCLocker Initiated GC) [PSYoungGen: 169260K->37620K(204800K)] 450573K->319943K(729088K), 0.0059566 secs] [Times: user=0.06 sys=0.01, real=0.01 secs] 
2016-09-22T22:37:46.300-0400: 28.046: [GC (GCLocker Initiated GC) [PSYoungGen: 186612K->33935K(183296K)] 478455K->326660K(707584K), 0.0051049 secs] [Times: user=0.06 sys=0.00, real=0.00 secs] 
2016-09-22T22:37:46.456-0400: 28.203: [GC (GCLocker Initiated GC) [PSYoungGen: 182927K->34083K(205824K)] 475838K->347021K(730112K), 0.0105395 secs] [Times: user=0.14 sys=0.00, real=0.01 secs] 
2016-09-22T22:37:46.649-0400: 28.395: [GC (GCLocker Initiated GC) [PSYoungGen: 186147K->38242K(204288K)] 504499K->357809K(728576K), 0.0149551 secs] [Times: user=0.22 sys=0.00, real=0.01 secs] 
2016-09-22T22:37:46.807-0400: 28.554: [GC (GCLocker Initiated GC) [PSYoungGen: 190306K->23294K(208384K)] 522078K->369918K(732672K), 0.0049003 secs] [Times: user=0.06 sys=0.01, real=0.00 secs] 
2016-09-22T22:37:46.960-0400: 28.707: [GC (GCLocker Initiated GC) [PSYoungGen: 179454K->44962K(201216K)] 526088K->392851K(725504K), 0.0084296 secs] [Times: user=0.10 sys=0.00, real=0.01 secs] 
2016-09-22T22:37:47.125-0400: 28.871: [GC (GCLocker Initiated GC) [PSYoungGen: 201122K->40661K(206336K)] 555790K->396571K(730624K), 0.0056556 secs] [Times: user=0.06 sys=0.00, real=0.01 secs] 
2016-09-22T22:37:47.271-0400: 29.018: [GC (GCLocker Initiated GC) [PSYoungGen: 192213K->48781K(200704K)] 550848K->416619K(724992K), 0.0079111 secs] [Times: user=0.10 sys=0.00, real=0.01 secs] 
2016-09-22T22:37:47.415-0400: 29.162: [GC (GCLocker Initiated GC) [PSYoungGen: 200333K->49034K(198144K)] 571020K->442364K(722432K), 0.0071414 secs] [Times: user=0.08 sys=0.01, real=0.00 secs] 
2016-09-22T22:37:47.549-0400: 29.295: [GC (GCLocker Initiated GC) [PSYoungGen: 188298K->58390K(198144K)] 581654K->453001K(722432K), 0.0087663 secs] [Times: user=0.13 sys=0.00, real=0.01 secs] 
2016-09-22T22:37:47.688-0400: 29.435: [GC (Allocation Failure) [PSYoungGen: 197654K->12565K(188928K)] 608568K->446281K(713216K), 0.0097546 secs] [Times: user=0.12 sys=0.00, real=0.01 secs] 
2016-09-22T22:37:47.817-0400: 29.563: [GC (GCLocker Initiated GC) [PSYoungGen: 135514K->29498K(193536K)] 571930K->467119K(717824K), 0.0046282 secs] [Times: user=0.03 sys=0.01, real=0.00 secs] 
2016-09-22T22:37:47.931-0400: 29.678: [GC (GCLocker Initiated GC) [PSYoungGen: 154426K->40487K(188416K)] 592150K->479056K(712704K), 0.0065480 secs] [Times: user=0.06 sys=0.00, real=0.01 secs] 
2016-09-22T22:37:48.062-0400: 29.809: [GC (GCLocker Initiated GC) [PSYoungGen: 167463K->26841K(192000K)] 611624K->471971K(716288K), 0.0047738 secs] [Times: user=0.04 sys=0.01, real=0.01 secs] 
2016-09-22T22:37:48.170-0400: 29.916: [GC (GCLocker Initiated GC) [PSYoungGen: 153817K->45800K(196096K)] 599174K->492084K(720384K), 0.0088543 secs] [Times: user=0.10 sys=0.01, real=0.01 secs] 
2016-09-22T22:37:48.303-0400: 30.050: [GC (GCLocker Initiated GC) [PSYoungGen: 177896K->31325K(163840K)] 629769K->484088K(688128K), 0.0047387 secs] [Times: user=0.06 sys=0.00, real=0.01 secs] 
2016-09-22T22:37:48.429-0400: 30.175: [GC (GCLocker Initiated GC) [PSYoungGen: 163421K->20263K(196096K)] 621588K->479531K(720384K), 0.0084187 secs] [Times: user=0.10 sys=0.00, real=0.01 secs] 
2016-09-22T22:37:48.551-0400: 30.298: [GC (GCLocker Initiated GC) [PSYoungGen: 153383K->44839K(196096K)] 615592K->508035K(720384K), 0.0059970 secs] [Times: user=0.06 sys=0.00, real=0.01 secs] 
2016-09-22T22:37:48.677-0400: 30.424: [GC (GCLocker Initiated GC) [PSYoungGen: 177959K->32654K(196096K)] 646747K->502625K(720384K), 0.0051939 secs] [Times: user=0.04 sys=0.01, real=0.00 secs] 
2016-09-22T22:37:48.806-0400: 30.553: [GC (GCLocker Initiated GC) [PSYoungGen: 167822K->40743K(197120K)] 643302K->517363K(721408K), 0.0187736 secs] [Times: user=0.23 sys=0.00, real=0.02 secs] 
2016-09-22T22:37:48.963-0400: 30.710: [GC (GCLocker Initiated GC) [PSYoungGen: 175911K->27040K(198144K)] 655372K->507702K(722432K), 0.0045491 secs] [Times: user=0.04 sys=0.00, real=0.01 secs] 
2016-09-22T22:37:49.122-0400: 30.868: [GC (GCLocker Initiated GC) [PSYoungGen: 166304K->22017K(199168K)] 659193K->515936K(723456K), 0.0180193 secs] [Times: user=0.24 sys=0.00, real=0.02 secs] 
2016-09-22T22:37:49.272-0400: 31.018: [GC (GCLocker Initiated GC) [PSYoungGen: 161281K->27654K(199168K)] 655919K->523754K(723456K), 0.0045175 secs] [Times: user=0.06 sys=0.00, real=0.01 secs] 
2016-09-22T22:37:49.414-0400: 31.161: [Full GC (Ergonomics) [PSYoungGen: 169990K->0K(199168K)] [ParOldGen: 512370K->112994K(524288K)] 682360K->112994K(723456K), [Metaspace: 43541K->43541K(1085440K)], 0.0645533 secs] [Times: user=0.49 sys=0.01, real=0.07 secs] 
2016-09-22T22:37:49.625-0400: 31.372: [GC (GCLocker Initiated GC) [PSYoungGen: 142336K->55049K(197632K)] 258096K->170809K(721920K), 0.0045573 secs] [Times: user=0.07 sys=0.00, real=0.01 secs] 
2016-09-22T22:37:49.771-0400: 31.517: [GC (GCLocker Initiated GC) [PSYoungGen: 197385K->25223K(199680K)] 321449K->161926K(723968K), 0.0073501 secs] [Times: user=0.07 sys=0.01, real=0.01 secs] 
2016-09-22T22:37:49.914-0400: 31.660: [GC (GCLocker Initiated GC) [PSYoungGen: 160903K->34319K(170496K)] 297687K->172952K(694784K), 0.0066540 secs] [Times: user=0.06 sys=0.01, real=0.01 secs] 
2016-09-22T22:37:50.053-0400: 31.799: [GC (GCLocker Initiated GC) [PSYoungGen: 169999K->39702K(196096K)] 308802K->190724K(720384K), 0.0094856 secs] [Times: user=0.13 sys=0.00, real=0.01 secs] 
2016-09-22T22:37:50.203-0400: 31.950: [GC (GCLocker Initiated GC) [PSYoungGen: 175894K->25133K(195584K)] 337939K->188649K(719872K), 0.0040266 secs] [Times: user=0.04 sys=0.00, real=0.01 secs] 
2016-09-22T22:37:50.356-0400: 32.103: [GC (GCLocker Initiated GC) [PSYoungGen: 161325K->39969K(201216K)] 331662K->211969K(725504K), 0.0040640 secs] [Times: user=0.04 sys=0.00, real=0.00 secs] 
2016-09-22T22:37:50.496-0400: 32.242: [GC (GCLocker Initiated GC) [PSYoungGen: 182817K->36890K(201216K)] 354821K->226799K(725504K), 0.0217202 secs] [Times: user=0.32 sys=0.00, real=0.02 secs] 
2016-09-22T22:37:50.661-0400: 32.408: [GC (GCLocker Initiated GC) [PSYoungGen: 179738K->41100K(201728K)] 369795K->232483K(726016K), 0.0048175 secs] [Times: user=0.06 sys=0.01, real=0.00 secs] 
2016-09-22T22:37:50.810-0400: 32.557: [GC (GCLocker Initiated GC) [PSYoungGen: 185996K->23622K(202240K)] 392380K->231444K(726528K), 0.0087257 secs] [Times: user=0.12 sys=0.00, real=0.01 secs] 
2016-09-22T22:37:50.965-0400: 32.712: [GC (GCLocker Initiated GC) [PSYoungGen: 168518K->28607K(202752K)] 379070K->240670K(727040K), 0.0069841 secs] [Times: user=0.06 sys=0.00, real=0.01 secs] 
2016-09-22T22:37:51.115-0400: 32.862: [GC (GCLocker Initiated GC) [PSYoungGen: 176575K->36975K(203776K)] 388648K->250271K(728064K), 0.0090871 secs] [Times: user=0.10 sys=0.00, real=0.00 secs] 
2016-09-22T22:37:51.277-0400: 33.024: [GC (GCLocker Initiated GC) [PSYoungGen: 184943K->31726K(203264K)] 405021K->253319K(727552K), 0.0108014 secs] [Times: user=0.11 sys=0.01, real=0.01 secs] 
2016-09-22T22:37:51.428-0400: 33.174: [GC (GCLocker Initiated GC) [PSYoungGen: 183278K->30326K(204800K)] 409003K->279181K(729088K), 0.0084024 secs] [Times: user=0.11 sys=0.00, real=0.01 secs] 
2016-09-22T22:37:51.578-0400: 33.324: [GC (GCLocker Initiated GC) [PSYoungGen: 181878K->49139K(202240K)] 430743K->302160K(726528K), 0.0066377 secs] [Times: user=0.08 sys=0.00, real=0.00 secs] 
2016-09-22T22:37:51.727-0400: 33.474: [GC (GCLocker Initiated GC) [PSYoungGen: 199667K->54471K(205312K)] 452885K->309177K(729600K), 0.0091236 secs] [Times: user=0.14 sys=0.00, real=0.01 secs] 
2016-09-22T22:37:51.890-0400: 33.637: [GC (GCLocker Initiated GC) [PSYoungGen: 204999K->30218K(199168K)] 459709K->297069K(723456K), 0.0177544 secs] [Times: user=0.25 sys=0.00, real=0.02 secs] 
2016-09-22T22:37:52.031-0400: 33.778: [GC (GCLocker Initiated GC) [PSYoungGen: 172554K->38132K(202240K)] 439418K->306376K(726528K), 0.0138670 secs] [Times: user=0.13 sys=0.00, real=0.01 secs] 
2016-09-22T22:37:52.188-0400: 33.935: [GC (GCLocker Initiated GC) [PSYoungGen: 180468K->31611K(199168K)] 448724K->301245K(723456K), 0.0307204 secs] [Times: user=0.36 sys=0.01, real=0.03 secs] 
2016-09-22T22:37:52.365-0400: 34.111: [GC (GCLocker Initiated GC) [PSYoungGen: 175995K->36923K(201216K)] 448366K->310813K(725504K), 0.0057695 secs] [Times: user=0.04 sys=0.00, real=0.01 secs] 
2016-09-22T22:37:52.519-0400: 34.266: [GC (GCLocker Initiated GC) [PSYoungGen: 181307K->27553K(203776K)] 460663K->330028K(728064K), 0.0118094 secs] [Times: user=0.11 sys=0.01, real=0.01 secs] 
2016-09-22T22:37:52.685-0400: 34.431: [GC (GCLocker Initiated GC) [PSYoungGen: 177569K->24998K(204800K)] 490874K->339861K(729088K), 0.0044877 secs] [Times: user=0.03 sys=0.00, real=0.01 secs] 
2016-09-22T22:37:52.836-0400: 34.583: [GC (GCLocker Initiated GC) [PSYoungGen: 175014K->34017K(202752K)] 489885K->350424K(727040K), 0.0101305 secs] [Times: user=0.08 sys=0.00, real=0.00 secs] 
2016-09-22T22:37:53.015-0400: 34.761: [GC (GCLocker Initiated GC) [PSYoungGen: 187105K->28967K(205312K)] 507966K->351245K(729600K), 0.0056098 secs] [Times: user=0.06 sys=0.00, real=0.00 secs] 
2016-09-22T22:37:53.159-0400: 34.906: [GC (GCLocker Initiated GC) [PSYoungGen: 182055K->30340K(206336K)] 512668K->378784K(730624K), 0.0101205 secs] [Times: user=0.11 sys=0.00, real=0.01 secs] 
2016-09-22T22:37:53.337-0400: 35.084: [GC (GCLocker Initiated GC) [PSYoungGen: 188548K->25086K(208384K)] 545121K->383184K(732672K), 0.0044600 secs] [Times: user=0.05 sys=0.00, real=0.00 secs] 
2016-09-22T22:37:53.494-0400: 35.241: [GC (GCLocker Initiated GC) [PSYoungGen: 183294K->34446K(209920K)] 541408K->394199K(734208K), 0.0067471 secs] [Times: user=0.08 sys=0.00, real=0.01 secs] 
2016-09-22T22:37:53.653-0400: 35.399: [GC (GCLocker Initiated GC) [PSYoungGen: 196238K->41171K(210944K)] 561443K->407998K(735232K), 0.0052944 secs] [Times: user=0.07 sys=0.00, real=0.01 secs] 
2016-09-22T22:37:53.829-0400: 35.576: [GC (GCLocker Initiated GC) [PSYoungGen: 202963K->38340K(211456K)] 569824K->406576K(735744K), 0.0057021 secs] [Times: user=0.05 sys=0.00, real=0.01 secs] 
2016-09-22T22:37:53.991-0400: 35.737: [GC (GCLocker Initiated GC) [PSYoungGen: 199108K->42552K(203776K)] 570066K->439276K(728064K), 0.0076029 secs] [Times: user=0.11 sys=0.00, real=0.01 secs] 
2016-09-22T22:37:54.165-0400: 35.911: [GC (GCLocker Initiated GC) [PSYoungGen: 203320K->22339K(208896K)] 610271K->433467K(733184K), 0.0063455 secs] [Times: user=0.05 sys=0.00, real=0.01 secs] 
2016-09-22T22:37:54.319-0400: 36.066: [GC (GCLocker Initiated GC) [PSYoungGen: 179011K->47872K(204800K)] 590235K->460783K(729088K), 0.0061984 secs] [Times: user=0.07 sys=0.00, real=0.00 secs] 
2016-09-22T22:37:54.470-0400: 36.216: [GC (GCLocker Initiated GC) [PSYoungGen: 204544K->31514K(207360K)] 617488K->451241K(731648K), 0.0059179 secs] [Times: user=0.04 sys=0.00, real=0.01 secs] 
2016-09-22T22:37:54.613-0400: 36.360: [GC (GCLocker Initiated GC) [PSYoungGen: 183066K->47560K(199168K)] 602803K->468815K(723456K), 0.0068116 secs] [Times: user=0.07 sys=0.00, real=0.01 secs] 
2016-09-22T22:37:54.763-0400: 36.509: [GC (GCLocker Initiated GC) [PSYoungGen: 199112K->40681K(205312K)] 620530K->463368K(729600K), 0.0208577 secs] [Times: user=0.18 sys=0.01, real=0.02 secs] 
2016-09-22T22:37:54.940-0400: 36.687: [GC (GCLocker Initiated GC) [PSYoungGen: 188649K->14105K(162304K)] 614357K->454548K(686592K), 0.0056423 secs] [Times: user=0.05 sys=0.00, real=0.00 secs] 
2016-09-22T22:37:55.093-0400: 36.839: [GC (GCLocker Initiated GC) [PSYoungGen: 162073K->25973K(204288K)] 606122K->471673K(728576K), 0.0069217 secs] [Times: user=0.05 sys=0.00, real=0.01 secs] 
2016-09-22T22:37:55.239-0400: 36.986: [GC (GCLocker Initiated GC) [PSYoungGen: 171381K->42618K(203264K)] 617086K->489772K(727552K), 0.0057145 secs] [Times: user=0.06 sys=0.00, real=0.00 secs] 
2016-09-22T22:37:55.387-0400: 37.134: [GC (GCLocker Initiated GC) [PSYoungGen: 188026K->35663K(201216K)] 637882K->487045K(725504K), 0.0068183 secs] [Times: user=0.06 sys=0.01, real=0.00 secs] 
2016-09-22T22:37:55.546-0400: 37.292: [GC (GCLocker Initiated GC) [PSYoungGen: 181071K->33127K(202240K)] 643371K->497068K(726528K), 0.0055471 secs] [Times: user=0.06 sys=0.01, real=0.01 secs] 
2016-09-22T22:37:55.702-0400: 37.449: [GC (GCLocker Initiated GC) [PSYoungGen: 178535K->30418K(203264K)] 650735K->504079K(727552K), 0.0066083 secs] [Times: user=0.05 sys=0.00, real=0.01 secs] 
2016-09-22T22:37:55.863-0400: 37.610: [GC (GCLocker Initiated GC) [PSYoungGen: 180946K->52089K(203776K)] 654661K->527345K(728064K), 0.0056834 secs] [Times: user=0.08 sys=0.00, real=0.01 secs] 
2016-09-22T22:37:56.028-0400: 37.774: [GC (GCLocker Initiated GC) [PSYoungGen: 202617K->27790K(204800K)] 683503K->526567K(729088K), 0.0065619 secs] [Times: user=0.07 sys=0.01, real=0.00 secs] 
2016-09-22T22:37:56.180-0400: 37.927: [GC (GCLocker Initiated GC) [PSYoungGen: 174222K->48198K(195072K)] 673062K->548755K(719360K), 0.0133375 secs] [Times: user=0.17 sys=0.00, real=0.01 secs] 
2016-09-22T22:37:56.352-0400: 38.098: [GC (GCLocker Initiated GC) [PSYoungGen: 194630K->33049K(203776K)] 695205K->543309K(728064K), 0.0082521 secs] [Times: user=0.11 sys=0.00, real=0.01 secs] 
2016-09-22T22:37:56.360-0400: 38.107: [Full GC (Ergonomics) [PSYoungGen: 33049K->0K(203776K)] [ParOldGen: 510259K->168301K(524288K)] 543309K->168301K(728064K), [Metaspace: 43574K->43574K(1085440K)], 0.0543830 secs] [Times: user=0.39 sys=0.01, real=0.05 secs] 
2016-09-22T22:37:56.556-0400: 38.303: [GC (GCLocker Initiated GC) [PSYoungGen: 143872K->35931K(180224K)] 317755K->209814K(704512K), 0.0128326 secs] [Times: user=0.16 sys=0.00, real=0.01 secs] 
2016-09-22T22:37:56.717-0400: 38.463: [GC (GCLocker Initiated GC) [PSYoungGen: 179803K->44924K(198144K)] 356604K->223482K(722432K), 0.0051131 secs] [Times: user=0.04 sys=0.00, real=0.00 secs] 
2016-09-22T22:37:56.859-0400: 38.606: [GC (GCLocker Initiated GC) [PSYoungGen: 187260K->37028K(199680K)] 368647K->219675K(723968K), 0.0046979 secs] [Times: user=0.06 sys=0.00, real=0.00 secs] 
2016-09-22T22:37:57.009-0400: 38.756: [GC (GCLocker Initiated GC) [PSYoungGen: 179364K->31619K(203264K)] 368765K->222451K(727552K), 0.0052651 secs] [Times: user=0.06 sys=0.01, real=0.01 secs] 
2016-09-22T22:37:57.158-0400: 38.905: [GC (GCLocker Initiated GC) [PSYoungGen: 181123K->50670K(203776K)] 371964K->243014K(728064K), 0.0058756 secs] [Times: user=0.05 sys=0.00, real=0.00 secs] 
2016-09-22T22:37:57.319-0400: 39.066: [GC (GCLocker Initiated GC) [PSYoungGen: 200174K->45440K(202240K)] 397951K->244767K(726528K), 0.0051010 secs] [Times: user=0.07 sys=0.00, real=0.00 secs] 
2016-09-22T22:37:57.459-0400: 39.205: [GC (GCLocker Initiated GC) [PSYoungGen: 189824K->19265K(163840K)] 393230K->240517K(688128K), 0.0118991 secs] [Times: user=0.15 sys=0.01, real=0.01 secs] 
2016-09-22T22:37:57.608-0400: 39.355: [GC (GCLocker Initiated GC) [PSYoungGen: 163649K->47666K(198144K)] 388981K->274193K(722432K), 0.0051308 secs] [Times: user=0.07 sys=0.00, real=0.00 secs] 
2016-09-22T22:37:57.747-0400: 39.494: [GC (GCLocker Initiated GC) [PSYoungGen: 185906K->31518K(200192K)] 417851K->289049K(724480K), 0.0054504 secs] [Times: user=0.07 sys=0.00, real=0.00 secs] 
2016-09-22T22:37:57.879-0400: 39.626: [GC (GCLocker Initiated GC) [PSYoungGen: 169758K->50350K(196608K)] 428439K->310377K(720896K), 0.0058730 secs] [Times: user=0.06 sys=0.00, real=0.00 secs] 
2016-09-22T22:37:58.013-0400: 39.760: [GC (GCLocker Initiated GC) [PSYoungGen: 186542K->21841K(158208K)] 449293K->299322K(682496K), 0.0056385 secs] [Times: user=0.05 sys=0.00, real=0.01 secs] 
2016-09-22T22:37:58.139-0400: 39.886: [GC (GCLocker Initiated GC) [PSYoungGen: 158033K->27248K(199680K)] 443643K->332957K(723968K), 0.0060093 secs] [Times: user=0.08 sys=0.00, real=0.00 secs] 
2016-09-22T22:37:58.262-0400: 40.009: [GC (GCLocker Initiated GC) [PSYoungGen: 163440K->33938K(170496K)] 473388K->369274K(694784K), 0.0074763 secs] [Times: user=0.09 sys=0.00, real=0.01 secs] 
2016-09-22T22:37:58.398-0400: 40.145: [GC (GCLocker Initiated GC) [PSYoungGen: 170130K->41845K(196096K)] 508236K->391797K(720384K), 0.0130183 secs] [Times: user=0.19 sys=0.00, real=0.01 secs] 
2016-09-22T22:37:58.528-0400: 40.274: [GC (GCLocker Initiated GC) [PSYoungGen: 178037K->37883K(196096K)] 530788K->413099K(720384K), 0.0059518 secs] [Times: user=0.08 sys=0.00, real=0.00 secs] 
2016-09-22T22:37:58.657-0400: 40.403: [GC (GCLocker Initiated GC) [PSYoungGen: 174075K->36731K(199680K)] 554695K->418338K(723968K), 0.0150252 secs] [Times: user=0.21 sys=0.01, real=0.01 secs] 
2016-09-22T22:37:58.807-0400: 40.554: [GC (Allocation Failure) [PSYoungGen: 180603K->23316K(200192K)] 577126K->420994K(724480K), 0.0097167 secs] [Times: user=0.15 sys=0.00, real=0.01 secs] 
2016-09-22T22:37:58.952-0400: 40.699: [GC (Allocation Failure) [PSYoungGen: 166669K->19387K(204800K)] 564346K->418282K(729088K), 0.0099745 secs] [Times: user=0.14 sys=0.00, real=0.01 secs] 
2016-09-22T22:37:59.080-0400: 40.827: [GC (Allocation Failure) [PSYoungGen: 165394K->36375K(185344K)] 564289K->436515K(709632K), 0.0065299 secs] [Times: user=0.06 sys=0.00, real=0.01 secs] 
2016-09-22T22:37:59.222-0400: 40.969: [GC (GCLocker Initiated GC) [PSYoungGen: 184669K->39470K(204800K)] 587510K->443260K(729088K), 0.0060421 secs] [Times: user=0.06 sys=0.00, real=0.01 secs] 
2016-09-22T22:37:59.371-0400: 41.117: [GC (GCLocker Initiated GC) [PSYoungGen: 188462K->32575K(181760K)] 597661K->443037K(706048K), 0.0051314 secs] [Times: user=0.05 sys=0.01, real=0.01 secs] 
2016-09-22T22:37:59.511-0400: 41.257: [GC (GCLocker Initiated GC) [PSYoungGen: 181567K->28871K(205312K)] 604246K->452571K(729600K), 0.0094070 secs] [Times: user=0.12 sys=0.00, real=0.01 secs] 
2016-09-22T22:37:59.664-0400: 41.411: [GC (GCLocker Initiated GC) [PSYoungGen: 180423K->49093K(204288K)] 604367K->474355K(728576K), 0.0118817 secs] [Times: user=0.15 sys=0.00, real=0.02 secs] 
2016-09-22T22:37:59.823-0400: 41.569: [GC (GCLocker Initiated GC) [PSYoungGen: 200645K->33122K(207360K)] 628673K->462441K(731648K), 0.0101320 secs] [Times: user=0.11 sys=0.00, real=0.01 secs] 
2016-09-22T22:37:59.980-0400: 41.726: [GC (GCLocker Initiated GC) [PSYoungGen: 183650K->27733K(178688K)] 618437K->485848K(702976K), 0.0103205 secs] [Times: user=0.14 sys=0.00, real=0.01 secs] 
2016-09-22T22:38:00.136-0400: 41.883: [GC (GCLocker Initiated GC) [PSYoungGen: 178261K->24570K(205312K)] 637773K->485637K(729600K), 0.0196376 secs] [Times: user=0.24 sys=0.01, real=0.02 secs] 
2016-09-22T22:38:00.309-0400: 42.055: [GC (GCLocker Initiated GC) [PSYoungGen: 175610K->31670K(204800K)] 642775K->500275K(729088K), 0.0050105 secs] [Times: user=0.06 sys=0.00, real=0.00 secs] 
2016-09-22T22:38:00.456-0400: 42.203: [GC (GCLocker Initiated GC) [PSYoungGen: 182710K->51992K(199680K)] 651322K->540860K(723968K), 0.0071041 secs] [Times: user=0.09 sys=0.01, real=0.00 secs] 
2016-09-22T22:38:00.619-0400: 42.365: [Full GC (Ergonomics) [PSYoungGen: 199448K->0K(199680K)] [ParOldGen: 499728K->212525K(524288K)] 699176K->212525K(723968K), [Metaspace: 43593K->43593K(1085440K)], 0.0676859 secs] [Times: user=0.51 sys=0.01, real=0.06 secs] 
2016-09-22T22:38:00.840-0400: 42.587: [GC (GCLocker Initiated GC) [PSYoungGen: 147456K->50105K(197632K)] 360012K->262662K(721920K), 0.0117086 secs] [Times: user=0.16 sys=0.00, real=0.01 secs] 
2016-09-22T22:38:01.000-0400: 42.746: [GC (GCLocker Initiated GC) [PSYoungGen: 197561K->38631K(203264K)] 412999K->259225K(727552K), 0.0083655 secs] [Times: user=0.08 sys=0.00, real=0.01 secs] 
2016-09-22T22:38:01.169-0400: 42.915: [GC (GCLocker Initiated GC) [PSYoungGen: 181479K->33557K(176640K)] 410302K->272309K(700928K), 0.0113426 secs] [Times: user=0.17 sys=0.00, real=0.01 secs] 
2016-09-22T22:38:01.335-0400: 43.081: [GC (GCLocker Initiated GC) [PSYoungGen: 176405K->38455K(201728K)] 418310K->282251K(726016K), 0.0048302 secs] [Times: user=0.03 sys=0.00, real=0.00 secs] 
2016-09-22T22:38:06.858-0400: 48.605: [GC (GCLocker Initiated GC) [PSYoungGen: 182839K->38680K(200192K)] 432136K->289502K(724480K), 0.0194357 secs] [Times: user=0.21 sys=0.01, real=0.02 secs] 
2016-09-22T22:38:07.056-0400: 48.803: [GC (GCLocker Initiated GC) [PSYoungGen: 183064K->22756K(203264K)] 446258K->287700K(727552K), 0.0059248 secs] [Times: user=0.04 sys=0.00, real=0.00 secs] 
2016-09-22T22:38:07.237-0400: 48.984: [GC (GCLocker Initiated GC) [PSYoungGen: 171236K->32138K(203776K)] 445661K->308541K(728064K), 0.0103538 secs] [Times: user=0.09 sys=0.00, real=0.01 secs] 
2016-09-22T22:38:07.452-0400: 49.198: [GC (GCLocker Initiated GC) [PSYoungGen: 180618K->46022K(203776K)] 465214K->332680K(728064K), 0.0058888 secs] [Times: user=0.07 sys=0.01, real=0.01 secs] 
2016-09-22T22:38:07.662-0400: 49.408: [GC (GCLocker Initiated GC) [PSYoungGen: 195526K->22977K(205824K)] 494561K->345889K(730112K), 0.0099113 secs] [Times: user=0.09 sys=0.02, real=0.01 secs] 
2016-09-22T22:38:07.873-0400: 49.620: [GC (GCLocker Initiated GC) [PSYoungGen: 172481K->26998K(204800K)] 502172K->359000K(729088K), 0.0060082 secs] [Times: user=0.05 sys=0.00, real=0.01 secs] 
2016-09-22T22:38:08.073-0400: 49.820: [GC (GCLocker Initiated GC) [PSYoungGen: 176502K->23136K(205312K)] 520813K->380529K(729600K), 0.0069323 secs] [Times: user=0.05 sys=0.00, real=0.01 secs] 
2016-09-22T22:38:08.277-0400: 50.024: [GC (GCLocker Initiated GC) [PSYoungGen: 172640K->36407K(204288K)] 530066K->396367K(728576K), 0.0079584 secs] [Times: user=0.06 sys=0.01, real=0.00 secs] 
2016-09-22T22:38:08.454-0400: 50.200: [GC (GCLocker Initiated GC) [PSYoungGen: 187447K->44095K(205312K)] 547593K->414759K(729600K), 0.0081833 secs] [Times: user=0.05 sys=0.01, real=0.01 secs] 
2016-09-22T22:38:08.634-0400: 50.381: [GC (GCLocker Initiated GC) [PSYoungGen: 195135K->30378K(206336K)] 572667K->409603K(730624K), 0.0199751 secs] [Times: user=0.19 sys=0.01, real=0.02 secs] 
2016-09-22T22:38:08.837-0400: 50.583: [GC (GCLocker Initiated GC) [PSYoungGen: 181418K->22499K(205824K)] 575609K->429214K(730112K), 0.0203134 secs] [Times: user=0.21 sys=0.00, real=0.02 secs] 
2016-09-22T22:38:09.045-0400: 50.792: [GC (GCLocker Initiated GC) [PSYoungGen: 173539K->25146K(205824K)] 590087K->443591K(730112K), 0.0239633 secs] [Times: user=0.22 sys=0.00, real=0.03 secs] 
2016-09-22T22:38:09.252-0400: 50.999: [GC (GCLocker Initiated GC) [PSYoungGen: 177722K->26471K(206336K)] 609751K->460319K(730624K), 0.0279548 secs] [Times: user=0.27 sys=0.01, real=0.03 secs] 
2016-09-22T22:38:09.454-0400: 51.200: [GC (Allocation Failure) [PSYoungGen: 179047K->37178K(207872K)] 614304K->474318K(732160K), 0.0105255 secs] [Times: user=0.08 sys=0.00, real=0.01 secs] 
2016-09-22T22:38:09.626-0400: 51.372: [GC (GCLocker Initiated GC) [PSYoungGen: 192314K->19316K(207872K)] 630804K->462177K(732160K), 0.0131480 secs] [Times: user=0.13 sys=0.00, real=0.02 secs] 
2016-09-22T22:38:09.819-0400: 51.565: [GC (GCLocker Initiated GC) [PSYoungGen: 174452K->33996K(207360K)] 617354K->478399K(731648K), 0.0187664 secs] [Times: user=0.22 sys=0.00, real=0.02 secs] 
2016-09-22T22:38:09.998-0400: 51.744: [GC (GCLocker Initiated GC) [PSYoungGen: 190668K->34609K(208384K)] 637777K->485742K(732672K), 0.0096315 secs] [Times: user=0.10 sys=0.00, real=0.01 secs] 
2016-09-22T22:38:10.189-0400: 51.935: [GC (GCLocker Initiated GC) [PSYoungGen: 191281K->34549K(207872K)] 647847K->492924K(732160K), 0.0146232 secs] [Times: user=0.14 sys=0.00, real=0.01 secs] 
2016-09-22T22:38:10.373-0400: 52.120: [GC (GCLocker Initiated GC) [PSYoungGen: 193781K->23794K(209408K)] 657604K->513795K(733696K), 0.0068711 secs] [Times: user=0.06 sys=0.00, real=0.01 secs] 
2016-09-22T22:38:10.561-0400: 52.307: [GC (GCLocker Initiated GC) [PSYoungGen: 183026K->35745K(211456K)] 678463K->532928K(735744K), 0.0298980 secs] [Times: user=0.31 sys=0.00, real=0.03 secs] 
2016-09-22T22:38:10.778-0400: 52.524: [GC (GCLocker Initiated GC) [PSYoungGen: 198049K->34857K(211968K)] 697941K->536480K(736256K), 0.0181602 secs] [Times: user=0.19 sys=0.01, real=0.02 secs] 
2016-09-22T22:38:10.971-0400: 52.718: [GC (GCLocker Initiated GC) [PSYoungGen: 197161K->35547K(211456K)] 698835K->539186K(735744K), 0.0099138 secs] [Times: user=0.07 sys=0.00, real=0.01 secs] 
2016-09-22T22:38:10.981-0400: 52.728: [Full GC (Ergonomics) [PSYoungGen: 35547K->0K(211456K)] [ParOldGen: 503638K->126005K(524288K)] 539186K->126005K(735744K), [Metaspace: 43604K->43604K(1085440K)], 0.0750290 secs] [Times: user=0.42 sys=0.01, real=0.08 secs] 
2016-09-22T22:38:11.232-0400: 52.978: [GC (GCLocker Initiated GC) [PSYoungGen: 163328K->37549K(211968K)] 289338K->163559K(736256K), 0.0122157 secs] [Times: user=0.16 sys=0.00, real=0.01 secs] 
2016-09-22T22:38:11.424-0400: 53.170: [GC (GCLocker Initiated GC) [PSYoungGen: 200877K->31765K(210944K)] 327213K->159998K(735232K), 0.0095948 secs] [Times: user=0.08 sys=0.00, real=0.01 secs] 
2016-09-22T22:38:11.600-0400: 53.346: [GC (GCLocker Initiated GC) [PSYoungGen: 196117K->35773K(211968K)] 329989K->182150K(736256K), 0.0118854 secs] [Times: user=0.13 sys=0.00, real=0.01 secs] 
2016-09-22T22:38:11.795-0400: 53.542: [GC (GCLocker Initiated GC) [PSYoungGen: 200125K->41147K(211456K)] 349209K->191822K(735744K), 0.0081688 secs] [Times: user=0.10 sys=0.00, real=0.00 secs] 
2016-09-22T22:38:11.980-0400: 53.727: [GC (GCLocker Initiated GC) [PSYoungGen: 204987K->26055K(212992K)] 355696K->178241K(737280K), 0.0050710 secs] [Times: user=0.03 sys=0.00, real=0.00 secs] 
2016-09-22T22:38:12.158-0400: 53.905: [GC (GCLocker Initiated GC) [PSYoungGen: 189895K->32763K(209408K)] 344801K->197293K(733696K), 0.0061501 secs] [Times: user=0.05 sys=0.00, real=0.00 secs] 
2016-09-22T22:38:12.353-0400: 54.099: [GC (GCLocker Initiated GC) [PSYoungGen: 197115K->21280K(211456K)] 375178K->200696K(735744K), 0.0053032 secs] [Times: user=0.05 sys=0.00, real=0.01 secs] 
2016-09-22T22:38:12.556-0400: 54.303: [GC (GCLocker Initiated GC) [PSYoungGen: 185632K->31827K(211968K)] 365050K->213067K(736256K), 0.0057167 secs] [Times: user=0.06 sys=0.00, real=0.00 secs] 
2016-09-22T22:38:12.736-0400: 54.482: [GC (GCLocker Initiated GC) [PSYoungGen: 198739K->23924K(212992K)] 391214K->218110K(737280K), 0.0046711 secs] [Times: user=0.04 sys=0.00, real=0.00 secs] 
2016-09-22T22:38:12.979-0400: 54.725: [GC (GCLocker Initiated GC) [PSYoungGen: 190836K->34760K(216064K)] 390512K->236209K(740352K), 0.0103327 secs] [Times: user=0.10 sys=0.01, real=0.01 secs] 
2016-09-22T22:38:13.189-0400: 54.935: [GC (GCLocker Initiated GC) [PSYoungGen: 204744K->26406K(196608K)] 414515K->237963K(720896K), 0.0091321 secs] [Times: user=0.07 sys=0.00, real=0.01 secs] 
2016-09-22T22:38:13.381-0400: 55.128: [GC (GCLocker Initiated GC) [PSYoungGen: 196390K->35801K(215040K)] 408185K->249325K(739328K), 0.0065107 secs] [Times: user=0.04 sys=0.00, real=0.01 secs] 
2016-09-22T22:38:13.585-0400: 55.331: [GC (GCLocker Initiated GC) [PSYoungGen: 205273K->30661K(200192K)] 421639K->248750K(724480K), 0.0062793 secs] [Times: user=0.03 sys=0.01, real=0.01 secs] 
2016-09-22T22:38:13.777-0400: 55.524: [GC (GCLocker Initiated GC) [PSYoungGen: 200133K->21049K(214528K)] 425107K->247814K(738816K), 0.0053843 secs] [Times: user=0.03 sys=0.00, real=0.00 secs] 
2016-09-22T22:38:13.964-0400: 55.710: [GC (GCLocker Initiated GC) [PSYoungGen: 191033K->26091K(215040K)] 417973K->254821K(739328K), 0.0058508 secs] [Times: user=0.04 sys=0.00, real=0.01 secs] 
2016-09-22T22:38:14.142-0400: 55.888: [GC (GCLocker Initiated GC) [PSYoungGen: 196075K->23418K(216064K)] 427547K->259030K(740352K), 0.0061003 secs] [Times: user=0.04 sys=0.01, real=0.01 secs] 
2016-09-22T22:38:14.348-0400: 56.095: [GC (GCLocker Initiated GC) [PSYoungGen: 195962K->33295K(216576K)] 434385K->273224K(740864K), 0.0058985 secs] [Times: user=0.04 sys=0.00, real=0.00 secs] 
2016-09-22T22:38:14.548-0400: 56.295: [GC (GCLocker Initiated GC) [PSYoungGen: 205839K->15658K(216064K)] 453956K->265452K(740352K), 0.0044796 secs] [Times: user=0.05 sys=0.00, real=0.00 secs] 
2016-09-22T22:38:14.724-0400: 56.470: [GC (GCLocker Initiated GC) [PSYoungGen: 187690K->34392K(206848K)] 440188K->288495K(731136K), 0.0074674 secs] [Times: user=0.06 sys=0.00, real=0.01 secs] 
2016-09-22T22:38:14.919-0400: 56.666: [GC (GCLocker Initiated GC) [PSYoungGen: 206424K->28933K(218112K)] 467510K->291491K(742400K), 0.0061989 secs] [Times: user=0.05 sys=0.01, real=0.00 secs] 
2016-09-22T22:38:15.123-0400: 56.870: [GC (GCLocker Initiated GC) [PSYoungGen: 201477K->24696K(197632K)] 470342K->295118K(721920K), 0.0087925 secs] [Times: user=0.09 sys=0.00, real=0.01 secs] 
2016-09-22T22:38:15.316-0400: 57.063: [GC (GCLocker Initiated GC) [PSYoungGen: 197240K->28907K(216576K)] 473090K->306216K(740864K), 0.0082041 secs] [Times: user=0.06 sys=0.00, real=0.00 secs] 
2016-09-22T22:38:15.521-0400: 57.268: [GC (GCLocker Initiated GC) [PSYoungGen: 202475K->18099K(215552K)] 486715K->309326K(739840K), 0.0073255 secs] [Times: user=0.06 sys=0.00, real=0.01 secs] 
2016-09-22T22:38:15.717-0400: 57.463: [GC (GCLocker Initiated GC) [PSYoungGen: 191667K->33158K(218624K)] 485627K->339577K(742912K), 0.0064933 secs] [Times: user=0.06 sys=0.01, real=0.00 secs] 
2016-09-22T22:38:15.917-0400: 57.664: [GC (GCLocker Initiated GC) [PSYoungGen: 209286K->27939K(204288K)] 515720K->338765K(728576K), 0.0153991 secs] [Times: user=0.14 sys=0.01, real=0.01 secs] 
2016-09-22T22:38:16.111-0400: 57.858: [GC (GCLocker Initiated GC) [PSYoungGen: 204067K->39904K(214528K)] 515045K->379683K(738816K), 0.0105668 secs] [Times: user=0.14 sys=0.01, real=0.01 secs] 
2016-09-22T22:38:16.309-0400: 58.055: [GC (GCLocker Initiated GC) [PSYoungGen: 212960K->42821K(216064K)] 555461K->386890K(740352K), 0.0065284 secs] [Times: user=0.08 sys=0.00, real=0.01 secs] 
2016-09-22T22:38:16.509-0400: 58.256: [GC (GCLocker Initiated GC) [PSYoungGen: 215877K->30685K(215040K)] 565543K->382200K(739328K), 0.0056755 secs] [Times: user=0.06 sys=0.01, real=0.01 secs] 
2016-09-22T22:38:16.715-0400: 58.461: [GC (GCLocker Initiated GC) [PSYoungGen: 199645K->15468K(184832K)] 558188K->375899K(709120K), 0.0089696 secs] [Times: user=0.06 sys=0.01, real=0.00 secs] 
2016-09-22T22:38:16.906-0400: 58.652: [GC (GCLocker Initiated GC) [PSYoungGen: 184428K->44016K(207360K)] 544985K->406294K(731648K), 0.0096052 secs] [Times: user=0.10 sys=0.01, real=0.02 secs] 
2016-09-22T22:38:17.090-0400: 58.837: [GC (GCLocker Initiated GC) [PSYoungGen: 203760K->27669K(210944K)] 568790K->394464K(735232K), 0.0170705 secs] [Times: user=0.16 sys=0.02, real=0.02 secs] 
2016-09-22T22:38:17.279-0400: 59.025: [GC (GCLocker Initiated GC) [PSYoungGen: 187413K->27818K(206336K)] 556916K->398892K(730624K), 0.0247701 secs] [Times: user=0.20 sys=0.02, real=0.02 secs] 
2016-09-22T22:38:17.513-0400: 59.260: [GC (GCLocker Initiated GC) [PSYoungGen: 189098K->41416K(209408K)] 562946K->417040K(733696K), 0.0176043 secs] [Times: user=0.20 sys=0.01, real=0.02 secs] 
2016-09-22T22:38:17.704-0400: 59.451: [GC (GCLocker Initiated GC) [PSYoungGen: 202696K->30398K(211968K)] 578479K->413455K(736256K), 0.0087102 secs] [Times: user=0.05 sys=0.00, real=0.01 secs] 
2016-09-22T22:38:17.920-0400: 59.666: [GC (GCLocker Initiated GC) [PSYoungGen: 193214K->21074K(211456K)] 579078K->422222K(735744K), 0.0087154 secs] [Times: user=0.06 sys=0.01, real=0.01 secs] 
2016-09-22T22:38:18.128-0400: 59.875: [GC (GCLocker Initiated GC) [PSYoungGen: 183890K->37017K(211456K)] 585072K->442793K(735744K), 0.0093593 secs] [Times: user=0.08 sys=0.00, real=0.01 secs] 
2016-09-22T22:38:18.325-0400: 60.071: [GC (GCLocker Initiated GC) [PSYoungGen: 199833K->35987K(212480K)] 608539K->446346K(736768K), 0.0078257 secs] [Times: user=0.06 sys=0.00, real=0.01 secs] 
2016-09-22T22:38:18.524-0400: 60.271: [GC (GCLocker Initiated GC) [PSYoungGen: 198803K->22886K(211456K)] 618805K->444925K(735744K), 0.0122217 secs] [Times: user=0.12 sys=0.00, real=0.02 secs] 
2016-09-22T22:38:18.714-0400: 60.461: [GC (GCLocker Initiated GC) [PSYoungGen: 185702K->45726K(208896K)] 607975K->470163K(733184K), 0.0083855 secs] [Times: user=0.08 sys=0.00, real=0.01 secs] 
2016-09-22T22:38:18.928-0400: 60.675: [GC (GCLocker Initiated GC) [PSYoungGen: 208542K->24188K(209920K)] 639925K->457641K(734208K), 0.0080604 secs] [Times: user=0.10 sys=0.00, real=0.01 secs] 
2016-09-22T22:38:19.112-0400: 60.858: [GC (GCLocker Initiated GC) [PSYoungGen: 181372K->25349K(182784K)] 631185K->477303K(707072K), 0.0048170 secs] [Times: user=0.06 sys=0.00, real=0.01 secs] 
2016-09-22T22:38:19.306-0400: 61.052: [GC (GCLocker Initiated GC) [PSYoungGen: 182533K->30378K(210432K)] 634490K->484206K(734720K), 0.0315884 secs] [Times: user=0.38 sys=0.00, real=0.04 secs] 
2016-09-22T22:38:19.521-0400: 61.268: [GC (GCLocker Initiated GC) [PSYoungGen: 189610K->40261K(208384K)] 643467K->495986K(732672K), 0.0109820 secs] [Times: user=0.14 sys=0.00, real=0.01 secs] 
2016-09-22T22:38:19.712-0400: 61.459: [GC (GCLocker Initiated GC) [PSYoungGen: 199493K->34814K(211968K)] 662057K->502035K(736256K), 0.0062337 secs] [Times: user=0.05 sys=0.00, real=0.01 secs] 
2016-09-22T22:38:19.903-0400: 61.650: [GC (GCLocker Initiated GC) [PSYoungGen: 196094K->24341K(185856K)] 674144K->520613K(710144K), 0.0085559 secs] [Times: user=0.11 sys=0.00, real=0.01 secs] 
2016-09-22T22:38:20.108-0400: 61.854: [GC (GCLocker Initiated GC) [PSYoungGen: 185621K->25101K(211968K)] 690001K->531561K(736256K), 0.0162211 secs] [Times: user=0.20 sys=0.00, real=0.01 secs] 
2016-09-22T22:38:20.304-0400: 62.051: [Full GC (Ergonomics) [PSYoungGen: 187405K->0K(211968K)] [ParOldGen: 511976K->162380K(524288K)] 699381K->162380K(736256K), [Metaspace: 43622K->43622K(1085440K)], 0.0821180 secs] [Times: user=0.59 sys=0.01, real=0.08 secs] 
2016-09-22T22:38:20.567-0400: 62.314: [GC (GCLocker Initiated GC) [PSYoungGen: 162304K->40643K(210944K)] 332929K->211268K(735232K), 0.0101398 secs] [Times: user=0.14 sys=0.00, real=0.01 secs] 
2016-09-22T22:38:20.748-0400: 62.494: [GC (GCLocker Initiated GC) [PSYoungGen: 202947K->38535K(209408K)] 373607K->214242K(733696K), 0.0389604 secs] [Times: user=0.47 sys=0.00, real=0.04 secs] 
2016-09-22T22:38:20.964-0400: 62.710: [GC (GCLocker Initiated GC) [PSYoungGen: 197255K->30496K(189440K)] 373166K->210840K(713728K), 0.0057559 secs] [Times: user=0.05 sys=0.00, real=0.01 secs] 
2016-09-22T22:38:21.139-0400: 62.885: [GC (GCLocker Initiated GC) [PSYoungGen: 189216K->38349K(208384K)] 369610K->233901K(732672K), 0.0491594 secs] [Times: user=0.41 sys=0.01, real=0.05 secs] 
2016-09-22T22:38:21.357-0400: 63.104: [GC (GCLocker Initiated GC) [PSYoungGen: 197069K->30506K(209408K)] 395390K->238490K(733696K), 0.0219693 secs] [Times: user=0.27 sys=0.00, real=0.02 secs] 
2016-09-22T22:38:21.548-0400: 63.295: [GC (GCLocker Initiated GC) [PSYoungGen: 189226K->38761K(210432K)] 400148K->251439K(734720K), 0.0099295 secs] [Times: user=0.12 sys=0.00, real=0.01 secs] 
2016-09-22T22:38:21.740-0400: 63.486: [GC (GCLocker Initiated GC) [PSYoungGen: 200041K->32000K(210944K)] 419650K->253339K(735232K), 0.0166497 secs] [Times: user=0.19 sys=0.00, real=0.02 secs] 
2016-09-22T22:38:21.923-0400: 63.670: [GC (GCLocker Initiated GC) [PSYoungGen: 193280K->28891K(211968K)] 414652K->251995K(736256K), 0.0100682 secs] [Times: user=0.13 sys=0.00, real=0.01 secs] 
2016-09-22T22:38:22.100-0400: 63.847: [GC (GCLocker Initiated GC) [PSYoungGen: 192731K->26302K(211456K)] 425294K->262969K(735744K), 0.0238423 secs] [Times: user=0.32 sys=0.00, real=0.02 secs] 
2016-09-22T22:38:22.299-0400: 64.045: [GC (GCLocker Initiated GC) [PSYoungGen: 190142K->40975K(210944K)] 426948K->279471K(735232K), 0.0119770 secs] [Times: user=0.14 sys=0.00, real=0.01 secs] 
2016-09-22T22:38:22.500-0400: 64.247: [GC (GCLocker Initiated GC) [PSYoungGen: 204815K->26144K(212992K)] 449447K->285549K(737280K), 0.0076511 secs] [Times: user=0.06 sys=0.00, real=0.01 secs] 
2016-09-22T22:38:22.684-0400: 64.431: [GC (GCLocker Initiated GC) [PSYoungGen: 189984K->21005K(212480K)] 458144K->304277K(736768K), 0.0084526 secs] [Times: user=0.09 sys=0.01, real=0.01 secs] 
2016-09-22T22:38:22.873-0400: 64.620: [GC (GCLocker Initiated GC) [PSYoungGen: 185357K->39816K(204288K)] 472797K->328890K(728576K), 0.0113099 secs] [Times: user=0.13 sys=0.00, real=0.01 secs] 
2016-09-22T22:38:23.067-0400: 64.813: [GC (GCLocker Initiated GC) [PSYoungGen: 204168K->27828K(212992K)] 497359K->333420K(737280K), 0.0179215 secs] [Times: user=0.22 sys=0.00, real=0.01 secs] 
2016-09-22T22:38:23.282-0400: 65.028: [GC (Allocation Failure) [PSYoungGen: 190644K->15192K(211968K)] 496237K->322443K(736256K), 0.0437653 secs] [Times: user=0.53 sys=0.01, real=0.04 secs] 
2016-09-22T22:38:23.494-0400: 65.241: [GC (GCLocker Initiated GC) [PSYoungGen: 178008K->47973K(202752K)] 485447K->356904K(727040K), 0.0070645 secs] [Times: user=0.10 sys=0.00, real=0.01 secs] 
2016-09-22T22:38:23.660-0400: 65.407: [GC (GCLocker Initiated GC) [PSYoungGen: 200549K->41149K(194048K)] 512216K->354346K(718336K), 0.0096785 secs] [Times: user=0.09 sys=0.01, real=0.01 secs] 
2016-09-22T22:38:23.843-0400: 65.589: [GC (GCLocker Initiated GC) [PSYoungGen: 193725K->46555K(200704K)] 506947K->361304K(724992K), 0.0117305 secs] [Times: user=0.10 sys=0.01, real=0.02 secs] 
2016-09-22T22:38:24.008-0400: 65.755: [GC (GCLocker Initiated GC) [PSYoungGen: 190939K->14060K(158720K)] 513843K->352005K(683008K), 0.0058073 secs] [Times: user=0.04 sys=0.00, real=0.00 secs] 
2016-09-22T22:38:24.169-0400: 65.915: [GC (GCLocker Initiated GC) [PSYoungGen: 158444K->26363K(204288K)] 506069K->375586K(728576K), 0.0076976 secs] [Times: user=0.07 sys=0.00, real=0.01 secs] 
2016-09-22T22:38:24.329-0400: 66.075: [GC (GCLocker Initiated GC) [PSYoungGen: 170747K->38566K(202240K)] 520003K->389381K(726528K), 0.0115938 secs] [Times: user=0.17 sys=0.00, real=0.01 secs] 
2016-09-22T22:38:24.502-0400: 66.249: [GC (GCLocker Initiated GC) [PSYoungGen: 182950K->22339K(202752K)] 543407K->403197K(727040K), 0.0056020 secs] [Times: user=0.06 sys=0.01, real=0.01 secs] 
2016-09-22T22:38:24.669-0400: 66.416: [GC (GCLocker Initiated GC) [PSYoungGen: 167235K->31921K(177152K)] 554855K->421142K(701440K), 0.0052345 secs] [Times: user=0.04 sys=0.01, real=0.01 secs] 
2016-09-22T22:38:24.849-0400: 66.595: [GC (GCLocker Initiated GC) [PSYoungGen: 176817K->38634K(201216K)] 571647K->435190K(725504K), 0.0057525 secs] [Times: user=0.05 sys=0.00, real=0.01 secs] 
2016-09-22T22:38:25.019-0400: 66.765: [GC (Allocation Failure) [PSYoungGen: 185066K->24976K(201728K)] 587047K->428597K(726016K), 0.0393635 secs] [Times: user=0.42 sys=0.00, real=0.04 secs] 
2016-09-22T22:38:25.220-0400: 66.967: [GC (GCLocker Initiated GC) [PSYoungGen: 170672K->41180K(205312K)] 576993K->459983K(729600K), 0.0095948 secs] [Times: user=0.09 sys=0.00, real=0.01 secs] 
2016-09-22T22:38:25.395-0400: 67.142: [GC (GCLocker Initiated GC) [PSYoungGen: 192220K->52015K(203264K)] 611089K->472578K(727552K), 0.0065519 secs] [Times: user=0.08 sys=0.01, real=0.00 secs] 
2016-09-22T22:38:25.568-0400: 67.314: [GC (GCLocker Initiated GC) [PSYoungGen: 203055K->41405K(200192K)] 623627K->463562K(724480K), 0.0065501 secs] [Times: user=0.06 sys=0.00, real=0.01 secs] 
2016-09-22T22:38:25.728-0400: 67.475: [GC (GCLocker Initiated GC) [PSYoungGen: 182717K->46777K(188416K)] 605025K->470730K(712704K), 0.0070664 secs] [Times: user=0.07 sys=0.01, real=0.01 secs] 
2016-09-22T22:38:25.883-0400: 67.630: [GC (GCLocker Initiated GC) [PSYoungGen: 188089K->41053K(200704K)] 612069K->466756K(724992K), 0.0068789 secs] [Times: user=0.05 sys=0.00, real=0.01 secs] 
2016-09-22T22:38:26.035-0400: 67.781: [GC (GCLocker Initiated GC) [PSYoungGen: 179293K->49389K(187904K)] 605017K->498280K(712192K), 0.0175832 secs] [Times: user=0.22 sys=0.00, real=0.01 secs] 
2016-09-22T22:38:26.218-0400: 67.964: [GC (GCLocker Initiated GC) [PSYoungGen: 187629K->33101K(200192K)] 642073K->499981K(724480K), 0.0105940 secs] [Times: user=0.09 sys=0.01, real=0.01 secs] 
2016-09-22T22:38:26.389-0400: 68.136: [GC (GCLocker Initiated GC) [PSYoungGen: 169293K->24947K(198144K)] 647026K->515171K(722432K), 0.0109252 secs] [Times: user=0.12 sys=0.02, real=0.01 secs] 
2016-09-22T22:38:26.544-0400: 68.291: [GC (GCLocker Initiated GC) [PSYoungGen: 161139K->46359K(197120K)] 651393K->538202K(721408K), 0.0056922 secs] [Times: user=0.07 sys=0.00, real=0.01 secs] 
2016-09-22T22:38:26.696-0400: 68.443: [GC (GCLocker Initiated GC) [PSYoungGen: 181527K->18001K(198144K)] 676217K->535653K(722432K), 0.0118868 secs] [Times: user=0.12 sys=0.00, real=0.01 secs] 
2016-09-22T22:38:26.708-0400: 68.455: [Full GC (Ergonomics) [PSYoungGen: 18001K->0K(198144K)] [ParOldGen: 517651K->219041K(524288K)] 535653K->219041K(722432K), [Metaspace: 43684K->43684K(1087488K)], 0.0604534 secs] [Times: user=0.40 sys=0.01, real=0.06 secs] 
2016-09-22T22:38:26.915-0400: 68.662: [GC (GCLocker Initiated GC) [PSYoungGen: 135168K->50791K(192512K)] 354450K->270073K(716800K), 0.0051676 secs] [Times: user=0.07 sys=0.00, real=0.00 secs] 
2016-09-22T22:38:27.052-0400: 68.799: [GC (GCLocker Initiated GC) [PSYoungGen: 179815K->32902K(195584K)] 410123K->266224K(719872K), 0.0060218 secs] [Times: user=0.06 sys=0.00, real=0.01 secs] 
2016-09-22T22:38:27.209-0400: 68.955: [GC (GCLocker Initiated GC) [PSYoungGen: 161926K->47761K(195584K)] 398001K->285241K(719872K), 0.0086618 secs] [Times: user=0.11 sys=0.00, real=0.01 secs] 
2016-09-22T22:38:27.366-0400: 69.113: [GC (GCLocker Initiated GC) [PSYoungGen: 178833K->32956K(164352K)] 419092K->288088K(688640K), 0.0051213 secs] [Times: user=0.05 sys=0.01, real=0.01 secs] 
2016-09-22T22:38:27.522-0400: 69.268: [GC (GCLocker Initiated GC) [PSYoungGen: 164028K->31434K(198144K)] 426065K->294817K(722432K), 0.0071889 secs] [Times: user=0.06 sys=0.01, real=0.01 secs] 
2016-09-22T22:38:27.678-0400: 69.425: [GC (GCLocker Initiated GC) [PSYoungGen: 165578K->35496K(196096K)] 431896K->303107K(720384K), 0.0131767 secs] [Times: user=0.16 sys=0.01, real=0.01 secs] 
2016-09-22T22:38:27.837-0400: 69.584: [GC (GCLocker Initiated GC) [PSYoungGen: 169640K->34269K(198144K)] 441329K->307272K(722432K), 0.0109492 secs] [Times: user=0.16 sys=0.00, real=0.01 secs] 
2016-09-22T22:38:28.008-0400: 69.755: [GC (GCLocker Initiated GC) [PSYoungGen: 172509K->23626K(196096K)] 452374K->315641K(720384K), 0.0079057 secs] [Times: user=0.10 sys=0.00, real=0.01 secs] 
2016-09-22T22:38:28.185-0400: 69.932: [GC (GCLocker Initiated GC) [PSYoungGen: 161866K->37121K(202752K)] 456695K->333424K(727040K), 0.0085540 secs] [Times: user=0.10 sys=0.00, real=0.01 secs] 
2016-09-22T22:38:28.346-0400: 70.093: [GC (GCLocker Initiated GC) [PSYoungGen: 183041K->35489K(202240K)] 479346K->333327K(726528K), 0.0098999 secs] [Times: user=0.10 sys=0.00, real=0.02 secs] 
2016-09-22T22:38:28.509-0400: 70.256: [GC (GCLocker Initiated GC) [PSYoungGen: 181409K->31406K(204288K)] 479278K->330606K(728576K), 0.0059589 secs] [Times: user=0.04 sys=0.01, real=0.01 secs] 
2016-09-22T22:38:28.674-0400: 70.421: [GC (GCLocker Initiated GC) [PSYoungGen: 181422K->6808K(203264K)] 495677K->338666K(727552K), 0.0126576 secs] [Times: user=0.11 sys=0.00, real=0.02 secs] 
2016-09-22T22:38:28.835-0400: 70.582: [GC (GCLocker Initiated GC) [PSYoungGen: 156824K->40763K(204800K)] 488889K->373948K(729088K), 0.0113043 secs] [Times: user=0.09 sys=0.01, real=0.01 secs] 
2016-09-22T22:38:28.997-0400: 70.743: [GC (GCLocker Initiated GC) [PSYoungGen: 189243K->32701K(181248K)] 522451K->367154K(705536K), 0.0228915 secs] [Times: user=0.19 sys=0.00, real=0.02 secs] 
2016-09-22T22:38:29.177-0400: 70.923: [GC (GCLocker Initiated GC) [PSYoungGen: 181181K->38028K(204288K)] 515641K->373771K(728576K), 0.0153386 secs] [Times: user=0.16 sys=0.00, real=0.01 secs] 
2016-09-22T22:38:29.381-0400: 71.128: [GC (GCLocker Initiated GC) [PSYoungGen: 187532K->25942K(203776K)] 534719K->374395K(728064K), 0.0066134 secs] [Times: user=0.04 sys=0.00, real=0.01 secs] 
2016-09-22T22:38:29.560-0400: 71.307: [GC (GCLocker Initiated GC) [PSYoungGen: 175446K->35460K(206848K)] 523915K->385363K(731136K), 0.0089058 secs] [Times: user=0.08 sys=0.00, real=0.01 secs] 
2016-09-22T22:38:29.734-0400: 71.481: [GC (GCLocker Initiated GC) [PSYoungGen: 189572K->28468K(206848K)] 539544K->379711K(731136K), 0.0202354 secs] [Times: user=0.22 sys=0.01, real=0.02 secs] 
2016-09-22T22:38:29.914-0400: 71.660: [GC (GCLocker Initiated GC) [PSYoungGen: 182580K->23317K(207872K)] 548869K->390730K(732160K), 0.0089801 secs] [Times: user=0.07 sys=0.00, real=0.01 secs] 
2016-09-22T22:38:30.078-0400: 71.825: [GC (GCLocker Initiated GC) [PSYoungGen: 179989K->42170K(207872K)] 547435K->410941K(732160K), 0.0241850 secs] [Times: user=0.26 sys=0.00, real=0.02 secs] 
2016-09-22T22:38:30.281-0400: 72.027: [GC (GCLocker Initiated GC) [PSYoungGen: 198842K->18138K(208896K)] 578450K->420696K(733184K), 0.0130624 secs] [Times: user=0.12 sys=0.01, real=0.01 secs] 
2016-09-22T22:38:30.453-0400: 72.199: [GC (GCLocker Initiated GC) [PSYoungGen: 173786K->29960K(185856K)] 583108K->440756K(710144K), 0.0157387 secs] [Times: user=0.13 sys=0.00, real=0.02 secs] 
2016-09-22T22:38:30.636-0400: 72.383: [GC (GCLocker Initiated GC) [PSYoungGen: 185608K->46175K(203264K)] 596526K->458463K(727552K), 0.0240833 secs] [Times: user=0.27 sys=0.00, real=0.02 secs] 
2016-09-22T22:38:30.828-0400: 72.575: [GC (GCLocker Initiated GC) [PSYoungGen: 197727K->21676K(206848K)] 615438K->440636K(731136K), 0.0320447 secs] [Times: user=0.30 sys=0.01, real=0.03 secs] 
2016-09-22T22:38:31.020-0400: 72.767: [GC (GCLocker Initiated GC) [PSYoungGen: 173228K->31481K(201216K)] 603164K->462619K(725504K), 0.0136556 secs] [Times: user=0.14 sys=0.00, real=0.01 secs] 
2016-09-22T22:38:31.182-0400: 72.929: [GC (GCLocker Initiated GC) [PSYoungGen: 183545K->38094K(204288K)] 614715K->484170K(728576K), 0.0116100 secs] [Times: user=0.12 sys=0.00, real=0.01 secs] 
2016-09-22T22:38:31.348-0400: 73.095: [GC (GCLocker Initiated GC) [PSYoungGen: 190158K->25929K(208384K)] 639093K->478784K(732672K), 0.0134394 secs] [Times: user=0.12 sys=0.00, real=0.01 secs] 
2016-09-22T22:38:31.526-0400: 73.272: [GC (GCLocker Initiated GC) [PSYoungGen: 183113K->24502K(208896K)] 636005K->478751K(733184K), 0.0068813 secs] [Times: user=0.05 sys=0.00, real=0.01 secs] 
2016-09-22T22:38:31.705-0400: 73.451: [GC (GCLocker Initiated GC) [PSYoungGen: 181686K->32581K(207360K)] 635960K->488135K(731648K), 0.0191389 secs] [Times: user=0.17 sys=0.00, real=0.02 secs] 
2016-09-22T22:38:31.884-0400: 73.630: [GC (GCLocker Initiated GC) [PSYoungGen: 191813K->16499K(208896K)] 656993K->504554K(733184K), 0.0167052 secs] [Times: user=0.20 sys=0.00, real=0.02 secs] 
2016-09-22T22:38:32.054-0400: 73.801: [GC (GCLocker Initiated GC) [PSYoungGen: 175731K->40817K(207872K)] 663898K->530273K(732160K), 0.0210773 secs] [Times: user=0.25 sys=0.00, real=0.03 secs] 
2016-09-22T22:38:32.256-0400: 74.003: [GC (GCLocker Initiated GC) [PSYoungGen: 198513K->22109K(209920K)] 694908K->519803K(734208K), 0.0217140 secs] [Times: user=0.23 sys=0.00, real=0.02 secs] 
2016-09-22T22:38:32.432-0400: 74.178: [Full GC (Ergonomics) [PSYoungGen: 179805K->0K(209920K)] [ParOldGen: 503173K->117857K(524288K)] 682978K->117857K(734208K), [Metaspace: 43709K->43709K(1087488K)], 0.0936776 secs] [Times: user=0.69 sys=0.01, real=0.09 secs] 
2016-09-22T22:38:32.686-0400: 74.432: [GC (GCLocker Initiated GC) [PSYoungGen: 157696K->39854K(207360K)] 275556K->157715K(731648K), 0.0125717 secs] [Times: user=0.13 sys=0.01, real=0.02 secs] 
2016-09-22T22:38:32.867-0400: 74.613: [GC (Allocation Failure) [PSYoungGen: 195502K->12659K(168448K)] 318166K->138215K(692736K), 0.0125552 secs] [Times: user=0.13 sys=0.00, real=0.01 secs] 
2016-09-22T22:38:33.025-0400: 74.771: [GC (GCLocker Initiated GC) [PSYoungGen: 165967K->36558K(207872K)] 294223K->166230K(732160K), 0.0116569 secs] [Times: user=0.12 sys=0.00, real=0.02 secs] 
2016-09-22T22:38:33.185-0400: 74.932: [GC (GCLocker Initiated GC) [PSYoungGen: 190158K->20321K(174080K)] 326813K->157882K(698368K), 0.0178744 secs] [Times: user=0.17 sys=0.00, real=0.02 secs] 
2016-09-22T22:38:33.361-0400: 75.107: [GC (GCLocker Initiated GC) [PSYoungGen: 173921K->32640K(208384K)] 319711K->179640K(732672K), 0.0062777 secs] [Times: user=0.06 sys=0.00, real=0.01 secs] 
2016-09-22T22:38:33.524-0400: 75.271: [GC (GCLocker Initiated GC) [PSYoungGen: 187264K->21782K(207360K)] 337165K->172897K(731648K), 0.0148471 secs] [Times: user=0.14 sys=0.00, real=0.02 secs] 
2016-09-22T22:38:33.691-0400: 75.437: [GC (GCLocker Initiated GC) [PSYoungGen: 176406K->42269K(204800K)] 330254K->197345K(729088K), 0.0122499 secs] [Times: user=0.16 sys=0.00, real=0.01 secs] 
2016-09-22T22:38:33.885-0400: 75.631: [GC (GCLocker Initiated GC) [PSYoungGen: 195357K->23574K(207360K)] 357269K->211016K(731648K), 0.0156527 secs] [Times: user=0.20 sys=0.00, real=0.02 secs] 
2016-09-22T22:38:34.051-0400: 75.798: [GC (GCLocker Initiated GC) [PSYoungGen: 176662K->23246K(204800K)] 368121K->216239K(729088K), 0.0052363 secs] [Times: user=0.05 sys=0.01, real=0.01 secs] 
2016-09-22T22:38:34.207-0400: 75.953: [GC (GCLocker Initiated GC) [PSYoungGen: 178382K->23181K(206848K)] 380862K->226784K(731136K), 0.0067003 secs] [Times: user=0.06 sys=0.00, real=0.00 secs] 
2016-09-22T22:38:34.374-0400: 76.120: [GC (GCLocker Initiated GC) [PSYoungGen: 178317K->20764K(207872K)] 388914K->232451K(732160K), 0.0042792 secs] [Times: user=0.05 sys=0.00, real=0.01 secs] 
2016-09-22T22:38:34.546-0400: 76.293: [GC (GCLocker Initiated GC) [PSYoungGen: 181020K->21893K(209408K)] 402287K->244468K(733696K), 0.0096425 secs] [Times: user=0.11 sys=0.00, real=0.02 secs] 
2016-09-22T22:38:34.711-0400: 76.457: [GC (GCLocker Initiated GC) [PSYoungGen: 182149K->32711K(212480K)] 404765K->256543K(736768K), 0.0057764 secs] [Times: user=0.05 sys=0.00, real=0.01 secs] 
2016-09-22T22:38:34.907-0400: 76.654: [GC (GCLocker Initiated GC) [PSYoungGen: 197575K->19353K(212992K)] 426816K->266062K(737280K), 0.0136990 secs] [Times: user=0.12 sys=0.01, real=0.01 secs] 
2016-09-22T22:38:35.086-0400: 76.833: [GC (GCLocker Initiated GC) [PSYoungGen: 184217K->43935K(206336K)] 430929K->292058K(730624K), 0.0128306 secs] [Times: user=0.18 sys=0.00, real=0.02 secs] 
2016-09-22T22:38:35.269-0400: 77.016: [GC (GCLocker Initiated GC) [PSYoungGen: 202655K->34223K(210432K)] 460399K->293446K(734720K), 0.0067331 secs] [Times: user=0.08 sys=0.00, real=0.01 secs] 
2016-09-22T22:38:35.439-0400: 77.186: [GC (GCLocker Initiated GC) [PSYoungGen: 192943K->32991K(209408K)] 452407K->307322K(733696K), 0.0063694 secs] [Times: user=0.05 sys=0.01, real=0.00 secs] 
2016-09-22T22:38:35.631-0400: 77.377: [GC (GCLocker Initiated GC) [PSYoungGen: 191711K->13100K(209920K)] 484987K->307949K(734208K), 0.0042804 secs] [Times: user=0.04 sys=0.01, real=0.01 secs] 
2016-09-22T22:38:35.812-0400: 77.558: [GC (GCLocker Initiated GC) [PSYoungGen: 171820K->19388K(209408K)] 473425K->322749K(733696K), 0.0070333 secs] [Times: user=0.03 sys=0.01, real=0.01 secs] 
2016-09-22T22:38:35.996-0400: 77.742: [GC (GCLocker Initiated GC) [PSYoungGen: 178620K->33058K(209920K)] 487432K->343477K(734208K), 0.0054337 secs] [Times: user=0.05 sys=0.00, real=0.00 secs] 
2016-09-22T22:38:36.153-0400: 77.900: [GC (GCLocker Initiated GC) [PSYoungGen: 192290K->50315K(199168K)] 502738K->362276K(723456K), 0.0055963 secs] [Times: user=0.08 sys=0.00, real=0.01 secs] 
2016-09-22T22:38:36.309-0400: 78.056: [GC (GCLocker Initiated GC) [PSYoungGen: 198795K->32538K(205312K)] 510759K->345729K(729600K), 0.0069030 secs] [Times: user=0.07 sys=0.00, real=0.01 secs] 
2016-09-22T22:38:36.456-0400: 78.203: [GC (GCLocker Initiated GC) [PSYoungGen: 181018K->53105K(195584K)] 499683K->375572K(719872K), 0.0061313 secs] [Times: user=0.07 sys=0.00, real=0.00 secs] 
2016-09-22T22:38:36.628-0400: 78.375: [GC (GCLocker Initiated GC) [PSYoungGen: 193393K->30534K(201216K)] 518701K->362571K(725504K), 0.0060126 secs] [Times: user=0.05 sys=0.00, real=0.00 secs] 
2016-09-22T22:38:36.791-0400: 78.537: [GC (GCLocker Initiated GC) [PSYoungGen: 170822K->37109K(197632K)] 508315K->376181K(721920K), 0.0057557 secs] [Times: user=0.05 sys=0.00, real=0.01 secs] 
2016-09-22T22:38:36.980-0400: 78.726: [GC (GCLocker Initiated GC) [PSYoungGen: 179957K->13006K(200704K)] 532600K->367218K(724992K), 0.0049904 secs] [Times: user=0.04 sys=0.00, real=0.00 secs] 
2016-09-22T22:38:37.144-0400: 78.891: [GC (GCLocker Initiated GC) [PSYoungGen: 155854K->34300K(202240K)] 515499K->395630K(726528K), 0.0057695 secs] [Times: user=0.05 sys=0.00, real=0.01 secs] 
2016-09-22T22:38:37.317-0400: 79.063: [GC (GCLocker Initiated GC) [PSYoungGen: 179708K->24508K(202752K)] 548018K->394214K(727040K), 0.0112165 secs] [Times: user=0.11 sys=0.00, real=0.01 secs] 
2016-09-22T22:38:37.478-0400: 79.225: [GC (GCLocker Initiated GC) [PSYoungGen: 169916K->35478K(204288K)] 545043K->411883K(728576K), 0.0061162 secs] [Times: user=0.04 sys=0.00, real=0.00 secs] 
2016-09-22T22:38:37.640-0400: 79.387: [GC (GCLocker Initiated GC) [PSYoungGen: 183958K->35577K(203776K)] 563097K->426908K(728064K), 0.0248569 secs] [Times: user=0.26 sys=0.00, real=0.02 secs] 
2016-09-22T22:38:37.835-0400: 79.581: [GC (GCLocker Initiated GC) [PSYoungGen: 184057K->27681K(205312K)] 575393K->442189K(729600K), 0.0061556 secs] [Times: user=0.07 sys=0.00, real=0.00 secs] 
2016-09-22T22:38:38.015-0400: 79.762: [GC (GCLocker Initiated GC) [PSYoungGen: 180257K->31944K(205312K)] 597478K->450756K(729600K), 0.0222505 secs] [Times: user=0.32 sys=0.01, real=0.02 secs] 
2016-09-22T22:38:38.213-0400: 79.959: [GC (GCLocker Initiated GC) [PSYoungGen: 184520K->23864K(208384K)] 623862K->464931K(732672K), 0.0245077 secs] [Times: user=0.35 sys=0.01, real=0.03 secs] 
2016-09-22T22:38:38.429-0400: 80.175: [GC (GCLocker Initiated GC) [PSYoungGen: 181560K->30168K(207872K)] 622728K->473056K(732160K), 0.0154994 secs] [Times: user=0.15 sys=0.00, real=0.01 secs] 
2016-09-22T22:38:38.657-0400: 80.403: [GC (GCLocker Initiated GC) [PSYoungGen: 187864K->38917K(207872K)] 637572K->490267K(732160K), 0.0047398 secs] [Times: user=0.06 sys=0.00, real=0.00 secs] 
2016-09-22T22:38:38.843-0400: 80.589: [GC (GCLocker Initiated GC) [PSYoungGen: 198661K->29544K(209408K)] 658337K->512807K(733696K), 0.0084216 secs] [Times: user=0.08 sys=0.01, real=0.01 secs] 
2016-09-22T22:38:39.024-0400: 80.770: [GC (GCLocker Initiated GC) [PSYoungGen: 189288K->48082K(204800K)] 672681K->536191K(729088K), 0.0065763 secs] [Times: user=0.06 sys=0.00, real=0.01 secs] 
2016-09-22T22:38:39.208-0400: 80.954: [GC (GCLocker Initiated GC) [PSYoungGen: 204754K->26554K(209408K)] 695565K->537943K(733696K), 0.0062034 secs] [Times: user=0.08 sys=0.00, real=0.00 secs] 
2016-09-22T22:38:39.214-0400: 80.961: [Full GC (Ergonomics) [PSYoungGen: 26554K->0K(209408K)] [ParOldGen: 511389K->132288K(524288K)] 537943K->132288K(733696K), [Metaspace: 43716K->43716K(1087488K)], 0.0768862 secs] [Times: user=0.73 sys=0.02, real=0.08 secs] 
2016-09-22T22:38:39.481-0400: 81.227: [GC (GCLocker Initiated GC) [PSYoungGen: 156672K->14883K(208384K)] 303973K->162185K(732672K), 0.0107238 secs] [Times: user=0.14 sys=0.00, real=0.01 secs] 
2016-09-22T22:38:39.656-0400: 81.402: [GC (GCLocker Initiated GC) [PSYoungGen: 171555K->49390K(206336K)] 318863K->198806K(730624K), 0.0116853 secs] [Times: user=0.13 sys=0.00, real=0.01 secs] 
2016-09-22T22:38:39.846-0400: 81.593: [GC (GCLocker Initiated GC) [PSYoungGen: 206062K->49547K(195072K)] 358419K->203508K(719360K), 0.0072741 secs] [Times: user=0.06 sys=0.00, real=0.01 secs] 
2016-09-22T22:38:40.007-0400: 81.753: [GC (GCLocker Initiated GC) [PSYoungGen: 188811K->51920K(191488K)] 342789K->207731K(715776K), 0.0128606 secs] [Times: user=0.16 sys=0.01, real=0.01 secs] 
2016-09-22T22:38:40.180-0400: 81.927: [GC (GCLocker Initiated GC) [PSYoungGen: 191184K->35945K(199680K)] 352634K->215237K(723968K), 0.0117230 secs] [Times: user=0.16 sys=0.00, real=0.01 secs] 
2016-09-22T22:38:40.345-0400: 82.091: [GC (GCLocker Initiated GC) [PSYoungGen: 170089K->37069K(171520K)] 354901K->223572K(695808K), 0.0055341 secs] [Times: user=0.06 sys=0.00, real=0.01 secs] 
2016-09-22T22:38:40.515-0400: 82.261: [GC (GCLocker Initiated GC) [PSYoungGen: 171213K->39768K(195584K)] 364528K->234548K(719872K), 0.0095928 secs] [Times: user=0.12 sys=0.00, real=0.00 secs] 
2016-09-22T22:38:40.681-0400: 82.428: [GC (GCLocker Initiated GC) [PSYoungGen: 174936K->47972K(194560K)] 372429K->246809K(718848K), 0.0057532 secs] [Times: user=0.07 sys=0.00, real=0.01 secs] 
2016-09-22T22:38:40.849-0400: 82.596: [GC (GCLocker Initiated GC) [PSYoungGen: 183140K->33186K(201216K)] 390088K->255163K(725504K), 0.0099816 secs] [Times: user=0.11 sys=0.00, real=0.01 secs] 
2016-09-22T22:38:41.019-0400: 82.766: [GC (GCLocker Initiated GC) [PSYoungGen: 173986K->38671K(179712K)] 396066K->262454K(704000K), 0.0113290 secs] [Times: user=0.11 sys=0.01, real=0.01 secs] 
2016-09-22T22:38:41.187-0400: 82.934: [GC (GCLocker Initiated GC) [PSYoungGen: 179471K->23473K(199168K)] 405957K->251530K(723456K), 0.0053640 secs] [Times: user=0.04 sys=0.00, real=0.00 secs] 
2016-09-22T22:38:41.354-0400: 83.100: [GC (GCLocker Initiated GC) [PSYoungGen: 164785K->22323K(199680K)] 401067K->260214K(723968K), 0.0097218 secs] [Times: user=0.11 sys=0.00, real=0.01 secs] 
2016-09-22T22:38:41.523-0400: 83.270: [GC (GCLocker Initiated GC) [PSYoungGen: 163635K->16627K(202752K)] 411202K->265899K(727040K), 0.0116185 secs] [Times: user=0.12 sys=0.01, real=0.02 secs] 
2016-09-22T22:38:41.699-0400: 83.446: [GC (GCLocker Initiated GC) [PSYoungGen: 161011K->25096K(169984K)] 421094K->286725K(694272K), 0.0131587 secs] [Times: user=0.17 sys=0.00, real=0.01 secs] 
2016-09-22T22:38:41.887-0400: 83.634: [GC (GCLocker Initiated GC) [PSYoungGen: 169480K->46695K(198144K)] 431418K->310208K(722432K), 0.0122449 secs] [Times: user=0.12 sys=0.00, real=0.01 secs] 
2016-09-22T22:38:42.054-0400: 83.801: [GC (GCLocker Initiated GC) [PSYoungGen: 186983K->39689K(201216K)] 453366K->307753K(725504K), 0.0080479 secs] [Times: user=0.06 sys=0.00, real=0.01 secs] 
2016-09-22T22:38:42.221-0400: 83.968: [GC (GCLocker Initiated GC) [PSYoungGen: 179977K->42450K(200704K)] 452321K->316339K(724992K), 0.0068402 secs] [Times: user=0.06 sys=0.01, real=0.01 secs] 
2016-09-22T22:38:42.378-0400: 84.125: [GC (GCLocker Initiated GC) [PSYoungGen: 182738K->38271K(178688K)] 456645K->313815K(702976K), 0.0119849 secs] [Times: user=0.12 sys=0.00, real=0.01 secs] 
2016-09-22T22:38:42.543-0400: 84.290: [GC (GCLocker Initiated GC) [PSYoungGen: 178559K->40770K(200192K)] 456808K->320496K(724480K), 0.0228107 secs] [Times: user=0.24 sys=0.00, real=0.02 secs] 
2016-09-22T22:38:42.715-0400: 84.462: [GC (GCLocker Initiated GC) [PSYoungGen: 181570K->45099K(200192K)] 464140K->328962K(724480K), 0.0116575 secs] [Times: user=0.13 sys=0.00, real=0.01 secs] 
2016-09-22T22:38:42.877-0400: 84.623: [GC (GCLocker Initiated GC) [PSYoungGen: 185899K->41042K(201728K)] 469955K->326580K(726016K), 0.0157455 secs] [Times: user=0.18 sys=0.00, real=0.01 secs] 
2016-09-22T22:38:43.053-0400: 84.800: [GC (GCLocker Initiated GC) [PSYoungGen: 183378K->27668K(201728K)] 479763K->325713K(726016K), 0.0118127 secs] [Times: user=0.12 sys=0.00, real=0.01 secs] 
2016-09-22T22:38:43.229-0400: 84.975: [GC (GCLocker Initiated GC) [PSYoungGen: 170004K->26319K(202240K)] 469856K->338517K(726528K), 0.0243580 secs] [Times: user=0.28 sys=0.00, real=0.02 secs] 
2016-09-22T22:38:43.414-0400: 85.160: [GC (Allocation Failure) [PSYoungGen: 170191K->23426K(202240K)] 482424K->345427K(726528K), 0.0224515 secs] [Times: user=0.27 sys=0.01, real=0.03 secs] 
2016-09-22T22:38:43.604-0400: 85.350: [GC (GCLocker Initiated GC) [PSYoungGen: 164740K->26357K(202240K)] 489441K->352604K(726528K), 0.0059937 secs] [Times: user=0.05 sys=0.00, real=0.01 secs] 
2016-09-22T22:38:43.786-0400: 85.532: [GC (GCLocker Initiated GC) [PSYoungGen: 172277K->32922K(202752K)] 501265K->363439K(727040K), 0.0130838 secs] [Times: user=0.18 sys=0.00, real=0.02 secs] 
2016-09-22T22:38:43.960-0400: 85.706: [GC (GCLocker Initiated GC) [PSYoungGen: 178842K->20999K(203776K)] 518890K->376107K(728064K), 0.0150310 secs] [Times: user=0.20 sys=0.01, real=0.02 secs] 
2016-09-22T22:38:44.134-0400: 85.880: [GC (GCLocker Initiated GC) [PSYoungGen: 169991K->41233K(203776K)] 527813K->403406K(728064K), 0.0063355 secs] [Times: user=0.07 sys=0.00, real=0.01 secs] 
2016-09-22T22:38:44.298-0400: 86.044: [GC (GCLocker Initiated GC) [PSYoungGen: 190225K->43772K(203264K)] 552438K->407539K(727552K), 0.0146330 secs] [Times: user=0.17 sys=0.00, real=0.01 secs] 
2016-09-22T22:38:44.477-0400: 86.223: [GC (GCLocker Initiated GC) [PSYoungGen: 191228K->31611K(204800K)] 556363K->398316K(729088K), 0.0239028 secs] [Times: user=0.24 sys=0.01, real=0.02 secs] 
2016-09-22T22:38:44.663-0400: 86.410: [GC (GCLocker Initiated GC) [PSYoungGen: 179067K->23170K(203776K)] 552712K->398366K(728064K), 0.0058205 secs] [Times: user=0.05 sys=0.00, real=0.01 secs] 
2016-09-22T22:38:44.829-0400: 86.576: [GC (GCLocker Initiated GC) [PSYoungGen: 172162K->23514K(204288K)] 552769K->406770K(728576K), 0.0068512 secs] [Times: user=0.04 sys=0.00, real=0.01 secs] 
2016-09-22T22:38:45.003-0400: 86.749: [GC (GCLocker Initiated GC) [PSYoungGen: 172506K->33251K(202752K)] 561325K->423616K(727040K), 0.0063159 secs] [Times: user=0.06 sys=0.00, real=0.01 secs] 
2016-09-22T22:38:45.172-0400: 86.918: [GC (GCLocker Initiated GC) [PSYoungGen: 185315K->31781K(204800K)] 575882K->423997K(729088K), 0.0297226 secs] [Times: user=0.28 sys=0.00, real=0.03 secs] 
2016-09-22T22:38:45.381-0400: 87.127: [GC (Allocation Failure) [PSYoungGen: 183845K->29030K(207360K)] 584316K->436551K(731648K), 0.0081811 secs] [Times: user=0.07 sys=0.00, real=0.01 secs] 
2016-09-22T22:38:45.390-0400: 87.136: [GC (GCLocker Initiated GC) [PSYoungGen: 30106K->224K(208384K)] 437627K->446117K(732672K), 0.0053338 secs] [Times: user=0.04 sys=0.00, real=0.01 secs] 
2016-09-22T22:38:45.598-0400: 87.344: [GC (GCLocker Initiated GC) [PSYoungGen: 158081K->36489K(207872K)] 606674K->485099K(732160K), 0.0062103 secs] [Times: user=0.07 sys=0.00, real=0.00 secs] 
2016-09-22T22:38:45.782-0400: 87.528: [GC (GCLocker Initiated GC) [PSYoungGen: 191113K->39632K(194560K)] 639732K->490366K(718848K), 0.0104117 secs] [Times: user=0.09 sys=0.00, real=0.01 secs] 
2016-09-22T22:38:45.967-0400: 87.713: [GC (GCLocker Initiated GC) [PSYoungGen: 194256K->19592K(207872K)] 654498K->492122K(732160K), 0.0245240 secs] [Times: user=0.24 sys=0.00, real=0.02 secs] 
2016-09-22T22:38:46.156-0400: 87.903: [GC (GCLocker Initiated GC) [PSYoungGen: 172680K->22174K(175616K)] 653339K->515348K(699904K), 0.0277816 secs] [Times: user=0.28 sys=0.00, real=0.02 secs] 
2016-09-22T22:38:46.361-0400: 88.107: [GC (GCLocker Initiated GC) [PSYoungGen: 175262K->46600K(200704K)] 673969K->546974K(724992K), 0.0074860 secs] [Times: user=0.07 sys=0.00, real=0.01 secs] 
2016-09-22T22:38:46.524-0400: 88.271: [GC (GCLocker Initiated GC) [PSYoungGen: 194056K->26134K(204800K)] 694673K->544617K(729088K), 0.0326997 secs] [Times: user=0.32 sys=0.00, real=0.04 secs] 
2016-09-22T22:38:46.557-0400: 88.303: [Full GC (Ergonomics) [PSYoungGen: 26134K->0K(204800K)] [ParOldGen: 518482K->197587K(524288K)] 544617K->197587K(729088K), [Metaspace: 43731K->43731K(1087488K)], 0.0687631 secs] [Times: user=0.48 sys=0.00, real=0.06 secs] 
2016-09-22T22:38:46.788-0400: 88.534: [GC (GCLocker Initiated GC) [PSYoungGen: 147456K->54902K(193536K)] 345162K->252608K(717824K), 0.0069579 secs] [Times: user=0.06 sys=0.02, real=0.01 secs] 
2016-09-22T22:38:46.949-0400: 88.695: [GC (GCLocker Initiated GC) [PSYoungGen: 193142K->43845K(182272K)] 396388K->256988K(706560K), 0.0114890 secs] [Times: user=0.14 sys=0.00, real=0.01 secs] 
2016-09-22T22:38:47.116-0400: 88.863: [GC (GCLocker Initiated GC) [PSYoungGen: 182085K->34490K(201216K)] 400764K->254724K(725504K), 0.0052761 secs] [Times: user=0.05 sys=0.00, real=0.00 secs] 
2016-09-22T22:38:47.289-0400: 89.035: [GC (GCLocker Initiated GC) [PSYoungGen: 172218K->35715K(173568K)] 392485K->257624K(697856K), 0.0103401 secs] [Times: user=0.10 sys=0.00, real=0.01 secs] 
2016-09-22T22:38:47.443-0400: 89.190: [GC (GCLocker Initiated GC) [PSYoungGen: 173443K->34327K(199168K)] 403481K->290150K(723456K), 0.0122210 secs] [Times: user=0.16 sys=0.00, real=0.02 secs] 
2016-09-22T22:38:47.617-0400: 89.364: [GC (GCLocker Initiated GC) [PSYoungGen: 174615K->30323K(196608K)] 442695K->299906K(720896K), 0.0053634 secs] [Times: user=0.06 sys=0.00, real=0.00 secs] 
2016-09-22T22:38:47.776-0400: 89.523: [GC (GCLocker Initiated GC) [PSYoungGen: 170611K->11002K(199680K)] 450999K->292737K(723968K), 0.0163434 secs] [Times: user=0.20 sys=0.00, real=0.01 secs] 
2016-09-22T22:38:47.957-0400: 89.703: [GC (GCLocker Initiated GC) [PSYoungGen: 155898K->12380K(201728K)] 453945K->311727K(726016K), 0.0054505 secs] [Times: user=0.06 sys=0.00, real=0.00 secs] 
2016-09-22T22:38:48.122-0400: 89.869: [GC (GCLocker Initiated GC) [PSYoungGen: 157276K->35680K(204800K)] 470152K->349776K(729088K), 0.0058311 secs] [Times: user=0.05 sys=0.00, real=0.01 secs] 
2016-09-22T22:38:48.288-0400: 90.035: [GC (GCLocker Initiated GC) [PSYoungGen: 183648K->40996K(189440K)] 503184K->367402K(713728K), 0.0056152 secs] [Times: user=0.06 sys=0.00, real=0.00 secs] 
2016-09-22T22:38:48.460-0400: 90.206: [GC (GCLocker Initiated GC) [PSYoungGen: 188964K->31636K(206336K)] 515475K->370367K(730624K), 0.0059831 secs] [Times: user=0.05 sys=0.00, real=0.00 secs] 
2016-09-22T22:38:48.636-0400: 90.383: [GC (GCLocker Initiated GC) [PSYoungGen: 179604K->35682K(183808K)] 518488K->376065K(708096K), 0.0079386 secs] [Times: user=0.08 sys=0.01, real=0.00 secs] 
2016-09-22T22:38:48.794-0400: 90.540: [GC (GCLocker Initiated GC) [PSYoungGen: 183650K->40955K(201216K)] 529465K->390907K(725504K), 0.0061301 secs] [Times: user=0.08 sys=0.00, real=0.01 secs] 
2016-09-22T22:38:48.975-0400: 90.722: [GC (GCLocker Initiated GC) [PSYoungGen: 187387K->24597K(202752K)] 542791K->381357K(727040K), 0.0123700 secs] [Times: user=0.14 sys=0.01, real=0.01 secs] 
2016-09-22T22:38:49.128-0400: 90.874: [GC (GCLocker Initiated GC) [PSYoungGen: 171029K->46345K(200704K)] 527866K->404387K(724992K), 0.0091897 secs] [Times: user=0.11 sys=0.00, real=0.01 secs] 
2016-09-22T22:38:49.292-0400: 91.039: [GC (GCLocker Initiated GC) [PSYoungGen: 191753K->43684K(189440K)] 552511K->405824K(713728K), 0.0121666 secs] [Times: user=0.15 sys=0.00, real=0.01 secs] 
2016-09-22T22:38:49.453-0400: 91.200: [GC (GCLocker Initiated GC) [PSYoungGen: 189092K->26026K(203776K)] 559341K->408389K(728064K), 0.0061421 secs] [Times: user=0.05 sys=0.00, real=0.01 secs] 
2016-09-22T22:38:49.617-0400: 91.364: [GC (GCLocker Initiated GC) [PSYoungGen: 169898K->31423K(175616K)] 564529K->427439K(699904K), 0.0106283 secs] [Times: user=0.09 sys=0.01, real=0.01 secs] 
2016-09-22T22:38:49.775-0400: 91.522: [GC (GCLocker Initiated GC) [PSYoungGen: 175295K->32464K(202240K)] 574211K->432735K(726528K), 0.0131492 secs] [Times: user=0.14 sys=0.00, real=0.01 secs] 
2016-09-22T22:38:49.930-0400: 91.677: [GC (GCLocker Initiated GC) [PSYoungGen: 178384K->42003K(200192K)] 581506K->446222K(724480K), 0.0206026 secs] [Times: user=0.26 sys=0.00, real=0.02 secs] 
2016-09-22T22:38:50.110-0400: 91.857: [GC (GCLocker Initiated GC) [PSYoungGen: 187923K->36503K(206848K)] 594882K->444573K(731136K), 0.0150915 secs] [Times: user=0.15 sys=0.00, real=0.01 secs] 
2016-09-22T22:38:50.289-0400: 92.036: [GC (GCLocker Initiated GC) [PSYoungGen: 189079K->36664K(206848K)] 602657K->451381K(731136K), 0.0158510 secs] [Times: user=0.16 sys=0.00, real=0.01 secs] 
2016-09-22T22:38:50.468-0400: 92.215: [GC (GCLocker Initiated GC) [PSYoungGen: 189240K->26029K(207360K)] 604110K->450302K(731648K), 0.0327708 secs] [Times: user=0.30 sys=0.01, real=0.03 secs] 
2016-09-22T22:38:50.681-0400: 92.427: [GC (GCLocker Initiated GC) [PSYoungGen: 180141K->24846K(206848K)] 617943K->464105K(731136K), 0.0219976 secs] [Times: user=0.26 sys=0.01, real=0.02 secs] 
2016-09-22T22:38:50.858-0400: 92.605: [GC (GCLocker Initiated GC) [PSYoungGen: 178958K->16428K(207360K)] 620942K->478801K(731648K), 0.0138923 secs] [Times: user=0.11 sys=0.01, real=0.01 secs] 
2016-09-22T22:38:51.027-0400: 92.773: [GC (GCLocker Initiated GC) [PSYoungGen: 171564K->24411K(208384K)] 642046K->498875K(732672K), 0.0113072 secs] [Times: user=0.12 sys=0.00, real=0.01 secs] 
2016-09-22T22:38:51.192-0400: 92.939: [GC (GCLocker Initiated GC) [PSYoungGen: 179547K->36999K(208896K)] 656778K->526187K(733184K), 0.0113505 secs] [Times: user=0.13 sys=0.01, real=0.01 secs] 
2016-09-22T22:38:51.359-0400: 93.105: [GC (GCLocker Initiated GC) [PSYoungGen: 193671K->35532K(208896K)] 685646K->528874K(733184K), 0.0055332 secs] [Times: user=0.05 sys=0.00, real=0.00 secs] 
2016-09-22T22:38:51.529-0400: 93.276: [GC (GCLocker Initiated GC) [PSYoungGen: 192204K->31560K(205824K)] 691170K->531863K(730112K), 0.0058878 secs] [Times: user=0.05 sys=0.00, real=0.01 secs] 
2016-09-22T22:38:51.706-0400: 93.453: [Full GC (Ergonomics) [PSYoungGen: 189256K->0K(205824K)] [ParOldGen: 505722K->106881K(524288K)] 694978K->106881K(730112K), [Metaspace: 43737K->43737K(1087488K)], 0.0654266 secs] [Times: user=0.41 sys=0.01, real=0.07 secs] 
2016-09-22T22:38:51.940-0400: 93.687: [GC (GCLocker Initiated GC) [PSYoungGen: 157696K->23526K(207872K)] 268631K->134461K(732160K), 0.0092020 secs] [Times: user=0.08 sys=0.01, real=0.01 secs] 
2016-09-22T22:38:52.106-0400: 93.853: [GC (GCLocker Initiated GC) [PSYoungGen: 181222K->35293K(210432K)] 295077K->152089K(734720K), 0.0099687 secs] [Times: user=0.11 sys=0.01, real=0.02 secs] 
2016-09-22T22:38:52.295-0400: 94.042: [GC (GCLocker Initiated GC) [PSYoungGen: 197597K->41158K(203776K)] 317152K->161851K(728064K), 0.0055445 secs] [Times: user=0.07 sys=0.00, real=0.00 secs] 
2016-09-22T22:38:52.478-0400: 94.224: [GC (GCLocker Initiated GC) [PSYoungGen: 203462K->31621K(212480K)] 324184K->153783K(736768K), 0.0067520 secs] [Times: user=0.06 sys=0.00, real=0.00 secs] 
2016-09-22T22:38:52.649-0400: 94.395: [GC (GCLocker Initiated GC) [PSYoungGen: 192901K->27668K(189440K)] 317918K->178634K(713728K), 0.0072667 secs] [Times: user=0.09 sys=0.00, real=0.01 secs] 
2016-09-22T22:38:52.822-0400: 94.569: [GC (GCLocker Initiated GC) [PSYoungGen: 188948K->42547K(207872K)] 340123K->195257K(732160K), 0.0127445 secs] [Times: user=0.16 sys=0.00, real=0.02 secs] 
2016-09-22T22:38:53.004-0400: 94.751: [GC (GCLocker Initiated GC) [PSYoungGen: 201779K->50568K(209920K)] 354533K->218389K(734208K), 0.0064678 secs] [Times: user=0.10 sys=0.00, real=0.01 secs] 
2016-09-22T22:38:53.171-0400: 94.917: [GC (GCLocker Initiated GC) [PSYoungGen: 209800K->35406K(206848K)] 377635K->212781K(731136K), 0.0115077 secs] [Times: user=0.12 sys=0.00, real=0.01 secs] 
2016-09-22T22:38:53.352-0400: 95.099: [GC (GCLocker Initiated GC) [PSYoungGen: 190030K->35715K(208384K)] 372466K->219311K(732672K), 0.0091846 secs] [Times: user=0.11 sys=0.00, real=0.01 secs] 
2016-09-22T22:38:53.526-0400: 95.272: [GC (GCLocker Initiated GC) [PSYoungGen: 190339K->45087K(205824K)] 373968K->246425K(730112K), 0.0057855 secs] [Times: user=0.06 sys=0.00, real=0.01 secs] 
2016-09-22T22:38:53.696-0400: 95.442: [GC (GCLocker Initiated GC) [PSYoungGen: 198687K->26040K(207872K)] 405655K->237075K(732160K), 0.0095218 secs] [Times: user=0.08 sys=0.00, real=0.00 secs] 
2016-09-22T22:38:53.864-0400: 95.611: [GC (GCLocker Initiated GC) [PSYoungGen: 179640K->32864K(204800K)] 396313K->250957K(729088K), 0.0052235 secs] [Times: user=0.05 sys=0.01, real=0.01 secs] 
2016-09-22T22:38:54.025-0400: 95.772: [GC (GCLocker Initiated GC) [PSYoungGen: 186464K->31382K(206336K)] 407281K->253541K(730624K), 0.0112840 secs] [Times: user=0.10 sys=0.01, real=0.02 secs] 
2016-09-22T22:38:54.204-0400: 95.951: [GC (GCLocker Initiated GC) [PSYoungGen: 184982K->39464K(208896K)] 407150K->263114K(733184K), 0.0055493 secs] [Times: user=0.06 sys=0.00, real=0.01 secs] 
2016-09-22T22:38:54.367-0400: 96.114: [GC (GCLocker Initiated GC) [PSYoungGen: 197160K->39706K(209408K)] 423520K->267226K(733696K), 0.0112860 secs] [Times: user=0.14 sys=0.01, real=0.01 secs] 
2016-09-22T22:38:54.550-0400: 96.296: [GC (GCLocker Initiated GC) [PSYoungGen: 197402K->38419K(209408K)] 430347K->272798K(733696K), 0.0094500 secs] [Times: user=0.11 sys=0.00, real=0.01 secs] 
2016-09-22T22:38:54.717-0400: 96.464: [GC (GCLocker Initiated GC) [PSYoungGen: 197139K->49147K(207872K)] 431531K->298568K(732160K), 0.0183592 secs] [Times: user=0.20 sys=0.00, real=0.02 secs] 
2016-09-22T22:38:54.897-0400: 96.644: [GC (GCLocker Initiated GC) [PSYoungGen: 207867K->38150K(208896K)] 462793K->307952K(733184K), 0.0210463 secs] [Times: user=0.24 sys=0.00, real=0.02 secs] 
2016-09-22T22:38:55.071-0400: 96.817: [GC (GCLocker Initiated GC) [PSYoungGen: 192774K->23060K(207872K)] 462651K->294159K(732160K), 0.0262320 secs] [Times: user=0.29 sys=0.00, real=0.03 secs] 
2016-09-22T22:38:55.262-0400: 97.008: [GC (GCLocker Initiated GC) [PSYoungGen: 177684K->32572K(206848K)] 457105K->313175K(731136K), 0.0149777 secs] [Times: user=0.18 sys=0.00, real=0.02 secs] 
2016-09-22T22:38:55.427-0400: 97.173: [GC (GCLocker Initiated GC) [PSYoungGen: 187196K->41997K(207360K)] 467804K->323778K(731648K), 0.0056069 secs] [Times: user=0.05 sys=0.00, real=0.01 secs] 
2016-09-22T22:38:55.579-0400: 97.326: [GC (GCLocker Initiated GC) [PSYoungGen: 196621K->35368K(207360K)] 481132K->320974K(731648K), 0.0222871 secs] [Times: user=0.24 sys=0.01, real=0.02 secs] 
2016-09-22T22:38:55.757-0400: 97.504: [GC (GCLocker Initiated GC) [PSYoungGen: 191016K->29960K(207872K)] 479472K->322304K(732160K), 0.0130713 secs] [Times: user=0.11 sys=0.00, real=0.01 secs] 
2016-09-22T22:38:55.922-0400: 97.669: [GC (GCLocker Initiated GC) [PSYoungGen: 185608K->33914K(206848K)] 477956K->327538K(731136K), 0.0074042 secs] [Times: user=0.06 sys=0.01, real=0.01 secs] 
2016-09-22T22:38:56.092-0400: 97.838: [GC (GCLocker Initiated GC) [PSYoungGen: 192122K->31385K(208384K)] 495322K->335689K(732672K), 0.0065782 secs] [Times: user=0.06 sys=0.00, real=0.01 secs] 
2016-09-22T22:38:56.260-0400: 98.007: [GC (GCLocker Initiated GC) [PSYoungGen: 189593K->13706K(207872K)] 500149K->325525K(732160K), 0.0154134 secs] [Times: user=0.15 sys=0.00, real=0.02 secs] 
2016-09-22T22:38:56.427-0400: 98.173: [GC (GCLocker Initiated GC) [PSYoungGen: 172426K->33963K(210432K)] 486956K->349792K(734720K), 0.0146014 secs] [Times: user=0.18 sys=0.00, real=0.01 secs] 
2016-09-22T22:38:56.595-0400: 98.341: [GC (GCLocker Initiated GC) [PSYoungGen: 192683K->18994K(210432K)] 515463K->342837K(734720K), 0.0072174 secs] [Times: user=0.05 sys=0.00, real=0.00 secs] 
2016-09-22T22:38:56.756-0400: 98.503: [GC (GCLocker Initiated GC) [PSYoungGen: 179250K->27238K(210944K)] 511409K->360603K(735232K), 0.0136288 secs] [Times: user=0.12 sys=0.00, real=0.01 secs] 
2016-09-22T22:38:56.933-0400: 98.680: [GC (GCLocker Initiated GC) [PSYoungGen: 187494K->32821K(209920K)] 523564K->370119K(734208K), 0.0066326 secs] [Times: user=0.07 sys=0.00, real=0.01 secs] 
2016-09-22T22:38:57.110-0400: 98.856: [GC (GCLocker Initiated GC) [PSYoungGen: 194613K->25888K(210432K)] 534681K->367219K(734720K), 0.0092000 secs] [Times: user=0.08 sys=0.00, real=0.01 secs] 
2016-09-22T22:38:57.277-0400: 99.024: [GC (GCLocker Initiated GC) [PSYoungGen: 187680K->24427K(212992K)] 539932K->377933K(737280K), 0.0059377 secs] [Times: user=0.05 sys=0.00, real=0.00 secs] 
2016-09-22T22:38:57.443-0400: 99.190: [GC (GCLocker Initiated GC) [PSYoungGen: 190315K->40640K(212992K)] 543854K->395352K(737280K), 0.0350131 secs] [Times: user=0.46 sys=0.01, real=0.04 secs] 
2016-09-22T22:38:57.655-0400: 99.402: [GC (Allocation Failure) [PSYoungGen: 206528K->38458K(210944K)] 566789K->407999K(735232K), 0.0121721 secs] [Times: user=0.14 sys=0.00, real=0.01 secs] 
2016-09-22T22:38:57.846-0400: 99.592: [GC (GCLocker Initiated GC) [PSYoungGen: 199583K->33036K(195072K)] 571824K->409512K(719360K), 0.0112141 secs] [Times: user=0.12 sys=0.00, real=0.02 secs] 
2016-09-22T22:38:58.027-0400: 99.773: [GC (GCLocker Initiated GC) [PSYoungGen: 194828K->11344K(209408K)] 587575K->405477K(733696K), 0.0210930 secs] [Times: user=0.18 sys=0.00, real=0.02 secs] 
2016-09-22T22:38:58.210-0400: 99.957: [GC (GCLocker Initiated GC) [PSYoungGen: 172112K->38036K(199168K)] 566355K->433830K(723456K), 0.0210918 secs] [Times: user=0.24 sys=0.01, real=0.02 secs] 
2016-09-22T22:38:58.381-0400: 100.127: [GC (GCLocker Initiated GC) [PSYoungGen: 198804K->43473K(205312K)] 594631K->459532K(729600K), 0.0096776 secs] [Times: user=0.10 sys=0.00, real=0.01 secs] 
2016-09-22T22:38:58.544-0400: 100.291: [GC (GCLocker Initiated GC) [PSYoungGen: 197073K->22937K(207872K)] 621261K->450898K(732160K), 0.0155149 secs] [Times: user=0.14 sys=0.00, real=0.02 secs] 
2016-09-22T22:38:58.727-0400: 100.474: [GC (GCLocker Initiated GC) [PSYoungGen: 176537K->12429K(206336K)] 614369K->451335K(730624K), 0.0285642 secs] [Times: user=0.29 sys=0.00, real=0.03 secs] 
2016-09-22T22:38:58.919-0400: 100.666: [GC (GCLocker Initiated GC) [PSYoungGen: 165005K->31647K(184320K)] 615531K->483468K(708608K), 0.0054141 secs] [Times: user=0.05 sys=0.00, real=0.00 secs] 
2016-09-22T22:38:59.085-0400: 100.832: [GC (GCLocker Initiated GC) [PSYoungGen: 184223K->27575K(207872K)] 641530K->508000K(732160K), 0.0056059 secs] [Times: user=0.08 sys=0.00, real=0.01 secs] 
2016-09-22T22:38:59.282-0400: 101.028: [GC (GCLocker Initiated GC) [PSYoungGen: 182711K->41311K(206336K)] 671265K->531354K(730624K), 0.0134472 secs] [Times: user=0.16 sys=0.00, real=0.02 secs] 
2016-09-22T22:38:59.469-0400: 101.215: [GC (GCLocker Initiated GC) [PSYoungGen: 196447K->19304K(209408K)] 690562K->536613K(733696K), 0.0063942 secs] [Times: user=0.06 sys=0.00, real=0.01 secs] 
2016-09-22T22:38:59.475-0400: 101.222: [Full GC (Ergonomics) [PSYoungGen: 19304K->0K(209408K)] [ParOldGen: 517308K->124204K(524288K)] 536613K->124204K(733696K), [Metaspace: 43763K->43763K(1087488K)], 0.0724050 secs] [Times: user=0.54 sys=0.01, real=0.07 secs] 
2016-09-22T22:38:59.723-0400: 101.469: [GC (GCLocker Initiated GC) [PSYoungGen: 156160K->23857K(180224K)] 287260K->154958K(704512K), 0.0050702 secs] [Times: user=0.04 sys=0.00, real=0.01 secs] 
2016-09-22T22:38:59.910-0400: 101.656: [GC (GCLocker Initiated GC) [PSYoungGen: 180017K->21993K(209408K)] 318171K->161892K(733696K), 0.0065588 secs] [Times: user=0.04 sys=0.00, real=0.01 secs] 
2016-09-22T22:39:00.083-0400: 101.829: [GC (GCLocker Initiated GC) [PSYoungGen: 179689K->23349K(207872K)] 329060K->176931K(732160K), 0.0129413 secs] [Times: user=0.12 sys=0.01, real=0.02 secs] 
2016-09-22T22:39:00.266-0400: 102.012: [GC (GCLocker Initiated GC) [PSYoungGen: 181045K->46428K(203776K)] 334630K->201499K(728064K), 0.0144145 secs] [Times: user=0.12 sys=0.00, real=0.02 secs] 
2016-09-22T22:39:00.462-0400: 102.208: [GC (GCLocker Initiated GC) [PSYoungGen: 201052K->27590K(208384K)] 356313K->184329K(732672K), 0.0050199 secs] [Times: user=0.04 sys=0.00, real=0.01 secs] 
2016-09-22T22:39:00.630-0400: 102.377: [GC (GCLocker Initiated GC) [PSYoungGen: 182214K->34187K(205312K)] 341826K->195307K(729600K), 0.0175522 secs] [Times: user=0.19 sys=0.01, real=0.02 secs] 
2016-09-22T22:39:00.809-0400: 102.556: [GC (GCLocker Initiated GC) [PSYoungGen: 190859K->34434K(207872K)] 354799K->207965K(732160K), 0.0067169 secs] [Times: user=0.06 sys=0.00, real=0.01 secs] 
2016-09-22T22:39:01.011-0400: 102.758: [GC (GCLocker Initiated GC) [PSYoungGen: 191106K->11758K(208896K)] 377534K->199836K(733184K), 0.0054499 secs] [Times: user=0.05 sys=0.00, real=0.01 secs] 
2016-09-22T22:39:01.190-0400: 102.937: [GC (GCLocker Initiated GC) [PSYoungGen: 169454K->41174K(199168K)] 357683K->231407K(723456K), 0.0198693 secs] [Times: user=0.22 sys=0.00, real=0.02 secs] 
2016-09-22T22:39:01.382-0400: 103.128: [GC (GCLocker Initiated GC) [PSYoungGen: 198870K->34545K(208384K)] 394510K->231840K(732672K), 0.0159965 secs] [Times: user=0.18 sys=0.01, real=0.02 secs] 
2016-09-22T22:39:01.577-0400: 103.323: [GC (GCLocker Initiated GC) [PSYoungGen: 188657K->27556K(181760K)] 394081K->234781K(706048K), 0.0311915 secs] [Times: user=0.33 sys=0.01, real=0.03 secs] 
2016-09-22T22:39:01.792-0400: 103.538: [GC (GCLocker Initiated GC) [PSYoungGen: 181668K->30535K(207360K)] 389094K->263864K(731648K), 0.0128569 secs] [Times: user=0.14 sys=0.02, real=0.01 secs] 
2016-09-22T22:39:01.978-0400: 103.725: [GC (GCLocker Initiated GC) [PSYoungGen: 186183K->41190K(205824K)] 419524K->276220K(730112K), 0.0133969 secs] [Times: user=0.16 sys=0.01, real=0.01 secs] 
2016-09-22T22:39:02.176-0400: 103.922: [GC (GCLocker Initiated GC) [PSYoungGen: 196838K->23938K(210944K)] 435993K->264677K(735232K), 0.0114362 secs] [Times: user=0.12 sys=0.00, real=0.01 secs] 
2016-09-22T22:39:02.365-0400: 104.112: [GC (GCLocker Initiated GC) [PSYoungGen: 182658K->27836K(186880K)] 433022K->280058K(711168K), 0.0224640 secs] [Times: user=0.21 sys=0.00, real=0.03 secs] 
2016-09-22T22:39:02.564-0400: 104.311: [GC (GCLocker Initiated GC) [PSYoungGen: 186556K->39810K(206848K)] 438796K->296616K(731136K), 0.0260206 secs] [Times: user=0.32 sys=0.01, real=0.03 secs] 
2016-09-22T22:39:02.789-0400: 104.535: [GC (Allocation Failure) [PSYoungGen: 196994K->11877K(208384K)] 460630K->277164K(732672K), 0.0278311 secs] [Times: user=0.31 sys=0.00, real=0.03 secs] 
2016-09-22T22:39:02.981-0400: 104.728: [GC (GCLocker Initiated GC) [PSYoungGen: 168305K->30463K(208384K)] 436292K->300354K(732672K), 0.0176144 secs] [Times: user=0.16 sys=0.01, real=0.02 secs] 
2016-09-22T22:39:03.185-0400: 104.931: [GC (GCLocker Initiated GC) [PSYoungGen: 188671K->22297K(208896K)] 462928K->298251K(733184K), 0.0142014 secs] [Times: user=0.13 sys=0.01, real=0.02 secs] 
2016-09-22T22:39:03.383-0400: 105.130: [GC (GCLocker Initiated GC) [PSYoungGen: 180505K->33438K(210944K)] 463286K->318011K(735232K), 0.0105933 secs] [Times: user=0.10 sys=0.00, real=0.01 secs] 
2016-09-22T22:39:03.588-0400: 105.335: [GC (GCLocker Initiated GC) [PSYoungGen: 194718K->17025K(210944K)] 484772K->322455K(735232K), 0.0097833 secs] [Times: user=0.09 sys=0.00, real=0.01 secs] 
2016-09-22T22:39:03.781-0400: 105.528: [GC (GCLocker Initiated GC) [PSYoungGen: 178305K->28023K(208384K)] 497271K->367736K(732672K), 0.0062523 secs] [Times: user=0.05 sys=0.00, real=0.01 secs] 
2016-09-22T22:39:03.986-0400: 105.732: [GC (GCLocker Initiated GC) [PSYoungGen: 190839K->30567K(210432K)] 534829K->376402K(734720K), 0.0147164 secs] [Times: user=0.13 sys=0.00, real=0.02 secs] 
2016-09-22T22:39:04.176-0400: 105.923: [GC (GCLocker Initiated GC) [PSYoungGen: 193383K->33169K(213504K)] 550163K->391773K(737792K), 0.0077579 secs] [Times: user=0.07 sys=0.00, real=0.00 secs] 
2016-09-22T22:39:04.364-0400: 106.110: [GC (GCLocker Initiated GC) [PSYoungGen: 201105K->33063K(214528K)] 562443K->409670K(738816K), 0.0078307 secs] [Times: user=0.05 sys=0.01, real=0.01 secs] 
2016-09-22T22:39:04.540-0400: 106.287: [GC (GCLocker Initiated GC) [PSYoungGen: 200999K->28860K(211456K)] 577684K->407233K(735744K), 0.0168205 secs] [Times: user=0.17 sys=0.00, real=0.02 secs] 
2016-09-22T22:39:04.755-0400: 106.502: [GC (Allocation Failure) [PSYoungGen: 197820K->27512K(213504K)] 588435K->419710K(737792K), 0.0237225 secs] [Times: user=0.28 sys=0.01, real=0.02 secs] 
2016-09-22T22:39:04.957-0400: 106.704: [GC (GCLocker Initiated GC) [PSYoungGen: 196472K->31749K(215552K)] 588674K->428212K(739840K), 0.0078941 secs] [Times: user=0.05 sys=0.00, real=0.00 secs] 
2016-09-22T22:39:05.145-0400: 106.891: [GC (GCLocker Initiated GC) [PSYoungGen: 205829K->33204K(217088K)] 605002K->433989K(741376K), 0.0090429 secs] [Times: user=0.09 sys=0.00, real=0.01 secs] 
2016-09-22T22:39:05.342-0400: 107.088: [GC (GCLocker Initiated GC) [PSYoungGen: 207284K->33135K(219136K)] 613475K->441131K(743424K), 0.0082095 secs] [Times: user=0.07 sys=0.01, real=0.01 secs] 
2016-09-22T22:39:05.520-0400: 107.267: [GC (GCLocker Initiated GC) [PSYoungGen: 209263K->40813K(217088K)] 617360K->458667K(741376K), 0.0277122 secs] [Times: user=0.32 sys=0.00, real=0.03 secs] 
2016-09-22T22:39:05.737-0400: 107.483: [GC (GCLocker Initiated GC) [PSYoungGen: 216941K->39669K(211968K)] 634819K->491363K(736256K), 0.0081570 secs] [Times: user=0.09 sys=0.00, real=0.00 secs] 
2016-09-22T22:39:05.933-0400: 107.679: [GC (GCLocker Initiated GC) [PSYoungGen: 206581K->39972K(207360K)] 666399K->501121K(731648K), 0.0065362 secs] [Times: user=0.07 sys=0.00, real=0.01 secs] 
2016-09-22T22:39:06.125-0400: 107.872: [GC (GCLocker Initiated GC) [PSYoungGen: 206884K->46589K(205824K)] 668144K->512260K(730112K), 0.0060177 secs] [Times: user=0.07 sys=0.00, real=0.01 secs] 
2016-09-22T22:39:06.295-0400: 108.042: [GC (GCLocker Initiated GC) [PSYoungGen: 203261K->12619K(169472K)] 683928K->513716K(693760K), 0.0049343 secs] [Times: user=0.04 sys=0.00, real=0.00 secs] 
2016-09-22T22:39:06.300-0400: 108.047: [Full GC (Ergonomics) [PSYoungGen: 12619K->0K(169472K)] [ParOldGen: 501097K->186108K(524288K)] 513716K->186108K(693760K), [Metaspace: 43776K->43776K(1087488K)], 0.0732569 secs] [Times: user=0.62 sys=0.02, real=0.07 secs] 
2016-09-22T22:39:06.536-0400: 108.282: [GC (GCLocker Initiated GC) [PSYoungGen: 156672K->41140K(204800K)] 345650K->230118K(729088K), 0.0045804 secs] [Times: user=0.06 sys=0.00, real=0.00 secs] 
2016-09-22T22:39:06.693-0400: 108.439: [GC (GCLocker Initiated GC) [PSYoungGen: 191668K->28487K(206336K)] 383356K->221649K(730624K), 0.0115854 secs] [Times: user=0.13 sys=0.00, real=0.01 secs] 
2016-09-22T22:39:06.853-0400: 108.600: [GC (GCLocker Initiated GC) [PSYoungGen: 179015K->35447K(204288K)] 377760K->235362K(728576K), 0.0064040 secs] [Times: user=0.06 sys=0.00, real=0.01 secs] 
2016-09-22T22:39:07.019-0400: 108.766: [GC (GCLocker Initiated GC) [PSYoungGen: 187511K->30157K(205312K)] 395766K->239656K(729600K), 0.0108561 secs] [Times: user=0.12 sys=0.00, real=0.01 secs] 
2016-09-22T22:39:07.190-0400: 108.936: [GC (GCLocker Initiated GC) [PSYoungGen: 182221K->43903K(206336K)] 394433K->257613K(730624K), 0.0087278 secs] [Times: user=0.11 sys=0.00, real=0.01 secs] 
2016-09-22T22:39:07.361-0400: 109.107: [GC (GCLocker Initiated GC) [PSYoungGen: 198527K->28744K(208384K)] 420350K->252093K(732672K), 0.0055363 secs] [Times: user=0.05 sys=0.01, real=0.00 secs] 
2016-09-22T22:39:07.528-0400: 109.275: [GC (GCLocker Initiated GC) [PSYoungGen: 183368K->23306K(206336K)] 411337K->252685K(730624K), 0.0122113 secs] [Times: user=0.13 sys=0.00, real=0.01 secs] 
2016-09-22T22:39:07.702-0400: 109.448: [GC (GCLocker Initiated GC) [PSYoungGen: 178954K->40808K(207872K)] 416566K->279905K(732160K), 0.0103355 secs] [Times: user=0.14 sys=0.00, real=0.01 secs] 
2016-09-22T22:39:07.869-0400: 109.616: [GC (GCLocker Initiated GC) [PSYoungGen: 196456K->29896K(208384K)] 440976K->291800K(732672K), 0.0064595 secs] [Times: user=0.05 sys=0.00, real=0.01 secs] 
2016-09-22T22:39:08.042-0400: 109.788: [GC (GCLocker Initiated GC) [PSYoungGen: 186056K->26008K(208384K)] 453571K->311008K(732672K), 0.0281913 secs] [Times: user=0.32 sys=0.00, real=0.03 secs] 
2016-09-22T22:39:08.249-0400: 109.995: [GC (GCLocker Initiated GC) [PSYoungGen: 182168K->24858K(209408K)] 472857K->316923K(733696K), 0.0272898 secs] [Times: user=0.25 sys=0.00, real=0.03 secs] 
2016-09-22T22:39:08.439-0400: 110.186: [GC (Allocation Failure) [PSYoungGen: 183066K->23426K(208896K)] 483345K->336132K(733184K), 0.0079391 secs] [Times: user=0.08 sys=0.00, real=0.01 secs] 
2016-09-22T22:39:08.627-0400: 110.373: [GC (GCLocker Initiated GC) [PSYoungGen: 181134K->18051K(210432K)] 495189K->344379K(734720K), 0.0310847 secs] [Times: user=0.25 sys=0.00, real=0.03 secs] 
2016-09-22T22:39:08.830-0400: 110.576: [GC (GCLocker Initiated GC) [PSYoungGen: 178307K->23314K(210432K)] 508820K->355328K(734720K), 0.0107243 secs] [Times: user=0.14 sys=0.00, real=0.01 secs] 
2016-09-22T22:39:09.010-0400: 110.757: [GC (GCLocker Initiated GC) [PSYoungGen: 183570K->30319K(209920K)] 518298K->366399K(734208K), 0.0057681 secs] [Times: user=0.02 sys=0.02, real=0.01 secs] 
2016-09-22T22:39:09.214-0400: 110.961: [GC (GCLocker Initiated GC) [PSYoungGen: 193135K->33396K(210432K)] 532133K->374091K(734720K), 0.0210995 secs] [Times: user=0.29 sys=0.00, real=0.03 secs] 
2016-09-22T22:39:09.416-0400: 111.163: [GC (GCLocker Initiated GC) [PSYoungGen: 196212K->42894K(208384K)] 542493K->390989K(732672K), 0.0056781 secs] [Times: user=0.05 sys=0.00, real=0.00 secs] 
2016-09-22T22:39:09.601-0400: 111.347: [GC (GCLocker Initiated GC) [PSYoungGen: 203662K->33086K(211456K)] 558518K->397858K(735744K), 0.0067084 secs] [Times: user=0.05 sys=0.00, real=0.01 secs] 
2016-09-22T22:39:09.800-0400: 111.546: [GC (GCLocker Initiated GC) [PSYoungGen: 193854K->30333K(207360K)] 565391K->403594K(731648K), 0.0094348 secs] [Times: user=0.12 sys=0.00, real=0.01 secs] 
2016-09-22T22:39:09.975-0400: 111.721: [GC (GCLocker Initiated GC) [PSYoungGen: 192125K->30421K(209920K)] 575062K->414958K(734208K), 0.0052965 secs] [Times: user=0.03 sys=0.00, real=0.00 secs] 
2016-09-22T22:39:10.150-0400: 111.897: [GC (GCLocker Initiated GC) [PSYoungGen: 192213K->25146K(210944K)] 579482K->414038K(735232K), 0.0072815 secs] [Times: user=0.05 sys=0.00, real=0.01 secs] 
2016-09-22T22:39:10.330-0400: 112.077: [GC (GCLocker Initiated GC) [PSYoungGen: 192570K->27897K(212992K)] 589638K->429502K(737280K), 0.0259345 secs] [Times: user=0.26 sys=0.00, real=0.03 secs] 
2016-09-22T22:39:10.539-0400: 112.286: [GC (GCLocker Initiated GC) [PSYoungGen: 195321K->29325K(213504K)] 599843K->435750K(737792K), 0.0174620 secs] [Times: user=0.20 sys=0.00, real=0.02 secs] 
2016-09-22T22:39:10.740-0400: 112.486: [GC (GCLocker Initiated GC) [PSYoungGen: 201357K->11771K(215552K)] 620078K->432353K(739840K), 0.0051093 secs] [Times: user=0.04 sys=0.00, real=0.00 secs] 
2016-09-22T22:39:10.919-0400: 112.666: [GC (GCLocker Initiated GC) [PSYoungGen: 183803K->27728K(217088K)] 609988K->455760K(741376K), 0.0279278 secs] [Times: user=0.37 sys=0.00, real=0.03 secs] 
2016-09-22T22:39:11.121-0400: 112.868: [GC (GCLocker Initiated GC) [PSYoungGen: 201296K->42916K(216576K)] 629383K->486229K(740864K), 0.0197456 secs] [Times: user=0.23 sys=0.01, real=0.02 secs] 
2016-09-22T22:39:11.337-0400: 113.083: [GC (GCLocker Initiated GC) [PSYoungGen: 216484K->29581K(216576K)] 665345K->501962K(740864K), 0.0069541 secs] [Times: user=0.07 sys=0.00, real=0.00 secs] 
2016-09-22T22:39:11.506-0400: 113.252: [GC (GCLocker Initiated GC) [PSYoungGen: 200589K->38694K(209920K)] 672990K->515800K(734208K), 0.0360154 secs] [Times: user=0.51 sys=0.00, real=0.04 secs] 
2016-09-22T22:39:11.713-0400: 113.459: [GC (GCLocker Initiated GC) [PSYoungGen: 209702K->27890K(216064K)] 697680K->517655K(740352K), 0.0096543 secs] [Times: user=0.09 sys=0.00, real=0.01 secs] 
2016-09-22T22:39:11.927-0400: 113.673: [GC (GCLocker Initiated GC) [PSYoungGen: 196338K->29308K(198144K)] 688299K->523053K(722432K), 0.0093324 secs] [Times: user=0.05 sys=0.01, real=0.01 secs] 
2016-09-22T22:39:12.107-0400: 113.853: [GC (GCLocker Initiated GC) [PSYoungGen: 197756K->43947K(209920K)] 691523K->539622K(734208K), 0.0065889 secs] [Times: user=0.05 sys=0.00, real=0.00 secs] 
2016-09-22T22:39:12.286-0400: 114.032: [GC (GCLocker Initiated GC) --[PSYoungGen: 208811K->208811K(209920K)] 707435K->730723K(734208K), 0.0116457 secs] [Times: user=0.07 sys=0.00, real=0.02 secs] 
2016-09-22T22:39:12.298-0400: 114.044: [Full GC (Ergonomics) [PSYoungGen: 208811K->0K(209920K)] [ParOldGen: 521912K->107552K(524288K)] 730723K->107552K(734208K), [Metaspace: 43796K->43796K(1087488K)], 0.0644288 secs] [Times: user=0.50 sys=0.02, real=0.06 secs] 
2016-09-22T22:39:12.536-0400: 114.283: [GC (GCLocker Initiated GC) [PSYoungGen: 164864K->33691K(213504K)] 277929K->146757K(737792K), 0.0077293 secs] [Times: user=0.08 sys=0.00, real=0.00 secs] 
2016-09-22T22:39:12.713-0400: 114.459: [GC (GCLocker Initiated GC) [PSYoungGen: 198555K->45409K(207360K)] 311693K->166053K(731648K), 0.0131296 secs] [Times: user=0.15 sys=0.01, real=0.01 secs] 
2016-09-22T22:39:12.895-0400: 114.641: [GC (GCLocker Initiated GC) [PSYoungGen: 205153K->37194K(210944K)] 325852K->167642K(735232K), 0.0209309 secs] [Times: user=0.27 sys=0.00, real=0.02 secs] 
2016-09-22T22:39:13.091-0400: 114.837: [GC (GCLocker Initiated GC) [PSYoungGen: 196938K->31985K(208384K)] 327742K->177887K(732672K), 0.0082996 secs] [Times: user=0.09 sys=0.00, real=0.01 secs] 
2016-09-22T22:39:13.264-0400: 115.011: [GC (GCLocker Initiated GC) [PSYoungGen: 192241K->34598K(209920K)] 340917K->185071K(734208K), 0.0073939 secs] [Times: user=0.04 sys=0.02, real=0.01 secs] 
2016-09-22T22:39:13.445-0400: 115.191: [GC (GCLocker Initiated GC) [PSYoungGen: 194854K->32004K(210432K)] 349381K->196446K(734720K), 0.0151883 secs] [Times: user=0.18 sys=0.01, real=0.02 secs] 
2016-09-22T22:39:13.631-0400: 115.377: [GC (GCLocker Initiated GC) [PSYoungGen: 196356K->44187K(211456K)] 360823K->210447K(735744K), 0.0216645 secs] [Times: user=0.23 sys=0.01, real=0.02 secs] 
2016-09-22T22:39:13.817-0400: 115.563: [GC (GCLocker Initiated GC) [PSYoungGen: 208539K->41282K(210432K)] 374868K->225741K(734720K), 0.0093097 secs] [Times: user=0.10 sys=0.01, real=0.00 secs] 
2016-09-22T22:39:13.997-0400: 115.743: [GC (GCLocker Initiated GC) [PSYoungGen: 202050K->31943K(211456K)] 389212K->220701K(735744K), 0.0098572 secs] [Times: user=0.14 sys=0.00, real=0.01 secs] 
2016-09-22T22:39:14.184-0400: 115.930: [GC (GCLocker Initiated GC) [PSYoungGen: 192711K->26755K(211456K)] 384172K->219883K(735744K), 0.0056846 secs] [Times: user=0.04 sys=0.00, real=0.01 secs] 
2016-09-22T22:39:14.356-0400: 116.103: [GC (GCLocker Initiated GC) [PSYoungGen: 188547K->44076K(206336K)] 381847K->239306K(730624K), 0.0246185 secs] [Times: user=0.30 sys=0.00, real=0.02 secs] 
2016-09-22T22:39:14.574-0400: 116.320: [GC (GCLocker Initiated GC) [PSYoungGen: 205868K->5433K(203264K)] 422892K->224267K(727552K), 0.0063942 secs] [Times: user=0.04 sys=0.01, real=0.01 secs] 
2016-09-22T22:39:14.757-0400: 116.504: [GC (GCLocker Initiated GC) [PSYoungGen: 156985K->49483K(201216K)] 378571K->273200K(725504K), 0.0095241 secs] [Times: user=0.12 sys=0.01, real=0.01 secs] 
2016-09-22T22:39:14.936-0400: 116.683: [GC (GCLocker Initiated GC) [PSYoungGen: 201035K->26150K(203776K)] 427477K->262334K(728064K), 0.0066965 secs] [Times: user=0.05 sys=0.00, real=0.00 secs] 
2016-09-22T22:39:15.108-0400: 116.854: [GC (GCLocker Initiated GC) [PSYoungGen: 170534K->23885K(168448K)] 415261K->270190K(692736K), 0.0064931 secs] [Times: user=0.05 sys=0.00, real=0.00 secs] 
2016-09-22T22:39:15.262-0400: 117.009: [GC (GCLocker Initiated GC) [PSYoungGen: 168269K->30437K(204288K)] 422790K->286802K(728576K), 0.0055910 secs] [Times: user=0.04 sys=0.00, real=0.01 secs] 
2016-09-22T22:39:15.429-0400: 117.175: [GC (GCLocker Initiated GC) [PSYoungGen: 177381K->48123K(201728K)] 433902K->306299K(726016K), 0.0094355 secs] [Times: user=0.12 sys=0.00, real=0.01 secs] 
2016-09-22T22:39:15.586-0400: 117.333: [GC (GCLocker Initiated GC) [PSYoungGen: 195067K->35936K(204800K)] 456057K->298653K(729088K), 0.0141000 secs] [Times: user=0.17 sys=0.00, real=0.02 secs] 
2016-09-22T22:39:15.749-0400: 117.496: [GC (GCLocker Initiated GC) [PSYoungGen: 181856K->34439K(180736K)] 449996K->304316K(705024K), 0.0061141 secs] [Times: user=0.05 sys=0.00, real=0.01 secs] 
2016-09-22T22:39:22.615-0400: 124.361: [GC (Allocation Failure) [PSYoungGen: 180359K->28854K(202752K)] 450302K->308520K(727040K), 0.0130546 secs] [Times: user=0.05 sys=0.04, real=0.01 secs] 
