Java HotSpot(TM) 64-Bit Server VM (25.101-b13) for linux-amd64 JRE (1.8.0_101-b13), built on Jun 22 2016 02:59:44 by "java_re" with gcc 4.3.0 20080428 (Red Hat 4.3.0-8)
Memory: 4k page, physical 264122324k(96140820k free), swap 268399612k(268246472k free)
CommandLine flags: -XX:GCLogFileSize=1048576 -XX:+HeapDumpOnOutOfMemoryError -XX:HeapDumpPath=artifacts/heapdump -XX:InitialHeapSize=805306368 -XX:MaxHeapSize=805306368 -XX:NumberOfGCLogFiles=10 -XX:+PrintGC -XX:+PrintGCDateStamps -XX:+PrintGCDetails -XX:+PrintGCTimeStamps -XX:+UseCompressedClassPointers -XX:+UseCompressedOops -XX:+UseGCLogFileRotation -XX:+UseParallelGC 
2016-09-15T12:39:26.100-0400: 2.164: [GC (Metadata GC Threshold) [PSYoungGen: 121898K->15574K(229376K)] 121898K->15662K(753664K), 0.0388931 secs] [Times: user=0.32 sys=0.00, real=0.04 secs] 
2016-09-15T12:39:26.139-0400: 2.203: [Full GC (Metadata GC Threshold) [PSYoungGen: 15574K->0K(229376K)] [ParOldGen: 88K->14602K(317440K)] 15662K->14602K(546816K), [Metaspace: 21075K->21075K(1067008K)], 0.0447678 secs] [Times: user=0.31 sys=0.08, real=0.04 secs] 
2016-09-15T12:39:27.902-0400: 3.966: [GC (Metadata GC Threshold) [PSYoungGen: 121718K->14893K(229376K)] 136321K->29632K(546816K), 0.0208864 secs] [Times: user=0.16 sys=0.01, real=0.02 secs] 
2016-09-15T12:39:27.923-0400: 3.987: [Full GC (Metadata GC Threshold) [PSYoungGen: 14893K->0K(229376K)] [ParOldGen: 14738K->20214K(519168K)] 29632K->20214K(748544K), [Metaspace: 35025K->35025K(1079296K)], 0.0592112 secs] [Times: user=0.40 sys=0.02, real=0.06 secs] 
2016-09-15T12:39:29.687-0400: 5.751: [GC (GCLocker Initiated GC) [PSYoungGen: 196608K->30183K(229376K)] 216827K->62561K(748544K), 0.0100191 secs] [Times: user=0.14 sys=0.00, real=0.02 secs] 
2016-09-15T12:39:30.516-0400: 6.580: [GC (GCLocker Initiated GC) [PSYoungGen: 226791K->21269K(229376K)] 265599K->60086K(748544K), 0.0171528 secs] [Times: user=0.19 sys=0.00, real=0.01 secs] 
2016-09-15T12:39:31.617-0400: 7.681: [GC (Allocation Failure) [PSYoungGen: 217877K->21751K(218624K)] 263118K->67000K(737792K), 0.0087317 secs] [Times: user=0.06 sys=0.00, real=0.00 secs] 
2016-09-15T12:39:32.644-0400: 8.708: [GC (Allocation Failure) [PSYoungGen: 218359K->21493K(225280K)] 263608K->66750K(744448K), 0.0125787 secs] [Times: user=0.15 sys=0.01, real=0.02 secs] 
2016-09-15T12:39:33.664-0400: 9.728: [GC (Allocation Failure) [PSYoungGen: 218613K->27622K(224768K)] 263870K->85063K(743936K), 0.0161931 secs] [Times: user=0.18 sys=0.02, real=0.02 secs] 
2016-09-15T12:39:34.117-0400: 10.181: [GC (GCLocker Initiated GC) [PSYoungGen: 224742K->34251K(219648K)] 282189K->152456K(738816K), 0.0103159 secs] [Times: user=0.11 sys=0.02, real=0.00 secs] 
2016-09-15T12:39:34.323-0400: 10.387: [GC (GCLocker Initiated GC) [PSYoungGen: 217547K->39414K(222720K)] 341964K->231953K(741888K), 0.0110049 secs] [Times: user=0.12 sys=0.02, real=0.01 secs] 
2016-09-15T12:39:34.559-0400: 10.624: [GC (GCLocker Initiated GC) [PSYoungGen: 222710K->39306K(162304K)] 427676K->347555K(681472K), 0.0166825 secs] [Times: user=0.23 sys=0.02, real=0.02 secs] 
2016-09-15T12:39:34.726-0400: 10.791: [GC (Allocation Failure) [PSYoungGen: 162186K->67945K(190976K)] 470600K->469158K(710144K), 0.0144479 secs] [Times: user=0.16 sys=0.08, real=0.02 secs] 
2016-09-15T12:39:34.902-0400: 10.966: [GC (GCLocker Initiated GC) [PSYoungGen: 185360K->67785K(162304K)] 592649K->548326K(681472K), 0.0109659 secs] [Times: user=0.12 sys=0.04, real=0.01 secs] 
2016-09-15T12:39:34.913-0400: 10.977: [Full GC (Ergonomics) [PSYoungGen: 67785K->0K(162304K)] [ParOldGen: 480541K->44593K(524288K)] 548326K->44593K(686592K), [Metaspace: 43493K->43493K(1085440K)], 0.2090901 secs] [Times: user=2.99 sys=0.01, real=0.21 secs] 
2016-09-15T12:39:35.247-0400: 11.311: [GC (Allocation Failure) [PSYoungGen: 91136K->74388K(165888K)] 135990K->119250K(690176K), 0.0073790 secs] [Times: user=0.09 sys=0.01, real=0.01 secs] 
2016-09-15T12:39:35.374-0400: 11.438: [GC (GCLocker Initiated GC) [PSYoungGen: 165524K->74028K(175104K)] 210386K->118891K(699392K), 0.0082654 secs] [Times: user=0.09 sys=0.00, real=0.01 secs] 
2016-09-15T12:39:35.492-0400: 11.556: [GC (GCLocker Initiated GC) [PSYoungGen: 162092K->86438K(175104K)] 207042K->186071K(699392K), 0.0122673 secs] [Times: user=0.18 sys=0.01, real=0.01 secs] 
2016-09-15T12:39:35.614-0400: 11.679: [GC (GCLocker Initiated GC) [PSYoungGen: 174502K->85986K(175104K)] 274205K->235000K(699392K), 0.0114872 secs] [Times: user=0.19 sys=0.00, real=0.01 secs] 
2016-09-15T12:39:35.725-0400: 11.789: [GC (GCLocker Initiated GC) [PSYoungGen: 174050K->61490K(175104K)] 329394K->290065K(699392K), 0.0109694 secs] [Times: user=0.16 sys=0.00, real=0.02 secs] 
2016-09-15T12:39:35.845-0400: 11.909: [GC (GCLocker Initiated GC) [PSYoungGen: 149554K->86182K(175104K)] 384430K->345689K(699392K), 0.0091300 secs] [Times: user=0.14 sys=0.00, real=0.01 secs] 
2016-09-15T12:39:35.985-0400: 12.049: [GC (GCLocker Initiated GC) [PSYoungGen: 174246K->61458K(175104K)] 433957K->358107K(699392K), 0.0085241 secs] [Times: user=0.13 sys=0.00, real=0.01 secs] 
2016-09-15T12:39:36.090-0400: 12.154: [GC (GCLocker Initiated GC) [PSYoungGen: 149522K->85822K(175104K)] 446230K->431438K(699392K), 0.0109329 secs] [Times: user=0.17 sys=0.00, real=0.01 secs] 
2016-09-15T12:39:36.226-0400: 12.291: [GC (GCLocker Initiated GC) [PSYoungGen: 173886K->79747K(175104K)] 519583K->510818K(699392K), 0.0129097 secs] [Times: user=0.21 sys=0.00, real=0.02 secs] 
2016-09-15T12:39:36.239-0400: 12.304: [Full GC (Ergonomics) [PSYoungGen: 79747K->0K(175104K)] [ParOldGen: 431070K->51266K(524288K)] 510818K->51266K(699392K), [Metaspace: 43543K->43543K(1085440K)], 0.0545354 secs] [Times: user=0.41 sys=0.01, real=0.05 secs] 
2016-09-15T12:39:36.410-0400: 12.474: [GC (Allocation Failure) [PSYoungGen: 88064K->86274K(175104K)] 139646K->180389K(699392K), 0.0101855 secs] [Times: user=0.14 sys=0.00, real=0.01 secs] 
2016-09-15T12:39:36.532-0400: 12.596: [GC (Allocation Failure) [PSYoungGen: 168874K->43265K(175104K)] 262990K->229577K(699392K), 0.0100591 secs] [Times: user=0.14 sys=0.00, real=0.01 secs] 
2016-09-15T12:39:36.651-0400: 12.715: [GC (GCLocker Initiated GC) [PSYoungGen: 130763K->73704K(175104K)] 323150K->302676K(699392K), 0.0097630 secs] [Times: user=0.14 sys=0.00, real=0.01 secs] 
2016-09-15T12:39:36.795-0400: 12.859: [GC (Allocation Failure) [PSYoungGen: 161768K->61622K(175104K)] 396828K->309132K(699392K), 0.0096220 secs] [Times: user=0.12 sys=0.00, real=0.01 secs] 
2016-09-15T12:39:36.907-0400: 12.971: [GC (GCLocker Initiated GC) [PSYoungGen: 144858K->55187K(175104K)] 398444K->327320K(699392K), 0.0081798 secs] [Times: user=0.11 sys=0.01, real=0.01 secs] 
2016-09-15T12:39:37.046-0400: 13.110: [GC (GCLocker Initiated GC) [PSYoungGen: 143251K->86050K(175104K)] 415589K->382832K(699392K), 0.0110752 secs] [Times: user=0.17 sys=0.00, real=0.02 secs] 
2016-09-15T12:39:37.206-0400: 13.270: [GC (GCLocker Initiated GC) [PSYoungGen: 174114K->67597K(175104K)] 477152K->407409K(699392K), 0.0103307 secs] [Times: user=0.15 sys=0.00, real=0.02 secs] 
2016-09-15T12:39:37.328-0400: 13.392: [GC (GCLocker Initiated GC) [PSYoungGen: 155661K->73900K(175104K)] 495738K->462901K(699392K), 0.0117284 secs] [Times: user=0.17 sys=0.00, real=0.01 secs] 
2016-09-15T12:39:37.463-0400: 13.527: [GC (GCLocker Initiated GC) [PSYoungGen: 161964K->43233K(175104K)] 557339K->505773K(699392K), 0.0113514 secs] [Times: user=0.14 sys=0.01, real=0.01 secs] 
2016-09-15T12:39:37.475-0400: 13.539: [Full GC (Ergonomics) [PSYoungGen: 43233K->0K(175104K)] [ParOldGen: 462540K->45066K(524288K)] 505773K->45066K(699392K), [Metaspace: 43653K->43653K(1085440K)], 0.0433569 secs] [Times: user=0.33 sys=0.00, real=0.05 secs] 
2016-09-15T12:39:37.633-0400: 13.697: [GC (GCLocker Initiated GC) [PSYoungGen: 88064K->86406K(175104K)] 139349K->161991K(699392K), 0.0116861 secs] [Times: user=0.16 sys=0.00, real=0.01 secs] 
2016-09-15T12:39:37.774-0400: 13.838: [GC (GCLocker Initiated GC) [PSYoungGen: 174470K->37090K(175104K)] 256160K->192595K(699392K), 0.0098653 secs] [Times: user=0.12 sys=0.00, real=0.01 secs] 
2016-09-15T12:39:37.905-0400: 13.969: [GC (GCLocker Initiated GC) [PSYoungGen: 125154K->85822K(175104K)] 286807K->302293K(699392K), 0.0108777 secs] [Times: user=0.16 sys=0.00, real=0.02 secs] 
2016-09-15T12:39:38.035-0400: 14.099: [GC (GCLocker Initiated GC) [PSYoungGen: 173886K->85986K(175104K)] 390567K->381982K(699392K), 0.0117833 secs] [Times: user=0.18 sys=0.00, real=0.01 secs] 
2016-09-15T12:39:38.172-0400: 14.236: [GC (GCLocker Initiated GC) [PSYoungGen: 174050K->37681K(175104K)] 476146K->376863K(699392K), 0.0080280 secs] [Times: user=0.11 sys=0.00, real=0.01 secs] 
2016-09-15T12:39:38.303-0400: 14.368: [GC (Allocation Failure) [PSYoungGen: 125745K->61358K(175104K)] 465652K->419813K(699392K), 0.0083892 secs] [Times: user=0.09 sys=0.00, real=0.01 secs] 
2016-09-15T12:39:38.419-0400: 14.483: [GC (GCLocker Initiated GC) [PSYoungGen: 149422K->73740K(175104K)] 507882K->474869K(699392K), 0.0122270 secs] [Times: user=0.17 sys=0.00, real=0.01 secs] 
2016-09-15T12:39:38.526-0400: 14.590: [GC (GCLocker Initiated GC) [PSYoungGen: 161804K->85854K(175104K)] 563092K->499936K(699392K), 0.0082047 secs] [Times: user=0.11 sys=0.01, real=0.01 secs] 
2016-09-15T12:39:38.650-0400: 14.714: [Full GC (Ergonomics) [PSYoungGen: 173918K->0K(175104K)] [ParOldGen: 426514K->51375K(524288K)] 600432K->51375K(699392K), [Metaspace: 43775K->43775K(1087488K)], 0.0587820 secs] [Times: user=0.32 sys=0.00, real=0.06 secs] 
2016-09-15T12:39:38.829-0400: 14.893: [GC (GCLocker Initiated GC) [PSYoungGen: 88064K->86210K(175104K)] 139688K->168217K(699392K), 0.0134169 secs] [Times: user=0.19 sys=0.00, real=0.01 secs] 
2016-09-15T12:39:38.960-0400: 15.024: [GC (GCLocker Initiated GC) [PSYoungGen: 174274K->85854K(175104K)] 256412K->247703K(699392K), 0.0118494 secs] [Times: user=0.17 sys=0.00, real=0.01 secs] 
2016-09-15T12:39:39.068-0400: 15.132: [GC (GCLocker Initiated GC) [PSYoungGen: 173918K->55419K(175104K)] 336050K->272509K(699392K), 0.0132085 secs] [Times: user=0.11 sys=0.00, real=0.01 secs] 
2016-09-15T12:39:39.209-0400: 15.273: [GC (GCLocker Initiated GC) [PSYoungGen: 143483K->85790K(175104K)] 372827K->315589K(699392K), 0.0074029 secs] [Times: user=0.10 sys=0.01, real=0.01 secs] 
2016-09-15T12:39:39.324-0400: 15.388: [GC (GCLocker Initiated GC) [PSYoungGen: 173854K->67533K(175104K)] 403712K->358293K(699392K), 0.0108746 secs] [Times: user=0.15 sys=0.01, real=0.01 secs] 
2016-09-15T12:39:39.460-0400: 15.524: [GC (GCLocker Initiated GC) [PSYoungGen: 155597K->61882K(175104K)] 452675K->432168K(699392K), 0.0099420 secs] [Times: user=0.14 sys=0.00, real=0.01 secs] 
2016-09-15T12:39:39.612-0400: 15.676: [GC (GCLocker Initiated GC) [PSYoungGen: 149946K->37322K(175104K)] 532535K->456824K(699392K), 0.0153282 secs] [Times: user=0.18 sys=0.00, real=0.01 secs] 
2016-09-15T12:39:39.627-0400: 15.691: [Full GC (Ergonomics) [PSYoungGen: 37322K->0K(175104K)] [ParOldGen: 419502K->51539K(524288K)] 456824K->51539K(699392K), [Metaspace: 43789K->43789K(1087488K)], 0.0427551 secs] [Times: user=0.30 sys=0.00, real=0.05 secs] 
2016-09-15T12:39:39.797-0400: 15.861: [GC (GCLocker Initiated GC) [PSYoungGen: 88064K->86018K(175104K)] 151762K->155791K(699392K), 0.0095245 secs] [Times: user=0.16 sys=0.00, real=0.00 secs] 
2016-09-15T12:39:39.902-0400: 15.966: [GC (GCLocker Initiated GC) [PSYoungGen: 174082K->61586K(175104K)] 244009K->186504K(699392K), 0.0102607 secs] [Times: user=0.16 sys=0.00, real=0.01 secs] 
2016-09-15T12:39:40.035-0400: 16.099: [GC (GCLocker Initiated GC) [PSYoungGen: 149650K->86314K(175104K)] 280736K->254165K(699392K), 0.0087234 secs] [Times: user=0.12 sys=0.00, real=0.01 secs] 
2016-09-15T12:39:40.153-0400: 16.218: [GC (GCLocker Initiated GC) [PSYoungGen: 174378K->73704K(175104K)] 342388K->260583K(699392K), 0.0101803 secs] [Times: user=0.12 sys=0.00, real=0.01 secs] 
2016-09-15T12:39:40.276-0400: 16.340: [GC (GCLocker Initiated GC) [PSYoungGen: 161768K->80075K(175104K)] 348692K->303577K(699392K), 0.0140997 secs] [Times: user=0.22 sys=0.00, real=0.02 secs] 
2016-09-15T12:39:40.409-0400: 16.473: [GC (GCLocker Initiated GC) [PSYoungGen: 168139K->85886K(175104K)] 397780K->340143K(699392K), 0.0096965 secs] [Times: user=0.14 sys=0.00, real=0.01 secs] 
2016-09-15T12:39:40.522-0400: 16.586: [GC (GCLocker Initiated GC) [PSYoungGen: 173950K->74032K(175104K)] 434345K->383375K(699392K), 0.0097001 secs] [Times: user=0.15 sys=0.00, real=0.01 secs] 
2016-09-15T12:39:40.654-0400: 16.718: [GC (GCLocker Initiated GC) [PSYoungGen: 162096K->73540K(175104K)] 471514K->401671K(699392K), 0.0100895 secs] [Times: user=0.15 sys=0.00, real=0.01 secs] 
2016-09-15T12:39:40.774-0400: 16.838: [GC (GCLocker Initiated GC) [PSYoungGen: 161604K->86150K(175104K)] 489872K->444952K(699392K), 0.0100245 secs] [Times: user=0.15 sys=0.00, real=0.01 secs] 
2016-09-15T12:39:40.897-0400: 16.961: [GC (GCLocker Initiated GC) [PSYoungGen: 174214K->55283K(175104K)] 539128K->487509K(699392K), 0.0102844 secs] [Times: user=0.15 sys=0.00, real=0.00 secs] 
2016-09-15T12:39:41.035-0400: 17.099: [GC (GCLocker Initiated GC) [PSYoungGen: 143347K->86150K(175104K)] 575660K->573306K(699392K), 0.0117946 secs] [Times: user=0.19 sys=0.01, real=0.01 secs] 
2016-09-15T12:39:41.047-0400: 17.111: [Full GC (Ergonomics) [PSYoungGen: 86150K->0K(175104K)] [ParOldGen: 487156K->51827K(524288K)] 573306K->51827K(699392K), [Metaspace: 43835K->43835K(1087488K)], 0.0610653 secs] [Times: user=0.44 sys=0.00, real=0.07 secs] 
2016-09-15T12:39:41.220-0400: 17.284: [GC (GCLocker Initiated GC) [PSYoungGen: 88064K->86110K(175104K)] 139932K->174428K(699392K), 0.0119710 secs] [Times: user=0.13 sys=0.00, real=0.01 secs] 
2016-09-15T12:39:41.333-0400: 17.398: [GC (GCLocker Initiated GC) [PSYoungGen: 174174K->73868K(175104K)] 274684K->266263K(699392K), 0.0116913 secs] [Times: user=0.20 sys=0.00, real=0.01 secs] 
2016-09-15T12:39:41.483-0400: 17.547: [GC (GCLocker Initiated GC) [PSYoungGen: 161932K->55611K(175104K)] 366636K->315633K(699392K), 0.0093541 secs] [Times: user=0.13 sys=0.01, real=0.01 secs] 
2016-09-15T12:39:41.619-0400: 17.683: [GC (GCLocker Initiated GC) [PSYoungGen: 143675K->85690K(175104K)] 404393K->371016K(699392K), 0.0099212 secs] [Times: user=0.13 sys=0.01, real=0.01 secs] 
2016-09-15T12:39:41.738-0400: 17.802: [GC (GCLocker Initiated GC) [PSYoungGen: 173754K->73772K(175104K)] 465381K->402016K(699392K), 0.0101934 secs] [Times: user=0.14 sys=0.00, real=0.01 secs] 
2016-09-15T12:39:41.879-0400: 17.943: [GC (GCLocker Initiated GC) [PSYoungGen: 161836K->85854K(175104K)] 490301K->457292K(699392K), 0.0154111 secs] [Times: user=0.16 sys=0.00, real=0.01 secs] 
2016-09-15T12:39:42.027-0400: 18.091: [GC (GCLocker Initiated GC) [PSYoungGen: 173918K->56002K(175104K)] 551741K->452218K(699392K), 0.0075641 secs] [Times: user=0.11 sys=0.01, real=0.01 secs] 
2016-09-15T12:39:42.143-0400: 18.207: [GC (GCLocker Initiated GC) [PSYoungGen: 144066K->55579K(175104K)] 552699K->464518K(699392K), 0.0074718 secs] [Times: user=0.09 sys=0.01, real=0.01 secs] 
2016-09-15T12:39:42.277-0400: 18.341: [GC (GCLocker Initiated GC) [PSYoungGen: 143643K->55383K(175104K)] 564892K->507315K(699392K), 0.0088543 secs] [Times: user=0.10 sys=0.00, real=0.00 secs] 
2016-09-15T12:39:42.286-0400: 18.350: [Full GC (Ergonomics) [PSYoungGen: 55383K->0K(175104K)] [ParOldGen: 451932K->51798K(524288K)] 507315K->51798K(699392K), [Metaspace: 43864K->43864K(1087488K)], 0.0532818 secs] [Times: user=0.35 sys=0.02, real=0.06 secs] 
2016-09-15T12:39:42.477-0400: 18.541: [GC (Allocation Failure) [PSYoungGen: 88064K->74288K(175104K)] 164507K->150731K(699392K), 0.0082866 secs] [Times: user=0.09 sys=0.00, real=0.00 secs] 
2016-09-15T12:39:42.486-0400: 18.551: [GC (GCLocker Initiated GC) [PSYoungGen: 74296K->64K(175104K)] 150739K->150745K(699392K), 0.0062941 secs] [Times: user=0.07 sys=0.01, real=0.01 secs] 
2016-09-15T12:39:42.602-0400: 18.667: [GC (GCLocker Initiated GC) [PSYoungGen: 88128K->85626K(175104K)] 238815K->242388K(699392K), 0.0079102 secs] [Times: user=0.11 sys=0.00, real=0.01 secs] 
2016-09-15T12:39:42.711-0400: 18.775: [GC (GCLocker Initiated GC) [PSYoungGen: 173690K->86346K(175104K)] 336614K->298053K(699392K), 0.0103703 secs] [Times: user=0.16 sys=0.00, real=0.01 secs] 
2016-09-15T12:39:42.859-0400: 18.923: [GC (GCLocker Initiated GC) [PSYoungGen: 174410K->18641K(175104K)] 398436K->298118K(699392K), 0.0139074 secs] [Times: user=0.16 sys=0.00, real=0.01 secs] 
2016-09-15T12:39:42.986-0400: 19.051: [GC (GCLocker Initiated GC) [PSYoungGen: 106705K->73444K(175104K)] 386240K->353130K(699392K), 0.0078515 secs] [Times: user=0.09 sys=0.01, real=0.01 secs] 
2016-09-15T12:39:43.127-0400: 19.191: [GC (Allocation Failure) [PSYoungGen: 161508K->43621K(175104K)] 447277K->384232K(699392K), 0.0100846 secs] [Times: user=0.11 sys=0.00, real=0.02 secs] 
2016-09-15T12:39:43.304-0400: 19.368: [GC (GCLocker Initiated GC) [PSYoungGen: 131685K->43105K(175104K)] 472297K->426954K(699392K), 0.0114565 secs] [Times: user=0.12 sys=0.00, real=0.01 secs] 
2016-09-15T12:39:43.464-0400: 19.528: [GC (GCLocker Initiated GC) [PSYoungGen: 131169K->79815K(175104K)] 515066K->464002K(699392K), 0.0138112 secs] [Times: user=0.16 sys=0.00, real=0.02 secs] 
2016-09-15T12:39:43.683-0400: 19.748: [GC (Allocation Failure) [PSYoungGen: 167879K->36998K(175104K)] 552108K->458125K(699392K), 0.0302591 secs] [Times: user=0.33 sys=0.01, real=0.03 secs] 
2016-09-15T12:39:43.855-0400: 19.920: [GC (GCLocker Initiated GC) [PSYoungGen: 125062K->55351K(175104K)] 546189K->525354K(699392K), 0.0116878 secs] [Times: user=0.11 sys=0.00, real=0.01 secs] 
2016-09-15T12:39:43.867-0400: 19.931: [Full GC (Ergonomics) [PSYoungGen: 55351K->0K(175104K)] [ParOldGen: 470002K->58893K(524288K)] 525354K->58893K(699392K), [Metaspace: 43866K->43866K(1087488K)], 0.0799995 secs] [Times: user=0.33 sys=0.02, real=0.08 secs] 
2016-09-15T12:39:45.480-0400: 21.545: [GC (GCLocker Initiated GC) [PSYoungGen: 88064K->86274K(175104K)] 147006K->175591K(699392K), 0.0203972 secs] [Times: user=0.21 sys=0.00, real=0.02 secs] 
2016-09-15T12:39:45.595-0400: 21.659: [GC (GCLocker Initiated GC) [PSYoungGen: 174338K->80630K(175104K)] 275959K->274168K(699392K), 0.0136337 secs] [Times: user=0.21 sys=0.00, real=0.02 secs] 
2016-09-15T12:39:45.705-0400: 21.769: [GC (GCLocker Initiated GC) [PSYoungGen: 168694K->73572K(175104K)] 362342K->334711K(699392K), 0.0131226 secs] [Times: user=0.20 sys=0.00, real=0.02 secs] 
2016-09-15T12:39:45.805-0400: 21.869: [GC (GCLocker Initiated GC) [PSYoungGen: 161636K->73968K(175104K)] 429023K->426541K(699392K), 0.0178280 secs] [Times: user=0.21 sys=0.00, real=0.02 secs] 
2016-09-15T12:39:45.952-0400: 22.016: [GC (GCLocker Initiated GC) [PSYoungGen: 162032K->73640K(175104K)] 514809K->518505K(699392K), 0.0142883 secs] [Times: user=0.18 sys=0.00, real=0.01 secs] 
2016-09-15T12:39:45.967-0400: 22.031: [Full GC (Ergonomics) [PSYoungGen: 73640K->0K(175104K)] [ParOldGen: 444865K->58917K(524288K)] 518505K->58917K(699392K), [Metaspace: 43876K->43876K(1087488K)], 0.0672289 secs] [Times: user=0.40 sys=0.02, real=0.07 secs] 
2016-09-15T12:39:46.139-0400: 22.203: [GC (GCLocker Initiated GC) [PSYoungGen: 88064K->86110K(175104K)] 147029K->187600K(699392K), 0.0103528 secs] [Times: user=0.14 sys=0.01, real=0.01 secs] 
2016-09-15T12:39:46.253-0400: 22.318: [GC (GCLocker Initiated GC) [PSYoungGen: 174174K->86118K(175104K)] 275695K->303800K(699392K), 0.0153558 secs] [Times: user=0.23 sys=0.00, real=0.02 secs] 
2016-09-15T12:39:46.371-0400: 22.435: [GC (Allocation Failure) [PSYoungGen: 174182K->55479K(175104K)] 392023K->383134K(699392K), 0.0143012 secs] [Times: user=0.18 sys=0.01, real=0.01 secs] 
2016-09-15T12:39:46.476-0400: 22.540: [GC (GCLocker Initiated GC) [PSYoungGen: 143543K->85690K(175104K)] 471203K->523016K(699392K), 0.0159532 secs] [Times: user=0.24 sys=0.00, real=0.01 secs] 
2016-09-15T12:39:46.492-0400: 22.556: [Full GC (Ergonomics) [PSYoungGen: 85690K->0K(175104K)] [ParOldGen: 437326K->70738K(524288K)] 523016K->70738K(699392K), [Metaspace: 43876K->43876K(1087488K)], 0.0507750 secs] [Times: user=0.35 sys=0.01, real=0.05 secs] 
2016-09-15T12:39:46.638-0400: 22.702: [GC (GCLocker Initiated GC) [PSYoungGen: 88064K->86566K(175104K)] 159371K->182173K(699392K), 0.0093692 secs] [Times: user=0.12 sys=0.00, real=0.01 secs] 
2016-09-15T12:39:46.742-0400: 22.806: [GC (GCLocker Initiated GC) [PSYoungGen: 174630K->85854K(175104K)] 276364K->273778K(699392K), 0.0129663 secs] [Times: user=0.19 sys=0.00, real=0.01 secs] 
2016-09-15T12:39:46.866-0400: 22.930: [GC (GCLocker Initiated GC) [PSYoungGen: 173918K->85986K(175104K)] 362085K->335243K(699392K), 0.0117110 secs] [Times: user=0.16 sys=0.00, real=0.02 secs] 
2016-09-15T12:39:46.978-0400: 23.042: [GC (GCLocker Initiated GC) [PSYoungGen: 174050K->73476K(175104K)] 423488K->396097K(699392K), 0.0122720 secs] [Times: user=0.17 sys=0.00, real=0.01 secs] 
2016-09-15T12:39:47.107-0400: 23.171: [GC (GCLocker Initiated GC) [PSYoungGen: 161540K->85822K(175104K)] 490442K->487776K(699392K), 0.0137327 secs] [Times: user=0.19 sys=0.00, real=0.02 secs] 
2016-09-15T12:39:47.120-0400: 23.185: [Full GC (Ergonomics) [PSYoungGen: 85822K->0K(175104K)] [ParOldGen: 401954K->51803K(524288K)] 487776K->51803K(699392K), [Metaspace: 43917K->43917K(1087488K)], 0.0657053 secs] [Times: user=0.37 sys=0.02, real=0.06 secs] 
2016-09-15T12:39:47.326-0400: 23.391: [GC (GCLocker Initiated GC) [PSYoungGen: 88064K->86078K(175104K)] 140228K->162542K(699392K), 0.0099667 secs] [Times: user=0.13 sys=0.00, real=0.02 secs] 
2016-09-15T12:39:47.449-0400: 23.513: [GC (GCLocker Initiated GC) [PSYoungGen: 174142K->61490K(175104K)] 250659K->254004K(699392K), 0.0141523 secs] [Times: user=0.18 sys=0.02, real=0.01 secs] 
2016-09-15T12:39:47.590-0400: 23.654: [GC (GCLocker Initiated GC) [PSYoungGen: 149554K->67729K(175104K)] 342385K->327536K(699392K), 0.0139645 secs] [Times: user=0.14 sys=0.01, real=0.01 secs] 
2016-09-15T12:39:47.687-0400: 23.751: [GC (GCLocker Initiated GC) [PSYoungGen: 155793K->85854K(175104K)] 415614K->412816K(699392K), 0.0122265 secs] [Times: user=0.15 sys=0.01, real=0.02 secs] 
2016-09-15T12:39:47.849-0400: 23.913: [GC (GCLocker Initiated GC) [PSYoungGen: 173918K->73868K(175104K)] 507165K->474107K(699392K), 0.0123382 secs] [Times: user=0.18 sys=0.00, real=0.01 secs] 
2016-09-15T12:39:47.862-0400: 23.926: [Full GC (Ergonomics) [PSYoungGen: 73868K->0K(175104K)] [ParOldGen: 400239K->51974K(524288K)] 474107K->51974K(699392K), [Metaspace: 43941K->43941K(1087488K)], 0.0500792 secs] [Times: user=0.39 sys=0.01, real=0.05 secs] 
2016-09-15T12:39:48.037-0400: 24.101: [GC (GCLocker Initiated GC) [PSYoungGen: 88064K->86078K(175104K)] 140120K->162435K(699392K), 0.0100906 secs] [Times: user=0.12 sys=0.00, real=0.00 secs] 
2016-09-15T12:39:48.185-0400: 24.249: [GC (GCLocker Initiated GC) [PSYoungGen: 174142K->73284K(175104K)] 256885K->199060K(699392K), 0.0163082 secs] [Times: user=0.10 sys=0.01, real=0.02 secs] 
2016-09-15T12:39:48.319-0400: 24.383: [GC (GCLocker Initiated GC) [PSYoungGen: 161348K->85986K(175104K)] 287170K->284868K(699392K), 0.0124551 secs] [Times: user=0.19 sys=0.00, real=0.01 secs] 
2016-09-15T12:39:48.462-0400: 24.526: [GC (GCLocker Initiated GC) [PSYoungGen: 174050K->67729K(175104K)] 372974K->333933K(699392K), 0.0111951 secs] [Times: user=0.13 sys=0.01, real=0.01 secs] 
2016-09-15T12:39:48.567-0400: 24.631: [GC (GCLocker Initiated GC) [PSYoungGen: 155793K->85854K(175104K)] 428433K->419732K(699392K), 0.0105778 secs] [Times: user=0.16 sys=0.00, real=0.02 secs] 
2016-09-15T12:39:48.677-0400: 24.741: [GC (GCLocker Initiated GC) [PSYoungGen: 173918K->86018K(175104K)] 508146K->450928K(699392K), 0.0109883 secs] [Times: user=0.17 sys=0.00, real=0.01 secs] 
2016-09-15T12:39:48.799-0400: 24.864: [GC (GCLocker Initiated GC) [PSYoungGen: 174082K->85854K(175104K)] 539263K->493860K(699392K), 0.0101953 secs] [Times: user=0.15 sys=0.00, real=0.01 secs] 
2016-09-15T12:39:48.940-0400: 25.004: [GC (GCLocker Initiated GC) [PSYoungGen: 173918K->85790K(175104K)] 582229K->548896K(699392K), 0.0160319 secs] [Times: user=0.16 sys=0.00, real=0.02 secs] 
2016-09-15T12:39:48.956-0400: 25.020: [Full GC (Ergonomics) [PSYoungGen: 85790K->0K(175104K)] [ParOldGen: 463106K->57929K(524288K)] 548896K->57929K(699392K), [Metaspace: 43947K->43947K(1087488K)], 0.0969134 secs] [Times: user=0.48 sys=0.04, real=0.09 secs] 
2016-09-15T12:39:49.183-0400: 25.247: [GC (GCLocker Initiated GC) [PSYoungGen: 88064K->86050K(175104K)] 146359K->150420K(699392K), 0.0121963 secs] [Times: user=0.16 sys=0.00, real=0.01 secs] 
2016-09-15T12:39:49.324-0400: 25.388: [GC (GCLocker Initiated GC) [PSYoungGen: 174114K->73576K(175104K)] 238554K->174954K(699392K), 0.0096818 secs] [Times: user=0.12 sys=0.00, real=0.01 secs] 
2016-09-15T12:39:49.455-0400: 25.520: [GC (GCLocker Initiated GC) [PSYoungGen: 161640K->61294K(175104K)] 269253K->187415K(699392K), 0.0113560 secs] [Times: user=0.12 sys=0.01, real=0.01 secs] 
2016-09-15T12:39:49.583-0400: 25.647: [GC (GCLocker Initiated GC) [PSYoungGen: 149358K->73900K(175104K)] 281629K->236698K(699392K), 0.0125359 secs] [Times: user=0.13 sys=0.00, real=0.02 secs] 
2016-09-15T12:39:49.744-0400: 25.808: [GC (GCLocker Initiated GC) [PSYoungGen: 161964K->36934K(175104K)] 337065K->267142K(699392K), 0.0145931 secs] [Times: user=0.10 sys=0.00, real=0.02 secs] 
2016-09-15T12:39:49.886-0400: 25.950: [GC (Allocation Failure) [PSYoungGen: 124998K->85886K(175104K)] 355265K->340752K(699392K), 0.0115849 secs] [Times: user=0.13 sys=0.00, real=0.02 secs] 
2016-09-15T12:39:49.898-0400: 25.962: [GC (GCLocker Initiated GC) [PSYoungGen: 85896K->32K(175104K)] 340762K->346378K(699392K), 0.0095092 secs] [Times: user=0.10 sys=0.00, real=0.00 secs] 
2016-09-15T12:39:50.014-0400: 26.078: [GC (GCLocker Initiated GC) [PSYoungGen: 85430K->86306K(175104K)] 437851K->450877K(699392K), 0.0118972 secs] [Times: user=0.12 sys=0.00, real=0.01 secs] 
2016-09-15T12:39:50.138-0400: 26.202: [GC (GCLocker Initiated GC) [PSYoungGen: 174370K->49340K(175104K)] 539011K->512165K(699392K), 0.0184130 secs] [Times: user=0.22 sys=0.00, real=0.02 secs] 
2016-09-15T12:39:50.157-0400: 26.221: [Full GC (Ergonomics) [PSYoungGen: 49340K->0K(175104K)] [ParOldGen: 462825K->58027K(524288K)] 512165K->58027K(699392K), [Metaspace: 43950K->43950K(1087488K)], 0.0625418 secs] [Times: user=0.34 sys=0.02, real=0.06 secs] 
2016-09-15T12:39:50.341-0400: 26.405: [GC (GCLocker Initiated GC) [PSYoungGen: 88064K->86210K(175104K)] 152259K->168630K(699392K), 0.0097342 secs] [Times: user=0.14 sys=0.00, real=0.01 secs] 
2016-09-15T12:39:50.492-0400: 26.556: [GC (GCLocker Initiated GC) [PSYoungGen: 174274K->43201K(175104K)] 262782K->187244K(699392K), 0.0252967 secs] [Times: user=0.28 sys=0.00, real=0.03 secs] 
2016-09-15T12:39:50.655-0400: 26.719: [GC (GCLocker Initiated GC) [PSYoungGen: 131265K->85594K(175104K)] 275327K->260182K(699392K), 0.0130020 secs] [Times: user=0.16 sys=0.01, real=0.02 secs] 
2016-09-15T12:39:50.788-0400: 26.852: [GC (GCLocker Initiated GC) [PSYoungGen: 173658K->73608K(175104K)] 354363K->272674K(699392K), 0.0112413 secs] [Times: user=0.12 sys=0.00, real=0.01 secs] 
2016-09-15T12:39:50.912-0400: 26.976: [GC (GCLocker Initiated GC) [PSYoungGen: 161672K->49244K(175104K)] 367168K->321857K(699392K), 0.0192850 secs] [Times: user=0.20 sys=0.00, real=0.02 secs] 
2016-09-15T12:39:55.191-0400: 31.255: [GC (GCLocker Initiated GC) [PSYoungGen: 137308K->86182K(175104K)] 410182K->359371K(699392K), 0.0259922 secs] [Times: user=0.30 sys=0.01, real=0.03 secs] 
2016-09-15T12:39:55.345-0400: 31.409: [GC (GCLocker Initiated GC) [PSYoungGen: 174244K->73868K(175104K)] 447772K->384473K(699392K), 0.0107963 secs] [Times: user=0.13 sys=0.00, real=0.01 secs] 
2016-09-15T12:39:55.483-0400: 31.547: [GC (GCLocker Initiated GC) [PSYoungGen: 161932K->74032K(175104K)] 472893K->403353K(699392K), 0.0106151 secs] [Times: user=0.12 sys=0.01, real=0.01 secs] 
2016-09-15T12:39:55.617-0400: 31.681: [GC (GCLocker Initiated GC) [PSYoungGen: 162096K->73512K(175104K)] 497787K->445952K(699392K), 0.0140647 secs] [Times: user=0.15 sys=0.00, real=0.01 secs] 
2016-09-15T12:39:55.747-0400: 31.812: [GC (GCLocker Initiated GC) [PSYoungGen: 161576K->67501K(175104K)] 540167K->494803K(699392K), 0.0153511 secs] [Times: user=0.19 sys=0.00, real=0.02 secs] 
2016-09-15T12:39:55.884-0400: 31.948: [Full GC (Ergonomics) [PSYoungGen: 155565K->0K(175104K)] [ParOldGen: 433682K->52318K(524288K)] 589247K->52318K(699392K), [Metaspace: 43957K->43957K(1087488K)], 0.0625455 secs] [Times: user=0.36 sys=0.01, real=0.06 secs] 
2016-09-15T12:39:56.079-0400: 32.143: [GC (GCLocker Initiated GC) [PSYoungGen: 88064K->85918K(175104K)] 146655K->156659K(699392K), 0.0175063 secs] [Times: user=0.20 sys=0.01, real=0.02 secs] 
2016-09-15T12:39:56.222-0400: 32.286: [GC (GCLocker Initiated GC) [PSYoungGen: 173982K->49308K(175104K)] 244760K->193713K(699392K), 0.0207542 secs] [Times: user=0.24 sys=0.01, real=0.02 secs] 
2016-09-15T12:39:56.353-0400: 32.417: [GC (GCLocker Initiated GC) [PSYoungGen: 137372K->61426K(175104K)] 281893K->272931K(699392K), 0.0213502 secs] [Times: user=0.26 sys=0.00, real=0.02 secs] 
2016-09-15T12:39:56.489-0400: 32.553: [GC (GCLocker Initiated GC) [PSYoungGen: 149490K->37290K(175104K)] 361155K->316080K(699392K), 0.0116951 secs] [Times: user=0.13 sys=0.00, real=0.01 secs] 
2016-09-15T12:39:56.614-0400: 32.678: [GC (GCLocker Initiated GC) [PSYoungGen: 125354K->85626K(175104K)] 404276K->383385K(699392K), 0.0122826 secs] [Times: user=0.17 sys=0.02, real=0.01 secs] 
2016-09-15T12:39:56.739-0400: 32.803: [GC (GCLocker Initiated GC) [PSYoungGen: 173690K->73608K(175104K)] 471548K->402008K(699392K), 0.0118654 secs] [Times: user=0.16 sys=0.01, real=0.01 secs] 
2016-09-15T12:39:56.884-0400: 32.948: [GC (Allocation Failure) [PSYoungGen: 161672K->85662K(175104K)] 490119K->432610K(699392K), 0.0105027 secs] [Times: user=0.10 sys=0.01, real=0.01 secs] 
2016-09-15T12:39:57.019-0400: 33.083: [GC (Allocation Failure) [PSYoungGen: 173726K->86018K(175104K)] 520674K->481857K(699392K), 0.0123472 secs] [Times: user=0.16 sys=0.01, real=0.01 secs] 
2016-09-15T12:39:57.154-0400: 33.218: [GC (GCLocker Initiated GC) [PSYoungGen: 174082K->61522K(175104K)] 569928K->512367K(699392K), 0.0210975 secs] [Times: user=0.22 sys=0.00, real=0.02 secs] 
2016-09-15T12:39:57.175-0400: 33.239: [Full GC (Ergonomics) [PSYoungGen: 61522K->0K(175104K)] [ParOldGen: 450844K->52346K(524288K)] 512367K->52346K(699392K), [Metaspace: 43960K->43960K(1087488K)], 0.0618262 secs] [Times: user=0.34 sys=0.04, real=0.07 secs] 
2016-09-15T12:39:57.351-0400: 33.415: [GC (GCLocker Initiated GC) [PSYoungGen: 88064K->73832K(175104K)] 146661K->132429K(699392K), 0.0100702 secs] [Times: user=0.14 sys=0.00, real=0.01 secs] 
2016-09-15T12:39:57.481-0400: 33.545: [GC (GCLocker Initiated GC) [PSYoungGen: 161896K->86050K(175104K)] 220614K->175722K(699392K), 0.0122616 secs] [Times: user=0.18 sys=0.00, real=0.01 secs] 
2016-09-15T12:39:57.631-0400: 33.695: [GC (GCLocker Initiated GC) [PSYoungGen: 174114K->85658K(175104K)] 263850K->218399K(699392K), 0.0123339 secs] [Times: user=0.16 sys=0.02, real=0.01 secs] 
2016-09-15T12:39:57.765-0400: 33.829: [GC (GCLocker Initiated GC) [PSYoungGen: 173722K->79911K(175104K)] 312585K->255383K(699392K), 0.0119096 secs] [Times: user=0.15 sys=0.02, real=0.02 secs] 
2016-09-15T12:39:57.912-0400: 33.976: [GC (GCLocker Initiated GC) [PSYoungGen: 167975K->85662K(175104K)] 343579K->298015K(699392K), 0.0154629 secs] [Times: user=0.14 sys=0.01, real=0.01 secs] 
2016-09-15T12:39:58.076-0400: 34.141: [GC (GCLocker Initiated GC) [PSYoungGen: 173726K->43429K(175104K)] 398349K->335185K(699392K), 0.0145620 secs] [Times: user=0.14 sys=0.00, real=0.01 secs] 
2016-09-15T12:39:58.261-0400: 34.325: [GC (GCLocker Initiated GC) [PSYoungGen: 131493K->43105K(175104K)] 435412K->347291K(699392K), 0.0110807 secs] [Times: user=0.09 sys=0.01, real=0.01 secs] 
2016-09-15T12:39:58.430-0400: 34.494: [GC (GCLocker Initiated GC) [PSYoungGen: 131169K->61198K(175104K)] 435689K->390310K(699392K), 0.0318240 secs] [Times: user=0.34 sys=0.01, real=0.03 secs] 
2016-09-15T12:39:58.575-0400: 34.639: [GC (GCLocker Initiated GC) [PSYoungGen: 149262K->85922K(175104K)] 484597K->451775K(699392K), 0.0157112 secs] [Times: user=0.21 sys=0.01, real=0.02 secs] 
2016-09-15T12:39:58.723-0400: 34.787: [GC (GCLocker Initiated GC) [PSYoungGen: 173986K->30859K(175104K)] 540072K->439893K(699392K), 0.0198009 secs] [Times: user=0.18 sys=0.00, real=0.02 secs] 
2016-09-15T12:39:58.897-0400: 34.961: [GC (GCLocker Initiated GC) [PSYoungGen: 118923K->85854K(175104K)] 534169K->519633K(699392K), 0.0186404 secs] [Times: user=0.27 sys=0.01, real=0.02 secs] 
2016-09-15T12:39:59.029-0400: 35.093: [GC (GCLocker Initiated GC) [PSYoungGen: 173918K->55123K(175104K)] 607739K->525677K(699392K), 0.0338800 secs] [Times: user=0.44 sys=0.02, real=0.03 secs] 
2016-09-15T12:39:59.063-0400: 35.127: [Full GC (Ergonomics) [PSYoungGen: 55123K->0K(175104K)] [ParOldGen: 470554K->58369K(524288K)] 525677K->58369K(699392K), [Metaspace: 43991K->43991K(1087488K)], 0.0598101 secs] [Times: user=0.53 sys=0.02, real=0.06 secs] 
2016-09-15T12:39:59.224-0400: 35.288: [GC (GCLocker Initiated GC) [PSYoungGen: 88064K->86694K(175104K)] 146474K->169413K(699392K), 0.0133166 secs] [Times: user=0.19 sys=0.00, real=0.02 secs] 
2016-09-15T12:39:59.350-0400: 35.415: [GC (GCLocker Initiated GC) [PSYoungGen: 174758K->61654K(175104K)] 269686K->212421K(699392K), 0.0110841 secs] [Times: user=0.18 sys=0.00, real=0.01 secs] 
2016-09-15T12:39:59.485-0400: 35.550: [GC (Allocation Failure) [PSYoungGen: 149718K->73804K(175104K)] 306910K->255743K(699392K), 0.0162824 secs] [Times: user=0.22 sys=0.00, real=0.02 secs] 
2016-09-15T12:39:59.645-0400: 35.709: [GC (GCLocker Initiated GC) [PSYoungGen: 158263K->36998K(175104K)] 346278K->243505K(699392K), 0.0261188 secs] [Times: user=0.29 sys=0.00, real=0.03 secs] 
2016-09-15T12:39:59.794-0400: 35.858: [GC (GCLocker Initiated GC) [PSYoungGen: 125062K->73576K(175104K)] 331694K->280344K(699392K), 0.0126607 secs] [Times: user=0.17 sys=0.00, real=0.01 secs] 
2016-09-15T12:39:59.907-0400: 35.971: [GC (GCLocker Initiated GC) [PSYoungGen: 161640K->55451K(175104K)] 368444K->292921K(699392K), 0.0173693 secs] [Times: user=0.20 sys=0.00, real=0.02 secs] 
2016-09-15T12:40:00.058-0400: 36.123: [GC (GCLocker Initiated GC) [PSYoungGen: 143515K->67501K(175104K)] 387108K->360006K(699392K), 0.0099148 secs] [Times: user=0.11 sys=0.01, real=0.01 secs] 
2016-09-15T12:40:00.215-0400: 36.279: [GC (GCLocker Initiated GC) [PSYoungGen: 155565K->55415K(175104K)] 460480K->421355K(699392K), 0.0145026 secs] [Times: user=0.15 sys=0.01, real=0.02 secs] 
2016-09-15T12:40:00.334-0400: 36.399: [GC (Allocation Failure) [PSYoungGen: 143479K->61298K(175104K)] 509623K->427514K(699392K), 0.0121690 secs] [Times: user=0.11 sys=0.00, real=0.01 secs] 
2016-09-15T12:40:00.450-0400: 36.514: [GC (GCLocker Initiated GC) [PSYoungGen: 149362K->73708K(175104K)] 515579K->488816K(699392K), 0.0170121 secs] [Times: user=0.19 sys=0.00, real=0.01 secs] 
2016-09-15T12:40:00.595-0400: 36.659: [GC (GCLocker Initiated GC) [PSYoungGen: 161772K->37194K(175104K)] 589167K->483417K(699392K), 0.0123528 secs] [Times: user=0.16 sys=0.00, real=0.01 secs] 
2016-09-15T12:40:00.607-0400: 36.671: [Full GC (Ergonomics) [PSYoungGen: 37194K->0K(175104K)] [ParOldGen: 446223K->45958K(524288K)] 483417K->45958K(699392K), [Metaspace: 44027K->44027K(1087488K)], 0.0474079 secs] [Times: user=0.30 sys=0.00, real=0.05 secs] 
2016-09-15T12:40:00.767-0400: 36.831: [GC (Allocation Failure) [PSYoungGen: 88064K->73676K(175104K)] 134221K->119833K(699392K), 0.0115186 secs] [Times: user=0.11 sys=0.01, real=0.02 secs] 
2016-09-15T12:40:00.893-0400: 36.957: [GC (Allocation Failure) [PSYoungGen: 161510K->55447K(175104K)] 207667K->156563K(699392K), 0.0093171 secs] [Times: user=0.12 sys=0.00, real=0.01 secs] 
2016-09-15T12:40:01.031-0400: 37.095: [GC (GCLocker Initiated GC) [PSYoungGen: 143511K->86018K(175104K)] 244632K->193538K(699392K), 0.0103705 secs] [Times: user=0.13 sys=0.01, real=0.01 secs] 
2016-09-15T12:40:01.197-0400: 37.261: [GC (GCLocker Initiated GC) [PSYoungGen: 174082K->55383K(175104K)] 281851K->200097K(699392K), 0.0121008 secs] [Times: user=0.12 sys=0.00, real=0.01 secs] 
2016-09-15T12:40:01.334-0400: 37.398: [GC (GCLocker Initiated GC) [PSYoungGen: 143447K->61458K(175104K)] 288500K->224855K(699392K), 0.0104776 secs] [Times: user=0.10 sys=0.00, real=0.01 secs] 
2016-09-15T12:40:01.474-0400: 37.538: [GC (GCLocker Initiated GC) [PSYoungGen: 149522K->67241K(175104K)] 313083K->249123K(699392K), 0.0148645 secs] [Times: user=0.13 sys=0.00, real=0.02 secs] 
2016-09-15T12:40:01.609-0400: 37.674: [GC (GCLocker Initiated GC) [PSYoungGen: 155305K->85694K(175104K)] 343343K->279943K(699392K), 0.0177207 secs] [Times: user=0.18 sys=0.00, real=0.01 secs] 
2016-09-15T12:40:01.740-0400: 37.804: [GC (GCLocker Initiated GC) [PSYoungGen: 173758K->61558K(175104K)] 374263K->298781K(699392K), 0.0093014 secs] [Times: user=0.07 sys=0.00, real=0.01 secs] 
2016-09-15T12:40:01.848-0400: 37.912: [GC (GCLocker Initiated GC) [PSYoungGen: 149622K->61394K(175104K)] 393069K->335507K(699392K), 0.0259545 secs] [Times: user=0.28 sys=0.00, real=0.02 secs] 
2016-09-15T12:40:02.000-0400: 38.064: [GC (GCLocker Initiated GC) [PSYoungGen: 149458K->37322K(175104K)] 429652K->335828K(699392K), 0.0076672 secs] [Times: user=0.07 sys=0.00, real=0.01 secs] 
2016-09-15T12:40:02.117-0400: 38.181: [GC (GCLocker Initiated GC) [PSYoungGen: 125386K->73612K(175104K)] 430317K->397028K(699392K), 0.0161187 secs] [Times: user=0.16 sys=0.00, real=0.01 secs] 
2016-09-15T12:40:02.249-0400: 38.313: [GC (GCLocker Initiated GC) [PSYoungGen: 161676K->61394K(175104K)] 491377K->427664K(699392K), 0.0165570 secs] [Times: user=0.18 sys=0.00, real=0.01 secs] 
2016-09-15T12:40:02.381-0400: 38.445: [GC (GCLocker Initiated GC) [PSYoungGen: 149458K->55483K(175104K)] 522018K->458506K(699392K), 0.0112023 secs] [Times: user=0.11 sys=0.02, real=0.01 secs] 
2016-09-15T12:40:02.494-0400: 38.559: [GC (GCLocker Initiated GC) [PSYoungGen: 143547K->55807K(175104K)] 552866K->483658K(699392K), 0.0077096 secs] [Times: user=0.10 sys=0.00, real=0.01 secs] 
2016-09-15T12:40:02.616-0400: 38.680: [GC (Allocation Failure) [PSYoungGen: 143871K->85986K(175104K)] 571774K->520271K(699392K), 0.0097795 secs] [Times: user=0.14 sys=0.00, real=0.00 secs] 
2016-09-15T12:40:02.729-0400: 38.793: [GC (GCLocker Initiated GC) [PSYoungGen: 174050K->73476K(175104K)] 608336K->526302K(699392K), 0.0099943 secs] [Times: user=0.13 sys=0.00, real=0.01 secs] 
2016-09-15T12:40:02.855-0400: 38.919: [GC (GCLocker Initiated GC) [PSYoungGen: 161540K->73740K(175104K)] 620651K->545120K(699392K), 0.0310075 secs] [Times: user=0.32 sys=0.01, real=0.03 secs] 
2016-09-15T12:40:02.886-0400: 38.950: [Full GC (Ergonomics) [PSYoungGen: 73740K->0K(175104K)] [ParOldGen: 471380K->52375K(524288K)] 545120K->52375K(699392K), [Metaspace: 44089K->44089K(1087488K)], 0.0489365 secs] [Times: user=0.22 sys=0.00, real=0.05 secs] 
2016-09-15T12:40:03.055-0400: 39.119: [GC (Allocation Failure) [PSYoungGen: 88064K->85854K(175104K)] 141150K->145015K(699392K), 0.0174650 secs] [Times: user=0.20 sys=0.00, real=0.02 secs] 
2016-09-15T12:40:03.185-0400: 39.250: [GC (GCLocker Initiated GC) [PSYoungGen: 173918K->61230K(175104K)] 233085K->157378K(699392K), 0.0146406 secs] [Times: user=0.18 sys=0.00, real=0.02 secs] 
2016-09-15T12:40:03.303-0400: 39.367: [GC (Allocation Failure) [PSYoungGen: 149294K->43105K(175104K)] 251542K->163689K(699392K), 0.0218963 secs] [Times: user=0.28 sys=0.01, real=0.02 secs] 
2016-09-15T12:40:03.464-0400: 39.528: [GC (GCLocker Initiated GC) [PSYoungGen: 128640K->36934K(175104K)] 255299K->200319K(699392K), 0.0174091 secs] [Times: user=0.22 sys=0.00, real=0.02 secs] 
2016-09-15T12:40:03.599-0400: 39.663: [GC (GCLocker Initiated GC) [PSYoungGen: 124998K->55483K(175104K)] 294466K->225094K(699392K), 0.0066177 secs] [Times: user=0.09 sys=0.00, real=0.00 secs] 
2016-09-15T12:40:03.700-0400: 39.764: [GC (GCLocker Initiated GC) [PSYoungGen: 143547K->85722K(175104K)] 313183K->279950K(699392K), 0.0130159 secs] [Times: user=0.18 sys=0.00, real=0.01 secs] 
2016-09-15T12:40:03.861-0400: 39.925: [GC (Allocation Failure) [PSYoungGen: 173786K->43333K(175104K)] 374186K->298520K(699392K), 0.0279774 secs] [Times: user=0.34 sys=0.00, real=0.03 secs] 
2016-09-15T12:40:04.003-0400: 40.067: [GC (GCLocker Initiated GC) [PSYoungGen: 125663K->61298K(175104K)] 386926K->335142K(699392K), 0.0105733 secs] [Times: user=0.08 sys=0.00, real=0.01 secs] 
2016-09-15T12:40:04.122-0400: 40.186: [GC (Allocation Failure) [PSYoungGen: 149362K->85694K(175104K)] 423471K->378320K(699392K), 0.0256527 secs] [Times: user=0.28 sys=0.00, real=0.03 secs] 
2016-09-15T12:40:04.279-0400: 40.343: [GC (GCLocker Initiated GC) [PSYoungGen: 169051K->42941K(175104K)] 467752K->378343K(699392K), 0.0121366 secs] [Times: user=0.11 sys=0.00, real=0.01 secs] 
2016-09-15T12:40:04.409-0400: 40.473: [GC (Allocation Failure) [PSYoungGen: 131005K->85630K(175104K)] 466763K->427566K(699392K), 0.0202715 secs] [Times: user=0.22 sys=0.00, real=0.02 secs] 
2016-09-15T12:40:04.538-0400: 40.602: [GC (GCLocker Initiated GC) [PSYoungGen: 173694K->67533K(175104K)] 515636K->446200K(699392K), 0.0260034 secs] [Times: user=0.30 sys=0.00, real=0.02 secs] 
2016-09-15T12:40:04.678-0400: 40.743: [GC (GCLocker Initiated GC) [PSYoungGen: 155597K->61622K(175104K)] 540414K->464776K(699392K), 0.0093077 secs] [Times: user=0.09 sys=0.00, real=0.01 secs] 
2016-09-15T12:40:04.817-0400: 40.881: [GC (GCLocker Initiated GC) [PSYoungGen: 149686K->61362K(175104K)] 553022K->483362K(699392K), 0.0115531 secs] [Times: user=0.11 sys=0.00, real=0.01 secs] 
2016-09-15T12:40:04.939-0400: 41.003: [GC (GCLocker Initiated GC) [PSYoungGen: 149426K->73804K(175104K)] 571631K->496316K(699392K), 0.0076430 secs] [Times: user=0.08 sys=0.00, real=0.00 secs] 
2016-09-15T12:40:05.078-0400: 41.142: [GC (GCLocker Initiated GC) [PSYoungGen: 161868K->73672K(175104K)] 590586K->539320K(699392K), 0.0115533 secs] [Times: user=0.15 sys=0.00, real=0.01 secs] 
2016-09-15T12:40:05.089-0400: 41.154: [Full GC (Ergonomics) [PSYoungGen: 73672K->0K(175104K)] [ParOldGen: 465648K->46158K(524288K)] 539320K->46158K(699392K), [Metaspace: 44153K->44153K(1087488K)], 0.0511068 secs] [Times: user=0.35 sys=0.01, real=0.05 secs] 
2016-09-15T12:40:05.248-0400: 41.312: [GC (Allocation Failure) [PSYoungGen: 88064K->86242K(175104K)] 140423K->144676K(699392K), 0.0099434 secs] [Times: user=0.12 sys=0.00, real=0.01 secs] 
2016-09-15T12:40:05.390-0400: 41.454: [GC (GCLocker Initiated GC) [PSYoungGen: 169783K->55647K(175104K)] 234293K->157169K(699392K), 0.0288000 secs] [Times: user=0.36 sys=0.00, real=0.03 secs] 
2016-09-15T12:40:05.535-0400: 41.599: [GC (GCLocker Initiated GC) [PSYoungGen: 143711K->55515K(175104K)] 257437K->169845K(699392K), 0.0098635 secs] [Times: user=0.11 sys=0.00, real=0.01 secs] 
2016-09-15T12:40:05.694-0400: 41.758: [GC (GCLocker Initiated GC) [PSYoungGen: 143579K->36866K(175104K)] 257939K->169718K(699392K), 0.0101025 secs] [Times: user=0.08 sys=0.00, real=0.01 secs] 
2016-09-15T12:40:05.814-0400: 41.879: [GC (GCLocker Initiated GC) [PSYoungGen: 124930K->79879K(175104K)] 263899K->218952K(699392K), 0.0152781 secs] [Times: user=0.16 sys=0.00, real=0.02 secs] 
2016-09-15T12:40:05.931-0400: 41.995: [GC (GCLocker Initiated GC) [PSYoungGen: 167943K->73608K(175104K)] 307356K->280334K(699392K), 0.0291332 secs] [Times: user=0.33 sys=0.00, real=0.03 secs] 
2016-09-15T12:40:06.092-0400: 42.156: [GC (GCLocker Initiated GC) [PSYoungGen: 161672K->42877K(175104K)] 381463K->299214K(699392K), 0.0163926 secs] [Times: user=0.17 sys=0.00, real=0.02 secs] 
2016-09-15T12:40:06.260-0400: 42.324: [GC (GCLocker Initiated GC) [PSYoungGen: 130941K->49244K(175104K)] 393389K->330028K(699392K), 0.0283709 secs] [Times: user=0.32 sys=0.00, real=0.03 secs] 
2016-09-15T12:40:06.436-0400: 42.500: [GC (GCLocker Initiated GC) [PSYoungGen: 137308K->73380K(175104K)] 424215K->384879K(699392K), 0.0167176 secs] [Times: user=0.18 sys=0.00, real=0.01 secs] 
2016-09-15T12:40:06.580-0400: 42.644: [GC (GCLocker Initiated GC) [PSYoungGen: 161442K->30891K(175104K)] 473279K->385372K(699392K), 0.0085810 secs] [Times: user=0.07 sys=0.01, real=0.01 secs] 
2016-09-15T12:40:06.724-0400: 42.788: [GC (GCLocker Initiated GC) [PSYoungGen: 118955K->67437K(175104K)] 473512K->458728K(699392K), 0.0106322 secs] [Times: user=0.10 sys=0.00, real=0.01 secs] 
2016-09-15T12:40:06.904-0400: 42.968: [GC (GCLocker Initiated GC) [PSYoungGen: 155501K->61102K(175104K)] 547013K->458768K(699392K), 0.0253109 secs] [Times: user=0.27 sys=0.00, real=0.03 secs] 
2016-09-15T12:40:07.054-0400: 43.118: [GC (GCLocker Initiated GC) [PSYoungGen: 149166K->73380K(175104K)] 552909K->501551K(699392K), 0.0133777 secs] [Times: user=0.16 sys=0.00, real=0.02 secs] 
2016-09-15T12:40:07.169-0400: 43.233: [GC (GCLocker Initiated GC) [PSYoungGen: 161444K->55255K(175104K)] 589651K->483590K(699392K), 0.0087576 secs] [Times: user=0.10 sys=0.00, real=0.01 secs] 
2016-09-15T12:40:07.270-0400: 43.334: [GC (Allocation Failure) [PSYoungGen: 143319K->79847K(175104K)] 578090K->533151K(699392K), 0.0144352 secs] [Times: user=0.11 sys=0.00, real=0.01 secs] 
2016-09-15T12:40:07.285-0400: 43.349: [GC (GCLocker Initiated GC) --[PSYoungGen: 79856K->79856K(175104K)] 533160K->600545K(699392K), 0.0086605 secs] [Times: user=0.07 sys=0.02, real=0.01 secs] 
2016-09-15T12:40:07.293-0400: 43.358: [Full GC (Ergonomics) [PSYoungGen: 79856K->0K(175104K)] [ParOldGen: 520688K->58913K(524288K)] 600545K->58913K(699392K), [Metaspace: 44157K->44157K(1087488K)], 0.0514286 secs] [Times: user=0.35 sys=0.01, real=0.05 secs] 
2016-09-15T12:40:07.448-0400: 43.512: [GC (GCLocker Initiated GC) [PSYoungGen: 88064K->86406K(175104K)] 146983K->157475K(699392K), 0.0110902 secs] [Times: user=0.13 sys=0.00, real=0.01 secs] 
2016-09-15T12:40:07.571-0400: 43.635: [GC (Allocation Failure) [PSYoungGen: 174470K->55351K(175104K)] 251851K->188291K(699392K), 0.0216127 secs] [Times: user=0.25 sys=0.00, real=0.02 secs] 
2016-09-15T12:40:07.703-0400: 43.768: [GC (GCLocker Initiated GC) [PSYoungGen: 141605K->55711K(175104K)] 280621K->213243K(699392K), 0.0077773 secs] [Times: user=0.10 sys=0.00, real=0.01 secs] 
2016-09-15T12:40:07.845-0400: 43.910: [GC (GCLocker Initiated GC) [PSYoungGen: 143775K->85790K(175104K)] 307412K->261885K(699392K), 0.0102645 secs] [Times: user=0.16 sys=0.00, real=0.02 secs] 
2016-09-15T12:40:07.993-0400: 44.057: [GC (Allocation Failure) [PSYoungGen: 173850K->55387K(175104K)] 350301K->292723K(699392K), 0.0122723 secs] [Times: user=0.13 sys=0.00, real=0.01 secs] 
2016-09-15T12:40:08.123-0400: 44.187: [GC (GCLocker Initiated GC) [PSYoungGen: 143451K->61426K(175104K)] 380793K->317261K(699392K), 0.0102411 secs] [Times: user=0.11 sys=0.00, real=0.01 secs] 
2016-09-15T12:40:08.270-0400: 44.334: [GC (GCLocker Initiated GC) [PSYoungGen: 149490K->24979K(175104K)] 411447K->323474K(699392K), 0.0070068 secs] [Times: user=0.06 sys=0.00, real=0.01 secs] 
2016-09-15T12:40:08.399-0400: 44.463: [GC (GCLocker Initiated GC) [PSYoungGen: 113043K->79715K(175104K)] 411569K->378532K(699392K), 0.0096827 secs] [Times: user=0.13 sys=0.00, real=0.01 secs] 
2016-09-15T12:40:08.509-0400: 44.573: [GC (GCLocker Initiated GC) [PSYoungGen: 167779K->85854K(175104K)] 466637K->427553K(699392K), 0.0122379 secs] [Times: user=0.18 sys=0.00, real=0.01 secs] 
2016-09-15T12:40:08.652-0400: 44.716: [GC (GCLocker Initiated GC) [PSYoungGen: 173918K->79879K(175104K)] 521711K->464421K(699392K), 0.0270766 secs] [Times: user=0.30 sys=0.00, real=0.03 secs] 
2016-09-15T12:40:08.831-0400: 44.895: [GC (Allocation Failure) [PSYoungGen: 167943K->55123K(175104K)] 558809K->464489K(699392K), 0.0299263 secs] [Times: user=0.32 sys=0.00, real=0.03 secs] 
2016-09-15T12:40:08.983-0400: 45.047: [GC (GCLocker Initiated GC) [PSYoungGen: 143187K->55159K(175104K)] 552553K->464621K(699392K), 0.0182063 secs] [Times: user=0.19 sys=0.00, real=0.02 secs] 
2016-09-15T12:40:09.109-0400: 45.173: [GC (GCLocker Initiated GC) [PSYoungGen: 143223K->55842K(175104K)] 558762K->489898K(699392K), 0.0081003 secs] [Times: user=0.10 sys=0.01, real=0.01 secs] 
2016-09-15T12:40:09.243-0400: 45.307: [GC (GCLocker Initiated GC) [PSYoungGen: 143906K->85726K(175104K)] 577998K->544597K(699392K), 0.0167935 secs] [Times: user=0.17 sys=0.01, real=0.02 secs] 
2016-09-15T12:40:09.371-0400: 45.435: [GC (GCLocker Initiated GC) [PSYoungGen: 173790K->49180K(175104K)] 632703K->520526K(699392K), 0.0132207 secs] [Times: user=0.14 sys=0.00, real=0.01 secs] 
2016-09-15T12:40:09.384-0400: 45.448: [Full GC (Ergonomics) [PSYoungGen: 49180K->0K(175104K)] [ParOldGen: 471346K->39151K(524288K)] 520526K->39151K(699392K), [Metaspace: 44166K->44166K(1087488K)], 0.0745493 secs] [Times: user=0.58 sys=0.01, real=0.08 secs] 
2016-09-15T12:40:09.565-0400: 45.629: [GC (Allocation Failure) [PSYoungGen: 88064K->80039K(175104K)] 139659K->131634K(699392K), 0.0075597 secs] [Times: user=0.06 sys=0.00, real=0.01 secs] 
2016-09-15T12:40:09.691-0400: 45.755: [GC (GCLocker Initiated GC) [PSYoungGen: 168103K->61558K(175104K)] 219704K->156403K(699392K), 0.0334361 secs] [Times: user=0.34 sys=0.01, real=0.03 secs] 
2016-09-15T12:40:09.860-0400: 45.924: [GC (GCLocker Initiated GC) [PSYoungGen: 149622K->61426K(175104K)] 250858K->181319K(699392K), 0.0160158 secs] [Times: user=0.18 sys=0.00, real=0.02 secs] 
2016-09-15T12:40:09.996-0400: 46.060: [GC (GCLocker Initiated GC) [PSYoungGen: 149490K->67501K(175104K)] 269671K->212242K(699392K), 0.0113213 secs] [Times: user=0.09 sys=0.01, real=0.01 secs] 
2016-09-15T12:40:10.118-0400: 46.182: [GC (Allocation Failure) [PSYoungGen: 155565K->55319K(175104K)] 306697K->243184K(699392K), 0.0229963 secs] [Times: user=0.25 sys=0.00, real=0.02 secs] 
2016-09-15T12:40:10.256-0400: 46.320: [GC (GCLocker Initiated GC) [PSYoungGen: 143383K->86150K(175104K)] 331254K->304531K(699392K), 0.0110248 secs] [Times: user=0.15 sys=0.00, real=0.00 secs] 
2016-09-15T12:40:10.410-0400: 46.474: [GC (GCLocker Initiated GC) [PSYoungGen: 174214K->85758K(175104K)] 392638K->328773K(699392K), 0.0094810 secs] [Times: user=0.12 sys=0.01, real=0.01 secs] 
2016-09-15T12:40:10.515-0400: 46.579: [GC (GCLocker Initiated GC) [PSYoungGen: 173822K->73480K(175104K)] 417198K->341260K(699392K), 0.0138272 secs] [Times: user=0.16 sys=0.00, real=0.02 secs] 
2016-09-15T12:40:10.657-0400: 46.721: [GC (GCLocker Initiated GC) [PSYoungGen: 161544K->37190K(175104K)] 435423K->347810K(699392K), 0.0379701 secs] [Times: user=0.41 sys=0.01, real=0.03 secs] 
2016-09-15T12:40:10.803-0400: 46.867: [GC (GCLocker Initiated GC) [PSYoungGen: 125254K->73576K(175104K)] 436045K->384651K(699392K), 0.0253970 secs] [Times: user=0.25 sys=0.00, real=0.03 secs] 
2016-09-15T12:40:10.936-0400: 47.001: [GC (GCLocker Initiated GC) [PSYoungGen: 161640K->67537K(175104K)] 472896K->409443K(699392K), 0.0138377 secs] [Times: user=0.16 sys=0.00, real=0.01 secs] 
2016-09-15T12:40:11.111-0400: 47.175: [GC (GCLocker Initiated GC) [PSYoungGen: 155601K->61202K(175104K)] 497527K->439822K(699392K), 0.0201293 secs] [Times: user=0.22 sys=0.00, real=0.02 secs] 
2016-09-15T12:40:11.243-0400: 47.307: [GC (GCLocker Initiated GC) [PSYoungGen: 149266K->79391K(175104K)] 527950K->458342K(699392K), 0.0126856 secs] [Times: user=0.14 sys=0.00, real=0.01 secs] 
2016-09-15T12:40:11.371-0400: 47.435: [GC (GCLocker Initiated GC) [PSYoungGen: 167455K->43173K(175104K)] 552646K->458827K(699392K), 0.0074799 secs] [Times: user=0.06 sys=0.00, real=0.01 secs] 
2016-09-15T12:40:11.475-0400: 47.539: [GC (GCLocker Initiated GC) [PSYoungGen: 131237K->85694K(175104K)] 553108K->532173K(699392K), 0.0106829 secs] [Times: user=0.13 sys=0.01, real=0.01 secs] 
2016-09-15T12:40:11.620-0400: 47.684: [GC (GCLocker Initiated GC) [PSYoungGen: 173758K->43041K(175104K)] 620369K->538527K(699392K), 0.0192332 secs] [Times: user=0.22 sys=0.00, real=0.02 secs] 
2016-09-15T12:40:11.639-0400: 47.703: [Full GC (Ergonomics) [PSYoungGen: 43041K->0K(175104K)] [ParOldGen: 495486K->45585K(524288K)] 538527K->45585K(699392K), [Metaspace: 44174K->44174K(1087488K)], 0.0490591 secs] [Times: user=0.35 sys=0.02, real=0.05 secs] 
2016-09-15T12:40:11.793-0400: 47.857: [GC (GCLocker Initiated GC) [PSYoungGen: 88062K->86438K(175104K)] 133935K->174836K(699392K), 0.0127090 secs] [Times: user=0.20 sys=0.00, real=0.01 secs] 
2016-09-15T12:40:11.918-0400: 47.982: [GC (GCLocker Initiated GC) [PSYoungGen: 174502K->67433K(175104K)] 262942K->247749K(699392K), 0.0128571 secs] [Times: user=0.18 sys=0.00, real=0.01 secs] 
2016-09-15T12:40:12.045-0400: 48.110: [GC (GCLocker Initiated GC) [PSYoungGen: 155497K->37977K(175104K)] 354373K->273447K(699392K), 0.0075993 secs] [Times: user=0.09 sys=0.01, real=0.01 secs] 
2016-09-15T12:40:12.185-0400: 48.249: [GC (GCLocker Initiated GC) [PSYoungGen: 126041K->37130K(175104K)] 367925K->297825K(699392K), 0.0068101 secs] [Times: user=0.05 sys=0.00, real=0.01 secs] 
2016-09-15T12:40:12.305-0400: 48.369: [GC (GCLocker Initiated GC) [PSYoungGen: 125194K->55319K(175104K)] 398383K->328620K(699392K), 0.0180631 secs] [Times: user=0.23 sys=0.01, real=0.02 secs] 
2016-09-15T12:40:12.447-0400: 48.512: [GC (GCLocker Initiated GC) [PSYoungGen: 143383K->37293K(175104K)] 429195K->323177K(699392K), 0.0054758 secs] [Times: user=0.05 sys=0.00, real=0.01 secs] 
2016-09-15T12:40:12.560-0400: 48.625: [GC (GCLocker Initiated GC) [PSYoungGen: 125357K->55547K(175104K)] 417369K->347866K(699392K), 0.0109852 secs] [Times: user=0.12 sys=0.00, real=0.01 secs] 
2016-09-15T12:40:12.673-0400: 48.737: [GC (GCLocker Initiated GC) [PSYoungGen: 143611K->86086K(175104K)] 436150K->384828K(699392K), 0.0110398 secs] [Times: user=0.14 sys=0.00, real=0.01 secs] 
2016-09-15T12:40:12.820-0400: 48.884: [GC (GCLocker Initiated GC) [PSYoungGen: 174150K->55775K(175104K)] 485392K->385674K(699392K), 0.0118649 secs] [Times: user=0.16 sys=0.00, real=0.01 secs] 
2016-09-15T12:40:12.946-0400: 49.010: [GC (GCLocker Initiated GC) [PSYoungGen: 143839K->37226K(175104K)] 479977K->373467K(699392K), 0.0128416 secs] [Times: user=0.19 sys=0.00, real=0.02 secs] 
2016-09-15T12:40:13.072-0400: 49.136: [GC (Allocation Failure) [PSYoungGen: 125290K->73804K(175104K)] 467956K->416598K(699392K), 0.0105339 secs] [Times: user=0.14 sys=0.00, real=0.01 secs] 
2016-09-15T12:40:13.218-0400: 49.282: [GC (GCLocker Initiated GC) [PSYoungGen: 161868K->73608K(175104K)] 504662K->435106K(699392K), 0.0088319 secs] [Times: user=0.11 sys=0.00, real=0.00 secs] 
2016-09-15T12:40:13.334-0400: 49.398: [GC (GCLocker Initiated GC) [PSYoungGen: 161672K->79555K(175104K)] 523218K->441204K(699392K), 0.0103517 secs] [Times: user=0.08 sys=0.00, real=0.01 secs] 
2016-09-15T12:40:13.459-0400: 49.523: [GC (GCLocker Initiated GC) [PSYoungGen: 167619K->73676K(175104K)] 535614K->484472K(699392K), 0.0160134 secs] [Times: user=0.16 sys=0.00, real=0.01 secs] 
2016-09-15T12:40:13.580-0400: 49.644: [GC (GCLocker Initiated GC) [PSYoungGen: 161740K->55287K(175104K)] 578837K->490893K(699392K), 0.0094841 secs] [Times: user=0.09 sys=0.00, real=0.01 secs] 
2016-09-15T12:40:13.695-0400: 49.759: [GC (GCLocker Initiated GC) [PSYoungGen: 143351K->37258K(175104K)] 591372K->503648K(699392K), 0.0066484 secs] [Times: user=0.06 sys=0.00, real=0.01 secs] 
2016-09-15T12:40:13.701-0400: 49.766: [Full GC (Ergonomics) [PSYoungGen: 37258K->0K(175104K)] [ParOldGen: 466390K->51290K(524288K)] 503648K->51290K(699392K), [Metaspace: 44184K->44184K(1087488K)], 0.0521944 secs] [Times: user=0.32 sys=0.00, real=0.05 secs] 
2016-09-15T12:40:13.860-0400: 49.924: [GC (GCLocker Initiated GC) [PSYoungGen: 88064K->86274K(175104K)] 139540K->143826K(699392K), 0.0234581 secs] [Times: user=0.33 sys=0.02, real=0.02 secs] 
2016-09-15T12:40:14.005-0400: 50.069: [GC (Allocation Failure) [PSYoungGen: 174338K->85562K(175104K)] 232127K->162460K(699392K), 0.0112275 secs] [Times: user=0.12 sys=0.00, real=0.02 secs] 
2016-09-15T12:40:14.115-0400: 50.179: [GC (GCLocker Initiated GC) [PSYoungGen: 173626K->79847K(175104K)] 250530K->187253K(699392K), 0.0171291 secs] [Times: user=0.18 sys=0.00, real=0.02 secs] 
2016-09-15T12:40:14.261-0400: 50.325: [GC (GCLocker Initiated GC) [PSYoungGen: 167911K->67565K(175104K)] 281744K->236520K(699392K), 0.0174048 secs] [Times: user=0.19 sys=0.00, real=0.02 secs] 
2016-09-15T12:40:14.407-0400: 50.471: [GC (GCLocker Initiated GC) [PSYoungGen: 155629K->55451K(175104K)] 337078K->237011K(699392K), 0.0151624 secs] [Times: user=0.16 sys=0.01, real=0.02 secs] 
2016-09-15T12:40:14.526-0400: 50.590: [GC (GCLocker Initiated GC) [PSYoungGen: 143515K->61622K(175104K)] 325290K->261874K(699392K), 0.0174882 secs] [Times: user=0.17 sys=0.00, real=0.02 secs] 
2016-09-15T12:40:14.666-0400: 50.730: [GC (GCLocker Initiated GC) [PSYoungGen: 149686K->61330K(175104K)] 356151K->298281K(699392K), 0.0213319 secs] [Times: user=0.26 sys=0.00, real=0.02 secs] 
2016-09-15T12:40:14.814-0400: 50.878: [GC (Allocation Failure) [PSYoungGen: 149394K->37517K(175104K)] 398564K->311092K(699392K), 0.0069290 secs] [Times: user=0.07 sys=0.00, real=0.01 secs] 
2016-09-15T12:40:14.935-0400: 50.999: [GC (GCLocker Initiated GC) [PSYoungGen: 125581K->55319K(175104K)] 405231K->335267K(699392K), 0.0069473 secs] [Times: user=0.08 sys=0.00, real=0.01 secs] 
2016-09-15T12:40:15.048-0400: 51.113: [GC (GCLocker Initiated GC) [PSYoungGen: 143383K->85954K(175104K)] 423373K->414843K(699392K), 0.0122289 secs] [Times: user=0.17 sys=0.00, real=0.01 secs] 
2016-09-15T12:40:15.199-0400: 51.263: [GC (Allocation Failure) [PSYoungGen: 174018K->61426K(175104K)] 503173K->463805K(699392K), 0.0182706 secs] [Times: user=0.22 sys=0.00, real=0.02 secs] 
2016-09-15T12:40:15.304-0400: 51.368: [GC (GCLocker Initiated GC) [PSYoungGen: 144703K->73412K(175104K)] 553158K->512728K(699392K), 0.0115919 secs] [Times: user=0.18 sys=0.00, real=0.02 secs] 
2016-09-15T12:40:15.427-0400: 51.491: [GC (GCLocker Initiated GC) [PSYoungGen: 161476K->85986K(175104K)] 600851K->574081K(699392K), 0.0129117 secs] [Times: user=0.20 sys=0.00, real=0.02 secs] 
2016-09-15T12:40:15.440-0400: 51.504: [Full GC (Ergonomics) [PSYoungGen: 85986K->0K(175104K)] [ParOldGen: 488095K->51983K(524288K)] 574081K->51983K(699392K), [Metaspace: 44184K->44184K(1087488K)], 0.0489468 secs] [Times: user=0.35 sys=0.01, real=0.05 secs] 
2016-09-15T12:40:15.595-0400: 51.659: [GC (GCLocker Initiated GC) [PSYoungGen: 88064K->86406K(175104K)] 146281K->168923K(699392K), 0.0124664 secs] [Times: user=0.18 sys=0.00, real=0.01 secs] 
2016-09-15T12:40:15.721-0400: 51.786: [GC (Allocation Failure) [PSYoungGen: 174470K->61490K(175104K)] 257286K->200053K(699392K), 0.0114147 secs] [Times: user=0.15 sys=0.00, real=0.01 secs] 
2016-09-15T12:40:15.846-0400: 51.910: [GC (GCLocker Initiated GC) [PSYoungGen: 144976K->73736K(175104K)] 289614K->255123K(699392K), 0.0118813 secs] [Times: user=0.18 sys=0.00, real=0.02 secs] 
2016-09-15T12:40:15.977-0400: 52.041: [GC (GCLocker Initiated GC) [PSYoungGen: 161800K->55906K(175104K)] 343319K->237577K(699392K), 0.0090795 secs] [Times: user=0.13 sys=0.00, real=0.00 secs] 
2016-09-15T12:40:16.107-0400: 52.171: [GC (GCLocker Initiated GC) [PSYoungGen: 143970K->37194K(175104K)] 343980K->237619K(699392K), 0.0096876 secs] [Times: user=0.07 sys=0.00, real=0.02 secs] 
2016-09-15T12:40:16.268-0400: 52.332: [GC (GCLocker Initiated GC) [PSYoungGen: 125258K->79715K(175104K)] 325719K->280467K(699392K), 0.0098756 secs] [Times: user=0.13 sys=0.00, real=0.01 secs] 
2016-09-15T12:40:16.409-0400: 52.474: [GC (GCLocker Initiated GC) [PSYoungGen: 167779K->85626K(175104K)] 374654K->323144K(699392K), 0.0113819 secs] [Times: user=0.12 sys=0.00, real=0.01 secs] 
2016-09-15T12:40:16.525-0400: 52.589: [GC (GCLocker Initiated GC) [PSYoungGen: 173690K->49244K(175104K)] 411569K->348001K(699392K), 0.0185017 secs] [Times: user=0.22 sys=0.01, real=0.02 secs] 
2016-09-15T12:40:16.690-0400: 52.755: [GC (Allocation Failure) [PSYoungGen: 137308K->36866K(175104K)] 442657K->360700K(699392K), 0.0312389 secs] [Times: user=0.33 sys=0.01, real=0.03 secs] 
2016-09-15T12:40:16.838-0400: 52.902: [GC (GCLocker Initiated GC) [PSYoungGen: 120860K->73672K(175104K)] 450770K->403724K(699392K), 0.0086447 secs] [Times: user=0.11 sys=0.00, real=0.00 secs] 
2016-09-15T12:40:16.961-0400: 53.025: [GC (Allocation Failure) [PSYoungGen: 161736K->61786K(175104K)] 491819K->410245K(699392K), 0.0073527 secs] [Times: user=0.10 sys=0.00, real=0.01 secs] 
2016-09-15T12:40:17.065-0400: 53.129: [GC (GCLocker Initiated GC) [PSYoungGen: 145807K->73704K(175104K)] 500342K->471087K(699392K), 0.0121043 secs] [Times: user=0.18 sys=0.00, real=0.02 secs] 
2016-09-15T12:40:17.208-0400: 53.272: [GC (GCLocker Initiated GC) [PSYoungGen: 161768K->61230K(175104K)] 559366K->458939K(699392K), 0.0117179 secs] [Times: user=0.12 sys=0.00, real=0.01 secs] 
2016-09-15T12:40:17.321-0400: 53.385: [GC (Allocation Failure) [PSYoungGen: 149294K->49404K(175104K)] 547039K->520209K(699392K), 0.0107394 secs] [Times: user=0.16 sys=0.00, real=0.01 secs] 
2016-09-15T12:40:17.332-0400: 53.396: [Full GC (Ergonomics) [PSYoungGen: 49404K->0K(175104K)] [ParOldGen: 470805K->57975K(524288K)] 520209K->57975K(699392K), [Metaspace: 44224K->44224K(1087488K)], 0.0505941 secs] [Times: user=0.34 sys=0.02, real=0.05 secs] 
2016-09-15T12:40:17.488-0400: 53.552: [GC (GCLocker Initiated GC) [PSYoungGen: 88064K->86210K(175104K)] 146042K->150263K(699392K), 0.0106605 secs] [Times: user=0.14 sys=0.00, real=0.01 secs] 
2016-09-15T12:40:17.617-0400: 53.681: [GC (GCLocker Initiated GC) [PSYoungGen: 174274K->86050K(175104K)] 238386K->175150K(699392K), 0.0104852 secs] [Times: user=0.11 sys=0.00, real=0.01 secs] 
2016-09-15T12:40:17.725-0400: 53.789: [GC (GCLocker Initiated GC) [PSYoungGen: 174114K->49244K(175104K)] 263217K->187247K(699392K), 0.0163431 secs] [Times: user=0.20 sys=0.00, real=0.02 secs] 
2016-09-15T12:40:17.864-0400: 53.928: [GC (GCLocker Initiated GC) [PSYoungGen: 137308K->85986K(175104K)] 281748K->255033K(699392K), 0.0090604 secs] [Times: user=0.12 sys=0.00, real=0.01 secs] 
2016-09-15T12:40:18.012-0400: 54.076: [GC (GCLocker Initiated GC) [PSYoungGen: 174044K->67597K(175104K)] 343391K->273889K(699392K), 0.0129952 secs] [Times: user=0.14 sys=0.01, real=0.01 secs] 
2016-09-15T12:40:18.153-0400: 54.217: [GC (GCLocker Initiated GC) [PSYoungGen: 155661K->61198K(175104K)] 362112K->316353K(699392K), 0.0098185 secs] [Times: user=0.09 sys=0.00, real=0.01 secs] 
2016-09-15T12:40:18.266-0400: 54.330: [GC (GCLocker Initiated GC) [PSYoungGen: 149262K->61885K(175104K)] 404689K->372132K(699392K), 0.0227136 secs] [Times: user=0.25 sys=0.01, real=0.03 secs] 
2016-09-15T12:40:18.411-0400: 54.475: [GC (GCLocker Initiated GC) [PSYoungGen: 149949K->61134K(175104K)] 466458K->378393K(699392K), 0.0081652 secs] [Times: user=0.07 sys=0.00, real=0.01 secs] 
2016-09-15T12:40:18.526-0400: 54.590: [GC (GCLocker Initiated GC) [PSYoungGen: 149198K->86018K(175104K)] 466671K->452266K(699392K), 0.0126763 secs] [Times: user=0.18 sys=0.00, real=0.02 secs] 
2016-09-15T12:40:18.663-0400: 54.727: [GC (GCLocker Initiated GC) [PSYoungGen: 174082K->86046K(175104K)] 540361K->489067K(699392K), 0.0149151 secs] [Times: user=0.20 sys=0.00, real=0.02 secs] 
2016-09-15T12:40:18.804-0400: 54.868: [GC (GCLocker Initiated GC) [PSYoungGen: 174110K->73936K(175104K)] 583381K->507883K(699392K), 0.0085601 secs] [Times: user=0.10 sys=0.00, real=0.01 secs] 
2016-09-15T12:40:18.921-0400: 54.985: [GC (GCLocker Initiated GC) [PSYoungGen: 162000K->61330K(175104K)] 595989K->532208K(699392K), 0.0204415 secs] [Times: user=0.20 sys=0.00, real=0.02 secs] 
2016-09-15T12:40:18.942-0400: 55.006: [Full GC (Ergonomics) [PSYoungGen: 61330K->0K(175104K)] [ParOldGen: 470878K->51906K(524288K)] 532208K->51906K(699392K), [Metaspace: 44227K->44227K(1087488K)], 0.0481384 secs] [Times: user=0.23 sys=0.01, real=0.05 secs] 
2016-09-15T12:40:19.081-0400: 55.145: [GC (GCLocker Initiated GC) [PSYoungGen: 88064K->86182K(175104K)] 140331K->156674K(699392K), 0.0123861 secs] [Times: user=0.12 sys=0.00, real=0.01 secs] 
2016-09-15T12:40:19.218-0400: 55.282: [GC (GCLocker Initiated GC) [PSYoungGen: 174246K->73380K(175104K)] 244908K->175301K(699392K), 0.0171906 secs] [Times: user=0.18 sys=0.01, real=0.01 secs] 
2016-09-15T12:40:19.348-0400: 55.412: [GC (GCLocker Initiated GC) [PSYoungGen: 161444K->55387K(175104K)] 263726K->176013K(699392K), 0.0202971 secs] [Times: user=0.24 sys=0.01, real=0.02 secs] 
2016-09-15T12:40:19.483-0400: 55.547: [GC (GCLocker Initiated GC) [PSYoungGen: 143451K->67501K(175104K)] 264450K->206992K(699392K), 0.0159974 secs] [Times: user=0.17 sys=0.00, real=0.02 secs] 
2016-09-15T12:40:19.623-0400: 55.687: [GC (Allocation Failure) [PSYoungGen: 155565K->73772K(175104K)] 295355K->231883K(699392K), 0.0146874 secs] [Times: user=0.17 sys=0.00, real=0.02 secs] 
2016-09-15T12:40:19.738-0400: 55.802: [GC (Allocation Failure) [PSYoungGen: 159813K->55255K(175104K)] 317924K->231882K(699392K), 0.0092337 secs] [Times: user=0.09 sys=0.00, real=0.00 secs] 
2016-09-15T12:40:19.861-0400: 55.925: [GC (GCLocker Initiated GC) [PSYoungGen: 143319K->67341K(175104K)] 319952K->262467K(699392K), 0.0101710 secs] [Times: user=0.08 sys=0.00, real=0.01 secs] 
2016-09-15T12:40:20.004-0400: 56.068: [GC (GCLocker Initiated GC) [PSYoungGen: 155405K->61202K(175104K)] 351114K->281510K(699392K), 0.0215868 secs] [Times: user=0.23 sys=0.00, real=0.02 secs] 
2016-09-15T12:40:20.142-0400: 56.206: [GC (GCLocker Initiated GC) [PSYoungGen: 149266K->73640K(175104K)] 375864K->331093K(699392K), 0.0132486 secs] [Times: user=0.15 sys=0.00, real=0.01 secs] 
2016-09-15T12:40:20.278-0400: 56.342: [GC (GCLocker Initiated GC) [PSYoungGen: 161704K->79423K(175104K)] 419316K->385927K(699392K), 0.0300627 secs] [Times: user=0.34 sys=0.00, real=0.03 secs] 
2016-09-15T12:40:20.423-0400: 56.487: [GC (GCLocker Initiated GC) [PSYoungGen: 167487K->61594K(175104K)] 474330K->380683K(699392K), 0.0224420 secs] [Times: user=0.21 sys=0.01, real=0.02 secs] 
2016-09-15T12:40:20.548-0400: 56.612: [GC (GCLocker Initiated GC) [PSYoungGen: 149658K->85530K(175104K)] 468806K->435344K(699392K), 0.0201610 secs] [Times: user=0.19 sys=0.00, real=0.02 secs] 
2016-09-15T12:40:20.687-0400: 56.751: [GC (GCLocker Initiated GC) [PSYoungGen: 173594K->73672K(175104K)] 523691K->484663K(699392K), 0.0166987 secs] [Times: user=0.23 sys=0.00, real=0.02 secs] 
2016-09-15T12:40:20.837-0400: 56.901: [GC (Allocation Failure) [PSYoungGen: 161736K->55970K(175104K)] 579090K->510083K(699392K), 0.0092525 secs] [Times: user=0.14 sys=0.01, real=0.00 secs] 
2016-09-15T12:40:20.962-0400: 57.026: [GC (Allocation Failure) [PSYoungGen: 138659K->55515K(175104K)] 592771K->509918K(699392K), 0.0072020 secs] [Times: user=0.11 sys=0.00, real=0.01 secs] 
2016-09-15T12:40:21.077-0400: 57.141: [GC (GCLocker Initiated GC) [PSYoungGen: 143579K->74000K(175104K)] 597988K->546761K(699392K), 0.0123997 secs] [Times: user=0.14 sys=0.00, real=0.01 secs] 
2016-09-15T12:40:21.089-0400: 57.153: [Full GC (Ergonomics) [PSYoungGen: 74000K->0K(175104K)] [ParOldGen: 472761K->52348K(524288K)] 546761K->52348K(699392K), [Metaspace: 44232K->44232K(1087488K)], 0.0520152 secs] [Times: user=0.37 sys=0.01, real=0.05 secs] 
2016-09-15T12:40:21.235-0400: 57.299: [GC (GCLocker Initiated GC) [PSYoungGen: 88064K->86274K(175104K)] 140526K->181261K(699392K), 0.0115083 secs] [Times: user=0.15 sys=0.00, real=0.01 secs] 
2016-09-15T12:40:21.400-0400: 57.464: [GC (GCLocker Initiated GC) [PSYoungGen: 174338K->37158K(175104K)] 269328K->169498K(699392K), 0.0087194 secs] [Times: user=0.12 sys=0.01, real=0.01 secs] 
2016-09-15T12:40:21.506-0400: 57.570: [GC (GCLocker Initiated GC) [PSYoungGen: 125222K->85658K(175104K)] 263752K->242713K(699392K), 0.0112471 secs] [Times: user=0.15 sys=0.01, real=0.02 secs] 
2016-09-15T12:40:21.642-0400: 57.706: [GC (GCLocker Initiated GC) [PSYoungGen: 173722K->73704K(175104K)] 330897K->297864K(699392K), 0.0111741 secs] [Times: user=0.14 sys=0.01, real=0.01 secs] 
2016-09-15T12:40:21.778-0400: 57.842: [GC (Allocation Failure) [PSYoungGen: 161768K->37290K(175104K)] 398416K->304581K(699392K), 0.0105923 secs] [Times: user=0.10 sys=0.00, real=0.01 secs] 
2016-09-15T12:40:21.895-0400: 57.959: [GC (GCLocker Initiated GC) [PSYoungGen: 123282K->55483K(175104K)] 396648K->347349K(699392K), 0.0177154 secs] [Times: user=0.20 sys=0.00, real=0.02 secs] 
2016-09-15T12:40:22.037-0400: 58.101: [GC (GCLocker Initiated GC) [PSYoungGen: 143547K->79751K(175104K)] 441782K->378106K(699392K), 0.0082420 secs] [Times: user=0.08 sys=0.00, real=0.00 secs] 
2016-09-15T12:40:22.209-0400: 58.273: [GC (GCLocker Initiated GC) [PSYoungGen: 167815K->61234K(175104K)] 478373K->402442K(699392K), 0.0199155 secs] [Times: user=0.20 sys=0.00, real=0.02 secs] 
2016-09-15T12:40:22.334-0400: 58.398: [GC (GCLocker Initiated GC) [PSYoungGen: 149298K->54995K(175104K)] 490531K->402562K(699392K), 0.0099431 secs] [Times: user=0.08 sys=0.01, real=0.01 secs] 
2016-09-15T12:40:22.445-0400: 58.509: [GC (GCLocker Initiated GC) [PSYoungGen: 143059K->49376K(175104K)] 496933K->445879K(699392K), 0.0428446 secs] [Times: user=0.44 sys=0.01, real=0.05 secs] 
2016-09-15T12:40:22.610-0400: 58.674: [GC (GCLocker Initiated GC) [PSYoungGen: 137440K->73804K(175104K)] 534304K->519591K(699392K), 0.0172827 secs] [Times: user=0.24 sys=0.01, real=0.01 secs] 
2016-09-15T12:40:22.729-0400: 58.793: [GC (GCLocker Initiated GC) [PSYoungGen: 161868K->85758K(175104K)] 607686K->550092K(699392K), 0.0096451 secs] [Times: user=0.15 sys=0.00, real=0.01 secs] 
2016-09-15T12:40:22.738-0400: 58.803: [Full GC (Ergonomics) [PSYoungGen: 85758K->0K(175104K)] [ParOldGen: 464334K->40004K(524288K)] 550092K->40004K(699392K), [Metaspace: 44236K->44236K(1087488K)], 0.0468352 secs] [Times: user=0.30 sys=0.00, real=0.04 secs] 
2016-09-15T12:40:22.882-0400: 58.946: [GC (GCLocker Initiated GC) [PSYoungGen: 88064K->86046K(175104K)] 128255K->150537K(699392K), 0.0105203 secs] [Times: user=0.14 sys=0.01, real=0.01 secs] 
2016-09-15T12:40:23.017-0400: 59.081: [GC (GCLocker Initiated GC) [PSYoungGen: 174110K->85854K(175104K)] 238811K->205825K(699392K), 0.0112434 secs] [Times: user=0.14 sys=0.02, real=0.01 secs] 
2016-09-15T12:40:23.163-0400: 59.227: [GC (GCLocker Initiated GC) [PSYoungGen: 173918K->37058K(175104K)] 300465K->218580K(699392K), 0.0119368 secs] [Times: user=0.16 sys=0.00, real=0.01 secs] 
2016-09-15T12:40:23.293-0400: 59.357: [GC (GCLocker Initiated GC) [PSYoungGen: 125122K->73640K(175104K)] 306954K->255575K(699392K), 0.0076088 secs] [Times: user=0.08 sys=0.00, real=0.01 secs] 
2016-09-15T12:40:23.434-0400: 59.498: [GC (GCLocker Initiated GC) [PSYoungGen: 161704K->73808K(175104K)] 343832K->268337K(699392K), 0.0132214 secs] [Times: user=0.13 sys=0.00, real=0.01 secs] 
2016-09-15T12:40:23.564-0400: 59.629: [GC (Allocation Failure) [PSYoungGen: 161872K->79683K(175104K)] 368688K->305024K(699392K), 0.0092361 secs] [Times: user=0.13 sys=0.00, real=0.01 secs] 
2016-09-15T12:40:23.681-0400: 59.745: [GC (Allocation Failure) [PSYoungGen: 167747K->36966K(175104K)] 393088K->311018K(699392K), 0.0110715 secs] [Times: user=0.08 sys=0.00, real=0.01 secs] 
2016-09-15T12:40:23.810-0400: 59.874: [GC (GCLocker Initiated GC) [PSYoungGen: 125030K->73868K(175104K)] 399083K->366438K(699392K), 0.0289135 secs] [Times: user=0.38 sys=0.00, real=0.03 secs] 
2016-09-15T12:40:23.944-0400: 60.008: [GC (Allocation Failure) [PSYoungGen: 161932K->85790K(175104K)] 454756K->397459K(699392K), 0.0104549 secs] [Times: user=0.16 sys=0.01, real=0.01 secs] 
2016-09-15T12:40:24.059-0400: 60.123: [GC (GCLocker Initiated GC) [PSYoungGen: 173854K->67793K(175104K)] 485529K->428376K(699392K), 0.0112363 secs] [Times: user=0.17 sys=0.00, real=0.01 secs] 
2016-09-15T12:40:24.204-0400: 60.268: [GC (GCLocker Initiated GC) [PSYoungGen: 155855K->73704K(175104K)] 516697K->471328K(699392K), 0.0122067 secs] [Times: user=0.15 sys=0.00, real=0.02 secs] 
2016-09-15T12:40:24.319-0400: 60.383: [GC (GCLocker Initiated GC) [PSYoungGen: 161768K->79783K(175104K)] 565671K->483781K(699392K), 0.0106372 secs] [Times: user=0.13 sys=0.00, real=0.01 secs] 
2016-09-15T12:40:24.490-0400: 60.554: [GC (GCLocker Initiated GC) [PSYoungGen: 167847K->43073K(175104K)] 584043K->514236K(699392K), 0.0163756 secs] [Times: user=0.16 sys=0.00, real=0.01 secs] 
2016-09-15T12:40:24.506-0400: 60.571: [Full GC (Ergonomics) [PSYoungGen: 43073K->0K(175104K)] [ParOldGen: 471163K->45744K(524288K)] 514236K->45744K(699392K), [Metaspace: 44243K->44243K(1087488K)], 0.0478378 secs] [Times: user=0.28 sys=0.01, real=0.05 secs] 
2016-09-15T12:40:24.660-0400: 60.724: [GC (GCLocker Initiated GC) [PSYoungGen: 88064K->86242K(175104K)] 133856K->180634K(699392K), 0.0114766 secs] [Times: user=0.17 sys=0.00, real=0.01 secs] 
2016-09-15T12:40:24.807-0400: 60.872: [GC (GCLocker Initiated GC) [PSYoungGen: 174306K->73836K(175104K)] 274860K->229636K(699392K), 0.0114960 secs] [Times: user=0.13 sys=0.00, real=0.02 secs] 
2016-09-15T12:40:24.920-0400: 60.984: [GC (GCLocker Initiated GC) [PSYoungGen: 161900K->85498K(175104K)] 317855K->284278K(699392K), 0.0116572 secs] [Times: user=0.13 sys=0.00, real=0.01 secs] 
2016-09-15T12:40:25.056-0400: 61.120: [GC (GCLocker Initiated GC) [PSYoungGen: 173562K->49084K(175104K)] 378537K->314913K(699392K), 0.0241768 secs] [Times: user=0.22 sys=0.01, real=0.02 secs] 
2016-09-15T12:40:25.205-0400: 61.269: [GC (GCLocker Initiated GC) [PSYoungGen: 137148K->43137K(175104K)] 415148K->351771K(699392K), 0.0209587 secs] [Times: user=0.22 sys=0.00, real=0.02 secs] 
2016-09-15T12:40:25.340-0400: 61.404: [GC (Allocation Failure) [PSYoungGen: 131201K->73676K(175104K)] 440056K->401055K(699392K), 0.0165048 secs] [Times: user=0.16 sys=0.00, real=0.02 secs] 
2016-09-15T12:40:25.476-0400: 61.540: [GC (GCLocker Initiated GC) [PSYoungGen: 161740K->61654K(175104K)] 489125K->425765K(699392K), 0.0255554 secs] [Times: user=0.28 sys=0.00, real=0.02 secs] 
2016-09-15T12:40:25.612-0400: 61.676: [GC (GCLocker Initiated GC) [PSYoungGen: 149718K->73512K(175104K)] 520029K->462332K(699392K), 0.0188053 secs] [Times: user=0.21 sys=0.00, real=0.02 secs] 
2016-09-15T12:40:25.737-0400: 61.801: [GC (Allocation Failure) [PSYoungGen: 161576K->67469K(175104K)] 551268K->518038K(699392K), 0.0129939 secs] [Times: user=0.15 sys=0.00, real=0.01 secs] 
2016-09-15T12:40:25.750-0400: 61.814: [Full GC (Ergonomics) [PSYoungGen: 67469K->0K(175104K)] [ParOldGen: 450569K->52319K(524288K)] 518038K->52319K(699392K), [Metaspace: 44256K->44256K(1087488K)], 0.0491062 secs] [Times: user=0.29 sys=0.00, real=0.05 secs] 
2016-09-15T12:40:25.904-0400: 61.968: [GC (GCLocker Initiated GC) [PSYoungGen: 88064K->86046K(175104K)] 140384K->138366K(699392K), 0.0125254 secs] [Times: user=0.10 sys=0.00, real=0.02 secs] 
2016-09-15T12:40:26.064-0400: 62.129: [GC (GCLocker Initiated GC) [PSYoungGen: 174110K->73412K(175104K)] 232692K->150931K(699392K), 0.0083829 secs] [Times: user=0.09 sys=0.00, real=0.01 secs] 
2016-09-15T12:40:26.206-0400: 62.270: [GC (GCLocker Initiated GC) [PSYoungGen: 161476K->67469K(175104K)] 251394K->157490K(699392K), 0.0105045 secs] [Times: user=0.09 sys=0.00, real=0.02 secs] 
2016-09-15T12:40:26.346-0400: 62.411: [GC (GCLocker Initiated GC) [PSYoungGen: 155533K->36998K(175104K)] 257908K->170007K(699392K), 0.0173639 secs] [Times: user=0.16 sys=0.00, real=0.02 secs] 
2016-09-15T12:40:26.499-0400: 62.563: [GC (Allocation Failure) [PSYoungGen: 125062K->73480K(175104K)] 258393K->225287K(699392K), 0.0207967 secs] [Times: user=0.18 sys=0.01, real=0.02 secs] 
2016-09-15T12:40:26.521-0400: 62.585: [GC (GCLocker Initiated GC) [PSYoungGen: 73490K->32K(175104K)] 225298K->225117K(699392K), 0.0070407 secs] [Times: user=0.07 sys=0.00, real=0.01 secs] 
2016-09-15T12:40:26.653-0400: 62.717: [GC (GCLocker Initiated GC) [PSYoungGen: 88096K->85822K(175104K)] 313182K->316983K(699392K), 0.0241622 secs] [Times: user=0.28 sys=0.00, real=0.03 secs] 
2016-09-15T12:40:26.809-0400: 62.874: [GC (GCLocker Initiated GC) [PSYoungGen: 173886K->67729K(175104K)] 405375K->335991K(699392K), 0.0101975 secs] [Times: user=0.15 sys=0.01, real=0.01 secs] 
2016-09-15T12:40:26.915-0400: 62.979: [GC (Allocation Failure) [PSYoungGen: 155793K->73836K(175104K)] 424170K->385054K(699392K), 0.0104779 secs] [Times: user=0.15 sys=0.00, real=0.01 secs] 
2016-09-15T12:40:27.040-0400: 63.104: [GC (GCLocker Initiated GC) [PSYoungGen: 161900K->86150K(175104K)] 473124K->433959K(699392K), 0.0103698 secs] [Times: user=0.16 sys=0.00, real=0.01 secs] 
2016-09-15T12:40:27.172-0400: 63.236: [GC (GCLocker Initiated GC) [PSYoungGen: 174214K->61590K(175104K)] 522177K->464895K(699392K), 0.0105162 secs] [Times: user=0.15 sys=0.00, real=0.01 secs] 
2016-09-15T12:40:27.299-0400: 63.363: [GC (Allocation Failure) [PSYoungGen: 149654K->61686K(175104K)] 565442K->502066K(699392K), 0.0085068 secs] [Times: user=0.10 sys=0.00, real=0.00 secs] 
2016-09-15T12:40:27.447-0400: 63.511: [GC (GCLocker Initiated GC) [PSYoungGen: 149750K->48888K(175104K)] 590130K->489675K(699392K), 0.0213324 secs] [Times: user=0.16 sys=0.00, real=0.03 secs] 
2016-09-15T12:40:27.603-0400: 63.667: [Full GC (Ergonomics) [PSYoungGen: 136952K->0K(175104K)] [ParOldGen: 447172K->52359K(524288K)] 584124K->52359K(699392K), [Metaspace: 44257K->44257K(1087488K)], 0.0542731 secs] [Times: user=0.25 sys=0.00, real=0.06 secs] 
2016-09-15T12:40:27.797-0400: 63.861: [GC (GCLocker Initiated GC) [PSYoungGen: 88064K->85762K(175104K)] 146853K->144551K(699392K), 0.0199636 secs] [Times: user=0.17 sys=0.00, real=0.02 secs] 
2016-09-15T12:40:27.941-0400: 64.005: [GC (GCLocker Initiated GC) [PSYoungGen: 173826K->37553K(175104K)] 244992K->151520K(699392K), 0.0338644 secs] [Times: user=0.41 sys=0.00, real=0.03 secs] 
2016-09-15T12:40:28.089-0400: 64.153: [GC (GCLocker Initiated GC) [PSYoungGen: 125617K->37158K(175104K)] 258422K->170253K(699392K), 0.0059674 secs] [Times: user=0.06 sys=0.00, real=0.00 secs] 
2016-09-15T12:40:28.232-0400: 64.296: [GC (GCLocker Initiated GC) [PSYoungGen: 125222K->79751K(175104K)] 258539K->213195K(699392K), 0.0121422 secs] [Times: user=0.14 sys=0.00, real=0.01 secs] 
2016-09-15T12:40:28.354-0400: 64.418: [GC (GCLocker Initiated GC) [PSYoungGen: 167815K->73544K(175104K)] 307364K->237521K(699392K), 0.0107872 secs] [Times: user=0.10 sys=0.00, real=0.01 secs] 
2016-09-15T12:40:28.480-0400: 64.544: [GC (GCLocker Initiated GC) [PSYoungGen: 161608K->73480K(175104K)] 325633K->274230K(699392K), 0.0497236 secs] [Times: user=0.54 sys=0.00, real=0.05 secs] 
2016-09-15T12:40:28.651-0400: 64.715: [GC (GCLocker Initiated GC) [PSYoungGen: 161544K->73512K(175104K)] 362493K->347637K(699392K), 0.0356200 secs] [Times: user=0.40 sys=0.01, real=0.03 secs] 
2016-09-15T12:40:28.820-0400: 64.884: [GC (Allocation Failure) [PSYoungGen: 161576K->61494K(175104K)] 442115K->378750K(699392K), 0.0115087 secs] [Times: user=0.09 sys=0.00, real=0.01 secs] 
2016-09-15T12:40:28.952-0400: 65.016: [GC (GCLocker Initiated GC) [PSYoungGen: 147273K->36966K(175104K)] 470605K->378797K(699392K), 0.0093930 secs] [Times: user=0.09 sys=0.00, real=0.01 secs] 
2016-09-15T12:40:29.079-0400: 65.143: [GC (GCLocker Initiated GC) [PSYoungGen: 125030K->55323K(175104K)] 473213K->403586K(699392K), 0.0135475 secs] [Times: user=0.12 sys=0.00, real=0.01 secs] 
2016-09-15T12:40:29.228-0400: 65.292: [GC (GCLocker Initiated GC) [PSYoungGen: 143387K->67597K(175104K)] 491955K->434698K(699392K), 0.0154379 secs] [Times: user=0.21 sys=0.01, real=0.01 secs] 
2016-09-15T12:40:29.360-0400: 65.424: [GC (GCLocker Initiated GC) [PSYoungGen: 155661K->55547K(175104K)] 528945K->459326K(699392K), 0.0082600 secs] [Times: user=0.11 sys=0.00, real=0.01 secs] 
2016-09-15T12:40:29.482-0400: 65.546: [GC (GCLocker Initiated GC) [PSYoungGen: 143611K->73480K(175104K)] 547437K->495799K(699392K), 0.0118192 secs] [Times: user=0.11 sys=0.01, real=0.01 secs] 
2016-09-15T12:40:29.606-0400: 65.670: [GC (GCLocker Initiated GC) [PSYoungGen: 161544K->67601K(175104K)] 584129K->520664K(699392K), 0.0253825 secs] [Times: user=0.28 sys=0.00, real=0.03 secs] 
2016-09-15T12:40:29.751-0400: 65.815: [GC (Allocation Failure) [PSYoungGen: 155665K->61266K(175104K)] 608882K->539215K(699392K), 0.0095087 secs] [Times: user=0.06 sys=0.01, real=0.01 secs] 
2016-09-15T12:40:29.761-0400: 65.825: [Full GC (Ergonomics) [PSYoungGen: 61266K->0K(175104K)] [ParOldGen: 477948K->52408K(524288K)] 539215K->52408K(699392K), [Metaspace: 44327K->44327K(1087488K)], 0.0526487 secs] [Times: user=0.32 sys=0.01, real=0.05 secs] 
2016-09-15T12:40:29.928-0400: 65.993: [GC (GCLocker Initiated GC) [PSYoungGen: 82802K->73932K(175104K)] 141286K->132415K(699392K), 0.0103245 secs] [Times: user=0.11 sys=0.00, real=0.01 secs] 
2016-09-15T12:40:30.054-0400: 66.118: [GC (GCLocker Initiated GC) [PSYoungGen: 161996K->61558K(175104K)] 226832K->145166K(699392K), 0.0095723 secs] [Times: user=0.09 sys=0.00, real=0.01 secs] 
2016-09-15T12:40:30.210-0400: 66.274: [GC (GCLocker Initiated GC) [PSYoungGen: 149622K->37190K(175104K)] 251616K->157864K(699392K), 0.0123057 secs] [Times: user=0.13 sys=0.00, real=0.01 secs] 
2016-09-15T12:40:30.341-0400: 66.405: [GC (GCLocker Initiated GC) [PSYoungGen: 125254K->61394K(175104K)] 245986K->182393K(699392K), 0.0142568 secs] [Times: user=0.14 sys=0.00, real=0.02 secs] 
2016-09-15T12:40:30.488-0400: 66.553: [GC (Allocation Failure) [PSYoungGen: 149458K->37226K(175104K)] 288830K->194911K(699392K), 0.0073003 secs] [Times: user=0.07 sys=0.00, real=0.01 secs] 
2016-09-15T12:40:30.658-0400: 66.722: [GC (GCLocker Initiated GC) [PSYoungGen: 125287K->61362K(175104K)] 282978K->219508K(699392K), 0.0214628 secs] [Times: user=0.22 sys=0.00, real=0.02 secs] 
2016-09-15T12:40:30.794-0400: 66.858: [GC (Allocation Failure) [PSYoungGen: 149426K->73448K(175104K)] 307849K->232130K(699392K), 0.0123344 secs] [Times: user=0.12 sys=0.00, real=0.01 secs] 
2016-09-15T12:40:30.954-0400: 67.018: [GC (GCLocker Initiated GC) [PSYoungGen: 155849K->19096K(175104K)] 320606K->238805K(699392K), 0.0206646 secs] [Times: user=0.20 sys=0.00, real=0.02 secs] 
2016-09-15T12:40:31.064-0400: 67.128: [GC (GCLocker Initiated GC) [PSYoungGen: 107160K->85694K(175104K)] 327034K->318008K(699392K), 0.0178471 secs] [Times: user=0.18 sys=0.00, real=0.02 secs] 
2016-09-15T12:40:31.196-0400: 67.260: [GC (GCLocker Initiated GC) [PSYoungGen: 173758K->73512K(175104K)] 406377K->342849K(699392K), 0.0133018 secs] [Times: user=0.11 sys=0.01, real=0.01 secs] 
2016-09-15T12:40:31.322-0400: 67.386: [GC (GCLocker Initiated GC) [PSYoungGen: 161576K->73608K(175104K)] 437030K->361487K(699392K), 0.0101038 secs] [Times: user=0.11 sys=0.01, real=0.01 secs] 
2016-09-15T12:40:31.451-0400: 67.515: [GC (GCLocker Initiated GC) [PSYoungGen: 161672K->67665K(175104K)] 449755K->398549K(699392K), 0.0197644 secs] [Times: user=0.20 sys=0.00, real=0.02 secs] 
2016-09-15T12:40:31.601-0400: 67.665: [GC (GCLocker Initiated GC) [PSYoungGen: 155729K->61458K(175104K)] 492847K->435333K(699392K), 0.0250220 secs] [Times: user=0.27 sys=0.00, real=0.02 secs] 
2016-09-15T12:40:31.749-0400: 67.813: [GC (GCLocker Initiated GC) [PSYoungGen: 149522K->73676K(175104K)] 523618K->466108K(699392K), 0.0117377 secs] [Times: user=0.11 sys=0.01, real=0.01 secs] 
2016-09-15T12:40:31.858-0400: 67.922: [GC (GCLocker Initiated GC) [PSYoungGen: 161740K->67373K(175104K)] 554326K->490577K(699392K), 0.0171335 secs] [Times: user=0.17 sys=0.01, real=0.01 secs] 
2016-09-15T12:40:31.986-0400: 68.050: [GC (GCLocker Initiated GC) [PSYoungGen: 155437K->67473K(175104K)] 578795K->521325K(699392K), 0.0111899 secs] [Times: user=0.11 sys=0.00, real=0.02 secs] 
2016-09-15T12:40:32.099-0400: 68.163: [GC (GCLocker Initiated GC) [PSYoungGen: 155537K->73968K(175104K)] 615568K->558614K(699392K), 0.0102467 secs] [Times: user=0.11 sys=0.00, real=0.01 secs] 
2016-09-15T12:40:32.109-0400: 68.173: [Full GC (Ergonomics) [PSYoungGen: 73968K->0K(175104K)] [ParOldGen: 484646K->52861K(524288K)] 558614K->52861K(699392K), [Metaspace: 44331K->44331K(1087488K)], 0.0472244 secs] [Times: user=0.21 sys=0.01, real=0.05 secs] 
2016-09-15T12:40:32.290-0400: 68.354: [GC (GCLocker Initiated GC) [PSYoungGen: 88064K->67857K(175104K)] 153140K->132933K(699392K), 0.0153997 secs] [Times: user=0.13 sys=0.00, real=0.01 secs] 
2016-09-15T12:40:32.454-0400: 68.518: [GC (GCLocker Initiated GC) [PSYoungGen: 155921K->18869K(175104K)] 233715K->134176K(699392K), 0.0101031 secs] [Times: user=0.11 sys=0.00, real=0.01 secs] 
2016-09-15T12:40:32.572-0400: 68.636: [GC (Allocation Failure) [PSYoungGen: 106933K->85562K(175104K)] 222293K->201041K(699392K), 0.0131902 secs] [Times: user=0.14 sys=0.01, real=0.01 secs] 
2016-09-15T12:40:32.686-0400: 68.750: [GC (GCLocker Initiated GC) [PSYoungGen: 171129K->12829K(175104K)] 292683K->195254K(699392K), 0.0291449 secs] [Times: user=0.29 sys=0.01, real=0.03 secs] 
2016-09-15T12:40:32.849-0400: 68.913: [GC (GCLocker Initiated GC) [PSYoungGen: 100893K->43432K(175104K)] 301607K->262802K(699392K), 0.0168435 secs] [Times: user=0.18 sys=0.00, real=0.01 secs] 
2016-09-15T12:40:33.000-0400: 69.064: [GC (GCLocker Initiated GC) [PSYoungGen: 131496K->37421K(175104K)] 363108K->299855K(699392K), 0.0100273 secs] [Times: user=0.10 sys=0.00, real=0.01 secs] 
2016-09-15T12:40:33.128-0400: 69.193: [GC (GCLocker Initiated GC) [PSYoungGen: 125485K->55615K(175104K)] 400167K->330555K(699392K), 0.0297065 secs] [Times: user=0.31 sys=0.00, real=0.03 secs] 
2016-09-15T12:40:33.278-0400: 69.343: [GC (GCLocker Initiated GC) [PSYoungGen: 143679K->73704K(175104K)] 418856K->385647K(699392K), 0.0107101 secs] [Times: user=0.15 sys=0.01, real=0.01 secs] 
2016-09-15T12:40:33.443-0400: 69.507: [GC (Allocation Failure) [PSYoungGen: 161768K->67565K(175104K)] 479816K->403942K(699392K), 0.0103770 secs] [Times: user=0.11 sys=0.02, real=0.01 secs] 
2016-09-15T12:40:33.554-0400: 69.618: [GC (GCLocker Initiated GC) [PSYoungGen: 155629K->79811K(175104K)] 492011K->477135K(699392K), 0.0217620 secs] [Times: user=0.32 sys=0.00, real=0.03 secs] 
2016-09-15T12:40:33.696-0400: 69.760: [GC (GCLocker Initiated GC) [PSYoungGen: 167875K->55515K(175104K)] 565203K->489420K(699392K), 0.0109733 secs] [Times: user=0.15 sys=0.00, real=0.00 secs] 
2016-09-15T12:40:33.828-0400: 69.892: [GC (GCLocker Initiated GC) [PSYoungGen: 143579K->73804K(175104K)] 589995K->539721K(699392K), 0.0279975 secs] [Times: user=0.35 sys=0.01, real=0.03 secs] 
2016-09-15T12:40:33.856-0400: 69.920: [Full GC (Ergonomics) [PSYoungGen: 73804K->0K(175104K)] [ParOldGen: 465917K->59159K(524288K)] 539721K->59159K(699392K), [Metaspace: 44339K->44339K(1087488K)], 0.0525777 secs] [Times: user=0.32 sys=0.01, real=0.05 secs] 
2016-09-15T12:40:33.993-0400: 70.057: [GC (GCLocker Initiated GC) [PSYoungGen: 88064K->86890K(175104K)] 147282K->170408K(699392K), 0.0105008 secs] [Times: user=0.16 sys=0.01, real=0.01 secs] 
2016-09-15T12:40:34.099-0400: 70.163: [GC (GCLocker Initiated GC) [PSYoungGen: 174954K->73836K(175104K)] 259232K->262381K(699392K), 0.0139076 secs] [Times: user=0.21 sys=0.00, real=0.01 secs] 
2016-09-15T12:40:34.213-0400: 70.277: [GC (Allocation Failure) [PSYoungGen: 161900K->49731K(175104K)] 356786K->311930K(699392K), 0.0117427 secs] [Times: user=0.17 sys=0.01, real=0.01 secs] 
2016-09-15T12:40:34.319-0400: 70.383: [GC (GCLocker Initiated GC) [PSYoungGen: 137795K->85822K(175104K)] 400000K->372806K(699392K), 0.0108613 secs] [Times: user=0.16 sys=0.00, real=0.01 secs] 
2016-09-15T12:40:34.428-0400: 70.492: [GC (GCLocker Initiated GC) [PSYoungGen: 173886K->86346K(175104K)] 461174K->416287K(699392K), 0.0125377 secs] [Times: user=0.19 sys=0.00, real=0.01 secs] 
2016-09-15T12:40:34.550-0400: 70.614: [GC (GCLocker Initiated GC) [PSYoungGen: 174410K->85854K(175104K)] 504516K->458824K(699392K), 0.0139511 secs] [Times: user=0.21 sys=0.00, real=0.01 secs] 
2016-09-15T12:40:34.671-0400: 70.735: [GC (GCLocker Initiated GC) [PSYoungGen: 173918K->85758K(175104K)] 546925K->519642K(699392K), 0.0123063 secs] [Times: user=0.18 sys=0.01, real=0.01 secs] 
2016-09-15T12:40:34.809-0400: 70.873: [Full GC (Ergonomics) [PSYoungGen: 173818K->0K(175104K)] [ParOldGen: 446384K->52881K(524288K)] 620203K->52881K(699392K), [Metaspace: 44351K->44351K(1087488K)], 0.0552624 secs] [Times: user=0.33 sys=0.01, real=0.05 secs] 
2016-09-15T12:40:34.971-0400: 71.035: [GC (GCLocker Initiated GC) [PSYoungGen: 88064K->86018K(175104K)] 141284K->163538K(699392K), 0.0110473 secs] [Times: user=0.15 sys=0.01, real=0.01 secs] 
2016-09-15T12:40:35.079-0400: 71.143: [GC (Allocation Failure) [PSYoungGen: 174082K->79911K(175104K)] 251918K->206834K(699392K), 0.0189432 secs] [Times: user=0.28 sys=0.03, real=0.02 secs] 
2016-09-15T12:40:35.098-0400: 71.163: [GC (GCLocker Initiated GC) [PSYoungGen: 79918K->224K(175104K)] 206842K->219159K(699392K), 0.0091542 secs] [Times: user=0.13 sys=0.01, real=0.01 secs] 
2016-09-15T12:40:35.229-0400: 71.293: [GC (GCLocker Initiated GC) [PSYoungGen: 86799K->86142K(175104K)] 311809K->335452K(699392K), 0.0099488 secs] [Times: user=0.14 sys=0.00, real=0.01 secs] 
2016-09-15T12:40:35.349-0400: 71.413: [GC (GCLocker Initiated GC) [PSYoungGen: 174206K->73640K(175104K)] 423737K->360372K(699392K), 0.0100275 secs] [Times: user=0.15 sys=0.01, real=0.01 secs] 
2016-09-15T12:40:35.469-0400: 71.533: [GC (GCLocker Initiated GC) [PSYoungGen: 161704K->73640K(175104K)] 448505K->397175K(699392K), 0.0105097 secs] [Times: user=0.14 sys=0.00, real=0.01 secs] 
2016-09-15T12:40:35.599-0400: 71.663: [GC (GCLocker Initiated GC) [PSYoungGen: 161704K->55579K(175104K)] 485247K->379258K(699392K), 0.0069135 secs] [Times: user=0.07 sys=0.00, real=0.00 secs] 
2016-09-15T12:40:35.703-0400: 71.767: [GC (GCLocker Initiated GC) [PSYoungGen: 143643K->85790K(175104K)] 467346K->434281K(699392K), 0.0106884 secs] [Times: user=0.16 sys=0.00, real=0.01 secs] 
2016-09-15T12:40:35.840-0400: 71.904: [GC (GCLocker Initiated GC) [PSYoungGen: 173854K->86018K(175104K)] 522521K->489496K(699392K), 0.0121115 secs] [Times: user=0.16 sys=0.00, real=0.01 secs] 
2016-09-15T12:40:35.999-0400: 72.063: [GC (GCLocker Initiated GC) [PSYoungGen: 174082K->55579K(175104K)] 583822K->520309K(699392K), 0.0098806 secs] [Times: user=0.14 sys=0.00, real=0.01 secs] 
2016-09-15T12:40:36.009-0400: 72.073: [Full GC (Ergonomics) [PSYoungGen: 55579K->0K(175104K)] [ParOldGen: 464730K->52904K(524288K)] 520309K->52904K(699392K), [Metaspace: 44351K->44351K(1087488K)], 0.0509593 secs] [Times: user=0.35 sys=0.01, real=0.05 secs] 
2016-09-15T12:40:36.161-0400: 72.225: [GC (GCLocker Initiated GC) [PSYoungGen: 88064K->74487K(175104K)] 141312K->127736K(699392K), 0.0114309 secs] [Times: user=0.16 sys=0.00, real=0.01 secs] 
2016-09-15T12:40:36.267-0400: 72.332: [GC (GCLocker Initiated GC) [PSYoungGen: 162551K->61426K(175104K)] 221882K->139840K(699392K), 0.0097763 secs] [Times: user=0.10 sys=0.00, real=0.02 secs] 
2016-09-15T12:40:36.399-0400: 72.463: [GC (Allocation Failure) [PSYoungGen: 149490K->73580K(175104K)] 228260K->152453K(699392K), 0.0216978 secs] [Times: user=0.22 sys=0.00, real=0.02 secs] 
2016-09-15T12:40:36.529-0400: 72.593: [GC (GCLocker Initiated GC) [PSYoungGen: 161644K->73904K(175104K)] 240523K->189532K(699392K), 0.0272534 secs] [Times: user=0.35 sys=0.00, real=0.03 secs] 
2016-09-15T12:40:36.680-0400: 72.744: [GC (Allocation Failure) [PSYoungGen: 161968K->55547K(175104K)] 290036K->201936K(699392K), 0.0066636 secs] [Times: user=0.07 sys=0.00, real=0.00 secs] 
2016-09-15T12:40:36.687-0400: 72.751: [GC (GCLocker Initiated GC) [PSYoungGen: 55562K->32K(175104K)] 201951K->201662K(699392K), 0.0053389 secs] [Times: user=0.06 sys=0.00, real=0.01 secs] 
2016-09-15T12:40:36.815-0400: 72.879: [GC (GCLocker Initiated GC) [PSYoungGen: 88096K->85858K(175104K)] 289731K->287493K(699392K), 0.0094400 secs] [Times: user=0.07 sys=0.00, real=0.01 secs] 
2016-09-15T12:40:36.920-0400: 72.984: [GC (GCLocker Initiated GC) [PSYoungGen: 173922K->73672K(175104K)] 375752K->318351K(699392K), 0.0130694 secs] [Times: user=0.16 sys=0.00, real=0.01 secs] 
2016-09-15T12:40:37.051-0400: 73.115: [GC (Allocation Failure) [PSYoungGen: 161736K->55319K(175104K)] 418640K->348988K(699392K), 0.0314703 secs] [Times: user=0.42 sys=0.01, real=0.03 secs] 
2016-09-15T12:40:37.187-0400: 73.251: [GC (Allocation Failure) [PSYoungGen: 138736K->55319K(175104K)] 432406K->385722K(699392K), 0.0094646 secs] [Times: user=0.12 sys=0.00, real=0.02 secs] 
2016-09-15T12:40:37.299-0400: 73.363: [GC (GCLocker Initiated GC) [PSYoungGen: 143383K->80075K(175104K)] 473797K->428998K(699392K), 0.0103345 secs] [Times: user=0.12 sys=0.00, real=0.01 secs] 
2016-09-15T12:40:37.419-0400: 73.483: [GC (GCLocker Initiated GC) [PSYoungGen: 168139K->73608K(175104K)] 517238K->465343K(699392K), 0.0151225 secs] [Times: user=0.14 sys=0.02, real=0.01 secs] 
2016-09-15T12:40:37.550-0400: 73.615: [GC (GCLocker Initiated GC) [PSYoungGen: 161672K->37226K(175104K)] 559659K->453557K(699392K), 0.0063404 secs] [Times: user=0.07 sys=0.00, real=0.01 secs] 
2016-09-15T12:40:37.671-0400: 73.736: [GC (GCLocker Initiated GC) [PSYoungGen: 125290K->67209K(175104K)] 541658K->502406K(699392K), 0.0433394 secs] [Times: user=0.49 sys=0.00, real=0.04 secs] 
2016-09-15T12:40:37.845-0400: 73.909: [GC (GCLocker Initiated GC) [PSYoungGen: 155273K->43461K(175104K)] 602880K->558013K(699392K), 0.0134482 secs] [Times: user=0.15 sys=0.00, real=0.02 secs] 
2016-09-15T12:40:37.859-0400: 73.923: [Full GC (Ergonomics) [PSYoungGen: 43461K->0K(175104K)] [ParOldGen: 514552K->53559K(524288K)] 558013K->53559K(699392K), [Metaspace: 44354K->44354K(1087488K)], 0.0562086 secs] [Times: user=0.37 sys=0.03, real=0.05 secs] 
2016-09-15T12:40:38.027-0400: 74.091: [GC (GCLocker Initiated GC) [PSYoungGen: 88064K->86242K(175104K)] 141744K->182447K(699392K), 0.0094766 secs] [Times: user=0.15 sys=0.01, real=0.02 secs] 
2016-09-15T12:40:38.157-0400: 74.221: [GC (GCLocker Initiated GC) [PSYoungGen: 174306K->49539K(175104K)] 276633K->170780K(699392K), 0.0122659 secs] [Times: user=0.17 sys=0.00, real=0.01 secs] 
2016-09-15T12:40:38.255-0400: 74.320: [GC (GCLocker Initiated GC) [PSYoungGen: 137603K->85758K(175104K)] 259043K->243939K(699392K), 0.0100888 secs] [Times: user=0.12 sys=0.00, real=0.01 secs] 
2016-09-15T12:40:38.410-0400: 74.474: [GC (GCLocker Initiated GC) [PSYoungGen: 173822K->18773K(175104K)] 344195K->225847K(699392K), 0.0195940 secs] [Times: user=0.21 sys=0.00, real=0.02 secs] 
2016-09-15T12:40:38.551-0400: 74.615: [GC (Allocation Failure) [PSYoungGen: 106837K->61294K(175104K)] 314126K->299273K(699392K), 0.0084160 secs] [Times: user=0.08 sys=0.01, real=0.01 secs] 
2016-09-15T12:40:38.666-0400: 74.730: [GC (GCLocker Initiated GC) [PSYoungGen: 147114K->73672K(175104K)] 391168K->317854K(699392K), 0.0099679 secs] [Times: user=0.10 sys=0.00, real=0.02 secs] 
2016-09-15T12:40:38.791-0400: 74.855: [GC (GCLocker Initiated GC) [PSYoungGen: 161736K->67565K(175104K)] 412226K->336915K(699392K), 0.0100058 secs] [Times: user=0.13 sys=0.01, real=0.01 secs] 
2016-09-15T12:40:38.900-0400: 74.964: [GC (GCLocker Initiated GC) [PSYoungGen: 155629K->55970K(175104K)] 431393K->362253K(699392K), 0.0098658 secs] [Times: user=0.14 sys=0.00, real=0.01 secs] 
2016-09-15T12:40:39.061-0400: 75.125: [GC (GCLocker Initiated GC) [PSYoungGen: 144034K->79783K(175104K)] 456440K->392816K(699392K), 0.0121574 secs] [Times: user=0.11 sys=0.00, real=0.01 secs] 
2016-09-15T12:40:39.162-0400: 75.226: [GC (GCLocker Initiated GC) [PSYoungGen: 167847K->79779K(175104K)] 481106K->448021K(699392K), 0.0149879 secs] [Times: user=0.14 sys=0.00, real=0.02 secs] 
2016-09-15T12:40:39.295-0400: 75.359: [GC (GCLocker Initiated GC) [PSYoungGen: 167843K->73936K(175104K)] 542498K->479265K(699392K), 0.0103914 secs] [Times: user=0.12 sys=0.00, real=0.01 secs] 
2016-09-15T12:40:39.445-0400: 75.510: [GC (GCLocker Initiated GC) [PSYoungGen: 162000K->37062K(175104K)] 574110K->467649K(699392K), 0.0194276 secs] [Times: user=0.22 sys=0.00, real=0.02 secs] 
2016-09-15T12:40:39.591-0400: 75.655: [GC (GCLocker Initiated GC) [PSYoungGen: 125126K->79459K(175104K)] 555805K->510374K(699392K), 0.0181276 secs] [Times: user=0.15 sys=0.00, real=0.02 secs] 
2016-09-15T12:40:39.713-0400: 75.777: [GC (GCLocker Initiated GC) [PSYoungGen: 167523K->61330K(175104K)] 598462K->534897K(699392K), 0.0262332 secs] [Times: user=0.27 sys=0.00, real=0.03 secs] 
2016-09-15T12:40:39.739-0400: 75.803: [Full GC (Ergonomics) [PSYoungGen: 61330K->0K(175104K)] [ParOldGen: 473567K->47147K(524288K)] 534897K->47147K(699392K), [Metaspace: 44358K->44358K(1087488K)], 0.0534384 secs] [Times: user=0.36 sys=0.01, real=0.05 secs] 
2016-09-15T12:40:39.912-0400: 75.976: [GC (GCLocker Initiated GC) [PSYoungGen: 88064K->74060K(175104K)] 147566K->133562K(699392K), 0.0077098 secs] [Times: user=0.09 sys=0.00, real=0.01 secs] 
2016-09-15T12:40:40.059-0400: 76.124: [GC (GCLocker Initiated GC) [PSYoungGen: 162124K->49340K(175104K)] 227849K->152234K(699392K), 0.0135945 secs] [Times: user=0.16 sys=0.01, real=0.01 secs] 
2016-09-15T12:40:40.211-0400: 76.275: [GC (GCLocker Initiated GC) [PSYoungGen: 137404K->79879K(175104K)] 252524K->237684K(699392K), 0.0108238 secs] [Times: user=0.14 sys=0.00, real=0.01 secs] 
2016-09-15T12:40:40.329-0400: 76.393: [GC (GCLocker Initiated GC) [PSYoungGen: 167943K->85530K(175104K)] 325829K->304629K(699392K), 0.0110884 secs] [Times: user=0.11 sys=0.01, real=0.01 secs] 
2016-09-15T12:40:40.462-0400: 76.526: [GC (GCLocker Initiated GC) [PSYoungGen: 173594K->79943K(175104K)] 392921K->348005K(699392K), 0.0124367 secs] [Times: user=0.15 sys=0.01, real=0.01 secs] 
2016-09-15T12:40:40.631-0400: 76.695: [GC (GCLocker Initiated GC) [PSYoungGen: 168007K->55351K(175104K)] 436145K->360238K(699392K), 0.0122685 secs] [Times: user=0.12 sys=0.02, real=0.01 secs] 
2016-09-15T12:40:40.746-0400: 76.810: [GC (GCLocker Initiated GC) [PSYoungGen: 143415K->67469K(175104K)] 448495K->427368K(699392K), 0.0114240 secs] [Times: user=0.14 sys=0.01, real=0.02 secs] 
2016-09-15T12:40:40.875-0400: 76.939: [GC (GCLocker Initiated GC) [PSYoungGen: 155533K->85954K(175104K)] 515585K->458439K(699392K), 0.0234163 secs] [Times: user=0.29 sys=0.01, real=0.03 secs] 
2016-09-15T12:40:41.034-0400: 77.098: [GC (GCLocker Initiated GC) [PSYoungGen: 174018K->55255K(175104K)] 546525K->446238K(699392K), 0.0091339 secs] [Times: user=0.09 sys=0.00, real=0.01 secs] 
2016-09-15T12:40:41.155-0400: 77.219: [GC (Allocation Failure) [PSYoungGen: 143319K->79555K(175104K)] 534652K->471148K(699392K), 0.0096045 secs] [Times: user=0.08 sys=0.01, real=0.01 secs] 
2016-09-15T12:40:41.288-0400: 77.352: [GC (GCLocker Initiated GC) [PSYoungGen: 167619K->61426K(175104K)] 559217K->526052K(699392K), 0.0156427 secs] [Times: user=0.16 sys=0.01, real=0.01 secs] 
2016-09-15T12:40:41.304-0400: 77.368: [Full GC (Ergonomics) [PSYoungGen: 61426K->0K(175104K)] [ParOldGen: 464625K->53396K(524288K)] 526052K->53396K(699392K), [Metaspace: 44358K->44358K(1087488K)], 0.0520098 secs] [Times: user=0.35 sys=0.00, real=0.06 secs] 
2016-09-15T12:40:41.489-0400: 77.553: [GC (GCLocker Initiated GC) [PSYoungGen: 88064K->86078K(175104K)] 147908K->151998K(699392K), 0.0102026 secs] [Times: user=0.13 sys=0.00, real=0.01 secs] 
2016-09-15T12:40:41.622-0400: 77.686: [GC (GCLocker Initiated GC) [PSYoungGen: 174142K->55155K(175104K)] 240103K->164173K(699392K), 0.0214764 secs] [Times: user=0.24 sys=0.01, real=0.02 secs] 
2016-09-15T12:40:41.753-0400: 77.817: [GC (GCLocker Initiated GC) [PSYoungGen: 143219K->55679K(175104K)] 252334K->183162K(699392K), 0.0094528 secs] [Times: user=0.10 sys=0.00, real=0.01 secs] 
2016-09-15T12:40:41.890-0400: 77.954: [GC (GCLocker Initiated GC) [PSYoungGen: 143743K->49312K(175104K)] 277405K->207861K(699392K), 0.0183824 secs] [Times: user=0.19 sys=0.00, real=0.02 secs] 
2016-09-15T12:40:42.058-0400: 78.123: [GC (GCLocker Initiated GC) [PSYoungGen: 137376K->55451K(175104K)] 296191K->214533K(699392K), 0.0130739 secs] [Times: user=0.13 sys=0.00, real=0.01 secs] 
2016-09-15T12:40:42.215-0400: 78.280: [GC (GCLocker Initiated GC) [PSYoungGen: 143515K->67209K(175104K)] 302599K->226405K(699392K), 0.0170160 secs] [Times: user=0.17 sys=0.01, real=0.02 secs] 
2016-09-15T12:40:42.340-0400: 78.404: [GC (GCLocker Initiated GC) [PSYoungGen: 155273K->61490K(175104K)] 314651K->251386K(699392K), 0.0159291 secs] [Times: user=0.17 sys=0.00, real=0.02 secs] 
2016-09-15T12:40:42.463-0400: 78.527: [GC (GCLocker Initiated GC) [PSYoungGen: 149554K->55583K(175104K)] 339772K->282354K(699392K), 0.0148174 secs] [Times: user=0.13 sys=0.00, real=0.02 secs] 
2016-09-15T12:40:42.605-0400: 78.669: [GC (GCLocker Initiated GC) [PSYoungGen: 143647K->61526K(175104K)] 370779K->307159K(699392K), 0.0163942 secs] [Times: user=0.19 sys=0.00, real=0.02 secs] 
2016-09-15T12:40:42.710-0400: 78.774: [GC (GCLocker Initiated GC) [PSYoungGen: 149590K->67533K(175104K)] 401513K->349958K(699392K), 0.0120976 secs] [Times: user=0.11 sys=0.01, real=0.01 secs] 
2016-09-15T12:40:42.853-0400: 78.917: [GC (Allocation Failure) [PSYoungGen: 155597K->37581K(175104K)] 450517K->369087K(699392K), 0.0127461 secs] [Times: user=0.15 sys=0.00, real=0.01 secs] 
2016-09-15T12:40:42.973-0400: 79.038: [GC (GCLocker Initiated GC) [PSYoungGen: 125645K->55223K(175104K)] 457156K->387173K(699392K), 0.0216548 secs] [Times: user=0.25 sys=0.00, real=0.02 secs] 
2016-09-15T12:40:43.094-0400: 79.158: [GC (GCLocker Initiated GC) [PSYoungGen: 143287K->61362K(175104K)] 475270K->399508K(699392K), 0.0111444 secs] [Times: user=0.05 sys=0.00, real=0.01 secs] 
2016-09-15T12:40:43.253-0400: 79.317: [GC (Allocation Failure) [PSYoungGen: 149426K->73804K(175104K)] 493985K->436856K(699392K), 0.0278630 secs] [Times: user=0.37 sys=0.00, real=0.03 secs] 
2016-09-15T12:40:43.402-0400: 79.466: [GC (GCLocker Initiated GC) [PSYoungGen: 157997K->55743K(175104K)] 527124K->443410K(699392K), 0.0100779 secs] [Times: user=0.16 sys=0.00, real=0.01 secs] 
2016-09-15T12:40:43.545-0400: 79.609: [GC (Allocation Failure) [PSYoungGen: 143807K->85726K(175104K)] 531527K->497874K(699392K), 0.0107655 secs] [Times: user=0.16 sys=0.00, real=0.02 secs] 
2016-09-15T12:40:43.680-0400: 79.744: [GC (GCLocker Initiated GC) [PSYoungGen: 171510K->61558K(175104K)] 589733K->528672K(699392K), 0.0191359 secs] [Times: user=0.19 sys=0.00, real=0.02 secs] 
2016-09-15T12:40:43.699-0400: 79.763: [Full GC (Ergonomics) [PSYoungGen: 61558K->0K(175104K)] [ParOldGen: 467114K->53901K(524288K)] 528672K->53901K(699392K), [Metaspace: 44361K->44361K(1087488K)], 0.0517423 secs] [Times: user=0.29 sys=0.02, real=0.05 secs] 
2016-09-15T12:40:43.867-0400: 79.931: [GC (Allocation Failure) [PSYoungGen: 88064K->86210K(175104K)] 142169K->152465K(699392K), 0.0133310 secs] [Times: user=0.16 sys=0.00, real=0.02 secs] 
2016-09-15T12:40:44.018-0400: 80.082: [GC (GCLocker Initiated GC) [PSYoungGen: 172220K->55387K(175104K)] 244550K->176841K(699392K), 0.0096244 secs] [Times: user=0.09 sys=0.00, real=0.00 secs] 
2016-09-15T12:40:44.136-0400: 80.200: [GC (GCLocker Initiated GC) [PSYoungGen: 143451K->85918K(175104K)] 265064K->219973K(699392K), 0.0145929 secs] [Times: user=0.21 sys=0.01, real=0.02 secs] 
2016-09-15T12:40:44.291-0400: 80.356: [GC (Allocation Failure) [PSYoungGen: 173982K->37094K(175104K)] 314662K->256908K(699392K), 0.0121710 secs] [Times: user=0.15 sys=0.00, real=0.01 secs] 
2016-09-15T12:40:44.427-0400: 80.491: [GC (GCLocker Initiated GC) [PSYoungGen: 125158K->85790K(175104K)] 344979K->311946K(699392K), 0.0149977 secs] [Times: user=0.22 sys=0.00, real=0.02 secs] 
2016-09-15T12:40:44.582-0400: 80.646: [GC (GCLocker Initiated GC) [PSYoungGen: 173854K->19096K(175104K)] 418455K->282254K(699392K), 0.0070698 secs] [Times: user=0.08 sys=0.01, real=0.01 secs] 
2016-09-15T12:40:44.700-0400: 80.765: [GC (GCLocker Initiated GC) [PSYoungGen: 107160K->85854K(175104K)] 370366K->379890K(699392K), 0.0120806 secs] [Times: user=0.18 sys=0.01, real=0.01 secs] 
2016-09-15T12:40:44.852-0400: 80.917: [GC (GCLocker Initiated GC) [PSYoungGen: 173918K->73544K(175104K)] 474182K->392161K(699392K), 0.0098413 secs] [Times: user=0.08 sys=0.00, real=0.01 secs] 
2016-09-15T12:40:44.991-0400: 81.055: [GC (Allocation Failure) [PSYoungGen: 161608K->49052K(175104K)] 480256K->392267K(699392K), 0.0198749 secs] [Times: user=0.24 sys=0.00, real=0.02 secs] 
2016-09-15T12:40:45.129-0400: 81.193: [GC (GCLocker Initiated GC) [PSYoungGen: 137116K->73608K(175104K)] 480337K->459661K(699392K), 0.0093106 secs] [Times: user=0.10 sys=0.00, real=0.01 secs] 
2016-09-15T12:40:45.255-0400: 81.319: [GC (GCLocker Initiated GC) [PSYoungGen: 161672K->85726K(175104K)] 553842K->508571K(699392K), 0.0132461 secs] [Times: user=0.16 sys=0.00, real=0.02 secs] 
2016-09-15T12:40:45.385-0400: 81.449: [GC (GCLocker Initiated GC) [PSYoungGen: 173790K->25011K(175104K)] 609062K->503084K(699392K), 0.0141891 secs] [Times: user=0.17 sys=0.00, real=0.02 secs] 
2016-09-15T12:40:45.400-0400: 81.464: [Full GC (Ergonomics) [PSYoungGen: 25011K->0K(175104K)] [ParOldGen: 478072K->45818K(524288K)] 503084K->45818K(699392K), [Metaspace: 44361K->44361K(1087488K)], 0.0522852 secs] [Times: user=0.30 sys=0.01, real=0.05 secs] 
2016-09-15T12:40:45.566-0400: 81.630: [GC (GCLocker Initiated GC) [PSYoungGen: 88064K->73672K(175104K)] 134075K->119683K(699392K), 0.0089318 secs] [Times: user=0.12 sys=0.00, real=0.01 secs] 
2016-09-15T12:40:45.700-0400: 81.764: [GC (GCLocker Initiated GC) [PSYoungGen: 161736K->85822K(175104K)] 207957K->162702K(699392K), 0.0102172 secs] [Times: user=0.14 sys=0.01, real=0.01 secs] 
2016-09-15T12:40:45.824-0400: 81.888: [GC (Allocation Failure) [PSYoungGen: 173886K->79879K(175104K)] 251133K->193851K(699392K), 0.0190029 secs] [Times: user=0.24 sys=0.00, real=0.02 secs] 
2016-09-15T12:40:45.844-0400: 81.908: [GC (GCLocker Initiated GC) [PSYoungGen: 79888K->32K(175104K)] 193861K->193521K(699392K), 0.0102984 secs] [Times: user=0.11 sys=0.00, real=0.01 secs] 
2016-09-15T12:40:45.998-0400: 82.062: [GC (Allocation Failure) [PSYoungGen: 87624K->74028K(175104K)] 281114K->267517K(699392K), 0.0075706 secs] [Times: user=0.07 sys=0.00, real=0.00 secs] 
2016-09-15T12:40:46.105-0400: 82.169: [GC (GCLocker Initiated GC) [PSYoungGen: 162092K->73412K(175104K)] 361656K->310278K(699392K), 0.0166550 secs] [Times: user=0.15 sys=0.00, real=0.02 secs] 
2016-09-15T12:40:46.251-0400: 82.315: [GC (GCLocker Initiated GC) [PSYoungGen: 161476K->37258K(175104K)] 410634K->322985K(699392K), 0.0097629 secs] [Times: user=0.10 sys=0.00, real=0.01 secs] 
2016-09-15T12:40:46.404-0400: 82.468: [GC (GCLocker Initiated GC) [PSYoungGen: 125322K->67501K(175104K)] 423241K->366016K(699392K), 0.0116919 secs] [Times: user=0.11 sys=0.00, real=0.01 secs] 
2016-09-15T12:40:46.527-0400: 82.591: [GC (GCLocker Initiated GC) [PSYoungGen: 155565K->67209K(175104K)] 454140K->420579K(699392K), 0.0207771 secs] [Times: user=0.22 sys=0.00, real=0.03 secs] 
2016-09-15T12:40:46.659-0400: 82.724: [GC (GCLocker Initiated GC) [PSYoungGen: 155273K->67729K(175104K)] 509009K->464110K(699392K), 0.0122662 secs] [Times: user=0.09 sys=0.01, real=0.01 secs] 
2016-09-15T12:40:46.827-0400: 82.891: [GC (Allocation Failure) [PSYoungGen: 155793K->37158K(175104K)] 552797K->452835K(699392K), 0.0139501 secs] [Times: user=0.18 sys=0.00, real=0.02 secs] 
2016-09-15T12:40:46.936-0400: 83.000: [GC (GCLocker Initiated GC) [PSYoungGen: 125222K->85658K(175104K)] 540904K->507715K(699392K), 0.0088703 secs] [Times: user=0.10 sys=0.00, real=0.00 secs] 
2016-09-15T12:40:47.065-0400: 83.129: [GC (Allocation Failure) [PSYoungGen: 173722K->85986K(175104K)] 595883K->575123K(699392K), 0.0217011 secs] [Times: user=0.28 sys=0.00, real=0.02 secs] 
2016-09-15T12:40:47.087-0400: 83.151: [Full GC (Ergonomics) [PSYoungGen: 85986K->0K(175104K)] [ParOldGen: 489137K->51710K(524288K)] 575123K->51710K(699392K), [Metaspace: 44366K->44366K(1087488K)], 0.1735526 secs] [Times: user=2.35 sys=0.01, real=0.18 secs] 
2016-09-15T12:40:47.387-0400: 83.451: [GC (GCLocker Initiated GC) [PSYoungGen: 87630K->86146K(175104K)] 145415K->150006K(699392K), 0.0086560 secs] [Times: user=0.09 sys=0.00, real=0.01 secs] 
2016-09-15T12:40:47.524-0400: 83.589: [GC (GCLocker Initiated GC) [PSYoungGen: 174210K->37162K(175104K)] 250306K->150403K(699392K), 0.0275721 secs] [Times: user=0.25 sys=0.01, real=0.03 secs] 
2016-09-15T12:40:47.678-0400: 83.742: [GC (GCLocker Initiated GC) [PSYoungGen: 125226K->55383K(175104K)] 244898K->193532K(699392K), 0.0079235 secs] [Times: user=0.09 sys=0.00, real=0.00 secs] 
2016-09-15T12:40:47.816-0400: 83.880: [GC (Allocation Failure) [PSYoungGen: 143447K->55611K(175104K)] 288020K->200264K(699392K), 0.0129350 secs] [Times: user=0.14 sys=0.00, real=0.01 secs] 
2016-09-15T12:40:47.921-0400: 83.986: [GC (GCLocker Initiated GC) [PSYoungGen: 143675K->85986K(175104K)] 288328K->255254K(699392K), 0.0108916 secs] [Times: user=0.17 sys=0.00, real=0.01 secs] 
2016-09-15T12:40:48.049-0400: 84.113: [GC (GCLocker Initiated GC) [PSYoungGen: 174050K->74064K(175104K)] 343536K->298376K(699392K), 0.0115502 secs] [Times: user=0.18 sys=0.00, real=0.01 secs] 
2016-09-15T12:40:48.200-0400: 84.264: [GC (GCLocker Initiated GC) [PSYoungGen: 162128K->55351K(175104K)] 392526K->304094K(699392K), 0.0130634 secs] [Times: user=0.14 sys=0.00, real=0.01 secs] 
2016-09-15T12:40:48.312-0400: 84.376: [GC (GCLocker Initiated GC) [PSYoungGen: 143415K->61330K(175104K)] 398392K->316394K(699392K), 0.0085783 secs] [Times: user=0.08 sys=0.01, real=0.01 secs] 
2016-09-15T12:40:48.454-0400: 84.518: [GC (Allocation Failure) [PSYoungGen: 149394K->37062K(175104K)] 416751K->322903K(699392K), 0.0069309 secs] [Times: user=0.07 sys=0.00, real=0.01 secs] 
2016-09-15T12:40:48.594-0400: 84.658: [GC (GCLocker Initiated GC) [PSYoungGen: 125126K->73480K(175104K)] 410973K->390142K(699392K), 0.0100420 secs] [Times: user=0.10 sys=0.00, real=0.01 secs] 
2016-09-15T12:40:48.715-0400: 84.779: [GC (GCLocker Initiated GC) [PSYoungGen: 161544K->30987K(175104K)] 478286K->384447K(699392K), 0.0151153 secs] [Times: user=0.16 sys=0.00, real=0.02 secs] 
2016-09-15T12:40:48.844-0400: 84.908: [GC (GCLocker Initiated GC) [PSYoungGen: 119051K->85790K(175104K)] 472559K->451592K(699392K), 0.0171111 secs] [Times: user=0.21 sys=0.00, real=0.02 secs] 
2016-09-15T12:40:48.992-0400: 85.056: [GC (Allocation Failure) [PSYoungGen: 173854K->24784K(175104K)] 540011K->451958K(699392K), 0.0294597 secs] [Times: user=0.29 sys=0.01, real=0.03 secs] 
2016-09-15T12:40:49.128-0400: 85.192: [GC (GCLocker Initiated GC) [PSYoungGen: 110088K->37030K(175104K)] 543338K->506989K(699392K), 0.0220999 secs] [Times: user=0.20 sys=0.00, real=0.02 secs] 
2016-09-15T12:40:49.150-0400: 85.214: [Full GC (Ergonomics) [PSYoungGen: 37030K->0K(175104K)] [ParOldGen: 469959K->57910K(524288K)] 506989K->57910K(699392K), [Metaspace: 44373K->44373K(1087488K)], 0.0538007 secs] [Times: user=0.25 sys=0.01, real=0.05 secs] 
2016-09-15T12:40:49.317-0400: 85.381: [GC (GCLocker Initiated GC) [PSYoungGen: 88064K->73964K(175104K)] 146195K->132095K(699392K), 0.0202691 secs] [Times: user=0.20 sys=0.00, real=0.02 secs] 
2016-09-15T12:40:49.449-0400: 85.514: [GC (GCLocker Initiated GC) [PSYoungGen: 162028K->36934K(175104K)] 226439K->138466K(699392K), 0.0115503 secs] [Times: user=0.12 sys=0.00, real=0.01 secs] 
2016-09-15T12:40:49.594-0400: 85.658: [GC (GCLocker Initiated GC) [PSYoungGen: 124998K->61430K(175104K)] 232697K->205683K(699392K), 0.0272861 secs] [Times: user=0.24 sys=0.00, real=0.03 secs] 
2016-09-15T12:40:49.739-0400: 85.803: [GC (GCLocker Initiated GC) [PSYoungGen: 149494K->67533K(175104K)] 299987K->267129K(699392K), 0.0111511 secs] [Times: user=0.17 sys=0.00, real=0.01 secs] 
2016-09-15T12:40:49.874-0400: 85.939: [GC (GCLocker Initiated GC) [PSYoungGen: 155597K->67369K(175104K)] 355399K->297846K(699392K), 0.0156035 secs] [Times: user=0.19 sys=0.00, real=0.02 secs] 
2016-09-15T12:40:50.024-0400: 86.088: [GC (GCLocker Initiated GC) [PSYoungGen: 155433K->85726K(175104K)] 386266K->340978K(699392K), 0.0103512 secs] [Times: user=0.11 sys=0.00, real=0.01 secs] 
2016-09-15T12:40:50.158-0400: 86.222: [GC (GCLocker Initiated GC) [PSYoungGen: 173790K->37098K(175104K)] 435405K->317206K(699392K), 0.0101879 secs] [Times: user=0.08 sys=0.00, real=0.01 secs] 
2016-09-15T12:40:50.287-0400: 86.351: [GC (GCLocker Initiated GC) [PSYoungGen: 125162K->79651K(175104K)] 405351K->360124K(699392K), 0.0225420 secs] [Times: user=0.25 sys=0.00, real=0.03 secs] 
2016-09-15T12:40:50.475-0400: 86.539: [GC (GCLocker Initiated GC) [PSYoungGen: 167715K->37258K(175104K)] 460400K->372588K(699392K), 0.0145392 secs] [Times: user=0.14 sys=0.00, real=0.02 secs] 
2016-09-15T12:40:50.616-0400: 86.680: [GC (Allocation Failure) [PSYoungGen: 125322K->79587K(175104K)] 461007K->415859K(699392K), 0.0104399 secs] [Times: user=0.08 sys=0.00, real=0.00 secs] 
2016-09-15T12:40:50.743-0400: 86.807: [GC (GCLocker Initiated GC) [PSYoungGen: 167651K->61330K(175104K)] 503929K->440237K(699392K), 0.0118150 secs] [Times: user=0.10 sys=0.00, real=0.01 secs] 
2016-09-15T12:40:50.863-0400: 86.928: [GC (GCLocker Initiated GC) [PSYoungGen: 149394K->67501K(175104K)] 528342K->495193K(699392K), 0.0213914 secs] [Times: user=0.19 sys=0.01, real=0.02 secs] 
2016-09-15T12:40:51.015-0400: 87.080: [GC (Allocation Failure) [PSYoungGen: 155563K->37421K(175104K)] 595738K->532539K(699392K), 0.0129217 secs] [Times: user=0.15 sys=0.01, real=0.02 secs] 
2016-09-15T12:40:51.029-0400: 87.093: [Full GC (Ergonomics) [PSYoungGen: 37421K->0K(175104K)] [ParOldGen: 495117K->45743K(524288K)] 532539K->45743K(699392K), [Metaspace: 44385K->44385K(1087488K)], 0.0489031 secs] [Times: user=0.30 sys=0.00, real=0.05 secs] 
2016-09-15T12:40:51.202-0400: 87.266: [GC (GCLocker Initiated GC) [PSYoungGen: 84555K->85890K(175104K)] 136373K->155933K(699392K), 0.0100451 secs] [Times: user=0.11 sys=0.01, real=0.01 secs] 
2016-09-15T12:40:51.337-0400: 87.401: [GC (Allocation Failure) [PSYoungGen: 173954K->49212K(175104K)] 250321K->216995K(699392K), 0.0254506 secs] [Times: user=0.32 sys=0.00, real=0.02 secs] 
2016-09-15T12:40:51.508-0400: 87.572: [GC (GCLocker Initiated GC) [PSYoungGen: 134887K->73804K(175104K)] 308745K->296398K(699392K), 0.0138656 secs] [Times: user=0.13 sys=0.00, real=0.02 secs] 
2016-09-15T12:40:51.645-0400: 87.709: [GC (GCLocker Initiated GC) [PSYoungGen: 161868K->67373K(175104K)] 390674K->302678K(699392K), 0.0166943 secs] [Times: user=0.18 sys=0.00, real=0.02 secs] 
2016-09-15T12:40:51.767-0400: 87.831: [GC (GCLocker Initiated GC) [PSYoungGen: 155437K->55579K(175104K)] 397004K->327681K(699392K), 0.0150972 secs] [Times: user=0.14 sys=0.01, real=0.02 secs] 
2016-09-15T12:40:51.893-0400: 87.957: [GC (GCLocker Initiated GC) [PSYoungGen: 143643K->79747K(175104K)] 415769K->370545K(699392K), 0.0219907 secs] [Times: user=0.28 sys=0.00, real=0.02 secs] 
2016-09-15T12:40:52.046-0400: 88.111: [GC (GCLocker Initiated GC) [PSYoungGen: 167811K->55547K(175104K)] 470946K->407590K(699392K), 0.0106748 secs] [Times: user=0.15 sys=0.00, real=0.02 secs] 
2016-09-15T12:40:52.209-0400: 88.274: [GC (Allocation Failure) [PSYoungGen: 143611K->79423K(175104K)] 501759K->437855K(699392K), 0.0147523 secs] [Times: user=0.18 sys=0.00, real=0.01 secs] 
2016-09-15T12:40:52.325-0400: 88.389: [GC (GCLocker Initiated GC) [PSYoungGen: 167487K->67469K(175104K)] 525924K->468543K(699392K), 0.0107225 secs] [Times: user=0.12 sys=0.00, real=0.02 secs] 
2016-09-15T12:40:52.472-0400: 88.536: [GC (GCLocker Initiated GC) [PSYoungGen: 155533K->30859K(175104K)] 556614K->480807K(699392K), 0.0183756 secs] [Times: user=0.20 sys=0.01, real=0.02 secs] 
2016-09-15T12:40:52.491-0400: 88.555: [Full GC (Ergonomics) [PSYoungGen: 30859K->0K(175104K)] [ParOldGen: 449948K->45758K(524288K)] 480807K->45758K(699392K), [Metaspace: 44388K->44388K(1087488K)], 0.0570482 secs] [Times: user=0.34 sys=0.00, real=0.06 secs] 
2016-09-15T12:40:52.661-0400: 88.725: [GC (Allocation Failure) [PSYoungGen: 88064K->86242K(175104K)] 140034K->144287K(699392K), 0.0109086 secs] [Times: user=0.14 sys=0.00, real=0.01 secs] 
2016-09-15T12:40:52.790-0400: 88.855: [GC (Allocation Failure) [PSYoungGen: 174306K->80043K(175104K)] 232351K->211575K(699392K), 0.0261602 secs] [Times: user=0.36 sys=0.00, real=0.03 secs] 
2016-09-15T12:40:52.917-0400: 88.981: [GC (GCLocker Initiated GC) [PSYoungGen: 162273K->55319K(175104K)] 299881K->230028K(699392K), 0.0157175 secs] [Times: user=0.24 sys=0.00, real=0.01 secs] 
2016-09-15T12:40:53.057-0400: 89.121: [GC (GCLocker Initiated GC) [PSYoungGen: 143383K->85922K(175104K)] 324220K->267050K(699392K), 0.0079721 secs] [Times: user=0.08 sys=0.00, real=0.00 secs] 
2016-09-15T12:40:53.212-0400: 89.277: [GC (GCLocker Initiated GC) [PSYoungGen: 173986K->36834K(175104K)] 361371K->279170K(699392K), 0.0098745 secs] [Times: user=0.08 sys=0.01, real=0.01 secs] 
2016-09-15T12:40:53.318-0400: 89.382: [GC (GCLocker Initiated GC) [PSYoungGen: 124898K->85890K(175104K)] 367341K->364903K(699392K), 0.0232443 secs] [Times: user=0.26 sys=0.00, real=0.02 secs] 
2016-09-15T12:40:53.475-0400: 89.539: [GC (GCLocker Initiated GC) [PSYoungGen: 173954K->73928K(175104K)] 453215K->426561K(699392K), 0.0265673 secs] [Times: user=0.38 sys=0.00, real=0.03 secs] 
2016-09-15T12:40:53.616-0400: 89.680: [GC (GCLocker Initiated GC) [PSYoungGen: 161992K->74228K(175104K)] 520909K->433553K(699392K), 0.0084828 secs] [Times: user=0.11 sys=0.00, real=0.00 secs] 
2016-09-15T12:40:53.751-0400: 89.815: [GC (GCLocker Initiated GC) [PSYoungGen: 162292K->61426K(175104K)] 527750K->445417K(699392K), 0.0077430 secs] [Times: user=0.09 sys=0.00, real=0.01 secs] 
2016-09-15T12:40:53.879-0400: 89.943: [GC (GCLocker Initiated GC) [PSYoungGen: 149490K->55451K(175104K)] 539760K->488366K(699392K), 0.0310460 secs] [Times: user=0.32 sys=0.01, real=0.03 secs] 
2016-09-15T12:40:53.910-0400: 89.975: [Full GC (Ergonomics) [PSYoungGen: 55451K->0K(175104K)] [ParOldGen: 432915K->52305K(524288K)] 488366K->52305K(699392K), [Metaspace: 44388K->44388K(1087488K)], 0.0566991 secs] [Times: user=0.34 sys=0.00, real=0.05 secs] 
2016-09-15T12:40:54.085-0400: 90.149: [GC (Allocation Failure) [PSYoungGen: 88064K->86046K(175104K)] 140438K->168795K(699392K), 0.0114949 secs] [Times: user=0.15 sys=0.00, real=0.02 secs] 
2016-09-15T12:40:54.235-0400: 90.299: [GC (GCLocker Initiated GC) [PSYoungGen: 170963K->49440K(175104K)] 259788K->175426K(699392K), 0.0080994 secs] [Times: user=0.09 sys=0.00, real=0.01 secs] 
2016-09-15T12:40:54.373-0400: 90.437: [GC (GCLocker Initiated GC) [PSYoungGen: 137504K->37421K(175104K)] 269802K->169980K(699392K), 0.0071522 secs] [Times: user=0.07 sys=0.00, real=0.01 secs] 
2016-09-15T12:40:54.488-0400: 90.552: [GC (GCLocker Initiated GC) [PSYoungGen: 125485K->85758K(175104K)] 258108K->261049K(699392K), 0.0215695 secs] [Times: user=0.27 sys=0.00, real=0.02 secs] 
2016-09-15T12:40:54.629-0400: 90.693: [GC (GCLocker Initiated GC) [PSYoungGen: 173822K->79619K(175104K)] 349149K->297747K(699392K), 0.0104904 secs] [Times: user=0.12 sys=0.00, real=0.01 secs] 
2016-09-15T12:40:54.783-0400: 90.847: [GC (Allocation Failure) [PSYoungGen: 167683K->18872K(175104K)] 404178K->310318K(699392K), 0.0265826 secs] [Times: user=0.27 sys=0.00, real=0.03 secs] 
2016-09-15T12:40:54.952-0400: 91.016: [GC (GCLocker Initiated GC) [PSYoungGen: 106936K->55287K(175104K)] 398383K->347008K(699392K), 0.0122340 secs] [Times: user=0.13 sys=0.00, real=0.01 secs] 
2016-09-15T12:40:55.095-0400: 91.159: [GC (GCLocker Initiated GC) [PSYoungGen: 143351K->73704K(175104K)] 435270K->402193K(699392K), 0.0233762 secs] [Times: user=0.28 sys=0.01, real=0.03 secs] 
2016-09-15T12:40:55.245-0400: 91.310: [GC (GCLocker Initiated GC) [PSYoungGen: 161768K->79715K(175104K)] 496463K->432787K(699392K), 0.0207104 secs] [Times: user=0.25 sys=0.00, real=0.02 secs] 
2016-09-15T12:40:55.395-0400: 91.459: [GC (Allocation Failure) [PSYoungGen: 167779K->61494K(175104K)] 520949K->457300K(699392K), 0.0214643 secs] [Times: user=0.26 sys=0.00, real=0.03 secs] 
2016-09-15T12:40:55.504-0400: 91.568: [GC (GCLocker Initiated GC) [PSYoungGen: 147600K->67465K(175104K)] 549482K->536487K(699392K), 0.0142354 secs] [Times: user=0.20 sys=0.00, real=0.02 secs] 
2016-09-15T12:40:55.518-0400: 91.582: [Full GC (Ergonomics) [PSYoungGen: 67465K->0K(175104K)] [ParOldGen: 469022K->52163K(524288K)] 536487K->52163K(699392K), [Metaspace: 44389K->44389K(1087488K)], 0.0529798 secs] [Times: user=0.41 sys=0.00, real=0.05 secs] 
2016-09-15T12:40:55.681-0400: 91.745: [GC (GCLocker Initiated GC) [PSYoungGen: 88064K->86662K(175104K)] 140297K->169271K(699392K), 0.0100318 secs] [Times: user=0.13 sys=0.00, real=0.01 secs] 
2016-09-15T12:40:55.846-0400: 91.910: [GC (GCLocker Initiated GC) [PSYoungGen: 174726K->79747K(175104K)] 263468K->242553K(699392K), 0.0120032 secs] [Times: user=0.16 sys=0.00, real=0.02 secs] 
2016-09-15T12:40:56.005-0400: 92.069: [GC (GCLocker Initiated GC) [PSYoungGen: 167811K->61262K(175104K)] 336734K->279084K(699392K), 0.0097653 secs] [Times: user=0.10 sys=0.01, real=0.01 secs] 
2016-09-15T12:40:56.101-0400: 92.166: [GC (GCLocker Initiated GC) [PSYoungGen: 149326K->67761K(175104K)] 373333K->334421K(699392K), 0.0165215 secs] [Times: user=0.18 sys=0.00, real=0.02 secs] 
2016-09-15T12:40:56.237-0400: 92.301: [GC (GCLocker Initiated GC) [PSYoungGen: 155825K->61426K(175104K)] 422527K->364869K(699392K), 0.0290332 secs] [Times: user=0.35 sys=0.00, real=0.02 secs] 
2016-09-15T12:40:56.393-0400: 92.458: [GC (GCLocker Initiated GC) [PSYoungGen: 149490K->36930K(175104K)] 453564K->401897K(699392K), 0.0168889 secs] [Times: user=0.23 sys=0.00, real=0.02 secs] 
2016-09-15T12:40:56.507-0400: 92.571: [GC (Allocation Failure) [PSYoungGen: 124994K->85662K(175104K)] 496285K->457041K(699392K), 0.0179563 secs] [Times: user=0.20 sys=0.00, real=0.02 secs] 
2016-09-15T12:40:56.668-0400: 92.732: [GC (GCLocker Initiated GC) [PSYoungGen: 170848K->43137K(175104K)] 548302K->469318K(699392K), 0.0097368 secs] [Times: user=0.11 sys=0.00, real=0.01 secs] 
2016-09-15T12:40:56.810-0400: 92.874: [GC (GCLocker Initiated GC) [PSYoungGen: 131201K->73772K(175104K)] 563583K->506421K(699392K), 0.0082007 secs] [Times: user=0.10 sys=0.00, real=0.01 secs] 
2016-09-15T12:40:56.930-0400: 92.994: [GC (Allocation Failure) [PSYoungGen: 161836K->73772K(175104K)] 594824K->543681K(699392K), 0.0109179 secs] [Times: user=0.15 sys=0.00, real=0.01 secs] 
2016-09-15T12:40:56.941-0400: 93.006: [Full GC (Ergonomics) [PSYoungGen: 73772K->0K(175104K)] [ParOldGen: 469909K->52376K(524288K)] 543681K->52376K(699392K), [Metaspace: 44390K->44390K(1087488K)], 0.0517358 secs] [Times: user=0.28 sys=0.01, real=0.05 secs] 
2016-09-15T12:40:57.103-0400: 93.167: [GC (GCLocker Initiated GC) [PSYoungGen: 87946K->74028K(175104K)] 140486K->126568K(699392K), 0.0167543 secs] [Times: user=0.22 sys=0.00, real=0.02 secs] 
2016-09-15T12:40:57.243-0400: 93.307: [GC (GCLocker Initiated GC) [PSYoungGen: 162092K->85758K(175104K)] 214740K->181471K(699392K), 0.0293624 secs] [Times: user=0.37 sys=0.00, real=0.03 secs] 
2016-09-15T12:40:57.404-0400: 93.468: [GC (GCLocker Initiated GC) [PSYoungGen: 173822K->25107K(175104K)] 281818K->193973K(699392K), 0.0106601 secs] [Times: user=0.10 sys=0.00, real=0.01 secs] 
2016-09-15T12:40:57.519-0400: 93.584: [GC (GCLocker Initiated GC) [PSYoungGen: 113171K->85790K(175104K)] 282320K->273470K(699392K), 0.0112223 secs] [Times: user=0.15 sys=0.00, real=0.01 secs] 
2016-09-15T12:40:57.657-0400: 93.721: [GC (GCLocker Initiated GC) [PSYoungGen: 173854K->73672K(175104K)] 361857K->304500K(699392K), 0.0247996 secs] [Times: user=0.34 sys=0.00, real=0.02 secs] 
2016-09-15T12:40:57.808-0400: 93.872: [GC (GCLocker Initiated GC) [PSYoungGen: 161736K->74164K(175104K)] 398737K->311481K(699392K), 0.0109139 secs] [Times: user=0.14 sys=0.00, real=0.01 secs] 
2016-09-15T12:40:57.952-0400: 94.016: [GC (GCLocker Initiated GC) [PSYoungGen: 162228K->79747K(175104K)] 405695K->378385K(699392K), 0.0211486 secs] [Times: user=0.26 sys=0.00, real=0.02 secs] 
2016-09-15T12:40:58.097-0400: 94.162: [GC (Allocation Failure) [PSYoungGen: 167811K->43365K(175104K)] 478786K->409142K(699392K), 0.0102769 secs] [Times: user=0.13 sys=0.00, real=0.01 secs] 
2016-09-15T12:40:58.234-0400: 94.298: [GC (GCLocker Initiated GC) [PSYoungGen: 126952K->73708K(175104K)] 498804K->464053K(699392K), 0.0150481 secs] [Times: user=0.18 sys=0.01, real=0.02 secs] 
2016-09-15T12:40:58.378-0400: 94.442: [GC (GCLocker Initiated GC) [PSYoungGen: 161772K->42977K(175104K)] 552143K->433427K(699392K), 0.0067753 secs] [Times: user=0.03 sys=0.01, real=0.00 secs] 
2016-09-15T12:40:58.506-0400: 94.570: [GC (GCLocker Initiated GC) [PSYoungGen: 131041K->31054K(175104K)] 539736K->476272K(699392K), 0.0085569 secs] [Times: user=0.07 sys=0.00, real=0.01 secs] 
2016-09-15T12:40:58.515-0400: 94.579: [Full GC (Ergonomics) [PSYoungGen: 31054K->0K(175104K)] [ParOldGen: 445217K->51984K(524288K)] 476272K->51984K(699392K), [Metaspace: 44390K->44390K(1087488K)], 0.0505346 secs] [Times: user=0.37 sys=0.01, real=0.05 secs] 
2016-09-15T12:40:58.692-0400: 94.756: [GC (GCLocker Initiated GC) [PSYoungGen: 88064K->55351K(175104K)] 146293K->113580K(699392K), 0.0086290 secs] [Times: user=0.12 sys=0.00, real=0.01 secs] 
2016-09-15T12:40:58.841-0400: 94.905: [GC (GCLocker Initiated GC) [PSYoungGen: 143415K->73836K(175104K)] 208024K->157150K(699392K), 0.0176476 secs] [Times: user=0.20 sys=0.00, real=0.02 secs] 
2016-09-15T12:40:58.994-0400: 95.058: [GC (Allocation Failure) [PSYoungGen: 161900K->61394K(175104K)] 251313K->169504K(699392K), 0.0103859 secs] [Times: user=0.12 sys=0.01, real=0.01 secs] 
2016-09-15T12:40:59.109-0400: 95.173: [GC (GCLocker Initiated GC) [PSYoungGen: 146448K->55415K(175104K)] 260633K->200118K(699392K), 0.0101274 secs] [Times: user=0.12 sys=0.00, real=0.01 secs] 
2016-09-15T12:40:59.249-0400: 95.313: [GC (GCLocker Initiated GC) [PSYoungGen: 143479K->67505K(175104K)] 288314K->212615K(699392K), 0.0113742 secs] [Times: user=0.10 sys=0.01, real=0.01 secs] 
2016-09-15T12:40:59.392-0400: 95.456: [GC (GCLocker Initiated GC) [PSYoungGen: 155569K->48856K(175104K)] 300860K->218831K(699392K), 0.0128117 secs] [Times: user=0.07 sys=0.01, real=0.01 secs] 
2016-09-15T12:40:59.517-0400: 95.581: [GC (GCLocker Initiated GC) [PSYoungGen: 136920K->79847K(175104K)] 306920K->249967K(699392K), 0.0127160 secs] [Times: user=0.12 sys=0.00, real=0.01 secs] 
2016-09-15T12:40:59.657-0400: 95.721: [GC (Allocation Failure) [PSYoungGen: 167911K->30827K(175104K)] 338117K->231800K(699392K), 0.0089259 secs] [Times: user=0.07 sys=0.00, real=0.00 secs] 
2016-09-15T12:40:59.666-0400: 95.730: [GC (GCLocker Initiated GC) [PSYoungGen: 30836K->32K(175104K)] 231810K->274243K(699392K), 0.0117511 secs] [Times: user=0.11 sys=0.00, real=0.02 secs] 
2016-09-15T12:40:59.813-0400: 95.877: [GC (GCLocker Initiated GC) [PSYoungGen: 84796K->86210K(175104K)] 365083K->378647K(699392K), 0.0105916 secs] [Times: user=0.11 sys=0.00, real=0.01 secs] 
2016-09-15T12:40:59.945-0400: 96.009: [GC (Allocation Failure) [PSYoungGen: 174274K->36898K(175104K)] 473421K->415732K(699392K), 0.0262749 secs] [Times: user=0.29 sys=0.01, real=0.03 secs] 
2016-09-15T12:41:00.066-0400: 96.130: [GC (GCLocker Initiated GC) [PSYoungGen: 124866K->55419K(175104K)] 509775K->476889K(699392K), 0.0101695 secs] [Times: user=0.10 sys=0.00, real=0.02 secs] 
2016-09-15T12:41:00.217-0400: 96.281: [GC (GCLocker Initiated GC) [PSYoungGen: 143483K->73284K(175104K)] 565001K->513451K(699392K), 0.0202852 secs] [Times: user=0.20 sys=0.00, real=0.02 secs] 
2016-09-15T12:41:00.237-0400: 96.301: [Full GC (Ergonomics) [PSYoungGen: 73284K->0K(175104K)] [ParOldGen: 440167K->46058K(524288K)] 513451K->46058K(699392K), [Metaspace: 44392K->44392K(1087488K)], 0.0476331 secs] [Times: user=0.26 sys=0.01, real=0.04 secs] 
2016-09-15T12:41:00.398-0400: 96.463: [GC (GCLocker Initiated GC) [PSYoungGen: 88064K->86082K(175104K)] 134287K->138380K(699392K), 0.0099573 secs] [Times: user=0.10 sys=0.01, real=0.01 secs] 
2016-09-15T12:41:00.510-0400: 96.574: [GC (GCLocker Initiated GC) [PSYoungGen: 174146K->55351K(175104K)] 238749K->175145K(699392K), 0.0120625 secs] [Times: user=0.14 sys=0.00, real=0.01 secs] 
2016-09-15T12:41:00.646-0400: 96.711: [GC (GCLocker Initiated GC) [PSYoungGen: 143415K->61686K(175104K)] 269613K->218566K(699392K), 0.0146333 secs] [Times: user=0.15 sys=0.00, real=0.02 secs] 
2016-09-15T12:41:00.814-0400: 96.879: [GC (Allocation Failure) [PSYoungGen: 149750K->49084K(175104K)] 306683K->230561K(699392K), 0.0146961 secs] [Times: user=0.16 sys=0.00, real=0.02 secs] 
2016-09-15T12:41:00.933-0400: 96.997: [GC (GCLocker Initiated GC) [PSYoungGen: 133615K->61458K(175104K)] 321167K->285587K(699392K), 0.0279466 secs] [Times: user=0.29 sys=0.00, real=0.03 secs] 
2016-09-15T12:41:01.086-0400: 97.150: [GC (Allocation Failure) [PSYoungGen: 149522K->73544K(175104K)] 379941K->322496K(699392K), 0.0145202 secs] [Times: user=0.17 sys=0.00, real=0.02 secs] 
2016-09-15T12:41:01.244-0400: 97.309: [GC (GCLocker Initiated GC) [PSYoungGen: 160081K->73348K(175104K)] 415108K->346859K(699392K), 0.0243222 secs] [Times: user=0.27 sys=0.00, real=0.03 secs] 
2016-09-15T12:41:01.391-0400: 97.455: [GC (GCLocker Initiated GC) [PSYoungGen: 161406K->73448K(175104K)] 435279K->347424K(699392K), 0.0095154 secs] [Times: user=0.09 sys=0.00, real=0.01 secs] 
2016-09-15T12:41:01.546-0400: 97.610: [GC (GCLocker Initiated GC) [PSYoungGen: 161512K->12765K(175104K)] 435660K->323607K(699392K), 0.0274996 secs] [Times: user=0.27 sys=0.00, real=0.03 secs] 
2016-09-15T12:41:01.674-0400: 97.738: [GC (GCLocker Initiated GC) [PSYoungGen: 100829K->85826K(175104K)] 412038K->409452K(699392K), 0.0085949 secs] [Times: user=0.07 sys=0.00, real=0.01 secs] 
2016-09-15T12:41:01.808-0400: 97.872: [GC (GCLocker Initiated GC) [PSYoungGen: 173890K->36902K(175104K)] 497563K->409450K(699392K), 0.0292262 secs] [Times: user=0.29 sys=0.01, real=0.03 secs] 
2016-09-15T12:41:01.957-0400: 98.021: [GC (GCLocker Initiated GC) [PSYoungGen: 124966K->37194K(175104K)] 509896K->458873K(699392K), 0.0082697 secs] [Times: user=0.09 sys=0.00, real=0.00 secs] 
2016-09-15T12:41:02.101-0400: 98.166: [GC (GCLocker Initiated GC) [PSYoungGen: 125258K->55351K(175104K)] 547141K->495783K(699392K), 0.0068059 secs] [Times: user=0.07 sys=0.00, real=0.01 secs] 
2016-09-15T12:41:02.236-0400: 98.300: [GC (GCLocker Initiated GC) [PSYoungGen: 143415K->85854K(175104K)] 584052K->550927K(699392K), 0.0116031 secs] [Times: user=0.15 sys=0.01, real=0.01 secs] 
2016-09-15T12:41:02.248-0400: 98.312: [Full GC (Ergonomics) [PSYoungGen: 85854K->0K(175104K)] [ParOldGen: 465072K->58472K(524288K)] 550927K->58472K(699392K), [Metaspace: 44393K->44393K(1087488K)], 0.0533159 secs] [Times: user=0.35 sys=0.00, real=0.05 secs] 
2016-09-15T12:41:02.422-0400: 98.486: [GC (GCLocker Initiated GC) [PSYoungGen: 88064K->86210K(175104K)] 146550K->168996K(699392K), 0.0119051 secs] [Times: user=0.17 sys=0.00, real=0.01 secs] 
2016-09-15T12:41:02.532-0400: 98.596: [GC (GCLocker Initiated GC) [PSYoungGen: 174274K->67597K(175104K)] 263333K->218298K(699392K), 0.0215913 secs] [Times: user=0.25 sys=0.00, real=0.02 secs] 
2016-09-15T12:41:02.685-0400: 98.749: [GC (Allocation Failure) [PSYoungGen: 155661K->73544K(175104K)] 312501K->248705K(699392K), 0.0124807 secs] [Times: user=0.08 sys=0.00, real=0.02 secs] 
2016-09-15T12:41:02.815-0400: 98.879: [GC (GCLocker Initiated GC) [PSYoungGen: 161608K->67469K(175104K)] 336774K->261136K(699392K), 0.0099561 secs] [Times: user=0.11 sys=0.00, real=0.01 secs] 
2016-09-15T12:41:02.924-0400: 98.988: [GC (GCLocker Initiated GC) [PSYoungGen: 155533K->85954K(175104K)] 349482K->280023K(699392K), 0.0093962 secs] [Times: user=0.10 sys=0.00, real=0.01 secs] 
2016-09-15T12:41:03.056-0400: 99.121: [GC (GCLocker Initiated GC) [PSYoungGen: 174018K->73672K(175104K)] 368448K->323273K(699392K), 0.0134300 secs] [Times: user=0.18 sys=0.00, real=0.01 secs] 
2016-09-15T12:41:03.198-0400: 99.262: [GC (GCLocker Initiated GC) [PSYoungGen: 161736K->67829K(175104K)] 411519K->317731K(699392K), 0.0075983 secs] [Times: user=0.08 sys=0.00, real=0.00 secs] 
2016-09-15T12:41:03.322-0400: 99.386: [GC (Allocation Failure) [PSYoungGen: 155893K->67533K(175104K)] 405814K->348284K(699392K), 0.0095988 secs] [Times: user=0.11 sys=0.00, real=0.01 secs] 
2016-09-15T12:41:03.469-0400: 99.533: [GC (GCLocker Initiated GC) [PSYoungGen: 154159K->55483K(175104K)] 440985K->372804K(699392K), 0.0107389 secs] [Times: user=0.12 sys=0.00, real=0.01 secs] 
2016-09-15T12:41:03.626-0400: 99.690: [GC (GCLocker Initiated GC) [PSYoungGen: 143547K->73544K(175104K)] 467283K->415780K(699392K), 0.0081036 secs] [Times: user=0.08 sys=0.00, real=0.01 secs] 
2016-09-15T12:41:03.808-0400: 99.872: [GC (GCLocker Initiated GC) [PSYoungGen: 161608K->36802K(175104K)] 516147K->391436K(699392K), 0.0098974 secs] [Times: user=0.08 sys=0.00, real=0.01 secs] 
2016-09-15T12:41:03.917-0400: 99.981: [GC (GCLocker Initiated GC) [PSYoungGen: 124866K->85498K(175104K)] 479559K->446378K(699392K), 0.0156435 secs] [Times: user=0.15 sys=0.00, real=0.01 secs] 
2016-09-15T12:41:04.048-0400: 100.112: [GC (GCLocker Initiated GC) [PSYoungGen: 173562K->61266K(175104K)] 540558K->476950K(699392K), 0.0141291 secs] [Times: user=0.09 sys=0.00, real=0.01 secs] 
2016-09-15T12:41:04.185-0400: 100.250: [GC (GCLocker Initiated GC) [PSYoungGen: 149330K->24752K(175104K)] 571091K->477172K(699392K), 0.0146348 secs] [Times: user=0.14 sys=0.00, real=0.02 secs] 
2016-09-15T12:41:04.285-0400: 100.349: [GC (GCLocker Initiated GC) [PSYoungGen: 112816K->73640K(175104K)] 565328K->526272K(699392K), 0.0213089 secs] [Times: user=0.25 sys=0.00, real=0.02 secs] 
2016-09-15T12:41:04.413-0400: 100.477: [Full GC (Ergonomics) [PSYoungGen: 161704K->0K(175104K)] [ParOldGen: 464941K->58714K(524288K)] 626645K->58714K(699392K), [Metaspace: 44394K->44394K(1087488K)], 0.0564127 secs] [Times: user=0.35 sys=0.00, real=0.06 secs] 
2016-09-15T12:41:04.575-0400: 100.639: [GC (Allocation Failure) [PSYoungGen: 88064K->86466K(175104K)] 153001K->181778K(699392K), 0.0206430 secs] [Times: user=0.27 sys=0.00, real=0.02 secs] 
2016-09-15T12:41:04.712-0400: 100.776: [GC (GCLocker Initiated GC) [PSYoungGen: 172083K->49276K(175104K)] 273471K->242756K(699392K), 0.0131966 secs] [Times: user=0.17 sys=0.00, real=0.01 secs] 
2016-09-15T12:41:04.835-0400: 100.899: [GC (GCLocker Initiated GC) [PSYoungGen: 137340K->85986K(175104K)] 331080K->286077K(699392K), 0.0181424 secs] [Times: user=0.20 sys=0.00, real=0.02 secs] 
2016-09-15T12:41:04.964-0400: 101.028: [GC (GCLocker Initiated GC) [PSYoungGen: 174050K->85822K(175104K)] 374199K->334894K(699392K), 0.0246375 secs] [Times: user=0.28 sys=0.01, real=0.03 secs] 
2016-09-15T12:41:05.089-0400: 101.154: [GC (GCLocker Initiated GC) [PSYoungGen: 173886K->79847K(175104K)] 423095K->377800K(699392K), 0.0107597 secs] [Times: user=0.14 sys=0.00, real=0.01 secs] 
2016-09-15T12:41:05.241-0400: 101.305: [GC (Allocation Failure) [PSYoungGen: 167911K->73608K(175104K)] 466197K->408635K(699392K), 0.0182563 secs] [Times: user=0.21 sys=0.01, real=0.02 secs] 
2016-09-15T12:41:05.364-0400: 101.428: [GC (GCLocker Initiated GC) [PSYoungGen: 160490K->55383K(175104K)] 501593K->414837K(699392K), 0.0097110 secs] [Times: user=0.10 sys=0.00, real=0.01 secs] 
2016-09-15T12:41:05.475-0400: 101.539: [GC (GCLocker Initiated GC) [PSYoungGen: 143447K->67633K(175104K)] 502933K->445456K(699392K), 0.0363320 secs] [Times: user=0.44 sys=0.00, real=0.04 secs] 
2016-09-15T12:41:05.638-0400: 101.702: [GC (GCLocker Initiated GC) [PSYoungGen: 155697K->85954K(175104K)] 533663K->488543K(699392K), 0.0114465 secs] [Times: user=0.13 sys=0.01, real=0.01 secs] 
2016-09-15T12:41:05.760-0400: 101.824: [GC (GCLocker Initiated GC) [PSYoungGen: 174018K->49276K(175104K)] 583016K->507313K(699392K), 0.0137230 secs] [Times: user=0.13 sys=0.01, real=0.01 secs] 
2016-09-15T12:41:05.774-0400: 101.838: [Full GC (Ergonomics) [PSYoungGen: 49276K->0K(175104K)] [ParOldGen: 458037K->52811K(524288K)] 507313K->52811K(699392K), [Metaspace: 44394K->44394K(1087488K)], 0.0501010 secs] [Times: user=0.25 sys=0.00, real=0.05 secs] 
2016-09-15T12:41:05.930-0400: 101.994: [GC (GCLocker Initiated GC) [PSYoungGen: 88064K->73928K(175104K)] 147181K->133046K(699392K), 0.0079456 secs] [Times: user=0.10 sys=0.00, real=0.01 secs] 
2016-09-15T12:41:06.053-0400: 102.117: [GC (GCLocker Initiated GC) [PSYoungGen: 161992K->86118K(175104K)] 221476K->170482K(699392K), 0.0140452 secs] [Times: user=0.18 sys=0.00, real=0.01 secs] 
2016-09-15T12:41:06.209-0400: 102.273: [GC (GCLocker Initiated GC) [PSYoungGen: 174182K->37549K(175104K)] 277071K->159259K(699392K), 0.0165561 secs] [Times: user=0.22 sys=0.00, real=0.01 secs] 
2016-09-15T12:41:06.372-0400: 102.436: [GC (GCLocker Initiated GC) [PSYoungGen: 125613K->48920K(175104K)] 247343K->170729K(699392K), 0.0104878 secs] [Times: user=0.06 sys=0.00, real=0.01 secs] 
2016-09-15T12:41:06.500-0400: 102.564: [GC (GCLocker Initiated GC) [PSYoungGen: 136984K->79423K(175104K)] 258969K->225828K(699392K), 0.0107306 secs] [Times: user=0.11 sys=0.00, real=0.01 secs] 
2016-09-15T12:41:06.638-0400: 102.703: [GC (GCLocker Initiated GC) [PSYoungGen: 167487K->67337K(175104K)] 314034K->256520K(699392K), 0.0227128 secs] [Times: user=0.25 sys=0.00, real=0.02 secs] 
2016-09-15T12:41:06.782-0400: 102.846: [GC (Allocation Failure) [PSYoungGen: 155401K->36998K(175104K)] 350969K->232678K(699392K), 0.0094513 secs] [Times: user=0.10 sys=0.00, real=0.01 secs] 
2016-09-15T12:41:06.887-0400: 102.952: [GC (GCLocker Initiated GC) [PSYoungGen: 119523K->49180K(175104K)] 321278K->269435K(699392K), 0.0336863 secs] [Times: user=0.42 sys=0.00, real=0.04 secs] 
2016-09-15T12:41:07.044-0400: 103.109: [GC (GCLocker Initiated GC) [PSYoungGen: 137244K->86150K(175104K)] 363635K->324834K(699392K), 0.0090384 secs] [Times: user=0.09 sys=0.00, real=0.01 secs] 
2016-09-15T12:41:07.185-0400: 103.249: [GC (GCLocker Initiated GC) [PSYoungGen: 174214K->37162K(175104K)] 425173K->336989K(699392K), 0.0160460 secs] [Times: user=0.17 sys=0.01, real=0.02 secs] 
2016-09-15T12:41:07.299-0400: 103.363: [GC (GCLocker Initiated GC) [PSYoungGen: 125226K->85530K(175104K)] 431158K->391574K(699392K), 0.0159971 secs] [Times: user=0.18 sys=0.00, real=0.01 secs] 
2016-09-15T12:41:07.439-0400: 103.503: [GC (GCLocker Initiated GC) [PSYoungGen: 173594K->61558K(175104K)] 479853K->404371K(699392K), 0.0096552 secs] [Times: user=0.08 sys=0.01, real=0.01 secs] 
2016-09-15T12:41:07.555-0400: 103.619: [GC (GCLocker Initiated GC) [PSYoungGen: 149622K->49212K(175104K)] 492600K->428900K(699392K), 0.0103271 secs] [Times: user=0.07 sys=0.00, real=0.01 secs] 
2016-09-15T12:41:07.686-0400: 103.750: [GC (GCLocker Initiated GC) [PSYoungGen: 137276K->55615K(175104K)] 517130K->453797K(699392K), 0.0074358 secs] [Times: user=0.08 sys=0.00, real=0.01 secs] 
2016-09-15T12:41:07.829-0400: 103.893: [GC (GCLocker Initiated GC) [PSYoungGen: 143679K->86050K(175104K)] 542094K->515312K(699392K), 0.0125601 secs] [Times: user=0.17 sys=0.00, real=0.01 secs] 
2016-09-15T12:41:07.957-0400: 104.021: [GC (Allocation Failure) [PSYoungGen: 174114K->55743K(175104K)] 603490K->552103K(699392K), 0.0125355 secs] [Times: user=0.18 sys=0.01, real=0.01 secs] 
2016-09-15T12:41:07.970-0400: 104.034: [Full GC (Ergonomics) [PSYoungGen: 55743K->0K(175104K)] [ParOldGen: 496360K->47001K(524288K)] 552103K->47001K(699392K), [Metaspace: 44401K->44401K(1087488K)], 0.0524481 secs] [Times: user=0.38 sys=0.00, real=0.05 secs] 
2016-09-15T12:41:08.111-0400: 104.176: [GC (GCLocker Initiated GC) [PSYoungGen: 82546K->73608K(175104K)] 135622K->126684K(699392K), 0.0077294 secs] [Times: user=0.09 sys=0.00, real=0.01 secs] 
2016-09-15T12:41:08.240-0400: 104.304: [GC (GCLocker Initiated GC) [PSYoungGen: 161672K->85986K(175104K)] 214952K->206595K(699392K), 0.0130203 secs] [Times: user=0.18 sys=0.00, real=0.01 secs] 
2016-09-15T12:41:08.350-0400: 104.414: [GC (GCLocker Initiated GC) [PSYoungGen: 174050K->49504K(175104K)] 294823K->231319K(699392K), 0.0097611 secs] [Times: user=0.13 sys=0.00, real=0.01 secs] 
2016-09-15T12:41:08.464-0400: 104.528: [GC (GCLocker Initiated GC) [PSYoungGen: 137568K->73476K(175104K)] 319677K->280169K(699392K), 0.0096696 secs] [Times: user=0.10 sys=0.00, real=0.01 secs] 
2016-09-15T12:41:08.604-0400: 104.668: [GC (Allocation Failure) [PSYoungGen: 161540K->67697K(175104K)] 374456K->298957K(699392K), 0.0107712 secs] [Times: user=0.13 sys=0.00, real=0.01 secs] 
2016-09-15T12:41:08.712-0400: 104.776: [GC (GCLocker Initiated GC) [PSYoungGen: 155761K->73476K(175104K)] 387026K->353797K(699392K), 0.0120381 secs] [Times: user=0.19 sys=0.00, real=0.01 secs] 
2016-09-15T12:41:08.857-0400: 104.921: [GC (Allocation Failure) [PSYoungGen: 161540K->49308K(175104K)] 454260K->378654K(699392K), 0.0099343 secs] [Times: user=0.15 sys=0.00, real=0.00 secs] 
2016-09-15T12:41:09.002-0400: 105.066: [GC (GCLocker Initiated GC) [PSYoungGen: 135739K->74164K(175104K)] 471160K->440275K(699392K), 0.0140007 secs] [Times: user=0.22 sys=0.00, real=0.02 secs] 
2016-09-15T12:41:09.161-0400: 105.225: [GC (Allocation Failure) [PSYoungGen: 162228K->30859K(175104K)] 534714K->421829K(699392K), 0.0074635 secs] [Times: user=0.05 sys=0.00, real=0.01 secs] 
2016-09-15T12:41:09.265-0400: 105.329: [GC (GCLocker Initiated GC) [PSYoungGen: 118923K->79651K(175104K)] 509894K->495189K(699392K), 0.0102574 secs] [Times: user=0.10 sys=0.01, real=0.01 secs] 
2016-09-15T12:41:09.412-0400: 105.477: [GC (GCLocker Initiated GC) [PSYoungGen: 167715K->73576K(175104K)] 583413K->507798K(699392K), 0.0118906 secs] [Times: user=0.14 sys=0.00, real=0.01 secs] 
2016-09-15T12:41:09.531-0400: 105.596: [GC (GCLocker Initiated GC) [PSYoungGen: 161640K->73868K(175104K)] 596116K->526869K(699392K), 0.0144289 secs] [Times: user=0.18 sys=0.00, real=0.01 secs] 
2016-09-15T12:41:09.668-0400: 105.732: [GC (GCLocker Initiated GC) [PSYoungGen: 161932K->79747K(175104K)] 615255K->563745K(699392K), 0.0180839 secs] [Times: user=0.27 sys=0.00, real=0.01 secs] 
2016-09-15T12:41:09.686-0400: 105.750: [Full GC (Ergonomics) [PSYoungGen: 79747K->0K(175104K)] [ParOldGen: 483997K->52939K(524288K)] 563745K->52939K(699392K), [Metaspace: 44405K->44405K(1087488K)], 0.0560441 secs] [Times: user=0.41 sys=0.00, real=0.06 secs] 
2016-09-15T12:41:09.853-0400: 105.918: [GC (GCLocker Initiated GC) [PSYoungGen: 88064K->86086K(175104K)] 147389K->151486K(699392K), 0.0100986 secs] [Times: user=0.13 sys=0.00, real=0.01 secs] 
2016-09-15T12:41:09.986-0400: 106.050: [GC (GCLocker Initiated GC) [PSYoungGen: 174150K->73640K(175104K)] 239765K->194418K(699392K), 0.0111179 secs] [Times: user=0.16 sys=0.00, real=0.02 secs] 
2016-09-15T12:41:10.116-0400: 106.181: [GC (GCLocker Initiated GC) [PSYoungGen: 161704K->55319K(175104K)] 289441K->231776K(699392K), 0.0094620 secs] [Times: user=0.11 sys=0.00, real=0.00 secs] 
2016-09-15T12:41:10.245-0400: 106.309: [GC (GCLocker Initiated GC) [PSYoungGen: 143383K->67437K(175104K)] 325963K->250276K(699392K), 0.0121532 secs] [Times: user=0.12 sys=0.00, real=0.02 secs] 
2016-09-15T12:41:10.415-0400: 106.479: [GC (GCLocker Initiated GC) [PSYoungGen: 155501K->67209K(175104K)] 338516K->268553K(699392K), 0.0094716 secs] [Times: user=0.08 sys=0.00, real=0.01 secs] 
2016-09-15T12:41:10.525-0400: 106.589: [GC (GCLocker Initiated GC) [PSYoungGen: 155273K->85658K(175104K)] 356670K->323664K(699392K), 0.0123536 secs] [Times: user=0.16 sys=0.00, real=0.02 secs] 
2016-09-15T12:41:10.646-0400: 106.710: [GC (Allocation Failure) [PSYoungGen: 173722K->73640K(175104K)] 411977K->366674K(699392K), 0.0125995 secs] [Times: user=0.14 sys=0.00, real=0.02 secs] 
2016-09-15T12:41:10.788-0400: 106.852: [GC (Allocation Failure) [PSYoungGen: 161703K->73640K(175104K)] 454738K->366990K(699392K), 0.0069990 secs] [Times: user=0.10 sys=0.00, real=0.00 secs] 
2016-09-15T12:41:10.912-0400: 106.976: [GC (GCLocker Initiated GC) [PSYoungGen: 161704K->67501K(175104K)] 455054K->397453K(699392K), 0.0101775 secs] [Times: user=0.12 sys=0.00, real=0.01 secs] 
2016-09-15T12:41:11.055-0400: 107.119: [GC (GCLocker Initiated GC) [PSYoungGen: 155565K->55970K(175104K)] 497854K->416613K(699392K), 0.0079248 secs] [Times: user=0.09 sys=0.00, real=0.01 secs] 
2016-09-15T12:41:11.210-0400: 107.274: [GC (GCLocker Initiated GC) [PSYoungGen: 144034K->67565K(175104K)] 510984K->434977K(699392K), 0.0098818 secs] [Times: user=0.15 sys=0.00, real=0.01 secs] 
2016-09-15T12:41:11.327-0400: 107.391: [GC (GCLocker Initiated GC) [PSYoungGen: 155629K->61654K(175104K)] 529147K->465830K(699392K), 0.0098702 secs] [Times: user=0.12 sys=0.00, real=0.02 secs] 
2016-09-15T12:41:11.506-0400: 107.570: [GC (GCLocker Initiated GC) [PSYoungGen: 149718K->18741K(175104K)] 566102K->496315K(699392K), 0.0146366 secs] [Times: user=0.12 sys=0.01, real=0.02 secs] 
2016-09-15T12:41:11.521-0400: 107.585: [Full GC (Ergonomics) [PSYoungGen: 18741K->0K(175104K)] [ParOldGen: 477574K->46291K(524288K)] 496315K->46291K(699392K), [Metaspace: 44406K->44406K(1087488K)], 0.0538795 secs] [Times: user=0.26 sys=0.00, real=0.05 secs] 
2016-09-15T12:41:11.712-0400: 107.776: [GC (GCLocker Initiated GC) [PSYoungGen: 88064K->73736K(175104K)] 134621K->120293K(699392K), 0.0168601 secs] [Times: user=0.16 sys=0.00, real=0.02 secs] 
2016-09-15T12:41:11.859-0400: 107.923: [GC (GCLocker Initiated GC) [PSYoungGen: 161800K->85562K(175104K)] 208724K->151258K(699392K), 0.0133619 secs] [Times: user=0.15 sys=0.00, real=0.01 secs] 
2016-09-15T12:41:11.995-0400: 108.059: [GC (Allocation Failure) [PSYoungGen: 173626K->73708K(175104K)] 239369K->139578K(699392K), 0.0137126 secs] [Times: user=0.13 sys=0.00, real=0.02 secs] 
2016-09-15T12:41:12.096-0400: 108.160: [GC (GCLocker Initiated GC) [PSYoungGen: 156178K->36898K(175104K)] 228124K->145553K(699392K), 0.0189650 secs] [Times: user=0.21 sys=0.01, real=0.01 secs] 
2016-09-15T12:41:12.226-0400: 108.290: [GC (GCLocker Initiated GC) [PSYoungGen: 124962K->86118K(175104K)] 233854K->207296K(699392K), 0.0180054 secs] [Times: user=0.20 sys=0.01, real=0.02 secs] 
2016-09-15T12:41:12.364-0400: 108.429: [GC (GCLocker Initiated GC) [PSYoungGen: 174182K->49180K(175104K)] 301504K->195347K(699392K), 0.0066301 secs] [Times: user=0.05 sys=0.00, real=0.01 secs] 
2016-09-15T12:41:12.483-0400: 108.547: [GC (GCLocker Initiated GC) [PSYoungGen: 137244K->49404K(175104K)] 283553K->244589K(699392K), 0.0132579 secs] [Times: user=0.14 sys=0.00, real=0.02 secs] 
2016-09-15T12:41:12.605-0400: 108.669: [GC (GCLocker Initiated GC) [PSYoungGen: 137468K->85890K(175104K)] 332712K->311605K(699392K), 0.0126014 secs] [Times: user=0.15 sys=0.00, real=0.02 secs] 
2016-09-15T12:41:12.741-0400: 108.805: [GC (Allocation Failure) [PSYoungGen: 173954K->61490K(175104K)] 406032K->342499K(699392K), 0.0096366 secs] [Times: user=0.12 sys=0.00, real=0.01 secs] 
2016-09-15T12:41:12.874-0400: 108.938: [GC (GCLocker Initiated GC) [PSYoungGen: 149554K->73708K(175104K)] 430569K->373231K(699392K), 0.0180604 secs] [Times: user=0.18 sys=0.00, real=0.02 secs] 
2016-09-15T12:41:13.054-0400: 109.118: [GC (GCLocker Initiated GC) [PSYoungGen: 161772K->55155K(175104K)] 473471K->385518K(699392K), 0.0109422 secs] [Times: user=0.11 sys=0.00, real=0.01 secs] 
2016-09-15T12:41:13.197-0400: 109.261: [GC (GCLocker Initiated GC) [PSYoungGen: 143219K->67177K(175104K)] 479688K->409832K(699392K), 0.0149957 secs] [Times: user=0.13 sys=0.01, real=0.01 secs] 
2016-09-15T12:41:13.307-0400: 109.371: [GC (GCLocker Initiated GC) [PSYoungGen: 155241K->49280K(175104K)] 498027K->416462K(699392K), 0.0192460 secs] [Times: user=0.18 sys=0.00, real=0.02 secs] 
2016-09-15T12:41:13.454-0400: 109.518: [GC (GCLocker Initiated GC) [PSYoungGen: 137344K->85858K(175104K)] 504769K->459626K(699392K), 0.0344704 secs] [Times: user=0.40 sys=0.00, real=0.04 secs] 
2016-09-15T12:41:13.603-0400: 109.667: [GC (GCLocker Initiated GC) [PSYoungGen: 173922K->73704K(175104K)] 547833K->496695K(699392K), 0.0115770 secs] [Times: user=0.18 sys=0.00, real=0.01 secs] 
2016-09-15T12:41:13.723-0400: 109.788: [GC (GCLocker Initiated GC) [PSYoungGen: 161768K->31150K(175104K)] 590948K->484734K(699392K), 0.0090520 secs] [Times: user=0.06 sys=0.00, real=0.01 secs] 
2016-09-15T12:41:13.867-0400: 109.931: [GC (GCLocker Initiated GC) [PSYoungGen: 119214K->55059K(175104K)] 579156K->533812K(699392K), 0.0099537 secs] [Times: user=0.08 sys=0.00, real=0.02 secs] 
2016-09-15T12:41:13.877-0400: 109.942: [Full GC (Ergonomics) [PSYoungGen: 55059K->0K(175104K)] [ParOldGen: 478753K->46635K(524288K)] 533812K->46635K(699392K), [Metaspace: 44417K->44417K(1087488K)], 0.0533942 secs] [Times: user=0.39 sys=0.01, real=0.05 secs] 
2016-09-15T12:41:14.043-0400: 110.107: [GC (GCLocker Initiated GC) [PSYoungGen: 88064K->86110K(175104K)] 134864K->163285K(699392K), 0.0117063 secs] [Times: user=0.16 sys=0.00, real=0.01 secs] 
2016-09-15T12:41:14.154-0400: 110.219: [GC (Allocation Failure) [PSYoungGen: 174174K->85922K(175104K)] 251447K->254931K(699392K), 0.0151339 secs] [Times: user=0.23 sys=0.00, real=0.02 secs] 
2016-09-15T12:41:14.292-0400: 110.356: [GC (GCLocker Initiated GC) [PSYoungGen: 173253K->67401K(175104K)] 348338K->309634K(699392K), 0.0128017 secs] [Times: user=0.20 sys=0.00, real=0.01 secs] 
2016-09-15T12:41:14.426-0400: 110.490: [GC (GCLocker Initiated GC) [PSYoungGen: 155465K->86150K(175104K)] 397874K->334793K(699392K), 0.0106418 secs] [Times: user=0.16 sys=0.00, real=0.02 secs] 
2016-09-15T12:41:14.552-0400: 110.616: [GC (Allocation Failure) [PSYoungGen: 174214K->55351K(175104K)] 423184K->341087K(699392K), 0.0089484 secs] [Times: user=0.12 sys=0.00, real=0.01 secs] 
2016-09-15T12:41:14.664-0400: 110.728: [GC (GCLocker Initiated GC) [PSYoungGen: 143415K->79943K(175104K)] 429157K->365804K(699392K), 0.0094199 secs] [Times: user=0.10 sys=0.00, real=0.01 secs] 
2016-09-15T12:41:14.811-0400: 110.876: [GC (Allocation Failure) [PSYoungGen: 168007K->61134K(175104K)] 454022K->365665K(699392K), 0.0093990 secs] [Times: user=0.06 sys=0.01, real=0.01 secs] 
2016-09-15T12:41:14.916-0400: 110.980: [GC (Allocation Failure) [PSYoungGen: 145915K->67405K(175104K)] 450446K->402407K(699392K), 0.0175350 secs] [Times: user=0.15 sys=0.00, real=0.01 secs] 
2016-09-15T12:41:15.065-0400: 111.129: [GC (GCLocker Initiated GC) [PSYoungGen: 155469K->73416K(175104K)] 490477K->445141K(699392K), 0.0287132 secs] [Times: user=0.32 sys=0.00, real=0.03 secs] 
2016-09-15T12:41:15.227-0400: 111.291: [GC (GCLocker Initiated GC) [PSYoungGen: 161480K->55319K(175104K)] 539456K->451803K(699392K), 0.0095269 secs] [Times: user=0.13 sys=0.00, real=0.02 secs] 
2016-09-15T12:41:15.352-0400: 111.416: [GC (Allocation Failure) [PSYoungGen: 143383K->67501K(175104K)] 540111K->464496K(699392K), 0.0074651 secs] [Times: user=0.09 sys=0.00, real=0.01 secs] 
2016-09-15T12:41:15.483-0400: 111.547: [GC (GCLocker Initiated GC) [PSYoungGen: 155565K->73640K(175104K)] 552566K->519385K(699392K), 0.0116926 secs] [Times: user=0.18 sys=0.00, real=0.01 secs] 
2016-09-15T12:41:15.616-0400: 111.681: [GC (GCLocker Initiated GC) [PSYoungGen: 161704K->85954K(175104K)] 607781K->538406K(699392K), 0.0108556 secs] [Times: user=0.14 sys=0.00, real=0.00 secs] 
2016-09-15T12:41:15.627-0400: 111.692: [Full GC (Ergonomics) [PSYoungGen: 85954K->0K(175104K)] [ParOldGen: 452452K->52890K(524288K)] 538406K->52890K(699392K), [Metaspace: 44420K->44420K(1087488K)], 0.0515502 secs] [Times: user=0.33 sys=0.01, real=0.06 secs] 
2016-09-15T12:41:15.811-0400: 111.875: [GC (GCLocker Initiated GC) [PSYoungGen: 88064K->86118K(175104K)] 153347K->157476K(699392K), 0.0109193 secs] [Times: user=0.17 sys=0.00, real=0.01 secs] 
2016-09-15T12:41:15.935-0400: 111.999: [GC (GCLocker Initiated GC) [PSYoungGen: 174182K->86150K(175104K)] 251663K->236855K(699392K), 0.0115375 secs] [Times: user=0.16 sys=0.01, real=0.01 secs] 
2016-09-15T12:41:16.078-0400: 112.143: [GC (Allocation Failure) [PSYoungGen: 174214K->49244K(175104K)] 325218K->273447K(699392K), 0.0344486 secs] [Times: user=0.40 sys=0.00, real=0.03 secs] 
2016-09-15T12:41:16.233-0400: 112.297: [GC (Allocation Failure) [PSYoungGen: 131798K->73544K(175104K)] 356001K->298007K(699392K), 0.0097413 secs] [Times: user=0.09 sys=0.00, real=0.01 secs] 
2016-09-15T12:41:16.358-0400: 112.422: [GC (GCLocker Initiated GC) [PSYoungGen: 161608K->55191K(175104K)] 386077K->298144K(699392K), 0.0171626 secs] [Times: user=0.16 sys=0.00, real=0.01 secs] 
2016-09-15T12:41:16.514-0400: 112.578: [GC (GCLocker Initiated GC) [PSYoungGen: 143255K->55319K(175104K)] 386340K->353199K(699392K), 0.0140418 secs] [Times: user=0.15 sys=0.00, real=0.02 secs] 
2016-09-15T12:41:16.676-0400: 112.740: [GC (Allocation Failure) [PSYoungGen: 143383K->36850K(175104K)] 459985K->353679K(699392K), 0.0065520 secs] [Times: user=0.05 sys=0.00, real=0.01 secs] 
2016-09-15T12:41:16.801-0400: 112.865: [GC (GCLocker Initiated GC) [PSYoungGen: 123055K->43205K(175104K)] 445959K->366220K(699392K), 0.0274511 secs] [Times: user=0.31 sys=0.00, real=0.03 secs] 
2016-09-15T12:41:16.935-0400: 113.000: [GC (Allocation Failure) [PSYoungGen: 131269K->79847K(175104K)] 454505K->421615K(699392K), 0.0130727 secs] [Times: user=0.13 sys=0.00, real=0.02 secs] 
2016-09-15T12:41:16.949-0400: 113.013: [GC (GCLocker Initiated GC) [PSYoungGen: 79857K->32K(175104K)] 421625K->433312K(699392K), 0.0085318 secs] [Times: user=0.09 sys=0.00, real=0.01 secs] 
2016-09-15T12:41:16.958-0400: 113.022: [Full GC (Ergonomics) [PSYoungGen: 32K->0K(175104K)] [ParOldGen: 433280K->52894K(524288K)] 433312K->52894K(699392K), [Metaspace: 44422K->44422K(1087488K)], 0.0501506 secs] [Times: user=0.29 sys=0.01, real=0.05 secs] 
2016-09-15T12:41:17.114-0400: 113.178: [GC (GCLocker Initiated GC) [PSYoungGen: 88064K->85790K(175104K)] 140964K->144765K(699392K), 0.0144003 secs] [Times: user=0.20 sys=0.00, real=0.02 secs] 
2016-09-15T12:41:17.250-0400: 113.314: [GC (Allocation Failure) [PSYoungGen: 173854K->73740K(175104K)] 233085K->169728K(699392K), 0.0116201 secs] [Times: user=0.15 sys=0.00, real=0.01 secs] 
2016-09-15T12:41:17.262-0400: 113.326: [GC (GCLocker Initiated GC) [PSYoungGen: 73752K->64K(175104K)] 169740K->169526K(699392K), 0.0063140 secs] [Times: user=0.07 sys=0.00, real=0.01 secs] 
2016-09-15T12:41:17.400-0400: 113.464: [GC (GCLocker Initiated GC) [PSYoungGen: 88128K->85794K(175104K)] 257590K->261332K(699392K), 0.0088919 secs] [Times: user=0.08 sys=0.01, real=0.01 secs] 
2016-09-15T12:41:17.520-0400: 113.585: [GC (GCLocker Initiated GC) [PSYoungGen: 173858K->79747K(175104K)] 349599K->286179K(699392K), 0.0096324 secs] [Times: user=0.13 sys=0.00, real=0.01 secs] 
2016-09-15T12:41:17.651-0400: 113.715: [GC (GCLocker Initiated GC) [PSYoungGen: 167811K->85658K(175104K)] 374380K->322902K(699392K), 0.0175449 secs] [Times: user=0.21 sys=0.01, real=0.02 secs] 
2016-09-15T12:41:17.779-0400: 113.843: [GC (GCLocker Initiated GC) [PSYoungGen: 173722K->55415K(175104K)] 411214K->353801K(699392K), 0.0108914 secs] [Times: user=0.16 sys=0.00, real=0.01 secs] 
2016-09-15T12:41:17.887-0400: 113.952: [GC (GCLocker Initiated GC) [PSYoungGen: 143479K->61786K(175104K)] 448183K->366758K(699392K), 0.0152431 secs] [Times: user=0.17 sys=0.00, real=0.02 secs] 
2016-09-15T12:41:18.044-0400: 114.108: [GC (GCLocker Initiated GC) [PSYoungGen: 149850K->67373K(175104K)] 454870K->384810K(699392K), 0.0093435 secs] [Times: user=0.08 sys=0.00, real=0.01 secs] 
2016-09-15T12:41:18.153-0400: 114.217: [GC (Allocation Failure) [PSYoungGen: 155437K->85954K(175104K)] 472927K->464494K(699392K), 0.0138487 secs] [Times: user=0.20 sys=0.00, real=0.01 secs] 
2016-09-15T12:41:18.291-0400: 114.356: [GC (GCLocker Initiated GC) [PSYoungGen: 169593K->55187K(175104K)] 554209K->506927K(699392K), 0.0108964 secs] [Times: user=0.17 sys=0.00, real=0.01 secs] 
2016-09-15T12:41:18.302-0400: 114.367: [Full GC (Ergonomics) [PSYoungGen: 55187K->0K(175104K)] [ParOldGen: 451739K->47041K(524288K)] 506927K->47041K(699392K), [Metaspace: 44424K->44424K(1087488K)], 0.0513863 secs] [Times: user=0.32 sys=0.01, real=0.05 secs] 
2016-09-15T12:41:18.473-0400: 114.537: [GC (GCLocker Initiated GC) [PSYoungGen: 88064K->86897K(175104K)] 141417K->146326K(699392K), 0.0154870 secs] [Times: user=0.22 sys=0.00, real=0.02 secs] 
2016-09-15T12:41:18.616-0400: 114.680: [GC (GCLocker Initiated GC) [PSYoungGen: 174961K->67501K(175104K)] 234472K->164181K(699392K), 0.0170467 secs] [Times: user=0.20 sys=0.00, real=0.01 secs] 
2016-09-15T12:41:18.758-0400: 114.822: [GC (GCLocker Initiated GC) [PSYoungGen: 155565K->43169K(175104K)] 258495K->219283K(699392K), 0.0099501 secs] [Times: user=0.11 sys=0.00, real=0.01 secs] 
2016-09-15T12:41:18.878-0400: 114.942: [GC (GCLocker Initiated GC) [PSYoungGen: 131233K->85790K(175104K)] 307405K->298720K(699392K), 0.0112506 secs] [Times: user=0.16 sys=0.00, real=0.01 secs] 
2016-09-15T12:41:19.026-0400: 115.090: [GC (GCLocker Initiated GC) [PSYoungGen: 173854K->61426K(175104K)] 387152K->341840K(699392K), 0.0132377 secs] [Times: user=0.16 sys=0.00, real=0.02 secs] 
2016-09-15T12:41:19.147-0400: 115.211: [GC (Allocation Failure) [PSYoungGen: 149490K->73804K(175104K)] 430260K->354865K(699392K), 0.0077591 secs] [Times: user=0.11 sys=0.00, real=0.01 secs] 
2016-09-15T12:41:19.288-0400: 115.352: [GC (GCLocker Initiated GC) [PSYoungGen: 160543K->55807K(175104K)] 447680K->379708K(699392K), 0.0162134 secs] [Times: user=0.23 sys=0.00, real=0.01 secs] 
2016-09-15T12:41:19.429-0400: 115.493: [GC (GCLocker Initiated GC) [PSYoungGen: 143871K->79523K(175104K)] 474040K->409764K(699392K), 0.0114371 secs] [Times: user=0.11 sys=0.00, real=0.01 secs] 
2016-09-15T12:41:19.579-0400: 115.644: [GC (GCLocker Initiated GC) [PSYoungGen: 167587K->19000K(175104K)] 516263K->416584K(699392K), 0.0136503 secs] [Times: user=0.16 sys=0.00, real=0.01 secs] 
2016-09-15T12:41:19.718-0400: 115.782: [GC (GCLocker Initiated GC) [PSYoungGen: 107064K->55319K(175104K)] 504931K->453484K(699392K), 0.0093185 secs] [Times: user=0.14 sys=0.00, real=0.00 secs] 
2016-09-15T12:41:19.880-0400: 115.944: [GC (GCLocker Initiated GC) [PSYoungGen: 143383K->49052K(175104K)] 541586K->465559K(699392K), 0.0158879 secs] [Times: user=0.11 sys=0.01, real=0.02 secs] 
2016-09-15T12:41:20.047-0400: 116.111: [GC (GCLocker Initiated GC) [PSYoungGen: 137116K->49048K(175104K)] 559808K->514401K(699392K), 0.0339572 secs] [Times: user=0.37 sys=0.00, real=0.04 secs] 
2016-09-15T12:41:20.081-0400: 116.145: [Full GC (Ergonomics) [PSYoungGen: 49048K->0K(175104K)] [ParOldGen: 465353K->47077K(524288K)] 514401K->47077K(699392K), [Metaspace: 44424K->44424K(1087488K)], 0.0599739 secs] [Times: user=0.40 sys=0.01, real=0.06 secs] 
2016-09-15T12:41:20.262-0400: 116.326: [GC (GCLocker Initiated GC) [PSYoungGen: 88064K->86630K(175104K)] 135294K->164235K(699392K), 0.0115308 secs] [Times: user=0.17 sys=0.00, real=0.01 secs] 
2016-09-15T12:41:20.395-0400: 116.459: [GC (GCLocker Initiated GC) [PSYoungGen: 174694K->67629K(175104K)] 258439K->207376K(699392K), 0.0118239 secs] [Times: user=0.20 sys=0.00, real=0.01 secs] 
2016-09-15T12:41:20.507-0400: 116.571: [GC (GCLocker Initiated GC) [PSYoungGen: 155693K->49112K(175104K)] 295499K->249804K(699392K), 0.0157005 secs] [Times: user=0.15 sys=0.01, real=0.02 secs] 
2016-09-15T12:41:20.646-0400: 116.710: [GC (GCLocker Initiated GC) [PSYoungGen: 137176K->61981K(175104K)] 350167K->311543K(699392K), 0.0145844 secs] [Times: user=0.18 sys=0.00, real=0.02 secs] 
2016-09-15T12:41:20.785-0400: 116.849: [GC (GCLocker Initiated GC) [PSYoungGen: 150045K->73836K(175104K)] 405981K->366725K(699392K), 0.0123885 secs] [Times: user=0.18 sys=0.00, real=0.02 secs] 
2016-09-15T12:41:20.913-0400: 116.977: [GC (GCLocker Initiated GC) [PSYoungGen: 161900K->55970K(175104K)] 461123K->373743K(699392K), 0.0104984 secs] [Times: user=0.15 sys=0.01, real=0.01 secs] 
2016-09-15T12:41:21.035-0400: 117.099: [GC (GCLocker Initiated GC) [PSYoungGen: 144034K->85822K(175104K)] 461865K->464694K(699392K), 0.0131364 secs] [Times: user=0.22 sys=0.00, real=0.02 secs] 
2016-09-15T12:41:21.161-0400: 117.225: [GC (Allocation Failure) [PSYoungGen: 173886K->73772K(175104K)] 552974K->483362K(699392K), 0.0104168 secs] [Times: user=0.09 sys=0.00, real=0.01 secs] 
2016-09-15T12:41:21.286-0400: 117.350: [GC (GCLocker Initiated GC) [PSYoungGen: 156792K->49180K(175104K)] 572458K->501743K(699392K), 0.0155106 secs] [Times: user=0.17 sys=0.00, real=0.02 secs] 
2016-09-15T12:41:21.302-0400: 117.366: [Full GC (Ergonomics) [PSYoungGen: 49180K->0K(175104K)] [ParOldGen: 452563K->53355K(524288K)] 501743K->53355K(699392K), [Metaspace: 44424K->44424K(1087488K)], 0.0530301 secs] [Times: user=0.33 sys=0.00, real=0.05 secs] 
2016-09-15T12:41:21.460-0400: 117.524: [GC (GCLocker Initiated GC) [PSYoungGen: 88064K->86110K(175104K)] 141695K->151892K(699392K), 0.0109604 secs] [Times: user=0.15 sys=0.00, real=0.01 secs] 
2016-09-15T12:41:21.599-0400: 117.663: [GC (GCLocker Initiated GC) [PSYoungGen: 174174K->86018K(175104K)] 240076K->201107K(699392K), 0.0145035 secs] [Times: user=0.19 sys=0.00, real=0.01 secs] 
2016-09-15T12:41:21.738-0400: 117.802: [GC (GCLocker Initiated GC) [PSYoungGen: 174082K->42909K(175104K)] 289263K->213221K(699392K), 0.0088743 secs] [Times: user=0.08 sys=0.01, real=0.00 secs] 
2016-09-15T12:41:21.874-0400: 117.938: [GC (GCLocker Initiated GC) [PSYoungGen: 130973K->85658K(175104K)] 301382K->292613K(699392K), 0.0102150 secs] [Times: user=0.13 sys=0.01, real=0.01 secs] 
2016-09-15T12:41:22.016-0400: 118.080: [GC (GCLocker Initiated GC) [PSYoungGen: 173722K->37126K(175104K)] 386962K->268726K(699392K), 0.0090590 secs] [Times: user=0.14 sys=0.00, real=0.00 secs] 
2016-09-15T12:41:22.121-0400: 118.185: [GC (GCLocker Initiated GC) [PSYoungGen: 125190K->85658K(175104K)] 357005K->329923K(699392K), 0.0107786 secs] [Times: user=0.16 sys=0.01, real=0.01 secs] 
2016-09-15T12:41:22.252-0400: 118.316: [GC (GCLocker Initiated GC) [PSYoungGen: 173722K->85854K(175104K)] 418153K->391202K(699392K), 0.0121834 secs] [Times: user=0.18 sys=0.00, real=0.01 secs] 
2016-09-15T12:41:22.404-0400: 118.468: [GC (GCLocker Initiated GC) [PSYoungGen: 173918K->30891K(175104K)] 491575K->391340K(699392K), 0.0093783 secs] [Times: user=0.05 sys=0.00, real=0.01 secs] 
2016-09-15T12:41:22.535-0400: 118.599: [GC (GCLocker Initiated GC) [PSYoungGen: 118955K->61362K(175104K)] 479654K->422312K(699392K), 0.0103014 secs] [Times: user=0.10 sys=0.00, real=0.01 secs] 
2016-09-15T12:41:22.680-0400: 118.744: [GC (Allocation Failure) [PSYoungGen: 149426K->49408K(175104K)] 510731K->447235K(699392K), 0.0268014 secs] [Times: user=0.28 sys=0.00, real=0.02 secs] 
2016-09-15T12:41:22.839-0400: 118.903: [GC (GCLocker Initiated GC) [PSYoungGen: 137472K->61458K(175104K)] 535305K->477823K(699392K), 0.0104790 secs] [Times: user=0.11 sys=0.00, real=0.01 secs] 
2016-09-15T12:41:23.002-0400: 119.066: [GC (GCLocker Initiated GC) [PSYoungGen: 149522K->43041K(175104K)] 572004K->483836K(699392K), 0.0234953 secs] [Times: user=0.19 sys=0.00, real=0.02 secs] 
2016-09-15T12:41:23.125-0400: 119.189: [GC (GCLocker Initiated GC) [PSYoungGen: 131105K->79779K(175104K)] 572061K->599869K(699392K), 0.0136493 secs] [Times: user=0.23 sys=0.00, real=0.02 secs] 
2016-09-15T12:41:23.139-0400: 119.203: [Full GC (Ergonomics) [PSYoungGen: 79779K->0K(175104K)] [ParOldGen: 520090K->52081K(524288K)] 599869K->52081K(699392K), [Metaspace: 44425K->44425K(1087488K)], 0.0616297 secs] [Times: user=0.52 sys=0.00, real=0.06 secs] 
2016-09-15T12:41:23.308-0400: 119.372: [GC (GCLocker Initiated GC) [PSYoungGen: 88064K->86602K(175104K)] 146469K->157157K(699392K), 0.0097666 secs] [Times: user=0.13 sys=0.00, real=0.01 secs] 
2016-09-15T12:41:23.431-0400: 119.495: [GC (GCLocker Initiated GC) [PSYoungGen: 174666K->67697K(175104K)] 245521K->181788K(699392K), 0.0131220 secs] [Times: user=0.13 sys=0.00, real=0.01 secs] 
2016-09-15T12:41:23.549-0400: 119.613: [GC (GCLocker Initiated GC) [PSYoungGen: 155761K->85662K(175104K)] 275986K->230463K(699392K), 0.0131081 secs] [Times: user=0.15 sys=0.00, real=0.01 secs] 
2016-09-15T12:41:23.674-0400: 119.738: [GC (Allocation Failure) [PSYoungGen: 173726K->61426K(175104K)] 319404K->243658K(699392K), 0.0303092 secs] [Times: user=0.37 sys=0.00, real=0.03 secs] 
2016-09-15T12:41:23.830-0400: 119.894: [GC (GCLocker Initiated GC) [PSYoungGen: 149490K->55383K(175104K)] 331723K->256140K(699392K), 0.0098607 secs] [Times: user=0.13 sys=0.00, real=0.01 secs] 
2016-09-15T12:41:23.950-0400: 120.014: [GC (GCLocker Initiated GC) [PSYoungGen: 143447K->55219K(175104K)] 350444K->262515K(699392K), 0.0069127 secs] [Times: user=0.06 sys=0.00, real=0.01 secs] 
2016-09-15T12:41:24.082-0400: 120.147: [GC (GCLocker Initiated GC) [PSYoungGen: 143283K->79623K(175104K)] 350666K->287085K(699392K), 0.0090566 secs] [Times: user=0.06 sys=0.01, real=0.01 secs] 
2016-09-15T12:41:24.222-0400: 120.286: [GC (GCLocker Initiated GC) [PSYoungGen: 167687K->74164K(175104K)] 381557K->330999K(699392K), 0.0176687 secs] [Times: user=0.17 sys=0.00, real=0.02 secs] 
2016-09-15T12:41:24.365-0400: 120.429: [GC (GCLocker Initiated GC) [PSYoungGen: 162228K->85758K(175104K)] 419138K->342984K(699392K), 0.0094645 secs] [Times: user=0.14 sys=0.00, real=0.01 secs] 
2016-09-15T12:41:24.493-0400: 120.557: [GC (Allocation Failure) [PSYoungGen: 173822K->49276K(175104K)] 437422K->355529K(699392K), 0.0147290 secs] [Times: user=0.17 sys=0.00, real=0.02 secs] 
2016-09-15T12:41:24.630-0400: 120.694: [GC (GCLocker Initiated GC) [PSYoungGen: 137340K->85922K(175104K)] 443599K->416765K(699392K), 0.0169183 secs] [Times: user=0.18 sys=0.00, real=0.01 secs] 
2016-09-15T12:41:24.777-0400: 120.841: [GC (Allocation Failure) [PSYoungGen: 173986K->61134K(175104K)] 504971K->404544K(699392K), 0.0095434 secs] [Times: user=0.10 sys=0.00, real=0.00 secs] 
2016-09-15T12:41:24.886-0400: 120.950: [GC (GCLocker Initiated GC) [PSYoungGen: 146824K->61622K(175104K)] 496309K->447669K(699392K), 0.0186715 secs] [Times: user=0.19 sys=0.01, real=0.02 secs] 
2016-09-15T12:41:25.055-0400: 121.119: [GC (Allocation Failure) [PSYoungGen: 149686K->73220K(175104K)] 535864K->478055K(699392K), 0.0177139 secs] [Times: user=0.16 sys=0.00, real=0.02 secs] 
2016-09-15T12:41:25.192-0400: 121.256: [GC (GCLocker Initiated GC) [PSYoungGen: 161284K->55191K(175104K)] 566124K->490494K(699392K), 0.0192631 secs] [Times: user=0.18 sys=0.00, real=0.02 secs] 
2016-09-15T12:41:25.304-0400: 121.368: [GC (GCLocker Initiated GC) [PSYoungGen: 143255K->79491K(175104K)] 578819K->533555K(699392K), 0.0240776 secs] [Times: user=0.22 sys=0.01, real=0.03 secs] 
2016-09-15T12:41:25.462-0400: 121.526: [GC (GCLocker Initiated GC) [PSYoungGen: 167555K->30727K(175104K)] 622322K->534353K(699392K), 0.0186708 secs] [Times: user=0.19 sys=0.00, real=0.02 secs] 
2016-09-15T12:41:25.480-0400: 121.545: [Full GC (Ergonomics) [PSYoungGen: 30727K->0K(175104K)] [ParOldGen: 503626K->40159K(524288K)] 534353K->40159K(699392K), [Metaspace: 44425K->44425K(1087488K)], 0.0529245 secs] [Times: user=0.26 sys=0.02, real=0.05 secs] 
2016-09-15T12:41:25.633-0400: 121.697: [GC (GCLocker Initiated GC) [PSYoungGen: 88064K->85726K(175104K)] 128488K->156526K(699392K), 0.0110342 secs] [Times: user=0.14 sys=0.00, real=0.01 secs] 
2016-09-15T12:41:25.784-0400: 121.848: [GC (GCLocker Initiated GC) [PSYoungGen: 173790K->37126K(175104K)] 250958K->169269K(699392K), 0.0157012 secs] [Times: user=0.19 sys=0.00, real=0.02 secs] 
2016-09-15T12:41:25.894-0400: 121.958: [GC (GCLocker Initiated GC) [PSYoungGen: 125190K->61298K(175104K)] 257682K->218366K(699392K), 0.0311251 secs] [Times: user=0.31 sys=0.01, real=0.03 secs] 
2016-09-15T12:41:26.047-0400: 122.111: [GC (GCLocker Initiated GC) [PSYoungGen: 149362K->67765K(175104K)] 306657K->243584K(699392K), 0.0215074 secs] [Times: user=0.25 sys=0.00, real=0.03 secs] 
2016-09-15T12:41:26.177-0400: 122.241: [GC (GCLocker Initiated GC) [PSYoungGen: 155829K->79651K(175104K)] 332288K->293024K(699392K), 0.0131003 secs] [Times: user=0.11 sys=0.01, real=0.01 secs] 
2016-09-15T12:41:26.292-0400: 122.356: [GC (GCLocker Initiated GC) [PSYoungGen: 167715K->73576K(175104K)] 381264K->354250K(699392K), 0.0133794 secs] [Times: user=0.19 sys=0.00, real=0.01 secs] 
2016-09-15T12:41:26.438-0400: 122.502: [GC (GCLocker Initiated GC) [PSYoungGen: 161640K->85822K(175104K)] 442529K->439927K(699392K), 0.0118686 secs] [Times: user=0.16 sys=0.00, real=0.01 secs] 
2016-09-15T12:41:26.557-0400: 122.621: [GC (GCLocker Initiated GC) [PSYoungGen: 173886K->85858K(175104K)] 528150K->470797K(699392K), 0.0122363 secs] [Times: user=0.15 sys=0.00, real=0.01 secs] 
2016-09-15T12:41:26.690-0400: 122.754: [GC (GCLocker Initiated GC) [PSYoungGen: 173922K->67305K(175104K)] 558880K->501154K(699392K), 0.0127742 secs] [Times: user=0.16 sys=0.00, real=0.01 secs] 
2016-09-15T12:41:26.818-0400: 122.882: [GC (GCLocker Initiated GC) [PSYoungGen: 155369K->86018K(175104K)] 589283K->574758K(699392K), 0.0121478 secs] [Times: user=0.18 sys=0.00, real=0.01 secs] 
2016-09-15T12:41:26.830-0400: 122.894: [Full GC (Ergonomics) [PSYoungGen: 86018K->0K(175104K)] [ParOldGen: 488740K->52340K(524288K)] 574758K->52340K(699392K), [Metaspace: 44425K->44425K(1087488K)], 0.0529964 secs] [Times: user=0.42 sys=0.00, real=0.05 secs] 
2016-09-15T12:41:27.009-0400: 123.073: [GC (GCLocker Initiated GC) [PSYoungGen: 88064K->86242K(175104K)] 152680K->175158K(699392K), 0.0109212 secs] [Times: user=0.17 sys=0.00, real=0.01 secs] 
2016-09-15T12:41:27.145-0400: 123.209: [GC (Allocation Failure) [PSYoungGen: 174306K->61426K(175104K)] 263399K->217884K(699392K), 0.0383810 secs] [Times: user=0.40 sys=0.01, real=0.04 secs] 
2016-09-15T12:41:27.184-0400: 123.248: [GC (GCLocker Initiated GC) [PSYoungGen: 61625K->96K(175104K)] 218083K->229864K(699392K), 0.0065573 secs] [Times: user=0.07 sys=0.00, real=0.01 secs] 
2016-09-15T12:41:27.299-0400: 123.363: [GC (GCLocker Initiated GC) [PSYoungGen: 85668K->74252K(175104K)] 321512K->310103K(699392K), 0.0218954 secs] [Times: user=0.26 sys=0.01, real=0.02 secs] 
2016-09-15T12:41:27.494-0400: 123.558: [GC (GCLocker Initiated GC) [PSYoungGen: 162316K->19064K(175104K)] 422716K->298797K(699392K), 0.0049311 secs] [Times: user=0.03 sys=0.00, real=0.01 secs] 
2016-09-15T12:41:27.655-0400: 123.719: [GC (GCLocker Initiated GC) [PSYoungGen: 107128K->48856K(175104K)] 393001K->334979K(699392K), 0.0067404 secs] [Times: user=0.05 sys=0.00, real=0.01 secs] 
2016-09-15T12:41:27.786-0400: 123.850: [GC (GCLocker Initiated GC) [PSYoungGen: 136920K->79751K(175104K)] 429272K->408657K(699392K), 0.0105767 secs] [Times: user=0.12 sys=0.00, real=0.02 secs] 
2016-09-15T12:41:27.909-0400: 123.973: [GC (GCLocker Initiated GC) [PSYoungGen: 167815K->49340K(175104K)] 502995K->439510K(699392K), 0.0111085 secs] [Times: user=0.12 sys=0.00, real=0.01 secs] 
2016-09-15T12:41:28.052-0400: 124.116: [GC (GCLocker Initiated GC) [PSYoungGen: 137404K->73804K(175104K)] 533797K->494789K(699392K), 0.0169898 secs] [Times: user=0.19 sys=0.00, real=0.02 secs] 
2016-09-15T12:41:28.207-0400: 124.271: [GC (GCLocker Initiated GC) [PSYoungGen: 161868K->73316K(175104K)] 583129K->513242K(699392K), 0.0176480 secs] [Times: user=0.22 sys=0.00, real=0.02 secs] 
2016-09-15T12:41:28.225-0400: 124.289: [Full GC (Ergonomics) [PSYoungGen: 73316K->0K(175104K)] [ParOldGen: 439926K->46108K(524288K)] 513242K->46108K(699392K), [Metaspace: 44425K->44425K(1087488K)], 0.0487309 secs] [Times: user=0.23 sys=0.01, real=0.05 secs] 
2016-09-15T12:41:28.382-0400: 124.446: [GC (GCLocker Initiated GC) [PSYoungGen: 88064K->86278K(175104K)] 140596K->150961K(699392K), 0.0131101 secs] [Times: user=0.15 sys=0.00, real=0.01 secs] 
2016-09-15T12:41:28.507-0400: 124.571: [GC (GCLocker Initiated GC) [PSYoungGen: 174342K->67469K(175104K)] 239180K->193760K(699392K), 0.0489458 secs] [Times: user=0.56 sys=0.02, real=0.06 secs] 
2016-09-15T12:41:28.690-0400: 124.754: [GC (GCLocker Initiated GC) [PSYoungGen: 155533K->55415K(175104K)] 281860K->248711K(699392K), 0.0164896 secs] [Times: user=0.18 sys=0.00, real=0.01 secs] 
2016-09-15T12:41:28.810-0400: 124.874: [GC (GCLocker Initiated GC) [PSYoungGen: 143479K->67861K(175104K)] 343043K->285965K(699392K), 0.0098857 secs] [Times: user=0.09 sys=0.01, real=0.01 secs] 
2016-09-15T12:41:28.946-0400: 125.010: [GC (GCLocker Initiated GC) [PSYoungGen: 155925K->61326K(175104K)] 374110K->328427K(699392K), 0.0102826 secs] [Times: user=0.12 sys=0.00, real=0.02 secs] 
2016-09-15T12:41:29.064-0400: 125.128: [GC (GCLocker Initiated GC) [PSYoungGen: 149390K->79619K(175104K)] 416852K->365426K(699392K), 0.0329852 secs] [Times: user=0.41 sys=0.00, real=0.04 secs] 
2016-09-15T12:41:29.242-0400: 125.306: [GC (Allocation Failure) [PSYoungGen: 167683K->79583K(175104K)] 453576K->383993K(699392K), 0.0114699 secs] [Times: user=0.11 sys=0.00, real=0.01 secs] 
2016-09-15T12:41:29.380-0400: 125.445: [GC (GCLocker Initiated GC) [PSYoungGen: 167647K->43365K(175104K)] 478132K->396486K(699392K), 0.0087953 secs] [Times: user=0.09 sys=0.00, real=0.01 secs] 
2016-09-15T12:41:29.526-0400: 125.590: [GC (Allocation Failure) [PSYoungGen: 131429K->55255K(175104K)] 484614K->426940K(699392K), 0.0104431 secs] [Times: user=0.10 sys=0.01, real=0.02 secs] 
2016-09-15T12:41:29.671-0400: 125.735: [GC (GCLocker Initiated GC) [PSYoungGen: 143319K->55155K(175104K)] 515004K->426920K(699392K), 0.0185509 secs] [Times: user=0.28 sys=0.00, real=0.02 secs] 
2016-09-15T12:41:29.840-0400: 125.904: [GC (Allocation Failure) [PSYoungGen: 143219K->54995K(175104K)] 515131K->427011K(699392K), 0.0069324 secs] [Times: user=0.05 sys=0.00, real=0.00 secs] 
2016-09-15T12:41:29.956-0400: 126.020: [GC (GCLocker Initiated GC) [PSYoungGen: 143059K->73284K(175104K)] 515080K->445425K(699392K), 0.0279018 secs] [Times: user=0.28 sys=0.00, real=0.02 secs] 
2016-09-15T12:41:30.089-0400: 126.153: [GC (GCLocker Initiated GC) [PSYoungGen: 161348K->73708K(175104K)] 539745K->470465K(699392K), 0.0115221 secs] [Times: user=0.14 sys=0.00, real=0.01 secs] 
2016-09-15T12:41:30.218-0400: 126.282: [GC (GCLocker Initiated GC) [PSYoungGen: 161772K->85694K(175104K)] 558684K->507182K(699392K), 0.0093261 secs] [Times: user=0.09 sys=0.00, real=0.00 secs] 
2016-09-15T12:41:30.364-0400: 126.428: [GC (GCLocker Initiated GC) [PSYoungGen: 173758K->61654K(175104K)] 607616K->544404K(699392K), 0.0098868 secs] [Times: user=0.10 sys=0.00, real=0.01 secs] 
2016-09-15T12:41:30.374-0400: 126.438: [Full GC (Ergonomics) [PSYoungGen: 61654K->0K(175104K)] [ParOldGen: 482750K->59053K(524288K)] 544404K->59053K(699392K), [Metaspace: 44451K->44451K(1087488K)], 0.0516462 secs] [Times: user=0.24 sys=0.00, real=0.05 secs] 
2016-09-15T12:41:30.538-0400: 126.603: [GC (GCLocker Initiated GC) [PSYoungGen: 88064K->74092K(175104K)] 153251K->139279K(699392K), 0.0068251 secs] [Times: user=0.06 sys=0.00, real=0.00 secs] 
2016-09-15T12:41:30.647-0400: 126.712: [GC (GCLocker Initiated GC) [PSYoungGen: 162156K->74000K(175104K)] 233434K->212659K(699392K), 0.0151757 secs] [Times: user=0.20 sys=0.00, real=0.02 secs] 
2016-09-15T12:41:30.774-0400: 126.838: [GC (GCLocker Initiated GC) [PSYoungGen: 162064K->73740K(175104K)] 301033K->231226K(699392K), 0.0104755 secs] [Times: user=0.16 sys=0.01, real=0.01 secs] 
2016-09-15T12:41:30.894-0400: 126.958: [GC (GCLocker Initiated GC) [PSYoungGen: 161804K->85986K(175104K)] 319556K->250105K(699392K), 0.0104979 secs] [Times: user=0.16 sys=0.00, real=0.01 secs] 
2016-09-15T12:41:31.037-0400: 127.101: [GC (GCLocker Initiated GC) [PSYoungGen: 174050K->49148K(175104K)] 338423K->250239K(699392K), 0.0168381 secs] [Times: user=0.19 sys=0.00, real=0.01 secs] 
2016-09-15T12:41:31.153-0400: 127.217: [GC (GCLocker Initiated GC) [PSYoungGen: 137212K->73480K(175104K)] 339059K->293664K(699392K), 0.0119767 secs] [Times: user=0.14 sys=0.00, real=0.01 secs] 
2016-09-15T12:41:31.288-0400: 127.352: [GC (Allocation Failure) [PSYoungGen: 161544K->67305K(175104K)] 387900K->324328K(699392K), 0.0092877 secs] [Times: user=0.12 sys=0.00, real=0.01 secs] 
2016-09-15T12:41:31.411-0400: 127.476: [GC (GCLocker Initiated GC) [PSYoungGen: 152349K->67597K(175104K)] 415446K->373363K(699392K), 0.0133151 secs] [Times: user=0.13 sys=0.01, real=0.01 secs] 
2016-09-15T12:41:31.563-0400: 127.627: [GC (GCLocker Initiated GC) [PSYoungGen: 155661K->61362K(175104K)] 467549K->391579K(699392K), 0.0151361 secs] [Times: user=0.15 sys=0.00, real=0.02 secs] 
2016-09-15T12:41:31.689-0400: 127.754: [GC (GCLocker Initiated GC) [PSYoungGen: 149426K->73804K(175104K)] 486056K->465417K(699392K), 0.0155004 secs] [Times: user=0.17 sys=0.00, real=0.01 secs] 
2016-09-15T12:41:31.839-0400: 127.903: [GC (GCLocker Initiated GC) [PSYoungGen: 161868K->55255K(175104K)] 553769K->465657K(699392K), 0.0104659 secs] [Times: user=0.08 sys=0.01, real=0.01 secs] 
2016-09-15T12:41:31.975-0400: 128.040: [GC (GCLocker Initiated GC) [PSYoungGen: 143319K->55515K(175104K)] 560050K->502921K(699392K), 0.0260112 secs] [Times: user=0.26 sys=0.00, real=0.03 secs] 
2016-09-15T12:41:32.113-0400: 128.177: [GC (GCLocker Initiated GC) [PSYoungGen: 143579K->55319K(175104K)] 591027K->521267K(699392K), 0.0096423 secs] [Times: user=0.12 sys=0.01, real=0.01 secs] 
2016-09-15T12:41:32.123-0400: 128.187: [Full GC (Ergonomics) [PSYoungGen: 55319K->0K(175104K)] [ParOldGen: 465948K->46736K(524288K)] 521267K->46736K(699392K), [Metaspace: 44455K->44455K(1087488K)], 0.0495186 secs] [Times: user=0.39 sys=0.00, real=0.05 secs] 
2016-09-15T12:41:32.272-0400: 128.336: [GC (GCLocker Initiated GC) [PSYoungGen: 88064K->85950K(175104K)] 134887K->138848K(699392K), 0.0108755 secs] [Times: user=0.13 sys=0.01, real=0.01 secs] 
2016-09-15T12:41:32.407-0400: 128.471: [GC (GCLocker Initiated GC) [PSYoungGen: 174014K->86150K(175104K)] 233017K->224684K(699392K), 0.0146021 secs] [Times: user=0.20 sys=0.00, real=0.02 secs] 
2016-09-15T12:41:32.551-0400: 128.616: [GC (GCLocker Initiated GC) [PSYoungGen: 174214K->73380K(175104K)] 312774K->291214K(699392K), 0.0122206 secs] [Times: user=0.11 sys=0.01, real=0.01 secs] 
2016-09-15T12:41:32.663-0400: 128.727: [GC (GCLocker Initiated GC) [PSYoungGen: 161444K->79683K(175104K)] 379326K->340217K(699392K), 0.0147413 secs] [Times: user=0.18 sys=0.00, real=0.02 secs] 
2016-09-15T12:41:32.831-0400: 128.895: [GC (GCLocker Initiated GC) [PSYoungGen: 167747K->12829K(175104K)] 446701K->340635K(699392K), 0.0177646 secs] [Times: user=0.17 sys=0.00, real=0.02 secs] 
2016-09-15T12:41:32.976-0400: 129.040: [GC (GCLocker Initiated GC) [PSYoungGen: 100893K->55287K(175104K)] 428953K->383629K(699392K), 0.0153516 secs] [Times: user=0.15 sys=0.00, real=0.01 secs] 
2016-09-15T12:41:33.110-0400: 129.175: [GC (Allocation Failure) [PSYoungGen: 143351K->43137K(175104K)] 483963K->402054K(699392K), 0.0092927 secs] [Times: user=0.06 sys=0.00, real=0.01 secs] 
2016-09-15T12:41:33.244-0400: 129.308: [GC (GCLocker Initiated GC) [PSYoungGen: 127772K->55291K(175104K)] 492764K->420542K(699392K), 0.0211753 secs] [Times: user=0.21 sys=0.00, real=0.02 secs] 
2016-09-15T12:41:33.416-0400: 129.480: [GC (GCLocker Initiated GC) [PSYoungGen: 143355K->55415K(175104K)] 514986K->427329K(699392K), 0.0100555 secs] [Times: user=0.11 sys=0.00, real=0.00 secs] 
2016-09-15T12:41:33.520-0400: 129.584: [GC (GCLocker Initiated GC) [PSYoungGen: 143479K->48952K(175104K)] 521729K->445702K(699392K), 0.0090045 secs] [Times: user=0.07 sys=0.00, real=0.01 secs] 
2016-09-15T12:41:33.657-0400: 129.721: [GC (GCLocker Initiated GC) [PSYoungGen: 137016K->61754K(175104K)] 540124K->471040K(699392K), 0.0175584 secs] [Times: user=0.18 sys=0.00, real=0.01 secs] 
2016-09-15T12:41:33.807-0400: 129.871: [GC (Allocation Failure) [PSYoungGen: 149818K->18904K(175104K)] 577504K->446991K(699392K), 0.0167881 secs] [Times: user=0.20 sys=0.00, real=0.02 secs] 
2016-09-15T12:41:33.924-0400: 129.988: [GC (GCLocker Initiated GC) [PSYoungGen: 102660K->73512K(175104K)] 536821K->507808K(699392K), 0.0100636 secs] [Times: user=0.09 sys=0.00, real=0.01 secs] 
2016-09-15T12:41:34.073-0400: 130.137: [GC (GCLocker Initiated GC) [PSYoungGen: 161576K->61362K(175104K)] 596082K->532429K(699392K), 0.0180980 secs] [Times: user=0.17 sys=0.00, real=0.02 secs] 
2016-09-15T12:41:34.091-0400: 130.155: [Full GC (Ergonomics) [PSYoungGen: 61362K->0K(175104K)] [ParOldGen: 471067K->52917K(524288K)] 532429K->52917K(699392K), [Metaspace: 44455K->44455K(1087488K)], 0.0516552 secs] [Times: user=0.23 sys=0.01, real=0.05 secs] 
2016-09-15T12:41:34.270-0400: 130.334: [GC (GCLocker Initiated GC) [PSYoungGen: 88064K->85662K(175104K)] 141156K->144830K(699392K), 0.0157668 secs] [Times: user=0.16 sys=0.00, real=0.01 secs] 
2016-09-15T12:41:34.398-0400: 130.462: [GC (GCLocker Initiated GC) [PSYoungGen: 173726K->73704K(175104K)] 233249K->188218K(699392K), 0.0133821 secs] [Times: user=0.19 sys=0.00, real=0.01 secs] 
2016-09-15T12:41:34.504-0400: 130.568: [GC (GCLocker Initiated GC) [PSYoungGen: 161768K->74359K(175104K)] 276598K->225783K(699392K), 0.0095067 secs] [Times: user=0.13 sys=0.00, real=0.01 secs] 
2016-09-15T12:41:34.635-0400: 130.700: [GC (GCLocker Initiated GC) [PSYoungGen: 162423K->55647K(175104K)] 320081K->250226K(699392K), 0.0132959 secs] [Times: user=0.13 sys=0.01, real=0.02 secs] 
2016-09-15T12:41:34.740-0400: 130.804: [GC (GCLocker Initiated GC) [PSYoungGen: 143711K->73444K(175104K)] 339126K->287711K(699392K), 0.0144011 secs] [Times: user=0.18 sys=0.00, real=0.01 secs] 
2016-09-15T12:41:34.859-0400: 130.923: [GC (GCLocker Initiated GC) [PSYoungGen: 161508K->43269K(175104K)] 376137K->306609K(699392K), 0.0173627 secs] [Times: user=0.15 sys=0.01, real=0.02 secs] 
2016-09-15T12:41:34.989-0400: 131.053: [GC (GCLocker Initiated GC) [PSYoungGen: 131333K->49308K(175104K)] 400924K->355829K(699392K), 0.0101265 secs] [Times: user=0.10 sys=0.00, real=0.01 secs] 
2016-09-15T12:41:35.093-0400: 131.157: [GC (GCLocker Initiated GC) [PSYoungGen: 137372K->55415K(175104K)] 450111K->404731K(699392K), 0.0078531 secs] [Times: user=0.10 sys=0.00, real=0.01 secs] 
2016-09-15T12:41:35.230-0400: 131.295: [GC (GCLocker Initiated GC) [PSYoungGen: 143479K->55583K(175104K)] 505160K->435585K(699392K), 0.0164542 secs] [Times: user=0.15 sys=0.01, real=0.01 secs] 
2016-09-15T12:41:35.368-0400: 131.432: [GC (Allocation Failure) [PSYoungGen: 143647K->19328K(175104K)] 542212K->418318K(699392K), 0.0133121 secs] [Times: user=0.13 sys=0.00, real=0.01 secs] 
2016-09-15T12:41:35.482-0400: 131.546: [GC (GCLocker Initiated GC) [PSYoungGen: 101392K->49212K(175104K)] 506456K->454543K(699392K), 0.0082297 secs] [Times: user=0.07 sys=0.00, real=0.01 secs] 
2016-09-15T12:41:35.612-0400: 131.676: [GC (Allocation Failure) [PSYoungGen: 137276K->85890K(175104K)] 542962K->509913K(699392K), 0.0143649 secs] [Times: user=0.12 sys=0.00, real=0.01 secs] 
2016-09-15T12:41:35.735-0400: 131.799: [GC (GCLocker Initiated GC) [PSYoungGen: 173954K->61298K(175104K)] 597982K->503991K(699392K), 0.0221720 secs] [Times: user=0.24 sys=0.00, real=0.03 secs] 
2016-09-15T12:41:35.867-0400: 131.931: [GC (GCLocker Initiated GC) [PSYoungGen: 149362K->79523K(175104K)] 598306K->546976K(699392K), 0.0128127 secs] [Times: user=0.13 sys=0.00, real=0.02 secs] 
2016-09-15T12:41:35.880-0400: 131.944: [Full GC (Ergonomics) [PSYoungGen: 79523K->0K(175104K)] [ParOldGen: 467453K->52924K(524288K)] 546976K->52924K(699392K), [Metaspace: 44455K->44455K(1087488K)], 0.0511949 secs] [Times: user=0.27 sys=0.00, real=0.05 secs] 
2016-09-15T12:41:36.043-0400: 132.107: [GC (GCLocker Initiated GC) [PSYoungGen: 88064K->86178K(175104K)] 141216K->163630K(699392K), 0.0118700 secs] [Times: user=0.14 sys=0.01, real=0.01 secs] 
2016-09-15T12:41:36.162-0400: 132.226: [GC (GCLocker Initiated GC) [PSYoungGen: 174242K->49504K(175104K)] 251831K->182520K(699392K), 0.0221234 secs] [Times: user=0.31 sys=0.00, real=0.02 secs] 
2016-09-15T12:41:36.308-0400: 132.372: [GC (Allocation Failure) [PSYoungGen: 137568K->49080K(175104K)] 282892K->212905K(699392K), 0.0126058 secs] [Times: user=0.14 sys=0.00, real=0.01 secs] 
2016-09-15T12:41:36.435-0400: 132.499: [GC (GCLocker Initiated GC) [PSYoungGen: 137144K->55415K(175104K)] 300975K->249741K(699392K), 0.0101494 secs] [Times: user=0.10 sys=0.01, real=0.01 secs] 
2016-09-15T12:41:36.597-0400: 132.661: [GC (GCLocker Initiated GC) [PSYoungGen: 143479K->73412K(175104K)] 343933K->292382K(699392K), 0.0122591 secs] [Times: user=0.16 sys=0.00, real=0.01 secs] 
2016-09-15T12:41:36.715-0400: 132.779: [GC (GCLocker Initiated GC) [PSYoungGen: 161476K->85790K(175104K)] 386564K->353563K(699392K), 0.0115294 secs] [Times: user=0.16 sys=0.00, real=0.01 secs] 
2016-09-15T12:41:36.856-0400: 132.920: [GC (Allocation Failure) [PSYoungGen: 173854K->61458K(175104K)] 441657K->384211K(699392K), 0.0122360 secs] [Times: user=0.15 sys=0.00, real=0.01 secs] 
2016-09-15T12:41:37.016-0400: 133.080: [GC (GCLocker Initiated GC) [PSYoungGen: 145686K->49212K(175104K)] 474515K->402600K(699392K), 0.0095411 secs] [Times: user=0.10 sys=0.00, real=0.00 secs] 
2016-09-15T12:41:37.150-0400: 133.214: [GC (GCLocker Initiated GC) [PSYoungGen: 137276K->43105K(175104K)] 496842K->420991K(699392K), 0.0234114 secs] [Times: user=0.27 sys=0.00, real=0.02 secs] 
2016-09-15T12:41:37.284-0400: 133.348: [GC (GCLocker Initiated GC) [PSYoungGen: 131169K->73676K(175104K)] 509259K->451846K(699392K), 0.0106115 secs] [Times: user=0.13 sys=0.00, real=0.01 secs] 
2016-09-15T12:41:37.407-0400: 133.471: [GC (GCLocker Initiated GC) [PSYoungGen: 161740K->73672K(175104K)] 540080K->470528K(699392K), 0.0144384 secs] [Times: user=0.17 sys=0.00, real=0.02 secs] 
2016-09-15T12:41:37.522-0400: 133.586: [GC (GCLocker Initiated GC) [PSYoungGen: 161736K->85822K(175104K)] 558634K->507164K(699392K), 0.0109894 secs] [Times: user=0.16 sys=0.00, real=0.01 secs] 
2016-09-15T12:41:37.652-0400: 133.716: [GC (GCLocker Initiated GC) [PSYoungGen: 173886K->85922K(175104K)] 601473K->574567K(699392K), 0.0134619 secs] [Times: user=0.17 sys=0.00, real=0.01 secs] 
2016-09-15T12:41:37.666-0400: 133.730: [Full GC (Ergonomics) [PSYoungGen: 85922K->0K(175104K)] [ParOldGen: 488645K->53348K(524288K)] 574567K->53348K(699392K), [Metaspace: 44462K->44462K(1087488K)], 0.0530791 secs] [Times: user=0.40 sys=0.01, real=0.06 secs] 
2016-09-15T12:41:37.864-0400: 133.928: [GC (GCLocker Initiated GC) [PSYoungGen: 88064K->56358K(175104K)] 165849K->134144K(699392K), 0.0082305 secs] [Times: user=0.10 sys=0.00, real=0.01 secs] 
2016-09-15T12:41:38.011-0400: 134.076: [GC (GCLocker Initiated GC) [PSYoungGen: 144422K->55255K(175104K)] 228387K->158132K(699392K), 0.0127300 secs] [Times: user=0.09 sys=0.01, real=0.01 secs] 
2016-09-15T12:41:38.132-0400: 134.196: [GC (Allocation Failure) [PSYoungGen: 143319K->55383K(175104K)] 246791K->189358K(699392K), 0.0180115 secs] [Times: user=0.16 sys=0.00, real=0.02 secs] 
2016-09-15T12:41:38.278-0400: 134.342: [GC (Allocation Failure) [PSYoungGen: 143447K->42877K(175104K)] 277422K->213569K(699392K), 0.0241680 secs] [Times: user=0.24 sys=0.00, real=0.02 secs] 
2016-09-15T12:41:38.426-0400: 134.490: [GC (GCLocker Initiated GC) [PSYoungGen: 128256K->73412K(175104K)] 305024K->250259K(699392K), 0.0188871 secs] [Times: user=0.20 sys=0.00, real=0.02 secs] 
2016-09-15T12:41:38.558-0400: 134.623: [GC (GCLocker Initiated GC) [PSYoungGen: 161476K->73740K(175104K)] 338409K->250792K(699392K), 0.0164051 secs] [Times: user=0.15 sys=0.01, real=0.01 secs] 
2016-09-15T12:41:38.694-0400: 134.759: [GC (Allocation Failure) [PSYoungGen: 161804K->85790K(175104K)] 338898K->293543K(699392K), 0.0189882 secs] [Times: user=0.23 sys=0.00, real=0.02 secs] 
2016-09-15T12:41:38.838-0400: 134.902: [GC (GCLocker Initiated GC) [PSYoungGen: 173854K->79815K(175104K)] 381614K->318062K(699392K), 0.0168710 secs] [Times: user=0.19 sys=0.01, real=0.01 secs] 
2016-09-15T12:41:38.972-0400: 135.036: [GC (GCLocker Initiated GC) [PSYoungGen: 167879K->73544K(175104K)] 406179K->336459K(699392K), 0.0130388 secs] [Times: user=0.16 sys=0.00, real=0.01 secs] 
2016-09-15T12:41:39.094-0400: 135.159: [GC (GCLocker Initiated GC) [PSYoungGen: 161608K->61394K(175104K)] 424800K->355081K(699392K), 0.0094138 secs] [Times: user=0.08 sys=0.00, real=0.01 secs] 
2016-09-15T12:41:39.227-0400: 135.291: [GC (GCLocker Initiated GC) [PSYoungGen: 149458K->79651K(175104K)] 443360K->392077K(699392K), 0.0129591 secs] [Times: user=0.15 sys=0.00, real=0.02 secs] 
2016-09-15T12:41:39.368-0400: 135.432: [GC (Allocation Failure) [PSYoungGen: 167715K->37094K(175104K)] 492467K->416945K(699392K), 0.0257249 secs] [Times: user=0.30 sys=0.00, real=0.02 secs] 
2016-09-15T12:41:39.514-0400: 135.578: [GC (GCLocker Initiated GC) [PSYoungGen: 125158K->73512K(175104K)] 505014K->453628K(699392K), 0.0147904 secs] [Times: user=0.18 sys=0.00, real=0.02 secs] 
2016-09-15T12:41:39.661-0400: 135.725: [GC (GCLocker Initiated GC) [PSYoungGen: 161576K->67305K(175104K)] 541734K->465915K(699392K), 0.0164311 secs] [Times: user=0.16 sys=0.01, real=0.02 secs] 
2016-09-15T12:41:39.807-0400: 135.871: [GC (GCLocker Initiated GC) [PSYoungGen: 155369K->61430K(175104K)] 560365K->472588K(699392K), 0.0149820 secs] [Times: user=0.13 sys=0.00, real=0.02 secs] 
2016-09-15T12:41:39.954-0400: 136.018: [GC (GCLocker Initiated GC) [PSYoungGen: 149494K->85758K(175104K)] 566848K->527883K(699392K), 0.0178889 secs] [Times: user=0.22 sys=0.00, real=0.02 secs] 
2016-09-15T12:41:40.082-0400: 136.146: [GC (GCLocker Initiated GC) [PSYoungGen: 173822K->85726K(175104K)] 616151K->595196K(699392K), 0.0126381 secs] [Times: user=0.19 sys=0.00, real=0.01 secs] 
2016-09-15T12:41:40.095-0400: 136.159: [Full GC (Ergonomics) [PSYoungGen: 85726K->0K(175104K)] [ParOldGen: 509469K->53409K(524288K)] 595196K->53409K(699392K), [Metaspace: 44466K->44466K(1087488K)], 0.0523242 secs] [Times: user=0.35 sys=0.01, real=0.05 secs] 
2016-09-15T12:41:40.251-0400: 136.315: [GC (GCLocker Initiated GC) [PSYoungGen: 88064K->67597K(175104K)] 147600K->127133K(699392K), 0.0167291 secs] [Times: user=0.15 sys=0.01, real=0.02 secs] 
2016-09-15T12:41:40.400-0400: 136.464: [GC (Allocation Failure) [PSYoungGen: 155661K->49635K(175104K)] 215497K->176860K(699392K), 0.0145294 secs] [Times: user=0.13 sys=0.01, real=0.01 secs] 
2016-09-15T12:41:40.524-0400: 136.588: [GC (GCLocker Initiated GC) [PSYoungGen: 137699K->24656K(175104K)] 264930K->182684K(699392K), 0.0171575 secs] [Times: user=0.14 sys=0.00, real=0.02 secs] 
2016-09-15T12:41:40.679-0400: 136.743: [GC (Allocation Failure) [PSYoungGen: 112720K->79491K(175104K)] 270824K->237683K(699392K), 0.0247930 secs] [Times: user=0.21 sys=0.02, real=0.02 secs] 
2016-09-15T12:41:40.812-0400: 136.876: [GC (GCLocker Initiated GC) [PSYoungGen: 167555K->49080K(175104K)] 325752K->231845K(699392K), 0.0174252 secs] [Times: user=0.17 sys=0.00, real=0.02 secs] 
2016-09-15T12:41:40.963-0400: 137.027: [GC (Allocation Failure) [PSYoungGen: 137144K->67533K(175104K)] 326082K->274855K(699392K), 0.0122013 secs] [Times: user=0.15 sys=0.00, real=0.01 secs] 
2016-09-15T12:41:41.065-0400: 137.129: [GC (GCLocker Initiated GC) [PSYoungGen: 153233K->36998K(175104K)] 366630K->268880K(699392K), 0.0135815 secs] [Times: user=0.08 sys=0.00, real=0.02 secs] 
2016-09-15T12:41:41.203-0400: 137.267: [GC (GCLocker Initiated GC) [PSYoungGen: 125062K->49216K(175104K)] 363094K->305585K(699392K), 0.0071574 secs] [Times: user=0.06 sys=0.00, real=0.01 secs] 
2016-09-15T12:41:41.302-0400: 137.366: [GC (GCLocker Initiated GC) [PSYoungGen: 137280K->73508K(175104K)] 393713K->385088K(699392K), 0.0126073 secs] [Times: user=0.15 sys=0.00, real=0.01 secs] 
2016-09-15T12:41:41.435-0400: 137.499: [GC (Allocation Failure) [PSYoungGen: 161572K->61594K(175104K)] 473440K->391774K(699392K), 0.0209112 secs] [Times: user=0.20 sys=0.01, real=0.03 secs] 
2016-09-15T12:41:41.557-0400: 137.621: [GC (GCLocker Initiated GC) [PSYoungGen: 149658K->55483K(175104K)] 479838K->422757K(699392K), 0.0084344 secs] [Times: user=0.11 sys=0.01, real=0.00 secs] 
2016-09-15T12:41:41.674-0400: 137.739: [GC (GCLocker Initiated GC) [PSYoungGen: 143547K->85758K(175104K)] 516965K->465387K(699392K), 0.0078755 secs] [Times: user=0.10 sys=0.00, real=0.01 secs] 
2016-09-15T12:41:41.813-0400: 137.877: [GC (Allocation Failure) [PSYoungGen: 173822K->73836K(175104K)] 553493K->496355K(699392K), 0.0193111 secs] [Times: user=0.30 sys=0.00, real=0.02 secs] 
2016-09-15T12:41:41.978-0400: 138.042: [GC (GCLocker Initiated GC) [PSYoungGen: 161900K->55219K(175104K)] 584425K->520741K(699392K), 0.0095833 secs] [Times: user=0.13 sys=0.00, real=0.01 secs] 
2016-09-15T12:41:41.988-0400: 138.052: [Full GC (Ergonomics) [PSYoungGen: 55219K->0K(175104K)] [ParOldGen: 465522K->41542K(524288K)] 520741K->41542K(699392K), [Metaspace: 44468K->44468K(1087488K)], 0.0499995 secs] [Times: user=0.26 sys=0.01, real=0.05 secs] 
2016-09-15T12:41:42.148-0400: 138.212: [GC (GCLocker Initiated GC) [PSYoungGen: 88064K->86110K(175104K)] 129878K->146149K(699392K), 0.0260254 secs] [Times: user=0.33 sys=0.01, real=0.02 secs] 
2016-09-15T12:41:42.281-0400: 138.345: [GC (GCLocker Initiated GC) [PSYoungGen: 174174K->79815K(175104K)] 234261K->177055K(699392K), 0.0178364 secs] [Times: user=0.25 sys=0.00, real=0.02 secs] 
2016-09-15T12:41:42.412-0400: 138.476: [GC (GCLocker Initiated GC) [PSYoungGen: 167879K->73640K(175104K)] 277322K->256299K(699392K), 0.0106915 secs] [Times: user=0.15 sys=0.00, real=0.01 secs] 
2016-09-15T12:41:42.539-0400: 138.604: [GC (GCLocker Initiated GC) [PSYoungGen: 161704K->55679K(175104K)] 350536K->287179K(699392K), 0.0090473 secs] [Times: user=0.10 sys=0.00, real=0.01 secs] 
2016-09-15T12:41:42.655-0400: 138.719: [GC (GCLocker Initiated GC) [PSYoungGen: 143743K->85694K(175104K)] 375285K->366136K(699392K), 0.0127253 secs] [Times: user=0.12 sys=0.00, real=0.02 secs] 
2016-09-15T12:41:42.800-0400: 138.864: [GC (GCLocker Initiated GC) [PSYoungGen: 173758K->43041K(175104K)] 454281K->372447K(699392K), 0.0182160 secs] [Times: user=0.18 sys=0.00, real=0.02 secs] 
2016-09-15T12:41:42.907-0400: 138.971: [GC (GCLocker Initiated GC) [PSYoungGen: 131105K->85466K(175104K)] 460559K->421270K(699392K), 0.0107011 secs] [Times: user=0.09 sys=0.00, real=0.02 secs] 
2016-09-15T12:41:43.064-0400: 139.128: [GC (Allocation Failure) [PSYoungGen: 173530K->55351K(175104K)] 521700K->458339K(699392K), 0.0105809 secs] [Times: user=0.10 sys=0.01, real=0.01 secs] 
2016-09-15T12:41:43.230-0400: 139.294: [GC (Allocation Failure) [PSYoungGen: 142302K->49084K(175104K)] 545291K->476632K(699392K), 0.0344229 secs] [Times: user=0.32 sys=0.00, real=0.03 secs] 
2016-09-15T12:41:43.378-0400: 139.443: [GC (GCLocker Initiated GC) [PSYoungGen: 137148K->73444K(175104K)] 564696K->513254K(699392K), 0.0176861 secs] [Times: user=0.18 sys=0.00, real=0.02 secs] 
2016-09-15T12:41:43.488-0400: 139.553: [Full GC (Ergonomics) [PSYoungGen: 161508K->0K(175104K)] [ParOldGen: 445937K->47016K(524288K)] 607446K->47016K(699392K), [Metaspace: 44468K->44468K(1087488K)], 0.0528886 secs] [Times: user=0.27 sys=0.01, real=0.05 secs] 
2016-09-15T12:41:43.645-0400: 139.709: [GC (GCLocker Initiated GC) [PSYoungGen: 88064K->86338K(175104K)] 135189K->151696K(699392K), 0.0263267 secs] [Times: user=0.23 sys=0.00, real=0.03 secs] 
2016-09-15T12:41:43.768-0400: 139.832: [GC (GCLocker Initiated GC) [PSYoungGen: 174402K->61330K(175104K)] 240076K->194805K(699392K), 0.0134895 secs] [Times: user=0.14 sys=0.00, real=0.01 secs] 
2016-09-15T12:41:43.892-0400: 139.956: [GC (GCLocker Initiated GC) [PSYoungGen: 149394K->49475K(175104K)] 283106K->219742K(699392K), 0.0328499 secs] [Times: user=0.36 sys=0.01, real=0.03 secs] 
2016-09-15T12:41:44.051-0400: 140.115: [GC (GCLocker Initiated GC) [PSYoungGen: 137539K->85690K(175104K)] 313928K->286670K(699392K), 0.0103612 secs] [Times: user=0.13 sys=0.00, real=0.01 secs] 
2016-09-15T12:41:44.181-0400: 140.245: [GC (GCLocker Initiated GC) [PSYoungGen: 173754K->37126K(175104K)] 387228K->287185K(699392K), 0.0179748 secs] [Times: user=0.23 sys=0.00, real=0.02 secs] 
2016-09-15T12:41:44.302-0400: 140.366: [GC (GCLocker Initiated GC) [PSYoungGen: 125190K->55775K(175104K)] 375520K->306413K(699392K), 0.0070053 secs] [Times: user=0.08 sys=0.00, real=0.01 secs] 
2016-09-15T12:41:44.447-0400: 140.511: [GC (GCLocker Initiated GC) [PSYoungGen: 143839K->37421K(175104K)] 406713K->318632K(699392K), 0.0180523 secs] [Times: user=0.23 sys=0.00, real=0.02 secs] 
2016-09-15T12:41:44.607-0400: 140.671: [GC (GCLocker Initiated GC) [PSYoungGen: 125485K->55938K(175104K)] 419196K->350113K(699392K), 0.0085142 secs] [Times: user=0.13 sys=0.00, real=0.01 secs] 
2016-09-15T12:41:44.733-0400: 140.797: [GC (GCLocker Initiated GC) [PSYoungGen: 144002K->79715K(175104K)] 444282K->398534K(699392K), 0.0117468 secs] [Times: user=0.15 sys=0.00, real=0.01 secs] 
2016-09-15T12:41:44.857-0400: 140.921: [GC (GCLocker Initiated GC) [PSYoungGen: 167779K->68152K(175104K)] 493029K->448245K(699392K), 0.0109007 secs] [Times: user=0.14 sys=0.00, real=0.01 secs] 
2016-09-15T12:41:45.016-0400: 141.080: [GC (GCLocker Initiated GC) [PSYoungGen: 156216K->37226K(175104K)] 554716K->454249K(699392K), 0.0138014 secs] [Times: user=0.14 sys=0.00, real=0.01 secs] 
2016-09-15T12:41:45.156-0400: 141.220: [GC (Allocation Failure) [PSYoungGen: 125290K->37062K(175104K)] 548541K->460581K(699392K), 0.0062671 secs] [Times: user=0.07 sys=0.00, real=0.00 secs] 
2016-09-15T12:41:45.268-0400: 141.332: [GC (GCLocker Initiated GC) [PSYoungGen: 124391K->73644K(175104K)] 553985K->503325K(699392K), 0.0101772 secs] [Times: user=0.08 sys=0.00, real=0.01 secs] 
2016-09-15T12:41:45.413-0400: 141.477: [GC (Allocation Failure) [PSYoungGen: 161708K->61426K(175104K)] 597573K->515823K(699392K), 0.0125421 secs] [Times: user=0.16 sys=0.00, real=0.01 secs] 
2016-09-15T12:41:45.522-0400: 141.586: [Full GC (Ergonomics) [PSYoungGen: 146602K->0K(175104K)] [ParOldGen: 460472K->53367K(524288K)] 607074K->53367K(699392K), [Metaspace: 44470K->44470K(1087488K)], 0.0532098 secs] [Times: user=0.27 sys=0.01, real=0.05 secs] 
2016-09-15T12:41:45.710-0400: 141.774: [GC (Allocation Failure) [PSYoungGen: 88064K->61650K(175104K)] 153852K->127438K(699392K), 0.0102877 secs] [Times: user=0.13 sys=0.00, real=0.01 secs] 
2016-09-15T12:41:45.834-0400: 141.898: [GC (GCLocker Initiated GC) [PSYoungGen: 149714K->79683K(175104K)] 215502K->188732K(699392K), 0.0097845 secs] [Times: user=0.12 sys=0.00, real=0.01 secs] 
2016-09-15T12:41:45.958-0400: 142.022: [GC (Allocation Failure) [PSYoungGen: 167747K->85726K(175104K)] 276995K->219589K(699392K), 0.0101947 secs] [Times: user=0.12 sys=0.00, real=0.01 secs] 
2016-09-15T12:41:46.081-0400: 142.145: [GC (GCLocker Initiated GC) [PSYoungGen: 173790K->86018K(175104K)] 307653K->280947K(699392K), 0.0118050 secs] [Times: user=0.18 sys=0.01, real=0.01 secs] 
2016-09-15T12:41:46.233-0400: 142.297: [GC (GCLocker Initiated GC) [PSYoungGen: 174082K->85790K(175104K)] 369120K->317749K(699392K), 0.0121787 secs] [Times: user=0.15 sys=0.00, real=0.01 secs] 
2016-09-15T12:41:46.379-0400: 142.443: [GC (GCLocker Initiated GC) [PSYoungGen: 173854K->12993K(175104K)] 418095K->287689K(699392K), 0.0072568 secs] [Times: user=0.04 sys=0.00, real=0.00 secs] 
2016-09-15T12:41:46.503-0400: 142.567: [GC (GCLocker Initiated GC) [PSYoungGen: 101057K->67437K(175104K)] 376114K->342737K(699392K), 0.0198856 secs] [Times: user=0.24 sys=0.00, real=0.02 secs] 
2016-09-15T12:41:46.649-0400: 142.713: [GC (GCLocker Initiated GC) [PSYoungGen: 155501K->86150K(175104K)] 430848K->392008K(699392K), 0.0101392 secs] [Times: user=0.14 sys=0.00, real=0.01 secs] 
2016-09-15T12:41:46.764-0400: 142.828: [GC (Allocation Failure) [PSYoungGen: 174214K->61522K(175104K)] 486497K->453119K(699392K), 0.0108911 secs] [Times: user=0.15 sys=0.00, real=0.01 secs] 
2016-09-15T12:41:46.882-0400: 142.946: [GC (GCLocker Initiated GC) [PSYoungGen: 148402K->74132K(175104K)] 546075K->472112K(699392K), 0.0083384 secs] [Times: user=0.12 sys=0.00, real=0.01 secs] 
2016-09-15T12:41:47.019-0400: 143.083: [GC (GCLocker Initiated GC) [PSYoungGen: 162196K->73544K(175104K)] 560397K->490433K(699392K), 0.0167954 secs] [Times: user=0.20 sys=0.01, real=0.01 secs] 
2016-09-15T12:41:47.136-0400: 143.200: [GC (GCLocker Initiated GC) [PSYoungGen: 161608K->73804K(175104K)] 578830K->509527K(699392K), 0.0097732 secs] [Times: user=0.12 sys=0.00, real=0.00 secs] 
2016-09-15T12:41:47.260-0400: 143.324: [GC (GCLocker Initiated GC) [PSYoungGen: 161868K->49116K(175104K)] 603915K->521797K(699392K), 0.0119098 secs] [Times: user=0.10 sys=0.00, real=0.01 secs] 
2016-09-15T12:41:47.272-0400: 143.336: [Full GC (Ergonomics) [PSYoungGen: 49116K->0K(175104K)] [ParOldGen: 472681K->53374K(524288K)] 521797K->53374K(699392K), [Metaspace: 44473K->44473K(1087488K)], 0.0565013 secs] [Times: user=0.41 sys=0.00, real=0.06 secs] 
2016-09-15T12:41:47.457-0400: 143.521: [GC (Allocation Failure) [PSYoungGen: 88064K->86078K(175104K)] 141687K->145776K(699392K), 0.0080701 secs] [Times: user=0.11 sys=0.00, real=0.00 secs] 
2016-09-15T12:41:47.576-0400: 143.640: [GC (GCLocker Initiated GC) [PSYoungGen: 174142K->73672K(175104K)] 233846K->188630K(699392K), 0.0101421 secs] [Times: user=0.15 sys=0.00, real=0.00 secs] 
2016-09-15T12:41:47.679-0400: 143.743: [GC (GCLocker Initiated GC) [PSYoungGen: 161736K->73608K(175104K)] 283561K->195896K(699392K), 0.0078327 secs] [Times: user=0.10 sys=0.01, real=0.00 secs] 
2016-09-15T12:41:47.825-0400: 143.889: [GC (GCLocker Initiated GC) [PSYoungGen: 161672K->55219K(175104K)] 284058K->177920K(699392K), 0.0107483 secs] [Times: user=0.13 sys=0.00, real=0.01 secs] 
2016-09-15T12:41:47.991-0400: 144.055: [GC (Allocation Failure) [PSYoungGen: 143283K->48920K(175104K)] 265997K->171714K(699392K), 0.0142646 secs] [Times: user=0.13 sys=0.01, real=0.01 secs] 
2016-09-15T12:41:48.103-0400: 144.167: [GC (GCLocker Initiated GC) [PSYoungGen: 134703K->73444K(175104K)] 263572K->232839K(699392K), 0.0089127 secs] [Times: user=0.11 sys=0.00, real=0.01 secs] 
2016-09-15T12:41:48.250-0400: 144.314: [GC (GCLocker Initiated GC) [PSYoungGen: 161508K->55451K(175104K)] 327193K->221255K(699392K), 0.0176735 secs] [Times: user=0.24 sys=0.00, real=0.02 secs] 
2016-09-15T12:41:48.351-0400: 144.415: [GC (GCLocker Initiated GC) [PSYoungGen: 143515K->49180K(175104K)] 309507K->245823K(699392K), 0.0181937 secs] [Times: user=0.20 sys=0.00, real=0.02 secs] 
2016-09-15T12:41:48.473-0400: 144.537: [GC (GCLocker Initiated GC) [PSYoungGen: 137244K->80143K(175104K)] 340126K->301378K(699392K), 0.0146306 secs] [Times: user=0.16 sys=0.00, real=0.01 secs] 
2016-09-15T12:41:48.608-0400: 144.672: [GC (GCLocker Initiated GC) [PSYoungGen: 168207K->85626K(175104K)] 389591K->356270K(699392K), 0.0094979 secs] [Times: user=0.13 sys=0.00, real=0.01 secs] 
2016-09-15T12:41:48.768-0400: 144.833: [GC (Allocation Failure) [PSYoungGen: 173690K->73444K(175104K)] 444532K->411231K(699392K), 0.0100299 secs] [Times: user=0.12 sys=0.01, real=0.01 secs] 
2016-09-15T12:41:48.888-0400: 144.952: [GC (GCLocker Initiated GC) [PSYoungGen: 158585K->73476K(175104K)] 502448K->453940K(699392K), 0.0095543 secs] [Times: user=0.12 sys=0.00, real=0.01 secs] 
2016-09-15T12:41:49.022-0400: 145.086: [GC (Allocation Failure) [PSYoungGen: 161540K->61298K(175104K)] 542124K->460211K(699392K), 0.0125622 secs] [Times: user=0.12 sys=0.00, real=0.01 secs] 
2016-09-15T12:41:49.135-0400: 145.199: [GC (GCLocker Initiated GC) [PSYoungGen: 148588K->61654K(175104K)] 553576K->472984K(699392K), 0.0102387 secs] [Times: user=0.09 sys=0.00, real=0.01 secs] 
2016-09-15T12:41:49.284-0400: 145.349: [GC (GCLocker Initiated GC) [PSYoungGen: 149718K->30859K(175104K)] 579461K->497303K(699392K), 0.0183881 secs] [Times: user=0.16 sys=0.00, real=0.02 secs] 
2016-09-15T12:41:49.303-0400: 145.367: [Full GC (Ergonomics) [PSYoungGen: 30859K->0K(175104K)] [ParOldGen: 466444K->53472K(524288K)] 497303K->53472K(699392K), [Metaspace: 44488K->44488K(1087488K)], 0.0586625 secs] [Times: user=0.33 sys=0.00, real=0.06 secs] 
2016-09-15T12:41:49.485-0400: 145.549: [GC (Allocation Failure) [PSYoungGen: 88064K->79683K(175104K)] 141661K->133281K(699392K), 0.0163237 secs] [Times: user=0.18 sys=0.00, real=0.02 secs] 
2016-09-15T12:41:49.622-0400: 145.686: [GC (GCLocker Initiated GC) [PSYoungGen: 167747K->61458K(175104K)] 221350K->157862K(699392K), 0.0143756 secs] [Times: user=0.14 sys=0.00, real=0.02 secs] 
2016-09-15T12:41:49.749-0400: 145.813: [GC (Allocation Failure) [PSYoungGen: 149522K->73772K(175104K)] 252295K->176844K(699392K), 0.0109793 secs] [Times: user=0.12 sys=0.00, real=0.01 secs] 
2016-09-15T12:41:49.889-0400: 145.953: [GC (GCLocker Initiated GC) [PSYoungGen: 158543K->55091K(175104K)] 267691K->200980K(699392K), 0.0519542 secs] [Times: user=0.51 sys=0.01, real=0.05 secs] 
2016-09-15T12:41:50.073-0400: 146.137: [GC (GCLocker Initiated GC) [PSYoungGen: 143155K->55451K(175104K)] 295311K->225960K(699392K), 0.0104016 secs] [Times: user=0.10 sys=0.00, real=0.01 secs] 
2016-09-15T12:41:50.212-0400: 146.276: [GC (GCLocker Initiated GC) [PSYoungGen: 143515K->61266K(175104K)] 314278K->232289K(699392K), 0.0186196 secs] [Times: user=0.20 sys=0.00, real=0.02 secs] 
2016-09-15T12:41:50.359-0400: 146.423: [GC (GCLocker Initiated GC) [PSYoungGen: 149330K->55383K(175104K)] 326582K->250971K(699392K), 0.0082241 secs] [Times: user=0.07 sys=0.00, real=0.00 secs] 
2016-09-15T12:41:50.484-0400: 146.548: [GC (GCLocker Initiated GC) [PSYoungGen: 143447K->85726K(175104K)] 339402K->288064K(699392K), 0.0087516 secs] [Times: user=0.10 sys=0.00, real=0.01 secs] 
2016-09-15T12:41:50.628-0400: 146.692: [GC (GCLocker Initiated GC) [PSYoungGen: 173790K->85658K(175104K)] 376264K->318759K(699392K), 0.0181922 secs] [Times: user=0.22 sys=0.00, real=0.01 secs] 
2016-09-15T12:41:50.766-0400: 146.830: [GC (GCLocker Initiated GC) [PSYoungGen: 173722K->55415K(175104K)] 412905K->319049K(699392K), 0.0116491 secs] [Times: user=0.15 sys=0.00, real=0.02 secs] 
2016-09-15T12:41:50.917-0400: 146.981: [GC (GCLocker Initiated GC) [PSYoungGen: 143479K->73576K(175104K)] 413392K->362030K(699392K), 0.0081239 secs] [Times: user=0.09 sys=0.01, real=0.00 secs] 
2016-09-15T12:41:51.063-0400: 147.127: [GC (GCLocker Initiated GC) [PSYoungGen: 161640K->85954K(175104K)] 450191K->405204K(699392K), 0.0135870 secs] [Times: user=0.19 sys=0.00, real=0.02 secs] 
2016-09-15T12:41:51.223-0400: 147.287: [GC (GCLocker Initiated GC) [PSYoungGen: 174018K->73672K(175104K)] 493483K->429855K(699392K), 0.0105184 secs] [Times: user=0.14 sys=0.00, real=0.01 secs] 
2016-09-15T12:41:51.340-0400: 147.404: [GC (GCLocker Initiated GC) [PSYoungGen: 161736K->85854K(175104K)] 518055K->472692K(699392K), 0.0097078 secs] [Times: user=0.13 sys=0.00, real=0.01 secs] 
2016-09-15T12:41:51.466-0400: 147.530: [GC (GCLocker Initiated GC) [PSYoungGen: 173918K->49312K(175104K)] 560798K->497045K(699392K), 0.0138475 secs] [Times: user=0.15 sys=0.02, real=0.02 secs] 
2016-09-15T12:41:51.588-0400: 147.653: [GC (GCLocker Initiated GC) [PSYoungGen: 137376K->67761K(175104K)] 585208K->564492K(699392K), 0.0098245 secs] [Times: user=0.11 sys=0.00, real=0.01 secs] 
2016-09-15T12:41:51.598-0400: 147.662: [Full GC (Ergonomics) [PSYoungGen: 67761K->0K(175104K)] [ParOldGen: 496731K->47951K(524288K)] 564492K->47951K(699392K), [Metaspace: 44488K->44488K(1087488K)], 0.0565099 secs] [Times: user=0.35 sys=0.01, real=0.05 secs] 
2016-09-15T12:41:51.756-0400: 147.820: [GC (GCLocker Initiated GC) [PSYoungGen: 88064K->86110K(175104K)] 136208K->152479K(699392K), 0.0093639 secs] [Times: user=0.12 sys=0.00, real=0.01 secs] 
2016-09-15T12:41:51.898-0400: 147.962: [GC (Allocation Failure) [PSYoungGen: 174174K->61522K(175104K)] 246918K->189676K(699392K), 0.0114108 secs] [Times: user=0.14 sys=0.00, real=0.01 secs] 
2016-09-15T12:41:52.033-0400: 148.097: [GC (GCLocker Initiated GC) [PSYoungGen: 149586K->73676K(175104K)] 277746K->226420K(699392K), 0.0131768 secs] [Times: user=0.11 sys=0.00, real=0.01 secs] 
2016-09-15T12:41:52.181-0400: 148.245: [GC (Allocation Failure) [PSYoungGen: 161740K->55159K(175104K)] 314649K->226552K(699392K), 0.0167769 secs] [Times: user=0.16 sys=0.01, real=0.02 secs] 
2016-09-15T12:41:52.302-0400: 148.366: [GC (GCLocker Initiated GC) [PSYoungGen: 137639K->54995K(175104K)] 315107K->269173K(699392K), 0.0127297 secs] [Times: user=0.10 sys=0.00, real=0.01 secs] 
2016-09-15T12:41:52.457-0400: 148.521: [GC (GCLocker Initiated GC) [PSYoungGen: 143059K->55615K(175104K)] 369737K->282412K(699392K), 0.0148239 secs] [Times: user=0.15 sys=0.00, real=0.01 secs] 
2016-09-15T12:41:52.584-0400: 148.648: [GC (GCLocker Initiated GC) [PSYoungGen: 143679K->73512K(175104K)] 370658K->301102K(699392K), 0.0097530 secs] [Times: user=0.10 sys=0.00, real=0.01 secs] 
2016-09-15T12:41:52.710-0400: 148.774: [GC (GCLocker Initiated GC) [PSYoungGen: 161576K->55191K(175104K)] 389381K->319706K(699392K), 0.0286754 secs] [Times: user=0.33 sys=0.00, real=0.03 secs] 
2016-09-15T12:41:52.869-0400: 148.933: [GC (GCLocker Initiated GC) [PSYoungGen: 143255K->79683K(175104K)] 407851K->362787K(699392K), 0.0111269 secs] [Times: user=0.10 sys=0.00, real=0.01 secs] 
2016-09-15T12:41:53.005-0400: 149.069: [GC (Allocation Failure) [PSYoungGen: 167747K->73804K(175104K)] 456945K->411910K(699392K), 0.0122948 secs] [Times: user=0.14 sys=0.00, real=0.02 secs] 
2016-09-15T12:41:53.146-0400: 149.210: [GC (GCLocker Initiated GC) [PSYoungGen: 160838K->43169K(175104K)] 505019K->436397K(699392K), 0.0101326 secs] [Times: user=0.10 sys=0.00, real=0.02 secs] 
2016-09-15T12:41:53.279-0400: 149.343: [GC (GCLocker Initiated GC) [PSYoungGen: 131233K->55383K(175104K)] 524654K->461206K(699392K), 0.0141293 secs] [Times: user=0.15 sys=0.00, real=0.01 secs] 
2016-09-15T12:41:53.418-0400: 149.483: [GC (Allocation Failure) [PSYoungGen: 143447K->61362K(175104K)] 549644K->510196K(699392K), 0.0098518 secs] [Times: user=0.10 sys=0.00, real=0.01 secs] 
2016-09-15T12:41:53.543-0400: 149.607: [GC (GCLocker Initiated GC) [PSYoungGen: 149426K->85890K(175104K)] 598265K->541088K(699392K), 0.0189479 secs] [Times: user=0.17 sys=0.01, real=0.02 secs] 
2016-09-15T12:41:53.562-0400: 149.626: [Full GC (Ergonomics) [PSYoungGen: 85890K->0K(175104K)] [ParOldGen: 455198K->53922K(524288K)] 541088K->53922K(699392K), [Metaspace: 44488K->44488K(1087488K)], 0.0535122 secs] [Times: user=0.23 sys=0.01, real=0.05 secs] 
2016-09-15T12:41:53.730-0400: 149.794: [GC (GCLocker Initiated GC) [PSYoungGen: 88064K->85790K(175104K)] 142219K->152095K(699392K), 0.0093379 secs] [Times: user=0.10 sys=0.01, real=0.01 secs] 
2016-09-15T12:41:53.859-0400: 149.923: [GC (Allocation Failure) [PSYoungGen: 173854K->55579K(175104K)] 252547K->177260K(699392K), 0.0163258 secs] [Times: user=0.19 sys=0.00, real=0.01 secs] 
2016-09-15T12:41:54.015-0400: 150.079: [GC (GCLocker Initiated GC) [PSYoungGen: 143643K->73672K(175104K)] 265330K->213891K(699392K), 0.0219177 secs] [Times: user=0.28 sys=0.00, real=0.03 secs] 
2016-09-15T12:41:54.147-0400: 150.212: [GC (GCLocker Initiated GC) [PSYoungGen: 161736K->55515K(175104K)] 302176K->214292K(699392K), 0.0067996 secs] [Times: user=0.06 sys=0.00, real=0.01 secs] 
2016-09-15T12:41:54.273-0400: 150.337: [GC (GCLocker Initiated GC) [PSYoungGen: 143579K->67829K(175104K)] 314749K->275724K(699392K), 0.0105201 secs] [Times: user=0.11 sys=0.00, real=0.01 secs] 
2016-09-15T12:41:54.412-0400: 150.476: [GC (GCLocker Initiated GC) [PSYoungGen: 155893K->67633K(175104K)] 370224K->312467K(699392K), 0.0117326 secs] [Times: user=0.12 sys=0.00, real=0.01 secs] 
2016-09-15T12:41:54.538-0400: 150.602: [GC (GCLocker Initiated GC) [PSYoungGen: 155697K->55287K(175104K)] 400640K->337120K(699392K), 0.0178281 secs] [Times: user=0.17 sys=0.00, real=0.02 secs] 
2016-09-15T12:41:54.690-0400: 150.754: [GC (GCLocker Initiated GC) [PSYoungGen: 143351K->31019K(175104K)] 431445K->386042K(699392K), 0.0151086 secs] [Times: user=0.14 sys=0.00, real=0.01 secs] 
2016-09-15T12:41:54.837-0400: 150.901: [GC (GCLocker Initiated GC) [PSYoungGen: 119083K->55323K(175104K)] 474406K->429138K(699392K), 0.0296824 secs] [Times: user=0.32 sys=0.00, real=0.02 secs] 
2016-09-15T12:41:55.007-0400: 151.071: [GC (Allocation Failure) [PSYoungGen: 143387K->43528K(175104K)] 535574K->436336K(699392K), 0.0119396 secs] [Times: user=0.15 sys=0.00, real=0.02 secs] 
2016-09-15T12:41:55.139-0400: 151.203: [GC (Allocation Failure) [PSYoungGen: 130091K->55191K(175104K)] 522898K->448101K(699392K), 0.0157369 secs] [Times: user=0.16 sys=0.00, real=0.01 secs] 
2016-09-15T12:41:55.263-0400: 151.327: [GC (GCLocker Initiated GC) [PSYoungGen: 143255K->85758K(175104K)] 536171K->503282K(699392K), 0.0106983 secs] [Times: user=0.11 sys=0.01, real=0.01 secs] 
2016-09-15T12:41:55.414-0400: 151.478: [GC (Allocation Failure) [PSYoungGen: 173822K->49408K(175104K)] 597496K->503756K(699392K), 0.0081294 secs] [Times: user=0.09 sys=0.00, real=0.01 secs] 
2016-09-15T12:41:55.527-0400: 151.591: [Full GC (Ergonomics) [PSYoungGen: 131794K->0K(175104K)] [ParOldGen: 460423K->53771K(524288K)] 592217K->53771K(699392K), [Metaspace: 44488K->44488K(1087488K)], 0.0590692 secs] [Times: user=0.36 sys=0.02, real=0.06 secs] 
2016-09-15T12:41:55.689-0400: 151.753: [GC (GCLocker Initiated GC) [PSYoungGen: 88064K->86374K(175104K)] 147991K->158451K(699392K), 0.0151230 secs] [Times: user=0.19 sys=0.00, real=0.01 secs] 
2016-09-15T12:41:55.847-0400: 151.912: [GC (GCLocker Initiated GC) [PSYoungGen: 174438K->61358K(175104K)] 246854K->183273K(699392K), 0.0105329 secs] [Times: user=0.13 sys=0.01, real=0.02 secs] 
2016-09-15T12:41:55.972-0400: 152.036: [GC (GCLocker Initiated GC) [PSYoungGen: 149422K->85790K(175104K)] 271362K->207858K(699392K), 0.0119927 secs] [Times: user=0.14 sys=0.00, real=0.01 secs] 
2016-09-15T12:41:56.098-0400: 152.163: [GC (GCLocker Initiated GC) [PSYoungGen: 173854K->85854K(175104K)] 296020K->287326K(699392K), 0.0114453 secs] [Times: user=0.18 sys=0.00, real=0.01 secs] 
2016-09-15T12:41:56.255-0400: 152.319: [GC (GCLocker Initiated GC) [PSYoungGen: 173918K->49276K(175104K)] 381764K->299775K(699392K), 0.0114258 secs] [Times: user=0.12 sys=0.00, real=0.01 secs] 
2016-09-15T12:41:56.396-0400: 152.460: [GC (GCLocker Initiated GC) [PSYoungGen: 137340K->55191K(175104K)] 388078K->318354K(699392K), 0.0124228 secs] [Times: user=0.14 sys=0.00, real=0.01 secs] 
2016-09-15T12:41:56.519-0400: 152.583: [GC (Allocation Failure) [PSYoungGen: 143255K->30791K(175104K)] 412535K->348930K(699392K), 0.0281002 secs] [Times: user=0.29 sys=0.00, real=0.02 secs] 
2016-09-15T12:41:56.658-0400: 152.723: [GC (GCLocker Initiated GC) [PSYoungGen: 118855K->67797K(175104K)] 437000K->404302K(699392K), 0.0100133 secs] [Times: user=0.12 sys=0.00, real=0.01 secs] 
2016-09-15T12:41:56.806-0400: 152.870: [GC (GCLocker Initiated GC) [PSYoungGen: 155861K->67469K(175104K)] 498478K->410533K(699392K), 0.0076973 secs] [Times: user=0.06 sys=0.00, real=0.01 secs] 
2016-09-15T12:41:56.921-0400: 152.985: [GC (Allocation Failure) [PSYoungGen: 155533K->73640K(175104K)] 498896K->490203K(699392K), 0.0115211 secs] [Times: user=0.17 sys=0.02, real=0.01 secs] 
2016-09-15T12:41:57.082-0400: 153.146: [GC (GCLocker Initiated GC) [PSYoungGen: 161704K->73316K(175104K)] 578273K->508393K(699392K), 0.0277474 secs] [Times: user=0.29 sys=0.00, real=0.03 secs] 
2016-09-15T12:41:57.110-0400: 153.174: [Full GC (Ergonomics) [PSYoungGen: 73316K->0K(175104K)] [ParOldGen: 435077K->48146K(524288K)] 508393K->48146K(699392K), [Metaspace: 44488K->44488K(1087488K)], 0.0561448 secs] [Times: user=0.35 sys=0.00, real=0.05 secs] 
2016-09-15T12:41:57.268-0400: 153.333: [GC (GCLocker Initiated GC) [PSYoungGen: 88064K->86274K(175104K)] 142350K->170936K(699392K), 0.0099722 secs] [Times: user=0.14 sys=0.01, real=0.01 secs] 
2016-09-15T12:41:57.400-0400: 153.464: [GC (GCLocker Initiated GC) [PSYoungGen: 174338K->49472K(175104K)] 259226K->207980K(699392K), 0.0123485 secs] [Times: user=0.13 sys=0.00, real=0.01 secs] 
2016-09-15T12:41:57.504-0400: 153.569: [GC (Allocation Failure) [PSYoungGen: 137536K->67601K(175104K)] 302373K->232698K(699392K), 0.0123393 secs] [Times: user=0.10 sys=0.00, real=0.02 secs] 
2016-09-15T12:41:57.653-0400: 153.718: [GC (GCLocker Initiated GC) [PSYoungGen: 155665K->73608K(175104K)] 320769K->281537K(699392K), 0.0179670 secs] [Times: user=0.22 sys=0.00, real=0.02 secs] 
2016-09-15T12:41:57.805-0400: 153.869: [GC (GCLocker Initiated GC) [PSYoungGen: 161672K->85790K(175104K)] 381793K->312293K(699392K), 0.0157173 secs] [Times: user=0.22 sys=0.00, real=0.02 secs] 
2016-09-15T12:41:57.936-0400: 154.000: [GC (Allocation Failure) [PSYoungGen: 173854K->55415K(175104K)] 400500K->355292K(699392K), 0.0221817 secs] [Times: user=0.28 sys=0.00, real=0.02 secs] 
2016-09-15T12:41:58.077-0400: 154.141: [GC (GCLocker Initiated GC) [PSYoungGen: 143479K->55091K(175104K)] 443357K->409911K(699392K), 0.0157637 secs] [Times: user=0.11 sys=0.01, real=0.01 secs] 
2016-09-15T12:41:58.222-0400: 154.286: [GC (Allocation Failure) [PSYoungGen: 143155K->79943K(175104K)] 504350K->459498K(699392K), 0.0100220 secs] [Times: user=0.14 sys=0.00, real=0.01 secs] 
2016-09-15T12:41:58.337-0400: 154.401: [GC (GCLocker Initiated GC) [PSYoungGen: 168007K->85758K(175104K)] 547569K->496158K(699392K), 0.0105408 secs] [Times: user=0.11 sys=0.00, real=0.01 secs] 
2016-09-15T12:41:58.485-0400: 154.549: [GC (GCLocker Initiated GC) [PSYoungGen: 173822K->55383K(175104K)] 590417K->526789K(699392K), 0.0100703 secs] [Times: user=0.16 sys=0.00, real=0.01 secs] 
2016-09-15T12:41:58.495-0400: 154.559: [Full GC (Ergonomics) [PSYoungGen: 55383K->0K(175104K)] [ParOldGen: 471406K->53615K(524288K)] 526789K->53615K(699392K), [Metaspace: 44488K->44488K(1087488K)], 0.0558861 secs] [Times: user=0.39 sys=0.02, real=0.06 secs] 
2016-09-15T12:41:58.667-0400: 154.731: [GC (GCLocker Initiated GC) [PSYoungGen: 88064K->86406K(175104K)] 154039K->158456K(699392K), 0.0084093 secs] [Times: user=0.12 sys=0.00, real=0.01 secs] 
2016-09-15T12:41:58.813-0400: 154.877: [GC (GCLocker Initiated GC) [PSYoungGen: 174470K->55415K(175104K)] 252950K->171244K(699392K), 0.0083724 secs] [Times: user=0.12 sys=0.00, real=0.01 secs] 
2016-09-15T12:41:58.922-0400: 154.986: [GC (GCLocker Initiated GC) [PSYoungGen: 143479K->73772K(175104K)] 259446K->189883K(699392K), 0.0084902 secs] [Times: user=0.12 sys=0.00, real=0.01 secs] 
2016-09-15T12:41:59.055-0400: 155.119: [GC (GCLocker Initiated GC) [PSYoungGen: 161836K->79587K(175104K)] 277989K->220503K(699392K), 0.0101121 secs] [Times: user=0.12 sys=0.00, real=0.01 secs] 
2016-09-15T12:41:59.204-0400: 155.269: [GC (GCLocker Initiated GC) [PSYoungGen: 167651K->79587K(175104K)] 314735K->233014K(699392K), 0.0176046 secs] [Times: user=0.18 sys=0.00, real=0.02 secs] 
2016-09-15T12:41:59.329-0400: 155.393: [GC (Allocation Failure) [PSYoungGen: 167651K->49148K(175104K)] 327351K->251648K(699392K), 0.0112273 secs] [Times: user=0.08 sys=0.00, real=0.01 secs] 
2016-09-15T12:41:59.465-0400: 155.529: [GC (GCLocker Initiated GC) [PSYoungGen: 137212K->73412K(175104K)] 339714K->294439K(699392K), 0.0156625 secs] [Times: user=0.21 sys=0.00, real=0.02 secs] 
2016-09-15T12:41:59.607-0400: 155.671: [GC (GCLocker Initiated GC) [PSYoungGen: 161476K->49312K(175104K)] 388670K->282676K(699392K), 0.0102913 secs] [Times: user=0.10 sys=0.00, real=0.02 secs] 
2016-09-15T12:41:59.719-0400: 155.783: [GC (GCLocker Initiated GC) [PSYoungGen: 137376K->79879K(175104K)] 370962K->356453K(699392K), 0.0102726 secs] [Times: user=0.13 sys=0.00, real=0.01 secs] 
2016-09-15T12:41:59.844-0400: 155.908: [GC (GCLocker Initiated GC) [PSYoungGen: 167943K->67405K(175104K)] 444621K->411044K(699392K), 0.0121990 secs] [Times: user=0.13 sys=0.01, real=0.02 secs] 
2016-09-15T12:41:59.974-0400: 156.038: [GC (Allocation Failure) [PSYoungGen: 155469K->55451K(175104K)] 505443K->405700K(699392K), 0.0100889 secs] [Times: user=0.12 sys=0.00, real=0.01 secs] 
2016-09-15T12:42:00.095-0400: 156.159: [GC (GCLocker Initiated GC) [PSYoungGen: 143515K->67697K(175104K)] 493771K->436493K(699392K), 0.0140219 secs] [Times: user=0.17 sys=0.00, real=0.02 secs] 
2016-09-15T12:42:00.241-0400: 156.305: [GC (Allocation Failure) [PSYoungGen: 155758K->86050K(175104K)] 524864K->479576K(699392K), 0.0097994 secs] [Times: user=0.14 sys=0.01, real=0.01 secs] 
2016-09-15T12:42:00.382-0400: 156.446: [GC (GCLocker Initiated GC) [PSYoungGen: 174114K->55483K(175104K)] 567646K->467507K(699392K), 0.0088757 secs] [Times: user=0.10 sys=0.00, real=0.01 secs] 
2016-09-15T12:42:00.490-0400: 156.554: [GC (GCLocker Initiated GC) [PSYoungGen: 143547K->73672K(175104K)] 555905K->504375K(699392K), 0.0089086 secs] [Times: user=0.12 sys=0.01, real=0.01 secs] 
2016-09-15T12:42:00.637-0400: 156.702: [GC (GCLocker Initiated GC) [PSYoungGen: 161736K->73640K(175104K)] 598729K->529017K(699392K), 0.0077717 secs] [Times: user=0.12 sys=0.00, real=0.00 secs] 
2016-09-15T12:42:00.759-0400: 156.823: [GC (Allocation Failure) [PSYoungGen: 161704K->55810K(175104K)] 617330K->529781K(699392K), 0.0083969 secs] [Times: user=0.12 sys=0.00, real=0.00 secs] 
2016-09-15T12:42:00.768-0400: 156.832: [Full GC (Ergonomics) [PSYoungGen: 55810K->0K(175104K)] [ParOldGen: 473970K->47969K(524288K)] 529781K->47969K(699392K), [Metaspace: 44491K->44491K(1087488K)], 0.0547945 secs] [Times: user=0.41 sys=0.01, real=0.06 secs] 
2016-09-15T12:42:00.924-0400: 156.988: [GC (GCLocker Initiated GC) [PSYoungGen: 87819K->73508K(175104K)] 136044K->121733K(699392K), 0.0084504 secs] [Times: user=0.10 sys=0.00, real=0.01 secs] 
2016-09-15T12:42:01.059-0400: 157.123: [GC (GCLocker Initiated GC) [PSYoungGen: 161572K->80043K(175104K)] 216077K->152916K(699392K), 0.0083224 secs] [Times: user=0.10 sys=0.01, real=0.00 secs] 
2016-09-15T12:42:01.187-0400: 157.251: [GC (GCLocker Initiated GC) [PSYoungGen: 168107K->86054K(175104K)] 241173K->202281K(699392K), 0.0090010 secs] [Times: user=0.13 sys=0.00, real=0.02 secs] 
2016-09-15T12:42:01.316-0400: 157.380: [GC (GCLocker Initiated GC) [PSYoungGen: 174118K->61362K(175104K)] 290387K->226546K(699392K), 0.0100946 secs] [Times: user=0.13 sys=0.00, real=0.00 secs] 
2016-09-15T12:42:01.477-0400: 157.542: [GC (GCLocker Initiated GC) [PSYoungGen: 149426K->61102K(175104K)] 320710K->281238K(699392K), 0.0196851 secs] [Times: user=0.19 sys=0.01, real=0.02 secs] 
2016-09-15T12:42:01.612-0400: 157.676: [GC (GCLocker Initiated GC) [PSYoungGen: 149166K->79847K(175104K)] 369445K->312387K(699392K), 0.0116021 secs] [Times: user=0.10 sys=0.01, real=0.01 secs] 
2016-09-15T12:42:01.699-0400: 157.764: [GC (GCLocker Initiated GC) [PSYoungGen: 167911K->85822K(175104K)] 400638K->379639K(699392K), 0.0129979 secs] [Times: user=0.17 sys=0.01, real=0.01 secs] 
2016-09-15T12:42:01.825-0400: 157.889: [GC (Allocation Failure) [PSYoungGen: 173886K->61522K(175104K)] 467761K->440607K(699392K), 0.0105546 secs] [Times: user=0.15 sys=0.00, real=0.01 secs] 
2016-09-15T12:42:01.930-0400: 157.994: [GC (GCLocker Initiated GC) [PSYoungGen: 149586K->73672K(175104K)] 528676K->519903K(699392K), 0.0120590 secs] [Times: user=0.16 sys=0.02, real=0.01 secs] 
2016-09-15T12:42:01.942-0400: 158.006: [Full GC (Ergonomics) [PSYoungGen: 73672K->0K(175104K)] [ParOldGen: 446231K->58574K(524288K)] 519903K->58574K(699392K), [Metaspace: 44500K->44500K(1087488K)], 0.0966193 secs] [Times: user=1.14 sys=0.01, real=0.10 secs] 
2016-09-15T12:42:02.142-0400: 158.206: [GC (Allocation Failure) [PSYoungGen: 88064K->86406K(175104K)] 146797K->151214K(699392K), 0.0080604 secs] [Times: user=0.11 sys=0.01, real=0.01 secs] 
2016-09-15T12:42:02.278-0400: 158.342: [GC (GCLocker Initiated GC) [PSYoungGen: 174470K->73836K(175104K)] 239284K->175819K(699392K), 0.0099395 secs] [Times: user=0.15 sys=0.01, real=0.01 secs] 
2016-09-15T12:42:02.409-0400: 158.473: [GC (GCLocker Initiated GC) [PSYoungGen: 161900K->61294K(175104K)] 263924K->181631K(699392K), 0.0091854 secs] [Times: user=0.07 sys=0.00, real=0.01 secs] 
2016-09-15T12:42:02.526-0400: 158.590: [GC (GCLocker Initiated GC) [PSYoungGen: 149358K->73936K(175104K)] 276126K->206890K(699392K), 0.0092124 secs] [Times: user=0.10 sys=0.01, real=0.01 secs] 
2016-09-15T12:42:02.663-0400: 158.727: [GC (GCLocker Initiated GC) [PSYoungGen: 162000K->67177K(175104K)] 295231K->218893K(699392K), 0.0124761 secs] [Times: user=0.08 sys=0.00, real=0.02 secs] 
2016-09-15T12:42:02.787-0400: 158.851: [GC (GCLocker Initiated GC) [PSYoungGen: 155241K->73936K(175104K)] 307291K->244354K(699392K), 0.0097625 secs] [Times: user=0.10 sys=0.00, real=0.02 secs] 
2016-09-15T12:42:02.908-0400: 158.973: [GC (GCLocker Initiated GC) [PSYoungGen: 162000K->55842K(175104K)] 344828K->239299K(699392K), 0.0096266 secs] [Times: user=0.11 sys=0.00, real=0.01 secs] 
2016-09-15T12:42:03.063-0400: 159.127: [GC (GCLocker Initiated GC) [PSYoungGen: 143906K->67373K(175104K)] 327382K->263289K(699392K), 0.0088375 secs] [Times: user=0.09 sys=0.01, real=0.01 secs] 
2016-09-15T12:42:03.200-0400: 159.264: [GC (GCLocker Initiated GC) [PSYoungGen: 155437K->49440K(175104K)] 357431K->282061K(699392K), 0.0095575 secs] [Times: user=0.09 sys=0.00, real=0.01 secs] 
2016-09-15T12:42:03.325-0400: 159.389: [GC (GCLocker Initiated GC) [PSYoungGen: 137504K->73608K(175104K)] 376549K->331170K(699392K), 0.0149909 secs] [Times: user=0.22 sys=0.00, real=0.02 secs] 
2016-09-15T12:42:03.458-0400: 159.522: [GC (GCLocker Initiated GC) [PSYoungGen: 161670K->79815K(175104K)] 419593K->356222K(699392K), 0.0124949 secs] [Times: user=0.10 sys=0.00, real=0.01 secs] 
2016-09-15T12:42:03.610-0400: 159.674: [GC (Allocation Failure) [PSYoungGen: 167879K->61426K(175104K)] 444642K->369027K(699392K), 0.0091894 secs] [Times: user=0.11 sys=0.00, real=0.01 secs] 
2016-09-15T12:42:03.713-0400: 159.777: [GC (GCLocker Initiated GC) [PSYoungGen: 149490K->67665K(175104K)] 457097K->393617K(699392K), 0.0166324 secs] [Times: user=0.14 sys=0.00, real=0.02 secs] 
2016-09-15T12:42:03.857-0400: 159.921: [GC (GCLocker Initiated GC) [PSYoungGen: 155729K->49116K(175104K)] 481722K->405735K(699392K), 0.0126492 secs] [Times: user=0.10 sys=0.00, real=0.01 secs] 
2016-09-15T12:42:04.010-0400: 160.075: [GC (Allocation Failure) [PSYoungGen: 137180K->55415K(175104K)] 506282K->443010K(699392K), 0.0130441 secs] [Times: user=0.18 sys=0.01, real=0.01 secs] 
2016-09-15T12:42:04.024-0400: 160.088: [GC (GCLocker Initiated GC) [PSYoungGen: 55869K->192K(175104K)] 443465K->443201K(699392K), 0.0060303 secs] [Times: user=0.07 sys=0.00, real=0.01 secs] 
2016-09-15T12:42:04.132-0400: 160.196: [GC (GCLocker Initiated GC) [PSYoungGen: 88256K->86734K(175104K)] 531271K->554065K(699392K), 0.0099070 secs] [Times: user=0.16 sys=0.00, real=0.01 secs] 
2016-09-15T12:42:04.142-0400: 160.206: [Full GC (Ergonomics) [PSYoungGen: 86734K->0K(175104K)] [ParOldGen: 467331K->59127K(524288K)] 554065K->59127K(699392K), [Metaspace: 44503K->44503K(1087488K)], 0.0553571 secs] [Times: user=0.42 sys=0.00, real=0.06 secs] 
2016-09-15T12:42:04.288-0400: 160.352: [GC (GCLocker Initiated GC) [PSYoungGen: 88064K->86274K(175104K)] 147256K->157616K(699392K), 0.0097798 secs] [Times: user=0.14 sys=0.01, real=0.02 secs] 
2016-09-15T12:42:04.406-0400: 160.470: [GC (GCLocker Initiated GC) [PSYoungGen: 174338K->79847K(175104K)] 245850K->194612K(699392K), 0.0134901 secs] [Times: user=0.17 sys=0.00, real=0.02 secs] 
2016-09-15T12:42:04.563-0400: 160.627: [GC (GCLocker Initiated GC) [PSYoungGen: 167911K->67401K(175104K)] 282773K->201092K(699392K), 0.0064471 secs] [Times: user=0.06 sys=0.02, real=0.01 secs] 
2016-09-15T12:42:04.708-0400: 160.772: [GC (GCLocker Initiated GC) [PSYoungGen: 155465K->55187K(175104K)] 295446K->225647K(699392K), 0.0312739 secs] [Times: user=0.31 sys=0.00, real=0.03 secs] 
2016-09-15T12:42:04.833-0400: 160.897: [GC (GCLocker Initiated GC) [PSYoungGen: 143251K->67369K(175104K)] 313786K->274474K(699392K), 0.0229650 secs] [Times: user=0.24 sys=0.00, real=0.03 secs] 
2016-09-15T12:42:04.958-0400: 161.022: [GC (Allocation Failure) [PSYoungGen: 155433K->86282K(175104K)] 362630K->317946K(699392K), 0.0101391 secs] [Times: user=0.12 sys=0.00, real=0.01 secs] 
2016-09-15T12:42:05.066-0400: 161.130: [GC (Allocation Failure) [PSYoungGen: 170470K->37030K(175104K)] 402134K->323801K(699392K), 0.0099206 secs] [Times: user=0.09 sys=0.00, real=0.02 secs] 
2016-09-15T12:42:05.202-0400: 161.267: [GC (GCLocker Initiated GC) [PSYoungGen: 121684K->73416K(175104K)] 414530K->366365K(699392K), 0.0268114 secs] [Times: user=0.27 sys=0.00, real=0.03 secs] 
2016-09-15T12:42:05.341-0400: 161.405: [GC (GCLocker Initiated GC) [PSYoungGen: 161480K->67697K(175104K)] 460708K->403675K(699392K), 0.0163980 secs] [Times: user=0.20 sys=0.00, real=0.02 secs] 
2016-09-15T12:42:05.470-0400: 161.534: [GC (GCLocker Initiated GC) [PSYoungGen: 155761K->73736K(175104K)] 491836K->446905K(699392K), 0.0091635 secs] [Times: user=0.14 sys=0.00, real=0.01 secs] 
2016-09-15T12:42:05.617-0400: 161.681: [GC (GCLocker Initiated GC) [PSYoungGen: 161800K->55615K(175104K)] 547323K->459498K(699392K), 0.0094874 secs] [Times: user=0.14 sys=0.00, real=0.00 secs] 
2016-09-15T12:42:05.735-0400: 161.799: [GC (Allocation Failure) [PSYoungGen: 143679K->73576K(175104K)] 553824K->514560K(699392K), 0.0117201 secs] [Times: user=0.11 sys=0.00, real=0.01 secs] 
2016-09-15T12:42:05.747-0400: 161.811: [GC (GCLocker Initiated GC) [PSYoungGen: 73585K->32K(175104K)] 514570K->514286K(699392K), 0.0098126 secs] [Times: user=0.08 sys=0.00, real=0.02 secs] 
2016-09-15T12:42:05.757-0400: 161.821: [Full GC (Ergonomics) [PSYoungGen: 32K->0K(175104K)] [ParOldGen: 514254K->52906K(524288K)] 514286K->52906K(699392K), [Metaspace: 44509K->44509K(1087488K)], 0.0538514 secs] [Times: user=0.32 sys=0.01, real=0.05 secs] 
2016-09-15T12:42:05.937-0400: 162.001: [GC (GCLocker Initiated GC) [PSYoungGen: 88064K->73640K(175104K)] 140971K->126547K(699392K), 0.0092661 secs] [Times: user=0.13 sys=0.00, real=0.00 secs] 
2016-09-15T12:42:06.076-0400: 162.140: [GC (GCLocker Initiated GC) [PSYoungGen: 161704K->73640K(175104K)] 214775K->145228K(699392K), 0.0113816 secs] [Times: user=0.14 sys=0.00, real=0.01 secs] 
2016-09-15T12:42:06.214-0400: 162.278: [GC (GCLocker Initiated GC) [PSYoungGen: 161704K->55415K(175104K)] 245747K->139710K(699392K), 0.0072316 secs] [Times: user=0.07 sys=0.01, real=0.01 secs] 
2016-09-15T12:42:06.342-0400: 162.406: [GC (GCLocker Initiated GC) [PSYoungGen: 143479K->37649K(175104K)] 234042K->146745K(699392K), 0.0092673 secs] [Times: user=0.13 sys=0.00, real=0.01 secs] 
2016-09-15T12:42:06.482-0400: 162.546: [GC (GCLocker Initiated GC) [PSYoungGen: 125713K->73740K(175104K)] 235065K->183210K(699392K), 0.0146884 secs] [Times: user=0.20 sys=0.00, real=0.02 secs] 
2016-09-15T12:42:06.617-0400: 162.681: [GC (GCLocker Initiated GC) [PSYoungGen: 161804K->85790K(175104K)] 271502K->213989K(699392K), 0.0140335 secs] [Times: user=0.16 sys=0.00, real=0.01 secs] 
2016-09-15T12:42:06.757-0400: 162.821: [GC (GCLocker Initiated GC) [PSYoungGen: 173854K->55547K(175104K)] 314244K->244657K(699392K), 0.0096329 secs] [Times: user=0.10 sys=0.01, real=0.00 secs] 
2016-09-15T12:42:06.886-0400: 162.950: [GC (GCLocker Initiated GC) [PSYoungGen: 143611K->61490K(175104K)] 339084K->293721K(699392K), 0.0083730 secs] [Times: user=0.10 sys=0.00, real=0.01 secs] 
2016-09-15T12:42:07.047-0400: 163.111: [GC (GCLocker Initiated GC) [PSYoungGen: 149554K->55415K(175104K)] 388069K->312291K(699392K), 0.0090765 secs] [Times: user=0.08 sys=0.01, real=0.02 secs] 
2016-09-15T12:42:07.184-0400: 163.248: [GC (GCLocker Initiated GC) [PSYoungGen: 143479K->67469K(175104K)] 400649K->342967K(699392K), 0.0111341 secs] [Times: user=0.12 sys=0.00, real=0.01 secs] 
2016-09-15T12:42:07.307-0400: 163.371: [GC (GCLocker Initiated GC) [PSYoungGen: 155533K->49280K(175104K)] 431257K->367617K(699392K), 0.0213086 secs] [Times: user=0.19 sys=0.00, real=0.03 secs] 
2016-09-15T12:42:07.449-0400: 163.513: [GC (GCLocker Initiated GC) [PSYoungGen: 137344K->85758K(175104K)] 455952K->428950K(699392K), 0.0221987 secs] [Times: user=0.22 sys=0.00, real=0.02 secs] 
2016-09-15T12:42:07.593-0400: 163.657: [GC (GCLocker Initiated GC) [PSYoungGen: 173822K->55974K(175104K)] 517032K->417538K(699392K), 0.0180926 secs] [Times: user=0.18 sys=0.00, real=0.02 secs] 
2016-09-15T12:42:07.696-0400: 163.761: [GC (Allocation Failure) [PSYoungGen: 144038K->85790K(175104K)] 505946K->472281K(699392K), 0.0182350 secs] [Times: user=0.20 sys=0.00, real=0.01 secs] 
2016-09-15T12:42:07.837-0400: 163.901: [GC (GCLocker Initiated GC) [PSYoungGen: 168783K->61330K(175104K)] 561349K->472224K(699392K), 0.0112052 secs] [Times: user=0.09 sys=0.00, real=0.01 secs] 
2016-09-15T12:42:07.983-0400: 164.047: [GC (GCLocker Initiated GC) [PSYoungGen: 149394K->54995K(175104K)] 560307K->484377K(699392K), 0.0266237 secs] [Times: user=0.27 sys=0.00, real=0.03 secs] 
2016-09-15T12:42:08.107-0400: 164.171: [GC (GCLocker Initiated GC) [PSYoungGen: 143059K->73576K(175104K)] 572539K->521401K(699392K), 0.0185476 secs] [Times: user=0.19 sys=0.00, real=0.02 secs] 
2016-09-15T12:42:08.247-0400: 164.311: [GC (GCLocker Initiated GC) [PSYoungGen: 161640K->49312K(175104K)] 615710K->546003K(699392K), 0.0193234 secs] [Times: user=0.19 sys=0.02, real=0.02 secs] 
2016-09-15T12:42:08.266-0400: 164.330: [Full GC (Ergonomics) [PSYoungGen: 49312K->0K(175104K)] [ParOldGen: 496691K->53099K(524288K)] 546003K->53099K(699392K), [Metaspace: 44514K->44514K(1087488K)], 0.0534523 secs] [Times: user=0.26 sys=0.00, real=0.06 secs] 
2016-09-15T12:42:08.443-0400: 164.507: [GC (GCLocker Initiated GC) [PSYoungGen: 88064K->86342K(175104K)] 141221K->151650K(699392K), 0.0098398 secs] [Times: user=0.10 sys=0.01, real=0.01 secs] 
2016-09-15T12:42:08.549-0400: 164.613: [GC (GCLocker Initiated GC) [PSYoungGen: 174406K->67533K(175104K)] 240081K->207024K(699392K), 0.0111116 secs] [Times: user=0.16 sys=0.00, real=0.01 secs] 
2016-09-15T12:42:08.673-0400: 164.737: [GC (GCLocker Initiated GC) [PSYoungGen: 155597K->73804K(175104K)] 295553K->250518K(699392K), 0.0113538 secs] [Times: user=0.14 sys=0.00, real=0.01 secs] 
2016-09-15T12:42:08.803-0400: 164.867: [GC (GCLocker Initiated GC) [PSYoungGen: 161868K->73640K(175104K)] 344715K->293072K(699392K), 0.0084377 secs] [Times: user=0.11 sys=0.00, real=0.01 secs] 
2016-09-15T12:42:08.914-0400: 164.978: [GC (GCLocker Initiated GC) [PSYoungGen: 161704K->61394K(175104K)] 381295K->299338K(699392K), 0.0146259 secs] [Times: user=0.20 sys=0.00, real=0.02 secs] 
2016-09-15T12:42:09.055-0400: 165.119: [GC (GCLocker Initiated GC) [PSYoungGen: 149458K->86018K(175104K)] 393542K->348634K(699392K), 0.0194625 secs] [Times: user=0.26 sys=0.00, real=0.02 secs] 
2016-09-15T12:42:09.211-0400: 165.275: [GC (GCLocker Initiated GC) [PSYoungGen: 174082K->61458K(175104K)] 437474K->373765K(699392K), 0.0133952 secs] [Times: user=0.16 sys=0.00, real=0.01 secs] 
2016-09-15T12:42:09.337-0400: 165.401: [GC (GCLocker Initiated GC) [PSYoungGen: 149522K->85658K(175104K)] 461916K->410494K(699392K), 0.0161757 secs] [Times: user=0.20 sys=0.00, real=0.01 secs] 
2016-09-15T12:42:09.467-0400: 165.532: [GC (GCLocker Initiated GC) [PSYoungGen: 173722K->37030K(175104K)] 504680K->465292K(699392K), 0.0371851 secs] [Times: user=0.36 sys=0.01, real=0.04 secs] 
2016-09-15T12:42:09.635-0400: 165.699: [GC (GCLocker Initiated GC) [PSYoungGen: 125094K->73512K(175104K)] 559562K->550781K(699392K), 0.0219795 secs] [Times: user=0.21 sys=0.01, real=0.03 secs] 
2016-09-15T12:42:09.657-0400: 165.721: [Full GC (Ergonomics) [PSYoungGen: 73512K->0K(175104K)] [ParOldGen: 477268K->53319K(524288K)] 550781K->53319K(699392K), [Metaspace: 44528K->44528K(1087488K)], 0.0559341 secs] [Times: user=0.30 sys=0.00, real=0.05 secs] 
2016-09-15T12:42:09.837-0400: 165.901: [GC (Allocation Failure) [PSYoungGen: 88064K->85758K(175104K)] 141722K->151566K(699392K), 0.0261811 secs] [Times: user=0.31 sys=0.00, real=0.02 secs] 
2016-09-15T12:42:09.975-0400: 166.039: [GC (GCLocker Initiated GC) [PSYoungGen: 173822K->24752K(175104K)] 239636K->157791K(699392K), 0.0154629 secs] [Times: user=0.11 sys=0.00, real=0.02 secs] 
2016-09-15T12:42:10.097-0400: 166.161: [GC (GCLocker Initiated GC) [PSYoungGen: 112816K->73836K(175104K)] 252072K->213196K(699392K), 0.0157098 secs] [Times: user=0.17 sys=0.00, real=0.01 secs] 
2016-09-15T12:42:10.264-0400: 166.328: [GC (GCLocker Initiated GC) [PSYoungGen: 161900K->73672K(175104K)] 307690K->256211K(699392K), 0.0094182 secs] [Times: user=0.13 sys=0.00, real=0.01 secs] 
2016-09-15T12:42:10.406-0400: 166.470: [GC (GCLocker Initiated GC) [PSYoungGen: 161736K->55874K(175104K)] 350549K->263032K(699392K), 0.0177948 secs] [Times: user=0.24 sys=0.00, real=0.02 secs] 
2016-09-15T12:42:10.519-0400: 166.583: [GC (Allocation Failure) [PSYoungGen: 143938K->61330K(175104K)] 351272K->293231K(699392K), 0.0099087 secs] [Times: user=0.09 sys=0.01, real=0.01 secs] 
2016-09-15T12:42:10.648-0400: 166.712: [GC (GCLocker Initiated GC) [PSYoungGen: 149394K->79655K(175104K)] 381300K->329866K(699392K), 0.0136735 secs] [Times: user=0.08 sys=0.00, real=0.01 secs] 
2016-09-15T12:42:10.808-0400: 166.872: [GC (GCLocker Initiated GC) [PSYoungGen: 167719K->55447K(175104K)] 424316K->348825K(699392K), 0.0121277 secs] [Times: user=0.18 sys=0.00, real=0.02 secs] 
2016-09-15T12:42:10.922-0400: 166.986: [GC (GCLocker Initiated GC) [PSYoungGen: 143511K->85626K(175104K)] 436937K->385451K(699392K), 0.0077513 secs] [Times: user=0.11 sys=0.00, real=0.01 secs] 
2016-09-15T12:42:11.046-0400: 167.110: [GC (GCLocker Initiated GC) [PSYoungGen: 173690K->73968K(175104K)] 479614K->416486K(699392K), 0.0168182 secs] [Times: user=0.23 sys=0.01, real=0.02 secs] 
2016-09-15T12:42:11.183-0400: 167.247: [GC (Allocation Failure) [PSYoungGen: 162032K->73836K(175104K)] 504877K->459522K(699392K), 0.0129653 secs] [Times: user=0.15 sys=0.00, real=0.02 secs] 
2016-09-15T12:42:11.297-0400: 167.361: [GC (GCLocker Initiated GC) [PSYoungGen: 156589K->55351K(175104K)] 548350K->483861K(699392K), 0.0110634 secs] [Times: user=0.14 sys=0.00, real=0.01 secs] 
2016-09-15T12:42:11.433-0400: 167.497: [GC (Allocation Failure) [PSYoungGen: 143415K->86182K(175104K)] 572202K->521156K(699392K), 0.0182615 secs] [Times: user=0.25 sys=0.00, real=0.02 secs] 
2016-09-15T12:42:11.452-0400: 167.516: [GC (GCLocker Initiated GC) --[PSYoungGen: 86198K->86198K(175104K)] 521172K->606788K(699392K), 0.0074476 secs] [Times: user=0.11 sys=0.00, real=0.01 secs] 
2016-09-15T12:42:11.460-0400: 167.524: [Full GC (Ergonomics) [PSYoungGen: 86198K->0K(175104K)] [ParOldGen: 520590K->52979K(524288K)] 606788K->52979K(699392K), [Metaspace: 44530K->44530K(1087488K)], 0.0527183 secs] [Times: user=0.39 sys=0.01, real=0.05 secs] 
2016-09-15T12:42:11.633-0400: 167.697: [GC (GCLocker Initiated GC) [PSYoungGen: 88064K->85986K(175104K)] 141049K->163271K(699392K), 0.0091225 secs] [Times: user=0.12 sys=0.00, real=0.01 secs] 
2016-09-15T12:42:11.786-0400: 167.850: [GC (GCLocker Initiated GC) [PSYoungGen: 174050K->18677K(175104K)] 269799K->169352K(699392K), 0.0131248 secs] [Times: user=0.12 sys=0.00, real=0.02 secs] 
2016-09-15T12:42:11.910-0400: 167.974: [GC (GCLocker Initiated GC) [PSYoungGen: 106741K->74000K(175104K)] 257743K->225310K(699392K), 0.0101099 secs] [Times: user=0.13 sys=0.00, real=0.01 secs] 
2016-09-15T12:42:12.059-0400: 168.123: [GC (GCLocker Initiated GC) [PSYoungGen: 162064K->85694K(175104K)] 313472K->267621K(699392K), 0.0138981 secs] [Times: user=0.17 sys=0.00, real=0.01 secs] 
2016-09-15T12:42:12.206-0400: 168.270: [GC (GCLocker Initiated GC) [PSYoungGen: 173758K->55647K(175104K)] 361773K->292569K(699392K), 0.0223218 secs] [Times: user=0.27 sys=0.00, real=0.03 secs] 
2016-09-15T12:42:12.343-0400: 168.407: [GC (GCLocker Initiated GC) [PSYoungGen: 143711K->85694K(175104K)] 386820K->329078K(699392K), 0.0101126 secs] [Times: user=0.10 sys=0.00, real=0.01 secs] 
2016-09-15T12:42:12.482-0400: 168.546: [GC (Allocation Failure) [PSYoungGen: 173758K->36902K(175104K)] 429642K->353787K(699392K), 0.0230063 secs] [Times: user=0.22 sys=0.00, real=0.02 secs] 
2016-09-15T12:42:12.506-0400: 168.570: [GC (GCLocker Initiated GC) [PSYoungGen: 37280K->96K(175104K)] 354166K->372183K(699392K), 0.0075185 secs] [Times: user=0.08 sys=0.00, real=0.01 secs] 
2016-09-15T12:42:12.630-0400: 168.694: [GC (GCLocker Initiated GC) [PSYoungGen: 88160K->86146K(175104K)] 460247K->470407K(699392K), 0.0120954 secs] [Times: user=0.13 sys=0.01, real=0.01 secs] 
2016-09-15T12:42:12.774-0400: 168.838: [GC (GCLocker Initiated GC) [PSYoungGen: 174210K->73512K(175104K)] 558748K->507346K(699392K), 0.0136846 secs] [Times: user=0.13 sys=0.00, real=0.02 secs] 
2016-09-15T12:42:12.916-0400: 168.980: [Full GC (Ergonomics) [PSYoungGen: 161576K->0K(175104K)] [ParOldGen: 440068K->53320K(524288K)] 601644K->53320K(699392K), [Metaspace: 44530K->44530K(1087488K)], 0.0541493 secs] [Times: user=0.34 sys=0.01, real=0.05 secs] 
2016-09-15T12:42:13.087-0400: 169.151: [GC (GCLocker Initiated GC) [PSYoungGen: 88064K->86046K(175104K)] 141717K->151849K(699392K), 0.0096352 secs] [Times: user=0.13 sys=0.00, real=0.02 secs] 
2016-09-15T12:42:13.222-0400: 169.286: [GC (GCLocker Initiated GC) [PSYoungGen: 174110K->73480K(175104K)] 239949K->164135K(699392K), 0.0164477 secs] [Times: user=0.16 sys=0.00, real=0.02 secs] 
2016-09-15T12:42:13.333-0400: 169.397: [GC (GCLocker Initiated GC) [PSYoungGen: 161544K->85790K(175104K)] 252409K->207314K(699392K), 0.0119436 secs] [Times: user=0.13 sys=0.00, real=0.01 secs] 
2016-09-15T12:42:13.457-0400: 169.521: [GC (Allocation Failure) [PSYoungGen: 173854K->36998K(175104K)] 295503K->225748K(699392K), 0.0124916 secs] [Times: user=0.10 sys=0.00, real=0.01 secs] 
2016-09-15T12:42:13.617-0400: 169.681: [GC (GCLocker Initiated GC) [PSYoungGen: 125062K->55187K(175104K)] 313812K->280694K(699392K), 0.0124172 secs] [Times: user=0.15 sys=0.00, real=0.01 secs] 
2016-09-15T12:42:13.735-0400: 169.799: [GC (GCLocker Initiated GC) [PSYoungGen: 143251K->73348K(175104K)] 368957K->299173K(699392K), 0.0197619 secs] [Times: user=0.21 sys=0.01, real=0.02 secs] 
2016-09-15T12:42:13.874-0400: 169.938: [GC (GCLocker Initiated GC) [PSYoungGen: 161412K->86018K(175104K)] 393361K->384951K(699392K), 0.0124839 secs] [Times: user=0.15 sys=0.00, real=0.01 secs] 
2016-09-15T12:42:13.987-0400: 170.051: [GC (GCLocker Initiated GC) [PSYoungGen: 174082K->79847K(175104K)] 473186K->409633K(699392K), 0.0128743 secs] [Times: user=0.15 sys=0.00, real=0.02 secs] 
2016-09-15T12:42:14.096-0400: 170.160: [GC (GCLocker Initiated GC) [PSYoungGen: 167911K->31019K(175104K)] 510091K->434232K(699392K), 0.0179935 secs] [Times: user=0.20 sys=0.00, real=0.01 secs] 
2016-09-15T12:42:14.250-0400: 170.314: [GC (Allocation Failure) [PSYoungGen: 119083K->43073K(175104K)] 534639K->458872K(699392K), 0.0081786 secs] [Times: user=0.07 sys=0.00, real=0.01 secs] 
2016-09-15T12:42:14.392-0400: 170.456: [GC (Allocation Failure) [PSYoungGen: 131137K->61981K(175104K)] 546936K->502537K(699392K), 0.0133228 secs] [Times: user=0.15 sys=0.00, real=0.01 secs] 
2016-09-15T12:42:14.405-0400: 170.469: [Full GC (Ergonomics) [PSYoungGen: 61981K->0K(175104K)] [ParOldGen: 440555K->47285K(524288K)] 502537K->47285K(699392K), [Metaspace: 44530K->44530K(1087488K)], 0.0577871 secs] [Times: user=0.33 sys=0.02, real=0.06 secs] 
2016-09-15T12:42:14.570-0400: 170.634: [GC (GCLocker Initiated GC) [PSYoungGen: 88064K->85758K(175104K)] 135360K->133054K(699392K), 0.0105443 secs] [Times: user=0.11 sys=0.01, real=0.01 secs] 
2016-09-15T12:42:14.691-0400: 170.755: [GC (GCLocker Initiated GC) [PSYoungGen: 173822K->49148K(175104K)] 221334K->145512K(699392K), 0.0136547 secs] [Times: user=0.11 sys=0.01, real=0.01 secs] 
2016-09-15T12:42:14.817-0400: 170.881: [GC (GCLocker Initiated GC) [PSYoungGen: 137212K->73904K(175104K)] 233582K->188610K(699392K), 0.0099720 secs] [Times: user=0.13 sys=0.00, real=0.00 secs] 
2016-09-15T12:42:14.929-0400: 170.993: [GC (GCLocker Initiated GC) [PSYoungGen: 161968K->73444K(175104K)] 276722K->188490K(699392K), 0.0200125 secs] [Times: user=0.20 sys=0.00, real=0.02 secs] 
2016-09-15T12:42:15.070-0400: 171.134: [GC (GCLocker Initiated GC) [PSYoungGen: 161508K->86182K(175104K)] 282734K->274384K(699392K), 0.0118255 secs] [Times: user=0.18 sys=0.00, real=0.01 secs] 
2016-09-15T12:42:15.213-0400: 171.277: [GC (GCLocker Initiated GC) [PSYoungGen: 174246K->85694K(175104K)] 362574K->304853K(699392K), 0.0282121 secs] [Times: user=0.35 sys=0.00, real=0.03 secs] 
2016-09-15T12:42:15.344-0400: 171.408: [GC (Allocation Failure) [PSYoungGen: 173758K->49472K(175104K)] 399055K->323653K(699392K), 0.0099017 secs] [Times: user=0.09 sys=0.01, real=0.01 secs] 
2016-09-15T12:42:15.478-0400: 171.542: [GC (GCLocker Initiated GC) [PSYoungGen: 137536K->73476K(175104K)] 411719K->384588K(699392K), 0.0090856 secs] [Times: user=0.11 sys=0.00, real=0.00 secs] 
2016-09-15T12:42:15.621-0400: 171.685: [GC (Allocation Failure) [PSYoungGen: 161540K->73640K(175104K)] 478824K->391036K(699392K), 0.0180461 secs] [Times: user=0.21 sys=0.00, real=0.02 secs] 
2016-09-15T12:42:15.746-0400: 171.810: [GC (GCLocker Initiated GC) [PSYoungGen: 161704K->43137K(175104K)] 479112K->379037K(699392K), 0.0146276 secs] [Times: user=0.17 sys=0.00, real=0.02 secs] 
2016-09-15T12:42:15.878-0400: 171.942: [GC (GCLocker Initiated GC) [PSYoungGen: 131201K->74036K(175104K)] 473290K->416245K(699392K), 0.0092246 secs] [Times: user=0.10 sys=0.00, real=0.00 secs] 
2016-09-15T12:42:16.022-0400: 172.086: [GC (GCLocker Initiated GC) [PSYoungGen: 162100K->79619K(175104K)] 504368K->440591K(699392K), 0.0117749 secs] [Times: user=0.14 sys=0.00, real=0.01 secs] 
2016-09-15T12:42:16.157-0400: 172.222: [GC (Allocation Failure) [PSYoungGen: 167683K->31022K(175104K)] 534894K->434944K(699392K), 0.0341028 secs] [Times: user=0.37 sys=0.00, real=0.03 secs] 
2016-09-15T12:42:16.305-0400: 172.370: [GC (GCLocker Initiated GC) [PSYoungGen: 113012K->37094K(175104K)] 523008K->465582K(699392K), 0.0238377 secs] [Times: user=0.25 sys=0.01, real=0.03 secs] 
2016-09-15T12:42:16.456-0400: 172.520: [GC (GCLocker Initiated GC) [PSYoungGen: 125158K->55515K(175104K)] 566146K->496607K(699392K), 0.0074462 secs] [Times: user=0.07 sys=0.00, real=0.00 secs] 
2016-09-15T12:42:16.613-0400: 172.677: [Full GC (Ergonomics) [PSYoungGen: 143579K->0K(175104K)] [ParOldGen: 453468K->53275K(524288K)] 597047K->53275K(699392K), [Metaspace: 44530K->44530K(1087488K)], 0.0722363 secs] [Times: user=0.59 sys=0.01, real=0.07 secs] 
2016-09-15T12:42:16.805-0400: 172.869: [GC (GCLocker Initiated GC) [PSYoungGen: 88064K->86210K(175104K)] 147461K->151683K(699392K), 0.0096306 secs] [Times: user=0.12 sys=0.00, real=0.01 secs] 
2016-09-15T12:42:16.929-0400: 172.993: [GC (Allocation Failure) [PSYoungGen: 174274K->49244K(175104K)] 246121K->188604K(699392K), 0.0290373 secs] [Times: user=0.32 sys=0.00, real=0.03 secs] 
2016-09-15T12:42:17.060-0400: 173.124: [GC (GCLocker Initiated GC) [PSYoungGen: 137308K->61362K(175104K)] 276673K->243364K(699392K), 0.0246865 secs] [Times: user=0.27 sys=0.00, real=0.02 secs] 
2016-09-15T12:42:17.205-0400: 173.269: [GC (GCLocker Initiated GC) [PSYoungGen: 149426K->55387K(175104K)] 337572K->249875K(699392K), 0.0101613 secs] [Times: user=0.10 sys=0.00, real=0.01 secs] 
2016-09-15T12:42:17.345-0400: 173.409: [GC (Allocation Failure) [PSYoungGen: 143451K->37094K(175104K)] 350209K->244292K(699392K), 0.0095233 secs] [Times: user=0.12 sys=0.00, real=0.01 secs] 
2016-09-15T12:42:17.487-0400: 173.551: [GC (GCLocker Initiated GC) [PSYoungGen: 119116K->37517K(175104K)] 332390K->269299K(699392K), 0.0084844 secs] [Times: user=0.09 sys=0.00, real=0.01 secs] 
2016-09-15T12:42:17.663-0400: 173.727: [GC (GCLocker Initiated GC) [PSYoungGen: 125581K->85626K(175104K)] 363486K->335767K(699392K), 0.0174329 secs] [Times: user=0.24 sys=0.00, real=0.02 secs] 
2016-09-15T12:42:17.823-0400: 173.887: [GC (GCLocker Initiated GC) [PSYoungGen: 173690K->73508K(175104K)] 430044K->378581K(699392K), 0.0113703 secs] [Times: user=0.11 sys=0.00, real=0.01 secs] 
2016-09-15T12:42:17.955-0400: 174.019: [GC (Allocation Failure) [PSYoungGen: 161572K->19132K(175104K)] 485347K->379469K(699392K), 0.0070567 secs] [Times: user=0.07 sys=0.00, real=0.01 secs] 
2016-09-15T12:42:18.076-0400: 174.140: [GC (GCLocker Initiated GC) [PSYoungGen: 104990K->55255K(175104K)] 471402K->422114K(699392K), 0.0179021 secs] [Times: user=0.21 sys=0.00, real=0.01 secs] 
2016-09-15T12:42:18.196-0400: 174.260: [GC (GCLocker Initiated GC) [PSYoungGen: 143319K->79815K(175104K)] 510231K->459168K(699392K), 0.0139099 secs] [Times: user=0.14 sys=0.00, real=0.02 secs] 
2016-09-15T12:42:18.307-0400: 174.372: [GC (GCLocker Initiated GC) [PSYoungGen: 167879K->79847K(175104K)] 547593K->539000K(699392K), 0.0165246 secs] [Times: user=0.21 sys=0.00, real=0.02 secs] 
2016-09-15T12:42:18.325-0400: 174.389: [Full GC (Ergonomics) [PSYoungGen: 79847K->0K(175104K)] [ParOldGen: 459153K->54361K(524288K)] 539000K->54361K(699392K), [Metaspace: 44530K->44530K(1087488K)], 0.0546644 secs] [Times: user=0.31 sys=0.01, real=0.06 secs] 
2016-09-15T12:42:18.488-0400: 174.552: [GC (GCLocker Initiated GC) [PSYoungGen: 88064K->85986K(175104K)] 148767K->170989K(699392K), 0.0098961 secs] [Times: user=0.14 sys=0.00, real=0.01 secs] 
2016-09-15T12:42:18.589-0400: 174.653: [GC (GCLocker Initiated GC) [PSYoungGen: 174050K->85726K(175104K)] 259195K->231929K(699392K), 0.0150169 secs] [Times: user=0.19 sys=0.00, real=0.01 secs] 
2016-09-15T12:42:18.714-0400: 174.779: [GC (Allocation Failure) [PSYoungGen: 173790K->49863K(175104K)] 326333K->263653K(699392K), 0.0103145 secs] [Times: user=0.15 sys=0.00, real=0.01 secs] 
2016-09-15T12:42:18.845-0400: 174.909: [GC (GCLocker Initiated GC) [PSYoungGen: 135458K->74064K(175104K)] 355323K->324619K(699392K), 0.0092277 secs] [Times: user=0.11 sys=0.00, real=0.01 secs] 
2016-09-15T12:42:18.987-0400: 175.051: [GC (GCLocker Initiated GC) [PSYoungGen: 162128K->73608K(175104K)] 412719K->342575K(699392K), 0.0175252 secs] [Times: user=0.24 sys=0.00, real=0.02 secs] 
2016-09-15T12:42:19.109-0400: 175.174: [GC (GCLocker Initiated GC) [PSYoungGen: 161672K->61786K(175104K)] 430737K->397984K(699392K), 0.0102686 secs] [Times: user=0.13 sys=0.00, real=0.01 secs] 
2016-09-15T12:42:19.250-0400: 175.314: [GC (GCLocker Initiated GC) [PSYoungGen: 149850K->73480K(175104K)] 498279K->421981K(699392K), 0.0120124 secs] [Times: user=0.09 sys=0.00, real=0.01 secs] 
2016-09-15T12:42:19.397-0400: 175.461: [GC (GCLocker Initiated GC) [PSYoungGen: 161544K->37162K(175104K)] 522545K->459180K(699392K), 0.0119738 secs] [Times: user=0.11 sys=0.00, real=0.01 secs] 
2016-09-15T12:42:19.515-0400: 175.579: [GC (GCLocker Initiated GC) [PSYoungGen: 125226K->73480K(175104K)] 547320K->495849K(699392K), 0.0186926 secs] [Times: user=0.21 sys=0.00, real=0.02 secs] 
2016-09-15T12:42:19.665-0400: 175.729: [GC (Allocation Failure) [PSYoungGen: 161544K->85790K(175104K)] 584117K->557247K(699392K), 0.0217364 secs] [Times: user=0.26 sys=0.00, real=0.02 secs] 
2016-09-15T12:42:19.687-0400: 175.751: [Full GC (Ergonomics) [PSYoungGen: 85790K->0K(175104K)] [ParOldGen: 471457K->53722K(524288K)] 557247K->53722K(699392K), [Metaspace: 44539K->44539K(1087488K)], 0.0540974 secs] [Times: user=0.30 sys=0.00, real=0.06 secs] 
2016-09-15T12:42:19.841-0400: 175.905: [GC (GCLocker Initiated GC) [PSYoungGen: 88064K->86146K(175104K)] 141786K->139868K(699392K), 0.0168507 secs] [Times: user=0.13 sys=0.00, real=0.02 secs] 
2016-09-15T12:42:19.981-0400: 176.045: [GC (GCLocker Initiated GC) [PSYoungGen: 174210K->55351K(175104K)] 228293K->164837K(699392K), 0.0185635 secs] [Times: user=0.25 sys=0.00, real=0.02 secs] 
2016-09-15T12:42:20.100-0400: 176.164: [GC (Allocation Failure) [PSYoungGen: 143415K->73968K(175104K)] 259449K->208518K(699392K), 0.0086322 secs] [Times: user=0.11 sys=0.00, real=0.01 secs] 
2016-09-15T12:42:20.247-0400: 176.311: [GC (GCLocker Initiated GC) [PSYoungGen: 159263K->37222K(175104K)] 299889K->232830K(699392K), 0.0206732 secs] [Times: user=0.23 sys=0.01, real=0.03 secs] 
2016-09-15T12:42:20.407-0400: 176.471: [GC (Allocation Failure) [PSYoungGen: 125286K->37258K(175104K)] 339457K->251657K(699392K), 0.0127276 secs] [Times: user=0.15 sys=0.00, real=0.02 secs] 
2016-09-15T12:42:20.542-0400: 176.606: [GC (Allocation Failure) [PSYoungGen: 119552K->19164K(175104K)] 333951K->233847K(699392K), 0.0097301 secs] [Times: user=0.10 sys=0.00, real=0.01 secs] 
2016-09-15T12:42:20.678-0400: 176.742: [GC (GCLocker Initiated GC) [PSYoungGen: 107228K->73476K(175104K)] 321911K->306863K(699392K), 0.0083646 secs] [Times: user=0.10 sys=0.00, real=0.00 secs] 
2016-09-15T12:42:20.807-0400: 176.871: [GC (GCLocker Initiated GC) [PSYoungGen: 161540K->55647K(175104K)] 401469K->313921K(699392K), 0.0156340 secs] [Times: user=0.18 sys=0.00, real=0.02 secs] 
2016-09-15T12:42:20.938-0400: 177.002: [GC (GCLocker Initiated GC) [PSYoungGen: 143711K->55219K(175104K)] 402167K->332403K(699392K), 0.0092643 secs] [Times: user=0.11 sys=0.01, real=0.01 secs] 
2016-09-15T12:42:21.054-0400: 177.118: [GC (GCLocker Initiated GC) [PSYoungGen: 143283K->73772K(175104K)] 426746K->393820K(699392K), 0.0117713 secs] [Times: user=0.12 sys=0.00, real=0.01 secs] 
2016-09-15T12:42:21.197-0400: 177.261: [GC (Allocation Failure) [PSYoungGen: 161836K->55355K(175104K)] 488169K->381963K(699392K), 0.0281971 secs] [Times: user=0.34 sys=0.01, real=0.02 secs] 
2016-09-15T12:42:21.327-0400: 177.391: [GC (GCLocker Initiated GC) [PSYoungGen: 143419K->73640K(175104K)] 470033K->437332K(699392K), 0.0291580 secs] [Times: user=0.35 sys=0.01, real=0.04 secs] 
2016-09-15T12:42:21.470-0400: 177.534: [GC (GCLocker Initiated GC) [PSYoungGen: 161704K->79847K(175104K)] 525763K->462219K(699392K), 0.0153038 secs] [Times: user=0.20 sys=0.00, real=0.01 secs] 
2016-09-15T12:42:21.609-0400: 177.673: [GC (GCLocker Initiated GC) [PSYoungGen: 167911K->67533K(175104K)] 556724K->480922K(699392K), 0.0104774 secs] [Times: user=0.11 sys=0.01, real=0.01 secs] 
2016-09-15T12:42:21.721-0400: 177.785: [GC (GCLocker Initiated GC) [PSYoungGen: 155597K->55483K(175104K)] 569038K->487237K(699392K), 0.0104016 secs] [Times: user=0.08 sys=0.00, real=0.01 secs] 
2016-09-15T12:42:21.861-0400: 177.925: [GC (GCLocker Initiated GC) [PSYoungGen: 143547K->61298K(175104K)] 575337K->529837K(699392K), 0.0141091 secs] [Times: user=0.13 sys=0.00, real=0.01 secs] 
2016-09-15T12:42:21.875-0400: 177.940: [Full GC (Ergonomics) [PSYoungGen: 61298K->0K(175104K)] [ParOldGen: 468539K->41586K(524288K)] 529837K->41586K(699392K), [Metaspace: 44539K->44539K(1087488K)], 0.0582983 secs] [Times: user=0.31 sys=0.01, real=0.06 secs] 
2016-09-15T12:42:22.074-0400: 178.138: [GC (GCLocker Initiated GC) [PSYoungGen: 88064K->86146K(175104K)] 135728K->139885K(699392K), 0.0149193 secs] [Times: user=0.16 sys=0.00, real=0.02 secs] 
2016-09-15T12:42:22.206-0400: 178.270: [GC (GCLocker Initiated GC) [PSYoungGen: 174210K->73380K(175104K)] 227997K->170239K(699392K), 0.0121926 secs] [Times: user=0.14 sys=0.00, real=0.02 secs] 
2016-09-15T12:42:22.333-0400: 178.397: [GC (GCLocker Initiated GC) [PSYoungGen: 161444K->61462K(175104K)] 264471K->194975K(699392K), 0.0154065 secs] [Times: user=0.12 sys=0.00, real=0.02 secs] 
2016-09-15T12:42:22.462-0400: 178.526: [GC (GCLocker Initiated GC) [PSYoungGen: 149526K->85690K(175104K)] 283081K->286402K(699392K), 0.0167887 secs] [Times: user=0.21 sys=0.01, real=0.02 secs] 
2016-09-15T12:42:22.597-0400: 178.661: [GC (GCLocker Initiated GC) [PSYoungGen: 173754K->67437K(175104K)] 374754K->317148K(699392K), 0.0196820 secs] [Times: user=0.22 sys=0.00, real=0.02 secs] 
2016-09-15T12:42:22.711-0400: 178.775: [GC (Allocation Failure) [PSYoungGen: 155501K->79683K(175104K)] 405551K->354285K(699392K), 0.0113440 secs] [Times: user=0.10 sys=0.00, real=0.01 secs] 
2016-09-15T12:42:22.850-0400: 178.914: [GC (Allocation Failure) [PSYoungGen: 164649K->36898K(175104K)] 439251K->329844K(699392K), 0.0080621 secs] [Times: user=0.12 sys=0.00, real=0.01 secs] 
2016-09-15T12:42:22.968-0400: 179.033: [GC (GCLocker Initiated GC) [PSYoungGen: 121253K->55383K(175104K)] 420275K->354540K(699392K), 0.0067373 secs] [Times: user=0.08 sys=0.00, real=0.00 secs] 
2016-09-15T12:42:23.093-0400: 179.158: [GC (Allocation Failure) [PSYoungGen: 143447K->85858K(175104K)] 442657K->415718K(699392K), 0.0179455 secs] [Times: user=0.22 sys=0.01, real=0.02 secs] 
2016-09-15T12:42:23.245-0400: 179.309: [GC (GCLocker Initiated GC) [PSYoungGen: 170165K->73640K(175104K)] 506101K->446317K(699392K), 0.0100789 secs] [Times: user=0.11 sys=0.00, real=0.01 secs] 
2016-09-15T12:42:23.360-0400: 179.425: [GC (GCLocker Initiated GC) [PSYoungGen: 161704K->73480K(175104K)] 534384K->446419K(699392K), 0.0303329 secs] [Times: user=0.39 sys=0.00, real=0.03 secs] 
2016-09-15T12:42:23.509-0400: 179.573: [GC (GCLocker Initiated GC) [PSYoungGen: 161544K->85758K(175104K)] 540594K->483333K(699392K), 0.0086398 secs] [Times: user=0.13 sys=0.00, real=0.01 secs] 
2016-09-15T12:42:23.642-0400: 179.707: [GC (GCLocker Initiated GC) [PSYoungGen: 173822K->73644K(175104K)] 571428K->495817K(699392K), 0.0180191 secs] [Times: user=0.17 sys=0.00, real=0.02 secs] 
2016-09-15T12:42:23.811-0400: 179.875: [GC (GCLocker Initiated GC) [PSYoungGen: 161708K->18901K(175104K)] 608419K->526629K(699392K), 0.0142644 secs] [Times: user=0.13 sys=0.01, real=0.01 secs] 
2016-09-15T12:42:23.825-0400: 179.889: [Full GC (Ergonomics) [PSYoungGen: 18901K->0K(175104K)] [ParOldGen: 507728K->53594K(524288K)] 526629K->53594K(699392K), [Metaspace: 44540K->44540K(1087488K)], 0.0593909 secs] [Times: user=0.29 sys=0.01, real=0.06 secs] 
2016-09-15T12:42:24.008-0400: 180.072: [GC (GCLocker Initiated GC) [PSYoungGen: 88064K->73512K(175104K)] 147797K->133245K(699392K), 0.0106385 secs] [Times: user=0.10 sys=0.00, real=0.01 secs] 
2016-09-15T12:42:24.155-0400: 180.219: [GC (GCLocker Initiated GC) [PSYoungGen: 161576K->37450K(175104K)] 239812K->213201K(699392K), 0.0110350 secs] [Times: user=0.13 sys=0.00, real=0.01 secs] 
2016-09-15T12:42:24.308-0400: 180.372: [GC (GCLocker Initiated GC) [PSYoungGen: 125514K->43592K(175104K)] 313694K->250273K(699392K), 0.0097200 secs] [Times: user=0.09 sys=0.00, real=0.01 secs] 
2016-09-15T12:42:24.443-0400: 180.507: [GC (GCLocker Initiated GC) [PSYoungGen: 131656K->67633K(175104K)] 338648K->299028K(699392K), 0.0335591 secs] [Times: user=0.36 sys=0.00, real=0.04 secs] 
2016-09-15T12:42:24.596-0400: 180.660: [GC (GCLocker Initiated GC) [PSYoungGen: 155697K->73448K(175104K)] 387352K->341976K(699392K), 0.0133223 secs] [Times: user=0.10 sys=0.00, real=0.01 secs] 
2016-09-15T12:42:24.711-0400: 180.776: [GC (Allocation Failure) [PSYoungGen: 161512K->55515K(175104K)] 442523K->354838K(699392K), 0.0175420 secs] [Times: user=0.21 sys=0.00, real=0.02 secs] 
2016-09-15T12:42:24.884-0400: 180.948: [GC (GCLocker Initiated GC) [PSYoungGen: 143579K->55351K(175104K)] 442903K->354966K(699392K), 0.0081328 secs] [Times: user=0.09 sys=0.00, real=0.01 secs] 
2016-09-15T12:42:25.055-0400: 181.119: [GC (GCLocker Initiated GC) [PSYoungGen: 143415K->36802K(175104K)] 455670K->349316K(699392K), 0.0119287 secs] [Times: user=0.09 sys=0.01, real=0.01 secs] 
2016-09-15T12:42:25.190-0400: 181.254: [GC (GCLocker Initiated GC) [PSYoungGen: 124866K->61330K(175104K)] 443491K->380083K(699392K), 0.0105842 secs] [Times: user=0.07 sys=0.01, real=0.01 secs] 
2016-09-15T12:42:25.303-0400: 181.367: [GC (GCLocker Initiated GC) [PSYoungGen: 149394K->67533K(175104K)] 480579K->411184K(699392K), 0.0099306 secs] [Times: user=0.08 sys=0.01, real=0.01 secs] 
2016-09-15T12:42:25.448-0400: 181.512: [GC (Allocation Failure) [PSYoungGen: 155597K->31019K(175104K)] 511574K->435848K(699392K), 0.0172292 secs] [Times: user=0.17 sys=0.01, real=0.01 secs] 
2016-09-15T12:42:25.603-0400: 181.667: [GC (GCLocker Initiated GC) [PSYoungGen: 119083K->73512K(175104K)] 523917K->478614K(699392K), 0.0213439 secs] [Times: user=0.23 sys=0.02, real=0.02 secs] 
2016-09-15T12:42:25.749-0400: 181.813: [GC (GCLocker Initiated GC) [PSYoungGen: 161576K->73544K(175104K)] 566904K->503276K(699392K), 0.0178549 secs] [Times: user=0.17 sys=0.00, real=0.01 secs] 
2016-09-15T12:42:25.883-0400: 181.947: [GC (GCLocker Initiated GC) [PSYoungGen: 161608K->67665K(175104K)] 597781K->528250K(699392K), 0.0146991 secs] [Times: user=0.14 sys=0.00, real=0.02 secs] 
2016-09-15T12:42:25.897-0400: 181.962: [Full GC (Ergonomics) [PSYoungGen: 67665K->0K(175104K)] [ParOldGen: 460585K->53866K(524288K)] 528250K->53866K(699392K), [Metaspace: 44540K->44540K(1087488K)], 0.0506142 secs] [Times: user=0.28 sys=0.01, real=0.05 secs] 
2016-09-15T12:42:26.059-0400: 182.124: [GC (GCLocker Initiated GC) [PSYoungGen: 88064K->86018K(175104K)] 148125K->152162K(699392K), 0.0092946 secs] [Times: user=0.12 sys=0.00, real=0.01 secs] 
2016-09-15T12:42:26.202-0400: 182.266: [GC (GCLocker Initiated GC) [PSYoungGen: 174082K->56102K(175104K)] 252681K->189716K(699392K), 0.0106482 secs] [Times: user=0.15 sys=0.01, real=0.01 secs] 
2016-09-15T12:42:26.329-0400: 182.394: [GC (GCLocker Initiated GC) [PSYoungGen: 144166K->55483K(175104K)] 284210K->214207K(699392K), 0.0095399 secs] [Times: user=0.11 sys=0.01, real=0.01 secs] 
2016-09-15T12:42:26.458-0400: 182.522: [GC (Allocation Failure) [PSYoungGen: 143547K->85790K(175104K)] 302386K->293528K(699392K), 0.0112249 secs] [Times: user=0.12 sys=0.00, real=0.01 secs] 
2016-09-15T12:42:26.597-0400: 182.661: [GC (GCLocker Initiated GC) [PSYoungGen: 173732K->43333K(175104K)] 387546K->318000K(699392K), 0.0297401 secs] [Times: user=0.30 sys=0.00, real=0.02 secs] 
2016-09-15T12:42:26.739-0400: 182.803: [GC (GCLocker Initiated GC) [PSYoungGen: 131397K->73608K(175104K)] 406257K->348891K(699392K), 0.0176277 secs] [Times: user=0.23 sys=0.00, real=0.02 secs] 
2016-09-15T12:42:26.899-0400: 182.963: [GC (Allocation Failure) [PSYoungGen: 161672K->61426K(175104K)] 443211K->361458K(699392K), 0.0102547 secs] [Times: user=0.10 sys=0.00, real=0.01 secs] 
2016-09-15T12:42:27.044-0400: 183.108: [GC (GCLocker Initiated GC) [PSYoungGen: 149226K->37290K(175104K)] 455334K->367996K(699392K), 0.0068342 secs] [Times: user=0.10 sys=0.00, real=0.01 secs] 
2016-09-15T12:42:27.172-0400: 183.236: [GC (GCLocker Initiated GC) [PSYoungGen: 125354K->37130K(175104K)] 468560K->380604K(699392K), 0.0263163 secs] [Times: user=0.29 sys=0.00, real=0.03 secs] 
2016-09-15T12:42:27.313-0400: 183.377: [GC (GCLocker Initiated GC) [PSYoungGen: 125194K->85694K(175104K)] 468962K->441895K(699392K), 0.0184709 secs] [Times: user=0.19 sys=0.00, real=0.02 secs] 
2016-09-15T12:42:27.462-0400: 183.526: [GC (GCLocker Initiated GC) [PSYoungGen: 173758K->79619K(175104K)] 530018K->484615K(699392K), 0.0169233 secs] [Times: user=0.22 sys=0.01, real=0.02 secs] 
2016-09-15T12:42:27.611-0400: 183.675: [GC (GCLocker Initiated GC) [PSYoungGen: 167683K->67597K(175104K)] 579109K->534006K(699392K), 0.0186119 secs] [Times: user=0.23 sys=0.00, real=0.02 secs] 
2016-09-15T12:42:27.630-0400: 183.694: [Full GC (Ergonomics) [PSYoungGen: 67597K->0K(175104K)] [ParOldGen: 466409K->53871K(524288K)] 534006K->53871K(699392K), [Metaspace: 44540K->44540K(1087488K)], 0.0532325 secs] [Times: user=0.30 sys=0.00, real=0.05 secs] 
2016-09-15T12:42:27.813-0400: 183.877: [GC (Allocation Failure) [PSYoungGen: 88064K->85858K(175104K)] 142212K->152156K(699392K), 0.0088293 secs] [Times: user=0.09 sys=0.00, real=0.01 secs] 
2016-09-15T12:42:27.938-0400: 184.002: [GC (GCLocker Initiated GC) [PSYoungGen: 173922K->85758K(175104K)] 240226K->213120K(699392K), 0.0133920 secs] [Times: user=0.15 sys=0.00, real=0.01 secs] 
2016-09-15T12:42:28.082-0400: 184.146: [GC (GCLocker Initiated GC) [PSYoungGen: 173822K->49635K(175104K)] 301286K->231887K(699392K), 0.0209506 secs] [Times: user=0.24 sys=0.00, real=0.02 secs] 
2016-09-15T12:42:28.212-0400: 184.276: [GC (GCLocker Initiated GC) [PSYoungGen: 137699K->55419K(175104K)] 326224K->244219K(699392K), 0.0128827 secs] [Times: user=0.15 sys=0.00, real=0.01 secs] 
2016-09-15T12:42:28.334-0400: 184.398: [GC (GCLocker Initiated GC) [PSYoungGen: 143483K->61522K(175104K)] 344721K->281293K(699392K), 0.0124425 secs] [Times: user=0.19 sys=0.00, real=0.01 secs] 
2016-09-15T12:42:28.472-0400: 184.536: [GC (GCLocker Initiated GC) [PSYoungGen: 149586K->73740K(175104K)] 375742K->330391K(699392K), 0.0154331 secs] [Times: user=0.20 sys=0.00, real=0.02 secs] 
2016-09-15T12:42:28.616-0400: 184.680: [GC (GCLocker Initiated GC) [PSYoungGen: 161804K->73448K(175104K)] 418711K->342921K(699392K), 0.0114419 secs] [Times: user=0.10 sys=0.01, real=0.01 secs] 
2016-09-15T12:42:28.747-0400: 184.811: [GC (GCLocker Initiated GC) [PSYoungGen: 161512K->49276K(175104K)] 431032K->397907K(699392K), 0.0244303 secs] [Times: user=0.32 sys=0.02, real=0.03 secs] 
2016-09-15T12:42:28.893-0400: 184.957: [GC (Allocation Failure) [PSYoungGen: 137340K->61494K(175104K)] 486113K->440934K(699392K), 0.0093895 secs] [Times: user=0.11 sys=0.00, real=0.01 secs] 
2016-09-15T12:42:29.047-0400: 185.111: [GC (GCLocker Initiated GC) [PSYoungGen: 149558K->73640K(175104K)] 529003K->453549K(699392K), 0.0236414 secs] [Times: user=0.29 sys=0.00, real=0.03 secs] 
2016-09-15T12:42:29.195-0400: 185.259: [GC (GCLocker Initiated GC) [PSYoungGen: 161704K->49112K(175104K)] 541671K->447572K(699392K), 0.0127664 secs] [Times: user=0.15 sys=0.01, real=0.01 secs] 
2016-09-15T12:42:29.310-0400: 185.375: [GC (GCLocker Initiated GC) [PSYoungGen: 137176K->85826K(175104K)] 535745K->496657K(699392K), 0.0211811 secs] [Times: user=0.26 sys=0.00, real=0.02 secs] 
2016-09-15T12:42:29.438-0400: 185.502: [GC (GCLocker Initiated GC) [PSYoungGen: 173890K->73380K(175104K)] 585072K->521311K(699392K), 0.0174695 secs] [Times: user=0.23 sys=0.00, real=0.01 secs] 
2016-09-15T12:42:29.455-0400: 185.519: [Full GC (Ergonomics) [PSYoungGen: 73380K->0K(175104K)] [ParOldGen: 447931K->53792K(524288K)] 521311K->53792K(699392K), [Metaspace: 44541K->44541K(1087488K)], 0.0579034 secs] [Times: user=0.38 sys=0.01, real=0.06 secs] 
2016-09-15T12:42:29.640-0400: 185.704: [GC (GCLocker Initiated GC) [PSYoungGen: 88064K->87022K(175104K)] 154266K->177532K(699392K), 0.0083523 secs] [Times: user=0.12 sys=0.01, real=0.01 secs] 
2016-09-15T12:42:29.783-0400: 185.847: [GC (GCLocker Initiated GC) [PSYoungGen: 175086K->37190K(175104K)] 277899K->177593K(699392K), 0.0088666 secs] [Times: user=0.12 sys=0.00, real=0.01 secs] 
2016-09-15T12:42:29.912-0400: 185.976: [GC (GCLocker Initiated GC) [PSYoungGen: 125254K->61426K(175104K)] 266018K->220542K(699392K), 0.0137242 secs] [Times: user=0.15 sys=0.01, real=0.01 secs] 
2016-09-15T12:42:30.050-0400: 186.114: [GC (GCLocker Initiated GC) [PSYoungGen: 149490K->86118K(175104K)] 314730K->275778K(699392K), 0.0090169 secs] [Times: user=0.12 sys=0.01, real=0.01 secs] 
2016-09-15T12:42:30.207-0400: 186.271: [GC (GCLocker Initiated GC) [PSYoungGen: 174182K->37158K(175104K)] 375994K->318285K(699392K), 0.0125352 secs] [Times: user=0.15 sys=0.00, real=0.02 secs] 
2016-09-15T12:42:30.341-0400: 186.405: [GC (Allocation Failure) [PSYoungGen: 125222K->85530K(175104K)] 406396K->385229K(699392K), 0.0224030 secs] [Times: user=0.26 sys=0.00, real=0.02 secs] 
2016-09-15T12:42:30.466-0400: 186.530: [GC (GCLocker Initiated GC) [PSYoungGen: 169763K->43041K(175104K)] 475537K->391443K(699392K), 0.0163532 secs] [Times: user=0.15 sys=0.00, real=0.02 secs] 
2016-09-15T12:42:30.605-0400: 186.669: [GC (GCLocker Initiated GC) [PSYoungGen: 131105K->85890K(175104K)] 485938K->447081K(699392K), 0.0167351 secs] [Times: user=0.18 sys=0.00, real=0.02 secs] 
2016-09-15T12:42:30.758-0400: 186.822: [GC (Allocation Failure) [PSYoungGen: 173954K->61522K(175104K)] 535355K->477905K(699392K), 0.0295718 secs] [Times: user=0.33 sys=0.00, real=0.02 secs] 
2016-09-15T12:42:30.907-0400: 186.972: [GC (GCLocker Initiated GC) [PSYoungGen: 149586K->67437K(175104K)] 565970K->508216K(699392K), 0.0215965 secs] [Times: user=0.20 sys=0.00, real=0.03 secs] 
2016-09-15T12:42:31.073-0400: 187.137: [GC (GCLocker Initiated GC) [PSYoungGen: 155501K->61558K(175104K)] 596467K->520853K(699392K), 0.0171764 secs] [Times: user=0.15 sys=0.00, real=0.02 secs] 
2016-09-15T12:42:31.090-0400: 187.154: [Full GC (Ergonomics) [PSYoungGen: 61558K->0K(175104K)] [ParOldGen: 459295K->48429K(524288K)] 520853K->48429K(699392K), [Metaspace: 44541K->44541K(1087488K)], 0.0592993 secs] [Times: user=0.35 sys=0.01, real=0.06 secs] 
2016-09-15T12:42:31.262-0400: 187.327: [GC (GCLocker Initiated GC) [PSYoungGen: 88064K->86078K(175104K)] 136535K->189224K(699392K), 0.0096832 secs] [Times: user=0.15 sys=0.01, real=0.01 secs] 
2016-09-15T12:42:31.383-0400: 187.447: [GC (GCLocker Initiated GC) [PSYoungGen: 174142K->61326K(175104K)] 277408K->256305K(699392K), 0.0124581 secs] [Times: user=0.19 sys=0.00, real=0.01 secs] 
2016-09-15T12:42:31.511-0400: 187.576: [GC (Allocation Failure) [PSYoungGen: 149390K->73608K(175104K)] 350771K->341982K(699392K), 0.0101644 secs] [Times: user=0.15 sys=0.00, real=0.01 secs] 
2016-09-15T12:42:31.650-0400: 187.714: [GC (GCLocker Initiated GC) [PSYoungGen: 160196K->37617K(175104K)] 434645K->330591K(699392K), 0.0063781 secs] [Times: user=0.09 sys=0.00, real=0.01 secs] 
2016-09-15T12:42:31.774-0400: 187.838: [GC (GCLocker Initiated GC) [PSYoungGen: 125681K->73576K(175104K)] 418904K->367074K(699392K), 0.0081359 secs] [Times: user=0.11 sys=0.00, real=0.01 secs] 
2016-09-15T12:42:31.915-0400: 187.979: [GC (GCLocker Initiated GC) [PSYoungGen: 161640K->55155K(175104K)] 461524K->373384K(699392K), 0.0159542 secs] [Times: user=0.19 sys=0.00, real=0.02 secs] 
2016-09-15T12:42:32.052-0400: 188.116: [GC (Allocation Failure) [PSYoungGen: 143219K->73608K(175104K)] 467704K->398197K(699392K), 0.0171569 secs] [Times: user=0.20 sys=0.00, real=0.02 secs] 
2016-09-15T12:42:32.202-0400: 188.266: [GC (GCLocker Initiated GC) [PSYoungGen: 158387K->37062K(175104K)] 489051K->386234K(699392K), 0.0231973 secs] [Times: user=0.26 sys=0.00, real=0.02 secs] 
2016-09-15T12:42:32.329-0400: 188.393: [GC (GCLocker Initiated GC) [PSYoungGen: 125126K->85854K(175104K)] 474468K->441578K(699392K), 0.0095186 secs] [Times: user=0.12 sys=0.00, real=0.01 secs] 
2016-09-15T12:42:32.485-0400: 188.549: [GC (GCLocker Initiated GC) [PSYoungGen: 173918K->30987K(175104K)] 542410K->436033K(699392K), 0.0097016 secs] [Times: user=0.08 sys=0.00, real=0.01 secs] 
2016-09-15T12:42:32.619-0400: 188.683: [GC (GCLocker Initiated GC) [PSYoungGen: 119051K->73608K(175104K)] 524446K->479263K(699392K), 0.0214125 secs] [Times: user=0.25 sys=0.00, real=0.02 secs] 
2016-09-15T12:42:32.751-0400: 188.815: [GC (GCLocker Initiated GC) [PSYoungGen: 161672K->79555K(175104K)] 567436K->503803K(699392K), 0.0137471 secs] [Times: user=0.12 sys=0.00, real=0.01 secs] 
2016-09-15T12:42:32.879-0400: 188.943: [GC (GCLocker Initiated GC) [PSYoungGen: 167619K->85954K(175104K)] 592234K->571611K(699392K), 0.0174859 secs] [Times: user=0.21 sys=0.00, real=0.02 secs] 
2016-09-15T12:42:32.897-0400: 188.961: [Full GC (Ergonomics) [PSYoungGen: 85954K->0K(175104K)] [ParOldGen: 485657K->54383K(524288K)] 571611K->54383K(699392K), [Metaspace: 44542K->44542K(1087488K)], 0.0513598 secs] [Times: user=0.34 sys=0.02, real=0.05 secs] 
2016-09-15T12:42:33.083-0400: 189.148: [GC (GCLocker Initiated GC) [PSYoungGen: 88064K->85822K(175104K)] 148821K->152654K(699392K), 0.0099380 secs] [Times: user=0.12 sys=0.00, real=0.01 secs] 
2016-09-15T12:42:33.208-0400: 189.272: [GC (GCLocker Initiated GC) [PSYoungGen: 173886K->73868K(175104K)] 241029K->177924K(699392K), 0.0092811 secs] [Times: user=0.11 sys=0.00, real=0.01 secs] 
2016-09-15T12:42:33.330-0400: 189.394: [GC (GCLocker Initiated GC) [PSYoungGen: 161932K->85758K(175104K)] 266108K->214533K(699392K), 0.0135993 secs] [Times: user=0.16 sys=0.00, real=0.01 secs] 
2016-09-15T12:42:33.497-0400: 189.561: [GC (Allocation Failure) [PSYoungGen: 173822K->61166K(175104K)] 302644K->220607K(699392K), 0.0198382 secs] [Times: user=0.17 sys=0.00, real=0.02 secs] 
2016-09-15T12:42:33.643-0400: 189.708: [GC (GCLocker Initiated GC) [PSYoungGen: 149230K->85690K(175104K)] 308676K->275655K(699392K), 0.0126708 secs] [Times: user=0.14 sys=0.01, real=0.02 secs] 
2016-09-15T12:42:33.756-0400: 189.820: [GC (GCLocker Initiated GC) [PSYoungGen: 173754K->85986K(175104K)] 363906K->300581K(699392K), 0.0121769 secs] [Times: user=0.18 sys=0.01, real=0.01 secs] 
2016-09-15T12:42:33.889-0400: 189.953: [GC (GCLocker Initiated GC) [PSYoungGen: 174050K->73540K(175104K)] 388799K->325070K(699392K), 0.0095189 secs] [Times: user=0.13 sys=0.01, real=0.01 secs] 
2016-09-15T12:42:34.015-0400: 190.079: [GC (GCLocker Initiated GC) [PSYoungGen: 161604K->86282K(175104K)] 413266K->374545K(699392K), 0.0142685 secs] [Times: user=0.20 sys=0.02, real=0.02 secs] 
2016-09-15T12:42:34.141-0400: 190.205: [GC (GCLocker Initiated GC) [PSYoungGen: 174346K->73412K(175104K)] 468749K->398637K(699392K), 0.0113575 secs] [Times: user=0.10 sys=0.00, real=0.01 secs] 
2016-09-15T12:42:34.269-0400: 190.333: [GC (GCLocker Initiated GC) [PSYoungGen: 161476K->73808K(175104K)] 486770K->447814K(699392K), 0.0204224 secs] [Times: user=0.26 sys=0.00, real=0.02 secs] 
2016-09-15T12:42:34.423-0400: 190.488: [GC (Allocation Failure) [PSYoungGen: 161872K->55611K(175104K)] 548226K->460613K(699392K), 0.0081800 secs] [Times: user=0.08 sys=0.00, real=0.01 secs] 
2016-09-15T12:42:34.557-0400: 190.621: [GC (Allocation Failure) [PSYoungGen: 143673K->61230K(175104K)] 548676K->466516K(699392K), 0.0280905 secs] [Times: user=0.37 sys=0.00, real=0.02 secs] 
2016-09-15T12:42:34.706-0400: 190.770: [GC (GCLocker Initiated GC) [PSYoungGen: 149294K->73672K(175104K)] 554585K->497324K(699392K), 0.0087686 secs] [Times: user=0.12 sys=0.00, real=0.01 secs] 
2016-09-15T12:42:34.834-0400: 190.898: [GC (GCLocker Initiated GC) [PSYoungGen: 161736K->79687K(175104K)] 585469K->503672K(699392K), 0.0203585 secs] [Times: user=0.22 sys=0.00, real=0.02 secs] 
2016-09-15T12:42:35.003-0400: 191.068: [GC (GCLocker Initiated GC) [PSYoungGen: 167751K->19160K(175104K)] 616190K->540979K(699392K), 0.0145681 secs] [Times: user=0.15 sys=0.00, real=0.02 secs] 
2016-09-15T12:42:35.018-0400: 191.082: [Full GC (Ergonomics) [PSYoungGen: 19160K->0K(175104K)] [ParOldGen: 521818K->54065K(524288K)] 540979K->54065K(699392K), [Metaspace: 44543K->44543K(1087488K)], 0.0563087 secs] [Times: user=0.34 sys=0.00, real=0.05 secs] 
2016-09-15T12:42:35.228-0400: 191.292: [GC (GCLocker Initiated GC) [PSYoungGen: 88064K->85662K(175104K)] 142198K->139796K(699392K), 0.0100015 secs] [Times: user=0.11 sys=0.00, real=0.01 secs] 
2016-09-15T12:42:35.352-0400: 191.416: [GC (GCLocker Initiated GC) [PSYoungGen: 173726K->85722K(175104K)] 228222K->195224K(699392K), 0.0109552 secs] [Times: user=0.14 sys=0.00, real=0.01 secs] 
2016-09-15T12:42:35.479-0400: 191.543: [GC (GCLocker Initiated GC) [PSYoungGen: 173786K->85822K(175104K)] 289702K->244391K(699392K), 0.0179834 secs] [Times: user=0.24 sys=0.00, real=0.02 secs] 
2016-09-15T12:42:35.610-0400: 191.674: [GC (GCLocker Initiated GC) [PSYoungGen: 173886K->49180K(175104K)] 332653K->238573K(699392K), 0.0156137 secs] [Times: user=0.13 sys=0.00, real=0.01 secs] 
2016-09-15T12:42:35.744-0400: 191.809: [GC (GCLocker Initiated GC) [PSYoungGen: 137244K->73772K(175104K)] 332862K->269682K(699392K), 0.0133525 secs] [Times: user=0.16 sys=0.00, real=0.02 secs] 
2016-09-15T12:42:35.871-0400: 191.935: [GC (GCLocker Initiated GC) [PSYoungGen: 161836K->79683K(175104K)] 357990K->312759K(699392K), 0.0113137 secs] [Times: user=0.15 sys=0.00, real=0.01 secs] 
2016-09-15T12:42:36.008-0400: 192.072: [GC (GCLocker Initiated GC) [PSYoungGen: 167747K->79975K(175104K)] 406979K->343823K(699392K), 0.0100436 secs] [Times: user=0.11 sys=0.00, real=0.01 secs] 
2016-09-15T12:42:36.162-0400: 192.226: [GC (Allocation Failure) [PSYoungGen: 168039K->49176K(175104K)] 431934K->380367K(699392K), 0.0140394 secs] [Times: user=0.19 sys=0.00, real=0.02 secs] 
2016-09-15T12:42:36.300-0400: 192.365: [GC (GCLocker Initiated GC) [PSYoungGen: 137240K->73512K(175104K)] 468431K->441281K(699392K), 0.0163209 secs] [Times: user=0.20 sys=0.00, real=0.02 secs] 
2016-09-15T12:42:36.450-0400: 192.514: [GC (GCLocker Initiated GC) [PSYoungGen: 161576K->19360K(175104K)] 553889K->430166K(699392K), 0.0112892 secs] [Times: user=0.12 sys=0.00, real=0.01 secs] 
2016-09-15T12:42:36.596-0400: 192.661: [GC (GCLocker Initiated GC) [PSYoungGen: 107424K->55351K(175104K)] 524520K->472682K(699392K), 0.0093742 secs] [Times: user=0.11 sys=0.00, real=0.00 secs] 
2016-09-15T12:42:36.716-0400: 192.780: [GC (GCLocker Initiated GC) [PSYoungGen: 143415K->55547K(175104K)] 567505K->497958K(699392K), 0.0095004 secs] [Times: user=0.10 sys=0.00, real=0.00 secs] 
2016-09-15T12:42:36.868-0400: 192.932: [GC (GCLocker Initiated GC) [PSYoungGen: 143611K->73380K(175104K)] 592139K->522027K(699392K), 0.0110933 secs] [Times: user=0.14 sys=0.00, real=0.01 secs] 
2016-09-15T12:42:37.006-0400: 193.070: [Full GC (Ergonomics) [PSYoungGen: 161444K->0K(175104K)] [ParOldGen: 454764K->54210K(524288K)] 616208K->54210K(699392K), [Metaspace: 44543K->44543K(1087488K)], 0.0673254 secs] [Times: user=0.54 sys=0.02, real=0.07 secs] 
2016-09-15T12:42:37.192-0400: 193.256: [GC (GCLocker Initiated GC) [PSYoungGen: 88064K->86498K(175104K)] 142310K->183269K(699392K), 0.0084792 secs] [Times: user=0.12 sys=0.01, real=0.01 secs] 
2016-09-15T12:42:37.318-0400: 193.383: [GC (GCLocker Initiated GC) [PSYoungGen: 174562K->79615K(175104K)] 271481K->232200K(699392K), 0.0116412 secs] [Times: user=0.16 sys=0.00, real=0.01 secs] 
2016-09-15T12:42:37.452-0400: 193.516: [GC (GCLocker Initiated GC) [PSYoungGen: 167679K->43269K(175104K)] 320479K->220465K(699392K), 0.0104654 secs] [Times: user=0.12 sys=0.00, real=0.01 secs] 
2016-09-15T12:42:37.573-0400: 193.637: [GC (GCLocker Initiated GC) [PSYoungGen: 131333K->73576K(175104K)] 314768K->257311K(699392K), 0.0086162 secs] [Times: user=0.10 sys=0.00, real=0.01 secs] 
2016-09-15T12:42:37.697-0400: 193.761: [GC (GCLocker Initiated GC) [PSYoungGen: 161640K->73772K(175104K)] 357723K->269999K(699392K), 0.0111872 secs] [Times: user=0.13 sys=0.00, real=0.01 secs] 
2016-09-15T12:42:37.851-0400: 193.915: [GC (GCLocker Initiated GC) [PSYoungGen: 161836K->24816K(175104K)] 376543K->288375K(699392K), 0.0158454 secs] [Times: user=0.15 sys=0.01, real=0.01 secs] 
2016-09-15T12:42:38.005-0400: 194.069: [GC (GCLocker Initiated GC) [PSYoungGen: 112880K->79587K(175104K)] 382679K->349505K(699392K), 0.0188093 secs] [Times: user=0.22 sys=0.00, real=0.02 secs] 
2016-09-15T12:42:38.140-0400: 194.204: [GC (Allocation Failure) [PSYoungGen: 167651K->79943K(175104K)] 443741K->398874K(699392K), 0.0103751 secs] [Times: user=0.14 sys=0.00, real=0.01 secs] 
2016-09-15T12:42:38.280-0400: 194.344: [GC (GCLocker Initiated GC) [PSYoungGen: 168007K->55287K(175104K)] 486944K->411129K(699392K), 0.0172344 secs] [Times: user=0.19 sys=0.01, real=0.02 secs] 
2016-09-15T12:42:38.443-0400: 194.507: [GC (GCLocker Initiated GC) [PSYoungGen: 143351K->73608K(175104K)] 505562K->436103K(699392K), 0.0095942 secs] [Times: user=0.09 sys=0.00, real=0.01 secs] 
2016-09-15T12:42:38.583-0400: 194.647: [GC (Allocation Failure) [PSYoungGen: 161672K->18904K(175104K)] 536661K->412362K(699392K), 0.0100108 secs] [Times: user=0.09 sys=0.00, real=0.01 secs] 
2016-09-15T12:42:38.694-0400: 194.758: [GC (GCLocker Initiated GC) [PSYoungGen: 101625K->61266K(175104K)] 501158K->460893K(699392K), 0.0110459 secs] [Times: user=0.08 sys=0.00, real=0.01 secs] 
2016-09-15T12:42:38.836-0400: 194.900: [GC (GCLocker Initiated GC) [PSYoungGen: 149330K->49148K(175104K)] 555082K->473213K(699392K), 0.0174739 secs] [Times: user=0.16 sys=0.00, real=0.01 secs] 
2016-09-15T12:42:38.965-0400: 195.029: [GC (GCLocker Initiated GC) [PSYoungGen: 137212K->55451K(175104K)] 567572K->485931K(699392K), 0.0086225 secs] [Times: user=0.08 sys=0.00, real=0.01 secs] 
2016-09-15T12:42:39.090-0400: 195.154: [GC (GCLocker Initiated GC) [PSYoungGen: 143515K->61298K(175104K)] 574043K->510303K(699392K), 0.0183729 secs] [Times: user=0.17 sys=0.01, real=0.02 secs] 
2016-09-15T12:42:39.226-0400: 195.290: [GC (GCLocker Initiated GC) [PSYoungGen: 149362K->73284K(175104K)] 598588K->553152K(699392K), 0.0313333 secs] [Times: user=0.36 sys=0.00, real=0.04 secs] 
2016-09-15T12:42:39.257-0400: 195.321: [Full GC (Ergonomics) [PSYoungGen: 73284K->0K(175104K)] [ParOldGen: 479868K->54282K(524288K)] 553152K->54282K(699392K), [Metaspace: 44544K->44544K(1087488K)], 0.0546092 secs] [Times: user=0.31 sys=0.01, real=0.05 secs] 
2016-09-15T12:42:39.409-0400: 195.474: [GC (Allocation Failure) [PSYoungGen: 88064K->86630K(175104K)] 148575K->159291K(699392K), 0.0119277 secs] [Times: user=0.15 sys=0.01, real=0.01 secs] 
2016-09-15T12:42:39.510-0400: 195.574: [GC (GCLocker Initiated GC) [PSYoungGen: 174694K->85986K(175104K)] 247355K->232570K(699392K), 0.0124869 secs] [Times: user=0.18 sys=0.00, real=0.01 secs] 
2016-09-15T12:42:39.662-0400: 195.726: [GC (GCLocker Initiated GC) [PSYoungGen: 174050K->67369K(175104K)] 332843K->263068K(699392K), 0.0084943 secs] [Times: user=0.11 sys=0.00, real=0.01 secs] 
2016-09-15T12:42:39.787-0400: 195.851: [GC (GCLocker Initiated GC) [PSYoungGen: 155433K->73640K(175104K)] 351710K->330802K(699392K), 0.0126453 secs] [Times: user=0.15 sys=0.01, real=0.02 secs] 
2016-09-15T12:42:39.891-0400: 195.955: [GC (GCLocker Initiated GC) [PSYoungGen: 161704K->24944K(175104K)] 425129K->325086K(699392K), 0.0091259 secs] [Times: user=0.08 sys=0.01, real=0.01 secs] 
2016-09-15T12:42:40.016-0400: 196.080: [GC (GCLocker Initiated GC) [PSYoungGen: 113008K->86086K(175104K)] 413388K->398900K(699392K), 0.0246541 secs] [Times: user=0.26 sys=0.01, real=0.02 secs] 
2016-09-15T12:42:40.190-0400: 196.254: [GC (GCLocker Initiated GC) [PSYoungGen: 174150K->73416K(175104K)] 486988K->423012K(699392K), 0.0101677 secs] [Times: user=0.12 sys=0.00, real=0.01 secs] 
2016-09-15T12:42:40.309-0400: 196.374: [GC (GCLocker Initiated GC) [PSYoungGen: 161480K->73412K(175104K)] 511145K->459850K(699392K), 0.0100602 secs] [Times: user=0.14 sys=0.01, real=0.01 secs] 
2016-09-15T12:42:40.433-0400: 196.497: [GC (GCLocker Initiated GC) [PSYoungGen: 161476K->85594K(175104K)] 548107K->502728K(699392K), 0.0100025 secs] [Times: user=0.12 sys=0.00, real=0.01 secs] 
2016-09-15T12:42:40.560-0400: 196.624: [GC (Allocation Failure) [PSYoungGen: 173658K->56366K(175104K)] 596975K->498052K(699392K), 0.0074826 secs] [Times: user=0.09 sys=0.00, real=0.00 secs] 
2016-09-15T12:42:40.666-0400: 196.731: [GC (GCLocker Initiated GC) [PSYoungGen: 142768K->61394K(175104K)] 590529K->509578K(699392K), 0.0153964 secs] [Times: user=0.15 sys=0.00, real=0.02 secs] 
2016-09-15T12:42:40.797-0400: 196.861: [GC (Allocation Failure) [PSYoungGen: 149458K->79943K(175104K)] 603747K->552617K(699392K), 0.0089217 secs] [Times: user=0.11 sys=0.00, real=0.00 secs] 
2016-09-15T12:42:40.806-0400: 196.870: [Full GC (Ergonomics) [PSYoungGen: 79943K->0K(175104K)] [ParOldGen: 472674K->46787K(524288K)] 552617K->46787K(699392K), [Metaspace: 44544K->44544K(1087488K)], 0.0697065 secs] [Times: user=0.67 sys=0.00, real=0.08 secs] 
2016-09-15T12:42:40.989-0400: 197.053: [GC (GCLocker Initiated GC) [PSYoungGen: 87587K->74092K(175104K)] 140449K->126954K(699392K), 0.0129195 secs] [Times: user=0.19 sys=0.00, real=0.01 secs] 
2016-09-15T12:42:41.101-0400: 197.165: [GC (GCLocker Initiated GC) [PSYoungGen: 162156K->86086K(175104K)] 215110K->169986K(699392K), 0.0158552 secs] [Times: user=0.21 sys=0.00, real=0.02 secs] 
2016-09-15T12:42:41.220-0400: 197.284: [GC (GCLocker Initiated GC) [PSYoungGen: 174150K->73640K(175104K)] 258070K->224849K(699392K), 0.0094040 secs] [Times: user=0.14 sys=0.00, real=0.01 secs] 
2016-09-15T12:42:41.336-0400: 197.400: [GC (GCLocker Initiated GC) [PSYoungGen: 161704K->62013K(175104K)] 319147K->262470K(699392K), 0.0102506 secs] [Times: user=0.14 sys=0.00, real=0.00 secs] 
2016-09-15T12:42:41.463-0400: 197.527: [GC (GCLocker Initiated GC) [PSYoungGen: 150077K->61458K(175104K)] 350570K->298716K(699392K), 0.0116349 secs] [Times: user=0.14 sys=0.00, real=0.01 secs] 
2016-09-15T12:42:41.606-0400: 197.670: [GC (GCLocker Initiated GC) [PSYoungGen: 149522K->55547K(175104K)] 392963K->311398K(699392K), 0.0091121 secs] [Times: user=0.09 sys=0.00, real=0.01 secs] 
2016-09-15T12:42:41.733-0400: 197.797: [GC (GCLocker Initiated GC) [PSYoungGen: 143611K->73704K(175104K)] 405718K->372585K(699392K), 0.0080307 secs] [Times: user=0.12 sys=0.00, real=0.01 secs] 
2016-09-15T12:42:41.859-0400: 197.923: [GC (GCLocker Initiated GC) [PSYoungGen: 161768K->73868K(175104K)] 460809K->409487K(699392K), 0.0126972 secs] [Times: user=0.15 sys=0.00, real=0.01 secs] 
2016-09-15T12:42:41.972-0400: 198.036: [GC (Allocation Failure) [PSYoungGen: 161932K->73640K(175104K)] 497783K->440150K(699392K), 0.0122990 secs] [Times: user=0.12 sys=0.00, real=0.01 secs] 
2016-09-15T12:42:42.082-0400: 198.146: [GC (GCLocker Initiated GC) [PSYoungGen: 161704K->79915K(175104K)] 528219K->464783K(699392K), 0.0172825 secs] [Times: user=0.18 sys=0.00, real=0.02 secs] 
2016-09-15T12:42:42.224-0400: 198.288: [GC (GCLocker Initiated GC) [PSYoungGen: 167979K->85790K(175104K)] 559025K->501624K(699392K), 0.0225284 secs] [Times: user=0.27 sys=0.00, real=0.02 secs] 
2016-09-15T12:42:42.352-0400: 198.416: [GC (GCLocker Initiated GC) [PSYoungGen: 173854K->67501K(175104K)] 589920K->532450K(699392K), 0.0129557 secs] [Times: user=0.16 sys=0.00, real=0.01 secs] 
2016-09-15T12:42:42.365-0400: 198.429: [Full GC (Ergonomics) [PSYoungGen: 67501K->0K(175104K)] [ParOldGen: 464949K->46785K(524288K)] 532450K->46785K(699392K), [Metaspace: 44548K->44548K(1087488K)], 0.0611381 secs] [Times: user=0.42 sys=0.00, real=0.06 secs] 
2016-09-15T12:42:42.517-0400: 198.581: [GC (GCLocker Initiated GC) [PSYoungGen: 88064K->79587K(175104K)] 134886K->126409K(699392K), 0.0142975 secs] [Times: user=0.18 sys=0.00, real=0.01 secs] 
2016-09-15T12:42:42.641-0400: 198.705: [GC (GCLocker Initiated GC) [PSYoungGen: 167651K->79847K(175104K)] 214644K->193965K(699392K), 0.0128544 secs] [Times: user=0.15 sys=0.00, real=0.01 secs] 
2016-09-15T12:42:42.792-0400: 198.856: [GC (GCLocker Initiated GC) [PSYoungGen: 167911K->30955K(175104K)] 294512K->194430K(699392K), 0.0143905 secs] [Times: user=0.16 sys=0.00, real=0.01 secs] 
2016-09-15T12:42:42.908-0400: 198.972: [GC (GCLocker Initiated GC) [PSYoungGen: 119019K->37254K(175104K)] 294830K->213209K(699392K), 0.0055492 secs] [Times: user=0.07 sys=0.00, real=0.00 secs] 
2016-09-15T12:42:43.021-0400: 199.085: [GC (GCLocker Initiated GC) [PSYoungGen: 125318K->79847K(175104K)] 301387K->256216K(699392K), 0.0095339 secs] [Times: user=0.11 sys=0.00, real=0.01 secs] 
2016-09-15T12:42:43.140-0400: 199.204: [GC (GCLocker Initiated GC) [PSYoungGen: 167911K->73936K(175104K)] 350503K->305608K(699392K), 0.0121416 secs] [Times: user=0.16 sys=0.00, real=0.01 secs] 
2016-09-15T12:42:43.277-0400: 199.341: [GC (GCLocker Initiated GC) [PSYoungGen: 162000K->73608K(175104K)] 400013K->330301K(699392K), 0.0089411 secs] [Times: user=0.13 sys=0.00, real=0.00 secs] 
2016-09-15T12:42:43.410-0400: 199.474: [GC (GCLocker Initiated GC) [PSYoungGen: 161672K->85822K(175104K)] 418580K->367182K(699392K), 0.0096530 secs] [Times: user=0.14 sys=0.00, real=0.01 secs] 
2016-09-15T12:42:43.534-0400: 199.598: [GC (GCLocker Initiated GC) [PSYoungGen: 173886K->55743K(175104K)] 455573K->355774K(699392K), 0.0080930 secs] [Times: user=0.09 sys=0.00, real=0.01 secs] 
2016-09-15T12:42:43.653-0400: 199.717: [GC (GCLocker Initiated GC) [PSYoungGen: 143807K->85790K(175104K)] 450039K->428748K(699392K), 0.0089333 secs] [Times: user=0.11 sys=0.00, real=0.01 secs] 
2016-09-15T12:42:43.795-0400: 199.859: [GC (GCLocker Initiated GC) [PSYoungGen: 173854K->61362K(175104K)] 516854K->459156K(699392K), 0.0177016 secs] [Times: user=0.21 sys=0.01, real=0.02 secs] 
2016-09-15T12:42:43.894-0400: 199.958: [GC (GCLocker Initiated GC) [PSYoungGen: 149426K->85854K(175104K)] 553343K->538679K(699392K), 0.0096205 secs] [Times: user=0.13 sys=0.00, real=0.01 secs] 
2016-09-15T12:42:43.904-0400: 199.968: [Full GC (Ergonomics) [PSYoungGen: 85854K->0K(175104K)] [ParOldGen: 452825K->59020K(524288K)] 538679K->59020K(699392K), [Metaspace: 44548K->44548K(1087488K)], 0.0529611 secs] [Times: user=0.42 sys=0.01, real=0.06 secs] 
2016-09-15T12:42:44.070-0400: 200.134: [GC (GCLocker Initiated GC) [PSYoungGen: 88064K->86406K(175104K)] 147445K->151862K(699392K), 0.0080377 secs] [Times: user=0.11 sys=0.00, real=0.01 secs] 
2016-09-15T12:42:44.187-0400: 200.251: [GC (GCLocker Initiated GC) [PSYoungGen: 174470K->73608K(175104K)] 240219K->176690K(699392K), 0.0097167 secs] [Times: user=0.12 sys=0.00, real=0.02 secs] 
2016-09-15T12:42:44.292-0400: 200.356: [GC (GCLocker Initiated GC) [PSYoungGen: 161672K->55255K(175104K)] 270871K->188850K(699392K), 0.0094636 secs] [Times: user=0.08 sys=0.00, real=0.01 secs] 
2016-09-15T12:42:44.447-0400: 200.511: [GC (GCLocker Initiated GC) [PSYoungGen: 143319K->19000K(175104K)] 295282K->189472K(699392K), 0.0236322 secs] [Times: user=0.26 sys=0.00, real=0.03 secs] 
2016-09-15T12:42:44.604-0400: 200.668: [GC (GCLocker Initiated GC) [PSYoungGen: 107064K->73416K(175104K)] 283966K->250577K(699392K), 0.0129991 secs] [Times: user=0.11 sys=0.00, real=0.02 secs] 
2016-09-15T12:42:44.723-0400: 200.787: [GC (GCLocker Initiated GC) [PSYoungGen: 161477K->73900K(175104K)] 339005K->269944K(699392K), 0.0111437 secs] [Times: user=0.15 sys=0.00, real=0.01 secs] 
2016-09-15T12:42:44.863-0400: 200.927: [GC (GCLocker Initiated GC) [PSYoungGen: 161964K->73608K(175104K)] 364281K->312682K(699392K), 0.0173885 secs] [Times: user=0.20 sys=0.01, real=0.02 secs] 
2016-09-15T12:42:45.000-0400: 201.064: [GC (GCLocker Initiated GC) [PSYoungGen: 161672K->67597K(175104K)] 400823K->325084K(699392K), 0.0097427 secs] [Times: user=0.10 sys=0.00, real=0.01 secs] 
2016-09-15T12:42:45.115-0400: 201.179: [GC (GCLocker Initiated GC) [PSYoungGen: 155661K->67601K(175104K)] 419517K->374133K(699392K), 0.0118068 secs] [Times: user=0.12 sys=0.00, real=0.01 secs] 
2016-09-15T12:42:45.246-0400: 201.310: [GC (GCLocker Initiated GC) [PSYoungGen: 155665K->55451K(175104K)] 474664K->393114K(699392K), 0.0155659 secs] [Times: user=0.16 sys=0.00, real=0.02 secs] 
2016-09-15T12:42:45.392-0400: 201.456: [GC (GCLocker Initiated GC) [PSYoungGen: 143515K->49084K(175104K)] 487553K->411614K(699392K), 0.0166483 secs] [Times: user=0.15 sys=0.00, real=0.02 secs] 
2016-09-15T12:42:45.508-0400: 201.573: [GC (GCLocker Initiated GC) [PSYoungGen: 137148K->67601K(175104K)] 499983K->454847K(699392K), 0.0200500 secs] [Times: user=0.20 sys=0.00, real=0.02 secs] 
2016-09-15T12:42:45.638-0400: 201.702: [GC (Allocation Failure) [PSYoungGen: 155665K->79423K(175104K)] 542970K->485221K(699392K), 0.0178043 secs] [Times: user=0.18 sys=0.00, real=0.02 secs] 
2016-09-15T12:42:45.656-0400: 201.721: [GC (GCLocker Initiated GC) [PSYoungGen: 79771K->64K(175104K)] 485569K->497160K(699392K), 0.0098021 secs] [Times: user=0.09 sys=0.00, real=0.00 secs] 
2016-09-15T12:42:45.666-0400: 201.730: [Full GC (Ergonomics) [PSYoungGen: 64K->0K(175104K)] [ParOldGen: 497096K->46683K(524288K)] 497160K->46683K(699392K), [Metaspace: 44553K->44553K(1087488K)], 0.0540133 secs] [Times: user=0.31 sys=0.01, real=0.06 secs] 
2016-09-15T12:42:45.827-0400: 201.891: [GC (GCLocker Initiated GC) [PSYoungGen: 87119K->86082K(175104K)] 139878K->181365K(699392K), 0.0246748 secs] [Times: user=0.25 sys=0.01, real=0.03 secs] 
2016-09-15T12:42:45.969-0400: 202.033: [GC (GCLocker Initiated GC) [PSYoungGen: 174146K->49148K(175104K)] 269494K->187708K(699392K), 0.0114571 secs] [Times: user=0.08 sys=0.01, real=0.01 secs] 
2016-09-15T12:42:46.084-0400: 202.148: [GC (GCLocker Initiated GC) [PSYoungGen: 137212K->73640K(175104K)] 275971K->285434K(699392K), 0.0188964 secs] [Times: user=0.22 sys=0.00, real=0.02 secs] 
2016-09-15T12:42:46.206-0400: 202.271: [GC (GCLocker Initiated GC) [PSYoungGen: 161704K->85790K(175104K)] 373563K->322240K(699392K), 0.0143891 secs] [Times: user=0.15 sys=0.00, real=0.02 secs] 
2016-09-15T12:42:46.339-0400: 202.403: [GC (GCLocker Initiated GC) [PSYoungGen: 173854K->43005K(175104K)] 410665K->353000K(699392K), 0.0150231 secs] [Times: user=0.16 sys=0.02, real=0.01 secs] 
2016-09-15T12:42:46.462-0400: 202.526: [GC (GCLocker Initiated GC) [PSYoungGen: 131069K->61362K(175104K)] 447270K->395875K(699392K), 0.0243207 secs] [Times: user=0.25 sys=0.00, real=0.02 secs] 
2016-09-15T12:42:46.617-0400: 202.681: [GC (GCLocker Initiated GC) [PSYoungGen: 149426K->73284K(175104K)] 484076K->426458K(699392K), 0.0280757 secs] [Times: user=0.30 sys=0.01, real=0.02 secs] 
2016-09-15T12:42:46.750-0400: 202.814: [GC (GCLocker Initiated GC) [PSYoungGen: 161348K->79715K(175104K)] 514643K->475663K(699392K), 0.0102984 secs] [Times: user=0.14 sys=0.00, real=0.01 secs] 
2016-09-15T12:42:46.858-0400: 202.922: [GC (GCLocker Initiated GC) [PSYoungGen: 167779K->55611K(175104K)] 563874K->524930K(699392K), 0.0098021 secs] [Times: user=0.13 sys=0.00, real=0.01 secs] 
2016-09-15T12:42:46.868-0400: 202.932: [Full GC (Ergonomics) [PSYoungGen: 55611K->0K(175104K)] [ParOldGen: 469319K->53314K(524288K)] 524930K->53314K(699392K), [Metaspace: 44554K->44554K(1087488K)], 0.0611223 secs] [Times: user=0.42 sys=0.01, real=0.06 secs] 
2016-09-15T12:42:47.043-0400: 203.107: [GC (GCLocker Initiated GC) [PSYoungGen: 88064K->86242K(175104K)] 141521K->163999K(699392K), 0.0086549 secs] [Times: user=0.12 sys=0.00, real=0.01 secs] 
2016-09-15T12:42:47.164-0400: 203.228: [GC (GCLocker Initiated GC) [PSYoungGen: 174306K->86018K(175104K)] 252262K->225475K(699392K), 0.0223404 secs] [Times: user=0.25 sys=0.00, real=0.02 secs] 
2016-09-15T12:42:47.303-0400: 203.367: [GC (GCLocker Initiated GC) [PSYoungGen: 174082K->61522K(175104K)] 319673K->274089K(699392K), 0.0118603 secs] [Times: user=0.17 sys=0.02, real=0.01 secs] 
2016-09-15T12:42:47.439-0400: 203.503: [GC (GCLocker Initiated GC) [PSYoungGen: 149586K->86150K(175104K)] 362195K->341592K(699392K), 0.0097772 secs] [Times: user=0.14 sys=0.00, real=0.01 secs] 
2016-09-15T12:42:47.573-0400: 203.637: [GC (GCLocker Initiated GC) [PSYoungGen: 174214K->49080K(175104K)] 429709K->365764K(699392K), 0.0111834 secs] [Times: user=0.09 sys=0.01, real=0.01 secs] 
2016-09-15T12:42:47.694-0400: 203.758: [GC (Allocation Failure) [PSYoungGen: 137144K->73836K(175104K)] 460208K->439561K(699392K), 0.0092191 secs] [Times: user=0.13 sys=0.00, real=0.01 secs] 
2016-09-15T12:42:47.840-0400: 203.904: [GC (GCLocker Initiated GC) [PSYoungGen: 161896K->67533K(175104K)] 527632K->470026K(699392K), 0.0105898 secs] [Times: user=0.14 sys=0.00, real=0.01 secs] 
2016-09-15T12:42:47.943-0400: 204.007: [GC (GCLocker Initiated GC) [PSYoungGen: 155597K->67505K(175104K)] 558234K->470230K(699392K), 0.0135167 secs] [Times: user=0.16 sys=0.00, real=0.02 secs] 
2016-09-15T12:42:48.083-0400: 204.147: [GC (Allocation Failure) [PSYoungGen: 155569K->79683K(175104K)] 558397K->501191K(699392K), 0.0106508 secs] [Times: user=0.13 sys=0.01, real=0.01 secs] 
2016-09-15T12:42:48.214-0400: 204.278: [GC (GCLocker Initiated GC) [PSYoungGen: 165056K->73576K(175104K)] 592640K->543984K(699392K), 0.0152376 secs] [Times: user=0.21 sys=0.00, real=0.02 secs] 
2016-09-15T12:42:48.229-0400: 204.293: [Full GC (Ergonomics) [PSYoungGen: 73576K->0K(175104K)] [ParOldGen: 470408K->53323K(524288K)] 543984K->53323K(699392K), [Metaspace: 44562K->44562K(1087488K)], 0.0513815 secs] [Times: user=0.33 sys=0.02, real=0.05 secs] 
2016-09-15T12:42:48.405-0400: 204.469: [GC (GCLocker Initiated GC) [PSYoungGen: 88064K->85922K(175104K)] 141732K->163891K(699392K), 0.0099657 secs] [Times: user=0.12 sys=0.01, real=0.01 secs] 
2016-09-15T12:42:48.557-0400: 204.621: [GC (Allocation Failure) [PSYoungGen: 173986K->55283K(175104K)] 252016K->188444K(699392K), 0.0143207 secs] [Times: user=0.18 sys=0.00, real=0.01 secs] 
2016-09-15T12:42:48.679-0400: 204.743: [GC (GCLocker Initiated GC) [PSYoungGen: 143347K->85790K(175104K)] 276509K->261621K(699392K), 0.0093378 secs] [Times: user=0.14 sys=0.01, real=0.01 secs] 
2016-09-15T12:42:48.812-0400: 204.876: [GC (GCLocker Initiated GC) [PSYoungGen: 173848K->74164K(175104K)] 350041K->268716K(699392K), 0.0086480 secs] [Times: user=0.12 sys=0.00, real=0.01 secs] 
2016-09-15T12:42:48.917-0400: 204.981: [GC (GCLocker Initiated GC) [PSYoungGen: 162228K->79551K(175104K)] 356845K->311262K(699392K), 0.0132882 secs] [Times: user=0.16 sys=0.00, real=0.01 secs] 
2016-09-15T12:42:49.042-0400: 205.106: [GC (GCLocker Initiated GC) [PSYoungGen: 167615K->68120K(175104K)] 399692K->330701K(699392K), 0.0109250 secs] [Times: user=0.13 sys=0.00, real=0.01 secs] 
2016-09-15T12:42:49.167-0400: 205.231: [GC (GCLocker Initiated GC) [PSYoungGen: 156184K->85890K(175104K)] 424888K->367354K(699392K), 0.0082160 secs] [Times: user=0.11 sys=0.00, real=0.01 secs] 
2016-09-15T12:42:49.299-0400: 205.363: [GC (GCLocker Initiated GC) [PSYoungGen: 173954K->55219K(175104K)] 455422K->409902K(699392K), 0.0225810 secs] [Times: user=0.31 sys=0.00, real=0.02 secs] 
2016-09-15T12:42:49.448-0400: 205.512: [GC (GCLocker Initiated GC) [PSYoungGen: 143283K->85658K(175104K)] 498215K->452876K(699392K), 0.0089392 secs] [Times: user=0.11 sys=0.00, real=0.01 secs] 
2016-09-15T12:42:49.611-0400: 205.676: [GC (GCLocker Initiated GC) [PSYoungGen: 173722K->55415K(175104K)] 553333K->477686K(699392K), 0.0114584 secs] [Times: user=0.16 sys=0.01, real=0.01 secs] 
2016-09-15T12:42:49.734-0400: 205.798: [GC (GCLocker Initiated GC) [PSYoungGen: 143479K->85854K(175104K)] 565809K->532783K(699392K), 0.0133811 secs] [Times: user=0.15 sys=0.01, real=0.02 secs] 
2016-09-15T12:42:49.748-0400: 205.812: [Full GC (Ergonomics) [PSYoungGen: 85854K->0K(175104K)] [ParOldGen: 446929K->59470K(524288K)] 532783K->59470K(699392K), [Metaspace: 44563K->44563K(1087488K)], 0.0568586 secs] [Times: user=0.37 sys=0.03, real=0.05 secs] 
2016-09-15T12:42:49.921-0400: 205.985: [GC (GCLocker Initiated GC) [PSYoungGen: 88064K->74448K(175104K)] 153892K->140276K(699392K), 0.0078634 secs] [Times: user=0.11 sys=0.00, real=0.01 secs] 
2016-09-15T12:42:50.057-0400: 206.121: [GC (GCLocker Initiated GC) [PSYoungGen: 162512K->67401K(175104K)] 240761K->165195K(699392K), 0.0080130 secs] [Times: user=0.11 sys=0.00, real=0.00 secs] 
2016-09-15T12:42:50.204-0400: 206.268: [GC (Allocation Failure) [PSYoungGen: 155465K->85822K(175104K)] 253301K->220243K(699392K), 0.0143398 secs] [Times: user=0.18 sys=0.00, real=0.02 secs] 
2016-09-15T12:42:50.331-0400: 206.395: [GC (GCLocker Initiated GC) [PSYoungGen: 169163K->67629K(175104K)] 309659K->263108K(699392K), 0.0105160 secs] [Times: user=0.13 sys=0.00, real=0.01 secs] 
2016-09-15T12:42:50.460-0400: 206.524: [GC (GCLocker Initiated GC) [PSYoungGen: 155693K->79751K(175104K)] 351415K->287734K(699392K), 0.0411232 secs] [Times: user=0.43 sys=0.00, real=0.04 secs] 
2016-09-15T12:42:50.626-0400: 206.690: [GC (GCLocker Initiated GC) [PSYoungGen: 167815K->61134K(175104K)] 375952K->287740K(699392K), 0.0178216 secs] [Times: user=0.17 sys=0.00, real=0.02 secs] 
2016-09-15T12:42:50.745-0400: 206.809: [GC (GCLocker Initiated GC) [PSYoungGen: 149198K->37194K(175104K)] 375806K->306422K(699392K), 0.0127066 secs] [Times: user=0.12 sys=0.00, real=0.02 secs] 
2016-09-15T12:42:50.874-0400: 206.939: [GC (Allocation Failure) [PSYoungGen: 125258K->85694K(175104K)] 400625K->397819K(699392K), 0.0103562 secs] [Times: user=0.13 sys=0.00, real=0.01 secs] 
2016-09-15T12:42:51.012-0400: 207.076: [GC (GCLocker Initiated GC) [PSYoungGen: 171242K->73836K(175104K)] 489443K->447027K(699392K), 0.0116997 secs] [Times: user=0.17 sys=0.01, real=0.01 secs] 
2016-09-15T12:42:51.148-0400: 207.212: [GC (GCLocker Initiated GC) [PSYoungGen: 161900K->79747K(175104K)] 541219K->495831K(699392K), 0.0202047 secs] [Times: user=0.23 sys=0.00, real=0.02 secs] 
2016-09-15T12:42:51.283-0400: 207.347: [GC (GCLocker Initiated GC) [PSYoungGen: 167811K->85954K(175104K)] 584133K->569228K(699392K), 0.0128078 secs] [Times: user=0.14 sys=0.00, real=0.02 secs] 
2016-09-15T12:42:51.296-0400: 207.360: [Full GC (Ergonomics) [PSYoungGen: 85954K->0K(175104K)] [ParOldGen: 483274K->53425K(524288K)] 569228K->53425K(699392K), [Metaspace: 44563K->44563K(1087488K)], 0.0573661 secs] [Times: user=0.37 sys=0.01, real=0.05 secs] 
2016-09-15T12:42:51.482-0400: 207.546: [GC (GCLocker Initiated GC) [PSYoungGen: 88064K->85954K(175104K)] 141738K->145703K(699392K), 0.0109813 secs] [Times: user=0.14 sys=0.00, real=0.01 secs] 
2016-09-15T12:42:51.639-0400: 207.703: [GC (GCLocker Initiated GC) [PSYoungGen: 174018K->36998K(175104K)] 252342K->152032K(699392K), 0.0093048 secs] [Times: user=0.09 sys=0.01, real=0.01 secs] 
2016-09-15T12:42:51.796-0400: 207.860: [GC (GCLocker Initiated GC) [PSYoungGen: 125062K->37485K(175104K)] 240244K->152959K(699392K), 0.0148526 secs] [Times: user=0.19 sys=0.00, real=0.01 secs] 
2016-09-15T12:42:51.919-0400: 207.983: [GC (Allocation Failure) [PSYoungGen: 125549K->67373K(175104K)] 241115K->183026K(699392K), 0.0139300 secs] [Times: user=0.15 sys=0.00, real=0.01 secs] 
2016-09-15T12:42:52.060-0400: 208.124: [GC (GCLocker Initiated GC) [PSYoungGen: 151267K->55287K(175104K)] 272996K->225899K(699392K), 0.0106877 secs] [Times: user=0.11 sys=0.00, real=0.01 secs] 
2016-09-15T12:42:52.200-0400: 208.264: [GC (Allocation Failure) [PSYoungGen: 143351K->49539K(175104K)] 320101K->226386K(699392K), 0.0174319 secs] [Times: user=0.19 sys=0.00, real=0.02 secs] 
2016-09-15T12:42:52.318-0400: 208.383: [GC (GCLocker Initiated GC) [PSYoungGen: 137603K->79551K(175104K)] 314450K->287087K(699392K), 0.0130501 secs] [Times: user=0.17 sys=0.00, real=0.01 secs] 
2016-09-15T12:42:52.455-0400: 208.519: [GC (GCLocker Initiated GC) [PSYoungGen: 167615K->61558K(175104K)] 381240K->293527K(699392K), 0.0224736 secs] [Times: user=0.25 sys=0.01, real=0.03 secs] 
2016-09-15T12:42:52.621-0400: 208.685: [GC (GCLocker Initiated GC) [PSYoungGen: 149622K->61458K(175104K)] 393811K->348792K(699392K), 0.0181986 secs] [Times: user=0.21 sys=0.00, real=0.02 secs] 
2016-09-15T12:42:52.733-0400: 208.797: [GC (GCLocker Initiated GC) [PSYoungGen: 149522K->67277K(175104K)] 442979K->385114K(699392K), 0.0274931 secs] [Times: user=0.35 sys=0.00, real=0.03 secs] 
2016-09-15T12:42:52.877-0400: 208.941: [GC (GCLocker Initiated GC) [PSYoungGen: 155341K->85790K(175104K)] 473226K->440424K(699392K), 0.0171295 secs] [Times: user=0.22 sys=0.00, real=0.01 secs] 
2016-09-15T12:42:53.032-0400: 209.096: [GC (GCLocker Initiated GC) [PSYoungGen: 173854K->49340K(175104K)] 540821K->477340K(699392K), 0.0151730 secs] [Times: user=0.21 sys=0.01, real=0.01 secs] 
2016-09-15T12:42:53.202-0400: 209.266: [GC (GCLocker Initiated GC) [PSYoungGen: 137404K->55711K(175104K)] 571684K->490118K(699392K), 0.0137832 secs] [Times: user=0.19 sys=0.00, real=0.02 secs] 
2016-09-15T12:42:53.318-0400: 209.382: [GC (GCLocker Initiated GC) [PSYoungGen: 143775K->85822K(175104K)] 578230K->556879K(699392K), 0.0130710 secs] [Times: user=0.18 sys=0.00, real=0.01 secs] 
2016-09-15T12:42:53.331-0400: 209.395: [Full GC (Ergonomics) [PSYoungGen: 85822K->0K(175104K)] [ParOldGen: 471057K->53470K(524288K)] 556879K->53470K(699392K), [Metaspace: 44573K->44573K(1087488K)], 0.0550149 secs] [Times: user=0.37 sys=0.01, real=0.05 secs] 
2016-09-15T12:42:53.487-0400: 209.551: [GC (GCLocker Initiated GC) [PSYoungGen: 88064K->74548K(175104K)] 147752K->134236K(699392K), 0.0097935 secs] [Times: user=0.07 sys=0.00, real=0.02 secs] 
2016-09-15T12:42:53.632-0400: 209.696: [GC (GCLocker Initiated GC) [PSYoungGen: 162612K->67305K(175104K)] 228484K->158757K(699392K), 0.0083058 secs] [Times: user=0.08 sys=0.00, real=0.01 secs] 
2016-09-15T12:42:53.758-0400: 209.822: [GC (Allocation Failure) [PSYoungGen: 155369K->73576K(175104K)] 246996K->201781K(699392K), 0.0218319 secs] [Times: user=0.27 sys=0.00, real=0.02 secs] 
2016-09-15T12:42:53.908-0400: 209.972: [GC (GCLocker Initiated GC) [PSYoungGen: 159077K->55579K(175104K)] 293357K->226592K(699392K), 0.0097931 secs] [Times: user=0.12 sys=0.00, real=0.01 secs] 
2016-09-15T12:42:54.049-0400: 210.113: [GC (GCLocker Initiated GC) [PSYoungGen: 143643K->73544K(175104K)] 321064K->251085K(699392K), 0.0093536 secs] [Times: user=0.08 sys=0.00, real=0.01 secs] 
2016-09-15T12:42:54.171-0400: 210.235: [GC (GCLocker Initiated GC) [PSYoungGen: 161608K->67373K(175104K)] 339308K->263582K(699392K), 0.0118791 secs] [Times: user=0.10 sys=0.00, real=0.01 secs] 
2016-09-15T12:42:54.290-0400: 210.355: [GC (GCLocker Initiated GC) [PSYoungGen: 155437K->43265K(175104K)] 364084K->294721K(699392K), 0.0177221 secs] [Times: user=0.19 sys=0.00, real=0.02 secs] 
2016-09-15T12:42:54.459-0400: 210.523: [GC (Allocation Failure) [PSYoungGen: 131329K->37585K(175104K)] 401360K->325961K(699392K), 0.0095301 secs] [Times: user=0.11 sys=0.01, real=0.01 secs] 
2016-09-15T12:42:54.469-0400: 210.534: [GC (GCLocker Initiated GC) [PSYoungGen: 37602K->160K(175104K)] 325977K->325667K(699392K), 0.0064628 secs] [Times: user=0.06 sys=0.00, real=0.01 secs] 
2016-09-15T12:42:54.624-0400: 210.688: [GC (GCLocker Initiated GC) [PSYoungGen: 88224K->85726K(175104K)] 413742K->423394K(699392K), 0.0146703 secs] [Times: user=0.15 sys=0.00, real=0.02 secs] 
2016-09-15T12:42:54.754-0400: 210.818: [GC (GCLocker Initiated GC) [PSYoungGen: 173790K->85726K(175104K)] 511725K->490965K(699392K), 0.0138410 secs] [Times: user=0.17 sys=0.00, real=0.02 secs] 
2016-09-15T12:42:54.897-0400: 210.961: [GC (GCLocker Initiated GC) [PSYoungGen: 173790K->43528K(175104K)] 585387K->534220K(699392K), 0.0096452 secs] [Times: user=0.11 sys=0.00, real=0.00 secs] 
2016-09-15T12:42:54.907-0400: 210.971: [Full GC (Ergonomics) [PSYoungGen: 43528K->0K(175104K)] [ParOldGen: 490691K->54037K(524288K)] 534220K->54037K(699392K), [Metaspace: 44573K->44573K(1087488K)], 0.0544829 secs] [Times: user=0.30 sys=0.00, real=0.06 secs] 
2016-09-15T12:42:55.064-0400: 211.128: [GC (GCLocker Initiated GC) [PSYoungGen: 88064K->86078K(175104K)] 142206K->170595K(699392K), 0.0090975 secs] [Times: user=0.12 sys=0.00, real=0.01 secs] 
2016-09-15T12:42:55.182-0400: 211.246: [GC (GCLocker Initiated GC) [PSYoungGen: 174142K->67665K(175104K)] 264849K->213603K(699392K), 0.0115275 secs] [Times: user=0.14 sys=0.00, real=0.01 secs] 
2016-09-15T12:42:55.300-0400: 211.364: [GC (GCLocker Initiated GC) [PSYoungGen: 155729K->55415K(175104K)] 307974K->293018K(699392K), 0.0103210 secs] [Times: user=0.14 sys=0.00, real=0.01 secs] 
2016-09-15T12:42:55.421-0400: 211.485: [GC (GCLocker Initiated GC) [PSYoungGen: 143479K->73968K(175104K)] 387304K->318092K(699392K), 0.0083614 secs] [Times: user=0.10 sys=0.00, real=0.01 secs] 
2016-09-15T12:42:55.548-0400: 211.612: [GC (GCLocker Initiated GC) [PSYoungGen: 162032K->55579K(175104K)] 412470K->306652K(699392K), 0.0075149 secs] [Times: user=0.09 sys=0.00, real=0.01 secs] 
2016-09-15T12:42:55.673-0400: 211.737: [GC (Allocation Failure) [PSYoungGen: 143643K->73576K(175104K)] 394718K->343159K(699392K), 0.0144791 secs] [Times: user=0.15 sys=0.01, real=0.01 secs] 
2016-09-15T12:42:55.802-0400: 211.866: [GC (GCLocker Initiated GC) [PSYoungGen: 158717K->61494K(175104K)] 434376K->337248K(699392K), 0.0200961 secs] [Times: user=0.21 sys=0.00, real=0.02 secs] 
2016-09-15T12:42:55.942-0400: 212.007: [GC (Allocation Failure) [PSYoungGen: 149558K->73544K(175104K)] 431703K->392430K(699392K), 0.0115064 secs] [Times: user=0.10 sys=0.00, real=0.01 secs] 
2016-09-15T12:42:56.072-0400: 212.136: [GC (GCLocker Initiated GC) [PSYoungGen: 161608K->49280K(175104K)] 480495K->386495K(699392K), 0.0078735 secs] [Times: user=0.06 sys=0.00, real=0.01 secs] 
2016-09-15T12:42:56.194-0400: 212.258: [GC (GCLocker Initiated GC) [PSYoungGen: 137344K->55419K(175104K)] 480860K->399227K(699392K), 0.0150709 secs] [Times: user=0.14 sys=0.00, real=0.02 secs] 
2016-09-15T12:42:56.325-0400: 212.389: [GC (Allocation Failure) [PSYoungGen: 143483K->36930K(175104K)] 493631K->429903K(699392K), 0.0165381 secs] [Times: user=0.18 sys=0.00, real=0.02 secs] 
2016-09-15T12:42:56.445-0400: 212.509: [GC (GCLocker Initiated GC) [PSYoungGen: 123022K->55451K(175104K)] 522071K->454610K(699392K), 0.0076960 secs] [Times: user=0.08 sys=0.00, real=0.01 secs] 
2016-09-15T12:42:56.558-0400: 212.622: [GC (GCLocker Initiated GC) [PSYoungGen: 143515K->73416K(175104K)] 542710K->473191K(699392K), 0.0323023 secs] [Times: user=0.39 sys=0.00, real=0.03 secs] 
2016-09-15T12:42:56.710-0400: 212.775: [GC (GCLocker Initiated GC) [PSYoungGen: 161480K->36770K(175104K)] 561308K->497435K(699392K), 0.0121705 secs] [Times: user=0.12 sys=0.00, real=0.01 secs] 
2016-09-15T12:42:56.723-0400: 212.787: [Full GC (Ergonomics) [PSYoungGen: 36770K->0K(175104K)] [ParOldGen: 460665K->41538K(524288K)] 497435K->41538K(699392K), [Metaspace: 44573K->44573K(1087488K)], 0.0555412 secs] [Times: user=0.42 sys=0.00, real=0.06 secs] 
2016-09-15T12:42:56.870-0400: 212.934: [GC (GCLocker Initiated GC) [PSYoungGen: 88064K->86014K(175104K)] 129689K->182314K(699392K), 0.0094320 secs] [Times: user=0.14 sys=0.00, real=0.01 secs] 
2016-09-15T12:42:56.994-0400: 213.058: [GC (GCLocker Initiated GC) [PSYoungGen: 174078K->67597K(175104K)] 270453K->255684K(699392K), 0.0119344 secs] [Times: user=0.17 sys=0.01, real=0.01 secs] 
2016-09-15T12:42:57.124-0400: 213.188: [GC (GCLocker Initiated GC) [PSYoungGen: 155661K->55479K(175104K)] 356237K->280679K(699392K), 0.0075853 secs] [Times: user=0.10 sys=0.01, real=0.01 secs] 
2016-09-15T12:42:57.273-0400: 213.337: [GC (GCLocker Initiated GC) [PSYoungGen: 143543K->67665K(175104K)] 374877K->317515K(699392K), 0.0096368 secs] [Times: user=0.11 sys=0.00, real=0.01 secs] 
2016-09-15T12:42:57.390-0400: 213.454: [GC (GCLocker Initiated GC) [PSYoungGen: 155729K->67697K(175104K)] 405655K->360268K(699392K), 0.0112572 secs] [Times: user=0.14 sys=0.00, real=0.01 secs] 
2016-09-15T12:42:57.517-0400: 213.581: [GC (GCLocker Initiated GC) [PSYoungGen: 155761K->55447K(175104K)] 454583K->415334K(699392K), 0.0083110 secs] [Times: user=0.12 sys=0.00, real=0.00 secs] 
2016-09-15T12:42:57.649-0400: 213.714: [GC (GCLocker Initiated GC) [PSYoungGen: 143511K->73612K(175104K)] 509677K->440054K(699392K), 0.0106220 secs] [Times: user=0.11 sys=0.00, real=0.01 secs] 
2016-09-15T12:42:57.808-0400: 213.872: [GC (GCLocker Initiated GC) [PSYoungGen: 161676K->55219K(175104K)] 541077K->489766K(699392K), 0.0104401 secs] [Times: user=0.14 sys=0.01, real=0.01 secs] 
2016-09-15T12:42:57.819-0400: 213.883: [Full GC (Ergonomics) [PSYoungGen: 55219K->0K(175104K)] [ParOldGen: 434547K->53887K(524288K)] 489766K->53887K(699392K), [Metaspace: 44573K->44573K(1087488K)], 0.0591361 secs] [Times: user=0.46 sys=0.01, real=0.06 secs] 
2016-09-15T12:42:57.991-0400: 214.055: [GC (GCLocker Initiated GC) [PSYoungGen: 88064K->85986K(175104K)] 142278K->152350K(699392K), 0.0110483 secs] [Times: user=0.10 sys=0.00, real=0.01 secs] 
2016-09-15T12:42:58.116-0400: 214.180: [GC (GCLocker Initiated GC) [PSYoungGen: 174050K->49372K(175104K)] 240579K->189133K(699392K), 0.0100633 secs] [Times: user=0.14 sys=0.01, real=0.00 secs] 
2016-09-15T12:42:58.252-0400: 214.316: [GC (GCLocker Initiated GC) [PSYoungGen: 137436K->86346K(175104K)] 289395K->244523K(699392K), 0.0106721 secs] [Times: user=0.14 sys=0.00, real=0.01 secs] 
2016-09-15T12:42:58.408-0400: 214.472: [GC (GCLocker Initiated GC) [PSYoungGen: 174410K->55219K(175104K)] 338923K->280789K(699392K), 0.0093268 secs] [Times: user=0.10 sys=0.00, real=0.01 secs] 
2016-09-15T12:42:58.521-0400: 214.585: [GC (Allocation Failure) [PSYoungGen: 143283K->86018K(175104K)] 369175K->342412K(699392K), 0.0105385 secs] [Times: user=0.14 sys=0.01, real=0.01 secs] 
2016-09-15T12:42:58.666-0400: 214.730: [GC (GCLocker Initiated GC) [PSYoungGen: 170616K->55415K(175104K)] 433086K->373031K(699392K), 0.0254165 secs] [Times: user=0.32 sys=0.01, real=0.03 secs] 
2016-09-15T12:42:58.811-0400: 214.876: [GC (GCLocker Initiated GC) [PSYoungGen: 143479K->85822K(175104K)] 461126K->421822K(699392K), 0.0092778 secs] [Times: user=0.10 sys=0.00, real=0.01 secs] 
2016-09-15T12:42:58.921-0400: 214.985: [GC (GCLocker Initiated GC) [PSYoungGen: 173886K->73672K(175104K)] 516131K->476991K(699392K), 0.0096924 secs] [Times: user=0.16 sys=0.00, real=0.01 secs] 
2016-09-15T12:42:59.057-0400: 215.121: [GC (GCLocker Initiated GC) [PSYoungGen: 161736K->86018K(175104K)] 565416K->544689K(699392K), 0.0181519 secs] [Times: user=0.18 sys=0.02, real=0.01 secs] 
2016-09-15T12:42:59.075-0400: 215.139: [Full GC (Ergonomics) [PSYoungGen: 86018K->0K(175104K)] [ParOldGen: 458671K->54407K(524288K)] 544689K->54407K(699392K), [Metaspace: 44576K->44576K(1087488K)], 0.0551217 secs] [Times: user=0.35 sys=0.00, real=0.06 secs] 
2016-09-15T12:42:59.260-0400: 215.324: [GC (GCLocker Initiated GC) [PSYoungGen: 88064K->85790K(175104K)] 142793K->146594K(699392K), 0.0083494 secs] [Times: user=0.10 sys=0.00, real=0.01 secs] 
2016-09-15T12:42:59.403-0400: 215.467: [GC (GCLocker Initiated GC) [PSYoungGen: 173854K->73476K(175104K)] 240915K->177279K(699392K), 0.0085759 secs] [Times: user=0.11 sys=0.00, real=0.01 secs] 
2016-09-15T12:42:59.534-0400: 215.598: [GC (GCLocker Initiated GC) [PSYoungGen: 161540K->74000K(175104K)] 271733K->184361K(699392K), 0.0099691 secs] [Times: user=0.12 sys=0.00, real=0.01 secs] 
2016-09-15T12:42:59.679-0400: 215.743: [GC (GCLocker Initiated GC) [PSYoungGen: 162064K->79747K(175104K)] 278761K->221012K(699392K), 0.0262953 secs] [Times: user=0.30 sys=0.00, real=0.02 secs] 
2016-09-15T12:42:59.821-0400: 215.885: [GC (GCLocker Initiated GC) [PSYoungGen: 167811K->86018K(175104K)] 309129K->263954K(699392K), 0.0115036 secs] [Times: user=0.15 sys=0.01, real=0.01 secs] 
2016-09-15T12:42:59.964-0400: 216.028: [GC (GCLocker Initiated GC) [PSYoungGen: 174082K->55287K(175104K)] 352081K->282334K(699392K), 0.0112057 secs] [Times: user=0.13 sys=0.00, real=0.01 secs] 
2016-09-15T12:43:00.086-0400: 216.150: [GC (GCLocker Initiated GC) [PSYoungGen: 143351K->85630K(175104K)] 376532K->325154K(699392K), 0.0169097 secs] [Times: user=0.21 sys=0.00, real=0.02 secs] 
2016-09-15T12:43:00.248-0400: 216.312: [GC (GCLocker Initiated GC) [PSYoungGen: 173694K->19128K(175104K)] 437856K->380807K(699392K), 0.0106738 secs] [Times: user=0.15 sys=0.00, real=0.02 secs] 
2016-09-15T12:43:00.396-0400: 216.460: [GC (GCLocker Initiated GC) [PSYoungGen: 107192K->55483K(175104K)] 468901K->417458K(699392K), 0.0108432 secs] [Times: user=0.13 sys=0.00, real=0.00 secs] 
2016-09-15T12:43:00.544-0400: 216.608: [GC (GCLocker Initiated GC) [PSYoungGen: 143547K->55483K(175104K)] 517927K->429958K(699392K), 0.0086227 secs] [Times: user=0.08 sys=0.01, real=0.01 secs] 
2016-09-15T12:43:00.690-0400: 216.754: [GC (GCLocker Initiated GC) [PSYoungGen: 143547K->55775K(175104K)] 524308K->455044K(699392K), 0.0087968 secs] [Times: user=0.10 sys=0.00, real=0.01 secs] 
2016-09-15T12:43:00.841-0400: 216.905: [GC (GCLocker Initiated GC) [PSYoungGen: 143839K->67341K(175104K)] 543279K->485102K(699392K), 0.0136914 secs] [Times: user=0.11 sys=0.00, real=0.01 secs] 
2016-09-15T12:43:00.976-0400: 217.040: [GC (GCLocker Initiated GC) [PSYoungGen: 155405K->55323K(175104K)] 579288K->509685K(699392K), 0.0209398 secs] [Times: user=0.22 sys=0.00, real=0.02 secs] 
2016-09-15T12:43:00.997-0400: 217.061: [Full GC (Ergonomics) [PSYoungGen: 55323K->0K(175104K)] [ParOldGen: 454362K->48124K(524288K)] 509685K->48124K(699392K), [Metaspace: 44576K->44576K(1087488K)], 0.0649983 secs] [Times: user=0.36 sys=0.01, real=0.06 secs] 
2016-09-15T12:43:01.176-0400: 217.241: [GC (GCLocker Initiated GC) [PSYoungGen: 88064K->61650K(175104K)] 142327K->115913K(699392K), 0.0149633 secs] [Times: user=0.17 sys=0.00, real=0.01 secs] 
2016-09-15T12:43:01.296-0400: 217.361: [GC (GCLocker Initiated GC) [PSYoungGen: 149714K->67305K(175104K)] 210094K->146410K(699392K), 0.0152107 secs] [Times: user=0.09 sys=0.00, real=0.01 secs] 
2016-09-15T12:43:01.424-0400: 217.488: [GC (GCLocker Initiated GC) [PSYoungGen: 155369K->85986K(175104K)] 234724K->195859K(699392K), 0.0186994 secs] [Times: user=0.25 sys=0.00, real=0.02 secs] 
2016-09-15T12:43:01.551-0400: 217.615: [GC (GCLocker Initiated GC) [PSYoungGen: 174050K->55479K(175104K)] 290288K->190405K(699392K), 0.0086335 secs] [Times: user=0.12 sys=0.01, real=0.01 secs] 
2016-09-15T12:43:01.675-0400: 217.739: [GC (GCLocker Initiated GC) [PSYoungGen: 143543K->73968K(175104K)] 278612K->227374K(699392K), 0.0218234 secs] [Times: user=0.24 sys=0.00, real=0.03 secs] 
2016-09-15T12:43:01.822-0400: 217.886: [GC (GCLocker Initiated GC) [PSYoungGen: 162032K->73640K(175104K)] 315502K->245634K(699392K), 0.0157196 secs] [Times: user=0.18 sys=0.01, real=0.02 secs] 
2016-09-15T12:43:01.998-0400: 218.063: [GC (Allocation Failure) [PSYoungGen: 161704K->67369K(175104K)] 333762K->257927K(699392K), 0.0146894 secs] [Times: user=0.17 sys=0.00, real=0.01 secs] 
2016-09-15T12:43:02.101-0400: 218.165: [GC (GCLocker Initiated GC) [PSYoungGen: 150355K->61326K(175104K)] 346989K->288470K(699392K), 0.0145893 secs] [Times: user=0.13 sys=0.01, real=0.02 secs] 
2016-09-15T12:43:02.233-0400: 218.297: [GC (GCLocker Initiated GC) [PSYoungGen: 149390K->79587K(175104K)] 376794K->325320K(699392K), 0.0203678 secs] [Times: user=0.24 sys=0.00, real=0.02 secs] 
2016-09-15T12:43:02.351-0400: 218.415: [GC (GCLocker Initiated GC) [PSYoungGen: 167651K->55383K(175104K)] 413718K->332077K(699392K), 0.0096805 secs] [Times: user=0.09 sys=0.01, real=0.01 secs] 
2016-09-15T12:43:02.490-0400: 218.554: [GC (GCLocker Initiated GC) [PSYoungGen: 143447K->42973K(175104K)] 432355K->350381K(699392K), 0.0093757 secs] [Times: user=0.11 sys=0.00, real=0.01 secs] 
2016-09-15T12:43:02.638-0400: 218.702: [GC (GCLocker Initiated GC) [PSYoungGen: 131037K->85986K(175104K)] 438761K->424221K(699392K), 0.0185512 secs] [Times: user=0.28 sys=0.00, real=0.02 secs] 
2016-09-15T12:43:02.769-0400: 218.833: [GC (Allocation Failure) [PSYoungGen: 174050K->61458K(175104K)] 512640K->436797K(699392K), 0.0082930 secs] [Times: user=0.13 sys=0.00, real=0.01 secs] 
2016-09-15T12:43:02.884-0400: 218.948: [GC (GCLocker Initiated GC) [PSYoungGen: 149522K->73672K(175104K)] 524867K->467378K(699392K), 0.0085837 secs] [Times: user=0.11 sys=0.00, real=0.01 secs] 
2016-09-15T12:43:03.007-0400: 219.071: [GC (GCLocker Initiated GC) [PSYoungGen: 161736K->86477K(175104K)] 555612K->504986K(699392K), 0.0095877 secs] [Times: user=0.13 sys=0.00, real=0.02 secs] 
2016-09-15T12:43:03.123-0400: 219.187: [GC (GCLocker Initiated GC) [PSYoungGen: 174541K->73576K(175104K)] 593399K->492749K(699392K), 0.0086303 secs] [Times: user=0.11 sys=0.01, real=0.01 secs] 
2016-09-15T12:43:03.250-0400: 219.315: [GC (GCLocker Initiated GC) [PSYoungGen: 161640K->85954K(175104K)] 581068K->529965K(699392K), 0.0209301 secs] [Times: user=0.19 sys=0.00, real=0.02 secs] 
2016-09-15T12:43:03.432-0400: 219.497: [GC (Allocation Failure) [PSYoungGen: 174018K->73444K(175104K)] 618312K->536394K(699392K), 0.0100983 secs] [Times: user=0.10 sys=0.00, real=0.01 secs] 
2016-09-15T12:43:03.546-0400: 219.610: [GC (GCLocker Initiated GC) [PSYoungGen: 161508K->55123K(175104K)] 624458K->518193K(699392K), 0.0104858 secs] [Times: user=0.13 sys=0.00, real=0.02 secs] 
2016-09-15T12:43:03.661-0400: 219.726: [GC (GCLocker Initiated GC) [PSYoungGen: 143187K->85922K(175104K)] 612442K->561387K(699392K), 0.0226003 secs] [Times: user=0.26 sys=0.00, real=0.02 secs] 
2016-09-15T12:43:03.684-0400: 219.748: [Full GC (Ergonomics) [PSYoungGen: 85922K->0K(175104K)] [ParOldGen: 475465K->60765K(524288K)] 561387K->60765K(699392K), [Metaspace: 44576K->44576K(1087488K)], 0.0589427 secs] [Times: user=0.38 sys=0.01, real=0.06 secs] 
2016-09-15T12:43:03.853-0400: 219.917: [GC (GCLocker Initiated GC) [PSYoungGen: 88064K->86406K(175104K)] 149073K->171715K(699392K), 0.0102955 secs] [Times: user=0.12 sys=0.00, real=0.01 secs] 
2016-09-15T12:43:04.008-0400: 220.072: [GC (Allocation Failure) [PSYoungGen: 174470K->55383K(175104K)] 272088K->190499K(699392K), 0.0098590 secs] [Times: user=0.14 sys=0.00, real=0.01 secs] 
2016-09-15T12:43:04.131-0400: 220.195: [GC (GCLocker Initiated GC) [PSYoungGen: 143447K->73836K(175104K)] 278569K->245731K(699392K), 0.0084173 secs] [Times: user=0.10 sys=0.01, real=0.01 secs] 
2016-09-15T12:43:04.265-0400: 220.329: [GC (Allocation Failure) [PSYoungGen: 161900K->79715K(175104K)] 334000K->288737K(699392K), 0.0158286 secs] [Times: user=0.22 sys=0.00, real=0.02 secs] 
2016-09-15T12:43:04.402-0400: 220.466: [GC (GCLocker Initiated GC) [PSYoungGen: 162065K->61490K(175104K)] 377162K->307097K(699392K), 0.0219902 secs] [Times: user=0.30 sys=0.01, real=0.02 secs] 
2016-09-15T12:43:04.527-0400: 220.591: [GC (GCLocker Initiated GC) [PSYoungGen: 149554K->67533K(175104K)] 395309K->331804K(699392K), 0.0141795 secs] [Times: user=0.15 sys=0.01, real=0.02 secs] 
2016-09-15T12:43:04.665-0400: 220.729: [GC (GCLocker Initiated GC) [PSYoungGen: 155597K->67501K(175104K)] 420128K->368782K(699392K), 0.0082337 secs] [Times: user=0.11 sys=0.00, real=0.01 secs] 
2016-09-15T12:43:04.797-0400: 220.861: [GC (Allocation Failure) [PSYoungGen: 155565K->85890K(175104K)] 456888K->411805K(699392K), 0.0082859 secs] [Times: user=0.10 sys=0.00, real=0.00 secs] 
2016-09-15T12:43:04.902-0400: 220.966: [GC (GCLocker Initiated GC) [PSYoungGen: 173954K->67337K(175104K)] 499874K->436246K(699392K), 0.0091849 secs] [Times: user=0.11 sys=0.00, real=0.01 secs] 
2016-09-15T12:43:05.039-0400: 221.103: [GC (GCLocker Initiated GC) [PSYoungGen: 155401K->86050K(175104K)] 524525K->461368K(699392K), 0.0097994 secs] [Times: user=0.13 sys=0.00, real=0.01 secs] 
2016-09-15T12:43:05.205-0400: 221.269: [GC (GCLocker Initiated GC) [PSYoungGen: 174114K->79551K(175104K)] 555538K->479531K(699392K), 0.0114551 secs] [Times: user=0.15 sys=0.00, real=0.02 secs] 
2016-09-15T12:43:05.330-0400: 221.394: [GC (GCLocker Initiated GC) [PSYoungGen: 167615K->85790K(175104K)] 567671K->546755K(699392K), 0.0109902 secs] [Times: user=0.16 sys=0.00, real=0.01 secs] 
2016-09-15T12:43:05.341-0400: 221.405: [Full GC (Ergonomics) [PSYoungGen: 85790K->0K(175104K)] [ParOldGen: 460965K->54445K(524288K)] 546755K->54445K(699392K), [Metaspace: 44576K->44576K(1087488K)], 0.0559377 secs] [Times: user=0.33 sys=0.00, real=0.06 secs] 
2016-09-15T12:43:05.518-0400: 221.582: [GC (GCLocker Initiated GC) [PSYoungGen: 88064K->80363K(175104K)] 148872K->141171K(699392K), 0.0217224 secs] [Times: user=0.30 sys=0.00, real=0.02 secs] 
2016-09-15T12:43:05.636-0400: 221.700: [GC (GCLocker Initiated GC) [PSYoungGen: 168427K->67401K(175104K)] 229361K->196292K(699392K), 0.0118813 secs] [Times: user=0.16 sys=0.00, real=0.01 secs] 
2016-09-15T12:43:05.769-0400: 221.833: [GC (GCLocker Initiated GC) [PSYoungGen: 155465K->67697K(175104K)] 284554K->233395K(699392K), 0.0107883 secs] [Times: user=0.13 sys=0.00, real=0.01 secs] 
2016-09-15T12:43:05.912-0400: 221.976: [GC (GCLocker Initiated GC) [PSYoungGen: 155761K->55287K(175104K)] 333674K->258079K(699392K), 0.0085209 secs] [Times: user=0.09 sys=0.00, real=0.01 secs] 
2016-09-15T12:43:06.054-0400: 222.118: [GC (GCLocker Initiated GC) [PSYoungGen: 143351K->55643K(175104K)] 358514K->307384K(699392K), 0.0078138 secs] [Times: user=0.11 sys=0.00, real=0.01 secs] 
2016-09-15T12:43:06.203-0400: 222.267: [GC (GCLocker Initiated GC) [PSYoungGen: 143707K->67565K(175104K)] 401766K->325883K(699392K), 0.0090209 secs] [Times: user=0.09 sys=0.00, real=0.01 secs] 
2016-09-15T12:43:06.319-0400: 222.383: [GC (GCLocker Initiated GC) [PSYoungGen: 155629K->85758K(175104K)] 413972K->386769K(699392K), 0.0216926 secs] [Times: user=0.25 sys=0.00, real=0.02 secs] 
2016-09-15T12:43:06.452-0400: 222.516: [GC (GCLocker Initiated GC) [PSYoungGen: 173822K->67597K(175104K)] 474847K->435575K(699392K), 0.0148821 secs] [Times: user=0.16 sys=0.00, real=0.01 secs] 
2016-09-15T12:43:06.605-0400: 222.669: [GC (GCLocker Initiated GC) [PSYoungGen: 155661K->37290K(175104K)] 536089K->436250K(699392K), 0.0210704 secs] [Times: user=0.29 sys=0.01, real=0.02 secs] 
2016-09-15T12:43:06.731-0400: 222.796: [GC (Allocation Failure) [PSYoungGen: 125354K->79651K(175104K)] 530554K->485299K(699392K), 0.0171900 secs] [Times: user=0.19 sys=0.00, real=0.02 secs] 
2016-09-15T12:43:06.886-0400: 222.950: [GC (GCLocker Initiated GC) [PSYoungGen: 165513K->24684K(175104K)] 577236K->503515K(699392K), 0.0183711 secs] [Times: user=0.21 sys=0.00, real=0.02 secs] 
2016-09-15T12:43:06.904-0400: 222.968: [Full GC (Ergonomics) [PSYoungGen: 24684K->0K(175104K)] [ParOldGen: 478831K->42092K(524288K)] 503515K->42092K(699392K), [Metaspace: 44576K->44576K(1087488K)], 0.0594614 secs] [Times: user=0.36 sys=0.01, real=0.06 secs] 
2016-09-15T12:43:07.101-0400: 223.165: [GC (Allocation Failure) [PSYoungGen: 88064K->79939K(175104K)] 136261K->128136K(699392K), 0.0081808 secs] [Times: user=0.09 sys=0.00, real=0.01 secs] 
2016-09-15T12:43:07.236-0400: 223.300: [GC (Allocation Failure) [PSYoungGen: 168003K->67729K(175104K)] 216200K->171196K(699392K), 0.0125491 secs] [Times: user=0.19 sys=0.00, real=0.01 secs] 
2016-09-15T12:43:07.338-0400: 223.403: [GC (GCLocker Initiated GC) [PSYoungGen: 155793K->85758K(175104K)] 259266K->201688K(699392K), 0.0090828 secs] [Times: user=0.10 sys=0.01, real=0.01 secs] 
2016-09-15T12:43:07.464-0400: 223.528: [GC (GCLocker Initiated GC) [PSYoungGen: 173822K->79747K(175104K)] 290029K->250781K(699392K), 0.0095274 secs] [Times: user=0.14 sys=0.00, real=0.01 secs] 
2016-09-15T12:43:07.607-0400: 223.671: [GC (GCLocker Initiated GC) [PSYoungGen: 167811K->73704K(175104K)] 345259K->287902K(699392K), 0.0093025 secs] [Times: user=0.11 sys=0.01, real=0.02 secs] 
2016-09-15T12:43:07.718-0400: 223.782: [GC (GCLocker Initiated GC) [PSYoungGen: 161768K->85986K(175104K)] 376014K->348991K(699392K), 0.0112241 secs] [Times: user=0.18 sys=0.00, real=0.01 secs] 
2016-09-15T12:43:07.865-0400: 223.929: [GC (GCLocker Initiated GC) [PSYoungGen: 174050K->61230K(175104K)] 437242K->397598K(699392K), 0.0128169 secs] [Times: user=0.13 sys=0.00, real=0.02 secs] 
2016-09-15T12:43:08.005-0400: 224.069: [GC (Allocation Failure) [PSYoungGen: 149294K->55191K(175104K)] 491908K->397885K(699392K), 0.0125433 secs] [Times: user=0.12 sys=0.00, real=0.02 secs] 
2016-09-15T12:43:08.018-0400: 224.082: [GC (GCLocker Initiated GC) [PSYoungGen: 55207K->160K(175104K)] 397901K->416132K(699392K), 0.0069189 secs] [Times: user=0.08 sys=0.01, real=0.00 secs] 
2016-09-15T12:43:08.157-0400: 224.221: [GC (GCLocker Initiated GC) [PSYoungGen: 88224K->85890K(175104K)] 504196K->526162K(699392K), 0.0115136 secs] [Times: user=0.13 sys=0.00, real=0.01 secs] 
2016-09-15T12:43:08.169-0400: 224.233: [Full GC (Ergonomics) [PSYoungGen: 85890K->0K(175104K)] [ParOldGen: 440272K->42508K(524288K)] 526162K->42508K(699392K), [Metaspace: 44576K->44576K(1087488K)], 0.0557300 secs] [Times: user=0.43 sys=0.00, real=0.05 secs] 
2016-09-15T12:43:08.360-0400: 224.424: [GC (GCLocker Initiated GC) [PSYoungGen: 88064K->85918K(175104K)] 130615K->140619K(699392K), 0.0086943 secs] [Times: user=0.09 sys=0.00, real=0.01 secs] 
2016-09-15T12:43:08.482-0400: 224.546: [GC (GCLocker Initiated GC) [PSYoungGen: 173982K->85594K(175104K)] 228747K->189523K(699392K), 0.0104200 secs] [Times: user=0.15 sys=0.01, real=0.01 secs] 
2016-09-15T12:43:08.634-0400: 224.698: [GC (GCLocker Initiated GC) [PSYoungGen: 173658K->85954K(175104K)] 283709K->256883K(699392K), 0.0178577 secs] [Times: user=0.27 sys=0.01, real=0.02 secs] 
2016-09-15T12:43:08.759-0400: 224.823: [GC (GCLocker Initiated GC) [PSYoungGen: 174018K->55611K(175104K)] 351087K->287686K(699392K), 0.0098868 secs] [Times: user=0.14 sys=0.00, real=0.01 secs] 
2016-09-15T12:43:08.899-0400: 224.963: [GC (Allocation Failure) [PSYoungGen: 143675K->49116K(175104K)] 381867K->305816K(699392K), 0.0095743 secs] [Times: user=0.09 sys=0.01, real=0.01 secs] 
2016-09-15T12:43:09.047-0400: 225.111: [GC (GCLocker Initiated GC) [PSYoungGen: 137180K->67305K(175104K)] 393886K->372731K(699392K), 0.0147955 secs] [Times: user=0.12 sys=0.01, real=0.02 secs] 
2016-09-15T12:43:09.160-0400: 225.224: [GC (GCLocker Initiated GC) [PSYoungGen: 155369K->73740K(175104K)] 460904K->391520K(699392K), 0.0288406 secs] [Times: user=0.33 sys=0.00, real=0.03 secs] 
2016-09-15T12:43:09.284-0400: 225.348: [GC (GCLocker Initiated GC) [PSYoungGen: 161804K->86018K(175104K)] 479620K->446675K(699392K), 0.0154209 secs] [Times: user=0.23 sys=0.00, real=0.02 secs] 
2016-09-15T12:43:09.400-0400: 225.464: [GC (GCLocker Initiated GC) [PSYoungGen: 174082K->79879K(175104K)] 540871K->513637K(699392K), 0.0110542 secs] [Times: user=0.16 sys=0.01, real=0.01 secs] 
2016-09-15T12:43:09.411-0400: 225.475: [Full GC (Ergonomics) [PSYoungGen: 79879K->0K(175104K)] [ParOldGen: 433758K->54523K(524288K)] 513637K->54523K(699392K), [Metaspace: 44577K->44577K(1087488K)], 0.0543342 secs] [Times: user=0.38 sys=0.01, real=0.05 secs] 
2016-09-15T12:43:09.577-0400: 225.642: [GC (Allocation Failure) [PSYoungGen: 88064K->86826K(175104K)] 142903K->159890K(699392K), 0.0098554 secs] [Times: user=0.11 sys=0.00, real=0.00 secs] 
2016-09-15T12:43:09.695-0400: 225.759: [GC (GCLocker Initiated GC) [PSYoungGen: 174890K->73672K(175104K)] 247960K->196481K(699392K), 0.0117173 secs] [Times: user=0.16 sys=0.00, real=0.01 secs] 
2016-09-15T12:43:09.829-0400: 225.893: [GC (GCLocker Initiated GC) [PSYoungGen: 161736K->61490K(175104K)] 284632K->220956K(699392K), 0.0124321 secs] [Times: user=0.10 sys=0.00, real=0.01 secs] 
2016-09-15T12:43:09.954-0400: 226.018: [GC (GCLocker Initiated GC) [PSYoungGen: 149554K->43528K(175104K)] 309151K->257961K(699392K), 0.0087000 secs] [Times: user=0.10 sys=0.01, real=0.01 secs] 
2016-09-15T12:43:10.078-0400: 226.142: [GC (Allocation Failure) [PSYoungGen: 131592K->79487K(175104K)] 346667K->295165K(699392K), 0.0077164 secs] [Times: user=0.10 sys=0.00, real=0.00 secs] 
2016-09-15T12:43:10.206-0400: 226.270: [GC (GCLocker Initiated GC) [PSYoungGen: 167551K->86018K(175104K)] 383235K->326146K(699392K), 0.0083009 secs] [Times: user=0.12 sys=0.00, real=0.01 secs] 
2016-09-15T12:43:10.335-0400: 226.399: [GC (GCLocker Initiated GC) [PSYoungGen: 174082K->61522K(175104K)] 414481K->326676K(699392K), 0.0099055 secs] [Times: user=0.09 sys=0.00, real=0.01 secs] 
2016-09-15T12:43:10.468-0400: 226.533: [GC (GCLocker Initiated GC) [PSYoungGen: 149586K->67601K(175104K)] 415011K->369564K(699392K), 0.0195625 secs] [Times: user=0.18 sys=0.00, real=0.02 secs] 
2016-09-15T12:43:10.606-0400: 226.670: [GC (GCLocker Initiated GC) [PSYoungGen: 155665K->85758K(175104K)] 457677K->406286K(699392K), 0.0113682 secs] [Times: user=0.11 sys=0.00, real=0.02 secs] 
2016-09-15T12:43:10.727-0400: 226.792: [GC (GCLocker Initiated GC) [PSYoungGen: 173822K->49340K(175104K)] 494504K->455388K(699392K), 0.0096471 secs] [Times: user=0.13 sys=0.01, real=0.02 secs] 
2016-09-15T12:43:10.861-0400: 226.925: [GC (GCLocker Initiated GC) [PSYoungGen: 137404K->85954K(175104K)] 543622K->535012K(699392K), 0.0097015 secs] [Times: user=0.14 sys=0.00, real=0.01 secs] 
2016-09-15T12:43:10.870-0400: 226.934: [Full GC (Ergonomics) [PSYoungGen: 85954K->0K(175104K)] [ParOldGen: 449058K->54877K(524288K)] 535012K->54877K(699392K), [Metaspace: 44578K->44578K(1087488K)], 0.0592129 secs] [Times: user=0.46 sys=0.01, real=0.06 secs] 
2016-09-15T12:43:11.078-0400: 227.142: [GC (GCLocker Initiated GC) [PSYoungGen: 88064K->74356K(175104K)] 161404K->147696K(699392K), 0.0153265 secs] [Times: user=0.20 sys=0.00, real=0.01 secs] 
2016-09-15T12:43:11.241-0400: 227.305: [GC (GCLocker Initiated GC) [PSYoungGen: 162420K->55447K(175104K)] 236121K->166341K(699392K), 0.0162043 secs] [Times: user=0.20 sys=0.00, real=0.02 secs] 
2016-09-15T12:43:11.399-0400: 227.463: [GC (GCLocker Initiated GC) [PSYoungGen: 143511K->55187K(175104K)] 260651K->172423K(699392K), 0.0063466 secs] [Times: user=0.08 sys=0.00, real=0.00 secs] 
2016-09-15T12:43:11.510-0400: 227.575: [GC (GCLocker Initiated GC) [PSYoungGen: 143251K->43333K(175104K)] 266646K->197222K(699392K), 0.0113968 secs] [Times: user=0.10 sys=0.00, real=0.01 secs] 
2016-09-15T12:43:11.649-0400: 227.713: [GC (GCLocker Initiated GC) [PSYoungGen: 131397K->85954K(175104K)] 297506K->276694K(699392K), 0.0140353 secs] [Times: user=0.16 sys=0.00, real=0.01 secs] 
2016-09-15T12:43:11.766-0400: 227.830: [GC (GCLocker Initiated GC) [PSYoungGen: 174018K->55287K(175104K)] 364884K->288962K(699392K), 0.0213467 secs] [Times: user=0.25 sys=0.01, real=0.02 secs] 
2016-09-15T12:43:11.938-0400: 228.002: [GC (Allocation Failure) [PSYoungGen: 143351K->49148K(175104K)] 377471K->319814K(699392K), 0.0155395 secs] [Times: user=0.12 sys=0.00, real=0.01 secs] 
2016-09-15T12:43:12.044-0400: 228.108: [GC (GCLocker Initiated GC) [PSYoungGen: 132797K->67537K(175104K)] 409538K->362770K(699392K), 0.0198064 secs] [Times: user=0.20 sys=0.00, real=0.02 secs] 
2016-09-15T12:43:12.180-0400: 228.244: [GC (GCLocker Initiated GC) [PSYoungGen: 155601K->55487K(175104K)] 456968K->357286K(699392K), 0.0163976 secs] [Times: user=0.16 sys=0.00, real=0.02 secs] 
2016-09-15T12:43:12.289-0400: 228.353: [GC (GCLocker Initiated GC) [PSYoungGen: 143551K->61362K(175104K)] 445436K->406228K(699392K), 0.0118882 secs] [Times: user=0.12 sys=0.00, real=0.01 secs] 
2016-09-15T12:43:12.455-0400: 228.519: [GC (GCLocker Initiated GC) [PSYoungGen: 149426K->73672K(175104K)] 506697K->449264K(699392K), 0.0150960 secs] [Times: user=0.17 sys=0.00, real=0.02 secs] 
2016-09-15T12:43:12.610-0400: 228.675: [GC (GCLocker Initiated GC) [PSYoungGen: 161736K->67533K(175104K)] 537543K->480082K(699392K), 0.0163729 secs] [Times: user=0.20 sys=0.00, real=0.01 secs] 
2016-09-15T12:43:12.731-0400: 228.796: [GC (GCLocker Initiated GC) [PSYoungGen: 155597K->55287K(175104K)] 568170K->504594K(699392K), 0.0235585 secs] [Times: user=0.23 sys=0.00, real=0.02 secs] 
2016-09-15T12:43:12.878-0400: 228.942: [Full GC (Ergonomics) [PSYoungGen: 143351K->0K(175104K)] [ParOldGen: 461712K->54955K(524288K)] 605063K->54955K(699392K), [Metaspace: 44581K->44581K(1087488K)], 0.0569694 secs] [Times: user=0.35 sys=0.01, real=0.05 secs] 
2016-09-15T12:43:13.056-0400: 229.120: [GC (GCLocker Initiated GC) [PSYoungGen: 88064K->74292K(175104K)] 161431K->147659K(699392K), 0.0086794 secs] [Times: user=0.05 sys=0.00, real=0.00 secs] 
2016-09-15T12:43:13.204-0400: 229.268: [GC (GCLocker Initiated GC) [PSYoungGen: 162356K->67633K(175104K)] 235765K->196624K(699392K), 0.0087914 secs] [Times: user=0.13 sys=0.01, real=0.01 secs] 
2016-09-15T12:43:13.332-0400: 229.396: [GC (GCLocker Initiated GC) [PSYoungGen: 155697K->73640K(175104K)] 285115K->239652K(699392K), 0.0173628 secs] [Times: user=0.22 sys=0.00, real=0.02 secs] 
2016-09-15T12:43:13.451-0400: 229.515: [GC (GCLocker Initiated GC) [PSYoungGen: 161704K->85562K(175104K)] 327825K->294500K(699392K), 0.0164757 secs] [Times: user=0.20 sys=0.00, real=0.02 secs] 
2016-09-15T12:43:13.578-0400: 229.642: [GC (GCLocker Initiated GC) [PSYoungGen: 173626K->30891K(175104K)] 382626K->294678K(699392K), 0.0118091 secs] [Times: user=0.09 sys=0.00, real=0.01 secs] 
2016-09-15T12:43:13.706-0400: 229.770: [GC (GCLocker Initiated GC) [PSYoungGen: 118955K->85858K(175104K)] 382851K->392594K(699392K), 0.0105728 secs] [Times: user=0.11 sys=0.01, real=0.02 secs] 
2016-09-15T12:43:13.850-0400: 229.914: [GC (GCLocker Initiated GC) [PSYoungGen: 173919K->55347K(175104K)] 493155K->393264K(699392K), 0.0089759 secs] [Times: user=0.10 sys=0.00, real=0.01 secs] 
2016-09-15T12:43:14.006-0400: 230.070: [GC (GCLocker Initiated GC) [PSYoungGen: 143411K->49276K(175104K)] 487523K->393515K(699392K), 0.0063501 secs] [Times: user=0.08 sys=0.01, real=0.01 secs] 
2016-09-15T12:43:14.112-0400: 230.176: [GC (GCLocker Initiated GC) [PSYoungGen: 137340K->49148K(175104K)] 481615K->442259K(699392K), 0.0226682 secs] [Times: user=0.17 sys=0.00, real=0.02 secs] 
2016-09-15T12:43:14.256-0400: 230.320: [GC (GCLocker Initiated GC) [PSYoungGen: 137212K->55451K(175104K)] 530510K->515686K(699392K), 0.0155073 secs] [Times: user=0.15 sys=0.00, real=0.01 secs] 
2016-09-15T12:43:14.272-0400: 230.336: [Full GC (Ergonomics) [PSYoungGen: 55451K->0K(175104K)] [ParOldGen: 460234K->53381K(524288K)] 515686K->53381K(699392K), [Metaspace: 44581K->44581K(1087488K)], 0.0640489 secs] [Times: user=0.45 sys=0.01, real=0.07 secs] 
2016-09-15T12:43:14.449-0400: 230.513: [GC (GCLocker Initiated GC) [PSYoungGen: 88064K->86146K(175104K)] 141515K->163897K(699392K), 0.0097620 secs] [Times: user=0.13 sys=0.00, real=0.01 secs] 
2016-09-15T12:43:14.570-0400: 230.634: [GC (GCLocker Initiated GC) [PSYoungGen: 174210K->55283K(175104K)] 251968K->212596K(699392K), 0.0119116 secs] [Times: user=0.16 sys=0.00, real=0.01 secs] 
2016-09-15T12:43:14.695-0400: 230.759: [GC (GCLocker Initiated GC) [PSYoungGen: 143347K->86018K(175104K)] 306765K->286054K(699392K), 0.0085770 secs] [Times: user=0.10 sys=0.00, real=0.01 secs] 
2016-09-15T12:43:14.846-0400: 230.910: [GC (GCLocker Initiated GC) [PSYoungGen: 174082K->55743K(175104K)] 380346K->323221K(699392K), 0.0107155 secs] [Times: user=0.17 sys=0.00, real=0.02 secs] 
2016-09-15T12:43:15.007-0400: 231.071: [GC (Allocation Failure) [PSYoungGen: 143807K->67565K(175104K)] 417452K->341322K(699392K), 0.0095728 secs] [Times: user=0.11 sys=0.01, real=0.02 secs] 
2016-09-15T12:43:15.123-0400: 231.187: [GC (GCLocker Initiated GC) [PSYoungGen: 155629K->73640K(175104K)] 429392K->372002K(699392K), 0.0118034 secs] [Times: user=0.12 sys=0.00, real=0.01 secs] 
2016-09-15T12:43:15.253-0400: 231.317: [GC (GCLocker Initiated GC) [PSYoungGen: 161704K->73836K(175104K)] 466211K->415109K(699392K), 0.0086693 secs] [Times: user=0.14 sys=0.00, real=0.01 secs] 
2016-09-15T12:43:15.391-0400: 231.455: [GC (GCLocker Initiated GC) [PSYoungGen: 161900K->73544K(175104K)] 509306K->421226K(699392K), 0.0132933 secs] [Times: user=0.12 sys=0.01, real=0.01 secs] 
2016-09-15T12:43:15.524-0400: 231.588: [GC (Allocation Failure) [PSYoungGen: 161608K->79651K(175104K)] 515457K->488318K(699392K), 0.0106584 secs] [Times: user=0.16 sys=0.00, real=0.01 secs] 
2016-09-15T12:43:15.652-0400: 231.716: [GC (GCLocker Initiated GC) [PSYoungGen: 167715K->85726K(175104K)] 576388K->543291K(699392K), 0.0123786 secs] [Times: user=0.17 sys=0.01, real=0.01 secs] 
2016-09-15T12:43:15.664-0400: 231.728: [Full GC (Ergonomics) [PSYoungGen: 85726K->0K(175104K)] [ParOldGen: 457564K->53329K(524288K)] 543291K->53329K(699392K), [Metaspace: 44581K->44581K(1087488K)], 0.0528852 secs] [Times: user=0.33 sys=0.00, real=0.06 secs] 
2016-09-15T12:43:15.861-0400: 231.925: [GC (GCLocker Initiated GC) [PSYoungGen: 88064K->79619K(175104K)] 141553K->133108K(699392K), 0.0094023 secs] [Times: user=0.08 sys=0.00, real=0.01 secs] 
2016-09-15T12:43:16.016-0400: 232.080: [GC (GCLocker Initiated GC) [PSYoungGen: 167683K->67401K(175104K)] 227390K->157947K(699392K), 0.0192473 secs] [Times: user=0.19 sys=0.00, real=0.02 secs] 
2016-09-15T12:43:16.183-0400: 232.247: [GC (GCLocker Initiated GC) [PSYoungGen: 155465K->49112K(175104K)] 246052K->188450K(699392K), 0.0182027 secs] [Times: user=0.20 sys=0.00, real=0.02 secs] 
2016-09-15T12:43:16.338-0400: 232.402: [GC (GCLocker Initiated GC) [PSYoungGen: 137176K->67369K(175104K)] 276724K->237395K(699392K), 0.0112402 secs] [Times: user=0.10 sys=0.00, real=0.01 secs] 
2016-09-15T12:43:16.443-0400: 232.507: [GC (GCLocker Initiated GC) [PSYoungGen: 155433K->67369K(175104K)] 325528K->280093K(699392K), 0.0264788 secs] [Times: user=0.30 sys=0.00, real=0.03 secs] 
2016-09-15T12:43:16.611-0400: 232.676: [GC (GCLocker Initiated GC) [PSYoungGen: 155433K->19364K(175104K)] 380308K->262560K(699392K), 0.0301767 secs] [Times: user=0.31 sys=0.01, real=0.03 secs] 
2016-09-15T12:43:16.761-0400: 232.825: [GC (GCLocker Initiated GC) [PSYoungGen: 107428K->73412K(175104K)] 362995K->329754K(699392K), 0.0209336 secs] [Times: user=0.21 sys=0.00, real=0.02 secs] 
2016-09-15T12:43:16.873-0400: 232.937: [GC (GCLocker Initiated GC) [PSYoungGen: 161476K->55451K(175104K)] 423941K->372694K(699392K), 0.0178968 secs] [Times: user=0.19 sys=0.00, real=0.02 secs] 
2016-09-15T12:43:17.010-0400: 233.074: [GC (GCLocker Initiated GC) [PSYoungGen: 143515K->67633K(175104K)] 466908K->421849K(699392K), 0.0090797 secs] [Times: user=0.10 sys=0.00, real=0.01 secs] 
2016-09-15T12:43:17.116-0400: 233.180: [GC (GCLocker Initiated GC) [PSYoungGen: 155697K->61426K(175104K)] 516355K->470952K(699392K), 0.0124583 secs] [Times: user=0.12 sys=0.00, real=0.01 secs] 
2016-09-15T12:43:17.269-0400: 233.333: [GC (GCLocker Initiated GC) [PSYoungGen: 149490K->49571K(175104K)] 559057K->489618K(699392K), 0.0115058 secs] [Times: user=0.12 sys=0.00, real=0.01 secs] 
2016-09-15T12:43:17.414-0400: 233.478: [GC (GCLocker Initiated GC) [PSYoungGen: 137635K->55351K(175104K)] 584045K->556907K(699392K), 0.0091281 secs] [Times: user=0.13 sys=0.00, real=0.01 secs] 
2016-09-15T12:43:17.423-0400: 233.487: [Full GC (Ergonomics) [PSYoungGen: 55351K->0K(175104K)] [ParOldGen: 501556K->47140K(524288K)] 556907K->47140K(699392K), [Metaspace: 44581K->44581K(1087488K)], 0.0615602 secs] [Times: user=0.49 sys=0.01, real=0.06 secs] 
2016-09-15T12:43:17.602-0400: 233.667: [GC (Allocation Failure) [PSYoungGen: 88064K->86210K(175104K)] 135291K->163812K(699392K), 0.0096795 secs] [Times: user=0.14 sys=0.01, real=0.01 secs] 
2016-09-15T12:43:17.706-0400: 233.770: [GC (GCLocker Initiated GC) [PSYoungGen: 174274K->85986K(175104K)] 251876K->231157K(699392K), 0.0114203 secs] [Times: user=0.16 sys=0.00, real=0.02 secs] 
2016-09-15T12:43:17.812-0400: 233.876: [GC (GCLocker Initiated GC) [PSYoungGen: 174050K->85758K(175104K)] 325388K->292063K(699392K), 0.0115027 secs] [Times: user=0.14 sys=0.00, real=0.01 secs] 
2016-09-15T12:43:17.978-0400: 234.042: [GC (GCLocker Initiated GC) [PSYoungGen: 173822K->30955K(175104K)] 386456K->310526K(699392K), 0.0099045 secs] [Times: user=0.09 sys=0.00, real=0.00 secs] 
2016-09-15T12:43:18.102-0400: 234.166: [GC (GCLocker Initiated GC) [PSYoungGen: 119019K->85658K(175104K)] 404830K->408251K(699392K), 0.0121371 secs] [Times: user=0.17 sys=0.00, real=0.01 secs] 
2016-09-15T12:43:18.233-0400: 234.297: [GC (GCLocker Initiated GC) [PSYoungGen: 173722K->85790K(175104K)] 496519K->451256K(699392K), 0.0107825 secs] [Times: user=0.16 sys=0.00, real=0.01 secs] 
2016-09-15T12:43:18.367-0400: 234.431: [GC (Allocation Failure) [PSYoungGen: 173854K->55483K(175104K)] 545672K->427568K(699392K), 0.0074130 secs] [Times: user=0.08 sys=0.01, real=0.01 secs] 
2016-09-15T12:43:18.499-0400: 234.563: [GC (GCLocker Initiated GC) [PSYoungGen: 137764K->37453K(175104K)] 515924K->434155K(699392K), 0.0172069 secs] [Times: user=0.25 sys=0.00, real=0.02 secs] 
2016-09-15T12:43:18.646-0400: 234.710: [GC (Allocation Failure) [PSYoungGen: 125517K->55711K(175104K)] 534668K->464964K(699392K), 0.0074878 secs] [Times: user=0.09 sys=0.00, real=0.01 secs] 
2016-09-15T12:43:18.776-0400: 234.840: [GC (GCLocker Initiated GC) [PSYoungGen: 140763K->37258K(175104K)] 556092K->471111K(699392K), 0.0089732 secs] [Times: user=0.12 sys=0.00, real=0.01 secs] 
2016-09-15T12:43:18.900-0400: 234.964: [GC (GCLocker Initiated GC) [PSYoungGen: 125322K->73608K(175104K)] 565583K->514168K(699392K), 0.0103696 secs] [Times: user=0.15 sys=0.00, real=0.01 secs] 
2016-09-15T12:43:19.049-0400: 235.113: [GC (GCLocker Initiated GC) [PSYoungGen: 161672K->79715K(175104K)] 602245K->556882K(699392K), 0.0102725 secs] [Times: user=0.14 sys=0.00, real=0.01 secs] 
2016-09-15T12:43:19.060-0400: 235.124: [Full GC (Ergonomics) [PSYoungGen: 79715K->0K(175104K)] [ParOldGen: 477167K->53413K(524288K)] 556882K->53413K(699392K), [Metaspace: 44584K->44584K(1087488K)], 0.0532754 secs] [Times: user=0.39 sys=0.00, real=0.05 secs] 
2016-09-15T12:43:19.217-0400: 235.281: [GC (Allocation Failure) [PSYoungGen: 88064K->86634K(175104K)] 147745K->188840K(699392K), 0.0109544 secs] [Times: user=0.15 sys=0.00, real=0.01 secs] 
2016-09-15T12:43:19.345-0400: 235.409: [GC (Allocation Failure) [PSYoungGen: 170485K->37158K(175104K)] 272692K->231249K(699392K), 0.0101820 secs] [Times: user=0.15 sys=0.00, real=0.01 secs] 
2016-09-15T12:43:19.463-0400: 235.527: [GC (GCLocker Initiated GC) [PSYoungGen: 125222K->85758K(175104K)] 319319K->286197K(699392K), 0.0150026 secs] [Times: user=0.16 sys=0.00, real=0.02 secs] 
2016-09-15T12:43:19.614-0400: 235.678: [GC (GCLocker Initiated GC) [PSYoungGen: 173822K->80043K(175104K)] 374263K->317085K(699392K), 0.0097679 secs] [Times: user=0.12 sys=0.00, real=0.01 secs] 
2016-09-15T12:43:19.750-0400: 235.814: [GC (GCLocker Initiated GC) [PSYoungGen: 168107K->73544K(175104K)] 411586K->353913K(699392K), 0.0093594 secs] [Times: user=0.11 sys=0.01, real=0.01 secs] 
2016-09-15T12:43:19.872-0400: 235.936: [GC (GCLocker Initiated GC) [PSYoungGen: 161608K->86018K(175104K)] 442080K->390949K(699392K), 0.0093480 secs] [Times: user=0.12 sys=0.00, real=0.01 secs] 
2016-09-15T12:43:20.015-0400: 236.079: [GC (GCLocker Initiated GC) [PSYoungGen: 174082K->73508K(175104K)] 479183K->427689K(699392K), 0.0089916 secs] [Times: user=0.12 sys=0.01, real=0.01 secs] 
2016-09-15T12:43:20.130-0400: 236.194: [GC (Allocation Failure) [PSYoungGen: 161572K->85598K(175104K)] 515996K->446208K(699392K), 0.0184019 secs] [Times: user=0.20 sys=0.00, real=0.02 secs] 
2016-09-15T12:43:20.273-0400: 236.337: [GC (GCLocker Initiated GC) [PSYoungGen: 173660K->73640K(175104K)] 534276K->501397K(699392K), 0.0116535 secs] [Times: user=0.17 sys=0.01, real=0.01 secs] 
2016-09-15T12:43:20.410-0400: 236.474: [GC (GCLocker Initiated GC) [PSYoungGen: 161704K->73448K(175104K)] 589496K->501492K(699392K), 0.0358444 secs] [Times: user=0.42 sys=0.00, real=0.03 secs] 
2016-09-15T12:43:20.558-0400: 236.622: [GC (GCLocker Initiated GC) [PSYoungGen: 161512K->85626K(175104K)] 589609K->544397K(699392K), 0.0096730 secs] [Times: user=0.14 sys=0.00, real=0.01 secs] 
2016-09-15T12:43:20.568-0400: 236.632: [Full GC (Ergonomics) [PSYoungGen: 85626K->0K(175104K)] [ParOldGen: 458771K->47161K(524288K)] 544397K->47161K(699392K), [Metaspace: 44586K->44586K(1087488K)], 0.0674406 secs] [Times: user=0.44 sys=0.01, real=0.06 secs] 
2016-09-15T12:43:20.745-0400: 236.809: [GC (GCLocker Initiated GC) [PSYoungGen: 88064K->86110K(175104K)] 135362K->139484K(699392K), 0.0104172 secs] [Times: user=0.15 sys=0.00, real=0.02 secs] 
2016-09-15T12:43:20.870-0400: 236.934: [GC (GCLocker Initiated GC) [PSYoungGen: 174174K->67597K(175104K)] 227735K->176413K(699392K), 0.0111843 secs] [Times: user=0.16 sys=0.00, real=0.01 secs] 
2016-09-15T12:43:21.012-0400: 237.077: [GC (Allocation Failure) [PSYoungGen: 155661K->73936K(175104K)] 264580K->201380K(699392K), 0.0111328 secs] [Times: user=0.12 sys=0.00, real=0.01 secs] 
2016-09-15T12:43:21.137-0400: 237.201: [GC (GCLocker Initiated GC) [PSYoungGen: 156026K->73576K(175104K)] 289545K->243852K(699392K), 0.0086048 secs] [Times: user=0.09 sys=0.00, real=0.00 secs] 
2016-09-15T12:43:21.260-0400: 237.324: [GC (GCLocker Initiated GC) [PSYoungGen: 161640K->85854K(175104K)] 332092K->280937K(699392K), 0.0090089 secs] [Times: user=0.13 sys=0.00, real=0.01 secs] 
2016-09-15T12:43:21.410-0400: 237.474: [GC (GCLocker Initiated GC) [PSYoungGen: 173918K->37126K(175104K)] 387425K->269109K(699392K), 0.0066061 secs] [Times: user=0.08 sys=0.00, real=0.01 secs] 
2016-09-15T12:43:21.542-0400: 237.606: [GC (GCLocker Initiated GC) [PSYoungGen: 125190K->55351K(175104K)] 363531K->293983K(699392K), 0.0257336 secs] [Times: user=0.39 sys=0.00, real=0.03 secs] 
2016-09-15T12:43:21.690-0400: 237.754: [GC (GCLocker Initiated GC) [PSYoungGen: 143415K->86214K(175104K)] 388298K->349442K(699392K), 0.0082647 secs] [Times: user=0.12 sys=0.00, real=0.01 secs] 
2016-09-15T12:43:21.826-0400: 237.890: [GC (GCLocker Initiated GC) [PSYoungGen: 174278K->85822K(175104K)] 437554K->404104K(699392K), 0.0110318 secs] [Times: user=0.17 sys=0.00, real=0.02 secs] 
2016-09-15T12:43:21.943-0400: 238.007: [GC (GCLocker Initiated GC) [PSYoungGen: 173886K->55415K(175104K)] 492321K->459216K(699392K), 0.0105782 secs] [Times: user=0.15 sys=0.01, real=0.01 secs] 
2016-09-15T12:43:22.070-0400: 238.135: [GC (GCLocker Initiated GC) [PSYoungGen: 143479K->85822K(175104K)] 553403K->526273K(699392K), 0.0114395 secs] [Times: user=0.18 sys=0.01, real=0.01 secs] 
2016-09-15T12:43:22.082-0400: 238.146: [Full GC (Ergonomics) [PSYoungGen: 85822K->0K(175104K)] [ParOldGen: 440451K->47600K(524288K)] 526273K->47600K(699392K), [Metaspace: 44587K->44587K(1087488K)], 0.0583417 secs] [Times: user=0.44 sys=0.00, real=0.06 secs] 
2016-09-15T12:43:22.254-0400: 238.318: [GC (Allocation Failure) [PSYoungGen: 88064K->86242K(175104K)] 141960K->146213K(699392K), 0.0087541 secs] [Times: user=0.10 sys=0.00, real=0.01 secs] 
2016-09-15T12:43:22.388-0400: 238.452: [GC (Allocation Failure) [PSYoungGen: 174306K->61654K(175104K)] 234277K->177387K(699392K), 0.0092426 secs] [Times: user=0.15 sys=0.00, real=0.01 secs] 
2016-09-15T12:43:22.505-0400: 238.569: [GC (GCLocker Initiated GC) [PSYoungGen: 148013K->55383K(175104K)] 269821K->213769K(699392K), 0.0098257 secs] [Times: user=0.10 sys=0.01, real=0.01 secs] 
2016-09-15T12:43:22.654-0400: 238.718: [GC (GCLocker Initiated GC) [PSYoungGen: 143447K->86182K(175104K)] 302048K->250970K(699392K), 0.0136052 secs] [Times: user=0.18 sys=0.01, real=0.01 secs] 
2016-09-15T12:43:22.764-0400: 238.828: [GC (GCLocker Initiated GC) [PSYoungGen: 174246K->85658K(175104K)] 339092K->299428K(699392K), 0.0134315 secs] [Times: user=0.17 sys=0.00, real=0.02 secs] 
2016-09-15T12:43:22.891-0400: 238.955: [GC (GCLocker Initiated GC) [PSYoungGen: 173722K->79747K(175104K)] 387708K->378951K(699392K), 0.0112362 secs] [Times: user=0.15 sys=0.01, real=0.01 secs] 
2016-09-15T12:43:23.042-0400: 239.106: [GC (GCLocker Initiated GC) [PSYoungGen: 167811K->55483K(175104K)] 479403K->373409K(699392K), 0.0173354 secs] [Times: user=0.14 sys=0.00, real=0.02 secs] 
2016-09-15T12:43:23.194-0400: 239.258: [GC (Allocation Failure) [PSYoungGen: 143547K->49571K(175104K)] 467752K->374060K(699392K), 0.0095295 secs] [Times: user=0.13 sys=0.00, real=0.01 secs] 
2016-09-15T12:43:23.311-0400: 239.375: [GC (GCLocker Initiated GC) [PSYoungGen: 137635K->55483K(175104K)] 462130K->410480K(699392K), 0.0095671 secs] [Times: user=0.09 sys=0.00, real=0.01 secs] 
2016-09-15T12:43:23.459-0400: 239.523: [GC (GCLocker Initiated GC) [PSYoungGen: 143547K->73608K(175104K)] 504660K->453410K(699392K), 0.0090792 secs] [Times: user=0.11 sys=0.01, real=0.01 secs] 
2016-09-15T12:43:23.592-0400: 239.657: [GC (GCLocker Initiated GC) [PSYoungGen: 161672K->85854K(175104K)] 541517K->502284K(699392K), 0.0123927 secs] [Times: user=0.16 sys=0.00, real=0.01 secs] 
2016-09-15T12:43:23.707-0400: 239.771: [GC (GCLocker Initiated GC) [PSYoungGen: 173918K->61458K(175104K)] 596495K->551168K(699392K), 0.0103598 secs] [Times: user=0.14 sys=0.01, real=0.02 secs] 
2016-09-15T12:43:23.717-0400: 239.781: [Full GC (Ergonomics) [PSYoungGen: 61458K->0K(175104K)] [ParOldGen: 489710K->47789K(524288K)] 551168K->47789K(699392K), [Metaspace: 44587K->44587K(1087488K)], 0.0593358 secs] [Times: user=0.44 sys=0.00, real=0.06 secs] 
2016-09-15T12:43:23.900-0400: 239.964: [GC (Allocation Failure) [PSYoungGen: 88064K->86242K(175104K)] 142177K->152505K(699392K), 0.0125030 secs] [Times: user=0.18 sys=0.00, real=0.01 secs] 
2016-09-15T12:43:24.023-0400: 240.088: [GC (GCLocker Initiated GC) [PSYoungGen: 174306K->85854K(175104K)] 240569K->195393K(699392K), 0.0090751 secs] [Times: user=0.12 sys=0.01, real=0.01 secs] 
2016-09-15T12:43:24.162-0400: 240.227: [GC (Allocation Failure) [PSYoungGen: 173918K->73576K(175104K)] 283628K->201827K(699392K), 0.0079807 secs] [Times: user=0.09 sys=0.00, real=0.01 secs] 
2016-09-15T12:43:24.271-0400: 240.335: [GC (GCLocker Initiated GC) [PSYoungGen: 161640K->73608K(175104K)] 289896K->244665K(699392K), 0.0131440 secs] [Times: user=0.12 sys=0.00, real=0.01 secs] 
2016-09-15T12:43:24.416-0400: 240.480: [GC (GCLocker Initiated GC) [PSYoungGen: 161672K->73348K(175104K)] 332910K->263079K(699392K), 0.0106964 secs] [Times: user=0.10 sys=0.00, real=0.00 secs] 
2016-09-15T12:43:24.538-0400: 240.602: [GC (GCLocker Initiated GC) [PSYoungGen: 161412K->73544K(175104K)] 357579K->269822K(699392K), 0.0080063 secs] [Times: user=0.08 sys=0.00, real=0.00 secs] 
2016-09-15T12:43:24.689-0400: 240.753: [GC (Allocation Failure) [PSYoungGen: 161608K->49180K(175104K)] 357894K->282191K(699392K), 0.0090564 secs] [Times: user=0.09 sys=0.00, real=0.01 secs] 
2016-09-15T12:43:24.814-0400: 240.878: [GC (GCLocker Initiated GC) [PSYoungGen: 137241K->85822K(175104K)] 370258K->325189K(699392K), 0.0169920 secs] [Times: user=0.24 sys=0.00, real=0.02 secs] 
2016-09-15T12:43:24.938-0400: 241.002: [GC (Allocation Failure) [PSYoungGen: 173886K->73640K(175104K)] 413564K->331874K(699392K), 0.0093497 secs] [Times: user=0.13 sys=0.00, real=0.01 secs] 
2016-09-15T12:43:25.059-0400: 241.123: [GC (GCLocker Initiated GC) [PSYoungGen: 161704K->85854K(175104K)] 419944K->386935K(699392K), 0.0103166 secs] [Times: user=0.16 sys=0.00, real=0.01 secs] 
2016-09-15T12:43:25.203-0400: 241.267: [GC (GCLocker Initiated GC) [PSYoungGen: 173918K->55611K(175104K)] 487302K->387347K(699392K), 0.0076528 secs] [Times: user=0.08 sys=0.00, real=0.01 secs] 
2016-09-15T12:43:25.325-0400: 241.389: [GC (GCLocker Initiated GC) [PSYoungGen: 143675K->73608K(175104K)] 476041K->406297K(699392K), 0.0082906 secs] [Times: user=0.12 sys=0.00, real=0.01 secs] 
2016-09-15T12:43:25.468-0400: 241.532: [GC (GCLocker Initiated GC) [PSYoungGen: 161672K->73672K(175104K)] 500804K->449569K(699392K), 0.0089096 secs] [Times: user=0.13 sys=0.01, real=0.01 secs] 
2016-09-15T12:43:25.612-0400: 241.676: [GC (GCLocker Initiated GC) [PSYoungGen: 161736K->85758K(175104K)] 549826K->473975K(699392K), 0.0167975 secs] [Times: user=0.20 sys=0.00, real=0.02 secs] 
2016-09-15T12:43:25.772-0400: 241.837: [GC (GCLocker Initiated GC) [PSYoungGen: 173822K->36902K(175104K)] 568117K->467914K(699392K), 0.0116740 secs] [Times: user=0.10 sys=0.00, real=0.01 secs] 
2016-09-15T12:43:25.897-0400: 241.961: [GC (GCLocker Initiated GC) [PSYoungGen: 124966K->85758K(175104K)] 562219K->529385K(699392K), 0.0110269 secs] [Times: user=0.14 sys=0.00, real=0.01 secs] 
2016-09-15T12:43:26.059-0400: 242.124: [GC (GCLocker Initiated GC) [PSYoungGen: 173822K->67597K(175104K)] 617732K->560415K(699392K), 0.0126076 secs] [Times: user=0.15 sys=0.00, real=0.01 secs] 
2016-09-15T12:43:26.072-0400: 242.136: [Full GC (Ergonomics) [PSYoungGen: 67597K->0K(175104K)] [ParOldGen: 492818K->47723K(524288K)] 560415K->47723K(699392K), [Metaspace: 44589K->44589K(1087488K)], 0.0553020 secs] [Times: user=0.32 sys=0.00, real=0.06 secs] 
2016-09-15T12:43:26.228-0400: 242.293: [GC (GCLocker Initiated GC) [PSYoungGen: 88064K->86046K(175104K)] 135996K->164353K(699392K), 0.0118854 secs] [Times: user=0.16 sys=0.00, real=0.01 secs] 
2016-09-15T12:43:26.341-0400: 242.405: [GC (GCLocker Initiated GC) [PSYoungGen: 174110K->79779K(175104K)] 252621K->207642K(699392K), 0.0104916 secs] [Times: user=0.15 sys=0.00, real=0.01 secs] 
2016-09-15T12:43:26.482-0400: 242.546: [GC (GCLocker Initiated GC) [PSYoungGen: 167843K->85790K(175104K)] 295922K->256702K(699392K), 0.0082529 secs] [Times: user=0.13 sys=0.00, real=0.01 secs] 
2016-09-15T12:43:26.614-0400: 242.678: [GC (GCLocker Initiated GC) [PSYoungGen: 173854K->67501K(175104K)] 344976K->269266K(699392K), 0.0221954 secs] [Times: user=0.24 sys=0.00, real=0.03 secs] 
2016-09-15T12:43:26.772-0400: 242.836: [GC (Allocation Failure) [PSYoungGen: 155565K->19260K(175104K)] 369819K->270256K(699392K), 0.0178627 secs] [Times: user=0.24 sys=0.01, real=0.02 secs] 
2016-09-15T12:43:26.908-0400: 242.972: [GC (GCLocker Initiated GC) [PSYoungGen: 107324K->73508K(175104K)] 358325K->324792K(699392K), 0.0124826 secs] [Times: user=0.16 sys=0.00, real=0.01 secs] 
2016-09-15T12:43:27.054-0400: 243.118: [GC (GCLocker Initiated GC) [PSYoungGen: 161572K->55743K(175104K)] 419180K->331711K(699392K), 0.0078415 secs] [Times: user=0.11 sys=0.01, real=0.01 secs] 
2016-09-15T12:43:27.196-0400: 243.260: [GC (Allocation Failure) [PSYoungGen: 143807K->37094K(175104K)] 426060K->319810K(699392K), 0.0072102 secs] [Times: user=0.10 sys=0.00, real=0.00 secs] 
2016-09-15T12:43:27.316-0400: 243.380: [GC (GCLocker Initiated GC) [PSYoungGen: 122545K->55155K(175104K)] 411337K->344262K(699392K), 0.0080923 secs] [Times: user=0.09 sys=0.01, real=0.00 secs] 
2016-09-15T12:43:27.445-0400: 243.509: [GC (Allocation Failure) [PSYoungGen: 143219K->79363K(175104K)] 432615K->368839K(699392K), 0.0218286 secs] [Times: user=0.18 sys=0.00, real=0.02 secs] 
2016-09-15T12:43:27.593-0400: 243.657: [GC (Allocation Failure) [PSYoungGen: 161543K->19032K(175104K)] 451019K->351309K(699392K), 0.0082162 secs] [Times: user=0.07 sys=0.00, real=0.01 secs] 
2016-09-15T12:43:27.701-0400: 243.765: [GC (GCLocker Initiated GC) [PSYoungGen: 107096K->79423K(175104K)] 439379K->412121K(699392K), 0.0315073 secs] [Times: user=0.34 sys=0.00, real=0.03 secs] 
2016-09-15T12:43:27.856-0400: 243.921: [GC (GCLocker Initiated GC) [PSYoungGen: 167487K->55579K(175104K)] 506609K->431263K(699392K), 0.0245313 secs] [Times: user=0.30 sys=0.00, real=0.02 secs] 
2016-09-15T12:43:28.005-0400: 244.069: [GC (GCLocker Initiated GC) [PSYoungGen: 143643K->85694K(175104K)] 519536K->486327K(699392K), 0.0123514 secs] [Times: user=0.14 sys=0.00, real=0.02 secs] 
2016-09-15T12:43:28.139-0400: 244.203: [GC (GCLocker Initiated GC) [PSYoungGen: 173758K->43493K(175104K)] 580636K->505222K(699392K), 0.0135089 secs] [Times: user=0.17 sys=0.00, real=0.01 secs] 
2016-09-15T12:43:28.153-0400: 244.217: [Full GC (Ergonomics) [PSYoungGen: 43493K->0K(175104K)] [ParOldGen: 461729K->53787K(524288K)] 505222K->53787K(699392K), [Metaspace: 44591K->44591K(1087488K)], 0.0605456 secs] [Times: user=0.36 sys=0.00, real=0.06 secs] 
2016-09-15T12:43:28.308-0400: 244.372: [GC (GCLocker Initiated GC) [PSYoungGen: 88064K->73544K(175104K)] 141938K->127418K(699392K), 0.0158798 secs] [Times: user=0.15 sys=0.00, real=0.01 secs] 
2016-09-15T12:43:28.444-0400: 244.508: [GC (Allocation Failure) [PSYoungGen: 161608K->85854K(175104K)] 215569K->182656K(699392K), 0.0189817 secs] [Times: user=0.26 sys=0.00, real=0.02 secs] 
2016-09-15T12:43:28.562-0400: 244.626: [GC (GCLocker Initiated GC) [PSYoungGen: 168477K->55775K(175104K)] 271354K->195589K(699392K), 0.0073708 secs] [Times: user=0.11 sys=0.00, real=0.01 secs] 
2016-09-15T12:43:28.688-0400: 244.752: [GC (GCLocker Initiated GC) [PSYoungGen: 143839K->55547K(175104K)] 289922K->220147K(699392K), 0.0076832 secs] [Times: user=0.10 sys=0.00, real=0.01 secs] 
2016-09-15T12:43:28.825-0400: 244.889: [GC (GCLocker Initiated GC) [PSYoungGen: 143611K->86118K(175104K)] 308259K->299517K(699392K), 0.0093508 secs] [Times: user=0.15 sys=0.00, real=0.01 secs] 
2016-09-15T12:43:28.955-0400: 245.019: [GC (Allocation Failure) [PSYoungGen: 174182K->49504K(175104K)] 393843K->330387K(699392K), 0.0141153 secs] [Times: user=0.16 sys=0.01, real=0.02 secs] 
2016-09-15T12:43:29.090-0400: 245.154: [GC (GCLocker Initiated GC) [PSYoungGen: 137568K->61362K(175104K)] 418456K->360555K(699392K), 0.0115854 secs] [Times: user=0.11 sys=0.00, real=0.01 secs] 
2016-09-15T12:43:29.234-0400: 245.298: [GC (Allocation Failure) [PSYoungGen: 149426K->74036K(175104K)] 455049K->379763K(699392K), 0.0111285 secs] [Times: user=0.11 sys=0.00, real=0.01 secs] 
2016-09-15T12:43:29.245-0400: 245.309: [GC (GCLocker Initiated GC) [PSYoungGen: 74049K->96K(175104K)] 379776K->379445K(699392K), 0.0089596 secs] [Times: user=0.11 sys=0.00, real=0.01 secs] 
2016-09-15T12:43:29.402-0400: 245.466: [GC (GCLocker Initiated GC) [PSYoungGen: 83113K->85726K(175104K)] 468537K->477225K(699392K), 0.0094846 secs] [Times: user=0.11 sys=0.00, real=0.01 secs] 
2016-09-15T12:43:29.515-0400: 245.579: [GC (GCLocker Initiated GC) [PSYoungGen: 173790K->85822K(175104K)] 565321K->538411K(699392K), 0.0114855 secs] [Times: user=0.14 sys=0.00, real=0.01 secs] 
2016-09-15T12:43:29.526-0400: 245.590: [Full GC (Ergonomics) [PSYoungGen: 85822K->0K(175104K)] [ParOldGen: 452589K->59946K(524288K)] 538411K->59946K(699392K), [Metaspace: 44593K->44593K(1087488K)], 0.0560067 secs] [Times: user=0.34 sys=0.01, real=0.06 secs] 
2016-09-15T12:43:29.697-0400: 245.761: [GC (GCLocker Initiated GC) [PSYoungGen: 88064K->86242K(175104K)] 148086K->170564K(699392K), 0.0178579 secs] [Times: user=0.26 sys=0.00, real=0.01 secs] 
2016-09-15T12:43:29.811-0400: 245.875: [GC (GCLocker Initiated GC) [PSYoungGen: 174306K->73672K(175104K)] 258765K->231783K(699392K), 0.0113342 secs] [Times: user=0.16 sys=0.00, real=0.01 secs] 
2016-09-15T12:43:29.932-0400: 245.996: [GC (GCLocker Initiated GC) [PSYoungGen: 161736K->61426K(175104K)] 320095K->280803K(699392K), 0.0285009 secs] [Times: user=0.30 sys=0.00, real=0.03 secs] 
2016-09-15T12:43:30.081-0400: 246.145: [GC (GCLocker Initiated GC) [PSYoungGen: 149490K->73836K(175104K)] 375275K->354471K(699392K), 0.0091377 secs] [Times: user=0.13 sys=0.01, real=0.01 secs] 
2016-09-15T12:43:30.212-0400: 246.276: [GC (GCLocker Initiated GC) [PSYoungGen: 161900K->79619K(175104K)] 448652K->366779K(699392K), 0.0102388 secs] [Times: user=0.11 sys=0.00, real=0.01 secs] 
2016-09-15T12:43:30.365-0400: 246.429: [GC (GCLocker Initiated GC) [PSYoungGen: 167683K->61234K(175104K)] 460948K->433790K(699392K), 0.0105593 secs] [Times: user=0.16 sys=0.00, real=0.01 secs] 
2016-09-15T12:43:30.488-0400: 246.552: [GC (GCLocker Initiated GC) [PSYoungGen: 149298K->55383K(175104K)] 534042K->482944K(699392K), 0.0081058 secs] [Times: user=0.11 sys=0.01, real=0.02 secs] 
2016-09-15T12:43:30.496-0400: 246.560: [Full GC (Ergonomics) [PSYoungGen: 55383K->0K(175104K)] [ParOldGen: 427561K->53833K(524288K)] 482944K->53833K(699392K), [Metaspace: 44594K->44594K(1087488K)], 0.0536950 secs] [Times: user=0.45 sys=0.00, real=0.05 secs] 
2016-09-15T12:43:30.671-0400: 246.736: [GC (GCLocker Initiated GC) [PSYoungGen: 88064K->86046K(175104K)] 141938K->164221K(699392K), 0.0099422 secs] [Times: user=0.13 sys=0.01, real=0.01 secs] 
2016-09-15T12:43:30.825-0400: 246.889: [GC (GCLocker Initiated GC) [PSYoungGen: 174110K->67729K(175104K)] 258636K->207640K(699392K), 0.0106157 secs] [Times: user=0.11 sys=0.00, real=0.02 secs] 
2016-09-15T12:43:30.965-0400: 247.029: [GC (GCLocker Initiated GC) [PSYoungGen: 155793K->61458K(175104K)] 301921K->208042K(699392K), 0.0110486 secs] [Times: user=0.13 sys=0.01, real=0.02 secs] 
2016-09-15T12:43:31.082-0400: 247.147: [GC (GCLocker Initiated GC) [PSYoungGen: 149522K->85954K(175104K)] 296254K->275363K(699392K), 0.0114173 secs] [Times: user=0.14 sys=0.00, real=0.01 secs] 
2016-09-15T12:43:31.234-0400: 247.298: [GC (GCLocker Initiated GC) [PSYoungGen: 174018K->73608K(175104K)] 363693K->300188K(699392K), 0.0179159 secs] [Times: user=0.20 sys=0.00, real=0.02 secs] 
2016-09-15T12:43:31.364-0400: 247.428: [GC (GCLocker Initiated GC) [PSYoungGen: 161672K->55419K(175104K)] 388254K->300337K(699392K), 0.0110193 secs] [Times: user=0.11 sys=0.00, real=0.01 secs] 
2016-09-15T12:43:31.480-0400: 247.544: [GC (Allocation Failure) [PSYoungGen: 143483K->85758K(175104K)] 388544K->349311K(699392K), 0.0222841 secs] [Times: user=0.21 sys=0.00, real=0.02 secs] 
2016-09-15T12:43:31.627-0400: 247.691: [GC (GCLocker Initiated GC) [PSYoungGen: 173822K->61458K(175104K)] 437381K->385895K(699392K), 0.0218207 secs] [Times: user=0.32 sys=0.01, real=0.03 secs] 
2016-09-15T12:43:31.754-0400: 247.819: [GC (GCLocker Initiated GC) [PSYoungGen: 149522K->73968K(175104K)] 474017K->398763K(699392K), 0.0087632 secs] [Times: user=0.10 sys=0.00, real=0.01 secs] 
2016-09-15T12:43:31.896-0400: 247.960: [GC (GCLocker Initiated GC) [PSYoungGen: 162032K->67893K(175104K)] 499069K->441844K(699392K), 0.0107163 secs] [Times: user=0.13 sys=0.00, real=0.00 secs] 
2016-09-15T12:43:32.021-0400: 248.085: [GC (GCLocker Initiated GC) [PSYoungGen: 155957K->85922K(175104K)] 530050K->502684K(699392K), 0.0147204 secs] [Times: user=0.16 sys=0.00, real=0.01 secs] 
2016-09-15T12:43:32.144-0400: 248.208: [GC (GCLocker Initiated GC) [PSYoungGen: 173986K->61230K(175104K)] 590908K->515057K(699392K), 0.0110214 secs] [Times: user=0.11 sys=0.00, real=0.01 secs] 
2016-09-15T12:43:32.155-0400: 248.219: [Full GC (Ergonomics) [PSYoungGen: 61230K->0K(175104K)] [ParOldGen: 453827K->47620K(524288K)] 515057K->47620K(699392K), [Metaspace: 44594K->44594K(1087488K)], 0.0592906 secs] [Times: user=0.29 sys=0.01, real=0.06 secs] 
2016-09-15T12:43:32.326-0400: 248.390: [GC (Allocation Failure) [PSYoungGen: 88064K->73964K(175104K)] 142606K->128506K(699392K), 0.0161229 secs] [Times: user=0.22 sys=0.00, real=0.02 secs] 
2016-09-15T12:43:32.461-0400: 248.525: [GC (GCLocker Initiated GC) [PSYoungGen: 162028K->73540K(175104K)] 216571K->147027K(699392K), 0.0088152 secs] [Times: user=0.12 sys=0.00, real=0.01 secs] 
2016-09-15T12:43:32.609-0400: 248.673: [GC (GCLocker Initiated GC) [PSYoungGen: 161604K->85690K(175104K)] 235139K->201886K(699392K), 0.0147218 secs] [Times: user=0.18 sys=0.00, real=0.01 secs] 
2016-09-15T12:43:32.726-0400: 248.790: [GC (GCLocker Initiated GC) [PSYoungGen: 173754K->85790K(175104K)] 290120K->232674K(699392K), 0.0123175 secs] [Times: user=0.14 sys=0.00, real=0.02 secs] 
2016-09-15T12:43:32.855-0400: 248.920: [GC (GCLocker Initiated GC) [PSYoungGen: 173854K->85594K(175104K)] 320786K->287501K(699392K), 0.0104701 secs] [Times: user=0.15 sys=0.01, real=0.01 secs] 
2016-09-15T12:43:32.984-0400: 249.048: [GC (GCLocker Initiated GC) [PSYoungGen: 173658K->74132K(175104K)] 375803K->325012K(699392K), 0.0090869 secs] [Times: user=0.13 sys=0.00, real=0.01 secs] 
2016-09-15T12:43:33.103-0400: 249.168: [GC (GCLocker Initiated GC) [PSYoungGen: 162196K->67305K(175104K)] 413089K->336731K(699392K), 0.0088835 secs] [Times: user=0.10 sys=0.01, real=0.01 secs] 
2016-09-15T12:43:33.241-0400: 249.305: [GC (GCLocker Initiated GC) [PSYoungGen: 155369K->73480K(175104K)] 425150K->343357K(699392K), 0.0220063 secs] [Times: user=0.21 sys=0.00, real=0.02 secs] 
2016-09-15T12:43:33.398-0400: 249.462: [GC (GCLocker Initiated GC) [PSYoungGen: 161544K->19100K(175104K)] 437508K->331790K(699392K), 0.0103067 secs] [Times: user=0.10 sys=0.00, real=0.01 secs] 
2016-09-15T12:43:33.522-0400: 249.586: [GC (Allocation Failure) [PSYoungGen: 107164K->73412K(175104K)] 420099K->386614K(699392K), 0.0082321 secs] [Times: user=0.10 sys=0.01, real=0.01 secs] 
2016-09-15T12:43:33.645-0400: 249.709: [GC (GCLocker Initiated GC) [PSYoungGen: 161476K->73672K(175104K)] 474683K->423473K(699392K), 0.0109700 secs] [Times: user=0.12 sys=0.00, real=0.02 secs] 
2016-09-15T12:43:33.743-0400: 249.807: [GC (GCLocker Initiated GC) [PSYoungGen: 161736K->79619K(175104K)] 511714K->448105K(699392K), 0.0169945 secs] [Times: user=0.17 sys=0.00, real=0.02 secs] 
2016-09-15T12:43:33.881-0400: 249.945: [GC (GCLocker Initiated GC) [PSYoungGen: 167683K->67373K(175104K)] 536223K->478713K(699392K), 0.0126151 secs] [Times: user=0.13 sys=0.00, real=0.01 secs] 
2016-09-15T12:43:34.053-0400: 250.117: [GC (GCLocker Initiated GC) [PSYoungGen: 155437K->37026K(175104K)] 572882K->515513K(699392K), 0.0190299 secs] [Times: user=0.28 sys=0.00, real=0.02 secs] 
2016-09-15T12:43:34.072-0400: 250.137: [Full GC (Ergonomics) [PSYoungGen: 37026K->0K(175104K)] [ParOldGen: 478487K->41630K(524288K)] 515513K->41630K(699392K), [Metaspace: 44594K->44594K(1087488K)], 0.0644474 secs] [Times: user=0.43 sys=0.01, real=0.07 secs] 
2016-09-15T12:43:34.232-0400: 250.296: [GC (Allocation Failure) [PSYoungGen: 88064K->86078K(175104K)] 129826K->176440K(699392K), 0.0101748 secs] [Times: user=0.14 sys=0.00, real=0.01 secs] 
2016-09-15T12:43:34.334-0400: 250.398: [GC (GCLocker Initiated GC) [PSYoungGen: 174142K->67565K(175104K)] 264510K->261821K(699392K), 0.0107510 secs] [Times: user=0.17 sys=0.00, real=0.01 secs] 
2016-09-15T12:43:34.462-0400: 250.526: [GC (GCLocker Initiated GC) [PSYoungGen: 155629K->74388K(175104K)] 349887K->305215K(699392K), 0.0086042 secs] [Times: user=0.11 sys=0.00, real=0.01 secs] 
2016-09-15T12:43:34.596-0400: 250.660: [GC (GCLocker Initiated GC) [PSYoungGen: 162452K->55027K(175104K)] 393360K->286795K(699392K), 0.0082082 secs] [Times: user=0.08 sys=0.01, real=0.00 secs] 
2016-09-15T12:43:34.751-0400: 250.815: [GC (GCLocker Initiated GC) [PSYoungGen: 143091K->55187K(175104K)] 380935K->311368K(699392K), 0.0129198 secs] [Times: user=0.16 sys=0.00, real=0.01 secs] 
2016-09-15T12:43:34.877-0400: 250.941: [GC (GCLocker Initiated GC) [PSYoungGen: 143251K->85658K(175104K)] 399496K->378480K(699392K), 0.0095112 secs] [Times: user=0.13 sys=0.00, real=0.00 secs] 
2016-09-15T12:43:35.036-0400: 251.100: [GC (Allocation Failure) [PSYoungGen: 173722K->55679K(175104K)] 472773K->391307K(699392K), 0.0088139 secs] [Times: user=0.10 sys=0.00, real=0.00 secs] 
2016-09-15T12:43:35.154-0400: 251.218: [GC (GCLocker Initiated GC) [PSYoungGen: 143743K->73444K(175104K)] 479377K->409689K(699392K), 0.0146382 secs] [Times: user=0.16 sys=0.00, real=0.02 secs] 
2016-09-15T12:43:35.271-0400: 251.335: [GC (GCLocker Initiated GC) [PSYoungGen: 161508K->85958K(175104K)] 503887K->464915K(699392K), 0.0136635 secs] [Times: user=0.15 sys=0.00, real=0.01 secs] 
2016-09-15T12:43:35.398-0400: 251.462: [GC (GCLocker Initiated GC) [PSYoungGen: 174022K->43528K(175104K)] 559174K->477909K(699392K), 0.0089172 secs] [Times: user=0.09 sys=0.00, real=0.00 secs] 
2016-09-15T12:43:35.505-0400: 251.569: [Full GC (Ergonomics) [PSYoungGen: 131592K->0K(175104K)] [ParOldGen: 446578K->54012K(524288K)] 578171K->54012K(699392K), [Metaspace: 44594K->44594K(1087488K)], 0.0676690 secs] [Times: user=0.37 sys=0.00, real=0.07 secs] 
2016-09-15T12:43:35.684-0400: 251.748: [GC (GCLocker Initiated GC) [PSYoungGen: 88064K->86114K(175104K)] 142180K->164530K(699392K), 0.0165650 secs] [Times: user=0.20 sys=0.00, real=0.02 secs] 
2016-09-15T12:43:35.831-0400: 251.895: [GC (GCLocker Initiated GC) [PSYoungGen: 174178K->55451K(175104K)] 259013K->183335K(699392K), 0.0206637 secs] [Times: user=0.16 sys=0.01, real=0.02 secs] 
2016-09-15T12:43:35.987-0400: 252.052: [GC (Allocation Failure) [PSYoungGen: 143515K->43137K(175104K)] 271440K->189570K(699392K), 0.0096690 secs] [Times: user=0.10 sys=0.00, real=0.02 secs] 
2016-09-15T12:43:36.088-0400: 252.152: [GC (GCLocker Initiated GC) [PSYoungGen: 127034K->49116K(175104K)] 279543K->226004K(699392K), 0.0403682 secs] [Times: user=0.33 sys=0.00, real=0.04 secs] 
2016-09-15T12:43:36.252-0400: 252.317: [GC (GCLocker Initiated GC) [PSYoungGen: 137180K->85822K(175104K)] 320191K->311681K(699392K), 0.0128697 secs] [Times: user=0.18 sys=0.00, real=0.01 secs] 
2016-09-15T12:43:36.404-0400: 252.468: [GC (GCLocker Initiated GC) [PSYoungGen: 173886K->79551K(175104K)] 405935K->384808K(699392K), 0.0125932 secs] [Times: user=0.16 sys=0.00, real=0.02 secs] 
2016-09-15T12:43:36.517-0400: 252.581: [GC (GCLocker Initiated GC) [PSYoungGen: 167615K->85986K(175104K)] 472999K->458362K(699392K), 0.0118772 secs] [Times: user=0.18 sys=0.00, real=0.01 secs] 
2016-09-15T12:43:36.668-0400: 252.732: [GC (GCLocker Initiated GC) [PSYoungGen: 174050K->43297K(175104K)] 558725K->489005K(699392K), 0.0094373 secs] [Times: user=0.11 sys=0.00, real=0.01 secs] 
2016-09-15T12:43:36.678-0400: 252.742: [Full GC (Ergonomics) [PSYoungGen: 43297K->0K(175104K)] [ParOldGen: 445708K->54335K(524288K)] 489005K->54335K(699392K), [Metaspace: 44594K->44594K(1087488K)], 0.0605769 secs] [Times: user=0.38 sys=0.00, real=0.06 secs] 
2016-09-15T12:43:36.867-0400: 252.931: [GC (GCLocker Initiated GC) [PSYoungGen: 88064K->73836K(175104K)] 148717K->134489K(699392K), 0.0153234 secs] [Times: user=0.20 sys=0.01, real=0.02 secs] 
2016-09-15T12:43:37.012-0400: 253.076: [GC (GCLocker Initiated GC) [PSYoungGen: 161900K->25043K(175104K)] 228933K->140929K(699392K), 0.0105980 secs] [Times: user=0.09 sys=0.00, real=0.01 secs] 
2016-09-15T12:43:37.145-0400: 253.209: [GC (GCLocker Initiated GC) [PSYoungGen: 113107K->55091K(175104K)] 229197K->183614K(699392K), 0.0216156 secs] [Times: user=0.23 sys=0.00, real=0.02 secs] 
2016-09-15T12:43:37.276-0400: 253.340: [GC (GCLocker Initiated GC) [PSYoungGen: 143155K->85954K(175104K)] 271798K->245083K(699392K), 0.0110139 secs] [Times: user=0.15 sys=0.00, real=0.00 secs] 
2016-09-15T12:43:37.398-0400: 253.462: [GC (GCLocker Initiated GC) [PSYoungGen: 174018K->55351K(175104K)] 333168K->233353K(699392K), 0.0078924 secs] [Times: user=0.09 sys=0.00, real=0.00 secs] 
2016-09-15T12:43:37.505-0400: 253.569: [GC (Allocation Failure) [PSYoungGen: 143415K->55255K(175104K)] 327831K->239954K(699392K), 0.0087258 secs] [Times: user=0.08 sys=0.00, real=0.01 secs] 
2016-09-15T12:43:37.634-0400: 253.698: [GC (GCLocker Initiated GC) [PSYoungGen: 143319K->86054K(175104K)] 328024K->289252K(699392K), 0.0084793 secs] [Times: user=0.09 sys=0.00, real=0.01 secs] 
2016-09-15T12:43:37.776-0400: 253.840: [GC (Allocation Failure) [PSYoungGen: 174118K->55255K(175104K)] 383628K->301835K(699392K), 0.0132929 secs] [Times: user=0.13 sys=0.00, real=0.01 secs] 
2016-09-15T12:43:37.897-0400: 253.961: [GC (GCLocker Initiated GC) [PSYoungGen: 143319K->85630K(175104K)] 389904K->362882K(699392K), 0.0129037 secs] [Times: user=0.11 sys=0.00, real=0.01 secs] 
2016-09-15T12:43:38.062-0400: 254.126: [GC (GCLocker Initiated GC) [PSYoungGen: 173694K->85594K(175104K)] 457069K->393560K(699392K), 0.0100363 secs] [Times: user=0.12 sys=0.00, real=0.01 secs] 
2016-09-15T12:43:38.213-0400: 254.277: [GC (GCLocker Initiated GC) [PSYoungGen: 173658K->73708K(175104K)] 499892K->436511K(699392K), 0.0221582 secs] [Times: user=0.27 sys=0.00, real=0.02 secs] 
2016-09-15T12:43:38.347-0400: 254.411: [GC (GCLocker Initiated GC) [PSYoungGen: 161772K->43365K(175104K)] 536884K->461269K(699392K), 0.0102647 secs] [Times: user=0.10 sys=0.00, real=0.02 secs] 
2016-09-15T12:43:38.516-0400: 254.580: [GC (GCLocker Initiated GC) [PSYoungGen: 131429K->73316K(175104K)] 555450K->515870K(699392K), 0.0127610 secs] [Times: user=0.15 sys=0.00, real=0.01 secs] 
2016-09-15T12:43:38.672-0400: 254.736: [GC (GCLocker Initiated GC) [PSYoungGen: 161380K->73964K(175104K)] 610286K->559440K(699392K), 0.0236360 secs] [Times: user=0.35 sys=0.00, real=0.03 secs] 
2016-09-15T12:43:38.696-0400: 254.760: [Full GC (Ergonomics) [PSYoungGen: 73964K->0K(175104K)] [ParOldGen: 485476K->54444K(524288K)] 559440K->54444K(699392K), [Metaspace: 44594K->44594K(1087488K)], 0.0561995 secs] [Times: user=0.37 sys=0.00, real=0.05 secs] 
2016-09-15T12:43:38.890-0400: 254.954: [GC (GCLocker Initiated GC) [PSYoungGen: 88064K->79455K(175104K)] 142674K->134065K(699392K), 0.0106372 secs] [Times: user=0.12 sys=0.00, real=0.01 secs] 
2016-09-15T12:43:39.018-0400: 255.082: [GC (GCLocker Initiated GC) [PSYoungGen: 167519K->61626K(175104K)] 222221K->158957K(699392K), 0.0135862 secs] [Times: user=0.12 sys=0.00, real=0.01 secs] 
2016-09-15T12:43:39.126-0400: 255.190: [GC (GCLocker Initiated GC) [PSYoungGen: 149690K->85954K(175104K)] 247069K->208121K(699392K), 0.0170451 secs] [Times: user=0.19 sys=0.00, real=0.02 secs] 
2016-09-15T12:43:39.247-0400: 255.311: [GC (GCLocker Initiated GC) [PSYoungGen: 174018K->79847K(175104K)] 296250K->275270K(699392K), 0.0217547 secs] [Times: user=0.26 sys=0.00, real=0.03 secs] 
2016-09-15T12:43:39.389-0400: 255.453: [GC (GCLocker Initiated GC) [PSYoungGen: 167911K->49408K(175104K)] 369625K->293914K(699392K), 0.0165893 secs] [Times: user=0.18 sys=0.00, real=0.01 secs] 
2016-09-15T12:43:39.524-0400: 255.588: [GC (GCLocker Initiated GC) [PSYoungGen: 137472K->49116K(175104K)] 388151K->342595K(699392K), 0.0109835 secs] [Times: user=0.10 sys=0.00, real=0.01 secs] 
2016-09-15T12:43:39.654-0400: 255.719: [GC (GCLocker Initiated GC) [PSYoungGen: 137180K->85822K(175104K)] 436787K->410028K(699392K), 0.0086748 secs] [Times: user=0.12 sys=0.00, real=0.01 secs] 
2016-09-15T12:43:39.807-0400: 255.871: [GC (GCLocker Initiated GC) [PSYoungGen: 173886K->43201K(175104K)] 504237K->422476K(699392K), 0.0095365 secs] [Times: user=0.12 sys=0.00, real=0.02 secs] 
2016-09-15T12:43:39.935-0400: 255.999: [GC (GCLocker Initiated GC) [PSYoungGen: 131265K->61622K(175104K)] 516970K->490136K(699392K), 0.0103127 secs] [Times: user=0.10 sys=0.00, real=0.01 secs] 
2016-09-15T12:43:40.070-0400: 256.134: [GC (GCLocker Initiated GC) [PSYoungGen: 149686K->73672K(175104K)] 578534K->539465K(699392K), 0.0091584 secs] [Times: user=0.13 sys=0.00, real=0.01 secs] 
2016-09-15T12:43:40.079-0400: 256.143: [Full GC (Ergonomics) [PSYoungGen: 73672K->0K(175104K)] [ParOldGen: 465793K->54429K(524288K)] 539465K->54429K(699392K), [Metaspace: 44595K->44595K(1087488K)], 0.0614111 secs] [Times: user=0.49 sys=0.01, real=0.06 secs] 
2016-09-15T12:43:40.249-0400: 256.313: [GC (GCLocker Initiated GC) [PSYoungGen: 88064K->86602K(175104K)] 148929K->171767K(699392K), 0.0118682 secs] [Times: user=0.17 sys=0.00, real=0.01 secs] 
2016-09-15T12:43:40.391-0400: 256.455: [GC (GCLocker Initiated GC) [PSYoungGen: 174666K->43233K(175104K)] 260024K->183986K(699392K), 0.0091941 secs] [Times: user=0.10 sys=0.00, real=0.01 secs] 
2016-09-15T12:43:40.530-0400: 256.594: [GC (GCLocker Initiated GC) [PSYoungGen: 131297K->55874K(175104K)] 284280K->208970K(699392K), 0.0145123 secs] [Times: user=0.18 sys=0.00, real=0.01 secs] 
2016-09-15T12:43:40.686-0400: 256.750: [GC (Allocation Failure) [PSYoungGen: 143938K->55415K(175104K)] 303312K->233321K(699392K), 0.0139044 secs] [Times: user=0.17 sys=0.00, real=0.02 secs] 
2016-09-15T12:43:40.826-0400: 256.890: [GC (GCLocker Initiated GC) [PSYoungGen: 139568K->73704K(175104K)] 323549K->276053K(699392K), 0.0097132 secs] [Times: user=0.16 sys=0.00, real=0.02 secs] 
2016-09-15T12:43:40.946-0400: 257.010: [GC (GCLocker Initiated GC) [PSYoungGen: 161768K->73968K(175104K)] 364193K->294769K(699392K), 0.0082494 secs] [Times: user=0.10 sys=0.00, real=0.01 secs] 
2016-09-15T12:43:41.066-0400: 257.130: [GC (GCLocker Initiated GC) [PSYoungGen: 162032K->86182K(175104K)] 383110K->344041K(699392K), 0.0109846 secs] [Times: user=0.16 sys=0.00, real=0.02 secs] 
2016-09-15T12:43:41.195-0400: 257.259: [GC (GCLocker Initiated GC) [PSYoungGen: 174246K->73872K(175104K)] 432337K->350644K(699392K), 0.0100485 secs] [Times: user=0.13 sys=0.00, real=0.01 secs] 
2016-09-15T12:43:41.307-0400: 257.372: [GC (GCLocker Initiated GC) [PSYoungGen: 161936K->86250K(175104K)] 450990K->375423K(699392K), 0.0079954 secs] [Times: user=0.08 sys=0.01, real=0.01 secs] 
2016-09-15T12:43:41.471-0400: 257.535: [GC (GCLocker Initiated GC) [PSYoungGen: 174314K->61622K(175104K)] 463647K->412168K(699392K), 0.0138050 secs] [Times: user=0.15 sys=0.00, real=0.01 secs] 
2016-09-15T12:43:41.633-0400: 257.697: [GC (GCLocker Initiated GC) [PSYoungGen: 149686K->85498K(175104K)] 500393K->442383K(699392K), 0.0353714 secs] [Times: user=0.39 sys=0.00, real=0.04 secs] 
2016-09-15T12:43:41.776-0400: 257.840: [GC (GCLocker Initiated GC) [PSYoungGen: 173562K->73544K(175104K)] 530531K->467091K(699392K), 0.0266776 secs] [Times: user=0.28 sys=0.01, real=0.02 secs] 
2016-09-15T12:43:41.901-0400: 257.965: [GC (GCLocker Initiated GC) [PSYoungGen: 161608K->61394K(175104K)] 555253K->503906K(699392K), 0.0168781 secs] [Times: user=0.19 sys=0.00, real=0.02 secs] 
2016-09-15T12:43:42.018-0400: 258.082: [GC (GCLocker Initiated GC) [PSYoungGen: 149458K->73740K(175104K)] 592193K->577345K(699392K), 0.0126411 secs] [Times: user=0.16 sys=0.00, real=0.01 secs] 
2016-09-15T12:43:42.031-0400: 258.095: [Full GC (Ergonomics) [PSYoungGen: 73740K->0K(175104K)] [ParOldGen: 503605K->55043K(524288K)] 577345K->55043K(699392K), [Metaspace: 44595K->44595K(1087488K)], 0.0585843 secs] [Times: user=0.32 sys=0.00, real=0.06 secs] 
2016-09-15T12:43:42.198-0400: 258.263: [GC (GCLocker Initiated GC) [PSYoungGen: 88064K->86114K(175104K)] 149912K->160112K(699392K), 0.0110182 secs] [Times: user=0.11 sys=0.00, real=0.01 secs] 
2016-09-15T12:43:42.310-0400: 258.374: [GC (GCLocker Initiated GC) [PSYoungGen: 174178K->61326K(175104K)] 248285K->215135K(699392K), 0.0176509 secs] [Times: user=0.24 sys=0.00, real=0.01 secs] 
2016-09-15T12:43:42.452-0400: 258.516: [GC (GCLocker Initiated GC) [PSYoungGen: 149390K->85922K(175104K)] 303241K->276343K(699392K), 0.0190658 secs] [Times: user=0.18 sys=0.00, real=0.02 secs] 
2016-09-15T12:43:42.583-0400: 258.648: [GC (GCLocker Initiated GC) [PSYoungGen: 173986K->55383K(175104K)] 364465K->319398K(699392K), 0.0121817 secs] [Times: user=0.16 sys=0.00, real=0.02 secs] 
2016-09-15T12:43:42.697-0400: 258.761: [GC (GCLocker Initiated GC) [PSYoungGen: 143447K->85922K(175104K)] 407812K->380969K(699392K), 0.0094260 secs] [Times: user=0.12 sys=0.01, real=0.00 secs] 
2016-09-15T12:43:42.859-0400: 258.923: [GC (Allocation Failure) [PSYoungGen: 173986K->67305K(175104K)] 469372K->381517K(699392K), 0.0174767 secs] [Times: user=0.19 sys=0.01, real=0.02 secs] 
2016-09-15T12:43:43.004-0400: 259.068: [GC (GCLocker Initiated GC) [PSYoungGen: 155369K->85722K(175104K)] 469587K->406158K(699392K), 0.0089824 secs] [Times: user=0.10 sys=0.00, real=0.01 secs] 
2016-09-15T12:43:43.116-0400: 259.180: [GC (GCLocker Initiated GC) [PSYoungGen: 173786K->85890K(175104K)] 494372K->406612K(699392K), 0.0170416 secs] [Times: user=0.21 sys=0.00, real=0.01 secs] 
2016-09-15T12:43:43.234-0400: 259.298: [GC (GCLocker Initiated GC) [PSYoungGen: 173954K->79783K(175104K)] 494975K->449852K(699392K), 0.0138256 secs] [Times: user=0.14 sys=0.00, real=0.02 secs] 
2016-09-15T12:43:43.335-0400: 259.399: [GC (GCLocker Initiated GC) [PSYoungGen: 167847K->49116K(175104K)] 537923K->474127K(699392K), 0.0107827 secs] [Times: user=0.11 sys=0.00, real=0.01 secs] 
2016-09-15T12:43:43.454-0400: 259.518: [Full GC (Ergonomics) [PSYoungGen: 137180K->0K(175104K)] [ParOldGen: 431357K->54512K(524288K)] 568537K->54512K(699392K), [Metaspace: 44597K->44597K(1087488K)], 0.0606675 secs] [Times: user=0.36 sys=0.01, real=0.06 secs] 
2016-09-15T12:43:43.644-0400: 259.708: [GC (GCLocker Initiated GC) [PSYoungGen: 84461K->73996K(175104K)] 145048K->134583K(699392K), 0.0070471 secs] [Times: user=0.08 sys=0.00, real=0.01 secs] 
2016-09-15T12:43:43.792-0400: 259.856: [GC (GCLocker Initiated GC) [PSYoungGen: 162060K->85626K(175104K)] 222781K->183369K(699392K), 0.0097660 secs] [Times: user=0.11 sys=0.00, real=0.01 secs] 
2016-09-15T12:43:43.925-0400: 259.989: [GC (GCLocker Initiated GC) [PSYoungGen: 173690K->67697K(175104K)] 271794K->238828K(699392K), 0.0182300 secs] [Times: user=0.17 sys=0.00, real=0.02 secs] 
2016-09-15T12:43:44.117-0400: 260.181: [GC (GCLocker Initiated GC) [PSYoungGen: 155761K->55251K(175104K)] 327103K->245094K(699392K), 0.0144361 secs] [Times: user=0.18 sys=0.00, real=0.01 secs] 
2016-09-15T12:43:44.266-0400: 260.330: [GC (GCLocker Initiated GC) [PSYoungGen: 143315K->85790K(175104K)] 333340K->300226K(699392K), 0.0106741 secs] [Times: user=0.12 sys=0.01, real=0.02 secs] 
2016-09-15T12:43:44.414-0400: 260.478: [GC (GCLocker Initiated GC) [PSYoungGen: 173854K->49472K(175104K)] 394530K->306701K(699392K), 0.0175497 secs] [Times: user=0.19 sys=0.00, real=0.02 secs] 
2016-09-15T12:43:44.546-0400: 260.610: [GC (GCLocker Initiated GC) [PSYoungGen: 137536K->73416K(175104K)] 394802K->349182K(699392K), 0.0324875 secs] [Times: user=0.31 sys=0.00, real=0.04 secs] 
2016-09-15T12:43:44.687-0400: 260.751: [GC (GCLocker Initiated GC) [PSYoungGen: 161480K->43329K(175104K)] 443386K->434745K(699392K), 0.0114731 secs] [Times: user=0.17 sys=0.00, real=0.02 secs] 
2016-09-15T12:43:44.821-0400: 260.885: [GC (GCLocker Initiated GC) [PSYoungGen: 131393K->61818K(175104K)] 522969K->489988K(699392K), 0.0217026 secs] [Times: user=0.31 sys=0.01, real=0.02 secs] 
2016-09-15T12:43:44.843-0400: 260.907: [Full GC (Ergonomics) [PSYoungGen: 61818K->0K(175104K)] [ParOldGen: 428170K->61136K(524288K)] 489988K->61136K(699392K), [Metaspace: 44598K->44598K(1087488K)], 0.0575590 secs] [Times: user=0.37 sys=0.00, real=0.06 secs] 
2016-09-15T12:43:45.004-0400: 261.068: [GC (GCLocker Initiated GC) [PSYoungGen: 88064K->80139K(175104K)] 155458K->147533K(699392K), 0.0197329 secs] [Times: user=0.22 sys=0.00, real=0.02 secs] 
2016-09-15T12:43:45.118-0400: 261.183: [GC (GCLocker Initiated GC) [PSYoungGen: 168203K->85986K(175104K)] 241882K->233309K(699392K), 0.0133343 secs] [Times: user=0.21 sys=0.00, real=0.01 secs] 
2016-09-15T12:43:45.242-0400: 261.306: [GC (GCLocker Initiated GC) [PSYoungGen: 174050K->85758K(175104K)] 321689K->288371K(699392K), 0.0117562 secs] [Times: user=0.15 sys=0.00, real=0.01 secs] 
2016-09-15T12:43:45.391-0400: 261.455: [GC (GCLocker Initiated GC) [PSYoungGen: 173822K->61522K(175104K)] 382608K->325095K(699392K), 0.0104156 secs] [Times: user=0.12 sys=0.00, real=0.01 secs] 
2016-09-15T12:43:45.503-0400: 261.567: [GC (GCLocker Initiated GC) [PSYoungGen: 149586K->85954K(175104K)] 419371K->398399K(699392K), 0.0117811 secs] [Times: user=0.16 sys=0.01, real=0.01 secs] 
2016-09-15T12:43:45.653-0400: 261.717: [GC (GCLocker Initiated GC) [PSYoungGen: 174018K->67501K(175104K)] 486730K->441410K(699392K), 0.0101662 secs] [Times: user=0.15 sys=0.00, real=0.01 secs] 
2016-09-15T12:43:45.770-0400: 261.834: [GC (Allocation Failure) [PSYoungGen: 155565K->73868K(175104K)] 529667K->448098K(699392K), 0.0081165 secs] [Times: user=0.11 sys=0.00, real=0.01 secs] 
2016-09-15T12:43:45.888-0400: 261.952: [GC (GCLocker Initiated GC) [PSYoungGen: 160546K->49144K(175104K)] 540851K->472257K(699392K), 0.0157052 secs] [Times: user=0.20 sys=0.00, real=0.01 secs] 
2016-09-15T12:43:46.034-0400: 262.098: [GC (GCLocker Initiated GC) [PSYoungGen: 137208K->86314K(175104K)] 560436K->533993K(699392K), 0.0100497 secs] [Times: user=0.13 sys=0.00, real=0.01 secs] 
2016-09-15T12:43:46.044-0400: 262.109: [Full GC (Ergonomics) [PSYoungGen: 86314K->0K(175104K)] [ParOldGen: 447679K->54873K(524288K)] 533993K->54873K(699392K), [Metaspace: 44599K->44599K(1087488K)], 0.0464776 secs] [Times: user=0.35 sys=0.00, real=0.05 secs] 
2016-09-15T12:43:46.212-0400: 262.276: [GC (GCLocker Initiated GC) [PSYoungGen: 88064K->85918K(175104K)] 143012K->165166K(699392K), 0.0272393 secs] [Times: user=0.30 sys=0.01, real=0.03 secs] 
2016-09-15T12:43:46.343-0400: 262.407: [GC (GCLocker Initiated GC) [PSYoungGen: 173982K->73672K(175104K)] 253412K->226566K(699392K), 0.0218568 secs] [Times: user=0.25 sys=0.00, real=0.02 secs] 
2016-09-15T12:43:46.474-0400: 262.538: [GC (GCLocker Initiated GC) [PSYoungGen: 161736K->61298K(175104K)] 314991K->257354K(699392K), 0.0176297 secs] [Times: user=0.20 sys=0.00, real=0.02 secs] 
2016-09-15T12:43:46.641-0400: 262.706: [GC (Allocation Failure) [PSYoungGen: 149362K->36998K(175104K)] 363981K->270070K(699392K), 0.0163139 secs] [Times: user=0.17 sys=0.00, real=0.02 secs] 
2016-09-15T12:43:46.786-0400: 262.850: [GC (GCLocker Initiated GC) [PSYoungGen: 119530K->37485K(175104K)] 358677K->276760K(699392K), 0.0101444 secs] [Times: user=0.12 sys=0.01, real=0.02 secs] 
2016-09-15T12:43:46.908-0400: 262.972: [GC (GCLocker Initiated GC) [PSYoungGen: 125549K->55743K(175104K)] 371249K->319803K(699392K), 0.0086521 secs] [Times: user=0.10 sys=0.00, real=0.01 secs] 
2016-09-15T12:43:47.044-0400: 263.108: [GC (GCLocker Initiated GC) [PSYoungGen: 143807K->55319K(175104K)] 414040K->344068K(699392K), 0.0171781 secs] [Times: user=0.18 sys=0.00, real=0.02 secs] 
2016-09-15T12:43:47.187-0400: 263.251: [GC (GCLocker Initiated GC) [PSYoungGen: 143383K->49312K(175104K)] 432364K->375167K(699392K), 0.0162347 secs] [Times: user=0.18 sys=0.00, real=0.02 secs] 
2016-09-15T12:43:47.312-0400: 263.376: [GC (GCLocker Initiated GC) [PSYoungGen: 137376K->43041K(175104K)] 463351K->387492K(699392K), 0.0088348 secs] [Times: user=0.07 sys=0.00, real=0.01 secs] 
2016-09-15T12:43:47.454-0400: 263.518: [GC (GCLocker Initiated GC) [PSYoungGen: 131105K->30827K(175104K)] 488497K->406524K(699392K), 0.0180519 secs] [Times: user=0.18 sys=0.00, real=0.02 secs] 
2016-09-15T12:43:47.606-0400: 263.670: [GC (GCLocker Initiated GC) [PSYoungGen: 118891K->79651K(175104K)] 500722K->461757K(699392K), 0.0131188 secs] [Times: user=0.13 sys=0.00, real=0.02 secs] 
2016-09-15T12:43:47.757-0400: 263.821: [GC (GCLocker Initiated GC) [PSYoungGen: 167715K->18936K(175104K)] 561996K->449919K(699392K), 0.0185714 secs] [Times: user=0.18 sys=0.02, real=0.01 secs] 
2016-09-15T12:43:47.893-0400: 263.957: [Full GC (Ergonomics) [PSYoungGen: 107000K->0K(175104K)] [ParOldGen: 449226K->53728K(524288K)] 556227K->53728K(699392K), [Metaspace: 44606K->44606K(1087488K)], 0.0842769 secs] [Times: user=0.60 sys=0.02, real=0.09 secs] 
2016-09-15T12:43:48.085-0400: 264.149: [GC (Allocation Failure) [PSYoungGen: 88064K->73444K(175104K)] 141962K->127343K(699392K), 0.0154189 secs] [Times: user=0.18 sys=0.00, real=0.02 secs] 
2016-09-15T12:43:48.212-0400: 264.277: [GC (GCLocker Initiated GC) [PSYoungGen: 161508K->67797K(175104K)] 215412K->140038K(699392K), 0.0149779 secs] [Times: user=0.15 sys=0.01, real=0.01 secs] 
2016-09-15T12:43:48.323-0400: 264.387: [GC (GCLocker Initiated GC) [PSYoungGen: 155861K->55387K(175104K)] 228334K->146664K(699392K), 0.0096358 secs] [Times: user=0.08 sys=0.00, real=0.01 secs] 
2016-09-15T12:43:48.452-0400: 264.516: [GC (GCLocker Initiated GC) [PSYoungGen: 143451K->61266K(175104K)] 240964K->195504K(699392K), 0.0295013 secs] [Times: user=0.29 sys=0.00, real=0.03 secs] 
2016-09-15T12:43:48.595-0400: 264.659: [GC (Allocation Failure) [PSYoungGen: 149330K->61462K(175104K)] 283744K->196128K(699392K), 0.0231536 secs] [Times: user=0.24 sys=0.01, real=0.03 secs] 
2016-09-15T12:43:48.735-0400: 264.799: [GC (GCLocker Initiated GC) [PSYoungGen: 143783K->43169K(175104K)] 284524K->220815K(699392K), 0.0151042 secs] [Times: user=0.16 sys=0.00, real=0.02 secs] 
2016-09-15T12:43:48.904-0400: 264.968: [GC (GCLocker Initiated GC) [PSYoungGen: 131233K->36802K(175104K)] 321217K->226890K(699392K), 0.0336619 secs] [Times: user=0.30 sys=0.00, real=0.04 secs] 
2016-09-15T12:43:49.052-0400: 265.116: [GC (GCLocker Initiated GC) [PSYoungGen: 124866K->85530K(175104K)] 315001K->287935K(699392K), 0.0184288 secs] [Times: user=0.20 sys=0.00, real=0.02 secs] 
2016-09-15T12:43:49.203-0400: 265.267: [GC (GCLocker Initiated GC) [PSYoungGen: 173594K->73544K(175104K)] 388197K->318625K(699392K), 0.0127392 secs] [Times: user=0.11 sys=0.00, real=0.01 secs] 
2016-09-15T12:43:49.315-0400: 265.379: [GC (GCLocker Initiated GC) [PSYoungGen: 161608K->79879K(175104K)] 406793K->392245K(699392K), 0.0123861 secs] [Times: user=0.16 sys=0.00, real=0.01 secs] 
2016-09-15T12:43:49.444-0400: 265.508: [GC (GCLocker Initiated GC) [PSYoungGen: 167943K->49440K(175104K)] 486604K->447368K(699392K), 0.0121680 secs] [Times: user=0.10 sys=0.00, real=0.02 secs] 
2016-09-15T12:43:49.539-0400: 265.603: [GC (GCLocker Initiated GC) [PSYoungGen: 137504K->85822K(175104K)] 535782K->502632K(699392K), 0.0123013 secs] [Times: user=0.14 sys=0.01, real=0.01 secs] 
2016-09-15T12:43:49.680-0400: 265.744: [GC (Allocation Failure) [PSYoungGen: 173886K->61622K(175104K)] 590727K->527174K(699392K), 0.0160071 secs] [Times: user=0.23 sys=0.01, real=0.02 secs] 
2016-09-15T12:43:49.696-0400: 265.760: [Full GC (Ergonomics) [PSYoungGen: 61622K->0K(175104K)] [ParOldGen: 465552K->47962K(524288K)] 527174K->47962K(699392K), [Metaspace: 44620K->44620K(1087488K)], 0.0545647 secs] [Times: user=0.36 sys=0.01, real=0.05 secs] 
2016-09-15T12:43:49.846-0400: 265.910: [GC (GCLocker Initiated GC) [PSYoungGen: 88064K->86274K(175104K)] 136032K->176767K(699392K), 0.0127677 secs] [Times: user=0.16 sys=0.00, real=0.02 secs] 
2016-09-15T12:43:49.963-0400: 266.027: [GC (GCLocker Initiated GC) [PSYoungGen: 174338K->61554K(175104K)] 264850K->231792K(699392K), 0.0108113 secs] [Times: user=0.15 sys=0.00, real=0.01 secs] 
2016-09-15T12:43:50.102-0400: 266.166: [GC (GCLocker Initiated GC) [PSYoungGen: 149618K->19488K(175104K)] 338224K->244689K(699392K), 0.0061804 secs] [Times: user=0.08 sys=0.00, real=0.01 secs] 
2016-09-15T12:43:50.232-0400: 266.296: [GC (GCLocker Initiated GC) [PSYoungGen: 107552K->55711K(175104K)] 345253K->293891K(699392K), 0.0078881 secs] [Times: user=0.12 sys=0.00, real=0.01 secs] 
2016-09-15T12:43:50.373-0400: 266.437: [GC (GCLocker Initiated GC) [PSYoungGen: 143775K->37226K(175104K)] 394219K->287969K(699392K), 0.0057631 secs] [Times: user=0.06 sys=0.00, real=0.01 secs] 
2016-09-15T12:43:50.491-0400: 266.555: [GC (GCLocker Initiated GC) [PSYoungGen: 125290K->36934K(175104K)] 382307K->312427K(699392K), 0.0083190 secs] [Times: user=0.06 sys=0.00, real=0.01 secs] 
2016-09-15T12:43:50.623-0400: 266.687: [GC (GCLocker Initiated GC) [PSYoungGen: 124998K->85922K(175104K)] 400774K->367869K(699392K), 0.0093323 secs] [Times: user=0.10 sys=0.00, real=0.01 secs] 
2016-09-15T12:43:50.740-0400: 266.804: [GC (GCLocker Initiated GC) [PSYoungGen: 173986K->85758K(175104K)] 455981K->404526K(699392K), 0.0110491 secs] [Times: user=0.16 sys=0.00, real=0.01 secs] 
2016-09-15T12:43:50.852-0400: 266.916: [GC (GCLocker Initiated GC) [PSYoungGen: 173822K->86118K(175104K)] 498713K->490128K(699392K), 0.0122654 secs] [Times: user=0.20 sys=0.00, real=0.01 secs] 
2016-09-15T12:43:51.012-0400: 267.076: [GC (GCLocker Initiated GC) [PSYoungGen: 174182K->43265K(175104K)] 584622K->514950K(699392K), 0.0113157 secs] [Times: user=0.12 sys=0.01, real=0.01 secs] 
2016-09-15T12:43:51.023-0400: 267.087: [Full GC (Ergonomics) [PSYoungGen: 43265K->0K(175104K)] [ParOldGen: 471685K->47589K(524288K)] 514950K->47589K(699392K), [Metaspace: 44620K->44620K(1087488K)], 0.0557327 secs] [Times: user=0.44 sys=0.01, real=0.06 secs] 
2016-09-15T12:43:51.192-0400: 267.256: [GC (GCLocker Initiated GC) [PSYoungGen: 88064K->86242K(175104K)] 136014K->164567K(699392K), 0.0120186 secs] [Times: user=0.17 sys=0.00, real=0.01 secs] 
2016-09-15T12:43:51.335-0400: 267.399: [GC (GCLocker Initiated GC) [PSYoungGen: 174306K->55479K(175104K)] 264963K->220099K(699392K), 0.0103331 secs] [Times: user=0.16 sys=0.00, real=0.01 secs] 
2016-09-15T12:43:51.446-0400: 267.510: [GC (GCLocker Initiated GC) [PSYoungGen: 143543K->85854K(175104K)] 308369K->299424K(699392K), 0.0120425 secs] [Times: user=0.18 sys=0.00, real=0.02 secs] 
2016-09-15T12:43:51.585-0400: 267.649: [GC (GCLocker Initiated GC) [PSYoungGen: 173918K->55415K(175104K)] 387771K->342507K(699392K), 0.0093028 secs] [Times: user=0.14 sys=0.00, real=0.01 secs] 
2016-09-15T12:43:51.702-0400: 267.766: [GC (GCLocker Initiated GC) [PSYoungGen: 143479K->73804K(175104K)] 430782K->379615K(699392K), 0.0084751 secs] [Times: user=0.12 sys=0.00, real=0.01 secs] 
2016-09-15T12:43:51.843-0400: 267.907: [GC (Allocation Failure) [PSYoungGen: 161868K->85854K(175104K)] 467973K->416582K(699392K), 0.0137669 secs] [Times: user=0.20 sys=0.00, real=0.02 secs] 
2016-09-15T12:43:51.962-0400: 268.027: [GC (GCLocker Initiated GC) [PSYoungGen: 171869K->37453K(175104K)] 508672K->392602K(699392K), 0.0079974 secs] [Times: user=0.10 sys=0.00, real=0.01 secs] 
2016-09-15T12:43:52.071-0400: 268.135: [GC (GCLocker Initiated GC) [PSYoungGen: 125517K->85790K(175104K)] 480775K->471745K(699392K), 0.0147218 secs] [Times: user=0.19 sys=0.01, real=0.01 secs] 
2016-09-15T12:43:52.211-0400: 268.275: [GC (GCLocker Initiated GC) [PSYoungGen: 173854K->55219K(175104K)] 572196K->496386K(699392K), 0.0091277 secs] [Times: user=0.12 sys=0.00, real=0.01 secs] 
2016-09-15T12:43:52.220-0400: 268.284: [Full GC (Ergonomics) [PSYoungGen: 55219K->0K(175104K)] [ParOldGen: 441167K->53872K(524288K)] 496386K->53872K(699392K), [Metaspace: 44620K->44620K(1087488K)], 0.0451659 secs] [Times: user=0.39 sys=0.00, real=0.04 secs] 
2016-09-15T12:43:52.375-0400: 268.439: [GC (GCLocker Initiated GC) [PSYoungGen: 88064K->86078K(175104K)] 141978K->182517K(699392K), 0.0101009 secs] [Times: user=0.15 sys=0.01, real=0.01 secs] 
2016-09-15T12:43:52.496-0400: 268.560: [GC (GCLocker Initiated GC) [PSYoungGen: 174142K->73736K(175104K)] 270712K->237719K(699392K), 0.0099389 secs] [Times: user=0.16 sys=0.00, real=0.00 secs] 
2016-09-15T12:43:52.625-0400: 268.689: [GC (GCLocker Initiated GC) [PSYoungGen: 161800K->86118K(175104K)] 325864K->280872K(699392K), 0.0098235 secs] [Times: user=0.16 sys=0.00, real=0.01 secs] 
2016-09-15T12:43:52.732-0400: 268.796: [GC (GCLocker Initiated GC) [PSYoungGen: 174179K->85690K(175104K)] 369300K->330054K(699392K), 0.0094684 secs] [Times: user=0.14 sys=0.00, real=0.01 secs] 
2016-09-15T12:43:52.853-0400: 268.917: [GC (GCLocker Initiated GC) [PSYoungGen: 173754K->73640K(175104K)] 418340K->354835K(699392K), 0.0088146 secs] [Times: user=0.14 sys=0.00, real=0.01 secs] 
2016-09-15T12:43:52.994-0400: 269.058: [GC (GCLocker Initiated GC) [PSYoungGen: 161704K->85658K(175104K)] 442946K->379350K(699392K), 0.0087508 secs] [Times: user=0.12 sys=0.00, real=0.01 secs] 
2016-09-15T12:43:53.106-0400: 269.171: [GC (GCLocker Initiated GC) [PSYoungGen: 173722K->61522K(175104K)] 467770K->416479K(699392K), 0.0107618 secs] [Times: user=0.14 sys=0.00, real=0.02 secs] 
2016-09-15T12:43:53.233-0400: 269.297: [GC (GCLocker Initiated GC) [PSYoungGen: 149586K->85822K(175104K)] 504675K->483752K(699392K), 0.0121204 secs] [Times: user=0.17 sys=0.00, real=0.01 secs] 
2016-09-15T12:43:53.346-0400: 269.410: [GC (Allocation Failure) [PSYoungGen: 173886K->85890K(175104K)] 571896K->520502K(699392K), 0.0096378 secs] [Times: user=0.14 sys=0.00, real=0.01 secs] 
2016-09-15T12:43:53.478-0400: 269.542: [GC (GCLocker Initiated GC) [PSYoungGen: 173954K->49208K(175104K)] 608571K->545007K(699392K), 0.0108138 secs] [Times: user=0.11 sys=0.00, real=0.01 secs] 
2016-09-15T12:43:53.489-0400: 269.553: [Full GC (Ergonomics) [PSYoungGen: 49208K->0K(175104K)] [ParOldGen: 495799K->48092K(524288K)] 545007K->48092K(699392K), [Metaspace: 44620K->44620K(1087488K)], 0.0472018 secs] [Times: user=0.39 sys=0.00, real=0.05 secs] 
2016-09-15T12:43:53.650-0400: 269.714: [GC (GCLocker Initiated GC) [PSYoungGen: 88064K->86078K(175104K)] 142390K->146479K(699392K), 0.0089096 secs] [Times: user=0.13 sys=0.00, real=0.01 secs] 
2016-09-15T12:43:53.806-0400: 269.870: [GC (GCLocker Initiated GC) [PSYoungGen: 174142K->37354K(175104K)] 246695K->165169K(699392K), 0.0081099 secs] [Times: user=0.11 sys=0.00, real=0.01 secs] 
2016-09-15T12:43:53.921-0400: 269.985: [GC (GCLocker Initiated GC) [PSYoungGen: 125418K->85690K(175104K)] 253291K->220290K(699392K), 0.0097832 secs] [Times: user=0.14 sys=0.00, real=0.01 secs] 
2016-09-15T12:43:54.051-0400: 270.115: [GC (GCLocker Initiated GC) [PSYoungGen: 173754K->61426K(175104K)] 314566K->238816K(699392K), 0.0084681 secs] [Times: user=0.10 sys=0.00, real=0.01 secs] 
2016-09-15T12:43:54.175-0400: 270.239: [GC (Allocation Failure) [PSYoungGen: 149490K->74000K(175104K)] 326932K->251765K(699392K), 0.0088099 secs] [Times: user=0.13 sys=0.00, real=0.01 secs] 
2016-09-15T12:43:54.300-0400: 270.364: [GC (GCLocker Initiated GC) [PSYoungGen: 159524K->55775K(175104K)] 343364K->276389K(699392K), 0.0082456 secs] [Times: user=0.12 sys=0.00, real=0.01 secs] 
2016-09-15T12:43:54.435-0400: 270.500: [GC (GCLocker Initiated GC) [PSYoungGen: 143839K->86314K(175104K)] 364545K->313238K(699392K), 0.0087463 secs] [Times: user=0.13 sys=0.00, real=0.01 secs] 
2016-09-15T12:43:54.581-0400: 270.645: [GC (GCLocker Initiated GC) [PSYoungGen: 174378K->79587K(175104K)] 401356K->325073K(699392K), 0.0093965 secs] [Times: user=0.11 sys=0.00, real=0.01 secs] 
2016-09-15T12:43:54.718-0400: 270.782: [GC (GCLocker Initiated GC) [PSYoungGen: 167651K->61198K(175104K)] 419410K->367932K(699392K), 0.0175495 secs] [Times: user=0.26 sys=0.01, real=0.02 secs] 
2016-09-15T12:43:54.838-0400: 270.902: [GC (Allocation Failure) [PSYoungGen: 149262K->85854K(175104K)] 462381K->435559K(699392K), 0.0095702 secs] [Times: user=0.14 sys=0.00, real=0.00 secs] 
2016-09-15T12:43:54.977-0400: 271.041: [GC (GCLocker Initiated GC) [PSYoungGen: 171920K->37749K(175104K)] 527700K->412078K(699392K), 0.0062160 secs] [Times: user=0.08 sys=0.00, real=0.00 secs] 
2016-09-15T12:43:55.071-0400: 271.136: [GC (GCLocker Initiated GC) [PSYoungGen: 125813K->85854K(175104K)] 500486K->484978K(699392K), 0.0099112 secs] [Times: user=0.14 sys=0.00, real=0.01 secs] 
2016-09-15T12:43:55.225-0400: 271.289: [GC (GCLocker Initiated GC) [PSYoungGen: 173918K->55351K(175104K)] 585233K->485002K(699392K), 0.0082736 secs] [Times: user=0.12 sys=0.00, real=0.01 secs] 
2016-09-15T12:43:55.328-0400: 271.392: [GC (GCLocker Initiated GC) [PSYoungGen: 143415K->85626K(175104K)] 573272K->521873K(699392K), 0.0102206 secs] [Times: user=0.15 sys=0.00, real=0.01 secs] 
2016-09-15T12:43:55.461-0400: 271.526: [GC (GCLocker Initiated GC) [PSYoungGen: 173690K->67761K(175104K)] 616301K->546941K(699392K), 0.0149409 secs] [Times: user=0.20 sys=0.00, real=0.02 secs] 
2016-09-15T12:43:55.477-0400: 271.541: [Full GC (Ergonomics) [PSYoungGen: 67761K->0K(175104K)] [ParOldGen: 479180K->54217K(524288K)] 546941K->54217K(699392K), [Metaspace: 44620K->44620K(1087488K)], 0.0509385 secs] [Times: user=0.41 sys=0.00, real=0.04 secs] 
2016-09-15T12:43:55.637-0400: 271.701: [GC (Allocation Failure) [PSYoungGen: 88064K->86438K(175104K)] 154775K->159224K(699392K), 0.0084902 secs] [Times: user=0.13 sys=0.00, real=0.00 secs] 
2016-09-15T12:43:55.772-0400: 271.836: [GC (GCLocker Initiated GC) [PSYoungGen: 172802K->37190K(175104K)] 251663K->153564K(699392K), 0.0079473 secs] [Times: user=0.12 sys=0.00, real=0.01 secs] 
2016-09-15T12:43:55.900-0400: 271.964: [GC (GCLocker Initiated GC) [PSYoungGen: 125254K->55970K(175104K)] 254010K->185027K(699392K), 0.0090499 secs] [Times: user=0.13 sys=0.00, real=0.01 secs] 
2016-09-15T12:43:56.048-0400: 272.112: [GC (GCLocker Initiated GC) [PSYoungGen: 144034K->85626K(175104K)] 273278K->221440K(699392K), 0.0084804 secs] [Times: user=0.13 sys=0.00, real=0.02 secs] 
2016-09-15T12:43:56.180-0400: 272.244: [GC (Allocation Failure) [PSYoungGen: 173690K->67565K(175104K)] 315828K->246272K(699392K), 0.0086200 secs] [Times: user=0.13 sys=0.00, real=0.01 secs] 
2016-09-15T12:43:56.287-0400: 272.352: [GC (GCLocker Initiated GC) [PSYoungGen: 150306K->55319K(175104K)] 335088K->289025K(699392K), 0.0128613 secs] [Times: user=0.18 sys=0.00, real=0.02 secs] 
2016-09-15T12:43:56.429-0400: 272.493: [GC (Allocation Failure) [PSYoungGen: 143383K->85986K(175104K)] 377354K->326316K(699392K), 0.0089344 secs] [Times: user=0.12 sys=0.00, real=0.01 secs] 
2016-09-15T12:43:56.546-0400: 272.610: [GC (Allocation Failure) [PSYoungGen: 169366K->37058K(175104K)] 409697K->326295K(699392K), 0.0075160 secs] [Times: user=0.11 sys=0.00, real=0.01 secs] 
2016-09-15T12:43:56.669-0400: 272.733: [GC (GCLocker Initiated GC) [PSYoungGen: 125122K->85790K(175104K)] 414365K->381236K(699392K), 0.0084660 secs] [Times: user=0.12 sys=0.00, real=0.01 secs] 
2016-09-15T12:43:56.817-0400: 272.881: [GC (GCLocker Initiated GC) [PSYoungGen: 173854K->37453K(175104K)] 481710K->382067K(699392K), 0.0073583 secs] [Times: user=0.09 sys=0.00, real=0.00 secs] 
2016-09-15T12:43:56.935-0400: 272.999: [GC (GCLocker Initiated GC) [PSYoungGen: 125517K->73512K(175104K)] 476502K->425123K(699392K), 0.0088583 secs] [Times: user=0.12 sys=0.00, real=0.01 secs] 
2016-09-15T12:43:57.092-0400: 273.156: [GC (GCLocker Initiated GC) [PSYoungGen: 161576K->79747K(175104K)] 513336K->468116K(699392K), 0.0109366 secs] [Times: user=0.15 sys=0.00, real=0.01 secs] 
2016-09-15T12:43:57.215-0400: 273.279: [GC (GCLocker Initiated GC) [PSYoungGen: 167811K->85822K(175104K)] 556463K->517306K(699392K), 0.0093341 secs] [Times: user=0.13 sys=0.00, real=0.01 secs] 
2016-09-15T12:43:57.343-0400: 273.408: [GC (Allocation Failure) [PSYoungGen: 173886K->37094K(175104K)] 611660K->511610K(699392K), 0.0083724 secs] [Times: user=0.13 sys=0.00, real=0.01 secs] 
2016-09-15T12:43:57.352-0400: 273.416: [Full GC (Ergonomics) [PSYoungGen: 37094K->0K(175104K)] [ParOldGen: 474516K->48283K(524288K)] 511610K->48283K(699392K), [Metaspace: 44620K->44620K(1087488K)], 0.0484066 secs] [Times: user=0.45 sys=0.00, real=0.05 secs] 
2016-09-15T12:43:57.506-0400: 273.570: [GC (GCLocker Initiated GC) [PSYoungGen: 84739K->74356K(175104K)] 139097K->128714K(699392K), 0.0072344 secs] [Times: user=0.10 sys=0.00, real=0.01 secs] 
2016-09-15T12:43:57.656-0400: 273.720: [GC (GCLocker Initiated GC) [PSYoungGen: 162420K->61490K(175104K)] 223057K->159288K(699392K), 0.0098752 secs] [Times: user=0.11 sys=0.00, real=0.00 secs] 
2016-09-15T12:43:57.798-0400: 273.862: [GC (GCLocker Initiated GC) [PSYoungGen: 149554K->80011K(175104K)] 247412K->196214K(699392K), 0.0096876 secs] [Times: user=0.12 sys=0.00, real=0.01 secs] 
2016-09-15T12:43:57.899-0400: 273.963: [GC (GCLocker Initiated GC) [PSYoungGen: 168075K->85922K(175104K)] 284348K->250962K(699392K), 0.0111994 secs] [Times: user=0.15 sys=0.01, real=0.01 secs] 
2016-09-15T12:43:58.045-0400: 274.109: [GC (Allocation Failure) [PSYoungGen: 173986K->55387K(175104K)] 351498K->257630K(699392K), 0.0115343 secs] [Times: user=0.09 sys=0.00, real=0.02 secs] 
2016-09-15T12:43:58.188-0400: 274.252: [GC (GCLocker Initiated GC) [PSYoungGen: 143451K->55351K(175104K)] 345701K->257868K(699392K), 0.0137747 secs] [Times: user=0.13 sys=0.00, real=0.01 secs] 
2016-09-15T12:43:58.304-0400: 274.368: [GC (GCLocker Initiated GC) [PSYoungGen: 143415K->55287K(175104K)] 352167K->282383K(699392K), 0.0105601 secs] [Times: user=0.13 sys=0.00, real=0.01 secs] 
2016-09-15T12:43:58.455-0400: 274.519: [GC (GCLocker Initiated GC) [PSYoungGen: 143351K->55515K(175104K)] 370506K->282977K(699392K), 0.0190754 secs] [Times: user=0.23 sys=0.01, real=0.02 secs] 
2016-09-15T12:43:58.586-0400: 274.650: [GC (Allocation Failure) [PSYoungGen: 143579K->55283K(175104K)] 371765K->332549K(699392K), 0.0079624 secs] [Times: user=0.11 sys=0.00, real=0.01 secs] 
2016-09-15T12:43:58.699-0400: 274.763: [GC (GCLocker Initiated GC) [PSYoungGen: 141919K->74000K(175104K)] 425261K->375718K(699392K), 0.0084785 secs] [Times: user=0.12 sys=0.01, real=0.00 secs] 
2016-09-15T12:43:58.836-0400: 274.900: [GC (GCLocker Initiated GC) [PSYoungGen: 162064K->67405K(175104K)] 464078K->382140K(699392K), 0.0190359 secs] [Times: user=0.19 sys=0.00, real=0.01 secs] 
2016-09-15T12:43:58.969-0400: 275.033: [GC (Allocation Failure) [PSYoungGen: 155469K->85662K(175104K)] 470246K->406822K(699392K), 0.0088836 secs] [Times: user=0.09 sys=0.00, real=0.01 secs] 
2016-09-15T12:43:59.105-0400: 275.169: [GC (GCLocker Initiated GC) [PSYoungGen: 169224K->55319K(175104K)] 496459K->431461K(699392K), 0.0275421 secs] [Times: user=0.34 sys=0.00, real=0.03 secs] 
2016-09-15T12:43:59.252-0400: 275.316: [GC (GCLocker Initiated GC) [PSYoungGen: 143383K->85694K(175104K)] 520085K->468754K(699392K), 0.0102051 secs] [Times: user=0.13 sys=0.00, real=0.01 secs] 
2016-09-15T12:43:59.373-0400: 275.437: [GC (Allocation Failure) [PSYoungGen: 173758K->67437K(175104K)] 557028K->487432K(699392K), 0.0098797 secs] [Times: user=0.13 sys=0.00, real=0.01 secs] 
2016-09-15T12:43:59.484-0400: 275.548: [GC (GCLocker Initiated GC) [PSYoungGen: 151896K->73608K(175104K)] 577967K->536420K(699392K), 0.0181397 secs] [Times: user=0.22 sys=0.00, real=0.02 secs] 
2016-09-15T12:43:59.503-0400: 275.567: [Full GC (Ergonomics) [PSYoungGen: 73608K->0K(175104K)] [ParOldGen: 462812K->54444K(524288K)] 536420K->54444K(699392K), [Metaspace: 44620K->44620K(1087488K)], 0.0601665 secs] [Times: user=0.42 sys=0.02, real=0.06 secs] 
2016-09-15T12:43:59.673-0400: 275.738: [GC (Allocation Failure) [PSYoungGen: 88064K->86146K(175104K)] 142617K->165000K(699392K), 0.0163592 secs] [Times: user=0.18 sys=0.00, real=0.02 secs] 
2016-09-15T12:43:59.830-0400: 275.894: [GC (GCLocker Initiated GC) [PSYoungGen: 171314K->55970K(175104K)] 256243K->196146K(699392K), 0.0130762 secs] [Times: user=0.18 sys=0.00, real=0.01 secs] 
2016-09-15T12:43:59.980-0400: 276.044: [GC (GCLocker Initiated GC) [PSYoungGen: 144034K->37158K(175104K)] 290500K->183923K(699392K), 0.0056633 secs] [Times: user=0.07 sys=0.00, real=0.00 secs] 
2016-09-15T12:44:00.094-0400: 276.158: [GC (GCLocker Initiated GC) [PSYoungGen: 125222K->55775K(175104K)] 278278K->227207K(699392K), 0.0083116 secs] [Times: user=0.09 sys=0.00, real=0.01 secs] 
2016-09-15T12:44:00.234-0400: 276.298: [GC (GCLocker Initiated GC) [PSYoungGen: 143839K->85922K(175104K)] 315408K->275860K(699392K), 0.0101295 secs] [Times: user=0.10 sys=0.00, real=0.01 secs] 
2016-09-15T12:44:00.359-0400: 276.423: [GC (GCLocker Initiated GC) [PSYoungGen: 173986K->55127K(175104K)] 364184K->263949K(699392K), 0.0164397 secs] [Times: user=0.12 sys=0.00, real=0.02 secs] 
2016-09-15T12:44:00.482-0400: 276.546: [GC (GCLocker Initiated GC) [PSYoungGen: 143191K->85858K(175104K)] 352121K->331506K(699392K), 0.0233534 secs] [Times: user=0.24 sys=0.00, real=0.02 secs] 
2016-09-15T12:44:00.642-0400: 276.706: [GC (GCLocker Initiated GC) [PSYoungGen: 173922K->43297K(175104K)] 419736K->332059K(699392K), 0.0242421 secs] [Times: user=0.21 sys=0.00, real=0.02 secs] 
2016-09-15T12:44:00.782-0400: 276.846: [GC (Allocation Failure) [PSYoungGen: 131361K->49148K(175104K)] 420433K->381261K(699392K), 0.0148445 secs] [Times: user=0.15 sys=0.00, real=0.02 secs] 
2016-09-15T12:44:00.922-0400: 276.986: [GC (GCLocker Initiated GC) [PSYoungGen: 133945K->55351K(175104K)] 472134K->430288K(699392K), 0.0093856 secs] [Times: user=0.12 sys=0.00, real=0.01 secs] 
2016-09-15T12:44:01.053-0400: 277.117: [GC (GCLocker Initiated GC) [PSYoungGen: 143415K->73644K(175104K)] 518602K->448943K(699392K), 0.0098011 secs] [Times: user=0.10 sys=0.00, real=0.01 secs] 
2016-09-15T12:44:01.203-0400: 277.267: [GC (GCLocker Initiated GC) [PSYoungGen: 161708K->67305K(175104K)] 543141K->485480K(699392K), 0.0167122 secs] [Times: user=0.20 sys=0.01, real=0.02 secs] 
2016-09-15T12:44:01.326-0400: 277.390: [GC (GCLocker Initiated GC) [PSYoungGen: 155369K->85922K(175104K)] 573742K->565205K(699392K), 0.0113286 secs] [Times: user=0.14 sys=0.00, real=0.02 secs] 
2016-09-15T12:44:01.337-0400: 277.401: [Full GC (Ergonomics) [PSYoungGen: 85922K->0K(175104K)] [ParOldGen: 479283K->48623K(524288K)] 565205K->48623K(699392K), [Metaspace: 44620K->44620K(1087488K)], 0.0573786 secs] [Times: user=0.34 sys=0.01, real=0.05 secs] 
2016-09-15T12:44:01.500-0400: 277.564: [GC (GCLocker Initiated GC) [PSYoungGen: 88064K->86210K(175104K)] 148914K->171360K(699392K), 0.0087061 secs] [Times: user=0.11 sys=0.00, real=0.01 secs] 
2016-09-15T12:44:01.617-0400: 277.681: [GC (GCLocker Initiated GC) [PSYoungGen: 174274K->73836K(175104K)] 259730K->208603K(699392K), 0.0101099 secs] [Times: user=0.12 sys=0.00, real=0.00 secs] 
2016-09-15T12:44:01.734-0400: 277.798: [GC (GCLocker Initiated GC) [PSYoungGen: 161900K->85790K(175104K)] 296843K->245512K(699392K), 0.0106855 secs] [Times: user=0.13 sys=0.01, real=0.01 secs] 
2016-09-15T12:44:01.897-0400: 277.961: [GC (Allocation Failure) [PSYoungGen: 173854K->55283K(175104K)] 339720K->257711K(699392K), 0.0422470 secs] [Times: user=0.53 sys=0.00, real=0.04 secs] 
2016-09-15T12:44:02.073-0400: 278.137: [GC (GCLocker Initiated GC) [PSYoungGen: 143346K->67337K(175104K)] 345780K->269906K(699392K), 0.0134507 secs] [Times: user=0.18 sys=0.00, real=0.01 secs] 
2016-09-15T12:44:02.186-0400: 278.250: [GC (GCLocker Initiated GC) [PSYoungGen: 155401K->55219K(175104K)] 358107K->288428K(699392K), 0.0276605 secs] [Times: user=0.31 sys=0.01, real=0.03 secs] 
2016-09-15T12:44:02.319-0400: 278.383: [GC (GCLocker Initiated GC) [PSYoungGen: 143283K->73968K(175104K)] 382727K->331804K(699392K), 0.0074174 secs] [Times: user=0.10 sys=0.00, real=0.00 secs] 
2016-09-15T12:44:02.435-0400: 278.499: [GC (GCLocker Initiated GC) [PSYoungGen: 162032K->85790K(175104K)] 419944K->380779K(699392K), 0.0146316 secs] [Times: user=0.21 sys=0.00, real=0.02 secs] 
2016-09-15T12:44:02.549-0400: 278.613: [GC (GCLocker Initiated GC) [PSYoungGen: 173854K->55351K(175104K)] 469458K->417924K(699392K), 0.0102159 secs] [Times: user=0.12 sys=0.01, real=0.01 secs] 
2016-09-15T12:44:02.678-0400: 278.742: [GC (GCLocker Initiated GC) [PSYoungGen: 143415K->55255K(175104K)] 506130K->424312K(699392K), 0.0150359 secs] [Times: user=0.19 sys=0.00, real=0.01 secs] 
2016-09-15T12:44:02.814-0400: 278.878: [GC (GCLocker Initiated GC) [PSYoungGen: 143319K->85658K(175104K)] 512524K->485530K(699392K), 0.0092179 secs] [Times: user=0.12 sys=0.00, real=0.01 secs] 
2016-09-15T12:44:02.925-0400: 278.989: [GC (GCLocker Initiated GC) [PSYoungGen: 173722K->85854K(175104K)] 573698K->552830K(699392K), 0.0126747 secs] [Times: user=0.20 sys=0.00, real=0.02 secs] 
2016-09-15T12:44:02.938-0400: 279.002: [Full GC (Ergonomics) [PSYoungGen: 85854K->0K(175104K)] [ParOldGen: 466976K->54515K(524288K)] 552830K->54515K(699392K), [Metaspace: 44620K->44620K(1087488K)], 0.0586302 secs] [Times: user=0.46 sys=0.01, real=0.06 secs] 
2016-09-15T12:44:03.111-0400: 279.175: [GC (GCLocker Initiated GC) [PSYoungGen: 88064K->73896K(175104K)] 148847K->134679K(699392K), 0.0099107 secs] [Times: user=0.12 sys=0.01, real=0.01 secs] 
2016-09-15T12:44:03.251-0400: 279.315: [GC (GCLocker Initiated GC) [PSYoungGen: 161960K->55579K(175104K)] 235249K->147672K(699392K), 0.0073134 secs] [Times: user=0.11 sys=0.00, real=0.01 secs] 
2016-09-15T12:44:03.381-0400: 279.445: [GC (GCLocker Initiated GC) [PSYoungGen: 143643K->55515K(175104K)] 235738K->166282K(699392K), 0.0095209 secs] [Times: user=0.10 sys=0.00, real=0.01 secs] 
2016-09-15T12:44:03.493-0400: 279.557: [GC (GCLocker Initiated GC) [PSYoungGen: 143579K->85758K(175104K)] 260665K->227304K(699392K), 0.0131352 secs] [Times: user=0.16 sys=0.00, real=0.01 secs] 
2016-09-15T12:44:03.653-0400: 279.717: [GC (GCLocker Initiated GC) [PSYoungGen: 173819K->49831K(175104K)] 327814K->258801K(699392K), 0.0107608 secs] [Times: user=0.14 sys=0.00, real=0.01 secs] 
2016-09-15T12:44:03.800-0400: 279.864: [GC (GCLocker Initiated GC) [PSYoungGen: 137895K->73512K(175104K)] 346918K->282958K(699392K), 0.0123530 secs] [Times: user=0.12 sys=0.00, real=0.01 secs] 
2016-09-15T12:44:03.920-0400: 279.984: [GC (GCLocker Initiated GC) [PSYoungGen: 161576K->79687K(175104K)] 377144K->343951K(699392K), 0.0139992 secs] [Times: user=0.12 sys=0.00, real=0.01 secs] 
2016-09-15T12:44:04.066-0400: 280.131: [GC (GCLocker Initiated GC) [PSYoungGen: 167751K->85758K(175104K)] 438138K->393066K(699392K), 0.0120940 secs] [Times: user=0.14 sys=0.00, real=0.02 secs] 
2016-09-15T12:44:04.200-0400: 280.264: [GC (GCLocker Initiated GC) [PSYoungGen: 173822K->61558K(175104K)] 481211K->399606K(699392K), 0.0095403 secs] [Times: user=0.09 sys=0.01, real=0.01 secs] 
2016-09-15T12:44:04.322-0400: 280.386: [GC (GCLocker Initiated GC) [PSYoungGen: 149622K->85690K(175104K)] 487789K->448481K(699392K), 0.0089458 secs] [Times: user=0.14 sys=0.00, real=0.01 secs] 
2016-09-15T12:44:04.480-0400: 280.544: [GC (GCLocker Initiated GC) [PSYoungGen: 173754K->55383K(175104K)] 542938K->461121K(699392K), 0.0101251 secs] [Times: user=0.13 sys=0.00, real=0.01 secs] 
2016-09-15T12:44:04.620-0400: 280.685: [GC (GCLocker Initiated GC) [PSYoungGen: 143447K->85822K(175104K)] 549232K->516175K(699392K), 0.0093620 secs] [Times: user=0.13 sys=0.00, real=0.01 secs] 
2016-09-15T12:44:04.725-0400: 280.789: [GC (GCLocker Initiated GC) [PSYoungGen: 173886K->73640K(175104K)] 610362K->559023K(699392K), 0.0092874 secs] [Times: user=0.14 sys=0.00, real=0.01 secs] 
2016-09-15T12:44:04.735-0400: 280.799: [Full GC (Ergonomics) [PSYoungGen: 73640K->0K(175104K)] [ParOldGen: 485383K->54709K(524288K)] 559023K->54709K(699392K), [Metaspace: 44620K->44620K(1087488K)], 0.0629836 secs] [Times: user=0.53 sys=0.00, real=0.07 secs] 
2016-09-15T12:44:04.920-0400: 280.985: [GC (Allocation Failure) [PSYoungGen: 88064K->86694K(175104K)] 143011K->159866K(699392K), 0.0103233 secs] [Times: user=0.14 sys=0.00, real=0.01 secs] 
2016-09-15T12:44:05.050-0400: 281.114: [GC (GCLocker Initiated GC) [PSYoungGen: 168981K->55187K(175104K)] 248228K->184025K(699392K), 0.0087324 secs] [Times: user=0.13 sys=0.00, real=0.01 secs] 
2016-09-15T12:44:05.183-0400: 281.248: [GC (Allocation Failure) [PSYoungGen: 143251K->67501K(175104K)] 278268K->202637K(699392K), 0.0083224 secs] [Times: user=0.08 sys=0.00, real=0.01 secs] 
2016-09-15T12:44:05.294-0400: 281.358: [GC (GCLocker Initiated GC) [PSYoungGen: 150750K->31118K(175104K)] 291962K->221206K(699392K), 0.0098234 secs] [Times: user=0.08 sys=0.00, real=0.01 secs] 
2016-09-15T12:44:05.439-0400: 281.503: [GC (Allocation Failure) [PSYoungGen: 119182K->79783K(175104K)] 309541K->270424K(699392K), 0.0230326 secs] [Times: user=0.27 sys=0.00, real=0.02 secs] 
2016-09-15T12:44:05.463-0400: 281.527: [GC (GCLocker Initiated GC) [PSYoungGen: 79799K->128K(175104K)] 270441K->282452K(699392K), 0.0135623 secs] [Times: user=0.14 sys=0.01, real=0.02 secs] 
2016-09-15T12:44:05.601-0400: 281.665: [GC (Allocation Failure) [PSYoungGen: 83577K->79719K(175104K)] 365902K->362044K(699392K), 0.0122189 secs] [Times: user=0.14 sys=0.00, real=0.01 secs] 
2016-09-15T12:44:05.722-0400: 281.786: [GC (GCLocker Initiated GC) [PSYoungGen: 167783K->73576K(175104K)] 450113K->411069K(699392K), 0.0120818 secs] [Times: user=0.17 sys=0.00, real=0.01 secs] 
2016-09-15T12:44:05.873-0400: 281.938: [GC (Allocation Failure) [PSYoungGen: 161640K->55479K(175104K)] 511509K->442074K(699392K), 0.0094759 secs] [Times: user=0.10 sys=0.00, real=0.01 secs] 
2016-09-15T12:44:06.002-0400: 282.066: [GC (GCLocker Initiated GC) [PSYoungGen: 137638K->37293K(175104K)] 530308K->430043K(699392K), 0.0145390 secs] [Times: user=0.14 sys=0.00, real=0.02 secs] 
2016-09-15T12:44:06.125-0400: 282.189: [GC (GCLocker Initiated GC) [PSYoungGen: 125357K->61394K(175104K)] 530350K->485074K(699392K), 0.0095433 secs] [Times: user=0.09 sys=0.00, real=0.01 secs] 
2016-09-15T12:44:06.244-0400: 282.308: [GC (GCLocker Initiated GC) [PSYoungGen: 149458K->55387K(175104K)] 573500K->510072K(699392K), 0.0165797 secs] [Times: user=0.18 sys=0.00, real=0.02 secs] 
2016-09-15T12:44:06.260-0400: 282.325: [Full GC (Ergonomics) [PSYoungGen: 55387K->0K(175104K)] [ParOldGen: 454684K->54904K(524288K)] 510072K->54904K(699392K), [Metaspace: 44620K->44620K(1087488K)], 0.0667784 secs] [Times: user=0.47 sys=0.00, real=0.06 secs] 
2016-09-15T12:44:06.438-0400: 282.502: [GC (GCLocker Initiated GC) [PSYoungGen: 88064K->85954K(175104K)] 143059K->159175K(699392K), 0.0157839 secs] [Times: user=0.21 sys=0.00, real=0.01 secs] 
2016-09-15T12:44:06.583-0400: 282.647: [GC (GCLocker Initiated GC) [PSYoungGen: 174018K->85790K(175104K)] 247387K->214306K(699392K), 0.0109862 secs] [Times: user=0.17 sys=0.00, real=0.01 secs] 
2016-09-15T12:44:06.697-0400: 282.761: [GC (GCLocker Initiated GC) [PSYoungGen: 173854K->61622K(175104K)] 314859K->257593K(699392K), 0.0215225 secs] [Times: user=0.32 sys=0.00, real=0.02 secs] 
2016-09-15T12:44:06.859-0400: 282.923: [GC (GCLocker Initiated GC) [PSYoungGen: 149686K->30891K(175104K)] 351981K->275986K(699392K), 0.0109963 secs] [Times: user=0.11 sys=0.00, real=0.01 secs] 
2016-09-15T12:44:06.991-0400: 283.055: [GC (Allocation Failure) [PSYoungGen: 118955K->79943K(175104K)] 364316K->349928K(699392K), 0.0094860 secs] [Times: user=0.13 sys=0.00, real=0.01 secs] 
2016-09-15T12:44:07.103-0400: 283.167: [GC (GCLocker Initiated GC) [PSYoungGen: 168007K->73508K(175104K)] 437992K->386513K(699392K), 0.0116095 secs] [Times: user=0.18 sys=0.01, real=0.01 secs] 
2016-09-15T12:44:07.244-0400: 283.308: [GC (GCLocker Initiated GC) [PSYoungGen: 161572K->86050K(175104K)] 474625K->429622K(699392K), 0.0102973 secs] [Times: user=0.13 sys=0.00, real=0.01 secs] 
2016-09-15T12:44:07.410-0400: 283.474: [GC (Allocation Failure) [PSYoungGen: 174114K->18968K(175104K)] 542307K->442285K(699392K), 0.0165866 secs] [Times: user=0.18 sys=0.00, real=0.01 secs] 
2016-09-15T12:44:07.559-0400: 283.624: [GC (GCLocker Initiated GC) [PSYoungGen: 107032K->73512K(175104K)] 530354K->497109K(699392K), 0.0095577 secs] [Times: user=0.09 sys=0.00, real=0.01 secs] 
2016-09-15T12:44:07.685-0400: 283.749: [GC (GCLocker Initiated GC) [PSYoungGen: 161576K->61462K(175104K)] 585394K->515735K(699392K), 0.0269404 secs] [Times: user=0.25 sys=0.00, real=0.03 secs] 
2016-09-15T12:44:07.712-0400: 283.776: [Full GC (Ergonomics) [PSYoungGen: 61462K->0K(175104K)] [ParOldGen: 454272K->55081K(524288K)] 515735K->55081K(699392K), [Metaspace: 44620K->44620K(1087488K)], 0.0688955 secs] [Times: user=0.38 sys=0.00, real=0.07 secs] 
2016-09-15T12:44:07.907-0400: 283.971: [GC (GCLocker Initiated GC) [PSYoungGen: 88064K->85594K(175104K)] 149397K->153002K(699392K), 0.0163732 secs] [Times: user=0.21 sys=0.00, real=0.02 secs] 
2016-09-15T12:44:08.016-0400: 284.080: [GC (GCLocker Initiated GC) [PSYoungGen: 173658K->73968K(175104K)] 253285K->238796K(699392K), 0.0132835 secs] [Times: user=0.15 sys=0.00, real=0.01 secs] 
2016-09-15T12:44:08.132-0400: 284.196: [GC (GCLocker Initiated GC) [PSYoungGen: 162032K->85694K(175104K)] 326908K->269414K(699392K), 0.0131478 secs] [Times: user=0.14 sys=0.00, real=0.01 secs] 
2016-09-15T12:44:08.273-0400: 284.337: [GC (GCLocker Initiated GC) [PSYoungGen: 173758K->73672K(175104K)] 357548K->324595K(699392K), 0.0111852 secs] [Times: user=0.16 sys=0.00, real=0.01 secs] 
2016-09-15T12:44:08.405-0400: 284.469: [GC (GCLocker Initiated GC) [PSYoungGen: 161736K->85662K(175104K)] 418893K->367371K(699392K), 0.0130379 secs] [Times: user=0.10 sys=0.00, real=0.02 secs] 
2016-09-15T12:44:08.523-0400: 284.587: [GC (GCLocker Initiated GC) [PSYoungGen: 173726K->73640K(175104K)] 455477K->416464K(699392K), 0.0173999 secs] [Times: user=0.22 sys=0.00, real=0.02 secs] 
2016-09-15T12:44:08.660-0400: 284.724: [GC (Allocation Failure) [PSYoungGen: 161704K->73676K(175104K)] 504788K->477802K(699392K), 0.0147790 secs] [Times: user=0.14 sys=0.00, real=0.01 secs] 
2016-09-15T12:44:08.802-0400: 284.866: [GC (GCLocker Initiated GC) [PSYoungGen: 161736K->73672K(175104K)] 565868K->502567K(699392K), 0.0100785 secs] [Times: user=0.10 sys=0.00, real=0.01 secs] 
2016-09-15T12:44:08.812-0400: 284.876: [Full GC (Ergonomics) [PSYoungGen: 73672K->0K(175104K)] [ParOldGen: 428895K->54934K(524288K)] 502567K->54934K(699392K), [Metaspace: 44620K->44620K(1087488K)], 0.0657135 secs] [Times: user=0.42 sys=0.00, real=0.07 secs] 
2016-09-15T12:44:08.992-0400: 285.056: [GC (GCLocker Initiated GC) [PSYoungGen: 88064K->86274K(175104K)] 143056K->159492K(699392K), 0.0128684 secs] [Times: user=0.17 sys=0.00, real=0.01 secs] 
2016-09-15T12:44:09.111-0400: 285.175: [GC (GCLocker Initiated GC) [PSYoungGen: 174338K->85986K(175104K)] 247597K->244874K(699392K), 0.0256504 secs] [Times: user=0.34 sys=0.02, real=0.03 secs] 
2016-09-15T12:44:09.273-0400: 285.338: [GC (GCLocker Initiated GC) [PSYoungGen: 174050K->79615K(175104K)] 339055K->299767K(699392K), 0.0098483 secs] [Times: user=0.13 sys=0.00, real=0.01 secs] 
2016-09-15T12:44:09.428-0400: 285.492: [GC (Allocation Failure) [PSYoungGen: 167679K->55351K(175104K)] 394239K->336713K(699392K), 0.0099015 secs] [Times: user=0.12 sys=0.00, real=0.01 secs] 
2016-09-15T12:44:09.532-0400: 285.596: [GC (GCLocker Initiated GC) [PSYoungGen: 143415K->73412K(175104K)] 424783K->367050K(699392K), 0.0122003 secs] [Times: user=0.14 sys=0.00, real=0.01 secs] 
2016-09-15T12:44:09.650-0400: 285.714: [GC (GCLocker Initiated GC) [PSYoungGen: 161476K->86150K(175104K)] 455340K->434841K(699392K), 0.0098734 secs] [Times: user=0.15 sys=0.00, real=0.01 secs] 
2016-09-15T12:44:09.796-0400: 285.860: [GC (Allocation Failure) [PSYoungGen: 174214K->55059K(175104K)] 522947K->453159K(699392K), 0.0195405 secs] [Times: user=0.23 sys=0.00, real=0.02 secs] 
2016-09-15T12:44:09.904-0400: 285.968: [GC (GCLocker Initiated GC) [PSYoungGen: 143123K->74000K(175104K)] 541224K->514754K(699392K), 0.0111015 secs] [Times: user=0.16 sys=0.01, real=0.01 secs] 
2016-09-15T12:44:09.915-0400: 285.980: [Full GC (Ergonomics) [PSYoungGen: 74000K->0K(175104K)] [ParOldGen: 440754K->55125K(524288K)] 514754K->55125K(699392K), [Metaspace: 44621K->44621K(1087488K)], 0.0539426 secs] [Times: user=0.29 sys=0.01, real=0.06 secs] 
2016-09-15T12:44:10.081-0400: 286.145: [GC (GCLocker Initiated GC) [PSYoungGen: 88064K->85822K(175104K)] 143225K->183508K(699392K), 0.0081581 secs] [Times: user=0.12 sys=0.00, real=0.01 secs] 
2016-09-15T12:44:10.223-0400: 286.287: [GC (GCLocker Initiated GC) [PSYoungGen: 173886K->67565K(175104K)] 271744K->226481K(699392K), 0.0111824 secs] [Times: user=0.16 sys=0.00, real=0.01 secs] 
2016-09-15T12:44:10.344-0400: 286.408: [GC (GCLocker Initiated GC) [PSYoungGen: 155629K->73772K(175104K)] 314721K->233123K(699392K), 0.0102239 secs] [Times: user=0.12 sys=0.00, real=0.01 secs] 
2016-09-15T12:44:10.494-0400: 286.558: [GC (GCLocker Initiated GC) [PSYoungGen: 161836K->19196K(175104K)] 327689K->221963K(699392K), 0.0148537 secs] [Times: user=0.18 sys=0.00, real=0.02 secs] 
2016-09-15T12:44:10.634-0400: 286.698: [GC (Allocation Failure) [PSYoungGen: 107260K->85594K(175104K)] 310040K->288485K(699392K), 0.0112504 secs] [Times: user=0.12 sys=0.00, real=0.01 secs] 
2016-09-15T12:44:10.646-0400: 286.710: [GC (GCLocker Initiated GC) [PSYoungGen: 85610K->96K(175104K)] 288501K->294356K(699392K), 0.0094050 secs] [Times: user=0.10 sys=0.00, real=0.01 secs] 
2016-09-15T12:44:10.758-0400: 286.822: [GC (GCLocker Initiated GC) [PSYoungGen: 88160K->86530K(175104K)] 382425K->417246K(699392K), 0.0100935 secs] [Times: user=0.14 sys=0.00, real=0.01 secs] 
2016-09-15T12:44:10.876-0400: 286.940: [GC (GCLocker Initiated GC) [PSYoungGen: 174594K->49340K(175104K)] 505671K->454448K(699392K), 0.0125055 secs] [Times: user=0.13 sys=0.00, real=0.01 secs] 
2016-09-15T12:44:11.013-0400: 287.077: [GC (GCLocker Initiated GC) [PSYoungGen: 137404K->86018K(175104K)] 542705K->527897K(699392K), 0.0117161 secs] [Times: user=0.15 sys=0.00, real=0.01 secs] 
2016-09-15T12:44:11.025-0400: 287.089: [Full GC (Ergonomics) [PSYoungGen: 86018K->0K(175104K)] [ParOldGen: 441878K->55343K(524288K)] 527897K->55343K(699392K), [Metaspace: 44621K->44621K(1087488K)], 0.0676781 secs] [Times: user=0.42 sys=0.02, real=0.07 secs] 
2016-09-15T12:44:11.219-0400: 287.283: [GC (GCLocker Initiated GC) [PSYoungGen: 88064K->86242K(175104K)] 143511K->202440K(699392K), 0.0100762 secs] [Times: user=0.15 sys=0.00, real=0.01 secs] 
2016-09-15T12:44:11.343-0400: 287.407: [GC (GCLocker Initiated GC) [PSYoungGen: 174306K->79519K(175104K)] 290573K->269446K(699392K), 0.0135890 secs] [Times: user=0.18 sys=0.00, real=0.02 secs] 
2016-09-15T12:44:11.484-0400: 287.548: [GC (GCLocker Initiated GC) [PSYoungGen: 167583K->73804K(175104K)] 363688K->342945K(699392K), 0.0123224 secs] [Times: user=0.16 sys=0.01, real=0.02 secs] 
2016-09-15T12:44:11.614-0400: 287.678: [GC (GCLocker Initiated GC) [PSYoungGen: 161868K->73836K(175104K)] 431292K->392151K(699392K), 0.0128097 secs] [Times: user=0.15 sys=0.00, real=0.01 secs] 
2016-09-15T12:44:11.734-0400: 287.798: [GC (GCLocker Initiated GC) [PSYoungGen: 161900K->85854K(175104K)] 480442K->428855K(699392K), 0.0104967 secs] [Times: user=0.15 sys=0.01, real=0.01 secs] 
2016-09-15T12:44:11.862-0400: 287.926: [GC (GCLocker Initiated GC) [PSYoungGen: 173918K->61554K(175104K)] 517118K->465647K(699392K), 0.0246732 secs] [Times: user=0.30 sys=0.00, real=0.02 secs] 
2016-09-15T12:44:12.012-0400: 288.076: [GC (GCLocker Initiated GC) [PSYoungGen: 149618K->79687K(175104K)] 565904K->502159K(699392K), 0.0135816 secs] [Times: user=0.15 sys=0.00, real=0.01 secs] 
2016-09-15T12:44:12.025-0400: 288.089: [Full GC (Ergonomics) [PSYoungGen: 79687K->0K(175104K)] [ParOldGen: 422472K->54990K(524288K)] 502159K->54990K(699392K), [Metaspace: 44621K->44621K(1087488K)], 0.0554812 secs] [Times: user=0.33 sys=0.00, real=0.06 secs] 
2016-09-15T12:44:12.207-0400: 288.272: [GC (GCLocker Initiated GC) [PSYoungGen: 88064K->86014K(175104K)] 143298K->159473K(699392K), 0.0101585 secs] [Times: user=0.10 sys=0.01, real=0.02 secs] 
2016-09-15T12:44:12.328-0400: 288.392: [GC (GCLocker Initiated GC) [PSYoungGen: 174078K->61590K(175104K)] 253721K->214688K(699392K), 0.0231019 secs] [Times: user=0.21 sys=0.00, real=0.02 secs] 
2016-09-15T12:44:12.468-0400: 288.532: [GC (GCLocker Initiated GC) [PSYoungGen: 149654K->49148K(175104K)] 302833K->239029K(699392K), 0.0178727 secs] [Times: user=0.18 sys=0.01, real=0.01 secs] 
2016-09-15T12:44:12.599-0400: 288.663: [GC (GCLocker Initiated GC) [PSYoungGen: 137212K->61558K(175104K)] 327375K->288275K(699392K), 0.0146014 secs] [Times: user=0.14 sys=0.01, real=0.01 secs] 
2016-09-15T12:44:12.730-0400: 288.794: [GC (GCLocker Initiated GC) [PSYoungGen: 149622K->67437K(175104K)] 382641K->318964K(699392K), 0.0222452 secs] [Times: user=0.21 sys=0.01, real=0.02 secs] 
2016-09-15T12:44:12.868-0400: 288.932: [GC (Allocation Failure) [PSYoungGen: 155501K->55223K(175104K)] 407383K->337732K(699392K), 0.0272733 secs] [Times: user=0.29 sys=0.00, real=0.02 secs] 
2016-09-15T12:44:13.019-0400: 289.083: [GC (GCLocker Initiated GC) [PSYoungGen: 143287K->67469K(175104K)] 425796K->386703K(699392K), 0.0094697 secs] [Times: user=0.10 sys=0.00, real=0.01 secs] 
2016-09-15T12:44:13.146-0400: 289.210: [GC (GCLocker Initiated GC) [PSYoungGen: 155533K->37062K(175104K)] 481024K->380897K(699392K), 0.0105061 secs] [Times: user=0.12 sys=0.00, real=0.02 secs] 
2016-09-15T12:44:13.284-0400: 289.349: [GC (Allocation Failure) [PSYoungGen: 125126K->55419K(175104K)] 475229K->405789K(699392K), 0.0158473 secs] [Times: user=0.14 sys=0.00, real=0.02 secs] 
2016-09-15T12:44:13.301-0400: 289.365: [GC (GCLocker Initiated GC) [PSYoungGen: 55792K->128K(175104K)] 406163K->399559K(699392K), 0.0136405 secs] [Times: user=0.16 sys=0.00, real=0.01 secs] 
2016-09-15T12:44:13.440-0400: 289.504: [GC (GCLocker Initiated GC) [PSYoungGen: 88192K->86086K(175104K)] 487629K->503764K(699392K), 0.0108208 secs] [Times: user=0.11 sys=0.00, real=0.01 secs] 
2016-09-15T12:44:13.562-0400: 289.626: [GC (GCLocker Initiated GC) [PSYoungGen: 174150K->49244K(175104K)] 591970K->522186K(699392K), 0.0115985 secs] [Times: user=0.12 sys=0.00, real=0.01 secs] 
2016-09-15T12:44:13.573-0400: 289.637: [Full GC (Ergonomics) [PSYoungGen: 49244K->0K(175104K)] [ParOldGen: 472942K->43177K(524288K)] 522186K->43177K(699392K), [Metaspace: 44621K->44621K(1087488K)], 0.0611263 secs] [Times: user=0.39 sys=0.01, real=0.06 secs] 
2016-09-15T12:44:13.742-0400: 289.806: [GC (GCLocker Initiated GC) [PSYoungGen: 88064K->86110K(175104K)] 131490K->135611K(699392K), 0.0078516 secs] [Times: user=0.11 sys=0.00, real=0.01 secs] 
2016-09-15T12:44:13.865-0400: 289.929: [GC (GCLocker Initiated GC) [PSYoungGen: 174174K->85594K(175104K)] 223725K->172174K(699392K), 0.0090766 secs] [Times: user=0.13 sys=0.00, real=0.01 secs] 
2016-09-15T12:44:14.011-0400: 290.075: [GC (GCLocker Initiated GC) [PSYoungGen: 173658K->19192K(175104K)] 284877K->209530K(699392K), 0.0117264 secs] [Times: user=0.15 sys=0.01, real=0.01 secs] 
2016-09-15T12:44:14.149-0400: 290.213: [GC (GCLocker Initiated GC) [PSYoungGen: 107256K->49440K(175104K)] 303875K->246521K(699392K), 0.0077901 secs] [Times: user=0.08 sys=0.00, real=0.01 secs] 
2016-09-15T12:44:14.271-0400: 290.335: [GC (GCLocker Initiated GC) [PSYoungGen: 137504K->73704K(175104K)] 334767K->301470K(699392K), 0.0117377 secs] [Times: user=0.16 sys=0.00, real=0.01 secs] 
2016-09-15T12:44:14.415-0400: 290.479: [GC (GCLocker Initiated GC) [PSYoungGen: 161768K->55647K(175104K)] 395779K->308166K(699392K), 0.0177708 secs] [Times: user=0.19 sys=0.02, real=0.02 secs] 
2016-09-15T12:44:14.570-0400: 290.634: [GC (GCLocker Initiated GC) [PSYoungGen: 143711K->37485K(175104K)] 408687K->303090K(699392K), 0.0106322 secs] [Times: user=0.15 sys=0.00, real=0.01 secs] 
2016-09-15T12:44:14.693-0400: 290.758: [GC (Allocation Failure) [PSYoungGen: 125549K->67565K(175104K)] 397421K->357813K(699392K), 0.0076910 secs] [Times: user=0.12 sys=0.00, real=0.01 secs] 
2016-09-15T12:44:14.837-0400: 290.901: [GC (GCLocker Initiated GC) [PSYoungGen: 155629K->85890K(175104K)] 445882K->412721K(699392K), 0.0104618 secs] [Times: user=0.12 sys=0.00, real=0.00 secs] 
2016-09-15T12:44:14.982-0400: 291.046: [GC (GCLocker Initiated GC) [PSYoungGen: 173954K->43137K(175104K)] 507087K->401017K(699392K), 0.0211082 secs] [Times: user=0.21 sys=0.01, real=0.02 secs] 
2016-09-15T12:44:15.124-0400: 291.189: [GC (GCLocker Initiated GC) [PSYoungGen: 131197K->73644K(175104K)] 489445K->450235K(699392K), 0.0103504 secs] [Times: user=0.11 sys=0.00, real=0.01 secs] 
2016-09-15T12:44:15.255-0400: 291.319: [GC (GCLocker Initiated GC) [PSYoungGen: 161708K->73444K(175104K)] 538509K->493062K(699392K), 0.0099491 secs] [Times: user=0.12 sys=0.00, real=0.01 secs] 
2016-09-15T12:44:15.367-0400: 291.431: [GC (GCLocker Initiated GC) [PSYoungGen: 161508K->86054K(175104K)] 581716K->518515K(699392K), 0.0122043 secs] [Times: user=0.11 sys=0.00, real=0.02 secs] 
2016-09-15T12:44:15.488-0400: 291.552: [GC (GCLocker Initiated GC) [PSYoungGen: 174118K->43101K(175104K)] 612819K->555353K(699392K), 0.0147973 secs] [Times: user=0.19 sys=0.00, real=0.01 secs] 
2016-09-15T12:44:15.503-0400: 291.567: [Full GC (Ergonomics) [PSYoungGen: 43101K->0K(175104K)] [ParOldGen: 512252K->49171K(524288K)] 555353K->49171K(699392K), [Metaspace: 44621K->44621K(1087488K)], 0.0554949 secs] [Times: user=0.38 sys=0.01, real=0.06 secs] 
2016-09-15T12:44:15.682-0400: 291.746: [GC (GCLocker Initiated GC) [PSYoungGen: 88064K->86078K(175104K)] 143403K->165717K(699392K), 0.0104745 secs] [Times: user=0.14 sys=0.00, real=0.01 secs] 
2016-09-15T12:44:15.828-0400: 291.892: [GC (Allocation Failure) [PSYoungGen: 174142K->55351K(175104K)] 254137K->202718K(699392K), 0.0185400 secs] [Times: user=0.24 sys=0.00, real=0.01 secs] 
2016-09-15T12:44:15.994-0400: 292.058: [GC (GCLocker Initiated GC) [PSYoungGen: 143415K->55059K(175104K)] 290788K->202699K(699392K), 0.0084577 secs] [Times: user=0.07 sys=0.01, real=0.01 secs] 
2016-09-15T12:44:16.105-0400: 292.169: [GC (GCLocker Initiated GC) [PSYoungGen: 143123K->67369K(175104K)] 296959K->239565K(699392K), 0.0068714 secs] [Times: user=0.08 sys=0.00, real=0.01 secs] 
2016-09-15T12:44:16.227-0400: 292.291: [GC (GCLocker Initiated GC) [PSYoungGen: 155433K->86050K(175104K)] 327973K->301267K(699392K), 0.0107632 secs] [Times: user=0.14 sys=0.00, real=0.02 secs] 
2016-09-15T12:44:16.379-0400: 292.443: [GC (GCLocker Initiated GC) [PSYoungGen: 174114K->37453K(175104K)] 395582K->277422K(699392K), 0.0159548 secs] [Times: user=0.22 sys=0.00, real=0.01 secs] 
2016-09-15T12:44:16.492-0400: 292.556: [GC (GCLocker Initiated GC) [PSYoungGen: 125517K->73968K(175104K)] 371826K->320420K(699392K), 0.0093058 secs] [Times: user=0.12 sys=0.00, real=0.01 secs] 
2016-09-15T12:44:16.656-0400: 292.721: [GC (GCLocker Initiated GC) [PSYoungGen: 162032K->43233K(175104K)] 420850K->320403K(699392K), 0.0080198 secs] [Times: user=0.09 sys=0.00, real=0.00 secs] 
2016-09-15T12:44:16.774-0400: 292.838: [GC (GCLocker Initiated GC) [PSYoungGen: 131297K->85790K(175104K)] 408526K->393685K(699392K), 0.0108245 secs] [Times: user=0.13 sys=0.02, real=0.01 secs] 
2016-09-15T12:44:16.891-0400: 292.955: [GC (GCLocker Initiated GC) [PSYoungGen: 173854K->79911K(175104K)] 481914K->442993K(699392K), 0.0120377 secs] [Times: user=0.16 sys=0.01, real=0.01 secs] 
2016-09-15T12:44:17.019-0400: 293.083: [GC (GCLocker Initiated GC) [PSYoungGen: 167975K->73540K(175104K)] 531329K->455410K(699392K), 0.0150615 secs] [Times: user=0.20 sys=0.00, real=0.01 secs] 
2016-09-15T12:44:17.151-0400: 293.216: [GC (Allocation Failure) [PSYoungGen: 161604K->61722K(175104K)] 549893K->468364K(699392K), 0.0163637 secs] [Times: user=0.17 sys=0.00, real=0.02 secs] 
2016-09-15T12:44:17.278-0400: 293.342: [GC (GCLocker Initiated GC) [PSYoungGen: 149786K->61330K(175104K)] 556428K->492680K(699392K), 0.0105316 secs] [Times: user=0.08 sys=0.00, real=0.01 secs] 
2016-09-15T12:44:17.407-0400: 293.471: [GC (GCLocker Initiated GC) [PSYoungGen: 149394K->67537K(175104K)] 580814K->517317K(699392K), 0.0255211 secs] [Times: user=0.28 sys=0.00, real=0.03 secs] 
2016-09-15T12:44:17.545-0400: 293.609: [GC (GCLocker Initiated GC) [PSYoungGen: 155599K->61522K(175104K)] 605747K->566840K(699392K), 0.0174876 secs] [Times: user=0.25 sys=0.00, real=0.02 secs] 
2016-09-15T12:44:17.562-0400: 293.626: [Full GC (Ergonomics) [PSYoungGen: 61522K->0K(175104K)] [ParOldGen: 505318K->49255K(524288K)] 566840K->49255K(699392K), [Metaspace: 44625K->44625K(1087488K)], 0.0588962 secs] [Times: user=0.40 sys=0.00, real=0.06 secs] 
2016-09-15T12:44:17.741-0400: 293.805: [GC (Allocation Failure) [PSYoungGen: 88064K->86178K(175104K)] 137467K->135581K(699392K), 0.0122321 secs] [Times: user=0.13 sys=0.01, real=0.01 secs] 
2016-09-15T12:44:17.856-0400: 293.920: [GC (GCLocker Initiated GC) [PSYoungGen: 174242K->61262K(175104K)] 223651K->135682K(699392K), 0.0109899 secs] [Times: user=0.12 sys=0.00, real=0.00 secs] 
2016-09-15T12:44:17.985-0400: 294.049: [GC (GCLocker Initiated GC) [PSYoungGen: 149326K->55611K(175104K)] 223810K->190989K(699392K), 0.0092791 secs] [Times: user=0.13 sys=0.00, real=0.01 secs] 
2016-09-15T12:44:18.097-0400: 294.161: [GC (GCLocker Initiated GC) [PSYoungGen: 143675K->85954K(175104K)] 285221K->246032K(699392K), 0.0113003 secs] [Times: user=0.11 sys=0.01, real=0.01 secs] 
2016-09-15T12:44:18.235-0400: 294.299: [GC (GCLocker Initiated GC) [PSYoungGen: 174018K->73476K(175104K)] 334798K->307612K(699392K), 0.0186115 secs] [Times: user=0.24 sys=0.01, real=0.02 secs] 
2016-09-15T12:44:18.364-0400: 294.428: [GC (Allocation Failure) [PSYoungGen: 161540K->79619K(175104K)] 395807K->313989K(699392K), 0.0102084 secs] [Times: user=0.12 sys=0.00, real=0.01 secs] 
2016-09-15T12:44:18.495-0400: 294.559: [GC (GCLocker Initiated GC) [PSYoungGen: 167683K->67565K(175104K)] 402059K->344602K(699392K), 0.0125818 secs] [Times: user=0.12 sys=0.03, real=0.01 secs] 
2016-09-15T12:44:18.634-0400: 294.698: [GC (GCLocker Initiated GC) [PSYoungGen: 155629K->85790K(175104K)] 433027K->369571K(699392K), 0.0108605 secs] [Times: user=0.15 sys=0.00, real=0.01 secs] 
2016-09-15T12:44:18.769-0400: 294.833: [GC (GCLocker Initiated GC) [PSYoungGen: 173854K->61426K(175104K)] 457682K->381980K(699392K), 0.0187890 secs] [Times: user=0.20 sys=0.01, real=0.02 secs] 
2016-09-15T12:44:18.910-0400: 294.974: [GC (GCLocker Initiated GC) [PSYoungGen: 149490K->55547K(175104K)] 482358K->431076K(699392K), 0.0172209 secs] [Times: user=0.23 sys=0.00, real=0.01 secs] 
2016-09-15T12:44:19.073-0400: 295.137: [GC (GCLocker Initiated GC) [PSYoungGen: 143611K->79715K(175104K)] 519349K->455941K(699392K), 0.0124859 secs] [Times: user=0.20 sys=0.00, real=0.01 secs] 
2016-09-15T12:44:19.213-0400: 295.277: [GC (GCLocker Initiated GC) [PSYoungGen: 167779K->43073K(175104K)] 556510K->456364K(699392K), 0.0093767 secs] [Times: user=0.06 sys=0.00, real=0.01 secs] 
2016-09-15T12:44:19.335-0400: 295.399: [GC (Allocation Failure) [PSYoungGen: 131137K->73968K(175104K)] 544693K->506081K(699392K), 0.0087937 secs] [Times: user=0.11 sys=0.01, real=0.01 secs] 
2016-09-15T12:44:19.447-0400: 295.511: [GC (GCLocker Initiated GC) [PSYoungGen: 157631K->73740K(175104K)] 595819K->530264K(699392K), 0.0138283 secs] [Times: user=0.13 sys=0.00, real=0.02 secs] 
2016-09-15T12:44:19.461-0400: 295.525: [Full GC (Ergonomics) [PSYoungGen: 73740K->0K(175104K)] [ParOldGen: 456524K->55912K(524288K)] 530264K->55912K(699392K), [Metaspace: 44627K->44627K(1087488K)], 0.0613611 secs] [Times: user=0.43 sys=0.03, real=0.06 secs] 
2016-09-15T12:44:19.662-0400: 295.726: [GC (Allocation Failure) [PSYoungGen: 88064K->73964K(175104K)] 156459K->142359K(699392K), 0.0143589 secs] [Times: user=0.20 sys=0.00, real=0.02 secs] 
2016-09-15T12:44:19.806-0400: 295.870: [GC (GCLocker Initiated GC) [PSYoungGen: 162028K->79455K(175104K)] 230429K->184870K(699392K), 0.0343369 secs] [Times: user=0.48 sys=0.01, real=0.04 secs] 
2016-09-15T12:44:19.950-0400: 296.014: [GC (GCLocker Initiated GC) [PSYoungGen: 167519K->73672K(175104K)] 279010K->203532K(699392K), 0.0117180 secs] [Times: user=0.18 sys=0.00, real=0.01 secs] 
2016-09-15T12:44:20.074-0400: 296.138: [GC (GCLocker Initiated GC) [PSYoungGen: 161736K->73672K(175104K)] 297741K->228202K(699392K), 0.0114633 secs] [Times: user=0.13 sys=0.00, real=0.01 secs] 
2016-09-15T12:44:20.217-0400: 296.281: [GC (GCLocker Initiated GC) [PSYoungGen: 161736K->73868K(175104K)] 316481K->246989K(699392K), 0.0102118 secs] [Times: user=0.14 sys=0.01, real=0.00 secs] 
2016-09-15T12:44:20.322-0400: 296.386: [GC (GCLocker Initiated GC) [PSYoungGen: 161932K->86182K(175104K)] 335140K->302247K(699392K), 0.0105676 secs] [Times: user=0.16 sys=0.02, real=0.01 secs] 
2016-09-15T12:44:20.456-0400: 296.520: [GC (GCLocker Initiated GC) [PSYoungGen: 174246K->79911K(175104K)] 396450K->375299K(699392K), 0.0148595 secs] [Times: user=0.19 sys=0.01, real=0.01 secs] 
2016-09-15T12:44:20.583-0400: 296.647: [GC (GCLocker Initiated GC) [PSYoungGen: 167975K->61494K(175104K)] 463708K->387877K(699392K), 0.0087664 secs] [Times: user=0.09 sys=0.01, real=0.01 secs] 
2016-09-15T12:44:20.715-0400: 296.780: [GC (GCLocker Initiated GC) [PSYoungGen: 149558K->67533K(175104K)] 476263K->430995K(699392K), 0.0158326 secs] [Times: user=0.20 sys=0.00, real=0.02 secs] 
2016-09-15T12:44:20.868-0400: 296.932: [GC (Allocation Failure) [PSYoungGen: 155597K->73804K(175104K)] 519263K->455822K(699392K), 0.0205611 secs] [Times: user=0.11 sys=0.00, real=0.02 secs] 
2016-09-15T12:44:21.002-0400: 297.066: [GC (GCLocker Initiated GC) [PSYoungGen: 159976K->55419K(175104K)] 548070K->461817K(699392K), 0.0158423 secs] [Times: user=0.16 sys=0.00, real=0.02 secs] 
2016-09-15T12:44:21.127-0400: 297.192: [GC (Allocation Failure) [PSYoungGen: 143483K->49280K(175104K)] 550152K->492659K(699392K), 0.0122962 secs] [Times: user=0.10 sys=0.00, real=0.02 secs] 
2016-09-15T12:44:21.260-0400: 297.324: [GC (GCLocker Initiated GC) [PSYoungGen: 137344K->55251K(175104K)] 580728K->565924K(699392K), 0.0111400 secs] [Times: user=0.14 sys=0.00, real=0.01 secs] 
2016-09-15T12:44:21.271-0400: 297.335: [Full GC (Ergonomics) [PSYoungGen: 55251K->0K(175104K)] [ParOldGen: 510673K->60315K(524288K)] 565924K->60315K(699392K), [Metaspace: 44627K->44627K(1087488K)], 0.0679132 secs] [Times: user=0.57 sys=0.02, real=0.07 secs] 
2016-09-15T12:44:21.421-0400: 297.485: [GC (GCLocker Initiated GC) [PSYoungGen: 88064K->86530K(175104K)] 154559K->165175K(699392K), 0.0157883 secs] [Times: user=0.21 sys=0.00, real=0.02 secs] 
2016-09-15T12:44:21.543-0400: 297.607: [GC (GCLocker Initiated GC) [PSYoungGen: 174594K->79911K(175104K)] 253264K->214247K(699392K), 0.0130635 secs] [Times: user=0.18 sys=0.00, real=0.02 secs] 
2016-09-15T12:44:21.647-0400: 297.711: [GC (GCLocker Initiated GC) [PSYoungGen: 167975K->85854K(175104K)] 302359K->329756K(699392K), 0.0146709 secs] [Times: user=0.21 sys=0.00, real=0.02 secs] 
2016-09-15T12:44:21.754-0400: 297.818: [GC (GCLocker Initiated GC) [PSYoungGen: 173918K->85822K(175104K)] 417985K->445794K(699392K), 0.0155571 secs] [Times: user=0.24 sys=0.00, real=0.02 secs] 
2016-09-15T12:44:21.901-0400: 297.965: [GC (GCLocker Initiated GC) [PSYoungGen: 173886K->61522K(175104K)] 540294K->507221K(699392K), 0.0121070 secs] [Times: user=0.16 sys=0.01, real=0.01 secs] 
2016-09-15T12:44:21.913-0400: 297.977: [Full GC (Ergonomics) [PSYoungGen: 61522K->0K(175104K)] [ParOldGen: 445698K->53726K(524288K)] 507221K->53726K(699392K), [Metaspace: 44627K->44627K(1087488K)], 0.0474436 secs] [Times: user=0.37 sys=0.00, real=0.05 secs] 
2016-09-15T12:44:22.082-0400: 298.146: [GC (GCLocker Initiated GC) [PSYoungGen: 88064K->86310K(175104K)] 154184K->158505K(699392K), 0.0152093 secs] [Times: user=0.22 sys=0.01, real=0.02 secs] 
2016-09-15T12:44:22.214-0400: 298.278: [GC (GCLocker Initiated GC) [PSYoungGen: 174374K->73672K(175104K)] 246644K->183292K(699392K), 0.0238497 secs] [Times: user=0.33 sys=0.00, real=0.03 secs] 
2016-09-15T12:44:22.342-0400: 298.406: [GC (GCLocker Initiated GC) [PSYoungGen: 161736K->85986K(175104K)] 271465K->232324K(699392K), 0.0109986 secs] [Times: user=0.17 sys=0.01, real=0.01 secs] 
2016-09-15T12:44:22.452-0400: 298.516: [GC (GCLocker Initiated GC) [PSYoungGen: 174050K->86182K(175104K)] 320532K->306052K(699392K), 0.0127298 secs] [Times: user=0.21 sys=0.00, real=0.01 secs] 
2016-09-15T12:44:22.587-0400: 298.651: [GC (GCLocker Initiated GC) [PSYoungGen: 174246K->67597K(175104K)] 394118K->330293K(699392K), 0.0146705 secs] [Times: user=0.20 sys=0.00, real=0.02 secs] 
2016-09-15T12:44:22.720-0400: 298.784: [GC (GCLocker Initiated GC) [PSYoungGen: 155661K->73704K(175104K)] 424474K->379119K(699392K), 0.0122234 secs] [Times: user=0.17 sys=0.00, real=0.01 secs] 
2016-09-15T12:44:22.850-0400: 298.914: [GC (GCLocker Initiated GC) [PSYoungGen: 161768K->73772K(175104K)] 473440K->422029K(699392K), 0.0111496 secs] [Times: user=0.13 sys=0.00, real=0.01 secs] 
2016-09-15T12:44:23.023-0400: 299.088: [GC (GCLocker Initiated GC) [PSYoungGen: 161836K->49504K(175104K)] 510427K->435008K(699392K), 0.0078993 secs] [Times: user=0.08 sys=0.01, real=0.01 secs] 
2016-09-15T12:44:23.164-0400: 299.228: [GC (GCLocker Initiated GC) [PSYoungGen: 137568K->73580K(175104K)] 523120K->459392K(699392K), 0.0112685 secs] [Times: user=0.08 sys=0.00, real=0.01 secs] 
2016-09-15T12:44:23.318-0400: 299.382: [GC (GCLocker Initiated GC) [PSYoungGen: 161644K->73608K(175104K)] 548143K->515097K(699392K), 0.0126292 secs] [Times: user=0.17 sys=0.02, real=0.01 secs] 
2016-09-15T12:44:23.331-0400: 299.395: [Full GC (Ergonomics) [PSYoungGen: 73608K->0K(175104K)] [ParOldGen: 441489K->48236K(524288K)] 515097K->48236K(699392K), [Metaspace: 44660K->44660K(1087488K)], 0.0558390 secs] [Times: user=0.40 sys=0.00, real=0.05 secs] 
2016-09-15T12:44:23.551-0400: 299.615: [GC (GCLocker Initiated GC) [PSYoungGen: 88064K->73968K(175104K)] 142686K->128590K(699392K), 0.0091785 secs] [Times: user=0.14 sys=0.00, real=0.01 secs] 
2016-09-15T12:44:23.759-0400: 299.823: [GC (GCLocker Initiated GC) [PSYoungGen: 162032K->55415K(175104K)] 222911K->134990K(699392K), 0.0159027 secs] [Times: user=0.19 sys=0.01, real=0.01 secs] 
2016-09-15T12:44:23.944-0400: 300.008: [GC (GCLocker Initiated GC) [PSYoungGen: 143479K->73384K(175104K)] 223353K->153337K(699392K), 0.0167538 secs] [Times: user=0.13 sys=0.00, real=0.02 secs] 
2016-09-15T12:44:24.137-0400: 300.201: [GC (Allocation Failure) [PSYoungGen: 161448K->79655K(175104K)] 241656K->159958K(699392K), 0.0100032 secs] [Times: user=0.08 sys=0.00, real=0.00 secs] 
2016-09-15T12:44:24.330-0400: 300.394: [GC (GCLocker Initiated GC) [PSYoungGen: 167719K->73480K(175104K)] 248023K->178383K(699392K), 0.0174461 secs] [Times: user=0.19 sys=0.00, real=0.02 secs] 
2016-09-15T12:44:24.524-0400: 300.588: [GC (GCLocker Initiated GC) [PSYoungGen: 161544K->67309K(175104K)] 266797K->172805K(699392K), 0.0103283 secs] [Times: user=0.10 sys=0.00, real=0.01 secs] 
2016-09-15T12:44:24.695-0400: 300.759: [GC (GCLocker Initiated GC) [PSYoungGen: 155373K->37325K(175104K)] 260957K->161402K(699392K), 0.0088944 secs] [Times: user=0.08 sys=0.00, real=0.01 secs] 
2016-09-15T12:44:24.883-0400: 300.947: [GC (Allocation Failure) [PSYoungGen: 125389K->37585K(175104K)] 255891K->168191K(699392K), 0.0306145 secs] [Times: user=0.32 sys=0.01, real=0.03 secs] 
2016-09-15T12:44:25.051-0400: 301.115: [GC (GCLocker Initiated GC) [PSYoungGen: 125649K->73544K(175104K)] 256255K->204416K(699392K), 0.0075837 secs] [Times: user=0.06 sys=0.01, real=0.01 secs] 
2016-09-15T12:44:25.215-0400: 301.279: [GC (Allocation Failure) [PSYoungGen: 161608K->49443K(175104K)] 292678K->180633K(699392K), 0.0098721 secs] [Times: user=0.09 sys=0.00, real=0.01 secs] 
2016-09-15T12:44:25.366-0400: 301.430: [GC (GCLocker Initiated GC) [PSYoungGen: 132627K->36966K(175104K)] 269892K->174662K(699392K), 0.0064601 secs] [Times: user=0.05 sys=0.00, real=0.01 secs] 
2016-09-15T12:44:25.513-0400: 301.577: [GC (Allocation Failure) [PSYoungGen: 125030K->67701K(175104K)] 263081K->205831K(699392K), 0.0182563 secs] [Times: user=0.17 sys=0.00, real=0.02 secs] 
2016-09-15T12:44:25.658-0400: 301.722: [GC (GCLocker Initiated GC) [PSYoungGen: 155765K->61494K(175104K)] 293901K->199881K(699392K), 0.0124050 secs] [Times: user=0.07 sys=0.00, real=0.01 secs] 
2016-09-15T12:44:25.838-0400: 301.903: [GC (Allocation Failure) [PSYoungGen: 149558K->67441K(175104K)] 287998K->205985K(699392K), 0.0173276 secs] [Times: user=0.16 sys=0.00, real=0.02 secs] 
2016-09-15T12:44:26.003-0400: 302.067: [GC (GCLocker Initiated GC) [PSYoungGen: 155505K->42909K(175104K)] 294049K->224097K(699392K), 0.0110340 secs] [Times: user=0.11 sys=0.00, real=0.01 secs] 
2016-09-15T12:44:26.172-0400: 302.236: [GC (GCLocker Initiated GC) [PSYoungGen: 130973K->55419K(175104K)] 318239K->242813K(699392K), 0.0251084 secs] [Times: user=0.26 sys=0.00, real=0.03 secs] 
2016-09-15T12:44:26.346-0400: 302.410: [GC (GCLocker Initiated GC) [PSYoungGen: 143483K->85922K(175104K)] 337010K->285800K(699392K), 0.0097988 secs] [Times: user=0.10 sys=0.01, real=0.01 secs] 
2016-09-15T12:44:26.510-0400: 302.575: [GC (Allocation Failure) [PSYoungGen: 173986K->37162K(175104K)] 380103K->279832K(699392K), 0.0177293 secs] [Times: user=0.17 sys=0.01, real=0.02 secs] 
2016-09-15T12:44:26.662-0400: 302.726: [GC (GCLocker Initiated GC) [PSYoungGen: 123216K->55319K(175104K)] 371961K->304324K(699392K), 0.0068816 secs] [Times: user=0.06 sys=0.00, real=0.01 secs] 
2016-09-15T12:44:26.825-0400: 302.889: [GC (GCLocker Initiated GC) [PSYoungGen: 143383K->55291K(175104K)] 398610K->310622K(699392K), 0.0096045 secs] [Times: user=0.07 sys=0.00, real=0.01 secs] 
2016-09-15T12:44:27.021-0400: 303.085: [GC (GCLocker Initiated GC) [PSYoungGen: 143355K->36902K(175104K)] 404920K->323190K(699392K), 0.0141327 secs] [Times: user=0.12 sys=0.00, real=0.01 secs] 
2016-09-15T12:44:27.192-0400: 303.256: [GC (GCLocker Initiated GC) [PSYoungGen: 124966K->61622K(175104K)] 411301K->348232K(699392K), 0.0190629 secs] [Times: user=0.18 sys=0.00, real=0.02 secs] 
2016-09-15T12:44:27.354-0400: 303.419: [GC (GCLocker Initiated GC) [PSYoungGen: 149686K->79655K(175104K)] 436338K->390710K(699392K), 0.0260554 secs] [Times: user=0.26 sys=0.00, real=0.03 secs] 
2016-09-15T12:44:27.555-0400: 303.619: [GC (GCLocker Initiated GC) [PSYoungGen: 167719K->43009K(175104K)] 478810K->390809K(699392K), 0.0126595 secs] [Times: user=0.10 sys=0.00, real=0.01 secs] 
2016-09-15T12:44:27.751-0400: 303.815: [GC (Allocation Failure) [PSYoungGen: 131073K->18481K(175104K)] 485656K->373324K(699392K), 0.0143317 secs] [Times: user=0.13 sys=0.00, real=0.01 secs] 
2016-09-15T12:44:27.935-0400: 303.999: [GC (GCLocker Initiated GC) [PSYoungGen: 105784K->61266K(175104K)] 466702K->422271K(699392K), 0.0150422 secs] [Times: user=0.12 sys=0.01, real=0.02 secs] 
2016-09-15T12:44:28.106-0400: 304.170: [GC (GCLocker Initiated GC) [PSYoungGen: 149330K->79751K(175104K)] 510662K->459592K(699392K), 0.0262063 secs] [Times: user=0.29 sys=0.01, real=0.03 secs] 
2016-09-15T12:44:28.306-0400: 304.370: [GC (GCLocker Initiated GC) [PSYoungGen: 167815K->55419K(175104K)] 554003K->441898K(699392K), 0.0166323 secs] [Times: user=0.16 sys=0.00, real=0.02 secs] 
2016-09-15T12:44:28.474-0400: 304.538: [GC (GCLocker Initiated GC) [PSYoungGen: 143483K->85758K(175104K)] 530004K->490779K(699392K), 0.0198359 secs] [Times: user=0.22 sys=0.01, real=0.02 secs] 
2016-09-15T12:44:28.671-0400: 304.735: [GC (GCLocker Initiated GC) [PSYoungGen: 173822K->55291K(175104K)] 579154K->485026K(699392K), 0.0108146 secs] [Times: user=0.10 sys=0.00, real=0.01 secs] 
2016-09-15T12:44:28.826-0400: 304.890: [GC (GCLocker Initiated GC) [PSYoungGen: 143355K->73708K(175104K)] 573272K->503900K(699392K), 0.0286831 secs] [Times: user=0.32 sys=0.00, real=0.03 secs] 
2016-09-15T12:44:28.983-0400: 305.047: [GC (GCLocker Initiated GC) [PSYoungGen: 161772K->55810K(175104K)] 598176K->492514K(699392K), 0.0260406 secs] [Times: user=0.26 sys=0.01, real=0.03 secs] 
2016-09-15T12:44:29.161-0400: 305.225: [GC (Allocation Failure) [PSYoungGen: 143874K->73676K(175104K)] 580933K->529242K(699392K), 0.0096466 secs] [Times: user=0.09 sys=0.00, real=0.01 secs] 
2016-09-15T12:44:29.351-0400: 305.416: [GC (GCLocker Initiated GC) [PSYoungGen: 161740K->48888K(175104K)] 617312K->504531K(699392K), 0.0334458 secs] [Times: user=0.36 sys=0.00, real=0.03 secs] 
2016-09-15T12:44:29.547-0400: 305.611: [GC (Allocation Failure) [PSYoungGen: 136952K->55615K(175104K)] 598942K->517692K(699392K), 0.0101233 secs] [Times: user=0.09 sys=0.01, real=0.02 secs] 
2016-09-15T12:44:29.682-0400: 305.746: [GC (GCLocker Initiated GC) [PSYoungGen: 143679K->73708K(175104K)] 605762K->536066K(699392K), 0.0170221 secs] [Times: user=0.18 sys=0.00, real=0.02 secs] 
2016-09-15T12:44:29.858-0400: 305.922: [GC (GCLocker Initiated GC) [PSYoungGen: 161772K->43141K(175104K)] 630560K->530249K(699392K), 0.0253855 secs] [Times: user=0.26 sys=0.00, real=0.02 secs] 
2016-09-15T12:44:29.884-0400: 305.948: [Full GC (Ergonomics) [PSYoungGen: 43141K->0K(175104K)] [ParOldGen: 487108K->47989K(524288K)] 530249K->47989K(699392K), [Metaspace: 44675K->44675K(1087488K)], 0.0647255 secs] [Times: user=0.39 sys=0.01, real=0.07 secs] 
2016-09-15T12:44:30.142-0400: 306.206: [GC (GCLocker Initiated GC) [PSYoungGen: 88064K->85694K(175104K)] 136101K->145881K(699392K), 0.0099319 secs] [Times: user=0.09 sys=0.00, real=0.01 secs] 
2016-09-15T12:44:30.293-0400: 306.357: [GC (Allocation Failure) [PSYoungGen: 173758K->55483K(175104K)] 240118K->189147K(699392K), 0.0163080 secs] [Times: user=0.21 sys=0.00, real=0.02 secs] 
2016-09-15T12:44:30.510-0400: 306.574: [GC (GCLocker Initiated GC) [PSYoungGen: 143547K->55123K(175104K)] 277467K->232024K(699392K), 0.0179109 secs] [Times: user=0.19 sys=0.00, real=0.01 secs] 
2016-09-15T12:44:30.672-0400: 306.736: [GC (GCLocker Initiated GC) [PSYoungGen: 143187K->85598K(175104K)] 320135K->262649K(699392K), 0.0132609 secs] [Times: user=0.12 sys=0.00, real=0.01 secs] 
2016-09-15T12:44:30.839-0400: 306.903: [GC (Allocation Failure) [PSYoungGen: 173662K->37098K(175104K)] 356992K->281445K(699392K), 0.0168285 secs] [Times: user=0.14 sys=0.00, real=0.02 secs] 
2016-09-15T12:44:31.038-0400: 307.102: [GC (GCLocker Initiated GC) [PSYoungGen: 124255K->55287K(175104K)] 374678K->305953K(699392K), 0.0105823 secs] [Times: user=0.11 sys=0.00, real=0.01 secs] 
2016-09-15T12:44:31.209-0400: 307.273: [GC (GCLocker Initiated GC) [PSYoungGen: 143351K->55387K(175104K)] 400251K->312383K(699392K), 0.0203652 secs] [Times: user=0.19 sys=0.00, real=0.02 secs] 
2016-09-15T12:44:31.389-0400: 307.453: [GC (GCLocker Initiated GC) [PSYoungGen: 143451K->61266K(175104K)] 406558K->324632K(699392K), 0.0147050 secs] [Times: user=0.13 sys=0.00, real=0.01 secs] 
2016-09-15T12:44:31.565-0400: 307.630: [GC (GCLocker Initiated GC) [PSYoungGen: 149330K->55351K(175104K)] 412713K->361378K(699392K), 0.0084563 secs] [Times: user=0.08 sys=0.00, real=0.01 secs] 
2016-09-15T12:44:31.756-0400: 307.820: [GC (Allocation Failure) [PSYoungGen: 143415K->43009K(175104K)] 455552K->355414K(699392K), 0.0082414 secs] [Times: user=0.06 sys=0.01, real=0.00 secs] 
2016-09-15T12:44:31.913-0400: 307.977: [GC (GCLocker Initiated GC) [PSYoungGen: 131073K->43173K(175104K)] 443483K->380150K(699392K), 0.0159615 secs] [Times: user=0.13 sys=0.00, real=0.02 secs] 
2016-09-15T12:44:32.065-0400: 308.129: [GC (GCLocker Initiated GC) [PSYoungGen: 131237K->61362K(175104K)] 468430K->398815K(699392K), 0.0202342 secs] [Times: user=0.20 sys=0.00, real=0.02 secs] 
2016-09-15T12:44:32.220-0400: 308.284: [GC (GCLocker Initiated GC) [PSYoungGen: 149426K->55387K(172032K)] 487110K->393347K(696320K), 0.0166975 secs] [Times: user=0.16 sys=0.01, real=0.02 secs] 
2016-09-15T12:44:32.381-0400: 308.445: [GC (GCLocker Initiated GC) [PSYoungGen: 143451K->79683K(173568K)] 481503K->436244K(697856K), 0.0089388 secs] [Times: user=0.08 sys=0.01, real=0.01 secs] 
2016-09-15T12:44:32.554-0400: 308.618: [GC (GCLocker Initiated GC) [PSYoungGen: 167747K->73416K(175104K)] 524338K->454566K(699392K), 0.0107120 secs] [Times: user=0.08 sys=0.00, real=0.01 secs] 
2016-09-15T12:44:32.756-0400: 308.820: [GC (GCLocker Initiated GC) [PSYoungGen: 161480K->30891K(175104K)] 548747K->466877K(699392K), 0.0204022 secs] [Times: user=0.19 sys=0.00, real=0.02 secs] 
2016-09-15T12:44:32.933-0400: 308.997: [GC (Allocation Failure) [PSYoungGen: 118955K->19000K(175104K)] 573493K->528342K(699392K), 0.0104321 secs] [Times: user=0.10 sys=0.01, real=0.01 secs] 
2016-09-15T12:44:32.943-0400: 309.008: [Full GC (Ergonomics) [PSYoungGen: 19000K->0K(175104K)] [ParOldGen: 509341K->48099K(524288K)] 528342K->48099K(699392K), [Metaspace: 44675K->44675K(1087488K)], 0.0586975 secs] [Times: user=0.30 sys=0.02, real=0.06 secs] 
2016-09-15T12:44:33.156-0400: 309.221: [GC (Allocation Failure) [PSYoungGen: 82713K->80239K(175104K)] 130812K->128338K(699392K), 0.0106521 secs] [Times: user=0.11 sys=0.00, real=0.00 secs] 
2016-09-15T12:44:33.292-0400: 309.356: [GC (GCLocker Initiated GC) [PSYoungGen: 168303K->49212K(175104K)] 216402K->146390K(699392K), 0.0246129 secs] [Times: user=0.25 sys=0.01, real=0.03 secs] 
2016-09-15T12:44:33.494-0400: 309.558: [GC (GCLocker Initiated GC) [PSYoungGen: 137276K->74132K(175104K)] 240621K->177597K(699392K), 0.0079057 secs] [Times: user=0.10 sys=0.00, real=0.01 secs] 
2016-09-15T12:44:33.656-0400: 309.720: [GC (Allocation Failure) [PSYoungGen: 162196K->55515K(175104K)] 272241K->165851K(699392K), 0.0095288 secs] [Times: user=0.10 sys=0.00, real=0.00 secs] 
2016-09-15T12:44:33.792-0400: 309.856: [GC (GCLocker Initiated GC) [PSYoungGen: 143579K->61530K(175104K)] 253921K->172131K(699392K), 0.0103622 secs] [Times: user=0.08 sys=0.00, real=0.01 secs] 
2016-09-15T12:44:33.943-0400: 310.007: [GC (GCLocker Initiated GC) [PSYoungGen: 149594K->55515K(175104K)] 266479K->190941K(699392K), 0.0221183 secs] [Times: user=0.25 sys=0.00, real=0.02 secs] 
2016-09-15T12:44:34.132-0400: 310.197: [GC (GCLocker Initiated GC) [PSYoungGen: 143579K->37485K(175104K)] 285123K->197546K(699392K), 0.0163336 secs] [Times: user=0.15 sys=0.00, real=0.02 secs] 
2016-09-15T12:44:34.286-0400: 310.350: [GC (GCLocker Initiated GC) [PSYoungGen: 125549K->73416K(175104K)] 285663K->233812K(699392K), 0.0094766 secs] [Times: user=0.09 sys=0.00, real=0.01 secs] 
2016-09-15T12:44:34.455-0400: 310.519: [GC (GCLocker Initiated GC) [PSYoungGen: 161480K->73640K(175104K)] 322091K->252620K(699392K), 0.0091634 secs] [Times: user=0.12 sys=0.00, real=0.01 secs] 
2016-09-15T12:44:34.645-0400: 310.709: [GC (GCLocker Initiated GC) [PSYoungGen: 161704K->49116K(175104K)] 346795K->234310K(699392K), 0.0101002 secs] [Times: user=0.07 sys=0.00, real=0.01 secs] 
2016-09-15T12:44:34.807-0400: 310.871: [GC (GCLocker Initiated GC) [PSYoungGen: 137180K->61462K(175104K)] 328659K->265351K(699392K), 0.0108562 secs] [Times: user=0.08 sys=0.00, real=0.02 secs] 
2016-09-15T12:44:34.967-0400: 311.031: [GC (Allocation Failure) [PSYoungGen: 149526K->49376K(175104K)] 359559K->296142K(699392K), 0.0294605 secs] [Times: user=0.25 sys=0.01, real=0.04 secs] 
2016-09-15T12:44:35.153-0400: 311.217: [GC (GCLocker Initiated GC) [PSYoungGen: 137440K->73448K(175104K)] 384207K->320482K(699392K), 0.0252018 secs] [Times: user=0.23 sys=0.00, real=0.03 secs] 
2016-09-15T12:44:35.356-0400: 311.420: [GC (Allocation Failure) [PSYoungGen: 161512K->61298K(175104K)] 414730K->314791K(699392K), 0.0206966 secs] [Times: user=0.21 sys=0.00, real=0.02 secs] 
2016-09-15T12:44:35.529-0400: 311.593: [GC (GCLocker Initiated GC) [PSYoungGen: 145639K->49280K(175104K)] 405207K->321273K(699392K), 0.0241442 secs] [Times: user=0.23 sys=0.00, real=0.02 secs] 
2016-09-15T12:44:35.700-0400: 311.764: [GC (GCLocker Initiated GC) [PSYoungGen: 137344K->67569K(175104K)] 409625K->340125K(699392K), 0.0246469 secs] [Times: user=0.26 sys=0.00, real=0.02 secs] 
2016-09-15T12:44:35.896-0400: 311.960: [GC (Allocation Failure) [PSYoungGen: 155633K->67341K(175104K)] 428354K->364622K(699392K), 0.0092107 secs] [Times: user=0.08 sys=0.00, real=0.00 secs] 
2016-09-15T12:44:36.056-0400: 312.121: [GC (GCLocker Initiated GC) [PSYoungGen: 150441K->43105K(175104K)] 453797K->383218K(699392K), 0.0082381 secs] [Times: user=0.07 sys=0.00, real=0.00 secs] 
2016-09-15T12:44:36.251-0400: 312.315: [GC (GCLocker Initiated GC) [PSYoungGen: 131169K->67569K(175104K)] 477421K->413933K(699392K), 0.0273342 secs] [Times: user=0.27 sys=0.00, real=0.03 secs] 
2016-09-15T12:44:36.440-0400: 312.504: [GC (GCLocker Initiated GC) [PSYoungGen: 155633K->85758K(175104K)] 502364K->475485K(699392K), 0.0176568 secs] [Times: user=0.23 sys=0.00, real=0.02 secs] 
2016-09-15T12:44:36.622-0400: 312.686: [GC (GCLocker Initiated GC) [PSYoungGen: 173822K->79815K(175104K)] 569929K->476033K(699392K), 0.0209644 secs] [Times: user=0.24 sys=0.00, real=0.02 secs] 
2016-09-15T12:44:36.818-0400: 312.882: [GC (GCLocker Initiated GC) [PSYoungGen: 167879K->24880K(175104K)] 576350K->463986K(699392K), 0.0192645 secs] [Times: user=0.21 sys=0.00, real=0.02 secs] 
2016-09-15T12:44:37.000-0400: 313.064: [GC (GCLocker Initiated GC) [PSYoungGen: 112944K->55191K(175104K)] 558480K->500790K(699392K), 0.0198845 secs] [Times: user=0.18 sys=0.01, real=0.02 secs] 
2016-09-15T12:44:37.211-0400: 313.275: [GC (GCLocker Initiated GC) [PSYoungGen: 143255K->55191K(175104K)] 595217K->507225K(699392K), 0.0105417 secs] [Times: user=0.09 sys=0.00, real=0.01 secs] 
2016-09-15T12:44:37.417-0400: 313.482: [GC (Allocation Failure) [PSYoungGen: 143255K->55355K(175104K)] 595644K->507808K(699392K), 0.0077381 secs] [Times: user=0.07 sys=0.00, real=0.00 secs] 
2016-09-15T12:44:37.577-0400: 313.641: [GC (GCLocker Initiated GC) [PSYoungGen: 143419K->61070K(175104K)] 595872K->513775K(699392K), 0.0172252 secs] [Times: user=0.19 sys=0.00, real=0.01 secs] 
2016-09-15T12:44:37.741-0400: 313.805: [GC (GCLocker Initiated GC) [PSYoungGen: 149134K->43173K(175104K)] 607927K->502085K(699392K), 0.0143043 secs] [Times: user=0.15 sys=0.00, real=0.01 secs] 
2016-09-15T12:44:37.938-0400: 314.002: [GC (Allocation Failure) [PSYoungGen: 131237K->42877K(175104K)] 590174K->526553K(699392K), 0.0148488 secs] [Times: user=0.13 sys=0.01, real=0.01 secs] 
2016-09-15T12:44:37.953-0400: 314.017: [Full GC (Ergonomics) [PSYoungGen: 42877K->0K(175104K)] [ParOldGen: 483676K->36010K(524288K)] 526553K->36010K(699392K), [Metaspace: 44675K->44675K(1087488K)], 0.0562140 secs] [Times: user=0.31 sys=0.01, real=0.06 secs] 
2016-09-15T12:44:38.177-0400: 314.242: [GC (GCLocker Initiated GC) [PSYoungGen: 88064K->86014K(175104K)] 124074K->146324K(699392K), 0.0097513 secs] [Times: user=0.12 sys=0.01, real=0.00 secs] 
2016-09-15T12:44:38.323-0400: 314.387: [GC (GCLocker Initiated GC) [PSYoungGen: 174078K->55419K(175104K)] 234654K->153000K(699392K), 0.0183293 secs] [Times: user=0.16 sys=0.01, real=0.02 secs] 
2016-09-15T12:44:38.540-0400: 314.604: [GC (GCLocker Initiated GC) [PSYoungGen: 143483K->55223K(175104K)] 241066K->171486K(699392K), 0.0241869 secs] [Times: user=0.27 sys=0.00, real=0.02 secs] 
2016-09-15T12:44:38.768-0400: 314.833: [GC (GCLocker Initiated GC) [PSYoungGen: 143287K->61362K(175104K)] 259765K->177912K(699392K), 0.0094837 secs] [Times: user=0.09 sys=0.00, real=0.01 secs] 
2016-09-15T12:44:38.932-0400: 314.996: [GC (GCLocker Initiated GC) [PSYoungGen: 149426K->79879K(175104K)] 266268K->215089K(699392K), 0.0135677 secs] [Times: user=0.15 sys=0.00, real=0.01 secs] 
2016-09-15T12:44:39.101-0400: 315.165: [GC (GCLocker Initiated GC) [PSYoungGen: 167943K->49440K(175104K)] 309574K->233895K(699392K), 0.0261037 secs] [Times: user=0.30 sys=0.00, real=0.02 secs] 
2016-09-15T12:44:39.255-0400: 315.319: [GC (Allocation Failure) [PSYoungGen: 137504K->80011K(175104K)] 322236K->265043K(699392K), 0.0077036 secs] [Times: user=0.10 sys=0.00, real=0.01 secs] 
2016-09-15T12:44:39.437-0400: 315.501: [GC (GCLocker Initiated GC) [PSYoungGen: 168075K->67505K(175104K)] 353112K->301442K(699392K), 0.0108423 secs] [Times: user=0.12 sys=0.00, real=0.01 secs] 
2016-09-15T12:44:39.613-0400: 315.677: [GC (GCLocker Initiated GC) [PSYoungGen: 155569K->85890K(175104K)] 389564K->326228K(699392K), 0.0162341 secs] [Times: user=0.17 sys=0.00, real=0.02 secs] 
2016-09-15T12:44:39.799-0400: 315.863: [GC (GCLocker Initiated GC) [PSYoungGen: 173954K->61362K(175104K)] 414435K->344628K(699392K), 0.0153476 secs] [Times: user=0.18 sys=0.00, real=0.01 secs] 
2016-09-15T12:44:40.012-0400: 316.076: [GC (GCLocker Initiated GC) [PSYoungGen: 149426K->55191K(175104K)] 439111K->369264K(699392K), 0.0101936 secs] [Times: user=0.07 sys=0.01, real=0.01 secs] 
2016-09-15T12:44:40.178-0400: 316.242: [GC (GCLocker Initiated GC) [PSYoungGen: 143255K->67697K(175104K)] 463455K->388001K(699392K), 0.0102913 secs] [Times: user=0.12 sys=0.00, real=0.01 secs] 
2016-09-15T12:44:40.344-0400: 316.409: [GC (GCLocker Initiated GC) [PSYoungGen: 155761K->85758K(175104K)] 476107K->448936K(699392K), 0.0115378 secs] [Times: user=0.14 sys=0.00, real=0.02 secs] 
2016-09-15T12:44:40.526-0400: 316.590: [GC (GCLocker Initiated GC) [PSYoungGen: 173822K->12665K(175104K)] 537002K->430788K(699392K), 0.0102223 secs] [Times: user=0.09 sys=0.00, real=0.02 secs] 
2016-09-15T12:44:40.694-0400: 316.758: [GC (Allocation Failure) [PSYoungGen: 100729K->73416K(175104K)] 519163K->492108K(699392K), 0.0103534 secs] [Times: user=0.11 sys=0.00, real=0.01 secs] 
2016-09-15T12:44:40.847-0400: 316.911: [GC (GCLocker Initiated GC) [PSYoungGen: 161480K->73480K(175104K)] 580178K->492249K(699392K), 0.0086414 secs] [Times: user=0.07 sys=0.00, real=0.01 secs] 
2016-09-15T12:44:41.011-0400: 317.076: [GC (GCLocker Initiated GC) [PSYoungGen: 161544K->61266K(175104K)] 586536K->486534K(699392K), 0.0087094 secs] [Times: user=0.08 sys=0.00, real=0.01 secs] 
2016-09-15T12:44:41.159-0400: 317.223: [GC (GCLocker Initiated GC) [PSYoungGen: 149330K->73544K(175104K)] 574628K->529540K(699392K), 0.0098401 secs] [Times: user=0.10 sys=0.00, real=0.01 secs] 
2016-09-15T12:44:41.169-0400: 317.233: [Full GC (Ergonomics) [PSYoungGen: 73544K->0K(175104K)] [ParOldGen: 455996K->48290K(524288K)] 529540K->48290K(699392K), [Metaspace: 44677K->44677K(1087488K)], 0.0614499 secs] [Times: user=0.33 sys=0.02, real=0.06 secs] 
2016-09-15T12:44:41.387-0400: 317.451: [GC (GCLocker Initiated GC) [PSYoungGen: 88064K->74192K(175104K)] 142521K->128649K(699392K), 0.0290676 secs] [Times: user=0.33 sys=0.01, real=0.04 secs] 
2016-09-15T12:44:41.593-0400: 317.657: [GC (GCLocker Initiated GC) [PSYoungGen: 162256K->61298K(175104K)] 216755K->153130K(699392K), 0.0138777 secs] [Times: user=0.13 sys=0.00, real=0.01 secs] 
2016-09-15T12:44:41.755-0400: 317.819: [GC (GCLocker Initiated GC) [PSYoungGen: 149362K->85662K(175104K)] 241331K->214381K(699392K), 0.0289752 secs] [Times: user=0.35 sys=0.00, real=0.03 secs] 
2016-09-15T12:44:41.936-0400: 318.000: [GC (GCLocker Initiated GC) [PSYoungGen: 173726K->85854K(175104K)] 302487K->257439K(699392K), 0.0116819 secs] [Times: user=0.16 sys=0.01, real=0.01 secs] 
2016-09-15T12:44:42.141-0400: 318.205: [GC (GCLocker Initiated GC) [PSYoungGen: 173918K->61554K(175104K)] 357852K->306577K(699392K), 0.0131812 secs] [Times: user=0.17 sys=0.00, real=0.01 secs] 
2016-09-15T12:44:42.305-0400: 318.370: [GC (GCLocker Initiated GC) [PSYoungGen: 149618K->55711K(175104K)] 400757K->343444K(699392K), 0.0098113 secs] [Times: user=0.13 sys=0.00, real=0.01 secs] 
2016-09-15T12:44:42.462-0400: 318.526: [GC (GCLocker Initiated GC) [PSYoungGen: 143775K->85594K(175104K)] 431555K->404229K(699392K), 0.0097808 secs] [Times: user=0.12 sys=0.00, real=0.01 secs] 
2016-09-15T12:44:42.626-0400: 318.691: [GC (GCLocker Initiated GC) [PSYoungGen: 173658K->73804K(175104K)] 492659K->423332K(699392K), 0.0263410 secs] [Times: user=0.31 sys=0.00, real=0.03 secs] 
2016-09-15T12:44:42.834-0400: 318.898: [GC (GCLocker Initiated GC) [PSYoungGen: 161868K->36998K(175104K)] 523868K->399405K(699392K), 0.0166434 secs] [Times: user=0.14 sys=0.00, real=0.02 secs] 
2016-09-15T12:44:43.044-0400: 319.108: [GC (GCLocker Initiated GC) [PSYoungGen: 125062K->49248K(175104K)] 493586K->417835K(699392K), 0.0094242 secs] [Times: user=0.10 sys=0.00, real=0.01 secs] 
2016-09-15T12:44:43.237-0400: 319.301: [GC (GCLocker Initiated GC) [PSYoungGen: 137312K->55579K(175104K)] 512285K->430836K(699392K), 0.0155196 secs] [Times: user=0.21 sys=0.00, real=0.01 secs] 
2016-09-15T12:44:43.412-0400: 319.476: [GC (GCLocker Initiated GC) [PSYoungGen: 143643K->61462K(175104K)] 519036K->437123K(699392K), 0.0128429 secs] [Times: user=0.13 sys=0.00, real=0.01 secs] 
2016-09-15T12:44:43.624-0400: 319.688: [GC (GCLocker Initiated GC) [PSYoungGen: 149526K->55255K(175104K)] 537361K->443498K(699392K), 0.0174545 secs] [Times: user=0.18 sys=0.00, real=0.02 secs] 
2016-09-15T12:44:43.805-0400: 319.869: [GC (Allocation Failure) [PSYoungGen: 143319K->18773K(175104K)] 531733K->443716K(699392K), 0.0135820 secs] [Times: user=0.15 sys=0.00, real=0.02 secs] 
2016-09-15T12:44:43.986-0400: 320.050: [GC (GCLocker Initiated GC) [PSYoungGen: 101570K->36770K(175104K)] 532589K->468040K(699392K), 0.0110551 secs] [Times: user=0.14 sys=0.00, real=0.02 secs] 
2016-09-15T12:44:44.213-0400: 320.277: [GC (GCLocker Initiated GC) [PSYoungGen: 124834K->67469K(175104K)] 568352K->511146K(699392K), 0.0182633 secs] [Times: user=0.26 sys=0.00, real=0.02 secs] 
2016-09-15T12:44:44.376-0400: 320.441: [GC (GCLocker Initiated GC) [PSYoungGen: 155533K->37617K(175104K)] 599369K->530173K(699392K), 0.0087873 secs] [Times: user=0.12 sys=0.00, real=0.00 secs] 
2016-09-15T12:44:44.385-0400: 320.449: [Full GC (Ergonomics) [PSYoungGen: 37617K->0K(175104K)] [ParOldGen: 492555K->42515K(524288K)] 530173K->42515K(699392K), [Metaspace: 44677K->44677K(1087488K)], 0.0571238 secs] [Times: user=0.44 sys=0.00, real=0.06 secs] 
2016-09-15T12:44:44.562-0400: 320.626: [GC (GCLocker Initiated GC) [PSYoungGen: 88064K->86050K(175104K)] 130794K->171305K(699392K), 0.0113619 secs] [Times: user=0.17 sys=0.00, real=0.01 secs] 
2016-09-15T12:44:44.730-0400: 320.794: [GC (GCLocker Initiated GC) [PSYoungGen: 174114K->55807K(175104K)] 265977K->190643K(699392K), 0.0135209 secs] [Times: user=0.16 sys=0.00, real=0.01 secs] 
2016-09-15T12:44:44.926-0400: 320.990: [GC (Allocation Failure) [PSYoungGen: 143871K->36834K(175104K)] 285511K->178889K(699392K), 0.0100036 secs] [Times: user=0.10 sys=0.01, real=0.02 secs] 
2016-09-15T12:44:45.086-0400: 321.150: [GC (GCLocker Initiated GC) [PSYoungGen: 121670K->55287K(175104K)] 269801K->203521K(699392K), 0.0104697 secs] [Times: user=0.09 sys=0.00, real=0.02 secs] 
2016-09-15T12:44:45.270-0400: 321.334: [GC (GCLocker Initiated GC) [PSYoungGen: 143351K->73608K(175104K)] 291906K->222431K(699392K), 0.0110417 secs] [Times: user=0.11 sys=0.00, real=0.01 secs] 
2016-09-15T12:44:45.444-0400: 321.508: [GC (GCLocker Initiated GC) [PSYoungGen: 161672K->73412K(175104K)] 310599K->222458K(699392K), 0.0072371 secs] [Times: user=0.08 sys=0.00, real=0.01 secs] 
2016-09-15T12:44:45.616-0400: 321.680: [GC (GCLocker Initiated GC) [PSYoungGen: 161476K->85854K(175104K)] 310587K->265459K(699392K), 0.0154501 secs] [Times: user=0.19 sys=0.01, real=0.01 secs] 
2016-09-15T12:44:45.820-0400: 321.884: [GC (GCLocker Initiated GC) [PSYoungGen: 173918K->55319K(175104K)] 359707K->277841K(699392K), 0.0175373 secs] [Times: user=0.17 sys=0.01, real=0.02 secs] 
2016-09-15T12:44:46.008-0400: 322.072: [GC (Allocation Failure) [PSYoungGen: 143383K->55387K(175104K)] 366261K->278360K(699392K), 0.0216209 secs] [Times: user=0.23 sys=0.00, real=0.02 secs] 
2016-09-15T12:44:46.197-0400: 322.261: [GC (GCLocker Initiated GC) [PSYoungGen: 143243K->67209K(175104K)] 366473K->290550K(699392K), 0.0102100 secs] [Times: user=0.12 sys=0.00, real=0.00 secs] 
2016-09-15T12:44:46.365-0400: 322.429: [GC (GCLocker Initiated GC) [PSYoungGen: 155273K->55419K(175104K)] 384827K->285084K(699392K), 0.0325193 secs] [Times: user=0.39 sys=0.00, real=0.04 secs] 
2016-09-15T12:44:46.535-0400: 322.599: [GC (Allocation Failure) [PSYoungGen: 143483K->67793K(175104K)] 373190K->315984K(699392K), 0.0149729 secs] [Times: user=0.14 sys=0.00, real=0.02 secs] 
2016-09-15T12:44:46.701-0400: 322.765: [GC (GCLocker Initiated GC) [PSYoungGen: 155857K->73676K(175104K)] 404049K->358841K(699392K), 0.0219010 secs] [Times: user=0.25 sys=0.00, real=0.02 secs] 
2016-09-15T12:44:46.880-0400: 322.944: [GC (Allocation Failure) [PSYoungGen: 161740K->73644K(175104K)] 447104K->359087K(699392K), 0.0086363 secs] [Times: user=0.08 sys=0.00, real=0.01 secs] 
2016-09-15T12:44:47.062-0400: 323.126: [GC (GCLocker Initiated GC) [PSYoungGen: 161708K->73576K(175104K)] 447157K->359324K(699392K), 0.0076290 secs] [Times: user=0.07 sys=0.00, real=0.01 secs] 
2016-09-15T12:44:47.237-0400: 323.301: [GC (GCLocker Initiated GC) [PSYoungGen: 161640K->61394K(175104K)] 447710K->347723K(699392K), 0.0434293 secs] [Times: user=0.42 sys=0.01, real=0.04 secs] 
2016-09-15T12:44:47.486-0400: 323.550: [GC (GCLocker Initiated GC) [PSYoungGen: 149458K->73348K(175104K)] 435823K->359973K(699392K), 0.0251795 secs] [Times: user=0.25 sys=0.01, real=0.03 secs] 
2016-09-15T12:44:47.667-0400: 323.731: [GC (Allocation Failure) [PSYoungGen: 161412K->61362K(175104K)] 448090K->372443K(699392K), 0.0228474 secs] [Times: user=0.22 sys=0.00, real=0.03 secs] 
2016-09-15T12:44:47.858-0400: 323.922: [GC (Allocation Failure) [PSYoungGen: 146502K->55611K(175104K)] 457583K->397374K(699392K), 0.0191029 secs] [Times: user=0.20 sys=0.01, real=0.02 secs] 
2016-09-15T12:44:48.068-0400: 324.132: [GC (GCLocker Initiated GC) [PSYoungGen: 139602K->37030K(175104K)] 487441K->385151K(699392K), 0.0126469 secs] [Times: user=0.14 sys=0.00, real=0.01 secs] 
2016-09-15T12:44:48.251-0400: 324.315: [GC (Allocation Failure) [PSYoungGen: 125094K->55679K(175104K)] 473571K->404251K(699392K), 0.0058563 secs] [Times: user=0.07 sys=0.00, real=0.01 secs] 
2016-09-15T12:44:48.438-0400: 324.502: [GC (GCLocker Initiated GC) [PSYoungGen: 143743K->67341K(175104K)] 492317K->416174K(699392K), 0.0145362 secs] [Times: user=0.12 sys=0.01, real=0.01 secs] 
2016-09-15T12:44:48.643-0400: 324.707: [GC (GCLocker Initiated GC) [PSYoungGen: 155405K->61362K(175104K)] 510320K->416576K(699392K), 0.0117555 secs] [Times: user=0.11 sys=0.00, real=0.01 secs] 
2016-09-15T12:44:48.813-0400: 324.877: [GC (GCLocker Initiated GC) [PSYoungGen: 149426K->55647K(143872K)] 510885K->417389K(668160K), 0.0096383 secs] [Times: user=0.09 sys=0.00, real=0.01 secs] 
2016-09-15T12:44:49.014-0400: 325.079: [GC (GCLocker Initiated GC) [PSYoungGen: 143711K->67209K(174080K)] 505904K->429654K(698368K), 0.0079244 secs] [Times: user=0.06 sys=0.00, real=0.01 secs] 
2016-09-15T12:44:49.176-0400: 325.240: [GC (GCLocker Initiated GC) [PSYoungGen: 155273K->67601K(174080K)] 523812K->460544K(698368K), 0.0145849 secs] [Times: user=0.15 sys=0.00, real=0.02 secs] 
2016-09-15T12:44:49.375-0400: 325.439: [GC (GCLocker Initiated GC) [PSYoungGen: 155665K->43041K(175104K)] 548974K->454982K(699392K), 0.0294109 secs] [Times: user=0.24 sys=0.00, real=0.03 secs] 
2016-09-15T12:44:49.589-0400: 325.654: [GC (GCLocker Initiated GC) [PSYoungGen: 132129K->73512K(162816K)] 544213K->485715K(687104K), 0.0099738 secs] [Times: user=0.09 sys=0.00, real=0.01 secs] 
2016-09-15T12:44:49.754-0400: 325.818: [GC (GCLocker Initiated GC) [PSYoungGen: 162600K->85598K(175104K)] 574835K->504011K(699392K), 0.0196302 secs] [Times: user=0.20 sys=0.01, real=0.02 secs] 
2016-09-15T12:44:49.940-0400: 326.004: [GC (GCLocker Initiated GC) [PSYoungGen: 173662K->55383K(175104K)] 592206K->516720K(699392K), 0.0205310 secs] [Times: user=0.22 sys=0.01, real=0.02 secs] 
2016-09-15T12:44:50.149-0400: 326.213: [GC (GCLocker Initiated GC) [PSYoungGen: 143446K->73708K(175104K)] 605144K->559834K(699392K), 0.0150330 secs] [Times: user=0.16 sys=0.00, real=0.01 secs] 
2016-09-15T12:44:50.164-0400: 326.228: [Full GC (Ergonomics) [PSYoungGen: 73708K->0K(175104K)] [ParOldGen: 486125K->48352K(524288K)] 559834K->48352K(699392K), [Metaspace: 44679K->44679K(1087488K)], 0.0602313 secs] [Times: user=0.27 sys=0.02, real=0.06 secs] 
2016-09-15T12:44:50.384-0400: 326.448: [GC (GCLocker Initiated GC) [PSYoungGen: 88064K->68028K(175104K)] 142718K->122683K(699392K), 0.0135348 secs] [Times: user=0.14 sys=0.00, real=0.02 secs] 
2016-09-15T12:44:50.576-0400: 326.641: [GC (Allocation Failure) [PSYoungGen: 156092K->55451K(175104K)] 217160K->135347K(699392K), 0.0161260 secs] [Times: user=0.14 sys=0.00, real=0.01 secs] 
2016-09-15T12:44:50.747-0400: 326.811: [GC (GCLocker Initiated GC) [PSYoungGen: 140264K->55287K(175104K)] 226235K->141526K(699392K), 0.0057399 secs] [Times: user=0.05 sys=0.00, real=0.01 secs] 
2016-09-15T12:44:50.916-0400: 326.981: [GC (GCLocker Initiated GC) [PSYoungGen: 143351K->49244K(175104K)] 235700K->141885K(699392K), 0.0128603 secs] [Times: user=0.14 sys=0.00, real=0.01 secs] 
2016-09-15T12:44:51.111-0400: 327.176: [GC (Allocation Failure) [PSYoungGen: 137308K->36834K(175104K)] 230174K->160367K(699392K), 0.0058671 secs] [Times: user=0.06 sys=0.00, real=0.01 secs] 
2016-09-15T12:44:51.285-0400: 327.349: [GC (GCLocker Initiated GC) [PSYoungGen: 120768K->37158K(175104K)] 250376K->166893K(699392K), 0.0069668 secs] [Times: user=0.08 sys=0.00, real=0.01 secs] 
2016-09-15T12:44:51.454-0400: 327.518: [GC (GCLocker Initiated GC) [PSYoungGen: 125222K->73772K(175104K)] 255262K->204103K(699392K), 0.0109673 secs] [Times: user=0.11 sys=0.00, real=0.01 secs] 
2016-09-15T12:44:51.612-0400: 327.677: [GC (GCLocker Initiated GC) [PSYoungGen: 161836K->73672K(175104K)] 292477K->204620K(699392K), 0.0235981 secs] [Times: user=0.33 sys=0.01, real=0.03 secs] 
2016-09-15T12:44:51.793-0400: 327.858: [GC (GCLocker Initiated GC) [PSYoungGen: 161736K->73936K(175104K)] 292748K->205076K(699392K), 0.0085547 secs] [Times: user=0.13 sys=0.00, real=0.01 secs] 
2016-09-15T12:44:51.975-0400: 328.039: [GC (GCLocker Initiated GC) [PSYoungGen: 162000K->55679K(175104K)] 293265K->223718K(699392K), 0.0110508 secs] [Times: user=0.16 sys=0.00, real=0.01 secs] 
2016-09-15T12:44:52.148-0400: 328.212: [GC (GCLocker Initiated GC) [PSYoungGen: 143743K->73804K(175104K)] 312148K->242533K(699392K), 0.0103527 secs] [Times: user=0.16 sys=0.00, real=0.01 secs] 
2016-09-15T12:44:52.482-0400: 328.547: [GC (Allocation Failure) [PSYoungGen: 161868K->839K(175104K)] 337016K->194464K(699392K), 0.0105842 secs] [Times: user=0.12 sys=0.00, real=0.01 secs] 
2016-09-15T12:44:53.029-0400: 329.093: [GC (Allocation Failure) [PSYoungGen: 88903K->18865K(175104K)] 282528K->212852K(699392K), 0.0137788 secs] [Times: user=0.17 sys=0.00, real=0.01 secs] 
