Java HotSpot(TM) 64-Bit Server VM (25.101-b13) for linux-amd64 JRE (1.8.0_101-b13), built on Jun 22 2016 02:59:44 by "java_re" with gcc 4.3.0 20080428 (Red Hat 4.3.0-8)
Memory: 4k page, physical 264122320k(98235840k free), swap 268399612k(268399612k free)
CommandLine flags: -XX:GCLogFileSize=1048576 -XX:+HeapDumpOnOutOfMemoryError -XX:HeapDumpPath=artifacts/heapdump -XX:InitialHeapSize=805306368 -XX:MaxHeapSize=805306368 -XX:NumberOfGCLogFiles=10 -XX:+PrintGC -XX:+PrintGCDateStamps -XX:+PrintGCDetails -XX:+PrintGCTimeStamps -XX:+UseCompressedClassPointers -XX:+UseCompressedOops -XX:+UseGCLogFileRotation -XX:+UseParallelGC 
2016-09-25T21:52:22.683-0400: 2.156: [GC (Metadata GC Threshold) [PSYoungGen: 125830K->15491K(229376K)] 125830K->15579K(753664K), 0.0201659 secs] [Times: user=0.07 sys=0.03, real=0.02 secs] 
2016-09-25T21:52:22.703-0400: 2.176: [Full GC (Metadata GC Threshold) [PSYoungGen: 15491K->0K(229376K)] [ParOldGen: 88K->14602K(354304K)] 15579K->14602K(583680K), [Metaspace: 21076K->21076K(1067008K)], 0.0519752 secs] [Times: user=0.48 sys=0.00, real=0.05 secs] 
2016-09-25T21:52:24.599-0400: 4.073: [GC (Metadata GC Threshold) [PSYoungGen: 121514K->15074K(229376K)] 136117K->29813K(583680K), 0.0167791 secs] [Times: user=0.13 sys=0.02, real=0.02 secs] 
2016-09-25T21:52:24.616-0400: 4.089: [Full GC (Metadata GC Threshold) [PSYoungGen: 15074K->0K(229376K)] [ParOldGen: 14738K->20495K(524288K)] 29813K->20495K(753664K), [Metaspace: 34977K->34977K(1079296K)], 0.0558960 secs] [Times: user=0.52 sys=0.00, real=0.05 secs] 
2016-09-25T21:52:26.404-0400: 5.877: [GC (GCLocker Initiated GC) [PSYoungGen: 193958K->32748K(229376K)] 217153K->58962K(753664K), 0.0101955 secs] [Times: user=0.15 sys=0.00, real=0.01 secs] 
2016-09-25T21:52:26.601-0400: 6.074: [GC (GCLocker Initiated GC) [PSYoungGen: 229356K->31096K(229376K)] 258400K->70949K(753664K), 0.0157460 secs] [Times: user=0.23 sys=0.02, real=0.02 secs] 
2016-09-25T21:52:26.745-0400: 6.218: [GC (GCLocker Initiated GC) [PSYoungGen: 227704K->32755K(229376K)] 267656K->82087K(753664K), 0.0086632 secs] [Times: user=0.11 sys=0.03, real=0.00 secs] 
2016-09-25T21:52:26.841-0400: 6.314: [GC (GCLocker Initiated GC) [PSYoungGen: 229363K->31994K(198656K)] 278704K->111043K(722944K), 0.0076098 secs] [Times: user=0.10 sys=0.00, real=0.01 secs] 
2016-09-25T21:52:26.946-0400: 6.419: [GC (GCLocker Initiated GC) [PSYoungGen: 197882K->47015K(212992K)] 283740K->139631K(737280K), 0.0075780 secs] [Times: user=0.09 sys=0.00, real=0.00 secs] 
2016-09-25T21:52:27.050-0400: 6.524: [GC (GCLocker Initiated GC) [PSYoungGen: 212903K->47559K(193536K)] 316363K->164487K(717824K), 0.0091064 secs] [Times: user=0.12 sys=0.02, real=0.01 secs] 
2016-09-25T21:52:27.142-0400: 6.616: [GC (Allocation Failure) [PSYoungGen: 191943K->56437K(201216K)] 311715K->198400K(725504K), 0.0083566 secs] [Times: user=0.08 sys=0.00, real=0.00 secs] 
2016-09-25T21:52:27.151-0400: 6.625: [GC (GCLocker Initiated GC) [PSYoungGen: 57047K->47957K(188928K)] 199010K->203993K(713216K), 0.0062278 secs] [Times: user=0.08 sys=0.02, real=0.01 secs] 
2016-09-25T21:52:27.230-0400: 6.703: [GC (GCLocker Initiated GC) [PSYoungGen: 174935K->42589K(195072K)] 333672K->217817K(719360K), 0.0067008 secs] [Times: user=0.08 sys=0.01, real=0.01 secs] 
2016-09-25T21:52:27.300-0400: 6.773: [GC (GCLocker Initiated GC) [PSYoungGen: 170589K->62920K(182784K)] 346062K->238651K(707072K), 0.0105791 secs] [Times: user=0.15 sys=0.01, real=0.01 secs] 
2016-09-25T21:52:27.375-0400: 6.848: [GC (GCLocker Initiated GC) [PSYoungGen: 179656K->41192K(189440K)] 362194K->224012K(713728K), 0.0044796 secs] [Times: user=0.05 sys=0.01, real=0.00 secs] 
2016-09-25T21:52:27.440-0400: 6.913: [GC (GCLocker Initiated GC) [PSYoungGen: 157928K->58739K(184832K)] 341001K->255594K(709120K), 0.0101121 secs] [Times: user=0.16 sys=0.01, real=0.01 secs] 
2016-09-25T21:52:27.509-0400: 6.983: [GC (GCLocker Initiated GC) [PSYoungGen: 173427K->64218K(179200K)] 375836K->266899K(703488K), 0.0096901 secs] [Times: user=0.15 sys=0.00, real=0.01 secs] 
2016-09-25T21:52:27.582-0400: 7.055: [GC (GCLocker Initiated GC) [PSYoungGen: 178906K->67011K(173056K)] 387027K->283522K(697344K), 0.0101197 secs] [Times: user=0.12 sys=0.01, real=0.01 secs] 
2016-09-25T21:52:27.666-0400: 7.139: [GC (GCLocker Initiated GC) [PSYoungGen: 161219K->43931K(178176K)] 384551K->291872K(702464K), 0.0100454 secs] [Times: user=0.08 sys=0.01, real=0.01 secs] 
2016-09-25T21:52:27.729-0400: 7.202: [GC (GCLocker Initiated GC) [PSYoungGen: 138139K->35763K(172032K)] 392865K->298875K(696320K), 0.0066044 secs] [Times: user=0.05 sys=0.00, real=0.01 secs] 
2016-09-25T21:52:27.795-0400: 7.268: [GC (GCLocker Initiated GC) [PSYoungGen: 133043K->61712K(176128K)] 404362K->336123K(700416K), 0.0071979 secs] [Times: user=0.08 sys=0.01, real=0.00 secs] 
2016-09-25T21:52:27.852-0400: 7.325: [GC (GCLocker Initiated GC) [PSYoungGen: 158992K->53328K(181248K)] 433465K->330903K(705536K), 0.0075931 secs] [Times: user=0.07 sys=0.00, real=0.01 secs] 
2016-09-25T21:52:27.922-0400: 7.396: [GC (GCLocker Initiated GC) [PSYoungGen: 152656K->44098K(143872K)] 437072K->328904K(668160K), 0.0054341 secs] [Times: user=0.07 sys=0.00, real=0.00 secs] 
2016-09-25T21:52:27.981-0400: 7.454: [GC (GCLocker Initiated GC) [PSYoungGen: 143426K->71148K(171008K)] 433670K->361834K(695296K), 0.0058738 secs] [Times: user=0.07 sys=0.00, real=0.01 secs] 
2016-09-25T21:52:28.049-0400: 7.523: [GC (GCLocker Initiated GC) [PSYoungGen: 164332K->37302K(177152K)] 455092K->352781K(701440K), 0.0059506 secs] [Times: user=0.06 sys=0.01, real=0.01 secs] 
2016-09-25T21:52:28.112-0400: 7.585: [GC (GCLocker Initiated GC) [PSYoungGen: 130486K->38648K(173568K)] 462348K->370898K(697856K), 0.0047088 secs] [Times: user=0.05 sys=0.00, real=0.01 secs] 
2016-09-25T21:52:28.172-0400: 7.645: [GC (GCLocker Initiated GC) [PSYoungGen: 134392K->49438K(176640K)] 466709K->387603K(700928K), 0.0097876 secs] [Times: user=0.08 sys=0.01, real=0.01 secs] 
2016-09-25T21:52:28.239-0400: 7.712: [GC (GCLocker Initiated GC) [PSYoungGen: 145182K->61538K(179712K)] 486105K->402779K(704000K), 0.0062784 secs] [Times: user=0.07 sys=0.00, real=0.01 secs] 
2016-09-25T21:52:28.312-0400: 7.785: [GC (GCLocker Initiated GC) [PSYoungGen: 162914K->68398K(169984K)] 504214K->412817K(694272K), 0.0097482 secs] [Times: user=0.13 sys=0.02, real=0.01 secs] 
2016-09-25T21:52:28.378-0400: 7.851: [GC (GCLocker Initiated GC) [PSYoungGen: 169774K->37315K(178688K)] 516607K->408930K(702976K), 0.0096631 secs] [Times: user=0.14 sys=0.00, real=0.01 secs] 
2016-09-25T21:52:28.438-0400: 7.912: [GC (GCLocker Initiated GC) [PSYoungGen: 131523K->72420K(166912K)] 505952K->447305K(691200K), 0.0066949 secs] [Times: user=0.09 sys=0.00, real=0.01 secs] 
2016-09-25T21:52:28.502-0400: 7.975: [GC (GCLocker Initiated GC) [PSYoungGen: 166628K->41461K(175616K)] 546947K->454546K(699904K), 0.0066378 secs] [Times: user=0.08 sys=0.01, real=0.01 secs] 
2016-09-25T21:52:28.554-0400: 8.028: [GC (GCLocker Initiated GC) [PSYoungGen: 130037K->46866K(135680K)] 544569K->486178K(659968K), 0.0067948 secs] [Times: user=0.09 sys=0.01, real=0.00 secs] 
2016-09-25T21:52:28.613-0400: 8.086: [GC (GCLocker Initiated GC) [PSYoungGen: 135442K->46816K(175616K)] 581567K->514947K(699904K), 0.0065320 secs] [Times: user=0.09 sys=0.00, real=0.01 secs] 
2016-09-25T21:52:28.676-0400: 8.149: [GC (GCLocker Initiated GC) [PSYoungGen: 138464K->49484K(172544K)] 613420K->554568K(696832K), 0.0069085 secs] [Times: user=0.07 sys=0.02, real=0.01 secs] 
2016-09-25T21:52:28.683-0400: 8.156: [Full GC (Ergonomics) [PSYoungGen: 49484K->0K(172544K)] [ParOldGen: 505083K->53556K(524288K)] 554568K->53556K(696832K), [Metaspace: 42965K->42961K(1085440K)], 0.1801805 secs] [Times: user=2.44 sys=0.02, real=0.18 secs] 
2016-09-25T21:52:28.917-0400: 8.390: [GC (GCLocker Initiated GC) [PSYoungGen: 91648K->65844K(172032K)] 147941K->122137K(696320K), 0.0049819 secs] [Times: user=0.06 sys=0.00, real=0.00 secs] 
2016-09-25T21:52:29.020-0400: 8.493: [GC (GCLocker Initiated GC) [PSYoungGen: 160052K->63016K(175104K)] 221950K->128217K(699392K), 0.0066264 secs] [Times: user=0.09 sys=0.00, real=0.01 secs] 
2016-09-25T21:52:29.076-0400: 8.549: [GC (GCLocker Initiated GC) [PSYoungGen: 157224K->63030K(177664K)] 225181K->144947K(701952K), 0.0058705 secs] [Times: user=0.08 sys=0.00, real=0.01 secs] 
2016-09-25T21:52:29.129-0400: 8.602: [GC (GCLocker Initiated GC) [PSYoungGen: 158262K->50820K(146432K)] 240276K->152184K(670720K), 0.0061673 secs] [Times: user=0.08 sys=0.00, real=0.01 secs] 
2016-09-25T21:52:29.190-0400: 8.663: [GC (GCLocker Initiated GC) [PSYoungGen: 146052K->40015K(177664K)] 252856K->166061K(701952K), 0.0068538 secs] [Times: user=0.06 sys=0.00, real=0.01 secs] 
2016-09-25T21:52:29.259-0400: 8.733: [GC (GCLocker Initiated GC) [PSYoungGen: 136783K->58856K(177152K)] 262831K->212369K(701440K), 0.0064605 secs] [Times: user=0.09 sys=0.00, real=0.01 secs] 
2016-09-25T21:52:29.316-0400: 8.789: [GC (GCLocker Initiated GC) [PSYoungGen: 155624K->41365K(180224K)] 311918K->198033K(704512K), 0.0046907 secs] [Times: user=0.05 sys=0.00, real=0.00 secs] 
2016-09-25T21:52:29.373-0400: 8.846: [GC (GCLocker Initiated GC) [PSYoungGen: 142741K->57629K(180736K)] 302250K->217604K(705024K), 0.0056527 secs] [Times: user=0.07 sys=0.00, real=0.01 secs] 
2016-09-25T21:52:29.438-0400: 8.912: [GC (GCLocker Initiated GC) [PSYoungGen: 159005K->53548K(178688K)] 318996K->219318K(702976K), 0.0058218 secs] [Times: user=0.06 sys=0.00, real=0.01 secs] 
2016-09-25T21:52:29.507-0400: 8.980: [GC (GCLocker Initiated GC) [PSYoungGen: 157484K->75212K(179200K)] 326028K->249559K(703488K), 0.0074581 secs] [Times: user=0.09 sys=0.00, real=0.01 secs] 
2016-09-25T21:52:29.574-0400: 9.047: [GC (GCLocker Initiated GC) [PSYoungGen: 179148K->33105K(178176K)] 357622K->217414K(702464K), 0.0063354 secs] [Times: user=0.05 sys=0.00, real=0.00 secs] 
2016-09-25T21:52:29.635-0400: 9.108: [GC (GCLocker Initiated GC) [PSYoungGen: 128337K->53566K(148992K)] 319542K->256020K(673280K), 0.0069122 secs] [Times: user=0.08 sys=0.00, real=0.00 secs] 
2016-09-25T21:52:29.694-0400: 9.167: [GC (GCLocker Initiated GC) [PSYoungGen: 148798K->48116K(178688K)] 354719K->267941K(702976K), 0.0054361 secs] [Times: user=0.07 sys=0.00, real=0.01 secs] 
2016-09-25T21:52:29.762-0400: 9.235: [GC (GCLocker Initiated GC) [PSYoungGen: 145908K->31870K(176640K)] 377903K->277806K(700928K), 0.0096718 secs] [Times: user=0.13 sys=0.00, real=0.01 secs] 
2016-09-25T21:52:29.842-0400: 9.315: [GC (GCLocker Initiated GC) [PSYoungGen: 129662K->61712K(180224K)] 385077K->317547K(704512K), 0.0055065 secs] [Times: user=0.06 sys=0.01, real=0.01 secs] 
2016-09-25T21:52:29.895-0400: 9.368: [GC (GCLocker Initiated GC) [PSYoungGen: 162064K->64352K(164864K)] 417946K->336876K(689152K), 0.0112195 secs] [Times: user=0.16 sys=0.00, real=0.01 secs] 
2016-09-25T21:52:29.959-0400: 9.432: [GC (GCLocker Initiated GC) [PSYoungGen: 164704K->53547K(181760K)] 442683K->345425K(706048K), 0.0063110 secs] [Times: user=0.08 sys=0.00, real=0.01 secs] 
2016-09-25T21:52:30.023-0400: 9.497: [GC (GCLocker Initiated GC) [PSYoungGen: 152363K->61711K(179200K)] 449820K->367741K(703488K), 0.0065574 secs] [Times: user=0.09 sys=0.00, real=0.00 secs] 
2016-09-25T21:52:30.092-0400: 9.565: [GC (GCLocker Initiated GC) [PSYoungGen: 160527K->54820K(179712K)] 469294K->364011K(704000K), 0.0052915 secs] [Times: user=0.07 sys=0.00, real=0.01 secs] 
2016-09-25T21:52:30.150-0400: 9.623: [GC (GCLocker Initiated GC) [PSYoungGen: 155684K->67048K(179712K)] 470292K->390128K(704000K), 0.0082980 secs] [Times: user=0.08 sys=0.00, real=0.01 secs] 
2016-09-25T21:52:30.224-0400: 9.697: [GC (GCLocker Initiated GC) [PSYoungGen: 167912K->61744K(181248K)] 499314K->407103K(705536K), 0.0073174 secs] [Times: user=0.08 sys=0.01, real=0.00 secs] 
2016-09-25T21:52:30.290-0400: 9.763: [GC (GCLocker Initiated GC) [PSYoungGen: 162096K->58934K(159744K)] 507597K->404861K(684032K), 0.0077039 secs] [Times: user=0.08 sys=0.01, real=0.01 secs] 
2016-09-25T21:52:30.358-0400: 9.831: [GC (GCLocker Initiated GC) [PSYoungGen: 159286K->45479K(180736K)] 514713K->414826K(705024K), 0.0053797 secs] [Times: user=0.07 sys=0.00, real=0.01 secs] 
2016-09-25T21:52:30.410-0400: 9.883: [GC (GCLocker Initiated GC) [PSYoungGen: 146343K->65697K(180224K)] 522984K->442812K(704512K), 0.0070553 secs] [Times: user=0.09 sys=0.00, real=0.01 secs] 
2016-09-25T21:52:30.476-0400: 9.950: [GC (GCLocker Initiated GC) [PSYoungGen: 166561K->50833K(181248K)] 549321K->434018K(705536K), 0.0058436 secs] [Times: user=0.06 sys=0.00, real=0.01 secs] 
2016-09-25T21:52:30.552-0400: 10.025: [GC (GCLocker Initiated GC) [PSYoungGen: 152721K->53405K(155648K)] 535915K->437010K(679936K), 0.0057389 secs] [Times: user=0.06 sys=0.00, real=0.01 secs] 
2016-09-25T21:52:30.619-0400: 10.092: [GC (GCLocker Initiated GC) [PSYoungGen: 155293K->44033K(181248K)] 542981K->437524K(705536K), 0.0070177 secs] [Times: user=0.05 sys=0.00, real=0.01 secs] 
2016-09-25T21:52:30.692-0400: 10.165: [GC (GCLocker Initiated GC) [PSYoungGen: 147969K->46939K(180736K)] 550941K->471959K(705024K), 0.0066152 secs] [Times: user=0.08 sys=0.00, real=0.01 secs] 
2016-09-25T21:52:30.750-0400: 10.224: [GC (GCLocker Initiated GC) [PSYoungGen: 150875K->46815K(184320K)] 576110K->496829K(708608K), 0.0101473 secs] [Times: user=0.13 sys=0.00, real=0.01 secs] 
2016-09-25T21:52:30.824-0400: 10.297: [GC (GCLocker Initiated GC) [PSYoungGen: 155871K->40171K(183808K)] 615420K->500138K(708096K), 0.0090853 secs] [Times: user=0.12 sys=0.00, real=0.00 secs] 
2016-09-25T21:52:30.880-0400: 10.353: [GC (GCLocker Initiated GC) [PSYoungGen: 149227K->73911K(175104K)] 609276K->545278K(699392K), 0.0075881 secs] [Times: user=0.10 sys=0.01, real=0.01 secs] 
2016-09-25T21:52:30.949-0400: 10.422: [GC (GCLocker Initiated GC) [PSYoungGen: 174263K->70974K(171520K)] 645678K->550915K(695808K), 0.0076252 secs] [Times: user=0.08 sys=0.00, real=0.01 secs] 
2016-09-25T21:52:31.002-0400: 10.475: [GC (GCLocker Initiated GC) [PSYoungGen: 171326K->44129K(178688K)] 656911K->554419K(702976K), 0.0066505 secs] [Times: user=0.08 sys=0.00, real=0.00 secs] 
2016-09-25T21:52:31.009-0400: 10.482: [Full GC (Ergonomics) [PSYoungGen: 44129K->0K(178688K)] [ParOldGen: 510290K->62469K(524288K)] 554419K->62469K(702976K), [Metaspace: 43200K->43200K(1085440K)], 0.0561564 secs] [Times: user=0.40 sys=0.00, real=0.06 secs] 
2016-09-25T21:52:31.113-0400: 10.586: [GC (GCLocker Initiated GC) [PSYoungGen: 94208K->69925K(164352K)] 156686K->132404K(688640K), 0.0098023 secs] [Times: user=0.14 sys=0.00, real=0.02 secs] 
2016-09-25T21:52:31.176-0400: 10.649: [GC (GCLocker Initiated GC) [PSYoungGen: 164133K->58915K(177664K)] 233741K->129118K(701952K), 0.0120422 secs] [Times: user=0.17 sys=0.00, real=0.01 secs] 
2016-09-25T21:52:31.240-0400: 10.713: [GC (GCLocker Initiated GC) [PSYoungGen: 150051K->60251K(151552K)] 224376K->143117K(675840K), 0.0064238 secs] [Times: user=0.07 sys=0.00, real=0.01 secs] 
2016-09-25T21:52:31.301-0400: 10.774: [GC (GCLocker Initiated GC) [PSYoungGen: 151387K->49373K(175104K)] 234309K->157015K(699392K), 0.0058020 secs] [Times: user=0.06 sys=0.00, real=0.01 secs] 
2016-09-25T21:52:31.356-0400: 10.829: [GC (GCLocker Initiated GC) [PSYoungGen: 141533K->65619K(174080K)] 249227K->176354K(698368K), 0.0070749 secs] [Times: user=0.09 sys=0.00, real=0.01 secs] 
2016-09-25T21:52:31.408-0400: 10.882: [GC (GCLocker Initiated GC) [PSYoungGen: 157779K->44129K(179712K)] 276773K->198658K(704000K), 0.0060013 secs] [Times: user=0.08 sys=0.00, real=0.01 secs] 
2016-09-25T21:52:31.462-0400: 10.936: [GC (GCLocker Initiated GC) [PSYoungGen: 140897K->65669K(162816K)] 295676K->237089K(687104K), 0.0071787 secs] [Times: user=0.10 sys=0.00, real=0.00 secs] 
2016-09-25T21:52:31.514-0400: 10.987: [GC (GCLocker Initiated GC) [PSYoungGen: 162437K->53593K(180736K)] 336070K->227614K(705024K), 0.0118050 secs] [Times: user=0.14 sys=0.00, real=0.01 secs] 
2016-09-25T21:52:31.583-0400: 11.056: [GC (GCLocker Initiated GC) [PSYoungGen: 150873K->62983K(178688K)] 333114K->245657K(702976K), 0.0059831 secs] [Times: user=0.08 sys=0.01, real=0.00 secs] 
2016-09-25T21:52:31.651-0400: 11.124: [GC (GCLocker Initiated GC) [PSYoungGen: 160263K->54819K(178688K)] 342996K->237947K(702976K), 0.0057601 secs] [Times: user=0.05 sys=0.01, real=0.01 secs] 
2016-09-25T21:52:31.713-0400: 11.187: [GC (GCLocker Initiated GC) [PSYoungGen: 154147K->54883K(178688K)] 340047K->249286K(702976K), 0.0064936 secs] [Times: user=0.06 sys=0.00, real=0.01 secs] 
2016-09-25T21:52:31.772-0400: 11.245: [GC (GCLocker Initiated GC) [PSYoungGen: 154211K->60329K(181248K)] 348643K->274096K(705536K), 0.0061045 secs] [Times: user=0.09 sys=0.00, real=0.01 secs] 
2016-09-25T21:52:31.832-0400: 11.306: [GC (GCLocker Initiated GC) [PSYoungGen: 164265K->69843K(180736K)] 383673K->289684K(705024K), 0.0061219 secs] [Times: user=0.08 sys=0.00, real=0.01 secs] 
2016-09-25T21:52:31.900-0400: 11.373: [GC (GCLocker Initiated GC) [PSYoungGen: 173779K->54883K(183808K)] 393687K->275215K(708096K), 0.0068082 secs] [Times: user=0.04 sys=0.00, real=0.01 secs] 
2016-09-25T21:52:31.961-0400: 11.435: [GC (GCLocker Initiated GC) [PSYoungGen: 159843K->76575K(181760K)] 380412K->302947K(706048K), 0.0133042 secs] [Times: user=0.17 sys=0.00, real=0.02 secs] 
2016-09-25T21:52:32.050-0400: 11.523: [GC (GCLocker Initiated GC) [PSYoungGen: 181535K->45305K(176640K)] 412706K->276923K(700928K), 0.0212301 secs] [Times: user=0.21 sys=0.00, real=0.02 secs] 
2016-09-25T21:52:32.129-0400: 11.602: [GC (GCLocker Initiated GC) [PSYoungGen: 141561K->56311K(179200K)] 380002K->305971K(703488K), 0.0118216 secs] [Times: user=0.15 sys=0.00, real=0.01 secs] 
2016-09-25T21:52:32.197-0400: 11.670: [GC (GCLocker Initiated GC) [PSYoungGen: 152567K->72387K(175104K)] 402413K->322666K(699392K), 0.0060080 secs] [Times: user=0.08 sys=0.00, real=0.01 secs] 
2016-09-25T21:52:32.281-0400: 11.754: [GC (GCLocker Initiated GC) [PSYoungGen: 166595K->32102K(126464K)] 436704K->316084K(650752K), 0.0089908 secs] [Times: user=0.11 sys=0.00, real=0.01 secs] 
2016-09-25T21:52:32.352-0400: 11.826: [GC (GCLocker Initiated GC) [PSYoungGen: 126310K->72387K(174080K)] 410377K->356941K(698368K), 0.0098542 secs] [Times: user=0.11 sys=0.00, real=0.02 secs] 
2016-09-25T21:52:32.431-0400: 11.904: [GC (GCLocker Initiated GC) [PSYoungGen: 160451K->34551K(175104K)] 453141K->349197K(699392K), 0.0055800 secs] [Times: user=0.06 sys=0.00, real=0.01 secs] 
2016-09-25T21:52:32.488-0400: 11.962: [GC (GCLocker Initiated GC) [PSYoungGen: 122615K->50755K(175104K)] 439994K->371267K(699392K), 0.0112553 secs] [Times: user=0.13 sys=0.00, real=0.01 secs] 
2016-09-25T21:52:32.556-0400: 12.029: [GC (GCLocker Initiated GC) [PSYoungGen: 138819K->45305K(133632K)] 462183K->377110K(657920K), 0.0117673 secs] [Times: user=0.10 sys=0.00, real=0.01 secs] 
2016-09-25T21:52:32.621-0400: 12.095: [GC (GCLocker Initiated GC) [PSYoungGen: 133369K->58901K(175616K)] 467936K->401955K(699904K), 0.0097137 secs] [Times: user=0.11 sys=0.00, real=0.01 secs] 
2016-09-25T21:52:32.682-0400: 12.156: [GC (GCLocker Initiated GC) [PSYoungGen: 148501K->71005K(174080K)] 491581K->414480K(698368K), 0.0061740 secs] [Times: user=0.06 sys=0.00, real=0.00 secs] 
2016-09-25T21:52:32.749-0400: 12.222: [GC (GCLocker Initiated GC) [PSYoungGen: 160605K->39919K(175104K)] 508246K->406833K(699392K), 0.0077790 secs] [Times: user=0.07 sys=0.00, real=0.01 secs] 
2016-09-25T21:52:32.808-0400: 12.281: [GC (GCLocker Initiated GC) [PSYoungGen: 127983K->41337K(129536K)] 503118K->427698K(653824K), 0.0107517 secs] [Times: user=0.13 sys=0.00, real=0.01 secs] 
2016-09-25T21:52:32.872-0400: 12.345: [GC (GCLocker Initiated GC) [PSYoungGen: 129401K->47909K(177152K)] 521292K->440141K(701440K), 0.0053988 secs] [Times: user=0.05 sys=0.00, real=0.01 secs] 
2016-09-25T21:52:32.931-0400: 12.404: [GC (Allocation Failure) [PSYoungGen: 138533K->52183K(142848K)] 534974K->476043K(667136K), 0.0086367 secs] [Times: user=0.08 sys=0.01, real=0.01 secs] 
2016-09-25T21:52:32.943-0400: 12.416: [GC (GCLocker Initiated GC) [PSYoungGen: 52578K->96K(167424K)] 476438K->492024K(691712K), 0.0054620 secs] [Times: user=0.07 sys=0.00, real=0.00 secs] 
2016-09-25T21:52:32.948-0400: 12.422: [Full GC (Ergonomics) [PSYoungGen: 96K->0K(167424K)] [ParOldGen: 491928K->72163K(524288K)] 492024K->72163K(691712K), [Metaspace: 43232K->43232K(1085440K)], 0.0531430 secs] [Times: user=0.37 sys=0.00, real=0.05 secs] 
2016-09-25T21:52:33.053-0400: 12.526: [GC (GCLocker Initiated GC) [PSYoungGen: 86016K->56348K(173056K)] 158184K->128517K(697344K), 0.0078552 secs] [Times: user=0.07 sys=0.00, real=0.01 secs] 
2016-09-25T21:52:33.125-0400: 12.598: [GC (GCLocker Initiated GC) [PSYoungGen: 142364K->66988K(174592K)] 214670K->149381K(698880K), 0.0058414 secs] [Times: user=0.08 sys=0.00, real=0.00 secs] 
2016-09-25T21:52:33.179-0400: 12.652: [GC (GCLocker Initiated GC) [PSYoungGen: 155052K->49277K(137728K)] 237466K->142825K(662016K), 0.0134126 secs] [Times: user=0.17 sys=0.00, real=0.01 secs] 
2016-09-25T21:52:33.251-0400: 12.724: [GC (GCLocker Initiated GC) [PSYoungGen: 137341K->50957K(178176K)] 247330K->161303K(702464K), 0.0050160 secs] [Times: user=0.06 sys=0.00, real=0.01 secs] 
2016-09-25T21:52:33.309-0400: 12.782: [GC (GCLocker Initiated GC) [PSYoungGen: 143117K->69719K(174592K)] 256296K->183338K(698880K), 0.0099782 secs] [Times: user=0.13 sys=0.00, real=0.01 secs] 
2016-09-25T21:52:33.378-0400: 12.851: [GC (GCLocker Initiated GC) [PSYoungGen: 161879K->53487K(176640K)] 275594K->186483K(700928K), 0.0073753 secs] [Times: user=0.10 sys=0.00, real=0.01 secs] 
2016-09-25T21:52:33.443-0400: 12.916: [GC (GCLocker Initiated GC) [PSYoungGen: 145647K->50833K(143360K)] 284146K->197805K(667648K), 0.0055918 secs] [Times: user=0.06 sys=0.00, real=0.00 secs] 
2016-09-25T21:52:33.503-0400: 12.976: [GC (GCLocker Initiated GC) [PSYoungGen: 142993K->62965K(174080K)] 292800K->213167K(698368K), 0.0091677 secs] [Times: user=0.12 sys=0.00, real=0.00 secs] 
2016-09-25T21:52:33.570-0400: 13.043: [GC (GCLocker Initiated GC) [PSYoungGen: 156149K->64301K(175104K)] 308066K->227475K(699392K), 0.0129171 secs] [Times: user=0.10 sys=0.03, real=0.02 secs] 
2016-09-25T21:52:33.628-0400: 13.101: [GC (GCLocker Initiated GC) [PSYoungGen: 157485K->65669K(176640K)] 320810K->229413K(700928K), 0.0074800 secs] [Times: user=0.09 sys=0.01, real=0.01 secs] 
2016-09-25T21:52:33.693-0400: 13.166: [GC (GCLocker Initiated GC) [PSYoungGen: 158853K->72434K(165888K)] 322649K->247410K(690176K), 0.0075417 secs] [Times: user=0.11 sys=0.00, real=0.01 secs] 
2016-09-25T21:52:33.754-0400: 13.227: [GC (GCLocker Initiated GC) [PSYoungGen: 165618K->46797K(175616K)] 350079K->261346K(699904K), 0.0231046 secs] [Times: user=0.28 sys=0.02, real=0.03 secs] 
2016-09-25T21:52:33.835-0400: 13.308: [GC (GCLocker Initiated GC) [PSYoungGen: 135373K->53565K(142336K)] 363468K->282110K(666624K), 0.0114624 secs] [Times: user=0.13 sys=0.00, real=0.01 secs] 
2016-09-25T21:52:33.909-0400: 13.382: [GC (GCLocker Initiated GC) [PSYoungGen: 142141K->39942K(172544K)] 376091K->293211K(696832K), 0.0110016 secs] [Times: user=0.14 sys=0.01, real=0.01 secs] 
2016-09-25T21:52:33.973-0400: 13.446: [GC (GCLocker Initiated GC) [PSYoungGen: 128518K->53519K(172544K)] 388585K->313931K(696832K), 0.0082640 secs] [Times: user=0.12 sys=0.00, real=0.01 secs] 
2016-09-25T21:52:34.043-0400: 13.516: [GC (GCLocker Initiated GC) [PSYoungGen: 142095K->52059K(175616K)] 405244K->323690K(699904K), 0.0077926 secs] [Times: user=0.06 sys=0.00, real=0.00 secs] 
2016-09-25T21:52:34.115-0400: 13.588: [GC (GCLocker Initiated GC) [PSYoungGen: 148827K->41259K(175616K)] 428592K->353769K(699904K), 0.0066813 secs] [Times: user=0.06 sys=0.01, real=0.00 secs] 
2016-09-25T21:52:34.189-0400: 13.662: [GC (GCLocker Initiated GC) [PSYoungGen: 138027K->56128K(181760K)] 453295K->371724K(706048K), 0.0090575 secs] [Times: user=0.07 sys=0.00, real=0.01 secs] 
2016-09-25T21:52:34.264-0400: 13.737: [GC (GCLocker Initiated GC) [PSYoungGen: 161088K->54824K(182272K)] 476852K->400605K(706560K), 0.0097177 secs] [Times: user=0.10 sys=0.00, real=0.00 secs] 
2016-09-25T21:52:34.345-0400: 13.818: [GC (GCLocker Initiated GC) [PSYoungGen: 159784K->49332K(182784K)] 508341K->414460K(707072K), 0.0086441 secs] [Times: user=0.09 sys=0.00, real=0.00 secs] 
2016-09-25T21:52:34.416-0400: 13.889: [GC (GCLocker Initiated GC) [PSYoungGen: 158388K->47986K(183296K)] 526267K->432395K(707584K), 0.0074468 secs] [Times: user=0.10 sys=0.01, real=0.01 secs] 
2016-09-25T21:52:34.487-0400: 13.960: [GC (GCLocker Initiated GC) [PSYoungGen: 157042K->60104K(185856K)] 544354K->466562K(710144K), 0.0065036 secs] [Times: user=0.08 sys=0.00, real=0.00 secs] 
2016-09-25T21:52:34.551-0400: 14.024: [GC (GCLocker Initiated GC) [PSYoungGen: 173256K->45256K(186880K)] 590535K->473598K(711168K), 0.0050488 secs] [Times: user=0.07 sys=0.00, real=0.01 secs] 
2016-09-25T21:52:34.619-0400: 14.093: [GC (GCLocker Initiated GC) [PSYoungGen: 158408K->47971K(186368K)] 593090K->496450K(710656K), 0.0058429 secs] [Times: user=0.06 sys=0.00, real=0.01 secs] 
2016-09-25T21:52:34.694-0400: 14.167: [GC (GCLocker Initiated GC) [PSYoungGen: 163683K->69682K(185856K)] 616239K->522478K(710144K), 0.0080224 secs] [Times: user=0.07 sys=0.01, real=0.02 secs] 
2016-09-25T21:52:34.760-0400: 14.234: [GC (GCLocker Initiated GC) [PSYoungGen: 185394K->58740K(186368K)] 643685K->528088K(710656K), 0.0105117 secs] [Times: user=0.10 sys=0.00, real=0.01 secs] 
2016-09-25T21:52:34.847-0400: 14.320: [GC (GCLocker Initiated GC) [PSYoungGen: 168820K->46656K(157184K)] 651801K->543413K(681472K), 0.0138128 secs] [Times: user=0.18 sys=0.00, real=0.01 secs] 
2016-09-25T21:52:34.861-0400: 14.334: [Full GC (Ergonomics) [PSYoungGen: 46656K->0K(157184K)] [ParOldGen: 496756K->82107K(524288K)] 543413K->82107K(681472K), [Metaspace: 43253K->43253K(1085440K)], 0.0507664 secs] [Times: user=0.37 sys=0.00, real=0.05 secs] 
2016-09-25T21:52:34.977-0400: 14.450: [GC (GCLocker Initiated GC) [PSYoungGen: 110080K->52007K(187392K)] 197638K->139566K(711680K), 0.0076084 secs] [Times: user=0.10 sys=0.00, real=0.01 secs] 
2016-09-25T21:52:35.038-0400: 14.511: [GC (GCLocker Initiated GC) [PSYoungGen: 164135K->49292K(185344K)] 256777K->155780K(709632K), 0.0066346 secs] [Times: user=0.09 sys=0.00, real=0.01 secs] 
2016-09-25T21:52:35.108-0400: 14.581: [GC (GCLocker Initiated GC) [PSYoungGen: 161420K->57390K(185344K)] 270685K->166913K(709632K), 0.0053787 secs] [Times: user=0.07 sys=0.00, real=0.00 secs] 
2016-09-25T21:52:35.180-0400: 14.654: [GC (GCLocker Initiated GC) [PSYoungGen: 171054K->70843K(185344K)] 283320K->183335K(709632K), 0.0112976 secs] [Times: user=0.12 sys=0.01, real=0.01 secs] 
2016-09-25T21:52:35.254-0400: 14.727: [GC (GCLocker Initiated GC) [PSYoungGen: 184507K->38475K(184832K)] 298519K->177029K(709120K), 0.0058982 secs] [Times: user=0.06 sys=0.00, real=0.01 secs] 
2016-09-25T21:52:35.314-0400: 14.787: [GC (GCLocker Initiated GC) [PSYoungGen: 147019K->45321K(185344K)] 296404K->205732K(709632K), 0.0071267 secs] [Times: user=0.05 sys=0.00, real=0.00 secs] 
2016-09-25T21:52:35.397-0400: 14.870: [GC (GCLocker Initiated GC) [PSYoungGen: 153865K->39906K(184320K)] 322527K->233176K(708608K), 0.0092225 secs] [Times: user=0.12 sys=0.00, real=0.01 secs] 
2016-09-25T21:52:35.489-0400: 14.962: [GC (GCLocker Initiated GC) [PSYoungGen: 148962K->52086K(184832K)] 353106K->256479K(709120K), 0.0050792 secs] [Times: user=0.06 sys=0.00, real=0.01 secs] 
2016-09-25T21:52:35.556-0400: 15.029: [GC (GCLocker Initiated GC) [PSYoungGen: 161142K->54756K(185344K)] 372400K->266282K(709632K), 0.0115925 secs] [Times: user=0.10 sys=0.01, real=0.01 secs] 
2016-09-25T21:52:35.649-0400: 15.122: [GC (GCLocker Initiated GC) [PSYoungGen: 166884K->49182K(184832K)] 378591K->266522K(709120K), 0.0103381 secs] [Times: user=0.10 sys=0.00, real=0.01 secs] 
2016-09-25T21:52:35.721-0400: 15.194: [GC (GCLocker Initiated GC) [PSYoungGen: 161310K->62742K(185344K)] 382397K->284087K(709632K), 0.0058047 secs] [Times: user=0.06 sys=0.01, real=0.01 secs] 
2016-09-25T21:52:35.801-0400: 15.274: [GC (GCLocker Initiated GC) [PSYoungGen: 176918K->42540K(187392K)] 401021K->283110K(711680K), 0.0100079 secs] [Times: user=0.14 sys=0.01, real=0.01 secs] 
2016-09-25T21:52:35.888-0400: 15.361: [GC (GCLocker Initiated GC) [PSYoungGen: 156716K->68271K(180736K)] 400239K->322843K(705024K), 0.0102755 secs] [Times: user=0.15 sys=0.00, real=0.01 secs] 
2016-09-25T21:52:35.952-0400: 15.426: [GC (GCLocker Initiated GC) [PSYoungGen: 175791K->57458K(184832K)] 437317K->319274K(709120K), 0.0054036 secs] [Times: user=0.08 sys=0.00, real=0.01 secs] 
2016-09-25T21:52:36.024-0400: 15.497: [GC (Allocation Failure) [PSYoungGen: 164978K->45139K(181760K)] 439055K->319451K(706048K), 0.0223803 secs] [Times: user=0.26 sys=0.00, real=0.02 secs] 
2016-09-25T21:52:36.134-0400: 15.607: [GC (GCLocker Initiated GC) [PSYoungGen: 152908K->45094K(183808K)] 429920K->333154K(708096K), 0.0068955 secs] [Times: user=0.05 sys=0.00, real=0.01 secs] 
2016-09-25T21:52:36.191-0400: 15.664: [GC (GCLocker Initiated GC) [PSYoungGen: 153638K->68288K(180224K)] 444472K->359341K(704512K), 0.0058523 secs] [Times: user=0.07 sys=0.01, real=0.01 secs] 
2016-09-25T21:52:36.276-0400: 15.749: [GC (GCLocker Initiated GC) [PSYoungGen: 173760K->69593K(175104K)] 465600K->377883K(699392K), 0.0109650 secs] [Times: user=0.12 sys=0.00, real=0.01 secs] 
2016-09-25T21:52:36.361-0400: 15.834: [GC (GCLocker Initiated GC) [PSYoungGen: 175065K->56188K(182784K)] 484870K->379802K(707072K), 0.0060300 secs] [Times: user=0.08 sys=0.00, real=0.01 secs] 
2016-09-25T21:52:36.415-0400: 15.889: [GC (GCLocker Initiated GC) [PSYoungGen: 157052K->72293K(173568K)] 480915K->396483K(697856K), 0.0071182 secs] [Times: user=0.08 sys=0.00, real=0.01 secs] 
2016-09-25T21:52:36.518-0400: 15.991: [GC (GCLocker Initiated GC) [PSYoungGen: 173157K->52106K(180736K)] 500147K->390176K(705024K), 0.0109033 secs] [Times: user=0.13 sys=0.01, real=0.01 secs] 
2016-09-25T21:52:36.587-0400: 16.060: [GC (GCLocker Initiated GC) [PSYoungGen: 149386K->50684K(147968K)] 487601K->402746K(672256K), 0.0069564 secs] [Times: user=0.08 sys=0.00, real=0.00 secs] 
2016-09-25T21:52:36.656-0400: 16.129: [GC (GCLocker Initiated GC) [PSYoungGen: 147964K->53583K(179712K)] 502863K->425041K(704000K), 0.0096109 secs] [Times: user=0.14 sys=0.00, real=0.01 secs] 
2016-09-25T21:52:36.748-0400: 16.221: [GC (GCLocker Initiated GC) [PSYoungGen: 152911K->60185K(177664K)] 527102K->437433K(701952K), 0.0129859 secs] [Times: user=0.10 sys=0.00, real=0.01 secs] 
2016-09-25T21:52:36.815-0400: 16.288: [GC (GCLocker Initiated GC) [PSYoungGen: 159513K->59035K(182272K)] 536787K->455681K(706560K), 0.0064366 secs] [Times: user=0.07 sys=0.00, real=0.00 secs] 
2016-09-25T21:52:36.886-0400: 16.359: [GC (GCLocker Initiated GC) [PSYoungGen: 163995K->40088K(181248K)] 565257K->455266K(705536K), 0.0066579 secs] [Times: user=0.05 sys=0.00, real=0.00 secs] 
2016-09-25T21:52:36.957-0400: 16.430: [GC (GCLocker Initiated GC) [PSYoungGen: 145048K->56305K(183808K)] 564060K->475856K(708096K), 0.0217083 secs] [Times: user=0.27 sys=0.00, real=0.02 secs] 
2016-09-25T21:52:37.055-0400: 16.529: [GC (GCLocker Initiated GC) [PSYoungGen: 164849K->68411K(177152K)] 584444K->488537K(701440K), 0.0079008 secs] [Times: user=0.09 sys=0.01, real=0.01 secs] 
2016-09-25T21:52:37.137-0400: 16.610: [GC (GCLocker Initiated GC) [PSYoungGen: 176955K->42928K(182784K)] 605429K->498809K(707072K), 0.0106418 secs] [Times: user=0.17 sys=0.00, real=0.01 secs] 
2016-09-25T21:52:37.215-0400: 16.688: [GC (GCLocker Initiated GC) [PSYoungGen: 147376K->50887K(155648K)] 603354K->510123K(679936K), 0.0111892 secs] [Times: user=0.11 sys=0.00, real=0.01 secs] 
2016-09-25T21:52:37.292-0400: 16.765: [GC (GCLocker Initiated GC) [PSYoungGen: 155335K->56312K(183296K)] 614583K->515954K(707584K), 0.0057659 secs] [Times: user=0.06 sys=0.00, real=0.01 secs] 
2016-09-25T21:52:37.371-0400: 16.844: [GC (GCLocker Initiated GC) [PSYoungGen: 162808K->67115K(181760K)] 625391K->530211K(706048K), 0.0102766 secs] [Times: user=0.15 sys=0.00, real=0.01 secs] 
2016-09-25T21:52:37.458-0400: 16.931: [GC (GCLocker Initiated GC) [PSYoungGen: 173611K->59107K(185344K)] 644920K->530916K(709632K), 0.0102863 secs] [Times: user=0.15 sys=0.00, real=0.01 secs] 
2016-09-25T21:52:37.557-0400: 17.030: [GC (GCLocker Initiated GC) [PSYoungGen: 166627K->41403K(184320K)] 639394K->514732K(708608K), 0.0109318 secs] [Times: user=0.12 sys=0.00, real=0.01 secs] 
2016-09-25T21:52:37.635-0400: 17.108: [GC (GCLocker Initiated GC) [PSYoungGen: 148923K->52279K(182784K)] 626528K->530395K(707072K), 0.0168065 secs] [Times: user=0.21 sys=0.00, real=0.01 secs] 
2016-09-25T21:52:37.727-0400: 17.200: [GC (GCLocker Initiated GC) [PSYoungGen: 160311K->56324K(183808K)] 643860K->540388K(708096K), 0.0087066 secs] [Times: user=0.10 sys=0.00, real=0.01 secs] 
2016-09-25T21:52:37.804-0400: 17.278: [GC (GCLocker Initiated GC) [PSYoungGen: 164356K->30544K(183808K)] 653853K->523202K(708096K), 0.0120321 secs] [Times: user=0.13 sys=0.00, real=0.01 secs] 
2016-09-25T21:52:37.896-0400: 17.370: [GC (GCLocker Initiated GC) [PSYoungGen: 140112K->68452K(178176K)] 635566K->586102K(702464K), 0.0099129 secs] [Times: user=0.14 sys=0.00, real=0.01 secs] 
2016-09-25T21:52:37.907-0400: 17.380: [Full GC (Ergonomics) [PSYoungGen: 68452K->0K(178176K)] [ParOldGen: 517650K->93200K(524288K)] 586102K->93200K(702464K), [Metaspace: 43261K->43261K(1085440K)], 0.0493210 secs] [Times: user=0.35 sys=0.00, real=0.05 secs] 
2016-09-25T21:52:38.037-0400: 17.510: [GC (GCLocker Initiated GC) [PSYoungGen: 109568K->71530K(174080K)] 202819K->164782K(698368K), 0.0062296 secs] [Times: user=0.09 sys=0.00, real=0.01 secs] 
2016-09-25T21:52:38.109-0400: 17.582: [GC (GCLocker Initiated GC) [PSYoungGen: 165738K->58977K(178176K)] 261823K->182952K(702464K), 0.0067918 secs] [Times: user=0.09 sys=0.00, real=0.01 secs] 
2016-09-25T21:52:38.178-0400: 17.651: [GC (GCLocker Initiated GC) [PSYoungGen: 153185K->51003K(172544K)] 285310K->197123K(696832K), 0.0057792 secs] [Times: user=0.07 sys=0.00, real=0.01 secs] 
2016-09-25T21:52:38.245-0400: 17.718: [GC (GCLocker Initiated GC) [PSYoungGen: 146747K->53711K(176128K)] 303703K->227400K(700416K), 0.0085042 secs] [Times: user=0.11 sys=0.01, real=0.00 secs] 
2016-09-25T21:52:38.313-0400: 17.786: [GC (GCLocker Initiated GC) [PSYoungGen: 149455K->57583K(177152K)] 323261K->253521K(701440K), 0.0066865 secs] [Times: user=0.08 sys=0.00, real=0.01 secs] 
2016-09-25T21:52:38.397-0400: 17.870: [GC (GCLocker Initiated GC) [PSYoungGen: 161007K->67161K(180224K)] 365083K->287912K(704512K), 0.0080346 secs] [Times: user=0.09 sys=0.00, real=0.01 secs] 
2016-09-25T21:52:38.476-0400: 17.950: [GC (GCLocker Initiated GC) [PSYoungGen: 170585K->42817K(182784K)] 399467K->280322K(707072K), 0.0091773 secs] [Times: user=0.07 sys=0.01, real=0.01 secs] 
2016-09-25T21:52:38.553-0400: 18.026: [GC (GCLocker Initiated GC) [PSYoungGen: 146241K->72612K(176128K)] 386522K->332392K(700416K), 0.0068662 secs] [Times: user=0.08 sys=0.00, real=0.01 secs] 
2016-09-25T21:52:38.633-0400: 18.106: [GC (GCLocker Initiated GC) [PSYoungGen: 176036K->44264K(179200K)] 441346K->326372K(703488K), 0.0080228 secs] [Times: user=0.09 sys=0.01, real=0.01 secs] 
2016-09-25T21:52:38.721-0400: 18.194: [GC (Allocation Failure) [PSYoungGen: 140008K->45530K(141312K)] 429006K->335121K(665600K), 0.0051177 secs] [Times: user=0.06 sys=0.00, real=0.01 secs] 
2016-09-25T21:52:38.787-0400: 18.260: [GC (GCLocker Initiated GC) [PSYoungGen: 140945K->60430K(178176K)] 433235K->353261K(702464K), 0.0072194 secs] [Times: user=0.11 sys=0.00, real=0.01 secs] 
2016-09-25T21:52:38.867-0400: 18.340: [GC (GCLocker Initiated GC) [PSYoungGen: 156686K->52375K(177664K)] 460341K->356612K(701952K), 0.0129268 secs] [Times: user=0.12 sys=0.00, real=0.01 secs] 
2016-09-25T21:52:38.948-0400: 18.421: [GC (Allocation Failure) [PSYoungGen: 148631K->58867K(179200K)] 455643K->377257K(703488K), 0.0137977 secs] [Times: user=0.11 sys=0.01, real=0.01 secs] 
2016-09-25T21:52:38.963-0400: 18.436: [GC (GCLocker Initiated GC) [PSYoungGen: 58885K->160K(100352K)] 377276K->366540K(624640K), 0.0059149 secs] [Times: user=0.05 sys=0.01, real=0.00 secs] 
2016-09-25T21:52:39.034-0400: 18.507: [GC (GCLocker Initiated GC) [PSYoungGen: 97986K->47322K(179712K)] 467066K->416418K(704000K), 0.0091635 secs] [Times: user=0.07 sys=0.01, real=0.02 secs] 
2016-09-25T21:52:39.130-0400: 18.603: [GC (GCLocker Initiated GC) [PSYoungGen: 141530K->42757K(137216K)] 516621K->421698K(661504K), 0.0059851 secs] [Times: user=0.05 sys=0.00, real=0.01 secs] 
2016-09-25T21:52:39.209-0400: 18.682: [GC (GCLocker Initiated GC) [PSYoungGen: 136965K->53755K(176128K)] 521632K->438993K(700416K), 0.0118216 secs] [Times: user=0.15 sys=0.00, real=0.01 secs] 
2016-09-25T21:52:39.281-0400: 18.755: [GC (GCLocker Initiated GC) [PSYoungGen: 149499K->60426K(174592K)] 537531K->449018K(698880K), 0.0066670 secs] [Times: user=0.07 sys=0.00, real=0.01 secs] 
2016-09-25T21:52:39.357-0400: 18.831: [GC (GCLocker Initiated GC) [PSYoungGen: 156170K->65847K(176128K)] 544876K->457765K(700416K), 0.0083670 secs] [Times: user=0.11 sys=0.00, real=0.01 secs] 
2016-09-25T21:52:39.440-0400: 18.913: [GC (GCLocker Initiated GC) [PSYoungGen: 162103K->29598K(125952K)] 569037K->456055K(650240K), 0.0051224 secs] [Times: user=0.06 sys=0.00, real=0.01 secs] 
2016-09-25T21:52:39.510-0400: 18.983: [GC (GCLocker Initiated GC) [PSYoungGen: 125854K->61847K(176640K)] 555058K->491738K(700928K), 0.0056152 secs] [Times: user=0.07 sys=0.00, real=0.01 secs] 
2016-09-25T21:52:39.579-0400: 19.052: [GC (GCLocker Initiated GC) [PSYoungGen: 155031K->55003K(148480K)] 585033K->485613K(672768K), 0.0103635 secs] [Times: user=0.06 sys=0.00, real=0.01 secs] 
2016-09-25T21:52:39.648-0400: 19.121: [GC (GCLocker Initiated GC) [PSYoungGen: 148187K->63277K(176128K)] 581738K->516379K(700416K), 0.0096625 secs] [Times: user=0.10 sys=0.01, real=0.01 secs] 
2016-09-25T21:52:39.726-0400: 19.199: [GC (GCLocker Initiated GC) [PSYoungGen: 156461K->60333K(177152K)] 609653K->514182K(701440K), 0.0097729 secs] [Times: user=0.13 sys=0.00, real=0.01 secs] 
2016-09-25T21:52:39.809-0400: 19.282: [GC (GCLocker Initiated GC) [PSYoungGen: 153517K->30844K(177152K)] 616855K->516339K(701440K), 0.0057648 secs] [Times: user=0.06 sys=0.00, real=0.01 secs] 
2016-09-25T21:52:39.883-0400: 19.356: [Full GC (Ergonomics) [PSYoungGen: 124028K->0K(177152K)] [ParOldGen: 493666K->105767K(524288K)] 617694K->105767K(701440K), [Metaspace: 43269K->43269K(1085440K)], 0.0461874 secs] [Times: user=0.30 sys=0.00, real=0.04 secs] 
2016-09-25T21:52:39.997-0400: 19.470: [GC (GCLocker Initiated GC) [PSYoungGen: 93184K->57048K(150528K)] 201609K->165474K(674816K), 0.0071263 secs] [Times: user=0.07 sys=0.00, real=0.01 secs] 
2016-09-25T21:52:40.076-0400: 19.549: [GC (GCLocker Initiated GC) [PSYoungGen: 150232K->61885K(176640K)] 258695K->172964K(700928K), 0.0056796 secs] [Times: user=0.07 sys=0.00, real=0.00 secs] 
2016-09-25T21:52:40.150-0400: 19.623: [GC (GCLocker Initiated GC) [PSYoungGen: 155069K->44361K(177152K)] 278351K->168193K(701440K), 0.0054904 secs] [Times: user=0.06 sys=0.00, real=0.01 secs] 
2016-09-25T21:52:40.222-0400: 19.695: [GC (GCLocker Initiated GC) [PSYoungGen: 137545K->60345K(177152K)] 266810K->190300K(701440K), 0.0094677 secs] [Times: user=0.04 sys=0.00, real=0.00 secs] 
2016-09-25T21:52:40.314-0400: 19.788: [GC (GCLocker Initiated GC) [PSYoungGen: 155065K->49965K(177152K)] 286444K->181969K(701440K), 0.0222286 secs] [Times: user=0.25 sys=0.00, real=0.02 secs] 
2016-09-25T21:52:40.413-0400: 19.886: [GC (GCLocker Initiated GC) [PSYoungGen: 144685K->65716K(174592K)] 279392K->211915K(698880K), 0.0129319 secs] [Times: user=0.09 sys=0.00, real=0.02 secs] 
2016-09-25T21:52:40.498-0400: 19.971: [GC (GCLocker Initiated GC) [PSYoungGen: 160436K->48231K(177152K)] 306668K->194986K(701440K), 0.0095347 secs] [Times: user=0.07 sys=0.01, real=0.01 secs] 
2016-09-25T21:52:40.607-0400: 20.080: [GC (GCLocker Initiated GC) [PSYoungGen: 142951K->64551K(178688K)] 289739K->230796K(702976K), 0.0071734 secs] [Times: user=0.09 sys=0.01, real=0.01 secs] 
2016-09-25T21:52:40.667-0400: 20.140: [GC (GCLocker Initiated GC) [PSYoungGen: 162855K->60512K(180224K)] 329140K->230094K(704512K), 0.0071583 secs] [Times: user=0.08 sys=0.00, real=0.00 secs] 
2016-09-25T21:52:40.762-0400: 20.236: [GC (GCLocker Initiated GC) [PSYoungGen: 158816K->52140K(175616K)] 332964K->237679K(699904K), 0.0327382 secs] [Times: user=0.33 sys=0.01, real=0.03 secs] 
2016-09-25T21:52:40.879-0400: 20.353: [GC (GCLocker Initiated GC) [PSYoungGen: 150956K->47946K(178176K)] 339247K->239345K(702464K), 0.0142988 secs] [Times: user=0.14 sys=0.00, real=0.01 secs] 
2016-09-25T21:52:41.001-0400: 20.474: [GC (GCLocker Initiated GC) [PSYoungGen: 146762K->38453K(182784K)] 340869K->235700K(707072K), 0.0118513 secs] [Times: user=0.09 sys=0.00, real=0.01 secs] 
2016-09-25T21:52:41.088-0400: 20.561: [GC (GCLocker Initiated GC) [PSYoungGen: 143413K->37241K(183296K)] 340770K->235091K(707584K), 0.0144676 secs] [Times: user=0.16 sys=0.00, real=0.02 secs] 
2016-09-25T21:52:41.202-0400: 20.675: [GC (GCLocker Initiated GC) [PSYoungGen: 142201K->42839K(180736K)] 352290K->266891K(705024K), 0.0092144 secs] [Times: user=0.10 sys=0.00, real=0.01 secs] 
2016-09-25T21:52:41.287-0400: 20.760: [GC (GCLocker Initiated GC) [PSYoungGen: 148311K->67062K(172544K)] 372412K->291712K(696832K), 0.0070433 secs] [Times: user=0.07 sys=0.00, real=0.01 secs] 
2016-09-25T21:52:41.371-0400: 20.844: [GC (GCLocker Initiated GC) [PSYoungGen: 172534K->59018K(181760K)] 399953K->303093K(706048K), 0.0075350 secs] [Times: user=0.09 sys=0.00, real=0.01 secs] 
2016-09-25T21:52:41.472-0400: 20.945: [GC (GCLocker Initiated GC) [PSYoungGen: 160394K->65719K(167424K)] 404591K->310420K(691712K), 0.0055242 secs] [Times: user=0.07 sys=0.00, real=0.01 secs] 
2016-09-25T21:52:41.543-0400: 21.016: [GC (GCLocker Initiated GC) [PSYoungGen: 167095K->48157K(181760K)] 417326K->312358K(706048K), 0.0054518 secs] [Times: user=0.06 sys=0.00, real=0.00 secs] 
2016-09-25T21:52:41.639-0400: 21.112: [GC (GCLocker Initiated GC) [PSYoungGen: 147485K->58995K(158720K)] 411865K->342790K(683008K), 0.0175853 secs] [Times: user=0.24 sys=0.00, real=0.02 secs] 
2016-09-25T21:52:41.726-0400: 21.199: [GC (GCLocker Initiated GC) [PSYoungGen: 158323K->33272K(178176K)] 446413K->327155K(702464K), 0.0095195 secs] [Times: user=0.10 sys=0.00, real=0.01 secs] 
2016-09-25T21:52:41.802-0400: 21.276: [GC (GCLocker Initiated GC) [PSYoungGen: 131576K->58913K(179200K)] 426887K->354752K(703488K), 0.0063770 secs] [Times: user=0.08 sys=0.00, real=0.00 secs] 
2016-09-25T21:52:41.872-0400: 21.345: [GC (GCLocker Initiated GC) [PSYoungGen: 157217K->52149K(175104K)] 455834K->380888K(699392K), 0.0110843 secs] [Times: user=0.15 sys=0.00, real=0.02 secs] 
2016-09-25T21:52:41.943-0400: 21.416: [GC (GCLocker Initiated GC) [PSYoungGen: 152501K->60378K(178176K)] 481488K->411398K(702464K), 0.0089296 secs] [Times: user=0.12 sys=0.00, real=0.00 secs] 
2016-09-25T21:52:42.032-0400: 21.505: [GC (GCLocker Initiated GC) [PSYoungGen: 160730K->61667K(182784K)] 517391K->418770K(707072K), 0.0049994 secs] [Times: user=0.07 sys=0.00, real=0.01 secs] 
2016-09-25T21:52:42.105-0400: 21.578: [GC (GCLocker Initiated GC) [PSYoungGen: 166114K->58981K(183296K)] 526162K->419482K(707584K), 0.0078821 secs] [Times: user=0.07 sys=0.00, real=0.00 secs] 
2016-09-25T21:52:42.180-0400: 21.653: [GC (GCLocker Initiated GC) [PSYoungGen: 163429K->67108K(179712K)] 526804K->430942K(704000K), 0.0058588 secs] [Times: user=0.08 sys=0.01, real=0.01 secs] 
2016-09-25T21:52:42.249-0400: 21.722: [GC (GCLocker Initiated GC) [PSYoungGen: 168484K->68310K(169984K)] 532418K->432690K(694272K), 0.0081346 secs] [Times: user=0.05 sys=0.00, real=0.01 secs] 
2016-09-25T21:52:42.318-0400: 21.791: [GC (GCLocker Initiated GC) [PSYoungGen: 169686K->50875K(180736K)] 539679K->429370K(705024K), 0.0083394 secs] [Times: user=0.09 sys=0.00, real=0.01 secs] 
2016-09-25T21:52:42.398-0400: 21.871: [GC (GCLocker Initiated GC) [PSYoungGen: 148667K->60395K(158208K)] 533973K->454286K(682496K), 0.0074552 secs] [Times: user=0.10 sys=0.00, real=0.01 secs] 
2016-09-25T21:52:42.466-0400: 21.939: [GC (GCLocker Initiated GC) [PSYoungGen: 158187K->53599K(180224K)] 554845K->466924K(704512K), 0.0059206 secs] [Times: user=0.08 sys=0.00, real=0.00 secs] 
2016-09-25T21:52:42.537-0400: 22.010: [GC (GCLocker Initiated GC) [PSYoungGen: 153439K->42787K(178176K)] 574990K->491775K(702464K), 0.0100009 secs] [Times: user=0.09 sys=0.00, real=0.01 secs] 
2016-09-25T21:52:42.609-0400: 22.082: [GC (GCLocker Initiated GC) [PSYoungGen: 142627K->52175K(181248K)] 597161K->523415K(705536K), 0.0063670 secs] [Times: user=0.08 sys=0.00, real=0.01 secs] 
2016-09-25T21:52:42.692-0400: 22.165: [GC (GCLocker Initiated GC) [PSYoungGen: 157135K->46900K(181760K)] 641904K->532112K(706048K), 0.0071070 secs] [Times: user=0.10 sys=0.00, real=0.01 secs] 
2016-09-25T21:52:42.771-0400: 22.244: [GC (GCLocker Initiated GC) [PSYoungGen: 151860K->44113K(184320K)] 639847K->540696K(708608K), 0.0054450 secs] [Times: user=0.05 sys=0.00, real=0.01 secs] 
2016-09-25T21:52:42.777-0400: 22.250: [Full GC (Ergonomics) [PSYoungGen: 44113K->0K(184320K)] [ParOldGen: 496583K->115030K(524288K)] 540696K->115030K(708608K), [Metaspace: 43278K->43278K(1085440K)], 0.0590211 secs] [Times: user=0.46 sys=0.00, real=0.06 secs] 
2016-09-25T21:52:42.906-0400: 22.379: [GC (GCLocker Initiated GC) [PSYoungGen: 109056K->40303K(184832K)] 235100K->166347K(709120K), 0.0076794 secs] [Times: user=0.06 sys=0.00, real=0.00 secs] 
2016-09-25T21:52:42.993-0400: 22.466: [GC (GCLocker Initiated GC) [PSYoungGen: 149359K->52253K(182272K)] 283532K->189933K(706560K), 0.0049844 secs] [Times: user=0.06 sys=0.00, real=0.01 secs] 
2016-09-25T21:52:43.062-0400: 22.535: [GC (GCLocker Initiated GC) [PSYoungGen: 163357K->67178K(184320K)] 306474K->210768K(708608K), 0.0057436 secs] [Times: user=0.05 sys=0.01, real=0.01 secs] 
2016-09-25T21:52:43.160-0400: 22.633: [GC (GCLocker Initiated GC) [PSYoungGen: 178282K->29327K(181248K)] 336725K->196386K(705536K), 0.0120580 secs] [Times: user=0.14 sys=0.00, real=0.01 secs] 
2016-09-25T21:52:43.233-0400: 22.706: [GC (GCLocker Initiated GC) [PSYoungGen: 133775K->61612K(166400K)] 300867K->237397K(690688K), 0.0090919 secs] [Times: user=0.11 sys=0.00, real=0.02 secs] 
2016-09-25T21:52:43.316-0400: 22.789: [GC (GCLocker Initiated GC) [PSYoungGen: 166060K->40146K(182784K)] 343187K->239255K(707072K), 0.0080453 secs] [Times: user=0.09 sys=0.00, real=0.01 secs] 
2016-09-25T21:52:43.390-0400: 22.863: [GC (GCLocker Initiated GC) [PSYoungGen: 143058K->65756K(168960K)] 342239K->287029K(693248K), 0.0081774 secs] [Times: user=0.08 sys=0.00, real=0.01 secs] 
2016-09-25T21:52:43.471-0400: 22.944: [GC (GCLocker Initiated GC) [PSYoungGen: 168668K->55040K(182272K)] 398166K->285014K(706560K), 0.0051784 secs] [Times: user=0.06 sys=0.00, real=0.01 secs] 
2016-09-25T21:52:43.549-0400: 23.022: [GC (GCLocker Initiated GC) [PSYoungGen: 155392K->62919K(180224K)] 385566K->293557K(704512K), 0.0192672 secs] [Times: user=0.21 sys=0.01, real=0.02 secs] 
2016-09-25T21:52:43.634-0400: 23.107: [GC (GCLocker Initiated GC) [PSYoungGen: 163271K->59031K(181760K)] 404790K->314540K(706048K), 0.0069023 secs] [Times: user=0.09 sys=0.01, real=0.00 secs] 
2016-09-25T21:52:43.711-0400: 23.184: [GC (GCLocker Initiated GC) [PSYoungGen: 159895K->64449K(165376K)] 418167K->342186K(689664K), 0.0065536 secs] [Times: user=0.09 sys=0.00, real=0.01 secs] 
2016-09-25T21:52:43.790-0400: 23.263: [GC (GCLocker Initiated GC) [PSYoungGen: 165313K->37487K(179712K)] 452239K->341060K(704000K), 0.0164038 secs] [Times: user=0.24 sys=0.00, real=0.02 secs] 
2016-09-25T21:52:43.873-0400: 23.346: [GC (GCLocker Initiated GC) [PSYoungGen: 135791K->43976K(142336K)] 444842K->367012K(666624K), 0.0198718 secs] [Times: user=0.20 sys=0.00, real=0.02 secs] 
2016-09-25T21:52:43.945-0400: 23.419: [GC (GCLocker Initiated GC) [PSYoungGen: 142280K->53456K(182272K)] 465364K->387740K(706560K), 0.0074587 secs] [Times: user=0.06 sys=0.00, real=0.00 secs] 
2016-09-25T21:52:44.016-0400: 23.489: [GC (GCLocker Initiated GC) [PSYoungGen: 154832K->41405K(179712K)] 490098K->385161K(704000K), 0.0146959 secs] [Times: user=0.16 sys=0.00, real=0.01 secs] 
2016-09-25T21:52:44.097-0400: 23.570: [GC (GCLocker Initiated GC) [PSYoungGen: 142781K->27748K(179712K)] 490786K->395054K(704000K), 0.0144428 secs] [Times: user=0.17 sys=0.00, real=0.01 secs] 
2016-09-25T21:52:44.173-0400: 23.646: [GC (GCLocker Initiated GC) [PSYoungGen: 129636K->64343K(166400K)] 496979K->448386K(690688K), 0.0064657 secs] [Times: user=0.07 sys=0.00, real=0.01 secs] 
2016-09-25T21:52:44.257-0400: 23.731: [GC (GCLocker Initiated GC) [PSYoungGen: 166231K->41446K(181760K)] 558429K->469142K(706048K), 0.0124408 secs] [Times: user=0.18 sys=0.00, real=0.01 secs] 
2016-09-25T21:52:44.335-0400: 23.808: [GC (GCLocker Initiated GC) [PSYoungGen: 141286K->45327K(145408K)] 575928K->499335K(669696K), 0.0074316 secs] [Times: user=0.06 sys=0.00, real=0.01 secs] 
2016-09-25T21:52:44.414-0400: 23.887: [GC (GCLocker Initiated GC) [PSYoungGen: 145167K->26422K(176640K)] 603445K->490541K(700928K), 0.0139044 secs] [Times: user=0.15 sys=0.00, real=0.02 secs] 
2016-09-25T21:52:44.483-0400: 23.956: [GC (GCLocker Initiated GC) [PSYoungGen: 125238K->61653K(177664K)] 592124K->529000K(701952K), 0.0091712 secs] [Times: user=0.09 sys=0.00, real=0.00 secs] 
2016-09-25T21:52:44.557-0400: 24.031: [GC (GCLocker Initiated GC) [PSYoungGen: 160469K->53700K(181760K)] 630572K->537670K(706048K), 0.0092347 secs] [Times: user=0.10 sys=0.01, real=0.01 secs] 
2016-09-25T21:52:44.643-0400: 24.116: [GC (GCLocker Initiated GC) [PSYoungGen: 154564K->59102K(180736K)] 643987K->573304K(705024K), 0.0067719 secs] [Times: user=0.09 sys=0.00, real=0.00 secs] 
2016-09-25T21:52:44.650-0400: 24.123: [Full GC (Ergonomics) [PSYoungGen: 59102K->0K(180736K)] [ParOldGen: 514202K->129579K(524288K)] 573304K->129579K(705024K), [Metaspace: 43291K->43291K(1085440K)], 0.0600478 secs] [Times: user=0.32 sys=0.00, real=0.06 secs] 
2016-09-25T21:52:44.782-0400: 24.255: [GC (GCLocker Initiated GC) [PSYoungGen: 100864K->57932K(181760K)] 238676K->195745K(706048K), 0.0054652 secs] [Times: user=0.06 sys=0.00, real=0.01 secs] 
2016-09-25T21:52:44.848-0400: 24.321: [GC (GCLocker Initiated GC) [PSYoungGen: 159308K->56353K(158208K)] 298549K->212514K(682496K), 0.0065748 secs] [Times: user=0.07 sys=0.00, real=0.01 secs] 
2016-09-25T21:52:44.917-0400: 24.390: [GC (GCLocker Initiated GC) [PSYoungGen: 157729K->53459K(183296K)] 314016K->229200K(707584K), 0.0101417 secs] [Times: user=0.14 sys=0.00, real=0.01 secs] 
2016-09-25T21:52:45.008-0400: 24.481: [GC (GCLocker Initiated GC) [PSYoungGen: 156883K->45515K(148992K)] 342128K->241969K(673280K), 0.0100743 secs] [Times: user=0.08 sys=0.01, real=0.01 secs] 
2016-09-25T21:52:45.090-0400: 24.563: [GC (GCLocker Initiated GC) [PSYoungGen: 148939K->56286K(181248K)] 345524K->253428K(705536K), 0.0076634 secs] [Times: user=0.05 sys=0.00, real=0.01 secs] 
2016-09-25T21:52:45.149-0400: 24.622: [GC (GCLocker Initiated GC) [PSYoungGen: 161246K->65774K(180736K)] 358461K->279644K(705024K), 0.0065868 secs] [Times: user=0.08 sys=0.00, real=0.01 secs] 
2016-09-25T21:52:45.219-0400: 24.693: [GC (GCLocker Initiated GC) [PSYoungGen: 170734K->61634K(181760K)] 387393K->292295K(706048K), 0.0092135 secs] [Times: user=0.08 sys=0.00, real=0.01 secs] 
2016-09-25T21:52:45.323-0400: 24.796: [GC (GCLocker Initiated GC) [PSYoungGen: 165058K->50956K(154624K)] 402573K->305130K(678912K), 0.0096986 secs] [Times: user=0.10 sys=0.00, real=0.00 secs] 
2016-09-25T21:52:45.388-0400: 24.861: [GC (GCLocker Initiated GC) [PSYoungGen: 154380K->71170K(176640K)] 411388K->336804K(700928K), 0.0064961 secs] [Times: user=0.08 sys=0.00, real=0.00 secs] 
2016-09-25T21:52:45.464-0400: 24.938: [GC (GCLocker Initiated GC) [PSYoungGen: 170498K->73798K(173568K)] 436191K->339893K(697856K), 0.0102454 secs] [Times: user=0.13 sys=0.00, real=0.01 secs] 
2016-09-25T21:52:45.559-0400: 25.032: [GC (GCLocker Initiated GC) [PSYoungGen: 173126K->56279K(179200K)] 439254K->341749K(703488K), 0.0087587 secs] [Times: user=0.13 sys=0.00, real=0.01 secs] 
2016-09-25T21:52:45.615-0400: 25.088: [GC (GCLocker Initiated GC) [PSYoungGen: 149975K->50864K(144896K)] 438257K->361187K(669184K), 0.0193351 secs] [Times: user=0.28 sys=0.01, real=4.60 secs] 
2016-09-25T21:52:50.285-0400: 29.758: [GC (GCLocker Initiated GC) [PSYoungGen: 144560K->46799K(176128K)] 461796K->383369K(700416K), 0.0164899 secs] [Times: user=0.15 sys=0.00, real=0.01 secs] 
2016-09-25T21:52:50.378-0400: 29.851: [GC (GCLocker Initiated GC) [PSYoungGen: 141519K->54936K(175104K)] 481643K->395519K(699392K), 0.0242479 secs] [Times: user=0.23 sys=0.02, real=0.03 secs] 
2016-09-25T21:52:50.477-0400: 29.950: [GC (GCLocker Initiated GC) [PSYoungGen: 149656K->49253K(180224K)] 490387K->406600K(704512K), 0.0107993 secs] [Times: user=0.08 sys=0.00, real=0.01 secs] 
2016-09-25T21:52:50.575-0400: 30.048: [GC (GCLocker Initiated GC) [PSYoungGen: 151141K->50775K(178688K)] 508675K->411358K(702976K), 0.0061371 secs] [Times: user=0.06 sys=0.00, real=0.00 secs] 
2016-09-25T21:52:50.656-0400: 30.129: [GC (GCLocker Initiated GC) [PSYoungGen: 152663K->41446K(181760K)] 529665K->429657K(706048K), 0.0102285 secs] [Times: user=0.10 sys=0.00, real=0.01 secs] 
2016-09-25T21:52:50.763-0400: 30.236: [GC (GCLocker Initiated GC) [PSYoungGen: 147942K->54901K(182272K)] 541226K->448691K(706560K), 0.0064705 secs] [Times: user=0.08 sys=0.00, real=0.00 secs] 
2016-09-25T21:52:50.845-0400: 30.318: [GC (GCLocker Initiated GC) [PSYoungGen: 161397K->63075K(183808K)] 560668K->484415K(708096K), 0.0154752 secs] [Times: user=0.19 sys=0.01, real=0.01 secs] 
2016-09-25T21:52:50.960-0400: 30.434: [GC (GCLocker Initiated GC) [PSYoungGen: 172643K->41347K(185344K)] 598211K->483594K(709632K), 0.0146022 secs] [Times: user=0.16 sys=0.00, real=0.02 secs] 
2016-09-25T21:52:51.050-0400: 30.524: [GC (GCLocker Initiated GC) [PSYoungGen: 150915K->39992K(186368K)] 598699K->498951K(710656K), 0.0074087 secs] [Times: user=0.06 sys=0.00, real=0.01 secs] 
2016-09-25T21:52:51.146-0400: 30.619: [GC (GCLocker Initiated GC) [PSYoungGen: 150584K->64230K(175104K)] 609592K->526380K(699392K), 0.0127494 secs] [Times: user=0.10 sys=0.00, real=0.01 secs] 
2016-09-25T21:52:51.231-0400: 30.704: [GC (GCLocker Initiated GC) [PSYoungGen: 174822K->52169K(186368K)] 639851K->520286K(710656K), 0.0086609 secs] [Times: user=0.10 sys=0.00, real=0.01 secs] 
2016-09-25T21:52:51.328-0400: 30.802: [GC (GCLocker Initiated GC) [PSYoungGen: 160713K->41344K(150016K)] 630219K->524827K(674304K), 0.0121725 secs] [Times: user=0.12 sys=0.00, real=0.01 secs] 
2016-09-25T21:52:51.432-0400: 30.905: [Full GC (Ergonomics) [PSYoungGen: 149888K->0K(150016K)] [ParOldGen: 495714K->144373K(524288K)] 645602K->144373K(674304K), [Metaspace: 43294K->43294K(1085440K)], 0.0966209 secs] [Times: user=0.51 sys=0.02, real=0.10 secs] 
2016-09-25T21:52:51.622-0400: 31.096: [GC (GCLocker Initiated GC) [PSYoungGen: 108544K->71126K(176640K)] 253017K->215600K(700928K), 0.0174957 secs] [Times: user=0.22 sys=0.00, real=0.01 secs] 
2016-09-25T21:52:51.707-0400: 31.180: [GC (GCLocker Initiated GC) [PSYoungGen: 172502K->46831K(181760K)] 321064K->198515K(706048K), 0.0065651 secs] [Times: user=0.06 sys=0.00, real=0.00 secs] 
2016-09-25T21:52:51.790-0400: 31.263: [GC (GCLocker Initiated GC) [PSYoungGen: 148207K->53460K(175104K)] 302607K->213751K(699392K), 0.0143263 secs] [Times: user=0.20 sys=0.00, real=0.02 secs] 
2016-09-25T21:52:51.887-0400: 31.361: [GC (GCLocker Initiated GC) [PSYoungGen: 156372K->50868K(179200K)] 330349K->238747K(703488K), 0.0202960 secs] [Times: user=0.25 sys=0.02, real=0.02 secs] 
2016-09-25T21:52:51.981-0400: 31.455: [GC (GCLocker Initiated GC) [PSYoungGen: 153780K->62975K(184832K)] 345907K->255531K(709120K), 0.0092603 secs] [Times: user=0.11 sys=0.00, real=0.01 secs] 
2016-09-25T21:52:52.083-0400: 31.556: [GC (GCLocker Initiated GC) [PSYoungGen: 173567K->63049K(174080K)] 368969K->269646K(698368K), 0.0116037 secs] [Times: user=0.08 sys=0.00, real=0.01 secs] 
2016-09-25T21:52:52.171-0400: 31.644: [GC (GCLocker Initiated GC) [PSYoungGen: 173641K->60286K(184832K)] 387023K->274113K(709120K), 0.0054272 secs] [Times: user=0.07 sys=0.00, real=0.01 secs] 
2016-09-25T21:52:52.259-0400: 31.732: [GC (GCLocker Initiated GC) [PSYoungGen: 167806K->52290K(160256K)] 388741K->276363K(684544K), 0.0134059 secs] [Times: user=0.18 sys=0.01, real=0.01 secs] 
2016-09-25T21:52:52.359-0400: 31.832: [GC (GCLocker Initiated GC) [PSYoungGen: 159810K->49374K(183808K)] 390770K->280868K(708096K), 0.0102074 secs] [Times: user=0.10 sys=0.01, real=0.01 secs] 
2016-09-25T21:52:52.461-0400: 31.934: [GC (GCLocker Initiated GC) [PSYoungGen: 157918K->54849K(182784K)] 389498K->303012K(707072K), 0.0153798 secs] [Times: user=0.20 sys=0.00, real=0.02 secs] 
2016-09-25T21:52:52.578-0400: 32.051: [GC (GCLocker Initiated GC) [PSYoungGen: 163393K->45271K(185856K)] 412933K->297896K(710144K), 0.0135290 secs] [Times: user=0.08 sys=0.00, real=0.01 secs] 
2016-09-25T21:52:52.677-0400: 32.150: [GC (GCLocker Initiated GC) [PSYoungGen: 158423K->35949K(185344K)] 419181K->316024K(709632K), 0.0071872 secs] [Times: user=0.06 sys=0.00, real=0.01 secs] 
2016-09-25T21:52:52.771-0400: 32.245: [GC (GCLocker Initiated GC) [PSYoungGen: 149101K->52194K(187904K)] 429381K->338259K(712192K), 0.0250058 secs] [Times: user=0.25 sys=0.01, real=0.03 secs] 
2016-09-25T21:52:52.893-0400: 32.366: [GC (GCLocker Initiated GC) [PSYoungGen: 168930K->23820K(140800K)] 455031K->318540K(665088K), 0.0194896 secs] [Times: user=0.26 sys=0.00, real=0.02 secs] 
2016-09-25T21:52:53.011-0400: 32.484: [GC (GCLocker Initiated GC) [PSYoungGen: 140556K->39917K(188928K)] 435862K->354497K(713216K), 0.0287641 secs] [Times: user=0.29 sys=0.00, real=0.03 secs] 
2016-09-25T21:52:53.129-0400: 32.602: [GC (GCLocker Initiated GC) [PSYoungGen: 154605K->31773K(187904K)] 473472K->369988K(712192K), 0.0076709 secs] [Times: user=0.06 sys=0.01, real=0.01 secs] 
2016-09-25T21:52:53.238-0400: 32.711: [GC (GCLocker Initiated GC) [PSYoungGen: 146461K->42574K(185344K)] 487591K->392215K(709632K), 0.0097806 secs] [Times: user=0.09 sys=0.00, real=0.01 secs] 
2016-09-25T21:52:53.351-0400: 32.824: [GC (GCLocker Initiated GC) [PSYoungGen: 157774K->31991K(186880K)] 526543K->401203K(711168K), 0.0088905 secs] [Times: user=0.09 sys=0.01, real=0.01 secs] 
2016-09-25T21:52:53.456-0400: 32.929: [GC (GCLocker Initiated GC) [PSYoungGen: 147191K->64367K(181248K)] 516482K->434167K(705536K), 0.0153213 secs] [Times: user=0.15 sys=0.01, real=0.01 secs] 
2016-09-25T21:52:53.553-0400: 33.026: [GC (GCLocker Initiated GC) [PSYoungGen: 173935K->49390K(185856K)] 543741K->433057K(710144K), 0.0072996 secs] [Times: user=0.07 sys=0.00, real=0.01 secs] 
2016-09-25T21:52:53.627-0400: 33.100: [GC (GCLocker Initiated GC) [PSYoungGen: 158958K->42556K(179712K)] 550970K->434958K(704000K), 0.0160547 secs] [Times: user=0.15 sys=0.00, real=0.02 secs] 
2016-09-25T21:52:53.732-0400: 33.205: [GC (GCLocker Initiated GC) [PSYoungGen: 154172K->27662K(183808K)] 549285K->431309K(708096K), 0.0100722 secs] [Times: user=0.08 sys=0.00, real=0.01 secs] 
2016-09-25T21:52:53.817-0400: 33.290: [GC (GCLocker Initiated GC) [PSYoungGen: 139278K->54823K(187392K)] 546980K->462939K(711680K), 0.0221253 secs] [Times: user=0.28 sys=0.00, real=0.02 secs] 
2016-09-25T21:52:53.911-0400: 33.384: [GC (GCLocker Initiated GC) [PSYoungGen: 169511K->38476K(153600K)] 583176K->452540K(677888K), 0.0087472 secs] [Times: user=0.06 sys=0.01, real=0.01 secs] 
2016-09-25T21:52:54.032-0400: 33.505: [GC (GCLocker Initiated GC) [PSYoungGen: 153164K->35937K(188928K)] 579415K->462643K(713216K), 0.0228918 secs] [Times: user=0.18 sys=0.01, real=0.03 secs] 
2016-09-25T21:52:54.147-0400: 33.620: [GC (GCLocker Initiated GC) [PSYoungGen: 152673K->52029K(187904K)] 579394K->490011K(712192K), 0.0189003 secs] [Times: user=0.18 sys=0.00, real=0.02 secs] 
2016-09-25T21:52:54.287-0400: 33.760: [GC (GCLocker Initiated GC) [PSYoungGen: 168765K->48056K(189952K)] 613695K->493371K(714240K), 0.0132361 secs] [Times: user=0.13 sys=0.00, real=0.01 secs] 
2016-09-25T21:52:54.393-0400: 33.867: [GC (GCLocker Initiated GC) [PSYoungGen: 167864K->45356K(165376K)] 618646K->496609K(689664K), 0.0311969 secs] [Times: user=0.35 sys=0.01, real=0.04 secs] 
2016-09-25T21:52:54.551-0400: 34.024: [GC (GCLocker Initiated GC) [PSYoungGen: 165164K->50885K(189440K)] 616509K->505339K(713728K), 0.0189262 secs] [Times: user=0.18 sys=0.02, real=0.02 secs] 
2016-09-25T21:52:54.659-0400: 34.132: [GC (Allocation Failure) [PSYoungGen: 172741K->34582K(189440K)] 635517K->508613K(713728K), 0.0182612 secs] [Times: user=0.18 sys=0.02, real=0.02 secs] 
2016-09-25T21:52:54.802-0400: 34.275: [GC (GCLocker Initiated GC) [PSYoungGen: 155857K->37199K(193024K)] 635288K->517157K(717312K), 0.0136963 secs] [Times: user=0.14 sys=0.00, real=0.01 secs] 
2016-09-25T21:52:54.929-0400: 34.402: [GC (GCLocker Initiated GC) [PSYoungGen: 164687K->33251K(193536K)] 647359K->516280K(717824K), 0.0208676 secs] [Times: user=0.22 sys=0.01, real=0.02 secs] 
2016-09-25T21:52:55.053-0400: 34.526: [GC (GCLocker Initiated GC) [PSYoungGen: 160739K->65722K(183808K)] 643804K->557394K(708096K), 0.0123136 secs] [Times: user=0.13 sys=0.00, real=0.02 secs] 
2016-09-25T21:52:55.156-0400: 34.629: [GC (GCLocker Initiated GC) [PSYoungGen: 183482K->52247K(189952K)] 684756K->575571K(714240K), 0.0204154 secs] [Times: user=0.24 sys=0.00, real=0.02 secs] 
2016-09-25T21:52:55.178-0400: 34.651: [Full GC (Ergonomics) [PSYoungGen: 52247K->0K(189952K)] [ParOldGen: 523324K->151840K(524288K)] 575571K->151840K(714240K), [Metaspace: 43315K->43315K(1085440K)], 0.0894844 secs] [Times: user=0.44 sys=0.01, real=0.09 secs] 
2016-09-25T21:52:55.359-0400: 34.832: [GC (GCLocker Initiated GC) [PSYoungGen: 117760K->60578K(184832K)] 275050K->217869K(709120K), 0.0140228 secs] [Times: user=0.18 sys=0.01, real=0.01 secs] 
2016-09-25T21:52:55.468-0400: 34.941: [GC (GCLocker Initiated GC) [PSYoungGen: 173218K->45452K(187392K)] 338831K->230703K(711680K), 0.0084712 secs] [Times: user=0.08 sys=0.00, real=0.01 secs] 
2016-09-25T21:52:55.556-0400: 35.029: [GC (GCLocker Initiated GC) [PSYoungGen: 158092K->49553K(182784K)] 350162K->252885K(707072K), 0.0145108 secs] [Times: user=0.15 sys=0.00, real=0.01 secs] 
2016-09-25T21:52:55.647-0400: 35.120: [GC (GCLocker Initiated GC) [PSYoungGen: 164241K->56360K(185344K)] 367644K->271005K(709632K), 0.0065488 secs] [Times: user=0.07 sys=0.00, real=0.00 secs] 
2016-09-25T21:52:55.762-0400: 35.236: [GC (GCLocker Initiated GC) [PSYoungGen: 171048K->40136K(190464K)] 392448K->261990K(714752K), 0.0080221 secs] [Times: user=0.09 sys=0.00, real=0.00 secs] 
2016-09-25T21:52:55.856-0400: 35.330: [GC (GCLocker Initiated GC) [PSYoungGen: 159944K->53668K(190464K)] 392632K->286798K(714752K), 0.0072963 secs] [Times: user=0.08 sys=0.00, real=0.01 secs] 
2016-09-25T21:52:55.947-0400: 35.420: [GC (GCLocker Initiated GC) [PSYoungGen: 173476K->68532K(180224K)] 409373K->321127K(704512K), 0.0073647 secs] [Times: user=0.09 sys=0.00, real=0.01 secs] 
2016-09-25T21:52:56.045-0400: 35.518: [GC (GCLocker Initiated GC) [PSYoungGen: 178100K->37312K(185856K)] 438885K->328277K(710144K), 0.0128394 secs] [Times: user=0.16 sys=0.00, real=0.01 secs] 
2016-09-25T21:52:56.138-0400: 35.612: [GC (GCLocker Initiated GC) [PSYoungGen: 146880K->34461K(185344K)] 443337K->342124K(709632K), 0.0124337 secs] [Times: user=0.08 sys=0.00, real=0.01 secs] 
2016-09-25T21:52:56.239-0400: 35.713: [GC (GCLocker Initiated GC) [PSYoungGen: 144541K->34633K(185856K)] 454927K->367114K(710144K), 0.0214571 secs] [Times: user=0.27 sys=0.01, real=0.02 secs] 
2016-09-25T21:52:56.351-0400: 35.825: [GC (GCLocker Initiated GC) [PSYoungGen: 144713K->54909K(185344K)] 485385K->396000K(709632K), 0.0127974 secs] [Times: user=0.13 sys=0.00, real=0.02 secs] 
2016-09-25T21:52:56.453-0400: 35.926: [GC (GCLocker Initiated GC) [PSYoungGen: 165501K->46775K(157696K)] 512006K->393788K(681984K), 0.0093763 secs] [Times: user=0.09 sys=0.00, real=0.01 secs] 
2016-09-25T21:52:56.538-0400: 36.012: [GC (GCLocker Initiated GC) [PSYoungGen: 157367K->63062K(181760K)] 504410K->410572K(706048K), 0.0122184 secs] [Times: user=0.14 sys=0.01, real=0.01 secs] 
2016-09-25T21:52:56.647-0400: 36.120: [GC (GCLocker Initiated GC) [PSYoungGen: 172118K->38866K(184832K)] 523739K->407153K(709120K), 0.0194416 secs] [Times: user=0.24 sys=0.00, real=0.02 secs] 
2016-09-25T21:52:56.760-0400: 36.233: [GC (GCLocker Initiated GC) [PSYoungGen: 147922K->37188K(184320K)] 520172K->418004K(708608K), 0.0153289 secs] [Times: user=0.12 sys=0.01, real=0.02 secs] 
2016-09-25T21:52:56.846-0400: 36.319: [GC (GCLocker Initiated GC) [PSYoungGen: 148804K->61681K(173568K)] 529735K->443038K(697856K), 0.0131608 secs] [Times: user=0.16 sys=0.01, real=0.01 secs] 
2016-09-25T21:52:56.928-0400: 36.401: [GC (GCLocker Initiated GC) [PSYoungGen: 173297K->45345K(187904K)] 557436K->440710K(712192K), 0.0124897 secs] [Times: user=0.14 sys=0.00, real=0.01 secs] 
2016-09-25T21:52:57.027-0400: 36.501: [GC (GCLocker Initiated GC) [PSYoungGen: 156449K->41366K(152576K)] 554591K->461527K(676864K), 0.0137451 secs] [Times: user=0.13 sys=0.00, real=0.01 secs] 
2016-09-25T21:52:57.120-0400: 36.593: [GC (GCLocker Initiated GC) [PSYoungGen: 152470K->45437K(185856K)] 590370K->483827K(710144K), 0.0138120 secs] [Times: user=0.12 sys=0.02, real=0.01 secs] 
2016-09-25T21:52:57.226-0400: 36.699: [GC (GCLocker Initiated GC) [PSYoungGen: 158589K->38862K(183808K)] 609301K->490061K(708096K), 0.0130557 secs] [Times: user=0.12 sys=0.00, real=0.01 secs] 
2016-09-25T21:52:57.325-0400: 36.798: [GC (GCLocker Initiated GC) [PSYoungGen: 152014K->64426K(183296K)] 605941K->518863K(707584K), 0.0105997 secs] [Times: user=0.13 sys=0.01, real=0.01 secs] 
2016-09-25T21:52:57.422-0400: 36.895: [GC (GCLocker Initiated GC) [PSYoungGen: 178090K->38488K(187904K)] 639356K->505561K(712192K), 0.0217689 secs] [Times: user=0.22 sys=0.00, real=0.02 secs] 
2016-09-25T21:52:57.530-0400: 37.004: [GC (GCLocker Initiated GC) [PSYoungGen: 152152K->37207K(184832K)] 619259K->526410K(709120K), 0.0216733 secs] [Times: user=0.21 sys=0.00, real=0.02 secs] 
2016-09-25T21:52:57.627-0400: 37.101: [GC (GCLocker Initiated GC) [PSYoungGen: 151895K->49681K(186880K)] 641958K->548264K(711168K), 0.0074511 secs] [Times: user=0.06 sys=0.00, real=0.01 secs] 
2016-09-25T21:52:57.635-0400: 37.108: [Full GC (Ergonomics) [PSYoungGen: 49681K->0K(186880K)] [ParOldGen: 498583K->154621K(524288K)] 548264K->154621K(711168K), [Metaspace: 43451K->43451K(1085440K)], 0.0733629 secs] [Times: user=0.46 sys=0.01, real=0.07 secs] 
2016-09-25T21:52:57.793-0400: 37.267: [GC (GCLocker Initiated GC) [PSYoungGen: 114688K->65858K(181760K)] 272144K->223315K(706048K), 0.0116493 secs] [Times: user=0.15 sys=0.02, real=0.02 secs] 
2016-09-25T21:52:57.900-0400: 37.374: [GC (GCLocker Initiated GC) [PSYoungGen: 176450K->52236K(186368K)] 342041K->229197K(710656K), 0.0149419 secs] [Times: user=0.18 sys=0.00, real=0.02 secs] 
2016-09-25T21:52:57.999-0400: 37.472: [GC (GCLocker Initiated GC) [PSYoungGen: 162828K->52263K(182784K)] 349299K->239150K(707072K), 0.0066093 secs] [Times: user=0.08 sys=0.00, real=0.01 secs] 
2016-09-25T21:52:58.088-0400: 37.561: [GC (GCLocker Initiated GC) [PSYoungGen: 164391K->50725K(185344K)] 359575K->265244K(709632K), 0.0133623 secs] [Times: user=0.13 sys=0.00, real=0.01 secs] 
2016-09-25T21:52:58.198-0400: 37.671: [GC (GCLocker Initiated GC) [PSYoungGen: 162853K->60393K(187392K)] 377596K->286358K(711680K), 0.0149864 secs] [Times: user=0.21 sys=0.02, real=0.01 secs] 
2016-09-25T21:52:58.302-0400: 37.775: [GC (GCLocker Initiated GC) [PSYoungGen: 176105K->49691K(165888K)] 407623K->292482K(690176K), 0.0137991 secs] [Times: user=0.18 sys=0.00, real=0.01 secs] 
2016-09-25T21:52:58.392-0400: 37.865: [GC (GCLocker Initiated GC) [PSYoungGen: 165403K->69834K(180736K)] 408265K->324084K(705024K), 0.0147432 secs] [Times: user=0.16 sys=0.01, real=0.02 secs] 
2016-09-25T21:52:58.496-0400: 37.969: [GC (Allocation Failure) [PSYoungGen: 179402K->48163K(185856K)] 433710K->327235K(710144K), 0.0096168 secs] [Times: user=0.10 sys=0.00, real=0.01 secs] 
2016-09-25T21:52:58.506-0400: 37.979: [GC (GCLocker Initiated GC) [PSYoungGen: 48624K->64K(174080K)] 327696K->343187K(698368K), 0.0078586 secs] [Times: user=0.09 sys=0.01, real=0.00 secs] 
2016-09-25T21:52:58.588-0400: 38.062: [GC (GCLocker Initiated GC) [PSYoungGen: 97982K->55268K(180736K)] 443806K->401092K(705024K), 0.0257817 secs] [Times: user=0.28 sys=0.00, real=0.03 secs] 
2016-09-25T21:52:58.710-0400: 38.184: [GC (GCLocker Initiated GC) [PSYoungGen: 154596K->34614K(178176K)] 509993K->394880K(702464K), 0.0409103 secs] [Times: user=0.39 sys=0.01, real=0.04 secs] 
2016-09-25T21:52:58.818-0400: 38.291: [GC (GCLocker Initiated GC) [PSYoungGen: 134454K->61422K(179712K)] 494886K->425034K(704000K), 0.0170637 secs] [Times: user=0.17 sys=0.01, real=0.02 secs] 
2016-09-25T21:52:58.919-0400: 38.392: [GC (GCLocker Initiated GC) [PSYoungGen: 161262K->45358K(179200K)] 527579K->412011K(703488K), 0.0133874 secs] [Times: user=0.13 sys=0.00, real=0.01 secs] 
2016-09-25T21:52:59.003-0400: 38.476: [GC (GCLocker Initiated GC) [PSYoungGen: 145710K->58991K(179712K)] 515123K->428876K(704000K), 0.0142938 secs] [Times: user=0.13 sys=0.00, real=0.01 secs] 
2016-09-25T21:52:59.089-0400: 38.562: [GC (GCLocker Initiated GC) [PSYoungGen: 159343K->38610K(180736K)] 537390K->422620K(705024K), 0.0254896 secs] [Times: user=0.26 sys=0.00, real=0.03 secs] 
2016-09-25T21:52:59.226-0400: 38.699: [GC (GCLocker Initiated GC) [PSYoungGen: 141010K->48290K(151040K)] 527833K->451923K(675328K), 0.0270135 secs] [Times: user=0.28 sys=0.01, real=0.02 secs] 
2016-09-25T21:52:59.340-0400: 38.813: [GC (GCLocker Initiated GC) [PSYoungGen: 150690K->50993K(182272K)] 562460K->463291K(706560K), 0.0144051 secs] [Times: user=0.17 sys=0.00, real=0.02 secs] 
2016-09-25T21:52:59.479-0400: 38.952: [GC (GCLocker Initiated GC) [PSYoungGen: 157489K->25531K(180736K)] 578002K->471115K(705024K), 0.0129961 secs] [Times: user=0.11 sys=0.00, real=0.01 secs] 
2016-09-25T21:52:59.565-0400: 39.038: [GC (GCLocker Initiated GC) [PSYoungGen: 132027K->27976K(186368K)] 579805K->509041K(710656K), 0.0393020 secs] [Times: user=0.42 sys=0.01, real=0.04 secs] 
2016-09-25T21:52:59.605-0400: 39.078: [Full GC (Ergonomics) [PSYoungGen: 27976K->0K(186368K)] [ParOldGen: 481065K->161246K(524288K)] 509041K->161246K(710656K), [Metaspace: 43454K->43454K(1085440K)], 0.0968239 secs] [Times: user=0.40 sys=0.01, real=0.09 secs] 
2016-09-25T21:52:59.787-0400: 39.260: [GC (GCLocker Initiated GC) [PSYoungGen: 110592K->42221K(153088K)] 279956K->211586K(677376K), 0.0288328 secs] [Times: user=0.26 sys=0.02, real=0.03 secs] 
2016-09-25T21:52:59.942-0400: 39.415: [GC (GCLocker Initiated GC) [PSYoungGen: 152813K->33417K(184320K)] 331770K->215108K(708608K), 0.0141377 secs] [Times: user=0.11 sys=0.00, real=0.02 secs] 
2016-09-25T21:53:00.065-0400: 39.538: [GC (GCLocker Initiated GC) [PSYoungGen: 145033K->26670K(183296K)] 333764K->216178K(707584K), 0.0138785 secs] [Times: user=0.08 sys=0.02, real=0.01 secs] 
2016-09-25T21:53:00.168-0400: 39.642: [GC (GCLocker Initiated GC) [PSYoungGen: 138286K->58078K(184320K)] 333209K->253798K(708608K), 0.0181947 secs] [Times: user=0.16 sys=0.01, real=0.02 secs] 
2016-09-25T21:53:00.312-0400: 39.785: [GC (GCLocker Initiated GC) [PSYoungGen: 170718K->36187K(187392K)] 370522K->236773K(711680K), 0.0332176 secs] [Times: user=0.32 sys=0.01, real=0.04 secs] 
2016-09-25T21:53:00.426-0400: 39.899: [GC (GCLocker Initiated GC) [PSYoungGen: 148827K->22789K(187392K)] 358932K->244494K(711680K), 0.0153122 secs] [Times: user=0.14 sys=0.00, real=0.01 secs] 
2016-09-25T21:53:00.587-0400: 40.060: [GC (GCLocker Initiated GC) [PSYoungGen: 137477K->30790K(187904K)] 368659K->262849K(712192K), 0.0099459 secs] [Times: user=0.07 sys=0.00, real=0.01 secs] 
2016-09-25T21:53:00.881-0400: 40.354: [GC (GCLocker Initiated GC) [PSYoungGen: 145478K->47142K(188416K)] 377796K->280278K(712704K), 0.0282441 secs] [Times: user=0.23 sys=0.00, real=0.03 secs] 
2016-09-25T21:53:01.010-0400: 40.483: [GC (GCLocker Initiated GC) [PSYoungGen: 163878K->44599K(187904K)] 414752K->296237K(712192K), 0.0210994 secs] [Times: user=0.22 sys=0.00, real=0.02 secs] 
2016-09-25T21:53:01.148-0400: 40.621: [GC (GCLocker Initiated GC) [PSYoungGen: 161335K->37591K(188928K)] 422493K->299656K(713216K), 0.0197116 secs] [Times: user=0.15 sys=0.01, real=0.02 secs] 
2016-09-25T21:53:01.276-0400: 40.750: [GC (GCLocker Initiated GC) [PSYoungGen: 158935K->37728K(188928K)] 435961K->320944K(713216K), 0.0186710 secs] [Times: user=0.19 sys=0.01, real=0.02 secs] 
2016-09-25T21:53:01.387-0400: 40.861: [GC (GCLocker Initiated GC) [PSYoungGen: 159072K->59119K(187392K)] 442335K->343341K(711680K), 0.0134704 secs] [Times: user=0.15 sys=0.00, real=0.01 secs] 
2016-09-25T21:53:01.487-0400: 40.960: [GC (GCLocker Initiated GC) [PSYoungGen: 181487K->47105K(192000K)] 469962K->341609K(716288K), 0.0154327 secs] [Times: user=0.13 sys=0.00, real=0.01 secs] 
2016-09-25T21:53:01.616-0400: 41.089: [GC (GCLocker Initiated GC) [PSYoungGen: 169473K->35090K(189440K)] 482940K->349506K(713728K), 0.0142610 secs] [Times: user=0.16 sys=0.00, real=0.01 secs] 
2016-09-25T21:53:01.733-0400: 41.206: [GC (GCLocker Initiated GC) [PSYoungGen: 158994K->30653K(191488K)] 475157K->347597K(715776K), 0.0116228 secs] [Times: user=0.09 sys=0.00, real=0.02 secs] 
2016-09-25T21:53:01.827-0400: 41.300: [GC (GCLocker Initiated GC) [PSYoungGen: 154557K->53723K(190464K)] 471505K->371416K(714752K), 0.0240623 secs] [Times: user=0.26 sys=0.00, real=0.02 secs] 
2016-09-25T21:53:01.954-0400: 41.428: [GC (GCLocker Initiated GC) [PSYoungGen: 177627K->41556K(193024K)] 510336K->374826K(717312K), 0.0262659 secs] [Times: user=0.26 sys=0.00, real=0.02 secs] 
2016-09-25T21:53:02.088-0400: 41.561: [GC (GCLocker Initiated GC) [PSYoungGen: 165460K->50963K(192000K)] 498736K->398416K(716288K), 0.0140057 secs] [Times: user=0.15 sys=0.00, real=0.01 secs] 
2016-09-25T21:53:02.188-0400: 41.661: [GC (GCLocker Initiated GC) [PSYoungGen: 176403K->61861K(187392K)] 523927K->409958K(711680K), 0.0092256 secs] [Times: user=0.13 sys=0.00, real=0.01 secs] 
2016-09-25T21:53:02.284-0400: 41.757: [GC (GCLocker Initiated GC) [PSYoungGen: 187301K->48389K(191488K)] 543648K->405367K(715776K), 0.0058999 secs] [Times: user=0.06 sys=0.00, real=0.00 secs] 
2016-09-25T21:53:02.382-0400: 41.855: [GC (GCLocker Initiated GC) [PSYoungGen: 167685K->41328K(160768K)] 530076K->404410K(685056K), 0.0157937 secs] [Times: user=0.14 sys=0.00, real=0.02 secs] 
2016-09-25T21:53:02.476-0400: 41.949: [GC (GCLocker Initiated GC) [PSYoungGen: 160624K->67231K(181248K)] 526520K->436391K(705536K), 0.0253493 secs] [Times: user=0.26 sys=0.01, real=0.02 secs] 
2016-09-25T21:53:02.591-0400: 42.064: [GC (GCLocker Initiated GC) [PSYoungGen: 179871K->52258K(187392K)] 551861K->438381K(711680K), 0.0171161 secs] [Times: user=0.17 sys=0.00, real=0.02 secs] 
2016-09-25T21:53:02.686-0400: 42.159: [GC (GCLocker Initiated GC) [PSYoungGen: 164898K->27930K(186368K)] 560636K->445818K(710656K), 0.0351911 secs] [Times: user=0.34 sys=0.02, real=0.03 secs] 
2016-09-25T21:53:02.832-0400: 42.306: [GC (GCLocker Initiated GC) [PSYoungGen: 140570K->40158K(153088K)] 569318K->469517K(677376K), 0.0079147 secs] [Times: user=0.05 sys=0.00, real=0.01 secs] 
2016-09-25T21:53:02.925-0400: 42.398: [GC (GCLocker Initiated GC) [PSYoungGen: 152798K->48218K(187904K)] 585081K->494617K(712192K), 0.0160866 secs] [Times: user=0.14 sys=0.00, real=0.01 secs] 
2016-09-25T21:53:03.041-0400: 42.514: [GC (GCLocker Initiated GC) [PSYoungGen: 163418K->25292K(186368K)] 620658K->483092K(710656K), 0.0237036 secs] [Times: user=0.20 sys=0.00, real=0.03 secs] 
2016-09-25T21:53:03.149-0400: 42.622: [GC (GCLocker Initiated GC) [PSYoungGen: 140492K->40144K(186880K)] 598341K->498706K(711168K), 0.0125492 secs] [Times: user=0.10 sys=0.02, real=0.01 secs] 
2016-09-25T21:53:03.248-0400: 42.722: [GC (GCLocker Initiated GC) [PSYoungGen: 158928K->41513K(188416K)] 624540K->507684K(712704K), 0.0173356 secs] [Times: user=0.17 sys=0.01, real=0.02 secs] 
2016-09-25T21:53:03.375-0400: 42.848: [GC (GCLocker Initiated GC) [PSYoungGen: 160297K->50894K(190976K)] 626549K->517783K(715264K), 0.0232627 secs] [Times: user=0.23 sys=0.01, real=0.02 secs] 
2016-09-25T21:53:03.477-0400: 42.950: [GC (GCLocker Initiated GC) [PSYoungGen: 174798K->66160K(190464K)] 644423K->544398K(714752K), 0.0279302 secs] [Times: user=0.26 sys=0.02, real=0.03 secs] 
2016-09-25T21:53:03.597-0400: 43.070: [GC (GCLocker Initiated GC) [PSYoungGen: 190064K->38830K(189440K)] 673835K->526073K(713728K), 0.0100291 secs] [Times: user=0.09 sys=0.00, real=0.01 secs] 
2016-09-25T21:53:03.687-0400: 43.160: [GC (GCLocker Initiated GC) [PSYoungGen: 156590K->38767K(156672K)] 648221K->544616K(680960K), 0.0610036 secs] [Times: user=0.58 sys=0.03, real=0.06 secs] 
2016-09-25T21:53:03.748-0400: 43.221: [Full GC (Ergonomics) [PSYoungGen: 38767K->0K(156672K)] [ParOldGen: 505849K->188483K(524288K)] 544616K->188483K(680960K), [Metaspace: 43479K->43479K(1085440K)], 0.1074668 secs] [Times: user=0.65 sys=0.01, real=0.11 secs] 
2016-09-25T21:53:03.956-0400: 43.429: [GC (GCLocker Initiated GC) [PSYoungGen: 117760K->61100K(184320K)] 308957K->252297K(708608K), 0.0112512 secs] [Times: user=0.10 sys=0.01, real=0.01 secs] 
2016-09-25T21:53:04.050-0400: 43.523: [GC (GCLocker Initiated GC) [PSYoungGen: 174764K->52392K(187904K)] 366148K->258480K(712192K), 0.0287929 secs] [Times: user=0.28 sys=0.00, real=0.03 secs] 
2016-09-25T21:53:04.164-0400: 43.637: [GC (GCLocker Initiated GC) [PSYoungGen: 166056K->36161K(185344K)] 374849K->259154K(709632K), 0.0118324 secs] [Times: user=0.12 sys=0.00, real=0.01 secs] 
2016-09-25T21:53:04.257-0400: 43.730: [GC (GCLocker Initiated GC) [PSYoungGen: 150337K->62023K(176640K)] 374478K->286857K(700928K), 0.0117510 secs] [Times: user=0.16 sys=0.00, real=0.01 secs] 
2016-09-25T21:53:04.349-0400: 43.822: [GC (GCLocker Initiated GC) [PSYoungGen: 176199K->37724K(187392K)] 409262K->287763K(711680K), 0.0102678 secs] [Times: user=0.15 sys=0.00, real=0.01 secs] 
2016-09-25T21:53:04.437-0400: 43.911: [GC (GCLocker Initiated GC) [PSYoungGen: 148828K->57808K(185856K)] 401721K->311510K(710144K), 0.0192068 secs] [Times: user=0.24 sys=0.00, real=0.02 secs] 
2016-09-25T21:53:04.586-0400: 44.059: [GC (GCLocker Initiated GC) [PSYoungGen: 168912K->59305K(182784K)] 422802K->313823K(707072K), 0.0087660 secs] [Times: user=0.10 sys=0.00, real=0.01 secs] 
2016-09-25T21:53:04.662-0400: 44.135: [GC (GCLocker Initiated GC) [PSYoungGen: 165801K->68596K(175104K)] 426108K->329637K(699392K), 0.0064372 secs] [Times: user=0.07 sys=0.00, real=0.01 secs] 
2016-09-25T21:53:04.793-0400: 44.266: [GC (GCLocker Initiated GC) [PSYoungGen: 175092K->44359K(181760K)] 436345K->317116K(706048K), 0.0115132 secs] [Times: user=0.12 sys=0.01, real=0.02 secs] 
2016-09-25T21:53:04.863-0400: 44.336: [GC (GCLocker Initiated GC) [PSYoungGen: 143687K->63304K(179712K)] 421853K->342174K(704000K), 0.0065900 secs] [Times: user=0.07 sys=0.01, real=0.00 secs] 
2016-09-25T21:53:04.949-0400: 44.422: [GC (GCLocker Initiated GC) [PSYoungGen: 162632K->56395K(180736K)] 441633K->344123K(705024K), 0.0232255 secs] [Times: user=0.29 sys=0.01, real=0.02 secs] 
2016-09-25T21:53:05.064-0400: 44.537: [GC (GCLocker Initiated GC) [PSYoungGen: 155723K->49760K(149504K)] 454304K->359754K(673792K), 0.0116837 secs] [Times: user=0.11 sys=0.00, real=0.01 secs] 
2016-09-25T21:53:05.137-0400: 44.610: [GC (GCLocker Initiated GC) [PSYoungGen: 149088K->41500K(179200K)] 459196K->365780K(703488K), 0.0204285 secs] [Times: user=0.21 sys=0.00, real=0.02 secs] 
2016-09-25T21:53:05.256-0400: 44.729: [GC (GCLocker Initiated GC) [PSYoungGen: 142364K->69895K(178176K)] 469504K->411231K(702464K), 0.0262624 secs] [Times: user=0.30 sys=0.00, real=0.03 secs] 
2016-09-25T21:53:05.354-0400: 44.827: [GC (GCLocker Initiated GC) [PSYoungGen: 170759K->71276K(172032K)] 512165K->413303K(696320K), 0.0101932 secs] [Times: user=0.10 sys=0.00, real=0.02 secs] 
2016-09-25T21:53:05.465-0400: 44.938: [GC (GCLocker Initiated GC) [PSYoungGen: 161388K->40231K(176128K)] 511754K->396617K(700416K), 0.0113193 secs] [Times: user=0.07 sys=0.00, real=0.01 secs] 
2016-09-25T21:53:05.541-0400: 45.014: [GC (GCLocker Initiated GC) [PSYoungGen: 130343K->56136K(171520K)] 489500K->424066K(695808K), 0.0233623 secs] [Times: user=0.24 sys=0.00, real=0.03 secs] 
2016-09-25T21:53:05.848-0400: 45.321: [GC (GCLocker Initiated GC) [PSYoungGen: 146760K->50800K(174080K)] 514758K->419296K(698368K), 0.6799134 secs] [Times: user=0.18 sys=0.01, real=0.68 secs] 
2016-09-25T21:53:06.603-0400: 46.077: [GC (GCLocker Initiated GC) [PSYoungGen: 141424K->51076K(173568K)] 512765K->458071K(697856K), 0.0120648 secs] [Times: user=0.14 sys=0.03, real=0.01 secs] 
2016-09-25T21:53:06.726-0400: 46.200: [GC (GCLocker Initiated GC) [PSYoungGen: 148868K->70010K(176128K)] 555895K->477691K(700416K), 0.0115102 secs] [Times: user=0.18 sys=0.01, real=0.01 secs] 
2016-09-25T21:53:06.812-0400: 46.286: [GC (GCLocker Initiated GC) [PSYoungGen: 167802K->60367K(180736K)] 580939K->479528K(705024K), 0.0064223 secs] [Times: user=0.09 sys=0.00, real=0.01 secs] 
2016-09-25T21:53:06.889-0400: 46.362: [GC (GCLocker Initiated GC) [PSYoungGen: 159183K->49632K(148480K)] 582739K->487239K(672768K), 0.0078208 secs] [Times: user=0.12 sys=0.00, real=0.01 secs] 
2016-09-25T21:53:06.961-0400: 46.434: [GC (GCLocker Initiated GC) [PSYoungGen: 148448K->52201K(180736K)] 586155K->503952K(705024K), 0.0104888 secs] [Times: user=0.14 sys=0.00, real=0.01 secs] 
2016-09-25T21:53:07.045-0400: 46.518: [GC (GCLocker Initiated GC) [PSYoungGen: 153065K->38890K(178688K)] 617133K->514243K(702976K), 0.0186474 secs] [Times: user=0.21 sys=0.01, real=0.02 secs] 
2016-09-25T21:53:07.132-0400: 46.605: [GC (GCLocker Initiated GC) [PSYoungGen: 139754K->50841K(180736K)] 620577K->543130K(705024K), 0.0065110 secs] [Times: user=0.07 sys=0.01, real=0.01 secs] 
2016-09-25T21:53:07.235-0400: 46.708: [Full GC (Ergonomics) [PSYoungGen: 156825K->0K(180736K)] [ParOldGen: 499055K->203479K(524288K)] 655881K->203479K(705024K), [Metaspace: 43494K->43494K(1085440K)], 0.0618084 secs] [Times: user=0.32 sys=0.01, real=0.06 secs] 
2016-09-25T21:53:07.387-0400: 46.860: [GC (GCLocker Initiated GC) [PSYoungGen: 105984K->47502K(181760K)] 317600K->259119K(706048K), 0.0134860 secs] [Times: user=0.14 sys=0.01, real=0.01 secs] 
2016-09-25T21:53:07.479-0400: 46.952: [GC (GCLocker Initiated GC) [PSYoungGen: 153486K->41630K(185344K)] 374557K->271955K(709632K), 0.0068844 secs] [Times: user=0.06 sys=0.00, real=0.01 secs] 
2016-09-25T21:53:07.554-0400: 47.028: [GC (GCLocker Initiated GC) [PSYoungGen: 153246K->52323K(185856K)] 386422K->286134K(710144K), 0.0105932 secs] [Times: user=0.08 sys=0.00, real=0.01 secs] 
2016-09-25T21:53:07.641-0400: 47.115: [GC (GCLocker Initiated GC) [PSYoungGen: 163939K->50890K(185344K)] 406011K->293529K(709632K), 0.0077112 secs] [Times: user=0.05 sys=0.01, real=0.01 secs] 
2016-09-25T21:53:07.742-0400: 47.215: [GC (GCLocker Initiated GC) [PSYoungGen: 166602K->61877K(185856K)] 412027K->324178K(710144K), 0.0444557 secs] [Times: user=0.17 sys=0.04, real=0.05 secs] 
2016-09-25T21:53:07.885-0400: 47.358: [GC (GCLocker Initiated GC) [PSYoungGen: 177589K->26694K(184832K)] 442605K->308492K(709120K), 0.0097970 secs] [Times: user=0.11 sys=0.01, real=0.01 secs] 
2016-09-25T21:53:08.011-0400: 47.484: [GC (GCLocker Initiated GC) [PSYoungGen: 139334K->50689K(187392K)] 423888K->335959K(711680K), 0.0059525 secs] [Times: user=0.08 sys=0.00, real=0.01 secs] 
2016-09-25T21:53:08.109-0400: 47.583: [GC (GCLocker Initiated GC) [PSYoungGen: 163329K->46965K(182784K)] 451389K->349047K(707072K), 0.0108049 secs] [Times: user=0.08 sys=0.02, real=0.01 secs] 
2016-09-25T21:53:08.203-0400: 47.676: [GC (GCLocker Initiated GC) [PSYoungGen: 161653K->52270K(185344K)] 463852K->363138K(709632K), 0.0107513 secs] [Times: user=0.10 sys=0.01, real=0.00 secs] 
2016-09-25T21:53:08.309-0400: 47.783: [GC (GCLocker Initiated GC) [PSYoungGen: 166958K->34528K(191488K)] 478132K->359787K(715776K), 0.0141290 secs] [Times: user=0.18 sys=0.00, real=0.02 secs] 
2016-09-25T21:53:08.530-0400: 48.003: [GC (GCLocker Initiated GC) [PSYoungGen: 156384K->59294K(181248K)] 481828K->385300K(705536K), 0.0102634 secs] [Times: user=0.10 sys=0.00, real=0.01 secs] 
2016-09-25T21:53:08.639-0400: 48.112: [GC (GCLocker Initiated GC) [PSYoungGen: 181150K->30541K(187904K)] 513999K->372129K(712192K), 0.0179347 secs] [Times: user=0.19 sys=0.02, real=0.02 secs] 
2016-09-25T21:53:08.819-0400: 48.292: [GC (GCLocker Initiated GC) [PSYoungGen: 146253K->30611K(146432K)] 500230K->385149K(670720K), 0.0200666 secs] [Times: user=0.21 sys=0.01, real=0.02 secs] 
2016-09-25T21:53:09.007-0400: 48.480: [GC (GCLocker Initiated GC) [PSYoungGen: 146323K->33177K(189440K)] 503704K->402022K(713728K), 0.0164417 secs] [Times: user=0.16 sys=0.02, real=0.02 secs] 
2016-09-25T21:53:09.128-0400: 48.601: [GC (GCLocker Initiated GC) [PSYoungGen: 148889K->32031K(147968K)] 531405K->425915K(672256K), 0.0147350 secs] [Times: user=0.09 sys=0.02, real=0.02 secs] 
2016-09-25T21:53:09.238-0400: 48.711: [GC (GCLocker Initiated GC) [PSYoungGen: 147743K->29067K(188416K)] 541665K->423667K(712704K), 0.0130812 secs] [Times: user=0.09 sys=0.02, real=0.01 secs] 
2016-09-25T21:53:09.346-0400: 48.819: [GC (GCLocker Initiated GC) [PSYoungGen: 145291K->26376K(187904K)] 540150K->427136K(712192K), 0.0423786 secs] [Times: user=0.33 sys=0.12, real=0.04 secs] 
2016-09-25T21:53:09.460-0400: 48.933: [GC (GCLocker Initiated GC) [PSYoungGen: 142600K->38901K(184832K)] 548768K->445658K(709120K), 0.0086856 secs] [Times: user=0.11 sys=0.01, real=0.01 secs] 
2016-09-25T21:53:09.565-0400: 49.039: [GC (GCLocker Initiated GC) [PSYoungGen: 157685K->30578K(187392K)] 565795K->439422K(711680K), 0.0088371 secs] [Times: user=0.07 sys=0.01, real=0.01 secs] 
2016-09-25T21:53:09.649-0400: 49.122: [GC (GCLocker Initiated GC) [PSYoungGen: 149362K->45737K(191488K)] 569023K->466028K(715776K), 0.0149453 secs] [Times: user=0.17 sys=0.01, real=0.02 secs] 
2016-09-25T21:53:09.745-0400: 49.218: [GC (GCLocker Initiated GC) [PSYoungGen: 171689K->59421K(185856K)] 594703K->485898K(710144K), 0.0115429 secs] [Times: user=0.13 sys=0.01, real=0.01 secs] 
2016-09-25T21:53:09.841-0400: 49.314: [GC (GCLocker Initiated GC) [PSYoungGen: 185373K->47127K(191488K)] 620080K->493484K(715776K), 0.0229371 secs] [Times: user=0.36 sys=0.00, real=0.03 secs] 
2016-09-25T21:53:09.941-0400: 49.415: [GC (GCLocker Initiated GC) [PSYoungGen: 166935K->56602K(176640K)] 616039K->533406K(700928K), 0.0079313 secs] [Times: user=0.11 sys=0.00, real=0.01 secs] 
2016-09-25T21:53:10.023-0400: 49.496: [GC (GCLocker Initiated GC) [PSYoungGen: 176410K->62109K(181760K)] 660169K->552080K(706048K), 0.0125171 secs] [Times: user=0.14 sys=0.00, real=0.01 secs] 
2016-09-25T21:53:10.116-0400: 49.590: [GC (GCLocker Initiated GC) [PSYoungGen: 170653K->62020K(171008K)] 662340K->554538K(695296K), 0.0080562 secs] [Times: user=0.11 sys=0.00, real=0.01 secs] 
2016-09-25T21:53:10.203-0400: 49.676: [Full GC (Ergonomics) [PSYoungGen: 170564K->0K(171008K)] [ParOldGen: 503477K->227568K(524288K)] 674042K->227568K(695296K), [Metaspace: 43497K->43497K(1085440K)], 0.0654769 secs] [Times: user=0.50 sys=0.01, real=0.06 secs] 
2016-09-25T21:53:10.387-0400: 49.860: [GC (GCLocker Initiated GC) [PSYoungGen: 108544K->35412K(183296K)] 347019K->273896K(707584K), 0.0099524 secs] [Times: user=0.07 sys=0.01, real=0.01 secs] 
2016-09-25T21:53:10.487-0400: 49.960: [GC (GCLocker Initiated GC) [PSYoungGen: 138836K->28142K(131584K)] 379005K->273632K(655872K), 0.0169811 secs] [Times: user=0.21 sys=0.00, real=0.02 secs] 
2016-09-25T21:53:10.596-0400: 50.069: [GC (GCLocker Initiated GC) [PSYoungGen: 131566K->64642K(175616K)] 377290K->311148K(699904K), 0.0087899 secs] [Times: user=0.14 sys=0.00, real=0.01 secs] 
2016-09-25T21:53:10.692-0400: 50.165: [GC (GCLocker Initiated GC) [PSYoungGen: 161922K->37660K(179712K)] 413951K->301127K(704000K), 0.0156978 secs] [Times: user=0.22 sys=0.01, real=0.02 secs] 
2016-09-25T21:53:10.793-0400: 50.266: [GC (GCLocker Initiated GC) [PSYoungGen: 134940K->49708K(173568K)] 403943K->319514K(697856K), 0.0071962 secs] [Times: user=0.11 sys=0.00, real=0.01 secs] 
2016-09-25T21:53:10.870-0400: 50.343: [GC (GCLocker Initiated GC) [PSYoungGen: 149036K->53831K(177664K)] 427039K->346034K(701952K), 0.0161436 secs] [Times: user=0.20 sys=0.00, real=0.02 secs] 
2016-09-25T21:53:10.974-0400: 50.448: [GC (GCLocker Initiated GC) [PSYoungGen: 153159K->13114K(178688K)] 458908K->338551K(702976K), 0.0107316 secs] [Times: user=0.07 sys=0.00, real=0.01 secs] 
2016-09-25T21:53:11.057-0400: 50.530: [GC (GCLocker Initiated GC) [PSYoungGen: 113466K->43217K(143872K)] 449848K->380395K(668160K), 0.0261800 secs] [Times: user=0.30 sys=0.00, real=0.03 secs] 
2016-09-25T21:53:11.192-0400: 50.665: [GC (GCLocker Initiated GC) [PSYoungGen: 143569K->40518K(183296K)] 494252K->392023K(707584K), 0.0141549 secs] [Times: user=0.17 sys=0.00, real=0.02 secs] 
2016-09-25T21:53:11.296-0400: 50.769: [GC (GCLocker Initiated GC) [PSYoungGen: 146502K->68729K(180224K)] 498055K->421139K(704512K), 0.0096088 secs] [Times: user=0.12 sys=0.00, real=0.01 secs] 
2016-09-25T21:53:11.393-0400: 50.867: [GC (GCLocker Initiated GC) [PSYoungGen: 174713K->54034K(181760K)] 535272K->436934K(706048K), 0.0113880 secs] [Times: user=0.18 sys=0.00, real=0.02 secs] 
2016-09-25T21:53:11.492-0400: 50.966: [GC (GCLocker Initiated GC) [PSYoungGen: 154898K->45604K(146944K)] 537849K->432087K(671232K), 0.0203935 secs] [Times: user=0.22 sys=0.00, real=0.02 secs] 
2016-09-25T21:53:11.589-0400: 51.062: [GC (GCLocker Initiated GC) [PSYoungGen: 146468K->53812K(178688K)] 541184K->449213K(702976K), 0.0127167 secs] [Times: user=0.16 sys=0.00, real=0.01 secs] 
2016-09-25T21:53:11.689-0400: 51.162: [GC (GCLocker Initiated GC) [PSYoungGen: 155188K->45713K(178176K)] 556023K->460754K(702464K), 0.0091093 secs] [Times: user=0.13 sys=0.00, real=0.01 secs] 
2016-09-25T21:53:11.779-0400: 51.253: [GC (GCLocker Initiated GC) [PSYoungGen: 147089K->33571K(182784K)] 572126K->461958K(707072K), 0.0075734 secs] [Times: user=0.06 sys=0.00, real=0.01 secs] 
2016-09-25T21:53:11.861-0400: 51.335: [GC (GCLocker Initiated GC) [PSYoungGen: 142115K->61829K(182272K)] 570714K->491231K(706560K), 0.0097938 secs] [Times: user=0.11 sys=0.00, real=0.01 secs] 
2016-09-25T21:53:11.951-0400: 51.424: [GC (GCLocker Initiated GC) [PSYoungGen: 170373K->59270K(182272K)] 604083K->507023K(706560K), 0.0063874 secs] [Times: user=0.09 sys=0.00, real=0.01 secs] 
2016-09-25T21:53:12.040-0400: 51.513: [GC (GCLocker Initiated GC) [PSYoungGen: 164742K->73876K(179712K)] 612532K->522350K(704000K), 0.0072209 secs] [Times: user=0.07 sys=0.01, real=0.01 secs] 
2016-09-25T21:53:12.119-0400: 51.593: [GC (GCLocker Initiated GC) [PSYoungGen: 179348K->57804K(176640K)] 627886K->525810K(700928K), 0.0103349 secs] [Times: user=0.12 sys=0.00, real=0.01 secs] 
2016-09-25T21:53:12.203-0400: 51.676: [GC (GCLocker Initiated GC) [PSYoungGen: 152012K->57674K(178176K)] 620033K->553335K(702464K), 0.0186633 secs] [Times: user=0.27 sys=0.00, real=0.01 secs] 
2016-09-25T21:53:12.222-0400: 51.695: [Full GC (Ergonomics) [PSYoungGen: 57674K->0K(178176K)] [ParOldGen: 495660K->229763K(524288K)] 553335K->229763K(702464K), [Metaspace: 43518K->43518K(1085440K)], 0.0570036 secs] [Times: user=0.52 sys=0.00, real=0.06 secs] 
2016-09-25T21:53:12.347-0400: 51.820: [GC (GCLocker Initiated GC) [PSYoungGen: 94208K->59476K(176640K)] 324133K->289401K(700928K), 0.0103652 secs] [Times: user=0.12 sys=0.00, real=0.01 secs] 
2016-09-25T21:53:12.432-0400: 51.905: [GC (GCLocker Initiated GC) [PSYoungGen: 154708K->61698K(177664K)] 387424K->298132K(701952K), 0.0264597 secs] [Times: user=0.31 sys=0.01, real=0.03 secs] 
2016-09-25T21:53:12.539-0400: 52.012: [GC (GCLocker Initiated GC) [PSYoungGen: 156930K->34725K(178176K)] 398890K->309633K(702464K), 0.0089383 secs] [Times: user=0.09 sys=0.00, real=0.01 secs] 
2016-09-25T21:53:12.620-0400: 52.093: [GC (GCLocker Initiated GC) [PSYoungGen: 129957K->55041K(150528K)] 407295K->341054K(674816K), 0.0099185 secs] [Times: user=0.08 sys=0.00, real=0.01 secs] 
2016-09-25T21:53:12.710-0400: 52.184: [GC (GCLocker Initiated GC) [PSYoungGen: 150273K->56261K(178688K)] 441743K->348268K(702976K), 0.0136066 secs] [Times: user=0.16 sys=0.00, real=0.02 secs] 
2016-09-25T21:53:12.791-0400: 52.264: [GC (GCLocker Initiated GC) [PSYoungGen: 153541K->35950K(177152K)] 446969K->337909K(701440K), 0.0096461 secs] [Times: user=0.09 sys=0.00, real=0.01 secs] 
2016-09-25T21:53:12.884-0400: 52.358: [GC (GCLocker Initiated GC) [PSYoungGen: 133230K->50888K(178688K)] 442105K->368434K(702976K), 0.0145700 secs] [Times: user=0.17 sys=0.00, real=0.01 secs] 
2016-09-25T21:53:12.990-0400: 52.464: [GC (Allocation Failure) [PSYoungGen: 153288K->54838K(179712K)] 470915K->378379K(704000K), 0.0293248 secs] [Times: user=0.27 sys=0.00, real=0.03 secs] 
2016-09-25T21:53:13.020-0400: 52.494: [GC (GCLocker Initiated GC) [PSYoungGen: 55252K->64K(173568K)] 378792K->379597K(697856K), 0.0060540 secs] [Times: user=0.05 sys=0.00, real=0.01 secs] 
2016-09-25T21:53:13.092-0400: 52.565: [GC (GCLocker Initiated GC) [PSYoungGen: 95259K->48626K(179712K)] 477493K->430868K(704000K), 0.0140390 secs] [Times: user=0.11 sys=0.00, real=0.02 secs] 
2016-09-25T21:53:13.184-0400: 52.657: [GC (GCLocker Initiated GC) [PSYoungGen: 145906K->60135K(179200K)] 528241K->443638K(703488K), 0.0098554 secs] [Times: user=0.07 sys=0.00, real=0.00 secs] 
2016-09-25T21:53:13.274-0400: 52.747: [GC (GCLocker Initiated GC) [PSYoungGen: 159463K->47988K(147456K)] 543118K->434750K(671744K), 0.0187470 secs] [Times: user=0.14 sys=0.01, real=0.02 secs] 
2016-09-25T21:53:13.379-0400: 52.852: [GC (GCLocker Initiated GC) [PSYoungGen: 147316K->33132K(179712K)] 534212K->439417K(704000K), 0.0250455 secs] [Times: user=0.25 sys=0.00, real=0.03 secs] 
2016-09-25T21:53:13.461-0400: 52.934: [GC (GCLocker Initiated GC) [PSYoungGen: 134508K->53388K(179200K)] 540827K->460142K(703488K), 0.0113337 secs] [Times: user=0.10 sys=0.00, real=0.01 secs] 
2016-09-25T21:53:13.543-0400: 53.016: [GC (GCLocker Initiated GC) [PSYoungGen: 154764K->71156K(173568K)] 561570K->491959K(697856K), 0.0092159 secs] [Times: user=0.12 sys=0.01, real=0.00 secs] 
2016-09-25T21:53:13.654-0400: 53.127: [GC (GCLocker Initiated GC) [PSYoungGen: 167412K->42732K(179200K)] 600408K->481628K(703488K), 0.0148435 secs] [Times: user=0.19 sys=0.00, real=0.02 secs] 
2016-09-25T21:53:13.738-0400: 53.211: [GC (GCLocker Initiated GC) [PSYoungGen: 138988K->48238K(171008K)] 583350K->493122K(695296K), 0.0068052 secs] [Times: user=0.05 sys=0.00, real=0.01 secs] 
2016-09-25T21:53:13.831-0400: 53.304: [GC (GCLocker Initiated GC) [PSYoungGen: 146542K->46735K(176128K)] 598308K->498961K(700416K), 0.0372990 secs] [Times: user=0.37 sys=0.01, real=0.04 secs] 
2016-09-25T21:53:13.932-0400: 53.405: [GC (GCLocker Initiated GC) [PSYoungGen: 145039K->72502K(174592K)] 597381K->525350K(698880K), 0.0073078 secs] [Times: user=0.10 sys=0.00, real=0.01 secs] 
2016-09-25T21:53:14.020-0400: 53.493: [GC (GCLocker Initiated GC) [PSYoungGen: 171830K->36063K(180736K)] 634172K->517777K(705024K), 0.0121977 secs] [Times: user=0.13 sys=0.01, real=0.01 secs] 
2016-09-25T21:53:14.119-0400: 53.593: [GC (GCLocker Initiated GC) [PSYoungGen: 135391K->45381K(175104K)] 617120K->538385K(699392K), 0.0157395 secs] [Times: user=0.15 sys=0.01, real=0.02 secs] 
2016-09-25T21:53:14.135-0400: 53.609: [Full GC (Ergonomics) [PSYoungGen: 45381K->0K(175104K)] [ParOldGen: 493004K->241137K(524288K)] 538385K->241137K(699392K), [Metaspace: 43520K->43520K(1085440K)], 0.0669368 secs] [Times: user=0.39 sys=0.00, real=0.07 secs] 
2016-09-25T21:53:14.305-0400: 53.778: [GC (GCLocker Initiated GC) [PSYoungGen: 99840K->60549K(178176K)] 342430K->303140K(702464K), 0.0247826 secs] [Times: user=0.35 sys=0.00, real=0.02 secs] 
2016-09-25T21:53:14.386-0400: 53.859: [GC (GCLocker Initiated GC) [PSYoungGen: 160389K->49464K(179200K)] 412532K->313068K(703488K), 0.0068017 secs] [Times: user=0.07 sys=0.00, real=0.00 secs] 
2016-09-25T21:53:14.504-0400: 53.977: [GC (GCLocker Initiated GC) [PSYoungGen: 153400K->46734K(180736K)] 419922K->337988K(705024K), 0.0203609 secs] [Times: user=0.19 sys=0.01, real=0.02 secs] 
2016-09-25T21:53:14.589-0400: 54.062: [GC (GCLocker Initiated GC) [PSYoungGen: 150670K->49443K(181760K)] 450107K->349305K(706048K), 0.0070664 secs] [Times: user=0.08 sys=0.00, real=0.01 secs] 
2016-09-25T21:53:14.703-0400: 54.177: [GC (GCLocker Initiated GC) [PSYoungGen: 160035K->52060K(183296K)] 465356K->360487K(707584K), 0.0210763 secs] [Times: user=0.21 sys=0.00, real=0.02 secs] 
2016-09-25T21:53:14.808-0400: 54.282: [GC (GCLocker Initiated GC) [PSYoungGen: 162652K->60127K(187904K)] 473838K->382508K(712192K), 0.0096325 secs] [Times: user=0.10 sys=0.00, real=0.01 secs] 
2016-09-25T21:53:14.906-0400: 54.380: [GC (GCLocker Initiated GC) [PSYoungGen: 176863K->52099K(189440K)] 504779K->380345K(713728K), 0.0250293 secs] [Times: user=0.26 sys=0.01, real=0.02 secs] 
2016-09-25T21:53:15.030-0400: 54.504: [GC (GCLocker Initiated GC) [PSYoungGen: 168835K->41266K(188416K)] 506558K->379456K(712704K), 0.0139925 secs] [Times: user=0.12 sys=0.01, real=0.02 secs] 
2016-09-25T21:53:15.113-0400: 54.586: [GC (GCLocker Initiated GC) [PSYoungGen: 159538K->68434K(186880K)] 501818K->416499K(711168K), 0.0101103 secs] [Times: user=0.09 sys=0.00, real=0.02 secs] 
2016-09-25T21:53:15.204-0400: 54.677: [GC (GCLocker Initiated GC) [PSYoungGen: 186706K->54828K(187904K)] 543047K->427785K(712192K), 0.0144623 secs] [Times: user=0.16 sys=0.00, real=0.01 secs] 
2016-09-25T21:53:15.307-0400: 54.780: [GC (GCLocker Initiated GC) [PSYoungGen: 167468K->39716K(186880K)] 544691K->417218K(711168K), 0.0102724 secs] [Times: user=0.07 sys=0.00, real=0.01 secs] 
2016-09-25T21:53:15.395-0400: 54.868: [GC (GCLocker Initiated GC) [PSYoungGen: 152356K->61643K(184832K)] 529875K->444845K(709120K), 0.0172890 secs] [Times: user=0.23 sys=0.00, real=0.01 secs] 
2016-09-25T21:53:15.498-0400: 54.971: [GC (GCLocker Initiated GC) [PSYoungGen: 172235K->68310K(179200K)] 555546K->457421K(703488K), 0.0123318 secs] [Times: user=0.14 sys=0.00, real=0.01 secs] 
2016-09-25T21:53:15.598-0400: 55.071: [GC (GCLocker Initiated GC) [PSYoungGen: 178902K->31745K(179712K)] 584260K->440121K(704000K), 0.0194913 secs] [Times: user=0.16 sys=0.01, real=0.02 secs] 
2016-09-25T21:53:15.696-0400: 55.169: [GC (GCLocker Initiated GC) [PSYoungGen: 132097K->33013K(181248K)] 541960K->467589K(705536K), 0.0109424 secs] [Times: user=0.07 sys=0.00, real=0.01 secs] 
2016-09-25T21:53:15.783-0400: 55.256: [GC (GCLocker Initiated GC) [PSYoungGen: 133365K->37071K(179200K)] 577480K->484175K(703488K), 0.0170991 secs] [Times: user=0.17 sys=0.00, real=0.01 secs] 
2016-09-25T21:53:15.866-0400: 55.339: [GC (GCLocker Initiated GC) [PSYoungGen: 137423K->24914K(180224K)] 595389K->518253K(704512K), 0.0192602 secs] [Times: user=0.16 sys=0.00, real=0.02 secs] 
2016-09-25T21:53:15.885-0400: 55.359: [Full GC (Ergonomics) [PSYoungGen: 24914K->0K(180224K)] [ParOldGen: 493339K->246242K(524288K)] 518253K->246242K(704512K), [Metaspace: 43521K->43521K(1085440K)], 0.0773529 secs] [Times: user=0.42 sys=0.01, real=0.08 secs] 
2016-09-25T21:53:16.031-0400: 55.504: [GC (GCLocker Initiated GC) [PSYoungGen: 100352K->44126K(177152K)] 352261K->296035K(701440K), 0.0063120 secs] [Times: user=0.04 sys=0.00, real=0.01 secs] 
2016-09-25T21:53:16.105-0400: 55.578: [GC (GCLocker Initiated GC) [PSYoungGen: 145502K->75031K(176640K)] 402841K->343715K(700928K), 0.0135950 secs] [Times: user=0.11 sys=0.00, real=0.01 secs] 
2016-09-25T21:53:16.211-0400: 55.684: [GC (GCLocker Initiated GC) [PSYoungGen: 176407K->22152K(175616K)] 456003K->302036K(699904K), 0.0419887 secs] [Times: user=0.39 sys=0.00, real=0.04 secs] 
2016-09-25T21:53:16.320-0400: 55.793: [GC (GCLocker Initiated GC) [PSYoungGen: 112264K->50545K(140800K)] 400485K->347228K(665088K), 0.0217579 secs] [Times: user=0.21 sys=0.00, real=0.02 secs] 
2016-09-25T21:53:16.409-0400: 55.882: [GC (GCLocker Initiated GC) [PSYoungGen: 140657K->42617K(177664K)] 449726K->353299K(701952K), 0.0152212 secs] [Times: user=0.15 sys=0.00, real=0.02 secs] 
2016-09-25T21:53:16.497-0400: 55.970: [GC (GCLocker Initiated GC) [PSYoungGen: 136313K->37147K(174592K)] 455140K->361759K(698880K), 0.0253856 secs] [Times: user=0.22 sys=0.00, real=0.03 secs] 
2016-09-25T21:53:16.597-0400: 56.070: [GC (GCLocker Initiated GC) [PSYoungGen: 130843K->44115K(178176K)] 458966K->386171K(702464K), 0.0164899 secs] [Times: user=0.16 sys=0.00, real=0.01 secs] 
2016-09-25T21:53:16.688-0400: 56.161: [GC (GCLocker Initiated GC) [PSYoungGen: 144467K->49393K(176128K)] 488602K->394027K(700416K), 0.0331072 secs] [Times: user=0.31 sys=0.00, real=0.03 secs] 
2016-09-25T21:53:16.797-0400: 56.270: [GC (GCLocker Initiated GC) [PSYoungGen: 149745K->60296K(180224K)] 494457K->418989K(704512K), 0.0120043 secs] [Times: user=0.12 sys=0.01, real=0.01 secs] 
2016-09-25T21:53:16.890-0400: 56.363: [GC (GCLocker Initiated GC) [PSYoungGen: 166280K->41409K(182784K)] 533226K->422263K(707072K), 0.0269010 secs] [Times: user=0.26 sys=0.01, real=0.03 secs] 
2016-09-25T21:53:17.014-0400: 56.487: [GC (Allocation Failure) [PSYoungGen: 147393K->35919K(182784K)] 540730K->429814K(707072K), 0.0172819 secs] [Times: user=0.14 sys=0.00, real=0.01 secs] 
2016-09-25T21:53:17.101-0400: 56.574: [GC (GCLocker Initiated GC) [PSYoungGen: 144296K->64430K(175104K)] 540890K->461524K(699392K), 0.0136270 secs] [Times: user=0.15 sys=0.01, real=0.02 secs] 
2016-09-25T21:53:17.207-0400: 56.680: [GC (GCLocker Initiated GC) [PSYoungGen: 175022K->62991K(178688K)] 572183K->460659K(702976K), 0.0102460 secs] [Times: user=0.11 sys=0.00, real=0.01 secs] 
2016-09-25T21:53:17.297-0400: 56.770: [GC (GCLocker Initiated GC) [PSYoungGen: 163343K->44180K(181248K)] 565151K->478871K(705536K), 0.0200616 secs] [Times: user=0.22 sys=0.00, real=0.02 secs] 
2016-09-25T21:53:17.386-0400: 56.859: [GC (GCLocker Initiated GC) [PSYoungGen: 144532K->44154K(177152K)] 579277K->490215K(701440K), 0.0216817 secs] [Times: user=0.19 sys=0.00, real=0.02 secs] 
2016-09-25T21:53:17.492-0400: 56.965: [GC (GCLocker Initiated GC) [PSYoungGen: 147066K->54921K(179200K)] 593159K->504252K(703488K), 0.0115975 secs] [Times: user=0.12 sys=0.00, real=0.02 secs] 
2016-09-25T21:53:17.597-0400: 57.070: [GC (GCLocker Initiated GC) [PSYoungGen: 157833K->53852K(184320K)] 612644K->509216K(708608K), 0.0136634 secs] [Times: user=0.10 sys=0.01, real=0.01 secs] 
2016-09-25T21:53:17.717-0400: 57.190: [GC (GCLocker Initiated GC) [PSYoungGen: 163932K->28008K(185344K)] 622069K->486939K(709632K), 0.0252602 secs] [Times: user=0.24 sys=0.01, real=0.03 secs] 
2016-09-25T21:53:17.820-0400: 57.293: [GC (GCLocker Initiated GC) [PSYoungGen: 138088K->67441K(176640K)] 599782K->532634K(700928K), 0.0125460 secs] [Times: user=0.11 sys=0.01, real=0.01 secs] 
2016-09-25T21:53:17.901-0400: 57.375: [GC (GCLocker Initiated GC) [PSYoungGen: 167793K->52399K(181248K)] 635749K->531836K(705536K), 0.0451326 secs] [Times: user=0.42 sys=0.01, real=0.05 secs] 
2016-09-25T21:53:18.024-0400: 57.497: [GC (GCLocker Initiated GC) [PSYoungGen: 152751K->67193K(176128K)] 632277K->569090K(700416K), 0.0205169 secs] [Times: user=0.20 sys=0.00, real=0.02 secs] 
2016-09-25T21:53:18.044-0400: 57.517: [Full GC (Ergonomics) [PSYoungGen: 67193K->0K(176128K)] [ParOldGen: 501897K->258843K(524288K)] 569090K->258843K(700416K), [Metaspace: 43528K->43528K(1085440K)], 0.0805542 secs] [Times: user=0.46 sys=0.01, real=0.08 secs] 
2016-09-25T21:53:18.212-0400: 57.685: [GC (GCLocker Initiated GC) [PSYoungGen: 97280K->58797K(179712K)] 358860K->320378K(704000K), 0.0097022 secs] [Times: user=0.10 sys=0.00, real=0.01 secs] 
2016-09-25T21:53:18.304-0400: 57.777: [GC (GCLocker Initiated GC) [PSYoungGen: 156077K->30864K(178688K)] 420375K->323795K(702976K), 0.0118087 secs] [Times: user=0.08 sys=0.00, real=0.01 secs] 
2016-09-25T21:53:18.397-0400: 57.870: [GC (GCLocker Initiated GC) [PSYoungGen: 127120K->46000K(142336K)] 426841K->362861K(666624K), 0.0070811 secs] [Times: user=0.07 sys=0.00, real=0.01 secs] 
2016-09-25T21:53:18.474-0400: 57.947: [GC (GCLocker Initiated GC) [PSYoungGen: 142256K->32945K(177664K)] 470681K->381320K(701952K), 0.0063883 secs] [Times: user=0.05 sys=0.00, real=0.01 secs] 
2016-09-25T21:53:18.545-0400: 58.018: [GC (GCLocker Initiated GC) [PSYoungGen: 130225K->74256K(172032K)] 478603K->423829K(696320K), 0.0142624 secs] [Times: user=0.18 sys=0.00, real=0.01 secs] 
2016-09-25T21:53:18.687-0400: 58.160: [GC (GCLocker Initiated GC) [PSYoungGen: 171536K->41972K(177664K)] 527919K->399278K(701952K), 0.0093392 secs] [Times: user=0.09 sys=0.00, real=0.01 secs] 
2016-09-25T21:53:18.770-0400: 58.244: [GC (GCLocker Initiated GC) [PSYoungGen: 133108K->34960K(126464K)] 493155K->409500K(650752K), 0.0087571 secs] [Times: user=0.06 sys=0.00, real=0.01 secs] 
2016-09-25T21:53:18.858-0400: 58.332: [GC (GCLocker Initiated GC) [PSYoungGen: 126096K->34961K(175616K)] 502108K->414626K(699904K), 0.0483298 secs] [Times: user=0.50 sys=0.00, real=0.05 secs] 
2016-09-25T21:53:18.994-0400: 58.467: [GC (GCLocker Initiated GC) [PSYoungGen: 127121K->35019K(174592K)] 513907K->433585K(698880K), 0.0210634 secs] [Times: user=0.19 sys=0.01, real=0.03 secs] 
2016-09-25T21:53:19.124-0400: 58.597: [GC (GCLocker Initiated GC) [PSYoungGen: 127179K->51103K(178176K)] 525758K->452013K(702464K), 0.0254946 secs] [Times: user=0.24 sys=0.02, real=0.02 secs] 
2016-09-25T21:53:19.245-0400: 58.719: [GC (GCLocker Initiated GC) [PSYoungGen: 148895K->44745K(177152K)] 556992K->453691K(701440K), 0.0168020 secs] [Times: user=0.15 sys=0.01, real=0.02 secs] 
2016-09-25T21:53:19.359-0400: 58.832: [GC (GCLocker Initiated GC) [PSYoungGen: 142537K->25686K(178176K)] 571952K->469723K(702464K), 0.0163359 secs] [Times: user=0.12 sys=0.02, real=0.02 secs] 
2016-09-25T21:53:19.477-0400: 58.950: [GC (GCLocker Initiated GC) [PSYoungGen: 127574K->47205K(178688K)] 574438K->495200K(702976K), 0.0187467 secs] [Times: user=0.14 sys=0.01, real=0.02 secs] 
2016-09-25T21:53:19.589-0400: 59.063: [GC (GCLocker Initiated GC) [PSYoungGen: 149093K->47295K(182784K)] 604073K->505969K(707072K), 0.0067156 secs] [Times: user=0.06 sys=0.00, real=0.01 secs] 
2016-09-25T21:53:19.727-0400: 59.200: [GC (GCLocker Initiated GC) [PSYoungGen: 157887K->44511K(183296K)] 616608K->515195K(707584K), 0.0337913 secs] [Times: user=0.36 sys=0.00, real=0.03 secs] 
2016-09-25T21:53:19.838-0400: 59.311: [GC (GCLocker Initiated GC) [PSYoungGen: 155103K->43493K(186368K)] 628539K->526020K(710656K), 0.0173975 secs] [Times: user=0.20 sys=0.00, real=0.02 secs] 
2016-09-25T21:53:20.014-0400: 59.487: [GC (GCLocker Initiated GC) [PSYoungGen: 162789K->40676K(186880K)] 647664K->534926K(711168K), 0.0139084 secs] [Times: user=0.13 sys=0.01, real=0.02 secs] 
2016-09-25T21:53:20.126-0400: 59.599: [Full GC (Ergonomics) [PSYoungGen: 159972K->0K(186880K)] [ParOldGen: 501120K->273981K(524288K)] 661093K->273981K(711168K), [Metaspace: 43530K->43530K(1085440K)], 0.1032534 secs] [Times: user=0.64 sys=0.02, real=0.10 secs] 
2016-09-25T21:53:20.355-0400: 59.828: [GC (GCLocker Initiated GC) [PSYoungGen: 119296K->55191K(191488K)] 402750K->338645K(715776K), 0.0088676 secs] [Times: user=0.07 sys=0.01, real=0.01 secs] 
2016-09-25T21:53:20.473-0400: 59.946: [GC (GCLocker Initiated GC) [PSYoungGen: 180631K->58501K(184320K)] 464126K->360408K(708608K), 0.0223743 secs] [Times: user=0.25 sys=0.00, real=0.03 secs] 
2016-09-25T21:53:20.612-0400: 60.085: [GC (GCLocker Initiated GC) [PSYoungGen: 183941K->55877K(189440K)] 491374K->383571K(713728K), 0.0109181 secs] [Times: user=0.13 sys=0.01, real=0.02 secs] 
2016-09-25T21:53:20.729-0400: 60.203: [GC (GCLocker Initiated GC) [PSYoungGen: 174661K->50438K(169472K)] 513270K->401253K(693760K), 0.0082624 secs] [Times: user=0.08 sys=0.00, real=0.01 secs] 
2016-09-25T21:53:20.843-0400: 60.316: [GC (GCLocker Initiated GC) [PSYoungGen: 169222K->54337K(189440K)] 522754K->428119K(713728K), 0.0090128 secs] [Times: user=0.10 sys=0.00, real=0.00 secs] 
2016-09-25T21:53:20.946-0400: 60.419: [GC (GCLocker Initiated GC) [PSYoungGen: 173633K->46525K(189952K)] 552911K->440494K(714240K), 0.0118082 secs] [Times: user=0.15 sys=0.00, real=0.01 secs] 
2016-09-25T21:53:21.066-0400: 60.539: [GC (GCLocker Initiated GC) [PSYoungGen: 165821K->43362K(190464K)] 560016K->438870K(714752K), 0.0061039 secs] [Times: user=0.04 sys=0.00, real=0.00 secs] 
2016-09-25T21:53:21.173-0400: 60.646: [GC (GCLocker Initiated GC) [PSYoungGen: 165730K->48854K(189952K)] 565763K->450094K(714240K), 0.0117780 secs] [Times: user=0.11 sys=0.01, real=0.02 secs] 
2016-09-25T21:53:21.294-0400: 60.767: [GC (GCLocker Initiated GC) [PSYoungGen: 171222K->44683K(193024K)] 572591K->455348K(717312K), 0.0300013 secs] [Times: user=0.37 sys=0.00, real=0.04 secs] 
2016-09-25T21:53:21.415-0400: 60.889: [GC (GCLocker Initiated GC) [PSYoungGen: 172683K->54451K(192512K)] 586210K->469181K(716800K), 0.0310646 secs] [Times: user=0.31 sys=0.00, real=0.03 secs] 
2016-09-25T21:53:21.574-0400: 61.048: [GC (GCLocker Initiated GC) [PSYoungGen: 182451K->50461K(196608K)] 607302K->476721K(720896K), 0.0124286 secs] [Times: user=0.12 sys=0.01, real=0.01 secs] 
2016-09-25T21:53:21.708-0400: 61.181: [GC (GCLocker Initiated GC) [PSYoungGen: 182557K->44838K(196608K)] 614791K->484005K(720896K), 0.0242750 secs] [Times: user=0.21 sys=0.00, real=0.02 secs] 
2016-09-25T21:53:21.842-0400: 61.315: [GC (GCLocker Initiated GC) [PSYoungGen: 176934K->44802K(197120K)] 620200K->489242K(721408K), 0.0086347 secs] [Times: user=0.06 sys=0.01, real=0.01 secs] 
2016-09-25T21:53:21.972-0400: 61.445: [GC (GCLocker Initiated GC) [PSYoungGen: 178434K->50084K(196608K)] 625619K->498606K(720896K), 0.0107455 secs] [Times: user=0.06 sys=0.01, real=0.02 secs] 
2016-09-25T21:53:22.099-0400: 61.572: [GC (GCLocker Initiated GC) [PSYoungGen: 183716K->23224K(194048K)] 641747K->495984K(718336K), 0.0069310 secs] [Times: user=0.05 sys=0.01, real=0.01 secs] 
2016-09-25T21:53:22.211-0400: 61.684: [GC (GCLocker Initiated GC) [PSYoungGen: 155320K->47351K(197120K)] 638764K->532067K(721408K), 0.0222405 secs] [Times: user=0.21 sys=0.00, real=0.02 secs] 
2016-09-25T21:53:22.322-0400: 61.795: [GC (GCLocker Initiated GC) [PSYoungGen: 179447K->34941K(196608K)] 669806K->526431K(720896K), 0.0179014 secs] [Times: user=0.14 sys=0.01, real=0.02 secs] 
2016-09-25T21:53:22.445-0400: 61.918: [Full GC (Ergonomics) [PSYoungGen: 168573K->0K(196608K)] [ParOldGen: 502345K->303914K(524288K)] 670919K->303914K(720896K), [Metaspace: 43545K->43545K(1085440K)], 0.0861090 secs] [Times: user=0.46 sys=0.01, real=0.08 secs] 
2016-09-25T21:53:22.666-0400: 62.140: [GC (GCLocker Initiated GC) [PSYoungGen: 133632K->41124K(197632K)] 444301K->351793K(721920K), 0.0152295 secs] [Times: user=0.16 sys=0.01, real=0.01 secs] 
2016-09-25T21:53:22.782-0400: 62.255: [GC (GCLocker Initiated GC) [PSYoungGen: 174756K->48665K(197632K)] 492225K->368989K(721920K), 0.0274543 secs] [Times: user=0.29 sys=0.00, real=0.03 secs] 
2016-09-25T21:53:22.906-0400: 62.379: [GC (GCLocker Initiated GC) [PSYoungGen: 183833K->36001K(197632K)] 511007K->364126K(721920K), 0.0479860 secs] [Times: user=0.48 sys=0.01, real=0.05 secs] 
2016-09-25T21:53:23.061-0400: 62.535: [GC (GCLocker Initiated GC) [PSYoungGen: 171169K->57798K(193024K)] 504744K->394654K(717312K), 0.0286404 secs] [Times: user=0.26 sys=0.00, real=0.03 secs] 
2016-09-25T21:53:23.203-0400: 62.677: [GC (GCLocker Initiated GC) [PSYoungGen: 188870K->45577K(196608K)] 533889K->391373K(720896K), 0.0069576 secs] [Times: user=0.06 sys=0.00, real=0.00 secs] 
2016-09-25T21:53:23.318-0400: 62.791: [GC (GCLocker Initiated GC) [PSYoungGen: 176649K->34682K(195072K)] 534681K->406729K(719360K), 0.0154576 secs] [Times: user=0.13 sys=0.01, real=0.01 secs] 
2016-09-25T21:53:23.441-0400: 62.914: [GC (GCLocker Initiated GC) [PSYoungGen: 167802K->33266K(196608K)] 550678K->430166K(720896K), 0.0248411 secs] [Times: user=0.24 sys=0.00, real=0.03 secs] 
2016-09-25T21:53:23.549-0400: 63.022: [GC (GCLocker Initiated GC) [PSYoungGen: 166386K->41354K(195584K)] 563367K->441564K(719872K), 0.0343212 secs] [Times: user=0.36 sys=0.00, real=0.04 secs] 
2016-09-25T21:53:23.734-0400: 63.207: [GC (GCLocker Initiated GC) [PSYoungGen: 176522K->37223K(197120K)] 578116K->442091K(721408K), 0.0150463 secs] [Times: user=0.14 sys=0.00, real=0.02 secs] 
2016-09-25T21:53:23.846-0400: 63.319: [GC (GCLocker Initiated GC) [PSYoungGen: 172391K->49471K(199168K)] 580198K->460510K(723456K), 0.0288188 secs] [Times: user=0.23 sys=0.00, real=0.03 secs] 
2016-09-25T21:53:24.005-0400: 63.478: [GC (GCLocker Initiated GC) [PSYoungGen: 187711K->48290K(200192K)] 598860K->468105K(724480K), 0.0069443 secs] [Times: user=0.06 sys=0.00, real=0.00 secs] 
2016-09-25T21:53:24.121-0400: 63.594: [GC (GCLocker Initiated GC) [PSYoungGen: 186530K->49596K(199168K)] 611830K->478188K(723456K), 0.0270568 secs] [Times: user=0.23 sys=0.00, real=0.03 secs] 
2016-09-25T21:53:24.274-0400: 63.747: [GC (GCLocker Initiated GC) [PSYoungGen: 186812K->44430K(181760K)] 624863K->494013K(706048K), 0.0168050 secs] [Times: user=0.16 sys=0.01, real=0.02 secs] 
2016-09-25T21:53:24.412-0400: 63.885: [GC (GCLocker Initiated GC) [PSYoungGen: 181646K->32229K(197632K)] 640447K->491795K(721920K), 0.0278002 secs] [Times: user=0.22 sys=0.02, real=0.03 secs] 
2016-09-25T21:53:24.584-0400: 64.057: [GC (GCLocker Initiated GC) [PSYoungGen: 169445K->52362K(198144K)] 629256K->512872K(722432K), 0.0215051 secs] [Times: user=0.21 sys=0.00, real=0.02 secs] 
2016-09-25T21:53:24.710-0400: 64.183: [GC (GCLocker Initiated GC) [PSYoungGen: 189578K->49631K(198656K)] 652832K->513555K(722944K), 0.0140231 secs] [Times: user=0.13 sys=0.00, real=0.02 secs] 
2016-09-25T21:53:24.843-0400: 64.316: [GC (GCLocker Initiated GC) [PSYoungGen: 185823K->42839K(179200K)] 652491K->518262K(703488K), 0.0102781 secs] [Times: user=0.07 sys=0.00, real=0.00 secs] 
2016-09-25T21:53:24.994-0400: 64.467: [GC (GCLocker Initiated GC) [PSYoungGen: 179031K->33558K(198144K)] 661208K->529960K(722432K), 0.0162381 secs] [Times: user=0.16 sys=0.00, real=0.02 secs] 
2016-09-25T21:53:25.115-0400: 64.588: [GC (GCLocker Initiated GC) [PSYoungGen: 170262K->36254K(198144K)] 672235K->538977K(722432K), 0.0060442 secs] [Times: user=0.04 sys=0.00, real=0.00 secs] 
2016-09-25T21:53:25.226-0400: 64.699: [Full GC (Ergonomics) [PSYoungGen: 172958K->0K(198144K)] [ParOldGen: 508337K->284449K(524288K)] 681295K->284449K(722432K), [Metaspace: 43545K->43545K(1085440K)], 0.3269608 secs] [Times: user=3.29 sys=0.07, real=0.32 secs] 
2016-09-25T21:53:25.672-0400: 65.145: [GC (GCLocker Initiated GC) [PSYoungGen: 136704K->60090K(192000K)] 421197K->347292K(716288K), 0.0113820 secs] [Times: user=0.14 sys=0.00, real=0.02 secs] 
2016-09-25T21:53:25.802-0400: 65.275: [GC (GCLocker Initiated GC) [PSYoungGen: 191162K->37822K(196608K)] 482232K->335718K(720896K), 0.0180510 secs] [Times: user=0.17 sys=0.00, real=0.02 secs] 
2016-09-25T21:53:25.936-0400: 65.410: [GC (GCLocker Initiated GC) [PSYoungGen: 168894K->52513K(194560K)] 469509K->354068K(718848K), 0.0131243 secs] [Times: user=0.11 sys=0.00, real=0.01 secs] 
2016-09-25T21:53:26.058-0400: 65.531: [GC (GCLocker Initiated GC) [PSYoungGen: 182561K->51228K(196096K)] 486863K->356399K(720384K), 0.0345465 secs] [Times: user=0.34 sys=0.01, real=0.03 secs] 
2016-09-25T21:53:26.218-0400: 65.691: [GC (GCLocker Initiated GC) [PSYoungGen: 181276K->44634K(192000K)] 496101K->376554K(716288K), 0.0139445 secs] [Times: user=0.11 sys=0.00, real=0.01 secs] 
2016-09-25T21:53:26.343-0400: 65.816: [GC (GCLocker Initiated GC) [PSYoungGen: 174682K->34963K(194048K)] 509332K->381359K(718336K), 0.0097604 secs] [Times: user=0.08 sys=0.00, real=0.00 secs] 
2016-09-25T21:53:26.473-0400: 65.946: [GC (GCLocker Initiated GC) [PSYoungGen: 165011K->43193K(195072K)] 518362K->397397K(719360K), 0.0511806 secs] [Times: user=0.52 sys=0.00, real=0.06 secs] 
2016-09-25T21:53:26.628-0400: 66.101: [GC (GCLocker Initiated GC) [PSYoungGen: 177337K->40280K(196608K)] 534257K->400827K(720896K), 0.0134239 secs] [Times: user=0.08 sys=0.00, real=0.01 secs] 
2016-09-25T21:53:26.742-0400: 66.215: [GC (GCLocker Initiated GC) [PSYoungGen: 174424K->54146K(196096K)] 543100K->423776K(720384K), 0.0148462 secs] [Times: user=0.13 sys=0.00, real=0.01 secs] 
2016-09-25T21:53:26.866-0400: 66.339: [GC (GCLocker Initiated GC) [PSYoungGen: 189314K->52547K(187904K)] 558977K->425829K(712192K), 0.0148798 secs] [Times: user=0.14 sys=0.00, real=0.01 secs] 
2016-09-25T21:53:26.991-0400: 66.464: [GC (GCLocker Initiated GC) [PSYoungGen: 187715K->33804K(197632K)] 578568K->425505K(721920K), 0.0156997 secs] [Times: user=0.16 sys=0.01, real=0.02 secs] 
2016-09-25T21:53:27.112-0400: 66.585: [GC (GCLocker Initiated GC) [PSYoungGen: 166924K->51056K(184320K)] 561417K->446545K(708608K), 0.0217134 secs] [Times: user=0.22 sys=0.00, real=0.02 secs] 
2016-09-25T21:53:27.242-0400: 66.715: [GC (GCLocker Initiated GC) [PSYoungGen: 184176K->49870K(197120K)] 585133K->465056K(721408K), 0.0081122 secs] [Times: user=0.07 sys=0.00, real=0.00 secs] 
2016-09-25T21:53:27.350-0400: 66.823: [GC (GCLocker Initiated GC) [PSYoungGen: 181966K->53950K(186368K)] 602745K->499875K(710656K), 0.0084658 secs] [Times: user=0.07 sys=0.00, real=0.01 secs] 
2016-09-25T21:53:27.474-0400: 66.947: [GC (GCLocker Initiated GC) [PSYoungGen: 186046K->49644K(196608K)] 632004K->496429K(720896K), 0.0255296 secs] [Times: user=0.26 sys=0.00, real=0.02 secs] 
2016-09-25T21:53:27.590-0400: 67.063: [GC (GCLocker Initiated GC) [PSYoungGen: 180204K->37455K(168448K)] 627031K->495718K(692736K), 0.0177641 secs] [Times: user=0.15 sys=0.01, real=0.02 secs] 
2016-09-25T21:53:27.698-0400: 67.171: [GC (GCLocker Initiated GC) [PSYoungGen: 168015K->57836K(192000K)] 626389K->533168K(716288K), 0.0117365 secs] [Times: user=0.10 sys=0.00, real=0.01 secs] 
2016-09-25T21:53:27.803-0400: 67.276: [GC (GCLocker Initiated GC) [PSYoungGen: 184812K->32219K(159232K)] 669829K->539476K(683520K), 0.0221666 secs] [Times: user=0.23 sys=0.01, real=0.02 secs] 
2016-09-25T21:53:27.825-0400: 67.298: [Full GC (Ergonomics) [PSYoungGen: 32219K->0K(159232K)] [ParOldGen: 507257K->302593K(524288K)] 539476K->302593K(683520K), [Metaspace: 43602K->43602K(1085440K)], 0.0746173 secs] [Times: user=0.48 sys=0.01, real=0.07 secs] 
2016-09-25T21:53:28.006-0400: 67.480: [GC (GCLocker Initiated GC) [PSYoungGen: 126976K->48298K(195072K)] 432625K->353948K(719360K), 0.0091542 secs] [Times: user=0.08 sys=0.00, real=0.01 secs] 
2016-09-25T21:53:28.105-0400: 67.579: [GC (GCLocker Initiated GC) [PSYoungGen: 175274K->33195K(194048K)] 483703K->359878K(718336K), 0.0250863 secs] [Times: user=0.31 sys=0.00, real=0.02 secs] 
2016-09-25T21:53:28.226-0400: 67.699: [GC (GCLocker Initiated GC) [PSYoungGen: 160171K->49682K(194560K)] 490962K->381028K(718848K), 0.0084781 secs] [Times: user=0.08 sys=0.00, real=0.01 secs] 
2016-09-25T21:53:28.322-0400: 67.795: [GC (GCLocker Initiated GC) [PSYoungGen: 177170K->44186K(172032K)] 516762K->384404K(696320K), 0.0146274 secs] [Times: user=0.13 sys=0.00, real=0.02 secs] 
2016-09-25T21:53:28.433-0400: 67.906: [GC (GCLocker Initiated GC) [PSYoungGen: 171674K->50905K(192512K)] 517506K->397402K(716800K), 0.0129029 secs] [Times: user=0.12 sys=0.00, real=0.02 secs] 
2016-09-25T21:53:28.522-0400: 67.995: [GC (GCLocker Initiated GC) [PSYoungGen: 178905K->64441K(192512K)] 525493K->419739K(716800K), 0.0162174 secs] [Times: user=0.15 sys=0.00, real=0.02 secs] 
2016-09-25T21:53:28.653-0400: 68.127: [GC (GCLocker Initiated GC) [PSYoungGen: 192441K->38888K(193024K)] 549107K->406985K(717312K), 0.0103170 secs] [Times: user=0.09 sys=0.00, real=0.02 secs] 
2016-09-25T21:53:28.772-0400: 68.245: [GC (GCLocker Initiated GC) [PSYoungGen: 162280K->53772K(192512K)] 534377K->426605K(716800K), 0.0302205 secs] [Times: user=0.34 sys=0.00, real=0.03 secs] 
2016-09-25T21:53:28.915-0400: 68.388: [GC (GCLocker Initiated GC) [PSYoungGen: 177164K->49657K(190464K)] 555627K->439585K(714752K), 0.0241354 secs] [Times: user=0.32 sys=0.02, real=0.02 secs] 
2016-09-25T21:53:29.016-0400: 68.490: [GC (GCLocker Initiated GC) [PSYoungGen: 173049K->63224K(186880K)] 565761K->456481K(711168K), 0.0100100 secs] [Times: user=0.11 sys=0.00, real=0.01 secs] 
2016-09-25T21:53:29.153-0400: 68.626: [GC (GCLocker Initiated GC) [PSYoungGen: 186616K->49693K(192000K)] 586721K->450426K(716288K), 0.0143410 secs] [Times: user=0.15 sys=0.00, real=0.02 secs] 
2016-09-25T21:53:29.257-0400: 68.730: [GC (GCLocker Initiated GC) [PSYoungGen: 169501K->45641K(165888K)] 570259K->455184K(690176K), 0.0295768 secs] [Times: user=0.27 sys=0.01, real=0.03 secs] 
2016-09-25T21:53:29.382-0400: 68.855: [GC (GCLocker Initiated GC) [PSYoungGen: 165449K->29346K(186880K)] 584534K->462414K(711168K), 0.0103865 secs] [Times: user=0.08 sys=0.01, real=0.01 secs] 
2016-09-25T21:53:29.481-0400: 68.955: [GC (GCLocker Initiated GC) [PSYoungGen: 147618K->64479K(182784K)] 580815K->511892K(707072K), 0.0129304 secs] [Times: user=0.16 sys=0.00, real=0.02 secs] 
2016-09-25T21:53:29.600-0400: 69.073: [GC (GCLocker Initiated GC) [PSYoungGen: 182751K->68563K(178688K)] 630368K->522176K(702976K), 0.0213060 secs] [Times: user=0.27 sys=0.00, real=0.02 secs] 
2016-09-25T21:53:29.686-0400: 69.159: [GC (GCLocker Initiated GC) [PSYoungGen: 173011K->61843K(166400K)] 629493K->529748K(690688K), 0.0120721 secs] [Times: user=0.13 sys=0.00, real=0.01 secs] 
2016-09-25T21:53:29.797-0400: 69.270: [GC (GCLocker Initiated GC) [PSYoungGen: 166291K->73869K(171520K)] 636998K->545125K(695808K), 0.0128113 secs] [Times: user=0.09 sys=0.00, real=0.01 secs] 
2016-09-25T21:53:29.872-0400: 69.345: [GC (GCLocker Initiated GC) [PSYoungGen: 165005K->45519K(176640K)] 643835K->538426K(700928K), 0.0225994 secs] [Times: user=0.20 sys=0.00, real=0.03 secs] 
2016-09-25T21:53:29.998-0400: 69.471: [GC (GCLocker Initiated GC) [PSYoungGen: 136655K->38607K(174080K)] 633665K->536162K(698368K), 0.0120020 secs] [Times: user=0.09 sys=0.00, real=0.01 secs] 
2016-09-25T21:53:30.084-0400: 69.557: [Full GC (Ergonomics) [PSYoungGen: 131279K->0K(174080K)] [ParOldGen: 500315K->311683K(524288K)] 631595K->311683K(698368K), [Metaspace: 43606K->43606K(1085440K)], 0.0977541 secs] [Times: user=0.60 sys=0.01, real=0.09 secs] 
2016-09-25T21:53:30.263-0400: 69.736: [GC (GCLocker Initiated GC) [PSYoungGen: 92672K->46097K(176128K)] 412740K->366166K(700416K), 0.0107627 secs] [Times: user=0.14 sys=0.00, real=0.00 secs] 
2016-09-25T21:53:30.352-0400: 69.825: [GC (GCLocker Initiated GC) [PSYoungGen: 138769K->59019K(177664K)] 461614K->384377K(701952K), 0.0068286 secs] [Times: user=0.07 sys=0.00, real=0.01 secs] 
2016-09-25T21:53:30.449-0400: 69.922: [GC (GCLocker Initiated GC) [PSYoungGen: 156299K->52335K(178176K)] 481748K->378240K(702464K), 0.0259523 secs] [Times: user=0.27 sys=0.02, real=0.03 secs] 
2016-09-25T21:53:30.555-0400: 70.028: [GC (GCLocker Initiated GC) [PSYoungGen: 149615K->50888K(178176K)] 475737K->377501K(702464K), 0.0126788 secs] [Times: user=0.16 sys=0.00, real=0.01 secs] 
2016-09-25T21:53:30.655-0400: 70.128: [GC (GCLocker Initiated GC) [PSYoungGen: 153800K->34720K(178688K)] 495412K->376838K(702976K), 0.0110858 secs] [Times: user=0.10 sys=0.01, real=0.01 secs] 
2016-09-25T21:53:30.767-0400: 70.241: [GC (GCLocker Initiated GC) [PSYoungGen: 137632K->32086K(184832K)] 485187K->396491K(709120K), 0.0117186 secs] [Times: user=0.14 sys=0.01, real=0.01 secs] 
2016-09-25T21:53:30.866-0400: 70.339: [GC (GCLocker Initiated GC) [PSYoungGen: 140630K->50856K(159744K)] 507785K->418591K(684032K), 0.0080695 secs] [Times: user=0.06 sys=0.00, real=0.00 secs] 
2016-09-25T21:53:30.952-0400: 70.425: [GC (GCLocker Initiated GC) [PSYoungGen: 159400K->72653K(174592K)] 527191K->440933K(698880K), 0.0115645 secs] [Times: user=0.13 sys=0.00, real=0.02 secs] 
2016-09-25T21:53:31.041-0400: 70.514: [GC (GCLocker Initiated GC) [PSYoungGen: 171981K->65773K(165376K)] 540332K->437375K(689664K), 0.0296428 secs] [Times: user=0.32 sys=0.00, real=0.03 secs] 
2016-09-25T21:53:31.145-0400: 70.618: [GC (GCLocker Initiated GC) [PSYoungGen: 165101K->48223K(180736K)] 539471K->431240K(705024K), 0.0057955 secs] [Times: user=0.06 sys=0.00, real=0.00 secs] 
2016-09-25T21:53:31.233-0400: 70.707: [GC (GCLocker Initiated GC) [PSYoungGen: 144991K->49576K(146432K)] 534943K->458953K(670720K), 0.0108563 secs] [Times: user=0.12 sys=0.00, real=0.02 secs] 
2016-09-25T21:53:31.315-0400: 70.788: [GC (GCLocker Initiated GC) [PSYoungGen: 146344K->58991K(175616K)] 555767K->468991K(699904K), 0.0085033 secs] [Times: user=0.06 sys=0.01, real=0.01 secs] 
2016-09-25T21:53:31.412-0400: 70.885: [GC (GCLocker Initiated GC) [PSYoungGen: 155759K->56291K(175616K)] 571195K->472245K(699904K), 0.0160636 secs] [Times: user=0.19 sys=0.00, real=0.02 secs] 
2016-09-25T21:53:31.503-0400: 70.976: [GC (GCLocker Initiated GC) [PSYoungGen: 153059K->52213K(179200K)] 574458K->474097K(703488K), 0.0153844 secs] [Times: user=0.13 sys=0.01, real=0.01 secs] 
2016-09-25T21:53:31.616-0400: 71.090: [GC (GCLocker Initiated GC) [PSYoungGen: 157685K->18398K(180736K)] 591779K->466545K(705024K), 0.0199717 secs] [Times: user=0.21 sys=0.00, real=0.02 secs] 
2016-09-25T21:53:31.723-0400: 71.196: [GC (GCLocker Initiated GC) [PSYoungGen: 123870K->45457K(184832K)] 576262K->498465K(709120K), 0.0117183 secs] [Times: user=0.12 sys=0.00, real=0.01 secs] 
2016-09-25T21:53:31.817-0400: 71.290: [GC (GCLocker Initiated GC) [PSYoungGen: 151953K->50895K(157696K)] 610550K->523500K(681984K), 0.0078441 secs] [Times: user=0.06 sys=0.00, real=0.01 secs] 
2016-09-25T21:53:31.903-0400: 71.376: [GC (GCLocker Initiated GC) [PSYoungGen: 157391K->50767K(183808K)] 635409K->529338K(708096K), 0.0124249 secs] [Times: user=0.11 sys=0.00, real=0.01 secs] 
2016-09-25T21:53:32.016-0400: 71.490: [GC (GCLocker Initiated GC) [PSYoungGen: 159823K->45398K(181760K)] 642477K->528597K(706048K), 0.0145644 secs] [Times: user=0.10 sys=0.01, real=0.01 secs] 
2016-09-25T21:53:32.113-0400: 71.586: [GC (Allocation Failure) [PSYoungGen: 154454K->46823K(187392K)] 640505K->544226K(711680K), 0.0072175 secs] [Times: user=0.05 sys=0.00, real=0.01 secs] 
2016-09-25T21:53:32.216-0400: 71.689: [GC (GCLocker Initiated GC) [PSYoungGen: 161809K->41359K(185856K)] 661912K->552840K(710144K), 0.0155328 secs] [Times: user=0.16 sys=0.00, real=0.01 secs] 
2016-09-25T21:53:32.232-0400: 71.705: [Full GC (Ergonomics) [PSYoungGen: 41359K->0K(185856K)] [ParOldGen: 511481K->319325K(524288K)] 552840K->319325K(710144K), [Metaspace: 43643K->43643K(1087488K)], 0.0795040 secs] [Times: user=0.53 sys=0.00, real=0.08 secs] 
2016-09-25T21:53:32.379-0400: 71.852: [GC (GCLocker Initiated GC) [PSYoungGen: 116734K->52941K(191488K)] 443055K->379261K(715776K), 0.0124511 secs] [Times: user=0.12 sys=0.00, real=0.01 secs] 
2016-09-25T21:53:32.503-0400: 71.976: [GC (GCLocker Initiated GC) [PSYoungGen: 175821K->55051K(190976K)] 502260K->382770K(715264K), 0.0119836 secs] [Times: user=0.10 sys=0.01, real=0.01 secs] 
2016-09-25T21:53:32.622-0400: 72.095: [GC (GCLocker Initiated GC) [PSYoungGen: 177931K->62014K(187392K)] 505681K->403923K(711680K), 0.0102604 secs] [Times: user=0.12 sys=0.00, real=0.01 secs] 
2016-09-25T21:53:32.733-0400: 72.207: [GC (GCLocker Initiated GC) [PSYoungGen: 180798K->36270K(190464K)] 532302K->399390K(714752K), 0.0233547 secs] [Times: user=0.29 sys=0.00, real=0.03 secs] 
2016-09-25T21:53:32.860-0400: 72.333: [GC (GCLocker Initiated GC) [PSYoungGen: 155054K->56483K(189440K)] 518318K->420524K(713728K), 0.0088941 secs] [Times: user=0.06 sys=0.00, real=0.01 secs] 
2016-09-25T21:53:32.986-0400: 72.459: [GC (GCLocker Initiated GC) [PSYoungGen: 174243K->41601K(189952K)] 546412K->414471K(714240K), 0.0356979 secs] [Times: user=0.36 sys=0.01, real=0.03 secs] 
2016-09-25T21:53:33.123-0400: 72.596: [GC (GCLocker Initiated GC) [PSYoungGen: 159361K->41461K(187904K)] 532252K->415092K(712192K), 0.0106351 secs] [Times: user=0.12 sys=0.00, real=0.00 secs] 
2016-09-25T21:53:33.238-0400: 72.711: [GC (GCLocker Initiated GC) [PSYoungGen: 159733K->39124K(188928K)] 538793K->429658K(713216K), 0.0175929 secs] [Times: user=0.18 sys=0.01, real=0.02 secs] 
2016-09-25T21:53:33.354-0400: 72.827: [GC (GCLocker Initiated GC) [PSYoungGen: 157396K->60650K(186880K)] 548100K->452255K(711168K), 0.0095908 secs] [Times: user=0.09 sys=0.00, real=0.02 secs] 
2016-09-25T21:53:33.486-0400: 72.959: [GC (GCLocker Initiated GC) [PSYoungGen: 177386K->50012K(189440K)] 575796K->449232K(713728K), 0.0240930 secs] [Times: user=0.31 sys=0.00, real=0.02 secs] 
2016-09-25T21:53:33.594-0400: 73.068: [GC (GCLocker Initiated GC) [PSYoungGen: 166748K->43215K(186880K)] 571459K->451562K(711168K), 0.0092255 secs] [Times: user=0.11 sys=0.00, real=0.01 secs] 
2016-09-25T21:53:33.750-0400: 73.223: [GC (GCLocker Initiated GC) [PSYoungGen: 161999K->33609K(188416K)] 580129K->452759K(712704K), 0.0133632 secs] [Times: user=0.13 sys=0.00, real=0.02 secs] 
2016-09-25T21:53:33.849-0400: 73.322: [GC (GCLocker Initiated GC) [PSYoungGen: 152393K->52651K(192000K)] 574292K->483523K(716288K), 0.0270368 secs] [Times: user=0.26 sys=0.00, real=0.03 secs] 
2016-09-25T21:53:34.001-0400: 73.475: [GC (GCLocker Initiated GC) [PSYoungGen: 175019K->48397K(171008K)] 608711K->483040K(695296K), 0.0148627 secs] [Times: user=0.14 sys=0.01, real=0.02 secs] 
2016-09-25T21:53:34.149-0400: 73.623: [GC (GCLocker Initiated GC) [PSYoungGen: 170765K->35101K(190976K)] 613574K->497685K(715264K), 0.0136291 secs] [Times: user=0.11 sys=0.01, real=0.02 secs] 
2016-09-25T21:53:34.275-0400: 73.748: [GC (GCLocker Initiated GC) [PSYoungGen: 157981K->63609K(186880K)] 623289K->529925K(711168K), 0.0162331 secs] [Times: user=0.19 sys=0.00, real=0.01 secs] 
2016-09-25T21:53:34.414-0400: 73.887: [GC (GCLocker Initiated GC) [PSYoungGen: 186489K->40456K(190976K)] 652857K->515921K(715264K), 0.0125002 secs] [Times: user=0.13 sys=0.00, real=0.02 secs] 
2016-09-25T21:53:34.521-0400: 73.994: [GC (GCLocker Initiated GC) [PSYoungGen: 159240K->56829K(189952K)] 637426K->535920K(714240K), 0.0146738 secs] [Times: user=0.13 sys=0.00, real=0.02 secs] 
2016-09-25T21:53:34.641-0400: 74.114: [GC (GCLocker Initiated GC) [PSYoungGen: 175613K->49952K(188928K)] 656913K->532218K(713216K), 0.0142097 secs] [Times: user=0.14 sys=0.00, real=0.02 secs] 
2016-09-25T21:53:34.784-0400: 74.257: [GC (GCLocker Initiated GC) [PSYoungGen: 168736K->33577K(189440K)] 657053K->536386K(713728K), 0.0233443 secs] [Times: user=0.24 sys=0.00, real=0.02 secs] 
2016-09-25T21:53:34.808-0400: 74.281: [Full GC (Ergonomics) [PSYoungGen: 33577K->0K(189440K)] [ParOldGen: 502808K->334171K(524288K)] 536386K->334171K(713728K), [Metaspace: 43643K->43643K(1087488K)], 0.0603868 secs] [Times: user=0.38 sys=0.00, real=0.06 secs] 
2016-09-25T21:53:34.974-0400: 74.447: [GC (GCLocker Initiated GC) [PSYoungGen: 118784K->57006K(188928K)] 452978K->391201K(713216K), 0.0160841 secs] [Times: user=0.16 sys=0.00, real=0.02 secs] 
2016-09-25T21:53:35.095-0400: 74.568: [GC (GCLocker Initiated GC) [PSYoungGen: 174766K->39247K(189952K)] 511935K->397963K(714240K), 0.0056266 secs] [Times: user=0.07 sys=0.00, real=0.00 secs] 
2016-09-25T21:53:35.185-0400: 74.658: [GC (GCLocker Initiated GC) [PSYoungGen: 157007K->39295K(187904K)] 530758K->419288K(712192K), 0.0239921 secs] [Times: user=0.28 sys=0.00, real=0.02 secs] 
2016-09-25T21:53:35.314-0400: 74.787: [GC (GCLocker Initiated GC) [PSYoungGen: 158079K->44478K(188928K)] 543617K->439187K(713216K), 0.0126125 secs] [Times: user=0.12 sys=0.01, real=0.02 secs] 
2016-09-25T21:53:35.444-0400: 74.917: [GC (GCLocker Initiated GC) [PSYoungGen: 163262K->38883K(190976K)] 558093K->434592K(715264K), 0.0079948 secs] [Times: user=0.06 sys=0.00, real=0.00 secs] 
2016-09-25T21:53:35.559-0400: 75.032: [GC (GCLocker Initiated GC) [PSYoungGen: 162787K->30999K(190976K)] 563833K->443696K(715264K), 0.0305449 secs] [Times: user=0.28 sys=0.00, real=0.03 secs] 
2016-09-25T21:53:35.697-0400: 75.171: [GC (GCLocker Initiated GC) [PSYoungGen: 154903K->43124K(191488K)] 567681K->465109K(715776K), 0.0067131 secs] [Times: user=0.06 sys=0.00, real=0.01 secs] 
2016-09-25T21:53:35.826-0400: 75.299: [GC (GCLocker Initiated GC) [PSYoungGen: 170612K->28654K(193024K)] 604825K->479981K(717312K), 0.0314918 secs] [Times: user=0.31 sys=0.00, real=0.03 secs] 
2016-09-25T21:53:35.975-0400: 75.449: [GC (GCLocker Initiated GC) [PSYoungGen: 156142K->48569K(196608K)] 607703K->514724K(720896K), 0.0112255 secs] [Times: user=0.06 sys=0.00, real=0.01 secs] 
2016-09-25T21:53:36.114-0400: 75.587: [GC (GCLocker Initiated GC) [PSYoungGen: 179641K->33729K(164864K)] 656967K->512030K(689152K), 0.0061975 secs] [Times: user=0.05 sys=0.00, real=0.01 secs] 
2016-09-25T21:53:36.240-0400: 75.713: [GC (GCLocker Initiated GC) [PSYoungGen: 164801K->63435K(185856K)] 645837K->561760K(710144K), 0.0184196 secs] [Times: user=0.16 sys=0.01, real=0.02 secs] 
2016-09-25T21:53:36.259-0400: 75.732: [Full GC (Ergonomics) [PSYoungGen: 63435K->0K(185856K)] [ParOldGen: 498325K->353560K(524288K)] 561760K->353560K(710144K), [Metaspace: 43650K->43650K(1087488K)], 0.0684536 secs] [Times: user=0.50 sys=0.02, real=0.07 secs] 
2016-09-25T21:53:36.434-0400: 75.907: [GC (GCLocker Initiated GC) [PSYoungGen: 120832K->49333K(191488K)] 480027K->408529K(715776K), 0.0093977 secs] [Times: user=0.11 sys=0.00, real=0.02 secs] 
2016-09-25T21:53:36.540-0400: 76.013: [GC (GCLocker Initiated GC) [PSYoungGen: 170165K->56622K(188928K)] 529397K->418823K(713216K), 0.0150982 secs] [Times: user=0.13 sys=0.01, real=0.02 secs] 
2016-09-25T21:53:36.665-0400: 76.138: [GC (GCLocker Initiated GC) [PSYoungGen: 175406K->33819K(190464K)] 549894K->438895K(714752K), 0.0272900 secs] [Times: user=0.31 sys=0.00, real=0.02 secs] 
2016-09-25T21:53:36.810-0400: 76.284: [GC (GCLocker Initiated GC) [PSYoungGen: 152603K->34994K(187904K)] 564460K->447910K(712192K), 0.0174518 secs] [Times: user=0.16 sys=0.00, real=0.02 secs] 
2016-09-25T21:53:36.925-0400: 76.398: [GC (GCLocker Initiated GC) [PSYoungGen: 154290K->40598K(189440K)] 572743K->481547K(713728K), 0.0149479 secs] [Times: user=0.14 sys=0.01, real=0.01 secs] 
2016-09-25T21:53:37.042-0400: 76.515: [GC (GCLocker Initiated GC) [PSYoungGen: 159894K->67576K(180736K)] 607686K->532655K(705024K), 0.0093124 secs] [Times: user=0.11 sys=0.01, real=0.01 secs] 
2016-09-25T21:53:37.160-0400: 76.634: [GC (GCLocker Initiated GC) [PSYoungGen: 180216K->56714K(169472K)] 652257K->543136K(693760K), 0.0152212 secs] [Times: user=0.16 sys=0.01, real=0.02 secs] 
2016-09-25T21:53:37.282-0400: 76.755: [Full GC (Ergonomics) [PSYoungGen: 169354K->0K(169472K)] [ParOldGen: 496047K->355096K(524288K)] 665401K->355096K(693760K), [Metaspace: 43650K->43650K(1087488K)], 0.0698869 secs] [Times: user=0.35 sys=0.01, real=0.07 secs] 
2016-09-25T21:53:37.443-0400: 76.916: [GC (GCLocker Initiated GC) [PSYoungGen: 112640K->65244K(178176K)] 470501K->423106K(702464K), 0.0227241 secs] [Times: user=0.29 sys=0.00, real=0.02 secs] 
2016-09-25T21:53:37.554-0400: 77.028: [GC (GCLocker Initiated GC) [PSYoungGen: 167644K->47042K(182272K)] 525561K->430637K(706560K), 0.0063304 secs] [Times: user=0.06 sys=0.01, real=0.00 secs] 
2016-09-25T21:53:37.640-0400: 77.113: [GC (GCLocker Initiated GC) [PSYoungGen: 149442K->44386K(177152K)] 535763K->436841K(701440K), 0.0097648 secs] [Times: user=0.07 sys=0.01, real=0.01 secs] 
2016-09-25T21:53:37.726-0400: 77.199: [GC (GCLocker Initiated GC) [PSYoungGen: 149858K->33462K(180224K)] 542383K->443029K(704512K), 0.0129404 secs] [Times: user=0.10 sys=0.00, real=0.01 secs] 
2016-09-25T21:53:37.808-0400: 77.281: [GC (GCLocker Initiated GC) [PSYoungGen: 138934K->51106K(185344K)] 548505K->464119K(709632K), 0.0089489 secs] [Times: user=0.08 sys=0.00, real=0.01 secs] 
2016-09-25T21:53:37.911-0400: 77.384: [GC (GCLocker Initiated GC) [PSYoungGen: 163746K->52463K(186368K)] 578168K->467673K(710656K), 0.0160262 secs] [Times: user=0.12 sys=0.00, real=0.02 secs] 
2016-09-25T21:53:38.025-0400: 77.498: [GC (GCLocker Initiated GC) [PSYoungGen: 165103K->49755K(183808K)] 581771K->478122K(708096K), 0.0206133 secs] [Times: user=0.20 sys=0.00, real=0.02 secs] 
2016-09-25T21:53:38.119-0400: 77.592: [GC (GCLocker Initiated GC) [PSYoungGen: 164955K->44431K(186368K)] 593372K->497903K(710656K), 0.0138978 secs] [Times: user=0.15 sys=0.00, real=0.01 secs] 
2016-09-25T21:53:38.231-0400: 77.704: [GC (GCLocker Initiated GC) [PSYoungGen: 159631K->37510K(188928K)] 615863K->494517K(713216K), 0.0234641 secs] [Times: user=0.24 sys=0.00, real=0.03 secs] 
2016-09-25T21:53:38.333-0400: 77.807: [GC (GCLocker Initiated GC) [PSYoungGen: 158854K->56615K(190464K)] 615907K->519847K(714752K), 0.0182894 secs] [Times: user=0.15 sys=0.01, real=0.02 secs] 
2016-09-25T21:53:38.452-0400: 77.925: [GC (GCLocker Initiated GC) [PSYoungGen: 177959K->52488K(192000K)] 646645K->549056K(716288K), 0.0231280 secs] [Times: user=0.21 sys=0.00, real=0.03 secs] 
2016-09-25T21:53:38.475-0400: 77.948: [Full GC (Ergonomics) [PSYoungGen: 52488K->0K(192000K)] [ParOldGen: 496567K->366052K(524288K)] 549056K->366052K(716288K), [Metaspace: 43659K->43659K(1087488K)], 0.0760250 secs] [Times: user=0.49 sys=0.02, real=0.07 secs] 
2016-09-25T21:53:38.643-0400: 78.116: [GC (GCLocker Initiated GC) [PSYoungGen: 121344K->69424K(190976K)] 490205K->438285K(715264K), 0.0099373 secs] [Times: user=0.11 sys=0.00, real=0.00 secs] 
2016-09-25T21:53:38.772-0400: 78.245: [GC (GCLocker Initiated GC) [PSYoungGen: 190768K->44451K(184832K)] 570555K->431026K(709120K), 0.0216004 secs] [Times: user=0.29 sys=0.00, real=0.02 secs] 
2016-09-25T21:53:38.867-0400: 78.340: [GC (GCLocker Initiated GC) [PSYoungGen: 158115K->59431K(173568K)] 548227K->461226K(697856K), 0.0120710 secs] [Times: user=0.14 sys=0.00, real=0.01 secs] 
2016-09-25T21:53:38.989-0400: 78.462: [GC (GCLocker Initiated GC) [PSYoungGen: 173095K->48317K(188928K)] 577627K->453669K(713216K), 0.0081737 secs] [Times: user=0.05 sys=0.00, real=0.01 secs] 
2016-09-25T21:53:39.071-0400: 78.544: [GC (GCLocker Initiated GC) [PSYoungGen: 161981K->52452K(166400K)] 568672K->470579K(690688K), 0.0125850 secs] [Times: user=0.11 sys=0.01, real=0.02 secs] 
2016-09-25T21:53:39.196-0400: 78.669: [GC (GCLocker Initiated GC) [PSYoungGen: 166116K->48401K(186880K)] 592506K->486423K(711168K), 0.0179686 secs] [Times: user=0.23 sys=0.00, real=0.01 secs] 
2016-09-25T21:53:39.310-0400: 78.783: [GC (GCLocker Initiated GC) [PSYoungGen: 163601K->51229K(185344K)] 604451K->500851K(709632K), 0.0104947 secs] [Times: user=0.07 sys=0.02, real=0.01 secs] 
2016-09-25T21:53:39.418-0400: 78.891: [GC (Allocation Failure) [PSYoungGen: 166429K->65955K(184832K)] 618883K->519209K(709120K), 0.0086237 secs] [Times: user=0.10 sys=0.00, real=0.01 secs] 
2016-09-25T21:53:39.428-0400: 78.901: [GC (GCLocker Initiated GC) [PSYoungGen: 69292K->2956K(119296K)] 522546K->517835K(643584K), 0.0073244 secs] [Times: user=0.08 sys=0.01, real=0.01 secs] 
2016-09-25T21:53:39.435-0400: 78.908: [Full GC (Ergonomics) [PSYoungGen: 2956K->0K(119296K)] [ParOldGen: 514879K->371771K(524288K)] 517835K->371771K(643584K), [Metaspace: 43659K->43659K(1087488K)], 0.0686009 secs] [Times: user=0.58 sys=0.01, real=0.07 secs] 
2016-09-25T21:53:39.608-0400: 79.081: [GC (GCLocker Initiated GC) [PSYoungGen: 116224K->58402K(181248K)] 487997K->430176K(705536K), 0.0058066 secs] [Times: user=0.05 sys=0.00, real=0.00 secs] 
2016-09-25T21:53:39.686-0400: 79.159: [GC (GCLocker Initiated GC) [PSYoungGen: 160802K->37609K(140288K)] 539347K->417392K(664576K), 0.0143377 secs] [Times: user=0.16 sys=0.00, real=0.01 secs] 
2016-09-25T21:53:39.806-0400: 79.279: [GC (GCLocker Initiated GC) [PSYoungGen: 140009K->29348K(181760K)] 526942K->416952K(706048K), 0.0175652 secs] [Times: user=0.18 sys=0.00, real=0.02 secs] 
2016-09-25T21:53:39.877-0400: 79.350: [GC (GCLocker Initiated GC) [PSYoungGen: 132772K->71301K(175104K)] 523127K->462335K(699392K), 0.0064807 secs] [Times: user=0.08 sys=0.01, real=0.01 secs] 
2016-09-25T21:53:39.979-0400: 79.452: [GC (GCLocker Initiated GC) [PSYoungGen: 174725K->53716K(178688K)] 571183K->450675K(702976K), 0.0184549 secs] [Times: user=0.24 sys=0.00, real=0.02 secs] 
2016-09-25T21:53:40.084-0400: 79.558: [GC (GCLocker Initiated GC) [PSYoungGen: 147924K->47026K(141312K)] 555820K->455508K(665600K), 0.0060576 secs] [Times: user=0.06 sys=0.01, real=0.00 secs] 
2016-09-25T21:53:40.176-0400: 79.649: [GC (GCLocker Initiated GC) [PSYoungGen: 141234K->69972K(168960K)] 555189K->484573K(693248K), 0.0202162 secs] [Times: user=0.26 sys=0.02, real=0.02 secs] 
2016-09-25T21:53:40.292-0400: 79.765: [GC (GCLocker Initiated GC) [PSYoungGen: 159060K->65822K(174080K)] 576441K->494568K(698368K), 0.0089332 secs] [Times: user=0.12 sys=0.00, real=0.01 secs] 
2016-09-25T21:53:40.371-0400: 79.844: [GC (GCLocker Initiated GC) [PSYoungGen: 154910K->60330K(175616K)] 583763K->489693K(699904K), 0.0060258 secs] [Times: user=0.08 sys=0.00, real=0.01 secs] 
2016-09-25T21:53:40.443-0400: 79.916: [GC (GCLocker Initiated GC) [PSYoungGen: 148906K->67300K(175104K)] 581084K->499912K(699392K), 0.0064338 secs] [Times: user=0.08 sys=0.01, real=0.00 secs] 
2016-09-25T21:53:40.513-0400: 79.986: [GC (GCLocker Initiated GC) [PSYoungGen: 155876K->41562K(175104K)] 588558K->491186K(699392K), 0.0120312 secs] [Times: user=0.12 sys=0.00, real=0.02 secs] 
2016-09-25T21:53:40.577-0400: 80.050: [GC (GCLocker Initiated GC) [PSYoungGen: 129626K->49755K(138240K)] 584654K->535250K(662528K), 0.0104092 secs] [Times: user=0.14 sys=0.00, real=0.01 secs] 
2016-09-25T21:53:40.643-0400: 80.116: [Full GC (Ergonomics) [PSYoungGen: 137819K->0K(138240K)] [ParOldGen: 491026K->369866K(524288K)] 628846K->369866K(662528K), [Metaspace: 43702K->43702K(1087488K)], 0.0559847 secs] [Times: user=0.54 sys=0.00, real=0.05 secs] 
2016-09-25T21:53:40.758-0400: 80.232: [GC (GCLocker Initiated GC) [PSYoungGen: 88064K->62043K(172032K)] 458023K->432002K(696320K), 0.0067571 secs] [Times: user=0.06 sys=0.00, real=0.01 secs] 
2016-09-25T21:53:40.825-0400: 80.298: [GC (GCLocker Initiated GC) [PSYoungGen: 149595K->53875K(172544K)] 524956K->459837K(696832K), 0.0074832 secs] [Times: user=0.09 sys=0.00, real=0.00 secs] 
2016-09-25T21:53:40.893-0400: 80.367: [GC (GCLocker Initiated GC) [PSYoungGen: 141427K->68697K(172032K)] 547392K->476757K(696320K), 0.0063609 secs] [Times: user=0.08 sys=0.01, real=0.01 secs] 
2016-09-25T21:53:40.950-0400: 80.423: [GC (GCLocker Initiated GC) [PSYoungGen: 158809K->42901K(174592K)] 572511K->457279K(698880K), 0.0058052 secs] [Times: user=0.06 sys=0.00, real=0.01 secs] 
2016-09-25T21:53:41.007-0400: 80.480: [GC (GCLocker Initiated GC) [PSYoungGen: 133013K->64709K(176128K)] 550161K->482539K(700416K), 0.0057275 secs] [Times: user=0.07 sys=0.00, real=0.00 secs] 
2016-09-25T21:53:41.067-0400: 80.540: [GC (GCLocker Initiated GC) [PSYoungGen: 156869K->46965K(139264K)] 580291K->479218K(663552K), 0.0124677 secs] [Times: user=0.09 sys=0.00, real=0.01 secs] 
2016-09-25T21:53:41.141-0400: 80.614: [GC (GCLocker Initiated GC) [PSYoungGen: 139125K->59214K(177664K)] 572888K->493730K(701952K), 0.0061076 secs] [Times: user=0.08 sys=0.00, real=0.01 secs] 
2016-09-25T21:53:41.200-0400: 80.673: [GC (GCLocker Initiated GC) [PSYoungGen: 153422K->56543K(176640K)] 596217K->513497K(700928K), 0.0093010 secs] [Times: user=0.07 sys=0.00, real=0.01 secs] 
2016-09-25T21:53:41.269-0400: 80.742: [GC (GCLocker Initiated GC) [PSYoungGen: 150751K->44516K(177664K)] 611787K->506266K(701952K), 0.0144265 secs] [Times: user=0.19 sys=0.00, real=0.02 secs] 
2016-09-25T21:53:41.343-0400: 80.816: [GC (GCLocker Initiated GC) [PSYoungGen: 141796K->56452K(176640K)] 603683K->519191K(700928K), 0.0141863 secs] [Times: user=0.17 sys=0.00, real=0.01 secs] 
2016-09-25T21:53:41.425-0400: 80.898: [GC (GCLocker Initiated GC) [PSYoungGen: 153732K->32432K(178688K)] 632780K->531082K(702976K), 0.0085642 secs] [Times: user=0.12 sys=0.00, real=0.00 secs] 
2016-09-25T21:53:41.434-0400: 80.907: [Full GC (Ergonomics) [PSYoungGen: 32432K->0K(178688K)] [ParOldGen: 498650K->383745K(524288K)] 531082K->383745K(702976K), [Metaspace: 43731K->43731K(1087488K)], 0.0586509 secs] [Times: user=0.54 sys=0.00, real=0.06 secs] 
2016-09-25T21:53:41.562-0400: 81.035: [GC (GCLocker Initiated GC) [PSYoungGen: 100864K->54164K(180224K)] 490049K->443349K(704512K), 0.0136410 secs] [Times: user=0.16 sys=0.01, real=0.02 secs] 
2016-09-25T21:53:41.638-0400: 81.111: [GC (GCLocker Initiated GC) [PSYoungGen: 155028K->67319K(178688K)] 544285K->459000K(702976K), 0.0104621 secs] [Times: user=0.15 sys=0.00, real=0.01 secs] 
2016-09-25T21:53:41.715-0400: 81.188: [GC (GCLocker Initiated GC) [PSYoungGen: 168695K->31112K(132608K)] 567139K->430277K(656896K), 0.0050616 secs] [Times: user=0.04 sys=0.00, real=0.00 secs] 
2016-09-25T21:53:41.778-0400: 81.251: [GC (GCLocker Initiated GC) [PSYoungGen: 132488K->61918K(178688K)] 531704K->462053K(702976K), 0.0132094 secs] [Times: user=0.14 sys=0.00, real=0.01 secs] 
2016-09-25T21:53:41.859-0400: 81.332: [GC (GCLocker Initiated GC) [PSYoungGen: 159198K->64777K(162304K)] 559414K->468501K(686592K), 0.0121566 secs] [Times: user=0.17 sys=0.00, real=0.01 secs] 
2016-09-25T21:53:41.933-0400: 81.406: [GC (GCLocker Initiated GC) [PSYoungGen: 162057K->32340K(177152K)] 577966K->486904K(701440K), 0.0064021 secs] [Times: user=0.10 sys=0.00, real=0.01 secs] 
2016-09-25T21:53:41.995-0400: 81.469: [GC (GCLocker Initiated GC) [PSYoungGen: 125524K->49827K(143360K)] 580131K->516076K(667648K), 0.0081550 secs] [Times: user=0.10 sys=0.00, real=0.01 secs] 
2016-09-25T21:53:42.057-0400: 81.530: [GC (GCLocker Initiated GC) [PSYoungGen: 143011K->56544K(177152K)] 612189K->526461K(701440K), 0.0070969 secs] [Times: user=0.05 sys=0.01, real=0.01 secs] 
2016-09-25T21:53:42.126-0400: 81.599: [GC (GCLocker Initiated GC) [PSYoungGen: 151776K->37638K(175616K)] 624919K->511502K(699904K), 0.0064089 secs] [Times: user=0.06 sys=0.00, real=0.00 secs] 
2016-09-25T21:53:42.200-0400: 81.673: [GC (GCLocker Initiated GC) [PSYoungGen: 132870K->22694K(178688K)] 617730K->525969K(702976K), 0.0194893 secs] [Times: user=0.20 sys=0.00, real=0.02 secs] 
2016-09-25T21:53:42.220-0400: 81.693: [Full GC (Ergonomics) [PSYoungGen: 22694K->0K(178688K)] [ParOldGen: 503274K->391172K(524288K)] 525969K->391172K(702976K), [Metaspace: 43736K->43736K(1087488K)], 0.0589286 secs] [Times: user=0.48 sys=0.00, real=0.06 secs] 
2016-09-25T21:53:42.345-0400: 81.818: [GC (GCLocker Initiated GC) [PSYoungGen: 98302K->62352K(160768K)] 495122K->459173K(685056K), 0.0066534 secs] [Times: user=0.08 sys=0.01, real=0.00 secs] 
2016-09-25T21:53:42.424-0400: 81.897: [GC (GCLocker Initiated GC) [PSYoungGen: 160656K->42854K(180736K)] 557506K->442128K(705024K), 0.0141730 secs] [Times: user=0.14 sys=0.01, real=0.01 secs] 
2016-09-25T21:53:42.507-0400: 81.980: [GC (GCLocker Initiated GC) [PSYoungGen: 139622K->32592K(129536K)] 553906K->466580K(653824K), 0.0115597 secs] [Times: user=0.10 sys=0.01, real=0.01 secs] 
2016-09-25T21:53:42.583-0400: 82.057: [GC (GCLocker Initiated GC) [PSYoungGen: 129360K->73000K(168960K)] 566226K->510864K(693248K), 0.0093535 secs] [Times: user=0.12 sys=0.00, real=0.00 secs] 
2016-09-25T21:53:42.650-0400: 82.123: [GC (GCLocker Initiated GC) [PSYoungGen: 161064K->40219K(175104K)] 599049K->492586K(699392K), 0.0069494 secs] [Times: user=0.06 sys=0.00, real=0.01 secs] 
2016-09-25T21:53:42.731-0400: 82.204: [GC (GCLocker Initiated GC) [PSYoungGen: 128283K->52498K(168960K)] 580738K->516454K(693248K), 0.0110177 secs] [Times: user=0.12 sys=0.00, real=0.01 secs] 
2016-09-25T21:53:42.818-0400: 82.291: [GC (GCLocker Initiated GC) [PSYoungGen: 142610K->28131K(173056K)] 618790K->515910K(697344K), 0.0195595 secs] [Times: user=0.25 sys=0.00, real=0.02 secs] 
2016-09-25T21:53:42.900-0400: 82.373: [GC (GCLocker Initiated GC) [PSYoungGen: 118243K->56701K(179200K)] 611450K->550848K(703488K), 0.0144534 secs] [Times: user=0.20 sys=0.00, real=0.02 secs] 
2016-09-25T21:53:42.981-0400: 82.454: [Full GC (Ergonomics) [PSYoungGen: 152957K->0K(179200K)] [ParOldGen: 498293K->398279K(524288K)] 651251K->398279K(703488K), [Metaspace: 43755K->43755K(1087488K)], 0.0500008 secs] [Times: user=0.35 sys=0.00, real=0.05 secs] 
2016-09-25T21:53:43.092-0400: 82.565: [GC (GCLocker Initiated GC) [PSYoungGen: 96256K->63548K(160256K)] 494704K->461997K(684544K), 0.0103341 secs] [Times: user=0.06 sys=0.01, real=0.01 secs] 
2016-09-25T21:53:43.165-0400: 82.638: [GC (GCLocker Initiated GC) [PSYoungGen: 159804K->37730K(178176K)] 561026K->449554K(702464K), 0.0056189 secs] [Times: user=0.05 sys=0.00, real=0.00 secs] 
2016-09-25T21:53:43.236-0400: 82.709: [GC (GCLocker Initiated GC) [PSYoungGen: 130402K->20168K(176640K)] 546992K->453886K(700928K), 0.0086741 secs] [Times: user=0.09 sys=0.00, real=0.01 secs] 
2016-09-25T21:53:43.308-0400: 82.781: [GC (GCLocker Initiated GC) [PSYoungGen: 112840K->42171K(173056K)] 561440K->491839K(697344K), 0.0056075 secs] [Times: user=0.06 sys=0.00, real=0.00 secs] 
2016-09-25T21:53:43.381-0400: 82.854: [GC (GCLocker Initiated GC) [PSYoungGen: 135355K->55616K(175104K)] 589177K->510645K(699392K), 0.0278593 secs] [Times: user=0.41 sys=0.00, real=0.03 secs] 
2016-09-25T21:53:43.481-0400: 82.954: [GC (GCLocker Initiated GC) [PSYoungGen: 148800K->45983K(173056K)] 605559K->509342K(697344K), 0.0095664 secs] [Times: user=0.12 sys=0.01, real=0.01 secs] 
2016-09-25T21:53:43.556-0400: 83.029: [GC (GCLocker Initiated GC) [PSYoungGen: 144287K->60826K(176640K)] 607688K->527969K(700928K), 0.0071236 secs] [Times: user=0.08 sys=0.00, real=0.01 secs] 
2016-09-25T21:53:43.643-0400: 83.116: [GC (GCLocker Initiated GC) [PSYoungGen: 159130K->47672K(179200K)] 641434K->531075K(703488K), 0.0052610 secs] [Times: user=0.06 sys=0.00, real=0.00 secs] 
2016-09-25T21:53:43.713-0400: 83.186: [GC (GCLocker Initiated GC) [PSYoungGen: 150584K->67706K(180224K)] 634113K->560707K(704512K), 0.0078505 secs] [Times: user=0.09 sys=0.00, real=0.01 secs] 
2016-09-25T21:53:43.797-0400: 83.271: [GC (GCLocker Initiated GC) [PSYoungGen: 170618K->47584K(181760K)] 666449K->557941K(706048K), 0.0070556 secs] [Times: user=0.08 sys=0.00, real=0.01 secs] 
2016-09-25T21:53:43.805-0400: 83.278: [Full GC (Ergonomics) [PSYoungGen: 47584K->0K(181760K)] [ParOldGen: 510357K->403239K(524288K)] 557941K->403239K(706048K), [Metaspace: 43757K->43757K(1087488K)], 0.0619282 secs] [Times: user=0.44 sys=0.01, real=0.06 secs] 
2016-09-25T21:53:43.931-0400: 83.405: [GC (GCLocker Initiated GC) [PSYoungGen: 101376K->45607K(147456K)] 518334K->462566K(671744K), 0.0063241 secs] [Times: user=0.06 sys=0.00, real=0.01 secs] 
2016-09-25T21:53:44.013-0400: 83.486: [GC (GCLocker Initiated GC) [PSYoungGen: 146983K->62274K(177664K)] 568100K->485366K(701952K), 0.0108425 secs] [Times: user=0.13 sys=0.00, real=0.02 secs] 
2016-09-25T21:53:44.092-0400: 83.565: [GC (GCLocker Initiated GC) [PSYoungGen: 163138K->65376K(179712K)] 587708K->510065K(704000K), 0.0077232 secs] [Times: user=0.08 sys=0.00, real=0.01 secs] 
2016-09-25T21:53:44.166-0400: 83.639: [GC (GCLocker Initiated GC) [PSYoungGen: 166240K->62179K(178688K)] 611017K->508225K(702976K), 0.0213095 secs] [Times: user=0.24 sys=0.00, real=0.02 secs] 
2016-09-25T21:53:44.261-0400: 83.734: [GC (GCLocker Initiated GC) [PSYoungGen: 159459K->41930K(179712K)] 611088K->494644K(704000K), 0.0221669 secs] [Times: user=0.26 sys=0.00, real=0.03 secs] 
2016-09-25T21:53:44.347-0400: 83.820: [GC (GCLocker Initiated GC) [PSYoungGen: 139210K->54114K(175616K)] 592054K->508035K(699904K), 0.0095597 secs] [Times: user=0.10 sys=0.00, real=0.01 secs] 
2016-09-25T21:53:44.420-0400: 83.894: [GC (GCLocker Initiated GC) [PSYoungGen: 152418K->54202K(177664K)] 606395K->509283K(701952K), 0.0077136 secs] [Times: user=0.07 sys=0.00, real=0.01 secs] 
2016-09-25T21:53:44.495-0400: 83.968: [GC (GCLocker Initiated GC) [PSYoungGen: 152506K->44601K(180736K)] 613045K->506219K(705024K), 0.0083293 secs] [Times: user=0.06 sys=0.01, real=0.01 secs] 
2016-09-25T21:53:44.569-0400: 84.042: [GC (GCLocker Initiated GC) [PSYoungGen: 150073K->63785K(181760K)] 611899K->537588K(706048K), 0.0265165 secs] [Times: user=0.31 sys=0.01, real=0.03 secs] 
2016-09-25T21:53:44.663-0400: 84.136: [GC (GCLocker Initiated GC) [PSYoungGen: 169257K->54213K(183808K)] 643143K->553644K(708096K), 0.0166832 secs] [Times: user=0.19 sys=0.00, real=0.01 secs] 
2016-09-25T21:53:44.680-0400: 84.153: [Full GC (Ergonomics) [PSYoungGen: 54213K->0K(183808K)] [ParOldGen: 499430K->417064K(524288K)] 553644K->417064K(708096K), [Metaspace: 43760K->43760K(1087488K)], 0.0643940 secs] [Times: user=0.37 sys=0.00, real=0.07 secs] 
2016-09-25T21:53:44.824-0400: 84.297: [GC (GCLocker Initiated GC) [PSYoungGen: 107520K->55040K(183808K)] 524706K->472226K(708096K), 0.0107665 secs] [Times: user=0.11 sys=0.00, real=0.01 secs] 
2016-09-25T21:53:44.913-0400: 84.386: [GC (GCLocker Initiated GC) [PSYoungGen: 162560K->41117K(184320K)] 591992K->483363K(708608K), 0.0189954 secs] [Times: user=0.23 sys=0.00, real=0.02 secs] 
2016-09-25T21:53:45.006-0400: 84.479: [GC (GCLocker Initiated GC) [PSYoungGen: 150685K->41903K(184320K)] 593164K->499225K(708608K), 0.0115938 secs] [Times: user=0.10 sys=0.01, real=0.01 secs] 
2016-09-25T21:53:45.099-0400: 84.572: [GC (GCLocker Initiated GC) [PSYoungGen: 151471K->35494K(186880K)] 615560K->500698K(711168K), 0.0138864 secs] [Times: user=0.13 sys=0.00, real=0.01 secs] 
2016-09-25T21:53:45.182-0400: 84.655: [GC (GCLocker Initiated GC) [PSYoungGen: 148134K->60835K(173568K)] 613382K->527420K(697856K), 0.0218146 secs] [Times: user=0.21 sys=0.01, real=0.03 secs] 
2016-09-25T21:53:45.269-0400: 84.742: [GC (GCLocker Initiated GC) [PSYoungGen: 173475K->46063K(187904K)] 645625K->530128K(712192K), 0.0141035 secs] [Times: user=0.15 sys=0.00, real=0.02 secs] 
2016-09-25T21:53:45.375-0400: 84.848: [GC (GCLocker Initiated GC) [PSYoungGen: 157679K->53296K(165376K)] 641783K->538617K(689664K), 0.0126115 secs] [Times: user=0.14 sys=0.00, real=0.01 secs] 
2016-09-25T21:53:45.457-0400: 84.931: [GC (GCLocker Initiated GC) [PSYoungGen: 164912K->57157K(184320K)] 657055K->550653K(708608K), 0.0107947 secs] [Times: user=0.14 sys=0.00, real=0.01 secs] 
2016-09-25T21:53:45.560-0400: 85.033: [GC (GCLocker Initiated GC) [PSYoungGen: 168261K->57043K(184832K)] 664866K->554943K(709120K), 0.0093466 secs] [Times: user=0.12 sys=0.00, real=0.01 secs] 
2016-09-25T21:53:45.630-0400: 85.104: [Full GC (Ergonomics) [PSYoungGen: 168147K->0K(184832K)] [ParOldGen: 503406K->431650K(524288K)] 671553K->431650K(709120K), [Metaspace: 43797K->43797K(1087488K)], 0.0582172 secs] [Times: user=0.41 sys=0.00, real=0.06 secs] 
2016-09-25T21:53:45.768-0400: 85.241: [GC (GCLocker Initiated GC) [PSYoungGen: 111104K->60249K(186368K)] 545518K->494664K(710656K), 0.0105510 secs] [Times: user=0.11 sys=0.00, real=0.01 secs] 
2016-09-25T21:53:45.854-0400: 85.327: [GC (GCLocker Initiated GC) [PSYoungGen: 172889K->63492K(176640K)] 610126K->505252K(700928K), 0.0247372 secs] [Times: user=0.29 sys=0.02, real=0.02 secs] 
2016-09-25T21:53:45.961-0400: 85.434: [GC (GCLocker Initiated GC) [PSYoungGen: 176132K->47459K(186880K)] 623317K->514522K(711168K), 0.0147621 secs] [Times: user=0.20 sys=0.01, real=0.02 secs] 
2016-09-25T21:53:46.059-0400: 85.532: [GC (GCLocker Initiated GC) [PSYoungGen: 158051K->47417K(158208K)] 633243K->537252K(682496K), 0.0117932 secs] [Times: user=0.11 sys=0.01, real=0.01 secs] 
2016-09-25T21:53:46.143-0400: 85.616: [GC (GCLocker Initiated GC) [PSYoungGen: 158009K->45878K(185344K)] 650622K->539544K(709632K), 0.0065443 secs] [Times: user=0.08 sys=0.00, real=0.00 secs] 
2016-09-25T21:53:46.222-0400: 85.695: [GC (GCLocker Initiated GC) [PSYoungGen: 157494K->53737K(184320K)] 653971K->551061K(708608K), 0.0141924 secs] [Times: user=0.14 sys=0.00, real=0.01 secs] 
2016-09-25T21:53:46.304-0400: 85.778: [GC (GCLocker Initiated GC) [PSYoungGen: 165353K->37556K(186880K)] 665099K->551537K(711168K), 0.0166674 secs] [Times: user=0.17 sys=0.01, real=0.01 secs] 
2016-09-25T21:53:46.321-0400: 85.795: [Full GC (Ergonomics) [PSYoungGen: 37556K->0K(186880K)] [ParOldGen: 513980K->435212K(524288K)] 551537K->435212K(711168K), [Metaspace: 43841K->43841K(1087488K)], 0.0631048 secs] [Times: user=0.42 sys=0.00, real=0.07 secs] 
2016-09-25T21:53:46.463-0400: 85.936: [GC (GCLocker Initiated GC) [PSYoungGen: 115200K->40419K(187392K)] 555834K->481053K(711680K), 0.0056143 secs] [Times: user=0.05 sys=0.00, real=0.00 secs] 
2016-09-25T21:53:46.535-0400: 86.008: [GC (GCLocker Initiated GC) [PSYoungGen: 155619K->42922K(187904K)] 596401K->484612K(712192K), 0.0060234 secs] [Times: user=0.06 sys=0.00, real=0.00 secs] 
2016-09-25T21:53:46.611-0400: 86.084: [GC (GCLocker Initiated GC) [PSYoungGen: 161190K->45612K(188928K)] 611222K->504463K(713216K), 0.0111724 secs] [Times: user=0.09 sys=0.00, real=0.01 secs] 
2016-09-25T21:53:46.713-0400: 86.186: [GC (GCLocker Initiated GC) [PSYoungGen: 163883K->54040K(190976K)] 635122K->525988K(715264K), 0.0061491 secs] [Times: user=0.07 sys=0.01, real=0.01 secs] 
2016-09-25T21:53:46.797-0400: 86.270: [GC (GCLocker Initiated GC) [PSYoungGen: 175896K->56465K(190976K)] 650631K->532086K(715264K), 0.0096834 secs] [Times: user=0.11 sys=0.00, real=0.01 secs] 
2016-09-25T21:53:46.880-0400: 86.353: [GC (GCLocker Initiated GC) [PSYoungGen: 178321K->56685K(191488K)] 654013K->543860K(715776K), 0.0084900 secs] [Times: user=0.09 sys=0.00, real=0.01 secs] 
2016-09-25T21:53:46.964-0400: 86.438: [GC (GCLocker Initiated GC) [PSYoungGen: 178541K->38887K(192000K)] 671275K->551287K(716288K), 0.0093002 secs] [Times: user=0.11 sys=0.00, real=0.00 secs] 
2016-09-25T21:53:46.974-0400: 86.447: [Full GC (Ergonomics) [PSYoungGen: 38887K->0K(192000K)] [ParOldGen: 512400K->442834K(524288K)] 551287K->442834K(716288K), [Metaspace: 43864K->43864K(1087488K)], 0.0651332 secs] [Times: user=0.48 sys=0.01, real=0.07 secs] 
2016-09-25T21:53:47.116-0400: 86.590: [GC (GCLocker Initiated GC) [PSYoungGen: 121856K->55462K(190976K)] 571313K->504920K(715264K), 0.0105555 secs] [Times: user=0.15 sys=0.00, real=0.01 secs] 
2016-09-25T21:53:47.203-0400: 86.676: [GC (GCLocker Initiated GC) [PSYoungGen: 176294K->37723K(191488K)] 628529K->499040K(715776K), 0.0064650 secs] [Times: user=0.07 sys=0.00, real=0.00 secs] 
2016-09-25T21:53:47.288-0400: 86.761: [GC (GCLocker Initiated GC) [PSYoungGen: 158555K->43102K(189440K)] 623959K->509299K(713728K), 0.0105546 secs] [Times: user=0.12 sys=0.01, real=0.01 secs] 
2016-09-25T21:53:47.388-0400: 86.861: [GC (GCLocker Initiated GC) [PSYoungGen: 163934K->58219K(190464K)] 634306K->532239K(714752K), 0.0161140 secs] [Times: user=0.21 sys=0.00, real=0.02 secs] 
2016-09-25T21:53:47.491-0400: 86.964: [GC (GCLocker Initiated GC) [PSYoungGen: 179051K->34954K(190976K)] 655920K->523583K(715264K), 0.0251826 secs] [Times: user=0.33 sys=0.00, real=0.03 secs] 
2016-09-25T21:53:47.584-0400: 87.057: [GC (GCLocker Initiated GC) [PSYoungGen: 154762K->60819K(180736K)] 643484K->561233K(705024K), 0.0176986 secs] [Times: user=0.22 sys=0.00, real=0.01 secs] 
2016-09-25T21:53:47.685-0400: 87.158: [Full GC (Ergonomics) [PSYoungGen: 180627K->0K(180736K)] [ParOldGen: 503258K->420711K(524288K)] 683885K->420711K(705024K), [Metaspace: 43865K->43865K(1087488K)], 0.1336946 secs] [Times: user=1.28 sys=0.01, real=0.13 secs] 
2016-09-25T21:53:47.895-0400: 87.368: [GC (GCLocker Initiated GC) [PSYoungGen: 119808K->69135K(178176K)] 543430K->492758K(702464K), 0.0133010 secs] [Times: user=0.16 sys=0.00, real=0.01 secs] 
2016-09-25T21:53:47.977-0400: 87.450: [GC (GCLocker Initiated GC) [PSYoungGen: 173583K->59312K(183296K)] 597636K->485821K(707584K), 0.0143464 secs] [Times: user=0.20 sys=0.00, real=0.01 secs] 
2016-09-25T21:53:48.049-0400: 87.522: [GC (GCLocker Initiated GC) [PSYoungGen: 163760K->48261K(179200K)] 590298K->507980K(703488K), 0.0082610 secs] [Times: user=0.06 sys=0.00, real=0.01 secs] 
2016-09-25T21:53:48.127-0400: 87.601: [GC (GCLocker Initiated GC) [PSYoungGen: 152709K->52533K(181248K)] 619249K->519788K(705536K), 0.0104033 secs] [Times: user=0.08 sys=0.00, real=0.01 secs] 
2016-09-25T21:53:48.205-0400: 87.678: [GC (GCLocker Initiated GC) [PSYoungGen: 156981K->50048K(181248K)] 633718K->549187K(705536K), 0.0067146 secs] [Times: user=0.10 sys=0.01, real=0.00 secs] 
2016-09-25T21:53:48.211-0400: 87.685: [Full GC (Ergonomics) [PSYoungGen: 50048K->0K(181248K)] [ParOldGen: 499138K->429715K(524288K)] 549187K->429715K(705536K), [Metaspace: 43865K->43865K(1087488K)], 0.0564862 secs] [Times: user=0.47 sys=0.00, real=0.06 secs] 
2016-09-25T21:53:48.340-0400: 87.813: [GC (GCLocker Initiated GC) [PSYoungGen: 110592K->70463K(183296K)] 545761K->505632K(707584K), 0.0102299 secs] [Times: user=0.13 sys=0.00, real=0.01 secs] 
2016-09-25T21:53:48.419-0400: 87.892: [GC (GCLocker Initiated GC) [PSYoungGen: 181055K->45821K(185344K)] 616278K->515852K(709632K), 0.0065702 secs] [Times: user=0.08 sys=0.00, real=0.01 secs] 
2016-09-25T21:53:48.485-0400: 87.959: [GC (GCLocker Initiated GC) [PSYoungGen: 153341K->52593K(160256K)] 634273K->534301K(684544K), 0.0242785 secs] [Times: user=0.34 sys=0.00, real=0.02 secs] 
2016-09-25T21:53:48.587-0400: 88.060: [GC (GCLocker Initiated GC) [PSYoungGen: 160113K->44411K(182272K)] 641894K->529737K(706560K), 0.0069448 secs] [Times: user=0.06 sys=0.00, real=0.00 secs] 
2016-09-25T21:53:48.662-0400: 88.135: [Full GC (Ergonomics) [PSYoungGen: 152443K->0K(182272K)] [ParOldGen: 494813K->433456K(524288K)] 647256K->433456K(706560K), [Metaspace: 43865K->43865K(1087488K)], 0.0850820 secs] [Times: user=0.61 sys=0.02, real=0.08 secs] 
2016-09-25T21:53:48.823-0400: 88.296: [GC (GCLocker Initiated GC) [PSYoungGen: 108032K->39230K(181760K)] 545548K->476747K(706048K), 0.0094978 secs] [Times: user=0.09 sys=0.00, real=0.00 secs] 
2016-09-25T21:53:48.896-0400: 88.369: [GC (GCLocker Initiated GC) [PSYoungGen: 147262K->64331K(183296K)] 584804K->501872K(707584K), 0.0109532 secs] [Times: user=0.11 sys=0.01, real=0.01 secs] 
2016-09-25T21:53:48.976-0400: 88.449: [GC (GCLocker Initiated GC) [PSYoungGen: 173899K->70829K(180736K)] 611463K->520295K(705024K), 0.0156751 secs] [Times: user=0.18 sys=0.01, real=0.01 secs] 
2016-09-25T21:53:49.061-0400: 88.534: [GC (GCLocker Initiated GC) [PSYoungGen: 180397K->72386K(173056K)] 634019K->534813K(697344K), 0.0151933 secs] [Times: user=0.21 sys=0.00, real=0.02 secs] 
2016-09-25T21:53:49.142-0400: 88.615: [GC (GCLocker Initiated GC) [PSYoungGen: 164546K->42807K(177152K)] 636490K->521777K(701440K), 0.0140890 secs] [Times: user=0.18 sys=0.00, real=0.02 secs] 
2016-09-25T21:53:49.217-0400: 88.690: [GC (GCLocker Initiated GC) [PSYoungGen: 134967K->43032K(174592K)] 616803K->539085K(698880K), 0.0068500 secs] [Times: user=0.06 sys=0.00, real=0.01 secs] 
2016-09-25T21:53:49.224-0400: 88.697: [Full GC (Ergonomics) [PSYoungGen: 43032K->0K(174592K)] [ParOldGen: 496053K->439478K(524288K)] 539085K->439478K(698880K), [Metaspace: 43866K->43866K(1087488K)], 0.1956684 secs] [Times: user=2.61 sys=0.00, real=0.19 secs] 
2016-09-25T21:53:49.484-0400: 88.957: [GC (GCLocker Initiated GC) [PSYoungGen: 92672K->44606K(176128K)] 537592K->489527K(700416K), 0.0066067 secs] [Times: user=0.06 sys=0.00, real=0.00 secs] 
2016-09-25T21:53:49.559-0400: 89.032: [GC (GCLocker Initiated GC) [PSYoungGen: 137278K->57652K(176640K)] 587759K->508132K(700928K), 0.0165303 secs] [Times: user=0.22 sys=0.00, real=0.02 secs] 
2016-09-25T21:53:49.638-0400: 89.111: [GC (GCLocker Initiated GC) [PSYoungGen: 154420K->78510K(175616K)] 607664K->534454K(699904K), 0.0071385 secs] [Times: user=0.10 sys=0.01, real=0.01 secs] 
2016-09-25T21:53:49.725-0400: 89.198: [GC (GCLocker Initiated GC) [PSYoungGen: 175278K->64118K(174592K)] 636687K->532669K(698880K), 0.0107666 secs] [Times: user=0.12 sys=0.01, real=0.01 secs] 
2016-09-25T21:53:49.801-0400: 89.274: [GC (GCLocker Initiated GC) [PSYoungGen: 152182K->49848K(138240K)] 623499K->565903K(662528K), 0.0099856 secs] [Times: user=0.15 sys=0.00, real=0.01 secs] 
2016-09-25T21:53:49.811-0400: 89.284: [Full GC (Ergonomics) [PSYoungGen: 49848K->0K(138240K)] [ParOldGen: 516054K->434773K(524288K)] 565903K->434773K(662528K), [Metaspace: 43866K->43866K(1087488K)], 0.0566754 secs] [Times: user=0.49 sys=0.00, real=0.06 secs] 
2016-09-25T21:53:49.933-0400: 89.407: [GC (GCLocker Initiated GC) [PSYoungGen: 88064K->56759K(176640K)] 528447K->497143K(700928K), 0.0113005 secs] [Times: user=0.14 sys=0.00, real=0.02 secs] 
2016-09-25T21:53:50.009-0400: 89.482: [GC (GCLocker Initiated GC) [PSYoungGen: 147895K->65468K(174080K)] 588288K->505861K(698368K), 0.0112340 secs] [Times: user=0.14 sys=0.00, real=0.01 secs] 
2016-09-25T21:53:50.073-0400: 89.547: [GC (GCLocker Initiated GC) [PSYoungGen: 156604K->47239K(178176K)] 597041K->487676K(702464K), 0.0102629 secs] [Times: user=0.11 sys=0.01, real=0.02 secs] 
2016-09-25T21:53:50.142-0400: 89.615: [GC (GCLocker Initiated GC) [PSYoungGen: 141959K->55811K(151040K)] 587869K->501721K(675328K), 0.0064647 secs] [Times: user=0.06 sys=0.00, real=0.00 secs] 
2016-09-25T21:53:50.212-0400: 89.685: [GC (GCLocker Initiated GC) [PSYoungGen: 150531K->72653K(172544K)] 596508K->518630K(696832K), 0.0084851 secs] [Times: user=0.09 sys=0.00, real=0.01 secs] 
2016-09-25T21:53:50.272-0400: 89.745: [GC (Allocation Failure) [PSYoungGen: 164813K->82737K(175104K)] 613690K->531614K(699392K), 0.0110619 secs] [Times: user=0.13 sys=0.01, real=0.02 secs] 
2016-09-25T21:53:50.341-0400: 89.814: [GC (GCLocker Initiated GC) [PSYoungGen: 174897K->77019K(175104K)] 623777K->528114K(699392K), 0.0074805 secs] [Times: user=0.08 sys=0.00, real=0.01 secs] 
2016-09-25T21:53:50.393-0400: 89.866: [GC (GCLocker Initiated GC) [PSYoungGen: 165083K->75154K(175104K)] 616413K->552137K(699392K), 0.0097754 secs] [Times: user=0.13 sys=0.01, real=0.02 secs] 
2016-09-25T21:53:50.470-0400: 89.944: [GC (GCLocker Initiated GC) [PSYoungGen: 163218K->29955K(175104K)] 651038K->540617K(699392K), 0.0148238 secs] [Times: user=0.16 sys=0.00, real=0.02 secs] 
2016-09-25T21:53:50.485-0400: 89.959: [Full GC (Ergonomics) [PSYoungGen: 29955K->0K(175104K)] [ParOldGen: 510661K->437611K(524288K)] 540617K->437611K(699392K), [Metaspace: 43867K->43867K(1087488K)], 0.0727187 secs] [Times: user=0.44 sys=0.01, real=0.07 secs] 
2016-09-25T21:53:50.616-0400: 90.089: [GC (GCLocker Initiated GC) [PSYoungGen: 88064K->41948K(175104K)] 533789K->487673K(699392K), 0.0067971 secs] [Times: user=0.09 sys=0.00, real=0.01 secs] 
2016-09-25T21:53:50.685-0400: 90.158: [GC (GCLocker Initiated GC) [PSYoungGen: 130012K->36981K(175104K)] 579864K->486833K(699392K), 0.0132219 secs] [Times: user=0.13 sys=0.00, real=0.01 secs] 
2016-09-25T21:53:50.758-0400: 90.231: [GC (GCLocker Initiated GC) [PSYoungGen: 125045K->36010K(175104K)] 574971K->496972K(699392K), 0.0228682 secs] [Times: user=0.23 sys=0.00, real=0.02 secs] 
2016-09-25T21:53:50.836-0400: 90.309: [GC (GCLocker Initiated GC) [PSYoungGen: 124074K->48468K(175104K)] 597368K->538632K(699392K), 0.0077899 secs] [Times: user=0.07 sys=0.00, real=0.01 secs] 
2016-09-25T21:53:50.892-0400: 90.365: [GC (GCLocker Initiated GC) [PSYoungGen: 136532K->73911K(175104K)] 626777K->578394K(699392K), 0.0096393 secs] [Times: user=0.10 sys=0.00, real=0.01 secs] 
2016-09-25T21:53:50.901-0400: 90.375: [Full GC (Ergonomics) [PSYoungGen: 73911K->0K(175104K)] [ParOldGen: 504482K->451537K(524288K)] 578394K->451537K(699392K), [Metaspace: 43867K->43867K(1087488K)], 0.0517712 secs] [Times: user=0.38 sys=0.00, real=0.05 secs] 
2016-09-25T21:53:51.009-0400: 90.482: [GC (GCLocker Initiated GC) [PSYoungGen: 88064K->55292K(175104K)] 545154K->512382K(699392K), 0.0136324 secs] [Times: user=0.15 sys=0.00, real=0.02 secs] 
2016-09-25T21:53:51.089-0400: 90.563: [GC (GCLocker Initiated GC) [PSYoungGen: 143356K->26560K(175104K)] 606087K->494137K(699392K), 0.0130348 secs] [Times: user=0.16 sys=0.00, real=0.02 secs] 
2016-09-25T21:53:51.159-0400: 90.632: [GC (GCLocker Initiated GC) [PSYoungGen: 114624K->52369K(175104K)] 585798K->524261K(699392K), 0.0075320 secs] [Times: user=0.06 sys=0.00, real=0.01 secs] 
2016-09-25T21:53:51.217-0400: 90.691: [GC (GCLocker Initiated GC) [PSYoungGen: 140433K->60510K(175104K)] 612391K->541301K(699392K), 0.0066935 secs] [Times: user=0.07 sys=0.00, real=0.01 secs] 
2016-09-25T21:53:51.284-0400: 90.758: [GC (GCLocker Initiated GC) [PSYoungGen: 148574K->57650K(175104K)] 629477K->550015K(699392K), 0.0100979 secs] [Times: user=0.09 sys=0.00, real=0.01 secs] 
2016-09-25T21:53:51.364-0400: 90.837: [Full GC (Ergonomics) [PSYoungGen: 145714K->0K(175104K)] [ParOldGen: 510142K->452564K(524288K)] 655857K->452564K(699392K), [Metaspace: 43867K->43867K(1087488K)], 0.0669412 secs] [Times: user=0.40 sys=0.00, real=0.06 secs] 
2016-09-25T21:53:51.500-0400: 90.974: [GC (GCLocker Initiated GC) [PSYoungGen: 88064K->43058K(131584K)] 543522K->498516K(655872K), 0.0059395 secs] [Times: user=0.05 sys=0.00, real=0.01 secs] 
2016-09-25T21:53:51.573-0400: 91.047: [GC (GCLocker Initiated GC) [PSYoungGen: 131122K->36973K(174080K)] 597545K->503396K(698368K), 0.0093747 secs] [Times: user=0.09 sys=0.00, real=0.02 secs] 
2016-09-25T21:53:51.661-0400: 91.134: [GC (GCLocker Initiated GC) [PSYoungGen: 125549K->51008K(139776K)] 592134K->517594K(664064K), 0.0069135 secs] [Times: user=0.06 sys=0.00, real=0.01 secs] 
2016-09-25T21:53:51.738-0400: 91.211: [GC (GCLocker Initiated GC) [PSYoungGen: 139584K->47743K(175104K)] 611685K->519843K(699392K), 0.0100421 secs] [Times: user=0.10 sys=0.01, real=0.01 secs] 
2016-09-25T21:53:51.822-0400: 91.296: [GC (GCLocker Initiated GC) [PSYoungGen: 141439K->72763K(173056K)] 613574K->544898K(697344K), 0.0104218 secs] [Times: user=0.10 sys=0.00, real=0.00 secs] 
2016-09-25T21:53:51.906-0400: 91.380: [GC (GCLocker Initiated GC) [PSYoungGen: 166459K->59757K(178176K)] 641052K->534350K(702464K), 0.0094283 secs] [Times: user=0.10 sys=0.00, real=0.01 secs] 
2016-09-25T21:53:51.983-0400: 91.456: [GC (GCLocker Initiated GC) [PSYoungGen: 153453K->45505K(139264K)] 631509K->523561K(663552K), 0.0057096 secs] [Times: user=0.04 sys=0.01, real=0.00 secs] 
2016-09-25T21:53:52.052-0400: 91.525: [GC (GCLocker Initiated GC) [PSYoungGen: 139201K->65207K(174592K)] 617338K->543345K(698880K), 0.0097495 secs] [Times: user=0.11 sys=0.00, real=0.01 secs] 
2016-09-25T21:53:52.119-0400: 91.592: [GC (GCLocker Initiated GC) [PSYoungGen: 157367K->68253K(176128K)] 643846K->554732K(700416K), 0.0085739 secs] [Times: user=0.10 sys=0.00, real=0.01 secs] 
2016-09-25T21:53:52.198-0400: 91.671: [GC (GCLocker Initiated GC) [PSYoungGen: 160413K->59269K(176640K)] 646913K->545770K(700928K), 0.0132969 secs] [Times: user=0.17 sys=0.00, real=0.01 secs] 
2016-09-25T21:53:52.270-0400: 91.743: [GC (GCLocker Initiated GC) [PSYoungGen: 150917K->57234K(148992K)] 655030K->561347K(673280K), 0.0073998 secs] [Times: user=0.06 sys=0.00, real=0.01 secs] 
2016-09-25T21:53:52.339-0400: 91.812: [GC (GCLocker Initiated GC) [PSYoungGen: 148882K->80941K(170496K)] 653123K->598683K(694784K), 0.0100270 secs] [Times: user=0.10 sys=0.01, real=0.01 secs] 
2016-09-25T21:53:52.349-0400: 91.822: [Full GC (Ergonomics) [PSYoungGen: 80941K->0K(170496K)] [ParOldGen: 517741K->459937K(524288K)] 598683K->459937K(694784K), [Metaspace: 43875K->43875K(1087488K)], 0.0575239 secs] [Times: user=0.45 sys=0.00, real=0.06 secs] 
2016-09-25T21:53:52.477-0400: 91.951: [GC (GCLocker Initiated GC) [PSYoungGen: 88064K->55548K(175104K)] 553436K->520921K(699392K), 0.0103954 secs] [Times: user=0.14 sys=0.00, real=0.01 secs] 
2016-09-25T21:53:52.557-0400: 92.030: [GC (GCLocker Initiated GC) [PSYoungGen: 143612K->56137K(169472K)] 614445K->526971K(693760K), 0.0095961 secs] [Times: user=0.12 sys=0.00, real=0.01 secs] 
2016-09-25T21:53:52.617-0400: 92.091: [GC (GCLocker Initiated GC) [PSYoungGen: 144713K->59397K(172544K)] 618421K->533105K(696832K), 0.0150732 secs] [Times: user=0.18 sys=0.00, real=0.01 secs] 
2016-09-25T21:53:52.688-0400: 92.161: [GC (GCLocker Initiated GC) [PSYoungGen: 147973K->49065K(175104K)] 632630K->533721K(699392K), 0.0064163 secs] [Times: user=0.06 sys=0.00, real=0.01 secs] 
2016-09-25T21:53:52.756-0400: 92.229: [GC (GCLocker Initiated GC) [PSYoungGen: 145321K->64518K(177152K)] 630005K->549203K(701440K), 0.0088308 secs] [Times: user=0.07 sys=0.00, real=0.01 secs] 
2016-09-25T21:53:52.829-0400: 92.303: [GC (GCLocker Initiated GC) [PSYoungGen: 160774K->67628K(178688K)] 645555K->552409K(702976K), 0.0131288 secs] [Times: user=0.13 sys=0.02, real=0.02 secs] 
2016-09-25T21:53:52.905-0400: 92.378: [GC (GCLocker Initiated GC) [PSYoungGen: 164908K->76254K(173568K)] 649868K->561214K(697856K), 0.0136637 secs] [Times: user=0.16 sys=0.00, real=0.01 secs] 
2016-09-25T21:53:52.982-0400: 92.455: [GC (GCLocker Initiated GC) [PSYoungGen: 173534K->78676K(174592K)] 663960K->574140K(698880K), 0.0228529 secs] [Times: user=0.24 sys=0.00, real=0.03 secs] 
2016-09-25T21:53:53.057-0400: 92.530: [GC (GCLocker Initiated GC) [PSYoungGen: 166740K->64280K(175104K)] 662365K->569281K(699392K), 0.0119626 secs] [Times: user=0.11 sys=0.00, real=0.01 secs] 
2016-09-25T21:53:53.121-0400: 92.594: [GC (GCLocker Initiated GC) [PSYoungGen: 152344K->80100K(175104K)] 660216K->594451K(699392K), 0.0079469 secs] [Times: user=0.12 sys=0.00, real=0.01 secs] 
2016-09-25T21:53:53.129-0400: 92.603: [Full GC (Ergonomics) [PSYoungGen: 80100K->0K(175104K)] [ParOldGen: 514351K->462656K(524288K)] 594451K->462656K(699392K), [Metaspace: 43876K->43876K(1087488K)], 0.0639017 secs] [Times: user=0.53 sys=0.00, real=0.06 secs] 
2016-09-25T21:53:53.257-0400: 92.730: [GC (GCLocker Initiated GC) [PSYoungGen: 88064K->53802K(175104K)] 550752K->516491K(699392K), 0.0100735 secs] [Times: user=0.11 sys=0.00, real=0.01 secs] 
2016-09-25T21:53:53.330-0400: 92.803: [GC (GCLocker Initiated GC) [PSYoungGen: 141866K->70577K(175104K)] 604646K->533356K(699392K), 0.0136375 secs] [Times: user=0.18 sys=0.01, real=0.02 secs] 
2016-09-25T21:53:53.395-0400: 92.869: [GC (GCLocker Initiated GC) [PSYoungGen: 158641K->57975K(175104K)] 621626K->532464K(699392K), 0.0148132 secs] [Times: user=0.17 sys=0.00, real=0.01 secs] 
2016-09-25T21:53:53.466-0400: 92.939: [GC (GCLocker Initiated GC) [PSYoungGen: 146039K->57744K(175104K)] 623368K->552196K(699392K), 0.0064979 secs] [Times: user=0.08 sys=0.00, real=0.00 secs] 
2016-09-25T21:53:53.528-0400: 93.001: [GC (GCLocker Initiated GC) [PSYoungGen: 145808K->50978K(175104K)] 640279K->548744K(699392K), 0.0103111 secs] [Times: user=0.14 sys=0.00, real=0.01 secs] 
2016-09-25T21:53:53.603-0400: 93.077: [GC (GCLocker Initiated GC) [PSYoungGen: 139042K->44249K(175104K)] 639567K->548077K(699392K), 0.0131147 secs] [Times: user=0.15 sys=0.00, real=0.01 secs] 
2016-09-25T21:53:53.683-0400: 93.157: [GC (GCLocker Initiated GC) [PSYoungGen: 132313K->61906K(150016K)] 636225K->567905K(674304K), 0.0099911 secs] [Times: user=0.11 sys=0.00, real=0.00 secs] 
2016-09-25T21:53:53.744-0400: 93.218: [Full GC (Ergonomics) [PSYoungGen: 149970K->0K(150016K)] [ParOldGen: 508891K->464013K(524288K)] 658862K->464013K(674304K), [Metaspace: 43876K->43876K(1087488K)], 0.0561873 secs] [Times: user=0.41 sys=0.00, real=0.05 secs] 
2016-09-25T21:53:53.854-0400: 93.327: [GC (GCLocker Initiated GC) [PSYoungGen: 88064K->55338K(175616K)] 553867K->521142K(699904K), 0.0142270 secs] [Times: user=0.18 sys=0.00, real=0.02 secs] 
2016-09-25T21:53:53.927-0400: 93.400: [GC (GCLocker Initiated GC) [PSYoungGen: 144938K->45550K(174080K)] 613643K->520625K(698368K), 0.0156033 secs] [Times: user=0.18 sys=0.00, real=0.02 secs] 
2016-09-25T21:53:53.999-0400: 93.472: [GC (GCLocker Initiated GC) [PSYoungGen: 135150K->46805K(176128K)] 610269K->536030K(700416K), 0.0164842 secs] [Times: user=0.17 sys=0.00, real=0.02 secs] 
2016-09-25T21:53:54.077-0400: 93.550: [GC (GCLocker Initiated GC) [PSYoungGen: 138965K->41501K(175616K)] 633682K->544958K(699904K), 0.0062776 secs] [Times: user=0.04 sys=0.01, real=0.01 secs] 
2016-09-25T21:53:54.139-0400: 93.612: [GC (GCLocker Initiated GC) --[PSYoungGen: 133661K->133661K(175616K)] 637363K->656968K(699904K), 0.0175056 secs] [Times: user=0.17 sys=0.00, real=0.02 secs] 
2016-09-25T21:53:54.156-0400: 93.629: [Full GC (Ergonomics) [PSYoungGen: 133661K->0K(175616K)] [ParOldGen: 523307K->474982K(524288K)] 656968K->474982K(699904K), [Metaspace: 43876K->43876K(1087488K)], 0.0868886 secs] [Times: user=0.83 sys=0.01, real=0.09 secs] 
2016-09-25T21:53:54.305-0400: 93.778: [GC (GCLocker Initiated GC) [PSYoungGen: 92160K->62135K(178176K)] 572643K->542618K(702464K), 0.0073859 secs] [Times: user=0.07 sys=0.00, real=0.00 secs] 
2016-09-25T21:53:54.374-0400: 93.847: [GC (GCLocker Initiated GC) [PSYoungGen: 156855K->41801K(178176K)] 645548K->553191K(702464K), 0.0130886 secs] [Times: user=0.15 sys=0.01, real=0.02 secs] 
2016-09-25T21:53:54.387-0400: 93.860: [Full GC (Ergonomics) [PSYoungGen: 41801K->0K(178176K)] [ParOldGen: 511389K->473452K(524288K)] 553191K->473452K(702464K), [Metaspace: 43876K->43876K(1087488K)], 0.0788162 secs] [Times: user=0.78 sys=0.00, real=0.08 secs] 
2016-09-25T21:53:54.536-0400: 94.009: [GC (GCLocker Initiated GC) [PSYoungGen: 94720K->51189K(175104K)] 568265K->524735K(699392K), 0.0059296 secs] [Times: user=0.06 sys=0.00, real=0.01 secs] 
2016-09-25T21:53:54.611-0400: 94.084: [GC (GCLocker Initiated GC) [PSYoungGen: 146933K->69341K(176640K)] 620507K->542915K(700928K), 0.0113101 secs] [Times: user=0.16 sys=0.00, real=0.02 secs] 
2016-09-25T21:53:54.678-0400: 94.151: [GC (GCLocker Initiated GC) [PSYoungGen: 165085K->82059K(172032K)] 638745K->561119K(696320K), 0.0073322 secs] [Times: user=0.09 sys=0.01, real=0.01 secs] 
2016-09-25T21:53:54.740-0400: 94.213: [GC (GCLocker Initiated GC) [PSYoungGen: 170123K->69385K(175104K)] 649190K->574070K(699392K), 0.0100788 secs] [Times: user=0.09 sys=0.00, real=0.01 secs] 
2016-09-25T21:53:54.750-0400: 94.223: [Full GC (Ergonomics) [PSYoungGen: 69385K->0K(175104K)] [ParOldGen: 504685K->469033K(524288K)] 574070K->469033K(699392K), [Metaspace: 43876K->43876K(1087488K)], 0.0654335 secs] [Times: user=0.69 sys=0.01, real=0.07 secs] 
2016-09-25T21:53:54.878-0400: 94.351: [GC (GCLocker Initiated GC) [PSYoungGen: 88064K->62184K(175104K)] 562553K->536673K(699392K), 0.0095657 secs] [Times: user=0.11 sys=0.00, real=0.01 secs] 
2016-09-25T21:53:54.934-0400: 94.407: [GC (GCLocker Initiated GC) [PSYoungGen: 150248K->50875K(175104K)] 627471K->533071K(699392K), 0.0070516 secs] [Times: user=0.06 sys=0.00, real=0.00 secs] 
2016-09-25T21:53:55.000-0400: 94.473: [GC (GCLocker Initiated GC) [PSYoungGen: 138939K->52580K(173056K)] 630767K->569336K(697344K), 0.0104440 secs] [Times: user=0.12 sys=0.00, real=0.01 secs] 
2016-09-25T21:53:55.010-0400: 94.484: [Full GC (Ergonomics) [PSYoungGen: 52580K->0K(173056K)] [ParOldGen: 516755K->477596K(524288K)] 569336K->477596K(697344K), [Metaspace: 43876K->43876K(1087488K)], 0.0544494 secs] [Times: user=0.44 sys=0.00, real=0.06 secs] 
2016-09-25T21:53:55.128-0400: 94.602: [GC (GCLocker Initiated GC) [PSYoungGen: 88064K->49948K(174080K)] 571093K->532978K(698368K), 0.0063755 secs] [Times: user=0.06 sys=0.00, real=0.01 secs] 
2016-09-25T21:53:55.189-0400: 94.663: [GC (GCLocker Initiated GC) [PSYoungGen: 138012K->59942K(172032K)] 623865K->545795K(696320K), 0.0146503 secs] [Times: user=0.17 sys=0.00, real=0.02 secs] 
2016-09-25T21:53:55.265-0400: 94.738: [GC (GCLocker Initiated GC) [PSYoungGen: 151078K->38785K(174080K)] 641059K->528766K(698368K), 0.0120747 secs] [Times: user=0.14 sys=0.00, real=0.01 secs] 
2016-09-25T21:53:55.331-0400: 94.805: [GC (GCLocker Initiated GC) [PSYoungGen: 129921K->43439K(178176K)] 625518K->539037K(702464K), 0.0100591 secs] [Times: user=0.10 sys=0.00, real=0.01 secs] 
2016-09-25T21:53:55.410-0400: 94.883: [Full GC (Ergonomics) [PSYoungGen: 138671K->0K(178176K)] [ParOldGen: 499076K->454373K(524288K)] 637748K->454373K(702464K), [Metaspace: 43879K->43879K(1087488K)], 0.1052275 secs] [Times: user=0.79 sys=0.01, real=0.11 secs] 
2016-09-25T21:53:55.569-0400: 95.042: [GC (GCLocker Initiated GC) [PSYoungGen: 95232K->64858K(178176K)] 549719K->519345K(702464K), 0.0101236 secs] [Times: user=0.13 sys=0.01, real=0.01 secs] 
2016-09-25T21:53:55.630-0400: 95.103: [GC (GCLocker Initiated GC) [PSYoungGen: 160090K->59809K(178176K)] 614644K->514363K(702464K), 0.0097107 secs] [Times: user=0.10 sys=0.00, real=0.01 secs] 
2016-09-25T21:53:55.712-0400: 95.185: [GC (GCLocker Initiated GC) [PSYoungGen: 155041K->69929K(165376K)] 609629K->524517K(689664K), 0.0077956 secs] [Times: user=0.06 sys=0.01, real=0.01 secs] 
2016-09-25T21:53:55.774-0400: 95.248: [GC (GCLocker Initiated GC) [PSYoungGen: 165161K->54240K(179200K)] 619774K->508853K(703488K), 0.0168674 secs] [Times: user=0.17 sys=0.00, real=0.01 secs] 
2016-09-25T21:53:55.855-0400: 95.328: [GC (GCLocker Initiated GC) [PSYoungGen: 147936K->72394K(166400K)] 605334K->529792K(690688K), 0.0070241 secs] [Times: user=0.07 sys=0.00, real=0.00 secs] 
2016-09-25T21:53:55.919-0400: 95.392: [GC (GCLocker Initiated GC) [PSYoungGen: 166090K->85055K(174080K)] 626269K->588435K(698368K), 0.0107200 secs] [Times: user=0.13 sys=0.00, real=0.01 secs] 
2016-09-25T21:53:55.930-0400: 95.403: [Full GC (Ergonomics) [PSYoungGen: 85055K->0K(174080K)] [ParOldGen: 503379K->469524K(524288K)] 588435K->469524K(698368K), [Metaspace: 43886K->43886K(1087488K)], 0.0679200 secs] [Times: user=0.63 sys=0.01, real=0.07 secs] 
2016-09-25T21:53:56.049-0400: 95.522: [GC (GCLocker Initiated GC) [PSYoungGen: 88064K->61998K(175104K)] 565732K->539666K(699392K), 0.0066813 secs] [Times: user=0.09 sys=0.02, real=0.01 secs] 
2016-09-25T21:53:56.116-0400: 95.590: [GC (GCLocker Initiated GC) [PSYoungGen: 150062K->54374K(175104K)] 632590K->536902K(699392K), 0.0075891 secs] [Times: user=0.09 sys=0.00, real=0.01 secs] 
2016-09-25T21:53:56.191-0400: 95.664: [GC (GCLocker Initiated GC) [PSYoungGen: 142438K->46824K(175104K)] 627736K->532122K(699392K), 0.0152109 secs] [Times: user=0.18 sys=0.00, real=0.02 secs] 
2016-09-25T21:53:56.268-0400: 95.741: [Full GC (Ergonomics) [PSYoungGen: 134888K->0K(175104K)] [ParOldGen: 497644K->471677K(524288K)] 632533K->471677K(699392K), [Metaspace: 43892K->43892K(1087488K)], 0.0656356 secs] [Times: user=0.53 sys=0.00, real=0.06 secs] 
2016-09-25T21:53:56.394-0400: 95.867: [GC (GCLocker Initiated GC) [PSYoungGen: 88064K->42942K(175104K)] 559746K->514624K(699392K), 0.0064846 secs] [Times: user=0.04 sys=0.01, real=0.00 secs] 
2016-09-25T21:53:56.461-0400: 95.934: [GC (GCLocker Initiated GC) [PSYoungGen: 131006K->54560K(142848K)] 606386K->529940K(667136K), 0.0158785 secs] [Times: user=0.20 sys=0.00, real=0.02 secs] 
2016-09-25T21:53:56.530-0400: 96.004: [GC (GCLocker Initiated GC) [PSYoungGen: 142624K->56339K(176128K)] 618073K->531788K(700416K), 0.0062658 secs] [Times: user=0.06 sys=0.00, real=0.01 secs] 
2016-09-25T21:53:56.599-0400: 96.073: [GC (GCLocker Initiated GC) [PSYoungGen: 146963K->82867K(173568K)] 625335K->566639K(697856K), 0.0085706 secs] [Times: user=0.09 sys=0.01, real=0.01 secs] 
2016-09-25T21:53:56.670-0400: 96.143: [GC (GCLocker Initiated GC) [PSYoungGen: 173491K->84774K(175104K)] 657287K->568570K(699392K), 0.0148257 secs] [Times: user=0.20 sys=0.00, real=0.02 secs] 
2016-09-25T21:53:56.744-0400: 96.217: [GC (GCLocker Initiated GC) [PSYoungGen: 172838K->70548K(175104K)] 663429K->561138K(699392K), 0.0071391 secs] [Times: user=0.08 sys=0.00, real=0.00 secs] 
2016-09-25T21:53:56.818-0400: 96.291: [GC (GCLocker Initiated GC) [PSYoungGen: 158612K->69776K(175104K)] 651912K->565744K(699392K), 0.0146757 secs] [Times: user=0.20 sys=0.01, real=0.01 secs] 
2016-09-25T21:53:56.898-0400: 96.371: [GC (GCLocker Initiated GC) [PSYoungGen: 157840K->59703K(175104K)] 655175K->577291K(699392K), 0.0085550 secs] [Times: user=0.09 sys=0.00, real=0.01 secs] 
2016-09-25T21:53:56.906-0400: 96.380: [Full GC (Ergonomics) [PSYoungGen: 59703K->0K(175104K)] [ParOldGen: 517587K->473959K(524288K)] 577291K->473959K(699392K), [Metaspace: 43892K->43892K(1087488K)], 0.0618080 secs] [Times: user=0.47 sys=0.01, real=0.06 secs] 
2016-09-25T21:53:57.026-0400: 96.500: [GC (GCLocker Initiated GC) [PSYoungGen: 88064K->67972K(175104K)] 566144K->546052K(699392K), 0.0069573 secs] [Times: user=0.09 sys=0.00, real=0.00 secs] 
2016-09-25T21:53:57.093-0400: 96.566: [GC (GCLocker Initiated GC) [PSYoungGen: 156036K->52300K(175104K)] 642310K->538574K(699392K), 0.0104140 secs] [Times: user=0.13 sys=0.01, real=0.02 secs] 
2016-09-25T21:53:57.175-0400: 96.648: [GC (GCLocker Initiated GC) --[PSYoungGen: 140364K->140364K(175104K)] 629572K->663857K(699392K), 0.0134737 secs] [Times: user=0.13 sys=0.00, real=0.01 secs] 
2016-09-25T21:53:57.189-0400: 96.662: [Full GC (Ergonomics) [PSYoungGen: 140364K->0K(175104K)] [ParOldGen: 523493K->475895K(524288K)] 663857K->475895K(699392K), [Metaspace: 43892K->43892K(1087488K)], 0.0664299 secs] [Times: user=0.45 sys=0.01, real=0.07 secs] 
2016-09-25T21:53:57.321-0400: 96.794: [GC (GCLocker Initiated GC) [PSYoungGen: 88064K->50333K(175104K)] 564160K->526430K(699392K), 0.0128001 secs] [Times: user=0.14 sys=0.01, real=0.01 secs] 
2016-09-25T21:53:57.401-0400: 96.874: [GC (GCLocker Initiated GC) [PSYoungGen: 138397K->66031K(175104K)] 614548K->543491K(699392K), 0.0137542 secs] [Times: user=0.13 sys=0.00, real=0.02 secs] 
2016-09-25T21:53:57.474-0400: 96.947: [GC (GCLocker Initiated GC) [PSYoungGen: 154095K->40245K(175104K)] 638364K->533302K(699392K), 0.0126106 secs] [Times: user=0.12 sys=0.01, real=0.02 secs] 
2016-09-25T21:53:57.550-0400: 97.023: [GC (GCLocker Initiated GC) [PSYoungGen: 128309K->44276K(175104K)] 621554K->546548K(699392K), 0.0220724 secs] [Times: user=0.21 sys=0.01, real=0.02 secs] 
2016-09-25T21:53:57.632-0400: 97.105: [GC (GCLocker Initiated GC) [PSYoungGen: 132340K->49923K(175104K)] 635993K->565204K(699392K), 0.0157086 secs] [Times: user=0.16 sys=0.00, real=0.02 secs] 
2016-09-25T21:53:57.648-0400: 97.121: [Full GC (Ergonomics) [PSYoungGen: 49923K->0K(175104K)] [ParOldGen: 515280K->479626K(524288K)] 565204K->479626K(699392K), [Metaspace: 43892K->43892K(1087488K)], 0.0621084 secs] [Times: user=0.51 sys=0.01, real=0.06 secs] 
2016-09-25T21:53:57.772-0400: 97.245: [GC (GCLocker Initiated GC) [PSYoungGen: 88064K->58440K(146944K)] 570435K->540812K(671232K), 0.0067910 secs] [Times: user=0.07 sys=0.00, real=0.01 secs] 
2016-09-25T21:53:57.843-0400: 97.316: [GC (GCLocker Initiated GC) [PSYoungGen: 146504K->38782K(172544K)] 633013K->525290K(696832K), 0.0060176 secs] [Times: user=0.05 sys=0.00, real=0.00 secs] 
2016-09-25T21:53:57.919-0400: 97.392: [GC (GCLocker Initiated GC) [PSYoungGen: 126334K->39637K(173056K)] 625034K->538337K(697344K), 0.0139845 secs] [Times: user=0.15 sys=0.00, real=0.01 secs] 
2016-09-25T21:53:57.995-0400: 97.468: [GC (GCLocker Initiated GC) [PSYoungGen: 127189K->56756K(172544K)] 631315K->560883K(696832K), 0.0210767 secs] [Times: user=0.24 sys=0.00, real=0.02 secs] 
2016-09-25T21:53:58.084-0400: 97.558: [GC (GCLocker Initiated GC) [PSYoungGen: 147892K->60490K(174592K)] 652094K->565927K(698880K), 0.0144664 secs] [Times: user=0.14 sys=0.01, real=0.01 secs] 
2016-09-25T21:53:58.156-0400: 97.629: [GC (GCLocker Initiated GC) [PSYoungGen: 151626K->57614K(174080K)] 657077K->563913K(698368K), 0.0193993 secs] [Times: user=0.19 sys=0.01, real=0.02 secs] 
2016-09-25T21:53:58.246-0400: 97.720: [Full GC (Ergonomics) [PSYoungGen: 153358K->0K(174080K)] [ParOldGen: 512729K->486527K(524288K)] 666087K->486527K(698368K), [Metaspace: 43892K->43892K(1087488K)], 0.0671556 secs] [Times: user=0.56 sys=0.00, real=0.06 secs] 
2016-09-25T21:53:58.388-0400: 97.862: [GC (GCLocker Initiated GC) [PSYoungGen: 95744K->54460K(176640K)] 582933K->541650K(700928K), 0.0063830 secs] [Times: user=0.07 sys=0.00, real=0.01 secs] 
2016-09-25T21:53:58.471-0400: 97.944: [GC (GCLocker Initiated GC) [PSYoungGen: 150204K->55211K(177152K)] 642968K->547975K(701440K), 0.0136082 secs] [Times: user=0.18 sys=0.01, real=0.02 secs] 
2016-09-25T21:53:58.565-0400: 98.038: [GC (GCLocker Initiated GC) [PSYoungGen: 158123K->52132K(179200K)] 657656K->551665K(703488K), 0.0268538 secs] [Times: user=0.26 sys=0.02, real=0.02 secs] 
2016-09-25T21:53:58.654-0400: 98.127: [GC (GCLocker Initiated GC) --[PSYoungGen: 155044K->155044K(179200K)] 654651K->676981K(703488K), 0.0182057 secs] [Times: user=0.17 sys=0.00, real=0.02 secs] 
2016-09-25T21:53:58.672-0400: 98.145: [Full GC (Ergonomics) [PSYoungGen: 155044K->0K(179200K)] [ParOldGen: 521937K->488359K(524288K)] 676981K->488359K(703488K), [Metaspace: 43892K->43892K(1087488K)], 0.0809335 secs] [Times: user=0.73 sys=0.01, real=0.08 secs] 
2016-09-25T21:53:58.831-0400: 98.304: [GC (GCLocker Initiated GC) [PSYoungGen: 102912K->57284K(183296K)] 591300K->545673K(707584K), 0.0062570 secs] [Times: user=0.06 sys=0.01, real=0.01 secs] 
2016-09-25T21:53:58.911-0400: 98.384: [GC (GCLocker Initiated GC) [PSYoungGen: 168388K->58206K(184832K)] 659517K->549335K(709120K), 0.0210981 secs] [Times: user=0.27 sys=0.00, real=0.02 secs] 
2016-09-25T21:53:59.008-0400: 98.481: [GC (GCLocker Initiated GC) [PSYoungGen: 169310K->71361K(180224K)] 660491K->588296K(704512K), 0.0122298 secs] [Times: user=0.17 sys=0.00, real=0.01 secs] 
2016-09-25T21:53:59.020-0400: 98.494: [Full GC (Ergonomics) [PSYoungGen: 71361K->0K(180224K)] [ParOldGen: 516935K->496655K(524288K)] 588296K->496655K(704512K), [Metaspace: 43892K->43892K(1087488K)], 0.0551536 secs] [Times: user=0.54 sys=0.00, real=0.06 secs] 
2016-09-25T21:53:59.159-0400: 98.632: [GC (GCLocker Initiated GC) [PSYoungGen: 107520K->57566K(184832K)] 609749K->559796K(709120K), 0.0136395 secs] [Times: user=0.16 sys=0.01, real=0.01 secs] 
2016-09-25T21:53:59.258-0400: 98.731: [Full GC (Ergonomics) [PSYoungGen: 165084K->0K(184832K)] [ParOldGen: 510570K->494552K(524288K)] 675655K->494552K(709120K), [Metaspace: 43896K->43896K(1087488K)], 0.1257120 secs] [Times: user=1.38 sys=0.00, real=0.13 secs] 
2016-09-25T21:53:59.461-0400: 98.934: [GC (GCLocker Initiated GC) [PSYoungGen: 107520K->73523K(177664K)] 602101K->568104K(701952K), 0.0072993 secs] [Times: user=0.10 sys=0.00, real=0.01 secs] 
2016-09-25T21:53:59.540-0400: 99.013: [GC (GCLocker Initiated GC) [PSYoungGen: 175923K->51517K(182272K)] 678682K->554276K(706560K), 0.0105667 secs] [Times: user=0.10 sys=0.01, real=0.01 secs] 
2016-09-25T21:53:59.616-0400: 99.090: [Full GC (Ergonomics) [PSYoungGen: 153917K->0K(182272K)] [ParOldGen: 508333K->494620K(524288K)] 662250K->494620K(706560K), [Metaspace: 43896K->43896K(1087488K)], 0.0538674 secs] [Times: user=0.42 sys=0.02, real=0.05 secs] 
2016-09-25T21:53:59.741-0400: 99.214: [GC (GCLocker Initiated GC) [PSYoungGen: 102400K->54243K(178176K)] 602594K->554437K(702464K), 0.0144492 secs] [Times: user=0.16 sys=0.02, real=0.02 secs] 
2016-09-25T21:53:59.829-0400: 99.302: [GC (GCLocker Initiated GC) [PSYoungGen: 157667K->40252K(180736K)] 663389K->545974K(705024K), 0.0236897 secs] [Times: user=0.21 sys=0.00, real=0.02 secs] 
2016-09-25T21:53:59.927-0400: 99.400: [GC (GCLocker Initiated GC) [PSYoungGen: 143676K->42205K(183808K)] 652303K->550832K(708096K), 0.0065032 secs] [Times: user=0.05 sys=0.01, real=0.00 secs] 
2016-09-25T21:53:59.999-0400: 99.472: [Full GC (Ergonomics) [PSYoungGen: 147677K->0K(183808K)] [ParOldGen: 514041K->497695K(524288K)] 661719K->497695K(708096K), [Metaspace: 43896K->43896K(1087488K)], 0.0776750 secs] [Times: user=0.76 sys=0.01, real=0.08 secs] 
2016-09-25T21:54:00.155-0400: 99.628: [GC (Allocation Failure) [PSYoungGen: 105472K->50468K(156160K)] 611292K->556289K(680448K), 0.0120352 secs] [Times: user=0.12 sys=0.00, real=0.01 secs] 
2016-09-25T21:54:00.232-0400: 99.706: [GC (GCLocker Initiated GC) [PSYoungGen: 155194K->76795K(168960K)] 663715K->590780K(693248K), 0.0127225 secs] [Times: user=0.14 sys=0.00, real=0.02 secs] 
2016-09-25T21:54:00.245-0400: 99.718: [Full GC (Ergonomics) [PSYoungGen: 76795K->0K(168960K)] [ParOldGen: 513985K->499333K(524288K)] 590780K->499333K(693248K), [Metaspace: 43896K->43896K(1087488K)], 0.0867952 secs] [Times: user=0.78 sys=0.03, real=0.08 secs] 
2016-09-25T21:54:00.407-0400: 99.880: [GC (GCLocker Initiated GC) [PSYoungGen: 92160K->61193K(177152K)] 591511K->560545K(701440K), 0.0073171 secs] [Times: user=0.06 sys=0.00, real=0.01 secs] 
2016-09-25T21:54:00.469-0400: 99.943: [GC (GCLocker Initiated GC) [PSYoungGen: 153353K->65911K(177152K)] 655633K->568191K(701440K), 0.0107618 secs] [Times: user=0.12 sys=0.00, real=0.01 secs] 
2016-09-25T21:54:00.547-0400: 100.020: [GC (GCLocker Initiated GC) [PSYoungGen: 159095K->39773K(133120K)] 665488K->546166K(657408K), 0.0056433 secs] [Times: user=0.05 sys=0.01, real=0.00 secs] 
2016-09-25T21:54:00.614-0400: 100.087: [GC (GCLocker Initiated GC) [PSYoungGen: 132957K->39014K(177152K)] 644838K->550895K(701440K), 0.0340448 secs] [Times: user=0.34 sys=0.00, real=0.04 secs] 
2016-09-25T21:54:00.706-0400: 100.179: [Full GC (Ergonomics) [PSYoungGen: 131174K->0K(177152K)] [ParOldGen: 514620K->503159K(524288K)] 645795K->503159K(701440K), [Metaspace: 43896K->43896K(1087488K)], 0.0764400 secs] [Times: user=0.52 sys=0.00, real=0.08 secs] 
2016-09-25T21:54:00.847-0400: 100.320: [GC (GCLocker Initiated GC) [PSYoungGen: 92160K->42112K(134656K)] 600763K->550716K(658944K), 0.0087844 secs] [Times: user=0.09 sys=0.00, real=0.01 secs] 
2016-09-25T21:54:00.911-0400: 100.384: [GC (GCLocker Initiated GC) [PSYoungGen: 134272K->68731K(173056K)] 642924K->577383K(697344K), 0.0116929 secs] [Times: user=0.16 sys=0.00, real=0.02 secs] 
2016-09-25T21:54:00.986-0400: 100.459: [GC (GCLocker Initiated GC) [PSYoungGen: 157819K->57212K(175616K)] 666479K->565872K(699904K), 0.0152671 secs] [Times: user=0.21 sys=0.00, real=0.01 secs] 
2016-09-25T21:54:01.061-0400: 100.534: [GC (GCLocker Initiated GC) [PSYoungGen: 146300K->71575K(172544K)] 660391K->585665K(696832K), 0.0163437 secs] [Times: user=0.19 sys=0.00, real=0.02 secs] 
2016-09-25T21:54:01.145-0400: 100.619: [Full GC (Ergonomics) [PSYoungGen: 159639K->0K(172544K)] [ParOldGen: 519602K->504041K(524288K)] 679241K->504041K(696832K), [Metaspace: 43897K->43897K(1087488K)], 0.0623399 secs] [Times: user=0.42 sys=0.00, real=0.06 secs] 
2016-09-25T21:54:01.260-0400: 100.733: [GC (GCLocker Initiated GC) [PSYoungGen: 88064K->48920K(175104K)] 594869K->555725K(699392K), 0.0060569 secs] [Times: user=0.04 sys=0.00, real=0.01 secs] 
2016-09-25T21:54:01.341-0400: 100.815: [GC (GCLocker Initiated GC) [PSYoungGen: 136984K->49826K(169984K)] 652034K->564875K(694272K), 0.0180323 secs] [Times: user=0.19 sys=0.00, real=0.02 secs] 
2016-09-25T21:54:01.418-0400: 100.891: [GC (GCLocker Initiated GC) [PSYoungGen: 138914K->70851K(173056K)] 654195K->586132K(697344K), 0.0080539 secs] [Times: user=0.09 sys=0.00, real=0.01 secs] 
2016-09-25T21:54:01.490-0400: 100.963: [GC (GCLocker Initiated GC) [PSYoungGen: 159939K->67467K(175104K)] 675244K->582771K(699392K), 0.0078880 secs] [Times: user=0.07 sys=0.01, real=0.01 secs] 
2016-09-25T21:54:01.557-0400: 101.030: [GC (GCLocker Initiated GC) [PSYoungGen: 155531K->58764K(146944K)] 671050K->574283K(671232K), 0.0231103 secs] [Times: user=0.23 sys=0.01, real=0.02 secs] 
2016-09-25T21:54:01.641-0400: 101.115: [GC (GCLocker Initiated GC) [PSYoungGen: 146828K->55300K(175104K)] 662444K->570916K(699392K), 0.0108352 secs] [Times: user=0.09 sys=0.01, real=0.01 secs] 
2016-09-25T21:54:01.715-0400: 101.188: [GC (Allocation Failure) [PSYoungGen: 145412K->76570K(173056K)] 663900K->595058K(697344K), 0.0241343 secs] [Times: user=0.26 sys=0.01, real=0.02 secs] 
2016-09-25T21:54:01.802-0400: 101.275: [Full GC (Ergonomics) [PSYoungGen: 165621K->0K(173056K)] [ParOldGen: 521188K->503370K(524288K)] 686809K->503370K(697344K), [Metaspace: 43897K->43897K(1087488K)], 0.0998801 secs] [Times: user=0.60 sys=0.02, real=0.10 secs] 
2016-09-25T21:54:01.962-0400: 101.435: [GC (GCLocker Initiated GC) [PSYoungGen: 90112K->51597K(176128K)] 598992K->560477K(700416K), 0.0062994 secs] [Times: user=0.05 sys=0.00, real=0.01 secs] 
2016-09-25T21:54:02.034-0400: 101.508: [GC (GCLocker Initiated GC) [PSYoungGen: 140685K->62104K(151552K)] 653639K->575058K(675840K), 0.0064188 secs] [Times: user=0.06 sys=0.00, real=0.00 secs] 
2016-09-25T21:54:02.096-0400: 101.569: [Full GC (Ergonomics) [PSYoungGen: 151192K->0K(151552K)] [ParOldGen: 523895K->517768K(524288K)] 675087K->517768K(675840K), [Metaspace: 43897K->43897K(1087488K)], 0.0643282 secs] [Times: user=0.44 sys=0.00, real=0.06 secs] 
2016-09-25T21:54:02.229-0400: 101.702: [Full GC (Ergonomics) [PSYoungGen: 89088K->0K(151552K)] [ParOldGen: 520594K->513081K(524288K)] 609682K->513081K(675840K), [Metaspace: 43897K->43897K(1087488K)], 0.0643082 secs] [Times: user=0.58 sys=0.00, real=0.06 secs] 
2016-09-25T21:54:02.367-0400: 101.840: [GC (GCLocker Initiated GC) [PSYoungGen: 89088K->54715K(175104K)] 607606K->573234K(699392K), 0.0096789 secs] [Times: user=0.11 sys=0.00, real=0.01 secs] 
2016-09-25T21:54:02.441-0400: 101.914: [Full GC (Ergonomics) [PSYoungGen: 145339K->0K(175104K)] [ParOldGen: 521296K->512172K(524288K)] 666635K->512172K(699392K), [Metaspace: 43897K->43897K(1087488K)], 0.0687539 secs] [Times: user=0.63 sys=0.00, real=0.07 secs] 
2016-09-25T21:54:02.580-0400: 102.053: [GC (GCLocker Initiated GC) [PSYoungGen: 90624K->47738K(173568K)] 609634K->566748K(697856K), 0.0060216 secs] [Times: user=0.05 sys=0.00, real=0.01 secs] 
2016-09-25T21:54:02.658-0400: 102.131: [GC (GCLocker Initiated GC) [PSYoungGen: 138362K->57887K(174080K)] 657455K->576981K(698368K), 0.0143610 secs] [Times: user=0.16 sys=0.00, real=0.01 secs] 
2016-09-25T21:54:02.746-0400: 102.219: [GC (GCLocker Initiated GC) [PSYoungGen: 153631K->56212K(175616K)] 674319K->576900K(699904K), 0.0105886 secs] [Times: user=0.11 sys=0.00, real=0.01 secs] 
2016-09-25T21:54:02.816-0400: 102.289: [GC (GCLocker Initiated GC) [PSYoungGen: 151956K->69213K(176640K)] 672715K->589972K(700928K), 0.0214203 secs] [Times: user=0.20 sys=0.00, real=0.02 secs] 
2016-09-25T21:54:02.900-0400: 102.373: [Full GC (Ergonomics) [PSYoungGen: 168029K->0K(176640K)] [ParOldGen: 523765K->521992K(524288K)] 691795K->521992K(700928K), [Metaspace: 43897K->43897K(1087488K)], 0.1028966 secs] [Times: user=0.64 sys=0.02, real=0.11 secs] 
2016-09-25T21:54:03.074-0400: 102.547: [Full GC (Ergonomics) [PSYoungGen: 98816K->0K(176640K)] [ParOldGen: 522351K->517317K(524288K)] 621167K->517317K(700928K), [Metaspace: 43898K->43898K(1087488K)], 0.0617981 secs] [Times: user=0.57 sys=0.00, real=0.07 secs] 
2016-09-25T21:54:03.200-0400: 102.673: [GC (GCLocker Initiated GC) [PSYoungGen: 98816K->65734K(179200K)] 618959K->585878K(703488K), 0.0064757 secs] [Times: user=0.07 sys=0.01, real=0.01 secs] 
2016-09-25T21:54:03.289-0400: 102.762: [GC (GCLocker Initiated GC) [PSYoungGen: 164550K->59925K(178176K)] 684733K->580107K(702464K), 0.0107387 secs] [Times: user=0.16 sys=0.00, real=0.01 secs] 
2016-09-25T21:54:03.369-0400: 102.842: [Full GC (Ergonomics) [PSYoungGen: 160789K->0K(178176K)] [ParOldGen: 522945K->511755K(524288K)] 683734K->511755K(702464K), [Metaspace: 43898K->43898K(1087488K)], 0.0885410 secs] [Times: user=0.98 sys=0.00, real=0.09 secs] 
2016-09-25T21:54:03.528-0400: 103.002: [GC (GCLocker Initiated GC) [PSYoungGen: 100864K->57482K(179712K)] 615422K->572041K(704000K), 0.0060543 secs] [Times: user=0.07 sys=0.01, real=0.01 secs] 
2016-09-25T21:54:03.610-0400: 103.084: [Full GC (Ergonomics) [PSYoungGen: 158346K->0K(179712K)] [ParOldGen: 522816K->518971K(524288K)] 681163K->518971K(704000K), [Metaspace: 43898K->43898K(1087488K)], 0.0597277 secs] [Times: user=0.60 sys=0.02, real=0.06 secs] 
2016-09-25T21:54:03.747-0400: 103.220: [GC (GCLocker Initiated GC) [PSYoungGen: 100864K->62694K(181248K)] 622609K->584439K(705536K), 0.0065035 secs] [Times: user=0.09 sys=0.00, real=0.00 secs] 
2016-09-25T21:54:03.823-0400: 103.296: [GC (GCLocker Initiated GC) --[PSYoungGen: 168166K->168166K(181248K)] 689999K->689999K(705536K), 0.0161543 secs] [Times: user=0.17 sys=0.00, real=0.01 secs] 
2016-09-25T21:54:03.839-0400: 103.313: [Full GC (Ergonomics) [PSYoungGen: 168166K->0K(181248K)] [ParOldGen: 521832K->518228K(524288K)] 689999K->518228K(705536K), [Metaspace: 43898K->43898K(1087488K)], 0.0755346 secs] [Times: user=0.81 sys=0.00, real=0.08 secs] 
2016-09-25T21:54:03.986-0400: 103.459: [GC (GCLocker Initiated GC) [PSYoungGen: 105472K->61121K(182272K)] 623740K->579389K(706560K), 0.0176375 secs] [Times: user=0.23 sys=0.01, real=0.02 secs] 
2016-09-25T21:54:04.079-0400: 103.552: [GC (GCLocker Initiated GC) --[PSYoungGen: 166593K->166593K(182272K)] 687973K->690673K(706560K), 0.0162770 secs] [Times: user=0.16 sys=0.01, real=0.02 secs] 
2016-09-25T21:54:04.096-0400: 103.569: [Full GC (Ergonomics) [PSYoungGen: 166593K->0K(182272K)] [ParOldGen: 524080K->520118K(524288K)] 690673K->520118K(706560K), [Metaspace: 43900K->43900K(1087488K)], 0.0668557 secs] [Times: user=0.68 sys=0.00, real=0.07 secs] 
2016-09-25T21:54:04.233-0400: 103.707: [Full GC (Ergonomics) [PSYoungGen: 105472K->0K(182272K)] [ParOldGen: 522874K->521179K(524288K)] 628346K->521179K(706560K), [Metaspace: 43900K->43900K(1087488K)], 0.0865259 secs] [Times: user=0.68 sys=0.01, real=0.09 secs] 
2016-09-25T21:54:04.383-0400: 103.856: [GC (GCLocker Initiated GC) [PSYoungGen: 105472K->71975K(180224K)] 626778K->593281K(704512K), 0.0204118 secs] [Times: user=0.23 sys=0.00, real=0.02 secs] 
2016-09-25T21:54:04.483-0400: 103.956: [Full GC (Ergonomics) [PSYoungGen: 176423K->0K(180224K)] [ParOldGen: 524060K->520289K(524288K)] 700484K->520289K(704512K), [Metaspace: 43900K->43900K(1087488K)], 0.0589882 secs] [Times: user=0.46 sys=0.00, real=0.05 secs] 
2016-09-25T21:54:04.607-0400: 104.080: [Full GC (Ergonomics) [PSYoungGen: 104174K->0K(180224K)] [ParOldGen: 522989K->524136K(524288K)] 627163K->524136K(704512K), [Metaspace: 43900K->43900K(1087488K)], 0.0693635 secs] [Times: user=0.63 sys=0.00, real=0.07 secs] 
2016-09-25T21:54:04.744-0400: 104.217: [Full GC (Ergonomics) [PSYoungGen: 103639K->2702K(180224K)] [ParOldGen: 524136K->521974K(524288K)] 627776K->524676K(704512K), [Metaspace: 43900K->43900K(1087488K)], 0.1029132 secs] [Times: user=1.16 sys=0.00, real=0.10 secs] 
2016-09-25T21:54:04.929-0400: 104.402: [GC (GCLocker Initiated GC) [PSYoungGen: 102942K->70787K(175616K)] 624916K->592761K(699904K), 0.0091880 secs] [Times: user=0.10 sys=0.01, real=0.01 secs] 
2016-09-25T21:54:05.014-0400: 104.488: [GC (GCLocker Initiated GC) [PSYoungGen: 173442K->63631K(182784K)] 695417K->585605K(707072K), 0.0131098 secs] [Times: user=0.17 sys=0.00, real=0.01 secs] 
2016-09-25T21:54:05.100-0400: 104.574: [GC (GCLocker Initiated GC) [PSYoungGen: 166031K->65869K(168448K)] 688070K->587908K(692736K), 0.0083692 secs] [Times: user=0.12 sys=0.00, real=0.01 secs] 
2016-09-25T21:54:05.182-0400: 104.655: [GC (GCLocker Initiated GC) [PSYoungGen: 168269K->72284K(179200K)] 690328K->594343K(703488K), 0.0134930 secs] [Times: user=0.16 sys=0.00, real=0.01 secs] 
2016-09-25T21:54:05.259-0400: 104.732: [GC (GCLocker Initiated GC) --[PSYoungGen: 170304K->170304K(179200K)] 692362K->692362K(703488K), 0.0114307 secs] [Times: user=0.12 sys=0.01, real=0.01 secs] 
2016-09-25T21:54:05.271-0400: 104.744: [Full GC (Ergonomics) [PSYoungGen: 170304K->0K(179200K)] [ParOldGen: 522058K->522686K(524288K)] 692362K->522686K(703488K), [Metaspace: 43900K->43900K(1087488K)], 0.1296794 secs] [Times: user=1.78 sys=0.01, real=0.13 secs] 
2016-09-25T21:54:05.471-0400: 104.944: [Full GC (Ergonomics) [PSYoungGen: 100352K->2711K(179200K)] [ParOldGen: 522737K->522963K(524288K)] 623089K->525674K(703488K), [Metaspace: 43900K->43900K(1087488K)], 0.1664859 secs] [Times: user=2.35 sys=0.01, real=0.17 secs] 
2016-09-25T21:54:05.716-0400: 105.190: [GC (GCLocker Initiated GC) [PSYoungGen: 99743K->48087K(148480K)] 622707K->571050K(672768K), 0.0069781 secs] [Times: user=0.09 sys=0.01, real=0.01 secs] 
2016-09-25T21:54:05.784-0400: 105.257: [GC (GCLocker Initiated GC) [PSYoungGen: 148014K->74769K(175104K)] 670978K->597733K(699392K), 0.0080629 secs] [Times: user=0.11 sys=0.00, real=0.00 secs] 
2016-09-25T21:54:05.856-0400: 105.330: [GC (GCLocker Initiated GC) [PSYoungGen: 167953K->79562K(173056K)] 690998K->602606K(697344K), 0.0073783 secs] [Times: user=0.10 sys=0.00, real=0.01 secs] 
2016-09-25T21:54:05.926-0400: 105.400: [GC (GCLocker Initiated GC) [PSYoungGen: 172446K->72359K(175104K)] 695491K->595403K(699392K), 0.0086045 secs] [Times: user=0.09 sys=0.01, real=0.01 secs] 
2016-09-25T21:54:05.986-0400: 105.459: [GC (GCLocker Initiated GC) [PSYoungGen: 160423K->79955K(175104K)] 683474K->603006K(699392K), 0.0075418 secs] [Times: user=0.10 sys=0.01, real=0.00 secs] 
2016-09-25T21:54:06.049-0400: 105.522: [GC (GCLocker Initiated GC) [PSYoungGen: 168019K->84778K(175104K)] 691306K->608064K(699392K), 0.0089038 secs] [Times: user=0.10 sys=0.00, real=0.01 secs] 
2016-09-25T21:54:06.127-0400: 105.600: [GC (GCLocker Initiated GC) [PSYoungGen: 172842K->78743K(175104K)] 696288K->602189K(699392K), 0.0084749 secs] [Times: user=0.11 sys=0.00, real=0.01 secs] 
2016-09-25T21:54:06.190-0400: 105.664: [GC (GCLocker Initiated GC) [PSYoungGen: 166286K->75557K(175104K)] 689732K->599003K(699392K), 0.0090578 secs] [Times: user=0.10 sys=0.01, real=0.01 secs] 
2016-09-25T21:54:06.256-0400: 105.730: [GC (GCLocker Initiated GC) --[PSYoungGen: 162836K->162836K(175104K)] 686282K->686298K(699392K), 0.0206964 secs] [Times: user=0.21 sys=0.00, real=0.02 secs] 
2016-09-25T21:54:06.277-0400: 105.750: [Full GC (Ergonomics) [PSYoungGen: 162836K->0K(175104K)] [ParOldGen: 523462K->524085K(524288K)] 686298K->524085K(699392K), [Metaspace: 43900K->43900K(1087488K)], 0.1064058 secs] [Times: user=1.43 sys=0.00, real=0.11 secs] 
2016-09-25T21:54:06.436-0400: 105.909: [Full GC (Ergonomics) [PSYoungGen: 88064K->12616K(175104K)] [ParOldGen: 524136K->521981K(524288K)] 612200K->534597K(699392K), [Metaspace: 43900K->43900K(1087488K)], 0.1554088 secs] [Times: user=2.28 sys=0.02, real=0.15 secs] 
2016-09-25T21:54:06.647-0400: 106.120: [GC (GCLocker Initiated GC) [PSYoungGen: 88064K->77936K(175104K)] 610080K->600017K(699392K), 0.0098986 secs] [Times: user=0.13 sys=0.00, real=0.01 secs] 
2016-09-25T21:54:06.710-0400: 106.184: [GC (GCLocker Initiated GC) [PSYoungGen: 165878K->76090K(175104K)] 687958K->598202K(699392K), 0.0122835 secs] [Times: user=0.16 sys=0.01, real=0.02 secs] 
2016-09-25T21:54:06.776-0400: 106.249: [GC (GCLocker Initiated GC) [PSYoungGen: 162159K->76906K(175104K)] 684272K->599187K(699392K), 0.0080123 secs] [Times: user=0.11 sys=0.00, real=0.01 secs] 
2016-09-25T21:54:06.847-0400: 106.320: [GC (GCLocker Initiated GC) [PSYoungGen: 164970K->62269K(175104K)] 687317K->584648K(699392K), 0.0071218 secs] [Times: user=0.07 sys=0.00, real=0.01 secs] 
2016-09-25T21:54:06.909-0400: 106.382: [GC (GCLocker Initiated GC) [PSYoungGen: 150333K->70740K(175104K)] 672761K->593496K(699392K), 0.0347759 secs] [Times: user=0.43 sys=0.01, real=0.04 secs] 
2016-09-25T21:54:06.994-0400: 106.467: [GC (GCLocker Initiated GC) --[PSYoungGen: 158804K->158804K(175104K)] 681642K->683091K(699392K), 0.0094191 secs] [Times: user=0.07 sys=0.01, real=0.02 secs] 
2016-09-25T21:54:07.004-0400: 106.477: [Full GC (Ergonomics) [PSYoungGen: 158804K->0K(175104K)] [ParOldGen: 524287K->502155K(524288K)] 683091K->502155K(699392K), [Metaspace: 43900K->43900K(1087488K)], 0.0683511 secs] [Times: user=0.68 sys=0.00, real=0.06 secs] 
2016-09-25T21:54:07.127-0400: 106.600: [GC (GCLocker Initiated GC) [PSYoungGen: 88064K->69146K(175104K)] 590289K->571371K(699392K), 0.0065868 secs] [Times: user=0.07 sys=0.00, real=0.00 secs] 
2016-09-25T21:54:07.194-0400: 106.667: [GC (GCLocker Initiated GC) [PSYoungGen: 157210K->68495K(175104K)] 659469K->570755K(699392K), 0.0175189 secs] [Times: user=0.23 sys=0.00, real=0.02 secs] 
2016-09-25T21:54:07.272-0400: 106.745: [GC (GCLocker Initiated GC) [PSYoungGen: 156559K->64234K(175104K)] 664222K->583822K(699392K), 0.0110429 secs] [Times: user=0.13 sys=0.00, real=0.02 secs] 
2016-09-25T21:54:07.283-0400: 106.756: [Full GC (Ergonomics) [PSYoungGen: 64234K->0K(175104K)] [ParOldGen: 519588K->504444K(524288K)] 583822K->504444K(699392K), [Metaspace: 43900K->43900K(1087488K)], 0.0571201 secs] [Times: user=0.48 sys=0.01, real=0.05 secs] 
2016-09-25T21:54:07.401-0400: 106.874: [GC (GCLocker Initiated GC) [PSYoungGen: 88064K->50379K(175104K)] 601970K->564286K(699392K), 0.0052049 secs] [Times: user=0.06 sys=0.00, real=0.01 secs] 
2016-09-25T21:54:07.470-0400: 106.943: [Full GC (Ergonomics) [PSYoungGen: 138360K->0K(175104K)] [ParOldGen: 523356K->508880K(524288K)] 661717K->508880K(699392K), [Metaspace: 43900K->43900K(1087488K)], 0.0558998 secs] [Times: user=0.36 sys=0.01, real=0.06 secs] 
2016-09-25T21:54:07.593-0400: 107.066: [GC (GCLocker Initiated GC) [PSYoungGen: 88064K->62444K(175104K)] 597006K->571386K(699392K), 0.0105242 secs] [Times: user=0.15 sys=0.00, real=0.02 secs] 
2016-09-25T21:54:07.667-0400: 107.140: [GC (GCLocker Initiated GC) [PSYoungGen: 150508K->56728K(175104K)] 659569K->579153K(699392K), 0.0072317 secs] [Times: user=0.08 sys=0.00, real=0.00 secs] 
2016-09-25T21:54:07.674-0400: 107.147: [Full GC (Ergonomics) [PSYoungGen: 56728K->0K(175104K)] [ParOldGen: 522424K->507759K(524288K)] 579153K->507759K(699392K), [Metaspace: 43900K->43900K(1087488K)], 0.0561897 secs] [Times: user=0.48 sys=0.01, real=0.06 secs] 
2016-09-25T21:54:07.790-0400: 107.263: [GC (GCLocker Initiated GC) [PSYoungGen: 88064K->60915K(175104K)] 595904K->568756K(699392K), 0.0232646 secs] [Times: user=0.33 sys=0.01, real=0.02 secs] 
2016-09-25T21:54:07.870-0400: 107.344: [GC (GCLocker Initiated GC) [PSYoungGen: 148979K->37480K(175104K)] 656897K->547863K(699392K), 0.0133912 secs] [Times: user=0.16 sys=0.00, real=0.02 secs] 
2016-09-25T21:54:07.934-0400: 107.407: [GC (GCLocker Initiated GC) [PSYoungGen: 125544K->52460K(175104K)] 635951K->570423K(699392K), 0.0104157 secs] [Times: user=0.12 sys=0.00, real=0.02 secs] 
2016-09-25T21:54:07.944-0400: 107.418: [Full GC (Ergonomics) [PSYoungGen: 52460K->0K(175104K)] [ParOldGen: 517963K->507102K(524288K)] 570423K->507102K(699392K), [Metaspace: 43900K->43900K(1087488K)], 0.0564810 secs] [Times: user=0.56 sys=0.00, real=0.05 secs] 
2016-09-25T21:54:08.058-0400: 107.531: [GC (GCLocker Initiated GC) [PSYoungGen: 88064K->50545K(175104K)] 600665K->563146K(699392K), 0.0051555 secs] [Times: user=0.07 sys=0.00, real=0.01 secs] 
2016-09-25T21:54:08.116-0400: 107.590: [Full GC (Ergonomics) [PSYoungGen: 138609K->0K(175104K)] [ParOldGen: 519477K->514109K(524288K)] 658086K->514109K(699392K), [Metaspace: 43900K->43900K(1087488K)], 0.0660081 secs] [Times: user=0.70 sys=0.00, real=0.07 secs] 
2016-09-25T21:54:08.237-0400: 107.710: [Full GC (Ergonomics) [PSYoungGen: 88064K->0K(175104K)] [ParOldGen: 519575K->514772K(524288K)] 607639K->514772K(699392K), [Metaspace: 43900K->43900K(1087488K)], 0.0669076 secs] [Times: user=0.79 sys=0.02, real=0.07 secs] 
2016-09-25T21:54:08.369-0400: 107.842: [Full GC (Ergonomics) [PSYoungGen: 88064K->0K(175104K)] [ParOldGen: 515791K->511557K(524288K)] 603855K->511557K(699392K), [Metaspace: 43900K->43900K(1087488K)], 0.0649534 secs] [Times: user=0.75 sys=0.00, real=0.06 secs] 
2016-09-25T21:54:08.499-0400: 107.972: [Full GC (Ergonomics) [PSYoungGen: 88064K->0K(175104K)] [ParOldGen: 520607K->517626K(524288K)] 608671K->517626K(699392K), [Metaspace: 43900K->43900K(1087488K)], 0.0582460 secs] [Times: user=0.52 sys=0.00, real=0.06 secs] 
2016-09-25T21:54:08.617-0400: 108.091: [Full GC (Ergonomics) [PSYoungGen: 88064K->0K(175104K)] [ParOldGen: 520571K->519708K(524288K)] 608635K->519708K(699392K), [Metaspace: 43900K->43900K(1087488K)], 0.0689617 secs] [Times: user=0.62 sys=0.00, real=0.07 secs] 
2016-09-25T21:54:08.740-0400: 108.213: [Full GC (Ergonomics) [PSYoungGen: 88064K->0K(175104K)] [ParOldGen: 521214K->517775K(524288K)] 609278K->517775K(699392K), [Metaspace: 43900K->43900K(1087488K)], 0.0599855 secs] [Times: user=0.55 sys=0.00, real=0.06 secs] 
2016-09-25T21:54:08.854-0400: 108.328: [Full GC (Ergonomics) [PSYoungGen: 88064K->0K(175104K)] [ParOldGen: 518020K->521119K(524288K)] 606084K->521119K(699392K), [Metaspace: 43900K->43900K(1087488K)], 0.0645325 secs] [Times: user=0.66 sys=0.00, real=0.06 secs] 
2016-09-25T21:54:08.982-0400: 108.455: [Full GC (Ergonomics) [PSYoungGen: 88064K->0K(175104K)] [ParOldGen: 521172K->516457K(524288K)] 609236K->516457K(699392K), [Metaspace: 43900K->43900K(1087488K)], 0.0676835 secs] [Times: user=0.58 sys=0.00, real=0.06 secs] 
2016-09-25T21:54:09.107-0400: 108.580: [Full GC (Ergonomics) [PSYoungGen: 88064K->0K(175104K)] [ParOldGen: 518391K->505324K(524288K)] 606455K->505324K(699392K), [Metaspace: 43900K->43900K(1087488K)], 0.0710727 secs] [Times: user=0.60 sys=0.01, real=0.07 secs] 
2016-09-25T21:54:09.239-0400: 108.712: [Full GC (Ergonomics) [PSYoungGen: 88064K->0K(175104K)] [ParOldGen: 517524K->516069K(524288K)] 605588K->516069K(699392K), [Metaspace: 43900K->43900K(1087488K)], 0.0928962 secs] [Times: user=1.14 sys=0.01, real=0.09 secs] 
2016-09-25T21:54:09.392-0400: 108.866: [Full GC (Ergonomics) [PSYoungGen: 88064K->0K(175104K)] [ParOldGen: 521613K->516819K(524288K)] 609677K->516819K(699392K), [Metaspace: 43900K->43900K(1087488K)], 0.0587517 secs] [Times: user=0.56 sys=0.01, real=0.06 secs] 
2016-09-25T21:54:09.512-0400: 108.985: [Full GC (Ergonomics) [PSYoungGen: 88064K->0K(175104K)] [ParOldGen: 522343K->520294K(524288K)] 610407K->520294K(699392K), [Metaspace: 43900K->43900K(1087488K)], 0.0573348 secs] [Times: user=0.47 sys=0.01, real=0.06 secs] 
2016-09-25T21:54:09.641-0400: 109.114: [Full GC (Ergonomics) [PSYoungGen: 88063K->0K(175104K)] [ParOldGen: 521885K->518302K(524288K)] 609949K->518302K(699392K), [Metaspace: 43903K->43903K(1087488K)], 0.0683073 secs] [Times: user=0.69 sys=0.00, real=0.07 secs] 
2016-09-25T21:54:09.793-0400: 109.267: [Full GC (Ergonomics) [PSYoungGen: 87481K->0K(175104K)] [ParOldGen: 522352K->516353K(524288K)] 609833K->516353K(699392K), [Metaspace: 43903K->43903K(1087488K)], 0.0575185 secs] [Times: user=0.42 sys=0.00, real=0.06 secs] 
2016-09-25T21:54:09.921-0400: 109.394: [Full GC (Ergonomics) [PSYoungGen: 88064K->0K(175104K)] [ParOldGen: 519208K->522451K(524288K)] 607272K->522451K(699392K), [Metaspace: 43903K->43903K(1087488K)], 0.0611992 secs] [Times: user=0.45 sys=0.00, real=0.07 secs] 
2016-09-25T21:54:10.052-0400: 109.525: [Full GC (Ergonomics) [PSYoungGen: 87101K->0K(175104K)] [ParOldGen: 523801K->517931K(524288K)] 610902K->517931K(699392K), [Metaspace: 43903K->43903K(1087488K)], 0.1419034 secs] [Times: user=1.83 sys=0.00, real=0.15 secs] 
2016-09-25T21:54:10.254-0400: 109.727: [Full GC (Ergonomics) [PSYoungGen: 87183K->0K(175104K)] [ParOldGen: 521981K->513298K(524288K)] 609165K->513298K(699392K), [Metaspace: 43903K->43903K(1087488K)], 0.0657735 secs] [Times: user=0.60 sys=0.03, real=0.07 secs] 
2016-09-25T21:54:10.382-0400: 109.855: [Full GC (Ergonomics) [PSYoungGen: 88064K->0K(175104K)] [ParOldGen: 518788K->519290K(524288K)] 606852K->519290K(699392K), [Metaspace: 43903K->43903K(1087488K)], 0.0701165 secs] [Times: user=0.65 sys=0.00, real=0.07 secs] 
2016-09-25T21:54:10.523-0400: 109.996: [Full GC (Ergonomics) [PSYoungGen: 88064K->0K(175104K)] [ParOldGen: 522236K->519983K(524288K)] 610300K->519983K(699392K), [Metaspace: 43903K->43903K(1087488K)], 0.0844248 secs] [Times: user=0.56 sys=0.01, real=0.08 secs] 
2016-09-25T21:54:10.673-0400: 110.147: [Full GC (Ergonomics) [PSYoungGen: 87929K->0K(175104K)] [ParOldGen: 522683K->518015K(524288K)] 610612K->518015K(699392K), [Metaspace: 43903K->43903K(1087488K)], 0.0880983 secs] [Times: user=0.59 sys=0.01, real=0.09 secs] 
2016-09-25T21:54:10.830-0400: 110.303: [Full GC (Ergonomics) [PSYoungGen: 88064K->0K(175104K)] [ParOldGen: 520799K->518782K(524288K)] 608863K->518782K(699392K), [Metaspace: 43903K->43903K(1087488K)], 0.0737158 secs] [Times: user=0.68 sys=0.00, real=0.08 secs] 
2016-09-25T21:54:10.963-0400: 110.436: [Full GC (Ergonomics) [PSYoungGen: 88064K->0K(175104K)] [ParOldGen: 521552K->519490K(524288K)] 609616K->519490K(699392K), [Metaspace: 43903K->43903K(1087488K)], 0.0670396 secs] [Times: user=0.62 sys=0.01, real=0.06 secs] 
2016-09-25T21:54:11.095-0400: 110.568: [Full GC (Ergonomics) [PSYoungGen: 88064K->0K(175104K)] [ParOldGen: 522223K->520185K(524288K)] 610287K->520185K(699392K), [Metaspace: 43903K->43903K(1087488K)], 0.0663669 secs] [Times: user=0.46 sys=0.00, real=0.06 secs] 
2016-09-25T21:54:11.229-0400: 110.702: [Full GC (Ergonomics) [PSYoungGen: 88064K->0K(175104K)] [ParOldGen: 521898K->520974K(524288K)] 609962K->520974K(699392K), [Metaspace: 43905K->43905K(1087488K)], 0.0617811 secs] [Times: user=0.44 sys=0.02, real=0.06 secs] 
2016-09-25T21:54:11.355-0400: 110.829: [Full GC (Ergonomics) [PSYoungGen: 88064K->0K(175104K)] [ParOldGen: 523682K->524260K(524288K)] 611746K->524260K(699392K), [Metaspace: 43905K->43905K(1087488K)], 0.0696020 secs] [Times: user=0.44 sys=0.01, real=0.07 secs] 
2016-09-25T21:54:11.487-0400: 110.960: [Full GC (Ergonomics) [PSYoungGen: 85905K->2700K(175104K)] [ParOldGen: 524260K->522330K(524288K)] 610166K->525030K(699392K), [Metaspace: 43905K->43905K(1087488K)], 0.1248671 secs] [Times: user=1.10 sys=0.02, real=0.12 secs] 
2016-09-25T21:54:11.673-0400: 111.146: [Full GC (Ergonomics) [PSYoungGen: 88064K->0K(175104K)] [ParOldGen: 522396K->523013K(524288K)] 610460K->523013K(699392K), [Metaspace: 43907K->43907K(1087488K)], 0.0620830 secs] [Times: user=0.41 sys=0.00, real=0.07 secs] 
2016-09-25T21:54:11.804-0400: 111.277: [Full GC (Ergonomics) [PSYoungGen: 88064K->0K(175104K)] [ParOldGen: 523048K->523715K(524288K)] 611112K->523715K(699392K), [Metaspace: 43907K->43907K(1087488K)], 0.0628210 secs] [Times: user=0.47 sys=0.00, real=0.06 secs] 
2016-09-25T21:54:11.950-0400: 111.423: [Full GC (Ergonomics) [PSYoungGen: 86820K->0K(175104K)] [ParOldGen: 523715K->513857K(524288K)] 610535K->513857K(699392K), [Metaspace: 43907K->43907K(1087488K)], 0.0810798 secs] [Times: user=0.62 sys=0.01, real=0.08 secs] 
2016-09-25T21:54:12.108-0400: 111.582: [Full GC (Ergonomics) [PSYoungGen: 88064K->0K(175104K)] [ParOldGen: 523375K->519901K(524288K)] 611439K->519901K(699392K), [Metaspace: 43907K->43907K(1087488K)], 0.0767939 secs] [Times: user=0.77 sys=0.01, real=0.08 secs] 
2016-09-25T21:54:12.251-0400: 111.725: [Full GC (Ergonomics) [PSYoungGen: 87938K->4132K(175104K)] [ParOldGen: 522601K->521957K(524288K)] 610540K->526089K(699392K), [Metaspace: 43907K->43907K(1087488K)], 0.0603959 secs] [Times: user=0.59 sys=0.01, real=0.06 secs] 
2016-09-25T21:54:12.381-0400: 111.855: [Full GC (Ergonomics) [PSYoungGen: 88064K->0K(175104K)] [ParOldGen: 524271K->520115K(524288K)] 612335K->520115K(699392K), [Metaspace: 43907K->43907K(1087488K)], 0.0604647 secs] [Times: user=0.49 sys=0.01, real=0.06 secs] 
2016-09-25T21:54:12.498-0400: 111.972: [Full GC (Ergonomics) [PSYoungGen: 88064K->2700K(175104K)] [ParOldGen: 520170K->522250K(524288K)] 608234K->524950K(699392K), [Metaspace: 43907K->43907K(1087488K)], 0.1066776 secs] [Times: user=1.09 sys=0.02, real=0.11 secs] 
2016-09-25T21:54:12.684-0400: 112.157: [Full GC (Ergonomics) [PSYoungGen: 85976K->0K(175104K)] [ParOldGen: 522250K->517523K(524288K)] 608227K->517523K(699392K), [Metaspace: 43907K->43907K(1087488K)], 0.0588746 secs] [Times: user=0.57 sys=0.01, real=0.06 secs] 
2016-09-25T21:54:12.815-0400: 112.288: [Full GC (Ergonomics) [PSYoungGen: 88064K->4131K(175104K)] [ParOldGen: 523081K->521763K(524288K)] 611145K->525895K(699392K), [Metaspace: 43907K->43907K(1087488K)], 0.1661057 secs] [Times: user=2.23 sys=0.01, real=0.16 secs] 
2016-09-25T21:54:13.040-0400: 112.513: [Full GC (Ergonomics) [PSYoungGen: 86161K->0K(175104K)] [ParOldGen: 521763K->523823K(524288K)] 607925K->523823K(699392K), [Metaspace: 43907K->43907K(1087488K)], 0.0702018 secs] [Times: user=0.71 sys=0.00, real=0.07 secs] 
2016-09-25T21:54:13.166-0400: 112.640: [Full GC (Ergonomics) [PSYoungGen: 87898K->1350K(175104K)] [ParOldGen: 523823K->523195K(524288K)] 611722K->524546K(699392K), [Metaspace: 43907K->43907K(1087488K)], 0.0807177 secs] [Times: user=0.64 sys=0.00, real=0.08 secs] 
2016-09-25T21:54:13.308-0400: 112.782: [Full GC (Ergonomics) [PSYoungGen: 88064K->2724K(175104K)] [ParOldGen: 523232K->521631K(524288K)] 611296K->524356K(699392K), [Metaspace: 43907K->43907K(1087488K)], 0.1265932 secs] [Times: user=1.72 sys=0.00, real=0.13 secs] 
2016-09-25T21:54:13.501-0400: 112.975: [Full GC (Ergonomics) [PSYoungGen: 86697K->5400K(175104K)] [ParOldGen: 521631K->522133K(524288K)] 608329K->527534K(699392K), [Metaspace: 43907K->43907K(1087488K)], 0.1790526 secs] [Times: user=2.10 sys=0.03, real=0.18 secs] 
2016-09-25T21:54:13.738-0400: 113.211: [Full GC (Ergonomics) [PSYoungGen: 88064K->6815K(175104K)] [ParOldGen: 522352K->523845K(524288K)] 610416K->530661K(699392K), [Metaspace: 43907K->43907K(1087488K)], 0.1521822 secs] [Times: user=1.85 sys=0.02, real=0.15 secs] 
2016-09-25T21:54:13.954-0400: 113.427: [Full GC (Ergonomics) [PSYoungGen: 86834K->4050K(175104K)] [ParOldGen: 523845K->521609K(524288K)] 610680K->525659K(699392K), [Metaspace: 43907K->43907K(1087488K)], 0.1560720 secs] [Times: user=2.01 sys=0.00, real=0.16 secs] 
2016-09-25T21:54:14.183-0400: 113.656: [Full GC (Ergonomics) [PSYoungGen: 87090K->5404K(175104K)] [ParOldGen: 521609K->523348K(524288K)] 608699K->528752K(699392K), [Metaspace: 43907K->43907K(1087488K)], 0.1529668 secs] [Times: user=1.70 sys=0.02, real=0.15 secs] 
2016-09-25T21:54:14.416-0400: 113.889: [Full GC (Ergonomics) [PSYoungGen: 85564K->6840K(175104K)] [ParOldGen: 523348K->522314K(524288K)] 608912K->529154K(699392K), [Metaspace: 43910K->43910K(1087488K)], 0.1536070 secs] [Times: user=1.70 sys=0.01, real=0.15 secs] 
2016-09-25T21:54:14.633-0400: 114.106: [Full GC (Ergonomics) [PSYoungGen: 88064K->8101K(175104K)] [ParOldGen: 522487K->524115K(524288K)] 610551K->532216K(699392K), [Metaspace: 43910K->43910K(1087488K)], 0.1425226 secs] [Times: user=1.97 sys=0.01, real=0.15 secs] 
2016-09-25T21:54:14.829-0400: 114.302: [Full GC (Ergonomics) [PSYoungGen: 88064K->6840K(175104K)] [ParOldGen: 524285K->523039K(524288K)] 612349K->529880K(699392K), [Metaspace: 43910K->43910K(1087488K)], 0.1548026 secs] [Times: user=1.98 sys=0.01, real=0.16 secs] 
2016-09-25T21:54:15.046-0400: 114.519: [Full GC (Ergonomics) [PSYoungGen: 88064K->4061K(175104K)] [ParOldGen: 523046K->523457K(524288K)] 611110K->527518K(699392K), [Metaspace: 43910K->43910K(1087488K)], 0.1531222 secs] [Times: user=1.69 sys=0.04, real=0.15 secs] 
2016-09-25T21:54:15.269-0400: 114.742: [Full GC (Ergonomics) [PSYoungGen: 85987K->0K(175104K)] [ParOldGen: 523457K->522763K(524288K)] 609444K->522763K(699392K), [Metaspace: 43910K->43910K(1087488K)], 0.0714536 secs] [Times: user=0.50 sys=0.00, real=0.07 secs] 
2016-09-25T21:54:15.400-0400: 114.873: [Full GC (Ergonomics) [PSYoungGen: 87169K->0K(175104K)] [ParOldGen: 524113K->523482K(524288K)] 611283K->523482K(699392K), [Metaspace: 43910K->43910K(1087488K)], 0.0643577 secs] [Times: user=0.56 sys=0.01, real=0.07 secs] 
2016-09-25T21:54:15.524-0400: 114.997: [Full GC (Ergonomics) [PSYoungGen: 88064K->2713K(175104K)] [ParOldGen: 523521K->522965K(524288K)] 611585K->525678K(699392K), [Metaspace: 43910K->43910K(1087488K)], 0.1242064 secs] [Times: user=1.19 sys=0.00, real=0.12 secs] 
2016-09-25T21:54:15.710-0400: 115.183: [Full GC (Ergonomics) [PSYoungGen: 86889K->2869K(175104K)] [ParOldGen: 522965K->521843K(524288K)] 609855K->524712K(699392K), [Metaspace: 43910K->43910K(1087488K)], 0.1463615 secs] [Times: user=1.90 sys=0.01, real=0.15 secs] 
2016-09-25T21:54:15.916-0400: 115.389: [Full GC (Ergonomics) [PSYoungGen: 88064K->10800K(175104K)] [ParOldGen: 522088K->523717K(524288K)] 610152K->534517K(699392K), [Metaspace: 43910K->43910K(1087488K)], 0.1409293 secs] [Times: user=1.77 sys=0.01, real=0.14 secs] 
2016-09-25T21:54:16.119-0400: 115.592: [Full GC (Ergonomics) [PSYoungGen: 86378K->1352K(175104K)] [ParOldGen: 523717K->522993K(524288K)] 610096K->524345K(699392K), [Metaspace: 43910K->43910K(1087488K)], 0.0837013 secs] [Times: user=0.63 sys=0.01, real=0.09 secs] 
2016-09-25T21:54:16.267-0400: 115.740: [Full GC (Ergonomics) [PSYoungGen: 87439K->0K(175104K)] [ParOldGen: 522993K->523823K(524288K)] 610432K->523823K(699392K), [Metaspace: 43910K->43910K(1087488K)], 0.0628722 secs] [Times: user=0.52 sys=0.02, real=0.06 secs] 
2016-09-25T21:54:16.402-0400: 115.875: [Full GC (Ergonomics) [PSYoungGen: 88064K->8100K(175104K)] [ParOldGen: 523849K->522215K(524288K)] 611913K->530316K(699392K), [Metaspace: 43916K->43916K(1087488K)], 0.1269164 secs] [Times: user=1.63 sys=0.01, real=0.13 secs] 
2016-09-25T21:54:16.606-0400: 116.079: [Full GC (Ergonomics) [PSYoungGen: 88064K->6841K(175104K)] [ParOldGen: 522616K->523989K(524288K)] 610680K->530830K(699392K), [Metaspace: 43916K->43916K(1087488K)], 0.1668205 secs] [Times: user=1.66 sys=0.01, real=0.16 secs] 
2016-09-25T21:54:16.831-0400: 116.304: [Full GC (Ergonomics) [PSYoungGen: 87340K->8287K(175104K)] [ParOldGen: 523989K->521678K(524288K)] 611329K->529966K(699392K), [Metaspace: 43916K->43916K(1087488K)], 0.1681938 secs] [Times: user=1.93 sys=0.01, real=0.17 secs] 
2016-09-25T21:54:17.062-0400: 116.535: [Full GC (Ergonomics) [PSYoungGen: 88064K->10815K(175104K)] [ParOldGen: 523035K->523634K(524288K)] 611099K->534450K(699392K), [Metaspace: 43916K->43916K(1087488K)], 0.1366904 secs] [Times: user=1.40 sys=0.00, real=0.14 secs] 
2016-09-25T21:54:17.252-0400: 116.726: [Full GC (Ergonomics) [PSYoungGen: 86569K->6954K(175104K)] [ParOldGen: 523634K->524119K(524288K)] 610204K->531074K(699392K), [Metaspace: 43924K->43924K(1087488K)], 0.1758965 secs] [Times: user=2.32 sys=0.00, real=0.18 secs] 
2016-09-25T21:54:17.489-0400: 116.962: [Full GC (Ergonomics) [PSYoungGen: 88064K->9655K(175104K)] [ParOldGen: 524174K->521575K(524288K)] 612238K->531231K(699392K), [Metaspace: 43924K->43924K(1087488K)], 0.1466240 secs] [Times: user=1.88 sys=0.00, real=0.15 secs] 
2016-09-25T21:54:17.697-0400: 117.170: [Full GC (Ergonomics) [PSYoungGen: 88064K->9670K(175104K)] [ParOldGen: 521638K->523322K(524288K)] 609702K->532992K(699392K), [Metaspace: 43924K->43924K(1087488K)], 0.1398263 secs] [Times: user=1.87 sys=0.00, real=0.14 secs] 
2016-09-25T21:54:17.887-0400: 117.360: [Full GC (Ergonomics) [PSYoungGen: 86157K->9601K(175104K)] [ParOldGen: 523322K->523556K(524288K)] 609479K->533157K(699392K), [Metaspace: 43924K->43924K(1087488K)], 0.1430006 secs] [Times: user=1.83 sys=0.01, real=0.14 secs] 
2016-09-25T21:54:20.942-0400: 120.415: [Full GC (Ergonomics) [PSYoungGen: 88064K->0K(175104K)] [ParOldGen: 523558K->503712K(524288K)] 611622K->503712K(699392K), [Metaspace: 43960K->43960K(1087488K)], 0.0894449 secs] [Times: user=0.92 sys=0.03, real=0.08 secs] 
2016-09-25T21:54:26.440-0400: 125.913: [GC (Allocation Failure) [PSYoungGen: 88064K->22917K(175104K)] 591776K->526629K(699392K), 0.0116523 secs] [Times: user=0.08 sys=0.01, real=0.01 secs] 
2016-09-25T21:54:31.499-0400: 130.972: [GC (Allocation Failure) --[PSYoungGen: 110981K->110981K(175104K)] 614693K->635226K(699392K), 0.0407832 secs] [Times: user=0.23 sys=0.02, real=0.04 secs] 
2016-09-25T21:54:31.540-0400: 131.013: [Full GC (Ergonomics) [PSYoungGen: 110981K->0K(175104K)] [ParOldGen: 524245K->445771K(524288K)] 635226K->445771K(699392K), [Metaspace: 43982K->43982K(1087488K)], 0.0964624 secs] [Times: user=1.04 sys=0.03, real=0.10 secs] 
2016-09-25T21:54:36.960-0400: 136.433: [GC (Allocation Failure) [PSYoungGen: 88064K->23333K(175104K)] 533835K->469105K(699392K), 0.0129013 secs] [Times: user=0.14 sys=0.01, real=0.01 secs] 
2016-09-25T21:54:42.231-0400: 141.704: [GC (Allocation Failure) [PSYoungGen: 111397K->23525K(175104K)] 557169K->492222K(699392K), 0.0078698 secs] [Times: user=0.06 sys=0.01, real=0.01 secs] 
2016-09-25T21:54:47.525-0400: 146.999: [GC (Allocation Failure) [PSYoungGen: 111589K->24069K(175104K)] 580286K->515964K(699392K), 0.0111421 secs] [Times: user=0.09 sys=0.02, real=0.01 secs] 
