Java HotSpot(TM) 64-Bit Server VM (25.101-b13) for linux-amd64 JRE (1.8.0_101-b13), built on Jun 22 2016 02:59:44 by "java_re" with gcc 4.3.0 20080428 (Red Hat 4.3.0-8)
Memory: 4k page, physical 264122320k(93476340k free), swap 268399612k(268399612k free)
CommandLine flags: -XX:GCLogFileSize=1048576 -XX:+HeapDumpOnOutOfMemoryError -XX:HeapDumpPath=artifacts/heapdump -XX:InitialHeapSize=805306368 -XX:MaxHeapSize=805306368 -XX:NumberOfGCLogFiles=10 -XX:+PrintGC -XX:+PrintGCDateStamps -XX:+PrintGCDetails -XX:+PrintGCTimeStamps -XX:+UseCompressedClassPointers -XX:+UseCompressedOops -XX:+UseGCLogFileRotation -XX:+UseParallelGC 
2016-09-25T22:33:03.436-0400: 2.159: [GC (Metadata GC Threshold) [PSYoungGen: 125830K->15654K(229376K)] 125830K->15742K(753664K), 0.0316657 secs] [Times: user=0.16 sys=0.04, real=0.03 secs] 
2016-09-25T22:33:03.468-0400: 2.190: [Full GC (Metadata GC Threshold) [PSYoungGen: 15654K->0K(229376K)] [ParOldGen: 88K->14602K(325632K)] 15742K->14602K(555008K), [Metaspace: 21074K->21074K(1067008K)], 0.0428631 secs] [Times: user=0.38 sys=0.00, real=0.04 secs] 
2016-09-25T22:33:05.306-0400: 4.029: [GC (Metadata GC Threshold) [PSYoungGen: 121515K->15372K(229376K)] 136117K->30111K(555008K), 0.0258686 secs] [Times: user=0.29 sys=0.01, real=0.02 secs] 
2016-09-25T22:33:05.332-0400: 4.055: [Full GC (Metadata GC Threshold) [PSYoungGen: 15372K->0K(229376K)] [ParOldGen: 14738K->20663K(524288K)] 30111K->20663K(753664K), [Metaspace: 35062K->35062K(1079296K)], 0.0718628 secs] [Times: user=0.59 sys=0.02, real=0.08 secs] 
2016-09-25T22:33:07.045-0400: 5.768: [GC (GCLocker Initiated GC) [PSYoungGen: 196608K->32758K(229376K)] 217275K->63439K(753664K), 0.0098730 secs] [Times: user=0.12 sys=0.00, real=0.01 secs] 
2016-09-25T22:33:07.204-0400: 5.927: [GC (GCLocker Initiated GC) [PSYoungGen: 229366K->32760K(229376K)] 264319K->101632K(753664K), 0.0106009 secs] [Times: user=0.08 sys=0.04, real=0.01 secs] 
2016-09-25T22:33:07.309-0400: 6.032: [GC (GCLocker Initiated GC) [PSYoungGen: 229368K->32090K(228864K)] 309080K->142861K(753152K), 0.0066123 secs] [Times: user=0.10 sys=0.00, real=0.01 secs] 
2016-09-25T22:33:07.410-0400: 6.133: [GC (GCLocker Initiated GC) [PSYoungGen: 228698K->33272K(143872K)] 342287K->174119K(668160K), 0.0086951 secs] [Times: user=0.11 sys=0.02, real=0.01 secs] 
2016-09-25T22:33:07.479-0400: 6.202: [GC (GCLocker Initiated GC) [PSYoungGen: 143864K->75739K(186368K)] 284818K->240993K(710656K), 0.0124366 secs] [Times: user=0.15 sys=0.04, real=0.01 secs] 
2016-09-25T22:33:07.536-0400: 6.259: [GC (GCLocker Initiated GC) [PSYoungGen: 186331K->74303K(163840K)] 354435K->266989K(688128K), 0.0092575 secs] [Times: user=0.08 sys=0.05, real=0.01 secs] 
2016-09-25T22:33:07.597-0400: 6.320: [GC (GCLocker Initiated GC) [PSYoungGen: 162367K->68554K(175104K)] 364776K->282292K(699392K), 0.0074477 secs] [Times: user=0.10 sys=0.03, real=0.01 secs] 
2016-09-25T22:33:07.644-0400: 6.366: [GC (GCLocker Initiated GC) [PSYoungGen: 156618K->68407K(175104K)] 370400K->301457K(699392K), 0.0089288 secs] [Times: user=0.11 sys=0.01, real=0.00 secs] 
2016-09-25T22:33:07.691-0400: 6.414: [GC (GCLocker Initiated GC) [PSYoungGen: 156471K->60139K(175104K)] 389690K->315381K(699392K), 0.0090543 secs] [Times: user=0.13 sys=0.02, real=0.01 secs] 
2016-09-25T22:33:07.740-0400: 6.462: [GC (GCLocker Initiated GC) [PSYoungGen: 148203K->65568K(175104K)] 408953K->363041K(699392K), 0.0084209 secs] [Times: user=0.14 sys=0.00, real=0.01 secs] 
2016-09-25T22:33:07.790-0400: 6.513: [GC (GCLocker Initiated GC) [PSYoungGen: 153632K->57503K(175104K)] 456598K->378242K(699392K), 0.0068417 secs] [Times: user=0.09 sys=0.00, real=0.01 secs] 
2016-09-25T22:33:07.849-0400: 6.572: [GC (GCLocker Initiated GC) [PSYoungGen: 145567K->51989K(175104K)] 482653K->423098K(699392K), 0.0080089 secs] [Times: user=0.08 sys=0.03, real=0.01 secs] 
2016-09-25T22:33:07.906-0400: 6.628: [GC (GCLocker Initiated GC) [PSYoungGen: 140053K->39807K(175104K)] 527463K->454458K(699392K), 0.0068230 secs] [Times: user=0.08 sys=0.00, real=0.00 secs] 
2016-09-25T22:33:07.954-0400: 6.677: [GC (GCLocker Initiated GC) [PSYoungGen: 127871K->62932K(175104K)] 550801K->534767K(699392K), 0.0091635 secs] [Times: user=0.11 sys=0.03, real=0.01 secs] 
2016-09-25T22:33:07.963-0400: 6.686: [Full GC (Ergonomics) [PSYoungGen: 62932K->0K(175104K)] [ParOldGen: 471834K->64807K(524288K)] 534767K->64807K(699392K), [Metaspace: 42837K->42833K(1085440K)], 0.1843622 secs] [Times: user=2.60 sys=0.03, real=0.18 secs] 
2016-09-25T22:33:08.194-0400: 6.917: [GC (GCLocker Initiated GC) [PSYoungGen: 88064K->58868K(175104K)] 154354K->125166K(699392K), 0.0067626 secs] [Times: user=0.08 sys=0.01, real=0.01 secs] 
2016-09-25T22:33:08.236-0400: 6.958: [GC (GCLocker Initiated GC) [PSYoungGen: 146932K->84468K(175104K)] 222803K->164790K(699392K), 0.0091744 secs] [Times: user=0.12 sys=0.02, real=0.01 secs] 
2016-09-25T22:33:08.285-0400: 7.008: [GC (GCLocker Initiated GC) [PSYoungGen: 172532K->62868K(175104K)] 255643K->182733K(699392K), 0.0081067 secs] [Times: user=0.14 sys=0.00, real=0.00 secs] 
2016-09-25T22:33:08.342-0400: 7.065: [GC (GCLocker Initiated GC) [PSYoungGen: 150932K->49213K(175104K)] 285779K->186927K(699392K), 0.0069195 secs] [Times: user=0.07 sys=0.01, real=0.00 secs] 
2016-09-25T22:33:08.388-0400: 7.111: [GC (GCLocker Initiated GC) [PSYoungGen: 137277K->60171K(175104K)] 277806K->225344K(699392K), 0.0076304 secs] [Times: user=0.12 sys=0.00, real=0.01 secs] 
2016-09-25T22:33:08.432-0400: 7.155: [GC (GCLocker Initiated GC) [PSYoungGen: 148235K->52071K(175104K)] 322207K->249255K(699392K), 0.0062641 secs] [Times: user=0.09 sys=0.00, real=0.01 secs] 
2016-09-25T22:33:08.482-0400: 7.205: [GC (GCLocker Initiated GC) [PSYoungGen: 140135K->57372K(145920K)] 340071K->258898K(670208K), 0.0064527 secs] [Times: user=0.06 sys=0.01, real=0.00 secs] 
2016-09-25T22:33:08.529-0400: 7.252: [GC (GCLocker Initiated GC) [PSYoungGen: 145436K->64204K(173568K)] 347049K->278253K(697856K), 0.0067383 secs] [Times: user=0.11 sys=0.00, real=0.01 secs] 
2016-09-25T22:33:08.567-0400: 7.290: [GC (GCLocker Initiated GC) [PSYoungGen: 152268K->67078K(173568K)] 366378K->293601K(697856K), 0.0161774 secs] [Times: user=0.23 sys=0.01, real=0.02 secs] 
2016-09-25T22:33:08.632-0400: 7.355: [GC (GCLocker Initiated GC) [PSYoungGen: 155142K->66903K(175104K)] 390017K->306169K(699392K), 0.0101352 secs] [Times: user=0.11 sys=0.00, real=0.02 secs] 
2016-09-25T22:33:08.683-0400: 7.405: [GC (GCLocker Initiated GC) [PSYoungGen: 155991K->69551K(158720K)] 406159K->322671K(683008K), 0.0088346 secs] [Times: user=0.09 sys=0.01, real=0.00 secs] 
2016-09-25T22:33:08.741-0400: 7.463: [GC (GCLocker Initiated GC) [PSYoungGen: 158639K->41377K(175104K)] 430827K->340863K(699392K), 0.0062679 secs] [Times: user=0.07 sys=0.01, real=0.01 secs] 
2016-09-25T22:33:08.789-0400: 7.512: [GC (GCLocker Initiated GC) [PSYoungGen: 129441K->67021K(175104K)] 441143K->379082K(699392K), 0.0067744 secs] [Times: user=0.10 sys=0.00, real=0.01 secs] 
2016-09-25T22:33:08.839-0400: 7.562: [GC (GCLocker Initiated GC) [PSYoungGen: 155085K->60270K(173056K)] 480784K->399893K(697344K), 0.0060337 secs] [Times: user=0.07 sys=0.00, real=0.01 secs] 
2016-09-25T22:33:08.894-0400: 7.617: [GC (GCLocker Initiated GC) [PSYoungGen: 148334K->48198K(174080K)] 498897K->412660K(698368K), 0.0059977 secs] [Times: user=0.07 sys=0.00, real=0.01 secs] 
2016-09-25T22:33:08.943-0400: 7.666: [GC (GCLocker Initiated GC) [PSYoungGen: 136262K->65702K(176128K)] 504826K->434702K(700416K), 0.0054019 secs] [Times: user=0.08 sys=0.00, real=0.00 secs] 
2016-09-25T22:33:08.986-0400: 7.709: [GC (GCLocker Initiated GC) [PSYoungGen: 156838K->71052K(162304K)] 531297K->448601K(686592K), 0.0068323 secs] [Times: user=0.08 sys=0.01, real=0.00 secs] 
2016-09-25T22:33:09.029-0400: 7.751: [GC (GCLocker Initiated GC) [PSYoungGen: 162188K->80694K(175104K)] 545254K->480396K(699392K), 0.0074493 secs] [Times: user=0.11 sys=0.00, real=0.01 secs] 
2016-09-25T22:33:09.077-0400: 7.800: [GC (GCLocker Initiated GC) [PSYoungGen: 168758K->71134K(175104K)] 571289K->483559K(699392K), 0.0071714 secs] [Times: user=0.10 sys=0.00, real=0.01 secs] 
2016-09-25T22:33:09.121-0400: 7.844: [GC (GCLocker Initiated GC) [PSYoungGen: 159198K->75262K(175104K)] 574445K->496299K(699392K), 0.0061791 secs] [Times: user=0.09 sys=0.00, real=0.01 secs] 
2016-09-25T22:33:09.160-0400: 7.883: [GC (GCLocker Initiated GC) [PSYoungGen: 163326K->60398K(175104K)] 584365K->503546K(699392K), 0.0072332 secs] [Times: user=0.10 sys=0.00, real=0.01 secs] 
2016-09-25T22:33:09.211-0400: 7.934: [GC (GCLocker Initiated GC) [PSYoungGen: 148462K->53694K(175104K)] 597092K->521719K(699392K), 0.0065692 secs] [Times: user=0.07 sys=0.01, real=0.01 secs] 
2016-09-25T22:33:09.256-0400: 7.979: [GC (GCLocker Initiated GC) [PSYoungGen: 141758K->71116K(175104K)] 612617K->545135K(699392K), 0.0069921 secs] [Times: user=0.06 sys=0.01, real=0.01 secs] 
2016-09-25T22:33:09.307-0400: 8.029: [GC (GCLocker Initiated GC) [PSYoungGen: 159180K->52280K(175104K)] 641390K->551190K(699392K), 0.0070777 secs] [Times: user=0.07 sys=0.01, real=0.00 secs] 
2016-09-25T22:33:09.314-0400: 8.037: [Full GC (Ergonomics) [PSYoungGen: 52280K->0K(175104K)] [ParOldGen: 498909K->58667K(524288K)] 551190K->58667K(699392K), [Metaspace: 43120K->43120K(1085440K)], 0.0487801 secs] [Times: user=0.38 sys=0.00, real=0.06 secs] 
2016-09-25T22:33:09.404-0400: 8.127: [GC (GCLocker Initiated GC) [PSYoungGen: 88064K->84904K(175104K)] 156270K->153110K(699392K), 0.0079522 secs] [Times: user=0.11 sys=0.00, real=0.00 secs] 
2016-09-25T22:33:09.469-0400: 8.192: [GC (GCLocker Initiated GC) [PSYoungGen: 172968K->40061K(175104K)] 250662K->152262K(699392K), 0.0055154 secs] [Times: user=0.07 sys=0.00, real=0.01 secs] 
2016-09-25T22:33:09.514-0400: 8.237: [GC (GCLocker Initiated GC) [PSYoungGen: 128125K->53410K(175104K)] 249849K->176979K(699392K), 0.0131856 secs] [Times: user=0.15 sys=0.00, real=0.01 secs] 
2016-09-25T22:33:09.568-0400: 8.291: [GC (GCLocker Initiated GC) [PSYoungGen: 141474K->56266K(175104K)] 270528K->204548K(699392K), 0.0060936 secs] [Times: user=0.08 sys=0.00, real=0.01 secs] 
2016-09-25T22:33:09.610-0400: 8.333: [GC (GCLocker Initiated GC) [PSYoungGen: 144330K->67020K(175104K)] 295364K->226590K(699392K), 0.0068064 secs] [Times: user=0.09 sys=0.00, real=0.01 secs] 
2016-09-25T22:33:09.652-0400: 8.375: [GC (GCLocker Initiated GC) [PSYoungGen: 155084K->61588K(175104K)] 314734K->241886K(699392K), 0.0070151 secs] [Times: user=0.09 sys=0.01, real=0.01 secs] 
2016-09-25T22:33:09.695-0400: 8.417: [GC (GCLocker Initiated GC) [PSYoungGen: 149652K->73830K(175104K)] 335593K->279076K(699392K), 0.0074584 secs] [Times: user=0.09 sys=0.01, real=0.01 secs] 
2016-09-25T22:33:09.741-0400: 8.464: [GC (GCLocker Initiated GC) [PSYoungGen: 161894K->71084K(175104K)] 371365K->283728K(699392K), 0.0058812 secs] [Times: user=0.07 sys=0.00, real=0.01 secs] 
2016-09-25T22:33:09.782-0400: 8.505: [GC (GCLocker Initiated GC) [PSYoungGen: 159148K->75024K(175104K)] 372646K->293000K(699392K), 0.0072783 secs] [Times: user=0.08 sys=0.00, real=0.01 secs] 
2016-09-25T22:33:09.827-0400: 8.549: [GC (GCLocker Initiated GC) [PSYoungGen: 163088K->57648K(175104K)] 392055K->300472K(699392K), 0.0059794 secs] [Times: user=0.07 sys=0.00, real=0.00 secs] 
2016-09-25T22:33:09.869-0400: 8.591: [GC (GCLocker Initiated GC) [PSYoungGen: 145712K->60362K(175104K)] 396784K->320010K(699392K), 0.0073021 secs] [Times: user=0.08 sys=0.00, real=0.01 secs] 
2016-09-25T22:33:09.917-0400: 8.639: [GC (GCLocker Initiated GC) [PSYoungGen: 148426K->69720K(175104K)] 414891K->347450K(699392K), 0.0071668 secs] [Times: user=0.11 sys=0.00, real=0.01 secs] 
2016-09-25T22:33:09.959-0400: 8.681: [GC (GCLocker Initiated GC) [PSYoungGen: 157784K->84744K(175104K)] 441145K->375229K(699392K), 0.0076107 secs] [Times: user=0.11 sys=0.00, real=0.01 secs] 
2016-09-25T22:33:10.036-0400: 8.759: [GC (GCLocker Initiated GC) [PSYoungGen: 172808K->68402K(175104K)] 463399K->381105K(699392K), 0.0068480 secs] [Times: user=0.09 sys=0.00, real=0.01 secs] 
2016-09-25T22:33:10.081-0400: 8.804: [GC (GCLocker Initiated GC) [PSYoungGen: 156466K->72563K(175104K)] 471937K->414118K(699392K), 0.0081163 secs] [Times: user=0.11 sys=0.00, real=0.01 secs] 
2016-09-25T22:33:10.127-0400: 8.850: [GC (GCLocker Initiated GC) [PSYoungGen: 160627K->64398K(175104K)] 507647K->428159K(699392K), 0.0068767 secs] [Times: user=0.09 sys=0.00, real=0.01 secs] 
2016-09-25T22:33:10.178-0400: 8.901: [GC (GCLocker Initiated GC) [PSYoungGen: 152462K->57488K(175104K)] 521629K->429806K(699392K), 0.0066440 secs] [Times: user=0.04 sys=0.01, real=0.01 secs] 
2016-09-25T22:33:10.226-0400: 8.949: [GC (GCLocker Initiated GC) [PSYoungGen: 145552K->68480K(175104K)] 526122K->450844K(699392K), 0.0061161 secs] [Times: user=0.08 sys=0.00, real=0.00 secs] 
2016-09-25T22:33:10.274-0400: 8.997: [GC (GCLocker Initiated GC) [PSYoungGen: 156544K->84694K(175104K)] 540497K->474498K(699392K), 0.0070945 secs] [Times: user=0.10 sys=0.00, real=0.01 secs] 
2016-09-25T22:33:10.320-0400: 9.042: [GC (GCLocker Initiated GC) [PSYoungGen: 172758K->64192K(175104K)] 568464K->463047K(699392K), 0.0075241 secs] [Times: user=0.07 sys=0.00, real=0.01 secs] 
2016-09-25T22:33:10.368-0400: 9.091: [GC (GCLocker Initiated GC) [PSYoungGen: 152256K->79170K(175104K)] 553960K->500148K(699392K), 0.0079492 secs] [Times: user=0.12 sys=0.00, real=0.01 secs] 
2016-09-25T22:33:10.413-0400: 9.136: [GC (GCLocker Initiated GC) [PSYoungGen: 167234K->75042K(175104K)] 588309K->501922K(699392K), 0.0102730 secs] [Times: user=0.10 sys=0.02, real=0.02 secs] 
2016-09-25T22:33:10.468-0400: 9.191: [GC (GCLocker Initiated GC) [PSYoungGen: 163106K->60522K(175104K)] 598365K->528541K(699392K), 0.0083434 secs] [Times: user=0.13 sys=0.00, real=0.01 secs] 
2016-09-25T22:33:10.519-0400: 9.241: [GC (GCLocker Initiated GC) [PSYoungGen: 148586K->55996K(175104K)] 619466K->531468K(699392K), 0.0077308 secs] [Times: user=0.06 sys=0.00, real=0.01 secs] 
2016-09-25T22:33:10.573-0400: 9.296: [GC (GCLocker Initiated GC) [PSYoungGen: 144060K->42797K(175104K)] 623650K->565981K(699392K), 0.0082971 secs] [Times: user=0.09 sys=0.01, real=0.01 secs] 
2016-09-25T22:33:10.582-0400: 9.304: [Full GC (Ergonomics) [PSYoungGen: 42797K->0K(175104K)] [ParOldGen: 523183K->73357K(524288K)] 565981K->73357K(699392K), [Metaspace: 43270K->43270K(1085440K)], 0.0663138 secs] [Times: user=0.45 sys=0.03, real=0.07 secs] 
2016-09-25T22:33:10.696-0400: 9.419: [GC (GCLocker Initiated GC) [PSYoungGen: 88064K->78296K(175104K)] 170964K->161204K(699392K), 0.0058990 secs] [Times: user=0.08 sys=0.00, real=0.00 secs] 
2016-09-25T22:33:10.740-0400: 9.463: [GC (GCLocker Initiated GC) [PSYoungGen: 166360K->76470K(175104K)] 254819K->179294K(699392K), 0.0076163 secs] [Times: user=0.10 sys=0.00, real=0.01 secs] 
2016-09-25T22:33:10.792-0400: 9.515: [GC (GCLocker Initiated GC) [PSYoungGen: 164534K->65780K(175104K)] 270075K->193311K(699392K), 0.0067819 secs] [Times: user=0.09 sys=0.01, real=0.01 secs] 
2016-09-25T22:33:10.837-0400: 9.560: [GC (GCLocker Initiated GC) [PSYoungGen: 153844K->75038K(175104K)] 284187K->209831K(699392K), 0.0082980 secs] [Times: user=0.10 sys=0.00, real=0.01 secs] 
2016-09-25T22:33:10.890-0400: 9.612: [GC (GCLocker Initiated GC) [PSYoungGen: 163102K->68480K(175104K)] 304368K->216883K(699392K), 0.0059084 secs] [Times: user=0.08 sys=0.00, real=0.01 secs] 
2016-09-25T22:33:10.933-0400: 9.655: [GC (GCLocker Initiated GC) [PSYoungGen: 156544K->57602K(175104K)] 307745K->243061K(699392K), 0.0076646 secs] [Times: user=0.10 sys=0.00, real=0.01 secs] 
2016-09-25T22:33:10.979-0400: 9.702: [GC (GCLocker Initiated GC) [PSYoungGen: 145666K->69766K(175104K)] 335210K->265085K(699392K), 0.0066159 secs] [Times: user=0.09 sys=0.00, real=0.01 secs] 
2016-09-25T22:33:11.024-0400: 9.747: [GC (GCLocker Initiated GC) [PSYoungGen: 157830K->75152K(175104K)] 353192K->272348K(699392K), 0.0072785 secs] [Times: user=0.10 sys=0.00, real=0.00 secs] 
2016-09-25T22:33:11.070-0400: 9.793: [GC (GCLocker Initiated GC) [PSYoungGen: 163216K->39860K(175104K)] 360455K->253665K(699392K), 0.0134975 secs] [Times: user=0.14 sys=0.00, real=0.02 secs] 
2016-09-25T22:33:11.116-0400: 9.839: [GC (GCLocker Initiated GC) [PSYoungGen: 127924K->79344K(175104K)] 341824K->297684K(699392K), 0.0069579 secs] [Times: user=0.09 sys=0.00, real=0.01 secs] 
2016-09-25T22:33:11.163-0400: 9.886: [GC (GCLocker Initiated GC) [PSYoungGen: 167408K->84712K(175104K)] 391278K->315888K(699392K), 0.0071088 secs] [Times: user=0.10 sys=0.01, real=0.00 secs] 
2016-09-25T22:33:11.210-0400: 9.933: [GC (GCLocker Initiated GC) [PSYoungGen: 172776K->68370K(175104K)] 404076K->325844K(699392K), 0.0082678 secs] [Times: user=0.12 sys=0.00, real=0.01 secs] 
2016-09-25T22:33:11.268-0400: 9.991: [GC (GCLocker Initiated GC) [PSYoungGen: 156434K->46862K(175104K)] 426066K->341204K(699392K), 0.0067061 secs] [Times: user=0.09 sys=0.00, real=0.01 secs] 
2016-09-25T22:33:11.314-0400: 10.037: [GC (GCLocker Initiated GC) [PSYoungGen: 134926K->83348K(175104K)] 429325K->379627K(699392K), 0.0075731 secs] [Times: user=0.10 sys=0.01, real=0.01 secs] 
2016-09-25T22:33:11.361-0400: 10.084: [GC (GCLocker Initiated GC) [PSYoungGen: 171412K->64366K(175104K)] 473179K->389549K(699392K), 0.0071555 secs] [Times: user=0.10 sys=0.00, real=0.01 secs] 
2016-09-25T22:33:11.400-0400: 10.122: [GC (GCLocker Initiated GC) [PSYoungGen: 152430K->73912K(175104K)] 480383K->419842K(699392K), 0.0073015 secs] [Times: user=0.10 sys=0.00, real=0.01 secs] 
2016-09-25T22:33:11.449-0400: 10.171: [GC (GCLocker Initiated GC) [PSYoungGen: 161976K->52229K(175104K)] 516176K->432575K(699392K), 0.0069046 secs] [Times: user=0.09 sys=0.01, real=0.01 secs] 
2016-09-25T22:33:11.496-0400: 10.219: [GC (GCLocker Initiated GC) [PSYoungGen: 140293K->78040K(175104K)] 534186K->472352K(699392K), 0.0071478 secs] [Times: user=0.09 sys=0.00, real=0.01 secs] 
2016-09-25T22:33:11.544-0400: 10.267: [GC (GCLocker Initiated GC) [PSYoungGen: 166104K->73816K(175104K)] 568700K->479649K(699392K), 0.0066421 secs] [Times: user=0.09 sys=0.00, real=0.00 secs] 
2016-09-25T22:33:11.600-0400: 10.323: [GC (GCLocker Initiated GC) [PSYoungGen: 161880K->80566K(175104K)] 573212K->496388K(699392K), 0.0070232 secs] [Times: user=0.09 sys=0.00, real=0.01 secs] 
2016-09-25T22:33:11.652-0400: 10.375: [GC (GCLocker Initiated GC) [PSYoungGen: 168630K->57666K(175104K)] 589994K->495737K(699392K), 0.0059530 secs] [Times: user=0.08 sys=0.00, real=0.01 secs] 
2016-09-25T22:33:11.690-0400: 10.413: [GC (GCLocker Initiated GC) [PSYoungGen: 145730K->61665K(175104K)] 586558K->520561K(699392K), 0.0092463 secs] [Times: user=0.11 sys=0.00, real=0.01 secs] 
2016-09-25T22:33:11.742-0400: 10.464: [GC (GCLocker Initiated GC) [PSYoungGen: 149729K->49515K(175104K)] 610125K->552272K(699392K), 0.0074534 secs] [Times: user=0.10 sys=0.00, real=0.01 secs] 
2016-09-25T22:33:11.749-0400: 10.472: [Full GC (Ergonomics) [PSYoungGen: 49515K->0K(175104K)] [ParOldGen: 502756K->75499K(524288K)] 552272K->75499K(699392K), [Metaspace: 43319K->43319K(1085440K)], 0.0479676 secs] [Times: user=0.42 sys=0.00, real=0.05 secs] 
2016-09-25T22:33:11.850-0400: 10.573: [GC (GCLocker Initiated GC) [PSYoungGen: 88064K->67212K(175104K)] 169147K->148295K(699392K), 0.0106026 secs] [Times: user=0.15 sys=0.00, real=0.01 secs] 
2016-09-25T22:33:11.907-0400: 10.630: [GC (GCLocker Initiated GC) [PSYoungGen: 155276K->53616K(175104K)] 236381K->148835K(699392K), 0.0061571 secs] [Times: user=0.08 sys=0.00, real=0.00 secs] 
2016-09-25T22:33:11.948-0400: 10.671: [GC (GCLocker Initiated GC) [PSYoungGen: 141680K->86011K(175104K)] 241040K->188573K(699392K), 0.0079933 secs] [Times: user=0.12 sys=0.00, real=0.01 secs] 
2016-09-25T22:33:11.991-0400: 10.714: [GC (GCLocker Initiated GC) [PSYoungGen: 174075K->75088K(175104K)] 276707K->184963K(699392K), 0.0063373 secs] [Times: user=0.09 sys=0.00, real=0.01 secs] 
2016-09-25T22:33:12.028-0400: 10.751: [GC (GCLocker Initiated GC) [PSYoungGen: 163152K->84776K(175104K)] 275872K->234351K(699392K), 0.0093068 secs] [Times: user=0.13 sys=0.00, real=0.01 secs] 
2016-09-25T22:33:12.075-0400: 10.798: [GC (GCLocker Initiated GC) [PSYoungGen: 172840K->57551K(175104K)] 322532K->222565K(699392K), 0.0103202 secs] [Times: user=0.07 sys=0.00, real=0.01 secs] 
2016-09-25T22:33:12.127-0400: 10.850: [GC (GCLocker Initiated GC) [PSYoungGen: 145615K->61697K(175104K)] 317456K->255581K(699392K), 0.0075731 secs] [Times: user=0.10 sys=0.00, real=0.01 secs] 
2016-09-25T22:33:12.173-0400: 10.896: [GC (GCLocker Initiated GC) [PSYoungGen: 149761K->48165K(175104K)] 353160K->269625K(699392K), 0.0056225 secs] [Times: user=0.06 sys=0.00, real=0.01 secs] 
2016-09-25T22:33:12.217-0400: 10.940: [GC (GCLocker Initiated GC) [PSYoungGen: 136229K->79266K(175104K)] 357920K->304155K(699392K), 0.0069893 secs] [Times: user=0.10 sys=0.00, real=0.01 secs] 
2016-09-25T22:33:12.262-0400: 10.985: [GC (GCLocker Initiated GC) [PSYoungGen: 167330K->71102K(175104K)] 397687K->309996K(699392K), 0.0080379 secs] [Times: user=0.07 sys=0.01, real=0.01 secs] 
2016-09-25T22:33:12.309-0400: 11.031: [GC (GCLocker Initiated GC) [PSYoungGen: 159166K->84615K(175104K)] 400848K->336145K(699392K), 0.0074263 secs] [Times: user=0.12 sys=0.00, real=0.01 secs] 
2016-09-25T22:33:12.366-0400: 11.088: [GC (GCLocker Initiated GC) [PSYoungGen: 172679K->59015K(175104K)] 429807K->328736K(699392K), 0.0061940 secs] [Times: user=0.08 sys=0.00, real=0.00 secs] 
2016-09-25T22:33:12.410-0400: 11.133: [GC (GCLocker Initiated GC) [PSYoungGen: 147079K->68415K(175104K)] 426381K->360320K(699392K), 0.0067707 secs] [Times: user=0.08 sys=0.00, real=0.01 secs] 
2016-09-25T22:33:12.460-0400: 11.183: [GC (GCLocker Initiated GC) [PSYoungGen: 156479K->53643K(175104K)] 461957K->386531K(699392K), 0.0062938 secs] [Times: user=0.09 sys=0.00, real=0.01 secs] 
2016-09-25T22:33:12.507-0400: 11.230: [GC (GCLocker Initiated GC) [PSYoungGen: 141707K->83252K(175104K)] 477420K->422145K(699392K), 0.0074353 secs] [Times: user=0.10 sys=0.00, real=0.01 secs] 
2016-09-25T22:33:12.550-0400: 11.273: [GC (GCLocker Initiated GC) [PSYoungGen: 171316K->45479K(175104K)] 516104K->414932K(699392K), 0.0067517 secs] [Times: user=0.06 sys=0.00, real=0.01 secs] 
2016-09-25T22:33:12.592-0400: 11.315: [GC (GCLocker Initiated GC) [PSYoungGen: 133543K->81902K(175104K)] 508629K->458835K(699392K), 0.0075401 secs] [Times: user=0.10 sys=0.00, real=0.01 secs] 
2016-09-25T22:33:12.637-0400: 11.360: [GC (GCLocker Initiated GC) [PSYoungGen: 169966K->73847K(175104K)] 551076K->472910K(699392K), 0.0074246 secs] [Times: user=0.10 sys=0.00, real=0.01 secs] 
2016-09-25T22:33:12.680-0400: 11.403: [GC (GCLocker Initiated GC) [PSYoungGen: 161911K->68465K(175104K)] 563781K->489662K(699392K), 0.0070191 secs] [Times: user=0.10 sys=0.00, real=0.01 secs] 
2016-09-25T22:33:12.725-0400: 11.448: [GC (GCLocker Initiated GC) [PSYoungGen: 156529K->68447K(175104K)] 580465K->517144K(699392K), 0.0073804 secs] [Times: user=0.10 sys=0.01, real=0.00 secs] 
2016-09-25T22:33:12.778-0400: 11.500: [GC (GCLocker Initiated GC) [PSYoungGen: 156511K->56155K(175104K)] 607329K->510085K(699392K), 0.0117454 secs] [Times: user=0.13 sys=0.00, real=0.01 secs] 
2016-09-25T22:33:12.821-0400: 11.543: [GC (GCLocker Initiated GC) [PSYoungGen: 144219K->76516K(175104K)] 598308K->541786K(699392K), 0.0071865 secs] [Times: user=0.10 sys=0.00, real=0.01 secs] 
2016-09-25T22:33:12.869-0400: 11.591: [GC (GCLocker Initiated GC) [PSYoungGen: 164580K->60315K(175104K)] 633627K->559506K(699392K), 0.0079293 secs] [Times: user=0.12 sys=0.00, real=0.01 secs] 
2016-09-25T22:33:12.877-0400: 11.599: [Full GC (Ergonomics) [PSYoungGen: 60315K->0K(175104K)] [ParOldGen: 499191K->78943K(524288K)] 559506K->78943K(699392K), [Metaspace: 43345K->43345K(1085440K)], 0.0484057 secs] [Times: user=0.41 sys=0.00, real=0.05 secs] 
2016-09-25T22:33:12.961-0400: 11.683: [GC (GCLocker Initiated GC) [PSYoungGen: 88064K->75376K(175104K)] 169828K->157140K(699392K), 0.0059614 secs] [Times: user=0.08 sys=0.00, real=0.01 secs] 
2016-09-25T22:33:13.004-0400: 11.727: [GC (GCLocker Initiated GC) [PSYoungGen: 163440K->76580K(175104K)] 247948K->183405K(699392K), 0.0079413 secs] [Times: user=0.11 sys=0.00, real=0.00 secs] 
2016-09-25T22:33:13.053-0400: 11.775: [GC (GCLocker Initiated GC) [PSYoungGen: 164644K->73879K(175104K)] 274979K->188732K(699392K), 0.0068825 secs] [Times: user=0.09 sys=0.00, real=0.01 secs] 
2016-09-25T22:33:13.097-0400: 11.820: [GC (GCLocker Initiated GC) [PSYoungGen: 161943K->68384K(175104K)] 286436K->193383K(699392K), 0.0061488 secs] [Times: user=0.07 sys=0.01, real=0.01 secs] 
2016-09-25T22:33:13.146-0400: 11.868: [GC (GCLocker Initiated GC) [PSYoungGen: 156448K->58933K(175104K)] 284204K->201943K(699392K), 0.0060755 secs] [Times: user=0.08 sys=0.00, real=0.00 secs] 
2016-09-25T22:33:13.185-0400: 11.908: [GC (GCLocker Initiated GC) [PSYoungGen: 146997K->81870K(175104K)] 290062K->240212K(699392K), 0.0111591 secs] [Times: user=0.18 sys=0.00, real=0.01 secs] 
2016-09-25T22:33:13.234-0400: 11.956: [GC (GCLocker Initiated GC) [PSYoungGen: 169934K->57647K(175104K)] 336460K->239401K(699392K), 0.0083269 secs] [Times: user=0.06 sys=0.00, real=0.01 secs] 
2016-09-25T22:33:13.274-0400: 11.997: [GC (GCLocker Initiated GC) [PSYoungGen: 145711K->73833K(175104K)] 327478K->262813K(699392K), 0.0090849 secs] [Times: user=0.11 sys=0.00, real=0.01 secs] 
2016-09-25T22:33:13.322-0400: 12.044: [GC (GCLocker Initiated GC) [PSYoungGen: 161897K->77897K(175104K)] 353711K->274234K(699392K), 0.0073465 secs] [Times: user=0.08 sys=0.00, real=0.01 secs] 
2016-09-25T22:33:13.368-0400: 12.091: [GC (GCLocker Initiated GC) [PSYoungGen: 165961K->65715K(175104K)] 362356K->292321K(699392K), 0.0079171 secs] [Times: user=0.09 sys=0.00, real=0.01 secs] 
2016-09-25T22:33:13.422-0400: 12.145: [GC (GCLocker Initiated GC) [PSYoungGen: 153779K->64430K(175104K)] 386400K->311033K(699392K), 0.0061989 secs] [Times: user=0.09 sys=0.00, real=0.01 secs] 
2016-09-25T22:33:13.464-0400: 12.187: [GC (GCLocker Initiated GC) [PSYoungGen: 152494K->61638K(175104K)] 399145K->323647K(699392K), 0.0071921 secs] [Times: user=0.09 sys=0.00, real=0.00 secs] 
2016-09-25T22:33:13.496-0400: 12.219: [GC (GCLocker Initiated GC) [PSYoungGen: 149702K->84757K(175104K)] 411852K->370282K(699392K), 0.0101213 secs] [Times: user=0.15 sys=0.00, real=0.01 secs] 
2016-09-25T22:33:13.549-0400: 12.272: [GC (GCLocker Initiated GC) [PSYoungGen: 172821K->72465K(175104K)] 464002K->383122K(699392K), 0.0073846 secs] [Times: user=0.10 sys=0.00, real=0.01 secs] 
2016-09-25T22:33:13.598-0400: 12.320: [GC (GCLocker Initiated GC) [PSYoungGen: 160529K->77851K(175104K)] 471189K->391638K(699392K), 0.0064488 secs] [Times: user=0.09 sys=0.00, real=0.01 secs] 
2016-09-25T22:33:13.647-0400: 12.370: [GC (GCLocker Initiated GC) [PSYoungGen: 165915K->77879K(175104K)] 485354K->397682K(699392K), 0.0104590 secs] [Times: user=0.12 sys=0.00, real=0.01 secs] 
2016-09-25T22:33:13.710-0400: 12.432: [GC (GCLocker Initiated GC) [PSYoungGen: 165943K->62887K(175104K)] 495258K->396668K(699392K), 0.0081844 secs] [Times: user=0.06 sys=0.00, real=0.01 secs] 
2016-09-25T22:33:13.762-0400: 12.485: [GC (GCLocker Initiated GC) [PSYoungGen: 150951K->84648K(175104K)] 487600K->421699K(699392K), 0.0076256 secs] [Times: user=0.08 sys=0.01, real=0.00 secs] 
2016-09-25T22:33:13.818-0400: 12.541: [GC (GCLocker Initiated GC) [PSYoungGen: 172712K->41145K(175104K)] 518049K->393672K(699392K), 0.0091443 secs] [Times: user=0.06 sys=0.00, real=0.01 secs] 
2016-09-25T22:33:13.877-0400: 12.600: [GC (GCLocker Initiated GC) [PSYoungGen: 129209K->58906K(175104K)] 484621K->426841K(699392K), 0.0095819 secs] [Times: user=0.09 sys=0.00, real=0.01 secs] 
2016-09-25T22:33:13.938-0400: 12.660: [GC (GCLocker Initiated GC) [PSYoungGen: 146970K->65687K(175104K)] 515050K->451754K(699392K), 0.0063960 secs] [Times: user=0.09 sys=0.00, real=0.01 secs] 
2016-09-25T22:33:13.980-0400: 12.703: [GC (GCLocker Initiated GC) [PSYoungGen: 153751K->83311K(175104K)] 542623K->490108K(699392K), 0.0090510 secs] [Times: user=0.09 sys=0.00, real=0.01 secs] 
2016-09-25T22:33:14.029-0400: 12.752: [GC (GCLocker Initiated GC) [PSYoungGen: 171375K->69683K(175104K)] 584011K->496300K(699392K), 0.0123665 secs] [Times: user=0.12 sys=0.00, real=0.01 secs] 
2016-09-25T22:33:14.090-0400: 12.812: [GC (GCLocker Initiated GC) [PSYoungGen: 157747K->67037K(175104K)] 589926K->511824K(699392K), 0.0129668 secs] [Times: user=0.14 sys=0.00, real=0.02 secs] 
2016-09-25T22:33:14.148-0400: 12.871: [GC (GCLocker Initiated GC) [PSYoungGen: 155101K->50833K(175104K)] 605505K->512340K(699392K), 0.0128121 secs] [Times: user=0.18 sys=0.00, real=0.01 secs] 
2016-09-25T22:33:14.207-0400: 12.930: [GC (GCLocker Initiated GC) [PSYoungGen: 138897K->73815K(175104K)] 605993K->542650K(699392K), 0.0090521 secs] [Times: user=0.11 sys=0.00, real=0.01 secs] 
2016-09-25T22:33:14.264-0400: 12.986: [GC (GCLocker Initiated GC) [PSYoungGen: 161879K->71115K(175104K)] 635049K->546078K(699392K), 0.0061633 secs] [Times: user=0.08 sys=0.00, real=0.00 secs] 
2016-09-25T22:33:14.320-0400: 13.043: [GC (GCLocker Initiated GC) [PSYoungGen: 159179K->50582K(175104K)] 634207K->535470K(699392K), 0.0093451 secs] [Times: user=0.09 sys=0.00, real=0.01 secs] 
2016-09-25T22:33:14.375-0400: 13.098: [GC (GCLocker Initiated GC) [PSYoungGen: 138646K->49625K(175104K)] 630337K->557828K(699392K), 0.0076391 secs] [Times: user=0.07 sys=0.00, real=0.01 secs] 
2016-09-25T22:33:14.383-0400: 13.106: [Full GC (Ergonomics) [PSYoungGen: 49625K->0K(175104K)] [ParOldGen: 508203K->89537K(524288K)] 557828K->89537K(699392K), [Metaspace: 43352K->43352K(1085440K)], 0.0495075 secs] [Times: user=0.29 sys=0.00, real=0.04 secs] 
2016-09-25T22:33:14.477-0400: 13.200: [GC (GCLocker Initiated GC) [PSYoungGen: 88064K->42829K(175104K)] 188498K->143264K(699392K), 0.0120170 secs] [Times: user=0.05 sys=0.00, real=0.01 secs] 
2016-09-25T22:33:14.537-0400: 13.260: [GC (GCLocker Initiated GC) [PSYoungGen: 130893K->68429K(175104K)] 239502K->185869K(699392K), 0.0055848 secs] [Times: user=0.08 sys=0.00, real=0.01 secs] 
2016-09-25T22:33:14.593-0400: 13.316: [GC (GCLocker Initiated GC) [PSYoungGen: 156493K->57583K(175104K)] 287542K->198551K(699392K), 0.0061231 secs] [Times: user=0.08 sys=0.00, real=0.01 secs] 
2016-09-25T22:33:14.648-0400: 13.371: [GC (GCLocker Initiated GC) [PSYoungGen: 145647K->76534K(175104K)] 292057K->226087K(699392K), 0.0065496 secs] [Times: user=0.08 sys=0.01, real=0.01 secs] 
2016-09-25T22:33:14.701-0400: 13.424: [GC (GCLocker Initiated GC) [PSYoungGen: 164598K->73815K(175104K)] 317113K->236230K(699392K), 0.0093826 secs] [Times: user=0.12 sys=0.00, real=0.01 secs] 
2016-09-25T22:33:14.763-0400: 13.486: [GC (GCLocker Initiated GC) [PSYoungGen: 161879K->56265K(175104K)] 335155K->231306K(699392K), 0.0059464 secs] [Times: user=0.07 sys=0.00, real=0.00 secs] 
2016-09-25T22:33:14.821-0400: 13.544: [GC (GCLocker Initiated GC) [PSYoungGen: 144329K->49580K(175104K)] 327529K->249463K(699392K), 0.0054771 secs] [Times: user=0.06 sys=0.00, real=0.01 secs] 
2016-09-25T22:33:14.864-0400: 13.587: [GC (GCLocker Initiated GC) [PSYoungGen: 137644K->42573K(175104K)] 344455K->271469K(699392K), 0.0074918 secs] [Times: user=0.05 sys=0.00, real=0.00 secs] 
2016-09-25T22:33:14.917-0400: 13.639: [GC (GCLocker Initiated GC) [PSYoungGen: 130637K->79357K(175104K)] 365052K->327716K(699392K), 0.0076675 secs] [Times: user=0.11 sys=0.00, real=0.01 secs] 
2016-09-25T22:33:14.969-0400: 13.692: [GC (GCLocker Initiated GC) [PSYoungGen: 167421K->71115K(175104K)] 421200K->338865K(699392K), 0.0108708 secs] [Times: user=0.12 sys=0.00, real=0.01 secs] 
2016-09-25T22:33:15.028-0400: 13.751: [GC (GCLocker Initiated GC) [PSYoungGen: 159179K->63001K(175104K)] 427068K->346179K(699392K), 0.0089135 secs] [Times: user=0.10 sys=0.00, real=0.01 secs] 
2016-09-25T22:33:15.080-0400: 13.803: [GC (GCLocker Initiated GC) [PSYoungGen: 151065K->80694K(175104K)] 437008K->372441K(699392K), 0.0078562 secs] [Times: user=0.07 sys=0.00, real=0.01 secs] 
2016-09-25T22:33:15.132-0400: 13.855: [GC (GCLocker Initiated GC) [PSYoungGen: 168758K->69811K(175104K)] 468780K->392005K(699392K), 0.0109986 secs] [Times: user=0.13 sys=0.01, real=0.02 secs] 
2016-09-25T22:33:15.195-0400: 13.918: [GC (GCLocker Initiated GC) [PSYoungGen: 157875K->72529K(175104K)] 483239K->414558K(699392K), 0.0068019 secs] [Times: user=0.09 sys=0.00, real=0.00 secs] 
2016-09-25T22:33:15.263-0400: 13.986: [GC (GCLocker Initiated GC) [PSYoungGen: 160593K->44115K(175104K)] 523136K->435475K(699392K), 0.0062912 secs] [Times: user=0.07 sys=0.00, real=0.00 secs] 
2016-09-25T22:33:15.321-0400: 14.044: [GC (GCLocker Initiated GC) [PSYoungGen: 132179K->73788K(175104K)] 529003K->475081K(699392K), 0.0060810 secs] [Times: user=0.07 sys=0.01, real=0.01 secs] 
2016-09-25T22:33:15.368-0400: 14.091: [GC (GCLocker Initiated GC) [PSYoungGen: 161852K->76580K(175104K)] 563306K->496000K(699392K), 0.0067366 secs] [Times: user=0.09 sys=0.00, real=0.01 secs] 
2016-09-25T22:33:15.418-0400: 14.141: [GC (GCLocker Initiated GC) [PSYoungGen: 164644K->71070K(175104K)] 584165K->519385K(699392K), 0.0081224 secs] [Times: user=0.07 sys=0.00, real=0.01 secs] 
2016-09-25T22:33:15.466-0400: 14.189: [GC (GCLocker Initiated GC) [PSYoungGen: 159134K->80630K(175104K)] 607577K->541625K(699392K), 0.0073981 secs] [Times: user=0.10 sys=0.01, real=0.00 secs] 
2016-09-25T22:33:15.515-0400: 14.237: [GC (GCLocker Initiated GC) [PSYoungGen: 168694K->59075K(175104K)] 639435K->557300K(699392K), 0.0074737 secs] [Times: user=0.07 sys=0.01, real=0.01 secs] 
2016-09-25T22:33:15.522-0400: 14.245: [Full GC (Ergonomics) [PSYoungGen: 59075K->0K(175104K)] [ParOldGen: 498224K->112244K(524288K)] 557300K->112244K(699392K), [Metaspace: 43358K->43358K(1085440K)], 0.0542716 secs] [Times: user=0.38 sys=0.00, real=0.05 secs] 
2016-09-25T22:33:15.627-0400: 14.350: [GC (GCLocker Initiated GC) [PSYoungGen: 88064K->57743K(175104K)] 205865K->175544K(699392K), 0.0127343 secs] [Times: user=0.17 sys=0.00, real=0.01 secs] 
2016-09-25T22:33:15.686-0400: 14.409: [GC (GCLocker Initiated GC) [PSYoungGen: 145807K->71116K(175104K)] 269185K->211194K(699392K), 0.0092240 secs] [Times: user=0.09 sys=0.00, real=0.01 secs] 
2016-09-25T22:33:15.739-0400: 14.462: [GC (GCLocker Initiated GC) [PSYoungGen: 159180K->65748K(175104K)] 304768K->232021K(699392K), 0.0067295 secs] [Times: user=0.08 sys=0.00, real=0.01 secs] 
2016-09-25T22:33:15.781-0400: 14.504: [GC (GCLocker Initiated GC) [PSYoungGen: 153812K->64348K(175104K)] 329604K->256727K(699392K), 0.0104381 secs] [Times: user=0.13 sys=0.00, real=0.01 secs] 
2016-09-25T22:33:15.838-0400: 14.561: [GC (GCLocker Initiated GC) [PSYoungGen: 152412K->52044K(175104K)] 352962K->276010K(699392K), 0.0119288 secs] [Times: user=0.15 sys=0.00, real=0.01 secs] 
2016-09-25T22:33:15.890-0400: 14.613: [GC (GCLocker Initiated GC) [PSYoungGen: 140108K->50723K(175104K)] 369671K->285998K(699392K), 0.0176004 secs] [Times: user=0.12 sys=0.00, real=0.02 secs] 
2016-09-25T22:33:15.953-0400: 14.676: [GC (GCLocker Initiated GC) [PSYoungGen: 138787K->72342K(175104K)] 374186K->313571K(699392K), 0.0187056 secs] [Times: user=0.23 sys=0.00, real=0.02 secs] 
2016-09-25T22:33:16.017-0400: 14.739: [GC (GCLocker Initiated GC) [PSYoungGen: 160406K->41244K(175104K)] 407106K->303110K(699392K), 0.0106148 secs] [Times: user=0.06 sys=0.00, real=0.01 secs] 
2016-09-25T22:33:16.067-0400: 14.790: [GC (GCLocker Initiated GC) [PSYoungGen: 129308K->72487K(175104K)] 406254K->349833K(699392K), 0.0062845 secs] [Times: user=0.08 sys=0.00, real=0.00 secs] 
2016-09-25T22:33:16.120-0400: 14.842: [GC (GCLocker Initiated GC) [PSYoungGen: 160551K->77824K(175104K)] 446025K->363733K(699392K), 0.0074445 secs] [Times: user=0.07 sys=0.00, real=0.01 secs] 
2016-09-25T22:33:16.171-0400: 14.893: [GC (GCLocker Initiated GC) [PSYoungGen: 165888K->71056K(175104K)] 460029K->376281K(699392K), 0.0137791 secs] [Times: user=0.08 sys=0.00, real=0.02 secs] 
2016-09-25T22:33:16.230-0400: 14.952: [GC (GCLocker Initiated GC) [PSYoungGen: 159120K->50837K(175104K)] 472503K->383526K(699392K), 0.0072184 secs] [Times: user=0.06 sys=0.00, real=0.01 secs] 
2016-09-25T22:33:16.279-0400: 15.002: [GC (GCLocker Initiated GC) [PSYoungGen: 138901K->57514K(175104K)] 474370K->397386K(699392K), 0.0064658 secs] [Times: user=0.05 sys=0.00, real=0.01 secs] 
2016-09-25T22:33:16.332-0400: 15.055: [GC (GCLocker Initiated GC) [PSYoungGen: 145578K->69663K(175104K)] 489577K->416643K(699392K), 0.0074733 secs] [Times: user=0.06 sys=0.00, real=0.01 secs] 
2016-09-25T22:33:16.383-0400: 15.106: [GC (GCLocker Initiated GC) [PSYoungGen: 157727K->75017K(175104K)] 512949K->450906K(699392K), 0.0069501 secs] [Times: user=0.10 sys=0.01, real=0.00 secs] 
2016-09-25T22:33:16.438-0400: 15.161: [GC (GCLocker Initiated GC) [PSYoungGen: 163081K->42582K(175104K)] 548487K->453888K(699392K), 0.0070278 secs] [Times: user=0.08 sys=0.00, real=0.01 secs] 
2016-09-25T22:33:16.493-0400: 15.216: [GC (GCLocker Initiated GC) [PSYoungGen: 130646K->68186K(175104K)] 542037K->498799K(699392K), 0.0068511 secs] [Times: user=0.08 sys=0.00, real=0.01 secs] 
2016-09-25T22:33:16.539-0400: 15.261: [GC (GCLocker Initiated GC) [PSYoungGen: 156250K->62881K(175104K)] 586901K->511327K(699392K), 0.0101840 secs] [Times: user=0.08 sys=0.00, real=0.01 secs] 
2016-09-25T22:33:16.600-0400: 15.323: [GC (GCLocker Initiated GC) [PSYoungGen: 150945K->56054K(175104K)] 602184K->517091K(699392K), 0.0094279 secs] [Times: user=0.12 sys=0.00, real=0.01 secs] 
2016-09-25T22:33:16.650-0400: 15.373: [GC (GCLocker Initiated GC) [PSYoungGen: 144118K->84517K(175104K)] 610683K->560838K(699392K), 0.0106557 secs] [Times: user=0.16 sys=0.01, real=0.01 secs] 
2016-09-25T22:33:16.708-0400: 15.430: [GC (GCLocker Initiated GC) [PSYoungGen: 172581K->73605K(175104K)] 657149K->565234K(699392K), 0.0072978 secs] [Times: user=0.09 sys=0.01, real=0.01 secs] 
2016-09-25T22:33:16.760-0400: 15.483: [Full GC (Ergonomics) [PSYoungGen: 161669K->0K(175104K)] [ParOldGen: 506637K->117452K(524288K)] 668306K->117452K(699392K), [Metaspace: 43366K->43366K(1085440K)], 0.0557392 secs] [Times: user=0.42 sys=0.00, real=0.06 secs] 
2016-09-25T22:33:16.858-0400: 15.580: [GC (GCLocker Initiated GC) [PSYoungGen: 88064K->77832K(175104K)] 205697K->195466K(699392K), 0.0096054 secs] [Times: user=0.11 sys=0.01, real=0.01 secs] 
2016-09-25T22:33:16.907-0400: 15.630: [GC (GCLocker Initiated GC) [PSYoungGen: 165896K->57404K(175104K)] 291758K->210659K(699392K), 0.0070032 secs] [Times: user=0.08 sys=0.01, real=0.01 secs] 
2016-09-25T22:33:16.951-0400: 15.674: [GC (GCLocker Initiated GC) [PSYoungGen: 145468K->72382K(175104K)] 309718K->236847K(699392K), 0.0063634 secs] [Times: user=0.08 sys=0.00, real=0.01 secs] 
2016-09-25T22:33:16.993-0400: 15.716: [GC (GCLocker Initiated GC) [PSYoungGen: 160446K->60154K(175104K)] 330408K->250655K(699392K), 0.0069433 secs] [Times: user=0.10 sys=0.00, real=0.01 secs] 
2016-09-25T22:33:17.034-0400: 15.757: [GC (GCLocker Initiated GC) [PSYoungGen: 148218K->70936K(175104K)] 346862K->272495K(699392K), 0.0066079 secs] [Times: user=0.08 sys=0.00, real=0.00 secs] 
2016-09-25T22:33:17.086-0400: 15.809: [GC (GCLocker Initiated GC) [PSYoungGen: 159000K->83151K(175104K)] 367042K->291473K(699392K), 0.0133218 secs] [Times: user=0.19 sys=0.00, real=0.01 secs] 
2016-09-25T22:33:17.161-0400: 15.884: [GC (GCLocker Initiated GC) [PSYoungGen: 171215K->62804K(175104K)] 380977K->290382K(699392K), 0.0115358 secs] [Times: user=0.15 sys=0.00, real=0.01 secs] 
2016-09-25T22:33:17.216-0400: 15.939: [GC (GCLocker Initiated GC) [PSYoungGen: 150868K->75018K(175104K)] 378623K->316487K(699392K), 0.0072322 secs] [Times: user=0.08 sys=0.01, real=0.01 secs] 
2016-09-25T22:33:17.259-0400: 15.982: [GC (GCLocker Initiated GC) [PSYoungGen: 163082K->80419K(175104K)] 412704K->331663K(699392K), 0.0066649 secs] [Times: user=0.09 sys=0.00, real=0.01 secs] 
2016-09-25T22:33:17.319-0400: 16.042: [GC (GCLocker Initiated GC) [PSYoungGen: 168483K->54736K(175104K)] 430689K->344231K(699392K), 0.0084396 secs] [Times: user=0.11 sys=0.00, real=0.01 secs] 
2016-09-25T22:33:17.387-0400: 16.110: [GC (GCLocker Initiated GC) [PSYoungGen: 142800K->58740K(175104K)] 441771K->371451K(699392K), 0.0096952 secs] [Times: user=0.13 sys=0.00, real=0.01 secs] 
2016-09-25T22:33:17.439-0400: 16.162: [GC (GCLocker Initiated GC) [PSYoungGen: 146804K->60136K(175104K)] 470424K->384005K(699392K), 0.0067434 secs] [Times: user=0.05 sys=0.00, real=0.01 secs] 
2016-09-25T22:33:17.481-0400: 16.204: [GC (GCLocker Initiated GC) [PSYoungGen: 148200K->68204K(175104K)] 477561K->415393K(699392K), 0.0072176 secs] [Times: user=0.09 sys=0.00, real=0.01 secs] 
2016-09-25T22:33:17.537-0400: 16.260: [GC (GCLocker Initiated GC) [PSYoungGen: 156268K->68332K(175104K)] 514376K->430730K(699392K), 0.0108313 secs] [Times: user=0.10 sys=0.00, real=0.01 secs] 
2016-09-25T22:33:17.610-0400: 16.333: [GC (GCLocker Initiated GC) [PSYoungGen: 156396K->68364K(175104K)] 521618K->437924K(699392K), 0.0118026 secs] [Times: user=0.15 sys=0.00, real=0.01 secs] 
2016-09-25T22:33:17.667-0400: 16.390: [GC (GCLocker Initiated GC) [PSYoungGen: 156428K->61550K(150016K)] 540924K->462535K(674304K), 0.0099005 secs] [Times: user=0.14 sys=0.00, real=0.01 secs] 
2016-09-25T22:33:17.719-0400: 16.442: [GC (GCLocker Initiated GC) [PSYoungGen: 149614K->64218K(176128K)] 556248K->490062K(700416K), 0.0064054 secs] [Times: user=0.08 sys=0.00, real=0.01 secs] 
2016-09-25T22:33:17.775-0400: 16.498: [GC (GCLocker Initiated GC) [PSYoungGen: 153818K->80468K(174592K)] 583065K->513995K(698880K), 0.0107611 secs] [Times: user=0.14 sys=0.00, real=0.01 secs] 
2016-09-25T22:33:17.853-0400: 16.576: [GC (GCLocker Initiated GC) [PSYoungGen: 170068K->70954K(175104K)] 614413K->515579K(699392K), 0.0100958 secs] [Times: user=0.13 sys=0.00, real=0.02 secs] 
2016-09-25T22:33:17.905-0400: 16.628: [GC (GCLocker Initiated GC) [PSYoungGen: 159018K->64186K(152576K)] 603741K->528094K(676864K), 0.0068998 secs] [Times: user=0.09 sys=0.01, real=0.00 secs] 
2016-09-25T22:33:17.949-0400: 16.672: [GC (GCLocker Initiated GC) [PSYoungGen: 152250K->47812K(173056K)] 616762K->516561K(697344K), 0.0066625 secs] [Times: user=0.06 sys=0.00, real=0.01 secs] 
2016-09-25T22:33:18.021-0400: 16.744: [GC (GCLocker Initiated GC) [PSYoungGen: 134852K->65554K(174080K)] 621338K->555005K(698368K), 0.0112356 secs] [Times: user=0.11 sys=0.00, real=0.01 secs] 
2016-09-25T22:33:18.095-0400: 16.818: [Full GC (Ergonomics) [PSYoungGen: 152594K->0K(174080K)] [ParOldGen: 498924K->110351K(524288K)] 651518K->110351K(698368K), [Metaspace: 43367K->43367K(1085440K)], 0.0478207 secs] [Times: user=0.36 sys=0.00, real=0.05 secs] 
2016-09-25T22:33:18.181-0400: 16.904: [GC (GCLocker Initiated GC) [PSYoungGen: 87040K->63063K(172544K)] 208327K->184350K(696832K), 0.0103752 secs] [Times: user=0.13 sys=0.01, real=0.01 secs] 
2016-09-25T22:33:18.249-0400: 16.972: [GC (GCLocker Initiated GC) [PSYoungGen: 152663K->69554K(173568K)] 274013K->198088K(697856K), 0.0207722 secs] [Times: user=0.29 sys=0.01, real=0.02 secs] 
2016-09-25T22:33:18.322-0400: 17.044: [GC (GCLocker Initiated GC) [PSYoungGen: 159154K->57486K(177152K)] 295926K->207979K(701440K), 0.0103814 secs] [Times: user=0.15 sys=0.00, real=0.01 secs] 
2016-09-25T22:33:18.369-0400: 17.092: [GC (GCLocker Initiated GC) [PSYoungGen: 151694K->68318K(177664K)] 311816K->247622K(701952K), 0.0077477 secs] [Times: user=0.11 sys=0.00, real=0.01 secs] 
2016-09-25T22:33:18.429-0400: 17.151: [GC (GCLocker Initiated GC) [PSYoungGen: 162526K->73636K(177152K)] 347476K->264205K(701440K), 0.0148376 secs] [Times: user=0.14 sys=0.00, real=0.02 secs] 
2016-09-25T22:33:18.519-0400: 17.242: [GC (GCLocker Initiated GC) [PSYoungGen: 167844K->57485K(178176K)] 365198K->269955K(702464K), 0.0112404 secs] [Times: user=0.16 sys=0.00, real=0.01 secs] 
2016-09-25T22:33:18.570-0400: 17.293: [GC (GCLocker Initiated GC) [PSYoungGen: 151693K->53293K(178176K)] 364221K->276897K(702464K), 0.0074417 secs] [Times: user=0.08 sys=0.00, real=0.01 secs] 
2016-09-25T22:33:18.610-0400: 17.332: [GC (GCLocker Initiated GC) [PSYoungGen: 147501K->76347K(171008K)] 371283K->303121K(695296K), 0.0072079 secs] [Times: user=0.09 sys=0.00, real=0.01 secs] 
2016-09-25T22:33:18.668-0400: 17.390: [GC (GCLocker Initiated GC) [PSYoungGen: 170555K->76258K(174592K)] 400074K->312859K(698880K), 0.0124120 secs] [Times: user=0.15 sys=0.00, real=0.01 secs] 
2016-09-25T22:33:18.735-0400: 17.458: [GC (GCLocker Initiated GC) [PSYoungGen: 164322K->47954K(175104K)] 403729K->326770K(699392K), 0.0105661 secs] [Times: user=0.12 sys=0.00, real=0.01 secs] 
2016-09-25T22:33:18.782-0400: 17.505: [GC (GCLocker Initiated GC) [PSYoungGen: 136018K->64110K(175104K)] 416274K->345994K(699392K), 0.0140521 secs] [Times: user=0.13 sys=0.00, real=0.02 secs] 
2016-09-25T22:33:18.842-0400: 17.565: [GC (GCLocker Initiated GC) [PSYoungGen: 152174K->52036K(175104K)] 434189K->357311K(699392K), 0.0064999 secs] [Times: user=0.07 sys=0.00, real=0.00 secs] 
2016-09-25T22:33:18.899-0400: 17.622: [GC (GCLocker Initiated GC) [PSYoungGen: 140100K->57514K(172032K)] 448130K->398259K(696320K), 0.0093264 secs] [Times: user=0.12 sys=0.01, real=0.01 secs] 
2016-09-25T22:33:18.954-0400: 17.677: [GC (GCLocker Initiated GC) [PSYoungGen: 145578K->50789K(173568K)] 486415K->428415K(697856K), 0.0097287 secs] [Times: user=0.13 sys=0.01, real=0.01 secs] 
2016-09-25T22:33:19.009-0400: 17.731: [GC (GCLocker Initiated GC) [PSYoungGen: 138853K->83268K(173568K)] 521933K->474778K(697856K), 0.0071186 secs] [Times: user=0.12 sys=0.00, real=0.01 secs] 
2016-09-25T22:33:19.060-0400: 17.783: [GC (GCLocker Initiated GC) [PSYoungGen: 171332K->73813K(175104K)] 564278K->471273K(699392K), 0.0067119 secs] [Times: user=0.10 sys=0.00, real=0.01 secs] 
2016-09-25T22:33:19.120-0400: 17.843: [GC (GCLocker Initiated GC) [PSYoungGen: 161877K->65579K(175104K)] 562155K->489166K(699392K), 0.0079753 secs] [Times: user=0.11 sys=0.00, real=0.01 secs] 
2016-09-25T22:33:19.175-0400: 17.898: [GC (GCLocker Initiated GC) [PSYoungGen: 153643K->56261K(175104K)] 584107K->514024K(699392K), 0.0100658 secs] [Times: user=0.16 sys=0.00, real=0.01 secs] 
2016-09-25T22:33:19.230-0400: 17.952: [GC (GCLocker Initiated GC) [PSYoungGen: 144325K->80470K(175104K)] 602269K->556454K(699392K), 0.0096184 secs] [Times: user=0.14 sys=0.00, real=0.01 secs] 
2016-09-25T22:33:19.285-0400: 18.008: [GC (Allocation Failure) [PSYoungGen: 168534K->68415K(175104K)] 648701K->559733K(699392K), 0.0095354 secs] [Times: user=0.13 sys=0.00, real=0.01 secs] 
2016-09-25T22:33:19.295-0400: 18.018: [Full GC (Ergonomics) [PSYoungGen: 68415K->0K(175104K)] [ParOldGen: 491317K->114381K(524288K)] 559733K->114381K(699392K), [Metaspace: 43385K->43385K(1085440K)], 0.0819786 secs] [Times: user=0.58 sys=0.01, real=0.08 secs] 
2016-09-25T22:33:19.378-0400: 18.101: [GC (GCLocker Initiated GC) [PSYoungGen: 238K->0K(175104K)] 114620K->114381K(699392K), 0.0029279 secs] [Times: user=0.02 sys=0.00, real=0.00 secs] 
2016-09-25T22:33:19.435-0400: 18.158: [GC (GCLocker Initiated GC) [PSYoungGen: 87037K->61773K(175104K)] 204119K->178855K(699392K), 0.0063415 secs] [Times: user=0.06 sys=0.00, real=0.00 secs] 
2016-09-25T22:33:19.484-0400: 18.206: [GC (GCLocker Initiated GC) [PSYoungGen: 149837K->81997K(175104K)] 269721K->203812K(699392K), 0.0072227 secs] [Times: user=0.10 sys=0.00, real=0.00 secs] 
2016-09-25T22:33:19.541-0400: 18.264: [GC (GCLocker Initiated GC) [PSYoungGen: 170061K->48017K(175104K)] 295298K->192674K(699392K), 0.0065445 secs] [Times: user=0.07 sys=0.00, real=0.01 secs] 
2016-09-25T22:33:19.591-0400: 18.313: [GC (GCLocker Initiated GC) [PSYoungGen: 136081K->64223K(175104K)] 284914K->213404K(699392K), 0.0082001 secs] [Times: user=0.10 sys=0.00, real=0.01 secs] 
2016-09-25T22:33:19.637-0400: 18.360: [GC (GCLocker Initiated GC) [PSYoungGen: 152287K->58736K(175104K)] 304281K->212422K(699392K), 0.0103838 secs] [Times: user=0.09 sys=0.01, real=0.01 secs] 
2016-09-25T22:33:19.696-0400: 18.419: [GC (GCLocker Initiated GC) [PSYoungGen: 146800K->84711K(175104K)] 306024K->247065K(699392K), 0.0089032 secs] [Times: user=0.09 sys=0.01, real=0.01 secs] 
2016-09-25T22:33:19.759-0400: 18.482: [GC (GCLocker Initiated GC) [PSYoungGen: 172775K->68350K(175104K)] 337966K->242131K(699392K), 0.0060223 secs] [Times: user=0.08 sys=0.00, real=0.01 secs] 
2016-09-25T22:33:19.822-0400: 18.544: [GC (GCLocker Initiated GC) [PSYoungGen: 156414K->56332K(175104K)] 342383K->260228K(699392K), 0.0058132 secs] [Times: user=0.06 sys=0.00, real=0.01 secs] 
2016-09-25T22:33:19.877-0400: 18.599: [GC (GCLocker Initiated GC) [PSYoungGen: 144396K->77940K(175104K)] 351104K->285142K(699392K), 0.0069493 secs] [Times: user=0.07 sys=0.00, real=0.01 secs] 
2016-09-25T22:33:19.933-0400: 18.656: [GC (GCLocker Initiated GC) [PSYoungGen: 166004K->53454K(175104K)] 381480K->295042K(699392K), 0.0063767 secs] [Times: user=0.06 sys=0.00, real=0.01 secs] 
2016-09-25T22:33:19.989-0400: 18.712: [GC (GCLocker Initiated GC) [PSYoungGen: 141518K->46708K(175104K)] 388745K->309205K(699392K), 0.0153004 secs] [Times: user=0.12 sys=0.00, real=0.02 secs] 
2016-09-25T22:33:20.054-0400: 18.777: [GC (GCLocker Initiated GC) [PSYoungGen: 134772K->63212K(175104K)] 410882K->339834K(699392K), 0.0157038 secs] [Times: user=0.18 sys=0.00, real=0.02 secs] 
2016-09-25T22:33:20.120-0400: 18.843: [GC (GCLocker Initiated GC) [PSYoungGen: 151276K->58764K(175104K)] 434736K->344143K(699392K), 0.0190683 secs] [Times: user=0.21 sys=0.01, real=0.02 secs] 
2016-09-25T22:33:20.187-0400: 18.910: [GC (GCLocker Initiated GC) [PSYoungGen: 146828K->65781K(175104K)] 437627K->374596K(699392K), 0.0093315 secs] [Times: user=0.12 sys=0.00, real=0.01 secs] 
2016-09-25T22:33:20.248-0400: 18.971: [GC (GCLocker Initiated GC) [PSYoungGen: 153845K->68357K(175104K)] 462793K->380497K(699392K), 0.0099635 secs] [Times: user=0.12 sys=0.00, real=0.01 secs] 
2016-09-25T22:33:20.302-0400: 19.024: [GC (GCLocker Initiated GC) [PSYoungGen: 156421K->63052K(174080K)] 474079K->408175K(698368K), 0.0078783 secs] [Times: user=0.09 sys=0.01, real=0.01 secs] 
2016-09-25T22:33:20.352-0400: 19.074: [GC (GCLocker Initiated GC) [PSYoungGen: 151116K->83325K(174592K)] 496313K->438411K(698880K), 0.0101726 secs] [Times: user=0.13 sys=0.01, real=0.01 secs] 
2016-09-25T22:33:20.405-0400: 19.128: [GC (GCLocker Initiated GC) [PSYoungGen: 171389K->72616K(175104K)] 532129K->452770K(699392K), 0.0108092 secs] [Times: user=0.15 sys=0.01, real=0.01 secs] 
2016-09-25T22:33:20.475-0400: 19.198: [GC (GCLocker Initiated GC) [PSYoungGen: 160680K->46900K(175104K)] 550356K->438359K(699392K), 0.0154826 secs] [Times: user=0.19 sys=0.01, real=0.01 secs] 
2016-09-25T22:33:20.546-0400: 19.269: [GC (GCLocker Initiated GC) [PSYoungGen: 134964K->56270K(175104K)] 538618K->478106K(699392K), 0.0106577 secs] [Times: user=0.16 sys=0.01, real=0.01 secs] 
2016-09-25T22:33:20.608-0400: 19.330: [GC (GCLocker Initiated GC) [PSYoungGen: 144334K->65906K(175104K)] 572972K->497692K(699392K), 0.0088690 secs] [Times: user=0.11 sys=0.00, real=0.01 secs] 
2016-09-25T22:33:20.670-0400: 19.393: [GC (GCLocker Initiated GC) [PSYoungGen: 153970K->60467K(175104K)] 598032K->521316K(699392K), 0.0063558 secs] [Times: user=0.08 sys=0.00, real=0.01 secs] 
2016-09-25T22:33:20.732-0400: 19.455: [GC (GCLocker Initiated GC) [PSYoungGen: 148531K->57682K(145920K)] 612179K->539419K(670208K), 0.0089454 secs] [Times: user=0.11 sys=0.00, real=0.01 secs] 
2016-09-25T22:33:20.789-0400: 19.511: [GC (GCLocker Initiated GC) [PSYoungGen: 145746K->63093K(175616K)] 627705K->565804K(699904K), 0.0106504 secs] [Times: user=0.13 sys=0.00, real=0.01 secs] 
2016-09-25T22:33:20.799-0400: 19.522: [Full GC (Ergonomics) [PSYoungGen: 63093K->0K(175616K)] [ParOldGen: 502711K->123112K(524288K)] 565804K->123112K(699904K), [Metaspace: 43386K->43386K(1085440K)], 0.0566602 secs] [Times: user=0.37 sys=0.01, real=0.06 secs] 
2016-09-25T22:33:20.915-0400: 19.637: [GC (GCLocker Initiated GC) [PSYoungGen: 90112K->76880K(173568K)] 213296K->200064K(697856K), 0.0099763 secs] [Times: user=0.13 sys=0.00, real=0.01 secs] 
2016-09-25T22:33:20.971-0400: 19.694: [GC (GCLocker Initiated GC) [PSYoungGen: 166992K->67200K(176128K)] 292991K->211529K(700416K), 0.0064123 secs] [Times: user=0.08 sys=0.00, real=0.01 secs] 
2016-09-25T22:33:21.024-0400: 19.747: [GC (GCLocker Initiated GC) [PSYoungGen: 156288K->53642K(142848K)] 306146K->236478K(667136K), 0.0073949 secs] [Times: user=0.09 sys=0.00, real=0.00 secs] 
2016-09-25T22:33:21.086-0400: 19.809: [GC (GCLocker Initiated GC) [PSYoungGen: 142730K->73890K(173056K)] 331042K->268185K(697344K), 0.0060509 secs] [Times: user=0.09 sys=0.00, real=0.00 secs] 
2016-09-25T22:33:21.143-0400: 19.866: [GC (GCLocker Initiated GC) [PSYoungGen: 161442K->60341K(174592K)] 355854K->282344K(698880K), 0.0060076 secs] [Times: user=0.08 sys=0.01, real=0.00 secs] 
2016-09-25T22:33:21.206-0400: 19.928: [GC (GCLocker Initiated GC) [PSYoungGen: 147893K->59140K(173056K)] 375323K->314015K(697344K), 0.0092122 secs] [Times: user=0.11 sys=0.00, real=0.01 secs] 
2016-09-25T22:33:21.267-0400: 19.990: [GC (GCLocker Initiated GC) [PSYoungGen: 148740K->60365K(174080K)] 406631K->320247K(698368K), 0.0064608 secs] [Times: user=0.08 sys=0.00, real=0.00 secs] 
2016-09-25T22:33:21.327-0400: 20.050: [GC (GCLocker Initiated GC) [PSYoungGen: 149965K->56383K(176128K)] 415489K->333155K(700416K), 0.0063434 secs] [Times: user=0.07 sys=0.01, real=0.00 secs] 
2016-09-25T22:33:21.384-0400: 20.106: [GC (GCLocker Initiated GC) [PSYoungGen: 151103K->64515K(176640K)] 433376K->348692K(700928K), 0.0065250 secs] [Times: user=0.06 sys=0.01, real=0.00 secs] 
2016-09-25T22:33:21.448-0400: 20.170: [GC (GCLocker Initiated GC) [PSYoungGen: 159235K->50796K(179712K)] 447592K->355914K(704000K), 0.0092135 secs] [Times: user=0.09 sys=0.00, real=0.01 secs] 
2016-09-25T22:33:21.521-0400: 20.244: [GC (GCLocker Initiated GC) [PSYoungGen: 149612K->29179K(128000K)] 466991K->371432K(652288K), 0.0097197 secs] [Times: user=0.09 sys=0.01, real=0.01 secs] 
2016-09-25T22:33:21.597-0400: 20.320: [GC (GCLocker Initiated GC) [PSYoungGen: 127995K->67252K(175616K)] 475711K->419595K(699904K), 0.0086359 secs] [Times: user=0.11 sys=0.00, real=0.01 secs] 
2016-09-25T22:33:21.663-0400: 20.386: [GC (GCLocker Initiated GC) [PSYoungGen: 158388K->48374K(176640K)] 519140K->427258K(700928K), 0.0061380 secs] [Times: user=0.07 sys=0.00, real=0.00 secs] 
2016-09-25T22:33:21.722-0400: 20.444: [GC (GCLocker Initiated GC) [PSYoungGen: 139510K->75183K(172544K)] 521279K->460304K(696832K), 0.0102473 secs] [Times: user=0.10 sys=0.00, real=0.01 secs] 
2016-09-25T22:33:21.782-0400: 20.505: [GC (GCLocker Initiated GC) [PSYoungGen: 163247K->64487K(175104K)] 551187K->465046K(699392K), 0.0079025 secs] [Times: user=0.09 sys=0.01, real=0.01 secs] 
2016-09-25T22:33:21.837-0400: 20.559: [GC (GCLocker Initiated GC) [PSYoungGen: 152551K->56261K(171008K)] 558696K->472393K(695296K), 0.0079272 secs] [Times: user=0.07 sys=0.00, real=0.01 secs] 
2016-09-25T22:33:21.895-0400: 20.617: [GC (GCLocker Initiated GC) [PSYoungGen: 144325K->56403K(173056K)] 568728K->493545K(697344K), 0.0161454 secs] [Times: user=0.15 sys=0.00, real=0.01 secs] 
2016-09-25T22:33:21.975-0400: 20.698: [GC (GCLocker Initiated GC) [PSYoungGen: 144467K->41453K(177152K)] 581673K->502334K(701440K), 0.0142904 secs] [Times: user=0.15 sys=0.00, real=0.01 secs] 
2016-09-25T22:33:22.034-0400: 20.757: [GC (GCLocker Initiated GC) [PSYoungGen: 135149K->51197K(144896K)] 601515K->542384K(669184K), 0.0099776 secs] [Times: user=0.11 sys=0.01, real=0.02 secs] 
2016-09-25T22:33:22.044-0400: 20.767: [Full GC (Ergonomics) [PSYoungGen: 51197K->0K(144896K)] [ParOldGen: 491187K->131370K(524288K)] 542384K->131370K(669184K), [Metaspace: 43397K->43397K(1085440K)], 0.0597432 secs] [Times: user=0.37 sys=0.01, real=0.06 secs] 
2016-09-25T22:33:22.162-0400: 20.885: [GC (GCLocker Initiated GC) [PSYoungGen: 93696K->48898K(178176K)] 233467K->188669K(702464K), 0.0164483 secs] [Times: user=0.19 sys=0.01, real=0.02 secs] 
2016-09-25T22:33:22.256-0400: 20.978: [GC (GCLocker Initiated GC) [PSYoungGen: 144642K->56261K(177152K)] 286161K->200378K(701440K), 0.0193639 secs] [Times: user=0.21 sys=0.01, real=0.02 secs] 
2016-09-25T22:33:22.319-0400: 21.041: [GC (GCLocker Initiated GC) [PSYoungGen: 152005K->69848K(174080K)] 296238K->237551K(698368K), 0.0153185 secs] [Times: user=0.17 sys=0.00, real=0.02 secs] 
2016-09-25T22:33:22.384-0400: 21.107: [GC (GCLocker Initiated GC) [PSYoungGen: 165080K->59115K(177152K)] 338248K->248969K(701440K), 0.0183358 secs] [Times: user=0.16 sys=0.01, real=0.02 secs] 
2016-09-25T22:33:22.481-0400: 21.204: [GC (GCLocker Initiated GC) [PSYoungGen: 154347K->61684K(178176K)] 344264K->253596K(702464K), 0.0158430 secs] [Times: user=0.16 sys=0.00, real=0.02 secs] 
2016-09-25T22:33:22.544-0400: 21.267: [GC (GCLocker Initiated GC) [PSYoungGen: 162036K->51062K(179712K)] 362070K->254354K(704000K), 0.0150028 secs] [Times: user=0.16 sys=0.00, real=0.01 secs] 
2016-09-25T22:33:22.632-0400: 21.355: [GC (GCLocker Initiated GC) [PSYoungGen: 151414K->78166K(172544K)] 365617K->293185K(696832K), 0.0098069 secs] [Times: user=0.13 sys=0.01, real=0.02 secs] 
2016-09-25T22:33:22.717-0400: 21.440: [GC (GCLocker Initiated GC) [PSYoungGen: 172374K->76788K(171008K)] 390164K->303381K(695296K), 0.0168105 secs] [Times: user=0.21 sys=0.01, real=0.02 secs] 
2016-09-25T22:33:22.785-0400: 21.508: [GC (GCLocker Initiated GC) [PSYoungGen: 170996K->57814K(176128K)] 407095K->316160K(700416K), 0.0065333 secs] [Times: user=0.09 sys=0.00, real=0.00 secs] 
2016-09-25T22:33:22.846-0400: 21.568: [GC (GCLocker Initiated GC) [PSYoungGen: 146902K->66094K(155648K)] 409907K->343201K(679936K), 0.0078715 secs] [Times: user=0.12 sys=0.01, real=0.01 secs] 
2016-09-25T22:33:22.923-0400: 21.646: [GC (GCLocker Initiated GC) [PSYoungGen: 155182K->71275K(173568K)] 432608K->358965K(697856K), 0.0105953 secs] [Times: user=0.18 sys=0.00, real=0.00 secs] 
2016-09-25T22:33:22.985-0400: 21.707: [GC (GCLocker Initiated GC) [PSYoungGen: 159339K->57640K(174592K)] 447152K->371674K(698880K), 0.0071527 secs] [Times: user=0.10 sys=0.01, real=0.00 secs] 
2016-09-25T22:33:23.029-0400: 21.752: [GC (GCLocker Initiated GC) [PSYoungGen: 145704K->79319K(173056K)] 459909K->407516K(697344K), 0.0094992 secs] [Times: user=0.13 sys=0.00, real=0.01 secs] 
2016-09-25T22:33:23.092-0400: 21.815: [GC (GCLocker Initiated GC) [PSYoungGen: 167383K->83514K(175104K)] 498464K->424628K(699392K), 0.0105136 secs] [Times: user=0.15 sys=0.02, real=0.02 secs] 
2016-09-25T22:33:23.188-0400: 21.910: [GC (GCLocker Initiated GC) [PSYoungGen: 171578K->51278K(175104K)] 518229K->428281K(699392K), 0.0124830 secs] [Times: user=0.15 sys=0.01, real=0.01 secs] 
2016-09-25T22:33:23.248-0400: 21.970: [GC (GCLocker Initiated GC) [PSYoungGen: 139342K->63160K(175104K)] 516535K->455999K(699392K), 0.0102174 secs] [Times: user=0.14 sys=0.00, real=0.01 secs] 
2016-09-25T22:33:23.305-0400: 22.028: [GC (GCLocker Initiated GC) [PSYoungGen: 151224K->64582K(175104K)] 544125K->468891K(699392K), 0.0101645 secs] [Times: user=0.14 sys=0.01, real=0.01 secs] 
2016-09-25T22:33:26.879-0400: 25.602: [GC (GCLocker Initiated GC) [PSYoungGen: 152646K->47286K(175104K)] 563019K->473208K(699392K), 0.0286485 secs] [Times: user=0.31 sys=0.01, real=0.03 secs] 
2016-09-25T22:33:26.971-0400: 25.694: [GC (GCLocker Initiated GC) [PSYoungGen: 135350K->47993K(175104K)] 561346K->489829K(699392K), 0.0152216 secs] [Times: user=0.14 sys=0.00, real=0.02 secs] 
2016-09-25T22:33:27.051-0400: 25.774: [GC (GCLocker Initiated GC) [PSYoungGen: 136057K->56603K(144896K)] 580741K->520590K(669184K), 0.0212350 secs] [Times: user=0.23 sys=0.01, real=0.02 secs] 
2016-09-25T22:33:27.130-0400: 25.853: [GC (GCLocker Initiated GC) [PSYoungGen: 144667K->70225K(174080K)] 609575K->553601K(698368K), 0.0178100 secs] [Times: user=0.15 sys=0.02, real=0.02 secs] 
2016-09-25T22:33:27.205-0400: 25.928: [GC (GCLocker Initiated GC) [PSYoungGen: 157777K->67164K(174592K)] 643953K->568988K(698880K), 0.0099001 secs] [Times: user=0.12 sys=0.02, real=0.01 secs] 
2016-09-25T22:33:27.215-0400: 25.938: [Full GC (Ergonomics) [PSYoungGen: 67164K->0K(174592K)] [ParOldGen: 501824K->145706K(524288K)] 568988K->145706K(698880K), [Metaspace: 43415K->43415K(1085440K)], 0.0891990 secs] [Times: user=0.55 sys=0.02, real=0.09 secs] 
2016-09-25T22:33:27.368-0400: 26.091: [GC (GCLocker Initiated GC) [PSYoungGen: 87552K->69464K(175104K)] 234723K->216636K(699392K), 0.0081478 secs] [Times: user=0.13 sys=0.00, real=0.01 secs] 
2016-09-25T22:33:27.438-0400: 26.161: [GC (GCLocker Initiated GC) [PSYoungGen: 157528K->52432K(140800K)] 312902K->217382K(665088K), 0.0083918 secs] [Times: user=0.14 sys=0.00, real=0.01 secs] 
2016-09-25T22:33:27.512-0400: 26.235: [GC (GCLocker Initiated GC) [PSYoungGen: 140496K->40415K(174080K)] 317685K->241210K(698368K), 0.0074307 secs] [Times: user=0.08 sys=0.00, real=0.01 secs] 
2016-09-25T22:33:27.581-0400: 26.303: [GC (GCLocker Initiated GC) [PSYoungGen: 127967K->70178K(174592K)] 336917K->281290K(698880K), 0.0104243 secs] [Times: user=0.12 sys=0.01, real=0.01 secs] 
2016-09-25T22:33:27.661-0400: 26.383: [GC (GCLocker Initiated GC) [PSYoungGen: 157730K->60658K(173056K)] 379713K->290183K(697344K), 0.0072777 secs] [Times: user=0.07 sys=0.01, real=0.01 secs] 
2016-09-25T22:33:27.724-0400: 26.447: [GC (Allocation Failure) [PSYoungGen: 148722K->60467K(174080K)] 378897K->310328K(698368K), 0.0086752 secs] [Times: user=0.10 sys=0.00, real=0.00 secs] 
2016-09-25T22:33:27.734-0400: 26.456: [GC (GCLocker Initiated GC) [PSYoungGen: 61000K->411K(172032K)] 310861K->322751K(696320K), 0.0104535 secs] [Times: user=0.11 sys=0.00, real=0.02 secs] 
2016-09-25T22:33:27.806-0400: 26.528: [GC (GCLocker Initiated GC) [PSYoungGen: 87527K->62459K(175104K)] 411217K->386156K(699392K), 0.0097588 secs] [Times: user=0.10 sys=0.00, real=0.01 secs] 
2016-09-25T22:33:27.864-0400: 26.587: [GC (GCLocker Initiated GC) [PSYoungGen: 150523K->80631K(175104K)] 477157K->412704K(699392K), 0.0137823 secs] [Times: user=0.20 sys=0.00, real=0.01 secs] 
2016-09-25T22:33:27.938-0400: 26.661: [GC (GCLocker Initiated GC) [PSYoungGen: 168695K->49526K(175104K)] 500945K->405296K(699392K), 0.0163995 secs] [Times: user=0.18 sys=0.00, real=0.02 secs] 
2016-09-25T22:33:28.012-0400: 26.735: [GC (GCLocker Initiated GC) [PSYoungGen: 137590K->49725K(175104K)] 498987K->422452K(699392K), 0.0269267 secs] [Times: user=0.30 sys=0.02, real=0.03 secs] 
2016-09-25T22:33:28.096-0400: 26.818: [GC (GCLocker Initiated GC) [PSYoungGen: 137789K->49665K(175104K)] 510543K->432571K(699392K), 0.0129683 secs] [Times: user=0.13 sys=0.00, real=0.01 secs] 
2016-09-25T22:33:28.172-0400: 26.895: [GC (GCLocker Initiated GC) [PSYoungGen: 137729K->64692K(175104K)] 523518K->453773K(699392K), 0.0090864 secs] [Times: user=0.09 sys=0.00, real=0.01 secs] 
2016-09-25T22:33:28.245-0400: 26.967: [GC (GCLocker Initiated GC) [PSYoungGen: 152756K->73890K(175104K)] 547405K->489525K(699392K), 0.0078888 secs] [Times: user=0.10 sys=0.00, real=0.00 secs] 
2016-09-25T22:33:28.325-0400: 27.048: [GC (GCLocker Initiated GC) [PSYoungGen: 161954K->65761K(175104K)] 584522K->494255K(699392K), 0.0103686 secs] [Times: user=0.14 sys=0.01, real=0.01 secs] 
2016-09-25T22:33:28.382-0400: 27.104: [GC (GCLocker Initiated GC) [PSYoungGen: 153825K->57753K(175104K)] 587751K->508472K(699392K), 0.0102497 secs] [Times: user=0.12 sys=0.00, real=0.01 secs] 
2016-09-25T22:33:28.460-0400: 27.182: [GC (GCLocker Initiated GC) [PSYoungGen: 145817K->60241K(174080K)] 604656K->519580K(698368K), 0.0068558 secs] [Times: user=0.07 sys=0.00, real=0.01 secs] 
2016-09-25T22:33:28.534-0400: 27.257: [GC (GCLocker Initiated GC) [PSYoungGen: 148305K->44067K(174592K)] 611655K->514705K(698880K), 0.0118133 secs] [Times: user=0.16 sys=0.00, real=0.02 secs] 
2016-09-25T22:33:28.620-0400: 27.342: [GC (GCLocker Initiated GC) [PSYoungGen: 132131K->35888K(174080K)] 616391K->532693K(698368K), 0.0088745 secs] [Times: user=0.09 sys=0.00, real=0.01 secs] 
2016-09-25T22:33:28.629-0400: 27.351: [Full GC (Ergonomics) [PSYoungGen: 35888K->0K(174080K)] [ParOldGen: 496805K->148958K(524288K)] 532693K->148958K(698368K), [Metaspace: 43427K->43427K(1085440K)], 0.0755026 secs] [Times: user=0.55 sys=0.00, real=0.08 secs] 
2016-09-25T22:33:28.763-0400: 27.485: [GC (GCLocker Initiated GC) [PSYoungGen: 88064K->47045K(135168K)] 245222K->204204K(659456K), 0.0114755 secs] [Times: user=0.12 sys=0.00, real=0.01 secs] 
2016-09-25T22:33:28.830-0400: 27.553: [GC (GCLocker Initiated GC) [PSYoungGen: 135109K->68536K(173056K)] 303279K->241549K(697344K), 0.0078996 secs] [Times: user=0.10 sys=0.00, real=0.01 secs] 
2016-09-25T22:33:28.894-0400: 27.617: [GC (GCLocker Initiated GC) [PSYoungGen: 156088K->57529K(174592K)] 329978K->236057K(698880K), 0.0173421 secs] [Times: user=0.26 sys=0.00, real=0.01 secs] 
2016-09-25T22:33:28.963-0400: 27.686: [GC (GCLocker Initiated GC) [PSYoungGen: 145081K->65474K(174080K)] 323648K->251164K(698368K), 0.0102177 secs] [Times: user=0.10 sys=0.01, real=0.00 secs] 
2016-09-25T22:33:29.029-0400: 27.752: [GC (GCLocker Initiated GC) [PSYoungGen: 154562K->69754K(174592K)] 343013K->258567K(698880K), 0.0095216 secs] [Times: user=0.10 sys=0.01, real=0.01 secs] 
2016-09-25T22:33:29.103-0400: 27.826: [GC (GCLocker Initiated GC) [PSYoungGen: 158842K->53496K(175104K)] 347727K->280705K(699392K), 0.0120321 secs] [Times: user=0.14 sys=0.01, real=0.01 secs] 
2016-09-25T22:33:29.178-0400: 27.901: [GC (GCLocker Initiated GC) [PSYoungGen: 143096K->61860K(175104K)] 373073K->296221K(699392K), 0.0080700 secs] [Times: user=0.07 sys=0.00, real=0.01 secs] 
2016-09-25T22:33:29.249-0400: 27.972: [GC (GCLocker Initiated GC) [PSYoungGen: 151460K->39907K(174592K)] 385860K->292392K(698880K), 0.0188394 secs] [Times: user=0.18 sys=0.01, real=0.02 secs] 
2016-09-25T22:33:29.319-0400: 28.042: [GC (GCLocker Initiated GC) [PSYoungGen: 130531K->56169K(175104K)] 388460K->314614K(699392K), 0.0071950 secs] [Times: user=0.07 sys=0.00, real=0.01 secs] 
2016-09-25T22:33:29.388-0400: 28.111: [GC (GCLocker Initiated GC) [PSYoungGen: 146793K->68466K(173568K)] 412241K->350573K(697856K), 0.0167165 secs] [Times: user=0.17 sys=0.00, real=0.02 secs] 
2016-09-25T22:33:29.463-0400: 28.186: [GC (GCLocker Initiated GC) [PSYoungGen: 160114K->73664K(165376K)] 445052K->359071K(689664K), 0.0118755 secs] [Times: user=0.08 sys=0.00, real=0.01 secs] 
2016-09-25T22:33:29.532-0400: 28.255: [GC (GCLocker Initiated GC) [PSYoungGen: 165312K->62995K(176128K)] 451054K->370733K(700416K), 0.0233586 secs] [Times: user=0.28 sys=0.00, real=0.03 secs] 
2016-09-25T22:33:29.618-0400: 28.341: [GC (GCLocker Initiated GC) [PSYoungGen: 152083K->53365K(142848K)] 462559K->383091K(667136K), 0.0077486 secs] [Times: user=0.06 sys=0.00, real=0.01 secs] 
2016-09-25T22:33:29.673-0400: 28.396: [GC (GCLocker Initiated GC) [PSYoungGen: 142453K->49386K(174592K)] 472304K->406560K(698880K), 0.0131275 secs] [Times: user=0.12 sys=0.01, real=0.02 secs] 
2016-09-25T22:33:29.732-0400: 28.455: [GC (GCLocker Initiated GC) [PSYoungGen: 139498K->61760K(173568K)] 499382K->466659K(697856K), 0.0123216 secs] [Times: user=0.13 sys=0.02, real=0.02 secs] 
2016-09-25T22:33:29.800-0400: 28.523: [GC (GCLocker Initiated GC) [PSYoungGen: 151872K->79244K(170496K)] 559591K->491512K(694784K), 0.0081506 secs] [Times: user=0.10 sys=0.00, real=0.01 secs] 
2016-09-25T22:33:29.858-0400: 28.581: [GC (GCLocker Initiated GC) [PSYoungGen: 167308K->68573K(175104K)] 586447K->507072K(699392K), 0.0169064 secs] [Times: user=0.16 sys=0.00, real=0.02 secs] 
2016-09-25T22:33:29.928-0400: 28.651: [GC (GCLocker Initiated GC) [PSYoungGen: 156637K->69847K(175104K)] 602047K->531986K(699392K), 0.0156612 secs] [Times: user=0.18 sys=0.00, real=0.02 secs] 
2016-09-25T22:33:30.012-0400: 28.734: [GC (GCLocker Initiated GC) [PSYoungGen: 157911K->52195K(175104K)] 636297K->537881K(699392K), 0.0149881 secs] [Times: user=0.19 sys=0.00, real=0.02 secs] 
2016-09-25T22:33:30.027-0400: 28.750: [Full GC (Ergonomics) [PSYoungGen: 52195K->0K(175104K)] [ParOldGen: 485685K->163938K(524288K)] 537881K->163938K(699392K), [Metaspace: 43432K->43432K(1085440K)], 0.0943310 secs] [Times: user=0.60 sys=0.02, real=0.09 secs] 
2016-09-25T22:33:30.180-0400: 28.902: [GC (GCLocker Initiated GC) [PSYoungGen: 88064K->64501K(173056K)] 260168K->236606K(697344K), 0.0126718 secs] [Times: user=0.15 sys=0.00, real=0.01 secs] 
2016-09-25T22:33:30.258-0400: 28.981: [GC (GCLocker Initiated GC) [PSYoungGen: 152565K->61710K(174080K)] 331562K->243985K(698368K), 0.0062840 secs] [Times: user=0.08 sys=0.00, real=0.01 secs] 
2016-09-25T22:33:30.313-0400: 29.036: [GC (GCLocker Initiated GC) [PSYoungGen: 149774K->79189K(172032K)] 337666K->267521K(696320K), 0.0123537 secs] [Times: user=0.15 sys=0.00, real=0.02 secs] 
2016-09-25T22:33:30.388-0400: 29.110: [GC (GCLocker Initiated GC) [PSYoungGen: 167253K->65681K(175104K)] 361088K->263963K(699392K), 0.0087453 secs] [Times: user=0.12 sys=0.00, real=0.01 secs] 
2016-09-25T22:33:30.448-0400: 29.170: [GC (GCLocker Initiated GC) [PSYoungGen: 153745K->64457K(170496K)] 355761K->285821K(694784K), 0.0115025 secs] [Times: user=0.14 sys=0.00, real=0.01 secs] 
2016-09-25T22:33:30.514-0400: 29.237: [GC (GCLocker Initiated GC) [PSYoungGen: 153033K->68440K(173056K)] 380848K->307565K(697344K), 0.0098723 secs] [Times: user=0.12 sys=0.01, real=0.01 secs] 
2016-09-25T22:33:30.572-0400: 29.294: [GC (GCLocker Initiated GC) [PSYoungGen: 157016K->64340K(173568K)] 401686K->327040K(697856K), 0.0078043 secs] [Times: user=0.10 sys=0.01, real=0.01 secs] 
2016-09-25T22:33:30.622-0400: 29.345: [GC (GCLocker Initiated GC) [PSYoungGen: 157524K->59022K(175616K)] 420333K->331659K(699904K), 0.0083087 secs] [Times: user=0.07 sys=0.01, real=0.01 secs] 
2016-09-25T22:33:30.678-0400: 29.401: [GC (GCLocker Initiated GC) [PSYoungGen: 152206K->71208K(178688K)] 433019K->366053K(702976K), 0.0072957 secs] [Times: user=0.10 sys=0.00, real=0.01 secs] 
2016-09-25T22:33:30.758-0400: 29.481: [GC (GCLocker Initiated GC) [PSYoungGen: 168488K->66936K(179712K)] 463384K->368994K(704000K), 0.0137710 secs] [Times: user=0.10 sys=0.00, real=0.01 secs] 
2016-09-25T22:33:30.853-0400: 29.576: [GC (GCLocker Initiated GC) [PSYoungGen: 164216K->46735K(178176K)] 466872K->371392K(702464K), 0.0088540 secs] [Times: user=0.08 sys=0.00, real=0.01 secs] 
2016-09-25T22:33:30.918-0400: 29.641: [GC (GCLocker Initiated GC) [PSYoungGen: 142991K->75173K(171520K)] 470420K->413973K(695808K), 0.0078474 secs] [Times: user=0.11 sys=0.01, real=0.01 secs] 
2016-09-25T22:33:31.000-0400: 29.723: [GC (GCLocker Initiated GC) [PSYoungGen: 171429K->51952K(176640K)] 510334K->395294K(700928K), 0.0192595 secs] [Times: user=0.13 sys=0.01, real=0.02 secs] 
2016-09-25T22:33:31.099-0400: 29.821: [GC (GCLocker Initiated GC) [PSYoungGen: 143088K->42541K(134144K)] 489341K->409439K(658432K), 0.0086307 secs] [Times: user=0.05 sys=0.00, real=0.01 secs] 
2016-09-25T22:33:31.156-0400: 29.879: [GC (GCLocker Initiated GC) [PSYoungGen: 133677K->39944K(174592K)] 510099K->437076K(698880K), 0.0289385 secs] [Times: user=0.26 sys=0.00, real=0.03 secs] 
2016-09-25T22:33:31.261-0400: 29.984: [GC (GCLocker Initiated GC) [PSYoungGen: 128008K->48033K(175104K)] 540030K->473965K(699392K), 0.0195094 secs] [Times: user=0.19 sys=0.01, real=0.03 secs] 
2016-09-25T22:33:31.356-0400: 30.079: [GC (GCLocker Initiated GC) [PSYoungGen: 136097K->45168K(174080K)] 562113K->494621K(698368K), 0.0220720 secs] [Times: user=0.17 sys=0.00, real=0.02 secs] 
2016-09-25T22:33:31.427-0400: 30.150: [GC (GCLocker Initiated GC) [PSYoungGen: 133744K->45338K(174592K)] 583993K->505372K(698880K), 0.0093972 secs] [Times: user=0.08 sys=0.01, real=0.01 secs] 
2016-09-25T22:33:31.486-0400: 30.209: [GC (GCLocker Initiated GC) [PSYoungGen: 133914K->64373K(175104K)] 594044K->535819K(699392K), 0.0169756 secs] [Times: user=0.16 sys=0.02, real=0.02 secs] 
2016-09-25T22:33:31.577-0400: 30.300: [GC (GCLocker Initiated GC) [PSYoungGen: 154485K->53620K(143872K)] 627395K->547287K(668160K), 0.0247701 secs] [Times: user=0.29 sys=0.00, real=0.03 secs] 
2016-09-25T22:33:31.602-0400: 30.325: [Full GC (Ergonomics) [PSYoungGen: 53620K->0K(143872K)] [ParOldGen: 493666K->162977K(524288K)] 547287K->162977K(668160K), [Metaspace: 43437K->43437K(1085440K)], 0.0767051 secs] [Times: user=0.42 sys=0.02, real=0.07 secs] 
2016-09-25T22:33:31.757-0400: 30.480: [GC (GCLocker Initiated GC) [PSYoungGen: 90112K->75316K(170496K)] 257410K->242615K(694784K), 0.0122989 secs] [Times: user=0.14 sys=0.01, real=0.01 secs] 
2016-09-25T22:33:31.847-0400: 30.569: [GC (GCLocker Initiated GC) [PSYoungGen: 162868K->53600K(174592K)] 342548K->241998K(698880K), 0.0067430 secs] [Times: user=0.07 sys=0.01, real=0.00 secs] 
2016-09-25T22:33:31.900-0400: 30.623: [GC (GCLocker Initiated GC) [PSYoungGen: 141152K->67123K(175104K)] 336350K->262738K(699392K), 0.0066671 secs] [Times: user=0.07 sys=0.01, real=0.01 secs] 
2016-09-25T22:33:31.954-0400: 30.677: [GC (GCLocker Initiated GC) [PSYoungGen: 157235K->57439K(147968K)] 352943K->260328K(672256K), 0.0233621 secs] [Times: user=0.26 sys=0.00, real=0.02 secs] 
2016-09-25T22:33:32.067-0400: 30.789: [GC (GCLocker Initiated GC) [PSYoungGen: 147551K->75155K(171008K)] 353298K->298879K(695296K), 0.0149680 secs] [Times: user=0.19 sys=0.00, real=0.01 secs] 
2016-09-25T22:33:32.130-0400: 30.853: [GC (GCLocker Initiated GC) [PSYoungGen: 162707K->48048K(174592K)] 389288K->299435K(698880K), 0.0067939 secs] [Times: user=0.07 sys=0.01, real=0.01 secs] 
2016-09-25T22:33:32.199-0400: 30.922: [GC (GCLocker Initiated GC) [PSYoungGen: 135600K->62991K(172544K)] 392457K->352638K(696832K), 0.0145131 secs] [Times: user=0.19 sys=0.00, real=0.01 secs] 
2016-09-25T22:33:32.298-0400: 31.021: [GC (GCLocker Initiated GC) [PSYoungGen: 151567K->75130K(174080K)] 450807K->386915K(698368K), 0.0076787 secs] [Times: user=0.12 sys=0.01, real=0.01 secs] 
2016-09-25T22:33:32.354-0400: 31.076: [GC (GCLocker Initiated GC) [PSYoungGen: 163706K->53340K(175104K)] 481077K->381919K(699392K), 0.0068559 secs] [Times: user=0.05 sys=0.00, real=0.01 secs] 
2016-09-25T22:33:32.409-0400: 31.131: [GC (GCLocker Initiated GC) [PSYoungGen: 141404K->38404K(175104K)] 471554K->389233K(699392K), 0.0146907 secs] [Times: user=0.16 sys=0.01, real=0.02 secs] 
2016-09-25T22:33:32.483-0400: 31.206: [GC (GCLocker Initiated GC) [PSYoungGen: 126468K->65807K(175104K)] 486891K->440126K(699392K), 0.0067405 secs] [Times: user=0.11 sys=0.00, real=0.00 secs] 
2016-09-25T22:33:32.548-0400: 31.270: [GC (GCLocker Initiated GC) [PSYoungGen: 153871K->60177K(148480K)] 528261K->452652K(672768K), 0.0098552 secs] [Times: user=0.08 sys=0.00, real=0.01 secs] 
2016-09-25T22:33:32.615-0400: 31.338: [GC (GCLocker Initiated GC) [PSYoungGen: 148241K->54866K(175104K)] 543440K->454456K(699392K), 0.0160378 secs] [Times: user=0.20 sys=0.00, real=0.01 secs] 
2016-09-25T22:33:32.693-0400: 31.415: [GC (GCLocker Initiated GC) [PSYoungGen: 144466K->63100K(173568K)] 544263K->476892K(697856K), 0.0139910 secs] [Times: user=0.14 sys=0.00, real=0.02 secs] 
2016-09-25T22:33:32.776-0400: 31.499: [GC (GCLocker Initiated GC) [PSYoungGen: 152700K->71284K(173568K)] 573427K->495207K(697856K), 0.0074658 secs] [Times: user=0.11 sys=0.00, real=0.01 secs] 
2016-09-25T22:33:32.842-0400: 31.565: [GC (GCLocker Initiated GC) [PSYoungGen: 161908K->52151K(175616K)] 586461K->493488K(699904K), 0.0075083 secs] [Times: user=0.08 sys=0.00, real=0.00 secs] 
2016-09-25T22:33:32.904-0400: 31.627: [GC (GCLocker Initiated GC) [PSYoungGen: 142775K->71122K(174080K)] 584155K->538583K(698368K), 0.0086167 secs] [Times: user=0.12 sys=0.01, real=0.00 secs] 
2016-09-25T22:33:32.963-0400: 31.685: [GC (GCLocker Initiated GC) [PSYoungGen: 161234K->79328K(169472K)] 628757K->571637K(693760K), 0.0088066 secs] [Times: user=0.13 sys=0.01, real=0.00 secs] 
2016-09-25T22:33:32.972-0400: 31.694: [Full GC (Ergonomics) [PSYoungGen: 79328K->0K(169472K)] [ParOldGen: 492309K->171934K(524288K)] 571637K->171934K(693760K), [Metaspace: 43448K->43448K(1085440K)], 0.0753553 secs] [Times: user=0.70 sys=0.01, real=0.08 secs] 
2016-09-25T22:33:33.097-0400: 31.819: [GC (GCLocker Initiated GC) [PSYoungGen: 90112K->67484K(175104K)] 270416K->247789K(699392K), 0.0083871 secs] [Times: user=0.09 sys=0.00, real=0.01 secs] 
2016-09-25T22:33:33.163-0400: 31.886: [GC (GCLocker Initiated GC) [PSYoungGen: 155548K->66992K(175104K)] 338763K->252503K(699392K), 0.0092813 secs] [Times: user=0.08 sys=0.00, real=0.00 secs] 
2016-09-25T22:33:33.228-0400: 31.951: [GC (GCLocker Initiated GC) [PSYoungGen: 155056K->72545K(175104K)] 343329K->261219K(699392K), 0.0074650 secs] [Times: user=0.10 sys=0.00, real=0.01 secs] 
2016-09-25T22:33:33.288-0400: 32.011: [GC (GCLocker Initiated GC) [PSYoungGen: 160609K->56275K(175104K)] 353846K->262228K(699392K), 0.0061462 secs] [Times: user=0.08 sys=0.00, real=0.00 secs] 
2016-09-25T22:33:33.348-0400: 32.070: [GC (GCLocker Initiated GC) [PSYoungGen: 144339K->52231K(175104K)] 361164K->269428K(699392K), 0.0335952 secs] [Times: user=0.43 sys=0.01, real=0.03 secs] 
2016-09-25T22:33:33.434-0400: 32.157: [GC (GCLocker Initiated GC) [PSYoungGen: 140295K->58886K(147456K)] 372476K->294209K(671744K), 0.0069166 secs] [Times: user=0.07 sys=0.00, real=0.01 secs] 
2016-09-25T22:33:33.494-0400: 32.217: [GC (GCLocker Initiated GC) [PSYoungGen: 146950K->56240K(174592K)] 389257K->317939K(698880K), 0.0118397 secs] [Times: user=0.10 sys=0.00, real=0.02 secs] 
2016-09-25T22:33:33.565-0400: 32.288: [GC (GCLocker Initiated GC) [PSYoungGen: 145328K->56222K(173568K)] 412607K->326670K(697856K), 0.0143929 secs] [Times: user=0.17 sys=0.00, real=0.01 secs] 
2016-09-25T22:33:33.642-0400: 32.365: [GC (GCLocker Initiated GC) [PSYoungGen: 145310K->53645K(176128K)] 418542K->336759K(700416K), 0.0214113 secs] [Times: user=0.27 sys=0.00, real=0.03 secs] 
2016-09-25T22:33:33.715-0400: 32.438: [GC (GCLocker Initiated GC) [PSYoungGen: 146829K->49502K(175104K)] 432762K->353468K(699392K), 0.0212661 secs] [Times: user=0.17 sys=0.00, real=0.02 secs] 
2016-09-25T22:33:33.787-0400: 32.509: [GC (GCLocker Initiated GC) [PSYoungGen: 142686K->46725K(178688K)] 449408K->379675K(702976K), 0.0114639 secs] [Times: user=0.13 sys=0.00, real=0.01 secs] 
2016-09-25T22:33:33.851-0400: 32.574: [GC (GCLocker Initiated GC) [PSYoungGen: 144005K->67211K(178688K)] 481207K->417060K(702976K), 0.0141887 secs] [Times: user=0.19 sys=0.01, real=0.02 secs] 
2016-09-25T22:33:33.922-0400: 32.645: [GC (GCLocker Initiated GC) [PSYoungGen: 164491K->56274K(178688K)] 522512K->424326K(702976K), 0.0104565 secs] [Times: user=0.13 sys=0.00, real=0.01 secs] 
2016-09-25T22:33:33.990-0400: 32.713: [GC (GCLocker Initiated GC) [PSYoungGen: 154578K->50762K(179200K)] 525389K->439627K(703488K), 0.0156435 secs] [Times: user=0.13 sys=0.00, real=0.02 secs] 
2016-09-25T22:33:34.058-0400: 32.781: [GC (GCLocker Initiated GC) [PSYoungGen: 149066K->49562K(179712K)] 539484K->458022K(704000K), 0.0091311 secs] [Times: user=0.10 sys=0.01, real=0.01 secs] 
2016-09-25T22:33:34.129-0400: 32.852: [GC (GCLocker Initiated GC) [PSYoungGen: 150938K->60311K(180224K)] 559517K->469452K(704512K), 0.0078707 secs] [Times: user=0.06 sys=0.00, real=0.01 secs] 
2016-09-25T22:33:34.208-0400: 32.930: [GC (GCLocker Initiated GC) [PSYoungGen: 161687K->42676K(183296K)] 576271K->484771K(707584K), 0.0313456 secs] [Times: user=0.40 sys=0.00, real=0.03 secs] 
2016-09-25T22:33:34.305-0400: 33.027: [GC (GCLocker Initiated GC) [PSYoungGen: 147636K->54831K(160256K)] 595834K->503535K(684544K), 0.0128779 secs] [Times: user=0.10 sys=0.01, real=0.01 secs] 
2016-09-25T22:33:34.381-0400: 33.104: [GC (GCLocker Initiated GC) [PSYoungGen: 159791K->65626K(179712K)] 614137K->528607K(704000K), 0.0265147 secs] [Times: user=0.28 sys=0.00, real=0.03 secs] 
2016-09-25T22:33:34.473-0400: 33.196: [GC (GCLocker Initiated GC) [PSYoungGen: 169050K->61633K(181760K)] 632116K->526522K(706048K), 0.0092436 secs] [Times: user=0.10 sys=0.00, real=0.02 secs] 
2016-09-25T22:33:34.544-0400: 33.267: [GC (GCLocker Initiated GC) [PSYoungGen: 165057K->59000K(180224K)] 635383K->543253K(704512K), 0.0135958 secs] [Times: user=0.15 sys=0.01, real=0.01 secs] 
2016-09-25T22:33:34.629-0400: 33.351: [GC (GCLocker Initiated GC) [PSYoungGen: 164984K->49473K(182272K)] 652074K->545100K(706560K), 0.0103945 secs] [Times: user=0.06 sys=0.00, real=0.01 secs] 
2016-09-25T22:33:34.639-0400: 33.362: [Full GC (Ergonomics) [PSYoungGen: 49473K->0K(182272K)] [ParOldGen: 495627K->177615K(524288K)] 545100K->177615K(706560K), [Metaspace: 43458K->43458K(1085440K)], 0.0653557 secs] [Times: user=0.41 sys=0.00, real=0.07 secs] 
2016-09-25T22:33:34.755-0400: 33.477: [GC (GCLocker Initiated GC) [PSYoungGen: 105984K->75767K(167936K)] 283828K->264491K(692224K), 0.0143233 secs] [Times: user=0.10 sys=0.01, real=0.01 secs] 
2016-09-25T22:33:34.829-0400: 33.551: [GC (GCLocker Initiated GC) [PSYoungGen: 167927K->57397K(177152K)] 356690K->257981K(701440K), 0.0153062 secs] [Times: user=0.11 sys=0.00, real=0.02 secs] 
2016-09-25T22:33:34.898-0400: 33.621: [GC (GCLocker Initiated GC) [PSYoungGen: 149557K->50901K(173056K)] 356963K->260018K(697344K), 0.0282691 secs] [Times: user=0.30 sys=0.01, real=0.03 secs] 
2016-09-25T22:33:34.984-0400: 33.707: [GC (GCLocker Initiated GC) [PSYoungGen: 145109K->52070K(176128K)] 361055K->272585K(700416K), 0.0102151 secs] [Times: user=0.06 sys=0.00, real=0.01 secs] 
2016-09-25T22:33:35.048-0400: 33.771: [GC (GCLocker Initiated GC) [PSYoungGen: 146278K->80667K(168960K)] 372685K->310216K(693248K), 0.0073657 secs] [Times: user=0.06 sys=0.01, real=0.01 secs] 
2016-09-25T22:33:35.112-0400: 33.835: [GC (GCLocker Initiated GC) [PSYoungGen: 168731K->71139K(175104K)] 403859K->328348K(699392K), 0.0099913 secs] [Times: user=0.14 sys=0.01, real=0.01 secs] 
2016-09-25T22:33:35.179-0400: 33.901: [GC (GCLocker Initiated GC) [PSYoungGen: 159203K->63016K(174080K)] 416798K->337270K(698368K), 0.0073592 secs] [Times: user=0.09 sys=0.00, real=0.01 secs] 
2016-09-25T22:33:35.236-0400: 33.958: [GC (GCLocker Initiated GC) [PSYoungGen: 151080K->48137K(174592K)] 437599K->348519K(698880K), 0.0068700 secs] [Times: user=0.05 sys=0.00, real=0.01 secs] 
2016-09-25T22:33:35.303-0400: 34.025: [GC (GCLocker Initiated GC) [PSYoungGen: 136201K->38500K(174080K)] 439362K->362374K(698368K), 0.0088878 secs] [Times: user=0.07 sys=0.00, real=0.00 secs] 
2016-09-25T22:33:35.366-0400: 34.089: [GC (GCLocker Initiated GC) [PSYoungGen: 126564K->48195K(175104K)] 457441K->383470K(699392K), 0.0120061 secs] [Times: user=0.10 sys=0.00, real=0.01 secs] 
2016-09-25T22:33:35.429-0400: 34.151: [GC (GCLocker Initiated GC) [PSYoungGen: 136259K->45141K(173056K)] 471720K->393329K(697344K), 0.0116456 secs] [Times: user=0.09 sys=0.00, real=0.01 secs] 
2016-09-25T22:33:35.501-0400: 34.224: [GC (GCLocker Initiated GC) [PSYoungGen: 134229K->57479K(174080K)] 494734K->434543K(698368K), 0.0273808 secs] [Times: user=0.25 sys=0.00, real=0.03 secs] 
2016-09-25T22:33:35.583-0400: 34.306: [GC (GCLocker Initiated GC) [PSYoungGen: 146567K->49387K(175104K)] 527756K->444511K(699392K), 0.0246450 secs] [Times: user=0.27 sys=0.01, real=0.02 secs] 
2016-09-25T22:33:35.657-0400: 34.380: [GC (GCLocker Initiated GC) [PSYoungGen: 143595K->46592K(175616K)] 543029K->469371K(699904K), 0.0144236 secs] [Times: user=0.16 sys=0.00, real=0.01 secs] 
2016-09-25T22:33:35.723-0400: 34.446: [GC (GCLocker Initiated GC) [PSYoungGen: 140800K->48168K(178176K)] 570129K->491402K(702464K), 0.0141427 secs] [Times: user=0.18 sys=0.00, real=0.01 secs] 
2016-09-25T22:33:35.788-0400: 34.511: [GC (GCLocker Initiated GC) [PSYoungGen: 148520K->77963K(178688K)] 591869K->521733K(702976K), 0.0100783 secs] [Times: user=0.13 sys=0.00, real=0.01 secs] 
2016-09-25T22:33:35.852-0400: 34.574: [GC (GCLocker Initiated GC) [PSYoungGen: 178315K->68463K(171520K)] 626170K->516802K(695808K), 0.0102550 secs] [Times: user=0.12 sys=0.00, real=0.01 secs] 
2016-09-25T22:33:35.910-0400: 34.632: [GC (GCLocker Initiated GC) [PSYoungGen: 156527K->79168K(175104K)] 605002K->537567K(699392K), 0.0072568 secs] [Times: user=0.09 sys=0.00, real=0.01 secs] 
2016-09-25T22:33:35.959-0400: 34.682: [GC (GCLocker Initiated GC) [PSYoungGen: 167232K->81908K(175104K)] 625747K->571889K(699392K), 0.0096303 secs] [Times: user=0.14 sys=0.00, real=0.01 secs] 
2016-09-25T22:33:36.013-0400: 34.736: [GC (GCLocker Initiated GC) [PSYoungGen: 169972K->42715K(175104K)] 660009K->556090K(699392K), 0.0103444 secs] [Times: user=0.08 sys=0.02, real=0.02 secs] 
2016-09-25T22:33:36.024-0400: 34.747: [Full GC (Ergonomics) [PSYoungGen: 42715K->0K(175104K)] [ParOldGen: 513374K->184607K(524288K)] 556090K->184607K(699392K), [Metaspace: 43460K->43460K(1085440K)], 0.0729275 secs] [Times: user=0.45 sys=0.01, real=0.07 secs] 
2016-09-25T22:33:36.159-0400: 34.881: [GC (GCLocker Initiated GC) [PSYoungGen: 88064K->76798K(175104K)] 275483K->264218K(699392K), 0.0642025 secs] [Times: user=0.65 sys=0.02, real=0.07 secs] 
2016-09-25T22:33:36.264-0400: 34.987: [GC (GCLocker Initiated GC) [PSYoungGen: 164862K->56130K(175104K)] 352990K->261232K(699392K), 0.0194458 secs] [Times: user=0.19 sys=0.00, real=0.02 secs] 
2016-09-25T22:33:36.339-0400: 35.062: [GC (GCLocker Initiated GC) [PSYoungGen: 144194K->52137K(175104K)] 354959K->289076K(699392K), 0.0108060 secs] [Times: user=0.14 sys=0.00, real=0.01 secs] 
2016-09-25T22:33:36.429-0400: 35.152: [GC (GCLocker Initiated GC) [PSYoungGen: 140201K->50826K(175104K)] 387987K->301637K(699392K), 0.0146693 secs] [Times: user=0.12 sys=0.01, real=0.02 secs] 
2016-09-25T22:33:36.491-0400: 35.214: [GC (GCLocker Initiated GC) [PSYoungGen: 138890K->68395K(175104K)] 392540K->325245K(699392K), 0.0220833 secs] [Times: user=0.33 sys=0.01, real=0.02 secs] 
2016-09-25T22:33:36.549-0400: 35.271: [GC (GCLocker Initiated GC) [PSYoungGen: 156459K->77794K(175104K)] 413536K->347364K(699392K), 0.0172490 secs] [Times: user=0.18 sys=0.00, real=0.02 secs] 
2016-09-25T22:33:36.632-0400: 35.354: [GC (GCLocker Initiated GC) [PSYoungGen: 165858K->76540K(175104K)] 438263K->370981K(699392K), 0.0120217 secs] [Times: user=0.15 sys=0.01, real=0.02 secs] 
2016-09-25T22:33:36.711-0400: 35.434: [GC (GCLocker Initiated GC) [PSYoungGen: 164604K->58971K(175104K)] 459516K->382661K(699392K), 0.0105942 secs] [Times: user=0.12 sys=0.00, real=0.01 secs] 
2016-09-25T22:33:36.761-0400: 35.484: [GC (GCLocker Initiated GC) [PSYoungGen: 147035K->54847K(175104K)] 471859K->384142K(699392K), 0.0179233 secs] [Times: user=0.18 sys=0.01, real=0.02 secs] 
2016-09-25T22:33:36.824-0400: 35.547: [GC (GCLocker Initiated GC) [PSYoungGen: 142911K->48158K(175104K)] 481798K->400959K(699392K), 0.0115239 secs] [Times: user=0.12 sys=0.01, real=0.01 secs] 
2016-09-25T22:33:36.921-0400: 35.644: [GC (GCLocker Initiated GC) [PSYoungGen: 136222K->41406K(175104K)] 498709K->428705K(699392K), 0.0222254 secs] [Times: user=0.29 sys=0.00, real=0.03 secs] 
2016-09-25T22:33:37.012-0400: 35.735: [GC (GCLocker Initiated GC) [PSYoungGen: 129470K->60370K(175104K)] 524962K->456264K(699392K), 0.0111003 secs] [Times: user=0.16 sys=0.00, real=0.02 secs] 
2016-09-25T22:33:37.096-0400: 35.819: [GC (GCLocker Initiated GC) [PSYoungGen: 148434K->75188K(175104K)] 545795K->487953K(699392K), 0.0138701 secs] [Times: user=0.18 sys=0.00, real=0.01 secs] 
2016-09-25T22:33:37.178-0400: 35.901: [GC (GCLocker Initiated GC) [PSYoungGen: 163252K->76539K(175104K)] 580096K->493824K(699392K), 0.0105035 secs] [Times: user=0.15 sys=0.00, real=0.01 secs] 
2016-09-25T22:33:37.236-0400: 35.959: [GC (GCLocker Initiated GC) [PSYoungGen: 164603K->69734K(175104K)] 584789K->494404K(699392K), 0.0072228 secs] [Times: user=0.07 sys=0.00, real=0.01 secs] 
2016-09-25T22:33:37.298-0400: 36.020: [GC (GCLocker Initiated GC) [PSYoungGen: 157798K->85865K(175104K)] 582557K->528549K(699392K), 0.0175800 secs] [Times: user=0.11 sys=0.00, real=0.02 secs] 
2016-09-25T22:33:37.392-0400: 36.114: [GC (GCLocker Initiated GC) [PSYoungGen: 173929K->64398K(175104K)] 618136K->522488K(699392K), 0.0103624 secs] [Times: user=0.09 sys=0.00, real=0.01 secs] 
2016-09-25T22:33:37.443-0400: 36.165: [GC (Allocation Failure) [PSYoungGen: 152462K->34334K(175104K)] 618804K->517271K(699392K), 0.0246763 secs] [Times: user=0.21 sys=0.00, real=0.02 secs] 
2016-09-25T22:33:37.525-0400: 36.248: [Full GC (Ergonomics) [PSYoungGen: 121636K->0K(175104K)] [ParOldGen: 493737K->193293K(524288K)] 615374K->193293K(699392K), [Metaspace: 43586K->43586K(1085440K)], 0.1418087 secs] [Times: user=0.53 sys=0.07, real=0.14 secs] 
2016-09-25T22:33:37.710-0400: 36.432: [GC (GCLocker Initiated GC) [PSYoungGen: 88064K->67234K(175104K)] 281813K->260984K(699392K), 0.0068700 secs] [Times: user=0.05 sys=0.00, real=0.01 secs] 
2016-09-25T22:33:37.766-0400: 36.489: [GC (GCLocker Initiated GC) [PSYoungGen: 155298K->76472K(175104K)] 352009K->281903K(699392K), 0.0134836 secs] [Times: user=0.09 sys=0.01, real=0.01 secs] 
2016-09-25T22:33:37.834-0400: 36.557: [GC (GCLocker Initiated GC) [PSYoungGen: 164536K->57411K(175104K)] 372849K->275630K(699392K), 0.0138055 secs] [Times: user=0.15 sys=0.00, real=0.02 secs] 
2016-09-25T22:33:37.900-0400: 36.622: [GC (GCLocker Initiated GC) [PSYoungGen: 145475K->61641K(175104K)] 366413K->304569K(699392K), 0.0105409 secs] [Times: user=0.11 sys=0.01, real=0.01 secs] 
2016-09-25T22:33:37.964-0400: 36.687: [GC (GCLocker Initiated GC) [PSYoungGen: 149705K->64374K(175104K)] 392847K->314733K(699392K), 0.0102853 secs] [Times: user=0.14 sys=0.00, real=0.01 secs] 
2016-09-25T22:33:38.024-0400: 36.746: [GC (GCLocker Initiated GC) [PSYoungGen: 152438K->67224K(175104K)] 402829K->326175K(699392K), 0.0106890 secs] [Times: user=0.13 sys=0.01, real=0.01 secs] 
2016-09-25T22:33:38.078-0400: 36.800: [GC (GCLocker Initiated GC) [PSYoungGen: 155288K->63023K(175104K)] 419667K->345554K(699392K), 0.0067482 secs] [Times: user=0.08 sys=0.00, real=0.01 secs] 
2016-09-25T22:33:38.128-0400: 36.851: [GC (GCLocker Initiated GC) [PSYoungGen: 151087K->56125K(144384K)] 437041K->343775K(668672K), 0.0063914 secs] [Times: user=0.06 sys=0.00, real=0.01 secs] 
2016-09-25T22:33:38.183-0400: 36.906: [GC (GCLocker Initiated GC) [PSYoungGen: 144189K->49686K(174080K)] 439241K->361345K(698368K), 0.0112263 secs] [Times: user=0.16 sys=0.00, real=0.01 secs] 
2016-09-25T22:33:38.254-0400: 36.976: [GC (GCLocker Initiated GC) [PSYoungGen: 137750K->76426K(174080K)] 457594K->415730K(698368K), 0.0134610 secs] [Times: user=0.18 sys=0.00, real=0.02 secs] 
2016-09-25T22:33:38.322-0400: 37.045: [GC (GCLocker Initiated GC) [PSYoungGen: 164490K->52256K(175104K)] 506593K->417695K(699392K), 0.0101595 secs] [Times: user=0.13 sys=0.00, real=0.00 secs] 
2016-09-25T22:33:38.384-0400: 37.107: [GC (GCLocker Initiated GC) [PSYoungGen: 140320K->50788K(175104K)] 508530K->442440K(699392K), 0.0086601 secs] [Times: user=0.12 sys=0.00, real=0.00 secs] 
2016-09-25T22:33:38.440-0400: 37.163: [GC (GCLocker Initiated GC) [PSYoungGen: 138852K->68575K(175104K)] 541368K->491723K(699392K), 0.0103088 secs] [Times: user=0.13 sys=0.01, real=0.01 secs] 
2016-09-25T22:33:38.506-0400: 37.229: [GC (GCLocker Initiated GC) [PSYoungGen: 156639K->45409K(175104K)] 585370K->492301K(699392K), 0.0096788 secs] [Times: user=0.13 sys=0.00, real=0.01 secs] 
2016-09-25T22:33:38.555-0400: 37.278: [GC (GCLocker Initiated GC) [PSYoungGen: 133473K->77917K(175104K)] 583203K->529384K(699392K), 0.0073688 secs] [Times: user=0.09 sys=0.00, real=0.01 secs] 
2016-09-25T22:33:38.614-0400: 37.337: [GC (GCLocker Initiated GC) [PSYoungGen: 165981K->76632K(175104K)] 617524K->547585K(699392K), 0.0082523 secs] [Times: user=0.13 sys=0.00, real=0.01 secs] 
2016-09-25T22:33:38.666-0400: 37.389: [GC (GCLocker Initiated GC) [PSYoungGen: 164696K->57700K(175104K)] 643902K->573756K(699392K), 0.0081206 secs] [Times: user=0.10 sys=0.00, real=0.01 secs] 
2016-09-25T22:33:38.674-0400: 37.397: [Full GC (Ergonomics) [PSYoungGen: 57700K->0K(175104K)] [ParOldGen: 516055K->206640K(524288K)] 573756K->206640K(699392K), [Metaspace: 43601K->43601K(1085440K)], 0.0559140 secs] [Times: user=0.47 sys=0.01, real=0.05 secs] 
2016-09-25T22:33:38.785-0400: 37.508: [GC (GCLocker Initiated GC) [PSYoungGen: 88064K->57860K(175104K)] 296129K->265926K(699392K), 0.0103430 secs] [Times: user=0.12 sys=0.01, real=0.01 secs] 
2016-09-25T22:33:38.844-0400: 37.567: [GC (GCLocker Initiated GC) [PSYoungGen: 145924K->52107K(175104K)] 354146K->289344K(699392K), 0.0071029 secs] [Times: user=0.07 sys=0.01, real=0.00 secs] 
2016-09-25T22:33:38.901-0400: 37.624: [GC (GCLocker Initiated GC) [PSYoungGen: 140171K->72575K(175104K)] 386954K->326415K(699392K), 0.0091575 secs] [Times: user=0.10 sys=0.00, real=0.01 secs] 
2016-09-25T22:33:38.957-0400: 37.680: [GC (GCLocker Initiated GC) [PSYoungGen: 160639K->46677K(175104K)] 418807K->324214K(699392K), 0.0066865 secs] [Times: user=0.07 sys=0.00, real=0.01 secs] 
2016-09-25T22:33:39.016-0400: 37.739: [GC (GCLocker Initiated GC) [PSYoungGen: 134741K->68362K(175104K)] 419260K->365423K(699392K), 0.0114457 secs] [Times: user=0.11 sys=0.00, real=0.01 secs] 
2016-09-25T22:33:39.079-0400: 37.802: [GC (GCLocker Initiated GC) [PSYoungGen: 156426K->49537K(175104K)] 463026K->368645K(699392K), 0.0124385 secs] [Times: user=0.16 sys=0.00, real=0.01 secs] 
2016-09-25T22:33:39.136-0400: 37.858: [GC (GCLocker Initiated GC) [PSYoungGen: 137601K->56191K(175104K)] 458072K->378429K(699392K), 0.0063341 secs] [Times: user=0.06 sys=0.00, real=0.00 secs] 
2016-09-25T22:33:39.205-0400: 37.927: [GC (GCLocker Initiated GC) [PSYoungGen: 144255K->73762K(175104K)] 469303K->405976K(699392K), 0.0166731 secs] [Times: user=0.23 sys=0.00, real=0.01 secs] 
2016-09-25T22:33:39.276-0400: 37.999: [GC (GCLocker Initiated GC) [PSYoungGen: 161826K->45488K(175104K)] 497970K->407731K(699392K), 0.0090876 secs] [Times: user=0.11 sys=0.00, real=0.01 secs] 
2016-09-25T22:33:39.330-0400: 38.053: [GC (GCLocker Initiated GC) [PSYoungGen: 133552K->86084K(175104K)] 495926K->473237K(699392K), 0.0098703 secs] [Times: user=0.14 sys=0.00, real=0.01 secs] 
2016-09-25T22:33:39.397-0400: 38.119: [GC (GCLocker Initiated GC) [PSYoungGen: 174148K->46743K(175104K)] 565490K->454766K(699392K), 0.0141598 secs] [Times: user=0.16 sys=0.00, real=0.01 secs] 
2016-09-25T22:33:39.464-0400: 38.187: [GC (GCLocker Initiated GC) [PSYoungGen: 134807K->69821K(175104K)] 552442K->506835K(699392K), 0.0078549 secs] [Times: user=0.10 sys=0.00, real=0.00 secs] 
2016-09-25T22:33:39.535-0400: 38.258: [GC (GCLocker Initiated GC) [PSYoungGen: 157885K->52092K(175104K)] 607256K->512691K(699392K), 0.0112286 secs] [Times: user=0.08 sys=0.00, real=0.01 secs] 
2016-09-25T22:33:39.604-0400: 38.327: [GC (GCLocker Initiated GC) [PSYoungGen: 140156K->47933K(175104K)] 604821K->514320K(699392K), 0.0084579 secs] [Times: user=0.09 sys=0.00, real=0.00 secs] 
2016-09-25T22:33:39.665-0400: 38.388: [GC (GCLocker Initiated GC) [PSYoungGen: 135997K->70999K(175104K)] 603826K->541951K(699392K), 0.0078607 secs] [Times: user=0.08 sys=0.01, real=0.00 secs] 
2016-09-25T22:33:39.727-0400: 38.450: [GC (GCLocker Initiated GC) [PSYoungGen: 159063K->43852K(175104K)] 632842K->520674K(699392K), 0.0120399 secs] [Times: user=0.10 sys=0.00, real=0.01 secs] 
2016-09-25T22:33:39.801-0400: 38.523: [GC (GCLocker Initiated GC) [PSYoungGen: 131916K->52093K(175104K)] 614316K->536222K(699392K), 0.0208954 secs] [Times: user=0.23 sys=0.01, real=0.02 secs] 
2016-09-25T22:33:40.334-0400: 39.057: [GC (GCLocker Initiated GC) [PSYoungGen: 140157K->50558K(175104K)] 627166K->547405K(699392K), 0.0099572 secs] [Times: user=0.08 sys=0.00, real=0.01 secs] 
2016-09-25T22:33:40.344-0400: 39.067: [Full GC (Ergonomics) [PSYoungGen: 50558K->0K(175104K)] [ParOldGen: 496847K->188184K(524288K)] 547405K->188184K(699392K), [Metaspace: 43607K->43607K(1085440K)], 0.1974377 secs] [Times: user=2.54 sys=0.02, real=0.19 secs] 
2016-09-25T22:33:40.594-0400: 39.317: [GC (GCLocker Initiated GC) [PSYoungGen: 88064K->70015K(175104K)] 279097K->261048K(699392K), 0.0094856 secs] [Times: user=0.14 sys=0.00, real=0.02 secs] 
2016-09-25T22:33:40.643-0400: 39.366: [GC (GCLocker Initiated GC) [PSYoungGen: 158079K->73840K(175104K)] 349345K->286090K(699392K), 0.0111431 secs] [Times: user=0.14 sys=0.00, real=0.01 secs] 
2016-09-25T22:33:40.712-0400: 39.434: [GC (GCLocker Initiated GC) [PSYoungGen: 161904K->64314K(175104K)] 375919K->294969K(699392K), 0.0093912 secs] [Times: user=0.14 sys=0.00, real=0.01 secs] 
2016-09-25T22:33:40.763-0400: 39.485: [GC (GCLocker Initiated GC) [PSYoungGen: 152378K->63073K(175104K)] 386714K->330193K(699392K), 0.0074203 secs] [Times: user=0.09 sys=0.00, real=0.00 secs] 
2016-09-25T22:33:40.807-0400: 39.530: [GC (GCLocker Initiated GC) [PSYoungGen: 151137K->83182K(175104K)] 418355K->361724K(699392K), 0.0098992 secs] [Times: user=0.14 sys=0.00, real=0.01 secs] 
2016-09-25T22:33:40.861-0400: 39.583: [GC (GCLocker Initiated GC) [PSYoungGen: 171246K->64423K(175104K)] 452604K->396127K(699392K), 0.0147689 secs] [Times: user=0.14 sys=0.00, real=0.02 secs] 
2016-09-25T22:33:40.932-0400: 39.655: [GC (GCLocker Initiated GC) [PSYoungGen: 152487K->59100K(175104K)] 492512K->429325K(699392K), 0.0118939 secs] [Times: user=0.17 sys=0.01, real=0.02 secs] 
2016-09-25T22:33:40.989-0400: 39.712: [GC (GCLocker Initiated GC) [PSYoungGen: 147164K->56086K(175104K)] 517559K->432363K(699392K), 0.0068731 secs] [Times: user=0.06 sys=0.00, real=0.01 secs] 
2016-09-25T22:33:41.040-0400: 39.763: [GC (GCLocker Initiated GC) [PSYoungGen: 144150K->65600K(175104K)] 529980K->454485K(699392K), 0.0062380 secs] [Times: user=0.07 sys=0.00, real=0.01 secs] 
2016-09-25T22:33:41.090-0400: 39.813: [GC (GCLocker Initiated GC) [PSYoungGen: 153664K->57577K(172032K)] 547954K->453561K(696320K), 0.0065948 secs] [Times: user=0.07 sys=0.01, real=0.01 secs] 
2016-09-25T22:33:41.136-0400: 39.859: [GC (GCLocker Initiated GC) [PSYoungGen: 145641K->53431K(173568K)] 544412K->453933K(697856K), 0.0145148 secs] [Times: user=0.11 sys=0.00, real=0.01 secs] 
2016-09-25T22:33:41.222-0400: 39.945: [GC (GCLocker Initiated GC) [PSYoungGen: 141495K->65677K(175104K)] 550276K->497893K(699392K), 0.0132484 secs] [Times: user=0.14 sys=0.00, real=0.01 secs] 
2016-09-25T22:33:41.305-0400: 40.027: [GC (GCLocker Initiated GC) [PSYoungGen: 157837K->43962K(176128K)] 594519K->487751K(700416K), 0.0074699 secs] [Times: user=0.04 sys=0.00, real=0.00 secs] 
2016-09-25T22:33:41.359-0400: 40.081: [GC (GCLocker Initiated GC) [PSYoungGen: 136122K->48114K(177664K)] 585496K->522278K(701952K), 0.0141437 secs] [Times: user=0.16 sys=0.00, real=0.01 secs] 
2016-09-25T22:33:41.440-0400: 40.163: [GC (GCLocker Initiated GC) [PSYoungGen: 141810K->60373K(154112K)] 618887K->540533K(678400K), 0.0210789 secs] [Times: user=0.26 sys=0.00, real=0.02 secs] 
2016-09-25T22:33:41.462-0400: 40.184: [Full GC (Ergonomics) [PSYoungGen: 60373K->0K(154112K)] [ParOldGen: 480160K->190328K(524288K)] 540533K->190328K(678400K), [Metaspace: 43613K->43613K(1085440K)], 0.0639871 secs] [Times: user=0.47 sys=0.00, real=0.07 secs] 
2016-09-25T22:33:41.567-0400: 40.289: [GC (GCLocker Initiated GC) [PSYoungGen: 93696K->72792K(174080K)] 287820K->266916K(698368K), 0.0091517 secs] [Times: user=0.06 sys=0.00, real=0.01 secs] 
2016-09-25T22:33:41.653-0400: 40.375: [GC (GCLocker Initiated GC) [PSYoungGen: 164440K->48075K(176640K)] 373008K->264155K(700928K), 0.0117363 secs] [Times: user=0.08 sys=0.00, real=0.02 secs] 
2016-09-25T22:33:41.723-0400: 40.445: [GC (GCLocker Initiated GC) [PSYoungGen: 139723K->67072K(177152K)] 364096K->291846K(701440K), 0.0072306 secs] [Times: user=0.06 sys=0.00, real=0.00 secs] 
2016-09-25T22:33:41.772-0400: 40.495: [GC (GCLocker Initiated GC) [PSYoungGen: 159232K->66822K(159232K)] 389492K->297463K(683520K), 0.0222622 secs] [Times: user=0.28 sys=0.00, real=0.03 secs] 
2016-09-25T22:33:41.876-0400: 40.599: [GC (GCLocker Initiated GC) [PSYoungGen: 158982K->36008K(173568K)] 399119K->310287K(697856K), 0.0091421 secs] [Times: user=0.12 sys=0.00, real=0.01 secs] 
2016-09-25T22:33:41.935-0400: 40.658: [GC (GCLocker Initiated GC) [PSYoungGen: 124072K->58895K(147456K)] 403860K->344491K(671744K), 0.0064665 secs] [Times: user=0.04 sys=0.01, real=0.00 secs] 
2016-09-25T22:33:41.980-0400: 40.703: [GC (GCLocker Initiated GC) [PSYoungGen: 146959K->54941K(176128K)] 436670K->366658K(700416K), 0.0067346 secs] [Times: user=0.08 sys=0.00, real=0.01 secs] 
2016-09-25T22:33:42.054-0400: 40.777: [GC (GCLocker Initiated GC) [PSYoungGen: 146589K->75334K(174080K)] 461062K->390283K(698368K), 0.0099704 secs] [Times: user=0.09 sys=0.01, real=0.02 secs] 
2016-09-25T22:33:42.125-0400: 40.848: [GC (GCLocker Initiated GC) [PSYoungGen: 166982K->77829K(174592K)] 482042K->394742K(698880K), 0.0062102 secs] [Times: user=0.08 sys=0.00, real=0.00 secs] 
2016-09-25T22:33:42.174-0400: 40.897: [GC (GCLocker Initiated GC) [PSYoungGen: 165893K->60167K(175104K)] 485701K->396606K(699392K), 0.0070596 secs] [Times: user=0.07 sys=0.00, real=0.00 secs] 
2016-09-25T22:33:42.230-0400: 40.952: [GC (GCLocker Initiated GC) [PSYoungGen: 148231K->57547K(173056K)] 490240K->408007K(697344K), 0.0175476 secs] [Times: user=0.21 sys=0.01, real=0.02 secs] 
2016-09-25T22:33:42.306-0400: 41.029: [GC (GCLocker Initiated GC) [PSYoungGen: 145611K->46574K(174080K)] 498850K->424567K(698368K), 0.0210104 secs] [Times: user=0.20 sys=0.00, real=0.02 secs] 
2016-09-25T22:33:42.372-0400: 41.094: [GC (GCLocker Initiated GC) [PSYoungGen: 134638K->56305K(172032K)] 524878K->468539K(696320K), 0.0122197 secs] [Times: user=0.13 sys=0.00, real=0.02 secs] 
2016-09-25T22:33:42.436-0400: 41.159: [GC (GCLocker Initiated GC) [PSYoungGen: 146417K->58914K(174080K)] 565676K->478632K(698368K), 0.0084307 secs] [Times: user=0.10 sys=0.00, real=0.01 secs] 
2016-09-25T22:33:42.515-0400: 41.237: [GC (GCLocker Initiated GC) [PSYoungGen: 149026K->64285K(177664K)] 571507K->492586K(701952K), 0.0109569 secs] [Times: user=0.14 sys=0.00, real=0.01 secs] 
2016-09-25T22:33:42.583-0400: 41.306: [GC (GCLocker Initiated GC) [PSYoungGen: 161053K->64553K(177664K)] 592139K->505480K(701952K), 0.0072621 secs] [Times: user=0.09 sys=0.00, real=0.00 secs] 
2016-09-25T22:33:42.637-0400: 41.360: [GC (GCLocker Initiated GC) [PSYoungGen: 161321K->46796K(181248K)] 606498K->500584K(705536K), 0.0179749 secs] [Times: user=0.22 sys=0.00, real=0.02 secs] 
2016-09-25T22:33:42.704-0400: 41.426: [GC (GCLocker Initiated GC) [PSYoungGen: 147148K->72497K(173056K)] 601122K->539148K(697344K), 0.0149342 secs] [Times: user=0.20 sys=0.01, real=0.01 secs] 
2016-09-25T22:33:42.778-0400: 41.500: [GC (GCLocker Initiated GC) [PSYoungGen: 172849K->59015K(180224K)] 643146K->539197K(704512K), 0.0113494 secs] [Times: user=0.14 sys=0.00, real=0.01 secs] 
2016-09-25T22:33:42.837-0400: 41.560: [GC (GCLocker Initiated GC) [PSYoungGen: 155271K->79177K(175616K)] 635491K->561256K(699904K), 0.0095592 secs] [Times: user=0.14 sys=0.00, real=0.01 secs] 
2016-09-25T22:33:42.900-0400: 41.623: [GC (GCLocker Initiated GC) [PSYoungGen: 175433K->73752K(174592K)] 657576K->573870K(698880K), 0.0109788 secs] [Times: user=0.15 sys=0.01, real=0.01 secs] 
2016-09-25T22:33:42.911-0400: 41.634: [Full GC (Ergonomics) [PSYoungGen: 73752K->0K(174592K)] [ParOldGen: 500117K->188885K(524288K)] 573870K->188885K(698880K), [Metaspace: 43613K->43613K(1085440K)], 0.0623601 secs] [Times: user=0.48 sys=0.01, real=0.06 secs] 
2016-09-25T22:33:43.021-0400: 41.744: [GC (GCLocker Initiated GC) [PSYoungGen: 88064K->81026K(175104K)] 282435K->275397K(699392K), 0.0063497 secs] [Times: user=0.09 sys=0.00, real=0.01 secs] 
2016-09-25T22:33:43.080-0400: 41.803: [GC (GCLocker Initiated GC) [PSYoungGen: 169090K->56278K(175104K)] 376984K->286691K(699392K), 0.0071998 secs] [Times: user=0.09 sys=0.01, real=0.01 secs] 
2016-09-25T22:33:43.137-0400: 41.860: [GC (Allocation Failure) [PSYoungGen: 144342K->73848K(175104K)] 380321K->319741K(699392K), 0.0074926 secs] [Times: user=0.10 sys=0.01, real=0.01 secs] 
2016-09-25T22:33:43.193-0400: 41.915: [GC (GCLocker Initiated GC) [PSYoungGen: 160721K->56366K(175104K)] 409314K->310759K(699392K), 0.0082529 secs] [Times: user=0.12 sys=0.00, real=0.01 secs] 
2016-09-25T22:33:43.267-0400: 41.990: [GC (GCLocker Initiated GC) [PSYoungGen: 144430K->44094K(175104K)] 406128K->308939K(699392K), 0.0122044 secs] [Times: user=0.14 sys=0.01, real=0.01 secs] 
2016-09-25T22:33:43.324-0400: 42.047: [GC (GCLocker Initiated GC) [PSYoungGen: 132158K->60035K(175104K)] 397162K->328217K(699392K), 0.0070246 secs] [Times: user=0.07 sys=0.00, real=0.00 secs] 
2016-09-25T22:33:43.363-0400: 42.085: [GC (GCLocker Initiated GC) [PSYoungGen: 148099K->73852K(175104K)] 417687K->372057K(699392K), 0.0079639 secs] [Times: user=0.11 sys=0.00, real=0.00 secs] 
2016-09-25T22:33:43.421-0400: 42.144: [GC (GCLocker Initiated GC) [PSYoungGen: 161916K->67104K(175104K)] 464288K->375331K(699392K), 0.0082895 secs] [Times: user=0.10 sys=0.00, real=0.01 secs] 
2016-09-25T22:33:43.481-0400: 42.204: [GC (GCLocker Initiated GC) [PSYoungGen: 155168K->45311K(175104K)] 471641K->379747K(699392K), 0.0064206 secs] [Times: user=0.06 sys=0.00, real=0.01 secs] 
2016-09-25T22:33:43.539-0400: 42.262: [GC (GCLocker Initiated GC) [PSYoungGen: 133375K->60255K(175104K)] 469201K->412722K(699392K), 0.0075444 secs] [Times: user=0.06 sys=0.00, real=0.01 secs] 
2016-09-25T22:33:43.598-0400: 42.321: [GC (GCLocker Initiated GC) [PSYoungGen: 148319K->60233K(148480K)] 500833K->426718K(672768K), 0.0066279 secs] [Times: user=0.07 sys=0.00, real=0.01 secs] 
2016-09-25T22:33:43.645-0400: 42.367: [GC (GCLocker Initiated GC) [PSYoungGen: 148297K->43922K(173056K)] 516209K->424317K(697344K), 0.0058869 secs] [Times: user=0.05 sys=0.00, real=0.00 secs] 
2016-09-25T22:33:43.695-0400: 42.418: [GC (GCLocker Initiated GC) [PSYoungGen: 131474K->72499K(173568K)] 515988K->468239K(697856K), 0.0097621 secs] [Times: user=0.08 sys=0.01, real=0.01 secs] 
2016-09-25T22:33:43.755-0400: 42.478: [GC (GCLocker Initiated GC) [PSYoungGen: 160051K->50613K(175104K)] 557241K->457706K(699392K), 0.0067508 secs] [Times: user=0.05 sys=0.01, real=0.00 secs] 
2016-09-25T22:33:43.811-0400: 42.533: [GC (GCLocker Initiated GC) [PSYoungGen: 138677K->43959K(175104K)] 551360K->475933K(699392K), 0.0107138 secs] [Times: user=0.09 sys=0.00, real=0.01 secs] 
2016-09-25T22:33:43.876-0400: 42.598: [GC (GCLocker Initiated GC) [PSYoungGen: 132023K->38583K(175104K)] 574881K->498113K(699392K), 0.0263146 secs] [Times: user=0.27 sys=0.00, real=0.02 secs] 
2016-09-25T22:33:43.940-0400: 42.663: [GC (GCLocker Initiated GC) [PSYoungGen: 126647K->55969K(144384K)] 586221K->522676K(668672K), 0.0150790 secs] [Times: user=0.12 sys=0.00, real=0.02 secs] 
2016-09-25T22:33:44.001-0400: 42.724: [GC (GCLocker Initiated GC) [PSYoungGen: 144033K->53337K(174592K)] 613544K->538062K(698880K), 0.0122159 secs] [Times: user=0.13 sys=0.00, real=0.01 secs] 
2016-09-25T22:33:44.058-0400: 42.781: [GC (GCLocker Initiated GC) [PSYoungGen: 143449K->77822K(172544K)] 629114K->577402K(696832K), 0.0084540 secs] [Times: user=0.11 sys=0.00, real=0.01 secs] 
2016-09-25T22:33:44.067-0400: 42.790: [Full GC (Ergonomics) [PSYoungGen: 77822K->0K(172544K)] [ParOldGen: 499579K->199437K(524288K)] 577402K->199437K(696832K), [Metaspace: 43613K->43613K(1085440K)], 0.0613018 secs] [Times: user=0.51 sys=0.02, real=0.06 secs] 
2016-09-25T22:33:44.171-0400: 42.893: [GC (GCLocker Initiated GC) [PSYoungGen: 90112K->75459K(175104K)] 289563K->274910K(699392K), 0.0064357 secs] [Times: user=0.08 sys=0.00, real=0.01 secs] 
2016-09-25T22:33:44.226-0400: 42.948: [GC (GCLocker Initiated GC) [PSYoungGen: 163523K->65768K(175104K)] 369921K->274189K(699392K), 0.0084249 secs] [Times: user=0.08 sys=0.00, real=0.01 secs] 
2016-09-25T22:33:44.287-0400: 43.010: [GC (GCLocker Initiated GC) [PSYoungGen: 153832K->79237K(175104K)] 370430K->296315K(699392K), 0.0123555 secs] [Times: user=0.17 sys=0.01, real=0.01 secs] 
2016-09-25T22:33:44.358-0400: 43.081: [GC (GCLocker Initiated GC) [PSYoungGen: 167301K->43952K(175104K)] 387105K->270922K(699392K), 0.0152694 secs] [Times: user=0.16 sys=0.00, real=0.01 secs] 
2016-09-25T22:33:44.421-0400: 43.143: [GC (GCLocker Initiated GC) [PSYoungGen: 132016K->73926K(175104K)] 365785K->310795K(699392K), 0.0065278 secs] [Times: user=0.09 sys=0.00, real=0.01 secs] 
2016-09-25T22:33:44.482-0400: 43.205: [GC (GCLocker Initiated GC) [PSYoungGen: 161990K->67047K(175104K)] 404392K->318055K(699392K), 0.0161108 secs] [Times: user=0.21 sys=0.00, real=0.01 secs] 
2016-09-25T22:33:44.554-0400: 43.277: [GC (GCLocker Initiated GC) [PSYoungGen: 155111K->53335K(175104K)] 406147K->325006K(699392K), 0.0106585 secs] [Times: user=0.08 sys=0.00, real=0.01 secs] 
2016-09-25T22:33:44.612-0400: 43.334: [GC (GCLocker Initiated GC) [PSYoungGen: 141399K->64369K(175104K)] 424009K->358128K(699392K), 0.0106947 secs] [Times: user=0.14 sys=0.00, real=0.02 secs] 
2016-09-25T22:33:44.671-0400: 43.394: [GC (GCLocker Initiated GC) [PSYoungGen: 152433K->52104K(175104K)] 454468K->361368K(699392K), 0.0091678 secs] [Times: user=0.09 sys=0.00, real=0.01 secs] 
2016-09-25T22:33:44.735-0400: 43.458: [GC (GCLocker Initiated GC) [PSYoungGen: 140168K->60434K(148992K)] 452227K->391765K(673280K), 0.0258101 secs] [Times: user=0.35 sys=0.00, real=0.02 secs] 
2016-09-25T22:33:44.804-0400: 43.526: [GC (GCLocker Initiated GC) [PSYoungGen: 148498K->71194K(174080K)] 484033K->415392K(698368K), 0.0099695 secs] [Times: user=0.12 sys=0.00, real=0.00 secs] 
2016-09-25T22:33:45.687-0400: 44.410: [GC (GCLocker Initiated GC) [PSYoungGen: 158746K->31717K(174592K)] 519175K->397987K(698880K), 0.0138724 secs] [Times: user=0.10 sys=0.00, real=0.01 secs] 
2016-09-25T22:33:45.753-0400: 44.476: [GC (GCLocker Initiated GC) [PSYoungGen: 119269K->53593K(175104K)] 496387K->431178K(699392K), 0.0082159 secs] [Times: user=0.06 sys=0.00, real=0.01 secs] 
2016-09-25T22:33:45.811-0400: 44.534: [GC (GCLocker Initiated GC) [PSYoungGen: 141657K->49278K(175104K)] 522045K->451648K(699392K), 0.0074115 secs] [Times: user=0.07 sys=0.00, real=0.01 secs] 
2016-09-25T22:33:45.867-0400: 44.590: [GC (GCLocker Initiated GC) [PSYoungGen: 137342K->48016K(172032K)] 542575K->479253K(696320K), 0.0097203 secs] [Times: user=0.10 sys=0.00, real=0.01 secs] 
2016-09-25T22:33:45.915-0400: 44.638: [GC (GCLocker Initiated GC) [PSYoungGen: 136080K->67010K(173568K)] 572791K->505469K(697856K), 0.0157038 secs] [Times: user=0.16 sys=0.00, real=0.01 secs] 
2016-09-25T22:33:45.978-0400: 44.701: [GC (GCLocker Initiated GC) [PSYoungGen: 155074K->46748K(175616K)] 609963K->527787K(699904K), 0.0069452 secs] [Times: user=0.06 sys=0.00, real=0.01 secs] 
2016-09-25T22:33:46.031-0400: 44.754: [GC (GCLocker Initiated GC) [PSYoungGen: 136860K->50648K(140800K)] 617998K->536268K(665088K), 0.0186432 secs] [Times: user=0.18 sys=0.00, real=0.02 secs] 
2016-09-25T22:33:46.119-0400: 44.841: [GC (GCLocker Initiated GC) [PSYoungGen: 140760K->36005K(174080K)] 627764K->555863K(698368K), 0.0232274 secs] [Times: user=0.25 sys=0.01, real=0.02 secs] 
2016-09-25T22:33:46.143-0400: 44.866: [Full GC (Ergonomics) [PSYoungGen: 36005K->0K(174080K)] [ParOldGen: 519858K->198716K(524288K)] 555863K->198716K(698368K), [Metaspace: 43631K->43631K(1085440K)], 0.0715665 secs] [Times: user=0.31 sys=0.02, real=0.07 secs] 
2016-09-25T22:33:46.260-0400: 44.983: [GC (GCLocker Initiated GC) [PSYoungGen: 90624K->80993K(174592K)] 289450K->279820K(698880K), 0.0108957 secs] [Times: user=0.11 sys=0.00, real=0.01 secs] 
2016-09-25T22:33:46.347-0400: 45.070: [GC (GCLocker Initiated GC) [PSYoungGen: 171617K->67329K(175104K)] 370689K->295710K(699392K), 0.0134410 secs] [Times: user=0.15 sys=0.00, real=0.01 secs] 
2016-09-25T22:33:46.407-0400: 45.130: [GC (GCLocker Initiated GC) [PSYoungGen: 155393K->55062K(175104K)] 383904K->305892K(699392K), 0.0136564 secs] [Times: user=0.15 sys=0.00, real=0.01 secs] 
2016-09-25T22:33:46.460-0400: 45.182: [GC (GCLocker Initiated GC) [PSYoungGen: 143126K->78187K(175104K)] 399513K->348696K(699392K), 0.0122029 secs] [Times: user=0.17 sys=0.00, real=0.01 secs] 
2016-09-25T22:33:46.542-0400: 45.265: [GC (GCLocker Initiated GC) [PSYoungGen: 166251K->62994K(175104K)] 439672K->366872K(699392K), 0.0299785 secs] [Times: user=0.35 sys=0.01, real=0.02 secs] 
2016-09-25T22:33:46.618-0400: 45.341: [GC (GCLocker Initiated GC) [PSYoungGen: 151058K->73822K(175104K)] 460564K->394563K(699392K), 0.0082695 secs] [Times: user=0.08 sys=0.00, real=0.01 secs] 
2016-09-25T22:33:46.672-0400: 45.395: [GC (GCLocker Initiated GC) [PSYoungGen: 161886K->60612K(175104K)] 493668K->395633K(699392K), 0.0105943 secs] [Times: user=0.13 sys=0.00, real=0.02 secs] 
2016-09-25T22:33:46.761-0400: 45.483: [GC (GCLocker Initiated GC) [PSYoungGen: 148676K->78109K(175104K)] 489206K->422063K(699392K), 0.0107288 secs] [Times: user=0.14 sys=0.00, real=0.01 secs] 
2016-09-25T22:33:46.833-0400: 45.555: [GC (GCLocker Initiated GC) [PSYoungGen: 166173K->61826K(175104K)] 510258K->424100K(699392K), 0.0066890 secs] [Times: user=0.09 sys=0.00, real=0.01 secs] 
2016-09-25T22:33:46.880-0400: 45.603: [GC (GCLocker Initiated GC) [PSYoungGen: 149890K->70126K(175104K)] 515310K->437501K(699392K), 0.0064602 secs] [Times: user=0.08 sys=0.00, real=0.01 secs] 
2016-09-25T22:33:46.953-0400: 45.676: [GC (GCLocker Initiated GC) [PSYoungGen: 158190K->65813K(175104K)] 529647K->442008K(699392K), 0.0235128 secs] [Times: user=0.29 sys=0.00, real=0.03 secs] 
2016-09-25T22:33:47.041-0400: 45.764: [GC (GCLocker Initiated GC) [PSYoungGen: 153877K->36045K(175104K)] 530941K->414983K(699392K), 0.0329797 secs] [Times: user=0.39 sys=0.00, real=0.04 secs] 
2016-09-25T22:33:47.117-0400: 45.840: [GC (GCLocker Initiated GC) [PSYoungGen: 124109K->61730K(175104K)] 507277K->446921K(699392K), 0.0180953 secs] [Times: user=0.19 sys=0.00, real=0.02 secs] 
2016-09-25T22:33:47.206-0400: 45.929: [GC (GCLocker Initiated GC) [PSYoungGen: 149794K->59221K(173056K)] 540473K->472192K(697344K), 0.0340078 secs] [Times: user=0.42 sys=0.00, real=0.03 secs] 
2016-09-25T22:33:47.292-0400: 46.014: [GC (GCLocker Initiated GC) [PSYoungGen: 147285K->46979K(174080K)] 565786K->480981K(698368K), 0.0100828 secs] [Times: user=0.08 sys=0.00, real=0.01 secs] 
2016-09-25T22:33:47.363-0400: 46.086: [GC (GCLocker Initiated GC) [PSYoungGen: 135043K->44410K(176128K)] 578572K->510191K(700416K), 0.0135829 secs] [Times: user=0.11 sys=0.00, real=0.01 secs] 
2016-09-25T22:33:47.444-0400: 46.167: [GC (GCLocker Initiated GC) [PSYoungGen: 134522K->64469K(154624K)] 600375K->531107K(678912K), 0.0212552 secs] [Times: user=0.22 sys=0.00, real=0.02 secs] 
2016-09-25T22:33:47.518-0400: 46.240: [GC (GCLocker Initiated GC) [PSYoungGen: 154581K->40231K(175104K)] 629351K->550849K(699392K), 0.0284280 secs] [Times: user=0.31 sys=0.04, real=0.03 secs] 
2016-09-25T22:33:47.546-0400: 46.269: [Full GC (Ergonomics) [PSYoungGen: 40231K->0K(175104K)] [ParOldGen: 510617K->216623K(524288K)] 550849K->216623K(699392K), [Metaspace: 43632K->43632K(1085440K)], 0.0554613 secs] [Times: user=0.25 sys=0.01, real=0.05 secs] 
2016-09-25T22:33:47.687-0400: 46.410: [GC (GCLocker Initiated GC) [PSYoungGen: 89600K->65399K(175616K)] 322492K->298291K(699904K), 0.0094818 secs] [Times: user=0.07 sys=0.01, real=0.01 secs] 
2016-09-25T22:33:47.782-0400: 46.505: [GC (GCLocker Initiated GC) [PSYoungGen: 154999K->41705K(176128K)] 397083K->312181K(700416K), 0.0091486 secs] [Times: user=0.10 sys=0.01, real=0.01 secs] 
2016-09-25T22:33:47.847-0400: 46.570: [GC (GCLocker Initiated GC) [PSYoungGen: 131817K->52409K(142848K)] 411858K->335803K(667136K), 0.0101575 secs] [Times: user=0.13 sys=0.01, real=0.01 secs] 
2016-09-25T22:33:47.900-0400: 46.622: [GC (GCLocker Initiated GC) [PSYoungGen: 142521K->56560K(176640K)] 428682K->359557K(700928K), 0.0085153 secs] [Times: user=0.09 sys=0.01, real=0.01 secs] 
2016-09-25T22:33:47.964-0400: 46.687: [GC (GCLocker Initiated GC) [PSYoungGen: 149232K->49846K(174080K)] 457103K->389506K(698368K), 0.0067013 secs] [Times: user=0.07 sys=0.01, real=0.00 secs] 
2016-09-25T22:33:48.020-0400: 46.742: [GC (GCLocker Initiated GC) [PSYoungGen: 142518K->60542K(177152K)] 482189K->422643K(701440K), 0.0071987 secs] [Times: user=0.09 sys=0.00, real=0.01 secs] 
2016-09-25T22:33:48.084-0400: 46.807: [GC (GCLocker Initiated GC) [PSYoungGen: 157822K->61800K(176640K)] 525402K->434080K(700928K), 0.0059705 secs] [Times: user=0.04 sys=0.01, real=0.00 secs] 
2016-09-25T22:33:48.145-0400: 46.868: [GC (GCLocker Initiated GC) [PSYoungGen: 159080K->78340K(171520K)] 531411K->477083K(695808K), 0.0093925 secs] [Times: user=0.14 sys=0.00, real=0.01 secs] 
2016-09-25T22:33:48.217-0400: 46.939: [GC (GCLocker Initiated GC) [PSYoungGen: 170500K->53844K(177152K)] 578901K->483328K(701440K), 0.0067159 secs] [Times: user=0.07 sys=0.00, real=0.01 secs] 
2016-09-25T22:33:48.289-0400: 47.011: [GC (GCLocker Initiated GC) [PSYoungGen: 146004K->49802K(173568K)] 583771K->488282K(697856K), 0.0074872 secs] [Times: user=0.05 sys=0.00, real=0.01 secs] 
2016-09-25T22:33:48.347-0400: 47.070: [GC (GCLocker Initiated GC) [PSYoungGen: 143498K->52311K(176128K)] 584933K->498618K(700416K), 0.0125079 secs] [Times: user=0.13 sys=0.00, real=0.01 secs] 
2016-09-25T22:33:48.404-0400: 47.127: [GC (GCLocker Initiated GC) [PSYoungGen: 146007K->61952K(178176K)] 595170K->514506K(702464K), 0.0135834 secs] [Times: user=0.15 sys=0.01, real=0.01 secs] 
2016-09-25T22:33:48.471-0400: 47.194: [GC (GCLocker Initiated GC) [PSYoungGen: 161280K->56458K(179200K)] 613894K->523426K(703488K), 0.0063291 secs] [Times: user=0.06 sys=0.00, real=0.01 secs] 
2016-09-25T22:33:48.526-0400: 47.249: [GC (GCLocker Initiated GC) [PSYoungGen: 155786K->72986K(176128K)] 625561K->543421K(700416K), 0.0073877 secs] [Times: user=0.08 sys=0.00, real=0.00 secs] 
2016-09-25T22:33:48.597-0400: 47.319: [GC (GCLocker Initiated GC) [PSYoungGen: 171290K->44249K(180224K)] 649855K->530476K(704512K), 0.0060140 secs] [Times: user=0.05 sys=0.00, real=0.01 secs] 
2016-09-25T22:33:48.651-0400: 47.374: [GC (GCLocker Initiated GC) [PSYoungGen: 142553K->41508K(179200K)] 629045K->542185K(703488K), 0.0128098 secs] [Times: user=0.15 sys=0.00, real=0.02 secs] 
2016-09-25T22:33:48.664-0400: 47.387: [Full GC (Ergonomics) [PSYoungGen: 41508K->0K(179200K)] [ParOldGen: 500676K->217453K(524288K)] 542185K->217453K(703488K), [Metaspace: 43638K->43638K(1085440K)], 0.0512427 secs] [Times: user=0.40 sys=0.04, real=0.05 secs] 
2016-09-25T22:33:48.819-0400: 47.541: [GC (GCLocker Initiated GC) [PSYoungGen: 97280K->57082K(154624K)] 328251K->288054K(678912K), 0.0480280 secs] [Times: user=0.18 sys=0.05, real=0.05 secs] 
2016-09-25T22:33:48.957-0400: 47.679: [GC (GCLocker Initiated GC) [PSYoungGen: 154362K->72540K(173568K)] 388279K->315893K(697856K), 0.0070139 secs] [Times: user=0.09 sys=0.00, real=0.01 secs] 
2016-09-25T22:33:49.026-0400: 47.748: [GC (GCLocker Initiated GC) [PSYoungGen: 166236K->46851K(177664K)] 409661K->298954K(701952K), 0.0073355 secs] [Times: user=0.08 sys=0.01, real=0.00 secs] 
2016-09-25T22:33:49.134-0400: 47.857: [GC (GCLocker Initiated GC) [PSYoungGen: 140547K->30555K(175104K)] 402364K->297021K(699392K), 0.0066620 secs] [Times: user=0.07 sys=0.01, real=0.00 secs] 
2016-09-25T22:33:49.194-0400: 47.917: [GC (GCLocker Initiated GC) [PSYoungGen: 122715K->53722K(145920K)] 397353K->341221K(670208K), 0.0090014 secs] [Times: user=0.10 sys=0.01, real=0.01 secs] 
2016-09-25T22:33:49.259-0400: 47.981: [GC (GCLocker Initiated GC) [PSYoungGen: 145882K->42673K(177152K)] 437492K->361843K(701440K), 0.0142504 secs] [Times: user=0.12 sys=0.01, real=0.01 secs] 
2016-09-25T22:33:49.343-0400: 48.066: [GC (GCLocker Initiated GC) [PSYoungGen: 137905K->49421K(176128K)] 466581K->381308K(700416K), 0.0073313 secs] [Times: user=0.07 sys=0.01, real=0.00 secs] 
2016-09-25T22:33:49.463-0400: 48.186: [GC (GCLocker Initiated GC) [PSYoungGen: 144653K->49589K(179200K)] 487389K->405064K(703488K), 0.0065303 secs] [Times: user=0.05 sys=0.00, real=0.00 secs] 
2016-09-25T22:33:49.572-0400: 48.295: [GC (GCLocker Initiated GC) [PSYoungGen: 150965K->54934K(178176K)] 513416K->420622K(702464K), 0.0758777 secs] [Times: user=0.30 sys=0.08, real=0.08 secs] 
2016-09-25T22:33:49.718-0400: 48.441: [GC (GCLocker Initiated GC) [PSYoungGen: 156310K->45639K(183808K)] 532893K->424113K(708096K), 0.0809266 secs] [Times: user=0.43 sys=0.08, real=0.08 secs] 
2016-09-25T22:33:49.912-0400: 48.635: [GC (GCLocker Initiated GC) [PSYoungGen: 154183K->21302K(182784K)] 573198K->459873K(707072K), 0.0085402 secs] [Times: user=0.09 sys=0.01, real=0.01 secs] 
2016-09-25T22:33:50.070-0400: 48.793: [GC (GCLocker Initiated GC) [PSYoungGen: 129846K->62119K(180736K)] 590111K->523156K(705024K), 0.0060530 secs] [Times: user=0.07 sys=0.01, real=0.01 secs] 
2016-09-25T22:33:50.173-0400: 48.896: [GC (GCLocker Initiated GC) [PSYoungGen: 165543K->25388K(129024K)] 648303K->525032K(653312K), 0.0056073 secs] [Times: user=0.09 sys=0.00, real=0.01 secs] 
2016-09-25T22:33:50.179-0400: 48.902: [Full GC (Ergonomics) [PSYoungGen: 25388K->0K(129024K)] [ParOldGen: 499644K->231103K(524288K)] 525032K->231103K(653312K), [Metaspace: 43638K->43638K(1085440K)], 0.0499318 secs] [Times: user=0.56 sys=0.01, real=0.05 secs] 
2016-09-25T22:33:50.311-0400: 49.033: [GC (GCLocker Initiated GC) [PSYoungGen: 103424K->78468K(168448K)] 340032K->315076K(692736K), 0.0135364 secs] [Times: user=0.20 sys=0.00, real=0.02 secs] 
2016-09-25T22:33:50.448-0400: 49.170: [GC (GCLocker Initiated GC) [PSYoungGen: 166532K->32064K(175104K)] 427544K->312941K(699392K), 0.0068442 secs] [Times: user=0.07 sys=0.04, real=0.01 secs] 
2016-09-25T22:33:50.549-0400: 49.272: [GC (GCLocker Initiated GC) [PSYoungGen: 120128K->64401K(175104K)] 406539K->351362K(699392K), 0.0106807 secs] [Times: user=0.14 sys=0.03, real=0.01 secs] 
2016-09-25T22:33:50.626-0400: 49.349: [GC (GCLocker Initiated GC) [PSYoungGen: 152465K->42660K(175104K)] 449059K->341122K(699392K), 0.0134079 secs] [Times: user=0.16 sys=0.06, real=0.01 secs] 
2016-09-25T22:33:50.702-0400: 49.424: [GC (GCLocker Initiated GC) [PSYoungGen: 130724K->30307K(175104K)] 431904K->342777K(699392K), 0.0067342 secs] [Times: user=0.06 sys=0.03, real=0.01 secs] 
2016-09-25T22:33:50.763-0400: 49.486: [GC (GCLocker Initiated GC) [PSYoungGen: 118371K->53529K(141824K)] 430959K->367838K(666112K), 0.0083822 secs] [Times: user=0.08 sys=0.03, real=0.00 secs] 
2016-09-25T22:33:50.833-0400: 49.555: [GC (GCLocker Initiated GC) [PSYoungGen: 141593K->50833K(175616K)] 458720K->382075K(699904K), 0.0162535 secs] [Times: user=0.21 sys=0.07, real=0.02 secs] 
2016-09-25T22:33:50.910-0400: 49.633: [GC (GCLocker Initiated GC) [PSYoungGen: 141457K->49484K(173056K)] 479514K->390804K(697344K), 0.0084540 secs] [Times: user=0.09 sys=0.03, real=0.01 secs] 
2016-09-25T22:33:50.973-0400: 49.695: [GC (GCLocker Initiated GC) [PSYoungGen: 140108K->49423K(176640K)] 484959K->398903K(700928K), 0.0202175 secs] [Times: user=0.30 sys=0.03, real=0.02 secs] 
2016-09-25T22:33:51.051-0400: 49.774: [GC (GCLocker Initiated GC) [PSYoungGen: 146703K->54759K(174080K)] 508645K->419976K(698368K), 0.0232055 secs] [Times: user=0.31 sys=0.01, real=0.03 secs] 
2016-09-25T22:33:51.128-0400: 49.850: [GC (GCLocker Initiated GC) [PSYoungGen: 152039K->58973K(181248K)] 517488K->433009K(705536K), 0.0075329 secs] [Times: user=0.07 sys=0.00, real=0.01 secs] 
2016-09-25T22:33:51.194-0400: 49.917: [GC (GCLocker Initiated GC) [PSYoungGen: 163933K->65821K(171008K)] 538100K->444577K(695296K), 0.0075267 secs] [Times: user=0.06 sys=0.00, real=0.01 secs] 
2016-09-25T22:33:51.255-0400: 49.978: [GC (GCLocker Initiated GC) [PSYoungGen: 170781K->61683K(180736K)] 557687K->450480K(705024K), 0.0067749 secs] [Times: user=0.06 sys=0.01, real=0.01 secs] 
2016-09-25T22:33:51.312-0400: 50.035: [GC (GCLocker Initiated GC) [PSYoungGen: 162035K->69971K(170496K)] 553738K->469045K(694784K), 0.0076949 secs] [Times: user=0.06 sys=0.00, real=0.01 secs] 
2016-09-25T22:33:51.362-0400: 50.085: [GC (GCLocker Initiated GC) [PSYoungGen: 170323K->82172K(172544K)] 572227K->496800K(696832K), 0.0095023 secs] [Times: user=0.14 sys=0.00, real=0.00 secs] 
2016-09-25T22:33:51.418-0400: 50.141: [GC (GCLocker Initiated GC) [PSYoungGen: 170236K->71354K(175104K)] 599789K->512366K(699392K), 0.0073760 secs] [Times: user=0.10 sys=0.00, real=0.01 secs] 
2016-09-25T22:33:51.476-0400: 50.199: [GC (GCLocker Initiated GC) [PSYoungGen: 159418K->57799K(175104K)] 603219K->519804K(699392K), 0.0094386 secs] [Times: user=0.12 sys=0.00, real=0.01 secs] 
2016-09-25T22:33:51.529-0400: 50.252: [GC (GCLocker Initiated GC) [PSYoungGen: 145863K->70098K(175104K)] 608104K->534210K(699392K), 0.0065429 secs] [Times: user=0.06 sys=0.00, real=0.01 secs] 
2016-09-25T22:33:51.598-0400: 50.321: [GC (GCLocker Initiated GC) [PSYoungGen: 158162K->53752K(175104K)] 630406K->549678K(699392K), 0.0068242 secs] [Times: user=0.08 sys=0.00, real=0.01 secs] 
2016-09-25T22:33:51.667-0400: 50.389: [Full GC (Ergonomics) [PSYoungGen: 141816K->0K(175104K)] [ParOldGen: 501537K->248942K(524288K)] 643354K->248942K(699392K), [Metaspace: 43646K->43646K(1085440K)], 0.0594642 secs] [Times: user=0.42 sys=0.01, real=0.06 secs] 
2016-09-25T22:33:51.785-0400: 50.507: [GC (GCLocker Initiated GC) [PSYoungGen: 88064K->59712K(147968K)] 341227K->312875K(672256K), 0.0060836 secs] [Times: user=0.06 sys=0.01, real=0.00 secs] 
2016-09-25T22:33:51.847-0400: 50.570: [GC (GCLocker Initiated GC) [PSYoungGen: 147776K->65772K(175104K)] 405026K->337799K(699392K), 0.0079074 secs] [Times: user=0.08 sys=0.00, real=0.01 secs] 
2016-09-25T22:33:51.910-0400: 50.633: [GC (GCLocker Initiated GC) [PSYoungGen: 154348K->57787K(146432K)] 435916K->353363K(670720K), 0.0079369 secs] [Times: user=0.08 sys=0.01, real=0.01 secs] 
2016-09-25T22:33:51.967-0400: 50.690: [GC (GCLocker Initiated GC) [PSYoungGen: 146363K->42906K(173056K)] 450048K->385030K(697344K), 0.0094712 secs] [Times: user=0.12 sys=0.01, real=0.01 secs] 
2016-09-25T22:33:52.035-0400: 50.758: [GC (GCLocker Initiated GC) [PSYoungGen: 131994K->72588K(173568K)] 474398K->416966K(697856K), 0.0253455 secs] [Times: user=0.32 sys=0.00, real=0.02 secs] 
2016-09-25T22:33:52.122-0400: 50.845: [GC (GCLocker Initiated GC) [PSYoungGen: 161676K->49459K(176128K)] 506260K->414835K(700416K), 0.0099266 secs] [Times: user=0.12 sys=0.00, real=0.00 secs] 
2016-09-25T22:33:52.183-0400: 50.906: [GC (GCLocker Initiated GC) [PSYoungGen: 138547K->66135K(175104K)] 509461K->451024K(699392K), 0.0070242 secs] [Times: user=0.08 sys=0.00, real=0.00 secs] 
2016-09-25T22:33:52.242-0400: 50.964: [GC (GCLocker Initiated GC) [PSYoungGen: 155223K->53661K(174080K)] 543038K->470641K(698368K), 0.0118596 secs] [Times: user=0.12 sys=0.00, real=0.01 secs] 
2016-09-25T22:33:52.316-0400: 51.039: [GC (GCLocker Initiated GC) [PSYoungGen: 143773K->72642K(174592K)] 566348K->505278K(698880K), 0.0191128 secs] [Times: user=0.21 sys=0.00, real=0.02 secs] 
2016-09-25T22:33:52.394-0400: 51.117: [GC (GCLocker Initiated GC) [PSYoungGen: 162754K->61810K(175616K)] 603512K->514004K(699904K), 0.0095453 secs] [Times: user=0.11 sys=0.01, real=0.02 secs] 
2016-09-25T22:33:52.461-0400: 51.183: [GC (GCLocker Initiated GC) [PSYoungGen: 151922K->52393K(175104K)] 612227K->529533K(699392K), 0.0074340 secs] [Times: user=0.09 sys=0.00, real=0.01 secs] 
2016-09-25T22:33:52.530-0400: 51.253: [GC (GCLocker Initiated GC) [PSYoungGen: 142505K->68709K(174592K)] 621009K->547850K(698880K), 0.0065391 secs] [Times: user=0.07 sys=0.00, real=0.01 secs] 
2016-09-25T22:33:52.596-0400: 51.319: [GC (GCLocker Initiated GC) [PSYoungGen: 159333K->63108K(175616K)] 642592K->548435K(699904K), 0.0070657 secs] [Times: user=0.08 sys=0.01, real=0.01 secs] 
2016-09-25T22:33:52.653-0400: 51.376: [GC (GCLocker Initiated GC) [PSYoungGen: 153732K->75274K(172544K)] 639143K->576119K(696832K), 0.0104263 secs] [Times: user=0.14 sys=0.00, real=0.02 secs] 
2016-09-25T22:33:52.664-0400: 51.386: [Full GC (Ergonomics) [PSYoungGen: 75274K->0K(172544K)] [ParOldGen: 500844K->250791K(524288K)] 576119K->250791K(696832K), [Metaspace: 43646K->43646K(1085440K)], 0.0579891 secs] [Times: user=0.46 sys=0.01, real=0.05 secs] 
2016-09-25T22:33:52.771-0400: 51.494: [GC (GCLocker Initiated GC) [PSYoungGen: 89088K->76369K(165888K)] 350732K->338013K(690176K), 0.0096193 secs] [Times: user=0.12 sys=0.00, real=0.01 secs] 
2016-09-25T22:33:52.856-0400: 51.579: [GC (GCLocker Initiated GC) [PSYoungGen: 165457K->38888K(175104K)] 432840K->338980K(699392K), 0.0127612 secs] [Times: user=0.17 sys=0.00, real=0.01 secs] 
2016-09-25T22:33:52.928-0400: 51.651: [GC (GCLocker Initiated GC) [PSYoungGen: 126952K->57853K(175104K)] 433820K->385562K(699392K), 0.0093049 secs] [Times: user=0.08 sys=0.00, real=0.01 secs] 
2016-09-25T22:33:52.985-0400: 51.708: [GC (GCLocker Initiated GC) [PSYoungGen: 145917K->74053K(175104K)] 476411K->407936K(699392K), 0.0059892 secs] [Times: user=0.07 sys=0.00, real=0.00 secs] 
2016-09-25T22:33:53.045-0400: 51.768: [GC (GCLocker Initiated GC) [PSYoungGen: 162117K->60444K(175104K)] 501484K->423442K(699392K), 0.0095501 secs] [Times: user=0.09 sys=0.01, real=0.01 secs] 
2016-09-25T22:33:53.105-0400: 51.828: [GC (GCLocker Initiated GC) [PSYoungGen: 148508K->67325K(175104K)] 515547K->451184K(699392K), 0.0072738 secs] [Times: user=0.06 sys=0.00, real=0.00 secs] 
2016-09-25T22:33:53.164-0400: 51.887: [GC (GCLocker Initiated GC) [PSYoungGen: 155389K->75323K(175104K)] 547476K->469471K(699392K), 0.0086737 secs] [Times: user=0.13 sys=0.00, real=0.00 secs] 
2016-09-25T22:33:53.227-0400: 51.950: [GC (GCLocker Initiated GC) [PSYoungGen: 163387K->49616K(175104K)] 562983K->449709K(699392K), 0.0099044 secs] [Times: user=0.06 sys=0.01, real=0.01 secs] 
2016-09-25T22:33:53.294-0400: 52.017: [GC (GCLocker Initiated GC) [PSYoungGen: 137680K->67240K(175104K)] 543594K->498174K(699392K), 0.0092745 secs] [Times: user=0.12 sys=0.01, real=0.02 secs] 
2016-09-25T22:33:53.362-0400: 52.085: [GC (GCLocker Initiated GC) [PSYoungGen: 155304K->60397K(174080K)] 593058K->513531K(698368K), 0.0098146 secs] [Times: user=0.10 sys=0.00, real=0.01 secs] 
2016-09-25T22:33:53.434-0400: 52.156: [GC (GCLocker Initiated GC) [PSYoungGen: 148461K->55094K(174592K)] 613804K->553474K(698880K), 0.0082997 secs] [Times: user=0.10 sys=0.00, real=0.01 secs] 
2016-09-25T22:33:53.442-0400: 52.165: [Full GC (Ergonomics) [PSYoungGen: 55094K->0K(174592K)] [ParOldGen: 498380K->259400K(524288K)] 553474K->259400K(698880K), [Metaspace: 43646K->43646K(1085440K)], 0.0638530 secs] [Times: user=0.40 sys=0.01, real=0.07 secs] 
2016-09-25T22:33:53.558-0400: 52.281: [GC (GCLocker Initiated GC) [PSYoungGen: 88064K->48696K(175104K)] 357462K->318094K(699392K), 0.0052204 secs] [Times: user=0.05 sys=0.00, real=0.01 secs] 
2016-09-25T22:33:53.621-0400: 52.343: [GC (GCLocker Initiated GC) [PSYoungGen: 138296K->66086K(175104K)] 414164K->342927K(699392K), 0.0071478 secs] [Times: user=0.10 sys=0.00, real=0.01 secs] 
2016-09-25T22:33:53.677-0400: 52.400: [GC (GCLocker Initiated GC) [PSYoungGen: 155686K->64392K(175104K)] 432613K->359627K(699392K), 0.0069353 secs] [Times: user=0.10 sys=0.00, real=0.01 secs] 
2016-09-25T22:33:53.731-0400: 52.454: [GC (GCLocker Initiated GC) [PSYoungGen: 156040K->80840K(172544K)] 451395K->396963K(696832K), 0.0090324 secs] [Times: user=0.14 sys=0.00, real=0.01 secs] 
2016-09-25T22:33:53.798-0400: 52.521: [GC (GCLocker Initiated GC) [PSYoungGen: 172488K->72645K(175104K)] 491552K->409880K(699392K), 0.0116097 secs] [Times: user=0.10 sys=0.00, real=0.01 secs] 
2016-09-25T22:33:53.858-0400: 52.581: [GC (GCLocker Initiated GC) [PSYoungGen: 160709K->68742K(175104K)] 501761K->411768K(699392K), 0.0093900 secs] [Times: user=0.13 sys=0.00, real=0.01 secs] 
2016-09-25T22:33:53.915-0400: 52.638: [GC (GCLocker Initiated GC) [PSYoungGen: 156806K->60491K(175104K)] 502670K->413743K(699392K), 0.0071782 secs] [Times: user=0.06 sys=0.00, real=0.01 secs] 
2016-09-25T22:33:53.977-0400: 52.700: [GC (GCLocker Initiated GC) [PSYoungGen: 148555K->72728K(175104K)] 510154K->448366K(699392K), 0.0101512 secs] [Times: user=0.10 sys=0.00, real=0.01 secs] 
2016-09-25T22:33:54.042-0400: 52.764: [GC (GCLocker Initiated GC) [PSYoungGen: 160792K->42786K(175104K)] 545996K->434055K(699392K), 0.0057289 secs] [Times: user=0.04 sys=0.00, real=0.01 secs] 
2016-09-25T22:33:54.111-0400: 52.834: [GC (GCLocker Initiated GC) [PSYoungGen: 130850K->36342K(175104K)] 539753K->455268K(699392K), 0.0072178 secs] [Times: user=0.08 sys=0.00, real=0.01 secs] 
2016-09-25T22:33:54.170-0400: 52.893: [GC (GCLocker Initiated GC) [PSYoungGen: 124406K->66041K(175104K)] 548832K->492543K(699392K), 0.0086316 secs] [Times: user=0.11 sys=0.01, real=0.01 secs] 
2016-09-25T22:33:54.234-0400: 52.956: [GC (GCLocker Initiated GC) [PSYoungGen: 154105K->56498K(175104K)] 594211K->514867K(699392K), 0.0060449 secs] [Times: user=0.08 sys=0.00, real=0.01 secs] 
2016-09-25T22:33:54.294-0400: 53.016: [GC (GCLocker Initiated GC) [PSYoungGen: 144562K->71053K(175104K)] 603266K->535801K(699392K), 0.0062830 secs] [Times: user=0.07 sys=0.00, real=0.01 secs] 
2016-09-25T22:33:54.352-0400: 53.074: [GC (GCLocker Initiated GC) [PSYoungGen: 159117K->64552K(175104K)] 631099K->547851K(699392K), 0.0088191 secs] [Times: user=0.12 sys=0.00, real=0.01 secs] 
2016-09-25T22:33:54.411-0400: 53.134: [GC (GCLocker Initiated GC) [PSYoungGen: 152616K->76700K(175104K)] 644103K->570174K(699392K), 0.0085878 secs] [Times: user=0.11 sys=0.00, real=0.01 secs] 
2016-09-25T22:33:54.465-0400: 53.187: [Full GC (Ergonomics) [PSYoungGen: 164764K->0K(175104K)] [ParOldGen: 498949K->270057K(524288K)] 663714K->270057K(699392K), [Metaspace: 43646K->43646K(1085440K)], 0.0685464 secs] [Times: user=0.56 sys=0.00, real=0.06 secs] 
2016-09-25T22:33:54.594-0400: 53.317: [GC (GCLocker Initiated GC) [PSYoungGen: 88064K->67762K(175104K)] 366443K->346142K(699392K), 0.0061249 secs] [Times: user=0.07 sys=0.00, real=0.00 secs] 
2016-09-25T22:33:54.652-0400: 53.375: [GC (GCLocker Initiated GC) [PSYoungGen: 155826K->65897K(175104K)] 439699K->353553K(699392K), 0.0057114 secs] [Times: user=0.06 sys=0.00, real=0.01 secs] 
2016-09-25T22:33:54.701-0400: 53.424: [GC (GCLocker Initiated GC) [PSYoungGen: 153961K->52470K(175104K)] 451129K->366479K(699392K), 0.0071984 secs] [Times: user=0.08 sys=0.00, real=0.01 secs] 
2016-09-25T22:33:54.758-0400: 53.481: [GC (GCLocker Initiated GC) [PSYoungGen: 140534K->75351K(175104K)] 459983K->398174K(699392K), 0.0063488 secs] [Times: user=0.09 sys=0.00, real=0.01 secs] 
2016-09-25T22:33:54.811-0400: 53.534: [GC (GCLocker Initiated GC) [PSYoungGen: 163415K->70029K(175104K)] 489275K->411328K(699392K), 0.0107752 secs] [Times: user=0.14 sys=0.01, real=0.02 secs] 
2016-09-25T22:33:54.896-0400: 53.619: [GC (GCLocker Initiated GC) [PSYoungGen: 158093K->61784K(175104K)] 502188K->425397K(699392K), 0.0110567 secs] [Times: user=0.13 sys=0.00, real=0.01 secs] 
2016-09-25T22:33:54.961-0400: 53.684: [GC (GCLocker Initiated GC) [PSYoungGen: 149848K->65889K(154112K)] 513508K->444929K(678400K), 0.0071215 secs] [Times: user=0.07 sys=0.01, real=0.01 secs] 
2016-09-25T22:33:55.009-0400: 53.732: [GC (GCLocker Initiated GC) [PSYoungGen: 153953K->67253K(174592K)] 534556K->452555K(698880K), 0.0186780 secs] [Times: user=0.20 sys=0.00, real=0.02 secs] 
2016-09-25T22:33:55.103-0400: 53.825: [GC (GCLocker Initiated GC) [PSYoungGen: 156341K->57611K(173568K)] 547061K->457119K(697856K), 0.0112449 secs] [Times: user=0.10 sys=0.01, real=0.00 secs] 
2016-09-25T22:33:55.186-0400: 53.909: [GC (GCLocker Initiated GC) [PSYoungGen: 146699K->60504K(176128K)] 557118K->472856K(700416K), 0.0055232 secs] [Times: user=0.06 sys=0.00, real=0.00 secs] 
2016-09-25T22:33:55.238-0400: 53.960: [GC (GCLocker Initiated GC) [PSYoungGen: 154200K->49589K(176128K)] 569283K->486864K(700416K), 0.0121225 secs] [Times: user=0.15 sys=0.01, real=0.01 secs] 
2016-09-25T22:33:55.320-0400: 54.042: [GC (GCLocker Initiated GC) [PSYoungGen: 143285K->61773K(176128K)] 580723K->502391K(700416K), 0.0357485 secs] [Times: user=0.42 sys=0.00, real=0.04 secs] 
2016-09-25T22:33:55.402-0400: 54.125: [GC (GCLocker Initiated GC) [PSYoungGen: 158541K->60686K(177664K)] 601991K->515551K(701952K), 0.0136770 secs] [Times: user=0.14 sys=0.00, real=0.01 secs] 
2016-09-25T22:33:55.478-0400: 54.201: [GC (GCLocker Initiated GC) [PSYoungGen: 157454K->69875K(179712K)] 617871K->541878K(704000K), 0.0210022 secs] [Times: user=0.26 sys=0.00, real=0.02 secs] 
2016-09-25T22:33:55.572-0400: 54.295: [GC (GCLocker Initiated GC) [PSYoungGen: 170227K->63393K(181248K)] 645011K->556305K(705536K), 0.0079760 secs] [Times: user=0.10 sys=0.00, real=0.01 secs] 
2016-09-25T22:33:55.634-0400: 54.357: [Full GC (Ergonomics) [PSYoungGen: 163745K->0K(181248K)] [ParOldGen: 501096K->272153K(524288K)] 664842K->272153K(705536K), [Metaspace: 43646K->43646K(1085440K)], 0.0829686 secs] [Times: user=0.60 sys=0.00, real=0.08 secs] 
2016-09-25T22:33:55.786-0400: 54.509: [GC (GCLocker Initiated GC) [PSYoungGen: 100352K->66542K(180224K)] 382071K->348261K(704512K), 0.0065409 secs] [Times: user=0.07 sys=0.00, real=0.00 secs] 
2016-09-25T22:33:55.844-0400: 54.566: [GC (GCLocker Initiated GC) [PSYoungGen: 168430K->71392K(180736K)] 465028K->369332K(705024K), 0.0069935 secs] [Times: user=0.10 sys=0.00, real=0.00 secs] 
2016-09-25T22:33:55.937-0400: 54.660: [GC (GCLocker Initiated GC) [PSYoungGen: 173280K->64557K(181760K)] 472756K->370114K(706048K), 0.0120212 secs] [Times: user=0.14 sys=0.01, real=0.01 secs] 
2016-09-25T22:33:56.024-0400: 54.747: [GC (GCLocker Initiated GC) [PSYoungGen: 167469K->52212K(181760K)] 479999K->378853K(706048K), 0.0336423 secs] [Times: user=0.34 sys=0.01, real=0.03 secs] 
2016-09-25T22:33:56.125-0400: 54.847: [GC (GCLocker Initiated GC) [PSYoungGen: 155124K->57709K(182784K)] 484535K->403888K(707072K), 0.0173891 secs] [Times: user=0.20 sys=0.00, real=0.02 secs] 
2016-09-25T22:33:56.223-0400: 54.946: [GC (GCLocker Initiated GC) [PSYoungGen: 161645K->75458K(179712K)] 510646K->438561K(704000K), 0.0072395 secs] [Times: user=0.08 sys=0.00, real=0.00 secs] 
2016-09-25T22:33:56.283-0400: 55.006: [GC (GCLocker Initiated GC) [PSYoungGen: 179394K->70076K(179200K)] 547974K->458323K(703488K), 0.0077805 secs] [Times: user=0.12 sys=0.00, real=0.00 secs] 
2016-09-25T22:33:56.344-0400: 55.067: [GC (GCLocker Initiated GC) [PSYoungGen: 167356K->73958K(171520K)] 555671K->475138K(695808K), 0.0095540 secs] [Times: user=0.10 sys=0.01, real=0.01 secs] 
2016-09-25T22:33:56.419-0400: 55.142: [GC (GCLocker Initiated GC) [PSYoungGen: 171238K->68847K(178176K)] 578840K->477027K(702464K), 0.0082038 secs] [Times: user=0.09 sys=0.01, real=0.01 secs] 
2016-09-25T22:33:56.484-0400: 55.207: [GC (GCLocker Initiated GC) [PSYoungGen: 162543K->72482K(177664K)] 570795K->486961K(701952K), 0.0193183 secs] [Times: user=0.24 sys=0.00, real=0.02 secs] 
2016-09-25T22:33:56.550-0400: 55.273: [GC (GCLocker Initiated GC) [PSYoungGen: 166178K->71494K(177664K)] 583464K->524331K(701952K), 0.0108788 secs] [Times: user=0.17 sys=0.00, real=0.01 secs] 
2016-09-25T22:33:56.627-0400: 55.350: [GC (GCLocker Initiated GC) [PSYoungGen: 164678K->72726K(166400K)] 623179K->540109K(690688K), 0.0065409 secs] [Times: user=0.08 sys=0.01, real=0.01 secs] 
2016-09-25T22:33:56.692-0400: 55.415: [GC (GCLocker Initiated GC) [PSYoungGen: 165910K->45730K(173056K)] 641533K->543593K(697344K), 0.0074313 secs] [Times: user=0.10 sys=0.00, real=0.01 secs] 
2016-09-25T22:33:56.700-0400: 55.422: [Full GC (Ergonomics) [PSYoungGen: 45730K->0K(173056K)] [ParOldGen: 497862K->273916K(524288K)] 543593K->273916K(697344K), [Metaspace: 43646K->43646K(1085440K)], 0.0683977 secs] [Times: user=0.40 sys=0.01, real=0.07 secs] 
2016-09-25T22:33:56.822-0400: 55.545: [GC (GCLocker Initiated GC) [PSYoungGen: 88064K->57645K(175104K)] 366149K->335731K(699392K), 0.0083889 secs] [Times: user=0.08 sys=0.00, real=0.01 secs] 
2016-09-25T22:33:56.882-0400: 55.605: [GC (GCLocker Initiated GC) [PSYoungGen: 145709K->53767K(174080K)] 427952K->355519K(698368K), 0.0093657 secs] [Times: user=0.07 sys=0.00, real=0.00 secs] 
2016-09-25T22:33:56.940-0400: 55.662: [GC (GCLocker Initiated GC) [PSYoungGen: 142855K->72603K(175104K)] 447339K->389842K(699392K), 0.0085763 secs] [Times: user=0.08 sys=0.00, real=0.01 secs] 
2016-09-25T22:33:57.006-0400: 55.729: [GC (GCLocker Initiated GC) [PSYoungGen: 161691K->55018K(175616K)] 480320K->393152K(699904K), 0.0102502 secs] [Times: user=0.13 sys=0.01, real=0.01 secs] 
2016-09-25T22:33:57.072-0400: 55.795: [GC (GCLocker Initiated GC) [PSYoungGen: 143594K->59134K(147968K)] 482039K->408893K(672256K), 0.0056818 secs] [Times: user=0.06 sys=0.00, real=0.01 secs] 
2016-09-25T22:33:57.126-0400: 55.849: [GC (GCLocker Initiated GC) [PSYoungGen: 147710K->65848K(175104K)] 506986K->439252K(699392K), 0.0059272 secs] [Times: user=0.07 sys=0.00, real=0.00 secs] 
2016-09-25T22:33:57.194-0400: 55.917: [GC (GCLocker Initiated GC) [PSYoungGen: 155960K->57764K(173568K)] 535008K->444161K(697856K), 0.0057730 secs] [Times: user=0.07 sys=0.00, real=0.01 secs] 
2016-09-25T22:33:57.257-0400: 55.980: [GC (GCLocker Initiated GC) [PSYoungGen: 147876K->55016K(176640K)] 534445K->458444K(700928K), 0.0063096 secs] [Times: user=0.07 sys=0.01, real=0.01 secs] 
2016-09-25T22:33:57.313-0400: 56.036: [GC (GCLocker Initiated GC) [PSYoungGen: 149224K->45638K(176128K)] 555357K->465807K(700416K), 0.0106218 secs] [Times: user=0.08 sys=0.00, real=0.02 secs] 
2016-09-25T22:33:57.376-0400: 56.098: [GC (GCLocker Initiated GC) [PSYoungGen: 139846K->61688K(177152K)] 562795K->488097K(701440K), 0.0180923 secs] [Times: user=0.14 sys=0.00, real=0.01 secs] 
2016-09-25T22:33:57.455-0400: 56.177: [GC (GCLocker Initiated GC) [PSYoungGen: 158968K->48082K(178176K)] 585797K->494413K(702464K), 0.0116746 secs] [Times: user=0.10 sys=0.01, real=0.01 secs] 
2016-09-25T22:33:57.515-0400: 56.238: [GC (GCLocker Initiated GC) [PSYoungGen: 145362K->78165K(171008K)] 591780K->542789K(695296K), 0.0168007 secs] [Times: user=0.22 sys=0.00, real=0.01 secs] 
2016-09-25T22:33:57.587-0400: 56.310: [GC (GCLocker Initiated GC) [PSYoungGen: 168277K->53716K(176128K)] 635962K->546284K(700416K), 0.0090834 secs] [Times: user=0.09 sys=0.00, real=0.01 secs] 
2016-09-25T22:33:57.596-0400: 56.319: [Full GC (Ergonomics) [PSYoungGen: 53716K->0K(176128K)] [ParOldGen: 492568K->281836K(524288K)] 546284K->281836K(700416K), [Metaspace: 43646K->43646K(1085440K)], 0.0555868 secs] [Times: user=0.41 sys=0.00, real=0.05 secs] 
2016-09-25T22:33:57.699-0400: 56.422: [GC (GCLocker Initiated GC) [PSYoungGen: 90112K->81409K(173056K)] 371977K->363275K(697344K), 0.0081691 secs] [Times: user=0.13 sys=0.00, real=0.01 secs] 
2016-09-25T22:33:57.759-0400: 56.482: [GC (GCLocker Initiated GC) [PSYoungGen: 169473K->61833K(175104K)] 451451K->359900K(699392K), 0.0061591 secs] [Times: user=0.08 sys=0.00, real=0.01 secs] 
2016-09-25T22:33:57.820-0400: 56.543: [GC (GCLocker Initiated GC) [PSYoungGen: 149897K->62152K(171008K)] 450551K->374152K(695296K), 0.0087134 secs] [Times: user=0.09 sys=0.00, real=0.01 secs] 
2016-09-25T22:33:57.886-0400: 56.609: [GC (GCLocker Initiated GC) [PSYoungGen: 150216K->61787K(173056K)] 469025K->381454K(697344K), 0.0067242 secs] [Times: user=0.06 sys=0.00, real=0.00 secs] 
2016-09-25T22:33:57.947-0400: 56.670: [GC (GCLocker Initiated GC) [PSYoungGen: 149851K->45670K(176128K)] 477812K->395852K(700416K), 0.0101404 secs] [Times: user=0.14 sys=0.01, real=0.01 secs] 
2016-09-25T22:33:58.007-0400: 56.730: [GC (GCLocker Initiated GC) [PSYoungGen: 138854K->72493K(165888K)] 489121K->424797K(690176K), 0.0088015 secs] [Times: user=0.10 sys=0.00, real=0.01 secs] 
2016-09-25T22:33:58.068-0400: 56.791: [GC (GCLocker Initiated GC) [PSYoungGen: 165677K->72810K(174080K)] 520839K->458183K(698368K), 0.0227382 secs] [Times: user=0.33 sys=0.00, real=0.02 secs] 
2016-09-25T22:33:58.142-0400: 56.865: [GC (GCLocker Initiated GC) [PSYoungGen: 160874K->76835K(175104K)] 547735K->476634K(699392K), 0.0092986 secs] [Times: user=0.13 sys=0.00, real=0.01 secs] 
2016-09-25T22:33:58.218-0400: 56.941: [GC (GCLocker Initiated GC) [PSYoungGen: 164899K->63314K(175104K)] 575546K->474612K(699392K), 0.0146695 secs] [Times: user=0.23 sys=0.00, real=0.01 secs] 
2016-09-25T22:33:58.285-0400: 57.008: [GC (GCLocker Initiated GC) [PSYoungGen: 151378K->69881K(175104K)] 562819K->486090K(699392K), 0.0125635 secs] [Times: user=0.16 sys=0.00, real=0.01 secs] 
2016-09-25T22:33:58.343-0400: 57.066: [GC (GCLocker Initiated GC) [PSYoungGen: 157945K->75653K(175104K)] 576906K->495149K(699392K), 0.0091062 secs] [Times: user=0.10 sys=0.00, real=0.00 secs] 
2016-09-25T22:33:58.416-0400: 57.139: [GC (GCLocker Initiated GC) [PSYoungGen: 163717K->45497K(175104K)] 595538K->487653K(699392K), 0.0107424 secs] [Times: user=0.09 sys=0.01, real=0.01 secs] 
2016-09-25T22:33:58.478-0400: 57.201: [GC (GCLocker Initiated GC) [PSYoungGen: 133561K->82112K(175104K)] 575729K->526305K(699392K), 0.0076313 secs] [Times: user=0.09 sys=0.00, real=0.01 secs] 
2016-09-25T22:33:58.540-0400: 57.262: [GC (GCLocker Initiated GC) [PSYoungGen: 170176K->65980K(175104K)] 614380K->529700K(699392K), 0.0090234 secs] [Times: user=0.12 sys=0.01, real=0.01 secs] 
2016-09-25T22:33:58.602-0400: 57.325: [GC (GCLocker Initiated GC) [PSYoungGen: 154044K->55269K(175104K)] 623295K->525147K(699392K), 0.0086588 secs] [Times: user=0.11 sys=0.01, real=0.00 secs] 
2016-09-25T22:33:58.677-0400: 57.399: [GC (GCLocker Initiated GC) [PSYoungGen: 143333K->67352K(175104K)] 620031K->554445K(699392K), 0.0061143 secs] [Times: user=0.10 sys=0.00, real=0.01 secs] 
2016-09-25T22:33:58.738-0400: 57.461: [GC (GCLocker Initiated GC) [PSYoungGen: 155416K->48446K(175104K)] 648023K->551185K(699392K), 0.0107402 secs] [Times: user=0.12 sys=0.01, real=0.01 secs] 
2016-09-25T22:33:58.749-0400: 57.472: [Full GC (Ergonomics) [PSYoungGen: 48446K->0K(175104K)] [ParOldGen: 502739K->298236K(524288K)] 551185K->298236K(699392K), [Metaspace: 43654K->43654K(1085440K)], 0.0619897 secs] [Times: user=0.40 sys=0.02, real=0.06 secs] 
2016-09-25T22:33:58.872-0400: 57.594: [GC (GCLocker Initiated GC) [PSYoungGen: 88064K->47508K(175104K)] 401522K->360967K(699392K), 0.0095345 secs] [Times: user=0.09 sys=0.00, real=0.01 secs] 
2016-09-25T22:33:58.941-0400: 57.664: [GC (GCLocker Initiated GC) [PSYoungGen: 135572K->34652K(175104K)] 454472K->369593K(699392K), 0.0182698 secs] [Times: user=0.19 sys=0.00, real=0.02 secs] 
2016-09-25T22:33:59.017-0400: 57.740: [GC (GCLocker Initiated GC) [PSYoungGen: 122716K->48316K(175104K)] 463128K->412340K(699392K), 0.0097299 secs] [Times: user=0.09 sys=0.00, real=0.01 secs] 
2016-09-25T22:33:59.078-0400: 57.801: [GC (GCLocker Initiated GC) [PSYoungGen: 136380K->82391K(175104K)] 502184K->459740K(699392K), 0.0077650 secs] [Times: user=0.09 sys=0.01, real=0.01 secs] 
2016-09-25T22:33:59.133-0400: 57.855: [GC (GCLocker Initiated GC) [PSYoungGen: 170455K->67160K(175104K)] 547888K->467079K(699392K), 0.0089078 secs] [Times: user=0.12 sys=0.01, real=0.01 secs] 
2016-09-25T22:33:59.201-0400: 57.924: [GC (GCLocker Initiated GC) [PSYoungGen: 155224K->53951K(175104K)] 559333K->481549K(699392K), 0.0196645 secs] [Times: user=0.28 sys=0.00, real=0.02 secs] 
2016-09-25T22:33:59.274-0400: 57.996: [GC (GCLocker Initiated GC) [PSYoungGen: 142015K->60660K(175104K)] 572758K->511180K(699392K), 0.0088760 secs] [Times: user=0.11 sys=0.01, real=0.02 secs] 
2016-09-25T22:33:59.331-0400: 58.053: [GC (GCLocker Initiated GC) [PSYoungGen: 148724K->56613K(175104K)] 603329K->521445K(699392K), 0.0077641 secs] [Times: user=0.11 sys=0.01, real=0.01 secs] 
2016-09-25T22:33:59.395-0400: 58.118: [GC (GCLocker Initiated GC) [PSYoungGen: 144677K->70100K(175104K)] 609617K->545256K(699392K), 0.0080414 secs] [Times: user=0.10 sys=0.00, real=0.01 secs] 
2016-09-25T22:33:59.448-0400: 58.170: [GC (GCLocker Initiated GC) [PSYoungGen: 158164K->63434K(174080K)] 636100K->567818K(698368K), 0.0079660 secs] [Times: user=0.11 sys=0.00, real=0.01 secs] 
2016-09-25T22:33:59.456-0400: 58.178: [Full GC (Ergonomics) [PSYoungGen: 63434K->0K(174080K)] [ParOldGen: 504383K->301520K(524288K)] 567818K->301520K(698368K), [Metaspace: 43654K->43654K(1085440K)], 0.0668559 secs] [Times: user=0.45 sys=0.01, real=0.07 secs] 
2016-09-25T22:33:59.564-0400: 58.287: [GC (GCLocker Initiated GC) [PSYoungGen: 88064K->65361K(174592K)] 395125K->372422K(698880K), 0.0106873 secs] [Times: user=0.13 sys=0.01, real=0.01 secs] 
2016-09-25T22:33:59.653-0400: 58.376: [GC (GCLocker Initiated GC) [PSYoungGen: 153425K->59226K(173056K)] 463250K->379903K(697344K), 0.0114912 secs] [Times: user=0.10 sys=0.01, real=0.02 secs] 
2016-09-25T22:33:59.727-0400: 58.450: [GC (GCLocker Initiated GC) [PSYoungGen: 149338K->48285K(174080K)] 475545K->379150K(698368K), 0.0088164 secs] [Times: user=0.05 sys=0.01, real=0.01 secs] 
2016-09-25T22:33:59.785-0400: 58.508: [GC (GCLocker Initiated GC) [PSYoungGen: 138397K->49812K(176128K)] 477534K->409938K(700416K), 0.0099168 secs] [Times: user=0.12 sys=0.00, real=0.01 secs] 
2016-09-25T22:33:59.877-0400: 58.600: [GC (GCLocker Initiated GC) [PSYoungGen: 144020K->57744K(177152K)] 506930K->424110K(701440K), 0.0094241 secs] [Times: user=0.11 sys=0.00, real=0.01 secs] 
2016-09-25T22:33:59.944-0400: 58.667: [GC (GCLocker Initiated GC) [PSYoungGen: 151952K->65644K(177664K)] 518424K->436762K(701952K), 0.0240591 secs] [Times: user=0.21 sys=0.00, real=0.02 secs] 
2016-09-25T22:34:00.017-0400: 58.740: [GC (GCLocker Initiated GC) [PSYoungGen: 162412K->69868K(178176K)] 536300K->465848K(702464K), 0.0114695 secs] [Times: user=0.11 sys=0.00, real=0.01 secs] 
2016-09-25T22:34:00.111-0400: 58.834: [GC (GCLocker Initiated GC) [PSYoungGen: 166636K->82254K(171008K)] 573573K->519580K(695296K), 0.0152605 secs] [Times: user=0.21 sys=0.04, real=0.02 secs] 
2016-09-25T22:34:00.175-0400: 58.898: [GC (GCLocker Initiated GC) [PSYoungGen: 170318K->60382K(175104K)] 610361K->513245K(699392K), 0.0083154 secs] [Times: user=0.13 sys=0.00, real=0.01 secs] 
2016-09-25T22:34:00.254-0400: 58.977: [GC (GCLocker Initiated GC) [PSYoungGen: 148446K->49648K(174592K)] 602676K->505745K(698880K), 0.0130608 secs] [Times: user=0.18 sys=0.00, real=0.01 secs] 
2016-09-25T22:34:00.320-0400: 59.043: [GC (GCLocker Initiated GC) [PSYoungGen: 138224K->83331K(175104K)] 594399K->542766K(699392K), 0.0071010 secs] [Times: user=0.08 sys=0.01, real=0.01 secs] 
2016-09-25T22:34:00.372-0400: 59.095: [GC (GCLocker Initiated GC) [PSYoungGen: 171907K->80759K(175104K)] 632005K->550868K(699392K), 0.0069354 secs] [Times: user=0.08 sys=0.00, real=0.01 secs] 
2016-09-25T22:34:00.437-0400: 59.160: [GC (GCLocker Initiated GC) [PSYoungGen: 168823K->57831K(175104K)] 641700K->547509K(699392K), 0.0154151 secs] [Times: user=0.19 sys=0.01, real=0.01 secs] 
2016-09-25T22:34:00.510-0400: 59.233: [GC (GCLocker Initiated GC) [PSYoungGen: 145895K->86191K(175104K)] 635632K->585989K(699392K), 0.0196427 secs] [Times: user=0.24 sys=0.01, real=0.02 secs] 
2016-09-25T22:34:00.530-0400: 59.253: [Full GC (Ergonomics) [PSYoungGen: 86191K->0K(175104K)] [ParOldGen: 499798K->313891K(524288K)] 585989K->313891K(699392K), [Metaspace: 43654K->43654K(1085440K)], 0.0529586 secs] [Times: user=0.34 sys=0.00, real=0.06 secs] 
2016-09-25T22:34:00.643-0400: 59.366: [GC (GCLocker Initiated GC) [PSYoungGen: 88064K->52670K(175104K)] 404668K->369275K(699392K), 0.0381125 secs] [Times: user=0.42 sys=0.00, real=0.03 secs] 
2016-09-25T22:34:00.742-0400: 59.465: [GC (GCLocker Initiated GC) [PSYoungGen: 140734K->56431K(175104K)] 457851K->375948K(699392K), 0.0134123 secs] [Times: user=0.12 sys=0.00, real=0.02 secs] 
2016-09-25T22:34:00.801-0400: 59.523: [GC (GCLocker Initiated GC) [PSYoungGen: 144495K->63010K(175104K)] 469467K->412987K(699392K), 0.0065688 secs] [Times: user=0.08 sys=0.00, real=0.01 secs] 
2016-09-25T22:34:00.885-0400: 59.608: [GC (GCLocker Initiated GC) [PSYoungGen: 151074K->45694K(175104K)] 516014K->425906K(699392K), 0.0128205 secs] [Times: user=0.12 sys=0.00, real=0.01 secs] 
2016-09-25T22:34:00.962-0400: 59.685: [GC (GCLocker Initiated GC) [PSYoungGen: 133758K->38688K(175104K)] 528860K->448010K(699392K), 0.0102894 secs] [Times: user=0.08 sys=0.00, real=0.00 secs] 
2016-09-25T22:34:01.021-0400: 59.744: [GC (GCLocker Initiated GC) [PSYoungGen: 126752K->68318K(175104K)] 536148K->482397K(699392K), 0.0067558 secs] [Times: user=0.07 sys=0.00, real=0.01 secs] 
2016-09-25T22:34:01.076-0400: 59.799: [GC (GCLocker Initiated GC) [PSYoungGen: 156382K->47143K(175104K)] 577490K->484886K(699392K), 0.0094437 secs] [Times: user=0.07 sys=0.00, real=0.01 secs] 
2016-09-25T22:34:01.135-0400: 59.858: [GC (GCLocker Initiated GC) [PSYoungGen: 135207K->57592K(175104K)] 573968K->509306K(699392K), 0.0155201 secs] [Times: user=0.18 sys=0.01, real=0.01 secs] 
2016-09-25T22:34:01.198-0400: 59.921: [GC (GCLocker Initiated GC) [PSYoungGen: 145656K->54831K(175104K)] 598755K->512392K(699392K), 0.0133190 secs] [Times: user=0.15 sys=0.00, real=0.01 secs] 
2016-09-25T22:34:01.266-0400: 59.989: [GC (GCLocker Initiated GC) [PSYoungGen: 142895K->66977K(175104K)] 605934K->538595K(699392K), 0.0118307 secs] [Times: user=0.11 sys=0.00, real=0.01 secs] 
2016-09-25T22:34:01.330-0400: 60.053: [GC (GCLocker Initiated GC) [PSYoungGen: 155041K->57801K(145920K)] 626744K->532671K(670208K), 0.0116604 secs] [Times: user=0.10 sys=0.01, real=0.01 secs] 
2016-09-25T22:34:01.397-0400: 60.120: [GC (GCLocker Initiated GC) [PSYoungGen: 145865K->60428K(175616K)] 631582K->570927K(699904K), 0.0094808 secs] [Times: user=0.13 sys=0.00, real=0.01 secs] 
2016-09-25T22:34:01.407-0400: 60.130: [Full GC (Ergonomics) [PSYoungGen: 60428K->0K(175616K)] [ParOldGen: 510498K->319131K(524288K)] 570927K->319131K(699904K), [Metaspace: 43669K->43669K(1087488K)], 0.0587015 secs] [Times: user=0.50 sys=0.01, real=0.06 secs] 
2016-09-25T22:34:01.520-0400: 60.242: [GC (GCLocker Initiated GC) [PSYoungGen: 90112K->52641K(173568K)] 409319K->371848K(697856K), 0.0094966 secs] [Times: user=0.09 sys=0.00, real=0.01 secs] 
2016-09-25T22:34:01.581-0400: 60.304: [GC (GCLocker Initiated GC) [PSYoungGen: 142753K->69839K(173056K)] 467506K->404988K(697344K), 0.0109780 secs] [Times: user=0.16 sys=0.00, real=0.01 secs] 
2016-09-25T22:34:01.643-0400: 60.366: [GC (GCLocker Initiated GC) [PSYoungGen: 160975K->75400K(175104K)] 496186K->415178K(699392K), 0.0161377 secs] [Times: user=0.23 sys=0.00, real=0.01 secs] 
2016-09-25T22:34:01.719-0400: 60.441: [GC (GCLocker Initiated GC) [PSYoungGen: 166536K->41257K(175104K)] 510744K->406320K(699392K), 0.0104167 secs] [Times: user=0.07 sys=0.00, real=0.01 secs] 
2016-09-25T22:34:01.784-0400: 60.507: [GC (GCLocker Initiated GC) [PSYoungGen: 129321K->65716K(175104K)] 503938K->454318K(699392K), 0.0117980 secs] [Times: user=0.11 sys=0.01, real=0.01 secs] 
2016-09-25T22:34:01.858-0400: 60.581: [GC (GCLocker Initiated GC) [PSYoungGen: 153780K->57607K(172032K)] 542624K->463123K(696320K), 0.0056762 secs] [Times: user=0.07 sys=0.01, real=0.01 secs] 
2016-09-25T22:34:01.913-0400: 60.636: [GC (GCLocker Initiated GC) [PSYoungGen: 145671K->72609K(173568K)] 556708K->484104K(697856K), 0.0089613 secs] [Times: user=0.12 sys=0.00, real=0.02 secs] 
2016-09-25T22:34:01.969-0400: 60.692: [GC (GCLocker Initiated GC) [PSYoungGen: 160673K->71077K(175104K)] 574978K->495445K(699392K), 0.0063585 secs] [Times: user=0.09 sys=0.00, real=0.01 secs] 
2016-09-25T22:34:02.015-0400: 60.738: [GC (GCLocker Initiated GC) [PSYoungGen: 159141K->68489K(175104K)] 583570K->500099K(699392K), 0.0092258 secs] [Times: user=0.11 sys=0.01, real=0.01 secs] 
2016-09-25T22:34:02.077-0400: 60.800: [GC (GCLocker Initiated GC) [PSYoungGen: 156553K->33057K(175104K)] 588240K->494874K(699392K), 0.0063379 secs] [Times: user=0.05 sys=0.00, real=0.01 secs] 
2016-09-25T22:34:02.128-0400: 60.851: [GC (GCLocker Initiated GC) [PSYoungGen: 121121K->67295K(175104K)] 588435K->545716K(699392K), 0.0071715 secs] [Times: user=0.06 sys=0.01, real=0.01 secs] 
2016-09-25T22:34:02.195-0400: 60.918: [GC (GCLocker Initiated GC) [PSYoungGen: 155359K->62917K(175104K)] 639469K->565228K(699392K), 0.0127563 secs] [Times: user=0.12 sys=0.01, real=0.01 secs] 
2016-09-25T22:34:02.208-0400: 60.931: [Full GC (Ergonomics) [PSYoungGen: 62917K->0K(175104K)] [ParOldGen: 502310K->318290K(524288K)] 565228K->318290K(699392K), [Metaspace: 43669K->43669K(1087488K)], 0.0600823 secs] [Times: user=0.40 sys=0.00, real=0.06 secs] 
2016-09-25T22:34:02.316-0400: 61.039: [GC (GCLocker Initiated GC) [PSYoungGen: 88064K->71392K(175104K)] 406372K->389700K(699392K), 0.0125823 secs] [Times: user=0.14 sys=0.01, real=0.01 secs] 
2016-09-25T22:34:02.391-0400: 61.114: [GC (GCLocker Initiated GC) [PSYoungGen: 159456K->52156K(175104K)] 481486K->385742K(699392K), 0.0079342 secs] [Times: user=0.09 sys=0.01, real=0.01 secs] 
2016-09-25T22:34:02.444-0400: 61.167: [GC (GCLocker Initiated GC) [PSYoungGen: 140220K->56410K(144896K)] 477962K->421536K(669184K), 0.0067467 secs] [Times: user=0.09 sys=0.00, real=0.00 secs] 
2016-09-25T22:34:02.504-0400: 61.227: [GC (GCLocker Initiated GC) [PSYoungGen: 144474K->58965K(177152K)] 515192K->460023K(701440K), 0.0090720 secs] [Times: user=0.12 sys=0.00, real=0.00 secs] 
2016-09-25T22:34:02.578-0400: 61.301: [GC (GCLocker Initiated GC) [PSYoungGen: 149589K->49694K(174592K)] 567194K->487961K(698880K), 0.0068010 secs] [Times: user=0.08 sys=0.01, real=0.01 secs] 
2016-09-25T22:34:02.641-0400: 61.364: [GC (GCLocker Initiated GC) [PSYoungGen: 140318K->65630K(175104K)] 588185K->514009K(699392K), 0.0057366 secs] [Times: user=0.06 sys=0.01, real=0.01 secs] 
2016-09-25T22:34:02.707-0400: 61.430: [GC (GCLocker Initiated GC) [PSYoungGen: 157278K->71165K(175104K)] 612505K->528069K(699392K), 0.0088152 secs] [Times: user=0.13 sys=0.00, real=0.01 secs] 
2016-09-25T22:34:02.765-0400: 61.488: [GC (GCLocker Initiated GC) [PSYoungGen: 162813K->73815K(173568K)] 622687K->547643K(697856K), 0.0116518 secs] [Times: user=0.16 sys=0.00, real=0.01 secs] 
2016-09-25T22:34:02.825-0400: 61.548: [GC (GCLocker Initiated GC) [PSYoungGen: 161879K->45408K(175104K)] 638494K->537320K(699392K), 0.0150990 secs] [Times: user=0.17 sys=0.00, real=0.01 secs] 
2016-09-25T22:34:02.840-0400: 61.563: [Full GC (Ergonomics) [PSYoungGen: 45408K->0K(175104K)] [ParOldGen: 491912K->320888K(524288K)] 537320K->320888K(699392K), [Metaspace: 43669K->43669K(1087488K)], 0.0620342 secs] [Times: user=0.57 sys=0.01, real=0.07 secs] 
2016-09-25T22:34:02.950-0400: 61.673: [GC (GCLocker Initiated GC) [PSYoungGen: 88064K->67511K(175104K)] 408968K->388416K(699392K), 0.0081030 secs] [Times: user=0.11 sys=0.00, real=0.01 secs] 
2016-09-25T22:34:03.011-0400: 61.734: [GC (GCLocker Initiated GC) [PSYoungGen: 155575K->64482K(152576K)] 482121K->399981K(676864K), 0.0072796 secs] [Times: user=0.08 sys=0.00, real=0.01 secs] 
2016-09-25T22:34:03.063-0400: 61.785: [GC (GCLocker Initiated GC) [PSYoungGen: 152546K->64449K(176128K)] 490864K->414127K(700416K), 0.0104800 secs] [Times: user=0.16 sys=0.01, real=0.00 secs] 
2016-09-25T22:34:03.111-0400: 61.834: [GC (GCLocker Initiated GC) [PSYoungGen: 154049K->73984K(174592K)] 507966K->439172K(698880K), 0.0063805 secs] [Times: user=0.08 sys=0.00, real=0.01 secs] 
2016-09-25T22:34:03.177-0400: 61.899: [GC (GCLocker Initiated GC) [PSYoungGen: 163584K->57651K(176128K)] 538376K->446531K(700416K), 0.0075018 secs] [Times: user=0.08 sys=0.00, real=0.01 secs] 
2016-09-25T22:34:03.236-0400: 61.958: [GC (GCLocker Initiated GC) [PSYoungGen: 146739K->75141K(175104K)] 535663K->475384K(699392K), 0.0073376 secs] [Times: user=0.09 sys=0.01, real=0.01 secs] 
2016-09-25T22:34:03.298-0400: 62.020: [GC (GCLocker Initiated GC) [PSYoungGen: 164229K->65620K(175616K)] 569908K->483848K(699904K), 0.0084516 secs] [Times: user=0.09 sys=0.01, real=0.01 secs] 
2016-09-25T22:34:03.359-0400: 62.081: [GC (GCLocker Initiated GC) [PSYoungGen: 154196K->60278K(148992K)] 577921K->487123K(673280K), 0.0104143 secs] [Times: user=0.13 sys=0.01, real=0.01 secs] 
2016-09-25T22:34:03.423-0400: 62.146: [GC (GCLocker Initiated GC) [PSYoungGen: 148854K->64374K(175616K)] 577104K->509288K(699904K), 0.0065305 secs] [Times: user=0.09 sys=0.01, real=0.00 secs] 
2016-09-25T22:34:03.478-0400: 62.201: [GC (GCLocker Initiated GC) [PSYoungGen: 154998K->65600K(173568K)] 606822K->517911K(697856K), 0.0063546 secs] [Times: user=0.07 sys=0.01, real=0.01 secs] 
2016-09-25T22:34:03.528-0400: 62.251: [GC (GCLocker Initiated GC) [PSYoungGen: 156224K->65786K(177152K)] 608799K->544344K(701440K), 0.0095288 secs] [Times: user=0.10 sys=0.00, real=0.01 secs] 
2016-09-25T22:34:03.581-0400: 62.304: [GC (GCLocker Initiated GC) [PSYoungGen: 161018K->57488K(176128K)] 645149K->547376K(700416K), 0.0183426 secs] [Times: user=0.22 sys=0.00, real=0.02 secs] 
2016-09-25T22:34:03.648-0400: 62.371: [GC (GCLocker Initiated GC) [PSYoungGen: 152720K->68150K(179712K)] 642760K->562602K(704000K), 0.0060342 secs] [Times: user=0.07 sys=0.00, real=0.00 secs] 
2016-09-25T22:34:03.693-0400: 62.416: [Full GC (Ergonomics) [PSYoungGen: 167478K->0K(179712K)] [ParOldGen: 497234K->316208K(524288K)] 664712K->316208K(704000K), [Metaspace: 43669K->43669K(1087488K)], 0.1727686 secs] [Times: user=2.26 sys=0.03, real=0.18 secs] 
2016-09-25T22:34:03.921-0400: 62.644: [GC (GCLocker Initiated GC) [PSYoungGen: 99328K->78090K(177664K)] 421113K->405276K(701952K), 0.0072276 secs] [Times: user=0.10 sys=0.01, real=0.01 secs] 
2016-09-25T22:34:03.977-0400: 62.699: [GC (GCLocker Initiated GC) [PSYoungGen: 177418K->83163K(172032K)] 507396K->446086K(696320K), 0.0090033 secs] [Times: user=0.12 sys=0.02, real=0.01 secs] 
2016-09-25T22:34:04.022-0400: 62.744: [GC (GCLocker Initiated GC) [PSYoungGen: 171227K->55984K(175104K)] 534201K->446226K(699392K), 0.0157040 secs] [Times: user=0.15 sys=0.01, real=0.02 secs] 
2016-09-25T22:34:04.081-0400: 62.803: [GC (GCLocker Initiated GC) [PSYoungGen: 144048K->65687K(174080K)] 538063K->470765K(698368K), 0.0084536 secs] [Times: user=0.10 sys=0.00, real=0.01 secs] 
2016-09-25T22:34:04.137-0400: 62.860: [GC (GCLocker Initiated GC) [PSYoungGen: 153751K->80393K(174592K)] 558907K->495361K(698880K), 0.0068247 secs] [Times: user=0.10 sys=0.00, real=0.01 secs] 
2016-09-25T22:34:04.193-0400: 62.916: [GC (GCLocker Initiated GC) [PSYoungGen: 168457K->72487K(175104K)] 589030K->520372K(699392K), 0.0069838 secs] [Times: user=0.08 sys=0.00, real=0.01 secs] 
2016-09-25T22:34:04.237-0400: 62.959: [GC (GCLocker Initiated GC) [PSYoungGen: 160551K->80418K(175104K)] 608553K->534187K(699392K), 0.0073099 secs] [Times: user=0.10 sys=0.00, real=0.01 secs] 
2016-09-25T22:34:04.286-0400: 63.008: [GC (GCLocker Initiated GC) [PSYoungGen: 168482K->61529K(175104K)] 627682K->538533K(699392K), 0.0066539 secs] [Times: user=0.10 sys=0.00, real=0.00 secs] 
2016-09-25T22:34:04.330-0400: 63.052: [GC (GCLocker Initiated GC) [PSYoungGen: 149593K->68245K(175104K)] 632116K->552437K(699392K), 0.0109986 secs] [Times: user=0.12 sys=0.00, real=0.01 secs] 
2016-09-25T22:34:04.405-0400: 63.128: [Full GC (Ergonomics) [PSYoungGen: 156309K->0K(175104K)] [ParOldGen: 489688K->312697K(524288K)] 645997K->312697K(699392K), [Metaspace: 43672K->43672K(1087488K)], 0.0784772 secs] [Times: user=0.57 sys=0.00, real=0.08 secs] 
2016-09-25T22:34:04.524-0400: 63.247: [GC (GCLocker Initiated GC) [PSYoungGen: 88064K->67459K(175104K)] 406241K->385636K(699392K), 0.0059485 secs] [Times: user=0.07 sys=0.00, real=0.00 secs] 
2016-09-25T22:34:04.587-0400: 63.310: [GC (GCLocker Initiated GC) [PSYoungGen: 155523K->56163K(175104K)] 476662K->407785K(699392K), 0.0108851 secs] [Times: user=0.13 sys=0.00, real=0.01 secs] 
2016-09-25T22:34:04.658-0400: 63.381: [GC (GCLocker Initiated GC) [PSYoungGen: 144227K->64405K(172032K)] 495918K->443463K(696320K), 0.0116322 secs] [Times: user=0.16 sys=0.00, real=0.01 secs] 
2016-09-25T22:34:04.715-0400: 63.437: [GC (GCLocker Initiated GC) [PSYoungGen: 152469K->52188K(173568K)] 531553K->457382K(697856K), 0.0067937 secs] [Times: user=0.09 sys=0.00, real=0.00 secs] 
2016-09-25T22:34:04.762-0400: 63.485: [GC (GCLocker Initiated GC) [PSYoungGen: 140252K->70078K(176128K)] 554990K->485209K(700416K), 0.0064666 secs] [Times: user=0.09 sys=0.00, real=0.00 secs] 
2016-09-25T22:34:04.855-0400: 63.578: [GC (GCLocker Initiated GC) [PSYoungGen: 160190K->65874K(156160K)] 580761K->506132K(680448K), 0.0111830 secs] [Times: user=0.14 sys=0.00, real=0.01 secs] 
2016-09-25T22:34:04.922-0400: 63.645: [GC (GCLocker Initiated GC) [PSYoungGen: 155986K->75227K(172544K)] 601792K->525669K(696832K), 0.0074660 secs] [Times: user=0.09 sys=0.00, real=0.00 secs] 
2016-09-25T22:34:05.001-0400: 63.724: [GC (GCLocker Initiated GC) [PSYoungGen: 163803K->50830K(174080K)] 619826K->523510K(698368K), 0.0104325 secs] [Times: user=0.10 sys=0.00, real=0.01 secs] 
2016-09-25T22:34:05.084-0400: 63.807: [GC (GCLocker Initiated GC) [PSYoungGen: 139406K->71287K(175616K)] 615020K->552869K(699904K), 0.0211302 secs] [Times: user=0.30 sys=0.00, real=0.02 secs] 
2016-09-25T22:34:05.154-0400: 63.877: [GC (GCLocker Initiated GC) [PSYoungGen: 160375K->71327K(175616K)] 644832K->567143K(699904K), 0.0087394 secs] [Times: user=0.10 sys=0.01, real=0.02 secs] 
2016-09-25T22:34:05.163-0400: 63.886: [Full GC (Ergonomics) [PSYoungGen: 71327K->0K(175616K)] [ParOldGen: 495815K->316477K(524288K)] 567143K->316477K(699904K), [Metaspace: 43672K->43672K(1087488K)], 0.0986361 secs] [Times: user=0.64 sys=0.03, real=0.09 secs] 
2016-09-25T22:34:05.323-0400: 64.046: [GC (GCLocker Initiated GC) [PSYoungGen: 89088K->60341K(173568K)] 409679K->380932K(697856K), 0.0219850 secs] [Times: user=0.33 sys=0.00, real=0.02 secs] 
2016-09-25T22:34:05.389-0400: 64.112: [GC (GCLocker Initiated GC) [PSYoungGen: 149429K->52257K(174592K)] 478217K->407243K(698880K), 0.0161086 secs] [Times: user=0.24 sys=0.01, real=0.02 secs] 
2016-09-25T22:34:05.483-0400: 64.206: [GC (GCLocker Initiated GC) [PSYoungGen: 141345K->60438K(174080K)] 503293K->425621K(698368K), 0.0132726 secs] [Times: user=0.09 sys=0.00, real=0.01 secs] 
2016-09-25T22:34:05.555-0400: 64.278: [GC (GCLocker Initiated GC) [PSYoungGen: 151062K->51059K(175104K)] 528419K->442547K(699392K), 0.0067952 secs] [Times: user=0.08 sys=0.00, real=0.00 secs] 
2016-09-25T22:34:05.606-0400: 64.329: [GC (GCLocker Initiated GC) [PSYoungGen: 141683K->45618K(175616K)] 541364K->456737K(699904K), 0.0082275 secs] [Times: user=0.07 sys=0.01, real=0.01 secs] 
2016-09-25T22:34:05.698-0400: 64.421: [GC (GCLocker Initiated GC) [PSYoungGen: 136754K->46701K(176640K)] 558814K->485488K(700928K), 0.0099621 secs] [Times: user=0.09 sys=0.00, real=0.01 secs] 
2016-09-25T22:34:05.762-0400: 64.484: [GC (GCLocker Initiated GC) [PSYoungGen: 137837K->76939K(173568K)] 582269K->524545K(697856K), 0.0068408 secs] [Times: user=0.10 sys=0.00, real=0.01 secs] 
2016-09-25T22:34:05.813-0400: 64.535: [GC (GCLocker Initiated GC) [PSYoungGen: 165003K->52215K(175104K)] 622213K->510172K(699392K), 0.0067288 secs] [Times: user=0.07 sys=0.00, real=0.01 secs] 
2016-09-25T22:34:05.874-0400: 64.597: [GC (GCLocker Initiated GC) [PSYoungGen: 140279K->62971K(174080K)] 600382K->541236K(698368K), 0.0062886 secs] [Times: user=0.09 sys=0.00, real=0.00 secs] 
2016-09-25T22:34:05.932-0400: 64.655: [GC (GCLocker Initiated GC) [PSYoungGen: 151035K->66989K(174592K)] 632083K->552463K(698880K), 0.0095489 secs] [Times: user=0.07 sys=0.00, real=0.01 secs] 
2016-09-25T22:34:05.992-0400: 64.715: [GC (GCLocker Initiated GC) [PSYoungGen: 155053K->74045K(174080K)] 646065K->566773K(698368K), 0.0086748 secs] [Times: user=0.10 sys=0.00, real=0.01 secs] 
2016-09-25T22:34:06.001-0400: 64.724: [Full GC (Ergonomics) [PSYoungGen: 74045K->0K(174080K)] [ParOldGen: 492727K->321054K(524288K)] 566773K->321054K(698368K), [Metaspace: 43675K->43675K(1087488K)], 0.0610491 secs] [Times: user=0.53 sys=0.01, real=0.07 secs] 
2016-09-25T22:34:06.109-0400: 64.831: [GC (GCLocker Initiated GC) [PSYoungGen: 88064K->78545K(175104K)] 411966K->402448K(699392K), 0.0106419 secs] [Times: user=0.14 sys=0.00, real=0.01 secs] 
2016-09-25T22:34:06.176-0400: 64.898: [GC (GCLocker Initiated GC) [PSYoungGen: 166609K->60410K(175104K)] 495985K->412494K(699392K), 0.0091132 secs] [Times: user=0.10 sys=0.00, real=0.01 secs] 
2016-09-25T22:34:06.241-0400: 64.963: [GC (GCLocker Initiated GC) [PSYoungGen: 148474K->59318K(175104K)] 502066K->444402K(699392K), 0.0140228 secs] [Times: user=0.12 sys=0.00, real=0.02 secs] 
2016-09-25T22:34:06.324-0400: 65.047: [GC (GCLocker Initiated GC) [PSYoungGen: 147382K->52152K(175104K)] 535375K->440973K(699392K), 0.0086094 secs] [Times: user=0.12 sys=0.00, real=0.00 secs] 
2016-09-25T22:34:06.391-0400: 65.114: [GC (GCLocker Initiated GC) [PSYoungGen: 140216K->42554K(175104K)] 534564K->453667K(699392K), 0.0071452 secs] [Times: user=0.06 sys=0.00, real=0.01 secs] 
2016-09-25T22:34:06.451-0400: 65.173: [GC (GCLocker Initiated GC) [PSYoungGen: 130618K->64883K(175104K)] 541806K->480537K(699392K), 0.0108253 secs] [Times: user=0.12 sys=0.00, real=0.01 secs] 
2016-09-25T22:34:06.517-0400: 65.240: [GC (GCLocker Initiated GC) [PSYoungGen: 152947K->74008K(175104K)] 572726K->513657K(699392K), 0.0101525 secs] [Times: user=0.10 sys=0.00, real=0.01 secs] 
2016-09-25T22:34:06.576-0400: 65.299: [GC (GCLocker Initiated GC) [PSYoungGen: 162072K->77010K(175104K)] 601799K->522773K(699392K), 0.0129291 secs] [Times: user=0.11 sys=0.01, real=0.01 secs] 
2016-09-25T22:34:06.650-0400: 65.372: [GC (GCLocker Initiated GC) [PSYoungGen: 165074K->42830K(175104K)] 613746K->522252K(699392K), 0.0128358 secs] [Times: user=0.15 sys=0.01, real=0.02 secs] 
2016-09-25T22:34:06.720-0400: 65.442: [GC (GCLocker Initiated GC) [PSYoungGen: 130894K->52482K(175104K)] 610723K->543771K(699392K), 0.0083166 secs] [Times: user=0.09 sys=0.00, real=0.01 secs] 
2016-09-25T22:34:06.728-0400: 65.451: [Full GC (Ergonomics) [PSYoungGen: 52482K->0K(175104K)] [ParOldGen: 491289K->319482K(524288K)] 543771K->319482K(699392K), [Metaspace: 43718K->43718K(1087488K)], 0.0657571 secs] [Times: user=0.42 sys=0.02, real=0.06 secs] 
2016-09-25T22:34:06.859-0400: 65.582: [GC (GCLocker Initiated GC) [PSYoungGen: 88064K->67999K(175104K)] 414463K->394399K(699392K), 0.0107162 secs] [Times: user=0.11 sys=0.01, real=0.01 secs] 
2016-09-25T22:34:06.924-0400: 65.647: [GC (GCLocker Initiated GC) [PSYoungGen: 156063K->45473K(175104K)] 485203K->401760K(699392K), 0.0107631 secs] [Times: user=0.08 sys=0.01, real=0.01 secs] 
2016-09-25T22:34:06.984-0400: 65.707: [GC (GCLocker Initiated GC) [PSYoungGen: 133537K->67760K(175104K)] 495348K->435647K(699392K), 0.0160722 secs] [Times: user=0.18 sys=0.01, real=0.01 secs] 
2016-09-25T22:34:07.063-0400: 65.786: [GC (GCLocker Initiated GC) [PSYoungGen: 155824K->45782K(175104K)] 534577K->426814K(699392K), 0.0089853 secs] [Times: user=0.08 sys=0.00, real=0.00 secs] 
2016-09-25T22:34:07.141-0400: 65.864: [GC (GCLocker Initiated GC) [PSYoungGen: 133846K->36207K(175104K)] 522941K->426245K(699392K), 0.0215610 secs] [Times: user=0.21 sys=0.00, real=0.03 secs] 
2016-09-25T22:34:07.223-0400: 65.945: [GC (Allocation Failure) [PSYoungGen: 124271K->29428K(175104K)] 519726K->425702K(699392K), 0.0151886 secs] [Times: user=0.14 sys=0.00, real=0.01 secs] 
2016-09-25T22:34:07.307-0400: 66.029: [GC (GCLocker Initiated GC) [PSYoungGen: 117492K->60495K(175104K)] 513770K->461629K(699392K), 0.0084811 secs] [Times: user=0.09 sys=0.00, real=0.01 secs] 
2016-09-25T22:34:07.364-0400: 66.087: [GC (GCLocker Initiated GC) [PSYoungGen: 148559K->64931K(175104K)] 549835K->479008K(699392K), 0.0067734 secs] [Times: user=0.08 sys=0.01, real=0.00 secs] 
2016-09-25T22:34:07.433-0400: 66.156: [GC (GCLocker Initiated GC) [PSYoungGen: 152995K->80035K(175104K)] 569812K->512667K(699392K), 0.0081350 secs] [Times: user=0.11 sys=0.01, real=0.01 secs] 
2016-09-25T22:34:07.490-0400: 66.213: [GC (GCLocker Initiated GC) [PSYoungGen: 168099K->65088K(175104K)] 606277K->507149K(699392K), 0.0092065 secs] [Times: user=0.06 sys=0.00, real=0.01 secs] 
2016-09-25T22:34:07.567-0400: 66.290: [GC (GCLocker Initiated GC) [PSYoungGen: 153152K->58081K(175104K)] 602039K->528440K(699392K), 0.0079675 secs] [Times: user=0.10 sys=0.00, real=0.01 secs] 
2016-09-25T22:34:07.639-0400: 66.362: [GC (GCLocker Initiated GC) [PSYoungGen: 146145K->66239K(175104K)] 624688K->553855K(699392K), 0.0080149 secs] [Times: user=0.10 sys=0.01, real=0.01 secs] 
2016-09-25T22:34:07.712-0400: 66.435: [GC (GCLocker Initiated GC) [PSYoungGen: 154303K->57682K(175104K)] 641943K->554332K(699392K), 0.0109877 secs] [Times: user=0.10 sys=0.00, real=0.02 secs] 
2016-09-25T22:34:07.724-0400: 66.446: [Full GC (Ergonomics) [PSYoungGen: 57682K->0K(175104K)] [ParOldGen: 496650K->333394K(524288K)] 554332K->333394K(699392K), [Metaspace: 43718K->43718K(1087488K)], 0.0574443 secs] [Times: user=0.49 sys=0.00, real=0.05 secs] 
2016-09-25T22:34:07.828-0400: 66.551: [GC (GCLocker Initiated GC) [PSYoungGen: 88064K->81493K(175104K)] 421578K->415007K(699392K), 0.0125304 secs] [Times: user=0.18 sys=0.00, real=0.01 secs] 
2016-09-25T22:34:07.901-0400: 66.624: [GC (GCLocker Initiated GC) [PSYoungGen: 169557K->70150K(175104K)] 507572K->417636K(699392K), 0.0087974 secs] [Times: user=0.14 sys=0.00, real=0.01 secs] 
2016-09-25T22:34:07.970-0400: 66.693: [GC (GCLocker Initiated GC) [PSYoungGen: 158214K->49795K(175104K)] 510231K->421516K(699392K), 0.0056773 secs] [Times: user=0.08 sys=0.00, real=0.01 secs] 
2016-09-25T22:34:08.032-0400: 66.755: [GC (GCLocker Initiated GC) [PSYoungGen: 137859K->51460K(175104K)] 509696K->441651K(699392K), 0.0066131 secs] [Times: user=0.09 sys=0.00, real=0.01 secs] 
2016-09-25T22:34:08.090-0400: 66.813: [GC (GCLocker Initiated GC) [PSYoungGen: 139524K->76097K(175104K)] 533906K->483667K(699392K), 0.0124305 secs] [Times: user=0.17 sys=0.00, real=0.02 secs] 
2016-09-25T22:34:08.167-0400: 66.889: [GC (GCLocker Initiated GC) [PSYoungGen: 164161K->72847K(175104K)] 572317K->506670K(699392K), 0.0102013 secs] [Times: user=0.14 sys=0.00, real=0.01 secs] 
2016-09-25T22:34:08.230-0400: 66.952: [GC (GCLocker Initiated GC) [PSYoungGen: 160911K->60760K(175104K)] 597492K->517051K(699392K), 0.0068202 secs] [Times: user=0.10 sys=0.00, real=0.01 secs] 
2016-09-25T22:34:08.301-0400: 67.024: [GC (GCLocker Initiated GC) [PSYoungGen: 148824K->56637K(175104K)] 605150K->523201K(699392K), 0.0209506 secs] [Times: user=0.22 sys=0.01, real=0.03 secs] 
2016-09-25T22:34:08.381-0400: 67.104: [GC (GCLocker Initiated GC) [PSYoungGen: 144701K->51618K(175104K)] 626246K->546212K(699392K), 0.0176706 secs] [Times: user=0.18 sys=0.01, real=0.02 secs] 
2016-09-25T22:34:08.399-0400: 67.122: [Full GC (Ergonomics) [PSYoungGen: 51618K->0K(175104K)] [ParOldGen: 494594K->346237K(524288K)] 546212K->346237K(699392K), [Metaspace: 43718K->43718K(1087488K)], 0.0692726 secs] [Times: user=0.47 sys=0.00, real=0.07 secs] 
2016-09-25T22:34:08.537-0400: 67.260: [GC (GCLocker Initiated GC) [PSYoungGen: 88064K->50855K(175104K)] 437091K->399883K(699392K), 0.0084574 secs] [Times: user=0.08 sys=0.00, real=0.01 secs] 
2016-09-25T22:34:08.603-0400: 67.325: [GC (GCLocker Initiated GC) [PSYoungGen: 138919K->81251K(175104K)] 490798K->437785K(699392K), 0.0093664 secs] [Times: user=0.13 sys=0.01, real=0.00 secs] 
2016-09-25T22:34:08.676-0400: 67.399: [GC (GCLocker Initiated GC) [PSYoungGen: 169315K->78749K(175104K)] 529940K->441776K(699392K), 0.0099020 secs] [Times: user=0.15 sys=0.01, real=0.01 secs] 
2016-09-25T22:34:08.742-0400: 67.465: [GC (GCLocker Initiated GC) [PSYoungGen: 166813K->59663K(175104K)] 529879K->441589K(699392K), 0.0072362 secs] [Times: user=0.09 sys=0.01, real=0.00 secs] 
2016-09-25T22:34:08.809-0400: 67.532: [GC (GCLocker Initiated GC) [PSYoungGen: 147727K->65281K(175104K)] 531052K->459225K(699392K), 0.0070380 secs] [Times: user=0.11 sys=0.00, real=0.01 secs] 
2016-09-25T22:34:08.860-0400: 67.583: [GC (GCLocker Initiated GC) [PSYoungGen: 153345K->70565K(175104K)] 550060K->483457K(699392K), 0.0070094 secs] [Times: user=0.10 sys=0.01, real=0.01 secs] 
2016-09-25T22:34:08.942-0400: 67.665: [GC (GCLocker Initiated GC) [PSYoungGen: 158629K->48870K(175104K)] 574280K->495440K(699392K), 0.0089647 secs] [Times: user=0.13 sys=0.00, real=0.01 secs] 
2016-09-25T22:34:09.008-0400: 67.731: [GC (GCLocker Initiated GC) [PSYoungGen: 136934K->70849K(175104K)] 588998K->530855K(699392K), 0.0079177 secs] [Times: user=0.12 sys=0.01, real=0.01 secs] 
2016-09-25T22:34:09.073-0400: 67.796: [GC (GCLocker Initiated GC) [PSYoungGen: 158913K->52944K(175104K)] 627153K->526784K(699392K), 0.0093661 secs] [Times: user=0.08 sys=0.01, real=0.02 secs] 
2016-09-25T22:34:09.127-0400: 67.850: [GC (GCLocker Initiated GC) [PSYoungGen: 141008K->64746K(175104K)] 614910K->558856K(699392K), 0.0192548 secs] [Times: user=0.18 sys=0.00, real=0.02 secs] 
2016-09-25T22:34:09.146-0400: 67.869: [Full GC (Ergonomics) [PSYoungGen: 64746K->0K(175104K)] [ParOldGen: 494110K->355136K(524288K)] 558856K->355136K(699392K), [Metaspace: 43718K->43718K(1087488K)], 0.0826886 secs] [Times: user=0.59 sys=0.00, real=0.08 secs] 
2016-09-25T22:34:09.283-0400: 68.006: [GC (GCLocker Initiated GC) [PSYoungGen: 88064K->85501K(175104K)] 443367K->448904K(699392K), 0.0104488 secs] [Times: user=0.12 sys=0.00, real=0.00 secs] 
2016-09-25T22:34:09.349-0400: 68.071: [GC (GCLocker Initiated GC) [PSYoungGen: 173565K->61237K(175104K)] 546482K->457039K(699392K), 0.0081227 secs] [Times: user=0.13 sys=0.00, real=0.01 secs] 
2016-09-25T22:34:09.439-0400: 68.161: [GC (GCLocker Initiated GC) [PSYoungGen: 149301K->63944K(175104K)] 550754K->496423K(699392K), 0.0135027 secs] [Times: user=0.18 sys=0.01, real=0.01 secs] 
2016-09-25T22:34:09.517-0400: 68.240: [GC (GCLocker Initiated GC) [PSYoungGen: 152008K->64917K(175104K)] 590136K->505695K(699392K), 0.0075205 secs] [Times: user=0.08 sys=0.00, real=0.01 secs] 
2016-09-25T22:34:09.589-0400: 68.311: [GC (GCLocker Initiated GC) [PSYoungGen: 152981K->55368K(143872K)] 595225K->509474K(668160K), 0.0114966 secs] [Times: user=0.13 sys=0.00, real=0.01 secs] 
2016-09-25T22:34:09.686-0400: 68.408: [GC (GCLocker Initiated GC) [PSYoungGen: 143432K->60842K(176640K)] 597585K->526707K(700928K), 0.0108485 secs] [Times: user=0.13 sys=0.00, real=0.01 secs] 
2016-09-25T22:34:09.736-0400: 68.459: [GC (GCLocker Initiated GC) [PSYoungGen: 150954K->84449K(174592K)] 616958K->551479K(698880K), 0.0101780 secs] [Times: user=0.10 sys=0.00, real=0.01 secs] 
2016-09-25T22:34:09.833-0400: 68.556: [GC (GCLocker Initiated GC) [PSYoungGen: 174561K->58019K(175104K)] 647225K->538873K(699392K), 0.0182740 secs] [Times: user=0.14 sys=0.00, real=0.02 secs] 
2016-09-25T22:34:09.921-0400: 68.644: [GC (GCLocker Initiated GC) [PSYoungGen: 146083K->48923K(175104K)] 632466K->543135K(699392K), 0.0076300 secs] [Times: user=0.06 sys=0.01, real=0.01 secs] 
2016-09-25T22:34:09.929-0400: 68.652: [Full GC (Ergonomics) [PSYoungGen: 48923K->0K(175104K)] [ParOldGen: 494212K->357947K(524288K)] 543135K->357947K(699392K), [Metaspace: 43718K->43718K(1087488K)], 0.0783525 secs] [Times: user=0.58 sys=0.01, real=0.08 secs] 
2016-09-25T22:34:10.090-0400: 68.813: [GC (GCLocker Initiated GC) [PSYoungGen: 88064K->65801K(175104K)] 448834K->426579K(699392K), 0.0072255 secs] [Times: user=0.07 sys=0.01, real=0.01 secs] 
2016-09-25T22:34:10.148-0400: 68.871: [GC (GCLocker Initiated GC) [PSYoungGen: 153865K->72311K(175104K)] 522826K->470191K(699392K), 0.0081333 secs] [Times: user=0.11 sys=0.00, real=0.01 secs] 
2016-09-25T22:34:10.224-0400: 68.947: [GC (GCLocker Initiated GC) [PSYoungGen: 160375K->62117K(175104K)] 563903K->494041K(699392K), 0.0087470 secs] [Times: user=0.13 sys=0.00, real=0.00 secs] 
2016-09-25T22:34:10.316-0400: 69.038: [GC (GCLocker Initiated GC) [PSYoungGen: 150181K->66215K(154624K)] 582186K->509851K(678912K), 0.0071166 secs] [Times: user=0.09 sys=0.00, real=0.01 secs] 
2016-09-25T22:34:10.370-0400: 69.093: [GC (GCLocker Initiated GC) [PSYoungGen: 154279K->67864K(174592K)] 600832K->530122K(698880K), 0.0069199 secs] [Times: user=0.10 sys=0.01, real=0.01 secs] 
2016-09-25T22:34:10.451-0400: 69.174: [GC (GCLocker Initiated GC) [PSYoungGen: 156952K->50132K(173568K)] 619322K->548853K(697856K), 0.0104138 secs] [Times: user=0.15 sys=0.01, real=0.01 secs] 
2016-09-25T22:34:10.461-0400: 69.184: [Full GC (Ergonomics) [PSYoungGen: 50132K->0K(173568K)] [ParOldGen: 498720K->359900K(524288K)] 548853K->359900K(697856K), [Metaspace: 43727K->43727K(1087488K)], 0.0756033 secs] [Times: user=0.63 sys=0.00, real=0.08 secs] 
2016-09-25T22:34:10.587-0400: 69.310: [GC (GCLocker Initiated GC) [PSYoungGen: 89088K->74395K(173056K)] 453092K->438400K(697344K), 0.0064376 secs] [Times: user=0.09 sys=0.00, real=0.00 secs] 
2016-09-25T22:34:10.638-0400: 69.360: [GC (GCLocker Initiated GC) [PSYoungGen: 162459K->86407K(175104K)] 529213K->455860K(699392K), 0.0137742 secs] [Times: user=0.20 sys=0.01, real=0.01 secs] 
2016-09-25T22:34:10.719-0400: 69.442: [GC (GCLocker Initiated GC) [PSYoungGen: 174471K->58082K(175104K)] 548752K->461458K(699392K), 0.0091508 secs] [Times: user=0.11 sys=0.00, real=0.01 secs] 
2016-09-25T22:34:10.791-0400: 69.514: [GC (GCLocker Initiated GC) [PSYoungGen: 146146K->61130K(175104K)] 549566K->466706K(699392K), 0.0157601 secs] [Times: user=0.23 sys=0.01, real=0.02 secs] 
2016-09-25T22:34:10.869-0400: 69.592: [GC (GCLocker Initiated GC) [PSYoungGen: 149194K->51581K(175104K)] 561553K->466321K(699392K), 0.0085890 secs] [Times: user=0.08 sys=0.00, real=0.01 secs] 
2016-09-25T22:34:10.925-0400: 69.648: [GC (GCLocker Initiated GC) [PSYoungGen: 139645K->80995K(175104K)] 554612K->515251K(699392K), 0.0099878 secs] [Times: user=0.14 sys=0.00, real=0.01 secs] 
2016-09-25T22:34:10.998-0400: 69.720: [GC (GCLocker Initiated GC) [PSYoungGen: 169059K->39139K(175104K)] 615523K->494487K(699392K), 0.0066020 secs] [Times: user=0.06 sys=0.00, real=0.01 secs] 
2016-09-25T22:34:11.070-0400: 69.793: [GC (GCLocker Initiated GC) [PSYoungGen: 127203K->53938K(175104K)] 582618K->525334K(699392K), 0.0070241 secs] [Times: user=0.09 sys=0.00, real=0.01 secs] 
2016-09-25T22:34:11.137-0400: 69.860: [GC (GCLocker Initiated GC) [PSYoungGen: 142002K->59300K(175104K)] 613599K->546607K(699392K), 0.0101350 secs] [Times: user=0.14 sys=0.00, real=0.01 secs] 
2016-09-25T22:34:11.208-0400: 69.931: [Full GC (Ergonomics) [PSYoungGen: 147364K->0K(175104K)] [ParOldGen: 490047K->373594K(524288K)] 637411K->373594K(699392K), [Metaspace: 43731K->43731K(1087488K)], 0.0700579 secs] [Times: user=0.61 sys=0.00, real=0.07 secs] 
2016-09-25T22:34:11.347-0400: 70.070: [GC (GCLocker Initiated GC) [PSYoungGen: 88064K->45575K(175104K)] 461739K->419250K(699392K), 0.0140810 secs] [Times: user=0.19 sys=0.00, real=0.01 secs] 
2016-09-25T22:34:11.410-0400: 70.132: [GC (GCLocker Initiated GC) [PSYoungGen: 133639K->44927K(175104K)] 507459K->445010K(699392K), 0.0114682 secs] [Times: user=0.17 sys=0.01, real=0.01 secs] 
2016-09-25T22:34:11.479-0400: 70.201: [GC (GCLocker Initiated GC) [PSYoungGen: 132991K->67726K(175104K)] 533140K->490746K(699392K), 0.0075200 secs] [Times: user=0.10 sys=0.01, real=0.01 secs] 
2016-09-25T22:34:11.541-0400: 70.263: [GC (GCLocker Initiated GC) [PSYoungGen: 155790K->71062K(175104K)] 581556K->501986K(699392K), 0.0192181 secs] [Times: user=0.31 sys=0.02, real=0.02 secs] 
2016-09-25T22:34:11.630-0400: 70.353: [GC (GCLocker Initiated GC) [PSYoungGen: 159126K->48952K(175104K)] 595917K->516954K(699392K), 0.0064485 secs] [Times: user=0.09 sys=0.01, real=0.01 secs] 
2016-09-25T22:34:11.695-0400: 70.418: [GC (GCLocker Initiated GC) [PSYoungGen: 137016K->59084K(175104K)] 605161K->532502K(699392K), 0.0092502 secs] [Times: user=0.08 sys=0.01, real=0.01 secs] 
2016-09-25T22:34:11.758-0400: 70.481: [GC (GCLocker Initiated GC) [PSYoungGen: 147148K->62271K(150528K)] 622016K->558092K(674816K), 0.0104962 secs] [Times: user=0.11 sys=0.01, real=0.01 secs] 
2016-09-25T22:34:11.769-0400: 70.492: [Full GC (Ergonomics) [PSYoungGen: 62271K->0K(150528K)] [ParOldGen: 495820K->379301K(524288K)] 558092K->379301K(674816K), [Metaspace: 43732K->43732K(1087488K)], 0.0540848 secs] [Times: user=0.41 sys=0.00, real=0.06 secs] 
2016-09-25T22:34:11.870-0400: 70.593: [GC (GCLocker Initiated GC) [PSYoungGen: 88064K->59310K(176640K)] 474212K->445458K(700928K), 0.0091483 secs] [Times: user=0.10 sys=0.00, real=0.01 secs] 
2016-09-25T22:34:11.946-0400: 70.669: [GC (GCLocker Initiated GC) [PSYoungGen: 149934K->60962K(174080K)] 538878K->466810K(698368K), 0.0112823 secs] [Times: user=0.13 sys=0.00, real=0.01 secs] 
2016-09-25T22:34:12.039-0400: 70.762: [GC (GCLocker Initiated GC) [PSYoungGen: 151586K->55494K(175104K)] 563013K->481297K(699392K), 0.0066699 secs] [Times: user=0.08 sys=0.00, real=0.01 secs] 
2016-09-25T22:34:12.104-0400: 70.826: [GC (GCLocker Initiated GC) [PSYoungGen: 149190K->70540K(174080K)] 583174K->531172K(698368K), 0.0101010 secs] [Times: user=0.16 sys=0.00, real=0.00 secs] 
2016-09-25T22:34:12.172-0400: 70.895: [GC (GCLocker Initiated GC) [PSYoungGen: 164236K->63350K(180224K)] 630318K->549514K(704512K), 0.0087404 secs] [Times: user=0.13 sys=0.00, real=0.01 secs] 
2016-09-25T22:34:12.181-0400: 70.904: [Full GC (Ergonomics) [PSYoungGen: 63350K->0K(180224K)] [ParOldGen: 486163K->388310K(524288K)] 549514K->388310K(704512K), [Metaspace: 43734K->43734K(1087488K)], 0.0682905 secs] [Times: user=0.50 sys=0.01, real=0.07 secs] 
2016-09-25T22:34:12.309-0400: 71.031: [GC (GCLocker Initiated GC) [PSYoungGen: 98816K->73335K(172544K)] 487228K->461748K(696832K), 0.0084528 secs] [Times: user=0.14 sys=0.00, real=0.01 secs] 
2016-09-25T22:34:12.378-0400: 71.101: [GC (GCLocker Initiated GC) [PSYoungGen: 172151K->75430K(173056K)] 563514K->469480K(697344K), 0.0065566 secs] [Times: user=0.07 sys=0.01, real=0.01 secs] 
2016-09-25T22:34:12.434-0400: 71.157: [GC (GCLocker Initiated GC) [PSYoungGen: 164518K->85498K(174592K)] 558723K->479702K(698880K), 0.0074485 secs] [Times: user=0.09 sys=0.01, real=0.01 secs] 
2016-09-25T22:34:12.490-0400: 71.212: [GC (GCLocker Initiated GC) [PSYoungGen: 174586K->80741K(175104K)] 568969K->489838K(699392K), 0.0087655 secs] [Times: user=0.11 sys=0.01, real=0.01 secs] 
2016-09-25T22:34:12.550-0400: 71.273: [GC (GCLocker Initiated GC) [PSYoungGen: 168805K->70151K(175104K)] 578028K->497451K(699392K), 0.0077698 secs] [Times: user=0.09 sys=0.00, real=0.01 secs] 
2016-09-25T22:34:12.623-0400: 71.346: [GC (GCLocker Initiated GC) [PSYoungGen: 158215K->45860K(175104K)] 585595K->486199K(699392K), 0.0084663 secs] [Times: user=0.05 sys=0.00, real=0.00 secs] 
2016-09-25T22:34:12.678-0400: 71.401: [GC (GCLocker Initiated GC) [PSYoungGen: 133924K->57850K(175104K)] 578425K->516777K(699392K), 0.0076401 secs] [Times: user=0.12 sys=0.00, real=0.01 secs] 
2016-09-25T22:34:12.732-0400: 71.455: [GC (GCLocker Initiated GC) [PSYoungGen: 145914K->75542K(175104K)] 610319K->562241K(699392K), 0.0077217 secs] [Times: user=0.11 sys=0.00, real=0.01 secs] 
2016-09-25T22:34:12.791-0400: 71.514: [GC (GCLocker Initiated GC) [PSYoungGen: 163606K->44081K(175104K)] 653122K->564025K(699392K), 0.0088066 secs] [Times: user=0.08 sys=0.01, real=0.01 secs] 
2016-09-25T22:34:12.800-0400: 71.523: [Full GC (Ergonomics) [PSYoungGen: 44081K->0K(175104K)] [ParOldGen: 519943K->384747K(524288K)] 564025K->384747K(699392K), [Metaspace: 43734K->43734K(1087488K)], 0.0709848 secs] [Times: user=0.46 sys=0.00, real=0.07 secs] 
2016-09-25T22:34:12.909-0400: 71.632: [GC (GCLocker Initiated GC) [PSYoungGen: 88064K->64997K(175104K)] 472890K->449824K(699392K), 0.0161504 secs] [Times: user=0.15 sys=0.00, real=0.02 secs] 
2016-09-25T22:34:12.985-0400: 71.708: [GC (GCLocker Initiated GC) [PSYoungGen: 153061K->68705K(175104K)] 551671K->469916K(699392K), 0.0079307 secs] [Times: user=0.11 sys=0.00, real=0.00 secs] 
2016-09-25T22:34:13.058-0400: 71.781: [GC (GCLocker Initiated GC) [PSYoungGen: 156769K->45332K(175104K)] 564914K->458204K(699392K), 0.0088741 secs] [Times: user=0.07 sys=0.01, real=0.01 secs] 
2016-09-25T22:34:13.118-0400: 71.841: [GC (GCLocker Initiated GC) [PSYoungGen: 133396K->50833K(175104K)] 546336K->493998K(699392K), 0.0157885 secs] [Times: user=0.21 sys=0.01, real=0.01 secs] 
2016-09-25T22:34:13.172-0400: 71.895: [GC (GCLocker Initiated GC) [PSYoungGen: 138897K->82160K(175104K)] 582319K->532755K(699392K), 0.0110171 secs] [Times: user=0.12 sys=0.01, real=0.02 secs] 
2016-09-25T22:34:13.236-0400: 71.959: [GC (GCLocker Initiated GC) [PSYoungGen: 170224K->82247K(175104K)] 624987K->537594K(699392K), 0.0103278 secs] [Times: user=0.17 sys=0.00, real=0.01 secs] 
2016-09-25T22:34:13.307-0400: 72.030: [GC (GCLocker Initiated GC) [PSYoungGen: 170311K->56199K(175104K)] 625718K->533965K(699392K), 0.0066957 secs] [Times: user=0.09 sys=0.01, real=0.01 secs] 
2016-09-25T22:34:13.366-0400: 72.088: [Full GC (Ergonomics) [PSYoungGen: 144263K->0K(175104K)] [ParOldGen: 484701K->390891K(524288K)] 628964K->390891K(699392K), [Metaspace: 43734K->43734K(1087488K)], 0.0620292 secs] [Times: user=0.48 sys=0.00, real=0.06 secs] 
2016-09-25T22:34:13.497-0400: 72.220: [GC (GCLocker Initiated GC) [PSYoungGen: 88064K->55712K(175104K)] 488616K->456265K(699392K), 0.0123225 secs] [Times: user=0.15 sys=0.00, real=0.01 secs] 
2016-09-25T22:34:13.565-0400: 72.288: [GC (GCLocker Initiated GC) [PSYoungGen: 143776K->53513K(175104K)] 551216K->474287K(699392K), 0.0062682 secs] [Times: user=0.09 sys=0.00, real=0.00 secs] 
2016-09-25T22:34:13.613-0400: 72.335: [GC (GCLocker Initiated GC) [PSYoungGen: 141577K->79628K(175104K)] 562463K->519813K(699392K), 0.0084766 secs] [Times: user=0.13 sys=0.00, real=0.01 secs] 
2016-09-25T22:34:13.673-0400: 72.396: [GC (GCLocker Initiated GC) [PSYoungGen: 167692K->84793K(175104K)] 610749K->538180K(699392K), 0.0091765 secs] [Times: user=0.14 sys=0.00, real=0.02 secs] 
2016-09-25T22:34:13.741-0400: 72.463: [GC (GCLocker Initiated GC) [PSYoungGen: 172857K->63101K(175104K)] 631790K->556377K(699392K), 0.0101585 secs] [Times: user=0.15 sys=0.00, real=0.01 secs] 
2016-09-25T22:34:13.751-0400: 72.474: [Full GC (Ergonomics) [PSYoungGen: 63101K->0K(175104K)] [ParOldGen: 493275K->398385K(524288K)] 556377K->398385K(699392K), [Metaspace: 43734K->43734K(1087488K)], 0.0612876 secs] [Times: user=0.55 sys=0.02, real=0.06 secs] 
2016-09-25T22:34:13.857-0400: 72.580: [GC (GCLocker Initiated GC) [PSYoungGen: 88064K->78598K(175104K)] 489212K->479747K(699392K), 0.0073758 secs] [Times: user=0.10 sys=0.00, real=0.01 secs] 
2016-09-25T22:34:13.914-0400: 72.637: [GC (GCLocker Initiated GC) [PSYoungGen: 166662K->44134K(175104K)] 578847K->472377K(699392K), 0.0167727 secs] [Times: user=0.22 sys=0.00, real=0.01 secs] 
2016-09-25T22:34:13.995-0400: 72.718: [GC (GCLocker Initiated GC) [PSYoungGen: 132198K->46832K(175104K)] 560473K->479588K(699392K), 0.0240948 secs] [Times: user=0.28 sys=0.00, real=0.02 secs] 
2016-09-25T22:34:14.081-0400: 72.803: [GC (GCLocker Initiated GC) [PSYoungGen: 134896K->79353K(175104K)] 570610K->518370K(699392K), 0.0086781 secs] [Times: user=0.11 sys=0.02, real=0.01 secs] 
2016-09-25T22:34:14.142-0400: 72.865: [GC (GCLocker Initiated GC) [PSYoungGen: 167417K->64484K(175104K)] 612397K->512760K(699392K), 0.0105204 secs] [Times: user=0.16 sys=0.00, real=0.00 secs] 
2016-09-25T22:34:14.226-0400: 72.949: [GC (GCLocker Initiated GC) [PSYoungGen: 152548K->45394K(175104K)] 610416K->517283K(699392K), 0.0128287 secs] [Times: user=0.11 sys=0.00, real=0.01 secs] 
2016-09-25T22:34:14.312-0400: 73.034: [GC (GCLocker Initiated GC) [PSYoungGen: 133458K->60375K(175104K)] 605470K->555957K(699392K), 0.0074432 secs] [Times: user=0.09 sys=0.00, real=0.01 secs] 
2016-09-25T22:34:14.319-0400: 73.042: [Full GC (Ergonomics) [PSYoungGen: 60375K->0K(175104K)] [ParOldGen: 495582K->393108K(524288K)] 555957K->393108K(699392K), [Metaspace: 43735K->43735K(1087488K)], 0.0558676 secs] [Times: user=0.50 sys=0.00, real=0.06 secs] 
2016-09-25T22:34:14.453-0400: 73.176: [GC (GCLocker Initiated GC) [PSYoungGen: 88064K->63354K(175104K)] 485326K->460616K(699392K), 0.0116272 secs] [Times: user=0.13 sys=0.00, real=0.02 secs] 
2016-09-25T22:34:14.534-0400: 73.256: [GC (GCLocker Initiated GC) [PSYoungGen: 151418K->56328K(175104K)] 558169K->478911K(699392K), 0.0083663 secs] [Times: user=0.09 sys=0.00, real=0.02 secs] 
2016-09-25T22:34:14.606-0400: 73.329: [GC (GCLocker Initiated GC) [PSYoungGen: 144392K->52299K(175104K)] 571059K->482228K(699392K), 0.0100980 secs] [Times: user=0.11 sys=0.01, real=0.01 secs] 
2016-09-25T22:34:14.701-0400: 73.424: [GC (GCLocker Initiated GC) [PSYoungGen: 140363K->49650K(175104K)] 579896K->499186K(699392K), 0.0094927 secs] [Times: user=0.11 sys=0.01, real=0.01 secs] 
2016-09-25T22:34:14.760-0400: 73.483: [GC (GCLocker Initiated GC) [PSYoungGen: 137714K->67305K(175104K)] 594109K->525709K(699392K), 0.0069565 secs] [Times: user=0.09 sys=0.01, real=0.01 secs] 
2016-09-25T22:34:14.840-0400: 73.563: [GC (Allocation Failure) [PSYoungGen: 155369K->34680K(175104K)] 621994K->518116K(699392K), 0.0133027 secs] [Times: user=0.10 sys=0.01, real=0.01 secs] 
2016-09-25T22:34:14.920-0400: 73.643: [GC (GCLocker Initiated GC) [PSYoungGen: 122694K->59112K(175104K)] 609018K->565057K(699392K), 0.0083427 secs] [Times: user=0.10 sys=0.00, real=0.01 secs] 
2016-09-25T22:34:14.929-0400: 73.652: [Full GC (Ergonomics) [PSYoungGen: 59112K->0K(175104K)] [ParOldGen: 505945K->395117K(524288K)] 565057K->395117K(699392K), [Metaspace: 43735K->43735K(1087488K)], 0.0570656 secs] [Times: user=0.58 sys=0.01, real=0.06 secs] 
2016-09-25T22:34:15.049-0400: 73.772: [GC (GCLocker Initiated GC) [PSYoungGen: 88064K->58061K(169984K)] 485910K->455908K(694272K), 0.0108509 secs] [Times: user=0.12 sys=0.02, real=0.01 secs] 
2016-09-25T22:34:15.144-0400: 73.866: [GC (GCLocker Initiated GC) [PSYoungGen: 146125K->82153K(172544K)] 546752K->489164K(696832K), 0.0081922 secs] [Times: user=0.11 sys=0.00, real=0.00 secs] 
2016-09-25T22:34:15.214-0400: 73.937: [GC (GCLocker Initiated GC) [PSYoungGen: 170217K->75250K(175104K)] 577310K->500590K(699392K), 0.0082872 secs] [Times: user=0.09 sys=0.00, real=0.02 secs] 
2016-09-25T22:34:15.274-0400: 73.997: [GC (GCLocker Initiated GC) [PSYoungGen: 163314K->60599K(175104K)] 594259K->504237K(699392K), 0.0162647 secs] [Times: user=0.14 sys=0.00, real=0.02 secs] 
2016-09-25T22:34:15.379-0400: 74.102: [GC (GCLocker Initiated GC) [PSYoungGen: 148663K->37596K(175104K)] 611388K->511768K(699392K), 0.0082424 secs] [Times: user=0.07 sys=0.00, real=0.01 secs] 
2016-09-25T22:34:15.440-0400: 74.163: [GC (GCLocker Initiated GC) [PSYoungGen: 125660K->48417K(175104K)] 614904K->542473K(699392K), 0.0068551 secs] [Times: user=0.05 sys=0.01, real=0.01 secs] 
2016-09-25T22:34:15.498-0400: 74.221: [Full GC (Ergonomics) [PSYoungGen: 136481K->0K(175104K)] [ParOldGen: 499554K->397074K(524288K)] 636035K->397074K(699392K), [Metaspace: 43735K->43735K(1087488K)], 0.0852467 secs] [Times: user=0.71 sys=0.03, real=0.09 secs] 
2016-09-25T22:34:15.638-0400: 74.360: [GC (GCLocker Initiated GC) [PSYoungGen: 88064K->73008K(175104K)] 493312K->478257K(699392K), 0.0064230 secs] [Times: user=0.08 sys=0.01, real=0.01 secs] 
2016-09-25T22:34:15.702-0400: 74.425: [GC (GCLocker Initiated GC) [PSYoungGen: 161072K->49608K(175104K)] 571899K->468155K(699392K), 0.0175002 secs] [Times: user=0.15 sys=0.00, real=0.01 secs] 
2016-09-25T22:34:15.777-0400: 74.500: [GC (GCLocker Initiated GC) [PSYoungGen: 137672K->48292K(175104K)] 556312K->494600K(699392K), 0.0100678 secs] [Times: user=0.13 sys=0.00, real=0.01 secs] 
2016-09-25T22:34:15.836-0400: 74.559: [GC (GCLocker Initiated GC) [PSYoungGen: 136356K->57997K(146432K)] 585434K->526545K(670720K), 0.0074027 secs] [Times: user=0.10 sys=0.00, real=0.01 secs] 
2016-09-25T22:34:15.894-0400: 74.616: [GC (GCLocker Initiated GC) [PSYoungGen: 146061K->70179K(174080K)] 621113K->554100K(698368K), 0.0077939 secs] [Times: user=0.08 sys=0.00, real=0.01 secs] 
2016-09-25T22:34:15.961-0400: 74.683: [GC (GCLocker Initiated GC) [PSYoungGen: 157731K->45434K(174592K)] 644568K->543777K(698880K), 0.0115281 secs] [Times: user=0.10 sys=0.01, real=0.01 secs] 
2016-09-25T22:34:15.972-0400: 74.695: [Full GC (Ergonomics) [PSYoungGen: 45434K->0K(174592K)] [ParOldGen: 498342K->405389K(524288K)] 543777K->405389K(698880K), [Metaspace: 43735K->43735K(1087488K)], 0.0614893 secs] [Times: user=0.52 sys=0.00, real=0.06 secs] 
2016-09-25T22:34:16.095-0400: 74.817: [GC (GCLocker Initiated GC) [PSYoungGen: 87552K->57065K(171008K)] 504980K->474494K(695296K), 0.0120320 secs] [Times: user=0.16 sys=0.00, real=0.01 secs] 
2016-09-25T22:34:16.168-0400: 74.891: [GC (GCLocker Initiated GC) [PSYoungGen: 145129K->50995K(173056K)] 569457K->481967K(697344K), 0.0125202 secs] [Times: user=0.12 sys=0.00, real=0.01 secs] 
2016-09-25T22:34:16.246-0400: 74.968: [GC (GCLocker Initiated GC) [PSYoungGen: 139059K->60358K(173568K)] 570148K->494832K(697856K), 0.0061139 secs] [Times: user=0.08 sys=0.00, real=0.00 secs] 
2016-09-25T22:34:16.288-0400: 75.011: [GC (GCLocker Initiated GC) [PSYoungGen: 154054K->79631K(173568K)] 588661K->545790K(697856K), 0.0124360 secs] [Times: user=0.17 sys=0.00, real=0.01 secs] 
2016-09-25T22:34:16.363-0400: 75.086: [GC (GCLocker Initiated GC) [PSYoungGen: 173327K->75460K(175104K)] 642228K->549170K(699392K), 0.0066920 secs] [Times: user=0.10 sys=0.01, real=0.00 secs] 
2016-09-25T22:34:16.418-0400: 75.140: [GC (GCLocker Initiated GC) [PSYoungGen: 163524K->71509K(175104K)] 637285K->578417K(699392K), 0.0076860 secs] [Times: user=0.11 sys=0.01, real=0.01 secs] 
2016-09-25T22:34:16.426-0400: 75.148: [Full GC (Ergonomics) [PSYoungGen: 71509K->0K(175104K)] [ParOldGen: 506907K->411334K(524288K)] 578417K->411334K(699392K), [Metaspace: 43735K->43735K(1087488K)], 0.0656126 secs] [Times: user=0.63 sys=0.00, real=0.06 secs] 
2016-09-25T22:34:16.550-0400: 75.273: [GC (GCLocker Initiated GC) [PSYoungGen: 88064K->58523K(175104K)] 503534K->473994K(699392K), 0.0093914 secs] [Times: user=0.07 sys=0.00, real=0.01 secs] 
2016-09-25T22:34:16.620-0400: 75.343: [GC (GCLocker Initiated GC) [PSYoungGen: 146587K->52417K(175104K)] 563774K->491265K(699392K), 0.0083220 secs] [Times: user=0.14 sys=0.00, real=0.01 secs] 
2016-09-25T22:34:16.681-0400: 75.404: [GC (GCLocker Initiated GC) [PSYoungGen: 140481K->75465K(175104K)] 579379K->521798K(699392K), 0.0072913 secs] [Times: user=0.10 sys=0.00, real=0.01 secs] 
2016-09-25T22:34:16.737-0400: 75.460: [GC (GCLocker Initiated GC) [PSYoungGen: 163529K->53706K(175104K)] 609990K->511653K(699392K), 0.0086732 secs] [Times: user=0.06 sys=0.00, real=0.01 secs] 
2016-09-25T22:34:16.801-0400: 75.523: [GC (GCLocker Initiated GC) [PSYoungGen: 141770K->57815K(175104K)] 599809K->533996K(699392K), 0.0134883 secs] [Times: user=0.14 sys=0.01, real=0.02 secs] 
2016-09-25T22:34:16.875-0400: 75.598: [GC (GCLocker Initiated GC) [PSYoungGen: 145879K->64502K(152576K)] 622178K->546892K(676864K), 0.0099038 secs] [Times: user=0.14 sys=0.00, real=0.01 secs] 
2016-09-25T22:34:16.929-0400: 75.652: [GC (GCLocker Initiated GC) [PSYoungGen: 152566K->75656K(173056K)] 637844K->573684K(697344K), 0.0097306 secs] [Times: user=0.11 sys=0.00, real=0.01 secs] 
2016-09-25T22:34:16.939-0400: 75.662: [Full GC (Ergonomics) [PSYoungGen: 75656K->0K(173056K)] [ParOldGen: 498027K->414478K(524288K)] 573684K->414478K(697344K), [Metaspace: 43735K->43735K(1087488K)], 0.2570747 secs] [Times: user=3.87 sys=0.02, real=0.26 secs] 
2016-09-25T22:34:17.250-0400: 75.973: [GC (GCLocker Initiated GC) [PSYoungGen: 87040K->78995K(174080K)] 507004K->498959K(698368K), 0.0103806 secs] [Times: user=0.13 sys=0.00, real=0.01 secs] 
2016-09-25T22:34:17.313-0400: 76.035: [GC (GCLocker Initiated GC) [PSYoungGen: 166035K->61835K(175104K)] 587040K->495185K(699392K), 0.0116160 secs] [Times: user=0.15 sys=0.00, real=0.02 secs] 
2016-09-25T22:34:17.382-0400: 76.105: [GC (GCLocker Initiated GC) [PSYoungGen: 149899K->40391K(175104K)] 601007K->501550K(699392K), 0.0080266 secs] [Times: user=0.09 sys=0.01, real=0.01 secs] 
2016-09-25T22:34:17.448-0400: 76.173: [GC (GCLocker Initiated GC) [PSYoungGen: 128455K->46952K(175104K)] 596480K->517088K(699392K), 0.0093841 secs] [Times: user=0.05 sys=0.01, real=0.01 secs] 
2016-09-25T22:34:17.512-0400: 76.235: [GC (Allocation Failure) [PSYoungGen: 135016K->65948K(175104K)] 616745K->564682K(699392K), 0.0071396 secs] [Times: user=0.10 sys=0.01, real=0.01 secs] 
2016-09-25T22:34:17.519-0400: 76.242: [Full GC (Ergonomics) [PSYoungGen: 65948K->0K(175104K)] [ParOldGen: 498733K->407691K(524288K)] 564682K->407691K(699392K), [Metaspace: 43735K->43735K(1087488K)], 0.0632207 secs] [Times: user=0.55 sys=0.01, real=0.07 secs] 
2016-09-25T22:34:17.636-0400: 76.359: [GC (GCLocker Initiated GC) [PSYoungGen: 86758K->76877K(175104K)] 499850K->489969K(699392K), 0.0111972 secs] [Times: user=0.08 sys=0.02, real=0.01 secs] 
2016-09-25T22:34:17.710-0400: 76.433: [GC (GCLocker Initiated GC) [PSYoungGen: 164941K->56589K(175104K)] 590567K->484442K(699392K), 0.0093180 secs] [Times: user=0.12 sys=0.00, real=0.01 secs] 
2016-09-25T22:34:17.764-0400: 76.487: [GC (GCLocker Initiated GC) [PSYoungGen: 144653K->71182K(175104K)] 572594K->509331K(699392K), 0.0088685 secs] [Times: user=0.10 sys=0.00, real=0.00 secs] 
2016-09-25T22:34:17.821-0400: 76.543: [GC (GCLocker Initiated GC) [PSYoungGen: 159246K->68670K(175104K)] 607001K->516863K(699392K), 0.0071694 secs] [Times: user=0.10 sys=0.00, real=0.01 secs] 
2016-09-25T22:34:17.882-0400: 76.605: [GC (GCLocker Initiated GC) [PSYoungGen: 156734K->65881K(175104K)] 607883K->528496K(699392K), 0.0100098 secs] [Times: user=0.14 sys=0.00, real=0.01 secs] 
2016-09-25T22:34:17.955-0400: 76.678: [GC (GCLocker Initiated GC) [PSYoungGen: 153945K->48330K(175104K)] 635601K->530562K(699392K), 0.0062618 secs] [Times: user=0.07 sys=0.00, real=0.00 secs] 
2016-09-25T22:34:18.021-0400: 76.744: [GC (GCLocker Initiated GC) [PSYoungGen: 136394K->42613K(175104K)] 620129K->541791K(699392K), 0.0066963 secs] [Times: user=0.06 sys=0.00, real=0.01 secs] 
2016-09-25T22:34:18.028-0400: 76.751: [Full GC (Ergonomics) [PSYoungGen: 42613K->0K(175104K)] [ParOldGen: 499177K->404321K(524288K)] 541791K->404321K(699392K), [Metaspace: 43735K->43735K(1087488K)], 0.0646344 secs] [Times: user=0.63 sys=0.00, real=0.06 secs] 
2016-09-25T22:34:18.141-0400: 76.864: [GC (GCLocker Initiated GC) [PSYoungGen: 88064K->74559K(175104K)] 498267K->484763K(699392K), 0.0095544 secs] [Times: user=0.11 sys=0.00, real=0.01 secs] 
2016-09-25T22:34:18.210-0400: 76.933: [GC (GCLocker Initiated GC) [PSYoungGen: 162623K->40139K(175104K)] 576986K->471857K(699392K), 0.0089983 secs] [Times: user=0.07 sys=0.01, real=0.01 secs] 
2016-09-25T22:34:18.279-0400: 77.002: [GC (GCLocker Initiated GC) [PSYoungGen: 128203K->26406K(175104K)] 576220K->489839K(699392K), 0.0126577 secs] [Times: user=0.14 sys=0.00, real=0.01 secs] 
2016-09-25T22:34:18.351-0400: 77.074: [GC (GCLocker Initiated GC) [PSYoungGen: 114470K->45730K(175104K)] 590211K->521915K(699392K), 0.0107435 secs] [Times: user=0.14 sys=0.00, real=0.01 secs] 
2016-09-25T22:34:18.416-0400: 77.138: [GC (GCLocker Initiated GC) [PSYoungGen: 133794K->58850K(175104K)] 610046K->558735K(699392K), 0.0114376 secs] [Times: user=0.10 sys=0.01, real=0.01 secs] 
2016-09-25T22:34:18.427-0400: 77.150: [Full GC (Ergonomics) [PSYoungGen: 58850K->0K(175104K)] [ParOldGen: 499885K->411762K(524288K)] 558735K->411762K(699392K), [Metaspace: 43735K->43735K(1087488K)], 0.0528100 secs] [Times: user=0.39 sys=0.02, real=0.05 secs] 
2016-09-25T22:34:18.536-0400: 77.259: [GC (GCLocker Initiated GC) [PSYoungGen: 88064K->62059K(175104K)] 502618K->476613K(699392K), 0.0071389 secs] [Times: user=0.06 sys=0.01, real=0.01 secs] 
2016-09-25T22:34:18.608-0400: 77.331: [GC (GCLocker Initiated GC) [PSYoungGen: 150123K->48400K(175104K)] 572858K->476138K(699392K), 0.0204910 secs] [Times: user=0.20 sys=0.02, real=0.02 secs] 
2016-09-25T22:34:18.666-0400: 77.388: [GC (GCLocker Initiated GC) [PSYoungGen: 136464K->57688K(172032K)] 564333K->502427K(696320K), 0.0191643 secs] [Times: user=0.22 sys=0.00, real=0.02 secs] 
2016-09-25T22:34:18.728-0400: 77.451: [GC (GCLocker Initiated GC) [PSYoungGen: 145752K->60518K(173568K)] 601360K->535598K(697856K), 0.0105156 secs] [Times: user=0.11 sys=0.00, real=0.01 secs] 
2016-09-25T22:34:18.805-0400: 77.527: [GC (Allocation Failure) [PSYoungGen: 148582K->61676K(175616K)] 634590K->561854K(699904K), 0.0131988 secs] [Times: user=0.13 sys=0.00, real=0.01 secs] 
2016-09-25T22:34:18.818-0400: 77.541: [Full GC (Ergonomics) [PSYoungGen: 61676K->0K(175616K)] [ParOldGen: 500177K->424869K(524288K)] 561854K->424869K(699904K), [Metaspace: 43735K->43735K(1087488K)], 0.0849999 secs] [Times: user=0.51 sys=0.02, real=0.09 secs] 
2016-09-25T22:34:18.905-0400: 77.627: [GC (GCLocker Initiated GC) [PSYoungGen: 8629K->8388K(101376K)] 433499K->433257K(625664K), 0.0033507 secs] [Times: user=0.04 sys=0.00, real=0.00 secs] 
2016-09-25T22:34:18.958-0400: 77.680: [GC (GCLocker Initiated GC) [PSYoungGen: 99404K->82502K(175104K)] 526974K->512788K(699392K), 0.0130926 secs] [Times: user=0.16 sys=0.01, real=0.01 secs] 
2016-09-25T22:34:19.051-0400: 77.774: [GC (GCLocker Initiated GC) [PSYoungGen: 170566K->60422K(175104K)] 609116K->509364K(699392K), 0.0140524 secs] [Times: user=0.15 sys=0.02, real=0.02 secs] 
2016-09-25T22:34:19.126-0400: 77.849: [GC (GCLocker Initiated GC) [PSYoungGen: 148486K->69933K(175104K)] 608375K->556042K(699392K), 0.0080714 secs] [Times: user=0.13 sys=0.00, real=0.00 secs] 
2016-09-25T22:34:19.184-0400: 77.907: [GC (GCLocker Initiated GC) [PSYoungGen: 157997K->57788K(175104K)] 646919K->567570K(699392K), 0.0072485 secs] [Times: user=0.10 sys=0.00, real=0.00 secs] 
2016-09-25T22:34:19.192-0400: 77.914: [Full GC (Ergonomics) [PSYoungGen: 57788K->0K(175104K)] [ParOldGen: 509782K->415630K(524288K)] 567570K->415630K(699392K), [Metaspace: 43735K->43735K(1087488K)], 0.0803929 secs] [Times: user=0.66 sys=0.00, real=0.08 secs] 
2016-09-25T22:34:19.331-0400: 78.054: [GC (GCLocker Initiated GC) [PSYoungGen: 88064K->77199K(175104K)] 506604K->495739K(699392K), 0.0072289 secs] [Times: user=0.09 sys=0.00, real=0.01 secs] 
2016-09-25T22:34:19.380-0400: 78.102: [GC (GCLocker Initiated GC) [PSYoungGen: 165263K->76752K(175104K)] 589344K->503286K(699392K), 0.0128942 secs] [Times: user=0.18 sys=0.00, real=0.01 secs] 
2016-09-25T22:34:19.479-0400: 78.202: [GC (GCLocker Initiated GC) [PSYoungGen: 164816K->55020K(175104K)] 600920K->495878K(699392K), 0.0090822 secs] [Times: user=0.10 sys=0.00, real=0.01 secs] 
2016-09-25T22:34:19.533-0400: 78.256: [GC (GCLocker Initiated GC) [PSYoungGen: 143084K->62930K(175104K)] 584051K->505763K(699392K), 0.0184801 secs] [Times: user=0.24 sys=0.00, real=0.02 secs] 
2016-09-25T22:34:19.602-0400: 78.325: [GC (GCLocker Initiated GC) [PSYoungGen: 150994K->57663K(175104K)] 593916K->517263K(699392K), 0.0180581 secs] [Times: user=0.21 sys=0.00, real=0.01 secs] 
2016-09-25T22:34:19.696-0400: 78.419: [GC (GCLocker Initiated GC) [PSYoungGen: 145727K->56375K(175104K)] 610996K->524891K(699392K), 0.0068639 secs] [Times: user=0.06 sys=0.00, real=0.01 secs] 
2016-09-25T22:34:19.745-0400: 78.468: [GC (GCLocker Initiated GC) [PSYoungGen: 144439K->68333K(175104K)] 615718K->543001K(699392K), 0.0081531 secs] [Times: user=0.09 sys=0.00, real=0.00 secs] 
2016-09-25T22:34:19.811-0400: 78.534: [GC (GCLocker Initiated GC) [PSYoungGen: 156397K->44261K(175104K)] 639235K->547750K(699392K), 0.0098719 secs] [Times: user=0.10 sys=0.00, real=0.01 secs] 
2016-09-25T22:34:19.821-0400: 78.544: [Full GC (Ergonomics) [PSYoungGen: 44261K->0K(175104K)] [ParOldGen: 503489K->419001K(524288K)] 547750K->419001K(699392K), [Metaspace: 43752K->43752K(1087488K)], 0.0863540 secs] [Times: user=0.53 sys=0.02, real=0.09 secs] 
2016-09-25T22:34:19.957-0400: 78.680: [GC (GCLocker Initiated GC) [PSYoungGen: 88064K->55731K(174080K)] 519272K->486940K(698368K), 0.0080011 secs] [Times: user=0.06 sys=0.02, real=0.01 secs] 
2016-09-25T22:34:20.043-0400: 78.766: [GC (GCLocker Initiated GC) [PSYoungGen: 143795K->80515K(174592K)] 581884K->518604K(698880K), 0.0120734 secs] [Times: user=0.16 sys=0.00, real=0.01 secs] 
2016-09-25T22:34:20.126-0400: 78.849: [GC (GCLocker Initiated GC) [PSYoungGen: 168579K->58946K(175104K)] 606742K->515012K(699392K), 0.0084692 secs] [Times: user=0.12 sys=0.00, real=0.01 secs] 
2016-09-25T22:34:20.175-0400: 78.898: [GC (GCLocker Initiated GC) [PSYoungGen: 147010K->64667K(175104K)] 608530K->538746K(699392K), 0.0068026 secs] [Times: user=0.10 sys=0.00, real=0.00 secs] 
2016-09-25T22:34:20.234-0400: 78.957: [GC (GCLocker Initiated GC) [PSYoungGen: 152731K->61615K(172032K)] 627035K->544684K(696320K), 0.0120526 secs] [Times: user=0.10 sys=0.02, real=0.01 secs] 
2016-09-25T22:34:20.327-0400: 79.050: [GC (GCLocker Initiated GC) [PSYoungGen: 149679K->74378K(173568K)] 638223K->562922K(697856K), 0.0108399 secs] [Times: user=0.15 sys=0.01, real=0.01 secs] 
2016-09-25T22:34:20.396-0400: 79.118: [GC (GCLocker Initiated GC) [PSYoungGen: 162442K->49561K(175104K)] 656443K->571593K(699392K), 0.0074691 secs] [Times: user=0.09 sys=0.02, real=0.01 secs] 
2016-09-25T22:34:20.403-0400: 79.126: [Full GC (Ergonomics) [PSYoungGen: 49561K->0K(175104K)] [ParOldGen: 522031K->421570K(524288K)] 571593K->421570K(699392K), [Metaspace: 43752K->43752K(1087488K)], 0.0612914 secs] [Times: user=0.44 sys=0.00, real=0.06 secs] 
2016-09-25T22:34:20.503-0400: 79.226: [GC (GCLocker Initiated GC) [PSYoungGen: 88064K->83920K(175104K)] 509728K->505584K(699392K), 0.0087019 secs] [Times: user=0.11 sys=0.01, real=0.00 secs] 
2016-09-25T22:34:20.558-0400: 79.281: [GC (GCLocker Initiated GC) [PSYoungGen: 171984K->70069K(175104K)] 593771K->509218K(699392K), 0.0106123 secs] [Times: user=0.15 sys=0.00, real=0.01 secs] 
2016-09-25T22:34:20.624-0400: 79.347: [GC (GCLocker Initiated GC) [PSYoungGen: 158133K->58242K(175104K)] 604095K->518467K(699392K), 0.0079330 secs] [Times: user=0.10 sys=0.00, real=0.00 secs] 
2016-09-25T22:34:20.683-0400: 79.405: [GC (GCLocker Initiated GC) [PSYoungGen: 146306K->38731K(175104K)] 612543K->520811K(699392K), 0.0055291 secs] [Times: user=0.05 sys=0.00, real=0.00 secs] 
2016-09-25T22:34:20.729-0400: 79.452: [GC (GCLocker Initiated GC) [PSYoungGen: 126795K->52585K(175104K)] 612179K->541248K(699392K), 0.0057102 secs] [Times: user=0.06 sys=0.00, real=0.01 secs] 
2016-09-25T22:34:20.764-0400: 79.486: [GC (GCLocker Initiated GC) [PSYoungGen: 140649K->83610K(175104K)] 632048K->600201K(699392K), 0.0093720 secs] [Times: user=0.09 sys=0.02, real=0.00 secs] 
2016-09-25T22:34:20.773-0400: 79.496: [Full GC (Ergonomics) [PSYoungGen: 83610K->0K(175104K)] [ParOldGen: 516591K->435791K(524288K)] 600201K->435791K(699392K), [Metaspace: 43792K->43792K(1087488K)], 0.0519311 secs] [Times: user=0.49 sys=0.00, real=0.06 secs] 
2016-09-25T22:34:20.876-0400: 79.599: [GC (GCLocker Initiated GC) [PSYoungGen: 88064K->80294K(175104K)] 530682K->522913K(699392K), 0.0072899 secs] [Times: user=0.12 sys=0.01, real=0.01 secs] 
2016-09-25T22:34:20.935-0400: 79.658: [GC (GCLocker Initiated GC) [PSYoungGen: 168358K->34912K(175104K)] 630107K->518393K(699392K), 0.0080026 secs] [Times: user=0.10 sys=0.00, real=0.01 secs] 
2016-09-25T22:34:21.003-0400: 79.726: [Full GC (Ergonomics) [PSYoungGen: 122976K->0K(175104K)] [ParOldGen: 491681K->424163K(524288K)] 614658K->424163K(699392K), [Metaspace: 43796K->43796K(1087488K)], 0.0529582 secs] [Times: user=0.51 sys=0.00, real=0.05 secs] 
2016-09-25T22:34:21.100-0400: 79.823: [GC (GCLocker Initiated GC) [PSYoungGen: 88064K->74666K(175104K)] 517704K->504307K(699392K), 0.0070821 secs] [Times: user=0.12 sys=0.00, real=0.01 secs] 
2016-09-25T22:34:21.149-0400: 79.872: [GC (GCLocker Initiated GC) [PSYoungGen: 162730K->65995K(175104K)] 595222K->505169K(699392K), 0.0060225 secs] [Times: user=0.07 sys=0.00, real=0.01 secs] 
2016-09-25T22:34:21.196-0400: 79.918: [GC (GCLocker Initiated GC) [PSYoungGen: 154059K->79686K(175104K)] 596196K->525278K(699392K), 0.0089020 secs] [Times: user=0.13 sys=0.00, real=0.01 secs] 
2016-09-25T22:34:21.251-0400: 79.973: [GC (GCLocker Initiated GC) [PSYoungGen: 167750K->66026K(175104K)] 616297K->534363K(699392K), 0.0067898 secs] [Times: user=0.10 sys=0.00, real=0.01 secs] 
2016-09-25T22:34:21.303-0400: 80.025: [GC (GCLocker Initiated GC) [PSYoungGen: 154090K->75635K(175104K)] 625952K->549561K(699392K), 0.0078226 secs] [Times: user=0.12 sys=0.01, real=0.00 secs] 
2016-09-25T22:34:21.354-0400: 80.077: [GC (GCLocker Initiated GC) [PSYoungGen: 163699K->42941K(175104K)] 640337K->554219K(699392K), 0.0081156 secs] [Times: user=0.08 sys=0.00, real=0.01 secs] 
2016-09-25T22:34:21.362-0400: 80.085: [Full GC (Ergonomics) [PSYoungGen: 42941K->0K(175104K)] [ParOldGen: 511277K->430573K(524288K)] 554219K->430573K(699392K), [Metaspace: 43818K->43818K(1087488K)], 0.0587325 secs] [Times: user=0.58 sys=0.01, real=0.05 secs] 
2016-09-25T22:34:21.466-0400: 80.189: [GC (GCLocker Initiated GC) [PSYoungGen: 88064K->73511K(175104K)] 521353K->506800K(699392K), 0.0071955 secs] [Times: user=0.11 sys=0.00, real=0.00 secs] 
2016-09-25T22:34:21.512-0400: 80.235: [GC (GCLocker Initiated GC) [PSYoungGen: 161575K->86436K(175104K)] 594952K->524034K(699392K), 0.0078124 secs] [Times: user=0.12 sys=0.00, real=0.01 secs] 
2016-09-25T22:34:21.562-0400: 80.285: [GC (GCLocker Initiated GC) [PSYoungGen: 174500K->63261K(175104K)] 612561K->504872K(699392K), 0.0077359 secs] [Times: user=0.08 sys=0.00, real=0.00 secs] 
2016-09-25T22:34:21.619-0400: 80.341: [GC (GCLocker Initiated GC) [PSYoungGen: 151325K->67147K(175104K)] 598415K->531206K(699392K), 0.0085245 secs] [Times: user=0.10 sys=0.01, real=0.01 secs] 
2016-09-25T22:34:21.671-0400: 80.394: [GC (Allocation Failure) [PSYoungGen: 155211K->59370K(175104K)] 623464K->553830K(699392K), 0.0076670 secs] [Times: user=0.11 sys=0.00, real=0.01 secs] 
2016-09-25T22:34:21.679-0400: 80.402: [Full GC (Ergonomics) [PSYoungGen: 59370K->0K(175104K)] [ParOldGen: 494460K->428023K(524288K)] 553830K->428023K(699392K), [Metaspace: 43822K->43822K(1087488K)], 0.0581785 secs] [Times: user=0.41 sys=0.01, real=0.06 secs] 
2016-09-25T22:34:21.738-0400: 80.461: [GC (GCLocker Initiated GC) [PSYoungGen: 203K->128K(175104K)] 428227K->428151K(699392K), 0.0034007 secs] [Times: user=0.03 sys=0.00, real=0.00 secs] 
2016-09-25T22:34:21.776-0400: 80.498: [GC (GCLocker Initiated GC) [PSYoungGen: 86229K->84277K(175104K)] 516953K->515009K(699392K), 0.0102757 secs] [Times: user=0.08 sys=0.01, real=0.01 secs] 
2016-09-25T22:34:21.834-0400: 80.557: [GC (GCLocker Initiated GC) [PSYoungGen: 172341K->70237K(175104K)] 612598K->511981K(699392K), 0.0071500 secs] [Times: user=0.08 sys=0.01, real=0.00 secs] 
2016-09-25T22:34:21.888-0400: 80.611: [GC (GCLocker Initiated GC) [PSYoungGen: 158301K->80873K(175104K)] 608326K->533042K(699392K), 0.0085247 secs] [Times: user=0.11 sys=0.00, real=0.01 secs] 
2016-09-25T22:34:21.944-0400: 80.667: [GC (GCLocker Initiated GC) [PSYoungGen: 168937K->62040K(175104K)] 626689K->550236K(699392K), 0.0094814 secs] [Times: user=0.11 sys=0.00, real=0.00 secs] 
2016-09-25T22:34:21.954-0400: 80.677: [Full GC (Ergonomics) [PSYoungGen: 62040K->0K(175104K)] [ParOldGen: 488195K->441375K(524288K)] 550236K->441375K(699392K), [Metaspace: 43822K->43822K(1087488K)], 0.0521152 secs] [Times: user=0.50 sys=0.00, real=0.06 secs] 
2016-09-25T22:34:22.057-0400: 80.780: [GC (GCLocker Initiated GC) [PSYoungGen: 88064K->73418K(175104K)] 537781K->523135K(699392K), 0.0065998 secs] [Times: user=0.09 sys=0.00, real=0.01 secs] 
2016-09-25T22:34:22.112-0400: 80.835: [GC (GCLocker Initiated GC) [PSYoungGen: 161482K->53976K(175104K)] 618425K->513642K(699392K), 0.0167069 secs] [Times: user=0.15 sys=0.00, real=0.02 secs] 
2016-09-25T22:34:22.178-0400: 80.901: [GC (GCLocker Initiated GC) [PSYoungGen: 142040K->60529K(175104K)] 601926K->523913K(699392K), 0.0073792 secs] [Times: user=0.09 sys=0.00, real=0.01 secs] 
2016-09-25T22:34:22.233-0400: 80.955: [GC (GCLocker Initiated GC) [PSYoungGen: 148593K->53984K(175104K)] 615055K->537336K(699392K), 0.0082565 secs] [Times: user=0.12 sys=0.01, real=0.01 secs] 
2016-09-25T22:34:22.281-0400: 81.004: [GC (GCLocker Initiated GC) [PSYoungGen: 142048K->63070K(175104K)] 625481K->562255K(699392K), 0.0143706 secs] [Times: user=0.17 sys=0.00, real=0.02 secs] 
2016-09-25T22:34:22.296-0400: 81.018: [Full GC (Ergonomics) [PSYoungGen: 63070K->0K(175104K)] [ParOldGen: 499185K->444442K(524288K)] 562255K->444442K(699392K), [Metaspace: 43823K->43823K(1087488K)], 0.0514754 secs] [Times: user=0.48 sys=0.00, real=0.05 secs] 
2016-09-25T22:34:22.383-0400: 81.106: [GC (GCLocker Initiated GC) [PSYoungGen: 88064K->79150K(175104K)] 535229K->526316K(699392K), 0.0070147 secs] [Times: user=0.11 sys=0.00, real=0.00 secs] 
2016-09-25T22:34:22.443-0400: 81.166: [GC (GCLocker Initiated GC) [PSYoungGen: 167214K->45953K(175104K)] 618887K->514092K(699392K), 0.0065726 secs] [Times: user=0.10 sys=0.00, real=0.00 secs] 
2016-09-25T22:34:22.497-0400: 81.220: [GC (GCLocker Initiated GC) [PSYoungGen: 134017K->66099K(175104K)] 606328K->540692K(699392K), 0.0063388 secs] [Times: user=0.11 sys=0.00, real=0.01 secs] 
2016-09-25T22:34:22.535-0400: 81.258: [GC (GCLocker Initiated GC) [PSYoungGen: 154163K->63263K(175104K)] 628844K->563079K(699392K), 0.0067420 secs] [Times: user=0.10 sys=0.00, real=0.00 secs] 
2016-09-25T22:34:22.542-0400: 81.265: [Full GC (Ergonomics) [PSYoungGen: 63263K->0K(175104K)] [ParOldGen: 499816K->446938K(524288K)] 563079K->446938K(699392K), [Metaspace: 43827K->43827K(1087488K)], 0.0489641 secs] [Times: user=0.42 sys=0.01, real=0.05 secs] 
2016-09-25T22:34:22.634-0400: 81.357: [GC (GCLocker Initiated GC) [PSYoungGen: 88064K->84646K(175104K)] 541936K->538518K(699392K), 0.0083514 secs] [Times: user=0.13 sys=0.01, real=0.02 secs] 
2016-09-25T22:34:22.694-0400: 81.416: [GC (GCLocker Initiated GC) [PSYoungGen: 172710K->60636K(175104K)] 629543K->546237K(699392K), 0.0079453 secs] [Times: user=0.13 sys=0.00, real=0.01 secs] 
2016-09-25T22:34:22.702-0400: 81.425: [Full GC (Ergonomics) [PSYoungGen: 60636K->0K(175104K)] [ParOldGen: 485601K->448214K(524288K)] 546237K->448214K(699392K), [Metaspace: 43827K->43827K(1087488K)], 0.0530914 secs] [Times: user=0.52 sys=0.01, real=0.06 secs] 
2016-09-25T22:34:22.794-0400: 81.517: [GC (GCLocker Initiated GC) [PSYoungGen: 88064K->85664K(175104K)] 539029K->536629K(699392K), 0.0081508 secs] [Times: user=0.10 sys=0.02, real=0.02 secs] 
2016-09-25T22:34:22.848-0400: 81.570: [GC (GCLocker Initiated GC) [PSYoungGen: 173728K->79570K(175104K)] 624772K->534838K(699392K), 0.0078310 secs] [Times: user=0.13 sys=0.00, real=0.01 secs] 
2016-09-25T22:34:22.897-0400: 81.619: [GC (GCLocker Initiated GC) [PSYoungGen: 167634K->59193K(175104K)] 623117K->520849K(699392K), 0.0074505 secs] [Times: user=0.10 sys=0.00, real=0.01 secs] 
2016-09-25T22:34:22.948-0400: 81.671: [GC (GCLocker Initiated GC) [PSYoungGen: 147257K->41662K(175104K)] 611760K->539376K(699392K), 0.0069518 secs] [Times: user=0.10 sys=0.00, real=0.01 secs] 
2016-09-25T22:34:22.956-0400: 81.678: [Full GC (Ergonomics) [PSYoungGen: 41662K->0K(175104K)] [ParOldGen: 497714K->438592K(524288K)] 539376K->438592K(699392K), [Metaspace: 43827K->43827K(1087488K)], 0.0535325 secs] [Times: user=0.51 sys=0.00, real=0.05 secs] 
2016-09-25T22:34:23.050-0400: 81.773: [GC (GCLocker Initiated GC) [PSYoungGen: 88064K->73332K(175104K)] 528028K->513297K(699392K), 0.0074223 secs] [Times: user=0.10 sys=0.00, real=0.01 secs] 
2016-09-25T22:34:23.108-0400: 81.830: [GC (GCLocker Initiated GC) [PSYoungGen: 161396K->56527K(175104K)] 609577K->511457K(699392K), 0.0118219 secs] [Times: user=0.11 sys=0.01, real=0.01 secs] 
2016-09-25T22:34:23.168-0400: 81.891: [GC (GCLocker Initiated GC) [PSYoungGen: 144591K->51224K(175104K)] 613158K->535417K(699392K), 0.0070592 secs] [Times: user=0.08 sys=0.01, real=0.01 secs] 
2016-09-25T22:34:23.224-0400: 81.947: [Full GC (Ergonomics) [PSYoungGen: 139288K->0K(175104K)] [ParOldGen: 487048K->447915K(524288K)] 626336K->447915K(699392K), [Metaspace: 43841K->43841K(1087488K)], 0.0526390 secs] [Times: user=0.38 sys=0.01, real=0.05 secs] 
2016-09-25T22:34:23.325-0400: 82.047: [GC (GCLocker Initiated GC) [PSYoungGen: 88064K->84467K(175104K)] 537967K->534370K(699392K), 0.0089231 secs] [Times: user=0.14 sys=0.00, real=0.00 secs] 
2016-09-25T22:34:23.383-0400: 82.106: [GC (GCLocker Initiated GC) [PSYoungGen: 172531K->56694K(175104K)] 629854K->533243K(699392K), 0.0068105 secs] [Times: user=0.08 sys=0.01, real=0.00 secs] 
2016-09-25T22:34:23.444-0400: 82.167: [Full GC (Ergonomics) [PSYoungGen: 144758K->0K(175104K)] [ParOldGen: 487424K->447258K(524288K)] 632182K->447258K(699392K), [Metaspace: 43841K->43841K(1087488K)], 0.0568415 secs] [Times: user=0.36 sys=0.01, real=0.05 secs] 
2016-09-25T22:34:23.539-0400: 82.262: [GC (GCLocker Initiated GC) [PSYoungGen: 88064K->86939K(175104K)] 535405K->534281K(699392K), 0.0079807 secs] [Times: user=0.10 sys=0.00, real=0.01 secs] 
2016-09-25T22:34:23.595-0400: 82.318: [GC (GCLocker Initiated GC) [PSYoungGen: 175003K->56719K(175104K)] 622455K->546124K(699392K), 0.0082519 secs] [Times: user=0.12 sys=0.00, real=0.01 secs] 
2016-09-25T22:34:23.603-0400: 82.326: [Full GC (Ergonomics) [PSYoungGen: 56719K->0K(175104K)] [ParOldGen: 489405K->454034K(524288K)] 546124K->454034K(699392K), [Metaspace: 43841K->43841K(1087488K)], 0.0539740 secs] [Times: user=0.53 sys=0.00, real=0.05 secs] 
2016-09-25T22:34:23.706-0400: 82.429: [GC (GCLocker Initiated GC) [PSYoungGen: 88064K->68038K(175104K)] 544826K->524800K(699392K), 0.0106197 secs] [Times: user=0.16 sys=0.00, real=0.01 secs] 
2016-09-25T22:34:23.760-0400: 82.483: [GC (GCLocker Initiated GC) [PSYoungGen: 156102K->63415K(175104K)] 618390K->531161K(699392K), 0.0067092 secs] [Times: user=0.08 sys=0.00, real=0.01 secs] 
2016-09-25T22:34:23.819-0400: 82.542: [GC (GCLocker Initiated GC) [PSYoungGen: 151479K->52504K(175104K)] 624806K->541564K(699392K), 0.0127349 secs] [Times: user=0.18 sys=0.01, real=0.01 secs] 
2016-09-25T22:34:23.832-0400: 82.555: [Full GC (Ergonomics) [PSYoungGen: 52504K->0K(175104K)] [ParOldGen: 489060K->461690K(524288K)] 541564K->461690K(699392K), [Metaspace: 43841K->43841K(1087488K)], 0.0507739 secs] [Times: user=0.40 sys=0.00, real=0.06 secs] 
2016-09-25T22:34:23.935-0400: 82.658: [GC (GCLocker Initiated GC) [PSYoungGen: 88064K->77423K(175104K)] 549998K->539357K(699392K), 0.0070307 secs] [Times: user=0.09 sys=0.01, real=0.01 secs] 
2016-09-25T22:34:23.998-0400: 82.721: [GC (GCLocker Initiated GC) [PSYoungGen: 165487K->44502K(175104K)] 635683K->518661K(699392K), 0.0098691 secs] [Times: user=0.11 sys=0.02, real=0.01 secs] 
2016-09-25T22:34:24.054-0400: 82.777: [GC (GCLocker Initiated GC) [PSYoungGen: 132566K->74103K(175104K)] 613826K->557703K(699392K), 0.0067218 secs] [Times: user=0.11 sys=0.00, real=0.00 secs] 
2016-09-25T22:34:24.099-0400: 82.822: [GC (GCLocker Initiated GC) [PSYoungGen: 162167K->68715K(175104K)] 646015K->582939K(699392K), 0.0077022 secs] [Times: user=0.11 sys=0.01, real=0.01 secs] 
2016-09-25T22:34:24.107-0400: 82.830: [Full GC (Ergonomics) [PSYoungGen: 68715K->0K(175104K)] [ParOldGen: 514223K->453991K(524288K)] 582939K->453991K(699392K), [Metaspace: 43841K->43841K(1087488K)], 0.1349245 secs] [Times: user=1.93 sys=0.00, real=0.13 secs] 
2016-09-25T22:34:24.285-0400: 83.008: [GC (GCLocker Initiated GC) [PSYoungGen: 88064K->84429K(175104K)] 544797K->541163K(699392K), 0.0082094 secs] [Times: user=0.12 sys=0.00, real=0.00 secs] 
2016-09-25T22:34:24.346-0400: 83.069: [GC (GCLocker Initiated GC) [PSYoungGen: 172493K->47487K(175104K)] 629410K->539780K(699392K), 0.0069087 secs] [Times: user=0.09 sys=0.01, real=0.00 secs] 
2016-09-25T22:34:24.353-0400: 83.076: [Full GC (Ergonomics) [PSYoungGen: 47487K->0K(175104K)] [ParOldGen: 492293K->452737K(524288K)] 539780K->452737K(699392K), [Metaspace: 43841K->43841K(1087488K)], 0.0503587 secs] [Times: user=0.47 sys=0.00, real=0.06 secs] 
2016-09-25T22:34:24.450-0400: 83.172: [GC (GCLocker Initiated GC) [PSYoungGen: 88064K->57302K(175104K)] 546456K->515695K(699392K), 0.0108349 secs] [Times: user=0.16 sys=0.00, real=0.01 secs] 
2016-09-25T22:34:24.510-0400: 83.233: [GC (GCLocker Initiated GC) [PSYoungGen: 145366K->58130K(175104K)] 603844K->520816K(699392K), 0.0097532 secs] [Times: user=0.15 sys=0.00, real=0.01 secs] 
2016-09-25T22:34:24.574-0400: 83.297: [GC (GCLocker Initiated GC) [PSYoungGen: 146194K->62355K(175104K)] 621136K->549087K(699392K), 0.0068941 secs] [Times: user=0.10 sys=0.01, real=0.00 secs] 
2016-09-25T22:34:24.581-0400: 83.304: [Full GC (Ergonomics) [PSYoungGen: 62355K->0K(175104K)] [ParOldGen: 486731K->459267K(524288K)] 549087K->459267K(699392K), [Metaspace: 43841K->43841K(1087488K)], 0.0555964 secs] [Times: user=0.58 sys=0.00, real=0.06 secs] 
2016-09-25T22:34:24.694-0400: 83.417: [GC (GCLocker Initiated GC) [PSYoungGen: 88064K->51958K(175104K)] 554150K->518044K(699392K), 0.0121966 secs] [Times: user=0.15 sys=0.00, real=0.01 secs] 
2016-09-25T22:34:24.772-0400: 83.494: [GC (GCLocker Initiated GC) [PSYoungGen: 140022K->28132K(175104K)] 611783K->505583K(699392K), 0.0071749 secs] [Times: user=0.06 sys=0.00, real=0.01 secs] 
2016-09-25T22:34:24.827-0400: 83.549: [GC (GCLocker Initiated GC) [PSYoungGen: 116196K->54015K(175104K)] 599293K->550106K(699392K), 0.0070588 secs] [Times: user=0.09 sys=0.01, real=0.00 secs] 
2016-09-25T22:34:24.834-0400: 83.557: [Full GC (Ergonomics) [PSYoungGen: 54015K->0K(175104K)] [ParOldGen: 496091K->457588K(524288K)] 550106K->457588K(699392K), [Metaspace: 43844K->43844K(1087488K)], 0.0626891 secs] [Times: user=0.54 sys=0.02, real=0.07 secs] 
2016-09-25T22:34:24.950-0400: 83.673: [GC (GCLocker Initiated GC) [PSYoungGen: 88064K->46396K(175104K)] 545675K->504008K(699392K), 0.0067343 secs] [Times: user=0.06 sys=0.00, real=0.01 secs] 
2016-09-25T22:34:25.000-0400: 83.723: [GC (GCLocker Initiated GC) [PSYoungGen: 134460K->74804K(175104K)] 597610K->550152K(699392K), 0.0085954 secs] [Times: user=0.14 sys=0.00, real=0.01 secs] 
2016-09-25T22:34:25.060-0400: 83.783: [GC (GCLocker Initiated GC) [PSYoungGen: 162868K->36480K(175104K)] 643742K->547087K(699392K), 0.0085594 secs] [Times: user=0.07 sys=0.01, real=0.01 secs] 
2016-09-25T22:34:25.069-0400: 83.792: [Full GC (Ergonomics) [PSYoungGen: 36480K->0K(175104K)] [ParOldGen: 510607K->462934K(524288K)] 547087K->462934K(699392K), [Metaspace: 43844K->43844K(1087488K)], 0.0611605 secs] [Times: user=0.51 sys=0.00, real=0.06 secs] 
2016-09-25T22:34:25.175-0400: 83.898: [GC (GCLocker Initiated GC) [PSYoungGen: 88064K->81830K(175104K)] 556585K->550352K(699392K), 0.0114084 secs] [Times: user=0.16 sys=0.00, real=0.01 secs] 
2016-09-25T22:34:25.234-0400: 83.957: [GC (GCLocker Initiated GC) [PSYoungGen: 169894K->60857K(175104K)] 645332K->552869K(699392K), 0.0097478 secs] [Times: user=0.11 sys=0.00, real=0.02 secs] 
2016-09-25T22:34:25.244-0400: 83.967: [Full GC (Ergonomics) [PSYoungGen: 60857K->0K(175104K)] [ParOldGen: 492011K->463276K(524288K)] 552869K->463276K(699392K), [Metaspace: 43844K->43844K(1087488K)], 0.0514621 secs] [Times: user=0.49 sys=0.00, real=0.05 secs] 
2016-09-25T22:34:25.343-0400: 84.066: [GC (Allocation Failure) [PSYoungGen: 88064K->71950K(175104K)] 554140K->538026K(699392K), 0.0096581 secs] [Times: user=0.10 sys=0.01, real=0.00 secs] 
2016-09-25T22:34:25.396-0400: 84.118: [GC (GCLocker Initiated GC) [PSYoungGen: 159338K->40334K(175104K)] 626764K->522594K(699392K), 0.0149184 secs] [Times: user=0.20 sys=0.00, real=0.01 secs] 
2016-09-25T22:34:25.468-0400: 84.190: [GC (GCLocker Initiated GC) [PSYoungGen: 128398K->37783K(175104K)] 610892K->542809K(699392K), 0.0064250 secs] [Times: user=0.08 sys=0.00, real=0.01 secs] 
2016-09-25T22:34:25.474-0400: 84.197: [Full GC (Ergonomics) [PSYoungGen: 37783K->0K(175104K)] [ParOldGen: 505026K->454896K(524288K)] 542809K->454896K(699392K), [Metaspace: 43844K->43844K(1087488K)], 0.0586410 secs] [Times: user=0.61 sys=0.01, real=0.05 secs] 
2016-09-25T22:34:25.574-0400: 84.296: [GC (GCLocker Initiated GC) [PSYoungGen: 88064K->63913K(175104K)] 543011K->518861K(699392K), 0.0073018 secs] [Times: user=0.10 sys=0.00, real=0.01 secs] 
2016-09-25T22:34:25.639-0400: 84.361: [GC (GCLocker Initiated GC) [PSYoungGen: 151977K->41990K(175104K)] 612345K->509175K(699392K), 0.0062379 secs] [Times: user=0.06 sys=0.00, real=0.01 secs] 
2016-09-25T22:34:25.691-0400: 84.414: [GC (GCLocker Initiated GC) [PSYoungGen: 130054K->59825K(175104K)] 603718K->534667K(699392K), 0.0080877 secs] [Times: user=0.08 sys=0.01, real=0.01 secs] 
2016-09-25T22:34:25.749-0400: 84.472: [GC (GCLocker Initiated GC) [PSYoungGen: 147889K->78347K(175104K)] 624184K->559979K(699392K), 0.0075133 secs] [Times: user=0.11 sys=0.00, real=0.01 secs] 
2016-09-25T22:34:25.803-0400: 84.526: [GC (GCLocker Initiated GC) [PSYoungGen: 166411K->40483K(175104K)] 650822K->551397K(699392K), 0.0064824 secs] [Times: user=0.06 sys=0.01, real=0.00 secs] 
2016-09-25T22:34:25.810-0400: 84.532: [Full GC (Ergonomics) [PSYoungGen: 40483K->0K(175104K)] [ParOldGen: 510913K->471045K(524288K)] 551397K->471045K(699392K), [Metaspace: 43844K->43844K(1087488K)], 0.0541784 secs] [Times: user=0.48 sys=0.00, real=0.06 secs] 
2016-09-25T22:34:25.912-0400: 84.635: [GC (GCLocker Initiated GC) [PSYoungGen: 88064K->71402K(175104K)] 568742K->552081K(699392K), 0.0102222 secs] [Times: user=0.16 sys=0.00, real=0.02 secs] 
2016-09-25T22:34:25.972-0400: 84.695: [Full GC (Ergonomics) [PSYoungGen: 159466K->0K(175104K)] [ParOldGen: 490314K->475490K(524288K)] 649780K->475490K(699392K), [Metaspace: 43849K->43849K(1087488K)], 0.0578190 secs] [Times: user=0.48 sys=0.00, real=0.06 secs] 
2016-09-25T22:34:26.083-0400: 84.806: [GC (GCLocker Initiated GC) [PSYoungGen: 88064K->70910K(175104K)] 564860K->547714K(699392K), 0.0074087 secs] [Times: user=0.11 sys=0.00, real=0.00 secs] 
2016-09-25T22:34:26.140-0400: 84.862: [GC (GCLocker Initiated GC) [PSYoungGen: 158974K->49943K(175104K)] 639894K->544649K(699392K), 0.0061704 secs] [Times: user=0.08 sys=0.00, real=0.01 secs] 
2016-09-25T22:34:26.146-0400: 84.869: [Full GC (Ergonomics) [PSYoungGen: 49943K->0K(175104K)] [ParOldGen: 494705K->468966K(524288K)] 544649K->468966K(699392K), [Metaspace: 43887K->43887K(1087488K)], 0.0603763 secs] [Times: user=0.44 sys=0.01, real=0.06 secs] 
2016-09-25T22:34:26.251-0400: 84.974: [GC (GCLocker Initiated GC) [PSYoungGen: 88064K->66880K(175104K)] 559885K->538702K(699392K), 0.0092970 secs] [Times: user=0.13 sys=0.00, real=0.01 secs] 
2016-09-25T22:34:26.307-0400: 85.029: [GC (GCLocker Initiated GC) [PSYoungGen: 154944K->64869K(175104K)] 632255K->554604K(699392K), 0.0083307 secs] [Times: user=0.09 sys=0.01, real=0.01 secs] 
2016-09-25T22:34:26.359-0400: 85.082: [GC (GCLocker Initiated GC) [PSYoungGen: 152933K->50007K(175104K)] 642718K->559735K(699392K), 0.0075856 secs] [Times: user=0.08 sys=0.00, real=0.01 secs] 
2016-09-25T22:34:26.367-0400: 85.089: [Full GC (Ergonomics) [PSYoungGen: 50007K->0K(175104K)] [ParOldGen: 509728K->471503K(524288K)] 559735K->471503K(699392K), [Metaspace: 43887K->43887K(1087488K)], 0.0531353 secs] [Times: user=0.52 sys=0.00, real=0.05 secs] 
2016-09-25T22:34:26.468-0400: 85.191: [GC (GCLocker Initiated GC) [PSYoungGen: 88064K->53411K(175104K)] 559584K->524931K(699392K), 0.0112067 secs] [Times: user=0.13 sys=0.00, real=0.01 secs] 
2016-09-25T22:34:26.548-0400: 85.271: [GC (GCLocker Initiated GC) [PSYoungGen: 141475K->42157K(175104K)] 616415K->532388K(699392K), 0.0100526 secs] [Times: user=0.14 sys=0.00, real=0.01 secs] 
2016-09-25T22:34:26.609-0400: 85.332: [Full GC (Ergonomics) [PSYoungGen: 130221K->0K(175104K)] [ParOldGen: 494482K->474220K(524288K)] 624704K->474220K(699392K), [Metaspace: 43887K->43887K(1087488K)], 0.0574643 secs] [Times: user=0.58 sys=0.00, real=0.06 secs] 
2016-09-25T22:34:26.715-0400: 85.437: [GC (GCLocker Initiated GC) [PSYoungGen: 88064K->70836K(175104K)] 566566K->549338K(699392K), 0.0100358 secs] [Times: user=0.15 sys=0.01, real=0.01 secs] 
2016-09-25T22:34:26.770-0400: 85.493: [GC (GCLocker Initiated GC) [PSYoungGen: 158900K->46024K(175104K)] 641488K->551624K(699392K), 0.0071569 secs] [Times: user=0.10 sys=0.00, real=0.01 secs] 
2016-09-25T22:34:26.778-0400: 85.500: [Full GC (Ergonomics) [PSYoungGen: 46024K->0K(175104K)] [ParOldGen: 505600K->478479K(524288K)] 551624K->478479K(699392K), [Metaspace: 43887K->43887K(1087488K)], 0.0553131 secs] [Times: user=0.52 sys=0.00, real=0.05 secs] 
2016-09-25T22:34:26.880-0400: 85.603: [GC (GCLocker Initiated GC) [PSYoungGen: 88064K->52216K(175104K)] 574746K->538899K(699392K), 0.0145068 secs] [Times: user=0.19 sys=0.01, real=0.02 secs] 
2016-09-25T22:34:26.946-0400: 85.669: [Full GC (Ergonomics) [PSYoungGen: 140280K->0K(175104K)] [ParOldGen: 498930K->480392K(524288K)] 639210K->480392K(699392K), [Metaspace: 43887K->43887K(1087488K)], 0.0544427 secs] [Times: user=0.54 sys=0.00, real=0.05 secs] 
2016-09-25T22:34:27.047-0400: 85.769: [GC (GCLocker Initiated GC) [PSYoungGen: 88064K->58745K(172032K)] 575270K->545951K(696320K), 0.0055953 secs] [Times: user=0.07 sys=0.01, real=0.00 secs] 
2016-09-25T22:34:27.097-0400: 85.820: [GC (GCLocker Initiated GC) [PSYoungGen: 146809K->78605K(173568K)] 634051K->565847K(697856K), 0.0081459 secs] [Times: user=0.13 sys=0.00, real=0.01 secs] 
2016-09-25T22:34:27.151-0400: 85.874: [GC (GCLocker Initiated GC) [PSYoungGen: 166669K->54007K(175104K)] 653965K->572174K(699392K), 0.0074274 secs] [Times: user=0.08 sys=0.00, real=0.01 secs] 
2016-09-25T22:34:27.159-0400: 85.882: [Full GC (Ergonomics) [PSYoungGen: 54007K->0K(175104K)] [ParOldGen: 518167K->482776K(524288K)] 572174K->482776K(699392K), [Metaspace: 43887K->43887K(1087488K)], 0.0500070 secs] [Times: user=0.46 sys=0.00, real=0.05 secs] 
2016-09-25T22:34:27.258-0400: 85.981: [GC (GCLocker Initiated GC) [PSYoungGen: 88064K->72279K(175104K)] 571111K->555327K(699392K), 0.0070348 secs] [Times: user=0.11 sys=0.00, real=0.01 secs] 
2016-09-25T22:34:27.313-0400: 86.036: [GC (GCLocker Initiated GC) [PSYoungGen: 160343K->63540K(175104K)] 646143K->572467K(699392K), 0.0095362 secs] [Times: user=0.13 sys=0.00, real=0.02 secs] 
2016-09-25T22:34:27.322-0400: 86.045: [Full GC (Ergonomics) [PSYoungGen: 63540K->0K(175104K)] [ParOldGen: 508927K->481799K(524288K)] 572467K->481799K(699392K), [Metaspace: 43887K->43887K(1087488K)], 0.0516813 secs] [Times: user=0.46 sys=0.01, real=0.05 secs] 
2016-09-25T22:34:27.414-0400: 86.137: [Full GC (Ergonomics) [PSYoungGen: 88064K->0K(175104K)] [ParOldGen: 487327K->490778K(524288K)] 575391K->490778K(699392K), [Metaspace: 43887K->43887K(1087488K)], 0.0603341 secs] [Times: user=0.56 sys=0.00, real=0.06 secs] 
2016-09-25T22:34:27.515-0400: 86.238: [Full GC (Ergonomics) [PSYoungGen: 88064K->0K(175104K)] [ParOldGen: 493613K->497055K(524288K)] 581677K->497055K(699392K), [Metaspace: 43887K->43887K(1087488K)], 0.0640596 secs] [Times: user=0.67 sys=0.00, real=0.06 secs] 
2016-09-25T22:34:27.631-0400: 86.353: [Full GC (Ergonomics) [PSYoungGen: 88064K->0K(175104K)] [ParOldGen: 506735K->495352K(524288K)] 594799K->495352K(699392K), [Metaspace: 43887K->43887K(1087488K)], 0.0648511 secs] [Times: user=0.63 sys=0.01, real=0.07 secs] 
2016-09-25T22:34:27.743-0400: 86.466: [Full GC (Ergonomics) [PSYoungGen: 88064K->0K(175104K)] [ParOldGen: 501076K->484062K(524288K)] 589140K->484062K(699392K), [Metaspace: 43887K->43887K(1087488K)], 0.0704916 secs] [Times: user=0.62 sys=0.01, real=0.06 secs] 
2016-09-25T22:34:27.869-0400: 86.592: [Full GC (Ergonomics) [PSYoungGen: 88064K->0K(175104K)] [ParOldGen: 485492K->472897K(524288K)] 573556K->472897K(699392K), [Metaspace: 43887K->43887K(1087488K)], 0.0750255 secs] [Times: user=0.83 sys=0.00, real=0.08 secs] 
2016-09-25T22:34:27.981-0400: 86.703: [GC (GCLocker Initiated GC) [PSYoungGen: 88064K->79121K(175104K)] 561095K->552152K(699392K), 0.0075552 secs] [Times: user=0.11 sys=0.00, real=0.01 secs] 
2016-09-25T22:34:28.036-0400: 86.759: [GC (GCLocker Initiated GC) [PSYoungGen: 167185K->51734K(175104K)] 646781K->573513K(699392K), 0.0075625 secs] [Times: user=0.11 sys=0.00, real=0.01 secs] 
2016-09-25T22:34:28.044-0400: 86.767: [Full GC (Ergonomics) [PSYoungGen: 51734K->0K(175104K)] [ParOldGen: 521779K->489320K(524288K)] 573513K->489320K(699392K), [Metaspace: 43887K->43887K(1087488K)], 0.1363473 secs] [Times: user=1.99 sys=0.01, real=0.13 secs] 
2016-09-25T22:34:28.234-0400: 86.956: [Full GC (Ergonomics) [PSYoungGen: 88064K->0K(175104K)] [ParOldGen: 494921K->488780K(524288K)] 582985K->488780K(699392K), [Metaspace: 43894K->43894K(1087488K)], 0.0512226 secs] [Times: user=0.48 sys=0.02, real=0.06 secs] 
2016-09-25T22:34:28.340-0400: 87.063: [Full GC (Ergonomics) [PSYoungGen: 88064K->0K(175104K)] [ParOldGen: 495755K->484154K(524288K)] 583819K->484154K(699392K), [Metaspace: 43894K->43894K(1087488K)], 0.0490702 secs] [Times: user=0.44 sys=0.00, real=0.05 secs] 
2016-09-25T22:34:28.438-0400: 87.161: [Full GC (Ergonomics) [PSYoungGen: 88064K->0K(175104K)] [ParOldGen: 491024K->482383K(524288K)] 579088K->482383K(699392K), [Metaspace: 43894K->43894K(1087488K)], 0.0574916 secs] [Times: user=0.53 sys=0.00, real=0.06 secs] 
2016-09-25T22:34:28.534-0400: 87.256: [Full GC (Ergonomics) [PSYoungGen: 88064K->0K(175104K)] [ParOldGen: 485131K->485863K(524288K)] 573195K->485863K(699392K), [Metaspace: 43896K->43896K(1087488K)], 0.0578042 secs] [Times: user=0.59 sys=0.01, real=0.06 secs] 
2016-09-25T22:34:28.637-0400: 87.360: [Full GC (Ergonomics) [PSYoungGen: 88064K->0K(175104K)] [ParOldGen: 488641K->497694K(524288K)] 576705K->497694K(699392K), [Metaspace: 43896K->43896K(1087488K)], 0.0578430 secs] [Times: user=0.61 sys=0.00, real=0.06 secs] 
2016-09-25T22:34:28.751-0400: 87.474: [Full GC (Ergonomics) [PSYoungGen: 88064K->0K(175104K)] [ParOldGen: 497928K->487751K(524288K)] 585992K->487751K(699392K), [Metaspace: 43896K->43896K(1087488K)], 0.0678389 secs] [Times: user=0.46 sys=0.01, real=0.07 secs] 
2016-09-25T22:34:28.870-0400: 87.593: [Full GC (Ergonomics) [PSYoungGen: 88064K->0K(175104K)] [ParOldGen: 491857K->483051K(524288K)] 579921K->483051K(699392K), [Metaspace: 43896K->43896K(1087488K)], 0.0474968 secs] [Times: user=0.35 sys=0.01, real=0.05 secs] 
2016-09-25T22:34:28.961-0400: 87.684: [Full GC (Ergonomics) [PSYoungGen: 88064K->0K(175104K)] [ParOldGen: 485904K->497362K(524288K)] 573968K->497362K(699392K), [Metaspace: 43896K->43896K(1087488K)], 0.0610272 secs] [Times: user=0.60 sys=0.00, real=0.06 secs] 
2016-09-25T22:34:29.086-0400: 87.808: [Full GC (Ergonomics) [PSYoungGen: 88064K->0K(175104K)] [ParOldGen: 501660K->484866K(524288K)] 589724K->484866K(699392K), [Metaspace: 43896K->43896K(1087488K)], 0.0545507 secs] [Times: user=0.50 sys=0.02, real=0.05 secs] 
2016-09-25T22:34:29.189-0400: 87.912: [Full GC (Ergonomics) [PSYoungGen: 88064K->0K(175104K)] [ParOldGen: 489030K->488239K(524288K)] 577094K->488239K(699392K), [Metaspace: 43896K->43896K(1087488K)], 0.0606598 secs] [Times: user=0.56 sys=0.00, real=0.06 secs] 
2016-09-25T22:34:29.291-0400: 88.013: [Full GC (Ergonomics) [PSYoungGen: 88064K->0K(175104K)] [ParOldGen: 491125K->497253K(524288K)] 579189K->497253K(699392K), [Metaspace: 43896K->43896K(1087488K)], 0.0630700 secs] [Times: user=0.53 sys=0.00, real=0.06 secs] 
2016-09-25T22:34:29.403-0400: 88.125: [Full GC (Ergonomics) [PSYoungGen: 88064K->0K(175104K)] [ParOldGen: 497328K->489902K(524288K)] 585392K->489902K(699392K), [Metaspace: 43896K->43896K(1087488K)], 0.0544616 secs] [Times: user=0.52 sys=0.00, real=0.05 secs] 
2016-09-25T22:34:29.503-0400: 88.225: [Full GC (Ergonomics) [PSYoungGen: 88064K->0K(175104K)] [ParOldGen: 492664K->501541K(524288K)] 580728K->501541K(699392K), [Metaspace: 43896K->43896K(1087488K)], 0.0485679 secs] [Times: user=0.42 sys=0.01, real=0.04 secs] 
2016-09-25T22:34:29.602-0400: 88.325: [Full GC (Ergonomics) [PSYoungGen: 88064K->0K(175104K)] [ParOldGen: 504326K->499578K(524288K)] 592390K->499578K(699392K), [Metaspace: 43902K->43902K(1087488K)], 0.0553347 secs] [Times: user=0.55 sys=0.02, real=0.06 secs] 
2016-09-25T22:34:29.709-0400: 88.431: [Full GC (Ergonomics) [PSYoungGen: 88064K->0K(175104K)] [ParOldGen: 510534K->500590K(524288K)] 598598K->500590K(699392K), [Metaspace: 43902K->43902K(1087488K)], 0.0512754 secs] [Times: user=0.49 sys=0.01, real=0.05 secs] 
2016-09-25T22:34:29.813-0400: 88.535: [Full GC (Ergonomics) [PSYoungGen: 88064K->0K(175104K)] [ParOldGen: 500691K->498665K(524288K)] 588755K->498665K(699392K), [Metaspace: 43902K->43902K(1087488K)], 0.0566570 secs] [Times: user=0.59 sys=0.00, real=0.06 secs] 
2016-09-25T22:34:29.922-0400: 88.644: [Full GC (Ergonomics) [PSYoungGen: 88064K->0K(175104K)] [ParOldGen: 501769K->490443K(524288K)] 589833K->490443K(699392K), [Metaspace: 43919K->43919K(1087488K)], 0.0540841 secs] [Times: user=0.52 sys=0.00, real=0.06 secs] 
2016-09-25T22:34:30.018-0400: 88.741: [Full GC (Ergonomics) [PSYoungGen: 88064K->0K(175104K)] [ParOldGen: 490551K->500257K(524288K)] 578615K->500257K(699392K), [Metaspace: 43945K->43945K(1087488K)], 0.0502548 secs] [Times: user=0.48 sys=0.01, real=0.05 secs] 
2016-09-25T22:34:30.120-0400: 88.843: [Full GC (Ergonomics) [PSYoungGen: 88064K->0K(175104K)] [ParOldGen: 505788K->501038K(524288K)] 593852K->501038K(699392K), [Metaspace: 43945K->43945K(1087488K)], 0.0539772 secs] [Times: user=0.57 sys=0.01, real=0.06 secs] 
2016-09-25T22:34:30.220-0400: 88.942: [Full GC (Ergonomics) [PSYoungGen: 88064K->0K(175104K)] [ParOldGen: 509240K->504518K(524288K)] 597304K->504518K(699392K), [Metaspace: 43945K->43945K(1087488K)], 0.0517116 secs] [Times: user=0.48 sys=0.00, real=0.05 secs] 
2016-09-25T22:34:30.320-0400: 89.042: [Full GC (Ergonomics) [PSYoungGen: 88064K->0K(175104K)] [ParOldGen: 504560K->490759K(524288K)] 592624K->490759K(699392K), [Metaspace: 43948K->43948K(1087488K)], 0.0936233 secs] [Times: user=1.10 sys=0.00, real=0.09 secs] 
2016-09-25T22:34:30.460-0400: 89.183: [Full GC (Ergonomics) [PSYoungGen: 88064K->0K(175104K)] [ParOldGen: 493555K->494142K(524288K)] 581619K->494142K(699392K), [Metaspace: 43948K->43948K(1087488K)], 0.0553464 secs] [Times: user=0.62 sys=0.00, real=0.06 secs] 
2016-09-25T22:34:30.564-0400: 89.287: [Full GC (Ergonomics) [PSYoungGen: 88064K->0K(175104K)] [ParOldGen: 496950K->500414K(524288K)] 585014K->500414K(699392K), [Metaspace: 43948K->43948K(1087488K)], 0.0513595 secs] [Times: user=0.56 sys=0.02, real=0.05 secs] 
2016-09-25T22:34:30.669-0400: 89.392: [Full GC (Ergonomics) [PSYoungGen: 88064K->0K(175104K)] [ParOldGen: 505932K->491879K(524288K)] 593996K->491879K(699392K), [Metaspace: 43948K->43948K(1087488K)], 0.0559004 secs] [Times: user=0.56 sys=0.00, real=0.06 secs] 
2016-09-25T22:34:30.773-0400: 89.496: [Full GC (Ergonomics) [PSYoungGen: 88064K->0K(175104K)] [ParOldGen: 492672K->495453K(524288K)] 580736K->495453K(699392K), [Metaspace: 43948K->43948K(1087488K)], 0.0538915 secs] [Times: user=0.53 sys=0.00, real=0.06 secs] 
2016-09-25T22:34:30.875-0400: 89.598: [Full GC (Ergonomics) [PSYoungGen: 88064K->0K(175104K)] [ParOldGen: 498197K->497427K(524288K)] 586261K->497427K(699392K), [Metaspace: 43948K->43948K(1087488K)], 0.0550889 secs] [Times: user=0.54 sys=0.00, real=0.05 secs] 
2016-09-25T22:34:30.971-0400: 89.694: [Full GC (Ergonomics) [PSYoungGen: 88064K->0K(175104K)] [ParOldGen: 500263K->503710K(524288K)] 588327K->503710K(699392K), [Metaspace: 43948K->43948K(1087488K)], 0.0581217 secs] [Times: user=0.58 sys=0.00, real=0.06 secs] 
2016-09-25T22:34:31.077-0400: 89.800: [Full GC (Ergonomics) [PSYoungGen: 88064K->0K(175104K)] [ParOldGen: 503907K->500375K(524288K)] 591971K->500375K(699392K), [Metaspace: 43948K->43948K(1087488K)], 0.0619052 secs] [Times: user=0.60 sys=0.01, real=0.06 secs] 
2016-09-25T22:34:31.181-0400: 89.904: [Full GC (Ergonomics) [PSYoungGen: 88064K->0K(175104K)] [ParOldGen: 507271K->510590K(524288K)] 595335K->510590K(699392K), [Metaspace: 43948K->43948K(1087488K)], 0.0574464 secs] [Times: user=0.59 sys=0.01, real=0.06 secs] 
2016-09-25T22:34:31.289-0400: 90.012: [Full GC (Ergonomics) [PSYoungGen: 88064K->0K(175104K)] [ParOldGen: 512007K->500608K(524288K)] 600071K->500608K(699392K), [Metaspace: 43952K->43952K(1087488K)], 0.0690887 secs] [Times: user=0.73 sys=0.00, real=0.07 secs] 
2016-09-25T22:34:31.406-0400: 90.129: [Full GC (Ergonomics) [PSYoungGen: 88064K->0K(175104K)] [ParOldGen: 500730K->501092K(524288K)] 588794K->501092K(699392K), [Metaspace: 43955K->43955K(1087488K)], 0.0518507 secs] [Times: user=0.58 sys=0.01, real=0.05 secs] 
2016-09-25T22:34:31.508-0400: 90.231: [Full GC (Ergonomics) [PSYoungGen: 88064K->0K(175104K)] [ParOldGen: 510716K->504579K(524288K)] 598780K->504579K(699392K), [Metaspace: 43955K->43955K(1087488K)], 0.0557277 secs] [Times: user=0.62 sys=0.02, real=0.06 secs] 
2016-09-25T22:34:31.615-0400: 90.338: [Full GC (Ergonomics) [PSYoungGen: 88064K->0K(175104K)] [ParOldGen: 510059K->499819K(524288K)] 598123K->499819K(699392K), [Metaspace: 43961K->43961K(1087488K)], 0.0506220 secs] [Times: user=0.53 sys=0.02, real=0.05 secs] 
2016-09-25T22:34:31.718-0400: 90.440: [Full GC (Ergonomics) [PSYoungGen: 88064K->0K(175104K)] [ParOldGen: 502863K->504712K(524288K)] 590927K->504712K(699392K), [Metaspace: 43961K->43961K(1087488K)], 0.0561024 secs] [Times: user=0.53 sys=0.00, real=0.05 secs] 
2016-09-25T22:34:31.832-0400: 90.555: [Full GC (Ergonomics) [PSYoungGen: 88064K->0K(175104K)] [ParOldGen: 510531K->512214K(524288K)] 598595K->512214K(699392K), [Metaspace: 43961K->43961K(1087488K)], 0.0571927 secs] [Times: user=0.60 sys=0.01, real=0.06 secs] 
2016-09-25T22:34:31.937-0400: 90.659: [Full GC (Ergonomics) [PSYoungGen: 88064K->0K(175104K)] [ParOldGen: 515344K->500787K(524288K)] 603408K->500787K(699392K), [Metaspace: 43961K->43961K(1087488K)], 0.0558906 secs] [Times: user=0.56 sys=0.02, real=0.05 secs] 
2016-09-25T22:34:32.036-0400: 90.759: [Full GC (Ergonomics) [PSYoungGen: 88064K->0K(175104K)] [ParOldGen: 506380K->516293K(524288K)] 594444K->516293K(699392K), [Metaspace: 43961K->43961K(1087488K)], 0.0585822 secs] [Times: user=0.64 sys=0.00, real=0.06 secs] 
2016-09-25T22:34:32.143-0400: 90.866: [Full GC (Ergonomics) [PSYoungGen: 88064K->0K(175104K)] [ParOldGen: 521878K->511653K(524288K)] 609942K->511653K(699392K), [Metaspace: 43961K->43961K(1087488K)], 0.0593474 secs] [Times: user=0.60 sys=0.01, real=0.06 secs] 
2016-09-25T22:34:32.259-0400: 90.982: [Full GC (Ergonomics) [PSYoungGen: 88064K->0K(175104K)] [ParOldGen: 522565K->517816K(524288K)] 610629K->517816K(699392K), [Metaspace: 43961K->43961K(1087488K)], 0.0607426 secs] [Times: user=0.44 sys=0.01, real=0.06 secs] 
2016-09-25T22:34:32.370-0400: 91.093: [Full GC (Ergonomics) [PSYoungGen: 88064K->0K(175104K)] [ParOldGen: 523280K->512986K(524288K)] 611344K->512986K(699392K), [Metaspace: 43961K->43961K(1087488K)], 0.0605224 secs] [Times: user=0.62 sys=0.01, real=0.06 secs] 
2016-09-25T22:34:32.480-0400: 91.202: [Full GC (Ergonomics) [PSYoungGen: 88064K->0K(175104K)] [ParOldGen: 520346K->506976K(524288K)] 608410K->506976K(699392K), [Metaspace: 43961K->43961K(1087488K)], 0.0616695 secs] [Times: user=0.62 sys=0.01, real=0.06 secs] 
2016-09-25T22:34:32.582-0400: 91.305: [Full GC (Ergonomics) [PSYoungGen: 88064K->0K(175104K)] [ParOldGen: 512470K->508913K(524288K)] 600534K->508913K(699392K), [Metaspace: 43962K->43962K(1087488K)], 0.1066058 secs] [Times: user=1.43 sys=0.01, real=0.11 secs] 
2016-09-25T22:34:32.735-0400: 91.458: [Full GC (Ergonomics) [PSYoungGen: 88063K->0K(175104K)] [ParOldGen: 517258K->515121K(524288K)] 605321K->515121K(699392K), [Metaspace: 43962K->43962K(1087488K)], 0.0594081 secs] [Times: user=0.50 sys=0.00, real=0.06 secs] 
2016-09-25T22:34:32.847-0400: 91.570: [Full GC (Ergonomics) [PSYoungGen: 88064K->0K(175104K)] [ParOldGen: 522357K->513155K(524288K)] 610421K->513155K(699392K), [Metaspace: 43962K->43962K(1087488K)], 0.0660141 secs] [Times: user=0.63 sys=0.01, real=0.06 secs] 
2016-09-25T22:34:32.967-0400: 91.690: [Full GC (Ergonomics) [PSYoungGen: 88064K->0K(175104K)] [ParOldGen: 513177K->505526K(524288K)] 601241K->505526K(699392K), [Metaspace: 43962K->43962K(1087488K)], 0.0576736 secs] [Times: user=0.57 sys=0.01, real=0.06 secs] 
2016-09-25T22:34:33.065-0400: 91.788: [Full GC (Ergonomics) [PSYoungGen: 88064K->0K(175104K)] [ParOldGen: 508366K->514441K(524288K)] 596430K->514441K(699392K), [Metaspace: 43962K->43962K(1087488K)], 0.0616835 secs] [Times: user=0.66 sys=0.00, real=0.06 secs] 
2016-09-25T22:34:33.168-0400: 91.891: [Full GC (Ergonomics) [PSYoungGen: 88064K->0K(175104K)] [ParOldGen: 517358K->520548K(524288K)] 605422K->520548K(699392K), [Metaspace: 43962K->43962K(1087488K)], 0.0554401 secs] [Times: user=0.51 sys=0.00, real=0.06 secs] 
2016-09-25T22:34:33.276-0400: 91.998: [Full GC (Ergonomics) [PSYoungGen: 88064K->0K(175104K)] [ParOldGen: 521086K->515981K(524288K)] 609150K->515981K(699392K), [Metaspace: 43962K->43962K(1087488K)], 0.0665698 secs] [Times: user=0.73 sys=0.00, real=0.07 secs] 
2016-09-25T22:34:33.390-0400: 92.113: [Full GC (Ergonomics) [PSYoungGen: 88064K->0K(175104K)] [ParOldGen: 521529K->516599K(524288K)] 609593K->516599K(699392K), [Metaspace: 43962K->43962K(1087488K)], 0.0567021 secs] [Times: user=0.51 sys=0.00, real=0.06 secs] 
2016-09-25T22:34:33.494-0400: 92.217: [Full GC (Ergonomics) [PSYoungGen: 88019K->0K(175104K)] [ParOldGen: 521999K->509211K(524288K)] 610018K->509211K(699392K), [Metaspace: 43962K->43962K(1087488K)], 0.0543419 secs] [Times: user=0.49 sys=0.00, real=0.05 secs] 
2016-09-25T22:34:33.597-0400: 92.319: [Full GC (Ergonomics) [PSYoungGen: 88064K->0K(175104K)] [ParOldGen: 509629K->508776K(524288K)] 597693K->508776K(699392K), [Metaspace: 43962K->43962K(1087488K)], 0.0498704 secs] [Times: user=0.45 sys=0.00, real=0.05 secs] 
2016-09-25T22:34:33.692-0400: 92.415: [Full GC (Ergonomics) [PSYoungGen: 88064K->0K(175104K)] [ParOldGen: 514268K->513147K(524288K)] 602332K->513147K(699392K), [Metaspace: 43962K->43962K(1087488K)], 0.0625098 secs] [Times: user=0.66 sys=0.00, real=0.07 secs] 
2016-09-25T22:34:33.794-0400: 92.517: [Full GC (Ergonomics) [PSYoungGen: 88064K->2700K(175104K)] [ParOldGen: 513196K->522021K(524288K)] 601260K->524721K(699392K), [Metaspace: 43962K->43962K(1087488K)], 0.0523877 secs] [Times: user=0.49 sys=0.00, real=0.06 secs] 
2016-09-25T22:34:33.893-0400: 92.615: [Full GC (Ergonomics) [PSYoungGen: 88064K->2700K(175104K)] [ParOldGen: 522227K->522679K(524288K)] 610291K->525379K(699392K), [Metaspace: 43962K->43962K(1087488K)], 0.0600706 secs] [Times: user=0.63 sys=0.00, real=0.06 secs] 
2016-09-25T22:34:33.992-0400: 92.715: [Full GC (Ergonomics) [PSYoungGen: 86256K->0K(175104K)] [ParOldGen: 522679K->517914K(524288K)] 608936K->517914K(699392K), [Metaspace: 43962K->43962K(1087488K)], 0.0517726 secs] [Times: user=0.41 sys=0.00, real=0.06 secs] 
2016-09-25T22:34:34.085-0400: 92.808: [Full GC (Ergonomics) [PSYoungGen: 88064K->0K(175104K)] [ParOldGen: 523359K->513142K(524288K)] 611423K->513142K(699392K), [Metaspace: 43962K->43962K(1087488K)], 0.0622783 secs] [Times: user=0.62 sys=0.00, real=0.06 secs] 
2016-09-25T22:34:34.189-0400: 92.912: [Full GC (Ergonomics) [PSYoungGen: 88064K->0K(175104K)] [ParOldGen: 513268K->519185K(524288K)] 601332K->519185K(699392K), [Metaspace: 43962K->43962K(1087488K)], 0.0568605 secs] [Times: user=0.52 sys=0.01, real=0.06 secs] 
2016-09-25T22:34:34.286-0400: 93.009: [Full GC (Ergonomics) [PSYoungGen: 88064K->0K(175104K)] [ParOldGen: 519269K->519905K(524288K)] 607333K->519905K(699392K), [Metaspace: 43962K->43962K(1087488K)], 0.0556009 secs] [Times: user=0.49 sys=0.00, real=0.05 secs] 
2016-09-25T22:34:34.388-0400: 93.111: [Full GC (Ergonomics) [PSYoungGen: 88064K->0K(175104K)] [ParOldGen: 520592K->519346K(524288K)] 608656K->519346K(699392K), [Metaspace: 43962K->43962K(1087488K)], 0.0635814 secs] [Times: user=0.43 sys=0.01, real=0.06 secs] 
2016-09-25T22:34:34.500-0400: 93.223: [Full GC (Ergonomics) [PSYoungGen: 88064K->0K(175104K)] [ParOldGen: 522873K->517209K(524288K)] 610937K->517209K(699392K), [Metaspace: 43962K->43962K(1087488K)], 0.0623553 secs] [Times: user=0.59 sys=0.00, real=0.07 secs] 
2016-09-25T22:34:34.602-0400: 93.325: [Full GC (Ergonomics) [PSYoungGen: 88064K->2765K(175104K)] [ParOldGen: 517301K->521948K(524288K)] 605365K->524713K(699392K), [Metaspace: 43962K->43962K(1087488K)], 0.0546626 secs] [Times: user=0.45 sys=0.01, real=0.05 secs] 
2016-09-25T22:34:34.700-0400: 93.422: [Full GC (Ergonomics) [PSYoungGen: 87482K->5413K(175104K)] [ParOldGen: 521948K->521943K(524288K)] 609430K->527357K(699392K), [Metaspace: 43962K->43962K(1087488K)], 0.0778356 secs] [Times: user=0.91 sys=0.01, real=0.08 secs] 
2016-09-25T22:34:34.826-0400: 93.549: [Full GC (Ergonomics) [PSYoungGen: 87162K->0K(175104K)] [ParOldGen: 523293K->513238K(524288K)] 610456K->513238K(699392K), [Metaspace: 43965K->43965K(1087488K)], 0.0539757 secs] [Times: user=0.47 sys=0.01, real=0.05 secs] 
2016-09-25T22:34:34.926-0400: 93.649: [Full GC (Ergonomics) [PSYoungGen: 88064K->0K(175104K)] [ParOldGen: 520072K->523240K(524288K)] 608136K->523240K(699392K), [Metaspace: 43965K->43965K(1087488K)], 0.0591600 secs] [Times: user=0.59 sys=0.00, real=0.06 secs] 
2016-09-25T22:34:35.028-0400: 93.751: [Full GC (Ergonomics) [PSYoungGen: 88064K->0K(175104K)] [ParOldGen: 523576K->517081K(524288K)] 611640K->517081K(699392K), [Metaspace: 43965K->43965K(1087488K)], 0.0594422 secs] [Times: user=0.60 sys=0.01, real=0.06 secs] 
2016-09-25T22:34:35.125-0400: 93.848: [Full GC (Ergonomics) [PSYoungGen: 88064K->1350K(175104K)] [ParOldGen: 519900K->523002K(524288K)] 607964K->524352K(699392K), [Metaspace: 43965K->43965K(1087488K)], 0.0552861 secs] [Times: user=0.52 sys=0.01, real=0.05 secs] 
2016-09-25T22:34:35.220-0400: 93.943: [Full GC (Ergonomics) [PSYoungGen: 88064K->0K(175104K)] [ParOldGen: 523045K->522167K(524288K)] 611109K->522167K(699392K), [Metaspace: 43965K->43965K(1087488K)], 0.0606083 secs] [Times: user=0.63 sys=0.00, real=0.06 secs] 
2016-09-25T22:34:35.320-0400: 94.043: [Full GC (Ergonomics) [PSYoungGen: 87780K->0K(175104K)] [ParOldGen: 523517K->522825K(524288K)] 611297K->522825K(699392K), [Metaspace: 43965K->43965K(1087488K)], 0.0526465 secs] [Times: user=0.52 sys=0.00, real=0.05 secs] 
2016-09-25T22:34:35.413-0400: 94.136: [Full GC (Ergonomics) [PSYoungGen: 87040K->0K(175104K)] [ParOldGen: 522825K->522205K(524288K)] 609865K->522205K(699392K), [Metaspace: 43965K->43965K(1087488K)], 0.0619539 secs] [Times: user=0.65 sys=0.00, real=0.07 secs] 
2016-09-25T22:34:35.515-0400: 94.237: [Full GC (Ergonomics) [PSYoungGen: 86468K->0K(175104K)] [ParOldGen: 522205K->521214K(524288K)] 608673K->521214K(699392K), [Metaspace: 43965K->43965K(1087488K)], 0.0609322 secs] [Times: user=0.66 sys=0.00, real=0.06 secs] 
2016-09-25T22:34:35.617-0400: 94.339: [Full GC (Ergonomics) [PSYoungGen: 88064K->4050K(175104K)] [ParOldGen: 523934K->521890K(524288K)] 611998K->525940K(699392K), [Metaspace: 43965K->43965K(1087488K)], 0.1066241 secs] [Times: user=1.50 sys=0.01, real=0.11 secs] 
2016-09-25T22:34:35.763-0400: 94.486: [Full GC (Ergonomics) [PSYoungGen: 88064K->0K(175104K)] [ParOldGen: 521933K->523670K(524288K)] 609997K->523670K(699392K), [Metaspace: 43965K->43965K(1087488K)], 0.0594376 secs] [Times: user=0.63 sys=0.00, real=0.06 secs] 
2016-09-25T22:34:35.857-0400: 94.580: [Full GC (Ergonomics) [PSYoungGen: 85700K->66K(175104K)] [ParOldGen: 523670K->524231K(524288K)] 609370K->524297K(699392K), [Metaspace: 43967K->43967K(1087488K)], 0.0606776 secs] [Times: user=0.64 sys=0.00, real=0.06 secs] 
2016-09-25T22:34:35.955-0400: 94.677: [Full GC (Ergonomics) [PSYoungGen: 88064K->9512K(175104K)] [ParOldGen: 524287K->523052K(524288K)] 612351K->532565K(699392K), [Metaspace: 43967K->43967K(1087488K)], 0.1611063 secs] [Times: user=2.37 sys=0.01, real=0.16 secs] 
2016-09-25T22:34:36.161-0400: 94.883: [Full GC (Ergonomics) [PSYoungGen: 86442K->2700K(175104K)] [ParOldGen: 523052K->522010K(524288K)] 609495K->524710K(699392K), [Metaspace: 43967K->43967K(1087488K)], 0.1513190 secs] [Times: user=2.23 sys=0.01, real=0.15 secs] 
2016-09-25T22:34:36.345-0400: 95.067: [Full GC (Ergonomics) [PSYoungGen: 87482K->2703K(175104K)] [ParOldGen: 522010K->522457K(524288K)] 609493K->525160K(699392K), [Metaspace: 43969K->43969K(1087488K)], 0.1529626 secs] [Times: user=2.27 sys=0.01, real=0.15 secs] 
2016-09-25T22:34:36.535-0400: 95.257: [Full GC (Ergonomics) [PSYoungGen: 88064K->8123K(175104K)] [ParOldGen: 522507K->522914K(524288K)] 610571K->531037K(699392K), [Metaspace: 43969K->43969K(1087488K)], 0.1541534 secs] [Times: user=2.25 sys=0.01, real=0.15 secs] 
2016-09-25T22:34:36.731-0400: 95.453: [Full GC (Ergonomics) [PSYoungGen: 88064K->9464K(175104K)] [ParOldGen: 523070K->521907K(524288K)] 611134K->531371K(699392K), [Metaspace: 43969K->43969K(1087488K)], 0.1443027 secs] [Times: user=2.07 sys=0.01, real=0.15 secs] 
2016-09-25T22:34:36.921-0400: 95.644: [Full GC (Ergonomics) [PSYoungGen: 86639K->0K(175104K)] [ParOldGen: 521907K->523777K(524288K)] 608546K->523777K(699392K), [Metaspace: 43969K->43969K(1087488K)], 0.0639669 secs] [Times: user=0.68 sys=0.01, real=0.07 secs] 
2016-09-25T22:34:37.020-0400: 95.743: [Full GC (Ergonomics) [PSYoungGen: 87207K->9518K(175104K)] [ParOldGen: 523777K->522672K(524288K)] 610985K->532191K(699392K), [Metaspace: 43969K->43969K(1087488K)], 0.1647752 secs] [Times: user=2.47 sys=0.01, real=0.17 secs] 
2016-09-25T22:34:37.228-0400: 95.951: [Full GC (Ergonomics) [PSYoungGen: 87649K->4050K(175104K)] [ParOldGen: 522672K->523110K(524288K)] 610322K->527160K(699392K), [Metaspace: 43969K->43969K(1087488K)], 0.1504409 secs] [Times: user=2.22 sys=0.00, real=0.15 secs] 
2016-09-25T22:34:37.420-0400: 96.142: [Full GC (Ergonomics) [PSYoungGen: 87379K->8100K(175104K)] [ParOldGen: 523110K->522160K(524288K)] 610489K->530261K(699392K), [Metaspace: 43969K->43969K(1087488K)], 0.1520188 secs] [Times: user=2.24 sys=0.01, real=0.15 secs] 
2016-09-25T22:34:37.616-0400: 96.339: [Full GC (Ergonomics) [PSYoungGen: 88064K->2702K(175104K)] [ParOldGen: 523912K->522521K(524288K)] 611976K->525223K(699392K), [Metaspace: 43969K->43969K(1087488K)], 0.1527449 secs] [Times: user=2.27 sys=0.01, real=0.15 secs] 
2016-09-25T22:34:37.807-0400: 96.530: [Full GC (Ergonomics) [PSYoungGen: 85939K->4057K(175104K)] [ParOldGen: 522521K->524243K(524288K)] 608460K->528300K(699392K), [Metaspace: 43969K->43969K(1087488K)], 0.1524205 secs] [Times: user=2.25 sys=0.01, real=0.15 secs] 
2016-09-25T22:34:38.002-0400: 96.724: [Full GC (Ergonomics) [PSYoungGen: 88064K->12152K(175104K)] [ParOldGen: 524287K->521941K(524288K)] 612351K->534093K(699392K), [Metaspace: 43969K->43969K(1087488K)], 0.1629523 secs] [Times: user=2.40 sys=0.02, real=0.17 secs] 
2016-09-25T22:34:38.204-0400: 96.927: [Full GC (Ergonomics) [PSYoungGen: 88064K->6812K(175104K)] [ParOldGen: 523296K->522305K(524288K)] 611360K->529118K(699392K), [Metaspace: 43969K->43969K(1087488K)], 0.1523350 secs] [Times: user=2.21 sys=0.00, real=0.15 secs] 
2016-09-25T22:34:38.396-0400: 97.119: [Full GC (Ergonomics) [PSYoungGen: 86976K->2700K(175104K)] [ParOldGen: 522305K->523955K(524288K)] 609281K->526656K(699392K), [Metaspace: 43969K->43969K(1087488K)], 0.1542556 secs] [Times: user=2.22 sys=0.00, real=0.15 secs] 
2016-09-25T22:34:38.598-0400: 97.321: [Full GC (Ergonomics) [PSYoungGen: 88064K->9643K(175104K)] [ParOldGen: 523998K->522854K(524288K)] 612062K->532498K(699392K), [Metaspace: 43969K->43969K(1087488K)], 0.1728920 secs] [Times: user=2.33 sys=0.03, real=0.17 secs] 
2016-09-25T22:34:38.812-0400: 97.534: [Full GC (Ergonomics) [PSYoungGen: 86754K->8118K(175104K)] [ParOldGen: 522854K->522148K(524288K)] 609608K->530267K(699392K), [Metaspace: 43969K->43969K(1087488K)], 0.1578567 secs] [Times: user=2.32 sys=0.01, real=0.16 secs] 
2016-09-25T22:34:39.014-0400: 97.737: [Full GC (Ergonomics) [PSYoungGen: 87516K->1350K(175104K)] [ParOldGen: 522148K->523830K(524288K)] 609665K->525180K(699392K), [Metaspace: 43969K->43969K(1087488K)], 0.1604651 secs] [Times: user=2.37 sys=0.01, real=0.17 secs] 
2016-09-25T22:34:39.219-0400: 97.942: [Full GC (Ergonomics) [PSYoungGen: 88007K->0K(175104K)] [ParOldGen: 523830K->521650K(524288K)] 611837K->521650K(699392K), [Metaspace: 43969K->43969K(1087488K)], 0.0571817 secs] [Times: user=0.59 sys=0.00, real=0.06 secs] 
2016-09-25T22:34:39.310-0400: 98.033: [Full GC (Ergonomics) [PSYoungGen: 88064K->13695K(175104K)] [ParOldGen: 521809K->523144K(524288K)] 609873K->536839K(699392K), [Metaspace: 43969K->43969K(1087488K)], 0.1635799 secs] [Times: user=2.47 sys=0.02, real=0.16 secs] 
2016-09-25T22:34:39.508-0400: 98.231: [Full GC (Ergonomics) [PSYoungGen: 87450K->6819K(175104K)] [ParOldGen: 523144K->523632K(524288K)] 610594K->530451K(699392K), [Metaspace: 43969K->43969K(1087488K)], 0.1554057 secs] [Times: user=2.27 sys=0.01, real=0.16 secs] 
2016-09-25T22:34:39.699-0400: 98.422: [Full GC (Ergonomics) [PSYoungGen: 86744K->8162K(175104K)] [ParOldGen: 523632K->523995K(524288K)] 610376K->532158K(699392K), [Metaspace: 43969K->43969K(1087488K)], 0.1582569 secs] [Times: user=2.34 sys=0.01, real=0.16 secs] 
2016-09-25T22:34:39.901-0400: 98.624: [Full GC (Ergonomics) [PSYoungGen: 86998K->6751K(175104K)] [ParOldGen: 523995K->523072K(524288K)] 610994K->529823K(699392K), [Metaspace: 43969K->43969K(1087488K)], 0.1477955 secs] [Times: user=2.13 sys=0.00, real=0.15 secs] 
2016-09-25T22:34:40.092-0400: 98.814: [Full GC (Ergonomics) [PSYoungGen: 86193K->10869K(175104K)] [ParOldGen: 523072K->522048K(524288K)] 609265K->532917K(699392K), [Metaspace: 43969K->43969K(1087488K)], 0.1570010 secs] [Times: user=2.29 sys=0.01, real=0.16 secs] 
2016-09-25T22:34:40.301-0400: 99.024: [Full GC (Ergonomics) [PSYoungGen: 86720K->4118K(175104K)] [ParOldGen: 522048K->523887K(524288K)] 608768K->528005K(699392K), [Metaspace: 43969K->43969K(1087488K)], 0.1632382 secs] [Times: user=2.29 sys=0.02, real=0.17 secs] 
2016-09-25T22:34:40.513-0400: 99.235: [Full GC (Ergonomics) [PSYoungGen: 88064K->128K(175104K)] [ParOldGen: 523895K->524267K(524288K)] 611959K->524395K(699392K), [Metaspace: 43969K->43969K(1087488K)], 0.1573134 secs] [Times: user=2.35 sys=0.01, real=0.16 secs] 
2016-09-25T22:34:40.716-0400: 99.439: [Full GC (Ergonomics) [PSYoungGen: 88064K->5540K(175104K)] [ParOldGen: 524268K->522018K(524288K)] 612332K->527559K(699392K), [Metaspace: 43969K->43969K(1087488K)], 0.1468730 secs] [Times: user=2.17 sys=0.00, real=0.15 secs] 
2016-09-25T22:34:40.906-0400: 99.629: [Full GC (Ergonomics) [PSYoungGen: 88064K->8304K(175104K)] [ParOldGen: 523401K->523417K(524288K)] 611465K->531722K(699392K), [Metaspace: 43969K->43969K(1087488K)], 0.1544294 secs] [Times: user=2.19 sys=0.01, real=0.15 secs] 
2016-09-25T22:34:41.106-0400: 99.828: [Full GC (Ergonomics) [PSYoungGen: 87699K->6909K(175104K)] [ParOldGen: 523417K->522458K(524288K)] 611116K->529367K(699392K), [Metaspace: 43969K->43969K(1087488K)], 0.1639639 secs] [Times: user=2.29 sys=0.02, real=0.16 secs] 
2016-09-25T22:34:41.316-0400: 100.039: [Full GC (Ergonomics) [PSYoungGen: 87171K->2836K(175104K)] [ParOldGen: 523808K->523025K(524288K)] 610979K->525861K(699392K), [Metaspace: 43970K->43970K(1087488K)], 0.1524447 secs] [Times: user=2.22 sys=0.00, real=0.15 secs] 
2016-09-25T22:34:41.513-0400: 100.235: [Full GC (Ergonomics) [PSYoungGen: 87282K->0K(175104K)] [ParOldGen: 523025K->522584K(524288K)] 610308K->522584K(699392K), [Metaspace: 43970K->43970K(1087488K)], 0.0588773 secs] [Times: user=0.49 sys=0.00, real=0.06 secs] 
2016-09-25T22:34:41.614-0400: 100.336: [Full GC (Ergonomics) [PSYoungGen: 88064K->12326K(175104K)] [ParOldGen: 522652K->523759K(524288K)] 610716K->536085K(699392K), [Metaspace: 43970K->43970K(1087488K)], 0.1614694 secs] [Times: user=2.33 sys=0.00, real=0.17 secs] 
2016-09-25T22:34:41.807-0400: 100.530: [Full GC (Ergonomics) [PSYoungGen: 86974K->10866K(175104K)] [ParOldGen: 523759K->523050K(524288K)] 610733K->533917K(699392K), [Metaspace: 43970K->43970K(1087488K)], 0.1635476 secs] [Times: user=2.27 sys=0.02, real=0.16 secs] 
2016-09-25T22:34:42.012-0400: 100.735: [Full GC (Ergonomics) [PSYoungGen: 86963K->11051K(175104K)] [ParOldGen: 523050K->523301K(524288K)] 610014K->534353K(699392K), [Metaspace: 43971K->43971K(1087488K)], 0.1517516 secs] [Times: user=2.26 sys=0.00, real=0.16 secs] 
2016-09-25T22:34:42.199-0400: 100.922: [Full GC (Ergonomics) [PSYoungGen: 88064K->12312K(175104K)] [ParOldGen: 523323K->522328K(524288K)] 611387K->534640K(699392K), [Metaspace: 43971K->43971K(1087488K)], 0.1702884 secs] [Times: user=2.57 sys=0.00, real=0.17 secs] 
2016-09-25T22:34:42.404-0400: 101.127: [Full GC (Ergonomics) [PSYoungGen: 86931K->21792K(175104K)] [ParOldGen: 522328K->524236K(524288K)] 609259K->546028K(699392K), [Metaspace: 43971K->43971K(1087488K)], 0.1638776 secs] [Times: user=2.46 sys=0.01, real=0.16 secs] 
2016-09-25T22:34:42.604-0400: 101.326: [Full GC (Ergonomics) [PSYoungGen: 87054K->11135K(175104K)] [ParOldGen: 524236K->523217K(524288K)] 611291K->534352K(699392K), [Metaspace: 43971K->43971K(1087488K)], 0.1615344 secs] [Times: user=2.31 sys=0.02, real=0.16 secs] 
2016-09-25T22:34:42.795-0400: 101.517: [Full GC (Ergonomics) [PSYoungGen: 88064K->19075K(175104K)] [ParOldGen: 523217K->522259K(524288K)] 611281K->541334K(699392K), [Metaspace: 43971K->43971K(1087488K)], 0.1576914 secs] [Times: user=2.25 sys=0.00, real=0.15 secs] 
2016-09-25T22:34:42.999-0400: 101.721: [Full GC (Ergonomics) [PSYoungGen: 87781K->13852K(175104K)] [ParOldGen: 522259K->522458K(524288K)] 610040K->536311K(699392K), [Metaspace: 43977K->43977K(1087488K)], 0.1601029 secs] [Times: user=2.38 sys=0.00, real=0.16 secs] 
2016-09-25T22:34:43.198-0400: 101.921: [Full GC (Ergonomics) [PSYoungGen: 88064K->12411K(175104K)] [ParOldGen: 522536K->524218K(524288K)] 610600K->536629K(699392K), [Metaspace: 43977K->43977K(1087488K)], 0.1588535 secs] [Times: user=2.36 sys=0.02, real=0.16 secs] 
2016-09-25T22:34:43.386-0400: 102.108: [Full GC (Ergonomics) [PSYoungGen: 88064K->23160K(175104K)] [ParOldGen: 524287K->522150K(524288K)] 612351K->545310K(699392K), [Metaspace: 43977K->43977K(1087488K)], 0.1564211 secs] [Times: user=2.29 sys=0.02, real=0.16 secs] 
2016-09-25T22:34:43.584-0400: 102.307: [Full GC (Ergonomics) [PSYoungGen: 88062K->9587K(175104K)] [ParOldGen: 523183K->524074K(524288K)] 611245K->533661K(699392K), [Metaspace: 43977K->43977K(1087488K)], 0.1523272 secs] [Times: user=2.25 sys=0.01, real=0.15 secs] 
2016-09-25T22:34:43.775-0400: 102.498: [Full GC (Ergonomics) [PSYoungGen: 88064K->11065K(175104K)] [ParOldGen: 524094K->524183K(524288K)] 612158K->535249K(699392K), [Metaspace: 43977K->43977K(1087488K)], 0.1559409 secs] [Times: user=2.29 sys=0.01, real=0.15 secs] 
2016-09-25T22:34:43.962-0400: 102.685: [Full GC (Ergonomics) [PSYoungGen: 88064K->20553K(175104K)] [ParOldGen: 524237K->523268K(524288K)] 612301K->543822K(699392K), [Metaspace: 43977K->43977K(1087488K)], 0.1608141 secs] [Times: user=2.38 sys=0.02, real=0.17 secs] 
2016-09-25T22:34:44.169-0400: 102.892: [Full GC (Ergonomics) [PSYoungGen: 87831K->15246K(175104K)] [ParOldGen: 523268K->523700K(524288K)] 611100K->538947K(699392K), [Metaspace: 43979K->43979K(1087488K)], 0.1632089 secs] [Times: user=2.25 sys=0.00, real=0.16 secs] 
2016-09-25T22:34:44.371-0400: 103.094: [Full GC (Ergonomics) [PSYoungGen: 87856K->6913K(175104K)] [ParOldGen: 523700K->524117K(524288K)] 611557K->531030K(699392K), [Metaspace: 43979K->43979K(1087488K)], 0.1617457 secs] [Times: user=2.37 sys=0.02, real=0.16 secs] 
2016-09-25T22:34:44.567-0400: 103.290: [Full GC (Ergonomics) [PSYoungGen: 88064K->23319K(175104K)] [ParOldGen: 524194K->521731K(524288K)] 612258K->545050K(699392K), [Metaspace: 43979K->43979K(1087488K)], 0.1600293 secs] [Times: user=2.40 sys=0.00, real=0.16 secs] 
2016-09-25T22:34:44.761-0400: 103.484: [Full GC (Ergonomics) [PSYoungGen: 87031K->21863K(175104K)] [ParOldGen: 521731K->523505K(524288K)] 608762K->545369K(699392K), [Metaspace: 43979K->43979K(1087488K)], 0.1500887 secs] [Times: user=2.14 sys=0.01, real=0.15 secs] 
2016-09-25T22:34:44.952-0400: 103.674: [Full GC (Ergonomics) [PSYoungGen: 87461K->13862K(175104K)] [ParOldGen: 523505K->523811K(524288K)] 610967K->537673K(699392K), [Metaspace: 43979K->43979K(1087488K)], 0.1651186 secs] [Times: user=2.45 sys=0.01, real=0.17 secs] 
2016-09-25T22:34:45.147-0400: 103.870: [Full GC (Ergonomics) [PSYoungGen: 88064K->27218K(175104K)] [ParOldGen: 523886K->521639K(524288K)] 611950K->548858K(699392K), [Metaspace: 43981K->43981K(1087488K)], 0.1523168 secs] [Times: user=2.18 sys=0.00, real=0.15 secs] 
2016-09-25T22:34:45.336-0400: 104.058: [Full GC (Ergonomics) [PSYoungGen: 88064K->20545K(175104K)] [ParOldGen: 521733K->523264K(524288K)] 609797K->543809K(699392K), [Metaspace: 43981K->43981K(1087488K)], 0.1524583 secs] [Times: user=2.16 sys=0.01, real=0.15 secs] 
2016-09-25T22:34:45.521-0400: 104.243: [Full GC (Ergonomics) [PSYoungGen: 88064K->20525K(175104K)] [ParOldGen: 523419K->523595K(524288K)] 611483K->544120K(699392K), [Metaspace: 43981K->43981K(1087488K)], 0.1615088 secs] [Times: user=2.38 sys=0.02, real=0.17 secs] 
2016-09-25T22:34:45.718-0400: 104.441: [Full GC (Ergonomics) [PSYoungGen: 86977K->20525K(175104K)] [ParOldGen: 523595K->524182K(524288K)] 610572K->544707K(699392K), [Metaspace: 43981K->43981K(1087488K)], 0.1673311 secs] [Times: user=2.35 sys=0.02, real=0.17 secs] 
2016-09-25T22:34:45.920-0400: 104.643: [Full GC (Ergonomics) [PSYoungGen: 88064K->19464K(175104K)] [ParOldGen: 524258K->522778K(524288K)] 612322K->542243K(699392K), [Metaspace: 43981K->43981K(1087488K)], 0.1530081 secs] [Times: user=2.27 sys=0.01, real=0.15 secs] 
2016-09-25T22:34:46.105-0400: 104.828: [Full GC (Ergonomics) [PSYoungGen: 88064K->19267K(175104K)] [ParOldGen: 524228K->523494K(524288K)] 612292K->542762K(699392K), [Metaspace: 43981K->43981K(1087488K)], 0.1661495 secs] [Times: user=2.47 sys=0.02, real=0.16 secs] 
2016-09-25T22:34:46.305-0400: 105.028: [Full GC (Ergonomics) [PSYoungGen: 85778K->23451K(175104K)] [ParOldGen: 523494K->522469K(524288K)] 609273K->545920K(699392K), [Metaspace: 43981K->43981K(1087488K)], 0.1531297 secs] [Times: user=2.25 sys=0.00, real=0.15 secs] 
2016-09-25T22:34:46.487-0400: 105.210: [Full GC (Ergonomics) [PSYoungGen: 88064K->25958K(175104K)] [ParOldGen: 522559K->522946K(524288K)] 610623K->548904K(699392K), [Metaspace: 43981K->43981K(1087488K)], 0.1624835 secs] [Times: user=2.34 sys=0.01, real=0.16 secs] 
2016-09-25T22:34:46.682-0400: 105.404: [Full GC (Ergonomics) [PSYoungGen: 87160K->24801K(175104K)] [ParOldGen: 522946K->523313K(524288K)] 610107K->548114K(699392K), [Metaspace: 43981K->43981K(1087488K)], 0.1597458 secs] [Times: user=2.38 sys=0.01, real=0.16 secs] 
2016-09-25T22:34:46.878-0400: 105.601: [Full GC (Ergonomics) [PSYoungGen: 87430K->15309K(175104K)] [ParOldGen: 523313K->523595K(524288K)] 610743K->538904K(699392K), [Metaspace: 43981K->43981K(1087488K)], 0.1589380 secs] [Times: user=2.29 sys=0.00, real=0.16 secs] 
2016-09-25T22:34:47.064-0400: 105.786: [Full GC (Ergonomics) [PSYoungGen: 87510K->24774K(175104K)] [ParOldGen: 523595K->523003K(524288K)] 611105K->547778K(699392K), [Metaspace: 43981K->43981K(1087488K)], 0.1573239 secs] [Times: user=2.33 sys=0.01, real=0.15 secs] 
2016-09-25T22:34:47.260-0400: 105.983: [Full GC (Ergonomics) [PSYoungGen: 88064K->25012K(175104K)] [ParOldGen: 523047K->522974K(524288K)] 611111K->547987K(699392K), [Metaspace: 43981K->43981K(1087488K)], 0.1596117 secs] [Times: user=2.36 sys=0.01, real=0.16 secs] 
2016-09-25T22:34:47.447-0400: 106.170: [Full GC (Ergonomics) [PSYoungGen: 88064K->27463K(175104K)] [ParOldGen: 522993K->523710K(524288K)] 611057K->551174K(699392K), [Metaspace: 43981K->43981K(1087488K)], 0.2049502 secs] [Times: user=2.43 sys=0.06, real=0.20 secs] 
2016-09-25T22:34:47.688-0400: 106.411: [Full GC (Ergonomics) [PSYoungGen: 88064K->24811K(175104K)] [ParOldGen: 523789K->524140K(524288K)] 611853K->548952K(699392K), [Metaspace: 43981K->43981K(1087488K)], 0.1647828 secs] [Times: user=2.46 sys=0.01, real=0.16 secs] 
2016-09-25T22:34:47.889-0400: 106.612: [Full GC (Ergonomics) [PSYoungGen: 87658K->27601K(175104K)] [ParOldGen: 524140K->521757K(524288K)] 611799K->549359K(699392K), [Metaspace: 43981K->43981K(1087488K)], 0.1576895 secs] [Times: user=2.35 sys=0.01, real=0.16 secs] 
2016-09-25T22:34:48.085-0400: 106.808: [Full GC (Ergonomics) [PSYoungGen: 88064K->27860K(175104K)] [ParOldGen: 521865K->521919K(524288K)] 609929K->549779K(699392K), [Metaspace: 43981K->43981K(1087488K)], 0.1617196 secs] [Times: user=2.29 sys=0.01, real=0.16 secs] 
2016-09-25T22:34:48.276-0400: 106.998: [Full GC (Ergonomics) [PSYoungGen: 88064K->27572K(175104K)] [ParOldGen: 521919K->522763K(524288K)] 609983K->550336K(699392K), [Metaspace: 43982K->43982K(1087488K)], 0.1483711 secs] [Times: user=2.15 sys=0.01, real=0.15 secs] 
2016-09-25T22:34:48.425-0400: 107.148: [Full GC (Ergonomics) [PSYoungGen: 30288K->30272K(175104K)] [ParOldGen: 522763K->522761K(524288K)] 553052K->553034K(699392K), [Metaspace: 43982K->43982K(1087488K)], 0.0535773 secs] [Times: user=0.52 sys=0.00, real=0.05 secs] 
2016-09-25T22:34:48.516-0400: 107.239: [Full GC (Ergonomics) [PSYoungGen: 86972K->21249K(175104K)] [ParOldGen: 522761K->522812K(524288K)] 609734K->544061K(699392K), [Metaspace: 43984K->43984K(1087488K)], 0.1577180 secs] [Times: user=2.34 sys=0.02, real=0.15 secs] 
2016-09-25T22:34:48.698-0400: 107.420: [Full GC (Ergonomics) [PSYoungGen: 88064K->30237K(175104K)] [ParOldGen: 522935K->523638K(524288K)] 610999K->553875K(699392K), [Metaspace: 43984K->43984K(1087488K)], 0.1580108 secs] [Times: user=2.35 sys=0.00, real=0.16 secs] 
2016-09-25T22:34:48.894-0400: 107.617: [Full GC (Ergonomics) [PSYoungGen: 88064K->16872K(175104K)] [ParOldGen: 523777K->524182K(524288K)] 611841K->541055K(699392K), [Metaspace: 43984K->43984K(1087488K)], 0.1608128 secs] [Times: user=2.28 sys=0.02, real=0.17 secs] 
2016-09-25T22:34:49.090-0400: 107.812: [Full GC (Ergonomics) [PSYoungGen: 88051K->19841K(175104K)] [ParOldGen: 524246K->522857K(524288K)] 612298K->542698K(699392K), [Metaspace: 43984K->43984K(1087488K)], 0.1525972 secs] [Times: user=2.22 sys=0.00, real=0.16 secs] 
2016-09-25T22:34:49.267-0400: 107.990: [Full GC (Ergonomics) [PSYoungGen: 85658K->34715K(175104K)] [ParOldGen: 522857K->523352K(524288K)] 608515K->558067K(699392K), [Metaspace: 43984K->43984K(1087488K)], 0.1655385 secs] [Times: user=2.36 sys=0.00, real=0.16 secs] 
2016-09-25T22:34:49.473-0400: 108.196: [Full GC (Ergonomics) [PSYoungGen: 86857K->16822K(175104K)] [ParOldGen: 523352K->523972K(524288K)] 610209K->540794K(699392K), [Metaspace: 43984K->43984K(1087488K)], 0.1609024 secs] [Times: user=2.27 sys=0.01, real=0.16 secs] 
2016-09-25T22:34:49.665-0400: 108.387: [Full GC (Ergonomics) [PSYoungGen: 88064K->29292K(175104K)] [ParOldGen: 524067K->524251K(524288K)] 612131K->553544K(699392K), [Metaspace: 43984K->43984K(1087488K)], 0.1618985 secs] [Times: user=2.42 sys=0.01, real=0.16 secs] 
2016-09-25T22:34:49.853-0400: 108.575: [Full GC (Ergonomics) [PSYoungGen: 86251K->34699K(175104K)] [ParOldGen: 524251K->522022K(524288K)] 610503K->556722K(699392K), [Metaspace: 43984K->43984K(1087488K)], 0.1584936 secs] [Times: user=2.39 sys=0.00, real=0.16 secs] 
2016-09-25T22:34:50.041-0400: 108.764: [Full GC (Ergonomics) [PSYoungGen: 88064K->31980K(175104K)] [ParOldGen: 522187K->522430K(524288K)] 610251K->554411K(699392K), [Metaspace: 43984K->43984K(1087488K)], 0.1562493 secs] [Times: user=2.33 sys=0.00, real=0.16 secs] 
2016-09-25T22:34:50.230-0400: 108.953: [Full GC (Ergonomics) [PSYoungGen: 88064K->29431K(175104K)] [ParOldGen: 522535K->522770K(524288K)] 610599K->552201K(699392K), [Metaspace: 43992K->43992K(1087488K)], 0.1616211 secs] [Times: user=2.38 sys=0.02, real=0.16 secs] 
2016-09-25T22:34:50.426-0400: 109.149: [Full GC (Ergonomics) [PSYoungGen: 88064K->29191K(175104K)] [ParOldGen: 522778K->523376K(524288K)] 610842K->552567K(699392K), [Metaspace: 43993K->43993K(1087488K)], 0.1682553 secs] [Times: user=2.53 sys=0.01, real=0.17 secs] 
2016-09-25T22:34:50.627-0400: 109.350: [Full GC (Ergonomics) [PSYoungGen: 88064K->34606K(175104K)] [ParOldGen: 523465K->523849K(524288K)] 611529K->558456K(699392K), [Metaspace: 43993K->43993K(1087488K)], 0.1643344 secs] [Times: user=2.05 sys=0.01, real=0.16 secs] 
2016-09-25T22:34:50.823-0400: 109.546: [Full GC (Ergonomics) [PSYoungGen: 85685K->26752K(175104K)] [ParOldGen: 523849K->524152K(524288K)] 609535K->550905K(699392K), [Metaspace: 43993K->43993K(1087488K)], 0.1657117 secs] [Times: user=2.20 sys=0.03, real=0.16 secs] 
2016-09-25T22:34:51.023-0400: 109.746: [Full GC (Ergonomics) [PSYoungGen: 87001K->30790K(175104K)] [ParOldGen: 524152K->523106K(524288K)] 611154K->553897K(699392K), [Metaspace: 43993K->43993K(1087488K)], 0.1837701 secs] [Times: user=2.26 sys=0.03, real=0.18 secs] 
2016-09-25T22:34:51.242-0400: 109.965: [Full GC (Ergonomics) [PSYoungGen: 85808K->33205K(175104K)] [ParOldGen: 523106K->523920K(524288K)] 608915K->557126K(699392K), [Metaspace: 43994K->43994K(1087488K)], 0.1684528 secs] [Times: user=2.40 sys=0.02, real=0.16 secs] 
2016-09-25T22:34:51.445-0400: 110.168: [Full GC (Ergonomics) [PSYoungGen: 88064K->33280K(175104K)] [ParOldGen: 524085K->524136K(524288K)] 612149K->557416K(699392K), [Metaspace: 43995K->43995K(1087488K)], 0.1553890 secs] [Times: user=2.16 sys=0.03, real=0.15 secs] 
2016-09-25T22:34:51.633-0400: 110.355: [Full GC (Ergonomics) [PSYoungGen: 86037K->33479K(175104K)] [ParOldGen: 524136K->521842K(524288K)] 610174K->555322K(699392K), [Metaspace: 43995K->43995K(1087488K)], 0.1538310 secs] [Times: user=2.16 sys=0.02, real=0.16 secs] 
2016-09-25T22:34:51.824-0400: 110.547: [Full GC (Ergonomics) [PSYoungGen: 86766K->34511K(175104K)] [ParOldGen: 521842K->523398K(524288K)] 608608K->557909K(699392K), [Metaspace: 43997K->43997K(1087488K)], 0.1664064 secs] [Times: user=2.38 sys=0.02, real=0.16 secs] 
2016-09-25T22:34:52.015-0400: 110.737: [Full GC (Ergonomics) [PSYoungGen: 88039K->31922K(175104K)] [ParOldGen: 523398K->523948K(524288K)] 611438K->555871K(699392K), [Metaspace: 43997K->43997K(1087488K)], 0.1555007 secs] [Times: user=2.18 sys=0.01, real=0.15 secs] 
2016-09-25T22:34:52.220-0400: 110.942: [Full GC (Ergonomics) [PSYoungGen: 85941K->31013K(175104K)] [ParOldGen: 523948K->522402K(524288K)] 609890K->553416K(699392K), [Metaspace: 43997K->43997K(1087488K)], 0.1710216 secs] [Times: user=2.42 sys=0.02, real=0.17 secs] 
2016-09-25T22:34:52.424-0400: 111.147: [Full GC (Ergonomics) [PSYoungGen: 88064K->41707K(175104K)] [ParOldGen: 522602K->523108K(524288K)] 610666K->564815K(699392K), [Metaspace: 43997K->43997K(1087488K)], 0.1749589 secs] [Times: user=2.07 sys=0.04, real=0.17 secs] 
2016-09-25T22:34:52.639-0400: 111.361: [Full GC (Ergonomics) [PSYoungGen: 88064K->28144K(175104K)] [ParOldGen: 523368K->523418K(524288K)] 611432K->551563K(699392K), [Metaspace: 43997K->43997K(1087488K)], 0.1569666 secs] [Times: user=2.19 sys=0.00, real=0.16 secs] 
2016-09-25T22:34:52.815-0400: 111.537: [Full GC (Ergonomics) [PSYoungGen: 87467K->37624K(175104K)] [ParOldGen: 523418K->524132K(524288K)] 610886K->561757K(699392K), [Metaspace: 43997K->43997K(1087488K)], 0.1621437 secs] [Times: user=2.21 sys=0.01, real=0.16 secs] 
2016-09-25T22:34:53.021-0400: 111.744: [Full GC (Ergonomics) [PSYoungGen: 87730K->28296K(175104K)] [ParOldGen: 524132K->524204K(524288K)] 611862K->552500K(699392K), [Metaspace: 43997K->43997K(1087488K)], 0.1645308 secs] [Times: user=2.32 sys=0.01, real=0.17 secs] 
2016-09-25T22:34:53.217-0400: 111.940: [Full GC (Ergonomics) [PSYoungGen: 87323K->36236K(175104K)] [ParOldGen: 524204K->523702K(524288K)] 611528K->559939K(699392K), [Metaspace: 43997K->43997K(1087488K)], 0.1615826 secs] [Times: user=2.28 sys=0.01, real=0.16 secs] 
2016-09-25T22:34:53.419-0400: 112.141: [Full GC (Ergonomics) [PSYoungGen: 86757K->33824K(175104K)] [ParOldGen: 523702K->523806K(524288K)] 610460K->557631K(699392K), [Metaspace: 43997K->43997K(1087488K)], 0.1558407 secs] [Times: user=1.83 sys=0.01, real=0.16 secs] 
2016-09-25T22:34:53.602-0400: 112.325: [Full GC (Ergonomics) [PSYoungGen: 85974K->40672K(175104K)] [ParOldGen: 523806K->524104K(524288K)] 609781K->564777K(699392K), [Metaspace: 43997K->43997K(1087488K)], 0.1665631 secs] [Times: user=2.22 sys=0.01, real=0.16 secs] 
2016-09-25T22:34:53.801-0400: 112.524: [Full GC (Ergonomics) [PSYoungGen: 88064K->36901K(175104K)] [ParOldGen: 524153K->524176K(524288K)] 612217K->561077K(699392K), [Metaspace: 43997K->43997K(1087488K)], 0.1609316 secs] [Times: user=2.16 sys=0.01, real=0.16 secs] 
2016-09-25T22:34:53.999-0400: 112.722: [Full GC (Ergonomics) [PSYoungGen: 88064K->30656K(175104K)] [ParOldGen: 524195K->524079K(524288K)] 612259K->554736K(699392K), [Metaspace: 43997K->43997K(1087488K)], 0.1874733 secs] [Times: user=2.22 sys=0.02, real=0.19 secs] 
2016-09-25T22:34:54.211-0400: 112.934: [Full GC (Ergonomics) [PSYoungGen: 87698K->44711K(175104K)] [ParOldGen: 524079K->523983K(524288K)] 611777K->568694K(699392K), [Metaspace: 43997K->43997K(1087488K)], 0.1602002 secs] [Times: user=2.23 sys=0.02, real=0.16 secs] 
2016-09-25T22:34:54.404-0400: 113.127: [Full GC (Ergonomics) [PSYoungGen: 88064K->39490K(175104K)] [ParOldGen: 524065K->523888K(524288K)] 612129K->563378K(699392K), [Metaspace: 43997K->43997K(1087488K)], 0.1733425 secs] [Times: user=2.40 sys=0.01, real=0.17 secs] 
2016-09-25T22:34:54.598-0400: 113.321: [Full GC (Ergonomics) [PSYoungGen: 88064K->45473K(175104K)] [ParOldGen: 523898K->523840K(524288K)] 611962K->569314K(699392K), [Metaspace: 43997K->43997K(1087488K)], 0.1679256 secs] [Times: user=2.23 sys=0.01, real=0.17 secs] 
2016-09-25T22:34:54.802-0400: 113.525: [Full GC (Ergonomics) [PSYoungGen: 88064K->39059K(175104K)] [ParOldGen: 523864K->523791K(524288K)] 611928K->562850K(699392K), [Metaspace: 43997K->43997K(1087488K)], 0.1634692 secs] [Times: user=2.46 sys=0.01, real=0.17 secs] 
2016-09-25T22:34:55.000-0400: 113.723: [Full GC (Ergonomics) [PSYoungGen: 86258K->37561K(175104K)] [ParOldGen: 523791K->524222K(524288K)] 610050K->561784K(699392K), [Metaspace: 43997K->43997K(1087488K)], 0.1635379 secs] [Times: user=2.41 sys=0.02, real=0.17 secs] 
2016-09-25T22:34:55.193-0400: 113.916: [Full GC (Ergonomics) [PSYoungGen: 88064K->40742K(175104K)] [ParOldGen: 524287K->524128K(524288K)] 612351K->564871K(699392K), [Metaspace: 43997K->43997K(1087488K)], 0.1583579 secs] [Times: user=2.27 sys=0.02, real=0.16 secs] 
2016-09-25T22:34:55.384-0400: 114.107: [Full GC (Ergonomics) [PSYoungGen: 88055K->37291K(175104K)] [ParOldGen: 524128K->524034K(524288K)] 612184K->561326K(699392K), [Metaspace: 43997K->43997K(1087488K)], 0.1706363 secs] [Times: user=2.29 sys=0.03, real=0.17 secs] 
2016-09-25T22:34:55.582-0400: 114.305: [Full GC (Ergonomics) [PSYoungGen: 87897K->41811K(175104K)] [ParOldGen: 524034K->523940K(524288K)] 611931K->565751K(699392K), [Metaspace: 43997K->43997K(1087488K)], 0.1669118 secs] [Times: user=2.08 sys=0.00, real=0.17 secs] 
2016-09-25T22:34:55.778-0400: 114.501: [Full GC (Ergonomics) [PSYoungGen: 87513K->34267K(175104K)] [ParOldGen: 523940K->523833K(524288K)] 611453K->558100K(699392K), [Metaspace: 43997K->43997K(1087488K)], 0.1682720 secs] [Times: user=2.24 sys=0.03, real=0.17 secs] 
2016-09-25T22:34:55.983-0400: 114.705: [Full GC (Ergonomics) [PSYoungGen: 87777K->34611K(175104K)] [ParOldGen: 523833K->523954K(524288K)] 611610K->558566K(699392K), [Metaspace: 43998K->43998K(1087488K)], 0.1547603 secs] [Times: user=2.06 sys=0.02, real=0.15 secs] 
2016-09-25T22:34:56.176-0400: 114.899: [Full GC (Ergonomics) [PSYoungGen: 88030K->29683K(175104K)] [ParOldGen: 524141K->523812K(524288K)] 612172K->553495K(699392K), [Metaspace: 43998K->43998K(1087488K)], 0.1597713 secs] [Times: user=2.24 sys=0.00, real=0.16 secs] 
2016-09-25T22:34:56.360-0400: 115.083: [Full GC (Ergonomics) [PSYoungGen: 88064K->45128K(175104K)] [ParOldGen: 523866K->523719K(524288K)] 611930K->568848K(699392K), [Metaspace: 43998K->43998K(1087488K)], 0.1587505 secs] [Times: user=2.07 sys=0.00, real=0.16 secs] 
2016-09-25T22:34:56.549-0400: 115.272: [Full GC (Ergonomics) [PSYoungGen: 86669K->34091K(175104K)] [ParOldGen: 523719K->524245K(524288K)] 610389K->558337K(699392K), [Metaspace: 43998K->43998K(1087488K)], 0.1704827 secs] [Times: user=2.34 sys=0.02, real=0.17 secs] 
2016-09-25T22:34:56.748-0400: 115.471: [Full GC (Ergonomics) [PSYoungGen: 88064K->39995K(175104K)] [ParOldGen: 524287K->524147K(524288K)] 612351K->564143K(699392K), [Metaspace: 43998K->43998K(1087488K)], 0.1674679 secs] [Times: user=1.89 sys=0.01, real=0.17 secs] 
2016-09-25T22:34:56.951-0400: 115.674: [Full GC (Ergonomics) [PSYoungGen: 86759K->35030K(175104K)] [ParOldGen: 524147K->524051K(524288K)] 610907K->559082K(699392K), [Metaspace: 43998K->43998K(1087488K)], 0.1931167 secs] [Times: user=2.26 sys=0.02, real=0.20 secs] 
2016-09-25T22:34:57.179-0400: 115.902: [Full GC (Ergonomics) [PSYoungGen: 87800K->31707K(175104K)] [ParOldGen: 524051K->523946K(524288K)] 611852K->555654K(699392K), [Metaspace: 43998K->43998K(1087488K)], 0.1772649 secs] [Times: user=2.63 sys=0.02, real=0.18 secs] 
2016-09-25T22:34:57.385-0400: 116.108: [Full GC (Ergonomics) [PSYoungGen: 88064K->31859K(175104K)] [ParOldGen: 524059K->521615K(524288K)] 612123K->553475K(699392K), [Metaspace: 44007K->44007K(1087488K)], 0.1618108 secs] [Times: user=2.39 sys=0.00, real=0.16 secs] 
2016-09-25T22:34:57.577-0400: 116.299: [Full GC (Ergonomics) [PSYoungGen: 88064K->33199K(175104K)] [ParOldGen: 521739K->523447K(524288K)] 609803K->556646K(699392K), [Metaspace: 44007K->44007K(1087488K)], 0.1599303 secs] [Times: user=2.37 sys=0.01, real=0.16 secs] 
2016-09-25T22:34:58.435-0400: 117.158: [Full GC (Ergonomics) [PSYoungGen: 88064K->0K(175104K)] [ParOldGen: 523452K->518962K(524288K)] 611516K->518962K(699392K), [Metaspace: 44039K->44039K(1087488K)], 0.1463475 secs] [Times: user=1.70 sys=0.04, real=0.14 secs] 
2016-09-25T22:35:03.763-0400: 122.485: [Full GC (Ergonomics) [PSYoungGen: 88064K->0K(175104K)] [ParOldGen: 518962K->513438K(524288K)] 607026K->513438K(699392K), [Metaspace: 44048K->44048K(1087488K)], 0.0995941 secs] [Times: user=0.71 sys=0.02, real=0.10 secs] 
2016-09-25T22:35:08.990-0400: 127.713: [Full GC (Ergonomics) [PSYoungGen: 88064K->0K(175104K)] [ParOldGen: 513438K->513958K(524288K)] 601502K->513958K(699392K), [Metaspace: 44056K->44056K(1087488K)], 0.1083924 secs] [Times: user=0.94 sys=0.01, real=0.11 secs] 
2016-09-25T22:35:14.105-0400: 132.828: [Full GC (Ergonomics) [PSYoungGen: 88064K->0K(175104K)] [ParOldGen: 513958K->509203K(524288K)] 602022K->509203K(699392K), [Metaspace: 44062K->44062K(1087488K)], 0.0993741 secs] [Times: user=0.52 sys=0.08, real=0.10 secs] 
2016-09-25T22:35:19.133-0400: 137.856: [Full GC (Ergonomics) [PSYoungGen: 88064K->0K(175104K)] [ParOldGen: 509203K->490437K(524288K)] 597267K->490437K(699392K), [Metaspace: 44074K->44074K(1087488K)], 0.0962975 secs] [Times: user=0.79 sys=0.02, real=0.10 secs] 
2016-09-25T22:35:24.190-0400: 142.912: [Full GC (Ergonomics) [PSYoungGen: 88064K->0K(175104K)] [ParOldGen: 490437K->484970K(524288K)] 578501K->484970K(699392K), [Metaspace: 44083K->44083K(1087488K)], 0.0974020 secs] [Times: user=0.84 sys=0.02, real=0.10 secs] 
