Java HotSpot(TM) 64-Bit Server VM (25.101-b13) for linux-amd64 JRE (1.8.0_101-b13), built on Jun 22 2016 02:59:44 by "java_re" with gcc 4.3.0 20080428 (Red Hat 4.3.0-8)
Memory: 4k page, physical 264122320k(86667652k free), swap 268399612k(268399612k free)
CommandLine flags: -XX:GCLogFileSize=1048576 -XX:+HeapDumpOnOutOfMemoryError -XX:HeapDumpPath=artifacts/heapdump -XX:InitialHeapSize=805306368 -XX:MaxHeapSize=805306368 -XX:NumberOfGCLogFiles=10 -XX:+PrintGC -XX:+PrintGCDateStamps -XX:+PrintGCDetails -XX:+PrintGCTimeStamps -XX:+UseCompressedClassPointers -XX:+UseCompressedOops -XX:+UseGCLogFileRotation -XX:+UseParallelGC 
2016-09-25T23:28:42.570-0400: 2.177: [GC (Metadata GC Threshold) [PSYoungGen: 125830K->15554K(229376K)] 125830K->15642K(753664K), 0.0193613 secs] [Times: user=0.08 sys=0.03, real=0.02 secs] 
2016-09-25T23:28:42.589-0400: 2.196: [Full GC (Metadata GC Threshold) [PSYoungGen: 15554K->0K(229376K)] [ParOldGen: 88K->14602K(361984K)] 15642K->14602K(591360K), [Metaspace: 21074K->21074K(1067008K)], 0.0613396 secs] [Times: user=0.50 sys=0.03, real=0.06 secs] 
2016-09-25T23:28:44.447-0400: 4.054: [GC (Metadata GC Threshold) [PSYoungGen: 123775K->15602K(229376K)] 138378K->30213K(591360K), 0.0174447 secs] [Times: user=0.10 sys=0.03, real=0.02 secs] 
2016-09-25T23:28:44.465-0400: 4.072: [Full GC (Metadata GC Threshold) [PSYoungGen: 15602K->0K(229376K)] [ParOldGen: 14610K->20912K(524288K)] 30213K->20912K(753664K), [Metaspace: 35070K->35070K(1079296K)], 0.0651900 secs] [Times: user=0.51 sys=0.02, real=0.06 secs] 
2016-09-25T23:28:46.195-0400: 5.802: [GC (GCLocker Initiated GC) [PSYoungGen: 195871K->32759K(229376K)] 222184K->63768K(753664K), 0.0191788 secs] [Times: user=0.19 sys=0.03, real=0.02 secs] 
2016-09-25T23:28:46.474-0400: 6.081: [GC (GCLocker Initiated GC) [PSYoungGen: 229367K->32743K(229376K)] 263109K->147028K(753664K), 0.0376108 secs] [Times: user=0.50 sys=0.06, real=0.03 secs] 
2016-09-25T23:28:46.632-0400: 6.240: [GC (GCLocker Initiated GC) [PSYoungGen: 229351K->32764K(229376K)] 349091K->193483K(753664K), 0.0104485 secs] [Times: user=0.13 sys=0.04, real=0.02 secs] 
2016-09-25T23:28:46.734-0400: 6.341: [GC (GCLocker Initiated GC) [PSYoungGen: 229372K->31934K(120832K)] 395557K->252128K(645120K), 0.0203427 secs] [Times: user=0.31 sys=0.01, real=0.02 secs] 
2016-09-25T23:28:46.811-0400: 6.418: [GC (GCLocker Initiated GC) [PSYoungGen: 119998K->84942K(175104K)] 352416K->317359K(699392K), 0.0146276 secs] [Times: user=0.20 sys=0.00, real=0.02 secs] 
2016-09-25T23:28:46.871-0400: 6.478: [GC (GCLocker Initiated GC) [PSYoungGen: 173006K->85212K(175104K)] 406963K->340569K(699392K), 0.0183072 secs] [Times: user=0.25 sys=0.01, real=0.02 secs] 
2016-09-25T23:28:46.925-0400: 6.532: [GC (GCLocker Initiated GC) [PSYoungGen: 173276K->84672K(175104K)] 434171K->362440K(699392K), 0.0098401 secs] [Times: user=0.12 sys=0.00, real=0.01 secs] 
2016-09-25T23:28:46.978-0400: 6.585: [GC (GCLocker Initiated GC) [PSYoungGen: 172736K->66973K(175104K)] 450568K->366710K(699392K), 0.0092643 secs] [Times: user=0.11 sys=0.00, real=0.01 secs] 
2016-09-25T23:28:47.021-0400: 6.628: [GC (GCLocker Initiated GC) [PSYoungGen: 155037K->64363K(175104K)] 454940K->394409K(699392K), 0.0090277 secs] [Times: user=0.12 sys=0.02, real=0.01 secs] 
2016-09-25T23:28:47.066-0400: 6.673: [GC (GCLocker Initiated GC) [PSYoungGen: 152427K->58934K(175104K)] 491214K->411541K(699392K), 0.0084408 secs] [Times: user=0.11 sys=0.01, real=0.01 secs] 
2016-09-25T23:28:47.108-0400: 6.715: [GC (GCLocker Initiated GC) [PSYoungGen: 146998K->58946K(175104K)] 502929K->435527K(699392K), 0.0073744 secs] [Times: user=0.09 sys=0.01, real=0.01 secs] 
2016-09-25T23:28:47.145-0400: 6.752: [GC (GCLocker Initiated GC) [PSYoungGen: 147010K->54690K(175104K)] 526371K->446599K(699392K), 0.0067534 secs] [Times: user=0.08 sys=0.00, real=0.00 secs] 
2016-09-25T23:28:47.189-0400: 6.796: [GC (GCLocker Initiated GC) [PSYoungGen: 142754K->60154K(175104K)] 543110K->470221K(699392K), 0.0080969 secs] [Times: user=0.11 sys=0.01, real=0.01 secs] 
2016-09-25T23:28:47.235-0400: 6.842: [GC (GCLocker Initiated GC) [PSYoungGen: 148218K->58722K(175104K)] 558476K->488291K(699392K), 0.0075309 secs] [Times: user=0.08 sys=0.01, real=0.01 secs] 
2016-09-25T23:28:47.279-0400: 6.886: [GC (GCLocker Initiated GC) [PSYoungGen: 146786K->81835K(175104K)] 584563K->550987K(699392K), 0.0116671 secs] [Times: user=0.15 sys=0.03, real=0.01 secs] 
2016-09-25T23:28:47.327-0400: 6.934: [Full GC (Ergonomics) [PSYoungGen: 169899K->0K(175104K)] [ParOldGen: 477408K->78168K(524288K)] 647308K->78168K(699392K), [Metaspace: 42953K->42942K(1085440K)], 0.2102945 secs] [Times: user=3.25 sys=0.02, real=0.21 secs] 
2016-09-25T23:28:47.573-0400: 7.180: [GC (GCLocker Initiated GC) [PSYoungGen: 88064K->86075K(175104K)] 169094K->167114K(699392K), 0.0074395 secs] [Times: user=0.10 sys=0.01, real=0.01 secs] 
2016-09-25T23:28:47.624-0400: 7.231: [GC (GCLocker Initiated GC) [PSYoungGen: 174139K->29023K(175104K)] 256585K->144395K(699392K), 0.0064007 secs] [Times: user=0.06 sys=0.00, real=0.00 secs] 
2016-09-25T23:28:47.648-0400: 7.255: [GC (GCLocker Initiated GC) [PSYoungGen: 117087K->84503K(175104K)] 235241K->213720K(699392K), 0.0121504 secs] [Times: user=0.17 sys=0.00, real=0.01 secs] 
2016-09-25T23:28:47.705-0400: 7.312: [GC (GCLocker Initiated GC) [PSYoungGen: 172567K->54832K(175104K)] 316762K->246733K(699392K), 0.0073013 secs] [Times: user=0.12 sys=0.00, real=0.00 secs] 
2016-09-25T23:28:47.749-0400: 7.356: [GC (GCLocker Initiated GC) [PSYoungGen: 142896K->71082K(175104K)] 344335K->293102K(699392K), 0.0066590 secs] [Times: user=0.11 sys=0.00, real=0.01 secs] 
2016-09-25T23:28:47.792-0400: 7.399: [GC (GCLocker Initiated GC) [PSYoungGen: 159146K->64282K(175104K)] 383952K->321897K(699392K), 0.0070569 secs] [Times: user=0.10 sys=0.00, real=0.01 secs] 
2016-09-25T23:28:47.833-0400: 7.440: [GC (GCLocker Initiated GC) [PSYoungGen: 152346K->68332K(175104K)] 412728K->354765K(699392K), 0.0083427 secs] [Times: user=0.13 sys=0.00, real=0.01 secs] 
2016-09-25T23:28:47.868-0400: 7.475: [GC (GCLocker Initiated GC) [PSYoungGen: 156396K->50814K(175104K)] 445735K->395910K(699392K), 0.0075444 secs] [Times: user=0.11 sys=0.01, real=0.01 secs] 
2016-09-25T23:28:47.908-0400: 7.515: [GC (GCLocker Initiated GC) [PSYoungGen: 138878K->60346K(175104K)] 484197K->438489K(699392K), 0.0074511 secs] [Times: user=0.10 sys=0.01, real=0.01 secs] 
2016-09-25T23:28:47.950-0400: 7.557: [GC (GCLocker Initiated GC) [PSYoungGen: 148410K->80564K(175104K)] 529344K->483490K(699392K), 0.0072368 secs] [Times: user=0.11 sys=0.00, real=0.01 secs] 
2016-09-25T23:28:47.987-0400: 7.594: [GC (GCLocker Initiated GC) [PSYoungGen: 168628K->54803K(175104K)] 574447K->479920K(699392K), 0.0074143 secs] [Times: user=0.08 sys=0.00, real=0.01 secs] 
2016-09-25T23:28:48.033-0400: 7.640: [GC (GCLocker Initiated GC) [PSYoungGen: 142867K->76499K(175104K)] 577530K->518333K(699392K), 0.0071230 secs] [Times: user=0.11 sys=0.00, real=0.01 secs] 
2016-09-25T23:28:48.070-0400: 7.677: [GC (GCLocker Initiated GC) [PSYoungGen: 164563K->47890K(175104K)] 609176K->515815K(699392K), 0.0080548 secs] [Times: user=0.10 sys=0.00, real=0.01 secs] 
2016-09-25T23:28:48.110-0400: 7.717: [Full GC (Ergonomics) [PSYoungGen: 135954K->0K(175104K)] [ParOldGen: 472718K->71145K(524288K)] 608673K->71145K(699392K), [Metaspace: 43052K->43052K(1085440K)], 0.0577694 secs] [Times: user=0.68 sys=0.01, real=0.06 secs] 
2016-09-25T23:28:48.196-0400: 7.803: [GC (GCLocker Initiated GC) [PSYoungGen: 88064K->73750K(175104K)] 159442K->145136K(699392K), 0.0062497 secs] [Times: user=0.09 sys=0.01, real=0.01 secs] 
2016-09-25T23:28:48.237-0400: 7.844: [GC (GCLocker Initiated GC) [PSYoungGen: 161814K->56217K(175104K)] 236031K->167314K(699392K), 0.0067404 secs] [Times: user=0.11 sys=0.00, real=0.01 secs] 
2016-09-25T23:28:48.279-0400: 7.886: [GC (GCLocker Initiated GC) [PSYoungGen: 144281K->71146K(175104K)] 260997K->209849K(699392K), 0.0067294 secs] [Times: user=0.10 sys=0.00, real=0.01 secs] 
2016-09-25T23:28:48.319-0400: 7.926: [GC (GCLocker Initiated GC) [PSYoungGen: 159210K->72446K(175104K)] 304831K->237421K(699392K), 0.0069933 secs] [Times: user=0.10 sys=0.00, real=0.01 secs] 
2016-09-25T23:28:48.359-0400: 7.966: [GC (GCLocker Initiated GC) [PSYoungGen: 160510K->67064K(175104K)] 328242K->264943K(699392K), 0.0064415 secs] [Times: user=0.09 sys=0.00, real=0.01 secs] 
2016-09-25T23:28:48.396-0400: 8.003: [GC (GCLocker Initiated GC) [PSYoungGen: 155128K->80674K(175104K)] 364070K->312939K(699392K), 0.0075433 secs] [Times: user=0.11 sys=0.00, real=0.01 secs] 
2016-09-25T23:28:48.447-0400: 8.054: [GC (GCLocker Initiated GC) [PSYoungGen: 168738K->65617K(175104K)] 406646K->326857K(699392K), 0.0064477 secs] [Times: user=0.09 sys=0.00, real=0.00 secs] 
2016-09-25T23:28:48.485-0400: 8.092: [GC (GCLocker Initiated GC) [PSYoungGen: 153681K->76546K(175104K)] 415084K->357163K(699392K), 0.0070159 secs] [Times: user=0.10 sys=0.00, real=0.00 secs] 
2016-09-25T23:28:48.526-0400: 8.133: [GC (GCLocker Initiated GC) [PSYoungGen: 164610K->84691K(175104K)] 450731K->402263K(699392K), 0.0081377 secs] [Times: user=0.12 sys=0.00, real=0.00 secs] 
2016-09-25T23:28:48.574-0400: 8.181: [GC (GCLocker Initiated GC) [PSYoungGen: 172755K->52096K(175104K)] 491798K->414769K(699392K), 0.0070989 secs] [Times: user=0.07 sys=0.00, real=0.00 secs] 
2016-09-25T23:28:48.611-0400: 8.218: [GC (GCLocker Initiated GC) [PSYoungGen: 140160K->64733K(175104K)] 505802K->479380K(699392K), 0.0092655 secs] [Times: user=0.13 sys=0.00, real=0.01 secs] 
2016-09-25T23:28:48.664-0400: 8.271: [GC (GCLocker Initiated GC) [PSYoungGen: 152797K->55108K(175104K)] 574342K->503091K(699392K), 0.0073328 secs] [Times: user=0.09 sys=0.01, real=0.00 secs] 
2016-09-25T23:28:48.703-0400: 8.310: [GC (GCLocker Initiated GC) [PSYoungGen: 143172K->79363K(175104K)] 591366K->548424K(699392K), 0.0078868 secs] [Times: user=0.13 sys=0.00, real=0.00 secs] 
2016-09-25T23:28:48.754-0400: 8.361: [Full GC (Ergonomics) [PSYoungGen: 167427K->0K(175104K)] [ParOldGen: 490779K->81092K(524288K)] 658207K->81092K(699392K), [Metaspace: 43304K->43304K(1085440K)], 0.0532517 secs] [Times: user=0.41 sys=0.01, real=0.06 secs] 
2016-09-25T23:28:48.848-0400: 8.455: [GC (GCLocker Initiated GC) [PSYoungGen: 88064K->81984K(175104K)] 171925K->165845K(699392K), 0.0069550 secs] [Times: user=0.10 sys=0.00, real=0.01 secs] 
2016-09-25T23:28:48.890-0400: 8.497: [GC (GCLocker Initiated GC) [PSYoungGen: 170048K->64462K(175104K)] 259574K->205892K(699392K), 0.0078262 secs] [Times: user=0.12 sys=0.00, real=0.01 secs] 
2016-09-25T23:28:48.943-0400: 8.550: [GC (GCLocker Initiated GC) [PSYoungGen: 152526K->53680K(175104K)] 302144K->234872K(699392K), 0.0071926 secs] [Times: user=0.08 sys=0.00, real=0.00 secs] 
2016-09-25T23:28:48.976-0400: 8.583: [GC (GCLocker Initiated GC) [PSYoungGen: 141744K->71308K(175104K)] 325798K->285629K(699392K), 0.0072050 secs] [Times: user=0.10 sys=0.00, real=0.01 secs] 
2016-09-25T23:28:49.019-0400: 8.626: [GC (GCLocker Initiated GC) [PSYoungGen: 159372K->51026K(175104K)] 374314K->300402K(699392K), 0.0076436 secs] [Times: user=0.10 sys=0.01, real=0.01 secs] 
2016-09-25T23:28:49.058-0400: 8.665: [GC (GCLocker Initiated GC) [PSYoungGen: 139090K->64576K(175104K)] 402360K->352762K(699392K), 0.0066692 secs] [Times: user=0.09 sys=0.01, real=0.01 secs] 
2016-09-25T23:28:49.103-0400: 8.710: [GC (GCLocker Initiated GC) [PSYoungGen: 152640K->55045K(175104K)] 443673K->375078K(699392K), 0.0065303 secs] [Times: user=0.10 sys=0.00, real=0.00 secs] 
2016-09-25T23:28:49.139-0400: 8.746: [GC (GCLocker Initiated GC) [PSYoungGen: 143109K->60462K(175104K)] 463238K->419033K(699392K), 0.0074573 secs] [Times: user=0.11 sys=0.00, real=0.01 secs] 
2016-09-25T23:28:49.180-0400: 8.787: [GC (GCLocker Initiated GC) [PSYoungGen: 148526K->60490K(175104K)] 508698K->457687K(699392K), 0.0071572 secs] [Times: user=0.11 sys=0.00, real=0.01 secs] 
2016-09-25T23:28:49.217-0400: 8.824: [GC (GCLocker Initiated GC) [PSYoungGen: 148554K->53424K(175104K)] 548572K->468878K(699392K), 0.0093761 secs] [Times: user=0.07 sys=0.00, real=0.01 secs] 
2016-09-25T23:28:49.267-0400: 8.874: [GC (GCLocker Initiated GC) [PSYoungGen: 141488K->58952K(172032K)] 559856K->503496K(696320K), 0.0077304 secs] [Times: user=0.06 sys=0.01, real=0.01 secs] 
2016-09-25T23:28:49.307-0400: 8.914: [GC (GCLocker Initiated GC) [PSYoungGen: 147016K->53598K(173568K)] 593095K->527203K(697856K), 0.0074532 secs] [Times: user=0.08 sys=0.00, real=0.01 secs] 
2016-09-25T23:28:49.351-0400: 8.958: [Full GC (Ergonomics) [PSYoungGen: 141662K->0K(173568K)] [ParOldGen: 484460K->85429K(524288K)] 626122K->85429K(697856K), [Metaspace: 43318K->43318K(1085440K)], 0.0576922 secs] [Times: user=0.42 sys=0.00, real=0.06 secs] 
2016-09-25T23:28:49.443-0400: 9.050: [GC (GCLocker Initiated GC) [PSYoungGen: 88064K->83540K(173056K)] 176307K->171784K(697344K), 0.0065987 secs] [Times: user=0.08 sys=0.01, real=0.00 secs] 
2016-09-25T23:28:49.477-0400: 9.084: [GC (GCLocker Initiated GC) [PSYoungGen: 171604K->86110K(175104K)] 260128K->191588K(699392K), 0.0077654 secs] [Times: user=0.12 sys=0.00, real=0.01 secs] 
2016-09-25T23:28:49.521-0400: 9.128: [GC (GCLocker Initiated GC) [PSYoungGen: 174174K->71070K(175104K)] 279822K->221956K(699392K), 0.0083835 secs] [Times: user=0.11 sys=0.00, real=0.01 secs] 
2016-09-25T23:28:49.556-0400: 9.163: [GC (GCLocker Initiated GC) [PSYoungGen: 159134K->75532K(175104K)] 315468K->263402K(699392K), 0.0070961 secs] [Times: user=0.11 sys=0.00, real=0.01 secs] 
2016-09-25T23:28:49.601-0400: 9.208: [GC (GCLocker Initiated GC) [PSYoungGen: 163596K->67180K(175104K)] 354219K->284227K(699392K), 0.0068711 secs] [Times: user=0.10 sys=0.00, real=0.01 secs] 
2016-09-25T23:28:49.642-0400: 9.249: [GC (GCLocker Initiated GC) [PSYoungGen: 155244K->61826K(175104K)] 375169K->306625K(699392K), 0.0067998 secs] [Times: user=0.09 sys=0.00, real=0.01 secs] 
2016-09-25T23:28:49.681-0400: 9.288: [GC (GCLocker Initiated GC) [PSYoungGen: 149890K->59236K(175104K)] 398912K->343962K(699392K), 0.0073232 secs] [Times: user=0.10 sys=0.01, real=0.01 secs] 
2016-09-25T23:28:49.727-0400: 9.334: [GC (GCLocker Initiated GC) [PSYoungGen: 147300K->69894K(175104K)] 432173K->381139K(699392K), 0.0085590 secs] [Times: user=0.10 sys=0.00, real=0.01 secs] 
2016-09-25T23:28:49.765-0400: 9.372: [GC (GCLocker Initiated GC) [PSYoungGen: 157958K->60476K(175104K)] 473423K->410245K(699392K), 0.0093440 secs] [Times: user=0.09 sys=0.00, real=0.01 secs] 
2016-09-25T23:28:49.808-0400: 9.415: [GC (GCLocker Initiated GC) [PSYoungGen: 148540K->56124K(175104K)] 503996K->431132K(699392K), 0.0093358 secs] [Times: user=0.08 sys=0.00, real=0.01 secs] 
2016-09-25T23:28:49.842-0400: 9.449: [GC (GCLocker Initiated GC) [PSYoungGen: 144188K->68548K(174080K)] 522029K->491493K(698368K), 0.0077747 secs] [Times: user=0.12 sys=0.01, real=0.00 secs] 
2016-09-25T23:28:49.885-0400: 9.492: [GC (GCLocker Initiated GC) [PSYoungGen: 156612K->56394K(174592K)] 587768K->512394K(698880K), 0.0067553 secs] [Times: user=0.09 sys=0.00, real=0.00 secs] 
2016-09-25T23:28:49.925-0400: 9.532: [GC (GCLocker Initiated GC) [PSYoungGen: 144458K->59144K(172544K)] 603325K->551105K(696832K), 0.0077615 secs] [Times: user=0.11 sys=0.00, real=0.00 secs] 
2016-09-25T23:28:49.933-0400: 9.540: [Full GC (Ergonomics) [PSYoungGen: 59144K->0K(172544K)] [ParOldGen: 491961K->92503K(524288K)] 551105K->92503K(696832K), [Metaspace: 43378K->43378K(1085440K)], 0.0493008 secs] [Times: user=0.42 sys=0.00, real=0.06 secs] 
2016-09-25T23:28:50.011-0400: 9.618: [GC (GCLocker Initiated GC) [PSYoungGen: 89600K->76946K(174080K)] 187621K->174968K(698368K), 0.0070219 secs] [Times: user=0.09 sys=0.01, real=0.01 secs] 
2016-09-25T23:28:50.053-0400: 9.660: [GC (GCLocker Initiated GC) [PSYoungGen: 166546K->49630K(175104K)] 264698K->193224K(699392K), 0.0064980 secs] [Times: user=0.10 sys=0.00, real=0.01 secs] 
2016-09-25T23:28:50.089-0400: 9.696: [GC (GCLocker Initiated GC) [PSYoungGen: 137694K->80900K(175104K)] 286826K->250912K(699392K), 0.0077559 secs] [Times: user=0.10 sys=0.00, real=0.01 secs] 
2016-09-25T23:28:50.130-0400: 9.737: [GC (GCLocker Initiated GC) [PSYoungGen: 168964K->76676K(175104K)] 341759K->269217K(699392K), 0.0066809 secs] [Times: user=0.10 sys=0.00, real=0.01 secs] 
2016-09-25T23:28:50.157-0400: 9.764: [GC (GCLocker Initiated GC) [PSYoungGen: 164740K->83490K(175104K)] 357441K->295787K(699392K), 0.0076623 secs] [Times: user=0.11 sys=0.00, real=0.01 secs] 
2016-09-25T23:28:50.233-0400: 9.840: [GC (GCLocker Initiated GC) [PSYoungGen: 171554K->53584K(175104K)] 389266K->316514K(699392K), 0.0071795 secs] [Times: user=0.10 sys=0.01, real=0.01 secs] 
2016-09-25T23:28:50.274-0400: 9.881: [GC (GCLocker Initiated GC) [PSYoungGen: 141648K->80869K(175104K)] 408702K->360594K(699392K), 0.0074126 secs] [Times: user=0.10 sys=0.00, real=0.01 secs] 
2016-09-25T23:28:50.312-0400: 9.919: [GC (GCLocker Initiated GC) [PSYoungGen: 168933K->76627K(175104K)] 465052K->384281K(699392K), 0.0072909 secs] [Times: user=0.12 sys=0.00, real=0.01 secs] 
2016-09-25T23:28:50.357-0400: 9.964: [GC (GCLocker Initiated GC) [PSYoungGen: 164691K->60366K(175104K)] 472561K->389081K(699392K), 0.0069804 secs] [Times: user=0.10 sys=0.00, real=0.01 secs] 
2016-09-25T23:28:50.391-0400: 9.998: [GC (GCLocker Initiated GC) [PSYoungGen: 148430K->64608K(175104K)] 479959K->439824K(699392K), 0.0077625 secs] [Times: user=0.11 sys=0.00, real=0.01 secs] 
2016-09-25T23:28:50.433-0400: 10.040: [GC (GCLocker Initiated GC) [PSYoungGen: 152672K->79454K(175104K)] 533313K->483711K(699392K), 0.0078283 secs] [Times: user=0.11 sys=0.00, real=0.01 secs] 
2016-09-25T23:28:50.478-0400: 10.085: [GC (GCLocker Initiated GC) [PSYoungGen: 167518K->54966K(175104K)] 572083K->477750K(699392K), 0.0076866 secs] [Times: user=0.08 sys=0.00, real=0.01 secs] 
2016-09-25T23:28:50.514-0400: 10.121: [GC (GCLocker Initiated GC) [PSYoungGen: 143030K->58902K(175104K)] 574036K->505368K(699392K), 0.0074364 secs] [Times: user=0.07 sys=0.00, real=0.01 secs] 
2016-09-25T23:28:50.562-0400: 10.169: [GC (GCLocker Initiated GC) [PSYoungGen: 146966K->57808K(175104K)] 598939K->535999K(699392K), 0.0162564 secs] [Times: user=0.19 sys=0.00, real=0.02 secs] 
2016-09-25T23:28:50.578-0400: 10.185: [Full GC (Ergonomics) [PSYoungGen: 57808K->0K(175104K)] [ParOldGen: 478191K->91671K(524288K)] 535999K->91671K(699392K), [Metaspace: 43381K->43381K(1085440K)], 0.0478517 secs] [Times: user=0.32 sys=0.01, real=0.05 secs] 
2016-09-25T23:28:50.658-0400: 10.265: [GC (GCLocker Initiated GC) [PSYoungGen: 88064K->78218K(175104K)] 179874K->170036K(699392K), 0.0097842 secs] [Times: user=0.13 sys=0.00, real=0.01 secs] 
2016-09-25T23:28:50.695-0400: 10.302: [GC (GCLocker Initiated GC) [PSYoungGen: 166282K->64430K(175104K)] 262343K->193750K(699392K), 0.0063980 secs] [Times: user=0.09 sys=0.00, real=0.00 secs] 
2016-09-25T23:28:50.730-0400: 10.337: [GC (GCLocker Initiated GC) [PSYoungGen: 152494K->69706K(175104K)] 287514K->230948K(699392K), 0.0071096 secs] [Times: user=0.10 sys=0.01, real=0.01 secs] 
2016-09-25T23:28:50.770-0400: 10.377: [GC (GCLocker Initiated GC) [PSYoungGen: 157770K->67116K(175104K)] 327294K->264056K(699392K), 0.0069770 secs] [Times: user=0.09 sys=0.00, real=0.01 secs] 
2016-09-25T23:28:50.804-0400: 10.411: [GC (GCLocker Initiated GC) [PSYoungGen: 155180K->84808K(175104K)] 355017K->302725K(699392K), 0.0075199 secs] [Times: user=0.08 sys=0.01, real=0.00 secs] 
2016-09-25T23:28:50.848-0400: 10.456: [GC (GCLocker Initiated GC) [PSYoungGen: 172872K->45452K(175104K)] 395135K->299377K(699392K), 0.0090001 secs] [Times: user=0.08 sys=0.00, real=0.01 secs] 
2016-09-25T23:28:50.888-0400: 10.495: [GC (GCLocker Initiated GC) [PSYoungGen: 133516K->69962K(175104K)] 387570K->359698K(699392K), 0.0071084 secs] [Times: user=0.09 sys=0.01, real=0.01 secs] 
2016-09-25T23:28:50.924-0400: 10.531: [GC (GCLocker Initiated GC) [PSYoungGen: 158026K->71496K(175104K)] 458649K->414613K(699392K), 0.0077388 secs] [Times: user=0.12 sys=0.00, real=0.00 secs] 
2016-09-25T23:28:50.969-0400: 10.576: [GC (GCLocker Initiated GC) [PSYoungGen: 159560K->60430K(175104K)] 502814K->430146K(699392K), 0.0077979 secs] [Times: user=0.11 sys=0.00, real=0.01 secs] 
2016-09-25T23:28:51.002-0400: 10.609: [GC (GCLocker Initiated GC) [PSYoungGen: 148494K->71308K(175104K)] 523764K->491718K(699392K), 0.0089623 secs] [Times: user=0.12 sys=0.01, real=0.00 secs] 
2016-09-25T23:28:51.049-0400: 10.656: [GC (GCLocker Initiated GC) [PSYoungGen: 159372K->65794K(175104K)] 589454K->530314K(699392K), 0.0070349 secs] [Times: user=0.11 sys=0.00, real=0.01 secs] 
2016-09-25T23:28:51.084-0400: 10.691: [GC (GCLocker Initiated GC) [PSYoungGen: 153858K->64338K(175104K)] 618520K->541744K(699392K), 0.0066884 secs] [Times: user=0.06 sys=0.00, real=0.00 secs] 
2016-09-25T23:28:51.091-0400: 10.698: [Full GC (Ergonomics) [PSYoungGen: 64338K->0K(175104K)] [ParOldGen: 477406K->94252K(524288K)] 541744K->94252K(699392K), [Metaspace: 43385K->43385K(1085440K)], 0.0453268 secs] [Times: user=0.32 sys=0.00, real=0.05 secs] 
2016-09-25T23:28:51.168-0400: 10.775: [GC (GCLocker Initiated GC) [PSYoungGen: 88064K->85096K(175104K)] 187832K->187565K(699392K), 0.0077111 secs] [Times: user=0.12 sys=0.00, real=0.01 secs] 
2016-09-25T23:28:51.210-0400: 10.817: [GC (GCLocker Initiated GC) [PSYoungGen: 173160K->58970K(175104K)] 281091K->198867K(699392K), 0.0066866 secs] [Times: user=0.09 sys=0.00, real=0.01 secs] 
2016-09-25T23:28:51.244-0400: 10.851: [GC (GCLocker Initiated GC) [PSYoungGen: 147034K->75404K(175104K)] 287126K->237596K(699392K), 0.0076099 secs] [Times: user=0.12 sys=0.00, real=0.00 secs] 
2016-09-25T23:28:51.287-0400: 10.894: [GC (GCLocker Initiated GC) [PSYoungGen: 163468K->69894K(175104K)] 328498K->269432K(699392K), 0.0071928 secs] [Times: user=0.11 sys=0.00, real=0.01 secs] 
2016-09-25T23:28:51.327-0400: 10.934: [GC (GCLocker Initiated GC) [PSYoungGen: 157958K->72580K(175104K)] 357575K->310600K(699392K), 0.0081298 secs] [Times: user=0.12 sys=0.00, real=0.01 secs] 
2016-09-25T23:28:51.364-0400: 10.971: [GC (GCLocker Initiated GC) [PSYoungGen: 160644K->65972K(175104K)] 401522K->347984K(699392K), 0.0075027 secs] [Times: user=0.11 sys=0.00, real=0.00 secs] 
2016-09-25T23:28:51.397-0400: 11.004: [GC (GCLocker Initiated GC) [PSYoungGen: 154036K->75518K(175104K)] 438792K->383948K(699392K), 0.0072474 secs] [Times: user=0.11 sys=0.00, real=0.01 secs] 
2016-09-25T23:28:51.442-0400: 11.049: [GC (GCLocker Initiated GC) [PSYoungGen: 163582K->70004K(174080K)] 487011K->407641K(698368K), 0.0077702 secs] [Times: user=0.07 sys=0.00, real=0.01 secs] 
2016-09-25T23:28:51.484-0400: 11.091: [GC (GCLocker Initiated GC) [PSYoungGen: 158068K->64526K(174592K)] 497511K->422237K(698880K), 0.0068542 secs] [Times: user=0.08 sys=0.01, real=0.00 secs] 
2016-09-25T23:28:51.514-0400: 11.121: [GC (GCLocker Initiated GC) [PSYoungGen: 152590K->72644K(174592K)] 516675K->464425K(698880K), 0.0075949 secs] [Times: user=0.10 sys=0.00, real=0.01 secs] 
2016-09-25T23:28:51.554-0400: 11.161: [GC (GCLocker Initiated GC) [PSYoungGen: 162244K->71294K(175104K)] 556877K->498982K(699392K), 0.0075495 secs] [Times: user=0.10 sys=0.00, real=0.01 secs] 
2016-09-25T23:28:51.594-0400: 11.202: [GC (GCLocker Initiated GC) [PSYoungGen: 160894K->63226K(176128K)] 588933K->514821K(700416K), 0.0091306 secs] [Times: user=0.09 sys=0.00, real=0.01 secs] 
2016-09-25T23:28:51.634-0400: 11.241: [GC (GCLocker Initiated GC) [PSYoungGen: 154874K->58806K(176128K)] 614704K->532686K(700416K), 0.0063409 secs] [Times: user=0.06 sys=0.00, real=0.01 secs] 
2016-09-25T23:28:51.671-0400: 11.278: [Full GC (Ergonomics) [PSYoungGen: 150454K->0K(176128K)] [ParOldGen: 476738K->108405K(524288K)] 627192K->108405K(700416K), [Metaspace: 43405K->43405K(1085440K)], 0.0497274 secs] [Times: user=0.38 sys=0.00, real=0.05 secs] 
2016-09-25T23:28:51.757-0400: 11.364: [GC (GCLocker Initiated GC) [PSYoungGen: 91648K->81060K(172544K)] 212362K->201774K(696832K), 0.0063219 secs] [Times: user=0.09 sys=0.00, real=0.01 secs] 
2016-09-25T23:28:51.786-0400: 11.393: [GC (GCLocker Initiated GC) [PSYoungGen: 169124K->77884K(175104K)] 289982K->225330K(699392K), 0.0080545 secs] [Times: user=0.12 sys=0.00, real=0.00 secs] 
2016-09-25T23:28:51.829-0400: 11.436: [GC (GCLocker Initiated GC) [PSYoungGen: 165948K->63158K(175104K)] 323111K->243773K(699392K), 0.0071115 secs] [Times: user=0.09 sys=0.00, real=0.01 secs] 
2016-09-25T23:28:51.873-0400: 11.480: [GC (GCLocker Initiated GC) [PSYoungGen: 151222K->46994K(175104K)] 342912K->254160K(699392K), 0.0056624 secs] [Times: user=0.06 sys=0.00, real=0.01 secs] 
2016-09-25T23:28:51.905-0400: 11.512: [GC (GCLocker Initiated GC) [PSYoungGen: 135058K->80708K(175104K)] 347658K->297992K(699392K), 0.0070061 secs] [Times: user=0.09 sys=0.01, real=0.00 secs] 
2016-09-25T23:28:51.948-0400: 11.555: [GC (GCLocker Initiated GC) [PSYoungGen: 168772K->61652K(175104K)] 391542K->314692K(699392K), 0.0063676 secs] [Times: user=0.09 sys=0.00, real=0.01 secs] 
2016-09-25T23:28:51.985-0400: 11.592: [GC (GCLocker Initiated GC) [PSYoungGen: 149716K->72658K(175104K)] 408371K->370957K(699392K), 0.0068136 secs] [Times: user=0.09 sys=0.00, real=0.00 secs] 
2016-09-25T23:28:52.023-0400: 11.630: [GC (GCLocker Initiated GC) [PSYoungGen: 160722K->69816K(175104K)] 461842K->402630K(699392K), 0.0071401 secs] [Times: user=0.09 sys=0.01, real=0.00 secs] 
2016-09-25T23:28:52.063-0400: 11.670: [GC (GCLocker Initiated GC) [PSYoungGen: 157880K->57840K(175104K)] 493523K->441219K(699392K), 0.0071402 secs] [Times: user=0.09 sys=0.00, real=0.00 secs] 
2016-09-25T23:28:52.098-0400: 11.705: [GC (GCLocker Initiated GC) [PSYoungGen: 145904K->72672K(175104K)] 529517K->483957K(699392K), 0.0096637 secs] [Times: user=0.07 sys=0.01, real=0.01 secs] 
2016-09-25T23:28:52.139-0400: 11.746: [GC (GCLocker Initiated GC) [PSYoungGen: 160736K->59048K(175104K)] 572149K->499455K(699392K), 0.0077750 secs] [Times: user=0.07 sys=0.01, real=0.01 secs] 
2016-09-25T23:28:52.175-0400: 11.782: [GC (GCLocker Initiated GC) [PSYoungGen: 147112K->68640K(175104K)] 590422K->551842K(699392K), 0.0082735 secs] [Times: user=0.09 sys=0.01, real=0.01 secs] 
2016-09-25T23:28:52.184-0400: 11.791: [Full GC (Ergonomics) [PSYoungGen: 68640K->0K(175104K)] [ParOldGen: 483202K->115058K(524288K)] 551842K->115058K(699392K), [Metaspace: 43405K->43405K(1085440K)], 0.0535569 secs] [Times: user=0.47 sys=0.00, real=0.05 secs] 
2016-09-25T23:28:52.270-0400: 11.877: [GC (GCLocker Initiated GC) [PSYoungGen: 88064K->84922K(175104K)] 203236K->205494K(699392K), 0.0070598 secs] [Times: user=0.10 sys=0.00, real=0.01 secs] 
2016-09-25T23:28:52.303-0400: 11.910: [GC (GCLocker Initiated GC) [PSYoungGen: 172986K->55094K(175104K)] 293694K->222512K(699392K), 0.0085509 secs] [Times: user=0.10 sys=0.00, real=0.00 secs] 
2016-09-25T23:28:52.348-0400: 11.955: [GC (GCLocker Initiated GC) [PSYoungGen: 143158K->60682K(175104K)] 317454K->255874K(699392K), 0.0066213 secs] [Times: user=0.08 sys=0.00, real=0.01 secs] 
2016-09-25T23:28:52.384-0400: 11.991: [GC (GCLocker Initiated GC) [PSYoungGen: 148746K->86098K(175104K)] 344056K->305229K(699392K), 0.0079678 secs] [Times: user=0.11 sys=0.00, real=0.00 secs] 
2016-09-25T23:28:52.419-0400: 12.026: [GC (GCLocker Initiated GC) [PSYoungGen: 174162K->64526K(175104K)] 396037K->322089K(699392K), 0.0068662 secs] [Times: user=0.10 sys=0.01, real=0.01 secs] 
2016-09-25T23:28:52.457-0400: 12.064: [GC (GCLocker Initiated GC) [PSYoungGen: 152590K->63272K(175104K)] 415639K->343185K(699392K), 0.0070079 secs] [Times: user=0.07 sys=0.00, real=0.01 secs] 
2016-09-25T23:28:52.491-0400: 12.098: [GC (GCLocker Initiated GC) [PSYoungGen: 151336K->65907K(175104K)] 432033K->390585K(699392K), 0.0079612 secs] [Times: user=0.10 sys=0.00, real=0.01 secs] 
2016-09-25T23:28:52.538-0400: 12.145: [GC (GCLocker Initiated GC) [PSYoungGen: 153971K->57730K(175104K)] 484343K->417159K(699392K), 0.0066150 secs] [Times: user=0.09 sys=0.00, real=0.01 secs] 
2016-09-25T23:28:52.573-0400: 12.180: [GC (GCLocker Initiated GC) [PSYoungGen: 145794K->80753K(175104K)] 524368K->478798K(699392K), 0.0071266 secs] [Times: user=0.09 sys=0.00, real=0.01 secs] 
2016-09-25T23:28:52.622-0400: 12.229: [GC (GCLocker Initiated GC) [PSYoungGen: 168817K->61619K(175104K)] 572531K->486173K(699392K), 0.0063986 secs] [Times: user=0.09 sys=0.00, real=0.00 secs] 
2016-09-25T23:28:52.662-0400: 12.269: [GC (GCLocker Initiated GC) [PSYoungGen: 149683K->61747K(175104K)] 575888K->526186K(699392K), 0.0069129 secs] [Times: user=0.10 sys=0.00, real=0.00 secs] 
2016-09-25T23:28:52.697-0400: 12.304: [Full GC (Ergonomics) [PSYoungGen: 149811K->0K(175104K)] [ParOldGen: 469966K->110854K(524288K)] 619778K->110854K(699392K), [Metaspace: 43410K->43410K(1085440K)], 0.0487019 secs] [Times: user=0.40 sys=0.00, real=0.05 secs] 
2016-09-25T23:28:52.776-0400: 12.383: [GC (GCLocker Initiated GC) [PSYoungGen: 88064K->83682K(175104K)] 204472K->200090K(699392K), 0.0071076 secs] [Times: user=0.10 sys=0.00, real=0.01 secs] 
2016-09-25T23:28:52.817-0400: 12.424: [GC (GCLocker Initiated GC) [PSYoungGen: 171746K->53743K(175104K)] 288233K->199465K(699392K), 0.0061518 secs] [Times: user=0.09 sys=0.00, real=0.01 secs] 
2016-09-25T23:28:52.858-0400: 12.465: [GC (GCLocker Initiated GC) [PSYoungGen: 141807K->56521K(175104K)] 290358K->243502K(699392K), 0.0068282 secs] [Times: user=0.09 sys=0.01, real=0.01 secs] 
2016-09-25T23:28:52.891-0400: 12.498: [GC (GCLocker Initiated GC) [PSYoungGen: 144585K->74163K(175104K)] 340219K->284004K(699392K), 0.0061993 secs] [Times: user=0.09 sys=0.00, real=0.01 secs] 
2016-09-25T23:28:52.934-0400: 12.541: [GC (GCLocker Initiated GC) [PSYoungGen: 162227K->56208K(175104K)] 374969K->289999K(699392K), 0.0060827 secs] [Times: user=0.06 sys=0.00, real=0.00 secs] 
2016-09-25T23:28:52.972-0400: 12.579: [GC (GCLocker Initiated GC) [PSYoungGen: 144272K->72689K(175104K)] 383565K->347461K(699392K), 0.0114816 secs] [Times: user=0.15 sys=0.00, real=0.02 secs] 
2016-09-25T23:28:53.012-0400: 12.619: [GC (GCLocker Initiated GC) [PSYoungGen: 160753K->71431K(175104K)] 443794K->372701K(699392K), 0.0071952 secs] [Times: user=0.09 sys=0.00, real=0.01 secs] 
2016-09-25T23:28:53.057-0400: 12.664: [GC (GCLocker Initiated GC) [PSYoungGen: 159495K->53583K(175104K)] 471717K->408333K(699392K), 0.0068534 secs] [Times: user=0.09 sys=0.01, real=0.01 secs] 
2016-09-25T23:28:53.093-0400: 12.700: [GC (GCLocker Initiated GC) [PSYoungGen: 141647K->78154K(175104K)] 497513K->453416K(699392K), 0.0080651 secs] [Times: user=0.12 sys=0.00, real=0.01 secs] 
2016-09-25T23:28:53.130-0400: 12.737: [GC (GCLocker Initiated GC) [PSYoungGen: 166218K->81966K(175104K)] 541644K->479664K(699392K), 0.0075289 secs] [Times: user=0.10 sys=0.01, real=0.01 secs] 
2016-09-25T23:28:53.171-0400: 12.778: [GC (GCLocker Initiated GC) [PSYoungGen: 170030K->57885K(175104K)] 577444K->502211K(699392K), 0.0074406 secs] [Times: user=0.11 sys=0.00, real=0.01 secs] 
2016-09-25T23:28:53.218-0400: 12.825: [GC (GCLocker Initiated GC) [PSYoungGen: 145949K->53555K(175104K)] 593794K->530459K(699392K), 0.0066392 secs] [Times: user=0.09 sys=0.00, real=0.01 secs] 
2016-09-25T23:28:53.224-0400: 12.831: [Full GC (Ergonomics) [PSYoungGen: 53555K->0K(175104K)] [ParOldGen: 476903K->99924K(524288K)] 530459K->99924K(699392K), [Metaspace: 43413K->43413K(1085440K)], 0.0454080 secs] [Times: user=0.39 sys=0.00, real=0.04 secs] 
2016-09-25T23:28:53.288-0400: 12.895: [GC (GCLocker Initiated GC) [PSYoungGen: 88064K->85283K(175104K)] 192427K->197747K(699392K), 0.0068973 secs] [Times: user=0.09 sys=0.00, real=0.01 secs] 
2016-09-25T23:28:53.333-0400: 12.940: [GC (GCLocker Initiated GC) [PSYoungGen: 173347K->68342K(175104K)] 288584K->211682K(699392K), 0.0073786 secs] [Times: user=0.10 sys=0.00, real=0.01 secs] 
2016-09-25T23:28:53.369-0400: 12.976: [GC (GCLocker Initiated GC) [PSYoungGen: 156406K->84899K(175104K)] 310716K->253131K(699392K), 0.0081169 secs] [Times: user=0.09 sys=0.00, real=0.01 secs] 
2016-09-25T23:28:53.419-0400: 13.026: [GC (GCLocker Initiated GC) [PSYoungGen: 172963K->40115K(175104K)] 346628K->253677K(699392K), 0.0060940 secs] [Times: user=0.08 sys=0.00, real=0.01 secs] 
2016-09-25T23:28:53.443-0400: 13.050: [GC (GCLocker Initiated GC) [PSYoungGen: 128179K->86139K(175104K)] 341923K->320639K(699392K), 0.0081801 secs] [Times: user=0.11 sys=0.00, real=0.00 secs] 
2016-09-25T23:28:53.491-0400: 13.098: [GC (GCLocker Initiated GC) [PSYoungGen: 174203K->52105K(175104K)] 414238K->340019K(699392K), 0.0089221 secs] [Times: user=0.08 sys=0.01, real=0.01 secs] 
2016-09-25T23:28:53.530-0400: 13.137: [GC (GCLocker Initiated GC) [PSYoungGen: 140169K->65893K(175104K)] 428250K->380122K(699392K), 0.0076589 secs] [Times: user=0.10 sys=0.00, real=0.01 secs] 
2016-09-25T23:28:53.565-0400: 13.172: [GC (GCLocker Initiated GC) [PSYoungGen: 153957K->74021K(175104K)] 468430K->413423K(699392K), 0.0150479 secs] [Times: user=0.22 sys=0.00, real=0.01 secs] 
2016-09-25T23:28:53.616-0400: 13.223: [GC (GCLocker Initiated GC) [PSYoungGen: 162085K->37433K(175104K)] 501648K->414204K(699392K), 0.0067417 secs] [Times: user=0.07 sys=0.00, real=0.01 secs] 
2016-09-25T23:28:53.645-0400: 13.252: [GC (GCLocker Initiated GC) [PSYoungGen: 125497K->79691K(175104K)] 506352K->469206K(699392K), 0.0072002 secs] [Times: user=0.09 sys=0.00, real=0.00 secs] 
2016-09-25T23:28:53.687-0400: 13.294: [GC (GCLocker Initiated GC) [PSYoungGen: 167755K->57587K(175104K)] 562817K->480552K(699392K), 0.0077386 secs] [Times: user=0.10 sys=0.00, real=0.01 secs] 
2016-09-25T23:28:53.722-0400: 13.329: [GC (GCLocker Initiated GC) [PSYoungGen: 145651K->56361K(175104K)] 568807K->512401K(699392K), 0.0073012 secs] [Times: user=0.08 sys=0.02, real=0.00 secs] 
2016-09-25T23:28:53.765-0400: 13.372: [GC (GCLocker Initiated GC) [PSYoungGen: 144425K->64622K(175104K)] 605984K->561868K(699392K), 0.0080179 secs] [Times: user=0.10 sys=0.01, real=0.00 secs] 
2016-09-25T23:28:53.773-0400: 13.380: [Full GC (Ergonomics) [PSYoungGen: 64622K->0K(175104K)] [ParOldGen: 497246K->118905K(524288K)] 561868K->118905K(699392K), [Metaspace: 43415K->43415K(1085440K)], 0.0486797 secs] [Times: user=0.41 sys=0.01, real=0.05 secs] 
2016-09-25T23:28:53.855-0400: 13.462: [GC (GCLocker Initiated GC) [PSYoungGen: 88064K->75613K(175104K)] 211280K->198830K(699392K), 0.0066366 secs] [Times: user=0.08 sys=0.00, real=0.00 secs] 
2016-09-25T23:28:53.888-0400: 13.495: [GC (GCLocker Initiated GC) [PSYoungGen: 163677K->61812K(175104K)] 286943K->226445K(699392K), 0.0070671 secs] [Times: user=0.10 sys=0.00, real=0.01 secs] 
2016-09-25T23:28:53.931-0400: 13.538: [GC (GCLocker Initiated GC) [PSYoungGen: 149876K->60457K(175104K)] 322720K->240577K(699392K), 0.0063288 secs] [Times: user=0.06 sys=0.00, real=0.01 secs] 
2016-09-25T23:28:53.968-0400: 13.575: [GC (GCLocker Initiated GC) [PSYoungGen: 148521K->54888K(175104K)] 328823K->266915K(699392K), 0.0067484 secs] [Times: user=0.09 sys=0.00, real=0.01 secs] 
2016-09-25T23:28:54.003-0400: 13.610: [GC (GCLocker Initiated GC) [PSYoungGen: 142952K->71385K(175104K)] 366037K->324630K(699392K), 0.0071922 secs] [Times: user=0.09 sys=0.00, real=0.00 secs] 
2016-09-25T23:28:54.048-0400: 13.655: [GC (GCLocker Initiated GC) [PSYoungGen: 159449K->61748K(175104K)] 418250K->348270K(699392K), 0.0065726 secs] [Times: user=0.09 sys=0.00, real=0.01 secs] 
2016-09-25T23:28:54.081-0400: 13.688: [GC (GCLocker Initiated GC) [PSYoungGen: 149812K->79549K(175104K)] 440493K->391058K(699392K), 0.0069677 secs] [Times: user=0.10 sys=0.00, real=0.01 secs] 
2016-09-25T23:28:54.119-0400: 13.726: [GC (GCLocker Initiated GC) [PSYoungGen: 167613K->52252K(175104K)] 479206K->399714K(699392K), 0.0068425 secs] [Times: user=0.08 sys=0.01, real=0.01 secs] 
2016-09-25T23:28:54.154-0400: 13.761: [GC (GCLocker Initiated GC) [PSYoungGen: 140316K->68717K(175104K)] 494731K->454639K(699392K), 0.0071896 secs] [Times: user=0.10 sys=0.01, real=0.01 secs] 
2016-09-25T23:28:54.198-0400: 13.805: [GC (GCLocker Initiated GC) [PSYoungGen: 156781K->56283K(175104K)] 548192K->495693K(699392K), 0.0077290 secs] [Times: user=0.12 sys=0.00, real=0.01 secs] 
2016-09-25T23:28:54.233-0400: 13.840: [GC (GCLocker Initiated GC) [PSYoungGen: 144347K->79549K(175104K)] 586691K->545345K(699392K), 0.0077014 secs] [Times: user=0.11 sys=0.01, real=0.01 secs] 
2016-09-25T23:28:54.277-0400: 13.884: [Full GC (Ergonomics) [PSYoungGen: 167613K->0K(175104K)] [ParOldGen: 471424K->120312K(524288K)] 639038K->120312K(699392K), [Metaspace: 43419K->43419K(1085440K)], 0.0482519 secs] [Times: user=0.38 sys=0.01, real=0.05 secs] 
2016-09-25T23:28:54.353-0400: 13.960: [GC (GCLocker Initiated GC) [PSYoungGen: 88064K->85031K(175104K)] 211253K->210921K(699392K), 0.0069186 secs] [Times: user=0.08 sys=0.00, real=0.01 secs] 
2016-09-25T23:28:54.395-0400: 14.002: [GC (GCLocker Initiated GC) [PSYoungGen: 173095K->51167K(175104K)] 312697K->230757K(699392K), 0.0070172 secs] [Times: user=0.09 sys=0.01, real=0.00 secs] 
2016-09-25T23:28:54.438-0400: 14.045: [GC (GCLocker Initiated GC) [PSYoungGen: 139231K->59111K(175104K)] 321624K->265160K(699392K), 0.0071741 secs] [Times: user=0.06 sys=0.00, real=0.01 secs] 
2016-09-25T23:28:54.477-0400: 14.084: [GC (GCLocker Initiated GC) [PSYoungGen: 147175K->74117K(175104K)] 360137K->301107K(699392K), 0.0067056 secs] [Times: user=0.09 sys=0.00, real=0.01 secs] 
2016-09-25T23:28:54.517-0400: 14.124: [GC (GCLocker Initiated GC) [PSYoungGen: 162181K->79329K(175104K)] 391986K->330126K(699392K), 0.0073314 secs] [Times: user=0.10 sys=0.00, real=0.01 secs] 
2016-09-25T23:28:54.565-0400: 14.172: [GC (GCLocker Initiated GC) [PSYoungGen: 167393K->59267K(175104K)] 429192K->358085K(699392K), 0.0067368 secs] [Times: user=0.09 sys=0.00, real=0.00 secs] 
2016-09-25T23:28:54.607-0400: 14.214: [GC (GCLocker Initiated GC) [PSYoungGen: 147331K->56457K(175104K)] 460129K->398314K(699392K), 0.0068185 secs] [Times: user=0.08 sys=0.00, real=0.00 secs] 
2016-09-25T23:28:54.641-0400: 14.248: [GC (GCLocker Initiated GC) [PSYoungGen: 144521K->65861K(175104K)] 487744K->427266K(699392K), 0.0077260 secs] [Times: user=0.07 sys=0.00, real=0.01 secs] 
2016-09-25T23:28:54.693-0400: 14.300: [GC (GCLocker Initiated GC) [PSYoungGen: 153925K->65889K(175104K)] 526248K->453639K(699392K), 0.0074196 secs] [Times: user=0.11 sys=0.00, real=0.01 secs] 
2016-09-25T23:28:54.739-0400: 14.346: [GC (GCLocker Initiated GC) [PSYoungGen: 153953K->42833K(175104K)] 544573K->462404K(699392K), 0.0063358 secs] [Times: user=0.07 sys=0.00, real=0.01 secs] 
2016-09-25T23:28:54.777-0400: 14.384: [GC (GCLocker Initiated GC) [PSYoungGen: 130897K->56247K(175104K)] 560040K->496678K(699392K), 0.0066211 secs] [Times: user=0.06 sys=0.00, real=0.01 secs] 
2016-09-25T23:28:54.823-0400: 14.430: [GC (GCLocker Initiated GC) [PSYoungGen: 144311K->41731K(175104K)] 594442K->508643K(699392K), 0.0059073 secs] [Times: user=0.07 sys=0.00, real=0.00 secs] 
2016-09-25T23:28:54.864-0400: 14.471: [GC (GCLocker Initiated GC) [PSYoungGen: 129795K->63162K(175104K)] 604855K->560497K(699392K), 0.0068100 secs] [Times: user=0.09 sys=0.00, real=0.00 secs] 
2016-09-25T23:28:54.871-0400: 14.478: [Full GC (Ergonomics) [PSYoungGen: 63162K->0K(175104K)] [ParOldGen: 497335K->127566K(524288K)] 560497K->127566K(699392K), [Metaspace: 43429K->43429K(1085440K)], 0.0590170 secs] [Times: user=0.43 sys=0.00, real=0.06 secs] 
2016-09-25T23:28:54.961-0400: 14.568: [GC (GCLocker Initiated GC) [PSYoungGen: 88064K->85000K(175104K)] 221193K->218129K(699392K), 0.0130300 secs] [Times: user=0.14 sys=0.01, real=0.02 secs] 
2016-09-25T23:28:55.022-0400: 14.629: [GC (GCLocker Initiated GC) [PSYoungGen: 173064K->52375K(175104K)] 318435K->237732K(699392K), 0.0087605 secs] [Times: user=0.09 sys=0.01, real=0.01 secs] 
2016-09-25T23:28:55.077-0400: 14.684: [GC (GCLocker Initiated GC) [PSYoungGen: 140439K->57487K(175104K)] 335322K->281283K(699392K), 0.0069369 secs] [Times: user=0.08 sys=0.00, real=0.01 secs] 
2016-09-25T23:28:55.121-0400: 14.728: [GC (GCLocker Initiated GC) [PSYoungGen: 145551K->56219K(175104K)] 372242K->322600K(699392K), 0.0086519 secs] [Times: user=0.13 sys=0.00, real=0.01 secs] 
2016-09-25T23:28:55.169-0400: 14.776: [GC (GCLocker Initiated GC) [PSYoungGen: 144283K->56521K(175104K)] 413481K->368046K(699392K), 0.0070381 secs] [Times: user=0.10 sys=0.00, real=0.01 secs] 
2016-09-25T23:28:55.217-0400: 14.824: [GC (GCLocker Initiated GC) [PSYoungGen: 144585K->70035K(175104K)] 464396K->414817K(699392K), 0.0094932 secs] [Times: user=0.13 sys=0.00, real=0.01 secs] 
2016-09-25T23:28:55.267-0400: 14.874: [GC (GCLocker Initiated GC) [PSYoungGen: 158099K->72643K(175104K)] 503053K->452056K(699392K), 0.0077966 secs] [Times: user=0.10 sys=0.00, real=0.01 secs] 
2016-09-25T23:28:55.314-0400: 14.921: [GC (GCLocker Initiated GC) [PSYoungGen: 160707K->67321K(175104K)] 545780K->477307K(699392K), 0.0074498 secs] [Times: user=0.09 sys=0.00, real=0.00 secs] 
2016-09-25T23:28:55.354-0400: 14.961: [GC (GCLocker Initiated GC) [PSYoungGen: 155385K->71243K(175104K)] 568161K->498190K(699392K), 0.0081889 secs] [Times: user=0.07 sys=0.00, real=0.01 secs] 
2016-09-25T23:28:55.409-0400: 15.016: [GC (GCLocker Initiated GC) [PSYoungGen: 159307K->57821K(175104K)] 594555K->527502K(699392K), 0.0067052 secs] [Times: user=0.08 sys=0.00, real=0.01 secs] 
2016-09-25T23:28:55.455-0400: 15.062: [GC (GCLocker Initiated GC) [PSYoungGen: 145885K->60447K(172032K)] 615648K->570159K(696320K), 0.0073941 secs] [Times: user=0.07 sys=0.03, real=0.01 secs] 
2016-09-25T23:28:55.462-0400: 15.069: [Full GC (Ergonomics) [PSYoungGen: 60447K->0K(172032K)] [ParOldGen: 509711K->131280K(524288K)] 570159K->131280K(696320K), [Metaspace: 43434K->43434K(1085440K)], 0.0602277 secs] [Times: user=0.51 sys=0.01, real=0.06 secs] 
2016-09-25T23:28:55.559-0400: 15.166: [GC (GCLocker Initiated GC) [PSYoungGen: 88064K->85173K(173568K)] 227605K->224714K(697856K), 0.0069760 secs] [Times: user=0.09 sys=0.00, real=0.01 secs] 
2016-09-25T23:28:55.612-0400: 15.219: [GC (GCLocker Initiated GC) [PSYoungGen: 173237K->63161K(175104K)] 315651K->236276K(699392K), 0.0092801 secs] [Times: user=0.10 sys=0.00, real=0.01 secs] 
2016-09-25T23:28:55.649-0400: 15.256: [GC (GCLocker Initiated GC) [PSYoungGen: 151225K->63207K(175104K)] 324524K->277647K(699392K), 0.0226925 secs] [Times: user=0.30 sys=0.00, real=0.02 secs] 
2016-09-25T23:28:55.723-0400: 15.330: [GC (GCLocker Initiated GC) [PSYoungGen: 151271K->42875K(175104K)] 379401K->294594K(699392K), 0.0082003 secs] [Times: user=0.06 sys=0.01, real=0.00 secs] 
2016-09-25T23:28:55.770-0400: 15.377: [GC (GCLocker Initiated GC) [PSYoungGen: 130939K->58988K(175104K)] 383915K->339685K(699392K), 0.0069046 secs] [Times: user=0.10 sys=0.00, real=0.01 secs] 
2016-09-25T23:28:55.807-0400: 15.414: [GC (GCLocker Initiated GC) [PSYoungGen: 147052K->58997K(171008K)] 428021K->376910K(695296K), 0.0088204 secs] [Times: user=0.09 sys=0.01, real=0.01 secs] 
2016-09-25T23:28:55.855-0400: 15.462: [GC (GCLocker Initiated GC) [PSYoungGen: 147061K->61684K(173056K)] 465178K->397862K(697344K), 0.0075196 secs] [Times: user=0.05 sys=0.01, real=0.01 secs] 
2016-09-25T23:28:55.896-0400: 15.503: [GC (GCLocker Initiated GC) [PSYoungGen: 149748K->70099K(176640K)] 494275K->446299K(700928K), 0.0102073 secs] [Times: user=0.13 sys=0.01, real=0.01 secs] 
2016-09-25T23:28:55.955-0400: 15.562: [GC (GCLocker Initiated GC) [PSYoungGen: 163795K->59139K(177152K)] 546034K->450207K(701440K), 0.0066562 secs] [Times: user=0.07 sys=0.00, real=0.00 secs] 
2016-09-25T23:28:56.003-0400: 15.610: [GC (GCLocker Initiated GC) [PSYoungGen: 152835K->80758K(170496K)] 549485K->506414K(694784K), 0.0100187 secs] [Times: user=0.14 sys=0.01, real=0.00 secs] 
2016-09-25T23:28:56.054-0400: 15.661: [GC (GCLocker Initiated GC) [PSYoungGen: 168822K->80662K(175104K)] 597512K->538266K(699392K), 0.0163952 secs] [Times: user=0.17 sys=0.00, real=0.02 secs] 
2016-09-25T23:28:56.109-0400: 15.716: [GC (GCLocker Initiated GC) [PSYoungGen: 168726K->45484K(175104K)] 629142K->548326K(699392K), 0.0069721 secs] [Times: user=0.07 sys=0.01, real=0.01 secs] 
2016-09-25T23:28:56.116-0400: 15.723: [Full GC (Ergonomics) [PSYoungGen: 45484K->0K(175104K)] [ParOldGen: 502842K->127190K(524288K)] 548326K->127190K(699392K), [Metaspace: 43436K->43436K(1085440K)], 0.0497899 secs] [Times: user=0.30 sys=0.00, real=0.05 secs] 
2016-09-25T23:28:56.196-0400: 15.803: [GC (GCLocker Initiated GC) [PSYoungGen: 88064K->85251K(175104K)] 229000K->236988K(699392K), 0.0112504 secs] [Times: user=0.14 sys=0.00, real=0.01 secs] 
2016-09-25T23:28:56.249-0400: 15.856: [GC (GCLocker Initiated GC) [PSYoungGen: 173315K->53570K(175104K)] 325163K->236153K(699392K), 0.0072324 secs] [Times: user=0.08 sys=0.00, real=0.01 secs] 
2016-09-25T23:28:56.287-0400: 15.894: [GC (GCLocker Initiated GC) [PSYoungGen: 141634K->67129K(175104K)] 324328K->290808K(699392K), 0.0096799 secs] [Times: user=0.13 sys=0.00, real=0.01 secs] 
2016-09-25T23:28:56.341-0400: 15.948: [GC (GCLocker Initiated GC) [PSYoungGen: 155193K->60476K(175104K)] 384356K->309142K(699392K), 0.0092364 secs] [Times: user=0.09 sys=0.00, real=0.01 secs] 
2016-09-25T23:28:56.388-0400: 15.995: [GC (GCLocker Initiated GC) [PSYoungGen: 148540K->71326K(175104K)] 397312K->347738K(699392K), 0.0066075 secs] [Times: user=0.09 sys=0.01, real=0.01 secs] 
2016-09-25T23:28:56.425-0400: 16.033: [GC (GCLocker Initiated GC) [PSYoungGen: 159390K->82089K(175104K)] 438554K->380851K(699392K), 0.0070385 secs] [Times: user=0.10 sys=0.00, real=0.00 secs] 
2016-09-25T23:28:56.484-0400: 16.091: [GC (GCLocker Initiated GC) [PSYoungGen: 170153K->55107K(175104K)] 479867K->393820K(699392K), 0.0063104 secs] [Times: user=0.09 sys=0.00, real=0.00 secs] 
2016-09-25T23:28:56.529-0400: 16.136: [GC (GCLocker Initiated GC) [PSYoungGen: 143171K->72675K(175104K)] 484738K->435164K(699392K), 0.0068312 secs] [Times: user=0.11 sys=0.00, real=0.01 secs] 
2016-09-25T23:28:56.578-0400: 16.185: [GC (GCLocker Initiated GC) [PSYoungGen: 160739K->53693K(175104K)] 530140K->457482K(699392K), 0.0065589 secs] [Times: user=0.10 sys=0.00, real=0.01 secs] 
2016-09-25T23:28:56.624-0400: 16.231: [GC (GCLocker Initiated GC) [PSYoungGen: 141757K->68593K(175104K)] 545655K->489323K(699392K), 0.0105517 secs] [Times: user=0.10 sys=0.00, real=0.01 secs] 
2016-09-25T23:28:56.675-0400: 16.282: [GC (GCLocker Initiated GC) [PSYoungGen: 156657K->79545K(175104K)] 586605K->528990K(699392K), 0.0097858 secs] [Times: user=0.12 sys=0.01, real=0.01 secs] 
2016-09-25T23:28:56.730-0400: 16.337: [GC (GCLocker Initiated GC) [PSYoungGen: 167609K->48215K(175104K)] 626591K->540317K(699392K), 0.0066488 secs] [Times: user=0.09 sys=0.00, real=0.01 secs] 
2016-09-25T23:28:56.736-0400: 16.343: [Full GC (Ergonomics) [PSYoungGen: 48215K->0K(175104K)] [ParOldGen: 492101K->133768K(524288K)] 540317K->133768K(699392K), [Metaspace: 43440K->43440K(1085440K)], 0.0589195 secs] [Times: user=0.58 sys=0.00, real=0.06 secs] 
2016-09-25T23:28:56.826-0400: 16.433: [GC (GCLocker Initiated GC) [PSYoungGen: 88064K->86510K(175104K)] 227292K->228438K(699392K), 0.0090802 secs] [Times: user=0.12 sys=0.00, real=0.01 secs] 
2016-09-25T23:28:56.878-0400: 16.485: [GC (GCLocker Initiated GC) [PSYoungGen: 174574K->55011K(175104K)] 320728K->237157K(699392K), 0.0094339 secs] [Times: user=0.12 sys=0.00, real=0.01 secs] 
2016-09-25T23:28:56.923-0400: 16.530: [GC (GCLocker Initiated GC) [PSYoungGen: 143075K->50915K(175104K)] 332029K->263331K(699392K), 0.0097527 secs] [Times: user=0.09 sys=0.00, real=0.00 secs] 
2016-09-25T23:28:56.973-0400: 16.580: [GC (GCLocker Initiated GC) [PSYoungGen: 138979K->83453K(175104K)] 359566K->307322K(699392K), 0.0090705 secs] [Times: user=0.11 sys=0.00, real=0.02 secs] 
2016-09-25T23:28:57.026-0400: 16.633: [GC (GCLocker Initiated GC) [PSYoungGen: 171517K->62846K(175104K)] 398206K->310443K(699392K), 0.0122064 secs] [Times: user=0.13 sys=0.00, real=0.01 secs] 
2016-09-25T23:28:57.074-0400: 16.681: [GC (GCLocker Initiated GC) [PSYoungGen: 150910K->74163K(175104K)] 405584K->361635K(699392K), 0.0081169 secs] [Times: user=0.12 sys=0.01, real=0.02 secs] 
2016-09-25T23:28:57.136-0400: 16.743: [GC (GCLocker Initiated GC) [PSYoungGen: 162227K->48124K(175104K)] 449794K->379666K(699392K), 0.0067803 secs] [Times: user=0.11 sys=0.00, real=0.01 secs] 
2016-09-25T23:28:57.171-0400: 16.778: [GC (GCLocker Initiated GC) [PSYoungGen: 136188K->86345K(175104K)] 471873K->457533K(699392K), 0.0128377 secs] [Times: user=0.14 sys=0.00, real=0.02 secs] 
2016-09-25T23:28:57.223-0400: 16.830: [GC (GCLocker Initiated GC) [PSYoungGen: 174409K->57698K(175104K)] 551080K->464872K(699392K), 0.0071504 secs] [Times: user=0.10 sys=0.01, real=0.00 secs] 
2016-09-25T23:28:57.266-0400: 16.873: [GC (GCLocker Initiated GC) [PSYoungGen: 145762K->64512K(175104K)] 553133K->507549K(699392K), 0.0094085 secs] [Times: user=0.13 sys=0.01, real=0.01 secs] 
2016-09-25T23:28:57.311-0400: 16.918: [GC (GCLocker Initiated GC) [PSYoungGen: 152576K->61922K(175104K)] 598484K->530072K(699392K), 0.0071996 secs] [Times: user=0.10 sys=0.01, real=0.01 secs] 
2016-09-25T23:28:57.354-0400: 16.961: [Full GC (Ergonomics) [PSYoungGen: 149986K->0K(175104K)] [ParOldGen: 473752K->148708K(524288K)] 623738K->148708K(699392K), [Metaspace: 43442K->43442K(1085440K)], 0.0641850 secs] [Times: user=0.42 sys=0.01, real=0.06 secs] 
2016-09-25T23:28:57.460-0400: 17.067: [GC (GCLocker Initiated GC) [PSYoungGen: 88064K->72882K(175104K)] 242392K->227210K(699392K), 0.0096946 secs] [Times: user=0.07 sys=0.00, real=0.01 secs] 
2016-09-25T23:28:57.508-0400: 17.115: [GC (GCLocker Initiated GC) [PSYoungGen: 160946K->58965K(175104K)] 322999K->240739K(699392K), 0.0095169 secs] [Times: user=0.08 sys=0.00, real=0.01 secs] 
2016-09-25T23:28:57.559-0400: 17.166: [GC (GCLocker Initiated GC) [PSYoungGen: 147029K->41356K(175104K)] 328936K->248158K(699392K), 0.0096677 secs] [Times: user=0.06 sys=0.01, real=0.01 secs] 
2016-09-25T23:28:57.594-0400: 17.201: [GC (GCLocker Initiated GC) [PSYoungGen: 129420K->61776K(175104K)] 336264K->284046K(699392K), 0.0209794 secs] [Times: user=0.19 sys=0.01, real=0.02 secs] 
2016-09-25T23:28:57.663-0400: 17.270: [GC (GCLocker Initiated GC) [PSYoungGen: 149840K->48280K(175104K)] 384317K->311813K(699392K), 0.0088452 secs] [Times: user=0.08 sys=0.00, real=0.00 secs] 
2016-09-25T23:28:57.701-0400: 17.308: [GC (GCLocker Initiated GC) [PSYoungGen: 136344K->59267K(175104K)] 407482K->351274K(699392K), 0.0071880 secs] [Times: user=0.08 sys=0.00, real=0.01 secs] 
2016-09-25T23:28:57.745-0400: 17.352: [GC (GCLocker Initiated GC) [PSYoungGen: 147331K->61638K(174080K)] 439468K->378808K(698368K), 0.0072032 secs] [Times: user=0.07 sys=0.00, real=0.00 secs] 
2016-09-25T23:28:57.777-0400: 17.384: [GC (GCLocker Initiated GC) [PSYoungGen: 149702K->52311K(174592K)] 466967K->407805K(698880K), 0.0118255 secs] [Times: user=0.10 sys=0.00, real=0.01 secs] 
2016-09-25T23:28:57.830-0400: 17.437: [GC (GCLocker Initiated GC) [PSYoungGen: 140375K->65844K(175104K)] 496057K->468185K(699392K), 0.0168347 secs] [Times: user=0.24 sys=0.00, real=0.02 secs] 
2016-09-25T23:28:57.888-0400: 17.495: [GC (GCLocker Initiated GC) [PSYoungGen: 155956K->63097K(175104K)] 558311K->483603K(699392K), 0.0093823 secs] [Times: user=0.08 sys=0.01, real=0.01 secs] 
2016-09-25T23:28:57.934-0400: 17.541: [GC (GCLocker Initiated GC) [PSYoungGen: 153209K->75388K(172544K)] 582156K->515804K(696832K), 0.0070165 secs] [Times: user=0.10 sys=0.00, real=0.00 secs] 
2016-09-25T23:28:57.983-0400: 17.590: [GC (GCLocker Initiated GC) [PSYoungGen: 164476K->49458K(175616K)] 605114K->519113K(699904K), 0.0084193 secs] [Times: user=0.11 sys=0.00, real=0.00 secs] 
2016-09-25T23:28:58.018-0400: 17.625: [GC (GCLocker Initiated GC) [PSYoungGen: 138546K->84890K(174592K)] 611089K->588863K(698880K), 0.0081240 secs] [Times: user=0.10 sys=0.00, real=0.01 secs] 
2016-09-25T23:28:58.026-0400: 17.633: [Full GC (Ergonomics) [PSYoungGen: 84890K->0K(174592K)] [ParOldGen: 503973K->150243K(524288K)] 588863K->150243K(698880K), [Metaspace: 43448K->43448K(1085440K)], 0.0565968 secs] [Times: user=0.50 sys=0.00, real=0.06 secs] 
2016-09-25T23:28:58.137-0400: 17.744: [GC (GCLocker Initiated GC) [PSYoungGen: 88064K->59134K(175104K)] 257313K->228384K(699392K), 0.0054271 secs] [Times: user=0.07 sys=0.00, real=0.00 secs] 
2016-09-25T23:28:58.170-0400: 17.777: [GC (GCLocker Initiated GC) [PSYoungGen: 147198K->77825K(175104K)] 317961K->270829K(699392K), 0.0099845 secs] [Times: user=0.08 sys=0.00, real=0.01 secs] 
2016-09-25T23:28:58.215-0400: 17.822: [GC (GCLocker Initiated GC) [PSYoungGen: 165889K->62913K(175104K)] 360369K->291687K(699392K), 0.0070889 secs] [Times: user=0.10 sys=0.00, real=0.01 secs] 
2016-09-25T23:28:58.254-0400: 17.861: [GC (GCLocker Initiated GC) [PSYoungGen: 150977K->65759K(175104K)] 385336K->330149K(699392K), 0.0068471 secs] [Times: user=0.10 sys=0.00, real=0.01 secs] 
2016-09-25T23:28:58.301-0400: 17.908: [GC (GCLocker Initiated GC) [PSYoungGen: 153823K->68456K(175104K)] 421069K->367230K(699392K), 0.0069148 secs] [Times: user=0.10 sys=0.00, real=0.01 secs] 
2016-09-25T23:28:58.340-0400: 17.947: [GC (GCLocker Initiated GC) [PSYoungGen: 156520K->71110K(175104K)] 460765K->410972K(699392K), 0.0071777 secs] [Times: user=0.09 sys=0.00, real=0.01 secs] 
2016-09-25T23:28:58.388-0400: 17.995: [GC (GCLocker Initiated GC) [PSYoungGen: 159174K->62948K(151040K)] 504621K->437160K(675328K), 0.0126760 secs] [Times: user=0.12 sys=0.00, real=0.01 secs] 
2016-09-25T23:28:58.435-0400: 18.042: [GC (GCLocker Initiated GC) [PSYoungGen: 151012K->60264K(175104K)] 533582K->460819K(699392K), 0.0065992 secs] [Times: user=0.10 sys=0.00, real=0.00 secs] 
2016-09-25T23:28:58.468-0400: 18.075: [GC (GCLocker Initiated GC) [PSYoungGen: 149352K->83260K(174080K)] 550409K->504929K(698368K), 0.0077428 secs] [Times: user=0.12 sys=0.00, real=0.01 secs] 
2016-09-25T23:28:58.505-0400: 18.112: [GC (GCLocker Initiated GC) [PSYoungGen: 172348K->47907K(175104K)] 594164K->494447K(699392K), 0.0071035 secs] [Times: user=0.06 sys=0.00, real=0.00 secs] 
2016-09-25T23:28:58.540-0400: 18.147: [GC (GCLocker Initiated GC) [PSYoungGen: 135971K->80546K(175104K)] 583392K->556711K(699392K), 0.0093307 secs] [Times: user=0.11 sys=0.01, real=0.01 secs] 
2016-09-25T23:28:58.596-0400: 18.203: [Full GC (Ergonomics) [PSYoungGen: 168610K->0K(175104K)] [ParOldGen: 485732K->147097K(524288K)] 654343K->147097K(699392K), [Metaspace: 43449K->43449K(1085440K)], 0.0970607 secs] [Times: user=0.51 sys=0.03, real=0.09 secs] 
2016-09-25T23:28:58.725-0400: 18.332: [GC (GCLocker Initiated GC) [PSYoungGen: 88064K->71178K(175104K)] 235405K->218520K(699392K), 0.0055031 secs] [Times: user=0.07 sys=0.00, real=0.00 secs] 
2016-09-25T23:28:58.755-0400: 18.362: [GC (GCLocker Initiated GC) [PSYoungGen: 159242K->56182K(175104K)] 306724K->246038K(699392K), 0.0064508 secs] [Times: user=0.09 sys=0.00, real=0.00 secs] 
2016-09-25T23:28:58.809-0400: 18.416: [GC (GCLocker Initiated GC) [PSYoungGen: 144246K->58900K(175104K)] 339534K->284270K(699392K), 0.0102300 secs] [Times: user=0.15 sys=0.01, real=0.01 secs] 
2016-09-25T23:28:58.857-0400: 18.464: [GC (GCLocker Initiated GC) [PSYoungGen: 146964K->84629K(175104K)] 377800K->341580K(699392K), 0.0111165 secs] [Times: user=0.18 sys=0.00, real=0.01 secs] 
2016-09-25T23:28:58.922-0400: 18.529: [GC (GCLocker Initiated GC) [PSYoungGen: 172693K->60250K(175104K)] 433020K->347961K(699392K), 0.0065151 secs] [Times: user=0.09 sys=0.00, real=0.01 secs] 
2016-09-25T23:28:58.956-0400: 18.563: [GC (GCLocker Initiated GC) [PSYoungGen: 148314K->61568K(175104K)] 441688K->398579K(699392K), 0.0080420 secs] [Times: user=0.11 sys=0.00, real=0.01 secs] 
2016-09-25T23:28:58.997-0400: 18.604: [GC (GCLocker Initiated GC) [PSYoungGen: 149632K->69732K(175104K)] 489382K->423285K(699392K), 0.0067994 secs] [Times: user=0.10 sys=0.00, real=0.01 secs] 
2016-09-25T23:28:59.042-0400: 18.649: [GC (GCLocker Initiated GC) [PSYoungGen: 157796K->60200K(175104K)] 514160K->453423K(699392K), 0.0131563 secs] [Times: user=0.18 sys=0.00, real=0.02 secs] 
2016-09-25T23:28:59.101-0400: 18.708: [GC (GCLocker Initiated GC) [PSYoungGen: 148264K->67032K(175104K)] 547067K->508052K(699392K), 0.0127173 secs] [Times: user=0.17 sys=0.02, real=0.02 secs] 
2016-09-25T23:28:59.165-0400: 18.772: [GC (GCLocker Initiated GC) [PSYoungGen: 155096K->72432K(175104K)] 607005K->542284K(699392K), 0.0069618 secs] [Times: user=0.10 sys=0.00, real=0.00 secs] 
2016-09-25T23:28:59.172-0400: 18.779: [Full GC (Ergonomics) [PSYoungGen: 72432K->0K(175104K)] [ParOldGen: 469852K->156740K(524288K)] 542284K->156740K(699392K), [Metaspace: 43449K->43449K(1085440K)], 0.0506887 secs] [Times: user=0.44 sys=0.00, real=0.06 secs] 
2016-09-25T23:28:59.254-0400: 18.861: [GC (GCLocker Initiated GC) [PSYoungGen: 88064K->75260K(175104K)] 253006K->240202K(699392K), 0.0117523 secs] [Times: user=0.15 sys=0.02, real=0.02 secs] 
2016-09-25T23:28:59.316-0400: 18.923: [GC (GCLocker Initiated GC) [PSYoungGen: 163324K->73814K(175104K)] 329719K->263668K(699392K), 0.0135742 secs] [Times: user=0.17 sys=0.01, real=0.01 secs] 
2016-09-25T23:28:59.382-0400: 18.989: [GC (GCLocker Initiated GC) [PSYoungGen: 161878K->68318K(175104K)] 362718K->295177K(699392K), 0.0113217 secs] [Times: user=0.10 sys=0.01, real=0.01 secs] 
2016-09-25T23:28:59.420-0400: 19.027: [GC (GCLocker Initiated GC) [PSYoungGen: 156382K->67014K(155136K)] 383463K->334965K(679424K), 0.0077864 secs] [Times: user=0.11 sys=0.00, real=0.01 secs] 
2016-09-25T23:28:59.455-0400: 19.062: [GC (GCLocker Initiated GC) [PSYoungGen: 155078K->62886K(174592K)] 424714K->350439K(698880K), 0.0160823 secs] [Times: user=0.20 sys=0.00, real=0.01 secs] 
2016-09-25T23:28:59.509-0400: 19.116: [GC (GCLocker Initiated GC) [PSYoungGen: 151974K->64186K(173568K)] 439669K->379323K(697856K), 0.0132582 secs] [Times: user=0.14 sys=0.00, real=0.02 secs] 
2016-09-25T23:28:59.576-0400: 19.183: [GC (GCLocker Initiated GC) [PSYoungGen: 153274K->56121K(175104K)] 477993K->408162K(699392K), 0.0118738 secs] [Times: user=0.09 sys=0.00, real=0.01 secs] 
2016-09-25T23:28:59.638-0400: 19.245: [GC (GCLocker Initiated GC) [PSYoungGen: 147769K->65664K(175616K)] 510740K->453357K(699904K), 0.0068123 secs] [Times: user=0.09 sys=0.00, real=0.01 secs] 
2016-09-25T23:28:59.671-0400: 19.278: [GC (GCLocker Initiated GC) [PSYoungGen: 157312K->68204K(177152K)] 545090K->469878K(701440K), 0.0075655 secs] [Times: user=0.07 sys=0.00, real=0.01 secs] 
2016-09-25T23:28:59.714-0400: 19.321: [GC (GCLocker Initiated GC) [PSYoungGen: 163436K->47957K(176640K)] 565197K->487959K(700928K), 0.0069728 secs] [Times: user=0.08 sys=0.01, real=0.00 secs] 
2016-09-25T23:28:59.764-0400: 19.371: [GC (GCLocker Initiated GC) [PSYoungGen: 143189K->80675K(171008K)] 586154K->541549K(695296K), 0.0110381 secs] [Times: user=0.14 sys=0.00, real=0.01 secs] 
2016-09-25T23:28:59.844-0400: 19.451: [Full GC (Ergonomics) [PSYoungGen: 168739K->0K(171008K)] [ParOldGen: 475916K->143419K(524288K)] 644655K->143419K(695296K), [Metaspace: 43449K->43449K(1085440K)], 0.2213262 secs] [Times: user=3.28 sys=0.02, real=0.22 secs] 
2016-09-25T23:29:00.101-0400: 19.708: [GC (GCLocker Initiated GC) [PSYoungGen: 88064K->72651K(175104K)] 237995K->222583K(699392K), 0.0054405 secs] [Times: user=0.06 sys=0.01, real=0.01 secs] 
2016-09-25T23:29:00.136-0400: 19.743: [GC (GCLocker Initiated GC) [PSYoungGen: 160715K->64346K(173056K)] 313510K->240743K(697344K), 0.0071121 secs] [Times: user=0.08 sys=0.00, real=0.01 secs] 
2016-09-25T23:29:00.175-0400: 19.782: [GC (GCLocker Initiated GC) [PSYoungGen: 152410K->62935K(174080K)] 335736K->274966K(698368K), 0.0083942 secs] [Times: user=0.11 sys=0.00, real=0.01 secs] 
2016-09-25T23:29:00.222-0400: 19.829: [GC (GCLocker Initiated GC) [PSYoungGen: 150999K->60232K(174592K)] 368480K->301102K(698880K), 0.0072738 secs] [Times: user=0.08 sys=0.00, real=0.01 secs] 
2016-09-25T23:29:00.278-0400: 19.885: [GC (GCLocker Initiated GC) [PSYoungGen: 151880K->65618K(175104K)] 402276K->340621K(699392K), 0.0062131 secs] [Times: user=0.09 sys=0.00, real=0.01 secs] 
2016-09-25T23:29:00.319-0400: 19.926: [GC (GCLocker Initiated GC) [PSYoungGen: 157266K->58946K(178176K)] 432481K->373705K(702464K), 0.0068903 secs] [Times: user=0.10 sys=0.00, real=0.01 secs] 
2016-09-25T23:29:00.373-0400: 19.980: [GC (GCLocker Initiated GC) [PSYoungGen: 155202K->73718K(177664K)] 472747K->413218K(701952K), 0.0073274 secs] [Times: user=0.09 sys=0.00, real=0.01 secs] 
2016-09-25T23:29:00.419-0400: 20.026: [GC (GCLocker Initiated GC) [PSYoungGen: 169974K->72286K(177152K)] 509526K->429782K(701440K), 0.0091423 secs] [Times: user=0.07 sys=0.00, real=0.01 secs] 
2016-09-25T23:29:00.465-0400: 20.072: [GC (GCLocker Initiated GC) [PSYoungGen: 166494K->75147K(169472K)] 524124K->457501K(693760K), 0.0070356 secs] [Times: user=0.09 sys=0.00, real=0.00 secs] 
2016-09-25T23:29:00.512-0400: 20.119: [GC (GCLocker Initiated GC) [PSYoungGen: 169355K->68510K(178176K)] 558488K->494447K(702464K), 0.0074261 secs] [Times: user=0.11 sys=0.00, real=0.01 secs] 
2016-09-25T23:29:00.560-0400: 20.167: [GC (GCLocker Initiated GC) [PSYoungGen: 161182K->81899K(174592K)] 589980K->525981K(698880K), 0.0097580 secs] [Times: user=0.14 sys=0.00, real=0.01 secs] 
2016-09-25T23:29:00.612-0400: 20.219: [GC (GCLocker Initiated GC) [PSYoungGen: 174571K->42508K(175104K)] 620073K->524784K(699392K), 0.0082762 secs] [Times: user=0.08 sys=0.00, real=0.01 secs] 
2016-09-25T23:29:00.620-0400: 20.227: [Full GC (Ergonomics) [PSYoungGen: 42508K->0K(175104K)] [ParOldGen: 482276K->126423K(524288K)] 524784K->126423K(699392K), [Metaspace: 43451K->43451K(1085440K)], 0.0648908 secs] [Times: user=0.34 sys=0.01, real=0.07 secs] 
2016-09-25T23:29:00.723-0400: 20.330: [GC (GCLocker Initiated GC) [PSYoungGen: 88064K->77896K(175104K)] 217674K->207506K(699392K), 0.0080319 secs] [Times: user=0.07 sys=0.01, real=0.00 secs] 
2016-09-25T23:29:00.776-0400: 20.383: [GC (GCLocker Initiated GC) [PSYoungGen: 165960K->77785K(175104K)] 298442K->232339K(699392K), 0.0084138 secs] [Times: user=0.08 sys=0.00, real=0.01 secs] 
2016-09-25T23:29:00.829-0400: 20.436: [GC (GCLocker Initiated GC) [PSYoungGen: 165849K->37313K(175104K)] 328716K->231551K(699392K), 0.0075177 secs] [Times: user=0.05 sys=0.00, real=0.01 secs] 
2016-09-25T23:29:00.881-0400: 20.488: [GC (GCLocker Initiated GC) [PSYoungGen: 125377K->57564K(175104K)] 319721K->267176K(699392K), 0.0129262 secs] [Times: user=0.14 sys=0.00, real=0.02 secs] 
2016-09-25T23:29:00.931-0400: 20.538: [GC (GCLocker Initiated GC) [PSYoungGen: 145628K->61536K(175104K)] 360828K->300025K(699392K), 0.0100208 secs] [Times: user=0.11 sys=0.01, real=0.01 secs] 
2016-09-25T23:29:00.986-0400: 20.593: [GC (GCLocker Initiated GC) [PSYoungGen: 149600K->53404K(175104K)] 390873K->320700K(699392K), 0.0138462 secs] [Times: user=0.14 sys=0.00, real=0.01 secs] 
2016-09-25T23:29:01.040-0400: 20.647: [GC (GCLocker Initiated GC) [PSYoungGen: 141468K->60232K(175104K)] 411589K->363134K(699392K), 0.0078758 secs] [Times: user=0.10 sys=0.00, real=0.01 secs] 
2016-09-25T23:29:01.090-0400: 20.697: [GC (GCLocker Initiated GC) [PSYoungGen: 148296K->64364K(175104K)] 462147K->401508K(699392K), 0.0081098 secs] [Times: user=0.10 sys=0.00, real=0.01 secs] 
2016-09-25T23:29:01.138-0400: 20.745: [GC (GCLocker Initiated GC) [PSYoungGen: 152428K->56092K(144384K)] 497822K->412687K(668672K), 0.0075809 secs] [Times: user=0.09 sys=0.01, real=0.01 secs] 
2016-09-25T23:29:01.192-0400: 20.799: [GC (GCLocker Initiated GC) [PSYoungGen: 144156K->50575K(173568K)] 500850K->437430K(697856K), 0.0111246 secs] [Times: user=0.11 sys=0.00, real=0.02 secs] 
2016-09-25T23:29:01.230-0400: 20.837: [GC (GCLocker Initiated GC) [PSYoungGen: 138639K->69752K(173568K)] 535079K->490740K(697856K), 0.0127894 secs] [Times: user=0.13 sys=0.01, real=0.02 secs] 
2016-09-25T23:29:01.289-0400: 20.896: [GC (GCLocker Initiated GC) [PSYoungGen: 157816K->54800K(175104K)] 581996K->520026K(699392K), 0.0079011 secs] [Times: user=0.11 sys=0.00, real=0.01 secs] 
2016-09-25T23:29:01.329-0400: 20.937: [GC (GCLocker Initiated GC) [PSYoungGen: 145424K->72385K(163328K)] 613530K->556986K(687616K), 0.0128332 secs] [Times: user=0.13 sys=0.00, real=0.02 secs] 
2016-09-25T23:29:01.342-0400: 20.949: [Full GC (Ergonomics) [PSYoungGen: 72385K->0K(163328K)] [ParOldGen: 484601K->143411K(524288K)] 556986K->143411K(687616K), [Metaspace: 43456K->43456K(1085440K)], 0.0600388 secs] [Times: user=0.47 sys=0.01, real=0.06 secs] 
2016-09-25T23:29:01.443-0400: 21.050: [GC (GCLocker Initiated GC) [PSYoungGen: 90624K->84597K(175104K)] 236856K->233529K(699392K), 0.0063971 secs] [Times: user=0.10 sys=0.00, real=0.00 secs] 
2016-09-25T23:29:01.489-0400: 21.096: [GC (GCLocker Initiated GC) [PSYoungGen: 172661K->65728K(175104K)] 328501K->246308K(699392K), 0.0101560 secs] [Times: user=0.11 sys=0.00, real=0.01 secs] 
2016-09-25T23:29:01.540-0400: 21.147: [GC (GCLocker Initiated GC) [PSYoungGen: 153792K->52132K(175104K)] 339953K->285986K(699392K), 0.0119785 secs] [Times: user=0.20 sys=0.00, real=0.01 secs] 
2016-09-25T23:29:01.587-0400: 21.194: [GC (GCLocker Initiated GC) [PSYoungGen: 140196K->49195K(175104K)] 379471K->318516K(699392K), 0.0072505 secs] [Times: user=0.07 sys=0.01, real=0.01 secs] 
2016-09-25T23:29:01.626-0400: 21.233: [GC (GCLocker Initiated GC) [PSYoungGen: 137259K->81929K(175104K)] 414785K->392174K(699392K), 0.0088681 secs] [Times: user=0.10 sys=0.00, real=0.01 secs] 
2016-09-25T23:29:01.681-0400: 21.288: [GC (GCLocker Initiated GC) [PSYoungGen: 169993K->45369K(175104K)] 489789K->384471K(699392K), 0.0080142 secs] [Times: user=0.12 sys=0.00, real=0.01 secs] 
2016-09-25T23:29:01.722-0400: 21.329: [GC (GCLocker Initiated GC) [PSYoungGen: 133433K->61569K(175104K)] 475761K->431258K(699392K), 0.0083816 secs] [Times: user=0.08 sys=0.00, real=0.00 secs] 
2016-09-25T23:29:01.767-0400: 21.374: [GC (GCLocker Initiated GC) [PSYoungGen: 149633K->69714K(175104K)] 532956K->466916K(699392K), 0.0088208 secs] [Times: user=0.14 sys=0.00, real=0.01 secs] 
2016-09-25T23:29:01.821-0400: 21.428: [GC (GCLocker Initiated GC) [PSYoungGen: 157778K->57596K(175104K)] 561785K->480894K(699392K), 0.0069658 secs] [Times: user=0.09 sys=0.00, real=0.01 secs] 
2016-09-25T23:29:01.862-0400: 21.469: [GC (GCLocker Initiated GC) [PSYoungGen: 145660K->68438K(175104K)] 572151K->519613K(699392K), 0.0068324 secs] [Times: user=0.10 sys=0.00, real=0.01 secs] 
2016-09-25T23:29:01.916-0400: 21.523: [GC (GCLocker Initiated GC) [PSYoungGen: 156502K->43979K(175104K)] 625549K->524163K(699392K), 0.0076816 secs] [Times: user=0.07 sys=0.01, real=0.01 secs] 
2016-09-25T23:29:01.923-0400: 21.530: [Full GC (Ergonomics) [PSYoungGen: 43979K->0K(175104K)] [ParOldGen: 480183K->138499K(524288K)] 524163K->138499K(699392K), [Metaspace: 43456K->43456K(1085440K)], 0.0557916 secs] [Times: user=0.49 sys=0.00, real=0.05 secs] 
2016-09-25T23:29:02.024-0400: 21.631: [GC (GCLocker Initiated GC) [PSYoungGen: 88064K->80577K(175104K)] 232191K->224704K(699392K), 0.0071105 secs] [Times: user=0.09 sys=0.00, real=0.00 secs] 
2016-09-25T23:29:02.064-0400: 21.671: [GC (GCLocker Initiated GC) [PSYoungGen: 168641K->64475K(175104K)] 329027K->263097K(699392K), 0.0070502 secs] [Times: user=0.10 sys=0.01, real=0.00 secs] 
2016-09-25T23:29:02.116-0400: 21.723: [GC (GCLocker Initiated GC) [PSYoungGen: 152539K->69597K(175104K)] 356589K->286240K(699392K), 0.0129615 secs] [Times: user=0.18 sys=0.00, real=0.01 secs] 
2016-09-25T23:29:02.163-0400: 21.770: [GC (GCLocker Initiated GC) [PSYoungGen: 157661K->77880K(175104K)] 374392K->313877K(699392K), 0.0076763 secs] [Times: user=0.09 sys=0.00, real=0.00 secs] 
2016-09-25T23:29:02.215-0400: 21.822: [GC (GCLocker Initiated GC) [PSYoungGen: 165944K->65742K(175104K)] 403374K->349518K(699392K), 0.0084796 secs] [Times: user=0.12 sys=0.00, real=0.01 secs] 
2016-09-25T23:29:02.263-0400: 21.870: [GC (GCLocker Initiated GC) [PSYoungGen: 153806K->82094K(175104K)] 437687K->390791K(699392K), 0.0095373 secs] [Times: user=0.15 sys=0.00, real=0.00 secs] 
2016-09-25T23:29:02.309-0400: 21.916: [GC (GCLocker Initiated GC) [PSYoungGen: 170158K->64626K(175104K)] 480346K->399788K(699392K), 0.0088925 secs] [Times: user=0.13 sys=0.01, real=0.01 secs] 
2016-09-25T23:29:02.362-0400: 21.969: [GC (GCLocker Initiated GC) [PSYoungGen: 152690K->67197K(175104K)] 491954K->436820K(699392K), 0.0112306 secs] [Times: user=0.11 sys=0.01, real=0.00 secs] 
2016-09-25T23:29:02.412-0400: 22.019: [GC (GCLocker Initiated GC) [PSYoungGen: 155261K->65925K(175104K)] 530452K->459289K(699392K), 0.0111824 secs] [Times: user=0.09 sys=0.01, real=0.02 secs] 
2016-09-25T23:29:02.474-0400: 22.081: [GC (GCLocker Initiated GC) [PSYoungGen: 153989K->64346K(173056K)] 559659K->482744K(697344K), 0.0117086 secs] [Times: user=0.10 sys=0.00, real=0.01 secs] 
2016-09-25T23:29:02.526-0400: 22.133: [GC (GCLocker Initiated GC) [PSYoungGen: 152410K->78035K(174080K)] 573590K->506617K(698368K), 0.0094307 secs] [Times: user=0.11 sys=0.01, real=0.01 secs] 
2016-09-25T23:29:02.570-0400: 22.177: [GC (GCLocker Initiated GC) [PSYoungGen: 166099K->61606K(175104K)] 601664K->516589K(699392K), 0.0073930 secs] [Times: user=0.09 sys=0.01, real=0.01 secs] 
2016-09-25T23:29:02.622-0400: 22.229: [GC (GCLocker Initiated GC) [PSYoungGen: 149670K->66952K(155136K)] 607505K->545581K(679424K), 0.0078639 secs] [Times: user=0.12 sys=0.00, real=0.01 secs] 
2016-09-25T23:29:02.665-0400: 22.272: [Full GC (Ergonomics) [PSYoungGen: 155016K->0K(155136K)] [ParOldGen: 484417K->150792K(524288K)] 639433K->150792K(679424K), [Metaspace: 43468K->43468K(1085440K)], 0.0788626 secs] [Times: user=0.63 sys=0.00, real=0.08 secs] 
2016-09-25T23:29:02.797-0400: 22.404: [GC (GCLocker Initiated GC) [PSYoungGen: 88064K->61878K(174592K)] 244319K->218133K(698880K), 0.0049444 secs] [Times: user=0.06 sys=0.00, real=0.01 secs] 
2016-09-25T23:29:02.840-0400: 22.447: [GC (GCLocker Initiated GC) [PSYoungGen: 150966K->71386K(173568K)] 307466K->248784K(697856K), 0.0067627 secs] [Times: user=0.09 sys=0.00, real=0.01 secs] 
2016-09-25T23:29:02.905-0400: 22.512: [GC (GCLocker Initiated GC) [PSYoungGen: 160474K->53773K(176128K)] 343448K->276612K(700416K), 0.0066125 secs] [Times: user=0.08 sys=0.00, real=0.00 secs] 
2016-09-25T23:29:02.949-0400: 22.556: [GC (GCLocker Initiated GC) [PSYoungGen: 145421K->78170K(169984K)] 368439K->322101K(694272K), 0.0090459 secs] [Times: user=0.09 sys=0.00, real=0.01 secs] 
2016-09-25T23:29:03.002-0400: 22.609: [GC (GCLocker Initiated GC) [PSYoungGen: 169818K->53611K(175104K)] 420696K->337602K(699392K), 0.0074249 secs] [Times: user=0.08 sys=0.00, real=0.01 secs] 
2016-09-25T23:29:03.041-0400: 22.648: [GC (GCLocker Initiated GC) [PSYoungGen: 141675K->55062K(175104K)] 428528K->366751K(699392K), 0.0078733 secs] [Times: user=0.07 sys=0.01, real=0.01 secs] 
2016-09-25T23:29:03.100-0400: 22.707: [GC (GCLocker Initiated GC) [PSYoungGen: 143126K->45697K(175104K)] 458979K->393322K(699392K), 0.0109724 secs] [Times: user=0.08 sys=0.01, real=0.01 secs] 
2016-09-25T23:29:03.146-0400: 22.753: [GC (GCLocker Initiated GC) [PSYoungGen: 133761K->86295K(175104K)] 492443K->457970K(699392K), 0.0080051 secs] [Times: user=0.09 sys=0.01, real=0.00 secs] 
2016-09-25T23:29:03.199-0400: 22.806: [GC (GCLocker Initiated GC) [PSYoungGen: 174359K->69915K(175104K)] 548821K->466619K(699392K), 0.0097073 secs] [Times: user=0.15 sys=0.00, real=0.01 secs] 
2016-09-25T23:29:03.252-0400: 22.859: [GC (GCLocker Initiated GC) [PSYoungGen: 157979K->65905K(175104K)] 558939K->483634K(699392K), 0.0078412 secs] [Times: user=0.09 sys=0.01, real=0.01 secs] 
2016-09-25T23:29:03.302-0400: 22.909: [GC (GCLocker Initiated GC) [PSYoungGen: 153969K->84886K(175104K)] 585422K->529050K(699392K), 0.0114062 secs] [Times: user=0.17 sys=0.01, real=0.00 secs] 
2016-09-25T23:29:03.350-0400: 22.957: [GC (GCLocker Initiated GC) [PSYoungGen: 172950K->50714K(175104K)] 619965K->526713K(699392K), 0.0091807 secs] [Times: user=0.10 sys=0.00, real=0.01 secs] 
2016-09-25T23:29:03.406-0400: 23.013: [Full GC (Ergonomics) [PSYoungGen: 138778K->0K(175104K)] [ParOldGen: 486969K->155891K(524288K)] 625747K->155891K(699392K), [Metaspace: 43469K->43469K(1085440K)], 0.0509706 secs] [Times: user=0.31 sys=0.02, real=0.05 secs] 
2016-09-25T23:29:03.498-0400: 23.105: [GC (GCLocker Initiated GC) [PSYoungGen: 88064K->57778K(175104K)] 244150K->213873K(699392K), 0.0080482 secs] [Times: user=0.06 sys=0.01, real=0.01 secs] 
2016-09-25T23:29:03.545-0400: 23.152: [GC (GCLocker Initiated GC) [PSYoungGen: 145842K->70006K(175104K)] 307482K->252690K(699392K), 0.0065518 secs] [Times: user=0.10 sys=0.00, real=0.00 secs] 
2016-09-25T23:29:03.589-0400: 23.196: [GC (GCLocker Initiated GC) [PSYoungGen: 158070K->78061K(175104K)] 343618K->289987K(699392K), 0.0068076 secs] [Times: user=0.10 sys=0.00, real=0.01 secs] 
2016-09-25T23:29:03.641-0400: 23.248: [GC (GCLocker Initiated GC) [PSYoungGen: 166125K->72717K(175104K)] 378254K->313838K(699392K), 0.0102869 secs] [Times: user=0.13 sys=0.01, real=0.01 secs] 
2016-09-25T23:29:03.697-0400: 23.304: [GC (GCLocker Initiated GC) [PSYoungGen: 160781K->75329K(175104K)] 404667K->342844K(699392K), 0.0090198 secs] [Times: user=0.14 sys=0.00, real=0.01 secs] 
2016-09-25T23:29:03.733-0400: 23.341: [GC (GCLocker Initiated GC) [PSYoungGen: 163393K->65937K(175104K)] 432359K->365214K(699392K), 0.0132862 secs] [Times: user=0.16 sys=0.00, real=0.02 secs] 
2016-09-25T23:29:03.783-0400: 23.390: [GC (GCLocker Initiated GC) [PSYoungGen: 154001K->57900K(175104K)] 459198K->401614K(699392K), 0.0068078 secs] [Times: user=0.10 sys=0.00, real=0.00 secs] 
2016-09-25T23:29:03.819-0400: 23.426: [GC (GCLocker Initiated GC) [PSYoungGen: 145964K->72576K(175104K)] 489776K->448222K(699392K), 0.0076491 secs] [Times: user=0.11 sys=0.00, real=0.01 secs] 
2016-09-25T23:29:03.861-0400: 23.468: [GC (GCLocker Initiated GC) [PSYoungGen: 160640K->76818K(175104K)] 545980K->480226K(699392K), 0.0235558 secs] [Times: user=0.34 sys=0.00, real=0.03 secs] 
2016-09-25T23:29:03.942-0400: 23.549: [GC (GCLocker Initiated GC) [PSYoungGen: 164882K->46606K(175104K)] 568330K->465659K(699392K), 0.0190846 secs] [Times: user=0.20 sys=0.00, real=0.01 secs] 
2016-09-25T23:29:04.010-0400: 23.617: [GC (GCLocker Initiated GC) [PSYoungGen: 134670K->53724K(175104K)] 553931K->507206K(699392K), 0.0122549 secs] [Times: user=0.17 sys=0.01, real=0.02 secs] 
2016-09-25T23:29:04.067-0400: 23.674: [Full GC (Ergonomics) [PSYoungGen: 141788K->0K(175104K)] [ParOldGen: 480800K->160557K(524288K)] 622589K->160557K(699392K), [Metaspace: 43484K->43484K(1085440K)], 0.0465212 secs] [Times: user=0.32 sys=0.01, real=0.04 secs] 
2016-09-25T23:29:04.179-0400: 23.786: [GC (GCLocker Initiated GC) [PSYoungGen: 88064K->56289K(175104K)] 252902K->221128K(699392K), 0.0151987 secs] [Times: user=0.13 sys=0.01, real=0.02 secs] 
2016-09-25T23:29:04.231-0400: 23.838: [GC (GCLocker Initiated GC) [PSYoungGen: 144353K->71148K(175104K)] 309423K->261081K(699392K), 0.0118948 secs] [Times: user=0.12 sys=0.01, real=0.02 secs] 
2016-09-25T23:29:04.299-0400: 23.906: [GC (GCLocker Initiated GC) [PSYoungGen: 159212K->72626K(175104K)] 356018K->302416K(699392K), 0.0077098 secs] [Times: user=0.10 sys=0.01, real=0.01 secs] 
2016-09-25T23:29:04.343-0400: 23.950: [GC (GCLocker Initiated GC) [PSYoungGen: 160690K->79416K(175104K)] 390718K->341158K(699392K), 0.0094753 secs] [Times: user=0.16 sys=0.00, real=0.00 secs] 
2016-09-25T23:29:04.405-0400: 24.012: [GC (GCLocker Initiated GC) [PSYoungGen: 167480K->49499K(175104K)] 429359K->356576K(699392K), 0.0130753 secs] [Times: user=0.15 sys=0.02, real=0.01 secs] 
2016-09-25T23:29:04.472-0400: 24.079: [GC (GCLocker Initiated GC) [PSYoungGen: 137563K->78220K(175104K)] 447643K->411702K(699392K), 0.0139513 secs] [Times: user=0.19 sys=0.01, real=0.02 secs] 
2016-09-25T23:29:04.536-0400: 24.143: [GC (GCLocker Initiated GC) [PSYoungGen: 166284K->57688K(175104K)] 510699K->424481K(699392K), 0.0084593 secs] [Times: user=0.11 sys=0.01, real=0.01 secs] 
2016-09-25T23:29:04.585-0400: 24.192: [GC (GCLocker Initiated GC) [PSYoungGen: 145752K->65883K(175104K)] 519364K->456223K(699392K), 0.0070802 secs] [Times: user=0.09 sys=0.00, real=0.00 secs] 
2016-09-25T23:29:04.630-0400: 24.237: [GC (GCLocker Initiated GC) [PSYoungGen: 153947K->67233K(175104K)] 547181K->484045K(699392K), 0.0116862 secs] [Times: user=0.14 sys=0.01, real=0.01 secs] 
2016-09-25T23:29:04.713-0400: 24.320: [GC (GCLocker Initiated GC) [PSYoungGen: 155297K->48245K(175104K)] 574895K->515805K(699392K), 0.0089383 secs] [Times: user=0.14 sys=0.01, real=0.02 secs] 
2016-09-25T23:29:04.769-0400: 24.376: [Full GC (Ergonomics) [PSYoungGen: 136309K->0K(175104K)] [ParOldGen: 477240K->162132K(524288K)] 613549K->162132K(699392K), [Metaspace: 43487K->43487K(1085440K)], 0.0600702 secs] [Times: user=0.44 sys=0.00, real=0.06 secs] 
2016-09-25T23:29:04.895-0400: 24.502: [GC (GCLocker Initiated GC) [PSYoungGen: 88064K->61936K(175104K)] 262405K->236277K(699392K), 0.0123115 secs] [Times: user=0.13 sys=0.00, real=0.01 secs] 
2016-09-25T23:29:04.973-0400: 24.580: [GC (GCLocker Initiated GC) [PSYoungGen: 150000K->74119K(175104K)] 328481K->272430K(699392K), 0.0073093 secs] [Times: user=0.09 sys=0.00, real=0.01 secs] 
2016-09-25T23:29:05.019-0400: 24.626: [GC (GCLocker Initiated GC) [PSYoungGen: 162183K->61823K(175104K)] 367273K->293298K(699392K), 0.0068093 secs] [Times: user=0.08 sys=0.00, real=0.01 secs] 
2016-09-25T23:29:05.059-0400: 24.666: [GC (GCLocker Initiated GC) [PSYoungGen: 149887K->50825K(175104K)] 386868K->300429K(699392K), 0.0073350 secs] [Times: user=0.06 sys=0.00, real=0.01 secs] 
2016-09-25T23:29:05.128-0400: 24.735: [GC (GCLocker Initiated GC) [PSYoungGen: 138889K->49732K(175104K)] 396022K->333222K(699392K), 0.0115403 secs] [Times: user=0.09 sys=0.00, real=0.01 secs] 
2016-09-25T23:29:05.198-0400: 24.805: [GC (GCLocker Initiated GC) [PSYoungGen: 137796K->52440K(175104K)] 428100K->356960K(699392K), 0.0108765 secs] [Times: user=0.10 sys=0.01, real=0.01 secs] 
2016-09-25T23:29:05.251-0400: 24.858: [GC (GCLocker Initiated GC) [PSYoungGen: 140504K->53754K(141824K)] 454608K->384907K(666112K), 0.0091748 secs] [Times: user=0.09 sys=0.00, real=0.01 secs] 
2016-09-25T23:29:05.301-0400: 24.908: [GC (GCLocker Initiated GC) [PSYoungGen: 141818K->52220K(174592K)] 477058K->408310K(698880K), 0.0070627 secs] [Times: user=0.09 sys=0.00, real=0.01 secs] 
2016-09-25T23:29:05.363-0400: 24.970: [GC (GCLocker Initiated GC) [PSYoungGen: 141308K->56614K(173568K)] 509686K->445825K(697856K), 0.0106413 secs] [Times: user=0.10 sys=0.00, real=0.00 secs] 
2016-09-25T23:29:05.437-0400: 25.044: [GC (GCLocker Initiated GC) [PSYoungGen: 145702K->71276K(172544K)] 540404K->473552K(696832K), 0.0113606 secs] [Times: user=0.13 sys=0.01, real=0.01 secs] 
2016-09-25T23:29:05.502-0400: 25.109: [GC (GCLocker Initiated GC) [PSYoungGen: 161388K->61797K(174592K)] 571916K->491817K(698880K), 0.0075949 secs] [Times: user=0.08 sys=0.00, real=0.01 secs] 
2016-09-25T23:29:05.543-0400: 25.150: [GC (GCLocker Initiated GC) [PSYoungGen: 151909K->60480K(173568K)] 587402K->519614K(697856K), 0.0131403 secs] [Times: user=0.16 sys=0.00, real=0.01 secs] 
2016-09-25T23:29:05.606-0400: 25.213: [GC (GCLocker Initiated GC) [PSYoungGen: 155712K->74085K(175616K)] 620425K->555714K(699904K), 0.0069309 secs] [Times: user=0.10 sys=0.00, real=0.00 secs] 
2016-09-25T23:29:05.667-0400: 25.274: [GC (GCLocker Initiated GC) --[PSYoungGen: 169317K->169317K(175616K)] 653734K->690925K(699904K), 0.0134408 secs] [Times: user=0.13 sys=0.01, real=0.01 secs] 
2016-09-25T23:29:05.681-0400: 25.288: [Full GC (Ergonomics) [PSYoungGen: 169317K->0K(175616K)] [ParOldGen: 521608K->160083K(524288K)] 690925K->160083K(699904K), [Metaspace: 43488K->43488K(1085440K)], 0.0592074 secs] [Times: user=0.48 sys=0.01, real=0.06 secs] 
2016-09-25T23:29:05.782-0400: 25.389: [GC (GCLocker Initiated GC) [PSYoungGen: 95232K->82838K(171520K)] 255406K->264612K(695808K), 0.0121097 secs] [Times: user=0.14 sys=0.01, real=0.01 secs] 
2016-09-25T23:29:05.833-0400: 25.440: [GC (GCLocker Initiated GC) [PSYoungGen: 170902K->85090K(175104K)] 352827K->302083K(699392K), 0.0106713 secs] [Times: user=0.15 sys=0.01, real=0.02 secs] 
2016-09-25T23:29:05.892-0400: 25.499: [GC (GCLocker Initiated GC) [PSYoungGen: 173154K->70151K(175104K)] 390275K->320618K(699392K), 0.0069104 secs] [Times: user=0.11 sys=0.00, real=0.01 secs] 
2016-09-25T23:29:05.940-0400: 25.547: [GC (GCLocker Initiated GC) [PSYoungGen: 158215K->85068K(175104K)] 414147K->362127K(699392K), 0.0108229 secs] [Times: user=0.13 sys=0.01, real=0.01 secs] 
2016-09-25T23:29:06.002-0400: 25.609: [GC (GCLocker Initiated GC) [PSYoungGen: 173132K->51255K(175104K)] 450230K->367094K(699392K), 0.0068919 secs] [Times: user=0.09 sys=0.01, real=0.00 secs] 
2016-09-25T23:29:06.040-0400: 25.647: [GC (GCLocker Initiated GC) [PSYoungGen: 139319K->78561K(175104K)] 455419K->418492K(699392K), 0.0081443 secs] [Times: user=0.11 sys=0.01, real=0.01 secs] 
2016-09-25T23:29:06.094-0400: 25.701: [GC (GCLocker Initiated GC) [PSYoungGen: 166625K->47096K(175104K)] 506694K->413906K(699392K), 0.0098944 secs] [Times: user=0.11 sys=0.00, real=0.02 secs] 
2016-09-25T23:29:06.138-0400: 25.745: [GC (GCLocker Initiated GC) [PSYoungGen: 135160K->73155K(175104K)] 502085K->473472K(699392K), 0.0103771 secs] [Times: user=0.11 sys=0.01, real=0.01 secs] 
2016-09-25T23:29:06.190-0400: 25.797: [GC (GCLocker Initiated GC) [PSYoungGen: 161219K->52783K(175104K)] 561669K->502966K(699392K), 0.0099970 secs] [Times: user=0.15 sys=0.01, real=0.01 secs] 
2016-09-25T23:29:06.240-0400: 25.847: [GC (GCLocker Initiated GC) [PSYoungGen: 140847K->71989K(175104K)] 599229K->563854K(699392K), 0.0091512 secs] [Times: user=0.12 sys=0.00, real=0.01 secs] 
2016-09-25T23:29:06.249-0400: 25.856: [Full GC (Ergonomics) [PSYoungGen: 71989K->0K(175104K)] [ParOldGen: 491864K->172700K(524288K)] 563854K->172700K(699392K), [Metaspace: 43492K->43492K(1085440K)], 0.0548513 secs] [Times: user=0.32 sys=0.01, real=0.06 secs] 
2016-09-25T23:29:06.351-0400: 25.958: [GC (GCLocker Initiated GC) [PSYoungGen: 88064K->81272K(175104K)] 260886K->254094K(699392K), 0.0083652 secs] [Times: user=0.11 sys=0.01, real=0.01 secs] 
2016-09-25T23:29:06.396-0400: 26.003: [GC (GCLocker Initiated GC) [PSYoungGen: 169336K->66574K(175104K)] 343571K->281185K(699392K), 0.0092830 secs] [Times: user=0.15 sys=0.00, real=0.01 secs] 
2016-09-25T23:29:06.454-0400: 26.061: [GC (GCLocker Initiated GC) [PSYoungGen: 154638K->47318K(175104K)] 379041K->290513K(699392K), 0.0092149 secs] [Times: user=0.09 sys=0.01, real=0.02 secs] 
2016-09-25T23:29:06.498-0400: 26.105: [GC (GCLocker Initiated GC) [PSYoungGen: 135382K->66044K(175104K)] 382702K->333427K(699392K), 0.0093684 secs] [Times: user=0.11 sys=0.00, real=0.01 secs] 
2016-09-25T23:29:06.544-0400: 26.151: [GC (GCLocker Initiated GC) [PSYoungGen: 154108K->74331K(175104K)] 421630K->361610K(699392K), 0.0075393 secs] [Times: user=0.10 sys=0.00, real=0.00 secs] 
2016-09-25T23:29:06.606-0400: 26.213: [GC (GCLocker Initiated GC) [PSYoungGen: 162395K->45864K(175104K)] 460649K->376086K(699392K), 0.0090267 secs] [Times: user=0.11 sys=0.00, real=0.01 secs] 
2016-09-25T23:29:06.645-0400: 26.252: [GC (GCLocker Initiated GC) [PSYoungGen: 133928K->85187K(175104K)] 467032K->436807K(699392K), 0.0096291 secs] [Times: user=0.15 sys=0.01, real=0.01 secs] 
2016-09-25T23:29:06.710-0400: 26.317: [GC (GCLocker Initiated GC) [PSYoungGen: 173251K->38813K(175104K)] 533052K->436059K(699392K), 0.0113411 secs] [Times: user=0.13 sys=0.00, real=0.01 secs] 
2016-09-25T23:29:06.762-0400: 26.369: [GC (GCLocker Initiated GC) [PSYoungGen: 126877K->72900K(175104K)] 529613K->493999K(699392K), 0.0075529 secs] [Times: user=0.08 sys=0.00, real=0.00 secs] 
2016-09-25T23:29:06.809-0400: 26.416: [GC (GCLocker Initiated GC) [PSYoungGen: 160964K->62087K(175104K)] 584856K->508413K(699392K), 0.0097506 secs] [Times: user=0.09 sys=0.00, real=0.01 secs] 
2016-09-25T23:29:06.868-0400: 26.475: [GC (GCLocker Initiated GC) [PSYoungGen: 150151K->60914K(175104K)] 596586K->534021K(699392K), 0.0100036 secs] [Times: user=0.10 sys=0.00, real=0.01 secs] 
2016-09-25T23:29:06.921-0400: 26.528: [Full GC (Ergonomics) [PSYoungGen: 148978K->0K(175104K)] [ParOldGen: 478741K->176036K(524288K)] 627719K->176036K(699392K), [Metaspace: 43493K->43493K(1085440K)], 0.0542288 secs] [Times: user=0.36 sys=0.01, real=0.06 secs] 
2016-09-25T23:29:07.019-0400: 26.626: [GC (GCLocker Initiated GC) [PSYoungGen: 88064K->84385K(175104K)] 272245K->268566K(699392K), 0.0071709 secs] [Times: user=0.08 sys=0.00, real=0.01 secs] 
2016-09-25T23:29:07.075-0400: 26.682: [GC (GCLocker Initiated GC) [PSYoungGen: 172449K->45685K(175104K)] 362052K->255617K(699392K), 0.0083997 secs] [Times: user=0.10 sys=0.00, real=0.01 secs] 
2016-09-25T23:29:07.120-0400: 26.727: [GC (GCLocker Initiated GC) [PSYoungGen: 133749K->78801K(175104K)] 346608K->301985K(699392K), 0.0079739 secs] [Times: user=0.09 sys=0.00, real=0.01 secs] 
2016-09-25T23:29:07.182-0400: 26.789: [GC (GCLocker Initiated GC) [PSYoungGen: 166865K->68837K(175104K)] 395866K->313931K(699392K), 0.0110642 secs] [Times: user=0.09 sys=0.00, real=0.01 secs] 
2016-09-25T23:29:07.232-0400: 26.839: [GC (GCLocker Initiated GC) [PSYoungGen: 156901K->68712K(175104K)] 402185K->341889K(699392K), 0.0069729 secs] [Times: user=0.09 sys=0.00, real=0.01 secs] 
2016-09-25T23:29:07.278-0400: 26.885: [GC (GCLocker Initiated GC) [PSYoungGen: 156776K->82636K(175104K)] 432805K->391754K(699392K), 0.0111994 secs] [Times: user=0.15 sys=0.01, real=0.01 secs] 
2016-09-25T23:29:07.330-0400: 26.937: [GC (GCLocker Initiated GC) [PSYoungGen: 170700K->79498K(175104K)] 479977K->415597K(699392K), 0.0120877 secs] [Times: user=0.16 sys=0.00, real=0.02 secs] 
2016-09-25T23:29:07.389-0400: 26.996: [GC (GCLocker Initiated GC) [PSYoungGen: 167562K->73132K(175104K)] 514717K->434570K(699392K), 0.0097117 secs] [Times: user=0.11 sys=0.01, real=0.01 secs] 
2016-09-25T23:29:07.443-0400: 27.050: [GC (GCLocker Initiated GC) [PSYoungGen: 161196K->66119K(175104K)] 528441K->460173K(699392K), 0.0074819 secs] [Times: user=0.11 sys=0.00, real=0.00 secs] 
2016-09-25T23:29:07.483-0400: 27.090: [GC (GCLocker Initiated GC) [PSYoungGen: 154183K->72991K(175104K)] 551308K->484520K(699392K), 0.0106025 secs] [Times: user=0.13 sys=0.00, real=0.00 secs] 
2016-09-25T23:29:09.991-0400: 29.598: [GC (GCLocker Initiated GC) [PSYoungGen: 161055K->67466K(175104K)] 578244K->527487K(699392K), 0.0215847 secs] [Times: user=0.21 sys=0.00, real=0.02 secs] 
2016-09-25T23:29:10.090-0400: 29.697: [GC (GCLocker Initiated GC) [PSYoungGen: 155530K->55239K(175104K)] 618711K->539615K(699392K), 0.0079615 secs] [Times: user=0.09 sys=0.01, real=0.01 secs] 
2016-09-25T23:29:10.098-0400: 29.705: [Full GC (Ergonomics) [PSYoungGen: 55239K->0K(175104K)] [ParOldGen: 484375K->177088K(524288K)] 539615K->177088K(699392K), [Metaspace: 43505K->43505K(1085440K)], 0.0626634 secs] [Times: user=0.39 sys=0.02, real=0.06 secs] 
2016-09-25T23:29:10.204-0400: 29.811: [GC (GCLocker Initiated GC) [PSYoungGen: 88064K->82779K(175104K)] 265312K->260027K(699392K), 0.0114465 secs] [Times: user=0.13 sys=0.01, real=0.01 secs] 
2016-09-25T23:29:10.291-0400: 29.898: [GC (GCLocker Initiated GC) [PSYoungGen: 170843K->63611K(175104K)] 350176K->283394K(699392K), 0.0182319 secs] [Times: user=0.26 sys=0.00, real=0.02 secs] 
2016-09-25T23:29:10.361-0400: 29.968: [GC (GCLocker Initiated GC) [PSYoungGen: 151675K->44358K(175104K)] 377002K->309938K(699392K), 0.0073471 secs] [Times: user=0.11 sys=0.00, real=0.01 secs] 
2016-09-25T23:29:10.406-0400: 30.013: [GC (GCLocker Initiated GC) [PSYoungGen: 132422K->75952K(175104K)] 403566K->368021K(699392K), 0.0104637 secs] [Times: user=0.08 sys=0.00, real=0.01 secs] 
2016-09-25T23:29:10.490-0400: 30.097: [GC (GCLocker Initiated GC) [PSYoungGen: 164016K->55335K(175104K)] 461596K->383901K(699392K), 0.0149094 secs] [Times: user=0.12 sys=0.00, real=0.02 secs] 
2016-09-25T23:29:10.575-0400: 30.182: [GC (GCLocker Initiated GC) [PSYoungGen: 143399K->49960K(175104K)] 475045K->390593K(699392K), 0.0104729 secs] [Times: user=0.12 sys=0.00, real=0.01 secs] 
2016-09-25T23:29:10.622-0400: 30.229: [GC (GCLocker Initiated GC) [PSYoungGen: 138024K->71785K(175104K)] 481551K->435308K(699392K), 0.0102639 secs] [Times: user=0.11 sys=0.02, real=0.00 secs] 
2016-09-25T23:29:10.680-0400: 30.287: [GC (GCLocker Initiated GC) [PSYoungGen: 159849K->64971K(175104K)] 527684K->454033K(699392K), 0.0092500 secs] [Times: user=0.10 sys=0.00, real=0.01 secs] 
2016-09-25T23:29:10.738-0400: 30.345: [GC (GCLocker Initiated GC) [PSYoungGen: 153035K->56432K(175104K)] 542255K->460233K(699392K), 0.0072470 secs] [Times: user=0.06 sys=0.00, real=0.01 secs] 
2016-09-25T23:29:10.789-0400: 30.396: [GC (GCLocker Initiated GC) [PSYoungGen: 144496K->64820K(175104K)] 548628K->491302K(699392K), 0.0094667 secs] [Times: user=0.10 sys=0.00, real=0.01 secs] 
2016-09-25T23:29:10.839-0400: 30.446: [GC (GCLocker Initiated GC) [PSYoungGen: 152884K->66050K(175104K)] 582111K->523171K(699392K), 0.0096598 secs] [Times: user=0.12 sys=0.00, real=0.01 secs] 
2016-09-25T23:29:10.889-0400: 30.496: [GC (Allocation Failure) [PSYoungGen: 154114K->67889K(173056K)] 614605K->550790K(697344K), 0.0074665 secs] [Times: user=0.09 sys=0.00, real=0.01 secs] 
2016-09-25T23:29:10.896-0400: 30.503: [Full GC (Ergonomics) [PSYoungGen: 67889K->0K(173056K)] [ParOldGen: 482901K->187910K(524288K)] 550790K->187910K(697344K), [Metaspace: 43505K->43505K(1085440K)], 0.0543664 secs] [Times: user=0.48 sys=0.00, real=0.05 secs] 
2016-09-25T23:29:11.003-0400: 30.610: [GC (GCLocker Initiated GC) [PSYoungGen: 87572K->82723K(174080K)] 283583K->278733K(698368K), 0.0068988 secs] [Times: user=0.11 sys=0.00, real=0.00 secs] 
2016-09-25T23:29:11.055-0400: 30.662: [GC (GCLocker Initiated GC) [PSYoungGen: 170787K->71570K(175104K)] 369562K->293193K(699392K), 0.0086659 secs] [Times: user=0.14 sys=0.00, real=0.01 secs] 
2016-09-25T23:29:11.107-0400: 30.714: [GC (GCLocker Initiated GC) [PSYoungGen: 159634K->55274K(175104K)] 384061K->331915K(699392K), 0.0073932 secs] [Times: user=0.10 sys=0.01, real=0.01 secs] 
2016-09-25T23:29:11.148-0400: 30.755: [GC (GCLocker Initiated GC) [PSYoungGen: 143338K->70717K(175104K)] 425511K->387455K(699392K), 0.0086459 secs] [Times: user=0.09 sys=0.00, real=0.01 secs] 
2016-09-25T23:29:11.214-0400: 30.821: [GC (GCLocker Initiated GC) [PSYoungGen: 158781K->36590K(175104K)] 490579K->381813K(699392K), 0.0106159 secs] [Times: user=0.14 sys=0.00, real=0.02 secs] 
2016-09-25T23:29:11.260-0400: 30.867: [GC (GCLocker Initiated GC) [PSYoungGen: 124654K->80892K(175104K)] 470098K->446395K(699392K), 0.0075570 secs] [Times: user=0.11 sys=0.00, real=0.01 secs] 
2016-09-25T23:29:11.316-0400: 30.923: [GC (GCLocker Initiated GC) [PSYoungGen: 168956K->63463K(175104K)] 534589K->456851K(699392K), 0.0086235 secs] [Times: user=0.09 sys=0.00, real=0.01 secs] 
2016-09-25T23:29:11.367-0400: 30.974: [GC (GCLocker Initiated GC) [PSYoungGen: 151527K->58202K(175104K)] 551896K->483727K(699392K), 0.0114246 secs] [Times: user=0.08 sys=0.00, real=0.01 secs] 
2016-09-25T23:29:11.434-0400: 31.041: [GC (GCLocker Initiated GC) [PSYoungGen: 146266K->37626K(175104K)] 578795K->486047K(699392K), 0.0093496 secs] [Times: user=0.05 sys=0.02, real=0.02 secs] 
2016-09-25T23:29:11.497-0400: 31.104: [GC (GCLocker Initiated GC) [PSYoungGen: 125690K->44366K(175104K)] 586317K->516761K(699392K), 0.0074603 secs] [Times: user=0.08 sys=0.00, real=0.01 secs] 
2016-09-25T23:29:11.544-0400: 31.151: [GC (GCLocker Initiated GC) [PSYoungGen: 132430K->71352K(175104K)] 607633K->559508K(699392K), 0.0076018 secs] [Times: user=0.08 sys=0.01, real=0.00 secs] 
2016-09-25T23:29:11.551-0400: 31.158: [Full GC (Ergonomics) [PSYoungGen: 71352K->0K(175104K)] [ParOldGen: 488155K->200415K(524288K)] 559508K->200415K(699392K), [Metaspace: 43508K->43508K(1085440K)], 0.0486893 secs] [Times: user=0.38 sys=0.00, real=0.05 secs] 
2016-09-25T23:29:11.646-0400: 31.253: [GC (GCLocker Initiated GC) [PSYoungGen: 88064K->63595K(175104K)] 291300K->266831K(699392K), 0.0076968 secs] [Times: user=0.07 sys=0.01, real=0.00 secs] 
2016-09-25T23:29:11.687-0400: 31.294: [GC (GCLocker Initiated GC) [PSYoungGen: 151659K->68737K(175104K)] 355055K->291971K(699392K), 0.0086377 secs] [Times: user=0.11 sys=0.00, real=0.01 secs] 
2016-09-25T23:29:11.740-0400: 31.347: [GC (GCLocker Initiated GC) [PSYoungGen: 156801K->64702K(175104K)] 388350K->330716K(699392K), 0.0100973 secs] [Times: user=0.12 sys=0.00, real=0.01 secs] 
2016-09-25T23:29:11.799-0400: 31.406: [GC (GCLocker Initiated GC) [PSYoungGen: 152766K->54938K(175104K)] 421581K->351529K(699392K), 0.0093906 secs] [Times: user=0.12 sys=0.00, real=0.01 secs] 
2016-09-25T23:29:11.840-0400: 31.447: [GC (GCLocker Initiated GC) [PSYoungGen: 143002K->86237K(175104K)] 442477K->419936K(699392K), 0.0091254 secs] [Times: user=0.13 sys=0.00, real=0.01 secs] 
2016-09-25T23:29:11.911-0400: 31.518: [GC (GCLocker Initiated GC) [PSYoungGen: 174301K->34631K(175104K)] 515440K->403462K(699392K), 0.0098531 secs] [Times: user=0.14 sys=0.00, real=0.01 secs] 
2016-09-25T23:29:11.958-0400: 31.565: [GC (GCLocker Initiated GC) [PSYoungGen: 122695K->52399K(175104K)] 491665K->459751K(699392K), 0.0093947 secs] [Times: user=0.11 sys=0.00, real=0.01 secs] 
2016-09-25T23:29:12.013-0400: 31.620: [GC (GCLocker Initiated GC) [PSYoungGen: 140463K->45624K(175104K)] 556038K->514561K(699392K), 0.0106717 secs] [Times: user=0.16 sys=0.00, real=0.02 secs] 
2016-09-25T23:29:12.024-0400: 31.631: [Full GC (Ergonomics) [PSYoungGen: 45624K->0K(175104K)] [ParOldGen: 468937K->200568K(524288K)] 514561K->200568K(699392K), [Metaspace: 43525K->43525K(1087488K)], 0.0466810 secs] [Times: user=0.43 sys=0.00, real=0.04 secs] 
2016-09-25T23:29:12.113-0400: 31.720: [GC (GCLocker Initiated GC) [PSYoungGen: 88064K->84980K(175104K)] 288791K->293807K(699392K), 0.0087805 secs] [Times: user=0.14 sys=0.00, real=0.01 secs] 
2016-09-25T23:29:12.163-0400: 31.770: [GC (GCLocker Initiated GC) [PSYoungGen: 173044K->68815K(175104K)] 385419K->318396K(699392K), 0.0097758 secs] [Times: user=0.14 sys=0.01, real=0.00 secs] 
2016-09-25T23:29:12.217-0400: 31.824: [GC (GCLocker Initiated GC) [PSYoungGen: 156879K->46892K(175104K)] 415992K->327078K(699392K), 0.0081897 secs] [Times: user=0.09 sys=0.00, real=0.01 secs] 
2016-09-25T23:29:12.264-0400: 31.871: [GC (GCLocker Initiated GC) [PSYoungGen: 134956K->74106K(175104K)] 418470K->375755K(699392K), 0.0069189 secs] [Times: user=0.11 sys=0.00, real=0.00 secs] 
2016-09-25T23:29:12.320-0400: 31.927: [GC (GCLocker Initiated GC) [PSYoungGen: 162170K->74014K(175104K)] 467989K->391323K(699392K), 0.0081037 secs] [Times: user=0.11 sys=0.00, real=0.01 secs] 
2016-09-25T23:29:12.360-0400: 31.967: [GC (GCLocker Initiated GC) [PSYoungGen: 162078K->64510K(175104K)] 479447K->429864K(699392K), 0.0111888 secs] [Times: user=0.14 sys=0.00, real=0.01 secs] 
2016-09-25T23:29:12.421-0400: 32.028: [GC (GCLocker Initiated GC) [PSYoungGen: 152574K->53635K(175104K)] 522075K->462875K(699392K), 0.0103112 secs] [Times: user=0.11 sys=0.01, real=0.01 secs] 
2016-09-25T23:29:12.473-0400: 32.080: [GC (GCLocker Initiated GC) [PSYoungGen: 141699K->65850K(175104K)] 552413K->497435K(699392K), 0.0097914 secs] [Times: user=0.10 sys=0.00, real=0.02 secs] 
2016-09-25T23:29:12.517-0400: 32.124: [GC (GCLocker Initiated GC) [PSYoungGen: 153914K->55114K(175104K)] 596548K->545696K(699392K), 0.0093071 secs] [Times: user=0.11 sys=0.00, real=0.01 secs] 
2016-09-25T23:29:12.527-0400: 32.134: [Full GC (Ergonomics) [PSYoungGen: 55114K->0K(175104K)] [ParOldGen: 490582K->211643K(524288K)] 545696K->211643K(699392K), [Metaspace: 43525K->43525K(1087488K)], 0.0677045 secs] [Times: user=0.55 sys=0.01, real=0.07 secs] 
2016-09-25T23:29:12.645-0400: 32.252: [GC (GCLocker Initiated GC) [PSYoungGen: 88064K->67337K(175104K)] 302498K->281772K(699392K), 0.0078906 secs] [Times: user=0.10 sys=0.01, real=0.00 secs] 
2016-09-25T23:29:12.686-0400: 32.293: [GC (GCLocker Initiated GC) [PSYoungGen: 155401K->84957K(175104K)] 374054K->320513K(699392K), 0.0074091 secs] [Times: user=0.12 sys=0.00, real=0.00 secs] 
2016-09-25T23:29:12.749-0400: 32.356: [GC (GCLocker Initiated GC) [PSYoungGen: 173021K->40143K(175104K)] 414059K->318383K(699392K), 0.0081834 secs] [Times: user=0.06 sys=0.01, real=0.01 secs] 
2016-09-25T23:29:12.801-0400: 32.408: [GC (GCLocker Initiated GC) [PSYoungGen: 128207K->74008K(175104K)] 409285K->370482K(699392K), 0.0073228 secs] [Times: user=0.07 sys=0.00, real=0.01 secs] 
2016-09-25T23:29:12.852-0400: 32.459: [GC (GCLocker Initiated GC) [PSYoungGen: 162072K->49544K(175104K)] 464002K->375156K(699392K), 0.0078249 secs] [Times: user=0.08 sys=0.00, real=0.01 secs] 
2016-09-25T23:29:12.906-0400: 32.513: [GC (GCLocker Initiated GC) [PSYoungGen: 137608K->59285K(175104K)] 471466K->414069K(699392K), 0.0110035 secs] [Times: user=0.10 sys=0.00, real=0.01 secs] 
2016-09-25T23:29:12.963-0400: 32.570: [GC (GCLocker Initiated GC) [PSYoungGen: 147349K->72655K(175104K)] 504962K->474204K(699392K), 0.0094175 secs] [Times: user=0.14 sys=0.00, real=0.00 secs] 
2016-09-25T23:29:13.021-0400: 32.628: [GC (GCLocker Initiated GC) [PSYoungGen: 160719K->36104K(175104K)] 567850K->469518K(699392K), 0.0061136 secs] [Times: user=0.08 sys=0.01, real=0.01 secs] 
2016-09-25T23:29:13.069-0400: 32.676: [GC (GCLocker Initiated GC) [PSYoungGen: 124168K->71419K(175104K)] 561692K->520496K(699392K), 0.0079553 secs] [Times: user=0.11 sys=0.00, real=0.01 secs] 
2016-09-25T23:29:13.128-0400: 32.735: [GC (GCLocker Initiated GC) [PSYoungGen: 159483K->63141K(175104K)] 614192K->536041K(699392K), 0.0099374 secs] [Times: user=0.15 sys=0.00, real=0.01 secs] 
2016-09-25T23:29:13.138-0400: 32.745: [Full GC (Ergonomics) [PSYoungGen: 63141K->0K(175104K)] [ParOldGen: 472899K->203060K(524288K)] 536041K->203060K(699392K), [Metaspace: 43535K->43535K(1087488K)], 0.0583039 secs] [Times: user=0.60 sys=0.00, real=0.06 secs] 
2016-09-25T23:29:13.236-0400: 32.843: [GC (GCLocker Initiated GC) [PSYoungGen: 88064K->86263K(175104K)] 294060K->294959K(699392K), 0.0095556 secs] [Times: user=0.16 sys=0.00, real=0.01 secs] 
2016-09-25T23:29:13.297-0400: 32.904: [GC (GCLocker Initiated GC) [PSYoungGen: 174327K->49705K(175104K)] 392613K->301164K(699392K), 0.0081962 secs] [Times: user=0.11 sys=0.01, real=0.01 secs] 
2016-09-25T23:29:13.345-0400: 32.952: [GC (GCLocker Initiated GC) [PSYoungGen: 137769K->60521K(175104K)] 392973K->335330K(699392K), 0.0089053 secs] [Times: user=0.13 sys=0.00, real=0.01 secs] 
2016-09-25T23:29:13.398-0400: 33.005: [GC (GCLocker Initiated GC) [PSYoungGen: 148585K->51169K(175104K)] 428845K->359090K(699392K), 0.0076784 secs] [Times: user=0.11 sys=0.00, real=0.01 secs] 
2016-09-25T23:29:13.444-0400: 33.051: [GC (GCLocker Initiated GC) [PSYoungGen: 139233K->63042K(175104K)] 447211K->393383K(699392K), 0.0070227 secs] [Times: user=0.08 sys=0.00, real=0.00 secs] 
2016-09-25T23:29:13.486-0400: 33.093: [GC (GCLocker Initiated GC) [PSYoungGen: 151106K->57695K(175104K)] 485731K->425214K(699392K), 0.0085047 secs] [Times: user=0.10 sys=0.00, real=0.01 secs] 
2016-09-25T23:29:13.542-0400: 33.149: [GC (GCLocker Initiated GC) [PSYoungGen: 145759K->38578K(175104K)] 513390K->451523K(699392K), 0.0139142 secs] [Times: user=0.13 sys=0.00, real=0.02 secs] 
2016-09-25T23:29:13.595-0400: 33.202: [GC (GCLocker Initiated GC) [PSYoungGen: 126642K->54994K(175104K)] 541182K->482218K(699392K), 0.0091967 secs] [Times: user=0.09 sys=0.01, real=0.01 secs] 
2016-09-25T23:29:13.655-0400: 33.262: [GC (GCLocker Initiated GC) [PSYoungGen: 143058K->61718K(150016K)] 573037K->520802K(674304K), 0.0068706 secs] [Times: user=0.10 sys=0.00, real=0.00 secs] 
2016-09-25T23:29:13.690-0400: 33.297: [GC (GCLocker Initiated GC) [PSYoungGen: 149782K->78231K(173056K)] 609075K->573180K(697344K), 0.0213010 secs] [Times: user=0.26 sys=0.01, real=0.02 secs] 
2016-09-25T23:29:13.711-0400: 33.318: [Full GC (Ergonomics) [PSYoungGen: 78231K->0K(173056K)] [ParOldGen: 494949K->216020K(524288K)] 573180K->216020K(697344K), [Metaspace: 43535K->43535K(1087488K)], 0.0524460 secs] [Times: user=0.47 sys=0.00, real=0.06 secs] 
2016-09-25T23:29:13.810-0400: 33.417: [GC (GCLocker Initiated GC) [PSYoungGen: 87040K->76695K(174080K)] 303221K->292876K(698368K), 0.0066357 secs] [Times: user=0.10 sys=0.00, real=0.01 secs] 
2016-09-25T23:29:13.861-0400: 33.468: [GC (GCLocker Initiated GC) [PSYoungGen: 163735K->64676K(175104K)] 385426K->326160K(699392K), 0.0103421 secs] [Times: user=0.10 sys=0.00, real=0.01 secs] 
2016-09-25T23:29:13.913-0400: 33.520: [GC (GCLocker Initiated GC) [PSYoungGen: 152740K->44092K(175104K)] 422569K->333523K(699392K), 0.0077430 secs] [Times: user=0.06 sys=0.00, real=0.01 secs] 
2016-09-25T23:29:13.959-0400: 33.566: [GC (GCLocker Initiated GC) [PSYoungGen: 132156K->52142K(175104K)] 421727K->357195K(699392K), 0.0065222 secs] [Times: user=0.07 sys=0.00, real=0.01 secs] 
2016-09-25T23:29:14.002-0400: 33.609: [GC (GCLocker Initiated GC) [PSYoungGen: 140206K->67297K(175104K)] 448213K->416474K(699392K), 0.0114749 secs] [Times: user=0.14 sys=0.00, real=0.00 secs] 
2016-09-25T23:29:14.055-0400: 33.662: [GC (GCLocker Initiated GC) [PSYoungGen: 155361K->57886K(175104K)] 515518K->448387K(699392K), 0.0113039 secs] [Times: user=0.16 sys=0.00, real=0.01 secs] 
2016-09-25T23:29:14.117-0400: 33.724: [GC (GCLocker Initiated GC) [PSYoungGen: 145950K->49495K(137728K)] 541967K->466401K(662016K), 0.0087551 secs] [Times: user=0.11 sys=0.00, real=0.01 secs] 
2016-09-25T23:29:14.159-0400: 33.766: [GC (GCLocker Initiated GC) [PSYoungGen: 137559K->83507K(174080K)] 558708K->517341K(698368K), 0.0079228 secs] [Times: user=0.08 sys=0.01, real=0.01 secs] 
2016-09-25T23:29:14.212-0400: 33.819: [GC (GCLocker Initiated GC) [PSYoungGen: 171059K->45542K(174592K)] 608250K->525265K(698880K), 0.0079989 secs] [Times: user=0.10 sys=0.00, real=0.01 secs] 
2016-09-25T23:29:14.220-0400: 33.827: [Full GC (Ergonomics) [PSYoungGen: 45542K->0K(174592K)] [ParOldGen: 479722K->204414K(524288K)] 525265K->204414K(698880K), [Metaspace: 43536K->43536K(1087488K)], 0.0588373 secs] [Times: user=0.45 sys=0.02, real=0.06 secs] 
2016-09-25T23:29:14.318-0400: 33.925: [GC (GCLocker Initiated GC) [PSYoungGen: 87552K->86408K(175104K)] 294769K->293625K(699392K), 0.0138440 secs] [Times: user=0.14 sys=0.02, real=0.01 secs] 
2016-09-25T23:29:14.396-0400: 34.003: [GC (GCLocker Initiated GC) [PSYoungGen: 174472K->60449K(175104K)] 389958K->298446K(699392K), 0.0114407 secs] [Times: user=0.14 sys=0.00, real=0.01 secs] 
2016-09-25T23:29:14.443-0400: 34.050: [GC (GCLocker Initiated GC) [PSYoungGen: 148513K->75329K(175104K)] 388214K->331823K(699392K), 0.0087891 secs] [Times: user=0.09 sys=0.01, real=0.00 secs] 
2016-09-25T23:29:14.482-0400: 34.089: [GC (GCLocker Initiated GC) [PSYoungGen: 163393K->68542K(175104K)] 421408K->350146K(699392K), 0.0068100 secs] [Times: user=0.08 sys=0.01, real=0.01 secs] 
2016-09-25T23:29:14.528-0400: 34.135: [GC (GCLocker Initiated GC) [PSYoungGen: 156606K->61873K(175104K)] 443643K->377950K(699392K), 0.0136757 secs] [Times: user=0.15 sys=0.00, real=0.01 secs] 
2016-09-25T23:29:14.597-0400: 34.204: [GC (GCLocker Initiated GC) [PSYoungGen: 149937K->76655K(175104K)] 470191K->408360K(699392K), 0.0278523 secs] [Times: user=0.38 sys=0.00, real=0.03 secs] 
2016-09-25T23:29:14.669-0400: 34.276: [GC (GCLocker Initiated GC) [PSYoungGen: 164719K->64337K(175104K)] 496496K->429050K(699392K), 0.0075495 secs] [Times: user=0.09 sys=0.00, real=0.01 secs] 
2016-09-25T23:29:14.714-0400: 34.321: [GC (GCLocker Initiated GC) [PSYoungGen: 152401K->63153K(175104K)] 517233K->462254K(699392K), 0.0076748 secs] [Times: user=0.09 sys=0.00, real=0.01 secs] 
2016-09-25T23:29:14.777-0400: 34.384: [GC (GCLocker Initiated GC) [PSYoungGen: 151217K->48319K(175104K)] 555824K->488603K(699392K), 0.0112726 secs] [Times: user=0.12 sys=0.00, real=0.01 secs] 
2016-09-25T23:29:14.844-0400: 34.451: [GC (GCLocker Initiated GC) [PSYoungGen: 136383K->76869K(175104K)] 583535K->539560K(699392K), 0.0132114 secs] [Times: user=0.13 sys=0.00, real=0.01 secs] 
2016-09-25T23:29:14.894-0400: 34.501: [GC (GCLocker Initiated GC) [PSYoungGen: 164933K->67202K(175104K)] 627747K->553759K(699392K), 0.0070202 secs] [Times: user=0.09 sys=0.00, real=0.01 secs] 
2016-09-25T23:29:14.901-0400: 34.508: [Full GC (Ergonomics) [PSYoungGen: 67202K->0K(175104K)] [ParOldGen: 486557K->211874K(524288K)] 553759K->211874K(699392K), [Metaspace: 43536K->43536K(1087488K)], 0.0487411 secs] [Times: user=0.38 sys=0.01, real=0.05 secs] 
2016-09-25T23:29:15.009-0400: 34.616: [GC (GCLocker Initiated GC) [PSYoungGen: 88064K->74054K(175104K)] 300072K->286062K(699392K), 0.0104620 secs] [Times: user=0.14 sys=0.00, real=0.01 secs] 
2016-09-25T23:29:15.073-0400: 34.680: [GC (GCLocker Initiated GC) [PSYoungGen: 162118K->75497K(175104K)] 378314K->324879K(699392K), 0.0130877 secs] [Times: user=0.17 sys=0.00, real=0.02 secs] 
2016-09-25T23:29:15.132-0400: 34.739: [GC (GCLocker Initiated GC) [PSYoungGen: 163561K->57681K(175104K)] 418412K->347098K(699392K), 0.0083732 secs] [Times: user=0.09 sys=0.00, real=0.01 secs] 
2016-09-25T23:29:15.169-0400: 34.776: [GC (GCLocker Initiated GC) [PSYoungGen: 145745K->82276K(175104K)] 439338K->399332K(699392K), 0.0083786 secs] [Times: user=0.08 sys=0.00, real=0.01 secs] 
2016-09-25T23:29:15.234-0400: 34.841: [GC (GCLocker Initiated GC) [PSYoungGen: 170340K->59112K(175104K)] 491559K->397303K(699392K), 0.0169294 secs] [Times: user=0.17 sys=0.01, real=0.01 secs] 
2016-09-25T23:29:15.317-0400: 34.924: [GC (GCLocker Initiated GC) [PSYoungGen: 147176K->53755K(175104K)] 492172K->439830K(699392K), 0.0153722 secs] [Times: user=0.18 sys=0.00, real=0.01 secs] 
2016-09-25T23:29:15.377-0400: 34.984: [GC (GCLocker Initiated GC) [PSYoungGen: 141819K->53838K(175104K)] 540179K->477143K(699392K), 0.0075890 secs] [Times: user=0.07 sys=0.00, real=0.01 secs] 
2016-09-25T23:29:15.422-0400: 35.029: [GC (GCLocker Initiated GC) [PSYoungGen: 141902K->86042K(175104K)] 566812K->522480K(699392K), 0.0136587 secs] [Times: user=0.19 sys=0.00, real=0.02 secs] 
2016-09-25T23:29:15.492-0400: 35.099: [GC (GCLocker Initiated GC) [PSYoungGen: 174106K->69928K(175104K)] 621602K->555720K(699392K), 0.0122851 secs] [Times: user=0.16 sys=0.00, real=0.02 secs] 
2016-09-25T23:29:15.504-0400: 35.111: [Full GC (Ergonomics) [PSYoungGen: 69928K->0K(175104K)] [ParOldGen: 485792K->220643K(524288K)] 555720K->220643K(699392K), [Metaspace: 43536K->43536K(1087488K)], 0.0710055 secs] [Times: user=0.66 sys=0.00, real=0.07 secs] 
2016-09-25T23:29:15.616-0400: 35.223: [GC (GCLocker Initiated GC) [PSYoungGen: 88064K->66192K(175104K)] 323872K->302001K(699392K), 0.0058713 secs] [Times: user=0.07 sys=0.00, real=0.00 secs] 
2016-09-25T23:29:15.653-0400: 35.260: [GC (GCLocker Initiated GC) [PSYoungGen: 154256K->54864K(175104K)] 390255K->309316K(699392K), 0.0068082 secs] [Times: user=0.08 sys=0.00, real=0.01 secs] 
2016-09-25T23:29:15.729-0400: 35.336: [GC (GCLocker Initiated GC) [PSYoungGen: 142928K->66077K(175104K)] 404384K->361720K(699392K), 0.0139563 secs] [Times: user=0.16 sys=0.00, real=0.02 secs] 
2016-09-25T23:29:15.785-0400: 35.392: [GC (GCLocker Initiated GC) [PSYoungGen: 154141K->65834K(175104K)] 449970K->404224K(699392K), 0.0130687 secs] [Times: user=0.17 sys=0.00, real=0.01 secs] 
2016-09-25T23:29:15.840-0400: 35.447: [GC (GCLocker Initiated GC) [PSYoungGen: 153898K->61775K(173056K)] 495205K->441488K(697344K), 0.0103501 secs] [Times: user=0.12 sys=0.01, real=0.01 secs] 
2016-09-25T23:29:15.883-0400: 35.490: [GC (GCLocker Initiated GC) [PSYoungGen: 149839K->57829K(174080K)] 539139K->488235K(698368K), 0.0081497 secs] [Times: user=0.12 sys=0.00, real=0.00 secs] 
2016-09-25T23:29:15.934-0400: 35.541: [GC (GCLocker Initiated GC) [PSYoungGen: 145893K->61796K(172544K)] 588580K->518633K(696832K), 0.0233962 secs] [Times: user=0.33 sys=0.00, real=0.02 secs] 
2016-09-25T23:29:16.006-0400: 35.613: [Full GC (Ergonomics) [PSYoungGen: 152420K->0K(172544K)] [ParOldGen: 470492K->208833K(524288K)] 622912K->208833K(696832K), [Metaspace: 43536K->43536K(1087488K)], 0.1618443 secs] [Times: user=2.06 sys=0.02, real=0.16 secs] 
2016-09-25T23:29:16.208-0400: 35.815: [GC (GCLocker Initiated GC) [PSYoungGen: 90624K->83806K(174592K)] 302232K->306215K(698880K), 0.0093144 secs] [Times: user=0.12 sys=0.01, real=0.01 secs] 
2016-09-25T23:29:16.263-0400: 35.870: [GC (GCLocker Initiated GC) [PSYoungGen: 174430K->70039K(175104K)] 402396K->308321K(699392K), 0.0081489 secs] [Times: user=0.09 sys=0.00, real=0.00 secs] 
2016-09-25T23:29:16.311-0400: 35.918: [GC (GCLocker Initiated GC) [PSYoungGen: 158103K->65750K(154112K)] 401939K->360262K(678400K), 0.0091010 secs] [Times: user=0.11 sys=0.00, real=0.01 secs] 
2016-09-25T23:29:16.366-0400: 35.973: [GC (Allocation Failure) [PSYoungGen: 153814K->55243K(174080K)] 455092K->385342K(698368K), 0.0097043 secs] [Times: user=0.14 sys=0.00, real=0.01 secs] 
2016-09-25T23:29:16.406-0400: 36.013: [GC (GCLocker Initiated GC) [PSYoungGen: 142827K->65807K(174080K)] 475625K->435803K(698368K), 0.0097901 secs] [Times: user=0.14 sys=0.00, real=0.01 secs] 
2016-09-25T23:29:16.463-0400: 36.070: [GC (GCLocker Initiated GC) [PSYoungGen: 153871K->72547K(174080K)] 525249K->468736K(698368K), 0.0078622 secs] [Times: user=0.11 sys=0.00, real=0.00 secs] 
2016-09-25T23:29:16.509-0400: 36.116: [GC (GCLocker Initiated GC) [PSYoungGen: 162147K->71425K(174592K)] 558507K->498051K(698880K), 0.0088686 secs] [Times: user=0.14 sys=0.00, real=0.01 secs] 
2016-09-25T23:29:16.564-0400: 36.171: [GC (GCLocker Initiated GC) [PSYoungGen: 161025K->64569K(174080K)] 590503K->536561K(698368K), 0.0083915 secs] [Times: user=0.12 sys=0.00, real=0.00 secs] 
2016-09-25T23:29:16.573-0400: 36.180: [Full GC (Ergonomics) [PSYoungGen: 64569K->0K(174080K)] [ParOldGen: 471991K->216939K(524288K)] 536561K->216939K(698368K), [Metaspace: 43656K->43656K(1087488K)], 0.0555198 secs] [Times: user=0.53 sys=0.00, real=0.06 secs] 
2016-09-25T23:29:16.669-0400: 36.276: [GC (GCLocker Initiated GC) [PSYoungGen: 92160K->82457K(175104K)] 314644K->307641K(699392K), 0.0105331 secs] [Times: user=0.14 sys=0.01, real=0.01 secs] 
2016-09-25T23:29:16.724-0400: 36.331: [GC (GCLocker Initiated GC) [PSYoungGen: 174617K->52211K(175104K)] 409181K->302582K(699392K), 0.0069693 secs] [Times: user=0.07 sys=0.00, real=0.00 secs] 
2016-09-25T23:29:16.765-0400: 36.372: [GC (GCLocker Initiated GC) [PSYoungGen: 140275K->69810K(175104K)] 393850K->352298K(699392K), 0.0084238 secs] [Times: user=0.13 sys=0.01, real=0.00 secs] 
2016-09-25T23:29:16.814-0400: 36.421: [GC (GCLocker Initiated GC) [PSYoungGen: 157874K->64506K(173056K)] 446613K->388805K(697344K), 0.0073360 secs] [Times: user=0.11 sys=0.00, real=0.01 secs] 
2016-09-25T23:29:16.856-0400: 36.463: [GC (GCLocker Initiated GC) [PSYoungGen: 152570K->55007K(174080K)] 482325K->424521K(698368K), 0.0080796 secs] [Times: user=0.10 sys=0.00, real=0.01 secs] 
2016-09-25T23:29:16.909-0400: 36.516: [GC (GCLocker Initiated GC) [PSYoungGen: 143071K->79376K(174080K)] 512679K->468367K(698368K), 0.0098650 secs] [Times: user=0.14 sys=0.00, real=0.01 secs] 
2016-09-25T23:29:16.954-0400: 36.561: [GC (GCLocker Initiated GC) [PSYoungGen: 167440K->69941K(175104K)] 556574K->502934K(699392K), 0.0108930 secs] [Times: user=0.17 sys=0.00, real=0.02 secs] 
2016-09-25T23:29:17.010-0400: 36.617: [GC (GCLocker Initiated GC) [PSYoungGen: 158005K->36165K(175104K)] 595139K->521184K(699392K), 0.0099422 secs] [Times: user=0.08 sys=0.00, real=0.01 secs] 
2016-09-25T23:29:17.020-0400: 36.627: [Full GC (Ergonomics) [PSYoungGen: 36165K->0K(175104K)] [ParOldGen: 485019K->211647K(524288K)] 521184K->211647K(699392K), [Metaspace: 43657K->43657K(1087488K)], 0.0497778 secs] [Times: user=0.38 sys=0.01, real=0.05 secs] 
2016-09-25T23:29:17.112-0400: 36.719: [GC (GCLocker Initiated GC) [PSYoungGen: 88064K->77034K(175104K)] 311995K->300966K(699392K), 0.0101226 secs] [Times: user=0.14 sys=0.00, real=0.02 secs] 
2016-09-25T23:29:17.164-0400: 36.771: [GC (GCLocker Initiated GC) [PSYoungGen: 165098K->60399K(175104K)] 389209K->313867K(699392K), 0.0064628 secs] [Times: user=0.09 sys=0.00, real=0.00 secs] 
2016-09-25T23:29:17.209-0400: 36.816: [GC (GCLocker Initiated GC) [PSYoungGen: 148463K->80972K(175104K)] 407537K->352750K(699392K), 0.0079806 secs] [Times: user=0.10 sys=0.01, real=0.01 secs] 
2016-09-25T23:29:17.253-0400: 36.860: [GC (GCLocker Initiated GC) [PSYoungGen: 169036K->46654K(175104K)] 444979K->342319K(699392K), 0.0070977 secs] [Times: user=0.06 sys=0.00, real=0.01 secs] 
2016-09-25T23:29:17.293-0400: 36.901: [GC (GCLocker Initiated GC) [PSYoungGen: 134718K->67180K(175104K)] 433232K->394607K(699392K), 0.0106956 secs] [Times: user=0.10 sys=0.00, real=0.02 secs] 
2016-09-25T23:29:17.350-0400: 36.957: [GC (GCLocker Initiated GC) [PSYoungGen: 155244K->61796K(175104K)] 488218K->431922K(699392K), 0.0069782 secs] [Times: user=0.10 sys=0.00, real=0.01 secs] 
2016-09-25T23:29:17.389-0400: 36.996: [GC (GCLocker Initiated GC) [PSYoungGen: 149860K->79551K(175104K)] 525503K->481418K(699392K), 0.0081295 secs] [Times: user=0.08 sys=0.00, real=0.01 secs] 
2016-09-25T23:29:17.448-0400: 37.055: [GC (GCLocker Initiated GC) [PSYoungGen: 167615K->53610K(175104K)] 572244K->483262K(699392K), 0.0078587 secs] [Times: user=0.07 sys=0.00, real=0.01 secs] 
2016-09-25T23:29:17.492-0400: 37.099: [GC (GCLocker Initiated GC) [PSYoungGen: 141674K->65912K(175104K)] 574142K->513778K(699392K), 0.0090019 secs] [Times: user=0.07 sys=0.00, real=0.01 secs] 
2016-09-25T23:29:17.544-0400: 37.151: [GC (GCLocker Initiated GC) [PSYoungGen: 153976K->61752K(175104K)] 603351K->532049K(699392K), 0.0161780 secs] [Times: user=0.15 sys=0.00, real=0.01 secs] 
2016-09-25T23:29:17.606-0400: 37.213: [Full GC (Ergonomics) [PSYoungGen: 149816K->0K(175104K)] [ParOldGen: 483951K->218245K(524288K)] 633768K->218245K(699392K), [Metaspace: 43657K->43657K(1087488K)], 0.0705402 secs] [Times: user=0.49 sys=0.00, real=0.07 secs] 
2016-09-25T23:29:17.709-0400: 37.316: [GC (GCLocker Initiated GC) [PSYoungGen: 88064K->76995K(175104K)] 307684K->296623K(699392K), 0.0074198 secs] [Times: user=0.10 sys=0.00, real=0.01 secs] 
2016-09-25T23:29:17.757-0400: 37.364: [GC (GCLocker Initiated GC) [PSYoungGen: 165059K->60311K(175104K)] 387516K->305282K(699392K), 0.0065639 secs] [Times: user=0.08 sys=0.00, real=0.01 secs] 
2016-09-25T23:29:17.807-0400: 37.414: [GC (GCLocker Initiated GC) [PSYoungGen: 148375K->71377K(175104K)] 398810K->346551K(699392K), 0.0082855 secs] [Times: user=0.10 sys=0.01, real=0.01 secs] 
2016-09-25T23:29:17.857-0400: 37.464: [GC (GCLocker Initiated GC) [PSYoungGen: 159441K->72666K(175104K)] 444276K->367640K(699392K), 0.0066376 secs] [Times: user=0.09 sys=0.00, real=0.01 secs] 
2016-09-25T23:29:17.910-0400: 37.517: [GC (GCLocker Initiated GC) [PSYoungGen: 160730K->52427K(175104K)] 462996K->372984K(699392K), 0.0123676 secs] [Times: user=0.15 sys=0.00, real=0.02 secs] 
2016-09-25T23:29:17.965-0400: 37.572: [GC (GCLocker Initiated GC) [PSYoungGen: 140491K->58920K(175104K)] 461099K->435570K(699392K), 0.0085643 secs] [Times: user=0.12 sys=0.00, real=0.00 secs] 
2016-09-25T23:29:18.021-0400: 37.628: [GC (GCLocker Initiated GC) [PSYoungGen: 146984K->74273K(175104K)] 525257K->478635K(699392K), 0.0098325 secs] [Times: user=0.14 sys=0.00, real=0.01 secs] 
2016-09-25T23:29:18.083-0400: 37.690: [GC (GCLocker Initiated GC) [PSYoungGen: 162337K->53680K(175104K)] 580296K->504888K(699392K), 0.0093362 secs] [Times: user=0.12 sys=0.00, real=0.00 secs] 
2016-09-25T23:29:18.134-0400: 37.741: [GC (GCLocker Initiated GC) [PSYoungGen: 141744K->60618K(175104K)] 594535K->542373K(699392K), 0.0085624 secs] [Times: user=0.10 sys=0.00, real=0.02 secs] 
2016-09-25T23:29:18.143-0400: 37.750: [Full GC (Ergonomics) [PSYoungGen: 60618K->0K(175104K)] [ParOldGen: 481755K->218898K(524288K)] 542373K->218898K(699392K), [Metaspace: 43657K->43657K(1087488K)], 0.0674930 secs] [Times: user=0.46 sys=0.03, real=0.06 secs] 
2016-09-25T23:29:18.253-0400: 37.860: [GC (GCLocker Initiated GC) [PSYoungGen: 88064K->72777K(175104K)] 312532K->297246K(699392K), 0.0102295 secs] [Times: user=0.11 sys=0.00, real=0.02 secs] 
2016-09-25T23:29:18.311-0400: 37.918: [GC (GCLocker Initiated GC) [PSYoungGen: 160841K->74108K(175104K)] 390963K->321258K(699392K), 0.0095450 secs] [Times: user=0.13 sys=0.01, real=0.01 secs] 
2016-09-25T23:29:18.368-0400: 37.975: [GC (GCLocker Initiated GC) [PSYoungGen: 162172K->64559K(175104K)] 412194K->359918K(699392K), 0.0108110 secs] [Times: user=0.12 sys=0.01, real=0.01 secs] 
2016-09-25T23:29:18.427-0400: 38.034: [GC (GCLocker Initiated GC) [PSYoungGen: 152623K->71278K(175104K)] 452173K->394415K(699392K), 0.0080286 secs] [Times: user=0.11 sys=0.00, real=0.01 secs] 
2016-09-25T23:29:18.481-0400: 38.088: [GC (GCLocker Initiated GC) [PSYoungGen: 159342K->59041K(174080K)] 489437K->427554K(698368K), 0.0111260 secs] [Times: user=0.15 sys=0.01, real=0.01 secs] 
2016-09-25T23:29:18.530-0400: 38.137: [GC (GCLocker Initiated GC) [PSYoungGen: 147105K->74135K(174592K)] 518490K->470327K(698880K), 0.0107388 secs] [Times: user=0.15 sys=0.00, real=0.01 secs] 
2016-09-25T23:29:18.590-0400: 38.197: [GC (GCLocker Initiated GC) [PSYoungGen: 162199K->59130K(175104K)] 565292K->481898K(699392K), 0.0077020 secs] [Times: user=0.10 sys=0.00, real=0.01 secs] 
2016-09-25T23:29:18.627-0400: 38.234: [GC (GCLocker Initiated GC) [PSYoungGen: 147706K->69965K(175104K)] 573286K->528602K(699392K), 0.0087194 secs] [Times: user=0.10 sys=0.01, real=0.01 secs] 
2016-09-25T23:29:18.683-0400: 38.290: [GC (GCLocker Initiated GC) [PSYoungGen: 158541K->79433K(174080K)] 624113K->569936K(698368K), 0.0114836 secs] [Times: user=0.12 sys=0.00, real=0.01 secs] 
2016-09-25T23:29:18.695-0400: 38.302: [Full GC (Ergonomics) [PSYoungGen: 79433K->0K(174080K)] [ParOldGen: 490503K->226435K(524288K)] 569936K->226435K(698368K), [Metaspace: 43657K->43657K(1087488K)], 0.0513034 secs] [Times: user=0.36 sys=0.01, real=0.05 secs] 
2016-09-25T23:29:18.794-0400: 38.401: [GC (GCLocker Initiated GC) [PSYoungGen: 88064K->65900K(175104K)] 324058K->301895K(699392K), 0.0063154 secs] [Times: user=0.10 sys=0.00, real=0.00 secs] 
2016-09-25T23:29:18.837-0400: 38.444: [GC (GCLocker Initiated GC) [PSYoungGen: 153964K->64529K(172032K)] 390137K->336494K(696320K), 0.0079685 secs] [Times: user=0.11 sys=0.00, real=0.01 secs] 
2016-09-25T23:29:18.887-0400: 38.494: [GC (GCLocker Initiated GC) [PSYoungGen: 152593K->56523K(173568K)] 435406K->369695K(697856K), 0.0077727 secs] [Times: user=0.11 sys=0.00, real=0.01 secs] 
2016-09-25T23:29:18.936-0400: 38.543: [GC (GCLocker Initiated GC) [PSYoungGen: 144587K->67236K(173568K)] 458475K->391287K(697856K), 0.0066846 secs] [Times: user=0.08 sys=0.00, real=0.01 secs] 
2016-09-25T23:29:18.976-0400: 38.583: [GC (GCLocker Initiated GC) [PSYoungGen: 158372K->82186K(175104K)] 489171K->456919K(699392K), 0.0128955 secs] [Times: user=0.20 sys=0.00, real=0.01 secs] 
2016-09-25T23:29:19.037-0400: 38.644: [GC (GCLocker Initiated GC) [PSYoungGen: 173322K->60351K(175104K)] 556306K->480491K(699392K), 0.0104754 secs] [Times: user=0.17 sys=0.00, real=0.01 secs] 
2016-09-25T23:29:19.088-0400: 38.695: [GC (GCLocker Initiated GC) [PSYoungGen: 148415K->61832K(150016K)] 571462K->513720K(674304K), 0.0082003 secs] [Times: user=0.13 sys=0.00, real=0.01 secs] 
2016-09-25T23:29:19.127-0400: 38.734: [GC (GCLocker Initiated GC) [PSYoungGen: 149896K->60499K(175616K)] 601919K->537416K(699904K), 0.0080447 secs] [Times: user=0.10 sys=0.00, real=0.01 secs] 
2016-09-25T23:29:19.136-0400: 38.743: [Full GC (Ergonomics) [PSYoungGen: 60499K->0K(175616K)] [ParOldGen: 476916K->227769K(524288K)] 537416K->227769K(699904K), [Metaspace: 43664K->43664K(1087488K)], 0.0645964 secs] [Times: user=0.47 sys=0.00, real=0.06 secs] 
2016-09-25T23:29:19.249-0400: 38.856: [GC (GCLocker Initiated GC) [PSYoungGen: 89088K->85089K(174592K)] 319787K->321189K(698880K), 0.0131509 secs] [Times: user=0.17 sys=0.00, real=0.02 secs] 
2016-09-25T23:29:19.308-0400: 38.915: [GC (GCLocker Initiated GC) [PSYoungGen: 174177K->80809K(175104K)] 415909K->336922K(699392K), 0.0076511 secs] [Times: user=0.11 sys=0.01, real=0.01 secs] 
2016-09-25T23:29:19.347-0400: 38.954: [GC (GCLocker Initiated GC) [PSYoungGen: 168873K->68562K(175104K)] 427802K->356613K(699392K), 0.0087975 secs] [Times: user=0.11 sys=0.01, real=0.01 secs] 
2016-09-25T23:29:19.394-0400: 39.001: [GC (GCLocker Initiated GC) [PSYoungGen: 156626K->51153K(175104K)] 462487K->396778K(699392K), 0.0073903 secs] [Times: user=0.09 sys=0.01, real=0.00 secs] 
2016-09-25T23:29:19.441-0400: 39.048: [GC (GCLocker Initiated GC) [PSYoungGen: 139217K->68474K(175104K)] 484969K->433785K(699392K), 0.0075961 secs] [Times: user=0.11 sys=0.00, real=0.01 secs] 
2016-09-25T23:29:19.479-0400: 39.086: [GC (GCLocker Initiated GC) [PSYoungGen: 156538K->67350K(175104K)] 527436K->473850K(699392K), 0.0082693 secs] [Times: user=0.12 sys=0.00, real=0.01 secs] 
2016-09-25T23:29:19.544-0400: 39.151: [GC (GCLocker Initiated GC) [PSYoungGen: 155414K->53546K(175104K)] 562174K->478613K(699392K), 0.0108120 secs] [Times: user=0.14 sys=0.00, real=0.01 secs] 
2016-09-25T23:29:19.607-0400: 39.214: [GC (GCLocker Initiated GC) [PSYoungGen: 141610K->63239K(173056K)] 566849K->529418K(697344K), 0.0112769 secs] [Times: user=0.16 sys=0.01, real=0.01 secs] 
2016-09-25T23:29:19.664-0400: 39.271: [Full GC (Ergonomics) [PSYoungGen: 151303K->0K(173056K)] [ParOldGen: 469072K->228164K(524288K)] 620375K->228164K(697344K), [Metaspace: 43669K->43669K(1087488K)], 0.0536251 secs] [Times: user=0.43 sys=0.01, real=0.05 secs] 
2016-09-25T23:29:19.761-0400: 39.368: [GC (GCLocker Initiated GC) [PSYoungGen: 88064K->83665K(174080K)] 316264K->325365K(698368K), 0.0122248 secs] [Times: user=0.17 sys=0.00, real=0.01 secs] 
2016-09-25T23:29:19.837-0400: 39.444: [GC (GCLocker Initiated GC) [PSYoungGen: 171729K->74156K(175104K)] 420433K->337163K(699392K), 0.0115931 secs] [Times: user=0.13 sys=0.00, real=0.01 secs] 
2016-09-25T23:29:19.896-0400: 39.503: [GC (GCLocker Initiated GC) [PSYoungGen: 162220K->49414K(175104K)] 429393K->357892K(699392K), 0.0074025 secs] [Times: user=0.11 sys=0.00, real=0.01 secs] 
2016-09-25T23:29:19.928-0400: 39.535: [GC (GCLocker Initiated GC) [PSYoungGen: 137478K->86359K(175104K)] 448868K->427872K(699392K), 0.0089943 secs] [Times: user=0.13 sys=0.00, real=0.01 secs] 
2016-09-25T23:29:19.989-0400: 39.596: [GC (GCLocker Initiated GC) [PSYoungGen: 174423K->42707K(175104K)] 515997K->413379K(699392K), 0.0092456 secs] [Times: user=0.08 sys=0.00, real=0.01 secs] 
2016-09-25T23:29:20.041-0400: 39.648: [GC (GCLocker Initiated GC) [PSYoungGen: 130771K->61925K(175104K)] 504211K->485861K(699392K), 0.0138867 secs] [Times: user=0.17 sys=0.00, real=0.02 secs] 
2016-09-25T23:29:20.109-0400: 39.716: [GC (GCLocker Initiated GC) [PSYoungGen: 149989K->59200K(175104K)] 576738K->512266K(699392K), 0.0083066 secs] [Times: user=0.08 sys=0.00, real=0.01 secs] 
2016-09-25T23:29:20.151-0400: 39.758: [GC (GCLocker Initiated GC) [PSYoungGen: 147264K->75456K(175104K)] 600446K->553627K(699392K), 0.0080427 secs] [Times: user=0.11 sys=0.00, real=0.01 secs] 
2016-09-25T23:29:20.159-0400: 39.766: [Full GC (Ergonomics) [PSYoungGen: 75456K->0K(175104K)] [ParOldGen: 478171K->230689K(524288K)] 553627K->230689K(699392K), [Metaspace: 43671K->43671K(1087488K)], 0.0692051 secs] [Times: user=0.43 sys=0.01, real=0.07 secs] 
2016-09-25T23:29:20.286-0400: 39.893: [GC (GCLocker Initiated GC) [PSYoungGen: 88064K->85122K(175104K)] 324174K->321233K(699392K), 0.0114160 secs] [Times: user=0.14 sys=0.00, real=0.01 secs] 
2016-09-25T23:29:20.347-0400: 39.954: [GC (GCLocker Initiated GC) [PSYoungGen: 173186K->61887K(175104K)] 415002K->323561K(699392K), 0.0070084 secs] [Times: user=0.08 sys=0.02, real=0.00 secs] 
2016-09-25T23:29:20.385-0400: 39.992: [GC (GCLocker Initiated GC) [PSYoungGen: 149951K->79291K(175104K)] 414384K->361911K(699392K), 0.0080242 secs] [Times: user=0.11 sys=0.00, real=0.00 secs] 
2016-09-25T23:29:20.426-0400: 40.033: [GC (GCLocker Initiated GC) [PSYoungGen: 167355K->63182K(175104K)] 450190K->369430K(699392K), 0.0113313 secs] [Times: user=0.14 sys=0.02, real=0.01 secs] 
2016-09-25T23:29:20.496-0400: 40.103: [GC (GCLocker Initiated GC) [PSYoungGen: 151246K->59151K(175104K)] 462952K->395807K(699392K), 0.0137699 secs] [Times: user=0.17 sys=0.01, real=0.01 secs] 
2016-09-25T23:29:20.568-0400: 40.175: [GC (GCLocker Initiated GC) [PSYoungGen: 147215K->75277K(175104K)] 489406K->428909K(699392K), 0.0066607 secs] [Times: user=0.09 sys=0.00, real=0.01 secs] 
2016-09-25T23:29:20.613-0400: 40.220: [GC (GCLocker Initiated GC) [PSYoungGen: 163341K->52292K(175104K)] 522458K->433560K(699392K), 0.0071461 secs] [Times: user=0.10 sys=0.00, real=0.01 secs] 
2016-09-25T23:29:20.776-0400: 40.383: [GC (Allocation Failure) [PSYoungGen: 140356K->48274K(175104K)] 521649K->455737K(699392K), 2.2652337 secs] [Times: user=0.09 sys=0.00, real=2.26 secs] 
2016-09-25T23:29:23.079-0400: 42.686: [GC (GCLocker Initiated GC) [PSYoungGen: 135862K->82303K(175104K)] 547376K->526980K(699392K), 0.0117076 secs] [Times: user=0.13 sys=0.00, real=0.01 secs] 
2016-09-25T23:29:23.139-0400: 42.746: [GC (GCLocker Initiated GC) [PSYoungGen: 170367K->52106K(175104K)] 615174K->526014K(699392K), 0.0085091 secs] [Times: user=0.08 sys=0.00, real=0.01 secs] 
2016-09-25T23:29:23.191-0400: 42.798: [GC (GCLocker Initiated GC) [PSYoungGen: 140170K->70148K(175104K)] 616842K->563434K(699392K), 0.0118920 secs] [Times: user=0.16 sys=0.00, real=0.02 secs] 
2016-09-25T23:29:23.203-0400: 42.810: [Full GC (Ergonomics) [PSYoungGen: 70148K->0K(175104K)] [ParOldGen: 493285K->234319K(524288K)] 563434K->234319K(699392K), [Metaspace: 43690K->43690K(1087488K)], 0.0583942 secs] [Times: user=0.47 sys=0.00, real=0.05 secs] 
2016-09-25T23:29:23.310-0400: 42.917: [GC (GCLocker Initiated GC) [PSYoungGen: 88064K->79592K(175104K)] 327928K->319456K(699392K), 0.0095104 secs] [Times: user=0.13 sys=0.00, real=0.01 secs] 
2016-09-25T23:29:23.358-0400: 42.965: [GC (GCLocker Initiated GC) [PSYoungGen: 167656K->57723K(175104K)] 410290K->334951K(699392K), 0.0129170 secs] [Times: user=0.17 sys=0.01, real=0.01 secs] 
2016-09-25T23:29:23.415-0400: 43.022: [GC (GCLocker Initiated GC) [PSYoungGen: 145787K->64595K(175104K)] 431360K->380479K(699392K), 0.0079404 secs] [Times: user=0.11 sys=0.00, real=0.01 secs] 
2016-09-25T23:29:23.475-0400: 43.083: [GC (GCLocker Initiated GC) [PSYoungGen: 152659K->46923K(175104K)] 475555K->392117K(699392K), 0.0071125 secs] [Times: user=0.10 sys=0.01, real=0.01 secs] 
2016-09-25T23:29:23.520-0400: 43.127: [GC (GCLocker Initiated GC) [PSYoungGen: 134987K->84800K(175104K)] 485842K->456561K(699392K), 0.0079606 secs] [Times: user=0.12 sys=0.00, real=0.01 secs] 
2016-09-25T23:29:23.577-0400: 43.184: [GC (GCLocker Initiated GC) [PSYoungGen: 172864K->57659K(175104K)] 544906K->455932K(699392K), 0.0105350 secs] [Times: user=0.12 sys=0.01, real=0.01 secs] 
2016-09-25T23:29:23.610-0400: 43.217: [GC (GCLocker Initiated GC) [PSYoungGen: 145723K->61901K(175104K)] 544182K->501468K(699392K), 0.0079218 secs] [Times: user=0.12 sys=0.01, real=0.01 secs] 
2016-09-25T23:29:23.663-0400: 43.270: [GC (GCLocker Initiated GC) [PSYoungGen: 149965K->53673K(175104K)] 595139K->545415K(699392K), 0.0107772 secs] [Times: user=0.16 sys=0.01, real=0.00 secs] 
2016-09-25T23:29:23.674-0400: 43.281: [Full GC (Ergonomics) [PSYoungGen: 53673K->0K(175104K)] [ParOldGen: 491741K->242314K(524288K)] 545415K->242314K(699392K), [Metaspace: 43690K->43690K(1087488K)], 0.0635517 secs] [Times: user=0.47 sys=0.00, real=0.07 secs] 
2016-09-25T23:29:23.778-0400: 43.385: [GC (GCLocker Initiated GC) [PSYoungGen: 88064K->80866K(175104K)] 330496K->323298K(699392K), 0.0099007 secs] [Times: user=0.12 sys=0.00, real=0.01 secs] 
2016-09-25T23:29:23.826-0400: 43.433: [GC (GCLocker Initiated GC) [PSYoungGen: 168930K->84954K(175104K)] 418198K->363308K(699392K), 0.0111803 secs] [Times: user=0.15 sys=0.00, real=0.01 secs] 
2016-09-25T23:29:23.886-0400: 43.493: [GC (GCLocker Initiated GC) [PSYoungGen: 173018K->60123K(175104K)] 454330K->358345K(699392K), 0.0106624 secs] [Times: user=0.10 sys=0.00, real=0.01 secs] 
2016-09-25T23:29:23.928-0400: 43.535: [GC (GCLocker Initiated GC) [PSYoungGen: 148186K->70046K(175104K)] 449371K->397373K(699392K), 0.0110583 secs] [Times: user=0.16 sys=0.00, real=0.01 secs] 
2016-09-25T23:29:23.991-0400: 43.598: [GC (GCLocker Initiated GC) [PSYoungGen: 158110K->56245K(175104K)] 486938K->419480K(699392K), 0.0108743 secs] [Times: user=0.10 sys=0.01, real=0.01 secs] 
2016-09-25T23:29:24.035-0400: 43.642: [GC (GCLocker Initiated GC) [PSYoungGen: 144309K->82337K(175104K)] 517068K->477151K(699392K), 0.0160437 secs] [Times: user=0.19 sys=0.00, real=0.01 secs] 
2016-09-25T23:29:24.096-0400: 43.703: [GC (GCLocker Initiated GC) [PSYoungGen: 170401K->71389K(175104K)] 583244K->501153K(699392K), 0.0072878 secs] [Times: user=0.10 sys=0.00, real=0.01 secs] 
2016-09-25T23:29:24.147-0400: 43.754: [GC (GCLocker Initiated GC) [PSYoungGen: 159453K->67045K(175104K)] 592113K->535486K(699392K), 0.0110977 secs] [Times: user=0.16 sys=0.00, real=0.01 secs] 
2016-09-25T23:29:24.192-0400: 43.799: [GC (GCLocker Initiated GC) [PSYoungGen: 155109K->73878K(175104K)] 623603K->579293K(699392K), 0.0084190 secs] [Times: user=0.13 sys=0.00, real=0.01 secs] 
2016-09-25T23:29:24.201-0400: 43.808: [Full GC (Ergonomics) [PSYoungGen: 73878K->0K(175104K)] [ParOldGen: 505415K->247896K(524288K)] 579293K->247896K(699392K), [Metaspace: 43690K->43690K(1087488K)], 0.0614317 secs] [Times: user=0.45 sys=0.01, real=0.07 secs] 
2016-09-25T23:29:24.301-0400: 43.908: [GC (GCLocker Initiated GC) [PSYoungGen: 88064K->85273K(175104K)] 355110K->352319K(699392K), 0.0097872 secs] [Times: user=0.11 sys=0.00, real=0.01 secs] 
2016-09-25T23:29:24.367-0400: 43.974: [GC (GCLocker Initiated GC) [PSYoungGen: 173337K->53641K(175104K)] 443216K->336699K(699392K), 0.0071480 secs] [Times: user=0.08 sys=0.00, real=0.01 secs] 
2016-09-25T23:29:24.406-0400: 44.013: [GC (GCLocker Initiated GC) [PSYoungGen: 141705K->84684K(175104K)] 427579K->384597K(699392K), 0.0171047 secs] [Times: user=0.18 sys=0.00, real=0.02 secs] 
2016-09-25T23:29:24.476-0400: 44.083: [GC (GCLocker Initiated GC) [PSYoungGen: 172748K->48273K(175104K)] 478180K->408244K(699392K), 0.0075389 secs] [Times: user=0.10 sys=0.00, real=0.01 secs] 
2016-09-25T23:29:24.517-0400: 44.124: [GC (GCLocker Initiated GC) [PSYoungGen: 136337K->86320K(175104K)] 497219K->457200K(699392K), 0.0096846 secs] [Times: user=0.08 sys=0.00, real=0.01 secs] 
2016-09-25T23:29:24.564-0400: 44.171: [GC (GCLocker Initiated GC) [PSYoungGen: 174384K->41363K(175104K)] 545300K->445429K(699392K), 0.0074504 secs] [Times: user=0.07 sys=0.00, real=0.00 secs] 
2016-09-25T23:29:24.604-0400: 44.211: [GC (GCLocker Initiated GC) [PSYoungGen: 129427K->65896K(175104K)] 536294K->488161K(699392K), 0.0128005 secs] [Times: user=0.12 sys=0.00, real=0.01 secs] 
2016-09-25T23:29:24.652-0400: 44.259: [GC (GCLocker Initiated GC) [PSYoungGen: 153960K->65930K(175104K)] 579064K->529602K(699392K), 0.0114542 secs] [Times: user=0.17 sys=0.01, real=0.02 secs] 
2016-09-25T23:29:24.701-0400: 44.308: [Full GC (Ergonomics) [PSYoungGen: 153994K->0K(175104K)] [ParOldGen: 467007K->238490K(524288K)] 621001K->238490K(699392K), [Metaspace: 43690K->43690K(1087488K)], 0.0599165 secs] [Times: user=0.46 sys=0.00, real=0.06 secs] 
2016-09-25T23:29:24.790-0400: 44.397: [GC (GCLocker Initiated GC) [PSYoungGen: 88064K->85018K(175104K)] 327955K->324909K(699392K), 0.0074368 secs] [Times: user=0.11 sys=0.00, real=0.01 secs] 
2016-09-25T23:29:24.844-0400: 44.451: [GC (GCLocker Initiated GC) [PSYoungGen: 173082K->45450K(175104K)] 419942K->314721K(699392K), 0.0108860 secs] [Times: user=0.10 sys=0.00, real=0.01 secs] 
2016-09-25T23:29:24.884-0400: 44.491: [GC (GCLocker Initiated GC) [PSYoungGen: 133514K->60288K(175104K)] 402875K->351909K(699392K), 0.0108468 secs] [Times: user=0.09 sys=0.01, real=0.01 secs] 
2016-09-25T23:29:24.943-0400: 44.550: [GC (GCLocker Initiated GC) [PSYoungGen: 148351K->57676K(175104K)] 451032K->389255K(699392K), 0.0102572 secs] [Times: user=0.16 sys=0.00, real=0.00 secs] 
2016-09-25T23:29:24.988-0400: 44.595: [GC (GCLocker Initiated GC) [PSYoungGen: 145740K->79445K(175104K)] 480125K->426472K(699392K), 0.0076647 secs] [Times: user=0.11 sys=0.00, real=0.01 secs] 
2016-09-25T23:29:25.033-0400: 44.640: [GC (GCLocker Initiated GC) [PSYoungGen: 167509K->67146K(175104K)] 517420K->429893K(699392K), 0.0069947 secs] [Times: user=0.10 sys=0.00, real=0.01 secs] 
2016-09-25T23:29:25.081-0400: 44.688: [GC (GCLocker Initiated GC) [PSYoungGen: 155210K->49714K(175104K)] 522114K->460306K(699392K), 0.0087474 secs] [Times: user=0.09 sys=0.00, real=0.01 secs] 
2016-09-25T23:29:25.121-0400: 44.728: [GC (GCLocker Initiated GC) [PSYoungGen: 137778K->78043K(175104K)] 548599K->517820K(699392K), 0.0119098 secs] [Times: user=0.13 sys=0.01, real=0.01 secs] 
2016-09-25T23:29:25.177-0400: 44.784: [GC (GCLocker Initiated GC) [PSYoungGen: 166107K->52266K(175104K)] 614210K->536062K(699392K), 0.0102849 secs] [Times: user=0.11 sys=0.01, real=0.01 secs] 
2016-09-25T23:29:25.187-0400: 44.794: [Full GC (Ergonomics) [PSYoungGen: 52266K->0K(175104K)] [ParOldGen: 483796K->250720K(524288K)] 536062K->250720K(699392K), [Metaspace: 43690K->43690K(1087488K)], 0.0565247 secs] [Times: user=0.50 sys=0.00, real=0.06 secs] 
2016-09-25T23:29:25.278-0400: 44.885: [GC (GCLocker Initiated GC) [PSYoungGen: 88064K->86304K(175104K)] 344224K->347865K(699392K), 0.0074762 secs] [Times: user=0.10 sys=0.01, real=0.01 secs] 
2016-09-25T23:29:25.337-0400: 44.944: [GC (GCLocker Initiated GC) [PSYoungGen: 174368K->75355K(175104K)] 442773K->359392K(699392K), 0.0074400 secs] [Times: user=0.10 sys=0.00, real=0.01 secs] 
2016-09-25T23:29:25.386-0400: 44.993: [GC (GCLocker Initiated GC) [PSYoungGen: 163419K->68454K(175104K)] 451660K->372102K(699392K), 0.0097870 secs] [Times: user=0.12 sys=0.00, real=0.01 secs] 
2016-09-25T23:29:25.434-0400: 45.041: [GC (GCLocker Initiated GC) [PSYoungGen: 156518K->72632K(175104K)] 462956K->406612K(699392K), 0.0100539 secs] [Times: user=0.12 sys=0.00, real=0.02 secs] 
2016-09-25T23:29:25.482-0400: 45.089: [GC (GCLocker Initiated GC) [PSYoungGen: 160696K->65927K(175104K)] 497542K->427603K(699392K), 0.0073381 secs] [Times: user=0.10 sys=0.01, real=0.01 secs] 
2016-09-25T23:29:25.525-0400: 45.132: [GC (GCLocker Initiated GC) [PSYoungGen: 153991K->73963K(175104K)] 523935K->459367K(699392K), 0.0119555 secs] [Times: user=0.08 sys=0.01, real=0.01 secs] 
2016-09-25T23:29:25.578-0400: 45.185: [GC (GCLocker Initiated GC) [PSYoungGen: 162027K->67213K(175104K)] 557028K->489845K(699392K), 0.0103007 secs] [Times: user=0.13 sys=0.00, real=0.01 secs] 
2016-09-25T23:29:25.628-0400: 45.235: [GC (GCLocker Initiated GC) [PSYoungGen: 155277K->78165K(175104K)] 586247K->525938K(699392K), 0.0114552 secs] [Times: user=0.15 sys=0.00, real=0.01 secs] 
2016-09-25T23:29:25.677-0400: 45.284: [GC (GCLocker Initiated GC) [PSYoungGen: 166229K->54848K(175104K)] 615505K->533105K(699392K), 0.0132232 secs] [Times: user=0.13 sys=0.00, real=0.01 secs] 
2016-09-25T23:29:25.691-0400: 45.298: [Full GC (Ergonomics) [PSYoungGen: 54848K->0K(175104K)] [ParOldGen: 478257K->245366K(524288K)] 533105K->245366K(699392K), [Metaspace: 43690K->43690K(1087488K)], 0.0696921 secs] [Times: user=0.46 sys=0.02, real=0.07 secs] 
2016-09-25T23:29:27.433-0400: 47.041: [GC (GCLocker Initiated GC) [PSYoungGen: 88064K->62405K(175104K)] 353775K->328117K(699392K), 0.0313678 secs] [Times: user=0.31 sys=0.02, real=0.04 secs] 
2016-09-25T23:29:27.516-0400: 47.123: [GC (GCLocker Initiated GC) [PSYoungGen: 150469K->28950K(175104K)] 416237K->311937K(699392K), 0.0080017 secs] [Times: user=0.07 sys=0.00, real=0.01 secs] 
2016-09-25T23:29:27.557-0400: 47.164: [GC (GCLocker Initiated GC) [PSYoungGen: 117014K->71255K(175104K)] 408246K->377662K(699392K), 0.0107455 secs] [Times: user=0.09 sys=0.00, real=0.01 secs] 
2016-09-25T23:29:27.647-0400: 47.254: [GC (GCLocker Initiated GC) [PSYoungGen: 159319K->48110K(175104K)] 474073K->400021K(699392K), 0.0196295 secs] [Times: user=0.19 sys=0.00, real=0.02 secs] 
2016-09-25T23:29:27.720-0400: 47.327: [GC (GCLocker Initiated GC) [PSYoungGen: 136174K->75326K(175104K)] 496375K->452199K(699392K), 0.0137862 secs] [Times: user=0.13 sys=0.00, real=0.01 secs] 
2016-09-25T23:29:27.785-0400: 47.392: [GC (GCLocker Initiated GC) [PSYoungGen: 163390K->48121K(175104K)] 549965K->462304K(699392K), 0.0158356 secs] [Times: user=0.20 sys=0.00, real=0.01 secs] 
2016-09-25T23:29:27.838-0400: 47.445: [GC (GCLocker Initiated GC) [PSYoungGen: 136185K->80606K(175104K)] 550529K->511606K(699392K), 0.0164634 secs] [Times: user=0.17 sys=0.02, real=0.02 secs] 
2016-09-25T23:29:27.931-0400: 47.538: [GC (GCLocker Initiated GC) [PSYoungGen: 168670K->80790K(175104K)] 605189K->552961K(699392K), 0.0155190 secs] [Times: user=0.21 sys=0.00, real=0.02 secs] 
2016-09-25T23:29:28.001-0400: 47.608: [Full GC (Ergonomics) [PSYoungGen: 168854K->0K(175104K)] [ParOldGen: 483198K->250891K(524288K)] 652053K->250891K(699392K), [Metaspace: 43695K->43695K(1087488K)], 0.0687212 secs] [Times: user=0.46 sys=0.02, real=0.07 secs] 
2016-09-25T23:29:28.124-0400: 47.731: [GC (GCLocker Initiated GC) [PSYoungGen: 88064K->84945K(175104K)] 344492K->352173K(699392K), 0.0149184 secs] [Times: user=0.17 sys=0.02, real=0.01 secs] 
2016-09-25T23:29:28.210-0400: 47.817: [GC (GCLocker Initiated GC) [PSYoungGen: 173009K->45442K(175104K)] 443072K->355384K(699392K), 0.0138719 secs] [Times: user=0.12 sys=0.00, real=0.02 secs] 
2016-09-25T23:29:28.253-0400: 47.860: [GC (GCLocker Initiated GC) [PSYoungGen: 133506K->77887K(175104K)] 446323K->425034K(699392K), 0.0106456 secs] [Times: user=0.13 sys=0.01, real=0.02 secs] 
2016-09-25T23:29:28.308-0400: 47.915: [GC (GCLocker Initiated GC) [PSYoungGen: 165951K->61987K(175104K)] 522718K->442249K(699392K), 0.0089294 secs] [Times: user=0.09 sys=0.02, real=0.01 secs] 
2016-09-25T23:29:28.370-0400: 47.977: [GC (GCLocker Initiated GC) [PSYoungGen: 150051K->63089K(175104K)] 537321K->469948K(699392K), 0.0120640 secs] [Times: user=0.12 sys=0.00, real=0.02 secs] 
2016-09-25T23:29:28.430-0400: 48.037: [GC (GCLocker Initiated GC) [PSYoungGen: 151153K->74062K(175104K)] 560890K->500528K(699392K), 0.0126004 secs] [Times: user=0.16 sys=0.01, real=0.02 secs] 
2016-09-25T23:29:28.504-0400: 48.111: [GC (GCLocker Initiated GC) [PSYoungGen: 162126K->73953K(175104K)] 591389K->547106K(699392K), 0.0132376 secs] [Times: user=0.21 sys=0.02, real=0.01 secs] 
2016-09-25T23:29:28.517-0400: 48.124: [Full GC (Ergonomics) [PSYoungGen: 73953K->0K(175104K)] [ParOldGen: 473153K->255765K(524288K)] 547106K->255765K(699392K), [Metaspace: 43695K->43695K(1087488K)], 0.0636117 secs] [Times: user=0.56 sys=0.06, real=0.06 secs] 
2016-09-25T23:29:28.624-0400: 48.231: [GC (GCLocker Initiated GC) [PSYoungGen: 88064K->62192K(175104K)] 347930K->322059K(699392K), 0.0134647 secs] [Times: user=0.14 sys=0.01, real=0.01 secs] 
2016-09-25T23:29:28.675-0400: 48.282: [GC (GCLocker Initiated GC) [PSYoungGen: 150256K->48195K(175104K)] 412922K->329369K(699392K), 0.0102473 secs] [Times: user=0.12 sys=0.01, real=0.01 secs] 
2016-09-25T23:29:28.715-0400: 48.322: [GC (GCLocker Initiated GC) [PSYoungGen: 136259K->55222K(175104K)] 421739K->351968K(699392K), 0.0088040 secs] [Times: user=0.09 sys=0.00, real=0.01 secs] 
2016-09-25T23:29:28.764-0400: 48.371: [GC (GCLocker Initiated GC) [PSYoungGen: 143286K->76603K(175104K)] 456490K->402659K(699392K), 0.0077644 secs] [Times: user=0.12 sys=0.00, real=0.00 secs] 
2016-09-25T23:29:28.813-0400: 48.420: [GC (GCLocker Initiated GC) [PSYoungGen: 164667K->57734K(175104K)] 504379K->401983K(699392K), 0.0076818 secs] [Times: user=0.09 sys=0.00, real=0.01 secs] 
2016-09-25T23:29:28.868-0400: 48.475: [GC (GCLocker Initiated GC) [PSYoungGen: 145798K->54952K(175104K)] 499683K->447187K(699392K), 0.0088043 secs] [Times: user=0.13 sys=0.00, real=0.01 secs] 
2016-09-25T23:29:28.903-0400: 48.510: [GC (GCLocker Initiated GC) [PSYoungGen: 143016K->86136K(175104K)] 535374K->488432K(699392K), 0.0090662 secs] [Times: user=0.12 sys=0.00, real=0.00 secs] 
2016-09-25T23:29:28.955-0400: 48.562: [GC (GCLocker Initiated GC) [PSYoungGen: 174200K->53366K(175104K)] 582149K->483453K(699392K), 0.0098972 secs] [Times: user=0.06 sys=0.01, real=0.01 secs] 
2016-09-25T23:29:29.011-0400: 48.618: [GC (GCLocker Initiated GC) [PSYoungGen: 141430K->40077K(175104K)] 574367K->496404K(699392K), 0.0071282 secs] [Times: user=0.07 sys=0.01, real=0.01 secs] 
2016-09-25T23:29:29.048-0400: 48.655: [GC (GCLocker Initiated GC) [PSYoungGen: 128141K->74078K(175104K)] 587212K->553990K(699392K), 0.0084820 secs] [Times: user=0.13 sys=0.01, real=0.01 secs] 
2016-09-25T23:29:29.056-0400: 48.663: [Full GC (Ergonomics) [PSYoungGen: 74078K->0K(175104K)] [ParOldGen: 479911K->261780K(524288K)] 553990K->261780K(699392K), [Metaspace: 43695K->43695K(1087488K)], 0.0549110 secs] [Times: user=0.38 sys=0.02, real=0.05 secs] 
2016-09-25T23:29:29.157-0400: 48.764: [GC (GCLocker Initiated GC) [PSYoungGen: 88064K->51082K(175104K)] 354077K->317104K(699392K), 0.0094182 secs] [Times: user=0.11 sys=0.01, real=0.01 secs] 
2016-09-25T23:29:29.196-0400: 48.803: [GC (GCLocker Initiated GC) [PSYoungGen: 139146K->79369K(175104K)] 412105K->369324K(699392K), 0.0084014 secs] [Times: user=0.11 sys=0.00, real=0.01 secs] 
2016-09-25T23:29:29.247-0400: 48.854: [GC (GCLocker Initiated GC) [PSYoungGen: 167433K->45350K(175104K)] 465585K->372413K(699392K), 0.0076244 secs] [Times: user=0.06 sys=0.00, real=0.01 secs] 
2016-09-25T23:29:29.292-0400: 48.899: [GC (GCLocker Initiated GC) [PSYoungGen: 133414K->59119K(175104K)] 463371K->412485K(699392K), 0.0087872 secs] [Times: user=0.08 sys=0.01, real=0.01 secs] 
2016-09-25T23:29:29.340-0400: 48.947: [GC (GCLocker Initiated GC) [PSYoungGen: 147183K->72709K(175104K)] 507429K->459206K(699392K), 0.0081104 secs] [Times: user=0.10 sys=0.00, real=0.01 secs] 
2016-09-25T23:29:29.391-0400: 48.998: [GC (GCLocker Initiated GC) [PSYoungGen: 160773K->40142K(175104K)] 551579K->470740K(699392K), 0.0071762 secs] [Times: user=0.09 sys=0.00, real=0.01 secs] 
2016-09-25T23:29:29.435-0400: 49.042: [GC (GCLocker Initiated GC) [PSYoungGen: 128206K->72632K(175104K)] 561757K->516157K(699392K), 0.0078497 secs] [Times: user=0.10 sys=0.01, real=0.01 secs] 
2016-09-25T23:29:29.486-0400: 49.093: [GC (GCLocker Initiated GC) [PSYoungGen: 160696K->66905K(175104K)] 609740K->542249K(699392K), 0.0087263 secs] [Times: user=0.08 sys=0.00, real=0.01 secs] 
2016-09-25T23:29:29.528-0400: 49.135: [GC (GCLocker Initiated GC) [PSYoungGen: 154969K->69919K(175104K)] 630502K->575503K(699392K), 0.0087226 secs] [Times: user=0.10 sys=0.00, real=0.01 secs] 
2016-09-25T23:29:29.537-0400: 49.144: [Full GC (Ergonomics) [PSYoungGen: 69919K->0K(175104K)] [ParOldGen: 505584K->257871K(524288K)] 575503K->257871K(699392K), [Metaspace: 43705K->43705K(1087488K)], 0.0517851 secs] [Times: user=0.43 sys=0.02, real=0.05 secs] 
2016-09-25T23:29:29.634-0400: 49.241: [GC (GCLocker Initiated GC) [PSYoungGen: 88064K->80943K(175104K)] 352907K->345786K(699392K), 0.0079773 secs] [Times: user=0.12 sys=0.01, real=0.01 secs] 
2016-09-25T23:29:29.677-0400: 49.284: [GC (GCLocker Initiated GC) [PSYoungGen: 169007K->57673K(175104K)] 435271K->350404K(699392K), 0.0068611 secs] [Times: user=0.09 sys=0.00, real=0.01 secs] 
2016-09-25T23:29:29.712-0400: 49.319: [GC (GCLocker Initiated GC) [PSYoungGen: 145737K->72574K(175104K)] 441318K->411952K(699392K), 0.0087466 secs] [Times: user=0.14 sys=0.00, real=0.01 secs] 
2016-09-25T23:29:29.758-0400: 49.365: [GC (GCLocker Initiated GC) [PSYoungGen: 160638K->63246K(175104K)] 501487K->445127K(699392K), 0.0133703 secs] [Times: user=0.18 sys=0.00, real=0.01 secs] 
2016-09-25T23:29:29.814-0400: 49.421: [GC (GCLocker Initiated GC) [PSYoungGen: 151310K->72510K(175104K)] 533359K->479562K(699392K), 0.0090517 secs] [Times: user=0.16 sys=0.01, real=0.02 secs] 
2016-09-25T23:29:29.891-0400: 49.498: [GC (GCLocker Initiated GC) [PSYoungGen: 160571K->42996K(175104K)] 570762K->471233K(699392K), 0.0523795 secs] [Times: user=0.48 sys=0.05, real=0.06 secs] 
2016-09-25T23:29:29.987-0400: 49.594: [GC (GCLocker Initiated GC) [PSYoungGen: 131060K->84596K(175104K)] 566213K->524410K(699392K), 0.0102257 secs] [Times: user=0.16 sys=0.01, real=0.01 secs] 
2016-09-25T23:29:30.082-0400: 49.689: [GC (GCLocker Initiated GC) [PSYoungGen: 172660K->64263K(175104K)] 614014K->539815K(699392K), 0.0312343 secs] [Times: user=0.51 sys=0.03, real=0.03 secs] 
2016-09-25T23:29:30.113-0400: 49.720: [Full GC (Ergonomics) [PSYoungGen: 64263K->0K(175104K)] [ParOldGen: 475551K->264341K(524288K)] 539815K->264341K(699392K), [Metaspace: 43705K->43705K(1087488K)], 0.0651833 secs] [Times: user=0.74 sys=0.09, real=0.07 secs] 
2016-09-25T23:29:30.234-0400: 49.841: [GC (GCLocker Initiated GC) [PSYoungGen: 88064K->48543K(175104K)] 363341K->323820K(699392K), 0.0165744 secs] [Times: user=0.20 sys=0.02, real=0.02 secs] 
2016-09-25T23:29:30.344-0400: 49.951: [GC (GCLocker Initiated GC) [PSYoungGen: 136607K->62900K(175104K)] 414800K->373017K(699392K), 0.0124653 secs] [Times: user=0.19 sys=0.01, real=0.01 secs] 
2016-09-25T23:29:30.429-0400: 50.036: [GC (GCLocker Initiated GC) [PSYoungGen: 150964K->55255K(175104K)] 481455K->425368K(699392K), 0.0093782 secs] [Times: user=0.14 sys=0.01, real=0.01 secs] 
2016-09-25T23:29:30.485-0400: 50.092: [GC (GCLocker Initiated GC) [PSYoungGen: 143319K->53482K(175104K)] 519056K->432546K(699392K), 0.0073128 secs] [Times: user=0.09 sys=0.00, real=0.00 secs] 
2016-09-25T23:29:30.547-0400: 50.154: [GC (GCLocker Initiated GC) [PSYoungGen: 141546K->56310K(175104K)] 520741K->464395K(699392K), 0.0092776 secs] [Times: user=0.14 sys=0.00, real=0.01 secs] 
2016-09-25T23:29:30.604-0400: 50.211: [GC (GCLocker Initiated GC) [PSYoungGen: 144374K->64564K(175104K)] 556673K->500334K(699392K), 0.0146440 secs] [Times: user=0.19 sys=0.01, real=0.01 secs] 
2016-09-25T23:29:30.668-0400: 50.275: [GC (GCLocker Initiated GC) [PSYoungGen: 152628K->72639K(175104K)] 591176K->532226K(699392K), 0.0220471 secs] [Times: user=0.34 sys=0.03, real=0.02 secs] 
2016-09-25T23:29:30.808-0400: 50.415: [GC (GCLocker Initiated GC) [PSYoungGen: 160703K->65818K(175104K)] 628893K->557572K(699392K), 0.0083053 secs] [Times: user=0.11 sys=0.01, real=0.01 secs] 
2016-09-25T23:29:30.817-0400: 50.424: [Full GC (Ergonomics) [PSYoungGen: 65818K->0K(175104K)] [ParOldGen: 491753K->271147K(524288K)] 557572K->271147K(699392K), [Metaspace: 43715K->43715K(1087488K)], 0.1327218 secs] [Times: user=0.74 sys=0.12, real=0.13 secs] 
2016-09-25T23:29:31.072-0400: 50.679: [GC (GCLocker Initiated GC) [PSYoungGen: 88064K->56515K(144896K)] 363417K->331869K(669184K), 0.0258291 secs] [Times: user=0.35 sys=0.02, real=0.03 secs] 
2016-09-25T23:29:31.147-0400: 50.754: [GC (GCLocker Initiated GC) [PSYoungGen: 144579K->65677K(175104K)] 425412K->358124K(699392K), 0.0874978 secs] [Times: user=0.34 sys=0.09, real=0.09 secs] 
2016-09-25T23:29:31.327-0400: 50.934: [GC (GCLocker Initiated GC) [PSYoungGen: 154765K->46687K(174080K)] 450004K->362629K(698368K), 0.0233315 secs] [Times: user=0.30 sys=0.03, real=0.02 secs] 
2016-09-25T23:29:31.519-0400: 51.126: [GC (GCLocker Initiated GC) [PSYoungGen: 135775K->67232K(176640K)] 460697K->403433K(700928K), 0.0154492 secs] [Times: user=0.24 sys=0.02, real=0.02 secs] 
2016-09-25T23:29:31.675-0400: 51.282: [GC (GCLocker Initiated GC) [PSYoungGen: 158368K->45382K(176640K)] 494900K->406684K(700928K), 0.0117911 secs] [Times: user=0.15 sys=0.02, real=0.01 secs] 
2016-09-25T23:29:31.798-0400: 51.405: [GC (GCLocker Initiated GC) [PSYoungGen: 136518K->55011K(173568K)] 503276K->442543K(697856K), 0.0093778 secs] [Times: user=0.11 sys=0.01, real=0.01 secs] 
2016-09-25T23:29:31.890-0400: 51.497: [GC (GCLocker Initiated GC) [PSYoungGen: 146147K->75786K(175104K)] 533810K->463449K(699392K), 0.0105089 secs] [Times: user=0.14 sys=0.00, real=0.01 secs] 
2016-09-25T23:29:31.945-0400: 51.552: [GC (GCLocker Initiated GC) [PSYoungGen: 166922K->49540K(175104K)] 557502K->480375K(699392K), 0.0146193 secs] [Times: user=0.21 sys=0.01, real=0.01 secs] 
2016-09-25T23:29:31.996-0400: 51.603: [GC (GCLocker Initiated GC) [PSYoungGen: 137604K->46840K(135168K)] 571177K->505141K(659456K), 0.0092961 secs] [Times: user=0.13 sys=0.01, real=0.01 secs] 
2016-09-25T23:29:32.042-0400: 51.649: [GC (GCLocker Initiated GC) [PSYoungGen: 134904K->64595K(175104K)] 604090K->570864K(699392K), 0.0085864 secs] [Times: user=0.12 sys=0.01, real=0.01 secs] 
2016-09-25T23:29:32.051-0400: 51.658: [Full GC (Ergonomics) [PSYoungGen: 64595K->0K(175104K)] [ParOldGen: 506268K->271538K(524288K)] 570864K->271538K(699392K), [Metaspace: 43715K->43715K(1087488K)], 0.2073618 secs] [Times: user=3.27 sys=0.31, real=0.21 secs] 
2016-09-25T23:29:32.328-0400: 51.935: [GC (GCLocker Initiated GC) [PSYoungGen: 88576K->70309K(174592K)] 368404K->350137K(698880K), 0.0346868 secs] [Times: user=0.52 sys=0.08, real=0.04 secs] 
2016-09-25T23:29:32.401-0400: 52.008: [GC (GCLocker Initiated GC) [PSYoungGen: 158885K->85946K(175104K)] 438879K->385705K(699392K), 0.0202637 secs] [Times: user=0.29 sys=0.06, real=0.02 secs] 
2016-09-25T23:29:32.518-0400: 52.125: [GC (Allocation Failure) [PSYoungGen: 174010K->22495K(175104K)] 473790K->341526K(699392K), 0.0155672 secs] [Times: user=0.24 sys=0.10, real=0.01 secs] 
2016-09-25T23:29:32.613-0400: 52.220: [GC (GCLocker Initiated GC) [PSYoungGen: 110559K->80291K(175104K)] 429600K->401233K(699392K), 0.0155580 secs] [Times: user=0.18 sys=0.06, real=0.02 secs] 
2016-09-25T23:29:32.700-0400: 52.307: [GC (Allocation Failure) [PSYoungGen: 168355K->25131K(175104K)] 493465K->366578K(699392K), 0.0205684 secs] [Times: user=0.23 sys=0.07, real=0.02 secs] 
2016-09-25T23:29:32.771-0400: 52.378: [GC (GCLocker Initiated GC) [PSYoungGen: 113195K->51825K(175104K)] 454662K->401951K(699392K), 0.0327996 secs] [Times: user=0.54 sys=0.13, real=0.04 secs] 
2016-09-25T23:29:32.853-0400: 52.460: [GC (GCLocker Initiated GC) [PSYoungGen: 139889K->73879K(175104K)] 499523K->437772K(699392K), 0.0319358 secs] [Times: user=0.51 sys=0.13, real=0.04 secs] 
2016-09-25T23:29:32.977-0400: 52.584: [GC (GCLocker Initiated GC) [PSYoungGen: 161943K->42681K(175104K)] 528038K->425543K(699392K), 0.0329496 secs] [Times: user=0.55 sys=0.07, real=0.03 secs] 
2016-09-25T23:29:33.062-0400: 52.669: [GC (GCLocker Initiated GC) [PSYoungGen: 130745K->61830K(175104K)] 520174K->465211K(699392K), 0.0305432 secs] [Times: user=0.57 sys=0.04, real=0.03 secs] 
2016-09-25T23:29:33.152-0400: 52.759: [GC (GCLocker Initiated GC) [PSYoungGen: 149894K->57486K(175104K)] 559693K->493435K(699392K), 0.0116368 secs] [Times: user=0.20 sys=0.01, real=0.02 secs] 
2016-09-25T23:29:33.208-0400: 52.815: [GC (GCLocker Initiated GC) [PSYoungGen: 145550K->69982K(175104K)] 588389K->534823K(699392K), 0.0110670 secs] [Times: user=0.18 sys=0.01, real=0.01 secs] 
2016-09-25T23:29:33.257-0400: 52.864: [GC (GCLocker Initiated GC) [PSYoungGen: 158046K->61676K(175104K)] 627091K->543535K(699392K), 0.0064640 secs] [Times: user=0.08 sys=0.00, real=0.01 secs] 
2016-09-25T23:29:33.299-0400: 52.906: [GC (GCLocker Initiated GC) [PSYoungGen: 149740K->61817K(175104K)] 633834K->569372K(699392K), 0.0072796 secs] [Times: user=0.10 sys=0.00, real=0.01 secs] 
2016-09-25T23:29:33.307-0400: 52.914: [Full GC (Ergonomics) [PSYoungGen: 61817K->0K(175104K)] [ParOldGen: 507554K->258042K(524288K)] 569372K->258042K(699392K), [Metaspace: 43715K->43715K(1087488K)], 0.0507264 secs] [Times: user=0.41 sys=0.02, real=0.05 secs] 
2016-09-25T23:29:33.391-0400: 52.998: [GC (GCLocker Initiated GC) [PSYoungGen: 88064K->79514K(175104K)] 354293K->345743K(699392K), 0.0069514 secs] [Times: user=0.10 sys=0.00, real=0.01 secs] 
2016-09-25T23:29:33.433-0400: 53.040: [GC (GCLocker Initiated GC) [PSYoungGen: 167578K->53793K(175104K)] 447551K->379050K(699392K), 0.0075945 secs] [Times: user=0.11 sys=0.01, real=0.01 secs] 
2016-09-25T23:29:33.479-0400: 53.086: [GC (GCLocker Initiated GC) [PSYoungGen: 141857K->60468K(175104K)] 469921K->417581K(699392K), 0.0069050 secs] [Times: user=0.08 sys=0.00, real=0.01 secs] 
2016-09-25T23:29:33.520-0400: 53.127: [GC (GCLocker Initiated GC) [PSYoungGen: 148532K->63310K(175104K)] 509956K->463089K(699392K), 0.0077176 secs] [Times: user=0.09 sys=0.00, real=0.01 secs] 
2016-09-25T23:29:33.565-0400: 53.172: [GC (GCLocker Initiated GC) [PSYoungGen: 151374K->58998K(172032K)] 551395K->486709K(696320K), 0.0081986 secs] [Times: user=0.13 sys=0.00, real=0.00 secs] 
2016-09-25T23:29:33.607-0400: 53.215: [GC (GCLocker Initiated GC) [PSYoungGen: 147062K->71229K(173568K)] 577591K->536044K(697856K), 0.0091334 secs] [Times: user=0.14 sys=0.00, real=0.01 secs] 
2016-09-25T23:29:33.651-0400: 53.258: [GC (GCLocker Initiated GC) [PSYoungGen: 159293K->72689K(174592K)] 626918K->555781K(698880K), 0.0074334 secs] [Times: user=0.10 sys=0.00, real=0.01 secs] 
2016-09-25T23:29:33.658-0400: 53.265: [Full GC (Ergonomics) [PSYoungGen: 72689K->0K(174592K)] [ParOldGen: 483091K->266982K(524288K)] 555781K->266982K(698880K), [Metaspace: 43715K->43715K(1087488K)], 0.0486263 secs] [Times: user=0.41 sys=0.01, real=0.05 secs] 
2016-09-25T23:29:33.744-0400: 53.351: [GC (GCLocker Initiated GC) [PSYoungGen: 88064K->78455K(175104K)] 357855K->348247K(699392K), 0.0102482 secs] [Times: user=0.15 sys=0.00, real=0.01 secs] 
2016-09-25T23:29:33.800-0400: 53.407: [GC (GCLocker Initiated GC) [PSYoungGen: 166519K->44187K(175104K)] 439130K->346097K(699392K), 0.0100507 secs] [Times: user=0.08 sys=0.00, real=0.01 secs] 
2016-09-25T23:29:33.849-0400: 53.456: [GC (GCLocker Initiated GC) [PSYoungGen: 132251K->78187K(175104K)] 438408K->399753K(699392K), 0.0122087 secs] [Times: user=0.14 sys=0.01, real=0.01 secs] 
2016-09-25T23:29:33.905-0400: 53.512: [GC (GCLocker Initiated GC) [PSYoungGen: 166251K->44084K(175104K)] 491975K->392177K(699392K), 0.0130459 secs] [Times: user=0.15 sys=0.00, real=0.01 secs] 
2016-09-25T23:29:33.957-0400: 53.564: [GC (GCLocker Initiated GC) [PSYoungGen: 132148K->86179K(175104K)] 488500K->453866K(699392K), 0.0105101 secs] [Times: user=0.14 sys=0.00, real=0.01 secs] 
2016-09-25T23:29:34.015-0400: 53.622: [GC (GCLocker Initiated GC) [PSYoungGen: 174243K->53541K(175104K)] 544773K->449032K(699392K), 0.0072258 secs] [Times: user=0.08 sys=0.00, real=0.01 secs] 
2016-09-25T23:29:34.052-0400: 53.659: [GC (GCLocker Initiated GC) [PSYoungGen: 141605K->84865K(175104K)] 539943K->511996K(699392K), 0.0141216 secs] [Times: user=0.13 sys=0.00, real=0.02 secs] 
2016-09-25T23:29:34.121-0400: 53.728: [GC (GCLocker Initiated GC) [PSYoungGen: 172929K->53699K(175104K)] 611658K->524179K(699392K), 0.0122631 secs] [Times: user=0.08 sys=0.01, real=0.01 secs] 
2016-09-25T23:29:34.164-0400: 53.771: [Full GC (Ergonomics) [PSYoungGen: 141763K->0K(175104K)] [ParOldGen: 478787K->278113K(524288K)] 620550K->278113K(699392K), [Metaspace: 43716K->43716K(1087488K)], 0.0610696 secs] [Times: user=0.44 sys=0.01, real=0.06 secs] 
2016-09-25T23:29:34.274-0400: 53.881: [GC (Allocation Failure) [PSYoungGen: 88064K->63440K(175104K)] 369070K->344447K(699392K), 0.0095899 secs] [Times: user=0.10 sys=0.00, real=0.02 secs] 
2016-09-25T23:29:34.317-0400: 53.924: [GC (GCLocker Initiated GC) [PSYoungGen: 151504K->67238K(175104K)] 432523K->388315K(699392K), 0.0074324 secs] [Times: user=0.10 sys=0.00, real=0.01 secs] 
2016-09-25T23:29:34.364-0400: 53.971: [GC (GCLocker Initiated GC) [PSYoungGen: 155302K->76702K(175104K)] 490086K->433686K(699392K), 0.0105267 secs] [Times: user=0.15 sys=0.00, real=0.01 secs] 
2016-09-25T23:29:34.428-0400: 54.035: [GC (GCLocker Initiated GC) [PSYoungGen: 164766K->41608K(175104K)] 525885K->419561K(699392K), 0.0057892 secs] [Times: user=0.05 sys=0.00, real=0.00 secs] 
2016-09-25T23:29:34.469-0400: 54.076: [GC (GCLocker Initiated GC) [PSYoungGen: 129672K->65746K(175104K)] 507890K->466208K(699392K), 0.0149879 secs] [Times: user=0.20 sys=0.00, real=0.02 secs] 
2016-09-25T23:29:34.520-0400: 54.127: [GC (GCLocker Initiated GC) [PSYoungGen: 153810K->67313K(175104K)] 557140K->510355K(699392K), 0.0117735 secs] [Times: user=0.15 sys=0.01, real=0.01 secs] 
2016-09-25T23:29:34.579-0400: 54.186: [GC (GCLocker Initiated GC) [PSYoungGen: 155377K->72828K(175104K)] 610723K->566649K(699392K), 0.0112247 secs] [Times: user=0.18 sys=0.01, real=0.01 secs] 
2016-09-25T23:29:34.590-0400: 54.197: [Full GC (Ergonomics) [PSYoungGen: 72828K->0K(175104K)] [ParOldGen: 493820K->277671K(524288K)] 566649K->277671K(699392K), [Metaspace: 43716K->43716K(1087488K)], 0.0496403 secs] [Times: user=0.47 sys=0.00, real=0.05 secs] 
2016-09-25T23:29:34.688-0400: 54.295: [GC (GCLocker Initiated GC) [PSYoungGen: 88064K->68742K(175104K)] 371267K->351945K(699392K), 0.0064605 secs] [Times: user=0.07 sys=0.00, real=0.01 secs] 
2016-09-25T23:29:34.726-0400: 54.333: [GC (GCLocker Initiated GC) [PSYoungGen: 156806K->86397K(175104K)] 445608K->388135K(699392K), 0.0125256 secs] [Times: user=0.13 sys=0.01, real=0.01 secs] 
2016-09-25T23:29:34.783-0400: 54.390: [GC (GCLocker Initiated GC) [PSYoungGen: 174461K->56359K(175104K)] 478983K->391348K(699392K), 0.0068199 secs] [Times: user=0.10 sys=0.00, real=0.00 secs] 
2016-09-25T23:29:34.827-0400: 54.434: [GC (GCLocker Initiated GC) [PSYoungGen: 144423K->71429K(175104K)] 482284K->434147K(699392K), 0.0087426 secs] [Times: user=0.12 sys=0.00, real=0.01 secs] 
2016-09-25T23:29:34.881-0400: 54.488: [GC (GCLocker Initiated GC) [PSYoungGen: 159493K->77981K(175104K)] 522330K->461849K(699392K), 0.0095269 secs] [Times: user=0.14 sys=0.00, real=0.01 secs] 
2016-09-25T23:29:34.929-0400: 54.536: [GC (GCLocker Initiated GC) [PSYoungGen: 166045K->63327K(175104K)] 559553K->488452K(699392K), 0.0098692 secs] [Times: user=0.14 sys=0.01, real=0.01 secs] 
2016-09-25T23:29:34.974-0400: 54.581: [GC (GCLocker Initiated GC) [PSYoungGen: 151391K->75268K(175104K)] 576703K->541819K(699392K), 0.0115005 secs] [Times: user=0.15 sys=0.00, real=0.02 secs] 
2016-09-25T23:29:35.026-0400: 54.633: [Full GC (Ergonomics) [PSYoungGen: 163332K->0K(175104K)] [ParOldGen: 472141K->277645K(524288K)] 635473K->277645K(699392K), [Metaspace: 43718K->43718K(1087488K)], 0.0512466 secs] [Times: user=0.41 sys=0.01, real=0.05 secs] 
2016-09-25T23:29:35.118-0400: 54.725: [GC (GCLocker Initiated GC) [PSYoungGen: 88064K->86402K(175104K)] 368492K->374931K(699392K), 0.0076241 secs] [Times: user=0.11 sys=0.00, real=0.01 secs] 
2016-09-25T23:29:35.167-0400: 54.774: [GC (GCLocker Initiated GC) [PSYoungGen: 174466K->67264K(175104K)] 463013K->399852K(699392K), 0.0105853 secs] [Times: user=0.12 sys=0.00, real=0.01 secs] 
2016-09-25T23:29:35.212-0400: 54.819: [GC (GCLocker Initiated GC) [PSYoungGen: 155328K->78109K(175104K)] 490791K->438482K(699392K), 0.0112449 secs] [Times: user=0.13 sys=0.00, real=0.02 secs] 
2016-09-25T23:29:35.268-0400: 54.875: [GC (GCLocker Initiated GC) [PSYoungGen: 166173K->55122K(175104K)] 533431K->455463K(699392K), 0.0087299 secs] [Times: user=0.14 sys=0.00, real=0.01 secs] 
2016-09-25T23:29:35.321-0400: 54.928: [GC (GCLocker Initiated GC) [PSYoungGen: 143186K->68541K(175104K)] 543658K->495334K(699392K), 0.0075077 secs] [Times: user=0.12 sys=0.00, real=0.01 secs] 
2016-09-25T23:29:35.372-0400: 54.979: [GC (GCLocker Initiated GC) [PSYoungGen: 156605K->70080K(175104K)] 594451K->547717K(699392K), 0.0085812 secs] [Times: user=0.13 sys=0.00, real=0.01 secs] 
2016-09-25T23:29:35.381-0400: 54.988: [Full GC (Ergonomics) [PSYoungGen: 70080K->0K(175104K)] [ParOldGen: 477637K->287547K(524288K)] 547717K->287547K(699392K), [Metaspace: 43718K->43718K(1087488K)], 0.0639094 secs] [Times: user=0.51 sys=0.01, real=0.07 secs] 
2016-09-25T23:29:35.495-0400: 55.102: [GC (GCLocker Initiated GC) [PSYoungGen: 88064K->61898K(175104K)] 379830K->353665K(699392K), 0.0070100 secs] [Times: user=0.08 sys=0.00, real=0.01 secs] 
2016-09-25T23:29:35.531-0400: 55.138: [GC (GCLocker Initiated GC) [PSYoungGen: 149962K->79434K(175104K)] 447281K->393653K(699392K), 0.0088317 secs] [Times: user=0.07 sys=0.00, real=0.01 secs] 
2016-09-25T23:29:35.591-0400: 55.198: [GC (GCLocker Initiated GC) [PSYoungGen: 167498K->49558K(175104K)] 484712K->395824K(699392K), 0.0100920 secs] [Times: user=0.10 sys=0.00, real=0.01 secs] 
2016-09-25T23:29:35.642-0400: 55.249: [GC (GCLocker Initiated GC) [PSYoungGen: 137622K->61742K(175104K)] 485258K->438187K(699392K), 0.0092022 secs] [Times: user=0.11 sys=0.00, real=0.00 secs] 
2016-09-25T23:29:35.693-0400: 55.300: [GC (GCLocker Initiated GC) [PSYoungGen: 149806K->64370K(175104K)] 531936K->476812K(699392K), 0.0156551 secs] [Times: user=0.22 sys=0.00, real=0.02 secs] 
2016-09-25T23:29:35.751-0400: 55.358: [GC (GCLocker Initiated GC) [PSYoungGen: 152434K->67196K(175104K)] 565007K->500571K(699392K), 0.0094726 secs] [Times: user=0.12 sys=0.00, real=0.01 secs] 
2016-09-25T23:29:35.801-0400: 55.408: [GC (GCLocker Initiated GC) [PSYoungGen: 155260K->83516K(175104K)] 594244K->555466K(699392K), 0.0101400 secs] [Times: user=0.12 sys=0.01, real=0.01 secs] 
2016-09-25T23:29:35.856-0400: 55.463: [Full GC (Ergonomics) [PSYoungGen: 171580K->0K(175104K)] [ParOldGen: 474847K->279129K(524288K)] 646427K->279129K(699392K), [Metaspace: 43718K->43718K(1087488K)], 0.0667880 secs] [Times: user=0.52 sys=0.01, real=0.07 secs] 
2016-09-25T23:29:35.960-0400: 55.567: [GC (GCLocker Initiated GC) [PSYoungGen: 88064K->81148K(175104K)] 372764K->365848K(699392K), 0.0120673 secs] [Times: user=0.16 sys=0.00, real=0.01 secs] 
2016-09-25T23:29:36.017-0400: 55.624: [GC (GCLocker Initiated GC) [PSYoungGen: 169212K->60319K(175104K)] 458071K->385356K(699392K), 0.0102809 secs] [Times: user=0.17 sys=0.00, real=0.01 secs] 
2016-09-25T23:29:36.061-0400: 55.668: [GC (GCLocker Initiated GC) [PSYoungGen: 148383K->68547K(175104K)] 473543K->427953K(699392K), 0.0117077 secs] [Times: user=0.19 sys=0.00, real=0.01 secs] 
2016-09-25T23:29:36.116-0400: 55.723: [GC (GCLocker Initiated GC) [PSYoungGen: 156611K->84908K(175104K)] 522924K->486936K(699392K), 0.0125049 secs] [Times: user=0.17 sys=0.00, real=0.01 secs] 
2016-09-25T23:29:36.173-0400: 55.780: [GC (GCLocker Initiated GC) [PSYoungGen: 172972K->64370K(175104K)] 580549K->491546K(699392K), 0.0105291 secs] [Times: user=0.11 sys=0.00, real=0.02 secs] 
2016-09-25T23:29:36.219-0400: 55.826: [GC (GCLocker Initiated GC) [PSYoungGen: 152434K->72597K(175104K)] 582381K->522004K(699392K), 0.0104983 secs] [Times: user=0.12 sys=0.00, real=0.01 secs] 
2016-09-25T23:29:36.273-0400: 55.880: [GC (GCLocker Initiated GC) [PSYoungGen: 160661K->55005K(175104K)] 614272K->532122K(699392K), 0.0075515 secs] [Times: user=0.08 sys=0.00, real=0.02 secs] 
2016-09-25T23:29:36.283-0400: 55.890: [Full GC (Ergonomics) [PSYoungGen: 55005K->0K(175104K)] [ParOldGen: 477116K->283989K(524288K)] 532122K->283989K(699392K), [Metaspace: 43718K->43718K(1087488K)], 0.0573214 secs] [Times: user=0.50 sys=0.02, real=0.05 secs] 
2016-09-25T23:29:36.375-0400: 55.982: [GC (GCLocker Initiated GC) [PSYoungGen: 88064K->70239K(175104K)] 374861K->357036K(699392K), 0.0097417 secs] [Times: user=0.12 sys=0.00, real=0.01 secs] 
2016-09-25T23:29:36.420-0400: 56.027: [GC (GCLocker Initiated GC) [PSYoungGen: 158303K->59076K(175104K)] 448747K->386824K(699392K), 0.0103493 secs] [Times: user=0.16 sys=0.00, real=0.01 secs] 
2016-09-25T23:29:36.469-0400: 56.076: [GC (GCLocker Initiated GC) [PSYoungGen: 147140K->69932K(175104K)] 484500K->417288K(699392K), 0.0082477 secs] [Times: user=0.09 sys=0.00, real=0.01 secs] 
2016-09-25T23:29:36.521-0400: 56.128: [GC (GCLocker Initiated GC) [PSYoungGen: 157996K->57619K(175104K)] 512137K->451564K(699392K), 0.0108060 secs] [Times: user=0.16 sys=0.00, real=0.01 secs] 
2016-09-25T23:29:36.569-0400: 56.177: [GC (GCLocker Initiated GC) [PSYoungGen: 145683K->60438K(175104K)] 542557K->486109K(699392K), 0.0108777 secs] [Times: user=0.16 sys=0.00, real=0.01 secs] 
2016-09-25T23:29:36.616-0400: 56.223: [GC (GCLocker Initiated GC) [PSYoungGen: 148502K->69901K(175104K)] 582366K->509739K(699392K), 0.0105862 secs] [Times: user=0.11 sys=0.00, real=0.01 secs] 
2016-09-25T23:29:36.669-0400: 56.276: [GC (GCLocker Initiated GC) [PSYoungGen: 157965K->64457K(152576K)] 599531K->532296K(676864K), 0.0082349 secs] [Times: user=0.11 sys=0.00, real=0.01 secs] 
2016-09-25T23:29:36.711-0400: 56.318: [Full GC (Ergonomics) [PSYoungGen: 152521K->0K(152576K)] [ParOldGen: 471929K->286374K(524288K)] 624450K->286374K(676864K), [Metaspace: 43718K->43718K(1087488K)], 0.0612645 secs] [Times: user=0.45 sys=0.01, real=0.06 secs] 
2016-09-25T23:29:36.816-0400: 56.423: [GC (GCLocker Initiated GC) [PSYoungGen: 88064K->70099K(173568K)] 378654K->360697K(697856K), 0.0082084 secs] [Times: user=0.12 sys=0.00, real=0.01 secs] 
2016-09-25T23:29:36.853-0400: 56.460: [GC (GCLocker Initiated GC) [PSYoungGen: 158675K->83470K(173056K)] 453481K->401995K(697344K), 0.0087899 secs] [Times: user=0.15 sys=0.00, real=0.01 secs] 
2016-09-25T23:29:36.902-0400: 56.509: [GC (GCLocker Initiated GC) [PSYoungGen: 172046K->56428K(175104K)] 502855K->416223K(699392K), 0.0104800 secs] [Times: user=0.11 sys=0.00, real=0.01 secs] 
2016-09-25T23:29:36.949-0400: 56.556: [GC (GCLocker Initiated GC) [PSYoungGen: 144492K->45487K(175104K)] 504551K->420915K(699392K), 0.0070948 secs] [Times: user=0.07 sys=0.00, real=0.01 secs] 
2016-09-25T23:29:37.001-0400: 56.608: [GC (GCLocker Initiated GC) [PSYoungGen: 133551K->60146K(175104K)] 509137K->457897K(699392K), 0.0102083 secs] [Times: user=0.11 sys=0.00, real=0.01 secs] 
2016-09-25T23:29:37.057-0400: 56.664: [GC (GCLocker Initiated GC) [PSYoungGen: 148210K->52313K(175104K)] 547366K->474841K(699392K), 0.0078550 secs] [Times: user=0.08 sys=0.00, real=0.01 secs] 
2016-09-25T23:29:37.097-0400: 56.704: [GC (GCLocker Initiated GC) [PSYoungGen: 140377K->68638K(175104K)] 569714K->514829K(699392K), 0.0084163 secs] [Times: user=0.08 sys=0.00, real=0.01 secs] 
2016-09-25T23:29:37.141-0400: 56.748: [GC (GCLocker Initiated GC) [PSYoungGen: 156702K->64649K(153088K)] 603044K->533237K(677376K), 0.0094772 secs] [Times: user=0.07 sys=0.00, real=0.01 secs] 
2016-09-25T23:29:37.186-0400: 56.793: [GC (GCLocker Initiated GC) [PSYoungGen: 152713K->44520K(173056K)] 624116K->553112K(697344K), 0.0076999 secs] [Times: user=0.06 sys=0.00, real=0.01 secs] 
2016-09-25T23:29:37.194-0400: 56.801: [Full GC (Ergonomics) [PSYoungGen: 44520K->0K(173056K)] [ParOldGen: 508592K->289172K(524288K)] 553112K->289172K(697344K), [Metaspace: 43719K->43719K(1087488K)], 0.0645163 secs] [Times: user=0.42 sys=0.01, real=0.06 secs] 
2016-09-25T23:29:37.319-0400: 56.926: [GC (GCLocker Initiated GC) [PSYoungGen: 87040K->82772K(174080K)] 381695K->377427K(698368K), 0.0138393 secs] [Times: user=0.15 sys=0.01, real=0.01 secs] 
2016-09-25T23:29:37.385-0400: 56.992: [GC (GCLocker Initiated GC) [PSYoungGen: 169812K->58247K(175104K)] 470076K->377365K(699392K), 0.0070114 secs] [Times: user=0.10 sys=0.00, real=0.00 secs] 
2016-09-25T23:29:37.426-0400: 57.033: [GC (GCLocker Initiated GC) [PSYoungGen: 146311K->83766K(175104K)] 465478K->421658K(699392K), 0.0094959 secs] [Times: user=0.13 sys=0.00, real=0.01 secs] 
2016-09-25T23:29:37.480-0400: 57.087: [GC (GCLocker Initiated GC) [PSYoungGen: 171830K->56860K(175104K)] 515376K->425547K(699392K), 0.0117903 secs] [Times: user=0.10 sys=0.01, real=0.01 secs] 
2016-09-25T23:29:37.559-0400: 57.166: [GC (GCLocker Initiated GC) [PSYoungGen: 144924K->67544K(175104K)] 519407K->478157K(699392K), 0.0149293 secs] [Times: user=0.18 sys=0.01, real=0.01 secs] 
2016-09-25T23:29:37.627-0400: 57.234: [GC (GCLocker Initiated GC) [PSYoungGen: 155608K->64834K(175104K)] 571777K->508921K(699392K), 0.0107913 secs] [Times: user=0.17 sys=0.00, real=0.01 secs] 
2016-09-25T23:29:37.668-0400: 57.275: [GC (GCLocker Initiated GC) [PSYoungGen: 152898K->56714K(175104K)] 599881K->527607K(699392K), 0.0088486 secs] [Times: user=0.08 sys=0.00, real=0.01 secs] 
2016-09-25T23:29:37.748-0400: 57.355: [GC (GCLocker Initiated GC) [PSYoungGen: 144778K->47384K(175104K)] 621388K->561369K(699392K), 0.0196401 secs] [Times: user=0.24 sys=0.01, real=0.02 secs] 
2016-09-25T23:29:37.767-0400: 57.374: [Full GC (Ergonomics) [PSYoungGen: 47384K->0K(175104K)] [ParOldGen: 513984K->288207K(524288K)] 561369K->288207K(699392K), [Metaspace: 43720K->43720K(1087488K)], 0.0753761 secs] [Times: user=0.60 sys=0.00, real=0.08 secs] 
2016-09-25T23:29:37.872-0400: 57.479: [GC (GCLocker Initiated GC) [PSYoungGen: 88064K->85570K(175104K)] 379131K->382037K(699392K), 0.0076801 secs] [Times: user=0.11 sys=0.00, real=0.01 secs] 
2016-09-25T23:29:37.953-0400: 57.561: [GC (GCLocker Initiated GC) [PSYoungGen: 173634K->52625K(175104K)] 470161K->405872K(699392K), 0.0136162 secs] [Times: user=0.18 sys=0.00, real=0.02 secs] 
2016-09-25T23:29:38.013-0400: 57.620: [GC (GCLocker Initiated GC) [PSYoungGen: 140689K->74677K(175104K)] 496804K->458666K(699392K), 0.0084937 secs] [Times: user=0.12 sys=0.00, real=0.01 secs] 
2016-09-25T23:29:38.063-0400: 57.670: [GC (GCLocker Initiated GC) [PSYoungGen: 162741K->55360K(175104K)] 556315K->482632K(699392K), 0.0079176 secs] [Times: user=0.12 sys=0.00, real=0.00 secs] 
2016-09-25T23:29:38.119-0400: 57.726: [GC (GCLocker Initiated GC) [PSYoungGen: 143424K->75840K(175104K)] 578891K->518965K(699392K), 0.0155466 secs] [Times: user=0.19 sys=0.00, real=0.02 secs] 
2016-09-25T23:29:38.204-0400: 57.811: [GC (GCLocker Initiated GC) [PSYoungGen: 163904K->77125K(175104K)] 617929K->544474K(699392K), 0.0113416 secs] [Times: user=0.14 sys=0.00, real=0.01 secs] 
2016-09-25T23:29:38.257-0400: 57.864: [Full GC (Ergonomics) [PSYoungGen: 165189K->0K(175104K)] [ParOldGen: 474191K->297804K(524288K)] 639381K->297804K(699392K), [Metaspace: 43720K->43720K(1087488K)], 0.0534085 secs] [Times: user=0.46 sys=0.00, real=0.05 secs] 
2016-09-25T23:29:38.368-0400: 57.975: [GC (GCLocker Initiated GC) [PSYoungGen: 88064K->76029K(175104K)] 388715K->376680K(699392K), 0.0086563 secs] [Times: user=0.13 sys=0.00, real=0.01 secs] 
2016-09-25T23:29:38.439-0400: 58.046: [GC (GCLocker Initiated GC) [PSYoungGen: 164093K->74651K(175104K)] 473303K->391942K(699392K), 0.0105822 secs] [Times: user=0.14 sys=0.00, real=0.01 secs] 
2016-09-25T23:29:38.507-0400: 58.114: [GC (GCLocker Initiated GC) [PSYoungGen: 162715K->45721K(175104K)] 493671K->400878K(699392K), 0.0073077 secs] [Times: user=0.09 sys=0.01, real=0.01 secs] 
2016-09-25T23:29:38.543-0400: 58.151: [GC (GCLocker Initiated GC) [PSYoungGen: 133785K->63597K(175104K)] 489104K->438632K(699392K), 0.0155190 secs] [Times: user=0.18 sys=0.00, real=0.01 secs] 
2016-09-25T23:29:38.631-0400: 58.238: [GC (GCLocker Initiated GC) [PSYoungGen: 151661K->62154K(175104K)] 533624K->472073K(699392K), 0.0110221 secs] [Times: user=0.16 sys=0.00, real=0.02 secs] 
2016-09-25T23:29:38.698-0400: 58.305: [GC (GCLocker Initiated GC) [PSYoungGen: 150218K->66361K(175104K)] 569746K->494874K(699392K), 0.0130075 secs] [Times: user=0.15 sys=0.00, real=0.01 secs] 
2016-09-25T23:29:38.752-0400: 58.359: [GC (GCLocker Initiated GC) [PSYoungGen: 154425K->62023K(175104K)] 585754K->533704K(699392K), 0.0092105 secs] [Times: user=0.13 sys=0.00, real=0.01 secs] 
2016-09-25T23:29:38.761-0400: 58.368: [Full GC (Ergonomics) [PSYoungGen: 62023K->0K(175104K)] [ParOldGen: 471680K->299540K(524288K)] 533704K->299540K(699392K), [Metaspace: 43722K->43722K(1087488K)], 0.0520863 secs] [Times: user=0.47 sys=0.00, real=0.05 secs] 
2016-09-25T23:29:38.861-0400: 58.468: [GC (GCLocker Initiated GC) [PSYoungGen: 88064K->87030K(175104K)] 393072K->394747K(699392K), 0.0077585 secs] [Times: user=0.11 sys=0.00, real=0.01 secs] 
2016-09-25T23:29:38.917-0400: 58.524: [GC (GCLocker Initiated GC) [PSYoungGen: 175094K->67616K(175104K)] 482957K->408109K(699392K), 0.0153794 secs] [Times: user=0.20 sys=0.00, real=0.01 secs] 
2016-09-25T23:29:38.975-0400: 58.582: [GC (GCLocker Initiated GC) [PSYoungGen: 155680K->62612K(175104K)] 509787K->439385K(699392K), 0.0084607 secs] [Times: user=0.12 sys=0.00, real=0.01 secs] 
2016-09-25T23:29:39.035-0400: 58.642: [GC (GCLocker Initiated GC) [PSYoungGen: 150676K->55202K(175104K)] 533094K->448473K(699392K), 0.0092690 secs] [Times: user=0.10 sys=0.00, real=0.01 secs] 
2016-09-25T23:29:39.085-0400: 58.692: [GC (GCLocker Initiated GC) [PSYoungGen: 143266K->60774K(175104K)] 543384K->473707K(699392K), 0.0092521 secs] [Times: user=0.07 sys=0.00, real=0.00 secs] 
2016-09-25T23:29:39.145-0400: 58.752: [GC (GCLocker Initiated GC) [PSYoungGen: 148838K->51252K(175104K)] 564516K->489617K(699392K), 0.0179444 secs] [Times: user=0.17 sys=0.00, real=0.02 secs] 
2016-09-25T23:29:39.209-0400: 58.816: [GC (GCLocker Initiated GC) [PSYoungGen: 139316K->44696K(175104K)] 580632K->512508K(699392K), 0.0088334 secs] [Times: user=0.10 sys=0.00, real=0.01 secs] 
2016-09-25T23:29:39.255-0400: 58.862: [GC (GCLocker Initiated GC) [PSYoungGen: 132760K->73367K(175104K)] 603429K->564033K(699392K), 0.0102839 secs] [Times: user=0.12 sys=0.00, real=0.01 secs] 
2016-09-25T23:29:39.265-0400: 58.872: [Full GC (Ergonomics) [PSYoungGen: 73367K->0K(175104K)] [ParOldGen: 490665K->309860K(524288K)] 564033K->309860K(699392K), [Metaspace: 43722K->43722K(1087488K)], 0.0570405 secs] [Times: user=0.46 sys=0.00, real=0.06 secs] 
2016-09-25T23:29:39.373-0400: 58.980: [GC (GCLocker Initiated GC) [PSYoungGen: 88064K->63084K(175104K)] 407538K->382559K(699392K), 0.0062432 secs] [Times: user=0.06 sys=0.00, real=0.01 secs] 
2016-09-25T23:29:39.430-0400: 59.037: [GC (GCLocker Initiated GC) [PSYoungGen: 151148K->66002K(175104K)] 473415K->407753K(699392K), 0.0072732 secs] [Times: user=0.10 sys=0.00, real=0.01 secs] 
2016-09-25T23:29:39.469-0400: 59.076: [GC (GCLocker Initiated GC) [PSYoungGen: 154066K->63628K(171008K)] 496020K->454933K(695296K), 0.0113207 secs] [Times: user=0.15 sys=0.00, real=0.01 secs] 
2016-09-25T23:29:39.531-0400: 59.138: [GC (GCLocker Initiated GC) [PSYoungGen: 151692K->58225K(173056K)] 545805K->510126K(697344K), 0.0115832 secs] [Times: user=0.17 sys=0.01, real=0.02 secs] 
2016-09-25T23:29:39.591-0400: 59.198: [GC (GCLocker Initiated GC) [PSYoungGen: 146289K->66680K(175616K)] 601004K->552157K(699904K), 0.0099118 secs] [Times: user=0.14 sys=0.00, real=0.01 secs] 
2016-09-25T23:29:39.601-0400: 59.208: [Full GC (Ergonomics) [PSYoungGen: 66680K->0K(175616K)] [ParOldGen: 485476K->310285K(524288K)] 552157K->310285K(699904K), [Metaspace: 43722K->43722K(1087488K)], 0.0611139 secs] [Times: user=0.57 sys=0.00, real=0.07 secs] 
2016-09-25T23:29:39.705-0400: 59.312: [GC (GCLocker Initiated GC) [PSYoungGen: 93696K->80569K(174592K)] 407280K->394154K(698880K), 0.0098105 secs] [Times: user=0.13 sys=0.00, real=0.01 secs] 
2016-09-25T23:29:39.770-0400: 59.377: [GC (GCLocker Initiated GC) [PSYoungGen: 174265K->52664K(175104K)] 499125K->402252K(699392K), 0.0087941 secs] [Times: user=0.05 sys=0.01, real=0.01 secs] 
2016-09-25T23:29:39.824-0400: 59.431: [GC (GCLocker Initiated GC) [PSYoungGen: 140728K->65011K(153088K)] 499883K->456152K(677376K), 0.0120109 secs] [Times: user=0.15 sys=0.02, real=0.01 secs] 
2016-09-25T23:29:39.882-0400: 59.489: [GC (GCLocker Initiated GC) [PSYoungGen: 153075K->81073K(172032K)] 547062K->493675K(696320K), 0.0106611 secs] [Times: user=0.15 sys=0.00, real=0.00 secs] 
2016-09-25T23:29:39.944-0400: 59.551: [GC (GCLocker Initiated GC) [PSYoungGen: 167601K->48840K(173568K)] 593739K->493495K(697856K), 0.0092847 secs] [Times: user=0.08 sys=0.00, real=0.00 secs] 
2016-09-25T23:29:40.001-0400: 59.608: [GC (GCLocker Initiated GC) [PSYoungGen: 135368K->67447K(175104K)] 586891K->525660K(699392K), 0.0103075 secs] [Times: user=0.10 sys=0.00, real=0.01 secs] 
2016-09-25T23:29:40.056-0400: 59.663: [GC (GCLocker Initiated GC) [PSYoungGen: 155511K->78342K(175104K)] 616600K->565926K(699392K), 0.0128705 secs] [Times: user=0.14 sys=0.01, real=0.01 secs] 
2016-09-25T23:29:40.069-0400: 59.676: [Full GC (Ergonomics) [PSYoungGen: 78342K->0K(175104K)] [ParOldGen: 487584K->314809K(524288K)] 565926K->314809K(699392K), [Metaspace: 43722K->43722K(1087488K)], 0.0648888 secs] [Times: user=0.44 sys=0.00, real=0.07 secs] 
2016-09-25T23:29:40.178-0400: 59.785: [GC (GCLocker Initiated GC) [PSYoungGen: 88064K->80081K(175104K)] 402961K->394978K(699392K), 0.0117259 secs] [Times: user=0.17 sys=0.00, real=0.01 secs] 
2016-09-25T23:29:40.240-0400: 59.847: [GC (GCLocker Initiated GC) [PSYoungGen: 168145K->54329K(175104K)] 484562K->422061K(699392K), 0.0140274 secs] [Times: user=0.11 sys=0.00, real=0.01 secs] 
2016-09-25T23:29:40.292-0400: 59.899: [GC (GCLocker Initiated GC) [PSYoungGen: 142393K->75737K(175104K)] 513043K->470328K(699392K), 0.0117348 secs] [Times: user=0.13 sys=0.00, real=0.02 secs] 
2016-09-25T23:29:40.353-0400: 59.960: [GC (GCLocker Initiated GC) [PSYoungGen: 163801K->71948K(175104K)] 570593K->505442K(699392K), 0.0110519 secs] [Times: user=0.14 sys=0.00, real=0.02 secs] 
2016-09-25T23:29:40.418-0400: 60.025: [GC (GCLocker Initiated GC) [PSYoungGen: 160012K->58053K(175104K)] 601717K->515844K(699392K), 0.0103701 secs] [Times: user=0.11 sys=0.01, real=0.01 secs] 
2016-09-25T23:29:40.466-0400: 60.073: [GC (GCLocker Initiated GC) [PSYoungGen: 146117K->65726K(175104K)] 604113K->569241K(699392K), 0.0115152 secs] [Times: user=0.15 sys=0.00, real=0.01 secs] 
2016-09-25T23:29:40.477-0400: 60.084: [Full GC (Ergonomics) [PSYoungGen: 65726K->0K(175104K)] [ParOldGen: 503515K->318097K(524288K)] 569241K->318097K(699392K), [Metaspace: 43722K->43722K(1087488K)], 0.0547229 secs] [Times: user=0.50 sys=0.01, real=0.05 secs] 
2016-09-25T23:29:40.571-0400: 60.178: [GC (GCLocker Initiated GC) [PSYoungGen: 88064K->81381K(175104K)] 408913K->402230K(699392K), 0.0098668 secs] [Times: user=0.14 sys=0.00, real=0.01 secs] 
2016-09-25T23:29:40.629-0400: 60.236: [GC (GCLocker Initiated GC) [PSYoungGen: 169445K->60757K(175104K)] 493062K->409965K(699392K), 0.0074034 secs] [Times: user=0.12 sys=0.00, real=0.01 secs] 
2016-09-25T23:29:40.674-0400: 60.281: [GC (Allocation Failure) [PSYoungGen: 148821K->60931K(175104K)] 502182K->442121K(699392K), 0.0188057 secs] [Times: user=0.27 sys=0.00, real=0.01 secs] 
2016-09-25T23:29:40.739-0400: 60.346: [GC (GCLocker Initiated GC) [PSYoungGen: 147866K->60676K(175104K)] 530406K->476664K(699392K), 0.0106645 secs] [Times: user=0.15 sys=0.00, real=0.01 secs] 
2016-09-25T23:29:40.781-0400: 60.388: [GC (GCLocker Initiated GC) [PSYoungGen: 148740K->85157K(175104K)] 567602K->556156K(699392K), 0.0134267 secs] [Times: user=0.13 sys=0.01, real=0.01 secs] 
2016-09-25T23:29:40.794-0400: 60.401: [Full GC (Ergonomics) [PSYoungGen: 85157K->0K(175104K)] [ParOldGen: 470998K->328500K(524288K)] 556156K->328500K(699392K), [Metaspace: 43722K->43722K(1087488K)], 0.0591221 secs] [Times: user=0.52 sys=0.00, real=0.05 secs] 
2016-09-25T23:29:40.904-0400: 60.511: [GC (GCLocker Initiated GC) [PSYoungGen: 88064K->74378K(175104K)] 424916K->411231K(699392K), 0.0148818 secs] [Times: user=0.21 sys=0.01, real=0.01 secs] 
2016-09-25T23:29:40.972-0400: 60.579: [GC (GCLocker Initiated GC) [PSYoungGen: 162442K->63180K(175104K)] 503473K->420084K(699392K), 0.0275524 secs] [Times: user=0.32 sys=0.00, real=0.03 secs] 
2016-09-25T23:29:41.039-0400: 60.646: [GC (GCLocker Initiated GC) [PSYoungGen: 151244K->75291K(175104K)] 516451K->469462K(699392K), 0.0085929 secs] [Times: user=0.14 sys=0.00, real=0.01 secs] 
2016-09-25T23:29:41.097-0400: 60.704: [GC (GCLocker Initiated GC) [PSYoungGen: 163355K->68583K(175104K)] 565643K->494378K(699392K), 0.0099398 secs] [Times: user=0.15 sys=0.00, real=0.01 secs] 
2016-09-25T23:29:41.149-0400: 60.756: [GC (GCLocker Initiated GC) [PSYoungGen: 156647K->75325K(175104K)] 582580K->520853K(699392K), 0.0110459 secs] [Times: user=0.12 sys=0.00, real=0.01 secs] 
2016-09-25T23:29:41.203-0400: 60.810: [GC (GCLocker Initiated GC) [PSYoungGen: 163389K->71540K(175104K)] 608950K->547430K(699392K), 0.0083611 secs] [Times: user=0.12 sys=0.01, real=0.00 secs] 
2016-09-25T23:29:41.211-0400: 60.818: [Full GC (Ergonomics) [PSYoungGen: 71540K->0K(175104K)] [ParOldGen: 475889K->322932K(524288K)] 547430K->322932K(699392K), [Metaspace: 43722K->43722K(1087488K)], 0.0602697 secs] [Times: user=0.53 sys=0.00, real=0.06 secs] 
2016-09-25T23:29:41.325-0400: 60.932: [GC (GCLocker Initiated GC) [PSYoungGen: 88064K->75521K(175104K)] 413836K->401293K(699392K), 0.0064149 secs] [Times: user=0.08 sys=0.01, real=0.00 secs] 
2016-09-25T23:29:41.373-0400: 60.980: [GC (GCLocker Initiated GC) [PSYoungGen: 163585K->70349K(175104K)] 496316K->428211K(699392K), 0.0103955 secs] [Times: user=0.14 sys=0.00, real=0.02 secs] 
2016-09-25T23:29:41.429-0400: 61.036: [GC (GCLocker Initiated GC) [PSYoungGen: 158413K->60514K(175104K)] 516505K->454765K(699392K), 0.0086072 secs] [Times: user=0.12 sys=0.00, real=0.01 secs] 
2016-09-25T23:29:41.465-0400: 61.072: [GC (GCLocker Initiated GC) [PSYoungGen: 148578K->83755K(175104K)] 543063K->509972K(699392K), 0.0094790 secs] [Times: user=0.13 sys=0.01, real=0.01 secs] 
2016-09-25T23:29:41.524-0400: 61.131: [GC (GCLocker Initiated GC) [PSYoungGen: 171819K->59361K(175104K)] 607828K->517811K(699392K), 0.0104640 secs] [Times: user=0.16 sys=0.00, real=0.01 secs] 
2016-09-25T23:29:41.564-0400: 61.171: [GC (GCLocker Initiated GC) [PSYoungGen: 147425K->63183K(175104K)] 608833K->552478K(699392K), 0.0110245 secs] [Times: user=0.11 sys=0.00, real=0.01 secs] 
2016-09-25T23:29:41.575-0400: 61.182: [Full GC (Ergonomics) [PSYoungGen: 63183K->0K(175104K)] [ParOldGen: 489295K->325519K(524288K)] 552478K->325519K(699392K), [Metaspace: 43722K->43722K(1087488K)], 0.0599676 secs] [Times: user=0.48 sys=0.01, real=0.06 secs] 
2016-09-25T23:29:41.686-0400: 61.293: [GC (GCLocker Initiated GC) [PSYoungGen: 88064K->86477K(175104K)] 417932K->416346K(699392K), 0.0104418 secs] [Times: user=0.13 sys=0.00, real=0.01 secs] 
2016-09-25T23:29:41.735-0400: 61.342: [GC (GCLocker Initiated GC) [PSYoungGen: 174541K->56559K(175104K)] 507829K->424556K(699392K), 0.0083968 secs] [Times: user=0.09 sys=0.00, real=0.01 secs] 
2016-09-25T23:29:41.790-0400: 61.397: [GC (GCLocker Initiated GC) [PSYoungGen: 144623K->56550K(175104K)] 515367K->461821K(699392K), 0.0100329 secs] [Times: user=0.14 sys=0.00, real=0.01 secs] 
2016-09-25T23:29:41.843-0400: 61.450: [GC (GCLocker Initiated GC) [PSYoungGen: 144614K->51130K(175104K)] 552827K->503275K(699392K), 0.0106117 secs] [Times: user=0.10 sys=0.00, real=0.01 secs] 
2016-09-25T23:29:41.892-0400: 61.499: [GC (GCLocker Initiated GC) [PSYoungGen: 139194K->59157K(175104K)] 598172K->524183K(699392K), 0.0075454 secs] [Times: user=0.08 sys=0.00, real=0.01 secs] 
2016-09-25T23:29:41.946-0400: 61.553: [Full GC (Ergonomics) [PSYoungGen: 147221K->0K(175104K)] [ParOldGen: 470496K->313146K(524288K)] 617718K->313146K(699392K), [Metaspace: 43722K->43722K(1087488K)], 0.1728597 secs] [Times: user=2.37 sys=0.03, real=0.17 secs] 
2016-09-25T23:29:42.154-0400: 61.761: [GC (GCLocker Initiated GC) [PSYoungGen: 88064K->68905K(175104K)] 404075K->384916K(699392K), 0.0063872 secs] [Times: user=0.09 sys=0.00, real=0.01 secs] 
2016-09-25T23:29:42.199-0400: 61.806: [GC (GCLocker Initiated GC) [PSYoungGen: 156969K->61986K(175104K)] 478765K->415786K(699392K), 0.0153688 secs] [Times: user=0.17 sys=0.00, real=0.02 secs] 
2016-09-25T23:29:42.251-0400: 61.858: [GC (GCLocker Initiated GC) [PSYoungGen: 150050K->71537K(175104K)] 518813K->465261K(699392K), 0.0082378 secs] [Times: user=0.12 sys=0.00, real=0.01 secs] 
2016-09-25T23:29:42.318-0400: 61.925: [GC (GCLocker Initiated GC) [PSYoungGen: 159601K->65954K(175104K)] 556157K->495799K(699392K), 0.0123651 secs] [Times: user=0.17 sys=0.02, real=0.01 secs] 
2016-09-25T23:29:42.385-0400: 61.992: [GC (GCLocker Initiated GC) [PSYoungGen: 154018K->86424K(175104K)] 586665K->528521K(699392K), 0.0117721 secs] [Times: user=0.13 sys=0.00, real=0.01 secs] 
2016-09-25T23:29:42.438-0400: 62.045: [GC (GCLocker Initiated GC) [PSYoungGen: 174488K->68689K(175104K)] 619508K->552456K(699392K), 0.0098539 secs] [Times: user=0.11 sys=0.00, real=0.01 secs] 
2016-09-25T23:29:42.448-0400: 62.055: [Full GC (Ergonomics) [PSYoungGen: 68689K->0K(175104K)] [ParOldGen: 483766K->323917K(524288K)] 552456K->323917K(699392K), [Metaspace: 43722K->43722K(1087488K)], 0.0604449 secs] [Times: user=0.48 sys=0.01, real=0.06 secs] 
2016-09-25T23:29:42.575-0400: 62.182: [GC (GCLocker Initiated GC) [PSYoungGen: 88064K->69937K(175104K)] 413390K->395263K(699392K), 0.0133407 secs] [Times: user=0.18 sys=0.00, real=0.01 secs] 
2016-09-25T23:29:42.629-0400: 62.236: [GC (GCLocker Initiated GC) [PSYoungGen: 158001K->48567K(175104K)] 483470K->403081K(699392K), 0.0146953 secs] [Times: user=0.13 sys=0.00, real=0.02 secs] 
2016-09-25T23:29:42.688-0400: 62.295: [GC (GCLocker Initiated GC) [PSYoungGen: 136631K->57984K(175104K)] 495409K->446009K(699392K), 0.0089894 secs] [Times: user=0.09 sys=0.01, real=0.01 secs] 
2016-09-25T23:29:42.732-0400: 62.339: [GC (GCLocker Initiated GC) [PSYoungGen: 146048K->70454K(175104K)] 542471K->501555K(699392K), 0.0090276 secs] [Times: user=0.13 sys=0.00, real=0.01 secs] 
2016-09-25T23:29:42.802-0400: 62.409: [GC (GCLocker Initiated GC) [PSYoungGen: 158518K->43026K(175104K)] 599843K->509703K(699392K), 0.0112314 secs] [Times: user=0.10 sys=0.01, real=0.01 secs] 
2016-09-25T23:29:42.871-0400: 62.478: [GC (GCLocker Initiated GC) [PSYoungGen: 131090K->43905K(175104K)] 597898K->530397K(699392K), 0.0098743 secs] [Times: user=0.09 sys=0.00, real=0.01 secs] 
2016-09-25T23:29:42.883-0400: 62.490: [Full GC (Ergonomics) [PSYoungGen: 43905K->0K(175104K)] [ParOldGen: 486491K->318100K(524288K)] 530397K->318100K(699392K), [Metaspace: 43738K->43738K(1087488K)], 0.0552838 secs] [Times: user=0.52 sys=0.00, real=0.05 secs] 
2016-09-25T23:29:42.984-0400: 62.591: [GC (GCLocker Initiated GC) [PSYoungGen: 88064K->74851K(175104K)] 415676K->402463K(699392K), 0.0167443 secs] [Times: user=0.14 sys=0.00, real=0.01 secs] 
2016-09-25T23:29:43.072-0400: 62.679: [GC (GCLocker Initiated GC) [PSYoungGen: 162915K->33618K(175104K)] 493451K->390014K(699392K), 0.0174447 secs] [Times: user=0.20 sys=0.00, real=0.02 secs] 
2016-09-25T23:29:43.120-0400: 62.727: [GC (GCLocker Initiated GC) [PSYoungGen: 121682K->86330K(175104K)] 479551K->459738K(699392K), 0.0083170 secs] [Times: user=0.13 sys=0.00, real=0.01 secs] 
2016-09-25T23:29:43.168-0400: 62.775: [GC (GCLocker Initiated GC) [PSYoungGen: 174394K->59571K(175104K)] 547939K->463624K(699392K), 0.0074894 secs] [Times: user=0.10 sys=0.00, real=0.01 secs] 
2016-09-25T23:29:43.205-0400: 62.812: [GC (GCLocker Initiated GC) [PSYoungGen: 147635K->85093K(175104K)] 552382K->519165K(699392K), 0.0128834 secs] [Times: user=0.20 sys=0.00, real=0.01 secs] 
2016-09-25T23:29:43.293-0400: 62.900: [GC (GCLocker Initiated GC) [PSYoungGen: 173157K->52827K(175104K)] 634386K->568993K(699392K), 0.0125552 secs] [Times: user=0.16 sys=0.00, real=0.02 secs] 
2016-09-25T23:29:43.305-0400: 62.912: [Full GC (Ergonomics) [PSYoungGen: 52827K->0K(175104K)] [ParOldGen: 516166K->339821K(524288K)] 568993K->339821K(699392K), [Metaspace: 43738K->43738K(1087488K)], 0.0660848 secs] [Times: user=0.59 sys=0.00, real=0.06 secs] 
2016-09-25T23:29:43.421-0400: 63.028: [GC (GCLocker Initiated GC) [PSYoungGen: 88064K->48766K(175104K)] 431617K->392320K(699392K), 0.0098578 secs] [Times: user=0.08 sys=0.01, real=0.01 secs] 
2016-09-25T23:29:43.486-0400: 63.093: [GC (GCLocker Initiated GC) [PSYoungGen: 136830K->72662K(175104K)] 491745K->432647K(699392K), 0.0144382 secs] [Times: user=0.18 sys=0.00, real=0.01 secs] 
2016-09-25T23:29:43.568-0400: 63.175: [GC (GCLocker Initiated GC) [PSYoungGen: 160726K->67316K(175104K)] 526165K->448212K(699392K), 0.0095900 secs] [Times: user=0.12 sys=0.00, real=0.01 secs] 
2016-09-25T23:29:43.613-0400: 63.220: [GC (GCLocker Initiated GC) [PSYoungGen: 155380K->60574K(175104K)] 540420K->481396K(699392K), 0.0086242 secs] [Times: user=0.12 sys=0.00, real=0.01 secs] 
2016-09-25T23:29:43.654-0400: 63.261: [GC (GCLocker Initiated GC) [PSYoungGen: 148638K->78294K(175104K)] 575113K->521707K(699392K), 0.0111337 secs] [Times: user=0.10 sys=0.00, real=0.02 secs] 
2016-09-25T23:29:43.738-0400: 63.345: [GC (GCLocker Initiated GC) [PSYoungGen: 166358K->59311K(175104K)] 619562K->540395K(699392K), 0.0231706 secs] [Times: user=0.27 sys=0.00, real=0.02 secs] 
2016-09-25T23:29:43.761-0400: 63.368: [Full GC (Ergonomics) [PSYoungGen: 59311K->0K(175104K)] [ParOldGen: 481084K->331961K(524288K)] 540395K->331961K(699392K), [Metaspace: 43738K->43738K(1087488K)], 0.0709503 secs] [Times: user=0.63 sys=0.01, real=0.07 secs] 
2016-09-25T23:29:43.871-0400: 63.478: [GC (GCLocker Initiated GC) [PSYoungGen: 88064K->79641K(175104K)] 420096K->411673K(699392K), 0.0098054 secs] [Times: user=0.10 sys=0.01, real=0.01 secs] 
2016-09-25T23:29:43.912-0400: 63.519: [GC (GCLocker Initiated GC) [PSYoungGen: 167705K->60857K(175104K)] 505239K->424922K(699392K), 0.0184863 secs] [Times: user=0.19 sys=0.00, real=0.02 secs] 
2016-09-25T23:29:43.973-0400: 63.580: [GC (GCLocker Initiated GC) [PSYoungGen: 148921K->55393K(175104K)] 515062K->446963K(699392K), 0.0133554 secs] [Times: user=0.16 sys=0.00, real=0.02 secs] 
2016-09-25T23:29:44.032-0400: 63.639: [GC (GCLocker Initiated GC) [PSYoungGen: 143457K->68810K(175104K)] 540539K->489888K(699392K), 0.0078608 secs] [Times: user=0.12 sys=0.00, real=0.01 secs] 
2016-09-25T23:29:44.077-0400: 63.684: [GC (GCLocker Initiated GC) [PSYoungGen: 156874K->66291K(175104K)] 590247K->518059K(699392K), 0.0075009 secs] [Times: user=0.11 sys=0.00, real=0.01 secs] 
2016-09-25T23:29:44.138-0400: 63.745: [GC (GCLocker Initiated GC) [PSYoungGen: 154355K->61932K(175104K)] 606302K->545960K(699392K), 0.0105801 secs] [Times: user=0.15 sys=0.00, real=0.01 secs] 
2016-09-25T23:29:44.148-0400: 63.755: [Full GC (Ergonomics) [PSYoungGen: 61932K->0K(175104K)] [ParOldGen: 484027K->322635K(524288K)] 545960K->322635K(699392K), [Metaspace: 43741K->43741K(1087488K)], 0.0580278 secs] [Times: user=0.57 sys=0.00, real=0.06 secs] 
2016-09-25T23:29:44.243-0400: 63.850: [GC (GCLocker Initiated GC) [PSYoungGen: 88064K->87005K(175104K)] 416312K->415253K(699392K), 0.0070680 secs] [Times: user=0.10 sys=0.01, real=0.00 secs] 
2016-09-25T23:29:44.301-0400: 63.908: [GC (GCLocker Initiated GC) [PSYoungGen: 175069K->56820K(175104K)] 507284K->413425K(699392K), 0.0077105 secs] [Times: user=0.09 sys=0.00, real=0.01 secs] 
2016-09-25T23:29:44.340-0400: 63.947: [GC (GCLocker Initiated GC) [PSYoungGen: 144884K->70274K(175104K)] 504350K->452351K(699392K), 0.0090073 secs] [Times: user=0.08 sys=0.00, real=0.01 secs] 
2016-09-25T23:29:44.404-0400: 64.011: [GC (GCLocker Initiated GC) [PSYoungGen: 158338K->41974K(175104K)] 541824K->462866K(699392K), 0.0070259 secs] [Times: user=0.07 sys=0.00, real=0.00 secs] 
2016-09-25T23:29:44.446-0400: 64.053: [GC (GCLocker Initiated GC) [PSYoungGen: 130038K->64734K(175104K)] 557835K->507077K(699392K), 0.0105520 secs] [Times: user=0.13 sys=0.00, real=0.01 secs] 
2016-09-25T23:29:44.504-0400: 64.111: [GC (GCLocker Initiated GC) [PSYoungGen: 152798K->68875K(175104K)] 602369K->542312K(699392K), 0.0081644 secs] [Times: user=0.12 sys=0.00, real=0.00 secs] 
2016-09-25T23:29:44.560-0400: 64.167: [Full GC (Ergonomics) [PSYoungGen: 156939K->0K(175104K)] [ParOldGen: 479007K->335700K(524288K)] 635947K->335700K(699392K), [Metaspace: 43741K->43741K(1087488K)], 0.0605163 secs] [Times: user=0.48 sys=0.00, real=0.06 secs] 
2016-09-25T23:29:44.667-0400: 64.274: [GC (GCLocker Initiated GC) [PSYoungGen: 88064K->74628K(175104K)] 426670K->413234K(699392K), 0.0064655 secs] [Times: user=0.08 sys=0.00, real=0.00 secs] 
2016-09-25T23:29:44.715-0400: 64.322: [GC (GCLocker Initiated GC) [PSYoungGen: 162692K->70501K(175104K)] 504087K->438801K(699392K), 0.0096664 secs] [Times: user=0.15 sys=0.00, real=0.01 secs] 
2016-09-25T23:29:44.766-0400: 64.373: [GC (GCLocker Initiated GC) [PSYoungGen: 158565K->65203K(175104K)] 536469K->453716K(699392K), 0.0090881 secs] [Times: user=0.09 sys=0.01, real=0.01 secs] 
2016-09-25T23:29:44.827-0400: 64.434: [GC (GCLocker Initiated GC) [PSYoungGen: 153267K->73969K(175104K)] 542189K->492451K(699392K), 0.0092336 secs] [Times: user=0.12 sys=0.00, real=0.01 secs] 
2016-09-25T23:29:44.869-0400: 64.476: [GC (GCLocker Initiated GC) [PSYoungGen: 162033K->75965K(175104K)] 580880K->530581K(699392K), 0.0092134 secs] [Times: user=0.14 sys=0.00, real=0.01 secs] 
2016-09-25T23:29:44.936-0400: 64.543: [GC (GCLocker Initiated GC) [PSYoungGen: 164029K->59477K(175104K)] 626833K->550402K(699392K), 0.0073171 secs] [Times: user=0.11 sys=0.00, real=0.01 secs] 
2016-09-25T23:29:44.943-0400: 64.550: [Full GC (Ergonomics) [PSYoungGen: 59477K->0K(175104K)] [ParOldGen: 490924K->333435K(524288K)] 550402K->333435K(699392K), [Metaspace: 43741K->43741K(1087488K)], 0.0617782 secs] [Times: user=0.54 sys=0.00, real=0.06 secs] 
2016-09-25T23:29:45.047-0400: 64.654: [GC (GCLocker Initiated GC) [PSYoungGen: 88064K->85364K(175104K)] 424324K->429724K(699392K), 0.0081551 secs] [Times: user=0.09 sys=0.01, real=0.01 secs] 
2016-09-25T23:29:45.106-0400: 64.713: [GC (GCLocker Initiated GC) [PSYoungGen: 173427K->59657K(175104K)] 523444K->441976K(699392K), 0.0080281 secs] [Times: user=0.10 sys=0.00, real=0.01 secs] 
2016-09-25T23:29:45.159-0400: 64.766: [GC (GCLocker Initiated GC) [PSYoungGen: 147721K->67622K(175104K)] 535607K->474193K(699392K), 0.0125753 secs] [Times: user=0.12 sys=0.01, real=0.01 secs] 
2016-09-25T23:29:45.213-0400: 64.820: [GC (GCLocker Initiated GC) [PSYoungGen: 155686K->78231K(175104K)] 562338K->516941K(699392K), 0.0103525 secs] [Times: user=0.11 sys=0.01, real=0.02 secs] 
2016-09-25T23:29:45.258-0400: 64.865: [GC (GCLocker Initiated GC) [PSYoungGen: 166295K->75806K(175104K)] 607858K->539866K(699392K), 0.0112689 secs] [Times: user=0.12 sys=0.01, real=0.01 secs] 
2016-09-25T23:29:45.323-0400: 64.930: [GC (GCLocker Initiated GC) [PSYoungGen: 163870K->69139K(175104K)] 628021K->554584K(699392K), 0.0085353 secs] [Times: user=0.08 sys=0.01, real=0.00 secs] 
2016-09-25T23:29:45.331-0400: 64.938: [Full GC (Ergonomics) [PSYoungGen: 69139K->0K(175104K)] [ParOldGen: 485444K->336555K(524288K)] 554584K->336555K(699392K), [Metaspace: 43753K->43753K(1087488K)], 0.0666442 secs] [Times: user=0.48 sys=0.00, real=0.07 secs] 
2016-09-25T23:29:45.461-0400: 65.068: [GC (GCLocker Initiated GC) [PSYoungGen: 88064K->75947K(175104K)] 426083K->413966K(699392K), 0.0074425 secs] [Times: user=0.09 sys=0.01, real=0.01 secs] 
2016-09-25T23:29:45.517-0400: 65.124: [GC (GCLocker Initiated GC) [PSYoungGen: 164011K->55300K(175104K)] 504825K->417621K(699392K), 0.0077504 secs] [Times: user=0.08 sys=0.00, real=0.01 secs] 
2016-09-25T23:29:45.573-0400: 65.180: [GC (GCLocker Initiated GC) [PSYoungGen: 143364K->49894K(175104K)] 505763K->459317K(699392K), 0.0087180 secs] [Times: user=0.11 sys=0.01, real=0.01 secs] 
2016-09-25T23:29:45.618-0400: 65.225: [GC (GCLocker Initiated GC) [PSYoungGen: 137958K->77252K(175104K)] 547532K->505310K(699392K), 0.0087403 secs] [Times: user=0.09 sys=0.01, real=0.01 secs] 
2016-09-25T23:29:45.687-0400: 65.294: [GC (GCLocker Initiated GC) [PSYoungGen: 165316K->37942K(175104K)] 605628K->513184K(699392K), 0.0070856 secs] [Times: user=0.07 sys=0.00, real=0.01 secs] 
2016-09-25T23:29:45.695-0400: 65.302: [Full GC (Ergonomics) [PSYoungGen: 37942K->0K(175104K)] [ParOldGen: 475242K->336269K(524288K)] 513184K->336269K(699392K), [Metaspace: 43798K->43798K(1087488K)], 0.0565411 secs] [Times: user=0.44 sys=0.01, real=0.05 secs] 
2016-09-25T23:29:45.788-0400: 65.395: [GC (GCLocker Initiated GC) [PSYoungGen: 88064K->85641K(175104K)] 425845K->428822K(699392K), 0.0096714 secs] [Times: user=0.14 sys=0.00, real=0.01 secs] 
2016-09-25T23:29:45.845-0400: 65.452: [GC (GCLocker Initiated GC) [PSYoungGen: 173705K->54046K(175104K)] 523436K->439005K(699392K), 0.0098182 secs] [Times: user=0.12 sys=0.01, real=0.01 secs] 
2016-09-25T23:29:45.901-0400: 65.508: [GC (GCLocker Initiated GC) [PSYoungGen: 142110K->64943K(175104K)] 538029K->484740K(699392K), 0.0103468 secs] [Times: user=0.13 sys=0.01, real=0.01 secs] 
2016-09-25T23:29:45.959-0400: 65.566: [GC (GCLocker Initiated GC) [PSYoungGen: 153007K->74265K(175104K)] 578684K->517203K(699392K), 0.0074479 secs] [Times: user=0.11 sys=0.00, real=0.01 secs] 
2016-09-25T23:29:46.017-0400: 65.624: [GC (GCLocker Initiated GC) [PSYoungGen: 162329K->69888K(175104K)] 608035K->539505K(699392K), 0.0082603 secs] [Times: user=0.13 sys=0.00, real=0.01 secs] 
2016-09-25T23:29:46.069-0400: 65.676: [GC (GCLocker Initiated GC) [PSYoungGen: 157952K->81310K(175104K)] 631749K->565099K(699392K), 0.0092669 secs] [Times: user=0.13 sys=0.00, real=0.01 secs] 
2016-09-25T23:29:46.078-0400: 65.685: [Full GC (Ergonomics) [PSYoungGen: 81310K->0K(175104K)] [ParOldGen: 483789K->342441K(524288K)] 565099K->342441K(699392K), [Metaspace: 43805K->43805K(1087488K)], 0.0511710 secs] [Times: user=0.44 sys=0.02, real=0.05 secs] 
2016-09-25T23:29:46.173-0400: 65.780: [GC (GCLocker Initiated GC) [PSYoungGen: 88064K->86388K(175104K)] 430837K->434562K(699392K), 0.0076668 secs] [Times: user=0.11 sys=0.00, real=0.01 secs] 
2016-09-25T23:29:46.222-0400: 65.829: [GC (GCLocker Initiated GC) [PSYoungGen: 174452K->75782K(175104K)] 529747K->458879K(699392K), 0.0094887 secs] [Times: user=0.11 sys=0.00, real=0.00 secs] 
2016-09-25T23:29:46.289-0400: 65.896: [GC (GCLocker Initiated GC) [PSYoungGen: 163846K->41570K(175104K)] 551162K->456914K(699392K), 0.0119058 secs] [Times: user=0.16 sys=0.00, real=0.01 secs] 
2016-09-25T23:29:46.325-0400: 65.932: [GC (GCLocker Initiated GC) [PSYoungGen: 129634K->80084K(175104K)] 550564K->509784K(699392K), 0.0121375 secs] [Times: user=0.14 sys=0.00, real=0.01 secs] 
2016-09-25T23:29:46.394-0400: 66.001: [GC (GCLocker Initiated GC) [PSYoungGen: 168148K->63477K(175104K)] 603347K->535076K(699392K), 0.0084149 secs] [Times: user=0.09 sys=0.01, real=0.02 secs] 
2016-09-25T23:29:46.435-0400: 66.042: [Full GC (Ergonomics) [PSYoungGen: 151541K->0K(175104K)] [ParOldGen: 474391K->358993K(524288K)] 625933K->358993K(699392K), [Metaspace: 43805K->43805K(1087488K)], 0.0646738 secs] [Times: user=0.60 sys=0.00, real=0.06 secs] 
2016-09-25T23:29:46.557-0400: 66.164: [GC (GCLocker Initiated GC) [PSYoungGen: 88064K->57084K(175104K)] 459556K->428576K(699392K), 0.0062955 secs] [Times: user=0.07 sys=0.01, real=0.01 secs] 
2016-09-25T23:29:46.594-0400: 66.201: [GC (GCLocker Initiated GC) [PSYoungGen: 145148K->82557K(175104K)] 519440K->468991K(699392K), 0.0117502 secs] [Times: user=0.12 sys=0.00, real=0.02 secs] 
2016-09-25T23:29:46.658-0400: 66.265: [GC (GCLocker Initiated GC) [PSYoungGen: 170621K->67416K(175104K)] 559840K->488727K(699392K), 0.0106677 secs] [Times: user=0.14 sys=0.01, real=0.01 secs] 
2016-09-25T23:29:46.708-0400: 66.315: [GC (GCLocker Initiated GC) [PSYoungGen: 155480K->74877K(175104K)] 585633K->523430K(699392K), 0.0103589 secs] [Times: user=0.13 sys=0.00, real=0.01 secs] 
2016-09-25T23:29:46.764-0400: 66.371: [GC (GCLocker Initiated GC) [PSYoungGen: 162941K->57918K(175104K)] 617711K->551889K(699392K), 0.0087746 secs] [Times: user=0.12 sys=0.00, real=0.00 secs] 
2016-09-25T23:29:46.773-0400: 66.380: [Full GC (Ergonomics) [PSYoungGen: 57918K->0K(175104K)] [ParOldGen: 493971K->346937K(524288K)] 551889K->346937K(699392K), [Metaspace: 43805K->43805K(1087488K)], 0.0809993 secs] [Times: user=0.49 sys=0.01, real=0.08 secs] 
2016-09-25T23:29:46.896-0400: 66.503: [GC (GCLocker Initiated GC) [PSYoungGen: 88064K->75916K(175104K)] 437875K->425727K(699392K), 0.0147068 secs] [Times: user=0.15 sys=0.00, real=0.01 secs] 
2016-09-25T23:29:46.954-0400: 66.561: [GC (GCLocker Initiated GC) [PSYoungGen: 163980K->52649K(175104K)] 513967K->432188K(699392K), 0.0086868 secs] [Times: user=0.08 sys=0.00, real=0.01 secs] 
2016-09-25T23:29:47.008-0400: 66.615: [GC (GCLocker Initiated GC) [PSYoungGen: 140713K->63578K(175104K)] 525751K->476678K(699392K), 0.0102821 secs] [Times: user=0.13 sys=0.00, real=0.01 secs] 
2016-09-25T23:29:47.065-0400: 66.672: [GC (GCLocker Initiated GC) [PSYoungGen: 151642K->67608K(175104K)] 564780K->504750K(699392K), 0.0132032 secs] [Times: user=0.20 sys=0.00, real=0.01 secs] 
2016-09-25T23:29:47.127-0400: 66.734: [GC (GCLocker Initiated GC) [PSYoungGen: 155672K->54064K(175104K)] 599682K->516603K(699392K), 0.0154219 secs] [Times: user=0.20 sys=0.02, real=0.02 secs] 
2016-09-25T23:29:47.201-0400: 66.808: [GC (GCLocker Initiated GC) [PSYoungGen: 142128K->50291K(175104K)] 608839K->559930K(699392K), 0.0147788 secs] [Times: user=0.15 sys=0.00, real=0.02 secs] 
2016-09-25T23:29:47.216-0400: 66.823: [Full GC (Ergonomics) [PSYoungGen: 50291K->0K(175104K)] [ParOldGen: 509638K->351014K(524288K)] 559930K->351014K(699392K), [Metaspace: 43805K->43805K(1087488K)], 0.0501055 secs] [Times: user=0.41 sys=0.00, real=0.05 secs] 
2016-09-25T23:29:47.304-0400: 66.911: [GC (GCLocker Initiated GC) [PSYoungGen: 88064K->86746K(175104K)] 439240K->437922K(699392K), 0.0111582 secs] [Times: user=0.18 sys=0.00, real=0.01 secs] 
2016-09-25T23:29:47.362-0400: 66.969: [GC (GCLocker Initiated GC) [PSYoungGen: 174810K->44520K(175104K)] 534520K->452680K(699392K), 0.0144293 secs] [Times: user=0.16 sys=0.00, real=0.02 secs] 
2016-09-25T23:29:47.427-0400: 67.034: [GC (GCLocker Initiated GC) [PSYoungGen: 132584K->75693K(175104K)] 546308K->503789K(699392K), 0.0119777 secs] [Times: user=0.19 sys=0.02, real=0.01 secs] 
2016-09-25T23:29:47.511-0400: 67.118: [GC (Allocation Failure) [PSYoungGen: 163757K->71934K(175104K)] 600109K->522740K(699392K), 0.0145076 secs] [Times: user=0.18 sys=0.02, real=0.02 secs] 
2016-09-25T23:29:47.573-0400: 67.180: [GC (GCLocker Initiated GC) [PSYoungGen: 157767K->52255K(175104K)] 611273K->540685K(699392K), 0.0076261 secs] [Times: user=0.12 sys=0.00, real=0.01 secs] 
2016-09-25T23:29:47.581-0400: 67.188: [Full GC (Ergonomics) [PSYoungGen: 52255K->0K(175104K)] [ParOldGen: 488429K->353262K(524288K)] 540685K->353262K(699392K), [Metaspace: 43805K->43805K(1087488K)], 0.0510172 secs] [Times: user=0.50 sys=0.00, real=0.05 secs] 
2016-09-25T23:29:47.682-0400: 67.289: [GC (GCLocker Initiated GC) [PSYoungGen: 88064K->84411K(175104K)] 446829K->462077K(699392K), 0.0144193 secs] [Times: user=0.19 sys=0.00, real=0.02 secs] 
2016-09-25T23:29:47.765-0400: 67.372: [GC (GCLocker Initiated GC) [PSYoungGen: 172475K->56443K(175104K)] 550333K->452046K(699392K), 0.0097435 secs] [Times: user=0.08 sys=0.01, real=0.01 secs] 
2016-09-25T23:29:47.806-0400: 67.413: [GC (GCLocker Initiated GC) [PSYoungGen: 144507K->76769K(175104K)] 540218K->488131K(699392K), 0.0088420 secs] [Times: user=0.08 sys=0.00, real=0.01 secs] 
2016-09-25T23:29:47.850-0400: 67.457: [GC (GCLocker Initiated GC) [PSYoungGen: 164833K->62168K(175104K)] 579026K->514931K(699392K), 0.0251364 secs] [Times: user=0.34 sys=0.01, real=0.03 secs] 
2016-09-25T23:29:47.943-0400: 67.550: [GC (GCLocker Initiated GC) [PSYoungGen: 150232K->55550K(175104K)] 612827K->547345K(699392K), 0.0144067 secs] [Times: user=0.15 sys=0.00, real=0.01 secs] 
2016-09-25T23:29:47.958-0400: 67.565: [Full GC (Ergonomics) [PSYoungGen: 55550K->0K(175104K)] [ParOldGen: 491794K->357012K(524288K)] 547345K->357012K(699392K), [Metaspace: 43805K->43805K(1087488K)], 0.0619502 secs] [Times: user=0.49 sys=0.01, real=0.06 secs] 
2016-09-25T23:29:48.069-0400: 67.676: [GC (GCLocker Initiated GC) [PSYoungGen: 88064K->60634K(175104K)] 445711K->418281K(699392K), 0.0107856 secs] [Times: user=0.11 sys=0.00, real=0.01 secs] 
2016-09-25T23:29:48.135-0400: 67.743: [GC (GCLocker Initiated GC) [PSYoungGen: 148698K->75818K(175104K)] 515978K->454716K(699392K), 0.0145950 secs] [Times: user=0.19 sys=0.00, real=0.01 secs] 
2016-09-25T23:29:48.214-0400: 67.821: [GC (GCLocker Initiated GC) [PSYoungGen: 163882K->48345K(175104K)] 548434K->446203K(699392K), 0.0075806 secs] [Times: user=0.05 sys=0.01, real=0.01 secs] 
2016-09-25T23:29:48.245-0400: 67.852: [GC (GCLocker Initiated GC) [PSYoungGen: 136409K->72823K(175104K)] 537139K->494522K(699392K), 0.0080676 secs] [Times: user=0.12 sys=0.00, real=0.00 secs] 
2016-09-25T23:29:48.320-0400: 67.927: [GC (GCLocker Initiated GC) [PSYoungGen: 160887K->56594K(175104K)] 594881K->519776K(699392K), 0.0121895 secs] [Times: user=0.15 sys=0.01, real=0.01 secs] 
2016-09-25T23:29:48.383-0400: 67.990: [GC (GCLocker Initiated GC) [PSYoungGen: 144658K->71868K(175104K)] 607941K->548105K(699392K), 0.0193224 secs] [Times: user=0.25 sys=0.00, real=0.02 secs] 
2016-09-25T23:29:48.457-0400: 68.064: [Full GC (Ergonomics) [PSYoungGen: 159932K->0K(175104K)] [ParOldGen: 484604K->364208K(524288K)] 644536K->364208K(699392K), [Metaspace: 43805K->43805K(1087488K)], 0.0615191 secs] [Times: user=0.41 sys=0.01, real=0.06 secs] 
2016-09-25T23:29:48.585-0400: 68.192: [GC (GCLocker Initiated GC) [PSYoungGen: 88064K->52499K(175104K)] 457707K->422143K(699392K), 0.0093723 secs] [Times: user=0.09 sys=0.00, real=0.01 secs] 
2016-09-25T23:29:48.649-0400: 68.256: [GC (GCLocker Initiated GC) [PSYoungGen: 140563K->80001K(175104K)] 515794K->472211K(699392K), 0.0116245 secs] [Times: user=0.12 sys=0.02, real=0.01 secs] 
2016-09-25T23:29:48.706-0400: 68.313: [GC (GCLocker Initiated GC) [PSYoungGen: 168065K->61891K(175104K)] 563217K->485236K(699392K), 0.0094840 secs] [Times: user=0.13 sys=0.00, real=0.01 secs] 
2016-09-25T23:29:48.747-0400: 68.354: [GC (GCLocker Initiated GC) [PSYoungGen: 149955K->83892K(175104K)] 573487K->525707K(699392K), 0.0086714 secs] [Times: user=0.13 sys=0.00, real=0.01 secs] 
2016-09-25T23:29:48.829-0400: 68.436: [GC (GCLocker Initiated GC) [PSYoungGen: 171956K->60771K(175104K)] 619230K->541507K(699392K), 0.0125683 secs] [Times: user=0.18 sys=0.00, real=0.01 secs] 
2016-09-25T23:29:48.842-0400: 68.449: [Full GC (Ergonomics) [PSYoungGen: 60771K->0K(175104K)] [ParOldGen: 480736K->360692K(524288K)] 541507K->360692K(699392K), [Metaspace: 43805K->43805K(1087488K)], 0.0727512 secs] [Times: user=0.57 sys=0.00, real=0.08 secs] 
2016-09-25T23:29:48.952-0400: 68.559: [GC (GCLocker Initiated GC) [PSYoungGen: 88064K->85621K(175104K)] 451572K->454530K(699392K), 0.0093784 secs] [Times: user=0.12 sys=0.01, real=0.01 secs] 
2016-09-25T23:29:48.998-0400: 68.605: [GC (GCLocker Initiated GC) [PSYoungGen: 173685K->74341K(175104K)] 545443K->466404K(699392K), 0.0087236 secs] [Times: user=0.11 sys=0.01, real=0.01 secs] 
2016-09-25T23:29:49.050-0400: 68.657: [GC (GCLocker Initiated GC) [PSYoungGen: 162405K->85201K(175104K)] 560052K->500037K(699392K), 0.0115360 secs] [Times: user=0.13 sys=0.00, real=0.01 secs] 
2016-09-25T23:29:49.111-0400: 68.718: [GC (GCLocker Initiated GC) [PSYoungGen: 173265K->40565K(175104K)] 597707K->493044K(699392K), 0.0075196 secs] [Times: user=0.09 sys=0.01, real=0.01 secs] 
2016-09-25T23:29:49.165-0400: 68.772: [GC (GCLocker Initiated GC) [PSYoungGen: 128629K->75907K(175104K)] 596099K->544416K(699392K), 0.0094018 secs] [Times: user=0.15 sys=0.00, real=0.01 secs] 
2016-09-25T23:29:49.227-0400: 68.834: [GC (GCLocker Initiated GC) [PSYoungGen: 163971K->68419K(175104K)] 638006K->556936K(699392K), 0.0072142 secs] [Times: user=0.10 sys=0.00, real=0.01 secs] 
2016-09-25T23:29:49.235-0400: 68.842: [Full GC (Ergonomics) [PSYoungGen: 68419K->0K(175104K)] [ParOldGen: 488517K->363549K(524288K)] 556936K->363549K(699392K), [Metaspace: 43805K->43805K(1087488K)], 0.0594587 secs] [Times: user=0.59 sys=0.01, real=0.06 secs] 
2016-09-25T23:29:49.334-0400: 68.941: [GC (GCLocker Initiated GC) [PSYoungGen: 88064K->80329K(175104K)] 454368K->446633K(699392K), 0.0109914 secs] [Times: user=0.12 sys=0.00, real=0.02 secs] 
2016-09-25T23:29:49.391-0400: 68.998: [GC (GCLocker Initiated GC) [PSYoungGen: 168393K->59556K(175104K)] 536080K->451596K(699392K), 0.0081201 secs] [Times: user=0.11 sys=0.01, real=0.01 secs] 
2016-09-25T23:29:49.440-0400: 69.047: [GC (GCLocker Initiated GC) [PSYoungGen: 147620K->68874K(175104K)] 545211K->493109K(699392K), 0.0081920 secs] [Times: user=0.13 sys=0.00, real=0.01 secs] 
2016-09-25T23:29:49.489-0400: 69.096: [GC (GCLocker Initiated GC) [PSYoungGen: 156938K->81093K(175104K)] 589427K->532075K(699392K), 0.0104196 secs] [Times: user=0.17 sys=0.00, real=0.01 secs] 
2016-09-25T23:29:49.543-0400: 69.150: [GC (GCLocker Initiated GC) [PSYoungGen: 169157K->55405K(175104K)] 623069K->546782K(699392K), 0.0092981 secs] [Times: user=0.14 sys=0.00, real=0.00 secs] 
2016-09-25T23:29:49.553-0400: 69.160: [Full GC (Ergonomics) [PSYoungGen: 55405K->0K(175104K)] [ParOldGen: 491376K->370957K(524288K)] 546782K->370957K(699392K), [Metaspace: 43805K->43805K(1087488K)], 0.0584898 secs] [Times: user=0.54 sys=0.00, real=0.06 secs] 
2016-09-25T23:29:49.649-0400: 69.256: [GC (GCLocker Initiated GC) [PSYoungGen: 88064K->85560K(175104K)] 461778K->461974K(699392K), 0.0101435 secs] [Times: user=0.16 sys=0.00, real=0.01 secs] 
2016-09-25T23:29:49.703-0400: 69.311: [GC (GCLocker Initiated GC) [PSYoungGen: 173624K->77011K(175104K)] 552814K->473793K(699392K), 0.0130388 secs] [Times: user=0.12 sys=0.00, real=0.01 secs] 
2016-09-25T23:29:49.755-0400: 69.362: [GC (GCLocker Initiated GC) [PSYoungGen: 165075K->64856K(175104K)] 567323K->496465K(699392K), 0.0088278 secs] [Times: user=0.13 sys=0.00, real=0.01 secs] 
2016-09-25T23:29:49.813-0400: 69.420: [GC (GCLocker Initiated GC) [PSYoungGen: 152920K->69014K(175104K)] 594120K->525978K(699392K), 0.0096707 secs] [Times: user=0.11 sys=0.00, real=0.02 secs] 
2016-09-25T23:29:49.858-0400: 69.465: [GC (GCLocker Initiated GC) [PSYoungGen: 157078K->78196K(175104K)] 614305K->554016K(699392K), 0.0085299 secs] [Times: user=0.11 sys=0.01, real=0.01 secs] 
2016-09-25T23:29:49.912-0400: 69.519: [GC (GCLocker Initiated GC) [PSYoungGen: 166260K->68885K(175104K)] 647692K->569996K(699392K), 0.0086280 secs] [Times: user=0.09 sys=0.00, real=0.01 secs] 
2016-09-25T23:29:49.921-0400: 69.528: [Full GC (Ergonomics) [PSYoungGen: 68885K->0K(175104K)] [ParOldGen: 501110K->370937K(524288K)] 569996K->370937K(699392K), [Metaspace: 43805K->43805K(1087488K)], 0.0539662 secs] [Times: user=0.49 sys=0.00, real=0.06 secs] 
2016-09-25T23:29:50.014-0400: 69.621: [GC (GCLocker Initiated GC) [PSYoungGen: 88064K->85196K(175104K)] 459171K->461703K(699392K), 0.0079948 secs] [Times: user=0.11 sys=0.00, real=0.02 secs] 
2016-09-25T23:29:50.067-0400: 69.674: [GC (GCLocker Initiated GC) [PSYoungGen: 173260K->70294K(175104K)] 549945K->475008K(699392K), 0.0128277 secs] [Times: user=0.17 sys=0.00, real=0.01 secs] 
2016-09-25T23:29:50.127-0400: 69.734: [GC (GCLocker Initiated GC) [PSYoungGen: 158358K->74504K(175104K)] 567238K->512731K(699392K), 0.0118724 secs] [Times: user=0.21 sys=0.00, real=0.01 secs] 
2016-09-25T23:29:50.175-0400: 69.782: [GC (GCLocker Initiated GC) [PSYoungGen: 162568K->78388K(175104K)] 603665K->548999K(699392K), 0.0111543 secs] [Times: user=0.17 sys=0.01, real=0.01 secs] 
2016-09-25T23:29:50.234-0400: 69.841: [GC (GCLocker Initiated GC) [PSYoungGen: 166452K->66315K(175104K)] 645294K->581166K(699392K), 0.0096014 secs] [Times: user=0.11 sys=0.01, real=0.01 secs] 
2016-09-25T23:29:50.246-0400: 69.853: [Full GC (Ergonomics) [PSYoungGen: 66315K->0K(175104K)] [ParOldGen: 514851K->379543K(524288K)] 581166K->379543K(699392K), [Metaspace: 43805K->43805K(1087488K)], 0.2510507 secs] [Times: user=3.74 sys=0.01, real=0.25 secs] 
2016-09-25T23:29:50.545-0400: 70.152: [GC (GCLocker Initiated GC) [PSYoungGen: 88064K->74530K(175104K)] 467759K->454226K(699392K), 0.0099955 secs] [Times: user=0.15 sys=0.00, real=0.01 secs] 
2016-09-25T23:29:50.601-0400: 70.208: [GC (GCLocker Initiated GC) [PSYoungGen: 162594K->60748K(175104K)] 543934K->466244K(699392K), 0.0096588 secs] [Times: user=0.13 sys=0.00, real=0.01 secs] 
2016-09-25T23:29:50.653-0400: 70.260: [GC (GCLocker Initiated GC) [PSYoungGen: 148812K->56506K(175104K)] 557213K->488710K(699392K), 0.0089898 secs] [Times: user=0.10 sys=0.00, real=0.01 secs] 
2016-09-25T23:29:50.709-0400: 70.316: [GC (GCLocker Initiated GC) [PSYoungGen: 144570K->56665K(175104K)] 584966K->520650K(699392K), 0.0091655 secs] [Times: user=0.11 sys=0.00, real=0.01 secs] 
2016-09-25T23:29:50.759-0400: 70.366: [GC (GCLocker Initiated GC) [PSYoungGen: 144729K->60722K(175104K)] 611634K->550166K(699392K), 0.0081544 secs] [Times: user=0.08 sys=0.00, real=0.01 secs] 
2016-09-25T23:29:50.768-0400: 70.375: [Full GC (Ergonomics) [PSYoungGen: 60722K->0K(175104K)] [ParOldGen: 489444K->377798K(524288K)] 550166K->377798K(699392K), [Metaspace: 43808K->43808K(1087488K)], 0.0619682 secs] [Times: user=0.44 sys=0.00, real=0.06 secs] 
2016-09-25T23:29:50.879-0400: 70.486: [GC (GCLocker Initiated GC) [PSYoungGen: 88064K->71776K(175104K)] 467289K->451002K(699392K), 0.0090124 secs] [Times: user=0.12 sys=0.00, real=0.01 secs] 
2016-09-25T23:29:50.920-0400: 70.527: [GC (GCLocker Initiated GC) [PSYoungGen: 159840K->82214K(175104K)] 539189K->477510K(699392K), 0.0096386 secs] [Times: user=0.13 sys=0.00, real=0.01 secs] 
2016-09-25T23:29:50.974-0400: 70.582: [GC (GCLocker Initiated GC) [PSYoungGen: 170278K->48621K(175104K)] 568492K->477305K(699392K), 0.0104882 secs] [Times: user=0.10 sys=0.00, real=0.01 secs] 
2016-09-25T23:29:51.028-0400: 70.635: [GC (GCLocker Initiated GC) [PSYoungGen: 136685K->68745K(175104K)] 565566K->524256K(699392K), 0.0088293 secs] [Times: user=0.09 sys=0.00, real=0.01 secs] 
2016-09-25T23:29:51.078-0400: 70.685: [GC (GCLocker Initiated GC) [PSYoungGen: 156809K->66326K(175104K)] 623277K->570049K(699392K), 0.0098937 secs] [Times: user=0.11 sys=0.00, real=0.01 secs] 
2016-09-25T23:29:51.091-0400: 70.698: [Full GC (Ergonomics) [PSYoungGen: 66326K->0K(175104K)] [ParOldGen: 503723K->383668K(524288K)] 570049K->383668K(699392K), [Metaspace: 43808K->43808K(1087488K)], 0.0564447 secs] [Times: user=0.38 sys=0.01, real=0.06 secs] 
2016-09-25T23:29:51.199-0400: 70.806: [GC (GCLocker Initiated GC) [PSYoungGen: 88064K->63665K(175104K)] 474581K->450183K(699392K), 0.0060935 secs] [Times: user=0.07 sys=0.00, real=0.01 secs] 
2016-09-25T23:29:51.239-0400: 70.846: [GC (GCLocker Initiated GC) [PSYoungGen: 151729K->64715K(175104K)] 538411K->479571K(699392K), 0.0129810 secs] [Times: user=0.14 sys=0.00, real=0.01 secs] 
2016-09-25T23:29:51.296-0400: 70.903: [GC (GCLocker Initiated GC) [PSYoungGen: 152779K->73458K(175104K)] 571849K->492528K(699392K), 0.0075802 secs] [Times: user=0.09 sys=0.00, real=0.01 secs] 
2016-09-25T23:29:51.349-0400: 70.956: [GC (GCLocker Initiated GC) [PSYoungGen: 161522K->60293K(148480K)] 586365K->504241K(672768K), 0.0117882 secs] [Times: user=0.11 sys=0.00, real=0.01 secs] 
2016-09-25T23:29:51.403-0400: 71.010: [GC (GCLocker Initiated GC) [PSYoungGen: 148357K->61089K(175616K)] 596453K->509185K(699904K), 0.0086486 secs] [Times: user=0.10 sys=0.00, real=0.00 secs] 
2016-09-25T23:29:51.455-0400: 71.062: [GC (GCLocker Initiated GC) [PSYoungGen: 150177K->74911K(174592K)] 601178K->525912K(698880K), 0.0190607 secs] [Times: user=0.20 sys=0.00, real=0.02 secs] 
2016-09-25T23:29:51.518-0400: 71.125: [GC (GCLocker Initiated GC) [PSYoungGen: 163999K->79296K(175104K)] 621855K->557847K(699392K), 0.0080754 secs] [Times: user=0.08 sys=0.00, real=0.01 secs] 
2016-09-25T23:29:51.526-0400: 71.133: [Full GC (Ergonomics) [PSYoungGen: 79296K->0K(175104K)] [ParOldGen: 478550K->378763K(524288K)] 557847K->378763K(699392K), [Metaspace: 43815K->43815K(1087488K)], 0.0648000 secs] [Times: user=0.43 sys=0.00, real=0.06 secs] 
2016-09-25T23:29:51.637-0400: 71.244: [GC (GCLocker Initiated GC) [PSYoungGen: 88064K->63518K(175104K)] 469679K->445134K(699392K), 0.0065428 secs] [Times: user=0.05 sys=0.01, real=0.01 secs] 
2016-09-25T23:29:51.685-0400: 71.292: [GC (GCLocker Initiated GC) [PSYoungGen: 151582K->51271K(175104K)] 536003K->496253K(699392K), 0.0093307 secs] [Times: user=0.08 sys=0.00, real=0.01 secs] 
2016-09-25T23:29:51.732-0400: 71.339: [GC (GCLocker Initiated GC) [PSYoungGen: 139335K->78561K(175104K)] 588215K->554033K(699392K), 0.0110173 secs] [Times: user=0.14 sys=0.00, real=0.02 secs] 
2016-09-25T23:29:51.743-0400: 71.350: [Full GC (Ergonomics) [PSYoungGen: 78561K->0K(175104K)] [ParOldGen: 475471K->379032K(524288K)] 554033K->379032K(699392K), [Metaspace: 43815K->43815K(1087488K)], 0.0732384 secs] [Times: user=0.59 sys=0.00, real=0.07 secs] 
2016-09-25T23:29:51.861-0400: 71.468: [GC (GCLocker Initiated GC) [PSYoungGen: 88064K->76604K(175104K)] 467194K->455734K(699392K), 0.0068635 secs] [Times: user=0.11 sys=0.00, real=0.01 secs] 
2016-09-25T23:29:51.913-0400: 71.520: [GC (GCLocker Initiated GC) [PSYoungGen: 164668K->59719K(175104K)] 554993K->493832K(699392K), 0.0114630 secs] [Times: user=0.15 sys=0.00, real=0.02 secs] 
2016-09-25T23:29:51.976-0400: 71.583: [GC (GCLocker Initiated GC) [PSYoungGen: 147783K->33253K(175104K)] 585335K->496234K(699392K), 0.0080746 secs] [Times: user=0.08 sys=0.00, real=0.01 secs] 
2016-09-25T23:29:52.023-0400: 71.630: [Full GC (Ergonomics) [PSYoungGen: 121317K->0K(175104K)] [ParOldGen: 464534K->381923K(524288K)] 585852K->381923K(699392K), [Metaspace: 43816K->43816K(1087488K)], 0.0573232 secs] [Times: user=0.53 sys=0.00, real=0.05 secs] 
2016-09-25T23:29:52.124-0400: 71.731: [GC (GCLocker Initiated GC) [PSYoungGen: 88064K->73615K(175104K)] 478187K->463739K(699392K), 0.0090123 secs] [Times: user=0.10 sys=0.00, real=0.00 secs] 
2016-09-25T23:29:52.178-0400: 71.786: [GC (GCLocker Initiated GC) [PSYoungGen: 161679K->71545K(175104K)] 554197K->479220K(699392K), 0.0086527 secs] [Times: user=0.13 sys=0.01, real=0.01 secs] 
2016-09-25T23:29:52.217-0400: 71.824: [GC (GCLocker Initiated GC) [PSYoungGen: 159609K->78255K(175104K)] 567972K->518582K(699392K), 0.0096488 secs] [Times: user=0.15 sys=0.00, real=0.01 secs] 
2016-09-25T23:29:52.280-0400: 71.887: [GC (GCLocker Initiated GC) [PSYoungGen: 166319K->67434K(175104K)] 614846K->533011K(699392K), 0.0095454 secs] [Times: user=0.14 sys=0.00, real=0.01 secs] 
2016-09-25T23:29:52.333-0400: 71.940: [Full GC (Ergonomics) [PSYoungGen: 155498K->0K(175104K)] [ParOldGen: 471931K->383190K(524288K)] 627430K->383190K(699392K), [Metaspace: 43816K->43816K(1087488K)], 0.0689181 secs] [Times: user=0.58 sys=0.01, real=0.08 secs] 
2016-09-25T23:29:52.439-0400: 72.046: [GC (GCLocker Initiated GC) [PSYoungGen: 88064K->71744K(175104K)] 473979K->457660K(699392K), 0.0075832 secs] [Times: user=0.04 sys=0.00, real=0.01 secs] 
2016-09-25T23:29:52.483-0400: 72.090: [GC (GCLocker Initiated GC) [PSYoungGen: 159808K->54258K(175104K)] 551346K->479445K(699392K), 0.0073413 secs] [Times: user=0.08 sys=0.01, real=0.00 secs] 
2016-09-25T23:29:52.532-0400: 72.139: [GC (GCLocker Initiated GC) [PSYoungGen: 142322K->58225K(175104K)] 570379K->513100K(699392K), 0.0085830 secs] [Times: user=0.11 sys=0.00, real=0.01 secs] 
2016-09-25T23:29:52.592-0400: 72.199: [GC (GCLocker Initiated GC) [PSYoungGen: 146289K->55871K(175104K)] 604091K->540373K(699392K), 0.0137735 secs] [Times: user=0.16 sys=0.01, real=0.02 secs] 
2016-09-25T23:29:52.606-0400: 72.213: [Full GC (Ergonomics) [PSYoungGen: 55871K->0K(175104K)] [ParOldGen: 484501K->383971K(524288K)] 540373K->383971K(699392K), [Metaspace: 43816K->43816K(1087488K)], 0.0788548 secs] [Times: user=0.50 sys=0.03, real=0.08 secs] 
2016-09-25T23:29:52.728-0400: 72.335: [GC (GCLocker Initiated GC) [PSYoungGen: 88064K->86767K(175104K)] 477485K->476189K(699392K), 0.0083067 secs] [Times: user=0.12 sys=0.00, real=0.01 secs] 
2016-09-25T23:29:52.789-0400: 72.396: [GC (GCLocker Initiated GC) [PSYoungGen: 174831K->51337K(175104K)] 567069K->478618K(699392K), 0.0118748 secs] [Times: user=0.15 sys=0.01, real=0.01 secs] 
2016-09-25T23:29:52.856-0400: 72.463: [GC (GCLocker Initiated GC) [PSYoungGen: 139401K->76012K(175104K)] 572170K->519154K(699392K), 0.0148033 secs] [Times: user=0.16 sys=0.01, real=0.01 secs] 
2016-09-25T23:29:52.931-0400: 72.538: [GC (GCLocker Initiated GC) [PSYoungGen: 164076K->46042K(175104K)] 609982K->513379K(699392K), 0.0096818 secs] [Times: user=0.08 sys=0.00, real=0.01 secs] 
2016-09-25T23:29:52.971-0400: 72.578: [GC (GCLocker Initiated GC) [PSYoungGen: 134106K->52474K(175104K)] 604300K->557478K(699392K), 0.0120125 secs] [Times: user=0.09 sys=0.01, real=0.02 secs] 
2016-09-25T23:29:52.983-0400: 72.590: [Full GC (Ergonomics) [PSYoungGen: 52474K->0K(175104K)] [ParOldGen: 505004K->392099K(524288K)] 557478K->392099K(699392K), [Metaspace: 43816K->43816K(1087488K)], 0.0951554 secs] [Times: user=0.60 sys=0.01, real=0.09 secs] 
2016-09-25T23:29:53.139-0400: 72.746: [GC (GCLocker Initiated GC) [PSYoungGen: 88064K->72222K(175104K)] 484269K->468427K(699392K), 0.0085112 secs] [Times: user=0.08 sys=0.00, real=0.01 secs] 
2016-09-25T23:29:53.191-0400: 72.798: [GC (GCLocker Initiated GC) [PSYoungGen: 160286K->59570K(175104K)] 557949K->491135K(699392K), 0.0090554 secs] [Times: user=0.10 sys=0.01, real=0.01 secs] 
2016-09-25T23:29:53.252-0400: 72.859: [GC (GCLocker Initiated GC) [PSYoungGen: 147634K->63705K(175104K)] 584860K->530341K(699392K), 0.0148103 secs] [Times: user=0.18 sys=0.00, real=0.02 secs] 
2016-09-25T23:29:53.336-0400: 72.943: [Full GC (Ergonomics) [PSYoungGen: 151769K->0K(175104K)] [ParOldGen: 474817K->391721K(524288K)] 626586K->391721K(699392K), [Metaspace: 43816K->43816K(1087488K)], 0.0537404 secs] [Times: user=0.44 sys=0.00, real=0.05 secs] 
2016-09-25T23:29:53.442-0400: 73.049: [GC (GCLocker Initiated GC) [PSYoungGen: 88064K->74751K(175104K)] 484054K->470742K(699392K), 0.0110702 secs] [Times: user=0.16 sys=0.00, real=0.01 secs] 
2016-09-25T23:29:53.503-0400: 73.110: [GC (GCLocker Initiated GC) [PSYoungGen: 162815K->55368K(175104K)] 558874K->501333K(699392K), 0.0133461 secs] [Times: user=0.17 sys=0.00, real=0.01 secs] 
2016-09-25T23:29:53.574-0400: 73.181: [GC (GCLocker Initiated GC) [PSYoungGen: 143432K->62584K(175104K)] 593682K->534020K(699392K), 0.0091251 secs] [Times: user=0.11 sys=0.01, real=0.02 secs] 
2016-09-25T23:29:53.583-0400: 73.190: [Full GC (Ergonomics) [PSYoungGen: 62584K->0K(175104K)] [ParOldGen: 471436K->388035K(524288K)] 534020K->388035K(699392K), [Metaspace: 43816K->43816K(1087488K)], 0.0509829 secs] [Times: user=0.44 sys=0.00, real=0.05 secs] 
2016-09-25T23:29:53.712-0400: 73.319: [GC (GCLocker Initiated GC) [PSYoungGen: 88064K->70400K(175104K)] 478881K->461218K(699392K), 0.0121844 secs] [Times: user=0.14 sys=0.02, real=0.02 secs] 
2016-09-25T23:29:53.773-0400: 73.380: [GC (GCLocker Initiated GC) [PSYoungGen: 158464K->72010K(175104K)] 554270K->495930K(699392K), 0.0117348 secs] [Times: user=0.18 sys=0.00, real=0.02 secs] 
2016-09-25T23:29:53.830-0400: 73.437: [GC (GCLocker Initiated GC) [PSYoungGen: 160074K->70150K(175104K)] 584151K->522625K(699392K), 0.0090306 secs] [Times: user=0.12 sys=0.00, real=0.01 secs] 
2016-09-25T23:29:53.879-0400: 73.486: [GC (GCLocker Initiated GC) [PSYoungGen: 158214K->74454K(175104K)] 613521K->552213K(699392K), 0.0159933 secs] [Times: user=0.19 sys=0.00, real=0.02 secs] 
2016-09-25T23:29:53.895-0400: 73.502: [Full GC (Ergonomics) [PSYoungGen: 74454K->0K(175104K)] [ParOldGen: 477758K->395611K(524288K)] 552213K->395611K(699392K), [Metaspace: 43817K->43817K(1087488K)], 0.0835931 secs] [Times: user=0.74 sys=0.01, real=0.08 secs] 
2016-09-25T23:29:54.032-0400: 73.639: [GC (GCLocker Initiated GC) [PSYoungGen: 88064K->72197K(175104K)] 486495K->470628K(699392K), 0.0073759 secs] [Times: user=0.10 sys=0.00, real=0.01 secs] 
2016-09-25T23:29:54.086-0400: 73.693: [GC (GCLocker Initiated GC) [PSYoungGen: 160261K->48684K(175104K)] 558967K->486768K(699392K), 0.0081400 secs] [Times: user=0.10 sys=0.01, real=0.01 secs] 
2016-09-25T23:29:54.125-0400: 73.732: [GC (GCLocker Initiated GC) [PSYoungGen: 136748K->77387K(175104K)] 583040K->543681K(699392K), 0.0107873 secs] [Times: user=0.13 sys=0.00, real=0.01 secs] 
2016-09-25T23:29:54.194-0400: 73.801: [Full GC (Ergonomics) [PSYoungGen: 165451K->0K(175104K)] [ParOldGen: 470437K->395308K(524288K)] 635888K->395308K(699392K), [Metaspace: 43818K->43818K(1087488K)], 0.0737422 secs] [Times: user=0.56 sys=0.01, real=0.08 secs] 
2016-09-25T23:29:54.309-0400: 73.916: [GC (GCLocker Initiated GC) [PSYoungGen: 88064K->87011K(175104K)] 488833K->493212K(699392K), 0.0116932 secs] [Times: user=0.19 sys=0.00, real=0.01 secs] 
2016-09-25T23:29:54.375-0400: 73.982: [GC (GCLocker Initiated GC) [PSYoungGen: 175075K->44679K(175104K)] 588201K->474136K(699392K), 0.0140061 secs] [Times: user=0.08 sys=0.01, real=0.01 secs] 
2016-09-25T23:29:54.441-0400: 74.048: [GC (GCLocker Initiated GC) [PSYoungGen: 132743K->57618K(175104K)] 565091K->507381K(699392K), 0.0108621 secs] [Times: user=0.09 sys=0.00, real=0.01 secs] 
2016-09-25T23:29:54.488-0400: 74.095: [GC (GCLocker Initiated GC) [PSYoungGen: 145682K->54027K(175104K)] 598375K->523402K(699392K), 0.0096815 secs] [Times: user=0.08 sys=0.01, real=0.01 secs] 
2016-09-25T23:29:54.552-0400: 74.159: [GC (GCLocker Initiated GC) [PSYoungGen: 142091K->56991K(175104K)] 615916K->554784K(699392K), 0.0098628 secs] [Times: user=0.09 sys=0.00, real=0.01 secs] 
2016-09-25T23:29:54.562-0400: 74.169: [Full GC (Ergonomics) [PSYoungGen: 56991K->0K(175104K)] [ParOldGen: 497792K->391758K(524288K)] 554784K->391758K(699392K), [Metaspace: 43818K->43818K(1087488K)], 0.0761043 secs] [Times: user=0.75 sys=0.02, real=0.07 secs] 
2016-09-25T23:29:54.675-0400: 74.283: [GC (GCLocker Initiated GC) [PSYoungGen: 88064K->75977K(175104K)] 479905K->467818K(699392K), 0.0116124 secs] [Times: user=0.17 sys=0.01, real=0.01 secs] 
2016-09-25T23:29:54.745-0400: 74.352: [GC (GCLocker Initiated GC) [PSYoungGen: 164041K->56727K(175104K)] 558612K->482345K(699392K), 0.0102277 secs] [Times: user=0.17 sys=0.00, real=0.01 secs] 
2016-09-25T23:29:54.799-0400: 74.406: [GC (GCLocker Initiated GC) [PSYoungGen: 144791K->55639K(175104K)] 570509K->514698K(699392K), 0.0071439 secs] [Times: user=0.08 sys=0.00, real=0.01 secs] 
2016-09-25T23:29:54.863-0400: 74.470: [GC (Allocation Failure) [PSYoungGen: 143703K->57194K(175104K)] 608235K->537807K(699392K), 0.0107110 secs] [Times: user=0.11 sys=0.00, real=0.00 secs] 
2016-09-25T23:29:54.873-0400: 74.480: [Full GC (Ergonomics) [PSYoungGen: 57194K->0K(175104K)] [ParOldGen: 480613K->398085K(524288K)] 537807K->398085K(699392K), [Metaspace: 43818K->43818K(1087488K)], 0.0583268 secs] [Times: user=0.49 sys=0.01, real=0.06 secs] 
2016-09-25T23:29:54.970-0400: 74.577: [GC (GCLocker Initiated GC) [PSYoungGen: 87741K->69265K(175104K)] 488526K->470051K(699392K), 0.0088252 secs] [Times: user=0.10 sys=0.01, real=0.01 secs] 
2016-09-25T23:29:55.023-0400: 74.630: [GC (GCLocker Initiated GC) [PSYoungGen: 157329K->74642K(175104K)] 561064K->502685K(699392K), 0.0094819 secs] [Times: user=0.12 sys=0.00, real=0.00 secs] 
2016-09-25T23:29:55.073-0400: 74.680: [GC (GCLocker Initiated GC) [PSYoungGen: 162706K->83970K(175104K)] 592043K->541433K(699392K), 0.0128207 secs] [Times: user=0.17 sys=0.00, real=0.02 secs] 
2016-09-25T23:29:55.129-0400: 74.736: [GC (GCLocker Initiated GC) [PSYoungGen: 172034K->46979K(175104K)] 632312K->554232K(699392K), 0.0116602 secs] [Times: user=0.12 sys=0.00, real=0.01 secs] 
2016-09-25T23:29:55.141-0400: 74.748: [Full GC (Ergonomics) [PSYoungGen: 46979K->0K(175104K)] [ParOldGen: 507253K->402994K(524288K)] 554232K->402994K(699392K), [Metaspace: 43818K->43818K(1087488K)], 0.0616479 secs] [Times: user=0.61 sys=0.00, real=0.07 secs] 
2016-09-25T23:29:55.243-0400: 74.850: [GC (GCLocker Initiated GC) [PSYoungGen: 88064K->83254K(175104K)] 493990K->489180K(699392K), 0.0103164 secs] [Times: user=0.13 sys=0.00, real=0.00 secs] 
2016-09-25T23:29:55.301-0400: 74.908: [GC (GCLocker Initiated GC) [PSYoungGen: 171318K->54035K(175104K)] 582763K->506380K(699392K), 0.0105183 secs] [Times: user=0.17 sys=0.00, real=0.01 secs] 
2016-09-25T23:29:55.362-0400: 74.969: [GC (GCLocker Initiated GC) [PSYoungGen: 142099K->61080K(175104K)] 602915K->551231K(699392K), 0.0075109 secs] [Times: user=0.10 sys=0.00, real=0.01 secs] 
2016-09-25T23:29:55.370-0400: 74.977: [Full GC (Ergonomics) [PSYoungGen: 61080K->0K(175104K)] [ParOldGen: 490151K->409216K(524288K)] 551231K->409216K(699392K), [Metaspace: 43818K->43818K(1087488K)], 0.0574025 secs] [Times: user=0.54 sys=0.00, real=0.06 secs] 
2016-09-25T23:29:55.471-0400: 75.078: [GC (GCLocker Initiated GC) [PSYoungGen: 88064K->86840K(175104K)] 504171K->502948K(699392K), 0.0084943 secs] [Times: user=0.13 sys=0.00, real=0.01 secs] 
2016-09-25T23:29:55.533-0400: 75.140: [GC (GCLocker Initiated GC) [PSYoungGen: 174904K->68714K(175104K)] 596810K->514860K(699392K), 0.0105960 secs] [Times: user=0.15 sys=0.00, real=0.02 secs] 
2016-09-25T23:29:55.592-0400: 75.199: [GC (GCLocker Initiated GC) [PSYoungGen: 156778K->66144K(175104K)] 608454K->542938K(699392K), 0.0118293 secs] [Times: user=0.13 sys=0.01, real=0.02 secs] 
2016-09-25T23:29:55.604-0400: 75.211: [Full GC (Ergonomics) [PSYoungGen: 66144K->0K(175104K)] [ParOldGen: 476793K->406487K(524288K)] 542938K->406487K(699392K), [Metaspace: 43818K->43818K(1087488K)], 0.0671627 secs] [Times: user=0.69 sys=0.00, real=0.06 secs] 
2016-09-25T23:29:55.721-0400: 75.328: [GC (GCLocker Initiated GC) [PSYoungGen: 88064K->69397K(175104K)] 497309K->478643K(699392K), 0.0089349 secs] [Times: user=0.11 sys=0.00, real=0.01 secs] 
2016-09-25T23:29:55.773-0400: 75.380: [GC (GCLocker Initiated GC) [PSYoungGen: 157461K->70315K(175104K)] 566935K->512412K(699392K), 0.0093248 secs] [Times: user=0.13 sys=0.00, real=0.02 secs] 
2016-09-25T23:29:55.821-0400: 75.428: [GC (GCLocker Initiated GC) [PSYoungGen: 158379K->73349K(175104K)] 607400K->540905K(699392K), 0.0109549 secs] [Times: user=0.14 sys=0.00, real=0.01 secs] 
2016-09-25T23:29:55.876-0400: 75.483: [Full GC (Ergonomics) [PSYoungGen: 161413K->0K(175104K)] [ParOldGen: 473101K->414063K(524288K)] 634514K->414063K(699392K), [Metaspace: 43818K->43818K(1087488K)], 0.0789448 secs] [Times: user=0.58 sys=0.01, real=0.08 secs] 
2016-09-25T23:29:55.998-0400: 75.605: [GC (GCLocker Initiated GC) [PSYoungGen: 88064K->82980K(175104K)] 513146K->508063K(699392K), 0.0142823 secs] [Times: user=0.15 sys=0.00, real=0.01 secs] 
2016-09-25T23:29:56.065-0400: 75.672: [GC (GCLocker Initiated GC) [PSYoungGen: 171044K->49666K(175104K)] 609819K->508905K(699392K), 0.0113869 secs] [Times: user=0.11 sys=0.00, real=0.01 secs] 
2016-09-25T23:29:56.122-0400: 75.729: [GC (GCLocker Initiated GC) [PSYoungGen: 137730K->51262K(175104K)] 601105K->550455K(699392K), 0.0107279 secs] [Times: user=0.12 sys=0.00, real=0.01 secs] 
2016-09-25T23:29:56.133-0400: 75.740: [Full GC (Ergonomics) [PSYoungGen: 51262K->0K(175104K)] [ParOldGen: 499193K->403386K(524288K)] 550455K->403386K(699392K), [Metaspace: 43819K->43819K(1087488K)], 0.0571522 secs] [Times: user=0.50 sys=0.01, real=0.06 secs] 
2016-09-25T23:29:56.232-0400: 75.839: [GC (GCLocker Initiated GC) [PSYoungGen: 88064K->77373K(175104K)] 499782K->489091K(699392K), 0.0075262 secs] [Times: user=0.10 sys=0.00, real=0.01 secs] 
2016-09-25T23:29:56.288-0400: 75.895: [GC (GCLocker Initiated GC) [PSYoungGen: 165437K->81015K(175104K)] 588201K->517262K(699392K), 0.0119724 secs] [Times: user=0.18 sys=0.00, real=0.01 secs] 
2016-09-25T23:29:56.347-0400: 75.954: [GC (GCLocker Initiated GC) [PSYoungGen: 169079K->72693K(175104K)] 605399K->526041K(699392K), 0.0091658 secs] [Times: user=0.11 sys=0.00, real=0.01 secs] 
2016-09-25T23:29:56.401-0400: 76.008: [GC (GCLocker Initiated GC) [PSYoungGen: 160757K->58102K(175104K)] 626458K->536592K(699392K), 0.0098542 secs] [Times: user=0.10 sys=0.01, real=0.01 secs] 
2016-09-25T23:29:56.411-0400: 76.018: [Full GC (Ergonomics) [PSYoungGen: 58102K->0K(175104K)] [ParOldGen: 478489K->417371K(524288K)] 536592K->417371K(699392K), [Metaspace: 43819K->43819K(1087488K)], 0.0660093 secs] [Times: user=0.65 sys=0.00, real=0.07 secs] 
2016-09-25T23:29:56.529-0400: 76.136: [GC (Allocation Failure) [PSYoungGen: 88064K->70864K(175104K)] 508350K->491150K(699392K), 0.0090807 secs] [Times: user=0.12 sys=0.00, real=0.01 secs] 
2016-09-25T23:29:56.563-0400: 76.170: [GC (GCLocker Initiated GC) [PSYoungGen: 156884K->82201K(175104K)] 579870K->537774K(699392K), 0.0120074 secs] [Times: user=0.18 sys=0.00, real=0.01 secs] 
2016-09-25T23:29:56.637-0400: 76.244: [Full GC (Ergonomics) [PSYoungGen: 170265K->0K(175104K)] [ParOldGen: 476065K->424573K(524288K)] 646331K->424573K(699392K), [Metaspace: 43819K->43819K(1087488K)], 0.1249471 secs] [Times: user=1.70 sys=0.00, real=0.12 secs] 
2016-09-25T23:29:56.811-0400: 76.418: [GC (GCLocker Initiated GC) [PSYoungGen: 88064K->69089K(175104K)] 512901K->493926K(699392K), 0.0094313 secs] [Times: user=0.11 sys=0.00, real=0.01 secs] 
2016-09-25T23:29:56.860-0400: 76.467: [GC (GCLocker Initiated GC) [PSYoungGen: 157153K->63006K(175104K)] 582092K->498456K(699392K), 0.0097511 secs] [Times: user=0.07 sys=0.00, real=0.01 secs] 
2016-09-25T23:29:56.909-0400: 76.516: [GC (GCLocker Initiated GC) [PSYoungGen: 151070K->80050K(175104K)] 592035K->554009K(699392K), 0.0114798 secs] [Times: user=0.15 sys=0.01, real=0.01 secs] 
2016-09-25T23:29:56.976-0400: 76.583: [Full GC (Ergonomics) [PSYoungGen: 168114K->0K(175104K)] [ParOldGen: 491723K->412817K(524288K)] 659837K->412817K(699392K), [Metaspace: 43819K->43819K(1087488K)], 0.0607038 secs] [Times: user=0.47 sys=0.00, real=0.06 secs] 
2016-09-25T23:29:57.081-0400: 76.688: [GC (GCLocker Initiated GC) [PSYoungGen: 88064K->74511K(175104K)] 506396K->492843K(699392K), 0.0087020 secs] [Times: user=0.12 sys=0.01, real=0.01 secs] 
2016-09-25T23:29:57.133-0400: 76.740: [GC (GCLocker Initiated GC) [PSYoungGen: 162575K->64648K(175104K)] 581007K->504485K(699392K), 0.0080142 secs] [Times: user=0.09 sys=0.00, real=0.01 secs] 
2016-09-25T23:29:57.183-0400: 76.790: [GC (GCLocker Initiated GC) [PSYoungGen: 152712K->58088K(175104K)] 602112K->531256K(699392K), 0.0082171 secs] [Times: user=0.10 sys=0.00, real=0.00 secs] 
2016-09-25T23:29:57.232-0400: 76.839: [GC (GCLocker Initiated GC) [PSYoungGen: 146152K->71526K(175104K)] 619399K->567373K(699392K), 0.0074696 secs] [Times: user=0.09 sys=0.00, real=0.01 secs] 
2016-09-25T23:29:57.240-0400: 76.847: [Full GC (Ergonomics) [PSYoungGen: 71526K->0K(175104K)] [ParOldGen: 495847K->414365K(524288K)] 567373K->414365K(699392K), [Metaspace: 43819K->43819K(1087488K)], 0.0592180 secs] [Times: user=0.54 sys=0.01, real=0.06 secs] 
2016-09-25T23:29:57.346-0400: 76.953: [GC (GCLocker Initiated GC) [PSYoungGen: 88064K->59978K(175104K)] 507960K->479874K(699392K), 0.0107949 secs] [Times: user=0.15 sys=0.00, real=0.01 secs] 
2016-09-25T23:29:57.394-0400: 77.001: [GC (GCLocker Initiated GC) [PSYoungGen: 148042K->76950K(175104K)] 576150K->520039K(699392K), 0.0075444 secs] [Times: user=0.10 sys=0.00, real=0.01 secs] 
2016-09-25T23:29:57.439-0400: 77.046: [GC (GCLocker Initiated GC) [PSYoungGen: 165014K->70495K(175104K)] 614902K->528019K(699392K), 0.0084248 secs] [Times: user=0.10 sys=0.00, real=0.01 secs] 
2016-09-25T23:29:57.492-0400: 77.099: [GC (GCLocker Initiated GC) [PSYoungGen: 158559K->49533K(175104K)] 616198K->543310K(699392K), 0.0077549 secs] [Times: user=0.11 sys=0.00, real=0.01 secs] 
2016-09-25T23:29:57.500-0400: 77.107: [Full GC (Ergonomics) [PSYoungGen: 49533K->0K(175104K)] [ParOldGen: 493777K->407824K(524288K)] 543310K->407824K(699392K), [Metaspace: 43819K->43819K(1087488K)], 0.0776065 secs] [Times: user=0.63 sys=0.00, real=0.08 secs] 
2016-09-25T23:29:57.627-0400: 77.234: [GC (GCLocker Initiated GC) [PSYoungGen: 88064K->77474K(175104K)] 499305K->488716K(699392K), 0.0177206 secs] [Times: user=0.21 sys=0.00, real=0.02 secs] 
2016-09-25T23:29:57.692-0400: 77.299: [GC (GCLocker Initiated GC) [PSYoungGen: 165538K->66068K(175104K)] 581733K->508069K(699392K), 0.0102126 secs] [Times: user=0.10 sys=0.00, real=0.02 secs] 
2016-09-25T23:29:57.744-0400: 77.351: [GC (GCLocker Initiated GC) [PSYoungGen: 154132K->51107K(175104K)] 604405K->534584K(699392K), 0.0084491 secs] [Times: user=0.08 sys=0.00, real=0.00 secs] 
2016-09-25T23:29:57.753-0400: 77.360: [Full GC (Ergonomics) [PSYoungGen: 51107K->0K(175104K)] [ParOldGen: 483476K->414390K(524288K)] 534584K->414390K(699392K), [Metaspace: 43819K->43819K(1087488K)], 0.0950179 secs] [Times: user=0.59 sys=0.02, real=0.10 secs] 
2016-09-25T23:29:57.895-0400: 77.502: [GC (GCLocker Initiated GC) [PSYoungGen: 88064K->73264K(175104K)] 509365K->494566K(699392K), 0.0075914 secs] [Times: user=0.09 sys=0.01, real=0.01 secs] 
2016-09-25T23:29:57.941-0400: 77.548: [GC (GCLocker Initiated GC) [PSYoungGen: 161328K->86347K(175104K)] 585561K->526693K(699392K), 0.0097440 secs] [Times: user=0.14 sys=0.01, real=0.01 secs] 
2016-09-25T23:29:57.997-0400: 77.604: [GC (GCLocker Initiated GC) [PSYoungGen: 174411K->78272K(175104K)] 618934K->547916K(699392K), 0.0121645 secs] [Times: user=0.18 sys=0.00, real=0.01 secs] 
2016-09-25T23:29:58.074-0400: 77.681: [GC (GCLocker Initiated GC) [PSYoungGen: 166336K->67358K(175104K)] 641425K->558135K(699392K), 0.0194565 secs] [Times: user=0.20 sys=0.01, real=0.01 secs] 
2016-09-25T23:29:58.094-0400: 77.701: [Full GC (Ergonomics) [PSYoungGen: 67358K->0K(175104K)] [ParOldGen: 490777K->417388K(524288K)] 558135K->417388K(699392K), [Metaspace: 43819K->43819K(1087488K)], 0.0554549 secs] [Times: user=0.48 sys=0.01, real=0.06 secs] 
2016-09-25T23:29:58.199-0400: 77.806: [GC (GCLocker Initiated GC) [PSYoungGen: 88064K->85318K(175104K)] 507033K->504287K(699392K), 0.0237321 secs] [Times: user=0.30 sys=0.00, real=0.03 secs] 
2016-09-25T23:29:58.289-0400: 77.896: [GC (GCLocker Initiated GC) [PSYoungGen: 173382K->71601K(175104K)] 595960K->518162K(699392K), 0.0150535 secs] [Times: user=0.20 sys=0.00, real=0.02 secs] 
2016-09-25T23:29:58.351-0400: 77.958: [GC (GCLocker Initiated GC) [PSYoungGen: 159665K->72868K(175104K)] 607971K->536953K(699392K), 0.0110609 secs] [Times: user=0.13 sys=0.01, real=0.02 secs] 
2016-09-25T23:29:58.400-0400: 78.007: [GC (GCLocker Initiated GC) [PSYoungGen: 160932K->68575K(175104K)] 628017K->572957K(699392K), 0.0100315 secs] [Times: user=0.15 sys=0.00, real=0.01 secs] 
2016-09-25T23:29:58.411-0400: 78.018: [Full GC (Ergonomics) [PSYoungGen: 68575K->0K(175104K)] [ParOldGen: 504381K->416144K(524288K)] 572957K->416144K(699392K), [Metaspace: 43819K->43819K(1087488K)], 0.0916920 secs] [Times: user=0.74 sys=0.00, real=0.10 secs] 
2016-09-25T23:29:58.549-0400: 78.156: [GC (GCLocker Initiated GC) [PSYoungGen: 88064K->68806K(175104K)] 504382K->485124K(699392K), 0.0091053 secs] [Times: user=0.08 sys=0.00, real=0.01 secs] 
2016-09-25T23:29:58.595-0400: 78.202: [GC (GCLocker Initiated GC) [PSYoungGen: 156870K->44585K(175104K)] 578642K->518684K(699392K), 0.0095261 secs] [Times: user=0.10 sys=0.00, real=0.01 secs] 
2016-09-25T23:29:58.605-0400: 78.212: [Full GC (Ergonomics) [PSYoungGen: 44585K->0K(175104K)] [ParOldGen: 474098K->423570K(524288K)] 518684K->423570K(699392K), [Metaspace: 43819K->43819K(1087488K)], 0.0662220 secs] [Times: user=0.57 sys=0.01, real=0.06 secs] 
2016-09-25T23:29:58.724-0400: 78.331: [GC (GCLocker Initiated GC) [PSYoungGen: 88064K->85334K(175104K)] 514538K->525309K(699392K), 0.0120328 secs] [Times: user=0.18 sys=0.00, real=0.01 secs] 
2016-09-25T23:29:58.795-0400: 78.402: [GC (GCLocker Initiated GC) [PSYoungGen: 173398K->64736K(175104K)] 613436K->538303K(699392K), 0.0084359 secs] [Times: user=0.10 sys=0.01, real=0.01 secs] 
2016-09-25T23:29:58.803-0400: 78.410: [Full GC (Ergonomics) [PSYoungGen: 64736K->0K(175104K)] [ParOldGen: 473567K->420304K(524288K)] 538303K->420304K(699392K), [Metaspace: 43819K->43819K(1087488K)], 0.0511458 secs] [Times: user=0.46 sys=0.00, real=0.05 secs] 
2016-09-25T23:29:58.899-0400: 78.506: [GC (GCLocker Initiated GC) [PSYoungGen: 88064K->63508K(175104K)] 508442K->483886K(699392K), 0.0105715 secs] [Times: user=0.12 sys=0.00, real=0.01 secs] 
2016-09-25T23:29:58.974-0400: 78.581: [GC (GCLocker Initiated GC) [PSYoungGen: 151572K->67676K(175104K)] 572509K->523384K(699392K), 0.0124292 secs] [Times: user=0.14 sys=0.01, real=0.02 secs] 
2016-09-25T23:29:59.037-0400: 78.644: [GC (GCLocker Initiated GC) [PSYoungGen: 155740K->66004K(175104K)] 614310K->552608K(699392K), 0.0078103 secs] [Times: user=0.12 sys=0.00, real=0.01 secs] 
2016-09-25T23:29:59.045-0400: 78.652: [Full GC (Ergonomics) [PSYoungGen: 66004K->0K(175104K)] [ParOldGen: 486603K->422668K(524288K)] 552608K->422668K(699392K), [Metaspace: 43819K->43819K(1087488K)], 0.0535974 secs] [Times: user=0.53 sys=0.00, real=0.05 secs] 
2016-09-25T23:29:59.136-0400: 78.743: [GC (GCLocker Initiated GC) [PSYoungGen: 88064K->69121K(175104K)] 513756K->494814K(699392K), 0.0090103 secs] [Times: user=0.14 sys=0.00, real=0.01 secs] 
2016-09-25T23:29:59.187-0400: 78.794: [GC (GCLocker Initiated GC) [PSYoungGen: 157185K->55158K(175104K)] 587077K->513164K(699392K), 0.0079089 secs] [Times: user=0.10 sys=0.01, real=0.01 secs] 
2016-09-25T23:29:59.240-0400: 78.847: [GC (GCLocker Initiated GC) [PSYoungGen: 143222K->63076K(151552K)] 606773K->550371K(675840K), 0.0117082 secs] [Times: user=0.11 sys=0.01, real=0.01 secs] 
2016-09-25T23:29:59.251-0400: 78.858: [Full GC (Ergonomics) [PSYoungGen: 63076K->0K(151552K)] [ParOldGen: 487294K->423683K(524288K)] 550371K->423683K(675840K), [Metaspace: 43819K->43819K(1087488K)], 0.0643135 secs] [Times: user=0.56 sys=0.00, real=0.07 secs] 
2016-09-25T23:29:59.361-0400: 78.968: [GC (GCLocker Initiated GC) [PSYoungGen: 88064K->67615K(176128K)] 515984K->495535K(700416K), 0.0107393 secs] [Times: user=0.14 sys=0.01, real=0.01 secs] 
2016-09-25T23:29:59.416-0400: 79.023: [GC (GCLocker Initiated GC) [PSYoungGen: 157215K->83141K(174592K)] 594734K->528760K(698880K), 0.0108025 secs] [Times: user=0.17 sys=0.00, real=0.01 secs] 
2016-09-25T23:29:59.472-0400: 79.079: [GC (GCLocker Initiated GC) [PSYoungGen: 172741K->86588K(175104K)] 618492K->565692K(699392K), 0.0139033 secs] [Times: user=0.19 sys=0.01, real=0.02 secs] 
2016-09-25T23:29:59.487-0400: 79.094: [Full GC (Ergonomics) [PSYoungGen: 86588K->0K(175104K)] [ParOldGen: 479103K->424717K(524288K)] 565692K->424717K(699392K), [Metaspace: 43819K->43819K(1087488K)], 0.0602554 secs] [Times: user=0.47 sys=0.01, real=0.06 secs] 
2016-09-25T23:29:59.594-0400: 79.201: [GC (GCLocker Initiated GC) [PSYoungGen: 88064K->66324K(175104K)] 518267K->496527K(699392K), 0.0108094 secs] [Times: user=0.09 sys=0.00, real=0.02 secs] 
2016-09-25T23:29:59.644-0400: 79.251: [GC (GCLocker Initiated GC) [PSYoungGen: 154388K->56420K(175104K)] 584728K->529616K(699392K), 0.0106923 secs] [Times: user=0.13 sys=0.00, real=0.01 secs] 
2016-09-25T23:29:59.655-0400: 79.262: [Full GC (Ergonomics) [PSYoungGen: 56420K->0K(175104K)] [ParOldGen: 473195K->430713K(524288K)] 529616K->430713K(699392K), [Metaspace: 43819K->43819K(1087488K)], 0.0652835 secs] [Times: user=0.51 sys=0.02, real=0.06 secs] 
2016-09-25T23:29:59.760-0400: 79.367: [GC (GCLocker Initiated GC) [PSYoungGen: 88064K->82530K(175104K)] 524285K->518752K(699392K), 0.0140728 secs] [Times: user=0.19 sys=0.00, real=0.01 secs] 
2016-09-25T23:29:59.823-0400: 79.430: [GC (GCLocker Initiated GC) [PSYoungGen: 170594K->62963K(175104K)] 612880K->529261K(699392K), 0.0105989 secs] [Times: user=0.11 sys=0.01, real=0.00 secs] 
2016-09-25T23:29:59.833-0400: 79.440: [Full GC (Ergonomics) [PSYoungGen: 62963K->0K(175104K)] [ParOldGen: 466298K->424762K(524288K)] 529261K->424762K(699392K), [Metaspace: 43819K->43819K(1087488K)], 0.0685051 secs] [Times: user=0.55 sys=0.00, real=0.07 secs] 
2016-09-25T23:29:59.942-0400: 79.549: [GC (GCLocker Initiated GC) [PSYoungGen: 88064K->60592K(175104K)] 522476K->495005K(699392K), 0.0069357 secs] [Times: user=0.06 sys=0.01, real=0.01 secs] 
2016-09-25T23:29:59.988-0400: 79.595: [GC (GCLocker Initiated GC) [PSYoungGen: 148656K->63027K(175104K)] 583218K->522813K(699392K), 0.0106749 secs] [Times: user=0.13 sys=0.00, real=0.01 secs] 
2016-09-25T23:30:00.037-0400: 79.644: [GC (GCLocker Initiated GC) [PSYoungGen: 151091K->65826K(175104K)] 613751K->561350K(699392K), 0.0110434 secs] [Times: user=0.15 sys=0.00, real=0.01 secs] 
2016-09-25T23:30:00.049-0400: 79.656: [Full GC (Ergonomics) [PSYoungGen: 65826K->0K(175104K)] [ParOldGen: 495523K->426720K(524288K)] 561350K->426720K(699392K), [Metaspace: 43819K->43819K(1087488K)], 0.0616056 secs] [Times: user=0.61 sys=0.00, real=0.06 secs] 
2016-09-25T23:30:00.153-0400: 79.760: [GC (GCLocker Initiated GC) [PSYoungGen: 88064K->86371K(175104K)] 518970K->525377K(699392K), 0.0103984 secs] [Times: user=0.17 sys=0.00, real=0.02 secs] 
2016-09-25T23:30:00.199-0400: 79.806: [GC (GCLocker Initiated GC) [PSYoungGen: 174435K->57883K(175104K)] 618920K->535590K(699392K), 0.0109100 secs] [Times: user=0.17 sys=0.00, real=0.01 secs] 
2016-09-25T23:30:00.210-0400: 79.817: [Full GC (Ergonomics) [PSYoungGen: 57883K->0K(175104K)] [ParOldGen: 477707K->432618K(524288K)] 535590K->432618K(699392K), [Metaspace: 43819K->43819K(1087488K)], 0.0627161 secs] [Times: user=0.63 sys=0.01, real=0.06 secs] 
2016-09-25T23:30:00.323-0400: 79.930: [GC (GCLocker Initiated GC) [PSYoungGen: 88064K->62070K(175104K)] 524275K->498282K(699392K), 0.0065416 secs] [Times: user=0.06 sys=0.00, real=0.00 secs] 
2016-09-25T23:30:00.363-0400: 79.970: [GC (GCLocker Initiated GC) [PSYoungGen: 150134K->75331K(175104K)] 589170K->539559K(699392K), 0.0113886 secs] [Times: user=0.13 sys=0.00, real=0.01 secs] 
2016-09-25T23:30:00.417-0400: 80.024: [Full GC (Ergonomics) [PSYoungGen: 163395K->0K(175104K)] [ParOldGen: 471109K->433506K(524288K)] 634504K->433506K(699392K), [Metaspace: 43819K->43819K(1087488K)], 0.0642221 secs] [Times: user=0.50 sys=0.00, real=0.06 secs] 
2016-09-25T23:30:00.522-0400: 80.129: [GC (GCLocker Initiated GC) [PSYoungGen: 88064K->74304K(175104K)] 528507K->514747K(699392K), 0.0097783 secs] [Times: user=0.11 sys=0.01, real=0.00 secs] 
2016-09-25T23:30:00.578-0400: 80.185: [GC (GCLocker Initiated GC) [PSYoungGen: 162368K->49685K(175104K)] 603056K->510162K(699392K), 0.0109344 secs] [Times: user=0.11 sys=0.00, real=0.01 secs] 
2016-09-25T23:30:00.628-0400: 80.235: [GC (GCLocker Initiated GC) [PSYoungGen: 137749K->73942K(175104K)] 598306K->562034K(699392K), 0.0090564 secs] [Times: user=0.14 sys=0.00, real=0.01 secs] 
2016-09-25T23:30:00.637-0400: 80.244: [Full GC (Ergonomics) [PSYoungGen: 73942K->0K(175104K)] [ParOldGen: 488091K->431601K(524288K)] 562034K->431601K(699392K), [Metaspace: 43819K->43819K(1087488K)], 0.0651038 secs] [Times: user=0.72 sys=0.00, real=0.06 secs] 
2016-09-25T23:30:00.754-0400: 80.361: [GC (GCLocker Initiated GC) [PSYoungGen: 88064K->66035K(175104K)] 525147K->503119K(699392K), 0.0082101 secs] [Times: user=0.12 sys=0.00, real=0.02 secs] 
2016-09-25T23:30:00.796-0400: 80.403: [GC (GCLocker Initiated GC) [PSYoungGen: 154099K->72695K(175104K)] 591381K->536458K(699392K), 0.0087907 secs] [Times: user=0.15 sys=0.00, real=0.01 secs] 
2016-09-25T23:30:00.844-0400: 80.451: [GC (GCLocker Initiated GC) [PSYoungGen: 160759K->60397K(175104K)] 631352K->553272K(699392K), 0.0088583 secs] [Times: user=0.15 sys=0.00, real=0.00 secs] 
2016-09-25T23:30:00.853-0400: 80.460: [Full GC (Ergonomics) [PSYoungGen: 60397K->0K(175104K)] [ParOldGen: 492875K->432437K(524288K)] 553272K->432437K(699392K), [Metaspace: 43823K->43823K(1087488K)], 0.0672225 secs] [Times: user=0.59 sys=0.00, real=0.07 secs] 
2016-09-25T23:30:00.956-0400: 80.563: [GC (GCLocker Initiated GC) [PSYoungGen: 88064K->83582K(175104K)] 520685K->516203K(699392K), 0.0096051 secs] [Times: user=0.12 sys=0.00, real=0.01 secs] 
2016-09-25T23:30:01.007-0400: 80.614: [GC (GCLocker Initiated GC) [PSYoungGen: 171646K->60431K(175104K)] 609888K->541257K(699392K), 0.0114623 secs] [Times: user=0.14 sys=0.00, real=0.01 secs] 
2016-09-25T23:30:01.019-0400: 80.626: [Full GC (Ergonomics) [PSYoungGen: 60431K->0K(175104K)] [ParOldGen: 480825K->432918K(524288K)] 541257K->432918K(699392K), [Metaspace: 43823K->43823K(1087488K)], 0.0596137 secs] [Times: user=0.54 sys=0.00, real=0.06 secs] 
2016-09-25T23:30:01.120-0400: 80.727: [GC (GCLocker Initiated GC) [PSYoungGen: 88064K->82354K(175104K)] 526637K->520927K(699392K), 0.0102311 secs] [Times: user=0.14 sys=0.01, real=0.01 secs] 
2016-09-25T23:30:01.185-0400: 80.792: [GC (GCLocker Initiated GC) [PSYoungGen: 170418K->67381K(175104K)] 623907K->543335K(699392K), 0.0073897 secs] [Times: user=0.12 sys=0.00, real=0.00 secs] 
2016-09-25T23:30:01.192-0400: 80.799: [Full GC (Ergonomics) [PSYoungGen: 67381K->0K(175104K)] [ParOldGen: 475953K->436247K(524288K)] 543335K->436247K(699392K), [Metaspace: 43823K->43823K(1087488K)], 0.0643300 secs] [Times: user=0.64 sys=0.00, real=0.07 secs] 
2016-09-25T23:30:01.301-0400: 80.909: [GC (GCLocker Initiated GC) [PSYoungGen: 88064K->55126K(175104K)] 529826K->496888K(699392K), 0.0081562 secs] [Times: user=0.08 sys=0.00, real=0.01 secs] 
2016-09-25T23:30:01.340-0400: 80.947: [GC (GCLocker Initiated GC) [PSYoungGen: 143190K->63526K(175104K)] 590668K->542720K(699392K), 0.0109813 secs] [Times: user=0.16 sys=0.01, real=0.01 secs] 
2016-09-25T23:30:01.351-0400: 80.958: [Full GC (Ergonomics) [PSYoungGen: 63526K->0K(175104K)] [ParOldGen: 479193K->432164K(524288K)] 542720K->432164K(699392K), [Metaspace: 43823K->43823K(1087488K)], 0.2085239 secs] [Times: user=3.00 sys=0.03, real=0.21 secs] 
2016-09-25T23:30:01.610-0400: 81.217: [GC (GCLocker Initiated GC) [PSYoungGen: 88064K->71138K(175104K)] 520289K->503363K(699392K), 0.0074978 secs] [Times: user=0.09 sys=0.01, real=0.01 secs] 
2016-09-25T23:30:01.653-0400: 81.260: [GC (GCLocker Initiated GC) [PSYoungGen: 159202K->84905K(175104K)] 591653K->546258K(699392K), 0.0098650 secs] [Times: user=0.16 sys=0.00, real=0.02 secs] 
2016-09-25T23:30:01.714-0400: 81.321: [GC (GCLocker Initiated GC) [PSYoungGen: 172969K->42722K(175104K)] 635782K->548121K(699392K), 0.0076347 secs] [Times: user=0.11 sys=0.00, real=0.01 secs] 
2016-09-25T23:30:01.722-0400: 81.329: [Full GC (Ergonomics) [PSYoungGen: 42722K->0K(175104K)] [ParOldGen: 505399K->423172K(524288K)] 548121K->423172K(699392K), [Metaspace: 43823K->43823K(1087488K)], 0.0519104 secs] [Times: user=0.46 sys=0.00, real=0.05 secs] 
2016-09-25T23:30:01.812-0400: 81.419: [GC (GCLocker Initiated GC) [PSYoungGen: 88064K->84982K(175104K)] 511425K->521844K(699392K), 0.0112246 secs] [Times: user=0.13 sys=0.01, real=0.02 secs] 
2016-09-25T23:30:01.866-0400: 81.473: [GC (GCLocker Initiated GC) [PSYoungGen: 173046K->57569K(175104K)] 615406K->538577K(699392K), 0.0107647 secs] [Times: user=0.16 sys=0.01, real=0.01 secs] 
2016-09-25T23:30:01.877-0400: 81.484: [Full GC (Ergonomics) [PSYoungGen: 57569K->0K(175104K)] [ParOldGen: 481007K->431702K(524288K)] 538577K->431702K(699392K), [Metaspace: 43823K->43823K(1087488K)], 0.0725924 secs] [Times: user=0.49 sys=0.00, real=0.07 secs] 
2016-09-25T23:30:01.981-0400: 81.588: [GC (GCLocker Initiated GC) [PSYoungGen: 88064K->84996K(175104K)] 522599K->538432K(699392K), 0.0104611 secs] [Times: user=0.15 sys=0.00, real=0.01 secs] 
2016-09-25T23:30:02.038-0400: 81.645: [GC (GCLocker Initiated GC) [PSYoungGen: 173060K->45433K(175104K)] 629315K->528135K(699392K), 0.0073668 secs] [Times: user=0.09 sys=0.01, real=0.01 secs] 
2016-09-25T23:30:02.046-0400: 81.653: [Full GC (Ergonomics) [PSYoungGen: 45433K->0K(175104K)] [ParOldGen: 482701K->428151K(524288K)] 528135K->428151K(699392K), [Metaspace: 43823K->43823K(1087488K)], 0.0563101 secs] [Times: user=0.44 sys=0.00, real=0.06 secs] 
2016-09-25T23:30:02.132-0400: 81.739: [GC (GCLocker Initiated GC) [PSYoungGen: 88064K->84893K(175104K)] 516332K->518561K(699392K), 0.0085862 secs] [Times: user=0.14 sys=0.00, real=0.01 secs] 
2016-09-25T23:30:02.184-0400: 81.791: [GC (GCLocker Initiated GC) [PSYoungGen: 172957K->50894K(175104K)] 612262K->530084K(699392K), 0.0083895 secs] [Times: user=0.11 sys=0.00, real=0.00 secs] 
2016-09-25T23:30:02.193-0400: 81.800: [Full GC (Ergonomics) [PSYoungGen: 50894K->0K(175104K)] [ParOldGen: 479189K->435391K(524288K)] 530084K->435391K(699392K), [Metaspace: 43823K->43823K(1087488K)], 0.0586369 secs] [Times: user=0.58 sys=0.01, real=0.06 secs] 
2016-09-25T23:30:02.286-0400: 81.893: [GC (GCLocker Initiated GC) [PSYoungGen: 88064K->80706K(175104K)] 523571K->516214K(699392K), 0.0095412 secs] [Times: user=0.14 sys=0.00, real=0.01 secs] 
2016-09-25T23:30:02.334-0400: 81.941: [GC (GCLocker Initiated GC) [PSYoungGen: 168770K->63045K(175104K)] 612142K->542084K(699392K), 0.0102287 secs] [Times: user=0.15 sys=0.01, real=0.02 secs] 
2016-09-25T23:30:02.344-0400: 81.951: [Full GC (Ergonomics) [PSYoungGen: 63045K->0K(175104K)] [ParOldGen: 479039K->434427K(524288K)] 542084K->434427K(699392K), [Metaspace: 43823K->43823K(1087488K)], 0.0598955 secs] [Times: user=0.58 sys=0.00, real=0.06 secs] 
2016-09-25T23:30:02.440-0400: 82.047: [GC (GCLocker Initiated GC) [PSYoungGen: 88064K->72544K(175104K)] 526671K->511151K(699392K), 0.0078326 secs] [Times: user=0.11 sys=0.00, real=0.01 secs] 
2016-09-25T23:30:02.477-0400: 82.084: [GC (GCLocker Initiated GC) [PSYoungGen: 160608K->77825K(175104K)] 603352K->549437K(699392K), 0.0103007 secs] [Times: user=0.12 sys=0.00, real=0.01 secs] 
2016-09-25T23:30:02.488-0400: 82.095: [Full GC (Ergonomics) [PSYoungGen: 77825K->0K(175104K)] [ParOldGen: 471611K->433336K(524288K)] 549437K->433336K(699392K), [Metaspace: 43823K->43823K(1087488K)], 0.0521949 secs] [Times: user=0.51 sys=0.00, real=0.05 secs] 
2016-09-25T23:30:02.597-0400: 82.204: [GC (GCLocker Initiated GC) [PSYoungGen: 88064K->71357K(175104K)] 528401K->511695K(699392K), 0.0110087 secs] [Times: user=0.11 sys=0.00, real=0.01 secs] 
2016-09-25T23:30:02.666-0400: 82.273: [GC (GCLocker Initiated GC) [PSYoungGen: 159421K->57494K(175104K)] 599796K->524122K(699392K), 0.0115510 secs] [Times: user=0.14 sys=0.00, real=0.01 secs] 
2016-09-25T23:30:02.678-0400: 82.285: [Full GC (Ergonomics) [PSYoungGen: 57494K->0K(175104K)] [ParOldGen: 466628K->430932K(524288K)] 524122K->430932K(699392K), [Metaspace: 43823K->43823K(1087488K)], 0.0594104 secs] [Times: user=0.51 sys=0.00, real=0.06 secs] 
2016-09-25T23:30:02.761-0400: 82.368: [GC (GCLocker Initiated GC) [PSYoungGen: 88064K->84960K(175104K)] 521905K->524202K(699392K), 0.0117105 secs] [Times: user=0.17 sys=0.00, real=0.01 secs] 
2016-09-25T23:30:02.827-0400: 82.434: [GC (GCLocker Initiated GC) [PSYoungGen: 173024K->53540K(175104K)] 615204K->540972K(699392K), 0.0143319 secs] [Times: user=0.20 sys=0.00, real=0.01 secs] 
2016-09-25T23:30:02.841-0400: 82.448: [Full GC (Ergonomics) [PSYoungGen: 53540K->0K(175104K)] [ParOldGen: 487432K->439460K(524288K)] 540972K->439460K(699392K), [Metaspace: 43823K->43823K(1087488K)], 0.0738477 secs] [Times: user=0.74 sys=0.00, real=0.08 secs] 
2016-09-25T23:30:02.956-0400: 82.563: [GC (GCLocker Initiated GC) [PSYoungGen: 88064K->75374K(175104K)] 533799K->521110K(699392K), 0.0077429 secs] [Times: user=0.12 sys=0.00, real=0.01 secs] 
2016-09-25T23:30:03.001-0400: 82.608: [GC (GCLocker Initiated GC) [PSYoungGen: 163438K->41215K(175104K)] 614707K->521414K(699392K), 0.0104226 secs] [Times: user=0.09 sys=0.00, real=0.01 secs] 
2016-09-25T23:30:03.012-0400: 82.619: [Full GC (Ergonomics) [PSYoungGen: 41215K->0K(175104K)] [ParOldGen: 480198K->434337K(524288K)] 521414K->434337K(699392K), [Metaspace: 43823K->43823K(1087488K)], 0.0978030 secs] [Times: user=0.62 sys=0.02, real=0.10 secs] 
2016-09-25T23:30:03.144-0400: 82.751: [GC (GCLocker Initiated GC) [PSYoungGen: 88064K->79519K(175104K)] 528700K->520156K(699392K), 0.0094724 secs] [Times: user=0.12 sys=0.00, real=0.00 secs] 
2016-09-25T23:30:03.197-0400: 82.804: [GC (Allocation Failure) [PSYoungGen: 167583K->77729K(175104K)] 611153K->559859K(699392K), 0.0169613 secs] [Times: user=0.19 sys=0.00, real=0.01 secs] 
2016-09-25T23:30:03.214-0400: 82.821: [Full GC (Ergonomics) [PSYoungGen: 77729K->0K(175104K)] [ParOldGen: 482130K->445588K(524288K)] 559859K->445588K(699392K), [Metaspace: 43823K->43823K(1087488K)], 0.0794245 secs] [Times: user=0.54 sys=0.00, real=0.08 secs] 
2016-09-25T23:30:03.331-0400: 82.938: [GC (GCLocker Initiated GC) [PSYoungGen: 88064K->80621K(175104K)] 536554K->529112K(699392K), 0.0112165 secs] [Times: user=0.13 sys=0.00, real=0.02 secs] 
2016-09-25T23:30:03.384-0400: 82.991: [Full GC (Ergonomics) [PSYoungGen: 168685K->0K(175104K)] [ParOldGen: 463558K->435152K(524288K)] 632243K->435152K(699392K), [Metaspace: 43823K->43823K(1087488K)], 0.1106437 secs] [Times: user=0.92 sys=0.03, real=0.11 secs] 
2016-09-25T23:30:03.533-0400: 83.140: [GC (GCLocker Initiated GC) [PSYoungGen: 88064K->68422K(175104K)] 528717K->509075K(699392K), 0.0071635 secs] [Times: user=0.10 sys=0.00, real=0.01 secs] 
2016-09-25T23:30:03.570-0400: 83.177: [GC (GCLocker Initiated GC) [PSYoungGen: 156486K->80783K(175104K)] 602707K->545015K(699392K), 0.0118119 secs] [Times: user=0.20 sys=0.00, real=0.01 secs] 
2016-09-25T23:30:03.648-0400: 83.255: [Full GC (Ergonomics) [PSYoungGen: 168847K->0K(175104K)] [ParOldGen: 478059K->441077K(524288K)] 646906K->441077K(699392K), [Metaspace: 43823K->43823K(1087488K)], 0.0818051 secs] [Times: user=0.73 sys=0.02, real=0.08 secs] 
2016-09-25T23:30:03.767-0400: 83.374: [GC (GCLocker Initiated GC) [PSYoungGen: 88064K->61650K(175104K)] 533257K->506843K(699392K), 0.0095251 secs] [Times: user=0.12 sys=0.00, real=0.01 secs] 
2016-09-25T23:30:03.815-0400: 83.422: [GC (GCLocker Initiated GC) [PSYoungGen: 149714K->73848K(175104K)] 606076K->537409K(699392K), 0.0124680 secs] [Times: user=0.17 sys=0.00, real=0.01 secs] 
2016-09-25T23:30:03.885-0400: 83.492: [GC (GCLocker Initiated GC) [PSYoungGen: 161912K->62911K(175104K)] 631102K->556850K(699392K), 0.0116322 secs] [Times: user=0.19 sys=0.00, real=0.01 secs] 
2016-09-25T23:30:03.899-0400: 83.506: [Full GC (Ergonomics) [PSYoungGen: 62911K->0K(175104K)] [ParOldGen: 493939K->437631K(524288K)] 556850K->437631K(699392K), [Metaspace: 43823K->43823K(1087488K)], 0.0661729 secs] [Times: user=0.59 sys=0.02, real=0.07 secs] 
2016-09-25T23:30:03.994-0400: 83.601: [GC (GCLocker Initiated GC) [PSYoungGen: 88064K->86036K(175104K)] 528628K->529301K(699392K), 0.0089744 secs] [Times: user=0.13 sys=0.01, real=0.02 secs] 
2016-09-25T23:30:04.053-0400: 83.660: [GC (GCLocker Initiated GC) [PSYoungGen: 174100K->46754K(175104K)] 624236K->544646K(699392K), 0.0135697 secs] [Times: user=0.19 sys=0.02, real=0.02 secs] 
2016-09-25T23:30:04.067-0400: 83.674: [Full GC (Ergonomics) [PSYoungGen: 46754K->0K(175104K)] [ParOldGen: 497892K->439271K(524288K)] 544646K->439271K(699392K), [Metaspace: 43823K->43823K(1087488K)], 0.0795771 secs] [Times: user=0.69 sys=0.09, real=0.08 secs] 
2016-09-25T23:30:04.202-0400: 83.809: [GC (GCLocker Initiated GC) [PSYoungGen: 88064K->75351K(175104K)] 530094K->517381K(699392K), 0.0101417 secs] [Times: user=0.15 sys=0.01, real=0.01 secs] 
2016-09-25T23:30:04.248-0400: 83.855: [GC (GCLocker Initiated GC) [PSYoungGen: 163415K->70090K(175104K)] 605842K->549626K(699392K), 0.0100877 secs] [Times: user=0.15 sys=0.01, real=0.01 secs] 
2016-09-25T23:30:04.259-0400: 83.866: [Full GC (Ergonomics) [PSYoungGen: 70090K->0K(175104K)] [ParOldGen: 479535K->435882K(524288K)] 549626K->435882K(699392K), [Metaspace: 43843K->43843K(1087488K)], 0.0527659 secs] [Times: user=0.52 sys=0.01, real=0.05 secs] 
2016-09-25T23:30:04.363-0400: 83.970: [GC (GCLocker Initiated GC) [PSYoungGen: 88064K->59336K(175104K)] 524066K->495338K(699392K), 0.0087794 secs] [Times: user=0.11 sys=0.00, real=0.00 secs] 
2016-09-25T23:30:04.400-0400: 84.007: [GC (GCLocker Initiated GC) [PSYoungGen: 147400K->80979K(175104K)] 583526K->550359K(699392K), 0.0095816 secs] [Times: user=0.16 sys=0.01, real=0.01 secs] 
2016-09-25T23:30:04.410-0400: 84.017: [Full GC (Ergonomics) [PSYoungGen: 80979K->0K(175104K)] [ParOldGen: 469379K->446234K(524288K)] 550359K->446234K(699392K), [Metaspace: 43857K->43857K(1087488K)], 0.0507719 secs] [Times: user=0.48 sys=0.00, real=0.05 secs] 
2016-09-25T23:30:04.498-0400: 84.105: [GC (GCLocker Initiated GC) [PSYoungGen: 88064K->63476K(175104K)] 542491K->517903K(699392K), 0.0070248 secs] [Times: user=0.09 sys=0.01, real=0.01 secs] 
2016-09-25T23:30:04.539-0400: 84.146: [GC (GCLocker Initiated GC) [PSYoungGen: 151540K->75594K(175104K)] 608809K->559463K(699392K), 0.0084902 secs] [Times: user=0.13 sys=0.00, real=0.01 secs] 
2016-09-25T23:30:04.548-0400: 84.155: [Full GC (Ergonomics) [PSYoungGen: 75594K->0K(175104K)] [ParOldGen: 483868K->441710K(524288K)] 559463K->441710K(699392K), [Metaspace: 43857K->43857K(1087488K)], 0.0515325 secs] [Times: user=0.47 sys=0.00, real=0.05 secs] 
2016-09-25T23:30:04.632-0400: 84.239: [GC (GCLocker Initiated GC) [PSYoungGen: 88064K->74404K(175104K)] 535338K->521679K(699392K), 0.0077154 secs] [Times: user=0.08 sys=0.00, real=0.01 secs] 
2016-09-25T23:30:04.685-0400: 84.292: [GC (GCLocker Initiated GC) [PSYoungGen: 162468K->42931K(175104K)] 613915K->508883K(699392K), 0.0078481 secs] [Times: user=0.08 sys=0.00, real=0.00 secs] 
2016-09-25T23:30:04.727-0400: 84.334: [GC (GCLocker Initiated GC) [PSYoungGen: 130995K->84948K(175104K)] 599813K->576143K(699392K), 0.0104764 secs] [Times: user=0.16 sys=0.00, real=0.01 secs] 
2016-09-25T23:30:04.738-0400: 84.345: [Full GC (Ergonomics) [PSYoungGen: 84948K->0K(175104K)] [ParOldGen: 491194K->439116K(524288K)] 576143K->439116K(699392K), [Metaspace: 43868K->43868K(1087488K)], 0.0560333 secs] [Times: user=0.49 sys=0.00, real=0.06 secs] 
2016-09-25T23:30:04.828-0400: 84.435: [GC (Allocation Failure) [PSYoungGen: 88064K->83950K(175104K)] 527417K->523304K(699392K), 0.0077180 secs] [Times: user=0.12 sys=0.00, real=0.01 secs] 
2016-09-25T23:30:04.876-0400: 84.483: [GC (GCLocker Initiated GC) [PSYoungGen: 172014K->60520K(175104K)] 614103K->525369K(699392K), 0.0097079 secs] [Times: user=0.09 sys=0.00, real=0.01 secs] 
2016-09-25T23:30:04.922-0400: 84.529: [GC (GCLocker Initiated GC) [PSYoungGen: 148584K->60839K(175104K)] 613585K->545517K(699392K), 0.0138024 secs] [Times: user=0.20 sys=0.01, real=0.02 secs] 
2016-09-25T23:30:04.936-0400: 84.543: [Full GC (Ergonomics) [PSYoungGen: 60839K->0K(175104K)] [ParOldGen: 484678K->437943K(524288K)] 545517K->437943K(699392K), [Metaspace: 43880K->43880K(1087488K)], 0.0565757 secs] [Times: user=0.48 sys=0.01, real=0.05 secs] 
2016-09-25T23:30:05.032-0400: 84.639: [GC (GCLocker Initiated GC) [PSYoungGen: 88064K->86579K(175104K)] 536994K->538209K(699392K), 0.0092108 secs] [Times: user=0.14 sys=0.00, real=0.01 secs] 
2016-09-25T23:30:05.085-0400: 84.692: [GC (GCLocker Initiated GC) [PSYoungGen: 174643K->58382K(175104K)] 641357K->549071K(699392K), 0.0083878 secs] [Times: user=0.09 sys=0.01, real=0.00 secs] 
2016-09-25T23:30:05.094-0400: 84.701: [Full GC (Ergonomics) [PSYoungGen: 58382K->0K(175104K)] [ParOldGen: 490689K->448592K(524288K)] 549071K->448592K(699392K), [Metaspace: 43880K->43880K(1087488K)], 0.0522950 secs] [Times: user=0.44 sys=0.01, real=0.06 secs] 
2016-09-25T23:30:05.187-0400: 84.794: [GC (GCLocker Initiated GC) [PSYoungGen: 88064K->67680K(175104K)] 544770K->524386K(699392K), 0.0080107 secs] [Times: user=0.10 sys=0.00, real=0.01 secs] 
2016-09-25T23:30:05.226-0400: 84.833: [GC (GCLocker Initiated GC) [PSYoungGen: 155744K->74371K(175104K)] 615211K->549787K(699392K), 0.0093050 secs] [Times: user=0.09 sys=0.01, real=0.01 secs] 
2016-09-25T23:30:05.275-0400: 84.882: [Full GC (Ergonomics) [PSYoungGen: 162435K->0K(175104K)] [ParOldGen: 480997K->449236K(524288K)] 643433K->449236K(699392K), [Metaspace: 43889K->43889K(1087488K)], 0.2411170 secs] [Times: user=3.67 sys=0.01, real=0.24 secs] 
2016-09-25T23:30:05.554-0400: 85.161: [GC (GCLocker Initiated GC) [PSYoungGen: 88064K->85427K(175104K)] 537496K->537559K(699392K), 0.0090020 secs] [Times: user=0.14 sys=0.00, real=0.02 secs] 
2016-09-25T23:30:05.608-0400: 85.215: [GC (GCLocker Initiated GC) [PSYoungGen: 173491K->75639K(175104K)] 635245K->560320K(699392K), 0.0098268 secs] [Times: user=0.15 sys=0.01, real=0.01 secs] 
2016-09-25T23:30:05.618-0400: 85.225: [Full GC (Ergonomics) [PSYoungGen: 75639K->0K(175104K)] [ParOldGen: 484680K->443717K(524288K)] 560320K->443717K(699392K), [Metaspace: 43889K->43889K(1087488K)], 0.0511543 secs] [Times: user=0.44 sys=0.00, real=0.05 secs] 
2016-09-25T23:30:05.706-0400: 85.313: [GC (GCLocker Initiated GC) [PSYoungGen: 88064K->85329K(175104K)] 539995K->539961K(699392K), 0.0086591 secs] [Times: user=0.13 sys=0.01, real=0.01 secs] 
2016-09-25T23:30:05.760-0400: 85.367: [GC (GCLocker Initiated GC) [PSYoungGen: 173393K->74261K(175104K)] 643111K->562685K(699392K), 0.0085871 secs] [Times: user=0.14 sys=0.00, real=0.01 secs] 
2016-09-25T23:30:05.768-0400: 85.375: [Full GC (Ergonomics) [PSYoungGen: 74261K->0K(175104K)] [ParOldGen: 488424K->454392K(524288K)] 562685K->454392K(699392K), [Metaspace: 43891K->43891K(1087488K)], 0.0545597 secs] [Times: user=0.52 sys=0.00, real=0.06 secs] 
2016-09-25T23:30:05.865-0400: 85.473: [GC (GCLocker Initiated GC) [PSYoungGen: 88064K->80905K(175104K)] 542607K->535449K(699392K), 0.0079913 secs] [Times: user=0.12 sys=0.01, real=0.00 secs] 
2016-09-25T23:30:05.904-0400: 85.511: [GC (GCLocker Initiated GC) [PSYoungGen: 168969K->79824K(175104K)] 623575K->560907K(699392K), 0.0088658 secs] [Times: user=0.14 sys=0.00, real=0.00 secs] 
2016-09-25T23:30:05.913-0400: 85.520: [Full GC (Ergonomics) [PSYoungGen: 79824K->0K(175104K)] [ParOldGen: 481083K->452655K(524288K)] 560907K->452655K(699392K), [Metaspace: 43893K->43893K(1087488K)], 0.0554896 secs] [Times: user=0.54 sys=0.00, real=0.06 secs] 
2016-09-25T23:30:06.011-0400: 85.618: [GC (GCLocker Initiated GC) [PSYoungGen: 88064K->66640K(175104K)] 546519K->525096K(699392K), 0.0071531 secs] [Times: user=0.10 sys=0.01, real=0.01 secs] 
2016-09-25T23:30:06.057-0400: 85.664: [GC (GCLocker Initiated GC) [PSYoungGen: 154704K->67490K(175104K)] 621513K->551821K(699392K), 0.0072450 secs] [Times: user=0.09 sys=0.01, real=0.01 secs] 
2016-09-25T23:30:06.065-0400: 85.672: [Full GC (Ergonomics) [PSYoungGen: 67490K->0K(175104K)] [ParOldGen: 484331K->445675K(524288K)] 551821K->445675K(699392K), [Metaspace: 43893K->43893K(1087488K)], 0.0514449 secs] [Times: user=0.47 sys=0.01, real=0.05 secs] 
2016-09-25T23:30:06.147-0400: 85.754: [GC (GCLocker Initiated GC) [PSYoungGen: 88064K->75993K(175104K)] 540588K->528517K(699392K), 0.0075347 secs] [Times: user=0.13 sys=0.00, real=0.01 secs] 
2016-09-25T23:30:06.196-0400: 85.803: [GC (GCLocker Initiated GC) [PSYoungGen: 164057K->32011K(175104K)] 622222K->521037K(699392K), 0.0074711 secs] [Times: user=0.08 sys=0.00, real=0.01 secs] 
2016-09-25T23:30:06.204-0400: 85.811: [Full GC (Ergonomics) [PSYoungGen: 32011K->0K(175104K)] [ParOldGen: 489026K->446770K(524288K)] 521037K->446770K(699392K), [Metaspace: 43893K->43893K(1087488K)], 0.0540328 secs] [Times: user=0.54 sys=0.00, real=0.05 secs] 
2016-09-25T23:30:06.296-0400: 85.903: [GC (GCLocker Initiated GC) [PSYoungGen: 88064K->72991K(175104K)] 538982K->523909K(699392K), 0.0079341 secs] [Times: user=0.13 sys=0.00, real=0.01 secs] 
2016-09-25T23:30:06.337-0400: 85.944: [GC (GCLocker Initiated GC) [PSYoungGen: 161055K->71505K(175104K)] 614848K->542520K(699392K), 0.0079988 secs] [Times: user=0.13 sys=0.00, real=0.01 secs] 
2016-09-25T23:30:06.389-0400: 85.996: [GC (GCLocker Initiated GC) [PSYoungGen: 159569K->33617K(175104K)] 633395K->554112K(699392K), 0.0109008 secs] [Times: user=0.17 sys=0.00, real=0.01 secs] 
2016-09-25T23:30:06.400-0400: 86.007: [Full GC (Ergonomics) [PSYoungGen: 33617K->0K(175104K)] [ParOldGen: 520495K->445646K(524288K)] 554112K->445646K(699392K), [Metaspace: 43894K->43894K(1087488K)], 0.0522213 secs] [Times: user=0.46 sys=0.00, real=0.05 secs] 
2016-09-25T23:30:06.478-0400: 86.085: [GC (GCLocker Initiated GC) [PSYoungGen: 88064K->86707K(175104K)] 536447K->535091K(699392K), 0.0086390 secs] [Times: user=0.13 sys=0.01, real=0.01 secs] 
2016-09-25T23:30:06.534-0400: 86.141: [GC (GCLocker Initiated GC) [PSYoungGen: 174771K->55569K(175104K)] 626011K->539020K(699392K), 0.0088147 secs] [Times: user=0.13 sys=0.00, real=0.02 secs] 
2016-09-25T23:30:06.543-0400: 86.150: [Full GC (Ergonomics) [PSYoungGen: 55569K->0K(175104K)] [ParOldGen: 483451K->452123K(524288K)] 539020K->452123K(699392K), [Metaspace: 43894K->43894K(1087488K)], 0.0575960 secs] [Times: user=0.58 sys=0.00, real=0.05 secs] 
2016-09-25T23:30:06.630-0400: 86.237: [GC (GCLocker Initiated GC) [PSYoungGen: 88064K->80143K(175104K)] 540236K->532316K(699392K), 0.0084023 secs] [Times: user=0.11 sys=0.00, real=0.01 secs] 
2016-09-25T23:30:06.679-0400: 86.286: [GC (GCLocker Initiated GC) [PSYoungGen: 168207K->71826K(175104K)] 623234K->560699K(699392K), 0.0099615 secs] [Times: user=0.15 sys=0.00, real=0.01 secs] 
2016-09-25T23:30:06.689-0400: 86.296: [Full GC (Ergonomics) [PSYoungGen: 71826K->0K(175104K)] [ParOldGen: 488873K->461484K(524288K)] 560699K->461484K(699392K), [Metaspace: 43894K->43894K(1087488K)], 0.0604521 secs] [Times: user=0.55 sys=0.00, real=0.06 secs] 
2016-09-25T23:30:06.794-0400: 86.401: [GC (GCLocker Initiated GC) [PSYoungGen: 88064K->68193K(175104K)] 549989K->530118K(699392K), 0.0075345 secs] [Times: user=0.11 sys=0.00, real=0.00 secs] 
2016-09-25T23:30:06.840-0400: 86.447: [GC (GCLocker Initiated GC) [PSYoungGen: 156257K->55473K(175104K)] 618233K->551448K(699392K), 0.0094944 secs] [Times: user=0.13 sys=0.00, real=0.01 secs] 
2016-09-25T23:30:06.850-0400: 86.457: [Full GC (Ergonomics) [PSYoungGen: 55473K->0K(175104K)] [ParOldGen: 495975K->449064K(524288K)] 551448K->449064K(699392K), [Metaspace: 43894K->43894K(1087488K)], 0.0580441 secs] [Times: user=0.51 sys=0.01, real=0.06 secs] 
2016-09-25T23:30:06.949-0400: 86.556: [GC (GCLocker Initiated GC) [PSYoungGen: 88064K->62721K(175104K)] 539911K->514568K(699392K), 0.0075926 secs] [Times: user=0.09 sys=0.00, real=0.01 secs] 
2016-09-25T23:30:06.995-0400: 86.602: [GC (GCLocker Initiated GC) [PSYoungGen: 150785K->78858K(175104K)] 614962K->556783K(699392K), 0.0095068 secs] [Times: user=0.13 sys=0.00, real=0.01 secs] 
2016-09-25T23:30:07.005-0400: 86.612: [Full GC (Ergonomics) [PSYoungGen: 78858K->0K(175104K)] [ParOldGen: 477925K->461433K(524288K)] 556783K->461433K(699392K), [Metaspace: 43894K->43894K(1087488K)], 0.0568281 secs] [Times: user=0.53 sys=0.00, real=0.05 secs] 
2016-09-25T23:30:07.103-0400: 86.710: [GC (GCLocker Initiated GC) [PSYoungGen: 88064K->69446K(175104K)] 555032K->536414K(699392K), 0.0073577 secs] [Times: user=0.11 sys=0.01, real=0.00 secs] 
2016-09-25T23:30:07.148-0400: 86.755: [GC (GCLocker Initiated GC) [PSYoungGen: 157510K->69380K(175104K)] 627303K->578515K(699392K), 0.0101062 secs] [Times: user=0.15 sys=0.01, real=0.01 secs] 
2016-09-25T23:30:07.158-0400: 86.765: [Full GC (Ergonomics) [PSYoungGen: 69380K->0K(175104K)] [ParOldGen: 509135K->465370K(524288K)] 578515K->465370K(699392K), [Metaspace: 43895K->43895K(1087488K)], 0.0577412 secs] [Times: user=0.44 sys=0.01, real=0.06 secs] 
2016-09-25T23:30:07.260-0400: 86.867: [Full GC (Ergonomics) [PSYoungGen: 88064K->0K(175104K)] [ParOldGen: 478921K->455510K(524288K)] 566985K->455510K(699392K), [Metaspace: 43896K->43896K(1087488K)], 0.0562776 secs] [Times: user=0.52 sys=0.01, real=0.06 secs] 
2016-09-25T23:30:07.359-0400: 86.966: [GC (GCLocker Initiated GC) [PSYoungGen: 88064K->81312K(175104K)] 549025K->542274K(699392K), 0.0079356 secs] [Times: user=0.11 sys=0.00, real=0.01 secs] 
2016-09-25T23:30:07.410-0400: 87.017: [GC (GCLocker Initiated GC) [PSYoungGen: 169376K->69277K(175104K)] 635880K->553199K(699392K), 0.0082609 secs] [Times: user=0.13 sys=0.00, real=0.01 secs] 
2016-09-25T23:30:07.418-0400: 87.025: [Full GC (Ergonomics) [PSYoungGen: 69277K->0K(175104K)] [ParOldGen: 483921K->459536K(524288K)] 553199K->459536K(699392K), [Metaspace: 43896K->43896K(1087488K)], 0.0561848 secs] [Times: user=0.45 sys=0.00, real=0.06 secs] 
2016-09-25T23:30:07.512-0400: 87.119: [GC (GCLocker Initiated GC) [PSYoungGen: 88064K->71119K(175104K)] 550506K->533561K(699392K), 0.0118314 secs] [Times: user=0.16 sys=0.00, real=0.02 secs] 
2016-09-25T23:30:07.566-0400: 87.173: [GC (GCLocker Initiated GC) [PSYoungGen: 159183K->46925K(175104K)] 624384K->536909K(699392K), 0.0093085 secs] [Times: user=0.12 sys=0.00, real=0.01 secs] 
2016-09-25T23:30:07.576-0400: 87.183: [Full GC (Ergonomics) [PSYoungGen: 46925K->0K(175104K)] [ParOldGen: 489983K->458529K(524288K)] 536909K->458529K(699392K), [Metaspace: 43896K->43896K(1087488K)], 0.0563246 secs] [Times: user=0.51 sys=0.00, real=0.05 secs] 
2016-09-25T23:30:07.665-0400: 87.272: [GC (GCLocker Initiated GC) [PSYoungGen: 88064K->86282K(175104K)] 549426K->553044K(699392K), 0.0085008 secs] [Times: user=0.11 sys=0.00, real=0.00 secs] 
2016-09-25T23:30:07.719-0400: 87.326: [Full GC (Ergonomics) [PSYoungGen: 174346K->0K(175104K)] [ParOldGen: 476428K->473965K(524288K)] 650775K->473965K(699392K), [Metaspace: 43896K->43896K(1087488K)], 0.0617142 secs] [Times: user=0.55 sys=0.01, real=0.06 secs] 
2016-09-25T23:30:07.831-0400: 87.439: [GC (GCLocker Initiated GC) [PSYoungGen: 88064K->75109K(175104K)] 562095K->549141K(699392K), 0.0095993 secs] [Times: user=0.14 sys=0.00, real=0.01 secs] 
2016-09-25T23:30:07.874-0400: 87.481: [Full GC (Ergonomics) [PSYoungGen: 163173K->0K(175104K)] [ParOldGen: 479698K->478574K(524288K)] 642871K->478574K(699392K), [Metaspace: 43899K->43899K(1087488K)], 0.0541597 secs] [Times: user=0.49 sys=0.00, real=0.05 secs] 
2016-09-25T23:30:07.978-0400: 87.585: [Full GC (Ergonomics) [PSYoungGen: 88064K->0K(175104K)] [ParOldGen: 478690K->463027K(524288K)] 566754K->463027K(699392K), [Metaspace: 43899K->43899K(1087488K)], 0.0583934 secs] [Times: user=0.58 sys=0.00, real=0.06 secs] 
2016-09-25T23:30:08.077-0400: 87.684: [GC (GCLocker Initiated GC) [PSYoungGen: 88064K->79031K(175104K)] 557918K->548886K(699392K), 0.0101727 secs] [Times: user=0.16 sys=0.00, real=0.01 secs] 
2016-09-25T23:30:08.124-0400: 87.731: [GC (GCLocker Initiated GC) [PSYoungGen: 167095K->55116K(175104K)] 643849K->550945K(699392K), 0.0075235 secs] [Times: user=0.09 sys=0.00, real=0.00 secs] 
2016-09-25T23:30:08.132-0400: 87.739: [Full GC (Ergonomics) [PSYoungGen: 55116K->0K(175104K)] [ParOldGen: 495828K->470749K(524288K)] 550945K->470749K(699392K), [Metaspace: 43899K->43899K(1087488K)], 0.0536419 secs] [Times: user=0.52 sys=0.01, real=0.06 secs] 
2016-09-25T23:30:08.230-0400: 87.837: [GC (GCLocker Initiated GC) [PSYoungGen: 88064K->73067K(175104K)] 565253K->550257K(699392K), 0.0075513 secs] [Times: user=0.08 sys=0.01, real=0.01 secs] 
2016-09-25T23:30:08.277-0400: 87.884: [Full GC (Ergonomics) [PSYoungGen: 161131K->0K(175104K)] [ParOldGen: 479965K->472656K(524288K)] 641097K->472656K(699392K), [Metaspace: 43899K->43899K(1087488K)], 0.0510232 secs] [Times: user=0.43 sys=0.00, real=0.05 secs] 
2016-09-25T23:30:08.375-0400: 87.982: [Full GC (Ergonomics) [PSYoungGen: 88064K->0K(175104K)] [ParOldGen: 480795K->468451K(524288K)] 568859K->468451K(699392K), [Metaspace: 43899K->43899K(1087488K)], 0.0554249 secs] [Times: user=0.46 sys=0.00, real=0.05 secs] 
2016-09-25T23:30:08.474-0400: 88.081: [GC (GCLocker Initiated GC) [PSYoungGen: 88064K->74377K(175104K)] 560659K->546972K(699392K), 0.0073339 secs] [Times: user=0.08 sys=0.01, real=0.00 secs] 
2016-09-25T23:30:08.523-0400: 88.130: [GC (GCLocker Initiated GC) [PSYoungGen: 162441K->68794K(175104K)] 641176K->567522K(699392K), 0.0086932 secs] [Times: user=0.10 sys=0.00, real=0.00 secs] 
2016-09-25T23:30:08.532-0400: 88.139: [Full GC (Ergonomics) [PSYoungGen: 68794K->0K(175104K)] [ParOldGen: 498727K->475331K(524288K)] 567522K->475331K(699392K), [Metaspace: 43911K->43911K(1087488K)], 0.1364846 secs] [Times: user=1.73 sys=0.01, real=0.14 secs] 
2016-09-25T23:30:08.711-0400: 88.319: [GC (GCLocker Initiated GC) [PSYoungGen: 88064K->68604K(175104K)] 564042K->544583K(699392K), 0.0081699 secs] [Times: user=0.13 sys=0.00, real=0.01 secs] 
2016-09-25T23:30:08.760-0400: 88.367: [GC (GCLocker Initiated GC) [PSYoungGen: 156668K->57778K(175104K)] 635400K->576368K(699392K), 0.0086440 secs] [Times: user=0.14 sys=0.00, real=0.01 secs] 
2016-09-25T23:30:08.769-0400: 88.376: [Full GC (Ergonomics) [PSYoungGen: 57778K->0K(175104K)] [ParOldGen: 518589K->470274K(524288K)] 576368K->470274K(699392K), [Metaspace: 43911K->43911K(1087488K)], 0.0550086 secs] [Times: user=0.56 sys=0.00, real=0.06 secs] 
2016-09-25T23:30:08.859-0400: 88.466: [Full GC (Ergonomics) [PSYoungGen: 88064K->0K(175104K)] [ParOldGen: 481227K->484981K(524288K)] 569291K->484981K(699392K), [Metaspace: 43911K->43911K(1087488K)], 0.0565159 secs] [Times: user=0.57 sys=0.01, real=0.06 secs] 
2016-09-25T23:30:08.968-0400: 88.575: [Full GC (Ergonomics) [PSYoungGen: 88064K->0K(175104K)] [ParOldGen: 497255K->469976K(524288K)] 585319K->469976K(699392K), [Metaspace: 43911K->43911K(1087488K)], 0.0573648 secs] [Times: user=0.56 sys=0.00, real=0.06 secs] 
2016-09-25T23:30:09.069-0400: 88.676: [Full GC (Ergonomics) [PSYoungGen: 88064K->0K(175104K)] [ParOldGen: 475443K->476197K(524288K)] 563507K->476197K(699392K), [Metaspace: 43911K->43911K(1087488K)], 0.0478279 secs] [Times: user=0.40 sys=0.00, real=0.05 secs] 
2016-09-25T23:30:09.153-0400: 88.760: [Full GC (Ergonomics) [PSYoungGen: 88064K->0K(175104K)] [ParOldGen: 485980K->485671K(524288K)] 574044K->485671K(699392K), [Metaspace: 43911K->43911K(1087488K)], 0.0546917 secs] [Times: user=0.56 sys=0.00, real=0.06 secs] 
2016-09-25T23:30:09.249-0400: 88.856: [Full GC (Ergonomics) [PSYoungGen: 88064K->0K(175104K)] [ParOldGen: 488844K->472929K(524288K)] 576908K->472929K(699392K), [Metaspace: 43916K->43916K(1087488K)], 0.0561098 secs] [Times: user=0.53 sys=0.00, real=0.06 secs] 
2016-09-25T23:30:09.344-0400: 88.951: [Full GC (Ergonomics) [PSYoungGen: 88064K->0K(175104K)] [ParOldGen: 477105K->479434K(524288K)] 565169K->479434K(699392K), [Metaspace: 43916K->43916K(1087488K)], 0.0507817 secs] [Times: user=0.48 sys=0.00, real=0.05 secs] 
2016-09-25T23:30:09.437-0400: 89.044: [Full GC (Ergonomics) [PSYoungGen: 88064K->0K(175104K)] [ParOldGen: 479582K->480202K(524288K)] 567646K->480202K(699392K), [Metaspace: 43916K->43916K(1087488K)], 0.0521015 secs] [Times: user=0.47 sys=0.00, real=0.05 secs] 
2016-09-25T23:30:09.521-0400: 89.128: [Full GC (Ergonomics) [PSYoungGen: 88064K->0K(175104K)] [ParOldGen: 484394K->486875K(524288K)] 572458K->486875K(699392K), [Metaspace: 43916K->43916K(1087488K)], 0.0504998 secs] [Times: user=0.47 sys=0.00, real=0.05 secs] 
2016-09-25T23:30:09.625-0400: 89.232: [Full GC (Ergonomics) [PSYoungGen: 88064K->0K(175104K)] [ParOldGen: 487652K->475573K(524288K)] 575716K->475573K(699392K), [Metaspace: 43916K->43916K(1087488K)], 0.0517063 secs] [Times: user=0.48 sys=0.00, real=0.05 secs] 
2016-09-25T23:30:09.707-0400: 89.314: [Full GC (Ergonomics) [PSYoungGen: 88064K->0K(175104K)] [ParOldGen: 478377K->485995K(524288K)] 566441K->485995K(699392K), [Metaspace: 43916K->43916K(1087488K)], 0.0558121 secs] [Times: user=0.53 sys=0.00, real=0.06 secs] 
2016-09-25T23:30:09.810-0400: 89.417: [Full GC (Ergonomics) [PSYoungGen: 88064K->0K(175104K)] [ParOldGen: 487365K->478815K(524288K)] 575429K->478815K(699392K), [Metaspace: 43920K->43920K(1087488K)], 0.0580447 secs] [Times: user=0.57 sys=0.00, real=0.06 secs] 
2016-09-25T23:30:09.902-0400: 89.509: [Full GC (Ergonomics) [PSYoungGen: 88064K->0K(175104K)] [ParOldGen: 478909K->487961K(524288K)] 566973K->487961K(699392K), [Metaspace: 43920K->43920K(1087488K)], 0.0573283 secs] [Times: user=0.50 sys=0.00, real=0.06 secs] 
2016-09-25T23:30:10.010-0400: 89.617: [Full GC (Ergonomics) [PSYoungGen: 88064K->0K(175104K)] [ParOldGen: 493483K->488890K(524288K)] 581547K->488890K(699392K), [Metaspace: 43920K->43920K(1087488K)], 0.0652067 secs] [Times: user=0.65 sys=0.00, real=0.07 secs] 
2016-09-25T23:30:10.111-0400: 89.718: [Full GC (Ergonomics) [PSYoungGen: 88064K->0K(175104K)] [ParOldGen: 491749K->495366K(524288K)] 579813K->495366K(699392K), [Metaspace: 43920K->43920K(1087488K)], 0.0621549 secs] [Times: user=0.64 sys=0.01, real=0.06 secs] 
2016-09-25T23:30:10.224-0400: 89.831: [Full GC (Ergonomics) [PSYoungGen: 88064K->0K(175104K)] [ParOldGen: 506267K->491049K(524288K)] 594331K->491049K(699392K), [Metaspace: 43920K->43920K(1087488K)], 0.0593442 secs] [Times: user=0.45 sys=0.00, real=0.06 secs] 
2016-09-25T23:30:10.331-0400: 89.938: [Full GC (Ergonomics) [PSYoungGen: 88064K->0K(175104K)] [ParOldGen: 503581K->495069K(524288K)] 591645K->495069K(699392K), [Metaspace: 43920K->43920K(1087488K)], 0.0588408 secs] [Times: user=0.57 sys=0.00, real=0.06 secs] 
2016-09-25T23:30:10.437-0400: 90.044: [Full GC (Ergonomics) [PSYoungGen: 88064K->0K(175104K)] [ParOldGen: 509687K->494980K(524288K)] 597751K->494980K(699392K), [Metaspace: 43920K->43920K(1087488K)], 0.0594896 secs] [Times: user=0.61 sys=0.00, real=0.06 secs] 
2016-09-25T23:30:10.546-0400: 90.153: [Full GC (Ergonomics) [PSYoungGen: 88064K->0K(175104K)] [ParOldGen: 495039K->488842K(524288K)] 583103K->488842K(699392K), [Metaspace: 43920K->43920K(1087488K)], 0.0563082 secs] [Times: user=0.57 sys=0.00, real=0.06 secs] 
2016-09-25T23:30:10.645-0400: 90.252: [Full GC (Ergonomics) [PSYoungGen: 88064K->0K(175104K)] [ParOldGen: 494439K->498221K(524288K)] 582503K->498221K(699392K), [Metaspace: 43920K->43920K(1087488K)], 0.0523579 secs] [Times: user=0.46 sys=0.04, real=0.05 secs] 
2016-09-25T23:30:10.747-0400: 90.354: [Full GC (Ergonomics) [PSYoungGen: 88064K->0K(175104K)] [ParOldGen: 501155K->494843K(524288K)] 589219K->494843K(699392K), [Metaspace: 43920K->43920K(1087488K)], 0.1270612 secs] [Times: user=1.79 sys=0.00, real=0.12 secs] 
2016-09-25T23:30:10.917-0400: 90.524: [Full GC (Ergonomics) [PSYoungGen: 88064K->0K(175104K)] [ParOldGen: 497647K->493133K(524288K)] 585711K->493133K(699392K), [Metaspace: 43920K->43920K(1087488K)], 0.0523608 secs] [Times: user=0.51 sys=0.00, real=0.05 secs] 
2016-09-25T23:30:11.010-0400: 90.617: [Full GC (Ergonomics) [PSYoungGen: 88064K->0K(175104K)] [ParOldGen: 498731K->499820K(524288K)] 586795K->499820K(699392K), [Metaspace: 43925K->43925K(1087488K)], 0.0489554 secs] [Times: user=0.43 sys=0.00, real=0.05 secs] 
2016-09-25T23:30:11.116-0400: 90.723: [Full GC (Ergonomics) [PSYoungGen: 88064K->0K(175104K)] [ParOldGen: 506716K->489929K(524288K)] 594780K->489929K(699392K), [Metaspace: 43925K->43925K(1087488K)], 0.0570062 secs] [Times: user=0.58 sys=0.01, real=0.05 secs] 
2016-09-25T23:30:11.205-0400: 90.812: [Full GC (Ergonomics) [PSYoungGen: 88064K->0K(175104K)] [ParOldGen: 493736K->498006K(524288K)] 581800K->498006K(699392K), [Metaspace: 43925K->43925K(1087488K)], 0.0536641 secs] [Times: user=0.51 sys=0.00, real=0.05 secs] 
2016-09-25T23:30:11.304-0400: 90.911: [Full GC (Ergonomics) [PSYoungGen: 88064K->0K(175104K)] [ParOldGen: 506663K->503099K(524288K)] 594727K->503099K(699392K), [Metaspace: 43925K->43925K(1087488K)], 0.0573033 secs] [Times: user=0.53 sys=0.01, real=0.05 secs] 
2016-09-25T23:30:11.398-0400: 91.005: [Full GC (Ergonomics) [PSYoungGen: 88064K->0K(175104K)] [ParOldGen: 505475K->494432K(524288K)] 593539K->494432K(699392K), [Metaspace: 43925K->43925K(1087488K)], 0.0532508 secs] [Times: user=0.51 sys=0.00, real=0.05 secs] 
2016-09-25T23:30:11.491-0400: 91.098: [Full GC (Ergonomics) [PSYoungGen: 88064K->0K(175104K)] [ParOldGen: 500051K->500997K(524288K)] 588115K->500997K(699392K), [Metaspace: 43925K->43925K(1087488K)], 0.0545172 secs] [Times: user=0.51 sys=0.01, real=0.06 secs] 
2016-09-25T23:30:11.596-0400: 91.203: [Full GC (Ergonomics) [PSYoungGen: 88064K->0K(175104K)] [ParOldGen: 510477K->500608K(524288K)] 598541K->500608K(699392K), [Metaspace: 43925K->43925K(1087488K)], 0.0620244 secs] [Times: user=0.55 sys=0.01, real=0.06 secs] 
2016-09-25T23:30:11.692-0400: 91.299: [Full GC (Ergonomics) [PSYoungGen: 88064K->0K(175104K)] [ParOldGen: 506046K->509847K(524288K)] 594110K->509847K(699392K), [Metaspace: 43925K->43925K(1087488K)], 0.0564577 secs] [Times: user=0.57 sys=0.00, real=0.06 secs] 
2016-09-25T23:30:11.794-0400: 91.401: [Full GC (Ergonomics) [PSYoungGen: 88064K->0K(175104K)] [ParOldGen: 511278K->502628K(524288K)] 599342K->502628K(699392K), [Metaspace: 43925K->43925K(1087488K)], 0.0562667 secs] [Times: user=0.55 sys=0.00, real=0.05 secs] 
2016-09-25T23:30:11.885-0400: 91.492: [Full GC (Ergonomics) [PSYoungGen: 88064K->0K(175104K)] [ParOldGen: 502756K->508994K(524288K)] 590820K->508994K(699392K), [Metaspace: 43925K->43925K(1087488K)], 0.0541954 secs] [Times: user=0.52 sys=0.00, real=0.05 secs] 
2016-09-25T23:30:11.983-0400: 91.590: [Full GC (Ergonomics) [PSYoungGen: 88064K->0K(175104K)] [ParOldGen: 509114K->504681K(524288K)] 597178K->504681K(699392K), [Metaspace: 43925K->43925K(1087488K)], 0.0551777 secs] [Times: user=0.52 sys=0.01, real=0.05 secs] 
2016-09-25T23:30:12.078-0400: 91.685: [Full GC (Ergonomics) [PSYoungGen: 88064K->0K(175104K)] [ParOldGen: 507529K->505586K(524288K)] 595593K->505586K(699392K), [Metaspace: 43925K->43925K(1087488K)], 0.0556200 secs] [Times: user=0.53 sys=0.01, real=0.06 secs] 
2016-09-25T23:30:12.173-0400: 91.780: [Full GC (Ergonomics) [PSYoungGen: 88064K->0K(175104K)] [ParOldGen: 513779K->514848K(524288K)] 601843K->514848K(699392K), [Metaspace: 43925K->43925K(1087488K)], 0.0598772 secs] [Times: user=0.57 sys=0.01, real=0.06 secs] 
2016-09-25T23:30:12.277-0400: 91.884: [Full GC (Ergonomics) [PSYoungGen: 88064K->0K(175104K)] [ParOldGen: 514893K->510352K(524288K)] 602957K->510352K(699392K), [Metaspace: 43925K->43925K(1087488K)], 0.0653282 secs] [Times: user=0.62 sys=0.01, real=0.07 secs] 
2016-09-25T23:30:12.387-0400: 91.994: [Full GC (Ergonomics) [PSYoungGen: 88064K->0K(175104K)] [ParOldGen: 510506K->505843K(524288K)] 598570K->505843K(699392K), [Metaspace: 43925K->43925K(1087488K)], 0.0551723 secs] [Times: user=0.56 sys=0.01, real=0.05 secs] 
2016-09-25T23:30:12.484-0400: 92.091: [Full GC (Ergonomics) [PSYoungGen: 88064K->0K(175104K)] [ParOldGen: 508652K->515120K(524288K)] 596716K->515120K(699392K), [Metaspace: 43926K->43926K(1087488K)], 0.0600590 secs] [Times: user=0.65 sys=0.01, real=0.06 secs] 
2016-09-25T23:30:12.585-0400: 92.192: [Full GC (Ergonomics) [PSYoungGen: 88064K->0K(175104K)] [ParOldGen: 518015K->517586K(524288K)] 606079K->517586K(699392K), [Metaspace: 43926K->43926K(1087488K)], 0.0508170 secs] [Times: user=0.50 sys=0.00, real=0.05 secs] 
2016-09-25T23:30:12.678-0400: 92.285: [Full GC (Ergonomics) [PSYoungGen: 88064K->0K(175104K)] [ParOldGen: 521024K->514672K(524288K)] 609088K->514672K(699392K), [Metaspace: 43926K->43926K(1087488K)], 0.0562791 secs] [Times: user=0.54 sys=0.01, real=0.06 secs] 
2016-09-25T23:30:12.773-0400: 92.380: [Full GC (Ergonomics) [PSYoungGen: 88064K->0K(175104K)] [ParOldGen: 514709K->512885K(524288K)] 602773K->512885K(699392K), [Metaspace: 43926K->43926K(1087488K)], 0.0499749 secs] [Times: user=0.41 sys=0.00, real=0.06 secs] 
2016-09-25T23:30:12.864-0400: 92.472: [Full GC (Ergonomics) [PSYoungGen: 88064K->0K(175104K)] [ParOldGen: 519707K->515523K(524288K)] 607771K->515523K(699392K), [Metaspace: 43926K->43926K(1087488K)], 0.1364578 secs] [Times: user=1.95 sys=0.01, real=0.13 secs] 
2016-09-25T23:30:13.046-0400: 92.653: [Full GC (Ergonomics) [PSYoungGen: 88064K->0K(175104K)] [ParOldGen: 519608K->519359K(524288K)] 607672K->519359K(699392K), [Metaspace: 43926K->43926K(1087488K)], 0.0567299 secs] [Times: user=0.54 sys=0.00, real=0.06 secs] 
2016-09-25T23:30:13.144-0400: 92.751: [Full GC (Ergonomics) [PSYoungGen: 88064K->0K(175104K)] [ParOldGen: 522242K->517578K(524288K)] 610306K->517578K(699392K), [Metaspace: 43926K->43926K(1087488K)], 0.0498131 secs] [Times: user=0.45 sys=0.00, real=0.04 secs] 
2016-09-25T23:30:13.231-0400: 92.838: [Full GC (Ergonomics) [PSYoungGen: 88064K->0K(175104K)] [ParOldGen: 523000K->520061K(524288K)] 611064K->520061K(699392K), [Metaspace: 43930K->43930K(1087488K)], 0.0583302 secs] [Times: user=0.58 sys=0.00, real=0.06 secs] 
2016-09-25T23:30:13.331-0400: 92.938: [Full GC (Ergonomics) [PSYoungGen: 88064K->0K(175104K)] [ParOldGen: 520648K->516888K(524288K)] 608712K->516888K(699392K), [Metaspace: 43930K->43930K(1087488K)], 0.0500821 secs] [Times: user=0.43 sys=0.00, real=0.05 secs] 
2016-09-25T23:30:13.417-0400: 93.024: [Full GC (Ergonomics) [PSYoungGen: 88064K->0K(175104K)] [ParOldGen: 520015K->518409K(524288K)] 608079K->518409K(699392K), [Metaspace: 43936K->43936K(1087488K)], 0.0507607 secs] [Times: user=0.42 sys=0.00, real=0.05 secs] 
2016-09-25T23:30:13.512-0400: 93.119: [Full GC (Ergonomics) [PSYoungGen: 88064K->0K(175104K)] [ParOldGen: 520915K->517700K(524288K)] 608979K->517700K(699392K), [Metaspace: 43948K->43948K(1087488K)], 0.0499615 secs] [Times: user=0.45 sys=0.00, real=0.06 secs] 
2016-09-25T23:30:13.596-0400: 93.203: [Full GC (Ergonomics) [PSYoungGen: 88064K->2703K(175104K)] [ParOldGen: 517973K->521755K(524288K)] 606037K->524459K(699392K), [Metaspace: 43963K->43963K(1087488K)], 0.1470090 secs] [Times: user=2.15 sys=0.01, real=0.15 secs] 
2016-09-25T23:30:13.791-0400: 93.398: [Full GC (Ergonomics) [PSYoungGen: 88063K->0K(175104K)] [ParOldGen: 523732K->516044K(524288K)] 611795K->516044K(699392K), [Metaspace: 43969K->43969K(1087488K)], 0.0493301 secs] [Times: user=0.47 sys=0.00, real=0.05 secs] 
2016-09-25T23:30:13.874-0400: 93.481: [Full GC (Ergonomics) [PSYoungGen: 88064K->0K(175104K)] [ParOldGen: 519027K->519466K(524288K)] 607091K->519466K(699392K), [Metaspace: 43969K->43969K(1087488K)], 0.0601982 secs] [Times: user=0.60 sys=0.01, real=0.07 secs] 
2016-09-25T23:30:13.980-0400: 93.587: [Full GC (Ergonomics) [PSYoungGen: 88064K->0K(175104K)] [ParOldGen: 520920K->521722K(524288K)] 608984K->521722K(699392K), [Metaspace: 43969K->43969K(1087488K)], 0.0578649 secs] [Times: user=0.57 sys=0.01, real=0.06 secs] 
2016-09-25T23:30:14.078-0400: 93.685: [Full GC (Ergonomics) [PSYoungGen: 86099K->0K(175104K)] [ParOldGen: 521722K->517262K(524288K)] 607821K->517262K(699392K), [Metaspace: 43969K->43969K(1087488K)], 0.0596175 secs] [Times: user=0.56 sys=0.00, real=0.06 secs] 
2016-09-25T23:30:14.177-0400: 93.784: [Full GC (Ergonomics) [PSYoungGen: 87282K->10887K(175104K)] [ParOldGen: 522662K->523175K(524288K)] 609944K->534062K(699392K), [Metaspace: 43969K->43969K(1087488K)], 0.1735115 secs] [Times: user=2.62 sys=0.01, real=0.17 secs] 
2016-09-25T23:30:14.395-0400: 94.002: [Full GC (Ergonomics) [PSYoungGen: 88064K->0K(175104K)] [ParOldGen: 523224K->518398K(524288K)] 611288K->518398K(699392K), [Metaspace: 43970K->43970K(1087488K)], 0.0556757 secs] [Times: user=0.43 sys=0.01, real=0.05 secs] 
2016-09-25T23:30:14.488-0400: 94.095: [Full GC (Ergonomics) [PSYoungGen: 88064K->6816K(175104K)] [ParOldGen: 524061K->522183K(524288K)] 612125K->528999K(699392K), [Metaspace: 43970K->43970K(1087488K)], 0.1627463 secs] [Times: user=2.41 sys=0.01, real=0.16 secs] 
2016-09-25T23:30:14.711-0400: 94.318: [Full GC (Ergonomics) [PSYoungGen: 87853K->0K(175104K)] [ParOldGen: 522183K->514773K(524288K)] 610036K->514773K(699392K), [Metaspace: 43970K->43970K(1087488K)], 0.0822129 secs] [Times: user=0.60 sys=0.02, real=0.08 secs] 
2016-09-25T23:30:14.826-0400: 94.433: [Full GC (Ergonomics) [PSYoungGen: 88064K->9773K(175104K)] [ParOldGen: 521070K->523672K(524288K)] 609134K->533445K(699392K), [Metaspace: 43970K->43970K(1087488K)], 0.1624671 secs] [Times: user=2.34 sys=0.02, real=0.16 secs] 
2016-09-25T23:30:15.031-0400: 94.638: [Full GC (Ergonomics) [PSYoungGen: 87921K->0K(175104K)] [ParOldGen: 523672K->521894K(524288K)] 611593K->521894K(699392K), [Metaspace: 43970K->43970K(1087488K)], 0.0558755 secs] [Times: user=0.55 sys=0.00, real=0.06 secs] 
2016-09-25T23:30:15.125-0400: 94.732: [Full GC (Ergonomics) [PSYoungGen: 88064K->2703K(175104K)] [ParOldGen: 522826K->524164K(524288K)] 610890K->526867K(699392K), [Metaspace: 43970K->43970K(1087488K)], 0.1608557 secs] [Times: user=2.39 sys=0.00, real=0.16 secs] 
2016-09-25T23:30:15.327-0400: 94.934: [Full GC (Ergonomics) [PSYoungGen: 88064K->6845K(175104K)] [ParOldGen: 524204K->521802K(524288K)] 612268K->528647K(699392K), [Metaspace: 43970K->43970K(1087488K)], 0.1617338 secs] [Times: user=2.39 sys=0.02, real=0.16 secs] 
2016-09-25T23:30:15.533-0400: 95.140: [Full GC (Ergonomics) [PSYoungGen: 85905K->2764K(175104K)] [ParOldGen: 521802K->524116K(524288K)] 607707K->526880K(699392K), [Metaspace: 43970K->43970K(1087488K)], 0.1528297 secs] [Times: user=2.21 sys=0.02, real=0.16 secs] 
2016-09-25T23:30:15.726-0400: 95.333: [Full GC (Ergonomics) [PSYoungGen: 88064K->5423K(175104K)] [ParOldGen: 524176K->521714K(524288K)] 612240K->527137K(699392K), [Metaspace: 43970K->43970K(1087488K)], 0.1545304 secs] [Times: user=2.24 sys=0.01, real=0.15 secs] 
2016-09-25T23:30:15.909-0400: 95.517: [Full GC (Ergonomics) [PSYoungGen: 88064K->13516K(175104K)] [ParOldGen: 521807K->522626K(524288K)] 609871K->536143K(699392K), [Metaspace: 43970K->43970K(1087488K)], 0.1522515 secs] [Times: user=2.26 sys=0.00, real=0.15 secs] 
2016-09-25T23:30:16.101-0400: 95.708: [Full GC (Ergonomics) [PSYoungGen: 88064K->8100K(175104K)] [ParOldGen: 522749K->523251K(524288K)] 610813K->531351K(699392K), [Metaspace: 43970K->43970K(1087488K)], 0.1503065 secs] [Times: user=2.17 sys=0.01, real=0.15 secs] 
2016-09-25T23:30:16.279-0400: 95.886: [Full GC (Ergonomics) [PSYoungGen: 88064K->17582K(175104K)] [ParOldGen: 523255K->522792K(524288K)] 611319K->540375K(699392K), [Metaspace: 43970K->43970K(1087488K)], 0.1465707 secs] [Times: user=2.12 sys=0.01, real=0.15 secs] 
2016-09-25T23:30:16.466-0400: 96.073: [Full GC (Ergonomics) [PSYoungGen: 88064K->2700K(175104K)] [ParOldGen: 524235K->523482K(524288K)] 612299K->526182K(699392K), [Metaspace: 43970K->43970K(1087488K)], 0.1579301 secs] [Times: user=2.28 sys=0.01, real=0.16 secs] 
2016-09-25T23:30:16.662-0400: 96.269: [Full GC (Ergonomics) [PSYoungGen: 86944K->9725K(175104K)] [ParOldGen: 523482K->524133K(524288K)] 610427K->533858K(699392K), [Metaspace: 43970K->43970K(1087488K)], 0.1936833 secs] [Times: user=2.18 sys=0.06, real=0.19 secs] 
2016-09-25T23:30:16.898-0400: 96.505: [Full GC (Ergonomics) [PSYoungGen: 88064K->2789K(175104K)] [ParOldGen: 524183K->523240K(524288K)] 612247K->526029K(699392K), [Metaspace: 43970K->43970K(1087488K)], 0.1475170 secs] [Times: user=1.81 sys=0.00, real=0.15 secs] 
2016-09-25T23:30:17.074-0400: 96.681: [Full GC (Ergonomics) [PSYoungGen: 85839K->16558K(175104K)] [ParOldGen: 523240K->523979K(524288K)] 609079K->540537K(699392K), [Metaspace: 43970K->43970K(1087488K)], 0.1582074 secs] [Times: user=2.30 sys=0.01, real=0.15 secs] 
2016-09-25T23:30:17.261-0400: 96.868: [Full GC (Ergonomics) [PSYoungGen: 88064K->15084K(175104K)] [ParOldGen: 524142K->523246K(524288K)] 612206K->538330K(699392K), [Metaspace: 43970K->43970K(1087488K)], 0.1510293 secs] [Times: user=2.19 sys=0.01, real=0.15 secs] 
2016-09-25T23:30:17.445-0400: 97.052: [Full GC (Ergonomics) [PSYoungGen: 85833K->9615K(175104K)] [ParOldGen: 523246K->523740K(524288K)] 609079K->533355K(699392K), [Metaspace: 43970K->43970K(1087488K)], 0.1590540 secs] [Times: user=2.20 sys=0.00, real=0.16 secs] 
2016-09-25T23:30:17.640-0400: 97.248: [Full GC (Ergonomics) [PSYoungGen: 88064K->13769K(175104K)] [ParOldGen: 523776K->523331K(524288K)] 611840K->537100K(699392K), [Metaspace: 43970K->43970K(1087488K)], 0.1540225 secs] [Times: user=2.24 sys=0.01, real=0.16 secs] 
2016-09-25T23:30:17.836-0400: 97.443: [Full GC (Ergonomics) [PSYoungGen: 88064K->9840K(175104K)] [ParOldGen: 523562K->523641K(524288K)] 611626K->533481K(699392K), [Metaspace: 43970K->43970K(1087488K)], 0.1586724 secs] [Times: user=2.27 sys=0.00, real=0.16 secs] 
2016-09-25T23:30:18.019-0400: 97.626: [Full GC (Ergonomics) [PSYoungGen: 87512K->22075K(175104K)] [ParOldGen: 523641K->523162K(524288K)] 611153K->545238K(699392K), [Metaspace: 43970K->43970K(1087488K)], 0.1531438 secs] [Times: user=2.19 sys=0.01, real=0.15 secs] 
2016-09-25T23:30:18.202-0400: 97.809: [Full GC (Ergonomics) [PSYoungGen: 88064K->17691K(175104K)] [ParOldGen: 523286K->523698K(524288K)] 611350K->541389K(699392K), [Metaspace: 43970K->43970K(1087488K)], 0.1605270 secs] [Times: user=2.37 sys=0.01, real=0.16 secs] 
2016-09-25T23:30:18.408-0400: 98.015: [Full GC (Ergonomics) [PSYoungGen: 85797K->14965K(175104K)] [ParOldGen: 523698K->521765K(524288K)] 609495K->536731K(699392K), [Metaspace: 43970K->43970K(1087488K)], 0.1651921 secs] [Times: user=2.38 sys=0.02, real=0.16 secs] 
2016-09-25T23:30:18.594-0400: 98.201: [Full GC (Ergonomics) [PSYoungGen: 88064K->26080K(175104K)] [ParOldGen: 521911K->522232K(524288K)] 609975K->548313K(699392K), [Metaspace: 43970K->43970K(1087488K)], 0.1549082 secs] [Times: user=2.05 sys=0.02, real=0.15 secs] 
2016-09-25T23:30:18.799-0400: 98.406: [Full GC (Ergonomics) [PSYoungGen: 87719K->12430K(175104K)] [ParOldGen: 522232K->522684K(524288K)] 609952K->535115K(699392K), [Metaspace: 43970K->43970K(1087488K)], 0.1555016 secs] [Times: user=2.24 sys=0.01, real=0.16 secs] 
2016-09-25T23:30:18.973-0400: 98.580: [Full GC (Ergonomics) [PSYoungGen: 88063K->29830K(175104K)] [ParOldGen: 522729K->522417K(524288K)] 610793K->552247K(699392K), [Metaspace: 43970K->43970K(1087488K)], 0.1696038 secs] [Times: user=2.44 sys=0.03, real=0.18 secs] 
2016-09-25T23:30:19.176-0400: 98.783: [Full GC (Ergonomics) [PSYoungGen: 88064K->24617K(175104K)] [ParOldGen: 522608K->522321K(524288K)] 610672K->546939K(699392K), [Metaspace: 43970K->43970K(1087488K)], 0.1544061 secs] [Times: user=2.23 sys=0.02, real=0.15 secs] 
2016-09-25T23:30:19.360-0400: 98.967: [Full GC (Ergonomics) [PSYoungGen: 87358K->20481K(175104K)] [ParOldGen: 522321K->521594K(524288K)] 609679K->542075K(699392K), [Metaspace: 43970K->43970K(1087488K)], 0.1517647 secs] [Times: user=2.24 sys=0.00, real=0.15 secs] 
2016-09-25T23:30:19.537-0400: 99.144: [Full GC (Ergonomics) [PSYoungGen: 88064K->22979K(175104K)] [ParOldGen: 521707K->522410K(524288K)] 609771K->545390K(699392K), [Metaspace: 43970K->43970K(1087488K)], 0.1513948 secs] [Times: user=2.24 sys=0.01, real=0.15 secs] 
2016-09-25T23:30:19.722-0400: 99.329: [Full GC (Ergonomics) [PSYoungGen: 88064K->16600K(175104K)] [ParOldGen: 522410K->523923K(524288K)] 610474K->540523K(699392K), [Metaspace: 43970K->43970K(1087488K)], 0.1467484 secs] [Times: user=2.14 sys=0.01, real=0.15 secs] 
2016-09-25T23:30:19.900-0400: 99.507: [Full GC (Ergonomics) [PSYoungGen: 88064K->22043K(175104K)] [ParOldGen: 524062K->524278K(524288K)] 612126K->546322K(699392K), [Metaspace: 43970K->43970K(1087488K)], 0.1590858 secs] [Times: user=2.34 sys=0.00, real=0.16 secs] 
2016-09-25T23:30:20.088-0400: 99.695: [Full GC (Ergonomics) [PSYoungGen: 88064K->21891K(175104K)] [ParOldGen: 524286K->522043K(524288K)] 612350K->543934K(699392K), [Metaspace: 43970K->43970K(1087488K)], 0.1518468 secs] [Times: user=2.10 sys=0.01, real=0.15 secs] 
2016-09-25T23:30:20.278-0400: 99.885: [Full GC (Ergonomics) [PSYoungGen: 86858K->15126K(175104K)] [ParOldGen: 523393K->524092K(524288K)] 610252K->539218K(699392K), [Metaspace: 43970K->43970K(1087488K)], 0.1891492 secs] [Times: user=2.33 sys=0.03, real=0.19 secs] 
2016-09-25T23:30:20.502-0400: 100.109: [Full GC (Ergonomics) [PSYoungGen: 88064K->25903K(175104K)] [ParOldGen: 524287K->521924K(524288K)] 612351K->547828K(699392K), [Metaspace: 43970K->43970K(1087488K)], 0.1674602 secs] [Times: user=2.37 sys=0.01, real=0.17 secs] 
2016-09-25T23:30:20.704-0400: 100.311: [Full GC (Ergonomics) [PSYoungGen: 88064K->19452K(175104K)] [ParOldGen: 521928K->523270K(524288K)] 609992K->542722K(699392K), [Metaspace: 43970K->43970K(1087488K)], 0.1579707 secs] [Times: user=2.35 sys=0.02, real=0.16 secs] 
2016-09-25T23:30:20.888-0400: 100.495: [Full GC (Ergonomics) [PSYoungGen: 86037K->23310K(175104K)] [ParOldGen: 523270K->522698K(524288K)] 609307K->546009K(699392K), [Metaspace: 43970K->43970K(1087488K)], 0.1545213 secs] [Times: user=2.22 sys=0.01, real=0.16 secs] 
2016-09-25T23:30:21.072-0400: 100.679: [Full GC (Ergonomics) [PSYoungGen: 88064K->27456K(175104K)] [ParOldGen: 522785K->521648K(524288K)] 610849K->549104K(699392K), [Metaspace: 43970K->43970K(1087488K)], 0.1573887 secs] [Times: user=2.30 sys=0.00, real=0.16 secs] 
2016-09-25T23:30:21.268-0400: 100.875: [Full GC (Ergonomics) [PSYoungGen: 86661K->11210K(175104K)] [ParOldGen: 521648K->523546K(524288K)] 608309K->534757K(699392K), [Metaspace: 43970K->43970K(1087488K)], 0.1594379 secs] [Times: user=2.31 sys=0.01, real=0.16 secs] 
2016-09-25T23:30:21.450-0400: 101.057: [Full GC (Ergonomics) [PSYoungGen: 88064K->28673K(175104K)] [ParOldGen: 523756K->523861K(524288K)] 611820K->552534K(699392K), [Metaspace: 43970K->43970K(1087488K)], 0.1492380 secs] [Times: user=2.20 sys=0.02, real=0.15 secs] 
2016-09-25T23:30:21.627-0400: 101.234: [Full GC (Ergonomics) [PSYoungGen: 87670K->20599K(175104K)] [ParOldGen: 523861K->524233K(524288K)] 611531K->544832K(699392K), [Metaspace: 43970K->43970K(1087488K)], 0.1534281 secs] [Times: user=2.26 sys=0.02, real=0.15 secs] 
2016-09-25T23:30:21.807-0400: 101.414: [Full GC (Ergonomics) [PSYoungGen: 88064K->27371K(175104K)] [ParOldGen: 524288K->523192K(524288K)] 612352K->550563K(699392K), [Metaspace: 43970K->43970K(1087488K)], 0.1624985 secs] [Times: user=2.37 sys=0.00, real=0.16 secs] 
2016-09-25T23:30:21.996-0400: 101.603: [Full GC (Ergonomics) [PSYoungGen: 86051K->24490K(175104K)] [ParOldGen: 523192K->523650K(524288K)] 609243K->548140K(699392K), [Metaspace: 43970K->43970K(1087488K)], 0.0759889 secs] [Times: user=0.80 sys=0.01, real=0.07 secs] 
2016-09-25T23:30:22.105-0400: 101.712: [Full GC (Ergonomics) [PSYoungGen: 88064K->16728K(175104K)] [ParOldGen: 523720K->522290K(524288K)] 611784K->539018K(699392K), [Metaspace: 43970K->43970K(1087488K)], 0.1610325 secs] [Times: user=2.38 sys=0.01, real=0.16 secs] 
2016-09-25T23:30:22.297-0400: 101.904: [Full GC (Ergonomics) [PSYoungGen: 87810K->28624K(175104K)] [ParOldGen: 522290K->522806K(524288K)] 610101K->551430K(699392K), [Metaspace: 43970K->43970K(1087488K)], 0.1648933 secs] [Times: user=2.29 sys=0.01, real=0.16 secs] 
2016-09-25T23:30:22.491-0400: 102.098: [Full GC (Ergonomics) [PSYoungGen: 88064K->29070K(175104K)] [ParOldGen: 522896K->522823K(524288K)] 610960K->551894K(699392K), [Metaspace: 43970K->43970K(1087488K)], 0.1677326 secs] [Times: user=2.48 sys=0.02, real=0.17 secs] 
2016-09-25T23:30:22.681-0400: 102.288: [Full GC (Ergonomics) [PSYoungGen: 85636K->36959K(175104K)] [ParOldGen: 522823K->523280K(524288K)] 608459K->560240K(699392K), [Metaspace: 43970K->43970K(1087488K)], 0.1630610 secs] [Times: user=2.42 sys=0.00, real=0.17 secs] 
2016-09-25T23:30:22.866-0400: 102.473: [Full GC (Ergonomics) [PSYoungGen: 85566K->28777K(175104K)] [ParOldGen: 523280K->523484K(524288K)] 608847K->552261K(699392K), [Metaspace: 43970K->43970K(1087488K)], 0.1500965 secs] [Times: user=2.16 sys=0.02, real=0.15 secs] 
2016-09-25T23:30:23.049-0400: 102.656: [Full GC (Ergonomics) [PSYoungGen: 88064K->23157K(175104K)] [ParOldGen: 523599K->523931K(524288K)] 611663K->547088K(699392K), [Metaspace: 43970K->43970K(1087488K)], 0.1527085 secs] [Times: user=2.22 sys=0.00, real=0.15 secs] 
2016-09-25T23:30:23.225-0400: 102.832: [Full GC (Ergonomics) [PSYoungGen: 88064K->31335K(175104K)] [ParOldGen: 524183K->524157K(524288K)] 612247K->555492K(699392K), [Metaspace: 43970K->43970K(1087488K)], 0.1547575 secs] [Times: user=2.26 sys=0.02, real=0.15 secs] 
2016-09-25T23:30:23.412-0400: 103.019: [Full GC (Ergonomics) [PSYoungGen: 86847K->18187K(175104K)] [ParOldGen: 524157K->522733K(524288K)] 611005K->540920K(699392K), [Metaspace: 43970K->43970K(1087488K)], 0.1492668 secs] [Times: user=2.19 sys=0.01, real=0.15 secs] 
2016-09-25T23:30:23.586-0400: 103.193: [Full GC (Ergonomics) [PSYoungGen: 88064K->25941K(175104K)] [ParOldGen: 524227K->523473K(524288K)] 612291K->549414K(699392K), [Metaspace: 43970K->43970K(1087488K)], 0.1575743 secs] [Times: user=2.26 sys=0.01, real=0.16 secs] 
2016-09-25T23:30:23.771-0400: 103.378: [Full GC (Ergonomics) [PSYoungGen: 88064K->28807K(175104K)] [ParOldGen: 523575K->522051K(524288K)] 611639K->550859K(699392K), [Metaspace: 43970K->43970K(1087488K)], 0.1581726 secs] [Times: user=2.32 sys=0.00, real=0.16 secs] 
2016-09-25T23:30:23.961-0400: 103.568: [Full GC (Ergonomics) [PSYoungGen: 88064K->24781K(175104K)] [ParOldGen: 522198K->523661K(524288K)] 610262K->548442K(699392K), [Metaspace: 43970K->43970K(1087488K)], 0.1618099 secs] [Times: user=2.24 sys=0.02, real=0.17 secs] 
2016-09-25T23:30:24.144-0400: 103.751: [Full GC (Ergonomics) [PSYoungGen: 88064K->27230K(175104K)] [ParOldGen: 523740K->524207K(524288K)] 611804K->551438K(699392K), [Metaspace: 43970K->43970K(1087488K)], 0.1812645 secs] [Times: user=2.69 sys=0.02, real=0.18 secs] 
2016-09-25T23:30:24.351-0400: 103.958: [Full GC (Ergonomics) [PSYoungGen: 87983K->23380K(175104K)] [ParOldGen: 524207K->524260K(524288K)] 612191K->547641K(699392K), [Metaspace: 43970K->43970K(1087488K)], 0.1588093 secs] [Times: user=2.35 sys=0.00, real=0.16 secs] 
2016-09-25T23:30:24.533-0400: 104.140: [Full GC (Ergonomics) [PSYoungGen: 88064K->31422K(175104K)] [ParOldGen: 524286K->523270K(524288K)] 612350K->554693K(699392K), [Metaspace: 43970K->43970K(1087488K)], 0.1520124 secs] [Times: user=2.21 sys=0.00, real=0.16 secs] 
2016-09-25T23:30:24.710-0400: 104.317: [Full GC (Ergonomics) [PSYoungGen: 86813K->23315K(175104K)] [ParOldGen: 523270K->523371K(524288K)] 610084K->546686K(699392K), [Metaspace: 43970K->43970K(1087488K)], 0.1587900 secs] [Times: user=2.32 sys=0.01, real=0.16 secs] 
2016-09-25T23:30:24.897-0400: 104.504: [Full GC (Ergonomics) [PSYoungGen: 88064K->27539K(175104K)] [ParOldGen: 523551K->522066K(524288K)] 611615K->549606K(699392K), [Metaspace: 43970K->43970K(1087488K)], 0.1614041 secs] [Times: user=2.35 sys=0.01, real=0.16 secs] 
2016-09-25T23:30:25.083-0400: 104.690: [Full GC (Ergonomics) [PSYoungGen: 88064K->33002K(175104K)] [ParOldGen: 523528K->522352K(524288K)] 611592K->555355K(699392K), [Metaspace: 43970K->43970K(1087488K)], 0.1589415 secs] [Times: user=2.35 sys=0.01, real=0.15 secs] 
2016-09-25T23:30:25.264-0400: 104.871: [Full GC (Ergonomics) [PSYoungGen: 86461K->34245K(175104K)] [ParOldGen: 522352K->523976K(524288K)] 608813K->558222K(699392K), [Metaspace: 43970K->43970K(1087488K)], 0.1600723 secs] [Times: user=2.40 sys=0.00, real=0.16 secs] 
2016-09-25T23:30:25.445-0400: 105.052: [Full GC (Ergonomics) [PSYoungGen: 88064K->28728K(175104K)] [ParOldGen: 524116K->524251K(524288K)] 612180K->552979K(699392K), [Metaspace: 43970K->43970K(1087488K)], 0.1608371 secs] [Times: user=2.37 sys=0.02, real=0.16 secs] 
2016-09-25T23:30:25.634-0400: 105.241: [Full GC (Ergonomics) [PSYoungGen: 86435K->27589K(175104K)] [ParOldGen: 524251K->523004K(524288K)] 610687K->550594K(699392K), [Metaspace: 43970K->43970K(1087488K)], 0.1563952 secs] [Times: user=2.21 sys=0.01, real=0.15 secs] 
2016-09-25T23:30:25.814-0400: 105.421: [Full GC (Ergonomics) [PSYoungGen: 87245K->43799K(175104K)] [ParOldGen: 523004K->522000K(524288K)] 610250K->565800K(699392K), [Metaspace: 43976K->43976K(1087488K)], 0.1585111 secs] [Times: user=2.25 sys=0.01, real=0.15 secs] 
2016-09-25T23:30:26.004-0400: 105.612: [Full GC (Ergonomics) [PSYoungGen: 88064K->23460K(175104K)] [ParOldGen: 522165K->523477K(524288K)] 610229K->546937K(699392K), [Metaspace: 43976K->43976K(1087488K)], 0.1551185 secs] [Times: user=2.26 sys=0.00, real=0.15 secs] 
2016-09-25T23:30:26.184-0400: 105.791: [Full GC (Ergonomics) [PSYoungGen: 85901K->34490K(175104K)] [ParOldGen: 523477K->522307K(524288K)] 609378K->556797K(699392K), [Metaspace: 43976K->43976K(1087488K)], 0.1661801 secs] [Times: user=2.48 sys=0.01, real=0.16 secs] 
2016-09-25T23:30:26.369-0400: 105.976: [Full GC (Ergonomics) [PSYoungGen: 88064K->28836K(175104K)] [ParOldGen: 522307K->523701K(524288K)] 610371K->552537K(699392K), [Metaspace: 43976K->43976K(1087488K)], 0.1575364 secs] [Times: user=2.10 sys=0.01, real=0.16 secs] 
2016-09-25T23:30:26.554-0400: 106.161: [Full GC (Ergonomics) [PSYoungGen: 86863K->20668K(175104K)] [ParOldGen: 523701K->523929K(524288K)] 610565K->544597K(699392K), [Metaspace: 43977K->43977K(1087488K)], 0.1522139 secs] [Times: user=2.18 sys=0.02, real=0.15 secs] 
2016-09-25T23:30:26.728-0400: 106.335: [Full GC (Ergonomics) [PSYoungGen: 88064K->32759K(175104K)] [ParOldGen: 524107K->523012K(524288K)] 612171K->555771K(699392K), [Metaspace: 43977K->43977K(1087488K)], 0.1598063 secs] [Times: user=2.38 sys=0.00, real=0.16 secs] 
2016-09-25T23:30:26.913-0400: 106.520: [Full GC (Ergonomics) [PSYoungGen: 86368K->23322K(175104K)] [ParOldGen: 523012K->523091K(524288K)] 609380K->546414K(699392K), [Metaspace: 43977K->43977K(1087488K)], 0.1574431 secs] [Times: user=2.31 sys=0.00, real=0.16 secs] 
2016-09-25T23:30:27.101-0400: 106.708: [Full GC (Ergonomics) [PSYoungGen: 88064K->23355K(175104K)] [ParOldGen: 523095K->522157K(524288K)] 611159K->545513K(699392K), [Metaspace: 43979K->43979K(1087488K)], 0.1590063 secs] [Times: user=2.35 sys=0.01, real=0.16 secs] 
2016-09-25T23:30:27.285-0400: 106.892: [Full GC (Ergonomics) [PSYoungGen: 87436K->23265K(175104K)] [ParOldGen: 523507K->523744K(524288K)] 610944K->547009K(699392K), [Metaspace: 43979K->43979K(1087488K)], 0.0841115 secs] [Times: user=0.96 sys=0.00, real=0.08 secs] 
2016-09-25T23:30:27.400-0400: 107.007: [Full GC (Ergonomics) [PSYoungGen: 87159K->27519K(175104K)] [ParOldGen: 523744K->522315K(524288K)] 610903K->549835K(699392K), [Metaspace: 43979K->43979K(1087488K)], 0.1521124 secs] [Times: user=2.16 sys=0.00, real=0.15 secs] 
2016-09-25T23:30:27.588-0400: 107.195: [Full GC (Ergonomics) [PSYoungGen: 88064K->31660K(175104K)] [ParOldGen: 522330K->523983K(524288K)] 610394K->555644K(699392K), [Metaspace: 43981K->43981K(1087488K)], 0.1676833 secs] [Times: user=2.35 sys=0.00, real=0.17 secs] 
2016-09-25T23:30:27.792-0400: 107.399: [Full GC (Ergonomics) [PSYoungGen: 87744K->24724K(175104K)] [ParOldGen: 523983K->523008K(524288K)] 611728K->547733K(699392K), [Metaspace: 43981K->43981K(1087488K)], 0.1679055 secs] [Times: user=2.13 sys=0.02, real=0.17 secs] 
2016-09-25T23:30:27.996-0400: 107.603: [Full GC (Ergonomics) [PSYoungGen: 88064K->30174K(175104K)] [ParOldGen: 523037K->521805K(524288K)] 611101K->551979K(699392K), [Metaspace: 43981K->43981K(1087488K)], 0.1640254 secs] [Times: user=2.44 sys=0.00, real=0.16 secs] 
2016-09-25T23:30:28.183-0400: 107.790: [Full GC (Ergonomics) [PSYoungGen: 88064K->27579K(175104K)] [ParOldGen: 521838K->523326K(524288K)] 609902K->550905K(699392K), [Metaspace: 43981K->43981K(1087488K)], 0.1536760 secs] [Times: user=2.22 sys=0.00, real=0.15 secs] 
2016-09-25T23:30:28.364-0400: 107.971: [Full GC (Ergonomics) [PSYoungGen: 85614K->31480K(175104K)] [ParOldGen: 523326K->522413K(524288K)] 608941K->553893K(699392K), [Metaspace: 43981K->43981K(1087488K)], 0.1554389 secs] [Times: user=2.30 sys=0.01, real=0.15 secs] 
2016-09-25T23:30:28.541-0400: 108.148: [Full GC (Ergonomics) [PSYoungGen: 87196K->35575K(175104K)] [ParOldGen: 523763K->523994K(524288K)] 610960K->559570K(699392K), [Metaspace: 43982K->43982K(1087488K)], 0.1634835 secs] [Times: user=2.35 sys=0.02, real=0.17 secs] 
2016-09-25T23:30:28.732-0400: 108.339: [Full GC (Ergonomics) [PSYoungGen: 88064K->27551K(175104K)] [ParOldGen: 524104K->524001K(524288K)] 612168K->551553K(699392K), [Metaspace: 43982K->43982K(1087488K)], 0.1604795 secs] [Times: user=2.36 sys=0.03, real=0.16 secs] 
2016-09-25T23:30:28.920-0400: 108.527: [Full GC (Ergonomics) [PSYoungGen: 87906K->30138K(175104K)] [ParOldGen: 524001K->523188K(524288K)] 611908K->553326K(699392K), [Metaspace: 43982K->43982K(1087488K)], 0.1653389 secs] [Times: user=2.42 sys=0.01, real=0.17 secs] 
2016-09-25T23:30:29.102-0400: 108.709: [Full GC (Ergonomics) [PSYoungGen: 87164K->45140K(175104K)] [ParOldGen: 523188K->523250K(524288K)] 610352K->568390K(699392K), [Metaspace: 43982K->43982K(1087488K)], 0.1547094 secs] [Times: user=2.26 sys=0.00, real=0.15 secs] 
2016-09-25T23:30:29.283-0400: 108.890: [Full GC (Ergonomics) [PSYoungGen: 88064K->30312K(175104K)] [ParOldGen: 523341K->521920K(524288K)] 611405K->552232K(699392K), [Metaspace: 43982K->43982K(1087488K)], 0.1598497 secs] [Times: user=2.35 sys=0.00, real=0.16 secs] 
2016-09-25T23:30:29.476-0400: 109.083: [Full GC (Ergonomics) [PSYoungGen: 87825K->32700K(175104K)] [ParOldGen: 523270K->522791K(524288K)] 611096K->555491K(699392K), [Metaspace: 43990K->43990K(1087488K)], 0.1597103 secs] [Times: user=2.37 sys=0.01, real=0.16 secs] 
2016-09-25T23:30:29.655-0400: 109.262: [Full GC (Ergonomics) [PSYoungGen: 88064K->38225K(175104K)] [ParOldGen: 522976K->522743K(524288K)] 611040K->560969K(699392K), [Metaspace: 43990K->43990K(1087488K)], 0.1654644 secs] [Times: user=2.41 sys=0.01, real=0.16 secs] 
2016-09-25T23:30:29.850-0400: 109.457: [Full GC (Ergonomics) [PSYoungGen: 86420K->22396K(175104K)] [ParOldGen: 522743K->523982K(524288K)] 609163K->546379K(699392K), [Metaspace: 43990K->43990K(1087488K)], 0.1598635 secs] [Times: user=2.25 sys=0.02, real=0.16 secs] 
2016-09-25T23:30:30.039-0400: 109.646: [Full GC (Ergonomics) [PSYoungGen: 86873K->32840K(175104K)] [ParOldGen: 523982K->521917K(524288K)] 610855K->554758K(699392K), [Metaspace: 43990K->43990K(1087488K)], 0.1641860 secs] [Times: user=2.43 sys=0.02, real=0.17 secs] 
2016-09-25T23:30:30.223-0400: 109.830: [Full GC (Ergonomics) [PSYoungGen: 88064K->42589K(175104K)] [ParOldGen: 522212K->523215K(524288K)] 610276K->565804K(699392K), [Metaspace: 43990K->43990K(1087488K)], 0.1775714 secs] [Times: user=2.52 sys=0.02, real=0.17 secs] 
2016-09-25T23:30:30.435-0400: 110.042: [Full GC (Ergonomics) [PSYoungGen: 87287K->33218K(175104K)] [ParOldGen: 523215K->521914K(524288K)] 610502K->555132K(699392K), [Metaspace: 43990K->43990K(1087488K)], 0.1599258 secs] [Times: user=2.17 sys=0.02, real=0.16 secs] 
2016-09-25T23:30:30.615-0400: 110.222: [Full GC (Ergonomics) [PSYoungGen: 86780K->30264K(175104K)] [ParOldGen: 523264K->523864K(524288K)] 610045K->554129K(699392K), [Metaspace: 43990K->43990K(1087488K)], 0.1611499 secs] [Times: user=2.37 sys=0.01, real=0.16 secs] 
2016-09-25T23:30:30.795-0400: 110.402: [Full GC (Ergonomics) [PSYoungGen: 87598K->46676K(175104K)] [ParOldGen: 523864K->522547K(524288K)] 611463K->569223K(699392K), [Metaspace: 43990K->43990K(1087488K)], 0.1593637 secs] [Times: user=2.26 sys=0.02, real=0.16 secs] 
2016-09-25T23:30:30.988-0400: 110.595: [Full GC (Ergonomics) [PSYoungGen: 85708K->30373K(175104K)] [ParOldGen: 522547K->524041K(524288K)] 608255K->554415K(699392K), [Metaspace: 43991K->43991K(1087488K)], 0.1657999 secs] [Times: user=2.28 sys=0.02, real=0.16 secs] 
2016-09-25T23:30:31.183-0400: 110.790: [Full GC (Ergonomics) [PSYoungGen: 88064K->31779K(175104K)] [ParOldGen: 524264K->524284K(524288K)] 612328K->556064K(699392K), [Metaspace: 43991K->43991K(1087488K)], 0.1592413 secs] [Times: user=2.25 sys=0.02, real=0.15 secs] 
2016-09-25T23:30:31.363-0400: 110.970: [Full GC (Ergonomics) [PSYoungGen: 88064K->30298K(175104K)] [ParOldGen: 524284K->522031K(524288K)] 612348K->552329K(699392K), [Metaspace: 43991K->43991K(1087488K)], 0.1480157 secs] [Times: user=2.03 sys=0.01, real=0.14 secs] 
2016-09-25T23:30:31.555-0400: 111.162: [Full GC (Ergonomics) [PSYoungGen: 88064K->28848K(175104K)] [ParOldGen: 522050K->523558K(524288K)] 610114K->552407K(699392K), [Metaspace: 43991K->43991K(1087488K)], 0.1787286 secs] [Times: user=2.24 sys=0.02, real=0.17 secs] 
2016-09-25T23:30:31.764-0400: 111.371: [Full GC (Ergonomics) [PSYoungGen: 85591K->31727K(175104K)] [ParOldGen: 523558K->523614K(524288K)] 609150K->555341K(699392K), [Metaspace: 43991K->43991K(1087488K)], 0.1614753 secs] [Times: user=2.12 sys=0.02, real=0.16 secs] 
2016-09-25T23:30:31.949-0400: 111.556: [Full GC (Ergonomics) [PSYoungGen: 88064K->38483K(175104K)] [ParOldGen: 523773K->522672K(524288K)] 611837K->561156K(699392K), [Metaspace: 43991K->43991K(1087488K)], 0.1633026 secs] [Times: user=2.11 sys=0.03, real=0.16 secs] 
2016-09-25T23:30:32.143-0400: 111.750: [Full GC (Ergonomics) [PSYoungGen: 88064K->34427K(175104K)] [ParOldGen: 522802K->524146K(524288K)] 610866K->558573K(699392K), [Metaspace: 43991K->43991K(1087488K)], 0.1624997 secs] [Times: user=2.10 sys=0.02, real=0.16 secs] 
2016-09-25T23:30:32.333-0400: 111.940: [Full GC (Ergonomics) [PSYoungGen: 87345K->26486K(175104K)] [ParOldGen: 524146K->523141K(524288K)] 611492K->549627K(699392K), [Metaspace: 43991K->43991K(1087488K)], 0.1629015 secs] [Times: user=2.38 sys=0.01, real=0.17 secs] 
2016-09-25T23:30:32.519-0400: 112.126: [Full GC (Ergonomics) [PSYoungGen: 87566K->38512K(175104K)] [ParOldGen: 523141K->523342K(524288K)] 610708K->561854K(699392K), [Metaspace: 43991K->43991K(1087488K)], 0.1653511 secs] [Times: user=2.44 sys=0.01, real=0.17 secs] 
2016-09-25T23:30:32.702-0400: 112.309: [Full GC (Ergonomics) [PSYoungGen: 88064K->40000K(175104K)] [ParOldGen: 523654K->523660K(524288K)] 611718K->563661K(699392K), [Metaspace: 43991K->43991K(1087488K)], 0.1568175 secs] [Times: user=2.21 sys=0.01, real=0.15 secs] 
2016-09-25T23:30:32.901-0400: 112.508: [Full GC (Ergonomics) [PSYoungGen: 88064K->27582K(175104K)] [ParOldGen: 523895K->523869K(524288K)] 611959K->551452K(699392K), [Metaspace: 43991K->43991K(1087488K)], 0.1684962 secs] [Times: user=2.19 sys=0.01, real=0.17 secs] 
2016-09-25T23:30:33.096-0400: 112.703: [Full GC (Ergonomics) [PSYoungGen: 86675K->35901K(175104K)] [ParOldGen: 523869K->524056K(524288K)] 610545K->559958K(699392K), [Metaspace: 43991K->43991K(1087488K)], 0.1708572 secs] [Times: user=2.19 sys=0.01, real=0.17 secs] 
2016-09-25T23:30:33.303-0400: 112.910: [Full GC (Ergonomics) [PSYoungGen: 88064K->39907K(175104K)] [ParOldGen: 524056K->521779K(524288K)] 612120K->561686K(699392K), [Metaspace: 43992K->43992K(1087488K)], 0.1694008 secs] [Times: user=1.94 sys=0.02, real=0.16 secs] 
2016-09-25T23:30:33.499-0400: 113.106: [Full GC (Ergonomics) [PSYoungGen: 87328K->37263K(175104K)] [ParOldGen: 521779K->523098K(524288K)] 609108K->560361K(699392K), [Metaspace: 43992K->43992K(1087488K)], 0.1714167 secs] [Times: user=2.17 sys=0.00, real=0.17 secs] 
2016-09-25T23:30:33.695-0400: 113.302: [Full GC (Ergonomics) [PSYoungGen: 87156K->38536K(175104K)] [ParOldGen: 523098K->522213K(524288K)] 610254K->560749K(699392K), [Metaspace: 43992K->43992K(1087488K)], 0.1725836 secs] [Times: user=2.40 sys=0.00, real=0.17 secs] 
2016-09-25T23:30:33.884-0400: 113.491: [Full GC (Ergonomics) [PSYoungGen: 86881K->40053K(175104K)] [ParOldGen: 523563K->523691K(524288K)] 610445K->563744K(699392K), [Metaspace: 43992K->43992K(1087488K)], 0.1657653 secs] [Times: user=2.20 sys=0.02, real=0.16 secs] 
2016-09-25T23:30:34.072-0400: 113.679: [Full GC (Ergonomics) [PSYoungGen: 88064K->45350K(175104K)] [ParOldGen: 523894K->523839K(524288K)] 611958K->569190K(699392K), [Metaspace: 43992K->43992K(1087488K)], 0.1681084 secs] [Times: user=2.42 sys=0.00, real=0.17 secs] 
2016-09-25T23:30:34.274-0400: 113.882: [Full GC (Ergonomics) [PSYoungGen: 88064K->27703K(175104K)] [ParOldGen: 523861K->524268K(524288K)] 611925K->551972K(699392K), [Metaspace: 43992K->43992K(1087488K)], 0.1627920 secs] [Times: user=2.13 sys=0.02, real=0.16 secs] 
2016-09-25T23:30:34.468-0400: 114.075: [Full GC (Ergonomics) [PSYoungGen: 86797K->37345K(175104K)] [ParOldGen: 524268K->524254K(524288K)] 611066K->561599K(699392K), [Metaspace: 43994K->43994K(1087488K)], 0.1666735 secs] [Times: user=2.18 sys=0.01, real=0.17 secs] 
2016-09-25T23:30:34.664-0400: 114.271: [Full GC (Ergonomics) [PSYoungGen: 88064K->34484K(175104K)] [ParOldGen: 524284K->523352K(524288K)] 612348K->557837K(699392K), [Metaspace: 43994K->43994K(1087488K)], 0.1706294 secs] [Times: user=2.23 sys=0.02, real=0.17 secs] 
2016-09-25T23:30:34.867-0400: 114.474: [Full GC (Ergonomics) [PSYoungGen: 88064K->38659K(175104K)] [ParOldGen: 523496K->523649K(524288K)] 611560K->562308K(699392K), [Metaspace: 43994K->43994K(1087488K)], 0.1651467 secs] [Times: user=2.40 sys=0.00, real=0.16 secs] 
2016-09-25T23:30:35.062-0400: 114.669: [Full GC (Ergonomics) [PSYoungGen: 86576K->31803K(175104K)] [ParOldGen: 523649K->523986K(524288K)] 610225K->555789K(699392K), [Metaspace: 43994K->43994K(1087488K)], 0.1786014 secs] [Times: user=2.22 sys=0.00, real=0.17 secs] 
2016-09-25T23:30:35.263-0400: 114.870: [Full GC (Ergonomics) [PSYoungGen: 87356K->46836K(175104K)] [ParOldGen: 523986K->523889K(524288K)] 611343K->570726K(699392K), [Metaspace: 43995K->43995K(1087488K)], 0.2005379 secs] [Times: user=2.67 sys=0.04, real=0.20 secs] 
2016-09-25T23:30:35.491-0400: 115.098: [Full GC (Ergonomics) [PSYoungGen: 88064K->41391K(175104K)] [ParOldGen: 523901K->523758K(524288K)] 611965K->565150K(699392K), [Metaspace: 43995K->43995K(1087488K)], 0.1866334 secs] [Times: user=2.38 sys=0.00, real=0.19 secs] 
2016-09-25T23:30:35.704-0400: 115.311: [Full GC (Ergonomics) [PSYoungGen: 88064K->40234K(175104K)] [ParOldGen: 523901K->522582K(524288K)] 611965K->562817K(699392K), [Metaspace: 43995K->43995K(1087488K)], 0.1819449 secs] [Times: user=1.82 sys=0.00, real=0.18 secs] 
2016-09-25T23:30:35.902-0400: 115.509: [Full GC (Ergonomics) [PSYoungGen: 88064K->37448K(175104K)] [ParOldGen: 523964K->524209K(524288K)] 612028K->561657K(699392K), [Metaspace: 43995K->43995K(1087488K)], 0.1815746 secs] [Times: user=2.63 sys=0.01, real=0.19 secs] 
2016-09-25T23:30:36.117-0400: 115.724: [Full GC (Ergonomics) [PSYoungGen: 88064K->44315K(175104K)] [ParOldGen: 524284K->523875K(524288K)] 612348K->568191K(699392K), [Metaspace: 43995K->43995K(1087488K)], 0.1860930 secs] [Times: user=2.82 sys=0.02, real=0.19 secs] 
2016-09-25T23:30:36.327-0400: 115.934: [Full GC (Ergonomics) [PSYoungGen: 87437K->41477K(175104K)] [ParOldGen: 523875K->524268K(524288K)] 611313K->565746K(699392K), [Metaspace: 43995K->43995K(1087488K)], 0.1685539 secs] [Times: user=2.22 sys=0.01, real=0.17 secs] 
2016-09-25T23:30:36.517-0400: 116.124: [Full GC (Ergonomics) [PSYoungGen: 86071K->38796K(175104K)] [ParOldGen: 524268K->523048K(524288K)] 610340K->561844K(699392K), [Metaspace: 43995K->43995K(1087488K)], 0.1671768 secs] [Times: user=2.24 sys=0.01, real=0.17 secs] 
2016-09-25T23:30:36.708-0400: 116.315: [Full GC (Ergonomics) [PSYoungGen: 88064K->38492K(175104K)] [ParOldGen: 523188K->523619K(524288K)] 611252K->562111K(699392K), [Metaspace: 43996K->43996K(1087488K)], 0.1723657 secs] [Times: user=2.13 sys=0.00, real=0.17 secs] 
2016-09-25T23:30:36.913-0400: 116.520: [Full GC (Ergonomics) [PSYoungGen: 88008K->34722K(175104K)] [ParOldGen: 523619K->523401K(524288K)] 611627K->558123K(699392K), [Metaspace: 43996K->43996K(1087488K)], 0.1870209 secs] [Times: user=2.28 sys=0.01, real=0.19 secs] 
2016-09-25T23:30:37.131-0400: 116.738: [Full GC (Ergonomics) [PSYoungGen: 86995K->38911K(175104K)] [ParOldGen: 523401K->523532K(524288K)] 610397K->562443K(699392K), [Metaspace: 43996K->43996K(1087488K)], 0.1834899 secs] [Times: user=2.40 sys=0.00, real=0.19 secs] 
2016-09-25T23:30:37.333-0400: 116.940: [Full GC (Ergonomics) [PSYoungGen: 87376K->49631K(175104K)] [ParOldGen: 523532K->522173K(524288K)] 610908K->571804K(699392K), [Metaspace: 44003K->44003K(1087488K)], 0.1898154 secs] [Times: user=2.83 sys=0.02, real=0.20 secs] 
2016-09-25T23:30:37.540-0400: 117.147: [Full GC (Ergonomics) [PSYoungGen: 86716K->50710K(175104K)] [ParOldGen: 522173K->523411K(524288K)] 608889K->574122K(699392K), [Metaspace: 44006K->44006K(1087488K)], 0.1573970 secs] [Times: user=2.34 sys=0.00, real=0.16 secs] 
2016-09-25T23:30:37.811-0400: 117.418: [Full GC (Ergonomics) [PSYoungGen: 88064K->0K(175104K)] [ParOldGen: 523413K->513916K(524288K)] 611477K->513916K(699392K), [Metaspace: 44032K->44032K(1087488K)], 0.0576177 secs] [Times: user=0.58 sys=0.01, real=0.06 secs] 
2016-09-25T23:30:42.902-0400: 122.509: [Full GC (Ergonomics) [PSYoungGen: 88064K->0K(175104K)] [ParOldGen: 513916K->509575K(524288K)] 601980K->509575K(699392K), [Metaspace: 44094K->44094K(1087488K)], 0.1515069 secs] [Times: user=1.84 sys=0.04, real=0.15 secs] 
2016-09-25T23:30:47.321-0400: 126.928: [Full GC (Ergonomics) [PSYoungGen: 88064K->0K(175104K)] [ParOldGen: 509575K->514332K(524288K)] 597639K->514332K(699392K), [Metaspace: 44101K->44101K(1087488K)], 0.1212247 secs] [Times: user=1.00 sys=0.02, real=0.13 secs] 
2016-09-25T23:30:51.839-0400: 131.446: [Full GC (Ergonomics) [PSYoungGen: 88064K->0K(175104K)] [ParOldGen: 514332K->518767K(524288K)] 602396K->518767K(699392K), [Metaspace: 44102K->44102K(1087488K)], 0.1021877 secs] [Times: user=0.89 sys=0.04, real=0.10 secs] 
2016-09-25T23:30:56.626-0400: 136.233: [Full GC (Ergonomics) [PSYoungGen: 88064K->0K(175104K)] [ParOldGen: 518767K->518385K(524288K)] 606831K->518385K(699392K), [Metaspace: 44109K->44109K(1087488K)], 0.1093322 secs] [Times: user=0.95 sys=0.05, real=0.11 secs] 
2016-09-25T23:31:01.263-0400: 140.870: [Full GC (Ergonomics) [PSYoungGen: 88064K->0K(175104K)] [ParOldGen: 518385K->521336K(524288K)] 606449K->521336K(699392K), [Metaspace: 44126K->44126K(1087488K)], 0.1079526 secs] [Times: user=0.96 sys=0.05, real=0.10 secs] 
2016-09-25T23:31:06.133-0400: 145.740: [Full GC (Ergonomics) [PSYoungGen: 88064K->0K(175104K)] [ParOldGen: 521336K->482410K(524288K)] 609400K->482410K(699392K), [Metaspace: 44130K->44130K(1087488K)], 0.1242066 secs] [Times: user=0.86 sys=0.04, real=0.13 secs] 
