Java HotSpot(TM) 64-Bit Server VM (25.101-b13) for linux-amd64 JRE (1.8.0_101-b13), built on Jun 22 2016 02:59:44 by "java_re" with gcc 4.3.0 20080428 (Red Hat 4.3.0-8)
Memory: 4k page, physical 264122320k(226409652k free), swap 268399612k(268399612k free)
CommandLine flags: -XX:GCLogFileSize=1048576 -XX:+HeapDumpOnOutOfMemoryError -XX:HeapDumpPath=artifacts/heapdump -XX:InitialHeapSize=805306368 -XX:MaxHeapSize=805306368 -XX:NumberOfGCLogFiles=10 -XX:+PrintGC -XX:+PrintGCDateStamps -XX:+PrintGCDetails -XX:+PrintGCTimeStamps -XX:+UseCompressedClassPointers -XX:+UseCompressedOops -XX:+UseGCLogFileRotation -XX:+UseParallelGC 
2016-09-24T02:58:07.045-0400: 2.176: [GC (Metadata GC Threshold) [PSYoungGen: 121898K->15499K(229376K)] 121898K->15587K(753664K), 0.0200105 secs] [Times: user=0.13 sys=0.00, real=0.02 secs] 
2016-09-24T02:58:07.065-0400: 2.197: [Full GC (Metadata GC Threshold) [PSYoungGen: 15499K->0K(229376K)] [ParOldGen: 88K->14602K(354816K)] 15587K->14602K(584192K), [Metaspace: 21073K->21073K(1067008K)], 0.0527358 secs] [Times: user=0.43 sys=0.04, real=0.05 secs] 
2016-09-24T02:58:15.917-0400: 11.049: [GC (Metadata GC Threshold) [PSYoungGen: 124223K->15232K(229376K)] 138826K->29971K(584192K), 0.0150463 secs] [Times: user=0.06 sys=0.04, real=0.01 secs] 
2016-09-24T02:58:15.932-0400: 11.064: [Full GC (Metadata GC Threshold) [PSYoungGen: 15232K->0K(229376K)] [ParOldGen: 14738K->20579K(524288K)] 29971K->20579K(753664K), [Metaspace: 34980K->34980K(1079296K)], 0.0511608 secs] [Times: user=0.34 sys=0.01, real=0.06 secs] 
2016-09-24T02:58:17.613-0400: 12.745: [GC (Allocation Failure) [PSYoungGen: 196083K->32746K(229376K)] 216662K->63388K(753664K), 0.0185113 secs] [Times: user=0.18 sys=0.00, real=0.02 secs] 
2016-09-24T02:58:17.808-0400: 12.940: [GC (GCLocker Initiated GC) [PSYoungGen: 229354K->32766K(229376K)] 265396K->82317K(753664K), 0.0091227 secs] [Times: user=0.08 sys=0.03, real=0.01 secs] 
2016-09-24T02:58:17.936-0400: 13.068: [GC (GCLocker Initiated GC) [PSYoungGen: 229374K->32743K(229376K)] 288442K->105541K(753664K), 0.0087316 secs] [Times: user=0.11 sys=0.01, real=0.01 secs] 
2016-09-24T02:58:18.064-0400: 13.196: [GC (GCLocker Initiated GC) [PSYoungGen: 229351K->32756K(173056K)] 315730K->134274K(697344K), 0.0085289 secs] [Times: user=0.11 sys=0.00, real=0.00 secs] 
2016-09-24T02:58:18.145-0400: 13.277: [GC (GCLocker Initiated GC) [PSYoungGen: 173044K->58976K(199680K)] 277299K->179438K(723968K), 0.0086697 secs] [Times: user=0.11 sys=0.00, real=0.00 secs] 
2016-09-24T02:58:18.242-0400: 13.374: [GC (GCLocker Initiated GC) [PSYoungGen: 199264K->62230K(169984K)] 331931K->203985K(694272K), 0.0082362 secs] [Times: user=0.11 sys=0.00, real=0.00 secs] 
2016-09-24T02:58:18.301-0400: 13.433: [GC (GCLocker Initiated GC) [PSYoungGen: 169750K->59206K(166912K)] 323837K->235500K(691200K), 0.0083912 secs] [Times: user=0.08 sys=0.03, real=0.01 secs] 
2016-09-24T02:58:18.361-0400: 13.493: [GC (GCLocker Initiated GC) [PSYoungGen: 166726K->72390K(168960K)] 343101K->260036K(693248K), 0.0080312 secs] [Times: user=0.09 sys=0.00, real=0.01 secs] 
2016-09-24T02:58:18.405-0400: 13.537: [GC (GCLocker Initiated GC) [PSYoungGen: 160454K->53290K(175104K)] 348256K->265802K(699392K), 0.0076455 secs] [Times: user=0.09 sys=0.01, real=0.00 secs] 
2016-09-24T02:58:18.456-0400: 13.588: [GC (GCLocker Initiated GC) [PSYoungGen: 141354K->61376K(175104K)] 356665K->290410K(699392K), 0.0153214 secs] [Times: user=0.17 sys=0.00, real=0.01 secs] 
2016-09-24T02:58:18.514-0400: 13.646: [GC (GCLocker Initiated GC) [PSYoungGen: 149440K->53470K(141824K)] 378621K->320739K(666112K), 0.0082348 secs] [Times: user=0.10 sys=0.03, real=0.01 secs] 
2016-09-24T02:58:18.571-0400: 13.703: [GC (GCLocker Initiated GC) [PSYoungGen: 141534K->65440K(174080K)] 411727K->338524K(698368K), 0.0087215 secs] [Times: user=0.10 sys=0.00, real=0.01 secs] 
2016-09-24T02:58:18.631-0400: 13.763: [GC (GCLocker Initiated GC) [PSYoungGen: 152992K->51992K(174592K)] 434274K->347021K(698880K), 0.0071870 secs] [Times: user=0.09 sys=0.00, real=0.01 secs] 
2016-09-24T02:58:18.676-0400: 13.807: [GC (GCLocker Initiated GC) [PSYoungGen: 139544K->62804K(173568K)] 434734K->382542K(697856K), 0.0075422 secs] [Times: user=0.10 sys=0.03, real=0.01 secs] 
2016-09-24T02:58:18.739-0400: 13.871: [GC (GCLocker Initiated GC) [PSYoungGen: 150356K->56054K(174592K)] 478941K->384870K(698880K), 0.0061779 secs] [Times: user=0.09 sys=0.00, real=0.01 secs] 
2016-09-24T02:58:18.786-0400: 13.918: [GC (GCLocker Initiated GC) [PSYoungGen: 143606K->64154K(173056K)] 472471K->414899K(697344K), 0.0097679 secs] [Times: user=0.14 sys=0.01, real=0.01 secs] 
2016-09-24T02:58:18.835-0400: 13.966: [GC (GCLocker Initiated GC) [PSYoungGen: 151706K->53357K(141312K)] 505342K->431538K(665600K), 0.0079696 secs] [Times: user=0.08 sys=0.02, real=0.01 secs] 
2016-09-24T02:58:18.882-0400: 14.014: [GC (GCLocker Initiated GC) [PSYoungGen: 140909K->65458K(171520K)] 521882K->453420K(695808K), 0.0076900 secs] [Times: user=0.07 sys=0.00, real=0.01 secs] 
2016-09-24T02:58:18.943-0400: 14.075: [GC (GCLocker Initiated GC) [PSYoungGen: 153522K->54658K(173056K)] 546924K->448291K(697344K), 0.0097727 secs] [Times: user=0.13 sys=0.00, real=0.00 secs] 
2016-09-24T02:58:18.990-0400: 14.122: [GC (GCLocker Initiated GC) [PSYoungGen: 142722K->66918K(174592K)] 536419K->471671K(698880K), 0.0079748 secs] [Times: user=0.11 sys=0.01, real=0.01 secs] 
2016-09-24T02:58:19.046-0400: 14.178: [GC (GCLocker Initiated GC) [PSYoungGen: 159078K->57482K(176128K)] 567909K->477366K(700416K), 0.0071817 secs] [Times: user=0.11 sys=0.00, real=0.00 secs] 
2016-09-24T02:58:19.098-0400: 14.230: [GC (GCLocker Initiated GC) [PSYoungGen: 149642K->67003K(176128K)] 572284K->489942K(700416K), 0.0071044 secs] [Times: user=0.10 sys=0.00, real=0.01 secs] 
2016-09-24T02:58:19.149-0400: 14.281: [GC (GCLocker Initiated GC) [PSYoungGen: 161211K->60426K(177664K)] 592378K->506848K(701952K), 0.0069991 secs] [Times: user=0.06 sys=0.04, real=0.01 secs] 
2016-09-24T02:58:19.208-0400: 14.340: [GC (GCLocker Initiated GC) [PSYoungGen: 154634K->50944K(175104K)] 618765K->515540K(699392K), 0.0052175 secs] [Times: user=0.07 sys=0.00, real=0.00 secs] 
2016-09-24T02:58:19.262-0400: 14.393: [GC (GCLocker Initiated GC) [PSYoungGen: 147200K->68416K(177152K)] 611983K->535051K(701440K), 0.0150382 secs] [Times: user=0.22 sys=0.00, real=0.02 secs] 
2016-09-24T02:58:19.320-0400: 14.452: [GC (GCLocker Initiated GC) [PSYoungGen: 164672K->65798K(178176K)] 631391K->542395K(702464K), 0.0067082 secs] [Times: user=0.09 sys=0.01, real=0.01 secs] 
2016-09-24T02:58:19.371-0400: 14.503: [GC (GCLocker Initiated GC) [PSYoungGen: 161030K->56266K(151552K)] 639071K->538851K(675840K), 0.0099447 secs] [Times: user=0.14 sys=0.00, real=0.01 secs] 
2016-09-24T02:58:19.438-0400: 14.570: [Full GC (Ergonomics) [PSYoungGen: 151498K->0K(151552K)] [ParOldGen: 497690K->61207K(524288K)] 649189K->61207K(675840K), [Metaspace: 42906K->42898K(1085440K)], 0.1690029 secs] [Times: user=2.30 sys=0.01, real=0.17 secs] 
2016-09-24T02:58:19.668-0400: 14.799: [GC (GCLocker Initiated GC) [PSYoungGen: 95232K->37714K(176128K)] 179484K->121974K(700416K), 0.0099004 secs] [Times: user=0.15 sys=0.00, real=0.01 secs] 
2016-09-24T02:58:19.727-0400: 14.859: [GC (GCLocker Initiated GC) [PSYoungGen: 132434K->64306K(177152K)] 216825K->171010K(701440K), 0.0069717 secs] [Times: user=0.09 sys=0.01, real=0.00 secs] 
2016-09-24T02:58:19.780-0400: 14.912: [GC (GCLocker Initiated GC) [PSYoungGen: 159026K->45525K(179200K)] 283338K->191782K(703488K), 0.0055327 secs] [Times: user=0.07 sys=0.00, real=0.01 secs] 
2016-09-24T02:58:19.828-0400: 14.960: [GC (GCLocker Initiated GC) [PSYoungGen: 142293K->69766K(166912K)] 288759K->232919K(691200K), 0.0068287 secs] [Times: user=0.09 sys=0.00, real=0.01 secs] 
2016-09-24T02:58:19.884-0400: 15.015: [GC (GCLocker Initiated GC) [PSYoungGen: 166534K->68526K(175104K)] 336524K->238912K(699392K), 0.0058602 secs] [Times: user=0.07 sys=0.00, real=0.00 secs] 
2016-09-24T02:58:19.929-0400: 15.061: [GC (GCLocker Initiated GC) [PSYoungGen: 158638K->81916K(172032K)] 334677K->258412K(696320K), 0.0069396 secs] [Times: user=0.10 sys=0.00, real=0.01 secs] 
2016-09-24T02:58:19.978-0400: 15.110: [GC (GCLocker Initiated GC) [PSYoungGen: 172028K->50834K(175104K)] 356698K->235868K(699392K), 0.0055034 secs] [Times: user=0.05 sys=0.00, real=0.01 secs] 
2016-09-24T02:58:20.021-0400: 15.153: [GC (GCLocker Initiated GC) [PSYoungGen: 138898K->73816K(175104K)] 329397K->264727K(699392K), 0.0065221 secs] [Times: user=0.08 sys=0.01, real=0.01 secs] 
2016-09-24T02:58:20.066-0400: 15.198: [GC (GCLocker Initiated GC) [PSYoungGen: 161880K->63016K(175104K)] 359711K->272067K(699392K), 0.0064904 secs] [Times: user=0.09 sys=0.00, real=0.00 secs] 
2016-09-24T02:58:20.117-0400: 15.249: [GC (GCLocker Initiated GC) [PSYoungGen: 151080K->61620K(175104K)] 369740K->282042K(699392K), 0.0058610 secs] [Times: user=0.08 sys=0.00, real=0.01 secs] 
2016-09-24T02:58:20.168-0400: 15.300: [GC (Allocation Failure) [PSYoungGen: 149684K->63048K(172032K)] 374282K->289402K(696320K), 0.0060342 secs] [Times: user=0.07 sys=0.00, real=0.00 secs] 
2016-09-24T02:58:20.174-0400: 15.306: [GC (GCLocker Initiated GC) [PSYoungGen: 63282K->256K(173568K)] 289636K->283842K(697856K), 0.0049733 secs] [Times: user=0.06 sys=0.00, real=0.00 secs] 
2016-09-24T02:58:20.218-0400: 15.350: [GC (GCLocker Initiated GC) [PSYoungGen: 88320K->72754K(175104K)] 375961K->360403K(699392K), 0.0065246 secs] [Times: user=0.08 sys=0.00, real=0.01 secs] 
2016-09-24T02:58:20.292-0400: 15.424: [GC (GCLocker Initiated GC) [PSYoungGen: 160818K->67052K(175104K)] 448691K->363781K(699392K), 0.0098708 secs] [Times: user=0.12 sys=0.01, real=0.02 secs] 
2016-09-24T02:58:20.350-0400: 15.482: [GC (GCLocker Initiated GC) [PSYoungGen: 155116K->46862K(175104K)] 465415K->368375K(699392K), 0.0049366 secs] [Times: user=0.05 sys=0.00, real=0.01 secs] 
2016-09-24T02:58:20.396-0400: 15.528: [GC (GCLocker Initiated GC) [PSYoungGen: 134926K->56234K(175104K)] 457795K->411993K(699392K), 0.0067984 secs] [Times: user=0.08 sys=0.00, real=0.01 secs] 
2016-09-24T02:58:20.446-0400: 15.578: [GC (GCLocker Initiated GC) [PSYoungGen: 144298K->75244K(175104K)] 505591K->436957K(699392K), 0.0062010 secs] [Times: user=0.07 sys=0.00, real=0.00 secs] 
2016-09-24T02:58:20.489-0400: 15.621: [GC (GCLocker Initiated GC) [PSYoungGen: 163308K->84616K(175104K)] 527856K->463060K(699392K), 0.0092407 secs] [Times: user=0.08 sys=0.00, real=0.01 secs] 
2016-09-24T02:58:20.536-0400: 15.668: [GC (GCLocker Initiated GC) [PSYoungGen: 172680K->84616K(175104K)] 556660K->474392K(699392K), 0.0073603 secs] [Times: user=0.09 sys=0.01, real=0.01 secs] 
2016-09-24T02:58:20.583-0400: 15.715: [GC (GCLocker Initiated GC) [PSYoungGen: 172680K->58888K(175104K)] 568021K->466790K(699392K), 0.0065483 secs] [Times: user=0.09 sys=0.01, real=0.00 secs] 
2016-09-24T02:58:20.632-0400: 15.763: [GC (GCLocker Initiated GC) [PSYoungGen: 146952K->58984K(175104K)] 554945K->486263K(699392K), 0.0065278 secs] [Times: user=0.06 sys=0.01, real=0.01 secs] 
2016-09-24T02:58:20.676-0400: 15.808: [GC (GCLocker Initiated GC) [PSYoungGen: 147048K->68434K(175104K)] 574377K->520493K(699392K), 0.0078955 secs] [Times: user=0.12 sys=0.00, real=0.01 secs] 
2016-09-24T02:58:20.724-0400: 15.856: [GC (GCLocker Initiated GC) [PSYoungGen: 156498K->75102K(175104K)] 611336K->530401K(699392K), 0.0101599 secs] [Times: user=0.15 sys=0.00, real=0.01 secs] 
2016-09-24T02:58:20.776-0400: 15.908: [GC (GCLocker Initiated GC) [PSYoungGen: 163166K->76516K(175104K)] 618631K->540501K(699392K), 0.0103110 secs] [Times: user=0.15 sys=0.00, real=0.01 secs] 
2016-09-24T02:58:20.825-0400: 15.956: [GC (GCLocker Initiated GC) [PSYoungGen: 164580K->86030K(175104K)] 631353K->561339K(699392K), 0.0073645 secs] [Times: user=0.11 sys=0.00, real=0.00 secs] 
2016-09-24T02:58:20.869-0400: 16.001: [GC (GCLocker Initiated GC) [PSYoungGen: 174094K->68320K(175104K)] 652256K->554994K(699392K), 0.0102809 secs] [Times: user=0.13 sys=0.00, real=0.01 secs] 
2016-09-24T02:58:20.923-0400: 16.055: [GC (GCLocker Initiated GC) [PSYoungGen: 156384K->83252K(175104K)] 643222K->575918K(699392K), 0.0069431 secs] [Times: user=0.08 sys=0.01, real=0.00 secs] 
2016-09-24T02:58:20.972-0400: 16.104: [Full GC (Ergonomics) [PSYoungGen: 171316K->0K(175104K)] [ParOldGen: 498121K->67571K(524288K)] 669437K->67571K(699392K), [Metaspace: 43151K->43151K(1085440K)], 0.0473011 secs] [Times: user=0.38 sys=0.00, real=0.05 secs] 
2016-09-24T02:58:21.064-0400: 16.196: [GC (GCLocker Initiated GC) [PSYoungGen: 88064K->75408K(175104K)] 155691K->143043K(699392K), 0.0060503 secs] [Times: user=0.08 sys=0.00, real=0.00 secs] 
2016-09-24T02:58:21.104-0400: 16.235: [GC (GCLocker Initiated GC) [PSYoungGen: 163472K->84648K(175104K)] 231145K->166540K(699392K), 0.0070522 secs] [Times: user=0.09 sys=0.01, real=0.00 secs] 
2016-09-24T02:58:21.144-0400: 16.276: [GC (GCLocker Initiated GC) [PSYoungGen: 172712K->77898K(175104K)] 254664K->173786K(699392K), 0.0078118 secs] [Times: user=0.10 sys=0.00, real=0.00 secs] 
2016-09-24T02:58:21.194-0400: 16.326: [GC (GCLocker Initiated GC) [PSYoungGen: 165962K->62938K(175104K)] 264806K->178434K(699392K), 0.0061933 secs] [Times: user=0.09 sys=0.00, real=0.00 secs] 
2016-09-24T02:58:21.245-0400: 16.377: [GC (GCLocker Initiated GC) [PSYoungGen: 151002K->72420K(175104K)] 266602K->192472K(699392K), 0.0062688 secs] [Times: user=0.09 sys=0.00, real=0.00 secs] 
2016-09-24T02:58:21.288-0400: 16.420: [GC (GCLocker Initiated GC) [PSYoungGen: 160484K->84712K(175104K)] 280611K->217371K(699392K), 0.0074706 secs] [Times: user=0.12 sys=0.00, real=0.01 secs] 
2016-09-24T02:58:21.329-0400: 16.461: [GC (GCLocker Initiated GC) [PSYoungGen: 172776K->75198K(175104K)] 308141K->224562K(699392K), 0.0076373 secs] [Times: user=0.12 sys=0.00, real=0.01 secs] 
2016-09-24T02:58:21.384-0400: 16.516: [GC (GCLocker Initiated GC) [PSYoungGen: 163262K->72356K(175104K)] 315430K->226326K(699392K), 0.0066186 secs] [Times: user=0.08 sys=0.00, real=0.00 secs] 
2016-09-24T02:58:21.430-0400: 16.562: [GC (GCLocker Initiated GC) [PSYoungGen: 160420K->72498K(175104K)] 314392K->253860K(699392K), 0.0078476 secs] [Times: user=0.12 sys=0.00, real=0.01 secs] 
2016-09-24T02:58:21.492-0400: 16.624: [GC (GCLocker Initiated GC) [PSYoungGen: 160562K->52165K(175104K)] 348774K->240773K(699392K), 0.0057762 secs] [Times: user=0.06 sys=0.00, real=0.01 secs] 
2016-09-24T02:58:21.540-0400: 16.671: [GC (GCLocker Initiated GC) [PSYoungGen: 140229K->52151K(175104K)] 338369K->250741K(699392K), 0.0055124 secs] [Times: user=0.07 sys=0.00, real=0.01 secs] 
2016-09-24T02:58:21.589-0400: 16.721: [GC (GCLocker Initiated GC) [PSYoungGen: 140215K->68402K(175104K)] 341605K->271561K(699392K), 0.0060889 secs] [Times: user=0.08 sys=0.00, real=0.01 secs] 
2016-09-24T02:58:21.639-0400: 16.770: [GC (GCLocker Initiated GC) [PSYoungGen: 156466K->60348K(175104K)] 365271K->297860K(699392K), 0.0071749 secs] [Times: user=0.09 sys=0.00, real=0.01 secs] 
2016-09-24T02:58:21.689-0400: 16.821: [GC (GCLocker Initiated GC) [PSYoungGen: 148412K->58902K(175104K)] 387207K->298109K(699392K), 0.0100177 secs] [Times: user=0.14 sys=0.00, real=0.01 secs] 
2016-09-24T02:58:21.734-0400: 16.866: [GC (GCLocker Initiated GC) [PSYoungGen: 146966K->66974K(175104K)] 388929K->309373K(699392K), 0.0065885 secs] [Times: user=0.08 sys=0.00, real=0.01 secs] 
2016-09-24T02:58:21.789-0400: 16.921: [GC (GCLocker Initiated GC) [PSYoungGen: 155038K->58934K(175104K)] 402975K->322080K(699392K), 0.0063528 secs] [Times: user=0.09 sys=0.00, real=0.01 secs] 
2016-09-24T02:58:21.835-0400: 16.966: [GC (GCLocker Initiated GC) [PSYoungGen: 146998K->69702K(175104K)] 415630K->352253K(699392K), 0.0065832 secs] [Times: user=0.08 sys=0.01, real=0.00 secs] 
2016-09-24T02:58:21.880-0400: 17.012: [GC (GCLocker Initiated GC) [PSYoungGen: 157766K->67066K(173056K)] 448663K->382651K(697344K), 0.0213226 secs] [Times: user=0.31 sys=0.00, real=0.02 secs] 
2016-09-24T02:58:21.940-0400: 17.072: [GC (GCLocker Initiated GC) [PSYoungGen: 155130K->71038K(174080K)] 473530K->391215K(698368K), 0.0100411 secs] [Times: user=0.14 sys=0.00, real=0.01 secs] 
2016-09-24T02:58:21.989-0400: 17.120: [GC (GCLocker Initiated GC) [PSYoungGen: 159102K->77865K(173568K)] 479387K->403924K(697856K), 0.0066550 secs] [Times: user=0.07 sys=0.00, real=0.01 secs] 
2016-09-24T02:58:22.032-0400: 17.164: [GC (GCLocker Initiated GC) [PSYoungGen: 165929K->84616K(175104K)] 492101K->413890K(699392K), 0.0064614 secs] [Times: user=0.09 sys=0.00, real=0.01 secs] 
2016-09-24T02:58:22.081-0400: 17.212: [GC (GCLocker Initiated GC) [PSYoungGen: 172680K->73769K(175104K)] 502071K->418430K(699392K), 0.0065129 secs] [Times: user=0.08 sys=0.01, real=0.01 secs] 
2016-09-24T02:58:22.131-0400: 17.262: [GC (GCLocker Initiated GC) [PSYoungGen: 161833K->73705K(175104K)] 506528K->430923K(699392K), 0.0101686 secs] [Times: user=0.14 sys=0.01, real=0.01 secs] 
2016-09-24T02:58:22.180-0400: 17.312: [GC (GCLocker Initiated GC) [PSYoungGen: 161769K->64333K(175104K)] 521716K->439503K(699392K), 0.0065204 secs] [Times: user=0.09 sys=0.00, real=0.01 secs] 
2016-09-24T02:58:22.228-0400: 17.360: [GC (GCLocker Initiated GC) [PSYoungGen: 152397K->26387K(175104K)] 535504K->426080K(699392K), 0.0064151 secs] [Times: user=0.05 sys=0.00, real=0.01 secs] 
2016-09-24T02:58:22.272-0400: 17.404: [GC (GCLocker Initiated GC) [PSYoungGen: 114451K->50819K(175104K)] 517451K->478601K(699392K), 0.0113776 secs] [Times: user=0.16 sys=0.00, real=0.02 secs] 
2016-09-24T02:58:22.317-0400: 17.448: [GC (GCLocker Initiated GC) [PSYoungGen: 138883K->64255K(175104K)] 566837K->516875K(699392K), 0.0082036 secs] [Times: user=0.10 sys=0.01, real=0.01 secs] 
2016-09-24T02:58:22.359-0400: 17.490: [GC (GCLocker Initiated GC) [PSYoungGen: 152319K->72497K(175104K)] 604990K->533658K(699392K), 0.0067684 secs] [Times: user=0.09 sys=0.01, real=0.01 secs] 
2016-09-24T02:58:22.410-0400: 17.542: [GC (GCLocker Initiated GC) [PSYoungGen: 160561K->77851K(175104K)] 621861K->540913K(699392K), 0.0077629 secs] [Times: user=0.08 sys=0.00, real=0.01 secs] 
2016-09-24T02:58:22.457-0400: 17.589: [GC (GCLocker Initiated GC) [PSYoungGen: 165915K->58997K(175104K)] 631753K->538708K(699392K), 0.0078719 secs] [Times: user=0.07 sys=0.03, real=0.01 secs] 
2016-09-24T02:58:22.504-0400: 17.636: [GC (GCLocker Initiated GC) [PSYoungGen: 147061K->67065K(175104K)] 628493K->551632K(699392K), 0.0060094 secs] [Times: user=0.08 sys=0.00, real=0.00 secs] 
2016-09-24T02:58:22.549-0400: 17.681: [GC (GCLocker Initiated GC) [PSYoungGen: 155129K->69720K(175104K)] 639893K->554895K(699392K), 0.0066358 secs] [Times: user=0.10 sys=0.00, real=0.01 secs] 
2016-09-24T02:58:22.594-0400: 17.725: [GC (GCLocker Initiated GC) [PSYoungGen: 157784K->62969K(175104K)] 645755K->562139K(699392K), 0.0057149 secs] [Times: user=0.08 sys=0.00, real=0.01 secs] 
2016-09-24T02:58:22.599-0400: 17.731: [Full GC (Ergonomics) [PSYoungGen: 62969K->0K(175104K)] [ParOldGen: 499169K->72775K(524288K)] 562139K->72775K(699392K), [Metaspace: 43244K->43244K(1085440K)], 0.0441514 secs] [Times: user=0.36 sys=0.00, real=0.05 secs] 
2016-09-24T02:58:22.692-0400: 17.824: [GC (GCLocker Initiated GC) [PSYoungGen: 88064K->63399K(173056K)] 166243K->141579K(697344K), 0.0069073 secs] [Times: user=0.07 sys=0.01, real=0.01 secs] 
2016-09-24T02:58:22.738-0400: 17.870: [GC (GCLocker Initiated GC) [PSYoungGen: 151463K->76515K(174080K)] 232578K->159791K(698368K), 0.0073537 secs] [Times: user=0.08 sys=0.01, real=0.01 secs] 
2016-09-24T02:58:22.787-0400: 17.919: [GC (GCLocker Initiated GC) [PSYoungGen: 164579K->64174K(175616K)] 250817K->156166K(699904K), 0.0072999 secs] [Times: user=0.06 sys=0.00, real=0.01 secs] 
2016-09-24T02:58:22.845-0400: 17.977: [GC (GCLocker Initiated GC) [PSYoungGen: 152750K->64425K(153088K)] 259805K->171900K(677376K), 0.0083257 secs] [Times: user=0.12 sys=0.01, real=0.00 secs] 
2016-09-24T02:58:22.895-0400: 18.027: [GC (GCLocker Initiated GC) [PSYoungGen: 153001K->76502K(171008K)] 263242K->193946K(695296K), 0.0069515 secs] [Times: user=0.09 sys=0.00, real=0.00 secs] 
2016-09-24T02:58:22.940-0400: 18.072: [GC (GCLocker Initiated GC) [PSYoungGen: 163030K->64384K(173056K)] 280518K->197096K(697344K), 0.0072754 secs] [Times: user=0.10 sys=0.01, real=0.01 secs] 
2016-09-24T02:58:22.985-0400: 18.117: [GC (GCLocker Initiated GC) [PSYoungGen: 150912K->68416K(173056K)] 283655K->212388K(697344K), 0.0147213 secs] [Times: user=0.18 sys=0.01, real=0.01 secs] 
2016-09-24T02:58:23.041-0400: 18.172: [GC (GCLocker Initiated GC) [PSYoungGen: 159040K->77833K(174592K)] 308515K->227816K(698880K), 0.0096167 secs] [Times: user=0.12 sys=0.00, real=0.01 secs] 
2016-09-24T02:58:23.091-0400: 18.223: [GC (GCLocker Initiated GC) [PSYoungGen: 168457K->71115K(176640K)] 320131K->236692K(700928K), 0.0070830 secs] [Times: user=0.10 sys=0.00, real=0.01 secs] 
2016-09-24T02:58:23.136-0400: 18.267: [GC (GCLocker Initiated GC) [PSYoungGen: 161227K->81824K(172032K)] 329544K->250543K(696320K), 0.0070017 secs] [Times: user=0.09 sys=0.00, real=0.01 secs] 
2016-09-24T02:58:23.193-0400: 18.325: [GC (GCLocker Initiated GC) [PSYoungGen: 171936K->54915K(175104K)] 343423K->246976K(699392K), 0.0058852 secs] [Times: user=0.07 sys=0.00, real=0.01 secs] 
2016-09-24T02:58:23.237-0400: 18.369: [GC (GCLocker Initiated GC) [PSYoungGen: 142979K->68383K(175104K)] 337857K->266388K(699392K), 0.0066667 secs] [Times: user=0.10 sys=0.00, real=0.01 secs] 
2016-09-24T02:58:23.280-0400: 18.412: [GC (GCLocker Initiated GC) [PSYoungGen: 156447K->62983K(174080K)] 354599K->277802K(698368K), 0.0068473 secs] [Times: user=0.08 sys=0.00, real=0.01 secs] 
2016-09-24T02:58:23.325-0400: 18.457: [GC (GCLocker Initiated GC) [PSYoungGen: 151047K->67098K(155648K)] 370353K->303007K(679936K), 0.0080228 secs] [Times: user=0.11 sys=0.00, real=0.00 secs] 
2016-09-24T02:58:23.378-0400: 18.510: [GC (GCLocker Initiated GC) [PSYoungGen: 155162K->68323K(175104K)] 391088K->308763K(699392K), 0.0059298 secs] [Times: user=0.08 sys=0.00, real=0.01 secs] 
2016-09-24T02:58:23.422-0400: 18.554: [GC (GCLocker Initiated GC) [PSYoungGen: 158947K->72561K(174080K)] 399528K->322903K(698368K), 0.0070970 secs] [Times: user=0.10 sys=0.00, real=0.00 secs] 
2016-09-24T02:58:23.466-0400: 18.598: [GC (GCLocker Initiated GC) [PSYoungGen: 163185K->69733K(177664K)] 416235K->323226K(701952K), 0.0059663 secs] [Times: user=0.08 sys=0.00, real=0.00 secs] 
2016-09-24T02:58:23.515-0400: 18.646: [GC (GCLocker Initiated GC) [PSYoungGen: 164965K->71115K(177664K)] 418524K->325085K(701952K), 0.0064200 secs] [Times: user=0.08 sys=0.00, real=0.00 secs] 
2016-09-24T02:58:23.573-0400: 18.705: [GC (GCLocker Initiated GC) [PSYoungGen: 166347K->69797K(177664K)] 425754K->329623K(701952K), 0.0057032 secs] [Times: user=0.07 sys=0.00, real=0.01 secs] 
2016-09-24T02:58:23.709-0400: 18.841: [GC (GCLocker Initiated GC) [PSYoungGen: 167077K->34578K(132096K)] 429685K->319181K(656384K), 0.0072768 secs] [Times: user=0.07 sys=0.00, real=0.01 secs] 
2016-09-24T02:58:23.759-0400: 18.891: [GC (GCLocker Initiated GC) [PSYoungGen: 131858K->71115K(176128K)] 416623K->363108K(700416K), 0.0065459 secs] [Times: user=0.06 sys=0.00, real=0.01 secs] 
2016-09-24T02:58:23.836-0400: 18.967: [GC (GCLocker Initiated GC) [PSYoungGen: 161227K->68402K(158720K)] 461392K->378419K(683008K), 0.0076216 secs] [Times: user=0.10 sys=0.02, real=0.01 secs] 
2016-09-24T02:58:23.904-0400: 19.036: [GC (GCLocker Initiated GC) [PSYoungGen: 158514K->73783K(174080K)] 471344K->386979K(698368K), 0.0070388 secs] [Times: user=0.09 sys=0.01, real=0.00 secs] 
2016-09-24T02:58:23.959-0400: 19.091: [GC (GCLocker Initiated GC) [PSYoungGen: 162871K->69623K(175104K)] 476134K->384643K(699392K), 0.0063238 secs] [Times: user=0.09 sys=0.00, real=0.01 secs] 
2016-09-24T02:58:24.005-0400: 19.136: [GC (Allocation Failure) [PSYoungGen: 158711K->64365K(174080K)] 473801K->390611K(698368K), 0.0100533 secs] [Times: user=0.14 sys=0.01, real=0.01 secs] 
2016-09-24T02:58:24.015-0400: 19.147: [GC (GCLocker Initiated GC) [PSYoungGen: 64373K->0K(175104K)] 390619K->397054K(699392K), 0.0073000 secs] [Times: user=0.08 sys=0.01, real=0.01 secs] 
2016-09-24T02:58:24.060-0400: 19.191: [GC (GCLocker Initiated GC) [PSYoungGen: 91136K->74121K(175104K)] 488195K->471181K(699392K), 0.0091192 secs] [Times: user=0.13 sys=0.00, real=0.01 secs] 
2016-09-24T02:58:24.107-0400: 19.238: [GC (GCLocker Initiated GC) [PSYoungGen: 162185K->81947K(175104K)] 562089K->485267K(699392K), 0.0104483 secs] [Times: user=0.15 sys=0.00, real=0.01 secs] 
2016-09-24T02:58:24.159-0400: 19.291: [GC (GCLocker Initiated GC) [PSYoungGen: 170011K->61697K(175104K)] 578804K->489841K(699392K), 0.0064488 secs] [Times: user=0.08 sys=0.00, real=0.01 secs] 
2016-09-24T02:58:24.216-0400: 19.348: [GC (GCLocker Initiated GC) [PSYoungGen: 149761K->52197K(175104K)] 590568K->509631K(699392K), 0.0059525 secs] [Times: user=0.07 sys=0.01, real=0.01 secs] 
2016-09-24T02:58:24.268-0400: 19.400: [GC (GCLocker Initiated GC) [PSYoungGen: 140261K->37224K(175104K)] 603161K->515415K(699392K), 0.0065304 secs] [Times: user=0.05 sys=0.00, real=0.01 secs] 
2016-09-24T02:58:24.314-0400: 19.446: [GC (GCLocker Initiated GC) [PSYoungGen: 125288K->80597K(175104K)] 606256K->563306K(699392K), 0.0068734 secs] [Times: user=0.09 sys=0.02, real=0.01 secs] 
2016-09-24T02:58:24.362-0400: 19.494: [Full GC (Ergonomics) [PSYoungGen: 168661K->0K(175104K)] [ParOldGen: 485625K->91462K(524288K)] 654287K->91462K(699392K), [Metaspace: 43261K->43261K(1085440K)], 0.0459376 secs] [Times: user=0.38 sys=0.05, real=0.04 secs] 
2016-09-24T02:58:24.458-0400: 19.590: [GC (GCLocker Initiated GC) [PSYoungGen: 88064K->71435K(175104K)] 187785K->171157K(699392K), 0.0063211 secs] [Times: user=0.09 sys=0.00, real=0.01 secs] 
2016-09-24T02:58:24.514-0400: 19.645: [GC (GCLocker Initiated GC) [PSYoungGen: 159499K->65779K(175104K)] 259858K->168203K(699392K), 0.0185853 secs] [Times: user=0.24 sys=0.03, real=0.02 secs] 
2016-09-24T02:58:24.573-0400: 19.705: [GC (GCLocker Initiated GC) [PSYoungGen: 153843K->71134K(175104K)] 256340K->179490K(699392K), 0.0097913 secs] [Times: user=0.13 sys=0.02, real=0.02 secs] 
2016-09-24T02:58:24.630-0400: 19.761: [GC (GCLocker Initiated GC) [PSYoungGen: 159198K->58933K(175104K)] 273200K->174707K(699392K), 0.0062758 secs] [Times: user=0.08 sys=0.00, real=0.01 secs] 
2016-09-24T02:58:24.682-0400: 19.814: [GC (GCLocker Initiated GC) [PSYoungGen: 146997K->72497K(175104K)] 268426K->205161K(699392K), 0.0071740 secs] [Times: user=0.09 sys=0.01, real=0.00 secs] 
2016-09-24T02:58:24.728-0400: 19.860: [GC (GCLocker Initiated GC) [PSYoungGen: 160561K->68338K(175104K)] 293338K->215033K(699392K), 0.0063823 secs] [Times: user=0.08 sys=0.01, real=0.01 secs] 
2016-09-24T02:58:24.772-0400: 19.904: [GC (GCLocker Initiated GC) [PSYoungGen: 156402K->64366K(175104K)] 305970K->235940K(699392K), 0.0069645 secs] [Times: user=0.10 sys=0.01, real=0.01 secs] 
2016-09-24T02:58:24.815-0400: 19.947: [GC (GCLocker Initiated GC) [PSYoungGen: 152430K->85934K(175104K)] 326754K->276877K(699392K), 0.0073715 secs] [Times: user=0.10 sys=0.01, real=0.01 secs] 
2016-09-24T02:58:24.864-0400: 19.996: [GC (GCLocker Initiated GC) [PSYoungGen: 173998K->69655K(175104K)] 364980K->285357K(699392K), 0.0069928 secs] [Times: user=0.09 sys=0.01, real=0.00 secs] 
2016-09-24T02:58:24.909-0400: 20.041: [GC (GCLocker Initiated GC) [PSYoungGen: 157719K->67033K(175104K)] 376249K->298070K(699392K), 0.0065724 secs] [Times: user=0.11 sys=0.00, real=0.01 secs] 
2016-09-24T02:58:24.962-0400: 20.094: [GC (GCLocker Initiated GC) [PSYoungGen: 155097K->63029K(175104K)] 391600K->316160K(699392K), 0.0059401 secs] [Times: user=0.07 sys=0.01, real=0.01 secs] 
2016-09-24T02:58:25.014-0400: 20.146: [GC (GCLocker Initiated GC) [PSYoungGen: 151093K->62984K(175104K)] 409855K->335665K(699392K), 0.0065138 secs] [Times: user=0.08 sys=0.01, real=0.01 secs] 
2016-09-24T02:58:25.065-0400: 20.197: [GC (GCLocker Initiated GC) [PSYoungGen: 151048K->68288K(174080K)] 429275K->357694K(698368K), 0.0073285 secs] [Times: user=0.06 sys=0.01, real=0.00 secs] 
2016-09-24T02:58:25.112-0400: 20.244: [GC (GCLocker Initiated GC) [PSYoungGen: 156352K->69751K(174592K)] 448497K->387970K(698880K), 0.0072425 secs] [Times: user=0.10 sys=0.00, real=0.01 secs] 
2016-09-24T02:58:25.165-0400: 20.297: [GC (GCLocker Initiated GC) [PSYoungGen: 157815K->56297K(175104K)] 482839K->404672K(699392K), 0.0063919 secs] [Times: user=0.08 sys=0.00, real=0.00 secs] 
2016-09-24T02:58:25.211-0400: 20.343: [GC (GCLocker Initiated GC) [PSYoungGen: 145897K->57647K(175104K)] 499748K->432200K(699392K), 0.0067317 secs] [Times: user=0.07 sys=0.00, real=0.01 secs] 
2016-09-24T02:58:25.260-0400: 20.392: [GC (Allocation Failure) [PSYoungGen: 147247K->65715K(174080K)] 527364K->457115K(698368K), 0.0065099 secs] [Times: user=0.08 sys=0.01, real=0.01 secs] 
2016-09-24T02:58:25.268-0400: 20.399: [GC (GCLocker Initiated GC) [PSYoungGen: 68833K->2828K(175104K)] 460233K->465031K(699392K), 0.0055931 secs] [Times: user=0.08 sys=0.01, real=0.00 secs] 
2016-09-24T02:58:25.318-0400: 20.450: [GC (GCLocker Initiated GC) [PSYoungGen: 94476K->63176K(175104K)] 556686K->525394K(699392K), 0.0098472 secs] [Times: user=0.06 sys=0.01, real=0.01 secs] 
2016-09-24T02:58:25.380-0400: 20.511: [GC (GCLocker Initiated GC) [PSYoungGen: 151240K->45324K(175104K)] 618860K->525842K(699392K), 0.0112470 secs] [Times: user=0.16 sys=0.01, real=0.01 secs] 
2016-09-24T02:58:25.391-0400: 20.523: [Full GC (Ergonomics) [PSYoungGen: 45324K->0K(175104K)] [ParOldGen: 480518K->86722K(524288K)] 525842K->86722K(699392K), [Metaspace: 43265K->43265K(1085440K)], 0.0468237 secs] [Times: user=0.31 sys=0.05, real=0.05 secs] 
2016-09-24T02:58:25.482-0400: 20.614: [GC (GCLocker Initiated GC) [PSYoungGen: 88064K->72676K(175104K)] 174831K->159444K(699392K), 0.0060974 secs] [Times: user=0.07 sys=0.01, real=0.00 secs] 
2016-09-24T02:58:25.526-0400: 20.658: [GC (GCLocker Initiated GC) [PSYoungGen: 160740K->58874K(175104K)] 250339K->180210K(699392K), 0.0096649 secs] [Times: user=0.11 sys=0.02, real=0.01 secs] 
2016-09-24T02:58:25.581-0400: 20.713: [GC (GCLocker Initiated GC) [PSYoungGen: 146938K->56174K(174080K)] 280659K->209149K(698368K), 0.0084221 secs] [Times: user=0.10 sys=0.01, real=0.01 secs] 
2016-09-24T02:58:25.630-0400: 20.762: [GC (GCLocker Initiated GC) [PSYoungGen: 144238K->42468K(174592K)] 297404K->205429K(698880K), 0.0094388 secs] [Times: user=0.09 sys=0.01, real=0.01 secs] 
2016-09-24T02:58:25.676-0400: 20.808: [GC (GCLocker Initiated GC) [PSYoungGen: 130532K->68246K(174592K)] 296269K->250482K(698880K), 0.0126658 secs] [Times: user=0.16 sys=0.01, real=0.01 secs] 
2016-09-24T02:58:25.735-0400: 20.867: [GC (GCLocker Initiated GC) [PSYoungGen: 156310K->56191K(144384K)] 341699K->255404K(668672K), 0.0111292 secs] [Times: user=0.14 sys=0.02, real=0.01 secs] 
2016-09-24T02:58:25.789-0400: 20.921: [GC (GCLocker Initiated GC) [PSYoungGen: 144255K->56096K(175616K)] 351644K->285449K(699904K), 0.0072311 secs] [Times: user=0.09 sys=0.00, real=0.01 secs] 
2016-09-24T02:58:25.833-0400: 20.965: [GC (GCLocker Initiated GC) [PSYoungGen: 146720K->69614K(173568K)] 376101K->314178K(697856K), 0.0089804 secs] [Times: user=0.13 sys=0.01, real=0.01 secs] 
2016-09-24T02:58:25.889-0400: 21.021: [GC (GCLocker Initiated GC) [PSYoungGen: 160238K->56050K(177664K)] 406202K->311751K(701952K), 0.0081774 secs] [Times: user=0.10 sys=0.01, real=0.01 secs] 
2016-09-24T02:58:25.938-0400: 21.069: [GC (GCLocker Initiated GC) [PSYoungGen: 150770K->42445K(177664K)] 411988K->303927K(701952K), 0.0087639 secs] [Times: user=0.05 sys=0.01, real=0.01 secs] 
2016-09-24T02:58:25.990-0400: 21.121: [GC (GCLocker Initiated GC) [PSYoungGen: 137165K->62693K(178176K)] 398852K->327318K(702464K), 0.0069652 secs] [Times: user=0.06 sys=0.01, real=0.01 secs] 
2016-09-24T02:58:26.043-0400: 21.175: [GC (GCLocker Initiated GC) [PSYoungGen: 158949K->64124K(178688K)] 433055K->338437K(702976K), 0.0055599 secs] [Times: user=0.07 sys=0.00, real=0.00 secs] 
2016-09-24T02:58:26.093-0400: 21.225: [GC (GCLocker Initiated GC) [PSYoungGen: 160380K->64204K(179712K)] 442871K->365851K(704000K), 0.0075486 secs] [Times: user=0.10 sys=0.01, real=0.01 secs] 
2016-09-24T02:58:26.144-0400: 21.276: [GC (GCLocker Initiated GC) [PSYoungGen: 161484K->42554K(140288K)] 474081K->366192K(664576K), 0.0061959 secs] [Times: user=0.05 sys=0.00, real=0.00 secs] 
2016-09-24T02:58:26.191-0400: 21.323: [GC (GCLocker Initiated GC) [PSYoungGen: 139834K->50656K(180736K)] 466958K->390171K(705024K), 0.0061477 secs] [Times: user=0.05 sys=0.01, real=0.01 secs] 
2016-09-24T02:58:26.245-0400: 21.377: [GC (GCLocker Initiated GC) [PSYoungGen: 148448K->56040K(154112K)] 490747K->401261K(678400K), 0.0072816 secs] [Times: user=0.05 sys=0.02, real=0.00 secs] 
2016-09-24T02:58:26.303-0400: 21.435: [GC (GCLocker Initiated GC) [PSYoungGen: 153832K->56008K(178688K)] 507244K->419134K(702976K), 0.0068100 secs] [Times: user=0.05 sys=0.01, real=0.00 secs] 
2016-09-24T02:58:26.359-0400: 21.491: [GC (GCLocker Initiated GC) [PSYoungGen: 155848K->54690K(176640K)] 519026K->419444K(700928K), 0.0117008 secs] [Times: user=0.05 sys=0.02, real=0.01 secs] 
2016-09-24T02:58:26.424-0400: 21.556: [GC (GCLocker Initiated GC) [PSYoungGen: 154530K->65492K(180224K)] 522225K->434762K(704512K), 0.0168418 secs] [Times: user=0.17 sys=0.02, real=0.01 secs] 
2016-09-24T02:58:26.485-0400: 21.617: [GC (GCLocker Initiated GC) [PSYoungGen: 170452K->64096K(181760K)] 539754K->444424K(706048K), 0.0136752 secs] [Times: user=0.17 sys=0.01, real=0.01 secs] 
2016-09-24T02:58:26.539-0400: 21.670: [GC (GCLocker Initiated GC) [PSYoungGen: 169056K->61472K(184832K)] 552146K->461012K(709120K), 0.0164713 secs] [Times: user=0.17 sys=0.02, real=0.02 secs] 
2016-09-24T02:58:26.605-0400: 21.737: [GC (GCLocker Initiated GC) [PSYoungGen: 169504K->42380K(150528K)] 577218K->466495K(674816K), 0.0217468 secs] [Times: user=0.20 sys=0.02, real=0.02 secs] 
2016-09-24T02:58:26.673-0400: 21.804: [GC (GCLocker Initiated GC) [PSYoungGen: 150412K->77672K(173056K)] 574682K->507567K(697344K), 0.0095848 secs] [Times: user=0.04 sys=0.03, real=0.02 secs] 
2016-09-24T02:58:26.721-0400: 21.853: [GC (GCLocker Initiated GC) [PSYoungGen: 172904K->55976K(178688K)] 602919K->518641K(702976K), 0.0130769 secs] [Times: user=0.12 sys=0.02, real=0.02 secs] 
2016-09-24T02:58:26.769-0400: 21.901: [GC (GCLocker Initiated GC) [PSYoungGen: 151208K->72208K(175616K)] 614036K->548777K(699904K), 0.0101425 secs] [Times: user=0.06 sys=0.01, real=0.01 secs] 
2016-09-24T02:58:26.815-0400: 21.947: [GC (GCLocker Initiated GC) [PSYoungGen: 166416K->62679K(178176K)] 645804K->555815K(702464K), 0.0098075 secs] [Times: user=0.09 sys=0.01, real=0.01 secs] 
2016-09-24T02:58:26.825-0400: 21.957: [Full GC (Ergonomics) [PSYoungGen: 62679K->0K(178176K)] [ParOldGen: 493136K->100030K(524288K)] 555815K->100030K(702464K), [Metaspace: 43272K->43272K(1085440K)], 0.0551350 secs] [Times: user=0.33 sys=0.05, real=0.05 secs] 
2016-09-24T02:58:26.927-0400: 22.059: [GC (GCLocker Initiated GC) [PSYoungGen: 94208K->69653K(177152K)] 194355K->169801K(701440K), 0.0071671 secs] [Times: user=0.05 sys=0.01, real=0.01 secs] 
2016-09-24T02:58:26.976-0400: 22.108: [GC (GCLocker Initiated GC) [PSYoungGen: 163861K->68158K(162816K)] 264189K->183760K(687104K), 0.0156437 secs] [Times: user=0.16 sys=0.00, real=0.01 secs] 
2016-09-24T02:58:27.035-0400: 22.167: [GC (Allocation Failure) [PSYoungGen: 162366K->54611K(178688K)] 278690K->179260K(702976K), 0.0172381 secs] [Times: user=0.16 sys=0.01, real=0.01 secs] 
2016-09-24T02:58:27.052-0400: 22.184: [GC (GCLocker Initiated GC) [PSYoungGen: 54828K->64K(94720K)] 179476K->183155K(619008K), 0.0084247 secs] [Times: user=0.07 sys=0.01, real=0.01 secs] 
2016-09-24T02:58:27.100-0400: 22.232: [GC (GCLocker Initiated GC) [PSYoungGen: 91848K->56235K(175104K)] 280340K->244743K(699392K), 0.0138582 secs] [Times: user=0.12 sys=0.01, real=0.01 secs] 
2016-09-24T02:58:27.152-0400: 22.284: [GC (Allocation Failure) [PSYoungGen: 144299K->58722K(146944K)] 334200K->250359K(671232K), 0.0090642 secs] [Times: user=0.09 sys=0.01, real=0.01 secs] 
2016-09-24T02:58:27.293-0400: 22.424: [GC (Allocation Failure) [PSYoungGen: 146786K->46656K(176128K)] 338423K->260157K(700416K), 0.0104699 secs] [Times: user=0.14 sys=0.02, real=0.02 secs] 
2016-09-24T02:58:27.348-0400: 22.480: [GC (GCLocker Initiated GC) [PSYoungGen: 133849K->41064K(174592K)] 350050K->260175K(698880K), 0.0066211 secs] [Times: user=0.05 sys=0.01, real=0.01 secs] 
2016-09-24T02:58:27.408-0400: 22.540: [GC (GCLocker Initiated GC) [PSYoungGen: 130664K->49289K(175104K)] 359306K->283541K(699392K), 0.0061830 secs] [Times: user=0.05 sys=0.02, real=0.01 secs] 
2016-09-24T02:58:27.453-0400: 22.584: [GC (GCLocker Initiated GC) [PSYoungGen: 141961K->58900K(174592K)] 388404K->327177K(698880K), 0.0070154 secs] [Times: user=0.10 sys=0.00, real=0.01 secs] 
2016-09-24T02:58:27.514-0400: 22.646: [GC (GCLocker Initiated GC) [PSYoungGen: 151572K->62900K(177664K)] 429362K->365273K(701952K), 0.0087277 secs] [Times: user=0.13 sys=0.02, real=0.02 secs] 
2016-09-24T02:58:27.576-0400: 22.708: [GC (GCLocker Initiated GC) [PSYoungGen: 159668K->34486K(178688K)] 470256K->366915K(702976K), 0.0055119 secs] [Times: user=0.07 sys=0.00, real=0.00 secs] 
2016-09-24T02:58:27.624-0400: 22.756: [GC (GCLocker Initiated GC) [PSYoungGen: 131254K->60040K(179712K)] 469196K->398251K(704000K), 0.0084664 secs] [Times: user=0.09 sys=0.01, real=0.00 secs] 
2016-09-24T02:58:27.687-0400: 22.819: [GC (GCLocker Initiated GC) [PSYoungGen: 157320K->76344K(174080K)] 498016K->417245K(698368K), 0.0069155 secs] [Times: user=0.09 sys=0.00, real=0.00 secs] 
2016-09-24T02:58:27.747-0400: 22.879: [GC (GCLocker Initiated GC) [PSYoungGen: 173624K->81761K(175104K)] 517367K->425751K(699392K), 0.0089394 secs] [Times: user=0.10 sys=0.01, real=0.01 secs] 
2016-09-24T02:58:27.798-0400: 22.930: [GC (GCLocker Initiated GC) [PSYoungGen: 169825K->53379K(175104K)] 516593K->417965K(699392K), 0.0061492 secs] [Times: user=0.08 sys=0.01, real=0.01 secs] 
2016-09-24T02:58:27.862-0400: 22.993: [GC (GCLocker Initiated GC) [PSYoungGen: 141443K->49306K(175104K)] 515539K->445270K(699392K), 0.0070953 secs] [Times: user=0.09 sys=0.01, real=0.01 secs] 
2016-09-24T02:58:27.922-0400: 23.054: [GC (GCLocker Initiated GC) [PSYoungGen: 137370K->70936K(175104K)] 533522K->468729K(699392K), 0.0065813 secs] [Times: user=0.10 sys=0.00, real=0.01 secs] 
2016-09-24T02:58:27.964-0400: 23.096: [GC (GCLocker Initiated GC) [PSYoungGen: 159000K->73616K(175104K)] 559537K->485195K(699392K), 0.0070735 secs] [Times: user=0.09 sys=0.00, real=0.00 secs] 
2016-09-24T02:58:28.024-0400: 23.156: [GC (GCLocker Initiated GC) [PSYoungGen: 161680K->79064K(175104K)] 576111K->493765K(699392K), 0.0072226 secs] [Times: user=0.09 sys=0.02, real=0.00 secs] 
2016-09-24T02:58:28.100-0400: 23.232: [GC (GCLocker Initiated GC) [PSYoungGen: 167128K->53427K(175104K)] 587455K->492965K(699392K), 0.0098828 secs] [Times: user=0.14 sys=0.02, real=0.01 secs] 
2016-09-24T02:58:28.184-0400: 23.316: [GC (GCLocker Initiated GC) [PSYoungGen: 141491K->49331K(175104K)] 581038K->501353K(699392K), 0.0091189 secs] [Times: user=0.10 sys=0.00, real=0.00 secs] 
2016-09-24T02:58:28.265-0400: 23.396: [GC (GCLocker Initiated GC) [PSYoungGen: 137395K->56155K(175104K)] 599096K->518191K(699392K), 0.0055460 secs] [Times: user=0.07 sys=0.00, real=0.00 secs] 
2016-09-24T02:58:28.313-0400: 23.445: [GC (GCLocker Initiated GC) [PSYoungGen: 144219K->65659K(175104K)] 617156K->538929K(699392K), 0.0072860 secs] [Times: user=0.11 sys=0.00, real=0.01 secs] 
2016-09-24T02:58:28.363-0400: 23.495: [GC (GCLocker Initiated GC) [PSYoungGen: 153723K->68420K(175104K)] 632509K->563806K(699392K), 0.0063200 secs] [Times: user=0.09 sys=0.01, real=0.00 secs] 
2016-09-24T02:58:28.369-0400: 23.501: [Full GC (Ergonomics) [PSYoungGen: 68420K->0K(175104K)] [ParOldGen: 495386K->109790K(524288K)] 563806K->109790K(699392K), [Metaspace: 43281K->43281K(1085440K)], 0.0490821 secs] [Times: user=0.48 sys=0.02, real=0.05 secs] 
2016-09-24T02:58:28.464-0400: 23.596: [GC (GCLocker Initiated GC) [PSYoungGen: 88064K->82094K(175104K)] 198092K->192123K(699392K), 0.0076980 secs] [Times: user=0.11 sys=0.00, real=0.00 secs] 
2016-09-24T02:58:28.531-0400: 23.663: [GC (GCLocker Initiated GC) [PSYoungGen: 170158K->46861K(175104K)] 296558K->173842K(699392K), 0.0077408 secs] [Times: user=0.11 sys=0.00, real=0.01 secs] 
2016-09-24T02:58:28.596-0400: 23.727: [GC (GCLocker Initiated GC) [PSYoungGen: 134925K->77807K(175104K)] 264718K->208081K(699392K), 0.0069292 secs] [Times: user=0.10 sys=0.00, real=0.01 secs] 
2016-09-24T02:58:28.653-0400: 23.784: [GC (GCLocker Initiated GC) [PSYoungGen: 165871K->58956K(175104K)] 296155K->203117K(699392K), 0.0058334 secs] [Times: user=0.09 sys=0.00, real=0.01 secs] 
2016-09-24T02:58:28.706-0400: 23.838: [GC (GCLocker Initiated GC) [PSYoungGen: 147020K->43969K(175104K)] 296732K->194019K(699392K), 0.0064944 secs] [Times: user=0.04 sys=0.00, real=0.00 secs] 
2016-09-24T02:58:28.756-0400: 23.888: [GC (GCLocker Initiated GC) [PSYoungGen: 132033K->52232K(175104K)] 282126K->232499K(699392K), 0.0067366 secs] [Times: user=0.09 sys=0.01, real=0.01 secs] 
2016-09-24T02:58:28.801-0400: 23.933: [GC (GCLocker Initiated GC) [PSYoungGen: 140296K->79213K(175104K)] 320624K->261375K(699392K), 0.0068848 secs] [Times: user=0.10 sys=0.00, real=0.01 secs] 
2016-09-24T02:58:28.858-0400: 23.990: [GC (GCLocker Initiated GC) [PSYoungGen: 167277K->34547K(175104K)] 362375K->229997K(699392K), 0.0129440 secs] [Times: user=0.16 sys=0.00, real=0.01 secs] 
2016-09-24T02:58:28.915-0400: 24.047: [GC (GCLocker Initiated GC) [PSYoungGen: 122611K->57615K(175104K)] 318148K->268527K(699392K), 0.0097813 secs] [Times: user=0.16 sys=0.00, real=0.01 secs] 
2016-09-24T02:58:28.969-0400: 24.101: [GC (GCLocker Initiated GC) [PSYoungGen: 145679K->54818K(175104K)] 356741K->285208K(699392K), 0.0110852 secs] [Times: user=0.13 sys=0.00, real=0.01 secs] 
2016-09-24T02:58:29.023-0400: 24.155: [GC (GCLocker Initiated GC) [PSYoungGen: 142882K->64486K(175104K)] 376033K->322347K(699392K), 0.0064855 secs] [Times: user=0.09 sys=0.00, real=0.00 secs] 
2016-09-24T02:58:29.080-0400: 24.211: [GC (GCLocker Initiated GC) [PSYoungGen: 152550K->46784K(175104K)] 413316K->339148K(699392K), 0.0103127 secs] [Times: user=0.16 sys=0.00, real=0.01 secs] 
2016-09-24T02:58:29.136-0400: 24.268: [GC (GCLocker Initiated GC) [PSYoungGen: 134848K->68466K(175104K)] 427363K->362751K(699392K), 0.0397849 secs] [Times: user=0.44 sys=0.04, real=0.04 secs] 
2016-09-24T02:58:29.220-0400: 24.352: [GC (GCLocker Initiated GC) [PSYoungGen: 156530K->60272K(175104K)] 451041K->366036K(699392K), 0.0107014 secs] [Times: user=0.15 sys=0.01, real=0.01 secs] 
2016-09-24T02:58:29.286-0400: 24.418: [GC (GCLocker Initiated GC) [PSYoungGen: 148336K->77838K(175104K)] 454231K->385554K(699392K), 0.0088793 secs] [Times: user=0.11 sys=0.00, real=0.01 secs] 
2016-09-24T02:58:29.402-0400: 24.534: [GC (GCLocker Initiated GC) [PSYoungGen: 165902K->46647K(175104K)] 487270K->373791K(699392K), 0.0231113 secs] [Times: user=0.23 sys=0.02, real=0.03 secs] 
2016-09-24T02:58:29.531-0400: 24.663: [GC (GCLocker Initiated GC) [PSYoungGen: 134711K->29095K(175104K)] 474112K->368938K(699392K), 0.0073508 secs] [Times: user=0.07 sys=0.00, real=0.01 secs] 
2016-09-24T02:58:29.602-0400: 24.734: [GC (GCLocker Initiated GC) [PSYoungGen: 117159K->50961K(175104K)] 462645K->415852K(699392K), 0.0225395 secs] [Times: user=0.32 sys=0.02, real=0.03 secs] 
2016-09-24T02:58:29.690-0400: 24.822: [GC (GCLocker Initiated GC) [PSYoungGen: 139025K->56179K(175104K)] 509350K->439137K(699392K), 0.0075787 secs] [Times: user=0.09 sys=0.01, real=0.01 secs] 
2016-09-24T02:58:29.768-0400: 24.900: [GC (GCLocker Initiated GC) [PSYoungGen: 144243K->61821K(173056K)] 541888K->470671K(697344K), 0.0129258 secs] [Times: user=0.13 sys=0.01, real=0.01 secs] 
2016-09-24T02:58:33.701-0400: 28.833: [GC (GCLocker Initiated GC) [PSYoungGen: 149885K->30626K(174080K)] 568343K->449667K(698368K), 0.0108591 secs] [Times: user=0.14 sys=0.01, real=0.01 secs] 
2016-09-24T02:58:33.801-0400: 28.933: [GC (GCLocker Initiated GC) [PSYoungGen: 118690K->65878K(175104K)] 550070K->497704K(699392K), 0.0073454 secs] [Times: user=0.12 sys=0.01, real=0.01 secs] 
2016-09-24T02:58:33.880-0400: 29.012: [GC (GCLocker Initiated GC) [PSYoungGen: 153942K->41426K(175104K)] 594098K->495646K(699392K), 0.0081682 secs] [Times: user=0.09 sys=0.02, real=0.01 secs] 
2016-09-24T02:58:33.952-0400: 29.084: [GC (GCLocker Initiated GC) [PSYoungGen: 129490K->60329K(175104K)] 592055K->523371K(699392K), 0.0072205 secs] [Times: user=0.07 sys=0.02, real=0.01 secs] 
2016-09-24T02:58:34.023-0400: 29.155: [GC (GCLocker Initiated GC) [PSYoungGen: 148393K->49627K(137728K)] 616843K->529398K(662016K), 0.0083051 secs] [Times: user=0.10 sys=0.02, real=0.00 secs] 
2016-09-24T02:58:34.102-0400: 29.234: [GC (GCLocker Initiated GC) [PSYoungGen: 137691K->34652K(172544K)] 629821K->528606K(696832K), 0.0122231 secs] [Times: user=0.15 sys=0.02, real=0.01 secs] 
2016-09-24T02:58:34.169-0400: 29.301: [Full GC (Ergonomics) [PSYoungGen: 122716K->0K(172544K)] [ParOldGen: 499393K->109359K(524288K)] 622109K->109359K(696832K), [Metaspace: 43306K->43306K(1085440K)], 0.0702995 secs] [Times: user=0.66 sys=0.01, real=0.07 secs] 
2016-09-24T02:58:34.289-0400: 29.420: [GC (GCLocker Initiated GC) [PSYoungGen: 88064K->64649K(172544K)] 200364K->176949K(696832K), 0.0258365 secs] [Times: user=0.37 sys=0.02, real=0.03 secs] 
2016-09-24T02:58:34.364-0400: 29.496: [GC (GCLocker Initiated GC) [PSYoungGen: 152713K->61760K(176128K)] 266374K->178959K(700416K), 0.0100936 secs] [Times: user=0.15 sys=0.01, real=0.01 secs] 
2016-09-24T02:58:34.422-0400: 29.554: [GC (GCLocker Initiated GC) [PSYoungGen: 151872K->64341K(154624K)] 271911K->184918K(678912K), 0.0095331 secs] [Times: user=0.13 sys=0.02, real=0.01 secs] 
2016-09-24T02:58:34.484-0400: 29.616: [GC (GCLocker Initiated GC) [PSYoungGen: 154453K->45575K(177152K)] 281826K->216631K(701440K), 0.0076935 secs] [Times: user=0.13 sys=0.00, real=0.00 secs] 
2016-09-24T02:58:34.546-0400: 29.678: [GC (GCLocker Initiated GC) [PSYoungGen: 136199K->52264K(143360K)] 314156K->230710K(667648K), 0.0075554 secs] [Times: user=0.06 sys=0.01, real=0.00 secs] 
2016-09-24T02:58:34.607-0400: 29.739: [GC (GCLocker Initiated GC) [PSYoungGen: 142888K->56351K(175104K)] 332190K->246120K(699392K), 0.0066114 secs] [Times: user=0.06 sys=0.00, real=0.00 secs] 
2016-09-24T02:58:34.674-0400: 29.805: [GC (GCLocker Initiated GC) [PSYoungGen: 149023K->61833K(173056K)] 340049K->253356K(697344K), 0.0065077 secs] [Times: user=0.06 sys=0.01, real=0.01 secs] 
2016-09-24T02:58:34.733-0400: 29.865: [GC (GCLocker Initiated GC) [PSYoungGen: 154505K->80625K(168960K)] 346170K->274184K(693248K), 0.0077298 secs] [Times: user=0.10 sys=0.01, real=0.01 secs] 
2016-09-24T02:58:34.780-0400: 29.911: [GC (GCLocker Initiated GC) [PSYoungGen: 168689K->70008K(175104K)] 362293K->272199K(699392K), 0.0076339 secs] [Times: user=0.10 sys=0.01, real=0.01 secs] 
2016-09-24T02:58:34.847-0400: 29.979: [GC (GCLocker Initiated GC) [PSYoungGen: 158072K->67250K(175104K)] 363809K->281634K(699392K), 0.0069302 secs] [Times: user=0.09 sys=0.00, real=0.00 secs] 
2016-09-24T02:58:34.904-0400: 30.036: [GC (GCLocker Initiated GC) [PSYoungGen: 155314K->61827K(175104K)] 380593K->287678K(699392K), 0.0066427 secs] [Times: user=0.07 sys=0.01, real=0.00 secs] 
2016-09-24T02:58:34.966-0400: 30.098: [GC (GCLocker Initiated GC) [PSYoungGen: 149891K->71149K(175104K)] 375861K->299041K(699392K), 0.0066702 secs] [Times: user=0.08 sys=0.01, real=0.00 secs] 
2016-09-24T02:58:35.027-0400: 30.159: [GC (GCLocker Initiated GC) [PSYoungGen: 159213K->51007K(175104K)] 392631K->306550K(699392K), 0.0064386 secs] [Times: user=0.07 sys=0.00, real=0.00 secs] 
2016-09-24T02:58:35.085-0400: 30.217: [GC (GCLocker Initiated GC) [PSYoungGen: 139071K->49535K(174080K)] 397918K->311627K(698368K), 0.0147863 secs] [Times: user=0.14 sys=0.00, real=0.01 secs] 
2016-09-24T02:58:35.152-0400: 30.283: [GC (GCLocker Initiated GC) [PSYoungGen: 137599K->53645K(174592K)] 409284K->325913K(698880K), 0.0100333 secs] [Times: user=0.06 sys=0.00, real=0.01 secs] 
2016-09-24T02:58:35.211-0400: 30.342: [GC (GCLocker Initiated GC) [PSYoungGen: 141709K->57807K(171520K)] 416716K->349546K(695808K), 0.0083827 secs] [Times: user=0.10 sys=0.01, real=0.01 secs] 
2016-09-24T02:58:35.263-0400: 30.395: [GC (GCLocker Initiated GC) [PSYoungGen: 148431K->82111K(173056K)] 440205K->382507K(697344K), 0.0077115 secs] [Times: user=0.10 sys=0.01, real=0.00 secs] 
2016-09-24T02:58:35.328-0400: 30.460: [GC (GCLocker Initiated GC) [PSYoungGen: 172735K->63314K(175104K)] 477257K->381951K(699392K), 0.0078129 secs] [Times: user=0.08 sys=0.00, real=0.01 secs] 
2016-09-24T02:58:35.389-0400: 30.520: [GC (GCLocker Initiated GC) [PSYoungGen: 151378K->58977K(147456K)] 470322K->396163K(671744K), 0.0069199 secs] [Times: user=0.08 sys=0.02, real=0.01 secs] 
2016-09-24T02:58:35.462-0400: 30.594: [GC (GCLocker Initiated GC) [PSYoungGen: 147041K->56474K(174080K)] 487010K->426599K(698368K), 0.0094500 secs] [Times: user=0.13 sys=0.02, real=0.00 secs] 
2016-09-24T02:58:35.520-0400: 30.652: [GC (GCLocker Initiated GC) [PSYoungGen: 146074K->74029K(172544K)] 517084K->445643K(696832K), 0.0083192 secs] [Times: user=0.07 sys=0.01, real=0.01 secs] 
2016-09-24T02:58:35.576-0400: 30.708: [GC (GCLocker Initiated GC) [PSYoungGen: 163629K->64437K(177664K)] 535349K->455691K(701952K), 0.0076382 secs] [Times: user=0.08 sys=0.01, real=0.01 secs] 
2016-09-24T02:58:35.637-0400: 30.769: [GC (GCLocker Initiated GC) [PSYoungGen: 156085K->79409K(171520K)] 547371K->484726K(695808K), 0.0087301 secs] [Times: user=0.11 sys=0.01, real=0.01 secs] 
2016-09-24T02:58:35.698-0400: 30.830: [GC (GCLocker Initiated GC) [PSYoungGen: 171057K->57879K(175104K)] 579327K->477577K(699392K), 0.0137966 secs] [Times: user=0.16 sys=0.02, real=0.01 secs] 
2016-09-24T02:58:35.767-0400: 30.899: [GC (GCLocker Initiated GC) [PSYoungGen: 145943K->76759K(175104K)] 568434K->502601K(699392K), 0.0074677 secs] [Times: user=0.10 sys=0.01, real=0.01 secs] 
2016-09-24T02:58:35.820-0400: 30.952: [GC (GCLocker Initiated GC) [PSYoungGen: 164823K->57791K(175104K)] 596167K->520769K(699392K), 0.0081607 secs] [Times: user=0.09 sys=0.01, real=0.01 secs] 
2016-09-24T02:58:35.887-0400: 31.019: [GC (GCLocker Initiated GC) [PSYoungGen: 145855K->57910K(175104K)] 611602K->545940K(699392K), 0.0096774 secs] [Times: user=0.12 sys=0.00, real=0.01 secs] 
2016-09-24T02:58:35.897-0400: 31.028: [Full GC (Ergonomics) [PSYoungGen: 57910K->0K(175104K)] [ParOldGen: 488029K->128085K(524288K)] 545940K->128085K(699392K), [Metaspace: 43306K->43306K(1085440K)], 0.0584775 secs] [Times: user=0.41 sys=0.06, real=0.06 secs] 
2016-09-24T02:58:36.011-0400: 31.143: [GC (GCLocker Initiated GC) [PSYoungGen: 88064K->74522K(175104K)] 217754K->204212K(699392K), 0.0062716 secs] [Times: user=0.09 sys=0.00, real=0.01 secs] 
2016-09-24T02:58:36.070-0400: 31.202: [GC (GCLocker Initiated GC) [PSYoungGen: 162586K->71398K(175104K)] 295030K->222502K(699392K), 0.0077311 secs] [Times: user=0.09 sys=0.00, real=0.01 secs] 
2016-09-24T02:58:36.124-0400: 31.256: [GC (GCLocker Initiated GC) [PSYoungGen: 159462K->68755K(175104K)] 312203K->240980K(699392K), 0.0076719 secs] [Times: user=0.08 sys=0.02, real=0.00 secs] 
2016-09-24T02:58:36.189-0400: 31.321: [GC (GCLocker Initiated GC) [PSYoungGen: 156819K->76737K(175104K)] 331896K->268716K(699392K), 0.0077728 secs] [Times: user=0.09 sys=0.01, real=0.01 secs] 
2016-09-24T02:58:36.254-0400: 31.386: [GC (GCLocker Initiated GC) [PSYoungGen: 164801K->60481K(175104K)] 356966K->273581K(699392K), 0.0092622 secs] [Times: user=0.07 sys=0.01, real=0.01 secs] 
2016-09-24T02:58:36.310-0400: 31.442: [GC (GCLocker Initiated GC) [PSYoungGen: 148545K->44274K(175104K)] 367153K->266127K(699392K), 0.0071677 secs] [Times: user=0.04 sys=0.01, real=0.01 secs] 
2016-09-24T02:58:36.378-0400: 31.510: [GC (GCLocker Initiated GC) [PSYoungGen: 132338K->64620K(175104K)] 361020K->294080K(699392K), 0.0066971 secs] [Times: user=0.06 sys=0.00, real=0.01 secs] 
2016-09-24T02:58:36.442-0400: 31.573: [GC (GCLocker Initiated GC) [PSYoungGen: 152684K->84744K(175104K)] 382289K->320439K(699392K), 0.0220155 secs] [Times: user=0.31 sys=0.02, real=0.03 secs] 
2016-09-24T02:58:36.511-0400: 31.643: [GC (GCLocker Initiated GC) [PSYoungGen: 172808K->65900K(175104K)] 411292K->326556K(699392K), 0.0085174 secs] [Times: user=0.11 sys=0.00, real=0.01 secs] 
2016-09-24T02:58:36.574-0400: 31.706: [GC (GCLocker Initiated GC) [PSYoungGen: 153964K->67283K(175104K)] 420168K->353007K(699392K), 0.0075857 secs] [Times: user=0.10 sys=0.00, real=0.00 secs] 
2016-09-24T02:58:36.633-0400: 31.765: [GC (GCLocker Initiated GC) [PSYoungGen: 155347K->64495K(174080K)] 444016K->363203K(698368K), 0.0131022 secs] [Times: user=0.14 sys=0.02, real=0.02 secs] 
2016-09-24T02:58:36.691-0400: 31.822: [GC (GCLocker Initiated GC) [PSYoungGen: 152559K->86107K(174592K)] 454006K->390795K(698880K), 0.0082921 secs] [Times: user=0.11 sys=0.01, real=0.01 secs] 
2016-09-24T02:58:36.749-0400: 31.881: [GC (GCLocker Initiated GC) [PSYoungGen: 174171K->80667K(175104K)] 484327K->391408K(699392K), 0.0065823 secs] [Times: user=0.08 sys=0.00, real=0.01 secs] 
2016-09-24T02:58:36.801-0400: 31.933: [GC (GCLocker Initiated GC) [PSYoungGen: 168731K->47026K(175104K)] 487705K->380004K(699392K), 0.0276557 secs] [Times: user=0.15 sys=0.02, real=0.03 secs] 
2016-09-24T02:58:36.889-0400: 32.021: [GC (GCLocker Initiated GC) [PSYoungGen: 135090K->42578K(175104K)] 473685K->381649K(699392K), 0.0063976 secs] [Times: user=0.05 sys=0.02, real=0.01 secs] 
2016-09-24T02:58:36.956-0400: 32.087: [GC (GCLocker Initiated GC) [PSYoungGen: 130642K->39942K(175104K)] 473829K->391709K(699392K), 0.0094715 secs] [Times: user=0.09 sys=0.01, real=0.01 secs] 
2016-09-24T02:58:37.019-0400: 32.151: [GC (GCLocker Initiated GC) [PSYoungGen: 128006K->60313K(175104K)] 483860K->416599K(699392K), 0.0065425 secs] [Times: user=0.06 sys=0.00, real=0.01 secs] 
2016-09-24T02:58:37.077-0400: 32.209: [GC (GCLocker Initiated GC) [PSYoungGen: 148377K->40047K(175104K)] 516158K->429885K(699392K), 0.0061652 secs] [Times: user=0.06 sys=0.01, real=0.01 secs] 
2016-09-24T02:58:37.128-0400: 32.260: [GC (GCLocker Initiated GC) [PSYoungGen: 128111K->48179K(175104K)] 523657K->444182K(699392K), 0.0070360 secs] [Times: user=0.07 sys=0.01, real=0.01 secs] 
2016-09-24T02:58:37.191-0400: 32.323: [GC (GCLocker Initiated GC) [PSYoungGen: 136243K->37126K(175104K)] 543337K->448623K(699392K), 0.0067330 secs] [Times: user=0.05 sys=0.01, real=0.01 secs] 
2016-09-24T02:58:37.246-0400: 32.378: [GC (GCLocker Initiated GC) [PSYoungGen: 125190K->54884K(175104K)] 546320K->489911K(699392K), 0.0068325 secs] [Times: user=0.07 sys=0.02, real=0.00 secs] 
2016-09-24T02:58:37.300-0400: 32.432: [GC (GCLocker Initiated GC) [PSYoungGen: 142948K->53522K(175104K)] 586227K->510713K(699392K), 0.0083585 secs] [Times: user=0.08 sys=0.01, real=0.01 secs] 
2016-09-24T02:58:37.388-0400: 32.520: [GC (Allocation Failure) [PSYoungGen: 141586K->49571K(172032K)] 604257K->528870K(696320K), 0.0073303 secs] [Times: user=0.05 sys=0.01, real=0.01 secs] 
2016-09-24T02:58:37.451-0400: 32.582: [GC (GCLocker Initiated GC) [PSYoungGen: 137353K->67050K(173568K)] 618003K->560356K(697856K), 0.0080594 secs] [Times: user=0.11 sys=0.01, real=0.01 secs] 
2016-09-24T02:58:37.507-0400: 32.639: [Full GC (Ergonomics) [PSYoungGen: 155114K->0K(173568K)] [ParOldGen: 496167K->136592K(524288K)] 651282K->136592K(697856K), [Metaspace: 43320K->43320K(1085440K)], 0.0653595 secs] [Times: user=0.42 sys=0.04, real=0.06 secs] 
2016-09-24T02:58:37.636-0400: 32.768: [GC (GCLocker Initiated GC) [PSYoungGen: 88064K->53776K(172544K)] 238380K->204093K(696832K), 0.0325705 secs] [Times: user=0.19 sys=0.03, real=0.03 secs] 
2016-09-24T02:58:37.732-0400: 32.864: [GC (GCLocker Initiated GC) [PSYoungGen: 143888K->83311K(174080K)] 294368K->240005K(698368K), 0.0104044 secs] [Times: user=0.10 sys=0.01, real=0.02 secs] 
2016-09-24T02:58:37.810-0400: 32.942: [GC (GCLocker Initiated GC) [PSYoungGen: 173423K->65602K(175104K)] 338330K->234928K(699392K), 0.0072097 secs] [Times: user=0.05 sys=0.01, real=0.01 secs] 
2016-09-24T02:58:37.887-0400: 33.018: [GC (GCLocker Initiated GC) [PSYoungGen: 153666K->45302K(175104K)] 335380K->232858K(699392K), 0.0098327 secs] [Times: user=0.10 sys=0.01, real=0.01 secs] 
2016-09-24T02:58:37.959-0400: 33.090: [GC (GCLocker Initiated GC) [PSYoungGen: 133366K->60217K(175104K)] 326519K->255161K(699392K), 0.0100098 secs] [Times: user=0.08 sys=0.01, real=0.01 secs] 
2016-09-24T02:58:38.044-0400: 33.176: [GC (GCLocker Initiated GC) [PSYoungGen: 148281K->54847K(143360K)] 351532K->261207K(667648K), 0.0085221 secs] [Times: user=0.08 sys=0.01, real=0.00 secs] 
2016-09-24T02:58:38.097-0400: 33.229: [GC (GCLocker Initiated GC) [PSYoungGen: 142911K->53431K(175616K)] 354846K->265780K(699904K), 0.0087316 secs] [Times: user=0.08 sys=0.01, real=0.01 secs] 
2016-09-24T02:58:38.186-0400: 33.318: [GC (GCLocker Initiated GC) [PSYoungGen: 143543K->62995K(173568K)] 358743K->296186K(697856K), 0.0096784 secs] [Times: user=0.10 sys=0.02, real=0.01 secs] 
2016-09-24T02:58:38.284-0400: 33.416: [GC (GCLocker Initiated GC) [PSYoungGen: 153107K->57550K(176128K)] 389026K->295178K(700416K), 0.0251485 secs] [Times: user=0.30 sys=0.02, real=0.02 secs] 
2016-09-24T02:58:38.382-0400: 33.514: [GC (GCLocker Initiated GC) [PSYoungGen: 153294K->50859K(176128K)] 393661K->311966K(700416K), 0.0067028 secs] [Times: user=0.07 sys=0.00, real=0.01 secs] 
2016-09-24T02:58:38.441-0400: 33.573: [GC (GCLocker Initiated GC) [PSYoungGen: 146603K->68854K(178688K)] 407728K->330496K(702976K), 0.0079170 secs] [Times: user=0.09 sys=0.00, real=0.01 secs] 
2016-09-24T02:58:38.501-0400: 33.633: [GC (GCLocker Initiated GC) [PSYoungGen: 168182K->68746K(168448K)] 430083K->339493K(692736K), 0.0066130 secs] [Times: user=0.09 sys=0.00, real=0.01 secs] 
2016-09-24T02:58:38.558-0400: 33.690: [GC (GCLocker Initiated GC) [PSYoungGen: 168074K->82199K(171008K)] 438900K->353775K(695296K), 0.0072277 secs] [Times: user=0.09 sys=0.01, real=0.01 secs] 
2016-09-24T02:58:38.614-0400: 33.746: [GC (GCLocker Initiated GC) [PSYoungGen: 170263K->38709K(175104K)] 447277K->329894K(699392K), 0.0144759 secs] [Times: user=0.14 sys=0.00, real=0.02 secs] 
2016-09-24T02:58:38.673-0400: 33.805: [GC (GCLocker Initiated GC) [PSYoungGen: 126773K->78149K(175104K)] 428920K->380973K(699392K), 0.0069247 secs] [Times: user=0.11 sys=0.00, real=0.01 secs] 
2016-09-24T02:58:38.735-0400: 33.867: [GC (GCLocker Initiated GC) [PSYoungGen: 166213K->60593K(175104K)] 479897K->374916K(699392K), 0.0062584 secs] [Times: user=0.08 sys=0.00, real=0.00 secs] 
2016-09-24T02:58:38.787-0400: 33.919: [GC (GCLocker Initiated GC) [PSYoungGen: 148657K->69962K(175104K)] 463047K->389143K(699392K), 0.0084647 secs] [Times: user=0.13 sys=0.00, real=0.01 secs] 
2016-09-24T02:58:38.843-0400: 33.975: [GC (GCLocker Initiated GC) [PSYoungGen: 158026K->56483K(175104K)] 480128K->385959K(699392K), 0.0092490 secs] [Times: user=0.09 sys=0.00, real=0.00 secs] 
2016-09-24T02:58:38.896-0400: 34.028: [GC (GCLocker Initiated GC) [PSYoungGen: 144547K->64558K(175104K)] 479593K->411074K(699392K), 0.0091018 secs] [Times: user=0.06 sys=0.00, real=0.01 secs] 
2016-09-24T02:58:38.947-0400: 34.079: [GC (GCLocker Initiated GC) [PSYoungGen: 152622K->67287K(175104K)] 507383K->422683K(699392K), 0.0066885 secs] [Times: user=0.09 sys=0.00, real=0.01 secs] 
2016-09-24T02:58:39.000-0400: 34.132: [GC (GCLocker Initiated GC) [PSYoungGen: 155351K->50960K(174080K)] 518869K->415095K(698368K), 0.0063749 secs] [Times: user=0.07 sys=0.01, real=0.01 secs] 
2016-09-24T02:58:39.054-0400: 34.186: [GC (GCLocker Initiated GC) [PSYoungGen: 139024K->68609K(174592K)] 508798K->439096K(698880K), 0.0083307 secs] [Times: user=0.06 sys=0.00, real=0.02 secs] 
2016-09-24T02:58:39.126-0400: 34.257: [GC (GCLocker Initiated GC) [PSYoungGen: 156673K->56630K(173056K)] 540738K->441332K(697344K), 0.0098749 secs] [Times: user=0.14 sys=0.01, real=0.01 secs] 
2016-09-24T02:58:39.180-0400: 34.312: [GC (GCLocker Initiated GC) [PSYoungGen: 145206K->53831K(174080K)] 529940K->460965K(698368K), 0.0072883 secs] [Times: user=0.10 sys=0.00, real=0.01 secs] 
2016-09-24T02:58:39.232-0400: 34.364: [GC (GCLocker Initiated GC) [PSYoungGen: 142407K->65971K(175616K)] 552406K->488853K(699904K), 0.0067531 secs] [Times: user=0.09 sys=0.00, real=0.01 secs] 
2016-09-24T02:58:39.280-0400: 34.412: [GC (GCLocker Initiated GC) [PSYoungGen: 158131K->64563K(176128K)] 585096K->497512K(700416K), 0.0078649 secs] [Times: user=0.10 sys=0.00, real=0.01 secs] 
2016-09-24T02:58:39.331-0400: 34.463: [GC (GCLocker Initiated GC) [PSYoungGen: 156723K->49731K(177664K)] 589674K->510372K(701952K), 0.0065063 secs] [Times: user=0.09 sys=0.00, real=0.01 secs] 
2016-09-24T02:58:39.385-0400: 34.517: [GC (GCLocker Initiated GC) [PSYoungGen: 144451K->74069K(168960K)] 610557K->542160K(693248K), 0.0066904 secs] [Times: user=0.10 sys=0.00, real=0.00 secs] 
2016-09-24T02:58:39.439-0400: 34.571: [GC (GCLocker Initiated GC) [PSYoungGen: 168789K->82182K(173568K)] 636898K->586097K(697856K), 0.0101038 secs] [Times: user=0.11 sys=0.00, real=0.01 secs] 
2016-09-24T02:58:39.449-0400: 34.581: [Full GC (Ergonomics) [PSYoungGen: 82182K->0K(173568K)] [ParOldGen: 503914K->154272K(524288K)] 586097K->154272K(697856K), [Metaspace: 43509K->43509K(1085440K)], 0.0503473 secs] [Times: user=0.38 sys=0.00, real=0.05 secs] 
2016-09-24T02:58:39.556-0400: 34.688: [GC (GCLocker Initiated GC) [PSYoungGen: 88064K->63568K(175104K)] 249091K->224596K(699392K), 0.0067866 secs] [Times: user=0.09 sys=0.00, real=0.01 secs] 
2016-09-24T02:58:39.613-0400: 34.745: [GC (GCLocker Initiated GC) [PSYoungGen: 151632K->63259K(173056K)] 322224K->236165K(697344K), 0.0094978 secs] [Times: user=0.14 sys=0.00, real=0.02 secs] 
2016-09-24T02:58:39.669-0400: 34.801: [GC (GCLocker Initiated GC) [PSYoungGen: 151323K->41455K(174080K)] 327080K->219209K(698368K), 0.0059991 secs] [Times: user=0.04 sys=0.00, real=0.01 secs] 
2016-09-24T02:58:39.716-0400: 34.848: [GC (GCLocker Initiated GC) [PSYoungGen: 129519K->70029K(175104K)] 312718K->269975K(699392K), 0.0068984 secs] [Times: user=0.09 sys=0.00, real=0.01 secs] 
2016-09-24T02:58:39.767-0400: 34.899: [GC (GCLocker Initiated GC) [PSYoungGen: 158093K->71425K(175104K)] 360795K->285569K(699392K), 0.0076027 secs] [Times: user=0.11 sys=0.00, real=0.01 secs] 
2016-09-24T02:58:39.824-0400: 34.956: [GC (GCLocker Initiated GC) [PSYoungGen: 159489K->68594K(175104K)] 383196K->292982K(699392K), 0.0060165 secs] [Times: user=0.08 sys=0.00, real=0.00 secs] 
2016-09-24T02:58:39.878-0400: 35.010: [GC (GCLocker Initiated GC) [PSYoungGen: 156658K->57890K(175104K)] 387875K->289736K(699392K), 0.0115367 secs] [Times: user=0.12 sys=0.00, real=0.01 secs] 
2016-09-24T02:58:39.941-0400: 35.072: [GC (GCLocker Initiated GC) [PSYoungGen: 145954K->61845K(171008K)] 386065K->318850K(695296K), 0.0072343 secs] [Times: user=0.10 sys=0.00, real=0.01 secs] 
2016-09-24T02:58:39.997-0400: 35.129: [GC (GCLocker Initiated GC) [PSYoungGen: 149909K->63210K(173056K)] 409727K->327677K(697344K), 0.0115763 secs] [Times: user=0.14 sys=0.00, real=0.01 secs] 
2016-09-24T02:58:40.060-0400: 35.192: [GC (GCLocker Initiated GC) [PSYoungGen: 151274K->59205K(175616K)] 421268K->339255K(699904K), 0.0073215 secs] [Times: user=0.10 sys=0.00, real=0.01 secs] 
2016-09-24T02:58:40.123-0400: 35.255: [GC (GCLocker Initiated GC) [PSYoungGen: 153925K->53757K(176128K)] 442148K->357521K(700416K), 0.0060330 secs] [Times: user=0.08 sys=0.00, real=0.00 secs] 
2016-09-24T02:58:40.176-0400: 35.308: [GC (GCLocker Initiated GC) [PSYoungGen: 148477K->76809K(174080K)] 457750K->392157K(698368K), 0.0097647 secs] [Times: user=0.14 sys=0.01, real=0.01 secs] 
2016-09-24T02:58:40.231-0400: 35.363: [GC (GCLocker Initiated GC) [PSYoungGen: 169993K->68645K(177664K)] 489644K->399760K(701952K), 0.0065886 secs] [Times: user=0.10 sys=0.00, real=0.01 secs] 
2016-09-24T02:58:40.284-0400: 35.416: [GC (GCLocker Initiated GC) [PSYoungGen: 161829K->65913K(175616K)] 495754K->400495K(699904K), 0.0077954 secs] [Times: user=0.08 sys=0.00, real=0.00 secs] 
2016-09-24T02:58:40.348-0400: 35.480: [GC (GCLocker Initiated GC) [PSYoungGen: 159097K->61947K(176640K)] 497601K->411900K(700928K), 0.0103938 secs] [Times: user=0.16 sys=0.00, real=0.01 secs] 
2016-09-24T02:58:40.407-0400: 35.539: [GC (GCLocker Initiated GC) [PSYoungGen: 155131K->79452K(172032K)] 505126K->435564K(696320K), 0.0070472 secs] [Times: user=0.11 sys=0.00, real=0.01 secs] 
2016-09-24T02:58:40.460-0400: 35.592: [GC (GCLocker Initiated GC) [PSYoungGen: 169564K->79471K(169984K)] 528414K->441644K(694272K), 0.0071174 secs] [Times: user=0.09 sys=0.01, real=0.01 secs] 
2016-09-24T02:58:40.524-0400: 35.656: [GC (GCLocker Initiated GC) [PSYoungGen: 169583K->40234K(175104K)] 538720K->423490K(699392K), 0.0079384 secs] [Times: user=0.07 sys=0.00, real=0.00 secs] 
2016-09-24T02:58:40.574-0400: 35.706: [GC (GCLocker Initiated GC) [PSYoungGen: 128298K->68503K(175104K)] 514348K->457897K(699392K), 0.0067709 secs] [Times: user=0.09 sys=0.00, real=0.00 secs] 
2016-09-24T02:58:40.628-0400: 35.759: [GC (GCLocker Initiated GC) [PSYoungGen: 156567K->53789K(175104K)] 546102K->450588K(699392K), 0.0073002 secs] [Times: user=0.07 sys=0.00, real=0.01 secs] 
2016-09-24T02:58:40.684-0400: 35.816: [GC (GCLocker Initiated GC) [PSYoungGen: 141853K->51235K(175104K)] 541431K->473024K(699392K), 0.0064001 secs] [Times: user=0.08 sys=0.00, real=0.00 secs] 
2016-09-24T02:58:40.742-0400: 35.873: [GC (GCLocker Initiated GC) [PSYoungGen: 139299K->64679K(175104K)] 567881K->499402K(699392K), 0.0099546 secs] [Times: user=0.12 sys=0.01, real=0.01 secs] 
2016-09-24T02:58:40.803-0400: 35.935: [GC (GCLocker Initiated GC) [PSYoungGen: 152743K->70111K(175104K)] 590320K->527330K(699392K), 0.0073000 secs] [Times: user=0.12 sys=0.00, real=0.00 secs] 
2016-09-24T02:58:40.861-0400: 35.993: [GC (GCLocker Initiated GC) [PSYoungGen: 158175K->67382K(174080K)] 626279K->552419K(698368K), 0.0072300 secs] [Times: user=0.11 sys=0.00, real=0.01 secs] 
2016-09-24T02:58:40.927-0400: 36.059: [GC (GCLocker Initiated GC) [PSYoungGen: 155446K->60676K(174592K)] 651357K->573546K(698880K), 0.0072893 secs] [Times: user=0.12 sys=0.01, real=0.01 secs] 
2016-09-24T02:58:40.934-0400: 36.066: [Full GC (Ergonomics) [PSYoungGen: 60676K->0K(174592K)] [ParOldGen: 512870K->169021K(524288K)] 573546K->169021K(698880K), [Metaspace: 43539K->43539K(1085440K)], 0.0489813 secs] [Times: user=0.43 sys=0.00, real=0.05 secs] 
2016-09-24T02:58:41.038-0400: 36.170: [GC (GCLocker Initiated GC) [PSYoungGen: 88064K->82453K(172544K)] 259975K->254365K(696832K), 0.0095736 secs] [Times: user=0.16 sys=0.01, real=0.01 secs] 
2016-09-24T02:58:41.094-0400: 36.226: [GC (GCLocker Initiated GC) [PSYoungGen: 170005K->50871K(174592K)] 346295K->238870K(698880K), 0.0178793 secs] [Times: user=0.28 sys=0.00, real=0.02 secs] 
2016-09-24T02:58:41.170-0400: 36.302: [GC (GCLocker Initiated GC) [PSYoungGen: 138423K->40227K(175104K)] 335560K->259645K(699392K), 0.0057371 secs] [Times: user=0.07 sys=0.00, real=0.01 secs] 
2016-09-24T02:58:41.226-0400: 36.358: [GC (GCLocker Initiated GC) [PSYoungGen: 128291K->51169K(175104K)] 353226K->279449K(699392K), 0.0063873 secs] [Times: user=0.10 sys=0.00, real=0.00 secs] 
2016-09-24T02:58:41.290-0400: 36.422: [GC (GCLocker Initiated GC) [PSYoungGen: 139233K->74202K(175104K)] 370250K->307300K(699392K), 0.0062370 secs] [Times: user=0.10 sys=0.00, real=0.01 secs] 
2016-09-24T02:58:41.341-0400: 36.473: [GC (GCLocker Initiated GC) [PSYoungGen: 162266K->67234K(175104K)] 398233K->322867K(699392K), 0.0075478 secs] [Times: user=0.11 sys=0.00, real=0.01 secs] 
2016-09-24T02:58:41.399-0400: 36.531: [GC (GCLocker Initiated GC) [PSYoungGen: 155298K->49826K(175104K)] 420183K->315362K(699392K), 0.0094839 secs] [Times: user=0.08 sys=0.00, real=0.01 secs] 
2016-09-24T02:58:41.457-0400: 36.589: [GC (GCLocker Initiated GC) [PSYoungGen: 137890K->38654K(175104K)] 410207K->311685K(699392K), 0.0122128 secs] [Times: user=0.11 sys=0.00, real=0.01 secs] 
2016-09-24T02:58:41.512-0400: 36.644: [GC (GCLocker Initiated GC) [PSYoungGen: 126718K->71263K(175104K)] 409341K->354556K(699392K), 0.0061252 secs] [Times: user=0.08 sys=0.00, real=0.01 secs] 
2016-09-24T02:58:41.562-0400: 36.693: [GC (GCLocker Initiated GC) [PSYoungGen: 159327K->72792K(175104K)] 445499K->367679K(699392K), 0.0068775 secs] [Times: user=0.09 sys=0.00, real=0.01 secs] 
2016-09-24T02:58:41.621-0400: 36.753: [GC (GCLocker Initiated GC) [PSYoungGen: 160856K->76730K(175104K)] 461223K->377737K(699392K), 0.0079594 secs] [Times: user=0.10 sys=0.01, real=0.01 secs] 
2016-09-24T02:58:41.682-0400: 36.814: [GC (GCLocker Initiated GC) [PSYoungGen: 164794K->72560K(175104K)] 468555K->378289K(699392K), 0.0080462 secs] [Times: user=0.07 sys=0.00, real=0.00 secs] 
2016-09-24T02:58:41.732-0400: 36.864: [GC (GCLocker Initiated GC) [PSYoungGen: 160624K->64571K(175104K)] 471786K->407378K(699392K), 0.0072007 secs] [Times: user=0.10 sys=0.01, real=0.01 secs] 
2016-09-24T02:58:41.798-0400: 36.930: [GC (GCLocker Initiated GC) [PSYoungGen: 152635K->48336K(175104K)] 503373K->410507K(699392K), 0.0055739 secs] [Times: user=0.07 sys=0.00, real=0.01 secs] 
2016-09-24T02:58:41.844-0400: 36.976: [GC (GCLocker Initiated GC) [PSYoungGen: 136400K->53660K(175104K)] 502776K->420626K(699392K), 0.0056052 secs] [Times: user=0.07 sys=0.00, real=0.00 secs] 
2016-09-24T02:58:41.893-0400: 37.025: [GC (GCLocker Initiated GC) [PSYoungGen: 141724K->57824K(175104K)] 516840K->444326K(699392K), 0.0067311 secs] [Times: user=0.09 sys=0.01, real=0.01 secs] 
2016-09-24T02:58:41.946-0400: 37.078: [GC (GCLocker Initiated GC) [PSYoungGen: 145888K->59238K(175104K)] 539367K->464153K(699392K), 0.0062027 secs] [Times: user=0.09 sys=0.00, real=0.00 secs] 
2016-09-24T02:58:41.999-0400: 37.130: [GC (GCLocker Initiated GC) [PSYoungGen: 147302K->59101K(147456K)] 554977K->468786K(671744K), 0.0061888 secs] [Times: user=0.07 sys=0.01, real=0.01 secs] 
2016-09-24T02:58:42.053-0400: 37.185: [GC (GCLocker Initiated GC) [PSYoungGen: 147165K->45660K(173056K)] 558544K->484634K(697344K), 0.0073430 secs] [Times: user=0.09 sys=0.00, real=0.01 secs] 
2016-09-24T02:58:42.104-0400: 37.236: [GC (GCLocker Initiated GC) [PSYoungGen: 133724K->42964K(173056K)] 576852K->502954K(697344K), 0.0066921 secs] [Times: user=0.07 sys=0.00, real=0.00 secs] 
2016-09-24T02:58:42.153-0400: 37.285: [GC (GCLocker Initiated GC) [PSYoungGen: 131028K->46941K(176128K)] 593810K->521220K(700416K), 0.0064766 secs] [Times: user=0.08 sys=0.00, real=0.01 secs] 
2016-09-24T02:58:42.206-0400: 37.338: [GC (GCLocker Initiated GC) [PSYoungGen: 139101K->68637K(161280K)] 618932K->562552K(685568K), 0.0071281 secs] [Times: user=0.11 sys=0.01, real=0.00 secs] 
2016-09-24T02:58:42.266-0400: 37.398: [Full GC (Ergonomics) [PSYoungGen: 160797K->0K(161280K)] [ParOldGen: 503392K->181645K(524288K)] 664189K->181645K(685568K), [Metaspace: 43552K->43552K(1085440K)], 0.0456398 secs] [Times: user=0.42 sys=0.01, real=0.04 secs] 
2016-09-24T02:58:42.362-0400: 37.494: [GC (GCLocker Initiated GC) [PSYoungGen: 92160K->54028K(178176K)] 279347K->241215K(702464K), 0.0106924 secs] [Times: user=0.17 sys=0.00, real=0.00 secs] 
2016-09-24T02:58:42.419-0400: 37.551: [GC (GCLocker Initiated GC) [PSYoungGen: 146188K->70000K(176128K)] 336232K->260885K(700416K), 0.0062803 secs] [Times: user=0.10 sys=0.00, real=0.01 secs] 
2016-09-24T02:58:42.471-0400: 37.603: [GC (GCLocker Initiated GC) [PSYoungGen: 162160K->69893K(174080K)] 353140K->262852K(698368K), 0.0055647 secs] [Times: user=0.08 sys=0.01, real=0.01 secs] 
2016-09-24T02:58:42.527-0400: 37.659: [GC (GCLocker Initiated GC) [PSYoungGen: 157957K->53891K(142336K)] 356425K->271838K(666624K), 0.0061776 secs] [Times: user=0.09 sys=0.00, real=0.00 secs] 
2016-09-24T02:58:42.581-0400: 37.713: [GC (GCLocker Initiated GC) [PSYoungGen: 141955K->52272K(176128K)] 365334K->291198K(700416K), 0.0069982 secs] [Times: user=0.08 sys=0.00, real=0.01 secs] 
2016-09-24T02:58:42.634-0400: 37.766: [GC (GCLocker Initiated GC) [PSYoungGen: 142896K->44287K(174592K)] 384540K->295961K(698880K), 0.0082107 secs] [Times: user=0.07 sys=0.00, real=0.01 secs] 
2016-09-24T02:58:42.682-0400: 37.813: [GC (GCLocker Initiated GC) [PSYoungGen: 134911K->49668K(176640K)] 389299K->318140K(700928K), 0.0060970 secs] [Times: user=0.08 sys=0.00, real=0.01 secs] 
2016-09-24T02:58:42.740-0400: 37.872: [GC (GCLocker Initiated GC) [PSYoungGen: 143876K->74032K(168448K)] 412485K->348645K(692736K), 0.0066419 secs] [Times: user=0.09 sys=0.00, real=0.01 secs] 
2016-09-24T02:58:42.799-0400: 37.931: [GC (GCLocker Initiated GC) [PSYoungGen: 168240K->53686K(177664K)] 445557K->331567K(701952K), 0.0206062 secs] [Times: user=0.30 sys=0.00, real=0.02 secs] 
2016-09-24T02:58:42.867-0400: 37.999: [GC (GCLocker Initiated GC) [PSYoungGen: 144822K->65900K(175616K)] 425457K->347155K(699904K), 0.0129734 secs] [Times: user=0.18 sys=0.00, real=0.01 secs] 
2016-09-24T02:58:42.931-0400: 38.063: [GC (GCLocker Initiated GC) [PSYoungGen: 157036K->31989K(173056K)] 441967K->318898K(697344K), 0.0156142 secs] [Times: user=0.21 sys=0.00, real=0.02 secs] 
2016-09-24T02:58:42.996-0400: 38.128: [GC (GCLocker Initiated GC) [PSYoungGen: 120053K->67218K(175104K)] 407022K->358940K(699392K), 0.0064026 secs] [Times: user=0.09 sys=0.01, real=0.01 secs] 
2016-09-24T02:58:43.049-0400: 38.181: [GC (GCLocker Initiated GC) [PSYoungGen: 155282K->59148K(172032K)] 453819K->360936K(696320K), 0.0062018 secs] [Times: user=0.08 sys=0.00, real=0.01 secs] 
2016-09-24T02:58:43.105-0400: 38.237: [GC (GCLocker Initiated GC) [PSYoungGen: 147212K->60497K(173568K)] 449047K->363014K(697856K), 0.0063196 secs] [Times: user=0.09 sys=0.00, real=0.00 secs] 
2016-09-24T02:58:43.153-0400: 38.285: [GC (GCLocker Initiated GC) [PSYoungGen: 148561K->72570K(172032K)] 453799K->379815K(696320K), 0.0065606 secs] [Times: user=0.10 sys=0.00, real=0.01 secs] 
2016-09-24T02:58:43.198-0400: 38.329: [GC (GCLocker Initiated GC) [PSYoungGen: 160634K->52301K(175104K)] 470764K->379179K(699392K), 0.0081476 secs] [Times: user=0.08 sys=0.00, real=0.01 secs] 
2016-09-24T02:58:43.256-0400: 38.388: [GC (GCLocker Initiated GC) [PSYoungGen: 140365K->55129K(169472K)] 474012K->404235K(693760K), 0.0058125 secs] [Times: user=0.07 sys=0.00, real=0.00 secs] 
2016-09-24T02:58:43.307-0400: 38.438: [GC (GCLocker Initiated GC) [PSYoungGen: 144729K->53843K(173056K)] 497318K->420589K(697344K), 0.0061147 secs] [Times: user=0.08 sys=0.00, real=0.00 secs] 
2016-09-24T02:58:43.349-0400: 38.481: [GC (GCLocker Initiated GC) [PSYoungGen: 143443K->68455K(177664K)] 510351K->436028K(701952K), 0.0065150 secs] [Times: user=0.08 sys=0.00, real=0.01 secs] 
2016-09-24T02:58:43.398-0400: 38.530: [GC (GCLocker Initiated GC) [PSYoungGen: 164711K->53711K(179200K)] 532324K->430003K(703488K), 0.0078093 secs] [Times: user=0.07 sys=0.00, real=0.01 secs] 
2016-09-24T02:58:43.460-0400: 38.592: [GC (GCLocker Initiated GC) [PSYoungGen: 149967K->60569K(176128K)] 533090K->444297K(700416K), 0.0059086 secs] [Times: user=0.06 sys=0.00, real=0.01 secs] 
2016-09-24T02:58:43.515-0400: 38.646: [GC (GCLocker Initiated GC) [PSYoungGen: 158361K->56403K(177664K)] 547611K->446317K(701952K), 0.0059562 secs] [Times: user=0.06 sys=0.00, real=0.00 secs] 
2016-09-24T02:58:43.571-0400: 38.703: [GC (GCLocker Initiated GC) [PSYoungGen: 154195K->68442K(180736K)] 544163K->463073K(705024K), 0.0070456 secs] [Times: user=0.09 sys=0.00, real=0.01 secs] 
2016-09-24T02:58:43.625-0400: 38.757: [GC (GCLocker Initiated GC) [PSYoungGen: 170842K->59125K(161792K)] 572246K->486689K(686080K), 0.0099905 secs] [Times: user=0.15 sys=0.01, real=0.01 secs] 
2016-09-24T02:58:43.685-0400: 38.817: [GC (GCLocker Initiated GC) [PSYoungGen: 161525K->48422K(181760K)] 590870K->491934K(706048K), 0.0062944 secs] [Times: user=0.08 sys=0.00, real=0.00 secs] 
2016-09-24T02:58:43.740-0400: 38.872: [GC (GCLocker Initiated GC) [PSYoungGen: 152358K->72708K(177152K)] 601322K->523667K(701440K), 0.0070514 secs] [Times: user=0.09 sys=0.00, real=0.01 secs] 
2016-09-24T02:58:43.804-0400: 38.936: [GC (GCLocker Initiated GC) [PSYoungGen: 176644K->79299K(170496K)] 627651K->530960K(694784K), 0.0113173 secs] [Times: user=0.15 sys=0.01, real=0.01 secs] 
2016-09-24T02:58:43.866-0400: 38.998: [GC (GCLocker Initiated GC) [PSYoungGen: 168387K->51141K(175616K)] 621497K->550774K(699904K), 0.0129627 secs] [Times: user=0.19 sys=0.00, real=0.01 secs] 
2016-09-24T02:58:43.879-0400: 39.011: [Full GC (Ergonomics) [PSYoungGen: 51141K->0K(175616K)] [ParOldGen: 499633K->188666K(524288K)] 550774K->188666K(699904K), [Metaspace: 43641K->43641K(1085440K)], 0.0461269 secs] [Times: user=0.41 sys=0.00, real=0.05 secs] 
2016-09-24T02:58:43.966-0400: 39.098: [GC (GCLocker Initiated GC) [PSYoungGen: 89088K->70189K(174080K)] 277770K->258872K(698368K), 0.0080800 secs] [Times: user=0.07 sys=0.00, real=0.00 secs] 
2016-09-24T02:58:44.017-0400: 39.149: [GC (GCLocker Initiated GC) [PSYoungGen: 158253K->79332K(175104K)] 349737K->281005K(699392K), 0.0117475 secs] [Times: user=0.16 sys=0.00, real=0.01 secs] 
2016-09-24T02:58:44.071-0400: 39.203: [GC (GCLocker Initiated GC) [PSYoungGen: 167396K->44252K(175104K)] 369190K->276354K(699392K), 0.0080465 secs] [Times: user=0.07 sys=0.01, real=0.01 secs] 
2016-09-24T02:58:44.135-0400: 39.266: [GC (GCLocker Initiated GC) [PSYoungGen: 132316K->57860K(175104K)] 367201K->310883K(699392K), 0.0070507 secs] [Times: user=0.09 sys=0.00, real=0.00 secs] 
2016-09-24T02:58:44.188-0400: 39.320: [GC (GCLocker Initiated GC) [PSYoungGen: 145924K->59134K(174080K)] 404486K->318343K(698368K), 0.0063129 secs] [Times: user=0.07 sys=0.00, real=0.01 secs] 
2016-09-24T02:58:44.237-0400: 39.369: [GC (GCLocker Initiated GC) [PSYoungGen: 147198K->64514K(174592K)] 409716K->341072K(698880K), 0.0069380 secs] [Times: user=0.07 sys=0.00, real=0.01 secs] 
2016-09-24T02:58:44.283-0400: 39.415: [GC (GCLocker Initiated GC) [PSYoungGen: 152578K->71220K(174080K)] 431927K->372849K(698368K), 0.0084361 secs] [Times: user=0.09 sys=0.01, real=0.00 secs] 
2016-09-24T02:58:44.332-0400: 39.464: [GC (GCLocker Initiated GC) [PSYoungGen: 159796K->57765K(175104K)] 464236K->381613K(699392K), 0.0083899 secs] [Times: user=0.08 sys=0.00, real=0.01 secs] 
2016-09-24T02:58:44.382-0400: 39.514: [GC (GCLocker Initiated GC) [PSYoungGen: 146341K->61751K(172032K)] 470296K->402492K(696320K), 0.0165185 secs] [Times: user=0.16 sys=0.00, real=0.01 secs] 
2016-09-24T02:58:44.447-0400: 39.579: [GC (GCLocker Initiated GC) [PSYoungGen: 152375K->54926K(173568K)] 493150K->411200K(697856K), 0.0060399 secs] [Times: user=0.07 sys=0.00, real=0.00 secs] 
2016-09-24T02:58:44.499-0400: 39.630: [GC (GCLocker Initiated GC) [PSYoungGen: 145550K->52046K(177664K)] 504628K->411698K(701952K), 0.0094806 secs] [Times: user=0.10 sys=0.00, real=0.01 secs] 
2016-09-24T02:58:44.559-0400: 39.691: [GC (GCLocker Initiated GC) [PSYoungGen: 149326K->45425K(178688K)] 514412K->413644K(702976K), 0.0065124 secs] [Times: user=0.05 sys=0.01, real=0.01 secs] 
2016-09-24T02:58:44.616-0400: 39.747: [GC (GCLocker Initiated GC) [PSYoungGen: 142705K->56142K(177152K)] 516435K->433071K(701440K), 0.0063961 secs] [Times: user=0.06 sys=0.00, real=0.00 secs] 
2016-09-24T02:58:44.680-0400: 39.812: [GC (GCLocker Initiated GC) [PSYoungGen: 154958K->53666K(178688K)] 535980K->437940K(702976K), 0.0064983 secs] [Times: user=0.09 sys=0.00, real=0.01 secs] 
2016-09-24T02:58:44.737-0400: 39.869: [GC (GCLocker Initiated GC) [PSYoungGen: 152482K->51970K(179712K)] 536979K->438393K(704000K), 0.0068022 secs] [Times: user=0.08 sys=0.00, real=0.01 secs] 
2016-09-24T02:58:44.795-0400: 39.927: [GC (GCLocker Initiated GC) [PSYoungGen: 155394K->41420K(181248K)] 543199K->429575K(705536K), 0.0067537 secs] [Times: user=0.07 sys=0.00, real=0.01 secs] 
2016-09-24T02:58:44.852-0400: 39.984: [GC (GCLocker Initiated GC) [PSYoungGen: 144844K->50858K(181760K)] 534225K->440839K(706048K), 0.0077232 secs] [Times: user=0.08 sys=0.00, real=0.01 secs] 
2016-09-24T02:58:44.910-0400: 40.042: [GC (GCLocker Initiated GC) [PSYoungGen: 156842K->46885K(182784K)] 557792K->448399K(707072K), 0.0050227 secs] [Times: user=0.06 sys=0.00, real=0.01 secs] 
2016-09-24T02:58:44.963-0400: 40.095: [GC (GCLocker Initiated GC) [PSYoungGen: 152869K->69964K(178688K)] 562670K->485678K(702976K), 0.0062922 secs] [Times: user=0.08 sys=0.00, real=0.00 secs] 
2016-09-24T02:58:45.024-0400: 40.156: [GC (GCLocker Initiated GC) [PSYoungGen: 172364K->63053K(182272K)] 596221K->487511K(706560K), 0.0059530 secs] [Times: user=0.08 sys=0.00, real=0.00 secs] 
2016-09-24T02:58:45.076-0400: 40.208: [GC (GCLocker Initiated GC) [PSYoungGen: 165453K->68601K(178176K)] 592825K->496510K(702464K), 0.0056743 secs] [Times: user=0.08 sys=0.00, real=0.01 secs] 
2016-09-24T02:58:45.130-0400: 40.262: [GC (GCLocker Initiated GC) [PSYoungGen: 166905K->67123K(165888K)] 597541K->498315K(690176K), 0.0063139 secs] [Times: user=0.09 sys=0.00, real=0.01 secs] 
2016-09-24T02:58:45.185-0400: 40.317: [GC (GCLocker Initiated GC) [PSYoungGen: 165426K->52394K(180224K)] 610352K->497797K(704512K), 0.0057921 secs] [Times: user=0.07 sys=0.01, real=0.00 secs] 
2016-09-24T02:58:45.232-0400: 40.364: [GC (GCLocker Initiated GC) [PSYoungGen: 149674K->77987K(175616K)] 600531K->529411K(699904K), 0.0068606 secs] [Times: user=0.11 sys=0.01, real=0.01 secs] 
2016-09-24T02:58:45.291-0400: 40.422: [GC (GCLocker Initiated GC) [PSYoungGen: 175267K->69855K(174592K)] 629576K->524689K(698880K), 0.0062920 secs] [Times: user=0.08 sys=0.00, real=0.01 secs] 
2016-09-24T02:58:45.340-0400: 40.472: [GC (GCLocker Initiated GC) [PSYoungGen: 157919K->61774K(150016K)] 612879K->540201K(674304K), 0.0103583 secs] [Times: user=0.15 sys=0.01, real=0.01 secs] 
2016-09-24T02:58:45.394-0400: 40.526: [GC (GCLocker Initiated GC) [PSYoungGen: 149838K->63009K(176128K)] 629131K->564430K(700416K), 0.0072054 secs] [Times: user=0.10 sys=0.01, real=0.01 secs] 
2016-09-24T02:58:45.401-0400: 40.533: [Full GC (Ergonomics) [PSYoungGen: 63009K->0K(176128K)] [ParOldGen: 501420K->197093K(524288K)] 564430K->197093K(700416K), [Metaspace: 43694K->43694K(1085440K)], 0.0460343 secs] [Times: user=0.45 sys=0.01, real=0.05 secs] 
2016-09-24T02:58:45.483-0400: 40.615: [GC (GCLocker Initiated GC) [PSYoungGen: 90624K->80995K(174080K)] 287797K->280868K(698368K), 0.0062332 secs] [Times: user=0.10 sys=0.00, real=0.00 secs] 
2016-09-24T02:58:45.526-0400: 40.658: [GC (GCLocker Initiated GC) [PSYoungGen: 171619K->79305K(175104K)] 371597K->293640K(699392K), 0.0069271 secs] [Times: user=0.10 sys=0.00, real=0.00 secs] 
2016-09-24T02:58:45.573-0400: 40.705: [GC (GCLocker Initiated GC) [PSYoungGen: 167369K->68537K(175104K)] 384482K->298277K(699392K), 0.0062101 secs] [Times: user=0.08 sys=0.00, real=0.01 secs] 
2016-09-24T02:58:45.635-0400: 40.767: [GC (GCLocker Initiated GC) [PSYoungGen: 156601K->67091K(175104K)] 391831K->320428K(699392K), 0.0067972 secs] [Times: user=0.10 sys=0.01, real=0.00 secs] 
2016-09-24T02:58:45.684-0400: 40.815: [GC (GCLocker Initiated GC) [PSYoungGen: 155155K->72555K(175104K)] 408744K->337413K(699392K), 0.0068118 secs] [Times: user=0.09 sys=0.01, real=0.00 secs] 
2016-09-24T02:58:45.737-0400: 40.869: [GC (GCLocker Initiated GC) [PSYoungGen: 160619K->57737K(175104K)] 432322K->329997K(699392K), 0.0179828 secs] [Times: user=0.27 sys=0.00, real=0.02 secs] 
2016-09-24T02:58:45.813-0400: 40.944: [GC (GCLocker Initiated GC) [PSYoungGen: 145801K->57801K(175104K)] 434415K->346940K(699392K), 0.0054015 secs] [Times: user=0.07 sys=0.00, real=0.01 secs] 
2016-09-24T02:58:45.865-0400: 40.997: [GC (GCLocker Initiated GC) [PSYoungGen: 145865K->79292K(175104K)] 440489K->374536K(699392K), 0.0068842 secs] [Times: user=0.10 sys=0.00, real=0.00 secs] 
2016-09-24T02:58:45.925-0400: 41.057: [GC (GCLocker Initiated GC) [PSYoungGen: 167356K->65850K(175104K)] 476308K->388805K(699392K), 0.0066728 secs] [Times: user=0.10 sys=0.00, real=0.00 secs] 
2016-09-24T02:58:45.974-0400: 41.106: [GC (GCLocker Initiated GC) [PSYoungGen: 153914K->79356K(175104K)] 476933K->405652K(699392K), 0.0062807 secs] [Times: user=0.09 sys=0.00, real=0.00 secs] 
2016-09-24T02:58:46.022-0400: 41.154: [GC (GCLocker Initiated GC) [PSYoungGen: 167420K->48318K(175104K)] 493739K->408971K(699392K), 0.0063147 secs] [Times: user=0.09 sys=0.01, real=0.00 secs] 
2016-09-24T02:58:46.066-0400: 41.198: [GC (GCLocker Initiated GC) [PSYoungGen: 136382K->52355K(175104K)] 499851K->428594K(699392K), 0.0077304 secs] [Times: user=0.11 sys=0.00, real=0.00 secs] 
2016-09-24T02:58:46.119-0400: 41.251: [GC (GCLocker Initiated GC) [PSYoungGen: 140419K->65976K(175104K)] 519486K->463232K(699392K), 0.0071676 secs] [Times: user=0.11 sys=0.00, real=0.01 secs] 
2016-09-24T02:58:46.180-0400: 41.312: [GC (GCLocker Initiated GC) [PSYoungGen: 154040K->61830K(175104K)] 560780K->493481K(699392K), 0.0066512 secs] [Times: user=0.10 sys=0.00, real=0.01 secs] 
2016-09-24T02:58:46.238-0400: 41.370: [GC (GCLocker Initiated GC) [PSYoungGen: 149894K->56375K(144896K)] 587162K->498333K(669184K), 0.0066424 secs] [Times: user=0.08 sys=0.00, real=0.01 secs] 
2016-09-24T02:58:46.293-0400: 41.425: [GC (GCLocker Initiated GC) [PSYoungGen: 144439K->59106K(176128K)] 586466K->513844K(700416K), 0.0061478 secs] [Times: user=0.08 sys=0.00, real=0.01 secs] 
2016-09-24T02:58:46.339-0400: 41.471: [GC (GCLocker Initiated GC) [PSYoungGen: 148706K->55041K(174592K)] 606195K->514424K(698880K), 0.0063489 secs] [Times: user=0.07 sys=0.00, real=0.01 secs] 
2016-09-24T02:58:46.401-0400: 41.533: [GC (GCLocker Initiated GC) [PSYoungGen: 144641K->67365K(174592K)] 612183K->535548K(698880K), 0.0059639 secs] [Times: user=0.08 sys=0.00, real=0.01 secs] 
2016-09-24T02:58:46.452-0400: 41.584: [GC (GCLocker Initiated GC) [PSYoungGen: 157989K->53707K(174592K)] 632570K->553299K(698880K), 0.0191656 secs] [Times: user=0.27 sys=0.00, real=0.02 secs] 
2016-09-24T02:58:46.472-0400: 41.603: [Full GC (Ergonomics) [PSYoungGen: 53707K->0K(174592K)] [ParOldGen: 499592K->209261K(524288K)] 553299K->209261K(698880K), [Metaspace: 43714K->43714K(1085440K)], 0.0615950 secs] [Times: user=0.45 sys=0.00, real=0.06 secs] 
2016-09-24T02:58:46.573-0400: 41.704: [GC (GCLocker Initiated GC) [PSYoungGen: 90624K->71517K(175616K)] 300004K->280897K(699904K), 0.0100143 secs] [Times: user=0.13 sys=0.00, real=0.02 secs] 
2016-09-24T02:58:46.624-0400: 41.756: [GC (GCLocker Initiated GC) [PSYoungGen: 164189K->57647K(177152K)] 376344K->286846K(701440K), 0.0068748 secs] [Times: user=0.06 sys=0.00, real=0.00 secs] 
2016-09-24T02:58:46.673-0400: 41.805: [GC (GCLocker Initiated GC) [PSYoungGen: 150319K->64526K(174080K)] 384969K->323998K(698368K), 0.0068937 secs] [Times: user=0.09 sys=0.00, real=0.01 secs] 
2016-09-24T02:58:46.728-0400: 41.860: [GC (GCLocker Initiated GC) [PSYoungGen: 158734K->64543K(176128K)] 421364K->327768K(700416K), 0.0097607 secs] [Times: user=0.11 sys=0.00, real=0.01 secs] 
2016-09-24T02:58:46.786-0400: 41.918: [GC (GCLocker Initiated GC) [PSYoungGen: 158751K->30734K(174080K)] 430315K->319167K(698368K), 0.0058069 secs] [Times: user=0.06 sys=0.00, real=0.00 secs] 
2016-09-24T02:58:46.834-0400: 41.966: [GC (GCLocker Initiated GC) [PSYoungGen: 123918K->38872K(132096K)] 415214K->333422K(656384K), 0.0061811 secs] [Times: user=0.05 sys=0.00, real=0.00 secs] 
2016-09-24T02:58:46.892-0400: 42.024: [GC (GCLocker Initiated GC) [PSYoungGen: 132056K->40336K(176640K)] 433438K->353158K(700928K), 0.0069188 secs] [Times: user=0.07 sys=0.00, real=0.01 secs] 
2016-09-24T02:58:46.943-0400: 42.075: [GC (GCLocker Initiated GC) [PSYoungGen: 131472K->57789K(148992K)] 455176K->382167K(673280K), 0.0065122 secs] [Times: user=0.06 sys=0.00, real=0.00 secs] 
2016-09-24T02:58:46.995-0400: 42.126: [GC (GCLocker Initiated GC) [PSYoungGen: 148925K->44122K(175104K)] 476083K->377281K(699392K), 0.0090643 secs] [Times: user=0.09 sys=0.00, real=0.01 secs] 
2016-09-24T02:58:47.044-0400: 42.175: [GC (GCLocker Initiated GC) [PSYoungGen: 135770K->71343K(174592K)] 471883K->408154K(698880K), 0.0068286 secs] [Times: user=0.07 sys=0.00, real=0.00 secs] 
2016-09-24T02:58:47.091-0400: 42.223: [GC (GCLocker Initiated GC) [PSYoungGen: 162991K->65881K(175104K)] 502592K->406073K(699392K), 0.0067105 secs] [Times: user=0.06 sys=0.01, real=0.01 secs] 
2016-09-24T02:58:47.140-0400: 42.272: [GC (GCLocker Initiated GC) [PSYoungGen: 154969K->68646K(158208K)] 497404K->411715K(682496K), 0.0065606 secs] [Times: user=0.07 sys=0.00, real=0.01 secs] 
2016-09-24T02:58:47.197-0400: 42.329: [GC (GCLocker Initiated GC) [PSYoungGen: 157734K->49753K(175616K)] 503619K->421922K(699904K), 0.0066435 secs] [Times: user=0.08 sys=0.00, real=0.01 secs] 
2016-09-24T02:58:47.252-0400: 42.384: [GC (GCLocker Initiated GC) [PSYoungGen: 138329K->52488K(141312K)] 520113K->448389K(665600K), 0.0072845 secs] [Times: user=0.05 sys=0.00, real=0.01 secs] 
2016-09-24T02:58:47.313-0400: 42.445: [GC (GCLocker Initiated GC) [PSYoungGen: 141064K->64545K(173056K)] 542437K->484192K(697344K), 0.0063527 secs] [Times: user=0.09 sys=0.00, real=0.01 secs] 
2016-09-24T02:58:47.362-0400: 42.493: [GC (GCLocker Initiated GC) [PSYoungGen: 153121K->53732K(173056K)] 578402K->493144K(697344K), 0.0059653 secs] [Times: user=0.08 sys=0.00, real=0.01 secs] 
2016-09-24T02:58:47.415-0400: 42.546: [GC (GCLocker Initiated GC) [PSYoungGen: 142308K->63274K(175616K)] 587369K->508969K(699904K), 0.0094830 secs] [Times: user=0.11 sys=0.00, real=0.01 secs] 
2016-09-24T02:58:47.477-0400: 42.608: [GC (GCLocker Initiated GC) [PSYoungGen: 156458K->64551K(175616K)] 605059K->515196K(699904K), 0.0109281 secs] [Times: user=0.13 sys=0.01, real=0.01 secs] 
2016-09-24T02:58:47.534-0400: 42.666: [GC (GCLocker Initiated GC) [PSYoungGen: 157735K->55058K(175616K)] 608540K->530848K(699904K), 0.0193940 secs] [Times: user=0.24 sys=0.00, real=0.01 secs] 
2016-09-24T02:58:47.603-0400: 42.735: [GC (GCLocker Initiated GC) [PSYoungGen: 152338K->37252K(177664K)] 628164K->517658K(701952K), 0.0097456 secs] [Times: user=0.07 sys=0.00, real=0.00 secs] 
2016-09-24T02:58:47.657-0400: 42.789: [GC (GCLocker Initiated GC) [PSYoungGen: 134532K->78211K(169984K)] 614996K->559301K(694272K), 0.0067238 secs] [Times: user=0.10 sys=0.00, real=0.01 secs] 
2016-09-24T02:58:47.701-0400: 42.833: [GC (GCLocker Initiated GC) [PSYoungGen: 166275K->83413K(175104K)] 647467K->565354K(699392K), 0.0070546 secs] [Times: user=0.11 sys=0.00, real=0.01 secs] 
2016-09-24T02:58:47.747-0400: 42.879: [Full GC (Ergonomics) [PSYoungGen: 171477K->0K(175104K)] [ParOldGen: 492769K->236498K(524288K)] 664246K->236498K(699392K), [Metaspace: 43724K->43724K(1087488K)], 0.0464027 secs] [Times: user=0.31 sys=0.00, real=0.04 secs] 
2016-09-24T02:58:47.840-0400: 42.972: [GC (GCLocker Initiated GC) [PSYoungGen: 88064K->71439K(175104K)] 324632K->308007K(699392K), 0.0066243 secs] [Times: user=0.07 sys=0.01, real=0.01 secs] 
2016-09-24T02:58:47.890-0400: 43.022: [GC (GCLocker Initiated GC) [PSYoungGen: 159503K->75365K(175104K)] 396117K->323530K(699392K), 0.0137988 secs] [Times: user=0.19 sys=0.00, real=0.02 secs] 
2016-09-24T02:58:47.958-0400: 43.089: [GC (GCLocker Initiated GC) [PSYoungGen: 163429K->41613K(175104K)] 423764K->321539K(699392K), 0.0066959 secs] [Times: user=0.09 sys=0.00, real=0.01 secs] 
2016-09-24T02:58:48.012-0400: 43.144: [GC (GCLocker Initiated GC) [PSYoungGen: 129677K->47022K(175104K)] 410971K->345182K(699392K), 0.0102442 secs] [Times: user=0.14 sys=0.00, real=0.02 secs] 
2016-09-24T02:58:48.061-0400: 43.193: [GC (GCLocker Initiated GC) [PSYoungGen: 135086K->42790K(175104K)] 436055K->355217K(699392K), 0.0055183 secs] [Times: user=0.06 sys=0.00, real=0.01 secs] 
2016-09-24T02:58:48.115-0400: 43.246: [GC (GCLocker Initiated GC) [PSYoungGen: 130854K->55083K(175104K)] 446156K->373609K(699392K), 0.0064658 secs] [Times: user=0.07 sys=0.01, real=0.00 secs] 
2016-09-24T02:58:48.175-0400: 43.307: [GC (GCLocker Initiated GC) [PSYoungGen: 143147K->59190K(175104K)] 471165K->404064K(699392K), 0.0071532 secs] [Times: user=0.10 sys=0.00, real=0.01 secs] 
2016-09-24T02:58:48.237-0400: 43.369: [GC (GCLocker Initiated GC) [PSYoungGen: 147254K->38902K(175104K)] 500356K->403447K(699392K), 0.0055310 secs] [Times: user=0.08 sys=0.00, real=0.01 secs] 
2016-09-24T02:58:48.300-0400: 43.432: [GC (GCLocker Initiated GC) [PSYoungGen: 126966K->53708K(173056K)] 499744K->427171K(697344K), 0.0088376 secs] [Times: user=0.07 sys=0.00, real=0.01 secs] 
2016-09-24T02:58:48.358-0400: 43.490: [GC (GCLocker Initiated GC) [PSYoungGen: 141772K->55001K(174080K)] 520744K->444110K(698368K), 0.0097917 secs] [Times: user=0.15 sys=0.00, real=0.01 secs] 
2016-09-24T02:58:48.419-0400: 43.551: [GC (GCLocker Initiated GC) [PSYoungGen: 143065K->57981K(173568K)] 537820K->458689K(697856K), 0.0060536 secs] [Times: user=0.07 sys=0.00, real=0.01 secs] 
2016-09-24T02:58:48.473-0400: 43.605: [GC (GCLocker Initiated GC) [PSYoungGen: 150653K->78131K(174080K)] 551561K->481269K(698368K), 0.0069298 secs] [Times: user=0.11 sys=0.00, real=0.01 secs] 
2016-09-24T02:58:48.526-0400: 43.657: [GC (GCLocker Initiated GC) [PSYoungGen: 170803K->74292K(175104K)] 582131K->499845K(699392K), 0.0063262 secs] [Times: user=0.08 sys=0.00, real=0.00 secs] 
2016-09-24T02:58:48.594-0400: 43.726: [GC (GCLocker Initiated GC) [PSYoungGen: 162356K->32063K(175104K)] 593508K->466648K(699392K), 0.0057076 secs] [Times: user=0.05 sys=0.00, real=0.00 secs] 
2016-09-24T02:58:48.647-0400: 43.779: [GC (GCLocker Initiated GC) [PSYoungGen: 120127K->48314K(175104K)] 560241K->505369K(699392K), 0.0088497 secs] [Times: user=0.10 sys=0.00, real=0.01 secs] 
2016-09-24T02:58:48.696-0400: 43.828: [GC (GCLocker Initiated GC) [PSYoungGen: 136378K->71344K(175104K)] 593473K->542659K(699392K), 0.0073200 secs] [Times: user=0.09 sys=0.00, real=0.01 secs] 
2016-09-24T02:58:48.754-0400: 43.885: [GC (GCLocker Initiated GC) [PSYoungGen: 159408K->66001K(175104K)] 630813K->561056K(699392K), 0.0098974 secs] [Times: user=0.09 sys=0.00, real=0.02 secs] 
2016-09-24T02:58:48.764-0400: 43.895: [Full GC (Ergonomics) [PSYoungGen: 66001K->0K(175104K)] [ParOldGen: 495055K->238272K(524288K)] 561056K->238272K(699392K), [Metaspace: 43727K->43727K(1087488K)], 0.0465745 secs] [Times: user=0.42 sys=0.00, real=0.04 secs] 
2016-09-24T02:58:48.853-0400: 43.985: [GC (GCLocker Initiated GC) [PSYoungGen: 88064K->74845K(175104K)] 326385K->313166K(699392K), 0.0068598 secs] [Times: user=0.10 sys=0.00, real=0.01 secs] 
2016-09-24T02:58:48.907-0400: 44.039: [GC (GCLocker Initiated GC) [PSYoungGen: 162909K->63388K(175104K)] 402914K->310242K(699392K), 0.0100852 secs] [Times: user=0.17 sys=0.00, real=0.01 secs] 
2016-09-24T02:58:48.963-0400: 44.094: [GC (GCLocker Initiated GC) [PSYoungGen: 151452K->72713K(175104K)] 398432K->331325K(699392K), 0.0063674 secs] [Times: user=0.08 sys=0.00, real=0.00 secs] 
2016-09-24T02:58:49.017-0400: 44.149: [GC (GCLocker Initiated GC) [PSYoungGen: 160777K->67541K(175104K)] 422238K->335181K(699392K), 0.0096275 secs] [Times: user=0.14 sys=0.00, real=0.01 secs] 
2016-09-24T02:58:49.077-0400: 44.209: [GC (GCLocker Initiated GC) [PSYoungGen: 155605K->59411K(175104K)] 435473K->345518K(699392K), 0.0068453 secs] [Times: user=0.09 sys=0.00, real=0.01 secs] 
2016-09-24T02:58:49.134-0400: 44.266: [GC (GCLocker Initiated GC) [PSYoungGen: 147475K->67577K(175104K)] 439081K->360120K(699392K), 0.0057277 secs] [Times: user=0.08 sys=0.00, real=0.00 secs] 
2016-09-24T02:58:49.186-0400: 44.317: [GC (GCLocker Initiated GC) [PSYoungGen: 155641K->64788K(175104K)] 451015K->361069K(699392K), 0.0064532 secs] [Times: user=0.08 sys=0.00, real=0.00 secs] 
2016-09-24T02:58:49.245-0400: 44.376: [GC (GCLocker Initiated GC) [PSYoungGen: 152852K->67541K(175104K)] 449172K->374218K(699392K), 0.0065090 secs] [Times: user=0.09 sys=0.01, real=0.00 secs] 
2016-09-24T02:58:49.303-0400: 44.435: [GC (GCLocker Initiated GC) [PSYoungGen: 155605K->54271K(142336K)] 463660K->384830K(666624K), 0.0065698 secs] [Times: user=0.07 sys=0.00, real=0.00 secs] 
2016-09-24T02:58:49.364-0400: 44.496: [GC (GCLocker Initiated GC) [PSYoungGen: 142335K->66227K(175104K)] 472941K->397974K(699392K), 0.0054927 secs] [Times: user=0.08 sys=0.00, real=0.00 secs] 
2016-09-24T02:58:49.418-0400: 44.550: [GC (GCLocker Initiated GC) [PSYoungGen: 155315K->66299K(174080K)] 487155K->403112K(698368K), 0.0096639 secs] [Times: user=0.13 sys=0.01, real=0.01 secs] 
2016-09-24T02:58:49.476-0400: 44.608: [GC (GCLocker Initiated GC) [PSYoungGen: 155387K->41932K(174080K)] 501841K->402797K(698368K), 0.0053519 secs] [Times: user=0.07 sys=0.00, real=0.00 secs] 
2016-09-24T02:58:49.529-0400: 44.661: [GC (GCLocker Initiated GC) [PSYoungGen: 131532K->74333K(164352K)] 496527K->440352K(688640K), 0.0072014 secs] [Times: user=0.10 sys=0.01, real=0.01 secs] 
2016-09-24T02:58:49.594-0400: 44.726: [GC (GCLocker Initiated GC) [PSYoungGen: 163933K->58262K(175616K)] 540872K->465846K(699904K), 0.0073743 secs] [Times: user=0.09 sys=0.01, real=0.01 secs] 
2016-09-24T02:58:49.653-0400: 44.785: [GC (GCLocker Initiated GC) [PSYoungGen: 146838K->51352K(140288K)] 555830K->472162K(664576K), 0.0081706 secs] [Times: user=0.07 sys=0.01, real=0.01 secs] 
2016-09-24T02:58:49.719-0400: 44.851: [GC (GCLocker Initiated GC) [PSYoungGen: 139928K->39267K(173568K)] 566965K->472742K(697856K), 0.0059829 secs] [Times: user=0.05 sys=0.00, real=0.01 secs] 
2016-09-24T02:58:49.775-0400: 44.907: [GC (GCLocker Initiated GC) [PSYoungGen: 126819K->48711K(174592K)] 563184K->507671K(698880K), 0.0060348 secs] [Times: user=0.07 sys=0.00, real=0.00 secs] 
2016-09-24T02:58:49.834-0400: 44.966: [GC (GCLocker Initiated GC) [PSYoungGen: 136263K->67547K(174592K)] 599338K->531659K(698880K), 0.0080656 secs] [Times: user=0.11 sys=0.00, real=0.01 secs] 
2016-09-24T02:58:49.896-0400: 45.028: [GC (GCLocker Initiated GC) [PSYoungGen: 156123K->66167K(175104K)] 620267K->533936K(699392K), 0.0066887 secs] [Times: user=0.09 sys=0.00, real=0.01 secs] 
2016-09-24T02:58:49.943-0400: 45.075: [GC (GCLocker Initiated GC) [PSYoungGen: 154743K->75653K(174592K)] 622608K->551187K(698880K), 0.0095043 secs] [Times: user=0.14 sys=0.00, real=0.00 secs] 
2016-09-24T02:58:50.003-0400: 45.135: [GC (GCLocker Initiated GC) [PSYoungGen: 163717K->69087K(175104K)] 642032K->564557K(699392K), 0.0067538 secs] [Times: user=0.09 sys=0.00, real=0.00 secs] 
2016-09-24T02:58:50.010-0400: 45.141: [Full GC (Ergonomics) [PSYoungGen: 69087K->0K(175104K)] [ParOldGen: 495469K->208017K(524288K)] 564557K->208017K(699392K), [Metaspace: 43735K->43735K(1087488K)], 0.0537094 secs] [Times: user=0.47 sys=0.00, real=0.06 secs] 
2016-09-24T02:58:50.109-0400: 45.241: [GC (GCLocker Initiated GC) [PSYoungGen: 88064K->80428K(175104K)] 296247K->288612K(699392K), 0.0061705 secs] [Times: user=0.08 sys=0.01, real=0.01 secs] 
2016-09-24T02:58:50.170-0400: 45.302: [GC (GCLocker Initiated GC) [PSYoungGen: 168491K->67607K(175104K)] 386354K->287094K(699392K), 0.0063371 secs] [Times: user=0.09 sys=0.00, real=0.01 secs] 
2016-09-24T02:58:50.231-0400: 45.363: [GC (GCLocker Initiated GC) [PSYoungGen: 155671K->63548K(175104K)] 386147K->294994K(699392K), 0.0061349 secs] [Times: user=0.07 sys=0.01, real=0.01 secs] 
2016-09-24T02:58:50.292-0400: 45.423: [GC (GCLocker Initiated GC) [PSYoungGen: 151612K->63486K(175104K)] 388470K->303939K(699392K), 0.0073893 secs] [Times: user=0.05 sys=0.00, real=0.01 secs] 
2016-09-24T02:58:50.358-0400: 45.490: [GC (GCLocker Initiated GC) [PSYoungGen: 151550K->44442K(175104K)] 403210K->309174K(699392K), 0.0080812 secs] [Times: user=0.08 sys=0.02, real=0.01 secs] 
2016-09-24T02:58:50.430-0400: 45.562: [GC (GCLocker Initiated GC) [PSYoungGen: 132506K->36318K(175104K)] 416235K->323541K(699392K), 0.0054972 secs] [Times: user=0.05 sys=0.00, real=0.01 secs] 
2016-09-24T02:58:50.494-0400: 45.626: [GC (GCLocker Initiated GC) [PSYoungGen: 124382K->63412K(175104K)] 411748K->361182K(699392K), 0.0064844 secs] [Times: user=0.09 sys=0.00, real=0.01 secs] 
2016-09-24T02:58:50.544-0400: 45.676: [GC (GCLocker Initiated GC) [PSYoungGen: 151476K->66120K(175104K)] 449413K->378381K(699392K), 0.0110075 secs] [Times: user=0.13 sys=0.00, real=0.01 secs] 
2016-09-24T02:58:50.599-0400: 45.731: [GC (GCLocker Initiated GC) [PSYoungGen: 154184K->66217K(175104K)] 469202K->394176K(699392K), 0.0060160 secs] [Times: user=0.08 sys=0.00, real=0.01 secs] 
2016-09-24T02:58:50.654-0400: 45.785: [GC (GCLocker Initiated GC) [PSYoungGen: 154281K->71346K(175104K)] 482308K->405661K(699392K), 0.0068421 secs] [Times: user=0.07 sys=0.01, real=0.01 secs] 
2016-09-24T02:58:50.717-0400: 45.849: [GC (GCLocker Initiated GC) [PSYoungGen: 159410K->49894K(175104K)] 503317K->416171K(699392K), 0.0191262 secs] [Times: user=0.29 sys=0.00, real=0.02 secs] 
2016-09-24T02:58:50.790-0400: 45.922: [GC (GCLocker Initiated GC) [PSYoungGen: 137958K->45749K(175104K)] 516420K->435889K(699392K), 0.0060106 secs] [Times: user=0.08 sys=0.00, real=0.01 secs] 
2016-09-24T02:58:50.845-0400: 45.977: [GC (GCLocker Initiated GC) [PSYoungGen: 133813K->60674K(172032K)] 527291K->457618K(696320K), 0.0060274 secs] [Times: user=0.08 sys=0.00, real=0.00 secs] 
2016-09-24T02:58:50.897-0400: 46.029: [GC (GCLocker Initiated GC) [PSYoungGen: 148738K->68649K(173568K)] 553906K->489477K(697856K), 0.0067755 secs] [Times: user=0.09 sys=0.01, real=0.01 secs] 
2016-09-24T02:58:50.955-0400: 46.087: [GC (GCLocker Initiated GC) [PSYoungGen: 156713K->62058K(173568K)] 580279K->502525K(697856K), 0.0065407 secs] [Times: user=0.09 sys=0.01, real=0.01 secs] 
2016-09-24T02:58:51.012-0400: 46.144: [GC (GCLocker Initiated GC) [PSYoungGen: 152170K->79441K(174592K)] 592825K->520939K(698880K), 0.0070563 secs] [Times: user=0.10 sys=0.00, real=0.01 secs] 
2016-09-24T02:58:51.075-0400: 46.207: [GC (GCLocker Initiated GC) [PSYoungGen: 169553K->48327K(175104K)] 624582K->503921K(699392K), 0.0075287 secs] [Times: user=0.07 sys=0.00, real=0.01 secs] 
2016-09-24T02:58:51.134-0400: 46.266: [GC (GCLocker Initiated GC) [PSYoungGen: 136391K->57688K(145920K)] 592051K->516805K(670208K), 0.0075067 secs] [Times: user=0.08 sys=0.01, real=0.00 secs] 
2016-09-24T02:58:51.191-0400: 46.323: [GC (GCLocker Initiated GC) [PSYoungGen: 145752K->38978K(174080K)] 612674K->519947K(698368K), 0.0084721 secs] [Times: user=0.13 sys=0.00, real=0.01 secs] 
2016-09-24T02:58:51.247-0400: 46.379: [GC (GCLocker Initiated GC) [PSYoungGen: 126530K->58941K(146944K)] 615631K->548756K(671232K), 0.0056708 secs] [Times: user=0.08 sys=0.00, real=0.00 secs] 
2016-09-24T02:58:51.302-0400: 46.434: [GC (GCLocker Initiated GC) [PSYoungGen: 146493K->51132K(175104K)] 641713K->546835K(699392K), 0.0054589 secs] [Times: user=0.07 sys=0.00, real=0.01 secs] 
2016-09-24T02:58:51.353-0400: 46.485: [Full GC (Ergonomics) [PSYoungGen: 141244K->0K(175104K)] [ParOldGen: 498659K->225839K(524288K)] 639903K->225839K(699392K), [Metaspace: 43735K->43735K(1087488K)], 0.0533256 secs] [Times: user=0.39 sys=0.02, real=0.06 secs] 
2016-09-24T02:58:51.459-0400: 46.591: [GC (GCLocker Initiated GC) [PSYoungGen: 90112K->73215K(173568K)] 320136K->303240K(697856K), 0.0064637 secs] [Times: user=0.09 sys=0.01, real=0.01 secs] 
2016-09-24T02:58:51.527-0400: 46.659: [GC (GCLocker Initiated GC) [PSYoungGen: 163327K->30825K(175104K)] 404764K->304488K(699392K), 0.0053799 secs] [Times: user=0.06 sys=0.00, real=0.00 secs] 
2016-09-24T02:58:51.579-0400: 46.711: [GC (GCLocker Initiated GC) [PSYoungGen: 118889K->41338K(175104K)] 392628K->317096K(699392K), 0.0054318 secs] [Times: user=0.05 sys=0.00, real=0.01 secs] 
2016-09-24T02:58:51.631-0400: 46.763: [GC (GCLocker Initiated GC) [PSYoungGen: 129402K->47074K(174080K)] 407928K->326190K(698368K), 0.0137256 secs] [Times: user=0.17 sys=0.00, real=0.02 secs] 
2016-09-24T02:58:51.695-0400: 46.827: [GC (GCLocker Initiated GC) [PSYoungGen: 135138K->52609K(140800K)] 421189K->339346K(665088K), 0.0116076 secs] [Times: user=0.17 sys=0.00, real=0.01 secs] 
2016-09-24T02:58:51.757-0400: 46.889: [GC (GCLocker Initiated GC) [PSYoungGen: 140673K->56509K(175104K)] 427455K->344027K(699392K), 0.0056397 secs] [Times: user=0.07 sys=0.00, real=0.01 secs] 
2016-09-24T02:58:51.817-0400: 46.949: [GC (GCLocker Initiated GC) [PSYoungGen: 148157K->52557K(173056K)] 443828K->348914K(697344K), 0.0062904 secs] [Times: user=0.08 sys=0.00, real=0.01 secs] 
2016-09-24T02:58:51.873-0400: 47.005: [GC (GCLocker Initiated GC) [PSYoungGen: 144205K->69946K(172544K)] 446060K->375218K(696832K), 0.0064877 secs] [Times: user=0.06 sys=0.00, real=0.01 secs] 
2016-09-24T02:58:51.935-0400: 47.067: [GC (GCLocker Initiated GC) [PSYoungGen: 163642K->51161K(176128K)] 477146K->370745K(700416K), 0.0249740 secs] [Times: user=0.39 sys=0.00, real=0.02 secs] 
2016-09-24T02:58:52.012-0400: 47.144: [GC (GCLocker Initiated GC) [PSYoungGen: 144857K->79627K(168448K)] 464522K->400111K(692736K), 0.0073362 secs] [Times: user=0.09 sys=0.01, real=0.01 secs] 
2016-09-24T02:58:52.072-0400: 47.204: [GC (GCLocker Initiated GC) [PSYoungGen: 167691K->59280K(175104K)] 493605K->404835K(699392K), 0.0062101 secs] [Times: user=0.09 sys=0.00, real=0.01 secs] 
2016-09-24T02:58:52.136-0400: 47.268: [GC (GCLocker Initiated GC) [PSYoungGen: 147344K->59139K(167936K)] 495807K->409622K(692224K), 0.0063392 secs] [Times: user=0.06 sys=0.00, real=0.01 secs] 
2016-09-24T02:58:52.196-0400: 47.328: [GC (GCLocker Initiated GC) [PSYoungGen: 149251K->64635K(172544K)] 502472K->428114K(696832K), 0.0072572 secs] [Times: user=0.08 sys=0.00, real=0.01 secs] 
2016-09-24T02:58:52.250-0400: 47.382: [GC (GCLocker Initiated GC) [PSYoungGen: 154747K->51168K(177664K)] 521020K->422188K(701952K), 0.0094661 secs] [Times: user=0.09 sys=0.01, real=0.01 secs] 
2016-09-24T02:58:52.314-0400: 47.446: [GC (GCLocker Initiated GC) [PSYoungGen: 148448K->51196K(178688K)] 522215K->450138K(702976K), 0.0083970 secs] [Times: user=0.10 sys=0.01, real=0.02 secs] 
2016-09-24T02:58:52.371-0400: 47.503: [GC (GCLocker Initiated GC) [PSYoungGen: 148476K->74181K(173568K)] 547541K->476792K(697856K), 0.0079308 secs] [Times: user=0.07 sys=0.00, real=0.01 secs] 
2016-09-24T02:58:52.433-0400: 47.565: [GC (GCLocker Initiated GC) [PSYoungGen: 167365K->60649K(177664K)] 572916K->467025K(701952K), 0.0097218 secs] [Times: user=0.14 sys=0.00, real=0.02 secs] 
2016-09-24T02:58:52.492-0400: 47.624: [GC (GCLocker Initiated GC) [PSYoungGen: 153833K->72916K(174592K)] 560370K->480247K(698880K), 0.0073115 secs] [Times: user=0.08 sys=0.00, real=0.01 secs] 
2016-09-24T02:58:52.552-0400: 47.684: [GC (GCLocker Initiated GC) [PSYoungGen: 165076K->58047K(177152K)] 575154K->495888K(701440K), 0.0078929 secs] [Times: user=0.11 sys=0.00, real=0.01 secs] 
2016-09-24T02:58:52.607-0400: 47.739: [GC (GCLocker Initiated GC) [PSYoungGen: 150207K->54094K(174592K)] 596259K->501005K(698880K), 0.0104989 secs] [Times: user=0.13 sys=0.00, real=0.01 secs] 
2016-09-24T02:58:52.664-0400: 47.796: [GC (GCLocker Initiated GC) [PSYoungGen: 148302K->71548K(176128K)] 595242K->530196K(700416K), 0.0066139 secs] [Times: user=0.10 sys=0.00, real=0.00 secs] 
2016-09-24T02:58:52.731-0400: 47.863: [GC (GCLocker Initiated GC) [PSYoungGen: 165756K->70244K(175104K)] 631324K->544748K(699392K), 0.0066841 secs] [Times: user=0.10 sys=0.00, real=0.01 secs] 
2016-09-24T02:58:52.788-0400: 47.920: [GC (GCLocker Initiated GC) [PSYoungGen: 161380K->63367K(154624K)] 638622K->541483K(678912K), 0.0065290 secs] [Times: user=0.07 sys=0.00, real=0.01 secs] 
2016-09-24T02:58:52.847-0400: 47.979: [GC (GCLocker Initiated GC) [PSYoungGen: 154503K->68927K(175616K)] 638115K->553430K(699904K), 0.0143318 secs] [Times: user=0.14 sys=0.00, real=0.01 secs] 
2016-09-24T02:58:52.918-0400: 48.050: [GC (GCLocker Initiated GC) [PSYoungGen: 161087K->72978K(176128K)] 652499K->567988K(700416K), 0.0087306 secs] [Times: user=0.09 sys=0.01, real=0.01 secs] 
2016-09-24T02:58:52.981-0400: 48.113: [GC (GCLocker Initiated GC) [PSYoungGen: 165138K->48453K(176128K)] 662985K->556654K(700416K), 0.0061567 secs] [Times: user=0.05 sys=0.00, real=0.01 secs] 
2016-09-24T02:58:52.987-0400: 48.119: [Full GC (Ergonomics) [PSYoungGen: 48453K->0K(176128K)] [ParOldGen: 508200K->246861K(524288K)] 556654K->246861K(700416K), [Metaspace: 43740K->43740K(1087488K)], 0.0520804 secs] [Times: user=0.34 sys=0.01, real=0.05 secs] 
2016-09-24T02:58:53.098-0400: 48.230: [GC (GCLocker Initiated GC) [PSYoungGen: 90112K->57290K(147456K)] 337353K->304532K(671744K), 0.0099275 secs] [Times: user=0.11 sys=0.00, real=0.01 secs] 
2016-09-24T02:58:53.168-0400: 48.300: [GC (GCLocker Initiated GC) [PSYoungGen: 147402K->59427K(176128K)] 401486K->314855K(700416K), 0.0134799 secs] [Times: user=0.17 sys=0.00, real=0.01 secs] 
2016-09-24T02:58:53.233-0400: 48.365: [GC (GCLocker Initiated GC) [PSYoungGen: 151075K->63368K(174592K)] 409320K->335994K(698880K), 0.0064858 secs] [Times: user=0.08 sys=0.01, real=0.01 secs] 
2016-09-24T02:58:53.293-0400: 48.425: [GC (GCLocker Initiated GC) [PSYoungGen: 155016K->37815K(174080K)] 434726K->353477K(698368K), 0.0112803 secs] [Times: user=0.15 sys=0.00, real=0.02 secs] 
2016-09-24T02:58:53.362-0400: 48.494: [GC (GCLocker Initiated GC) [PSYoungGen: 130487K->45883K(176128K)] 456005K->385801K(700416K), 0.0074510 secs] [Times: user=0.09 sys=0.01, real=0.01 secs] 
2016-09-24T02:58:53.419-0400: 48.551: [GC (GCLocker Initiated GC) [PSYoungGen: 138555K->47181K(176640K)] 478501K->388100K(700928K), 0.0152203 secs] [Times: user=0.17 sys=0.01, real=0.02 secs] 
2016-09-24T02:58:53.496-0400: 48.628: [GC (GCLocker Initiated GC) [PSYoungGen: 142413K->38940K(177664K)] 489177K->391881K(701952K), 0.0129722 secs] [Times: user=0.15 sys=0.00, real=0.01 secs] 
2016-09-24T02:58:53.562-0400: 48.694: [GC (GCLocker Initiated GC) [PSYoungGen: 134172K->33963K(177152K)] 502089K->402756K(701440K), 0.0053955 secs] [Times: user=0.07 sys=0.00, real=0.00 secs] 
2016-09-24T02:58:53.621-0400: 48.753: [GC (GCLocker Initiated GC) [PSYoungGen: 128171K->60748K(178176K)] 503754K->437307K(702464K), 0.0057169 secs] [Times: user=0.06 sys=0.01, real=0.01 secs] 
2016-09-24T02:58:53.677-0400: 48.809: [GC (GCLocker Initiated GC) [PSYoungGen: 154956K->59371K(176128K)] 531670K->439644K(700416K), 0.0068322 secs] [Times: user=0.05 sys=0.01, real=0.01 secs] 
2016-09-24T02:58:53.742-0400: 48.874: [GC (GCLocker Initiated GC) [PSYoungGen: 153579K->71565K(165888K)] 542139K->471842K(690176K), 0.0076162 secs] [Times: user=0.09 sys=0.01, real=0.01 secs] 
2016-09-24T02:58:53.812-0400: 48.944: [GC (GCLocker Initiated GC) [PSYoungGen: 165773K->55346K(178688K)] 569159K->486617K(702976K), 0.0066047 secs] [Times: user=0.09 sys=0.01, real=0.01 secs] 
2016-09-24T02:58:53.866-0400: 48.998: [GC (GCLocker Initiated GC) [PSYoungGen: 147506K->51169K(143360K)] 581702K->499738K(667648K), 0.0098439 secs] [Times: user=0.11 sys=0.00, real=0.01 secs] 
2016-09-24T02:58:57.505-0400: 52.637: [GC (GCLocker Initiated GC) [PSYoungGen: 143329K->80889K(167936K)] 592024K->530298K(692224K), 0.0082669 secs] [Times: user=0.10 sys=0.01, real=0.00 secs] 
2016-09-24T02:58:57.567-0400: 52.699: [GC (GCLocker Initiated GC) [PSYoungGen: 167417K->85114K(173568K)] 619690K->554370K(697856K), 0.0098286 secs] [Times: user=0.14 sys=0.00, real=0.01 secs] 
2016-09-24T02:58:57.635-0400: 52.766: [GC (GCLocker Initiated GC) [PSYoungGen: 171642K->56537K(175104K)] 643732K->547046K(699392K), 0.0071379 secs] [Times: user=0.08 sys=0.01, real=0.00 secs] 
2016-09-24T02:58:57.693-0400: 52.825: [Full GC (Ergonomics) [PSYoungGen: 144601K->0K(175104K)] [ParOldGen: 498858K->243989K(524288K)] 643459K->243989K(699392K), [Metaspace: 43751K->43751K(1087488K)], 0.2032145 secs] [Times: user=2.52 sys=0.02, real=0.21 secs] 
2016-09-24T02:58:57.957-0400: 53.089: [GC (GCLocker Initiated GC) [PSYoungGen: 88064K->69281K(175104K)] 332276K->313493K(699392K), 0.0065091 secs] [Times: user=0.08 sys=0.00, real=0.01 secs] 
2016-09-24T02:58:58.019-0400: 53.151: [GC (GCLocker Initiated GC) [PSYoungGen: 157345K->78350K(175104K)] 404328K->329342K(699392K), 0.0069448 secs] [Times: user=0.10 sys=0.00, real=0.01 secs] 
2016-09-24T02:58:58.081-0400: 53.213: [GC (GCLocker Initiated GC) [PSYoungGen: 166414K->62004K(175104K)] 420325K->334361K(699392K), 0.0073057 secs] [Times: user=0.10 sys=0.00, real=0.01 secs] 
2016-09-24T02:58:58.142-0400: 53.274: [GC (GCLocker Initiated GC) [PSYoungGen: 150068K->40424K(175104K)] 428066K->325946K(699392K), 0.0068047 secs] [Times: user=0.05 sys=0.01, real=0.00 secs] 
2016-09-24T02:58:58.203-0400: 53.335: [GC (GCLocker Initiated GC) [PSYoungGen: 128488K->68726K(175104K)] 422176K->363256K(699392K), 0.0084145 secs] [Times: user=0.11 sys=0.00, real=0.00 secs] 
2016-09-24T02:58:58.273-0400: 53.405: [GC (GCLocker Initiated GC) [PSYoungGen: 156790K->51343K(175104K)] 458149K->369695K(699392K), 0.0189954 secs] [Times: user=0.28 sys=0.01, real=0.02 secs] 
2016-09-24T02:58:58.349-0400: 53.480: [GC (GCLocker Initiated GC) [PSYoungGen: 139407K->42983K(175104K)] 470012K->393344K(699392K), 0.0112942 secs] [Times: user=0.09 sys=0.00, real=0.01 secs] 
2016-09-24T02:58:58.416-0400: 53.548: [GC (GCLocker Initiated GC) [PSYoungGen: 131047K->65992K(175104K)] 483018K->429608K(699392K), 0.0067691 secs] [Times: user=0.09 sys=0.00, real=0.01 secs] 
2016-09-24T02:58:58.482-0400: 53.614: [GC (GCLocker Initiated GC) [PSYoungGen: 154056K->39392K(175104K)] 525820K->414608K(699392K), 0.0058892 secs] [Times: user=0.07 sys=0.01, real=0.01 secs] 
2016-09-24T02:58:58.545-0400: 53.677: [GC (GCLocker Initiated GC) [PSYoungGen: 127456K->53725K(175104K)] 504040K->437950K(699392K), 0.0074495 secs] [Times: user=0.09 sys=0.00, real=0.00 secs] 
2016-09-24T02:58:58.605-0400: 53.737: [GC (GCLocker Initiated GC) [PSYoungGen: 141789K->70186K(175104K)] 526081K->460569K(699392K), 0.0068991 secs] [Times: user=0.09 sys=0.00, real=0.00 secs] 
2016-09-24T02:58:58.666-0400: 53.798: [GC (GCLocker Initiated GC) [PSYoungGen: 158250K->49911K(175104K)] 550028K->469513K(699392K), 0.0065334 secs] [Times: user=0.10 sys=0.00, real=0.00 secs] 
2016-09-24T02:58:58.718-0400: 53.850: [GC (GCLocker Initiated GC) [PSYoungGen: 137975K->60612K(148992K)] 557826K->511026K(673280K), 0.0073461 secs] [Times: user=0.11 sys=0.00, real=0.01 secs] 
2016-09-24T02:58:58.784-0400: 53.916: [GC (GCLocker Initiated GC) [PSYoungGen: 148676K->60750K(176128K)] 601929K->514687K(700416K), 0.0068265 secs] [Times: user=0.06 sys=0.00, real=0.00 secs] 
2016-09-24T02:58:58.849-0400: 53.981: [GC (GCLocker Initiated GC) [PSYoungGen: 150350K->63412K(174592K)] 607008K->537087K(698880K), 0.0072746 secs] [Times: user=0.09 sys=0.00, real=0.01 secs] 
2016-09-24T02:58:58.910-0400: 54.042: [GC (GCLocker Initiated GC) [PSYoungGen: 153012K->60783K(175104K)] 629549K->538111K(699392K), 0.0088845 secs] [Times: user=0.06 sys=0.01, real=0.01 secs] 
2016-09-24T02:58:58.977-0400: 54.109: [GC (GCLocker Initiated GC) [PSYoungGen: 153455K->48430K(175104K)] 631036K->528154K(699392K), 0.0106964 secs] [Times: user=0.09 sys=0.00, real=0.01 secs] 
2016-09-24T02:58:59.038-0400: 54.170: [GC (GCLocker Initiated GC) [PSYoungGen: 141102K->70164K(176128K)] 620894K->553484K(700416K), 0.0069386 secs] [Times: user=0.09 sys=0.00, real=0.01 secs] 
2016-09-24T02:58:59.098-0400: 54.230: [GC (GCLocker Initiated GC) [PSYoungGen: 164372K->68815K(163328K)] 647860K->566645K(687616K), 0.0072739 secs] [Times: user=0.10 sys=0.00, real=0.01 secs] 
2016-09-24T02:58:59.106-0400: 54.238: [Full GC (Ergonomics) [PSYoungGen: 68815K->0K(163328K)] [ParOldGen: 497830K->257513K(524288K)] 566645K->257513K(687616K), [Metaspace: 43754K->43754K(1087488K)], 0.0833232 secs] [Times: user=0.72 sys=0.02, real=0.08 secs] 
2016-09-24T02:58:59.255-0400: 54.387: [GC (GCLocker Initiated GC) [PSYoungGen: 94208K->58826K(179200K)] 356020K->320638K(703488K), 0.0061038 secs] [Times: user=0.07 sys=0.00, real=0.00 secs] 
2016-09-24T02:58:59.328-0400: 54.460: [GC (GCLocker Initiated GC) [PSYoungGen: 152522K->53799K(147968K)] 417127K->322681K(672256K), 0.0074687 secs] [Times: user=0.06 sys=0.00, real=0.01 secs] 
2016-09-24T02:58:59.387-0400: 54.518: [GC (GCLocker Initiated GC) [PSYoungGen: 147495K->76883K(171520K)] 416596K->362950K(695808K), 0.0070657 secs] [Times: user=0.09 sys=0.01, real=0.00 secs] 
2016-09-24T02:58:59.444-0400: 54.576: [GC (GCLocker Initiated GC) [PSYoungGen: 166483K->70096K(159744K)] 452798K->359866K(684032K), 0.0091935 secs] [Times: user=0.12 sys=0.00, real=0.00 secs] 
2016-09-24T02:59:01.260-0400: 56.392: [GC (GCLocker Initiated GC) [PSYoungGen: 159696K->53799K(176128K)] 449621K->359336K(700416K), 0.0089381 secs] [Times: user=0.08 sys=0.00, real=0.01 secs] 
2016-09-24T02:59:01.328-0400: 56.460: [GC (GCLocker Initiated GC) [PSYoungGen: 142887K->66147K(155648K)] 448564K->391521K(679936K), 0.0082579 secs] [Times: user=0.09 sys=0.00, real=0.01 secs] 
2016-09-24T02:59:01.395-0400: 56.527: [GC (GCLocker Initiated GC) [PSYoungGen: 155235K->57887K(175616K)] 483428K->403147K(699904K), 0.0087762 secs] [Times: user=0.08 sys=0.00, real=0.01 secs] 
2016-09-24T02:59:01.459-0400: 56.590: [GC (GCLocker Initiated GC) [PSYoungGen: 148511K->64765K(174080K)] 499342K->416422K(698368K), 0.0068069 secs] [Times: user=0.10 sys=0.00, real=0.01 secs] 
2016-09-24T02:59:01.532-0400: 56.664: [GC (GCLocker Initiated GC) [PSYoungGen: 155389K->76915K(172544K)] 508646K->439107K(696832K), 0.0081855 secs] [Times: user=0.12 sys=0.00, real=0.01 secs] 
2016-09-24T02:59:01.606-0400: 56.738: [GC (GCLocker Initiated GC) [PSYoungGen: 167027K->53997K(176128K)] 534670K->433251K(700416K), 0.0099563 secs] [Times: user=0.13 sys=0.00, real=0.01 secs] 
2016-09-24T02:59:01.673-0400: 56.805: [GC (GCLocker Initiated GC) [PSYoungGen: 144109K->58041K(172544K)] 526238K->446465K(696832K), 0.0117541 secs] [Times: user=0.14 sys=0.01, real=0.02 secs] 
2016-09-24T02:59:01.749-0400: 56.881: [GC (GCLocker Initiated GC) [PSYoungGen: 148665K->62193K(174592K)] 540002K->454280K(698880K), 0.0109170 secs] [Times: user=0.10 sys=0.01, real=0.01 secs] 
2016-09-24T02:59:01.815-0400: 56.947: [GC (GCLocker Initiated GC) [PSYoungGen: 152817K->64680K(176128K)] 547669K->460439K(700416K), 0.0085710 secs] [Times: user=0.08 sys=0.01, real=0.01 secs] 
2016-09-24T02:59:01.882-0400: 57.014: [GC (GCLocker Initiated GC) [PSYoungGen: 160936K->49736K(177152K)] 556944K->465474K(701440K), 0.0085256 secs] [Times: user=0.08 sys=0.00, real=0.00 secs] 
2016-09-24T02:59:01.944-0400: 57.076: [GC (GCLocker Initiated GC) [PSYoungGen: 145992K->57880K(178688K)] 564574K->477254K(702976K), 0.0163089 secs] [Times: user=0.18 sys=0.00, real=0.01 secs] 
2016-09-24T02:59:02.031-0400: 57.163: [GC (GCLocker Initiated GC) [PSYoungGen: 157720K->51280K(179712K)] 577187K->485058K(704000K), 0.0085920 secs] [Times: user=0.08 sys=0.00, real=0.01 secs] 
2016-09-24T02:59:02.101-0400: 57.233: [GC (GCLocker Initiated GC) [PSYoungGen: 151120K->66092K(181760K)] 585153K->501035K(706048K), 0.0099982 secs] [Times: user=0.13 sys=0.00, real=0.01 secs] 
2016-09-24T02:59:02.181-0400: 57.313: [GC (GCLocker Initiated GC) [PSYoungGen: 168492K->48533K(182272K)] 604883K->485792K(706560K), 0.0170368 secs] [Times: user=0.17 sys=0.01, real=0.02 secs] 
2016-09-24T02:59:02.265-0400: 57.396: [GC (GCLocker Initiated GC) [PSYoungGen: 150933K->48700K(182272K)] 592331K->520817K(706560K), 0.0118468 secs] [Times: user=0.14 sys=0.00, real=0.01 secs] 
2016-09-24T02:59:02.344-0400: 57.476: [GC (GCLocker Initiated GC) [PSYoungGen: 151100K->45826K(148480K)] 625958K->529738K(672768K), 0.0098513 secs] [Times: user=0.09 sys=0.00, real=0.00 secs] 
2016-09-24T02:59:02.420-0400: 57.552: [GC (GCLocker Initiated GC) [PSYoungGen: 148226K->49871K(182784K)] 635213K->559399K(707072K), 0.0079285 secs] [Times: user=0.09 sys=0.00, real=0.01 secs] 
2016-09-24T02:59:02.428-0400: 57.560: [Full GC (Ergonomics) [PSYoungGen: 49871K->0K(182784K)] [ParOldGen: 509527K->264124K(524288K)] 559399K->264124K(707072K), [Metaspace: 43767K->43767K(1087488K)], 0.0720687 secs] [Times: user=0.56 sys=0.00, real=0.07 secs] 
2016-09-24T02:59:02.562-0400: 57.693: [GC (GCLocker Initiated GC) [PSYoungGen: 103424K->59863K(181760K)] 373054K->329494K(706048K), 0.0092991 secs] [Times: user=0.10 sys=0.00, real=0.01 secs] 
2016-09-24T02:59:02.642-0400: 57.774: [GC (GCLocker Initiated GC) [PSYoungGen: 163287K->55319K(181248K)] 438397K->347885K(705536K), 0.0077796 secs] [Times: user=0.07 sys=0.01, real=0.00 secs] 
2016-09-24T02:59:02.717-0400: 57.849: [GC (GCLocker Initiated GC) [PSYoungGen: 161303K->52482K(181760K)] 456862K->352986K(706048K), 0.0068330 secs] [Times: user=0.07 sys=0.00, real=0.01 secs] 
2016-09-24T02:59:02.791-0400: 57.922: [GC (GCLocker Initiated GC) [PSYoungGen: 158466K->54005K(183808K)] 459246K->367821K(708096K), 0.0061540 secs] [Times: user=0.08 sys=0.01, real=0.01 secs] 
2016-09-24T02:59:02.866-0400: 57.998: [GC (GCLocker Initiated GC) [PSYoungGen: 165621K->41677K(184832K)] 482180K->360406K(709120K), 0.0143785 secs] [Times: user=0.18 sys=0.00, real=0.01 secs] 
2016-09-24T02:59:02.955-0400: 58.087: [GC (GCLocker Initiated GC) [PSYoungGen: 153293K->58339K(188416K)] 474785K->391592K(712704K), 0.0103325 secs] [Times: user=0.15 sys=0.00, real=0.01 secs] 
2016-09-24T02:59:03.041-0400: 58.173: [GC (GCLocker Initiated GC) [PSYoungGen: 173539K->59501K(188416K)] 506844K->412881K(712704K), 0.0104591 secs] [Times: user=0.14 sys=0.00, real=0.01 secs] 
2016-09-24T02:59:03.132-0400: 58.264: [GC (GCLocker Initiated GC) [PSYoungGen: 174701K->51546K(186880K)] 533563K->411363K(711168K), 0.0075457 secs] [Times: user=0.08 sys=0.00, real=0.01 secs] 
2016-09-24T02:59:03.217-0400: 58.349: [GC (GCLocker Initiated GC) [PSYoungGen: 167258K->40823K(187904K)] 540631K->426144K(712192K), 0.0079102 secs] [Times: user=0.09 sys=0.00, real=0.01 secs] 
2016-09-24T02:59:03.293-0400: 58.425: [GC (GCLocker Initiated GC) [PSYoungGen: 156535K->70443K(180224K)] 548727K->471944K(704512K), 0.0089028 secs] [Times: user=0.08 sys=0.02, real=0.02 secs] 
2016-09-24T02:59:03.368-0400: 58.500: [GC (GCLocker Initiated GC) [PSYoungGen: 177963K->70472K(178176K)] 579486K->494676K(702464K), 0.0080943 secs] [Times: user=0.11 sys=0.00, real=0.01 secs] 
2016-09-24T02:59:03.444-0400: 58.576: [GC (GCLocker Initiated GC) [PSYoungGen: 177992K->79741K(168960K)] 602266K->505157K(693248K), 0.0075194 secs] [Times: user=0.10 sys=0.00, real=0.00 secs] 
2016-09-24T02:59:03.506-0400: 58.638: [GC (GCLocker Initiated GC) [PSYoungGen: 167805K->71739K(175104K)] 596038K->525233K(699392K), 0.0079549 secs] [Times: user=0.10 sys=0.01, real=0.01 secs] 
2016-09-24T02:59:03.570-0400: 58.702: [GC (GCLocker Initiated GC) [PSYoungGen: 159803K->62192K(174080K)] 618790K->541098K(698368K), 0.0137519 secs] [Times: user=0.20 sys=0.00, real=0.02 secs] 
2016-09-24T02:59:03.656-0400: 58.788: [GC (GCLocker Initiated GC) [PSYoungGen: 150256K->60821K(148992K)] 630739K->542226K(673280K), 0.0076510 secs] [Times: user=0.09 sys=0.01, real=0.01 secs] 
2016-09-24T02:59:03.721-0400: 58.853: [GC (GCLocker Initiated GC) [PSYoungGen: 148885K->57956K(175104K)] 633300K->543311K(699392K), 0.0067399 secs] [Times: user=0.07 sys=0.00, real=0.01 secs] 
2016-09-24T02:59:03.792-0400: 58.924: [Full GC (Ergonomics) [PSYoungGen: 149092K->0K(175104K)] [ParOldGen: 493498K->289329K(524288K)] 642590K->289329K(699392K), [Metaspace: 43767K->43767K(1087488K)], 0.0779610 secs] [Times: user=0.59 sys=0.04, real=0.08 secs] 
2016-09-24T02:59:03.934-0400: 59.066: [GC (GCLocker Initiated GC) [PSYoungGen: 91136K->46113K(173568K)] 385931K->340909K(697856K), 0.0073900 secs] [Times: user=0.07 sys=0.00, real=0.00 secs] 
2016-09-24T02:59:04.015-0400: 59.147: [GC (GCLocker Initiated GC) [PSYoungGen: 137249K->36473K(176640K)] 441663K->365152K(700928K), 0.0065395 secs] [Times: user=0.07 sys=0.01, real=0.00 secs] 
2016-09-24T02:59:04.094-0400: 59.226: [GC (GCLocker Initiated GC) [PSYoungGen: 130681K->49945K(178176K)] 467887K->388171K(702464K), 0.0068250 secs] [Times: user=0.07 sys=0.00, real=0.00 secs] 
2016-09-24T02:59:04.162-0400: 59.294: [GC (GCLocker Initiated GC) [PSYoungGen: 144153K->33518K(177152K)] 488177K->378463K(701440K), 0.0062394 secs] [Times: user=0.06 sys=0.00, real=0.00 secs] 
2016-09-24T02:59:04.227-0400: 59.359: [GC (GCLocker Initiated GC) [PSYoungGen: 128238K->33817K(178176K)] 483903K->390296K(702464K), 0.0087869 secs] [Times: user=0.08 sys=0.00, real=0.01 secs] 
2016-09-24T02:59:04.303-0400: 59.434: [GC (GCLocker Initiated GC) [PSYoungGen: 128537K->51450K(173056K)] 510725K->445503K(697344K), 0.0075709 secs] [Times: user=0.09 sys=0.01, real=0.00 secs] 
2016-09-24T02:59:04.371-0400: 59.503: [GC (GCLocker Initiated GC) [PSYoungGen: 146170K->79810K(174592K)] 546771K->484147K(698880K), 0.0157774 secs] [Times: user=0.22 sys=0.00, real=0.02 secs] 
2016-09-24T02:59:04.451-0400: 59.583: [GC (GCLocker Initiated GC) [PSYoungGen: 174530K->64927K(175104K)] 593809K->485164K(699392K), 0.0074538 secs] [Times: user=0.10 sys=0.00, real=0.01 secs] 
2016-09-24T02:59:04.514-0400: 59.646: [GC (GCLocker Initiated GC) [PSYoungGen: 152991K->78292K(175104K)] 575996K->506292K(699392K), 0.0074309 secs] [Times: user=0.09 sys=0.00, real=0.00 secs] 
2016-09-24T02:59:04.572-0400: 59.704: [GC (GCLocker Initiated GC) [PSYoungGen: 166356K->47204K(175104K)] 599841K->489571K(699392K), 0.0072814 secs] [Times: user=0.05 sys=0.01, real=0.01 secs] 
2016-09-24T02:59:04.640-0400: 59.772: [GC (GCLocker Initiated GC) [PSYoungGen: 135268K->48617K(175104K)] 580467K->504193K(699392K), 0.0109877 secs] [Times: user=0.12 sys=0.00, real=0.01 secs] 
2016-09-24T02:59:04.710-0400: 59.841: [GC (GCLocker Initiated GC) [PSYoungGen: 136681K->57936K(175104K)] 592325K->517160K(699392K), 0.0073414 secs] [Times: user=0.07 sys=0.00, real=0.01 secs] 
2016-09-24T02:59:04.777-0400: 59.909: [GC (GCLocker Initiated GC) [PSYoungGen: 146000K->57944K(146432K)] 608005K->530147K(670720K), 0.0139915 secs] [Times: user=0.16 sys=0.00, real=0.01 secs] 
2016-09-24T02:59:04.847-0400: 59.979: [GC (GCLocker Initiated GC) [PSYoungGen: 146008K->71436K(171008K)] 627870K->554213K(695296K), 0.0102272 secs] [Times: user=0.13 sys=0.00, real=0.01 secs] 
2016-09-24T02:59:04.913-0400: 60.045: [GC (GCLocker Initiated GC) [PSYoungGen: 157452K->63429K(173056K)] 645656K->555153K(697344K), 0.0076444 secs] [Times: user=0.10 sys=0.00, real=0.01 secs] 
2016-09-24T02:59:04.988-0400: 60.119: [Full GC (Ergonomics) [PSYoungGen: 149445K->0K(173056K)] [ParOldGen: 507993K->307616K(524288K)] 657439K->307616K(697344K), [Metaspace: 43770K->43770K(1087488K)], 0.0597602 secs] [Times: user=0.56 sys=0.01, real=0.06 secs] 
2016-09-24T02:59:05.117-0400: 60.249: [GC (GCLocker Initiated GC) [PSYoungGen: 86016K->62274K(172032K)] 399279K->375538K(696320K), 0.0079121 secs] [Times: user=0.10 sys=0.00, real=0.01 secs] 
2016-09-24T02:59:05.180-0400: 60.312: [GC (GCLocker Initiated GC) [PSYoungGen: 150338K->72751K(173568K)] 467465K->393606K(697856K), 0.0071265 secs] [Times: user=0.09 sys=0.01, real=0.01 secs] 
2016-09-24T02:59:05.256-0400: 60.388: [GC (GCLocker Initiated GC) [PSYoungGen: 160815K->63502K(175616K)] 495263K->398647K(699904K), 0.0069675 secs] [Times: user=0.09 sys=0.01, real=0.01 secs] 
2016-09-24T02:59:05.327-0400: 60.459: [GC (GCLocker Initiated GC) [PSYoungGen: 152078K->48483K(137216K)] 493003K->406520K(661504K), 0.0075370 secs] [Times: user=0.10 sys=0.00, real=0.01 secs] 
2016-09-24T02:59:05.391-0400: 60.523: [GC (GCLocker Initiated GC) [PSYoungGen: 137059K->78109K(173568K)] 499431K->441274K(697856K), 0.0070687 secs] [Times: user=0.10 sys=0.00, real=0.01 secs] 
2016-09-24T02:59:05.456-0400: 60.588: [GC (GCLocker Initiated GC) [PSYoungGen: 165661K->47032K(174592K)] 534246K->427063K(698880K), 0.0058747 secs] [Times: user=0.07 sys=0.00, real=0.01 secs] 
2016-09-24T02:59:05.521-0400: 60.653: [GC (GCLocker Initiated GC) [PSYoungGen: 134584K->56639K(175104K)] 521420K->454926K(699392K), 0.0067542 secs] [Times: user=0.09 sys=0.00, real=0.01 secs] 
2016-09-24T02:59:05.586-0400: 60.718: [GC (GCLocker Initiated GC) [PSYoungGen: 144703K->55226K(143360K)] 551332K->476140K(667648K), 0.0066154 secs] [Times: user=0.09 sys=0.01, real=0.00 secs] 
2016-09-24T02:59:05.653-0400: 60.785: [GC (GCLocker Initiated GC) [PSYoungGen: 143290K->64709K(174080K)] 568345K->491907K(698368K), 0.0067168 secs] [Times: user=0.08 sys=0.00, real=0.01 secs] 
2016-09-24T02:59:05.721-0400: 60.853: [GC (GCLocker Initiated GC) [PSYoungGen: 153285K->63356K(173568K)] 580562K->491403K(697856K), 0.0069179 secs] [Times: user=0.07 sys=0.00, real=0.01 secs] 
2016-09-24T02:59:05.786-0400: 60.918: [GC (GCLocker Initiated GC) [PSYoungGen: 151932K->53713K(176128K)] 589514K->492031K(700416K), 0.0062071 secs] [Times: user=0.06 sys=0.00, real=0.00 secs] 
2016-09-24T02:59:05.849-0400: 60.981: [GC (GCLocker Initiated GC) [PSYoungGen: 146385K->60566K(175104K)] 587571K->521379K(699392K), 0.0069269 secs] [Times: user=0.08 sys=0.02, real=0.01 secs] 
2016-09-24T02:59:05.906-0400: 61.038: [GC (GCLocker Initiated GC) [PSYoungGen: 153238K->71398K(174080K)] 616787K->535658K(698368K), 0.0074481 secs] [Times: user=0.09 sys=0.00, real=0.00 secs] 
2016-09-24T02:59:05.967-0400: 61.098: [GC (GCLocker Initiated GC) [PSYoungGen: 165094K->52563K(176640K)] 632088K->552771K(700928K), 0.0082167 secs] [Times: user=0.09 sys=0.00, real=0.01 secs] 
2016-09-24T02:59:05.975-0400: 61.107: [Full GC (Ergonomics) [PSYoungGen: 52563K->0K(176640K)] [ParOldGen: 500207K->314457K(524288K)] 552771K->314457K(700928K), [Metaspace: 43770K->43770K(1087488K)], 0.0714948 secs] [Times: user=0.61 sys=0.01, real=0.07 secs] 
2016-09-24T02:59:06.107-0400: 61.238: [GC (GCLocker Initiated GC) [PSYoungGen: 93696K->73172K(174080K)] 410972K->390449K(698368K), 0.0067074 secs] [Times: user=0.09 sys=0.00, real=0.00 secs] 
2016-09-24T02:59:06.166-0400: 61.298: [GC (GCLocker Initiated GC) [PSYoungGen: 165332K->63246K(177152K)] 488160K->400708K(701440K), 0.0077523 secs] [Times: user=0.10 sys=0.01, real=0.01 secs] 
2016-09-24T02:59:06.228-0400: 61.360: [GC (GCLocker Initiated GC) [PSYoungGen: 155406K->64540K(173568K)] 498434K->416310K(697856K), 0.0076426 secs] [Times: user=0.08 sys=0.00, real=0.01 secs] 
2016-09-24T02:59:06.287-0400: 61.418: [GC (GCLocker Initiated GC) [PSYoungGen: 158236K->54899K(176128K)] 512873K->423670K(700416K), 0.0168878 secs] [Times: user=0.20 sys=0.00, real=0.02 secs] 
2016-09-24T02:59:06.366-0400: 61.498: [GC (GCLocker Initiated GC) [PSYoungGen: 148595K->63241K(176640K)] 518721K->454236K(700928K), 0.0077743 secs] [Times: user=0.10 sys=0.00, real=0.00 secs] 
2016-09-24T02:59:06.434-0400: 61.566: [GC (GCLocker Initiated GC) [PSYoungGen: 161545K->59287K(178688K)] 562115K->460510K(702976K), 0.0107371 secs] [Times: user=0.17 sys=0.00, real=0.02 secs] 
2016-09-24T02:59:06.493-0400: 61.625: [GC (GCLocker Initiated GC) [PSYoungGen: 157591K->78131K(174080K)] 558958K->482891K(698368K), 0.0073211 secs] [Times: user=0.11 sys=0.00, real=0.01 secs] 
2016-09-24T02:59:06.557-0400: 61.689: [GC (GCLocker Initiated GC) [PSYoungGen: 173363K->80834K(176128K)] 580893K->497189K(700416K), 0.0073921 secs] [Times: user=0.11 sys=0.00, real=0.01 secs] 
2016-09-24T02:59:06.621-0400: 61.753: [GC (GCLocker Initiated GC) [PSYoungGen: 176066K->53879K(174080K)] 593050K->497169K(698368K), 0.0071295 secs] [Times: user=0.08 sys=0.00, real=0.01 secs] 
2016-09-24T02:59:06.673-0400: 61.805: [GC (GCLocker Initiated GC) [PSYoungGen: 141943K->61855K(150016K)] 585349K->505986K(674304K), 0.0088710 secs] [Times: user=0.07 sys=0.00, real=0.01 secs] 
2016-09-24T02:59:06.739-0400: 61.870: [GC (GCLocker Initiated GC) [PSYoungGen: 149919K->60499K(176640K)] 594213K->516186K(700928K), 0.0077180 secs] [Times: user=0.07 sys=0.00, real=0.01 secs] 
2016-09-24T02:59:06.811-0400: 61.943: [GC (GCLocker Initiated GC) [PSYoungGen: 151635K->48564K(174592K)] 616809K->514460K(698880K), 0.0054347 secs] [Times: user=0.06 sys=0.00, real=0.01 secs] 
2016-09-24T02:59:06.870-0400: 62.002: [GC (GCLocker Initiated GC) [PSYoungGen: 139700K->63227K(177152K)] 611222K->546367K(701440K), 0.0074873 secs] [Times: user=0.11 sys=0.00, real=0.01 secs] 
2016-09-24T02:59:06.940-0400: 62.072: [GC (GCLocker Initiated GC) [PSYoungGen: 157947K->74186K(177152K)] 649257K->566175K(701440K), 0.0090503 secs] [Times: user=0.14 sys=0.00, real=0.01 secs] 
2016-09-24T02:59:07.004-0400: 62.136: [Full GC (Ergonomics) [PSYoungGen: 168906K->0K(177152K)] [ParOldGen: 497466K->319061K(524288K)] 666372K->319061K(701440K), [Metaspace: 43770K->43770K(1087488K)], 0.0674658 secs] [Times: user=0.55 sys=0.01, real=0.06 secs] 
2016-09-24T02:59:07.140-0400: 62.272: [GC (GCLocker Initiated GC) [PSYoungGen: 94720K->71645K(175104K)] 416606K->393531K(699392K), 0.0069762 secs] [Times: user=0.08 sys=0.00, real=0.01 secs] 
2016-09-24T02:59:07.198-0400: 62.330: [GC (GCLocker Initiated GC) [PSYoungGen: 161757K->60475K(151040K)] 483788K->396996K(675328K), 0.0139095 secs] [Times: user=0.19 sys=0.01, real=0.01 secs] 
2016-09-24T02:59:07.281-0400: 62.412: [GC (GCLocker Initiated GC) [PSYoungGen: 150587K->25454K(172544K)] 509220K->398130K(696832K), 0.0055299 secs] [Times: user=0.05 sys=0.00, real=0.01 secs] 
2016-09-24T02:59:07.349-0400: 62.481: [GC (GCLocker Initiated GC) [PSYoungGen: 113518K->59028K(175104K)] 495800K->441955K(699392K), 0.0078177 secs] [Times: user=0.10 sys=0.01, real=0.01 secs] 
2016-09-24T02:59:07.403-0400: 62.535: [GC (GCLocker Initiated GC) [PSYoungGen: 147092K->72401K(174080K)] 530093K->469395K(698368K), 0.0069691 secs] [Times: user=0.09 sys=0.01, real=0.00 secs] 
2016-09-24T02:59:07.460-0400: 62.592: [GC (GCLocker Initiated GC) [PSYoungGen: 160465K->65825K(175104K)] 562893K->479428K(699392K), 0.0074265 secs] [Times: user=0.11 sys=0.00, real=0.01 secs] 
2016-09-24T02:59:07.527-0400: 62.659: [GC (GCLocker Initiated GC) [PSYoungGen: 153889K->49635K(174080K)] 575625K->471863K(698368K), 0.0084262 secs] [Times: user=0.12 sys=0.00, real=0.01 secs] 
2016-09-24T02:59:07.588-0400: 62.720: [GC (GCLocker Initiated GC) [PSYoungGen: 137699K->72463K(174592K)] 562661K->498014K(698880K), 0.0074027 secs] [Times: user=0.11 sys=0.00, real=0.01 secs] 
2016-09-24T02:59:07.652-0400: 62.784: [GC (Allocation Failure) [PSYoungGen: 160527K->37638K(175104K)] 599701K->477294K(699392K), 0.0151656 secs] [Times: user=0.20 sys=0.02, real=0.02 secs] 
2016-09-24T02:59:07.715-0400: 62.847: [GC (GCLocker Initiated GC) [PSYoungGen: 124583K->63112K(175104K)] 568289K->518282K(699392K), 0.0073400 secs] [Times: user=0.11 sys=0.00, real=0.00 secs] 
2016-09-24T02:59:07.776-0400: 62.908: [GC (GCLocker Initiated GC) [PSYoungGen: 151176K->46987K(175104K)] 613466K->515156K(699392K), 0.0056256 secs] [Times: user=0.07 sys=0.00, real=0.00 secs] 
2016-09-24T02:59:07.828-0400: 62.960: [GC (GCLocker Initiated GC) [PSYoungGen: 135051K->64412K(175104K)] 605934K->535835K(699392K), 0.0097775 secs] [Times: user=0.14 sys=0.01, real=0.01 secs] 
2016-09-24T02:59:07.883-0400: 63.015: [GC (GCLocker Initiated GC) [PSYoungGen: 152476K->57686K(169984K)] 629312K->534984K(694272K), 0.0062278 secs] [Times: user=0.07 sys=0.00, real=0.00 secs] 
2016-09-24T02:59:07.937-0400: 63.068: [GC (GCLocker Initiated GC) [PSYoungGen: 145750K->65839K(172544K)] 629831K->558553K(696832K), 0.0067035 secs] [Times: user=0.10 sys=0.00, real=0.01 secs] 
2016-09-24T02:59:07.986-0400: 63.118: [GC (GCLocker Initiated GC) [PSYoungGen: 153903K->61684K(174592K)] 646641K->573852K(698880K), 0.0067808 secs] [Times: user=0.09 sys=0.00, real=0.00 secs] 
2016-09-24T02:59:07.993-0400: 63.125: [Full GC (Ergonomics) [PSYoungGen: 61684K->0K(174592K)] [ParOldGen: 512168K->312248K(524288K)] 573852K->312248K(698880K), [Metaspace: 43783K->43783K(1087488K)], 0.0702529 secs] [Times: user=0.62 sys=0.01, real=0.08 secs] 
2016-09-24T02:59:08.110-0400: 63.241: [GC (GCLocker Initiated GC) [PSYoungGen: 93184K->68789K(176128K)] 405535K->381141K(700416K), 0.0061189 secs] [Times: user=0.08 sys=0.00, real=0.01 secs] 
2016-09-24T02:59:08.161-0400: 63.293: [GC (GCLocker Initiated GC) [PSYoungGen: 161973K->80683K(172032K)] 483817K->412863K(696320K), 0.0086369 secs] [Times: user=0.13 sys=0.00, real=0.01 secs] 
2016-09-24T02:59:08.220-0400: 63.352: [GC (GCLocker Initiated GC) [PSYoungGen: 168747K->53866K(175104K)] 509035K->419036K(699392K), 0.0070252 secs] [Times: user=0.09 sys=0.01, real=0.01 secs] 
2016-09-24T02:59:08.272-0400: 63.404: [GC (GCLocker Initiated GC) [PSYoungGen: 141930K->61823K(172032K)] 509844K->430387K(696320K), 0.0063675 secs] [Times: user=0.08 sys=0.00, real=0.01 secs] 
2016-09-24T02:59:08.332-0400: 63.464: [GC (GCLocker Initiated GC) [PSYoungGen: 149887K->60593K(173568K)] 527982K->439266K(697856K), 0.0063767 secs] [Times: user=0.08 sys=0.00, real=0.01 secs] 
2016-09-24T02:59:08.388-0400: 63.520: [GC (GCLocker Initiated GC) [PSYoungGen: 148657K->52370K(175104K)] 534294K->452172K(699392K), 0.0074910 secs] [Times: user=0.08 sys=0.00, real=0.01 secs] 
2016-09-24T02:59:08.451-0400: 63.583: [GC (GCLocker Initiated GC) [PSYoungGen: 145554K->60476K(175616K)] 556358K->471863K(699904K), 0.0060043 secs] [Times: user=0.09 sys=0.00, real=0.01 secs] 
2016-09-24T02:59:08.512-0400: 63.644: [GC (GCLocker Initiated GC) [PSYoungGen: 153660K->61765K(178176K)] 567896K->488773K(702464K), 0.0069197 secs] [Times: user=0.10 sys=0.00, real=0.01 secs] 
2016-09-24T02:59:08.571-0400: 63.702: [GC (GCLocker Initiated GC) [PSYoungGen: 161093K->60447K(178176K)] 588128K->504259K(702464K), 0.0076977 secs] [Times: user=0.08 sys=0.01, real=0.01 secs] 
2016-09-24T02:59:08.634-0400: 63.766: [GC (GCLocker Initiated GC) [PSYoungGen: 159775K->48315K(181248K)] 609046K->500830K(705536K), 0.0077015 secs] [Times: user=0.07 sys=0.00, real=0.01 secs] 
2016-09-24T02:59:08.702-0400: 63.834: [GC (GCLocker Initiated GC) [PSYoungGen: 152251K->71248K(181760K)] 604792K->524399K(706048K), 0.0063926 secs] [Times: user=0.09 sys=0.00, real=0.00 secs] 
2016-09-24T02:59:08.783-0400: 63.915: [GC (GCLocker Initiated GC) [PSYoungGen: 175184K->64723K(182272K)] 632403K->536058K(706560K), 0.0076532 secs] [Times: user=0.10 sys=0.00, real=0.00 secs] 
2016-09-24T02:59:08.846-0400: 63.978: [GC (GCLocker Initiated GC) [PSYoungGen: 166611K->56560K(158720K)] 647432K->554343K(683008K), 0.0066747 secs] [Times: user=0.09 sys=0.01, real=0.00 secs] 
2016-09-24T02:59:08.853-0400: 63.984: [Full GC (Ergonomics) [PSYoungGen: 56560K->0K(158720K)] [ParOldGen: 497783K->321779K(524288K)] 554343K->321779K(683008K), [Metaspace: 43785K->43785K(1087488K)], 0.0648661 secs] [Times: user=0.45 sys=0.01, real=0.07 secs] 
2016-09-24T02:59:08.972-0400: 64.104: [GC (GCLocker Initiated GC) [PSYoungGen: 101888K->72894K(178176K)] 423737K->394744K(702464K), 0.0075547 secs] [Times: user=0.08 sys=0.01, real=0.01 secs] 
2016-09-24T02:59:09.048-0400: 64.180: [GC (GCLocker Initiated GC) [PSYoungGen: 172222K->41620K(141312K)] 496903K->378046K(665600K), 0.0096779 secs] [Times: user=0.08 sys=0.00, real=0.01 secs] 
2016-09-24T02:59:09.108-0400: 64.239: [GC (GCLocker Initiated GC) [PSYoungGen: 140948K->52309K(180224K)] 477427K->389541K(704512K), 0.0173375 secs] [Times: user=0.21 sys=0.00, real=0.02 secs] 
2016-09-24T02:59:09.186-0400: 64.318: [GC (GCLocker Initiated GC) [PSYoungGen: 149589K->33523K(131072K)] 489552K->393055K(655360K), 0.0130190 secs] [Times: user=0.13 sys=0.00, real=0.01 secs] 
2016-09-24T02:59:09.255-0400: 64.387: [GC (GCLocker Initiated GC) [PSYoungGen: 130803K->53764K(180224K)] 497204K->420896K(704512K), 0.0215699 secs] [Times: user=0.21 sys=0.01, real=0.02 secs] 
2016-09-24T02:59:09.330-0400: 64.462: [GC (GCLocker Initiated GC) [PSYoungGen: 150020K->46814K(143360K)] 519881K->447194K(667648K), 0.0145026 secs] [Times: user=0.18 sys=0.00, real=0.02 secs] 
2016-09-24T02:59:09.398-0400: 64.529: [GC (GCLocker Initiated GC) [PSYoungGen: 143070K->61800K(177152K)] 546225K->465557K(701440K), 0.0115842 secs] [Times: user=0.12 sys=0.01, real=0.01 secs] 
2016-09-24T02:59:09.465-0400: 64.597: [GC (GCLocker Initiated GC) [PSYoungGen: 158056K->67297K(177152K)] 564606K->485304K(701440K), 0.0079865 secs] [Times: user=0.09 sys=0.00, real=0.00 secs] 
2016-09-24T02:59:09.524-0400: 64.656: [GC (GCLocker Initiated GC) [PSYoungGen: 163553K->51026K(179712K)] 587000K->494104K(704000K), 0.0110337 secs] [Times: user=0.12 sys=0.01, real=0.01 secs] 
2016-09-24T02:59:09.584-0400: 64.716: [GC (GCLocker Initiated GC) [PSYoungGen: 149842K->63055K(179712K)] 593020K->512389K(704000K), 0.0153649 secs] [Times: user=0.13 sys=0.00, real=0.01 secs] 
2016-09-24T02:59:09.663-0400: 64.795: [GC (GCLocker Initiated GC) [PSYoungGen: 161871K->64750K(180224K)] 616777K->533847K(704512K), 0.0106042 secs] [Times: user=0.14 sys=0.00, real=0.01 secs] 
2016-09-24T02:59:09.743-0400: 64.875: [GC (GCLocker Initiated GC) [PSYoungGen: 164078K->51375K(151040K)] 635923K->537619K(675328K), 0.0076263 secs] [Times: user=0.09 sys=0.00, real=0.00 secs] 
2016-09-24T02:59:09.813-0400: 64.945: [GC (GCLocker Initiated GC) [PSYoungGen: 150703K->51224K(181760K)] 639678K->551871K(706048K), 0.0225899 secs] [Times: user=0.28 sys=0.00, real=0.03 secs] 
2016-09-24T02:59:09.836-0400: 64.968: [Full GC (Ergonomics) [PSYoungGen: 51224K->0K(181760K)] [ParOldGen: 500647K->327716K(524288K)] 551871K->327716K(706048K), [Metaspace: 43785K->43785K(1087488K)], 0.0572502 secs] [Times: user=0.44 sys=0.00, real=0.05 secs] 
2016-09-24T02:59:09.962-0400: 65.094: [GC (GCLocker Initiated GC) [PSYoungGen: 101376K->54971K(180224K)] 435871K->389467K(704512K), 0.0092828 secs] [Times: user=0.12 sys=0.00, real=0.00 secs] 
2016-09-24T02:59:10.038-0400: 65.170: [GC (GCLocker Initiated GC) [PSYoungGen: 156347K->59354K(181248K)] 490847K->398427K(705536K), 0.0133356 secs] [Times: user=0.17 sys=0.01, real=0.01 secs] 
2016-09-24T02:59:10.125-0400: 65.257: [GC (GCLocker Initiated GC) [PSYoungGen: 163290K->59641K(180224K)] 502388K->399603K(704512K), 0.0059728 secs] [Times: user=0.08 sys=0.01, real=0.00 secs] 
2016-09-24T02:59:10.202-0400: 65.333: [GC (GCLocker Initiated GC) [PSYoungGen: 163577K->59734K(184832K)] 503961K->402563K(709120K), 0.0067158 secs] [Times: user=0.07 sys=0.01, real=0.01 secs] 
2016-09-24T02:59:10.276-0400: 65.407: [GC (GCLocker Initiated GC) [PSYoungGen: 169302K->58434K(183808K)] 516245K->414665K(708096K), 0.0072986 secs] [Times: user=0.08 sys=0.00, real=0.01 secs] 
2016-09-24T02:59:10.359-0400: 65.491: [GC (GCLocker Initiated GC) [PSYoungGen: 168002K->63835K(184832K)] 526968K->424040K(709120K), 0.0068941 secs] [Times: user=0.08 sys=0.00, real=0.01 secs] 
2016-09-24T02:59:10.450-0400: 65.582: [GC (GCLocker Initiated GC) [PSYoungGen: 175451K->60983K(185856K)] 536104K->422964K(710144K), 0.0064031 secs] [Times: user=0.08 sys=0.00, real=0.01 secs] 
2016-09-24T02:59:10.522-0400: 65.653: [GC (GCLocker Initiated GC) [PSYoungGen: 172599K->55774K(185344K)] 540192K->424518K(709632K), 0.0077813 secs] [Times: user=0.08 sys=0.00, real=0.01 secs] 
2016-09-24T02:59:10.603-0400: 65.735: [GC (GCLocker Initiated GC) [PSYoungGen: 169950K->59837K(186880K)] 541416K->432621K(711168K), 0.0201275 secs] [Times: user=0.26 sys=0.02, real=0.02 secs] 
2016-09-24T02:59:10.692-0400: 65.824: [GC (GCLocker Initiated GC) [PSYoungGen: 174013K->59890K(187904K)] 547097K->434304K(712192K), 0.0160987 secs] [Times: user=0.22 sys=0.00, real=0.02 secs] 
2016-09-24T02:59:10.776-0400: 65.908: [GC (GCLocker Initiated GC) [PSYoungGen: 177650K->64039K(188928K)] 554826K->447983K(713216K), 0.0074898 secs] [Times: user=0.08 sys=0.00, real=0.01 secs] 
2016-09-24T02:59:10.870-0400: 66.002: [GC (GCLocker Initiated GC) [PSYoungGen: 181799K->69373K(185344K)] 565761K->457302K(709632K), 0.0072148 secs] [Times: user=0.09 sys=0.00, real=0.01 secs] 
2016-09-24T02:59:10.964-0400: 66.096: [GC (GCLocker Initiated GC) [PSYoungGen: 183037K->66770K(180736K)] 575047K->460100K(705024K), 0.0058617 secs] [Times: user=0.07 sys=0.00, real=0.00 secs] 
2016-09-24T02:59:11.038-0400: 66.170: [GC (GCLocker Initiated GC) [PSYoungGen: 180434K->43686K(183808K)] 577874K->458816K(708096K), 0.0072465 secs] [Times: user=0.09 sys=0.00, real=0.01 secs] 
2016-09-24T02:59:11.111-0400: 66.243: [GC (GCLocker Initiated GC) [PSYoungGen: 152230K->69160K(178176K)] 567365K->485739K(702464K), 0.0059244 secs] [Times: user=0.09 sys=0.00, real=0.01 secs] 
2016-09-24T02:59:11.204-0400: 66.336: [GC (GCLocker Initiated GC) [PSYoungGen: 177704K->65417K(183296K)] 599705K->488621K(707584K), 0.0062913 secs] [Times: user=0.08 sys=0.01, real=0.00 secs] 
2016-09-24T02:59:11.289-0400: 66.421: [GC (GCLocker Initiated GC) [PSYoungGen: 169865K->74995K(179712K)] 594493K->517390K(704000K), 0.0077429 secs] [Times: user=0.11 sys=0.00, real=0.01 secs] 
2016-09-24T02:59:11.365-0400: 66.496: [GC (GCLocker Initiated GC) [PSYoungGen: 179443K->61222K(181248K)] 621913K->505314K(705536K), 0.0088559 secs] [Times: user=0.08 sys=0.01, real=0.00 secs] 
2016-09-24T02:59:11.442-0400: 66.574: [GC (GCLocker Initiated GC) [PSYoungGen: 160038K->74940K(174080K)] 606860K->523143K(698368K), 0.0072391 secs] [Times: user=0.11 sys=0.00, real=0.01 secs] 
2016-09-24T02:59:11.521-0400: 66.652: [GC (GCLocker Initiated GC) [PSYoungGen: 173756K->66626K(179200K)] 622107K->519036K(703488K), 0.0074432 secs] [Times: user=0.08 sys=0.00, real=0.01 secs] 
2016-09-24T02:59:11.593-0400: 66.725: [GC (GCLocker Initiated GC) [PSYoungGen: 162370K->63864K(159744K)] 623084K->525859K(684032K), 0.0083421 secs] [Times: user=0.07 sys=0.00, real=0.01 secs] 
2016-09-24T02:59:11.663-0400: 66.795: [GC (GCLocker Initiated GC) [PSYoungGen: 159608K->65216K(177664K)] 627027K->533902K(701952K), 0.0076320 secs] [Times: user=0.08 sys=0.00, real=0.00 secs] 
2016-09-24T02:59:11.737-0400: 66.869: [GC (GCLocker Initiated GC) [PSYoungGen: 161984K->77304K(176640K)] 630754K->547384K(700928K), 0.0077987 secs] [Times: user=0.11 sys=0.00, real=0.01 secs] 
2016-09-24T02:59:11.833-0400: 66.965: [GC (GCLocker Initiated GC) [PSYoungGen: 174072K->50551K(177664K)] 656363K->542197K(701952K), 0.0072617 secs] [Times: user=0.08 sys=0.01, real=0.01 secs] 
2016-09-24T02:59:11.914-0400: 67.046: [GC (GCLocker Initiated GC) [PSYoungGen: 144759K->73381K(167936K)] 641965K->572010K(692224K), 0.0070230 secs] [Times: user=0.11 sys=0.00, real=0.00 secs] 
2016-09-24T02:59:11.990-0400: 67.121: [GC (GCLocker Initiated GC) [PSYoungGen: 167589K->78724K(173568K)] 666320K->580123K(697856K), 0.0066801 secs] [Times: user=0.10 sys=0.00, real=0.01 secs] 
2016-09-24T02:59:12.053-0400: 67.185: [GC (GCLocker Initiated GC) [PSYoungGen: 166788K->58505K(175104K)] 673631K->582786K(699392K), 0.0080832 secs] [Times: user=0.12 sys=0.00, real=0.01 secs] 
2016-09-24T02:59:12.062-0400: 67.194: [Full GC (Ergonomics) [PSYoungGen: 58505K->0K(175104K)] [ParOldGen: 524280K->287564K(524288K)] 582786K->287564K(699392K), [Metaspace: 43788K->43788K(1087488K)], 0.0759327 secs] [Times: user=0.59 sys=0.02, real=0.08 secs] 
2016-09-24T02:59:12.203-0400: 67.335: [GC (GCLocker Initiated GC) [PSYoungGen: 88064K->53981K(175104K)] 378355K->344272K(699392K), 0.0092386 secs] [Times: user=0.13 sys=0.00, real=0.00 secs] 
2016-09-24T02:59:12.265-0400: 67.397: [GC (GCLocker Initiated GC) [PSYoungGen: 142045K->55781K(143872K)] 433907K->351226K(668160K), 0.0068104 secs] [Times: user=0.06 sys=0.00, real=0.00 secs] 
2016-09-24T02:59:12.329-0400: 67.461: [GC (GCLocker Initiated GC) [PSYoungGen: 143845K->66499K(175616K)] 442451K->380122K(699904K), 0.0065567 secs] [Times: user=0.09 sys=0.00, real=0.01 secs] 
2016-09-24T02:59:12.398-0400: 67.530: [GC (GCLocker Initiated GC) [PSYoungGen: 155587K->70652K(174592K)] 472328K->388572K(698880K), 0.0066604 secs] [Times: user=0.09 sys=0.01, real=0.01 secs] 
2016-09-24T02:59:12.469-0400: 67.601: [GC (GCLocker Initiated GC) [PSYoungGen: 159740K->47473K(175104K)] 477764K->369439K(699392K), 0.0081998 secs] [Times: user=0.07 sys=0.00, real=0.01 secs] 
2016-09-24T02:59:12.542-0400: 67.674: [GC (GCLocker Initiated GC) [PSYoungGen: 136561K->62521K(152064K)] 458560K->387075K(676352K), 0.0066383 secs] [Times: user=0.08 sys=0.00, real=0.01 secs] 
2016-09-24T02:59:12.609-0400: 67.741: [GC (GCLocker Initiated GC) [PSYoungGen: 151609K->68103K(174592K)] 483036K->400781K(698880K), 0.0092488 secs] [Times: user=0.11 sys=0.00, real=0.01 secs] 
2016-09-24T02:59:12.677-0400: 67.809: [GC (GCLocker Initiated GC) [PSYoungGen: 158215K->63957K(174080K)] 491013K->422425K(698368K), 0.0085667 secs] [Times: user=0.09 sys=0.00, real=0.01 secs] 
2016-09-24T02:59:12.746-0400: 67.878: [GC (GCLocker Initiated GC) [PSYoungGen: 154069K->59684K(176640K)] 515315K->429081K(700928K), 0.0074924 secs] [Times: user=0.08 sys=0.01, real=0.00 secs] 
2016-09-24T02:59:12.821-0400: 67.953: [GC (GCLocker Initiated GC) [PSYoungGen: 154916K->51959K(176128K)] 544659K->467188K(700416K), 0.0071153 secs] [Times: user=0.11 sys=0.00, real=0.01 secs] 
2016-09-24T02:59:12.897-0400: 68.029: [GC (GCLocker Initiated GC) [PSYoungGen: 147191K->61035K(177664K)] 566807K->501120K(701952K), 0.0073164 secs] [Times: user=0.10 sys=0.01, real=0.01 secs] 
2016-09-24T02:59:12.967-0400: 68.099: [GC (GCLocker Initiated GC) [PSYoungGen: 160875K->47654K(179200K)] 605222K->493068K(703488K), 0.0112114 secs] [Times: user=0.11 sys=0.00, real=0.01 secs] 
2016-09-24T02:59:13.061-0400: 68.193: [GC (GCLocker Initiated GC) [PSYoungGen: 147494K->35673K(177152K)] 600110K->503036K(701440K), 0.0104649 secs] [Times: user=0.09 sys=0.00, real=0.01 secs] 
2016-09-24T02:59:13.143-0400: 68.274: [GC (GCLocker Initiated GC) [PSYoungGen: 132953K->62460K(179712K)] 605808K->536792K(704000K), 0.0064769 secs] [Times: user=0.07 sys=0.01, real=0.00 secs] 
2016-09-24T02:59:13.220-0400: 68.352: [GC (GCLocker Initiated GC) [PSYoungGen: 159740K->45184K(178688K)] 636991K->546603K(702976K), 0.0078284 secs] [Times: user=0.10 sys=0.00, real=0.01 secs] 
2016-09-24T02:59:13.228-0400: 68.360: [Full GC (Ergonomics) [PSYoungGen: 45184K->0K(178688K)] [ParOldGen: 501418K->299492K(524288K)] 546603K->299492K(702976K), [Metaspace: 43788K->43788K(1087488K)], 0.0620981 secs] [Times: user=0.46 sys=0.02, real=0.06 secs] 
2016-09-24T02:59:13.355-0400: 68.487: [GC (GCLocker Initiated GC) [PSYoungGen: 98304K->51513K(179712K)] 406056K->359265K(704000K), 0.0124260 secs] [Times: user=0.10 sys=0.00, real=0.01 secs] 
2016-09-24T02:59:13.432-0400: 68.564: [GC (GCLocker Initiated GC) [PSYoungGen: 149817K->42268K(180224K)] 463135K->368855K(704512K), 0.0072512 secs] [Times: user=0.08 sys=0.00, real=0.01 secs] 
2016-09-24T02:59:13.502-0400: 68.634: [GC (GCLocker Initiated GC) [PSYoungGen: 142620K->70971K(171520K)] 471980K->404375K(695808K), 0.0095422 secs] [Times: user=0.14 sys=0.00, real=0.01 secs] 
2016-09-24T02:59:13.576-0400: 68.707: [GC (GCLocker Initiated GC) [PSYoungGen: 171323K->69396K(174592K)] 504758K->404512K(698880K), 0.0066509 secs] [Times: user=0.09 sys=0.00, real=0.01 secs] 
2016-09-24T02:59:13.658-0400: 68.790: [GC (GCLocker Initiated GC) [PSYoungGen: 160532K->51845K(176640K)] 499730K->416743K(700928K), 0.0112249 secs] [Times: user=0.17 sys=0.01, real=0.01 secs] 
2016-09-24T02:59:13.728-0400: 68.860: [GC (GCLocker Initiated GC) [PSYoungGen: 142981K->44698K(175104K)] 508514K->430577K(699392K), 0.0066421 secs] [Times: user=0.10 sys=0.00, real=0.01 secs] 
2016-09-24T02:59:13.783-0400: 68.915: [GC (GCLocker Initiated GC) [PSYoungGen: 137370K->63769K(176128K)] 527407K->465704K(700416K), 0.0170385 secs] [Times: user=0.22 sys=0.00, real=0.01 secs] 
2016-09-24T02:59:13.855-0400: 68.987: [GC (GCLocker Initiated GC) [PSYoungGen: 156441K->47276K(176640K)] 558513K->478787K(700928K), 0.0143835 secs] [Times: user=0.18 sys=0.01, real=0.01 secs] 
2016-09-24T02:59:13.928-0400: 69.060: [GC (GCLocker Initiated GC) [PSYoungGen: 142508K->69417K(164864K)] 579469K->507457K(689152K), 0.0090121 secs] [Times: user=0.10 sys=0.00, real=0.01 secs] 
2016-09-24T02:59:13.993-0400: 69.125: [GC (GCLocker Initiated GC) [PSYoungGen: 164649K->73655K(173056K)] 605406K->521264K(697344K), 0.0128666 secs] [Times: user=0.16 sys=0.00, real=0.02 secs] 
2016-09-24T02:59:14.059-0400: 69.191: [GC (GCLocker Initiated GC) [PSYoungGen: 161719K->71651K(175104K)] 614761K->525915K(699392K), 0.0074082 secs] [Times: user=0.10 sys=0.00, real=0.01 secs] 
2016-09-24T02:59:14.116-0400: 69.248: [GC (GCLocker Initiated GC) [PSYoungGen: 159715K->54081K(175104K)] 619483K->533753K(699392K), 0.0068863 secs] [Times: user=0.10 sys=0.00, real=0.01 secs] 
2016-09-24T02:59:14.173-0400: 69.305: [GC (GCLocker Initiated GC) [PSYoungGen: 142145K->53904K(142336K)] 628610K->552080K(666624K), 0.0103851 secs] [Times: user=0.11 sys=0.00, real=0.02 secs] 
2016-09-24T02:59:14.184-0400: 69.316: [Full GC (Ergonomics) [PSYoungGen: 53904K->0K(142336K)] [ParOldGen: 498176K->320554K(524288K)] 552080K->320554K(666624K), [Metaspace: 43788K->43788K(1087488K)], 0.0534279 secs] [Times: user=0.41 sys=0.01, real=0.05 secs] 
2016-09-24T02:59:14.289-0400: 69.421: [GC (GCLocker Initiated GC) [PSYoungGen: 88064K->54200K(175616K)] 416768K->382904K(699904K), 0.0101481 secs] [Times: user=0.11 sys=0.01, real=0.01 secs] 
2016-09-24T02:59:14.353-0400: 69.484: [GC (GCLocker Initiated GC) [PSYoungGen: 143800K->41736K(174080K)] 473991K->379763K(698368K), 0.0059202 secs] [Times: user=0.05 sys=0.00, real=0.01 secs] 
2016-09-24T02:59:14.400-0400: 69.532: [GC (GCLocker Initiated GC) [PSYoungGen: 131336K->44629K(176640K)] 469568K->398691K(700928K), 0.0064597 secs] [Times: user=0.06 sys=0.00, real=0.01 secs] 
2016-09-24T02:59:14.449-0400: 69.581: [GC (GCLocker Initiated GC) [PSYoungGen: 136789K->59209K(176128K)] 490935K->414352K(700416K), 0.0220920 secs] [Times: user=0.22 sys=0.00, real=0.02 secs] 
2016-09-24T02:59:14.527-0400: 69.659: [GC (GCLocker Initiated GC) [PSYoungGen: 151369K->45821K(177152K)] 517550K->418185K(701440K), 0.0093290 secs] [Times: user=0.07 sys=0.00, real=0.01 secs] 
2016-09-24T02:59:14.591-0400: 69.723: [GC (GCLocker Initiated GC) [PSYoungGen: 140541K->72893K(176128K)] 516219K->450880K(700416K), 0.0063692 secs] [Times: user=0.09 sys=0.00, real=0.01 secs] 
2016-09-24T02:59:14.653-0400: 69.785: [GC (GCLocker Initiated GC) [PSYoungGen: 167613K->71553K(173568K)] 551139K->455870K(697856K), 0.0059076 secs] [Times: user=0.06 sys=0.01, real=0.01 secs] 
2016-09-24T02:59:14.708-0400: 69.840: [GC (GCLocker Initiated GC) [PSYoungGen: 159617K->75572K(175104K)] 546709K->463505K(699392K), 0.0060704 secs] [Times: user=0.08 sys=0.00, real=0.00 secs] 
2016-09-24T02:59:14.762-0400: 69.894: [GC (GCLocker Initiated GC) [PSYoungGen: 163636K->45685K(175104K)] 554370K->457542K(699392K), 0.0061555 secs] [Times: user=0.06 sys=0.00, real=0.00 secs] 
2016-09-24T02:59:14.824-0400: 69.956: [GC (GCLocker Initiated GC) [PSYoungGen: 133749K->48562K(175104K)] 555176K->470684K(699392K), 0.0103990 secs] [Times: user=0.14 sys=0.01, real=0.01 secs] 
2016-09-24T02:59:14.883-0400: 70.015: [GC (GCLocker Initiated GC) [PSYoungGen: 136626K->52467K(175104K)] 564312K->482367K(699392K), 0.0109209 secs] [Times: user=0.13 sys=0.00, real=0.01 secs] 
2016-09-24T02:59:14.936-0400: 70.068: [GC (GCLocker Initiated GC) [PSYoungGen: 140531K->67549K(175104K)] 573314K->502377K(699392K), 0.0063234 secs] [Times: user=0.07 sys=0.01, real=0.01 secs] 
2016-09-24T02:59:14.991-0400: 70.123: [GC (GCLocker Initiated GC) [PSYoungGen: 155613K->60684K(173056K)] 593351K->510253K(697344K), 0.0065170 secs] [Times: user=0.09 sys=0.00, real=0.01 secs] 
2016-09-24T02:59:15.045-0400: 70.177: [GC (GCLocker Initiated GC) [PSYoungGen: 148748K->49622K(174080K)] 603805K->527079K(698368K), 0.0072703 secs] [Times: user=0.10 sys=0.00, real=0.00 secs] 
2016-09-24T02:59:15.102-0400: 70.234: [GC (GCLocker Initiated GC) [PSYoungGen: 137686K->81217K(173056K)] 619273K->563322K(697344K), 0.0071688 secs] [Times: user=0.10 sys=0.00, real=0.00 secs] 
2016-09-24T02:59:15.160-0400: 70.292: [GC (GCLocker Initiated GC) [PSYoungGen: 169281K->71338K(175104K)] 656840K->567982K(699392K), 0.0067073 secs] [Times: user=0.09 sys=0.00, real=0.01 secs] 
2016-09-24T02:59:15.167-0400: 70.299: [Full GC (Ergonomics) [PSYoungGen: 71338K->0K(175104K)] [ParOldGen: 496644K->339701K(524288K)] 567982K->339701K(699392K), [Metaspace: 43788K->43788K(1087488K)], 0.0567205 secs] [Times: user=0.45 sys=0.00, real=0.06 secs] 
2016-09-24T02:59:15.272-0400: 70.404: [GC (Allocation Failure) [PSYoungGen: 88064K->69215K(175104K)] 437307K->418459K(699392K), 0.0071953 secs] [Times: user=0.09 sys=0.00, real=0.01 secs] 
2016-09-24T02:59:15.331-0400: 70.463: [GC (GCLocker Initiated GC) [PSYoungGen: 157279K->60443K(175104K)] 506531K->437970K(699392K), 0.0078112 secs] [Times: user=0.09 sys=0.01, real=0.01 secs] 
2016-09-24T02:59:15.382-0400: 70.514: [GC (GCLocker Initiated GC) [PSYoungGen: 148507K->85249K(175104K)] 526153K->479650K(699392K), 0.0076278 secs] [Times: user=0.10 sys=0.01, real=0.00 secs] 
2016-09-24T02:59:15.437-0400: 70.569: [GC (GCLocker Initiated GC) [PSYoungGen: 173313K->66094K(175104K)] 567786K->483219K(699392K), 0.0065931 secs] [Times: user=0.11 sys=0.00, real=0.01 secs] 
2016-09-24T02:59:15.488-0400: 70.619: [GC (GCLocker Initiated GC) [PSYoungGen: 154158K->72782K(175104K)] 574019K->508323K(699392K), 0.0071613 secs] [Times: user=0.10 sys=0.01, real=0.01 secs] 
2016-09-24T02:59:15.551-0400: 70.683: [GC (GCLocker Initiated GC) [PSYoungGen: 160846K->52636K(175104K)] 608634K->515978K(699392K), 0.0085203 secs] [Times: user=0.13 sys=0.00, real=0.01 secs] 
2016-09-24T02:59:15.602-0400: 70.734: [GC (GCLocker Initiated GC) [PSYoungGen: 140700K->56371K(175104K)] 605477K->539521K(699392K), 0.0064647 secs] [Times: user=0.10 sys=0.00, real=0.01 secs] 
2016-09-24T02:59:15.650-0400: 70.781: [GC (GCLocker Initiated GC) [PSYoungGen: 144435K->82096K(175104K)] 629022K->567288K(699392K), 0.0071888 secs] [Times: user=0.11 sys=0.00, real=0.01 secs] 
2016-09-24T02:59:15.705-0400: 70.837: [Full GC (Ergonomics) [PSYoungGen: 170160K->0K(175104K)] [ParOldGen: 490767K->342499K(524288K)] 660927K->342499K(699392K), [Metaspace: 43788K->43788K(1087488K)], 0.0497620 secs] [Times: user=0.44 sys=0.00, real=0.05 secs] 
2016-09-24T02:59:15.797-0400: 70.929: [GC (GCLocker Initiated GC) [PSYoungGen: 88064K->78695K(175104K)] 431985K->422617K(699392K), 0.0067879 secs] [Times: user=0.12 sys=0.00, real=0.01 secs] 
2016-09-24T02:59:15.850-0400: 70.982: [GC (GCLocker Initiated GC) [PSYoungGen: 166759K->68737K(175104K)] 518898K->423419K(699392K), 0.0133274 secs] [Times: user=0.19 sys=0.00, real=0.02 secs] 
2016-09-24T02:59:15.913-0400: 71.045: [GC (GCLocker Initiated GC) [PSYoungGen: 156801K->68995K(175104K)] 519833K->435492K(699392K), 0.0077803 secs] [Times: user=0.07 sys=0.01, real=0.01 secs] 
2016-09-24T02:59:15.973-0400: 71.105: [GC (GCLocker Initiated GC) [PSYoungGen: 157059K->62159K(175104K)] 529095K->434988K(699392K), 0.0107063 secs] [Times: user=0.10 sys=0.00, real=0.02 secs] 
2016-09-24T02:59:16.037-0400: 71.168: [GC (GCLocker Initiated GC) [PSYoungGen: 150223K->64639K(175104K)] 523062K->461325K(699392K), 0.0090258 secs] [Times: user=0.10 sys=0.00, real=0.01 secs] 
2016-09-24T02:59:16.096-0400: 71.228: [GC (Allocation Failure) [PSYoungGen: 152703K->72899K(175104K)] 552414K->473311K(699392K), 0.0097173 secs] [Times: user=0.15 sys=0.00, real=0.01 secs] 
2016-09-24T02:59:16.156-0400: 71.288: [GC (GCLocker Initiated GC) [PSYoungGen: 160875K->64956K(175104K)] 563987K->468929K(699392K), 0.0063433 secs] [Times: user=0.08 sys=0.01, real=0.01 secs] 
2016-09-24T02:59:16.215-0400: 71.347: [GC (GCLocker Initiated GC) [PSYoungGen: 153020K->68756K(157184K)] 562506K->479001K(681472K), 0.0061174 secs] [Times: user=0.08 sys=0.00, real=0.00 secs] 
2016-09-24T02:59:16.271-0400: 71.403: [GC (GCLocker Initiated GC) [PSYoungGen: 156820K->54002K(173568K)] 567262K->467856K(697856K), 0.0078009 secs] [Times: user=0.08 sys=0.01, real=0.01 secs] 
2016-09-24T02:59:16.331-0400: 71.463: [GC (Allocation Failure) [PSYoungGen: 141554K->29424K(174080K)] 563734K->467238K(698368K), 0.0132187 secs] [Times: user=0.12 sys=0.01, real=0.02 secs] 
2016-09-24T02:59:16.394-0400: 71.526: [GC (GCLocker Initiated GC) [PSYoungGen: 115054K->56563K(175104K)] 555568K->500475K(699392K), 0.0222297 secs] [Times: user=0.25 sys=0.00, real=0.02 secs] 
2016-09-24T02:59:16.464-0400: 71.596: [GC (GCLocker Initiated GC) [PSYoungGen: 144627K->48571K(175104K)] 591249K->495897K(699392K), 0.0062684 secs] [Times: user=0.07 sys=0.00, real=0.00 secs] 
2016-09-24T02:59:16.520-0400: 71.652: [GC (GCLocker Initiated GC) [PSYoungGen: 136635K->40184K(175104K)] 585434K->493902K(699392K), 0.0201542 secs] [Times: user=0.20 sys=0.00, real=0.02 secs] 
2016-09-24T02:59:16.591-0400: 71.723: [GC (GCLocker Initiated GC) [PSYoungGen: 128248K->40404K(175104K)] 591602K->504512K(699392K), 0.0099288 secs] [Times: user=0.11 sys=0.00, real=0.01 secs] 
2016-09-24T02:59:16.652-0400: 71.784: [GC (GCLocker Initiated GC) [PSYoungGen: 128468K->70274K(175104K)] 598082K->543634K(699392K), 0.0067626 secs] [Times: user=0.09 sys=0.00, real=0.01 secs] 
2016-09-24T02:59:16.706-0400: 71.838: [GC (GCLocker Initiated GC) [PSYoungGen: 158338K->63463K(175104K)] 638494K->563305K(699392K), 0.0081736 secs] [Times: user=0.09 sys=0.01, real=0.01 secs] 
2016-09-24T02:59:16.715-0400: 71.847: [Full GC (Ergonomics) [PSYoungGen: 63463K->0K(175104K)] [ParOldGen: 499841K->351168K(524288K)] 563305K->351168K(699392K), [Metaspace: 43788K->43788K(1087488K)], 0.0622122 secs] [Times: user=0.49 sys=0.01, real=0.06 secs] 
2016-09-24T02:59:16.840-0400: 71.972: [GC (GCLocker Initiated GC) [PSYoungGen: 88064K->43534K(175104K)] 448915K->404386K(699392K), 0.0089125 secs] [Times: user=0.08 sys=0.00, real=0.01 secs] 
2016-09-24T02:59:16.907-0400: 72.039: [GC (GCLocker Initiated GC) [PSYoungGen: 131598K->67580K(175104K)] 495266K->434001K(699392K), 0.0061804 secs] [Times: user=0.08 sys=0.00, real=0.00 secs] 
2016-09-24T02:59:16.977-0400: 72.109: [GC (GCLocker Initiated GC) [PSYoungGen: 155644K->60797K(175104K)] 528972K->436425K(699392K), 0.0059972 secs] [Times: user=0.07 sys=0.01, real=0.01 secs] 
2016-09-24T02:59:17.034-0400: 72.166: [GC (GCLocker Initiated GC) [PSYoungGen: 148861K->43247K(175104K)] 531545K->453872K(699392K), 0.0062110 secs] [Times: user=0.08 sys=0.01, real=0.00 secs] 
2016-09-24T02:59:17.086-0400: 72.217: [GC (GCLocker Initiated GC) [PSYoungGen: 131311K->63411K(174080K)] 544761K->477825K(698368K), 0.0066446 secs] [Times: user=0.10 sys=0.00, real=0.00 secs] 
2016-09-24T02:59:17.142-0400: 72.273: [GC (GCLocker Initiated GC) [PSYoungGen: 151475K->49772K(174592K)] 565998K->467786K(698880K), 0.0062971 secs] [Times: user=0.05 sys=0.00, real=0.01 secs] 
2016-09-24T02:59:17.196-0400: 72.327: [GC (GCLocker Initiated GC) [PSYoungGen: 137836K->62051K(175104K)] 555875K->480965K(699392K), 0.0082829 secs] [Times: user=0.12 sys=0.00, real=0.01 secs] 
2016-09-24T02:59:17.248-0400: 72.380: [GC (GCLocker Initiated GC) [PSYoungGen: 152163K->56522K(174592K)] 571117K->496619K(698880K), 0.0069574 secs] [Times: user=0.08 sys=0.00, real=0.01 secs] 
2016-09-24T02:59:17.295-0400: 72.427: [GC (GCLocker Initiated GC) [PSYoungGen: 146634K->66196K(174080K)] 586853K->507123K(698368K), 0.0061644 secs] [Times: user=0.07 sys=0.00, real=0.00 secs] 
2016-09-24T02:59:17.351-0400: 72.483: [GC (GCLocker Initiated GC) [PSYoungGen: 158356K->69026K(174592K)] 602058K->513604K(698880K), 0.0066400 secs] [Times: user=0.07 sys=0.00, real=0.01 secs] 
2016-09-24T02:59:17.414-0400: 72.546: [GC (GCLocker Initiated GC) [PSYoungGen: 161186K->59258K(176640K)] 611219K->521041K(700928K), 0.0061101 secs] [Times: user=0.08 sys=0.00, real=0.00 secs] 
2016-09-24T02:59:17.473-0400: 72.605: [GC (GCLocker Initiated GC) [PSYoungGen: 154490K->70187K(177152K)] 616287K->535500K(701440K), 0.0061837 secs] [Times: user=0.09 sys=0.00, real=0.01 secs] 
2016-09-24T02:59:17.539-0400: 72.671: [GC (GCLocker Initiated GC) [PSYoungGen: 165419K->66137K(178688K)] 633924K->548974K(702976K), 0.0065401 secs] [Times: user=0.10 sys=0.00, real=0.01 secs] 
2016-09-24T02:59:17.599-0400: 72.731: [GC (GCLocker Initiated GC) [PSYoungGen: 161369K->48742K(178688K)] 651446K->553145K(702976K), 0.0060554 secs] [Times: user=0.08 sys=0.00, real=0.01 secs] 
2016-09-24T02:59:17.606-0400: 72.738: [Full GC (Ergonomics) [PSYoungGen: 48742K->0K(178688K)] [ParOldGen: 504402K->355553K(524288K)] 553145K->355553K(702976K), [Metaspace: 43847K->43847K(1087488K)], 0.0571209 secs] [Times: user=0.56 sys=0.00, real=0.06 secs] 
2016-09-24T02:59:17.713-0400: 72.845: [GC (GCLocker Initiated GC) [PSYoungGen: 95232K->77125K(171520K)] 453525K->435419K(695808K), 0.0099587 secs] [Times: user=0.15 sys=0.00, real=0.02 secs] 
2016-09-24T02:59:17.770-0400: 72.901: [GC (GCLocker Initiated GC) [PSYoungGen: 165189K->67453K(175104K)] 526221K->447064K(699392K), 0.0114580 secs] [Times: user=0.18 sys=0.01, real=0.01 secs] 
2016-09-24T02:59:17.841-0400: 72.973: [GC (GCLocker Initiated GC) [PSYoungGen: 155517K->56783K(172032K)] 541171K->443219K(696320K), 0.0099636 secs] [Times: user=0.13 sys=0.01, real=0.01 secs] 
2016-09-24T02:59:17.909-0400: 73.041: [GC (GCLocker Initiated GC) [PSYoungGen: 144847K->50964K(173568K)] 546300K->453305K(697856K), 0.0072136 secs] [Times: user=0.08 sys=0.01, real=0.01 secs] 
2016-09-24T02:59:17.968-0400: 73.100: [GC (GCLocker Initiated GC) [PSYoungGen: 139028K->71378K(174080K)] 541524K->480016K(698368K), 0.0081294 secs] [Times: user=0.08 sys=0.01, real=0.01 secs] 
2016-09-24T02:59:18.028-0400: 73.160: [GC (GCLocker Initiated GC) [PSYoungGen: 160466K->51223K(175616K)] 573238K->485015K(699904K), 0.0065193 secs] [Times: user=0.09 sys=0.00, real=0.01 secs] 
2016-09-24T02:59:18.086-0400: 73.218: [GC (GCLocker Initiated GC) [PSYoungGen: 140311K->53894K(172032K)] 576866K->504718K(696320K), 0.0060779 secs] [Times: user=0.08 sys=0.00, real=0.00 secs] 
2016-09-24T02:59:18.146-0400: 73.278: [GC (GCLocker Initiated GC) [PSYoungGen: 143494K->60642K(174080K)] 599793K->521755K(698368K), 0.0078836 secs] [Times: user=0.07 sys=0.00, real=0.00 secs] 
2016-09-24T02:59:18.211-0400: 73.343: [GC (GCLocker Initiated GC) [PSYoungGen: 150242K->48428K(176640K)] 614109K->514503K(700928K), 0.0065230 secs] [Times: user=0.07 sys=0.01, real=0.01 secs] 
2016-09-24T02:59:18.268-0400: 73.400: [GC (GCLocker Initiated GC) [PSYoungGen: 143660K->57718K(177152K)] 615210K->532698K(701440K), 0.0071026 secs] [Times: user=0.05 sys=0.01, real=0.01 secs] 
2016-09-24T02:59:18.330-0400: 73.462: [GC (GCLocker Initiated GC) [PSYoungGen: 152950K->60642K(178688K)] 627951K->544433K(702976K), 0.0110091 secs] [Times: user=0.11 sys=0.00, real=0.01 secs] 
2016-09-24T02:59:18.394-0400: 73.526: [GC (GCLocker Initiated GC) [PSYoungGen: 160994K->78034K(178688K)] 644858K->562691K(702976K), 0.0071749 secs] [Times: user=0.08 sys=0.01, real=0.01 secs] 
2016-09-24T02:59:18.455-0400: 73.587: [GC (GCLocker Initiated GC) [PSYoungGen: 178386K->59421K(180224K)] 664426K->562401K(704512K), 0.0073980 secs] [Times: user=0.08 sys=0.00, real=0.01 secs] 
2016-09-24T02:59:18.463-0400: 73.595: [Full GC (Ergonomics) [PSYoungGen: 59421K->0K(180224K)] [ParOldGen: 502979K->366055K(524288K)] 562401K->366055K(704512K), [Metaspace: 43847K->43847K(1087488K)], 0.0579505 secs] [Times: user=0.40 sys=0.01, real=0.05 secs] 
2016-09-24T02:59:18.570-0400: 73.701: [GC (GCLocker Initiated GC) [PSYoungGen: 96768K->69257K(178688K)] 466949K->439438K(702976K), 0.0059224 secs] [Times: user=0.09 sys=0.00, real=0.01 secs] 
2016-09-24T02:59:18.623-0400: 73.755: [GC (GCLocker Initiated GC) [PSYoungGen: 166025K->41613K(177152K)] 538914K->421107K(701440K), 0.0069636 secs] [Times: user=0.07 sys=0.00, real=0.00 secs] 
2016-09-24T02:59:18.699-0400: 73.831: [GC (GCLocker Initiated GC) [PSYoungGen: 135821K->55468K(150016K)] 519407K->439815K(674304K), 0.0136535 secs] [Times: user=0.16 sys=0.00, real=0.01 secs] 
2016-09-24T02:59:18.767-0400: 73.899: [GC (GCLocker Initiated GC) [PSYoungGen: 149676K->51228K(178688K)] 539500K->441960K(702976K), 0.0099765 secs] [Times: user=0.11 sys=0.00, real=0.01 secs] 
2016-09-24T02:59:18.824-0400: 73.956: [GC (GCLocker Initiated GC) [PSYoungGen: 147484K->75528K(172032K)] 538286K->480596K(696320K), 0.0102389 secs] [Times: user=0.12 sys=0.00, real=0.01 secs] 
2016-09-24T02:59:18.890-0400: 74.022: [GC (GCLocker Initiated GC) [PSYoungGen: 171784K->45731K(176640K)] 578297K->466470K(700928K), 0.0097118 secs] [Times: user=0.09 sys=0.01, real=0.01 secs] 
2016-09-24T02:59:18.945-0400: 74.077: [GC (GCLocker Initiated GC) [PSYoungGen: 136867K->65887K(176640K)] 557684K->506490K(700928K), 0.0151670 secs] [Times: user=0.22 sys=0.00, real=0.01 secs] 
2016-09-24T02:59:19.012-0400: 74.144: [GC (GCLocker Initiated GC) [PSYoungGen: 157023K->71413K(173568K)] 599133K->515567K(697856K), 0.0084683 secs] [Times: user=0.10 sys=0.00, real=0.01 secs] 
2016-09-24T02:59:19.070-0400: 74.201: [GC (GCLocker Initiated GC) [PSYoungGen: 159477K->56628K(175104K)] 610579K->535478K(699392K), 0.0068443 secs] [Times: user=0.11 sys=0.00, real=0.01 secs] 
2016-09-24T02:59:19.127-0400: 74.259: [GC (GCLocker Initiated GC) [PSYoungGen: 144692K->64633K(173056K)] 626271K->573986K(697344K), 0.0073020 secs] [Times: user=0.11 sys=0.00, real=0.01 secs] 
2016-09-24T02:59:19.134-0400: 74.266: [Full GC (Ergonomics) [PSYoungGen: 64633K->0K(173056K)] [ParOldGen: 509353K->380999K(524288K)] 573986K->380999K(697344K), [Metaspace: 43853K->43853K(1087488K)], 0.0537314 secs] [Times: user=0.48 sys=0.01, real=0.05 secs] 
2016-09-24T02:59:19.238-0400: 74.370: [GC (GCLocker Initiated GC) [PSYoungGen: 89600K->52930K(174080K)] 470691K->434022K(698368K), 0.0174323 secs] [Times: user=0.20 sys=0.02, real=0.02 secs] 
2016-09-24T02:59:19.302-0400: 74.434: [GC (GCLocker Initiated GC) [PSYoungGen: 142530K->52578K(175616K)] 523729K->461951K(699904K), 0.0069012 secs] [Times: user=0.09 sys=0.00, real=0.01 secs] 
2016-09-24T02:59:19.352-0400: 74.484: [GC (GCLocker Initiated GC) [PSYoungGen: 146786K->80930K(175616K)] 556213K->512731K(699904K), 0.0082904 secs] [Times: user=0.09 sys=0.00, real=0.01 secs] 
2016-09-24T02:59:19.421-0400: 74.553: [GC (GCLocker Initiated GC) [PSYoungGen: 175138K->53858K(175616K)] 608555K->497517K(699904K), 0.0105820 secs] [Times: user=0.14 sys=0.01, real=0.01 secs] 
2016-09-24T02:59:19.483-0400: 74.614: [GC (GCLocker Initiated GC) [PSYoungGen: 142946K->56245K(145408K)] 592155K->506134K(669696K), 0.0146542 secs] [Times: user=0.18 sys=0.00, real=0.01 secs] 
2016-09-24T02:59:19.550-0400: 74.681: [GC (GCLocker Initiated GC) [PSYoungGen: 145333K->52388K(175104K)] 598022K->511124K(699392K), 0.0059081 secs] [Times: user=0.07 sys=0.00, real=0.01 secs] 
2016-09-24T02:59:19.605-0400: 74.737: [GC (GCLocker Initiated GC) [PSYoungGen: 142500K->60681K(174080K)] 609364K->528136K(698368K), 0.0056799 secs] [Times: user=0.07 sys=0.02, real=0.00 secs] 
2016-09-24T02:59:19.669-0400: 74.801: [GC (GCLocker Initiated GC) [PSYoungGen: 150793K->49719K(175616K)] 623672K->527457K(699904K), 0.0059004 secs] [Times: user=0.07 sys=0.01, real=0.01 secs] 
2016-09-24T02:59:19.728-0400: 74.860: [GC (GCLocker Initiated GC) [PSYoungGen: 143415K->45739K(175104K)] 626599K->530896K(699392K), 0.0071245 secs] [Times: user=0.07 sys=0.00, real=0.01 secs] 
2016-09-24T02:59:19.787-0400: 74.919: [GC (GCLocker Initiated GC) [PSYoungGen: 139435K->55347K(177152K)] 627339K->554983K(701440K), 0.0066862 secs] [Times: user=0.07 sys=0.00, real=0.00 secs] 
2016-09-24T02:59:19.794-0400: 74.926: [Full GC (Ergonomics) [PSYoungGen: 55347K->0K(177152K)] [ParOldGen: 499636K->381966K(524288K)] 554983K->381966K(701440K), [Metaspace: 43853K->43853K(1087488K)], 0.0666048 secs] [Times: user=0.60 sys=0.01, real=0.07 secs] 
2016-09-24T02:59:19.913-0400: 75.045: [GC (GCLocker Initiated GC) [PSYoungGen: 99328K->62642K(178688K)] 486754K->450077K(702976K), 0.0054921 secs] [Times: user=0.07 sys=0.00, real=0.01 secs] 
2016-09-24T02:59:19.969-0400: 75.100: [GC (GCLocker Initiated GC) [PSYoungGen: 161970K->49821K(181248K)] 556305K->454993K(705536K), 0.0151125 secs] [Times: user=0.22 sys=0.00, real=0.02 secs] 
2016-09-24T02:59:20.035-0400: 75.167: [GC (GCLocker Initiated GC) [PSYoungGen: 153757K->59270K(182272K)] 559926K->482461K(706560K), 0.0079911 secs] [Times: user=0.11 sys=0.00, real=0.01 secs] 
2016-09-24T02:59:20.095-0400: 75.227: [GC (GCLocker Initiated GC) [PSYoungGen: 163206K->67436K(181248K)] 586507K->504969K(705536K), 0.0065397 secs] [Times: user=0.09 sys=0.01, real=0.00 secs] 
2016-09-24T02:59:20.161-0400: 75.293: [GC (GCLocker Initiated GC) [PSYoungGen: 171884K->63479K(183296K)] 612169K->512686K(707584K), 0.0061853 secs] [Times: user=0.08 sys=0.00, real=0.01 secs] 
2016-09-24T02:59:20.223-0400: 75.355: [GC (GCLocker Initiated GC) [PSYoungGen: 167927K->62099K(182272K)] 619843K->525682K(706560K), 0.0072480 secs] [Times: user=0.10 sys=0.00, real=0.00 secs] 
2016-09-24T02:59:20.293-0400: 75.424: [GC (GCLocker Initiated GC) [PSYoungGen: 166547K->63353K(182784K)] 632922K->530573K(707072K), 0.0069955 secs] [Times: user=0.09 sys=0.00, real=0.01 secs] 
2016-09-24T02:59:20.362-0400: 75.494: [GC (GCLocker Initiated GC) [PSYoungGen: 167801K->64802K(183808K)] 639195K->537000K(708096K), 0.0058071 secs] [Times: user=0.06 sys=0.00, real=0.01 secs] 
2016-09-24T02:59:20.427-0400: 75.558: [GC (GCLocker Initiated GC) [PSYoungGen: 170786K->64865K(183808K)] 649792K->547442K(708096K), 0.0069270 secs] [Times: user=0.08 sys=0.00, real=0.00 secs] 
2016-09-24T02:59:20.487-0400: 75.619: [GC (GCLocker Initiated GC) [PSYoungGen: 170849K->64833K(184320K)] 656197K->583580K(708608K), 0.0071170 secs] [Times: user=0.10 sys=0.01, real=0.01 secs] 
2016-09-24T02:59:20.494-0400: 75.626: [Full GC (Ergonomics) [PSYoungGen: 64833K->0K(184320K)] [ParOldGen: 518747K->392211K(524288K)] 583580K->392211K(708608K), [Metaspace: 43858K->43858K(1087488K)], 0.0564180 secs] [Times: user=0.55 sys=0.01, real=0.05 secs] 
2016-09-24T02:59:20.613-0400: 75.744: [GC (GCLocker Initiated GC) [PSYoungGen: 106496K->76113K(182784K)] 501570K->481988K(707072K), 0.0067296 secs] [Times: user=0.10 sys=0.00, real=0.01 secs] 
2016-09-24T02:59:20.675-0400: 75.807: [GC (GCLocker Initiated GC) [PSYoungGen: 182609K->75508K(171520K)] 596655K->496377K(695808K), 0.0085147 secs] [Times: user=0.14 sys=0.00, real=0.01 secs] 
2016-09-24T02:59:20.737-0400: 75.869: [GC (GCLocker Initiated GC) [PSYoungGen: 167668K->57830K(177152K)] 591383K->495806K(701440K), 0.0158063 secs] [Times: user=0.22 sys=0.02, real=0.01 secs] 
2016-09-24T02:59:20.803-0400: 75.935: [GC (GCLocker Initiated GC) [PSYoungGen: 149990K->56384K(174080K)] 588056K->497792K(698368K), 0.0193136 secs] [Times: user=0.19 sys=0.00, real=0.02 secs] 
2016-09-24T02:59:20.880-0400: 76.012: [GC (GCLocker Initiated GC) [PSYoungGen: 149568K->68694K(176128K)] 595103K->514927K(700416K), 0.0087084 secs] [Times: user=0.09 sys=0.00, real=0.01 secs] 
2016-09-24T02:59:20.946-0400: 76.077: [GC (GCLocker Initiated GC) [PSYoungGen: 161878K->61942K(176128K)] 608261K->511811K(700416K), 0.0077037 secs] [Times: user=0.07 sys=0.00, real=0.00 secs] 
2016-09-24T02:59:21.012-0400: 76.144: [GC (GCLocker Initiated GC) [PSYoungGen: 158198K->56576K(177664K)] 613537K->524793K(701952K), 0.0059815 secs] [Times: user=0.07 sys=0.00, real=0.01 secs] 
2016-09-24T02:59:21.065-0400: 76.197: [GC (GCLocker Initiated GC) [PSYoungGen: 152832K->49827K(180736K)] 623789K->532377K(705024K), 0.0073451 secs] [Times: user=0.08 sys=0.01, real=0.00 secs] 
2016-09-24T02:59:21.131-0400: 76.263: [Full GC (Ergonomics) [PSYoungGen: 150179K->0K(180736K)] [ParOldGen: 505635K->369852K(524288K)] 655814K->369852K(705024K), [Metaspace: 43858K->43858K(1087488K)], 0.2160380 secs] [Times: user=2.75 sys=0.02, real=0.22 secs] 
2016-09-24T02:59:21.400-0400: 76.532: [GC (GCLocker Initiated GC) [PSYoungGen: 100352K->69142K(169984K)] 475800K->444590K(694272K), 0.0061865 secs] [Times: user=0.09 sys=0.00, real=0.01 secs] 
2016-09-24T02:59:21.458-0400: 76.590: [GC (GCLocker Initiated GC) [PSYoungGen: 169494K->80689K(169984K)] 545033K->458928K(694272K), 0.0071803 secs] [Times: user=0.10 sys=0.01, real=0.01 secs] 
2016-09-24T02:59:21.507-0400: 76.639: [GC (GCLocker Initiated GC) [PSYoungGen: 168753K->85296K(175104K)] 549725K->468968K(699392K), 0.0132805 secs] [Times: user=0.19 sys=0.01, real=0.01 secs] 
2016-09-24T02:59:21.568-0400: 76.700: [GC (GCLocker Initiated GC) [PSYoungGen: 173360K->77547K(175104K)] 559817K->491475K(699392K), 0.0086603 secs] [Times: user=0.12 sys=0.00, real=0.01 secs] 
2016-09-24T02:59:21.630-0400: 76.762: [GC (GCLocker Initiated GC) [PSYoungGen: 165611K->56415K(175104K)] 579641K->500214K(699392K), 0.0145083 secs] [Times: user=0.20 sys=0.00, real=0.02 secs] 
2016-09-24T02:59:21.695-0400: 76.827: [GC (GCLocker Initiated GC) [PSYoungGen: 144479K->52593K(175104K)] 593735K->521334K(699392K), 0.0078871 secs] [Times: user=0.08 sys=0.00, real=0.01 secs] 
2016-09-24T02:59:21.767-0400: 76.898: [GC (Allocation Failure) [PSYoungGen: 140657K->43312K(175104K)] 622919K->529078K(699392K), 0.0072829 secs] [Times: user=0.07 sys=0.01, real=0.00 secs] 
2016-09-24T02:59:21.820-0400: 76.952: [GC (GCLocker Initiated GC) [PSYoungGen: 128930K->57830K(175104K)] 617396K->547211K(699392K), 0.0102923 secs] [Times: user=0.16 sys=0.00, real=0.01 secs] 
2016-09-24T02:59:21.882-0400: 77.014: [Full GC (Ergonomics) [PSYoungGen: 145894K->0K(175104K)] [ParOldGen: 494827K->364766K(524288K)] 640722K->364766K(699392K), [Metaspace: 43858K->43858K(1087488K)], 0.0575066 secs] [Times: user=0.53 sys=0.02, real=0.06 secs] 
2016-09-24T02:59:21.990-0400: 77.122: [GC (GCLocker Initiated GC) [PSYoungGen: 88064K->61305K(175104K)] 460095K->433345K(699392K), 0.0075235 secs] [Times: user=0.09 sys=0.01, real=0.01 secs] 
2016-09-24T02:59:22.046-0400: 77.178: [GC (GCLocker Initiated GC) [PSYoungGen: 149369K->52142K(175104K)] 521478K->426994K(699392K), 0.0092665 secs] [Times: user=0.10 sys=0.01, real=0.01 secs] 
2016-09-24T02:59:22.108-0400: 77.240: [GC (GCLocker Initiated GC) [PSYoungGen: 140206K->48348K(175104K)] 516539K->442874K(699392K), 0.0087546 secs] [Times: user=0.09 sys=0.00, real=0.01 secs] 
2016-09-24T02:59:22.177-0400: 77.309: [GC (GCLocker Initiated GC) [PSYoungGen: 136412K->33501K(175104K)] 536343K->436783K(699392K), 0.0089496 secs] [Times: user=0.08 sys=0.00, real=0.01 secs] 
2016-09-24T02:59:22.232-0400: 77.364: [GC (GCLocker Initiated GC) [PSYoungGen: 121565K->49666K(175104K)] 524856K->453762K(699392K), 0.0057720 secs] [Times: user=0.06 sys=0.00, real=0.01 secs] 
2016-09-24T02:59:22.273-0400: 77.405: [GC (GCLocker Initiated GC) [PSYoungGen: 137730K->68696K(175104K)] 541855K->480189K(699392K), 0.0107535 secs] [Times: user=0.10 sys=0.00, real=0.02 secs] 
2016-09-24T02:59:22.339-0400: 77.471: [GC (GCLocker Initiated GC) [PSYoungGen: 156760K->68823K(175104K)] 571121K->505532K(699392K), 0.0069864 secs] [Times: user=0.10 sys=0.00, real=0.01 secs] 
2016-09-24T02:59:22.393-0400: 77.524: [GC (GCLocker Initiated GC) [PSYoungGen: 156887K->61912K(175104K)] 593681K->513001K(699392K), 0.0075138 secs] [Times: user=0.08 sys=0.00, real=0.01 secs] 
2016-09-24T02:59:22.453-0400: 77.585: [GC (GCLocker Initiated GC) [PSYoungGen: 149976K->57958K(146432K)] 603916K->539692K(670720K), 0.0100723 secs] [Times: user=0.13 sys=0.01, real=0.02 secs] 
2016-09-24T02:59:22.511-0400: 77.643: [GC (GCLocker Initiated GC) [PSYoungGen: 146022K->76858K(171008K)] 633300K->564850K(695296K), 0.0069650 secs] [Times: user=0.09 sys=0.00, real=0.01 secs] 
2016-09-24T02:59:22.572-0400: 77.704: [Full GC (Ergonomics) [PSYoungGen: 162874K->0K(171008K)] [ParOldGen: 494924K->383016K(524288K)] 657798K->383016K(695296K), [Metaspace: 43865K->43865K(1087488K)], 0.0575251 secs] [Times: user=0.37 sys=0.01, real=0.06 secs] 
2016-09-24T02:59:22.678-0400: 77.809: [GC (GCLocker Initiated GC) [PSYoungGen: 86016K->74811K(173056K)] 477331K->466126K(697344K), 0.0097977 secs] [Times: user=0.14 sys=0.01, real=0.01 secs] 
2016-09-24T02:59:22.742-0400: 77.874: [GC (GCLocker Initiated GC) [PSYoungGen: 160827K->62081K(175104K)] 554906K->467057K(699392K), 0.0110020 secs] [Times: user=0.12 sys=0.01, real=0.01 secs] 
2016-09-24T02:59:22.804-0400: 77.936: [GC (GCLocker Initiated GC) [PSYoungGen: 150145K->64719K(175104K)] 555207K->486760K(699392K), 0.0065099 secs] [Times: user=0.10 sys=0.00, real=0.00 secs] 
2016-09-24T02:59:22.857-0400: 77.989: [GC (GCLocker Initiated GC) [PSYoungGen: 152783K->68856K(175104K)] 577708K->512088K(699392K), 0.0072736 secs] [Times: user=0.11 sys=0.00, real=0.01 secs] 
2016-09-24T02:59:22.919-0400: 78.051: [GC (GCLocker Initiated GC) [PSYoungGen: 156920K->56899K(145408K)] 606942K->507765K(669696K), 0.0106377 secs] [Times: user=0.11 sys=0.00, real=0.01 secs] 
2016-09-24T02:59:22.987-0400: 78.118: [GC (GCLocker Initiated GC) [PSYoungGen: 144963K->48448K(173568K)] 605461K->509831K(697856K), 0.0090156 secs] [Times: user=0.09 sys=0.00, real=0.01 secs] 
2016-09-24T02:59:23.050-0400: 78.182: [GC (GCLocker Initiated GC) [PSYoungGen: 136512K->76794K(173568K)] 600794K->544749K(697856K), 0.0069872 secs] [Times: user=0.09 sys=0.01, real=0.01 secs] 
2016-09-24T02:59:23.112-0400: 78.244: [GC (GCLocker Initiated GC) [PSYoungGen: 164858K->37743K(175104K)] 638291K->538923K(699392K), 0.0061486 secs] [Times: user=0.08 sys=0.01, real=0.01 secs] 
2016-09-24T02:59:23.118-0400: 78.250: [Full GC (Ergonomics) [PSYoungGen: 37743K->0K(175104K)] [ParOldGen: 501179K->378035K(524288K)] 538923K->378035K(699392K), [Metaspace: 43876K->43876K(1087488K)], 0.0497193 secs] [Times: user=0.52 sys=0.01, real=0.05 secs] 
2016-09-24T02:59:23.219-0400: 78.350: [GC (GCLocker Initiated GC) [PSYoungGen: 88064K->68062K(175104K)] 476970K->456969K(699392K), 0.0058542 secs] [Times: user=0.09 sys=0.00, real=0.01 secs] 
2016-09-24T02:59:23.273-0400: 78.405: [GC (GCLocker Initiated GC) [PSYoungGen: 156126K->51319K(175104K)] 553208K->478183K(699392K), 0.0064372 secs] [Times: user=0.10 sys=0.00, real=0.01 secs] 
2016-09-24T02:59:23.332-0400: 78.464: [GC (GCLocker Initiated GC) [PSYoungGen: 139383K->59482K(147968K)] 568985K->489957K(672256K), 0.0093341 secs] [Times: user=0.12 sys=0.00, real=0.01 secs] 
2016-09-24T02:59:23.393-0400: 78.525: [GC (GCLocker Initiated GC) [PSYoungGen: 147546K->58100K(177152K)] 584803K->507125K(701440K), 0.0203355 secs] [Times: user=0.27 sys=0.00, real=0.02 secs] 
2016-09-24T02:59:23.466-0400: 78.598: [GC (GCLocker Initiated GC) [PSYoungGen: 148724K->63423K(174592K)] 597811K->517556K(698880K), 0.0101273 secs] [Times: user=0.14 sys=0.01, real=0.01 secs] 
2016-09-24T02:59:23.533-0400: 78.665: [GC (GCLocker Initiated GC) [PSYoungGen: 154047K->48918K(174592K)] 616352K->511985K(698880K), 0.0060431 secs] [Times: user=0.05 sys=0.01, real=0.01 secs] 
2016-09-24T02:59:23.593-0400: 78.725: [GC (GCLocker Initiated GC) [PSYoungGen: 140566K->59417K(174592K)] 610483K->552202K(698880K), 0.0067810 secs] [Times: user=0.09 sys=0.02, real=0.01 secs] 
2016-09-24T02:59:23.600-0400: 78.732: [Full GC (Ergonomics) [PSYoungGen: 59417K->0K(174592K)] [ParOldGen: 492784K->389454K(524288K)] 552202K->389454K(698880K), [Metaspace: 43876K->43876K(1087488K)], 0.0498504 secs] [Times: user=0.44 sys=0.00, real=0.05 secs] 
2016-09-24T02:59:23.703-0400: 78.835: [GC (GCLocker Initiated GC) [PSYoungGen: 91648K->80135K(170496K)] 482487K->470974K(694784K), 0.0118521 secs] [Times: user=0.17 sys=0.01, real=0.01 secs] 
2016-09-24T02:59:23.771-0400: 78.903: [GC (Allocation Failure) [PSYoungGen: 170247K->66266K(176128K)] 569267K->484206K(700416K), 0.0071116 secs] [Times: user=0.09 sys=0.00, real=0.01 secs] 
2016-09-24T02:59:23.779-0400: 78.911: [GC (GCLocker Initiated GC) [PSYoungGen: 66581K->320K(173568K)] 484522K->501678K(697856K), 0.0069349 secs] [Times: user=0.09 sys=0.00, real=0.01 secs] 
2016-09-24T02:59:23.786-0400: 78.918: [Full GC (Ergonomics) [PSYoungGen: 320K->0K(173568K)] [ParOldGen: 501358K->396312K(524288K)] 501678K->396312K(697856K), [Metaspace: 43876K->43876K(1087488K)], 0.0707423 secs] [Times: user=0.68 sys=0.01, real=0.07 secs] 
2016-09-24T02:59:23.912-0400: 79.044: [GC (GCLocker Initiated GC) [PSYoungGen: 85669K->66880K(175104K)] 490081K->471292K(699392K), 0.0076213 secs] [Times: user=0.08 sys=0.00, real=0.01 secs] 
2016-09-24T02:59:23.984-0400: 79.116: [GC (GCLocker Initiated GC) [PSYoungGen: 154944K->59510K(175104K)] 559404K->469676K(699392K), 0.0073282 secs] [Times: user=0.08 sys=0.00, real=0.00 secs] 
2016-09-24T02:59:24.039-0400: 79.171: [GC (GCLocker Initiated GC) [PSYoungGen: 147574K->74372K(175104K)] 563219K->499113K(699392K), 0.0100094 secs] [Times: user=0.15 sys=0.00, real=0.01 secs] 
2016-09-24T02:59:24.099-0400: 79.231: [GC (GCLocker Initiated GC) [PSYoungGen: 162436K->47373K(175104K)] 598022K->500071K(699392K), 0.0074734 secs] [Times: user=0.08 sys=0.01, real=0.01 secs] 
2016-09-24T02:59:24.159-0400: 79.291: [GC (GCLocker Initiated GC) [PSYoungGen: 135437K->52568K(175104K)] 590865K->518511K(699392K), 0.0086353 secs] [Times: user=0.10 sys=0.00, real=0.01 secs] 
2016-09-24T02:59:24.223-0400: 79.354: [Full GC (Ergonomics) [PSYoungGen: 140632K->0K(175104K)] [ParOldGen: 476808K->396076K(524288K)] 617440K->396076K(699392K), [Metaspace: 43876K->43876K(1087488K)], 0.0603644 secs] [Times: user=0.44 sys=0.02, real=0.06 secs] 
2016-09-24T02:59:24.340-0400: 79.472: [GC (GCLocker Initiated GC) [PSYoungGen: 88064K->67963K(175104K)] 487037K->466937K(699392K), 0.0066423 secs] [Times: user=0.08 sys=0.01, real=0.01 secs] 
2016-09-24T02:59:24.393-0400: 79.525: [GC (GCLocker Initiated GC) [PSYoungGen: 156027K->49876K(175104K)] 557869K->455718K(699392K), 0.0097384 secs] [Times: user=0.09 sys=0.00, real=0.02 secs] 
2016-09-24T02:59:24.448-0400: 79.579: [GC (GCLocker Initiated GC) [PSYoungGen: 137940K->79773K(175104K)] 543840K->505657K(699392K), 0.0080134 secs] [Times: user=0.12 sys=0.00, real=0.01 secs] 
2016-09-24T02:59:24.506-0400: 79.638: [GC (GCLocker Initiated GC) [PSYoungGen: 167837K->59344K(175104K)] 596439K->499699K(699392K), 0.0110804 secs] [Times: user=0.08 sys=0.00, real=0.01 secs] 
2016-09-24T02:59:24.563-0400: 79.695: [GC (GCLocker Initiated GC) [PSYoungGen: 147408K->51341K(175104K)] 591851K->496734K(699392K), 0.0364639 secs] [Times: user=0.46 sys=0.00, real=0.03 secs] 
2016-09-24T02:59:24.652-0400: 79.784: [GC (GCLocker Initiated GC) [PSYoungGen: 139405K->58091K(146432K)] 592939K->512600K(670720K), 0.0139407 secs] [Times: user=0.17 sys=0.00, real=0.02 secs] 
2016-09-24T02:59:24.718-0400: 79.850: [GC (GCLocker Initiated GC) [PSYoungGen: 146155K->48480K(175104K)] 608898K->512157K(699392K), 0.0072979 secs] [Times: user=0.06 sys=0.01, real=0.01 secs] 
2016-09-24T02:59:24.778-0400: 79.910: [GC (GCLocker Initiated GC) [PSYoungGen: 137568K->81028K(174080K)] 601282K->548436K(698368K), 0.0067481 secs] [Times: user=0.10 sys=0.00, real=0.01 secs] 
2016-09-24T02:59:24.840-0400: 79.972: [GC (GCLocker Initiated GC) [PSYoungGen: 170116K->55507K(175104K)] 637647K->532000K(699392K), 0.0062298 secs] [Times: user=0.08 sys=0.00, real=0.01 secs] 
2016-09-24T02:59:24.908-0400: 80.040: [GC (GCLocker Initiated GC) [PSYoungGen: 143571K->40542K(175104K)] 625603K->531701K(699392K), 0.0088979 secs] [Times: user=0.07 sys=0.00, real=0.01 secs] 
2016-09-24T02:59:24.966-0400: 80.098: [Full GC (Ergonomics) [PSYoungGen: 128606K->0K(175104K)] [ParOldGen: 494067K->405708K(524288K)] 622673K->405708K(699392K), [Metaspace: 43876K->43876K(1087488K)], 0.0665683 secs] [Times: user=0.68 sys=0.01, real=0.06 secs] 
2016-09-24T02:59:25.096-0400: 80.228: [GC (GCLocker Initiated GC) [PSYoungGen: 88064K->64087K(175104K)] 494069K->470093K(699392K), 0.0117969 secs] [Times: user=0.12 sys=0.00, real=0.01 secs] 
2016-09-24T02:59:25.162-0400: 80.294: [GC (GCLocker Initiated GC) [PSYoungGen: 152151K->54136K(142336K)] 569094K->502398K(666624K), 0.0068539 secs] [Times: user=0.10 sys=0.00, real=0.00 secs] 
2016-09-24T02:59:25.221-0400: 80.353: [GC (GCLocker Initiated GC) [PSYoungGen: 142200K->84809K(173056K)] 596068K->544077K(697344K), 0.0082334 secs] [Times: user=0.12 sys=0.01, real=0.01 secs] 
2016-09-24T02:59:25.285-0400: 80.417: [GC (GCLocker Initiated GC) [PSYoungGen: 171849K->63541K(174080K)] 633967K->542432K(698368K), 0.0095758 secs] [Times: user=0.15 sys=0.00, real=0.01 secs] 
2016-09-24T02:59:25.347-0400: 80.479: [GC (GCLocker Initiated GC) [PSYoungGen: 150581K->59394K(175104K)] 632337K->543453K(699392K), 0.0071279 secs] [Times: user=0.11 sys=0.00, real=0.00 secs] 
2016-09-24T02:59:25.398-0400: 80.530: [GC (GCLocker Initiated GC) [PSYoungGen: 147458K->72927K(175104K)] 631656K->557981K(699392K), 0.0090409 secs] [Times: user=0.13 sys=0.00, real=0.01 secs] 
2016-09-24T02:59:25.469-0400: 80.601: [GC (GCLocker Initiated GC) [PSYoungGen: 160991K->47309K(175104K)] 651529K->557644K(699392K), 0.0063344 secs] [Times: user=0.08 sys=0.01, real=0.01 secs] 
2016-09-24T02:59:25.475-0400: 80.607: [Full GC (Ergonomics) [PSYoungGen: 47309K->0K(175104K)] [ParOldGen: 510334K->409113K(524288K)] 557644K->409113K(699392K), [Metaspace: 43876K->43876K(1087488K)], 0.0619413 secs] [Times: user=0.58 sys=0.03, real=0.06 secs] 
2016-09-24T02:59:25.600-0400: 80.732: [GC (GCLocker Initiated GC) [PSYoungGen: 88064K->63081K(175104K)] 498929K->473947K(699392K), 0.0059154 secs] [Times: user=0.09 sys=0.00, real=0.01 secs] 
2016-09-24T02:59:25.650-0400: 80.782: [GC (GCLocker Initiated GC) [PSYoungGen: 151145K->45721K(175104K)] 564737K->478730K(699392K), 0.0065310 secs] [Times: user=0.08 sys=0.00, real=0.01 secs] 
2016-09-24T02:59:25.705-0400: 80.837: [GC (GCLocker Initiated GC) [PSYoungGen: 133785K->71684K(175104K)] 569744K->524551K(699392K), 0.0068493 secs] [Times: user=0.08 sys=0.00, real=0.00 secs] 
2016-09-24T02:59:25.765-0400: 80.897: [GC (GCLocker Initiated GC) [PSYoungGen: 159748K->79878K(175104K)] 615451K->536585K(699392K), 0.0075518 secs] [Times: user=0.11 sys=0.00, real=0.00 secs] 
2016-09-24T02:59:25.839-0400: 80.971: [GC (GCLocker Initiated GC) [PSYoungGen: 167942K->40727K(175104K)] 630077K->520095K(699392K), 0.0096521 secs] [Times: user=0.14 sys=0.01, real=0.01 secs] 
2016-09-24T02:59:25.905-0400: 81.037: [GC (GCLocker Initiated GC) [PSYoungGen: 128791K->62078K(175104K)] 608173K->542573K(699392K), 0.0063642 secs] [Times: user=0.10 sys=0.00, real=0.00 secs] 
2016-09-24T02:59:25.956-0400: 81.088: [GC (GCLocker Initiated GC) [PSYoungGen: 150142K->62392K(175104K)] 630654K->558586K(699392K), 0.0067962 secs] [Times: user=0.10 sys=0.00, real=0.01 secs] 
2016-09-24T02:59:25.963-0400: 81.095: [Full GC (Ergonomics) [PSYoungGen: 62392K->0K(175104K)] [ParOldGen: 496193K->412676K(524288K)] 558586K->412676K(699392K), [Metaspace: 43876K->43876K(1087488K)], 0.0599152 secs] [Times: user=0.63 sys=0.01, real=0.06 secs] 
2016-09-24T02:59:26.081-0400: 81.213: [GC (GCLocker Initiated GC) [PSYoungGen: 88064K->76565K(175104K)] 506200K->494702K(699392K), 0.0229983 secs] [Times: user=0.35 sys=0.01, real=0.03 secs] 
2016-09-24T02:59:26.152-0400: 81.284: [GC (GCLocker Initiated GC) [PSYoungGen: 164629K->62232K(175104K)] 585262K->488726K(699392K), 0.0081312 secs] [Times: user=0.07 sys=0.00, real=0.01 secs] 
2016-09-24T02:59:26.216-0400: 81.348: [GC (GCLocker Initiated GC) [PSYoungGen: 150296K->45956K(175104K)] 578721K->486151K(699392K), 0.0062889 secs] [Times: user=0.07 sys=0.00, real=0.01 secs] 
2016-09-24T02:59:26.274-0400: 81.406: [GC (GCLocker Initiated GC) [PSYoungGen: 134020K->47254K(175104K)] 583899K->498035K(699392K), 0.0053831 secs] [Times: user=0.05 sys=0.01, real=0.01 secs] 
2016-09-24T02:59:26.330-0400: 81.461: [GC (GCLocker Initiated GC) [PSYoungGen: 135318K->44866K(175104K)] 590283K->519772K(699392K), 0.0099140 secs] [Times: user=0.14 sys=0.01, real=0.01 secs] 
2016-09-24T02:59:26.394-0400: 81.526: [GC (GCLocker Initiated GC) [PSYoungGen: 132930K->56616K(144896K)] 613291K->556856K(669184K), 0.0065614 secs] [Times: user=0.09 sys=0.00, real=0.01 secs] 
2016-09-24T02:59:26.401-0400: 81.533: [Full GC (Ergonomics) [PSYoungGen: 56616K->0K(144896K)] [ParOldGen: 500239K->417917K(524288K)] 556856K->417917K(669184K), [Metaspace: 43881K->43881K(1087488K)], 0.0531548 secs] [Times: user=0.46 sys=0.00, real=0.05 secs] 
2016-09-24T02:59:26.501-0400: 81.632: [GC (GCLocker Initiated GC) [PSYoungGen: 88064K->70877K(172032K)] 507571K->490384K(696320K), 0.0073809 secs] [Times: user=0.08 sys=0.00, real=0.01 secs] 
2016-09-24T02:59:26.555-0400: 81.687: [GC (GCLocker Initiated GC) [PSYoungGen: 157405K->59360K(173568K)] 577031K->496838K(697856K), 0.0070843 secs] [Times: user=0.09 sys=0.01, real=0.01 secs] 
2016-09-24T02:59:26.613-0400: 81.745: [GC (GCLocker Initiated GC) [PSYoungGen: 145888K->80580K(172544K)] 586140K->520831K(696832K), 0.0073180 secs] [Times: user=0.10 sys=0.00, real=0.01 secs] 
2016-09-24T02:59:26.674-0400: 81.806: [GC (GCLocker Initiated GC) [PSYoungGen: 168132K->64996K(174592K)] 611132K->512423K(698880K), 0.0231837 secs] [Times: user=0.29 sys=0.00, real=0.03 secs] 
2016-09-24T02:59:26.747-0400: 81.878: [GC (GCLocker Initiated GC) [PSYoungGen: 152548K->78227K(175104K)] 600156K->528251K(699392K), 0.0115548 secs] [Times: user=0.16 sys=0.01, real=0.01 secs] 
2016-09-24T02:59:26.815-0400: 81.947: [GC (GCLocker Initiated GC) [PSYoungGen: 166291K->74380K(175104K)] 620444K->534761K(699392K), 0.0075197 secs] [Times: user=0.10 sys=0.01, real=0.01 secs] 
2016-09-24T02:59:26.882-0400: 82.014: [GC (GCLocker Initiated GC) [PSYoungGen: 162444K->44507K(175104K)] 622843K->523459K(699392K), 0.0071664 secs] [Times: user=0.08 sys=0.02, real=0.01 secs] 
2016-09-24T02:59:26.946-0400: 82.078: [GC (GCLocker Initiated GC) [PSYoungGen: 132571K->56955K(175104K)] 615663K->547700K(699392K), 0.0093572 secs] [Times: user=0.15 sys=0.00, real=0.01 secs] 
2016-09-24T02:59:27.015-0400: 82.147: [Full GC (Ergonomics) [PSYoungGen: 145019K->0K(175104K)] [ParOldGen: 496210K->401866K(524288K)] 641230K->401866K(699392K), [Metaspace: 43881K->43881K(1087488K)], 0.0907136 secs] [Times: user=0.91 sys=0.01, real=0.09 secs] 
2016-09-24T02:59:27.156-0400: 82.288: [GC (GCLocker Initiated GC) [PSYoungGen: 88064K->64261K(175104K)] 498035K->474233K(699392K), 0.0075374 secs] [Times: user=0.09 sys=0.00, real=0.01 secs] 
2016-09-24T02:59:27.221-0400: 82.353: [GC (GCLocker Initiated GC) [PSYoungGen: 152325K->48868K(175104K)] 567792K->467241K(699392K), 0.0056212 secs] [Times: user=0.07 sys=0.01, real=0.01 secs] 
2016-09-24T02:59:27.281-0400: 82.413: [GC (GCLocker Initiated GC) [PSYoungGen: 136932K->67475K(175104K)] 555415K->497888K(699392K), 0.0071499 secs] [Times: user=0.10 sys=0.00, real=0.01 secs] 
2016-09-24T02:59:27.334-0400: 82.466: [GC (GCLocker Initiated GC) [PSYoungGen: 155539K->57051K(175104K)] 591591K->510140K(699392K), 0.0075960 secs] [Times: user=0.09 sys=0.00, real=0.01 secs] 
2016-09-24T02:59:27.392-0400: 82.524: [GC (GCLocker Initiated GC) [PSYoungGen: 145115K->60543K(169984K)] 603828K->519255K(694272K), 0.0065109 secs] [Times: user=0.07 sys=0.01, real=0.01 secs] 
2016-09-24T02:59:27.450-0400: 82.582: [GC (GCLocker Initiated GC) [PSYoungGen: 148607K->70972K(172544K)] 621061K->543426K(696832K), 0.0066569 secs] [Times: user=0.10 sys=0.00, real=0.01 secs] 
2016-09-24T02:59:27.508-0400: 82.640: [GC (GCLocker Initiated GC) [PSYoungGen: 159036K->74635K(174080K)] 645129K->560728K(698368K), 0.0076351 secs] [Times: user=0.12 sys=0.00, real=0.01 secs] 
2016-09-24T02:59:27.565-0400: 82.696: [GC (GCLocker Initiated GC) [PSYoungGen: 162699K->65386K(175104K)] 654403K->569831K(699392K), 0.0112172 secs] [Times: user=0.17 sys=0.00, real=0.01 secs] 
2016-09-24T02:59:27.576-0400: 82.708: [Full GC (Ergonomics) [PSYoungGen: 65386K->0K(175104K)] [ParOldGen: 504445K->422372K(524288K)] 569831K->422372K(699392K), [Metaspace: 43881K->43881K(1087488K)], 0.0609867 secs] [Times: user=0.62 sys=0.01, real=0.06 secs] 
2016-09-24T02:59:27.693-0400: 82.825: [GC (GCLocker Initiated GC) [PSYoungGen: 88064K->57023K(172544K)] 515153K->484113K(696832K), 0.0069087 secs] [Times: user=0.06 sys=0.00, real=0.01 secs] 
2016-09-24T02:59:27.752-0400: 82.883: [GC (GCLocker Initiated GC) [PSYoungGen: 145599K->66063K(174080K)] 575524K->495989K(698368K), 0.0083983 secs] [Times: user=0.12 sys=0.00, real=0.01 secs] 
2016-09-24T02:59:27.814-0400: 82.946: [GC (GCLocker Initiated GC) [PSYoungGen: 154639K->50797K(176128K)] 595966K->492124K(700416K), 0.0083596 secs] [Times: user=0.09 sys=0.00, real=0.01 secs] 
2016-09-24T02:59:27.871-0400: 83.003: [GC (GCLocker Initiated GC) [PSYoungGen: 142957K->65047K(176640K)] 592442K->514531K(700928K), 0.0103646 secs] [Times: user=0.13 sys=0.00, real=0.01 secs] 
2016-09-24T02:59:27.935-0400: 83.067: [GC (GCLocker Initiated GC) [PSYoungGen: 157207K->71552K(176128K)] 606755K->523739K(700416K), 0.0066799 secs] [Times: user=0.11 sys=0.00, real=0.00 secs] 
2016-09-24T02:59:27.995-0400: 83.127: [GC (GCLocker Initiated GC) [PSYoungGen: 164224K->76808K(169984K)] 621947K->535360K(694272K), 0.0071725 secs] [Times: user=0.10 sys=0.01, real=0.01 secs] 
2016-09-24T02:59:28.061-0400: 83.193: [GC (GCLocker Initiated GC) [PSYoungGen: 169480K->79922K(175104K)] 630981K->543170K(699392K), 0.0072717 secs] [Times: user=0.10 sys=0.00, real=0.01 secs] 
2016-09-24T02:59:28.120-0400: 83.252: [GC (GCLocker Initiated GC) [PSYoungGen: 167986K->56099K(175104K)] 631378K->550888K(699392K), 0.0073940 secs] [Times: user=0.11 sys=0.00, real=0.01 secs] 
2016-09-24T02:59:28.182-0400: 83.314: [GC (GCLocker Initiated GC) [PSYoungGen: 144163K->64836K(175104K)] 638975K->576077K(699392K), 0.0077544 secs] [Times: user=0.10 sys=0.00, real=0.00 secs] 
2016-09-24T02:59:28.190-0400: 83.322: [Full GC (Ergonomics) [PSYoungGen: 64836K->0K(175104K)] [ParOldGen: 511241K->418628K(524288K)] 576077K->418628K(699392K), [Metaspace: 43881K->43881K(1087488K)], 0.0681123 secs] [Times: user=0.76 sys=0.01, real=0.07 secs] 
2016-09-24T02:59:28.314-0400: 83.446: [GC (GCLocker Initiated GC) [PSYoungGen: 88064K->67109K(155648K)] 513497K->492542K(679936K), 0.0068521 secs] [Times: user=0.09 sys=0.00, real=0.00 secs] 
2016-09-24T02:59:28.379-0400: 83.511: [GC (GCLocker Initiated GC) [PSYoungGen: 155173K->48795K(174080K)] 588784K->482406K(698368K), 0.0165931 secs] [Times: user=0.19 sys=0.00, real=0.02 secs] 
2016-09-24T02:59:28.442-0400: 83.574: [GC (GCLocker Initiated GC) [PSYoungGen: 136347K->57281K(144896K)] 570001K->507565K(669184K), 0.0079538 secs] [Times: user=0.08 sys=0.00, real=0.01 secs] 
2016-09-24T02:59:28.495-0400: 83.627: [GC (GCLocker Initiated GC) [PSYoungGen: 144833K->55913K(175104K)] 600520K->520559K(699392K), 0.0087724 secs] [Times: user=0.08 sys=0.01, real=0.01 secs] 
2016-09-24T02:59:28.553-0400: 83.684: [GC (GCLocker Initiated GC) [PSYoungGen: 145513K->66138K(174080K)] 612956K->551294K(698368K), 0.0077905 secs] [Times: user=0.09 sys=0.00, real=0.01 secs] 
2016-09-24T02:59:28.609-0400: 83.741: [GC (GCLocker Initiated GC) [PSYoungGen: 155738K->49811K(176128K)] 646416K->546763K(700416K), 0.0080338 secs] [Times: user=0.07 sys=0.00, real=0.01 secs] 
2016-09-24T02:59:28.618-0400: 83.749: [Full GC (Ergonomics) [PSYoungGen: 49811K->0K(176128K)] [ParOldGen: 496952K->428788K(524288K)] 546763K->428788K(700416K), [Metaspace: 43881K->43881K(1087488K)], 0.0707566 secs] [Times: user=0.69 sys=0.00, real=0.07 secs] 
2016-09-24T02:59:28.737-0400: 83.869: [GC (GCLocker Initiated GC) [PSYoungGen: 92160K->58581K(176128K)] 529089K->495511K(700416K), 0.0055618 secs] [Times: user=0.08 sys=0.00, real=0.01 secs] 
2016-09-24T02:59:28.798-0400: 83.930: [GC (GCLocker Initiated GC) [PSYoungGen: 150741K->80962K(170496K)] 590619K->526240K(694784K), 0.0073887 secs] [Times: user=0.10 sys=0.00, real=0.01 secs] 
2016-09-24T02:59:28.854-0400: 83.985: [GC (GCLocker Initiated GC) [PSYoungGen: 169026K->63485K(175104K)] 618241K->528326K(699392K), 0.0073244 secs] [Times: user=0.10 sys=0.00, real=0.01 secs] 
2016-09-24T02:59:28.901-0400: 84.033: [GC (GCLocker Initiated GC) [PSYoungGen: 151549K->83038K(173056K)] 616460K->556049K(697344K), 0.0086235 secs] [Times: user=0.12 sys=0.00, real=0.01 secs] 
2016-09-24T02:59:28.961-0400: 84.093: [GC (GCLocker Initiated GC) [PSYoungGen: 171102K->62261K(175104K)] 647034K->566767K(699392K), 0.0082844 secs] [Times: user=0.08 sys=0.00, real=0.01 secs] 
2016-09-24T02:59:28.970-0400: 84.101: [Full GC (Ergonomics) [PSYoungGen: 62261K->0K(175104K)] [ParOldGen: 504505K->432510K(524288K)] 566767K->432510K(699392K), [Metaspace: 43882K->43882K(1087488K)], 0.0501752 secs] [Times: user=0.47 sys=0.00, real=0.05 secs] 
2016-09-24T02:59:29.069-0400: 84.201: [GC (GCLocker Initiated GC) [PSYoungGen: 88064K->76212K(175104K)] 522167K->510315K(699392K), 0.0071405 secs] [Times: user=0.11 sys=0.00, real=0.01 secs] 
2016-09-24T02:59:29.126-0400: 84.258: [GC (GCLocker Initiated GC) [PSYoungGen: 164276K->52584K(175104K)] 611956K->504293K(699392K), 0.0094130 secs] [Times: user=0.12 sys=0.00, real=0.01 secs] 
2016-09-24T02:59:29.184-0400: 84.316: [GC (GCLocker Initiated GC) [PSYoungGen: 140648K->71390K(175104K)] 595194K->537572K(699392K), 0.0074337 secs] [Times: user=0.10 sys=0.00, real=0.00 secs] 
2016-09-24T02:59:29.248-0400: 84.380: [GC (GCLocker Initiated GC) [PSYoungGen: 159454K->52526K(175104K)] 625700K->539756K(699392K), 0.0067111 secs] [Times: user=0.09 sys=0.00, real=0.01 secs] 
2016-09-24T02:59:29.288-0400: 84.420: [GC (GCLocker Initiated GC) [PSYoungGen: 140590K->70069K(175104K)] 627840K->558049K(699392K), 0.0071219 secs] [Times: user=0.10 sys=0.01, real=0.01 secs] 
2016-09-24T02:59:29.334-0400: 84.466: [GC (GCLocker Initiated GC) [PSYoungGen: 158133K->75498K(175104K)] 648901K->566997K(699392K), 0.0072935 secs] [Times: user=0.11 sys=0.00, real=0.00 secs] 
2016-09-24T02:59:29.389-0400: 84.521: [Full GC (Ergonomics) [PSYoungGen: 163562K->0K(175104K)] [ParOldGen: 497016K->439780K(524288K)] 660579K->439780K(699392K), [Metaspace: 43882K->43882K(1087488K)], 0.0616895 secs] [Times: user=0.68 sys=0.00, real=0.06 secs] 
2016-09-24T02:59:29.508-0400: 84.640: [GC (GCLocker Initiated GC) [PSYoungGen: 88064K->51389K(175104K)] 530773K->494098K(699392K), 0.0057910 secs] [Times: user=0.07 sys=0.00, real=0.00 secs] 
2016-09-24T02:59:29.573-0400: 84.705: [GC (GCLocker Initiated GC) [PSYoungGen: 139453K->72869K(175104K)] 588953K->527426K(699392K), 0.0064292 secs] [Times: user=0.10 sys=0.00, real=0.01 secs] 
2016-09-24T02:59:29.627-0400: 84.759: [GC (GCLocker Initiated GC) [PSYoungGen: 160933K->72868K(175104K)] 619615K->545816K(699392K), 0.0088708 secs] [Times: user=0.09 sys=0.01, real=0.01 secs] 
2016-09-24T02:59:29.682-0400: 84.814: [GC (GCLocker Initiated GC) [PSYoungGen: 160932K->74247K(175104K)] 639375K->566955K(699392K), 0.0119123 secs] [Times: user=0.15 sys=0.01, real=0.01 secs] 
2016-09-24T02:59:29.745-0400: 84.877: [GC (GCLocker Initiated GC) [PSYoungGen: 162311K->51114K(175104K)] 657755K->570267K(699392K), 0.0076995 secs] [Times: user=0.07 sys=0.01, real=0.00 secs] 
2016-09-24T02:59:29.753-0400: 84.884: [Full GC (Ergonomics) [PSYoungGen: 51114K->0K(175104K)] [ParOldGen: 519152K->437384K(524288K)] 570267K->437384K(699392K), [Metaspace: 43882K->43882K(1087488K)], 0.0592572 secs] [Times: user=0.60 sys=0.00, real=0.06 secs] 
2016-09-24T02:59:29.867-0400: 84.999: [GC (GCLocker Initiated GC) [PSYoungGen: 88064K->70772K(175104K)] 533778K->516486K(699392K), 0.0062253 secs] [Times: user=0.09 sys=0.01, real=0.00 secs] 
2016-09-24T02:59:29.921-0400: 85.053: [GC (GCLocker Initiated GC) [PSYoungGen: 158836K->63357K(175104K)] 614042K->519921K(699392K), 0.0065926 secs] [Times: user=0.09 sys=0.00, real=0.01 secs] 
2016-09-24T02:59:29.977-0400: 85.109: [GC (GCLocker Initiated GC) [PSYoungGen: 151421K->72872K(175104K)] 610727K->532931K(699392K), 0.0089108 secs] [Times: user=0.13 sys=0.00, real=0.01 secs] 
2016-09-24T02:59:30.036-0400: 85.168: [GC (GCLocker Initiated GC) [PSYoungGen: 160936K->56672K(175104K)] 621023K->517569K(699392K), 0.0068141 secs] [Times: user=0.07 sys=0.00, real=0.01 secs] 
2016-09-24T02:59:30.093-0400: 85.225: [GC (GCLocker Initiated GC) [PSYoungGen: 144736K->56485K(175104K)] 611220K->525137K(699392K), 0.0056242 secs] [Times: user=0.07 sys=0.00, real=0.01 secs] 
2016-09-24T02:59:30.145-0400: 85.277: [GC (GCLocker Initiated GC) [PSYoungGen: 144549K->72805K(175104K)] 618759K->550410K(699392K), 0.0082157 secs] [Times: user=0.11 sys=0.00, real=0.00 secs] 
2016-09-24T02:59:30.199-0400: 85.331: [GC (GCLocker Initiated GC) [PSYoungGen: 160869K->64673K(175104K)] 641303K->559406K(699392K), 0.0072533 secs] [Times: user=0.09 sys=0.00, real=0.01 secs] 
2016-09-24T02:59:30.253-0400: 85.384: [Full GC (Ergonomics) [PSYoungGen: 152737K->0K(175104K)] [ParOldGen: 500245K->425269K(524288K)] 652983K->425269K(699392K), [Metaspace: 43882K->43882K(1087488K)], 0.0726338 secs] [Times: user=0.59 sys=0.01, real=0.08 secs] 
2016-09-24T02:59:30.373-0400: 85.505: [GC (GCLocker Initiated GC) [PSYoungGen: 88064K->52559K(175104K)] 516060K->480556K(699392K), 0.0064947 secs] [Times: user=0.07 sys=0.00, real=0.01 secs] 
2016-09-24T02:59:30.422-0400: 85.553: [GC (GCLocker Initiated GC) [PSYoungGen: 140623K->65329K(153600K)] 568719K->493425K(677888K), 0.0110369 secs] [Times: user=0.10 sys=0.00, real=0.01 secs] 
2016-09-24T02:59:30.479-0400: 85.611: [GC (GCLocker Initiated GC) [PSYoungGen: 153393K->70221K(172544K)] 584435K->501263K(696832K), 0.0066056 secs] [Times: user=0.08 sys=0.01, real=0.01 secs] 
2016-09-24T02:59:30.538-0400: 85.670: [GC (GCLocker Initiated GC) [PSYoungGen: 157773K->78848K(173056K)] 588825K->509900K(697344K), 0.0072417 secs] [Times: user=0.09 sys=0.00, real=0.01 secs] 
2016-09-24T02:59:30.602-0400: 85.734: [GC (GCLocker Initiated GC) [PSYoungGen: 166400K->34159K(175104K)] 616447K->486439K(699392K), 0.0112631 secs] [Times: user=0.11 sys=0.00, real=0.00 secs] 
2016-09-24T02:59:30.661-0400: 85.792: [GC (GCLocker Initiated GC) [PSYoungGen: 122223K->61921K(175104K)] 574593K->531761K(699392K), 0.0084121 secs] [Times: user=0.10 sys=0.00, real=0.01 secs] 
2016-09-24T02:59:30.716-0400: 85.848: [GC (GCLocker Initiated GC) [PSYoungGen: 149985K->84063K(175104K)] 622567K->566192K(699392K), 0.0085173 secs] [Times: user=0.12 sys=0.00, real=0.01 secs] 
2016-09-24T02:59:30.778-0400: 85.910: [GC (GCLocker Initiated GC) [PSYoungGen: 172127K->49700K(175104K)] 654357K->566902K(699392K), 0.0083774 secs] [Times: user=0.12 sys=0.00, real=0.01 secs] 
2016-09-24T02:59:30.787-0400: 85.918: [Full GC (Ergonomics) [PSYoungGen: 49700K->0K(175104K)] [ParOldGen: 517201K->430062K(524288K)] 566902K->430062K(699392K), [Metaspace: 43882K->43882K(1087488K)], 0.0568189 secs] [Times: user=0.53 sys=0.00, real=0.06 secs] 
2016-09-24T02:59:30.897-0400: 86.029: [GC (GCLocker Initiated GC) [PSYoungGen: 88064K->59627K(175104K)] 523550K->495114K(699392K), 0.0103052 secs] [Times: user=0.14 sys=0.00, real=0.01 secs] 
2016-09-24T02:59:30.961-0400: 86.092: [GC (GCLocker Initiated GC) [PSYoungGen: 147691K->47183K(175104K)] 594208K->496219K(699392K), 0.0059362 secs] [Times: user=0.05 sys=0.00, real=0.01 secs] 
2016-09-24T02:59:31.016-0400: 86.148: [GC (GCLocker Initiated GC) [PSYoungGen: 135247K->70048K(175104K)] 587073K->528050K(699392K), 0.0069957 secs] [Times: user=0.09 sys=0.00, real=0.01 secs] 
2016-09-24T02:59:31.067-0400: 86.199: [GC (GCLocker Initiated GC) [PSYoungGen: 158112K->83607K(175104K)] 621620K->547785K(699392K), 0.0074962 secs] [Times: user=0.09 sys=0.00, real=0.01 secs] 
2016-09-24T02:59:31.123-0400: 86.255: [GC (GCLocker Initiated GC) [PSYoungGen: 171671K->74125K(175104K)] 641329K->552619K(699392K), 0.0074720 secs] [Times: user=0.10 sys=0.00, real=0.00 secs] 
2016-09-24T02:59:31.180-0400: 86.312: [GC (GCLocker Initiated GC) [PSYoungGen: 162189K->66023K(175104K)] 649030K->553552K(699392K), 0.0073344 secs] [Times: user=0.10 sys=0.00, real=0.01 secs] 
2016-09-24T02:59:31.237-0400: 86.369: [GC (GCLocker Initiated GC) [PSYoungGen: 154087K->86340K(175104K)] 641741K->577399K(699392K), 0.0077277 secs] [Times: user=0.10 sys=0.01, real=0.01 secs] 
2016-09-24T02:59:31.295-0400: 86.427: [GC (GCLocker Initiated GC) [PSYoungGen: 174404K->67283K(175104K)] 668214K->584806K(699392K), 0.0071259 secs] [Times: user=0.09 sys=0.00, real=0.01 secs] 
2016-09-24T02:59:31.303-0400: 86.434: [Full GC (Ergonomics) [PSYoungGen: 67283K->0K(175104K)] [ParOldGen: 517522K->440642K(524288K)] 584806K->440642K(699392K), [Metaspace: 43886K->43886K(1087488K)], 0.0545298 secs] [Times: user=0.51 sys=0.01, real=0.05 secs] 
2016-09-24T02:59:31.409-0400: 86.541: [GC (GCLocker Initiated GC) [PSYoungGen: 88064K->62137K(175104K)] 541003K->515076K(699392K), 0.0071518 secs] [Times: user=0.09 sys=0.01, real=0.01 secs] 
2016-09-24T02:59:31.467-0400: 86.599: [GC (GCLocker Initiated GC) [PSYoungGen: 150201K->60625K(175104K)] 611270K->522617K(699392K), 0.0055870 secs] [Times: user=0.08 sys=0.00, real=0.00 secs] 
2016-09-24T02:59:31.531-0400: 86.663: [GC (GCLocker Initiated GC) [PSYoungGen: 148689K->68507K(175104K)] 613415K->535352K(699392K), 0.0065300 secs] [Times: user=0.08 sys=0.01, real=0.01 secs] 
2016-09-24T02:59:31.582-0400: 86.714: [GC (GCLocker Initiated GC) [PSYoungGen: 156571K->53623K(175104K)] 628908K->540003K(699392K), 0.0213424 secs] [Times: user=0.28 sys=0.01, real=0.03 secs] 
2016-09-24T02:59:31.657-0400: 86.789: [GC (GCLocker Initiated GC) [PSYoungGen: 141687K->37519K(175104K)] 635506K->534651K(699392K), 0.0141731 secs] [Times: user=0.16 sys=0.01, real=0.01 secs] 
2016-09-24T02:59:31.720-0400: 86.852: [GC (GCLocker Initiated GC) [PSYoungGen: 125583K->79315K(175104K)] 622795K->577300K(699392K), 0.0069925 secs] [Times: user=0.09 sys=0.00, real=0.01 secs] 
2016-09-24T02:59:31.777-0400: 86.909: [Full GC (Ergonomics) [PSYoungGen: 167379K->0K(175104K)] [ParOldGen: 500722K->425113K(524288K)] 668101K->425113K(699392K), [Metaspace: 43889K->43889K(1087488K)], 0.0828609 secs] [Times: user=0.84 sys=0.00, real=0.08 secs] 
2016-09-24T02:59:31.904-0400: 87.036: [GC (GCLocker Initiated GC) [PSYoungGen: 88064K->61015K(175104K)] 515916K->488867K(699392K), 0.0063028 secs] [Times: user=0.07 sys=0.00, real=0.00 secs] 
2016-09-24T02:59:31.960-0400: 87.092: [GC (GCLocker Initiated GC) [PSYoungGen: 149079K->64683K(175104K)] 582581K->515431K(699392K), 0.0092767 secs] [Times: user=0.14 sys=0.00, real=0.01 secs] 
2016-09-24T02:59:32.023-0400: 87.155: [GC (GCLocker Initiated GC) [PSYoungGen: 152747K->55072K(175104K)] 609117K->512211K(699392K), 0.0058940 secs] [Times: user=0.06 sys=0.00, real=0.00 secs] 
2016-09-24T02:59:32.080-0400: 87.212: [GC (GCLocker Initiated GC) [PSYoungGen: 143136K->75477K(175104K)] 600376K->534763K(699392K), 0.0070757 secs] [Times: user=0.09 sys=0.00, real=0.01 secs] 
2016-09-24T02:59:32.130-0400: 87.261: [GC (GCLocker Initiated GC) [PSYoungGen: 163541K->61814K(175104K)] 622961K->528707K(699392K), 0.0080973 secs] [Times: user=0.06 sys=0.01, real=0.01 secs] 
2016-09-24T02:59:32.191-0400: 87.323: [GC (GCLocker Initiated GC) [PSYoungGen: 149878K->63357K(175104K)] 625111K->539334K(699392K), 0.0079671 secs] [Times: user=0.11 sys=0.00, real=0.01 secs] 
2016-09-24T02:59:32.246-0400: 87.378: [GC (GCLocker Initiated GC) [PSYoungGen: 151421K->64801K(171008K)] 630144K->544261K(695296K), 0.0073968 secs] [Times: user=0.09 sys=0.01, real=0.00 secs] 
2016-09-24T02:59:32.298-0400: 87.430: [GC (GCLocker Initiated GC) [PSYoungGen: 152865K->53870K(173056K)] 639107K->540818K(697344K), 0.0100437 secs] [Times: user=0.12 sys=0.00, real=0.01 secs] 
2016-09-24T02:59:32.357-0400: 87.489: [GC (GCLocker Initiated GC) [PSYoungGen: 141934K->63354K(172544K)] 634297K->556545K(696832K), 0.0071299 secs] [Times: user=0.10 sys=0.00, real=0.01 secs] 
2016-09-24T02:59:32.412-0400: 87.544: [GC (GCLocker Initiated GC) [PSYoungGen: 156026K->71606K(175104K)] 654684K->571037K(699392K), 0.0069656 secs] [Times: user=0.10 sys=0.00, real=0.01 secs] 
2016-09-24T02:59:32.468-0400: 87.600: [GC (GCLocker Initiated GC) [PSYoungGen: 164278K->63442K(177152K)] 666604K->585570K(701440K), 0.0083477 secs] [Times: user=0.12 sys=0.00, real=0.01 secs] 
2016-09-24T02:59:32.476-0400: 87.608: [Full GC (Ergonomics) [PSYoungGen: 63442K->0K(177152K)] [ParOldGen: 522127K->432616K(524288K)] 585570K->432616K(701440K), [Metaspace: 43894K->43894K(1087488K)], 0.0515759 secs] [Times: user=0.50 sys=0.00, real=0.05 secs] 
2016-09-24T02:59:32.577-0400: 87.708: [GC (GCLocker Initiated GC) [PSYoungGen: 95744K->78894K(175104K)] 531089K->514240K(699392K), 0.0078867 secs] [Times: user=0.10 sys=0.01, real=0.01 secs] 
2016-09-24T02:59:32.636-0400: 87.768: [GC (GCLocker Initiated GC) [PSYoungGen: 174638K->49921K(174592K)] 612713K->489475K(698880K), 0.0123270 secs] [Times: user=0.11 sys=0.00, real=0.01 secs] 
2016-09-24T02:59:32.697-0400: 87.829: [GC (GCLocker Initiated GC) [PSYoungGen: 139009K->74301K(163840K)] 584034K->520367K(688128K), 0.0075635 secs] [Times: user=0.10 sys=0.00, real=0.01 secs] 
2016-09-24T02:59:32.763-0400: 87.895: [GC (GCLocker Initiated GC) [PSYoungGen: 163389K->49866K(175104K)] 612275K->499601K(699392K), 0.0094641 secs] [Times: user=0.10 sys=0.00, real=0.00 secs] 
2016-09-24T02:59:32.825-0400: 87.957: [GC (GCLocker Initiated GC) [PSYoungGen: 137930K->60708K(148992K)] 593351K->530527K(673280K), 0.0114637 secs] [Times: user=0.16 sys=0.01, real=0.01 secs] 
2016-09-24T02:59:32.893-0400: 88.025: [GC (GCLocker Initiated GC) [PSYoungGen: 148772K->42693K(173056K)] 618696K->525652K(697344K), 0.0101348 secs] [Times: user=0.11 sys=0.00, real=0.02 secs] 
2016-09-24T02:59:32.953-0400: 88.085: [GC (GCLocker Initiated GC) [PSYoungGen: 129733K->55564K(174080K)] 620929K->560960K(698368K), 0.0069211 secs] [Times: user=0.08 sys=0.00, real=0.01 secs] 
2016-09-24T02:59:32.960-0400: 88.092: [Full GC (Ergonomics) [PSYoungGen: 55564K->0K(174080K)] [ParOldGen: 505395K->437838K(524288K)] 560960K->437838K(698368K), [Metaspace: 43894K->43894K(1087488K)], 0.0514371 secs] [Times: user=0.46 sys=0.00, real=0.05 secs] 
2016-09-24T02:59:33.061-0400: 88.193: [GC (GCLocker Initiated GC) [PSYoungGen: 87040K->73341K(173056K)] 527727K->514029K(697344K), 0.0077192 secs] [Times: user=0.11 sys=0.00, real=0.01 secs] 
2016-09-24T02:59:33.118-0400: 88.250: [GC (GCLocker Initiated GC) [PSYoungGen: 160893K->58103K(174592K)] 604427K->519165K(698880K), 0.0068338 secs] [Times: user=0.10 sys=0.00, real=0.01 secs] 
2016-09-24T02:59:33.184-0400: 88.316: [GC (GCLocker Initiated GC) [PSYoungGen: 145655K->66180K(173568K)] 609451K->551237K(697856K), 0.0261571 secs] [Times: user=0.34 sys=0.00, real=0.02 secs] 
2016-09-24T02:59:33.258-0400: 88.390: [GC (GCLocker Initiated GC) [PSYoungGen: 155268K->58227K(174592K)] 643197K->571420K(698880K), 0.0070361 secs] [Times: user=0.09 sys=0.00, real=0.01 secs] 
2016-09-24T02:59:33.266-0400: 88.397: [Full GC (Ergonomics) [PSYoungGen: 58227K->0K(174592K)] [ParOldGen: 513192K->444050K(524288K)] 571420K->444050K(698880K), [Metaspace: 43894K->43894K(1087488K)], 0.0617376 secs] [Times: user=0.49 sys=0.02, real=0.06 secs] 
2016-09-24T02:59:33.380-0400: 88.512: [GC (GCLocker Initiated GC) [PSYoungGen: 89088K->75164K(172544K)] 533449K->519526K(696832K), 0.0090608 secs] [Times: user=0.12 sys=0.00, real=0.01 secs] 
2016-09-24T02:59:33.442-0400: 88.574: [GC (GCLocker Initiated GC) [PSYoungGen: 164252K->67707K(175616K)] 622276K->527523K(699904K), 0.0068225 secs] [Times: user=0.09 sys=0.00, real=0.01 secs] 
2016-09-24T02:59:33.497-0400: 88.629: [GC (Allocation Failure) [PSYoungGen: 156795K->73079K(174080K)] 619544K->550365K(698368K), 0.0079168 secs] [Times: user=0.12 sys=0.00, real=0.01 secs] 
2016-09-24T02:59:33.556-0400: 88.688: [GC (GCLocker Initiated GC) [PSYoungGen: 161143K->68820K(175104K)] 638432K->552566K(699392K), 0.0066542 secs] [Times: user=0.09 sys=0.00, real=0.01 secs] 
2016-09-24T02:59:33.615-0400: 88.747: [GC (GCLocker Initiated GC) [PSYoungGen: 156884K->55370K(173568K)] 643409K->544045K(697856K), 0.0088368 secs] [Times: user=0.11 sys=0.00, real=0.01 secs] 
2016-09-24T02:59:33.677-0400: 88.809: [GC (GCLocker Initiated GC) [PSYoungGen: 143946K->62431K(174592K)] 632695K->565778K(698880K), 0.0070039 secs] [Times: user=0.08 sys=0.00, real=0.01 secs] 
2016-09-24T02:59:33.684-0400: 88.816: [Full GC (Ergonomics) [PSYoungGen: 62431K->0K(174592K)] [ParOldGen: 503346K->444125K(524288K)] 565778K->444125K(698880K), [Metaspace: 43894K->43894K(1087488K)], 0.0553389 secs] [Times: user=0.51 sys=0.01, real=0.05 secs] 
2016-09-24T02:59:33.793-0400: 88.925: [GC (GCLocker Initiated GC) [PSYoungGen: 88576K->68349K(175104K)] 534105K->513879K(699392K), 0.0107063 secs] [Times: user=0.15 sys=0.00, real=0.02 secs] 
2016-09-24T02:59:33.851-0400: 88.983: [GC (GCLocker Initiated GC) [PSYoungGen: 159485K->81423K(175104K)] 605272K->529910K(699392K), 0.0073481 secs] [Times: user=0.10 sys=0.00, real=0.01 secs] 
2016-09-24T02:59:33.912-0400: 89.043: [GC (GCLocker Initiated GC) [PSYoungGen: 172559K->41900K(175104K)] 622529K->520215K(699392K), 0.0071145 secs] [Times: user=0.08 sys=0.00, real=0.01 secs] 
2016-09-24T02:59:33.969-0400: 89.101: [GC (GCLocker Initiated GC) [PSYoungGen: 129964K->56942K(175104K)] 615114K->544530K(699392K), 0.0072279 secs] [Times: user=0.08 sys=0.00, real=0.01 secs] 
2016-09-24T02:59:34.023-0400: 89.155: [GC (GCLocker Initiated GC) [PSYoungGen: 145006K->68874K(175104K)] 634279K->578176K(699392K), 0.0079462 secs] [Times: user=0.12 sys=0.00, real=0.00 secs] 
2016-09-24T02:59:34.032-0400: 89.163: [Full GC (Ergonomics) [PSYoungGen: 68874K->0K(175104K)] [ParOldGen: 509301K->448729K(524288K)] 578176K->448729K(699392K), [Metaspace: 43894K->43894K(1087488K)], 0.0660675 secs] [Times: user=0.81 sys=0.00, real=0.07 secs] 
2016-09-24T02:59:34.153-0400: 89.285: [GC (GCLocker Initiated GC) [PSYoungGen: 88064K->72400K(175104K)] 546493K->530829K(699392K), 0.0068514 secs] [Times: user=0.08 sys=0.00, real=0.01 secs] 
2016-09-24T02:59:34.212-0400: 89.344: [GC (GCLocker Initiated GC) [PSYoungGen: 160464K->68874K(175104K)] 619296K->541641K(699392K), 0.0070339 secs] [Times: user=0.10 sys=0.00, real=0.01 secs] 
2016-09-24T02:59:34.272-0400: 89.404: [GC (GCLocker Initiated GC) [PSYoungGen: 156938K->47493K(175104K)] 637936K->546992K(699392K), 0.0058478 secs] [Times: user=0.08 sys=0.00, real=0.01 secs] 
2016-09-24T02:59:34.278-0400: 89.410: [Full GC (Ergonomics) [PSYoungGen: 47493K->0K(175104K)] [ParOldGen: 499498K->454210K(524288K)] 546992K->454210K(699392K), [Metaspace: 43894K->43894K(1087488K)], 0.0482013 secs] [Times: user=0.40 sys=0.00, real=0.05 secs] 
2016-09-24T02:59:34.377-0400: 89.509: [GC (GCLocker Initiated GC) [PSYoungGen: 88064K->65708K(175104K)] 549686K->527330K(699392K), 0.0063161 secs] [Times: user=0.09 sys=0.00, real=0.01 secs] 
2016-09-24T02:59:34.435-0400: 89.567: [GC (GCLocker Initiated GC) [PSYoungGen: 153772K->54030K(142336K)] 618302K->531138K(666624K), 0.0094849 secs] [Times: user=0.09 sys=0.00, real=0.01 secs] 
2016-09-24T02:59:34.501-0400: 89.633: [GC (GCLocker Initiated GC) [PSYoungGen: 142094K->68329K(174592K)] 619339K->545573K(698880K), 0.0177923 secs] [Times: user=0.21 sys=0.00, real=0.02 secs] 
2016-09-24T02:59:34.575-0400: 89.707: [GC (GCLocker Initiated GC) [PSYoungGen: 156393K->78858K(174592K)] 637828K->560294K(698880K), 0.0102530 secs] [Times: user=0.13 sys=0.00, real=0.01 secs] 
2016-09-24T02:59:34.637-0400: 89.769: [GC (GCLocker Initiated GC) [PSYoungGen: 166922K->60628K(175104K)] 652213K->550317K(699392K), 0.0103807 secs] [Times: user=0.12 sys=0.00, real=0.01 secs] 
2016-09-24T02:59:34.698-0400: 89.830: [GC (GCLocker Initiated GC) [PSYoungGen: 148692K->51229K(175104K)] 642512K->563241K(699392K), 0.0077843 secs] [Times: user=0.07 sys=0.01, real=0.01 secs] 
2016-09-24T02:59:34.706-0400: 89.838: [Full GC (Ergonomics) [PSYoungGen: 51229K->0K(175104K)] [ParOldGen: 512012K->457273K(524288K)] 563241K->457273K(699392K), [Metaspace: 43894K->43894K(1087488K)], 0.0630195 secs] [Times: user=0.61 sys=0.01, real=0.06 secs] 
2016-09-24T02:59:34.825-0400: 89.957: [GC (GCLocker Initiated GC) [PSYoungGen: 88064K->54845K(175104K)] 558942K->525723K(699392K), 0.0059951 secs] [Times: user=0.06 sys=0.01, real=0.00 secs] 
2016-09-24T02:59:34.885-0400: 90.017: [GC (GCLocker Initiated GC) [PSYoungGen: 142909K->71724K(175104K)] 613909K->542724K(699392K), 0.0084449 secs] [Times: user=0.12 sys=0.00, real=0.00 secs] 
2016-09-24T02:59:34.945-0400: 90.077: [GC (GCLocker Initiated GC) [PSYoungGen: 159788K->54397K(175104K)] 637598K->550840K(699392K), 0.0074543 secs] [Times: user=0.09 sys=0.00, real=0.00 secs] 
2016-09-24T02:59:34.952-0400: 90.084: [Full GC (Ergonomics) [PSYoungGen: 54397K->0K(175104K)] [ParOldGen: 496443K->462819K(524288K)] 550840K->462819K(699392K), [Metaspace: 43894K->43894K(1087488K)], 0.0552005 secs] [Times: user=0.42 sys=0.01, real=0.06 secs] 
2016-09-24T02:59:35.059-0400: 90.191: [GC (GCLocker Initiated GC) [PSYoungGen: 88064K->84617K(175104K)] 553702K->550255K(699392K), 0.0085903 secs] [Times: user=0.14 sys=0.00, real=0.01 secs] 
2016-09-24T02:59:35.118-0400: 90.249: [GC (GCLocker Initiated GC) [PSYoungGen: 172681K->51481K(175104K)] 644132K->546302K(699392K), 0.0101036 secs] [Times: user=0.11 sys=0.00, real=0.01 secs] 
2016-09-24T02:59:35.128-0400: 90.260: [Full GC (Ergonomics) [PSYoungGen: 51481K->0K(175104K)] [ParOldGen: 494821K->460710K(524288K)] 546302K->460710K(699392K), [Metaspace: 43894K->43894K(1087488K)], 0.0624414 secs] [Times: user=0.71 sys=0.01, real=0.06 secs] 
2016-09-24T02:59:35.248-0400: 90.379: [GC (GCLocker Initiated GC) [PSYoungGen: 88064K->49383K(175104K)] 562318K->523638K(699392K), 0.0168524 secs] [Times: user=0.21 sys=0.02, real=0.02 secs] 
2016-09-24T02:59:35.316-0400: 90.448: [GC (GCLocker Initiated GC) [PSYoungGen: 137447K->55441K(175104K)] 611748K->557068K(699392K), 0.0079606 secs] [Times: user=0.13 sys=0.00, real=0.01 secs] 
2016-09-24T02:59:35.324-0400: 90.456: [Full GC (Ergonomics) [PSYoungGen: 55441K->0K(175104K)] [ParOldGen: 501626K->469327K(524288K)] 557068K->469327K(699392K), [Metaspace: 43894K->43894K(1087488K)], 0.0550429 secs] [Times: user=0.52 sys=0.00, real=0.05 secs] 
2016-09-24T02:59:35.445-0400: 90.577: [GC (GCLocker Initiated GC) [PSYoungGen: 88064K->56325K(175104K)] 569610K->537871K(699392K), 0.0065935 secs] [Times: user=0.07 sys=0.00, real=0.00 secs] 
2016-09-24T02:59:35.502-0400: 90.634: [GC (GCLocker Initiated GC) [PSYoungGen: 144389K->60931K(171008K)] 631816K->551521K(695296K), 0.0198842 secs] [Times: user=0.25 sys=0.01, real=0.02 secs] 
2016-09-24T02:59:35.522-0400: 90.654: [Full GC (Ergonomics) [PSYoungGen: 60931K->0K(171008K)] [ParOldGen: 490589K->472737K(524288K)] 551521K->472737K(695296K), [Metaspace: 43894K->43894K(1087488K)], 0.0685900 secs] [Times: user=0.75 sys=0.01, real=0.06 secs] 
2016-09-24T02:59:35.644-0400: 90.776: [GC (GCLocker Initiated GC) [PSYoungGen: 88064K->79941K(173056K)] 560884K->552762K(697344K), 0.0069046 secs] [Times: user=0.10 sys=0.00, real=0.00 secs] 
2016-09-24T02:59:35.697-0400: 90.829: [GC (GCLocker Initiated GC) [PSYoungGen: 168005K->60773K(175104K)] 646305K->567234K(699392K), 0.0080772 secs] [Times: user=0.09 sys=0.00, real=0.01 secs] 
2016-09-24T02:59:35.705-0400: 90.837: [Full GC (Ergonomics) [PSYoungGen: 60773K->0K(175104K)] [ParOldGen: 506460K->475581K(524288K)] 567234K->475581K(699392K), [Metaspace: 43895K->43895K(1087488K)], 0.0556146 secs] [Times: user=0.52 sys=0.00, real=0.05 secs] 
2016-09-24T02:59:35.817-0400: 90.949: [GC (GCLocker Initiated GC) [PSYoungGen: 88064K->76105K(175104K)] 563771K->551813K(699392K), 0.0071390 secs] [Times: user=0.11 sys=0.00, real=0.01 secs] 
2016-09-24T02:59:35.875-0400: 91.007: [GC (GCLocker Initiated GC) [PSYoungGen: 164169K->55239K(175104K)] 640021K->540503K(699392K), 0.0062547 secs] [Times: user=0.05 sys=0.01, real=0.00 secs] 
2016-09-24T02:59:35.930-0400: 91.062: [GC (GCLocker Initiated GC) [PSYoungGen: 143303K->54080K(175104K)] 632667K->563295K(699392K), 0.0072088 secs] [Times: user=0.10 sys=0.00, real=0.01 secs] 
2016-09-24T02:59:35.937-0400: 91.069: [Full GC (Ergonomics) [PSYoungGen: 54080K->0K(175104K)] [ParOldGen: 509215K->472674K(524288K)] 563295K->472674K(699392K), [Metaspace: 43895K->43895K(1087488K)], 0.0541024 secs] [Times: user=0.53 sys=0.00, real=0.05 secs] 
2016-09-24T02:59:36.043-0400: 91.175: [GC (GCLocker Initiated GC) [PSYoungGen: 88064K->81407K(175104K)] 560818K->554162K(699392K), 0.0087219 secs] [Times: user=0.13 sys=0.00, real=0.00 secs] 
2016-09-24T02:59:36.101-0400: 91.232: [GC (GCLocker Initiated GC) [PSYoungGen: 169471K->67703K(175104K)] 645022K->560731K(699392K), 0.0091109 secs] [Times: user=0.13 sys=0.00, real=0.01 secs] 
2016-09-24T02:59:36.110-0400: 91.242: [Full GC (Ergonomics) [PSYoungGen: 67703K->0K(175104K)] [ParOldGen: 493027K->470710K(524288K)] 560731K->470710K(699392K), [Metaspace: 43895K->43895K(1087488K)], 0.0787198 secs] [Times: user=0.94 sys=0.00, real=0.08 secs] 
2016-09-24T02:59:36.242-0400: 91.374: [GC (GCLocker Initiated GC) [PSYoungGen: 88064K->78897K(175104K)] 558878K->549711K(699392K), 0.0076161 secs] [Times: user=0.09 sys=0.00, real=0.01 secs] 
2016-09-24T02:59:36.300-0400: 91.431: [GC (GCLocker Initiated GC) [PSYoungGen: 166961K->57953K(175104K)] 637908K->553354K(699392K), 0.0096984 secs] [Times: user=0.10 sys=0.00, real=0.01 secs] 
2016-09-24T02:59:36.309-0400: 91.441: [Full GC (Ergonomics) [PSYoungGen: 57953K->0K(175104K)] [ParOldGen: 495400K->466738K(524288K)] 553354K->466738K(699392K), [Metaspace: 43895K->43895K(1087488K)], 0.0611117 secs] [Times: user=0.49 sys=0.01, real=0.06 secs] 
2016-09-24T02:59:36.420-0400: 91.552: [GC (GCLocker Initiated GC) [PSYoungGen: 88064K->75849K(175104K)] 561665K->549451K(699392K), 0.0095702 secs] [Times: user=0.10 sys=0.00, real=0.01 secs] 
2016-09-24T02:59:36.487-0400: 91.619: [GC (GCLocker Initiated GC) [PSYoungGen: 163913K->40453K(175104K)] 640254K->539569K(699392K), 0.0074548 secs] [Times: user=0.07 sys=0.01, real=0.01 secs] 
2016-09-24T02:59:36.494-0400: 91.626: [Full GC (Ergonomics) [PSYoungGen: 40453K->0K(175104K)] [ParOldGen: 499115K->468206K(524288K)] 539569K->468206K(699392K), [Metaspace: 43895K->43895K(1087488K)], 0.0625093 secs] [Times: user=0.56 sys=0.00, real=0.06 secs] 
2016-09-24T02:59:36.612-0400: 91.744: [GC (GCLocker Initiated GC) [PSYoungGen: 88064K->70672K(175104K)] 557717K->540325K(699392K), 0.0073694 secs] [Times: user=0.11 sys=0.00, real=0.01 secs] 
2016-09-24T02:59:36.675-0400: 91.807: [GC (GCLocker Initiated GC) [PSYoungGen: 158736K->40180K(175104K)] 639312K->526136K(699392K), 0.0057431 secs] [Times: user=0.06 sys=0.00, real=0.00 secs] 
2016-09-24T02:59:36.737-0400: 91.869: [Full GC (Ergonomics) [PSYoungGen: 128244K->0K(175104K)] [ParOldGen: 494072K->470307K(524288K)] 622316K->470307K(699392K), [Metaspace: 43895K->43895K(1087488K)], 0.0572276 secs] [Times: user=0.62 sys=0.01, real=0.06 secs] 
2016-09-24T02:59:36.858-0400: 91.990: [GC (GCLocker Initiated GC) [PSYoungGen: 88064K->60942K(175104K)] 561328K->534206K(699392K), 0.0073340 secs] [Times: user=0.11 sys=0.00, real=0.01 secs] 
2016-09-24T02:59:36.912-0400: 92.044: [GC (GCLocker Initiated GC) [PSYoungGen: 149006K->68810K(175104K)] 627914K->548804K(699392K), 0.0079477 secs] [Times: user=0.11 sys=0.00, real=0.01 secs] 
2016-09-24T02:59:36.969-0400: 92.101: [GC (GCLocker Initiated GC) [PSYoungGen: 156874K->59306K(175104K)] 636897K->542859K(699392K), 0.0058623 secs] [Times: user=0.08 sys=0.00, real=0.01 secs] 
2016-09-24T02:59:37.030-0400: 92.162: [GC (GCLocker Initiated GC) [PSYoungGen: 147370K->70105K(175104K)] 633685K->558538K(699392K), 0.0071432 secs] [Times: user=0.09 sys=0.00, real=0.01 secs] 
2016-09-24T02:59:37.079-0400: 92.211: [GC (GCLocker Initiated GC) [PSYoungGen: 158169K->66053K(175104K)] 649367K->568834K(699392K), 0.0089809 secs] [Times: user=0.12 sys=0.00, real=0.01 secs] 
2016-09-24T02:59:37.089-0400: 92.220: [Full GC (Ergonomics) [PSYoungGen: 66053K->0K(175104K)] [ParOldGen: 502780K->476368K(524288K)] 568834K->476368K(699392K), [Metaspace: 43895K->43895K(1087488K)], 0.0632282 secs] [Times: user=0.67 sys=0.00, real=0.06 secs] 
2016-09-24T02:59:37.209-0400: 92.341: [GC (GCLocker Initiated GC) [PSYoungGen: 88064K->51583K(175104K)] 569850K->533370K(699392K), 0.0059112 secs] [Times: user=0.08 sys=0.00, real=0.01 secs] 
2016-09-24T02:59:37.264-0400: 92.396: [GC (GCLocker Initiated GC) [PSYoungGen: 139647K->68718K(175104K)] 621476K->553121K(699392K), 0.0069192 secs] [Times: user=0.09 sys=0.00, real=0.00 secs] 
2016-09-24T02:59:37.314-0400: 92.446: [GC (GCLocker Initiated GC) [PSYoungGen: 156782K->63374K(151552K)] 643988K->564778K(675840K), 0.0069690 secs] [Times: user=0.09 sys=0.01, real=0.01 secs] 
2016-09-24T02:59:37.321-0400: 92.453: [Full GC (Ergonomics) [PSYoungGen: 63374K->0K(151552K)] [ParOldGen: 501403K->475535K(524288K)] 564778K->475535K(675840K), [Metaspace: 43895K->43895K(1087488K)], 0.0532734 secs] [Times: user=0.51 sys=0.00, real=0.06 secs] 
2016-09-24T02:59:37.422-0400: 92.554: [GC (GCLocker Initiated GC) [PSYoungGen: 88064K->82691K(172032K)] 563624K->558251K(696320K), 0.0078519 secs] [Times: user=0.10 sys=0.00, real=0.00 secs] 
2016-09-24T02:59:37.473-0400: 92.605: [GC (GCLocker Initiated GC) [PSYoungGen: 169219K->64629K(173568K)] 648133K->548812K(697856K), 0.0062733 secs] [Times: user=0.07 sys=0.00, real=0.01 secs] 
2016-09-24T02:59:37.523-0400: 92.655: [GC (GCLocker Initiated GC) [PSYoungGen: 151157K->53739K(175104K)] 643474K->568339K(699392K), 0.0069112 secs] [Times: user=0.08 sys=0.00, real=0.00 secs] 
2016-09-24T02:59:37.531-0400: 92.662: [Full GC (Ergonomics) [PSYoungGen: 53739K->0K(175104K)] [ParOldGen: 514600K->482642K(524288K)] 568339K->482642K(699392K), [Metaspace: 43895K->43895K(1087488K)], 0.0581163 secs] [Times: user=0.60 sys=0.00, real=0.06 secs] 
2016-09-24T02:59:37.635-0400: 92.767: [GC (GCLocker Initiated GC) [PSYoungGen: 88064K->57941K(146432K)] 570819K->540697K(670720K), 0.0072816 secs] [Times: user=0.06 sys=0.00, real=0.01 secs] 
2016-09-24T02:59:37.695-0400: 92.827: [GC (GCLocker Initiated GC) [PSYoungGen: 146005K->77662K(174080K)] 631519K->563175K(698368K), 0.0088889 secs] [Times: user=0.11 sys=0.00, real=0.01 secs] 
2016-09-24T02:59:37.747-0400: 92.878: [GC (GCLocker Initiated GC) [PSYoungGen: 165214K->59225K(174592K)] 651885K->577082K(698880K), 0.0151667 secs] [Times: user=0.17 sys=0.00, real=0.01 secs] 
2016-09-24T02:59:37.762-0400: 92.894: [Full GC (Ergonomics) [PSYoungGen: 59225K->0K(174592K)] [ParOldGen: 517856K->472297K(524288K)] 577082K->472297K(698880K), [Metaspace: 43895K->43895K(1087488K)], 0.0823846 secs] [Times: user=0.91 sys=0.01, real=0.09 secs] 
2016-09-24T02:59:37.894-0400: 93.026: [GC (GCLocker Initiated GC) [PSYoungGen: 87552K->74429K(175104K)] 562638K->549515K(699392K), 0.0080303 secs] [Times: user=0.09 sys=0.01, real=0.01 secs] 
2016-09-24T02:59:37.950-0400: 93.082: [GC (GCLocker Initiated GC) [PSYoungGen: 162493K->61967K(175104K)] 640310K->562413K(699392K), 0.0084603 secs] [Times: user=0.12 sys=0.01, real=0.01 secs] 
2016-09-24T02:59:37.959-0400: 93.091: [Full GC (Ergonomics) [PSYoungGen: 61967K->0K(175104K)] [ParOldGen: 500446K->477318K(524288K)] 562413K->477318K(699392K), [Metaspace: 43895K->43895K(1087488K)], 0.0679153 secs] [Times: user=0.71 sys=0.01, real=0.07 secs] 
2016-09-24T02:59:38.071-0400: 93.203: [GC (GCLocker Initiated GC) [PSYoungGen: 88064K->64948K(172032K)] 570846K->547731K(696320K), 0.0073303 secs] [Times: user=0.09 sys=0.00, real=0.01 secs] 
2016-09-24T02:59:38.130-0400: 93.261: [Full GC (Ergonomics) [PSYoungGen: 153012K->0K(172032K)] [ParOldGen: 489769K->478428K(524288K)] 642782K->478428K(696320K), [Metaspace: 43895K->43895K(1087488K)], 0.0637636 secs] [Times: user=0.68 sys=0.02, real=0.06 secs] 
2016-09-24T02:59:38.249-0400: 93.380: [GC (GCLocker Initiated GC) [PSYoungGen: 88064K->59547K(173568K)] 572134K->543626K(697856K), 0.0097775 secs] [Times: user=0.12 sys=0.00, real=0.01 secs] 
2016-09-24T02:59:38.305-0400: 93.437: [GC (GCLocker Initiated GC) [PSYoungGen: 147611K->77477K(172032K)] 631773K->561639K(696320K), 0.0071477 secs] [Times: user=0.11 sys=0.00, real=0.00 secs] 
2016-09-24T02:59:38.363-0400: 93.495: [GC (GCLocker Initiated GC) [PSYoungGen: 165541K->52240K(175104K)] 656646K->543345K(699392K), 0.0064341 secs] [Times: user=0.06 sys=0.00, real=0.00 secs] 
2016-09-24T02:59:38.412-0400: 93.544: [Full GC (Ergonomics) [PSYoungGen: 140304K->0K(175104K)] [ParOldGen: 496746K->480567K(524288K)] 637050K->480567K(699392K), [Metaspace: 43907K->43907K(1087488K)], 0.0517614 secs] [Times: user=0.44 sys=0.00, real=0.06 secs] 
2016-09-24T02:59:38.510-0400: 93.642: [GC (GCLocker Initiated GC) [PSYoungGen: 88064K->75656K(175104K)] 568749K->556341K(699392K), 0.0076478 secs] [Times: user=0.09 sys=0.00, real=0.01 secs] 
2016-09-24T02:59:38.559-0400: 93.691: [GC (GCLocker Initiated GC) [PSYoungGen: 163720K->73557K(175104K)] 647173K->557009K(699392K), 0.0083958 secs] [Times: user=0.10 sys=0.01, real=0.01 secs] 
2016-09-24T02:59:38.624-0400: 93.756: [GC (GCLocker Initiated GC) [PSYoungGen: 161621K->71401K(175104K)] 647953K->557733K(699392K), 0.0069848 secs] [Times: user=0.10 sys=0.00, real=0.00 secs] 
2016-09-24T02:59:38.674-0400: 93.806: [GC (GCLocker Initiated GC) [PSYoungGen: 159465K->78737K(175104K)] 648721K->573425K(699392K), 0.0079308 secs] [Times: user=0.12 sys=0.00, real=0.01 secs] 
2016-09-24T02:59:38.732-0400: 93.863: [Full GC (Ergonomics) [PSYoungGen: 166801K->0K(175104K)] [ParOldGen: 506895K->483361K(524288K)] 673697K->483361K(699392K), [Metaspace: 43914K->43914K(1087488K)], 0.0678080 secs] [Times: user=0.76 sys=0.00, real=0.07 secs] 
2016-09-24T02:59:38.849-0400: 93.981: [GC (GCLocker Initiated GC) [PSYoungGen: 88064K->72984K(175104K)] 576979K->561900K(699392K), 0.0077569 secs] [Times: user=0.12 sys=0.00, real=0.01 secs] 
2016-09-24T02:59:38.915-0400: 94.047: [GC (GCLocker Initiated GC) [PSYoungGen: 161048K->63254K(175104K)] 655425K->561277K(699392K), 0.0073768 secs] [Times: user=0.10 sys=0.00, real=0.01 secs] 
2016-09-24T02:59:38.968-0400: 94.100: [GC (GCLocker Initiated GC) [PSYoungGen: 151318K->55173K(175104K)] 649504K->567513K(699392K), 0.0078189 secs] [Times: user=0.11 sys=0.00, real=0.01 secs] 
2016-09-24T02:59:38.976-0400: 94.108: [Full GC (Ergonomics) [PSYoungGen: 55173K->0K(175104K)] [ParOldGen: 512340K->476978K(524288K)] 567513K->476978K(699392K), [Metaspace: 43914K->43914K(1087488K)], 0.0530847 secs] [Times: user=0.50 sys=0.01, real=0.05 secs] 
2016-09-24T02:59:39.074-0400: 94.205: [GC (GCLocker Initiated GC) [PSYoungGen: 88064K->74372K(175104K)] 567802K->554111K(699392K), 0.0067814 secs] [Times: user=0.09 sys=0.00, real=0.01 secs] 
2016-09-24T02:59:39.125-0400: 94.257: [GC (GCLocker Initiated GC) [PSYoungGen: 162436K->59252K(175104K)] 644944K->576494K(699392K), 0.0111842 secs] [Times: user=0.16 sys=0.01, real=0.01 secs] 
2016-09-24T02:59:39.137-0400: 94.268: [Full GC (Ergonomics) [PSYoungGen: 59252K->0K(175104K)] [ParOldGen: 517241K->483429K(524288K)] 576494K->483429K(699392K), [Metaspace: 43914K->43914K(1087488K)], 0.0598736 secs] [Times: user=0.63 sys=0.00, real=0.06 secs] 
2016-09-24T02:59:39.250-0400: 94.382: [Full GC (Ergonomics) [PSYoungGen: 88064K->0K(175104K)] [ParOldGen: 495779K->481231K(524288K)] 583843K->481231K(699392K), [Metaspace: 43914K->43914K(1087488K)], 0.0692696 secs] [Times: user=0.78 sys=0.02, real=0.07 secs] 
2016-09-24T02:59:39.379-0400: 94.511: [GC (GCLocker Initiated GC) [PSYoungGen: 88064K->58104K(175104K)] 577634K->547674K(699392K), 0.0108207 secs] [Times: user=0.16 sys=0.01, real=0.01 secs] 
2016-09-24T02:59:39.439-0400: 94.570: [Full GC (Ergonomics) [PSYoungGen: 146168K->0K(175104K)] [ParOldGen: 495018K->479827K(524288K)] 641186K->479827K(699392K), [Metaspace: 43914K->43914K(1087488K)], 0.0608717 secs] [Times: user=0.51 sys=0.01, real=0.06 secs] 
2016-09-24T02:59:39.553-0400: 94.685: [GC (GCLocker Initiated GC) [PSYoungGen: 88064K->55435K(175104K)] 578729K->546101K(699392K), 0.0113534 secs] [Times: user=0.08 sys=0.00, real=0.02 secs] 
2016-09-24T02:59:39.616-0400: 94.748: [Full GC (Ergonomics) [PSYoungGen: 143499K->0K(175104K)] [ParOldGen: 500217K->486335K(524288K)] 643717K->486335K(699392K), [Metaspace: 43914K->43914K(1087488K)], 0.0725056 secs] [Times: user=0.69 sys=0.02, real=0.07 secs] 
2016-09-24T02:59:39.752-0400: 94.884: [Full GC (Ergonomics) [PSYoungGen: 88064K->0K(175104K)] [ParOldGen: 495830K->484146K(524288K)] 583894K->484146K(699392K), [Metaspace: 43914K->43914K(1087488K)], 0.0631525 secs] [Times: user=0.70 sys=0.01, real=0.07 secs] 
2016-09-24T02:59:39.863-0400: 94.994: [GC (GCLocker Initiated GC) [PSYoungGen: 88064K->63442K(151552K)] 580325K->555704K(675840K), 0.0064797 secs] [Times: user=0.09 sys=0.00, real=0.00 secs] 
2016-09-24T02:59:39.918-0400: 95.050: [Full GC (Ergonomics) [PSYoungGen: 151506K->0K(151552K)] [ParOldGen: 499124K->490721K(524288K)] 650630K->490721K(675840K), [Metaspace: 43914K->43914K(1087488K)], 0.0547508 secs] [Times: user=0.52 sys=0.00, real=0.05 secs] 
2016-09-24T02:59:40.031-0400: 95.163: [Full GC (Ergonomics) [PSYoungGen: 88064K->0K(151552K)] [ParOldGen: 496209K->480373K(524288K)] 584273K->480373K(675840K), [Metaspace: 43914K->43914K(1087488K)], 0.0798103 secs] [Times: user=0.92 sys=0.00, real=0.08 secs] 
2016-09-24T02:59:40.162-0400: 95.294: [GC (GCLocker Initiated GC) [PSYoungGen: 88064K->62314K(175104K)] 576622K->550873K(699392K), 0.0105634 secs] [Times: user=0.17 sys=0.01, real=0.01 secs] 
2016-09-24T02:59:40.220-0400: 95.352: [GC (GCLocker Initiated GC) [PSYoungGen: 151914K->84467K(174080K)] 643277K->575830K(698368K), 0.0079464 secs] [Times: user=0.12 sys=0.00, real=0.01 secs] 
2016-09-24T02:59:40.270-0400: 95.402: [GC (GCLocker Initiated GC) [PSYoungGen: 174067K->85246K(175104K)] 665440K->588415K(699392K), 0.0111557 secs] [Times: user=0.10 sys=0.01, real=0.01 secs] 
2016-09-24T02:59:40.281-0400: 95.413: [Full GC (Ergonomics) [PSYoungGen: 85246K->0K(175104K)] [ParOldGen: 503169K->484773K(524288K)] 588415K->484773K(699392K), [Metaspace: 43914K->43914K(1087488K)], 0.0596093 secs] [Times: user=0.58 sys=0.00, real=0.06 secs] 
2016-09-24T02:59:40.388-0400: 95.520: [GC (GCLocker Initiated GC) [PSYoungGen: 88064K->69038K(175104K)] 574759K->555733K(699392K), 0.0113214 secs] [Times: user=0.17 sys=0.00, real=0.01 secs] 
2016-09-24T02:59:40.452-0400: 95.583: [GC (GCLocker Initiated GC) [PSYoungGen: 157102K->49666K(175104K)] 646533K->549568K(699392K), 0.0068276 secs] [Times: user=0.08 sys=0.00, real=0.01 secs] 
2016-09-24T02:59:40.459-0400: 95.590: [Full GC (Ergonomics) [PSYoungGen: 49666K->0K(175104K)] [ParOldGen: 499902K->474992K(524288K)] 549568K->474992K(699392K), [Metaspace: 43914K->43914K(1087488K)], 0.0679101 secs] [Times: user=0.75 sys=0.01, real=0.07 secs] 
2016-09-24T02:59:40.577-0400: 95.708: [GC (GCLocker Initiated GC) [PSYoungGen: 88064K->64832K(175104K)] 563096K->539865K(699392K), 0.0110078 secs] [Times: user=0.13 sys=0.01, real=0.01 secs] 
2016-09-24T02:59:40.630-0400: 95.762: [GC (GCLocker Initiated GC) [PSYoungGen: 152896K->67368K(175104K)] 628098K->573212K(699392K), 0.0082820 secs] [Times: user=0.10 sys=0.01, real=0.01 secs] 
2016-09-24T02:59:40.639-0400: 95.771: [Full GC (Ergonomics) [PSYoungGen: 67368K->0K(175104K)] [ParOldGen: 505843K->481521K(524288K)] 573212K->481521K(699392K), [Metaspace: 43915K->43915K(1087488K)], 0.0551645 secs] [Times: user=0.54 sys=0.01, real=0.06 secs] 
2016-09-24T02:59:40.740-0400: 95.872: [GC (GCLocker Initiated GC) [PSYoungGen: 88064K->74567K(175104K)] 572399K->558902K(699392K), 0.0073342 secs] [Times: user=0.11 sys=0.00, real=0.01 secs] 
2016-09-24T02:59:40.793-0400: 95.924: [GC (GCLocker Initiated GC) [PSYoungGen: 162631K->61905K(175104K)] 649742K->556913K(699392K), 0.0074117 secs] [Times: user=0.09 sys=0.00, real=0.01 secs] 
2016-09-24T02:59:40.855-0400: 95.987: [Full GC (Ergonomics) [PSYoungGen: 149969K->0K(175104K)] [ParOldGen: 498539K->482065K(524288K)] 648509K->482065K(699392K), [Metaspace: 43919K->43919K(1087488K)], 0.0686347 secs] [Times: user=0.78 sys=0.00, real=0.07 secs] 
2016-09-24T02:59:40.975-0400: 96.107: [GC (GCLocker Initiated GC) [PSYoungGen: 88064K->44445K(175104K)] 579841K->536223K(699392K), 0.0080954 secs] [Times: user=0.11 sys=0.00, real=0.01 secs] 
2016-09-24T02:59:41.031-0400: 96.162: [GC (GCLocker Initiated GC) [PSYoungGen: 132509K->71283K(175104K)] 628471K->569560K(699392K), 0.0077273 secs] [Times: user=0.10 sys=0.01, real=0.01 secs] 
2016-09-24T02:59:41.038-0400: 96.170: [Full GC (Ergonomics) [PSYoungGen: 71283K->0K(175104K)] [ParOldGen: 498276K->487128K(524288K)] 569560K->487128K(699392K), [Metaspace: 43919K->43919K(1087488K)], 0.0709683 secs] [Times: user=0.73 sys=0.01, real=0.07 secs] 
2016-09-24T02:59:41.160-0400: 96.292: [GC (GCLocker Initiated GC) [PSYoungGen: 88064K->56748K(175104K)] 578880K->547565K(699392K), 0.0073076 secs] [Times: user=0.07 sys=0.00, real=0.01 secs] 
2016-09-24T02:59:41.212-0400: 96.343: [GC (GCLocker Initiated GC) [PSYoungGen: 144812K->68615K(175104K)] 638427K->564498K(699392K), 0.0084121 secs] [Times: user=0.13 sys=0.00, real=0.01 secs] 
2016-09-24T02:59:41.265-0400: 96.397: [GC (GCLocker Initiated GC) [PSYoungGen: 156679K->51194K(175104K)] 652577K->567937K(699392K), 0.0140032 secs] [Times: user=0.21 sys=0.00, real=0.01 secs] 
2016-09-24T02:59:41.279-0400: 96.411: [Full GC (Ergonomics) [PSYoungGen: 51194K->0K(175104K)] [ParOldGen: 516742K->483449K(524288K)] 567937K->483449K(699392K), [Metaspace: 43919K->43919K(1087488K)], 0.0596556 secs] [Times: user=0.51 sys=0.01, real=0.06 secs] 
2016-09-24T02:59:41.380-0400: 96.512: [GC (GCLocker Initiated GC) [PSYoungGen: 88064K->77064K(175104K)] 577029K->566029K(699392K), 0.0071464 secs] [Times: user=0.07 sys=0.01, real=0.01 secs] 
2016-09-24T02:59:41.434-0400: 96.566: [GC (GCLocker Initiated GC) [PSYoungGen: 165128K->68669K(175104K)] 659561K->572273K(699392K), 0.0070686 secs] [Times: user=0.08 sys=0.01, real=0.01 secs] 
2016-09-24T02:59:41.441-0400: 96.573: [Full GC (Ergonomics) [PSYoungGen: 68669K->0K(175104K)] [ParOldGen: 503604K->489716K(524288K)] 572273K->489716K(699392K), [Metaspace: 43919K->43919K(1087488K)], 0.0539481 secs] [Times: user=0.48 sys=0.00, real=0.06 secs] 
2016-09-24T02:59:41.546-0400: 96.677: [GC (GCLocker Initiated GC) [PSYoungGen: 88064K->66296K(175104K)] 586125K->564357K(699392K), 0.0072798 secs] [Times: user=0.11 sys=0.00, real=0.00 secs] 
2016-09-24T02:59:41.606-0400: 96.738: [Full GC (Ergonomics) [PSYoungGen: 154360K->0K(175104K)] [ParOldGen: 503717K->499055K(524288K)] 658077K->499055K(699392K), [Metaspace: 43919K->43919K(1087488K)], 0.0654974 secs] [Times: user=0.63 sys=0.00, real=0.06 secs] 
2016-09-24T02:59:41.735-0400: 96.867: [Full GC (Ergonomics) [PSYoungGen: 88064K->0K(175104K)] [ParOldGen: 509957K->483540K(524288K)] 598021K->483540K(699392K), [Metaspace: 43919K->43919K(1087488K)], 0.1217280 secs] [Times: user=1.61 sys=0.01, real=0.12 secs] 
2016-09-24T02:59:41.904-0400: 97.036: [GC (GCLocker Initiated GC) [PSYoungGen: 88064K->58002K(146432K)] 574347K->544285K(670720K), 0.0078234 secs] [Times: user=0.05 sys=0.00, real=0.00 secs] 
2016-09-24T02:59:41.961-0400: 97.093: [GC (GCLocker Initiated GC) [PSYoungGen: 146066K->65446K(176128K)] 635130K->554510K(700416K), 0.0096495 secs] [Times: user=0.14 sys=0.00, real=0.01 secs] 
2016-09-24T02:59:42.018-0400: 97.150: [GC (GCLocker Initiated GC) [PSYoungGen: 155558K->82220K(174592K)] 647385K->574047K(698880K), 0.0079860 secs] [Times: user=0.12 sys=0.01, real=0.01 secs] 
2016-09-24T02:59:42.080-0400: 97.212: [GC (GCLocker Initiated GC) [PSYoungGen: 172332K->66604K(175104K)] 664261K->562637K(699392K), 0.0072876 secs] [Times: user=0.11 sys=0.00, real=0.01 secs] 
2016-09-24T02:59:42.138-0400: 97.270: [GC (GCLocker Initiated GC) [PSYoungGen: 154668K->76560K(175104K)] 656213K->578105K(699392K), 0.0071114 secs] [Times: user=0.12 sys=0.00, real=0.01 secs] 
2016-09-24T02:59:42.193-0400: 97.325: [GC (GCLocker Initiated GC) [PSYoungGen: 164624K->85542K(175104K)] 666376K->604746K(699392K), 0.0086521 secs] [Times: user=0.11 sys=0.00, real=0.01 secs] 
2016-09-24T02:59:42.202-0400: 97.334: [Full GC (Ergonomics) [PSYoungGen: 85542K->0K(175104K)] [ParOldGen: 519204K->492464K(524288K)] 604746K->492464K(699392K), [Metaspace: 43919K->43919K(1087488K)], 0.0504751 secs] [Times: user=0.39 sys=0.01, real=0.05 secs] 
2016-09-24T02:59:42.298-0400: 97.430: [GC (GCLocker Initiated GC) [PSYoungGen: 88064K->73024K(175104K)] 580630K->565591K(699392K), 0.0077811 secs] [Times: user=0.08 sys=0.00, real=0.01 secs] 
2016-09-24T02:59:42.346-0400: 97.478: [GC (GCLocker Initiated GC) [PSYoungGen: 161088K->57839K(175104K)] 653693K->578422K(699392K), 0.0115713 secs] [Times: user=0.17 sys=0.00, real=0.01 secs] 
2016-09-24T02:59:42.358-0400: 97.490: [Full GC (Ergonomics) [PSYoungGen: 57839K->0K(175104K)] [ParOldGen: 520583K->488131K(524288K)] 578422K->488131K(699392K), [Metaspace: 43919K->43919K(1087488K)], 0.0685536 secs] [Times: user=0.78 sys=0.01, real=0.07 secs] 
2016-09-24T02:59:42.473-0400: 97.604: [GC (GCLocker Initiated GC) [PSYoungGen: 88064K->59227K(175104K)] 578974K->550138K(699392K), 0.0060426 secs] [Times: user=0.05 sys=0.00, real=0.01 secs] 
2016-09-24T02:59:42.526-0400: 97.658: [GC (GCLocker Initiated GC) [PSYoungGen: 147291K->75515K(175104K)] 640976K->582119K(699392K), 0.0085974 secs] [Times: user=0.13 sys=0.00, real=0.01 secs] 
2016-09-24T02:59:42.535-0400: 97.667: [Full GC (Ergonomics) [PSYoungGen: 75515K->0K(175104K)] [ParOldGen: 506603K->491839K(524288K)] 582119K->491839K(699392K), [Metaspace: 43919K->43919K(1087488K)], 0.0818054 secs] [Times: user=0.61 sys=0.01, real=0.08 secs] 
2016-09-24T02:59:42.678-0400: 97.810: [Full GC (Ergonomics) [PSYoungGen: 88064K->0K(175104K)] [ParOldGen: 497342K->492343K(524288K)] 585406K->492343K(699392K), [Metaspace: 43919K->43919K(1087488K)], 0.0650674 secs] [Times: user=0.56 sys=0.00, real=0.07 secs] 
2016-09-24T02:59:42.791-0400: 97.923: [GC (GCLocker Initiated GC) [PSYoungGen: 88064K->72913K(175104K)] 583293K->568143K(699392K), 0.0086426 secs] [Times: user=0.09 sys=0.00, real=0.01 secs] 
2016-09-24T02:59:42.844-0400: 97.976: [Full GC (Ergonomics) [PSYoungGen: 160977K->0K(175104K)] [ParOldGen: 498164K->498684K(524288K)] 659142K->498684K(699392K), [Metaspace: 43919K->43919K(1087488K)], 0.0732126 secs] [Times: user=0.70 sys=0.01, real=0.07 secs] 
2016-09-24T02:59:42.964-0400: 98.095: [Full GC (Ergonomics) [PSYoungGen: 88064K->0K(175104K)] [ParOldGen: 501628K->501817K(524288K)] 589692K->501817K(699392K), [Metaspace: 43919K->43919K(1087488K)], 0.0500648 secs] [Times: user=0.43 sys=0.01, real=0.04 secs] 
2016-09-24T02:59:43.060-0400: 98.192: [Full GC (Ergonomics) [PSYoungGen: 88064K->0K(175104K)] [ParOldGen: 508812K->502293K(524288K)] 596876K->502293K(699392K), [Metaspace: 43919K->43919K(1087488K)], 0.0616666 secs] [Times: user=0.66 sys=0.02, real=0.06 secs] 
2016-09-24T02:59:43.175-0400: 98.307: [Full GC (Ergonomics) [PSYoungGen: 88064K->0K(175104K)] [ParOldGen: 505117K->494743K(524288K)] 593181K->494743K(699392K), [Metaspace: 43919K->43919K(1087488K)], 0.0544130 secs] [Times: user=0.47 sys=0.00, real=0.05 secs] 
2016-09-24T02:59:43.290-0400: 98.422: [Full GC (Ergonomics) [PSYoungGen: 88064K->0K(175104K)] [ParOldGen: 502914K->492565K(524288K)] 590978K->492565K(699392K), [Metaspace: 43919K->43919K(1087488K)], 0.0850938 secs] [Times: user=0.76 sys=0.00, real=0.09 secs] 
2016-09-24T02:59:43.426-0400: 98.558: [GC (GCLocker Initiated GC) [PSYoungGen: 88064K->75891K(175104K)] 584901K->572729K(699392K), 0.0081025 secs] [Times: user=0.11 sys=0.01, real=0.01 secs] 
2016-09-24T02:59:43.481-0400: 98.613: [Full GC (Ergonomics) [PSYoungGen: 163955K->0K(175104K)] [ParOldGen: 506423K->496429K(524288K)] 670379K->496429K(699392K), [Metaspace: 43919K->43919K(1087488K)], 0.0573091 secs] [Times: user=0.46 sys=0.00, real=0.06 secs] 
2016-09-24T02:59:43.586-0400: 98.718: [Full GC (Ergonomics) [PSYoungGen: 88064K->0K(175104K)] [ParOldGen: 508644K->490022K(524288K)] 596708K->490022K(699392K), [Metaspace: 43919K->43919K(1087488K)], 0.0785571 secs] [Times: user=0.78 sys=0.01, real=0.08 secs] 
2016-09-24T02:59:43.710-0400: 98.841: [GC (GCLocker Initiated GC) [PSYoungGen: 88064K->62051K(175104K)] 582212K->556200K(699392K), 0.0070387 secs] [Times: user=0.11 sys=0.00, real=0.01 secs] 
2016-09-24T02:59:43.775-0400: 98.907: [Full GC (Ergonomics) [PSYoungGen: 150115K->0K(175104K)] [ParOldGen: 507653K->487123K(524288K)] 657769K->487123K(699392K), [Metaspace: 43919K->43919K(1087488K)], 0.0557579 secs] [Times: user=0.54 sys=0.00, real=0.05 secs] 
2016-09-24T02:59:43.880-0400: 99.012: [GC (GCLocker Initiated GC) [PSYoungGen: 88064K->61933K(175104K)] 578135K->552005K(699392K), 0.0066958 secs] [Times: user=0.09 sys=0.01, real=0.01 secs] 
2016-09-24T02:59:43.933-0400: 99.064: [GC (GCLocker Initiated GC) [PSYoungGen: 149997K->48346K(175104K)] 647015K->545995K(699392K), 0.0073550 secs] [Times: user=0.07 sys=0.00, real=0.01 secs] 
2016-09-24T02:59:43.992-0400: 99.123: [Full GC (Ergonomics) [PSYoungGen: 136410K->0K(175104K)] [ParOldGen: 507175K->492843K(524288K)] 643586K->492843K(699392K), [Metaspace: 43919K->43919K(1087488K)], 0.0539300 secs] [Times: user=0.43 sys=0.01, real=0.06 secs] 
2016-09-24T02:59:44.092-0400: 99.224: [GC (GCLocker Initiated GC) [PSYoungGen: 88064K->72886K(175104K)] 583700K->568523K(699392K), 0.0073441 secs] [Times: user=0.10 sys=0.01, real=0.01 secs] 
2016-09-24T02:59:44.149-0400: 99.281: [GC (GCLocker Initiated GC) [PSYoungGen: 160950K->78154K(175104K)] 659337K->577421K(699392K), 0.0073067 secs] [Times: user=0.10 sys=0.00, real=0.01 secs] 
2016-09-24T02:59:44.203-0400: 99.335: [GC (GCLocker Initiated GC) [PSYoungGen: 166218K->65939K(175104K)] 669774K->575603K(699392K), 0.0070895 secs] [Times: user=0.09 sys=0.00, real=0.00 secs] 
2016-09-24T02:59:44.211-0400: 99.342: [Full GC (Ergonomics) [PSYoungGen: 65939K->0K(175104K)] [ParOldGen: 509663K->485183K(524288K)] 575603K->485183K(699392K), [Metaspace: 43919K->43919K(1087488K)], 0.0826921 secs] [Times: user=0.89 sys=0.02, real=0.08 secs] 
2016-09-24T02:59:44.339-0400: 99.471: [GC (GCLocker Initiated GC) [PSYoungGen: 88064K->86486K(175104K)] 573381K->571803K(699392K), 0.0077274 secs] [Times: user=0.11 sys=0.01, real=0.01 secs] 
2016-09-24T02:59:44.387-0400: 99.519: [GC (GCLocker Initiated GC) [PSYoungGen: 174550K->82234K(175104K)] 662647K->576670K(699392K), 0.0086351 secs] [Times: user=0.10 sys=0.02, real=0.01 secs] 
2016-09-24T02:59:44.455-0400: 99.587: [GC (GCLocker Initiated GC) [PSYoungGen: 170298K->59187K(175104K)] 668821K->574592K(699392K), 0.0072619 secs] [Times: user=0.10 sys=0.00, real=0.01 secs] 
2016-09-24T02:59:44.463-0400: 99.595: [Full GC (Ergonomics) [PSYoungGen: 59187K->0K(175104K)] [ParOldGen: 515404K->489526K(524288K)] 574592K->489526K(699392K), [Metaspace: 43919K->43919K(1087488K)], 0.0690627 secs] [Times: user=0.82 sys=0.01, real=0.06 secs] 
2016-09-24T02:59:44.582-0400: 99.714: [GC (GCLocker Initiated GC) [PSYoungGen: 88064K->71601K(175104K)] 580350K->563887K(699392K), 0.0118259 secs] [Times: user=0.16 sys=0.02, real=0.01 secs] 
2016-09-24T02:59:44.651-0400: 99.783: [GC (GCLocker Initiated GC) --[PSYoungGen: 159665K->159665K(175104K)] 658849K->681410K(699392K), 0.0098910 secs] [Times: user=0.10 sys=0.01, real=0.01 secs] 
2016-09-24T02:59:44.662-0400: 99.793: [Full GC (Ergonomics) [PSYoungGen: 159665K->0K(175104K)] [ParOldGen: 521744K->491801K(524288K)] 681410K->491801K(699392K), [Metaspace: 43925K->43925K(1087488K)], 0.0580745 secs] [Times: user=0.60 sys=0.00, real=0.06 secs] 
2016-09-24T02:59:44.768-0400: 99.900: [GC (GCLocker Initiated GC) [PSYoungGen: 88064K->43149K(175104K)] 590794K->545879K(699392K), 0.0076940 secs] [Times: user=0.08 sys=0.00, real=0.01 secs] 
2016-09-24T02:59:44.822-0400: 99.954: [Full GC (Ergonomics) [PSYoungGen: 131213K->0K(175104K)] [ParOldGen: 505496K->495477K(524288K)] 636709K->495477K(699392K), [Metaspace: 43925K->43925K(1087488K)], 0.0663953 secs] [Times: user=0.68 sys=0.03, real=0.06 secs] 
2016-09-24T02:59:44.934-0400: 100.066: [GC (GCLocker Initiated GC) [PSYoungGen: 88064K->63419K(175104K)] 586274K->561629K(699392K), 0.0066831 secs] [Times: user=0.08 sys=0.00, real=0.01 secs] 
2016-09-24T02:59:44.993-0400: 100.125: [Full GC (Ergonomics) [PSYoungGen: 151483K->0K(175104K)] [ParOldGen: 509082K->496489K(524288K)] 660565K->496489K(699392K), [Metaspace: 43925K->43925K(1087488K)], 0.0633351 secs] [Times: user=0.66 sys=0.00, real=0.07 secs] 
2016-09-24T02:59:45.102-0400: 100.234: [GC (GCLocker Initiated GC) [PSYoungGen: 88064K->70293K(175104K)] 591345K->573575K(699392K), 0.0094904 secs] [Times: user=0.14 sys=0.00, real=0.00 secs] 
2016-09-24T02:59:45.156-0400: 100.288: [GC (GCLocker Initiated GC) [PSYoungGen: 158357K->56482K(175104K)] 662097K->580068K(699392K), 0.0075423 secs] [Times: user=0.10 sys=0.00, real=0.01 secs] 
2016-09-24T02:59:45.164-0400: 100.296: [Full GC (Ergonomics) [PSYoungGen: 56482K->0K(175104K)] [ParOldGen: 523586K->498914K(524288K)] 580068K->498914K(699392K), [Metaspace: 43925K->43925K(1087488K)], 0.0540189 secs] [Times: user=0.46 sys=0.00, real=0.05 secs] 
2016-09-24T02:59:45.264-0400: 100.396: [Full GC (Ergonomics) [PSYoungGen: 88064K->0K(175104K)] [ParOldGen: 507187K->490968K(524288K)] 595251K->490968K(699392K), [Metaspace: 43925K->43925K(1087488K)], 0.0789861 secs] [Times: user=0.89 sys=0.00, real=0.08 secs] 
2016-09-24T02:59:45.395-0400: 100.527: [GC (GCLocker Initiated GC) [PSYoungGen: 88064K->55337K(175104K)] 588564K->555838K(699392K), 0.0061707 secs] [Times: user=0.08 sys=0.00, real=0.00 secs] 
2016-09-24T02:59:45.448-0400: 100.580: [Full GC (Ergonomics) [PSYoungGen: 143401K->0K(175104K)] [ParOldGen: 506028K->490179K(524288K)] 649430K->490179K(699392K), [Metaspace: 43925K->43925K(1087488K)], 0.1660935 secs] [Times: user=2.50 sys=0.02, real=0.17 secs] 
2016-09-24T02:59:45.662-0400: 100.794: [GC (GCLocker Initiated GC) [PSYoungGen: 88064K->64854K(175104K)] 578262K->555052K(699392K), 0.0072083 secs] [Times: user=0.10 sys=0.00, real=0.01 secs] 
2016-09-24T02:59:45.728-0400: 100.860: [GC (GCLocker Initiated GC) [PSYoungGen: 152918K->60673K(175104K)] 646020K->556002K(699392K), 0.0065640 secs] [Times: user=0.08 sys=0.00, real=0.01 secs] 
2016-09-24T02:59:45.783-0400: 100.914: [GC (GCLocker Initiated GC) [PSYoungGen: 148737K->44257K(175104K)] 648358K->555470K(699392K), 0.0062996 secs] [Times: user=0.07 sys=0.00, real=0.00 secs] 
2016-09-24T02:59:45.789-0400: 100.921: [Full GC (Ergonomics) [PSYoungGen: 44257K->0K(175104K)] [ParOldGen: 511213K->491945K(524288K)] 555470K->491945K(699392K), [Metaspace: 43926K->43926K(1087488K)], 0.0609912 secs] [Times: user=0.49 sys=0.00, real=0.06 secs] 
2016-09-24T02:59:45.896-0400: 101.028: [GC (GCLocker Initiated GC) [PSYoungGen: 88064K->78514K(175104K)] 581375K->571826K(699392K), 0.0072696 secs] [Times: user=0.10 sys=0.00, real=0.01 secs] 
2016-09-24T02:59:45.952-0400: 101.084: [GC (GCLocker Initiated GC) [PSYoungGen: 166578K->80707K(175104K)] 660120K->578009K(699392K), 0.0094199 secs] [Times: user=0.13 sys=0.00, real=0.01 secs] 
2016-09-24T02:59:46.010-0400: 101.142: [GC (GCLocker Initiated GC) [PSYoungGen: 168771K->67366K(175104K)] 668856K->568100K(699392K), 0.0076913 secs] [Times: user=0.08 sys=0.01, real=0.01 secs] 
2016-09-24T02:59:46.065-0400: 101.197: [Full GC (Ergonomics) [PSYoungGen: 155430K->0K(175104K)] [ParOldGen: 510249K->499675K(524288K)] 665679K->499675K(699392K), [Metaspace: 43926K->43926K(1087488K)], 0.0562095 secs] [Times: user=0.56 sys=0.00, real=0.05 secs] 
2016-09-24T02:59:46.171-0400: 101.303: [GC (GCLocker Initiated GC) [PSYoungGen: 88064K->52616K(175104K)] 593189K->557742K(699392K), 0.0062962 secs] [Times: user=0.09 sys=0.00, real=0.01 secs] 
2016-09-24T02:59:46.227-0400: 101.359: [GC (GCLocker Initiated GC) [PSYoungGen: 140680K->70018K(175104K)] 645886K->577554K(699392K), 0.0163545 secs] [Times: user=0.20 sys=0.00, real=0.02 secs] 
2016-09-24T02:59:46.290-0400: 101.422: [Full GC (Ergonomics) [PSYoungGen: 158082K->0K(175104K)] [ParOldGen: 515797K->501415K(524288K)] 673879K->501415K(699392K), [Metaspace: 43926K->43926K(1087488K)], 0.0543939 secs] [Times: user=0.45 sys=0.00, real=0.06 secs] 
2016-09-24T02:59:46.395-0400: 101.527: [GC (GCLocker Initiated GC) [PSYoungGen: 88064K->73137K(175104K)] 589663K->574736K(699392K), 0.0076816 secs] [Times: user=0.10 sys=0.00, real=0.01 secs] 
2016-09-24T02:59:46.460-0400: 101.591: [Full GC (Ergonomics) [PSYoungGen: 161201K->0K(175104K)] [ParOldGen: 515270K->502440K(524288K)] 676471K->502440K(699392K), [Metaspace: 43926K->43926K(1087488K)], 0.0765061 secs] [Times: user=0.84 sys=0.01, real=0.08 secs] 
2016-09-24T02:59:46.589-0400: 101.721: [GC (GCLocker Initiated GC) [PSYoungGen: 88064K->57985K(175104K)] 595933K->565855K(699392K), 0.0070398 secs] [Times: user=0.08 sys=0.00, real=0.01 secs] 
2016-09-24T02:59:46.643-0400: 101.775: [Full GC (Ergonomics) [PSYoungGen: 146049K->0K(175104K)] [ParOldGen: 510630K->500756K(524288K)] 656679K->500756K(699392K), [Metaspace: 43926K->43926K(1087488K)], 0.0540188 secs] [Times: user=0.48 sys=0.00, real=0.05 secs] 
2016-09-24T02:59:46.748-0400: 101.879: [Full GC (Ergonomics) [PSYoungGen: 88064K->0K(175104K)] [ParOldGen: 510379K->504073K(524288K)] 598443K->504073K(699392K), [Metaspace: 43926K->43926K(1087488K)], 0.0561643 secs] [Times: user=0.54 sys=0.00, real=0.06 secs] 
2016-09-24T02:59:46.857-0400: 101.989: [GC (GCLocker Initiated GC) [PSYoungGen: 88064K->63558K(175104K)] 595921K->571416K(699392K), 0.0065759 secs] [Times: user=0.08 sys=0.01, real=0.01 secs] 
2016-09-24T02:59:46.905-0400: 102.037: [GC (GCLocker Initiated GC) [PSYoungGen: 151622K->52224K(175104K)] 659526K->566465K(699392K), 0.0064828 secs] [Times: user=0.07 sys=0.00, real=0.00 secs] 
2016-09-24T02:59:46.912-0400: 102.044: [Full GC (Ergonomics) [PSYoungGen: 52224K->0K(175104K)] [ParOldGen: 514241K->499735K(524288K)] 566465K->499735K(699392K), [Metaspace: 43928K->43928K(1087488K)], 0.0562433 secs] [Times: user=0.55 sys=0.00, real=0.06 secs] 
2016-09-24T02:59:47.017-0400: 102.149: [Full GC (Ergonomics) [PSYoungGen: 88064K->0K(175104K)] [ParOldGen: 514771K->501214K(524288K)] 602835K->501214K(699392K), [Metaspace: 43928K->43928K(1087488K)], 0.0662181 secs] [Times: user=0.72 sys=0.00, real=0.07 secs] 
2016-09-24T02:59:47.135-0400: 102.267: [GC (GCLocker Initiated GC) [PSYoungGen: 88064K->66315K(175104K)] 592243K->570494K(699392K), 0.0066812 secs] [Times: user=0.09 sys=0.00, real=0.01 secs] 
2016-09-24T02:59:47.197-0400: 102.329: [Full GC (Ergonomics) [PSYoungGen: 154379K->0K(175104K)] [ParOldGen: 512524K->507766K(524288K)] 666903K->507766K(699392K), [Metaspace: 43928K->43928K(1087488K)], 0.0659414 secs] [Times: user=0.53 sys=0.01, real=0.07 secs] 
2016-09-24T02:59:47.316-0400: 102.448: [Full GC (Ergonomics) [PSYoungGen: 88064K->0K(175104K)] [ParOldGen: 515910K->500134K(524288K)] 603974K->500134K(699392K), [Metaspace: 43928K->43928K(1087488K)], 0.0699064 secs] [Times: user=0.79 sys=0.01, real=0.07 secs] 
2016-09-24T02:59:47.431-0400: 102.563: [GC (GCLocker Initiated GC) [PSYoungGen: 88064K->78288K(175104K)] 588303K->578527K(699392K), 0.0085370 secs] [Times: user=0.13 sys=0.00, real=0.01 secs] 
2016-09-24T02:59:47.486-0400: 102.618: [GC (GCLocker Initiated GC) [PSYoungGen: 166352K->45657K(175104K)] 666702K->563036K(699392K), 0.0070872 secs] [Times: user=0.08 sys=0.01, real=0.00 secs] 
2016-09-24T02:59:47.493-0400: 102.625: [Full GC (Ergonomics) [PSYoungGen: 45657K->0K(175104K)] [ParOldGen: 517378K->498340K(524288K)] 563036K->498340K(699392K), [Metaspace: 43928K->43928K(1087488K)], 0.0548884 secs] [Times: user=0.50 sys=0.01, real=0.06 secs] 
2016-09-24T02:59:47.593-0400: 102.725: [GC (GCLocker Initiated GC) [PSYoungGen: 88064K->55429K(175104K)] 593194K->560559K(699392K), 0.0065887 secs] [Times: user=0.10 sys=0.00, real=0.01 secs] 
2016-09-24T02:59:47.641-0400: 102.773: [GC (GCLocker Initiated GC) --[PSYoungGen: 143493K->143493K(175104K)] 648755K->667313K(699392K), 0.0109473 secs] [Times: user=0.13 sys=0.00, real=0.01 secs] 
2016-09-24T02:59:47.652-0400: 102.784: [Full GC (Ergonomics) [PSYoungGen: 143493K->0K(175104K)] [ParOldGen: 523820K->502085K(524288K)] 667313K->502085K(699392K), [Metaspace: 43928K->43928K(1087488K)], 0.0717426 secs] [Times: user=0.76 sys=0.01, real=0.08 secs] 
2016-09-24T02:59:47.768-0400: 102.900: [GC (GCLocker Initiated GC) [PSYoungGen: 88064K->67450K(175104K)] 593006K->572393K(699392K), 0.0072475 secs] [Times: user=0.11 sys=0.00, real=0.01 secs] 
2016-09-24T02:59:47.817-0400: 102.949: [GC (GCLocker Initiated GC) [PSYoungGen: 155514K->69893K(175104K)] 663218K->582433K(699392K), 0.0100633 secs] [Times: user=0.10 sys=0.00, real=0.01 secs] 
2016-09-24T02:59:47.827-0400: 102.959: [Full GC (Ergonomics) [PSYoungGen: 69893K->0K(175104K)] [ParOldGen: 512540K->508383K(524288K)] 582433K->508383K(699392K), [Metaspace: 43928K->43928K(1087488K)], 0.0489510 secs] [Times: user=0.44 sys=0.01, real=0.05 secs] 
2016-09-24T02:59:47.915-0400: 103.047: [GC (GCLocker Initiated GC) [PSYoungGen: 88064K->68772K(175104K)] 596464K->577172K(699392K), 0.0074342 secs] [Times: user=0.11 sys=0.00, real=0.01 secs] 
2016-09-24T02:59:47.970-0400: 103.101: [GC (GCLocker Initiated GC) [PSYoungGen: 156836K->53768K(175104K)] 666394K->564083K(699392K), 0.0062908 secs] [Times: user=0.09 sys=0.00, real=0.01 secs] 
2016-09-24T02:59:48.018-0400: 103.150: [Full GC (Ergonomics) [PSYoungGen: 141832K->0K(175104K)] [ParOldGen: 514443K->504317K(524288K)] 656275K->504317K(699392K), [Metaspace: 43928K->43928K(1087488K)], 0.0558525 secs] [Times: user=0.48 sys=0.01, real=0.06 secs] 
2016-09-24T02:59:48.123-0400: 103.254: [GC (GCLocker Initiated GC) [PSYoungGen: 88064K->60706K(172032K)] 592394K->565036K(696320K), 0.0152029 secs] [Times: user=0.20 sys=0.00, real=0.01 secs] 
2016-09-24T02:59:48.171-0400: 103.303: [GC (GCLocker Initiated GC) [PSYoungGen: 148770K->55780K(173568K)] 655922K->562933K(697856K), 0.0079977 secs] [Times: user=0.06 sys=0.00, real=0.01 secs] 
2016-09-24T02:59:48.224-0400: 103.356: [GC (GCLocker Initiated GC) [PSYoungGen: 143844K->60272K(172032K)] 653719K->570147K(696320K), 0.0069558 secs] [Times: user=0.07 sys=0.00, real=0.00 secs] 
2016-09-24T02:59:48.289-0400: 103.421: [Full GC (Ergonomics) [PSYoungGen: 152432K->0K(172032K)] [ParOldGen: 522295K->499919K(524288K)] 674727K->499919K(696320K), [Metaspace: 43928K->43928K(1087488K)], 0.0827277 secs] [Times: user=0.99 sys=0.01, real=0.08 secs] 
2016-09-24T02:59:48.426-0400: 103.558: [GC (GCLocker Initiated GC) [PSYoungGen: 92160K->71608K(174592K)] 598950K->578399K(698880K), 0.0078264 secs] [Times: user=0.09 sys=0.00, real=0.01 secs] 
2016-09-24T02:59:48.483-0400: 103.614: [Full GC (Ergonomics) [PSYoungGen: 163768K->0K(174592K)] [ParOldGen: 515135K->506529K(524288K)] 678904K->506529K(698880K), [Metaspace: 43928K->43928K(1087488K)], 0.0580330 secs] [Times: user=0.53 sys=0.01, real=0.05 secs] 
2016-09-24T02:59:48.588-0400: 103.720: [GC (GCLocker Initiated GC) [PSYoungGen: 92160K->74278K(174080K)] 604179K->586298K(698368K), 0.0103023 secs] [Times: user=0.12 sys=0.00, real=0.01 secs] 
2016-09-24T02:59:48.648-0400: 103.780: [Full GC (Ergonomics) [PSYoungGen: 164389K->0K(174080K)] [ParOldGen: 514968K->504827K(524288K)] 679358K->504827K(698368K), [Metaspace: 43928K->43928K(1087488K)], 0.0635673 secs] [Times: user=0.47 sys=0.01, real=0.06 secs] 
2016-09-24T02:59:48.759-0400: 103.891: [GC (GCLocker Initiated GC) [PSYoungGen: 90112K->72767K(163328K)] 597650K->580306K(687616K), 0.0104601 secs] [Times: user=0.15 sys=0.00, real=0.01 secs] 
2016-09-24T02:59:48.825-0400: 103.957: [GC (GCLocker Initiated GC) [PSYoungGen: 162879K->68009K(176128K)] 676967K->582097K(700416K), 0.0097521 secs] [Times: user=0.10 sys=0.01, real=0.01 secs] 
2016-09-24T02:59:48.879-0400: 104.011: [Full GC (Ergonomics) [PSYoungGen: 157097K->0K(176128K)] [ParOldGen: 520922K->500808K(524288K)] 678020K->500808K(700416K), [Metaspace: 43932K->43932K(1087488K)], 0.0576637 secs] [Times: user=0.41 sys=0.03, real=0.06 secs] 
2016-09-24T02:59:48.992-0400: 104.124: [GC (GCLocker Initiated GC) [PSYoungGen: 89088K->47410K(175104K)] 591262K->549585K(699392K), 0.0064458 secs] [Times: user=0.08 sys=0.00, real=0.01 secs] 
2016-09-24T02:59:49.041-0400: 104.173: [GC (GCLocker Initiated GC) [PSYoungGen: 136498K->69687K(175104K)] 646832K->580021K(699392K), 0.0067016 secs] [Times: user=0.11 sys=0.00, real=0.01 secs] 
2016-09-24T02:59:49.100-0400: 104.232: [Full GC (Ergonomics) [PSYoungGen: 157751K->0K(175104K)] [ParOldGen: 523927K->438320K(524288K)] 681679K->438320K(699392K), [Metaspace: 43932K->43932K(1087488K)], 0.0675215 secs] [Times: user=0.75 sys=0.01, real=0.07 secs] 
2016-09-24T02:59:49.214-0400: 104.346: [GC (GCLocker Initiated GC) [PSYoungGen: 88064K->58245K(146432K)] 530636K->500818K(670720K), 0.0072018 secs] [Times: user=0.08 sys=0.00, real=0.01 secs] 
2016-09-24T02:59:49.271-0400: 104.403: [GC (GCLocker Initiated GC) [PSYoungGen: 146309K->68307K(174592K)] 597138K->519135K(698880K), 0.0084297 secs] [Times: user=0.12 sys=0.00, real=0.01 secs] 
2016-09-24T02:59:49.328-0400: 104.459: [GC (GCLocker Initiated GC) [PSYoungGen: 156883K->78212K(174080K)] 615971K->537300K(698368K), 0.0079894 secs] [Times: user=0.12 sys=0.01, real=0.01 secs] 
2016-09-24T02:59:49.380-0400: 104.512: [GC (GCLocker Initiated GC) [PSYoungGen: 166788K->86928K(175104K)] 631444K->551584K(699392K), 0.0098958 secs] [Times: user=0.15 sys=0.00, real=0.01 secs] 
2016-09-24T02:59:49.437-0400: 104.568: [GC (GCLocker Initiated GC) [PSYoungGen: 174992K->84678K(175104K)] 645224K->571110K(699392K), 0.0088314 secs] [Times: user=0.14 sys=0.00, real=0.01 secs] 
2016-09-24T02:59:49.493-0400: 104.625: [GC (GCLocker Initiated GC) [PSYoungGen: 172742K->85167K(175104K)] 661900K->587826K(699392K), 0.0092313 secs] [Times: user=0.14 sys=0.00, real=0.01 secs] 
2016-09-24T02:59:49.548-0400: 104.680: [GC (GCLocker Initiated GC) [PSYoungGen: 173231K->84432K(175104K)] 676133K->606234K(699392K), 0.0087170 secs] [Times: user=0.14 sys=0.00, real=0.01 secs] 
2016-09-24T02:59:49.557-0400: 104.689: [Full GC (Ergonomics) [PSYoungGen: 84432K->0K(175104K)] [ParOldGen: 521802K->432890K(524288K)] 606234K->432890K(699392K), [Metaspace: 43932K->43932K(1087488K)], 0.0495429 secs] [Times: user=0.44 sys=0.01, real=0.05 secs] 
2016-09-24T02:59:49.651-0400: 104.783: [GC (GCLocker Initiated GC) [PSYoungGen: 88064K->59429K(175104K)] 520969K->492335K(699392K), 0.0060144 secs] [Times: user=0.09 sys=0.00, real=0.01 secs] 
2016-09-24T02:59:49.706-0400: 104.838: [GC (GCLocker Initiated GC) [PSYoungGen: 147493K->78856K(175104K)] 583148K->514511K(699392K), 0.0132456 secs] [Times: user=0.19 sys=0.00, real=0.01 secs] 
2016-09-24T02:59:49.767-0400: 104.899: [GC (GCLocker Initiated GC) [PSYoungGen: 166920K->86106K(175104K)] 605345K->531281K(699392K), 0.0083541 secs] [Times: user=0.13 sys=0.00, real=0.01 secs] 
2016-09-24T02:59:49.818-0400: 104.949: [GC (GCLocker Initiated GC) [PSYoungGen: 174170K->79824K(175104K)] 620696K->526349K(699392K), 0.0091198 secs] [Times: user=0.09 sys=0.00, real=0.01 secs] 
2016-09-24T02:59:49.878-0400: 105.010: [GC (GCLocker Initiated GC) [PSYoungGen: 167888K->64359K(175104K)] 614422K->536554K(699392K), 0.0096234 secs] [Times: user=0.12 sys=0.01, real=0.01 secs] 
2016-09-24T02:59:49.936-0400: 105.068: [GC (GCLocker Initiated GC) [PSYoungGen: 152423K->61133K(175104K)] 630074K->561621K(699392K), 0.0080324 secs] [Times: user=0.12 sys=0.00, real=0.01 secs] 
2016-09-24T02:59:49.944-0400: 105.076: [Full GC (Ergonomics) [PSYoungGen: 61133K->0K(175104K)] [ParOldGen: 500487K->442866K(524288K)] 561621K->442866K(699392K), [Metaspace: 43932K->43932K(1087488K)], 0.0811793 secs] [Times: user=0.98 sys=0.00, real=0.08 secs] 
2016-09-24T02:59:50.087-0400: 105.218: [GC (GCLocker Initiated GC) [PSYoungGen: 88064K->43765K(175104K)] 534998K->490699K(699392K), 0.0104963 secs] [Times: user=0.09 sys=0.00, real=0.01 secs] 
2016-09-24T02:59:50.148-0400: 105.280: [GC (GCLocker Initiated GC) [PSYoungGen: 131829K->72659K(175104K)] 578847K->522558K(699392K), 0.0083975 secs] [Times: user=0.13 sys=0.00, real=0.01 secs] 
2016-09-24T02:59:50.204-0400: 105.336: [GC (GCLocker Initiated GC) [PSYoungGen: 160723K->68744K(175104K)] 613432K->522098K(699392K), 0.0073804 secs] [Times: user=0.09 sys=0.01, real=0.00 secs] 
2016-09-24T02:59:50.257-0400: 105.389: [GC (GCLocker Initiated GC) [PSYoungGen: 156808K->74084K(175104K)] 617012K->535083K(699392K), 0.0076003 secs] [Times: user=0.12 sys=0.00, real=0.01 secs] 
2016-09-24T02:59:50.318-0400: 105.449: [GC (GCLocker Initiated GC) [PSYoungGen: 162148K->47013K(175104K)] 625933K->550632K(699392K), 0.0102126 secs] [Times: user=0.15 sys=0.01, real=0.01 secs] 
2016-09-24T02:59:50.328-0400: 105.460: [Full GC (Ergonomics) [PSYoungGen: 47013K->0K(175104K)] [ParOldGen: 503619K->440571K(524288K)] 550632K->440571K(699392K), [Metaspace: 43932K->43932K(1087488K)], 0.0650271 secs] [Times: user=0.55 sys=0.02, real=0.06 secs] 
2016-09-24T02:59:50.444-0400: 105.576: [GC (GCLocker Initiated GC) [PSYoungGen: 88064K->70575K(175104K)] 531435K->513946K(699392K), 0.0079674 secs] [Times: user=0.11 sys=0.00, real=0.00 secs] 
2016-09-24T02:59:50.513-0400: 105.645: [GC (GCLocker Initiated GC) [PSYoungGen: 158639K->45930K(175104K)] 611874K->503094K(699392K), 0.0060755 secs] [Times: user=0.06 sys=0.01, real=0.01 secs] 
2016-09-24T02:59:50.571-0400: 105.703: [GC (GCLocker Initiated GC) [PSYoungGen: 133994K->57921K(175104K)] 607503K->543186K(699392K), 0.0077095 secs] [Times: user=0.11 sys=0.01, real=0.01 secs] 
2016-09-24T02:59:50.639-0400: 105.771: [Full GC (Ergonomics) [PSYoungGen: 145985K->0K(175104K)] [ParOldGen: 500361K->444860K(524288K)] 646347K->444860K(699392K), [Metaspace: 43941K->43941K(1087488K)], 0.0576536 secs] [Times: user=0.52 sys=0.01, real=0.06 secs] 
2016-09-24T02:59:50.748-0400: 105.880: [GC (GCLocker Initiated GC) [PSYoungGen: 88064K->62628K(175104K)] 539716K->514280K(699392K), 0.0141485 secs] [Times: user=0.20 sys=0.00, real=0.02 secs] 
2016-09-24T02:59:50.817-0400: 105.949: [GC (GCLocker Initiated GC) [PSYoungGen: 150692K->75671K(175104K)] 603872K->536903K(699392K), 0.0109380 secs] [Times: user=0.16 sys=0.00, real=0.01 secs] 
2016-09-24T02:59:50.883-0400: 106.014: [GC (GCLocker Initiated GC) [PSYoungGen: 163735K->51288K(175104K)] 637207K->539094K(699392K), 0.0071354 secs] [Times: user=0.11 sys=0.00, real=0.00 secs] 
2016-09-24T02:59:50.944-0400: 106.076: [Full GC (Ergonomics) [PSYoungGen: 139352K->0K(175104K)] [ParOldGen: 495891K->440928K(524288K)] 635243K->440928K(699392K), [Metaspace: 43941K->43941K(1087488K)], 0.0536148 secs] [Times: user=0.51 sys=0.01, real=0.05 secs] 
2016-09-24T02:59:51.051-0400: 106.182: [GC (GCLocker Initiated GC) [PSYoungGen: 88064K->53250K(175104K)] 546768K->511954K(699392K), 0.0129714 secs] [Times: user=0.18 sys=0.01, real=0.02 secs] 
2016-09-24T02:59:51.113-0400: 106.245: [GC (GCLocker Initiated GC) [PSYoungGen: 141314K->66193K(175104K)] 608275K->534533K(699392K), 0.0073041 secs] [Times: user=0.10 sys=0.00, real=0.01 secs] 
2016-09-24T02:59:51.181-0400: 106.312: [GC (GCLocker Initiated GC) [PSYoungGen: 154257K->58069K(175104K)] 629394K->534063K(699392K), 0.0060879 secs] [Times: user=0.08 sys=0.00, real=0.01 secs] 
2016-09-24T02:59:51.240-0400: 106.372: [GC (GCLocker Initiated GC) [PSYoungGen: 146133K->76967K(175104K)] 622198K->567525K(699392K), 0.0088663 secs] [Times: user=0.13 sys=0.01, real=0.01 secs] 
2016-09-24T02:59:51.297-0400: 106.429: [GC (GCLocker Initiated GC) --[PSYoungGen: 165031K->165031K(175104K)] 658485K->688960K(699392K), 0.0115089 secs] [Times: user=0.12 sys=0.00, real=0.01 secs] 
2016-09-24T02:59:51.309-0400: 106.441: [Full GC (Ergonomics) [PSYoungGen: 165031K->0K(175104K)] [ParOldGen: 523929K->450143K(524288K)] 688960K->450143K(699392K), [Metaspace: 43941K->43941K(1087488K)], 0.0553941 secs] [Times: user=0.51 sys=0.01, real=0.06 secs] 
2016-09-24T02:59:51.414-0400: 106.546: [GC (GCLocker Initiated GC) [PSYoungGen: 88064K->75153K(175104K)] 541130K->528219K(699392K), 0.0082435 secs] [Times: user=0.08 sys=0.00, real=0.01 secs] 
2016-09-24T02:59:51.478-0400: 106.609: [GC (GCLocker Initiated GC) [PSYoungGen: 163217K->60788K(175104K)] 616328K->517026K(699392K), 0.0094888 secs] [Times: user=0.13 sys=0.00, real=0.01 secs] 
2016-09-24T02:59:51.544-0400: 106.676: [GC (GCLocker Initiated GC) [PSYoungGen: 148852K->60808K(175104K)] 613220K->526084K(699392K), 0.0094404 secs] [Times: user=0.13 sys=0.00, real=0.00 secs] 
2016-09-24T02:59:51.610-0400: 106.742: [GC (Allocation Failure) [PSYoungGen: 148872K->47088K(175104K)] 614210K->516094K(699392K), 0.0085246 secs] [Times: user=0.08 sys=0.00, real=0.01 secs] 
2016-09-24T02:59:51.668-0400: 106.800: [GC (GCLocker Initiated GC) [PSYoungGen: 134041K->61980K(175104K)] 605747K->535968K(699392K), 0.0107851 secs] [Times: user=0.16 sys=0.01, real=0.01 secs] 
2016-09-24T02:59:51.729-0400: 106.861: [GC (GCLocker Initiated GC) [PSYoungGen: 150044K->53471K(174080K)] 637600K->541027K(698368K), 0.0062739 secs] [Times: user=0.07 sys=0.00, real=0.01 secs] 
2016-09-24T02:59:51.795-0400: 106.927: [GC (GCLocker Initiated GC) [PSYoungGen: 141535K->45591K(174592K)] 630517K->534572K(698880K), 0.0280790 secs] [Times: user=0.33 sys=0.00, real=0.03 secs] 
2016-09-24T02:59:51.870-0400: 107.002: [GC (GCLocker Initiated GC) [PSYoungGen: 133655K->78419K(174592K)] 624380K->569862K(698880K), 0.0105126 secs] [Times: user=0.14 sys=0.02, real=0.01 secs] 
2016-09-24T02:59:51.934-0400: 107.066: [GC (GCLocker Initiated GC) [PSYoungGen: 166483K->61140K(175104K)] 657945K->573092K(699392K), 0.0159429 secs] [Times: user=0.19 sys=0.00, real=0.02 secs] 
2016-09-24T02:59:51.950-0400: 107.082: [Full GC (Ergonomics) [PSYoungGen: 61140K->0K(175104K)] [ParOldGen: 511952K->459533K(524288K)] 573092K->459533K(699392K), [Metaspace: 43941K->43941K(1087488K)], 0.0615569 secs] [Times: user=0.48 sys=0.01, real=0.06 secs] 
2016-09-24T02:59:52.068-0400: 107.200: [GC (GCLocker Initiated GC) [PSYoungGen: 88064K->74707K(175104K)] 547647K->534290K(699392K), 0.0077279 secs] [Times: user=0.12 sys=0.00, real=0.01 secs] 
2016-09-24T02:59:52.132-0400: 107.264: [GC (GCLocker Initiated GC) [PSYoungGen: 162771K->58336K(175104K)] 631876K->532833K(699392K), 0.0153311 secs] [Times: user=0.17 sys=0.00, real=0.02 secs] 
2016-09-24T02:59:52.200-0400: 107.332: [GC (GCLocker Initiated GC) [PSYoungGen: 146400K->41871K(175104K)] 629105K->539127K(699392K), 0.0082693 secs] [Times: user=0.06 sys=0.00, real=0.01 secs] 
2016-09-24T02:59:52.261-0400: 107.393: [GC (GCLocker Initiated GC) [PSYoungGen: 129935K->58030K(175104K)] 630066K->561862K(699392K), 0.0124865 secs] [Times: user=0.17 sys=0.01, real=0.01 secs] 
2016-09-24T02:59:52.274-0400: 107.406: [Full GC (Ergonomics) [PSYoungGen: 58030K->0K(175104K)] [ParOldGen: 503831K->462570K(524288K)] 561862K->462570K(699392K), [Metaspace: 43941K->43941K(1087488K)], 0.0481951 secs] [Times: user=0.42 sys=0.00, real=0.06 secs] 
2016-09-24T02:59:52.375-0400: 107.507: [GC (GCLocker Initiated GC) [PSYoungGen: 88064K->60143K(169984K)] 553419K->525498K(694272K), 0.0075285 secs] [Times: user=0.08 sys=0.00, real=0.01 secs] 
2016-09-24T02:59:52.430-0400: 107.562: [GC (GCLocker Initiated GC) [PSYoungGen: 148207K->51231K(172544K)] 613722K->516746K(696832K), 0.0136210 secs] [Times: user=0.14 sys=0.00, real=0.02 secs] 
2016-09-24T02:59:52.491-0400: 107.622: [GC (GCLocker Initiated GC) [PSYoungGen: 139295K->81770K(171520K)] 610448K->557204K(695808K), 0.0126314 secs] [Times: user=0.17 sys=0.00, real=0.02 secs] 
2016-09-24T02:59:52.553-0400: 107.685: [GC (GCLocker Initiated GC) [PSYoungGen: 169834K->76891K(175104K)] 645415K->567488K(699392K), 0.0087759 secs] [Times: user=0.10 sys=0.00, real=0.01 secs] 
2016-09-24T02:59:52.611-0400: 107.742: [GC (GCLocker Initiated GC) [PSYoungGen: 164955K->71640K(175104K)] 662440K->583444K(699392K), 0.0081089 secs] [Times: user=0.13 sys=0.00, real=0.01 secs] 
2016-09-24T02:59:52.619-0400: 107.751: [Full GC (Ergonomics) [PSYoungGen: 71640K->0K(175104K)] [ParOldGen: 511804K->471589K(524288K)] 583444K->471589K(699392K), [Metaspace: 43941K->43941K(1087488K)], 0.0588118 secs] [Times: user=0.56 sys=0.01, real=0.06 secs] 
2016-09-24T02:59:52.738-0400: 107.870: [GC (GCLocker Initiated GC) [PSYoungGen: 88064K->85545K(175104K)] 562453K->565334K(699392K), 0.0088247 secs] [Times: user=0.13 sys=0.00, real=0.01 secs] 
2016-09-24T02:59:52.798-0400: 107.930: [GC (GCLocker Initiated GC) [PSYoungGen: 173609K->70101K(175104K)] 653480K->560754K(699392K), 0.0082428 secs] [Times: user=0.11 sys=0.00, real=0.01 secs] 
2016-09-24T02:59:52.857-0400: 107.989: [GC (GCLocker Initiated GC) [PSYoungGen: 158165K->71573K(175104K)] 651535K->594096K(699392K), 0.0103557 secs] [Times: user=0.16 sys=0.01, real=0.01 secs] 
2016-09-24T02:59:52.868-0400: 108.000: [Full GC (Ergonomics) [PSYoungGen: 71573K->0K(175104K)] [ParOldGen: 522523K->471034K(524288K)] 594096K->471034K(699392K), [Metaspace: 43941K->43941K(1087488K)], 0.0503807 secs] [Times: user=0.40 sys=0.01, real=0.05 secs] 
2016-09-24T02:59:52.971-0400: 108.103: [GC (GCLocker Initiated GC) [PSYoungGen: 88064K->61277K(175104K)] 563307K->536520K(699392K), 0.0072185 secs] [Times: user=0.11 sys=0.01, real=0.01 secs] 
2016-09-24T02:59:53.031-0400: 108.163: [GC (GCLocker Initiated GC) [PSYoungGen: 149341K->74478K(175104K)] 628879K->555358K(699392K), 0.0072253 secs] [Times: user=0.10 sys=0.00, real=0.01 secs] 
2016-09-24T02:59:53.090-0400: 108.222: [GC (GCLocker Initiated GC) [PSYoungGen: 162542K->66208K(175104K)] 646294K->552328K(699392K), 0.0072526 secs] [Times: user=0.08 sys=0.00, real=0.01 secs] 
2016-09-24T02:59:53.143-0400: 108.275: [GC (GCLocker Initiated GC) [PSYoungGen: 154272K->67603K(175104K)] 644114K->573199K(699392K), 0.0078737 secs] [Times: user=0.10 sys=0.00, real=0.00 secs] 
2016-09-24T02:59:53.151-0400: 108.283: [Full GC (Ergonomics) [PSYoungGen: 67603K->0K(175104K)] [ParOldGen: 505595K->467590K(524288K)] 573199K->467590K(699392K), [Metaspace: 43941K->43941K(1087488K)], 0.0750716 secs] [Times: user=0.78 sys=0.01, real=0.08 secs] 
2016-09-24T02:59:53.273-0400: 108.405: [GC (GCLocker Initiated GC) [PSYoungGen: 88064K->76165K(175104K)] 558573K->546674K(699392K), 0.0081040 secs] [Times: user=0.12 sys=0.01, real=0.01 secs] 
2016-09-24T02:59:53.335-0400: 108.466: [GC (Allocation Failure) [PSYoungGen: 164229K->54076K(175104K)] 638790K->540903K(699392K), 0.0076435 secs] [Times: user=0.10 sys=0.00, real=0.01 secs] 
2016-09-24T02:59:53.389-0400: 108.521: [GC (GCLocker Initiated GC) [PSYoungGen: 141705K->64599K(175104K)] 631233K->556351K(699392K), 0.0073258 secs] [Times: user=0.09 sys=0.01, real=0.01 secs] 
2016-09-24T02:59:53.446-0400: 108.578: [GC (GCLocker Initiated GC) [PSYoungGen: 152663K->56669K(175104K)] 644443K->551921K(699392K), 0.0075838 secs] [Times: user=0.07 sys=0.01, real=0.00 secs] 
2016-09-24T02:59:53.510-0400: 108.642: [Full GC (Ergonomics) [PSYoungGen: 144733K->0K(175104K)] [ParOldGen: 500772K->464227K(524288K)] 645505K->464227K(699392K), [Metaspace: 43944K->43944K(1087488K)], 0.0602368 secs] [Times: user=0.48 sys=0.00, real=0.06 secs] 
2016-09-24T02:59:53.617-0400: 108.749: [GC (GCLocker Initiated GC) [PSYoungGen: 88064K->62415K(173056K)] 552414K->526765K(697344K), 0.0067023 secs] [Times: user=0.09 sys=0.00, real=0.01 secs] 
2016-09-24T02:59:53.666-0400: 108.798: [GC (GCLocker Initiated GC) [PSYoungGen: 150479K->85996K(174080K)] 614980K->550545K(698368K), 0.0080995 secs] [Times: user=0.11 sys=0.00, real=0.01 secs] 
2016-09-24T02:59:53.724-0400: 108.856: [GC (GCLocker Initiated GC) [PSYoungGen: 174060K->75722K(175104K)] 641480K->558513K(699392K), 0.0082577 secs] [Times: user=0.12 sys=0.00, real=0.00 secs] 
2016-09-24T02:59:53.778-0400: 108.910: [GC (GCLocker Initiated GC) [PSYoungGen: 163786K->80865K(175104K)] 646637K->576743K(699392K), 0.0090788 secs] [Times: user=0.13 sys=0.00, real=0.01 secs] 
2016-09-24T02:59:53.827-0400: 108.959: [GC (GCLocker Initiated GC) --[PSYoungGen: 168929K->168929K(175104K)] 664828K->692586K(699392K), 0.0114635 secs] [Times: user=0.13 sys=0.00, real=0.01 secs] 
2016-09-24T02:59:53.839-0400: 108.970: [Full GC (Ergonomics) [PSYoungGen: 168929K->0K(175104K)] [ParOldGen: 523657K->478384K(524288K)] 692586K->478384K(699392K), [Metaspace: 43944K->43944K(1087488K)], 0.0551590 secs] [Times: user=0.52 sys=0.00, real=0.05 secs] 
2016-09-24T02:59:53.953-0400: 109.085: [GC (GCLocker Initiated GC) [PSYoungGen: 88064K->77493K(175104K)] 566710K->556139K(699392K), 0.0077060 secs] [Times: user=0.11 sys=0.01, real=0.01 secs] 
2016-09-24T02:59:54.004-0400: 109.136: [GC (GCLocker Initiated GC) [PSYoungGen: 165557K->52803K(175104K)] 646931K->558484K(699392K), 0.0082244 secs] [Times: user=0.09 sys=0.00, real=0.00 secs] 
2016-09-24T02:59:54.012-0400: 109.144: [Full GC (Ergonomics) [PSYoungGen: 52803K->0K(175104K)] [ParOldGen: 505681K->474283K(524288K)] 558484K->474283K(699392K), [Metaspace: 43944K->43944K(1087488K)], 0.0622368 secs] [Times: user=0.66 sys=0.00, real=0.07 secs] 
2016-09-24T02:59:54.122-0400: 109.254: [GC (GCLocker Initiated GC) [PSYoungGen: 88064K->81521K(175104K)] 565245K->558703K(699392K), 0.0081461 secs] [Times: user=0.12 sys=0.00, real=0.01 secs] 
2016-09-24T02:59:54.177-0400: 109.309: [GC (GCLocker Initiated GC) [PSYoungGen: 169585K->70136K(175104K)] 649488K->567686K(699392K), 0.0083219 secs] [Times: user=0.13 sys=0.00, real=0.01 secs] 
2016-09-24T02:59:54.185-0400: 109.317: [Full GC (Ergonomics) [PSYoungGen: 70136K->0K(175104K)] [ParOldGen: 497550K->481002K(524288K)] 567686K->481002K(699392K), [Metaspace: 43946K->43946K(1087488K)], 0.0675694 secs] [Times: user=0.84 sys=0.01, real=0.06 secs] 
2016-09-24T02:59:54.300-0400: 109.432: [GC (GCLocker Initiated GC) [PSYoungGen: 88064K->67947K(175104K)] 569146K->549029K(699392K), 0.0070530 secs] [Times: user=0.09 sys=0.00, real=0.01 secs] 
2016-09-24T02:59:54.359-0400: 109.491: [GC (GCLocker Initiated GC) [PSYoungGen: 156011K->78335K(175104K)] 637168K->562199K(699392K), 0.0083681 secs] [Times: user=0.12 sys=0.00, real=0.01 secs] 
2016-09-24T02:59:54.422-0400: 109.554: [GC (GCLocker Initiated GC) [PSYoungGen: 166399K->63372K(175104K)] 650341K->556247K(699392K), 0.0154173 secs] [Times: user=0.20 sys=0.00, real=0.01 secs] 
2016-09-24T02:59:54.490-0400: 109.622: [GC (GCLocker Initiated GC) [PSYoungGen: 151436K->63519K(175104K)] 647150K->578989K(699392K), 0.0090038 secs] [Times: user=0.13 sys=0.00, real=0.01 secs] 
2016-09-24T02:59:54.499-0400: 109.631: [Full GC (Ergonomics) [PSYoungGen: 63519K->0K(175104K)] [ParOldGen: 515470K->483911K(524288K)] 578989K->483911K(699392K), [Metaspace: 43946K->43946K(1087488K)], 0.0664238 secs] [Times: user=0.65 sys=0.01, real=0.07 secs] 
2016-09-24T02:59:54.634-0400: 109.766: [GC (GCLocker Initiated GC) [PSYoungGen: 88064K->68113K(175104K)] 578787K->558836K(699392K), 0.0097633 secs] [Times: user=0.13 sys=0.00, real=0.01 secs] 
2016-09-24T02:59:54.710-0400: 109.842: [Full GC (Ergonomics) [PSYoungGen: 156177K->0K(175104K)] [ParOldGen: 498924K->475382K(524288K)] 655102K->475382K(699392K), [Metaspace: 43946K->43946K(1087488K)], 0.0878556 secs] [Times: user=0.80 sys=0.02, real=0.09 secs] 
2016-09-24T02:59:54.857-0400: 109.989: [GC (GCLocker Initiated GC) [PSYoungGen: 88064K->47607K(175104K)] 568947K->528490K(699392K), 0.0216550 secs] [Times: user=0.28 sys=0.00, real=0.02 secs] 
2016-09-24T02:59:54.938-0400: 110.070: [GC (GCLocker Initiated GC) [PSYoungGen: 135671K->52542K(175104K)] 616586K->538829K(699392K), 0.0104683 secs] [Times: user=0.12 sys=0.00, real=0.01 secs] 
2016-09-24T02:59:54.986-0400: 110.118: [GC (GCLocker Initiated GC) [PSYoungGen: 140606K->44427K(175104K)] 626983K->553246K(699392K), 0.0133747 secs] [Times: user=0.13 sys=0.01, real=0.01 secs] 
2016-09-24T02:59:54.999-0400: 110.131: [Full GC (Ergonomics) [PSYoungGen: 44427K->0K(175104K)] [ParOldGen: 508818K->474950K(524288K)] 553246K->474950K(699392K), [Metaspace: 43946K->43946K(1087488K)], 0.0501498 secs] [Times: user=0.35 sys=0.01, real=0.05 secs] 
2016-09-24T02:59:55.100-0400: 110.232: [GC (GCLocker Initiated GC) [PSYoungGen: 88064K->65638K(175104K)] 568562K->546136K(699392K), 0.0157187 secs] [Times: user=0.18 sys=0.00, real=0.02 secs] 
2016-09-24T02:59:55.171-0400: 110.303: [GC (GCLocker Initiated GC) [PSYoungGen: 153702K->60595K(175104K)] 634447K->545682K(699392K), 0.0094915 secs] [Times: user=0.07 sys=0.00, real=0.01 secs] 
2016-09-24T02:59:55.241-0400: 110.373: [GC (GCLocker Initiated GC) [PSYoungGen: 148659K->63421K(172032K)] 636613K->553600K(696320K), 0.0166442 secs] [Times: user=0.18 sys=0.01, real=0.02 secs] 
2016-09-24T02:59:55.320-0400: 110.452: [GC (GCLocker Initiated GC) [PSYoungGen: 151485K->70951K(173568K)] 641696K->561162K(697856K), 0.0104731 secs] [Times: user=0.12 sys=0.01, real=0.01 secs] 
2016-09-24T02:59:55.388-0400: 110.520: [Full GC (Ergonomics) [PSYoungGen: 159015K->0K(173568K)] [ParOldGen: 499724K->478894K(524288K)] 658739K->478894K(697856K), [Metaspace: 43946K->43946K(1087488K)], 0.0631810 secs] [Times: user=0.56 sys=0.00, real=0.06 secs] 
2016-09-24T02:59:55.505-0400: 110.637: [GC (GCLocker Initiated GC) [PSYoungGen: 88064K->73389K(174592K)] 569765K->555090K(698880K), 0.0074178 secs] [Times: user=0.09 sys=0.01, real=0.00 secs] 
2016-09-24T02:59:55.566-0400: 110.698: [GC (GCLocker Initiated GC) [PSYoungGen: 161453K->46948K(175104K)] 645869K->531364K(699392K), 0.0171412 secs] [Times: user=0.16 sys=0.00, real=0.02 secs] 
2016-09-24T02:59:55.637-0400: 110.769: [GC (GCLocker Initiated GC) [PSYoungGen: 135012K->38872K(175104K)] 622150K->542978K(699392K), 0.0154283 secs] [Times: user=0.21 sys=0.00, real=0.01 secs] 
2016-09-24T02:59:55.653-0400: 110.785: [Full GC (Ergonomics) [PSYoungGen: 38872K->0K(175104K)] [ParOldGen: 504106K->478309K(524288K)] 542978K->478309K(699392K), [Metaspace: 43946K->43946K(1087488K)], 0.0669017 secs] [Times: user=0.55 sys=0.01, real=0.07 secs] 
2016-09-24T02:59:55.775-0400: 110.907: [GC (GCLocker Initiated GC) [PSYoungGen: 88064K->82999K(175104K)] 569255K->564190K(699392K), 0.0083383 secs] [Times: user=0.12 sys=0.00, real=0.01 secs] 
2016-09-24T02:59:55.835-0400: 110.967: [GC (GCLocker Initiated GC) [PSYoungGen: 171063K->55022K(175104K)] 652292K->555264K(699392K), 0.0208847 secs] [Times: user=0.23 sys=0.00, real=0.02 secs] 
2016-09-24T02:59:55.856-0400: 110.988: [Full GC (Ergonomics) [PSYoungGen: 55022K->0K(175104K)] [ParOldGen: 500241K->485092K(524288K)] 555264K->485092K(699392K), [Metaspace: 43946K->43946K(1087488K)], 0.0648840 secs] [Times: user=0.57 sys=0.01, real=0.06 secs] 
2016-09-24T02:59:55.982-0400: 111.113: [GC (GCLocker Initiated GC) [PSYoungGen: 88064K->51967K(175104K)] 575979K->539882K(699392K), 0.0139470 secs] [Times: user=0.19 sys=0.01, real=0.02 secs] 
2016-09-24T02:59:56.049-0400: 111.181: [GC (GCLocker Initiated GC) [PSYoungGen: 140031K->60645K(175104K)] 628298K->554571K(699392K), 0.0104366 secs] [Times: user=0.11 sys=0.00, real=0.01 secs] 
2016-09-24T02:59:56.116-0400: 111.247: [Full GC (Ergonomics) [PSYoungGen: 148709K->0K(175104K)] [ParOldGen: 502053K->484802K(524288K)] 650763K->484802K(699392K), [Metaspace: 43946K->43946K(1087488K)], 0.0582210 secs] [Times: user=0.40 sys=0.01, real=0.05 secs] 
2016-09-24T02:59:56.174-0400: 111.306: [GC (GCLocker Initiated GC) [PSYoungGen: 247K->192K(175104K)] 485050K->484994K(699392K), 0.0028199 secs] [Times: user=0.02 sys=0.00, real=0.00 secs] 
2016-09-24T02:59:56.244-0400: 111.376: [GC (GCLocker Initiated GC) [PSYoungGen: 88210K->66397K(175104K)] 573140K->551336K(699392K), 0.0073965 secs] [Times: user=0.09 sys=0.01, real=0.00 secs] 
2016-09-24T02:59:56.315-0400: 111.446: [GC (Allocation Failure) [PSYoungGen: 154461K->49984K(175104K)] 643463K->542827K(699392K), 0.0067835 secs] [Times: user=0.07 sys=0.00, real=0.00 secs] 
2016-09-24T02:59:56.374-0400: 111.506: [GC (GCLocker Initiated GC) [PSYoungGen: 137655K->34914K(175104K)] 631848K->546283K(699392K), 0.0134534 secs] [Times: user=0.12 sys=0.00, real=0.02 secs] 
2016-09-24T02:59:56.387-0400: 111.519: [Full GC (Ergonomics) [PSYoungGen: 34914K->0K(175104K)] [ParOldGen: 511368K->469902K(524288K)] 546283K->469902K(699392K), [Metaspace: 43946K->43946K(1087488K)], 0.0884185 secs] [Times: user=0.77 sys=0.00, real=0.09 secs] 
2016-09-24T02:59:56.536-0400: 111.668: [GC (Allocation Failure) [PSYoungGen: 88064K->78746K(175104K)] 560727K->551409K(699392K), 0.0185724 secs] [Times: user=0.23 sys=0.01, real=0.02 secs] 
2016-09-24T02:59:56.555-0400: 111.687: [GC (GCLocker Initiated GC) --[PSYoungGen: 79180K->79180K(175104K)] 551844K->601401K(699392K), 0.0075018 secs] [Times: user=0.07 sys=0.01, real=0.01 secs] 
2016-09-24T02:59:56.563-0400: 111.695: [Full GC (Ergonomics) [PSYoungGen: 79180K->0K(175104K)] [ParOldGen: 522220K->480039K(524288K)] 601401K->480039K(699392K), [Metaspace: 43946K->43946K(1087488K)], 0.0542893 secs] [Times: user=0.43 sys=0.00, real=0.05 secs] 
2016-09-24T02:59:56.671-0400: 111.803: [GC (GCLocker Initiated GC) [PSYoungGen: 88064K->84442K(175104K)] 568118K->564497K(699392K), 0.0091747 secs] [Times: user=0.11 sys=0.00, real=0.01 secs] 
2016-09-24T02:59:56.738-0400: 111.870: [GC (GCLocker Initiated GC) [PSYoungGen: 172506K->73068K(175104K)] 658013K->562886K(699392K), 0.0084949 secs] [Times: user=0.10 sys=0.01, real=0.01 secs] 
2016-09-24T02:59:56.814-0400: 111.946: [GC (GCLocker Initiated GC) [PSYoungGen: 161132K->55294K(175104K)] 656415K->551551K(699392K), 0.0136315 secs] [Times: user=0.16 sys=0.01, real=0.01 secs] 
2016-09-24T02:59:56.885-0400: 112.017: [GC (GCLocker Initiated GC) [PSYoungGen: 143358K->67472K(175104K)] 642353K->570148K(699392K), 0.0079390 secs] [Times: user=0.10 sys=0.00, real=0.00 secs] 
2016-09-24T02:59:56.950-0400: 112.082: [GC (GCLocker Initiated GC) [PSYoungGen: 155536K->64841K(175104K)] 658238K->587341K(699392K), 0.0102024 secs] [Times: user=0.11 sys=0.00, real=0.01 secs] 
2016-09-24T02:59:56.960-0400: 112.092: [Full GC (Ergonomics) [PSYoungGen: 64841K->0K(175104K)] [ParOldGen: 522499K->484169K(524288K)] 587341K->484169K(699392K), [Metaspace: 43946K->43946K(1087488K)], 0.0668213 secs] [Times: user=0.68 sys=0.00, real=0.07 secs] 
2016-09-24T02:59:57.074-0400: 112.206: [GC (GCLocker Initiated GC) [PSYoungGen: 88064K->59983K(175104K)] 572600K->544520K(699392K), 0.0066702 secs] [Times: user=0.09 sys=0.00, real=0.00 secs] 
2016-09-24T02:59:57.137-0400: 112.269: [GC (GCLocker Initiated GC) [PSYoungGen: 148047K->53979K(175104K)] 640758K->556122K(699392K), 0.0076262 secs] [Times: user=0.08 sys=0.01, real=0.01 secs] 
2016-09-24T02:59:57.145-0400: 112.276: [Full GC (Ergonomics) [PSYoungGen: 53979K->0K(175104K)] [ParOldGen: 502142K->488402K(524288K)] 556122K->488402K(699392K), [Metaspace: 43946K->43946K(1087488K)], 0.0570163 secs] [Times: user=0.47 sys=0.01, real=0.05 secs] 
2016-09-24T02:59:57.265-0400: 112.397: [GC (GCLocker Initiated GC) [PSYoungGen: 88064K->70654K(175104K)] 576654K->559244K(699392K), 0.0146317 secs] [Times: user=0.22 sys=0.00, real=0.01 secs] 
2016-09-24T02:59:57.332-0400: 112.463: [GC (GCLocker Initiated GC) [PSYoungGen: 158718K->49859K(175104K)] 655650K->548083K(699392K), 0.0068612 secs] [Times: user=0.09 sys=0.00, real=0.01 secs] 
2016-09-24T02:59:57.392-0400: 112.524: [GC (GCLocker Initiated GC) [PSYoungGen: 137923K->68984K(175104K)] 641640K->573648K(699392K), 0.0076187 secs] [Times: user=0.11 sys=0.00, real=0.01 secs] 
2016-09-24T02:59:57.400-0400: 112.532: [Full GC (Ergonomics) [PSYoungGen: 68984K->0K(175104K)] [ParOldGen: 504663K->490666K(524288K)] 573648K->490666K(699392K), [Metaspace: 43946K->43946K(1087488K)], 0.0685049 secs] [Times: user=0.81 sys=0.01, real=0.07 secs] 
2016-09-24T02:59:57.542-0400: 112.674: [Full GC (Ergonomics) [PSYoungGen: 88064K->0K(175104K)] [ParOldGen: 512395K->491613K(524288K)] 600459K->491613K(699392K), [Metaspace: 43946K->43946K(1087488K)], 0.0762640 secs] [Times: user=0.71 sys=0.00, real=0.08 secs] 
2016-09-24T02:59:57.676-0400: 112.808: [GC (GCLocker Initiated GC) [PSYoungGen: 88064K->67829K(175104K)] 582511K->562276K(699392K), 0.0110661 secs] [Times: user=0.14 sys=0.00, real=0.01 secs] 
2016-09-24T02:59:57.749-0400: 112.881: [GC (GCLocker Initiated GC) [PSYoungGen: 155893K->43081K(175104K)] 655879K->565786K(699392K), 0.0071276 secs] [Times: user=0.07 sys=0.00, real=0.01 secs] 
2016-09-24T02:59:57.757-0400: 112.889: [Full GC (Ergonomics) [PSYoungGen: 43081K->0K(175104K)] [ParOldGen: 522704K->493136K(524288K)] 565786K->493136K(699392K), [Metaspace: 43946K->43946K(1087488K)], 0.0706678 secs] [Times: user=0.58 sys=0.01, real=0.07 secs] 
2016-09-24T02:59:57.883-0400: 113.014: [GC (GCLocker Initiated GC) [PSYoungGen: 88064K->57260K(175104K)] 586807K->556004K(699392K), 0.0098655 secs] [Times: user=0.09 sys=0.00, real=0.00 secs] 
2016-09-24T02:59:57.945-0400: 113.077: [GC (GCLocker Initiated GC) [PSYoungGen: 145324K->72881K(175104K)] 644164K->585461K(699392K), 0.0098775 secs] [Times: user=0.09 sys=0.02, real=0.01 secs] 
2016-09-24T02:59:57.955-0400: 113.087: [Full GC (Ergonomics) [PSYoungGen: 72881K->0K(175104K)] [ParOldGen: 512579K->492090K(524288K)] 585461K->492090K(699392K), [Metaspace: 43947K->43947K(1087488K)], 0.0643717 secs] [Times: user=0.61 sys=0.00, real=0.06 secs] 
2016-09-24T02:59:58.069-0400: 113.201: [GC (GCLocker Initiated GC) [PSYoungGen: 88064K->65553K(175104K)] 584271K->561760K(699392K), 0.0123048 secs] [Times: user=0.12 sys=0.01, real=0.01 secs] 
2016-09-24T02:59:58.148-0400: 113.280: [GC (GCLocker Initiated GC) [PSYoungGen: 153617K->53950K(175104K)] 649833K->565361K(699392K), 0.0101041 secs] [Times: user=0.11 sys=0.00, real=0.01 secs] 
2016-09-24T02:59:58.158-0400: 113.290: [Full GC (Ergonomics) [PSYoungGen: 53950K->0K(175104K)] [ParOldGen: 511411K->493748K(524288K)] 565361K->493748K(699392K), [Metaspace: 43947K->43947K(1087488K)], 0.0524275 secs] [Times: user=0.43 sys=0.00, real=0.05 secs] 
2016-09-24T02:59:58.274-0400: 113.406: [GC (GCLocker Initiated GC) [PSYoungGen: 88064K->58733K(173056K)] 586020K->556689K(697344K), 0.0152577 secs] [Times: user=0.17 sys=0.00, real=0.01 secs] 
2016-09-24T02:59:58.361-0400: 113.493: [Full GC (Ergonomics) [PSYoungGen: 146797K->0K(173056K)] [ParOldGen: 507483K->492765K(524288K)] 654280K->492765K(697344K), [Metaspace: 43947K->43947K(1087488K)], 0.0580857 secs] [Times: user=0.46 sys=0.00, real=0.06 secs] 
2016-09-24T02:59:58.472-0400: 113.604: [GC (GCLocker Initiated GC) [PSYoungGen: 88064K->55942K(174080K)] 586294K->554173K(698368K), 0.0099122 secs] [Times: user=0.14 sys=0.00, real=0.01 secs] 
2016-09-24T02:59:58.544-0400: 113.676: [GC (GCLocker Initiated GC) [PSYoungGen: 144006K->51404K(175104K)] 643194K->550592K(699392K), 0.0065066 secs] [Times: user=0.06 sys=0.00, real=0.00 secs] 
2016-09-24T02:59:58.616-0400: 113.748: [Full GC (Ergonomics) [PSYoungGen: 143564K->0K(175104K)] [ParOldGen: 503293K->495325K(524288K)] 646857K->495325K(699392K), [Metaspace: 43947K->43947K(1087488K)], 0.0702295 secs] [Times: user=0.77 sys=0.00, real=0.07 secs] 
2016-09-24T02:59:58.749-0400: 113.881: [Full GC (Ergonomics) [PSYoungGen: 92160K->0K(175104K)] [ParOldGen: 502110K->486912K(524288K)] 594270K->486912K(699392K), [Metaspace: 43949K->43949K(1087488K)], 0.0821416 secs] [Times: user=0.87 sys=0.00, real=0.08 secs] 
2016-09-24T02:59:58.897-0400: 114.028: [GC (GCLocker Initiated GC) [PSYoungGen: 92160K->46397K(175104K)] 583249K->537487K(699392K), 0.0069785 secs] [Times: user=0.08 sys=0.00, real=0.01 secs] 
2016-09-24T02:59:58.959-0400: 114.091: [GC (GCLocker Initiated GC) [PSYoungGen: 138557K->63521K(177664K)] 632936K->557900K(701952K), 0.0070193 secs] [Times: user=0.08 sys=0.00, real=0.01 secs] 
2016-09-24T02:59:59.021-0400: 114.153: [GC (GCLocker Initiated GC) [PSYoungGen: 159265K->65472K(178176K)] 656375K->562582K(702464K), 0.0080888 secs] [Times: user=0.09 sys=0.00, real=0.01 secs] 
2016-09-24T02:59:59.091-0400: 114.223: [GC (GCLocker Initiated GC) [PSYoungGen: 161216K->61096K(177152K)] 665489K->565368K(701440K), 0.0106051 secs] [Times: user=0.10 sys=0.01, real=0.02 secs] 
2016-09-24T02:59:59.161-0400: 114.293: [Full GC (Ergonomics) [PSYoungGen: 157864K->0K(177152K)] [ParOldGen: 507056K->493736K(524288K)] 664920K->493736K(701440K), [Metaspace: 43952K->43952K(1087488K)], 0.0699969 secs] [Times: user=0.53 sys=0.01, real=0.07 secs] 
2016-09-24T02:59:59.287-0400: 114.419: [GC (GCLocker Initiated GC) [PSYoungGen: 96768K->51804K(178176K)] 594763K->549800K(702464K), 0.0083526 secs] [Times: user=0.06 sys=0.00, real=0.01 secs] 
2016-09-24T02:59:59.352-0400: 114.484: [GC (GCLocker Initiated GC) [PSYoungGen: 148572K->60656K(177664K)] 647217K->559301K(701952K), 0.0101261 secs] [Times: user=0.09 sys=0.01, real=0.02 secs] 
2016-09-24T02:59:59.417-0400: 114.549: [GC (GCLocker Initiated GC) [PSYoungGen: 161008K->68304K(179200K)] 659717K->567013K(703488K), 0.0177892 secs] [Times: user=0.20 sys=0.01, real=0.02 secs] 
2016-09-24T02:59:59.490-0400: 114.622: [GC (GCLocker Initiated GC) [PSYoungGen: 168656K->79969K(170496K)] 670132K->581445K(694784K), 0.0111385 secs] [Times: user=0.13 sys=0.01, real=0.01 secs] 
2016-09-24T02:59:59.554-0400: 114.686: [GC (GCLocker Initiated GC) [PSYoungGen: 170081K->80708K(171008K)] 674323K->584950K(695296K), 0.0083015 secs] [Times: user=0.08 sys=0.00, real=0.02 secs] 
2016-09-24T02:59:59.627-0400: 114.759: [GC (GCLocker Initiated GC) [PSYoungGen: 170820K->83051K(175104K)] 679144K->591375K(699392K), 0.0086581 secs] [Times: user=0.10 sys=0.00, real=0.01 secs] 
2016-09-24T02:59:59.688-0400: 114.820: [GC (GCLocker Initiated GC) [PSYoungGen: 171115K->86421K(175104K)] 682228K->605634K(699392K), 0.0165725 secs] [Times: user=0.20 sys=0.00, real=0.02 secs] 
2016-09-24T02:59:59.705-0400: 114.837: [Full GC (Ergonomics) [PSYoungGen: 86421K->0K(175104K)] [ParOldGen: 519213K->499478K(524288K)] 605634K->499478K(699392K), [Metaspace: 43952K->43952K(1087488K)], 0.0583240 secs] [Times: user=0.52 sys=0.00, real=0.06 secs] 
2016-09-24T02:59:59.823-0400: 114.955: [GC (GCLocker Initiated GC) [PSYoungGen: 88064K->62911K(175104K)] 588295K->563143K(699392K), 0.0106650 secs] [Times: user=0.12 sys=0.00, real=0.00 secs] 
2016-09-24T02:59:59.892-0400: 115.024: [GC (GCLocker Initiated GC) [PSYoungGen: 150975K->51335K(175104K)] 655336K->555696K(699392K), 0.0072315 secs] [Times: user=0.05 sys=0.01, real=0.01 secs] 
2016-09-24T02:59:59.953-0400: 115.085: [GC (GCLocker Initiated GC) [PSYoungGen: 139399K->75119K(175104K)] 646590K->582310K(699392K), 0.0132790 secs] [Times: user=0.10 sys=0.00, real=0.02 secs] 
2016-09-24T03:00:00.017-0400: 115.149: [GC (GCLocker Initiated GC) [PSYoungGen: 163183K->86671K(175104K)] 673247K->596735K(699392K), 0.0088634 secs] [Times: user=0.10 sys=0.00, real=0.01 secs] 
2016-09-24T03:00:00.077-0400: 115.209: [Full GC (Ergonomics) [PSYoungGen: 174735K->0K(175104K)] [ParOldGen: 519557K->505786K(524288K)] 694292K->505786K(699392K), [Metaspace: 43952K->43952K(1087488K)], 0.0542143 secs] [Times: user=0.40 sys=0.00, real=0.05 secs] 
2016-09-24T03:00:00.192-0400: 115.323: [GC (GCLocker Initiated GC) [PSYoungGen: 88064K->54343K(175104K)] 596605K->562884K(699392K), 0.0118278 secs] [Times: user=0.13 sys=0.00, real=0.02 secs] 
2016-09-24T03:00:00.261-0400: 115.393: [Full GC (Ergonomics) [PSYoungGen: 142407K->0K(175104K)] [ParOldGen: 514097K->504521K(524288K)] 656505K->504521K(699392K), [Metaspace: 43952K->43952K(1087488K)], 0.0581601 secs] [Times: user=0.43 sys=0.00, real=0.06 secs] 
2016-09-24T03:00:00.368-0400: 115.500: [GC (GCLocker Initiated GC) [PSYoungGen: 88064K->48927K(175104K)] 592622K->553485K(699392K), 0.0180577 secs] [Times: user=0.22 sys=0.00, real=0.02 secs] 
2016-09-24T03:00:00.434-0400: 115.565: [GC (GCLocker Initiated GC) [PSYoungGen: 136991K->66159K(175104K)] 644304K->573472K(699392K), 0.0127318 secs] [Times: user=0.17 sys=0.00, real=0.02 secs] 
2016-09-24T03:00:00.504-0400: 115.635: [GC (GCLocker Initiated GC) [PSYoungGen: 154223K->55803K(175104K)] 661568K->575329K(699392K), 0.0128273 secs] [Times: user=0.16 sys=0.00, real=0.01 secs] 
2016-09-24T03:00:00.517-0400: 115.648: [Full GC (Ergonomics) [PSYoungGen: 55803K->0K(175104K)] [ParOldGen: 519525K->506527K(524288K)] 575329K->506527K(699392K), [Metaspace: 43952K->43952K(1087488K)], 0.0548676 secs] [Times: user=0.50 sys=0.00, real=0.05 secs] 
2016-09-24T03:00:00.631-0400: 115.762: [Full GC (Ergonomics) [PSYoungGen: 88064K->0K(175104K)] [ParOldGen: 512321K->510019K(524288K)] 600385K->510019K(699392K), [Metaspace: 43952K->43952K(1087488K)], 0.0715616 secs] [Times: user=0.58 sys=0.02, real=0.08 secs] 
2016-09-24T03:00:00.757-0400: 115.889: [Full GC (Ergonomics) [PSYoungGen: 88064K->0K(175104K)] [ParOldGen: 517003K->510766K(524288K)] 605067K->510766K(699392K), [Metaspace: 43952K->43952K(1087488K)], 0.0638363 secs] [Times: user=0.47 sys=0.01, real=0.06 secs] 
2016-09-24T03:00:00.877-0400: 116.008: [GC (GCLocker Initiated GC) [PSYoungGen: 88064K->55673K(175104K)] 598884K->566494K(699392K), 0.0064994 secs] [Times: user=0.06 sys=0.00, real=0.01 secs] 
2016-09-24T03:00:00.941-0400: 116.073: [Full GC (Ergonomics) [PSYoungGen: 143737K->0K(175104K)] [ParOldGen: 523035K->501740K(524288K)] 666773K->501740K(699392K), [Metaspace: 43952K->43952K(1087488K)], 0.0828787 secs] [Times: user=0.82 sys=0.00, real=0.09 secs] 
2016-09-24T03:00:01.073-0400: 116.205: [GC (GCLocker Initiated GC) [PSYoungGen: 88064K->67812K(175104K)] 590056K->569804K(699392K), 0.0204715 secs] [Times: user=0.16 sys=0.00, real=0.02 secs] 
2016-09-24T03:00:01.154-0400: 116.286: [GC (Allocation Failure) [PSYoungGen: 155876K->37546K(175104K)] 664751K->548969K(699392K), 0.0063047 secs] [Times: user=0.05 sys=0.01, real=0.00 secs] 
2016-09-24T03:00:01.212-0400: 116.344: [Full GC (Ergonomics) [PSYoungGen: 124917K->0K(175104K)] [ParOldGen: 514122K->509307K(524288K)] 639040K->509307K(699392K), [Metaspace: 43952K->43952K(1087488K)], 0.0767923 secs] [Times: user=0.50 sys=0.01, real=0.08 secs] 
2016-09-24T03:00:01.352-0400: 116.484: [Full GC (Ergonomics) [PSYoungGen: 88064K->0K(175104K)] [ParOldGen: 518809K->502817K(524288K)] 606873K->502817K(699392K), [Metaspace: 43952K->43952K(1087488K)], 0.1022168 secs] [Times: user=1.19 sys=0.01, real=0.10 secs] 
2016-09-24T03:00:01.524-0400: 116.656: [GC (GCLocker Initiated GC) [PSYoungGen: 88064K->46344K(175104K)] 597715K->555995K(699392K), 0.0069220 secs] [Times: user=0.06 sys=0.00, real=0.00 secs] 
2016-09-24T03:00:01.583-0400: 116.715: [Full GC (Ergonomics) [PSYoungGen: 134408K->0K(175104K)] [ParOldGen: 515117K->504268K(524288K)] 649525K->504268K(699392K), [Metaspace: 43959K->43959K(1087488K)], 0.0550863 secs] [Times: user=0.49 sys=0.00, real=0.05 secs] 
2016-09-24T03:00:01.688-0400: 116.820: [GC (GCLocker Initiated GC) [PSYoungGen: 88064K->74670K(175104K)] 592396K->579003K(699392K), 0.0066777 secs] [Times: user=0.09 sys=0.00, real=0.01 secs] 
2016-09-24T03:00:01.741-0400: 116.873: [GC (GCLocker Initiated GC) [PSYoungGen: 162734K->75811K(175104K)] 667163K->593648K(699392K), 0.0075562 secs] [Times: user=0.12 sys=0.00, real=0.01 secs] 
2016-09-24T03:00:01.749-0400: 116.881: [Full GC (Ergonomics) [PSYoungGen: 75811K->0K(175104K)] [ParOldGen: 517836K->508390K(524288K)] 593648K->508390K(699392K), [Metaspace: 43959K->43959K(1087488K)], 0.0664612 secs] [Times: user=0.75 sys=0.00, real=0.07 secs] 
2016-09-24T03:00:06.197-0400: 121.329: [GC (Allocation Failure) [PSYoungGen: 88064K->18617K(175104K)] 596456K->527017K(699392K), 0.0099835 secs] [Times: user=0.03 sys=0.02, real=0.01 secs] 
2016-09-24T03:00:11.794-0400: 126.926: [GC (Allocation Failure) --[PSYoungGen: 106681K->106681K(175104K)] 615081K->630962K(699392K), 0.0334239 secs] [Times: user=0.08 sys=0.02, real=0.03 secs] 
2016-09-24T03:00:11.828-0400: 126.960: [Full GC (Ergonomics) [PSYoungGen: 106681K->0K(175104K)] [ParOldGen: 524281K->464155K(524288K)] 630962K->464155K(699392K), [Metaspace: 44008K->44000K(1087488K)], 0.0992269 secs] [Times: user=0.80 sys=0.02, real=0.10 secs] 
2016-09-24T03:00:17.514-0400: 132.646: [GC (Allocation Failure) [PSYoungGen: 88064K->21509K(175104K)] 552219K->485672K(699392K), 0.0128022 secs] [Times: user=0.09 sys=0.00, real=0.01 secs] 
2016-09-24T03:00:22.995-0400: 138.127: [GC (Allocation Failure) [PSYoungGen: 109573K->22469K(175104K)] 573736K->507925K(699392K), 0.0096483 secs] [Times: user=0.06 sys=0.00, real=0.01 secs] 
2016-09-24T03:00:28.455-0400: 143.587: [GC (Allocation Failure) [PSYoungGen: 110533K->22853K(175104K)] 595989K->530546K(699392K), 0.0094542 secs] [Times: user=0.06 sys=0.01, real=0.01 secs] 
2016-09-24T03:00:28.465-0400: 143.596: [Full GC (Ergonomics) [PSYoungGen: 22853K->0K(175104K)] [ParOldGen: 507693K->429545K(524288K)] 530546K->429545K(699392K), [Metaspace: 44035K->44035K(1087488K)], 0.1643570 secs] [Times: user=1.15 sys=0.05, real=0.16 secs] 
