Java HotSpot(TM) 64-Bit Server VM (25.101-b13) for linux-amd64 JRE (1.8.0_101-b13), built on Jun 22 2016 02:59:44 by "java_re" with gcc 4.3.0 20080428 (Red Hat 4.3.0-8)
Memory: 4k page, physical 264122320k(85731600k free), swap 268399612k(268399612k free)
CommandLine flags: -XX:GCLogFileSize=1048576 -XX:+HeapDumpOnOutOfMemoryError -XX:HeapDumpPath=artifacts/heapdump -XX:InitialHeapSize=805306368 -XX:MaxHeapSize=805306368 -XX:NumberOfGCLogFiles=10 -XX:+PrintGC -XX:+PrintGCDateStamps -XX:+PrintGCDetails -XX:+PrintGCTimeStamps -XX:+UseCompressedClassPointers -XX:+UseCompressedOops -XX:+UseGCLogFileRotation -XX:+UseParallelGC 
2016-09-25T23:52:57.427-0400: 2.201: [GC (Metadata GC Threshold) [PSYoungGen: 121898K->15554K(229376K)] 121898K->15642K(753664K), 0.0618087 secs] [Times: user=0.61 sys=0.01, real=0.06 secs] 
2016-09-25T23:52:57.489-0400: 2.263: [Full GC (Metadata GC Threshold) [PSYoungGen: 15554K->0K(229376K)] [ParOldGen: 88K->14601K(299520K)] 15642K->14601K(528896K), [Metaspace: 21078K->21078K(1067008K)], 0.0501320 secs] [Times: user=0.31 sys=0.00, real=0.05 secs] 
2016-09-25T23:52:59.334-0400: 4.109: [GC (Metadata GC Threshold) [PSYoungGen: 124222K->15190K(229376K)] 138823K->29927K(528896K), 0.0271252 secs] [Times: user=0.24 sys=0.01, real=0.03 secs] 
2016-09-25T23:52:59.361-0400: 4.136: [Full GC (Metadata GC Threshold) [PSYoungGen: 15190K->0K(229376K)] [ParOldGen: 14737K->20745K(478208K)] 29927K->20745K(707584K), [Metaspace: 35064K->35064K(1079296K)], 0.0795134 secs] [Times: user=0.61 sys=0.02, real=0.08 secs] 
2016-09-25T23:53:00.997-0400: 5.772: [GC (GCLocker Initiated GC) [PSYoungGen: 195089K->32758K(229376K)] 218535K->79174K(707584K), 0.0194871 secs] [Times: user=0.22 sys=0.02, real=0.02 secs] 
2016-09-25T23:53:01.351-0400: 6.126: [GC (GCLocker Initiated GC) [PSYoungGen: 229366K->32750K(229376K)] 284068K->107121K(707584K), 0.0102033 secs] [Times: user=0.10 sys=0.02, real=0.01 secs] 
2016-09-25T23:53:01.448-0400: 6.223: [GC (GCLocker Initiated GC) [PSYoungGen: 229358K->32756K(229376K)] 303806K->135869K(707584K), 0.0132754 secs] [Times: user=0.14 sys=0.02, real=0.01 secs] 
2016-09-25T23:53:01.561-0400: 6.335: [GC (GCLocker Initiated GC) [PSYoungGen: 229364K->32741K(120832K)] 338109K->191906K(599040K), 0.0122607 secs] [Times: user=0.15 sys=0.04, real=0.01 secs] 
2016-09-25T23:53:01.623-0400: 6.397: [GC (GCLocker Initiated GC) [PSYoungGen: 120805K->66850K(175104K)] 286827K->232880K(653312K), 0.0077459 secs] [Times: user=0.10 sys=0.00, real=0.00 secs] 
2016-09-25T23:53:01.666-0400: 6.441: [GC (GCLocker Initiated GC) [PSYoungGen: 154914K->60736K(175104K)] 323766K->249483K(653312K), 0.0117379 secs] [Times: user=0.17 sys=0.00, real=0.01 secs] 
2016-09-25T23:53:01.720-0400: 6.495: [GC (GCLocker Initiated GC) [PSYoungGen: 148800K->67008K(175104K)] 337627K->268538K(653312K), 0.0130865 secs] [Times: user=0.19 sys=0.01, real=0.01 secs] 
2016-09-25T23:53:01.769-0400: 6.544: [GC (GCLocker Initiated GC) [PSYoungGen: 155072K->61733K(175104K)] 359535K->271920K(653312K), 0.0063650 secs] [Times: user=0.06 sys=0.01, real=0.01 secs] 
2016-09-25T23:53:01.816-0400: 6.591: [GC (GCLocker Initiated GC) [PSYoungGen: 149797K->52214K(175104K)] 363058K->303704K(653312K), 0.0088916 secs] [Times: user=0.12 sys=0.03, real=0.01 secs] 
2016-09-25T23:53:01.871-0400: 6.645: [GC (GCLocker Initiated GC) [PSYoungGen: 140278K->65635K(175104K)] 400063K->337882K(653312K), 0.0075361 secs] [Times: user=0.10 sys=0.01, real=0.01 secs] 
2016-09-25T23:53:01.915-0400: 6.690: [GC (GCLocker Initiated GC) [PSYoungGen: 153699K->77814K(175104K)] 431505K->362649K(653312K), 0.0074808 secs] [Times: user=0.10 sys=0.01, real=0.01 secs] 
2016-09-25T23:53:01.965-0400: 6.740: [GC (GCLocker Initiated GC) [PSYoungGen: 165878K->58882K(175104K)] 457537K->387285K(653312K), 0.0077114 secs] [Times: user=0.10 sys=0.02, real=0.00 secs] 
2016-09-25T23:53:02.017-0400: 6.792: [GC (GCLocker Initiated GC) [PSYoungGen: 146946K->44032K(175104K)] 491644K->422769K(653312K), 0.0075375 secs] [Times: user=0.11 sys=0.00, real=0.01 secs] 
2016-09-25T23:53:02.069-0400: 6.843: [GC (GCLocker Initiated GC) [PSYoungGen: 132096K->46429K(175104K)] 513635K->451144K(653312K), 0.0097285 secs] [Times: user=0.09 sys=0.01, real=0.01 secs] 
2016-09-25T23:53:02.110-0400: 6.885: [GC (GCLocker Initiated GC) [PSYoungGen: 134493K->62772K(175104K)] 547419K->486704K(653312K), 0.0139405 secs] [Times: user=0.14 sys=0.01, real=0.02 secs] 
2016-09-25T23:53:02.167-0400: 6.942: [GC (GCLocker Initiated GC) [PSYoungGen: 150836K->46607K(175104K)] 574844K->501930K(653312K), 0.0124515 secs] [Times: user=0.14 sys=0.01, real=0.01 secs] 
2016-09-25T23:53:02.180-0400: 6.955: [Full GC (Ergonomics) [PSYoungGen: 46607K->0K(175104K)] [ParOldGen: 455323K->61427K(524288K)] 501930K->61427K(699392K), [Metaspace: 42899K->42895K(1085440K)], 0.2102925 secs] [Times: user=3.16 sys=0.06, real=0.21 secs] 
2016-09-25T23:53:02.426-0400: 7.201: [GC (GCLocker Initiated GC) [PSYoungGen: 88064K->82089K(175104K)] 152281K->146314K(699392K), 0.0065219 secs] [Times: user=0.08 sys=0.01, real=0.00 secs] 
2016-09-25T23:53:02.472-0400: 7.247: [GC (GCLocker Initiated GC) [PSYoungGen: 170153K->76418K(175104K)] 237214K->157512K(699392K), 0.0070642 secs] [Times: user=0.09 sys=0.00, real=0.01 secs] 
2016-09-25T23:53:02.513-0400: 7.287: [GC (GCLocker Initiated GC) [PSYoungGen: 164482K->71065K(175104K)] 251045K->175433K(699392K), 0.0069863 secs] [Times: user=0.11 sys=0.00, real=0.01 secs] 
2016-09-25T23:53:02.561-0400: 7.336: [GC (GCLocker Initiated GC) [PSYoungGen: 159129K->77782K(175104K)] 273152K->194827K(699392K), 0.0067141 secs] [Times: user=0.09 sys=0.00, real=0.01 secs] 
2016-09-25T23:53:02.609-0400: 7.383: [GC (GCLocker Initiated GC) [PSYoungGen: 165846K->53386K(175104K)] 288409K->197858K(699392K), 0.0061299 secs] [Times: user=0.09 sys=0.00, real=0.01 secs] 
2016-09-25T23:53:02.655-0400: 7.430: [GC (GCLocker Initiated GC) [PSYoungGen: 141450K->43857K(175104K)] 286264K->220005K(699392K), 0.0058806 secs] [Times: user=0.07 sys=0.00, real=0.00 secs] 
2016-09-25T23:53:02.683-0400: 7.458: [GC (GCLocker Initiated GC) [PSYoungGen: 131921K->49321K(175104K)] 314908K->255508K(699392K), 0.0138193 secs] [Times: user=0.17 sys=0.00, real=0.01 secs] 
2016-09-25T23:53:02.739-0400: 7.514: [GC (GCLocker Initiated GC) [PSYoungGen: 137385K->53418K(175104K)] 347691K->299182K(699392K), 0.0075519 secs] [Times: user=0.08 sys=0.00, real=0.01 secs] 
2016-09-25T23:53:02.780-0400: 7.554: [GC (GCLocker Initiated GC) [PSYoungGen: 141482K->54867K(175104K)] 391308K->345520K(699392K), 0.0069562 secs] [Times: user=0.10 sys=0.00, real=0.01 secs] 
2016-09-25T23:53:02.824-0400: 7.598: [GC (GCLocker Initiated GC) [PSYoungGen: 142931K->71032K(175104K)] 437704K->378234K(699392K), 0.0068569 secs] [Times: user=0.10 sys=0.00, real=0.00 secs] 
2016-09-25T23:53:02.863-0400: 7.638: [GC (GCLocker Initiated GC) [PSYoungGen: 159096K->68190K(175104K)] 473257K->386655K(699392K), 0.0081314 secs] [Times: user=0.06 sys=0.00, real=0.00 secs] 
2016-09-25T23:53:02.908-0400: 7.682: [GC (GCLocker Initiated GC) [PSYoungGen: 156254K->64218K(175104K)] 474840K->415476K(699392K), 0.0077854 secs] [Times: user=0.08 sys=0.00, real=0.01 secs] 
2016-09-25T23:53:02.957-0400: 7.732: [GC (GCLocker Initiated GC) [PSYoungGen: 152282K->61582K(175104K)] 510372K->446926K(699392K), 0.0063304 secs] [Times: user=0.08 sys=0.00, real=0.01 secs] 
2016-09-25T23:53:03.002-0400: 7.777: [GC (GCLocker Initiated GC) [PSYoungGen: 149646K->73747K(175104K)] 543227K->467623K(699392K), 0.0059254 secs] [Times: user=0.09 sys=0.00, real=0.00 secs] 
2016-09-25T23:53:03.050-0400: 7.825: [GC (GCLocker Initiated GC) [PSYoungGen: 161811K->69725K(175104K)] 562563K->483009K(699392K), 0.0073007 secs] [Times: user=0.10 sys=0.00, real=0.01 secs] 
2016-09-25T23:53:03.099-0400: 7.874: [GC (GCLocker Initiated GC) [PSYoungGen: 157789K->54935K(175104K)] 573958K->511979K(699392K), 0.0073046 secs] [Times: user=0.11 sys=0.00, real=0.01 secs] 
2016-09-25T23:53:03.144-0400: 7.919: [GC (GCLocker Initiated GC) [PSYoungGen: 142999K->71244K(175104K)] 605608K->546411K(699392K), 0.0076336 secs] [Times: user=0.10 sys=0.01, real=0.00 secs] 
2016-09-25T23:53:03.152-0400: 7.927: [Full GC (Ergonomics) [PSYoungGen: 71244K->0K(175104K)] [ParOldGen: 475166K->69901K(524288K)] 546411K->69901K(699392K), [Metaspace: 43026K->43026K(1085440K)], 0.0537429 secs] [Times: user=0.54 sys=0.00, real=0.06 secs] 
2016-09-25T23:53:03.251-0400: 8.026: [GC (GCLocker Initiated GC) [PSYoungGen: 88064K->64576K(175104K)] 158162K->134675K(699392K), 0.0054382 secs] [Times: user=0.06 sys=0.01, real=0.01 secs] 
2016-09-25T23:53:03.292-0400: 8.066: [GC (GCLocker Initiated GC) [PSYoungGen: 152640K->69894K(175104K)] 222801K->147450K(699392K), 0.0058518 secs] [Times: user=0.08 sys=0.01, real=0.01 secs] 
2016-09-25T23:53:03.335-0400: 8.110: [GC (GCLocker Initiated GC) [PSYoungGen: 157958K->69752K(175104K)] 238351K->168283K(699392K), 0.0065260 secs] [Times: user=0.10 sys=0.00, real=0.00 secs] 
2016-09-25T23:53:03.380-0400: 8.154: [GC (GCLocker Initiated GC) [PSYoungGen: 157816K->60444K(148992K)] 260307K->184937K(673280K), 0.0070949 secs] [Times: user=0.09 sys=0.00, real=0.01 secs] 
2016-09-25T23:53:03.420-0400: 8.194: [GC (GCLocker Initiated GC) [PSYoungGen: 148508K->69784K(174080K)] 274466K->209798K(698368K), 0.0059998 secs] [Times: user=0.08 sys=0.00, real=0.01 secs] 
2016-09-25T23:53:03.457-0400: 8.232: [GC (GCLocker Initiated GC) [PSYoungGen: 157848K->65844K(174080K)] 299375K->232157K(698368K), 0.0068434 secs] [Times: user=0.10 sys=0.00, real=0.01 secs] 
2016-09-25T23:53:03.503-0400: 8.277: [GC (GCLocker Initiated GC) [PSYoungGen: 153908K->53506K(174592K)] 320549K->247747K(698880K), 0.0063051 secs] [Times: user=0.09 sys=0.00, real=0.00 secs] 
2016-09-25T23:53:03.543-0400: 8.318: [GC (GCLocker Initiated GC) [PSYoungGen: 143618K->69895K(174592K)] 343414K->295804K(698880K), 0.0064853 secs] [Times: user=0.09 sys=0.00, real=0.00 secs] 
2016-09-25T23:53:03.593-0400: 8.367: [GC (GCLocker Initiated GC) [PSYoungGen: 160007K->67130K(176640K)] 395519K->326165K(700928K), 0.0067093 secs] [Times: user=0.09 sys=0.00, real=0.01 secs] 
2016-09-25T23:53:03.638-0400: 8.413: [GC (GCLocker Initiated GC) [PSYoungGen: 160314K->54916K(177152K)] 424883K->334819K(701440K), 0.0090798 secs] [Times: user=0.06 sys=0.01, real=0.01 secs] 
2016-09-25T23:53:03.681-0400: 8.456: [GC (GCLocker Initiated GC) [PSYoungGen: 148100K->76644K(172544K)] 428136K->381488K(696832K), 0.0071460 secs] [Times: user=0.10 sys=0.00, real=0.01 secs] 
2016-09-25T23:53:03.727-0400: 8.502: [GC (GCLocker Initiated GC) [PSYoungGen: 165732K->59122K(175616K)] 481526K->395609K(699904K), 0.0062912 secs] [Times: user=0.08 sys=0.00, real=0.00 secs] 
2016-09-25T23:53:03.772-0400: 8.546: [GC (GCLocker Initiated GC) [PSYoungGen: 148210K->65716K(171008K)] 497012K->416452K(695296K), 0.0063284 secs] [Times: user=0.08 sys=0.00, real=0.01 secs] 
2016-09-25T23:53:03.820-0400: 8.595: [GC (GCLocker Initiated GC) [PSYoungGen: 156340K->52138K(174080K)] 513847K->424951K(698368K), 0.0067418 secs] [Times: user=0.08 sys=0.00, real=0.01 secs] 
2016-09-25T23:53:03.859-0400: 8.633: [GC (GCLocker Initiated GC) [PSYoungGen: 142762K->76804K(172032K)] 515663K->456845K(696320K), 0.0080691 secs] [Times: user=0.08 sys=0.00, real=0.01 secs] 
2016-09-25T23:53:03.906-0400: 8.680: [GC (GCLocker Initiated GC) [PSYoungGen: 164868K->71194K(175104K)] 551796K->479004K(699392K), 0.0065380 secs] [Times: user=0.10 sys=0.00, real=0.00 secs] 
2016-09-25T23:53:03.950-0400: 8.725: [GC (GCLocker Initiated GC) [PSYoungGen: 159258K->68512K(173056K)] 573874K->511960K(697344K), 0.0073616 secs] [Times: user=0.08 sys=0.00, real=0.01 secs] 
2016-09-25T23:53:04.000-0400: 8.774: [GC (GCLocker Initiated GC) [PSYoungGen: 156576K->42624K(174080K)] 602883K->519106K(698368K), 0.0072119 secs] [Times: user=0.07 sys=0.00, real=0.01 secs] 
2016-09-25T23:53:04.040-0400: 8.815: [Full GC (Ergonomics) [PSYoungGen: 130688K->0K(174080K)] [ParOldGen: 484747K->76264K(524288K)] 615436K->76264K(698368K), [Metaspace: 43246K->43246K(1085440K)], 0.0498122 secs] [Times: user=0.32 sys=0.01, real=0.05 secs] 
2016-09-25T23:53:04.127-0400: 8.901: [GC (GCLocker Initiated GC) [PSYoungGen: 88064K->76570K(175104K)] 164412K->152919K(699392K), 0.0069494 secs] [Times: user=0.09 sys=0.01, real=0.00 secs] 
2016-09-25T23:53:04.165-0400: 8.940: [GC (GCLocker Initiated GC) [PSYoungGen: 164634K->68480K(175104K)] 241109K->177905K(699392K), 0.0074073 secs] [Times: user=0.11 sys=0.00, real=0.00 secs] 
2016-09-25T23:53:04.203-0400: 8.978: [GC (GCLocker Initiated GC) [PSYoungGen: 156544K->46930K(175104K)] 266076K->196152K(699392K), 0.0065737 secs] [Times: user=0.09 sys=0.00, real=0.00 secs] 
2016-09-25T23:53:04.241-0400: 9.016: [GC (GCLocker Initiated GC) [PSYoungGen: 134994K->64526K(175104K)] 284365K->233343K(699392K), 0.0085521 secs] [Times: user=0.10 sys=0.00, real=0.01 secs] 
2016-09-25T23:53:04.281-0400: 9.056: [GC (GCLocker Initiated GC) [PSYoungGen: 152590K->73944K(175104K)] 327045K->263889K(699392K), 0.0069155 secs] [Times: user=0.10 sys=0.00, real=0.01 secs] 
2016-09-25T23:53:04.351-0400: 9.126: [GC (GCLocker Initiated GC) [PSYoungGen: 162008K->77930K(175104K)] 357472K->279382K(699392K), 0.0064144 secs] [Times: user=0.08 sys=0.00, real=0.01 secs] 
2016-09-25T23:53:04.397-0400: 9.171: [GC (GCLocker Initiated GC) [PSYoungGen: 165994K->45484K(175104K)] 367527K->275923K(699392K), 0.0063859 secs] [Times: user=0.09 sys=0.00, real=0.01 secs] 
2016-09-25T23:53:04.438-0400: 9.213: [GC (GCLocker Initiated GC) [PSYoungGen: 133548K->73991K(175104K)] 369584K->324069K(699392K), 0.0068333 secs] [Times: user=0.08 sys=0.01, real=0.01 secs] 
2016-09-25T23:53:04.491-0400: 9.266: [GC (GCLocker Initiated GC) [PSYoungGen: 162055K->42720K(175104K)] 414919K->312375K(699392K), 0.0064259 secs] [Times: user=0.07 sys=0.00, real=0.01 secs] 
2016-09-25T23:53:04.533-0400: 9.308: [GC (GCLocker Initiated GC) [PSYoungGen: 130784K->61666K(175104K)] 403316K->353553K(699392K), 0.0150169 secs] [Times: user=0.19 sys=0.01, real=0.02 secs] 
2016-09-25T23:53:04.582-0400: 9.357: [GC (GCLocker Initiated GC) [PSYoungGen: 149730K->80726K(175104K)] 444342K->381222K(699392K), 0.0090985 secs] [Times: user=0.07 sys=0.01, real=0.01 secs] 
2016-09-25T23:53:04.638-0400: 9.413: [GC (GCLocker Initiated GC) [PSYoungGen: 168790K->49530K(175104K)] 482843K->393823K(699392K), 0.0061553 secs] [Times: user=0.09 sys=0.00, real=0.01 secs] 
2016-09-25T23:53:04.689-0400: 9.464: [GC (GCLocker Initiated GC) [PSYoungGen: 137594K->52330K(175104K)] 487346K->433618K(699392K), 0.0066894 secs] [Times: user=0.11 sys=0.00, real=0.01 secs] 
2016-09-25T23:53:04.733-0400: 9.508: [GC (GCLocker Initiated GC) [PSYoungGen: 140394K->46894K(175104K)] 528598K->455866K(699392K), 0.0081010 secs] [Times: user=0.08 sys=0.00, real=0.01 secs] 
2016-09-25T23:53:04.778-0400: 9.553: [GC (GCLocker Initiated GC) [PSYoungGen: 134958K->65766K(175104K)] 544961K->481763K(699392K), 0.0090701 secs] [Times: user=0.12 sys=0.00, real=0.01 secs] 
2016-09-25T23:53:04.810-0400: 9.585: [GC (GCLocker Initiated GC) [PSYoungGen: 153830K->69926K(175104K)] 572842K->508344K(699392K), 0.0078906 secs] [Times: user=0.10 sys=0.00, real=0.01 secs] 
2016-09-25T23:53:04.863-0400: 9.638: [GC (GCLocker Initiated GC) [PSYoungGen: 157990K->38606K(175104K)] 605981K->503317K(699392K), 0.0060360 secs] [Times: user=0.06 sys=0.00, real=0.00 secs] 
2016-09-25T23:53:04.903-0400: 9.678: [GC (GCLocker Initiated GC) [PSYoungGen: 126670K->63098K(175104K)] 591458K->547248K(699392K), 0.0066682 secs] [Times: user=0.10 sys=0.00, real=0.00 secs] 
2016-09-25T23:53:04.947-0400: 9.721: [Full GC (Ergonomics) [PSYoungGen: 151162K->0K(175104K)] [ParOldGen: 492488K->82391K(524288K)] 643650K->82391K(699392K), [Metaspace: 43331K->43331K(1085440K)], 0.0472014 secs] [Times: user=0.40 sys=0.00, real=0.04 secs] 
2016-09-25T23:53:05.035-0400: 9.810: [GC (GCLocker Initiated GC) [PSYoungGen: 88064K->74200K(175104K)] 181502K->167639K(699392K), 0.0055064 secs] [Times: user=0.08 sys=0.00, real=0.00 secs] 
2016-09-25T23:53:05.076-0400: 9.851: [GC (GCLocker Initiated GC) [PSYoungGen: 162264K->68480K(175104K)] 255828K->176304K(699392K), 0.0066094 secs] [Times: user=0.08 sys=0.00, real=0.01 secs] 
2016-09-25T23:53:05.120-0400: 9.894: [GC (GCLocker Initiated GC) [PSYoungGen: 156544K->53629K(175104K)] 277879K->205180K(699392K), 0.0063971 secs] [Times: user=0.09 sys=0.00, real=0.01 secs] 
2016-09-25T23:53:05.161-0400: 9.936: [GC (GCLocker Initiated GC) [PSYoungGen: 141693K->69876K(175104K)] 298689K->238207K(699392K), 0.0064495 secs] [Times: user=0.10 sys=0.00, real=0.01 secs] 
2016-09-25T23:53:05.200-0400: 9.974: [GC (GCLocker Initiated GC) [PSYoungGen: 157940K->64242K(175104K)] 329048K->257532K(699392K), 0.0066658 secs] [Times: user=0.09 sys=0.00, real=0.01 secs] 
2016-09-25T23:53:05.238-0400: 10.013: [GC (GCLocker Initiated GC) [PSYoungGen: 152306K->80662K(175104K)] 345690K->289276K(699392K), 0.0066538 secs] [Times: user=0.10 sys=0.00, real=0.01 secs] 
2016-09-25T23:53:05.290-0400: 10.065: [GC (GCLocker Initiated GC) [PSYoungGen: 168726K->57758K(175104K)] 381560K->279171K(699392K), 0.0059217 secs] [Times: user=0.06 sys=0.00, real=0.01 secs] 
2016-09-25T23:53:05.332-0400: 10.107: [GC (GCLocker Initiated GC) [PSYoungGen: 145822K->67148K(175104K)] 374051K->306749K(699392K), 0.0055967 secs] [Times: user=0.08 sys=0.00, real=0.01 secs] 
2016-09-25T23:53:05.373-0400: 10.148: [GC (GCLocker Initiated GC) [PSYoungGen: 155212K->69922K(175104K)] 401687K->335752K(699392K), 0.0099795 secs] [Times: user=0.14 sys=0.00, real=0.02 secs] 
2016-09-25T23:53:05.424-0400: 10.199: [GC (GCLocker Initiated GC) [PSYoungGen: 157986K->57584K(175104K)] 437411K->353769K(699392K), 0.0069246 secs] [Times: user=0.09 sys=0.00, real=0.00 secs] 
2016-09-25T23:53:05.468-0400: 10.243: [GC (GCLocker Initiated GC) [PSYoungGen: 145648K->57428K(175104K)] 443672K->363988K(699392K), 0.0063523 secs] [Times: user=0.07 sys=0.00, real=0.01 secs] 
2016-09-25T23:53:05.498-0400: 10.273: [GC (GCLocker Initiated GC) [PSYoungGen: 145492K->75134K(175104K)] 454817K->406424K(699392K), 0.0115493 secs] [Times: user=0.12 sys=0.00, real=0.01 secs] 
2016-09-25T23:53:05.546-0400: 10.321: [GC (GCLocker Initiated GC) [PSYoungGen: 163198K->53502K(175104K)] 497413K->404420K(699392K), 0.0098584 secs] [Times: user=0.11 sys=0.00, real=0.01 secs] 
2016-09-25T23:53:05.587-0400: 10.362: [GC (GCLocker Initiated GC) [PSYoungGen: 141566K->79316K(175104K)] 492670K->452493K(699392K), 0.0072111 secs] [Times: user=0.11 sys=0.00, real=0.01 secs] 
2016-09-25T23:53:05.628-0400: 10.403: [GC (GCLocker Initiated GC) [PSYoungGen: 167380K->65748K(175104K)] 543381K->473327K(699392K), 0.0070932 secs] [Times: user=0.09 sys=0.00, real=0.01 secs] 
2016-09-25T23:53:05.673-0400: 10.448: [GC (GCLocker Initiated GC) [PSYoungGen: 153812K->84794K(175104K)] 564148K->514554K(699392K), 0.0068201 secs] [Times: user=0.10 sys=0.00, real=0.01 secs] 
2016-09-25T23:53:05.719-0400: 10.494: [GC (GCLocker Initiated GC) [PSYoungGen: 172858K->60362K(175104K)] 614889K->531272K(699392K), 0.0063454 secs] [Times: user=0.08 sys=0.00, real=0.01 secs] 
2016-09-25T23:53:05.763-0400: 10.537: [GC (GCLocker Initiated GC) [PSYoungGen: 148426K->77994K(175104K)] 627603K->568540K(699392K), 0.0069654 secs] [Times: user=0.09 sys=0.01, real=0.00 secs] 
2016-09-25T23:53:05.770-0400: 10.545: [Full GC (Ergonomics) [PSYoungGen: 77994K->0K(175104K)] [ParOldGen: 490546K->85507K(524288K)] 568540K->85507K(699392K), [Metaspace: 43343K->43343K(1085440K)], 0.0489215 secs] [Times: user=0.44 sys=0.00, real=0.05 secs] 
2016-09-25T23:53:05.849-0400: 10.623: [GC (GCLocker Initiated GC) [PSYoungGen: 88064K->84968K(175104K)] 176494K->173398K(699392K), 0.0067142 secs] [Times: user=0.10 sys=0.01, real=0.01 secs] 
2016-09-25T23:53:05.896-0400: 10.671: [GC (GCLocker Initiated GC) [PSYoungGen: 173032K->64366K(175104K)] 269668K->168611K(699392K), 0.0056048 secs] [Times: user=0.08 sys=0.00, real=0.00 secs] 
2016-09-25T23:53:05.937-0400: 10.712: [GC (GCLocker Initiated GC) [PSYoungGen: 152430K->79376K(175104K)] 259487K->203085K(699392K), 0.0068931 secs] [Times: user=0.09 sys=0.00, real=0.01 secs] 
2016-09-25T23:53:05.982-0400: 10.757: [GC (GCLocker Initiated GC) [PSYoungGen: 167440K->76640K(175104K)] 304795K->221292K(699392K), 0.0058958 secs] [Times: user=0.08 sys=0.00, real=0.01 secs] 
2016-09-25T23:53:06.025-0400: 10.800: [GC (GCLocker Initiated GC) [PSYoungGen: 164704K->58966K(175104K)] 327071K->243509K(699392K), 0.0066307 secs] [Times: user=0.10 sys=0.00, real=0.00 secs] 
2016-09-25T23:53:06.070-0400: 10.845: [GC (GCLocker Initiated GC) [PSYoungGen: 147030K->71130K(175104K)] 346661K->273881K(699392K), 0.0053666 secs] [Times: user=0.07 sys=0.00, real=0.01 secs] 
2016-09-25T23:53:06.117-0400: 10.892: [GC (GCLocker Initiated GC) [PSYoungGen: 159194K->65652K(175104K)] 376081K->287055K(699392K), 0.0054680 secs] [Times: user=0.07 sys=0.00, real=0.01 secs] 
2016-09-25T23:53:06.157-0400: 10.931: [GC (GCLocker Initiated GC) [PSYoungGen: 153716K->63048K(175104K)] 377841K->288911K(699392K), 0.0061244 secs] [Times: user=0.06 sys=0.00, real=0.01 secs] 
2016-09-25T23:53:06.199-0400: 10.974: [GC (GCLocker Initiated GC) [PSYoungGen: 151112K->76392K(175104K)] 382631K->319243K(699392K), 0.0067127 secs] [Times: user=0.10 sys=0.00, real=0.01 secs] 
2016-09-25T23:53:06.243-0400: 11.017: [GC (GCLocker Initiated GC) [PSYoungGen: 164456K->61824K(175104K)] 421013K->321416K(699392K), 0.0056017 secs] [Times: user=0.07 sys=0.00, real=0.00 secs] 
2016-09-25T23:53:06.287-0400: 11.062: [GC (GCLocker Initiated GC) [PSYoungGen: 149888K->73784K(175104K)] 412253K->347543K(699392K), 0.0076390 secs] [Times: user=0.08 sys=0.00, real=0.01 secs] 
2016-09-25T23:53:06.334-0400: 11.108: [GC (GCLocker Initiated GC) [PSYoungGen: 161848K->72530K(175104K)] 451912K->365705K(699392K), 0.0064573 secs] [Times: user=0.07 sys=0.02, real=0.01 secs] 
2016-09-25T23:53:06.381-0400: 11.156: [GC (GCLocker Initiated GC) [PSYoungGen: 160594K->53519K(175104K)] 459282K->372973K(699392K), 0.0056492 secs] [Times: user=0.08 sys=0.00, real=0.01 secs] 
2016-09-25T23:53:06.423-0400: 11.197: [GC (GCLocker Initiated GC) [PSYoungGen: 141583K->67253K(175104K)] 467884K->415551K(699392K), 0.0070829 secs] [Times: user=0.09 sys=0.00, real=0.00 secs] 
2016-09-25T23:53:06.470-0400: 11.245: [GC (GCLocker Initiated GC) [PSYoungGen: 155317K->61775K(175104K)] 507782K->428309K(699392K), 0.0070469 secs] [Times: user=0.09 sys=0.00, real=0.01 secs] 
2016-09-25T23:53:06.512-0400: 11.286: [GC (GCLocker Initiated GC) [PSYoungGen: 149839K->77993K(175104K)] 519128K->463994K(699392K), 0.0072990 secs] [Times: user=0.09 sys=0.00, real=0.01 secs] 
2016-09-25T23:53:06.558-0400: 11.333: [GC (GCLocker Initiated GC) [PSYoungGen: 166057K->76593K(175104K)] 564347K->484786K(699392K), 0.0067377 secs] [Times: user=0.09 sys=0.01, real=0.01 secs] 
2016-09-25T23:53:06.608-0400: 11.383: [GC (GCLocker Initiated GC) [PSYoungGen: 164657K->71101K(175104K)] 575654K->494753K(699392K), 0.0068944 secs] [Times: user=0.08 sys=0.02, real=0.01 secs] 
2016-09-25T23:53:06.646-0400: 11.421: [GC (GCLocker Initiated GC) [PSYoungGen: 159165K->71257K(175104K)] 587086K->509041K(699392K), 0.0067017 secs] [Times: user=0.06 sys=0.01, real=0.00 secs] 
2016-09-25T23:53:06.690-0400: 11.464: [GC (GCLocker Initiated GC) [PSYoungGen: 159321K->64319K(175104K)] 599976K->536590K(699392K), 0.0080450 secs] [Times: user=0.10 sys=0.02, real=0.01 secs] 
2016-09-25T23:53:06.735-0400: 11.510: [GC (GCLocker Initiated GC) [PSYoungGen: 152383K->69957K(172032K)] 630214K->571127K(696320K), 0.0077887 secs] [Times: user=0.10 sys=0.00, real=0.01 secs] 
2016-09-25T23:53:06.743-0400: 11.518: [Full GC (Ergonomics) [PSYoungGen: 69957K->0K(172032K)] [ParOldGen: 501169K->95428K(524288K)] 571127K->95428K(696320K), [Metaspace: 43359K->43359K(1085440K)], 0.0515483 secs] [Times: user=0.48 sys=0.01, real=0.05 secs] 
2016-09-25T23:53:06.823-0400: 11.598: [GC (GCLocker Initiated GC) [PSYoungGen: 88064K->83599K(173568K)] 183602K->181838K(697856K), 0.0081318 secs] [Times: user=0.06 sys=0.00, real=0.00 secs] 
2016-09-25T23:53:06.869-0400: 11.644: [GC (GCLocker Initiated GC) [PSYoungGen: 171663K->67207K(175104K)] 273992K->196029K(699392K), 0.0071576 secs] [Times: user=0.09 sys=0.00, real=0.01 secs] 
2016-09-25T23:53:06.917-0400: 11.691: [GC (GCLocker Initiated GC) [PSYoungGen: 155271K->52188K(175104K)] 294949K->204561K(699392K), 0.0057981 secs] [Times: user=0.07 sys=0.00, real=0.01 secs] 
2016-09-25T23:53:06.958-0400: 11.732: [GC (GCLocker Initiated GC) [PSYoungGen: 140252K->73925K(175104K)] 298848K->235612K(699392K), 0.0066239 secs] [Times: user=0.09 sys=0.00, real=0.01 secs] 
2016-09-25T23:53:06.992-0400: 11.766: [GC (GCLocker Initiated GC) [PSYoungGen: 161989K->79124K(175104K)] 323727K->257655K(699392K), 0.0076970 secs] [Times: user=0.11 sys=0.00, real=0.01 secs] 
2016-09-25T23:53:07.036-0400: 11.811: [GC (GCLocker Initiated GC) [PSYoungGen: 167188K->72529K(175104K)] 351203K->277162K(699392K), 0.0068107 secs] [Times: user=0.09 sys=0.00, real=0.01 secs] 
2016-09-25T23:53:07.080-0400: 11.854: [GC (GCLocker Initiated GC) [PSYoungGen: 160593K->61711K(175104K)] 373484K->302105K(699392K), 0.0070748 secs] [Times: user=0.08 sys=0.01, real=0.01 secs] 
2016-09-25T23:53:07.123-0400: 11.897: [GC (GCLocker Initiated GC) [PSYoungGen: 149775K->61775K(175104K)] 396975K->312204K(699392K), 0.0054246 secs] [Times: user=0.07 sys=0.00, real=0.00 secs] 
2016-09-25T23:53:07.161-0400: 11.936: [GC (GCLocker Initiated GC) [PSYoungGen: 149839K->75028K(175104K)] 400360K->334222K(699392K), 0.0064921 secs] [Times: user=0.09 sys=0.00, real=0.01 secs] 
2016-09-25T23:53:07.198-0400: 11.973: [GC (GCLocker Initiated GC) [PSYoungGen: 163092K->68571K(175104K)] 426440K->347075K(699392K), 0.0065101 secs] [Times: user=0.08 sys=0.00, real=0.01 secs] 
2016-09-25T23:53:07.248-0400: 12.023: [GC (GCLocker Initiated GC) [PSYoungGen: 156635K->57460K(175104K)] 437952K->373166K(699392K), 0.0099052 secs] [Times: user=0.13 sys=0.00, real=0.01 secs] 
2016-09-25T23:53:07.290-0400: 12.065: [GC (GCLocker Initiated GC) [PSYoungGen: 145524K->60521K(175104K)] 464073K->406414K(699392K), 0.0089574 secs] [Times: user=0.10 sys=0.01, real=0.01 secs] 
2016-09-25T23:53:07.340-0400: 12.115: [GC (GCLocker Initiated GC) [PSYoungGen: 148585K->79280K(175104K)] 497269K->440781K(699392K), 0.0070389 secs] [Times: user=0.09 sys=0.00, real=0.01 secs] 
2016-09-25T23:53:07.381-0400: 12.156: [GC (GCLocker Initiated GC) [PSYoungGen: 167344K->64526K(175104K)] 531737K->472610K(699392K), 0.0072047 secs] [Times: user=0.11 sys=0.00, real=0.01 secs] 
2016-09-25T23:53:07.426-0400: 12.201: [GC (Allocation Failure) [PSYoungGen: 152590K->65903K(154112K)] 568814K->498875K(678400K), 0.0064479 secs] [Times: user=0.09 sys=0.00, real=0.00 secs] 
2016-09-25T23:53:07.468-0400: 12.243: [GC (GCLocker Initiated GC) [PSYoungGen: 152424K->58796K(175104K)] 588096K->522019K(699392K), 0.0068255 secs] [Times: user=0.08 sys=0.00, real=0.01 secs] 
2016-09-25T23:53:07.507-0400: 12.282: [GC (GCLocker Initiated GC) [PSYoungGen: 147372K->84790K(174592K)] 617414K->556495K(698880K), 0.0071570 secs] [Times: user=0.11 sys=0.00, real=0.01 secs] 
2016-09-25T23:53:07.553-0400: 12.328: [Full GC (Ergonomics) [PSYoungGen: 173366K->0K(174592K)] [ParOldGen: 485299K->101286K(524288K)] 658665K->101286K(698880K), [Metaspace: 43361K->43361K(1085440K)], 0.0456378 secs] [Times: user=0.35 sys=0.00, real=0.05 secs] 
2016-09-25T23:53:07.645-0400: 12.419: [GC (GCLocker Initiated GC) [PSYoungGen: 88576K->53808K(175104K)] 198085K->163317K(699392K), 0.0045441 secs] [Times: user=0.05 sys=0.00, real=0.00 secs] 
2016-09-25T23:53:07.680-0400: 12.454: [GC (GCLocker Initiated GC) [PSYoungGen: 141872K->84839K(175104K)] 252884K->200572K(699392K), 0.0073215 secs] [Times: user=0.08 sys=0.01, real=0.01 secs] 
2016-09-25T23:53:07.733-0400: 12.507: [GC (GCLocker Initiated GC) [PSYoungGen: 172903K->61711K(175104K)] 304914K->218617K(699392K), 0.0073091 secs] [Times: user=0.07 sys=0.00, real=0.01 secs] 
2016-09-25T23:53:07.790-0400: 12.565: [GC (GCLocker Initiated GC) [PSYoungGen: 149775K->49515K(175104K)] 314813K->224444K(699392K), 0.0064564 secs] [Times: user=0.06 sys=0.00, real=0.01 secs] 
2016-09-25T23:53:07.831-0400: 12.606: [GC (GCLocker Initiated GC) [PSYoungGen: 137579K->65669K(175104K)] 318042K->258797K(699392K), 0.0063516 secs] [Times: user=0.08 sys=0.00, real=0.01 secs] 
2016-09-25T23:53:07.876-0400: 12.651: [GC (GCLocker Initiated GC) [PSYoungGen: 153733K->67143K(175104K)] 353811K->287876K(699392K), 0.0061732 secs] [Times: user=0.07 sys=0.00, real=0.01 secs] 
2016-09-25T23:53:07.917-0400: 12.691: [GC (GCLocker Initiated GC) [PSYoungGen: 155207K->76501K(175104K)] 378894K->316877K(699392K), 0.0067861 secs] [Times: user=0.10 sys=0.00, real=0.01 secs] 
2016-09-25T23:53:07.962-0400: 12.737: [GC (GCLocker Initiated GC) [PSYoungGen: 164565K->72387K(175104K)] 405039K->322720K(699392K), 0.0083931 secs] [Times: user=0.11 sys=0.00, real=0.00 secs] 
2016-09-25T23:53:08.004-0400: 12.779: [GC (GCLocker Initiated GC) [PSYoungGen: 160451K->59075K(175104K)] 417648K->338257K(699392K), 0.0091417 secs] [Times: user=0.07 sys=0.00, real=0.00 secs] 
2016-09-25T23:53:08.050-0400: 12.825: [GC (GCLocker Initiated GC) [PSYoungGen: 147139K->83439K(175104K)] 431783K->370049K(699392K), 0.0076648 secs] [Times: user=0.06 sys=0.01, real=0.01 secs] 
2016-09-25T23:53:08.102-0400: 12.876: [GC (GCLocker Initiated GC) [PSYoungGen: 171503K->41259K(175104K)] 464911K->351404K(699392K), 0.0176594 secs] [Times: user=0.24 sys=0.00, real=0.02 secs] 
2016-09-25T23:53:08.161-0400: 12.936: [GC (GCLocker Initiated GC) [PSYoungGen: 129323K->61679K(175104K)] 448967K->387058K(699392K), 0.0068504 secs] [Times: user=0.07 sys=0.00, real=0.01 secs] 
2016-09-25T23:53:08.211-0400: 12.985: [GC (GCLocker Initiated GC) [PSYoungGen: 149743K->79215K(175104K)] 477926K->409357K(699392K), 0.0067782 secs] [Times: user=0.09 sys=0.00, real=0.01 secs] 
2016-09-25T23:53:08.275-0400: 13.049: [GC (GCLocker Initiated GC) [PSYoungGen: 167279K->69811K(175104K)] 511728K->428196K(699392K), 0.0061023 secs] [Times: user=0.08 sys=0.00, real=0.00 secs] 
2016-09-25T23:53:08.320-0400: 13.095: [GC (GCLocker Initiated GC) [PSYoungGen: 157875K->83206K(175104K)] 516369K->446263K(699392K), 0.0115467 secs] [Times: user=0.18 sys=0.00, real=0.01 secs] 
2016-09-25T23:53:08.373-0400: 13.147: [GC (GCLocker Initiated GC) [PSYoungGen: 171270K->67097K(175104K)] 539938K->460445K(699392K), 0.0070034 secs] [Times: user=0.09 sys=0.00, real=0.01 secs] 
2016-09-25T23:53:08.429-0400: 13.203: [GC (GCLocker Initiated GC) [PSYoungGen: 155161K->64383K(175104K)] 556853K->498935K(699392K), 0.0076838 secs] [Times: user=0.08 sys=0.01, real=0.01 secs] 
2016-09-25T23:53:08.481-0400: 13.256: [GC (GCLocker Initiated GC) [PSYoungGen: 152447K->76657K(175104K)] 597992K->526737K(699392K), 0.0065626 secs] [Times: user=0.07 sys=0.00, real=0.01 secs] 
2016-09-25T23:53:08.526-0400: 13.301: [GC (GCLocker Initiated GC) [PSYoungGen: 164721K->65715K(175104K)] 620357K->539424K(699392K), 0.0085688 secs] [Times: user=0.11 sys=0.01, real=0.01 secs] 
2016-09-25T23:53:08.587-0400: 13.361: [GC (GCLocker Initiated GC) [PSYoungGen: 153779K->71069K(175104K)] 630351K->554834K(699392K), 0.0085122 secs] [Times: user=0.12 sys=0.01, real=0.01 secs] 
2016-09-25T23:53:08.635-0400: 13.412: [GC (GCLocker Initiated GC) [PSYoungGen: 159133K->76579K(175104K)] 642979K->582422K(699392K), 0.0118796 secs] [Times: user=0.11 sys=0.00, real=0.01 secs] 
2016-09-25T23:53:08.647-0400: 13.422: [Full GC (Ergonomics) [PSYoungGen: 76579K->0K(175104K)] [ParOldGen: 505843K->102894K(524288K)] 582422K->102894K(699392K), [Metaspace: 43367K->43367K(1085440K)], 0.0615555 secs] [Times: user=0.45 sys=0.00, real=0.06 secs] 
2016-09-25T23:53:08.742-0400: 13.517: [GC (GCLocker Initiated GC) [PSYoungGen: 88064K->85127K(175104K)] 191071K->188135K(699392K), 0.0062210 secs] [Times: user=0.07 sys=0.00, real=0.00 secs] 
2016-09-25T23:53:08.805-0400: 13.580: [GC (GCLocker Initiated GC) [PSYoungGen: 173191K->48147K(175104K)] 291162K->180513K(699392K), 0.0084403 secs] [Times: user=0.11 sys=0.00, real=0.00 secs] 
2016-09-25T23:53:08.857-0400: 13.632: [GC (GCLocker Initiated GC) [PSYoungGen: 136211K->76487K(175104K)] 271349K->221548K(699392K), 0.0062665 secs] [Times: user=0.08 sys=0.00, real=0.01 secs] 
2016-09-25T23:53:08.897-0400: 13.672: [GC (GCLocker Initiated GC) [PSYoungGen: 164551K->75307K(175104K)] 312475K->246612K(699392K), 0.0091942 secs] [Times: user=0.08 sys=0.01, real=0.01 secs] 
2016-09-25T23:53:08.948-0400: 13.722: [GC (GCLocker Initiated GC) [PSYoungGen: 163371K->64287K(175104K)] 340164K->256463K(699392K), 0.0065008 secs] [Times: user=0.09 sys=0.00, real=0.01 secs] 
2016-09-25T23:53:08.994-0400: 13.769: [GC (GCLocker Initiated GC) [PSYoungGen: 152351K->61537K(175104K)] 350115K->267794K(699392K), 0.0068835 secs] [Times: user=0.06 sys=0.00, real=0.01 secs] 
2016-09-25T23:53:09.045-0400: 13.820: [GC (GCLocker Initiated GC) [PSYoungGen: 149601K->58947K(175104K)] 362752K->277949K(699392K), 0.0158072 secs] [Times: user=0.15 sys=0.00, real=0.01 secs] 
2016-09-25T23:53:09.109-0400: 13.883: [GC (GCLocker Initiated GC) [PSYoungGen: 147011K->53624K(175104K)] 376751K->294697K(699392K), 0.0122711 secs] [Times: user=0.16 sys=0.00, real=0.01 secs] 
2016-09-25T23:53:09.163-0400: 13.938: [GC (GCLocker Initiated GC) [PSYoungGen: 141688K->61560K(175104K)] 382845K->311317K(699392K), 0.0143423 secs] [Times: user=0.17 sys=0.00, real=0.01 secs] 
2016-09-25T23:53:09.219-0400: 13.994: [GC (GCLocker Initiated GC) [PSYoungGen: 149624K->79357K(175104K)] 400820K->351197K(699392K), 0.0068955 secs] [Times: user=0.09 sys=0.00, real=0.01 secs] 
2016-09-25T23:53:09.268-0400: 14.042: [GC (GCLocker Initiated GC) [PSYoungGen: 167421K->72547K(175104K)] 439282K->370585K(699392K), 0.0072997 secs] [Times: user=0.09 sys=0.00, real=0.01 secs] 
2016-09-25T23:53:09.313-0400: 14.088: [GC (GCLocker Initiated GC) [PSYoungGen: 160611K->68466K(175104K)] 458758K->387336K(699392K), 0.0065333 secs] [Times: user=0.08 sys=0.00, real=0.01 secs] 
2016-09-25T23:53:09.355-0400: 14.129: [GC (GCLocker Initiated GC) [PSYoungGen: 156530K->76785K(175104K)] 476957K->409900K(699392K), 0.0092559 secs] [Times: user=0.11 sys=0.00, real=0.01 secs] 
2016-09-25T23:53:09.400-0400: 14.175: [GC (GCLocker Initiated GC) [PSYoungGen: 164849K->71212K(175104K)] 503494K->429398K(699392K), 0.0066036 secs] [Times: user=0.09 sys=0.00, real=0.01 secs] 
2016-09-25T23:53:09.450-0400: 14.225: [GC (GCLocker Initiated GC) [PSYoungGen: 159276K->63048K(175104K)] 533773K->458295K(699392K), 0.0089665 secs] [Times: user=0.13 sys=0.00, real=0.01 secs] 
2016-09-25T23:53:09.507-0400: 14.282: [GC (GCLocker Initiated GC) [PSYoungGen: 151112K->64462K(175104K)] 554609K->498150K(699392K), 0.0067990 secs] [Times: user=0.09 sys=0.00, real=0.00 secs] 
2016-09-25T23:53:09.558-0400: 14.333: [GC (GCLocker Initiated GC) [PSYoungGen: 152526K->69812K(158208K)] 591665K->533787K(682496K), 0.0106414 secs] [Times: user=0.14 sys=0.01, real=0.01 secs] 
2016-09-25T23:53:09.614-0400: 14.389: [GC (GCLocker Initiated GC) [PSYoungGen: 157876K->61697K(175616K)] 630044K->546489K(699904K), 0.0059274 secs] [Times: user=0.08 sys=0.00, real=0.00 secs] 
2016-09-25T23:53:09.671-0400: 14.446: [Full GC (Ergonomics) [PSYoungGen: 150785K->0K(175616K)] [ParOldGen: 487585K->106684K(524288K)] 638371K->106684K(699904K), [Metaspace: 43385K->43385K(1085440K)], 0.0549481 secs] [Times: user=0.39 sys=0.00, real=0.06 secs] 
2016-09-25T23:53:09.772-0400: 14.546: [GC (GCLocker Initiated GC) [PSYoungGen: 89088K->63349K(174592K)] 209510K->183772K(698880K), 0.0058797 secs] [Times: user=0.08 sys=0.00, real=0.01 secs] 
2016-09-25T23:53:09.831-0400: 14.606: [GC (GCLocker Initiated GC) [PSYoungGen: 152437K->46815K(172544K)] 289214K->199255K(696832K), 0.0058754 secs] [Times: user=0.07 sys=0.00, real=0.01 secs] 
2016-09-25T23:53:09.874-0400: 14.649: [GC (GCLocker Initiated GC) [PSYoungGen: 134879K->71211K(174592K)] 293365K->234262K(698880K), 0.0059637 secs] [Times: user=0.08 sys=0.00, real=0.00 secs] 
2016-09-25T23:53:09.910-0400: 14.685: [GC (GCLocker Initiated GC) [PSYoungGen: 159275K->69751K(174592K)] 325253K->248394K(698880K), 0.0063725 secs] [Times: user=0.09 sys=0.00, real=0.01 secs] 
2016-09-25T23:53:09.964-0400: 14.739: [GC (GCLocker Initiated GC) [PSYoungGen: 158839K->50961K(175104K)] 340227K->262475K(699392K), 0.0088928 secs] [Times: user=0.14 sys=0.00, real=0.00 secs] 
2016-09-25T23:53:10.006-0400: 14.781: [GC (GCLocker Initiated GC) [PSYoungGen: 140049K->75293K(174592K)] 351645K->290092K(698880K), 0.0060032 secs] [Times: user=0.08 sys=0.00, real=0.00 secs] 
2016-09-25T23:53:10.052-0400: 14.826: [GC (GCLocker Initiated GC) [PSYoungGen: 163357K->59031K(175104K)] 380982K->302901K(699392K), 0.0062128 secs] [Times: user=0.09 sys=0.00, real=0.01 secs] 
2016-09-25T23:53:10.101-0400: 14.876: [GC (GCLocker Initiated GC) [PSYoungGen: 147095K->69701K(175104K)] 395104K->323619K(699392K), 0.0085700 secs] [Times: user=0.10 sys=0.01, real=0.01 secs] 
2016-09-25T23:53:10.145-0400: 14.920: [GC (GCLocker Initiated GC) [PSYoungGen: 157765K->72547K(175104K)] 411739K->359372K(699392K), 0.0077550 secs] [Times: user=0.13 sys=0.00, real=0.00 secs] 
2016-09-25T23:53:10.202-0400: 14.977: [GC (GCLocker Initiated GC) [PSYoungGen: 160611K->73911K(175104K)] 452874K->386894K(699392K), 0.0117911 secs] [Times: user=0.14 sys=0.01, real=0.01 secs] 
2016-09-25T23:53:10.268-0400: 15.043: [GC (GCLocker Initiated GC) [PSYoungGen: 161975K->53693K(175104K)] 481787K->378030K(699392K), 0.0079918 secs] [Times: user=0.10 sys=0.00, real=0.01 secs] 
2016-09-25T23:53:10.312-0400: 15.087: [GC (GCLocker Initiated GC) [PSYoungGen: 141757K->85934K(175104K)] 468853K->429809K(699392K), 0.0166798 secs] [Times: user=0.23 sys=0.00, real=0.02 secs] 
2016-09-25T23:53:10.378-0400: 15.153: [GC (GCLocker Initiated GC) [PSYoungGen: 173997K->69894K(175104K)] 523524K->427953K(699392K), 0.0067867 secs] [Times: user=0.08 sys=0.00, real=0.01 secs] 
2016-09-25T23:53:10.430-0400: 15.205: [GC (GCLocker Initiated GC) [PSYoungGen: 157958K->65779K(175104K)] 524257K->444720K(699392K), 0.0066519 secs] [Times: user=0.10 sys=0.00, real=0.01 secs] 
2016-09-25T23:53:10.479-0400: 15.254: [GC (GCLocker Initiated GC) [PSYoungGen: 153843K->69784K(175104K)] 532819K->472237K(699392K), 0.0103820 secs] [Times: user=0.16 sys=0.01, real=0.01 secs] 
2016-09-25T23:53:10.525-0400: 15.300: [GC (GCLocker Initiated GC) [PSYoungGen: 157848K->86140K(175104K)] 563151K->518901K(699392K), 0.0174985 secs] [Times: user=0.20 sys=0.00, real=0.02 secs] 
2016-09-25T23:53:10.589-0400: 15.364: [GC (GCLocker Initiated GC) [PSYoungGen: 174204K->73894K(175104K)] 615195K->543837K(699392K), 0.0125232 secs] [Times: user=0.13 sys=0.00, real=0.01 secs] 
2016-09-25T23:53:10.639-0400: 15.414: [GC (GCLocker Initiated GC) [PSYoungGen: 161958K->50869K(175104K)] 632013K->534908K(699392K), 0.0060768 secs] [Times: user=0.06 sys=0.00, real=0.01 secs] 
2016-09-25T23:53:10.685-0400: 15.459: [GC (GCLocker Initiated GC) [PSYoungGen: 138933K->73834K(175104K)] 623035K->581369K(699392K), 0.0092186 secs] [Times: user=0.11 sys=0.00, real=0.00 secs] 
2016-09-25T23:53:10.694-0400: 15.469: [Full GC (Ergonomics) [PSYoungGen: 73834K->0K(175104K)] [ParOldGen: 507534K->118270K(524288K)] 581369K->118270K(699392K), [Metaspace: 43389K->43389K(1085440K)], 0.0579156 secs] [Times: user=0.45 sys=0.01, real=0.06 secs] 
2016-09-25T23:53:10.789-0400: 15.564: [GC (GCLocker Initiated GC) [PSYoungGen: 88064K->67577K(175104K)] 211959K->191473K(699392K), 0.0076605 secs] [Times: user=0.04 sys=0.00, real=0.01 secs] 
2016-09-25T23:53:10.841-0400: 15.616: [GC (GCLocker Initiated GC) [PSYoungGen: 155641K->63034K(175104K)] 286507K->225856K(699392K), 0.0087229 secs] [Times: user=0.13 sys=0.00, real=0.01 secs] 
2016-09-25T23:53:10.889-0400: 15.664: [GC (GCLocker Initiated GC) [PSYoungGen: 151098K->63047K(175104K)] 317227K->248486K(699392K), 0.0088140 secs] [Times: user=0.11 sys=0.01, real=0.01 secs] 
2016-09-25T23:53:10.933-0400: 15.708: [GC (GCLocker Initiated GC) [PSYoungGen: 151111K->67147K(155648K)] 339919K->284828K(679936K), 0.0066853 secs] [Times: user=0.09 sys=0.00, real=0.01 secs] 
2016-09-25T23:53:10.971-0400: 15.745: [GC (GCLocker Initiated GC) [PSYoungGen: 155211K->65734K(176128K)] 375846K->317955K(700416K), 0.0089990 secs] [Times: user=0.13 sys=0.00, real=0.01 secs] 
2016-09-25T23:53:11.025-0400: 15.799: [GC (GCLocker Initiated GC) [PSYoungGen: 155334K->65704K(155648K)] 412997K->327884K(679936K), 0.0083311 secs] [Times: user=0.08 sys=0.00, real=0.00 secs] 
2016-09-25T23:53:11.076-0400: 15.851: [GC (GCLocker Initiated GC) [PSYoungGen: 155304K->54730K(173568K)] 424295K->325457K(697856K), 0.0068434 secs] [Times: user=0.06 sys=0.01, real=0.01 secs] 
2016-09-25T23:53:11.124-0400: 15.899: [GC (GCLocker Initiated GC) [PSYoungGen: 144842K->54718K(174080K)] 415767K->357064K(698368K), 0.0084999 secs] [Times: user=0.12 sys=0.00, real=0.00 secs] 
2016-09-25T23:53:11.171-0400: 15.946: [GC (GCLocker Initiated GC) [PSYoungGen: 144830K->73696K(175104K)] 447242K->391227K(699392K), 0.0090985 secs] [Times: user=0.13 sys=0.00, real=0.01 secs] 
2016-09-25T23:53:11.215-0400: 15.989: [GC (GCLocker Initiated GC) [PSYoungGen: 164832K->84624K(176128K)] 483817K->421469K(700416K), 0.0117318 secs] [Times: user=0.10 sys=0.00, real=0.01 secs] 
2016-09-25T23:53:11.267-0400: 16.042: [GC (GCLocker Initiated GC) [PSYoungGen: 175760K->56007K(174080K)] 515420K->427178K(698368K), 0.0072672 secs] [Times: user=0.08 sys=0.00, real=0.01 secs] 
2016-09-25T23:53:11.313-0400: 16.088: [GC (GCLocker Initiated GC) [PSYoungGen: 144071K->53464K(175104K)] 518410K->456413K(699392K), 0.0071035 secs] [Times: user=0.10 sys=0.00, real=0.01 secs] 
2016-09-25T23:53:11.354-0400: 16.129: [GC (GCLocker Initiated GC) [PSYoungGen: 141528K->74971K(175104K)] 552814K->497401K(699392K), 0.0098311 secs] [Times: user=0.13 sys=0.01, real=0.01 secs] 
2016-09-25T23:53:11.398-0400: 16.173: [GC (GCLocker Initiated GC) [PSYoungGen: 163035K->72286K(175104K)] 588235K->520689K(699392K), 0.0100445 secs] [Times: user=0.11 sys=0.00, real=0.01 secs] 
2016-09-25T23:53:11.456-0400: 16.230: [GC (GCLocker Initiated GC) [PSYoungGen: 160350K->62853K(175104K)] 619668K->533252K(699392K), 0.0122704 secs] [Times: user=0.16 sys=0.00, real=0.01 secs] 
2016-09-25T23:53:11.498-0400: 16.272: [GC (GCLocker Initiated GC) [PSYoungGen: 150917K->66950K(175104K)] 621378K->552571K(699392K), 0.0066568 secs] [Times: user=0.08 sys=0.00, real=0.01 secs] 
2016-09-25T23:53:11.505-0400: 16.279: [Full GC (Ergonomics) [PSYoungGen: 66950K->0K(175104K)] [ParOldGen: 485621K->119430K(524288K)] 552571K->119430K(699392K), [Metaspace: 43395K->43395K(1085440K)], 0.0432009 secs] [Times: user=0.30 sys=0.00, real=0.04 secs] 
2016-09-25T23:53:11.574-0400: 16.349: [GC (GCLocker Initiated GC) [PSYoungGen: 88064K->84742K(175104K)] 207552K->212330K(699392K), 0.0071033 secs] [Times: user=0.08 sys=0.01, real=0.00 secs] 
2016-09-25T23:53:11.620-0400: 16.394: [GC (GCLocker Initiated GC) [PSYoungGen: 172806K->58867K(175104K)] 305869K->241066K(699392K), 0.0097902 secs] [Times: user=0.14 sys=0.00, real=0.01 secs] 
2016-09-25T23:53:11.689-0400: 16.464: [GC (GCLocker Initiated GC) [PSYoungGen: 146931K->57453K(175104K)] 329203K->271071K(699392K), 0.0117392 secs] [Times: user=0.13 sys=0.00, real=0.01 secs] 
2016-09-25T23:53:11.761-0400: 16.536: [GC (GCLocker Initiated GC) [PSYoungGen: 145517K->56022K(175104K)] 364618K->297033K(699392K), 0.0061256 secs] [Times: user=0.08 sys=0.00, real=0.01 secs] 
2016-09-25T23:53:11.799-0400: 16.573: [GC (GCLocker Initiated GC) [PSYoungGen: 144086K->72286K(175104K)] 391996K->336700K(699392K), 0.0075199 secs] [Times: user=0.10 sys=0.00, real=0.01 secs] 
2016-09-25T23:53:11.839-0400: 16.614: [GC (GCLocker Initiated GC) [PSYoungGen: 160350K->64250K(175104K)] 430420K->361609K(699392K), 0.0067682 secs] [Times: user=0.09 sys=0.01, real=0.01 secs] 
2016-09-25T23:53:11.893-0400: 16.667: [GC (Allocation Failure) [PSYoungGen: 152314K->73639K(175104K)] 452409K->378014K(699392K), 0.0254910 secs] [Times: user=0.21 sys=0.01, real=0.03 secs] 
2016-09-25T23:53:11.963-0400: 16.738: [GC (GCLocker Initiated GC) [PSYoungGen: 159880K->62772K(175104K)] 466955K->402546K(699392K), 0.0109924 secs] [Times: user=0.11 sys=0.00, real=0.01 secs] 
2016-09-25T23:53:12.017-0400: 16.791: [GC (GCLocker Initiated GC) [PSYoungGen: 150836K->83200K(175104K)] 493354K->435423K(699392K), 0.0072100 secs] [Times: user=0.10 sys=0.00, real=0.01 secs] 
2016-09-25T23:53:12.060-0400: 16.834: [GC (GCLocker Initiated GC) [PSYoungGen: 171264K->75051K(175104K)] 534495K->465583K(699392K), 0.0083322 secs] [Times: user=0.13 sys=0.00, real=0.01 secs] 
2016-09-25T23:53:12.111-0400: 16.885: [GC (GCLocker Initiated GC) [PSYoungGen: 163115K->68140K(175104K)] 553764K->464439K(699392K), 0.0123787 secs] [Times: user=0.12 sys=0.01, real=0.02 secs] 
2016-09-25T23:53:12.181-0400: 16.956: [GC (GCLocker Initiated GC) [PSYoungGen: 156204K->39726K(175104K)] 555245K->470095K(699392K), 0.0109162 secs] [Times: user=0.14 sys=0.00, real=0.01 secs] 
2016-09-25T23:53:12.238-0400: 17.013: [GC (GCLocker Initiated GC) [PSYoungGen: 127790K->83313K(175104K)] 558295K->526222K(699392K), 0.0106330 secs] [Times: user=0.13 sys=0.00, real=0.01 secs] 
2016-09-25T23:53:12.287-0400: 17.061: [GC (GCLocker Initiated GC) [PSYoungGen: 171377K->53276K(175104K)] 617010K->514124K(699392K), 0.0104944 secs] [Times: user=0.11 sys=0.01, real=0.01 secs] 
2016-09-25T23:53:12.332-0400: 17.106: [GC (GCLocker Initiated GC) [PSYoungGen: 141340K->64282K(175104K)] 613055K->545720K(699392K), 0.0108905 secs] [Times: user=0.19 sys=0.00, real=0.02 secs] 
2016-09-25T23:53:12.343-0400: 17.117: [Full GC (Ergonomics) [PSYoungGen: 64282K->0K(175104K)] [ParOldGen: 481437K->127002K(524288K)] 545720K->127002K(699392K), [Metaspace: 43400K->43400K(1085440K)], 0.0763085 secs] [Times: user=0.62 sys=0.01, real=0.07 secs] 
2016-09-25T23:53:12.478-0400: 17.252: [GC (GCLocker Initiated GC) [PSYoungGen: 88064K->76610K(175104K)] 217791K->206338K(699392K), 0.0095268 secs] [Times: user=0.11 sys=0.00, real=0.01 secs] 
2016-09-25T23:53:12.538-0400: 17.313: [GC (GCLocker Initiated GC) [PSYoungGen: 164674K->60186K(175104K)] 297232K->201324K(699392K), 0.0072930 secs] [Times: user=0.08 sys=0.01, real=0.01 secs] 
2016-09-25T23:53:12.591-0400: 17.366: [GC (GCLocker Initiated GC) [PSYoungGen: 148250K->65568K(175104K)] 301781K->238276K(699392K), 0.0104399 secs] [Times: user=0.12 sys=0.00, real=0.01 secs] 
2016-09-25T23:53:12.665-0400: 17.439: [GC (GCLocker Initiated GC) [PSYoungGen: 153632K->66953K(175104K)] 338731K->265833K(699392K), 0.0101341 secs] [Times: user=0.14 sys=0.00, real=0.01 secs] 
2016-09-25T23:53:12.725-0400: 17.499: [GC (GCLocker Initiated GC) [PSYoungGen: 155017K->66950K(155136K)] 359464K->273052K(679424K), 0.0059877 secs] [Times: user=0.08 sys=0.00, real=0.00 secs] 
2016-09-25T23:53:12.768-0400: 17.543: [GC (GCLocker Initiated GC) [PSYoungGen: 155014K->66936K(176640K)] 370671K->285597K(700928K), 0.0078965 secs] [Times: user=0.10 sys=0.00, real=0.01 secs] 
2016-09-25T23:53:12.825-0400: 17.600: [GC (GCLocker Initiated GC) [PSYoungGen: 157048K->60136K(174592K)] 381146K->303423K(698880K), 0.0114505 secs] [Times: user=0.15 sys=0.00, real=0.01 secs] 
2016-09-25T23:53:12.893-0400: 17.667: [GC (GCLocker Initiated GC) [PSYoungGen: 150248K->76432K(173056K)] 395001K->328255K(697344K), 0.0104912 secs] [Times: user=0.12 sys=0.00, real=0.02 secs] 
2016-09-25T23:53:12.952-0400: 17.726: [GC (GCLocker Initiated GC) [PSYoungGen: 165520K->64250K(175104K)] 418827K->343528K(699392K), 0.0070704 secs] [Times: user=0.10 sys=0.01, real=0.01 secs] 
2016-09-25T23:53:12.991-0400: 17.766: [GC (GCLocker Initiated GC) [PSYoungGen: 153338K->66918K(172544K)] 432836K->380487K(696832K), 0.0076171 secs] [Times: user=0.10 sys=0.00, real=0.01 secs] 
2016-09-25T23:53:13.029-0400: 17.803: [GC (GCLocker Initiated GC) [PSYoungGen: 158566K->81865K(174592K)] 472293K->409322K(698880K), 0.0136122 secs] [Times: user=0.18 sys=0.00, real=0.02 secs] 
2016-09-25T23:53:13.100-0400: 17.875: [GC (GCLocker Initiated GC) [PSYoungGen: 173513K->51943K(175104K)] 507123K->399396K(699392K), 0.0099294 secs] [Times: user=0.11 sys=0.00, real=0.01 secs] 
2016-09-25T23:53:13.169-0400: 17.944: [GC (GCLocker Initiated GC) [PSYoungGen: 140007K->69650K(175104K)] 488887K->432295K(699392K), 0.0066854 secs] [Times: user=0.09 sys=0.00, real=0.01 secs] 
2016-09-25T23:53:13.199-0400: 17.974: [GC (GCLocker Initiated GC) [PSYoungGen: 157714K->84564K(175104K)] 520490K->473260K(699392K), 0.0071620 secs] [Times: user=0.10 sys=0.00, real=0.01 secs] 
2016-09-25T23:53:13.251-0400: 18.026: [GC (GCLocker Initiated GC) [PSYoungGen: 172628K->60200K(175104K)] 566865K->479046K(699392K), 0.0085843 secs] [Times: user=0.09 sys=0.01, real=0.01 secs] 
2016-09-25T23:53:13.298-0400: 18.073: [GC (GCLocker Initiated GC) [PSYoungGen: 148264K->55929K(175104K)] 576600K->489913K(699392K), 0.0097594 secs] [Times: user=0.08 sys=0.00, real=0.01 secs] 
2016-09-25T23:53:13.354-0400: 18.129: [GC (GCLocker Initiated GC) [PSYoungGen: 143993K->77750K(175104K)] 578108K->531095K(699392K), 0.0112352 secs] [Times: user=0.16 sys=0.00, real=0.01 secs] 
2016-09-25T23:53:13.404-0400: 18.179: [GC (GCLocker Initiated GC) [PSYoungGen: 165814K->62836K(175104K)] 619242K->548976K(699392K), 0.0089657 secs] [Times: user=0.13 sys=0.00, real=0.00 secs] 
2016-09-25T23:53:13.414-0400: 18.188: [Full GC (Ergonomics) [PSYoungGen: 62836K->0K(175104K)] [ParOldGen: 486139K->124484K(524288K)] 548976K->124484K(699392K), [Metaspace: 43405K->43405K(1085440K)], 0.0642045 secs] [Times: user=0.54 sys=0.02, real=0.07 secs] 
2016-09-25T23:53:13.516-0400: 18.291: [GC (GCLocker Initiated GC) [PSYoungGen: 88064K->86139K(175104K)] 215307K->218782K(699392K), 0.0068646 secs] [Times: user=0.10 sys=0.00, real=0.01 secs] 
2016-09-25T23:53:13.578-0400: 18.352: [GC (GCLocker Initiated GC) [PSYoungGen: 174203K->58868K(175104K)] 320446K->231275K(699392K), 0.0062290 secs] [Times: user=0.09 sys=0.01, real=0.01 secs] 
2016-09-25T23:53:13.627-0400: 18.402: [GC (GCLocker Initiated GC) [PSYoungGen: 146932K->72336K(175104K)] 322060K->254511K(699392K), 0.0086112 secs] [Times: user=0.14 sys=0.00, real=0.01 secs] 
2016-09-25T23:53:13.666-0400: 18.441: [GC (GCLocker Initiated GC) [PSYoungGen: 160400K->72446K(175104K)] 342640K->283356K(699392K), 0.0113979 secs] [Times: user=0.10 sys=0.00, real=0.01 secs] 
2016-09-25T23:53:13.714-0400: 18.488: [GC (Allocation Failure) [PSYoungGen: 160510K->54672K(175104K)] 374872K->284172K(699392K), 0.0103098 secs] [Times: user=0.10 sys=0.03, real=0.02 secs] 
2016-09-25T23:53:13.762-0400: 18.536: [GC (GCLocker Initiated GC) [PSYoungGen: 142522K->68354K(175104K)] 374722K->308938K(699392K), 0.0088747 secs] [Times: user=0.10 sys=0.00, real=0.01 secs] 
2016-09-25T23:53:13.808-0400: 18.582: [GC (GCLocker Initiated GC) [PSYoungGen: 156418K->66953K(175104K)] 398482K->330931K(699392K), 0.0090702 secs] [Times: user=0.14 sys=0.00, real=0.01 secs] 
2016-09-25T23:53:13.854-0400: 18.629: [GC (GCLocker Initiated GC) [PSYoungGen: 155017K->62861K(175104K)] 421797K->344779K(699392K), 0.0080725 secs] [Times: user=0.08 sys=0.00, real=0.01 secs] 
2016-09-25T23:53:13.898-0400: 18.673: [GC (GCLocker Initiated GC) [PSYoungGen: 150925K->75139K(175104K)] 435594K->373635K(699392K), 0.0088552 secs] [Times: user=0.12 sys=0.01, real=0.01 secs] 
2016-09-25T23:53:13.951-0400: 18.726: [GC (GCLocker Initiated GC) [PSYoungGen: 163203K->56152K(175104K)] 468794K->375542K(699392K), 0.0119159 secs] [Times: user=0.15 sys=0.00, real=0.02 secs] 
2016-09-25T23:53:13.998-0400: 18.773: [GC (GCLocker Initiated GC) [PSYoungGen: 144216K->61326K(149504K)] 463672K->404107K(673792K), 0.0162372 secs] [Times: user=0.16 sys=0.00, real=0.02 secs] 
2016-09-25T23:53:14.059-0400: 18.834: [GC (GCLocker Initiated GC) [PSYoungGen: 149390K->66970K(176128K)] 496307K->437057K(700416K), 0.0084580 secs] [Times: user=0.08 sys=0.00, real=0.01 secs] 
2016-09-25T23:53:14.119-0400: 18.893: [GC (GCLocker Initiated GC) [PSYoungGen: 156570K->68288K(174592K)] 529617K->468683K(698880K), 0.0092241 secs] [Times: user=0.09 sys=0.00, real=0.01 secs] 
2016-09-25T23:53:14.173-0400: 18.948: [GC (GCLocker Initiated GC) [PSYoungGen: 157888K->60212K(175104K)] 571967K->477333K(699392K), 0.0080631 secs] [Times: user=0.08 sys=0.00, real=0.01 secs] 
2016-09-25T23:53:14.222-0400: 18.997: [GC (GCLocker Initiated GC) [PSYoungGen: 151348K->68200K(174592K)] 568536K->503252K(698880K), 0.0081228 secs] [Times: user=0.07 sys=0.00, real=0.01 secs] 
2016-09-25T23:53:14.274-0400: 19.049: [GC (GCLocker Initiated GC) [PSYoungGen: 159336K->64246K(177152K)] 597166K->529415K(701440K), 0.0073841 secs] [Times: user=0.10 sys=0.00, real=0.00 secs] 
2016-09-25T23:53:14.334-0400: 19.109: [GC (GCLocker Initiated GC) [PSYoungGen: 160502K->46755K(177152K)] 631276K->532700K(701440K), 0.0098870 secs] [Times: user=0.08 sys=0.00, real=0.01 secs] 
2016-09-25T23:53:14.402-0400: 19.177: [Full GC (Ergonomics) [PSYoungGen: 143011K->0K(177152K)] [ParOldGen: 488811K->128031K(524288K)] 631822K->128031K(701440K), [Metaspace: 43405K->43405K(1085440K)], 0.0654732 secs] [Times: user=0.51 sys=0.02, real=0.07 secs] 
2016-09-25T23:53:14.512-0400: 19.287: [GC (GCLocker Initiated GC) [PSYoungGen: 96256K->82274K(171008K)] 227139K->218558K(695296K), 0.0096305 secs] [Times: user=0.13 sys=0.01, real=0.01 secs] 
2016-09-25T23:53:14.567-0400: 19.342: [GC (GCLocker Initiated GC) [PSYoungGen: 170338K->53481K(175104K)] 306878K->224536K(699392K), 0.0098802 secs] [Times: user=0.11 sys=0.00, real=0.01 secs] 
2016-09-25T23:53:14.615-0400: 19.390: [GC (GCLocker Initiated GC) [PSYoungGen: 141545K->45267K(175104K)] 312675K->241068K(699392K), 0.0069600 secs] [Times: user=0.06 sys=0.00, real=0.01 secs] 
2016-09-25T23:53:14.661-0400: 19.436: [GC (GCLocker Initiated GC) [PSYoungGen: 133331K->44031K(175104K)] 329329K->264733K(699392K), 0.0106478 secs] [Times: user=0.08 sys=0.01, real=0.01 secs] 
2016-09-25T23:53:14.717-0400: 19.492: [GC (GCLocker Initiated GC) [PSYoungGen: 132095K->57683K(175104K)] 355668K->312788K(699392K), 0.0092335 secs] [Times: user=0.12 sys=0.01, real=0.01 secs] 
2016-09-25T23:53:14.779-0400: 19.554: [GC (GCLocker Initiated GC) [PSYoungGen: 145747K->54855K(143360K)] 403696K->329575K(667648K), 0.0080261 secs] [Times: user=0.07 sys=0.00, real=0.01 secs] 
2016-09-25T23:53:14.829-0400: 19.603: [GC (GCLocker Initiated GC) [PSYoungGen: 142919K->64385K(174592K)] 420413K->345011K(698880K), 0.0062740 secs] [Times: user=0.07 sys=0.00, real=0.01 secs] 
2016-09-25T23:53:14.886-0400: 19.660: [GC (GCLocker Initiated GC) [PSYoungGen: 153473K->75407K(173568K)] 442404K->366199K(697856K), 0.0093427 secs] [Times: user=0.09 sys=0.01, real=0.01 secs] 
2016-09-25T23:53:14.944-0400: 19.719: [GC (GCLocker Initiated GC) [PSYoungGen: 164495K->53400K(175616K)] 460751K->358315K(699904K), 0.0084522 secs] [Times: user=0.08 sys=0.00, real=0.00 secs] 
2016-09-25T23:53:15.003-0400: 19.778: [GC (GCLocker Initiated GC) [PSYoungGen: 141976K->38544K(175104K)] 452342K->356031K(699392K), 0.0155597 secs] [Times: user=0.13 sys=0.00, real=0.01 secs] 
2016-09-25T23:53:15.070-0400: 19.844: [GC (GCLocker Initiated GC) [PSYoungGen: 127120K->58995K(172032K)] 450252K->385324K(696320K), 0.0118650 secs] [Times: user=0.13 sys=0.00, real=0.01 secs] 
2016-09-25T23:53:15.122-0400: 19.896: [GC (GCLocker Initiated GC) [PSYoungGen: 147571K->53537K(173568K)] 484826K->393964K(697856K), 0.0066280 secs] [Times: user=0.05 sys=0.00, real=0.01 secs] 
2016-09-25T23:53:15.180-0400: 19.955: [GC (GCLocker Initiated GC) [PSYoungGen: 142113K->53434K(173056K)] 482617K->414695K(697344K), 0.0195367 secs] [Times: user=0.20 sys=0.00, real=0.02 secs] 
2016-09-25T23:53:15.247-0400: 20.021: [GC (GCLocker Initiated GC) [PSYoungGen: 147130K->56413K(175104K)] 513905K->435738K(699392K), 0.0079011 secs] [Times: user=0.10 sys=0.00, real=0.01 secs] 
2016-09-25T23:53:15.305-0400: 20.079: [GC (GCLocker Initiated GC) [PSYoungGen: 150109K->72628K(175616K)] 544420K->470229K(699904K), 0.0084757 secs] [Times: user=0.12 sys=0.01, real=0.00 secs] 
2016-09-25T23:53:15.374-0400: 20.149: [GC (GCLocker Initiated GC) [PSYoungGen: 168884K->56339K(179200K)] 578706K->480299K(703488K), 0.0151865 secs] [Times: user=0.19 sys=0.00, real=0.02 secs] 
2016-09-25T23:53:15.438-0400: 20.213: [GC (GCLocker Initiated GC) [PSYoungGen: 152595K->64517K(177664K)] 580360K->495462K(701952K), 0.0064078 secs] [Times: user=0.08 sys=0.00, real=0.01 secs] 
2016-09-25T23:53:15.490-0400: 20.265: [GC (GCLocker Initiated GC) [PSYoungGen: 162821K->80743K(179200K)] 599245K->529864K(703488K), 0.0103046 secs] [Times: user=0.10 sys=0.01, real=0.01 secs] 
2016-09-25T23:53:15.551-0400: 20.325: [GC (GCLocker Initiated GC) [PSYoungGen: 179047K->67123K(173056K)] 633657K->542556K(697344K), 0.0088275 secs] [Times: user=0.12 sys=0.00, real=0.01 secs] 
2016-09-25T23:53:15.610-0400: 20.385: [GC (GCLocker Initiated GC) [PSYoungGen: 157235K->71110K(161280K)] 635809K->565035K(685568K), 0.0064977 secs] [Times: user=0.08 sys=0.00, real=0.01 secs] 
2016-09-25T23:53:15.617-0400: 20.391: [Full GC (Ergonomics) [PSYoungGen: 71110K->0K(161280K)] [ParOldGen: 493925K->131388K(524288K)] 565035K->131388K(685568K), [Metaspace: 43414K->43414K(1085440K)], 0.0672086 secs] [Times: user=0.48 sys=0.01, real=0.07 secs] 
2016-09-25T23:53:15.731-0400: 20.505: [GC (Allocation Failure) [PSYoungGen: 90112K->70178K(175104K)] 229822K->209888K(699392K), 0.0081853 secs] [Times: user=0.09 sys=0.00, real=0.01 secs] 
2016-09-25T23:53:15.786-0400: 20.560: [GC (GCLocker Initiated GC) [PSYoungGen: 157133K->65840K(154112K)] 300894K->214534K(678400K), 0.0142939 secs] [Times: user=0.18 sys=0.02, real=0.01 secs] 
2016-09-25T23:53:15.840-0400: 20.614: [GC (GCLocker Initiated GC) [PSYoungGen: 153904K->83429K(173056K)] 302714K->243606K(697344K), 0.0065144 secs] [Times: user=0.09 sys=0.00, real=0.01 secs] 
2016-09-25T23:53:15.892-0400: 20.667: [GC (GCLocker Initiated GC) [PSYoungGen: 170469K->54914K(174080K)] 336303K->250959K(698368K), 0.0186601 secs] [Times: user=0.22 sys=0.01, real=0.02 secs] 
2016-09-25T23:53:15.957-0400: 20.731: [GC (GCLocker Initiated GC) [PSYoungGen: 141954K->67256K(175104K)] 342121K->288180K(699392K), 0.0118688 secs] [Times: user=0.16 sys=0.00, real=0.01 secs] 
2016-09-25T23:53:16.003-0400: 20.778: [GC (GCLocker Initiated GC) [PSYoungGen: 155320K->77967K(175104K)] 376467K->309194K(699392K), 0.0085002 secs] [Times: user=0.13 sys=0.00, real=0.00 secs] 
2016-09-25T23:53:16.045-0400: 20.820: [GC (GCLocker Initiated GC) [PSYoungGen: 166031K->80694K(175104K)] 397523K->328970K(699392K), 0.0111945 secs] [Times: user=0.17 sys=0.00, real=0.01 secs] 
2016-09-25T23:53:16.108-0400: 20.883: [GC (GCLocker Initiated GC) [PSYoungGen: 168758K->60500K(175104K)] 434666K->337768K(699392K), 0.0071313 secs] [Times: user=0.10 sys=0.00, real=0.01 secs] 
2016-09-25T23:53:16.168-0400: 20.942: [GC (GCLocker Initiated GC) [PSYoungGen: 148564K->46886K(175104K)] 431253K->365287K(699392K), 0.0115665 secs] [Times: user=0.14 sys=0.00, real=0.01 secs] 
2016-09-25T23:53:16.228-0400: 21.003: [GC (GCLocker Initiated GC) [PSYoungGen: 134950K->55048K(175104K)] 458778K->384803K(699392K), 0.0049032 secs] [Times: user=0.06 sys=0.00, real=0.00 secs] 
2016-09-25T23:53:16.270-0400: 21.045: [GC (GCLocker Initiated GC) [PSYoungGen: 143112K->59156K(175104K)] 483814K->403086K(699392K), 0.0137026 secs] [Times: user=0.14 sys=0.00, real=0.02 secs] 
2016-09-25T23:53:16.341-0400: 21.116: [GC (GCLocker Initiated GC) [PSYoungGen: 147220K->69928K(175104K)] 493403K->428967K(699392K), 0.0086098 secs] [Times: user=0.13 sys=0.00, real=0.01 secs] 
2016-09-25T23:53:16.396-0400: 21.171: [GC (GCLocker Initiated GC) [PSYoungGen: 157992K->77787K(175104K)] 526700K->449769K(699392K), 0.0066697 secs] [Times: user=0.09 sys=0.00, real=0.01 secs] 
2016-09-25T23:53:16.454-0400: 21.229: [GC (GCLocker Initiated GC) [PSYoungGen: 165851K->59076K(175104K)] 548773K->472091K(699392K), 0.0067453 secs] [Times: user=0.09 sys=0.00, real=0.00 secs] 
2016-09-25T23:53:16.502-0400: 21.277: [GC (GCLocker Initiated GC) [PSYoungGen: 147140K->52237K(175104K)] 565589K->486038K(699392K), 0.0072579 secs] [Times: user=0.08 sys=0.00, real=0.01 secs] 
2016-09-25T23:53:16.551-0400: 21.325: [GC (GCLocker Initiated GC) [PSYoungGen: 140301K->83472K(175104K)] 579640K->526040K(699392K), 0.0086918 secs] [Times: user=0.12 sys=0.01, real=0.01 secs] 
2016-09-25T23:53:16.610-0400: 21.385: [GC (GCLocker Initiated GC) [PSYoungGen: 171536K->37350K(175104K)] 622488K->503786K(699392K), 0.0090998 secs] [Times: user=0.08 sys=0.00, real=0.01 secs] 
2016-09-25T23:53:16.669-0400: 21.444: [GC (GCLocker Initiated GC) [PSYoungGen: 125414K->53748K(175104K)] 600186K->556068K(699392K), 0.0091305 secs] [Times: user=0.11 sys=0.00, real=0.01 secs] 
2016-09-25T23:53:16.678-0400: 21.453: [Full GC (Ergonomics) [PSYoungGen: 53748K->0K(175104K)] [ParOldGen: 502320K->142618K(524288K)] 556068K->142618K(699392K), [Metaspace: 43414K->43414K(1085440K)], 0.0507791 secs] [Times: user=0.33 sys=0.00, real=0.05 secs] 
2016-09-25T23:53:16.766-0400: 21.541: [GC (GCLocker Initiated GC) [PSYoungGen: 88064K->70016K(175104K)] 230798K->212751K(699392K), 0.0060436 secs] [Times: user=0.06 sys=0.00, real=0.00 secs] 
2016-09-25T23:53:16.811-0400: 21.586: [GC (GCLocker Initiated GC) [PSYoungGen: 158080K->74061K(175104K)] 309098K->243371K(699392K), 0.0127215 secs] [Times: user=0.17 sys=0.00, real=0.02 secs] 
2016-09-25T23:53:16.885-0400: 21.660: [GC (GCLocker Initiated GC) [PSYoungGen: 162125K->56227K(175104K)] 336949K->245168K(699392K), 0.0120202 secs] [Times: user=0.13 sys=0.00, real=0.01 secs] 
2016-09-25T23:53:16.960-0400: 21.735: [GC (GCLocker Initiated GC) [PSYoungGen: 144291K->60446K(175104K)] 333387K->263623K(699392K), 0.0100612 secs] [Times: user=0.16 sys=0.00, real=0.01 secs] 
2016-09-25T23:53:17.015-0400: 21.790: [GC (GCLocker Initiated GC) [PSYoungGen: 148510K->64528K(175104K)] 357274K->295539K(699392K), 0.0073879 secs] [Times: user=0.10 sys=0.00, real=0.01 secs] 
2016-09-25T23:53:17.064-0400: 21.838: [GC (GCLocker Initiated GC) [PSYoungGen: 152592K->67389K(175104K)] 390103K->316258K(699392K), 0.0090215 secs] [Times: user=0.10 sys=0.00, real=0.00 secs] 
2016-09-25T23:53:17.146-0400: 21.921: [GC (GCLocker Initiated GC) [PSYoungGen: 155453K->69818K(175104K)] 404360K->337022K(699392K), 0.0109712 secs] [Times: user=0.12 sys=0.01, real=0.01 secs] 
2016-09-25T23:53:17.214-0400: 21.989: [GC (GCLocker Initiated GC) [PSYoungGen: 157882K->68652K(175104K)] 427958K->359506K(699392K), 0.0071695 secs] [Times: user=0.08 sys=0.01, real=0.01 secs] 
2016-09-25T23:53:17.267-0400: 22.041: [GC (Allocation Failure) [PSYoungGen: 156716K->67347K(173056K)] 451648K->379159K(697344K), 0.0080001 secs] [Times: user=0.11 sys=0.00, real=0.01 secs] 
2016-09-25T23:53:17.337-0400: 22.112: [GC (GCLocker Initiated GC) [PSYoungGen: 155022K->65868K(174080K)] 470884K->389109K(698368K), 0.0134918 secs] [Times: user=0.17 sys=0.00, real=0.01 secs] 
2016-09-25T23:53:17.407-0400: 22.181: [GC (GCLocker Initiated GC) [PSYoungGen: 153932K->74012K(174080K)] 477307K->402041K(698368K), 0.0150546 secs] [Times: user=0.18 sys=0.00, real=0.01 secs] 
2016-09-25T23:53:18.868-0400: 23.643: [GC (GCLocker Initiated GC) [PSYoungGen: 163612K->43040K(133120K)] 516180K->407024K(657408K), 0.0163867 secs] [Times: user=0.17 sys=0.01, real=0.02 secs] 
2016-09-25T23:53:18.940-0400: 23.715: [GC (GCLocker Initiated GC) [PSYoungGen: 132640K->45542K(175104K)] 498197K->441614K(699392K), 0.0152142 secs] [Times: user=0.17 sys=0.01, real=0.02 secs] 
2016-09-25T23:53:19.022-0400: 23.797: [GC (GCLocker Initiated GC) [PSYoungGen: 133606K->68769K(175104K)] 535346K->488555K(699392K), 0.0092977 secs] [Times: user=0.09 sys=0.00, real=0.01 secs] 
2016-09-25T23:53:19.077-0400: 23.852: [GC (GCLocker Initiated GC) [PSYoungGen: 156833K->53726K(175104K)] 579356K->500083K(699392K), 0.0106434 secs] [Times: user=0.08 sys=0.00, real=0.01 secs] 
2016-09-25T23:53:19.145-0400: 23.919: [GC (GCLocker Initiated GC) [PSYoungGen: 141790K->67497K(175104K)] 598590K->557365K(699392K), 0.0080042 secs] [Times: user=0.09 sys=0.00, real=0.00 secs] 
2016-09-25T23:53:19.153-0400: 23.928: [Full GC (Ergonomics) [PSYoungGen: 67497K->0K(175104K)] [ParOldGen: 489868K->153922K(524288K)] 557365K->153922K(699392K), [Metaspace: 43423K->43423K(1085440K)], 0.0674934 secs] [Times: user=0.28 sys=0.02, real=0.07 secs] 
2016-09-25T23:53:19.284-0400: 24.059: [GC (GCLocker Initiated GC) [PSYoungGen: 88064K->55396K(172032K)] 257172K->224504K(696320K), 0.0084133 secs] [Times: user=0.09 sys=0.01, real=0.00 secs] 
2016-09-25T23:53:19.351-0400: 24.126: [GC (GCLocker Initiated GC) [PSYoungGen: 143460K->30764K(173568K)] 319400K->225354K(697856K), 0.0096006 secs] [Times: user=0.09 sys=0.00, real=0.01 secs] 
2016-09-25T23:53:19.393-0400: 24.168: [GC (GCLocker Initiated GC) [PSYoungGen: 118828K->83637K(175104K)] 313557K->283017K(699392K), 0.0099747 secs] [Times: user=0.08 sys=0.00, real=0.02 secs] 
2016-09-25T23:53:19.464-0400: 24.239: [GC (GCLocker Initiated GC) [PSYoungGen: 171701K->60464K(175104K)] 371403K->274393K(699392K), 0.0072388 secs] [Times: user=0.06 sys=0.00, real=0.00 secs] 
2016-09-25T23:53:19.531-0400: 24.305: [GC (GCLocker Initiated GC) [PSYoungGen: 148528K->60467K(175104K)] 367896K->292693K(699392K), 0.0080108 secs] [Times: user=0.06 sys=0.00, real=0.01 secs] 
2016-09-25T23:53:19.591-0400: 24.366: [GC (GCLocker Initiated GC) [PSYoungGen: 148531K->64947K(175104K)] 386266K->324884K(699392K), 0.0100678 secs] [Times: user=0.10 sys=0.00, real=0.01 secs] 
2016-09-25T23:53:19.647-0400: 24.422: [GC (GCLocker Initiated GC) [PSYoungGen: 153011K->61829K(171008K)] 413060K->341655K(695296K), 0.0120537 secs] [Times: user=0.10 sys=0.00, real=0.01 secs] 
2016-09-25T23:53:19.718-0400: 24.492: [GC (GCLocker Initiated GC) [PSYoungGen: 149893K->66072K(173056K)] 432514K->375118K(697344K), 0.0074158 secs] [Times: user=0.07 sys=0.01, real=0.01 secs] 
2016-09-25T23:53:19.774-0400: 24.549: [GC (GCLocker Initiated GC) [PSYoungGen: 154136K->66043K(175616K)] 464657K->405694K(699904K), 0.0072943 secs] [Times: user=0.09 sys=0.01, real=0.01 secs] 
2016-09-25T23:53:19.819-0400: 24.593: [GC (GCLocker Initiated GC) [PSYoungGen: 158715K->83533K(176640K)] 498448K->432066K(700928K), 0.0092394 secs] [Times: user=0.10 sys=0.00, real=0.01 secs] 
2016-09-25T23:53:19.877-0400: 24.652: [GC (GCLocker Initiated GC) [PSYoungGen: 176205K->59108K(173568K)] 524808K->436804K(697856K), 0.0087322 secs] [Times: user=0.08 sys=0.00, real=0.01 secs] 
2016-09-25T23:53:19.943-0400: 24.718: [GC (GCLocker Initiated GC) [PSYoungGen: 147172K->63209K(175104K)] 527647K->451195K(699392K), 0.0097189 secs] [Times: user=0.09 sys=0.00, real=0.00 secs] 
2016-09-25T23:53:19.999-0400: 24.774: [GC (GCLocker Initiated GC) [PSYoungGen: 151273K->52469K(175104K)] 543500K->468355K(699392K), 0.0078369 secs] [Times: user=0.08 sys=0.00, real=0.01 secs] 
2016-09-25T23:53:20.059-0400: 24.833: [GC (GCLocker Initiated GC) [PSYoungGen: 142069K->50994K(175104K)] 559324K->490482K(699392K), 0.0108957 secs] [Times: user=0.11 sys=0.01, real=0.01 secs] 
2016-09-25T23:53:20.118-0400: 24.892: [GC (GCLocker Initiated GC) [PSYoungGen: 140594K->53725K(175104K)] 586903K->511498K(699392K), 0.0217001 secs] [Times: user=0.28 sys=0.02, real=0.02 secs] 
2016-09-25T23:53:20.195-0400: 24.970: [GC (GCLocker Initiated GC) [PSYoungGen: 145373K->53806K(175616K)] 603238K->535445K(699904K), 0.0232583 secs] [Times: user=0.28 sys=0.00, real=0.02 secs] 
2016-09-25T23:53:20.256-0400: 25.031: [GC (GCLocker Initiated GC) [PSYoungGen: 145454K->51343K(176640K)] 627834K->551969K(700928K), 0.0076398 secs] [Times: user=0.06 sys=0.00, real=0.01 secs] 
2016-09-25T23:53:20.264-0400: 25.038: [Full GC (Ergonomics) [PSYoungGen: 51343K->0K(176640K)] [ParOldGen: 500626K->159963K(524288K)] 551969K->159963K(700928K), [Metaspace: 43423K->43423K(1085440K)], 0.0495471 secs] [Times: user=0.43 sys=0.01, real=0.04 secs] 
2016-09-25T23:53:20.365-0400: 25.140: [GC (GCLocker Initiated GC) [PSYoungGen: 95232K->78866K(174592K)] 257991K->241626K(698880K), 0.0075371 secs] [Times: user=0.10 sys=0.00, real=0.00 secs] 
2016-09-25T23:53:20.426-0400: 25.201: [GC (GCLocker Initiated GC) [PSYoungGen: 174098K->56490K(176640K)] 339710K->236998K(700928K), 0.0136897 secs] [Times: user=0.13 sys=0.00, real=0.01 secs] 
2016-09-25T23:53:20.497-0400: 25.272: [GC (GCLocker Initiated GC) [PSYoungGen: 146090K->49666K(139776K)] 334842K->259536K(664064K), 0.0060355 secs] [Times: user=0.06 sys=0.00, real=0.01 secs] 
2016-09-25T23:53:20.541-0400: 25.316: [GC (GCLocker Initiated GC) [PSYoungGen: 139266K->84895K(172544K)] 349348K->299653K(696832K), 0.0068936 secs] [Times: user=0.11 sys=0.00, real=0.01 secs] 
2016-09-25T23:53:20.608-0400: 25.383: [GC (GCLocker Initiated GC) [PSYoungGen: 172447K->60589K(174592K)] 395461K->293744K(698880K), 0.0065497 secs] [Times: user=0.08 sys=0.01, real=0.01 secs] 
2016-09-25T23:53:20.665-0400: 25.440: [GC (GCLocker Initiated GC) [PSYoungGen: 148141K->37461K(175104K)] 384082K->291565K(699392K), 0.0226537 secs] [Times: user=0.26 sys=0.00, real=0.02 secs] 
2016-09-25T23:53:20.727-0400: 25.502: [GC (GCLocker Initiated GC) [PSYoungGen: 125525K->78050K(175104K)] 379758K->346506K(699392K), 0.0103124 secs] [Times: user=0.09 sys=0.00, real=0.01 secs] 
2016-09-25T23:53:20.783-0400: 25.558: [GC (GCLocker Initiated GC) [PSYoungGen: 166114K->60846K(175104K)] 438286K->344489K(699392K), 0.0066694 secs] [Times: user=0.05 sys=0.01, real=0.00 secs] 
2016-09-25T23:53:20.837-0400: 25.612: [GC (GCLocker Initiated GC) [PSYoungGen: 148910K->51070K(175104K)] 439361K->373493K(699392K), 0.0062991 secs] [Times: user=0.08 sys=0.00, real=0.01 secs] 
2016-09-25T23:53:20.891-0400: 25.666: [GC (GCLocker Initiated GC) [PSYoungGen: 139134K->81011K(175104K)] 467110K->428567K(699392K), 0.0094178 secs] [Times: user=0.13 sys=0.00, real=0.01 secs] 
2016-09-25T23:53:20.953-0400: 25.728: [GC (GCLocker Initiated GC) [PSYoungGen: 169075K->70259K(175104K)] 526320K->432331K(699392K), 0.0128703 secs] [Times: user=0.11 sys=0.01, real=0.02 secs] 
2016-09-25T23:53:21.023-0400: 25.798: [GC (GCLocker Initiated GC) [PSYoungGen: 158323K->57628K(175104K)] 524687K->445267K(699392K), 0.0101298 secs] [Times: user=0.13 sys=0.00, real=0.00 secs] 
2016-09-25T23:53:21.076-0400: 25.850: [GC (GCLocker Initiated GC) [PSYoungGen: 145692K->67488K(175104K)] 533521K->472037K(699392K), 0.0118085 secs] [Times: user=0.09 sys=0.00, real=0.01 secs] 
2016-09-25T23:53:21.134-0400: 25.909: [GC (GCLocker Initiated GC) [PSYoungGen: 155552K->40264K(175104K)] 560202K->475468K(699392K), 0.0064494 secs] [Times: user=0.05 sys=0.00, real=0.01 secs] 
2016-09-25T23:53:21.196-0400: 25.970: [GC (GCLocker Initiated GC) [PSYoungGen: 128328K->45842K(175104K)] 569006K->502096K(699392K), 0.0088104 secs] [Times: user=0.10 sys=0.00, real=0.01 secs] 
2016-09-25T23:53:21.239-0400: 26.013: [GC (GCLocker Initiated GC) [PSYoungGen: 133906K->64843K(175104K)] 595752K->532965K(699392K), 0.0092843 secs] [Times: user=0.10 sys=0.00, real=0.01 secs] 
2016-09-25T23:53:21.298-0400: 26.073: [GC (GCLocker Initiated GC) [PSYoungGen: 152907K->61813K(175104K)] 626498K->552563K(699392K), 0.0154274 secs] [Times: user=0.19 sys=0.00, real=0.01 secs] 
2016-09-25T23:53:21.314-0400: 26.089: [Full GC (Ergonomics) [PSYoungGen: 61813K->0K(175104K)] [ParOldGen: 490749K->170832K(524288K)] 552563K->170832K(699392K), [Metaspace: 43425K->43425K(1085440K)], 0.0660998 secs] [Times: user=0.44 sys=0.00, real=0.07 secs] 
2016-09-25T23:53:21.432-0400: 26.207: [GC (GCLocker Initiated GC) [PSYoungGen: 88064K->67702K(175104K)] 261632K->241271K(699392K), 0.0059346 secs] [Times: user=0.08 sys=0.00, real=0.01 secs] 
2016-09-25T23:53:21.479-0400: 26.253: [GC (GCLocker Initiated GC) [PSYoungGen: 155766K->63271K(151552K)] 329576K->278614K(675840K), 0.0094800 secs] [Times: user=0.09 sys=0.00, real=0.01 secs] 
2016-09-25T23:53:21.531-0400: 26.305: [GC (GCLocker Initiated GC) [PSYoungGen: 151335K->65865K(175616K)] 366885K->296960K(699904K), 0.0107300 secs] [Times: user=0.10 sys=0.00, real=0.01 secs] 
2016-09-25T23:53:21.590-0400: 26.364: [GC (GCLocker Initiated GC) [PSYoungGen: 154953K->71588K(174592K)] 399672K->334474K(698880K), 0.0134480 secs] [Times: user=0.17 sys=0.01, real=0.02 secs] 
2016-09-25T23:53:21.662-0400: 26.437: [GC (GCLocker Initiated GC) [PSYoungGen: 160676K->65908K(175616K)] 430191K->342937K(699904K), 0.0082143 secs] [Times: user=0.07 sys=0.02, real=0.01 secs] 
2016-09-25T23:53:21.717-0400: 26.492: [GC (GCLocker Initiated GC) [PSYoungGen: 154996K->61676K(151040K)] 441030K->364474K(675328K), 0.0070187 secs] [Times: user=0.07 sys=0.01, real=0.01 secs] 
2016-09-25T23:53:21.772-0400: 26.546: [GC (GCLocker Initiated GC) [PSYoungGen: 150764K->52335K(174080K)] 457757K->377268K(698368K), 0.0091807 secs] [Times: user=0.10 sys=0.00, real=0.01 secs] 
2016-09-25T23:53:21.824-0400: 26.599: [GC (GCLocker Initiated GC) [PSYoungGen: 142447K->53727K(173568K)] 472891K->409082K(697856K), 0.0103323 secs] [Times: user=0.07 sys=0.01, real=0.01 secs] 
2016-09-25T23:53:21.874-0400: 26.649: [GC (GCLocker Initiated GC) [PSYoungGen: 143839K->57550K(177152K)] 499312K->450055K(701440K), 0.0141999 secs] [Times: user=0.16 sys=0.00, real=0.01 secs] 
2016-09-25T23:53:21.939-0400: 26.714: [GC (GCLocker Initiated GC) [PSYoungGen: 153806K->63113K(177152K)] 549121K->502190K(701440K), 0.0078695 secs] [Times: user=0.11 sys=0.00, real=0.01 secs] 
2016-09-25T23:53:21.999-0400: 26.773: [GC (GCLocker Initiated GC) [PSYoungGen: 159369K->49500K(180224K)] 605244K->508010K(704512K), 0.0110935 secs] [Times: user=0.09 sys=0.00, real=0.01 secs] 
2016-09-25T23:53:22.058-0400: 26.833: [GC (GCLocker Initiated GC) [PSYoungGen: 149852K->63100K(180224K)] 611285K->542727K(704512K), 0.0095777 secs] [Times: user=0.11 sys=0.00, real=0.01 secs] 
2016-09-25T23:53:22.068-0400: 26.843: [Full GC (Ergonomics) [PSYoungGen: 63100K->0K(180224K)] [ParOldGen: 479626K->175897K(524288K)] 542727K->175897K(704512K), [Metaspace: 43435K->43435K(1085440K)], 0.0559763 secs] [Times: user=0.43 sys=0.00, real=0.06 secs] 
2016-09-25T23:53:22.171-0400: 26.946: [GC (GCLocker Initiated GC) [PSYoungGen: 100352K->77196K(173568K)] 289934K->266778K(697856K), 0.0145042 secs] [Times: user=0.20 sys=0.00, real=0.02 secs] 
2016-09-25T23:53:22.240-0400: 27.015: [GC (GCLocker Initiated GC) [PSYoungGen: 171404K->52227K(178176K)] 363838K->253874K(702464K), 0.0156572 secs] [Times: user=0.22 sys=0.00, real=0.02 secs] 
2016-09-25T23:53:22.310-0400: 27.085: [GC (GCLocker Initiated GC) [PSYoungGen: 146435K->56574K(175104K)] 352145K->269445K(699392K), 0.0091618 secs] [Times: user=0.09 sys=0.01, real=0.01 secs] 
2016-09-25T23:53:22.360-0400: 27.135: [GC (GCLocker Initiated GC) [PSYoungGen: 151806K->79344K(174592K)] 368897K->299839K(698880K), 0.0063435 secs] [Times: user=0.09 sys=0.00, real=0.01 secs] 
2016-09-25T23:53:22.416-0400: 27.191: [GC (GCLocker Initiated GC) [PSYoungGen: 174576K->52205K(176128K)] 404540K->301590K(700416K), 0.0068756 secs] [Times: user=0.06 sys=0.00, real=0.01 secs] 
2016-09-25T23:53:24.579-0400: 29.353: [GC (GCLocker Initiated GC) [PSYoungGen: 141805K->36012K(125952K)] 391282K->308972K(650240K), 0.0129416 secs] [Times: user=0.13 sys=0.00, real=0.01 secs] 
2016-09-25T23:53:24.639-0400: 29.414: [GC (GCLocker Initiated GC) [PSYoungGen: 125612K->67257K(175104K)] 398761K->350353K(699392K), 0.0075553 secs] [Times: user=0.08 sys=0.01, real=0.01 secs] 
2016-09-25T23:53:24.691-0400: 29.466: [GC (GCLocker Initiated GC) [PSYoungGen: 155321K->48085K(175104K)] 438579K->363008K(699392K), 0.0071796 secs] [Times: user=0.09 sys=0.01, real=0.01 secs] 
2016-09-25T23:53:24.754-0400: 29.528: [GC (GCLocker Initiated GC) [PSYoungGen: 136149K->69862K(175104K)] 451117K->394779K(699392K), 0.0070559 secs] [Times: user=0.08 sys=0.00, real=0.01 secs] 
2016-09-25T23:53:24.803-0400: 29.578: [GC (GCLocker Initiated GC) [PSYoungGen: 157926K->68480K(175104K)] 486997K->408947K(699392K), 0.0113364 secs] [Times: user=0.14 sys=0.01, real=0.01 secs] 
2016-09-25T23:53:24.877-0400: 29.652: [GC (Allocation Failure) [PSYoungGen: 156544K->53629K(175104K)] 501164K->421723K(699392K), 0.0125458 secs] [Times: user=0.14 sys=0.00, real=0.01 secs] 
2016-09-25T23:53:24.948-0400: 29.723: [GC (GCLocker Initiated GC) [PSYoungGen: 141693K->83355K(175104K)] 512506K->466881K(699392K), 0.0117063 secs] [Times: user=0.17 sys=0.01, real=0.01 secs] 
2016-09-25T23:53:25.016-0400: 29.790: [GC (GCLocker Initiated GC) [PSYoungGen: 171419K->79246K(175104K)] 559647K->470692K(699392K), 0.0095881 secs] [Times: user=0.08 sys=0.01, real=0.01 secs] 
2016-09-25T23:53:25.074-0400: 29.848: [GC (GCLocker Initiated GC) [PSYoungGen: 167310K->65789K(175104K)] 561483K->483403K(699392K), 0.0085553 secs] [Times: user=0.09 sys=0.00, real=0.02 secs] 
2016-09-25T23:53:25.142-0400: 29.917: [GC (GCLocker Initiated GC) [PSYoungGen: 153853K->56390K(175104K)] 577231K->485568K(699392K), 0.0071627 secs] [Times: user=0.07 sys=0.00, real=0.00 secs] 
2016-09-25T23:53:25.203-0400: 29.977: [GC (GCLocker Initiated GC) [PSYoungGen: 144454K->61625K(175104K)] 579136K->500924K(699392K), 0.0113311 secs] [Times: user=0.10 sys=0.00, real=0.00 secs] 
2016-09-25T23:53:25.266-0400: 30.041: [GC (GCLocker Initiated GC) [PSYoungGen: 149689K->84788K(175104K)] 594548K->542225K(699392K), 0.0140083 secs] [Times: user=0.12 sys=0.01, real=0.01 secs] 
2016-09-25T23:53:25.345-0400: 30.119: [GC (GCLocker Initiated GC) [PSYoungGen: 172852K->54895K(175104K)] 641234K->537389K(699392K), 0.0101143 secs] [Times: user=0.11 sys=0.01, real=0.01 secs] 
2016-09-25T23:53:25.413-0400: 30.187: [GC (GCLocker Initiated GC) [PSYoungGen: 142959K->46697K(175104K)] 631445K->554554K(699392K), 0.0089357 secs] [Times: user=0.06 sys=0.00, real=0.01 secs] 
2016-09-25T23:53:25.424-0400: 30.199: [Full GC (Ergonomics) [PSYoungGen: 46697K->0K(175104K)] [ParOldGen: 507857K->173252K(524288K)] 554554K->173252K(699392K), [Metaspace: 43461K->43461K(1085440K)], 0.0707684 secs] [Times: user=0.42 sys=0.01, real=0.07 secs] 
2016-09-25T23:53:25.540-0400: 30.315: [GC (GCLocker Initiated GC) [PSYoungGen: 88064K->83662K(175104K)] 264073K->259672K(699392K), 0.0085889 secs] [Times: user=0.08 sys=0.00, real=0.01 secs] 
2016-09-25T23:53:25.602-0400: 30.377: [GC (GCLocker Initiated GC) [PSYoungGen: 171726K->56194K(175104K)] 350578K->262942K(699392K), 0.0068985 secs] [Times: user=0.09 sys=0.00, real=0.00 secs] 
2016-09-25T23:53:25.644-0400: 30.419: [GC (GCLocker Initiated GC) [PSYoungGen: 144258K->72702K(175104K)] 351133K->309701K(699392K), 0.0096395 secs] [Times: user=0.14 sys=0.00, real=0.00 secs] 
2016-09-25T23:53:25.709-0400: 30.484: [GC (GCLocker Initiated GC) [PSYoungGen: 160766K->73904K(175104K)] 402556K->324458K(699392K), 0.0096617 secs] [Times: user=0.13 sys=0.00, real=0.01 secs] 
2016-09-25T23:53:25.776-0400: 30.551: [GC (GCLocker Initiated GC) [PSYoungGen: 161968K->44236K(175104K)] 422447K->315991K(699392K), 0.0099010 secs] [Times: user=0.11 sys=0.00, real=0.01 secs] 
2016-09-25T23:53:25.838-0400: 30.612: [GC (GCLocker Initiated GC) [PSYoungGen: 132300K->48139K(175104K)] 405480K->350266K(699392K), 0.0241586 secs] [Times: user=0.35 sys=0.00, real=0.02 secs] 
2016-09-25T23:53:25.902-0400: 30.677: [GC (GCLocker Initiated GC) [PSYoungGen: 136203K->82067K(175104K)] 438446K->398291K(699392K), 0.0101974 secs] [Times: user=0.11 sys=0.00, real=0.01 secs] 
2016-09-25T23:53:25.970-0400: 30.744: [GC (GCLocker Initiated GC) [PSYoungGen: 170131K->52209K(175104K)] 487776K->393406K(699392K), 0.0071132 secs] [Times: user=0.08 sys=0.00, real=0.01 secs] 
2016-09-25T23:53:26.025-0400: 30.800: [GC (GCLocker Initiated GC) [PSYoungGen: 140273K->65856K(175104K)] 484356K->433398K(699392K), 0.0180401 secs] [Times: user=0.19 sys=0.00, real=0.02 secs] 
2016-09-25T23:53:26.082-0400: 30.856: [GC (GCLocker Initiated GC) [PSYoungGen: 153920K->61887K(175104K)] 529565K->459676K(699392K), 0.0108679 secs] [Times: user=0.09 sys=0.00, real=0.01 secs] 
2016-09-25T23:53:26.145-0400: 30.919: [GC (GCLocker Initiated GC) [PSYoungGen: 149951K->60178K(175104K)] 550593K->466797K(699392K), 0.0212817 secs] [Times: user=0.20 sys=0.00, real=0.02 secs] 
2016-09-25T23:53:26.209-0400: 30.983: [GC (GCLocker Initiated GC) [PSYoungGen: 148242K->76540K(175104K)] 557619K->511961K(699392K), 0.0108325 secs] [Times: user=0.16 sys=0.01, real=0.01 secs] 
2016-09-25T23:53:26.277-0400: 31.052: [GC (GCLocker Initiated GC) [PSYoungGen: 164604K->73757K(175104K)] 601530K->519243K(699392K), 0.0093100 secs] [Times: user=0.14 sys=0.00, real=0.01 secs] 
2016-09-25T23:53:26.330-0400: 31.105: [GC (GCLocker Initiated GC) [PSYoungGen: 161821K->71192K(175104K)] 607434K->532056K(699392K), 0.0069859 secs] [Times: user=0.07 sys=0.01, real=0.01 secs] 
2016-09-25T23:53:26.393-0400: 31.167: [GC (GCLocker Initiated GC) [PSYoungGen: 159256K->64510K(175104K)] 628431K->562543K(699392K), 0.0067425 secs] [Times: user=0.09 sys=0.00, real=0.01 secs] 
2016-09-25T23:53:26.400-0400: 31.174: [Full GC (Ergonomics) [PSYoungGen: 64510K->0K(175104K)] [ParOldGen: 498033K->170424K(524288K)] 562543K->170424K(699392K), [Metaspace: 43462K->43462K(1085440K)], 0.1918331 secs] [Times: user=2.51 sys=0.03, real=0.19 secs] 
2016-09-25T23:53:26.650-0400: 31.424: [GC (GCLocker Initiated GC) [PSYoungGen: 88064K->64760K(175104K)] 266733K->243430K(699392K), 0.0053797 secs] [Times: user=0.06 sys=0.01, real=0.01 secs] 
2016-09-25T23:53:26.701-0400: 31.476: [GC (GCLocker Initiated GC) [PSYoungGen: 152824K->49419K(175104K)] 332603K->235328K(699392K), 0.0142193 secs] [Times: user=0.18 sys=0.00, real=0.02 secs] 
2016-09-25T23:53:26.753-0400: 31.528: [GC (GCLocker Initiated GC) [PSYoungGen: 137483K->76629K(175104K)] 334414K->290259K(699392K), 0.0073258 secs] [Times: user=0.07 sys=0.01, real=0.01 secs] 
2016-09-25T23:53:26.814-0400: 31.588: [GC (GCLocker Initiated GC) [PSYoungGen: 164693K->67079K(175104K)] 381203K->307136K(699392K), 0.0070379 secs] [Times: user=0.10 sys=0.00, real=0.01 secs] 
2016-09-25T23:53:26.869-0400: 31.644: [GC (GCLocker Initiated GC) [PSYoungGen: 155143K->71210K(175104K)] 400771K->322670K(699392K), 0.0066071 secs] [Times: user=0.07 sys=0.01, real=0.01 secs] 
2016-09-25T23:53:26.919-0400: 31.693: [GC (GCLocker Initiated GC) [PSYoungGen: 159274K->75356K(175104K)] 420259K->351728K(699392K), 0.0065042 secs] [Times: user=0.10 sys=0.00, real=0.01 secs] 
2016-09-25T23:53:26.970-0400: 31.745: [GC (GCLocker Initiated GC) [PSYoungGen: 163420K->53558K(175104K)] 448013K->363061K(699392K), 0.0060130 secs] [Times: user=0.07 sys=0.00, real=0.01 secs] 
2016-09-25T23:53:27.024-0400: 31.799: [GC (GCLocker Initiated GC) [PSYoungGen: 141622K->63320K(175104K)] 457944K->392208K(699392K), 0.0086957 secs] [Times: user=0.09 sys=0.00, real=0.00 secs] 
2016-09-25T23:53:27.079-0400: 31.853: [GC (GCLocker Initiated GC) [PSYoungGen: 151384K->48266K(175104K)] 490887K->401903K(699392K), 0.0077394 secs] [Times: user=0.09 sys=0.01, real=0.01 secs] 
2016-09-25T23:53:27.120-0400: 31.895: [GC (GCLocker Initiated GC) [PSYoungGen: 136330K->77915K(175104K)] 490100K->447096K(699392K), 0.0103805 secs] [Times: user=0.11 sys=0.00, real=0.01 secs] 
2016-09-25T23:53:27.183-0400: 31.958: [GC (GCLocker Initiated GC) [PSYoungGen: 165979K->61741K(175104K)] 538030K->463969K(699392K), 0.0094979 secs] [Times: user=0.14 sys=0.00, real=0.00 secs] 
2016-09-25T23:53:27.242-0400: 32.017: [GC (GCLocker Initiated GC) [PSYoungGen: 149805K->55060K(175104K)] 557522K->478150K(699392K), 0.0144652 secs] [Times: user=0.15 sys=0.00, real=0.01 secs] 
2016-09-25T23:53:27.293-0400: 32.067: [GC (GCLocker Initiated GC) [PSYoungGen: 143124K->86123K(175104K)] 566370K->524803K(699392K), 0.0114570 secs] [Times: user=0.12 sys=0.00, real=0.02 secs] 
2016-09-25T23:53:27.355-0400: 32.130: [GC (GCLocker Initiated GC) [PSYoungGen: 174187K->53837K(175104K)] 612996K->532361K(699392K), 0.0102548 secs] [Times: user=0.13 sys=0.00, real=0.01 secs] 
2016-09-25T23:53:27.404-0400: 32.179: [GC (GCLocker Initiated GC) [PSYoungGen: 141901K->64479K(175104K)] 623212K->568089K(699392K), 0.0068170 secs] [Times: user=0.10 sys=0.01, real=0.00 secs] 
2016-09-25T23:53:27.411-0400: 32.186: [Full GC (Ergonomics) [PSYoungGen: 64479K->0K(175104K)] [ParOldGen: 503609K->170405K(524288K)] 568089K->170405K(699392K), [Metaspace: 43463K->43463K(1085440K)], 0.0504570 secs] [Times: user=0.42 sys=0.00, real=0.05 secs] 
2016-09-25T23:53:27.507-0400: 32.281: [GC (GCLocker Initiated GC) [PSYoungGen: 88064K->82332K(175104K)] 260155K->254424K(699392K), 0.0063554 secs] [Times: user=0.08 sys=0.01, real=0.00 secs] 
2016-09-25T23:53:27.565-0400: 32.339: [GC (GCLocker Initiated GC) [PSYoungGen: 170396K->64347K(175104K)] 347925K->273793K(699392K), 0.0101600 secs] [Times: user=0.13 sys=0.00, real=0.01 secs] 
2016-09-25T23:53:27.618-0400: 32.393: [GC (GCLocker Initiated GC) [PSYoungGen: 152411K->52289K(175104K)] 363354K->277145K(699392K), 0.0068302 secs] [Times: user=0.08 sys=0.00, real=0.01 secs] 
2016-09-25T23:53:27.665-0400: 32.440: [GC (GCLocker Initiated GC) [PSYoungGen: 140353K->72589K(175104K)] 367998K->321001K(699392K), 0.0088404 secs] [Times: user=0.10 sys=0.00, real=0.00 secs] 
2016-09-25T23:53:27.718-0400: 32.492: [GC (GCLocker Initiated GC) [PSYoungGen: 160653K->68471K(175104K)] 409261K->336506K(699392K), 0.0068172 secs] [Times: user=0.09 sys=0.00, real=0.01 secs] 
2016-09-25T23:53:27.779-0400: 32.554: [GC (GCLocker Initiated GC) [PSYoungGen: 156535K->65757K(175104K)] 436825K->358700K(699392K), 0.0055764 secs] [Times: user=0.08 sys=0.00, real=0.01 secs] 
2016-09-25T23:53:27.834-0400: 32.609: [GC (GCLocker Initiated GC) [PSYoungGen: 153821K->60466K(175104K)] 454942K->394492K(699392K), 0.0087686 secs] [Times: user=0.10 sys=0.00, real=0.01 secs] 
2016-09-25T23:53:27.880-0400: 32.654: [GC (GCLocker Initiated GC) [PSYoungGen: 148530K->82033K(175104K)] 488068K->442335K(699392K), 0.0074426 secs] [Times: user=0.11 sys=0.00, real=0.01 secs] 
2016-09-25T23:53:27.932-0400: 32.707: [GC (GCLocker Initiated GC) [PSYoungGen: 170097K->48168K(175104K)] 535952K->442910K(699392K), 0.0079482 secs] [Times: user=0.12 sys=0.00, real=0.01 secs] 
2016-09-25T23:53:27.980-0400: 32.754: [GC (GCLocker Initiated GC) [PSYoungGen: 136232K->63192K(175104K)] 531062K->490837K(699392K), 0.0101775 secs] [Times: user=0.14 sys=0.00, real=0.01 secs] 
2016-09-25T23:53:28.030-0400: 32.804: [GC (GCLocker Initiated GC) [PSYoungGen: 151256K->60204K(175104K)] 584525K->502065K(699392K), 0.0130384 secs] [Times: user=0.11 sys=0.01, real=0.02 secs] 
2016-09-25T23:53:28.090-0400: 32.865: [GC (GCLocker Initiated GC) [PSYoungGen: 148268K->71234K(175104K)] 595641K->531277K(699392K), 0.0093988 secs] [Times: user=0.11 sys=0.00, real=0.01 secs] 
2016-09-25T23:53:28.151-0400: 32.926: [GC (GCLocker Initiated GC) [PSYoungGen: 159298K->48372K(175104K)] 627565K->548259K(699392K), 0.0068676 secs] [Times: user=0.08 sys=0.00, real=0.01 secs] 
2016-09-25T23:53:28.158-0400: 32.933: [Full GC (Ergonomics) [PSYoungGen: 48372K->0K(175104K)] [ParOldGen: 499886K->172233K(524288K)] 548259K->172233K(699392K), [Metaspace: 43463K->43463K(1085440K)], 0.0520763 secs] [Times: user=0.38 sys=0.01, real=0.05 secs] 
2016-09-25T23:53:28.273-0400: 33.047: [GC (GCLocker Initiated GC) [PSYoungGen: 88064K->74104K(175104K)] 260360K->246400K(699392K), 0.0103056 secs] [Times: user=0.15 sys=0.01, real=0.02 secs] 
2016-09-25T23:53:28.345-0400: 33.119: [GC (GCLocker Initiated GC) [PSYoungGen: 162168K->73982K(175104K)] 337816K->257132K(699392K), 0.0063077 secs] [Times: user=0.07 sys=0.01, real=0.00 secs] 
2016-09-25T23:53:28.386-0400: 33.161: [GC (GCLocker Initiated GC) [PSYoungGen: 162046K->76582K(175104K)] 346423K->270971K(699392K), 0.0081924 secs] [Times: user=0.09 sys=0.01, real=0.01 secs] 
2016-09-25T23:53:28.438-0400: 33.213: [GC (GCLocker Initiated GC) [PSYoungGen: 164646K->68449K(175104K)] 359221K->285122K(699392K), 0.0104795 secs] [Times: user=0.13 sys=0.01, real=0.01 secs] 
2016-09-25T23:53:28.509-0400: 33.284: [GC (GCLocker Initiated GC) [PSYoungGen: 156513K->69918K(175104K)] 376032K->308822K(699392K), 0.0103836 secs] [Times: user=0.12 sys=0.01, real=0.01 secs] 
2016-09-25T23:53:28.574-0400: 33.349: [GC (GCLocker Initiated GC) [PSYoungGen: 157982K->61671K(175104K)] 399661K->336366K(699392K), 0.0074323 secs] [Times: user=0.09 sys=0.00, real=0.00 secs] 
2016-09-25T23:53:28.617-0400: 33.392: [GC (GCLocker Initiated GC) [PSYoungGen: 149735K->69928K(175104K)] 424531K->366809K(699392K), 0.0065839 secs] [Times: user=0.11 sys=0.00, real=0.01 secs] 
2016-09-25T23:53:28.674-0400: 33.448: [GC (GCLocker Initiated GC) [PSYoungGen: 157989K->56689K(175104K)] 471307K->398955K(699392K), 0.0120667 secs] [Times: user=0.14 sys=0.00, real=0.02 secs] 
2016-09-25T23:53:28.752-0400: 33.527: [GC (GCLocker Initiated GC) [PSYoungGen: 144753K->76541K(175104K)] 487809K->424355K(699392K), 0.0082950 secs] [Times: user=0.12 sys=0.00, real=0.01 secs] 
2016-09-25T23:53:28.812-0400: 33.587: [GC (GCLocker Initiated GC) [PSYoungGen: 164605K->73938K(175104K)] 520699K->434479K(699392K), 0.0066191 secs] [Times: user=0.10 sys=0.00, real=0.01 secs] 
2016-09-25T23:53:28.859-0400: 33.634: [GC (GCLocker Initiated GC) [PSYoungGen: 162002K->63059K(175104K)] 532117K->448558K(699392K), 0.0062451 secs] [Times: user=0.10 sys=0.00, real=0.01 secs] 
2016-09-25T23:53:28.923-0400: 33.698: [GC (GCLocker Initiated GC) [PSYoungGen: 151123K->61674K(175104K)] 536876K->457317K(699392K), 0.0101318 secs] [Times: user=0.14 sys=0.00, real=0.00 secs] 
2016-09-25T23:53:28.992-0400: 33.766: [GC (GCLocker Initiated GC) [PSYoungGen: 149738K->67067K(171008K)] 545420K->484837K(695296K), 0.0137908 secs] [Times: user=0.13 sys=0.01, real=0.02 secs] 
2016-09-25T23:53:29.046-0400: 33.820: [GC (GCLocker Initiated GC) [PSYoungGen: 155131K->59137K(173056K)] 575708K->503125K(697344K), 0.0112594 secs] [Times: user=0.14 sys=0.00, real=0.01 secs] 
2016-09-25T23:53:29.095-0400: 33.870: [GC (GCLocker Initiated GC) [PSYoungGen: 147201K->76700K(173568K)] 595511K->562099K(697856K), 0.0126900 secs] [Times: user=0.16 sys=0.00, real=0.01 secs] 
2016-09-25T23:53:29.108-0400: 33.882: [Full GC (Ergonomics) [PSYoungGen: 76700K->0K(173568K)] [ParOldGen: 485399K->183095K(524288K)] 562099K->183095K(697856K), [Metaspace: 43465K->43465K(1085440K)], 0.0719649 secs] [Times: user=0.47 sys=0.00, real=0.07 secs] 
2016-09-25T23:53:29.237-0400: 34.012: [GC (GCLocker Initiated GC) [PSYoungGen: 89088K->86275K(175616K)] 281746K->278933K(699904K), 0.0077425 secs] [Times: user=0.11 sys=0.00, real=0.01 secs] 
2016-09-25T23:53:29.288-0400: 34.063: [GC (GCLocker Initiated GC) [PSYoungGen: 175363K->40122K(174592K)] 374819K->261923K(698880K), 0.0086014 secs] [Times: user=0.06 sys=0.00, real=0.01 secs] 
2016-09-25T23:53:29.354-0400: 34.129: [GC (GCLocker Initiated GC) [PSYoungGen: 128186K->59150K(175104K)] 351166K->297552K(699392K), 0.0093038 secs] [Times: user=0.09 sys=0.01, real=0.01 secs] 
2016-09-25T23:53:29.425-0400: 34.199: [GC (GCLocker Initiated GC) [PSYoungGen: 147214K->52367K(175104K)] 395182K->315741K(699392K), 0.0097884 secs] [Times: user=0.11 sys=0.00, real=0.01 secs] 
2016-09-25T23:53:29.481-0400: 34.256: [GC (GCLocker Initiated GC) [PSYoungGen: 140431K->73870K(175104K)] 409309K->354120K(699392K), 0.0064461 secs] [Times: user=0.09 sys=0.00, real=0.01 secs] 
2016-09-25T23:53:29.533-0400: 34.307: [GC (GCLocker Initiated GC) [PSYoungGen: 161934K->53653K(175104K)] 453158K->366959K(699392K), 0.0072920 secs] [Times: user=0.07 sys=0.00, real=0.01 secs] 
2016-09-25T23:53:29.611-0400: 34.386: [GC (GCLocker Initiated GC) [PSYoungGen: 141717K->57695K(175104K)] 455072K->387813K(699392K), 0.0086743 secs] [Times: user=0.10 sys=0.00, real=0.01 secs] 
2016-09-25T23:53:29.687-0400: 34.462: [GC (GCLocker Initiated GC) [PSYoungGen: 145759K->79320K(175104K)] 481399K->419542K(699392K), 0.0062701 secs] [Times: user=0.10 sys=0.00, real=0.00 secs] 
2016-09-25T23:53:29.737-0400: 34.512: [GC (GCLocker Initiated GC) [PSYoungGen: 167384K->60437K(175104K)] 510758K->423175K(699392K), 0.0068001 secs] [Times: user=0.09 sys=0.00, real=0.01 secs] 
2016-09-25T23:53:29.774-0400: 34.549: [GC (GCLocker Initiated GC) [PSYoungGen: 148501K->71059K(175104K)] 513966K->447917K(699392K), 0.0062202 secs] [Times: user=0.09 sys=0.00, real=0.01 secs] 
2016-09-25T23:53:29.823-0400: 34.598: [GC (GCLocker Initiated GC) [PSYoungGen: 159123K->55105K(175104K)] 535994K->443187K(699392K), 0.0092718 secs] [Times: user=0.09 sys=0.00, real=0.00 secs] 
2016-09-25T23:53:29.880-0400: 34.655: [GC (GCLocker Initiated GC) [PSYoungGen: 143169K->49597K(175104K)] 539418K->477454K(699392K), 0.0088483 secs] [Times: user=0.09 sys=0.00, real=0.01 secs] 
2016-09-25T23:53:29.935-0400: 34.709: [GC (GCLocker Initiated GC) [PSYoungGen: 137661K->61692K(175104K)] 565612K->492808K(699392K), 0.0217879 secs] [Times: user=0.26 sys=0.00, real=0.02 secs] 
2016-09-25T23:53:29.998-0400: 34.773: [GC (GCLocker Initiated GC) [PSYoungGen: 149756K->84818K(175104K)] 583714K->530182K(699392K), 0.0098329 secs] [Times: user=0.11 sys=0.00, real=0.01 secs] 
2016-09-25T23:53:30.059-0400: 34.834: [GC (GCLocker Initiated GC) [PSYoungGen: 172882K->61705K(175104K)] 621080K->540144K(699392K), 0.0095363 secs] [Times: user=0.14 sys=0.01, real=0.01 secs] 
2016-09-25T23:53:30.109-0400: 34.884: [Full GC (Ergonomics) [PSYoungGen: 149769K->0K(175104K)] [ParOldGen: 485270K->194489K(524288K)] 635039K->194489K(699392K), [Metaspace: 43485K->43485K(1085440K)], 0.0698106 secs] [Times: user=0.36 sys=0.00, real=0.07 secs] 
2016-09-25T23:53:30.231-0400: 35.006: [GC (GCLocker Initiated GC) [PSYoungGen: 88064K->68707K(175104K)] 286050K->266694K(699392K), 0.0125355 secs] [Times: user=0.15 sys=0.01, real=0.02 secs] 
2016-09-25T23:53:30.285-0400: 35.059: [GC (GCLocker Initiated GC) [PSYoungGen: 156771K->71177K(175104K)] 354868K->284867K(699392K), 0.0059777 secs] [Times: user=0.08 sys=0.00, real=0.00 secs] 
2016-09-25T23:53:30.329-0400: 35.104: [GC (GCLocker Initiated GC) [PSYoungGen: 159241K->57732K(175104K)] 373013K->309801K(699392K), 0.0077748 secs] [Times: user=0.10 sys=0.00, real=0.01 secs] 
2016-09-25T23:53:30.386-0400: 35.161: [GC (GCLocker Initiated GC) [PSYoungGen: 145796K->65795K(175104K)] 400639K->334683K(699392K), 0.0067386 secs] [Times: user=0.08 sys=0.00, real=0.00 secs] 
2016-09-25T23:53:30.444-0400: 35.219: [GC (GCLocker Initiated GC) [PSYoungGen: 153859K->63101K(171008K)] 431048K->343537K(695296K), 0.0080763 secs] [Times: user=0.05 sys=0.00, real=0.00 secs] 
2016-09-25T23:53:30.500-0400: 35.275: [GC (GCLocker Initiated GC) [PSYoungGen: 151165K->71112K(173056K)] 431723K->371179K(697344K), 0.0066298 secs] [Times: user=0.08 sys=0.00, real=0.01 secs] 
2016-09-25T23:53:30.553-0400: 35.328: [GC (GCLocker Initiated GC) [PSYoungGen: 159176K->60214K(175616K)] 459444K->393298K(699904K), 0.0069873 secs] [Times: user=0.09 sys=0.00, real=0.01 secs] 
2016-09-25T23:53:30.609-0400: 35.383: [GC (GCLocker Initiated GC) [PSYoungGen: 151862K->59109K(176128K)] 487816K->415695K(700416K), 0.0069033 secs] [Times: user=0.09 sys=0.00, real=0.01 secs] 
2016-09-25T23:53:30.658-0400: 35.433: [GC (GCLocker Initiated GC) [PSYoungGen: 150757K->79433K(171520K)] 520965K->451571K(695808K), 0.0066154 secs] [Times: user=0.09 sys=0.01, real=0.01 secs] 
2016-09-25T23:53:30.718-0400: 35.493: [GC (GCLocker Initiated GC) [PSYoungGen: 167497K->50812K(175104K)] 545276K->458912K(699392K), 0.0065970 secs] [Times: user=0.09 sys=0.01, real=0.01 secs] 
2016-09-25T23:53:30.771-0400: 35.546: [GC (GCLocker Initiated GC) [PSYoungGen: 138876K->61578K(172032K)] 555153K->479551K(696320K), 0.0075873 secs] [Times: user=0.08 sys=0.00, real=0.01 secs] 
2016-09-25T23:53:30.834-0400: 35.608: [GC (GCLocker Initiated GC) [PSYoungGen: 149642K->56416K(173568K)] 577199K->500706K(697856K), 0.0092332 secs] [Times: user=0.11 sys=0.00, real=0.02 secs] 
2016-09-25T23:53:30.892-0400: 35.667: [GC (GCLocker Initiated GC) [PSYoungGen: 144480K->43854K(175104K)] 599746K->507668K(699392K), 0.0089658 secs] [Times: user=0.09 sys=0.00, real=0.01 secs] 
2016-09-25T23:53:30.951-0400: 35.725: [GC (GCLocker Initiated GC) [PSYoungGen: 133966K->54819K(145408K)] 608796K->548979K(669696K), 0.0087471 secs] [Times: user=0.10 sys=0.00, real=0.01 secs] 
2016-09-25T23:53:30.960-0400: 35.734: [Full GC (Ergonomics) [PSYoungGen: 54819K->0K(145408K)] [ParOldGen: 494160K->199124K(524288K)] 548979K->199124K(669696K), [Metaspace: 43485K->43485K(1085440K)], 0.0603174 secs] [Times: user=0.42 sys=0.00, real=0.06 secs] 
2016-09-25T23:53:31.069-0400: 35.844: [GC (GCLocker Initiated GC) [PSYoungGen: 90112K->78122K(172544K)] 289358K->277368K(696832K), 0.0110120 secs] [Times: user=0.14 sys=0.00, real=0.01 secs] 
2016-09-25T23:53:31.136-0400: 35.911: [GC (GCLocker Initiated GC) [PSYoungGen: 166186K->52259K(175104K)] 380440K->290203K(699392K), 0.0062866 secs] [Times: user=0.08 sys=0.00, real=0.01 secs] 
2016-09-25T23:53:31.189-0400: 35.964: [GC (GCLocker Initiated GC) [PSYoungGen: 140323K->37134K(175104K)] 387951K->314925K(699392K), 0.0116165 secs] [Times: user=0.13 sys=0.00, real=0.01 secs] 
2016-09-25T23:53:31.264-0400: 36.039: [GC (GCLocker Initiated GC) [PSYoungGen: 125198K->33105K(175104K)] 412683K->325028K(699392K), 0.0102906 secs] [Times: user=0.10 sys=0.00, real=0.01 secs] 
2016-09-25T23:53:31.328-0400: 36.103: [GC (GCLocker Initiated GC) [PSYoungGen: 121169K->64380K(175104K)] 413537K->370649K(699392K), 0.0065049 secs] [Times: user=0.10 sys=0.00, real=0.01 secs] 
2016-09-25T23:53:31.382-0400: 36.156: [GC (GCLocker Initiated GC) [PSYoungGen: 152444K->79404K(175104K)] 464256K->401123K(699392K), 0.0077734 secs] [Times: user=0.09 sys=0.01, real=0.01 secs] 
2016-09-25T23:53:31.448-0400: 36.222: [GC (GCLocker Initiated GC) [PSYoungGen: 167468K->69917K(175104K)] 506917K->419293K(699392K), 0.0105750 secs] [Times: user=0.15 sys=0.00, real=0.01 secs] 
2016-09-25T23:53:31.532-0400: 36.306: [GC (GCLocker Initiated GC) [PSYoungGen: 157981K->53647K(175104K)] 535858K->450947K(699392K), 0.0071241 secs] [Times: user=0.10 sys=0.00, real=0.01 secs] 
2016-09-25T23:53:31.595-0400: 36.370: [GC (GCLocker Initiated GC) [PSYoungGen: 141711K->56105K(175104K)] 540451K->466166K(699392K), 0.0089270 secs] [Times: user=0.13 sys=0.00, real=0.01 secs] 
2016-09-25T23:53:31.650-0400: 36.425: [GC (GCLocker Initiated GC) [PSYoungGen: 144169K->57768K(175104K)] 561081K->483135K(699392K), 0.0072099 secs] [Times: user=0.09 sys=0.00, real=0.01 secs] 
2016-09-25T23:53:31.703-0400: 36.478: [GC (GCLocker Initiated GC) [PSYoungGen: 145832K->75178K(175104K)] 571285K->514703K(699392K), 0.0097913 secs] [Times: user=0.13 sys=0.00, real=0.00 secs] 
2016-09-25T23:53:31.756-0400: 36.531: [GC (GCLocker Initiated GC) [PSYoungGen: 163242K->57717K(175104K)] 604412K->506077K(699392K), 0.0059797 secs] [Times: user=0.08 sys=0.00, real=0.01 secs] 
2016-09-25T23:53:31.804-0400: 36.579: [GC (GCLocker Initiated GC) [PSYoungGen: 145781K->64333K(175104K)] 594331K->543136K(699392K), 0.0112161 secs] [Times: user=0.18 sys=0.00, real=0.01 secs] 
2016-09-25T23:53:31.852-0400: 36.627: [GC (GCLocker Initiated GC) [PSYoungGen: 152397K->65772K(154112K)] 634009K->577515K(678400K), 0.0106640 secs] [Times: user=0.09 sys=0.01, real=0.02 secs] 
2016-09-25T23:53:31.863-0400: 36.638: [Full GC (Ergonomics) [PSYoungGen: 65772K->0K(154112K)] [ParOldGen: 511743K->200927K(524288K)] 577515K->200927K(678400K), [Metaspace: 43614K->43614K(1087488K)], 0.0586964 secs] [Times: user=0.39 sys=0.01, real=0.05 secs] 
2016-09-25T23:53:31.975-0400: 36.750: [GC (GCLocker Initiated GC) [PSYoungGen: 88064K->70046K(173056K)] 299880K->281863K(697344K), 0.0087377 secs] [Times: user=0.12 sys=0.01, real=0.01 secs] 
2016-09-25T23:53:32.027-0400: 36.802: [GC (GCLocker Initiated GC) [PSYoungGen: 157086K->62963K(174080K)] 374452K->298655K(698368K), 0.0085893 secs] [Times: user=0.12 sys=0.01, real=0.01 secs] 
2016-09-25T23:53:32.077-0400: 36.852: [GC (GCLocker Initiated GC) [PSYoungGen: 150003K->75331K(172032K)] 391298K->318343K(696320K), 0.0110123 secs] [Times: user=0.13 sys=0.00, real=0.01 secs] 
2016-09-25T23:53:32.139-0400: 36.914: [GC (GCLocker Initiated GC) [PSYoungGen: 162371K->66962K(174080K)] 412222K->328190K(698368K), 0.0093231 secs] [Times: user=0.09 sys=0.00, real=0.01 secs] 
2016-09-25T23:53:32.207-0400: 36.981: [GC (GCLocker Initiated GC) [PSYoungGen: 154002K->64434K(171008K)] 428811K->346405K(695296K), 0.0088227 secs] [Times: user=0.11 sys=0.00, real=0.01 secs] 
2016-09-25T23:53:32.255-0400: 37.030: [GC (GCLocker Initiated GC) [PSYoungGen: 153522K->71083K(173568K)] 435611K->379382K(697856K), 0.0080917 secs] [Times: user=0.12 sys=0.00, real=0.01 secs] 
2016-09-25T23:53:32.309-0400: 37.084: [GC (GCLocker Initiated GC) [PSYoungGen: 160171K->79251K(173056K)] 478005K->406906K(697344K), 0.0074023 secs] [Times: user=0.11 sys=0.01, real=0.01 secs] 
2016-09-25T23:53:32.367-0400: 37.142: [GC (GCLocker Initiated GC) [PSYoungGen: 167315K->61547K(175104K)] 497890K->415535K(699392K), 0.0083043 secs] [Times: user=0.08 sys=0.01, real=0.01 secs] 
2016-09-25T23:53:32.422-0400: 37.196: [GC (GCLocker Initiated GC) [PSYoungGen: 149611K->61676K(172032K)] 507874K->440582K(696320K), 0.0072629 secs] [Times: user=0.09 sys=0.00, real=0.01 secs] 
2016-09-25T23:53:32.461-0400: 37.236: [GC (GCLocker Initiated GC) [PSYoungGen: 149740K->82068K(173568K)] 531484K->476415K(697856K), 0.0063510 secs] [Times: user=0.09 sys=0.01, real=0.01 secs] 
2016-09-25T23:53:32.514-0400: 37.289: [GC (GCLocker Initiated GC) [PSYoungGen: 170132K->69767K(175104K)] 576838K->482289K(699392K), 0.0101525 secs] [Times: user=0.10 sys=0.00, real=0.01 secs] 
2016-09-25T23:53:32.574-0400: 37.349: [GC (GCLocker Initiated GC) [PSYoungGen: 157831K->57484K(175104K)] 573196K->501652K(699392K), 0.0069305 secs] [Times: user=0.10 sys=0.00, real=0.00 secs] 
2016-09-25T23:53:32.618-0400: 37.392: [GC (GCLocker Initiated GC) [PSYoungGen: 145548K->68330K(174080K)] 589974K->533334K(698368K), 0.0111883 secs] [Times: user=0.08 sys=0.00, real=0.01 secs] 
2016-09-25T23:53:32.676-0400: 37.451: [GC (GCLocker Initiated GC) [PSYoungGen: 156394K->71073K(174592K)] 621582K->556965K(698880K), 0.0239428 secs] [Times: user=0.32 sys=0.00, real=0.02 secs] 
2016-09-25T23:53:32.750-0400: 37.525: [Full GC (Ergonomics) [PSYoungGen: 159137K->0K(174592K)] [ParOldGen: 488652K->194852K(524288K)] 647789K->194852K(698880K), [Metaspace: 43614K->43614K(1087488K)], 0.0717213 secs] [Times: user=0.60 sys=0.01, real=0.07 secs] 
2016-09-25T23:53:32.862-0400: 37.637: [GC (GCLocker Initiated GC) [PSYoungGen: 88064K->83745K(174592K)] 288485K->284166K(698880K), 0.0069948 secs] [Times: user=0.08 sys=0.01, real=0.01 secs] 
2016-09-25T23:53:32.918-0400: 37.693: [GC (GCLocker Initiated GC) [PSYoungGen: 171809K->67009K(175104K)] 377823K->296919K(699392K), 0.0071621 secs] [Times: user=0.10 sys=0.01, real=0.01 secs] 
2016-09-25T23:53:32.970-0400: 37.745: [GC (GCLocker Initiated GC) [PSYoungGen: 155073K->50796K(175104K)] 385066K->306830K(699392K), 0.0061388 secs] [Times: user=0.08 sys=0.00, real=0.01 secs] 
2016-09-25T23:53:33.015-0400: 37.790: [GC (GCLocker Initiated GC) [PSYoungGen: 138860K->76705K(175104K)] 400421K->348134K(699392K), 0.0065988 secs] [Times: user=0.10 sys=0.00, real=0.00 secs] 
2016-09-25T23:53:33.078-0400: 37.852: [GC (GCLocker Initiated GC) [PSYoungGen: 164769K->56327K(175104K)] 446069K->355782K(699392K), 0.0080735 secs] [Times: user=0.13 sys=0.00, real=0.01 secs] 
2016-09-25T23:53:33.141-0400: 37.915: [GC (Allocation Failure) [PSYoungGen: 144391K->59016K(175104K)] 460929K->376074K(699392K), 0.0049891 secs] [Times: user=0.06 sys=0.00, real=0.01 secs] 
2016-09-25T23:53:33.178-0400: 37.953: [GC (GCLocker Initiated GC) [PSYoungGen: 147080K->83251K(175104K)] 464150K->402190K(699392K), 0.0064251 secs] [Times: user=0.08 sys=0.00, real=0.01 secs] 
2016-09-25T23:53:33.220-0400: 37.995: [GC (GCLocker Initiated GC) [PSYoungGen: 171315K->85995K(175104K)] 495734K->414826K(699392K), 0.0070186 secs] [Times: user=0.09 sys=0.00, real=0.01 secs] 
2016-09-25T23:53:36.518-0400: 41.293: [GC (GCLocker Initiated GC) [PSYoungGen: 174059K->60194K(175104K)] 511065K->407098K(699392K), 0.0071473 secs] [Times: user=0.09 sys=0.00, real=0.01 secs] 
2016-09-25T23:53:36.578-0400: 41.353: [GC (GCLocker Initiated GC) [PSYoungGen: 148258K->57558K(175104K)] 497967K->434729K(699392K), 0.0097752 secs] [Times: user=0.14 sys=0.00, real=0.01 secs] 
2016-09-25T23:53:36.627-0400: 41.401: [GC (GCLocker Initiated GC) [PSYoungGen: 145622K->77896K(175104K)] 525592K->473190K(699392K), 0.0101213 secs] [Times: user=0.12 sys=0.00, real=0.01 secs] 
2016-09-25T23:53:36.686-0400: 41.461: [GC (GCLocker Initiated GC) [PSYoungGen: 165960K->83349K(175104K)] 565620K->501144K(699392K), 0.0106467 secs] [Times: user=0.15 sys=0.00, real=0.01 secs] 
2016-09-25T23:53:36.763-0400: 41.538: [GC (GCLocker Initiated GC) [PSYoungGen: 171413K->42624K(175104K)] 606852K->487912K(699392K), 0.0135767 secs] [Times: user=0.14 sys=0.00, real=0.01 secs] 
2016-09-25T23:53:36.831-0400: 41.606: [GC (GCLocker Initiated GC) [PSYoungGen: 130688K->53573K(175104K)] 576018K->524996K(699392K), 0.0066820 secs] [Times: user=0.06 sys=0.01, real=0.01 secs] 
2016-09-25T23:53:36.886-0400: 41.660: [GC (GCLocker Initiated GC) [PSYoungGen: 141637K->73932K(175104K)] 615887K->562141K(699392K), 0.0094054 secs] [Times: user=0.14 sys=0.00, real=0.01 secs] 
2016-09-25T23:53:36.937-0400: 41.712: [Full GC (Ergonomics) [PSYoungGen: 161996K->0K(175104K)] [ParOldGen: 495040K->208126K(524288K)] 657036K->208126K(699392K), [Metaspace: 43629K->43629K(1087488K)], 0.0631255 secs] [Times: user=0.49 sys=0.01, real=0.06 secs] 
2016-09-25T23:53:37.048-0400: 41.823: [GC (GCLocker Initiated GC) [PSYoungGen: 88064K->59326K(175104K)] 296384K->267646K(699392K), 0.0092885 secs] [Times: user=0.10 sys=0.00, real=0.01 secs] 
2016-09-25T23:53:37.099-0400: 41.874: [GC (GCLocker Initiated GC) [PSYoungGen: 147390K->80574K(175104K)] 359869K->300583K(699392K), 0.0091058 secs] [Times: user=0.11 sys=0.00, real=0.01 secs] 
2016-09-25T23:53:37.142-0400: 41.917: [GC (GCLocker Initiated GC) [PSYoungGen: 168638K->86158K(175104K)] 390106K->340462K(699392K), 0.0082129 secs] [Times: user=0.12 sys=0.00, real=0.00 secs] 
2016-09-25T23:53:37.210-0400: 41.984: [GC (GCLocker Initiated GC) [PSYoungGen: 174222K->50734K(175104K)] 429960K->338074K(699392K), 0.0154139 secs] [Times: user=0.23 sys=0.00, real=0.02 secs] 
2016-09-25T23:53:37.264-0400: 42.038: [GC (GCLocker Initiated GC) [PSYoungGen: 138798K->73965K(175104K)] 426279K->375293K(699392K), 0.0062432 secs] [Times: user=0.09 sys=0.00, real=0.00 secs] 
2016-09-25T23:53:37.324-0400: 42.099: [GC (GCLocker Initiated GC) [PSYoungGen: 162029K->59018K(175104K)] 472993K->400259K(699392K), 0.0072835 secs] [Times: user=0.10 sys=0.00, real=0.00 secs] 
2016-09-25T23:53:37.373-0400: 42.148: [GC (GCLocker Initiated GC) [PSYoungGen: 147082K->76569K(175104K)] 488370K->446694K(699392K), 0.0072113 secs] [Times: user=0.11 sys=0.00, real=0.01 secs] 
2016-09-25T23:53:37.427-0400: 42.202: [GC (GCLocker Initiated GC) [PSYoungGen: 164633K->80599K(175104K)] 541614K->467507K(699392K), 0.0072550 secs] [Times: user=0.10 sys=0.00, real=0.01 secs] 
2016-09-25T23:53:37.483-0400: 42.258: [GC (GCLocker Initiated GC) [PSYoungGen: 168663K->52161K(175104K)] 568105K->468291K(699392K), 0.0063069 secs] [Times: user=0.09 sys=0.00, real=0.00 secs] 
2016-09-25T23:53:37.536-0400: 42.310: [GC (GCLocker Initiated GC) [PSYoungGen: 140225K->73838K(175104K)] 570169K->504170K(699392K), 0.0057235 secs] [Times: user=0.08 sys=0.00, real=0.00 secs] 
2016-09-25T23:53:37.591-0400: 42.365: [GC (GCLocker Initiated GC) [PSYoungGen: 161902K->72456K(175104K)] 602037K->522523K(699392K), 0.0072314 secs] [Times: user=0.10 sys=0.00, real=0.01 secs] 
2016-09-25T23:53:37.633-0400: 42.407: [GC (GCLocker Initiated GC) [PSYoungGen: 160520K->50767K(175104K)] 613394K->543240K(699392K), 0.0069226 secs] [Times: user=0.09 sys=0.01, real=0.01 secs] 
2016-09-25T23:53:37.640-0400: 42.414: [Full GC (Ergonomics) [PSYoungGen: 50767K->0K(175104K)] [ParOldGen: 492473K->211919K(524288K)] 543240K->211919K(699392K), [Metaspace: 43630K->43630K(1087488K)], 0.0532096 secs] [Times: user=0.42 sys=0.00, real=0.05 secs] 
2016-09-25T23:53:37.737-0400: 42.512: [GC (GCLocker Initiated GC) [PSYoungGen: 88064K->78381K(175104K)] 304094K->294412K(699392K), 0.0100298 secs] [Times: user=0.09 sys=0.00, real=0.01 secs] 
2016-09-25T23:53:37.788-0400: 42.562: [GC (GCLocker Initiated GC) [PSYoungGen: 166445K->60359K(175104K)] 385317K->304466K(699392K), 0.0085503 secs] [Times: user=0.12 sys=0.00, real=0.01 secs] 
2016-09-25T23:53:37.843-0400: 42.618: [GC (GCLocker Initiated GC) [PSYoungGen: 148423K->57594K(175104K)] 395298K->326528K(699392K), 0.0097491 secs] [Times: user=0.12 sys=0.00, real=0.00 secs] 
2016-09-25T23:53:37.896-0400: 42.671: [GC (GCLocker Initiated GC) [PSYoungGen: 145658K->65835K(175104K)] 415994K->351447K(699392K), 0.0085050 secs] [Times: user=0.11 sys=0.00, real=0.01 secs] 
2016-09-25T23:53:37.938-0400: 42.713: [GC (GCLocker Initiated GC) [PSYoungGen: 153899K->84672K(175104K)] 439674K->381810K(699392K), 0.0068699 secs] [Times: user=0.09 sys=0.00, real=0.01 secs] 
2016-09-25T23:53:37.985-0400: 42.760: [GC (GCLocker Initiated GC) [PSYoungGen: 172736K->68503K(175104K)] 475409K->393252K(699392K), 0.0099585 secs] [Times: user=0.10 sys=0.01, real=0.01 secs] 
2016-09-25T23:53:38.043-0400: 42.818: [GC (GCLocker Initiated GC) [PSYoungGen: 156567K->63008K(175104K)] 486871K->411384K(699392K), 0.0069563 secs] [Times: user=0.06 sys=0.01, real=0.00 secs] 
2016-09-25T23:53:38.106-0400: 42.881: [GC (GCLocker Initiated GC) [PSYoungGen: 151072K->61723K(175104K)] 513044K->464623K(699392K), 0.0110494 secs] [Times: user=0.14 sys=0.01, real=0.01 secs] 
2016-09-25T23:53:38.164-0400: 42.939: [GC (GCLocker Initiated GC) [PSYoungGen: 149787K->75178K(175104K)] 552866K->492266K(699392K), 0.0088785 secs] [Times: user=0.10 sys=0.00, real=0.00 secs] 
2016-09-25T23:53:38.222-0400: 42.997: [GC (GCLocker Initiated GC) [PSYoungGen: 163242K->57698K(175104K)] 593875K->491423K(699392K), 0.0102176 secs] [Times: user=0.11 sys=0.01, real=0.97 secs] 
2016-09-25T23:53:39.250-0400: 44.024: [GC (GCLocker Initiated GC) [PSYoungGen: 145762K->52113K(175104K)] 585337K->498992K(699392K), 0.0072538 secs] [Times: user=0.06 sys=0.00, real=0.01 secs] 
2016-09-25T23:53:39.300-0400: 44.075: [GC (GCLocker Initiated GC) [PSYoungGen: 140177K->64301K(175104K)] 591203K->553653K(699392K), 0.0099925 secs] [Times: user=0.13 sys=0.00, real=0.01 secs] 
2016-09-25T23:53:39.311-0400: 44.085: [Full GC (Ergonomics) [PSYoungGen: 64301K->0K(175104K)] [ParOldGen: 489351K->215721K(524288K)] 553653K->215721K(699392K), [Metaspace: 43630K->43630K(1087488K)], 0.0714477 secs] [Times: user=0.49 sys=0.00, real=0.07 secs] 
2016-09-25T23:53:39.429-0400: 44.203: [GC (GCLocker Initiated GC) [PSYoungGen: 88064K->80751K(175104K)] 306557K->299244K(699392K), 0.0136371 secs] [Times: user=0.12 sys=0.00, real=0.02 secs] 
2016-09-25T23:53:39.487-0400: 44.262: [GC (GCLocker Initiated GC) [PSYoungGen: 168815K->56272K(175104K)] 396969K->313565K(699392K), 0.0098164 secs] [Times: user=0.11 sys=0.00, real=0.01 secs] 
2016-09-25T23:53:39.543-0400: 44.317: [GC (GCLocker Initiated GC) [PSYoungGen: 144336K->70981K(175104K)] 407171K->338364K(699392K), 0.0122163 secs] [Times: user=0.08 sys=0.00, real=0.01 secs] 
2016-09-25T23:53:39.601-0400: 44.376: [GC (GCLocker Initiated GC) [PSYoungGen: 159045K->52113K(175104K)] 433297K->340278K(699392K), 0.0179737 secs] [Times: user=0.21 sys=0.00, real=0.02 secs] 
2016-09-25T23:53:39.663-0400: 44.438: [GC (GCLocker Initiated GC) [PSYoungGen: 140177K->64410K(175104K)] 433813K->381425K(699392K), 0.0065505 secs] [Times: user=0.09 sys=0.00, real=0.00 secs] 
2016-09-25T23:53:39.717-0400: 44.492: [GC (GCLocker Initiated GC) [PSYoungGen: 152474K->61710K(175104K)] 472558K->410664K(699392K), 0.0071209 secs] [Times: user=0.09 sys=0.00, real=0.01 secs] 
2016-09-25T23:53:39.760-0400: 44.535: [GC (GCLocker Initiated GC) [PSYoungGen: 149774K->74033K(175104K)] 502897K->437038K(699392K), 0.0077303 secs] [Times: user=0.10 sys=0.00, real=0.01 secs] 
2016-09-25T23:53:39.810-0400: 44.585: [GC (GCLocker Initiated GC) [PSYoungGen: 162097K->80546K(175104K)] 527925K->465855K(699392K), 0.0072767 secs] [Times: user=0.11 sys=0.00, real=0.01 secs] 
2016-09-25T23:53:39.861-0400: 44.635: [GC (GCLocker Initiated GC) [PSYoungGen: 168610K->79305K(175104K)] 556827K->481422K(699392K), 0.0080110 secs] [Times: user=0.12 sys=0.00, real=0.01 secs] 
2016-09-25T23:53:39.916-0400: 44.691: [GC (GCLocker Initiated GC) [PSYoungGen: 167369K->63041K(175104K)] 581713K->496778K(699392K), 0.0108150 secs] [Times: user=0.16 sys=0.00, real=0.01 secs] 
2016-09-25T23:53:39.962-0400: 44.737: [GC (GCLocker Initiated GC) [PSYoungGen: 151105K->67033K(175104K)] 587720K->524371K(699392K), 0.0069117 secs] [Times: user=0.09 sys=0.01, real=0.00 secs] 
2016-09-25T23:53:40.001-0400: 44.775: [GC (GCLocker Initiated GC) [PSYoungGen: 155097K->74014K(175104K)] 618092K->549514K(699392K), 0.0069507 secs] [Times: user=0.10 sys=0.00, real=0.01 secs] 
2016-09-25T23:53:40.051-0400: 44.825: [GC (GCLocker Initiated GC) [PSYoungGen: 162078K->71064K(175104K)] 640352K->570139K(699392K), 0.0094074 secs] [Times: user=0.12 sys=0.00, real=0.01 secs] 
2016-09-25T23:53:40.060-0400: 44.835: [Full GC (Ergonomics) [PSYoungGen: 71064K->0K(175104K)] [ParOldGen: 499074K->219950K(524288K)] 570139K->219950K(699392K), [Metaspace: 43630K->43630K(1087488K)], 0.0730819 secs] [Times: user=0.45 sys=0.00, real=0.07 secs] 
2016-09-25T23:53:40.197-0400: 44.972: [GC (GCLocker Initiated GC) [PSYoungGen: 88064K->53943K(175104K)] 313602K->279482K(699392K), 0.0145564 secs] [Times: user=0.16 sys=0.00, real=0.01 secs] 
2016-09-25T23:53:40.251-0400: 45.025: [GC (GCLocker Initiated GC) [PSYoungGen: 142007K->45459K(175104K)] 374471K->286820K(699392K), 0.0061124 secs] [Times: user=0.06 sys=0.00, real=0.01 secs] 
2016-09-25T23:53:40.295-0400: 45.069: [GC (GCLocker Initiated GC) [PSYoungGen: 133523K->68409K(175104K)] 375086K->314594K(699392K), 0.0110523 secs] [Times: user=0.10 sys=0.00, real=0.01 secs] 
2016-09-25T23:53:40.370-0400: 45.144: [GC (GCLocker Initiated GC) [PSYoungGen: 156473K->49682K(175104K)] 422918K->353078K(699392K), 0.0107878 secs] [Times: user=0.13 sys=0.00, real=0.01 secs] 
2016-09-25T23:53:40.444-0400: 45.219: [GC (GCLocker Initiated GC) [PSYoungGen: 137746K->65677K(175104K)] 443965K->375118K(699392K), 0.0070879 secs] [Times: user=0.05 sys=0.00, real=0.00 secs] 
2016-09-25T23:53:40.481-0400: 45.256: [GC (GCLocker Initiated GC) [PSYoungGen: 153741K->86023K(175104K)] 468838K->402891K(699392K), 0.0065174 secs] [Times: user=0.09 sys=0.00, real=0.01 secs] 
2016-09-25T23:53:40.541-0400: 45.316: [GC (GCLocker Initiated GC) [PSYoungGen: 174087K->64327K(175104K)] 503296K->407509K(699392K), 0.0077671 secs] [Times: user=0.11 sys=0.00, real=0.01 secs] 
2016-09-25T23:53:40.615-0400: 45.389: [GC (GCLocker Initiated GC) [PSYoungGen: 152391K->73918K(175104K)] 498400K->429789K(699392K), 0.0108674 secs] [Times: user=0.11 sys=0.00, real=0.01 secs] 
2016-09-25T23:53:40.674-0400: 45.449: [GC (GCLocker Initiated GC) [PSYoungGen: 161982K->60296K(175104K)] 519532K->445295K(699392K), 0.0072978 secs] [Times: user=0.09 sys=0.00, real=0.00 secs] 
2016-09-25T23:53:40.732-0400: 45.507: [GC (GCLocker Initiated GC) [PSYoungGen: 148360K->50890K(175104K)] 544380K->456745K(699392K), 0.0070721 secs] [Times: user=0.08 sys=0.00, real=0.01 secs] 
2016-09-25T23:53:40.797-0400: 45.572: [GC (GCLocker Initiated GC) [PSYoungGen: 138954K->84563K(175104K)] 550261K->511241K(699392K), 0.0110138 secs] [Times: user=0.13 sys=0.00, real=0.01 secs] 
2016-09-25T23:53:40.875-0400: 45.649: [GC (GCLocker Initiated GC) [PSYoungGen: 172627K->61645K(175104K)] 602183K->514555K(699392K), 0.0065556 secs] [Times: user=0.08 sys=0.00, real=0.00 secs] 
2016-09-25T23:53:40.917-0400: 45.692: [GC (GCLocker Initiated GC) [PSYoungGen: 149709K->77986K(175104K)] 602727K->550311K(699392K), 0.0077501 secs] [Times: user=0.11 sys=0.01, real=0.01 secs] 
2016-09-25T23:53:40.966-0400: 45.740: [GC (GCLocker Initiated GC) [PSYoungGen: 166050K->63072K(175104K)] 641209K->554919K(699392K), 0.0066443 secs] [Times: user=0.08 sys=0.00, real=0.00 secs] 
2016-09-25T23:53:40.973-0400: 45.747: [Full GC (Ergonomics) [PSYoungGen: 63072K->0K(175104K)] [ParOldGen: 491846K->221684K(524288K)] 554919K->221684K(699392K), [Metaspace: 43630K->43630K(1087488K)], 0.0838980 secs] [Times: user=0.54 sys=0.02, real=0.09 secs] 
2016-09-25T23:53:41.112-0400: 45.887: [GC (GCLocker Initiated GC) [PSYoungGen: 88064K->68665K(175104K)] 309836K->290437K(699392K), 0.0072927 secs] [Times: user=0.08 sys=0.01, real=0.01 secs] 
2016-09-25T23:53:41.159-0400: 45.934: [GC (GCLocker Initiated GC) [PSYoungGen: 156729K->68538K(175104K)] 386693K->305937K(699392K), 0.0061639 secs] [Times: user=0.08 sys=0.00, real=0.01 secs] 
2016-09-25T23:53:41.211-0400: 45.985: [GC (Allocation Failure) [PSYoungGen: 156602K->65836K(175104K)] 396890K->344437K(699392K), 0.0108669 secs] [Times: user=0.14 sys=0.01, real=0.01 secs] 
2016-09-25T23:53:41.222-0400: 45.997: [GC (GCLocker Initiated GC) [PSYoungGen: 65862K->96K(175104K)] 344463K->356344K(699392K), 0.0105746 secs] [Times: user=0.14 sys=0.00, real=0.01 secs] 
2016-09-25T23:53:41.310-0400: 46.084: [GC (GCLocker Initiated GC) [PSYoungGen: 86227K->68794K(175104K)] 445175K->427758K(699392K), 0.0098775 secs] [Times: user=0.15 sys=0.01, real=0.01 secs] 
2016-09-25T23:53:41.362-0400: 46.136: [GC (GCLocker Initiated GC) [PSYoungGen: 156858K->63171K(175104K)] 521397K->442032K(699392K), 0.0065811 secs] [Times: user=0.11 sys=0.00, real=0.01 secs] 
2016-09-25T23:53:41.397-0400: 46.171: [GC (GCLocker Initiated GC) [PSYoungGen: 151235K->83436K(175104K)] 535562K->479146K(699392K), 0.0071387 secs] [Times: user=0.11 sys=0.00, real=0.01 secs] 
2016-09-25T23:53:41.478-0400: 46.253: [GC (GCLocker Initiated GC) [PSYoungGen: 171500K->63013K(175104K)] 578091K->491708K(699392K), 0.0108089 secs] [Times: user=0.13 sys=0.00, real=0.01 secs] 
2016-09-25T23:53:41.546-0400: 46.321: [GC (GCLocker Initiated GC) [PSYoungGen: 151077K->60263K(175104K)] 579835K->505630K(699392K), 0.0060585 secs] [Times: user=0.06 sys=0.01, real=0.00 secs] 
2016-09-25T23:53:41.586-0400: 46.360: [GC (GCLocker Initiated GC) [PSYoungGen: 148327K->54786K(175104K)] 596580K->512916K(699392K), 0.0102517 secs] [Times: user=0.11 sys=0.02, real=0.01 secs] 
2016-09-25T23:53:41.640-0400: 46.414: [GC (GCLocker Initiated GC) [PSYoungGen: 142850K->57742K(175104K)] 612069K->550361K(699392K), 0.0113930 secs] [Times: user=0.15 sys=0.01, real=0.01 secs] 
2016-09-25T23:53:41.651-0400: 46.426: [Full GC (Ergonomics) [PSYoungGen: 57742K->0K(175104K)] [ParOldGen: 492619K->233039K(524288K)] 550361K->233039K(699392K), [Metaspace: 43630K->43630K(1087488K)], 0.0694179 secs] [Times: user=0.54 sys=0.09, real=0.07 secs] 
2016-09-25T23:53:41.779-0400: 46.554: [GC (GCLocker Initiated GC) [PSYoungGen: 88064K->72847K(175104K)] 333472K->318255K(699392K), 0.0111888 secs] [Times: user=0.14 sys=0.01, real=0.01 secs] 
2016-09-25T23:53:41.844-0400: 46.619: [GC (GCLocker Initiated GC) [PSYoungGen: 160911K->69747K(175104K)] 406901K->329981K(699392K), 0.0061840 secs] [Times: user=0.09 sys=0.01, real=0.00 secs] 
2016-09-25T23:53:41.886-0400: 46.661: [GC (GCLocker Initiated GC) [PSYoungGen: 157811K->64242K(175104K)] 418115K->339792K(699392K), 0.0062260 secs] [Times: user=0.09 sys=0.01, real=0.00 secs] 
2016-09-25T23:53:41.927-0400: 46.701: [GC (GCLocker Initiated GC) [PSYoungGen: 152306K->71273K(175104K)] 433400K->377031K(699392K), 0.0069440 secs] [Times: user=0.10 sys=0.00, real=0.00 secs] 
2016-09-25T23:53:41.977-0400: 46.751: [GC (GCLocker Initiated GC) [PSYoungGen: 159337K->65813K(154112K)] 470743K->395362K(678400K), 0.0066142 secs] [Times: user=0.09 sys=0.00, real=0.01 secs] 
2016-09-25T23:53:42.019-0400: 46.794: [GC (GCLocker Initiated GC) [PSYoungGen: 153877K->54848K(175104K)] 488888K->421402K(699392K), 0.0095125 secs] [Times: user=0.14 sys=0.00, real=0.01 secs] 
2016-09-25T23:53:42.067-0400: 46.841: [GC (GCLocker Initiated GC) [PSYoungGen: 143424K->73740K(174592K)] 510052K->450226K(698880K), 0.0140350 secs] [Times: user=0.20 sys=0.00, real=0.01 secs] 
2016-09-25T23:53:42.120-0400: 46.894: [GC (GCLocker Initiated GC) [PSYoungGen: 162316K->69866K(175104K)] 541570K->477871K(699392K), 0.0077845 secs] [Times: user=0.12 sys=0.00, real=0.01 secs] 
2016-09-25T23:53:42.169-0400: 46.944: [GC (GCLocker Initiated GC) [PSYoungGen: 157930K->53681K(175104K)] 574224K->500196K(699392K), 0.0076254 secs] [Times: user=0.10 sys=0.00, real=0.01 secs] 
2016-09-25T23:53:42.224-0400: 46.999: [GC (GCLocker Initiated GC) [PSYoungGen: 141745K->48003K(175104K)] 591174K->502000K(699392K), 0.0112459 secs] [Times: user=0.10 sys=0.00, real=0.01 secs] 
2016-09-25T23:53:42.275-0400: 47.050: [GC (GCLocker Initiated GC) [PSYoungGen: 136067K->77827K(175104K)] 590120K->539019K(699392K), 0.0076471 secs] [Times: user=0.09 sys=0.00, real=0.01 secs] 
2016-09-25T23:53:42.319-0400: 47.094: [GC (GCLocker Initiated GC) [PSYoungGen: 165891K->64452K(175104K)] 631199K->549101K(699392K), 0.0081097 secs] [Times: user=0.07 sys=0.01, real=0.01 secs] 
2016-09-25T23:53:42.327-0400: 47.102: [Full GC (Ergonomics) [PSYoungGen: 64452K->0K(175104K)] [ParOldGen: 484648K->231525K(524288K)] 549101K->231525K(699392K), [Metaspace: 43630K->43630K(1087488K)], 0.0485294 secs] [Times: user=0.42 sys=0.01, real=0.05 secs] 
2016-09-25T23:53:42.418-0400: 47.193: [GC (GCLocker Initiated GC) [PSYoungGen: 88064K->65875K(154112K)] 319800K->297612K(678400K), 0.0108175 secs] [Times: user=0.06 sys=0.00, real=0.01 secs] 
2016-09-25T23:53:42.477-0400: 47.251: [GC (GCLocker Initiated GC) [PSYoungGen: 153939K->55070K(175616K)] 398067K->310709K(699904K), 0.0116315 secs] [Times: user=0.14 sys=0.00, real=0.01 secs] 
2016-09-25T23:53:42.532-0400: 47.307: [GC (GCLocker Initiated GC) [PSYoungGen: 144158K->67057K(174592K)] 399874K->327429K(698880K), 0.0067034 secs] [Times: user=0.07 sys=0.00, real=0.01 secs] 
2016-09-25T23:53:42.577-0400: 47.351: [GC (GCLocker Initiated GC) [PSYoungGen: 156145K->71059K(174592K)] 417816K->352089K(698880K), 0.0083682 secs] [Times: user=0.09 sys=0.00, real=0.01 secs] 
2016-09-25T23:53:42.629-0400: 47.404: [GC (GCLocker Initiated GC) [PSYoungGen: 160659K->76548K(175104K)] 450005K->375770K(699392K), 0.0070558 secs] [Times: user=0.07 sys=0.02, real=0.01 secs] 
2016-09-25T23:53:42.685-0400: 47.460: [GC (GCLocker Initiated GC) [PSYoungGen: 166148K->40022K(175104K)] 466367K->360944K(699392K), 0.0148532 secs] [Times: user=0.18 sys=0.00, real=0.01 secs] 
2016-09-25T23:53:42.735-0400: 47.510: [GC (GCLocker Initiated GC) [PSYoungGen: 128086K->49689K(175104K)] 451802K->384605K(699392K), 0.0131183 secs] [Times: user=0.15 sys=0.00, real=0.01 secs] 
2016-09-25T23:53:42.793-0400: 47.568: [GC (GCLocker Initiated GC) [PSYoungGen: 137753K->64464K(175104K)] 476777K->427031K(699392K), 0.0074548 secs] [Times: user=0.09 sys=0.00, real=0.01 secs] 
2016-09-25T23:53:42.843-0400: 47.618: [GC (GCLocker Initiated GC) [PSYoungGen: 152528K->54710K(142848K)] 520593K->436785K(667136K), 0.0076434 secs] [Times: user=0.06 sys=0.01, real=0.00 secs] 
2016-09-25T23:53:42.889-0400: 47.663: [GC (GCLocker Initiated GC) [PSYoungGen: 142774K->46857K(174592K)] 529071K->460569K(698880K), 0.0066146 secs] [Times: user=0.09 sys=0.00, real=0.01 secs] 
2016-09-25T23:53:42.935-0400: 47.710: [GC (GCLocker Initiated GC) [PSYoungGen: 134921K->69648K(174592K)] 562862K->498010K(698880K), 0.0066835 secs] [Times: user=0.08 sys=0.00, real=0.00 secs] 
2016-09-25T23:53:42.993-0400: 47.768: [GC (GCLocker Initiated GC) [PSYoungGen: 157712K->64391K(174080K)] 591573K->512213K(698368K), 0.0152447 secs] [Times: user=0.16 sys=0.02, real=0.02 secs] 
2016-09-25T23:53:43.056-0400: 47.830: [GC (GCLocker Initiated GC) [PSYoungGen: 152967K->52227K(174592K)] 610350K->546481K(698880K), 0.0410824 secs] [Times: user=0.13 sys=0.04, real=0.04 secs] 
2016-09-25T23:53:43.097-0400: 47.872: [Full GC (Ergonomics) [PSYoungGen: 52227K->0K(174592K)] [ParOldGen: 494253K->230310K(524288K)] 546481K->230310K(698880K), [Metaspace: 43630K->43630K(1087488K)], 0.1111226 secs] [Times: user=1.46 sys=0.14, real=0.11 secs] 
2016-09-25T23:53:43.957-0400: 48.732: [GC (GCLocker Initiated GC) [PSYoungGen: 88576K->16350K(173568K)] 379872K->307647K(697856K), 0.0070352 secs] [Times: user=0.06 sys=0.01, real=0.01 secs] 
2016-09-25T23:53:44.044-0400: 48.818: [GC (GCLocker Initiated GC) [PSYoungGen: 104414K->45225K(175104K)] 413520K->358107K(699392K), 0.0070141 secs] [Times: user=0.08 sys=0.01, real=0.00 secs] 
2016-09-25T23:53:44.119-0400: 48.894: [GC (GCLocker Initiated GC) [PSYoungGen: 133289K->38709K(175104K)] 459771K->376346K(699392K), 0.0086454 secs] [Times: user=0.09 sys=0.02, real=0.01 secs] 
2016-09-25T23:53:44.183-0400: 48.957: [GC (GCLocker Initiated GC) [PSYoungGen: 126773K->43809K(132096K)] 464449K->390135K(656384K), 0.0857838 secs] [Times: user=0.17 sys=0.08, real=0.08 secs] 
2016-09-25T23:53:44.366-0400: 49.141: [GC (GCLocker Initiated GC) [PSYoungGen: 131873K->48127K(176640K)] 485116K->417855K(700928K), 0.0837496 secs] [Times: user=0.13 sys=0.09, real=0.08 secs] 
2016-09-25T23:53:44.578-0400: 49.353: [GC (GCLocker Initiated GC) [PSYoungGen: 138751K->52190K(142848K)] 511239K->444095K(667136K), 0.0823094 secs] [Times: user=0.54 sys=0.08, real=0.08 secs] 
2016-09-25T23:53:44.784-0400: 49.558: [GC (GCLocker Initiated GC) [PSYoungGen: 142814K->46629K(175104K)] 540186K->448461K(699392K), 0.1051274 secs] [Times: user=0.49 sys=0.11, real=0.10 secs] 
2016-09-25T23:53:45.036-0400: 49.810: [GC (GCLocker Initiated GC) [PSYoungGen: 141349K->35891K(173056K)] 543237K->449032K(697344K), 0.1022295 secs] [Times: user=0.62 sys=0.08, real=0.10 secs] 
2016-09-25T23:53:45.211-0400: 49.985: [GC (GCLocker Initiated GC) [PSYoungGen: 130611K->59152K(181248K)] 558793K->512002K(705536K), 0.0209917 secs] [Times: user=0.30 sys=0.05, real=0.02 secs] 
2016-09-25T23:53:45.302-0400: 50.077: [GC (GCLocker Initiated GC) [PSYoungGen: 162064K->76734K(179712K)] 625803K->563933K(704000K), 0.0156594 secs] [Times: user=0.22 sys=0.04, real=0.01 secs] 
2016-09-25T23:53:45.318-0400: 50.093: [Full GC (Ergonomics) [PSYoungGen: 76734K->0K(179712K)] [ParOldGen: 487198K->244633K(524288K)] 563933K->244633K(704000K), [Metaspace: 43651K->43651K(1087488K)], 0.1006338 secs] [Times: user=1.01 sys=0.32, real=0.10 secs] 
2016-09-25T23:53:45.485-0400: 50.259: [GC (GCLocker Initiated GC) [PSYoungGen: 102912K->55149K(177664K)] 350435K->302672K(701952K), 0.0157416 secs] [Times: user=0.23 sys=0.06, real=0.01 secs] 
2016-09-25T23:53:45.572-0400: 50.347: [GC (GCLocker Initiated GC) [PSYoungGen: 150381K->37240K(178688K)] 404966K->315515K(702976K), 0.0108966 secs] [Times: user=0.13 sys=0.05, real=0.02 secs] 
2016-09-25T23:53:45.645-0400: 50.419: [GC (GCLocker Initiated GC) [PSYoungGen: 132472K->35752K(178176K)] 421728K->328178K(702464K), 0.0131464 secs] [Times: user=0.15 sys=0.04, real=0.01 secs] 
2016-09-25T23:53:45.729-0400: 50.504: [GC (GCLocker Initiated GC) [PSYoungGen: 131496K->53455K(149504K)] 436243K->358590K(673792K), 0.0108103 secs] [Times: user=0.11 sys=0.04, real=0.01 secs] 
2016-09-25T23:53:45.816-0400: 50.590: [GC (GCLocker Initiated GC) [PSYoungGen: 149199K->69861K(173056K)] 462679K->387940K(697344K), 0.0262822 secs] [Times: user=0.36 sys=0.02, real=0.02 secs] 
2016-09-25T23:53:45.905-0400: 50.680: [GC (GCLocker Initiated GC) [PSYoungGen: 162021K->37180K(177152K)] 481761K->365463K(701440K), 0.0093303 secs] [Times: user=0.06 sys=0.03, real=0.01 secs] 
2016-09-25T23:53:45.950-0400: 50.725: [GC (GCLocker Initiated GC) [PSYoungGen: 129340K->83270K(172544K)] 463190K->436455K(696832K), 0.0100739 secs] [Times: user=0.14 sys=0.01, real=0.01 secs] 
2016-09-25T23:53:46.004-0400: 50.779: [GC (GCLocker Initiated GC) [PSYoungGen: 171334K->68411K(175104K)] 527514K->441183K(699392K), 0.0124608 secs] [Times: user=0.17 sys=0.02, real=0.01 secs] 
2016-09-25T23:53:46.059-0400: 50.834: [GC (GCLocker Initiated GC) [PSYoungGen: 156475K->46970K(175104K)] 542828K->466194K(699392K), 0.0067938 secs] [Times: user=0.09 sys=0.01, real=0.01 secs] 
2016-09-25T23:53:46.111-0400: 50.886: [GC (GCLocker Initiated GC) [PSYoungGen: 135034K->64452K(175104K)] 559727K->504439K(699392K), 0.0074921 secs] [Times: user=0.11 sys=0.00, real=0.01 secs] 
2016-09-25T23:53:46.165-0400: 50.940: [GC (GCLocker Initiated GC) [PSYoungGen: 152516K->76576K(175104K)] 595497K->529529K(699392K), 0.0085396 secs] [Times: user=0.13 sys=0.01, real=0.00 secs] 
2016-09-25T23:53:46.217-0400: 50.992: [GC (GCLocker Initiated GC) [PSYoungGen: 164640K->59178K(175104K)] 623066K->527526K(699392K), 0.0129906 secs] [Times: user=0.20 sys=0.00, real=0.01 secs] 
2016-09-25T23:53:46.278-0400: 51.053: [GC (GCLocker Initiated GC) [PSYoungGen: 147242K->64491K(175104K)] 625185K->553898K(699392K), 0.0086155 secs] [Times: user=0.12 sys=0.01, real=0.01 secs] 
2016-09-25T23:53:46.331-0400: 51.106: [GC (GCLocker Initiated GC) [PSYoungGen: 152555K->64484K(175104K)] 642001K->573423K(699392K), 0.0085651 secs] [Times: user=0.11 sys=0.00, real=0.01 secs] 
2016-09-25T23:53:46.340-0400: 51.114: [Full GC (Ergonomics) [PSYoungGen: 64484K->0K(175104K)] [ParOldGen: 508939K->241423K(524288K)] 573423K->241423K(699392K), [Metaspace: 43665K->43665K(1087488K)], 0.0685955 secs] [Times: user=0.50 sys=0.00, real=0.07 secs] 
2016-09-25T23:53:46.454-0400: 51.228: [GC (GCLocker Initiated GC) [PSYoungGen: 88064K->81128K(175104K)] 329669K->322733K(699392K), 0.0097842 secs] [Times: user=0.13 sys=0.00, real=0.02 secs] 
2016-09-25T23:53:46.510-0400: 51.285: [GC (GCLocker Initiated GC) [PSYoungGen: 169192K->67311K(175104K)] 413609K->349196K(699392K), 0.0070184 secs] [Times: user=0.11 sys=0.00, real=0.01 secs] 
2016-09-25T23:53:46.569-0400: 51.344: [GC (GCLocker Initiated GC) [PSYoungGen: 155375K->56526K(175104K)] 440063K->367533K(699392K), 0.0182542 secs] [Times: user=0.26 sys=0.01, real=0.02 secs] 
2016-09-25T23:53:46.638-0400: 51.412: [GC (GCLocker Initiated GC) [PSYoungGen: 144590K->61827K(175104K)] 456983K->381674K(699392K), 0.0084636 secs] [Times: user=0.12 sys=0.00, real=0.01 secs] 
2016-09-25T23:53:46.687-0400: 51.462: [GC (GCLocker Initiated GC) [PSYoungGen: 149891K->75562K(175104K)] 472769K->411179K(699392K), 0.0070552 secs] [Times: user=0.09 sys=0.00, real=0.00 secs] 
2016-09-25T23:53:46.734-0400: 51.509: [GC (GCLocker Initiated GC) [PSYoungGen: 163626K->61972K(175104K)] 503383K->420111K(699392K), 0.0103492 secs] [Times: user=0.08 sys=0.01, real=0.01 secs] 
2016-09-25T23:53:46.791-0400: 51.566: [GC (GCLocker Initiated GC) [PSYoungGen: 150036K->48378K(175104K)] 508295K->438450K(699392K), 0.0084567 secs] [Times: user=0.09 sys=0.00, real=0.01 secs] 
2016-09-25T23:53:46.845-0400: 51.620: [GC (GCLocker Initiated GC) [PSYoungGen: 136442K->73031K(175104K)] 529225K->488078K(699392K), 0.0068683 secs] [Times: user=0.11 sys=0.00, real=0.00 secs] 
2016-09-25T23:53:46.904-0400: 51.679: [GC (GCLocker Initiated GC) [PSYoungGen: 161095K->52691K(175104K)] 580233K->486306K(699392K), 0.0080978 secs] [Times: user=0.09 sys=0.00, real=0.00 secs] 
2016-09-25T23:53:46.960-0400: 51.735: [GC (GCLocker Initiated GC) [PSYoungGen: 140755K->55070K(175104K)] 579962K->506068K(699392K), 0.0131226 secs] [Times: user=0.11 sys=0.00, real=0.01 secs] 
2016-09-25T23:53:47.027-0400: 51.802: [GC (GCLocker Initiated GC) [PSYoungGen: 143134K->56451K(173056K)] 599673K->532656K(697344K), 0.0083922 secs] [Times: user=0.07 sys=0.00, real=0.01 secs] 
2016-09-25T23:53:47.086-0400: 51.861: [GC (GCLocker Initiated GC) [PSYoungGen: 144515K->70346K(174080K)] 623573K->575851K(698368K), 0.0101811 secs] [Times: user=0.11 sys=0.00, real=0.01 secs] 
2016-09-25T23:53:47.096-0400: 51.871: [Full GC (Ergonomics) [PSYoungGen: 70346K->0K(174080K)] [ParOldGen: 505505K->247852K(524288K)] 575851K->247852K(698368K), [Metaspace: 43665K->43665K(1087488K)], 0.0531814 secs] [Times: user=0.37 sys=0.00, real=0.05 secs] 
2016-09-25T23:53:47.205-0400: 51.980: [GC (GCLocker Initiated GC) [PSYoungGen: 88064K->57292K(173056K)] 341475K->310703K(697344K), 0.0115417 secs] [Times: user=0.13 sys=0.00, real=0.01 secs] 
2016-09-25T23:53:47.270-0400: 52.045: [GC (GCLocker Initiated GC) [PSYoungGen: 146380K->79634K(174080K)] 405544K->341650K(698368K), 0.0067851 secs] [Times: user=0.08 sys=0.01, real=0.01 secs] 
2016-09-25T23:53:47.337-0400: 52.112: [GC (GCLocker Initiated GC) [PSYoungGen: 168722K->51123K(175104K)] 445754K->351975K(699392K), 0.0094945 secs] [Times: user=0.08 sys=0.00, real=0.01 secs] 
2016-09-25T23:53:47.401-0400: 52.175: [GC (GCLocker Initiated GC) [PSYoungGen: 139187K->67289K(175104K)] 440116K->390591K(699392K), 0.0070253 secs] [Times: user=0.11 sys=0.00, real=0.01 secs] 
2016-09-25T23:53:47.452-0400: 52.226: [GC (GCLocker Initiated GC) [PSYoungGen: 155353K->86486K(175104K)] 481883K->432575K(699392K), 0.0102376 secs] [Times: user=0.15 sys=0.00, real=0.01 secs] 
2016-09-25T23:53:47.521-0400: 52.296: [GC (GCLocker Initiated GC) [PSYoungGen: 174550K->71272K(175104K)] 520681K->438553K(699392K), 0.0087751 secs] [Times: user=0.09 sys=0.00, real=0.01 secs] 
2016-09-25T23:53:47.577-0400: 52.352: [GC (GCLocker Initiated GC) [PSYoungGen: 159336K->41996K(175104K)] 529450K->427552K(699392K), 0.0053035 secs] [Times: user=0.06 sys=0.00, real=0.01 secs] 
2016-09-25T23:53:47.628-0400: 52.403: [GC (GCLocker Initiated GC) [PSYoungGen: 130060K->76776K(175104K)] 523808K->475607K(699392K), 0.0086941 secs] [Times: user=0.13 sys=0.00, real=0.01 secs] 
2016-09-25T23:53:47.698-0400: 52.472: [GC (GCLocker Initiated GC) [PSYoungGen: 164840K->62123K(175104K)] 569282K->483445K(699392K), 0.0062970 secs] [Times: user=0.08 sys=0.00, real=0.01 secs] 
2016-09-25T23:53:47.755-0400: 52.530: [GC (GCLocker Initiated GC) [PSYoungGen: 150187K->60704K(175104K)] 571658K->503311K(699392K), 0.0083409 secs] [Times: user=0.08 sys=0.00, real=0.01 secs] 
2016-09-25T23:53:47.811-0400: 52.585: [GC (GCLocker Initiated GC) [PSYoungGen: 148768K->66311K(175104K)] 606406K->526051K(699392K), 0.0094974 secs] [Times: user=0.08 sys=0.00, real=0.01 secs] 
2016-09-25T23:53:47.881-0400: 52.656: [GC (GCLocker Initiated GC) [PSYoungGen: 154375K->67264K(175104K)] 622312K->538971K(699392K), 0.0060252 secs] [Times: user=0.06 sys=0.00, real=0.01 secs] 
2016-09-25T23:53:47.946-0400: 52.721: [GC (GCLocker Initiated GC) [PSYoungGen: 155328K->52672K(175104K)] 630387K->560789K(699392K), 0.0069713 secs] [Times: user=0.10 sys=0.00, real=0.00 secs] 
2016-09-25T23:53:47.953-0400: 52.728: [Full GC (Ergonomics) [PSYoungGen: 52672K->0K(175104K)] [ParOldGen: 508116K->249814K(524288K)] 560789K->249814K(699392K), [Metaspace: 43673K->43673K(1087488K)], 0.0580916 secs] [Times: user=0.40 sys=0.01, real=0.06 secs] 
2016-09-25T23:53:48.053-0400: 52.828: [GC (GCLocker Initiated GC) [PSYoungGen: 88064K->86899K(175104K)] 342323K->343859K(699392K), 0.0066453 secs] [Times: user=0.09 sys=0.00, real=0.01 secs] 
2016-09-25T23:53:48.117-0400: 52.892: [GC (GCLocker Initiated GC) [PSYoungGen: 174963K->56383K(175104K)] 437356K->344429K(699392K), 0.0057005 secs] [Times: user=0.08 sys=0.00, real=0.01 secs] 
2016-09-25T23:53:48.182-0400: 52.956: [GC (GCLocker Initiated GC) [PSYoungGen: 144447K->64779K(175104K)] 436677K->368370K(699392K), 0.0127342 secs] [Times: user=0.17 sys=0.01, real=0.02 secs] 
2016-09-25T23:53:48.239-0400: 53.013: [GC (GCLocker Initiated GC) [PSYoungGen: 152843K->56775K(175104K)] 461918K->386956K(699392K), 0.0109852 secs] [Times: user=0.14 sys=0.01, real=0.01 secs] 
2016-09-25T23:53:48.307-0400: 53.082: [GC (GCLocker Initiated GC) [PSYoungGen: 144839K->59480K(175104K)] 487308K->433988K(699392K), 0.0108486 secs] [Times: user=0.13 sys=0.02, real=0.01 secs] 
2016-09-25T23:53:48.375-0400: 53.149: [GC (GCLocker Initiated GC) [PSYoungGen: 147544K->47002K(175104K)] 524804K->448199K(699392K), 0.0128584 secs] [Times: user=0.14 sys=0.00, real=0.01 secs] 
2016-09-25T23:53:48.422-0400: 53.197: [GC (GCLocker Initiated GC) [PSYoungGen: 135066K->79700K(175104K)] 539190K->514258K(699392K), 0.0204739 secs] [Times: user=0.25 sys=0.00, real=0.03 secs] 
2016-09-25T23:53:48.490-0400: 53.264: [GC (GCLocker Initiated GC) [PSYoungGen: 167764K->68767K(175104K)] 605168K->519280K(699392K), 0.0133501 secs] [Times: user=0.14 sys=0.01, real=0.02 secs] 
2016-09-25T23:53:48.551-0400: 53.326: [GC (GCLocker Initiated GC) [PSYoungGen: 156831K->72685K(175104K)] 607453K->538959K(699392K), 0.0187366 secs] [Times: user=0.23 sys=0.00, real=0.02 secs] 
2016-09-25T23:53:48.620-0400: 53.394: [GC (GCLocker Initiated GC) [PSYoungGen: 160749K->48518K(175104K)] 635191K->533121K(699392K), 0.0067872 secs] [Times: user=0.06 sys=0.00, real=0.01 secs] 
2016-09-25T23:53:48.627-0400: 53.401: [Full GC (Ergonomics) [PSYoungGen: 48518K->0K(175104K)] [ParOldGen: 484603K->262422K(524288K)] 533121K->262422K(699392K), [Metaspace: 43673K->43673K(1087488K)], 0.0573811 secs] [Times: user=0.45 sys=0.00, real=0.06 secs] 
2016-09-25T23:53:48.730-0400: 53.504: [GC (GCLocker Initiated GC) [PSYoungGen: 88064K->85608K(175104K)] 350542K->353486K(699392K), 0.0091463 secs] [Times: user=0.11 sys=0.00, real=0.01 secs] 
2016-09-25T23:53:48.788-0400: 53.563: [GC (GCLocker Initiated GC) [PSYoungGen: 173672K->62002K(175104K)] 444333K->365169K(699392K), 0.0087427 secs] [Times: user=0.13 sys=0.00, real=0.01 secs] 
2016-09-25T23:53:48.840-0400: 53.615: [GC (GCLocker Initiated GC) [PSYoungGen: 150066K->79680K(175104K)] 456042K->390422K(699392K), 0.0066156 secs] [Times: user=0.10 sys=0.00, real=0.01 secs] 
2016-09-25T23:53:48.890-0400: 53.664: [GC (GCLocker Initiated GC) [PSYoungGen: 167744K->66188K(175104K)] 480267K->414691K(699392K), 0.0101454 secs] [Times: user=0.12 sys=0.01, real=0.01 secs] 
2016-09-25T23:53:48.955-0400: 53.730: [GC (GCLocker Initiated GC) [PSYoungGen: 154252K->57693K(175104K)] 506079K->429244K(699392K), 0.0062396 secs] [Times: user=0.08 sys=0.00, real=0.00 secs] 
2016-09-25T23:53:49.001-0400: 53.776: [GC (GCLocker Initiated GC) [PSYoungGen: 145757K->85142K(175104K)] 518956K->476436K(699392K), 0.0112502 secs] [Times: user=0.18 sys=0.01, real=0.01 secs] 
2016-09-25T23:53:49.068-0400: 53.843: [GC (GCLocker Initiated GC) [PSYoungGen: 173206K->60365K(175104K)] 567375K->487916K(699392K), 0.0074645 secs] [Times: user=0.11 sys=0.00, real=0.01 secs] 
2016-09-25T23:53:49.121-0400: 53.896: [GC (GCLocker Initiated GC) [PSYoungGen: 148429K->52572K(175104K)] 578872K->499684K(699392K), 0.0087734 secs] [Times: user=0.09 sys=0.00, real=0.01 secs] 
2016-09-25T23:53:49.183-0400: 53.958: [GC (GCLocker Initiated GC) [PSYoungGen: 140636K->59255K(175104K)] 600135K->529088K(699392K), 0.0060491 secs] [Times: user=0.08 sys=0.00, real=0.00 secs] 
2016-09-25T23:53:49.245-0400: 54.020: [Full GC (Ergonomics) [PSYoungGen: 147319K->0K(175104K)] [ParOldGen: 483465K->256079K(524288K)] 630785K->256079K(699392K), [Metaspace: 43675K->43675K(1087488K)], 0.1748176 secs] [Times: user=2.46 sys=0.00, real=0.17 secs] 
2016-09-25T23:53:49.491-0400: 54.265: [GC (GCLocker Initiated GC) [PSYoungGen: 88064K->72780K(175104K)] 349791K->334507K(699392K), 0.0104720 secs] [Times: user=0.14 sys=0.01, real=0.01 secs] 
2016-09-25T23:53:49.546-0400: 54.320: [GC (GCLocker Initiated GC) [PSYoungGen: 160844K->72711K(175104K)] 422729K->346258K(699392K), 0.0066766 secs] [Times: user=0.08 sys=0.01, real=0.00 secs] 
2016-09-25T23:53:49.591-0400: 54.365: [GC (GCLocker Initiated GC) [PSYoungGen: 160775K->84808K(175104K)] 434468K->368510K(699392K), 0.0077380 secs] [Times: user=0.11 sys=0.00, real=0.01 secs] 
2016-09-25T23:53:49.646-0400: 54.421: [GC (GCLocker Initiated GC) [PSYoungGen: 172872K->56426K(175104K)] 467518K->373344K(699392K), 0.0069511 secs] [Times: user=0.09 sys=0.00, real=0.00 secs] 
2016-09-25T23:53:49.722-0400: 54.496: [GC (GCLocker Initiated GC) [PSYoungGen: 144490K->51092K(175104K)] 474994K->399762K(699392K), 0.0127778 secs] [Times: user=0.12 sys=0.00, real=0.02 secs] 
2016-09-25T23:53:49.802-0400: 54.576: [GC (GCLocker Initiated GC) [PSYoungGen: 139156K->72570K(175104K)] 491336K->437538K(699392K), 0.0102541 secs] [Times: user=0.10 sys=0.00, real=0.01 secs] 
2016-09-25T23:53:49.856-0400: 54.631: [GC (GCLocker Initiated GC) [PSYoungGen: 160634K->55016K(175104K)] 528381K->453023K(699392K), 0.0236334 secs] [Times: user=0.33 sys=0.00, real=0.02 secs] 
2016-09-25T23:53:49.933-0400: 54.708: [GC (GCLocker Initiated GC) [PSYoungGen: 143080K->74079K(175104K)] 541168K->491620K(699392K), 0.0156982 secs] [Times: user=0.22 sys=0.00, real=0.02 secs] 
2016-09-25T23:53:50.018-0400: 54.793: [GC (GCLocker Initiated GC) [PSYoungGen: 162143K->52320K(175104K)] 587977K->505736K(699392K), 0.0178008 secs] [Times: user=0.20 sys=0.01, real=0.02 secs] 
2016-09-25T23:53:50.086-0400: 54.861: [GC (GCLocker Initiated GC) [PSYoungGen: 140384K->49521K(175104K)] 594155K->521506K(699392K), 0.0169907 secs] [Times: user=0.23 sys=0.00, real=0.02 secs] 
2016-09-25T23:53:50.177-0400: 54.951: [GC (GCLocker Initiated GC) [PSYoungGen: 137585K->68681K(175104K)] 615046K->564165K(699392K), 0.0132124 secs] [Times: user=0.14 sys=0.01, real=0.01 secs] 
2016-09-25T23:53:50.190-0400: 54.965: [Full GC (Ergonomics) [PSYoungGen: 68681K->0K(175104K)] [ParOldGen: 495483K->255183K(524288K)] 564165K->255183K(699392K), [Metaspace: 43675K->43675K(1087488K)], 0.0653005 secs] [Times: user=0.48 sys=0.00, real=0.07 secs] 
2016-09-25T23:53:50.289-0400: 55.064: [GC (GCLocker Initiated GC) [PSYoungGen: 88064K->67523K(175104K)] 344713K->324172K(699392K), 0.0066836 secs] [Times: user=0.05 sys=0.00, real=0.01 secs] 
2016-09-25T23:53:50.354-0400: 55.128: [GC (GCLocker Initiated GC) [PSYoungGen: 155587K->75303K(175104K)] 415074K->350649K(699392K), 0.0117761 secs] [Times: user=0.19 sys=0.01, real=0.02 secs] 
2016-09-25T23:53:50.433-0400: 55.208: [GC (GCLocker Initiated GC) [PSYoungGen: 163367K->75361K(175104K)] 446916K->373032K(699392K), 0.0067987 secs] [Times: user=0.09 sys=0.01, real=0.01 secs] 
2016-09-25T23:53:50.485-0400: 55.259: [GC (GCLocker Initiated GC) [PSYoungGen: 163425K->54973K(175104K)] 466704K->387281K(699392K), 0.0089927 secs] [Times: user=0.12 sys=0.00, real=0.00 secs] 
2016-09-25T23:53:50.545-0400: 55.320: [GC (GCLocker Initiated GC) [PSYoungGen: 143037K->68662K(175104K)] 480822K->409656K(699392K), 0.0129247 secs] [Times: user=0.14 sys=0.00, real=0.01 secs] 
2016-09-25T23:53:50.630-0400: 55.405: [GC (GCLocker Initiated GC) [PSYoungGen: 156726K->42706K(175104K)] 503459K->415747K(699392K), 0.0253210 secs] [Times: user=0.25 sys=0.01, real=0.03 secs] 
2016-09-25T23:53:50.700-0400: 55.475: [GC (GCLocker Initiated GC) [PSYoungGen: 130770K->51023K(175104K)] 504091K->449116K(699392K), 0.0063571 secs] [Times: user=0.08 sys=0.00, real=0.01 secs] 
2016-09-25T23:53:50.739-0400: 55.514: [GC (GCLocker Initiated GC) [PSYoungGen: 139087K->67354K(175104K)] 549366K->486382K(699392K), 0.0102215 secs] [Times: user=0.06 sys=0.00, real=0.01 secs] 
2016-09-25T23:53:50.825-0400: 55.600: [GC (GCLocker Initiated GC) [PSYoungGen: 155418K->45467K(175104K)] 589377K->484238K(699392K), 0.0177698 secs] [Times: user=0.18 sys=0.00, real=0.02 secs] 
2016-09-25T23:53:50.898-0400: 55.673: [GC (GCLocker Initiated GC) [PSYoungGen: 133531K->52167K(175104K)] 575150K->521432K(699392K), 0.0064783 secs] [Times: user=0.07 sys=0.00, real=0.01 secs] 
2016-09-25T23:53:50.938-0400: 55.713: [GC (GCLocker Initiated GC) [PSYoungGen: 140231K->84862K(175104K)] 609674K->577702K(699392K), 0.0084467 secs] [Times: user=0.09 sys=0.00, real=0.01 secs] 
2016-09-25T23:53:50.946-0400: 55.721: [Full GC (Ergonomics) [PSYoungGen: 84862K->0K(175104K)] [ParOldGen: 492840K->265511K(524288K)] 577702K->265511K(699392K), [Metaspace: 43675K->43675K(1087488K)], 0.0641941 secs] [Times: user=0.53 sys=0.02, real=0.06 secs] 
2016-09-25T23:53:51.082-0400: 55.857: [GC (GCLocker Initiated GC) [PSYoungGen: 88064K->58424K(175104K)] 360472K->330832K(699392K), 0.0110660 secs] [Times: user=0.13 sys=0.01, real=0.01 secs] 
2016-09-25T23:53:51.144-0400: 55.919: [GC (GCLocker Initiated GC) [PSYoungGen: 146488K->59005K(175104K)] 418978K->358413K(699392K), 0.0099958 secs] [Times: user=0.08 sys=0.00, real=0.01 secs] 
2016-09-25T23:53:51.191-0400: 55.966: [GC (GCLocker Initiated GC) [PSYoungGen: 147069K->51111K(175104K)] 454631K->401166K(699392K), 0.0077344 secs] [Times: user=0.09 sys=0.00, real=0.01 secs] 
2016-09-25T23:53:51.236-0400: 56.010: [GC (GCLocker Initiated GC) [PSYoungGen: 139175K->63155K(175104K)] 494963K->435800K(699392K), 0.0277307 secs] [Times: user=0.35 sys=0.00, real=0.03 secs] 
2016-09-25T23:53:51.314-0400: 56.089: [GC (GCLocker Initiated GC) [PSYoungGen: 151219K->60440K(171008K)] 527387K->450795K(695296K), 0.0148983 secs] [Times: user=0.17 sys=0.00, real=0.02 secs] 
2016-09-25T23:53:51.375-0400: 56.150: [GC (GCLocker Initiated GC) [PSYoungGen: 148504K->72554K(173056K)] 538963K->470355K(697344K), 0.0094526 secs] [Times: user=0.12 sys=0.00, real=0.01 secs] 
2016-09-25T23:53:51.424-0400: 56.199: [GC (GCLocker Initiated GC) [PSYoungGen: 160618K->71587K(175104K)] 563969K->490332K(699392K), 0.0149652 secs] [Times: user=0.19 sys=0.00, real=0.01 secs] 
2016-09-25T23:53:51.488-0400: 56.263: [GC (GCLocker Initiated GC) [PSYoungGen: 159651K->75504K(175104K)] 582524K->523500K(699392K), 0.0098617 secs] [Times: user=0.15 sys=0.01, real=0.01 secs] 
2016-09-25T23:53:51.554-0400: 56.328: [GC (GCLocker Initiated GC) [PSYoungGen: 163568K->51169K(175104K)] 623841K->544576K(699392K), 0.0069069 secs] [Times: user=0.10 sys=0.00, real=0.01 secs] 
2016-09-25T23:53:51.561-0400: 56.335: [Full GC (Ergonomics) [PSYoungGen: 51169K->0K(175104K)] [ParOldGen: 493406K->269622K(524288K)] 544576K->269622K(699392K), [Metaspace: 43675K->43675K(1087488K)], 0.0606305 secs] [Times: user=0.45 sys=0.01, real=0.06 secs] 
2016-09-25T23:53:51.668-0400: 56.443: [GC (GCLocker Initiated GC) [PSYoungGen: 88064K->58364K(175104K)] 363092K->333393K(699392K), 0.0123715 secs] [Times: user=0.12 sys=0.00, real=0.01 secs] 
2016-09-25T23:53:51.715-0400: 56.489: [GC (GCLocker Initiated GC) [PSYoungGen: 146428K->70226K(175104K)] 426952K->353316K(699392K), 0.0167231 secs] [Times: user=0.20 sys=0.00, real=0.01 secs] 
2016-09-25T23:53:51.784-0400: 56.559: [GC (GCLocker Initiated GC) [PSYoungGen: 158290K->71504K(175104K)] 453597K->367516K(699392K), 0.0109842 secs] [Times: user=0.15 sys=0.01, real=0.01 secs] 
2016-09-25T23:53:51.859-0400: 56.634: [GC (GCLocker Initiated GC) [PSYoungGen: 159568K->62988K(174080K)] 458357K->385511K(698368K), 0.0067964 secs] [Times: user=0.09 sys=0.01, real=0.01 secs] 
2016-09-25T23:53:51.908-0400: 56.682: [GC (GCLocker Initiated GC) [PSYoungGen: 151052K->75596K(174592K)] 473682K->414854K(698880K), 0.0090155 secs] [Times: user=0.14 sys=0.00, real=0.01 secs] 
2016-09-25T23:53:51.965-0400: 56.740: [GC (GCLocker Initiated GC) [PSYoungGen: 163660K->70165K(175104K)] 511943K->446218K(699392K), 0.0098220 secs] [Times: user=0.15 sys=0.00, real=0.01 secs] 
2016-09-25T23:53:52.032-0400: 56.807: [GC (GCLocker Initiated GC) [PSYoungGen: 158229K->56372K(175104K)] 545319K->449745K(699392K), 0.0059093 secs] [Times: user=0.08 sys=0.00, real=0.01 secs] 
2016-09-25T23:53:52.081-0400: 56.856: [GC (GCLocker Initiated GC) [PSYoungGen: 144436K->82183K(175104K)] 537894K->482989K(699392K), 0.0075797 secs] [Times: user=0.11 sys=0.00, real=0.01 secs] 
2016-09-25T23:53:52.143-0400: 56.918: [GC (GCLocker Initiated GC) [PSYoungGen: 170247K->60653K(175104K)] 587483K->506970K(699392K), 0.0068552 secs] [Times: user=0.09 sys=0.01, real=0.00 secs] 
2016-09-25T23:53:52.199-0400: 56.974: [GC (GCLocker Initiated GC) [PSYoungGen: 148717K->74198K(175104K)] 599161K->529430K(699392K), 0.0069515 secs] [Times: user=0.09 sys=0.00, real=0.01 secs] 
2016-09-25T23:53:52.256-0400: 57.030: [GC (GCLocker Initiated GC) [PSYoungGen: 162262K->56565K(175104K)] 622968K->536941K(699392K), 0.0088861 secs] [Times: user=0.13 sys=0.00, real=0.01 secs] 
2016-09-25T23:53:52.315-0400: 57.090: [GC (GCLocker Initiated GC) [PSYoungGen: 144629K->64831K(175104K)] 625250K->563734K(699392K), 0.0073026 secs] [Times: user=0.09 sys=0.00, real=0.01 secs] 
2016-09-25T23:53:52.323-0400: 57.097: [Full GC (Ergonomics) [PSYoungGen: 64831K->0K(175104K)] [ParOldGen: 498902K->270594K(524288K)] 563734K->270594K(699392K), [Metaspace: 43675K->43675K(1087488K)], 0.0576123 secs] [Times: user=0.48 sys=0.02, real=0.05 secs] 
2016-09-25T23:53:52.422-0400: 57.197: [GC (GCLocker Initiated GC) [PSYoungGen: 88064K->86746K(175104K)] 361607K->360289K(699392K), 0.0113125 secs] [Times: user=0.15 sys=0.02, real=0.01 secs] 
2016-09-25T23:53:52.488-0400: 57.263: [GC (GCLocker Initiated GC) [PSYoungGen: 174810K->67628K(175104K)] 452470K->360008K(699392K), 0.0093604 secs] [Times: user=0.10 sys=0.00, real=0.01 secs] 
2016-09-25T23:53:52.543-0400: 57.317: [GC (GCLocker Initiated GC) [PSYoungGen: 155692K->78134K(175104K)] 450935K->385191K(699392K), 0.0129039 secs] [Times: user=0.17 sys=0.01, real=0.01 secs] 
2016-09-25T23:53:52.608-0400: 57.383: [GC (GCLocker Initiated GC) [PSYoungGen: 166198K->66036K(175104K)] 480164K->386105K(699392K), 0.0063283 secs] [Times: user=0.07 sys=0.01, real=0.01 secs] 
2016-09-25T23:53:52.677-0400: 57.451: [GC (GCLocker Initiated GC) [PSYoungGen: 154100K->60751K(175104K)] 489454K->409026K(699392K), 0.0062365 secs] [Times: user=0.07 sys=0.00, real=0.01 secs] 
2016-09-25T23:53:52.744-0400: 57.518: [GC (Allocation Failure) [PSYoungGen: 148815K->56458K(175104K)] 514736K->425934K(699392K), 0.0058219 secs] [Times: user=0.07 sys=0.00, real=0.00 secs] 
2016-09-25T23:53:52.794-0400: 57.568: [GC (GCLocker Initiated GC) [PSYoungGen: 144522K->57449K(175104K)] 514009K->447798K(699392K), 0.0119160 secs] [Times: user=0.06 sys=0.02, real=0.02 secs] 
2016-09-25T23:53:52.850-0400: 57.624: [GC (GCLocker Initiated GC) [PSYoungGen: 145513K->78077K(175104K)] 539994K->477126K(699392K), 0.0071127 secs] [Times: user=0.09 sys=0.00, real=0.01 secs] 
2016-09-25T23:53:52.909-0400: 57.684: [GC (GCLocker Initiated GC) [PSYoungGen: 166141K->75486K(175104K)] 571451K->485589K(699392K), 0.0079379 secs] [Times: user=0.10 sys=0.00, real=0.01 secs] 
2016-09-25T23:53:52.954-0400: 57.729: [GC (GCLocker Initiated GC) [PSYoungGen: 163550K->75287K(175104K)] 573753K->495744K(699392K), 0.0103981 secs] [Times: user=0.12 sys=0.01, real=0.01 secs] 
2016-09-25T23:53:53.010-0400: 57.785: [GC (GCLocker Initiated GC) [PSYoungGen: 163351K->69958K(175104K)] 586590K->507226K(699392K), 0.0137533 secs] [Times: user=0.13 sys=0.00, real=0.02 secs] 
2016-09-25T23:53:53.075-0400: 57.850: [GC (GCLocker Initiated GC) [PSYoungGen: 158022K->41736K(175104K)] 598093K->510778K(699392K), 0.0160576 secs] [Times: user=0.16 sys=0.00, real=0.01 secs] 
2016-09-25T23:53:53.149-0400: 57.924: [GC (GCLocker Initiated GC) [PSYoungGen: 129800K->45703K(175104K)] 601592K->538618K(699392K), 0.0089558 secs] [Times: user=0.08 sys=0.00, real=0.01 secs] 
2016-09-25T23:53:53.158-0400: 57.933: [Full GC (Ergonomics) [PSYoungGen: 45703K->0K(175104K)] [ParOldGen: 492914K->280181K(524288K)] 538618K->280181K(699392K), [Metaspace: 43675K->43675K(1087488K)], 0.0612246 secs] [Times: user=0.46 sys=0.01, real=0.06 secs] 
2016-09-25T23:53:53.264-0400: 58.039: [GC (GCLocker Initiated GC) [PSYoungGen: 88064K->71945K(175104K)] 368310K->352191K(699392K), 0.0093982 secs] [Times: user=0.08 sys=0.01, real=0.00 secs] 
2016-09-25T23:53:53.322-0400: 58.097: [GC (GCLocker Initiated GC) [PSYoungGen: 160009K->73034K(175104K)] 451148K->376189K(699392K), 0.0063319 secs] [Times: user=0.09 sys=0.00, real=0.00 secs] 
2016-09-25T23:53:53.377-0400: 58.151: [GC (GCLocker Initiated GC) [PSYoungGen: 161098K->64787K(175104K)] 476612K->393276K(699392K), 0.0076726 secs] [Times: user=0.07 sys=0.00, real=0.01 secs] 
2016-09-25T23:53:53.439-0400: 58.214: [GC (GCLocker Initiated GC) [PSYoungGen: 152851K->67259K(175104K)] 486832K->403455K(699392K), 0.0063264 secs] [Times: user=0.09 sys=0.00, real=0.01 secs] 
2016-09-25T23:53:53.495-0400: 58.270: [GC (GCLocker Initiated GC) [PSYoungGen: 155323K->63074K(175104K)] 491595K->414849K(699392K), 0.0089531 secs] [Times: user=0.14 sys=0.00, real=0.01 secs] 
2016-09-25T23:53:53.544-0400: 58.319: [GC (GCLocker Initiated GC) [PSYoungGen: 151138K->75408K(175104K)] 505650K->442600K(699392K), 0.0092432 secs] [Times: user=0.13 sys=0.00, real=0.00 secs] 
2016-09-25T23:53:53.600-0400: 58.375: [GC (GCLocker Initiated GC) [PSYoungGen: 163472K->76953K(175104K)] 538822K->457007K(699392K), 0.0092918 secs] [Times: user=0.14 sys=0.00, real=0.01 secs] 
2016-09-25T23:53:53.663-0400: 58.437: [GC (GCLocker Initiated GC) [PSYoungGen: 165017K->63405K(175104K)] 562739K->464668K(699392K), 0.0059569 secs] [Times: user=0.08 sys=0.00, real=0.00 secs] 
2016-09-25T23:53:53.726-0400: 58.501: [GC (GCLocker Initiated GC) [PSYoungGen: 151469K->40224K(175104K)] 558171K->466621K(699392K), 0.0088309 secs] [Times: user=0.08 sys=0.01, real=0.01 secs] 
2016-09-25T23:53:53.776-0400: 58.550: [GC (GCLocker Initiated GC) [PSYoungGen: 128288K->67520K(175104K)] 557493K->501377K(699392K), 0.0089095 secs] [Times: user=0.11 sys=0.00, real=0.01 secs] 
2016-09-25T23:53:53.824-0400: 58.599: [GC (GCLocker Initiated GC) [PSYoungGen: 155584K->74361K(175104K)] 594979K->545573K(699392K), 0.0082838 secs] [Times: user=0.13 sys=0.00, real=0.00 secs] 
2016-09-25T23:53:53.877-0400: 58.651: [GC (GCLocker Initiated GC) [PSYoungGen: 162425K->71455K(175104K)] 636809K->585922K(699392K), 0.0101489 secs] [Times: user=0.13 sys=0.00, real=0.01 secs] 
2016-09-25T23:53:53.887-0400: 58.661: [Full GC (Ergonomics) [PSYoungGen: 71455K->0K(175104K)] [ParOldGen: 514466K->290805K(524288K)] 585922K->290805K(699392K), [Metaspace: 43685K->43685K(1087488K)], 0.0495685 secs] [Times: user=0.34 sys=0.01, real=0.05 secs] 
2016-09-25T23:53:53.991-0400: 58.765: [GC (GCLocker Initiated GC) [PSYoungGen: 88064K->70700K(175104K)] 383136K->365773K(699392K), 0.0130415 secs] [Times: user=0.18 sys=0.00, real=0.02 secs] 
2016-09-25T23:53:54.051-0400: 58.826: [GC (GCLocker Initiated GC) [PSYoungGen: 158764K->59045K(175104K)] 453944K->370278K(699392K), 0.0098390 secs] [Times: user=0.12 sys=0.01, real=0.01 secs] 
2016-09-25T23:53:54.099-0400: 58.873: [GC (GCLocker Initiated GC) [PSYoungGen: 147109K->80836K(175104K)] 458498K->408988K(699392K), 0.0106051 secs] [Times: user=0.17 sys=0.00, real=0.01 secs] 
2016-09-25T23:53:54.165-0400: 58.940: [GC (GCLocker Initiated GC) [PSYoungGen: 168900K->59174K(175104K)] 497100K->428616K(699392K), 0.0148853 secs] [Times: user=0.20 sys=0.00, real=0.01 secs] 
2016-09-25T23:53:54.228-0400: 59.003: [GC (GCLocker Initiated GC) [PSYoungGen: 147238K->52718K(175104K)] 527600K->464834K(699392K), 0.0095410 secs] [Times: user=0.09 sys=0.01, real=0.01 secs] 
2016-09-25T23:53:54.273-0400: 59.048: [GC (GCLocker Initiated GC) [PSYoungGen: 140782K->80884K(175104K)] 552966K->518314K(699392K), 0.0080360 secs] [Times: user=0.11 sys=0.00, real=0.01 secs] 
2016-09-25T23:53:54.326-0400: 59.101: [GC (GCLocker Initiated GC) [PSYoungGen: 168948K->63292K(175104K)] 609163K->523121K(699392K), 0.0095835 secs] [Times: user=0.13 sys=0.00, real=0.01 secs] 
2016-09-25T23:53:54.380-0400: 59.155: [GC (GCLocker Initiated GC) [PSYoungGen: 151356K->71392K(175104K)] 611342K->555049K(699392K), 0.0102193 secs] [Times: user=0.08 sys=0.00, real=0.01 secs] 
2016-09-25T23:53:54.391-0400: 59.165: [Full GC (Ergonomics) [PSYoungGen: 71392K->0K(175104K)] [ParOldGen: 483656K->293263K(524288K)] 555049K->293263K(699392K), [Metaspace: 43689K->43689K(1087488K)], 0.0665016 secs] [Times: user=0.49 sys=0.01, real=0.07 secs] 
2016-09-25T23:53:54.504-0400: 59.279: [GC (GCLocker Initiated GC) [PSYoungGen: 88064K->81498K(175104K)] 390890K->384325K(699392K), 0.0072076 secs] [Times: user=0.09 sys=0.00, real=0.00 secs] 
2016-09-25T23:53:54.561-0400: 59.336: [GC (GCLocker Initiated GC) [PSYoungGen: 169562K->55081K(175104K)] 476727K->377137K(699392K), 0.0094187 secs] [Times: user=0.12 sys=0.00, real=0.01 secs] 
2016-09-25T23:53:54.619-0400: 59.394: [GC (GCLocker Initiated GC) [PSYoungGen: 143145K->74039K(175104K)] 468047K->418434K(699392K), 0.0112050 secs] [Times: user=0.11 sys=0.00, real=0.01 secs] 
2016-09-25T23:53:54.698-0400: 59.473: [GC (GCLocker Initiated GC) [PSYoungGen: 162103K->60467K(175104K)] 509882K->416956K(699392K), 0.0101772 secs] [Times: user=0.11 sys=0.01, real=0.01 secs] 
2016-09-25T23:53:54.759-0400: 59.533: [GC (GCLocker Initiated GC) [PSYoungGen: 148531K->72533K(175104K)] 510621K->452788K(699392K), 0.0093035 secs] [Times: user=0.13 sys=0.00, real=0.01 secs] 
2016-09-25T23:53:54.816-0400: 59.591: [GC (GCLocker Initiated GC) [PSYoungGen: 160597K->55141K(175104K)] 549131K->463070K(699392K), 0.0065568 secs] [Times: user=0.08 sys=0.00, real=0.01 secs] 
2016-09-25T23:53:54.882-0400: 59.657: [GC (GCLocker Initiated GC) [PSYoungGen: 143205K->57620K(175104K)] 551209K->475739K(699392K), 0.0100200 secs] [Times: user=0.14 sys=0.00, real=0.01 secs] 
2016-09-25T23:53:54.965-0400: 59.740: [GC (GCLocker Initiated GC) [PSYoungGen: 145684K->56626K(175104K)] 564064K->490388K(699392K), 0.0083800 secs] [Times: user=0.09 sys=0.00, real=0.00 secs] 
2016-09-25T23:53:55.014-0400: 59.789: [GC (GCLocker Initiated GC) [PSYoungGen: 144690K->57946K(175104K)] 581305K->503494K(699392K), 0.0063725 secs] [Times: user=0.07 sys=0.00, real=0.01 secs] 
2016-09-25T23:53:55.066-0400: 59.840: [GC (GCLocker Initiated GC) [PSYoungGen: 146010K->60513K(148992K)] 594305K->525850K(673280K), 0.0086957 secs] [Times: user=0.13 sys=0.00, real=0.01 secs] 
2016-09-25T23:53:55.142-0400: 59.916: [GC (GCLocker Initiated GC) [PSYoungGen: 148577K->41905K(174080K)] 616703K->540387K(698368K), 0.0176417 secs] [Times: user=0.23 sys=0.00, real=0.02 secs] 
2016-09-25T23:53:55.159-0400: 59.934: [Full GC (Ergonomics) [PSYoungGen: 41905K->0K(174080K)] [ParOldGen: 498482K->295538K(524288K)] 540387K->295538K(698368K), [Metaspace: 43690K->43690K(1087488K)], 0.0663317 secs] [Times: user=0.65 sys=0.00, real=0.07 secs] 
2016-09-25T23:53:55.282-0400: 60.057: [GC (GCLocker Initiated GC) [PSYoungGen: 87552K->71959K(174592K)] 383258K->367665K(698880K), 0.0118458 secs] [Times: user=0.17 sys=0.00, real=0.01 secs] 
2016-09-25T23:53:55.358-0400: 60.133: [GC (GCLocker Initiated GC) [PSYoungGen: 159511K->59165K(175104K)] 458061K->365768K(699392K), 0.0121894 secs] [Times: user=0.09 sys=0.01, real=0.01 secs] 
2016-09-25T23:53:55.418-0400: 60.193: [GC (GCLocker Initiated GC) [PSYoungGen: 147229K->52521K(140800K)] 462041K->374846K(665088K), 0.0066228 secs] [Times: user=0.07 sys=0.00, real=0.01 secs] 
2016-09-25T23:53:55.457-0400: 60.231: [GC (GCLocker Initiated GC) [PSYoungGen: 140585K->65915K(175616K)] 465801K->404106K(699904K), 0.0076032 secs] [Times: user=0.09 sys=0.00, real=0.01 secs] 
2016-09-25T23:53:55.541-0400: 60.316: [GC (GCLocker Initiated GC) [PSYoungGen: 155003K->63354K(152576K)] 504205K->413159K(676864K), 0.0184694 secs] [Times: user=0.20 sys=0.00, real=0.02 secs] 
2016-09-25T23:53:55.613-0400: 60.388: [GC (GCLocker Initiated GC) [PSYoungGen: 152442K->57362K(175616K)] 505196K->414912K(699904K), 0.0113077 secs] [Times: user=0.09 sys=0.00, real=0.02 secs] 
2016-09-25T23:53:55.666-0400: 60.441: [GC (GCLocker Initiated GC) [PSYoungGen: 149010K->80836K(174080K)] 509413K->453827K(698368K), 0.0079548 secs] [Times: user=0.09 sys=0.00, real=0.01 secs] 
2016-09-25T23:53:55.735-0400: 60.510: [GC (GCLocker Initiated GC) [PSYoungGen: 172484K->50976K(175104K)] 549964K->449435K(699392K), 0.0209785 secs] [Times: user=0.27 sys=0.00, real=0.02 secs] 
2016-09-25T23:53:55.818-0400: 60.593: [GC (GCLocker Initiated GC) [PSYoungGen: 139040K->70062K(175104K)] 540340K->493593K(699392K), 0.0067883 secs] [Times: user=0.08 sys=0.00, real=0.01 secs] 
2016-09-25T23:53:55.870-0400: 60.645: [GC (GCLocker Initiated GC) [PSYoungGen: 158125K->59402K(173056K)] 587301K->509595K(697344K), 0.0069633 secs] [Times: user=0.10 sys=0.00, real=0.01 secs] 
2016-09-25T23:53:55.929-0400: 60.703: [GC (GCLocker Initiated GC) [PSYoungGen: 147466K->59064K(174080K)] 597692K->512894K(698368K), 0.0089868 secs] [Times: user=0.12 sys=0.00, real=0.01 secs] 
2016-09-25T23:53:56.003-0400: 60.777: [GC (GCLocker Initiated GC) [PSYoungGen: 147128K->53645K(175616K)] 601214K->521817K(699904K), 0.0123955 secs] [Times: user=0.09 sys=0.01, real=0.01 secs] 
2016-09-25T23:53:56.059-0400: 60.834: [GC (GCLocker Initiated GC) [PSYoungGen: 145293K->82417K(175104K)] 620465K->567606K(699392K), 0.0084502 secs] [Times: user=0.12 sys=0.00, real=0.01 secs] 
2016-09-25T23:53:56.116-0400: 60.891: [GC (GCLocker Initiated GC) [PSYoungGen: 174065K->61899K(175616K)] 664799K->576508K(699904K), 0.0072535 secs] [Times: user=0.09 sys=0.00, real=0.01 secs] 
2016-09-25T23:53:56.123-0400: 60.898: [Full GC (Ergonomics) [PSYoungGen: 61899K->0K(175616K)] [ParOldGen: 514609K->304611K(524288K)] 576508K->304611K(699904K), [Metaspace: 43690K->43690K(1087488K)], 0.0541036 secs] [Times: user=0.41 sys=0.00, real=0.05 secs] 
2016-09-25T23:53:56.228-0400: 61.003: [GC (GCLocker Initiated GC) [PSYoungGen: 88576K->67748K(156672K)] 393334K->372506K(680960K), 0.0075145 secs] [Times: user=0.10 sys=0.00, real=0.01 secs] 
2016-09-25T23:53:56.276-0400: 61.051: [GC (GCLocker Initiated GC) [PSYoungGen: 156324K->63618K(176640K)] 463884K->391232K(700928K), 0.0097319 secs] [Times: user=0.12 sys=0.00, real=0.01 secs] 
2016-09-25T23:53:56.339-0400: 61.113: [GC (GCLocker Initiated GC) [PSYoungGen: 154242K->64637K(174592K)] 484776K->413658K(698880K), 0.0106033 secs] [Times: user=0.16 sys=0.00, real=0.01 secs] 
2016-09-25T23:53:56.407-0400: 61.182: [GC (GCLocker Initiated GC) [PSYoungGen: 155261K->61836K(176128K)] 509915K->430681K(700416K), 0.0071494 secs] [Times: user=0.08 sys=0.00, real=0.01 secs] 
2016-09-25T23:53:56.465-0400: 61.240: [GC (GCLocker Initiated GC) [PSYoungGen: 155532K->68656K(174592K)] 524598K->446484K(698880K), 0.0081127 secs] [Times: user=0.11 sys=0.00, real=0.00 secs] 
2016-09-25T23:53:56.521-0400: 61.296: [GC (GCLocker Initiated GC) [PSYoungGen: 162352K->71362K(178688K)] 541666K->463526K(702976K), 0.0217432 secs] [Times: user=0.25 sys=0.01, real=0.03 secs] 
2016-09-25T23:53:56.597-0400: 61.372: [GC (Allocation Failure) [PSYoungGen: 169154K->53561K(179712K)] 570825K->470812K(704000K), 0.0094055 secs] [Times: user=0.08 sys=0.00, real=0.01 secs] 
2016-09-25T23:53:56.607-0400: 61.382: [GC (GCLocker Initiated GC) [PSYoungGen: 54063K->32K(170496K)] 471314K->497677K(694784K), 0.0060803 secs] [Times: user=0.08 sys=0.00, real=0.00 secs] 
2016-09-25T23:53:56.614-0400: 61.388: [Full GC (Ergonomics) [PSYoungGen: 32K->0K(170496K)] [ParOldGen: 497645K->307818K(524288K)] 497677K->307818K(694784K), [Metaspace: 43694K->43694K(1087488K)], 0.0629469 secs] [Times: user=0.48 sys=0.03, real=0.07 secs] 
2016-09-25T23:53:56.732-0400: 61.507: [GC (GCLocker Initiated GC) [PSYoungGen: 86170K->63814K(175104K)] 396688K->374332K(699392K), 0.0081778 secs] [Times: user=0.14 sys=0.00, real=0.01 secs] 
2016-09-25T23:53:56.793-0400: 61.567: [GC (GCLocker Initiated GC) [PSYoungGen: 151878K->61869K(175104K)] 467849K->391247K(699392K), 0.0065236 secs] [Times: user=0.09 sys=0.01, real=0.01 secs] 
2016-09-25T23:53:56.841-0400: 61.616: [GC (GCLocker Initiated GC) [PSYoungGen: 149933K->64652K(175104K)] 479317K->414958K(699392K), 0.0068955 secs] [Times: user=0.09 sys=0.01, real=0.01 secs] 
2016-09-25T23:53:56.907-0400: 61.682: [GC (GCLocker Initiated GC) [PSYoungGen: 152716K->59328K(171008K)] 508526K->432072K(695296K), 0.0070523 secs] [Times: user=0.09 sys=0.01, real=0.01 secs] 
2016-09-25T23:53:56.966-0400: 61.741: [GC (GCLocker Initiated GC) [PSYoungGen: 147392K->66093K(173056K)] 520181K->465322K(697344K), 0.0076012 secs] [Times: user=0.09 sys=0.00, real=0.00 secs] 
2016-09-25T23:53:57.010-0400: 61.784: [GC (GCLocker Initiated GC) [PSYoungGen: 154157K->60658K(173056K)] 557501K->498553K(697344K), 0.0100863 secs] [Times: user=0.16 sys=0.00, real=0.01 secs] 
2016-09-25T23:53:57.070-0400: 61.844: [GC (Allocation Failure) [PSYoungGen: 152818K->60592K(175104K)] 590961K->499506K(699392K), 0.0182989 secs] [Times: user=0.28 sys=0.00, real=0.02 secs] 
2016-09-25T23:53:57.142-0400: 61.917: [GC (GCLocker Initiated GC) [PSYoungGen: 150323K->58830K(175104K)] 591936K->507977K(699392K), 0.0088497 secs] [Times: user=0.11 sys=0.00, real=0.00 secs] 
2016-09-25T23:53:57.205-0400: 61.980: [GC (GCLocker Initiated GC) [PSYoungGen: 157134K->70196K(177152K)] 606337K->521081K(701440K), 0.0068028 secs] [Times: user=0.10 sys=0.00, real=0.00 secs] 
2016-09-25T23:53:57.272-0400: 62.047: [GC (GCLocker Initiated GC) [PSYoungGen: 168500K->80823K(169984K)] 622149K->540662K(694272K), 0.0074942 secs] [Times: user=0.12 sys=0.00, real=0.01 secs] 
2016-09-25T23:53:57.335-0400: 62.109: [GC (GCLocker Initiated GC) [PSYoungGen: 169911K->46899K(175616K)] 640721K->534521K(699904K), 0.0101184 secs] [Times: user=0.10 sys=0.00, real=0.01 secs] 
2016-09-25T23:53:57.345-0400: 62.120: [Full GC (Ergonomics) [PSYoungGen: 46899K->0K(175616K)] [ParOldGen: 487622K->312992K(524288K)] 534521K->312992K(699904K), [Metaspace: 43695K->43695K(1087488K)], 0.0612901 secs] [Times: user=0.53 sys=0.00, real=0.06 secs] 
2016-09-25T23:53:57.461-0400: 62.235: [GC (GCLocker Initiated GC) [PSYoungGen: 89088K->67619K(175616K)] 403107K->381638K(699904K), 0.0121243 secs] [Times: user=0.15 sys=0.00, real=0.01 secs] 
2016-09-25T23:53:57.512-0400: 62.286: [GC (GCLocker Initiated GC) [PSYoungGen: 156707K->64717K(154112K)] 470887K->398794K(678400K), 0.0098987 secs] [Times: user=0.11 sys=0.00, real=0.01 secs] 
2016-09-25T23:53:57.576-0400: 62.350: [GC (GCLocker Initiated GC) [PSYoungGen: 153805K->62137K(176128K)] 497490K->412185K(700416K), 0.0088405 secs] [Times: user=0.10 sys=0.00, real=0.01 secs] 
2016-09-25T23:53:57.648-0400: 62.422: [GC (GCLocker Initiated GC) [PSYoungGen: 153273K->40245K(174080K)] 518405K->442637K(698368K), 0.0090556 secs] [Times: user=0.11 sys=0.00, real=0.01 secs] 
2016-09-25T23:53:57.713-0400: 62.487: [GC (GCLocker Initiated GC) [PSYoungGen: 131381K->68718K(175616K)] 540633K->482571K(699904K), 0.0117670 secs] [Times: user=0.15 sys=0.00, real=0.02 secs] 
2016-09-25T23:53:57.775-0400: 62.550: [GC (GCLocker Initiated GC) [PSYoungGen: 159854K->75290K(166912K)] 573789K->507601K(691200K), 0.0123211 secs] [Times: user=0.11 sys=0.00, real=0.01 secs] 
2016-09-25T23:53:57.824-0400: 62.599: [GC (GCLocker Initiated GC) [PSYoungGen: 166426K->75755K(175104K)] 601713K->535930K(699392K), 0.0099674 secs] [Times: user=0.13 sys=0.00, real=0.00 secs] 
2016-09-25T23:53:57.879-0400: 62.654: [GC (GCLocker Initiated GC) [PSYoungGen: 163819K->57804K(175104K)] 627159K->531406K(699392K), 0.0067925 secs] [Times: user=0.08 sys=0.00, real=0.01 secs] 
2016-09-25T23:53:57.934-0400: 62.708: [GC (GCLocker Initiated GC) [PSYoungGen: 145868K->70222K(175104K)] 624970K->562157K(699392K), 0.0094859 secs] [Times: user=0.13 sys=0.00, real=0.02 secs] 
2016-09-25T23:53:57.943-0400: 62.718: [Full GC (Ergonomics) [PSYoungGen: 70222K->0K(175104K)] [ParOldGen: 491934K->322848K(524288K)] 562157K->322848K(699392K), [Metaspace: 43695K->43695K(1087488K)], 0.0646741 secs] [Times: user=0.61 sys=0.00, real=0.06 secs] 
2016-09-25T23:53:58.064-0400: 62.838: [GC (GCLocker Initiated GC) [PSYoungGen: 88064K->65241K(175104K)] 415053K->392231K(699392K), 0.0065996 secs] [Times: user=0.07 sys=0.00, real=0.00 secs] 
2016-09-25T23:53:58.120-0400: 62.895: [GC (GCLocker Initiated GC) [PSYoungGen: 153305K->59255K(172032K)] 488523K->409260K(696320K), 0.0090041 secs] [Times: user=0.12 sys=0.00, real=0.01 secs] 
2016-09-25T23:53:58.172-0400: 62.947: [GC (GCLocker Initiated GC) [PSYoungGen: 147319K->74162K(173568K)] 500104K->430348K(697856K), 0.0067752 secs] [Times: user=0.09 sys=0.00, real=0.01 secs] 
2016-09-25T23:53:58.228-0400: 63.003: [GC (Allocation Failure) [PSYoungGen: 162226K->86186K(175104K)] 522625K->455406K(699392K), 0.0078684 secs] [Times: user=0.12 sys=0.00, real=0.01 secs] 
2016-09-25T23:53:58.280-0400: 63.054: [GC (GCLocker Initiated GC) [PSYoungGen: 172609K->70223K(175104K)] 544529K->454980K(699392K), 0.0071354 secs] [Times: user=0.10 sys=0.00, real=0.01 secs] 
2016-09-25T23:53:58.336-0400: 63.111: [GC (GCLocker Initiated GC) [PSYoungGen: 158287K->82121K(175104K)] 543261K->482822K(699392K), 0.0073420 secs] [Times: user=0.11 sys=0.00, real=0.01 secs] 
2016-09-25T23:53:58.399-0400: 63.174: [GC (GCLocker Initiated GC) [PSYoungGen: 170185K->39191K(175104K)] 576306K->455403K(699392K), 0.0139536 secs] [Times: user=0.14 sys=0.01, real=0.01 secs] 
2016-09-25T23:53:58.468-0400: 63.243: [GC (GCLocker Initiated GC) [PSYoungGen: 127255K->75396K(175104K)] 543503K->499354K(699392K), 0.0075385 secs] [Times: user=0.10 sys=0.01, real=0.01 secs] 
2016-09-25T23:53:58.516-0400: 63.290: [GC (GCLocker Initiated GC) [PSYoungGen: 163460K->71694K(175104K)] 588845K->512583K(699392K), 0.0105674 secs] [Times: user=0.12 sys=0.00, real=0.01 secs] 
2016-09-25T23:53:58.582-0400: 63.357: [GC (GCLocker Initiated GC) [PSYoungGen: 159758K->33445K(175104K)] 610231K->514503K(699392K), 0.0136831 secs] [Times: user=0.13 sys=0.00, real=0.01 secs] 
2016-09-25T23:53:58.649-0400: 63.423: [GC (GCLocker Initiated GC) [PSYoungGen: 121509K->71461K(175104K)] 605297K->568228K(699392K), 0.0096517 secs] [Times: user=0.11 sys=0.00, real=0.01 secs] 
2016-09-25T23:53:58.658-0400: 63.433: [Full GC (Ergonomics) [PSYoungGen: 71461K->0K(175104K)] [ParOldGen: 496766K->323489K(524288K)] 568228K->323489K(699392K), [Metaspace: 43695K->43695K(1087488K)], 0.0630339 secs] [Times: user=0.56 sys=0.00, real=0.06 secs] 
2016-09-25T23:53:58.775-0400: 63.549: [GC (GCLocker Initiated GC) [PSYoungGen: 88064K->70647K(175104K)] 414376K->396960K(699392K), 0.0086760 secs] [Times: user=0.09 sys=0.01, real=0.01 secs] 
2016-09-25T23:53:58.839-0400: 63.614: [GC (GCLocker Initiated GC) [PSYoungGen: 158711K->64964K(175104K)] 498615K->419737K(699392K), 0.0103429 secs] [Times: user=0.14 sys=0.00, real=0.01 secs] 
2016-09-25T23:53:58.903-0400: 63.678: [GC (GCLocker Initiated GC) [PSYoungGen: 153028K->60657K(175104K)] 508600K->440241K(699392K), 0.0069801 secs] [Times: user=0.10 sys=0.00, real=0.00 secs] 
2016-09-25T23:53:58.950-0400: 63.725: [GC (GCLocker Initiated GC) [PSYoungGen: 148721K->64750K(175104K)] 528377K->470849K(699392K), 0.0096980 secs] [Times: user=0.14 sys=0.00, real=0.01 secs] 
2016-09-25T23:53:59.014-0400: 63.789: [GC (GCLocker Initiated GC) [PSYoungGen: 152814K->54102K(175104K)] 563031K->512305K(699392K), 0.0085951 secs] [Times: user=0.08 sys=0.01, real=0.01 secs] 
2016-09-25T23:53:59.074-0400: 63.849: [GC (GCLocker Initiated GC) [PSYoungGen: 142166K->56717K(175104K)] 605915K->540329K(699392K), 0.0101883 secs] [Times: user=0.09 sys=0.00, real=0.01 secs] 
2016-09-25T23:53:59.085-0400: 63.859: [Full GC (Ergonomics) [PSYoungGen: 56717K->0K(175104K)] [ParOldGen: 483612K->324237K(524288K)] 540329K->324237K(699392K), [Metaspace: 43697K->43697K(1087488K)], 0.0558824 secs] [Times: user=0.47 sys=0.01, real=0.05 secs] 
2016-09-25T23:53:59.192-0400: 63.966: [GC (GCLocker Initiated GC) [PSYoungGen: 88064K->50357K(175104K)] 419351K->381645K(699392K), 0.0093767 secs] [Times: user=0.07 sys=0.01, real=0.01 secs] 
2016-09-25T23:53:59.260-0400: 64.035: [GC (GCLocker Initiated GC) [PSYoungGen: 138421K->55205K(143360K)] 471098K->410848K(667648K), 0.0094004 secs] [Times: user=0.13 sys=0.00, real=0.01 secs] 
2016-09-25T23:53:59.317-0400: 64.091: [GC (GCLocker Initiated GC) [PSYoungGen: 143269K->78252K(173056K)] 499064K->453763K(697344K), 0.0100914 secs] [Times: user=0.16 sys=0.01, real=0.01 secs] 
2016-09-25T23:53:59.369-0400: 64.143: [GC (Allocation Failure) [PSYoungGen: 165292K->59655K(174080K)] 542219K->449526K(698368K), 0.0081016 secs] [Times: user=0.08 sys=0.00, real=0.01 secs] 
2016-09-25T23:53:59.424-0400: 64.199: [GC (GCLocker Initiated GC) [PSYoungGen: 146695K->56452K(173056K)] 536579K->473119K(697344K), 0.0068338 secs] [Times: user=0.09 sys=0.00, real=0.00 secs] 
2016-09-25T23:53:59.465-0400: 64.240: [GC (GCLocker Initiated GC) [PSYoungGen: 144516K->74488K(174080K)] 561271K->505410K(698368K), 0.0070978 secs] [Times: user=0.11 sys=0.00, real=0.00 secs] 
2016-09-25T23:53:59.530-0400: 64.305: [GC (GCLocker Initiated GC) [PSYoungGen: 162552K->61966K(175104K)] 593780K->516959K(699392K), 0.0110548 secs] [Times: user=0.12 sys=0.01, real=0.01 secs] 
2016-09-25T23:53:59.618-0400: 64.392: [GC (GCLocker Initiated GC) [PSYoungGen: 151054K->63482K(152576K)] 608807K->546406K(676864K), 0.0093457 secs] [Times: user=0.11 sys=0.00, real=0.01 secs] 
2016-09-25T23:53:59.672-0400: 64.447: [Full GC (Ergonomics) [PSYoungGen: 152570K->0K(152576K)] [ParOldGen: 488370K->324234K(524288K)] 640941K->324234K(676864K), [Metaspace: 43697K->43697K(1087488K)], 0.0509639 secs] [Times: user=0.48 sys=0.00, real=0.06 secs] 
2016-09-25T23:53:59.800-0400: 64.575: [GC (GCLocker Initiated GC) [PSYoungGen: 89088K->69494K(173568K)] 416256K->396663K(697856K), 0.0357160 secs] [Times: user=0.38 sys=0.01, real=0.04 secs] 
2016-09-25T23:53:59.898-0400: 64.673: [GC (GCLocker Initiated GC) [PSYoungGen: 159094K->51017K(174080K)] 486363K->397343K(698368K), 0.0092384 secs] [Times: user=0.08 sys=0.00, real=0.01 secs] 
2016-09-25T23:53:59.963-0400: 64.738: [GC (GCLocker Initiated GC) [PSYoungGen: 140617K->54011K(175616K)] 495322K->413386K(699904K), 0.0104482 secs] [Times: user=0.08 sys=0.01, real=0.00 secs] 
2016-09-25T23:54:00.061-0400: 64.835: [GC (GCLocker Initiated GC) [PSYoungGen: 147195K->52620K(176640K)] 506746K->425283K(700928K), 0.0208492 secs] [Times: user=0.24 sys=0.00, real=0.02 secs] 
2016-09-25T23:54:00.131-0400: 64.906: [GC (GCLocker Initiated GC) [PSYoungGen: 145804K->54008K(176128K)] 524063K->462823K(700416K), 0.0098863 secs] [Times: user=0.14 sys=0.00, real=0.01 secs] 
2016-09-25T23:54:00.221-0400: 64.996: [GC (GCLocker Initiated GC) [PSYoungGen: 149752K->66181K(177664K)] 558633K->485410K(701952K), 0.0108450 secs] [Times: user=0.11 sys=0.00, real=0.01 secs] 
2016-09-25T23:54:00.297-0400: 65.071: [GC (GCLocker Initiated GC) [PSYoungGen: 161925K->78473K(171008K)] 583886K->510809K(695296K), 0.0088224 secs] [Times: user=0.14 sys=0.00, real=0.01 secs] 
2016-09-25T23:54:00.357-0400: 65.132: [GC (GCLocker Initiated GC) [PSYoungGen: 167561K->44491K(133632K)] 605424K->491424K(657920K), 0.0132652 secs] [Times: user=0.08 sys=0.02, real=0.01 secs] 
2016-09-25T23:54:00.458-0400: 65.233: [GC (GCLocker Initiated GC) [PSYoungGen: 133579K->67478K(175104K)] 583383K->530283K(699392K), 0.0140551 secs] [Times: user=0.13 sys=0.02, real=0.01 secs] 
2016-09-25T23:54:00.527-0400: 65.301: [GC (GCLocker Initiated GC) [PSYoungGen: 155542K->79583K(175104K)] 621061K->562214K(699392K), 0.0081581 secs] [Times: user=0.10 sys=0.00, real=0.01 secs] 
2016-09-25T23:54:00.582-0400: 65.357: [GC (GCLocker Initiated GC) [PSYoungGen: 167647K->64740K(175104K)] 655826K->559105K(699392K), 0.0114197 secs] [Times: user=0.10 sys=0.01, real=0.01 secs] 
2016-09-25T23:54:00.594-0400: 65.368: [Full GC (Ergonomics) [PSYoungGen: 64740K->0K(175104K)] [ParOldGen: 494365K->333931K(524288K)] 559105K->333931K(699392K), [Metaspace: 43741K->43741K(1087488K)], 0.0917909 secs] [Times: user=0.61 sys=0.02, real=0.10 secs] 
2016-09-25T23:54:00.735-0400: 65.510: [GC (GCLocker Initiated GC) [PSYoungGen: 88064K->38004K(175104K)] 433005K->382946K(699392K), 0.0187822 secs] [Times: user=0.18 sys=0.00, real=0.01 secs] 
2016-09-25T23:54:00.796-0400: 65.571: [GC (GCLocker Initiated GC) [PSYoungGen: 126068K->49642K(175104K)] 476540K->425736K(699392K), 0.0159913 secs] [Times: user=0.15 sys=0.00, real=0.01 secs] 
2016-09-25T23:54:00.892-0400: 65.667: [GC (GCLocker Initiated GC) [PSYoungGen: 137706K->45560K(175104K)] 519256K->457585K(699392K), 0.0105256 secs] [Times: user=0.15 sys=0.00, real=0.02 secs] 
2016-09-25T23:54:00.967-0400: 65.742: [GC (GCLocker Initiated GC) [PSYoungGen: 133624K->74501K(175104K)] 560672K->503461K(699392K), 0.0074502 secs] [Times: user=0.11 sys=0.00, real=0.01 secs] 
2016-09-25T23:54:01.024-0400: 65.799: [GC (GCLocker Initiated GC) [PSYoungGen: 162565K->52319K(175104K)] 602488K->512247K(699392K), 0.0076167 secs] [Times: user=0.08 sys=0.00, real=0.00 secs] 
2016-09-25T23:54:01.088-0400: 65.863: [GC (GCLocker Initiated GC) [PSYoungGen: 140383K->44384K(175104K)] 613907K->563061K(699392K), 0.0080808 secs] [Times: user=0.11 sys=0.00, real=0.01 secs] 
2016-09-25T23:54:01.097-0400: 65.871: [Full GC (Ergonomics) [PSYoungGen: 44384K->0K(175104K)] [ParOldGen: 518677K->339792K(524288K)] 563061K->339792K(699392K), [Metaspace: 43741K->43741K(1087488K)], 0.0579914 secs] [Times: user=0.52 sys=0.01, real=0.06 secs] 
2016-09-25T23:54:01.204-0400: 65.978: [GC (GCLocker Initiated GC) [PSYoungGen: 88064K->77255K(175104K)] 430581K->419772K(699392K), 0.0097689 secs] [Times: user=0.13 sys=0.00, real=0.00 secs] 
2016-09-25T23:54:01.259-0400: 66.034: [GC (GCLocker Initiated GC) [PSYoungGen: 165319K->82167K(175104K)] 516194K->446402K(699392K), 0.0109920 secs] [Times: user=0.11 sys=0.01, real=0.01 secs] 
2016-09-25T23:54:01.328-0400: 66.103: [GC (GCLocker Initiated GC) [PSYoungGen: 170231K->57773K(175104K)] 539936K->441629K(699392K), 0.0071994 secs] [Times: user=0.08 sys=0.01, real=0.01 secs] 
2016-09-25T23:54:01.396-0400: 66.171: [GC (GCLocker Initiated GC) [PSYoungGen: 145837K->52641K(175104K)] 547469K->460291K(699392K), 0.0090186 secs] [Times: user=0.07 sys=0.00, real=0.01 secs] 
2016-09-25T23:54:01.453-0400: 66.227: [GC (GCLocker Initiated GC) [PSYoungGen: 140705K->65745K(175104K)] 549816K->478481K(699392K), 0.0069149 secs] [Times: user=0.09 sys=0.00, real=0.01 secs] 
2016-09-25T23:54:01.517-0400: 66.291: [GC (GCLocker Initiated GC) [PSYoungGen: 153809K->64563K(175104K)] 573537K->491546K(699392K), 0.0091583 secs] [Times: user=0.10 sys=0.00, real=0.01 secs] 
2016-09-25T23:54:01.575-0400: 66.349: [GC (GCLocker Initiated GC) [PSYoungGen: 152627K->56232K(175104K)] 585106K->506809K(699392K), 0.0075404 secs] [Times: user=0.08 sys=0.00, real=0.01 secs] 
2016-09-25T23:54:01.631-0400: 66.406: [GC (GCLocker Initiated GC) [PSYoungGen: 144296K->84743K(175104K)] 600362K->554806K(699392K), 0.0083201 secs] [Times: user=0.11 sys=0.00, real=0.01 secs] 
2016-09-25T23:54:01.692-0400: 66.466: [GC (GCLocker Initiated GC) [PSYoungGen: 172807K->53788K(175104K)] 651129K->538041K(699392K), 0.0119079 secs] [Times: user=0.13 sys=0.00, real=0.02 secs] 
2016-09-25T23:54:01.762-0400: 66.537: [GC (GCLocker Initiated GC) [PSYoungGen: 141852K->30385K(175104K)] 630350K->524880K(699392K), 0.0148762 secs] [Times: user=0.15 sys=0.01, real=0.01 secs] 
2016-09-25T23:54:01.777-0400: 66.552: [Full GC (Ergonomics) [PSYoungGen: 30385K->0K(175104K)] [ParOldGen: 494494K->336280K(524288K)] 524880K->336280K(699392K), [Metaspace: 43741K->43741K(1087488K)], 0.0708942 secs] [Times: user=0.40 sys=0.01, real=0.07 secs] 
2016-09-25T23:54:01.882-0400: 66.657: [GC (GCLocker Initiated GC) [PSYoungGen: 88064K->79877K(175104K)] 424392K->416206K(699392K), 0.0106513 secs] [Times: user=0.15 sys=0.01, real=0.00 secs] 
2016-09-25T23:54:01.943-0400: 66.717: [GC (GCLocker Initiated GC) [PSYoungGen: 167941K->70009K(175104K)] 509811K->439976K(699392K), 0.0098260 secs] [Times: user=0.14 sys=0.00, real=0.00 secs] 
2016-09-25T23:54:02.008-0400: 66.783: [GC (GCLocker Initiated GC) [PSYoungGen: 158073K->72753K(175104K)] 540447K->472014K(699392K), 0.0078597 secs] [Times: user=0.11 sys=0.00, real=0.01 secs] 
2016-09-25T23:54:02.064-0400: 66.839: [GC (GCLocker Initiated GC) [PSYoungGen: 160817K->80626K(175104K)] 562923K->487489K(699392K), 0.0098502 secs] [Times: user=0.16 sys=0.00, real=0.01 secs] 
2016-09-25T23:54:02.129-0400: 66.904: [GC (GCLocker Initiated GC) [PSYoungGen: 168690K->55041K(175104K)] 586503K->486854K(699392K), 0.0072784 secs] [Times: user=0.09 sys=0.01, real=0.01 secs] 
2016-09-25T23:54:02.201-0400: 66.975: [GC (GCLocker Initiated GC) [PSYoungGen: 143105K->52371K(175104K)] 584479K->524039K(699392K), 0.0095991 secs] [Times: user=0.14 sys=0.00, real=0.01 secs] 
2016-09-25T23:54:02.264-0400: 67.039: [GC (GCLocker Initiated GC) [PSYoungGen: 140435K->49451K(175104K)] 614948K->529979K(699392K), 0.0085521 secs] [Times: user=0.07 sys=0.00, real=0.00 secs] 
2016-09-25T23:54:02.320-0400: 67.095: [GC (GCLocker Initiated GC) [PSYoungGen: 137515K->52215K(175104K)] 620787K->549562K(699392K), 0.0154392 secs] [Times: user=0.19 sys=0.01, real=0.02 secs] 
2016-09-25T23:54:02.336-0400: 67.111: [Full GC (Ergonomics) [PSYoungGen: 52215K->0K(175104K)] [ParOldGen: 497346K->349132K(524288K)] 549562K->349132K(699392K), [Metaspace: 43741K->43741K(1087488K)], 0.0657932 secs] [Times: user=0.49 sys=0.00, real=0.06 secs] 
2016-09-25T23:54:02.458-0400: 67.233: [GC (GCLocker Initiated GC) [PSYoungGen: 88064K->70280K(175104K)] 440063K->422279K(699392K), 0.0120385 secs] [Times: user=0.15 sys=0.00, real=0.01 secs] 
2016-09-25T23:54:02.518-0400: 67.293: [GC (GCLocker Initiated GC) [PSYoungGen: 158344K->72743K(175104K)] 510432K->432524K(699392K), 0.0149592 secs] [Times: user=0.16 sys=0.00, real=0.01 secs] 
2016-09-25T23:54:02.583-0400: 67.357: [GC (GCLocker Initiated GC) [PSYoungGen: 160807K->52480K(175104K)] 527453K->423965K(699392K), 0.0089891 secs] [Times: user=0.07 sys=0.00, real=0.00 secs] 
2016-09-25T23:54:02.644-0400: 67.418: [GC (GCLocker Initiated GC) [PSYoungGen: 140544K->82117K(175104K)] 516111K->459774K(699392K), 0.0155391 secs] [Times: user=0.23 sys=0.00, real=0.01 secs] 
2016-09-25T23:54:02.715-0400: 67.490: [GC (GCLocker Initiated GC) [PSYoungGen: 170181K->69709K(175104K)] 547906K->473777K(699392K), 0.0079087 secs] [Times: user=0.11 sys=0.01, real=0.01 secs] 
2016-09-25T23:54:02.775-0400: 67.549: [GC (GCLocker Initiated GC) [PSYoungGen: 157773K->60682K(175104K)] 575557K->489669K(699392K), 0.0065315 secs] [Times: user=0.08 sys=0.00, real=0.00 secs] 
2016-09-25T23:54:02.832-0400: 67.607: [GC (GCLocker Initiated GC) [PSYoungGen: 148746K->60422K(175104K)] 586064K->520150K(699392K), 0.0091170 secs] [Times: user=0.11 sys=0.00, real=0.01 secs] 
2016-09-25T23:54:02.889-0400: 67.663: [GC (GCLocker Initiated GC) [PSYoungGen: 148486K->49729K(175104K)] 608804K->537510K(699392K), 0.0077940 secs] [Times: user=0.07 sys=0.00, real=0.01 secs] 
2016-09-25T23:54:02.896-0400: 67.671: [Full GC (Ergonomics) [PSYoungGen: 49729K->0K(175104K)] [ParOldGen: 487780K->344118K(524288K)] 537510K->344118K(699392K), [Metaspace: 43743K->43743K(1087488K)], 0.0587174 secs] [Times: user=0.41 sys=0.00, real=0.06 secs] 
2016-09-25T23:54:03.007-0400: 67.782: [GC (GCLocker Initiated GC) [PSYoungGen: 88064K->66134K(175104K)] 436411K->414482K(699392K), 0.0061367 secs] [Times: user=0.08 sys=0.00, real=0.00 secs] 
2016-09-25T23:54:03.065-0400: 67.839: [GC (GCLocker Initiated GC) [PSYoungGen: 154198K->60605K(175104K)] 508065K->431546K(699392K), 0.0114885 secs] [Times: user=0.16 sys=0.00, real=0.01 secs] 
2016-09-25T23:54:03.140-0400: 67.915: [GC (GCLocker Initiated GC) [PSYoungGen: 148669K->52546K(175104K)] 530650K->450086K(699392K), 0.0089669 secs] [Times: user=0.08 sys=0.00, real=0.01 secs] 
2016-09-25T23:54:03.200-0400: 67.975: [GC (GCLocker Initiated GC) [PSYoungGen: 140610K->55072K(172032K)] 538163K->466880K(696320K), 0.0094062 secs] [Times: user=0.09 sys=0.00, real=0.01 secs] 
2016-09-25T23:54:03.256-0400: 68.031: [GC (GCLocker Initiated GC) [PSYoungGen: 143136K->55049K(173568K)] 557777K->474336K(697856K), 0.0082105 secs] [Times: user=0.11 sys=0.00, real=0.01 secs] 
2016-09-25T23:54:03.306-0400: 68.081: [GC (GCLocker Initiated GC) [PSYoungGen: 143113K->53492K(174592K)] 565373K->496699K(698880K), 0.0141316 secs] [Times: user=0.16 sys=0.00, real=0.01 secs] 
2016-09-25T23:54:03.362-0400: 68.137: [GC (GCLocker Initiated GC) [PSYoungGen: 146164K->76641K(169472K)] 594863K->546130K(693760K), 0.0123877 secs] [Times: user=0.16 sys=0.02, real=0.01 secs] 
2016-09-25T23:54:03.431-0400: 68.206: [GC (GCLocker Initiated GC) [PSYoungGen: 169313K->77993K(175104K)] 648345K->579163K(699392K), 0.0079236 secs] [Times: user=0.11 sys=0.01, real=0.01 secs] 
2016-09-25T23:54:03.439-0400: 68.214: [Full GC (Ergonomics) [PSYoungGen: 77993K->0K(175104K)] [ParOldGen: 501169K->348768K(524288K)] 579163K->348768K(699392K), [Metaspace: 43743K->43743K(1087488K)], 0.2348855 secs] [Times: user=3.42 sys=0.01, real=0.23 secs] 
2016-09-25T23:54:03.727-0400: 68.502: [GC (GCLocker Initiated GC) [PSYoungGen: 88064K->69754K(175104K)] 439581K->421271K(699392K), 0.0070695 secs] [Times: user=0.09 sys=0.00, real=0.01 secs] 
2016-09-25T23:54:03.781-0400: 68.556: [GC (GCLocker Initiated GC) [PSYoungGen: 157818K->56207K(175104K)] 509463K->434011K(699392K), 0.0093544 secs] [Times: user=0.12 sys=0.01, real=0.01 secs] 
2016-09-25T23:54:03.847-0400: 68.622: [GC (GCLocker Initiated GC) [PSYoungGen: 144271K->42752K(175104K)] 524870K->438595K(699392K), 0.0093057 secs] [Times: user=0.10 sys=0.00, real=0.01 secs] 
2016-09-25T23:54:03.903-0400: 68.678: [GC (GCLocker Initiated GC) [PSYoungGen: 130816K->27766K(175104K)] 530517K->448196K(699392K), 0.0077805 secs] [Times: user=0.05 sys=0.00, real=0.00 secs] 
2016-09-25T23:54:03.946-0400: 68.721: [GC (GCLocker Initiated GC) [PSYoungGen: 115830K->82113K(175104K)] 544513K->528873K(699392K), 0.0090373 secs] [Times: user=0.12 sys=0.02, real=0.01 secs] 
2016-09-25T23:54:04.006-0400: 68.781: [GC (GCLocker Initiated GC) [PSYoungGen: 170177K->63080K(175104K)] 626580K->542978K(699392K), 0.0113110 secs] [Times: user=0.10 sys=0.00, real=0.01 secs] 
2016-09-25T23:54:04.067-0400: 68.842: [GC (GCLocker Initiated GC) [PSYoungGen: 151144K->75038K(175104K)] 633780K->575689K(699392K), 0.0088290 secs] [Times: user=0.13 sys=0.00, real=0.01 secs] 
2016-09-25T23:54:04.076-0400: 68.851: [Full GC (Ergonomics) [PSYoungGen: 75038K->0K(175104K)] [ParOldGen: 500650K->346612K(524288K)] 575689K->346612K(699392K), [Metaspace: 43746K->43746K(1087488K)], 0.0582823 secs] [Times: user=0.47 sys=0.00, real=0.06 secs] 
2016-09-25T23:54:04.183-0400: 68.958: [GC (GCLocker Initiated GC) [PSYoungGen: 88064K->36269K(175104K)] 445621K->393827K(699392K), 0.0100269 secs] [Times: user=0.10 sys=0.00, real=0.00 secs] 
2016-09-25T23:54:04.232-0400: 69.007: [GC (GCLocker Initiated GC) [PSYoungGen: 124333K->81825K(175104K)] 481975K->441610K(699392K), 0.0073545 secs] [Times: user=0.07 sys=0.00, real=0.01 secs] 
2016-09-25T23:54:04.295-0400: 69.070: [GC (GCLocker Initiated GC) [PSYoungGen: 169889K->46734K(175104K)] 535150K->458305K(699392K), 0.0076947 secs] [Times: user=0.13 sys=0.00, real=0.01 secs] 
2016-09-25T23:54:04.345-0400: 69.119: [GC (GCLocker Initiated GC) [PSYoungGen: 134798K->72591K(175104K)] 551839K->495450K(699392K), 0.0073486 secs] [Times: user=0.13 sys=0.00, real=0.00 secs] 
2016-09-25T23:54:04.387-0400: 69.162: [GC (GCLocker Initiated GC) [PSYoungGen: 160655K->72613K(175104K)] 586419K->515115K(699392K), 0.0079720 secs] [Times: user=0.12 sys=0.00, real=0.01 secs] 
2016-09-25T23:54:04.451-0400: 69.226: [GC (GCLocker Initiated GC) [PSYoungGen: 160677K->69880K(175104K)] 611391K->522466K(699392K), 0.0120152 secs] [Times: user=0.18 sys=0.00, real=0.02 secs] 
2016-09-25T23:54:04.527-0400: 69.302: [GC (GCLocker Initiated GC) [PSYoungGen: 157944K->67027K(175104K)] 611959K->524244K(699392K), 0.0105956 secs] [Times: user=0.14 sys=0.01, real=0.01 secs] 
2016-09-25T23:54:04.586-0400: 69.361: [GC (GCLocker Initiated GC) [PSYoungGen: 155091K->72459K(175104K)] 612553K->556025K(699392K), 0.0103271 secs] [Times: user=0.15 sys=0.00, real=0.01 secs] 
2016-09-25T23:54:04.596-0400: 69.371: [Full GC (Ergonomics) [PSYoungGen: 72459K->0K(175104K)] [ParOldGen: 483565K->351685K(524288K)] 556025K->351685K(699392K), [Metaspace: 43746K->43746K(1087488K)], 0.0503465 secs] [Times: user=0.47 sys=0.00, real=0.05 secs] 
2016-09-25T23:54:04.699-0400: 69.474: [GC (GCLocker Initiated GC) [PSYoungGen: 88064K->81014K(175104K)] 445239K->438189K(699392K), 0.0116929 secs] [Times: user=0.14 sys=0.01, real=0.01 secs] 
2016-09-25T23:54:04.774-0400: 69.549: [GC (GCLocker Initiated GC) [PSYoungGen: 169078K->40026K(175104K)] 526387K->423863K(699392K), 0.0111880 secs] [Times: user=0.12 sys=0.00, real=0.01 secs] 
2016-09-25T23:54:04.829-0400: 69.604: [GC (GCLocker Initiated GC) [PSYoungGen: 128090K->49520K(175104K)] 517477K->446105K(699392K), 0.0092919 secs] [Times: user=0.09 sys=0.01, real=0.01 secs] 
2016-09-25T23:54:04.882-0400: 69.657: [GC (GCLocker Initiated GC) [PSYoungGen: 137584K->68539K(175104K)] 537035K->487442K(699392K), 0.0081863 secs] [Times: user=0.10 sys=0.01, real=0.01 secs] 
2016-09-25T23:54:04.944-0400: 69.719: [GC (GCLocker Initiated GC) [PSYoungGen: 156603K->67082K(175104K)] 575568K->512236K(699392K), 0.0133499 secs] [Times: user=0.15 sys=0.01, real=0.01 secs] 
2016-09-25T23:54:05.012-0400: 69.786: [GC (GCLocker Initiated GC) [PSYoungGen: 155146K->60380K(175104K)] 603047K->527617K(699392K), 0.0118707 secs] [Times: user=0.11 sys=0.00, real=0.02 secs] 
2016-09-25T23:54:05.072-0400: 69.847: [GC (GCLocker Initiated GC) [PSYoungGen: 148444K->67106K(175104K)] 619829K->560647K(699392K), 0.0081529 secs] [Times: user=0.09 sys=0.00, real=0.01 secs] 
2016-09-25T23:54:05.080-0400: 69.855: [Full GC (Ergonomics) [PSYoungGen: 67106K->0K(175104K)] [ParOldGen: 493541K->351039K(524288K)] 560647K->351039K(699392K), [Metaspace: 43746K->43746K(1087488K)], 0.0557973 secs] [Times: user=0.54 sys=0.01, real=0.06 secs] 
2016-09-25T23:54:05.200-0400: 69.974: [GC (GCLocker Initiated GC) [PSYoungGen: 88064K->79547K(175104K)] 447344K->438827K(699392K), 0.0103311 secs] [Times: user=0.17 sys=0.00, real=0.01 secs] 
2016-09-25T23:54:05.262-0400: 70.037: [GC (GCLocker Initiated GC) [PSYoungGen: 167611K->61564K(175104K)] 535072K->441912K(699392K), 0.0060694 secs] [Times: user=0.08 sys=0.00, real=0.01 secs] 
2016-09-25T23:54:05.301-0400: 70.076: [GC (GCLocker Initiated GC) [PSYoungGen: 149628K->80585K(175104K)] 530030K->485716K(699392K), 0.0094554 secs] [Times: user=0.15 sys=0.00, real=0.01 secs] 
2016-09-25T23:54:05.375-0400: 70.149: [GC (GCLocker Initiated GC) [PSYoungGen: 168649K->40010K(175104K)] 580637K->496956K(699392K), 0.0111541 secs] [Times: user=0.15 sys=0.00, real=0.01 secs] 
2016-09-25T23:54:05.435-0400: 70.210: [GC (GCLocker Initiated GC) [PSYoungGen: 128074K->62882K(175104K)] 586399K->525610K(699392K), 0.0108220 secs] [Times: user=0.12 sys=0.01, real=0.01 secs] 
2016-09-25T23:54:05.489-0400: 70.264: [GC (GCLocker Initiated GC) [PSYoungGen: 150946K->68191K(175104K)] 613767K->546324K(699392K), 0.0073943 secs] [Times: user=0.11 sys=0.00, real=0.01 secs] 
2016-09-25T23:54:05.531-0400: 70.306: [Full GC (Ergonomics) [PSYoungGen: 156255K->0K(175104K)] [ParOldGen: 483599K->355213K(524288K)] 639855K->355213K(699392K), [Metaspace: 43746K->43746K(1087488K)], 0.0685716 secs] [Times: user=0.57 sys=0.01, real=0.07 secs] 
2016-09-25T23:54:05.656-0400: 70.431: [GC (GCLocker Initiated GC) [PSYoungGen: 88064K->79335K(175104K)] 451487K->442758K(699392K), 0.0115070 secs] [Times: user=0.19 sys=0.00, real=0.01 secs] 
2016-09-25T23:54:05.707-0400: 70.482: [GC (GCLocker Initiated GC) [PSYoungGen: 167399K->61615K(175104K)] 531069K->451431K(699392K), 0.0075929 secs] [Times: user=0.11 sys=0.00, real=0.01 secs] 
2016-09-25T23:54:05.747-0400: 70.522: [GC (GCLocker Initiated GC) [PSYoungGen: 149679K->70980K(175104K)] 542369K->480259K(699392K), 0.0090739 secs] [Times: user=0.13 sys=0.00, real=0.01 secs] 
2016-09-25T23:54:05.806-0400: 70.581: [GC (GCLocker Initiated GC) [PSYoungGen: 159044K->47982K(175104K)] 575216K->475259K(699392K), 0.0104601 secs] [Times: user=0.10 sys=0.00, real=0.01 secs] 
2016-09-25T23:54:05.873-0400: 70.647: [GC (GCLocker Initiated GC) [PSYoungGen: 136046K->68270K(175104K)] 563469K->498761K(699392K), 0.0142829 secs] [Times: user=0.19 sys=0.01, real=0.02 secs] 
2016-09-25T23:54:05.932-0400: 70.707: [GC (GCLocker Initiated GC) [PSYoungGen: 156334K->73569K(175104K)] 586929K->526058K(699392K), 0.0084168 secs] [Times: user=0.08 sys=0.00, real=0.01 secs] 
2016-09-25T23:54:05.976-0400: 70.751: [GC (GCLocker Initiated GC) [PSYoungGen: 161633K->68332K(175104K)] 616994K->538879K(699392K), 0.0082132 secs] [Times: user=0.13 sys=0.00, real=0.01 secs] 
2016-09-25T23:54:06.010-0400: 70.785: [GC (GCLocker Initiated GC) [PSYoungGen: 156396K->60245K(175104K)] 629825K->542108K(699392K), 0.0077524 secs] [Times: user=0.06 sys=0.01, real=0.01 secs] 
2016-09-25T23:54:06.051-0400: 70.825: [GC (GCLocker Initiated GC) [PSYoungGen: 148309K->67000K(175104K)] 630324K->572312K(699392K), 0.0079865 secs] [Times: user=0.12 sys=0.00, real=0.01 secs] 
2016-09-25T23:54:06.059-0400: 70.833: [Full GC (Ergonomics) [PSYoungGen: 67000K->0K(175104K)] [ParOldGen: 505312K->356534K(524288K)] 572312K->356534K(699392K), [Metaspace: 43753K->43753K(1087488K)], 0.0602157 secs] [Times: user=0.58 sys=0.00, real=0.06 secs] 
2016-09-25T23:54:06.164-0400: 70.939: [GC (GCLocker Initiated GC) [PSYoungGen: 88064K->73975K(175104K)] 451396K->437308K(699392K), 0.0097610 secs] [Times: user=0.12 sys=0.00, real=0.00 secs] 
2016-09-25T23:54:06.217-0400: 70.992: [GC (GCLocker Initiated GC) [PSYoungGen: 162039K->62792K(175104K)] 525573K->452604K(699392K), 0.0103538 secs] [Times: user=0.15 sys=0.00, real=0.01 secs] 
2016-09-25T23:54:06.272-0400: 71.047: [GC (GCLocker Initiated GC) [PSYoungGen: 150856K->68481K(173056K)] 540927K->483129K(697344K), 0.0078496 secs] [Times: user=0.11 sys=0.00, real=0.01 secs] 
2016-09-25T23:54:06.332-0400: 71.107: [GC (GCLocker Initiated GC) [PSYoungGen: 156545K->67158K(174080K)] 579543K->506835K(698368K), 0.0093453 secs] [Times: user=0.16 sys=0.00, real=0.01 secs] 
2016-09-25T23:54:06.384-0400: 71.159: [GC (GCLocker Initiated GC) [PSYoungGen: 155222K->65572K(173568K)] 597629K->511208K(697856K), 0.0068490 secs] [Times: user=0.07 sys=0.00, real=0.00 secs] 
2016-09-25T23:54:06.433-0400: 71.208: [GC (GCLocker Initiated GC) [PSYoungGen: 157220K->80595K(174592K)] 603255K->543155K(698880K), 0.0086972 secs] [Times: user=0.11 sys=0.00, real=0.01 secs] 
2016-09-25T23:54:06.489-0400: 71.264: [GC (GCLocker Initiated GC) [PSYoungGen: 172243K->54755K(175616K)] 643111K->543651K(699904K), 0.0088219 secs] [Times: user=0.12 sys=0.00, real=0.01 secs] 
2016-09-25T23:54:06.498-0400: 71.273: [Full GC (Ergonomics) [PSYoungGen: 54755K->0K(175616K)] [ParOldGen: 488895K->358009K(524288K)] 543651K->358009K(699904K), [Metaspace: 43753K->43753K(1087488K)], 0.0628095 secs] [Times: user=0.46 sys=0.00, real=0.06 secs] 
2016-09-25T23:54:06.609-0400: 71.383: [GC (GCLocker Initiated GC) [PSYoungGen: 89088K->52605K(141824K)] 449886K->413404K(666112K), 0.0120893 secs] [Times: user=0.14 sys=0.00, real=0.01 secs] 
2016-09-25T23:54:06.660-0400: 71.434: [GC (GCLocker Initiated GC) [PSYoungGen: 141693K->80561K(175104K)] 505338K->449085K(699392K), 0.0099669 secs] [Times: user=0.13 sys=0.00, real=0.01 secs] 
2016-09-25T23:54:06.714-0400: 71.489: [GC (GCLocker Initiated GC) [PSYoungGen: 168625K->73988K(175104K)] 542627K->456501K(699392K), 0.0101303 secs] [Times: user=0.09 sys=0.00, real=0.01 secs] 
2016-09-25T23:54:06.779-0400: 71.554: [GC (GCLocker Initiated GC) [PSYoungGen: 162052K->65785K(175104K)] 547410K->467917K(699392K), 0.0185145 secs] [Times: user=0.24 sys=0.01, real=0.02 secs] 
2016-09-25T23:54:06.844-0400: 71.618: [GC (GCLocker Initiated GC) [PSYoungGen: 153849K->48178K(175104K)] 556222K->456456K(699392K), 0.0123047 secs] [Times: user=0.12 sys=0.00, real=0.01 secs] 
2016-09-25T23:54:06.898-0400: 71.673: [GC (GCLocker Initiated GC) [PSYoungGen: 136242K->50647K(175104K)] 544604K->479844K(699392K), 0.0077721 secs] [Times: user=0.08 sys=0.01, real=0.01 secs] 
2016-09-25T23:54:06.947-0400: 71.721: [GC (GCLocker Initiated GC) [PSYoungGen: 138711K->52125K(175104K)] 568006K->487269K(699392K), 0.0156191 secs] [Times: user=0.14 sys=0.00, real=0.02 secs] 
2016-09-25T23:54:07.031-0400: 71.806: [GC (GCLocker Initiated GC) [PSYoungGen: 140189K->30647K(175104K)] 586410K->503087K(699392K), 0.0101989 secs] [Times: user=0.10 sys=0.01, real=0.01 secs] 
2016-09-25T23:54:07.094-0400: 71.869: [GC (GCLocker Initiated GC) [PSYoungGen: 118711K->48056K(175104K)] 591620K->535076K(699392K), 0.0144628 secs] [Times: user=0.19 sys=0.01, real=0.01 secs] 
2016-09-25T23:54:07.152-0400: 71.926: [Full GC (Ergonomics) [PSYoungGen: 136120K->0K(175104K)] [ParOldGen: 492599K->361632K(524288K)] 628719K->361632K(699392K), [Metaspace: 43759K->43759K(1087488K)], 0.0590218 secs] [Times: user=0.42 sys=0.01, real=0.06 secs] 
2016-09-25T23:54:07.261-0400: 72.035: [GC (GCLocker Initiated GC) [PSYoungGen: 88064K->46168K(175104K)] 456636K->414740K(699392K), 0.0092608 secs] [Times: user=0.11 sys=0.00, real=0.01 secs] 
2016-09-25T23:54:07.331-0400: 72.106: [GC (GCLocker Initiated GC) [PSYoungGen: 134232K->38619K(175104K)] 519245K->428947K(699392K), 0.0103468 secs] [Times: user=0.12 sys=0.01, real=0.01 secs] 
2016-09-25T23:54:07.390-0400: 72.165: [GC (GCLocker Initiated GC) [PSYoungGen: 126683K->79490K(175104K)] 517070K->482582K(699392K), 0.0122609 secs] [Times: user=0.12 sys=0.00, real=0.02 secs] 
2016-09-25T23:54:07.458-0400: 72.233: [GC (GCLocker Initiated GC) [PSYoungGen: 167554K->46942K(175104K)] 580137K->469681K(699392K), 0.0150438 secs] [Times: user=0.14 sys=0.00, real=0.01 secs] 
2016-09-25T23:54:07.535-0400: 72.310: [GC (GCLocker Initiated GC) [PSYoungGen: 135006K->62990K(175104K)] 568680K->501388K(699392K), 0.0122477 secs] [Times: user=0.15 sys=0.00, real=0.01 secs] 
2016-09-25T23:54:07.595-0400: 72.370: [GC (GCLocker Initiated GC) [PSYoungGen: 151054K->55334K(175104K)] 590884K->521377K(699392K), 0.0101799 secs] [Times: user=0.11 sys=0.00, real=0.01 secs] 
2016-09-25T23:54:07.656-0400: 72.430: [GC (GCLocker Initiated GC) [PSYoungGen: 143398K->42859K(175104K)] 621748K->530059K(699392K), 0.0091535 secs] [Times: user=0.10 sys=0.00, real=0.01 secs] 
2016-09-25T23:54:07.726-0400: 72.501: [Full GC (Ergonomics) [PSYoungGen: 130923K->0K(175104K)] [ParOldGen: 494120K->356807K(524288K)] 625044K->356807K(699392K), [Metaspace: 43759K->43759K(1087488K)], 0.0589656 secs] [Times: user=0.45 sys=0.01, real=0.06 secs] 
2016-09-25T23:54:07.833-0400: 72.608: [GC (GCLocker Initiated GC) [PSYoungGen: 88064K->73141K(175104K)] 448935K->434012K(699392K), 0.0105989 secs] [Times: user=0.10 sys=0.00, real=0.02 secs] 
2016-09-25T23:54:07.895-0400: 72.670: [GC (GCLocker Initiated GC) [PSYoungGen: 161205K->69837K(175104K)] 530223K->449408K(699392K), 0.0075547 secs] [Times: user=0.11 sys=0.00, real=0.01 secs] 
2016-09-25T23:54:07.964-0400: 72.739: [GC (GCLocker Initiated GC) [PSYoungGen: 157901K->57938K(175104K)] 541147K->445749K(699392K), 0.0108222 secs] [Times: user=0.08 sys=0.00, real=0.01 secs] 
2016-09-25T23:54:08.020-0400: 72.795: [GC (GCLocker Initiated GC) [PSYoungGen: 146002K->65730K(175104K)] 539296K->476086K(699392K), 0.0087896 secs] [Times: user=0.10 sys=0.00, real=0.01 secs] 
2016-09-25T23:54:08.076-0400: 72.851: [GC (GCLocker Initiated GC) [PSYoungGen: 153794K->55019K(143360K)] 568234K->511791K(667648K), 0.0109264 secs] [Times: user=0.11 sys=0.01, real=0.01 secs] 
2016-09-25T23:54:08.141-0400: 72.915: [GC (GCLocker Initiated GC) [PSYoungGen: 143083K->80881K(174080K)] 606691K->546402K(698368K), 0.0077113 secs] [Times: user=0.11 sys=0.00, real=0.01 secs] 
2016-09-25T23:54:08.202-0400: 72.977: [GC (Allocation Failure) [PSYoungGen: 168433K->41479K(174592K)] 643484K->536129K(698880K), 0.0079610 secs] [Times: user=0.08 sys=0.01, real=0.01 secs] 
2016-09-25T23:54:08.210-0400: 72.985: [Full GC (Ergonomics) [PSYoungGen: 41479K->0K(174592K)] [ParOldGen: 494649K->361284K(524288K)] 536129K->361284K(698880K), [Metaspace: 43759K->43759K(1087488K)], 0.0696742 secs] [Times: user=0.47 sys=0.01, real=0.07 secs] 
2016-09-25T23:54:08.326-0400: 73.101: [GC (GCLocker Initiated GC) [PSYoungGen: 87552K->84828K(175104K)] 448844K->448828K(699392K), 0.0140731 secs] [Times: user=0.15 sys=0.01, real=0.01 secs] 
2016-09-25T23:54:08.377-0400: 73.152: [GC (GCLocker Initiated GC) [PSYoungGen: 172892K->71589K(175104K)] 542549K->447322K(699392K), 0.0094210 secs] [Times: user=0.12 sys=0.00, real=0.01 secs] 
2016-09-25T23:54:08.454-0400: 73.229: [GC (GCLocker Initiated GC) [PSYoungGen: 159653K->72633K(175104K)] 536894K->464307K(699392K), 0.0083999 secs] [Times: user=0.12 sys=0.00, real=0.01 secs] 
2016-09-25T23:54:08.503-0400: 73.278: [GC (GCLocker Initiated GC) [PSYoungGen: 160697K->68959K(175104K)] 555077K->477337K(699392K), 0.0097776 secs] [Times: user=0.15 sys=0.00, real=0.00 secs] 
2016-09-25T23:54:08.575-0400: 73.350: [GC (GCLocker Initiated GC) [PSYoungGen: 157023K->66388K(175104K)] 570125K->491300K(699392K), 0.0099343 secs] [Times: user=0.12 sys=0.00, real=0.01 secs] 
2016-09-25T23:54:08.634-0400: 73.409: [GC (GCLocker Initiated GC) [PSYoungGen: 154452K->58042K(175104K)] 583493K->513785K(699392K), 0.0148015 secs] [Times: user=0.16 sys=0.00, real=0.01 secs] 
2016-09-25T23:54:08.699-0400: 73.474: [GC (GCLocker Initiated GC) [PSYoungGen: 146106K->44472K(175104K)] 601967K->528223K(699392K), 0.0106046 secs] [Times: user=0.11 sys=0.00, real=0.01 secs] 
2016-09-25T23:54:08.759-0400: 73.533: [Full GC (Ergonomics) [PSYoungGen: 132536K->0K(175104K)] [ParOldGen: 486659K->369506K(524288K)] 619195K->369506K(699392K), [Metaspace: 43772K->43772K(1087488K)], 0.0851552 secs] [Times: user=0.85 sys=0.00, real=0.09 secs] 
2016-09-25T23:54:08.901-0400: 73.676: [GC (GCLocker Initiated GC) [PSYoungGen: 88064K->85023K(175104K)] 460287K->457246K(699392K), 0.0084747 secs] [Times: user=0.13 sys=0.00, real=0.01 secs] 
2016-09-25T23:54:08.972-0400: 73.746: [GC (GCLocker Initiated GC) [PSYoungGen: 173087K->46283K(175104K)] 549546K->431540K(699392K), 0.0205611 secs] [Times: user=0.28 sys=0.01, real=0.02 secs] 
2016-09-25T23:54:09.043-0400: 73.817: [GC (GCLocker Initiated GC) [PSYoungGen: 134347K->78893K(175104K)] 519782K->474990K(699392K), 0.0102873 secs] [Times: user=0.14 sys=0.00, real=0.00 secs] 
2016-09-25T23:54:09.104-0400: 73.879: [GC (GCLocker Initiated GC) [PSYoungGen: 166957K->50255K(175104K)] 567432K->480394K(699392K), 0.0072288 secs] [Times: user=0.09 sys=0.01, real=0.00 secs] 
2016-09-25T23:54:09.162-0400: 73.937: [GC (GCLocker Initiated GC) [PSYoungGen: 138319K->39634K(175104K)] 573960K->491259K(699392K), 0.0086310 secs] [Times: user=0.07 sys=0.00, real=0.00 secs] 
2016-09-25T23:54:09.231-0400: 74.005: [GC (GCLocker Initiated GC) [PSYoungGen: 127698K->55653K(175104K)] 582644K->527035K(699392K), 0.0101190 secs] [Times: user=0.10 sys=0.00, real=0.01 secs] 
2016-09-25T23:54:09.287-0400: 74.062: [GC (GCLocker Initiated GC) [PSYoungGen: 143717K->62173K(175104K)] 615116K->542797K(699392K), 0.0110409 secs] [Times: user=0.10 sys=0.00, real=0.01 secs] 
2016-09-25T23:54:09.349-0400: 74.124: [Full GC (Ergonomics) [PSYoungGen: 150237K->0K(175104K)] [ParOldGen: 491499K->384693K(524288K)] 641736K->384693K(699392K), [Metaspace: 43772K->43772K(1087488K)], 0.0530337 secs] [Times: user=0.50 sys=0.01, real=0.05 secs] 
2016-09-25T23:54:09.464-0400: 74.239: [GC (GCLocker Initiated GC) [PSYoungGen: 88064K->56513K(175104K)] 482433K->450883K(699392K), 0.0069192 secs] [Times: user=0.05 sys=0.00, real=0.00 secs] 
2016-09-25T23:54:09.532-0400: 74.306: [GC (GCLocker Initiated GC) [PSYoungGen: 144577K->59401K(175104K)] 541793K->480410K(699392K), 0.0117645 secs] [Times: user=0.12 sys=0.00, real=0.02 secs] 
2016-09-25T23:54:09.607-0400: 74.381: [GC (GCLocker Initiated GC) [PSYoungGen: 147465K->65306K(175104K)] 569065K->511985K(699392K), 0.0149660 secs] [Times: user=0.19 sys=0.01, real=0.01 secs] 
2016-09-25T23:54:09.679-0400: 74.454: [GC (GCLocker Initiated GC) [PSYoungGen: 153370K->50252K(138752K)] 604833K->521927K(663040K), 0.0115218 secs] [Times: user=0.13 sys=0.00, real=0.01 secs] 
2016-09-25T23:54:09.760-0400: 74.535: [GC (GCLocker Initiated GC) [PSYoungGen: 138316K->50245K(176128K)] 616807K->548703K(700416K), 0.0105420 secs] [Times: user=0.13 sys=0.00, real=0.01 secs] 
2016-09-25T23:54:09.771-0400: 74.545: [Full GC (Ergonomics) [PSYoungGen: 50245K->0K(176128K)] [ParOldGen: 498457K->375310K(524288K)] 548703K->375310K(700416K), [Metaspace: 43772K->43772K(1087488K)], 0.0759597 secs] [Times: user=0.65 sys=0.01, real=0.08 secs] 
2016-09-25T23:54:09.883-0400: 74.657: [GC (GCLocker Initiated GC) [PSYoungGen: 89600K->82777K(174592K)] 467677K->479755K(698880K), 0.0087152 secs] [Times: user=0.13 sys=0.00, real=0.00 secs] 
2016-09-25T23:54:09.969-0400: 74.744: [GC (GCLocker Initiated GC) [PSYoungGen: 172377K->79975K(175104K)] 581578K->493125K(699392K), 0.0157453 secs] [Times: user=0.15 sys=0.02, real=0.02 secs] 
2016-09-25T23:54:10.063-0400: 74.838: [GC (GCLocker Initiated GC) [PSYoungGen: 168039K->55100K(175104K)] 581227K->497833K(699392K), 0.0087590 secs] [Times: user=0.09 sys=0.00, real=0.00 secs] 
2016-09-25T23:54:10.116-0400: 74.890: [GC (GCLocker Initiated GC) [PSYoungGen: 143164K->55750K(175104K)] 586630K->524248K(699392K), 0.0107599 secs] [Times: user=0.12 sys=0.00, real=0.01 secs] 
2016-09-25T23:54:10.193-0400: 74.968: [GC (GCLocker Initiated GC) [PSYoungGen: 143814K->51232K(175104K)] 615153K->539947K(699392K), 0.0117624 secs] [Times: user=0.15 sys=0.01, real=0.02 secs] 
2016-09-25T23:54:10.205-0400: 74.980: [Full GC (Ergonomics) [PSYoungGen: 51232K->0K(175104K)] [ParOldGen: 488714K->385095K(524288K)] 539947K->385095K(699392K), [Metaspace: 43772K->43772K(1087488K)], 0.0704642 secs] [Times: user=0.60 sys=0.00, real=0.07 secs] 
2016-09-25T23:54:10.328-0400: 75.102: [GC (GCLocker Initiated GC) [PSYoungGen: 88064K->60166K(175104K)] 482751K->454854K(699392K), 0.0095683 secs] [Times: user=0.14 sys=0.01, real=0.01 secs] 
2016-09-25T23:54:10.404-0400: 75.178: [GC (GCLocker Initiated GC) [PSYoungGen: 148230K->58183K(146432K)] 543134K->476347K(670720K), 0.0111920 secs] [Times: user=0.14 sys=0.00, real=0.01 secs] 
2016-09-25T23:54:10.483-0400: 75.258: [GC (GCLocker Initiated GC) [PSYoungGen: 146247K->55784K(174592K)] 571192K->508755K(698880K), 0.0089958 secs] [Times: user=0.13 sys=0.00, real=0.00 secs] 
2016-09-25T23:54:10.539-0400: 75.313: [GC (Allocation Failure) [PSYoungGen: 145384K->81585K(173056K)] 598515K->542816K(697344K), 0.0091282 secs] [Times: user=0.13 sys=0.01, real=0.01 secs] 
2016-09-25T23:54:10.548-0400: 75.323: [GC (GCLocker Initiated GC) --[PSYoungGen: 81887K->81887K(173056K)] 543118K->603887K(697344K), 0.0067458 secs] [Times: user=0.09 sys=0.01, real=0.01 secs] 
2016-09-25T23:54:10.555-0400: 75.330: [Full GC (Ergonomics) [PSYoungGen: 81887K->0K(173056K)] [ParOldGen: 522000K->384640K(524288K)] 603887K->384640K(697344K), [Metaspace: 43774K->43774K(1087488K)], 0.0780625 secs] [Times: user=0.65 sys=0.00, real=0.07 secs] 
2016-09-25T23:54:10.701-0400: 75.476: [GC (GCLocker Initiated GC) [PSYoungGen: 89596K->75567K(175104K)] 474240K->460211K(699392K), 0.0096213 secs] [Times: user=0.13 sys=0.00, real=0.01 secs] 
2016-09-25T23:54:10.758-0400: 75.532: [GC (GCLocker Initiated GC) [PSYoungGen: 163631K->70854K(175104K)] 551081K->469965K(699392K), 0.0073397 secs] [Times: user=0.13 sys=0.00, real=0.01 secs] 
2016-09-25T23:54:10.826-0400: 75.601: [GC (GCLocker Initiated GC) [PSYoungGen: 158918K->72134K(175104K)] 558215K->486471K(699392K), 0.0135509 secs] [Times: user=0.19 sys=0.01, real=0.01 secs] 
2016-09-25T23:54:10.908-0400: 75.682: [GC (GCLocker Initiated GC) [PSYoungGen: 160198K->80380K(175104K)] 576000K->512422K(699392K), 0.0084595 secs] [Times: user=0.13 sys=0.00, real=0.01 secs] 
2016-09-25T23:54:10.965-0400: 75.740: [GC (GCLocker Initiated GC) [PSYoungGen: 168444K->54498K(175104K)] 614195K->512625K(699392K), 0.0063387 secs] [Times: user=0.07 sys=0.00, real=0.00 secs] 
2016-09-25T23:54:11.026-0400: 75.800: [GC (GCLocker Initiated GC) [PSYoungGen: 142562K->53970K(175104K)] 614314K->529894K(699392K), 0.0095702 secs] [Times: user=0.10 sys=0.01, real=0.01 secs] 
2016-09-25T23:54:11.096-0400: 75.871: [GC (GCLocker Initiated GC) [PSYoungGen: 142034K->53863K(175104K)] 621129K->537856K(699392K), 0.0063895 secs] [Times: user=0.06 sys=0.00, real=0.01 secs] 
2016-09-25T23:54:11.145-0400: 75.920: [GC (GCLocker Initiated GC) [PSYoungGen: 141927K->66198K(175104K)] 628690K->578158K(699392K), 0.0102617 secs] [Times: user=0.14 sys=0.01, real=0.01 secs] 
2016-09-25T23:54:11.155-0400: 75.930: [Full GC (Ergonomics) [PSYoungGen: 66198K->0K(175104K)] [ParOldGen: 511960K->398549K(524288K)] 578158K->398549K(699392K), [Metaspace: 43774K->43774K(1087488K)], 0.0716861 secs] [Times: user=0.60 sys=0.00, real=0.07 secs] 
2016-09-25T23:54:11.288-0400: 76.063: [GC (GCLocker Initiated GC) [PSYoungGen: 88064K->79967K(175104K)] 489415K->481318K(699392K), 0.0077386 secs] [Times: user=0.10 sys=0.00, real=0.01 secs] 
2016-09-25T23:54:11.358-0400: 76.133: [GC (GCLocker Initiated GC) [PSYoungGen: 168031K->70788K(175104K)] 570172K->484972K(699392K), 0.0138790 secs] [Times: user=0.20 sys=0.00, real=0.01 secs] 
2016-09-25T23:54:11.431-0400: 76.206: [GC (GCLocker Initiated GC) [PSYoungGen: 158852K->38226K(175104K)] 581373K->485131K(699392K), 0.0066547 secs] [Times: user=0.07 sys=0.00, real=0.01 secs] 
2016-09-25T23:54:11.491-0400: 76.266: [GC (GCLocker Initiated GC) [PSYoungGen: 126290K->72981K(175104K)] 578679K->538864K(699392K), 0.0099472 secs] [Times: user=0.16 sys=0.00, real=0.01 secs] 
2016-09-25T23:54:11.554-0400: 76.329: [GC (GCLocker Initiated GC) [PSYoungGen: 161045K->71012K(175104K)] 628438K->558248K(699392K), 0.0112603 secs] [Times: user=0.13 sys=0.00, real=0.01 secs] 
2016-09-25T23:54:11.624-0400: 76.399: [GC (GCLocker Initiated GC) [PSYoungGen: 159076K->67926K(175104K)] 649164K->578519K(699392K), 0.0126830 secs] [Times: user=0.15 sys=0.00, real=0.01 secs] 
2016-09-25T23:54:11.637-0400: 76.412: [Full GC (Ergonomics) [PSYoungGen: 67926K->0K(175104K)] [ParOldGen: 510593K->403779K(524288K)] 578519K->403779K(699392K), [Metaspace: 43774K->43774K(1087488K)], 0.0734098 secs] [Times: user=0.54 sys=0.00, real=0.07 secs] 
2016-09-25T23:54:11.773-0400: 76.548: [GC (GCLocker Initiated GC) [PSYoungGen: 88064K->50245K(175104K)] 493264K->455445K(699392K), 0.0108991 secs] [Times: user=0.10 sys=0.00, real=0.02 secs] 
2016-09-25T23:54:11.833-0400: 76.608: [GC (GCLocker Initiated GC) [PSYoungGen: 138309K->71885K(175104K)] 549061K->489322K(699392K), 0.0174190 secs] [Times: user=0.22 sys=0.00, real=0.02 secs] 
2016-09-25T23:54:11.914-0400: 76.689: [GC (GCLocker Initiated GC) [PSYoungGen: 159949K->60047K(175104K)] 583741K->495988K(699392K), 0.0106333 secs] [Times: user=0.12 sys=0.01, real=0.02 secs] 
2016-09-25T23:54:11.997-0400: 76.771: [GC (GCLocker Initiated GC) [PSYoungGen: 148111K->62439K(175104K)] 592380K->510724K(699392K), 0.0092205 secs] [Times: user=0.12 sys=0.00, real=0.01 secs] 
2016-09-25T23:54:12.058-0400: 76.832: [GC (GCLocker Initiated GC) [PSYoungGen: 150503K->63657K(173056K)] 601711K->529582K(697344K), 0.0080274 secs] [Times: user=0.10 sys=0.00, real=0.01 secs] 
2016-09-25T23:54:12.134-0400: 76.909: [GC (GCLocker Initiated GC) [PSYoungGen: 151721K->51743K(174080K)] 621903K->548680K(698368K), 0.0109832 secs] [Times: user=0.17 sys=0.00, real=0.02 secs] 
2016-09-25T23:54:12.145-0400: 76.920: [Full GC (Ergonomics) [PSYoungGen: 51743K->0K(174080K)] [ParOldGen: 496937K->401345K(524288K)] 548680K->401345K(698368K), [Metaspace: 43774K->43774K(1087488K)], 0.0600790 secs] [Times: user=0.58 sys=0.00, real=0.06 secs] 
2016-09-25T23:54:12.259-0400: 77.034: [GC (GCLocker Initiated GC) [PSYoungGen: 88064K->74275K(174080K)] 492130K->478341K(698368K), 0.0071463 secs] [Times: user=0.10 sys=0.00, real=0.01 secs] 
2016-09-25T23:54:12.317-0400: 77.092: [GC (GCLocker Initiated GC) [PSYoungGen: 162339K->69300K(175104K)] 566516K->482432K(699392K), 0.0121987 secs] [Times: user=0.17 sys=0.00, real=0.01 secs] 
2016-09-25T23:54:12.389-0400: 77.164: [GC (GCLocker Initiated GC) [PSYoungGen: 157364K->55672K(174080K)] 580047K->485091K(698368K), 0.0065297 secs] [Times: user=0.06 sys=0.00, real=0.01 secs] 
2016-09-25T23:54:12.449-0400: 77.224: [GC (GCLocker Initiated GC) [PSYoungGen: 143736K->70156K(174592K)] 573199K->499619K(698880K), 0.0097407 secs] [Times: user=0.07 sys=0.00, real=0.01 secs] 
2016-09-25T23:54:12.508-0400: 77.282: [GC (GCLocker Initiated GC) [PSYoungGen: 158220K->72582K(175104K)] 591938K->526527K(699392K), 0.0103750 secs] [Times: user=0.13 sys=0.00, real=0.01 secs] 
2016-09-25T23:54:12.577-0400: 77.351: [GC (GCLocker Initiated GC) [PSYoungGen: 160646K->63467K(151552K)] 618850K->535755K(675840K), 0.0076091 secs] [Times: user=0.10 sys=0.00, real=0.01 secs] 
2016-09-25T23:54:12.639-0400: 77.414: [GC (GCLocker Initiated GC) [PSYoungGen: 151531K->62341K(176128K)] 626576K->561288K(700416K), 0.0105951 secs] [Times: user=0.14 sys=0.01, real=0.01 secs] 
2016-09-25T23:54:12.650-0400: 77.425: [Full GC (Ergonomics) [PSYoungGen: 62341K->0K(176128K)] [ParOldGen: 498946K->410189K(524288K)] 561288K->410189K(700416K), [Metaspace: 43774K->43774K(1087488K)], 0.0684034 secs] [Times: user=0.75 sys=0.00, real=0.07 secs] 
2016-09-25T23:54:12.779-0400: 77.554: [GC (GCLocker Initiated GC) [PSYoungGen: 90112K->72845K(174080K)] 500377K->483111K(698368K), 0.0087970 secs] [Times: user=0.10 sys=0.00, real=0.01 secs] 
2016-09-25T23:54:12.843-0400: 77.618: [GC (GCLocker Initiated GC) [PSYoungGen: 162957K->85229K(173568K)] 573394K->503766K(697856K), 0.0120438 secs] [Times: user=0.16 sys=0.01, real=0.01 secs] 
2016-09-25T23:54:12.909-0400: 77.684: [GC (GCLocker Initiated GC) [PSYoungGen: 173293K->65064K(175104K)] 594676K->525287K(699392K), 0.0115344 secs] [Times: user=0.14 sys=0.00, real=0.01 secs] 
2016-09-25T23:54:12.979-0400: 77.754: [GC (GCLocker Initiated GC) [PSYoungGen: 153128K->63779K(175104K)] 613490K->552260K(699392K), 0.0087305 secs] [Times: user=0.14 sys=0.00, real=0.01 secs] 
2016-09-25T23:54:12.988-0400: 77.763: [Full GC (Ergonomics) [PSYoungGen: 63779K->0K(175104K)] [ParOldGen: 488480K->413775K(524288K)] 552260K->413775K(699392K), [Metaspace: 43774K->43774K(1087488K)], 0.0656569 secs] [Times: user=0.63 sys=0.00, real=0.07 secs] 
2016-09-25T23:54:13.105-0400: 77.879: [GC (GCLocker Initiated GC) [PSYoungGen: 88064K->83806K(175104K)] 507310K->503053K(699392K), 0.0123975 secs] [Times: user=0.14 sys=0.00, real=0.01 secs] 
2016-09-25T23:54:13.167-0400: 77.942: [GC (GCLocker Initiated GC) [PSYoungGen: 171870K->69215K(175104K)] 599336K->504398K(699392K), 0.0081818 secs] [Times: user=0.11 sys=0.00, real=0.01 secs] 
2016-09-25T23:54:13.240-0400: 78.015: [GC (GCLocker Initiated GC) [PSYoungGen: 157279K->51535K(175104K)] 602089K->515155K(699392K), 0.0107930 secs] [Times: user=0.12 sys=0.01, real=0.01 secs] 
2016-09-25T23:54:13.307-0400: 78.081: [GC (GCLocker Initiated GC) [PSYoungGen: 139599K->66394K(175104K)] 603237K->547213K(699392K), 0.0101110 secs] [Times: user=0.13 sys=0.00, real=0.01 secs] 
2016-09-25T23:54:13.363-0400: 78.138: [GC (GCLocker Initiated GC) [PSYoungGen: 154458K->78812K(175104K)] 638017K->574273K(699392K), 0.0103698 secs] [Times: user=0.16 sys=0.00, real=0.00 secs] 
2016-09-25T23:54:13.374-0400: 78.149: [Full GC (Ergonomics) [PSYoungGen: 78812K->0K(175104K)] [ParOldGen: 495460K->423485K(524288K)] 574273K->423485K(699392K), [Metaspace: 43774K->43774K(1087488K)], 0.0629688 secs] [Times: user=0.39 sys=0.02, real=0.07 secs] 
2016-09-25T23:54:13.495-0400: 78.270: [GC (GCLocker Initiated GC) [PSYoungGen: 88064K->79347K(175104K)] 511605K->502888K(699392K), 0.0166517 secs] [Times: user=0.20 sys=0.00, real=0.01 secs] 
2016-09-25T23:54:13.560-0400: 78.335: [GC (GCLocker Initiated GC) [PSYoungGen: 167411K->77292K(175104K)] 593729K->521755K(699392K), 0.0116822 secs] [Times: user=0.15 sys=0.01, real=0.01 secs] 
2016-09-25T23:54:13.627-0400: 78.402: [GC (GCLocker Initiated GC) [PSYoungGen: 165356K->73502K(175104K)] 618072K->546370K(699392K), 0.0089934 secs] [Times: user=0.14 sys=0.00, real=0.01 secs] 
2016-09-25T23:54:13.695-0400: 78.470: [GC (GCLocker Initiated GC) [PSYoungGen: 161566K->63897K(175104K)] 637264K->564033K(699392K), 0.0087544 secs] [Times: user=0.11 sys=0.00, real=0.01 secs] 
2016-09-25T23:54:13.704-0400: 78.479: [Full GC (Ergonomics) [PSYoungGen: 63897K->0K(175104K)] [ParOldGen: 500136K->420152K(524288K)] 564033K->420152K(699392K), [Metaspace: 43774K->43774K(1087488K)], 0.1416959 secs] [Times: user=1.94 sys=0.00, real=0.14 secs] 
2016-09-25T23:54:13.899-0400: 78.674: [GC (GCLocker Initiated GC) [PSYoungGen: 88064K->67619K(175104K)] 511584K->491139K(699392K), 0.0097487 secs] [Times: user=0.14 sys=0.00, real=0.01 secs] 
2016-09-25T23:54:13.968-0400: 78.743: [GC (GCLocker Initiated GC) [PSYoungGen: 155683K->44362K(175104K)] 587368K->506772K(699392K), 0.0090912 secs] [Times: user=0.12 sys=0.00, real=0.01 secs] 
2016-09-25T23:54:14.033-0400: 78.808: [GC (GCLocker Initiated GC) [PSYoungGen: 132426K->63993K(175104K)] 600474K->538131K(699392K), 0.0076788 secs] [Times: user=0.08 sys=0.00, real=0.01 secs] 
2016-09-25T23:54:14.094-0400: 78.869: [GC (GCLocker Initiated GC) [PSYoungGen: 152057K->58180K(175104K)] 628980K->551430K(699392K), 0.0076070 secs] [Times: user=0.08 sys=0.00, real=0.01 secs] 
2016-09-25T23:54:14.102-0400: 78.876: [Full GC (Ergonomics) [PSYoungGen: 58180K->0K(175104K)] [ParOldGen: 493249K->423320K(524288K)] 551430K->423320K(699392K), [Metaspace: 43774K->43774K(1087488K)], 0.0574717 secs] [Times: user=0.52 sys=0.00, real=0.06 secs] 
2016-09-25T23:54:14.211-0400: 78.986: [GC (GCLocker Initiated GC) [PSYoungGen: 88064K->71935K(175104K)] 514201K->498073K(699392K), 0.0094100 secs] [Times: user=0.07 sys=0.00, real=0.01 secs] 
2016-09-25T23:54:14.276-0400: 79.051: [GC (GCLocker Initiated GC) [PSYoungGen: 159999K->58277K(175104K)] 588918K->511453K(699392K), 0.0094997 secs] [Times: user=0.10 sys=0.00, real=0.01 secs] 
2016-09-25T23:54:14.342-0400: 79.117: [GC (GCLocker Initiated GC) [PSYoungGen: 146341K->46222K(175104K)] 599984K->507692K(699392K), 0.0072803 secs] [Times: user=0.07 sys=0.00, real=0.00 secs] 
2016-09-25T23:54:14.397-0400: 79.172: [GC (GCLocker Initiated GC) [PSYoungGen: 134286K->61358K(175104K)] 601403K->539301K(699392K), 0.0068619 secs] [Times: user=0.09 sys=0.00, real=0.01 secs] 
2016-09-25T23:54:14.459-0400: 79.234: [GC (GCLocker Initiated GC) [PSYoungGen: 149422K->57343K(172032K)] 631449K->539369K(696320K), 0.0098927 secs] [Times: user=0.12 sys=0.01, real=0.01 secs] 
2016-09-25T23:54:14.542-0400: 79.316: [Full GC (Ergonomics) [PSYoungGen: 145407K->0K(172032K)] [ParOldGen: 487556K->428422K(524288K)] 632964K->428422K(696320K), [Metaspace: 43774K->43774K(1087488K)], 0.0622210 secs] [Times: user=0.48 sys=0.01, real=0.07 secs] 
2016-09-25T23:54:14.656-0400: 79.431: [GC (GCLocker Initiated GC) [PSYoungGen: 88064K->63726K(173568K)] 519276K->494939K(697856K), 0.0135854 secs] [Times: user=0.11 sys=0.00, real=0.01 secs] 
2016-09-25T23:54:14.743-0400: 79.518: [GC (GCLocker Initiated GC) [PSYoungGen: 151790K->83411K(172032K)] 583260K->520280K(696320K), 0.0155613 secs] [Times: user=0.14 sys=0.01, real=0.01 secs] 
2016-09-25T23:54:14.816-0400: 79.591: [GC (GCLocker Initiated GC) [PSYoungGen: 171475K->73200K(175104K)] 613870K->515595K(699392K), 0.0134850 secs] [Times: user=0.13 sys=0.00, real=0.01 secs] 
2016-09-25T23:54:14.884-0400: 79.659: [GC (GCLocker Initiated GC) [PSYoungGen: 161264K->75124K(175104K)] 607788K->541103K(699392K), 0.0158278 secs] [Times: user=0.18 sys=0.01, real=0.01 secs] 
2016-09-25T23:54:14.975-0400: 79.750: [GC (GCLocker Initiated GC) [PSYoungGen: 163188K->59291K(175104K)] 633373K->551314K(699392K), 0.0149616 secs] [Times: user=0.17 sys=0.00, real=0.01 secs] 
2016-09-25T23:54:14.990-0400: 79.765: [Full GC (Ergonomics) [PSYoungGen: 59291K->0K(175104K)] [ParOldGen: 492022K->426601K(524288K)] 551314K->426601K(699392K), [Metaspace: 43774K->43774K(1087488K)], 0.0658161 secs] [Times: user=0.58 sys=0.00, real=0.07 secs] 
2016-09-25T23:54:15.117-0400: 79.892: [GC (GCLocker Initiated GC) [PSYoungGen: 88064K->68233K(175104K)] 516070K->496239K(699392K), 0.0188452 secs] [Times: user=0.20 sys=0.02, real=0.02 secs] 
2016-09-25T23:54:15.196-0400: 79.970: [GC (GCLocker Initiated GC) [PSYoungGen: 156297K->57601K(175104K)] 589718K->523528K(699392K), 0.0085007 secs] [Times: user=0.12 sys=0.00, real=0.01 secs] 
2016-09-25T23:54:15.245-0400: 80.019: [GC (GCLocker Initiated GC) [PSYoungGen: 145665K->67083K(173056K)] 618456K->551030K(697344K), 0.0083634 secs] [Times: user=0.11 sys=0.00, real=0.00 secs] 
2016-09-25T23:54:15.312-0400: 80.086: [Full GC (Ergonomics) [PSYoungGen: 155147K->0K(173056K)] [ParOldGen: 490168K->419881K(524288K)] 645315K->419881K(697344K), [Metaspace: 43774K->43774K(1087488K)], 0.0881964 secs] [Times: user=0.69 sys=0.01, real=0.09 secs] 
2016-09-25T23:54:15.430-0400: 80.205: [GC (GCLocker Initiated GC) [PSYoungGen: 88064K->65719K(174080K)] 510743K->488398K(698368K), 0.0117369 secs] [Times: user=0.07 sys=0.00, real=0.01 secs] 
2016-09-25T23:54:15.494-0400: 80.269: [GC (GCLocker Initiated GC) [PSYoungGen: 153783K->82501K(172032K)] 579225K->516044K(696320K), 0.0153126 secs] [Times: user=0.23 sys=0.01, real=0.02 secs] 
2016-09-25T23:54:15.577-0400: 80.351: [GC (GCLocker Initiated GC) [PSYoungGen: 170565K->78231K(175104K)] 613641K->540861K(699392K), 0.0171685 secs] [Times: user=0.20 sys=0.00, real=0.01 secs] 
2016-09-25T23:54:15.644-0400: 80.419: [GC (GCLocker Initiated GC) [PSYoungGen: 166295K->65714K(175104K)] 637148K->560286K(699392K), 0.0080638 secs] [Times: user=0.12 sys=0.00, real=0.00 secs] 
2016-09-25T23:54:15.652-0400: 80.427: [Full GC (Ergonomics) [PSYoungGen: 65714K->0K(175104K)] [ParOldGen: 494571K->431777K(524288K)] 560286K->431777K(699392K), [Metaspace: 43774K->43774K(1087488K)], 0.0587320 secs] [Times: user=0.47 sys=0.00, real=0.06 secs] 
2016-09-25T23:54:15.778-0400: 80.553: [GC (GCLocker Initiated GC) [PSYoungGen: 88064K->62008K(175104K)] 529477K->503421K(699392K), 0.0165498 secs] [Times: user=0.19 sys=0.00, real=0.02 secs] 
2016-09-25T23:54:15.853-0400: 80.628: [GC (GCLocker Initiated GC) [PSYoungGen: 150072K->79183K(175104K)] 597046K->541861K(699392K), 0.0094206 secs] [Times: user=0.12 sys=0.01, real=0.02 secs] 
2016-09-25T23:54:15.900-0400: 80.675: [GC (GCLocker Initiated GC) [PSYoungGen: 167247K->61771K(175104K)] 635436K->535810K(699392K), 0.0124717 secs] [Times: user=0.06 sys=0.01, real=0.01 secs] 
2016-09-25T23:54:15.963-0400: 80.738: [GC (GCLocker Initiated GC) [PSYoungGen: 149835K->60456K(175104K)] 626715K->564937K(699392K), 0.0120722 secs] [Times: user=0.19 sys=0.02, real=0.01 secs] 
2016-09-25T23:54:15.975-0400: 80.750: [Full GC (Ergonomics) [PSYoungGen: 60456K->0K(175104K)] [ParOldGen: 504481K->433276K(524288K)] 564937K->433276K(699392K), [Metaspace: 43774K->43774K(1087488K)], 0.0851538 secs] [Times: user=0.71 sys=0.09, real=0.08 secs] 
2016-09-25T23:54:16.118-0400: 80.893: [GC (GCLocker Initiated GC) [PSYoungGen: 88064K->78339K(175104K)] 529569K->519844K(699392K), 0.0124995 secs] [Times: user=0.13 sys=0.02, real=0.01 secs] 
2016-09-25T23:54:16.183-0400: 80.957: [GC (GCLocker Initiated GC) [PSYoungGen: 166403K->49319K(175104K)] 616081K->503948K(699392K), 0.0097204 secs] [Times: user=0.09 sys=0.00, real=0.00 secs] 
2016-09-25T23:54:16.242-0400: 81.017: [GC (GCLocker Initiated GC) [PSYoungGen: 137383K->68689K(175104K)] 600221K->542822K(699392K), 0.0100088 secs] [Times: user=0.11 sys=0.00, real=0.00 secs] 
2016-09-25T23:54:16.298-0400: 81.073: [GC (GCLocker Initiated GC) [PSYoungGen: 156753K->42901K(175104K)] 636428K->551611K(699392K), 0.0127382 secs] [Times: user=0.15 sys=0.00, real=0.01 secs] 
2016-09-25T23:54:16.311-0400: 81.086: [Full GC (Ergonomics) [PSYoungGen: 42901K->0K(175104K)] [ParOldGen: 508710K->443192K(524288K)] 551611K->443192K(699392K), [Metaspace: 43809K->43809K(1087488K)], 0.0501981 secs] [Times: user=0.42 sys=0.01, real=0.05 secs] 
2016-09-25T23:54:16.398-0400: 81.172: [GC (GCLocker Initiated GC) [PSYoungGen: 88064K->75825K(175104K)] 536747K->524508K(699392K), 0.0077086 secs] [Times: user=0.12 sys=0.00, real=0.01 secs] 
2016-09-25T23:54:16.449-0400: 81.224: [GC (GCLocker Initiated GC) [PSYoungGen: 163889K->53874K(175104K)] 614972K->520941K(699392K), 0.0098713 secs] [Times: user=0.15 sys=0.00, real=0.01 secs] 
2016-09-25T23:54:16.491-0400: 81.266: [GC (GCLocker Initiated GC) [PSYoungGen: 141938K->85031K(175104K)] 609128K->565191K(699392K), 0.0103407 secs] [Times: user=0.12 sys=0.00, real=0.01 secs] 
2016-09-25T23:54:16.545-0400: 81.320: [GC (GCLocker Initiated GC) [PSYoungGen: 173095K->56542K(175104K)] 657372K->570060K(699392K), 0.0082119 secs] [Times: user=0.11 sys=0.00, real=0.00 secs] 
2016-09-25T23:54:16.553-0400: 81.328: [Full GC (Ergonomics) [PSYoungGen: 56542K->0K(175104K)] [ParOldGen: 513518K->437117K(524288K)] 570060K->437117K(699392K), [Metaspace: 43815K->43815K(1087488K)], 0.0572499 secs] [Times: user=0.47 sys=0.01, real=0.06 secs] 
2016-09-25T23:54:16.653-0400: 81.428: [GC (GCLocker Initiated GC) [PSYoungGen: 88064K->63549K(175104K)] 527951K->503436K(699392K), 0.0068441 secs] [Times: user=0.05 sys=0.01, real=0.01 secs] 
2016-09-25T23:54:16.706-0400: 81.480: [GC (GCLocker Initiated GC) [PSYoungGen: 151613K->62124K(175104K)] 601063K->521993K(699392K), 0.0079157 secs] [Times: user=0.13 sys=0.00, real=0.00 secs] 
2016-09-25T23:54:16.761-0400: 81.536: [GC (GCLocker Initiated GC) [PSYoungGen: 150188K->61986K(175104K)] 611545K->544475K(699392K), 0.0087306 secs] [Times: user=0.12 sys=0.00, real=0.01 secs] 
2016-09-25T23:54:16.802-0400: 81.576: [GC (GCLocker Initiated GC) [PSYoungGen: 150050K->80938K(175104K)] 632635K->575055K(699392K), 0.0080318 secs] [Times: user=0.12 sys=0.00, real=0.01 secs] 
2016-09-25T23:54:16.810-0400: 81.585: [Full GC (Ergonomics) [PSYoungGen: 80938K->0K(175104K)] [ParOldGen: 494117K->444684K(524288K)] 575055K->444684K(699392K), [Metaspace: 43831K->43831K(1087488K)], 0.0460204 secs] [Times: user=0.39 sys=0.01, real=0.05 secs] 
2016-09-25T23:54:16.894-0400: 81.669: [GC (GCLocker Initiated GC) [PSYoungGen: 88064K->81120K(175104K)] 534239K->527296K(699392K), 0.0075314 secs] [Times: user=0.10 sys=0.01, real=0.01 secs] 
2016-09-25T23:54:16.949-0400: 81.723: [GC (GCLocker Initiated GC) [PSYoungGen: 169184K->63357K(175104K)] 622252K->525463K(699392K), 0.0070820 secs] [Times: user=0.09 sys=0.01, real=0.01 secs] 
2016-09-25T23:54:17.000-0400: 81.774: [GC (GCLocker Initiated GC) [PSYoungGen: 151421K->53875K(175104K)] 624443K->539840K(699392K), 0.0073012 secs] [Times: user=0.07 sys=0.00, real=0.01 secs] 
2016-09-25T23:54:17.057-0400: 81.831: [GC (GCLocker Initiated GC) [PSYoungGen: 141939K->59286K(175104K)] 633417K->554233K(699392K), 0.0129917 secs] [Times: user=0.18 sys=0.00, real=0.01 secs] 
2016-09-25T23:54:17.070-0400: 81.845: [Full GC (Ergonomics) [PSYoungGen: 59286K->0K(175104K)] [ParOldGen: 494946K->446733K(524288K)] 554233K->446733K(699392K), [Metaspace: 43840K->43840K(1087488K)], 0.0496622 secs] [Times: user=0.40 sys=0.00, real=0.05 secs] 
2016-09-25T23:54:17.161-0400: 81.935: [GC (GCLocker Initiated GC) [PSYoungGen: 88064K->86607K(175104K)] 537577K->536121K(699392K), 0.0086528 secs] [Times: user=0.12 sys=0.01, real=0.01 secs] 
2016-09-25T23:54:17.205-0400: 81.980: [GC (GCLocker Initiated GC) [PSYoungGen: 174671K->75497K(175104K)] 629709K->550536K(699392K), 0.0095035 secs] [Times: user=0.13 sys=0.01, real=0.01 secs] 
2016-09-25T23:54:17.261-0400: 82.035: [GC (GCLocker Initiated GC) [PSYoungGen: 163561K->57883K(175104K)] 649499K->570254K(699392K), 0.0083651 secs] [Times: user=0.12 sys=0.00, real=0.01 secs] 
2016-09-25T23:54:17.269-0400: 82.044: [Full GC (Ergonomics) [PSYoungGen: 57883K->0K(175104K)] [ParOldGen: 512370K->453755K(524288K)] 570254K->453755K(699392K), [Metaspace: 43841K->43841K(1087488K)], 0.0578417 secs] [Times: user=0.59 sys=0.00, real=0.06 secs] 
2016-09-25T23:54:17.378-0400: 82.152: [GC (GCLocker Initiated GC) [PSYoungGen: 88064K->49265K(175104K)] 558324K->519525K(699392K), 0.0071099 secs] [Times: user=0.09 sys=0.00, real=0.01 secs] 
2016-09-25T23:54:17.427-0400: 82.202: [GC (GCLocker Initiated GC) [PSYoungGen: 137329K->56406K(175104K)] 617076K->540201K(699392K), 0.0066065 secs] [Times: user=0.08 sys=0.00, real=0.00 secs] 
2016-09-25T23:54:17.477-0400: 82.252: [Full GC (Ergonomics) [PSYoungGen: 144470K->0K(175104K)] [ParOldGen: 492663K->438286K(524288K)] 637133K->438286K(699392K), [Metaspace: 43844K->43844K(1087488K)], 0.0590618 secs] [Times: user=0.46 sys=0.01, real=0.06 secs] 
2016-09-25T23:54:17.579-0400: 82.354: [GC (GCLocker Initiated GC) [PSYoungGen: 88064K->72977K(175104K)] 534515K->519428K(699392K), 0.0169710 secs] [Times: user=0.20 sys=0.00, real=0.02 secs] 
2016-09-25T23:54:17.641-0400: 82.416: [GC (GCLocker Initiated GC) [PSYoungGen: 161041K->64751K(175104K)] 610426K->546278K(699392K), 0.0092999 secs] [Times: user=0.13 sys=0.01, real=0.01 secs] 
2016-09-25T23:54:17.697-0400: 82.472: [Full GC (Ergonomics) [PSYoungGen: 152815K->0K(175104K)] [ParOldGen: 489682K->446532K(524288K)] 642497K->446532K(699392K), [Metaspace: 43844K->43844K(1087488K)], 0.0560043 secs] [Times: user=0.44 sys=0.01, real=0.05 secs] 
2016-09-25T23:54:17.796-0400: 82.571: [GC (GCLocker Initiated GC) [PSYoungGen: 88064K->52918K(175104K)] 540038K->504892K(699392K), 0.0055965 secs] [Times: user=0.06 sys=0.00, real=0.00 secs] 
2016-09-25T23:54:17.849-0400: 82.624: [GC (GCLocker Initiated GC) [PSYoungGen: 140982K->86747K(175104K)] 597136K->560251K(699392K), 0.0106510 secs] [Times: user=0.15 sys=0.00, real=0.01 secs] 
2016-09-25T23:54:17.908-0400: 82.683: [GC (GCLocker Initiated GC) [PSYoungGen: 174811K->70378K(175104K)] 653906K->570916K(699392K), 0.0081748 secs] [Times: user=0.14 sys=0.00, real=0.01 secs] 
2016-09-25T23:54:17.916-0400: 82.691: [Full GC (Ergonomics) [PSYoungGen: 70378K->0K(175104K)] [ParOldGen: 500538K->443337K(524288K)] 570916K->443337K(699392K), [Metaspace: 43844K->43844K(1087488K)], 0.0534167 secs] [Times: user=0.50 sys=0.00, real=0.05 secs] 
2016-09-25T23:54:18.014-0400: 82.789: [GC (GCLocker Initiated GC) [PSYoungGen: 88064K->77290K(175104K)] 536815K->526042K(699392K), 0.0074457 secs] [Times: user=0.11 sys=0.00, real=0.00 secs] 
2016-09-25T23:54:18.067-0400: 82.841: [GC (GCLocker Initiated GC) [PSYoungGen: 165354K->59832K(175104K)] 623639K->547742K(699392K), 0.0090328 secs] [Times: user=0.14 sys=0.00, real=0.01 secs] 
2016-09-25T23:54:18.076-0400: 82.851: [Full GC (Ergonomics) [PSYoungGen: 59832K->0K(175104K)] [ParOldGen: 487909K->452817K(524288K)] 547742K->452817K(699392K), [Metaspace: 43846K->43846K(1087488K)], 0.0589255 secs] [Times: user=0.49 sys=0.00, real=0.06 secs] 
2016-09-25T23:54:18.185-0400: 82.959: [GC (GCLocker Initiated GC) [PSYoungGen: 88064K->67064K(175104K)] 553118K->532119K(699392K), 0.0079482 secs] [Times: user=0.08 sys=0.00, real=0.00 secs] 
2016-09-25T23:54:18.248-0400: 83.023: [GC (GCLocker Initiated GC) [PSYoungGen: 155128K->63567K(175104K)] 628540K->549571K(699392K), 0.0077136 secs] [Times: user=0.13 sys=0.00, real=0.01 secs] 
2016-09-25T23:54:18.256-0400: 83.030: [Full GC (Ergonomics) [PSYoungGen: 63567K->0K(175104K)] [ParOldGen: 486003K->457238K(524288K)] 549571K->457238K(699392K), [Metaspace: 43847K->43847K(1087488K)], 0.0527722 secs] [Times: user=0.48 sys=0.01, real=0.05 secs] 
2016-09-25T23:54:18.357-0400: 83.132: [GC (GCLocker Initiated GC) [PSYoungGen: 88064K->40745K(175104K)] 554879K->507561K(699392K), 0.0065444 secs] [Times: user=0.08 sys=0.00, real=0.01 secs] 
2016-09-25T23:54:18.403-0400: 83.178: [GC (GCLocker Initiated GC) [PSYoungGen: 128809K->74366K(175104K)] 598366K->558802K(699392K), 0.0090847 secs] [Times: user=0.12 sys=0.01, real=0.00 secs] 
2016-09-25T23:54:18.459-0400: 83.234: [Full GC (Ergonomics) [PSYoungGen: 162430K->0K(175104K)] [ParOldGen: 495358K->456892K(524288K)] 657789K->456892K(699392K), [Metaspace: 43848K->43848K(1087488K)], 0.0498020 secs] [Times: user=0.39 sys=0.00, real=0.05 secs] 
2016-09-25T23:54:18.554-0400: 83.329: [GC (GCLocker Initiated GC) [PSYoungGen: 88064K->57298K(175104K)] 547856K->517091K(699392K), 0.0061891 secs] [Times: user=0.09 sys=0.00, real=0.01 secs] 
2016-09-25T23:54:18.590-0400: 83.365: [GC (GCLocker Initiated GC) [PSYoungGen: 145362K->86550K(175104K)] 607958K->557404K(699392K), 0.0106300 secs] [Times: user=0.16 sys=0.01, real=0.01 secs] 
2016-09-25T23:54:18.659-0400: 83.433: [GC (Allocation Failure) [PSYoungGen: 174614K->58072K(175104K)] 647018K->558463K(699392K), 0.0082074 secs] [Times: user=0.09 sys=0.00, real=0.01 secs] 
2016-09-25T23:54:18.667-0400: 83.442: [Full GC (Ergonomics) [PSYoungGen: 58072K->0K(175104K)] [ParOldGen: 500391K->459203K(524288K)] 558463K->459203K(699392K), [Metaspace: 43848K->43848K(1087488K)], 0.0520284 secs] [Times: user=0.41 sys=0.00, real=0.05 secs] 
2016-09-25T23:54:18.768-0400: 83.542: [GC (GCLocker Initiated GC) [PSYoungGen: 87274K->47941K(175104K)] 549178K->509845K(699392K), 0.0120767 secs] [Times: user=0.13 sys=0.00, real=0.01 secs] 
2016-09-25T23:54:18.813-0400: 83.588: [GC (GCLocker Initiated GC) [PSYoungGen: 136005K->68744K(175104K)] 602110K->544482K(699392K), 0.0075427 secs] [Times: user=0.10 sys=0.00, real=0.01 secs] 
2016-09-25T23:54:18.864-0400: 83.638: [GC (GCLocker Initiated GC) [PSYoungGen: 156808K->83749K(175104K)] 635382K->591478K(699392K), 0.0110048 secs] [Times: user=0.16 sys=0.00, real=0.01 secs] 
2016-09-25T23:54:18.875-0400: 83.649: [Full GC (Ergonomics) [PSYoungGen: 83749K->0K(175104K)] [ParOldGen: 507728K->466759K(524288K)] 591478K->466759K(699392K), [Metaspace: 43848K->43848K(1087488K)], 0.0579345 secs] [Times: user=0.58 sys=0.00, real=0.05 secs] 
2016-09-25T23:54:18.977-0400: 83.752: [GC (GCLocker Initiated GC) [PSYoungGen: 88064K->74751K(175104K)] 554926K->541614K(699392K), 0.0093034 secs] [Times: user=0.13 sys=0.00, real=0.01 secs] 
2016-09-25T23:54:19.031-0400: 83.806: [GC (GCLocker Initiated GC) [PSYoungGen: 162815K->59869K(175104K)] 637908K->557968K(699392K), 0.0076567 secs] [Times: user=0.12 sys=0.00, real=0.01 secs] 
2016-09-25T23:54:19.039-0400: 83.814: [Full GC (Ergonomics) [PSYoungGen: 59869K->0K(175104K)] [ParOldGen: 498099K->465579K(524288K)] 557968K->465579K(699392K), [Metaspace: 43848K->43848K(1087488K)], 0.0559717 secs] [Times: user=0.57 sys=0.00, real=0.06 secs] 
2016-09-25T23:54:19.142-0400: 83.917: [GC (GCLocker Initiated GC) [PSYoungGen: 88064K->59002K(175104K)] 563131K->534070K(699392K), 0.0066877 secs] [Times: user=0.09 sys=0.00, real=0.00 secs] 
2016-09-25T23:54:19.198-0400: 83.972: [GC (Allocation Failure) [PSYoungGen: 147066K->45860K(175104K)] 630354K->534880K(699392K), 0.0123785 secs] [Times: user=0.18 sys=0.00, real=0.01 secs] 
2016-09-25T23:54:19.210-0400: 83.985: [Full GC (Ergonomics) [PSYoungGen: 45860K->0K(175104K)] [ParOldGen: 489020K->454147K(524288K)] 534880K->454147K(699392K), [Metaspace: 43848K->43848K(1087488K)], 0.1354579 secs] [Times: user=1.88 sys=0.01, real=0.14 secs] 
2016-09-25T23:54:19.379-0400: 84.154: [GC (GCLocker Initiated GC) [PSYoungGen: 88064K->85298K(175104K)] 544923K->542158K(699392K), 0.0080123 secs] [Times: user=0.10 sys=0.00, real=0.01 secs] 
2016-09-25T23:54:19.429-0400: 84.204: [GC (GCLocker Initiated GC) [PSYoungGen: 173362K->74402K(175104K)] 630273K->547309K(699392K), 0.0101480 secs] [Times: user=0.15 sys=0.00, real=0.01 secs] 
2016-09-25T23:54:19.494-0400: 84.268: [GC (GCLocker Initiated GC) [PSYoungGen: 162466K->52835K(175104K)] 643648K->543036K(699392K), 0.0102331 secs] [Times: user=0.13 sys=0.00, real=0.02 secs] 
2016-09-25T23:54:19.504-0400: 84.279: [Full GC (Ergonomics) [PSYoungGen: 52835K->0K(175104K)] [ParOldGen: 490200K->460289K(524288K)] 543036K->460289K(699392K), [Metaspace: 43861K->43861K(1087488K)], 0.0553215 secs] [Times: user=0.53 sys=0.00, real=0.05 secs] 
2016-09-25T23:54:19.595-0400: 84.369: [GC (GCLocker Initiated GC) [PSYoungGen: 88064K->80285K(175104K)] 551126K->543348K(699392K), 0.0078873 secs] [Times: user=0.11 sys=0.00, real=0.01 secs] 
2016-09-25T23:54:19.657-0400: 84.431: [GC (GCLocker Initiated GC) [PSYoungGen: 168349K->73117K(175104K)] 631503K->553996K(699392K), 0.0082313 secs] [Times: user=0.13 sys=0.00, real=0.01 secs] 
2016-09-25T23:54:19.706-0400: 84.481: [GC (GCLocker Initiated GC) [PSYoungGen: 161181K->63860K(175104K)] 646772K->559977K(699392K), 0.0074812 secs] [Times: user=0.12 sys=0.00, real=0.00 secs] 
2016-09-25T23:54:19.714-0400: 84.488: [Full GC (Ergonomics) [PSYoungGen: 63860K->0K(175104K)] [ParOldGen: 496116K->461552K(524288K)] 559977K->461552K(699392K), [Metaspace: 43861K->43861K(1087488K)], 0.0545474 secs] [Times: user=0.47 sys=0.01, real=0.06 secs] 
2016-09-25T23:54:19.816-0400: 84.590: [GC (GCLocker Initiated GC) [PSYoungGen: 88064K->66561K(175104K)] 550994K->529491K(699392K), 0.0071386 secs] [Times: user=0.10 sys=0.01, real=0.01 secs] 
2016-09-25T23:54:19.865-0400: 84.640: [GC (GCLocker Initiated GC) [PSYoungGen: 154625K->62224K(175104K)] 620306K->538620K(699392K), 0.0086508 secs] [Times: user=0.11 sys=0.00, real=0.00 secs] 
2016-09-25T23:54:19.914-0400: 84.689: [GC (GCLocker Initiated GC) [PSYoungGen: 150288K->72925K(175104K)] 627166K->565627K(699392K), 0.0079852 secs] [Times: user=0.12 sys=0.00, real=0.01 secs] 
2016-09-25T23:54:19.967-0400: 84.742: [GC (GCLocker Initiated GC) --[PSYoungGen: 160989K->160989K(175104K)] 654554K->685218K(699392K), 0.0131703 secs] [Times: user=0.14 sys=0.00, real=0.01 secs] 
2016-09-25T23:54:19.980-0400: 84.755: [Full GC (Ergonomics) [PSYoungGen: 160989K->0K(175104K)] [ParOldGen: 524228K->461781K(524288K)] 685218K->461781K(699392K), [Metaspace: 43861K->43861K(1087488K)], 0.0619284 secs] [Times: user=0.55 sys=0.02, real=0.07 secs] 
2016-09-25T23:54:20.084-0400: 84.858: [GC (GCLocker Initiated GC) [PSYoungGen: 88064K->85747K(175104K)] 551259K->551642K(699392K), 0.0084203 secs] [Times: user=0.13 sys=0.00, real=0.00 secs] 
2016-09-25T23:54:20.134-0400: 84.908: [GC (GCLocker Initiated GC) [PSYoungGen: 173811K->64891K(175104K)] 646845K->566476K(699392K), 0.0082013 secs] [Times: user=0.11 sys=0.00, real=0.01 secs] 
2016-09-25T23:54:20.142-0400: 84.917: [Full GC (Ergonomics) [PSYoungGen: 64891K->0K(175104K)] [ParOldGen: 501584K->467089K(524288K)] 566476K->467089K(699392K), [Metaspace: 43861K->43861K(1087488K)], 0.0485110 secs] [Times: user=0.39 sys=0.00, real=0.04 secs] 
2016-09-25T23:54:20.240-0400: 85.015: [GC (GCLocker Initiated GC) [PSYoungGen: 88064K->76042K(175104K)] 563743K->551721K(699392K), 0.0080240 secs] [Times: user=0.13 sys=0.00, real=0.01 secs] 
2016-09-25T23:54:20.298-0400: 85.073: [GC (GCLocker Initiated GC) [PSYoungGen: 164106K->40395K(175104K)] 642555K->548490K(699392K), 0.0065524 secs] [Times: user=0.07 sys=0.01, real=0.01 secs] 
2016-09-25T23:54:20.305-0400: 85.079: [Full GC (Ergonomics) [PSYoungGen: 40395K->0K(175104K)] [ParOldGen: 508094K->463022K(524288K)] 548490K->463022K(699392K), [Metaspace: 43861K->43861K(1087488K)], 0.0537437 secs] [Times: user=0.52 sys=0.00, real=0.05 secs] 
2016-09-25T23:54:20.390-0400: 85.164: [GC (GCLocker Initiated GC) [PSYoungGen: 88064K->84492K(175104K)] 553965K->550394K(699392K), 0.0147037 secs] [Times: user=0.20 sys=0.00, real=0.02 secs] 
2016-09-25T23:54:20.463-0400: 85.237: [GC (GCLocker Initiated GC) [PSYoungGen: 172556K->55403K(175104K)] 648034K->559630K(699392K), 0.0093553 secs] [Times: user=0.11 sys=0.00, real=0.00 secs] 
2016-09-25T23:54:20.472-0400: 85.247: [Full GC (Ergonomics) [PSYoungGen: 55403K->0K(175104K)] [ParOldGen: 504227K->480909K(524288K)] 559630K->480909K(699392K), [Metaspace: 43861K->43861K(1087488K)], 0.0505747 secs] [Times: user=0.48 sys=0.01, real=0.06 secs] 
2016-09-25T23:54:20.583-0400: 85.357: [Full GC (Ergonomics) [PSYoungGen: 88064K->0K(175104K)] [ParOldGen: 483776K->465326K(524288K)] 571840K->465326K(699392K), [Metaspace: 43861K->43861K(1087488K)], 0.0554278 secs] [Times: user=0.49 sys=0.00, real=0.05 secs] 
2016-09-25T23:54:20.680-0400: 85.455: [GC (GCLocker Initiated GC) [PSYoungGen: 88064K->73396K(175104K)] 556218K->541550K(699392K), 0.0069744 secs] [Times: user=0.09 sys=0.00, real=0.01 secs] 
2016-09-25T23:54:20.734-0400: 85.509: [GC (GCLocker Initiated GC) [PSYoungGen: 161460K->52989K(175104K)] 632373K->538804K(699392K), 0.0090540 secs] [Times: user=0.11 sys=0.00, real=0.01 secs] 
2016-09-25T23:54:20.743-0400: 85.518: [Full GC (Ergonomics) [PSYoungGen: 52989K->0K(175104K)] [ParOldGen: 485815K->472205K(524288K)] 538804K->472205K(699392K), [Metaspace: 43861K->43861K(1087488K)], 0.0571363 secs] [Times: user=0.56 sys=0.00, real=0.05 secs] 
2016-09-25T23:54:20.841-0400: 85.616: [GC (GCLocker Initiated GC) [PSYoungGen: 88064K->51992K(175104K)] 564402K->528330K(699392K), 0.0100802 secs] [Times: user=0.14 sys=0.00, real=0.01 secs] 
2016-09-25T23:54:20.887-0400: 85.662: [GC (GCLocker Initiated GC) [PSYoungGen: 140056K->78407K(175104K)] 616525K->567358K(699392K), 0.0089309 secs] [Times: user=0.14 sys=0.00, real=0.01 secs] 
2016-09-25T23:54:20.896-0400: 85.671: [Full GC (Ergonomics) [PSYoungGen: 78407K->0K(175104K)] [ParOldGen: 488951K->478971K(524288K)] 567358K->478971K(699392K), [Metaspace: 43861K->43861K(1087488K)], 0.0495591 secs] [Times: user=0.45 sys=0.00, real=0.05 secs] 
2016-09-25T23:54:20.986-0400: 85.761: [GC (GCLocker Initiated GC) [PSYoungGen: 88064K->80209K(175104K)] 572501K->564647K(699392K), 0.0074959 secs] [Times: user=0.10 sys=0.00, real=0.00 secs] 
2016-09-25T23:54:21.037-0400: 85.811: [Full GC (Ergonomics) [PSYoungGen: 168273K->0K(175104K)] [ParOldGen: 495333K->480315K(524288K)] 663607K->480315K(699392K), [Metaspace: 43864K->43864K(1087488K)], 0.0552602 secs] [Times: user=0.55 sys=0.00, real=0.05 secs] 
2016-09-25T23:54:21.137-0400: 85.911: [GC (GCLocker Initiated GC) [PSYoungGen: 88064K->75672K(175104K)] 571352K->558960K(699392K), 0.0068768 secs] [Times: user=0.11 sys=0.00, real=0.01 secs] 
2016-09-25T23:54:21.177-0400: 85.951: [GC (GCLocker Initiated GC) [PSYoungGen: 163736K->76905K(175104K)] 647282K->580340K(699392K), 0.0088483 secs] [Times: user=0.13 sys=0.00, real=0.01 secs] 
2016-09-25T23:54:21.186-0400: 85.960: [Full GC (Ergonomics) [PSYoungGen: 76905K->0K(175104K)] [ParOldGen: 503435K->484079K(524288K)] 580340K->484079K(699392K), [Metaspace: 43864K->43864K(1087488K)], 0.0512951 secs] [Times: user=0.42 sys=0.02, real=0.05 secs] 
2016-09-25T23:54:21.279-0400: 86.054: [GC (GCLocker Initiated GC) [PSYoungGen: 88064K->77286K(175104K)] 574926K->564149K(699392K), 0.0074825 secs] [Times: user=0.11 sys=0.00, real=0.01 secs] 
2016-09-25T23:54:21.336-0400: 86.111: [Full GC (Ergonomics) [PSYoungGen: 165350K->0K(175104K)] [ParOldGen: 496440K->479745K(524288K)] 661791K->479745K(699392K), [Metaspace: 43864K->43864K(1087488K)], 0.0540939 secs] [Times: user=0.46 sys=0.01, real=0.05 secs] 
2016-09-25T23:54:21.435-0400: 86.210: [GC (GCLocker Initiated GC) [PSYoungGen: 88064K->55267K(175104K)] 570609K->537813K(699392K), 0.0060717 secs] [Times: user=0.06 sys=0.00, real=0.00 secs] 
2016-09-25T23:54:21.479-0400: 86.254: [GC (GCLocker Initiated GC) [PSYoungGen: 143331K->67356K(175104K)] 626152K->559236K(699392K), 0.0104287 secs] [Times: user=0.16 sys=0.00, real=0.01 secs] 
2016-09-25T23:54:21.527-0400: 86.302: [Full GC (Ergonomics) [PSYoungGen: 155420K->0K(175104K)] [ParOldGen: 494735K->484067K(524288K)] 650156K->484067K(699392K), [Metaspace: 43864K->43864K(1087488K)], 0.0678187 secs] [Times: user=0.49 sys=0.01, real=0.07 secs] 
2016-09-25T23:54:21.595-0400: 86.370: [GC (GCLocker Initiated GC) [PSYoungGen: 74K->32K(175104K)] 484141K->484099K(699392K), 0.0027914 secs] [Times: user=0.03 sys=0.00, real=0.00 secs] 
2016-09-25T23:54:21.647-0400: 86.421: [GC (GCLocker Initiated GC) [PSYoungGen: 88096K->71664K(175104K)] 572171K->555740K(699392K), 0.0071272 secs] [Times: user=0.12 sys=0.01, real=0.00 secs] 
2016-09-25T23:54:21.690-0400: 86.465: [GC (GCLocker Initiated GC) [PSYoungGen: 159728K->79668K(175104K)] 649446K->573086K(699392K), 0.0096801 secs] [Times: user=0.13 sys=0.00, real=0.01 secs] 
2016-09-25T23:54:21.750-0400: 86.525: [Full GC (Ergonomics) [PSYoungGen: 167732K->0K(175104K)] [ParOldGen: 498946K->480451K(524288K)] 666679K->480451K(699392K), [Metaspace: 43864K->43864K(1087488K)], 0.0584716 secs] [Times: user=0.53 sys=0.01, real=0.06 secs] 
2016-09-25T23:54:21.845-0400: 86.620: [GC (GCLocker Initiated GC) [PSYoungGen: 88003K->81181K(175104K)] 569206K->562383K(699392K), 0.0104731 secs] [Times: user=0.14 sys=0.01, real=0.01 secs] 
2016-09-25T23:54:21.894-0400: 86.669: [GC (GCLocker Initiated GC) [PSYoungGen: 169245K->66075K(175104K)] 659990K->567377K(699392K), 0.0084487 secs] [Times: user=0.09 sys=0.00, real=0.01 secs] 
2016-09-25T23:54:21.903-0400: 86.677: [Full GC (Ergonomics) [PSYoungGen: 66075K->0K(175104K)] [ParOldGen: 501302K->486986K(524288K)] 567377K->486986K(699392K), [Metaspace: 43865K->43865K(1087488K)], 0.0462686 secs] [Times: user=0.40 sys=0.01, real=0.04 secs] 
2016-09-25T23:54:21.992-0400: 86.767: [GC (GCLocker Initiated GC) [PSYoungGen: 88064K->60836K(175104K)] 577875K->550648K(699392K), 0.0101814 secs] [Times: user=0.11 sys=0.00, real=0.02 secs] 
2016-09-25T23:54:22.043-0400: 86.817: [GC (GCLocker Initiated GC) [PSYoungGen: 148900K->61959K(175104K)] 639113K->557330K(699392K), 0.0101001 secs] [Times: user=0.11 sys=0.00, real=0.00 secs] 
2016-09-25T23:54:22.092-0400: 86.867: [Full GC (Ergonomics) [PSYoungGen: 150023K->0K(175104K)] [ParOldGen: 500904K->480415K(524288K)] 650927K->480415K(699392K), [Metaspace: 43865K->43865K(1087488K)], 0.0548041 secs] [Times: user=0.54 sys=0.00, real=0.06 secs] 
2016-09-25T23:54:22.182-0400: 86.957: [GC (GCLocker Initiated GC) [PSYoungGen: 88064K->85363K(175104K)] 568673K->571373K(699392K), 0.0090408 secs] [Times: user=0.12 sys=0.00, real=0.00 secs] 
2016-09-25T23:54:22.235-0400: 87.010: [GC (GCLocker Initiated GC) [PSYoungGen: 173427K->79641K(175104K)] 664880K->595170K(699392K), 0.0092416 secs] [Times: user=0.14 sys=0.00, real=0.01 secs] 
2016-09-25T23:54:22.245-0400: 87.019: [Full GC (Ergonomics) [PSYoungGen: 79641K->0K(175104K)] [ParOldGen: 515529K->488312K(524288K)] 595170K->488312K(699392K), [Metaspace: 43865K->43865K(1087488K)], 0.0470285 secs] [Times: user=0.39 sys=0.01, real=0.04 secs] 
2016-09-25T23:54:22.334-0400: 87.108: [GC (GCLocker Initiated GC) [PSYoungGen: 88064K->74337K(175104K)] 576534K->562808K(699392K), 0.0143310 secs] [Times: user=0.19 sys=0.00, real=0.02 secs] 
2016-09-25T23:54:22.384-0400: 87.159: [GC (GCLocker Initiated GC) [PSYoungGen: 162401K->74304K(175104K)] 654200K->581839K(699392K), 0.0091657 secs] [Times: user=0.14 sys=0.00, real=0.00 secs] 
2016-09-25T23:54:22.393-0400: 87.168: [Full GC (Ergonomics) [PSYoungGen: 74304K->0K(175104K)] [ParOldGen: 507535K->489466K(524288K)] 581839K->489466K(699392K), [Metaspace: 43865K->43865K(1087488K)], 0.0518718 secs] [Times: user=0.50 sys=0.00, real=0.06 secs] 
2016-09-25T23:54:22.496-0400: 87.270: [GC (GCLocker Initiated GC) [PSYoungGen: 88064K->55378K(175104K)] 584342K->551657K(699392K), 0.0063741 secs] [Times: user=0.07 sys=0.00, real=0.00 secs] 
2016-09-25T23:54:22.537-0400: 87.311: [GC (GCLocker Initiated GC) [PSYoungGen: 143442K->80929K(175104K)] 639822K->583747K(699392K), 0.0079758 secs] [Times: user=0.12 sys=0.00, real=0.01 secs] 
2016-09-25T23:54:22.545-0400: 87.319: [Full GC (Ergonomics) [PSYoungGen: 80929K->0K(175104K)] [ParOldGen: 502818K->494503K(524288K)] 583747K->494503K(699392K), [Metaspace: 43876K->43876K(1087488K)], 0.0543029 secs] [Times: user=0.55 sys=0.00, real=0.05 secs] 
2016-09-25T23:54:22.648-0400: 87.423: [Full GC (Ergonomics) [PSYoungGen: 88064K->0K(175104K)] [ParOldGen: 499958K->495070K(524288K)] 588022K->495070K(699392K), [Metaspace: 43886K->43886K(1087488K)], 0.0505618 secs] [Times: user=0.45 sys=0.00, real=0.05 secs] 
2016-09-25T23:54:22.742-0400: 87.517: [GC (GCLocker Initiated GC) [PSYoungGen: 88064K->86873K(175104K)] 584650K->588868K(699392K), 0.0085718 secs] [Times: user=0.13 sys=0.00, real=0.00 secs] 
2016-09-25T23:54:22.751-0400: 87.526: [Full GC (Ergonomics) [PSYoungGen: 86873K->0K(175104K)] [ParOldGen: 501994K->488132K(524288K)] 588868K->488132K(699392K), [Metaspace: 43913K->43913K(1087488K)], 0.0937698 secs] [Times: user=1.21 sys=0.01, real=0.10 secs] 
2016-09-25T23:54:22.884-0400: 87.659: [GC (GCLocker Initiated GC) [PSYoungGen: 88064K->86939K(175104K)] 578980K->577856K(699392K), 0.0079271 secs] [Times: user=0.11 sys=0.00, real=0.00 secs] 
2016-09-25T23:54:22.934-0400: 87.709: [GC (GCLocker Initiated GC) --[PSYoungGen: 175003K->175003K(175104K)] 667032K->698098K(699392K), 0.0123085 secs] [Times: user=0.12 sys=0.00, real=0.02 secs] 
2016-09-25T23:54:22.946-0400: 87.721: [Full GC (Ergonomics) [PSYoungGen: 175003K->0K(175104K)] [ParOldGen: 523094K->477222K(524288K)] 698098K->477222K(699392K), [Metaspace: 43913K->43913K(1087488K)], 0.0565207 secs] [Times: user=0.52 sys=0.01, real=0.06 secs] 
2016-09-25T23:54:23.046-0400: 87.821: [GC (GCLocker Initiated GC) [PSYoungGen: 88064K->84111K(175104K)] 568097K->564145K(699392K), 0.0075564 secs] [Times: user=0.11 sys=0.00, real=0.01 secs] 
2016-09-25T23:54:23.098-0400: 87.873: [GC (GCLocker Initiated GC) [PSYoungGen: 172175K->62095K(175104K)] 659126K->582703K(699392K), 0.0087748 secs] [Times: user=0.14 sys=0.00, real=0.01 secs] 
2016-09-25T23:54:23.107-0400: 87.882: [Full GC (Ergonomics) [PSYoungGen: 62095K->0K(175104K)] [ParOldGen: 520607K->490420K(524288K)] 582703K->490420K(699392K), [Metaspace: 43913K->43913K(1087488K)], 0.0609172 secs] [Times: user=0.52 sys=0.00, real=0.06 secs] 
2016-09-25T23:54:23.220-0400: 87.995: [Full GC (Ergonomics) [PSYoungGen: 88064K->0K(175104K)] [ParOldGen: 497346K->488241K(524288K)] 585410K->488241K(699392K), [Metaspace: 43913K->43913K(1087488K)], 0.0542070 secs] [Times: user=0.45 sys=0.00, real=0.06 secs] 
2016-09-25T23:54:23.320-0400: 88.095: [GC (GCLocker Initiated GC) [PSYoungGen: 88063K->62385K(175104K)] 577824K->552146K(699392K), 0.0072790 secs] [Times: user=0.09 sys=0.00, real=0.01 secs] 
2016-09-25T23:54:23.361-0400: 88.136: [Full GC (Ergonomics) [PSYoungGen: 150449K->0K(175104K)] [ParOldGen: 495305K->492038K(524288K)] 645754K->492038K(699392K), [Metaspace: 43913K->43913K(1087488K)], 0.0515153 secs] [Times: user=0.44 sys=0.01, real=0.05 secs] 
2016-09-25T23:54:23.459-0400: 88.233: [GC (GCLocker Initiated GC) [PSYoungGen: 88064K->71930K(175104K)] 580125K->564000K(699392K), 0.0081026 secs] [Times: user=0.12 sys=0.00, real=0.01 secs] 
2016-09-25T23:54:23.510-0400: 88.285: [Full GC (Ergonomics) [PSYoungGen: 159994K->0K(175104K)] [ParOldGen: 508545K->490556K(524288K)] 668540K->490556K(699392K), [Metaspace: 43915K->43915K(1087488K)], 0.0617284 secs] [Times: user=0.62 sys=0.00, real=0.06 secs] 
2016-09-25T23:54:23.616-0400: 88.391: [GC (GCLocker Initiated GC) [PSYoungGen: 88064K->70483K(175104K)] 578658K->561078K(699392K), 0.0077972 secs] [Times: user=0.09 sys=0.00, real=0.01 secs] 
2016-09-25T23:54:23.661-0400: 88.436: [GC (GCLocker Initiated GC) [PSYoungGen: 158547K->59205K(175104K)] 654739K->567410K(699392K), 0.0085399 secs] [Times: user=0.09 sys=0.00, real=0.01 secs] 
2016-09-25T23:54:23.670-0400: 88.444: [Full GC (Ergonomics) [PSYoungGen: 59205K->0K(175104K)] [ParOldGen: 508204K->491649K(524288K)] 567410K->491649K(699392K), [Metaspace: 43915K->43915K(1087488K)], 0.0555289 secs] [Times: user=0.53 sys=0.01, real=0.06 secs] 
2016-09-25T23:54:23.770-0400: 88.545: [GC (GCLocker Initiated GC) [PSYoungGen: 88064K->82828K(175104K)] 579797K->574561K(699392K), 0.0084172 secs] [Times: user=0.12 sys=0.00, real=0.01 secs] 
2016-09-25T23:54:23.821-0400: 88.595: [Full GC (Ergonomics) [PSYoungGen: 170892K->0K(175104K)] [ParOldGen: 503941K->490130K(524288K)] 674833K->490130K(699392K), [Metaspace: 43915K->43915K(1087488K)], 0.0562765 secs] [Times: user=0.57 sys=0.00, real=0.06 secs] 
2016-09-25T23:54:23.925-0400: 88.700: [GC (GCLocker Initiated GC) [PSYoungGen: 88064K->75949K(175104K)] 578309K->566195K(699392K), 0.0074152 secs] [Times: user=0.11 sys=0.00, real=0.00 secs] 
2016-09-25T23:54:23.975-0400: 88.750: [GC (GCLocker Initiated GC) [PSYoungGen: 164013K->64734K(175104K)] 654300K->572460K(699392K), 0.0079310 secs] [Times: user=0.10 sys=0.01, real=0.01 secs] 
2016-09-25T23:54:23.983-0400: 88.758: [Full GC (Ergonomics) [PSYoungGen: 64734K->0K(175104K)] [ParOldGen: 507726K->488500K(524288K)] 572460K->488500K(699392K), [Metaspace: 43915K->43915K(1087488K)], 0.0533427 secs] [Times: user=0.51 sys=0.00, real=0.05 secs] 
2016-09-25T23:54:24.070-0400: 88.845: [Full GC (Ergonomics) [PSYoungGen: 88064K->0K(175104K)] [ParOldGen: 496827K->505368K(524288K)] 584891K->505368K(699392K), [Metaspace: 43916K->43916K(1087488K)], 0.0594427 secs] [Times: user=0.58 sys=0.00, real=0.06 secs] 
2016-09-25T23:54:24.178-0400: 88.952: [Full GC (Ergonomics) [PSYoungGen: 88064K->0K(175104K)] [ParOldGen: 514190K->497963K(524288K)] 602254K->497963K(699392K), [Metaspace: 43916K->43916K(1087488K)], 0.0589053 secs] [Times: user=0.55 sys=0.00, real=0.06 secs] 
2016-09-25T23:54:24.287-0400: 89.062: [Full GC (Ergonomics) [PSYoungGen: 88064K->0K(175104K)] [ParOldGen: 505555K->482456K(524288K)] 593619K->482456K(699392K), [Metaspace: 43916K->43916K(1087488K)], 0.0533287 secs] [Times: user=0.49 sys=0.00, real=0.05 secs] 
2016-09-25T23:54:24.368-0400: 89.142: [GC (GCLocker Initiated GC) [PSYoungGen: 88064K->86493K(175104K)] 573370K->587999K(699392K), 0.0092851 secs] [Times: user=0.14 sys=0.00, real=0.01 secs] 
2016-09-25T23:54:24.377-0400: 89.152: [Full GC (Ergonomics) [PSYoungGen: 86493K->0K(175104K)] [ParOldGen: 501506K->501636K(524288K)] 587999K->501636K(699392K), [Metaspace: 43916K->43916K(1087488K)], 0.0516113 secs] [Times: user=0.50 sys=0.00, real=0.05 secs] 
2016-09-25T23:54:24.480-0400: 89.254: [Full GC (Ergonomics) [PSYoungGen: 88064K->0K(175104K)] [ParOldGen: 505720K->494250K(524288K)] 593784K->494250K(699392K), [Metaspace: 43916K->43916K(1087488K)], 0.0529729 secs] [Times: user=0.53 sys=0.01, real=0.05 secs] 
2016-09-25T23:54:24.573-0400: 89.348: [Full GC (Ergonomics) [PSYoungGen: 88064K->0K(175104K)] [ParOldGen: 498340K->494727K(524288K)] 586404K->494727K(699392K), [Metaspace: 43916K->43916K(1087488K)], 0.0539837 secs] [Times: user=0.51 sys=0.00, real=0.06 secs] 
2016-09-25T23:54:24.670-0400: 89.445: [Full GC (Ergonomics) [PSYoungGen: 88064K->0K(175104K)] [ParOldGen: 494852K->497981K(524288K)] 582916K->497981K(699392K), [Metaspace: 43916K->43916K(1087488K)], 0.0577323 secs] [Times: user=0.54 sys=0.00, real=0.06 secs] 
2016-09-25T23:54:24.771-0400: 89.545: [Full GC (Ergonomics) [PSYoungGen: 88064K->0K(175104K)] [ParOldGen: 502093K->495756K(524288K)] 590157K->495756K(699392K), [Metaspace: 43916K->43916K(1087488K)], 0.0552299 secs] [Times: user=0.48 sys=0.01, real=0.06 secs] 
2016-09-25T23:54:24.877-0400: 89.651: [Full GC (Ergonomics) [PSYoungGen: 88064K->0K(175104K)] [ParOldGen: 497373K->488186K(524288K)] 585437K->488186K(699392K), [Metaspace: 43916K->43916K(1087488K)], 0.0631012 secs] [Times: user=0.51 sys=0.01, real=0.06 secs] 
2016-09-25T23:54:24.990-0400: 89.764: [GC (GCLocker Initiated GC) [PSYoungGen: 88064K->86979K(175104K)] 579044K->588759K(699392K), 0.0084556 secs] [Times: user=0.12 sys=0.01, real=0.01 secs] 
2016-09-25T23:54:24.999-0400: 89.773: [Full GC (Ergonomics) [PSYoungGen: 86979K->0K(175104K)] [ParOldGen: 501780K->505059K(524288K)] 588759K->505059K(699392K), [Metaspace: 43916K->43916K(1087488K)], 0.0645945 secs] [Times: user=0.59 sys=0.01, real=0.07 secs] 
2016-09-25T23:54:25.108-0400: 89.883: [Full GC (Ergonomics) [PSYoungGen: 88064K->0K(175104K)] [ParOldGen: 514747K->508391K(524288K)] 602811K->508391K(699392K), [Metaspace: 43916K->43916K(1087488K)], 0.0600821 secs] [Times: user=0.56 sys=0.00, real=0.06 secs] 
2016-09-25T23:54:25.229-0400: 90.004: [Full GC (Ergonomics) [PSYoungGen: 88064K->0K(175104K)] [ParOldGen: 518276K->494235K(524288K)] 606340K->494235K(699392K), [Metaspace: 43916K->43916K(1087488K)], 0.0521497 secs] [Times: user=0.46 sys=0.01, real=0.05 secs] 
2016-09-25T23:54:25.321-0400: 90.096: [Full GC (Ergonomics) [PSYoungGen: 88064K->0K(175104K)] [ParOldGen: 496958K->497424K(524288K)] 585022K->497424K(699392K), [Metaspace: 43916K->43916K(1087488K)], 0.0817348 secs] [Times: user=1.03 sys=0.00, real=0.09 secs] 
2016-09-25T23:54:25.449-0400: 90.223: [Full GC (Ergonomics) [PSYoungGen: 88064K->0K(175104K)] [ParOldGen: 501702K->497998K(524288K)] 589766K->497998K(699392K), [Metaspace: 43916K->43916K(1087488K)], 0.0500762 secs] [Times: user=0.46 sys=0.00, real=0.05 secs] 
2016-09-25T23:54:25.550-0400: 90.325: [Full GC (Ergonomics) [PSYoungGen: 88064K->0K(175104K)] [ParOldGen: 510581K->498734K(524288K)] 598645K->498734K(699392K), [Metaspace: 43922K->43922K(1087488K)], 0.0549360 secs] [Times: user=0.51 sys=0.01, real=0.06 secs] 
2016-09-25T23:54:25.648-0400: 90.422: [Full GC (Ergonomics) [PSYoungGen: 88064K->0K(175104K)] [ParOldGen: 499758K->489892K(524288K)] 587822K->489892K(699392K), [Metaspace: 43922K->43922K(1087488K)], 0.0492409 secs] [Times: user=0.39 sys=0.00, real=0.05 secs] 
2016-09-25T23:54:25.731-0400: 90.506: [GC (GCLocker Initiated GC) [PSYoungGen: 88064K->76148K(175104K)] 583404K->571488K(699392K), 0.0074298 secs] [Times: user=0.08 sys=0.01, real=0.01 secs] 
2016-09-25T23:54:25.784-0400: 90.559: [Full GC (Ergonomics) [PSYoungGen: 164212K->0K(175104K)] [ParOldGen: 496875K->497644K(524288K)] 661087K->497644K(699392K), [Metaspace: 43922K->43922K(1087488K)], 0.0559382 secs] [Times: user=0.47 sys=0.00, real=0.05 secs] 
2016-09-25T23:54:25.885-0400: 90.660: [Full GC (Ergonomics) [PSYoungGen: 88064K->0K(175104K)] [ParOldGen: 507182K->498058K(524288K)] 595246K->498058K(699392K), [Metaspace: 43922K->43922K(1087488K)], 0.0594365 secs] [Times: user=0.57 sys=0.00, real=0.06 secs] 
2016-09-25T23:54:25.987-0400: 90.761: [Full GC (Ergonomics) [PSYoungGen: 88064K->0K(175104K)] [ParOldGen: 498315K->494626K(524288K)] 586379K->494626K(699392K), [Metaspace: 43922K->43922K(1087488K)], 0.0604352 secs] [Times: user=0.58 sys=0.01, real=0.06 secs] 
2016-09-25T23:54:26.087-0400: 90.862: [Full GC (Ergonomics) [PSYoungGen: 88064K->0K(175104K)] [ParOldGen: 500280K->501935K(524288K)] 588344K->501935K(699392K), [Metaspace: 43922K->43922K(1087488K)], 0.0516272 secs] [Times: user=0.41 sys=0.00, real=0.05 secs] 
2016-09-25T23:54:26.189-0400: 90.963: [Full GC (Ergonomics) [PSYoungGen: 88064K->0K(175104K)] [ParOldGen: 504939K->499926K(524288K)] 593003K->499926K(699392K), [Metaspace: 43922K->43922K(1087488K)], 0.0616671 secs] [Times: user=0.63 sys=0.00, real=0.06 secs] 
2016-09-25T23:54:26.282-0400: 91.057: [Full GC (Ergonomics) [PSYoungGen: 88064K->0K(175104K)] [ParOldGen: 500416K->502026K(524288K)] 588480K->502026K(699392K), [Metaspace: 43922K->43922K(1087488K)], 0.0641557 secs] [Times: user=0.57 sys=0.01, real=0.07 secs] 
2016-09-25T23:54:26.394-0400: 91.168: [Full GC (Ergonomics) [PSYoungGen: 88064K->0K(175104K)] [ParOldGen: 504792K->498259K(524288K)] 592856K->498259K(699392K), [Metaspace: 43922K->43922K(1087488K)], 0.0581097 secs] [Times: user=0.53 sys=0.02, real=0.06 secs] 
2016-09-25T23:54:26.485-0400: 91.260: [Full GC (Ergonomics) [PSYoungGen: 88064K->0K(175104K)] [ParOldGen: 498335K->506957K(524288K)] 586399K->506957K(699392K), [Metaspace: 43922K->43922K(1087488K)], 0.0560931 secs] [Times: user=0.53 sys=0.00, real=0.05 secs] 
2016-09-25T23:54:26.585-0400: 91.360: [Full GC (Ergonomics) [PSYoungGen: 88064K->0K(175104K)] [ParOldGen: 511182K->504837K(524288K)] 599246K->504837K(699392K), [Metaspace: 43922K->43922K(1087488K)], 0.0591793 secs] [Times: user=0.59 sys=0.00, real=0.06 secs] 
2016-09-25T23:54:26.645-0400: 91.420: [GC (GCLocker Initiated GC) [PSYoungGen: 174K->64K(175104K)] 505012K->504901K(699392K), 0.0030435 secs] [Times: user=0.03 sys=0.00, real=0.00 secs] 
2016-09-25T23:54:26.648-0400: 91.423: [Full GC (Ergonomics) [PSYoungGen: 64K->0K(175104K)] [ParOldGen: 504837K->503054K(524288K)] 504901K->503054K(699392K), [Metaspace: 43922K->43922K(1087488K)], 0.0979381 secs] [Times: user=1.31 sys=0.00, real=0.10 secs] 
2016-09-25T23:54:26.789-0400: 91.564: [Full GC (Ergonomics) [PSYoungGen: 88064K->0K(175104K)] [ParOldGen: 503060K->500838K(524288K)] 591124K->500838K(699392K), [Metaspace: 43924K->43924K(1087488K)], 0.0631487 secs] [Times: user=0.59 sys=0.00, real=0.06 secs] 
2016-09-25T23:54:26.905-0400: 91.680: [Full GC (Ergonomics) [PSYoungGen: 88064K->0K(175104K)] [ParOldGen: 509048K->498783K(524288K)] 597112K->498783K(699392K), [Metaspace: 43924K->43924K(1087488K)], 0.0623259 secs] [Times: user=0.55 sys=0.01, real=0.06 secs] 
2016-09-25T23:54:27.009-0400: 91.783: [Full GC (Ergonomics) [PSYoungGen: 88064K->0K(175104K)] [ParOldGen: 498912K->499334K(524288K)] 586976K->499334K(699392K), [Metaspace: 43924K->43924K(1087488K)], 0.0589897 secs] [Times: user=0.62 sys=0.00, real=0.06 secs] 
2016-09-25T23:54:27.106-0400: 91.881: [Full GC (Ergonomics) [PSYoungGen: 88064K->0K(175104K)] [ParOldGen: 505780K->509648K(524288K)] 593844K->509648K(699392K), [Metaspace: 43925K->43925K(1087488K)], 0.0571976 secs] [Times: user=0.44 sys=0.01, real=0.06 secs] 
2016-09-25T23:54:27.210-0400: 91.985: [Full GC (Ergonomics) [PSYoungGen: 88064K->0K(175104K)] [ParOldGen: 516592K->506023K(524288K)] 604656K->506023K(699392K), [Metaspace: 43925K->43925K(1087488K)], 0.0621981 secs] [Times: user=0.55 sys=0.00, real=0.06 secs] 
2016-09-25T23:54:27.311-0400: 92.085: [Full GC (Ergonomics) [PSYoungGen: 88064K->0K(175104K)] [ParOldGen: 506037K->501189K(524288K)] 594101K->501189K(699392K), [Metaspace: 43925K->43925K(1087488K)], 0.0581973 secs] [Times: user=0.54 sys=0.00, real=0.06 secs] 
2016-09-25T23:54:27.402-0400: 92.177: [Full GC (Ergonomics) [PSYoungGen: 88064K->0K(175104K)] [ParOldGen: 503988K->507358K(524288K)] 592052K->507358K(699392K), [Metaspace: 43925K->43925K(1087488K)], 0.0604073 secs] [Times: user=0.59 sys=0.00, real=0.06 secs] 
2016-09-25T23:54:27.506-0400: 92.281: [Full GC (Ergonomics) [PSYoungGen: 88064K->0K(175104K)] [ParOldGen: 511579K->506826K(524288K)] 599643K->506826K(699392K), [Metaspace: 43925K->43925K(1087488K)], 0.1171567 secs] [Times: user=1.61 sys=0.01, real=0.12 secs] 
2016-09-25T23:54:27.667-0400: 92.441: [Full GC (Ergonomics) [PSYoungGen: 88064K->0K(175104K)] [ParOldGen: 512295K->507351K(524288K)] 600359K->507351K(699392K), [Metaspace: 43925K->43925K(1087488K)], 0.0534427 secs] [Times: user=0.46 sys=0.00, real=0.05 secs] 
2016-09-25T23:54:27.768-0400: 92.543: [Full GC (Ergonomics) [PSYoungGen: 88064K->0K(175104K)] [ParOldGen: 507372K->497096K(524288K)] 595436K->497096K(699392K), [Metaspace: 43925K->43925K(1087488K)], 0.0603447 secs] [Times: user=0.52 sys=0.01, real=0.06 secs] 
2016-09-25T23:54:27.866-0400: 92.640: [Full GC (Ergonomics) [PSYoungGen: 88064K->0K(175104K)] [ParOldGen: 502560K->514006K(524288K)] 590624K->514006K(699392K), [Metaspace: 43925K->43925K(1087488K)], 0.0573296 secs] [Times: user=0.43 sys=0.00, real=0.06 secs] 
2016-09-25T23:54:27.965-0400: 92.740: [Full GC (Ergonomics) [PSYoungGen: 88064K->0K(175104K)] [ParOldGen: 516956K->514603K(524288K)] 605020K->514603K(699392K), [Metaspace: 43929K->43929K(1087488K)], 0.0565285 secs] [Times: user=0.57 sys=0.01, real=0.05 secs] 
2016-09-25T23:54:28.068-0400: 92.843: [Full GC (Ergonomics) [PSYoungGen: 88064K->0K(175104K)] [ParOldGen: 517391K->507148K(524288K)] 605455K->507148K(699392K), [Metaspace: 43929K->43929K(1087488K)], 0.0530105 secs] [Times: user=0.50 sys=0.01, real=0.05 secs] 
2016-09-25T23:54:28.168-0400: 92.943: [Full GC (Ergonomics) [PSYoungGen: 88064K->0K(175104K)] [ParOldGen: 515389K->507743K(524288K)] 603453K->507743K(699392K), [Metaspace: 43929K->43929K(1087488K)], 0.0579728 secs] [Times: user=0.50 sys=0.00, real=0.06 secs] 
2016-09-25T23:54:28.274-0400: 93.048: [Full GC (Ergonomics) [PSYoungGen: 88064K->0K(175104K)] [ParOldGen: 516080K->513759K(524288K)] 604144K->513759K(699392K), [Metaspace: 43929K->43929K(1087488K)], 0.0544483 secs] [Times: user=0.52 sys=0.00, real=0.06 secs] 
2016-09-25T23:54:28.374-0400: 93.149: [Full GC (Ergonomics) [PSYoungGen: 88064K->0K(175104K)] [ParOldGen: 518023K->514363K(524288K)] 606087K->514363K(699392K), [Metaspace: 43929K->43929K(1087488K)], 0.0576183 secs] [Times: user=0.56 sys=0.00, real=0.06 secs] 
2016-09-25T23:54:28.465-0400: 93.240: [Full GC (Ergonomics) [PSYoungGen: 88064K->0K(175104K)] [ParOldGen: 514489K->512211K(524288K)] 602553K->512211K(699392K), [Metaspace: 43929K->43929K(1087488K)], 0.0561400 secs] [Times: user=0.54 sys=0.00, real=0.05 secs] 
2016-09-25T23:54:28.566-0400: 93.340: [Full GC (Ergonomics) [PSYoungGen: 88064K->0K(175104K)] [ParOldGen: 521823K->510219K(524288K)] 609887K->510219K(699392K), [Metaspace: 43929K->43929K(1087488K)], 0.0629876 secs] [Times: user=0.52 sys=0.01, real=0.06 secs] 
2016-09-25T23:54:28.675-0400: 93.450: [Full GC (Ergonomics) [PSYoungGen: 88064K->0K(175104K)] [ParOldGen: 523766K->524219K(524288K)] 611830K->524219K(699392K), [Metaspace: 43929K->43929K(1087488K)], 0.0602149 secs] [Times: user=0.47 sys=0.02, real=0.06 secs] 
2016-09-25T23:54:28.781-0400: 93.555: [Full GC (Ergonomics) [PSYoungGen: 88064K->0K(175104K)] [ParOldGen: 524286K->501914K(524288K)] 612350K->501914K(699392K), [Metaspace: 43929K->43929K(1087488K)], 0.0506689 secs] [Times: user=0.42 sys=0.00, real=0.05 secs] 
2016-09-25T23:54:28.868-0400: 93.643: [Full GC (Ergonomics) [PSYoungGen: 88064K->0K(175104K)] [ParOldGen: 507485K->522711K(524288K)] 595549K->522711K(699392K), [Metaspace: 43929K->43929K(1087488K)], 0.0574800 secs] [Times: user=0.48 sys=0.01, real=0.06 secs] 
2016-09-25T23:54:28.968-0400: 93.742: [Full GC (Ergonomics) [PSYoungGen: 88064K->0K(175104K)] [ParOldGen: 522931K->511164K(524288K)] 610995K->511164K(699392K), [Metaspace: 43929K->43929K(1087488K)], 0.0540735 secs] [Times: user=0.52 sys=0.00, real=0.05 secs] 
2016-09-25T23:54:29.069-0400: 93.844: [Full GC (Ergonomics) [PSYoungGen: 88064K->0K(175104K)] [ParOldGen: 516667K->515577K(524288K)] 604731K->515577K(699392K), [Metaspace: 43929K->43929K(1087488K)], 0.0605658 secs] [Times: user=0.54 sys=0.00, real=0.06 secs] 
2016-09-25T23:54:29.171-0400: 93.946: [Full GC (Ergonomics) [PSYoungGen: 88064K->0K(175104K)] [ParOldGen: 517013K->510818K(524288K)] 605077K->510818K(699392K), [Metaspace: 43929K->43929K(1087488K)], 0.0542828 secs] [Times: user=0.48 sys=0.01, real=0.06 secs] 
2016-09-25T23:54:29.262-0400: 94.037: [Full GC (Ergonomics) [PSYoungGen: 88064K->0K(175104K)] [ParOldGen: 511010K->519441K(524288K)] 599074K->519441K(699392K), [Metaspace: 43929K->43929K(1087488K)], 0.0539640 secs] [Times: user=0.52 sys=0.01, real=0.05 secs] 
2016-09-25T23:54:29.364-0400: 94.139: [Full GC (Ergonomics) [PSYoungGen: 88064K->0K(175104K)] [ParOldGen: 524259K->516098K(524288K)] 612323K->516098K(699392K), [Metaspace: 43929K->43929K(1087488K)], 0.0567670 secs] [Times: user=0.52 sys=0.01, real=0.05 secs] 
2016-09-25T23:54:29.472-0400: 94.247: [Full GC (Ergonomics) [PSYoungGen: 88064K->0K(175104K)] [ParOldGen: 522885K->512683K(524288K)] 610949K->512683K(699392K), [Metaspace: 43929K->43929K(1087488K)], 0.0571288 secs] [Times: user=0.57 sys=0.00, real=0.06 secs] 
2016-09-25T23:54:29.569-0400: 94.344: [Full GC (Ergonomics) [PSYoungGen: 88064K->0K(175104K)] [ParOldGen: 514102K->513226K(524288K)] 602166K->513226K(699392K), [Metaspace: 43929K->43929K(1087488K)], 0.0558915 secs] [Times: user=0.56 sys=0.00, real=0.06 secs] 
2016-09-25T23:54:29.668-0400: 94.443: [Full GC (Ergonomics) [PSYoungGen: 88064K->0K(175104K)] [ParOldGen: 518902K->512468K(524288K)] 606966K->512468K(699392K), [Metaspace: 43929K->43929K(1087488K)], 0.0851506 secs] [Times: user=0.98 sys=0.01, real=0.08 secs] 
2016-09-25T23:54:29.795-0400: 94.570: [Full GC (Ergonomics) [PSYoungGen: 88064K->0K(175104K)] [ParOldGen: 515263K->511563K(524288K)] 603327K->511563K(699392K), [Metaspace: 43929K->43929K(1087488K)], 0.0530831 secs] [Times: user=0.44 sys=0.00, real=0.05 secs] 
2016-09-25T23:54:29.887-0400: 94.661: [Full GC (Ergonomics) [PSYoungGen: 88064K->0K(175104K)] [ParOldGen: 511713K->523074K(524288K)] 599777K->523074K(699392K), [Metaspace: 43929K->43929K(1087488K)], 0.0482687 secs] [Times: user=0.41 sys=0.00, real=0.05 secs] 
2016-09-25T23:54:29.973-0400: 94.748: [Full GC (Ergonomics) [PSYoungGen: 88064K->0K(175104K)] [ParOldGen: 523085K->520911K(524288K)] 611149K->520911K(699392K), [Metaspace: 43929K->43929K(1087488K)], 0.0607162 secs] [Times: user=0.62 sys=0.00, real=0.06 secs] 
2016-09-25T23:54:30.078-0400: 94.853: [Full GC (Ergonomics) [PSYoungGen: 86768K->0K(175104K)] [ParOldGen: 523611K->514680K(524288K)] 610379K->514680K(699392K), [Metaspace: 43929K->43929K(1087488K)], 0.0569016 secs] [Times: user=0.55 sys=0.00, real=0.06 secs] 
2016-09-25T23:54:30.169-0400: 94.943: [Full GC (Ergonomics) [PSYoungGen: 88064K->0K(175104K)] [ParOldGen: 514717K->522190K(524288K)] 602781K->522190K(699392K), [Metaspace: 43929K->43929K(1087488K)], 0.0498802 secs] [Times: user=0.44 sys=0.01, real=0.05 secs] 
2016-09-25T23:54:30.264-0400: 95.039: [Full GC (Ergonomics) [PSYoungGen: 88064K->0K(175104K)] [ParOldGen: 523556K->517233K(524288K)] 611620K->517233K(699392K), [Metaspace: 43930K->43930K(1087488K)], 0.0573838 secs] [Times: user=0.47 sys=0.02, real=0.05 secs] 
2016-09-25T23:54:30.373-0400: 95.147: [Full GC (Ergonomics) [PSYoungGen: 88064K->0K(175104K)] [ParOldGen: 520176K->515181K(524288K)] 608240K->515181K(699392K), [Metaspace: 43943K->43943K(1087488K)], 0.0599119 secs] [Times: user=0.52 sys=0.01, real=0.06 secs] 
2016-09-25T23:54:30.466-0400: 95.241: [Full GC (Ergonomics) [PSYoungGen: 88064K->2700K(175104K)] [ParOldGen: 517927K->522846K(524288K)] 605991K->525547K(699392K), [Metaspace: 43969K->43969K(1087488K)], 0.1171678 secs] [Times: user=1.75 sys=0.02, real=0.12 secs] 
2016-09-25T23:54:30.630-0400: 95.404: [Full GC (Ergonomics) [PSYoungGen: 87886K->0K(175104K)] [ParOldGen: 522846K->517959K(524288K)] 610732K->517959K(699392K), [Metaspace: 43969K->43969K(1087488K)], 0.0562226 secs] [Times: user=0.59 sys=0.02, real=0.06 secs] 
2016-09-25T23:54:30.731-0400: 95.505: [Full GC (Ergonomics) [PSYoungGen: 88064K->0K(175104K)] [ParOldGen: 518213K->515937K(524288K)] 606277K->515937K(699392K), [Metaspace: 43974K->43974K(1087488K)], 0.0586043 secs] [Times: user=0.52 sys=0.01, real=0.06 secs] 
2016-09-25T23:54:30.828-0400: 95.603: [Full GC (Ergonomics) [PSYoungGen: 88064K->1355K(175104K)] [ParOldGen: 524109K->523025K(524288K)] 612173K->524380K(699392K), [Metaspace: 43974K->43974K(1087488K)], 0.1762285 secs] [Times: user=2.77 sys=0.06, real=0.18 secs] 
2016-09-25T23:54:31.048-0400: 95.823: [Full GC (Ergonomics) [PSYoungGen: 87617K->2703K(175104K)] [ParOldGen: 523025K->522237K(524288K)] 610643K->524940K(699392K), [Metaspace: 43974K->43974K(1087488K)], 0.1560532 secs] [Times: user=2.42 sys=0.04, real=0.16 secs] 
2016-09-25T23:54:31.248-0400: 96.023: [Full GC (Ergonomics) [PSYoungGen: 88064K->0K(175104K)] [ParOldGen: 523057K->513291K(524288K)] 611121K->513291K(699392K), [Metaspace: 43980K->43980K(1087488K)], 0.0625223 secs] [Times: user=0.74 sys=0.01, real=0.06 secs] 
2016-09-25T23:54:31.350-0400: 96.124: [Full GC (Ergonomics) [PSYoungGen: 88064K->6750K(175104K)] [ParOldGen: 520295K->521981K(524288K)] 608359K->528731K(699392K), [Metaspace: 43980K->43980K(1087488K)], 0.1719983 secs] [Times: user=2.66 sys=0.07, real=0.17 secs] 
2016-09-25T23:54:31.576-0400: 96.351: [Full GC (Ergonomics) [PSYoungGen: 88064K->0K(175104K)] [ParOldGen: 522187K->517358K(524288K)] 610251K->517358K(699392K), [Metaspace: 43980K->43980K(1087488K)], 0.0626517 secs] [Times: user=0.75 sys=0.01, real=0.06 secs] 
2016-09-25T23:54:31.686-0400: 96.461: [Full GC (Ergonomics) [PSYoungGen: 88064K->0K(175104K)] [ParOldGen: 520084K->516360K(524288K)] 608148K->516360K(699392K), [Metaspace: 43980K->43980K(1087488K)], 0.0519921 secs] [Times: user=0.49 sys=0.01, real=0.05 secs] 
2016-09-25T23:54:31.777-0400: 96.551: [Full GC (Ergonomics) [PSYoungGen: 88064K->2765K(175104K)] [ParOldGen: 517749K->522275K(524288K)] 605813K->525041K(699392K), [Metaspace: 43980K->43980K(1087488K)], 0.1969670 secs] [Times: user=3.17 sys=0.03, real=0.19 secs] 
2016-09-25T23:54:32.018-0400: 96.793: [Full GC (Ergonomics) [PSYoungGen: 85699K->2719K(175104K)] [ParOldGen: 522275K->522766K(524288K)] 607975K->525485K(699392K), [Metaspace: 43980K->43980K(1087488K)], 0.1618612 secs] [Times: user=2.39 sys=0.00, real=0.16 secs] 
2016-09-25T23:54:32.232-0400: 97.006: [Full GC (Ergonomics) [PSYoungGen: 88064K->0K(175104K)] [ParOldGen: 524228K->518173K(524288K)] 612292K->518173K(699392K), [Metaspace: 43980K->43980K(1087488K)], 0.0635561 secs] [Times: user=0.72 sys=0.01, real=0.07 secs] 
2016-09-25T23:54:32.339-0400: 97.114: [Full GC (Ergonomics) [PSYoungGen: 88064K->6861K(175104K)] [ParOldGen: 520897K->522594K(524288K)] 608961K->529456K(699392K), [Metaspace: 43980K->43980K(1087488K)], 0.1659253 secs] [Times: user=2.48 sys=0.02, real=0.17 secs] 
2016-09-25T23:54:32.542-0400: 97.317: [Full GC (Ergonomics) [PSYoungGen: 88064K->0K(175104K)] [ParOldGen: 524021K->522034K(524288K)] 612085K->522034K(699392K), [Metaspace: 43980K->43980K(1087488K)], 0.0648756 secs] [Times: user=0.68 sys=0.02, real=0.06 secs] 
2016-09-25T23:54:32.649-0400: 97.424: [Full GC (Ergonomics) [PSYoungGen: 86023K->1350K(175104K)] [ParOldGen: 522034K->523990K(524288K)] 608057K->525340K(699392K), [Metaspace: 43980K->43980K(1087488K)], 0.1635830 secs] [Times: user=2.33 sys=0.02, real=0.16 secs] 
2016-09-25T23:54:32.861-0400: 97.636: [Full GC (Ergonomics) [PSYoungGen: 87769K->0K(175104K)] [ParOldGen: 523990K->520682K(524288K)] 611759K->520682K(699392K), [Metaspace: 43980K->43980K(1087488K)], 0.0579883 secs] [Times: user=0.51 sys=0.01, real=0.06 secs] 
2016-09-25T23:54:32.968-0400: 97.742: [Full GC (Ergonomics) [PSYoungGen: 86955K->4254K(175104K)] [ParOldGen: 523382K->522335K(524288K)] 610337K->526590K(699392K), [Metaspace: 43980K->43980K(1087488K)], 0.1712823 secs] [Times: user=2.51 sys=0.00, real=0.17 secs] 
2016-09-25T23:54:33.186-0400: 97.960: [Full GC (Ergonomics) [PSYoungGen: 88064K->9536K(175104K)] [ParOldGen: 522407K->523098K(524288K)] 610471K->532634K(699392K), [Metaspace: 43980K->43980K(1087488K)], 0.1590742 secs] [Times: user=2.38 sys=0.02, real=0.16 secs] 
2016-09-25T23:54:33.384-0400: 98.159: [Full GC (Ergonomics) [PSYoungGen: 87365K->2811K(175104K)] [ParOldGen: 523098K->523716K(524288K)] 610463K->526528K(699392K), [Metaspace: 43980K->43980K(1087488K)], 0.1549389 secs] [Times: user=2.29 sys=0.01, real=0.15 secs] 
2016-09-25T23:54:33.592-0400: 98.366: [Full GC (Ergonomics) [PSYoungGen: 87333K->5403K(175104K)] [ParOldGen: 523716K->523094K(524288K)] 611049K->528498K(699392K), [Metaspace: 43980K->43980K(1087488K)], 0.1582140 secs] [Times: user=2.32 sys=0.00, real=0.16 secs] 
2016-09-25T23:54:33.798-0400: 98.573: [Full GC (Ergonomics) [PSYoungGen: 87148K->2808K(175104K)] [ParOldGen: 523094K->522158K(524288K)] 610243K->524967K(699392K), [Metaspace: 43980K->43980K(1087488K)], 0.1578532 secs] [Times: user=2.33 sys=0.02, real=0.16 secs] 
2016-09-25T23:54:34.000-0400: 98.775: [Full GC (Ergonomics) [PSYoungGen: 86037K->8209K(175104K)] [ParOldGen: 522158K->524241K(524288K)] 608196K->532451K(699392K), [Metaspace: 43980K->43980K(1087488K)], 0.1524224 secs] [Times: user=2.20 sys=0.01, real=0.15 secs] 
2016-09-25T23:54:34.200-0400: 98.974: [Full GC (Ergonomics) [PSYoungGen: 88017K->2831K(175104K)] [ParOldGen: 524241K->523441K(524288K)] 612259K->526272K(699392K), [Metaspace: 43980K->43980K(1087488K)], 0.1603983 secs] [Times: user=2.37 sys=0.01, real=0.16 secs] 
2016-09-25T23:54:34.405-0400: 99.180: [Full GC (Ergonomics) [PSYoungGen: 88064K->6785K(175104K)] [ParOldGen: 523464K->524053K(524288K)] 611528K->530839K(699392K), [Metaspace: 43980K->43980K(1087488K)], 0.1704023 secs] [Times: user=2.52 sys=0.01, real=0.17 secs] 
2016-09-25T23:54:34.625-0400: 99.399: [Full GC (Ergonomics) [PSYoungGen: 88064K->10802K(175104K)] [ParOldGen: 524067K->523282K(524288K)] 612131K->534085K(699392K), [Metaspace: 43980K->43980K(1087488K)], 0.1626044 secs] [Times: user=2.29 sys=0.01, real=0.16 secs] 
2016-09-25T23:54:34.848-0400: 99.623: [Full GC (Ergonomics) [PSYoungGen: 88064K->5401K(175104K)] [ParOldGen: 523306K->523889K(524288K)] 611370K->529291K(699392K), [Metaspace: 43980K->43980K(1087488K)], 0.1593034 secs] [Times: user=2.36 sys=0.01, real=0.16 secs] 
2016-09-25T23:54:35.038-0400: 99.813: [Full GC (Ergonomics) [PSYoungGen: 87826K->14967K(175104K)] [ParOldGen: 523889K->521812K(524288K)] 611716K->536779K(699392K), [Metaspace: 43983K->43983K(1087488K)], 0.1635088 secs] [Times: user=2.33 sys=0.01, real=0.16 secs] 
2016-09-25T23:54:35.248-0400: 100.023: [Full GC (Ergonomics) [PSYoungGen: 86523K->8275K(175104K)] [ParOldGen: 521812K->522248K(524288K)] 608336K->530523K(699392K), [Metaspace: 43983K->43983K(1087488K)], 0.1510135 secs] [Times: user=2.12 sys=0.01, real=0.15 secs] 
2016-09-25T23:54:35.439-0400: 100.213: [Full GC (Ergonomics) [PSYoungGen: 87538K->8281K(175104K)] [ParOldGen: 522248K->522857K(524288K)] 609787K->531138K(699392K), [Metaspace: 43985K->43985K(1087488K)], 0.1552443 secs] [Times: user=2.28 sys=0.01, real=0.15 secs] 
2016-09-25T23:54:35.635-0400: 100.410: [Full GC (Ergonomics) [PSYoungGen: 88064K->13567K(175104K)] [ParOldGen: 523020K->523482K(524288K)] 611084K->537050K(699392K), [Metaspace: 43985K->43985K(1087488K)], 0.1597230 secs] [Times: user=2.39 sys=0.02, real=0.16 secs] 
2016-09-25T23:54:35.839-0400: 100.613: [Full GC (Ergonomics) [PSYoungGen: 86936K->6863K(175104K)] [ParOldGen: 523482K->524108K(524288K)] 610418K->530972K(699392K), [Metaspace: 43985K->43985K(1087488K)], 0.1629845 secs] [Times: user=2.40 sys=0.01, real=0.16 secs] 
2016-09-25T23:54:36.035-0400: 100.810: [Full GC (Ergonomics) [PSYoungGen: 87870K->8213K(175104K)] [ParOldGen: 524108K->524287K(524288K)] 611979K->532501K(699392K), [Metaspace: 43985K->43985K(1087488K)], 0.1606321 secs] [Times: user=2.35 sys=0.01, real=0.16 secs] 
2016-09-25T23:54:36.250-0400: 101.025: [Full GC (Ergonomics) [PSYoungGen: 87992K->9578K(175104K)] [ParOldGen: 524287K->523501K(524288K)] 612280K->533080K(699392K), [Metaspace: 43985K->43985K(1087488K)], 0.1902497 secs] [Times: user=2.32 sys=0.05, real=0.19 secs] 
2016-09-25T23:54:36.481-0400: 101.255: [Full GC (Ergonomics) [PSYoungGen: 88064K->12354K(175104K)] [ParOldGen: 523602K->523920K(524288K)] 611666K->536275K(699392K), [Metaspace: 43985K->43985K(1087488K)], 0.1598815 secs] [Times: user=2.36 sys=0.01, real=0.16 secs] 
2016-09-25T23:54:36.678-0400: 101.453: [Full GC (Ergonomics) [PSYoungGen: 85980K->21797K(175104K)] [ParOldGen: 523920K->523281K(524288K)] 609901K->545079K(699392K), [Metaspace: 43985K->43985K(1087488K)], 0.1504914 secs] [Times: user=2.15 sys=0.02, real=0.15 secs] 
2016-09-25T23:54:36.869-0400: 101.644: [Full GC (Ergonomics) [PSYoungGen: 88064K->5583K(175104K)] [ParOldGen: 523368K->523627K(524288K)] 611432K->529210K(699392K), [Metaspace: 43986K->43986K(1087488K)], 0.1551209 secs] [Times: user=2.28 sys=0.02, real=0.16 secs] 
2016-09-25T23:54:37.052-0400: 101.827: [Full GC (Ergonomics) [PSYoungGen: 87694K->19318K(175104K)] [ParOldGen: 523627K->522872K(524288K)] 611322K->542190K(699392K), [Metaspace: 43986K->43986K(1087488K)], 0.1628184 secs] [Times: user=2.33 sys=0.00, real=0.17 secs] 
2016-09-25T23:54:37.261-0400: 102.036: [Full GC (Ergonomics) [PSYoungGen: 85947K->12263K(175104K)] [ParOldGen: 522872K->522202K(524288K)] 608819K->534466K(699392K), [Metaspace: 43986K->43986K(1087488K)], 0.1585760 secs] [Times: user=2.37 sys=0.00, real=0.16 secs] 
2016-09-25T23:54:37.448-0400: 102.223: [Full GC (Ergonomics) [PSYoungGen: 88064K->26088K(175104K)] [ParOldGen: 522316K->523771K(524288K)] 610380K->549860K(699392K), [Metaspace: 43986K->43986K(1087488K)], 0.1629032 secs] [Times: user=2.47 sys=0.00, real=0.16 secs] 
2016-09-25T23:54:37.646-0400: 102.420: [Full GC (Ergonomics) [PSYoungGen: 87925K->17857K(175104K)] [ParOldGen: 524147K->523135K(524288K)] 612072K->540992K(699392K), [Metaspace: 43986K->43986K(1087488K)], 0.1588910 secs] [Times: user=2.23 sys=0.00, real=0.16 secs] 
2016-09-25T23:54:37.835-0400: 102.610: [Full GC (Ergonomics) [PSYoungGen: 88064K->24908K(175104K)] [ParOldGen: 523344K->523282K(524288K)] 611408K->548191K(699392K), [Metaspace: 43986K->43986K(1087488K)], 0.1580311 secs] [Times: user=2.28 sys=0.00, real=0.15 secs] 
2016-09-25T23:54:38.034-0400: 102.809: [Full GC (Ergonomics) [PSYoungGen: 86155K->20577K(175104K)] [ParOldGen: 523282K->522634K(524288K)] 609438K->543212K(699392K), [Metaspace: 43986K->43986K(1087488K)], 0.1635838 secs] [Times: user=2.38 sys=0.01, real=0.17 secs] 
2016-09-25T23:54:38.239-0400: 103.014: [Full GC (Ergonomics) [PSYoungGen: 88064K->10982K(175104K)] [ParOldGen: 522655K->521868K(524288K)] 610719K->532851K(699392K), [Metaspace: 43986K->43986K(1087488K)], 0.1951897 secs] [Times: user=2.41 sys=0.04, real=0.20 secs] 
2016-09-25T23:54:38.481-0400: 103.255: [Full GC (Ergonomics) [PSYoungGen: 87640K->15238K(175104K)] [ParOldGen: 523218K->523677K(524288K)] 610859K->538915K(699392K), [Metaspace: 43986K->43986K(1087488K)], 0.1533628 secs] [Times: user=2.23 sys=0.01, real=0.16 secs] 
2016-09-25T23:54:38.679-0400: 103.454: [Full GC (Ergonomics) [PSYoungGen: 87517K->20543K(175104K)] [ParOldGen: 523677K->522894K(524288K)] 611194K->543438K(699392K), [Metaspace: 43986K->43986K(1087488K)], 0.1490057 secs] [Times: user=2.16 sys=0.02, real=0.15 secs] 
2016-09-25T23:54:38.858-0400: 103.633: [Full GC (Ergonomics) [PSYoungGen: 86868K->20604K(175104K)] [ParOldGen: 522894K->522073K(524288K)] 609762K->542677K(699392K), [Metaspace: 43986K->43986K(1087488K)], 0.1567378 secs] [Times: user=2.32 sys=0.01, real=0.16 secs] 
2016-09-25T23:54:39.062-0400: 103.837: [Full GC (Ergonomics) [PSYoungGen: 85763K->16865K(175104K)] [ParOldGen: 522073K->522413K(524288K)] 607836K->539278K(699392K), [Metaspace: 43986K->43986K(1087488K)], 0.1621516 secs] [Times: user=2.31 sys=0.00, real=0.16 secs] 
2016-09-25T23:54:39.252-0400: 104.027: [Full GC (Ergonomics) [PSYoungGen: 86941K->18053K(175104K)] [ParOldGen: 523763K->523021K(524288K)] 610705K->541074K(699392K), [Metaspace: 43986K->43986K(1087488K)], 0.1597551 secs] [Times: user=2.30 sys=0.01, real=0.16 secs] 
2016-09-25T23:54:39.456-0400: 104.231: [Full GC (Ergonomics) [PSYoungGen: 87154K->15076K(175104K)] [ParOldGen: 523021K->522373K(524288K)] 610175K->537449K(699392K), [Metaspace: 43986K->43986K(1087488K)], 0.1663861 secs] [Times: user=2.47 sys=0.01, real=0.17 secs] 
2016-09-25T23:54:39.656-0400: 104.431: [Full GC (Ergonomics) [PSYoungGen: 88064K->19348K(175104K)] [ParOldGen: 523784K->522667K(524288K)] 611848K->542015K(699392K), [Metaspace: 43986K->43986K(1087488K)], 0.1585078 secs] [Times: user=2.23 sys=0.02, real=0.16 secs] 
2016-09-25T23:54:39.857-0400: 104.632: [Full GC (Ergonomics) [PSYoungGen: 86760K->23525K(175104K)] [ParOldGen: 522667K->521611K(524288K)] 609427K->545136K(699392K), [Metaspace: 43986K->43986K(1087488K)], 0.1648563 secs] [Times: user=2.38 sys=0.02, real=0.16 secs] 
2016-09-25T23:54:40.048-0400: 104.823: [Full GC (Ergonomics) [PSYoungGen: 86837K->23356K(175104K)] [ParOldGen: 521611K->523752K(524288K)] 608448K->547109K(699392K), [Metaspace: 43986K->43986K(1087488K)], 0.1561337 secs] [Times: user=2.32 sys=0.01, real=0.16 secs] 
2016-09-25T23:54:40.236-0400: 105.011: [Full GC (Ergonomics) [PSYoungGen: 87660K->20771K(175104K)] [ParOldGen: 523752K->523984K(524288K)] 611413K->544756K(699392K), [Metaspace: 43986K->43986K(1087488K)], 0.1667347 secs] [Times: user=2.51 sys=0.00, real=0.17 secs] 
2016-09-25T23:54:40.433-0400: 105.208: [Full GC (Ergonomics) [PSYoungGen: 87794K->23530K(175104K)] [ParOldGen: 523984K->521817K(524288K)] 611779K->545347K(699392K), [Metaspace: 43986K->43986K(1087488K)], 0.1603578 secs] [Times: user=2.28 sys=0.01, real=0.16 secs] 
2016-09-25T23:54:40.628-0400: 105.403: [Full GC (Ergonomics) [PSYoungGen: 86373K->23537K(175104K)] [ParOldGen: 521817K->523542K(524288K)] 608190K->547079K(699392K), [Metaspace: 43986K->43986K(1087488K)], 0.1549174 secs] [Times: user=2.25 sys=0.00, real=0.16 secs] 
2016-09-25T23:54:40.818-0400: 105.593: [Full GC (Ergonomics) [PSYoungGen: 87426K->23356K(175104K)] [ParOldGen: 523542K->524212K(524288K)] 610968K->547569K(699392K), [Metaspace: 43986K->43986K(1087488K)], 0.1622535 secs] [Times: user=2.42 sys=0.01, real=0.16 secs] 
2016-09-25T23:54:41.011-0400: 105.785: [Full GC (Ergonomics) [PSYoungGen: 87453K->27831K(175104K)] [ParOldGen: 524212K->521851K(524288K)] 611665K->549683K(699392K), [Metaspace: 43986K->43986K(1087488K)], 0.1579710 secs] [Times: user=2.33 sys=0.00, real=0.16 secs] 
2016-09-25T23:54:41.199-0400: 105.973: [Full GC (Ergonomics) [PSYoungGen: 88064K->17962K(175104K)] [ParOldGen: 522003K->523800K(524288K)] 610067K->541763K(699392K), [Metaspace: 43986K->43986K(1087488K)], 0.1539579 secs] [Times: user=2.27 sys=0.01, real=0.15 secs] 
2016-09-25T23:54:41.389-0400: 106.164: [Full GC (Ergonomics) [PSYoungGen: 88064K->31590K(175104K)] [ParOldGen: 523936K->522820K(524288K)] 612000K->554410K(699392K), [Metaspace: 43986K->43986K(1087488K)], 0.1600313 secs] [Times: user=2.35 sys=0.01, real=0.16 secs] 
2016-09-25T23:54:41.585-0400: 106.359: [Full GC (Ergonomics) [PSYoungGen: 88064K->25067K(175104K)] [ParOldGen: 522855K->521604K(524288K)] 610919K->546672K(699392K), [Metaspace: 43986K->43986K(1087488K)], 0.1720453 secs] [Times: user=2.45 sys=0.01, real=0.17 secs] 
2016-09-25T23:54:41.791-0400: 106.566: [Full GC (Ergonomics) [PSYoungGen: 86983K->27556K(175104K)] [ParOldGen: 521604K->522412K(524288K)] 608588K->549968K(699392K), [Metaspace: 43986K->43986K(1087488K)], 0.1566329 secs] [Times: user=2.26 sys=0.02, real=0.16 secs] 
2016-09-25T23:54:41.976-0400: 106.750: [Full GC (Ergonomics) [PSYoungGen: 88064K->26278K(175104K)] [ParOldGen: 522550K->524033K(524288K)] 610614K->550311K(699392K), [Metaspace: 43986K->43986K(1087488K)], 0.1651610 secs] [Times: user=2.47 sys=0.00, real=0.16 secs] 
2016-09-25T23:54:42.180-0400: 106.955: [Full GC (Ergonomics) [PSYoungGen: 88064K->23500K(175104K)] [ParOldGen: 524285K->522301K(524288K)] 612349K->545801K(699392K), [Metaspace: 43986K->43986K(1087488K)], 0.1560797 secs] [Times: user=2.33 sys=0.00, real=0.16 secs] 
2016-09-25T23:54:42.363-0400: 107.138: [Full GC (Ergonomics) [PSYoungGen: 88064K->26200K(175104K)] [ParOldGen: 522727K->523746K(524288K)] 610791K->549947K(699392K), [Metaspace: 43987K->43987K(1087488K)], 0.1574659 secs] [Times: user=2.27 sys=0.02, real=0.15 secs] 
2016-09-25T23:54:42.557-0400: 107.331: [Full GC (Ergonomics) [PSYoungGen: 86787K->23625K(175104K)] [ParOldGen: 523746K->524086K(524288K)] 610534K->547711K(699392K), [Metaspace: 43987K->43987K(1087488K)], 0.1630517 secs] [Times: user=2.34 sys=0.01, real=0.16 secs] 
2016-09-25T23:54:42.749-0400: 107.524: [Full GC (Ergonomics) [PSYoungGen: 88064K->31998K(175104K)] [ParOldGen: 524193K->522855K(524288K)] 612257K->554853K(699392K), [Metaspace: 43987K->43987K(1087488K)], 0.1516949 secs] [Times: user=2.20 sys=0.02, real=0.15 secs] 
2016-09-25T23:54:42.935-0400: 107.710: [Full GC (Ergonomics) [PSYoungGen: 88064K->33141K(175104K)] [ParOldGen: 523025K->522138K(524288K)] 611089K->555280K(699392K), [Metaspace: 43992K->43992K(1087488K)], 0.1580783 secs] [Times: user=2.22 sys=0.03, real=0.15 secs] 
2016-09-25T23:54:43.113-0400: 107.888: [Full GC (Ergonomics) [PSYoungGen: 87925K->43994K(175104K)] [ParOldGen: 522138K->522601K(524288K)] 610063K->566595K(699392K), [Metaspace: 43992K->43992K(1087488K)], 0.1530704 secs] [Times: user=2.24 sys=0.02, real=0.16 secs] 
2016-09-25T23:54:43.301-0400: 108.075: [Full GC (Ergonomics) [PSYoungGen: 85422K->20923K(175104K)] [ParOldGen: 522601K->524245K(524288K)] 608023K->545168K(699392K), [Metaspace: 43992K->43992K(1087488K)], 0.1569409 secs] [Times: user=2.20 sys=0.00, real=0.16 secs] 
2016-09-25T23:54:43.484-0400: 108.259: [Full GC (Ergonomics) [PSYoungGen: 85847K->34807K(175104K)] [ParOldGen: 524245K->521811K(524288K)] 610093K->556618K(699392K), [Metaspace: 43994K->43994K(1087488K)], 0.1671448 secs] [Times: user=2.35 sys=0.01, real=0.16 secs] 
2016-09-25T23:54:43.677-0400: 108.452: [Full GC (Ergonomics) [PSYoungGen: 86548K->27886K(175104K)] [ParOldGen: 521811K->522329K(524288K)] 608360K->550216K(699392K), [Metaspace: 43994K->43994K(1087488K)], 0.1587149 secs] [Times: user=2.07 sys=0.02, real=0.16 secs] 
2016-09-25T23:54:43.870-0400: 108.645: [Full GC (Ergonomics) [PSYoungGen: 88064K->30555K(175104K)] [ParOldGen: 522393K->523978K(524288K)] 610457K->554534K(699392K), [Metaspace: 43994K->43994K(1087488K)], 0.1586696 secs] [Times: user=2.29 sys=0.02, real=0.16 secs] 
2016-09-25T23:54:44.054-0400: 108.829: [Full GC (Ergonomics) [PSYoungGen: 86004K->38805K(175104K)] [ParOldGen: 523978K->521615K(524288K)] 609983K->560420K(699392K), [Metaspace: 43996K->43996K(1087488K)], 0.1629599 secs] [Times: user=2.03 sys=0.01, real=0.16 secs] 
2016-09-25T23:54:44.247-0400: 109.022: [Full GC (Ergonomics) [PSYoungGen: 88064K->26383K(175104K)] [ParOldGen: 521628K->523651K(524288K)] 609692K->550034K(699392K), [Metaspace: 43996K->43996K(1087488K)], 0.1628400 secs] [Times: user=2.33 sys=0.01, real=0.16 secs] 
2016-09-25T23:54:44.443-0400: 109.218: [Full GC (Ergonomics) [PSYoungGen: 88064K->30454K(175104K)] [ParOldGen: 523807K->524130K(524288K)] 611871K->554584K(699392K), [Metaspace: 43996K->43996K(1087488K)], 0.1598011 secs] [Times: user=2.28 sys=0.00, real=0.16 secs] 
2016-09-25T23:54:44.645-0400: 109.419: [Full GC (Ergonomics) [PSYoungGen: 88064K->31950K(175104K)] [ParOldGen: 524267K->524223K(524288K)] 612331K->556174K(699392K), [Metaspace: 43997K->43997K(1087488K)], 0.1799787 secs] [Times: user=2.28 sys=0.02, real=0.18 secs] 
2016-09-25T23:54:44.855-0400: 109.629: [Full GC (Ergonomics) [PSYoungGen: 87308K->33434K(175104K)] [ParOldGen: 524223K->523280K(524288K)] 611531K->556714K(699392K), [Metaspace: 43997K->43997K(1087488K)], 0.1624146 secs] [Times: user=2.33 sys=0.02, real=0.16 secs] 
2016-09-25T23:54:45.047-0400: 109.821: [Full GC (Ergonomics) [PSYoungGen: 87885K->33242K(175104K)] [ParOldGen: 523280K->522523K(524288K)] 611165K->555766K(699392K), [Metaspace: 43997K->43997K(1087488K)], 0.1879546 secs] [Times: user=2.58 sys=0.02, real=0.19 secs] 
2016-09-25T23:54:45.272-0400: 110.047: [Full GC (Ergonomics) [PSYoungGen: 88064K->34383K(175104K)] [ParOldGen: 522911K->523077K(524288K)] 610975K->557461K(699392K), [Metaspace: 43997K->43997K(1087488K)], 0.1825166 secs] [Times: user=2.25 sys=0.03, real=0.19 secs] 
2016-09-25T23:54:45.486-0400: 110.260: [Full GC (Ergonomics) [PSYoungGen: 86168K->27809K(175104K)] [ParOldGen: 523077K->523262K(524288K)] 609245K->551072K(699392K), [Metaspace: 43997K->43997K(1087488K)], 0.1851329 secs] [Times: user=2.38 sys=0.03, real=0.18 secs] 
2016-09-25T23:54:45.691-0400: 110.466: [Full GC (Ergonomics) [PSYoungGen: 86368K->44248K(175104K)] [ParOldGen: 523262K->522182K(524288K)] 609631K->566431K(699392K), [Metaspace: 43997K->43997K(1087488K)], 0.1671328 secs] [Times: user=2.34 sys=0.01, real=0.17 secs] 
2016-09-25T23:54:45.895-0400: 110.669: [Full GC (Ergonomics) [PSYoungGen: 88064K->34658K(175104K)] [ParOldGen: 522274K->523913K(524288K)] 610338K->558571K(699392K), [Metaspace: 43998K->43998K(1087488K)], 0.1651587 secs] [Times: user=2.23 sys=0.01, real=0.16 secs] 
2016-09-25T23:54:46.091-0400: 110.866: [Full GC (Ergonomics) [PSYoungGen: 85483K->34885K(175104K)] [ParOldGen: 523913K->524126K(524288K)] 609396K->559012K(699392K), [Metaspace: 43998K->43998K(1087488K)], 0.1572982 secs] [Times: user=2.31 sys=0.02, real=0.16 secs] 
2016-09-25T23:54:46.280-0400: 111.055: [Full GC (Ergonomics) [PSYoungGen: 88064K->36185K(175104K)] [ParOldGen: 524235K->523112K(524288K)] 612299K->559297K(699392K), [Metaspace: 43999K->43999K(1087488K)], 0.1563732 secs] [Times: user=2.05 sys=0.01, real=0.16 secs] 
2016-09-25T23:54:46.463-0400: 111.238: [Full GC (Ergonomics) [PSYoungGen: 88060K->34666K(175104K)] [ParOldGen: 523368K->523836K(524288K)] 611428K->558502K(699392K), [Metaspace: 43999K->43999K(1087488K)], 0.1583237 secs] [Times: user=2.22 sys=0.02, real=0.15 secs] 
2016-09-25T23:54:46.653-0400: 111.428: [Full GC (Ergonomics) [PSYoungGen: 88064K->38676K(175104K)] [ParOldGen: 523977K->524141K(524288K)] 612041K->562817K(699392K), [Metaspace: 43999K->43999K(1087488K)], 0.1577929 secs] [Times: user=2.18 sys=0.01, real=0.16 secs] 
2016-09-25T23:54:46.845-0400: 111.619: [Full GC (Ergonomics) [PSYoungGen: 87754K->41801K(175104K)] [ParOldGen: 524141K->524219K(524288K)] 611895K->566020K(699392K), [Metaspace: 43999K->43999K(1087488K)], 0.1685626 secs] [Times: user=2.08 sys=0.01, real=0.16 secs] 
2016-09-25T23:54:47.042-0400: 111.817: [Full GC (Ergonomics) [PSYoungGen: 88064K->37600K(175104K)] [ParOldGen: 524234K->523236K(524288K)] 612298K->560837K(699392K), [Metaspace: 44000K->44000K(1087488K)], 0.1801931 secs] [Times: user=2.03 sys=0.02, real=0.19 secs] 
2016-09-25T23:54:47.263-0400: 112.038: [Full GC (Ergonomics) [PSYoungGen: 87423K->28124K(175104K)] [ParOldGen: 523236K->523649K(524288K)] 610659K->551773K(699392K), [Metaspace: 44000K->44000K(1087488K)], 0.2053980 secs] [Times: user=1.79 sys=0.00, real=0.20 secs] 
2016-09-25T23:54:47.517-0400: 112.291: [Full GC (Ergonomics) [PSYoungGen: 87493K->37707K(175104K)] [ParOldGen: 523649K->523830K(524288K)] 611143K->561538K(699392K), [Metaspace: 44000K->44000K(1087488K)], 0.1957483 secs] [Times: user=1.52 sys=0.01, real=0.19 secs] 
2016-09-25T23:54:47.756-0400: 112.531: [Full GC (Ergonomics) [PSYoungGen: 88064K->37713K(175104K)] [ParOldGen: 523912K->524208K(524288K)] 611976K->561922K(699392K), [Metaspace: 44000K->44000K(1087488K)], 0.2227007 secs] [Times: user=1.95 sys=0.02, real=0.22 secs] 
2016-09-25T23:54:48.063-0400: 112.838: [Full GC (Ergonomics) [PSYoungGen: 87454K->43555K(175104K)] [ParOldGen: 524208K->521756K(524288K)] 611663K->565312K(699392K), [Metaspace: 44000K->44000K(1087488K)], 0.1874127 secs] [Times: user=2.30 sys=0.00, real=0.18 secs] 
2016-09-25T23:54:48.291-0400: 113.066: [Full GC (Ergonomics) [PSYoungGen: 88064K->39140K(175104K)] [ParOldGen: 521843K->523534K(524288K)] 609907K->562674K(699392K), [Metaspace: 44000K->44000K(1087488K)], 0.2002015 secs] [Times: user=2.01 sys=0.01, real=0.20 secs] 
2016-09-25T23:54:48.544-0400: 113.319: [Full GC (Ergonomics) [PSYoungGen: 87575K->34442K(175104K)] [ParOldGen: 523534K->522062K(524288K)] 611110K->556505K(699392K), [Metaspace: 44000K->44000K(1087488K)], 0.2506085 secs] [Times: user=2.30 sys=0.02, real=0.25 secs] 
2016-09-25T23:54:48.829-0400: 113.604: [Full GC (Ergonomics) [PSYoungGen: 88064K->52386K(175104K)] [ParOldGen: 522329K->521717K(524288K)] 610393K->574104K(699392K), [Metaspace: 44000K->44000K(1087488K)], 0.2402965 secs] [Times: user=2.56 sys=0.02, real=0.24 secs] 
2016-09-25T23:54:49.109-0400: 113.884: [Full GC (Ergonomics) [PSYoungGen: 88064K->55259K(175104K)] [ParOldGen: 521822K->521559K(524288K)] 609886K->576819K(699392K), [Metaspace: 44000K->44000K(1087488K)], 0.1657161 secs] [Times: user=2.12 sys=0.03, real=0.17 secs] 
2016-09-25T23:54:49.322-0400: 114.097: [Full GC (Ergonomics) [PSYoungGen: 87890K->40086K(175104K)] [ParOldGen: 522909K->524246K(524288K)] 610800K->564332K(699392K), [Metaspace: 44011K->44011K(1087488K)], 0.1716712 secs] [Times: user=2.30 sys=0.02, real=0.16 secs] 
2016-09-25T23:54:49.505-0400: 114.280: [Full GC (Ergonomics) [PSYoungGen: 88064K->47191K(175104K)] [ParOldGen: 524272K->523949K(524288K)] 612336K->571141K(699392K), [Metaspace: 44011K->44011K(1087488K)], 0.1442811 secs] [Times: user=1.76 sys=0.01, real=0.14 secs] 
2016-09-25T23:54:49.680-0400: 114.455: [Full GC (Ergonomics) [PSYoungGen: 88064K->54075K(175104K)] [ParOldGen: 524070K->523752K(524288K)] 612134K->577827K(699392K), [Metaspace: 44011K->44011K(1087488K)], 0.2228053 secs] [Times: user=2.73 sys=0.02, real=0.23 secs] 
2016-09-25T23:54:49.940-0400: 114.715: [Full GC (Ergonomics) [PSYoungGen: 87050K->32214K(175104K)] [ParOldGen: 523752K->524172K(524288K)] 610802K->556386K(699392K), [Metaspace: 44011K->44011K(1087488K)], 0.1868344 secs] [Times: user=2.06 sys=0.01, real=0.19 secs] 
2016-09-25T23:54:50.158-0400: 114.933: [Full GC (Ergonomics) [PSYoungGen: 87629K->44517K(175104K)] [ParOldGen: 524172K->523252K(524288K)] 611801K->567769K(699392K), [Metaspace: 44011K->44011K(1087488K)], 0.1698062 secs] [Times: user=2.01 sys=0.02, real=0.17 secs] 
2016-09-25T23:54:50.369-0400: 115.144: [Full GC (Ergonomics) [PSYoungGen: 88064K->52764K(175104K)] [ParOldGen: 523450K->523279K(524288K)] 611514K->576044K(699392K), [Metaspace: 44011K->44011K(1087488K)], 0.1705663 secs] [Times: user=1.71 sys=0.02, real=0.17 secs] 
2016-09-25T23:54:50.567-0400: 115.342: [Full GC (Ergonomics) [PSYoungGen: 87166K->42846K(175104K)] [ParOldGen: 523279K->524080K(524288K)] 610445K->566926K(699392K), [Metaspace: 44011K->44011K(1087488K)], 0.1620697 secs] [Times: user=2.01 sys=0.02, real=0.16 secs] 
2016-09-25T23:54:50.756-0400: 115.531: [Full GC (Ergonomics) [PSYoungGen: 86939K->50073K(175104K)] [ParOldGen: 524080K->523928K(524288K)] 611019K->574001K(699392K), [Metaspace: 44011K->44011K(1087488K)], 0.1622929 secs] [Times: user=1.93 sys=0.02, real=0.16 secs] 
2016-09-25T23:54:50.956-0400: 115.731: [Full GC (Ergonomics) [PSYoungGen: 85728K->42038K(175104K)] [ParOldGen: 523928K->524132K(524288K)] 609656K->566171K(699392K), [Metaspace: 44011K->44011K(1087488K)], 0.1803746 secs] [Times: user=2.06 sys=0.02, real=0.18 secs] 
2016-09-25T23:54:51.175-0400: 115.949: [Full GC (Ergonomics) [PSYoungGen: 87991K->38485K(175104K)] [ParOldGen: 524132K->524017K(524288K)] 612123K->562502K(699392K), [Metaspace: 44011K->44011K(1087488K)], 0.1796860 secs] [Times: user=2.03 sys=0.00, real=0.18 secs] 
2016-09-25T23:54:51.381-0400: 116.155: [Full GC (Ergonomics) [PSYoungGen: 88064K->43957K(175104K)] [ParOldGen: 524159K->524266K(524288K)] 612223K->568223K(699392K), [Metaspace: 44018K->44018K(1087488K)], 0.1890141 secs] [Times: user=2.04 sys=0.02, real=0.19 secs] 
2016-09-25T23:54:51.600-0400: 116.375: [Full GC (Ergonomics) [PSYoungGen: 87279K->34747K(175104K)] [ParOldGen: 524266K->524205K(524288K)] 611545K->558953K(699392K), [Metaspace: 44018K->44018K(1087488K)], 0.1772248 secs] [Times: user=2.07 sys=0.02, real=0.18 secs] 
2016-09-25T23:54:51.799-0400: 116.574: [Full GC (Ergonomics) [PSYoungGen: 88064K->44755K(175104K)] [ParOldGen: 524232K->524158K(524288K)] 612296K->568913K(699392K), [Metaspace: 44018K->44018K(1087488K)], 0.1692124 secs] [Times: user=1.91 sys=0.01, real=0.17 secs] 
2016-09-25T23:54:51.995-0400: 116.770: [Full GC (Ergonomics) [PSYoungGen: 86665K->54558K(175104K)] [ParOldGen: 524158K->524064K(524288K)] 610823K->578622K(699392K), [Metaspace: 44018K->44018K(1087488K)], 0.1642506 secs] [Times: user=2.25 sys=0.01, real=0.16 secs] 
2016-09-25T23:54:52.266-0400: 117.041: [Full GC (Ergonomics) [PSYoungGen: 88064K->4336K(175104K)] [ParOldGen: 524131K->523734K(524288K)] 612195K->528071K(699392K), [Metaspace: 44051K->44051K(1087488K)], 0.2806164 secs] [Times: user=3.24 sys=0.04, real=0.28 secs] 
2016-09-25T23:54:56.973-0400: 121.748: [Full GC (Ergonomics) [PSYoungGen: 88064K->0K(175104K)] [ParOldGen: 523734K->501640K(524288K)] 611798K->501640K(699392K), [Metaspace: 44090K->44067K(1087488K)], 0.1056755 secs] [Times: user=0.83 sys=0.03, real=0.11 secs] 
2016-09-25T23:55:01.800-0400: 126.574: [Full GC (Ergonomics) [PSYoungGen: 88064K->0K(175104K)] [ParOldGen: 501640K->506673K(524288K)] 589704K->506673K(699392K), [Metaspace: 44077K->44077K(1087488K)], 0.0932226 secs] [Times: user=0.76 sys=0.06, real=0.09 secs] 
2016-09-25T23:55:06.727-0400: 131.502: [Full GC (Ergonomics) [PSYoungGen: 88064K->0K(175104K)] [ParOldGen: 506673K->504651K(524288K)] 594737K->504651K(699392K), [Metaspace: 44077K->44077K(1087488K)], 0.1210634 secs] [Times: user=1.22 sys=0.02, real=0.12 secs] 
2016-09-25T23:55:11.530-0400: 136.305: [Full GC (Ergonomics) [PSYoungGen: 88064K->0K(175104K)] [ParOldGen: 504651K->504098K(524288K)] 592715K->504098K(699392K), [Metaspace: 44087K->44087K(1087488K)], 0.1273480 secs] [Times: user=1.20 sys=0.02, real=0.13 secs] 
2016-09-25T23:55:16.427-0400: 141.201: [Full GC (Ergonomics) [PSYoungGen: 88064K->0K(175104K)] [ParOldGen: 504098K->504335K(524288K)] 592162K->504335K(699392K), [Metaspace: 44098K->44098K(1087488K)], 0.1010549 secs] [Times: user=0.77 sys=0.01, real=0.10 secs] 
2016-09-25T23:55:21.256-0400: 146.031: [Full GC (Ergonomics) [PSYoungGen: 88064K->0K(175104K)] [ParOldGen: 504335K->465138K(524288K)] 592399K->465138K(699392K), [Metaspace: 44108K->44108K(1087488K)], 0.1006955 secs] [Times: user=0.86 sys=0.03, real=0.10 secs] 
