Java HotSpot(TM) 64-Bit Server VM (25.101-b13) for linux-amd64 JRE (1.8.0_101-b13), built on Jun 22 2016 02:59:44 by "java_re" with gcc 4.3.0 20080428 (Red Hat 4.3.0-8)
Memory: 4k page, physical 264122324k(155596160k free), swap 268399612k(268399612k free)
CommandLine flags: -XX:GCLogFileSize=1048576 -XX:+HeapDumpOnOutOfMemoryError -XX:HeapDumpPath=artifacts/heapdump -XX:InitialHeapSize=805306368 -XX:MaxHeapSize=805306368 -XX:NumberOfGCLogFiles=10 -XX:+PrintGC -XX:+PrintGCDateStamps -XX:+PrintGCDetails -XX:+PrintGCTimeStamps -XX:+UseCompressedClassPointers -XX:+UseCompressedOops -XX:+UseGCLogFileRotation -XX:+UseParallelGC 
2016-09-22T22:33:41.899-0400: 2.189: [GC (Metadata GC Threshold) [PSYoungGen: 121898K->15513K(229376K)] 121898K->15601K(753664K), 0.0194253 secs] [Times: user=0.11 sys=0.00, real=0.02 secs] 
2016-09-22T22:33:41.918-0400: 2.208: [Full GC (Metadata GC Threshold) [PSYoungGen: 15513K->0K(229376K)] [ParOldGen: 88K->14600K(352768K)] 15601K->14600K(582144K), [Metaspace: 21073K->21073K(1067008K)], 0.0479061 secs] [Times: user=0.36 sys=0.01, real=0.04 secs] 
2016-09-22T22:33:43.651-0400: 3.940: [GC (Metadata GC Threshold) [PSYoungGen: 128154K->14889K(229376K)] 142755K->29625K(582144K), 0.0180235 secs] [Times: user=0.18 sys=0.01, real=0.02 secs] 
2016-09-22T22:33:43.669-0400: 3.959: [Full GC (Metadata GC Threshold) [PSYoungGen: 14889K->0K(229376K)] [ParOldGen: 14736K->20408K(524288K)] 29625K->20408K(753664K), [Metaspace: 35048K->35048K(1079296K)], 0.0544793 secs] [Times: user=0.52 sys=0.01, real=0.05 secs] 
2016-09-22T22:33:45.225-0400: 5.515: [GC (GCLocker Initiated GC) [PSYoungGen: 195087K->32751K(229376K)] 218196K->64578K(753664K), 0.0127537 secs] [Times: user=0.13 sys=0.01, real=0.02 secs] 
2016-09-22T22:33:45.452-0400: 5.742: [GC (GCLocker Initiated GC) [PSYoungGen: 229359K->32111K(229376K)] 261218K->66678K(753664K), 0.0069730 secs] [Times: user=0.06 sys=0.03, real=0.01 secs] 
2016-09-22T22:33:45.636-0400: 5.926: [GC (GCLocker Initiated GC) [PSYoungGen: 228719K->32321K(229376K)] 268894K->72504K(753664K), 0.0052526 secs] [Times: user=0.06 sys=0.00, real=0.00 secs] 
2016-09-22T22:33:45.801-0400: 6.091: [GC (GCLocker Initiated GC) [PSYoungGen: 228929K->32742K(179200K)] 271879K->98252K(703488K), 0.0101043 secs] [Times: user=0.06 sys=0.04, real=0.01 secs] 
2016-09-22T22:33:45.938-0400: 6.228: [GC (GCLocker Initiated GC) [PSYoungGen: 179174K->57546K(204288K)] 244929K->123309K(728576K), 0.0059256 secs] [Times: user=0.05 sys=0.01, real=0.00 secs] 
2016-09-22T22:33:46.053-0400: 6.343: [GC (GCLocker Initiated GC) [PSYoungGen: 203978K->56526K(174592K)] 269785K->143941K(698880K), 0.0216193 secs] [Times: user=0.28 sys=0.03, real=0.03 secs] 
2016-09-22T22:33:46.163-0400: 6.453: [GC (GCLocker Initiated GC) [PSYoungGen: 173262K->43427K(189440K)] 263615K->155139K(713728K), 0.0079792 secs] [Times: user=0.07 sys=0.02, real=0.01 secs] 
2016-09-22T22:33:46.268-0400: 6.558: [GC (GCLocker Initiated GC) [PSYoungGen: 160163K->37784K(181760K)] 271993K->185363K(706048K), 0.0093139 secs] [Times: user=0.09 sys=0.02, real=0.01 secs] 
2016-09-22T22:33:46.375-0400: 6.665: [GC (GCLocker Initiated GC) [PSYoungGen: 156056K->39145K(186368K)] 313229K->221080K(710656K), 0.0061450 secs] [Times: user=0.06 sys=0.00, real=0.00 secs] 
2016-09-22T22:33:46.489-0400: 6.779: [GC (GCLocker Initiated GC) [PSYoungGen: 157417K->22833K(192000K)] 346335K->220330K(716288K), 0.0117924 secs] [Times: user=0.13 sys=0.01, real=0.01 secs] 
2016-09-22T22:33:46.595-0400: 6.885: [GC (GCLocker Initiated GC) [PSYoungGen: 151345K->55072K(183808K)] 348882K->253468K(708096K), 0.0053405 secs] [Times: user=0.05 sys=0.00, real=0.00 secs] 
2016-09-22T22:33:46.719-0400: 7.009: [GC (GCLocker Initiated GC) [PSYoungGen: 183584K->23907K(193536K)] 392965K->258125K(717824K), 0.0063839 secs] [Times: user=0.05 sys=0.00, real=0.00 secs] 
2016-09-22T22:33:46.855-0400: 7.145: [GC (GCLocker Initiated GC) [PSYoungGen: 148323K->30625K(155136K)] 394803K->291122K(679424K), 0.0080105 secs] [Times: user=0.06 sys=0.02, real=0.00 secs] 
2016-09-22T22:33:46.963-0400: 7.253: [GC (GCLocker Initiated GC) [PSYoungGen: 155041K->42651K(191488K)] 415608K->306452K(715776K), 0.0174603 secs] [Times: user=0.21 sys=0.00, real=0.02 secs] 
2016-09-22T22:33:47.094-0400: 7.384: [GC (GCLocker Initiated GC) [PSYoungGen: 167579K->29229K(190976K)] 431413K->317820K(715264K), 0.0070070 secs] [Times: user=0.05 sys=0.00, real=0.01 secs] 
2016-09-22T22:33:47.213-0400: 7.503: [GC (GCLocker Initiated GC) [PSYoungGen: 154157K->27926K(194560K)] 446831K->345427K(718848K), 0.0062695 secs] [Times: user=0.03 sys=0.04, real=0.01 secs] 
2016-09-22T22:33:47.342-0400: 7.631: [GC (GCLocker Initiated GC) [PSYoungGen: 158998K->22493K(194048K)] 491437K->366210K(718336K), 0.0066191 secs] [Times: user=0.04 sys=0.01, real=0.01 secs] 
2016-09-22T22:33:47.503-0400: 7.792: [GC (GCLocker Initiated GC) [PSYoungGen: 153565K->31993K(196096K)] 505581K->384494K(720384K), 0.0133788 secs] [Times: user=0.16 sys=0.01, real=0.02 secs] 
2016-09-22T22:33:47.621-0400: 7.910: [GC (GCLocker Initiated GC) [PSYoungGen: 168697K->29421K(197120K)] 523931K->404122K(721408K), 0.0066548 secs] [Times: user=0.05 sys=0.02, real=0.01 secs] 
2016-09-22T22:33:47.738-0400: 8.028: [GC (Allocation Failure) [PSYoungGen: 166125K->32039K(198656K)] 546415K->439849K(722944K), 0.0062965 secs] [Times: user=0.08 sys=0.01, real=0.00 secs] 
2016-09-22T22:33:47.745-0400: 8.035: [GC (GCLocker Initiated GC) [PSYoungGen: 32373K->0K(199680K)] 440183K->443619K(723968K), 0.0053314 secs] [Times: user=0.01 sys=0.05, real=0.01 secs] 
2016-09-22T22:33:47.866-0400: 8.156: [GC (GCLocker Initiated GC) [PSYoungGen: 143360K->51164K(192512K)] 586984K->494788K(716800K), 0.0055071 secs] [Times: user=0.06 sys=0.01, real=0.01 secs] 
2016-09-22T22:33:47.984-0400: 8.274: [GC (GCLocker Initiated GC) [PSYoungGen: 184284K->32039K(197632K)] 638872K->487377K(721920K), 0.0127272 secs] [Times: user=0.16 sys=0.00, real=0.02 secs] 
2016-09-22T22:33:48.107-0400: 8.397: [GC (GCLocker Initiated GC) [PSYoungGen: 165159K->29275K(190464K)] 628678K->504112K(714752K), 0.0074731 secs] [Times: user=0.09 sys=0.00, real=0.01 secs] 
2016-09-22T22:33:48.260-0400: 8.549: [GC (GCLocker Initiated GC) [PSYoungGen: 165467K->26749K(195072K)] 647056K->508855K(719360K), 0.0056529 secs] [Times: user=0.05 sys=0.00, real=0.00 secs] 
2016-09-22T22:33:48.379-0400: 8.668: [Full GC (Ergonomics) [PSYoungGen: 162941K->0K(195072K)] [ParOldGen: 494271K->40269K(524288K)] 657213K->40269K(719360K), [Metaspace: 42859K->42844K(1085440K)], 0.2220955 secs] [Times: user=2.91 sys=0.01, real=0.22 secs] 
2016-09-22T22:33:48.716-0400: 9.006: [GC (GCLocker Initiated GC) [PSYoungGen: 136192K->45621K(199680K)] 176495K->85924K(723968K), 0.0044458 secs] [Times: user=0.05 sys=0.00, real=0.00 secs] 
2016-09-22T22:33:48.849-0400: 9.139: [GC (GCLocker Initiated GC) [PSYoungGen: 187957K->33421K(202240K)] 230962K->104057K(726528K), 0.0051413 secs] [Times: user=0.06 sys=0.00, real=0.00 secs] 
2016-09-22T22:33:49.002-0400: 9.291: [GC (GCLocker Initiated GC) [PSYoungGen: 175757K->45634K(199680K)] 246410K->116836K(723968K), 0.0107309 secs] [Times: user=0.14 sys=0.00, real=0.01 secs] 
2016-09-22T22:33:49.133-0400: 9.423: [GC (GCLocker Initiated GC) [PSYoungGen: 187970K->22730K(202240K)] 266076K->117576K(726528K), 0.0043625 secs] [Times: user=0.04 sys=0.00, real=0.01 secs] 
2016-09-22T22:33:49.260-0400: 9.550: [GC (Allocation Failure) [PSYoungGen: 165066K->27924K(198144K)] 266769K->130206K(722432K), 0.0080693 secs] [Times: user=0.07 sys=0.00, real=0.01 secs] 
2016-09-22T22:33:49.269-0400: 9.559: [GC (GCLocker Initiated GC) [PSYoungGen: 28510K->128K(200704K)] 130791K->127396K(724992K), 0.0049032 secs] [Times: user=0.04 sys=0.00, real=0.00 secs] 
2016-09-22T22:33:49.385-0400: 9.675: [GC (GCLocker Initiated GC) [PSYoungGen: 141245K->45507K(195584K)] 271213K->175491K(719872K), 0.0085406 secs] [Times: user=0.08 sys=0.00, real=0.01 secs] 
2016-09-22T22:33:49.505-0400: 9.795: [GC (GCLocker Initiated GC) [PSYoungGen: 180675K->42665K(178176K)] 310774K->176101K(702464K), 0.0115627 secs] [Times: user=0.12 sys=0.00, real=0.02 secs] 
2016-09-22T22:33:49.625-0400: 9.915: [GC (GCLocker Initiated GC) [PSYoungGen: 177833K->23811K(199680K)] 319390K->184755K(723968K), 0.0060572 secs] [Times: user=0.04 sys=0.02, real=0.01 secs] 
2016-09-22T22:33:49.743-0400: 10.032: [GC (GCLocker Initiated GC) [PSYoungGen: 158979K->52353K(187904K)] 320057K->214004K(712192K), 0.0070370 secs] [Times: user=0.06 sys=0.00, real=0.01 secs] 
2016-09-22T22:33:49.876-0400: 10.165: [GC (GCLocker Initiated GC) [PSYoungGen: 187521K->40088K(195584K)] 354690K->207774K(719872K), 0.0125419 secs] [Times: user=0.16 sys=0.00, real=0.01 secs] 
2016-09-22T22:33:49.995-0400: 10.285: [GC (GCLocker Initiated GC) [PSYoungGen: 168088K->48225K(176640K)] 335925K->216594K(700928K), 0.0050729 secs] [Times: user=0.06 sys=0.00, real=0.00 secs] 
2016-09-22T22:33:50.105-0400: 10.394: [GC (GCLocker Initiated GC) [PSYoungGen: 176225K->33261K(196608K)] 347452K->213051K(720896K), 0.0119836 secs] [Times: user=0.14 sys=0.01, real=0.02 secs] 
2016-09-22T22:33:50.236-0400: 10.525: [GC (GCLocker Initiated GC) [PSYoungGen: 161261K->22703K(151040K)] 353420K->215373K(675328K), 0.0057510 secs] [Times: user=0.06 sys=0.00, real=0.00 secs] 
2016-09-22T22:33:50.359-0400: 10.649: [GC (GCLocker Initiated GC) [PSYoungGen: 150703K->26688K(194048K)] 348850K->225351K(718336K), 0.0043159 secs] [Times: user=0.03 sys=0.02, real=0.00 secs] 
2016-09-22T22:33:50.473-0400: 10.762: [GC (GCLocker Initiated GC) [PSYoungGen: 156224K->27988K(192512K)] 362652K->245702K(716800K), 0.0051001 secs] [Times: user=0.05 sys=0.01, real=0.01 secs] 
2016-09-22T22:33:50.610-0400: 10.899: [GC (GCLocker Initiated GC) [PSYoungGen: 157524K->26478K(197120K)] 380646K->250084K(721408K), 0.0043154 secs] [Times: user=0.05 sys=0.01, real=0.00 secs] 
2016-09-22T22:33:50.755-0400: 11.045: [GC (GCLocker Initiated GC) [PSYoungGen: 163182K->14470K(195584K)] 401667K->253480K(719872K), 0.0051223 secs] [Times: user=0.05 sys=0.01, real=0.00 secs] 
2016-09-22T22:33:50.883-0400: 11.173: [GC (GCLocker Initiated GC) [PSYoungGen: 151174K->22758K(201216K)] 405088K->277213K(725504K), 0.0160288 secs] [Times: user=0.20 sys=0.02, real=0.02 secs] 
2016-09-22T22:33:51.019-0400: 11.308: [GC (GCLocker Initiated GC) [PSYoungGen: 166630K->44143K(201728K)] 421236K->299327K(726016K), 0.0123505 secs] [Times: user=0.14 sys=0.02, real=0.01 secs] 
2016-09-22T22:33:51.157-0400: 11.446: [GC (GCLocker Initiated GC) [PSYoungGen: 188015K->39947K(200704K)] 443232K->295659K(724992K), 0.0056924 secs] [Times: user=0.04 sys=0.00, real=0.00 secs] 
2016-09-22T22:33:51.279-0400: 11.569: [GC (GCLocker Initiated GC) [PSYoungGen: 180235K->40139K(201216K)] 435949K->307210K(725504K), 0.0052140 secs] [Times: user=0.07 sys=0.00, real=0.00 secs] 
2016-09-22T22:33:51.408-0400: 11.698: [GC (GCLocker Initiated GC) [PSYoungGen: 180427K->1043K(196096K)] 467959K->289053K(720384K), 0.0029573 secs] [Times: user=0.02 sys=0.01, real=0.00 secs] 
2016-09-22T22:33:51.528-0400: 11.818: [GC (GCLocker Initiated GC) [PSYoungGen: 136211K->40061K(175616K)] 424269K->328719K(699904K), 0.0058176 secs] [Times: user=0.05 sys=0.00, real=0.00 secs] 
2016-09-22T22:33:51.643-0400: 11.933: [GC (GCLocker Initiated GC) [PSYoungGen: 175229K->33163K(200192K)] 472138K->330503K(724480K), 0.0285871 secs] [Times: user=0.38 sys=0.00, real=0.03 secs] 
2016-09-22T22:33:51.816-0400: 12.105: [GC (GCLocker Initiated GC) [PSYoungGen: 169355K->30558K(166912K)] 473571K->335148K(691200K), 0.0044674 secs] [Times: user=0.04 sys=0.01, real=0.00 secs] 
2016-09-22T22:33:51.935-0400: 12.224: [GC (GCLocker Initiated GC) [PSYoungGen: 166750K->43891K(193024K)] 475423K->352890K(717312K), 0.0095010 secs] [Times: user=0.10 sys=0.00, real=0.00 secs] 
2016-09-22T22:33:52.088-0400: 12.378: [GC (GCLocker Initiated GC) [PSYoungGen: 178035K->20959K(195072K)] 496713K->364288K(719360K), 0.0098852 secs] [Times: user=0.12 sys=0.01, real=0.01 secs] 
2016-09-22T22:33:52.211-0400: 12.501: [GC (GCLocker Initiated GC) [PSYoungGen: 155103K->47925K(195072K)] 498568K->391657K(719360K), 0.0086932 secs] [Times: user=0.12 sys=0.01, real=0.01 secs] 
2016-09-22T22:33:52.331-0400: 12.621: [GC (GCLocker Initiated GC) [PSYoungGen: 183093K->31614K(198656K)] 529654K->378401K(722944K), 0.0048003 secs] [Times: user=0.04 sys=0.00, real=0.01 secs] 
2016-09-22T22:33:52.441-0400: 12.731: [GC (GCLocker Initiated GC) [PSYoungGen: 166782K->34526K(194048K)] 519212K->387200K(718336K), 0.0046136 secs] [Times: user=0.04 sys=0.00, real=0.00 secs] 
2016-09-22T22:33:52.572-0400: 12.862: [GC (GCLocker Initiated GC) [PSYoungGen: 172766K->49260K(196608K)] 528377K->405124K(720896K), 0.0060304 secs] [Times: user=0.06 sys=0.00, real=0.01 secs] 
2016-09-22T22:33:52.695-0400: 12.985: [GC (GCLocker Initiated GC) [PSYoungGen: 187500K->31538K(201728K)] 548797K->393055K(726016K), 0.0128298 secs] [Times: user=0.11 sys=0.01, real=0.01 secs] 
2016-09-22T22:33:52.823-0400: 13.113: [GC (GCLocker Initiated GC) [PSYoungGen: 171826K->27791K(168448K)] 538777K->413942K(692736K), 0.0072377 secs] [Times: user=0.06 sys=0.01, real=0.01 secs] 
2016-09-22T22:33:52.945-0400: 13.234: [GC (GCLocker Initiated GC) [PSYoungGen: 168079K->20785K(199680K)] 557055K->428930K(723968K), 0.0143521 secs] [Times: user=0.15 sys=0.02, real=0.02 secs] 
2016-09-22T22:33:53.077-0400: 13.366: [GC (GCLocker Initiated GC) [PSYoungGen: 162097K->43779K(199168K)] 570293K->452259K(723456K), 0.0109467 secs] [Times: user=0.15 sys=0.00, real=0.01 secs] 
2016-09-22T22:33:53.195-0400: 13.485: [GC (GCLocker Initiated GC) [PSYoungGen: 185091K->49228K(196096K)] 593586K->471508K(720384K), 0.0110102 secs] [Times: user=0.13 sys=0.02, real=0.00 secs] 
2016-09-22T22:33:53.313-0400: 13.603: [GC (GCLocker Initiated GC) [PSYoungGen: 185420K->29110K(199168K)] 607736K->462550K(723456K), 0.0102539 secs] [Times: user=0.13 sys=0.02, real=0.01 secs] 
2016-09-22T22:33:53.480-0400: 13.769: [GC (GCLocker Initiated GC) [PSYoungGen: 165302K->22325K(197120K)] 602849K->460148K(721408K), 0.0125114 secs] [Times: user=0.13 sys=0.02, real=0.01 secs] 
2016-09-22T22:33:53.619-0400: 13.908: [GC (GCLocker Initiated GC) [PSYoungGen: 160565K->35919K(198656K)] 598389K->474129K(722944K), 0.0056346 secs] [Times: user=0.07 sys=0.00, real=0.00 secs] 
2016-09-22T22:33:53.744-0400: 14.034: [GC (GCLocker Initiated GC) [PSYoungGen: 174159K->32039K(197632K)] 617883K->476179K(721920K), 0.0046884 secs] [Times: user=0.06 sys=0.00, real=0.01 secs] 
2016-09-22T22:33:53.880-0400: 14.170: [GC (Allocation Failure) [PSYoungGen: 174887K->36204K(199680K)] 627163K->489011K(723968K), 0.0074023 secs] [Times: user=0.10 sys=0.00, real=0.01 secs] 
2016-09-22T22:33:54.035-0400: 14.325: [GC (GCLocker Initiated GC) [PSYoungGen: 177609K->38862K(204800K)] 633116K->494961K(729088K), 0.0091699 secs] [Times: user=0.12 sys=0.00, real=0.00 secs] 
2016-09-22T22:33:54.196-0400: 14.486: [GC (GCLocker Initiated GC) [PSYoungGen: 188878K->26594K(205312K)] 647709K->485999K(729600K), 0.0316580 secs] [Times: user=0.21 sys=0.04, real=0.03 secs] 
2016-09-22T22:33:54.398-0400: 14.688: [GC (GCLocker Initiated GC) [PSYoungGen: 176610K->30772K(204288K)] 636081K->490858K(728576K), 0.0201709 secs] [Times: user=0.14 sys=0.05, real=0.02 secs] 
2016-09-22T22:33:54.601-0400: 14.891: [GC (GCLocker Initiated GC) [PSYoungGen: 183348K->18494K(205312K)] 643668K->492962K(729600K), 0.0144993 secs] [Times: user=0.15 sys=0.01, real=0.02 secs] 
2016-09-22T22:33:54.837-0400: 15.126: [GC (GCLocker Initiated GC) [PSYoungGen: 171070K->26543K(207872K)] 652329K->508450K(732160K), 0.0071803 secs] [Times: user=0.06 sys=0.01, real=0.00 secs] 
2016-09-22T22:33:54.978-0400: 15.268: [GC (GCLocker Initiated GC) [PSYoungGen: 182703K->28109K(208384K)] 667417K->535116K(732672K), 0.0198603 secs] [Times: user=0.23 sys=0.00, real=0.02 secs] 
2016-09-22T22:33:54.998-0400: 15.288: [Full GC (Ergonomics) [PSYoungGen: 28109K->0K(208384K)] [ParOldGen: 507007K->58444K(524288K)] 535116K->58444K(732672K), [Metaspace: 43136K->43136K(1085440K)], 0.0635561 secs] [Times: user=0.40 sys=0.03, real=0.06 secs] 
2016-09-22T22:33:55.220-0400: 15.510: [GC (GCLocker Initiated GC) [PSYoungGen: 156160K->36565K(208896K)] 214633K->95039K(733184K), 0.0079524 secs] [Times: user=0.09 sys=0.00, real=0.01 secs] 
2016-09-22T22:33:55.377-0400: 15.667: [GC (GCLocker Initiated GC) [PSYoungGen: 194773K->37584K(208896K)] 253372K->107867K(733184K), 0.0112736 secs] [Times: user=0.09 sys=0.00, real=0.01 secs] 
2016-09-22T22:33:55.531-0400: 15.821: [GC (GCLocker Initiated GC) [PSYoungGen: 195792K->36325K(210944K)] 271717K->112968K(735232K), 0.0067419 secs] [Times: user=0.06 sys=0.00, real=0.01 secs] 
2016-09-22T22:33:55.724-0400: 16.013: [GC (GCLocker Initiated GC) [PSYoungGen: 196581K->16078K(176640K)] 282679K->102961K(700928K), 0.0421695 secs] [Times: user=0.20 sys=0.04, real=0.04 secs] 
2016-09-22T22:33:55.921-0400: 16.211: [GC (GCLocker Initiated GC) [PSYoungGen: 176334K->34976K(210944K)] 265919K->125438K(735232K), 0.0121712 secs] [Times: user=0.16 sys=0.01, real=0.01 secs] 
2016-09-22T22:33:56.110-0400: 16.400: [GC (GCLocker Initiated GC) [PSYoungGen: 194208K->25565K(184832K)] 290754K->122962K(709120K), 0.0048976 secs] [Times: user=0.04 sys=0.01, real=0.01 secs] 
2016-09-22T22:33:56.273-0400: 16.562: [GC (GCLocker Initiated GC) [PSYoungGen: 184797K->24091K(210432K)] 286613K->126748K(734720K), 0.0855758 secs] [Times: user=0.12 sys=0.08, real=0.09 secs] 
2016-09-22T22:33:56.539-0400: 16.829: [GC (GCLocker Initiated GC) [PSYoungGen: 184347K->21361K(209408K)] 287035K->124935K(733696K), 0.0055009 secs] [Times: user=0.05 sys=0.01, real=0.00 secs] 
2016-09-22T22:33:56.712-0400: 17.001: [GC (GCLocker Initiated GC) [PSYoungGen: 181617K->28462K(209920K)] 290671K->154580K(734208K), 0.0075935 secs] [Times: user=0.09 sys=0.00, real=0.01 secs] 
2016-09-22T22:33:56.893-0400: 17.182: [GC (GCLocker Initiated GC) [PSYoungGen: 192302K->36418K(210944K)] 318422K->163577K(735232K), 0.0086284 secs] [Times: user=0.10 sys=0.00, real=0.01 secs] 
2016-09-22T22:33:57.082-0400: 17.372: [GC (GCLocker Initiated GC) [PSYoungGen: 200258K->37734K(211968K)] 327789K->166247K(736256K), 0.0076490 secs] [Times: user=0.08 sys=0.02, real=0.01 secs] 
2016-09-22T22:33:57.251-0400: 17.541: [GC (GCLocker Initiated GC) [PSYoungGen: 201574K->19809K(212992K)] 338223K->157334K(737280K), 0.0046327 secs] [Times: user=0.03 sys=0.00, real=0.01 secs] 
2016-09-22T22:33:57.398-0400: 17.688: [GC (GCLocker Initiated GC) [PSYoungGen: 183649K->43015K(206848K)] 324068K->184143K(731136K), 0.0193592 secs] [Times: user=0.22 sys=0.02, real=0.02 secs] 
2016-09-22T22:33:57.591-0400: 17.881: [GC (GCLocker Initiated GC) [PSYoungGen: 200711K->49833K(207872K)] 341896K->191807K(732160K), 0.0058724 secs] [Times: user=0.06 sys=0.00, real=0.01 secs] 
2016-09-22T22:33:57.760-0400: 18.049: [GC (GCLocker Initiated GC) [PSYoungGen: 207529K->33345K(206848K)] 354961K->181449K(731136K), 0.0336932 secs] [Times: user=0.35 sys=0.03, real=0.03 secs] 
2016-09-22T22:33:57.925-0400: 18.214: [GC (GCLocker Initiated GC) [PSYoungGen: 185921K->30571K(183296K)] 334110K->179394K(707584K), 0.0109888 secs] [Times: user=0.07 sys=0.01, real=0.02 secs] 
2016-09-22T22:33:58.103-0400: 18.393: [GC (GCLocker Initiated GC) [PSYoungGen: 183147K->14448K(205312K)] 347020K->192396K(729600K), 0.0047579 secs] [Times: user=0.04 sys=0.00, real=0.01 secs] 
2016-09-22T22:33:58.351-0400: 18.640: [GC (GCLocker Initiated GC) [PSYoungGen: 166512K->41528K(206336K)] 344486K->220203K(730624K), 0.0105301 secs] [Times: user=0.14 sys=0.01, real=0.01 secs] 
2016-09-22T22:33:58.542-0400: 18.832: [GC (GCLocker Initiated GC) [PSYoungGen: 193592K->13003K(204288K)] 380507K->213950K(728576K), 0.0071400 secs] [Times: user=0.05 sys=0.01, real=0.01 secs] 
2016-09-22T22:33:58.695-0400: 18.984: [GC (GCLocker Initiated GC) [PSYoungGen: 161483K->30539K(179200K)] 362434K->242887K(703488K), 0.0220882 secs] [Times: user=0.19 sys=0.03, real=0.02 secs] 
2016-09-22T22:33:58.853-0400: 19.143: [GC (GCLocker Initiated GC) [PSYoungGen: 179019K->18546K(204288K)] 399506K->239593K(728576K), 0.0064211 secs] [Times: user=0.04 sys=0.01, real=0.01 secs] 
2016-09-22T22:33:59.013-0400: 19.303: [GC (GCLocker Initiated GC) [PSYoungGen: 168562K->36044K(203776K)] 389720K->257814K(728064K), 0.0139705 secs] [Times: user=0.13 sys=0.02, real=0.02 secs] 
2016-09-22T22:33:59.177-0400: 19.467: [GC (GCLocker Initiated GC) [PSYoungGen: 186060K->17042K(207872K)] 414653K->246179K(732160K), 0.0161174 secs] [Times: user=0.10 sys=0.02, real=0.01 secs] 
2016-09-22T22:33:59.335-0400: 19.625: [GC (GCLocker Initiated GC) [PSYoungGen: 171154K->44169K(198656K)] 400373K->274014K(722944K), 0.0142138 secs] [Times: user=0.16 sys=0.02, real=0.01 secs] 
2016-09-22T22:33:59.503-0400: 19.792: [GC (GCLocker Initiated GC) [PSYoungGen: 198281K->30717K(207360K)] 428194K->280083K(731648K), 0.0068755 secs] [Times: user=0.04 sys=0.01, real=0.01 secs] 
2016-09-22T22:33:59.635-0400: 19.925: [GC (GCLocker Initiated GC) [PSYoungGen: 181245K->29284K(180224K)] 430852K->279468K(704512K), 0.0188355 secs] [Times: user=0.15 sys=0.03, real=0.01 secs] 
2016-09-22T22:33:59.779-0400: 20.069: [GC (GCLocker Initiated GC) [PSYoungGen: 179812K->42810K(200192K)] 430162K->293765K(724480K), 0.0081885 secs] [Times: user=0.07 sys=0.01, real=0.01 secs] 
2016-09-22T22:33:59.933-0400: 20.223: [GC (GCLocker Initiated GC) [PSYoungGen: 190778K->30808K(202752K)] 441738K->282352K(727040K), 0.0041800 secs] [Times: user=0.04 sys=0.00, real=0.01 secs] 
2016-09-22T22:34:00.105-0400: 20.394: [GC (GCLocker Initiated GC) [PSYoungGen: 178776K->11940K(206848K)] 438571K->272393K(731136K), 0.0156139 secs] [Times: user=0.16 sys=0.01, real=0.02 secs] 
2016-09-22T22:34:00.276-0400: 20.566: [GC (GCLocker Initiated GC) [PSYoungGen: 166052K->32051K(207872K)] 429431K->296002K(732160K), 0.0379804 secs] [Times: user=0.43 sys=0.04, real=0.03 secs] 
2016-09-22T22:34:00.512-0400: 20.802: [GC (GCLocker Initiated GC) [PSYoungGen: 186163K->38844K(206336K)] 452818K->306084K(730624K), 0.0112815 secs] [Times: user=0.10 sys=0.01, real=0.01 secs] 
2016-09-22T22:34:00.715-0400: 21.005: [GC (GCLocker Initiated GC) [PSYoungGen: 192956K->10459K(164864K)] 462951K->281082K(689152K), 0.0237767 secs] [Times: user=0.24 sys=0.03, real=0.02 secs] 
2016-09-22T22:34:00.910-0400: 21.200: [GC (GCLocker Initiated GC) [PSYoungGen: 164571K->32276K(208896K)] 437593K->305946K(733184K), 0.0111783 secs] [Times: user=0.12 sys=0.01, real=0.01 secs] 
2016-09-22T22:34:01.052-0400: 21.342: [GC (GCLocker Initiated GC) [PSYoungGen: 186388K->37954K(207360K)] 460061K->323077K(731648K), 0.0060538 secs] [Times: user=0.06 sys=0.00, real=0.01 secs] 
2016-09-22T22:34:01.204-0400: 21.494: [GC (GCLocker Initiated GC) [PSYoungGen: 192066K->29953K(205824K)] 477954K->316921K(730112K), 0.0128976 secs] [Times: user=0.14 sys=0.01, real=0.02 secs] 
2016-09-22T22:34:01.365-0400: 21.655: [GC (Allocation Failure) [PSYoungGen: 184577K->31446K(206848K)] 476993K->325249K(731136K), 0.0121457 secs] [Times: user=0.13 sys=0.01, real=0.02 secs] 
2016-09-22T22:34:01.517-0400: 21.806: [GC (GCLocker Initiated GC) [PSYoungGen: 186070K->36714K(208896K)] 479877K->331763K(733184K), 0.0120459 secs] [Times: user=0.12 sys=0.00, real=0.01 secs] 
2016-09-22T22:34:01.686-0400: 21.975: [GC (GCLocker Initiated GC) [PSYoungGen: 194922K->32695K(209408K)] 490097K->329149K(733696K), 0.0057953 secs] [Times: user=0.05 sys=0.00, real=0.01 secs] 
2016-09-22T22:34:01.841-0400: 22.131: [GC (GCLocker Initiated GC) [PSYoungGen: 190903K->32658K(209920K)] 490062K->333110K(734208K), 0.0114915 secs] [Times: user=0.12 sys=0.00, real=0.01 secs] 
2016-09-22T22:34:01.992-0400: 22.281: [GC (GCLocker Initiated GC) [PSYoungGen: 193938K->39219K(209920K)] 494531K->341036K(734208K), 0.0208712 secs] [Times: user=0.23 sys=0.00, real=0.02 secs] 
2016-09-22T22:34:02.184-0400: 22.474: [GC (GCLocker Initiated GC) [PSYoungGen: 200499K->21965K(212480K)] 509095K->331548K(736768K), 0.0152548 secs] [Times: user=0.17 sys=0.01, real=0.02 secs] 
2016-09-22T22:34:02.355-0400: 22.645: [GC (GCLocker Initiated GC) [PSYoungGen: 184781K->39493K(202752K)] 499857K->355788K(727040K), 0.0060042 secs] [Times: user=0.07 sys=0.00, real=0.00 secs] 
2016-09-22T22:34:02.515-0400: 22.805: [GC (GCLocker Initiated GC) [PSYoungGen: 202309K->31164K(212992K)] 518846K->351590K(737280K), 0.0244655 secs] [Times: user=0.25 sys=0.01, real=0.02 secs] 
2016-09-22T22:34:08.261-0400: 28.550: [GC (GCLocker Initiated GC) [PSYoungGen: 192956K->44678K(206848K)] 525674K->378612K(731136K), 0.0272498 secs] [Times: user=0.28 sys=0.01, real=0.03 secs] 
2016-09-22T22:34:08.461-0400: 28.751: [GC (GCLocker Initiated GC) [PSYoungGen: 206470K->31418K(211456K)] 543345K->392242K(735744K), 0.0135782 secs] [Times: user=0.13 sys=0.01, real=0.02 secs] 
2016-09-22T22:34:08.651-0400: 28.941: [GC (GCLocker Initiated GC) [PSYoungGen: 190650K->24447K(183808K)] 554345K->389388K(708096K), 0.0064519 secs] [Times: user=0.05 sys=0.00, real=0.01 secs] 
2016-09-22T22:34:08.828-0400: 29.118: [GC (GCLocker Initiated GC) [PSYoungGen: 183679K->13883K(207872K)] 566377K->397926K(732160K), 0.0206752 secs] [Times: user=0.24 sys=0.00, real=0.02 secs] 
2016-09-22T22:34:09.024-0400: 29.313: [GC (GCLocker Initiated GC) [PSYoungGen: 171579K->37882K(209408K)] 561246K->428746K(733696K), 0.0061182 secs] [Times: user=0.06 sys=0.00, real=0.01 secs] 
2016-09-22T22:34:09.208-0400: 29.498: [GC (GCLocker Initiated GC) [PSYoungGen: 195578K->15295K(208896K)] 601508K->422313K(733184K), 0.0110319 secs] [Times: user=0.12 sys=0.01, real=0.01 secs] 
2016-09-22T22:34:09.362-0400: 29.652: [GC (GCLocker Initiated GC) [PSYoungGen: 171967K->51755K(208896K)] 579018K->462957K(733184K), 0.0085910 secs] [Times: user=0.07 sys=0.01, real=0.01 secs] 
2016-09-22T22:34:09.507-0400: 29.797: [GC (GCLocker Initiated GC) [PSYoungGen: 208427K->40875K(196608K)] 619792K->467049K(720896K), 0.0074296 secs] [Times: user=0.06 sys=0.01, real=0.00 secs] 
2016-09-22T22:34:09.639-0400: 29.929: [GC (GCLocker Initiated GC) [PSYoungGen: 184235K->33953K(202752K)] 613142K->466829K(727040K), 0.0095079 secs] [Times: user=0.10 sys=0.00, real=0.01 secs] 
2016-09-22T22:34:09.787-0400: 30.077: [GC (Allocation Failure) [PSYoungGen: 177313K->21815K(199680K)] 622355K->468042K(723968K), 0.0130827 secs] [Times: user=0.16 sys=0.01, real=0.01 secs] 
2016-09-22T22:34:09.924-0400: 30.214: [GC (GCLocker Initiated GC) [PSYoungGen: 167174K->44529K(202240K)] 616102K->494502K(726528K), 0.0075432 secs] [Times: user=0.05 sys=0.01, real=0.01 secs] 
2016-09-22T22:34:10.055-0400: 30.344: [GC (GCLocker Initiated GC) [PSYoungGen: 189937K->25706K(204288K)] 644014K->480712K(728576K), 0.0084429 secs] [Times: user=0.08 sys=0.00, real=0.00 secs] 
2016-09-22T22:34:10.197-0400: 30.487: [GC (GCLocker Initiated GC) [PSYoungGen: 171114K->33782K(179200K)] 626138K->489916K(703488K), 0.0068890 secs] [Times: user=0.05 sys=0.00, real=0.00 secs] 
2016-09-22T22:34:10.326-0400: 30.615: [GC (GCLocker Initiated GC) [PSYoungGen: 179190K->32445K(203264K)] 635520K->489893K(727552K), 0.0052306 secs] [Times: user=0.05 sys=0.00, real=0.01 secs] 
2016-09-22T22:34:10.465-0400: 30.755: [GC (GCLocker Initiated GC) [PSYoungGen: 179901K->13774K(201216K)] 646025K->491789K(725504K), 0.0062943 secs] [Times: user=0.06 sys=0.00, real=0.01 secs] 
2016-09-22T22:34:10.601-0400: 30.891: [GC (GCLocker Initiated GC) [PSYoungGen: 161230K->38100K(207360K)] 646048K->524210K(731648K), 0.0100816 secs] [Times: user=0.11 sys=0.01, real=0.01 secs] 
2016-09-22T22:34:10.739-0400: 31.029: [GC (GCLocker Initiated GC) [PSYoungGen: 190676K->45879K(198656K)] 676819K->533119K(722944K), 0.0075171 secs] [Times: user=0.07 sys=0.01, real=0.00 secs] 
2016-09-22T22:34:10.899-0400: 31.189: [GC (Allocation Failure) [PSYoungGen: 198455K->27222K(205824K)] 691322K->548026K(730112K), 0.0143448 secs] [Times: user=0.13 sys=0.03, real=0.01 secs] 
2016-09-22T22:34:10.914-0400: 31.204: [Full GC (Ergonomics) [PSYoungGen: 27222K->0K(205824K)] [ParOldGen: 520804K->108321K(524288K)] 548026K->108321K(730112K), [Metaspace: 43532K->43532K(1085440K)], 0.0769360 secs] [Times: user=0.69 sys=0.01, real=0.08 secs] 
2016-09-22T22:34:11.117-0400: 31.406: [GC (GCLocker Initiated GC) [PSYoungGen: 147968K->46471K(194560K)] 256289K->154793K(718848K), 0.0109490 secs] [Times: user=0.13 sys=0.02, real=0.01 secs] 
2016-09-22T22:34:11.272-0400: 31.562: [GC (GCLocker Initiated GC) [PSYoungGen: 194439K->42268K(201728K)] 302786K->152016K(726016K), 0.0095112 secs] [Times: user=0.12 sys=0.00, real=0.01 secs] 
2016-09-22T22:34:11.412-0400: 31.702: [GC (GCLocker Initiated GC) [PSYoungGen: 184604K->24344K(202240K)] 297056K->154245K(726528K), 0.0055732 secs] [Times: user=0.04 sys=0.00, real=0.01 secs] 
2016-09-22T22:34:11.541-0400: 31.831: [GC (GCLocker Initiated GC) [PSYoungGen: 166680K->32570K(197120K)] 299126K->166130K(721408K), 0.0042959 secs] [Times: user=0.04 sys=0.00, real=0.00 secs] 
2016-09-22T22:34:11.675-0400: 31.965: [GC (GCLocker Initiated GC) [PSYoungGen: 175418K->32390K(199680K)] 309014K->167098K(723968K), 0.0197098 secs] [Times: user=0.18 sys=0.00, real=0.02 secs] 
2016-09-22T22:34:11.823-0400: 32.112: [GC (GCLocker Initiated GC) [PSYoungGen: 175238K->26845K(202752K)] 312887K->165466K(727040K), 0.0115830 secs] [Times: user=0.15 sys=0.00, real=0.01 secs] 
2016-09-22T22:34:11.958-0400: 32.247: [GC (GCLocker Initiated GC) [PSYoungGen: 177373K->43477K(204288K)] 321411K->188406K(728576K), 0.0048673 secs] [Times: user=0.05 sys=0.00, real=0.00 secs] 
2016-09-22T22:34:12.094-0400: 32.383: [GC (GCLocker Initiated GC) [PSYoungGen: 194005K->40703K(206336K)] 338955K->186784K(730624K), 0.0100895 secs] [Times: user=0.12 sys=0.00, real=0.01 secs] 
2016-09-22T22:34:12.236-0400: 32.525: [GC (GCLocker Initiated GC) [PSYoungGen: 191231K->36767K(187392K)] 342860K->208433K(711680K), 0.0057509 secs] [Times: user=0.05 sys=0.00, real=0.00 secs] 
2016-09-22T22:34:12.375-0400: 32.665: [GC (GCLocker Initiated GC) [PSYoungGen: 187295K->42051K(204800K)] 358972K->214874K(729088K), 0.0073503 secs] [Times: user=0.06 sys=0.01, real=0.00 secs] 
2016-09-22T22:34:12.530-0400: 32.820: [GC (GCLocker Initiated GC) [PSYoungGen: 192067K->39420K(205312K)] 367596K->216084K(729600K), 0.0093079 secs] [Times: user=0.07 sys=0.00, real=0.01 secs] 
2016-09-22T22:34:12.684-0400: 32.973: [GC (GCLocker Initiated GC) [PSYoungGen: 189436K->50472K(200192K)] 366130K->228386K(724480K), 0.0105264 secs] [Times: user=0.13 sys=0.01, real=0.01 secs] 
2016-09-22T22:34:12.842-0400: 33.132: [GC (Allocation Failure) [PSYoungGen: 195880K->15091K(160768K)] 384618K->224026K(685056K), 0.0093132 secs] [Times: user=0.10 sys=0.00, real=0.01 secs] 
2016-09-22T22:34:13.003-0400: 33.293: [GC (GCLocker Initiated GC) [PSYoungGen: 159355K->22164K(202240K)] 370989K->235126K(726528K), 0.0125460 secs] [Times: user=0.16 sys=0.00, real=0.02 secs] 
2016-09-22T22:34:13.139-0400: 33.428: [GC (GCLocker Initiated GC) [PSYoungGen: 163988K->43808K(185856K)] 382558K->263892K(710144K), 0.0054589 secs] [Times: user=0.05 sys=0.01, real=0.00 secs] 
2016-09-22T22:34:13.287-0400: 33.576: [GC (GCLocker Initiated GC) [PSYoungGen: 185632K->38278K(202240K)] 405964K->260025K(726528K), 0.0130178 secs] [Times: user=0.14 sys=0.01, real=0.01 secs] 
2016-09-22T22:34:13.441-0400: 33.731: [GC (GCLocker Initiated GC) [PSYoungGen: 179590K->41355K(182784K)] 409544K->272794K(707072K), 0.0071139 secs] [Times: user=0.07 sys=0.00, real=0.01 secs] 
2016-09-22T22:34:13.599-0400: 33.889: [GC (GCLocker Initiated GC) [PSYoungGen: 182667K->46338K(199168K)] 414198K->279522K(723456K), 0.0104029 secs] [Times: user=0.09 sys=0.01, real=0.01 secs] 
2016-09-22T22:34:13.774-0400: 34.064: [GC (GCLocker Initiated GC) [PSYoungGen: 186114K->28985K(200704K)] 422071K->285367K(724992K), 0.0138295 secs] [Times: user=0.19 sys=0.00, real=0.02 secs] 
2016-09-22T22:34:13.934-0400: 34.223: [GC (GCLocker Initiated GC) [PSYoungGen: 168761K->39948K(199680K)] 432085K->304825K(723968K), 0.0108775 secs] [Times: user=0.11 sys=0.00, real=0.01 secs] 
2016-09-22T22:34:14.075-0400: 34.364: [GC (GCLocker Initiated GC) [PSYoungGen: 181260K->37163K(200704K)] 448853K->317240K(724992K), 0.0089203 secs] [Times: user=0.10 sys=0.01, real=0.00 secs] 
2016-09-22T22:34:14.225-0400: 34.515: [GC (GCLocker Initiated GC) [PSYoungGen: 178475K->33017K(200704K)] 466822K->322993K(724992K), 0.0110677 secs] [Times: user=0.17 sys=0.00, real=0.02 secs] 
2016-09-22T22:34:14.378-0400: 34.668: [GC (GCLocker Initiated GC) [PSYoungGen: 178425K->31494K(201216K)] 468546K->323012K(725504K), 0.0056466 secs] [Times: user=0.04 sys=0.00, real=0.00 secs] 
2016-09-22T22:34:14.529-0400: 34.819: [GC (GCLocker Initiated GC) [PSYoungGen: 176902K->22299K(205824K)] 477891K->324802K(730112K), 0.0099650 secs] [Times: user=0.13 sys=0.01, real=0.01 secs] 
2016-09-22T22:34:14.693-0400: 34.983: [GC (GCLocker Initiated GC) [PSYoungGen: 173339K->21972K(205824K)] 482945K->333171K(730112K), 0.0146021 secs] [Times: user=0.14 sys=0.00, real=0.02 secs] 
2016-09-22T22:34:14.855-0400: 35.145: [GC (GCLocker Initiated GC) [PSYoungGen: 173012K->41171K(205824K)] 486985K->356434K(730112K), 0.0100923 secs] [Times: user=0.15 sys=0.00, real=0.00 secs] 
2016-09-22T22:34:15.036-0400: 35.326: [GC (GCLocker Initiated GC) [PSYoungGen: 191699K->49255K(200192K)] 507139K->366180K(724480K), 0.0102508 secs] [Times: user=0.09 sys=0.03, real=0.00 secs] 
2016-09-22T22:34:15.188-0400: 35.478: [GC (GCLocker Initiated GC) [PSYoungGen: 199783K->39539K(203776K)] 516909K->358231K(728064K), 0.0073469 secs] [Times: user=0.07 sys=0.01, real=0.01 secs] 
2016-09-22T22:34:15.331-0400: 35.620: [GC (GCLocker Initiated GC) [PSYoungGen: 183923K->23477K(202752K)] 503969K->344886K(727040K), 0.0046094 secs] [Times: user=0.04 sys=0.01, real=0.01 secs] 
2016-09-22T22:34:15.460-0400: 35.750: [GC (GCLocker Initiated GC) [PSYoungGen: 167861K->30069K(201728K)] 489271K->352956K(726016K), 0.0052698 secs] [Times: user=0.04 sys=0.01, real=0.00 secs] 
2016-09-22T22:34:15.599-0400: 35.889: [GC (GCLocker Initiated GC) [PSYoungGen: 175477K->51593K(197120K)] 498416K->375763K(721408K), 0.0064914 secs] [Times: user=0.07 sys=0.01, real=0.00 secs] 
2016-09-22T22:34:15.759-0400: 36.048: [GC (GCLocker Initiated GC) [PSYoungGen: 197001K->26244K(201728K)] 529306K->370536K(726016K), 0.0067281 secs] [Times: user=0.06 sys=0.01, real=0.00 secs] 
2016-09-22T22:34:15.913-0400: 36.202: [GC (GCLocker Initiated GC) [PSYoungGen: 167044K->20896K(161792K)] 518299K->373684K(686080K), 0.0117078 secs] [Times: user=0.12 sys=0.00, real=0.01 secs] 
2016-09-22T22:34:16.061-0400: 36.351: [GC (GCLocker Initiated GC) [PSYoungGen: 161696K->23763K(201728K)] 529351K->392995K(726016K), 0.0113758 secs] [Times: user=0.11 sys=0.00, real=0.01 secs] 
2016-09-22T22:34:16.211-0400: 36.501: [GC (GCLocker Initiated GC) [PSYoungGen: 165587K->43799K(200704K)] 540451K->420239K(724992K), 0.0049221 secs] [Times: user=0.05 sys=0.00, real=0.01 secs] 
2016-09-22T22:34:16.362-0400: 36.651: [GC (GCLocker Initiated GC) [PSYoungGen: 185623K->33079K(199680K)] 570288K->419245K(723968K), 0.0066500 secs] [Times: user=0.06 sys=0.00, real=0.01 secs] 
2016-09-22T22:34:16.525-0400: 36.815: [GC (GCLocker Initiated GC) [PSYoungGen: 175927K->34155K(200704K)] 562097K->427337K(724992K), 0.0099070 secs] [Times: user=0.12 sys=0.00, real=0.02 secs] 
2016-09-22T22:34:16.659-0400: 36.949: [GC (GCLocker Initiated GC) [PSYoungGen: 177003K->54584K(195072K)] 570233K->454521K(719360K), 0.0086965 secs] [Times: user=0.11 sys=0.02, real=0.01 secs] 
2016-09-22T22:34:16.789-0400: 37.079: [GC (GCLocker Initiated GC) [PSYoungGen: 193848K->49184K(188928K)] 594030K->469696K(713216K), 0.0073695 secs] [Times: user=0.10 sys=0.00, real=0.01 secs] 
2016-09-22T22:34:16.948-0400: 37.238: [GC (GCLocker Initiated GC) [PSYoungGen: 188448K->57363K(188928K)] 609007K->479336K(713216K), 0.0068712 secs] [Times: user=0.08 sys=0.01, real=0.01 secs] 
2016-09-22T22:34:17.060-0400: 37.350: [GC (GCLocker Initiated GC) [PSYoungGen: 182291K->51808K(177152K)] 604342K->486168K(701440K), 0.0060127 secs] [Times: user=0.08 sys=0.01, real=0.00 secs] 
2016-09-22T22:34:17.195-0400: 37.485: [GC (GCLocker Initiated GC) [PSYoungGen: 176736K->12678K(188416K)] 624605K->483417K(712704K), 0.0091642 secs] [Times: user=0.14 sys=0.01, real=0.00 secs] 
2016-09-22T22:34:17.298-0400: 37.588: [GC (GCLocker Initiated GC) [PSYoungGen: 130438K->48754K(166912K)] 603954K->523684K(691200K), 0.0061209 secs] [Times: user=0.08 sys=0.00, real=0.00 secs] 
2016-09-22T22:34:17.429-0400: 37.718: [GC (GCLocker Initiated GC) [PSYoungGen: 166514K->34109K(192000K)] 649778K->518405K(716288K), 0.0076637 secs] [Times: user=0.11 sys=0.00, real=0.01 secs] 
2016-09-22T22:34:17.552-0400: 37.842: [GC (GCLocker Initiated GC) [PSYoungGen: 153405K->40735K(160256K)] 640501K->528999K(684544K), 0.0170291 secs] [Times: user=0.24 sys=0.01, real=0.02 secs] 
2016-09-22T22:34:17.681-0400: 37.971: [GC (GCLocker Initiated GC) [PSYoungGen: 160031K->32820K(189440K)] 653745K->527671K(713728K), 0.0050036 secs] [Times: user=0.05 sys=0.00, real=0.00 secs] 
2016-09-22T22:34:17.814-0400: 38.104: [Full GC (Ergonomics) [PSYoungGen: 154164K->0K(189440K)] [ParOldGen: 504331K->168005K(524288K)] 658495K->168005K(713728K), [Metaspace: 43558K->43558K(1085440K)], 0.0541532 secs] [Times: user=0.35 sys=0.02, real=0.06 secs] 
2016-09-22T22:34:17.984-0400: 38.274: [GC (GCLocker Initiated GC) [PSYoungGen: 121344K->45126K(187392K)] 289362K->213145K(711680K), 0.0053014 secs] [Times: user=0.07 sys=0.00, real=0.01 secs] 
2016-09-22T22:34:18.102-0400: 38.392: [GC (GCLocker Initiated GC) [PSYoungGen: 166470K->31375K(194560K)] 334981K->220208K(718848K), 0.0069987 secs] [Times: user=0.04 sys=0.01, real=0.01 secs] 
2016-09-22T22:34:18.236-0400: 38.526: [GC (GCLocker Initiated GC) [PSYoungGen: 160911K->24589K(194048K)] 355148K->219997K(718336K), 0.0050393 secs] [Times: user=0.06 sys=0.00, real=0.00 secs] 
2016-09-22T22:34:18.366-0400: 38.656: [GC (GCLocker Initiated GC) [PSYoungGen: 154125K->32439K(194560K)] 354951K->234519K(718848K), 0.0199488 secs] [Times: user=0.26 sys=0.01, real=0.02 secs] 
2016-09-22T22:34:18.520-0400: 38.810: [GC (GCLocker Initiated GC) [PSYoungGen: 166071K->39642K(195584K)] 372219K->246867K(719872K), 0.0053009 secs] [Times: user=0.07 sys=0.00, real=0.00 secs] 
2016-09-22T22:34:18.660-0400: 38.949: [GC (GCLocker Initiated GC) [PSYoungGen: 173274K->38413K(196096K)] 391347K->257816K(720384K), 0.0119733 secs] [Times: user=0.16 sys=0.00, real=0.01 secs] 
2016-09-22T22:34:18.800-0400: 39.089: [GC (GCLocker Initiated GC) [PSYoungGen: 177677K->50414K(198144K)] 397113K->276685K(722432K), 0.0068560 secs] [Times: user=0.05 sys=0.00, real=0.01 secs] 
2016-09-22T22:34:18.942-0400: 39.232: [GC (GCLocker Initiated GC) [PSYoungGen: 189678K->32961K(201728K)] 421382K->293087K(726016K), 0.0099682 secs] [Times: user=0.13 sys=0.00, real=0.01 secs] 
2016-09-22T22:34:19.098-0400: 39.387: [GC (Allocation Failure) [PSYoungGen: 172737K->43902K(200192K)] 435569K->308221K(724480K), 0.0050100 secs] [Times: user=0.05 sys=0.01, real=0.00 secs] 
2016-09-22T22:34:19.241-0400: 39.531: [GC (GCLocker Initiated GC) [PSYoungGen: 183678K->31475K(200704K)] 447998K->297375K(724992K), 0.0045104 secs] [Times: user=0.04 sys=0.00, real=0.00 secs] 
2016-09-22T22:34:19.372-0400: 39.662: [GC (GCLocker Initiated GC) [PSYoungGen: 172275K->32662K(200192K)] 438191K->299953K(724480K), 0.0076117 secs] [Times: user=0.05 sys=0.01, real=0.01 secs] 
2016-09-22T22:34:19.512-0400: 39.801: [GC (GCLocker Initiated GC) [PSYoungGen: 173462K->45198K(200704K)] 443653K->316791K(724992K), 0.0061969 secs] [Times: user=0.05 sys=0.00, real=0.01 secs] 
2016-09-22T22:34:19.663-0400: 39.953: [GC (GCLocker Initiated GC) [PSYoungGen: 187534K->57530K(200192K)] 461860K->333438K(724480K), 0.0059860 secs] [Times: user=0.06 sys=0.00, real=0.01 secs] 
2016-09-22T22:34:19.816-0400: 40.106: [GC (GCLocker Initiated GC) [PSYoungGen: 199866K->48255K(194048K)] 479857K->346162K(718336K), 0.0069666 secs] [Times: user=0.09 sys=0.00, real=0.00 secs] 
2016-09-22T22:34:20.061-0400: 40.351: [GC (GCLocker Initiated GC) [PSYoungGen: 180351K->49412K(181760K)] 478289K->373372K(706048K), 0.0096067 secs] [Times: user=0.13 sys=0.02, real=0.01 secs] 
2016-09-22T22:34:20.205-0400: 40.495: [GC (GCLocker Initiated GC) [PSYoungGen: 181508K->26165K(195584K)] 512336K->374876K(719872K), 0.0119113 secs] [Times: user=0.18 sys=0.00, real=0.02 secs] 
2016-09-22T22:34:20.345-0400: 40.635: [GC (GCLocker Initiated GC) [PSYoungGen: 156213K->34242K(164352K)] 513221K->392651K(688640K), 0.0042526 secs] [Times: user=0.05 sys=0.00, real=0.01 secs] 
2016-09-22T22:34:20.482-0400: 40.772: [GC (GCLocker Initiated GC) [PSYoungGen: 164290K->11377K(193024K)] 541714K->390178K(717312K), 0.0057090 secs] [Times: user=0.04 sys=0.00, real=0.01 secs] 
2016-09-22T22:34:20.625-0400: 40.915: [GC (GCLocker Initiated GC) [PSYoungGen: 139889K->41071K(195072K)] 521459K->424140K(719360K), 0.0051289 secs] [Times: user=0.07 sys=0.00, real=0.01 secs] 
2016-09-22T22:34:20.763-0400: 41.053: [GC (GCLocker Initiated GC) [PSYoungGen: 169583K->30215K(190464K)] 555387K->417404K(714752K), 0.0099703 secs] [Times: user=0.12 sys=0.00, real=0.01 secs] 
2016-09-22T22:34:20.904-0400: 41.194: [GC (GCLocker Initiated GC) [PSYoungGen: 160263K->32909K(193536K)] 552862K->453881K(717824K), 0.0056770 secs] [Times: user=0.07 sys=0.00, real=0.01 secs] 
2016-09-22T22:34:21.040-0400: 41.330: [GC (GCLocker Initiated GC) [PSYoungGen: 162957K->35375K(193536K)] 583931K->457656K(717824K), 0.0124699 secs] [Times: user=0.14 sys=0.01, real=0.01 secs] 
2016-09-22T22:34:21.180-0400: 41.470: [GC (GCLocker Initiated GC) [PSYoungGen: 172591K->39529K(196608K)] 597631K->465810K(720896K), 0.0163983 secs] [Times: user=0.17 sys=0.01, real=0.02 secs] 
2016-09-22T22:34:21.328-0400: 41.618: [GC (GCLocker Initiated GC) [PSYoungGen: 176745K->28380K(199680K)] 605777K->464174K(723968K), 0.0081202 secs] [Times: user=0.08 sys=0.00, real=0.01 secs] 
2016-09-22T22:34:21.481-0400: 41.770: [GC (GCLocker Initiated GC) [PSYoungGen: 172764K->32582K(201728K)] 611495K->472341K(726016K), 0.0147651 secs] [Times: user=0.12 sys=0.01, real=0.02 secs] 
2016-09-22T22:34:21.639-0400: 41.929: [GC (GCLocker Initiated GC) [PSYoungGen: 176966K->22206K(204288K)] 626323K->472903K(728576K), 0.0040970 secs] [Times: user=0.04 sys=0.01, real=0.00 secs] 
2016-09-22T22:34:21.787-0400: 42.076: [GC (GCLocker Initiated GC) [PSYoungGen: 171198K->49094K(198144K)] 624732K->504027K(722432K), 0.0055222 secs] [Times: user=0.07 sys=0.00, real=0.00 secs] 
2016-09-22T22:34:21.928-0400: 42.217: [GC (GCLocker Initiated GC) [PSYoungGen: 198086K->28677K(203776K)] 662524K->499815K(728064K), 0.0157605 secs] [Times: user=0.20 sys=0.00, real=0.01 secs] 
2016-09-22T22:34:22.098-0400: 42.388: [GC (GCLocker Initiated GC) [PSYoungGen: 173061K->34172K(178688K)] 649773K->512177K(702976K), 0.0102046 secs] [Times: user=0.14 sys=0.00, real=0.01 secs] 
2016-09-22T22:34:22.250-0400: 42.540: [GC (GCLocker Initiated GC) [PSYoungGen: 178556K->40640K(200192K)] 662198K->525622K(724480K), 0.0105119 secs] [Times: user=0.13 sys=0.00, real=0.01 secs] 
2016-09-22T22:34:22.398-0400: 42.688: [Full GC (Ergonomics) [PSYoungGen: 185024K->0K(200192K)] [ParOldGen: 508039K->89366K(524288K)] 693063K->89366K(724480K), [Metaspace: 43579K->43579K(1085440K)], 0.0651075 secs] [Times: user=0.53 sys=0.02, real=0.06 secs] 
2016-09-22T22:34:22.590-0400: 42.879: [GC (Allocation Failure) [PSYoungGen: 144384K->35278K(200192K)] 241858K->132753K(724480K), 0.0049215 secs] [Times: user=0.06 sys=0.00, real=0.01 secs] 
2016-09-22T22:34:22.709-0400: 42.999: [GC (GCLocker Initiated GC) [PSYoungGen: 178844K->24184K(203776K)] 279018K->128119K(728064K), 0.0052430 secs] [Times: user=0.05 sys=0.00, real=0.01 secs] 
2016-09-22T22:34:22.838-0400: 43.128: [GC (GCLocker Initiated GC) [PSYoungGen: 174200K->16300K(204288K)] 294469K->137532K(728576K), 0.0062713 secs] [Times: user=0.08 sys=0.00, real=0.00 secs] 
2016-09-22T22:34:22.968-0400: 43.258: [GC (GCLocker Initiated GC) [PSYoungGen: 166316K->52922K(196608K)] 287611K->180531K(720896K), 0.0057455 secs] [Times: user=0.06 sys=0.00, real=0.00 secs] 
2016-09-22T22:34:23.097-0400: 43.387: [GC (GCLocker Initiated GC) [PSYoungGen: 194234K->20561K(201728K)] 335386K->181774K(726016K), 0.0177591 secs] [Times: user=0.22 sys=0.00, real=0.02 secs] 
2016-09-22T22:34:23.249-0400: 43.539: [GC (GCLocker Initiated GC) [PSYoungGen: 161873K->31000K(196608K)] 323214K->193422K(720896K), 0.0052987 secs] [Times: user=0.05 sys=0.00, real=0.00 secs] 
2016-09-22T22:34:23.380-0400: 43.670: [GC (GCLocker Initiated GC) [PSYoungGen: 172312K->37827K(199168K)] 334781K->209464K(723456K), 0.0129335 secs] [Times: user=0.16 sys=0.00, real=0.01 secs] 
2016-09-22T22:34:23.526-0400: 43.816: [GC (GCLocker Initiated GC) [PSYoungGen: 179139K->20600K(202752K)] 359844K->202293K(727040K), 0.0222297 secs] [Times: user=0.32 sys=0.00, real=0.03 secs] 
2016-09-22T22:34:23.674-0400: 43.964: [GC (Allocation Failure) [PSYoungGen: 167544K->27077K(203776K)] 356044K->216760K(728064K), 0.0048278 secs] [Times: user=0.03 sys=0.00, real=0.01 secs] 
2016-09-22T22:34:23.802-0400: 44.091: [GC (GCLocker Initiated GC) [PSYoungGen: 172148K->28341K(202752K)] 364531K->221832K(727040K), 0.0051773 secs] [Times: user=0.04 sys=0.00, real=0.01 secs] 
2016-09-22T22:34:23.935-0400: 44.225: [GC (GCLocker Initiated GC) [PSYoungGen: 178357K->32875K(203776K)] 377317K->232858K(728064K), 0.0065485 secs] [Times: user=0.07 sys=0.01, real=0.00 secs] 
2016-09-22T22:34:24.087-0400: 44.377: [GC (GCLocker Initiated GC) [PSYoungGen: 182891K->18023K(207872K)] 396394K->232700K(732160K), 0.0072714 secs] [Times: user=0.07 sys=0.01, real=0.00 secs] 
2016-09-22T22:34:24.247-0400: 44.536: [GC (GCLocker Initiated GC) [PSYoungGen: 173671K->49263K(205312K)] 388373K->268313K(729600K), 0.0103271 secs] [Times: user=0.15 sys=0.00, real=0.01 secs] 
2016-09-22T22:34:24.419-0400: 44.709: [GC (GCLocker Initiated GC) [PSYoungGen: 204911K->19684K(205312K)] 438916K->271381K(729600K), 0.0077153 secs] [Times: user=0.07 sys=0.00, real=0.01 secs] 
2016-09-22T22:34:24.586-0400: 44.876: [GC (GCLocker Initiated GC) [PSYoungGen: 168164K->33275K(181760K)] 422672K->289534K(706048K), 0.0062283 secs] [Times: user=0.04 sys=0.01, real=0.01 secs] 
2016-09-22T22:34:24.768-0400: 45.057: [GC (Allocation Failure) [PSYoungGen: 181755K->14397K(203264K)] 443878K->278473K(727552K), 0.0191068 secs] [Times: user=0.21 sys=0.00, real=0.02 secs] 
2016-09-22T22:34:27.644-0400: 47.933: [GC (GCLocker Initiated GC) [PSYoungGen: 162365K->31714K(203776K)] 426445K->297689K(728064K), 0.0080949 secs] [Times: user=0.07 sys=0.00, real=0.01 secs] 
2016-09-22T22:34:27.831-0400: 48.121: [GC (GCLocker Initiated GC) [PSYoungGen: 179682K->45812K(201216K)] 448446K->316286K(725504K), 0.0063983 secs] [Times: user=0.07 sys=0.00, real=0.01 secs] 
2016-09-22T22:34:28.024-0400: 48.314: [GC (GCLocker Initiated GC) [PSYoungGen: 193268K->40454K(188416K)] 463775K->315657K(712704K), 0.0067259 secs] [Times: user=0.07 sys=0.00, real=0.01 secs] 
2016-09-22T22:34:28.220-0400: 48.509: [GC (GCLocker Initiated GC) [PSYoungGen: 187910K->33737K(205824K)] 468523K->343579K(730112K), 0.0064595 secs] [Times: user=0.08 sys=0.01, real=0.00 secs] 
2016-09-22T22:34:28.423-0400: 48.712: [GC (GCLocker Initiated GC) [PSYoungGen: 181193K->36744K(184320K)] 504573K->362316K(708608K), 0.0059107 secs] [Times: user=0.07 sys=0.00, real=0.01 secs] 
2016-09-22T22:34:28.604-0400: 48.894: [GC (GCLocker Initiated GC) [PSYoungGen: 184200K->32513K(204800K)] 509775K->379462K(729088K), 0.0060920 secs] [Times: user=0.06 sys=0.01, real=0.01 secs] 
2016-09-22T22:34:28.792-0400: 49.082: [GC (GCLocker Initiated GC) [PSYoungGen: 182017K->32257K(202752K)] 534596K->387065K(727040K), 0.0054463 secs] [Times: user=0.04 sys=0.01, real=0.01 secs] 
2016-09-22T22:34:28.995-0400: 49.285: [GC (GCLocker Initiated GC) [PSYoungGen: 181761K->41741K(203264K)] 539425K->401617K(727552K), 0.0061797 secs] [Times: user=0.07 sys=0.01, real=0.00 secs] 
2016-09-22T22:34:29.187-0400: 49.476: [GC (GCLocker Initiated GC) [PSYoungGen: 193805K->28357K(204800K)] 556600K->396027K(729088K), 0.0074584 secs] [Times: user=0.07 sys=0.00, real=0.00 secs] 
2016-09-22T22:34:29.384-0400: 49.674: [GC (GCLocker Initiated GC) [PSYoungGen: 180421K->34043K(205824K)] 553603K->417648K(730112K), 0.0067784 secs] [Times: user=0.06 sys=0.00, real=0.01 secs] 
2016-09-22T22:34:29.587-0400: 49.876: [GC (GCLocker Initiated GC) [PSYoungGen: 191739K->31303K(207872K)] 582164K->424242K(732160K), 0.0178507 secs] [Times: user=0.25 sys=0.00, real=0.01 secs] 
2016-09-22T22:34:29.790-0400: 50.079: [GC (GCLocker Initiated GC) [PSYoungGen: 188999K->43098K(208896K)] 582019K->438543K(733184K), 0.0097053 secs] [Times: user=0.08 sys=0.00, real=0.01 secs] 
2016-09-22T22:34:30.015-0400: 50.304: [GC (GCLocker Initiated GC) [PSYoungGen: 202842K->36344K(210944K)] 600997K->458434K(735232K), 0.0205005 secs] [Times: user=0.19 sys=0.02, real=0.02 secs] 
2016-09-22T22:34:30.223-0400: 50.513: [GC (GCLocker Initiated GC) [PSYoungGen: 196088K->50164K(201728K)] 618233K->474656K(726016K), 0.0245600 secs] [Times: user=0.35 sys=0.04, real=0.03 secs] 
2016-09-22T22:34:30.433-0400: 50.722: [GC (GCLocker Initiated GC) [PSYoungGen: 201716K->37442K(206848K)] 629068K->488530K(731136K), 0.0107810 secs] [Times: user=0.13 sys=0.02, real=0.01 secs] 
2016-09-22T22:34:30.604-0400: 50.893: [GC (GCLocker Initiated GC) [PSYoungGen: 188994K->48227K(202752K)] 640144K->509291K(727040K), 0.0056743 secs] [Times: user=0.07 sys=0.00, real=0.01 secs] 
2016-09-22T22:34:30.775-0400: 51.065: [GC (GCLocker Initiated GC) [PSYoungGen: 196707K->25059K(205312K)] 665880K->495915K(729600K), 0.0202883 secs] [Times: user=0.25 sys=0.00, real=0.02 secs] 
2016-09-22T22:34:30.967-0400: 51.256: [GC (GCLocker Initiated GC) [PSYoungGen: 173539K->46485K(201216K)] 647183K->521766K(725504K), 0.0060795 secs] [Times: user=0.08 sys=0.00, real=0.00 secs] 
2016-09-22T22:34:31.148-0400: 51.438: [GC (GCLocker Initiated GC) [PSYoungGen: 190869K->20985K(165376K)] 669603K->522759K(689664K), 0.0147586 secs] [Times: user=0.17 sys=0.02, real=0.01 secs] 
2016-09-22T22:34:31.163-0400: 51.453: [Full GC (Ergonomics) [PSYoungGen: 20985K->0K(165376K)] [ParOldGen: 501773K->105761K(524288K)] 522759K->105761K(689664K), [Metaspace: 43600K->43600K(1085440K)], 0.0689885 secs] [Times: user=0.54 sys=0.01, real=0.07 secs] 
2016-09-22T22:34:31.391-0400: 51.681: [GC (GCLocker Initiated GC) [PSYoungGen: 144384K->42665K(202752K)] 250361K->148643K(727040K), 0.0064092 secs] [Times: user=0.06 sys=0.00, real=0.01 secs] 
2016-09-22T22:34:31.542-0400: 51.831: [GC (GCLocker Initiated GC) [PSYoungGen: 186025K->40789K(184320K)] 294879K->159420K(708608K), 0.0064898 secs] [Times: user=0.07 sys=0.00, real=0.01 secs] 
2016-09-22T22:34:31.692-0400: 51.982: [GC (GCLocker Initiated GC) [PSYoungGen: 184149K->55718K(193024K)] 302939K->175723K(717312K), 0.0118360 secs] [Times: user=0.15 sys=0.00, real=0.01 secs] 
2016-09-22T22:34:31.839-0400: 52.128: [GC (GCLocker Initiated GC) [PSYoungGen: 189862K->42249K(198144K)] 312793K->182602K(722432K), 0.0059644 secs] [Times: user=0.07 sys=0.00, real=0.00 secs] 
2016-09-22T22:34:31.995-0400: 52.285: [GC (GCLocker Initiated GC) [PSYoungGen: 176393K->40873K(193536K)] 319523K->185264K(717824K), 0.0111348 secs] [Times: user=0.15 sys=0.00, real=0.00 secs] 
2016-09-22T22:34:32.159-0400: 52.449: [GC (GCLocker Initiated GC) [PSYoungGen: 176553K->43504K(196608K)] 326381K->194552K(720896K), 0.0102041 secs] [Times: user=0.12 sys=0.00, real=0.01 secs] 
2016-09-22T22:34:32.331-0400: 52.620: [GC (GCLocker Initiated GC) [PSYoungGen: 179184K->16507K(197632K)] 332935K->187665K(721920K), 0.0211532 secs] [Times: user=0.22 sys=0.01, real=0.02 secs] 
2016-09-22T22:34:32.511-0400: 52.801: [GC (GCLocker Initiated GC) [PSYoungGen: 153723K->24803K(199680K)] 330287K->202848K(723968K), 0.0042353 secs] [Times: user=0.04 sys=0.00, real=0.01 secs] 
2016-09-22T22:34:32.672-0400: 52.962: [GC (GCLocker Initiated GC) [PSYoungGen: 162019K->38047K(195072K)] 340097K->217602K(719360K), 0.0146434 secs] [Times: user=0.13 sys=0.00, real=0.02 secs] 
2016-09-22T22:34:32.829-0400: 53.119: [GC (GCLocker Initiated GC) [PSYoungGen: 175775K->24614K(197632K)] 355388K->227152K(721920K), 0.0073735 secs] [Times: user=0.07 sys=0.00, real=0.01 secs] 
2016-09-22T22:34:32.994-0400: 53.284: [GC (GCLocker Initiated GC) [PSYoungGen: 162342K->26470K(200192K)] 370307K->249360K(724480K), 0.0094884 secs] [Times: user=0.11 sys=0.00, real=0.01 secs] 
2016-09-22T22:34:33.161-0400: 53.451: [GC (GCLocker Initiated GC) [PSYoungGen: 168806K->27436K(201216K)] 397153K->257449K(725504K), 0.0097607 secs] [Times: user=0.12 sys=0.01, real=0.01 secs] 
2016-09-22T22:34:33.326-0400: 53.615: [GC (GCLocker Initiated GC) [PSYoungGen: 169772K->39876K(202752K)] 404203K->275741K(727040K), 0.0304163 secs] [Times: user=0.39 sys=0.01, real=0.04 secs] 
2016-09-22T22:34:33.533-0400: 53.823: [GC (GCLocker Initiated GC) [PSYoungGen: 185284K->26171K(202752K)] 425204K->267623K(727040K), 0.0095796 secs] [Times: user=0.07 sys=0.00, real=0.01 secs] 
2016-09-22T22:34:33.723-0400: 54.013: [GC (GCLocker Initiated GC) [PSYoungGen: 171579K->24925K(204288K)] 421408K->276408K(728576K), 0.0136168 secs] [Times: user=0.12 sys=0.00, real=0.02 secs] 
2016-09-22T22:34:33.906-0400: 54.196: [GC (GCLocker Initiated GC) [PSYoungGen: 172893K->34209K(203776K)] 424455K->287443K(728064K), 0.0055167 secs] [Times: user=0.06 sys=0.00, real=0.01 secs] 
2016-09-22T22:34:34.079-0400: 54.369: [GC (GCLocker Initiated GC) [PSYoungGen: 182177K->23670K(205312K)] 442167K->285028K(729600K), 0.0047205 secs] [Times: user=0.06 sys=0.00, real=0.00 secs] 
2016-09-22T22:34:34.232-0400: 54.521: [GC (GCLocker Initiated GC) [PSYoungGen: 174710K->43477K(204288K)] 438805K->309058K(728576K), 0.0055805 secs] [Times: user=0.07 sys=0.00, real=0.01 secs] 
2016-09-22T22:34:34.376-0400: 54.666: [GC (GCLocker Initiated GC) [PSYoungGen: 194517K->38266K(206848K)] 460349K->329657K(731136K), 0.0062506 secs] [Times: user=0.07 sys=0.01, real=0.00 secs] 
2016-09-22T22:34:34.531-0400: 54.820: [GC (GCLocker Initiated GC) [PSYoungGen: 189306K->34344K(185856K)] 480867K->332609K(710144K), 0.0099810 secs] [Times: user=0.12 sys=0.00, real=0.01 secs] 
2016-09-22T22:34:34.688-0400: 54.978: [GC (GCLocker Initiated GC) [PSYoungGen: 185384K->22193K(204288K)] 495944K->350425K(728576K), 0.0121795 secs] [Times: user=0.15 sys=0.00, real=0.01 secs] 
2016-09-22T22:34:34.838-0400: 55.128: [GC (GCLocker Initiated GC) [PSYoungGen: 173233K->46402K(204288K)] 504261K->378941K(728576K), 0.0065983 secs] [Times: user=0.08 sys=0.00, real=0.00 secs] 
2016-09-22T22:34:34.988-0400: 55.277: [GC (GCLocker Initiated GC) [PSYoungGen: 197442K->38144K(206336K)] 530040K->372146K(730624K), 0.0129527 secs] [Times: user=0.11 sys=0.01, real=0.01 secs] 
2016-09-22T22:34:35.147-0400: 55.437: [GC (GCLocker Initiated GC) [PSYoungGen: 188160K->39337K(205824K)] 522335K->374902K(730112K), 0.0222125 secs] [Times: user=0.21 sys=0.00, real=0.02 secs] 
2016-09-22T22:34:35.323-0400: 55.612: [GC (Allocation Failure) [PSYoungGen: 189353K->15106K(204288K)] 537247K->364258K(728576K), 0.0147472 secs] [Times: user=0.16 sys=0.01, real=0.02 secs] 
2016-09-22T22:34:35.499-0400: 55.789: [GC (GCLocker Initiated GC) [PSYoungGen: 162381K->22082K(205312K)] 512883K->373886K(729600K), 0.0063652 secs] [Times: user=0.05 sys=0.00, real=0.00 secs] 
2016-09-22T22:34:35.654-0400: 55.944: [GC (GCLocker Initiated GC) [PSYoungGen: 170562K->23337K(202752K)] 527552K->381855K(727040K), 0.0110823 secs] [Times: user=0.10 sys=0.00, real=0.01 secs] 
2016-09-22T22:34:35.805-0400: 56.095: [GC (GCLocker Initiated GC) [PSYoungGen: 172329K->19414K(204288K)] 544436K->393019K(728576K), 0.0073276 secs] [Times: user=0.07 sys=0.00, real=0.01 secs] 
2016-09-22T22:34:35.954-0400: 56.244: [GC (GCLocker Initiated GC) [PSYoungGen: 168406K->20544K(204288K)] 546094K->399680K(728576K), 0.0099550 secs] [Times: user=0.09 sys=0.00, real=0.01 secs] 
2016-09-22T22:34:36.109-0400: 56.398: [GC (GCLocker Initiated GC) [PSYoungGen: 172608K->35270K(205824K)] 551777K->418535K(730112K), 0.0207391 secs] [Times: user=0.26 sys=0.01, real=0.02 secs] 
2016-09-22T22:34:36.282-0400: 56.572: [GC (GCLocker Initiated GC) [PSYoungGen: 187334K->42374K(203264K)] 576137K->448625K(727552K), 0.0071142 secs] [Times: user=0.06 sys=0.00, real=0.01 secs] 
2016-09-22T22:34:36.429-0400: 56.719: [GC (GCLocker Initiated GC) [PSYoungGen: 191878K->28749K(205824K)] 599863K->438136K(730112K), 0.0508230 secs] [Times: user=0.49 sys=0.00, real=0.05 secs] 
2016-09-22T22:34:36.622-0400: 56.911: [GC (GCLocker Initiated GC) [PSYoungGen: 178253K->35495K(204288K)] 590343K->449054K(728576K), 0.0131607 secs] [Times: user=0.12 sys=0.00, real=0.02 secs] 
2016-09-22T22:34:36.782-0400: 57.072: [GC (GCLocker Initiated GC) [PSYoungGen: 187047K->35516K(205312K)] 600624K->450519K(729600K), 0.0184565 secs] [Times: user=0.22 sys=0.00, real=0.02 secs] 
2016-09-22T22:34:36.946-0400: 57.236: [GC (GCLocker Initiated GC) [PSYoungGen: 187068K->25922K(206336K)] 602073K->450464K(730624K), 0.0088379 secs] [Times: user=0.07 sys=0.01, real=0.02 secs] 
2016-09-22T22:34:37.098-0400: 57.387: [GC (GCLocker Initiated GC) [PSYoungGen: 181570K->32575K(207360K)] 608849K->461204K(731648K), 0.0070336 secs] [Times: user=0.05 sys=0.01, real=0.00 secs] 
2016-09-22T22:34:37.242-0400: 57.532: [GC (GCLocker Initiated GC) [PSYoungGen: 188223K->22027K(209920K)] 616889K->462803K(734208K), 0.0141155 secs] [Times: user=0.17 sys=0.00, real=0.02 secs] 
2016-09-22T22:34:37.418-0400: 57.707: [GC (GCLocker Initiated GC) [PSYoungGen: 181771K->20696K(209920K)] 622550K->489852K(734208K), 0.0053483 secs] [Times: user=0.04 sys=0.01, real=0.00 secs] 
2016-09-22T22:34:37.576-0400: 57.865: [GC (GCLocker Initiated GC) [PSYoungGen: 180440K->30422K(209408K)] 651077K->502479K(733696K), 0.0283570 secs] [Times: user=0.34 sys=0.00, real=0.02 secs] 
2016-09-22T22:34:37.763-0400: 58.052: [GC (GCLocker Initiated GC) [PSYoungGen: 192726K->45302K(207872K)] 664879K->519199K(732160K), 0.0104844 secs] [Times: user=0.13 sys=0.00, real=0.01 secs] 
2016-09-22T22:34:37.938-0400: 58.228: [GC (Allocation Failure) [PSYoungGen: 207606K->38789K(208896K)] 681529K->533338K(733184K), 0.0108700 secs] [Times: user=0.15 sys=0.01, real=0.01 secs] 
2016-09-22T22:34:38.097-0400: 58.387: [Full GC (Ergonomics) [PSYoungGen: 193688K->0K(208896K)] [ParOldGen: 497249K->136545K(524288K)] 690937K->136545K(733184K), [Metaspace: 43617K->43617K(1087488K)], 0.0701418 secs] [Times: user=0.49 sys=0.02, real=0.07 secs] 
2016-09-22T22:34:38.326-0400: 58.616: [GC (GCLocker Initiated GC) [PSYoungGen: 156672K->41685K(198656K)] 298706K->183719K(722944K), 0.0068209 secs] [Times: user=0.09 sys=0.00, real=0.01 secs] 
2016-09-22T22:34:38.492-0400: 58.782: [GC (GCLocker Initiated GC) [PSYoungGen: 198357K->33447K(209408K)] 345940K->183070K(733696K), 0.0070966 secs] [Times: user=0.08 sys=0.00, real=0.01 secs] 
2016-09-22T22:34:38.663-0400: 58.953: [GC (GCLocker Initiated GC) [PSYoungGen: 188583K->23938K(179200K)] 344959K->182247K(703488K), 0.0067493 secs] [Times: user=0.08 sys=0.00, real=0.01 secs] 
2016-09-22T22:34:38.841-0400: 59.131: [GC (GCLocker Initiated GC) [PSYoungGen: 179074K->41317K(205824K)] 337629K->201715K(730112K), 0.0106202 secs] [Times: user=0.07 sys=0.00, real=0.01 secs] 
2016-09-22T22:34:39.026-0400: 59.315: [GC (GCLocker Initiated GC) [PSYoungGen: 194917K->33344K(207360K)] 355317K->195535K(731648K), 0.0053886 secs] [Times: user=0.04 sys=0.01, real=0.01 secs] 
2016-09-22T22:34:39.199-0400: 59.489: [GC (GCLocker Initiated GC) [PSYoungGen: 186944K->26619K(207872K)] 358711K->200288K(732160K), 0.0047369 secs] [Times: user=0.04 sys=0.00, real=0.00 secs] 
2016-09-22T22:34:39.357-0400: 59.647: [GC (GCLocker Initiated GC) [PSYoungGen: 183291K->46841K(203776K)] 357178K->241492K(728064K), 0.0061765 secs] [Times: user=0.08 sys=0.00, real=0.00 secs] 
2016-09-22T22:34:39.545-0400: 59.834: [GC (GCLocker Initiated GC) [PSYoungGen: 203513K->2428K(201216K)] 421425K->232887K(725504K), 0.0051240 secs] [Times: user=0.04 sys=0.00, real=0.01 secs] 
2016-09-22T22:34:39.709-0400: 59.999: [GC (GCLocker Initiated GC) [PSYoungGen: 148860K->27646K(204288K)] 386073K->266876K(728576K), 0.0057235 secs] [Times: user=0.05 sys=0.00, real=0.01 secs] 
2016-09-22T22:34:39.863-0400: 60.153: [GC (GCLocker Initiated GC) [PSYoungGen: 174078K->29063K(198144K)] 417391K->274083K(722432K), 0.0110230 secs] [Times: user=0.09 sys=0.01, real=0.01 secs] 
2016-09-22T22:34:40.026-0400: 60.316: [GC (GCLocker Initiated GC) [PSYoungGen: 177543K->33273K(201728K)] 425344K->309898K(726016K), 0.0067391 secs] [Times: user=0.09 sys=0.00, real=0.01 secs] 
2016-09-22T22:34:40.205-0400: 60.495: [GC (GCLocker Initiated GC) [PSYoungGen: 181753K->15810K(208896K)] 463837K->299596K(733184K), 0.0040184 secs] [Times: user=0.03 sys=0.00, real=0.01 secs] 
2016-09-22T22:34:40.377-0400: 60.667: [GC (GCLocker Initiated GC) [PSYoungGen: 172482K->30613K(187392K)] 461851K->324364K(711680K), 0.0068066 secs] [Times: user=0.05 sys=0.01, real=0.00 secs] 
2016-09-22T22:34:40.554-0400: 60.844: [GC (GCLocker Initiated GC) [PSYoungGen: 187285K->22706K(208896K)] 490664K->328052K(733184K), 0.0115283 secs] [Times: user=0.13 sys=0.01, real=0.01 secs] 
2016-09-22T22:34:40.735-0400: 61.025: [GC (GCLocker Initiated GC) [PSYoungGen: 180914K->19684K(207872K)] 495814K->336525K(732160K), 0.0070968 secs] [Times: user=0.05 sys=0.01, real=0.00 secs] 
2016-09-22T22:34:40.910-0400: 61.200: [GC (GCLocker Initiated GC) [PSYoungGen: 177892K->29187K(210944K)] 494754K->347936K(735232K), 0.0179620 secs] [Times: user=0.18 sys=0.01, real=0.02 secs] 
2016-09-22T22:34:41.087-0400: 61.376: [GC (GCLocker Initiated GC) [PSYoungGen: 192515K->30407K(210944K)] 514119K->353918K(735232K), 0.0254766 secs] [Times: user=0.34 sys=0.00, real=0.02 secs] 
2016-09-22T22:34:41.292-0400: 61.582: [GC (GCLocker Initiated GC) [PSYoungGen: 193735K->8869K(211968K)] 532370K->349121K(736256K), 0.0041721 secs] [Times: user=0.03 sys=0.00, real=0.01 secs] 
2016-09-22T22:34:41.476-0400: 61.766: [GC (GCLocker Initiated GC) [PSYoungGen: 174245K->34930K(200704K)] 520227K->382719K(724992K), 0.0055044 secs] [Times: user=0.06 sys=0.00, real=0.00 secs] 
2016-09-22T22:34:41.644-0400: 61.933: [GC (GCLocker Initiated GC) [PSYoungGen: 200306K->39879K(207872K)] 553599K->395174K(732160K), 0.0138553 secs] [Times: user=0.11 sys=0.00, real=0.02 secs] 
2016-09-22T22:34:41.820-0400: 62.109: [GC (GCLocker Initiated GC) [PSYoungGen: 198599K->30519K(210432K)] 561240K->394886K(734720K), 0.0242644 secs] [Times: user=0.21 sys=0.00, real=0.02 secs] 
2016-09-22T22:34:42.006-0400: 62.296: [GC (GCLocker Initiated GC) [PSYoungGen: 189239K->27426K(205312K)] 563505K->403533K(729600K), 0.0210134 secs] [Times: user=0.18 sys=0.00, real=0.03 secs] 
2016-09-22T22:34:42.184-0400: 62.474: [GC (GCLocker Initiated GC) [PSYoungGen: 187682K->17756K(208384K)] 563796K->395407K(732672K), 0.0127825 secs] [Times: user=0.10 sys=0.00, real=0.02 secs] 
2016-09-22T22:34:42.348-0400: 62.637: [GC (GCLocker Initiated GC) [PSYoungGen: 178012K->31729K(212992K)] 555800K->410801K(737280K), 0.0248400 secs] [Times: user=0.25 sys=0.00, real=0.02 secs] 
2016-09-22T22:34:42.541-0400: 62.830: [GC (GCLocker Initiated GC) [PSYoungGen: 197617K->31645K(213504K)] 583663K->419280K(737792K), 0.0259948 secs] [Times: user=0.27 sys=0.01, real=0.03 secs] 
2016-09-22T22:34:42.720-0400: 63.010: [GC (GCLocker Initiated GC) [PSYoungGen: 197533K->38271K(210944K)] 585177K->427484K(735232K), 0.0201656 secs] [Times: user=0.23 sys=0.00, real=0.02 secs] 
2016-09-22T22:34:42.897-0400: 63.187: [GC (Allocation Failure) [PSYoungGen: 202111K->38384K(202240K)] 596962K->448292K(726528K), 0.0074924 secs] [Times: user=0.06 sys=0.00, real=0.00 secs] 
2016-09-22T22:34:42.905-0400: 63.195: [GC (GCLocker Initiated GC) [PSYoungGen: 38776K->224K(205312K)] 448683K->452371K(729600K), 0.0053453 secs] [Times: user=0.06 sys=0.00, real=0.01 secs] 
2016-09-22T22:34:43.071-0400: 63.361: [GC (GCLocker Initiated GC) [PSYoungGen: 154848K->38008K(193024K)] 606998K->490167K(717312K), 0.0055545 secs] [Times: user=0.05 sys=0.00, real=0.01 secs] 
2016-09-22T22:34:43.258-0400: 63.548: [GC (Allocation Failure) [PSYoungGen: 192632K->35697K(206336K)] 652965K->497284K(730624K), 0.0059371 secs] [Times: user=0.07 sys=0.00, real=0.00 secs] 
2016-09-22T22:34:43.407-0400: 63.696: [GC (GCLocker Initiated GC) [PSYoungGen: 186230K->30069K(181760K)] 651867K->499833K(706048K), 0.0118006 secs] [Times: user=0.10 sys=0.00, real=0.02 secs] 
2016-09-22T22:34:43.557-0400: 63.847: [GC (GCLocker Initiated GC) [PSYoungGen: 181621K->46250K(200704K)] 651514K->517526K(724992K), 0.0074826 secs] [Times: user=0.08 sys=0.00, real=0.00 secs] 
2016-09-22T22:34:43.701-0400: 63.991: [GC (GCLocker Initiated GC) [PSYoungGen: 194218K->27379K(204800K)] 665568K->516205K(729088K), 0.0100371 secs] [Times: user=0.11 sys=0.01, real=0.01 secs] 
2016-09-22T22:34:43.853-0400: 64.143: [GC (Allocation Failure) [PSYoungGen: 175347K->28760K(199168K)] 669803K->524505K(723456K), 0.0049882 secs] [Times: user=0.05 sys=0.00, real=0.01 secs] 
2016-09-22T22:34:43.859-0400: 64.148: [GC (GCLocker Initiated GC) [PSYoungGen: 30783K->128K(203264K)] 526528K->521709K(727552K), 0.0081480 secs] [Times: user=0.09 sys=0.00, real=0.01 secs] 
2016-09-22T22:34:43.867-0400: 64.157: [Full GC (Ergonomics) [PSYoungGen: 128K->0K(203264K)] [ParOldGen: 521581K->82572K(524288K)] 521709K->82572K(727552K), [Metaspace: 43641K->43641K(1087488K)], 0.0619944 secs] [Times: user=0.51 sys=0.02, real=0.06 secs] 
2016-09-22T22:34:44.066-0400: 64.356: [GC (GCLocker Initiated GC) [PSYoungGen: 149340K->53285K(193024K)] 234612K->138558K(717312K), 0.0119679 secs] [Times: user=0.19 sys=0.00, real=0.02 secs] 
2016-09-22T22:34:44.227-0400: 64.517: [GC (GCLocker Initiated GC) [PSYoungGen: 190501K->36569K(199680K)] 278486K->125979K(723968K), 0.0070270 secs] [Times: user=0.04 sys=0.00, real=0.00 secs] 
2016-09-22T22:34:44.370-0400: 64.660: [GC (GCLocker Initiated GC) [PSYoungGen: 173785K->31487K(193024K)] 270418K->129293K(717312K), 0.0121219 secs] [Times: user=0.12 sys=0.00, real=0.01 secs] 
2016-09-22T22:34:44.525-0400: 64.815: [GC (GCLocker Initiated GC) [PSYoungGen: 169215K->15249K(196608K)] 283375K->144233K(720896K), 0.0170833 secs] [Times: user=0.20 sys=0.00, real=0.02 secs] 
2016-09-22T22:34:44.693-0400: 64.982: [GC (GCLocker Initiated GC) [PSYoungGen: 152977K->30200K(198144K)] 282172K->168972K(722432K), 0.0211445 secs] [Times: user=0.22 sys=0.00, real=0.02 secs] 
2016-09-22T22:34:44.870-0400: 65.160: [GC (GCLocker Initiated GC) [PSYoungGen: 174584K->25037K(200704K)] 327084K->179028K(724992K), 0.0135588 secs] [Times: user=0.09 sys=0.00, real=0.01 secs] 
2016-09-22T22:34:45.033-0400: 65.323: [GC (GCLocker Initiated GC) [PSYoungGen: 169421K->39858K(204800K)] 328821K->201065K(729088K), 0.0148396 secs] [Times: user=0.19 sys=0.00, real=0.02 secs] 
2016-09-22T22:34:45.205-0400: 65.495: [GC (GCLocker Initiated GC) [PSYoungGen: 190386K->31680K(182272K)] 358739K->201667K(706560K), 0.0157063 secs] [Times: user=0.16 sys=0.01, real=0.02 secs] 
2016-09-22T22:34:45.394-0400: 65.684: [GC (GCLocker Initiated GC) [PSYoungGen: 182208K->29303K(207872K)] 354925K->203704K(732160K), 0.0211236 secs] [Times: user=0.20 sys=0.01, real=0.03 secs] 
2016-09-22T22:34:45.577-0400: 65.867: [GC (GCLocker Initiated GC) [PSYoungGen: 183415K->33482K(205824K)] 357849K->223479K(730112K), 0.0060487 secs] [Times: user=0.04 sys=0.01, real=0.00 secs] 
2016-09-22T22:34:45.747-0400: 66.037: [GC (GCLocker Initiated GC) [PSYoungGen: 187594K->33563K(207872K)] 392548K->267502K(732160K), 0.0087882 secs] [Times: user=0.08 sys=0.00, real=0.01 secs] 
2016-09-22T22:34:45.910-0400: 66.200: [GC (GCLocker Initiated GC) [PSYoungGen: 190747K->36458K(207360K)] 424773K->275393K(731648K), 0.0096825 secs] [Times: user=0.10 sys=0.00, real=0.01 secs] 
2016-09-22T22:34:46.076-0400: 66.366: [GC (GCLocker Initiated GC) [PSYoungGen: 193642K->41491K(207872K)] 435489K->301599K(732160K), 0.0064981 secs] [Times: user=0.07 sys=0.01, real=0.00 secs] 
2016-09-22T22:34:46.247-0400: 66.537: [GC (Allocation Failure) [PSYoungGen: 199187K->38948K(197120K)] 459304K->300869K(721408K), 0.0098410 secs] [Times: user=0.11 sys=0.01, real=0.01 secs] 
2016-09-22T22:34:46.418-0400: 66.708: [GC (GCLocker Initiated GC) [PSYoungGen: 194206K->32326K(211456K)] 458828K->309725K(735744K), 0.0050851 secs] [Times: user=0.06 sys=0.00, real=0.00 secs] 
2016-09-22T22:34:46.579-0400: 66.869: [GC (GCLocker Initiated GC) [PSYoungGen: 191046K->49530K(208384K)] 468468K->339850K(732672K), 0.0132745 secs] [Times: user=0.18 sys=0.00, real=0.01 secs] 
2016-09-22T22:34:46.760-0400: 67.050: [GC (GCLocker Initiated GC) [PSYoungGen: 208250K->28015K(207360K)] 501507K->341940K(731648K), 0.0128714 secs] [Times: user=0.16 sys=0.00, real=0.01 secs] 
2016-09-22T22:34:46.921-0400: 67.211: [GC (GCLocker Initiated GC) [PSYoungGen: 181615K->35901K(189952K)] 498265K->354492K(714240K), 0.0097203 secs] [Times: user=0.09 sys=0.01, real=0.01 secs] 
2016-09-22T22:34:47.089-0400: 67.379: [GC (GCLocker Initiated GC) [PSYoungGen: 189501K->27488K(208384K)] 508121K->347771K(732672K), 0.0053924 secs] [Times: user=0.05 sys=0.00, real=0.00 secs] 
2016-09-22T22:34:47.251-0400: 67.541: [GC (GCLocker Initiated GC) [PSYoungGen: 182624K->15585K(207360K)] 516410K->361705K(731648K), 0.0062368 secs] [Times: user=0.04 sys=0.00, real=0.01 secs] 
2016-09-22T22:34:47.418-0400: 67.708: [GC (GCLocker Initiated GC) [PSYoungGen: 170721K->24867K(208896K)] 521118K->376981K(733184K), 0.0152644 secs] [Times: user=0.16 sys=0.00, real=0.01 secs] 
2016-09-22T22:34:47.582-0400: 67.871: [GC (GCLocker Initiated GC) [PSYoungGen: 181539K->32814K(208896K)] 536411K->389267K(733184K), 0.0157933 secs] [Times: user=0.17 sys=0.01, real=0.02 secs] 
2016-09-22T22:34:47.744-0400: 68.034: [GC (GCLocker Initiated GC) [PSYoungGen: 189486K->44987K(204800K)] 546041K->402834K(729088K), 0.0161577 secs] [Times: user=0.19 sys=0.00, real=0.02 secs] 
2016-09-22T22:34:47.902-0400: 68.192: [GC (GCLocker Initiated GC) [PSYoungGen: 198587K->30029K(207872K)] 556456K->402722K(732160K), 0.0099997 secs] [Times: user=0.10 sys=0.00, real=0.01 secs] 
2016-09-22T22:34:48.060-0400: 68.350: [GC (GCLocker Initiated GC) [PSYoungGen: 183629K->35235K(205824K)] 556366K->409251K(730112K), 0.0114678 secs] [Times: user=0.12 sys=0.00, real=0.01 secs] 
2016-09-22T22:34:48.232-0400: 68.522: [GC (GCLocker Initiated GC) [PSYoungGen: 190883K->35456K(207360K)] 570326K->416000K(731648K), 0.0074865 secs] [Times: user=0.06 sys=0.00, real=0.01 secs] 
2016-09-22T22:34:48.383-0400: 68.673: [GC (GCLocker Initiated GC) [PSYoungGen: 191104K->36894K(209920K)] 571770K->421622K(734208K), 0.0246026 secs] [Times: user=0.31 sys=0.00, real=0.03 secs] 
2016-09-22T22:34:48.552-0400: 68.842: [GC (Allocation Failure) [PSYoungGen: 196638K->35597K(210432K)] 584127K->424465K(734720K), 0.0099618 secs] [Times: user=0.13 sys=0.01, real=0.01 secs] 
2016-09-22T22:34:48.702-0400: 68.992: [GC (GCLocker Initiated GC) [PSYoungGen: 193749K->29882K(209920K)] 585316K->422745K(734208K), 0.0093485 secs] [Times: user=0.10 sys=0.00, real=0.01 secs] 
2016-09-22T22:34:48.862-0400: 69.151: [GC (GCLocker Initiated GC) [PSYoungGen: 191674K->43768K(210432K)] 584547K->437965K(734720K), 0.0068385 secs] [Times: user=0.07 sys=0.01, real=0.01 secs] 
2016-09-22T22:34:49.015-0400: 69.305: [GC (GCLocker Initiated GC) [PSYoungGen: 205560K->35318K(211968K)] 599838K->430977K(736256K), 0.0167513 secs] [Times: user=0.22 sys=0.00, real=0.01 secs] 
2016-09-22T22:34:49.177-0400: 69.466: [GC (GCLocker Initiated GC) [PSYoungGen: 196598K->47507K(208896K)] 592282K->444423K(733184K), 0.0059390 secs] [Times: user=0.06 sys=0.00, real=0.00 secs] 
2016-09-22T22:34:49.346-0400: 69.636: [GC (GCLocker Initiated GC) [PSYoungGen: 208787K->23304K(207872K)] 608427K->426787K(732160K), 0.0145367 secs] [Times: user=0.12 sys=0.00, real=0.02 secs] 
2016-09-22T22:34:49.502-0400: 69.792: [GC (GCLocker Initiated GC) [PSYoungGen: 177928K->40940K(195584K)] 586823K->456723K(719872K), 0.0099100 secs] [Times: user=0.12 sys=0.01, real=0.01 secs] 
2016-09-22T22:34:49.665-0400: 69.954: [GC (GCLocker Initiated GC) [PSYoungGen: 195564K->31463K(209408K)] 615408K->452657K(733696K), 0.0130151 secs] [Times: user=0.19 sys=0.00, real=0.02 secs] 
2016-09-22T22:34:49.814-0400: 70.104: [GC (GCLocker Initiated GC) [PSYoungGen: 186599K->36987K(192512K)] 613200K->464967K(716800K), 0.0052064 secs] [Times: user=0.06 sys=0.01, real=0.01 secs] 
2016-09-22T22:34:49.976-0400: 70.266: [GC (GCLocker Initiated GC) [PSYoungGen: 192123K->22047K(206336K)] 627008K->458259K(730624K), 0.0056611 secs] [Times: user=0.08 sys=0.01, real=0.00 secs] 
2016-09-22T22:34:50.121-0400: 70.411: [GC (GCLocker Initiated GC) [PSYoungGen: 176671K->35303K(206848K)] 617114K->477007K(731136K), 0.0187157 secs] [Times: user=0.25 sys=0.00, real=0.02 secs] 
2016-09-22T22:34:50.292-0400: 70.581: [GC (GCLocker Initiated GC) [PSYoungGen: 189927K->49055K(202752K)] 631660K->510841K(727040K), 0.0066676 secs] [Times: user=0.08 sys=0.01, real=0.01 secs] 
2016-09-22T22:34:50.444-0400: 70.734: [GC (GCLocker Initiated GC) [PSYoungGen: 200607K->18066K(169984K)] 671852K->509536K(694272K), 0.0096453 secs] [Times: user=0.10 sys=0.00, real=0.01 secs] 
2016-09-22T22:34:50.598-0400: 70.887: [GC (GCLocker Initiated GC) [PSYoungGen: 169618K->35453K(207360K)] 664176K->531382K(731648K), 0.0093424 secs] [Times: user=0.09 sys=0.01, real=0.01 secs] 
2016-09-22T22:34:50.754-0400: 71.044: [Full GC (Ergonomics) [PSYoungGen: 186493K->0K(207360K)] [ParOldGen: 505494K->108149K(524288K)] 691988K->108149K(731648K), [Metaspace: 43702K->43702K(1087488K)], 0.0736548 secs] [Times: user=0.48 sys=0.01, real=0.08 secs] 
2016-09-22T22:34:50.968-0400: 71.257: [GC (GCLocker Initiated GC) [PSYoungGen: 151040K->32832K(184320K)] 259270K->141062K(708608K), 0.0053497 secs] [Times: user=0.04 sys=0.00, real=0.00 secs] 
2016-09-22T22:34:51.123-0400: 71.413: [GC (GCLocker Initiated GC) [PSYoungGen: 183872K->12435K(202240K)] 311148K->141045K(726528K), 0.0210236 secs] [Times: user=0.24 sys=0.00, real=0.02 secs] 
2016-09-22T22:34:51.279-0400: 71.569: [GC (GCLocker Initiated GC) [PSYoungGen: 161939K->35292K(203776K)] 293321K->167918K(728064K), 0.0092267 secs] [Times: user=0.09 sys=0.00, real=0.01 secs] 
2016-09-22T22:34:51.431-0400: 71.721: [GC (Allocation Failure) [PSYoungGen: 184796K->23207K(205312K)] 317426K->156931K(729600K), 0.0061345 secs] [Times: user=0.04 sys=0.00, real=0.01 secs] 
2016-09-22T22:34:51.575-0400: 71.865: [GC (GCLocker Initiated GC) [PSYoungGen: 177319K->28675K(206848K)] 311046K->163697K(731136K), 0.0041429 secs] [Times: user=0.03 sys=0.00, real=0.00 secs] 
2016-09-22T22:34:51.721-0400: 72.011: [GC (Allocation Failure) [PSYoungGen: 182787K->25936K(207360K)] 325926K->170302K(731648K), 0.0183647 secs] [Times: user=0.23 sys=0.00, real=0.02 secs] 
2016-09-22T22:34:51.886-0400: 72.176: [GC (GCLocker Initiated GC) [PSYoungGen: 181508K->32872K(208384K)] 328574K->181350K(732672K), 0.0039930 secs] [Times: user=0.03 sys=0.01, real=0.01 secs] 
2016-09-22T22:34:52.033-0400: 72.323: [GC (GCLocker Initiated GC) [PSYoungGen: 191080K->39440K(210944K)] 339684K->189314K(735232K), 0.0052936 secs] [Times: user=0.05 sys=0.00, real=0.01 secs] 
2016-09-22T22:34:52.191-0400: 72.481: [GC (GCLocker Initiated GC) [PSYoungGen: 201232K->32825K(211968K)] 351123K->197489K(736256K), 0.0087281 secs] [Times: user=0.11 sys=0.00, real=0.01 secs] 
2016-09-22T22:34:52.365-0400: 72.655: [GC (GCLocker Initiated GC) [PSYoungGen: 194617K->37134K(211968K)] 366046K->209818K(736256K), 0.0070031 secs] [Times: user=0.04 sys=0.00, real=0.01 secs] 
2016-09-22T22:34:52.525-0400: 72.815: [GC (GCLocker Initiated GC) [PSYoungGen: 199950K->39752K(202752K)] 378208K->233057K(727040K), 0.0052302 secs] [Times: user=0.08 sys=0.00, real=0.01 secs] 
2016-09-22T22:34:52.663-0400: 72.953: [GC (GCLocker Initiated GC) [PSYoungGen: 202568K->35503K(212480K)] 395928K->243795K(736768K), 0.0109142 secs] [Times: user=0.13 sys=0.00, real=0.01 secs] 
2016-09-22T22:34:52.818-0400: 73.107: [GC (GCLocker Initiated GC) [PSYoungGen: 197295K->47703K(209920K)] 405686K->260027K(734208K), 0.0049160 secs] [Times: user=0.06 sys=0.00, real=0.00 secs] 
2016-09-22T22:34:52.963-0400: 73.253: [GC (GCLocker Initiated GC) [PSYoungGen: 209495K->50230K(199680K)] 421900K->274764K(723968K), 0.0182449 secs] [Times: user=0.24 sys=0.01, real=0.02 secs] 
2016-09-22T22:34:53.112-0400: 73.402: [GC (GCLocker Initiated GC) [PSYoungGen: 197686K->23084K(204800K)] 425101K->273304K(729088K), 0.0091515 secs] [Times: user=0.08 sys=0.00, real=0.01 secs] 
2016-09-22T22:34:53.255-0400: 73.544: [GC (GCLocker Initiated GC) [PSYoungGen: 170540K->46331K(200704K)] 426230K->303079K(724992K), 0.0055865 secs] [Times: user=0.07 sys=0.00, real=0.00 secs] 
2016-09-22T22:34:53.396-0400: 73.686: [GC (GCLocker Initiated GC) [PSYoungGen: 189691K->38219K(202752K)] 450702K->300515K(727040K), 0.0069253 secs] [Times: user=0.04 sys=0.02, real=0.00 secs] 
2016-09-22T22:34:53.546-0400: 73.836: [GC (GCLocker Initiated GC) [PSYoungGen: 181579K->32953K(199168K)] 449281K->301961K(723456K), 0.0056747 secs] [Times: user=0.05 sys=0.00, real=0.01 secs] 
2016-09-22T22:34:53.688-0400: 73.977: [GC (GCLocker Initiated GC) [PSYoungGen: 177849K->27453K(201216K)] 453766K->304721K(725504K), 0.0109579 secs] [Times: user=0.14 sys=0.00, real=0.01 secs] 
2016-09-22T22:34:53.824-0400: 74.114: [GC (GCLocker Initiated GC) [PSYoungGen: 172349K->32589K(202240K)] 457809K->319401K(726528K), 0.0049503 secs] [Times: user=0.06 sys=0.00, real=0.01 secs] 
2016-09-22T22:34:53.962-0400: 74.252: [GC (GCLocker Initiated GC) [PSYoungGen: 182605K->31278K(204288K)] 476387K->326097K(728576K), 0.0099237 secs] [Times: user=0.14 sys=0.00, real=0.01 secs] 
2016-09-22T22:34:54.107-0400: 74.396: [GC (GCLocker Initiated GC) [PSYoungGen: 181294K->24377K(207360K)] 486974K->331095K(731648K), 0.0069415 secs] [Times: user=0.08 sys=0.00, real=0.00 secs] 
2016-09-22T22:34:54.250-0400: 74.540: [GC (GCLocker Initiated GC) [PSYoungGen: 179513K->51668K(206848K)] 486248K->360772K(731136K), 0.0055101 secs] [Times: user=0.07 sys=0.00, real=0.01 secs] 
2016-09-22T22:34:54.388-0400: 74.678: [GC (GCLocker Initiated GC) [PSYoungGen: 206804K->21964K(201728K)] 529464K->364708K(726016K), 0.0050498 secs] [Times: user=0.04 sys=0.00, real=0.00 secs] 
2016-09-22T22:34:54.531-0400: 74.821: [GC (GCLocker Initiated GC) [PSYoungGen: 168396K->32562K(204288K)] 511144K->390017K(728576K), 0.0142862 secs] [Times: user=0.15 sys=0.00, real=0.01 secs] 
2016-09-22T22:34:54.685-0400: 74.975: [GC (GCLocker Initiated GC) [PSYoungGen: 178994K->49230K(200192K)] 536660K->408136K(724480K), 0.0058318 secs] [Times: user=0.05 sys=0.01, real=0.01 secs] 
2016-09-22T22:34:54.831-0400: 75.121: [GC (GCLocker Initiated GC) [PSYoungGen: 193614K->42368K(186880K)] 555241K->405471K(711168K), 0.0063831 secs] [Times: user=0.05 sys=0.00, real=0.01 secs] 
2016-09-22T22:34:54.996-0400: 75.286: [GC (GCLocker Initiated GC) [PSYoungGen: 186752K->47865K(198656K)] 552745K->418034K(722944K), 0.0094442 secs] [Times: user=0.12 sys=0.01, real=0.00 secs] 
2016-09-22T22:34:55.147-0400: 75.436: [GC (GCLocker Initiated GC) [PSYoungGen: 187129K->38260K(200704K)] 560161K->423577K(724992K), 0.0184748 secs] [Times: user=0.24 sys=0.00, real=0.01 secs] 
2016-09-22T22:34:55.304-0400: 75.594: [GC (GCLocker Initiated GC) [PSYoungGen: 177524K->41070K(198656K)] 571017K->435981K(722944K), 0.0047490 secs] [Times: user=0.06 sys=0.00, real=0.01 secs] 
2016-09-22T22:34:55.452-0400: 75.741: [GC (GCLocker Initiated GC) [PSYoungGen: 182382K->49053K(199680K)] 585429K->453508K(723968K), 0.0081368 secs] [Times: user=0.11 sys=0.00, real=0.01 secs] 
2016-09-22T22:34:55.606-0400: 75.896: [GC (GCLocker Initiated GC) [PSYoungGen: 190365K->42536K(202240K)] 600270K->461840K(726528K), 0.0164877 secs] [Times: user=0.23 sys=0.01, real=0.02 secs] 
2016-09-22T22:34:55.773-0400: 76.062: [GC (GCLocker Initiated GC) [PSYoungGen: 183848K->28921K(170496K)] 611621K->458162K(694784K), 0.0052013 secs] [Times: user=0.06 sys=0.00, real=0.01 secs] 
2016-09-22T22:34:55.927-0400: 76.216: [GC (GCLocker Initiated GC) [PSYoungGen: 170233K->35489K(202240K)] 604879K->471560K(726528K), 0.0103495 secs] [Times: user=0.11 sys=0.00, real=0.01 secs] 
2016-09-22T22:34:56.103-0400: 76.393: [GC (GCLocker Initiated GC) [PSYoungGen: 178337K->24927K(200704K)] 618491K->466380K(724992K), 0.0058058 secs] [Times: user=0.05 sys=0.00, real=0.01 secs] 
2016-09-22T22:34:56.256-0400: 76.546: [GC (GCLocker Initiated GC) [PSYoungGen: 167775K->18452K(201728K)] 620735K->499910K(726016K), 0.0056671 secs] [Times: user=0.05 sys=0.01, real=0.00 secs] 
2016-09-22T22:34:56.416-0400: 76.705: [GC (GCLocker Initiated GC) [PSYoungGen: 161812K->42676K(186368K)] 643362K->525990K(710656K), 0.0154477 secs] [Times: user=0.20 sys=0.00, real=0.01 secs] 
2016-09-22T22:34:56.570-0400: 76.859: [GC (GCLocker Initiated GC) [PSYoungGen: 186036K->43987K(201216K)] 669386K->529081K(725504K), 0.0065284 secs] [Times: user=0.07 sys=0.00, real=0.01 secs] 
2016-09-22T22:34:56.725-0400: 77.015: [GC (GCLocker Initiated GC) [PSYoungGen: 185299K->41161K(201728K)] 677229K->534804K(726016K), 0.0127024 secs] [Times: user=0.18 sys=0.00, real=0.02 secs] 
2016-09-22T22:34:56.885-0400: 77.175: [Full GC (Ergonomics) [PSYoungGen: 182473K->0K(201728K)] [ParOldGen: 507630K->120888K(524288K)] 690103K->120888K(726016K), [Metaspace: 43716K->43716K(1087488K)], 0.0631754 secs] [Times: user=0.55 sys=0.01, real=0.07 secs] 
2016-09-22T22:34:57.096-0400: 77.386: [GC (GCLocker Initiated GC) [PSYoungGen: 141312K->59875K(189952K)] 262281K->180901K(714240K), 0.0066194 secs] [Times: user=0.10 sys=0.00, real=0.00 secs] 
2016-09-22T22:34:57.224-0400: 77.514: [GC (GCLocker Initiated GC) [PSYoungGen: 189923K->49133K(179200K)] 313700K->187859K(703488K), 0.0067143 secs] [Times: user=0.08 sys=0.00, real=0.01 secs] 
2016-09-22T22:34:57.367-0400: 77.657: [GC (GCLocker Initiated GC) [PSYoungGen: 179181K->32797K(196608K)] 320723K->175726K(720896K), 0.0058196 secs] [Times: user=0.05 sys=0.00, real=0.00 secs] 
2016-09-22T22:34:57.503-0400: 77.793: [GC (Allocation Failure) [PSYoungGen: 162333K->46383K(195072K)] 308136K->193646K(719360K), 0.0166972 secs] [Times: user=0.24 sys=0.00, real=0.02 secs] 
2016-09-22T22:34:57.521-0400: 77.810: [GC (GCLocker Initiated GC) [PSYoungGen: 46393K->32K(187392K)] 193655K->200172K(711680K), 0.0043789 secs] [Times: user=0.05 sys=0.00, real=0.00 secs] 
2016-09-22T22:34:57.653-0400: 77.943: [GC (GCLocker Initiated GC) [PSYoungGen: 121363K->32037K(192000K)] 322853K->233535K(716288K), 0.0095026 secs] [Times: user=0.15 sys=0.00, real=0.01 secs] 
2016-09-22T22:34:57.771-0400: 78.061: [GC (GCLocker Initiated GC) [PSYoungGen: 153893K->35287K(184320K)] 355502K->238745K(708608K), 0.0066617 secs] [Times: user=0.05 sys=0.00, real=0.01 secs] 
2016-09-22T22:34:57.916-0400: 78.206: [GC (GCLocker Initiated GC) [PSYoungGen: 160215K->35452K(188928K)] 366509K->261935K(713216K), 0.0061423 secs] [Times: user=0.07 sys=0.00, real=0.00 secs] 
2016-09-22T22:34:58.051-0400: 78.341: [GC (GCLocker Initiated GC) [PSYoungGen: 160380K->38278K(193024K)] 387004K->266156K(717312K), 0.0109239 secs] [Times: user=0.12 sys=0.00, real=0.01 secs] 
2016-09-22T22:34:58.206-0400: 78.495: [GC (GCLocker Initiated GC) [PSYoungGen: 174982K->31764K(196608K)] 402874K->277140K(720896K), 0.0071824 secs] [Times: user=0.08 sys=0.00, real=0.01 secs] 
2016-09-22T22:34:58.339-0400: 78.628: [GC (GCLocker Initiated GC) [PSYoungGen: 168468K->45150K(201728K)] 413932K->302958K(726016K), 0.0105219 secs] [Times: user=0.10 sys=0.00, real=0.01 secs] 
2016-09-22T22:34:58.506-0400: 78.795: [GC (GCLocker Initiated GC) [PSYoungGen: 188510K->35894K(179712K)] 446346K->308669K(704000K), 0.0101578 secs] [Times: user=0.10 sys=0.02, real=0.02 secs] 
2016-09-22T22:34:58.674-0400: 78.963: [GC (GCLocker Initiated GC) [PSYoungGen: 179254K->25144K(201728K)] 460144K->307771K(726016K), 0.0066765 secs] [Times: user=0.07 sys=0.01, real=0.01 secs] 
2016-09-22T22:34:58.846-0400: 79.135: [GC (GCLocker Initiated GC) [PSYoungGen: 169528K->35664K(201728K)] 457579K->325446K(726016K), 0.0106511 secs] [Times: user=0.13 sys=0.00, real=0.02 secs] 
2016-09-22T22:34:59.006-0400: 79.296: [GC (GCLocker Initiated GC) [PSYoungGen: 180048K->16805K(201728K)] 472704K->332528K(726016K), 0.0066425 secs] [Times: user=0.07 sys=0.00, real=0.01 secs] 
2016-09-22T22:34:59.163-0400: 79.453: [GC (GCLocker Initiated GC) [PSYoungGen: 163237K->23686K(202752K)] 484292K->346353K(727040K), 0.0051335 secs] [Times: user=0.03 sys=0.01, real=0.01 secs] 
2016-09-22T22:34:59.318-0400: 79.608: [GC (GCLocker Initiated GC) [PSYoungGen: 170118K->25000K(203264K)] 492817K->349433K(727552K), 0.0095872 secs] [Times: user=0.07 sys=0.00, real=0.01 secs] 
2016-09-22T22:34:59.489-0400: 79.779: [GC (GCLocker Initiated GC) [PSYoungGen: 175016K->46864K(197120K)] 499544K->383810K(721408K), 0.0077131 secs] [Times: user=0.07 sys=0.00, real=0.01 secs] 
2016-09-22T22:34:59.659-0400: 79.948: [GC (GCLocker Initiated GC) [PSYoungGen: 196880K->38785K(204288K)] 533855K->377674K(728576K), 0.0049060 secs] [Times: user=0.05 sys=0.01, real=0.00 secs] 
2016-09-22T22:34:59.808-0400: 80.098: [GC (GCLocker Initiated GC) [PSYoungGen: 185217K->45070K(192000K)] 524211K->385935K(716288K), 0.0174566 secs] [Times: user=0.26 sys=0.00, real=0.01 secs] 
2016-09-22T22:34:59.966-0400: 80.256: [GC (GCLocker Initiated GC) [PSYoungGen: 191502K->45238K(199680K)] 535082K->390240K(723968K), 0.0112772 secs] [Times: user=0.13 sys=0.02, real=0.02 secs] 
2016-09-22T22:35:00.129-0400: 80.419: [GC (GCLocker Initiated GC) [PSYoungGen: 185526K->30477K(201216K)] 535938K->382391K(725504K), 0.0057794 secs] [Times: user=0.04 sys=0.00, real=0.01 secs] 
2016-09-22T22:35:00.291-0400: 80.581: [GC (GCLocker Initiated GC) [PSYoungGen: 170765K->22505K(200192K)] 537721K->391189K(724480K), 0.0046143 secs] [Times: user=0.04 sys=0.01, real=0.01 secs] 
2016-09-22T22:35:00.446-0400: 80.736: [GC (GCLocker Initiated GC) [PSYoungGen: 164329K->45268K(200704K)] 533056K->415740K(724992K), 0.0177957 secs] [Times: user=0.24 sys=0.00, real=0.02 secs] 
2016-09-22T22:35:00.616-0400: 80.906: [GC (GCLocker Initiated GC) [PSYoungGen: 187092K->14378K(199168K)] 572472K->401306K(723456K), 0.0037606 secs] [Times: user=0.04 sys=0.00, real=0.00 secs] 
2016-09-22T22:35:00.770-0400: 81.060: [GC (GCLocker Initiated GC) [PSYoungGen: 152618K->27640K(165888K)] 549025K->425939K(690176K), 0.0059287 secs] [Times: user=0.07 sys=0.00, real=0.01 secs] 
2016-09-22T22:35:00.916-0400: 81.206: [GC (GCLocker Initiated GC) [PSYoungGen: 165880K->50575K(194048K)] 566958K->455880K(718336K), 0.0063960 secs] [Times: user=0.06 sys=0.00, real=0.00 secs] 
2016-09-22T22:35:01.067-0400: 81.357: [GC (GCLocker Initiated GC) [PSYoungGen: 184719K->35767K(198144K)] 594312K->446817K(722432K), 0.0059899 secs] [Times: user=0.05 sys=0.00, real=0.00 secs] 
2016-09-22T22:35:01.212-0400: 81.502: [GC (GCLocker Initiated GC) [PSYoungGen: 169911K->19507K(196608K)] 590441K->441518K(720896K), 0.0056906 secs] [Times: user=0.04 sys=0.00, real=0.01 secs] 
2016-09-22T22:35:01.352-0400: 81.641: [GC (GCLocker Initiated GC) [PSYoungGen: 156211K->44046K(198144K)] 580992K->481296K(722432K), 0.0063037 secs] [Times: user=0.06 sys=0.01, real=0.01 secs] 
2016-09-22T22:35:01.498-0400: 81.788: [GC (GCLocker Initiated GC) [PSYoungGen: 180750K->20967K(200192K)] 627510K->490758K(724480K), 0.0062182 secs] [Times: user=0.06 sys=0.00, real=0.00 secs] 
2016-09-22T22:35:01.647-0400: 81.937: [GC (GCLocker Initiated GC) [PSYoungGen: 158695K->32878K(171008K)] 636637K->531347K(695296K), 0.0058797 secs] [Times: user=0.08 sys=0.00, real=0.00 secs] 
2016-09-22T22:35:01.653-0400: 81.943: [Full GC (Ergonomics) [PSYoungGen: 32878K->0K(171008K)] [ParOldGen: 498469K->171717K(524288K)] 531347K->171717K(695296K), [Metaspace: 43719K->43719K(1087488K)], 0.0579521 secs] [Times: user=0.43 sys=0.03, real=0.06 secs] 
2016-09-22T22:35:01.856-0400: 82.146: [GC (GCLocker Initiated GC) [PSYoungGen: 137728K->26446K(198656K)] 323142K->211860K(722944K), 0.0049900 secs] [Times: user=0.03 sys=0.00, real=0.00 secs] 
2016-09-22T22:35:01.999-0400: 82.288: [GC (GCLocker Initiated GC) [PSYoungGen: 165710K->38391K(197120K)] 354062K->229942K(721408K), 0.0065975 secs] [Times: user=0.04 sys=0.00, real=0.00 secs] 
2016-09-22T22:35:02.148-0400: 82.438: [GC (GCLocker Initiated GC) [PSYoungGen: 177655K->31919K(202240K)] 378879K->234660K(726528K), 0.0059644 secs] [Times: user=0.06 sys=0.00, real=0.00 secs] 
2016-09-22T22:35:02.313-0400: 82.603: [GC (GCLocker Initiated GC) [PSYoungGen: 178863K->37170K(202240K)] 387065K->246953K(726528K), 0.0072085 secs] [Times: user=0.07 sys=0.00, real=0.01 secs] 
2016-09-22T22:35:02.465-0400: 82.755: [GC (GCLocker Initiated GC) [PSYoungGen: 184114K->38493K(206336K)] 399326K->274275K(730624K), 0.0119622 secs] [Times: user=0.13 sys=0.01, real=0.02 secs] 
2016-09-22T22:35:02.643-0400: 82.932: [GC (GCLocker Initiated GC) [PSYoungGen: 190557K->35788K(206336K)] 433118K->298829K(730624K), 0.0098840 secs] [Times: user=0.14 sys=0.00, real=0.01 secs] 
2016-09-22T22:35:02.800-0400: 83.089: [GC (GCLocker Initiated GC) [PSYoungGen: 187852K->31654K(205824K)] 453664K->309801K(730112K), 0.0064981 secs] [Times: user=0.08 sys=0.00, real=0.00 secs] 
2016-09-22T22:35:02.952-0400: 83.242: [GC (GCLocker Initiated GC) [PSYoungGen: 186278K->29145K(206336K)] 475227K->319545K(730624K), 0.0112582 secs] [Times: user=0.13 sys=0.00, real=0.01 secs] 
2016-09-22T22:35:03.107-0400: 83.396: [GC (GCLocker Initiated GC) [PSYoungGen: 183769K->47860K(204288K)] 474244K->339960K(728576K), 0.0092710 secs] [Times: user=0.10 sys=0.00, real=0.01 secs] 
2016-09-22T22:35:03.283-0400: 83.573: [GC (GCLocker Initiated GC) [PSYoungGen: 201460K->35901K(207872K)] 499078K->335055K(732160K), 0.0049744 secs] [Times: user=0.06 sys=0.00, real=0.01 secs] 
2016-09-22T22:35:03.434-0400: 83.723: [GC (GCLocker Initiated GC) [PSYoungGen: 189501K->52094K(200192K)] 488699K->358275K(724480K), 0.0075752 secs] [Times: user=0.05 sys=0.01, real=0.01 secs] 
2016-09-22T22:35:03.586-0400: 83.876: [GC (GCLocker Initiated GC) [PSYoungGen: 199550K->34208K(204800K)] 508481K->369031K(729088K), 0.0057281 secs] [Times: user=0.06 sys=0.01, real=0.01 secs] 
2016-09-22T22:35:03.747-0400: 84.037: [GC (GCLocker Initiated GC) [PSYoungGen: 181664K->30028K(201216K)] 516587K->366295K(725504K), 0.0067924 secs] [Times: user=0.05 sys=0.00, real=0.00 secs] 
2016-09-22T22:35:03.894-0400: 84.183: [GC (GCLocker Initiated GC) [PSYoungGen: 179020K->22271K(203776K)] 520702K->365319K(728064K), 0.0164103 secs] [Times: user=0.13 sys=0.00, real=0.02 secs] 
2016-09-22T22:35:04.043-0400: 84.333: [GC (GCLocker Initiated GC) [PSYoungGen: 171263K->50531K(198656K)] 514399K->395304K(722944K), 0.0090637 secs] [Times: user=0.09 sys=0.00, real=0.01 secs] 
2016-09-22T22:35:04.202-0400: 84.492: [GC (GCLocker Initiated GC) [PSYoungGen: 193891K->49344K(193024K)] 541376K->409096K(717312K), 0.0064793 secs] [Times: user=0.08 sys=0.00, real=0.01 secs] 
2016-09-22T22:35:04.357-0400: 84.647: [GC (GCLocker Initiated GC) [PSYoungGen: 192704K->41180K(201216K)] 555193K->405251K(725504K), 0.0064240 secs] [Times: user=0.05 sys=0.02, real=0.00 secs] 
2016-09-22T22:35:04.510-0400: 84.799: [GC (GCLocker Initiated GC) [PSYoungGen: 180444K->33010K(172544K)] 549929K->404142K(696832K), 0.0051282 secs] [Times: user=0.07 sys=0.00, real=0.01 secs] 
2016-09-22T22:35:04.654-0400: 84.944: [GC (GCLocker Initiated GC) [PSYoungGen: 172274K->24783K(198656K)] 554358K->408379K(722944K), 0.0046924 secs] [Times: user=0.05 sys=0.00, real=0.01 secs] 
2016-09-22T22:35:04.799-0400: 85.089: [GC (GCLocker Initiated GC) [PSYoungGen: 164047K->27450K(198656K)] 553153K->417886K(722944K), 0.0093334 secs] [Times: user=0.07 sys=0.00, real=0.01 secs] 
2016-09-22T22:35:04.951-0400: 85.240: [GC (GCLocker Initiated GC) [PSYoungGen: 166714K->45314K(200192K)] 560059K->440139K(724480K), 0.0055844 secs] [Times: user=0.06 sys=0.00, real=0.01 secs] 
2016-09-22T22:35:05.102-0400: 85.392: [GC (GCLocker Initiated GC) [PSYoungGen: 187138K->39951K(201728K)] 590093K->444451K(726016K), 0.0099773 secs] [Times: user=0.14 sys=0.01, real=0.01 secs] 
2016-09-22T22:35:05.255-0400: 85.545: [GC (GCLocker Initiated GC) [PSYoungGen: 181775K->33090K(198656K)] 587742K->440649K(722944K), 0.0111861 secs] [Times: user=0.14 sys=0.01, real=0.00 secs] 
2016-09-22T22:35:05.409-0400: 85.699: [GC (GCLocker Initiated GC) [PSYoungGen: 176450K->27521K(200704K)] 593487K->446144K(724992K), 0.0149422 secs] [Times: user=0.19 sys=0.00, real=0.01 secs] 
2016-09-22T22:35:05.544-0400: 85.833: [GC (GCLocker Initiated GC) [PSYoungGen: 170881K->21545K(204288K)] 589704K->452484K(728576K), 0.0082919 secs] [Times: user=0.06 sys=0.00, real=0.01 secs] 
2016-09-22T22:35:05.682-0400: 85.972: [GC (GCLocker Initiated GC) [PSYoungGen: 169513K->46196K(194560K)] 600504K->478246K(718848K), 0.0136652 secs] [Times: user=0.16 sys=0.01, real=0.02 secs] 
2016-09-22T22:35:05.827-0400: 86.117: [GC (GCLocker Initiated GC) [PSYoungGen: 194164K->47649K(198656K)] 626245K->481004K(722944K), 0.0136544 secs] [Times: user=0.20 sys=0.00, real=0.01 secs] 
2016-09-22T22:35:05.971-0400: 86.260: [GC (GCLocker Initiated GC) [PSYoungGen: 186913K->22146K(200704K)] 633174K->480508K(724992K), 0.0050955 secs] [Times: user=0.06 sys=0.01, real=0.01 secs] 
2016-09-22T22:35:06.102-0400: 86.391: [GC (GCLocker Initiated GC) [PSYoungGen: 161410K->39546K(198656K)] 619773K->499249K(722944K), 0.0056556 secs] [Times: user=0.05 sys=0.00, real=0.01 secs] 
2016-09-22T22:35:06.237-0400: 86.526: [GC (GCLocker Initiated GC) [PSYoungGen: 178810K->31379K(199680K)] 641296K->495110K(723968K), 0.0115354 secs] [Times: user=0.12 sys=0.00, real=0.01 secs] 
2016-09-22T22:35:06.362-0400: 86.651: [GC (GCLocker Initiated GC) [PSYoungGen: 170643K->51781K(196096K)] 634605K->517034K(720384K), 0.0067680 secs] [Times: user=0.10 sys=0.00, real=0.01 secs] 
2016-09-22T22:35:06.526-0400: 86.816: [GC (GCLocker Initiated GC) [PSYoungGen: 188997K->39362K(199680K)] 654263K->505900K(723968K), 0.0049492 secs] [Times: user=0.06 sys=0.00, real=0.01 secs] 
2016-09-22T22:35:06.664-0400: 86.954: [GC (Allocation Failure) [PSYoungGen: 176578K->35416K(194048K)] 648655K->508603K(718336K), 0.0115505 secs] [Times: user=0.13 sys=0.01, real=0.02 secs] 
2016-09-22T22:35:06.820-0400: 87.109: [GC (GCLocker Initiated GC) [PSYoungGen: 173255K->41013K(197632K)] 649142K->518277K(721920K), 0.0059736 secs] [Times: user=0.07 sys=0.00, real=0.00 secs] 
2016-09-22T22:35:06.951-0400: 87.241: [GC (GCLocker Initiated GC) [PSYoungGen: 179765K->42122K(201728K)] 659965K->523729K(726016K), 0.0108840 secs] [Times: user=0.12 sys=0.00, real=0.01 secs] 
2016-09-22T22:35:07.099-0400: 87.389: [GC (GCLocker Initiated GC) [PSYoungGen: 187018K->29976K(202752K)] 672708K->516828K(727040K), 0.0061838 secs] [Times: user=0.05 sys=0.00, real=0.00 secs] 
2016-09-22T22:35:07.247-0400: 87.537: [GC (GCLocker Initiated GC) [PSYoungGen: 174872K->11016K(199680K)] 668625K->519591K(723968K), 0.0132250 secs] [Times: user=0.16 sys=0.00, real=0.01 secs] 
2016-09-22T22:35:07.260-0400: 87.550: [Full GC (Ergonomics) [PSYoungGen: 11016K->0K(199680K)] [ParOldGen: 508574K->90149K(524288K)] 519591K->90149K(723968K), [Metaspace: 43723K->43723K(1087488K)], 0.0640875 secs] [Times: user=0.41 sys=0.02, real=0.06 secs] 
2016-09-22T22:35:07.452-0400: 87.741: [GC (GCLocker Initiated GC) [PSYoungGen: 142336K->24546K(202240K)] 235341K->117551K(726528K), 0.0160969 secs] [Times: user=0.15 sys=0.00, real=0.02 secs] 
2016-09-22T22:35:07.613-0400: 87.903: [GC (GCLocker Initiated GC) [PSYoungGen: 166882K->14941K(202240K)] 278969K->128392K(726528K), 0.0035847 secs] [Times: user=0.03 sys=0.00, real=0.01 secs] 
2016-09-22T22:35:07.755-0400: 88.044: [GC (GCLocker Initiated GC) [PSYoungGen: 158301K->43427K(186880K)] 274493K->171576K(711168K), 0.0054337 secs] [Times: user=0.07 sys=0.00, real=0.00 secs] 
2016-09-22T22:35:07.891-0400: 88.180: [GC (GCLocker Initiated GC) [PSYoungGen: 186787K->27307K(202752K)] 320346K->188947K(727040K), 0.0078569 secs] [Times: user=0.11 sys=0.01, real=0.01 secs] 
2016-09-22T22:35:08.024-0400: 88.313: [GC (GCLocker Initiated GC) [PSYoungGen: 169131K->56904K(199168K)] 338900K->227799K(723456K), 0.0058063 secs] [Times: user=0.08 sys=0.00, real=0.01 secs] 
2016-09-22T22:35:08.153-0400: 88.442: [GC (GCLocker Initiated GC) [PSYoungGen: 198728K->16171K(194048K)] 376413K->216529K(718336K), 0.0125018 secs] [Times: user=0.14 sys=0.00, real=0.01 secs] 
2016-09-22T22:35:08.288-0400: 88.578: [GC (GCLocker Initiated GC) [PSYoungGen: 147243K->31323K(196608K)] 350508K->235671K(720896K), 0.0144679 secs] [Times: user=0.19 sys=0.01, real=0.01 secs] 
2016-09-22T22:35:08.429-0400: 88.719: [GC (GCLocker Initiated GC) [PSYoungGen: 162395K->27184K(191488K)] 372200K->238140K(715776K), 0.0175559 secs] [Times: user=0.17 sys=0.00, real=0.01 secs] 
2016-09-22T22:35:08.572-0400: 88.862: [GC (GCLocker Initiated GC) [PSYoungGen: 160816K->36326K(194048K)] 371806K->248506K(718336K), 0.0105018 secs] [Times: user=0.08 sys=0.01, real=0.01 secs] 
2016-09-22T22:35:08.708-0400: 88.998: [GC (GCLocker Initiated GC) [PSYoungGen: 169958K->36543K(198656K)] 384921K->255059K(722944K), 0.0091237 secs] [Times: user=0.09 sys=0.00, real=0.01 secs] 
2016-09-22T22:35:08.850-0400: 89.140: [GC (GCLocker Initiated GC) [PSYoungGen: 178879K->35364K(200704K)] 397500K->255111K(724992K), 0.0139082 secs] [Times: user=0.14 sys=0.01, real=0.01 secs] 
2016-09-22T22:35:09.004-0400: 89.294: [GC (GCLocker Initiated GC) [PSYoungGen: 177700K->24534K(201216K)] 403004K->250978K(725504K), 0.0052908 secs] [Times: user=0.03 sys=0.01, real=0.01 secs] 
2016-09-22T22:35:09.157-0400: 89.447: [GC (GCLocker Initiated GC) [PSYoungGen: 171478K->38238K(202752K)] 403405K->271425K(727040K), 0.0147638 secs] [Times: user=0.19 sys=0.00, real=0.01 secs] 
2016-09-22T22:35:09.320-0400: 89.610: [GC (GCLocker Initiated GC) [PSYoungGen: 185182K->24659K(204288K)] 430620K->274161K(728576K), 0.0059066 secs] [Times: user=0.04 sys=0.00, real=0.00 secs] 
2016-09-22T22:35:09.479-0400: 89.769: [GC (GCLocker Initiated GC) [PSYoungGen: 175187K->19122K(205312K)] 431445K->276754K(729600K), 0.0283078 secs] [Times: user=0.28 sys=0.00, real=0.03 secs] 
2016-09-22T22:35:09.643-0400: 89.933: [GC (GCLocker Initiated GC) [PSYoungGen: 169650K->35389K(206336K)] 430053K->308013K(730624K), 0.0136473 secs] [Times: user=0.15 sys=0.00, real=0.02 secs] 
2016-09-22T22:35:09.790-0400: 90.079: [GC (GCLocker Initiated GC) [PSYoungGen: 187965K->36781K(206848K)] 460596K->310580K(731136K), 0.0077495 secs] [Times: user=0.08 sys=0.00, real=0.01 secs] 
2016-09-22T22:35:09.977-0400: 90.267: [GC (GCLocker Initiated GC) [PSYoungGen: 189357K->22071K(206848K)] 467240K->301179K(731136K), 0.0079481 secs] [Times: user=0.05 sys=0.01, real=0.00 secs] 
2016-09-22T22:35:10.132-0400: 90.422: [GC (GCLocker Initiated GC) [PSYoungGen: 176183K->11390K(207360K)] 470326K->326119K(731648K), 0.0095582 secs] [Times: user=0.10 sys=0.00, real=0.01 secs] 
2016-09-22T22:35:10.283-0400: 90.573: [GC (GCLocker Initiated GC) [PSYoungGen: 165502K->51874K(195584K)] 480315K->368284K(719872K), 0.0150201 secs] [Times: user=0.14 sys=0.01, real=0.02 secs] 
2016-09-22T22:35:10.431-0400: 90.721: [GC (GCLocker Initiated GC) [PSYoungGen: 193186K->35426K(201728K)] 509606K->353194K(726016K), 0.0276058 secs] [Times: user=0.30 sys=0.02, real=0.03 secs] 
2016-09-22T22:35:10.603-0400: 90.893: [GC (GCLocker Initiated GC) [PSYoungGen: 176738K->36538K(199168K)] 494547K->355647K(723456K), 0.0096508 secs] [Times: user=0.09 sys=0.01, real=0.01 secs] 
2016-09-22T22:35:10.752-0400: 91.042: [GC (GCLocker Initiated GC) [PSYoungGen: 179386K->25833K(201216K)] 501268K->351629K(725504K), 0.0074251 secs] [Times: user=0.05 sys=0.01, real=0.01 secs] 
2016-09-22T22:35:10.908-0400: 91.198: [GC (GCLocker Initiated GC) [PSYoungGen: 168681K->13939K(203776K)] 506838K->353326K(728064K), 0.0102592 secs] [Times: user=0.08 sys=0.01, real=0.01 secs] 
2016-09-22T22:35:11.056-0400: 91.346: [GC (GCLocker Initiated GC) [PSYoungGen: 160883K->27456K(174592K)] 503070K->371089K(698880K), 0.0107673 secs] [Times: user=0.11 sys=0.00, real=0.01 secs] 
2016-09-22T22:35:11.213-0400: 91.502: [GC (GCLocker Initiated GC) [PSYoungGen: 174400K->28748K(205312K)] 518061K->384551K(729600K), 0.0126585 secs] [Times: user=0.13 sys=0.00, real=0.01 secs] 
2016-09-22T22:35:11.358-0400: 91.648: [GC (GCLocker Initiated GC) [PSYoungGen: 179276K->32697K(202752K)] 537842K->395360K(727040K), 0.0101567 secs] [Times: user=0.09 sys=0.00, real=0.01 secs] 
2016-09-22T22:35:11.503-0400: 91.793: [GC (GCLocker Initiated GC) [PSYoungGen: 183225K->24229K(207360K)] 548764K->407247K(731648K), 0.0102697 secs] [Times: user=0.09 sys=0.00, real=0.01 secs] 
2016-09-22T22:35:11.654-0400: 91.943: [GC (GCLocker Initiated GC) [PSYoungGen: 180389K->31350K(206336K)] 566118K->418110K(730624K), 0.0102335 secs] [Times: user=0.11 sys=0.00, real=0.01 secs] 
2016-09-22T22:35:11.813-0400: 92.102: [GC (GCLocker Initiated GC) [PSYoungGen: 187510K->23472K(210944K)] 585749K->422856K(735232K), 0.0049809 secs] [Times: user=0.05 sys=0.00, real=0.01 secs] 
2016-09-22T22:35:11.960-0400: 92.250: [GC (Allocation Failure) [PSYoungGen: 185264K->40885K(209920K)] 584682K->441670K(734208K), 0.0111414 secs] [Times: user=0.16 sys=0.01, real=0.01 secs] 
2016-09-22T22:35:11.972-0400: 92.261: [GC (GCLocker Initiated GC) [PSYoungGen: 40918K->128K(205312K)] 441702K->442814K(729600K), 0.0050507 secs] [Times: user=0.07 sys=0.00, real=0.01 secs] 
2016-09-22T22:35:12.108-0400: 92.398: [GC (GCLocker Initiated GC) [PSYoungGen: 154752K->40877K(195584K)] 597442K->483575K(719872K), 0.0094929 secs] [Times: user=0.07 sys=0.00, real=0.01 secs] 
2016-09-22T22:35:12.262-0400: 92.552: [GC (GCLocker Initiated GC) [PSYoungGen: 195501K->51658K(194560K)] 638410K->497416K(718848K), 0.0078220 secs] [Times: user=0.07 sys=0.00, real=0.01 secs] 
2016-09-22T22:35:12.393-0400: 92.682: [GC (GCLocker Initiated GC) [PSYoungGen: 189898K->29601K(200192K)] 638365K->479310K(724480K), 0.0125006 secs] [Times: user=0.16 sys=0.00, real=0.01 secs] 
2016-09-22T22:35:12.526-0400: 92.815: [GC (GCLocker Initiated GC) [PSYoungGen: 167841K->41942K(200192K)] 620320K->495428K(724480K), 0.0050611 secs] [Times: user=0.06 sys=0.00, real=0.01 secs] 
2016-09-22T22:35:12.667-0400: 92.956: [GC (GCLocker Initiated GC) [PSYoungGen: 183254K->40664K(182272K)] 647555K->505840K(706560K), 0.0083036 secs] [Times: user=0.10 sys=0.00, real=0.01 secs] 
2016-09-22T22:35:12.810-0400: 93.100: [GC (GCLocker Initiated GC) [PSYoungGen: 181976K->38055K(202240K)] 647222K->504339K(726528K), 0.0123124 secs] [Times: user=0.15 sys=0.01, real=0.01 secs] 
2016-09-22T22:35:12.946-0400: 93.236: [GC (GCLocker Initiated GC) [PSYoungGen: 179367K->50273K(192000K)] 645754K->517804K(716288K), 0.0056201 secs] [Times: user=0.08 sys=0.00, real=0.01 secs] 
2016-09-22T22:35:13.090-0400: 93.380: [GC (GCLocker Initiated GC) [PSYoungGen: 191585K->30032K(200192K)] 671479K->511103K(724480K), 0.0105200 secs] [Times: user=0.13 sys=0.01, real=0.01 secs] 
2016-09-22T22:35:13.232-0400: 93.522: [GC (GCLocker Initiated GC) [PSYoungGen: 166736K->40815K(177664K)] 653240K->528649K(701952K), 0.0116956 secs] [Times: user=0.10 sys=0.00, real=0.01 secs] 
2016-09-22T22:35:13.376-0400: 93.665: [GC (GCLocker Initiated GC) [PSYoungGen: 177519K->38154K(199680K)] 665369K->529953K(723968K), 0.0055066 secs] [Times: user=0.06 sys=0.00, real=0.00 secs] 
2016-09-22T22:35:13.516-0400: 93.805: [GC (Allocation Failure) [PSYoungGen: 176394K->41895K(198144K)] 671063K->537684K(722432K), 0.0060004 secs] [Times: user=0.06 sys=0.00, real=0.00 secs] 
2016-09-22T22:35:13.641-0400: 93.930: [GC (GCLocker Initiated GC) [PSYoungGen: 180135K->35086K(199680K)] 675931K->545368K(723968K), 0.0162898 secs] [Times: user=0.19 sys=0.02, real=0.02 secs] 
2016-09-22T22:35:13.657-0400: 93.947: [Full GC (Ergonomics) [PSYoungGen: 35086K->0K(199680K)] [ParOldGen: 510282K->108049K(524288K)] 545368K->108049K(723968K), [Metaspace: 43737K->43737K(1087488K)], 0.0666895 secs] [Times: user=0.57 sys=0.00, real=0.06 secs] 
2016-09-22T22:35:13.855-0400: 94.145: [GC (GCLocker Initiated GC) [PSYoungGen: 142336K->34163K(200192K)] 250389K->142216K(724480K), 0.0055894 secs] [Times: user=0.05 sys=0.00, real=0.00 secs] 
2016-09-22T22:35:13.986-0400: 94.275: [GC (GCLocker Initiated GC) [PSYoungGen: 176499K->35431K(201728K)] 287261K->147568K(726016K), 0.0058023 secs] [Times: user=0.06 sys=0.00, real=0.01 secs] 
2016-09-22T22:35:14.119-0400: 94.409: [GC (GCLocker Initiated GC) [PSYoungGen: 183911K->52867K(202240K)] 296083K->170260K(726528K), 0.0057890 secs] [Times: user=0.07 sys=0.01, real=0.00 secs] 
2016-09-22T22:35:14.253-0400: 94.543: [GC (GCLocker Initiated GC) [PSYoungGen: 201347K->40819K(204288K)] 318854K->170185K(728576K), 0.0061037 secs] [Times: user=0.05 sys=0.00, real=0.01 secs] 
2016-09-22T22:35:14.384-0400: 94.673: [GC (GCLocker Initiated GC) [PSYoungGen: 186739K->25751K(203776K)] 316145K->156372K(728064K), 0.0146972 secs] [Times: user=0.19 sys=0.00, real=0.02 secs] 
2016-09-22T22:35:14.530-0400: 94.820: [GC (GCLocker Initiated GC) [PSYoungGen: 171671K->20269K(203264K)] 308045K->157840K(727552K), 0.0067034 secs] [Times: user=0.08 sys=0.00, real=0.01 secs] 
2016-09-22T22:35:14.665-0400: 94.955: [GC (GCLocker Initiated GC) [PSYoungGen: 165677K->40518K(203776K)] 306000K->181723K(728064K), 0.0048079 secs] [Times: user=0.05 sys=0.00, real=0.01 secs] 
2016-09-22T22:35:14.802-0400: 95.092: [GC (GCLocker Initiated GC) [PSYoungGen: 185926K->40856K(202752K)] 335271K->191097K(727040K), 0.0061486 secs] [Times: user=0.05 sys=0.00, real=0.01 secs] 
2016-09-22T22:35:14.948-0400: 95.238: [GC (GCLocker Initiated GC) [PSYoungGen: 186264K->19169K(203264K)] 346181K->196554K(727552K), 0.0116895 secs] [Times: user=0.10 sys=0.00, real=0.01 secs] 
2016-09-22T22:35:15.089-0400: 95.379: [GC (GCLocker Initiated GC) [PSYoungGen: 164577K->32504K(200704K)] 347392K->216586K(724992K), 0.0153492 secs] [Times: user=0.18 sys=0.01, real=0.01 secs] 
2016-09-22T22:35:15.253-0400: 95.542: [GC (GCLocker Initiated GC) [PSYoungGen: 178424K->35446K(202240K)] 368013K->226125K(726528K), 0.0232013 secs] [Times: user=0.20 sys=0.00, real=0.03 secs] 
2016-09-22T22:35:15.407-0400: 95.696: [GC (GCLocker Initiated GC) [PSYoungGen: 181366K->34057K(201728K)] 383030K->236953K(726016K), 0.0121957 secs] [Times: user=0.17 sys=0.00, real=0.01 secs] 
2016-09-22T22:35:15.564-0400: 95.853: [GC (GCLocker Initiated GC) [PSYoungGen: 185097K->32783K(203776K)] 396143K->245088K(728064K), 0.0091348 secs] [Times: user=0.15 sys=0.00, real=0.01 secs] 
2016-09-22T22:35:15.725-0400: 96.014: [GC (GCLocker Initiated GC) [PSYoungGen: 183823K->35698K(206848K)] 401555K->254612K(731136K), 0.0124288 secs] [Times: user=0.16 sys=0.00, real=0.02 secs] 
2016-09-22T22:35:15.884-0400: 96.174: [GC (GCLocker Initiated GC) [PSYoungGen: 193906K->39977K(208384K)] 412860K->271199K(732672K), 0.0057480 secs] [Times: user=0.08 sys=0.00, real=0.01 secs] 
2016-09-22T22:35:16.042-0400: 96.332: [GC (GCLocker Initiated GC) [PSYoungGen: 198185K->43925K(208384K)] 432280K->279593K(732672K), 0.0063917 secs] [Times: user=0.06 sys=0.00, real=0.01 secs] 
2016-09-22T22:35:16.225-0400: 96.514: [GC (GCLocker Initiated GC) [PSYoungGen: 201621K->22506K(180224K)] 449587K->272003K(704512K), 0.0191509 secs] [Times: user=0.24 sys=0.00, real=0.02 secs] 
2016-09-22T22:35:16.425-0400: 96.715: [GC (GCLocker Initiated GC) [PSYoungGen: 180202K->11520K(204800K)] 440881K->273999K(729088K), 0.0188416 secs] [Times: user=0.26 sys=0.00, real=0.02 secs] 
2016-09-22T22:35:16.592-0400: 96.882: [GC (GCLocker Initiated GC) [PSYoungGen: 163072K->43822K(195584K)] 425666K->307934K(719872K), 0.0129038 secs] [Times: user=0.17 sys=0.01, real=0.01 secs] 
2016-09-22T22:35:16.749-0400: 97.039: [GC (GCLocker Initiated GC) [PSYoungGen: 195374K->38243K(205312K)] 459582K->306571K(729600K), 0.0099688 secs] [Times: user=0.11 sys=0.00, real=0.01 secs] 
2016-09-22T22:35:16.902-0400: 97.192: [GC (GCLocker Initiated GC) [PSYoungGen: 186211K->24936K(173056K)] 462651K->319025K(697344K), 0.0051018 secs] [Times: user=0.05 sys=0.01, real=0.01 secs] 
2016-09-22T22:35:17.062-0400: 97.351: [GC (GCLocker Initiated GC) [PSYoungGen: 172904K->21085K(203776K)] 480701K->330360K(728064K), 0.0038870 secs] [Times: user=0.03 sys=0.00, real=0.00 secs] 
2016-09-22T22:35:17.211-0400: 97.500: [GC (Allocation Failure) [PSYoungGen: 169053K->23446K(203776K)] 486527K->342562K(728064K), 0.0254143 secs] [Times: user=0.30 sys=0.00, real=0.03 secs] 
2016-09-22T22:35:17.385-0400: 97.675: [GC (GCLocker Initiated GC) [PSYoungGen: 170315K->28734K(203264K)] 492131K->363012K(727552K), 0.0059693 secs] [Times: user=0.05 sys=0.00, real=0.01 secs] 
2016-09-22T22:35:17.553-0400: 97.843: [GC (GCLocker Initiated GC) [PSYoungGen: 180286K->41166K(204288K)] 514618K->376952K(728576K), 0.0064972 secs] [Times: user=0.07 sys=0.00, real=0.01 secs] 
2016-09-22T22:35:17.713-0400: 98.003: [GC (GCLocker Initiated GC) [PSYoungGen: 192718K->30569K(206848K)] 528514K->378844K(731136K), 0.0179930 secs] [Times: user=0.24 sys=0.00, real=0.02 secs] 
2016-09-22T22:35:17.884-0400: 98.174: [GC (GCLocker Initiated GC) [PSYoungGen: 185705K->14180K(207360K)] 549046K->379213K(731648K), 0.0125907 secs] [Times: user=0.12 sys=0.01, real=0.02 secs] 
2016-09-22T22:35:18.067-0400: 98.357: [GC (GCLocker Initiated GC) [PSYoungGen: 169316K->31721K(207872K)] 541209K->405348K(732160K), 0.0253348 secs] [Times: user=0.27 sys=0.00, real=0.02 secs] 
2016-09-22T22:35:18.247-0400: 98.537: [GC (GCLocker Initiated GC) [PSYoungGen: 188393K->30454K(208384K)] 564788K->424726K(732672K), 0.0063286 secs] [Times: user=0.07 sys=0.00, real=0.00 secs] 
2016-09-22T22:35:18.404-0400: 98.693: [GC (GCLocker Initiated GC) [PSYoungGen: 187126K->30182K(207872K)] 588263K->432935K(732160K), 0.0049112 secs] [Times: user=0.04 sys=0.00, real=0.01 secs] 
2016-09-22T22:35:18.586-0400: 98.876: [GC (GCLocker Initiated GC) [PSYoungGen: 190950K->22485K(208384K)] 600654K->447177K(732672K), 0.0220949 secs] [Times: user=0.21 sys=0.00, real=0.03 secs] 
2016-09-22T22:35:18.770-0400: 99.060: [GC (GCLocker Initiated GC) [PSYoungGen: 183253K->27948K(211456K)] 610651K->474836K(735744K), 0.0102682 secs] [Times: user=0.13 sys=0.00, real=0.01 secs] 
2016-09-22T22:35:18.950-0400: 99.240: [GC (GCLocker Initiated GC) [PSYoungGen: 195372K->23710K(212992K)] 644963K->475119K(737280K), 0.0072506 secs] [Times: user=0.05 sys=0.00, real=0.01 secs] 
2016-09-22T22:35:19.123-0400: 99.413: [GC (GCLocker Initiated GC) [PSYoungGen: 191134K->33545K(216064K)] 647949K->492263K(740352K), 0.0076689 secs] [Times: user=0.09 sys=0.00, real=0.01 secs] 
2016-09-22T22:35:19.314-0400: 99.604: [GC (GCLocker Initiated GC) [PSYoungGen: 205065K->20058K(216576K)] 677437K->494437K(740864K), 0.0078171 secs] [Times: user=0.10 sys=0.00, real=0.01 secs] 
2016-09-22T22:35:19.491-0400: 99.781: [GC (GCLocker Initiated GC) [PSYoungGen: 191578K->44176K(207872K)] 666324K->526222K(732160K), 0.0102350 secs] [Times: user=0.15 sys=0.00, real=0.01 secs] 
2016-09-22T22:35:19.674-0400: 99.964: [GC (GCLocker Initiated GC) [PSYoungGen: 206992K->44278K(207360K)] 693117K->541675K(731648K), 0.0156513 secs] [Times: user=0.21 sys=0.01, real=0.02 secs] 
2016-09-22T22:35:19.844-0400: 100.134: [Full GC (Ergonomics) [PSYoungGen: 207094K->0K(207360K)] [ParOldGen: 508320K->140759K(524288K)] 715415K->140759K(731648K), [Metaspace: 43744K->43744K(1087488K)], 0.0706546 secs] [Times: user=0.59 sys=0.01, real=0.08 secs] 
2016-09-22T22:35:20.088-0400: 100.378: [GC (GCLocker Initiated GC) [PSYoungGen: 162816K->44275K(204288K)] 303640K->185099K(728576K), 0.0079831 secs] [Times: user=0.11 sys=0.00, real=0.01 secs] 
2016-09-22T22:35:20.249-0400: 100.539: [GC (GCLocker Initiated GC) [PSYoungGen: 195827K->8527K(160256K)] 348853K->177044K(684544K), 0.0063561 secs] [Times: user=0.04 sys=0.00, real=0.01 secs] 
2016-09-22T22:35:20.398-0400: 100.688: [GC (GCLocker Initiated GC) [PSYoungGen: 160079K->34190K(205824K)] 331533K->207085K(730112K), 0.0060476 secs] [Times: user=0.04 sys=0.00, real=0.00 secs] 
2016-09-22T22:35:20.536-0400: 100.825: [GC (GCLocker Initiated GC) [PSYoungGen: 182670K->46452K(195072K)] 355587K->220695K(719360K), 0.0098453 secs] [Times: user=0.10 sys=0.00, real=0.00 secs] 
2016-09-22T22:35:20.669-0400: 100.959: [GC (GCLocker Initiated GC) [PSYoungGen: 194932K->37352K(203264K)] 369185K->231991K(727552K), 0.0068571 secs] [Times: user=0.07 sys=0.00, real=0.01 secs] 
2016-09-22T22:35:20.815-0400: 101.105: [GC (GCLocker Initiated GC) [PSYoungGen: 181224K->35572K(179712K)] 381299K->237163K(704000K), 0.0133106 secs] [Times: user=0.14 sys=0.00, real=0.01 secs] 
2016-09-22T22:35:20.975-0400: 101.264: [GC (GCLocker Initiated GC) [PSYoungGen: 179444K->20791K(201728K)] 397369K->240072K(726016K), 0.0047269 secs] [Times: user=0.03 sys=0.00, real=0.00 secs] 
2016-09-22T22:35:21.129-0400: 101.419: [GC (GCLocker Initiated GC) [PSYoungGen: 165175K->21953K(201216K)] 396721K->255018K(725504K), 0.0229921 secs] [Times: user=0.24 sys=0.00, real=0.02 secs] 
2016-09-22T22:35:21.304-0400: 101.594: [GC (GCLocker Initiated GC) [PSYoungGen: 166337K->24618K(204288K)] 407507K->267214K(728576K), 0.0243090 secs] [Times: user=0.23 sys=0.00, real=0.03 secs] 
2016-09-22T22:35:21.476-0400: 101.766: [GC (GCLocker Initiated GC) [PSYoungGen: 173610K->33159K(203776K)] 420295K->281129K(728064K), 0.0108981 secs] [Times: user=0.14 sys=0.00, real=0.01 secs] 
2016-09-22T22:35:21.644-0400: 101.934: [GC (GCLocker Initiated GC) [PSYoungGen: 182151K->14264K(204800K)] 439823K->273581K(729088K), 0.0164186 secs] [Times: user=0.18 sys=0.00, real=0.02 secs] 
2016-09-22T22:35:21.796-0400: 102.085: [GC (GCLocker Initiated GC) [PSYoungGen: 165816K->42338K(205312K)] 427830K->306131K(729600K), 0.0106278 secs] [Times: user=0.12 sys=0.01, real=0.00 secs] 
2016-09-22T22:35:21.942-0400: 102.232: [GC (GCLocker Initiated GC) [PSYoungGen: 193890K->34185K(206848K)] 465860K->307602K(731136K), 0.0095179 secs] [Times: user=0.10 sys=0.00, real=0.01 secs] 
2016-09-22T22:35:22.096-0400: 102.386: [GC (GCLocker Initiated GC) [PSYoungGen: 184713K->34018K(184832K)] 463531K->314135K(709120K), 0.0120119 secs] [Times: user=0.15 sys=0.00, real=0.01 secs] 
2016-09-22T22:35:22.251-0400: 102.541: [GC (GCLocker Initiated GC) [PSYoungGen: 184546K->26087K(206336K)] 468883K->311714K(730624K), 0.0069153 secs] [Times: user=0.05 sys=0.00, real=0.01 secs] 
2016-09-22T22:35:22.391-0400: 102.681: [GC (GCLocker Initiated GC) [PSYoungGen: 178151K->35681K(204800K)] 469193K->341441K(729088K), 0.0055296 secs] [Times: user=0.06 sys=0.01, real=0.01 secs] 
2016-09-22T22:35:22.553-0400: 102.843: [GC (GCLocker Initiated GC) [PSYoungGen: 187745K->46671K(202752K)] 499083K->359385K(727040K), 0.0053006 secs] [Times: user=0.07 sys=0.00, real=0.01 secs] 
2016-09-22T22:35:22.700-0400: 102.990: [GC (GCLocker Initiated GC) [PSYoungGen: 197199K->53281K(204288K)] 512646K->386491K(728576K), 0.0103616 secs] [Times: user=0.12 sys=0.01, real=0.01 secs] 
2016-09-22T22:35:22.844-0400: 103.134: [GC (GCLocker Initiated GC) [PSYoungGen: 203809K->39410K(199168K)] 542448K->395751K(723456K), 0.0063974 secs] [Times: user=0.07 sys=0.00, real=0.01 secs] 
2016-09-22T22:35:22.969-0400: 103.259: [GC (GCLocker Initiated GC) [PSYoungGen: 180722K->33835K(201728K)] 539776K->404958K(726016K), 0.0056216 secs] [Times: user=0.06 sys=0.00, real=0.01 secs] 
2016-09-22T22:35:23.093-0400: 103.383: [GC (GCLocker Initiated GC) [PSYoungGen: 175147K->40606K(200192K)] 551743K->418171K(724480K), 0.0080206 secs] [Times: user=0.10 sys=0.00, real=0.01 secs] 
2016-09-22T22:35:23.240-0400: 103.530: [GC (GCLocker Initiated GC) [PSYoungGen: 183966K->38149K(201216K)] 564310K->419445K(725504K), 0.0065370 secs] [Times: user=0.06 sys=0.00, real=0.01 secs] 
2016-09-22T22:35:23.379-0400: 103.669: [GC (GCLocker Initiated GC) [PSYoungGen: 181509K->44945K(203264K)] 562850K->440977K(727552K), 0.0072103 secs] [Times: user=0.09 sys=0.00, real=0.00 secs] 
2016-09-22T22:35:23.527-0400: 103.816: [GC (GCLocker Initiated GC) [PSYoungGen: 191377K->38252K(184832K)] 587516K->454543K(709120K), 0.0269015 secs] [Times: user=0.31 sys=0.00, real=0.02 secs] 
2016-09-22T22:35:23.705-0400: 103.995: [GC (GCLocker Initiated GC) [PSYoungGen: 184684K->47588K(201728K)] 607788K->471991K(726016K), 0.0145912 secs] [Times: user=0.17 sys=0.01, real=0.02 secs] 
2016-09-22T22:35:23.873-0400: 104.163: [GC (GCLocker Initiated GC) [PSYoungGen: 192996K->27263K(203776K)] 620173K->471974K(728064K), 0.0148581 secs] [Times: user=0.19 sys=0.00, real=0.02 secs] 
2016-09-22T22:35:24.044-0400: 104.334: [GC (GCLocker Initiated GC) [PSYoungGen: 172671K->21789K(202752K)] 629558K->479932K(727040K), 0.0070576 secs] [Times: user=0.05 sys=0.00, real=0.01 secs] 
2016-09-22T22:35:24.212-0400: 104.502: [GC (GCLocker Initiated GC) [PSYoungGen: 166173K->27061K(171520K)] 624386K->486510K(695808K), 0.0282113 secs] [Times: user=0.34 sys=0.00, real=0.03 secs] 
2016-09-22T22:35:24.377-0400: 104.667: [GC (GCLocker Initiated GC) [PSYoungGen: 171445K->38184K(203776K)] 634162K->501966K(728064K), 0.0100925 secs] [Times: user=0.10 sys=0.00, real=0.01 secs] 
2016-09-22T22:35:24.542-0400: 104.831: [GC (GCLocker Initiated GC) [PSYoungGen: 184104K->47923K(202752K)] 648000K->513132K(727040K), 0.0061361 secs] [Times: user=0.07 sys=0.01, real=0.01 secs] 
2016-09-22T22:35:24.695-0400: 104.985: [GC (GCLocker Initiated GC) [PSYoungGen: 193843K->18147K(200704K)] 659081K->503812K(724992K), 0.0125522 secs] [Times: user=0.14 sys=0.01, real=0.01 secs] 
2016-09-22T22:35:24.854-0400: 105.144: [GC (Allocation Failure) [PSYoungGen: 159459K->23586K(201728K)] 653417K->521839K(726016K), 0.0128497 secs] [Times: user=0.13 sys=0.00, real=0.02 secs] 
2016-09-22T22:35:24.867-0400: 105.157: [Full GC (Ergonomics) [PSYoungGen: 23586K->0K(201728K)] [ParOldGen: 498253K->77945K(524288K)] 521839K->77945K(726016K), [Metaspace: 43772K->43772K(1087488K)], 0.0715619 secs] [Times: user=0.56 sys=0.02, real=0.07 secs] 
2016-09-22T22:35:25.069-0400: 105.359: [GC (GCLocker Initiated GC) [PSYoungGen: 138950K->41153K(201216K)] 219596K->121799K(725504K), 0.0235365 secs] [Times: user=0.29 sys=0.01, real=0.02 secs] 
2016-09-22T22:35:25.235-0400: 105.525: [GC (GCLocker Initiated GC) [PSYoungGen: 182977K->38143K(201728K)] 263633K->120314K(726016K), 0.0098444 secs] [Times: user=0.09 sys=0.00, real=0.00 secs] 
2016-09-22T22:35:25.419-0400: 105.709: [GC (GCLocker Initiated GC) [PSYoungGen: 179967K->19396K(201728K)] 266268K->106822K(726016K), 0.0051118 secs] [Times: user=0.04 sys=0.00, real=0.00 secs] 
2016-09-22T22:35:25.565-0400: 105.854: [GC (GCLocker Initiated GC) [PSYoungGen: 162244K->20917K(201728K)] 256434K->127570K(726016K), 0.0085446 secs] [Times: user=0.09 sys=0.00, real=0.01 secs] 
2016-09-22T22:35:25.704-0400: 105.994: [GC (GCLocker Initiated GC) [PSYoungGen: 163765K->15596K(202752K)] 271776K->135881K(727040K), 0.0139842 secs] [Times: user=0.15 sys=0.00, real=0.02 secs] 
2016-09-22T22:35:25.874-0400: 106.164: [GC (GCLocker Initiated GC) [PSYoungGen: 159980K->33209K(177664K)] 282973K->157762K(701952K), 0.0135571 secs] [Times: user=0.16 sys=0.01, real=0.02 secs] 
2016-09-22T22:35:26.039-0400: 106.329: [GC (GCLocker Initiated GC) [PSYoungGen: 177593K->18177K(202752K)] 304966K->147154K(727040K), 0.0144144 secs] [Times: user=0.16 sys=0.01, real=0.01 secs] 
2016-09-22T22:35:26.202-0400: 106.492: [GC (GCLocker Initiated GC) [PSYoungGen: 164097K->34248K(202240K)] 298696K->170421K(726528K), 0.0079758 secs] [Times: user=0.07 sys=0.01, real=0.01 secs] 
2016-09-22T22:35:26.365-0400: 106.654: [GC (GCLocker Initiated GC) [PSYoungGen: 180168K->43814K(200704K)] 316415K->181438K(724992K), 0.0175686 secs] [Times: user=0.24 sys=0.00, real=0.02 secs] 
2016-09-22T22:35:26.535-0400: 106.825: [GC (GCLocker Initiated GC) [PSYoungGen: 189222K->42634K(188416K)] 326866K->181762K(712704K), 0.0106661 secs] [Times: user=0.12 sys=0.00, real=0.00 secs] 
2016-09-22T22:35:26.688-0400: 106.978: [GC (GCLocker Initiated GC) [PSYoungGen: 188042K->35964K(203776K)] 329882K->198366K(728064K), 0.0118295 secs] [Times: user=0.12 sys=0.01, real=0.01 secs] 
2016-09-22T22:35:26.837-0400: 107.126: [GC (GCLocker Initiated GC) [PSYoungGen: 179836K->56168K(200192K)] 342379K->220336K(724480K), 0.0111261 secs] [Times: user=0.12 sys=0.00, real=0.01 secs] 
2016-09-22T22:35:27.008-0400: 107.298: [GC (GCLocker Initiated GC) [PSYoungGen: 200040K->41185K(196096K)] 369622K->212343K(720384K), 0.0085774 secs] [Times: user=0.10 sys=0.00, real=0.01 secs] 
2016-09-22T22:35:27.160-0400: 107.450: [GC (GCLocker Initiated GC) [PSYoungGen: 175329K->31505K(198144K)] 350966K->208820K(722432K), 0.0049621 secs] [Times: user=0.06 sys=0.00, real=0.00 secs] 
2016-09-22T22:35:27.302-0400: 107.592: [GC (GCLocker Initiated GC) [PSYoungGen: 165649K->34052K(193024K)] 345222K->214894K(717312K), 0.0050644 secs] [Times: user=0.03 sys=0.00, real=0.01 secs] 
2016-09-22T22:35:27.447-0400: 107.736: [GC (GCLocker Initiated GC) [PSYoungGen: 170244K->16699K(195584K)] 359320K->215088K(719872K), 0.0152899 secs] [Times: user=0.11 sys=0.00, real=0.01 secs] 
2016-09-22T22:35:27.612-0400: 107.902: [GC (GCLocker Initiated GC) [PSYoungGen: 152891K->14279K(201216K)] 371747K->234713K(725504K), 0.0102582 secs] [Times: user=0.09 sys=0.00, real=0.01 secs] 
2016-09-22T22:35:27.784-0400: 108.074: [GC (GCLocker Initiated GC) [PSYoungGen: 155591K->31772K(173568K)] 384194K->262120K(697856K), 0.0231156 secs] [Times: user=0.21 sys=0.00, real=0.03 secs] 
2016-09-22T22:35:27.962-0400: 108.252: [GC (GCLocker Initiated GC) [PSYoungGen: 173084K->20870K(200704K)] 411546K->277253K(724992K), 0.0122167 secs] [Times: user=0.10 sys=0.00, real=0.02 secs] 
2016-09-22T22:35:28.124-0400: 108.414: [GC (GCLocker Initiated GC) [PSYoungGen: 163718K->39543K(199680K)] 420227K->297710K(723968K), 0.0206655 secs] [Times: user=0.23 sys=0.00, real=0.02 secs] 
2016-09-22T22:35:28.282-0400: 108.572: [GC (GCLocker Initiated GC) [PSYoungGen: 182391K->39591K(203264K)] 440689K->304727K(727552K), 0.0080775 secs] [Times: user=0.07 sys=0.00, real=0.01 secs] 
2016-09-22T22:35:28.444-0400: 108.733: [GC (GCLocker Initiated GC) [PSYoungGen: 184999K->16676K(203776K)] 450153K->299469K(728064K), 0.0252880 secs] [Times: user=0.21 sys=0.00, real=0.03 secs] 
2016-09-22T22:35:28.619-0400: 108.908: [GC (GCLocker Initiated GC) [PSYoungGen: 162084K->26252K(199680K)] 444895K->324205K(723968K), 0.0146424 secs] [Times: user=0.13 sys=0.00, real=0.01 secs] 
2016-09-22T22:35:28.785-0400: 109.075: [GC (GCLocker Initiated GC) [PSYoungGen: 171660K->15385K(201728K)] 481848K->329905K(726016K), 0.0199131 secs] [Times: user=0.20 sys=0.00, real=0.02 secs] 
2016-09-22T22:35:28.949-0400: 109.239: [GC (GCLocker Initiated GC) [PSYoungGen: 160793K->23522K(201728K)] 478247K->342669K(726016K), 0.0123645 secs] [Times: user=0.14 sys=0.00, real=0.01 secs] 
2016-09-22T22:35:29.148-0400: 109.438: [GC (GCLocker Initiated GC) [PSYoungGen: 173026K->13142K(203776K)] 508402K->350185K(728064K), 0.0076448 secs] [Times: user=0.08 sys=0.00, real=0.01 secs] 
2016-09-22T22:35:29.305-0400: 109.595: [GC (GCLocker Initiated GC) [PSYoungGen: 162646K->25960K(202752K)] 502469K->367568K(727040K), 0.0137854 secs] [Times: user=0.15 sys=0.00, real=0.02 secs] 
2016-09-22T22:35:29.485-0400: 109.775: [GC (GCLocker Initiated GC) [PSYoungGen: 179560K->50913K(204800K)] 523930K->396712K(729088K), 0.0077098 secs] [Times: user=0.12 sys=0.00, real=0.01 secs] 
2016-09-22T22:35:29.645-0400: 109.935: [GC (GCLocker Initiated GC) [PSYoungGen: 204513K->33178K(205312K)] 550345K->405151K(729600K), 0.0073110 secs] [Times: user=0.07 sys=0.00, real=0.01 secs] 
2016-09-22T22:35:29.806-0400: 110.095: [GC (GCLocker Initiated GC) [PSYoungGen: 181146K->21082K(169472K)] 559985K->420501K(693760K), 0.0074650 secs] [Times: user=0.07 sys=0.00, real=0.01 secs] 
2016-09-22T22:35:29.960-0400: 110.250: [GC (GCLocker Initiated GC) [PSYoungGen: 169050K->23565K(204800K)] 576598K->432968K(729088K), 0.0163007 secs] [Times: user=0.16 sys=0.00, real=0.02 secs] 
2016-09-22T22:35:30.129-0400: 110.419: [GC (GCLocker Initiated GC) [PSYoungGen: 173069K->23632K(203264K)] 587908K->464529K(727552K), 0.0101136 secs] [Times: user=0.13 sys=0.00, real=0.01 secs] 
2016-09-22T22:35:30.308-0400: 110.597: [GC (GCLocker Initiated GC) [PSYoungGen: 173136K->49429K(198144K)] 614066K->497287K(722432K), 0.0089392 secs] [Times: user=0.12 sys=0.00, real=0.01 secs] 
2016-09-22T22:35:30.478-0400: 110.768: [GC (GCLocker Initiated GC) [PSYoungGen: 195861K->34718K(204288K)] 643756K->497828K(728576K), 0.0097845 secs] [Times: user=0.08 sys=0.00, real=0.01 secs] 
2016-09-22T22:35:30.646-0400: 110.936: [GC (GCLocker Initiated GC) [PSYoungGen: 181150K->29325K(198144K)] 646973K->526734K(722432K), 0.0088046 secs] [Times: user=0.13 sys=0.00, real=0.02 secs] 
2016-09-22T22:35:30.655-0400: 110.945: [Full GC (Ergonomics) [PSYoungGen: 29325K->0K(198144K)] [ParOldGen: 497409K->99387K(524288K)] 526734K->99387K(722432K), [Metaspace: 43786K->43786K(1087488K)], 0.0681409 secs] [Times: user=0.51 sys=0.00, real=0.06 secs] 
2016-09-22T22:35:30.870-0400: 111.159: [GC (GCLocker Initiated GC) [PSYoungGen: 147456K->37532K(201728K)] 246940K->137016K(726016K), 0.0053737 secs] [Times: user=0.05 sys=0.00, real=0.01 secs] 
2016-09-22T22:35:31.025-0400: 111.315: [GC (GCLocker Initiated GC) [PSYoungGen: 184988K->29144K(204288K)] 284505K->136173K(728576K), 0.0142169 secs] [Times: user=0.15 sys=0.00, real=0.02 secs] 
2016-09-22T22:35:31.195-0400: 111.485: [GC (GCLocker Initiated GC) [PSYoungGen: 182232K->42427K(205824K)] 289278K->162073K(730112K), 0.0051526 secs] [Times: user=0.06 sys=0.01, real=0.00 secs] 
2016-09-22T22:35:31.354-0400: 111.644: [GC (GCLocker Initiated GC) [PSYoungGen: 195515K->14351K(206336K)] 332744K->163883K(730624K), 0.0136457 secs] [Times: user=0.17 sys=0.00, real=0.02 secs] 
2016-09-22T22:35:31.529-0400: 111.819: [GC (GCLocker Initiated GC) [PSYoungGen: 165903K->36026K(206848K)] 320887K->192924K(731136K), 0.0106987 secs] [Times: user=0.13 sys=0.00, real=0.01 secs] 
2016-09-22T22:35:31.729-0400: 112.019: [GC (GCLocker Initiated GC) [PSYoungGen: 187578K->31906K(202752K)] 347222K->196086K(727040K), 0.0051612 secs] [Times: user=0.06 sys=0.00, real=0.01 secs] 
2016-09-22T22:35:31.928-0400: 112.217: [GC (GCLocker Initiated GC) [PSYoungGen: 183458K->38777K(204800K)] 354429K->211666K(729088K), 0.0058559 secs] [Times: user=0.06 sys=0.00, real=0.00 secs] 
2016-09-22T22:35:32.111-0400: 112.400: [GC (GCLocker Initiated GC) [PSYoungGen: 190329K->24844K(207360K)] 363401K->202431K(731648K), 0.0078319 secs] [Times: user=0.08 sys=0.01, real=0.01 secs] 
2016-09-22T22:35:32.286-0400: 112.576: [GC (GCLocker Initiated GC) [PSYoungGen: 179980K->24831K(207872K)] 367121K->213474K(732160K), 0.0055065 secs] [Times: user=0.04 sys=0.00, real=0.01 secs] 
2016-09-22T22:35:32.463-0400: 112.753: [GC (GCLocker Initiated GC) [PSYoungGen: 179967K->13063K(207872K)] 387616K->235862K(732160K), 0.0041561 secs] [Times: user=0.03 sys=0.00, real=0.01 secs] 
2016-09-22T22:35:32.639-0400: 112.929: [GC (GCLocker Initiated GC) [PSYoungGen: 169223K->38792K(195072K)] 392052K->263540K(719360K), 0.0144923 secs] [Times: user=0.18 sys=0.00, real=0.01 secs] 
2016-09-22T22:35:32.814-0400: 113.104: [GC (GCLocker Initiated GC) [PSYoungGen: 194952K->37504K(207360K)] 429248K->300647K(731648K), 0.0062707 secs] [Times: user=0.07 sys=0.00, real=0.01 secs] 
2016-09-22T22:35:32.979-0400: 113.269: [GC (GCLocker Initiated GC) [PSYoungGen: 191104K->47895K(201728K)] 454286K->323738K(726016K), 0.0061723 secs] [Times: user=0.06 sys=0.01, real=0.00 secs] 
2016-09-22T22:35:33.134-0400: 113.424: [GC (GCLocker Initiated GC) [PSYoungGen: 201495K->24989K(204800K)] 485568K->321529K(729088K), 0.0119388 secs] [Times: user=0.12 sys=0.00, real=0.01 secs] 
2016-09-22T22:35:33.287-0400: 113.576: [GC (GCLocker Initiated GC) [PSYoungGen: 171421K->45082K(192000K)] 468110K->343330K(716288K), 0.0082563 secs] [Times: user=0.08 sys=0.01, real=0.01 secs] 
2016-09-22T22:35:33.437-0400: 113.727: [GC (GCLocker Initiated GC) [PSYoungGen: 191514K->57428K(189440K)] 489787K->357231K(713728K), 0.0074893 secs] [Times: user=0.08 sys=0.00, real=0.00 secs] 
2016-09-22T22:35:33.588-0400: 113.877: [GC (GCLocker Initiated GC) [PSYoungGen: 187476K->38449K(196096K)] 490111K->366958K(720384K), 0.0067171 secs] [Times: user=0.06 sys=0.00, real=0.00 secs] 
2016-09-22T22:35:33.738-0400: 114.028: [GC (GCLocker Initiated GC) [PSYoungGen: 168497K->38174K(190976K)] 497087K->368236K(715264K), 0.0065673 secs] [Times: user=0.04 sys=0.02, real=0.00 secs] 
2016-09-22T22:35:33.886-0400: 114.176: [GC (GCLocker Initiated GC) [PSYoungGen: 170270K->42262K(194560K)] 500340K->373720K(718848K), 0.0075708 secs] [Times: user=0.06 sys=0.00, real=0.01 secs] 
2016-09-22T22:35:34.028-0400: 114.318: [GC (GCLocker Initiated GC) [PSYoungGen: 174358K->40944K(197120K)] 511450K->379494K(721408K), 0.0049595 secs] [Times: user=0.06 sys=0.00, real=0.00 secs] 
2016-09-22T22:35:34.174-0400: 114.463: [GC (GCLocker Initiated GC) [PSYoungGen: 178672K->31636K(198656K)] 525455K->379654K(722944K), 0.0081234 secs] [Times: user=0.08 sys=0.00, real=0.01 secs] 
2016-09-22T22:35:34.323-0400: 114.613: [GC (GCLocker Initiated GC) [PSYoungGen: 169364K->57368K(192000K)] 517432K->409601K(716288K), 0.0075984 secs] [Times: user=0.08 sys=0.02, real=0.01 secs] 
2016-09-22T22:35:34.476-0400: 114.765: [GC (GCLocker Initiated GC) [PSYoungGen: 189464K->20718K(153088K)] 544421K->396058K(677376K), 0.0162409 secs] [Times: user=0.17 sys=0.00, real=0.01 secs] 
2016-09-22T22:35:34.634-0400: 114.924: [GC (GCLocker Initiated GC) [PSYoungGen: 152814K->32966K(198656K)] 528379K->410109K(722944K), 0.0049684 secs] [Times: user=0.06 sys=0.00, real=0.01 secs] 
2016-09-22T22:35:34.763-0400: 115.053: [GC (GCLocker Initiated GC) [PSYoungGen: 166086K->32904K(166400K)] 548634K->416840K(690688K), 0.0066527 secs] [Times: user=0.05 sys=0.00, real=0.01 secs] 
2016-09-22T22:35:34.915-0400: 115.205: [GC (GCLocker Initiated GC) [PSYoungGen: 166024K->23621K(195072K)] 559569K->418677K(719360K), 0.0071347 secs] [Times: user=0.06 sys=0.00, real=0.00 secs] 
2016-09-22T22:35:35.062-0400: 115.352: [GC (GCLocker Initiated GC) [PSYoungGen: 157253K->32957K(194560K)] 560423K->437661K(718848K), 0.0097736 secs] [Times: user=0.11 sys=0.00, real=0.01 secs] 
2016-09-22T22:35:35.212-0400: 115.502: [GC (GCLocker Initiated GC) [PSYoungGen: 166589K->36949K(199680K)] 571410K->443173K(723968K), 0.0052383 secs] [Times: user=0.05 sys=0.00, real=0.01 secs] 
2016-09-22T22:35:35.362-0400: 115.652: [GC (GCLocker Initiated GC) [PSYoungGen: 178261K->18267K(198144K)] 591239K->443399K(722432K), 0.0053321 secs] [Times: user=0.04 sys=0.00, real=0.01 secs] 
2016-09-22T22:35:35.500-0400: 115.790: [GC (GCLocker Initiated GC) [PSYoungGen: 159579K->29980K(202240K)] 584783K->456844K(726528K), 0.0126200 secs] [Times: user=0.13 sys=0.01, real=0.01 secs] 
2016-09-22T22:35:35.652-0400: 115.942: [GC (GCLocker Initiated GC) [PSYoungGen: 177436K->46598K(203264K)] 607071K->477513K(727552K), 0.0114992 secs] [Times: user=0.14 sys=0.00, real=0.01 secs] 
2016-09-22T22:35:35.807-0400: 116.097: [GC (GCLocker Initiated GC) [PSYoungGen: 194054K->30043K(204800K)] 627679K->465085K(729088K), 0.0103650 secs] [Times: user=0.08 sys=0.00, real=0.01 secs] 
2016-09-22T22:35:35.965-0400: 116.255: [GC (GCLocker Initiated GC) [PSYoungGen: 176987K->40867K(203776K)] 617446K->482739K(728064K), 0.0069650 secs] [Times: user=0.07 sys=0.00, real=0.01 secs] 
2016-09-22T22:35:36.138-0400: 116.427: [GC (GCLocker Initiated GC) [PSYoungGen: 187811K->32713K(201728K)] 632713K->481704K(726016K), 0.0061763 secs] [Times: user=0.06 sys=0.00, real=0.00 secs] 
2016-09-22T22:35:36.294-0400: 116.583: [GC (GCLocker Initiated GC) [PSYoungGen: 180681K->40883K(203264K)] 629689K->491274K(727552K), 0.0055109 secs] [Times: user=0.06 sys=0.00, real=0.01 secs] 
2016-09-22T22:35:36.451-0400: 116.740: [GC (GCLocker Initiated GC) [PSYoungGen: 188851K->33115K(203264K)] 647372K->509281K(727552K), 0.0054845 secs] [Times: user=0.06 sys=0.00, real=0.01 secs] 
2016-09-22T22:35:36.606-0400: 116.895: [GC (GCLocker Initiated GC) [PSYoungGen: 184155K->35821K(204800K)] 665895K->535434K(729088K), 0.0068957 secs] [Times: user=0.07 sys=0.00, real=0.01 secs] 
2016-09-22T22:35:36.613-0400: 116.903: [Full GC (Ergonomics) [PSYoungGen: 35821K->0K(204800K)] [ParOldGen: 499613K->130073K(524288K)] 535434K->130073K(729088K), [Metaspace: 43801K->43801K(1087488K)], 0.0776351 secs] [Times: user=0.67 sys=0.01, real=0.08 secs] 
2016-09-22T22:35:36.834-0400: 117.124: [GC (GCLocker Initiated GC) [PSYoungGen: 151040K->49692K(201728K)] 281366K->188118K(726016K), 0.0070124 secs] [Times: user=0.08 sys=0.00, real=0.01 secs] 
2016-09-22T22:35:36.988-0400: 117.278: [GC (GCLocker Initiated GC) [PSYoungGen: 199196K->50802K(200704K)] 337651K->191147K(724992K), 0.0098152 secs] [Times: user=0.12 sys=0.01, real=0.01 secs] 
2016-09-22T22:35:42.866-0400: 123.155: [GC (Allocation Failure) [PSYoungGen: 200306K->25336K(202752K)] 340657K->170062K(727040K), 0.0109915 secs] [Times: user=0.04 sys=0.03, real=0.02 secs] 
