Java HotSpot(TM) 64-Bit Server VM (25.101-b13) for linux-amd64 JRE (1.8.0_101-b13), built on Jun 22 2016 02:59:44 by "java_re" with gcc 4.3.0 20080428 (Red Hat 4.3.0-8)
Memory: 4k page, physical 264122320k(249830568k free), swap 268399612k(268399612k free)
CommandLine flags: -XX:GCLogFileSize=1048576 -XX:+HeapDumpOnOutOfMemoryError -XX:HeapDumpPath=artifacts/heapdump -XX:InitialHeapSize=805306368 -XX:MaxHeapSize=805306368 -XX:NumberOfGCLogFiles=10 -XX:+PrintGC -XX:+PrintGCDateStamps -XX:+PrintGCDetails -XX:+PrintGCTimeStamps -XX:+UseCompressedClassPointers -XX:+UseCompressedOops -XX:+UseGCLogFileRotation -XX:+UseParallelGC 
2016-09-24T02:10:36.052-0400: 2.129: [GC (Metadata GC Threshold) [PSYoungGen: 125830K->15605K(229376K)] 125830K->15693K(753664K), 0.5406711 secs] [Times: user=0.21 sys=0.02, real=0.54 secs] 
2016-09-24T02:10:36.593-0400: 2.670: [Full GC (Metadata GC Threshold) [PSYoungGen: 15605K->0K(229376K)] [ParOldGen: 88K->14601K(332288K)] 15693K->14601K(561664K), [Metaspace: 21067K->21067K(1067008K)], 0.0541009 secs] [Times: user=0.43 sys=0.02, real=0.06 secs] 
2016-09-24T02:10:38.469-0400: 4.545: [GC (Metadata GC Threshold) [PSYoungGen: 121153K->14879K(229376K)] 135754K->29617K(561664K), 0.0143471 secs] [Times: user=0.11 sys=0.00, real=0.02 secs] 
2016-09-24T02:10:38.483-0400: 4.560: [Full GC (Metadata GC Threshold) [PSYoungGen: 14879K->0K(229376K)] [ParOldGen: 14737K->20409K(524288K)] 29617K->20409K(753664K), [Metaspace: 35042K->35042K(1079296K)], 0.0552331 secs] [Times: user=0.43 sys=0.01, real=0.05 secs] 
2016-09-24T02:10:40.131-0400: 6.208: [GC (GCLocker Initiated GC) [PSYoungGen: 195512K->27026K(229376K)] 221321K->52843K(753664K), 0.0105561 secs] [Times: user=0.10 sys=0.02, real=0.01 secs] 
2016-09-24T02:10:40.395-0400: 6.472: [GC (GCLocker Initiated GC) [PSYoungGen: 223634K->25411K(229376K)] 256434K->58220K(753664K), 0.0061430 secs] [Times: user=0.05 sys=0.02, real=0.00 secs] 
2016-09-24T02:10:40.549-0400: 6.626: [GC (GCLocker Initiated GC) [PSYoungGen: 222019K->31035K(227840K)] 257562K->74685K(752128K), 0.0072884 secs] [Times: user=0.10 sys=0.00, real=0.01 secs] 
2016-09-24T02:10:40.707-0400: 6.784: [GC (GCLocker Initiated GC) [PSYoungGen: 227643K->33987K(216576K)] 271344K->88497K(740864K), 0.0068058 secs] [Times: user=0.08 sys=0.01, real=0.00 secs] 
2016-09-24T02:10:40.870-0400: 6.947: [GC (GCLocker Initiated GC) [PSYoungGen: 216259K->38342K(220672K)] 273625K->111915K(744960K), 0.0132215 secs] [Times: user=0.14 sys=0.02, real=0.02 secs] 
2016-09-24T02:10:41.041-0400: 7.118: [GC (GCLocker Initiated GC) [PSYoungGen: 220614K->41180K(205312K)] 302316K->145841K(729600K), 0.0070725 secs] [Times: user=0.11 sys=0.00, real=0.01 secs] 
2016-09-24T02:10:41.179-0400: 7.255: [GC (GCLocker Initiated GC) [PSYoungGen: 205020K->49140K(212992K)] 309710K->165078K(737280K), 0.0076334 secs] [Times: user=0.08 sys=0.00, real=0.01 secs] 
2016-09-24T02:10:41.320-0400: 7.397: [GC (GCLocker Initiated GC) [PSYoungGen: 212980K->48109K(185344K)] 332169K->197600K(709632K), 0.0073318 secs] [Times: user=0.11 sys=0.01, real=0.01 secs] 
2016-09-24T02:10:41.440-0400: 7.517: [GC (GCLocker Initiated GC) [PSYoungGen: 184301K->62773K(199168K)] 333903K->223725K(723456K), 0.0099694 secs] [Times: user=0.14 sys=0.00, real=0.01 secs] 
2016-09-24T02:10:41.579-0400: 7.656: [GC (GCLocker Initiated GC) [PSYoungGen: 198965K->49081K(180736K)] 362750K->229688K(705024K), 0.0067726 secs] [Times: user=0.07 sys=0.00, real=0.01 secs] 
2016-09-24T02:10:41.684-0400: 7.761: [GC (GCLocker Initiated GC) [PSYoungGen: 166841K->23007K(189952K)] 347465K->242497K(714240K), 0.0060894 secs] [Times: user=0.06 sys=0.03, real=0.00 secs] 
2016-09-24T02:10:41.784-0400: 7.861: [GC (GCLocker Initiated GC) [PSYoungGen: 140767K->36043K(181760K)] 363112K->275484K(706048K), 0.0059438 secs] [Times: user=0.05 sys=0.01, real=0.00 secs] 
2016-09-24T02:10:41.886-0400: 7.962: [GC (GCLocker Initiated GC) [PSYoungGen: 154827K->38537K(186368K)] 397027K->281176K(710656K), 0.0058419 secs] [Times: user=0.03 sys=0.01, real=0.00 secs] 
2016-09-24T02:10:41.995-0400: 8.072: [GC (GCLocker Initiated GC) [PSYoungGen: 157321K->36107K(186368K)] 400197K->309133K(710656K), 0.0131710 secs] [Times: user=0.17 sys=0.01, real=0.01 secs] 
2016-09-24T02:10:42.125-0400: 8.201: [GC (GCLocker Initiated GC) [PSYoungGen: 165131K->32104K(191488K)] 449098K->316550K(715776K), 0.0048756 secs] [Times: user=0.06 sys=0.00, real=0.00 secs] 
2016-09-24T02:10:42.275-0400: 8.352: [GC (GCLocker Initiated GC) [PSYoungGen: 161128K->32103K(194048K)] 456459K->327944K(718336K), 0.0046121 secs] [Times: user=0.04 sys=0.00, real=0.00 secs] 
2016-09-24T02:10:42.410-0400: 8.487: [GC (GCLocker Initiated GC) [PSYoungGen: 170855K->14617K(197632K)] 484252K->328603K(721920K), 0.0052130 secs] [Times: user=0.06 sys=0.00, real=0.01 secs] 
2016-09-24T02:10:42.528-0400: 8.605: [GC (GCLocker Initiated GC) [PSYoungGen: 153369K->36025K(200704K)] 470087K->353292K(724992K), 0.0113694 secs] [Times: user=0.09 sys=0.00, real=0.01 secs] 
2016-09-24T02:10:42.655-0400: 8.732: [GC (GCLocker Initiated GC) [PSYoungGen: 178873K->36057K(201216K)] 496303K->375628K(725504K), 0.0058056 secs] [Times: user=0.06 sys=0.01, real=0.00 secs] 
2016-09-24T02:10:42.775-0400: 8.852: [GC (GCLocker Initiated GC) [PSYoungGen: 178905K->27798K(202752K)] 523905K->373299K(727040K), 0.0122172 secs] [Times: user=0.14 sys=0.00, real=0.01 secs] 
2016-09-24T02:10:42.904-0400: 8.981: [GC (GCLocker Initiated GC) [PSYoungGen: 174742K->40043K(202752K)] 520424K->386259K(727040K), 0.0053800 secs] [Times: user=0.04 sys=0.00, real=0.00 secs] 
2016-09-24T02:10:43.031-0400: 9.108: [GC (GCLocker Initiated GC) [PSYoungGen: 186987K->22475K(206336K)] 541440K->377437K(730624K), 0.0097856 secs] [Times: user=0.12 sys=0.00, real=0.01 secs] 
2016-09-24T02:10:43.190-0400: 9.267: [GC (GCLocker Initiated GC) [PSYoungGen: 173003K->30639K(181248K)] 530729K->388880K(705536K), 0.0048515 secs] [Times: user=0.03 sys=0.00, real=0.01 secs] 
2016-09-24T02:10:43.312-0400: 9.389: [GC (GCLocker Initiated GC) [PSYoungGen: 181167K->37471K(204288K)] 539436K->417936K(728576K), 0.0150982 secs] [Times: user=0.18 sys=0.00, real=0.02 secs] 
2016-09-24T02:10:43.464-0400: 9.541: [GC (GCLocker Initiated GC) [PSYoungGen: 187999K->29338K(204288K)] 568687K->429452K(728576K), 0.0061592 secs] [Times: user=0.05 sys=0.01, real=0.00 secs] 
2016-09-24T02:10:43.602-0400: 9.679: [GC (GCLocker Initiated GC) [PSYoungGen: 179866K->41566K(205312K)] 582683K->444923K(729600K), 0.0133957 secs] [Times: user=0.19 sys=0.00, real=0.02 secs] 
2016-09-24T02:10:43.733-0400: 9.810: [GC (Allocation Failure) [PSYoungGen: 194654K->44298K(206848K)] 598174K->448396K(731136K), 0.0097949 secs] [Times: user=0.14 sys=0.01, real=0.02 secs] 
2016-09-24T02:10:43.860-0400: 9.936: [GC (GCLocker Initiated GC) [PSYoungGen: 197386K->40170K(206848K)] 601489K->444859K(731136K), 0.0046540 secs] [Times: user=0.05 sys=0.00, real=0.01 secs] 
2016-09-24T02:10:43.984-0400: 10.061: [GC (GCLocker Initiated GC) [PSYoungGen: 191722K->52366K(204288K)] 599170K->460354K(728576K), 0.0117681 secs] [Times: user=0.16 sys=0.00, real=0.01 secs] 
2016-09-24T02:10:44.132-0400: 10.209: [GC (GCLocker Initiated GC) [PSYoungGen: 203918K->9038K(195072K)] 621380K->437871K(719360K), 0.0050952 secs] [Times: user=0.03 sys=0.02, real=0.01 secs] 
2016-09-24T02:10:44.247-0400: 10.324: [GC (GCLocker Initiated GC) [PSYoungGen: 146254K->38853K(199680K)] 581866K->475059K(723968K), 0.0048931 secs] [Times: user=0.05 sys=0.00, real=0.00 secs] 
2016-09-24T02:10:44.373-0400: 10.450: [GC (GCLocker Initiated GC) [PSYoungGen: 176069K->32070K(193536K)] 617884K->493327K(717824K), 0.0056356 secs] [Times: user=0.02 sys=0.03, real=0.01 secs] 
2016-09-24T02:10:44.501-0400: 10.578: [GC (GCLocker Initiated GC) [PSYoungGen: 170310K->44156K(197120K)] 631699K->506069K(721408K), 0.0081015 secs] [Times: user=0.08 sys=0.00, real=0.01 secs] 
2016-09-24T02:10:44.630-0400: 10.707: [GC (GCLocker Initiated GC) [PSYoungGen: 182396K->49492K(196608K)] 647049K->514661K(720896K), 0.0052100 secs] [Times: user=0.04 sys=0.01, real=0.01 secs] 
2016-09-24T02:10:44.747-0400: 10.824: [GC (GCLocker Initiated GC) [PSYoungGen: 185684K->44175K(199168K)] 650983K->520821K(723456K), 0.0135926 secs] [Times: user=0.19 sys=0.01, real=0.01 secs] 
2016-09-24T02:10:44.872-0400: 10.949: [GC (GCLocker Initiated GC) [PSYoungGen: 180367K->49671K(195072K)] 659742K->534966K(719360K), 0.0051812 secs] [Times: user=0.05 sys=0.01, real=0.01 secs] 
2016-09-24T02:10:44.989-0400: 11.066: [GC (GCLocker Initiated GC) [PSYoungGen: 181767K->30624K(197120K)] 678032K->530080K(721408K), 0.0108699 secs] [Times: user=0.11 sys=0.02, real=0.01 secs] 
2016-09-24T02:10:45.000-0400: 11.076: [Full GC (Ergonomics) [PSYoungGen: 30624K->0K(197120K)] [ParOldGen: 499456K->51982K(524288K)] 530080K->51982K(721408K), [Metaspace: 43006K->43002K(1085440K)], 0.1822438 secs] [Times: user=2.43 sys=0.19, real=0.18 secs] 
2016-09-24T02:10:45.310-0400: 11.387: [GC (GCLocker Initiated GC) [PSYoungGen: 132096K->41616K(193024K)] 186843K->96371K(717312K), 0.0052318 secs] [Times: user=0.04 sys=0.01, real=0.01 secs] 
2016-09-24T02:10:45.435-0400: 11.512: [GC (GCLocker Initiated GC) [PSYoungGen: 174736K->50861K(195584K)] 234932K->111724K(719872K), 0.0047500 secs] [Times: user=0.06 sys=0.00, real=0.00 secs] 
2016-09-24T02:10:45.554-0400: 11.630: [GC (GCLocker Initiated GC) [PSYoungGen: 183981K->26735K(197632K)] 253176K->120741K(721920K), 0.0226070 secs] [Times: user=0.30 sys=0.03, real=0.03 secs] 
2016-09-24T02:10:45.692-0400: 11.769: [GC (GCLocker Initiated GC) [PSYoungGen: 159343K->38916K(172032K)] 260146K->140237K(696320K), 0.0086951 secs] [Times: user=0.12 sys=0.00, real=0.01 secs] 
2016-09-24T02:10:45.818-0400: 11.895: [GC (GCLocker Initiated GC) [PSYoungGen: 171524K->46921K(194560K)] 281033K->159686K(718848K), 0.0049727 secs] [Times: user=0.05 sys=0.01, real=0.01 secs] 
2016-09-24T02:10:45.948-0400: 12.025: [GC (GCLocker Initiated GC) [PSYoungGen: 179017K->25384K(195072K)] 304158K->172691K(719360K), 0.0083545 secs] [Times: user=0.09 sys=0.00, real=0.01 secs] 
2016-09-24T02:10:46.067-0400: 12.144: [GC (GCLocker Initiated GC) [PSYoungGen: 157480K->32135K(196096K)] 315682K->190893K(720384K), 0.0038102 secs] [Times: user=0.04 sys=0.00, real=0.00 secs] 
2016-09-24T02:10:46.203-0400: 12.280: [GC (GCLocker Initiated GC) [PSYoungGen: 168327K->41457K(197632K)] 332601K->206248K(721920K), 0.0052168 secs] [Times: user=0.05 sys=0.00, real=0.00 secs] 
2016-09-24T02:10:46.319-0400: 12.396: [GC (GCLocker Initiated GC) [PSYoungGen: 177649K->39951K(198144K)] 342651K->205454K(722432K), 0.0056289 secs] [Times: user=0.04 sys=0.01, real=0.01 secs] 
2016-09-24T02:10:46.437-0400: 12.514: [GC (GCLocker Initiated GC) [PSYoungGen: 180239K->31883K(199680K)] 348583K->200676K(723968K), 0.0152690 secs] [Times: user=0.15 sys=0.01, real=0.01 secs] 
2016-09-24T02:10:46.575-0400: 12.652: [GC (GCLocker Initiated GC) [PSYoungGen: 172171K->42616K(201216K)] 346424K->217298K(725504K), 0.0042918 secs] [Times: user=0.05 sys=0.00, real=0.00 secs] 
2016-09-24T02:10:46.703-0400: 12.780: [GC (GCLocker Initiated GC) [PSYoungGen: 187000K->31740K(202240K)] 372512K->220258K(726528K), 0.0086832 secs] [Times: user=0.09 sys=0.01, real=0.00 secs] 
2016-09-24T02:10:46.820-0400: 12.897: [GC (GCLocker Initiated GC) [PSYoungGen: 176124K->31835K(202240K)] 370108K->247734K(726528K), 0.0053359 secs] [Times: user=0.05 sys=0.01, real=0.01 secs] 
2016-09-24T02:10:46.938-0400: 13.015: [GC (Allocation Failure) [PSYoungGen: 179291K->46644K(203264K)] 395233K->262869K(727552K), 0.0129365 secs] [Times: user=0.13 sys=0.02, real=0.01 secs] 
2016-09-24T02:10:46.951-0400: 13.028: [GC (GCLocker Initiated GC) [PSYoungGen: 46651K->32K(195072K)] 262876K->263992K(719360K), 0.0061476 secs] [Times: user=0.06 sys=0.01, real=0.01 secs] 
2016-09-24T02:10:47.054-0400: 13.131: [GC (GCLocker Initiated GC) [PSYoungGen: 136529K->53488K(190976K)] 403189K->320148K(715264K), 0.0050695 secs] [Times: user=0.07 sys=0.00, real=0.00 secs] 
2016-09-24T02:10:47.175-0400: 13.252: [GC (GCLocker Initiated GC) [PSYoungGen: 190704K->45259K(194560K)] 457525K->312437K(718848K), 0.0104029 secs] [Times: user=0.11 sys=0.01, real=0.01 secs] 
2016-09-24T02:10:47.290-0400: 13.367: [GC (GCLocker Initiated GC) [PSYoungGen: 173259K->23659K(195072K)] 445878K->296514K(719360K), 0.0044751 secs] [Times: user=0.05 sys=0.00, real=0.01 secs] 
2016-09-24T02:10:47.398-0400: 13.475: [GC (GCLocker Initiated GC) [PSYoungGen: 151659K->6028K(192512K)] 438768K->293381K(716800K), 0.0030289 secs] [Times: user=0.02 sys=0.00, real=0.00 secs] 
2016-09-24T02:10:47.503-0400: 13.580: [GC (Allocation Failure) [PSYoungGen: 131980K->22260K(194048K)] 431604K->322137K(718336K), 0.0042280 secs] [Times: user=0.03 sys=0.00, real=0.00 secs] 
2016-09-24T02:10:47.616-0400: 13.693: [GC (GCLocker Initiated GC) [PSYoungGen: 148212K->31757K(186880K)] 448093K->348113K(711168K), 0.0174451 secs] [Times: user=0.23 sys=0.02, real=0.01 secs] 
2016-09-24T02:10:47.723-0400: 13.799: [GC (GCLocker Initiated GC) [PSYoungGen: 159245K->42557K(190464K)] 478497K->362043K(714752K), 0.0054319 secs] [Times: user=0.06 sys=0.01, real=0.00 secs] 
2016-09-24T02:10:47.828-0400: 13.905: [GC (GCLocker Initiated GC) [PSYoungGen: 170045K->33156K(194048K)] 490256K->353660K(718336K), 0.0040694 secs] [Times: user=0.06 sys=0.00, real=0.00 secs] 
2016-09-24T02:10:47.937-0400: 14.014: [GC (Allocation Failure) [PSYoungGen: 168324K->31768K(196096K)] 494381K->358078K(720384K), 0.0045551 secs] [Times: user=0.06 sys=0.00, real=0.00 secs] 
2016-09-24T02:10:47.942-0400: 14.019: [GC (GCLocker Initiated GC) [PSYoungGen: 31772K->0K(197632K)] 358082K->356441K(721920K), 0.0875286 secs] [Times: user=1.28 sys=0.09, real=0.09 secs] 
2016-09-24T02:10:48.131-0400: 14.207: [GC (GCLocker Initiated GC) [PSYoungGen: 139240K->48209K(187904K)] 495869K->404837K(712192K), 0.0045292 secs] [Times: user=0.05 sys=0.01, real=0.01 secs] 
2016-09-24T02:10:48.265-0400: 14.342: [GC (GCLocker Initiated GC) [PSYoungGen: 187473K->40022K(197120K)] 552375K->406663K(721408K), 0.0046527 secs] [Times: user=0.05 sys=0.00, real=0.00 secs] 
2016-09-24T02:10:48.389-0400: 14.465: [GC (GCLocker Initiated GC) [PSYoungGen: 172118K->38821K(171008K)] 543595K->410720K(695296K), 0.1011300 secs] [Times: user=1.44 sys=0.10, real=0.10 secs] 
2016-09-24T02:10:48.617-0400: 14.694: [GC (GCLocker Initiated GC) [PSYoungGen: 170917K->30818K(199680K)] 557892K->418343K(723968K), 0.0051615 secs] [Times: user=0.04 sys=0.03, real=0.01 secs] 
2016-09-24T02:10:48.757-0400: 14.834: [GC (GCLocker Initiated GC) [PSYoungGen: 165986K->32073K(167424K)] 559145K->425798K(691712K), 0.0108314 secs] [Times: user=0.11 sys=0.01, real=0.01 secs] 
2016-09-24T02:10:48.892-0400: 14.969: [GC (GCLocker Initiated GC) [PSYoungGen: 167241K->32153K(197632K)] 571930K->437458K(721920K), 0.0043032 secs] [Times: user=0.04 sys=0.00, real=0.01 secs] 
2016-09-24T02:10:49.047-0400: 15.124: [GC (GCLocker Initiated GC) [PSYoungGen: 170905K->38813K(195072K)] 579148K->447647K(719360K), 0.0133252 secs] [Times: user=0.14 sys=0.01, real=0.01 secs] 
2016-09-24T02:10:49.220-0400: 15.297: [GC (GCLocker Initiated GC) [PSYoungGen: 177565K->37508K(204288K)] 586619K->447215K(728576K), 0.0185362 secs] [Times: user=0.19 sys=0.03, real=0.02 secs] 
2016-09-24T02:10:49.434-0400: 15.511: [GC (GCLocker Initiated GC) [PSYoungGen: 185476K->28174K(203264K)] 601948K->445223K(727552K), 0.0121223 secs] [Times: user=0.12 sys=0.01, real=0.01 secs] 
2016-09-24T02:10:49.605-0400: 15.682: [GC (GCLocker Initiated GC) [PSYoungGen: 176142K->32263K(204800K)] 601321K->471660K(729088K), 0.0070110 secs] [Times: user=0.08 sys=0.00, real=0.00 secs] 
2016-09-24T02:10:49.768-0400: 15.845: [GC (GCLocker Initiated GC) [PSYoungGen: 184839K->30745K(204800K)] 631015K->496482K(729088K), 0.0064659 secs] [Times: user=0.05 sys=0.01, real=0.01 secs] 
2016-09-24T02:10:49.905-0400: 15.981: [GC (GCLocker Initiated GC) [PSYoungGen: 183321K->29515K(208896K)] 649091K->520334K(733184K), 0.0136353 secs] [Times: user=0.18 sys=0.01, real=0.01 secs] 
2016-09-24T02:10:50.076-0400: 16.153: [Full GC (Ergonomics) [PSYoungGen: 188235K->0K(208896K)] [ParOldGen: 496345K->60127K(524288K)] 684580K->60127K(733184K), [Metaspace: 43132K->43132K(1085440K)], 0.0562890 secs] [Times: user=0.32 sys=0.03, real=0.05 secs] 
2016-09-24T02:10:50.333-0400: 16.410: [GC (GCLocker Initiated GC) [PSYoungGen: 158720K->42132K(208384K)] 224277K->107689K(732672K), 0.0555856 secs] [Times: user=0.10 sys=0.06, real=0.06 secs] 
2016-09-24T02:10:50.543-0400: 16.619: [GC (GCLocker Initiated GC) [PSYoungGen: 200852K->24050K(210944K)] 269224K->96154K(735232K), 0.0159849 secs] [Times: user=0.15 sys=0.01, real=0.01 secs] 
2016-09-24T02:10:50.723-0400: 16.799: [GC (GCLocker Initiated GC) [PSYoungGen: 183282K->29412K(188928K)] 255467K->102425K(713216K), 0.0071729 secs] [Times: user=0.05 sys=0.00, real=0.00 secs] 
2016-09-24T02:10:50.902-0400: 16.979: [GC (GCLocker Initiated GC) [PSYoungGen: 188644K->18978K(209408K)] 271336K->124172K(733696K), 0.0744759 secs] [Times: user=0.15 sys=0.08, real=0.08 secs] 
2016-09-24T02:10:51.193-0400: 17.269: [GC (GCLocker Initiated GC) [PSYoungGen: 178210K->34885K(209408K)] 283545K->141169K(733696K), 0.0073825 secs] [Times: user=0.07 sys=0.01, real=0.01 secs] 
2016-09-24T02:10:51.351-0400: 17.428: [GC (GCLocker Initiated GC) [PSYoungGen: 194117K->20233K(211968K)] 308729K->149177K(736256K), 0.0172611 secs] [Times: user=0.25 sys=0.02, real=0.02 secs] 
2016-09-24T02:10:51.548-0400: 17.625: [GC (GCLocker Initiated GC) [PSYoungGen: 182025K->25747K(187904K)] 311160K->155943K(712192K), 0.0274936 secs] [Times: user=0.34 sys=0.04, real=0.03 secs] 
2016-09-24T02:10:51.748-0400: 17.825: [GC (GCLocker Initiated GC) [PSYoungGen: 187539K->39202K(208896K)] 320465K->173207K(733184K), 0.0120973 secs] [Times: user=0.14 sys=0.01, real=0.01 secs] 
2016-09-24T02:10:51.927-0400: 18.004: [GC (GCLocker Initiated GC) [PSYoungGen: 199458K->11907K(210432K)] 343146K->169970K(734720K), 0.0102732 secs] [Times: user=0.07 sys=0.01, real=0.01 secs] 
2016-09-24T02:10:52.102-0400: 18.179: [GC (GCLocker Initiated GC) [PSYoungGen: 172163K->36296K(209408K)] 333167K->198224K(733696K), 0.0215526 secs] [Times: user=0.18 sys=0.02, real=0.03 secs] 
2016-09-24T02:10:52.276-0400: 18.352: [GC (GCLocker Initiated GC) [PSYoungGen: 193992K->30857K(188928K)] 361554K->199151K(713216K), 0.0092004 secs] [Times: user=0.10 sys=0.01, real=0.01 secs] 
2016-09-24T02:10:52.448-0400: 18.524: [GC (GCLocker Initiated GC) [PSYoungGen: 188553K->32046K(209408K)] 356868K->201022K(733696K), 0.0122212 secs] [Times: user=0.11 sys=0.01, real=0.01 secs] 
2016-09-24T02:10:52.649-0400: 18.725: [GC (GCLocker Initiated GC) [PSYoungGen: 191278K->36058K(208384K)] 360279K->208371K(732672K), 0.0056133 secs] [Times: user=0.04 sys=0.01, real=0.01 secs] 
2016-09-24T02:10:52.832-0400: 18.909: [GC (GCLocker Initiated GC) [PSYoungGen: 195290K->11990K(210432K)] 384221K->223151K(734720K), 0.0083639 secs] [Times: user=0.06 sys=0.02, real=0.01 secs] 
2016-09-24T02:10:53.017-0400: 19.094: [GC (GCLocker Initiated GC) [PSYoungGen: 172758K->34702K(211456K)] 389549K->252203K(735744K), 0.0106229 secs] [Times: user=0.08 sys=0.00, real=0.01 secs] 
2016-09-24T02:10:53.181-0400: 19.257: [GC (GCLocker Initiated GC) [PSYoungGen: 195470K->33416K(210432K)] 415872K->254410K(734720K), 0.0066083 secs] [Times: user=0.04 sys=0.02, real=0.01 secs] 
2016-09-24T02:10:53.350-0400: 19.427: [GC (GCLocker Initiated GC) [PSYoungGen: 194184K->42863K(203776K)] 415255K->264527K(728064K), 0.0197851 secs] [Times: user=0.21 sys=0.02, real=0.02 secs] 
2016-09-24T02:10:53.534-0400: 19.611: [GC (GCLocker Initiated GC) [PSYoungGen: 203631K->29410K(210944K)] 425536K->262752K(735232K), 0.0054694 secs] [Times: user=0.05 sys=0.00, real=0.00 secs] 
2016-09-24T02:10:53.702-0400: 19.779: [GC (GCLocker Initiated GC) [PSYoungGen: 187106K->22653K(180736K)] 426032K->262180K(705024K), 0.0137897 secs] [Times: user=0.14 sys=0.01, real=0.02 secs] 
2016-09-24T02:10:53.864-0400: 19.941: [GC (Allocation Failure) [PSYoungGen: 180349K->41622K(206336K)] 425432K->287414K(730624K), 0.0112431 secs] [Times: user=0.15 sys=0.00, real=0.01 secs] 
2016-09-24T02:10:54.026-0400: 20.102: [GC (GCLocker Initiated GC) [PSYoungGen: 197270K->25337K(208384K)] 445762K->287963K(732672K), 0.0291555 secs] [Times: user=0.37 sys=0.03, real=0.03 secs] 
2016-09-24T02:10:54.185-0400: 20.262: [GC (GCLocker Initiated GC) [PSYoungGen: 180985K->49752K(200192K)] 443644K->321131K(724480K), 0.0058789 secs] [Times: user=0.06 sys=0.02, real=0.00 secs] 
2016-09-24T02:10:54.339-0400: 20.416: [GC (GCLocker Initiated GC) [PSYoungGen: 198232K->22687K(205312K)] 484463K->331118K(729600K), 0.0082879 secs] [Times: user=0.08 sys=0.02, real=0.01 secs] 
2016-09-24T02:10:54.495-0400: 20.572: [GC (GCLocker Initiated GC) [PSYoungGen: 171167K->22612K(203264K)] 489278K->341354K(727552K), 0.0244879 secs] [Times: user=0.26 sys=0.03, real=0.02 secs] 
2016-09-24T02:10:54.661-0400: 20.738: [GC (GCLocker Initiated GC) [PSYoungGen: 172116K->35014K(204800K)] 498978K->362488K(729088K), 0.0050835 secs] [Times: user=0.04 sys=0.01, real=0.01 secs] 
2016-09-24T02:10:54.832-0400: 20.909: [GC (GCLocker Initiated GC) [PSYoungGen: 184518K->28051K(203264K)] 518006K->362133K(727552K), 0.0059249 secs] [Times: user=0.05 sys=0.01, real=0.01 secs] 
2016-09-24T02:10:54.980-0400: 21.057: [GC (GCLocker Initiated GC) [PSYoungGen: 180627K->44344K(205312K)] 525527K->400679K(729600K), 0.0122507 secs] [Times: user=0.13 sys=0.02, real=0.01 secs] 
2016-09-24T02:10:55.185-0400: 21.262: [GC (GCLocker Initiated GC) [PSYoungGen: 196920K->32091K(207360K)] 553273K->399868K(731648K), 0.0157505 secs] [Times: user=0.14 sys=0.01, real=0.01 secs] 
2016-09-24T02:10:55.373-0400: 21.450: [GC (GCLocker Initiated GC) [PSYoungGen: 185691K->29295K(206848K)] 561601K->413874K(731136K), 0.0180722 secs] [Times: user=0.14 sys=0.03, real=0.02 secs] 
2016-09-24T02:10:55.590-0400: 21.667: [GC (GCLocker Initiated GC) [PSYoungGen: 182895K->40090K(205824K)] 567567K->425419K(730112K), 0.0199111 secs] [Times: user=0.18 sys=0.02, real=0.02 secs] 
2016-09-24T02:10:55.758-0400: 21.835: [GC (GCLocker Initiated GC) [PSYoungGen: 194202K->27339K(206848K)] 587683K->421440K(731136K), 0.0053301 secs] [Times: user=0.06 sys=0.00, real=0.01 secs] 
2016-09-24T02:10:55.899-0400: 21.976: [GC (GCLocker Initiated GC) [PSYoungGen: 181451K->50269K(201216K)] 575666K->450966K(725504K), 0.0159916 secs] [Times: user=0.17 sys=0.02, real=0.02 secs] 
2016-09-24T02:10:56.065-0400: 22.142: [GC (GCLocker Initiated GC) [PSYoungGen: 199773K->26157K(205824K)] 605078K->451528K(730112K), 0.0056681 secs] [Times: user=0.06 sys=0.00, real=0.00 secs] 
2016-09-24T02:10:56.225-0400: 22.301: [GC (GCLocker Initiated GC) [PSYoungGen: 175661K->20520K(204800K)] 603847K->450011K(729088K), 0.0067490 secs] [Times: user=0.07 sys=0.00, real=0.00 secs] 
2016-09-24T02:10:56.369-0400: 22.446: [GC (GCLocker Initiated GC) [PSYoungGen: 171048K->19126K(205824K)] 608866K->466232K(730112K), 0.0166271 secs] [Times: user=0.22 sys=0.00, real=0.02 secs] 
2016-09-24T02:10:56.535-0400: 22.612: [GC (GCLocker Initiated GC) [PSYoungGen: 169654K->35363K(205824K)] 616885K->483803K(730112K), 0.0093680 secs] [Times: user=0.10 sys=0.00, real=0.01 secs] 
2016-09-24T02:10:56.690-0400: 22.767: [GC (GCLocker Initiated GC) [PSYoungGen: 186915K->46176K(198144K)] 635451K->495893K(722432K), 0.0139018 secs] [Times: user=0.22 sys=0.00, real=0.02 secs] 
2016-09-24T02:10:56.847-0400: 22.924: [GC (Allocation Failure) [PSYoungGen: 197728K->9844K(201216K)] 658368K->504174K(725504K), 0.0244127 secs] [Times: user=0.37 sys=0.00, real=0.02 secs] 
2016-09-24T02:10:56.872-0400: 22.949: [Full GC (Ergonomics) [PSYoungGen: 9844K->0K(201216K)] [ParOldGen: 494329K->87442K(524288K)] 504174K->87442K(725504K), [Metaspace: 43347K->43347K(1085440K)], 0.0571732 secs] [Times: user=0.41 sys=0.01, real=0.06 secs] 
2016-09-24T02:10:57.059-0400: 23.136: [GC (GCLocker Initiated GC) [PSYoungGen: 143170K->50109K(193536K)] 233312K->140251K(717824K), 0.0050745 secs] [Times: user=0.07 sys=0.00, real=0.01 secs] 
2016-09-24T02:10:57.211-0400: 23.288: [GC (GCLocker Initiated GC) [PSYoungGen: 193469K->4496K(195584K)] 297322K->117462K(719872K), 0.0034140 secs] [Times: user=0.03 sys=0.01, real=0.01 secs] 
2016-09-24T02:10:57.334-0400: 23.411: [GC (GCLocker Initiated GC) [PSYoungGen: 136592K->24312K(156672K)] 257669K->146641K(680960K), 0.0096986 secs] [Times: user=0.12 sys=0.01, real=0.01 secs] 
2016-09-24T02:11:01.202-0400: 27.279: [GC (GCLocker Initiated GC) [PSYoungGen: 156408K->33615K(197632K)] 278762K->156964K(721920K), 0.0200097 secs] [Times: user=0.20 sys=0.01, real=0.02 secs] 
2016-09-24T02:11:01.375-0400: 27.452: [GC (GCLocker Initiated GC) [PSYoungGen: 168783K->35330K(196096K)] 295039K->178745K(720384K), 0.0070655 secs] [Times: user=0.07 sys=0.00, real=0.00 secs] 
2016-09-24T02:11:01.525-0400: 27.601: [GC (GCLocker Initiated GC) [PSYoungGen: 170498K->46151K(195584K)] 314087K->201737K(719872K), 0.0064728 secs] [Times: user=0.07 sys=0.00, real=0.00 secs] 
2016-09-24T02:11:01.658-0400: 27.734: [GC (GCLocker Initiated GC) [PSYoungGen: 181831K->43334K(179200K)] 337550K->202834K(703488K), 0.0100567 secs] [Times: user=0.08 sys=0.00, real=0.01 secs] 
2016-09-24T02:11:01.814-0400: 27.891: [GC (GCLocker Initiated GC) [PSYoungGen: 179014K->44830K(195072K)] 338658K->218993K(719360K), 0.0101142 secs] [Times: user=0.13 sys=0.00, real=0.01 secs] 
2016-09-24T02:11:01.944-0400: 28.021: [GC (GCLocker Initiated GC) [PSYoungGen: 175902K->36584K(167936K)] 355478K->228054K(692224K), 0.0073821 secs] [Times: user=0.06 sys=0.00, real=0.00 secs] 
2016-09-24T02:11:02.085-0400: 28.162: [GC (GCLocker Initiated GC) [PSYoungGen: 167656K->31282K(198656K)] 368802K->233383K(722944K), 0.0045306 secs] [Times: user=0.04 sys=0.00, real=0.00 secs] 
2016-09-24T02:11:02.232-0400: 28.308: [GC (GCLocker Initiated GC) [PSYoungGen: 166450K->31316K(196096K)] 378065K->244050K(720384K), 0.0057155 secs] [Times: user=0.06 sys=0.01, real=0.01 secs] 
2016-09-24T02:11:02.391-0400: 28.468: [GC (GCLocker Initiated GC) [PSYoungGen: 166484K->24375K(197632K)] 391468K->250447K(721920K), 0.0046231 secs] [Times: user=0.03 sys=0.01, real=0.01 secs] 
2016-09-24T02:11:02.543-0400: 28.620: [GC (GCLocker Initiated GC) [PSYoungGen: 163127K->32238K(196608K)] 392000K->262168K(720896K), 0.0057006 secs] [Times: user=0.06 sys=0.01, real=0.00 secs] 
2016-09-24T02:11:02.683-0400: 28.760: [GC (GCLocker Initiated GC) [PSYoungGen: 170990K->33601K(202240K)] 406546K->269834K(726528K), 0.0077980 secs] [Times: user=0.06 sys=0.00, real=0.00 secs] 
2016-09-24T02:11:02.850-0400: 28.926: [GC (GCLocker Initiated GC) [PSYoungGen: 180545K->34920K(200704K)] 416784K->271864K(724992K), 0.0181446 secs] [Times: user=0.16 sys=0.01, real=0.02 secs] 
2016-09-24T02:11:03.016-0400: 29.093: [GC (GCLocker Initiated GC) [PSYoungGen: 181864K->30980K(206848K)] 421517K->271404K(731136K), 0.0065343 secs] [Times: user=0.05 sys=0.01, real=0.01 secs] 
2016-09-24T02:11:03.194-0400: 29.271: [GC (GCLocker Initiated GC) [PSYoungGen: 185604K->40449K(205312K)] 428793K->284510K(729600K), 0.0092462 secs] [Times: user=0.10 sys=0.01, real=0.02 secs] 
2016-09-24T02:11:03.339-0400: 29.416: [GC (GCLocker Initiated GC) [PSYoungGen: 195073K->51645K(200192K)] 439139K->315502K(724480K), 0.0061711 secs] [Times: user=0.08 sys=0.02, real=0.01 secs] 
2016-09-24T02:11:03.478-0400: 29.555: [GC (GCLocker Initiated GC) [PSYoungGen: 200125K->47390K(196096K)] 464013K->312429K(720384K), 0.0061629 secs] [Times: user=0.05 sys=0.01, real=0.01 secs] 
2016-09-24T02:11:03.650-0400: 29.727: [GC (GCLocker Initiated GC) [PSYoungGen: 195870K->19148K(201216K)] 466316K->304176K(725504K), 0.0066050 secs] [Times: user=0.08 sys=0.00, real=0.01 secs] 
2016-09-24T02:11:03.805-0400: 29.882: [GC (GCLocker Initiated GC) [PSYoungGen: 161484K->25999K(202240K)] 458685K->324543K(726528K), 0.0048743 secs] [Times: user=0.05 sys=0.00, real=0.00 secs] 
2016-09-24T02:11:03.942-0400: 30.019: [GC (GCLocker Initiated GC) [PSYoungGen: 168335K->31330K(198144K)] 468239K->343246K(722432K), 0.0055595 secs] [Times: user=0.06 sys=0.00, real=0.00 secs] 
2016-09-24T02:11:04.089-0400: 30.166: [GC (GCLocker Initiated GC) [PSYoungGen: 174690K->24394K(200192K)] 488195K->339057K(724480K), 0.0048509 secs] [Times: user=0.04 sys=0.00, real=0.00 secs] 
2016-09-24T02:11:04.224-0400: 30.301: [GC (GCLocker Initiated GC) [PSYoungGen: 167754K->31348K(200704K)] 493326K->358028K(724992K), 0.0068832 secs] [Times: user=0.07 sys=0.01, real=0.00 secs] 
2016-09-24T02:11:04.365-0400: 30.442: [GC (GCLocker Initiated GC) [PSYoungGen: 180340K->40699K(203264K)] 512426K->373994K(727552K), 0.0052004 secs] [Times: user=0.04 sys=0.01, real=0.00 secs] 
2016-09-24T02:11:04.505-0400: 30.582: [GC (GCLocker Initiated GC) [PSYoungGen: 189691K->29812K(205312K)] 528576K->369822K(729600K), 0.0068926 secs] [Times: user=0.07 sys=0.00, real=0.00 secs] 
2016-09-24T02:11:04.648-0400: 30.725: [GC (GCLocker Initiated GC) [PSYoungGen: 182900K->42189K(206336K)] 525847K->386310K(730624K), 0.0097202 secs] [Times: user=0.10 sys=0.01, real=0.01 secs] 
2016-09-24T02:11:04.792-0400: 30.869: [GC (GCLocker Initiated GC) [PSYoungGen: 195277K->47400K(201216K)] 544823K->398147K(725504K), 0.0061958 secs] [Times: user=0.06 sys=0.00, real=0.01 secs] 
2016-09-24T02:11:04.931-0400: 31.008: [GC (GCLocker Initiated GC) [PSYoungGen: 193832K->19008K(165888K)] 544581K->392417K(690176K), 0.0121737 secs] [Times: user=0.10 sys=0.00, real=0.02 secs] 
2016-09-24T02:11:05.075-0400: 31.151: [GC (GCLocker Initiated GC) [PSYoungGen: 165440K->32532K(206336K)] 541604K->409843K(730624K), 0.0095556 secs] [Times: user=0.08 sys=0.00, real=0.01 secs] 
2016-09-24T02:11:05.217-0400: 31.293: [GC (GCLocker Initiated GC) [PSYoungGen: 180500K->41992K(203776K)] 557896K->420558K(728064K), 0.0123609 secs] [Times: user=0.14 sys=0.00, real=0.01 secs] 
2016-09-24T02:11:05.367-0400: 31.444: [GC (GCLocker Initiated GC) [PSYoungGen: 189960K->23019K(204800K)] 573947K->410750K(729088K), 0.0272695 secs] [Times: user=0.31 sys=0.00, real=0.03 secs] 
2016-09-24T02:11:05.526-0400: 31.603: [GC (GCLocker Initiated GC) [PSYoungGen: 170987K->32883K(181248K)] 561508K->435391K(705536K), 0.0096391 secs] [Times: user=0.11 sys=0.00, real=0.01 secs] 
2016-09-24T02:11:05.688-0400: 31.764: [GC (GCLocker Initiated GC) [PSYoungGen: 180851K->40709K(201728K)] 583392K->444555K(726016K), 0.0069693 secs] [Times: user=0.08 sys=0.00, real=0.01 secs] 
2016-09-24T02:11:05.825-0400: 31.902: [GC (GCLocker Initiated GC) [PSYoungGen: 188165K->24537K(202752K)] 592052K->451183K(727040K), 0.0072003 secs] [Times: user=0.07 sys=0.00, real=0.00 secs] 
2016-09-24T02:11:05.971-0400: 32.048: [GC (GCLocker Initiated GC) [PSYoungGen: 171993K->27255K(203264K)] 602728K->472749K(727552K), 0.0121548 secs] [Times: user=0.15 sys=0.00, real=0.02 secs] 
2016-09-24T02:11:06.133-0400: 32.210: [GC (GCLocker Initiated GC) [PSYoungGen: 179319K->46121K(205312K)] 625054K->493069K(729600K), 0.0300365 secs] [Times: user=0.42 sys=0.00, real=0.04 secs] 
2016-09-24T02:11:06.317-0400: 32.394: [GC (GCLocker Initiated GC) [PSYoungGen: 198185K->49107K(198656K)] 645151K->497228K(722944K), 0.0228310 secs] [Times: user=0.30 sys=0.00, real=0.02 secs] 
2016-09-24T02:11:06.489-0400: 32.566: [GC (GCLocker Initiated GC) [PSYoungGen: 191443K->24961K(202240K)] 639656K->490775K(726528K), 0.0185150 secs] [Times: user=0.18 sys=0.00, real=0.02 secs] 
2016-09-24T02:11:06.656-0400: 32.733: [GC (GCLocker Initiated GC) [PSYoungGen: 167297K->37179K(198656K)] 635900K->507442K(722944K), 0.0132918 secs] [Times: user=0.13 sys=0.00, real=0.01 secs] 
2016-09-24T02:11:06.816-0400: 32.893: [GC (GCLocker Initiated GC) [PSYoungGen: 180027K->31895K(200704K)] 662662K->516209K(724992K), 0.0103535 secs] [Times: user=0.11 sys=0.00, real=0.01 secs] 
2016-09-24T02:11:06.979-0400: 33.056: [GC (GCLocker Initiated GC) [PSYoungGen: 174743K->43749K(202752K)] 659093K->529855K(727040K), 0.0070241 secs] [Times: user=0.06 sys=0.00, real=0.01 secs] 
2016-09-24T02:11:07.131-0400: 33.208: [GC (GCLocker Initiated GC) [PSYoungGen: 190693K->18146K(204288K)] 682223K->519211K(728576K), 0.0056576 secs] [Times: user=0.04 sys=0.01, real=0.01 secs] 
2016-09-24T02:11:07.137-0400: 33.214: [Full GC (Ergonomics) [PSYoungGen: 18146K->0K(204288K)] [ParOldGen: 501065K->132544K(524288K)] 519211K->132544K(728576K), [Metaspace: 43513K->43513K(1085440K)], 0.0591540 secs] [Times: user=0.34 sys=0.01, real=0.06 secs] 
2016-09-24T02:11:07.334-0400: 33.411: [GC (GCLocker Initiated GC) [PSYoungGen: 146944K->35955K(202240K)] 282391K->171402K(726528K), 0.0072039 secs] [Times: user=0.05 sys=0.00, real=0.01 secs] 
2016-09-24T02:11:07.491-0400: 33.568: [GC (GCLocker Initiated GC) [PSYoungGen: 182899K->41105K(203264K)] 321064K->180963K(727552K), 0.0049546 secs] [Times: user=0.04 sys=0.00, real=0.01 secs] 
2016-09-24T02:11:07.650-0400: 33.726: [GC (Allocation Failure) [PSYoungGen: 188049K->42585K(203264K)] 333530K->192281K(727552K), 0.0052963 secs] [Times: user=0.05 sys=0.00, real=0.01 secs] 
2016-09-24T02:11:07.655-0400: 33.732: [GC (GCLocker Initiated GC) [PSYoungGen: 42613K->64K(146944K)] 192309K->198748K(671232K), 0.0056750 secs] [Times: user=0.07 sys=0.00, real=0.00 secs] 
2016-09-24T02:11:07.812-0400: 33.888: [GC (GCLocker Initiated GC) [PSYoungGen: 144022K->37257K(201728K)] 345406K->238649K(726016K), 0.0122615 secs] [Times: user=0.14 sys=0.00, real=0.02 secs] 
2016-09-24T02:11:07.963-0400: 34.040: [GC (GCLocker Initiated GC) [PSYoungGen: 177545K->41091K(200704K)] 379024K->244352K(724992K), 0.0049372 secs] [Times: user=0.06 sys=0.00, real=0.00 secs] 
2016-09-24T02:11:08.093-0400: 34.170: [GC (GCLocker Initiated GC) [PSYoungGen: 181379K->49168K(195072K)] 384716K->253933K(719360K), 0.0046527 secs] [Times: user=0.06 sys=0.00, real=0.01 secs] 
2016-09-24T02:11:08.245-0400: 34.322: [GC (GCLocker Initiated GC) [PSYoungGen: 183312K->39703K(198144K)] 394858K->252607K(722432K), 0.0076870 secs] [Times: user=0.08 sys=0.00, real=0.00 secs] 
2016-09-24T02:11:08.373-0400: 34.450: [GC (GCLocker Initiated GC) [PSYoungGen: 173847K->35631K(192000K)] 386760K->266208K(716288K), 0.0098339 secs] [Times: user=0.13 sys=0.00, real=0.02 secs] 
2016-09-24T02:11:08.519-0400: 34.596: [GC (GCLocker Initiated GC) [PSYoungGen: 170799K->35522K(195584K)] 405514K->271598K(719872K), 0.0281663 secs] [Times: user=0.34 sys=0.01, real=0.03 secs] 
2016-09-24T02:11:08.685-0400: 34.762: [GC (GCLocker Initiated GC) [PSYoungGen: 170690K->47610K(199168K)] 409499K->295987K(723456K), 0.0055650 secs] [Times: user=0.06 sys=0.00, real=0.00 secs] 
2016-09-24T02:11:08.831-0400: 34.908: [GC (GCLocker Initiated GC) [PSYoungGen: 188922K->35419K(201728K)] 440070K->293149K(726016K), 0.0167549 secs] [Times: user=0.19 sys=0.01, real=0.02 secs] 
2016-09-24T02:11:09.002-0400: 35.079: [GC (GCLocker Initiated GC) [PSYoungGen: 176731K->29712K(199168K)] 435926K->290181K(723456K), 0.0110559 secs] [Times: user=0.13 sys=0.01, real=0.00 secs] 
2016-09-24T02:11:09.152-0400: 35.229: [GC (GCLocker Initiated GC) [PSYoungGen: 173072K->52910K(200704K)] 433573K->314421K(724992K), 0.0195827 secs] [Times: user=0.28 sys=0.00, real=0.02 secs] 
2016-09-24T02:11:09.327-0400: 35.403: [GC (GCLocker Initiated GC) [PSYoungGen: 196270K->24871K(201216K)] 463273K->317319K(725504K), 0.0126236 secs] [Times: user=0.16 sys=0.00, real=0.01 secs] 
2016-09-24T02:11:09.495-0400: 35.571: [GC (GCLocker Initiated GC) [PSYoungGen: 164647K->4639K(144896K)] 476140K->317525K(669184K), 0.0363032 secs] [Times: user=0.32 sys=0.00, real=0.03 secs] 
2016-09-24T02:11:09.680-0400: 35.757: [GC (GCLocker Initiated GC) [PSYoungGen: 144415K->31795K(200704K)] 465486K->354566K(724992K), 0.0062359 secs] [Times: user=0.05 sys=0.00, real=0.01 secs] 
2016-09-24T02:11:09.834-0400: 35.910: [GC (GCLocker Initiated GC) [PSYoungGen: 168499K->31292K(168448K)] 491279K->355597K(692736K), 0.0057630 secs] [Times: user=0.04 sys=0.00, real=0.01 secs] 
2016-09-24T02:11:09.968-0400: 36.045: [GC (GCLocker Initiated GC) [PSYoungGen: 167996K->43835K(194048K)] 492310K->382969K(718336K), 0.0058077 secs] [Times: user=0.07 sys=0.00, real=0.00 secs] 
2016-09-24T02:11:10.109-0400: 36.186: [GC (GCLocker Initiated GC) [PSYoungGen: 179003K->42227K(195584K)] 518258K->382963K(719872K), 0.0051629 secs] [Times: user=0.05 sys=0.00, real=0.01 secs] 
2016-09-24T02:11:10.238-0400: 36.314: [GC (GCLocker Initiated GC) [PSYoungGen: 177395K->58578K(188928K)] 518182K->408753K(713216K), 0.0063850 secs] [Times: user=0.09 sys=0.01, real=0.01 secs] 
2016-09-24T02:11:10.374-0400: 36.450: [GC (GCLocker Initiated GC) [PSYoungGen: 186578K->19156K(195072K)] 543719K->393815K(719360K), 0.0054996 secs] [Times: user=0.04 sys=0.00, real=0.01 secs] 
2016-09-24T02:11:10.507-0400: 36.583: [GC (GCLocker Initiated GC) [PSYoungGen: 147156K->32741K(189952K)] 529112K->416047K(714240K), 0.0095671 secs] [Times: user=0.08 sys=0.00, real=0.01 secs] 
2016-09-24T02:11:10.645-0400: 36.722: [GC (GCLocker Initiated GC) [PSYoungGen: 160741K->35417K(192512K)] 544058K->430873K(716800K), 0.0105443 secs] [Times: user=0.13 sys=0.00, real=0.01 secs] 
2016-09-24T02:11:10.790-0400: 36.867: [GC (GCLocker Initiated GC) [PSYoungGen: 163417K->19084K(197120K)] 567204K->424114K(721408K), 0.0081007 secs] [Times: user=0.04 sys=0.00, real=0.01 secs] 
2016-09-24T02:11:10.936-0400: 37.012: [GC (GCLocker Initiated GC) [PSYoungGen: 154764K->46257K(197120K)] 562544K->455380K(721408K), 0.0061722 secs] [Times: user=0.04 sys=0.01, real=0.00 secs] 
2016-09-24T02:11:11.072-0400: 37.149: [GC (GCLocker Initiated GC) [PSYoungGen: 181937K->35413K(197632K)] 596697K->465012K(721920K), 0.0061430 secs] [Times: user=0.06 sys=0.00, real=0.01 secs] 
2016-09-24T02:11:11.214-0400: 37.290: [GC (GCLocker Initiated GC) [PSYoungGen: 172629K->21863K(198144K)] 607660K->458173K(722432K), 0.0058110 secs] [Times: user=0.05 sys=0.00, real=0.01 secs] 
2016-09-24T02:11:11.364-0400: 37.440: [GC (GCLocker Initiated GC) [PSYoungGen: 159079K->28711K(198144K)] 605069K->486819K(722432K), 0.0069080 secs] [Times: user=0.05 sys=0.00, real=0.00 secs] 
2016-09-24T02:11:11.509-0400: 37.586: [GC (GCLocker Initiated GC) [PSYoungGen: 169511K->36786K(199680K)] 627738K->496412K(723968K), 0.0047819 secs] [Times: user=0.05 sys=0.01, real=0.00 secs] 
2016-09-24T02:11:11.665-0400: 37.741: [GC (GCLocker Initiated GC) [PSYoungGen: 177586K->43605K(201728K)] 639924K->507205K(726016K), 0.0068832 secs] [Times: user=0.06 sys=0.00, real=0.00 secs] 
2016-09-24T02:11:11.830-0400: 37.907: [GC (GCLocker Initiated GC) [PSYoungGen: 187989K->23158K(203264K)] 654371K->501647K(727552K), 0.0069361 secs] [Times: user=0.06 sys=0.00, real=0.01 secs] 
2016-09-24T02:11:11.990-0400: 38.067: [GC (GCLocker Initiated GC) [PSYoungGen: 167542K->44895K(199680K)] 648750K->527341K(723968K), 0.0052320 secs] [Times: user=0.07 sys=0.01, real=0.01 secs] 
2016-09-24T02:11:12.145-0400: 38.222: [GC (GCLocker Initiated GC) [PSYoungGen: 186207K->38245K(201728K)] 671494K->524747K(726016K), 0.0059521 secs] [Times: user=0.06 sys=0.01, real=0.00 secs] 
2016-09-24T02:11:12.301-0400: 38.378: [Full GC (Ergonomics) [PSYoungGen: 179557K->0K(201728K)] [ParOldGen: 506899K->150978K(524288K)] 686456K->150978K(726016K), [Metaspace: 43544K->43544K(1085440K)], 0.0681341 secs] [Times: user=0.45 sys=0.01, real=0.07 secs] 
2016-09-24T02:11:12.522-0400: 38.599: [GC (GCLocker Initiated GC) [PSYoungGen: 141261K->34458K(197120K)] 294940K->188145K(721408K), 0.0130380 secs] [Times: user=0.17 sys=0.00, real=0.01 secs] 
2016-09-24T02:11:12.692-0400: 38.769: [GC (GCLocker Initiated GC) [PSYoungGen: 177306K->27596K(199680K)] 336470K->188370K(723968K), 0.0054777 secs] [Times: user=0.04 sys=0.00, real=0.01 secs] 
2016-09-24T02:11:12.844-0400: 38.921: [GC (GCLocker Initiated GC) [PSYoungGen: 170444K->49292K(199168K)] 331256K->211729K(723456K), 0.0082095 secs] [Times: user=0.09 sys=0.00, real=0.00 secs] 
2016-09-24T02:11:13.008-0400: 39.085: [GC (GCLocker Initiated GC) [PSYoungGen: 192652K->27639K(202752K)] 361969K->198478K(727040K), 0.0061522 secs] [Times: user=0.05 sys=0.01, real=0.01 secs] 
2016-09-24T02:11:13.178-0400: 39.255: [GC (GCLocker Initiated GC) [PSYoungGen: 170999K->28904K(198656K)] 349966K->209589K(722944K), 0.0456971 secs] [Times: user=0.38 sys=0.00, real=0.05 secs] 
2016-09-24T02:11:13.379-0400: 39.456: [GC (GCLocker Initiated GC) [PSYoungGen: 173288K->31780K(201216K)] 357058K->217134K(725504K), 0.0206722 secs] [Times: user=0.27 sys=0.00, real=0.02 secs] 
2016-09-24T02:11:13.547-0400: 39.624: [GC (GCLocker Initiated GC) [PSYoungGen: 176164K->32850K(200192K)] 367126K->225491K(724480K), 0.0117335 secs] [Times: user=0.15 sys=0.01, real=0.01 secs] 
2016-09-24T02:11:13.704-0400: 39.781: [GC (GCLocker Initiated GC) [PSYoungGen: 182866K->50694K(203264K)] 376662K->248582K(727552K), 0.0234332 secs] [Times: user=0.31 sys=0.00, real=0.02 secs] 
2016-09-24T02:11:13.873-0400: 39.950: [GC (GCLocker Initiated GC) [PSYoungGen: 200710K->32940K(206336K)] 401306K->240446K(730624K), 0.0187467 secs] [Times: user=0.22 sys=0.00, real=0.02 secs] 
2016-09-24T02:11:14.033-0400: 40.110: [GC (GCLocker Initiated GC) [PSYoungGen: 181932K->49249K(198656K)] 389611K->258322K(722944K), 0.0065101 secs] [Times: user=0.08 sys=0.00, real=0.01 secs] 
2016-09-24T02:11:14.195-0400: 40.272: [GC (GCLocker Initiated GC) [PSYoungGen: 198241K->32966K(204800K)] 411546K->261226K(729088K), 0.0106358 secs] [Times: user=0.09 sys=0.00, real=0.01 secs] 
2016-09-24T02:11:14.387-0400: 40.464: [GC (GCLocker Initiated GC) [PSYoungGen: 178886K->12850K(159232K)] 420890K->256433K(683520K), 0.0085862 secs] [Times: user=0.09 sys=0.00, real=0.01 secs] 
2016-09-24T02:11:14.538-0400: 40.615: [GC (GCLocker Initiated GC) [PSYoungGen: 158770K->27392K(204288K)] 410456K->280769K(728576K), 0.0097205 secs] [Times: user=0.10 sys=0.00, real=0.01 secs] 
2016-09-24T02:11:14.690-0400: 40.767: [GC (GCLocker Initiated GC) [PSYoungGen: 172288K->30016K(175104K)] 428403K->287408K(699392K), 0.0135059 secs] [Times: user=0.14 sys=0.01, real=0.02 secs] 
2016-09-24T02:11:14.845-0400: 40.922: [GC (GCLocker Initiated GC) [PSYoungGen: 174912K->27148K(201728K)] 437109K->290643K(726016K), 0.0060341 secs] [Times: user=0.05 sys=0.01, real=0.00 secs] 
2016-09-24T02:11:15.000-0400: 41.077: [GC (GCLocker Initiated GC) [PSYoungGen: 173068K->32419K(200704K)] 440773K->301358K(724992K), 0.0142047 secs] [Times: user=0.18 sys=0.00, real=0.02 secs] 
2016-09-24T02:11:15.170-0400: 41.247: [GC (GCLocker Initiated GC) [PSYoungGen: 178339K->31054K(205312K)] 447298K->300966K(729600K), 0.0134285 secs] [Times: user=0.15 sys=0.01, real=0.02 secs] 
2016-09-24T02:11:15.335-0400: 41.412: [GC (GCLocker Initiated GC) [PSYoungGen: 184654K->23228K(204288K)] 464020K->303715K(728576K), 0.0144196 secs] [Times: user=0.14 sys=0.01, real=0.01 secs] 
2016-09-24T02:11:15.494-0400: 41.570: [GC (GCLocker Initiated GC) [PSYoungGen: 176828K->26939K(209408K)] 462746K->314106K(733696K), 0.0116888 secs] [Times: user=0.07 sys=0.03, real=0.02 secs] 
2016-09-24T02:11:15.658-0400: 41.735: [GC (GCLocker Initiated GC) [PSYoungGen: 187707K->36740K(209920K)] 477812K->327784K(734208K), 0.0080624 secs] [Times: user=0.08 sys=0.00, real=0.01 secs] 
2016-09-24T02:11:15.807-0400: 41.884: [GC (Allocation Failure) [PSYoungGen: 197508K->27190K(211456K)] 494003K->324793K(735744K), 5.1895911 secs] [Times: user=0.52 sys=0.08, real=5.19 secs] 
2016-09-24T02:11:21.159-0400: 47.236: [GC (GCLocker Initiated GC) [PSYoungGen: 190518K->20715K(211968K)] 488309K->319589K(736256K), 0.0089476 secs] [Times: user=0.10 sys=0.00, real=0.01 secs] 
2016-09-24T02:11:21.318-0400: 47.395: [GC (GCLocker Initiated GC) [PSYoungGen: 184043K->40741K(209408K)] 482950K->340935K(733696K), 0.0062855 secs] [Times: user=0.04 sys=0.00, real=0.01 secs] 
2016-09-24T02:11:21.492-0400: 47.569: [GC (GCLocker Initiated GC) [PSYoungGen: 201509K->19263K(211456K)] 501724K->339578K(735744K), 0.0238652 secs] [Times: user=0.27 sys=0.00, real=0.03 secs] 
2016-09-24T02:11:21.691-0400: 47.768: [GC (GCLocker Initiated GC) [PSYoungGen: 180031K->45184K(204288K)] 501730K->368214K(728576K), 0.0307692 secs] [Times: user=0.34 sys=0.01, real=0.03 secs] 
2016-09-24T02:11:21.873-0400: 47.950: [GC (GCLocker Initiated GC) [PSYoungGen: 198784K->16376K(169984K)] 527452K->368026K(694272K), 0.0068212 secs] [Times: user=0.06 sys=0.00, real=0.01 secs] 
2016-09-24T02:11:22.035-0400: 48.112: [GC (GCLocker Initiated GC) [PSYoungGen: 169976K->38261K(206336K)] 521779K->391278K(730624K), 0.0152930 secs] [Times: user=0.16 sys=0.00, real=0.01 secs] 
2016-09-24T02:11:22.204-0400: 48.281: [GC (GCLocker Initiated GC) [PSYoungGen: 189813K->26116K(178176K)] 543001K->380636K(702464K), 0.0096127 secs] [Times: user=0.08 sys=0.01, real=0.00 secs] 
2016-09-24T02:11:22.379-0400: 48.455: [GC (GCLocker Initiated GC) [PSYoungGen: 177668K->12513K(205312K)] 537627K->389944K(729600K), 0.0106056 secs] [Times: user=0.10 sys=0.00, real=0.01 secs] 
2016-09-24T02:11:22.535-0400: 48.612: [GC (GCLocker Initiated GC) [PSYoungGen: 164065K->35488K(205824K)] 546984K->419776K(730112K), 0.0071476 secs] [Times: user=0.06 sys=0.00, real=0.01 secs] 
2016-09-24T02:11:22.714-0400: 48.790: [GC (Allocation Failure) [PSYoungGen: 187040K->28683K(203776K)] 571386K->414425K(728064K), 0.0072665 secs] [Times: user=0.07 sys=0.00, real=0.01 secs] 
2016-09-24T02:11:22.721-0400: 48.798: [GC (GCLocker Initiated GC) [PSYoungGen: 29017K->192K(205824K)] 414760K->425322K(730112K), 0.0135373 secs] [Times: user=0.18 sys=0.00, real=0.02 secs] 
2016-09-24T02:11:22.901-0400: 48.978: [GC (GCLocker Initiated GC) [PSYoungGen: 153567K->37828K(204288K)] 581398K->465675K(728576K), 0.0144096 secs] [Times: user=0.16 sys=0.00, real=0.02 secs] 
2016-09-24T02:11:23.096-0400: 49.173: [GC (GCLocker Initiated GC) [PSYoungGen: 187332K->35766K(205824K)] 620703K->471394K(730112K), 0.0242117 secs] [Times: user=0.30 sys=0.01, real=0.02 secs] 
2016-09-24T02:11:23.299-0400: 49.376: [GC (GCLocker Initiated GC) [PSYoungGen: 185270K->45407K(198656K)] 620935K->482643K(722944K), 0.0120905 secs] [Times: user=0.14 sys=0.02, real=0.01 secs] 
2016-09-24T02:11:23.459-0400: 49.536: [GC (GCLocker Initiated GC) [PSYoungGen: 187743K->29337K(202240K)] 625179K->482096K(726528K), 0.0091555 secs] [Times: user=0.11 sys=0.00, real=0.01 secs] 
2016-09-24T02:11:24.003-0400: 50.079: [GC (Allocation Failure) [PSYoungGen: 171673K->15621K(201728K)] 628985K->474742K(726016K), 0.0132262 secs] [Times: user=0.11 sys=0.01, real=0.01 secs] 
2016-09-24T02:11:24.183-0400: 50.259: [GC (GCLocker Initiated GC) [PSYoungGen: 159316K->53604K(199168K)] 621137K->519966K(723456K), 0.0110256 secs] [Times: user=0.10 sys=0.01, real=0.00 secs] 
2016-09-24T02:11:24.370-0400: 50.447: [GC (GCLocker Initiated GC) [PSYoungGen: 199012K->35753K(200192K)] 665799K->504288K(724480K), 0.0159412 secs] [Times: user=0.17 sys=0.00, real=0.02 secs] 
2016-09-24T02:11:24.549-0400: 50.626: [GC (GCLocker Initiated GC) [PSYoungGen: 172969K->41034K(199168K)] 641533K->511177K(723456K), 0.0389461 secs] [Times: user=0.44 sys=0.00, real=0.04 secs] 
2016-09-24T02:11:24.756-0400: 50.833: [GC (GCLocker Initiated GC) [PSYoungGen: 178250K->17157K(199680K)] 651163K->497002K(723968K), 0.0110931 secs] [Times: user=0.11 sys=0.00, real=0.01 secs] 
2016-09-24T02:11:24.940-0400: 51.016: [GC (GCLocker Initiated GC) [PSYoungGen: 154885K->15648K(199680K)] 639361K->501855K(723968K), 0.0202757 secs] [Times: user=0.24 sys=0.00, real=0.02 secs] 
2016-09-24T02:11:25.109-0400: 51.186: [GC (GCLocker Initiated GC) [PSYoungGen: 153376K->42857K(196608K)] 639739K->531136K(720896K), 0.0141346 secs] [Times: user=0.16 sys=0.00, real=0.02 secs] 
2016-09-24T02:11:25.298-0400: 51.374: [GC (GCLocker Initiated GC) [PSYoungGen: 178025K->30769K(166400K)] 669065K->523718K(690688K), 0.0072975 secs] [Times: user=0.04 sys=0.00, real=0.01 secs] 
2016-09-24T02:11:25.504-0400: 51.581: [GC (GCLocker Initiated GC) [PSYoungGen: 165937K->11711K(196608K)] 666279K->533164K(720896K), 0.0081568 secs] [Times: user=0.08 sys=0.01, real=0.00 secs] 
2016-09-24T02:11:25.513-0400: 51.589: [Full GC (Ergonomics) [PSYoungGen: 11711K->0K(196608K)] [ParOldGen: 521453K->154577K(524288K)] 533164K->154577K(720896K), [Metaspace: 43572K->43572K(1085440K)], 0.0781366 secs] [Times: user=0.63 sys=0.03, real=0.08 secs] 
2016-09-24T02:11:25.753-0400: 51.830: [GC (GCLocker Initiated GC) [PSYoungGen: 136704K->33892K(197120K)] 291334K->188530K(721408K), 0.0057807 secs] [Times: user=0.04 sys=0.00, real=0.01 secs] 
2016-09-24T02:11:25.934-0400: 52.011: [GC (GCLocker Initiated GC) [PSYoungGen: 170596K->29932K(196096K)] 334825K->197967K(720384K), 0.0082939 secs] [Times: user=0.08 sys=0.00, real=0.02 secs] 
2016-09-24T02:11:26.122-0400: 52.199: [GC (GCLocker Initiated GC) [PSYoungGen: 172268K->54245K(198656K)] 343073K->227339K(722944K), 0.0096981 secs] [Times: user=0.14 sys=0.00, real=0.01 secs] 
2016-09-24T02:11:26.316-0400: 52.393: [GC (GCLocker Initiated GC) [PSYoungGen: 196581K->25490K(201216K)] 376735K->207920K(725504K), 0.0072992 secs] [Times: user=0.07 sys=0.00, real=0.01 secs] 
2016-09-24T02:11:26.486-0400: 52.562: [GC (GCLocker Initiated GC) [PSYoungGen: 163730K->36018K(174592K)] 346163K->220551K(698880K), 0.0308687 secs] [Times: user=0.35 sys=0.00, real=0.03 secs] 
2016-09-24T02:11:26.686-0400: 52.763: [GC (GCLocker Initiated GC) [PSYoungGen: 174258K->39851K(198144K)] 365756K->233281K(722432K), 0.0182480 secs] [Times: user=0.26 sys=0.00, real=0.02 secs] 
2016-09-24T02:11:26.857-0400: 52.934: [GC (GCLocker Initiated GC) [PSYoungGen: 178091K->32648K(198144K)] 371538K->227674K(722432K), 0.0053346 secs] [Times: user=0.04 sys=0.01, real=0.01 secs] 
2016-09-24T02:11:27.010-0400: 53.087: [GC (GCLocker Initiated GC) [PSYoungGen: 170888K->20666K(200192K)] 368784K->233412K(724480K), 0.0332501 secs] [Times: user=0.35 sys=0.00, real=0.04 secs] 
2016-09-24T02:11:27.196-0400: 53.273: [GC (GCLocker Initiated GC) [PSYoungGen: 163514K->23614K(199680K)] 385789K->260932K(723968K), 0.0056906 secs] [Times: user=0.05 sys=0.00, real=0.00 secs] 
2016-09-24T02:11:27.366-0400: 53.442: [GC (GCLocker Initiated GC) [PSYoungGen: 166462K->46554K(200192K)] 403813K->285415K(724480K), 0.0061613 secs] [Times: user=0.05 sys=0.00, real=0.00 secs] 
2016-09-24T02:11:27.533-0400: 53.610: [GC (GCLocker Initiated GC) [PSYoungGen: 190938K->28866K(203264K)] 435208K->301668K(727552K), 0.0258951 secs] [Times: user=0.26 sys=0.00, real=0.03 secs] 
2016-09-24T02:11:27.723-0400: 53.800: [GC (GCLocker Initiated GC) [PSYoungGen: 173250K->31541K(198144K)] 448893K->308666K(722432K), 0.0145364 secs] [Times: user=0.13 sys=0.01, real=0.01 secs] 
2016-09-24T02:11:27.897-0400: 53.974: [GC (GCLocker Initiated GC) [PSYoungGen: 177973K->13887K(201216K)] 458930K->309889K(725504K), 0.0143385 secs] [Times: user=0.13 sys=0.00, real=0.01 secs] 
2016-09-24T02:11:28.082-0400: 54.159: [GC (GCLocker Initiated GC) [PSYoungGen: 160319K->30247K(202752K)] 456327K->327720K(727040K), 0.0279243 secs] [Times: user=0.27 sys=0.00, real=0.03 secs] 
2016-09-24T02:11:28.277-0400: 54.354: [GC (GCLocker Initiated GC) [PSYoungGen: 182311K->33202K(204800K)] 485288K->337716K(729088K), 0.0070433 secs] [Times: user=0.05 sys=0.00, real=0.01 secs] 
2016-09-24T02:11:28.467-0400: 54.543: [GC (GCLocker Initiated GC) [PSYoungGen: 185266K->27605K(205312K)] 489809K->336609K(729600K), 0.0056444 secs] [Times: user=0.04 sys=0.01, real=0.00 secs] 
2016-09-24T02:11:28.648-0400: 54.724: [GC (GCLocker Initiated GC) [PSYoungGen: 185301K->23628K(207872K)] 504241K->347015K(732160K), 0.0062542 secs] [Times: user=0.04 sys=0.01, real=0.00 secs] 
2016-09-24T02:11:28.827-0400: 54.904: [GC (GCLocker Initiated GC) [PSYoungGen: 181324K->30340K(207872K)] 514184K->364948K(732160K), 0.0100916 secs] [Times: user=0.09 sys=0.00, real=0.01 secs] 
2016-09-24T02:11:29.006-0400: 55.083: [GC (GCLocker Initiated GC) [PSYoungGen: 193156K->28770K(210432K)] 527799K->389208K(734720K), 0.0074549 secs] [Times: user=0.05 sys=0.01, real=0.00 secs] 
2016-09-24T02:11:29.205-0400: 55.282: [GC (GCLocker Initiated GC) [PSYoungGen: 191586K->19745K(213504K)] 564277K->412770K(737792K), 0.0180137 secs] [Times: user=0.16 sys=0.00, real=0.02 secs] 
2016-09-24T02:11:29.406-0400: 55.483: [GC (GCLocker Initiated GC) [PSYoungGen: 188193K->23573K(214528K)] 581305K->418512K(738816K), 0.0136376 secs] [Times: user=0.13 sys=0.00, real=0.01 secs] 
2016-09-24T02:11:29.611-0400: 55.688: [GC (GCLocker Initiated GC) [PSYoungGen: 192021K->21092K(215040K)] 596451K->443400K(739328K), 0.0121311 secs] [Times: user=0.11 sys=0.00, real=0.02 secs] 
2016-09-24T02:11:29.820-0400: 55.897: [GC (GCLocker Initiated GC) [PSYoungGen: 192100K->20828K(215552K)] 619810K->450370K(739840K), 0.0134515 secs] [Times: user=0.15 sys=0.01, real=0.01 secs] 
2016-09-24T02:11:30.037-0400: 56.113: [GC (GCLocker Initiated GC) [PSYoungGen: 191836K->31836K(217600K)] 626788K->468412K(741888K), 0.0193226 secs] [Times: user=0.21 sys=0.00, real=0.02 secs] 
2016-09-24T02:11:30.273-0400: 56.350: [GC (GCLocker Initiated GC) [PSYoungGen: 205404K->11667K(185344K)] 654164K->461988K(709632K), 0.0123003 secs] [Times: user=0.08 sys=0.01, real=0.02 secs] 
2016-09-24T02:11:30.477-0400: 56.553: [GC (GCLocker Initiated GC) [PSYoungGen: 185235K->20969K(218112K)] 638281K->489429K(742400K), 0.0058711 secs] [Times: user=0.05 sys=0.00, real=0.01 secs] 
2016-09-24T02:11:30.664-0400: 56.741: [GC (GCLocker Initiated GC) [PSYoungGen: 194025K->42410K(215552K)] 662708K->512699K(739840K), 0.0147163 secs] [Times: user=0.15 sys=0.00, real=0.01 secs] 
2016-09-24T02:11:30.875-0400: 56.952: [GC (GCLocker Initiated GC) [PSYoungGen: 215466K->19563K(213504K)] 699455K->505150K(737792K), 0.0287922 secs] [Times: user=0.29 sys=0.01, real=0.03 secs] 
2016-09-24T02:11:31.108-0400: 57.185: [GC (GCLocker Initiated GC) [PSYoungGen: 186475K->23553K(190976K)] 672322K->511205K(715264K), 0.0204907 secs] [Times: user=0.29 sys=0.01, real=0.02 secs] 
2016-09-24T02:11:31.302-0400: 57.379: [GC (GCLocker Initiated GC) [PSYoungGen: 190465K->33132K(213504K)] 686324K->530472K(737792K), 0.0058411 secs] [Times: user=0.06 sys=0.00, real=0.00 secs] 
2016-09-24T02:11:31.493-0400: 57.570: [Full GC (Ergonomics) [PSYoungGen: 200556K->0K(213504K)] [ParOldGen: 500042K->164727K(524288K)] 700598K->164727K(737792K), [Metaspace: 43588K->43588K(1085440K)], 0.0963045 secs] [Times: user=0.62 sys=0.02, real=0.10 secs] 
2016-09-24T02:11:31.770-0400: 57.847: [GC (GCLocker Initiated GC) [PSYoungGen: 167424K->38725K(206336K)] 332165K->203467K(730624K), 0.0054191 secs] [Times: user=0.04 sys=0.00, real=0.01 secs] 
2016-09-24T02:11:31.948-0400: 58.025: [GC (GCLocker Initiated GC) [PSYoungGen: 206149K->38558K(208896K)] 373595K->216028K(733184K), 0.0141917 secs] [Times: user=0.11 sys=0.00, real=0.01 secs] 
2016-09-24T02:11:32.146-0400: 58.222: [GC (GCLocker Initiated GC) [PSYoungGen: 198302K->23493K(210944K)] 383944K->210715K(735232K), 0.0150675 secs] [Times: user=0.16 sys=0.00, real=0.01 secs] 
2016-09-24T02:11:32.328-0400: 58.404: [GC (GCLocker Initiated GC) [PSYoungGen: 183237K->34324K(210432K)] 371821K->240545K(734720K), 0.0100021 secs] [Times: user=0.13 sys=0.01, real=0.01 secs] 
2016-09-24T02:11:32.544-0400: 58.621: [GC (GCLocker Initiated GC) [PSYoungGen: 195604K->35517K(210944K)] 404562K->245895K(735232K), 0.0360544 secs] [Times: user=0.39 sys=0.00, real=0.03 secs] 
2016-09-24T02:11:32.770-0400: 58.847: [GC (GCLocker Initiated GC) [PSYoungGen: 196797K->27678K(209920K)] 409954K->244934K(734208K), 0.0113434 secs] [Times: user=0.12 sys=0.00, real=0.01 secs] 
2016-09-24T02:11:32.969-0400: 59.046: [GC (GCLocker Initiated GC) [PSYoungGen: 189982K->23633K(210944K)] 419481K->254745K(735232K), 0.0075577 secs] [Times: user=0.08 sys=0.00, real=0.01 secs] 
2016-09-24T02:11:33.158-0400: 59.235: [GC (GCLocker Initiated GC) [PSYoungGen: 185937K->41117K(209408K)] 422678K->279475K(733696K), 0.0118439 secs] [Times: user=0.16 sys=0.00, real=0.01 secs] 
2016-09-24T02:11:33.360-0400: 59.437: [GC (GCLocker Initiated GC) [PSYoungGen: 202909K->26268K(211968K)] 441273K->266055K(736256K), 0.0103440 secs] [Times: user=0.12 sys=0.00, real=0.01 secs] 
2016-09-24T02:11:33.574-0400: 59.651: [GC (GCLocker Initiated GC) [PSYoungGen: 188060K->19235K(209920K)] 430558K->263317K(734208K), 0.0134561 secs] [Times: user=0.12 sys=0.01, real=0.01 secs] 
2016-09-24T02:11:33.761-0400: 59.838: [GC (GCLocker Initiated GC) [PSYoungGen: 182051K->31449K(211456K)] 428944K->279739K(735744K), 0.0261440 secs] [Times: user=0.29 sys=0.00, real=0.03 secs] 
2016-09-24T02:11:33.961-0400: 60.038: [GC (GCLocker Initiated GC) [PSYoungGen: 194265K->12771K(212992K)] 450684K->270579K(737280K), 0.0049816 secs] [Times: user=0.04 sys=0.00, real=0.01 secs] 
2016-09-24T02:11:34.147-0400: 60.224: [GC (GCLocker Initiated GC) [PSYoungGen: 177635K->27757K(193024K)] 445123K->296936K(717312K), 0.0089589 secs] [Times: user=0.07 sys=0.01, real=0.01 secs] 
2016-09-24T02:11:34.358-0400: 60.435: [GC (GCLocker Initiated GC) [PSYoungGen: 192621K->21445K(212480K)] 469480K->299914K(736768K), 0.0051973 secs] [Times: user=0.05 sys=0.01, real=0.01 secs] 
2016-09-24T02:11:34.552-0400: 60.629: [GC (GCLocker Initiated GC) [PSYoungGen: 187333K->32035K(211968K)] 468538K->315197K(736256K), 0.0051789 secs] [Times: user=0.05 sys=0.00, real=0.01 secs] 
2016-09-24T02:11:34.734-0400: 60.811: [GC (GCLocker Initiated GC) [PSYoungGen: 197923K->30496K(214528K)] 483792K->326248K(738816K), 0.0063041 secs] [Times: user=0.06 sys=0.01, real=0.00 secs] 
2016-09-24T02:11:34.930-0400: 61.006: [GC (GCLocker Initiated GC) [PSYoungGen: 200480K->29144K(215040K)] 496240K->326630K(739328K), 0.0258237 secs] [Times: user=0.28 sys=0.01, real=0.03 secs] 
2016-09-24T02:11:35.141-0400: 61.218: [GC (GCLocker Initiated GC) [PSYoungGen: 199128K->22522K(216576K)] 503389K->328679K(740864K), 0.0070266 secs] [Times: user=0.05 sys=0.01, real=0.01 secs] 
2016-09-24T02:11:35.330-0400: 61.407: [GC (GCLocker Initiated GC) [PSYoungGen: 195578K->33420K(216576K)] 504468K->344302K(740864K), 0.0296071 secs] [Times: user=0.26 sys=0.00, real=0.03 secs] 
2016-09-24T02:11:35.559-0400: 61.636: [GC (GCLocker Initiated GC) [PSYoungGen: 206476K->22465K(218112K)] 527035K->345001K(742400K), 0.0082745 secs] [Times: user=0.05 sys=0.02, real=0.01 secs] 
2016-09-24T02:11:35.759-0400: 61.836: [GC (GCLocker Initiated GC) [PSYoungGen: 197057K->42842K(217600K)] 525027K->373993K(741888K), 0.0084957 secs] [Times: user=0.11 sys=0.01, real=0.01 secs] 
2016-09-24T02:11:35.956-0400: 62.033: [GC (GCLocker Initiated GC) [PSYoungGen: 217434K->24046K(213504K)] 554040K->384115K(737792K), 0.0070966 secs] [Times: user=0.09 sys=0.00, real=0.01 secs] 
2016-09-24T02:11:36.135-0400: 62.211: [GC (GCLocker Initiated GC) [PSYoungGen: 193006K->23863K(215552K)] 556153K->389071K(739840K), 0.0288072 secs] [Times: user=0.30 sys=0.01, real=0.03 secs] 
2016-09-24T02:11:36.359-0400: 62.436: [GC (GCLocker Initiated GC) [PSYoungGen: 192823K->19951K(213504K)] 566171K->395299K(737792K), 0.0052726 secs] [Times: user=0.04 sys=0.00, real=0.01 secs] 
2016-09-24T02:11:36.546-0400: 62.623: [GC (Allocation Failure) [PSYoungGen: 189935K->23753K(215040K)] 568209K->404123K(739328K), 0.0224511 secs] [Times: user=0.22 sys=0.00, real=0.02 secs] 
2016-09-24T02:11:36.753-0400: 62.830: [GC (GCLocker Initiated GC) [PSYoungGen: 191943K->25477K(213504K)] 575014K->410492K(737792K), 0.0051934 secs] [Times: user=0.04 sys=0.00, real=0.01 secs] 
2016-09-24T02:11:36.938-0400: 63.015: [GC (GCLocker Initiated GC) [PSYoungGen: 198533K->30648K(215552K)] 586370K->420544K(739840K), 0.0075451 secs] [Times: user=0.07 sys=0.00, real=0.01 secs] 
2016-09-24T02:11:37.137-0400: 63.214: [GC (GCLocker Initiated GC) [PSYoungGen: 203704K->25687K(216576K)] 605969K->429994K(740864K), 0.0148437 secs] [Times: user=0.16 sys=0.00, real=0.01 secs] 
2016-09-24T02:11:37.350-0400: 63.427: [GC (GCLocker Initiated GC) [PSYoungGen: 202839K->33641K(218112K)] 616152K->449324K(742400K), 0.0237696 secs] [Times: user=0.19 sys=0.01, real=0.02 secs] 
2016-09-24T02:11:37.585-0400: 63.662: [GC (GCLocker Initiated GC) [PSYoungGen: 210793K->21108K(220160K)] 631998K->444569K(744448K), 0.0229049 secs] [Times: user=0.21 sys=0.00, real=0.02 secs] 
2016-09-24T02:11:37.812-0400: 63.888: [GC (GCLocker Initiated GC) [PSYoungGen: 199284K->27792K(206336K)] 628371K->458847K(730624K), 0.0126481 secs] [Times: user=0.12 sys=0.00, real=0.02 secs] 
2016-09-24T02:11:38.000-0400: 64.076: [GC (GCLocker Initiated GC) [PSYoungGen: 205968K->23786K(220160K)] 639829K->459486K(744448K), 0.0239539 secs] [Times: user=0.24 sys=0.00, real=0.03 secs] 
2016-09-24T02:11:38.220-0400: 64.296: [GC (GCLocker Initiated GC) [PSYoungGen: 202986K->32186K(219136K)] 646831K->477881K(743424K), 0.0056806 secs] [Times: user=0.04 sys=0.00, real=0.01 secs] 
2016-09-24T02:11:38.440-0400: 64.517: [GC (GCLocker Initiated GC) [PSYoungGen: 211386K->14731K(219648K)] 669470K->474996K(743936K), 0.0076101 secs] [Times: user=0.05 sys=0.00, real=0.01 secs] 
2016-09-24T02:11:38.642-0400: 64.719: [GC (GCLocker Initiated GC) [PSYoungGen: 193931K->27995K(220672K)] 662418K->498695K(744960K), 0.0062814 secs] [Times: user=0.04 sys=0.01, real=0.01 secs] 
2016-09-24T02:11:38.855-0400: 64.932: [GC (GCLocker Initiated GC) [PSYoungGen: 207195K->23961K(218624K)] 692761K->511616K(742912K), 0.0050634 secs] [Times: user=0.05 sys=0.00, real=0.00 secs] 
2016-09-24T02:11:39.050-0400: 65.127: [GC (GCLocker Initiated GC) [PSYoungGen: 204185K->27648K(219648K)] 694670K->520054K(743936K), 0.0050179 secs] [Times: user=0.04 sys=0.00, real=0.01 secs] 
2016-09-24T02:11:39.222-0400: 65.299: [GC (GCLocker Initiated GC) [PSYoungGen: 207872K->16803K(222208K)] 701862K->512551K(746496K), 0.0054307 secs] [Times: user=0.04 sys=0.00, real=0.01 secs] 
2016-09-24T02:11:39.411-0400: 65.488: [GC (GCLocker Initiated GC) [PSYoungGen: 200099K->25064K(208384K)] 701460K->528202K(732672K), 0.0055465 secs] [Times: user=0.04 sys=0.00, real=0.01 secs] 
2016-09-24T02:11:39.616-0400: 65.693: [GC (GCLocker Initiated GC) [PSYoungGen: 208360K->35960K(219136K)] 711531K->543601K(743424K), 0.0132602 secs] [Times: user=0.12 sys=0.01, real=0.01 secs] 
2016-09-24T02:11:39.810-0400: 65.887: [Full GC (Ergonomics) [PSYoungGen: 217208K->0K(219136K)] [ParOldGen: 521364K->189848K(524288K)] 738572K->189848K(743424K), [Metaspace: 43662K->43662K(1087488K)], 0.0880403 secs] [Times: user=0.58 sys=0.00, real=0.09 secs] 
2016-09-24T02:11:40.093-0400: 66.170: [GC (GCLocker Initiated GC) [PSYoungGen: 181248K->21130K(221696K)] 380558K->220440K(745984K), 0.0100243 secs] [Times: user=0.06 sys=0.00, real=0.02 secs] 
2016-09-24T02:11:40.282-0400: 66.359: [GC (GCLocker Initiated GC) [PSYoungGen: 202378K->38750K(215040K)] 405828K->252259K(739328K), 0.0201657 secs] [Times: user=0.28 sys=0.01, real=0.02 secs] 
2016-09-24T02:11:40.490-0400: 66.567: [GC (GCLocker Initiated GC) [PSYoungGen: 213854K->29261K(218624K)] 432922K->271645K(742912K), 0.0177463 secs] [Times: user=0.18 sys=0.01, real=0.02 secs] 
2016-09-24T02:11:40.686-0400: 66.763: [GC (GCLocker Initiated GC) [PSYoungGen: 204365K->22097K(216576K)] 446845K->279866K(740864K), 0.0060451 secs] [Times: user=0.04 sys=0.00, real=0.00 secs] 
2016-09-24T02:11:40.868-0400: 66.945: [GC (GCLocker Initiated GC) [PSYoungGen: 198225K->24903K(218112K)] 456937K->301479K(742400K), 0.0151822 secs] [Times: user=0.16 sys=0.00, real=0.02 secs] 
2016-09-24T02:11:41.078-0400: 67.155: [GC (GCLocker Initiated GC) [PSYoungGen: 201031K->15680K(220160K)] 483299K->299549K(744448K), 0.0053056 secs] [Times: user=0.06 sys=0.01, real=0.01 secs] 
2016-09-24T02:11:41.259-0400: 67.336: [GC (GCLocker Initiated GC) [PSYoungGen: 194880K->26104K(205312K)] 481513K->314398K(729600K), 0.0255589 secs] [Times: user=0.23 sys=0.00, real=0.03 secs] 
2016-09-24T02:11:41.475-0400: 67.552: [GC (GCLocker Initiated GC) [PSYoungGen: 205304K->28069K(220160K)] 501850K->325972K(744448K), 0.0248767 secs] [Times: user=0.36 sys=0.00, real=0.02 secs] 
2016-09-24T02:11:41.694-0400: 67.771: [GC (GCLocker Initiated GC) [PSYoungGen: 208293K->33634K(219648K)] 506232K->341668K(743936K), 0.0188805 secs] [Times: user=0.18 sys=0.00, real=0.01 secs] 
2016-09-24T02:11:41.907-0400: 67.983: [GC (GCLocker Initiated GC) [PSYoungGen: 213858K->35044K(217088K)] 523271K->357369K(741376K), 0.0058783 secs] [Times: user=0.05 sys=0.00, real=0.00 secs] 
2016-09-24T02:11:42.095-0400: 68.172: [GC (GCLocker Initiated GC) [PSYoungGen: 211172K->18310K(219136K)] 538922K->364463K(743424K), 0.0394030 secs] [Times: user=0.34 sys=0.01, real=0.04 secs] 
2016-09-24T02:11:42.326-0400: 68.403: [GC (GCLocker Initiated GC) [PSYoungGen: 194438K->33606K(217088K)] 543458K->384505K(741376K), 0.0057102 secs] [Times: user=0.05 sys=0.00, real=0.00 secs] 
2016-09-24T02:11:42.500-0400: 68.577: [GC (GCLocker Initiated GC) [PSYoungGen: 207686K->41491K(216064K)] 558811K->408129K(740352K), 0.0088225 secs] [Times: user=0.09 sys=0.00, real=0.01 secs] 
2016-09-24T02:11:42.692-0400: 68.769: [GC (GCLocker Initiated GC) [PSYoungGen: 215571K->24259K(215040K)] 597163K->407784K(739328K), 0.0152554 secs] [Times: user=0.16 sys=0.01, real=0.02 secs] 
2016-09-24T02:11:42.906-0400: 68.983: [GC (GCLocker Initiated GC) [PSYoungGen: 193219K->19896K(215552K)] 580025K->408880K(739840K), 0.0059080 secs] [Times: user=0.02 sys=0.02, real=0.00 secs] 
2016-09-24T02:11:43.080-0400: 69.157: [GC (GCLocker Initiated GC) [PSYoungGen: 188853K->44164K(207872K)] 580779K->448964K(732160K), 0.0127912 secs] [Times: user=0.16 sys=0.00, real=0.01 secs] 
2016-09-24T02:11:43.268-0400: 69.345: [GC (GCLocker Initiated GC) [PSYoungGen: 205956K->19425K(211968K)] 610791K->431446K(736256K), 0.0146400 secs] [Times: user=0.10 sys=0.01, real=0.02 secs] 
2016-09-24T02:11:43.448-0400: 69.525: [GC (GCLocker Initiated GC) [PSYoungGen: 181217K->27934K(207360K)] 596074K->460675K(731648K), 0.0106033 secs] [Times: user=0.08 sys=0.00, real=0.01 secs] 
2016-09-24T02:11:43.627-0400: 69.704: [GC (GCLocker Initiated GC) [PSYoungGen: 190238K->34558K(209920K)] 628506K->474815K(734208K), 0.0089703 secs] [Times: user=0.08 sys=0.00, real=0.01 secs] 
2016-09-24T02:11:43.806-0400: 69.883: [GC (GCLocker Initiated GC) [PSYoungGen: 196862K->16859K(214016K)] 639940K->480611K(738304K), 0.0063072 secs] [Times: user=0.04 sys=0.00, real=0.00 secs] 
2016-09-24T02:11:43.977-0400: 70.054: [GC (Allocation Failure) [PSYoungGen: 182747K->37111K(203264K)] 650634K->506816K(727552K), 0.0100606 secs] [Times: user=0.09 sys=0.00, real=0.01 secs] 
2016-09-24T02:11:44.146-0400: 70.223: [GC (GCLocker Initiated GC) [PSYoungGen: 201897K->27604K(214528K)] 674301K->517828K(738816K), 0.0141749 secs] [Times: user=0.13 sys=0.00, real=0.01 secs] 
2016-09-24T02:11:44.327-0400: 70.404: [Full GC (Ergonomics) [PSYoungGen: 192468K->0K(214528K)] [ParOldGen: 498483K->227433K(524288K)] 690951K->227433K(738816K), [Metaspace: 43669K->43669K(1087488K)], 0.0552573 secs] [Times: user=0.29 sys=0.02, real=0.05 secs] 
2016-09-24T02:11:44.549-0400: 70.625: [GC (GCLocker Initiated GC) [PSYoungGen: 164864K->37218K(212480K)] 395059K->267413K(736768K), 0.0248274 secs] [Times: user=0.27 sys=0.00, real=0.02 secs] 
2016-09-24T02:11:44.761-0400: 70.838: [GC (GCLocker Initiated GC) [PSYoungGen: 202082K->39812K(208896K)] 432321K->273079K(733184K), 0.0051873 secs] [Times: user=0.04 sys=0.00, real=0.01 secs] 
2016-09-24T02:11:44.926-0400: 71.003: [GC (GCLocker Initiated GC) [PSYoungGen: 199556K->26244K(210944K)] 440952K->274740K(735232K), 0.0082694 secs] [Times: user=0.07 sys=0.00, real=0.00 secs] 
2016-09-24T02:11:45.091-0400: 71.168: [GC (GCLocker Initiated GC) [PSYoungGen: 185988K->30196K(207360K)] 437354K->283258K(731648K), 0.0045391 secs] [Times: user=0.03 sys=0.00, real=0.01 secs] 
2016-09-24T02:11:45.257-0400: 71.334: [GC (GCLocker Initiated GC) [PSYoungGen: 191476K->26179K(209408K)] 445902K->282195K(733696K), 0.0202362 secs] [Times: user=0.18 sys=0.01, real=0.02 secs] 
2016-09-24T02:11:45.464-0400: 71.541: [GC (GCLocker Initiated GC) [PSYoungGen: 187459K->34189K(213504K)] 446190K->297235K(737792K), 0.0079012 secs] [Times: user=0.06 sys=0.00, real=0.00 secs] 
2016-09-24T02:11:45.674-0400: 71.751: [GC (GCLocker Initiated GC) [PSYoungGen: 201613K->30615K(214016K)] 472789K->303244K(738304K), 0.0052519 secs] [Times: user=0.04 sys=0.00, real=0.01 secs] 
2016-09-24T02:11:45.843-0400: 71.920: [GC (GCLocker Initiated GC) [PSYoungGen: 198039K->18247K(214528K)] 470676K->314333K(738816K), 0.0061381 secs] [Times: user=0.05 sys=0.00, real=0.00 secs] 
2016-09-24T02:11:46.025-0400: 72.102: [GC (GCLocker Initiated GC) [PSYoungGen: 187207K->18218K(215040K)] 494137K->326859K(739328K), 0.0043812 secs] [Times: user=0.02 sys=0.00, real=0.00 secs] 
2016-09-24T02:11:46.207-0400: 72.284: [GC (GCLocker Initiated GC) [PSYoungGen: 187178K->28964K(212992K)] 501248K->344804K(737280K), 0.0123758 secs] [Times: user=0.10 sys=0.00, real=0.01 secs] 
2016-09-24T02:11:46.386-0400: 72.463: [GC (GCLocker Initiated GC) [PSYoungGen: 198948K->38097K(214528K)] 514820K->363746K(738816K), 0.0135122 secs] [Times: user=0.13 sys=0.00, real=0.01 secs] 
2016-09-24T02:11:46.572-0400: 72.649: [GC (GCLocker Initiated GC) [PSYoungGen: 208081K->32948K(215552K)] 539200K->368070K(739840K), 0.0182814 secs] [Times: user=0.16 sys=0.00, real=0.02 secs] 
2016-09-24T02:11:46.755-0400: 72.831: [GC (GCLocker Initiated GC) [PSYoungGen: 201908K->20784K(189952K)] 539829K->387236K(714240K), 0.0058801 secs] [Times: user=0.05 sys=0.00, real=0.00 secs] 
2016-09-24T02:11:46.936-0400: 73.013: [GC (GCLocker Initiated GC) [PSYoungGen: 189744K->24713K(216064K)] 556230K->392683K(740352K), 0.0050171 secs] [Times: user=0.03 sys=0.00, real=0.00 secs] 
2016-09-24T02:11:47.108-0400: 73.185: [GC (Allocation Failure) [PSYoungGen: 194697K->22033K(215040K)] 570870K->418509K(739328K), 0.0067073 secs] [Times: user=0.04 sys=0.00, real=0.01 secs] 
2016-09-24T02:11:47.292-0400: 73.369: [GC (GCLocker Initiated GC) [PSYoungGen: 192017K->29974K(216064K)] 588494K->427946K(740352K), 0.0052652 secs] [Times: user=0.04 sys=0.00, real=0.01 secs] 
2016-09-24T02:11:47.452-0400: 73.529: [GC (GCLocker Initiated GC) [PSYoungGen: 202006K->36740K(215552K)] 602714K->438768K(739840K), 0.0096656 secs] [Times: user=0.09 sys=0.00, real=0.01 secs] 
2016-09-24T02:11:47.622-0400: 73.699: [GC (GCLocker Initiated GC) [PSYoungGen: 208772K->27477K(217088K)] 617575K->437520K(741376K), 0.0093177 secs] [Times: user=0.08 sys=0.00, real=0.00 secs] 
2016-09-24T02:11:47.787-0400: 73.864: [GC (GCLocker Initiated GC) [PSYoungGen: 200021K->27536K(200192K)] 616843K->462001K(724480K), 0.0120793 secs] [Times: user=0.12 sys=0.00, real=0.01 secs] 
2016-09-24T02:11:47.950-0400: 74.027: [GC (GCLocker Initiated GC) [PSYoungGen: 200080K->24597K(216576K)] 637440K->484979K(740864K), 0.0126484 secs] [Times: user=0.13 sys=0.01, real=0.02 secs] 
2016-09-24T02:11:48.129-0400: 74.206: [GC (GCLocker Initiated GC) [PSYoungGen: 198677K->35676K(216064K)] 668556K->506818K(740352K), 0.0222982 secs] [Times: user=0.26 sys=0.01, real=0.02 secs] 
2016-09-24T02:11:48.316-0400: 74.393: [GC (Allocation Failure) [PSYoungGen: 209756K->24566K(219136K)] 680919K->499979K(743424K), 0.0081452 secs] [Times: user=0.06 sys=0.00, real=0.01 secs] 
2016-09-24T02:11:48.467-0400: 74.544: [GC (GCLocker Initiated GC) [PSYoungGen: 200694K->32480K(218624K)] 676109K->528196K(742912K), 0.0402417 secs] [Times: user=0.43 sys=0.00, real=0.04 secs] 
2016-09-24T02:11:48.508-0400: 74.584: [Full GC (Ergonomics) [PSYoungGen: 32480K->0K(218624K)] [ParOldGen: 495715K->208768K(524288K)] 528196K->208768K(742912K), [Metaspace: 43689K->43689K(1087488K)], 0.0915593 secs] [Times: user=0.85 sys=0.01, real=0.09 secs] 
2016-09-24T02:11:48.764-0400: 74.841: [GC (GCLocker Initiated GC) [PSYoungGen: 176128K->30251K(218112K)] 390429K->244552K(742400K), 0.0069074 secs] [Times: user=0.07 sys=0.00, real=0.00 secs] 
2016-09-24T02:11:48.939-0400: 75.016: [GC (GCLocker Initiated GC) [PSYoungGen: 206891K->26023K(218624K)] 421218K->243249K(742912K), 0.0088266 secs] [Times: user=0.09 sys=0.01, real=0.01 secs] 
2016-09-24T02:11:49.112-0400: 75.189: [GC (GCLocker Initiated GC) [PSYoungGen: 202663K->39881K(215040K)] 419911K->263884K(739328K), 0.0087406 secs] [Times: user=0.11 sys=0.00, real=0.01 secs] 
2016-09-24T02:11:49.312-0400: 75.389: [GC (GCLocker Initiated GC) [PSYoungGen: 213961K->21008K(218112K)] 451471K->260094K(742400K), 0.0076539 secs] [Times: user=0.11 sys=0.00, real=0.01 secs] 
2016-09-24T02:11:49.495-0400: 75.572: [GC (GCLocker Initiated GC) [PSYoungGen: 195088K->22045K(218112K)] 441378K->269827K(742400K), 0.0447788 secs] [Times: user=0.45 sys=0.00, real=0.04 secs] 
2016-09-24T02:11:49.701-0400: 75.778: [GC (GCLocker Initiated GC) [PSYoungGen: 196125K->24620K(199168K)] 449473K->279419K(723456K), 0.0056006 secs] [Times: user=0.03 sys=0.01, real=0.01 secs] 
2016-09-24T02:11:49.897-0400: 75.974: [GC (GCLocker Initiated GC) [PSYoungGen: 198700K->21974K(217600K)] 458922K->294345K(741888K), 0.0187936 secs] [Times: user=0.21 sys=0.00, real=0.02 secs] 
2016-09-24T02:11:50.070-0400: 76.147: [GC (GCLocker Initiated GC) [PSYoungGen: 196566K->42089K(217088K)] 468970K->321233K(741376K), 0.0136428 secs] [Times: user=0.12 sys=0.01, real=0.02 secs] 
2016-09-24T02:11:50.241-0400: 76.318: [GC (GCLocker Initiated GC) [PSYoungGen: 216681K->27545K(217088K)] 498759K->332417K(741376K), 0.0060584 secs] [Times: user=0.07 sys=0.00, real=0.01 secs] 
2016-09-24T02:11:50.412-0400: 76.489: [GC (GCLocker Initiated GC) [PSYoungGen: 199577K->32913K(217088K)] 507155K->341862K(741376K), 0.0076290 secs] [Times: user=0.09 sys=0.01, real=0.01 secs] 
2016-09-24T02:11:50.575-0400: 76.652: [GC (GCLocker Initiated GC) [PSYoungGen: 204945K->12504K(215040K)] 524776K->344501K(739328K), 0.0209573 secs] [Times: user=0.17 sys=0.01, real=0.02 secs] 
2016-09-24T02:11:50.761-0400: 76.837: [GC (GCLocker Initiated GC) [PSYoungGen: 182488K->27378K(197632K)] 517199K->363486K(721920K), 0.0247083 secs] [Times: user=0.26 sys=0.00, real=0.03 secs] 
2016-09-24T02:11:50.963-0400: 77.039: [GC (GCLocker Initiated GC) [PSYoungGen: 197362K->32470K(215552K)] 538940K->375311K(739840K), 0.0104806 secs] [Times: user=0.10 sys=0.00, real=0.00 secs] 
2016-09-24T02:11:51.133-0400: 77.210: [GC (GCLocker Initiated GC) [PSYoungGen: 203478K->30015K(215552K)] 551946K->379582K(739840K), 0.0105044 secs] [Times: user=0.10 sys=0.00, real=0.02 secs] 
2016-09-24T02:11:51.312-0400: 77.389: [GC (GCLocker Initiated GC) [PSYoungGen: 201023K->32925K(216064K)] 558923K->392170K(740352K), 0.0198918 secs] [Times: user=0.28 sys=0.00, real=0.02 secs] 
2016-09-24T02:11:51.507-0400: 77.584: [GC (GCLocker Initiated GC) [PSYoungGen: 205469K->30200K(216576K)] 564878K->391041K(740864K), 0.0137621 secs] [Times: user=0.11 sys=0.01, real=0.01 secs] 
2016-09-24T02:11:51.696-0400: 77.773: [GC (GCLocker Initiated GC) [PSYoungGen: 202744K->33177K(217600K)] 569018K->401045K(741888K), 0.0113354 secs] [Times: user=0.12 sys=0.00, real=0.01 secs] 
2016-09-24T02:11:51.888-0400: 77.965: [GC (GCLocker Initiated GC) [PSYoungGen: 207769K->32735K(217600K)] 575664K->402276K(741888K), 0.0104244 secs] [Times: user=0.07 sys=0.00, real=0.01 secs] 
2016-09-24T02:11:52.077-0400: 78.153: [GC (GCLocker Initiated GC) [PSYoungGen: 207327K->24951K(218112K)] 584972K->425698K(742400K), 0.0277215 secs] [Times: user=0.28 sys=0.00, real=0.03 secs] 
2016-09-24T02:11:52.276-0400: 78.352: [GC (GCLocker Initiated GC) [PSYoungGen: 201079K->33222K(218624K)] 601828K->435540K(742912K), 0.0331412 secs] [Times: user=0.47 sys=0.00, real=0.03 secs] 
2016-09-24T02:11:52.484-0400: 78.561: [GC (GCLocker Initiated GC) [PSYoungGen: 209350K->35784K(217088K)] 611805K->439883K(741376K), 0.0099582 secs] [Times: user=0.10 sys=0.00, real=0.00 secs] 
2016-09-24T02:11:52.656-0400: 78.733: [GC (GCLocker Initiated GC) [PSYoungGen: 209864K->37415K(211968K)] 613971K->462272K(736256K), 0.0115120 secs] [Times: user=0.13 sys=0.00, real=0.01 secs] 
2016-09-24T02:11:52.844-0400: 78.921: [GC (GCLocker Initiated GC) [PSYoungGen: 211495K->34686K(217088K)] 641893K->466847K(741376K), 0.0101354 secs] [Times: user=0.13 sys=0.00, real=0.00 secs] 
2016-09-24T02:11:53.044-0400: 79.120: [GC (GCLocker Initiated GC) [PSYoungGen: 206718K->1928K(174080K)] 659316K->456372K(698368K), 0.0275471 secs] [Times: user=0.29 sys=0.01, real=0.02 secs] 
2016-09-24T02:11:53.244-0400: 79.321: [GC (GCLocker Initiated GC) [PSYoungGen: 173960K->27598K(215040K)] 636619K->491734K(739328K), 0.0106656 secs] [Times: user=0.10 sys=0.00, real=0.01 secs] 
2016-09-24T02:11:53.406-0400: 79.483: [GC (GCLocker Initiated GC) [PSYoungGen: 193998K->35758K(213504K)] 666361K->509708K(737792K), 0.0201825 secs] [Times: user=0.22 sys=0.00, real=0.02 secs] 
2016-09-24T02:11:53.585-0400: 79.662: [GC (GCLocker Initiated GC) [PSYoungGen: 202158K->27456K(212992K)] 679763K->506623K(737280K), 0.0060736 secs] [Times: user=0.04 sys=0.00, real=0.00 secs] 
2016-09-24T02:11:53.750-0400: 79.827: [GC (GCLocker Initiated GC) [PSYoungGen: 194880K->21620K(213504K)] 676795K->505013K(737792K), 0.0053994 secs] [Times: user=0.04 sys=0.00, real=0.01 secs] 
2016-09-24T02:11:53.927-0400: 80.004: [GC (GCLocker Initiated GC) [PSYoungGen: 189044K->32978K(216064K)] 680566K->525661K(740352K), 0.0051304 secs] [Times: user=0.05 sys=0.00, real=0.00 secs] 
2016-09-24T02:11:54.111-0400: 80.188: [GC (GCLocker Initiated GC) [PSYoungGen: 203474K->33279K(216064K)] 704429K->535714K(740352K), 0.0084585 secs] [Times: user=0.11 sys=0.00, real=0.01 secs] 
2016-09-24T02:11:54.294-0400: 80.371: [GC (GCLocker Initiated GC) [PSYoungGen: 203775K->38629K(212992K)] 708912K->545523K(737280K), 0.0101131 secs] [Times: user=0.11 sys=0.00, real=0.01 secs] 
2016-09-24T02:11:54.487-0400: 80.564: [Full GC (Ergonomics) [PSYoungGen: 205541K->0K(212992K)] [ParOldGen: 509787K->167843K(524288K)] 715328K->167843K(737280K), [Metaspace: 43705K->43705K(1087488K)], 0.0762741 secs] [Times: user=0.49 sys=0.00, real=0.08 secs] 
2016-09-24T02:11:54.727-0400: 80.804: [GC (GCLocker Initiated GC) [PSYoungGen: 166912K->37277K(204288K)] 334768K->205134K(728576K), 0.0063942 secs] [Times: user=0.06 sys=0.00, real=0.00 secs] 
2016-09-24T02:11:54.897-0400: 80.974: [GC (GCLocker Initiated GC) [PSYoungGen: 204189K->19371K(213504K)] 376169K->201300K(737792K), 0.0325349 secs] [Times: user=0.35 sys=0.00, real=0.03 secs] 
2016-09-24T02:11:55.109-0400: 81.186: [GC (GCLocker Initiated GC) [PSYoungGen: 184235K->45442K(210432K)] 366171K->228895K(734720K), 0.0051474 secs] [Times: user=0.06 sys=0.00, real=0.01 secs] 
2016-09-24T02:11:55.283-0400: 81.360: [GC (GCLocker Initiated GC) [PSYoungGen: 210306K->13145K(206336K)] 399162K->203659K(730624K), 0.0267559 secs] [Times: user=0.31 sys=0.00, real=0.02 secs] 
2016-09-24T02:11:55.465-0400: 81.542: [GC (GCLocker Initiated GC) [PSYoungGen: 167769K->34667K(208384K)] 366456K->235219K(732672K), 0.0064047 secs] [Times: user=0.09 sys=0.00, real=0.00 secs] 
2016-09-24T02:11:55.663-0400: 81.740: [GC (GCLocker Initiated GC) [PSYoungGen: 189291K->25497K(204800K)] 398014K->235983K(729088K), 0.0162468 secs] [Times: user=0.18 sys=0.00, real=0.01 secs] 
2016-09-24T02:11:55.855-0400: 81.932: [GC (GCLocker Initiated GC) [PSYoungGen: 180633K->42917K(206848K)] 394072K->258448K(731136K), 0.0060539 secs] [Times: user=0.08 sys=0.00, real=0.00 secs] 
2016-09-24T02:11:56.024-0400: 82.101: [GC (GCLocker Initiated GC) [PSYoungGen: 198053K->40275K(204800K)] 420382K->264558K(729088K), 0.0115443 secs] [Times: user=0.12 sys=0.00, real=0.01 secs] 
2016-09-24T02:11:56.206-0400: 82.283: [GC (GCLocker Initiated GC) [PSYoungGen: 190803K->15498K(206336K)] 417833K->260587K(730624K), 0.0094130 secs] [Times: user=0.08 sys=0.00, real=0.01 secs] 
2016-09-24T02:11:56.370-0400: 82.446: [GC (GCLocker Initiated GC) [PSYoungGen: 166026K->39876K(203264K)] 417958K->293614K(727552K), 0.0052576 secs] [Times: user=0.06 sys=0.01, real=0.01 secs] 
2016-09-24T02:11:56.528-0400: 82.604: [GC (GCLocker Initiated GC) [PSYoungGen: 187332K->36887K(204800K)] 441106K->292120K(729088K), 0.0051810 secs] [Times: user=0.05 sys=0.00, real=0.00 secs] 
2016-09-24T02:11:56.688-0400: 82.765: [GC (GCLocker Initiated GC) [PSYoungGen: 184343K->46614K(199168K)] 442342K->308779K(723456K), 0.0117043 secs] [Times: user=0.13 sys=0.00, real=0.01 secs] 
2016-09-24T02:11:56.863-0400: 82.939: [GC (GCLocker Initiated GC) [PSYoungGen: 188950K->35702K(202240K)] 451178K->302214K(726528K), 0.0198722 secs] [Times: user=0.23 sys=0.01, real=0.02 secs] 
2016-09-24T02:11:57.058-0400: 83.135: [GC (GCLocker Initiated GC) [PSYoungGen: 178038K->25054K(199168K)] 444587K->317599K(723456K), 0.0140196 secs] [Times: user=0.15 sys=0.01, real=0.01 secs] 
2016-09-24T02:11:57.222-0400: 83.299: [GC (GCLocker Initiated GC) [PSYoungGen: 169438K->38225K(201216K)] 461992K->332355K(725504K), 0.0132672 secs] [Times: user=0.12 sys=0.00, real=0.02 secs] 
2016-09-24T02:11:57.387-0400: 83.464: [GC (GCLocker Initiated GC) [PSYoungGen: 182609K->35564K(202240K)] 479535K->333977K(726528K), 0.0454131 secs] [Times: user=0.52 sys=0.01, real=0.04 secs] 
2016-09-24T02:11:57.596-0400: 83.672: [GC (GCLocker Initiated GC) [PSYoungGen: 184044K->36852K(203776K)] 482618K->336808K(728064K), 0.0253181 secs] [Times: user=0.26 sys=0.00, real=0.02 secs] 
2016-09-24T02:11:57.793-0400: 83.870: [GC (GCLocker Initiated GC) [PSYoungGen: 185332K->24949K(205312K)] 488195K->329301K(729600K), 0.0175685 secs] [Times: user=0.17 sys=0.00, real=0.02 secs] 
2016-09-24T02:11:57.969-0400: 84.046: [GC (GCLocker Initiated GC) [PSYoungGen: 177525K->30281K(206336K)] 484650K->339181K(730624K), 0.0103205 secs] [Times: user=0.09 sys=0.00, real=0.01 secs] 
2016-09-24T02:11:58.141-0400: 84.218: [GC (GCLocker Initiated GC) [PSYoungGen: 182857K->27810K(206848K)] 497189K->343809K(731136K), 0.0153204 secs] [Times: user=0.17 sys=0.00, real=0.02 secs] 
2016-09-24T02:11:58.324-0400: 84.401: [GC (GCLocker Initiated GC) [PSYoungGen: 183970K->35856K(207360K)] 499975K->353701K(731648K), 0.0116351 secs] [Times: user=0.12 sys=0.00, real=0.01 secs] 
2016-09-24T02:11:58.495-0400: 84.572: [GC (GCLocker Initiated GC) [PSYoungGen: 192016K->29040K(207872K)] 509894K->359456K(732160K), 0.0175905 secs] [Times: user=0.15 sys=0.00, real=0.01 secs] 
2016-09-24T02:11:58.691-0400: 84.767: [GC (GCLocker Initiated GC) [PSYoungGen: 189296K->10233K(209408K)] 531976K->373565K(733696K), 0.0096529 secs] [Times: user=0.08 sys=0.00, real=0.01 secs] 
2016-09-24T02:11:58.866-0400: 84.943: [GC (GCLocker Initiated GC) [PSYoungGen: 170489K->34364K(211456K)] 533862K->399646K(735744K), 0.0326060 secs] [Times: user=0.33 sys=0.02, real=0.03 secs] 
2016-09-24T02:11:59.090-0400: 85.167: [GC (GCLocker Initiated GC) [PSYoungGen: 194620K->12677K(173056K)] 568047K->401305K(697344K), 0.0151998 secs] [Times: user=0.14 sys=0.00, real=0.02 secs] 
2016-09-24T02:11:59.276-0400: 85.353: [GC (Allocation Failure) [PSYoungGen: 172933K->31928K(211456K)] 561690K->422378K(735744K), 0.0213880 secs] [Times: user=0.24 sys=0.00, real=0.02 secs] 
2016-09-24T02:11:59.459-0400: 85.536: [GC (GCLocker Initiated GC) [PSYoungGen: 190120K->31747K(192000K)] 583270K->426678K(716288K), 0.0254602 secs] [Times: user=0.24 sys=0.01, real=0.03 secs] 
2016-09-24T02:11:59.657-0400: 85.734: [GC (GCLocker Initiated GC) [PSYoungGen: 191491K->27688K(210944K)] 586432K->424364K(735232K), 0.0221035 secs] [Times: user=0.23 sys=0.00, real=0.02 secs] 
2016-09-24T02:11:59.846-0400: 85.923: [GC (GCLocker Initiated GC) [PSYoungGen: 188968K->27888K(209408K)] 595107K->435785K(733696K), 0.0210860 secs] [Times: user=0.20 sys=0.00, real=0.02 secs] 
2016-09-24T02:12:00.043-0400: 86.120: [GC (GCLocker Initiated GC) [PSYoungGen: 189168K->28814K(211968K)] 597101K->438569K(736256K), 0.0094807 secs] [Times: user=0.08 sys=0.00, real=0.00 secs] 
2016-09-24T02:12:00.258-0400: 86.335: [GC (GCLocker Initiated GC) [PSYoungGen: 194702K->40275K(210432K)] 608671K->455834K(734720K), 0.0095400 secs] [Times: user=0.08 sys=0.01, real=0.01 secs] 
2016-09-24T02:12:00.460-0400: 86.536: [GC (GCLocker Initiated GC) [PSYoungGen: 206163K->25067K(215552K)] 621837K->442720K(739840K), 0.0075559 secs] [Times: user=0.05 sys=0.01, real=0.01 secs] 
2016-09-24T02:12:00.645-0400: 86.722: [GC (GCLocker Initiated GC) [PSYoungGen: 193515K->33297K(202240K)] 613890K->455493K(726528K), 0.0061794 secs] [Times: user=0.05 sys=0.00, real=0.00 secs] 
2016-09-24T02:12:00.822-0400: 86.899: [GC (GCLocker Initiated GC) [PSYoungGen: 201745K->23725K(215040K)] 626748K->450615K(739328K), 0.0168340 secs] [Times: user=0.14 sys=0.01, real=0.01 secs] 
2016-09-24T02:12:01.020-0400: 87.097: [GC (GCLocker Initiated GC) [PSYoungGen: 192685K->27509K(214528K)] 625094K->464479K(738816K), 0.0124826 secs] [Times: user=0.12 sys=0.00, real=0.01 secs] 
2016-09-24T02:12:01.225-0400: 87.301: [GC (GCLocker Initiated GC) [PSYoungGen: 196469K->43932K(210432K)] 633530K->482524K(734720K), 0.0071515 secs] [Times: user=0.07 sys=0.00, real=0.00 secs] 
2016-09-24T02:12:01.408-0400: 87.484: [GC (GCLocker Initiated GC) [PSYoungGen: 209820K->38506K(204800K)] 648440K->478872K(729088K), 0.0082838 secs] [Times: user=0.08 sys=0.00, real=0.01 secs] 
2016-09-24T02:12:01.596-0400: 87.673: [GC (GCLocker Initiated GC) [PSYoungGen: 204394K->29297K(214016K)] 648904K->480951K(738304K), 0.0123210 secs] [Times: user=0.12 sys=0.00, real=0.01 secs] 
2016-09-24T02:12:01.779-0400: 87.856: [GC (GCLocker Initiated GC) [PSYoungGen: 193649K->14170K(212480K)] 657933K->480312K(736768K), 0.0236360 secs] [Times: user=0.26 sys=0.00, real=0.03 secs] 
2016-09-24T02:12:01.963-0400: 88.040: [GC (GCLocker Initiated GC) [PSYoungGen: 178522K->27427K(211968K)] 647392K->498030K(736256K), 0.0106988 secs] [Times: user=0.07 sys=0.00, real=0.00 secs] 
2016-09-24T02:12:02.154-0400: 88.231: [GC (Allocation Failure) [PSYoungGen: 192291K->25028K(212480K)] 673916K->508134K(736768K), 0.0047917 secs] [Times: user=0.04 sys=0.01, real=0.01 secs] 
2016-09-24T02:12:02.329-0400: 88.406: [GC (GCLocker Initiated GC) [PSYoungGen: 189892K->22237K(214016K)] 673000K->507023K(738304K), 0.0081396 secs] [Times: user=0.07 sys=0.00, real=0.01 secs] 
2016-09-24T02:12:02.505-0400: 88.582: [GC (GCLocker Initiated GC) [PSYoungGen: 190173K->29398K(214016K)] 688499K->529399K(738304K), 0.0141344 secs] [Times: user=0.14 sys=0.01, real=0.01 secs] 
2016-09-24T02:12:02.723-0400: 88.800: [GC (GCLocker Initiated GC) [PSYoungGen: 197334K->21161K(215040K)] 708138K->533891K(739328K), 0.0096298 secs] [Times: user=0.07 sys=0.00, real=0.00 secs] 
2016-09-24T02:12:02.899-0400: 88.976: [GC (GCLocker Initiated GC) [PSYoungGen: 191657K->30240K(214528K)] 704498K->545086K(738816K), 0.0099169 secs] [Times: user=0.08 sys=0.00, real=0.01 secs] 
2016-09-24T02:12:03.084-0400: 89.161: [Full GC (Ergonomics) [PSYoungGen: 200736K->0K(214528K)] [ParOldGen: 521640K->163025K(524288K)] 722377K->163025K(738816K), [Metaspace: 43707K->43707K(1087488K)], 0.1033792 secs] [Times: user=0.76 sys=0.01, real=0.10 secs] 
2016-09-24T02:12:03.363-0400: 89.440: [GC (Allocation Failure) [PSYoungGen: 170496K->22578K(217600K)] 340612K->192694K(741888K), 0.0118513 secs] [Times: user=0.11 sys=0.00, real=0.01 secs] 
2016-09-24T02:12:03.527-0400: 89.604: [GC (GCLocker Initiated GC) [PSYoungGen: 195436K->37263K(217088K)] 368253K->212063K(741376K), 0.0098697 secs] [Times: user=0.08 sys=0.01, real=0.01 secs] 
2016-09-24T02:12:03.705-0400: 89.781: [GC (GCLocker Initiated GC) [PSYoungGen: 211343K->30235K(218112K)] 386359K->207110K(742400K), 0.0059255 secs] [Times: user=0.04 sys=0.00, real=0.00 secs] 
2016-09-24T02:12:03.870-0400: 89.947: [GC (GCLocker Initiated GC) [PSYoungGen: 203291K->26348K(199680K)] 388489K->213127K(723968K), 0.0154879 secs] [Times: user=0.16 sys=0.00, real=0.02 secs] 
2016-09-24T02:12:04.038-0400: 90.115: [GC (GCLocker Initiated GC) [PSYoungGen: 199404K->32641K(216064K)] 386186K->221102K(740352K), 0.0055445 secs] [Times: user=0.04 sys=0.01, real=0.01 secs] 
2016-09-24T02:12:04.206-0400: 90.283: [GC (Allocation Failure) [PSYoungGen: 205697K->23458K(216064K)] 403778K->222745K(740352K), 0.0186666 secs] [Times: user=0.17 sys=0.01, real=0.02 secs] 
2016-09-24T02:12:04.380-0400: 90.457: [GC (GCLocker Initiated GC) [PSYoungGen: 196514K->34239K(217600K)] 395808K->235062K(741888K), 0.0054084 secs] [Times: user=0.04 sys=0.00, real=0.01 secs] 
2016-09-24T02:12:04.555-0400: 90.632: [GC (GCLocker Initiated GC) [PSYoungGen: 209343K->23365K(218624K)] 410455K->225967K(742912K), 0.0181552 secs] [Times: user=0.14 sys=0.01, real=0.01 secs] 
2016-09-24T02:12:04.739-0400: 90.816: [GC (GCLocker Initiated GC) [PSYoungGen: 198469K->20845K(217088K)] 414574K->238411K(741376K), 0.0090227 secs] [Times: user=0.08 sys=0.00, real=0.01 secs] 
2016-09-24T02:12:04.910-0400: 90.987: [GC (GCLocker Initiated GC) [PSYoungGen: 196461K->23320K(218112K)] 420850K->249306K(742400K), 0.0055380 secs] [Times: user=0.05 sys=0.00, real=0.01 secs] 
2016-09-24T02:12:05.068-0400: 91.145: [GC (GCLocker Initiated GC) [PSYoungGen: 198936K->40761K(212992K)] 427825K->273630K(737280K), 0.0115766 secs] [Times: user=0.11 sys=0.00, real=0.01 secs] 
2016-09-24T02:12:05.237-0400: 91.314: [GC (GCLocker Initiated GC) [PSYoungGen: 211769K->34124K(205312K)] 444879K->268428K(729600K), 0.0079127 secs] [Times: user=0.06 sys=0.00, real=0.01 secs] 
2016-09-24T02:12:05.400-0400: 91.477: [GC (GCLocker Initiated GC) [PSYoungGen: 205132K->30076K(217600K)] 439478K->265886K(741888K), 0.0066205 secs] [Times: user=0.05 sys=0.00, real=0.01 secs] 
2016-09-24T02:12:05.561-0400: 91.638: [GC (GCLocker Initiated GC) [PSYoungGen: 201596K->32838K(216064K)] 440220K->272863K(740352K), 0.0185043 secs] [Times: user=0.19 sys=0.00, real=0.02 secs] 
2016-09-24T02:12:05.747-0400: 91.824: [GC (GCLocker Initiated GC) [PSYoungGen: 204358K->12533K(214528K)] 460875K->270489K(738816K), 0.0055716 secs] [Times: user=0.04 sys=0.00, real=0.00 secs] 
2016-09-24T02:12:05.897-0400: 91.974: [GC (GCLocker Initiated GC) [PSYoungGen: 182517K->41129K(211456K)] 446018K->306132K(735744K), 0.0118744 secs] [Times: user=0.16 sys=0.00, real=0.01 secs] 
2016-09-24T02:12:06.077-0400: 92.154: [GC (GCLocker Initiated GC) [PSYoungGen: 211113K->23562K(214016K)] 482954K->313041K(738304K), 0.0084493 secs] [Times: user=0.10 sys=0.00, real=0.01 secs] 
2016-09-24T02:12:06.242-0400: 92.319: [GC (GCLocker Initiated GC) [PSYoungGen: 188426K->25990K(190976K)] 480835K->319856K(715264K), 0.0047858 secs] [Times: user=0.05 sys=0.00, real=0.01 secs] 
2016-09-24T02:12:06.402-0400: 92.479: [GC (GCLocker Initiated GC) [PSYoungGen: 190854K->27489K(212992K)] 489868K->327833K(737280K), 0.0131988 secs] [Times: user=0.12 sys=0.00, real=0.01 secs] 
2016-09-24T02:12:06.585-0400: 92.661: [GC (GCLocker Initiated GC) [PSYoungGen: 193889K->25194K(211456K)] 499667K->332579K(735744K), 0.0069792 secs] [Times: user=0.08 sys=0.00, real=0.00 secs] 
2016-09-24T02:12:06.768-0400: 92.845: [GC (GCLocker Initiated GC) [PSYoungGen: 191594K->30564K(215552K)] 505860K->365559K(739840K), 0.0068508 secs] [Times: user=0.07 sys=0.01, real=0.01 secs] 
2016-09-24T02:12:06.939-0400: 93.015: [GC (GCLocker Initiated GC) [PSYoungGen: 202084K->19542K(214528K)] 540908K->360124K(738816K), 0.0099622 secs] [Times: user=0.07 sys=0.01, real=0.01 secs] 
2016-09-24T02:12:07.103-0400: 93.180: [GC (GCLocker Initiated GC) [PSYoungGen: 191062K->30186K(218624K)] 541127K->381971K(742912K), 0.0178272 secs] [Times: user=0.21 sys=0.00, real=0.01 secs] 
2016-09-24T02:12:07.288-0400: 93.365: [GC (GCLocker Initiated GC) [PSYoungGen: 205802K->21983K(218112K)] 561717K->379359K(742400K), 0.0116775 secs] [Times: user=0.14 sys=0.00, real=0.01 secs] 
2016-09-24T02:12:07.446-0400: 93.523: [GC (GCLocker Initiated GC) [PSYoungGen: 197599K->40821K(212992K)] 555003K->402284K(737280K), 0.0054882 secs] [Times: user=0.04 sys=0.00, real=0.00 secs] 
2016-09-24T02:12:07.598-0400: 93.675: [GC (GCLocker Initiated GC) [PSYoungGen: 211829K->35384K(206848K)] 573321K->414403K(731136K), 0.0125342 secs] [Times: user=0.16 sys=0.00, real=0.01 secs] 
2016-09-24T02:12:07.768-0400: 93.845: [GC (GCLocker Initiated GC) [PSYoungGen: 206392K->45066K(207360K)] 585486K->430837K(731648K), 0.0133831 secs] [Times: user=0.14 sys=0.00, real=0.01 secs] 
2016-09-24T02:12:07.930-0400: 94.007: [GC (GCLocker Initiated GC) [PSYoungGen: 205834K->13703K(174592K)] 597011K->406366K(698880K), 0.0071291 secs] [Times: user=0.03 sys=0.02, real=0.01 secs] 
2016-09-24T02:12:08.083-0400: 94.159: [GC (GCLocker Initiated GC) [PSYoungGen: 174471K->24420K(211968K)] 573876K->425181K(736256K), 0.0174317 secs] [Times: user=0.19 sys=0.00, real=0.01 secs] 
2016-09-24T02:12:08.240-0400: 94.317: [GC (GCLocker Initiated GC) [PSYoungGen: 184676K->8253K(210432K)] 593819K->434777K(734720K), 0.0189942 secs] [Times: user=0.24 sys=0.00, real=0.02 secs] 
2016-09-24T02:12:08.403-0400: 94.480: [GC (GCLocker Initiated GC) [PSYoungGen: 168509K->44940K(202240K)] 595102K->472811K(726528K), 0.0058242 secs] [Times: user=0.07 sys=0.00, real=0.00 secs] 
2016-09-24T02:12:08.557-0400: 94.634: [GC (GCLocker Initiated GC) [PSYoungGen: 195468K->23436K(206336K)] 623468K->452756K(730624K), 0.0104942 secs] [Times: user=0.15 sys=0.00, real=0.01 secs] 
2016-09-24T02:12:08.707-0400: 94.784: [GC (GCLocker Initiated GC) [PSYoungGen: 173964K->23472K(201216K)] 610264K->461103K(725504K), 0.0048970 secs] [Times: user=0.05 sys=0.00, real=0.00 secs] 
2016-09-24T02:12:08.854-0400: 94.931: [GC (GCLocker Initiated GC) [PSYoungGen: 176048K->41049K(204800K)] 613687K->480064K(729088K), 0.0129767 secs] [Times: user=0.16 sys=0.00, real=0.01 secs] 
2016-09-24T02:12:09.007-0400: 95.083: [GC (GCLocker Initiated GC) [PSYoungGen: 193625K->36674K(206336K)] 635372K->479808K(730624K), 0.0385562 secs] [Times: user=0.42 sys=0.01, real=0.04 secs] 
2016-09-24T02:12:09.181-0400: 95.258: [GC (GCLocker Initiated GC) [PSYoungGen: 188226K->27025K(178688K)] 631387K->474044K(702976K), 0.0182517 secs] [Times: user=0.18 sys=0.00, real=0.02 secs] 
2016-09-24T02:12:09.349-0400: 95.426: [GC (GCLocker Initiated GC) [PSYoungGen: 178577K->27235K(207360K)] 625826K->494560K(731648K), 0.0137652 secs] [Times: user=0.14 sys=0.00, real=0.02 secs] 
2016-09-24T02:12:09.511-0400: 95.588: [GC (GCLocker Initiated GC) [PSYoungGen: 181347K->22126K(205312K)] 658307K->500391K(729600K), 0.0187766 secs] [Times: user=0.21 sys=0.00, real=0.02 secs] 
2016-09-24T02:12:09.670-0400: 95.747: [GC (GCLocker Initiated GC) [PSYoungGen: 176238K->28788K(208896K)] 660003K->513933K(733184K), 0.0122500 secs] [Times: user=0.08 sys=0.00, real=0.02 secs] 
2016-09-24T02:12:09.830-0400: 95.907: [GC (GCLocker Initiated GC) [PSYoungGen: 188532K->38335K(207872K)] 677062K->528333K(732160K), 0.0108422 secs] [Times: user=0.16 sys=0.01, real=0.01 secs] 
2016-09-24T02:12:10.018-0400: 96.095: [GC (GCLocker Initiated GC) [PSYoungGen: 198079K->13726K(210432K)] 693513K->510445K(734720K), 0.0049556 secs] [Times: user=0.03 sys=0.01, real=0.01 secs] 
2016-09-24T02:12:10.174-0400: 96.251: [GC (GCLocker Initiated GC) [PSYoungGen: 174494K->40972K(202240K)] 671264K->549935K(726528K), 0.0059500 secs] [Times: user=0.06 sys=0.00, real=0.01 secs] 
2016-09-24T02:12:10.180-0400: 96.257: [Full GC (Ergonomics) [PSYoungGen: 40972K->0K(202240K)] [ParOldGen: 508962K->220819K(524288K)] 549935K->220819K(726528K), [Metaspace: 43717K->43717K(1087488K)], 0.0696829 secs] [Times: user=0.51 sys=0.02, real=0.07 secs] 
2016-09-24T02:12:10.401-0400: 96.478: [GC (GCLocker Initiated GC) [PSYoungGen: 160768K->28829K(211456K)] 387082K->255144K(735744K), 0.0162720 secs] [Times: user=0.15 sys=0.01, real=0.02 secs] 
2016-09-24T02:12:10.566-0400: 96.643: [GC (GCLocker Initiated GC) [PSYoungGen: 187037K->24648K(183296K)] 413361K->253865K(707584K), 0.0106623 secs] [Times: user=0.10 sys=0.00, real=0.01 secs] 
2016-09-24T02:12:10.715-0400: 96.792: [GC (GCLocker Initiated GC) [PSYoungGen: 182856K->31264K(208384K)] 412182K->261994K(732672K), 0.0174246 secs] [Times: user=0.19 sys=0.00, real=0.01 secs] 
2016-09-24T02:12:10.873-0400: 96.950: [GC (GCLocker Initiated GC) [PSYoungGen: 190496K->39349K(207360K)] 421243K->271367K(731648K), 0.0093868 secs] [Times: user=0.10 sys=0.00, real=0.02 secs] 
2016-09-24T02:12:11.018-0400: 97.095: [GC (GCLocker Initiated GC) [PSYoungGen: 198581K->33942K(212480K)] 432180K->285019K(736768K), 0.0209083 secs] [Times: user=0.26 sys=0.01, real=0.02 secs] 
2016-09-24T02:12:11.175-0400: 97.252: [GC (GCLocker Initiated GC) [PSYoungGen: 196246K->22014K(184320K)] 452958K->296134K(708608K), 0.0072459 secs] [Times: user=0.07 sys=0.00, real=0.00 secs] 
2016-09-24T02:12:11.322-0400: 97.399: [GC (GCLocker Initiated GC) [PSYoungGen: 184318K->27148K(212992K)] 466738K->310783K(737280K), 0.0090318 secs] [Times: user=0.08 sys=0.00, real=0.01 secs] 
2016-09-24T02:12:11.469-0400: 97.546: [GC (GCLocker Initiated GC) [PSYoungGen: 190988K->33910K(211456K)] 474867K->318978K(735744K), 0.0249223 secs] [Times: user=0.22 sys=0.01, real=0.02 secs] 
2016-09-24T02:12:11.640-0400: 97.717: [GC (GCLocker Initiated GC) [PSYoungGen: 197750K->32318K(213504K)] 484352K->320070K(737792K), 0.0056788 secs] [Times: user=0.05 sys=0.00, real=0.01 secs] 
2016-09-24T02:12:11.798-0400: 97.875: [GC (GCLocker Initiated GC) [PSYoungGen: 198718K->28003K(212992K)] 491899K->322151K(737280K), 0.0273355 secs] [Times: user=0.31 sys=0.01, real=0.03 secs] 
2016-09-24T02:12:11.973-0400: 98.050: [GC (GCLocker Initiated GC) [PSYoungGen: 194403K->13684K(212992K)] 496725K->338391K(737280K), 0.0067881 secs] [Times: user=0.06 sys=0.00, real=0.01 secs] 
2016-09-24T02:12:12.122-0400: 98.199: [GC (GCLocker Initiated GC) [PSYoungGen: 181108K->32552K(214016K)] 511253K->366629K(738304K), 0.0135345 secs] [Times: user=0.12 sys=0.00, real=0.01 secs] 
2016-09-24T02:12:12.285-0400: 98.361: [GC (GCLocker Initiated GC) [PSYoungGen: 199976K->25854K(212480K)] 536905K->369399K(736768K), 0.0087701 secs] [Times: user=0.07 sys=0.00, real=0.00 secs] 
2016-09-24T02:12:12.452-0400: 98.529: [GC (GCLocker Initiated GC) [PSYoungGen: 194814K->19308K(214016K)] 551995K->377794K(738304K), 0.0216311 secs] [Times: user=0.17 sys=0.00, real=0.02 secs] 
2016-09-24T02:12:12.655-0400: 98.732: [GC (GCLocker Initiated GC) [PSYoungGen: 188268K->31275K(216064K)] 549487K->393960K(740352K), 0.0083681 secs] [Times: user=0.07 sys=0.00, real=0.01 secs] 
2016-09-24T02:12:12.867-0400: 98.944: [GC (GCLocker Initiated GC) [PSYoungGen: 203307K->27721K(216576K)] 566370K->391967K(740864K), 0.0157464 secs] [Times: user=0.16 sys=0.01, real=0.02 secs] 
2016-09-24T02:12:13.043-0400: 99.120: [GC (GCLocker Initiated GC) [PSYoungGen: 199753K->31716K(216576K)] 570753K->404483K(740864K), 0.0073690 secs] [Times: user=0.06 sys=0.01, real=0.00 secs] 
2016-09-24T02:12:13.207-0400: 99.284: [GC (GCLocker Initiated GC) [PSYoungGen: 205284K->40987K(215040K)] 580807K->418166K(739328K), 0.0183949 secs] [Times: user=0.19 sys=0.00, real=0.02 secs] 
2016-09-24T02:12:13.392-0400: 99.469: [GC (GCLocker Initiated GC) [PSYoungGen: 214555K->35615K(214016K)] 597143K->419657K(738304K), 0.0087194 secs] [Times: user=0.09 sys=0.00, real=0.01 secs] 
2016-09-24T02:12:13.546-0400: 99.622: [GC (GCLocker Initiated GC) [PSYoungGen: 203551K->35502K(215040K)] 587734K->423946K(739328K), 0.0085786 secs] [Times: user=0.07 sys=0.00, real=0.01 secs] 
2016-09-24T02:12:13.710-0400: 99.787: [GC (GCLocker Initiated GC) [PSYoungGen: 203438K->12578K(211968K)] 602686K->432103K(736256K), 0.0086071 secs] [Times: user=0.06 sys=0.01, real=0.01 secs] 
2016-09-24T02:12:13.872-0400: 99.948: [GC (GCLocker Initiated GC) [PSYoungGen: 177442K->38343K(203264K)] 606446K->468688K(727552K), 0.0077845 secs] [Times: user=0.08 sys=0.00, real=0.01 secs] 
2016-09-24T02:12:14.029-0400: 100.106: [GC (GCLocker Initiated GC) [PSYoungGen: 203207K->32888K(212992K)] 638902K->488930K(737280K), 0.0155680 secs] [Times: user=0.20 sys=0.00, real=0.02 secs] 
2016-09-24T02:12:14.193-0400: 100.270: [GC (GCLocker Initiated GC) [PSYoungGen: 195704K->36857K(211968K)] 657279K->499918K(736256K), 0.0087354 secs] [Times: user=0.11 sys=0.00, real=0.01 secs] 
2016-09-24T02:12:14.352-0400: 100.429: [GC (GCLocker Initiated GC) [PSYoungGen: 199673K->44732K(205824K)] 662860K->509268K(730112K), 0.0104764 secs] [Times: user=0.10 sys=0.01, real=0.02 secs] 
2016-09-24T02:12:14.500-0400: 100.577: [GC (GCLocker Initiated GC) [PSYoungGen: 200380K->24683K(208896K)] 673037K->503922K(733184K), 0.0084813 secs] [Times: user=0.08 sys=0.00, real=0.01 secs] 
2016-09-24T02:12:14.670-0400: 100.747: [GC (Allocation Failure) [PSYoungGen: 180331K->5796K(204800K)] 677604K->509828K(729088K), 0.0193743 secs] [Times: user=0.21 sys=0.00, real=0.02 secs] 
2016-09-24T02:12:14.834-0400: 100.911: [GC (GCLocker Initiated GC) [PSYoungGen: 158372K->50497K(203264K)] 662408K->556057K(727552K), 0.0136333 secs] [Times: user=0.16 sys=0.00, real=0.01 secs] 
2016-09-24T02:12:14.848-0400: 100.925: [Full GC (Ergonomics) [PSYoungGen: 50497K->0K(203264K)] [ParOldGen: 505560K->162021K(524288K)] 556057K->162021K(727552K), [Metaspace: 43737K->43737K(1087488K)], 0.0661100 secs] [Times: user=0.48 sys=0.02, real=0.07 secs] 
2016-09-24T02:12:15.058-0400: 101.135: [GC (GCLocker Initiated GC) [PSYoungGen: 152576K->43754K(197120K)] 314630K->205809K(721408K), 0.0055769 secs] [Times: user=0.05 sys=0.01, real=0.01 secs] 
2016-09-24T02:12:15.201-0400: 101.278: [GC (GCLocker Initiated GC) [PSYoungGen: 181994K->36575K(200192K)] 349688K->208480K(724480K), 0.0425408 secs] [Times: user=0.47 sys=0.00, real=0.05 secs] 
2016-09-24T02:12:15.384-0400: 101.461: [GC (GCLocker Initiated GC) [PSYoungGen: 174815K->37053K(196608K)] 354901K->218350K(720896K), 0.0086825 secs] [Times: user=0.10 sys=0.00, real=0.00 secs] 
2016-09-24T02:12:15.530-0400: 101.607: [GC (GCLocker Initiated GC) [PSYoungGen: 176829K->32847K(199168K)] 360844K->218343K(723456K), 0.0067872 secs] [Times: user=0.05 sys=0.00, real=0.01 secs] 
2016-09-24T02:12:15.675-0400: 101.752: [GC (Allocation Failure) [PSYoungGen: 172623K->24439K(200704K)] 366252K->219497K(724992K), 0.0063051 secs] [Times: user=0.05 sys=0.00, real=0.00 secs] 
2016-09-24T02:12:15.825-0400: 101.902: [GC (GCLocker Initiated GC) [PSYoungGen: 170359K->12379K(201728K)] 366768K->218138K(726016K), 0.0256542 secs] [Times: user=0.22 sys=0.00, real=0.02 secs] 
2016-09-24T02:12:15.996-0400: 102.073: [GC (GCLocker Initiated GC) [PSYoungGen: 158299K->11399K(203264K)] 372178K->226641K(727552K), 0.0235195 secs] [Times: user=0.19 sys=0.00, real=0.02 secs] 
2016-09-24T02:12:16.164-0400: 102.241: [GC (GCLocker Initiated GC) [PSYoungGen: 157831K->34155K(204288K)] 373104K->251010K(728576K), 0.0155473 secs] [Times: user=0.14 sys=0.00, real=0.01 secs] 
2016-09-24T02:12:16.316-0400: 102.393: [GC (GCLocker Initiated GC) [PSYoungGen: 180587K->42355K(201216K)] 397532K->263491K(725504K), 0.0127185 secs] [Times: user=0.13 sys=0.00, real=0.01 secs] 
2016-09-24T02:12:16.471-0400: 102.548: [GC (GCLocker Initiated GC) [PSYoungGen: 186739K->27475K(203264K)] 410619K->271774K(727552K), 0.0099316 secs] [Times: user=0.08 sys=0.00, real=0.01 secs] 
2016-09-24T02:12:16.624-0400: 102.701: [GC (GCLocker Initiated GC) [PSYoungGen: 171859K->18026K(202240K)] 416164K->282808K(726528K), 0.0095464 secs] [Times: user=0.08 sys=0.00, real=0.00 secs] 
2016-09-24T02:12:16.772-0400: 102.849: [GC (GCLocker Initiated GC) [PSYoungGen: 164458K->46676K(193536K)] 429308K->313200K(717824K), 0.0183739 secs] [Times: user=0.22 sys=0.00, real=0.02 secs] 
2016-09-24T02:12:16.947-0400: 103.024: [GC (GCLocker Initiated GC) [PSYoungGen: 193108K->22566K(203776K)] 463698K->294682K(728064K), 0.0048369 secs] [Times: user=0.04 sys=0.00, real=0.00 secs] 
2016-09-24T02:12:17.096-0400: 103.172: [GC (GCLocker Initiated GC) [PSYoungGen: 166438K->50666K(194560K)] 445327K->331161K(718848K), 0.0126493 secs] [Times: user=0.14 sys=0.00, real=0.01 secs] 
2016-09-24T02:12:17.257-0400: 103.334: [GC (GCLocker Initiated GC) [PSYoungGen: 194538K->34656K(200704K)] 483211K->343807K(724992K), 0.0061605 secs] [Times: user=0.06 sys=0.00, real=0.01 secs] 
2016-09-24T02:12:17.409-0400: 103.486: [GC (Allocation Failure) [PSYoungGen: 171872K->21099K(158720K)] 494723K->367302K(683008K), 0.0106112 secs] [Times: user=0.16 sys=0.00, real=0.01 secs] 
2016-09-24T02:12:17.567-0400: 103.643: [GC (GCLocker Initiated GC) [PSYoungGen: 158315K->30101K(200704K)] 504522K->377964K(724992K), 0.0200917 secs] [Times: user=0.22 sys=0.00, real=0.02 secs] 
2016-09-24T02:12:17.738-0400: 103.815: [GC (GCLocker Initiated GC) [PSYoungGen: 170389K->33036K(197632K)] 521182K->385211K(721920K), 0.0110023 secs] [Times: user=0.10 sys=0.00, real=0.01 secs] 
2016-09-24T02:12:17.899-0400: 103.976: [GC (GCLocker Initiated GC) [PSYoungGen: 173324K->29211K(202240K)] 528281K->385882K(726528K), 0.0122192 secs] [Times: user=0.13 sys=0.00, real=0.01 secs] 
2016-09-24T02:12:18.062-0400: 104.139: [GC (GCLocker Initiated GC) [PSYoungGen: 175643K->27574K(200192K)] 544511K->398197K(724480K), 0.0242136 secs] [Times: user=0.32 sys=0.00, real=0.02 secs] 
2016-09-24T02:12:18.231-0400: 104.308: [GC (GCLocker Initiated GC) [PSYoungGen: 174006K->31846K(205824K)] 550056K->417481K(730112K), 0.0115317 secs] [Times: user=0.12 sys=0.01, real=0.02 secs] 
2016-09-24T02:12:18.404-0400: 104.481: [GC (GCLocker Initiated GC) [PSYoungGen: 185958K->38679K(204288K)] 578551K->432922K(728576K), 0.0231171 secs] [Times: user=0.21 sys=0.00, real=0.02 secs] 
2016-09-24T02:12:18.585-0400: 104.662: [GC (GCLocker Initiated GC) [PSYoungGen: 192791K->49510K(201728K)] 587063K->448376K(726016K), 0.0079904 secs] [Times: user=0.08 sys=0.01, real=0.00 secs] 
2016-09-24T02:12:18.724-0400: 104.801: [GC (GCLocker Initiated GC) [PSYoungGen: 200038K->32888K(206336K)] 603114K->451172K(730624K), 0.0084558 secs] [Times: user=0.07 sys=0.00, real=0.00 secs] 
2016-09-24T02:12:18.885-0400: 104.962: [GC (GCLocker Initiated GC) [PSYoungGen: 183416K->45114K(203264K)] 601855K->478561K(727552K), 0.0054245 secs] [Times: user=0.06 sys=0.01, real=0.00 secs] 
2016-09-24T02:12:19.034-0400: 105.111: [GC (GCLocker Initiated GC) [PSYoungGen: 194618K->36987K(205824K)] 633570K->477376K(730112K), 0.0238854 secs] [Times: user=0.30 sys=0.01, real=0.02 secs] 
2016-09-24T02:12:19.205-0400: 105.282: [GC (GCLocker Initiated GC) [PSYoungGen: 186491K->21982K(205824K)] 636553K->473505K(730112K), 0.0103726 secs] [Times: user=0.13 sys=0.01, real=0.01 secs] 
2016-09-24T02:12:19.366-0400: 105.443: [GC (GCLocker Initiated GC) [PSYoungGen: 173022K->15574K(206336K)] 639397K->483258K(730624K), 0.0051503 secs] [Times: user=0.06 sys=0.00, real=0.00 secs] 
2016-09-24T02:12:19.513-0400: 105.590: [GC (GCLocker Initiated GC) [PSYoungGen: 166614K->37155K(206336K)] 637153K->509219K(730624K), 0.0092172 secs] [Times: user=0.10 sys=0.00, real=0.02 secs] 
2016-09-24T02:12:19.656-0400: 105.733: [GC (GCLocker Initiated GC) [PSYoungGen: 187683K->34218K(184832K)] 667917K->516001K(709120K), 0.0059658 secs] [Times: user=0.05 sys=0.00, real=0.01 secs] 
2016-09-24T02:12:19.792-0400: 105.869: [GC (GCLocker Initiated GC) [PSYoungGen: 184746K->32660K(206848K)] 666532K->515806K(731136K), 0.0056064 secs] [Times: user=0.05 sys=0.00, real=0.01 secs] 
2016-09-24T02:12:19.932-0400: 106.009: [GC (GCLocker Initiated GC) [PSYoungGen: 185236K->32864K(204800K)] 676502K->525403K(729088K), 0.0091042 secs] [Times: user=0.11 sys=0.01, real=0.01 secs] 
2016-09-24T02:12:20.082-0400: 106.158: [GC (GCLocker Initiated GC) [PSYoungGen: 185440K->28293K(206848K)] 677982K->522107K(731136K), 0.0058479 secs] [Times: user=0.05 sys=0.00, real=0.01 secs] 
2016-09-24T02:12:20.239-0400: 106.315: [GC (GCLocker Initiated GC) [PSYoungGen: 184965K->20560K(205824K)] 684201K->520846K(730112K), 0.0078257 secs] [Times: user=0.06 sys=0.00, real=0.01 secs] 
2016-09-24T02:12:20.393-0400: 106.470: [Full GC (Ergonomics) [PSYoungGen: 177232K->0K(205824K)] [ParOldGen: 519321K->160655K(524288K)] 696553K->160655K(730112K), [Metaspace: 43753K->43753K(1087488K)], 0.0691573 secs] [Times: user=0.43 sys=0.01, real=0.08 secs] 
2016-09-24T02:12:20.636-0400: 106.713: [GC (GCLocker Initiated GC) [PSYoungGen: 156672K->31740K(210432K)] 323173K->198242K(734720K), 0.0052992 secs] [Times: user=0.04 sys=0.00, real=0.00 secs] 
2016-09-24T02:12:20.788-0400: 106.864: [GC (GCLocker Initiated GC) [PSYoungGen: 195068K->23489K(211456K)] 376639K->223036K(735744K), 0.0242933 secs] [Times: user=0.32 sys=0.00, real=0.02 secs] 
2016-09-24T02:12:20.963-0400: 107.040: [GC (GCLocker Initiated GC) [PSYoungGen: 186817K->41104K(210432K)] 389238K->244996K(734720K), 0.0099269 secs] [Times: user=0.14 sys=0.00, real=0.00 secs] 
2016-09-24T02:12:21.127-0400: 107.203: [GC (GCLocker Initiated GC) [PSYoungGen: 203920K->42416K(205312K)] 407833K->247772K(729600K), 0.0090666 secs] [Times: user=0.09 sys=0.00, real=0.01 secs] 
2016-09-24T02:12:21.287-0400: 107.364: [GC (GCLocker Initiated GC) [PSYoungGen: 205232K->28675K(211456K)] 416017K->254482K(735744K), 0.0076284 secs] [Times: user=0.06 sys=0.00, real=0.01 secs] 
2016-09-24T02:12:21.459-0400: 107.535: [GC (GCLocker Initiated GC) [PSYoungGen: 187907K->41110K(209920K)] 413784K->268377K(734208K), 0.0123769 secs] [Times: user=0.11 sys=0.01, real=0.01 secs] 
2016-09-24T02:12:21.637-0400: 107.714: [GC (GCLocker Initiated GC) [PSYoungGen: 200342K->34495K(210432K)] 430362K->271579K(734720K), 0.0058201 secs] [Times: user=0.04 sys=0.01, real=0.01 secs] 
2016-09-24T02:12:21.790-0400: 107.867: [GC (GCLocker Initiated GC) [PSYoungGen: 193215K->40937K(209920K)] 433062K->282478K(734208K), 0.0048460 secs] [Times: user=0.04 sys=0.01, real=0.01 secs] 
2016-09-24T02:12:21.957-0400: 108.033: [GC (GCLocker Initiated GC) [PSYoungGen: 199657K->35581K(208896K)] 446631K->286554K(733184K), 0.0054852 secs] [Times: user=0.05 sys=0.00, real=0.00 secs] 
2016-09-24T02:12:22.121-0400: 108.198: [GC (GCLocker Initiated GC) [PSYoungGen: 194301K->24858K(209408K)] 453450K->304299K(733696K), 0.0058878 secs] [Times: user=0.07 sys=0.00, real=0.01 secs] 
2016-09-24T02:12:22.272-0400: 108.349: [GC (GCLocker Initiated GC) [PSYoungGen: 183578K->44705K(206336K)] 465744K->328329K(730624K), 0.0077171 secs] [Times: user=0.07 sys=0.01, real=0.01 secs] 
2016-09-24T02:12:22.440-0400: 108.517: [GC (GCLocker Initiated GC) [PSYoungGen: 200353K->35295K(208896K)] 484039K->322793K(733184K), 0.0067765 secs] [Times: user=0.06 sys=0.00, real=0.01 secs] 
2016-09-24T02:12:22.628-0400: 108.705: [GC (GCLocker Initiated GC) [PSYoungGen: 190943K->24670K(207872K)] 485196K->330981K(732160K), 0.0083015 secs] [Times: user=0.07 sys=0.00, real=0.01 secs] 
2016-09-24T02:12:22.808-0400: 108.885: [GC (GCLocker Initiated GC) [PSYoungGen: 181854K->36997K(208896K)] 490943K->347505K(733184K), 0.0052887 secs] [Times: user=0.05 sys=0.00, real=0.00 secs] 
2016-09-24T02:12:22.970-0400: 109.047: [GC (GCLocker Initiated GC) [PSYoungGen: 194181K->39600K(209920K)] 507410K->357018K(734208K), 0.0071087 secs] [Times: user=0.06 sys=0.00, real=0.01 secs] 
2016-09-24T02:12:23.144-0400: 109.221: [GC (GCLocker Initiated GC) [PSYoungGen: 198320K->14049K(173056K)] 521175K->346503K(697344K), 0.0173279 secs] [Times: user=0.17 sys=0.00, real=0.01 secs] 
2016-09-24T02:12:23.325-0400: 109.402: [GC (GCLocker Initiated GC) [PSYoungGen: 172769K->27792K(209920K)] 518809K->375337K(734208K), 0.0071147 secs] [Times: user=0.05 sys=0.00, real=0.00 secs] 
2016-09-24T02:12:23.508-0400: 109.584: [GC (GCLocker Initiated GC) [PSYoungGen: 184464K->25157K(182272K)] 532088K->374539K(706560K), 0.0045916 secs] [Times: user=0.06 sys=0.00, real=0.00 secs] 
2016-09-24T02:12:23.678-0400: 109.754: [GC (GCLocker Initiated GC) [PSYoungGen: 181829K->30313K(209408K)] 536742K->386865K(733696K), 0.0163072 secs] [Times: user=0.22 sys=0.00, real=0.01 secs] 
2016-09-24T02:12:23.860-0400: 109.936: [GC (GCLocker Initiated GC) [PSYoungGen: 188521K->19487K(207872K)] 554651K->395407K(732160K), 0.0219282 secs] [Times: user=0.20 sys=0.01, real=0.02 secs] 
2016-09-24T02:12:24.063-0400: 110.139: [GC (GCLocker Initiated GC) [PSYoungGen: 177695K->34389K(211456K)] 559045K->417301K(735744K), 0.0252721 secs] [Times: user=0.25 sys=0.01, real=0.02 secs] 
2016-09-24T02:12:24.256-0400: 110.333: [GC (GCLocker Initiated GC) [PSYoungGen: 196181K->23987K(210944K)] 581811K->427462K(735232K), 0.0109554 secs] [Times: user=0.10 sys=0.01, real=0.01 secs] 
2016-09-24T02:12:24.434-0400: 110.511: [GC (GCLocker Initiated GC) [PSYoungGen: 185779K->33040K(212480K)] 597396K->449232K(736768K), 0.0092462 secs] [Times: user=0.09 sys=0.00, real=0.01 secs] 
2016-09-24T02:12:24.623-0400: 110.700: [GC (GCLocker Initiated GC) [PSYoungGen: 196880K->44073K(208384K)] 613083K->464630K(732672K), 0.0070880 secs] [Times: user=0.04 sys=0.01, real=0.00 secs] 
2016-09-24T02:12:24.795-0400: 110.872: [GC (GCLocker Initiated GC) [PSYoungGen: 207913K->23697K(211456K)] 628483K->446130K(735744K), 0.0118569 secs] [Times: user=0.12 sys=0.00, real=0.01 secs] 
2016-09-24T02:12:24.984-0400: 111.061: [GC (GCLocker Initiated GC) [PSYoungGen: 183953K->27353K(187904K)] 611983K->457232K(712192K), 0.0293302 secs] [Times: user=0.32 sys=0.01, real=0.02 secs] 
2016-09-24T02:12:25.182-0400: 111.259: [GC (GCLocker Initiated GC) [PSYoungGen: 187609K->37058K(208896K)] 617519K->468391K(733184K), 0.0294989 secs] [Times: user=0.33 sys=0.00, real=0.03 secs] 
2016-09-24T02:12:25.394-0400: 111.470: [GC (GCLocker Initiated GC) [PSYoungGen: 196802K->19686K(209408K)] 636361K->468903K(733696K), 0.0055400 secs] [Times: user=0.03 sys=0.01, real=0.01 secs] 
2016-09-24T02:12:25.558-0400: 111.635: [GC (GCLocker Initiated GC) [PSYoungGen: 179430K->23995K(210944K)] 634281K->496983K(735232K), 0.0103644 secs] [Times: user=0.12 sys=0.00, real=0.01 secs] 
2016-09-24T02:12:25.747-0400: 111.824: [GC (GCLocker Initiated GC) [PSYoungGen: 186299K->42790K(205312K)] 662151K->520396K(729600K), 0.0118937 secs] [Times: user=0.12 sys=0.00, real=0.01 secs] 
2016-09-24T02:12:25.934-0400: 112.011: [GC (GCLocker Initiated GC) [PSYoungGen: 205094K->26315K(211456K)] 693540K->516564K(735744K), 0.0224128 secs] [Times: user=0.23 sys=0.00, real=0.03 secs] 
2016-09-24T02:12:26.142-0400: 112.219: [GC (GCLocker Initiated GC) [PSYoungGen: 185547K->24989K(184320K)] 685315K->526556K(708608K), 0.0181040 secs] [Times: user=0.18 sys=0.00, real=0.02 secs] 
2016-09-24T02:12:26.328-0400: 112.405: [GC (GCLocker Initiated GC) [PSYoungGen: 184221K->34781K(208896K)] 685790K->538134K(733184K), 0.0200563 secs] [Times: user=0.27 sys=0.00, real=0.02 secs] 
2016-09-24T02:12:26.504-0400: 112.581: [GC (GCLocker Initiated GC) [PSYoungGen: 194013K->33489K(208896K)] 700107K->541396K(733184K), 0.0065925 secs] [Times: user=0.06 sys=0.00, real=0.00 secs] 
2016-09-24T02:12:26.511-0400: 112.587: [Full GC (Ergonomics) [PSYoungGen: 33489K->0K(208896K)] [ParOldGen: 507906K->152545K(524288K)] 541396K->152545K(733184K), [Metaspace: 43768K->43768K(1087488K)], 0.0666494 secs] [Times: user=0.57 sys=0.01, real=0.07 secs] 
2016-09-24T02:12:26.751-0400: 112.827: [GC (GCLocker Initiated GC) [PSYoungGen: 159232K->35049K(211456K)] 311786K->187604K(735744K), 0.0051075 secs] [Times: user=0.06 sys=0.00, real=0.01 secs] 
2016-09-24T02:12:26.911-0400: 112.988: [GC (GCLocker Initiated GC) [PSYoungGen: 197865K->27652K(211456K)] 353150K->186361K(735744K), 0.0068102 secs] [Times: user=0.07 sys=0.00, real=0.01 secs] 
2016-09-24T02:12:27.086-0400: 113.163: [GC (GCLocker Initiated GC) [PSYoungGen: 190468K->45463K(207360K)] 349205K->222010K(731648K), 0.0062800 secs] [Times: user=0.07 sys=0.01, real=0.00 secs] 
2016-09-24T02:12:27.249-0400: 113.326: [GC (GCLocker Initiated GC) [PSYoungGen: 205207K->16855K(176640K)] 387374K->206141K(700928K), 0.0051466 secs] [Times: user=0.05 sys=0.00, real=0.01 secs] 
2016-09-24T02:12:27.416-0400: 113.493: [GC (GCLocker Initiated GC) [PSYoungGen: 176599K->38669K(208896K)] 366094K->229913K(733184K), 0.0070887 secs] [Times: user=0.05 sys=0.00, real=0.01 secs] 
2016-09-24T02:12:27.601-0400: 113.678: [GC (GCLocker Initiated GC) [PSYoungGen: 195341K->27625K(184320K)] 389325K->223305K(708608K), 0.0056218 secs] [Times: user=0.04 sys=0.00, real=0.01 secs] 
2016-09-24T02:12:27.772-0400: 113.849: [GC (GCLocker Initiated GC) [PSYoungGen: 184297K->37200K(207872K)] 382756K->264427K(732160K), 0.0074089 secs] [Times: user=0.06 sys=0.00, real=0.01 secs] 
2016-09-24T02:12:37.102-0400: 123.179: [GC (Allocation Failure) [PSYoungGen: 193872K->38772K(208384K)] 421103K->267590K(732672K), 0.0212361 secs] [Times: user=0.19 sys=0.00, real=0.03 secs] 
