Java HotSpot(TM) 64-Bit Server VM (25.101-b13) for linux-amd64 JRE (1.8.0_101-b13), built on Jun 22 2016 02:59:44 by "java_re" with gcc 4.3.0 20080428 (Red Hat 4.3.0-8)
Memory: 4k page, physical 264122320k(93056224k free), swap 268399612k(268399612k free)
CommandLine flags: -XX:GCLogFileSize=1048576 -XX:+HeapDumpOnOutOfMemoryError -XX:HeapDumpPath=artifacts/heapdump -XX:InitialHeapSize=805306368 -XX:MaxHeapSize=805306368 -XX:NumberOfGCLogFiles=10 -XX:+PrintGC -XX:+PrintGCDateStamps -XX:+PrintGCDetails -XX:+PrintGCTimeStamps -XX:+UseCompressedClassPointers -XX:+UseCompressedOops -XX:+UseGCLogFileRotation -XX:+UseParallelGC 
2016-09-25T22:36:46.863-0400: 2.233: [GC (Metadata GC Threshold) [PSYoungGen: 121899K->15671K(229376K)] 121899K->15751K(753664K), 0.0258755 secs] [Times: user=0.18 sys=0.01, real=0.02 secs] 
2016-09-25T22:36:46.889-0400: 2.259: [Full GC (Metadata GC Threshold) [PSYoungGen: 15671K->0K(229376K)] [ParOldGen: 80K->14602K(342016K)] 15751K->14602K(571392K), [Metaspace: 21076K->21076K(1067008K)], 0.0495741 secs] [Times: user=0.34 sys=0.06, real=0.05 secs] 
2016-09-25T22:36:48.728-0400: 4.098: [GC (Metadata GC Threshold) [PSYoungGen: 125207K->15053K(229376K)] 139810K->29791K(571392K), 0.0381620 secs] [Times: user=0.38 sys=0.01, real=0.04 secs] 
2016-09-25T22:36:48.766-0400: 4.136: [Full GC (Metadata GC Threshold) [PSYoungGen: 15053K->0K(229376K)] [ParOldGen: 14738K->20620K(524288K)] 29791K->20620K(753664K), [Metaspace: 35002K->35002K(1079296K)], 0.0770751 secs] [Times: user=0.53 sys=0.02, real=0.08 secs] 
2016-09-25T22:36:50.429-0400: 5.799: [GC (GCLocker Initiated GC) [PSYoungGen: 196608K->32740K(229376K)] 217231K->60672K(753664K), 0.0291941 secs] [Times: user=0.32 sys=0.00, real=0.03 secs] 
2016-09-25T22:36:50.605-0400: 5.975: [GC (GCLocker Initiated GC) [PSYoungGen: 229348K->32117K(229376K)] 262844K->95321K(753664K), 0.0229160 secs] [Times: user=0.25 sys=0.02, real=0.02 secs] 
2016-09-25T22:36:50.733-0400: 6.103: [GC (GCLocker Initiated GC) [PSYoungGen: 228725K->32414K(229376K)] 312290K->129487K(753664K), 0.0143659 secs] [Times: user=0.17 sys=0.01, real=0.02 secs] 
2016-09-25T22:36:50.856-0400: 6.226: [GC (GCLocker Initiated GC) [PSYoungGen: 229022K->32442K(205824K)] 331569K->164698K(730112K), 0.0104697 secs] [Times: user=0.10 sys=0.01, real=0.01 secs] 
2016-09-25T22:36:50.946-0400: 6.316: [GC (GCLocker Initiated GC) [PSYoungGen: 205498K->44530K(217600K)] 340550K->208275K(741888K), 0.0143396 secs] [Times: user=0.17 sys=0.01, real=0.01 secs] 
2016-09-25T22:36:51.040-0400: 6.410: [GC (GCLocker Initiated GC) [PSYoungGen: 217586K->44529K(143872K)] 392331K->254822K(668160K), 0.0116957 secs] [Times: user=0.11 sys=0.02, real=0.01 secs] 
2016-09-25T22:36:51.111-0400: 6.481: [GC (GCLocker Initiated GC) [PSYoungGen: 143857K->56655K(156160K)] 367805K->291934K(680448K), 0.0112772 secs] [Times: user=0.13 sys=0.00, real=0.01 secs] 
2016-09-25T22:36:51.173-0400: 6.543: [GC (GCLocker Initiated GC) [PSYoungGen: 155983K->49413K(179712K)] 399440K->310907K(704000K), 0.0075022 secs] [Times: user=0.07 sys=0.03, real=0.01 secs] 
2016-09-25T22:36:51.222-0400: 6.592: [GC (GCLocker Initiated GC) [PSYoungGen: 145157K->49129K(144896K)] 406755K->344872K(669184K), 0.0090599 secs] [Times: user=0.09 sys=0.01, real=0.00 secs] 
2016-09-25T22:36:51.272-0400: 6.642: [GC (GCLocker Initiated GC) [PSYoungGen: 144873K->51990K(177152K)] 443387K->368313K(701440K), 0.0167029 secs] [Times: user=0.24 sys=0.01, real=0.02 secs] 
2016-09-25T22:36:51.331-0400: 6.701: [GC (GCLocker Initiated GC) [PSYoungGen: 148246K->70922K(167424K)] 467413K->393013K(691712K), 0.0121782 secs] [Times: user=0.15 sys=0.01, real=0.02 secs] 
2016-09-25T22:36:51.387-0400: 6.757: [GC (GCLocker Initiated GC) [PSYoungGen: 167178K->69621K(175104K)] 489346K->410995K(699392K), 0.0100618 secs] [Times: user=0.15 sys=0.00, real=0.01 secs] 
2016-09-25T22:36:51.440-0400: 6.810: [GC (GCLocker Initiated GC) [PSYoungGen: 157685K->60090K(175104K)] 504537K->424764K(699392K), 0.0069446 secs] [Times: user=0.07 sys=0.03, real=0.01 secs] 
2016-09-25T22:36:51.484-0400: 6.854: [GC (GCLocker Initiated GC) [PSYoungGen: 148154K->53436K(175104K)] 518337K->425232K(699392K), 0.0141156 secs] [Times: user=0.20 sys=0.00, real=0.01 secs] 
2016-09-25T22:36:51.543-0400: 6.914: [GC (GCLocker Initiated GC) [PSYoungGen: 141500K->62775K(175104K)] 514732K->440357K(699392K), 0.0098331 secs] [Times: user=0.16 sys=0.01, real=0.00 secs] 
2016-09-25T22:36:51.599-0400: 6.969: [GC (GCLocker Initiated GC) [PSYoungGen: 150839K->35713K(175104K)] 547452K->455468K(699392K), 0.0083794 secs] [Times: user=0.07 sys=0.01, real=0.01 secs] 
2016-09-25T22:36:51.647-0400: 7.017: [GC (GCLocker Initiated GC) [PSYoungGen: 123777K->36979K(125440K)] 546300K->475979K(649728K), 0.0164957 secs] [Times: user=0.22 sys=0.02, real=0.02 secs] 
2016-09-25T22:36:51.704-0400: 7.074: [GC (GCLocker Initiated GC) [PSYoungGen: 125043K->31582K(175104K)] 565436K->491074K(699392K), 0.0071014 secs] [Times: user=0.06 sys=0.00, real=0.00 secs] 
2016-09-25T22:36:51.756-0400: 7.126: [GC (GCLocker Initiated GC) [PSYoungGen: 120158K->61489K(174592K)] 590936K->543379K(698880K), 0.0067711 secs] [Times: user=0.09 sys=0.01, real=0.01 secs] 
2016-09-25T22:36:51.802-0400: 7.173: [GC (GCLocker Initiated GC) [PSYoungGen: 150065K->69554K(175104K)] 631960K->576031K(699392K), 0.0080612 secs] [Times: user=0.12 sys=0.02, real=0.00 secs] 
2016-09-25T22:36:51.811-0400: 7.181: [Full GC (Ergonomics) [PSYoungGen: 69554K->0K(175104K)] [ParOldGen: 506476K->57676K(524288K)] 576031K->57676K(699392K), [Metaspace: 42930K->42922K(1085440K)], 0.2105933 secs] [Times: user=3.26 sys=0.01, real=0.21 secs] 
2016-09-25T22:36:52.067-0400: 7.437: [GC (GCLocker Initiated GC) [PSYoungGen: 88064K->69636K(175104K)] 145822K->127402K(699392K), 0.0076409 secs] [Times: user=0.07 sys=0.00, real=0.01 secs] 
2016-09-25T22:36:52.110-0400: 7.480: [GC (GCLocker Initiated GC) [PSYoungGen: 157700K->72400K(175104K)] 218318K->148291K(699392K), 0.0125447 secs] [Times: user=0.19 sys=0.00, real=0.02 secs] 
2016-09-25T22:36:52.174-0400: 7.544: [GC (GCLocker Initiated GC) [PSYoungGen: 160464K->52068K(175104K)] 241854K->159416K(699392K), 0.0087921 secs] [Times: user=0.13 sys=0.01, real=0.01 secs] 
2016-09-25T22:36:52.230-0400: 7.600: [GC (GCLocker Initiated GC) [PSYoungGen: 140132K->54842K(175104K)] 247581K->188235K(699392K), 0.0069867 secs] [Times: user=0.09 sys=0.01, real=0.01 secs] 
2016-09-25T22:36:52.277-0400: 7.647: [GC (GCLocker Initiated GC) [PSYoungGen: 142906K->65767K(175104K)] 281754K->221203K(699392K), 0.0072473 secs] [Times: user=0.11 sys=0.00, real=0.01 secs] 
2016-09-25T22:36:52.329-0400: 7.699: [GC (GCLocker Initiated GC) [PSYoungGen: 153831K->80520K(175104K)] 313434K->243272K(699392K), 0.0076158 secs] [Times: user=0.12 sys=0.00, real=0.01 secs] 
2016-09-25T22:36:52.376-0400: 7.746: [GC (GCLocker Initiated GC) [PSYoungGen: 168584K->71084K(175104K)] 336887K->254660K(699392K), 0.0066956 secs] [Times: user=0.10 sys=0.01, real=0.01 secs] 
2016-09-25T22:36:52.430-0400: 7.801: [GC (GCLocker Initiated GC) [PSYoungGen: 159148K->67098K(175104K)] 342800K->264685K(699392K), 0.0069506 secs] [Times: user=0.10 sys=0.01, real=0.01 secs] 
2016-09-25T22:36:52.473-0400: 7.843: [GC (GCLocker Initiated GC) [PSYoungGen: 155162K->68448K(175104K)] 358676K->279116K(699392K), 0.0069048 secs] [Times: user=0.07 sys=0.00, real=0.01 secs] 
2016-09-25T22:36:52.522-0400: 7.892: [GC (GCLocker Initiated GC) [PSYoungGen: 156512K->66974K(175104K)] 370020K->294458K(699392K), 0.0062264 secs] [Times: user=0.10 sys=0.00, real=0.01 secs] 
2016-09-25T22:36:52.570-0400: 7.940: [GC (GCLocker Initiated GC) [PSYoungGen: 155038K->63016K(175104K)] 390779K->309910K(699392K), 0.0105409 secs] [Times: user=0.14 sys=0.00, real=0.01 secs] 
2016-09-25T22:36:52.631-0400: 8.001: [GC (GCLocker Initiated GC) [PSYoungGen: 151080K->34794K(175104K)] 406264K->309298K(699392K), 0.0108403 secs] [Times: user=0.13 sys=0.00, real=0.01 secs] 
2016-09-25T22:36:52.686-0400: 8.056: [GC (GCLocker Initiated GC) [PSYoungGen: 122858K->46848K(175104K)] 405516K->342140K(699392K), 0.0163412 secs] [Times: user=0.20 sys=0.01, real=0.02 secs] 
2016-09-25T22:36:52.747-0400: 8.117: [GC (GCLocker Initiated GC) [PSYoungGen: 134912K->60316K(175104K)] 439797K->369707K(699392K), 0.0059847 secs] [Times: user=0.07 sys=0.00, real=0.00 secs] 
2016-09-25T22:36:52.803-0400: 8.173: [GC (GCLocker Initiated GC) [PSYoungGen: 148380K->64384K(175104K)] 457859K->381049K(699392K), 0.0145518 secs] [Times: user=0.21 sys=0.00, real=0.01 secs] 
2016-09-25T22:36:52.856-0400: 8.226: [GC (GCLocker Initiated GC) [PSYoungGen: 152448K->75340K(175104K)] 469208K->414138K(699392K), 0.0080172 secs] [Times: user=0.10 sys=0.00, real=0.01 secs] 
2016-09-25T22:36:52.910-0400: 8.280: [GC (GCLocker Initiated GC) [PSYoungGen: 163404K->57680K(175104K)] 509032K->436237K(699392K), 0.0079887 secs] [Times: user=0.09 sys=0.00, real=0.01 secs] 
2016-09-25T22:36:52.961-0400: 8.332: [GC (GCLocker Initiated GC) [PSYoungGen: 145744K->58998K(174080K)] 535200K->473206K(698368K), 0.0070781 secs] [Times: user=0.10 sys=0.01, real=0.01 secs] 
2016-09-25T22:36:53.012-0400: 8.382: [GC (GCLocker Initiated GC) [PSYoungGen: 147062K->69766K(174592K)] 570745K->510085K(698880K), 0.0067985 secs] [Times: user=0.09 sys=0.00, real=0.01 secs] 
2016-09-25T22:36:53.059-0400: 8.429: [GC (GCLocker Initiated GC) [PSYoungGen: 157830K->75088K(175104K)] 598269K->517313K(699392K), 0.0067002 secs] [Times: user=0.10 sys=0.00, real=0.01 secs] 
2016-09-25T22:36:53.094-0400: 8.464: [GC (GCLocker Initiated GC) [PSYoungGen: 163152K->80772K(175104K)] 608189K->559941K(699392K), 0.0087847 secs] [Times: user=0.13 sys=0.00, real=0.02 secs] 
2016-09-25T22:36:53.142-0400: 8.512: [Full GC (Ergonomics) [PSYoungGen: 168836K->0K(175104K)] [ParOldGen: 483448K->69670K(524288K)] 652285K->69670K(699392K), [Metaspace: 43180K->43180K(1085440K)], 0.0750446 secs] [Times: user=0.69 sys=0.02, real=0.08 secs] 
2016-09-25T22:36:53.266-0400: 8.636: [GC (GCLocker Initiated GC) [PSYoungGen: 88064K->52426K(175104K)] 160355K->124726K(699392K), 0.0057806 secs] [Times: user=0.03 sys=0.01, real=0.00 secs] 
2016-09-25T22:36:53.308-0400: 8.678: [GC (GCLocker Initiated GC) [PSYoungGen: 140490K->73770K(175104K)] 215603K->153579K(699392K), 0.0064735 secs] [Times: user=0.08 sys=0.00, real=0.01 secs] 
2016-09-25T22:36:53.351-0400: 8.721: [GC (GCLocker Initiated GC) [PSYoungGen: 161834K->64334K(175104K)] 244437K->159439K(699392K), 0.0062749 secs] [Times: user=0.07 sys=0.00, real=0.01 secs] 
2016-09-25T22:36:53.398-0400: 8.768: [GC (GCLocker Initiated GC) [PSYoungGen: 152398K->71038K(175104K)] 250362K->180246K(699392K), 0.0070047 secs] [Times: user=0.08 sys=0.01, real=0.01 secs] 
2016-09-25T22:36:53.440-0400: 8.810: [GC (GCLocker Initiated GC) [PSYoungGen: 159102K->75166K(175104K)] 269743K->188881K(699392K), 0.0059974 secs] [Times: user=0.06 sys=0.00, real=0.01 secs] 
2016-09-25T22:36:53.482-0400: 8.852: [GC (GCLocker Initiated GC) [PSYoungGen: 163230K->79312K(175104K)] 277012K->194921K(699392K), 0.0069594 secs] [Times: user=0.08 sys=0.00, real=0.01 secs] 
2016-09-25T22:36:53.525-0400: 8.895: [GC (GCLocker Initiated GC) [PSYoungGen: 167376K->68370K(175104K)] 283142K->203560K(699392K), 0.0069224 secs] [Times: user=0.09 sys=0.00, real=0.00 secs] 
2016-09-25T22:36:53.587-0400: 8.957: [GC (GCLocker Initiated GC) [PSYoungGen: 156434K->55008K(175104K)] 309276K->221716K(699392K), 0.0059241 secs] [Times: user=0.07 sys=0.00, real=0.00 secs] 
2016-09-25T22:36:53.669-0400: 9.039: [GC (GCLocker Initiated GC) [PSYoungGen: 143072K->58984K(175104K)] 309860K->230325K(699392K), 0.0054068 secs] [Times: user=0.07 sys=0.00, real=0.01 secs] 
2016-09-25T22:36:53.710-0400: 9.080: [GC (GCLocker Initiated GC) [PSYoungGen: 147048K->81884K(175104K)] 322572K->257830K(699392K), 0.0099397 secs] [Times: user=0.14 sys=0.00, real=0.01 secs] 
2016-09-25T22:36:53.757-0400: 9.127: [GC (GCLocker Initiated GC) [PSYoungGen: 169948K->76534K(175104K)] 348656K->265112K(699392K), 0.0067374 secs] [Times: user=0.10 sys=0.00, real=0.01 secs] 
2016-09-25T22:36:53.806-0400: 9.176: [GC (GCLocker Initiated GC) [PSYoungGen: 164598K->52216K(175104K)] 362691K->258759K(699392K), 0.0093884 secs] [Times: user=0.06 sys=0.00, real=0.01 secs] 
2016-09-25T22:36:53.861-0400: 9.231: [GC (GCLocker Initiated GC) [PSYoungGen: 140280K->46848K(175104K)] 352296K->287662K(699392K), 0.0092982 secs] [Times: user=0.14 sys=0.00, real=0.01 secs] 
2016-09-25T22:36:53.898-0400: 9.268: [GC (GCLocker Initiated GC) [PSYoungGen: 134912K->77964K(175104K)] 375843K->334229K(699392K), 0.0067830 secs] [Times: user=0.09 sys=0.00, real=0.01 secs] 
2016-09-25T22:36:53.948-0400: 9.318: [GC (GCLocker Initiated GC) [PSYoungGen: 166028K->65826K(175104K)] 430492K->349675K(699392K), 0.0070193 secs] [Times: user=0.08 sys=0.00, real=0.01 secs] 
2016-09-25T22:36:53.996-0400: 9.366: [GC (GCLocker Initiated GC) [PSYoungGen: 153890K->54820K(175104K)] 452661K->368891K(699392K), 0.0073593 secs] [Times: user=0.08 sys=0.00, real=0.01 secs] 
2016-09-25T22:36:54.053-0400: 9.423: [GC (GCLocker Initiated GC) [PSYoungGen: 142884K->64430K(175104K)] 466578K->408801K(699392K), 0.0064800 secs] [Times: user=0.10 sys=0.00, real=0.01 secs] 
2016-09-25T22:36:54.095-0400: 9.465: [GC (GCLocker Initiated GC) [PSYoungGen: 152494K->49452K(175104K)] 502271K->421241K(699392K), 0.0072252 secs] [Times: user=0.07 sys=0.01, real=0.01 secs] 
2016-09-25T22:36:54.141-0400: 9.511: [GC (GCLocker Initiated GC) [PSYoungGen: 137516K->73816K(175104K)] 520223K->456927K(699392K), 0.0065519 secs] [Times: user=0.10 sys=0.00, real=0.01 secs] 
2016-09-25T22:36:54.189-0400: 9.559: [GC (GCLocker Initiated GC) [PSYoungGen: 161880K->65634K(175104K)] 551891K->457406K(699392K), 0.0105134 secs] [Times: user=0.08 sys=0.00, real=0.01 secs] 
2016-09-25T22:36:54.243-0400: 9.613: [GC (GCLocker Initiated GC) [PSYoungGen: 153698K->62970K(175104K)] 545580K->480922K(699392K), 0.0072528 secs] [Times: user=0.10 sys=0.00, real=0.00 secs] 
2016-09-25T22:36:54.298-0400: 9.668: [GC (GCLocker Initiated GC) [PSYoungGen: 151034K->68398K(156672K)] 581309K->500413K(680960K), 0.0082021 secs] [Times: user=0.08 sys=0.00, real=0.01 secs] 
2016-09-25T22:36:54.344-0400: 9.714: [GC (GCLocker Initiated GC) [PSYoungGen: 156462K->77834K(174080K)] 591209K->531955K(698368K), 0.0078885 secs] [Times: user=0.10 sys=0.00, real=0.00 secs] 
2016-09-25T22:36:54.392-0400: 9.762: [GC (GCLocker Initiated GC) [PSYoungGen: 165386K->67052K(174592K)] 622359K->529844K(698880K), 0.0066776 secs] [Times: user=0.08 sys=0.00, real=0.01 secs] 
2016-09-25T22:36:54.444-0400: 9.814: [GC (GCLocker Initiated GC) [PSYoungGen: 154604K->52152K(175104K)] 620317K->535797K(699392K), 0.0065801 secs] [Times: user=0.07 sys=0.00, real=0.00 secs] 
2016-09-25T22:36:54.486-0400: 9.856: [GC (GCLocker Initiated GC) [PSYoungGen: 140216K->58938K(147456K)] 625476K->559532K(671744K), 0.0064468 secs] [Times: user=0.08 sys=0.00, real=0.00 secs] 
2016-09-25T22:36:54.493-0400: 9.863: [Full GC (Ergonomics) [PSYoungGen: 58938K->0K(147456K)] [ParOldGen: 500594K->67169K(524288K)] 559532K->67169K(671744K), [Metaspace: 43294K->43294K(1085440K)], 0.0468525 secs] [Times: user=0.40 sys=0.00, real=0.05 secs] 
2016-09-25T22:36:54.576-0400: 9.946: [GC (GCLocker Initiated GC) [PSYoungGen: 88064K->72740K(174080K)] 156862K->141538K(698368K), 0.0065884 secs] [Times: user=0.08 sys=0.00, real=0.01 secs] 
2016-09-25T22:36:54.625-0400: 9.995: [GC (GCLocker Initiated GC) [PSYoungGen: 160292K->46866K(174592K)] 231869K->162369K(698880K), 0.0080536 secs] [Times: user=0.11 sys=0.00, real=0.00 secs] 
2016-09-25T22:36:54.673-0400: 10.043: [GC (GCLocker Initiated GC) [PSYoungGen: 134418K->67162K(175104K)] 256829K->202193K(699392K), 0.0065443 secs] [Times: user=0.09 sys=0.00, real=0.01 secs] 
2016-09-25T22:36:54.718-0400: 10.088: [GC (GCLocker Initiated GC) [PSYoungGen: 155226K->54948K(143360K)] 293006K->210798K(667648K), 0.0066012 secs] [Times: user=0.07 sys=0.01, real=0.01 secs] 
2016-09-25T22:36:54.762-0400: 10.133: [GC (GCLocker Initiated GC) [PSYoungGen: 143012K->58792K(176640K)] 298930K->238072K(700928K), 0.0082154 secs] [Times: user=0.06 sys=0.00, real=0.00 secs] 
2016-09-25T22:36:54.807-0400: 10.177: [GC (GCLocker Initiated GC) [PSYoungGen: 148904K->67176K(174592K)] 336420K->265938K(698880K), 0.0066474 secs] [Times: user=0.08 sys=0.01, real=0.00 secs] 
2016-09-25T22:36:54.858-0400: 10.228: [GC (GCLocker Initiated GC) [PSYoungGen: 157288K->60188K(175616K)] 361547K->266302K(699904K), 0.0148865 secs] [Times: user=0.20 sys=0.00, real=0.01 secs] 
2016-09-25T22:36:54.910-0400: 10.280: [GC (GCLocker Initiated GC) [PSYoungGen: 153372K->58856K(175616K)] 364896K->281603K(699904K), 0.0060947 secs] [Times: user=0.07 sys=0.00, real=0.01 secs] 
2016-09-25T22:36:54.952-0400: 10.322: [GC (GCLocker Initiated GC) [PSYoungGen: 152040K->69798K(177664K)] 375033K->295857K(701952K), 0.0231558 secs] [Times: user=0.34 sys=0.00, real=0.03 secs] 
2016-09-25T22:36:55.012-0400: 10.382: [GC (GCLocker Initiated GC) [PSYoungGen: 166054K->77866K(174592K)] 392202K->305848K(698880K), 0.0071049 secs] [Times: user=0.09 sys=0.00, real=0.01 secs] 
2016-09-25T22:36:55.058-0400: 10.428: [GC (GCLocker Initiated GC) [PSYoungGen: 174122K->77976K(174080K)] 404917K->321348K(698368K), 0.0071207 secs] [Times: user=0.08 sys=0.00, real=0.01 secs] 
2016-09-25T22:36:55.122-0400: 10.492: [GC (GCLocker Initiated GC) [PSYoungGen: 166040K->49374K(175104K)] 417612K->320335K(699392K), 0.0059311 secs] [Times: user=0.05 sys=0.00, real=0.00 secs] 
2016-09-25T22:36:55.166-0400: 10.536: [GC (GCLocker Initiated GC) [PSYoungGen: 137438K->71180K(175104K)] 415241K->350714K(699392K), 0.0059275 secs] [Times: user=0.08 sys=0.00, real=0.00 secs] 
2016-09-25T22:36:55.208-0400: 10.578: [GC (GCLocker Initiated GC) [PSYoungGen: 159244K->65698K(175104K)] 444212K->364690K(699392K), 0.0066701 secs] [Times: user=0.09 sys=0.00, real=0.01 secs] 
2016-09-25T22:36:55.246-0400: 10.616: [GC (GCLocker Initiated GC) [PSYoungGen: 153762K->80552K(175104K)] 459590K->388204K(699392K), 0.0070668 secs] [Times: user=0.10 sys=0.01, real=0.00 secs] 
2016-09-25T22:36:55.295-0400: 10.665: [GC (GCLocker Initiated GC) [PSYoungGen: 168616K->71102K(175104K)] 479091K->413073K(699392K), 0.0079527 secs] [Times: user=0.12 sys=0.00, real=0.01 secs] 
2016-09-25T22:36:55.339-0400: 10.709: [GC (GCLocker Initiated GC) [PSYoungGen: 159166K->55012K(175104K)] 506618K->441996K(699392K), 0.0072579 secs] [Times: user=0.10 sys=0.00, real=0.01 secs] 
2016-09-25T22:36:55.384-0400: 10.754: [GC (GCLocker Initiated GC) [PSYoungGen: 143076K->71051K(175104K)] 532842K->477485K(699392K), 0.0078842 secs] [Times: user=0.09 sys=0.01, real=0.00 secs] 
2016-09-25T22:36:55.432-0400: 10.802: [GC (GCLocker Initiated GC) [PSYoungGen: 159115K->77820K(175104K)] 565666K->499680K(699392K), 0.0071922 secs] [Times: user=0.09 sys=0.00, real=0.01 secs] 
2016-09-25T22:36:55.473-0400: 10.843: [GC (GCLocker Initiated GC) [PSYoungGen: 165884K->72561K(175104K)] 590558K->525979K(699392K), 0.0075231 secs] [Times: user=0.11 sys=0.00, real=0.01 secs] 
2016-09-25T22:36:55.522-0400: 10.892: [GC (GCLocker Initiated GC) [PSYoungGen: 160625K->64351K(175104K)] 614503K->541662K(699392K), 0.0076198 secs] [Times: user=0.08 sys=0.00, real=0.01 secs] 
2016-09-25T22:36:55.559-0400: 10.929: [GC (GCLocker Initiated GC) [PSYoungGen: 152415K->84679K(175104K)] 632510K->565196K(699392K), 0.0076800 secs] [Times: user=0.11 sys=0.00, real=0.01 secs] 
2016-09-25T22:36:55.601-0400: 10.971: [Full GC (Ergonomics) [PSYoungGen: 172743K->0K(175104K)] [ParOldGen: 483469K->88347K(524288K)] 656213K->88347K(699392K), [Metaspace: 43302K->43302K(1085440K)], 0.0580514 secs] [Times: user=0.55 sys=0.01, real=0.06 secs] 
2016-09-25T22:36:55.705-0400: 11.076: [GC (GCLocker Initiated GC) [PSYoungGen: 88064K->66003K(175104K)] 181263K->159203K(699392K), 0.0099351 secs] [Times: user=0.14 sys=0.00, real=0.01 secs] 
2016-09-25T22:36:55.758-0400: 11.128: [GC (GCLocker Initiated GC) [PSYoungGen: 154067K->50865K(175104K)] 250028K->169151K(699392K), 0.0098056 secs] [Times: user=0.13 sys=0.00, real=0.01 secs] 
2016-09-25T22:36:55.811-0400: 11.181: [GC (GCLocker Initiated GC) [PSYoungGen: 138929K->76579K(175104K)] 260039K->214333K(699392K), 0.0068026 secs] [Times: user=0.10 sys=0.00, real=0.01 secs] 
2016-09-25T22:36:55.861-0400: 11.231: [GC (GCLocker Initiated GC) [PSYoungGen: 164643K->56343K(175104K)] 307422K->222591K(699392K), 0.0117770 secs] [Times: user=0.17 sys=0.00, real=0.01 secs] 
2016-09-25T22:36:55.924-0400: 11.294: [GC (GCLocker Initiated GC) [PSYoungGen: 144407K->57711K(175104K)] 325608K->255548K(699392K), 0.0067020 secs] [Times: user=0.08 sys=0.01, real=0.00 secs] 
2016-09-25T22:36:55.972-0400: 11.342: [GC (GCLocker Initiated GC) [PSYoungGen: 145775K->50819K(175104K)] 346380K->277629K(699392K), 0.0065499 secs] [Times: user=0.08 sys=0.01, real=0.01 secs] 
2016-09-25T22:36:56.009-0400: 11.379: [GC (GCLocker Initiated GC) [PSYoungGen: 138883K->84693K(175104K)] 365852K->318793K(699392K), 0.0085322 secs] [Times: user=0.11 sys=0.02, real=0.01 secs] 
2016-09-25T22:36:56.058-0400: 11.428: [GC (GCLocker Initiated GC) [PSYoungGen: 172757K->50865K(175104K)] 409583K->313792K(699392K), 0.0065205 secs] [Times: user=0.08 sys=0.01, real=0.01 secs] 
2016-09-25T22:36:56.108-0400: 11.478: [GC (GCLocker Initiated GC) [PSYoungGen: 138929K->50787K(175104K)] 407366K->325100K(699392K), 0.0053916 secs] [Times: user=0.06 sys=0.00, real=0.00 secs] 
2016-09-25T22:36:56.145-0400: 11.515: [GC (GCLocker Initiated GC) [PSYoungGen: 138851K->72625K(175104K)] 415986K->354199K(699392K), 0.0064082 secs] [Times: user=0.07 sys=0.01, real=0.00 secs] 
2016-09-25T22:36:56.192-0400: 11.562: [GC (GCLocker Initiated GC) [PSYoungGen: 160689K->61619K(175104K)] 442280K->366723K(699392K), 0.0073052 secs] [Times: user=0.09 sys=0.02, real=0.01 secs] 
2016-09-25T22:36:56.235-0400: 11.605: [GC (GCLocker Initiated GC) [PSYoungGen: 149683K->79375K(175104K)] 454939K->394462K(699392K), 0.0068287 secs] [Times: user=0.08 sys=0.00, real=0.01 secs] 
2016-09-25T22:36:56.282-0400: 11.652: [GC (GCLocker Initiated GC) [PSYoungGen: 167439K->57661K(175104K)] 485298K->388237K(699392K), 0.0064714 secs] [Times: user=0.07 sys=0.01, real=0.00 secs] 
2016-09-25T22:36:56.322-0400: 11.692: [GC (GCLocker Initiated GC) [PSYoungGen: 145725K->68511K(175104K)] 476399K->410493K(699392K), 0.0075061 secs] [Times: user=0.08 sys=0.02, real=0.00 secs] 
2016-09-25T22:36:56.371-0400: 11.741: [GC (GCLocker Initiated GC) [PSYoungGen: 156575K->61743K(175104K)] 506800K->439483K(699392K), 0.0075203 secs] [Times: user=0.09 sys=0.00, real=0.01 secs] 
2016-09-25T22:36:56.423-0400: 11.793: [GC (GCLocker Initiated GC) [PSYoungGen: 149807K->39905K(175104K)] 537109K->442465K(699392K), 0.0074783 secs] [Times: user=0.05 sys=0.01, real=0.00 secs] 
2016-09-25T22:36:56.472-0400: 11.842: [GC (GCLocker Initiated GC) [PSYoungGen: 127969K->65670K(175104K)] 533351K->484971K(699392K), 0.0065683 secs] [Times: user=0.08 sys=0.00, real=0.01 secs] 
2016-09-25T22:36:56.515-0400: 11.885: [GC (GCLocker Initiated GC) [PSYoungGen: 153734K->78007K(175104K)] 578017K->502649K(699392K), 0.0070107 secs] [Times: user=0.09 sys=0.01, real=0.01 secs] 
2016-09-25T22:36:56.560-0400: 11.930: [GC (GCLocker Initiated GC) [PSYoungGen: 166071K->53551K(175104K)] 598830K->488213K(699392K), 0.0055415 secs] [Times: user=0.07 sys=0.00, real=0.01 secs] 
2016-09-25T22:36:56.602-0400: 11.972: [GC (GCLocker Initiated GC) [PSYoungGen: 141615K->84648K(175104K)] 576396K->521154K(699392K), 0.0140835 secs] [Times: user=0.20 sys=0.01, real=0.02 secs] 
2016-09-25T22:36:56.655-0400: 12.025: [GC (GCLocker Initiated GC) [PSYoungGen: 172712K->64319K(175104K)] 609273K->533724K(699392K), 0.0082071 secs] [Times: user=0.10 sys=0.00, real=0.01 secs] 
2016-09-25T22:36:56.702-0400: 12.072: [GC (GCLocker Initiated GC) [PSYoungGen: 152383K->55043K(175104K)] 627434K->556118K(699392K), 0.0072356 secs] [Times: user=0.07 sys=0.01, real=0.01 secs] 
2016-09-25T22:36:56.709-0400: 12.079: [Full GC (Ergonomics) [PSYoungGen: 55043K->0K(175104K)] [ParOldGen: 501074K->92888K(524288K)] 556118K->92888K(699392K), [Metaspace: 43334K->43334K(1085440K)], 0.0484538 secs] [Times: user=0.39 sys=0.01, real=0.05 secs] 
2016-09-25T22:36:56.797-0400: 12.167: [GC (GCLocker Initiated GC) [PSYoungGen: 88064K->82281K(175104K)] 192001K->186219K(699392K), 0.0063980 secs] [Times: user=0.09 sys=0.00, real=0.01 secs] 
2016-09-25T22:36:56.848-0400: 12.218: [GC (GCLocker Initiated GC) [PSYoungGen: 170345K->63015K(175104K)] 285111K->181266K(699392K), 0.0066813 secs] [Times: user=0.09 sys=0.00, real=0.01 secs] 
2016-09-25T22:36:56.895-0400: 12.265: [GC (GCLocker Initiated GC) [PSYoungGen: 151079K->69687K(175104K)] 269413K->195190K(699392K), 0.0083153 secs] [Times: user=0.11 sys=0.00, real=0.01 secs] 
2016-09-25T22:36:56.934-0400: 12.304: [GC (GCLocker Initiated GC) [PSYoungGen: 157751K->61683K(175104K)] 283424K->228265K(699392K), 0.0104114 secs] [Times: user=0.14 sys=0.01, real=0.01 secs] 
2016-09-25T22:36:56.983-0400: 12.353: [GC (GCLocker Initiated GC) [PSYoungGen: 149747K->77929K(175104K)] 319182K->261330K(699392K), 0.0078340 secs] [Times: user=0.11 sys=0.00, real=0.00 secs] 
2016-09-25T22:36:57.037-0400: 12.407: [GC (GCLocker Initiated GC) [PSYoungGen: 165993K->56375K(175104K)] 361587K->255143K(699392K), 0.0079531 secs] [Times: user=0.08 sys=0.00, real=0.01 secs] 
2016-09-25T22:36:57.085-0400: 12.455: [GC (GCLocker Initiated GC) [PSYoungGen: 144439K->65701K(175104K)] 343282K->269139K(699392K), 0.0061309 secs] [Times: user=0.06 sys=0.00, real=0.00 secs] 
2016-09-25T22:36:57.128-0400: 12.498: [GC (GCLocker Initiated GC) [PSYoungGen: 153765K->57615K(175104K)] 362728K->291280K(699392K), 0.0080822 secs] [Times: user=0.11 sys=0.00, real=0.01 secs] 
2016-09-25T22:36:57.182-0400: 12.552: [GC (GCLocker Initiated GC) [PSYoungGen: 145679K->86094K(175104K)] 382154K->324373K(699392K), 0.0103483 secs] [Times: user=0.10 sys=0.01, real=0.00 secs] 
2016-09-25T22:36:57.240-0400: 12.610: [GC (GCLocker Initiated GC) [PSYoungGen: 174158K->58951K(175104K)] 416493K->312594K(699392K), 0.0086770 secs] [Times: user=0.10 sys=0.00, real=0.01 secs] 
2016-09-25T22:36:57.292-0400: 12.662: [GC (GCLocker Initiated GC) [PSYoungGen: 147015K->76611K(175104K)] 406112K->345615K(699392K), 0.0089097 secs] [Times: user=0.14 sys=0.00, real=0.01 secs] 
2016-09-25T22:36:57.344-0400: 12.714: [GC (GCLocker Initiated GC) [PSYoungGen: 164675K->84725K(175104K)] 439269K->362494K(699392K), 0.0111040 secs] [Times: user=0.15 sys=0.01, real=0.01 secs] 
2016-09-25T22:36:57.405-0400: 12.775: [GC (GCLocker Initiated GC) [PSYoungGen: 172789K->61697K(175104K)] 454792K->367183K(699392K), 0.0069425 secs] [Times: user=0.08 sys=0.00, real=0.00 secs] 
2016-09-25T22:36:57.461-0400: 12.831: [GC (GCLocker Initiated GC) [PSYoungGen: 149761K->67038K(175104K)] 455436K->379926K(699392K), 0.0087037 secs] [Times: user=0.08 sys=0.00, real=0.01 secs] 
2016-09-25T22:36:57.531-0400: 12.901: [GC (GCLocker Initiated GC) [PSYoungGen: 155102K->63189K(175104K)] 472172K->407667K(699392K), 0.0091086 secs] [Times: user=0.13 sys=0.00, real=0.01 secs] 
2016-09-25T22:36:57.573-0400: 12.943: [GC (GCLocker Initiated GC) [PSYoungGen: 151253K->83329K(175104K)] 497267K->443476K(699392K), 0.0084420 secs] [Times: user=0.10 sys=0.00, real=0.01 secs] 
2016-09-25T22:36:57.629-0400: 12.999: [GC (GCLocker Initiated GC) [PSYoungGen: 171393K->72419K(175104K)] 538539K->465650K(699392K), 0.0112991 secs] [Times: user=0.12 sys=0.00, real=0.01 secs] 
2016-09-25T22:36:57.692-0400: 13.062: [GC (GCLocker Initiated GC) [PSYoungGen: 160483K->50897K(175104K)] 563375K->464986K(699392K), 0.0080716 secs] [Times: user=0.10 sys=0.00, real=0.01 secs] 
2016-09-25T22:36:57.748-0400: 13.118: [GC (GCLocker Initiated GC) [PSYoungGen: 138961K->60411K(175104K)] 554432K->480455K(699392K), 0.0082769 secs] [Times: user=0.08 sys=0.00, real=0.01 secs] 
2016-09-25T22:36:57.796-0400: 13.166: [GC (GCLocker Initiated GC) [PSYoungGen: 148475K->71229K(175104K)] 568609K->502670K(699392K), 0.0066438 secs] [Times: user=0.09 sys=0.01, real=0.01 secs] 
2016-09-25T22:36:57.846-0400: 13.216: [GC (GCLocker Initiated GC) [PSYoungGen: 159293K->56361K(175104K)] 593537K->518086K(699392K), 0.0066952 secs] [Times: user=0.08 sys=0.00, real=0.00 secs] 
2016-09-25T22:36:57.900-0400: 13.270: [GC (GCLocker Initiated GC) [PSYoungGen: 144425K->64301K(175104K)] 611798K->536159K(699392K), 0.0097173 secs] [Times: user=0.07 sys=0.00, real=0.01 secs] 
2016-09-25T22:36:57.955-0400: 13.325: [GC (GCLocker Initiated GC) [PSYoungGen: 152365K->69797K(175104K)] 632416K->570617K(699392K), 0.0094595 secs] [Times: user=0.13 sys=0.00, real=0.01 secs] 
2016-09-25T22:36:57.964-0400: 13.334: [Full GC (Ergonomics) [PSYoungGen: 69797K->0K(175104K)] [ParOldGen: 500820K->102981K(524288K)] 570617K->102981K(699392K), [Metaspace: 43336K->43336K(1085440K)], 0.0692582 secs] [Times: user=0.48 sys=0.01, real=0.06 secs] 
2016-09-25T22:36:58.101-0400: 13.472: [GC (GCLocker Initiated GC) [PSYoungGen: 88064K->55107K(175104K)] 203282K->170326K(699392K), 0.0071811 secs] [Times: user=0.08 sys=0.00, real=0.01 secs] 
2016-09-25T22:36:58.151-0400: 13.521: [GC (GCLocker Initiated GC) [PSYoungGen: 143171K->53565K(175104K)] 258600K->187235K(699392K), 0.0058509 secs] [Times: user=0.05 sys=0.00, real=0.01 secs] 
2016-09-25T22:36:58.205-0400: 13.575: [GC (GCLocker Initiated GC) [PSYoungGen: 141629K->69861K(175104K)] 284811K->214852K(699392K), 0.0058097 secs] [Times: user=0.06 sys=0.00, real=0.00 secs] 
2016-09-25T22:36:58.259-0400: 13.629: [GC (GCLocker Initiated GC) [PSYoungGen: 157925K->64301K(172032K)] 311242K->222047K(696320K), 0.0105154 secs] [Times: user=0.05 sys=0.00, real=0.01 secs] 
2016-09-25T22:36:58.319-0400: 13.689: [GC (GCLocker Initiated GC) [PSYoungGen: 152365K->65698K(173568K)] 321071K->234814K(697856K), 0.0064974 secs] [Times: user=0.05 sys=0.00, real=0.01 secs] 
2016-09-25T22:36:58.379-0400: 13.749: [GC (GCLocker Initiated GC) [PSYoungGen: 153762K->54902K(175616K)] 325676K->252960K(699904K), 0.0086536 secs] [Times: user=0.10 sys=0.01, real=0.01 secs] 
2016-09-25T22:36:58.432-0400: 13.802: [GC (GCLocker Initiated GC) [PSYoungGen: 147574K->65876K(176128K)] 351169K->287379K(700416K), 0.0071474 secs] [Times: user=0.09 sys=0.00, real=0.01 secs] 
2016-09-25T22:36:58.483-0400: 13.853: [GC (GCLocker Initiated GC) [PSYoungGen: 158548K->71115K(177152K)] 385582K->312221K(701440K), 0.0068501 secs] [Times: user=0.09 sys=0.00, real=0.00 secs] 
2016-09-25T22:36:58.540-0400: 13.910: [GC (GCLocker Initiated GC) [PSYoungGen: 165835K->83298K(178176K)] 407168K->326416K(702464K), 0.0096460 secs] [Times: user=0.12 sys=0.00, real=0.01 secs] 
2016-09-25T22:36:58.608-0400: 13.978: [GC (GCLocker Initiated GC) [PSYoungGen: 178018K->67157K(173056K)] 431974K->337741K(697344K), 0.0069352 secs] [Times: user=0.07 sys=0.01, real=0.01 secs] 
2016-09-25T22:36:58.668-0400: 14.038: [GC (GCLocker Initiated GC) [PSYoungGen: 156245K->64206K(175616K)] 432482K->343583K(699904K), 0.0289473 secs] [Times: user=0.25 sys=0.00, real=0.03 secs] 
2016-09-25T22:36:58.747-0400: 14.117: [GC (GCLocker Initiated GC) [PSYoungGen: 153294K->69747K(173568K)] 446339K->363180K(697856K), 0.0086531 secs] [Times: user=0.10 sys=0.00, real=0.01 secs] 
2016-09-25T22:36:58.812-0400: 14.182: [GC (GCLocker Initiated GC) [PSYoungGen: 160371K->68447K(175104K)] 457893K->367784K(699392K), 0.0077650 secs] [Times: user=0.10 sys=0.01, real=0.01 secs] 
2016-09-25T22:36:58.867-0400: 14.237: [GC (GCLocker Initiated GC) [PSYoungGen: 159071K->60320K(176128K)] 458533K->379124K(700416K), 0.0121340 secs] [Times: user=0.15 sys=0.00, real=0.01 secs] 
2016-09-25T22:36:58.918-0400: 14.288: [GC (GCLocker Initiated GC) [PSYoungGen: 154528K->65729K(177152K)] 473398K->398460K(701440K), 0.0087662 secs] [Times: user=0.08 sys=0.00, real=0.01 secs] 
2016-09-25T22:36:58.976-0400: 14.346: [GC (GCLocker Initiated GC) [PSYoungGen: 159937K->68370K(177664K)] 492817K->417971K(701952K), 0.0139504 secs] [Times: user=0.12 sys=0.00, real=0.01 secs] 
2016-09-25T22:36:59.043-0400: 14.413: [GC (GCLocker Initiated GC) [PSYoungGen: 166162K->48179K(178176K)] 523910K->410364K(702464K), 0.0064937 secs] [Times: user=0.07 sys=0.00, real=0.00 secs] 
2016-09-25T22:36:59.100-0400: 14.470: [GC (GCLocker Initiated GC) [PSYoungGen: 145971K->72621K(177664K)] 516335K->443459K(701952K), 0.0089886 secs] [Times: user=0.09 sys=0.00, real=0.01 secs] 
2016-09-25T22:36:59.158-0400: 14.528: [GC (GCLocker Initiated GC) [PSYoungGen: 167853K->55057K(178688K)] 550932K->457581K(702976K), 0.0092756 secs] [Times: user=0.13 sys=0.00, real=0.01 secs] 
2016-09-25T22:36:59.219-0400: 14.589: [GC (GCLocker Initiated GC) [PSYoungGen: 150289K->56219K(177664K)] 552859K->472782K(701952K), 0.0081107 secs] [Times: user=0.10 sys=0.00, real=0.01 secs] 
2016-09-25T22:36:59.282-0400: 14.652: [GC (GCLocker Initiated GC) [PSYoungGen: 151451K->80835K(176128K)] 570788K->501912K(700416K), 0.0170767 secs] [Times: user=0.18 sys=0.01, real=0.01 secs] 
2016-09-25T22:36:59.347-0400: 14.717: [GC (GCLocker Initiated GC) [PSYoungGen: 176067K->53438K(174080K)] 601317K->491418K(698368K), 0.0070205 secs] [Times: user=0.06 sys=0.01, real=0.00 secs] 
2016-09-25T22:36:59.402-0400: 14.772: [GC (GCLocker Initiated GC) [PSYoungGen: 141502K->44166K(175104K)] 579733K->492267K(699392K), 0.0087419 secs] [Times: user=0.08 sys=0.00, real=0.01 secs] 
2016-09-25T22:36:59.451-0400: 14.821: [GC (GCLocker Initiated GC) [PSYoungGen: 132230K->65702K(175104K)] 583214K->529258K(699392K), 0.0065454 secs] [Times: user=0.07 sys=0.00, real=0.01 secs] 
2016-09-25T22:36:59.509-0400: 14.880: [GC (GCLocker Initiated GC) [PSYoungGen: 153766K->37223K(175104K)] 617541K->539260K(699392K), 0.0064401 secs] [Times: user=0.08 sys=0.00, real=0.01 secs] 
2016-09-25T22:36:59.516-0400: 14.886: [Full GC (Ergonomics) [PSYoungGen: 37223K->0K(175104K)] [ParOldGen: 502037K->97908K(524288K)] 539260K->97908K(699392K), [Metaspace: 43343K->43343K(1085440K)], 0.0658996 secs] [Times: user=0.41 sys=0.02, real=0.06 secs] 
2016-09-25T22:36:59.625-0400: 14.995: [GC (GCLocker Initiated GC) [PSYoungGen: 88064K->70149K(175104K)] 190056K->172142K(699392K), 0.0099099 secs] [Times: user=0.11 sys=0.00, real=0.01 secs] 
2016-09-25T22:36:59.683-0400: 15.053: [GC (GCLocker Initiated GC) [PSYoungGen: 158213K->75152K(175104K)] 265763K->184871K(699392K), 0.0073161 secs] [Times: user=0.10 sys=0.00, real=0.00 secs] 
2016-09-25T22:36:59.751-0400: 15.122: [GC (GCLocker Initiated GC) [PSYoungGen: 163216K->49487K(175104K)] 282576K->202995K(699392K), 0.0156094 secs] [Times: user=0.21 sys=0.00, real=0.02 secs] 
2016-09-25T22:36:59.804-0400: 15.174: [GC (GCLocker Initiated GC) [PSYoungGen: 137551K->79127K(175104K)] 295131K->237083K(699392K), 0.0066511 secs] [Times: user=0.08 sys=0.00, real=0.00 secs] 
2016-09-25T22:36:59.854-0400: 15.224: [GC (GCLocker Initiated GC) [PSYoungGen: 167191K->75028K(175104K)] 325152K->241381K(699392K), 0.0060586 secs] [Times: user=0.09 sys=0.00, real=0.01 secs] 
2016-09-25T22:36:59.898-0400: 15.268: [GC (GCLocker Initiated GC) [PSYoungGen: 163092K->84666K(175104K)] 329627K->258270K(699392K), 0.0067381 secs] [Times: user=0.09 sys=0.00, real=0.01 secs] 
2016-09-25T22:36:59.946-0400: 15.316: [GC (GCLocker Initiated GC) [PSYoungGen: 172730K->68328K(175104K)] 349088K->268110K(699392K), 0.0071227 secs] [Times: user=0.10 sys=0.01, real=0.00 secs] 
2016-09-25T22:36:59.995-0400: 15.365: [GC (GCLocker Initiated GC) [PSYoungGen: 156392K->68348K(175104K)] 359084K->283529K(699392K), 0.0085925 secs] [Times: user=0.10 sys=0.00, real=0.01 secs] 
2016-09-25T22:37:00.043-0400: 15.413: [GC (GCLocker Initiated GC) [PSYoungGen: 156412K->71142K(175104K)] 374326K->293461K(699392K), 0.0086132 secs] [Times: user=0.10 sys=0.01, real=0.00 secs] 
2016-09-25T22:37:00.091-0400: 15.461: [GC (GCLocker Initiated GC) [PSYoungGen: 159206K->65646K(175104K)] 384324K->295184K(699392K), 0.0059632 secs] [Times: user=0.08 sys=0.00, real=0.01 secs] 
2016-09-25T22:37:00.145-0400: 15.515: [GC (GCLocker Initiated GC) [PSYoungGen: 153710K->47857K(175104K)] 388828K->287311K(699392K), 0.0099756 secs] [Times: user=0.05 sys=0.01, real=0.01 secs] 
2016-09-25T22:37:00.194-0400: 15.564: [GC (GCLocker Initiated GC) [PSYoungGen: 135921K->49257K(175104K)] 375530K->306682K(699392K), 0.0113278 secs] [Times: user=0.11 sys=0.00, real=0.01 secs] 
2016-09-25T22:37:00.256-0400: 15.626: [GC (GCLocker Initiated GC) [PSYoungGen: 137321K->53385K(175104K)] 405617K->344951K(699392K), 0.0077480 secs] [Times: user=0.09 sys=0.00, real=0.01 secs] 
2016-09-25T22:37:00.302-0400: 15.672: [GC (GCLocker Initiated GC) [PSYoungGen: 141449K->43811K(175104K)] 434405K->355906K(699392K), 0.0102974 secs] [Times: user=0.09 sys=0.00, real=0.00 secs] 
2016-09-25T22:37:00.357-0400: 15.727: [GC (GCLocker Initiated GC) [PSYoungGen: 131875K->56085K(175104K)] 446792K->386123K(699392K), 0.0064648 secs] [Times: user=0.07 sys=0.00, real=0.01 secs] 
2016-09-25T22:37:00.407-0400: 15.777: [GC (GCLocker Initiated GC) [PSYoungGen: 144149K->58850K(146944K)] 487899K->415042K(671232K), 0.0181414 secs] [Times: user=0.29 sys=0.00, real=0.02 secs] 
2016-09-25T22:37:00.474-0400: 15.844: [GC (GCLocker Initiated GC) [PSYoungGen: 146914K->61489K(176640K)] 503217K->420776K(700928K), 0.0074964 secs] [Times: user=0.07 sys=0.00, real=0.00 secs] 
2016-09-25T22:37:00.516-0400: 15.886: [GC (GCLocker Initiated GC) [PSYoungGen: 151601K->79133K(174592K)] 511008K->438755K(698880K), 0.0074244 secs] [Times: user=0.07 sys=0.01, real=0.01 secs] 
2016-09-25T22:37:00.559-0400: 15.929: [GC (GCLocker Initiated GC) [PSYoungGen: 169245K->74954K(175104K)] 531711K->445842K(699392K), 0.0066969 secs] [Times: user=0.09 sys=0.00, real=0.01 secs] 
2016-09-25T22:37:00.600-0400: 15.970: [GC (GCLocker Initiated GC) [PSYoungGen: 163018K->47922K(175104K)] 547480K->451482K(699392K), 0.0091391 secs] [Times: user=0.09 sys=0.00, real=0.01 secs] 
2016-09-25T22:37:00.650-0400: 16.020: [GC (GCLocker Initiated GC) [PSYoungGen: 135986K->65554K(175104K)] 552046K->492670K(699392K), 0.0170776 secs] [Times: user=0.19 sys=0.00, real=0.02 secs] 
2016-09-25T22:37:00.731-0400: 16.101: [GC (GCLocker Initiated GC) [PSYoungGen: 153618K->68300K(175104K)] 590328K->505244K(699392K), 0.0097575 secs] [Times: user=0.13 sys=0.00, real=0.01 secs] 
2016-09-25T22:37:00.792-0400: 16.162: [GC (GCLocker Initiated GC) [PSYoungGen: 156364K->49322K(175104K)] 621882K->515095K(699392K), 0.0065320 secs] [Times: user=0.08 sys=0.00, real=0.01 secs] 
2016-09-25T22:37:00.837-0400: 16.207: [GC (GCLocker Initiated GC) [PSYoungGen: 137386K->76354K(175104K)] 608617K->550511K(699392K), 0.0065589 secs] [Times: user=0.08 sys=0.00, real=0.01 secs] 
2016-09-25T22:37:00.904-0400: 16.274: [GC (GCLocker Initiated GC) [PSYoungGen: 164418K->46493K(175104K)] 648431K->534756K(699392K), 0.0132525 secs] [Times: user=0.14 sys=0.00, real=0.01 secs] 
2016-09-25T22:37:00.977-0400: 16.347: [GC (GCLocker Initiated GC) [PSYoungGen: 134557K->54658K(175104K)] 622909K->558109K(699392K), 0.0095177 secs] [Times: user=0.12 sys=0.00, real=0.01 secs] 
2016-09-25T22:37:00.987-0400: 16.357: [Full GC (Ergonomics) [PSYoungGen: 54658K->0K(175104K)] [ParOldGen: 503451K->102927K(524288K)] 558109K->102927K(699392K), [Metaspace: 43346K->43346K(1085440K)], 0.0492781 secs] [Times: user=0.34 sys=0.01, real=0.05 secs] 
2016-09-25T22:37:01.071-0400: 16.441: [GC (GCLocker Initiated GC) [PSYoungGen: 88064K->76435K(175104K)] 193758K->182130K(699392K), 0.0122981 secs] [Times: user=0.11 sys=0.00, real=0.02 secs] 
2016-09-25T22:37:01.135-0400: 16.505: [GC (GCLocker Initiated GC) [PSYoungGen: 164499K->57422K(175104K)] 270196K->199962K(699392K), 0.0105592 secs] [Times: user=0.14 sys=0.00, real=0.01 secs] 
2016-09-25T22:37:01.211-0400: 16.581: [GC (GCLocker Initiated GC) [PSYoungGen: 145486K->69650K(175104K)] 290747K->215144K(699392K), 0.0060722 secs] [Times: user=0.05 sys=0.00, real=0.01 secs] 
2016-09-25T22:37:01.253-0400: 16.623: [GC (GCLocker Initiated GC) [PSYoungGen: 157714K->57424K(175104K)] 307330K->211355K(699392K), 0.0070112 secs] [Times: user=0.05 sys=0.00, real=0.01 secs] 
2016-09-25T22:37:01.294-0400: 16.664: [GC (GCLocker Initiated GC) [PSYoungGen: 145488K->57454K(175104K)] 304938K->234701K(699392K), 0.0127037 secs] [Times: user=0.16 sys=0.00, real=0.02 secs] 
2016-09-25T22:37:01.370-0400: 16.740: [GC (GCLocker Initiated GC) [PSYoungGen: 145518K->58836K(146944K)] 332265K->260664K(671232K), 0.0128693 secs] [Times: user=0.11 sys=0.01, real=0.02 secs] 
2016-09-25T22:37:01.438-0400: 16.808: [GC (GCLocker Initiated GC) [PSYoungGen: 146900K->70904K(172032K)] 348798K->275772K(696320K), 0.0063012 secs] [Times: user=0.06 sys=0.00, real=0.01 secs] 
2016-09-25T22:37:01.479-0400: 16.849: [GC (GCLocker Initiated GC) [PSYoungGen: 157944K->37044K(173056K)] 371026K->266544K(697344K), 0.0139784 secs] [Times: user=0.18 sys=0.00, real=0.01 secs] 
2016-09-25T22:37:01.537-0400: 16.907: [GC (GCLocker Initiated GC) [PSYoungGen: 124084K->56086K(174080K)] 361866K->310350K(698368K), 0.0155763 secs] [Times: user=0.19 sys=0.00, real=0.01 secs] 
2016-09-25T22:37:01.610-0400: 16.980: [GC (GCLocker Initiated GC) [PSYoungGen: 145174K->50610K(174592K)] 400704K->328014K(698880K), 0.0126687 secs] [Times: user=0.11 sys=0.00, real=0.02 secs] 
2016-09-25T22:37:01.668-0400: 17.038: [GC (GCLocker Initiated GC) [PSYoungGen: 139698K->53290K(174080K)] 419876K->345866K(698368K), 0.0117426 secs] [Times: user=0.16 sys=0.00, real=0.01 secs] 
2016-09-25T22:37:01.724-0400: 17.094: [GC (GCLocker Initiated GC) [PSYoungGen: 145450K->39872K(175104K)] 442168K->362457K(699392K), 0.0116711 secs] [Times: user=0.15 sys=0.00, real=0.01 secs] 
2016-09-25T22:37:01.774-0400: 17.144: [GC (GCLocker Initiated GC) [PSYoungGen: 132032K->83200K(171520K)] 454787K->407618K(695808K), 0.0105210 secs] [Times: user=0.14 sys=0.01, real=0.01 secs] 
2016-09-25T22:37:01.847-0400: 17.217: [GC (GCLocker Initiated GC) [PSYoungGen: 171264K->62836K(175104K)] 495764K->420074K(699392K), 0.0110520 secs] [Times: user=0.17 sys=0.00, real=0.01 secs] 
2016-09-25T22:37:01.901-0400: 17.271: [GC (GCLocker Initiated GC) [PSYoungGen: 150900K->62950K(175104K)] 508245K->442117K(699392K), 0.0077270 secs] [Times: user=0.10 sys=0.01, real=0.01 secs] 
2016-09-25T22:37:01.949-0400: 17.319: [GC (GCLocker Initiated GC) [PSYoungGen: 151014K->69522K(175104K)] 530270K->454517K(699392K), 0.0071767 secs] [Times: user=0.09 sys=0.00, real=0.01 secs] 
2016-09-25T22:37:02.003-0400: 17.373: [GC (GCLocker Initiated GC) [PSYoungGen: 157586K->74940K(175104K)] 542749K->477858K(699392K), 0.0125660 secs] [Times: user=0.13 sys=0.00, real=0.01 secs] 
2016-09-25T22:37:02.067-0400: 17.437: [GC (GCLocker Initiated GC) [PSYoungGen: 163004K->53322K(175104K)] 568771K->475546K(699392K), 0.0107770 secs] [Times: user=0.10 sys=0.00, real=0.01 secs] 
2016-09-25T22:37:02.122-0400: 17.492: [GC (GCLocker Initiated GC) [PSYoungGen: 141386K->72318K(175104K)] 571866K->505779K(699392K), 0.0069524 secs] [Times: user=0.08 sys=0.00, real=0.01 secs] 
2016-09-25T22:37:02.164-0400: 17.534: [GC (GCLocker Initiated GC) [PSYoungGen: 160382K->68190K(175104K)] 599350K->527686K(699392K), 0.0080237 secs] [Times: user=0.10 sys=0.01, real=0.00 secs] 
2016-09-25T22:37:02.211-0400: 17.581: [GC (GCLocker Initiated GC) [PSYoungGen: 156254K->50703K(175104K)] 622566K->530739K(699392K), 0.0067433 secs] [Times: user=0.08 sys=0.00, real=0.01 secs] 
2016-09-25T22:37:02.263-0400: 17.633: [GC (GCLocker Initiated GC) [PSYoungGen: 138767K->85868K(175104K)] 625704K->575802K(699392K), 0.0077393 secs] [Times: user=0.08 sys=0.00, real=0.00 secs] 
2016-09-25T22:37:02.271-0400: 17.641: [Full GC (Ergonomics) [PSYoungGen: 85868K->0K(175104K)] [ParOldGen: 489934K->117303K(524288K)] 575802K->117303K(699392K), [Metaspace: 43359K->43359K(1085440K)], 0.0631583 secs] [Times: user=0.52 sys=0.00, real=0.07 secs] 
2016-09-25T22:37:02.382-0400: 17.752: [GC (GCLocker Initiated GC) [PSYoungGen: 88064K->69650K(175104K)] 205442K->187029K(699392K), 0.0067546 secs] [Times: user=0.08 sys=0.00, real=0.01 secs] 
2016-09-25T22:37:02.436-0400: 17.806: [GC (GCLocker Initiated GC) [PSYoungGen: 157714K->43824K(175104K)] 277937K->190079K(699392K), 0.0109491 secs] [Times: user=0.10 sys=0.01, real=0.01 secs] 
2016-09-25T22:37:02.495-0400: 17.865: [GC (GCLocker Initiated GC) [PSYoungGen: 131888K->43822K(175104K)] 278175K->206580K(699392K), 0.0091532 secs] [Times: user=0.08 sys=0.01, real=0.01 secs] 
2016-09-25T22:37:02.549-0400: 17.919: [GC (GCLocker Initiated GC) [PSYoungGen: 131886K->68270K(175104K)] 294883K->238335K(699392K), 0.0075413 secs] [Times: user=0.09 sys=0.00, real=0.01 secs] 
2016-09-25T22:37:02.593-0400: 17.963: [GC (GCLocker Initiated GC) [PSYoungGen: 156334K->64282K(175104K)] 328519K->256995K(699392K), 0.0095417 secs] [Times: user=0.09 sys=0.00, real=0.02 secs] 
2016-09-25T22:37:02.640-0400: 18.010: [GC (GCLocker Initiated GC) [PSYoungGen: 152346K->66960K(175104K)] 345151K->261435K(699392K), 0.0060716 secs] [Times: user=0.06 sys=0.00, real=0.01 secs] 
2016-09-25T22:37:02.696-0400: 18.066: [GC (GCLocker Initiated GC) [PSYoungGen: 155024K->53406K(175104K)] 357653K->283337K(699392K), 0.0074616 secs] [Times: user=0.10 sys=0.01, real=0.01 secs] 
2016-09-25T22:37:02.751-0400: 18.121: [GC (GCLocker Initiated GC) [PSYoungGen: 141470K->39794K(175104K)] 371482K->283559K(699392K), 0.0070142 secs] [Times: user=0.09 sys=0.00, real=0.01 secs] 
2016-09-25T22:37:02.802-0400: 18.172: [GC (GCLocker Initiated GC) [PSYoungGen: 127858K->72411K(175104K)] 372416K->342992K(699392K), 0.0104701 secs] [Times: user=0.16 sys=0.01, real=0.00 secs] 
2016-09-25T22:37:02.857-0400: 18.227: [GC (GCLocker Initiated GC) [PSYoungGen: 160475K->49361K(175104K)] 431120K->350066K(699392K), 0.0178120 secs] [Times: user=0.27 sys=0.02, real=0.02 secs] 
2016-09-25T22:37:02.923-0400: 18.293: [GC (GCLocker Initiated GC) [PSYoungGen: 137425K->61735K(175104K)] 448962K->374888K(699392K), 0.0083440 secs] [Times: user=0.08 sys=0.00, real=0.00 secs] 
2016-09-25T22:37:02.994-0400: 18.364: [GC (GCLocker Initiated GC) [PSYoungGen: 149799K->56235K(144384K)] 471692K->392099K(668672K), 0.0068691 secs] [Times: user=0.09 sys=0.00, real=0.00 secs] 
2016-09-25T22:37:03.055-0400: 18.425: [GC (GCLocker Initiated GC) [PSYoungGen: 144299K->47862K(175104K)] 484396K->400498K(699392K), 0.0291745 secs] [Times: user=0.37 sys=0.01, real=0.03 secs] 
2016-09-25T22:37:03.125-0400: 18.495: [GC (GCLocker Initiated GC) [PSYoungGen: 136438K->81883K(174592K)] 489152K->448493K(698880K), 0.0072286 secs] [Times: user=0.12 sys=0.00, real=0.00 secs] 
2016-09-25T22:37:03.176-0400: 18.546: [GC (GCLocker Initiated GC) [PSYoungGen: 170459K->46852K(175104K)] 539977K->446471K(699392K), 0.0149930 secs] [Times: user=0.21 sys=0.00, real=0.01 secs] 
2016-09-25T22:37:03.241-0400: 18.611: [GC (GCLocker Initiated GC) [PSYoungGen: 134916K->64483K(175104K)] 548270K->493105K(699392K), 0.0081227 secs] [Times: user=0.11 sys=0.00, real=0.01 secs] 
2016-09-25T22:37:03.302-0400: 18.672: [GC (GCLocker Initiated GC) [PSYoungGen: 152547K->57654K(175104K)] 590296K->495924K(699392K), 0.0087578 secs] [Times: user=0.08 sys=0.01, real=0.00 secs] 
2016-09-25T22:37:03.371-0400: 18.741: [GC (GCLocker Initiated GC) [PSYoungGen: 145718K->54841K(143360K)] 593452K->503002K(667648K), 0.0086391 secs] [Times: user=0.08 sys=0.00, real=0.01 secs] 
2016-09-25T22:37:03.440-0400: 18.810: [GC (GCLocker Initiated GC) [PSYoungGen: 142905K->53541K(175616K)] 600616K->513026K(699904K), 0.0068640 secs] [Times: user=0.07 sys=0.01, real=0.01 secs] 
2016-09-25T22:37:03.500-0400: 18.870: [GC (GCLocker Initiated GC) [PSYoungGen: 143653K->67093K(173568K)] 605949K->541943K(697856K), 0.0095785 secs] [Times: user=0.09 sys=0.01, real=0.01 secs] 
2016-09-25T22:37:03.552-0400: 18.922: [GC (GCLocker Initiated GC) [PSYoungGen: 157205K->83269K(172544K)] 632220K->565433K(696832K), 0.0080659 secs] [Times: user=0.10 sys=0.01, real=0.01 secs] 
2016-09-25T22:37:03.609-0400: 18.979: [GC (GCLocker Initiated GC) [PSYoungGen: 171333K->71213K(175104K)] 654990K->571541K(699392K), 0.0070692 secs] [Times: user=0.09 sys=0.00, real=0.01 secs] 
2016-09-25T22:37:03.616-0400: 18.986: [Full GC (Ergonomics) [PSYoungGen: 71213K->0K(175104K)] [ParOldGen: 500327K->115268K(524288K)] 571541K->115268K(699392K), [Metaspace: 43369K->43369K(1085440K)], 0.0582889 secs] [Times: user=0.48 sys=0.00, real=0.06 secs] 
2016-09-25T22:37:03.722-0400: 19.092: [GC (GCLocker Initiated GC) [PSYoungGen: 88064K->78149K(175104K)] 206114K->196200K(699392K), 0.0091393 secs] [Times: user=0.09 sys=0.00, real=0.01 secs] 
2016-09-25T22:37:03.786-0400: 19.156: [GC (GCLocker Initiated GC) [PSYoungGen: 166213K->48068K(175104K)] 287076K->191218K(699392K), 0.0068306 secs] [Times: user=0.08 sys=0.00, real=0.00 secs] 
2016-09-25T22:37:03.839-0400: 19.209: [GC (GCLocker Initiated GC) [PSYoungGen: 136132K->76665K(175104K)] 279433K->227119K(699392K), 0.0066858 secs] [Times: user=0.10 sys=0.01, real=0.01 secs] 
2016-09-25T22:37:03.901-0400: 19.271: [GC (GCLocker Initiated GC) [PSYoungGen: 164729K->45384K(175104K)] 324705K->216657K(699392K), 0.0164244 secs] [Times: user=0.18 sys=0.01, real=0.02 secs] 
2016-09-25T22:37:03.971-0400: 19.341: [GC (GCLocker Initiated GC) [PSYoungGen: 133448K->48080K(175104K)] 307568K->234888K(699392K), 0.0060901 secs] [Times: user=0.06 sys=0.00, real=0.01 secs] 
2016-09-25T22:37:04.014-0400: 19.384: [GC (GCLocker Initiated GC) [PSYoungGen: 136144K->84650K(175104K)] 325696K->286726K(699392K), 0.0075430 secs] [Times: user=0.10 sys=0.00, real=0.01 secs] 
2016-09-25T22:37:04.076-0400: 19.446: [GC (GCLocker Initiated GC) [PSYoungGen: 172714K->44150K(175104K)] 374907K->279200K(699392K), 0.0065512 secs] [Times: user=0.07 sys=0.01, real=0.01 secs] 
2016-09-25T22:37:04.123-0400: 19.493: [GC (GCLocker Initiated GC) [PSYoungGen: 132214K->68587K(175104K)] 371416K->308243K(699392K), 0.0100830 secs] [Times: user=0.10 sys=0.00, real=0.00 secs] 
2016-09-25T22:37:04.182-0400: 19.552: [GC (GCLocker Initiated GC) [PSYoungGen: 156651K->73851K(175104K)] 399089K->323654K(699392K), 0.0061404 secs] [Times: user=0.07 sys=0.00, real=0.00 secs] 
2016-09-25T22:37:04.238-0400: 19.609: [GC (GCLocker Initiated GC) [PSYoungGen: 161915K->51112K(175104K)] 429295K->333740K(699392K), 0.0128197 secs] [Times: user=0.18 sys=0.00, real=0.01 secs] 
2016-09-25T22:37:04.315-0400: 19.685: [GC (GCLocker Initiated GC) [PSYoungGen: 139176K->58955K(175104K)] 434125K->355864K(699392K), 0.0081265 secs] [Times: user=0.10 sys=0.01, real=0.01 secs] 
2016-09-25T22:37:04.374-0400: 19.744: [GC (GCLocker Initiated GC) [PSYoungGen: 147019K->57654K(175104K)] 443996K->364626K(699392K), 0.0077738 secs] [Times: user=0.06 sys=0.00, real=0.01 secs] 
2016-09-25T22:37:04.420-0400: 19.790: [GC (GCLocker Initiated GC) [PSYoungGen: 145718K->68658K(175104K)] 459583K->422043K(699392K), 0.0272405 secs] [Times: user=0.38 sys=0.01, real=0.03 secs] 
2016-09-25T22:37:04.499-0400: 19.869: [GC (GCLocker Initiated GC) [PSYoungGen: 156722K->54821K(175104K)] 511561K->418277K(699392K), 0.0090296 secs] [Times: user=0.07 sys=0.00, real=0.01 secs] 
2016-09-25T22:37:04.558-0400: 19.928: [GC (GCLocker Initiated GC) [PSYoungGen: 142885K->61669K(175104K)] 510524K->451393K(699392K), 0.0103472 secs] [Times: user=0.11 sys=0.00, real=0.01 secs] 
2016-09-25T22:37:04.629-0400: 20.000: [GC (GCLocker Initiated GC) [PSYoungGen: 149733K->64438K(152576K)] 546238K->469562K(676864K), 0.0116528 secs] [Times: user=0.16 sys=0.00, real=0.01 secs] 
2016-09-25T22:37:04.692-0400: 20.062: [GC (GCLocker Initiated GC) [PSYoungGen: 152502K->49370K(174592K)] 563187K->474047K(698880K), 0.0115914 secs] [Times: user=0.15 sys=0.00, real=0.02 secs] 
2016-09-25T22:37:04.762-0400: 20.132: [GC (GCLocker Initiated GC) [PSYoungGen: 137946K->41456K(174080K)] 572147K->490941K(698368K), 0.0098231 secs] [Times: user=0.13 sys=0.00, real=0.00 secs] 
2016-09-25T22:37:04.822-0400: 20.192: [GC (Allocation Failure) [PSYoungGen: 130032K->61587K(174592K)] 579628K->523905K(698880K), 0.0087297 secs] [Times: user=0.09 sys=0.00, real=0.01 secs] 
2016-09-25T22:37:04.831-0400: 20.201: [GC (GCLocker Initiated GC) [PSYoungGen: 61860K->64K(175104K)] 524178K->523781K(699392K), 0.0112852 secs] [Times: user=0.12 sys=0.01, real=0.02 secs] 
2016-09-25T22:37:04.843-0400: 20.213: [Full GC (Ergonomics) [PSYoungGen: 64K->0K(175104K)] [ParOldGen: 523717K->122564K(524288K)] 523781K->122564K(699392K), [Metaspace: 43372K->43372K(1085440K)], 0.0640146 secs] [Times: user=0.42 sys=0.01, real=0.06 secs] 
2016-09-25T22:37:04.961-0400: 20.331: [GC (GCLocker Initiated GC) [PSYoungGen: 90084K->62190K(175104K)] 213024K->185129K(699392K), 0.0098852 secs] [Times: user=0.13 sys=0.01, real=0.01 secs] 
2016-09-25T22:37:05.023-0400: 20.393: [GC (GCLocker Initiated GC) [PSYoungGen: 150254K->72492K(175104K)] 276043K->200670K(699392K), 0.0069465 secs] [Times: user=0.10 sys=0.00, real=0.00 secs] 
2016-09-25T22:37:05.083-0400: 20.454: [GC (GCLocker Initiated GC) [PSYoungGen: 160556K->56282K(175104K)] 303606K->207862K(699392K), 0.0064537 secs] [Times: user=0.08 sys=0.00, real=0.00 secs] 
2016-09-25T22:37:05.149-0400: 20.519: [GC (GCLocker Initiated GC) [PSYoungGen: 144346K->63135K(175104K)] 302788K->231611K(699392K), 0.0078769 secs] [Times: user=0.13 sys=0.00, real=0.01 secs] 
2016-09-25T22:37:05.213-0400: 20.583: [GC (GCLocker Initiated GC) [PSYoungGen: 151199K->57802K(175104K)] 341514K->248615K(699392K), 0.0097684 secs] [Times: user=0.13 sys=0.00, real=0.02 secs] 
2016-09-25T22:37:05.284-0400: 20.654: [GC (GCLocker Initiated GC) [PSYoungGen: 145866K->54882K(143360K)] 343566K->268034K(667648K), 0.0080571 secs] [Times: user=0.07 sys=0.00, real=0.00 secs] 
2016-09-25T22:37:05.344-0400: 20.714: [GC (GCLocker Initiated GC) [PSYoungGen: 142946K->65855K(172544K)] 364455K->287854K(696832K), 0.0076257 secs] [Times: user=0.10 sys=0.00, real=0.00 secs] 
2016-09-25T22:37:05.402-0400: 20.773: [GC (GCLocker Initiated GC) [PSYoungGen: 153407K->48006K(173056K)] 383800K->280300K(697344K), 0.0088179 secs] [Times: user=0.08 sys=0.00, real=0.00 secs] 
2016-09-25T22:37:05.460-0400: 20.830: [GC (GCLocker Initiated GC) [PSYoungGen: 135558K->54868K(172032K)] 376082K->301252K(696320K), 0.0189804 secs] [Times: user=0.24 sys=0.01, real=0.02 secs] 
2016-09-25T22:37:05.541-0400: 20.911: [GC (GCLocker Initiated GC) [PSYoungGen: 147028K->42691K(174080K)] 396591K->303559K(698368K), 0.0099130 secs] [Times: user=0.10 sys=0.00, real=0.01 secs] 
2016-09-25T22:37:05.604-0400: 20.974: [GC (GCLocker Initiated GC) [PSYoungGen: 134851K->55350K(174592K)] 405177K->339714K(698880K), 0.0080523 secs] [Times: user=0.14 sys=0.00, real=0.00 secs] 
2016-09-25T22:37:05.654-0400: 21.024: [GC (GCLocker Initiated GC) [PSYoungGen: 154166K->76649K(177664K)] 440314K->366295K(701952K), 0.0063445 secs] [Times: user=0.10 sys=0.00, real=0.01 secs] 
2016-09-25T22:37:05.711-0400: 21.081: [GC (GCLocker Initiated GC) [PSYoungGen: 175465K->73947K(172544K)] 467862K->383113K(696832K), 0.0078465 secs] [Times: user=0.11 sys=0.00, real=0.01 secs] 
2016-09-25T22:37:05.778-0400: 21.148: [GC (GCLocker Initiated GC) [PSYoungGen: 162011K->53683K(175104K)] 479245K->394435K(699392K), 0.0106801 secs] [Times: user=0.13 sys=0.00, real=0.01 secs] 
2016-09-25T22:37:05.838-0400: 21.208: [GC (GCLocker Initiated GC) [PSYoungGen: 141747K->79342K(174080K)] 482747K->442563K(698368K), 0.0111964 secs] [Times: user=0.15 sys=0.00, real=0.01 secs] 
2016-09-25T22:37:05.905-0400: 21.275: [GC (GCLocker Initiated GC) [PSYoungGen: 167406K->55104K(175104K)] 547055K->444733K(699392K), 0.0057038 secs] [Times: user=0.08 sys=0.00, real=0.00 secs] 
2016-09-25T22:37:05.956-0400: 21.326: [GC (GCLocker Initiated GC) [PSYoungGen: 143168K->72800K(175104K)] 542321K->472488K(699392K), 0.0065374 secs] [Times: user=0.10 sys=0.00, real=0.01 secs] 
2016-09-25T22:37:06.025-0400: 21.395: [GC (GCLocker Initiated GC) [PSYoungGen: 160864K->43012K(175104K)] 568688K->462390K(699392K), 0.0107835 secs] [Times: user=0.10 sys=0.00, real=0.01 secs] 
2016-09-25T22:37:06.115-0400: 21.485: [GC (GCLocker Initiated GC) [PSYoungGen: 131076K->61755K(175104K)] 553230K->488534K(699392K), 0.0061026 secs] [Times: user=0.07 sys=0.00, real=0.00 secs] 
2016-09-25T22:37:06.154-0400: 21.524: [GC (GCLocker Initiated GC) [PSYoungGen: 149819K->69974K(175104K)] 576721K->498766K(699392K), 0.0073004 secs] [Times: user=0.10 sys=0.00, real=0.01 secs] 
2016-09-25T22:37:06.205-0400: 21.575: [GC (GCLocker Initiated GC) [PSYoungGen: 158038K->63230K(175104K)] 586924K->525078K(699392K), 0.0105583 secs] [Times: user=0.14 sys=0.00, real=0.01 secs] 
2016-09-25T22:37:06.291-0400: 21.661: [GC (GCLocker Initiated GC) [PSYoungGen: 151294K->57862K(146432K)] 628232K->547520K(670720K), 0.0138035 secs] [Times: user=0.11 sys=0.00, real=0.02 secs] 
2016-09-25T22:37:06.306-0400: 21.676: [Full GC (Ergonomics) [PSYoungGen: 57862K->0K(146432K)] [ParOldGen: 489657K->146465K(524288K)] 547520K->146465K(670720K), [Metaspace: 43377K->43377K(1085440K)], 0.0592474 secs] [Times: user=0.52 sys=0.01, real=0.06 secs] 
2016-09-25T22:37:06.415-0400: 21.785: [GC (GCLocker Initiated GC) [PSYoungGen: 88064K->81186K(172032K)] 237274K->230397K(696320K), 0.0086863 secs] [Times: user=0.09 sys=0.00, real=0.01 secs] 
2016-09-25T22:37:06.492-0400: 21.862: [GC (GCLocker Initiated GC) [PSYoungGen: 167714K->63210K(173568K)] 321121K->240623K(697856K), 0.0102670 secs] [Times: user=0.12 sys=0.00, real=0.01 secs] 
2016-09-25T22:37:06.563-0400: 21.933: [GC (GCLocker Initiated GC) [PSYoungGen: 149738K->75309K(175104K)] 329887K->256080K(699392K), 0.0063552 secs] [Times: user=0.09 sys=0.00, real=0.00 secs] 
2016-09-25T22:37:06.615-0400: 21.985: [GC (GCLocker Initiated GC) [PSYoungGen: 163373K->65812K(175104K)] 352294K->266168K(699392K), 0.0061840 secs] [Times: user=0.08 sys=0.00, real=0.00 secs] 
2016-09-25T22:37:06.681-0400: 22.051: [GC (GCLocker Initiated GC) [PSYoungGen: 153876K->61855K(174080K)] 356960K->270902K(698368K), 0.0071838 secs] [Times: user=0.10 sys=0.00, real=0.01 secs] 
2016-09-25T22:37:06.753-0400: 22.123: [GC (GCLocker Initiated GC) [PSYoungGen: 149919K->59273K(174592K)] 361773K->274500K(698880K), 0.0085685 secs] [Times: user=0.08 sys=0.01, real=0.01 secs] 
2016-09-25T22:37:06.803-0400: 22.173: [GC (GCLocker Initiated GC) [PSYoungGen: 147337K->61941K(172544K)] 370854K->301099K(696832K), 0.0103821 secs] [Times: user=0.16 sys=0.00, real=0.00 secs] 
2016-09-25T22:37:06.855-0400: 22.225: [GC (GCLocker Initiated GC) [PSYoungGen: 152565K->82142K(173568K)] 394588K->328863K(697856K), 0.0087039 secs] [Times: user=0.13 sys=0.00, real=0.01 secs] 
2016-09-25T22:37:06.941-0400: 22.311: [GC (GCLocker Initiated GC) [PSYoungGen: 172766K->55142K(175104K)] 427844K->340574K(699392K), 0.0143423 secs] [Times: user=0.22 sys=0.00, real=0.02 secs] 
2016-09-25T22:37:07.011-0400: 22.381: [GC (GCLocker Initiated GC) [PSYoungGen: 143206K->80837K(175104K)] 435562K->375217K(699392K), 0.0066379 secs] [Times: user=0.08 sys=0.00, real=0.01 secs] 
2016-09-25T22:37:07.063-0400: 22.433: [GC (GCLocker Initiated GC) [PSYoungGen: 168901K->79697K(175104K)] 475519K->404516K(699392K), 0.0071849 secs] [Times: user=0.09 sys=0.01, real=0.00 secs] 
2016-09-25T22:37:07.143-0400: 22.513: [GC (GCLocker Initiated GC) [PSYoungGen: 167761K->65951K(175104K)] 495443K->399902K(699392K), 0.0108708 secs] [Times: user=0.11 sys=0.00, real=0.00 secs] 
2016-09-25T22:37:07.219-0400: 22.589: [GC (GCLocker Initiated GC) [PSYoungGen: 154015K->71411K(175104K)] 489398K->421077K(699392K), 0.0076909 secs] [Times: user=0.11 sys=0.01, real=0.01 secs] 
2016-09-25T22:37:07.273-0400: 22.643: [GC (GCLocker Initiated GC) [PSYoungGen: 159475K->52291K(175104K)] 514662K->428467K(699392K), 0.0097518 secs] [Times: user=0.13 sys=0.01, real=0.02 secs] 
2016-09-25T22:37:07.327-0400: 22.697: [GC (GCLocker Initiated GC) [PSYoungGen: 140355K->61855K(175104K)] 519350K->450780K(699392K), 0.0077271 secs] [Times: user=0.07 sys=0.00, real=0.01 secs] 
2016-09-25T22:37:07.389-0400: 22.759: [GC (GCLocker Initiated GC) [PSYoungGen: 149919K->60689K(175104K)] 539942K->481113K(699392K), 0.0071060 secs] [Times: user=0.11 sys=0.00, real=0.01 secs] 
2016-09-25T22:37:07.446-0400: 22.816: [GC (GCLocker Initiated GC) [PSYoungGen: 148753K->68735K(175104K)] 569258K->502198K(699392K), 0.0070124 secs] [Times: user=0.10 sys=0.00, real=0.00 secs] 
2016-09-25T22:37:07.501-0400: 22.871: [GC (GCLocker Initiated GC) [PSYoungGen: 156799K->76829K(175104K)] 595772K->532741K(699392K), 0.0075804 secs] [Times: user=0.10 sys=0.00, real=0.01 secs] 
2016-09-25T22:37:07.568-0400: 22.938: [GC (GCLocker Initiated GC) [PSYoungGen: 164893K->59087K(175104K)] 623667K->528016K(699392K), 0.0064149 secs] [Times: user=0.06 sys=0.01, real=0.01 secs] 
2016-09-25T22:37:07.627-0400: 22.997: [GC (GCLocker Initiated GC) [PSYoungGen: 147151K->60540K(148992K)] 618201K->540346K(673280K), 0.0084008 secs] [Times: user=0.12 sys=0.00, real=0.01 secs] 
2016-09-25T22:37:07.681-0400: 23.051: [GC (GCLocker Initiated GC) [PSYoungGen: 148604K->83608K(174080K)] 635336K->573732K(698368K), 0.0095979 secs] [Times: user=0.11 sys=0.00, real=0.01 secs] 
2016-09-25T22:37:07.737-0400: 23.107: [Full GC (Ergonomics) [PSYoungGen: 171160K->0K(174080K)] [ParOldGen: 494300K->150075K(524288K)] 665460K->150075K(698368K), [Metaspace: 43378K->43378K(1085440K)], 0.0494523 secs] [Times: user=0.37 sys=0.01, real=0.05 secs] 
2016-09-25T22:37:07.847-0400: 23.217: [GC (GCLocker Initiated GC) [PSYoungGen: 87552K->66223K(174592K)] 240577K->219248K(698880K), 0.0086058 secs] [Times: user=0.11 sys=0.01, real=0.01 secs] 
2016-09-25T22:37:07.906-0400: 23.276: [GC (GCLocker Initiated GC) [PSYoungGen: 153775K->64737K(175104K)] 309592K->224213K(699392K), 0.0083364 secs] [Times: user=0.08 sys=0.00, real=0.01 secs] 
2016-09-25T22:37:07.961-0400: 23.331: [GC (GCLocker Initiated GC) [PSYoungGen: 152801K->72741K(175104K)] 315092K->254771K(699392K), 0.0068675 secs] [Times: user=0.07 sys=0.00, real=0.01 secs] 
2016-09-25T22:37:08.017-0400: 23.387: [GC (GCLocker Initiated GC) [PSYoungGen: 160805K->73994K(175104K)] 345595K->263609K(699392K), 0.0063905 secs] [Times: user=0.08 sys=0.00, real=0.01 secs] 
2016-09-25T22:37:08.080-0400: 23.450: [GC (GCLocker Initiated GC) [PSYoungGen: 162058K->50815K(175104K)] 357232K->268187K(699392K), 0.0101146 secs] [Times: user=0.07 sys=0.00, real=0.01 secs] 
2016-09-25T22:37:08.143-0400: 23.513: [GC (GCLocker Initiated GC) [PSYoungGen: 138879K->53810K(175104K)] 358984K->278418K(699392K), 0.0169278 secs] [Times: user=0.24 sys=0.00, real=0.01 secs] 
2016-09-25T22:37:08.195-0400: 23.565: [GC (GCLocker Initiated GC) [PSYoungGen: 141874K->86166K(175104K)] 366558K->348061K(699392K), 0.0113819 secs] [Times: user=0.10 sys=0.01, real=0.01 secs] 
2016-09-25T22:37:08.259-0400: 23.629: [GC (GCLocker Initiated GC) [PSYoungGen: 174230K->73956K(175104K)] 436222K->354106K(699392K), 0.0087532 secs] [Times: user=0.11 sys=0.00, real=0.01 secs] 
2016-09-25T22:37:08.318-0400: 23.688: [GC (GCLocker Initiated GC) [PSYoungGen: 162020K->84883K(175104K)] 442232K->388597K(699392K), 0.0095600 secs] [Times: user=0.12 sys=0.00, real=0.01 secs] 
2016-09-25T22:37:08.377-0400: 23.747: [GC (GCLocker Initiated GC) [PSYoungGen: 172947K->72631K(175104K)] 481001K->401494K(699392K), 0.0134503 secs] [Times: user=0.19 sys=0.01, real=0.01 secs] 
2016-09-25T22:37:08.443-0400: 23.813: [GC (GCLocker Initiated GC) [PSYoungGen: 160695K->68365K(175104K)] 489742K->400648K(699392K), 0.0100612 secs] [Times: user=0.14 sys=0.01, real=0.00 secs] 
2016-09-25T22:37:08.497-0400: 23.867: [GC (GCLocker Initiated GC) [PSYoungGen: 156429K->83302K(175104K)] 488937K->436469K(699392K), 0.0107811 secs] [Times: user=0.17 sys=0.00, real=0.01 secs] 
2016-09-25T22:37:08.564-0400: 23.934: [GC (GCLocker Initiated GC) [PSYoungGen: 171366K->49423K(175104K)] 528946K->410135K(699392K), 0.0071900 secs] [Times: user=0.07 sys=0.00, real=0.00 secs] 
2016-09-25T22:37:08.625-0400: 23.995: [GC (GCLocker Initiated GC) [PSYoungGen: 137487K->56047K(175104K)] 498276K->429433K(699392K), 0.0066459 secs] [Times: user=0.06 sys=0.00, real=0.00 secs] 
2016-09-25T22:37:08.676-0400: 24.046: [GC (GCLocker Initiated GC) [PSYoungGen: 144111K->79317K(175104K)] 517631K->473428K(699392K), 0.0076470 secs] [Times: user=0.11 sys=0.01, real=0.01 secs] 
2016-09-25T22:37:08.739-0400: 24.109: [GC (GCLocker Initiated GC) [PSYoungGen: 167381K->53702K(175104K)] 567015K->494345K(699392K), 0.0093690 secs] [Times: user=0.14 sys=0.00, real=0.01 secs] 
2016-09-25T22:37:08.798-0400: 24.168: [GC (GCLocker Initiated GC) [PSYoungGen: 141766K->58966K(175104K)] 588060K->508524K(699392K), 0.0130062 secs] [Times: user=0.10 sys=0.00, real=0.01 secs] 
2016-09-25T22:37:08.860-0400: 24.230: [GC (GCLocker Initiated GC) [PSYoungGen: 147030K->78033K(175104K)] 599340K->530835K(699392K), 0.0068160 secs] [Times: user=0.10 sys=0.00, real=0.01 secs] 
2016-09-25T22:37:08.929-0400: 24.299: [GC (GCLocker Initiated GC) [PSYoungGen: 166097K->38570K(175104K)] 625790K->524418K(699392K), 0.0106375 secs] [Times: user=0.15 sys=0.00, real=0.01 secs] 
2016-09-25T22:37:08.940-0400: 24.310: [Full GC (Ergonomics) [PSYoungGen: 38570K->0K(175104K)] [ParOldGen: 485847K->146937K(524288K)] 524418K->146937K(699392K), [Metaspace: 43385K->43385K(1085440K)], 0.0510758 secs] [Times: user=0.38 sys=0.00, real=0.05 secs] 
2016-09-25T22:37:09.043-0400: 24.413: [GC (GCLocker Initiated GC) [PSYoungGen: 88064K->52388K(175104K)] 240490K->204815K(699392K), 0.0086266 secs] [Times: user=0.05 sys=0.01, real=0.00 secs] 
2016-09-25T22:37:09.088-0400: 24.458: [GC (GCLocker Initiated GC) [PSYoungGen: 140452K->81979K(175104K)] 295645K->252751K(699392K), 0.0077730 secs] [Times: user=0.09 sys=0.00, real=0.01 secs] 
2016-09-25T22:37:09.139-0400: 24.509: [GC (GCLocker Initiated GC) [PSYoungGen: 170043K->68349K(175104K)] 343642K->255890K(699392K), 0.0116744 secs] [Times: user=0.11 sys=0.00, real=0.01 secs] 
2016-09-25T22:37:09.203-0400: 24.573: [GC (GCLocker Initiated GC) [PSYoungGen: 156413K->52115K(175104K)] 348175K->253780K(699392K), 0.0196646 secs] [Times: user=0.26 sys=0.00, real=0.02 secs] 
2016-09-25T22:37:09.270-0400: 24.640: [GC (GCLocker Initiated GC) [PSYoungGen: 140179K->52064K(175104K)] 347394K->263745K(699392K), 0.0171502 secs] [Times: user=0.19 sys=0.01, real=0.02 secs] 
2016-09-25T22:37:09.333-0400: 24.703: [GC (GCLocker Initiated GC) [PSYoungGen: 140128K->86076K(175104K)] 353293K->315901K(699392K), 0.0178728 secs] [Times: user=0.22 sys=0.01, real=0.02 secs] 
2016-09-25T22:37:09.408-0400: 24.778: [GC (GCLocker Initiated GC) [PSYoungGen: 174140K->56248K(175104K)] 412093K->308181K(699392K), 0.0154943 secs] [Times: user=0.18 sys=0.00, real=0.02 secs] 
2016-09-25T22:37:09.470-0400: 24.840: [GC (GCLocker Initiated GC) [PSYoungGen: 144312K->58911K(175104K)] 400392K->315465K(699392K), 0.0160157 secs] [Times: user=0.22 sys=0.00, real=0.02 secs] 
2016-09-25T22:37:09.533-0400: 24.903: [GC (GCLocker Initiated GC) [PSYoungGen: 146975K->71077K(175104K)] 405066K->347131K(699392K), 0.0073158 secs] [Times: user=0.08 sys=0.00, real=0.01 secs] 
2016-09-25T22:37:09.579-0400: 24.949: [GC (Allocation Failure) [PSYoungGen: 159141K->56170K(175104K)] 437991K->346208K(699392K), 0.0211201 secs] [Times: user=0.29 sys=0.00, real=0.02 secs] 
2016-09-25T22:37:09.650-0400: 25.020: [GC (GCLocker Initiated GC) [PSYoungGen: 143266K->49464K(175104K)] 436005K->372418K(699392K), 0.0068816 secs] [Times: user=0.07 sys=0.00, real=0.01 secs] 
2016-09-25T22:37:09.704-0400: 25.074: [GC (GCLocker Initiated GC) [PSYoungGen: 137528K->67063K(175104K)] 461917K->393194K(699392K), 0.0140372 secs] [Times: user=0.20 sys=0.00, real=0.01 secs] 
2016-09-25T22:37:09.765-0400: 25.135: [GC (GCLocker Initiated GC) [PSYoungGen: 155127K->43899K(175104K)] 486706K->396161K(699392K), 0.0065738 secs] [Times: user=0.06 sys=0.00, real=0.00 secs] 
2016-09-25T22:37:09.814-0400: 25.184: [GC (GCLocker Initiated GC) [PSYoungGen: 131963K->73937K(175104K)] 484286K->433389K(699392K), 0.0090301 secs] [Times: user=0.11 sys=0.00, real=0.02 secs] 
2016-09-25T22:37:09.867-0400: 25.237: [GC (GCLocker Initiated GC) [PSYoungGen: 162001K->80527K(175104K)] 522278K->445375K(699392K), 0.0087377 secs] [Times: user=0.14 sys=0.00, real=0.01 secs] 
2016-09-25T22:37:11.126-0400: 26.496: [GC (Allocation Failure) [PSYoungGen: 168591K->71166K(175104K)] 533631K->448785K(699392K), 0.3473926 secs] [Times: user=0.10 sys=0.00, real=0.34 secs] 
2016-09-25T22:37:11.548-0400: 26.918: [GC (GCLocker Initiated GC) [PSYoungGen: 156845K->49537K(175104K)] 537164K->443802K(699392K), 0.0229906 secs] [Times: user=0.30 sys=0.02, real=0.02 secs] 
2016-09-25T22:37:11.623-0400: 26.993: [GC (GCLocker Initiated GC) [PSYoungGen: 137601K->58959K(175104K)] 531922K->457823K(699392K), 0.0151012 secs] [Times: user=0.16 sys=0.00, real=0.01 secs] 
2016-09-25T22:37:11.709-0400: 27.079: [GC (GCLocker Initiated GC) [PSYoungGen: 147023K->59088K(175104K)] 551533K->481737K(699392K), 0.0266104 secs] [Times: user=0.32 sys=0.00, real=0.03 secs] 
2016-09-25T22:37:11.793-0400: 27.163: [GC (GCLocker Initiated GC) [PSYoungGen: 147152K->67115K(175104K)] 575598K->496134K(699392K), 0.0266698 secs] [Times: user=0.32 sys=0.00, real=0.03 secs] 
2016-09-25T22:37:11.889-0400: 27.259: [GC (GCLocker Initiated GC) [PSYoungGen: 155179K->61530K(175104K)] 587186K->522420K(699392K), 0.0291199 secs] [Times: user=0.32 sys=0.00, real=0.03 secs] 
2016-09-25T22:37:11.992-0400: 27.362: [GC (GCLocker Initiated GC) [PSYoungGen: 149594K->73980K(175104K)] 613269K->547420K(699392K), 0.0163559 secs] [Times: user=0.17 sys=0.00, real=0.02 secs] 
2016-09-25T22:37:12.050-0400: 27.420: [GC (GCLocker Initiated GC) [PSYoungGen: 162044K->34647K(175104K)] 638284K->546588K(699392K), 0.0140621 secs] [Times: user=0.16 sys=0.00, real=0.02 secs] 
2016-09-25T22:37:12.064-0400: 27.434: [Full GC (Ergonomics) [PSYoungGen: 34647K->0K(175104K)] [ParOldGen: 511940K->162874K(524288K)] 546588K->162874K(699392K), [Metaspace: 43404K->43404K(1085440K)], 0.0751879 secs] [Times: user=0.52 sys=0.02, real=0.07 secs] 
2016-09-25T22:37:12.213-0400: 27.583: [GC (GCLocker Initiated GC) [PSYoungGen: 88064K->81025K(175104K)] 256439K->249409K(699392K), 0.0137371 secs] [Times: user=0.20 sys=0.00, real=0.02 secs] 
2016-09-25T22:37:12.297-0400: 27.667: [GC (GCLocker Initiated GC) [PSYoungGen: 169089K->26248K(175104K)] 344399K->219939K(699392K), 0.0077132 secs] [Times: user=0.05 sys=0.00, real=0.01 secs] 
2016-09-25T22:37:12.351-0400: 27.721: [GC (GCLocker Initiated GC) [PSYoungGen: 114312K->41288K(175104K)] 316297K->280146K(699392K), 0.0176798 secs] [Times: user=0.25 sys=0.00, real=0.02 secs] 
2016-09-25T22:37:12.421-0400: 27.791: [GC (GCLocker Initiated GC) [PSYoungGen: 129352K->68513K(175104K)] 368316K->311988K(699392K), 0.0096717 secs] [Times: user=0.13 sys=0.00, real=0.01 secs] 
2016-09-25T22:37:12.483-0400: 27.853: [GC (GCLocker Initiated GC) [PSYoungGen: 156577K->72522K(175104K)] 405692K->339704K(699392K), 0.0095585 secs] [Times: user=0.09 sys=0.01, real=0.00 secs] 
2016-09-25T22:37:12.548-0400: 27.918: [GC (GCLocker Initiated GC) [PSYoungGen: 160586K->83352K(175104K)] 431898K->355128K(699392K), 0.0103378 secs] [Times: user=0.10 sys=0.01, real=0.01 secs] 
2016-09-25T22:37:12.617-0400: 27.987: [GC (GCLocker Initiated GC) [PSYoungGen: 171416K->76636K(175104K)] 454056K->370606K(699392K), 0.0073445 secs] [Times: user=0.10 sys=0.00, real=0.01 secs] 
2016-09-25T22:37:12.682-0400: 28.052: [GC (GCLocker Initiated GC) [PSYoungGen: 164700K->59007K(175104K)] 464162K->384574K(699392K), 0.0106570 secs] [Times: user=0.11 sys=0.00, real=0.01 secs] 
2016-09-25T22:37:12.757-0400: 28.127: [GC (GCLocker Initiated GC) [PSYoungGen: 147071K->61655K(175104K)] 482234K->399979K(699392K), 0.0072719 secs] [Times: user=0.08 sys=0.01, real=0.01 secs] 
2016-09-25T22:37:12.816-0400: 28.186: [GC (GCLocker Initiated GC) [PSYoungGen: 149719K->71191K(175104K)] 493600K->431704K(699392K), 0.0074436 secs] [Times: user=0.10 sys=0.00, real=0.01 secs] 
2016-09-25T22:37:12.874-0400: 28.244: [GC (GCLocker Initiated GC) [PSYoungGen: 159255K->79252K(175104K)] 520554K->459922K(699392K), 0.0077616 secs] [Times: user=0.10 sys=0.00, real=0.01 secs] 
2016-09-25T22:37:12.939-0400: 28.309: [GC (GCLocker Initiated GC) [PSYoungGen: 167316K->68392K(175104K)] 550714K->472504K(699392K), 0.0074136 secs] [Times: user=0.09 sys=0.01, real=0.01 secs] 
2016-09-25T22:37:13.003-0400: 28.373: [GC (GCLocker Initiated GC) [PSYoungGen: 156456K->57677K(175104K)] 566094K->490681K(699392K), 0.0107411 secs] [Times: user=0.10 sys=0.01, real=0.00 secs] 
2016-09-25T22:37:13.074-0400: 28.444: [GC (GCLocker Initiated GC) [PSYoungGen: 145741K->56270K(175104K)] 581609K->515629K(699392K), 0.0107234 secs] [Times: user=0.14 sys=0.00, real=0.02 secs] 
2016-09-25T22:37:13.140-0400: 28.510: [GC (GCLocker Initiated GC) [PSYoungGen: 144334K->57675K(175104K)] 606610K->554169K(699392K), 0.0113568 secs] [Times: user=0.13 sys=0.00, real=0.01 secs] 
2016-09-25T22:37:13.151-0400: 28.521: [Full GC (Ergonomics) [PSYoungGen: 57675K->0K(175104K)] [ParOldGen: 496493K->173690K(524288K)] 554169K->173690K(699392K), [Metaspace: 43414K->43414K(1085440K)], 0.0769528 secs] [Times: user=0.39 sys=0.02, real=0.08 secs] 
2016-09-25T22:37:13.279-0400: 28.649: [GC (GCLocker Initiated GC) [PSYoungGen: 88064K->78154K(175104K)] 267197K->257287K(699392K), 0.0081316 secs] [Times: user=0.08 sys=0.00, real=0.01 secs] 
2016-09-25T22:37:13.337-0400: 28.707: [GC (GCLocker Initiated GC) [PSYoungGen: 166218K->71231K(175104K)] 350877K->259378K(699392K), 0.0084976 secs] [Times: user=0.07 sys=0.00, real=0.01 secs] 
2016-09-25T22:37:13.400-0400: 28.770: [GC (GCLocker Initiated GC) [PSYoungGen: 159294K->56118K(175104K)] 357136K->259769K(699392K), 0.0200264 secs] [Times: user=0.21 sys=0.01, real=0.02 secs] 
2016-09-25T22:37:13.478-0400: 28.848: [GC (GCLocker Initiated GC) [PSYoungGen: 144182K->61592K(175104K)] 355972K->275211K(699392K), 0.0224729 secs] [Times: user=0.31 sys=0.00, real=0.02 secs] 
2016-09-25T22:37:13.559-0400: 28.929: [GC (GCLocker Initiated GC) [PSYoungGen: 149656K->63105K(175104K)] 374140K->300182K(699392K), 0.0138035 secs] [Times: user=0.18 sys=0.00, real=0.01 secs] 
2016-09-25T22:37:13.626-0400: 28.996: [GC (GCLocker Initiated GC) [PSYoungGen: 151169K->86042K(175104K)] 392040K->335473K(699392K), 0.0116781 secs] [Times: user=0.14 sys=0.00, real=0.01 secs] 
2016-09-25T22:37:13.690-0400: 29.060: [GC (GCLocker Initiated GC) [PSYoungGen: 174106K->65668K(175104K)] 426271K->321037K(699392K), 0.0131638 secs] [Times: user=0.14 sys=0.01, real=0.02 secs] 
2016-09-25T22:37:13.752-0400: 29.122: [GC (GCLocker Initiated GC) [PSYoungGen: 153732K->73898K(175104K)] 410445K->333643K(699392K), 0.0290132 secs] [Times: user=0.40 sys=0.00, real=0.03 secs] 
2016-09-25T22:37:13.843-0400: 29.213: [GC (GCLocker Initiated GC) [PSYoungGen: 161962K->75296K(175104K)] 435361K->353279K(699392K), 0.0074891 secs] [Times: user=0.10 sys=0.00, real=0.00 secs] 
2016-09-25T22:37:13.911-0400: 29.281: [GC (GCLocker Initiated GC) [PSYoungGen: 163360K->49441K(175104K)] 441469K->357736K(699392K), 0.0068743 secs] [Times: user=0.08 sys=0.00, real=0.01 secs] 
2016-09-25T22:37:13.966-0400: 29.336: [GC (GCLocker Initiated GC) [PSYoungGen: 137505K->65707K(175104K)] 445893K->383906K(699392K), 0.0096007 secs] [Times: user=0.08 sys=0.00, real=0.01 secs] 
2016-09-25T22:37:14.030-0400: 29.400: [GC (GCLocker Initiated GC) [PSYoungGen: 153771K->71175K(175104K)] 473433K->393956K(699392K), 0.0087703 secs] [Times: user=0.06 sys=0.00, real=0.01 secs] 
2016-09-25T22:37:14.100-0400: 29.470: [GC (GCLocker Initiated GC) [PSYoungGen: 159239K->67178K(175104K)] 486139K->405420K(699392K), 0.0069576 secs] [Times: user=0.09 sys=0.00, real=0.01 secs] 
2016-09-25T22:37:14.165-0400: 29.535: [GC (GCLocker Initiated GC) [PSYoungGen: 155242K->79189K(175104K)] 499022K->442348K(699392K), 0.0112885 secs] [Times: user=0.10 sys=0.00, real=0.01 secs] 
2016-09-25T22:37:14.222-0400: 29.592: [GC (GCLocker Initiated GC) [PSYoungGen: 167253K->76493K(175104K)] 530471K->459032K(699392K), 0.0098302 secs] [Times: user=0.13 sys=0.00, real=0.00 secs] 
2016-09-25T22:37:14.278-0400: 29.648: [GC (GCLocker Initiated GC) [PSYoungGen: 164557K->65786K(175104K)] 549913K->471816K(699392K), 0.0097201 secs] [Times: user=0.13 sys=0.01, real=0.01 secs] 
2016-09-25T22:37:14.341-0400: 29.711: [GC (GCLocker Initiated GC) [PSYoungGen: 153850K->73923K(175104K)] 562766K->484718K(699392K), 0.0090437 secs] [Times: user=0.13 sys=0.00, real=0.01 secs] 
2016-09-25T22:37:14.403-0400: 29.773: [GC (GCLocker Initiated GC) [PSYoungGen: 161987K->72473K(175104K)] 575692K->498870K(699392K), 0.0088771 secs] [Times: user=0.09 sys=0.00, real=0.00 secs] 
2016-09-25T22:37:14.471-0400: 29.841: [GC (GCLocker Initiated GC) [PSYoungGen: 160537K->60277K(175104K)] 586984K->499364K(699392K), 0.0073138 secs] [Times: user=0.10 sys=0.00, real=0.01 secs] 
2016-09-25T22:37:14.536-0400: 29.906: [GC (GCLocker Initiated GC) [PSYoungGen: 148341K->50991K(175104K)] 600980K->528343K(699392K), 0.0064894 secs] [Times: user=0.09 sys=0.00, real=0.01 secs] 
2016-09-25T22:37:14.599-0400: 29.969: [GC (GCLocker Initiated GC) [PSYoungGen: 139055K->71162K(175104K)] 616564K->573572K(699392K), 0.0090349 secs] [Times: user=0.14 sys=0.00, real=0.01 secs] 
2016-09-25T22:37:14.608-0400: 29.978: [Full GC (Ergonomics) [PSYoungGen: 71162K->0K(175104K)] [ParOldGen: 502410K->175719K(524288K)] 573572K->175719K(699392K), [Metaspace: 43425K->43425K(1085440K)], 0.0746504 secs] [Times: user=0.69 sys=0.00, real=0.08 secs] 
2016-09-25T22:37:14.741-0400: 30.112: [GC (GCLocker Initiated GC) [PSYoungGen: 88064K->59362K(175104K)] 270657K->241956K(699392K), 0.0100603 secs] [Times: user=0.14 sys=0.01, real=0.01 secs] 
2016-09-25T22:37:14.804-0400: 30.174: [GC (GCLocker Initiated GC) [PSYoungGen: 147426K->73943K(175104K)] 331512K->269653K(699392K), 0.0093312 secs] [Times: user=0.11 sys=0.01, real=0.00 secs] 
2016-09-25T22:37:14.866-0400: 30.237: [GC (GCLocker Initiated GC) [PSYoungGen: 162007K->80649K(175104K)] 364654K->283883K(699392K), 0.0066369 secs] [Times: user=0.09 sys=0.00, real=0.00 secs] 
2016-09-25T22:37:14.936-0400: 30.306: [GC (GCLocker Initiated GC) [PSYoungGen: 168713K->69926K(175104K)] 384208K->294008K(699392K), 0.0115533 secs] [Times: user=0.18 sys=0.01, real=0.01 secs] 
2016-09-25T22:37:15.011-0400: 30.381: [GC (GCLocker Initiated GC) [PSYoungGen: 157990K->67022K(175104K)] 384939K->314746K(699392K), 0.0068928 secs] [Times: user=0.10 sys=0.00, real=0.01 secs] 
2016-09-25T22:37:15.083-0400: 30.453: [GC (Allocation Failure) [PSYoungGen: 155086K->44204K(175104K)] 410949K->331545K(699392K), 0.0105681 secs] [Times: user=0.14 sys=0.00, real=0.00 secs] 
2016-09-25T22:37:15.095-0400: 30.465: [GC (GCLocker Initiated GC) [PSYoungGen: 49931K->5464K(175104K)] 337272K->359659K(699392K), 0.0062922 secs] [Times: user=0.09 sys=0.00, real=0.00 secs] 
2016-09-25T22:37:15.158-0400: 30.528: [GC (GCLocker Initiated GC) [PSYoungGen: 93528K->61850K(175104K)] 447737K->416059K(699392K), 0.0118507 secs] [Times: user=0.08 sys=0.01, real=0.01 secs] 
2016-09-25T22:37:15.224-0400: 30.594: [GC (GCLocker Initiated GC) [PSYoungGen: 149914K->57528K(175104K)] 505518K->425894K(699392K), 0.0074497 secs] [Times: user=0.10 sys=0.00, real=0.00 secs] 
2016-09-25T22:37:15.286-0400: 30.656: [GC (GCLocker Initiated GC) [PSYoungGen: 145592K->69863K(175104K)] 519428K->453573K(699392K), 0.0094468 secs] [Times: user=0.13 sys=0.01, real=0.01 secs] 
2016-09-25T22:37:15.345-0400: 30.715: [GC (GCLocker Initiated GC) [PSYoungGen: 157927K->76625K(175104K)] 544558K->479981K(699392K), 0.0150509 secs] [Times: user=0.18 sys=0.00, real=0.01 secs] 
2016-09-25T22:37:15.421-0400: 30.791: [GC (GCLocker Initiated GC) [PSYoungGen: 164689K->61642K(175104K)] 573605K->484599K(699392K), 0.0104714 secs] [Times: user=0.14 sys=0.02, real=0.01 secs] 
2016-09-25T22:37:15.499-0400: 30.869: [GC (GCLocker Initiated GC) [PSYoungGen: 149706K->56446K(175104K)] 582186K->493419K(699392K), 0.0131639 secs] [Times: user=0.16 sys=0.00, real=0.01 secs] 
2016-09-25T22:37:15.564-0400: 30.934: [GC (GCLocker Initiated GC) [PSYoungGen: 144510K->67028K(175104K)] 584265K->522157K(699392K), 0.0076432 secs] [Times: user=0.10 sys=0.01, real=0.00 secs] 
2016-09-25T22:37:15.617-0400: 30.987: [GC (GCLocker Initiated GC) [PSYoungGen: 155092K->65777K(175104K)] 613145K->541762K(699392K), 0.0095857 secs] [Times: user=0.10 sys=0.00, real=0.01 secs] 
2016-09-25T22:37:15.675-0400: 31.045: [GC (GCLocker Initiated GC) [PSYoungGen: 153841K->73743K(175104K)] 629929K->558376K(699392K), 0.0153617 secs] [Times: user=0.20 sys=0.00, real=0.01 secs] 
2016-09-25T22:37:15.735-0400: 31.105: [Full GC (Ergonomics) [PSYoungGen: 161807K->0K(175104K)] [ParOldGen: 490138K->186832K(524288K)] 651946K->186832K(699392K), [Metaspace: 43427K->43427K(1085440K)], 0.0621674 secs] [Times: user=0.49 sys=0.02, real=0.06 secs] 
2016-09-25T22:37:15.856-0400: 31.226: [GC (GCLocker Initiated GC) [PSYoungGen: 88064K->46921K(175104K)] 277710K->236567K(699392K), 0.0081537 secs] [Times: user=0.06 sys=0.00, real=0.01 secs] 
2016-09-25T22:37:15.901-0400: 31.271: [GC (GCLocker Initiated GC) [PSYoungGen: 134985K->80673K(175104K)] 328799K->280516K(699392K), 0.0102026 secs] [Times: user=0.10 sys=0.01, real=0.01 secs] 
2016-09-25T22:37:15.951-0400: 31.322: [GC (GCLocker Initiated GC) [PSYoungGen: 168737K->50889K(175104K)] 375277K->271472K(699392K), 0.0063024 secs] [Times: user=0.06 sys=0.00, real=0.01 secs] 
2016-09-25T22:37:16.000-0400: 31.370: [GC (GCLocker Initiated GC) [PSYoungGen: 138953K->71180K(175104K)] 363652K->296306K(699392K), 0.0071056 secs] [Times: user=0.11 sys=0.00, real=0.01 secs] 
2016-09-25T22:37:16.049-0400: 31.419: [GC (GCLocker Initiated GC) [PSYoungGen: 159244K->68382K(175104K)] 384388K->298028K(699392K), 0.0102153 secs] [Times: user=0.12 sys=0.00, real=0.01 secs] 
2016-09-25T22:37:16.137-0400: 31.507: [GC (GCLocker Initiated GC) [PSYoungGen: 156446K->61702K(175104K)] 392940K->312114K(699392K), 0.0101635 secs] [Times: user=0.13 sys=0.00, real=0.01 secs] 
2016-09-25T22:37:16.201-0400: 31.571: [GC (GCLocker Initiated GC) [PSYoungGen: 149766K->50913K(175104K)] 407058K->328903K(699392K), 0.0066923 secs] [Times: user=0.07 sys=0.00, real=0.01 secs] 
2016-09-25T22:37:16.248-0400: 31.618: [GC (GCLocker Initiated GC) [PSYoungGen: 138977K->82006K(175104K)] 422618K->378304K(699392K), 0.0063458 secs] [Times: user=0.09 sys=0.00, real=0.01 secs] 
2016-09-25T22:37:16.318-0400: 31.688: [GC (GCLocker Initiated GC) [PSYoungGen: 170070K->60292K(175104K)] 477264K->369306K(699392K), 0.0287085 secs] [Times: user=0.32 sys=0.01, real=0.03 secs] 
2016-09-25T22:37:16.422-0400: 31.792: [GC (GCLocker Initiated GC) [PSYoungGen: 148356K->49493K(175104K)] 460798K->385289K(699392K), 0.0062107 secs] [Times: user=0.08 sys=0.00, real=0.01 secs] 
2016-09-25T22:37:16.473-0400: 31.843: [GC (GCLocker Initiated GC) [PSYoungGen: 137557K->50743K(175104K)] 487047K->400598K(699392K), 0.0073535 secs] [Times: user=0.06 sys=0.00, real=0.01 secs] 
2016-09-25T22:37:16.533-0400: 31.903: [GC (GCLocker Initiated GC) [PSYoungGen: 138807K->47930K(175104K)] 494222K->406438K(699392K), 0.0109465 secs] [Times: user=0.09 sys=0.00, real=0.02 secs] 
2016-09-25T22:37:16.618-0400: 31.988: [GC (GCLocker Initiated GC) [PSYoungGen: 135994K->45408K(175104K)] 497388K->432845K(699392K), 0.0096954 secs] [Times: user=0.11 sys=0.00, real=0.01 secs] 
2016-09-25T22:37:16.675-0400: 32.045: [GC (GCLocker Initiated GC) [PSYoungGen: 133472K->56266K(175104K)] 524586K->459932K(699392K), 0.0067303 secs] [Times: user=0.06 sys=0.00, real=0.00 secs] 
2016-09-25T22:37:16.717-0400: 32.087: [GC (GCLocker Initiated GC) [PSYoungGen: 144330K->77969K(175104K)] 548127K->494384K(699392K), 0.0079526 secs] [Times: user=0.08 sys=0.00, real=0.01 secs] 
2016-09-25T22:37:16.809-0400: 32.179: [GC (Allocation Failure) [PSYoungGen: 166033K->46896K(175104K)] 598743K->500327K(699392K), 0.0105805 secs] [Times: user=0.12 sys=0.00, real=0.01 secs] 
2016-09-25T22:37:16.884-0400: 32.254: [GC (GCLocker Initiated GC) [PSYoungGen: 134960K->57522K(175104K)] 588395K->528991K(699392K), 0.0098459 secs] [Times: user=0.14 sys=0.00, real=0.00 secs] 
2016-09-25T22:37:16.932-0400: 32.302: [GC (GCLocker Initiated GC) [PSYoungGen: 145586K->72452K(175104K)] 617123K->557895K(699392K), 0.0066689 secs] [Times: user=0.09 sys=0.00, real=0.01 secs] 
2016-09-25T22:37:17.001-0400: 32.371: [GC (Allocation Failure) [PSYoungGen: 160516K->80679K(175104K)] 647375K->574734K(699392K), 0.0114590 secs] [Times: user=0.12 sys=0.02, real=0.01 secs] 
2016-09-25T22:37:17.012-0400: 32.382: [Full GC (Ergonomics) [PSYoungGen: 80679K->0K(175104K)] [ParOldGen: 494054K->193243K(524288K)] 574734K->193243K(699392K), [Metaspace: 43432K->43432K(1085440K)], 0.0886010 secs] [Times: user=0.69 sys=0.01, real=0.09 secs] 
2016-09-25T22:37:17.147-0400: 32.517: [GC (GCLocker Initiated GC) [PSYoungGen: 86761K->64713K(175104K)] 284054K->262006K(699392K), 0.0110844 secs] [Times: user=0.14 sys=0.01, real=0.01 secs] 
2016-09-25T22:37:17.227-0400: 32.597: [GC (GCLocker Initiated GC) [PSYoungGen: 152777K->71047K(175104K)] 352807K->274512K(699392K), 0.0212092 secs] [Times: user=0.28 sys=0.01, real=0.02 secs] 
2016-09-25T22:37:17.305-0400: 32.675: [GC (GCLocker Initiated GC) [PSYoungGen: 159111K->65599K(175104K)] 367982K->284403K(699392K), 0.0065177 secs] [Times: user=0.07 sys=0.00, real=0.00 secs] 
2016-09-25T22:37:17.349-0400: 32.719: [GC (GCLocker Initiated GC) [PSYoungGen: 153663K->69968K(175104K)] 376806K->293486K(699392K), 0.0057417 secs] [Times: user=0.07 sys=0.00, real=0.01 secs] 
2016-09-25T22:37:17.415-0400: 32.785: [GC (GCLocker Initiated GC) [PSYoungGen: 158032K->60313K(175104K)] 397938K->310223K(699392K), 0.0103096 secs] [Times: user=0.13 sys=0.00, real=0.01 secs] 
2016-09-25T22:37:17.503-0400: 32.874: [GC (GCLocker Initiated GC) [PSYoungGen: 148377K->68440K(175104K)] 410499K->330946K(699392K), 0.0069165 secs] [Times: user=0.09 sys=0.00, real=0.00 secs] 
2016-09-25T22:37:17.553-0400: 32.924: [GC (GCLocker Initiated GC) [PSYoungGen: 156504K->57597K(174080K)] 424450K->350346K(698368K), 0.0100010 secs] [Times: user=0.12 sys=0.00, real=0.02 secs] 
2016-09-25T22:37:17.602-0400: 32.972: [GC (GCLocker Initiated GC) [PSYoungGen: 145661K->38550K(174592K)] 441292K->353438K(698880K), 0.0214046 secs] [Times: user=0.22 sys=0.00, real=0.03 secs] 
2016-09-25T22:37:17.674-0400: 33.044: [GC (GCLocker Initiated GC) [PSYoungGen: 126614K->58961K(174080K)] 446930K->393260K(698368K), 0.0096181 secs] [Times: user=0.10 sys=0.01, real=0.02 secs] 
2016-09-25T22:37:17.739-0400: 33.109: [GC (GCLocker Initiated GC) [PSYoungGen: 147537K->50728K(174592K)] 486372K->389994K(698880K), 0.0081485 secs] [Times: user=0.07 sys=0.00, real=0.01 secs] 
2016-09-25T22:37:17.791-0400: 33.161: [GC (GCLocker Initiated GC) [PSYoungGen: 139304K->67012K(175104K)] 482691K->421688K(699392K), 0.0084419 secs] [Times: user=0.09 sys=0.00, real=0.01 secs] 
2016-09-25T22:37:17.853-0400: 33.223: [GC (GCLocker Initiated GC) [PSYoungGen: 157124K->60305K(150528K)] 515301K->432380K(674816K), 0.0093927 secs] [Times: user=0.13 sys=0.00, real=0.01 secs] 
2016-09-25T22:37:17.910-0400: 33.280: [GC (GCLocker Initiated GC) [PSYoungGen: 150417K->60273K(176640K)] 534733K->444998K(700928K), 0.0057545 secs] [Times: user=0.07 sys=0.00, real=0.01 secs] 
2016-09-25T22:37:17.976-0400: 33.346: [GC (GCLocker Initiated GC) [PSYoungGen: 153969K->38622K(174592K)] 556340K->441370K(698880K), 0.0112476 secs] [Times: user=0.07 sys=0.01, real=0.01 secs] 
2016-09-25T22:37:18.029-0400: 33.399: [GC (GCLocker Initiated GC) [PSYoungGen: 132318K->60273K(179712K)] 537855K->478426K(704000K), 0.0063745 secs] [Times: user=0.08 sys=0.00, real=0.01 secs] 
2016-09-25T22:37:18.090-0400: 33.460: [GC (GCLocker Initiated GC) [PSYoungGen: 159089K->79359K(178176K)] 581494K->502164K(702464K), 0.0066030 secs] [Times: user=0.10 sys=0.00, real=0.01 secs] 
2016-09-25T22:37:18.142-0400: 33.512: [GC (GCLocker Initiated GC) [PSYoungGen: 178175K->75142K(172032K)] 601042K->512051K(696320K), 0.0089356 secs] [Times: user=0.13 sys=0.00, real=0.00 secs] 
2016-09-25T22:37:18.193-0400: 33.563: [GC (GCLocker Initiated GC) [PSYoungGen: 163206K->86094K(175104K)] 602893K->526168K(699392K), 0.0062662 secs] [Times: user=0.09 sys=0.00, real=0.01 secs] 
2016-09-25T22:37:18.251-0400: 33.621: [GC (GCLocker Initiated GC) [PSYoungGen: 174158K->71103K(175104K)] 617355K->529610K(699392K), 0.0109236 secs] [Times: user=0.12 sys=0.00, real=0.02 secs] 
2016-09-25T22:37:18.313-0400: 33.683: [GC (GCLocker Initiated GC) [PSYoungGen: 159167K->57593K(175104K)] 625869K->543642K(699392K), 0.0070989 secs] [Times: user=0.09 sys=0.00, real=0.01 secs] 
2016-09-25T22:37:18.368-0400: 33.738: [GC (GCLocker Initiated GC) [PSYoungGen: 145657K->79249K(175104K)] 637206K->571186K(699392K), 0.0112968 secs] [Times: user=0.11 sys=0.00, real=0.01 secs] 
2016-09-25T22:37:18.432-0400: 33.802: [Full GC (Ergonomics) [PSYoungGen: 167313K->0K(175104K)] [ParOldGen: 498786K->194842K(524288K)] 666099K->194842K(699392K), [Metaspace: 43443K->43443K(1085440K)], 0.0492492 secs] [Times: user=0.29 sys=0.00, real=0.05 secs] 
2016-09-25T22:37:18.530-0400: 33.900: [GC (GCLocker Initiated GC) [PSYoungGen: 88064K->68616K(175104K)] 282972K->263525K(699392K), 0.0112641 secs] [Times: user=0.11 sys=0.00, real=0.01 secs] 
2016-09-25T22:37:18.597-0400: 33.967: [GC (GCLocker Initiated GC) [PSYoungGen: 156680K->42756K(175104K)] 354460K->281703K(699392K), 0.0066174 secs] [Times: user=0.08 sys=0.00, real=0.01 secs] 
2016-09-25T22:37:18.646-0400: 34.016: [GC (GCLocker Initiated GC) [PSYoungGen: 130820K->56178K(175104K)] 369805K->303718K(699392K), 0.0099130 secs] [Times: user=0.06 sys=0.00, real=0.01 secs] 
2016-09-25T22:37:18.705-0400: 34.075: [GC (GCLocker Initiated GC) [PSYoungGen: 144242K->72551K(175104K)] 394561K->347674K(699392K), 0.0109142 secs] [Times: user=0.10 sys=0.00, real=0.01 secs] 
2016-09-25T22:37:18.769-0400: 34.139: [GC (GCLocker Initiated GC) [PSYoungGen: 160615K->75217K(175104K)] 438628K->379378K(699392K), 0.0071320 secs] [Times: user=0.11 sys=0.00, real=0.01 secs] 
2016-09-25T22:37:18.836-0400: 34.206: [GC (GCLocker Initiated GC) [PSYoungGen: 163281K->61621K(175104K)] 479754K->408253K(699392K), 0.0095582 secs] [Times: user=0.11 sys=0.00, real=0.01 secs] 
2016-09-25T22:37:18.891-0400: 34.261: [GC (GCLocker Initiated GC) [PSYoungGen: 149685K->45293K(175104K)] 500447K->400484K(699392K), 0.0057162 secs] [Times: user=0.06 sys=0.00, real=0.01 secs] 
2016-09-25T22:37:18.936-0400: 34.306: [GC (GCLocker Initiated GC) [PSYoungGen: 133357K->68392K(175104K)] 488704K->425552K(699392K), 0.0078227 secs] [Times: user=0.10 sys=0.00, real=0.01 secs] 
2016-09-25T22:37:18.990-0400: 34.360: [GC (GCLocker Initiated GC) [PSYoungGen: 156456K->67054K(175104K)] 519079K->447638K(699392K), 0.0136794 secs] [Times: user=0.15 sys=0.01, real=0.02 secs] 
2016-09-25T22:37:19.049-0400: 34.419: [GC (GCLocker Initiated GC) [PSYoungGen: 155118K->56210K(175104K)] 538428K->475064K(699392K), 0.0066644 secs] [Times: user=0.09 sys=0.00, real=0.01 secs] 
2016-09-25T22:37:19.106-0400: 34.476: [GC (GCLocker Initiated GC) [PSYoungGen: 144274K->61718K(175104K)] 565894K->494538K(699392K), 0.0075863 secs] [Times: user=0.08 sys=0.00, real=0.00 secs] 
2016-09-25T22:37:19.158-0400: 34.528: [GC (GCLocker Initiated GC) [PSYoungGen: 149782K->86094K(175104K)] 585555K->531789K(699392K), 0.0086454 secs] [Times: user=0.09 sys=0.00, real=0.01 secs] 
2016-09-25T22:37:19.221-0400: 34.591: [GC (GCLocker Initiated GC) [PSYoungGen: 174158K->53510K(175104K)] 619922K->518662K(699392K), 0.0087512 secs] [Times: user=0.09 sys=0.00, real=0.01 secs] 
2016-09-25T22:37:19.269-0400: 34.639: [GC (GCLocker Initiated GC) [PSYoungGen: 141574K->63069K(175104K)] 609626K->535531K(699392K), 0.0104939 secs] [Times: user=0.12 sys=0.00, real=0.01 secs] 
2016-09-25T22:37:19.330-0400: 34.700: [GC (GCLocker Initiated GC) [PSYoungGen: 151133K->68341K(175104K)] 629134K->556345K(699392K), 0.0076866 secs] [Times: user=0.07 sys=0.00, real=0.01 secs] 
2016-09-25T22:37:19.338-0400: 34.708: [Full GC (Ergonomics) [PSYoungGen: 68341K->0K(175104K)] [ParOldGen: 488004K->199484K(524288K)] 556345K->199484K(699392K), [Metaspace: 43461K->43461K(1085440K)], 0.0567578 secs] [Times: user=0.27 sys=0.01, real=0.06 secs] 
2016-09-25T22:37:19.445-0400: 34.815: [GC (GCLocker Initiated GC) [PSYoungGen: 88064K->64675K(174080K)] 290287K->266898K(698368K), 0.0060168 secs] [Times: user=0.08 sys=0.00, real=0.00 secs] 
2016-09-25T22:37:19.494-0400: 34.864: [GC (GCLocker Initiated GC) [PSYoungGen: 152739K->84624K(174592K)] 357890K->306728K(698880K), 0.0181867 secs] [Times: user=0.20 sys=0.01, real=0.01 secs] 
2016-09-25T22:37:19.569-0400: 34.939: [GC (GCLocker Initiated GC) [PSYoungGen: 172688K->60253K(175104K)] 400346K->296415K(699392K), 0.0148604 secs] [Times: user=0.19 sys=0.00, real=0.02 secs] 
2016-09-25T22:37:19.627-0400: 34.997: [GC (GCLocker Initiated GC) [PSYoungGen: 148317K->65630K(175104K)] 388775K->330930K(699392K), 0.0096372 secs] [Times: user=0.09 sys=0.00, real=0.01 secs] 
2016-09-25T22:37:19.685-0400: 35.055: [GC (GCLocker Initiated GC) [PSYoungGen: 153694K->56192K(175104K)] 420459K->332764K(699392K), 0.0101954 secs] [Times: user=0.12 sys=0.01, real=0.01 secs] 
2016-09-25T22:37:19.738-0400: 35.109: [GC (GCLocker Initiated GC) [PSYoungGen: 144256K->64387K(152576K)] 422207K->360379K(676864K), 0.0170903 secs] [Times: user=0.22 sys=0.00, real=0.02 secs] 
2016-09-25T22:37:19.801-0400: 35.171: [GC (GCLocker Initiated GC) [PSYoungGen: 152451K->41265K(171008K)] 454042K->345949K(695296K), 0.0227226 secs] [Times: user=0.26 sys=0.00, real=0.03 secs] 
2016-09-25T22:37:19.880-0400: 35.250: [GC (GCLocker Initiated GC) [PSYoungGen: 127281K->33127K(173056K)] 445585K->355834K(697344K), 0.0135631 secs] [Times: user=0.15 sys=0.00, real=0.01 secs] 
2016-09-25T22:37:19.946-0400: 35.316: [GC (GCLocker Initiated GC) [PSYoungGen: 119143K->41346K(175104K)] 445963K->383439K(699392K), 0.0131987 secs] [Times: user=0.18 sys=0.00, real=0.01 secs] 
2016-09-25T22:37:20.000-0400: 35.370: [GC (GCLocker Initiated GC) [PSYoungGen: 129410K->64151K(175104K)] 471568K->417547K(699392K), 0.0163356 secs] [Times: user=0.19 sys=0.00, real=0.02 secs] 
2016-09-25T22:37:20.060-0400: 35.430: [GC (GCLocker Initiated GC) [PSYoungGen: 152215K->58841K(173056K)] 511092K->423467K(697344K), 0.0098242 secs] [Times: user=0.10 sys=0.00, real=0.01 secs] 
2016-09-25T22:37:20.131-0400: 35.501: [GC (GCLocker Initiated GC) [PSYoungGen: 146905K->64357K(174080K)] 521285K->449968K(698368K), 0.0074258 secs] [Times: user=0.10 sys=0.01, real=0.01 secs] 
2016-09-25T22:37:20.191-0400: 35.561: [GC (GCLocker Initiated GC) [PSYoungGen: 152421K->50824K(173568K)] 539730K->454736K(697856K), 0.0139740 secs] [Times: user=0.20 sys=0.00, real=0.02 secs] 
2016-09-25T22:37:20.252-0400: 35.622: [GC (GCLocker Initiated GC) [PSYoungGen: 141448K->39821K(175104K)] 548473K->459343K(699392K), 0.0272614 secs] [Times: user=0.39 sys=0.00, real=0.03 secs] 
2016-09-25T22:37:20.343-0400: 35.713: [GC (GCLocker Initiated GC) [PSYoungGen: 130445K->49444K(175104K)] 558179K->477520K(699392K), 0.0187987 secs] [Times: user=0.23 sys=0.02, real=0.01 secs] 
2016-09-25T22:37:20.425-0400: 35.795: [GC (GCLocker Initiated GC) [PSYoungGen: 142116K->41330K(176128K)] 570817K->482657K(700416K), 0.0080176 secs] [Times: user=0.10 sys=0.00, real=0.00 secs] 
2016-09-25T22:37:20.484-0400: 35.854: [GC (GCLocker Initiated GC) [PSYoungGen: 134002K->56097K(174080K)] 578128K->519474K(698368K), 0.0073679 secs] [Times: user=0.08 sys=0.00, real=0.00 secs] 
2016-09-25T22:37:20.552-0400: 35.922: [GC (GCLocker Initiated GC) [PSYoungGen: 151841K->65624K(176640K)] 618092K->532262K(700928K), 0.0120776 secs] [Times: user=0.15 sys=0.00, real=0.02 secs] 
2016-09-25T22:37:20.622-0400: 35.992: [GC (GCLocker Initiated GC) [PSYoungGen: 161368K->56437K(177664K)] 629446K->545221K(701952K), 0.0109584 secs] [Times: user=0.14 sys=0.00, real=0.01 secs] 
2016-09-25T22:37:20.692-0400: 36.062: [GC (GCLocker Initiated GC) [PSYoungGen: 155253K->75158K(174080K)] 644133K->596845K(698368K), 0.0088590 secs] [Times: user=0.15 sys=0.00, real=0.01 secs] 
2016-09-25T22:37:20.701-0400: 36.071: [Full GC (Ergonomics) [PSYoungGen: 75158K->0K(174080K)] [ParOldGen: 521686K->181053K(524288K)] 596845K->181053K(698368K), [Metaspace: 43591K->43591K(1085440K)], 0.1614817 secs] [Times: user=2.24 sys=0.01, real=0.17 secs] 
2016-09-25T22:37:20.922-0400: 36.292: [GC (GCLocker Initiated GC) [PSYoungGen: 98816K->72887K(173056K)] 288099K->262170K(697344K), 0.0099114 secs] [Times: user=0.15 sys=0.00, real=0.01 secs] 
2016-09-25T22:37:20.978-0400: 36.348: [GC (Allocation Failure) [PSYoungGen: 160951K->57685K(175104K)] 362521K->279012K(699392K), 0.0065782 secs] [Times: user=0.08 sys=0.01, real=0.01 secs] 
2016-09-25T22:37:21.036-0400: 36.406: [GC (GCLocker Initiated GC) [PSYoungGen: 144054K->58927K(169984K)] 368081K->288883K(694272K), 0.0062484 secs] [Times: user=0.08 sys=0.00, real=0.01 secs] 
2016-09-25T22:37:21.107-0400: 36.477: [GC (GCLocker Initiated GC) [PSYoungGen: 149039K->65677K(172544K)] 385821K->304222K(696832K), 0.0100326 secs] [Times: user=0.13 sys=0.00, real=0.01 secs] 
2016-09-25T22:37:21.193-0400: 36.563: [GC (GCLocker Initiated GC) [PSYoungGen: 155789K->56194K(176128K)] 395740K->333029K(700416K), 0.0080021 secs] [Times: user=0.10 sys=0.00, real=0.01 secs] 
2016-09-25T22:37:21.245-0400: 36.615: [GC (GCLocker Initiated GC) [PSYoungGen: 152962K->59022K(177664K)] 433923K->349849K(701952K), 0.0236623 secs] [Times: user=0.30 sys=0.01, real=0.02 secs] 
2016-09-25T22:37:21.326-0400: 36.696: [GC (GCLocker Initiated GC) [PSYoungGen: 155790K->63156K(180736K)] 446688K->366712K(705024K), 0.0115348 secs] [Times: user=0.11 sys=0.01, real=0.01 secs] 
2016-09-25T22:37:21.406-0400: 36.776: [GC (GCLocker Initiated GC) [PSYoungGen: 165556K->67007K(180736K)] 470525K->383184K(705024K), 0.0095031 secs] [Times: user=0.06 sys=0.01, real=0.01 secs] 
2016-09-25T22:37:21.459-0400: 36.829: [GC (GCLocker Initiated GC) [PSYoungGen: 169407K->57608K(181760K)] 491006K->393164K(706048K), 0.0061946 secs] [Times: user=0.08 sys=0.00, real=0.01 secs] 
2016-09-25T22:37:21.515-0400: 36.885: [GC (GCLocker Initiated GC) [PSYoungGen: 162056K->69771K(182272K)] 500375K->413903K(706560K), 0.0104238 secs] [Times: user=0.13 sys=0.00, real=0.01 secs] 
2016-09-25T22:37:21.615-0400: 36.985: [GC (GCLocker Initiated GC) [PSYoungGen: 174219K->53520K(182784K)] 533371K->421205K(707072K), 0.0119040 secs] [Times: user=0.10 sys=0.01, real=0.01 secs] 
2016-09-25T22:37:21.670-0400: 37.040: [GC (Allocation Failure) [PSYoungGen: 156432K->59016K(162304K)] 534959K->440740K(686592K), 0.0089294 secs] [Times: user=0.08 sys=0.00, real=0.01 secs] 
2016-09-25T22:37:21.682-0400: 37.052: [GC (GCLocker Initiated GC) [PSYoungGen: 62557K->3020K(168448K)] 444281K->440825K(692736K), 0.0095906 secs] [Times: user=0.11 sys=0.00, real=0.01 secs] 
2016-09-25T22:37:21.759-0400: 37.129: [GC (GCLocker Initiated GC) [PSYoungGen: 94156K->45714K(176640K)] 531971K->486245K(700928K), 0.0140760 secs] [Times: user=0.16 sys=0.00, real=0.01 secs] 
2016-09-25T22:37:21.842-0400: 37.212: [GC (GCLocker Initiated GC) [PSYoungGen: 136850K->54787K(169984K)] 577528K->507001K(694272K), 0.0108019 secs] [Times: user=0.12 sys=0.00, real=0.01 secs] 
2016-09-25T22:37:21.894-0400: 37.264: [GC (GCLocker Initiated GC) [PSYoungGen: 147459K->42758K(174080K)] 602424K->537224K(698368K), 0.0246777 secs] [Times: user=0.34 sys=0.00, real=0.03 secs] 
2016-09-25T22:37:21.919-0400: 37.289: [Full GC (Ergonomics) [PSYoungGen: 42758K->0K(174080K)] [ParOldGen: 494466K->180725K(524288K)] 537224K->180725K(698368K), [Metaspace: 43591K->43591K(1085440K)], 0.0875281 secs] [Times: user=0.59 sys=0.01, real=0.09 secs] 
2016-09-25T22:37:22.065-0400: 37.435: [GC (GCLocker Initiated GC) [PSYoungGen: 92672K->77033K(169472K)] 278946K->263307K(693760K), 0.0071889 secs] [Times: user=0.10 sys=0.00, real=0.00 secs] 
2016-09-25T22:37:22.112-0400: 37.482: [GC (GCLocker Initiated GC) [PSYoungGen: 166121K->80495K(169984K)] 357830K->278485K(694272K), 0.0078261 secs] [Times: user=0.06 sys=0.00, real=0.01 secs] 
2016-09-25T22:37:22.179-0400: 37.549: [GC (GCLocker Initiated GC) [PSYoungGen: 169583K->73841K(175104K)] 367635K->281764K(699392K), 0.0151580 secs] [Times: user=0.16 sys=0.00, real=0.02 secs] 
2016-09-25T22:37:22.267-0400: 37.637: [GC (GCLocker Initiated GC) [PSYoungGen: 161905K->57527K(175104K)] 376714K->272733K(699392K), 0.0082796 secs] [Times: user=0.09 sys=0.00, real=0.01 secs] 
2016-09-25T22:37:22.320-0400: 37.690: [GC (GCLocker Initiated GC) [PSYoungGen: 145591K->64271K(175104K)] 363746K->285569K(699392K), 0.0052888 secs] [Times: user=0.06 sys=0.00, real=0.01 secs] 
2016-09-25T22:37:22.368-0400: 37.738: [GC (GCLocker Initiated GC) [PSYoungGen: 152335K->63044K(175104K)] 381878K->294278K(699392K), 0.0097823 secs] [Times: user=0.11 sys=0.00, real=0.01 secs] 
2016-09-25T22:37:22.444-0400: 37.814: [GC (GCLocker Initiated GC) [PSYoungGen: 151108K->62981K(175104K)] 390583K->317730K(699392K), 0.0102146 secs] [Times: user=0.13 sys=0.01, real=0.01 secs] 
2016-09-25T22:37:22.514-0400: 37.884: [GC (GCLocker Initiated GC) [PSYoungGen: 151045K->53402K(141824K)] 412606K->316674K(666112K), 0.0175316 secs] [Times: user=0.21 sys=0.01, real=0.01 secs] 
2016-09-25T22:37:22.577-0400: 37.947: [GC (GCLocker Initiated GC) [PSYoungGen: 141466K->67061K(174080K)] 412971K->343052K(698368K), 0.0099860 secs] [Times: user=0.14 sys=0.00, real=0.01 secs] 
2016-09-25T22:37:22.633-0400: 38.003: [GC (GCLocker Initiated GC) [PSYoungGen: 155125K->49531K(174080K)] 431176K->350322K(698368K), 0.0056652 secs] [Times: user=0.06 sys=0.01, real=0.01 secs] 
2016-09-25T22:37:22.686-0400: 38.056: [GC (GCLocker Initiated GC) [PSYoungGen: 137595K->71180K(173056K)] 441329K->379420K(697344K), 0.0081557 secs] [Times: user=0.08 sys=0.00, real=0.01 secs] 
2016-09-25T22:37:22.741-0400: 38.111: [GC (GCLocker Initiated GC) [PSYoungGen: 159244K->60317K(148480K)] 467630K->389449K(672768K), 0.0064420 secs] [Times: user=0.08 sys=0.00, real=0.01 secs] 
2016-09-25T22:37:22.805-0400: 38.175: [GC (GCLocker Initiated GC) [PSYoungGen: 148381K->46755K(174592K)] 480343K->388628K(698880K), 0.0102221 secs] [Times: user=0.07 sys=0.02, real=0.01 secs] 
2016-09-25T22:37:22.865-0400: 38.235: [GC (GCLocker Initiated GC) [PSYoungGen: 136867K->50863K(174592K)] 482843K->418898K(698880K), 0.0090352 secs] [Times: user=0.10 sys=0.01, real=0.01 secs] 
2016-09-25T22:37:22.938-0400: 38.308: [GC (GCLocker Initiated GC) [PSYoungGen: 140975K->40044K(176128K)] 521201K->434230K(700416K), 0.0085923 secs] [Times: user=0.08 sys=0.00, real=0.01 secs] 
2016-09-25T22:37:22.997-0400: 38.367: [GC (GCLocker Initiated GC) [PSYoungGen: 132716K->68357K(176640K)] 529637K->472483K(700928K), 0.0096299 secs] [Times: user=0.06 sys=0.01, real=0.01 secs] 
2016-09-25T22:37:23.058-0400: 38.429: [GC (GCLocker Initiated GC) [PSYoungGen: 161029K->67115K(174592K)] 571664K->499855K(698880K), 0.0087976 secs] [Times: user=0.08 sys=0.00, real=0.01 secs] 
2016-09-25T22:37:23.116-0400: 38.486: [GC (GCLocker Initiated GC) [PSYoungGen: 156203K->61623K(151040K)] 594509K->509832K(675328K), 0.0080396 secs] [Times: user=0.10 sys=0.00, real=0.01 secs] 
2016-09-25T22:37:23.159-0400: 38.529: [GC (GCLocker Initiated GC) [PSYoungGen: 150711K->77815K(172032K)] 599027K->533289K(696320K), 0.0088542 secs] [Times: user=0.12 sys=0.00, real=0.01 secs] 
2016-09-25T22:37:23.222-0400: 38.593: [GC (GCLocker Initiated GC) [PSYoungGen: 165367K->65872K(174592K)] 633148K->547554K(698880K), 0.0067264 secs] [Times: user=0.09 sys=0.00, real=0.00 secs] 
2016-09-25T22:37:23.281-0400: 38.651: [GC (GCLocker Initiated GC) [PSYoungGen: 153424K->69776K(175104K)] 646043K->562906K(699392K), 0.0072710 secs] [Times: user=0.08 sys=0.01, real=0.01 secs] 
2016-09-25T22:37:23.289-0400: 38.659: [Full GC (Ergonomics) [PSYoungGen: 69776K->0K(175104K)] [ParOldGen: 493129K->203824K(524288K)] 562906K->203824K(699392K), [Metaspace: 43593K->43593K(1085440K)], 0.0679948 secs] [Times: user=0.43 sys=0.00, real=0.07 secs] 
2016-09-25T22:37:23.408-0400: 38.778: [GC (GCLocker Initiated GC) [PSYoungGen: 88064K->75246K(175104K)] 297310K->284492K(699392K), 0.0083281 secs] [Times: user=0.12 sys=0.00, real=0.01 secs] 
2016-09-25T22:37:23.462-0400: 38.832: [GC (GCLocker Initiated GC) [PSYoungGen: 163310K->69754K(175104K)] 372671K->289065K(699392K), 0.0060649 secs] [Times: user=0.07 sys=0.00, real=0.01 secs] 
2016-09-25T22:37:23.522-0400: 38.892: [GC (GCLocker Initiated GC) [PSYoungGen: 157818K->63048K(175104K)] 379943K->308591K(699392K), 0.0064577 secs] [Times: user=0.08 sys=0.00, real=0.01 secs] 
2016-09-25T22:37:23.588-0400: 38.958: [GC (GCLocker Initiated GC) [PSYoungGen: 151112K->72557K(175104K)] 403593K->328174K(699392K), 0.0087069 secs] [Times: user=0.10 sys=0.01, real=0.01 secs] 
2016-09-25T22:37:23.652-0400: 39.022: [GC (GCLocker Initiated GC) [PSYoungGen: 160621K->57592K(175104K)] 423097K->342179K(699392K), 0.0095644 secs] [Times: user=0.13 sys=0.00, real=0.01 secs] 
2016-09-25T22:37:23.705-0400: 39.075: [GC (GCLocker Initiated GC) [PSYoungGen: 145656K->75198K(175104K)] 433121K->375209K(699392K), 0.0065305 secs] [Times: user=0.10 sys=0.00, real=0.00 secs] 
2016-09-25T22:37:23.760-0400: 39.130: [GC (GCLocker Initiated GC) [PSYoungGen: 163262K->77868K(175104K)] 468735K->398611K(699392K), 0.0090251 secs] [Times: user=0.09 sys=0.01, real=0.01 secs] 
2016-09-25T22:37:23.814-0400: 39.184: [GC (GCLocker Initiated GC) [PSYoungGen: 165932K->62969K(175104K)] 486805K->416676K(699392K), 0.0105502 secs] [Times: user=0.11 sys=0.00, real=0.02 secs] 
2016-09-25T22:37:23.869-0400: 39.239: [GC (GCLocker Initiated GC) [PSYoungGen: 151033K->67014K(175104K)] 504798K->425218K(699392K), 0.0078685 secs] [Times: user=0.12 sys=0.00, real=0.01 secs] 
2016-09-25T22:37:23.915-0400: 39.285: [GC (GCLocker Initiated GC) [PSYoungGen: 155078K->67060K(173056K)] 518762K->440638K(697344K), 0.0105967 secs] [Times: user=0.11 sys=0.00, real=0.01 secs] 
2016-09-25T22:37:23.975-0400: 39.345: [GC (GCLocker Initiated GC) [PSYoungGen: 155124K->45459K(174080K)] 534327K->450810K(698368K), 0.0060338 secs] [Times: user=0.08 sys=0.00, real=0.00 secs] 
2016-09-25T22:37:24.026-0400: 39.396: [GC (GCLocker Initiated GC) [PSYoungGen: 133523K->68394K(175104K)] 543102K->481174K(699392K), 0.0060843 secs] [Times: user=0.08 sys=0.00, real=0.00 secs] 
2016-09-25T22:37:24.069-0400: 39.440: [GC (GCLocker Initiated GC) [PSYoungGen: 156458K->64458K(152576K)] 570733K->492670K(676864K), 0.0104739 secs] [Times: user=0.16 sys=0.00, real=0.01 secs] 
2016-09-25T22:37:24.125-0400: 39.495: [GC (GCLocker Initiated GC) [PSYoungGen: 152522K->81948K(169984K)] 583468K->513406K(694272K), 0.0066881 secs] [Times: user=0.09 sys=0.00, real=0.00 secs] 
2016-09-25T22:37:24.180-0400: 39.550: [GC (GCLocker Initiated GC) [PSYoungGen: 167452K->76509K(172544K)] 603055K->515240K(696832K), 0.0087260 secs] [Times: user=0.12 sys=0.00, real=0.01 secs] 
2016-09-25T22:37:24.241-0400: 39.611: [GC (GCLocker Initiated GC) [PSYoungGen: 162013K->46510K(175104K)] 611601K->509987K(699392K), 0.0063627 secs] [Times: user=0.05 sys=0.00, real=0.01 secs] 
2016-09-25T22:37:24.305-0400: 39.675: [GC (GCLocker Initiated GC) [PSYoungGen: 134574K->79223K(175104K)] 598114K->559333K(699392K), 0.0080919 secs] [Times: user=0.10 sys=0.00, real=0.00 secs] 
2016-09-25T22:37:24.358-0400: 39.728: [GC (GCLocker Initiated GC) [PSYoungGen: 167287K->57669K(175104K)] 650278K->561329K(699392K), 0.0086657 secs] [Times: user=0.08 sys=0.00, real=0.01 secs] 
2016-09-25T22:37:24.367-0400: 39.737: [Full GC (Ergonomics) [PSYoungGen: 57669K->0K(175104K)] [ParOldGen: 503660K->194599K(524288K)] 561329K->194599K(699392K), [Metaspace: 43594K->43594K(1085440K)], 0.0575679 secs] [Times: user=0.44 sys=0.01, real=0.06 secs] 
2016-09-25T22:37:24.473-0400: 39.843: [GC (GCLocker Initiated GC) [PSYoungGen: 88064K->84934K(175104K)] 282798K->282369K(699392K), 0.0124867 secs] [Times: user=0.18 sys=0.01, real=0.02 secs] 
2016-09-25T22:37:24.529-0400: 39.899: [GC (GCLocker Initiated GC) [PSYoungGen: 172998K->67053K(175104K)] 373307K->276144K(699392K), 0.0090038 secs] [Times: user=0.08 sys=0.00, real=0.01 secs] 
2016-09-25T22:37:24.592-0400: 39.962: [GC (GCLocker Initiated GC) [PSYoungGen: 155117K->64439K(175104K)] 369715K->280802K(699392K), 0.0058809 secs] [Times: user=0.07 sys=0.00, real=0.01 secs] 
2016-09-25T22:37:24.647-0400: 40.017: [GC (GCLocker Initiated GC) [PSYoungGen: 152503K->75272K(175104K)] 378376K->306974K(699392K), 0.0065947 secs] [Times: user=0.08 sys=0.00, real=0.00 secs] 
2016-09-25T22:37:24.706-0400: 40.076: [GC (GCLocker Initiated GC) [PSYoungGen: 163336K->49589K(175104K)] 411494K->325249K(699392K), 0.0134500 secs] [Times: user=0.14 sys=0.00, real=0.01 secs] 
2016-09-25T22:37:24.773-0400: 40.144: [GC (GCLocker Initiated GC) [PSYoungGen: 137653K->42443K(175104K)] 419291K->327218K(699392K), 0.0107756 secs] [Times: user=0.08 sys=0.00, real=0.02 secs] 
2016-09-25T22:37:24.843-0400: 40.213: [GC (GCLocker Initiated GC) [PSYoungGen: 130507K->53503K(175104K)] 432890K->367021K(699392K), 0.0104094 secs] [Times: user=0.13 sys=0.00, real=0.00 secs] 
2016-09-25T22:37:24.903-0400: 40.273: [GC (GCLocker Initiated GC) [PSYoungGen: 141567K->53609K(175104K)] 457971K->398760K(699392K), 0.0061443 secs] [Times: user=0.09 sys=0.00, real=0.00 secs] 
2016-09-25T22:37:24.967-0400: 40.337: [GC (GCLocker Initiated GC) [PSYoungGen: 141673K->48211K(175104K)] 500480K->419598K(699392K), 0.0130477 secs] [Times: user=0.17 sys=0.00, real=0.01 secs] 
2016-09-25T22:37:25.030-0400: 40.400: [GC (GCLocker Initiated GC) [PSYoungGen: 136275K->73977K(175104K)] 514466K->471565K(699392K), 0.0098741 secs] [Times: user=0.13 sys=0.00, real=0.01 secs] 
2016-09-25T22:37:25.086-0400: 40.456: [GC (GCLocker Initiated GC) [PSYoungGen: 162041K->69989K(175104K)] 566425K->477646K(699392K), 0.0066988 secs] [Times: user=0.09 sys=0.00, real=0.00 secs] 
2016-09-25T22:37:25.156-0400: 40.526: [GC (GCLocker Initiated GC) [PSYoungGen: 158053K->38715K(175104K)] 573956K->456579K(699392K), 0.0071741 secs] [Times: user=0.07 sys=0.00, real=0.01 secs] 
2016-09-25T22:37:25.218-0400: 40.588: [GC (GCLocker Initiated GC) [PSYoungGen: 126779K->55022K(175104K)] 551546K->489818K(699392K), 0.0055297 secs] [Times: user=0.07 sys=0.00, real=0.01 secs] 
2016-09-25T22:37:25.277-0400: 40.647: [GC (GCLocker Initiated GC) [PSYoungGen: 143086K->47989K(175104K)] 580624K->496884K(699392K), 0.0083076 secs] [Times: user=0.08 sys=0.00, real=0.01 secs] 
2016-09-25T22:37:25.324-0400: 40.694: [GC (GCLocker Initiated GC) [PSYoungGen: 136053K->80863K(175104K)] 584976K->549105K(699392K), 0.0092671 secs] [Times: user=0.14 sys=0.00, real=0.00 secs] 
2016-09-25T22:37:25.376-0400: 40.746: [GC (GCLocker Initiated GC) [PSYoungGen: 168927K->72637K(175104K)] 642688K->549790K(699392K), 0.0193203 secs] [Times: user=0.21 sys=0.00, real=0.02 secs] 
2016-09-25T22:37:25.453-0400: 40.823: [GC (GCLocker Initiated GC) --[PSYoungGen: 160701K->160701K(175104K)] 637908K->683081K(699392K), 0.0116611 secs] [Times: user=0.09 sys=0.00, real=0.02 secs] 
2016-09-25T22:37:25.464-0400: 40.835: [Full GC (Ergonomics) [PSYoungGen: 160701K->0K(175104K)] [ParOldGen: 522380K->204975K(524288K)] 683081K->204975K(699392K), [Metaspace: 43611K->43611K(1085440K)], 0.0602488 secs] [Times: user=0.38 sys=0.02, real=0.06 secs] 
2016-09-25T22:37:25.572-0400: 40.942: [GC (GCLocker Initiated GC) [PSYoungGen: 88063K->81290K(175104K)] 295843K->289069K(699392K), 0.0099865 secs] [Times: user=0.12 sys=0.00, real=0.01 secs] 
2016-09-25T22:37:25.629-0400: 40.999: [GC (GCLocker Initiated GC) [PSYoungGen: 169354K->54999K(175104K)] 379949K->270780K(699392K), 0.0142661 secs] [Times: user=0.15 sys=0.00, real=0.02 secs] 
2016-09-25T22:37:25.687-0400: 41.057: [GC (GCLocker Initiated GC) [PSYoungGen: 143063K->60401K(175104K)] 364446K->301282K(699392K), 0.0094594 secs] [Times: user=0.10 sys=0.00, real=0.01 secs] 
2016-09-25T22:37:25.747-0400: 41.117: [GC (GCLocker Initiated GC) [PSYoungGen: 148465K->63129K(175104K)] 397564K->323477K(699392K), 0.0127897 secs] [Times: user=0.14 sys=0.00, real=0.01 secs] 
2016-09-25T22:37:25.826-0400: 41.196: [GC (GCLocker Initiated GC) [PSYoungGen: 151193K->45463K(175104K)] 417032K->317315K(699392K), 0.0084145 secs] [Times: user=0.04 sys=0.01, real=0.01 secs] 
2016-09-25T22:37:25.879-0400: 41.249: [GC (GCLocker Initiated GC) [PSYoungGen: 133527K->44218K(175104K)] 408483K->339985K(699392K), 0.0170315 secs] [Times: user=0.22 sys=0.00, real=0.02 secs] 
2016-09-25T22:37:25.933-0400: 41.303: [GC (GCLocker Initiated GC) [PSYoungGen: 132282K->53535K(175104K)] 430824K->366155K(699392K), 0.0100562 secs] [Times: user=0.12 sys=0.00, real=0.02 secs] 
2016-09-25T22:37:25.987-0400: 41.357: [GC (GCLocker Initiated GC) [PSYoungGen: 141599K->71445K(175104K)] 459639K->389938K(699392K), 0.0057530 secs] [Times: user=0.09 sys=0.00, real=0.00 secs] 
2016-09-25T22:37:26.077-0400: 41.447: [GC (GCLocker Initiated GC) [PSYoungGen: 159509K->42876K(175104K)] 493012K->381205K(699392K), 0.0070939 secs] [Times: user=0.09 sys=0.00, real=0.01 secs] 
2016-09-25T22:37:26.149-0400: 41.519: [GC (GCLocker Initiated GC) [PSYoungGen: 130940K->63534K(175104K)] 489704K->422843K(699392K), 0.0060245 secs] [Times: user=0.08 sys=0.00, real=0.01 secs] 
2016-09-25T22:37:26.222-0400: 41.592: [GC (GCLocker Initiated GC) [PSYoungGen: 151598K->50942K(175104K)] 515317K->416941K(699392K), 0.0096371 secs] [Times: user=0.08 sys=0.00, real=0.01 secs] 
2016-09-25T22:37:26.295-0400: 41.665: [GC (GCLocker Initiated GC) [PSYoungGen: 139006K->68635K(175104K)] 507955K->447586K(699392K), 0.0097811 secs] [Times: user=0.12 sys=0.00, real=0.01 secs] 
2016-09-25T22:37:26.362-0400: 41.732: [GC (GCLocker Initiated GC) [PSYoungGen: 156699K->71351K(175104K)] 539405K->460088K(699392K), 0.0072566 secs] [Times: user=0.06 sys=0.00, real=0.01 secs] 
2016-09-25T22:37:26.415-0400: 41.785: [GC (GCLocker Initiated GC) [PSYoungGen: 159415K->51096K(175104K)] 553734K->451585K(699392K), 0.0066180 secs] [Times: user=0.07 sys=0.01, real=0.00 secs] 
2016-09-25T22:37:26.493-0400: 41.863: [GC (GCLocker Initiated GC) [PSYoungGen: 139160K->57980K(146432K)] 551896K->490215K(670720K), 0.0126599 secs] [Times: user=0.13 sys=0.00, real=0.02 secs] 
2016-09-25T22:37:26.579-0400: 41.949: [GC (GCLocker Initiated GC) [PSYoungGen: 146044K->68766K(174080K)] 582399K->524797K(698368K), 0.0086450 secs] [Times: user=0.10 sys=0.00, real=0.01 secs] 
2016-09-25T22:37:26.631-0400: 42.001: [GC (GCLocker Initiated GC) [PSYoungGen: 156318K->72626K(174592K)] 612374K->556500K(698880K), 0.0080414 secs] [Times: user=0.09 sys=0.00, real=0.01 secs] 
2016-09-25T22:37:26.684-0400: 42.054: [GC (GCLocker Initiated GC) [PSYoungGen: 160178K->52442K(175104K)] 646853K->550500K(699392K), 0.0179985 secs] [Times: user=0.22 sys=0.01, real=0.02 secs] 
2016-09-25T22:37:26.703-0400: 42.073: [Full GC (Ergonomics) [PSYoungGen: 52442K->0K(175104K)] [ParOldGen: 498058K->217131K(524288K)] 550500K->217131K(699392K), [Metaspace: 43611K->43611K(1085440K)], 0.0813828 secs] [Times: user=0.60 sys=0.00, real=0.08 secs] 
2016-09-25T22:37:26.835-0400: 42.205: [GC (GCLocker Initiated GC) [PSYoungGen: 88064K->81499K(175104K)] 308048K->301484K(699392K), 0.0066074 secs] [Times: user=0.09 sys=0.00, real=0.00 secs] 
2016-09-25T22:37:26.886-0400: 42.256: [GC (GCLocker Initiated GC) [PSYoungGen: 169563K->61891K(175104K)] 396382K->310393K(699392K), 0.0068602 secs] [Times: user=0.10 sys=0.00, real=0.00 secs] 
2016-09-25T22:37:26.970-0400: 42.340: [GC (GCLocker Initiated GC) [PSYoungGen: 149955K->64613K(175104K)] 401239K->339528K(699392K), 0.0131445 secs] [Times: user=0.16 sys=0.01, real=0.02 secs] 
2016-09-25T22:37:27.048-0400: 42.418: [GC (GCLocker Initiated GC) [PSYoungGen: 152677K->71465K(175104K)] 435878K->370150K(699392K), 0.0097374 secs] [Times: user=0.13 sys=0.00, real=0.01 secs] 
2016-09-25T22:37:28.593-0400: 43.963: [GC (GCLocker Initiated GC) [PSYoungGen: 159529K->51021K(175104K)] 463778K->372222K(699392K), 0.0168963 secs] [Times: user=0.16 sys=0.02, real=0.02 secs] 
2016-09-25T22:37:28.665-0400: 44.035: [GC (GCLocker Initiated GC) [PSYoungGen: 139085K->71267K(175104K)] 460559K->396263K(699392K), 0.0164626 secs] [Times: user=0.18 sys=0.01, real=0.01 secs] 
2016-09-25T22:37:28.775-0400: 44.145: [GC (GCLocker Initiated GC) [PSYoungGen: 159331K->47132K(175104K)] 500688K->389036K(699392K), 0.0130595 secs] [Times: user=0.13 sys=0.02, real=0.01 secs] 
2016-09-25T22:37:28.875-0400: 44.245: [GC (GCLocker Initiated GC) [PSYoungGen: 135196K->32151K(175104K)] 483889K->403124K(699392K), 0.0125742 secs] [Times: user=0.12 sys=0.02, real=0.01 secs] 
2016-09-25T22:37:28.932-0400: 44.302: [GC (GCLocker Initiated GC) [PSYoungGen: 120215K->67256K(175104K)] 495388K->456550K(699392K), 0.0118890 secs] [Times: user=0.15 sys=0.01, real=0.02 secs] 
2016-09-25T22:37:28.997-0400: 44.367: [GC (GCLocker Initiated GC) [PSYoungGen: 155320K->52642K(175104K)] 551486K->452158K(699392K), 0.0129858 secs] [Times: user=0.15 sys=0.01, real=0.01 secs] 
2016-09-25T22:37:29.065-0400: 44.435: [GC (GCLocker Initiated GC) [PSYoungGen: 140706K->60562K(175104K)] 543663K->487206K(699392K), 0.0176229 secs] [Times: user=0.25 sys=0.01, real=0.02 secs] 
2016-09-25T22:37:29.146-0400: 44.516: [GC (GCLocker Initiated GC) [PSYoungGen: 148626K->57751K(169984K)] 582113K->510832K(694272K), 0.0076629 secs] [Times: user=0.09 sys=0.00, real=0.00 secs] 
2016-09-25T22:37:29.210-0400: 44.580: [GC (GCLocker Initiated GC) [PSYoungGen: 145815K->49720K(172544K)] 603027K->526323K(696832K), 0.0097629 secs] [Times: user=0.09 sys=0.00, real=0.01 secs] 
2016-09-25T22:37:29.285-0400: 44.655: [GC (GCLocker Initiated GC) [PSYoungGen: 137784K->60529K(173568K)] 622707K->558354K(697856K), 0.0076415 secs] [Times: user=0.07 sys=0.01, real=0.00 secs] 
2016-09-25T22:37:29.293-0400: 44.663: [Full GC (Ergonomics) [PSYoungGen: 60529K->0K(173568K)] [ParOldGen: 497825K->227850K(524288K)] 558354K->227850K(697856K), [Metaspace: 43612K->43612K(1085440K)], 0.0898547 secs] [Times: user=0.43 sys=0.05, real=0.10 secs] 
2016-09-25T22:37:29.458-0400: 44.829: [GC (GCLocker Initiated GC) [PSYoungGen: 94208K->65093K(176128K)] 327517K->298402K(700416K), 0.0075812 secs] [Times: user=0.09 sys=0.01, real=0.01 secs] 
2016-09-25T22:37:29.531-0400: 44.901: [GC (GCLocker Initiated GC) [PSYoungGen: 159301K->65862K(179712K)] 395396K->304481K(704000K), 0.0111052 secs] [Times: user=0.14 sys=0.01, real=0.02 secs] 
2016-09-25T22:37:29.616-0400: 44.986: [GC (GCLocker Initiated GC) [PSYoungGen: 163142K->39079K(136704K)] 408605K->314888K(660992K), 0.0074221 secs] [Times: user=0.08 sys=0.00, real=0.01 secs] 
2016-09-25T22:37:29.683-0400: 45.053: [GC (GCLocker Initiated GC) [PSYoungGen: 136359K->52397K(180224K)] 413587K->349372K(704512K), 0.0070452 secs] [Times: user=0.08 sys=0.00, real=0.00 secs] 
2016-09-25T22:37:29.751-0400: 45.121: [GC (GCLocker Initiated GC) [PSYoungGen: 149165K->40236K(178688K)] 452975K->374395K(702976K), 0.0157504 secs] [Times: user=0.22 sys=0.02, real=0.02 secs] 
2016-09-25T22:37:29.834-0400: 45.204: [GC (GCLocker Initiated GC) [PSYoungGen: 137004K->69977K(174592K)] 474174K->409159K(698880K), 0.0064385 secs] [Times: user=0.09 sys=0.01, real=0.00 secs] 
2016-09-25T22:37:29.883-0400: 45.254: [GC (GCLocker Initiated GC) [PSYoungGen: 162137K->65892K(158208K)] 501457K->412593K(682496K), 0.0065632 secs] [Times: user=0.08 sys=0.01, real=0.00 secs] 
2016-09-25T22:37:29.942-0400: 45.312: [GC (GCLocker Initiated GC) [PSYoungGen: 158052K->53779K(178688K)] 511562K->418684K(702976K), 0.0084120 secs] [Times: user=0.11 sys=0.00, real=0.00 secs] 
2016-09-25T22:37:29.999-0400: 45.369: [GC (GCLocker Initiated GC) [PSYoungGen: 146963K->63130K(156672K)] 511877K->444981K(680960K), 0.0070249 secs] [Times: user=0.10 sys=0.00, real=0.01 secs] 
2016-09-25T22:37:30.049-0400: 45.419: [GC (GCLocker Initiated GC) [PSYoungGen: 156314K->69936K(174080K)] 540920K->455068K(698368K), 0.0065827 secs] [Times: user=0.07 sys=0.01, real=0.01 secs] 
2016-09-25T22:37:30.116-0400: 45.486: [GC (GCLocker Initiated GC) [PSYoungGen: 161072K->52283K(176128K)] 551965K->457353K(700416K), 0.0068494 secs] [Times: user=0.10 sys=0.00, real=0.01 secs] 
2016-09-25T22:37:30.214-0400: 45.584: [GC (GCLocker Initiated GC) [PSYoungGen: 143419K->57561K(172544K)] 551254K->467209K(696832K), 0.0404900 secs] [Times: user=0.14 sys=0.05, real=0.05 secs] 
2016-09-25T22:37:30.302-0400: 45.673: [GC (GCLocker Initiated GC) [PSYoungGen: 151257K->53684K(175104K)] 561032K->488252K(699392K), 0.0456206 secs] [Times: user=0.23 sys=0.05, real=0.04 secs] 
2016-09-25T22:37:30.447-0400: 45.817: [GC (GCLocker Initiated GC) [PSYoungGen: 147380K->33224K(178176K)] 581980K->496780K(702464K), 0.0151940 secs] [Times: user=0.24 sys=0.01, real=0.01 secs] 
2016-09-25T22:37:30.517-0400: 45.887: [GC (GCLocker Initiated GC) [PSYoungGen: 131528K->60557K(180224K)] 595217K->527474K(704512K), 0.0086499 secs] [Times: user=0.12 sys=0.00, real=0.01 secs] 
2016-09-25T22:37:30.583-0400: 45.953: [GC (GCLocker Initiated GC) [PSYoungGen: 158861K->49559K(177152K)] 634024K->536182K(701440K), 0.0328119 secs] [Times: user=0.33 sys=0.02, real=0.03 secs] 
2016-09-25T22:37:30.680-0400: 46.050: [GC (GCLocker Initiated GC) [PSYoungGen: 148887K->50792K(179200K)] 635612K->559744K(703488K), 0.0190158 secs] [Times: user=0.15 sys=0.02, real=0.02 secs] 
2016-09-25T22:37:30.699-0400: 46.069: [Full GC (Ergonomics) [PSYoungGen: 50792K->0K(179200K)] [ParOldGen: 508952K->233981K(524288K)] 559744K->233981K(703488K), [Metaspace: 43612K->43612K(1085440K)], 0.0718035 secs] [Times: user=0.52 sys=0.08, real=0.07 secs] 
2016-09-25T22:37:30.962-0400: 46.332: [GC (GCLocker Initiated GC) [PSYoungGen: 99328K->62592K(181248K)] 338844K->302109K(705536K), 0.0142776 secs] [Times: user=0.19 sys=0.00, real=0.02 secs] 
2016-09-25T22:37:31.061-0400: 46.431: [GC (GCLocker Initiated GC) [PSYoungGen: 166016K->60543K(182272K)] 416347K->317636K(706560K), 0.0079586 secs] [Times: user=0.10 sys=0.01, real=0.01 secs] 
2016-09-25T22:37:31.177-0400: 46.547: [GC (GCLocker Initiated GC) [PSYoungGen: 163967K->57812K(179712K)] 426521K->320989K(704000K), 0.0159558 secs] [Times: user=0.12 sys=0.02, real=0.01 secs] 
2016-09-25T22:37:31.317-0400: 46.687: [GC (GCLocker Initiated GC) [PSYoungGen: 162772K->49392K(181760K)] 426035K->317320K(706048K), 0.0085850 secs] [Times: user=0.10 sys=0.01, real=0.01 secs] 
2016-09-25T22:37:31.456-0400: 46.826: [GC (GCLocker Initiated GC) [PSYoungGen: 154352K->49555K(182272K)] 426365K->335628K(706560K), 0.0081787 secs] [Times: user=0.10 sys=0.00, real=0.01 secs] 
2016-09-25T22:37:31.575-0400: 46.945: [GC (GCLocker Initiated GC) [PSYoungGen: 159123K->56274K(184320K)] 447955K->356533K(708608K), 0.0195026 secs] [Times: user=0.25 sys=0.02, real=0.02 secs] 
2016-09-25T22:37:31.659-0400: 47.029: [GC (GCLocker Initiated GC) [PSYoungGen: 165842K->72667K(179712K)] 468813K->384374K(704000K), 0.0082931 secs] [Times: user=0.13 sys=0.00, real=0.01 secs] 
2016-09-25T22:37:31.739-0400: 47.109: [GC (GCLocker Initiated GC) [PSYoungGen: 179163K->63273K(169984K)] 492350K->387912K(694272K), 0.0083477 secs] [Times: user=0.14 sys=0.01, real=0.01 secs] 
2016-09-25T22:37:31.855-0400: 47.225: [GC (Allocation Failure) [PSYoungGen: 169769K->29236K(178688K)] 494421K->358599K(702976K), 0.0110902 secs] [Times: user=0.14 sys=0.02, real=0.01 secs] 
2016-09-25T22:37:31.961-0400: 47.331: [GC (GCLocker Initiated GC) [PSYoungGen: 129588K->42972K(181248K)] 459170K->373248K(705536K), 0.0133507 secs] [Times: user=0.20 sys=0.03, real=0.02 secs] 
2016-09-25T22:37:32.045-0400: 47.415: [GC (GCLocker Initiated GC) [PSYoungGen: 143324K->56149K(177664K)] 487191K->400506K(701952K), 0.0126080 secs] [Times: user=0.13 sys=0.04, real=0.01 secs] 
2016-09-25T22:37:32.124-0400: 47.494: [GC (GCLocker Initiated GC) [PSYoungGen: 157013K->75461K(176640K)] 505553K->424360K(700928K), 0.0124807 secs] [Times: user=0.15 sys=0.06, real=0.01 secs] 
2016-09-25T22:37:32.221-0400: 47.591: [GC (GCLocker Initiated GC) [PSYoungGen: 176325K->63230K(178176K)] 537462K->425137K(702464K), 0.0163351 secs] [Times: user=0.19 sys=0.06, real=0.02 secs] 
2016-09-25T22:37:32.305-0400: 47.675: [GC (GCLocker Initiated GC) [PSYoungGen: 156926K->67281K(161280K)] 527044K->438049K(685568K), 0.0145989 secs] [Times: user=0.20 sys=0.03, real=0.01 secs] 
2016-09-25T22:37:32.387-0400: 47.757: [GC (GCLocker Initiated GC) [PSYoungGen: 160977K->53881K(178688K)] 546829K->452453K(702976K), 0.0110494 secs] [Times: user=0.15 sys=0.00, real=0.01 secs] 
2016-09-25T22:37:32.459-0400: 47.829: [GC (GCLocker Initiated GC) [PSYoungGen: 147065K->60466K(154112K)] 547244K->464055K(678400K), 0.0089848 secs] [Times: user=0.08 sys=0.02, real=0.01 secs] 
2016-09-25T22:37:32.521-0400: 47.892: [GC (GCLocker Initiated GC) [PSYoungGen: 153650K->45539K(175616K)] 566803K->465923K(699904K), 0.0192826 secs] [Times: user=0.25 sys=0.02, real=0.02 secs] 
2016-09-25T22:37:32.588-0400: 47.958: [GC (GCLocker Initiated GC) [PSYoungGen: 139235K->67189K(175104K)] 561163K->503198K(699392K), 0.0135959 secs] [Times: user=0.20 sys=0.00, real=0.01 secs] 
2016-09-25T22:37:32.643-0400: 48.013: [GC (GCLocker Initiated GC) [PSYoungGen: 160885K->75385K(171008K)] 599625K->528176K(695296K), 0.0075175 secs] [Times: user=0.10 sys=0.00, real=0.00 secs] 
2016-09-25T22:37:32.703-0400: 48.073: [GC (GCLocker Initiated GC) [PSYoungGen: 163449K->63186K(175104K)] 620714K->533249K(699392K), 0.0081315 secs] [Times: user=0.08 sys=0.02, real=0.00 secs] 
2016-09-25T22:37:32.775-0400: 48.145: [GC (GCLocker Initiated GC) [PSYoungGen: 151250K->56471K(169984K)] 640335K->546105K(694272K), 0.0063748 secs] [Times: user=0.06 sys=0.00, real=0.00 secs] 
2016-09-25T22:37:32.832-0400: 48.202: [GC (GCLocker Initiated GC) [PSYoungGen: 145559K->56273K(173056K)] 635222K->562769K(697344K), 0.3163904 secs] [Times: user=0.28 sys=0.01, real=0.32 secs] 
2016-09-25T22:37:33.149-0400: 48.519: [Full GC (Ergonomics) [PSYoungGen: 56273K->0K(173056K)] [ParOldGen: 506496K->242919K(524288K)] 562769K->242919K(697344K), [Metaspace: 43618K->43618K(1085440K)], 0.0579958 secs] [Times: user=0.38 sys=0.01, real=0.06 secs] 
2016-09-25T22:37:33.257-0400: 48.627: [GC (GCLocker Initiated GC) [PSYoungGen: 89088K->79001K(169984K)] 341518K->331432K(694272K), 0.0078208 secs] [Times: user=0.11 sys=0.00, real=0.01 secs] 
2016-09-25T22:37:33.325-0400: 48.695: [GC (GCLocker Initiated GC) [PSYoungGen: 167065K->53889K(175104K)] 425030K->324200K(699392K), 0.0101610 secs] [Times: user=0.12 sys=0.00, real=0.01 secs] 
2016-09-25T22:37:33.403-0400: 48.773: [GC (GCLocker Initiated GC) [PSYoungGen: 141953K->57545K(169472K)] 415078K->344838K(693760K), 0.0063363 secs] [Times: user=0.06 sys=0.00, real=0.00 secs] 
2016-09-25T22:37:33.457-0400: 48.827: [GC (GCLocker Initiated GC) [PSYoungGen: 147145K->79419K(173056K)] 437357K->382275K(697344K), 0.0068836 secs] [Times: user=0.10 sys=0.00, real=0.01 secs] 
2016-09-25T22:37:33.514-0400: 48.884: [GC (GCLocker Initiated GC) [PSYoungGen: 169019K->61953K(176128K)] 481399K->388448K(700416K), 0.0081309 secs] [Times: user=0.09 sys=0.00, real=0.02 secs] 
2016-09-25T22:37:33.576-0400: 48.946: [GC (GCLocker Initiated GC) [PSYoungGen: 151041K->44173K(175104K)] 487408K->383938K(699392K), 0.0152662 secs] [Times: user=0.20 sys=0.00, real=0.01 secs] 
2016-09-25T22:37:33.646-0400: 49.016: [GC (GCLocker Initiated GC) [PSYoungGen: 133261K->50989K(174592K)] 480087K->421322K(698880K), 0.0066125 secs] [Times: user=0.09 sys=0.00, real=0.00 secs] 
2016-09-25T22:37:33.697-0400: 49.067: [GC (GCLocker Initiated GC) [PSYoungGen: 140589K->80721K(175104K)] 514667K->455358K(699392K), 0.0059611 secs] [Times: user=0.09 sys=0.00, real=0.01 secs] 
2016-09-25T22:37:33.755-0400: 49.125: [GC (GCLocker Initiated GC) [PSYoungGen: 170321K->65840K(175104K)] 549349K->468369K(699392K), 0.0084704 secs] [Times: user=0.13 sys=0.00, real=0.01 secs] 
2016-09-25T22:37:33.813-0400: 49.183: [GC (GCLocker Initiated GC) [PSYoungGen: 153904K->69860K(175104K)] 557895K->490611K(699392K), 0.0097220 secs] [Times: user=0.09 sys=0.01, real=0.02 secs] 
2016-09-25T22:37:33.870-0400: 49.240: [GC (GCLocker Initiated GC) [PSYoungGen: 157924K->78139K(175104K)] 584216K->513085K(699392K), 0.0114505 secs] [Times: user=0.12 sys=0.01, real=0.01 secs] 
2016-09-25T22:37:33.935-0400: 49.306: [GC (GCLocker Initiated GC) [PSYoungGen: 166203K->48458K(175104K)] 612084K->503012K(699392K), 0.0064686 secs] [Times: user=0.05 sys=0.00, real=0.00 secs] 
2016-09-25T22:37:33.999-0400: 49.369: [GC (GCLocker Initiated GC) [PSYoungGen: 136522K->59043K(175104K)] 596535K->530568K(699392K), 0.0082030 secs] [Times: user=0.11 sys=0.00, real=0.01 secs] 
2016-09-25T22:37:34.072-0400: 49.442: [GC (GCLocker Initiated GC) [PSYoungGen: 147107K->71535K(175104K)] 629597K->563979K(699392K), 0.0068482 secs] [Times: user=0.08 sys=0.01, real=0.01 secs] 
2016-09-25T22:37:34.127-0400: 49.497: [GC (GCLocker Initiated GC) [PSYoungGen: 159599K->59092K(175104K)] 654758K->568566K(699392K), 0.0081358 secs] [Times: user=0.08 sys=0.00, real=0.01 secs] 
2016-09-25T22:37:34.135-0400: 49.505: [Full GC (Ergonomics) [PSYoungGen: 59092K->0K(175104K)] [ParOldGen: 509473K->253561K(524288K)] 568566K->253561K(699392K), [Metaspace: 43625K->43625K(1085440K)], 0.0630430 secs] [Times: user=0.42 sys=0.00, real=0.06 secs] 
2016-09-25T22:37:34.257-0400: 49.627: [GC (GCLocker Initiated GC) [PSYoungGen: 88064K->82892K(175104K)] 344480K->339309K(699392K), 0.0110920 secs] [Times: user=0.15 sys=0.00, real=0.01 secs] 
2016-09-25T22:37:34.323-0400: 49.693: [GC (GCLocker Initiated GC) [PSYoungGen: 170956K->70071K(175104K)] 434484K->355268K(699392K), 0.0092833 secs] [Times: user=0.11 sys=0.00, real=0.00 secs] 
2016-09-25T22:37:34.384-0400: 49.754: [GC (GCLocker Initiated GC) [PSYoungGen: 158135K->65957K(175104K)] 456999K->373694K(699392K), 0.0080864 secs] [Times: user=0.13 sys=0.00, real=0.00 secs] 
2016-09-25T22:37:34.449-0400: 49.819: [GC (GCLocker Initiated GC) [PSYoungGen: 154021K->65842K(175104K)] 461860K->377022K(699392K), 0.0076450 secs] [Times: user=0.12 sys=0.00, real=0.01 secs] 
2016-09-25T22:37:34.507-0400: 49.877: [GC (GCLocker Initiated GC) [PSYoungGen: 153906K->74269K(175104K)] 480030K->400963K(699392K), 0.0098668 secs] [Times: user=0.14 sys=0.00, real=0.01 secs] 
2016-09-25T22:37:34.582-0400: 49.952: [GC (GCLocker Initiated GC) [PSYoungGen: 162333K->80776K(175104K)] 495967K->416624K(699392K), 0.0060746 secs] [Times: user=0.09 sys=0.00, real=0.00 secs] 
2016-09-25T22:37:34.645-0400: 50.015: [GC (GCLocker Initiated GC) [PSYoungGen: 168840K->56427K(175104K)] 511548K->417303K(699392K), 0.0085075 secs] [Times: user=0.08 sys=0.00, real=0.00 secs] 
2016-09-25T22:37:34.718-0400: 50.088: [GC (GCLocker Initiated GC) [PSYoungGen: 144491K->48486K(175104K)] 521926K->426558K(699392K), 0.0063914 secs] [Times: user=0.09 sys=0.00, real=0.01 secs] 
2016-09-25T22:37:34.784-0400: 50.154: [GC (GCLocker Initiated GC) [PSYoungGen: 136550K->59062K(175104K)] 524179K->458263K(699392K), 0.0065021 secs] [Times: user=0.08 sys=0.01, real=0.00 secs] 
2016-09-25T22:37:34.849-0400: 50.219: [GC (GCLocker Initiated GC) [PSYoungGen: 147126K->48617K(175104K)] 555918K->483567K(699392K), 0.0059850 secs] [Times: user=0.08 sys=0.01, real=0.01 secs] 
2016-09-25T22:37:34.904-0400: 50.274: [GC (GCLocker Initiated GC) [PSYoungGen: 136681K->67425K(175104K)] 577126K->516817K(699392K), 0.0066984 secs] [Times: user=0.08 sys=0.00, real=0.00 secs] 
2016-09-25T22:37:34.958-0400: 50.328: [GC (GCLocker Initiated GC) [PSYoungGen: 155489K->63110K(175104K)] 604959K->547082K(699392K), 0.0069242 secs] [Times: user=0.09 sys=0.00, real=0.01 secs] 
2016-09-25T22:37:35.007-0400: 50.377: [GC (GCLocker Initiated GC) [PSYoungGen: 151174K->64627K(153088K)] 635317K->587096K(677376K), 0.0075947 secs] [Times: user=0.10 sys=0.01, real=0.01 secs] 
2016-09-25T22:37:35.015-0400: 50.385: [Full GC (Ergonomics) [PSYoungGen: 64627K->0K(153088K)] [ParOldGen: 522469K->262908K(524288K)] 587096K->262908K(677376K), [Metaspace: 43628K->43628K(1085440K)], 0.0529015 secs] [Times: user=0.42 sys=0.00, real=0.05 secs] 
2016-09-25T22:37:35.129-0400: 50.499: [GC (GCLocker Initiated GC) [PSYoungGen: 88064K->65187K(174592K)] 357815K->334938K(698880K), 0.0059527 secs] [Times: user=0.08 sys=0.00, real=0.01 secs] 
2016-09-25T22:37:35.191-0400: 50.561: [GC (GCLocker Initiated GC) [PSYoungGen: 154787K->71461K(173056K)] 436753K->354668K(697344K), 0.0084924 secs] [Times: user=0.12 sys=0.00, real=0.01 secs] 
2016-09-25T22:37:35.261-0400: 50.631: [GC (GCLocker Initiated GC) [PSYoungGen: 161061K->61784K(176640K)] 451106K->363417K(700928K), 0.0081435 secs] [Times: user=0.12 sys=0.00, real=0.01 secs] 
2016-09-25T22:37:35.327-0400: 50.697: [GC (GCLocker Initiated GC) [PSYoungGen: 155992K->67201K(177152K)] 465028K->376854K(701440K), 0.0077303 secs] [Times: user=0.11 sys=0.00, real=0.01 secs] 
2016-09-25T22:37:35.380-0400: 50.750: [GC (GCLocker Initiated GC) [PSYoungGen: 161409K->46915K(177664K)] 476786K->379087K(701952K), 0.0063312 secs] [Times: user=0.07 sys=0.00, real=0.01 secs] 
2016-09-25T22:37:35.439-0400: 50.809: [GC (GCLocker Initiated GC) [PSYoungGen: 142147K->57766K(178688K)] 482518K->404048K(702976K), 0.0083005 secs] [Times: user=0.09 sys=0.01, real=0.01 secs] 
2016-09-25T22:37:35.500-0400: 50.870: [GC (GCLocker Initiated GC) [PSYoungGen: 152998K->42678K(177664K)] 504762K->407170K(701952K), 0.0090252 secs] [Times: user=0.07 sys=0.00, real=0.01 secs] 
2016-09-25T22:37:35.567-0400: 50.937: [GC (GCLocker Initiated GC) [PSYoungGen: 137910K->52303K(178688K)] 502532K->418847K(702976K), 0.0076089 secs] [Times: user=0.06 sys=0.00, real=0.01 secs] 
2016-09-25T22:37:35.631-0400: 51.001: [GC (GCLocker Initiated GC) [PSYoungGen: 147535K->67139K(177664K)] 514184K->443854K(701952K), 0.0095296 secs] [Times: user=0.10 sys=0.00, real=0.01 secs] 
2016-09-25T22:37:35.703-0400: 51.073: [GC (GCLocker Initiated GC) [PSYoungGen: 162371K->48268K(178688K)] 543467K->431287K(702976K), 0.0066703 secs] [Times: user=0.04 sys=0.00, real=0.00 secs] 
2016-09-25T22:37:35.758-0400: 51.128: [GC (GCLocker Initiated GC) [PSYoungGen: 143500K->73938K(173056K)] 526623K->457775K(697344K), 0.0088494 secs] [Times: user=0.09 sys=0.00, real=0.01 secs] 
2016-09-25T22:37:35.820-0400: 51.190: [GC (GCLocker Initiated GC) [PSYoungGen: 164050K->52224K(176128K)] 550783K->470585K(700416K), 0.0086934 secs] [Times: user=0.08 sys=0.00, real=0.01 secs] 
2016-09-25T22:37:35.882-0400: 51.252: [GC (GCLocker Initiated GC) [PSYoungGen: 142336K->67369K(176128K)] 564890K->491845K(700416K), 0.0071186 secs] [Times: user=0.08 sys=0.00, real=0.01 secs] 
2016-09-25T22:37:35.937-0400: 51.307: [GC (GCLocker Initiated GC) [PSYoungGen: 158505K->59067K(150528K)] 585725K->518140K(674816K), 0.0087501 secs] [Times: user=0.13 sys=0.00, real=0.01 secs] 
2016-09-25T22:37:36.000-0400: 51.370: [GC (GCLocker Initiated GC) [PSYoungGen: 150203K->46939K(174592K)] 614779K->534978K(698880K), 0.0074500 secs] [Times: user=0.08 sys=0.00, real=0.01 secs] 
2016-09-25T22:37:36.008-0400: 51.378: [Full GC (Ergonomics) [PSYoungGen: 46939K->0K(174592K)] [ParOldGen: 488038K->270578K(524288K)] 534978K->270578K(698880K), [Metaspace: 43628K->43628K(1085440K)], 0.0648506 secs] [Times: user=0.46 sys=0.01, real=0.06 secs] 
2016-09-25T22:37:36.130-0400: 51.500: [GC (GCLocker Initiated GC) [PSYoungGen: 91648K->75863K(174592K)] 369241K->353456K(698880K), 0.0155214 secs] [Times: user=0.20 sys=0.00, real=0.02 secs] 
2016-09-25T22:37:36.193-0400: 51.563: [GC (GCLocker Initiated GC) [PSYoungGen: 167511K->72651K(175104K)] 449196K->359615K(699392K), 0.0093330 secs] [Times: user=0.13 sys=0.01, real=0.02 secs] 
2016-09-25T22:37:36.257-0400: 51.627: [GC (GCLocker Initiated GC) [PSYoungGen: 160715K->52292K(175104K)] 455957K->364323K(699392K), 0.0063630 secs] [Times: user=0.06 sys=0.00, real=0.01 secs] 
2016-09-25T22:37:36.318-0400: 51.688: [GC (GCLocker Initiated GC) [PSYoungGen: 140356K->64392K(174080K)] 460535K->386481K(698368K), 0.0082194 secs] [Times: user=0.06 sys=0.00, real=0.01 secs] 
2016-09-25T22:37:36.386-0400: 51.756: [GC (GCLocker Initiated GC) [PSYoungGen: 152456K->55039K(174592K)] 481331K->402046K(698880K), 0.0101198 secs] [Times: user=0.13 sys=0.01, real=0.01 secs] 
2016-09-25T22:37:36.446-0400: 51.816: [GC (GCLocker Initiated GC) [PSYoungGen: 143103K->72665K(172544K)] 490203K->432522K(696832K), 0.0070695 secs] [Times: user=0.10 sys=0.00, real=0.00 secs] 
2016-09-25T22:37:36.498-0400: 51.868: [GC (GCLocker Initiated GC) [PSYoungGen: 160217K->60739K(174592K)] 528221K->442871K(698880K), 0.0064976 secs] [Times: user=0.08 sys=0.00, real=0.01 secs] 
2016-09-25T22:37:36.559-0400: 51.929: [GC (GCLocker Initiated GC) [PSYoungGen: 148291K->61769K(171520K)] 535990K->467823K(695808K), 0.0149808 secs] [Times: user=0.24 sys=0.00, real=0.02 secs] 
2016-09-25T22:37:36.646-0400: 52.016: [GC (GCLocker Initiated GC) [PSYoungGen: 152393K->68646K(173056K)] 558512K->479282K(697344K), 0.0094714 secs] [Times: user=0.13 sys=0.01, real=0.01 secs] 
2016-09-25T22:37:36.719-0400: 52.090: [GC (GCLocker Initiated GC) [PSYoungGen: 159270K->68492K(179200K)] 570026K->492048K(703488K), 0.0062349 secs] [Times: user=0.08 sys=0.01, real=0.01 secs] 
2016-09-25T22:37:36.779-0400: 52.149: [GC (GCLocker Initiated GC) [PSYoungGen: 164748K->69979K(166400K)] 591648K->509612K(690688K), 0.0067343 secs] [Times: user=0.08 sys=0.01, real=0.01 secs] 
2016-09-25T22:37:36.863-0400: 52.233: [GC (GCLocker Initiated GC) [PSYoungGen: 166235K->64416K(180224K)] 608641K->524981K(704512K), 0.0150440 secs] [Times: user=0.14 sys=0.01, real=0.01 secs] 
2016-09-25T22:37:36.934-0400: 52.304: [GC (GCLocker Initiated GC) [PSYoungGen: 160672K->49548K(178176K)] 621339K->521485K(702464K), 0.0098358 secs] [Times: user=0.09 sys=0.00, real=0.01 secs] 
2016-09-25T22:37:36.993-0400: 52.363: [GC (GCLocker Initiated GC) [PSYoungGen: 145804K->76671K(172544K)] 618380K->564734K(696832K), 0.0184946 secs] [Times: user=0.25 sys=0.00, real=0.02 secs] 
2016-09-25T22:37:37.085-0400: 52.455: [GC (GCLocker Initiated GC) [PSYoungGen: 166783K->72536K(162816K)] 657610K->566646K(687104K), 0.0122583 secs] [Times: user=0.17 sys=0.00, real=0.01 secs] 
2016-09-25T22:37:37.152-0400: 52.522: [Full GC (Ergonomics) [PSYoungGen: 162648K->0K(162816K)] [ParOldGen: 499971K->268745K(524288K)] 662619K->268745K(687104K), [Metaspace: 43628K->43628K(1085440K)], 0.0603558 secs] [Times: user=0.35 sys=0.00, real=0.06 secs] 
2016-09-25T22:37:37.290-0400: 52.660: [GC (GCLocker Initiated GC) [PSYoungGen: 90112K->86779K(175104K)] 362950K->359618K(699392K), 0.0126475 secs] [Times: user=0.14 sys=0.01, real=0.02 secs] 
2016-09-25T22:37:37.348-0400: 52.718: [GC (GCLocker Initiated GC) [PSYoungGen: 174843K->52358K(175104K)] 454729K->364510K(699392K), 0.0067367 secs] [Times: user=0.10 sys=0.00, real=0.01 secs] 
2016-09-25T22:37:37.406-0400: 52.776: [GC (GCLocker Initiated GC) [PSYoungGen: 140422K->61930K(175104K)] 455323K->386851K(699392K), 0.0132133 secs] [Times: user=0.18 sys=0.00, real=0.01 secs] 
2016-09-25T22:37:37.508-0400: 52.878: [GC (GCLocker Initiated GC) [PSYoungGen: 149994K->58013K(175104K)] 479103K->409398K(699392K), 0.0130666 secs] [Times: user=0.11 sys=0.03, real=0.01 secs] 
2016-09-25T22:37:37.574-0400: 52.944: [GC (GCLocker Initiated GC) [PSYoungGen: 146077K->52306K(175104K)] 500222K->415303K(699392K), 0.0083903 secs] [Times: user=0.08 sys=0.00, real=0.01 secs] 
2016-09-25T22:37:37.628-0400: 52.998: [GC (Allocation Failure) [PSYoungGen: 140370K->63073K(151552K)] 503534K->432157K(675840K), 0.0083868 secs] [Times: user=0.09 sys=0.00, real=0.01 secs] 
2016-09-25T22:37:37.637-0400: 53.007: [GC (GCLocker Initiated GC) [PSYoungGen: 63417K->288K(174080K)] 432502K->434837K(698368K), 0.0112890 secs] [Times: user=0.10 sys=0.01, real=0.01 secs] 
2016-09-25T22:37:37.709-0400: 53.079: [GC (GCLocker Initiated GC) [PSYoungGen: 86453K->76074K(174592K)] 523702K->513324K(698880K), 0.0198782 secs] [Times: user=0.20 sys=0.01, real=0.02 secs] 
2016-09-25T22:37:37.794-0400: 53.164: [GC (GCLocker Initiated GC) [PSYoungGen: 163626K->49519K(175104K)] 601035K->493648K(699392K), 0.0059328 secs] [Times: user=0.04 sys=0.00, real=0.01 secs] 
2016-09-25T22:37:37.849-0400: 53.219: [GC (GCLocker Initiated GC) [PSYoungGen: 137583K->38721K(175104K)] 584524K->518729K(699392K), 0.0119696 secs] [Times: user=0.11 sys=0.01, real=0.01 secs] 
2016-09-25T22:37:37.861-0400: 53.231: [Full GC (Ergonomics) [PSYoungGen: 38721K->0K(175104K)] [ParOldGen: 480007K->276974K(524288K)] 518729K->276974K(699392K), [Metaspace: 43628K->43628K(1085440K)], 0.0975909 secs] [Times: user=0.56 sys=0.02, real=0.10 secs] 
2016-09-25T22:37:38.009-0400: 53.379: [GC (GCLocker Initiated GC) [PSYoungGen: 88064K->63854K(175104K)] 370769K->346560K(699392K), 0.0058018 secs] [Times: user=0.08 sys=0.01, real=0.01 secs] 
2016-09-25T22:37:38.061-0400: 53.431: [GC (GCLocker Initiated GC) [PSYoungGen: 151918K->60370K(175104K)] 443503K->353197K(699392K), 0.0096967 secs] [Times: user=0.14 sys=0.01, real=0.01 secs] 
2016-09-25T22:37:38.122-0400: 53.492: [GC (GCLocker Initiated GC) [PSYoungGen: 148434K->46836K(175104K)] 448095K->357834K(699392K), 0.0119480 secs] [Times: user=0.12 sys=0.00, real=0.01 secs] 
2016-09-25T22:37:38.187-0400: 53.557: [GC (GCLocker Initiated GC) [PSYoungGen: 134900K->54943K(175104K)] 448739K->382786K(699392K), 0.0106098 secs] [Times: user=0.11 sys=0.00, real=0.01 secs] 
2016-09-25T22:37:38.255-0400: 53.625: [GC (GCLocker Initiated GC) [PSYoungGen: 143007K->67228K(175104K)] 472236K->411954K(699392K), 0.0063987 secs] [Times: user=0.08 sys=0.00, real=0.00 secs] 
2016-09-25T22:37:38.310-0400: 53.680: [GC (GCLocker Initiated GC) [PSYoungGen: 155292K->77991K(175104K)] 500492K->425171K(699392K), 0.0067109 secs] [Times: user=0.10 sys=0.00, real=0.01 secs] 
2016-09-25T22:37:38.372-0400: 53.742: [GC (GCLocker Initiated GC) [PSYoungGen: 166055K->65891K(175104K)] 524158K->435347K(699392K), 0.0160865 secs] [Times: user=0.24 sys=0.00, real=0.02 secs] 
2016-09-25T22:37:38.443-0400: 53.813: [GC (GCLocker Initiated GC) [PSYoungGen: 153955K->63142K(175104K)] 523494K->446816K(699392K), 0.0074490 secs] [Times: user=0.08 sys=0.01, real=0.00 secs] 
2016-09-25T22:37:38.500-0400: 53.870: [GC (GCLocker Initiated GC) [PSYoungGen: 151206K->60721K(175104K)] 540487K->464048K(699392K), 0.0088665 secs] [Times: user=0.11 sys=0.00, real=0.01 secs] 
2016-09-25T22:37:38.564-0400: 53.934: [GC (GCLocker Initiated GC) [PSYoungGen: 148785K->57754K(145920K)] 557619K->471519K(670208K), 0.0117947 secs] [Times: user=0.15 sys=0.00, real=0.01 secs] 
2016-09-25T22:37:38.628-0400: 53.998: [GC (GCLocker Initiated GC) [PSYoungGen: 145818K->56645K(175104K)] 565156K->500864K(699392K), 0.0147100 secs] [Times: user=0.25 sys=0.00, real=0.02 secs] 
2016-09-25T22:37:38.699-0400: 54.069: [GC (GCLocker Initiated GC) [PSYoungGen: 146757K->61909K(173056K)] 600477K->532692K(697344K), 0.0064397 secs] [Times: user=0.09 sys=0.00, real=0.01 secs] 
2016-09-25T22:37:38.762-0400: 54.132: [GC (GCLocker Initiated GC) [PSYoungGen: 152021K->56411K(177152K)] 632291K->546782K(701440K), 0.0093004 secs] [Times: user=0.13 sys=0.00, real=0.01 secs] 
2016-09-25T22:37:38.826-0400: 54.196: [Full GC (Ergonomics) [PSYoungGen: 152155K->0K(177152K)] [ParOldGen: 497178K->284556K(524288K)] 649334K->284556K(701440K), [Metaspace: 43628K->43628K(1085440K)], 0.0639518 secs] [Times: user=0.48 sys=0.00, real=0.06 secs] 
2016-09-25T22:37:38.941-0400: 54.311: [GC (GCLocker Initiated GC) [PSYoungGen: 95744K->58443K(175616K)] 386797K->349497K(699904K), 0.0102322 secs] [Times: user=0.10 sys=0.01, real=0.01 secs] 
2016-09-25T22:37:39.007-0400: 54.377: [GC (GCLocker Initiated GC) [PSYoungGen: 154187K->46999K(179200K)] 451112K->365508K(703488K), 0.0060806 secs] [Times: user=0.08 sys=0.00, real=0.00 secs] 
2016-09-25T22:37:39.070-0400: 54.440: [GC (GCLocker Initiated GC) [PSYoungGen: 147863K->59351K(179200K)] 466550K->388124K(703488K), 0.0131253 secs] [Times: user=0.15 sys=0.03, real=0.02 secs] 
2016-09-25T22:37:39.147-0400: 54.517: [GC (GCLocker Initiated GC) [PSYoungGen: 160215K->68655K(180224K)] 492370K->419077K(704512K), 0.0085168 secs] [Times: user=0.12 sys=0.00, real=0.01 secs] 
2016-09-25T22:37:39.223-0400: 54.593: [GC (GCLocker Initiated GC) [PSYoungGen: 172079K->74160K(177664K)] 525275K->428031K(701952K), 0.0102777 secs] [Times: user=0.11 sys=0.00, real=0.00 secs] 
2016-09-25T22:37:39.298-0400: 54.668: [GC (GCLocker Initiated GC) [PSYoungGen: 177584K->58063K(181248K)] 537114K->445303K(705536K), 0.0094061 secs] [Times: user=0.10 sys=0.00, real=0.01 secs] 
2016-09-25T22:37:39.376-0400: 54.746: [GC (GCLocker Initiated GC) [PSYoungGen: 156879K->42735K(179712K)] 544223K->434935K(704000K), 0.0060956 secs] [Times: user=0.05 sys=0.00, real=0.00 secs] 
2016-09-25T22:37:39.439-0400: 54.809: [GC (GCLocker Initiated GC) [PSYoungGen: 141551K->56722K(178176K)] 533757K->464343K(702464K), 0.0064642 secs] [Times: user=0.08 sys=0.00, real=0.01 secs] 
2016-09-25T22:37:39.509-0400: 54.879: [GC (GCLocker Initiated GC) [PSYoungGen: 156050K->71438K(179200K)] 567793K->485496K(703488K), 0.0071182 secs] [Times: user=0.09 sys=0.01, real=0.01 secs] 
2016-09-25T22:37:39.577-0400: 54.947: [GC (GCLocker Initiated GC) [PSYoungGen: 170766K->79609K(170496K)] 587609K->497202K(694784K), 0.0069424 secs] [Times: user=0.10 sys=0.00, real=0.01 secs] 
2016-09-25T22:37:39.644-0400: 55.014: [GC (GCLocker Initiated GC) [PSYoungGen: 167673K->61778K(175104K)] 595018K->510146K(699392K), 0.0068224 secs] [Times: user=0.08 sys=0.02, real=0.00 secs] 
2016-09-25T22:37:39.709-0400: 55.079: [GC (GCLocker Initiated GC) [PSYoungGen: 149842K->64499K(171008K)] 601021K->531236K(695296K), 0.0092416 secs] [Times: user=0.12 sys=0.00, real=0.01 secs] 
2016-09-25T22:37:39.772-0400: 55.142: [GC (GCLocker Initiated GC) [PSYoungGen: 154611K->32173K(174080K)] 626856K->522485K(698368K), 0.0080565 secs] [Times: user=0.08 sys=0.00, real=0.01 secs] 
2016-09-25T22:37:39.780-0400: 55.150: [Full GC (Ergonomics) [PSYoungGen: 32173K->0K(174080K)] [ParOldGen: 490312K->295235K(524288K)] 522485K->295235K(698368K), [Metaspace: 43628K->43628K(1085440K)], 0.0691870 secs] [Times: user=0.42 sys=0.01, real=0.07 secs] 
2016-09-25T22:37:39.914-0400: 55.284: [GC (GCLocker Initiated GC) [PSYoungGen: 90112K->46292K(176128K)] 389405K->345586K(700416K), 0.0065830 secs] [Times: user=0.07 sys=0.00, real=0.01 secs] 
2016-09-25T22:37:39.972-0400: 55.342: [GC (GCLocker Initiated GC) [PSYoungGen: 135892K->67344K(157184K)] 438511K->374020K(681472K), 0.0102620 secs] [Times: user=0.14 sys=0.00, real=0.02 secs] 
2016-09-25T22:37:40.023-0400: 55.393: [GC (GCLocker Initiated GC) [PSYoungGen: 156944K->80884K(175104K)] 466483K->393869K(699392K), 0.0094473 secs] [Times: user=0.14 sys=0.00, real=0.00 secs] 
2016-09-25T22:37:40.094-0400: 55.464: [GC (GCLocker Initiated GC) [PSYoungGen: 168948K->78299K(175104K)] 491506K->401554K(699392K), 0.0067493 secs] [Times: user=0.08 sys=0.01, real=0.01 secs] 
2016-09-25T22:37:40.159-0400: 55.529: [GC (GCLocker Initiated GC) [PSYoungGen: 166363K->30542K(175104K)] 496455K->381664K(699392K), 0.0105063 secs] [Times: user=0.08 sys=0.00, real=0.01 secs] 
2016-09-25T22:37:40.219-0400: 55.589: [GC (GCLocker Initiated GC) [PSYoungGen: 118606K->64492K(175104K)] 470090K->427370K(699392K), 0.0167456 secs] [Times: user=0.20 sys=0.00, real=0.02 secs] 
2016-09-25T22:37:40.287-0400: 55.658: [GC (GCLocker Initiated GC) [PSYoungGen: 152556K->76762K(175104K)] 518201K->455123K(699392K), 0.0078413 secs] [Times: user=0.10 sys=0.00, real=0.01 secs] 
2016-09-25T22:37:40.350-0400: 55.720: [GC (GCLocker Initiated GC) [PSYoungGen: 164826K->52563K(175104K)] 548662K->454603K(699392K), 0.0070856 secs] [Times: user=0.08 sys=0.00, real=0.01 secs] 
2016-09-25T22:37:40.415-0400: 55.785: [GC (GCLocker Initiated GC) [PSYoungGen: 140627K->74062K(175104K)] 542895K->508131K(699392K), 0.0127606 secs] [Times: user=0.15 sys=0.00, real=0.01 secs] 
2016-09-25T22:37:40.483-0400: 55.853: [GC (GCLocker Initiated GC) [PSYoungGen: 162126K->41694K(175104K)] 603000K->491390K(699392K), 0.0108788 secs] [Times: user=0.08 sys=0.00, real=0.00 secs] 
2016-09-25T22:37:40.540-0400: 55.910: [GC (GCLocker Initiated GC) [PSYoungGen: 129758K->67085K(175104K)] 579525K->521704K(699392K), 0.0227006 secs] [Times: user=0.26 sys=0.01, real=0.03 secs] 
2016-09-25T22:37:40.617-0400: 55.987: [GC (GCLocker Initiated GC) [PSYoungGen: 155149K->60576K(175104K)] 612556K->544148K(699392K), 0.0094338 secs] [Times: user=0.12 sys=0.00, real=0.01 secs] 
2016-09-25T22:37:40.681-0400: 56.051: [GC (GCLocker Initiated GC) [PSYoungGen: 148640K->57943K(175104K)] 635356K->572291K(699392K), 0.0080445 secs] [Times: user=0.09 sys=0.00, real=0.01 secs] 
2016-09-25T22:37:40.690-0400: 56.060: [Full GC (Ergonomics) [PSYoungGen: 57943K->0K(175104K)] [ParOldGen: 514347K->298254K(524288K)] 572291K->298254K(699392K), [Metaspace: 43628K->43628K(1085440K)], 0.0619838 secs] [Times: user=0.45 sys=0.01, real=0.06 secs] 
2016-09-25T22:37:40.810-0400: 56.180: [GC (GCLocker Initiated GC) [PSYoungGen: 88064K->71789K(175104K)] 390539K->374264K(699392K), 0.0115765 secs] [Times: user=0.13 sys=0.02, real=0.01 secs] 
2016-09-25T22:37:40.875-0400: 56.245: [GC (GCLocker Initiated GC) [PSYoungGen: 159853K->53630K(175104K)] 468147K->379305K(699392K), 0.0115451 secs] [Times: user=0.12 sys=0.00, real=0.01 secs] 
2016-09-25T22:37:40.932-0400: 56.302: [GC (GCLocker Initiated GC) [PSYoungGen: 141694K->63217K(175104K)] 467538K->407176K(699392K), 0.0115242 secs] [Times: user=0.13 sys=0.01, real=0.02 secs] 
2016-09-25T22:37:41.002-0400: 56.372: [GC (GCLocker Initiated GC) [PSYoungGen: 151281K->44412K(175104K)] 502133K->424190K(699392K), 0.0076208 secs] [Times: user=0.08 sys=0.00, real=0.00 secs] 
2016-09-25T22:37:41.073-0400: 56.443: [GC (GCLocker Initiated GC) [PSYoungGen: 132476K->63046K(151552K)] 512310K->447606K(675840K), 0.0062043 secs] [Times: user=0.08 sys=0.00, real=0.01 secs] 
2016-09-25T22:37:41.126-0400: 56.496: [GC (GCLocker Initiated GC) [PSYoungGen: 151110K->70154K(174080K)] 535869K->470301K(698368K), 0.0076600 secs] [Times: user=0.09 sys=0.00, real=0.00 secs] 
2016-09-25T22:37:41.191-0400: 56.561: [GC (GCLocker Initiated GC) [PSYoungGen: 157706K->72623K(174592K)] 557911K->487112K(698880K), 0.0091609 secs] [Times: user=0.12 sys=0.00, real=0.01 secs] 
2016-09-25T22:37:41.257-0400: 56.627: [GC (GCLocker Initiated GC) [PSYoungGen: 160175K->74333K(175104K)] 582857K->511051K(699392K), 0.0072795 secs] [Times: user=0.10 sys=0.00, real=0.01 secs] 
2016-09-25T22:37:41.320-0400: 56.690: [GC (GCLocker Initiated GC) [PSYoungGen: 162397K->65893K(175104K)] 604765K->537611K(699392K), 0.0077536 secs] [Times: user=0.11 sys=0.00, real=0.01 secs] 
2016-09-25T22:37:41.373-0400: 56.743: [GC (GCLocker Initiated GC) [PSYoungGen: 153957K->52372K(175104K)] 635245K->534209K(699392K), 0.0067941 secs] [Times: user=0.08 sys=0.00, real=0.01 secs] 
2016-09-25T22:37:41.430-0400: 56.800: [Full GC (Ergonomics) [PSYoungGen: 140436K->0K(175104K)] [ParOldGen: 490170K->307861K(524288K)] 630607K->307861K(699392K), [Metaspace: 43628K->43628K(1085440K)], 0.0768488 secs] [Times: user=0.42 sys=0.02, real=0.08 secs] 
2016-09-25T22:37:41.577-0400: 56.947: [GC (GCLocker Initiated GC) [PSYoungGen: 88064K->86809K(175104K)] 398709K->402854K(699392K), 0.0136244 secs] [Times: user=0.20 sys=0.00, real=0.01 secs] 
2016-09-25T22:37:41.636-0400: 57.006: [GC (GCLocker Initiated GC) [PSYoungGen: 174873K->49682K(175104K)] 493935K->386159K(699392K), 0.0086339 secs] [Times: user=0.06 sys=0.00, real=0.01 secs] 
2016-09-25T22:37:41.690-0400: 57.060: [GC (GCLocker Initiated GC) [PSYoungGen: 137746K->60419K(175104K)] 479774K->416589K(699392K), 0.0096672 secs] [Times: user=0.14 sys=0.00, real=0.01 secs] 
2016-09-25T22:37:41.785-0400: 57.155: [GC (GCLocker Initiated GC) [PSYoungGen: 148483K->42739K(175104K)] 515619K->433368K(699392K), 0.0096469 secs] [Times: user=0.12 sys=0.00, real=0.01 secs] 
2016-09-25T22:37:41.843-0400: 57.213: [GC (GCLocker Initiated GC) [PSYoungGen: 130803K->48268K(175104K)] 526907K->444837K(699392K), 0.0061473 secs] [Times: user=0.05 sys=0.00, real=0.00 secs] 
2016-09-25T22:37:41.887-0400: 57.257: [GC (GCLocker Initiated GC) [PSYoungGen: 136332K->61807K(175104K)] 538450K->494339K(699392K), 0.0133050 secs] [Times: user=0.16 sys=0.00, real=0.01 secs] 
2016-09-25T22:37:41.963-0400: 57.333: [GC (GCLocker Initiated GC) [PSYoungGen: 149871K->57697K(175104K)] 587871K->511116K(699392K), 0.0141310 secs] [Times: user=0.16 sys=0.00, real=0.01 secs] 
2016-09-25T22:37:42.047-0400: 57.417: [GC (GCLocker Initiated GC) [PSYoungGen: 145761K->64410K(173056K)] 601949K->541421K(697344K), 0.0080147 secs] [Times: user=0.08 sys=0.00, real=0.01 secs] 
2016-09-25T22:37:42.101-0400: 57.471: [GC (GCLocker Initiated GC) [PSYoungGen: 152474K->78043K(174080K)] 634977K->567864K(698368K), 0.0074620 secs] [Times: user=0.11 sys=0.00, real=0.01 secs] 
2016-09-25T22:37:42.108-0400: 57.478: [Full GC (Ergonomics) [PSYoungGen: 78043K->0K(174080K)] [ParOldGen: 489821K->312077K(524288K)] 567864K->312077K(698368K), [Metaspace: 43628K->43628K(1085440K)], 0.0813166 secs] [Times: user=0.65 sys=0.01, real=0.08 secs] 
2016-09-25T22:37:42.257-0400: 57.627: [GC (GCLocker Initiated GC) [PSYoungGen: 88064K->67453K(175104K)] 401706K->381095K(699392K), 0.0067826 secs] [Times: user=0.08 sys=0.00, real=0.01 secs] 
2016-09-25T22:37:42.305-0400: 57.675: [GC (GCLocker Initiated GC) [PSYoungGen: 155517K->64426K(175104K)] 469261K->400673K(699392K), 0.0069961 secs] [Times: user=0.10 sys=0.00, real=0.00 secs] 
2016-09-25T22:37:42.391-0400: 57.761: [GC (GCLocker Initiated GC) [PSYoungGen: 152490K->50747K(175104K)] 494217K->399693K(699392K), 0.0361382 secs] [Times: user=0.37 sys=0.01, real=0.04 secs] 
2016-09-25T22:37:42.475-0400: 57.845: [GC (GCLocker Initiated GC) [PSYoungGen: 138811K->50796K(139264K)] 495987K->412499K(663552K), 0.0159656 secs] [Times: user=0.15 sys=0.00, real=0.01 secs] 
2016-09-25T22:37:42.543-0400: 57.914: [GC (GCLocker Initiated GC) [PSYoungGen: 138860K->57581K(176128K)] 500591K->421299K(700416K), 0.0132380 secs] [Times: user=0.12 sys=0.00, real=0.01 secs] 
2016-09-25T22:37:42.636-0400: 58.006: [GC (GCLocker Initiated GC) [PSYoungGen: 147693K->57598K(174080K)] 514227K->440709K(698368K), 0.0168910 secs] [Times: user=0.18 sys=0.00, real=0.01 secs] 
2016-09-25T22:37:42.695-0400: 58.065: [GC (GCLocker Initiated GC) [PSYoungGen: 147710K->49426K(174080K)] 540518K->450760K(698368K), 0.0373954 secs] [Times: user=0.39 sys=0.00, real=0.03 secs] 
2016-09-25T22:37:42.799-0400: 58.169: [GC (GCLocker Initiated GC) [PSYoungGen: 141586K->64432K(174080K)] 543773K->476659K(698368K), 0.0158080 secs] [Times: user=0.18 sys=0.02, real=0.02 secs] 
2016-09-25T22:37:42.887-0400: 58.257: [GC (GCLocker Initiated GC) [PSYoungGen: 156592K->38636K(177664K)] 570327K->474409K(701952K), 0.0193431 secs] [Times: user=0.25 sys=0.01, real=0.02 secs] 
2016-09-25T22:37:42.945-0400: 58.315: [GC (GCLocker Initiated GC) [PSYoungGen: 134892K->67099K(163840K)] 573522K->522373K(688128K), 0.0159792 secs] [Times: user=0.17 sys=0.00, real=0.01 secs] 
2016-09-25T22:37:43.007-0400: 58.377: [GC (GCLocker Initiated GC) [PSYoungGen: 163355K->79309K(172032K)] 626811K->548758K(696320K), 0.0078676 secs] [Times: user=0.10 sys=0.01, real=0.01 secs] 
2016-09-25T22:37:43.068-0400: 58.438: [GC (GCLocker Initiated GC) [PSYoungGen: 167373K->64362K(175104K)] 647828K->554781K(699392K), 0.0080547 secs] [Times: user=0.10 sys=0.01, real=0.01 secs] 
2016-09-25T22:37:43.132-0400: 58.502: [GC (Allocation Failure) [PSYoungGen: 152426K->60479K(171008K)] 644211K->552658K(695296K), 0.0163957 secs] [Times: user=0.18 sys=0.00, real=0.02 secs] 
2016-09-25T22:37:43.197-0400: 58.567: [GC (GCLocker Initiated GC) [PSYoungGen: 148064K->58941K(173056K)] 641593K->554314K(697344K), 0.0080872 secs] [Times: user=0.12 sys=0.00, real=0.01 secs] 
2016-09-25T22:37:43.206-0400: 58.576: [Full GC (Ergonomics) [PSYoungGen: 58941K->0K(173056K)] [ParOldGen: 495373K->307940K(524288K)] 554314K->307940K(697344K), [Metaspace: 43636K->43636K(1085440K)], 0.0653679 secs] [Times: user=0.52 sys=0.02, real=0.06 secs] 
2016-09-25T22:37:43.317-0400: 58.687: [GC (GCLocker Initiated GC) [PSYoungGen: 88064K->80858K(171008K)] 396074K->399668K(695296K), 0.0132427 secs] [Times: user=0.19 sys=0.00, real=0.01 secs] 
2016-09-25T22:37:43.378-0400: 58.748: [GC (GCLocker Initiated GC) [PSYoungGen: 168922K->72573K(175104K)] 493240K->411129K(699392K), 0.0098406 secs] [Times: user=0.14 sys=0.00, real=0.01 secs] 
2016-09-25T22:37:43.442-0400: 58.812: [GC (GCLocker Initiated GC) [PSYoungGen: 160637K->55027K(175104K)] 507562K->421356K(699392K), 0.0063885 secs] [Times: user=0.10 sys=0.00, real=0.01 secs] 
2016-09-25T22:37:43.491-0400: 58.861: [GC (GCLocker Initiated GC) [PSYoungGen: 143091K->62896K(151040K)] 512301K->444800K(675328K), 0.0109419 secs] [Times: user=0.16 sys=0.00, real=0.02 secs] 
2016-09-25T22:37:43.552-0400: 58.922: [GC (GCLocker Initiated GC) [PSYoungGen: 150960K->48189K(174080K)] 532973K->437320K(698368K), 0.0167357 secs] [Times: user=0.17 sys=0.00, real=0.02 secs] 
2016-09-25T22:37:43.613-0400: 58.983: [GC (GCLocker Initiated GC) [PSYoungGen: 136253K->64599K(174080K)] 528152K->486766K(698368K), 0.0094749 secs] [Times: user=0.11 sys=0.00, real=0.02 secs] 
2016-09-25T22:37:43.667-0400: 59.037: [GC (GCLocker Initiated GC) [PSYoungGen: 152663K->59067K(173056K)] 577773K->511838K(697344K), 0.0106338 secs] [Times: user=0.09 sys=0.00, real=0.01 secs] 
2016-09-25T22:37:43.734-0400: 59.104: [GC (GCLocker Initiated GC) [PSYoungGen: 150203K->58968K(174080K)] 604512K->529975K(698368K), 0.0092758 secs] [Times: user=0.12 sys=0.00, real=0.02 secs] 
2016-09-25T22:37:43.797-0400: 59.167: [GC (GCLocker Initiated GC) [PSYoungGen: 150104K->61757K(175616K)] 629339K->560327K(699904K), 0.0067632 secs] [Times: user=0.10 sys=0.00, real=0.01 secs] 
2016-09-25T22:37:43.804-0400: 59.174: [Full GC (Ergonomics) [PSYoungGen: 61757K->0K(175616K)] [ParOldGen: 498570K->317793K(524288K)] 560327K->317793K(699904K), [Metaspace: 43636K->43636K(1085440K)], 0.0676640 secs] [Times: user=0.38 sys=0.00, real=0.06 secs] 
2016-09-25T22:37:43.921-0400: 59.291: [GC (GCLocker Initiated GC) [PSYoungGen: 97792K->72846K(177152K)] 416394K->391449K(701440K), 0.0120045 secs] [Times: user=0.12 sys=0.00, real=0.01 secs] 
2016-09-25T22:37:43.985-0400: 59.355: [GC (GCLocker Initiated GC) [PSYoungGen: 170638K->61446K(181248K)] 492033K->391742K(705536K), 0.0225472 secs] [Times: user=0.24 sys=0.01, real=0.02 secs] 
2016-09-25T22:37:44.071-0400: 59.441: [GC (GCLocker Initiated GC) [PSYoungGen: 161286K->42515K(180224K)] 499880K->405834K(704512K), 0.0074259 secs] [Times: user=0.08 sys=0.00, real=0.01 secs] 
2016-09-25T22:37:44.131-0400: 59.501: [GC (GCLocker Initiated GC) [PSYoungGen: 142355K->76633K(173056K)] 505773K->441714K(697344K), 0.0142256 secs] [Times: user=0.19 sys=0.00, real=0.02 secs] 
2016-09-25T22:37:44.190-0400: 59.561: [GC (GCLocker Initiated GC) [PSYoungGen: 167769K->68374K(159744K)] 538299K->450252K(684032K), 0.0120960 secs] [Times: user=0.10 sys=0.00, real=0.02 secs] 
2016-09-25T22:37:44.251-0400: 59.621: [GC (GCLocker Initiated GC) [PSYoungGen: 159510K->42661K(174080K)] 559057K->447998K(698368K), 0.0106823 secs] [Times: user=0.10 sys=0.00, real=0.01 secs] 
2016-09-25T22:37:44.315-0400: 59.685: [GC (GCLocker Initiated GC) [PSYoungGen: 130725K->46491K(175104K)] 542922K->461802K(699392K), 0.0090378 secs] [Times: user=0.09 sys=0.00, real=0.01 secs] 
2016-09-25T22:37:44.368-0400: 59.738: [GC (GCLocker Initiated GC) [PSYoungGen: 134555K->85959K(174592K)] 553618K->513460K(698880K), 0.0125167 secs] [Times: user=0.17 sys=0.01, real=0.01 secs] 
2016-09-25T22:37:44.428-0400: 59.798: [GC (GCLocker Initiated GC) [PSYoungGen: 174023K->68323K(175104K)] 603123K->515347K(699392K), 0.0100858 secs] [Times: user=0.13 sys=0.00, real=0.01 secs] 
2016-09-25T22:37:44.498-0400: 59.868: [GC (GCLocker Initiated GC) [PSYoungGen: 156387K->56222K(175104K)] 610339K->528122K(699392K), 0.0086912 secs] [Times: user=0.09 sys=0.01, real=0.01 secs] 
2016-09-25T22:37:44.551-0400: 59.921: [GC (GCLocker Initiated GC) [PSYoungGen: 144286K->61554K(175104K)] 616338K->535342K(699392K), 0.0089828 secs] [Times: user=0.12 sys=0.00, real=0.01 secs] 
2016-09-25T22:37:44.609-0400: 59.979: [GC (GCLocker Initiated GC) [PSYoungGen: 149618K->61663K(172032K)] 630286K->562946K(696320K), 0.0078728 secs] [Times: user=0.09 sys=0.00, real=0.01 secs] 
2016-09-25T22:37:44.617-0400: 59.987: [Full GC (Ergonomics) [PSYoungGen: 61663K->0K(172032K)] [ParOldGen: 501283K->312256K(524288K)] 562946K->312256K(696320K), [Metaspace: 43636K->43636K(1085440K)], 0.1636178 secs] [Times: user=2.13 sys=0.00, real=0.16 secs] 
2016-09-25T22:37:44.836-0400: 60.206: [GC (GCLocker Initiated GC) [PSYoungGen: 88064K->81963K(173568K)] 403098K->396998K(697856K), 0.0065583 secs] [Times: user=0.09 sys=0.00, real=0.01 secs] 
2016-09-25T22:37:44.896-0400: 60.266: [GC (GCLocker Initiated GC) [PSYoungGen: 170027K->60257K(175104K)] 487942K->402937K(699392K), 0.0107613 secs] [Times: user=0.11 sys=0.00, real=0.01 secs] 
2016-09-25T22:37:44.947-0400: 60.317: [GC (GCLocker Initiated GC) [PSYoungGen: 148321K->64338K(152576K)] 491092K->412898K(676864K), 0.0060780 secs] [Times: user=0.08 sys=0.00, real=0.00 secs] 
2016-09-25T22:37:45.007-0400: 60.377: [GC (GCLocker Initiated GC) [PSYoungGen: 152402K->49377K(174592K)] 503729K->422693K(698880K), 0.0088817 secs] [Times: user=0.11 sys=0.01, real=0.01 secs] 
2016-09-25T22:37:45.064-0400: 60.434: [GC (GCLocker Initiated GC) [PSYoungGen: 137441K->64370K(152576K)] 523082K->465278K(676864K), 0.0096794 secs] [Times: user=0.14 sys=0.00, real=0.00 secs] 
2016-09-25T22:37:45.124-0400: 60.494: [GC (GCLocker Initiated GC) [PSYoungGen: 152434K->65749K(175104K)] 560134K->488757K(699392K), 0.0096742 secs] [Times: user=0.12 sys=0.00, real=0.00 secs] 
2016-09-25T22:37:45.187-0400: 60.557: [GC (GCLocker Initiated GC) [PSYoungGen: 155861K->68380K(174080K)] 591184K->504115K(698368K), 0.0104651 secs] [Times: user=0.08 sys=0.01, real=0.01 secs] 
2016-09-25T22:37:45.246-0400: 60.616: [GC (GCLocker Initiated GC) [PSYoungGen: 158492K->53483K(177664K)] 602645K->500816K(701952K), 0.0129867 secs] [Times: user=0.17 sys=0.00, real=0.01 secs] 
2016-09-25T22:37:45.313-0400: 60.683: [GC (GCLocker Initiated GC) [PSYoungGen: 147179K->57612K(177152K)] 600939K->527902K(701440K), 0.0172129 secs] [Times: user=0.20 sys=0.01, real=0.02 secs] 
2016-09-25T22:37:45.381-0400: 60.751: [GC (GCLocker Initiated GC) [PSYoungGen: 151308K->52009K(177664K)] 621627K->529478K(701952K), 0.0149360 secs] [Times: user=0.12 sys=0.00, real=0.02 secs] 
2016-09-25T22:37:45.438-0400: 60.809: [GC (GCLocker Initiated GC) [PSYoungGen: 147241K->69791K(177152K)] 624744K->558413K(701440K), 0.0247663 secs] [Times: user=0.30 sys=0.00, real=0.03 secs] 
2016-09-25T22:37:45.513-0400: 60.883: [GC (GCLocker Initiated GC) [PSYoungGen: 165023K->75264K(173568K)] 653817K->566006K(697856K), 0.0101385 secs] [Times: user=0.12 sys=0.00, real=0.02 secs] 
2016-09-25T22:37:45.570-0400: 60.940: [GC (Allocation Failure) [PSYoungGen: 165376K->72497K(162816K)] 656270K->565188K(687104K), 0.0068825 secs] [Times: user=0.08 sys=0.00, real=0.01 secs] 
2016-09-25T22:37:45.627-0400: 60.997: [GC (GCLocker Initiated GC) [PSYoungGen: 162609K->67049K(176128K)] 655307K->575089K(700416K), 0.0086919 secs] [Times: user=0.13 sys=0.00, real=0.01 secs] 
2016-09-25T22:37:45.636-0400: 61.006: [Full GC (Ergonomics) [PSYoungGen: 67049K->0K(176128K)] [ParOldGen: 508040K->313699K(524288K)] 575089K->313699K(700416K), [Metaspace: 43647K->43647K(1087488K)], 0.0731334 secs] [Times: user=0.58 sys=0.01, real=0.07 secs] 
2016-09-25T22:37:45.758-0400: 61.128: [GC (GCLocker Initiated GC) [PSYoungGen: 89088K->65879K(155136K)] 411393K->388185K(679424K), 0.0197135 secs] [Times: user=0.19 sys=0.01, real=0.02 secs] 
2016-09-25T22:37:45.830-0400: 61.200: [GC (GCLocker Initiated GC) [PSYoungGen: 154967K->53534K(173568K)] 481756K->410711K(697856K), 0.0090738 secs] [Times: user=0.12 sys=0.00, real=0.01 secs] 
2016-09-25T22:37:45.877-0400: 61.247: [GC (GCLocker Initiated GC) [PSYoungGen: 142622K->61653K(173568K)] 499848K->430131K(697856K), 0.0098983 secs] [Times: user=0.11 sys=0.00, real=0.01 secs] 
2016-09-25T22:37:45.934-0400: 61.304: [GC (GCLocker Initiated GC) [PSYoungGen: 150741K->67006K(176128K)] 519280K->441349K(700416K), 0.0090911 secs] [Times: user=0.08 sys=0.01, real=0.01 secs] 
2016-09-25T22:37:45.989-0400: 61.359: [GC (GCLocker Initiated GC) [PSYoungGen: 160702K->80683K(175616K)] 537920K->479878K(699904K), 0.0106828 secs] [Times: user=0.11 sys=0.01, real=0.01 secs] 
2016-09-25T22:37:46.057-0400: 61.427: [GC (GCLocker Initiated GC) [PSYoungGen: 174379K->56276K(176128K)] 585933K->485942K(700416K), 0.0094089 secs] [Times: user=0.12 sys=0.01, real=0.01 secs] 
2016-09-25T22:37:46.118-0400: 61.488: [GC (GCLocker Initiated GC) [PSYoungGen: 145876K->62954K(152576K)] 581128K->498621K(676864K), 0.0163127 secs] [Times: user=0.19 sys=0.00, real=0.02 secs] 
2016-09-25T22:37:46.174-0400: 61.544: [GC (GCLocker Initiated GC) [PSYoungGen: 152554K->54967K(173568K)] 596501K->530440K(697856K), 0.0073569 secs] [Times: user=0.10 sys=0.00, real=0.00 secs] 
2016-09-25T22:37:46.223-0400: 61.593: [GC (GCLocker Initiated GC) [PSYoungGen: 144567K->50885K(173568K)] 625674K->548611K(697856K), 0.0061106 secs] [Times: user=0.08 sys=0.00, real=0.00 secs] 
2016-09-25T22:37:46.229-0400: 61.599: [Full GC (Ergonomics) [PSYoungGen: 50885K->0K(173568K)] [ParOldGen: 497725K->306084K(524288K)] 548611K->306084K(697856K), [Metaspace: 43651K->43651K(1087488K)], 0.0600016 secs] [Times: user=0.54 sys=0.01, real=0.06 secs] 
2016-09-25T22:37:46.358-0400: 61.728: [GC (GCLocker Initiated GC) [PSYoungGen: 89600K->80688K(172032K)] 395757K->386845K(696320K), 0.0123655 secs] [Times: user=0.17 sys=0.00, real=0.01 secs] 
2016-09-25T22:37:46.417-0400: 61.787: [GC (GCLocker Initiated GC) [PSYoungGen: 168752K->34436K(175104K)] 474952K->357379K(699392K), 0.0102927 secs] [Times: user=0.10 sys=0.00, real=0.01 secs] 
2016-09-25T22:37:46.469-0400: 61.840: [GC (GCLocker Initiated GC) [PSYoungGen: 122500K->67241K(175104K)] 453792K->409787K(699392K), 0.0072831 secs] [Times: user=0.09 sys=0.00, real=0.01 secs] 
2016-09-25T22:37:46.546-0400: 61.916: [GC (GCLocker Initiated GC) [PSYoungGen: 155305K->53489K(175104K)] 506315K->414568K(699392K), 0.0124155 secs] [Times: user=0.14 sys=0.00, real=0.01 secs] 
2016-09-25T22:37:46.626-0400: 61.996: [GC (GCLocker Initiated GC) [PSYoungGen: 141553K->57423K(175104K)] 505447K->437934K(699392K), 0.0091889 secs] [Times: user=0.13 sys=0.00, real=0.01 secs] 
2016-09-25T22:37:46.674-0400: 62.044: [GC (GCLocker Initiated GC) [PSYoungGen: 145487K->52297K(140800K)] 531564K->444075K(665088K), 0.0098415 secs] [Times: user=0.11 sys=0.00, real=0.02 secs] 
2016-09-25T22:37:46.741-0400: 62.111: [GC (GCLocker Initiated GC) [PSYoungGen: 140361K->52092K(174592K)] 534904K->459369K(698880K), 0.0218035 secs] [Times: user=0.20 sys=0.00, real=0.03 secs] 
2016-09-25T22:37:46.845-0400: 62.215: [GC (GCLocker Initiated GC) [PSYoungGen: 141180K->45790K(173568K)] 560818K->468497K(697856K), 0.0142571 secs] [Times: user=0.15 sys=0.01, real=0.01 secs] 
2016-09-25T22:37:46.914-0400: 62.284: [GC (GCLocker Initiated GC) [PSYoungGen: 134878K->35898K(175104K)] 568634K->482564K(699392K), 0.0149512 secs] [Times: user=0.14 sys=0.00, real=0.01 secs] 
2016-09-25T22:37:47.006-0400: 62.376: [GC (GCLocker Initiated GC) [PSYoungGen: 127034K->39701K(176128K)] 579285K->493801K(700416K), 0.0188480 secs] [Times: user=0.22 sys=0.00, real=0.02 secs] 
2016-09-25T22:37:47.065-0400: 62.435: [GC (GCLocker Initiated GC) [PSYoungGen: 130837K->50936K(172032K)] 587721K->510883K(696320K), 0.0141308 secs] [Times: user=0.14 sys=0.00, real=0.01 secs] 
2016-09-25T22:37:47.131-0400: 62.501: [GC (GCLocker Initiated GC) [PSYoungGen: 143096K->60387K(174592K)] 608488K->541304K(698880K), 0.0280325 secs] [Times: user=0.26 sys=0.01, real=0.03 secs] 
2016-09-25T22:37:47.234-0400: 62.604: [GC (GCLocker Initiated GC) [PSYoungGen: 152547K->45488K(177152K)] 636763K->542458K(701440K), 0.0335021 secs] [Times: user=0.41 sys=0.00, real=0.03 secs] 
2016-09-25T22:37:47.321-0400: 62.691: [Full GC (Ergonomics) [PSYoungGen: 143280K->0K(177152K)] [ParOldGen: 503876K->325555K(524288K)] 647157K->325555K(701440K), [Metaspace: 43654K->43654K(1087488K)], 0.1142396 secs] [Times: user=0.71 sys=0.02, real=0.12 secs] 
2016-09-25T22:37:47.491-0400: 62.862: [GC (GCLocker Initiated GC) [PSYoungGen: 97792K->57712K(178688K)] 430009K->389929K(702976K), 0.0095232 secs] [Times: user=0.13 sys=0.00, real=0.01 secs] 
2016-09-25T22:37:47.578-0400: 62.948: [GC (GCLocker Initiated GC) [PSYoungGen: 155504K->59353K(180224K)] 491888K->400268K(704512K), 0.0098386 secs] [Times: user=0.15 sys=0.00, real=0.01 secs] 
2016-09-25T22:37:47.670-0400: 63.040: [GC (GCLocker Initiated GC) [PSYoungGen: 161241K->44215K(180736K)] 502168K->391333K(705024K), 0.0052033 secs] [Times: user=0.06 sys=0.00, real=0.01 secs] 
2016-09-25T22:37:47.732-0400: 63.102: [GC (GCLocker Initiated GC) [PSYoungGen: 146103K->63541K(180736K)] 493259K->414028K(705024K), 0.0065381 secs] [Times: user=0.06 sys=0.00, real=0.01 secs] 
2016-09-25T22:37:47.797-0400: 63.167: [GC (GCLocker Initiated GC) [PSYoungGen: 165941K->62281K(182272K)] 519153K->440662K(706560K), 0.0069869 secs] [Times: user=0.09 sys=0.00, real=0.01 secs] 
2016-09-25T22:37:47.876-0400: 63.246: [GC (GCLocker Initiated GC) [PSYoungGen: 164681K->72961K(174080K)] 545951K->455164K(698368K), 0.0086487 secs] [Times: user=0.13 sys=0.00, real=0.01 secs] 
2016-09-25T22:37:47.948-0400: 63.318: [GC (GCLocker Initiated GC) [PSYoungGen: 167169K->62075K(178176K)] 554830K->466843K(702464K), 0.0072450 secs] [Times: user=0.08 sys=0.00, real=0.01 secs] 
2016-09-25T22:37:48.010-0400: 63.381: [GC (GCLocker Initiated GC) [PSYoungGen: 156283K->59147K(173568K)] 561201K->475582K(697856K), 0.0096267 secs] [Times: user=0.10 sys=0.00, real=0.01 secs] 
2016-09-25T22:37:48.087-0400: 63.457: [GC (GCLocker Initiated GC) [PSYoungGen: 153867K->74269K(176128K)] 575829K->510484K(700416K), 0.0111810 secs] [Times: user=0.14 sys=0.00, real=0.01 secs] 
2016-09-25T22:37:48.150-0400: 63.520: [GC (GCLocker Initiated GC) [PSYoungGen: 168989K->55321K(178688K)] 606419K->493509K(702976K), 0.0061597 secs] [Times: user=0.08 sys=0.00, real=0.01 secs] 
2016-09-25T22:37:48.206-0400: 63.576: [GC (GCLocker Initiated GC) [PSYoungGen: 148505K->80970K(174592K)] 589577K->539018K(698880K), 0.0076068 secs] [Times: user=0.11 sys=0.00, real=0.00 secs] 
2016-09-25T22:37:48.278-0400: 63.648: [GC (GCLocker Initiated GC) [PSYoungGen: 174154K->62157K(175616K)] 638019K->537574K(699904K), 0.0087297 secs] [Times: user=0.13 sys=0.01, real=0.01 secs] 
2016-09-25T22:37:48.343-0400: 63.713: [GC (GCLocker Initiated GC) [PSYoungGen: 150733K->41485K(175104K)] 630022K->551329K(699392K), 0.0088183 secs] [Times: user=0.07 sys=0.00, real=0.00 secs] 
2016-09-25T22:37:48.352-0400: 63.722: [Full GC (Ergonomics) [PSYoungGen: 41485K->0K(175104K)] [ParOldGen: 509844K->328351K(524288K)] 551329K->328351K(699392K), [Metaspace: 43657K->43657K(1087488K)], 0.0687270 secs] [Times: user=0.61 sys=0.00, real=0.07 secs] 
2016-09-25T22:37:48.476-0400: 63.846: [GC (GCLocker Initiated GC) [PSYoungGen: 88576K->65799K(175104K)] 419813K->397036K(699392K), 0.0091683 secs] [Times: user=0.09 sys=0.00, real=0.01 secs] 
2016-09-25T22:37:48.535-0400: 63.905: [GC (GCLocker Initiated GC) [PSYoungGen: 153863K->55417K(143872K)] 490577K->396711K(668160K), 0.0067950 secs] [Times: user=0.06 sys=0.00, real=0.01 secs] 
2016-09-25T22:37:48.597-0400: 63.967: [GC (GCLocker Initiated GC) [PSYoungGen: 143481K->70424K(171520K)] 490339K->419569K(695808K), 0.0095710 secs] [Times: user=0.14 sys=0.00, real=0.01 secs] 
2016-09-25T22:37:48.668-0400: 64.038: [GC (GCLocker Initiated GC) [PSYoungGen: 156952K->47413K(173056K)] 517723K->434936K(697344K), 0.0116499 secs] [Times: user=0.15 sys=0.01, real=0.01 secs] 
2016-09-25T22:37:48.742-0400: 64.112: [GC (GCLocker Initiated GC) [PSYoungGen: 133941K->51063K(172544K)] 532369K->454621K(696832K), 0.0102645 secs] [Times: user=0.12 sys=0.00, real=0.00 secs] 
2016-09-25T22:37:48.800-0400: 64.170: [GC (GCLocker Initiated GC) [PSYoungGen: 140151K->73022K(174080K)] 546517K->480029K(698368K), 0.0086626 secs] [Times: user=0.12 sys=0.00, real=0.01 secs] 
2016-09-25T22:37:48.864-0400: 64.234: [GC (GCLocker Initiated GC) [PSYoungGen: 162110K->78334K(175104K)] 573235K->502473K(699392K), 0.0071147 secs] [Times: user=0.10 sys=0.01, real=0.00 secs] 
2016-09-25T22:37:48.923-0400: 64.293: [GC (GCLocker Initiated GC) [PSYoungGen: 166398K->66493K(175104K)] 590669K->525386K(699392K), 0.0082107 secs] [Times: user=0.10 sys=0.01, real=0.00 secs] 
2016-09-25T22:37:48.991-0400: 64.361: [GC (GCLocker Initiated GC) [PSYoungGen: 154557K->42070K(175104K)] 616219K->516908K(699392K), 0.0124227 secs] [Times: user=0.09 sys=0.00, real=0.02 secs] 
2016-09-25T22:37:49.048-0400: 64.418: [GC (GCLocker Initiated GC) [PSYoungGen: 130134K->74302K(175104K)] 605072K->561226K(699392K), 0.0100044 secs] [Times: user=0.13 sys=0.01, real=0.01 secs] 
2016-09-25T22:37:49.124-0400: 64.494: [GC (GCLocker Initiated GC) [PSYoungGen: 162366K->43387K(175104K)] 649727K->550531K(699392K), 0.0098215 secs] [Times: user=0.07 sys=0.00, real=0.00 secs] 
2016-09-25T22:37:49.136-0400: 64.506: [Full GC (Ergonomics) [PSYoungGen: 43387K->0K(175104K)] [ParOldGen: 507143K->334860K(524288K)] 550531K->334860K(699392K), [Metaspace: 43657K->43657K(1087488K)], 0.0652184 secs] [Times: user=0.47 sys=0.01, real=0.07 secs] 
2016-09-25T22:37:49.247-0400: 64.617: [GC (GCLocker Initiated GC) [PSYoungGen: 88064K->71234K(175104K)] 423169K->406339K(699392K), 0.0069618 secs] [Times: user=0.08 sys=0.00, real=0.00 secs] 
2016-09-25T22:37:49.317-0400: 64.687: [GC (GCLocker Initiated GC) [PSYoungGen: 159298K->53952K(175104K)] 494416K->412570K(699392K), 0.0121557 secs] [Times: user=0.14 sys=0.00, real=0.01 secs] 
2016-09-25T22:37:49.383-0400: 64.753: [GC (GCLocker Initiated GC) [PSYoungGen: 142016K->50246K(175104K)] 503496K->413978K(699392K), 0.0159642 secs] [Times: user=0.20 sys=0.00, real=0.01 secs] 
2016-09-25T22:37:49.455-0400: 64.825: [GC (GCLocker Initiated GC) [PSYoungGen: 138310K->74196K(175104K)] 502535K->442439K(699392K), 0.0134529 secs] [Times: user=0.15 sys=0.00, real=0.01 secs] 
2016-09-25T22:37:49.538-0400: 64.908: [GC (Allocation Failure) [PSYoungGen: 162260K->50159K(175104K)] 540011K->447714K(699392K), 0.0107230 secs] [Times: user=0.08 sys=0.00, real=0.01 secs] 
2016-09-25T22:37:49.550-0400: 64.920: [GC (GCLocker Initiated GC) [PSYoungGen: 53006K->2764K(175104K)] 450561K->444726K(699392K), 0.0090863 secs] [Times: user=0.11 sys=0.00, real=0.01 secs] 
2016-09-25T22:37:49.630-0400: 65.000: [GC (GCLocker Initiated GC) [PSYoungGen: 90403K->45529K(175104K)] 535065K->490191K(699392K), 0.0054936 secs] [Times: user=0.05 sys=0.01, real=0.01 secs] 
2016-09-25T22:37:49.705-0400: 65.075: [GC (GCLocker Initiated GC) [PSYoungGen: 133593K->77440K(175104K)] 578321K->525495K(699392K), 0.0119671 secs] [Times: user=0.15 sys=0.00, real=0.01 secs] 
2016-09-25T22:37:49.782-0400: 65.152: [GC (GCLocker Initiated GC) [PSYoungGen: 165504K->68904K(175104K)] 613808K->532055K(699392K), 0.0074702 secs] [Times: user=0.10 sys=0.00, real=0.00 secs] 
2016-09-25T22:37:49.850-0400: 65.220: [GC (GCLocker Initiated GC) [PSYoungGen: 156968K->43426K(175104K)] 625642K->518380K(699392K), 0.0072350 secs] [Times: user=0.05 sys=0.00, real=0.01 secs] 
2016-09-25T22:37:49.914-0400: 65.284: [GC (GCLocker Initiated GC) [PSYoungGen: 131490K->55826K(175104K)] 614768K->544446K(699392K), 0.0171697 secs] [Times: user=0.14 sys=0.01, real=0.01 secs] 
2016-09-25T22:37:49.931-0400: 65.302: [Full GC (Ergonomics) [PSYoungGen: 55826K->0K(175104K)] [ParOldGen: 488619K->351777K(524288K)] 544446K->351777K(699392K), [Metaspace: 43701K->43701K(1087488K)], 0.0617607 secs] [Times: user=0.49 sys=0.00, real=0.06 secs] 
2016-09-25T22:37:50.056-0400: 65.426: [GC (GCLocker Initiated GC) [PSYoungGen: 88064K->82446K(175104K)] 445361K->439743K(699392K), 0.0105930 secs] [Times: user=0.10 sys=0.00, real=0.01 secs] 
2016-09-25T22:37:50.133-0400: 65.503: [GC (GCLocker Initiated GC) [PSYoungGen: 170510K->54014K(175104K)] 530666K->440830K(699392K), 0.0098680 secs] [Times: user=0.15 sys=0.00, real=0.02 secs] 
2016-09-25T22:37:50.206-0400: 65.576: [GC (GCLocker Initiated GC) [PSYoungGen: 142078K->65548K(175104K)] 533007K->460085K(699392K), 0.0094413 secs] [Times: user=0.14 sys=0.00, real=0.01 secs] 
2016-09-25T22:37:50.258-0400: 65.628: [GC (GCLocker Initiated GC) [PSYoungGen: 153612K->62209K(175104K)] 548348K->485532K(699392K), 0.0074313 secs] [Times: user=0.10 sys=0.00, real=0.01 secs] 
2016-09-25T22:37:50.318-0400: 65.688: [GC (GCLocker Initiated GC) [PSYoungGen: 150273K->73561K(175104K)] 576835K->513204K(699392K), 0.0097180 secs] [Times: user=0.15 sys=0.00, real=0.01 secs] 
2016-09-25T22:37:50.386-0400: 65.756: [GC (GCLocker Initiated GC) [PSYoungGen: 161625K->51105K(175104K)] 604082K->508395K(699392K), 0.0084910 secs] [Times: user=0.07 sys=0.00, real=0.01 secs] 
2016-09-25T22:37:50.452-0400: 65.822: [GC (GCLocker Initiated GC) [PSYoungGen: 139169K->45077K(175104K)] 600365K->519223K(699392K), 0.0078541 secs] [Times: user=0.10 sys=0.00, real=0.01 secs] 
2016-09-25T22:37:50.515-0400: 65.885: [GC (GCLocker Initiated GC) [PSYoungGen: 133141K->55453K(175104K)] 607334K->536407K(699392K), 0.0055046 secs] [Times: user=0.06 sys=0.00, real=0.00 secs] 
2016-09-25T22:37:50.580-0400: 65.950: [GC (GCLocker Initiated GC) [PSYoungGen: 143517K->65499K(175104K)] 627319K->559769K(699392K), 0.0088577 secs] [Times: user=0.09 sys=0.00, real=0.01 secs] 
2016-09-25T22:37:50.589-0400: 65.959: [Full GC (Ergonomics) [PSYoungGen: 65499K->0K(175104K)] [ParOldGen: 494269K->351485K(524288K)] 559769K->351485K(699392K), [Metaspace: 43701K->43701K(1087488K)], 0.0615443 secs] [Times: user=0.54 sys=0.01, real=0.06 secs] 
2016-09-25T22:37:50.712-0400: 66.082: [GC (GCLocker Initiated GC) [PSYoungGen: 88064K->48940K(175104K)] 442698K->403574K(699392K), 0.0075112 secs] [Times: user=0.07 sys=0.00, real=0.01 secs] 
2016-09-25T22:37:50.781-0400: 66.151: [GC (GCLocker Initiated GC) [PSYoungGen: 137004K->59465K(172032K)] 498458K->433001K(696320K), 0.0066501 secs] [Times: user=0.08 sys=0.00, real=0.01 secs] 
2016-09-25T22:37:50.853-0400: 66.223: [GC (GCLocker Initiated GC) [PSYoungGen: 147529K->36657K(173568K)] 526543K->439524K(697856K), 0.0088429 secs] [Times: user=0.09 sys=0.00, real=0.01 secs] 
2016-09-25T22:37:50.912-0400: 66.282: [GC (GCLocker Initiated GC) [PSYoungGen: 124721K->76026K(174592K)] 527679K->513899K(698880K), 0.0132214 secs] [Times: user=0.12 sys=0.01, real=0.02 secs] 
2016-09-25T22:37:50.984-0400: 66.354: [GC (GCLocker Initiated GC) [PSYoungGen: 164090K->53983K(175104K)] 606217K->497129K(699392K), 0.0157277 secs] [Times: user=0.17 sys=0.00, real=0.01 secs] 
2016-09-25T22:37:51.053-0400: 66.423: [GC (GCLocker Initiated GC) [PSYoungGen: 142047K->63394K(175104K)] 585345K->533435K(699392K), 0.0081017 secs] [Times: user=0.11 sys=0.00, real=0.01 secs] 
2016-09-25T22:37:51.141-0400: 66.511: [GC (GCLocker Initiated GC) [PSYoungGen: 151458K->66646K(175104K)] 621726K->552537K(699392K), 0.0103242 secs] [Times: user=0.16 sys=0.00, real=0.01 secs] 
2016-09-25T22:37:51.152-0400: 66.522: [Full GC (Ergonomics) [PSYoungGen: 66646K->0K(175104K)] [ParOldGen: 485891K->357972K(524288K)] 552537K->357972K(699392K), [Metaspace: 43701K->43701K(1087488K)], 0.0770659 secs] [Times: user=0.68 sys=0.03, real=0.08 secs] 
2016-09-25T22:37:51.292-0400: 66.662: [GC (GCLocker Initiated GC) [PSYoungGen: 88064K->49333K(174080K)] 446237K->407506K(698368K), 0.0083192 secs] [Times: user=0.08 sys=0.00, real=0.01 secs] 
2016-09-25T22:37:51.381-0400: 66.751: [GC (GCLocker Initiated GC) [PSYoungGen: 137397K->54734K(142848K)] 501053K->435051K(667136K), 0.0118597 secs] [Times: user=0.11 sys=0.00, real=0.01 secs] 
2016-09-25T22:37:51.461-0400: 66.831: [GC (GCLocker Initiated GC) [PSYoungGen: 142798K->62232K(174080K)] 525923K->468301K(698368K), 0.0102016 secs] [Times: user=0.15 sys=0.01, real=0.01 secs] 
2016-09-25T22:37:51.535-0400: 66.905: [GC (GCLocker Initiated GC) [PSYoungGen: 152344K->61127K(173568K)] 561223K->488502K(697856K), 0.0128862 secs] [Times: user=0.15 sys=0.00, real=0.01 secs] 
2016-09-25T22:37:51.632-0400: 67.002: [GC (GCLocker Initiated GC) [PSYoungGen: 151239K->52911K(177152K)] 583428K->502366K(701440K), 0.0222068 secs] [Times: user=0.34 sys=0.00, real=0.03 secs] 
2016-09-25T22:37:51.696-0400: 67.066: [GC (GCLocker Initiated GC) [PSYoungGen: 149167K->78434K(175104K)] 601485K->542731K(699392K), 0.0148551 secs] [Times: user=0.21 sys=0.00, real=0.01 secs] 
2016-09-25T22:37:51.808-0400: 67.178: [GC (GCLocker Initiated GC) [PSYoungGen: 174690K->67666K(176128K)] 647137K->559960K(700416K), 0.0195986 secs] [Times: user=0.24 sys=0.01, real=0.02 secs] 
2016-09-25T22:37:51.828-0400: 67.198: [Full GC (Ergonomics) [PSYoungGen: 67666K->0K(176128K)] [ParOldGen: 492294K->372589K(524288K)] 559960K->372589K(700416K), [Metaspace: 43701K->43701K(1087488K)], 0.0521562 secs] [Times: user=0.44 sys=0.00, real=0.05 secs] 
2016-09-25T22:37:51.955-0400: 67.325: [GC (GCLocker Initiated GC) [PSYoungGen: 90112K->72495K(162816K)] 465530K->447914K(687104K), 0.0144738 secs] [Times: user=0.14 sys=0.01, real=0.01 secs] 
2016-09-25T22:37:52.051-0400: 67.421: [GC (GCLocker Initiated GC) [PSYoungGen: 162607K->75799K(175104K)] 543528K->480223K(699392K), 0.0203398 secs] [Times: user=0.28 sys=0.00, real=0.02 secs] 
2016-09-25T22:37:52.130-0400: 67.500: [GC (GCLocker Initiated GC) [PSYoungGen: 163863K->75524K(175104K)] 576875K->492337K(699392K), 0.0136022 secs] [Times: user=0.13 sys=0.00, real=0.02 secs] 
2016-09-25T22:37:52.248-0400: 67.618: [GC (GCLocker Initiated GC) [PSYoungGen: 163588K->46073K(175104K)] 583298K->497648K(699392K), 0.0069585 secs] [Times: user=0.09 sys=0.01, real=0.01 secs] 
2016-09-25T22:37:52.298-0400: 67.668: [GC (GCLocker Initiated GC) [PSYoungGen: 134137K->81351K(175104K)] 585767K->550160K(699392K), 0.0085316 secs] [Times: user=0.10 sys=0.00, real=0.01 secs] 
2016-09-25T22:37:52.387-0400: 67.757: [GC (GCLocker Initiated GC) [PSYoungGen: 169415K->53893K(175104K)] 641013K->542899K(699392K), 0.0109463 secs] [Times: user=0.12 sys=0.04, real=0.01 secs] 
2016-09-25T22:37:52.398-0400: 67.768: [Full GC (Ergonomics) [PSYoungGen: 53893K->0K(175104K)] [ParOldGen: 489006K->371867K(524288K)] 542899K->371867K(699392K), [Metaspace: 43704K->43704K(1087488K)], 0.0834600 secs] [Times: user=0.59 sys=0.02, real=0.08 secs] 
2016-09-25T22:37:52.528-0400: 67.898: [GC (GCLocker Initiated GC) [PSYoungGen: 88064K->73803K(175104K)] 462812K->448552K(699392K), 0.0064544 secs] [Times: user=0.09 sys=0.00, real=0.01 secs] 
2016-09-25T22:37:52.593-0400: 67.963: [GC (GCLocker Initiated GC) [PSYoungGen: 161867K->62400K(175104K)] 544794K->467331K(699392K), 0.0094047 secs] [Times: user=0.14 sys=0.00, real=0.02 secs] 
2016-09-25T22:37:52.652-0400: 68.022: [GC (GCLocker Initiated GC) [PSYoungGen: 150464K->73172K(175104K)] 558202K->499574K(699392K), 0.0074713 secs] [Times: user=0.10 sys=0.00, real=0.01 secs] 
2016-09-25T22:37:52.726-0400: 68.096: [GC (GCLocker Initiated GC) [PSYoungGen: 161236K->67514K(175104K)] 594530K->526258K(699392K), 0.0079674 secs] [Times: user=0.09 sys=0.00, real=0.01 secs] 
2016-09-25T22:37:52.794-0400: 68.164: [GC (GCLocker Initiated GC) [PSYoungGen: 155578K->63508K(175104K)] 625161K->552867K(699392K), 0.0091843 secs] [Times: user=0.09 sys=0.00, real=0.01 secs] 
2016-09-25T22:37:52.804-0400: 68.174: [Full GC (Ergonomics) [PSYoungGen: 63508K->0K(175104K)] [ParOldGen: 489358K->383736K(524288K)] 552867K->383736K(699392K), [Metaspace: 43704K->43704K(1087488K)], 0.0642069 secs] [Times: user=0.51 sys=0.01, real=0.06 secs] 
2016-09-25T22:37:52.923-0400: 68.293: [GC (GCLocker Initiated GC) [PSYoungGen: 88064K->83820K(175104K)] 474600K->470356K(699392K), 0.0083626 secs] [Times: user=0.11 sys=0.00, real=0.00 secs] 
2016-09-25T22:37:52.975-0400: 68.345: [GC (GCLocker Initiated GC) [PSYoungGen: 171884K->63230K(175104K)] 561290K->481906K(699392K), 0.0080376 secs] [Times: user=0.11 sys=0.00, real=0.01 secs] 
2016-09-25T22:37:53.037-0400: 68.407: [GC (GCLocker Initiated GC) [PSYoungGen: 151294K->63549K(175104K)] 569995K->495046K(699392K), 0.0093015 secs] [Times: user=0.12 sys=0.01, real=0.01 secs] 
2016-09-25T22:37:53.108-0400: 68.478: [GC (GCLocker Initiated GC) [PSYoungGen: 151613K->41747K(175104K)] 591388K->494657K(699392K), 0.0061444 secs] [Times: user=0.06 sys=0.01, real=0.01 secs] 
2016-09-25T22:37:53.163-0400: 68.533: [GC (GCLocker Initiated GC) [PSYoungGen: 129811K->73860K(175104K)] 582816K->530312K(699392K), 0.0092349 secs] [Times: user=0.09 sys=0.00, real=0.00 secs] 
2016-09-25T22:37:53.221-0400: 68.591: [GC (GCLocker Initiated GC) [PSYoungGen: 161924K->86312K(175104K)] 622549K->559575K(699392K), 0.0105072 secs] [Times: user=0.12 sys=0.00, real=0.01 secs] 
2016-09-25T22:37:53.293-0400: 68.663: [GC (GCLocker Initiated GC) [PSYoungGen: 174376K->52454K(175104K)] 654572K->550970K(699392K), 0.0132267 secs] [Times: user=0.15 sys=0.00, real=0.02 secs] 
2016-09-25T22:37:53.307-0400: 68.677: [Full GC (Ergonomics) [PSYoungGen: 52454K->0K(175104K)] [ParOldGen: 498515K->381994K(524288K)] 550970K->381994K(699392K), [Metaspace: 43706K->43706K(1087488K)], 0.0630762 secs] [Times: user=0.56 sys=0.00, real=0.06 secs] 
2016-09-25T22:37:53.423-0400: 68.793: [GC (GCLocker Initiated GC) [PSYoungGen: 88064K->67454K(175104K)] 470126K->449525K(699392K), 0.0101891 secs] [Times: user=0.15 sys=0.00, real=0.00 secs] 
2016-09-25T22:37:53.474-0400: 68.844: [GC (GCLocker Initiated GC) [PSYoungGen: 155518K->77361K(175104K)] 540441K->463212K(699392K), 0.0064098 secs] [Times: user=0.08 sys=0.01, real=0.02 secs] 
2016-09-25T22:37:53.540-0400: 68.910: [GC (GCLocker Initiated GC) [PSYoungGen: 165425K->82247K(175104K)] 554178K->488296K(699392K), 0.0079129 secs] [Times: user=0.11 sys=0.00, real=0.01 secs] 
2016-09-25T22:37:53.611-0400: 68.981: [GC (GCLocker Initiated GC) [PSYoungGen: 170311K->60923K(175104K)] 580485K->498787K(699392K), 0.0099619 secs] [Times: user=0.16 sys=0.01, real=0.01 secs] 
2016-09-25T22:37:53.680-0400: 69.050: [GC (GCLocker Initiated GC) [PSYoungGen: 148987K->73918K(175104K)] 586925K->533149K(699392K), 0.0068869 secs] [Times: user=0.09 sys=0.00, real=0.01 secs] 
2016-09-25T22:37:53.726-0400: 69.096: [GC (GCLocker Initiated GC) [PSYoungGen: 161982K->61076K(175104K)] 621241K->549236K(699392K), 0.0101193 secs] [Times: user=0.12 sys=0.00, real=0.01 secs] 
2016-09-25T22:37:53.736-0400: 69.106: [Full GC (Ergonomics) [PSYoungGen: 61076K->0K(175104K)] [ParOldGen: 488159K->385356K(524288K)] 549236K->385356K(699392K), [Metaspace: 43713K->43713K(1087488K)], 0.0542241 secs] [Times: user=0.47 sys=0.00, real=0.05 secs] 
2016-09-25T22:37:53.851-0400: 69.221: [GC (GCLocker Initiated GC) [PSYoungGen: 88064K->59656K(175104K)] 481658K->453250K(699392K), 0.0226290 secs] [Times: user=0.36 sys=0.00, real=0.02 secs] 
2016-09-25T22:37:53.935-0400: 69.305: [GC (GCLocker Initiated GC) [PSYoungGen: 147720K->44514K(175104K)] 541319K->443225K(699392K), 0.0168279 secs] [Times: user=0.19 sys=0.00, real=0.01 secs] 
2016-09-25T22:37:54.001-0400: 69.371: [GC (GCLocker Initiated GC) [PSYoungGen: 132578K->49708K(175104K)] 540874K->460396K(699392K), 0.0085969 secs] [Times: user=0.09 sys=0.00, real=0.01 secs] 
2016-09-25T22:37:54.063-0400: 69.433: [GC (GCLocker Initiated GC) [PSYoungGen: 137772K->59079K(175104K)] 548494K->477347K(699392K), 0.0089954 secs] [Times: user=0.06 sys=0.00, real=0.00 secs] 
2016-09-25T22:37:54.127-0400: 69.497: [GC (GCLocker Initiated GC) [PSYoungGen: 147143K->78126K(175104K)] 569555K->501023K(699392K), 0.0098356 secs] [Times: user=0.13 sys=0.00, real=0.01 secs] 
2016-09-25T22:37:54.195-0400: 69.565: [GC (GCLocker Initiated GC) [PSYoungGen: 166190K->73993K(175104K)] 600015K->516630K(699392K), 0.0096543 secs] [Times: user=0.15 sys=0.00, real=0.01 secs] 
2016-09-25T22:37:54.263-0400: 69.633: [GC (GCLocker Initiated GC) [PSYoungGen: 162057K->53587K(175104K)] 605893K->502054K(699392K), 0.0106681 secs] [Times: user=0.14 sys=0.00, real=0.00 secs] 
2016-09-25T22:37:54.322-0400: 69.692: [GC (GCLocker Initiated GC) [PSYoungGen: 141651K->68524K(175104K)] 590253K->527085K(699392K), 0.0108887 secs] [Times: user=0.10 sys=0.00, real=0.01 secs] 
2016-09-25T22:37:54.393-0400: 69.763: [GC (GCLocker Initiated GC) [PSYoungGen: 156588K->49919K(175104K)] 622147K->537712K(699392K), 0.0093412 secs] [Times: user=0.08 sys=0.00, real=0.02 secs] 
2016-09-25T22:37:54.465-0400: 69.835: [Full GC (Ergonomics) [PSYoungGen: 137983K->0K(175104K)] [ParOldGen: 490950K->390452K(524288K)] 628933K->390452K(699392K), [Metaspace: 43717K->43717K(1087488K)], 0.0709981 secs] [Times: user=0.57 sys=0.00, real=0.07 secs] 
2016-09-25T22:37:54.601-0400: 69.971: [GC (GCLocker Initiated GC) [PSYoungGen: 88064K->71719K(175104K)] 484003K->467659K(699392K), 0.0086184 secs] [Times: user=0.09 sys=0.00, real=0.01 secs] 
2016-09-25T22:37:54.651-0400: 70.021: [GC (GCLocker Initiated GC) [PSYoungGen: 159783K->70055K(175104K)] 558653K->490222K(699392K), 0.0101834 secs] [Times: user=0.12 sys=0.01, real=0.01 secs] 
2016-09-25T22:37:54.713-0400: 70.083: [GC (GCLocker Initiated GC) [PSYoungGen: 158119K->69894K(175104K)] 582487K->499017K(699392K), 0.0109626 secs] [Times: user=0.14 sys=0.00, real=0.02 secs] 
2016-09-25T22:37:54.785-0400: 70.155: [GC (GCLocker Initiated GC) [PSYoungGen: 157958K->42940K(175104K)] 595277K->514605K(699392K), 0.0070963 secs] [Times: user=0.08 sys=0.00, real=0.00 secs] 
2016-09-25T22:37:54.844-0400: 70.214: [GC (GCLocker Initiated GC) [PSYoungGen: 131004K->50821K(175104K)] 602705K->527253K(699392K), 0.0098696 secs] [Times: user=0.11 sys=0.00, real=0.00 secs] 
2016-09-25T22:37:54.902-0400: 70.272: [GC (GCLocker Initiated GC) [PSYoungGen: 138885K->74034K(175104K)] 620971K->556559K(699392K), 0.0182496 secs] [Times: user=0.12 sys=0.01, real=0.01 secs] 
2016-09-25T22:37:54.980-0400: 70.350: [Full GC (Ergonomics) [PSYoungGen: 162098K->0K(175104K)] [ParOldGen: 494767K->393599K(524288K)] 656865K->393599K(699392K), [Metaspace: 43717K->43717K(1087488K)], 0.0652516 secs] [Times: user=0.65 sys=0.01, real=0.07 secs] 
2016-09-25T22:37:55.090-0400: 70.460: [GC (GCLocker Initiated GC) [PSYoungGen: 88064K->77028K(175104K)] 487275K->476240K(699392K), 0.0085069 secs] [Times: user=0.08 sys=0.00, real=0.01 secs] 
2016-09-25T22:37:55.158-0400: 70.528: [GC (GCLocker Initiated GC) [PSYoungGen: 165092K->43048K(175104K)] 575332K->473049K(699392K), 0.0076702 secs] [Times: user=0.09 sys=0.00, real=0.01 secs] 
2016-09-25T22:37:55.225-0400: 70.595: [GC (GCLocker Initiated GC) [PSYoungGen: 131112K->52285K(175104K)] 561222K->497842K(699392K), 0.0069719 secs] [Times: user=0.10 sys=0.00, real=0.00 secs] 
2016-09-25T22:37:55.293-0400: 70.663: [GC (GCLocker Initiated GC) [PSYoungGen: 140349K->67544K(175104K)] 596786K->524486K(699392K), 0.0181813 secs] [Times: user=0.27 sys=0.01, real=0.02 secs] 
2016-09-25T22:37:55.365-0400: 70.735: [GC (GCLocker Initiated GC) [PSYoungGen: 155608K->78062K(175104K)] 613968K->564288K(699392K), 0.0105568 secs] [Times: user=0.16 sys=0.00, real=0.01 secs] 
2016-09-25T22:37:55.375-0400: 70.746: [Full GC (Ergonomics) [PSYoungGen: 78062K->0K(175104K)] [ParOldGen: 486226K->393179K(524288K)] 564288K->393179K(699392K), [Metaspace: 43717K->43717K(1087488K)], 0.0624816 secs] [Times: user=0.53 sys=0.00, real=0.06 secs] 
2016-09-25T22:37:55.502-0400: 70.872: [GC (GCLocker Initiated GC) [PSYoungGen: 88064K->55273K(175104K)] 484053K->451263K(699392K), 0.0072423 secs] [Times: user=0.06 sys=0.00, real=0.01 secs] 
2016-09-25T22:37:55.555-0400: 70.925: [GC (GCLocker Initiated GC) [PSYoungGen: 143337K->68742K(175104K)] 542204K->479354K(699392K), 0.0077836 secs] [Times: user=0.09 sys=0.01, real=0.01 secs] 
2016-09-25T22:37:55.624-0400: 70.994: [GC (GCLocker Initiated GC) [PSYoungGen: 156806K->68584K(175104K)] 572887K->496190K(699392K), 0.0070576 secs] [Times: user=0.08 sys=0.00, real=0.00 secs] 
2016-09-25T22:37:55.701-0400: 71.071: [GC (GCLocker Initiated GC) [PSYoungGen: 156648K->45646K(175104K)] 587189K->519991K(699392K), 0.0095311 secs] [Times: user=0.09 sys=0.01, real=0.01 secs] 
2016-09-25T22:37:55.754-0400: 71.124: [GC (GCLocker Initiated GC) [PSYoungGen: 133710K->65928K(175104K)] 608090K->554512K(699392K), 0.0070405 secs] [Times: user=0.11 sys=0.00, real=0.00 secs] 
2016-09-25T22:37:55.761-0400: 71.131: [Full GC (Ergonomics) [PSYoungGen: 65928K->0K(175104K)] [ParOldGen: 488583K->392582K(524288K)] 554512K->392582K(699392K), [Metaspace: 43717K->43717K(1087488K)], 0.0539892 secs] [Times: user=0.41 sys=0.01, real=0.06 secs] 
2016-09-25T22:37:55.852-0400: 71.222: [GC (GCLocker Initiated GC) [PSYoungGen: 88064K->81557K(175104K)] 481144K->474637K(699392K), 0.0184688 secs] [Times: user=0.21 sys=0.00, real=0.02 secs] 
2016-09-25T22:37:55.954-0400: 71.324: [GC (GCLocker Initiated GC) [PSYoungGen: 169621K->58912K(175104K)] 568350K->471189K(699392K), 0.0168423 secs] [Times: user=0.27 sys=0.01, real=0.02 secs] 
2016-09-25T22:37:56.035-0400: 71.405: [GC (GCLocker Initiated GC) [PSYoungGen: 146976K->45477K(175104K)] 566122K->469151K(699392K), 0.0220750 secs] [Times: user=0.26 sys=0.00, real=0.02 secs] 
2016-09-25T22:37:56.104-0400: 71.474: [GC (GCLocker Initiated GC) [PSYoungGen: 133541K->69957K(175104K)] 561410K->509225K(699392K), 0.0133372 secs] [Times: user=0.13 sys=0.00, real=0.01 secs] 
2016-09-25T22:37:56.193-0400: 71.563: [GC (GCLocker Initiated GC) [PSYoungGen: 158021K->68566K(175104K)] 597426K->530192K(699392K), 0.0145594 secs] [Times: user=0.14 sys=0.00, real=0.02 secs] 
2016-09-25T22:37:56.271-0400: 71.641: [GC (GCLocker Initiated GC) [PSYoungGen: 156630K->53747K(175104K)] 626414K->538903K(699392K), 0.0074108 secs] [Times: user=0.06 sys=0.01, real=0.01 secs] 
2016-09-25T22:37:56.323-0400: 71.693: [Full GC (Ergonomics) [PSYoungGen: 141811K->0K(175104K)] [ParOldGen: 490683K->401383K(524288K)] 632494K->401383K(699392K), [Metaspace: 43717K->43717K(1087488K)], 0.1051635 secs] [Times: user=0.61 sys=0.02, real=0.10 secs] 
2016-09-25T22:37:56.486-0400: 71.856: [GC (GCLocker Initiated GC) [PSYoungGen: 88064K->77207K(175104K)] 495204K->484348K(699392K), 0.0076492 secs] [Times: user=0.11 sys=0.00, real=0.00 secs] 
2016-09-25T22:37:56.565-0400: 71.935: [GC (GCLocker Initiated GC) [PSYoungGen: 165271K->64452K(175104K)] 577851K->503825K(699392K), 0.0142733 secs] [Times: user=0.16 sys=0.01, real=0.01 secs] 
2016-09-25T22:37:56.660-0400: 72.030: [GC (GCLocker Initiated GC) [PSYoungGen: 152516K->53585K(175104K)] 594719K->507134K(699392K), 0.0062304 secs] [Times: user=0.08 sys=0.01, real=0.01 secs] 
2016-09-25T22:37:56.715-0400: 72.085: [GC (GCLocker Initiated GC) [PSYoungGen: 141649K->53724K(175104K)] 598082K->530970K(699392K), 0.0071941 secs] [Times: user=0.10 sys=0.01, real=0.01 secs] 
2016-09-25T22:37:56.794-0400: 72.164: [GC (GCLocker Initiated GC) [PSYoungGen: 141788K->72869K(175104K)] 621976K->565889K(699392K), 0.0106837 secs] [Times: user=0.16 sys=0.00, real=0.01 secs] 
2016-09-25T22:37:56.805-0400: 72.175: [Full GC (Ergonomics) [PSYoungGen: 72869K->0K(175104K)] [ParOldGen: 493019K->406466K(524288K)] 565889K->406466K(699392K), [Metaspace: 43717K->43717K(1087488K)], 0.0679483 secs] [Times: user=0.61 sys=0.01, real=0.06 secs] 
2016-09-25T22:37:56.931-0400: 72.301: [GC (GCLocker Initiated GC) [PSYoungGen: 88064K->60945K(175104K)] 504334K->477215K(699392K), 0.0082891 secs] [Times: user=0.09 sys=0.01, real=0.01 secs] 
2016-09-25T22:37:57.026-0400: 72.396: [GC (GCLocker Initiated GC) [PSYoungGen: 149009K->45424K(175104K)] 570774K->475060K(699392K), 0.0134998 secs] [Times: user=0.11 sys=0.00, real=0.01 secs] 
2016-09-25T22:37:57.100-0400: 72.470: [GC (GCLocker Initiated GC) [PSYoungGen: 133488K->59079K(147456K)] 568607K->505552K(671744K), 0.0067718 secs] [Times: user=0.09 sys=0.00, real=0.01 secs] 
2016-09-25T22:37:57.144-0400: 72.514: [GC (GCLocker Initiated GC) [PSYoungGen: 147143K->85377K(173056K)] 595062K->544095K(697344K), 0.0104890 secs] [Times: user=0.13 sys=0.01, real=0.01 secs] 
2016-09-25T22:37:57.214-0400: 72.584: [GC (GCLocker Initiated GC) [PSYoungGen: 172417K->72720K(174080K)] 634037K->562489K(698368K), 0.0112908 secs] [Times: user=0.17 sys=0.00, real=0.02 secs] 
2016-09-25T22:37:57.302-0400: 72.672: [Full GC (Ergonomics) [PSYoungGen: 159760K->0K(174080K)] [ParOldGen: 498095K->403926K(524288K)] 657856K->403926K(698368K), [Metaspace: 43717K->43717K(1087488K)], 0.0538069 secs] [Times: user=0.43 sys=0.00, real=0.06 secs] 
2016-09-25T22:37:57.411-0400: 72.781: [GC (GCLocker Initiated GC) [PSYoungGen: 87040K->66352K(175104K)] 496764K->476077K(699392K), 0.0100514 secs] [Times: user=0.11 sys=0.00, real=0.01 secs] 
2016-09-25T22:37:57.482-0400: 72.852: [GC (GCLocker Initiated GC) [PSYoungGen: 154416K->57848K(175104K)] 568286K->483602K(699392K), 0.0067101 secs] [Times: user=0.11 sys=0.00, real=0.01 secs] 
2016-09-25T22:37:57.547-0400: 72.917: [GC (GCLocker Initiated GC) [PSYoungGen: 145912K->63278K(175104K)] 571761K->500618K(699392K), 0.0075052 secs] [Times: user=0.10 sys=0.01, real=0.01 secs] 
2016-09-25T22:37:57.617-0400: 72.987: [GC (GCLocker Initiated GC) [PSYoungGen: 151342K->78701K(175104K)] 594193K->521552K(699392K), 0.0105058 secs] [Times: user=0.12 sys=0.00, real=0.01 secs] 
2016-09-25T22:37:57.692-0400: 73.062: [GC (GCLocker Initiated GC) [PSYoungGen: 166765K->44405K(175104K)] 624612K->541363K(699392K), 0.0067778 secs] [Times: user=0.10 sys=0.00, real=0.01 secs] 
2016-09-25T22:37:57.699-0400: 73.069: [Full GC (Ergonomics) [PSYoungGen: 44405K->0K(175104K)] [ParOldGen: 496957K->400171K(524288K)] 541363K->400171K(699392K), [Metaspace: 43717K->43717K(1087488K)], 0.2514100 secs] [Times: user=3.48 sys=0.04, real=0.25 secs] 
2016-09-25T22:37:58.030-0400: 73.400: [GC (GCLocker Initiated GC) [PSYoungGen: 88064K->61313K(175104K)] 497775K->471024K(699392K), 0.0064289 secs] [Times: user=0.08 sys=0.01, real=0.01 secs] 
2016-09-25T22:37:58.081-0400: 73.451: [GC (GCLocker Initiated GC) [PSYoungGen: 149377K->75363K(175104K)] 559246K->502841K(699392K), 0.0104429 secs] [Times: user=0.12 sys=0.00, real=0.01 secs] 
2016-09-25T22:37:58.141-0400: 73.511: [GC (GCLocker Initiated GC) [PSYoungGen: 163427K->80860K(175104K)] 591060K->527966K(699392K), 0.0109293 secs] [Times: user=0.15 sys=0.00, real=0.01 secs] 
2016-09-25T22:37:58.206-0400: 73.576: [GC (GCLocker Initiated GC) [PSYoungGen: 168924K->40266K(175104K)] 616153K->524591K(699392K), 0.0167333 secs] [Times: user=0.20 sys=0.01, real=0.02 secs] 
2016-09-25T22:37:58.223-0400: 73.593: [Full GC (Ergonomics) [PSYoungGen: 40266K->0K(175104K)] [ParOldGen: 484324K->405004K(524288K)] 524591K->405004K(699392K), [Metaspace: 43718K->43718K(1087488K)], 0.0761265 secs] [Times: user=0.52 sys=0.00, real=0.07 secs] 
2016-09-25T22:37:58.364-0400: 73.734: [GC (GCLocker Initiated GC) [PSYoungGen: 88064K->46333K(175104K)] 509121K->467391K(699392K), 0.0098568 secs] [Times: user=0.13 sys=0.00, real=0.00 secs] 
2016-09-25T22:37:58.437-0400: 73.807: [GC (GCLocker Initiated GC) [PSYoungGen: 134397K->56403K(175104K)] 558236K->488375K(699392K), 0.0093957 secs] [Times: user=0.12 sys=0.01, real=0.01 secs] 
2016-09-25T22:37:58.487-0400: 73.857: [GC (GCLocker Initiated GC) [PSYoungGen: 144467K->60640K(175104K)] 576608K->525834K(699392K), 0.0094898 secs] [Times: user=0.14 sys=0.00, real=0.01 secs] 
2016-09-25T22:37:58.552-0400: 73.922: [GC (GCLocker Initiated GC) [PSYoungGen: 148704K->66037K(175104K)] 622228K->561872K(699392K), 0.0104976 secs] [Times: user=0.11 sys=0.01, real=0.02 secs] 
2016-09-25T22:37:58.562-0400: 73.932: [Full GC (Ergonomics) [PSYoungGen: 66037K->0K(175104K)] [ParOldGen: 495835K->406960K(524288K)] 561872K->406960K(699392K), [Metaspace: 43718K->43718K(1087488K)], 0.0631372 secs] [Times: user=0.57 sys=0.00, real=0.06 secs] 
2016-09-25T22:37:58.683-0400: 74.053: [GC (GCLocker Initiated GC) [PSYoungGen: 88064K->59706K(147968K)] 497936K->469579K(672256K), 0.0074117 secs] [Times: user=0.08 sys=0.00, real=0.00 secs] 
2016-09-25T22:37:58.756-0400: 74.126: [GC (GCLocker Initiated GC) [PSYoungGen: 147770K->77762K(174080K)] 566003K->495994K(698368K), 0.0106924 secs] [Times: user=0.09 sys=0.01, real=0.01 secs] 
2016-09-25T22:37:58.830-0400: 74.200: [GC (GCLocker Initiated GC) [PSYoungGen: 165314K->48272K(174592K)] 586287K->497899K(698880K), 0.0101512 secs] [Times: user=0.14 sys=0.00, real=0.01 secs] 
2016-09-25T22:37:58.894-0400: 74.264: [GC (GCLocker Initiated GC) [PSYoungGen: 135824K->51001K(175104K)] 591015K->517523K(699392K), 0.0112104 secs] [Times: user=0.09 sys=0.01, real=0.02 secs] 
2016-09-25T22:37:58.961-0400: 74.331: [GC (GCLocker Initiated GC) [PSYoungGen: 139065K->53832K(175104K)] 605615K->548065K(699392K), 0.0069492 secs] [Times: user=0.08 sys=0.00, real=0.01 secs] 
2016-09-25T22:37:58.968-0400: 74.338: [Full GC (Ergonomics) [PSYoungGen: 53832K->0K(175104K)] [ParOldGen: 494233K->403853K(524288K)] 548065K->403853K(699392K), [Metaspace: 43718K->43718K(1087488K)], 0.0647779 secs] [Times: user=0.64 sys=0.00, real=0.06 secs] 
2016-09-25T22:37:59.083-0400: 74.453: [GC (GCLocker Initiated GC) [PSYoungGen: 88064K->77421K(175104K)] 491965K->481322K(699392K), 0.0103457 secs] [Times: user=0.14 sys=0.00, real=0.00 secs] 
2016-09-25T22:37:59.155-0400: 74.525: [GC (GCLocker Initiated GC) [PSYoungGen: 165485K->64471K(175104K)] 569447K->498180K(699392K), 0.0070719 secs] [Times: user=0.10 sys=0.00, real=0.00 secs] 
2016-09-25T22:37:59.216-0400: 74.586: [GC (GCLocker Initiated GC) [PSYoungGen: 152535K->61929K(174080K)] 591691K->525902K(698368K), 0.0125551 secs] [Times: user=0.13 sys=0.00, real=0.01 secs] 
2016-09-25T22:37:59.289-0400: 74.659: [GC (GCLocker Initiated GC) [PSYoungGen: 149993K->62471K(151040K)] 620926K->533404K(675328K), 0.0144117 secs] [Times: user=0.18 sys=0.00, real=0.02 secs] 
2016-09-25T22:37:59.362-0400: 74.732: [Full GC (Ergonomics) [PSYoungGen: 150535K->0K(151040K)] [ParOldGen: 476518K->408961K(524288K)] 627054K->408961K(675328K), [Metaspace: 43718K->43718K(1087488K)], 0.0767911 secs] [Times: user=0.39 sys=0.03, real=0.07 secs] 
2016-09-25T22:37:59.501-0400: 74.871: [GC (GCLocker Initiated GC) [PSYoungGen: 88064K->64855K(175616K)] 499765K->476556K(699904K), 0.0107505 secs] [Times: user=0.10 sys=0.01, real=0.01 secs] 
2016-09-25T22:37:59.566-0400: 74.936: [GC (GCLocker Initiated GC) [PSYoungGen: 155991K->65429K(174080K)] 570455K->479893K(698368K), 0.0069291 secs] [Times: user=0.07 sys=0.00, real=0.00 secs] 
2016-09-25T22:37:59.635-0400: 75.005: [GC (GCLocker Initiated GC) [PSYoungGen: 156565K->76833K(173568K)] 573757K->494025K(697856K), 0.0139995 secs] [Times: user=0.14 sys=0.01, real=0.01 secs] 
2016-09-25T22:37:59.714-0400: 75.084: [GC (GCLocker Initiated GC) [PSYoungGen: 167969K->85343K(176640K)] 585291K->502666K(700928K), 0.0082329 secs] [Times: user=0.08 sys=0.01, real=0.01 secs] 
2016-09-25T22:37:59.782-0400: 75.152: [GC (GCLocker Initiated GC) [PSYoungGen: 176479K->73414K(173568K)] 596722K->493656K(697856K), 0.0099113 secs] [Times: user=0.08 sys=0.00, real=0.00 secs] 
2016-09-25T22:37:59.848-0400: 75.218: [GC (GCLocker Initiated GC) [PSYoungGen: 161478K->64516K(175104K)] 584737K->527131K(699392K), 0.0101287 secs] [Times: user=0.14 sys=0.00, real=0.01 secs] 
2016-09-25T22:37:59.906-0400: 75.276: [GC (GCLocker Initiated GC) [PSYoungGen: 152580K->62564K(175104K)] 617915K->531597K(699392K), 0.0061934 secs] [Times: user=0.09 sys=0.01, real=0.00 secs] 
2016-09-25T22:37:59.953-0400: 75.323: [GC (GCLocker Initiated GC) [PSYoungGen: 150628K->56817K(175104K)] 622458K->551201K(699392K), 0.0126149 secs] [Times: user=0.13 sys=0.00, real=0.02 secs] 
2016-09-25T22:37:59.966-0400: 75.336: [Full GC (Ergonomics) [PSYoungGen: 56817K->0K(175104K)] [ParOldGen: 494383K->412411K(524288K)] 551201K->412411K(699392K), [Metaspace: 43718K->43718K(1087488K)], 0.0768396 secs] [Times: user=0.56 sys=0.02, real=0.08 secs] 
2016-09-25T22:38:00.097-0400: 75.467: [GC (GCLocker Initiated GC) [PSYoungGen: 88064K->86903K(175104K)] 503234K->510174K(699392K), 0.0111450 secs] [Times: user=0.12 sys=0.02, real=0.01 secs] 
2016-09-25T22:38:00.170-0400: 75.540: [GC (GCLocker Initiated GC) [PSYoungGen: 174967K->71287K(175104K)] 603786K->506771K(699392K), 0.0071547 secs] [Times: user=0.10 sys=0.00, real=0.01 secs] 
2016-09-25T22:38:00.238-0400: 75.608: [GC (GCLocker Initiated GC) [PSYoungGen: 159351K->65918K(175104K)] 594926K->539861K(699392K), 0.0086104 secs] [Times: user=0.12 sys=0.01, real=0.01 secs] 
2016-09-25T22:38:00.303-0400: 75.673: [GC (GCLocker Initiated GC) [PSYoungGen: 153982K->51036K(175104K)] 627940K->549940K(699392K), 0.0073957 secs] [Times: user=0.11 sys=0.00, real=0.00 secs] 
2016-09-25T22:38:00.310-0400: 75.680: [Full GC (Ergonomics) [PSYoungGen: 51036K->0K(175104K)] [ParOldGen: 498903K->408794K(524288K)] 549940K->408794K(699392K), [Metaspace: 43718K->43718K(1087488K)], 0.0534080 secs] [Times: user=0.52 sys=0.01, real=0.06 secs] 
2016-09-25T22:38:00.415-0400: 75.785: [GC (GCLocker Initiated GC) [PSYoungGen: 88064K->86869K(175104K)] 496985K->501190K(699392K), 0.0079704 secs] [Times: user=0.12 sys=0.01, real=0.01 secs] 
2016-09-25T22:38:00.482-0400: 75.852: [GC (GCLocker Initiated GC) [PSYoungGen: 174933K->54958K(175104K)] 595268K->503648K(699392K), 0.0105160 secs] [Times: user=0.15 sys=0.00, real=0.01 secs] 
2016-09-25T22:38:00.541-0400: 75.911: [GC (GCLocker Initiated GC) [PSYoungGen: 143022K->69744K(175104K)] 593208K->523188K(699392K), 0.0071861 secs] [Times: user=0.10 sys=0.00, real=0.01 secs] 
2016-09-25T22:38:00.590-0400: 75.960: [GC (GCLocker Initiated GC) [PSYoungGen: 157808K->54988K(175104K)] 622215K->537431K(699392K), 0.0064950 secs] [Times: user=0.09 sys=0.00, real=0.01 secs] 
2016-09-25T22:38:00.596-0400: 75.967: [Full GC (Ergonomics) [PSYoungGen: 54988K->0K(175104K)] [ParOldGen: 482442K->415939K(524288K)] 537431K->415939K(699392K), [Metaspace: 43718K->43718K(1087488K)], 0.0549242 secs] [Times: user=0.51 sys=0.00, real=0.05 secs] 
2016-09-25T22:38:00.712-0400: 76.082: [GC (Allocation Failure) [PSYoungGen: 88064K->59455K(175104K)] 519068K->490459K(699392K), 0.0105404 secs] [Times: user=0.11 sys=0.01, real=0.02 secs] 
2016-09-25T22:38:00.797-0400: 76.167: [GC (GCLocker Initiated GC) [PSYoungGen: 147519K->69840K(175104K)] 581235K->505958K(699392K), 0.0104159 secs] [Times: user=0.16 sys=0.01, real=0.01 secs] 
2016-09-25T22:38:00.860-0400: 76.230: [GC (GCLocker Initiated GC) [PSYoungGen: 157904K->73761K(175104K)] 596819K->518586K(699392K), 0.0071996 secs] [Times: user=0.09 sys=0.00, real=0.01 secs] 
2016-09-25T22:38:00.918-0400: 76.289: [GC (GCLocker Initiated GC) [PSYoungGen: 161825K->44064K(175104K)] 606656K->512255K(699392K), 0.0100442 secs] [Times: user=0.14 sys=0.00, real=0.01 secs] 
2016-09-25T22:38:00.994-0400: 76.364: [GC (GCLocker Initiated GC) [PSYoungGen: 132128K->57754K(175104K)] 600407K->526481K(699392K), 0.0099607 secs] [Times: user=0.14 sys=0.00, real=0.01 secs] 
2016-09-25T22:38:01.061-0400: 76.431: [GC (GCLocker Initiated GC) [PSYoungGen: 145818K->80642K(175104K)] 614617K->551429K(699392K), 0.0070888 secs] [Times: user=0.09 sys=0.01, real=0.01 secs] 
2016-09-25T22:38:01.114-0400: 76.484: [GC (GCLocker Initiated GC) [PSYoungGen: 168706K->48179K(175104K)] 649027K->554670K(699392K), 0.0134660 secs] [Times: user=0.14 sys=0.01, real=0.01 secs] 
2016-09-25T22:38:01.128-0400: 76.498: [Full GC (Ergonomics) [PSYoungGen: 48179K->0K(175104K)] [ParOldGen: 506491K->421346K(524288K)] 554670K->421346K(699392K), [Metaspace: 43718K->43718K(1087488K)], 0.1272202 secs] [Times: user=0.69 sys=0.05, real=0.13 secs] 
2016-09-25T22:38:01.303-0400: 76.673: [GC (GCLocker Initiated GC) [PSYoungGen: 88064K->52775K(175104K)] 510927K->475638K(699392K), 0.0128961 secs] [Times: user=0.09 sys=0.01, real=0.01 secs] 
2016-09-25T22:38:01.389-0400: 76.759: [GC (GCLocker Initiated GC) [PSYoungGen: 140839K->50943K(175104K)] 563821K->485848K(699392K), 0.0096493 secs] [Times: user=0.12 sys=0.00, real=0.01 secs] 
2016-09-25T22:38:01.452-0400: 76.822: [GC (GCLocker Initiated GC) [PSYoungGen: 139007K->61935K(175104K)] 574045K->532619K(699392K), 0.0076673 secs] [Times: user=0.11 sys=0.00, real=0.01 secs] 
2016-09-25T22:38:01.507-0400: 76.877: [Full GC (Ergonomics) [PSYoungGen: 149999K->0K(175104K)] [ParOldGen: 482861K->425547K(524288K)] 632861K->425547K(699392K), [Metaspace: 43718K->43718K(1087488K)], 0.0932012 secs] [Times: user=0.74 sys=0.00, real=0.09 secs] 
2016-09-25T22:38:01.660-0400: 77.030: [GC (GCLocker Initiated GC) [PSYoungGen: 88064K->75563K(175104K)] 516346K->503846K(699392K), 0.0096790 secs] [Times: user=0.13 sys=0.00, real=0.01 secs] 
2016-09-25T22:38:01.715-0400: 77.085: [GC (GCLocker Initiated GC) [PSYoungGen: 163627K->49628K(175104K)] 597370K->517957K(699392K), 0.0194183 secs] [Times: user=0.24 sys=0.00, real=0.02 secs] 
2016-09-25T22:38:01.798-0400: 77.168: [GC (GCLocker Initiated GC) [PSYoungGen: 137692K->45547K(175104K)] 606055K->537384K(699392K), 0.0130192 secs] [Times: user=0.10 sys=0.01, real=0.01 secs] 
2016-09-25T22:38:01.811-0400: 77.181: [Full GC (Ergonomics) [PSYoungGen: 45547K->0K(175104K)] [ParOldGen: 491836K->421240K(524288K)] 537384K->421240K(699392K), [Metaspace: 43718K->43718K(1087488K)], 0.0617799 secs] [Times: user=0.42 sys=0.00, real=0.06 secs] 
2016-09-25T22:38:01.923-0400: 77.293: [GC (GCLocker Initiated GC) [PSYoungGen: 88064K->79938K(175104K)] 514859K->506734K(699392K), 0.0083467 secs] [Times: user=0.12 sys=0.00, real=0.00 secs] 
2016-09-25T22:38:02.008-0400: 77.378: [GC (GCLocker Initiated GC) [PSYoungGen: 168002K->69911K(175104K)] 600315K->518255K(699392K), 0.0119513 secs] [Times: user=0.15 sys=0.00, real=0.01 secs] 
2016-09-25T22:38:02.079-0400: 77.449: [GC (GCLocker Initiated GC) [PSYoungGen: 157975K->49374K(175104K)] 606711K->513461K(699392K), 0.0085272 secs] [Times: user=0.06 sys=0.00, real=0.01 secs] 
2016-09-25T22:38:02.126-0400: 77.496: [GC (GCLocker Initiated GC) [PSYoungGen: 137438K->73863K(175104K)] 601632K->547997K(699392K), 0.0077400 secs] [Times: user=0.11 sys=0.01, real=0.00 secs] 
2016-09-25T22:38:02.195-0400: 77.565: [GC (GCLocker Initiated GC) [PSYoungGen: 161927K->79523K(175104K)] 644249K->567720K(699392K), 0.0132887 secs] [Times: user=0.10 sys=0.02, real=0.01 secs] 
2016-09-25T22:38:02.209-0400: 77.579: [Full GC (Ergonomics) [PSYoungGen: 79523K->0K(175104K)] [ParOldGen: 488196K->431389K(524288K)] 567720K->431389K(699392K), [Metaspace: 43718K->43718K(1087488K)], 0.0838588 secs] [Times: user=0.71 sys=0.09, real=0.08 secs] 
2016-09-25T22:38:02.358-0400: 77.728: [GC (GCLocker Initiated GC) [PSYoungGen: 88064K->78396K(175104K)] 525073K->515406K(699392K), 0.0073364 secs] [Times: user=0.11 sys=0.00, real=0.01 secs] 
2016-09-25T22:38:02.417-0400: 77.787: [GC (GCLocker Initiated GC) [PSYoungGen: 166460K->58983K(175104K)] 606244K->518681K(699392K), 0.0104165 secs] [Times: user=0.15 sys=0.00, real=0.01 secs] 
2016-09-25T22:38:02.481-0400: 77.851: [GC (GCLocker Initiated GC) [PSYoungGen: 147047K->56540K(175104K)] 606790K->524835K(699392K), 0.0078322 secs] [Times: user=0.06 sys=0.01, real=0.01 secs] 
2016-09-25T22:38:02.528-0400: 77.898: [GC (GCLocker Initiated GC) [PSYoungGen: 144604K->68849K(175104K)] 615703K->552968K(699392K), 0.0086884 secs] [Times: user=0.09 sys=0.00, real=0.01 secs] 
2016-09-25T22:38:02.584-0400: 77.954: [GC (Allocation Failure) [PSYoungGen: 156913K->58019K(175104K)] 643790K->560623K(699392K), 0.0076853 secs] [Times: user=0.10 sys=0.00, real=0.00 secs] 
2016-09-25T22:38:02.591-0400: 77.961: [Full GC (Ergonomics) [PSYoungGen: 58019K->0K(175104K)] [ParOldGen: 502603K->430021K(524288K)] 560623K->430021K(699392K), [Metaspace: 43756K->43756K(1087488K)], 0.0562425 secs] [Times: user=0.50 sys=0.00, real=0.06 secs] 
2016-09-25T22:38:02.693-0400: 78.063: [GC (GCLocker Initiated GC) [PSYoungGen: 88064K->73285K(175104K)] 518098K->503319K(699392K), 0.0079158 secs] [Times: user=0.11 sys=0.00, real=0.01 secs] 
2016-09-25T22:38:02.754-0400: 78.124: [GC (GCLocker Initiated GC) [PSYoungGen: 161349K->39118K(175104K)] 594143K->490705K(699392K), 0.0184247 secs] [Times: user=0.27 sys=0.00, real=0.02 secs] 
2016-09-25T22:38:02.811-0400: 78.181: [GC (GCLocker Initiated GC) [PSYoungGen: 127182K->44326K(175104K)] 578794K->522538K(699392K), 0.0106098 secs] [Times: user=0.15 sys=0.00, real=0.01 secs] 
2016-09-25T22:38:02.860-0400: 78.230: [Full GC (Ergonomics) [PSYoungGen: 132390K->0K(175104K)] [ParOldGen: 486382K->430935K(524288K)] 618772K->430935K(699392K), [Metaspace: 43762K->43762K(1087488K)], 0.0507399 secs] [Times: user=0.36 sys=0.00, real=0.05 secs] 
2016-09-25T22:38:02.972-0400: 78.342: [GC (GCLocker Initiated GC) [PSYoungGen: 88064K->67981K(175104K)] 521741K->501658K(699392K), 0.0064705 secs] [Times: user=0.10 sys=0.00, real=0.01 secs] 
2016-09-25T22:38:03.017-0400: 78.387: [GC (GCLocker Initiated GC) [PSYoungGen: 156045K->68725K(175104K)] 589785K->524026K(699392K), 0.0068734 secs] [Times: user=0.10 sys=0.00, real=0.01 secs] 
2016-09-25T22:38:03.068-0400: 78.438: [GC (GCLocker Initiated GC) [PSYoungGen: 156789K->71523K(175104K)] 617511K->551890K(699392K), 0.0083677 secs] [Times: user=0.12 sys=0.00, real=0.01 secs] 
2016-09-25T22:38:03.124-0400: 78.495: [GC (GCLocker Initiated GC) [PSYoungGen: 159587K->70044K(175104K)] 639978K->556690K(699392K), 0.0072469 secs] [Times: user=0.10 sys=0.00, real=0.00 secs] 
2016-09-25T22:38:03.182-0400: 78.552: [Full GC (Ergonomics) [PSYoungGen: 158108K->0K(175104K)] [ParOldGen: 489528K->434167K(524288K)] 647636K->434167K(699392K), [Metaspace: 43781K->43781K(1087488K)], 0.0563381 secs] [Times: user=0.50 sys=0.00, real=0.06 secs] 
2016-09-25T22:38:03.280-0400: 78.650: [GC (GCLocker Initiated GC) [PSYoungGen: 88064K->61460K(175104K)] 530485K->503882K(699392K), 0.0104953 secs] [Times: user=0.16 sys=0.00, real=0.01 secs] 
2016-09-25T22:38:03.341-0400: 78.711: [GC (GCLocker Initiated GC) [PSYoungGen: 149524K->55098K(175104K)] 594903K->506098K(699392K), 0.0061639 secs] [Times: user=0.07 sys=0.01, real=0.01 secs] 
2016-09-25T22:38:03.390-0400: 78.761: [GC (GCLocker Initiated GC) [PSYoungGen: 143162K->44332K(175104K)] 602442K->521924K(699392K), 0.0072235 secs] [Times: user=0.10 sys=0.01, real=0.01 secs] 
2016-09-25T22:38:03.441-0400: 78.811: [GC (GCLocker Initiated GC) [PSYoungGen: 132396K->55224K(175104K)] 611547K->553973K(699392K), 0.0060139 secs] [Times: user=0.08 sys=0.01, real=0.01 secs] 
2016-09-25T22:38:03.447-0400: 78.817: [Full GC (Ergonomics) [PSYoungGen: 55224K->0K(175104K)] [ParOldGen: 498749K->431281K(524288K)] 553973K->431281K(699392K), [Metaspace: 43812K->43812K(1087488K)], 0.0533255 secs] [Times: user=0.53 sys=0.00, real=0.05 secs] 
2016-09-25T22:38:03.549-0400: 78.919: [GC (GCLocker Initiated GC) [PSYoungGen: 88064K->50402K(175104K)] 521025K->483364K(699392K), 0.0067023 secs] [Times: user=0.06 sys=0.00, real=0.01 secs] 
2016-09-25T22:38:03.592-0400: 78.962: [GC (GCLocker Initiated GC) [PSYoungGen: 138466K->80785K(175104K)] 571561K->513880K(699392K), 0.0072433 secs] [Times: user=0.10 sys=0.00, real=0.01 secs] 
2016-09-25T22:38:03.641-0400: 79.011: [GC (GCLocker Initiated GC) [PSYoungGen: 168849K->71459K(175104K)] 609134K->534000K(699392K), 0.0080536 secs] [Times: user=0.12 sys=0.00, real=0.01 secs] 
2016-09-25T22:38:03.692-0400: 79.062: [GC (GCLocker Initiated GC) [PSYoungGen: 159523K->55033K(175104K)] 630280K->538743K(699392K), 0.0059373 secs] [Times: user=0.06 sys=0.00, real=0.01 secs] 
2016-09-25T22:38:03.751-0400: 79.121: [Full GC (Ergonomics) [PSYoungGen: 143097K->0K(175104K)] [ParOldGen: 490524K->439786K(524288K)] 633622K->439786K(699392K), [Metaspace: 43813K->43813K(1087488K)], 0.0620585 secs] [Times: user=0.59 sys=0.00, real=0.06 secs] 
2016-09-25T22:38:03.861-0400: 79.231: [GC (GCLocker Initiated GC) [PSYoungGen: 88064K->69206K(175104K)] 530699K->511841K(699392K), 0.0072275 secs] [Times: user=0.10 sys=0.00, real=0.01 secs] 
2016-09-25T22:38:03.907-0400: 79.277: [GC (GCLocker Initiated GC) [PSYoungGen: 157270K->60721K(175104K)] 599932K->523521K(699392K), 0.0100193 secs] [Times: user=0.15 sys=0.00, real=0.01 secs] 
2016-09-25T22:38:03.957-0400: 79.327: [GC (GCLocker Initiated GC) [PSYoungGen: 148785K->82259K(175104K)] 611828K->550177K(699392K), 0.0086038 secs] [Times: user=0.11 sys=0.00, real=0.01 secs] 
2016-09-25T22:38:04.006-0400: 79.376: [GC (GCLocker Initiated GC) [PSYoungGen: 170323K->73043K(175104K)] 643727K->548616K(699392K), 0.0064813 secs] [Times: user=0.08 sys=0.00, real=0.00 secs] 
2016-09-25T22:38:04.059-0400: 79.429: [GC (Allocation Failure) [PSYoungGen: 161107K->58033K(175104K)] 639418K->549499K(699392K), 0.0120242 secs] [Times: user=0.15 sys=0.00, real=0.01 secs] 
2016-09-25T22:38:04.123-0400: 79.493: [Full GC (Ergonomics) [PSYoungGen: 146097K->0K(175104K)] [ParOldGen: 491697K->440878K(524288K)] 637795K->440878K(699392K), [Metaspace: 43814K->43814K(1087488K)], 0.0588748 secs] [Times: user=0.52 sys=0.00, real=0.05 secs] 
2016-09-25T22:38:04.226-0400: 79.596: [GC (GCLocker Initiated GC) [PSYoungGen: 88064K->67902K(175104K)] 532595K->512434K(699392K), 0.0064410 secs] [Times: user=0.08 sys=0.01, real=0.00 secs] 
2016-09-25T22:38:04.274-0400: 79.644: [GC (GCLocker Initiated GC) [PSYoungGen: 155966K->68869K(175104K)] 603207K->520114K(699392K), 0.0066163 secs] [Times: user=0.10 sys=0.00, real=0.00 secs] 
2016-09-25T22:38:04.321-0400: 79.691: [GC (Allocation Failure) [PSYoungGen: 156933K->85000K(175104K)] 608248K->548043K(699392K), 0.0084273 secs] [Times: user=0.09 sys=0.01, real=0.01 secs] 
2016-09-25T22:38:04.376-0400: 79.746: [GC (GCLocker Initiated GC) [PSYoungGen: 173064K->60661K(175104K)] 636121K->546054K(699392K), 0.0149951 secs] [Times: user=0.18 sys=0.00, real=0.01 secs] 
2016-09-25T22:38:04.438-0400: 79.808: [Full GC (Ergonomics) [PSYoungGen: 148725K->0K(175104K)] [ParOldGen: 493559K->446689K(524288K)] 642285K->446689K(699392K), [Metaspace: 43814K->43814K(1087488K)], 0.0586001 secs] [Times: user=0.53 sys=0.00, real=0.06 secs] 
2016-09-25T22:38:04.542-0400: 79.912: [GC (GCLocker Initiated GC) [PSYoungGen: 88064K->67934K(175104K)] 541626K->521497K(699392K), 0.0062293 secs] [Times: user=0.10 sys=0.00, real=0.01 secs] 
2016-09-25T22:38:04.598-0400: 79.968: [GC (GCLocker Initiated GC) [PSYoungGen: 155998K->37912K(175104K)] 615043K->502271K(699392K), 0.0093201 secs] [Times: user=0.12 sys=0.01, real=0.01 secs] 
2016-09-25T22:38:04.660-0400: 80.030: [GC (GCLocker Initiated GC) [PSYoungGen: 125976K->56793K(175104K)] 603909K->550535K(699392K), 0.0071710 secs] [Times: user=0.09 sys=0.00, real=0.01 secs] 
2016-09-25T22:38:04.668-0400: 80.038: [Full GC (Ergonomics) [PSYoungGen: 56793K->0K(175104K)] [ParOldGen: 493741K->446060K(524288K)] 550535K->446060K(699392K), [Metaspace: 43814K->43814K(1087488K)], 0.0512936 secs] [Times: user=0.47 sys=0.00, real=0.05 secs] 
2016-09-25T22:38:04.768-0400: 80.139: [GC (GCLocker Initiated GC) [PSYoungGen: 88064K->54239K(175104K)] 539556K->505732K(699392K), 0.0064910 secs] [Times: user=0.09 sys=0.00, real=0.01 secs] 
2016-09-25T22:38:04.834-0400: 80.204: [GC (GCLocker Initiated GC) [PSYoungGen: 142303K->54191K(175104K)] 607396K->539397K(699392K), 0.0086604 secs] [Times: user=0.11 sys=0.01, real=0.02 secs] 
2016-09-25T22:38:04.893-0400: 80.263: [GC (GCLocker Initiated GC) [PSYoungGen: 142255K->63336K(175104K)] 627550K->565893K(699392K), 0.0080335 secs] [Times: user=0.12 sys=0.00, real=0.01 secs] 
2016-09-25T22:38:04.902-0400: 80.272: [Full GC (Ergonomics) [PSYoungGen: 63336K->0K(175104K)] [ParOldGen: 502556K->448180K(524288K)] 565893K->448180K(699392K), [Metaspace: 43827K->43827K(1087488K)], 0.0562958 secs] [Times: user=0.57 sys=0.00, real=0.06 secs] 
2016-09-25T22:38:04.999-0400: 80.369: [GC (GCLocker Initiated GC) [PSYoungGen: 88064K->84237K(175104K)] 539003K->535177K(699392K), 0.0074037 secs] [Times: user=0.10 sys=0.00, real=0.01 secs] 
2016-09-25T22:38:05.053-0400: 80.423: [GC (GCLocker Initiated GC) [PSYoungGen: 172301K->52647K(175104K)] 623872K->523179K(699392K), 0.0068079 secs] [Times: user=0.09 sys=0.01, real=0.01 secs] 
2016-09-25T22:38:05.098-0400: 80.468: [GC (GCLocker Initiated GC) [PSYoungGen: 140711K->67682K(175104K)] 611325K->541879K(699392K), 0.0169782 secs] [Times: user=0.23 sys=0.01, real=0.02 secs] 
2016-09-25T22:38:05.159-0400: 80.529: [GC (GCLocker Initiated GC) [PSYoungGen: 155746K->48486K(175104K)] 632893K->553544K(699392K), 0.0070339 secs] [Times: user=0.10 sys=0.01, real=0.01 secs] 
2016-09-25T22:38:05.167-0400: 80.537: [Full GC (Ergonomics) [PSYoungGen: 48486K->0K(175104K)] [ParOldGen: 505057K->440010K(524288K)] 553544K->440010K(699392K), [Metaspace: 43827K->43827K(1087488K)], 0.1129946 secs] [Times: user=1.53 sys=0.00, real=0.11 secs] 
2016-09-25T22:38:05.325-0400: 80.695: [GC (GCLocker Initiated GC) [PSYoungGen: 88064K->77520K(175104K)] 533511K->522968K(699392K), 0.0067852 secs] [Times: user=0.10 sys=0.00, real=0.00 secs] 
2016-09-25T22:38:05.383-0400: 80.753: [GC (GCLocker Initiated GC) [PSYoungGen: 165584K->67497K(175104K)] 620579K->533390K(699392K), 0.0073561 secs] [Times: user=0.10 sys=0.00, real=0.00 secs] 
2016-09-25T22:38:05.441-0400: 80.811: [GC (GCLocker Initiated GC) [PSYoungGen: 155561K->59536K(175104K)] 639231K->573829K(699392K), 0.0068614 secs] [Times: user=0.09 sys=0.00, real=0.01 secs] 
2016-09-25T22:38:05.448-0400: 80.818: [Full GC (Ergonomics) [PSYoungGen: 59536K->0K(175104K)] [ParOldGen: 514293K->465188K(524288K)] 573829K->465188K(699392K), [Metaspace: 43827K->43827K(1087488K)], 0.0502380 secs] [Times: user=0.45 sys=0.00, real=0.05 secs] 
2016-09-25T22:38:05.553-0400: 80.923: [GC (GCLocker Initiated GC) [PSYoungGen: 88064K->75947K(175104K)] 557370K->545253K(699392K), 0.0072909 secs] [Times: user=0.12 sys=0.00, real=0.01 secs] 
2016-09-25T22:38:05.618-0400: 80.988: [GC (GCLocker Initiated GC) [PSYoungGen: 164011K->43311K(175104K)] 636069K->543655K(699392K), 0.0071356 secs] [Times: user=0.08 sys=0.00, real=0.01 secs] 
2016-09-25T22:38:05.625-0400: 80.995: [Full GC (Ergonomics) [PSYoungGen: 43311K->0K(175104K)] [ParOldGen: 500343K->447710K(524288K)] 543655K->447710K(699392K), [Metaspace: 43827K->43827K(1087488K)], 0.0655924 secs] [Times: user=0.50 sys=0.01, real=0.06 secs] 
2016-09-25T22:38:05.731-0400: 81.101: [GC (GCLocker Initiated GC) [PSYoungGen: 88064K->65447K(175104K)] 539871K->517254K(699392K), 0.0214498 secs] [Times: user=0.32 sys=0.01, real=0.02 secs] 
2016-09-25T22:38:05.801-0400: 81.171: [GC (GCLocker Initiated GC) [PSYoungGen: 153511K->68900K(175104K)] 608143K->526511K(699392K), 0.0123264 secs] [Times: user=0.17 sys=0.02, real=0.01 secs] 
2016-09-25T22:38:05.864-0400: 81.234: [GC (GCLocker Initiated GC) [PSYoungGen: 156964K->56804K(175104K)] 621411K->535695K(699392K), 0.0065521 secs] [Times: user=0.09 sys=0.00, real=0.00 secs] 
2016-09-25T22:38:05.926-0400: 81.296: [Full GC (Ergonomics) [PSYoungGen: 144868K->0K(175104K)] [ParOldGen: 489879K->461741K(524288K)] 634748K->461741K(699392K), [Metaspace: 43827K->43827K(1087488K)], 0.0616077 secs] [Times: user=0.64 sys=0.01, real=0.06 secs] 
2016-09-25T22:38:06.042-0400: 81.412: [GC (GCLocker Initiated GC) [PSYoungGen: 88064K->74831K(175104K)] 549903K->536670K(699392K), 0.0069741 secs] [Times: user=0.09 sys=0.00, real=0.01 secs] 
2016-09-25T22:38:06.091-0400: 81.461: [GC (GCLocker Initiated GC) [PSYoungGen: 162895K->62141K(175104K)] 627472K->553903K(699392K), 0.0067491 secs] [Times: user=0.10 sys=0.01, real=0.01 secs] 
2016-09-25T22:38:06.098-0400: 81.468: [Full GC (Ergonomics) [PSYoungGen: 62141K->0K(175104K)] [ParOldGen: 491762K->460486K(524288K)] 553903K->460486K(699392K), [Metaspace: 43827K->43827K(1087488K)], 0.0504580 secs] [Times: user=0.45 sys=0.00, real=0.05 secs] 
2016-09-25T22:38:06.192-0400: 81.562: [GC (GCLocker Initiated GC) [PSYoungGen: 88064K->68245K(175104K)] 550034K->530216K(699392K), 0.0063868 secs] [Times: user=0.07 sys=0.00, real=0.01 secs] 
2016-09-25T22:38:06.246-0400: 81.616: [GC (GCLocker Initiated GC) [PSYoungGen: 156309K->47291K(175104K)] 623847K->526014K(699392K), 0.0128300 secs] [Times: user=0.16 sys=0.00, real=0.01 secs] 
2016-09-25T22:38:06.310-0400: 81.680: [GC (GCLocker Initiated GC) [PSYoungGen: 135355K->63692K(152064K)] 619530K->562215K(676352K), 0.0067572 secs] [Times: user=0.10 sys=0.00, real=0.01 secs] 
2016-09-25T22:38:06.317-0400: 81.687: [Full GC (Ergonomics) [PSYoungGen: 63692K->0K(152064K)] [ParOldGen: 498523K->465522K(524288K)] 562215K->465522K(676352K), [Metaspace: 43827K->43827K(1087488K)], 0.0568924 secs] [Times: user=0.60 sys=0.00, real=0.05 secs] 
2016-09-25T22:38:06.427-0400: 81.797: [GC (GCLocker Initiated GC) [PSYoungGen: 88064K->41398K(173056K)] 563065K->516399K(697344K), 0.0070728 secs] [Times: user=0.07 sys=0.00, real=0.00 secs] 
2016-09-25T22:38:06.481-0400: 81.851: [GC (GCLocker Initiated GC) [PSYoungGen: 128438K->60794K(174080K)] 611592K->547013K(698368K), 0.0139858 secs] [Times: user=0.15 sys=0.00, real=0.02 secs] 
2016-09-25T22:38:06.540-0400: 81.910: [GC (GCLocker Initiated GC) [PSYoungGen: 147834K->69641K(173056K)] 637289K->559095K(697344K), 0.0116762 secs] [Times: user=0.16 sys=0.00, real=0.01 secs] 
2016-09-25T22:38:06.598-0400: 81.968: [Full GC (Ergonomics) [PSYoungGen: 157705K->0K(173056K)] [ParOldGen: 494965K->463299K(524288K)] 652670K->463299K(697344K), [Metaspace: 43831K->43831K(1087488K)], 0.0529092 secs] [Times: user=0.53 sys=0.00, real=0.05 secs] 
2016-09-25T22:38:06.696-0400: 82.066: [GC (GCLocker Initiated GC) [PSYoungGen: 88064K->72366K(174080K)] 557067K->541370K(698368K), 0.0063260 secs] [Times: user=0.08 sys=0.01, real=0.01 secs] 
2016-09-25T22:38:06.764-0400: 82.134: [GC (GCLocker Initiated GC) [PSYoungGen: 160430K->55778K(175104K)] 640402K->535750K(699392K), 0.0063964 secs] [Times: user=0.06 sys=0.00, real=0.00 secs] 
2016-09-25T22:38:06.820-0400: 82.190: [GC (GCLocker Initiated GC) [PSYoungGen: 144866K->60844K(150016K)] 631664K->547642K(674304K), 0.0069153 secs] [Times: user=0.09 sys=0.01, real=0.01 secs] 
2016-09-25T22:38:06.878-0400: 82.248: [Full GC (Ergonomics) [PSYoungGen: 149932K->0K(150016K)] [ParOldGen: 503204K->466592K(524288K)] 653136K->466592K(674304K), [Metaspace: 43831K->43831K(1087488K)], 0.0563162 secs] [Times: user=0.38 sys=0.01, real=0.06 secs] 
2016-09-25T22:38:06.989-0400: 82.359: [GC (GCLocker Initiated GC) [PSYoungGen: 89088K->50618K(174592K)] 566527K->528057K(698880K), 0.0055277 secs] [Times: user=0.08 sys=0.00, real=0.01 secs] 
2016-09-25T22:38:07.041-0400: 82.411: [GC (GCLocker Initiated GC) [PSYoungGen: 141242K->66289K(174080K)] 618783K->543838K(698368K), 0.0063462 secs] [Times: user=0.10 sys=0.00, real=0.01 secs] 
2016-09-25T22:38:07.097-0400: 82.467: [GC (GCLocker Initiated GC) [PSYoungGen: 156913K->83258K(171520K)] 640048K->574493K(695808K), 0.0077342 secs] [Times: user=0.11 sys=0.00, real=0.01 secs] 
2016-09-25T22:38:07.152-0400: 82.522: [GC (GCLocker Initiated GC) [PSYoungGen: 171322K->73461K(175104K)] 665282K->567421K(699392K), 0.0095817 secs] [Times: user=0.12 sys=0.00, real=0.01 secs] 
2016-09-25T22:38:07.212-0400: 82.582: [Full GC (Ergonomics) [PSYoungGen: 161525K->0K(175104K)] [ParOldGen: 499553K->473717K(524288K)] 661078K->473717K(699392K), [Metaspace: 43831K->43831K(1087488K)], 0.0587972 secs] [Times: user=0.47 sys=0.00, real=0.06 secs] 
2016-09-25T22:38:07.333-0400: 82.703: [GC (GCLocker Initiated GC) [PSYoungGen: 88064K->35459K(175104K)] 575870K->523265K(699392K), 0.0068266 secs] [Times: user=0.06 sys=0.01, real=0.01 secs] 
2016-09-25T22:38:07.391-0400: 82.761: [GC (GCLocker Initiated GC) [PSYoungGen: 123523K->33322K(175104K)] 619743K->529542K(699392K), 0.0079564 secs] [Times: user=0.07 sys=0.00, real=0.01 secs] 
2016-09-25T22:38:07.447-0400: 82.817: [GC (GCLocker Initiated GC) [PSYoungGen: 121386K->73509K(175104K)] 617831K->574059K(699392K), 0.0079606 secs] [Times: user=0.11 sys=0.00, real=0.01 secs] 
2016-09-25T22:38:07.495-0400: 82.865: [GC (GCLocker Initiated GC) [PSYoungGen: 161573K->79818K(175104K)] 662217K->590017K(699392K), 0.0082730 secs] [Times: user=0.13 sys=0.00, real=0.01 secs] 
2016-09-25T22:38:07.504-0400: 82.874: [Full GC (Ergonomics) [PSYoungGen: 79818K->0K(175104K)] [ParOldGen: 510198K->479866K(524288K)] 590017K->479866K(699392K), [Metaspace: 43835K->43835K(1087488K)], 0.0554628 secs] [Times: user=0.50 sys=0.00, real=0.05 secs] 
2016-09-25T22:38:07.609-0400: 82.979: [GC (GCLocker Initiated GC) [PSYoungGen: 88064K->62651K(175104K)] 567993K->542588K(699392K), 0.0085250 secs] [Times: user=0.07 sys=0.00, real=0.01 secs] 
2016-09-25T22:38:07.683-0400: 83.053: [GC (Allocation Failure) [PSYoungGen: 150715K->36616K(175104K)] 631722K->531165K(699392K), 0.0087823 secs] [Times: user=0.09 sys=0.00, real=0.00 secs] 
2016-09-25T22:38:07.739-0400: 83.109: [GC (GCLocker Initiated GC) [PSYoungGen: 124680K->53810K(175104K)] 619238K->553662K(699392K), 0.0071927 secs] [Times: user=0.07 sys=0.00, real=0.01 secs] 
2016-09-25T22:38:07.786-0400: 83.156: [GC (GCLocker Initiated GC) [PSYoungGen: 141874K->77130K(175104K)] 641994K->586118K(699392K), 0.0111618 secs] [Times: user=0.12 sys=0.00, real=0.01 secs] 
2016-09-25T22:38:07.797-0400: 83.167: [Full GC (Ergonomics) [PSYoungGen: 77130K->0K(175104K)] [ParOldGen: 508987K->486194K(524288K)] 586118K->486194K(699392K), [Metaspace: 43873K->43873K(1087488K)], 0.0586047 secs] [Times: user=0.53 sys=0.00, real=0.06 secs] 
2016-09-25T22:38:07.919-0400: 83.289: [GC (GCLocker Initiated GC) [PSYoungGen: 88064K->61525K(175104K)] 582690K->556151K(699392K), 0.0074558 secs] [Times: user=0.11 sys=0.00, real=0.01 secs] 
2016-09-25T22:38:07.986-0400: 83.356: [GC (GCLocker Initiated GC) --[PSYoungGen: 149589K->149589K(175104K)] 653689K->672997K(699392K), 0.0139037 secs] [Times: user=0.14 sys=0.01, real=0.01 secs] 
2016-09-25T22:38:08.000-0400: 83.370: [Full GC (Ergonomics) [PSYoungGen: 149589K->0K(175104K)] [ParOldGen: 523407K->480019K(524288K)] 672997K->480019K(699392K), [Metaspace: 43873K->43873K(1087488K)], 0.0562275 secs] [Times: user=0.56 sys=0.00, real=0.06 secs] 
2016-09-25T22:38:08.110-0400: 83.480: [GC (GCLocker Initiated GC) [PSYoungGen: 88064K->54601K(175104K)] 575308K->541845K(699392K), 0.0053543 secs] [Times: user=0.06 sys=0.00, real=0.01 secs] 
2016-09-25T22:38:08.166-0400: 83.536: [GC (GCLocker Initiated GC) [PSYoungGen: 142665K->58045K(175104K)] 634047K->564439K(699392K), 0.0062530 secs] [Times: user=0.10 sys=0.00, real=0.00 secs] 
2016-09-25T22:38:08.172-0400: 83.542: [Full GC (Ergonomics) [PSYoungGen: 58045K->0K(175104K)] [ParOldGen: 506393K->473569K(524288K)] 564439K->473569K(699392K), [Metaspace: 43873K->43873K(1087488K)], 0.0494232 secs] [Times: user=0.44 sys=0.00, real=0.05 secs] 
2016-09-25T22:38:08.272-0400: 83.642: [GC (GCLocker Initiated GC) [PSYoungGen: 88064K->53424K(175104K)] 567350K->532711K(699392K), 0.0114545 secs] [Times: user=0.11 sys=0.00, real=0.02 secs] 
2016-09-25T22:38:08.329-0400: 83.699: [GC (GCLocker Initiated GC) [PSYoungGen: 141488K->64717K(175104K)] 623793K->559546K(699392K), 0.0065609 secs] [Times: user=0.09 sys=0.00, real=0.01 secs] 
2016-09-25T22:38:08.381-0400: 83.751: [GC (GCLocker Initiated GC) [PSYoungGen: 152781K->76457K(175104K)] 653083K->576759K(699392K), 0.0069807 secs] [Times: user=0.10 sys=0.00, real=0.01 secs] 
2016-09-25T22:38:08.437-0400: 83.807: [GC (GCLocker Initiated GC) [PSYoungGen: 164521K->43097K(175104K)] 664989K->566876K(699392K), 0.0066112 secs] [Times: user=0.05 sys=0.02, real=0.01 secs] 
2016-09-25T22:38:08.444-0400: 83.814: [Full GC (Ergonomics) [PSYoungGen: 43097K->0K(175104K)] [ParOldGen: 523779K->479633K(524288K)] 566876K->479633K(699392K), [Metaspace: 43873K->43873K(1087488K)], 0.0572842 secs] [Times: user=0.55 sys=0.00, real=0.05 secs] 
2016-09-25T22:38:08.539-0400: 83.909: [GC (GCLocker Initiated GC) [PSYoungGen: 88064K->84603K(175104K)] 567746K->569685K(699392K), 0.0077152 secs] [Times: user=0.10 sys=0.00, real=0.01 secs] 
2016-09-25T22:38:08.594-0400: 83.964: [GC (GCLocker Initiated GC) [PSYoungGen: 172667K->71716K(175104K)] 660605K->589722K(699392K), 0.0088783 secs] [Times: user=0.13 sys=0.00, real=0.02 secs] 
2016-09-25T22:38:08.603-0400: 83.973: [Full GC (Ergonomics) [PSYoungGen: 71716K->0K(175104K)] [ParOldGen: 518005K->492197K(524288K)] 589722K->492197K(699392K), [Metaspace: 43873K->43873K(1087488K)], 0.0647747 secs] [Times: user=0.59 sys=0.02, real=0.06 secs] 
2016-09-25T22:38:08.721-0400: 84.091: [Full GC (Ergonomics) [PSYoungGen: 88064K->0K(175104K)] [ParOldGen: 496306K->485002K(524288K)] 584370K->485002K(699392K), [Metaspace: 43873K->43873K(1087488K)], 0.0560156 secs] [Times: user=0.57 sys=0.01, real=0.06 secs] 
2016-09-25T22:38:08.829-0400: 84.199: [GC (GCLocker Initiated GC) [PSYoungGen: 88064K->76424K(175104K)] 580232K->568592K(699392K), 0.0068662 secs] [Times: user=0.10 sys=0.00, real=0.01 secs] 
2016-09-25T22:38:08.886-0400: 84.256: [GC (GCLocker Initiated GC) [PSYoungGen: 164488K->40416K(175104K)] 656708K->557168K(699392K), 0.0062989 secs] [Times: user=0.06 sys=0.01, real=0.00 secs] 
2016-09-25T22:38:08.893-0400: 84.263: [Full GC (Ergonomics) [PSYoungGen: 40416K->0K(175104K)] [ParOldGen: 516752K->483879K(524288K)] 557168K->483879K(699392K), [Metaspace: 43873K->43873K(1087488K)], 0.0554380 secs] [Times: user=0.56 sys=0.00, real=0.06 secs] 
2016-09-25T22:38:08.997-0400: 84.367: [GC (GCLocker Initiated GC) [PSYoungGen: 88064K->62830K(175104K)] 576269K->551035K(699392K), 0.0081725 secs] [Times: user=0.12 sys=0.01, real=0.01 secs] 
2016-09-25T22:38:09.041-0400: 84.411: [Full GC (Ergonomics) [PSYoungGen: 150894K->0K(175104K)] [ParOldGen: 491010K->493812K(524288K)] 641904K->493812K(699392K), [Metaspace: 43873K->43873K(1087488K)], 0.0540816 secs] [Times: user=0.55 sys=0.00, real=0.06 secs] 
2016-09-25T22:38:09.150-0400: 84.520: [Full GC (Ergonomics) [PSYoungGen: 88064K->0K(175104K)] [ParOldGen: 493932K->494629K(524288K)] 581996K->494629K(699392K), [Metaspace: 43873K->43873K(1087488K)], 0.0562744 secs] [Times: user=0.46 sys=0.00, real=0.06 secs] 
2016-09-25T22:38:09.258-0400: 84.628: [Full GC (Ergonomics) [PSYoungGen: 88064K->0K(175104K)] [ParOldGen: 503599K->491662K(524288K)] 591663K->491662K(699392K), [Metaspace: 43873K->43873K(1087488K)], 0.0478852 secs] [Times: user=0.41 sys=0.01, real=0.05 secs] 
2016-09-25T22:38:09.356-0400: 84.726: [Full GC (Ergonomics) [PSYoungGen: 88064K->0K(175104K)] [ParOldGen: 505400K->492917K(524288K)] 593464K->492917K(699392K), [Metaspace: 43873K->43873K(1087488K)], 0.0690079 secs] [Times: user=0.78 sys=0.01, real=0.07 secs] 
2016-09-25T22:38:09.489-0400: 84.859: [Full GC (Ergonomics) [PSYoungGen: 88064K->0K(175104K)] [ParOldGen: 500428K->476122K(524288K)] 588492K->476122K(699392K), [Metaspace: 43873K->43873K(1087488K)], 0.1676960 secs] [Times: user=2.45 sys=0.02, real=0.17 secs] 
2016-09-25T22:38:09.701-0400: 85.071: [GC (GCLocker Initiated GC) [PSYoungGen: 88064K->77740K(175104K)] 566972K->556649K(699392K), 0.0075218 secs] [Times: user=0.12 sys=0.00, real=0.01 secs] 
2016-09-25T22:38:09.760-0400: 85.130: [GC (GCLocker Initiated GC) [PSYoungGen: 165804K->66282K(175104K)] 650286K->564554K(699392K), 0.0070529 secs] [Times: user=0.09 sys=0.00, real=0.01 secs] 
2016-09-25T22:38:09.767-0400: 85.137: [Full GC (Ergonomics) [PSYoungGen: 66282K->0K(175104K)] [ParOldGen: 498271K->487322K(524288K)] 564554K->487322K(699392K), [Metaspace: 43873K->43873K(1087488K)], 0.0563793 secs] [Times: user=0.52 sys=0.00, real=0.06 secs] 
2016-09-25T22:38:09.882-0400: 85.252: [GC (GCLocker Initiated GC) [PSYoungGen: 88064K->66825K(175104K)] 579629K->558391K(699392K), 0.0100278 secs] [Times: user=0.14 sys=0.00, real=0.01 secs] 
2016-09-25T22:38:09.951-0400: 85.321: [Full GC (Ergonomics) [PSYoungGen: 154889K->0K(175104K)] [ParOldGen: 502386K->486325K(524288K)] 657276K->486325K(699392K), [Metaspace: 43873K->43873K(1087488K)], 0.0535100 secs] [Times: user=0.36 sys=0.01, real=0.06 secs] 
2016-09-25T22:38:10.054-0400: 85.424: [GC (GCLocker Initiated GC) [PSYoungGen: 88064K->60267K(175104K)] 577121K->549325K(699392K), 0.0099084 secs] [Times: user=0.13 sys=0.00, real=0.02 secs] 
2016-09-25T22:38:10.109-0400: 85.479: [GC (GCLocker Initiated GC) [PSYoungGen: 148331K->80066K(175104K)] 640140K->576275K(699392K), 0.0086845 secs] [Times: user=0.10 sys=0.01, real=0.01 secs] 
2016-09-25T22:38:10.118-0400: 85.488: [Full GC (Ergonomics) [PSYoungGen: 80066K->0K(175104K)] [ParOldGen: 496209K->493563K(524288K)] 576275K->493563K(699392K), [Metaspace: 43874K->43874K(1087488K)], 0.0573228 secs] [Times: user=0.53 sys=0.00, real=0.06 secs] 
2016-09-25T22:38:10.227-0400: 85.598: [Full GC (Ergonomics) [PSYoungGen: 88064K->0K(175104K)] [ParOldGen: 504981K->494511K(524288K)] 593045K->494511K(699392K), [Metaspace: 43874K->43874K(1087488K)], 0.0558647 secs] [Times: user=0.48 sys=0.00, real=0.06 secs] 
2016-09-25T22:38:10.337-0400: 85.707: [Full GC (Ergonomics) [PSYoungGen: 88064K->0K(175104K)] [ParOldGen: 501318K->489901K(524288K)] 589382K->489901K(699392K), [Metaspace: 43874K->43874K(1087488K)], 0.0606767 secs] [Times: user=0.54 sys=0.02, real=0.06 secs] 
2016-09-25T22:38:10.445-0400: 85.816: [GC (GCLocker Initiated GC) [PSYoungGen: 88064K->55999K(175104K)] 583745K->551681K(699392K), 0.0061892 secs] [Times: user=0.08 sys=0.00, real=0.00 secs] 
2016-09-25T22:38:10.506-0400: 85.876: [Full GC (Ergonomics) [PSYoungGen: 144063K->0K(175104K)] [ParOldGen: 497079K->480813K(524288K)] 641142K->480813K(699392K), [Metaspace: 43874K->43874K(1087488K)], 0.0577792 secs] [Times: user=0.53 sys=0.00, real=0.06 secs] 
2016-09-25T22:38:10.604-0400: 85.974: [GC (GCLocker Initiated GC) [PSYoungGen: 88064K->84314K(175104K)] 568906K->565156K(699392K), 0.0083501 secs] [Times: user=0.13 sys=0.00, real=0.00 secs] 
2016-09-25T22:38:10.646-0400: 86.016: [GC (GCLocker Initiated GC) [PSYoungGen: 172378K->70505K(175104K)] 656176K->566659K(699392K), 0.0093358 secs] [Times: user=0.10 sys=0.01, real=0.01 secs] 
2016-09-25T22:38:10.705-0400: 86.075: [Full GC (Ergonomics) [PSYoungGen: 158569K->0K(175104K)] [ParOldGen: 498896K->499530K(524288K)] 657465K->499530K(699392K), [Metaspace: 43874K->43874K(1087488K)], 0.0558341 secs] [Times: user=0.55 sys=0.00, real=0.05 secs] 
2016-09-25T22:38:10.811-0400: 86.181: [Full GC (Ergonomics) [PSYoungGen: 88064K->0K(175104K)] [ParOldGen: 509196K->500387K(524288K)] 597260K->500387K(699392K), [Metaspace: 43875K->43875K(1087488K)], 0.0519385 secs] [Times: user=0.44 sys=0.01, real=0.06 secs] 
2016-09-25T22:38:10.911-0400: 86.281: [Full GC (Ergonomics) [PSYoungGen: 88064K->0K(175104K)] [ParOldGen: 513350K->494566K(524288K)] 601414K->494566K(699392K), [Metaspace: 43875K->43875K(1087488K)], 0.0541490 secs] [Times: user=0.49 sys=0.00, real=0.06 secs] 
2016-09-25T22:38:11.016-0400: 86.386: [GC (GCLocker Initiated GC) [PSYoungGen: 88064K->74758K(175104K)] 582669K->569363K(699392K), 0.0073886 secs] [Times: user=0.10 sys=0.00, real=0.01 secs] 
2016-09-25T22:38:11.068-0400: 86.438: [GC (GCLocker Initiated GC) [PSYoungGen: 162822K->71524K(175104K)] 657644K->574445K(699392K), 0.0071022 secs] [Times: user=0.09 sys=0.00, real=0.01 secs] 
2016-09-25T22:38:11.075-0400: 86.445: [Full GC (Ergonomics) [PSYoungGen: 71524K->0K(175104K)] [ParOldGen: 502921K->500115K(524288K)] 574445K->500115K(699392K), [Metaspace: 43875K->43875K(1087488K)], 0.0566600 secs] [Times: user=0.54 sys=0.01, real=0.05 secs] 
2016-09-25T22:38:11.175-0400: 86.546: [Full GC (Ergonomics) [PSYoungGen: 88064K->0K(175104K)] [ParOldGen: 502963K->500974K(524288K)] 591027K->500974K(699392K), [Metaspace: 43875K->43875K(1087488K)], 0.0559206 secs] [Times: user=0.46 sys=0.01, real=0.05 secs] 
2016-09-25T22:38:11.285-0400: 86.655: [Full GC (Ergonomics) [PSYoungGen: 88064K->0K(175104K)] [ParOldGen: 509227K->507480K(524288K)] 597291K->507480K(699392K), [Metaspace: 43917K->43917K(1087488K)], 0.0546903 secs] [Times: user=0.58 sys=0.00, real=0.05 secs] 
2016-09-25T22:38:11.394-0400: 86.764: [Full GC (Ergonomics) [PSYoungGen: 88064K->0K(175104K)] [ParOldGen: 510436K->505490K(524288K)] 598500K->505490K(699392K), [Metaspace: 43917K->43917K(1087488K)], 0.0552278 secs] [Times: user=0.53 sys=0.03, real=0.06 secs] 
2016-09-25T22:38:11.505-0400: 86.875: [Full GC (Ergonomics) [PSYoungGen: 88064K->0K(175104K)] [ParOldGen: 511966K->502166K(524288K)] 600030K->502166K(699392K), [Metaspace: 43917K->43917K(1087488K)], 0.0569581 secs] [Times: user=0.56 sys=0.00, real=0.06 secs] 
2016-09-25T22:38:11.621-0400: 86.991: [Full GC (Ergonomics) [PSYoungGen: 88064K->0K(175104K)] [ParOldGen: 505248K->490944K(524288K)] 593312K->490944K(699392K), [Metaspace: 43921K->43921K(1087488K)], 0.0542120 secs] [Times: user=0.48 sys=0.01, real=0.06 secs] 
2016-09-25T22:38:11.722-0400: 87.092: [GC (GCLocker Initiated GC) [PSYoungGen: 88064K->73464K(175104K)] 584495K->569895K(699392K), 0.0073395 secs] [Times: user=0.09 sys=0.00, real=0.01 secs] 
2016-09-25T22:38:11.782-0400: 87.152: [Full GC (Ergonomics) [PSYoungGen: 161528K->0K(175104K)] [ParOldGen: 502729K->502114K(524288K)] 664258K->502114K(699392K), [Metaspace: 43921K->43921K(1087488K)], 0.0588844 secs] [Times: user=0.65 sys=0.01, real=0.06 secs] 
2016-09-25T22:38:11.885-0400: 87.255: [Full GC (Ergonomics) [PSYoungGen: 88064K->0K(175104K)] [ParOldGen: 507567K->506655K(524288K)] 595631K->506655K(699392K), [Metaspace: 43924K->43924K(1087488K)], 0.0552858 secs] [Times: user=0.59 sys=0.01, real=0.05 secs] 
2016-09-25T22:38:11.990-0400: 87.360: [Full GC (Ergonomics) [PSYoungGen: 88064K->0K(175104K)] [ParOldGen: 513430K->502018K(524288K)] 601494K->502018K(699392K), [Metaspace: 43924K->43924K(1087488K)], 0.0562878 secs] [Times: user=0.54 sys=0.02, real=0.06 secs] 
2016-09-25T22:38:12.090-0400: 87.460: [Full GC (Ergonomics) [PSYoungGen: 88064K->0K(175104K)] [ParOldGen: 502106K->510772K(524288K)] 590170K->510772K(699392K), [Metaspace: 43924K->43924K(1087488K)], 0.0572353 secs] [Times: user=0.53 sys=0.02, real=0.06 secs] 
2016-09-25T22:38:12.192-0400: 87.562: [Full GC (Ergonomics) [PSYoungGen: 88064K->0K(175104K)] [ParOldGen: 513722K->511480K(524288K)] 601786K->511480K(699392K), [Metaspace: 43930K->43930K(1087488K)], 0.0568317 secs] [Times: user=0.64 sys=0.01, real=0.06 secs] 
2016-09-25T22:38:12.298-0400: 87.668: [Full GC (Ergonomics) [PSYoungGen: 88064K->0K(175104K)] [ParOldGen: 512847K->499062K(524288K)] 600911K->499062K(699392K), [Metaspace: 43930K->43930K(1087488K)], 0.0866355 secs] [Times: user=1.17 sys=0.02, real=0.09 secs] 
2016-09-25T22:38:12.425-0400: 87.795: [GC (GCLocker Initiated GC) [PSYoungGen: 88064K->74770K(175104K)] 587197K->573904K(699392K), 0.0067760 secs] [Times: user=0.11 sys=0.00, real=0.00 secs] 
2016-09-25T22:38:12.482-0400: 87.852: [Full GC (Ergonomics) [PSYoungGen: 162834K->0K(175104K)] [ParOldGen: 504676K->500495K(524288K)] 667511K->500495K(699392K), [Metaspace: 43933K->43933K(1087488K)], 0.0559296 secs] [Times: user=0.56 sys=0.00, real=0.06 secs] 
2016-09-25T22:38:12.593-0400: 87.963: [GC (GCLocker Initiated GC) [PSYoungGen: 88064K->59951K(175104K)] 588608K->560495K(699392K), 0.0162507 secs] [Times: user=0.23 sys=0.02, real=0.02 secs] 
2016-09-25T22:38:12.646-0400: 88.016: [Full GC (Ergonomics) [PSYoungGen: 148015K->0K(175104K)] [ParOldGen: 503419K->512800K(524288K)] 651435K->512800K(699392K), [Metaspace: 43933K->43933K(1087488K)], 0.0521726 secs] [Times: user=0.54 sys=0.00, real=0.05 secs] 
2016-09-25T22:38:12.750-0400: 88.120: [Full GC (Ergonomics) [PSYoungGen: 88064K->0K(175104K)] [ParOldGen: 515657K->508220K(524288K)] 603721K->508220K(699392K), [Metaspace: 43934K->43934K(1087488K)], 0.0593006 secs] [Times: user=0.64 sys=0.01, real=0.06 secs] 
2016-09-25T22:38:12.854-0400: 88.224: [Full GC (Ergonomics) [PSYoungGen: 88064K->0K(175104K)] [ParOldGen: 513749K->516952K(524288K)] 601813K->516952K(699392K), [Metaspace: 43934K->43934K(1087488K)], 0.0491619 secs] [Times: user=0.39 sys=0.02, real=0.05 secs] 
2016-09-25T22:38:12.956-0400: 88.327: [Full GC (Ergonomics) [PSYoungGen: 88064K->0K(175104K)] [ParOldGen: 519817K->512282K(524288K)] 607881K->512282K(699392K), [Metaspace: 43934K->43934K(1087488K)], 0.0623322 secs] [Times: user=0.66 sys=0.02, real=0.06 secs] 
2016-09-25T22:38:13.069-0400: 88.439: [Full GC (Ergonomics) [PSYoungGen: 88064K->0K(175104K)] [ParOldGen: 515119K->510155K(524288K)] 603183K->510155K(699392K), [Metaspace: 43934K->43934K(1087488K)], 0.0605865 secs] [Times: user=0.63 sys=0.00, real=0.06 secs] 
2016-09-25T22:38:13.186-0400: 88.556: [Full GC (Ergonomics) [PSYoungGen: 88064K->0K(175104K)] [ParOldGen: 512910K->505482K(524288K)] 600974K->505482K(699392K), [Metaspace: 43934K->43934K(1087488K)], 0.0563807 secs] [Times: user=0.52 sys=0.00, real=0.06 secs] 
2016-09-25T22:38:13.294-0400: 88.664: [Full GC (Ergonomics) [PSYoungGen: 88064K->0K(175104K)] [ParOldGen: 505781K->503553K(524288K)] 593845K->503553K(699392K), [Metaspace: 43934K->43934K(1087488K)], 0.0574672 secs] [Times: user=0.54 sys=0.01, real=0.06 secs] 
2016-09-25T22:38:13.393-0400: 88.763: [Full GC (Ergonomics) [PSYoungGen: 88064K->0K(175104K)] [ParOldGen: 503790K->515119K(524288K)] 591854K->515119K(699392K), [Metaspace: 43934K->43934K(1087488K)], 0.0524158 secs] [Times: user=0.45 sys=0.00, real=0.06 secs] 
2016-09-25T22:38:13.514-0400: 88.884: [Full GC (Ergonomics) [PSYoungGen: 86983K->0K(175104K)] [ParOldGen: 521869K->507836K(524288K)] 608852K->507836K(699392K), [Metaspace: 43934K->43934K(1087488K)], 0.0603217 secs] [Times: user=0.43 sys=0.00, real=0.06 secs] 
2016-09-25T22:38:13.621-0400: 88.991: [Full GC (Ergonomics) [PSYoungGen: 88064K->0K(175104K)] [ParOldGen: 510780K->508465K(524288K)] 598844K->508465K(699392K), [Metaspace: 43938K->43938K(1087488K)], 0.0614459 secs] [Times: user=0.53 sys=0.01, real=0.07 secs] 
2016-09-25T22:38:13.731-0400: 89.101: [Full GC (Ergonomics) [PSYoungGen: 88064K->0K(175104K)] [ParOldGen: 511371K->511865K(524288K)] 599435K->511865K(699392K), [Metaspace: 43938K->43938K(1087488K)], 0.0594135 secs] [Times: user=0.64 sys=0.00, real=0.06 secs] 
2016-09-25T22:38:13.837-0400: 89.207: [Full GC (Ergonomics) [PSYoungGen: 88064K->0K(175104K)] [ParOldGen: 517432K->515321K(524288K)] 605496K->515321K(699392K), [Metaspace: 43938K->43938K(1087488K)], 0.0508665 secs] [Times: user=0.49 sys=0.01, real=0.05 secs] 
2016-09-25T22:38:13.932-0400: 89.302: [Full GC (Ergonomics) [PSYoungGen: 88064K->0K(175104K)] [ParOldGen: 515365K->515980K(524288K)] 603429K->515980K(699392K), [Metaspace: 43938K->43938K(1087488K)], 0.0500793 secs] [Times: user=0.47 sys=0.00, real=0.06 secs] 
2016-09-25T22:38:14.027-0400: 89.397: [Full GC (Ergonomics) [PSYoungGen: 88064K->0K(175104K)] [ParOldGen: 518769K->519367K(524288K)] 606833K->519367K(699392K), [Metaspace: 43938K->43938K(1087488K)], 0.0603034 secs] [Times: user=0.60 sys=0.00, real=0.06 secs] 
2016-09-25T22:38:14.135-0400: 89.505: [Full GC (Ergonomics) [PSYoungGen: 88064K->0K(175104K)] [ParOldGen: 522162K->520125K(524288K)] 610226K->520125K(699392K), [Metaspace: 43938K->43938K(1087488K)], 0.0555371 secs] [Times: user=0.54 sys=0.01, real=0.05 secs] 
2016-09-25T22:38:14.243-0400: 89.613: [Full GC (Ergonomics) [PSYoungGen: 88064K->0K(175104K)] [ParOldGen: 524230K->512798K(524288K)] 612294K->512798K(699392K), [Metaspace: 43939K->43939K(1087488K)], 0.0575803 secs] [Times: user=0.58 sys=0.00, real=0.05 secs] 
2016-09-25T22:38:14.352-0400: 89.722: [Full GC (Ergonomics) [PSYoungGen: 88064K->0K(175104K)] [ParOldGen: 521669K->512146K(524288K)] 609733K->512146K(699392K), [Metaspace: 43939K->43939K(1087488K)], 0.0589727 secs] [Times: user=0.63 sys=0.00, real=0.06 secs] 
2016-09-25T22:38:14.458-0400: 89.828: [Full GC (Ergonomics) [PSYoungGen: 88064K->0K(175104K)] [ParOldGen: 517629K->516860K(524288K)] 605693K->516860K(699392K), [Metaspace: 43939K->43939K(1087488K)], 0.0550209 secs] [Times: user=0.51 sys=0.01, real=0.05 secs] 
2016-09-25T22:38:14.551-0400: 89.921: [Full GC (Ergonomics) [PSYoungGen: 88064K->0K(175104K)] [ParOldGen: 517003K->517520K(524288K)] 605067K->517520K(699392K), [Metaspace: 43939K->43939K(1087488K)], 0.0599705 secs] [Times: user=0.66 sys=0.00, real=0.06 secs] 
2016-09-25T22:38:14.666-0400: 90.036: [Full GC (Ergonomics) [PSYoungGen: 88064K->0K(175104K)] [ParOldGen: 524286K->517314K(524288K)] 612350K->517314K(699392K), [Metaspace: 43939K->43939K(1087488K)], 0.0991781 secs] [Times: user=1.32 sys=0.01, real=0.10 secs] 
2016-09-25T22:38:14.817-0400: 90.187: [Full GC (Ergonomics) [PSYoungGen: 88064K->0K(175104K)] [ParOldGen: 524079K->520823K(524288K)] 612143K->520823K(699392K), [Metaspace: 43939K->43939K(1087488K)], 0.0681818 secs] [Times: user=0.52 sys=0.00, real=0.07 secs] 
2016-09-25T22:38:14.944-0400: 90.314: [Full GC (Ergonomics) [PSYoungGen: 87556K->0K(175104K)] [ParOldGen: 523523K->512030K(524288K)] 611079K->512030K(699392K), [Metaspace: 43939K->43939K(1087488K)], 0.0715118 secs] [Times: user=0.60 sys=0.00, real=0.07 secs] 
2016-09-25T22:38:15.061-0400: 90.431: [Full GC (Ergonomics) [PSYoungGen: 88064K->0K(175104K)] [ParOldGen: 516763K->508555K(524288K)] 604827K->508555K(699392K), [Metaspace: 43945K->43945K(1087488K)], 0.0751510 secs] [Times: user=0.75 sys=0.00, real=0.08 secs] 
2016-09-25T22:38:15.181-0400: 90.551: [Full GC (Ergonomics) [PSYoungGen: 88064K->0K(175104K)] [ParOldGen: 509561K->507885K(524288K)] 597625K->507885K(699392K), [Metaspace: 43945K->43945K(1087488K)], 0.0615661 secs] [Times: user=0.60 sys=0.00, real=0.07 secs] 
2016-09-25T22:38:15.289-0400: 90.659: [Full GC (Ergonomics) [PSYoungGen: 88064K->0K(175104K)] [ParOldGen: 507902K->514013K(524288K)] 595966K->514013K(699392K), [Metaspace: 43945K->43945K(1087488K)], 0.0622807 secs] [Times: user=0.52 sys=0.00, real=0.06 secs] 
2016-09-25T22:38:15.403-0400: 90.773: [Full GC (Ergonomics) [PSYoungGen: 88064K->0K(175104K)] [ParOldGen: 514780K->517425K(524288K)] 602844K->517425K(699392K), [Metaspace: 43945K->43945K(1087488K)], 0.0529715 secs] [Times: user=0.51 sys=0.00, real=0.05 secs] 
2016-09-25T22:38:15.499-0400: 90.869: [Full GC (Ergonomics) [PSYoungGen: 88064K->0K(175104K)] [ParOldGen: 517596K->519331K(524288K)] 605660K->519331K(699392K), [Metaspace: 43945K->43945K(1087488K)], 0.0576665 secs] [Times: user=0.53 sys=0.02, real=0.06 secs] 
2016-09-25T22:38:15.599-0400: 90.969: [Full GC (Ergonomics) [PSYoungGen: 88064K->2786K(175104K)] [ParOldGen: 519367K->522677K(524288K)] 607431K->525463K(699392K), [Metaspace: 43945K->43945K(1087488K)], 0.0504227 secs] [Times: user=0.41 sys=0.00, real=0.05 secs] 
2016-09-25T22:38:15.699-0400: 91.069: [Full GC (Ergonomics) [PSYoungGen: 87009K->0K(175104K)] [ParOldGen: 522677K->523350K(524288K)] 609687K->523350K(699392K), [Metaspace: 43945K->43945K(1087488K)], 0.0648524 secs] [Times: user=0.55 sys=0.01, real=0.07 secs] 
2016-09-25T22:38:15.811-0400: 91.181: [Full GC (Ergonomics) [PSYoungGen: 87945K->0K(175104K)] [ParOldGen: 523350K->518534K(524288K)] 611295K->518534K(699392K), [Metaspace: 43945K->43945K(1087488K)], 0.0545223 secs] [Times: user=0.47 sys=0.01, real=0.06 secs] 
2016-09-25T22:38:15.915-0400: 91.286: [Full GC (Ergonomics) [PSYoungGen: 88064K->0K(175104K)] [ParOldGen: 521468K->521851K(524288K)] 609532K->521851K(699392K), [Metaspace: 43945K->43945K(1087488K)], 0.0586663 secs] [Times: user=0.59 sys=0.01, real=0.06 secs] 
2016-09-25T22:38:16.017-0400: 91.387: [Full GC (Ergonomics) [PSYoungGen: 86642K->0K(175104K)] [ParOldGen: 521851K->514420K(524288K)] 608494K->514420K(699392K), [Metaspace: 43945K->43945K(1087488K)], 0.0593829 secs] [Times: user=0.63 sys=0.00, real=0.06 secs] 
2016-09-25T22:38:16.110-0400: 91.480: [Full GC (Ergonomics) [PSYoungGen: 88064K->2700K(175104K)] [ParOldGen: 514585K->523751K(524288K)] 602649K->526451K(699392K), [Metaspace: 43945K->43945K(1087488K)], 0.0972121 secs] [Times: user=1.17 sys=0.01, real=0.10 secs] 
2016-09-25T22:38:16.253-0400: 91.623: [Full GC (Ergonomics) [PSYoungGen: 88064K->0K(175104K)] [ParOldGen: 523778K->524260K(524288K)] 611842K->524260K(699392K), [Metaspace: 43945K->43945K(1087488K)], 0.0560602 secs] [Times: user=0.47 sys=0.00, real=0.06 secs] 
2016-09-25T22:38:16.354-0400: 91.724: [Full GC (Ergonomics) [PSYoungGen: 88064K->1350K(175104K)] [ParOldGen: 524260K->523320K(524288K)] 612324K->524670K(699392K), [Metaspace: 43945K->43945K(1087488K)], 0.1572194 secs] [Times: user=2.32 sys=0.01, real=0.16 secs] 
2016-09-25T22:38:16.564-0400: 91.934: [Full GC (Ergonomics) [PSYoungGen: 87296K->0K(175104K)] [ParOldGen: 523320K->521243K(524288K)] 610617K->521243K(699392K), [Metaspace: 43945K->43945K(1087488K)], 0.0642264 secs] [Times: user=0.67 sys=0.00, real=0.06 secs] 
2016-09-25T22:38:16.683-0400: 92.053: [Full GC (Ergonomics) [PSYoungGen: 88064K->0K(175104K)] [ParOldGen: 524097K->523168K(524288K)] 612161K->523168K(699392K), [Metaspace: 43945K->43945K(1087488K)], 0.0709642 secs] [Times: user=0.74 sys=0.02, real=0.06 secs] 
2016-09-25T22:38:16.794-0400: 92.164: [Full GC (Ergonomics) [PSYoungGen: 86361K->0K(175104K)] [ParOldGen: 523168K->517015K(524288K)] 609530K->517015K(699392K), [Metaspace: 43945K->43945K(1087488K)], 0.0588538 secs] [Times: user=0.53 sys=0.03, real=0.05 secs] 
2016-09-25T22:38:16.896-0400: 92.266: [Full GC (Ergonomics) [PSYoungGen: 88064K->0K(175104K)] [ParOldGen: 521457K->521692K(524288K)] 609521K->521692K(699392K), [Metaspace: 43945K->43945K(1087488K)], 0.0563796 secs] [Times: user=0.54 sys=0.01, real=0.05 secs] 
2016-09-25T22:38:16.992-0400: 92.362: [Full GC (Ergonomics) [PSYoungGen: 85971K->0K(175104K)] [ParOldGen: 521692K->516834K(524288K)] 607664K->516834K(699392K), [Metaspace: 43945K->43945K(1087488K)], 0.0484904 secs] [Times: user=0.39 sys=0.00, real=0.05 secs] 
2016-09-25T22:38:17.078-0400: 92.448: [Full GC (Ergonomics) [PSYoungGen: 88064K->1353K(175104K)] [ParOldGen: 522361K->523226K(524288K)] 610425K->524579K(699392K), [Metaspace: 43945K->43945K(1087488K)], 0.1181045 secs] [Times: user=1.61 sys=0.01, real=0.12 secs] 
2016-09-25T22:38:17.247-0400: 92.617: [Full GC (Ergonomics) [PSYoungGen: 88064K->5403K(175104K)] [ParOldGen: 523350K->522340K(524288K)] 611414K->527743K(699392K), [Metaspace: 43945K->43945K(1087488K)], 0.1538747 secs] [Times: user=2.27 sys=0.01, real=0.15 secs] 
2016-09-25T22:38:17.459-0400: 92.829: [Full GC (Ergonomics) [PSYoungGen: 86824K->0K(175104K)] [ParOldGen: 523690K->522969K(524288K)] 610515K->522969K(699392K), [Metaspace: 43945K->43945K(1087488K)], 0.0553613 secs] [Times: user=0.50 sys=0.00, real=0.06 secs] 
2016-09-25T22:38:17.557-0400: 92.927: [Full GC (Ergonomics) [PSYoungGen: 87656K->0K(175104K)] [ParOldGen: 522969K->515642K(524288K)] 610625K->515642K(699392K), [Metaspace: 43945K->43945K(1087488K)], 0.0636844 secs] [Times: user=0.66 sys=0.01, real=0.06 secs] 
2016-09-25T22:38:17.662-0400: 93.032: [Full GC (Ergonomics) [PSYoungGen: 88064K->0K(175104K)] [ParOldGen: 518461K->524038K(524288K)] 606525K->524038K(699392K), [Metaspace: 43945K->43945K(1087488K)], 0.0559619 secs] [Times: user=0.45 sys=0.00, real=0.05 secs] 
2016-09-25T22:38:17.755-0400: 93.125: [Full GC (Ergonomics) [PSYoungGen: 88064K->5401K(175104K)] [ParOldGen: 524137K->524102K(524288K)] 612201K->529503K(699392K), [Metaspace: 43945K->43945K(1087488K)], 0.1542419 secs] [Times: user=2.27 sys=0.01, real=0.15 secs] 
2016-09-25T22:38:17.956-0400: 93.326: [Full GC (Ergonomics) [PSYoungGen: 87231K->1350K(175104K)] [ParOldGen: 524102K->523158K(524288K)] 611334K->524509K(699392K), [Metaspace: 43945K->43945K(1087488K)], 0.1488406 secs] [Times: user=2.13 sys=0.01, real=0.15 secs] 
2016-09-25T22:38:18.135-0400: 93.505: [Full GC (Ergonomics) [PSYoungGen: 88064K->9559K(175104K)] [ParOldGen: 523190K->523534K(524288K)] 611254K->533094K(699392K), [Metaspace: 43945K->43945K(1087488K)], 0.1546599 secs] [Times: user=2.28 sys=0.01, real=0.15 secs] 
2016-09-25T22:38:18.351-0400: 93.721: [Full GC (Ergonomics) [PSYoungGen: 87488K->1350K(175104K)] [ParOldGen: 523534K->523967K(524288K)] 611023K->525317K(699392K), [Metaspace: 43948K->43948K(1087488K)], 0.1677695 secs] [Times: user=2.34 sys=0.01, real=0.17 secs] 
2016-09-25T22:38:18.565-0400: 93.935: [Full GC (Ergonomics) [PSYoungGen: 85612K->6756K(175104K)] [ParOldGen: 523967K->521625K(524288K)] 609579K->528381K(699392K), [Metaspace: 43948K->43948K(1087488K)], 0.1608523 secs] [Times: user=2.38 sys=0.01, real=0.16 secs] 
2016-09-25T22:38:18.756-0400: 94.126: [Full GC (Ergonomics) [PSYoungGen: 88064K->10815K(175104K)] [ParOldGen: 521785K->523333K(524288K)] 609849K->534148K(699392K), [Metaspace: 43948K->43948K(1087488K)], 0.1493742 secs] [Times: user=2.24 sys=0.01, real=0.15 secs] 
2016-09-25T22:38:18.951-0400: 94.321: [Full GC (Ergonomics) [PSYoungGen: 88064K->8166K(175104K)] [ParOldGen: 523777K->522340K(524288K)] 611841K->530507K(699392K), [Metaspace: 43948K->43948K(1087488K)], 0.1606062 secs] [Times: user=2.36 sys=0.03, real=0.16 secs] 
2016-09-25T22:38:19.161-0400: 94.531: [Full GC (Ergonomics) [PSYoungGen: 87220K->0K(175104K)] [ParOldGen: 522340K->524261K(524288K)] 609561K->524261K(699392K), [Metaspace: 43948K->43948K(1087488K)], 0.0599577 secs] [Times: user=0.58 sys=0.00, real=0.06 secs] 
2016-09-25T22:38:19.263-0400: 94.633: [Full GC (Ergonomics) [PSYoungGen: 88064K->2775K(175104K)] [ParOldGen: 524269K->521616K(524288K)] 612333K->524391K(699392K), [Metaspace: 43948K->43948K(1087488K)], 0.1669827 secs] [Times: user=2.64 sys=0.02, real=0.16 secs] 
2016-09-25T22:38:19.467-0400: 94.837: [Full GC (Ergonomics) [PSYoungGen: 88064K->8104K(175104K)] [ParOldGen: 521618K->522140K(524288K)] 609682K->530244K(699392K), [Metaspace: 43948K->43948K(1087488K)], 0.1498869 secs] [Times: user=2.22 sys=0.00, real=0.15 secs] 
2016-09-25T22:38:19.669-0400: 95.039: [Full GC (Ergonomics) [PSYoungGen: 88064K->6840K(175104K)] [ParOldGen: 522150K->523707K(524288K)] 610214K->530548K(699392K), [Metaspace: 43951K->43951K(1087488K)], 0.1519177 secs] [Times: user=2.25 sys=0.01, real=0.15 secs] 
2016-09-25T22:38:19.855-0400: 95.225: [Full GC (Ergonomics) [PSYoungGen: 87938K->4051K(175104K)] [ParOldGen: 523707K->524243K(524288K)] 611646K->528294K(699392K), [Metaspace: 43951K->43951K(1087488K)], 0.2044048 secs] [Times: user=2.43 sys=0.04, real=0.20 secs] 
2016-09-25T22:38:20.101-0400: 95.471: [Full GC (Ergonomics) [PSYoungGen: 88064K->12310K(175104K)] [ParOldGen: 524287K->521728K(524288K)] 612351K->534039K(699392K), [Metaspace: 43951K->43951K(1087488K)], 0.1531976 secs] [Times: user=2.29 sys=0.00, real=0.16 secs] 
2016-09-25T22:38:20.293-0400: 95.663: [Full GC (Ergonomics) [PSYoungGen: 88064K->8161K(175104K)] [ParOldGen: 523183K->523587K(524288K)] 611247K->531749K(699392K), [Metaspace: 43951K->43951K(1087488K)], 0.1494927 secs] [Times: user=2.22 sys=0.02, real=0.16 secs] 
2016-09-25T22:38:20.482-0400: 95.852: [Full GC (Ergonomics) [PSYoungGen: 88064K->8173K(175104K)] [ParOldGen: 523724K->523940K(524288K)] 611788K->532114K(699392K), [Metaspace: 43951K->43951K(1087488K)], 0.1511718 secs] [Times: user=2.25 sys=0.02, real=0.15 secs] 
2016-09-25T22:38:20.670-0400: 96.040: [Full GC (Ergonomics) [PSYoungGen: 85587K->10868K(175104K)] [ParOldGen: 523940K->521591K(524288K)] 609528K->532459K(699392K), [Metaspace: 43951K->43951K(1087488K)], 0.1530390 secs] [Times: user=2.21 sys=0.00, real=0.16 secs] 
2016-09-25T22:38:20.861-0400: 96.231: [Full GC (Ergonomics) [PSYoungGen: 88064K->12394K(175104K)] [ParOldGen: 521751K->523191K(524288K)] 609815K->535585K(699392K), [Metaspace: 43951K->43951K(1087488K)], 0.1505636 secs] [Times: user=2.24 sys=0.00, real=0.15 secs] 
2016-09-25T22:38:21.049-0400: 96.419: [Full GC (Ergonomics) [PSYoungGen: 87203K->9590K(175104K)] [ParOldGen: 523191K->523746K(524288K)] 610394K->533336K(699392K), [Metaspace: 43951K->43951K(1087488K)], 0.1604284 secs] [Times: user=2.38 sys=0.00, real=0.16 secs] 
2016-09-25T22:38:21.255-0400: 96.625: [Full GC (Ergonomics) [PSYoungGen: 87969K->2761K(175104K)] [ParOldGen: 523746K->521666K(524288K)] 611716K->524428K(699392K), [Metaspace: 43951K->43951K(1087488K)], 0.0633302 secs] [Times: user=0.56 sys=0.01, real=0.06 secs] 
2016-09-25T22:38:21.353-0400: 96.723: [Full GC (Ergonomics) [PSYoungGen: 85730K->9580K(175104K)] [ParOldGen: 521666K->521864K(524288K)] 607397K->531444K(699392K), [Metaspace: 43951K->43951K(1087488K)], 0.1589003 secs] [Times: user=2.34 sys=0.00, real=0.16 secs] 
2016-09-25T22:38:21.550-0400: 96.921: [Full GC (Ergonomics) [PSYoungGen: 87228K->8235K(175104K)] [ParOldGen: 521864K->523277K(524288K)] 609093K->531513K(699392K), [Metaspace: 43951K->43951K(1087488K)], 0.1560514 secs] [Times: user=2.30 sys=0.02, real=0.16 secs] 
2016-09-25T22:38:21.750-0400: 97.120: [Full GC (Ergonomics) [PSYoungGen: 88064K->8211K(175104K)] [ParOldGen: 523359K->523653K(524288K)] 611423K->531865K(699392K), [Metaspace: 43951K->43951K(1087488K)], 0.1555525 secs] [Times: user=2.17 sys=0.00, real=0.16 secs] 
2016-09-25T22:38:21.941-0400: 97.311: [Full GC (Ergonomics) [PSYoungGen: 85587K->9613K(175104K)] [ParOldGen: 523653K->522697K(524288K)] 609241K->532311K(699392K), [Metaspace: 43951K->43951K(1087488K)], 0.1543990 secs] [Times: user=2.33 sys=0.00, real=0.16 secs] 
2016-09-25T22:38:22.135-0400: 97.505: [Full GC (Ergonomics) [PSYoungGen: 87201K->4120K(175104K)] [ParOldGen: 524047K->523169K(524288K)] 611249K->527290K(699392K), [Metaspace: 43951K->43951K(1087488K)], 0.1601886 secs] [Times: user=2.32 sys=0.01, real=0.16 secs] 
2016-09-25T22:38:22.344-0400: 97.714: [Full GC (Ergonomics) [PSYoungGen: 88064K->9518K(175104K)] [ParOldGen: 523179K->523662K(524288K)] 611243K->533180K(699392K), [Metaspace: 43951K->43951K(1087488K)], 0.1528785 secs] [Times: user=1.98 sys=0.01, real=0.15 secs] 
2016-09-25T22:38:22.553-0400: 97.923: [Full GC (Ergonomics) [PSYoungGen: 88064K->19107K(175104K)] [ParOldGen: 524014K->522623K(524288K)] 612078K->541730K(699392K), [Metaspace: 43951K->43951K(1087488K)], 0.1606404 secs] [Times: user=2.35 sys=0.00, real=0.16 secs] 
2016-09-25T22:38:22.753-0400: 98.123: [Full GC (Ergonomics) [PSYoungGen: 88064K->19200K(175104K)] [ParOldGen: 522767K->522920K(524288K)] 610831K->542121K(699392K), [Metaspace: 43951K->43951K(1087488K)], 0.1666212 secs] [Times: user=2.33 sys=0.00, real=0.17 secs] 
2016-09-25T22:38:22.959-0400: 98.329: [Full GC (Ergonomics) [PSYoungGen: 87148K->17819K(175104K)] [ParOldGen: 522920K->522049K(524288K)] 610069K->539869K(699392K), [Metaspace: 43951K->43951K(1087488K)], 0.1558165 secs] [Times: user=2.33 sys=0.02, real=0.16 secs] 
2016-09-25T22:38:23.149-0400: 98.519: [Full GC (Ergonomics) [PSYoungGen: 87332K->13635K(175104K)] [ParOldGen: 522049K->523816K(524288K)] 609382K->537452K(699392K), [Metaspace: 43951K->43951K(1087488K)], 0.1557142 secs] [Times: user=2.28 sys=0.00, real=0.16 secs] 
2016-09-25T22:38:23.344-0400: 98.714: [Full GC (Ergonomics) [PSYoungGen: 87426K->12310K(175104K)] [ParOldGen: 523816K->522835K(524288K)] 611243K->535145K(699392K), [Metaspace: 43951K->43951K(1087488K)], 0.1544094 secs] [Times: user=2.29 sys=0.00, real=0.15 secs] 
2016-09-25T22:38:23.535-0400: 98.905: [Full GC (Ergonomics) [PSYoungGen: 88064K->17836K(175104K)] [ParOldGen: 522963K->523181K(524288K)] 611027K->541017K(699392K), [Metaspace: 43953K->43953K(1087488K)], 0.1469141 secs] [Times: user=2.13 sys=0.01, real=0.15 secs] 
2016-09-25T22:38:23.716-0400: 99.086: [Full GC (Ergonomics) [PSYoungGen: 86129K->20381K(175104K)] [ParOldGen: 523181K->523733K(524288K)] 609310K->544114K(699392K), [Metaspace: 43953K->43953K(1087488K)], 0.1588400 secs] [Times: user=2.33 sys=0.00, real=0.16 secs] 
2016-09-25T22:38:23.913-0400: 99.283: [Full GC (Ergonomics) [PSYoungGen: 85964K->9955K(175104K)] [ParOldGen: 523733K->522583K(524288K)] 609698K->532539K(699392K), [Metaspace: 43953K->43953K(1087488K)], 0.1532173 secs] [Times: user=2.19 sys=0.01, real=0.16 secs] 
2016-09-25T22:38:24.098-0400: 99.468: [Full GC (Ergonomics) [PSYoungGen: 86530K->19125K(175104K)] [ParOldGen: 522583K->523023K(524288K)] 609114K->542149K(699392K), [Metaspace: 43953K->43953K(1087488K)], 0.1651016 secs] [Times: user=2.38 sys=0.01, real=0.17 secs] 
2016-09-25T22:38:24.315-0400: 99.685: [Full GC (Ergonomics) [PSYoungGen: 87248K->8236K(175104K)] [ParOldGen: 523023K->522353K(524288K)] 610271K->530589K(699392K), [Metaspace: 43953K->43953K(1087488K)], 0.1668598 secs] [Times: user=2.28 sys=0.01, real=0.16 secs] 
2016-09-25T22:38:24.544-0400: 99.914: [Full GC (Ergonomics) [PSYoungGen: 87259K->10934K(175104K)] [ParOldGen: 522353K->523868K(524288K)] 609612K->534803K(699392K), [Metaspace: 43953K->43953K(1087488K)], 0.1899463 secs] [Times: user=2.82 sys=0.02, real=0.18 secs] 
2016-09-25T22:38:24.778-0400: 100.148: [Full GC (Ergonomics) [PSYoungGen: 87904K->13951K(175104K)] [ParOldGen: 523868K->524197K(524288K)] 611772K->538148K(699392K), [Metaspace: 43953K->43953K(1087488K)], 0.1678038 secs] [Times: user=2.51 sys=0.02, real=0.17 secs] 
2016-09-25T22:38:24.983-0400: 100.353: [Full GC (Ergonomics) [PSYoungGen: 88064K->16412K(175104K)] [ParOldGen: 524244K->521986K(524288K)] 612308K->538399K(699392K), [Metaspace: 43959K->43959K(1087488K)], 0.1580054 secs] [Times: user=2.34 sys=0.01, real=0.15 secs] 
2016-09-25T22:38:25.179-0400: 100.549: [Full GC (Ergonomics) [PSYoungGen: 87122K->16560K(175104K)] [ParOldGen: 521986K->522247K(524288K)] 609109K->538808K(699392K), [Metaspace: 43959K->43959K(1087488K)], 0.1550868 secs] [Times: user=2.28 sys=0.02, real=0.16 secs] 
2016-09-25T22:38:25.370-0400: 100.740: [Full GC (Ergonomics) [PSYoungGen: 88064K->19195K(175104K)] [ParOldGen: 522846K->524190K(524288K)] 610910K->543385K(699392K), [Metaspace: 43959K->43959K(1087488K)], 0.1516898 secs] [Times: user=2.26 sys=0.01, real=0.15 secs] 
2016-09-25T22:38:25.560-0400: 100.930: [Full GC (Ergonomics) [PSYoungGen: 88064K->15048K(175104K)] [ParOldGen: 524193K->523274K(524288K)] 612257K->538323K(699392K), [Metaspace: 43959K->43959K(1087488K)], 0.1457374 secs] [Times: user=2.12 sys=0.00, real=0.15 secs] 
2016-09-25T22:38:25.746-0400: 101.116: [Full GC (Ergonomics) [PSYoungGen: 88064K->13664K(175104K)] [ParOldGen: 523318K->523656K(524288K)] 611382K->537321K(699392K), [Metaspace: 43959K->43959K(1087488K)], 0.1490408 secs] [Times: user=2.18 sys=0.00, real=0.15 secs] 
2016-09-25T22:38:25.931-0400: 101.301: [Full GC (Ergonomics) [PSYoungGen: 87000K->19216K(175104K)] [ParOldGen: 523656K->524147K(524288K)] 610656K->543363K(699392K), [Metaspace: 43959K->43959K(1087488K)], 0.1598219 secs] [Times: user=2.29 sys=0.00, real=0.16 secs] 
2016-09-25T22:38:26.138-0400: 101.508: [Full GC (Ergonomics) [PSYoungGen: 88064K->11071K(175104K)] [ParOldGen: 524157K->523134K(524288K)] 612221K->534205K(699392K), [Metaspace: 43961K->43961K(1087488K)], 0.1641629 secs] [Times: user=2.37 sys=0.02, real=0.16 secs] 
2016-09-25T22:38:26.338-0400: 101.708: [Full GC (Ergonomics) [PSYoungGen: 86469K->25996K(175104K)] [ParOldGen: 523134K->523596K(524288K)] 609604K->549592K(699392K), [Metaspace: 43961K->43961K(1087488K)], 0.1530658 secs] [Times: user=2.14 sys=0.02, real=0.15 secs] 
2016-09-25T22:38:26.523-0400: 101.893: [Full GC (Ergonomics) [PSYoungGen: 86105K->20671K(175104K)] [ParOldGen: 523596K->523918K(524288K)] 609702K->544589K(699392K), [Metaspace: 43961K->43961K(1087488K)], 0.1601083 secs] [Times: user=2.27 sys=0.02, real=0.16 secs] 
2016-09-25T22:38:26.718-0400: 102.088: [Full GC (Ergonomics) [PSYoungGen: 87082K->17981K(175104K)] [ParOldGen: 523918K->524243K(524288K)] 611001K->542224K(699392K), [Metaspace: 43961K->43961K(1087488K)], 0.1530057 secs] [Times: user=2.22 sys=0.03, real=0.15 secs] 
2016-09-25T22:38:26.905-0400: 102.275: [Full GC (Ergonomics) [PSYoungGen: 87038K->23254K(175104K)] [ParOldGen: 524243K->523613K(524288K)] 611281K->546867K(699392K), [Metaspace: 43961K->43961K(1087488K)], 0.1525910 secs] [Times: user=2.25 sys=0.00, real=0.15 secs] 
2016-09-25T22:38:27.093-0400: 102.463: [Full GC (Ergonomics) [PSYoungGen: 88064K->20649K(175104K)] [ParOldGen: 523645K->522451K(524288K)] 611709K->543100K(699392K), [Metaspace: 43961K->43961K(1087488K)], 0.1604204 secs] [Times: user=2.39 sys=0.01, real=0.16 secs] 
2016-09-25T22:38:27.279-0400: 102.649: [Full GC (Ergonomics) [PSYoungGen: 86329K->31447K(175104K)] [ParOldGen: 522451K->522943K(524288K)] 608780K->554390K(699392K), [Metaspace: 43964K->43964K(1087488K)], 0.1600043 secs] [Times: user=2.29 sys=0.01, real=0.16 secs] 
2016-09-25T22:38:27.478-0400: 102.848: [Full GC (Ergonomics) [PSYoungGen: 88002K->17971K(175104K)] [ParOldGen: 522943K->523338K(524288K)] 610946K->541309K(699392K), [Metaspace: 43964K->43964K(1087488K)], 0.1684722 secs] [Times: user=2.37 sys=0.03, real=0.17 secs] 
2016-09-25T22:38:27.684-0400: 103.054: [Full GC (Ergonomics) [PSYoungGen: 88064K->26102K(175104K)] [ParOldGen: 523400K->523681K(524288K)] 611464K->549783K(699392K), [Metaspace: 43964K->43964K(1087488K)], 0.1535701 secs] [Times: user=2.30 sys=0.00, real=0.15 secs] 
2016-09-25T22:38:27.873-0400: 103.243: [Full GC (Ergonomics) [PSYoungGen: 88064K->27694K(175104K)] [ParOldGen: 523753K->522556K(524288K)] 611817K->550251K(699392K), [Metaspace: 43964K->43964K(1087488K)], 0.1622491 secs] [Times: user=2.45 sys=0.00, real=0.17 secs] 
2016-09-25T22:38:28.066-0400: 103.436: [Full GC (Ergonomics) [PSYoungGen: 86530K->27575K(175104K)] [ParOldGen: 522556K->521806K(524288K)] 609087K->549382K(699392K), [Metaspace: 43964K->43964K(1087488K)], 0.1614388 secs] [Times: user=2.45 sys=0.00, real=0.16 secs] 
2016-09-25T22:38:28.261-0400: 103.631: [Full GC (Ergonomics) [PSYoungGen: 88064K->27673K(175104K)] [ParOldGen: 521904K->523491K(524288K)] 609968K->551165K(699392K), [Metaspace: 43964K->43964K(1087488K)], 0.1602250 secs] [Times: user=2.37 sys=0.01, real=0.16 secs] 
2016-09-25T22:38:28.452-0400: 103.822: [Full GC (Ergonomics) [PSYoungGen: 87294K->30399K(175104K)] [ParOldGen: 523491K->523828K(524288K)] 610786K->554227K(699392K), [Metaspace: 43964K->43964K(1087488K)], 0.1571164 secs] [Times: user=2.30 sys=0.03, real=0.16 secs] 
2016-09-25T22:38:28.647-0400: 104.017: [Full GC (Ergonomics) [PSYoungGen: 87270K->22271K(175104K)] [ParOldGen: 523828K->522845K(524288K)] 611098K->545117K(699392K), [Metaspace: 43964K->43964K(1087488K)], 0.1544592 secs] [Times: user=2.30 sys=0.00, real=0.15 secs] 
2016-09-25T22:38:28.829-0400: 104.199: [Full GC (Ergonomics) [PSYoungGen: 88064K->31794K(175104K)] [ParOldGen: 522976K->523289K(524288K)] 611040K->555084K(699392K), [Metaspace: 43964K->43964K(1087488K)], 0.1559523 secs] [Times: user=2.29 sys=0.02, real=0.16 secs] 
2016-09-25T22:38:29.015-0400: 104.385: [Full GC (Ergonomics) [PSYoungGen: 88064K->26255K(175104K)] [ParOldGen: 523497K->523791K(524288K)] 611561K->550046K(699392K), [Metaspace: 43964K->43964K(1087488K)], 0.1506443 secs] [Times: user=2.15 sys=0.02, real=0.15 secs] 
2016-09-25T22:38:29.191-0400: 104.561: [Full GC (Ergonomics) [PSYoungGen: 88064K->33142K(175104K)] [ParOldGen: 523859K->522748K(524288K)] 611923K->555890K(699392K), [Metaspace: 43964K->43964K(1087488K)], 0.1704011 secs] [Times: user=2.49 sys=0.02, real=0.17 secs] 
2016-09-25T22:38:29.391-0400: 104.761: [Full GC (Ergonomics) [PSYoungGen: 88064K->32937K(175104K)] [ParOldGen: 522920K->523300K(524288K)] 610984K->556237K(699392K), [Metaspace: 43964K->43964K(1087488K)], 0.1696504 secs] [Times: user=1.98 sys=0.04, real=0.17 secs] 
2016-09-25T22:38:29.603-0400: 104.973: [Full GC (Ergonomics) [PSYoungGen: 87592K->21030K(175104K)] [ParOldGen: 523300K->523516K(524288K)] 610893K->544547K(699392K), [Metaspace: 43964K->43964K(1087488K)], 0.1598253 secs] [Times: user=2.28 sys=0.00, real=0.16 secs] 
2016-09-25T22:38:29.794-0400: 105.164: [Full GC (Ergonomics) [PSYoungGen: 86237K->24937K(175104K)] [ParOldGen: 523516K->524077K(524288K)] 609754K->549015K(699392K), [Metaspace: 43964K->43964K(1087488K)], 0.1565882 secs] [Times: user=2.30 sys=0.00, real=0.15 secs] 
2016-09-25T22:38:29.977-0400: 105.347: [Full GC (Ergonomics) [PSYoungGen: 88018K->30528K(175104K)] [ParOldGen: 524265K->523288K(524288K)] 612283K->553816K(699392K), [Metaspace: 43964K->43964K(1087488K)], 0.1496758 secs] [Times: user=2.22 sys=0.00, real=0.15 secs] 
2016-09-25T22:38:30.152-0400: 105.522: [Full GC (Ergonomics) [PSYoungGen: 85883K->30485K(175104K)] [ParOldGen: 523288K->522031K(524288K)] 609172K->552516K(699392K), [Metaspace: 43964K->43964K(1087488K)], 0.1543943 secs] [Times: user=2.28 sys=0.01, real=0.16 secs] 
2016-09-25T22:38:30.339-0400: 105.709: [Full GC (Ergonomics) [PSYoungGen: 88064K->26429K(175104K)] [ParOldGen: 523466K->523911K(524288K)] 611530K->550340K(699392K), [Metaspace: 43964K->43964K(1087488K)], 0.1613059 secs] [Times: user=2.36 sys=0.01, real=0.16 secs] 
2016-09-25T22:38:30.536-0400: 105.906: [Full GC (Ergonomics) [PSYoungGen: 88064K->25217K(175104K)] [ParOldGen: 523960K->522640K(524288K)] 612024K->547857K(699392K), [Metaspace: 43964K->43964K(1087488K)], 0.1618885 secs] [Times: user=2.40 sys=0.02, real=0.16 secs] 
2016-09-25T22:38:30.740-0400: 106.110: [Full GC (Ergonomics) [PSYoungGen: 85637K->31943K(175104K)] [ParOldGen: 522640K->521908K(524288K)] 608277K->553851K(699392K), [Metaspace: 43964K->43964K(1087488K)], 0.1703972 secs] [Times: user=2.41 sys=0.00, real=0.17 secs] 
2016-09-25T22:38:30.935-0400: 106.305: [Full GC (Ergonomics) [PSYoungGen: 88064K->33088K(175104K)] [ParOldGen: 522033K->523830K(524288K)] 610097K->556919K(699392K), [Metaspace: 43964K->43964K(1087488K)], 0.1577007 secs] [Times: user=2.31 sys=0.01, real=0.15 secs] 
2016-09-25T22:38:31.130-0400: 106.500: [Full GC (Ergonomics) [PSYoungGen: 88064K->30475K(175104K)] [ParOldGen: 524222K->524199K(524288K)] 612286K->554674K(699392K), [Metaspace: 43964K->43964K(1087488K)], 0.1609938 secs] [Times: user=2.35 sys=0.02, real=0.16 secs] 
2016-09-25T22:38:31.314-0400: 106.684: [Full GC (Ergonomics) [PSYoungGen: 86801K->34631K(175104K)] [ParOldGen: 524199K->523107K(524288K)] 611001K->557739K(699392K), [Metaspace: 43964K->43964K(1087488K)], 0.1741329 secs] [Times: user=2.58 sys=0.02, real=0.17 secs] 
2016-09-25T22:38:31.522-0400: 106.892: [Full GC (Ergonomics) [PSYoungGen: 87595K->27851K(175104K)] [ParOldGen: 523107K->523664K(524288K)] 610702K->551516K(699392K), [Metaspace: 43972K->43972K(1087488K)], 0.1582542 secs] [Times: user=2.34 sys=0.02, real=0.15 secs] 
2016-09-25T22:38:31.706-0400: 107.076: [Full GC (Ergonomics) [PSYoungGen: 88064K->40055K(175104K)] [ParOldGen: 523744K->524004K(524288K)] 611808K->564059K(699392K), [Metaspace: 43972K->43972K(1087488K)], 0.1636802 secs] [Times: user=2.42 sys=0.03, real=0.16 secs] 
2016-09-25T22:38:31.900-0400: 107.270: [Full GC (Ergonomics) [PSYoungGen: 88064K->27993K(175104K)] [ParOldGen: 524201K->524240K(524288K)] 612265K->552233K(699392K), [Metaspace: 43972K->43972K(1087488K)], 0.1580642 secs] [Times: user=2.36 sys=0.00, real=0.16 secs] 
2016-09-25T22:38:32.093-0400: 107.463: [Full GC (Ergonomics) [PSYoungGen: 87362K->30704K(175104K)] [ParOldGen: 524240K->522021K(524288K)] 611602K->552725K(699392K), [Metaspace: 43972K->43972K(1087488K)], 0.1562390 secs] [Times: user=2.30 sys=0.00, real=0.16 secs] 
2016-09-25T22:38:32.288-0400: 107.658: [Full GC (Ergonomics) [PSYoungGen: 85784K->30982K(175104K)] [ParOldGen: 522021K->523410K(524288K)] 607805K->554393K(699392K), [Metaspace: 43975K->43975K(1087488K)], 0.1794960 secs] [Times: user=2.53 sys=0.01, real=0.18 secs] 
2016-09-25T22:38:32.502-0400: 107.872: [Full GC (Ergonomics) [PSYoungGen: 87002K->25371K(175104K)] [ParOldGen: 523410K->524208K(524288K)] 610413K->549579K(699392K), [Metaspace: 43975K->43975K(1087488K)], 0.1575769 secs] [Times: user=2.29 sys=0.02, real=0.16 secs] 
2016-09-25T22:38:32.697-0400: 108.067: [Full GC (Ergonomics) [PSYoungGen: 88064K->34952K(175104K)] [ParOldGen: 524220K->522877K(524288K)] 612284K->557829K(699392K), [Metaspace: 43975K->43975K(1087488K)], 0.1674639 secs] [Times: user=2.54 sys=0.00, real=0.17 secs] 
2016-09-25T22:38:32.898-0400: 108.268: [Full GC (Ergonomics) [PSYoungGen: 86922K->36389K(175104K)] [ParOldGen: 522877K->521831K(524288K)] 609799K->558221K(699392K), [Metaspace: 43975K->43975K(1087488K)], 0.1469638 secs] [Times: user=2.10 sys=0.01, real=0.15 secs] 
2016-09-25T22:38:33.086-0400: 108.456: [Full GC (Ergonomics) [PSYoungGen: 88064K->33526K(175104K)] [ParOldGen: 524011K->524064K(524288K)] 612075K->557590K(699392K), [Metaspace: 43975K->43975K(1087488K)], 0.1522032 secs] [Times: user=2.23 sys=0.02, real=0.15 secs] 
2016-09-25T22:38:33.283-0400: 108.653: [Full GC (Ergonomics) [PSYoungGen: 88064K->32589K(175104K)] [ParOldGen: 524071K->523640K(524288K)] 612135K->556229K(699392K), [Metaspace: 43975K->43975K(1087488K)], 0.1580656 secs] [Times: user=2.36 sys=0.00, real=0.15 secs] 
2016-09-25T22:38:33.466-0400: 108.836: [Full GC (Ergonomics) [PSYoungGen: 88064K->39073K(175104K)] [ParOldGen: 523680K->523247K(524288K)] 611744K->562320K(699392K), [Metaspace: 43975K->43975K(1087488K)], 0.1544840 secs] [Times: user=2.27 sys=0.02, real=0.15 secs] 
2016-09-25T22:38:33.660-0400: 109.030: [Full GC (Ergonomics) [PSYoungGen: 87800K->33574K(175104K)] [ParOldGen: 523247K->523571K(524288K)] 611047K->557146K(699392K), [Metaspace: 43976K->43976K(1087488K)], 0.1548864 secs] [Times: user=2.27 sys=0.00, real=0.16 secs] 
2016-09-25T22:38:33.847-0400: 109.217: [Full GC (Ergonomics) [PSYoungGen: 88064K->36508K(175104K)] [ParOldGen: 523610K->523903K(524288K)] 611674K->560411K(699392K), [Metaspace: 43976K->43976K(1087488K)], 0.1755581 secs] [Times: user=2.45 sys=0.01, real=0.18 secs] 
2016-09-25T22:38:34.046-0400: 109.416: [Full GC (Ergonomics) [PSYoungGen: 88064K->35037K(175104K)] [ParOldGen: 523959K->523066K(524288K)] 612023K->558104K(699392K), [Metaspace: 43976K->43976K(1087488K)], 0.1566900 secs] [Times: user=2.26 sys=0.00, real=0.16 secs] 
2016-09-25T22:38:34.244-0400: 109.614: [Full GC (Ergonomics) [PSYoungGen: 85976K->35029K(175104K)] [ParOldGen: 523066K->523364K(524288K)] 609043K->558394K(699392K), [Metaspace: 43976K->43976K(1087488K)], 0.1652037 secs] [Times: user=2.31 sys=0.01, real=0.16 secs] 
2016-09-25T22:38:34.434-0400: 109.804: [Full GC (Ergonomics) [PSYoungGen: 87843K->37608K(175104K)] [ParOldGen: 523364K->524199K(524288K)] 611208K->561807K(699392K), [Metaspace: 43976K->43976K(1087488K)], 0.1560316 secs] [Times: user=2.17 sys=0.01, real=0.16 secs] 
2016-09-25T22:38:34.632-0400: 110.002: [Full GC (Ergonomics) [PSYoungGen: 86911K->29668K(175104K)] [ParOldGen: 524199K->524227K(524288K)] 611110K->553895K(699392K), [Metaspace: 43979K->43979K(1087488K)], 0.2012618 secs] [Times: user=2.94 sys=0.06, real=0.20 secs] 
2016-09-25T22:38:34.864-0400: 110.234: [Full GC (Ergonomics) [PSYoungGen: 87828K->34975K(175104K)] [ParOldGen: 524227K->522343K(524288K)] 612055K->557318K(699392K), [Metaspace: 43979K->43979K(1087488K)], 0.1590996 secs] [Times: user=2.00 sys=0.02, real=0.16 secs] 
2016-09-25T22:38:35.055-0400: 110.425: [Full GC (Ergonomics) [PSYoungGen: 88064K->32123K(175104K)] [ParOldGen: 522846K->524245K(524288K)] 610910K->556369K(699392K), [Metaspace: 43979K->43979K(1087488K)], 0.1688353 secs] [Times: user=2.22 sys=0.02, real=0.17 secs] 
2016-09-25T22:38:35.259-0400: 110.629: [Full GC (Ergonomics) [PSYoungGen: 86624K->33679K(175104K)] [ParOldGen: 524245K->523208K(524288K)] 610869K->556888K(699392K), [Metaspace: 43979K->43979K(1087488K)], 0.1684824 secs] [Times: user=2.10 sys=0.01, real=0.17 secs] 
2016-09-25T22:38:35.456-0400: 110.826: [Full GC (Ergonomics) [PSYoungGen: 88064K->38949K(175104K)] [ParOldGen: 523356K->523664K(524288K)] 611420K->562614K(699392K), [Metaspace: 43979K->43979K(1087488K)], 0.1597020 secs] [Times: user=1.85 sys=0.01, real=0.16 secs] 
2016-09-25T22:38:35.645-0400: 111.015: [Full GC (Ergonomics) [PSYoungGen: 87177K->33670K(175104K)] [ParOldGen: 523664K->523919K(524288K)] 610842K->557589K(699392K), [Metaspace: 43979K->43979K(1087488K)], 0.1566993 secs] [Times: user=2.17 sys=0.01, real=0.15 secs] 
2016-09-25T22:38:35.834-0400: 111.204: [Full GC (Ergonomics) [PSYoungGen: 87549K->34906K(175104K)] [ParOldGen: 523919K->523379K(524288K)] 611468K->558286K(699392K), [Metaspace: 43979K->43979K(1087488K)], 0.1654352 secs] [Times: user=2.27 sys=0.01, real=0.17 secs] 
2016-09-25T22:38:36.035-0400: 111.406: [Full GC (Ergonomics) [PSYoungGen: 86732K->30598K(175104K)] [ParOldGen: 523379K->523806K(524288K)] 610112K->554405K(699392K), [Metaspace: 43979K->43979K(1087488K)], 0.1716666 secs] [Times: user=2.42 sys=0.05, real=0.17 secs] 
2016-09-25T22:38:36.243-0400: 111.613: [Full GC (Ergonomics) [PSYoungGen: 88064K->34879K(175104K)] [ParOldGen: 524055K->521608K(524288K)] 612119K->556488K(699392K), [Metaspace: 43979K->43979K(1087488K)], 0.1510585 secs] [Times: user=2.23 sys=0.02, real=0.15 secs] 
2016-09-25T22:38:36.422-0400: 111.792: [Full GC (Ergonomics) [PSYoungGen: 88064K->27798K(175104K)] [ParOldGen: 523096K->523744K(524288K)] 611160K->551543K(699392K), [Metaspace: 43979K->43979K(1087488K)], 0.1649076 secs] [Times: user=2.43 sys=0.01, real=0.16 secs] 
2016-09-25T22:38:36.629-0400: 111.999: [Full GC (Ergonomics) [PSYoungGen: 88064K->27926K(175104K)] [ParOldGen: 523744K->524016K(524288K)] 611808K->551942K(699392K), [Metaspace: 43979K->43979K(1087488K)], 0.1664509 secs] [Times: user=2.33 sys=0.01, real=0.17 secs] 
2016-09-25T22:38:36.816-0400: 112.186: [Full GC (Ergonomics) [PSYoungGen: 85607K->37296K(175104K)] [ParOldGen: 524016K->523242K(524288K)] 609623K->560539K(699392K), [Metaspace: 43979K->43979K(1087488K)], 0.1968697 secs] [Times: user=2.53 sys=0.02, real=0.19 secs] 
2016-09-25T22:38:37.059-0400: 112.429: [Full GC (Ergonomics) [PSYoungGen: 88064K->25157K(175104K)] [ParOldGen: 523257K->523665K(524288K)] 611321K->548823K(699392K), [Metaspace: 43979K->43979K(1087488K)], 0.1625389 secs] [Times: user=2.05 sys=0.02, real=0.16 secs] 
2016-09-25T22:38:37.253-0400: 112.623: [Full GC (Ergonomics) [PSYoungGen: 87988K->30558K(175104K)] [ParOldGen: 523665K->522717K(524288K)] 611653K->553276K(699392K), [Metaspace: 43979K->43979K(1087488K)], 0.1617750 secs] [Times: user=2.01 sys=0.01, real=0.17 secs] 
2016-09-25T22:38:37.455-0400: 112.825: [Full GC (Ergonomics) [PSYoungGen: 86109K->30534K(175104K)] [ParOldGen: 522717K->523203K(524288K)] 608827K->553738K(699392K), [Metaspace: 43979K->43979K(1087488K)], 0.1590195 secs] [Times: user=1.99 sys=0.01, real=0.15 secs] 
2016-09-25T22:38:37.651-0400: 113.021: [Full GC (Ergonomics) [PSYoungGen: 87240K->38876K(175104K)] [ParOldGen: 523203K->523525K(524288K)] 610444K->562401K(699392K), [Metaspace: 43979K->43979K(1087488K)], 0.1777342 secs] [Times: user=2.35 sys=0.03, real=0.18 secs] 
2016-09-25T22:38:37.865-0400: 113.235: [Full GC (Ergonomics) [PSYoungGen: 87121K->27902K(175104K)] [ParOldGen: 523525K->523882K(524288K)] 610646K->551784K(699392K), [Metaspace: 43979K->43979K(1087488K)], 0.1671367 secs] [Times: user=2.45 sys=0.02, real=0.16 secs] 
2016-09-25T22:38:38.070-0400: 113.440: [Full GC (Ergonomics) [PSYoungGen: 88064K->36191K(175104K)] [ParOldGen: 524052K->524159K(524288K)] 612116K->560351K(699392K), [Metaspace: 43979K->43979K(1087488K)], 0.1586421 secs] [Times: user=2.09 sys=0.02, real=0.16 secs] 
2016-09-25T22:38:38.269-0400: 113.639: [Full GC (Ergonomics) [PSYoungGen: 85596K->12664K(175104K)] [ParOldGen: 524159K->524142K(524288K)] 609755K->536806K(699392K), [Metaspace: 43981K->43981K(1087488K)], 0.1624776 secs] [Times: user=1.83 sys=0.04, real=0.16 secs] 
2016-09-25T22:38:38.467-0400: 113.837: [Full GC (Ergonomics) [PSYoungGen: 88064K->26233K(175104K)] [ParOldGen: 524269K->521964K(524288K)] 612333K->548197K(699392K), [Metaspace: 43981K->43981K(1087488K)], 0.1547160 secs] [Times: user=2.16 sys=0.02, real=0.15 secs] 
2016-09-25T22:38:38.661-0400: 114.031: [Full GC (Ergonomics) [PSYoungGen: 86728K->17900K(175104K)] [ParOldGen: 521964K->523822K(524288K)] 608692K->541722K(699392K), [Metaspace: 43981K->43981K(1087488K)], 0.1815722 secs] [Times: user=2.54 sys=0.03, real=0.19 secs] 
2016-09-25T22:38:38.870-0400: 114.240: [Full GC (Ergonomics) [PSYoungGen: 85959K->26042K(175104K)] [ParOldGen: 523822K->523096K(524288K)] 609781K->549138K(699392K), [Metaspace: 43981K->43981K(1087488K)], 0.1511602 secs] [Times: user=2.12 sys=0.01, real=0.15 secs] 
2016-09-25T22:38:39.071-0400: 114.441: [Full GC (Ergonomics) [PSYoungGen: 87111K->15248K(175104K)] [ParOldGen: 523096K->523518K(524288K)] 610207K->538767K(699392K), [Metaspace: 43981K->43981K(1087488K)], 0.1557423 secs] [Times: user=2.13 sys=0.03, real=0.16 secs] 
2016-09-25T22:38:39.257-0400: 114.627: [Full GC (Ergonomics) [PSYoungGen: 88064K->26149K(175104K)] [ParOldGen: 523637K->523971K(524288K)] 611701K->550121K(699392K), [Metaspace: 43981K->43981K(1087488K)], 0.1547380 secs] [Times: user=1.90 sys=0.01, real=0.15 secs] 
2016-09-25T22:38:39.454-0400: 114.824: [Full GC (Ergonomics) [PSYoungGen: 88064K->28639K(175104K)] [ParOldGen: 524250K->522022K(524288K)] 612314K->550662K(699392K), [Metaspace: 43981K->43981K(1087488K)], 0.1585600 secs] [Times: user=1.99 sys=0.01, real=0.16 secs] 
2016-09-25T22:38:39.653-0400: 115.023: [Full GC (Ergonomics) [PSYoungGen: 88064K->20908K(175104K)] [ParOldGen: 522061K->521865K(524288K)] 610125K->542774K(699392K), [Metaspace: 43981K->43981K(1087488K)], 0.1702749 secs] [Times: user=2.34 sys=0.00, real=0.18 secs] 
2016-09-25T22:38:39.852-0400: 115.222: [Full GC (Ergonomics) [PSYoungGen: 86207K->24840K(175104K)] [ParOldGen: 521865K->523999K(524288K)] 608072K->548839K(699392K), [Metaspace: 43981K->43981K(1087488K)], 0.1593228 secs] [Times: user=2.16 sys=0.03, real=0.16 secs] 
2016-09-25T22:38:40.059-0400: 115.429: [Full GC (Ergonomics) [PSYoungGen: 87715K->16678K(175104K)] [ParOldGen: 523999K->521827K(524288K)] 611714K->538505K(699392K), [Metaspace: 43981K->43981K(1087488K)], 0.1578729 secs] [Times: user=1.87 sys=0.02, real=0.16 secs] 
2016-09-25T22:38:40.256-0400: 115.626: [Full GC (Ergonomics) [PSYoungGen: 86162K->26148K(175104K)] [ParOldGen: 521827K->523530K(524288K)] 607990K->549678K(699392K), [Metaspace: 43981K->43981K(1087488K)], 0.1776121 secs] [Times: user=2.33 sys=0.01, real=0.17 secs] 
2016-09-25T22:38:40.467-0400: 115.837: [Full GC (Ergonomics) [PSYoungGen: 85535K->27469K(175104K)] [ParOldGen: 523530K->522671K(524288K)] 609066K->550141K(699392K), [Metaspace: 43981K->43981K(1087488K)], 0.1780797 secs] [Times: user=2.52 sys=0.02, real=0.18 secs] 
2016-09-25T22:38:40.681-0400: 116.051: [Full GC (Ergonomics) [PSYoungGen: 88064K->19454K(175104K)] [ParOldGen: 522671K->523080K(524288K)] 610735K->542535K(699392K), [Metaspace: 43981K->43981K(1087488K)], 0.1657413 secs] [Times: user=2.01 sys=0.00, real=0.17 secs] 
2016-09-25T22:38:40.848-0400: 116.218: [Full GC (Ergonomics) [PSYoungGen: 22157K->22154K(175104K)] [ParOldGen: 523080K->523080K(524288K)] 545237K->545234K(699392K), [Metaspace: 43981K->43981K(1087488K)], 0.0613064 secs] [Times: user=0.51 sys=0.01, real=0.06 secs] 
2016-09-25T22:38:40.951-0400: 116.321: [Full GC (Ergonomics) [PSYoungGen: 88064K->27198K(175104K)] [ParOldGen: 523091K->523879K(524288K)] 611155K->551078K(699392K), [Metaspace: 43981K->43981K(1087488K)], 0.1611249 secs] [Times: user=2.31 sys=0.01, real=0.16 secs] 
2016-09-25T22:38:41.144-0400: 116.514: [Full GC (Ergonomics) [PSYoungGen: 85716K->19589K(175104K)] [ParOldGen: 523879K->523786K(524288K)] 609596K->543376K(699392K), [Metaspace: 43989K->43989K(1087488K)], 0.1665785 secs] [Times: user=2.50 sys=0.00, real=0.16 secs] 
2016-09-25T22:38:41.346-0400: 116.716: [Full GC (Ergonomics) [PSYoungGen: 88064K->30277K(175104K)] [ParOldGen: 523969K->521626K(524288K)] 612033K->551903K(699392K), [Metaspace: 43989K->43989K(1087488K)], 0.1563481 secs] [Times: user=2.34 sys=0.00, real=0.15 secs] 
2016-09-25T22:38:41.530-0400: 116.900: [Full GC (Ergonomics) [PSYoungGen: 86417K->25014K(175104K)] [ParOldGen: 521626K->521914K(524288K)] 608044K->546929K(699392K), [Metaspace: 43989K->43989K(1087488K)], 0.1719530 secs] [Times: user=2.63 sys=0.00, real=0.17 secs] 
2016-09-25T22:38:41.762-0400: 117.132: [Full GC (Ergonomics) [PSYoungGen: 88064K->3286K(175104K)] [ParOldGen: 522140K->522756K(524288K)] 610204K->526042K(699392K), [Metaspace: 44016K->44016K(1087488K)], 0.2041076 secs] [Times: user=3.17 sys=0.04, real=0.21 secs] 
2016-09-25T22:38:47.121-0400: 122.491: [Full GC (Ergonomics) [PSYoungGen: 88063K->0K(175104K)] [ParOldGen: 522756K->520432K(524288K)] 610820K->520432K(699392K), [Metaspace: 44053K->44030K(1087488K)], 0.1150018 secs] [Times: user=0.98 sys=0.01, real=0.12 secs] 
2016-09-25T22:38:52.265-0400: 127.635: [Full GC (Ergonomics) [PSYoungGen: 88064K->0K(175104K)] [ParOldGen: 520432K->520797K(524288K)] 608496K->520797K(699392K), [Metaspace: 44038K->44038K(1087488K)], 0.1040143 secs] [Times: user=0.86 sys=0.01, real=0.10 secs] 
2016-09-25T22:38:57.545-0400: 132.915: [Full GC (Ergonomics) [PSYoungGen: 88064K->0K(175104K)] [ParOldGen: 520797K->511856K(524288K)] 608861K->511856K(699392K), [Metaspace: 44044K->44044K(1087488K)], 0.1142599 secs] [Times: user=1.00 sys=0.03, real=0.11 secs] 
2016-09-25T22:39:02.404-0400: 137.774: [Full GC (Ergonomics) [PSYoungGen: 88064K->0K(175104K)] [ParOldGen: 511856K->507284K(524288K)] 599920K->507284K(699392K), [Metaspace: 44058K->44058K(1087488K)], 0.1052202 secs] [Times: user=0.73 sys=0.01, real=0.10 secs] 
2016-09-25T22:39:07.815-0400: 143.185: [Full GC (Ergonomics) [PSYoungGen: 88064K->0K(175104K)] [ParOldGen: 507284K->501343K(524288K)] 595348K->501343K(699392K), [Metaspace: 44073K->44073K(1087488K)], 0.1050808 secs] [Times: user=0.94 sys=0.02, real=0.10 secs] 
