Java HotSpot(TM) 64-Bit Server VM (25.101-b13) for linux-amd64 JRE (1.8.0_101-b13), built on Jun 22 2016 02:59:44 by "java_re" with gcc 4.3.0 20080428 (Red Hat 4.3.0-8)
Memory: 4k page, physical 264122320k(255645088k free), swap 268399612k(268399612k free)
CommandLine flags: -XX:GCLogFileSize=1048576 -XX:+HeapDumpOnOutOfMemoryError -XX:HeapDumpPath=artifacts/heapdump -XX:InitialHeapSize=805306368 -XX:MaxHeapSize=805306368 -XX:NumberOfGCLogFiles=10 -XX:+PrintGC -XX:+PrintGCDateStamps -XX:+PrintGCDetails -XX:+PrintGCTimeStamps -XX:+UseCompressedClassPointers -XX:+UseCompressedOops -XX:+UseGCLogFileRotation -XX:+UseParallelGC 
2016-09-24T00:10:26.895-0400: 2.169: [GC (Metadata GC Threshold) [PSYoungGen: 121897K->15531K(229376K)] 121897K->15611K(753664K), 0.0218835 secs] [Times: user=0.09 sys=0.03, real=0.02 secs] 
2016-09-24T00:10:26.917-0400: 2.191: [Full GC (Metadata GC Threshold) [PSYoungGen: 15531K->0K(229376K)] [ParOldGen: 80K->14601K(355840K)] 15611K->14601K(585216K), [Metaspace: 21075K->21075K(1067008K)], 0.0596105 secs] [Times: user=0.44 sys=0.02, real=0.06 secs] 
2016-09-24T00:10:28.776-0400: 4.050: [GC (Metadata GC Threshold) [PSYoungGen: 119751K->14779K(229376K)] 134353K->29389K(585216K), 0.0363623 secs] [Times: user=0.32 sys=0.01, real=0.03 secs] 
2016-09-24T00:10:28.813-0400: 4.087: [Full GC (Metadata GC Threshold) [PSYoungGen: 14779K->0K(229376K)] [ParOldGen: 14609K->20239K(524288K)] 29389K->20239K(753664K), [Metaspace: 35086K->35086K(1079296K)], 0.0682527 secs] [Times: user=0.62 sys=0.01, real=0.07 secs] 
2016-09-24T00:10:30.568-0400: 5.842: [GC (Allocation Failure) [PSYoungGen: 191473K->23516K(229376K)] 211713K->43763K(753664K), 0.0112049 secs] [Times: user=0.14 sys=0.00, real=0.01 secs] 
2016-09-24T00:10:31.467-0400: 6.741: [GC (GCLocker Initiated GC) [PSYoungGen: 220124K->32747K(229376K)] 240377K->59882K(753664K), 0.0104121 secs] [Times: user=0.11 sys=0.02, real=0.01 secs] 
2016-09-24T00:10:33.694-0400: 8.968: [GC (GCLocker Initiated GC) [PSYoungGen: 229355K->21076K(218112K)] 262605K->54334K(742400K), 0.0090870 secs] [Times: user=0.09 sys=0.00, real=0.01 secs] 
2016-09-24T00:10:34.656-0400: 9.930: [GC (Allocation Failure) [PSYoungGen: 217684K->21176K(226304K)] 257367K->60867K(750592K), 0.0083245 secs] [Times: user=0.09 sys=0.00, real=0.01 secs] 
2016-09-24T00:10:35.653-0400: 10.927: [GC (Allocation Failure) [PSYoungGen: 210104K->33259K(222208K)] 249795K->79033K(746496K), 0.0149232 secs] [Times: user=0.15 sys=0.02, real=0.02 secs] 
2016-09-24T00:10:36.655-0400: 11.929: [GC (Allocation Failure) [PSYoungGen: 222187K->39363K(213504K)] 267961K->85144K(737792K), 0.0283719 secs] [Times: user=0.31 sys=0.04, real=0.03 secs] 
2016-09-24T00:10:37.540-0400: 12.813: [GC (Allocation Failure) [PSYoungGen: 213443K->39334K(213504K)] 259224K->85124K(737792K), 0.0084042 secs] [Times: user=0.09 sys=0.01, real=0.01 secs] 
2016-09-24T00:10:38.479-0400: 13.753: [GC (GCLocker Initiated GC) [PSYoungGen: 213414K->39398K(209408K)] 259204K->85196K(733696K), 0.0113503 secs] [Times: user=0.12 sys=0.02, real=0.01 secs] 
2016-09-24T00:10:39.345-0400: 14.619: [GC (Allocation Failure) [PSYoungGen: 201190K->39459K(201728K)] 247338K->85614K(726016K), 0.0123782 secs] [Times: user=0.08 sys=0.02, real=0.01 secs] 
2016-09-24T00:10:40.241-0400: 15.514: [GC (Allocation Failure) [PSYoungGen: 201251K->39334K(207360K)] 247406K->85498K(731648K), 0.0114992 secs] [Times: user=0.11 sys=0.00, real=0.01 secs] 
2016-09-24T00:10:41.043-0400: 16.317: [GC (Allocation Failure) [PSYoungGen: 189448K->21013K(208896K)] 235611K->67185K(733184K), 0.0241824 secs] [Times: user=0.31 sys=0.01, real=0.02 secs] 
2016-09-24T00:10:41.869-0400: 17.143: [GC (Allocation Failure) [PSYoungGen: 170805K->21173K(206336K)] 216976K->67353K(730624K), 0.0114150 secs] [Times: user=0.13 sys=0.00, real=0.01 secs] 
2016-09-24T00:10:42.662-0400: 17.936: [GC (Allocation Failure) [PSYoungGen: 177333K->39334K(207872K)] 223513K->85514K(732160K), 0.0121808 secs] [Times: user=0.13 sys=0.02, real=0.01 secs] 
2016-09-24T00:10:43.497-0400: 18.771: [GC (Allocation Failure) [PSYoungGen: 193572K->21045K(209408K)] 239751K->67225K(733696K), 0.0224173 secs] [Times: user=0.18 sys=0.02, real=0.02 secs] 
2016-09-24T00:10:44.286-0400: 19.560: [GC (Allocation Failure) [PSYoungGen: 171661K->21173K(177664K)] 217841K->67361K(701952K), 0.0111787 secs] [Times: user=0.13 sys=0.00, real=0.01 secs] 
2016-09-24T00:10:45.090-0400: 20.364: [GC (Allocation Failure) [PSYoungGen: 171785K->1184K(205824K)] 217973K->67474K(730112K), 0.0221495 secs] [Times: user=0.23 sys=0.04, real=0.02 secs] 
2016-09-24T00:10:45.906-0400: 21.180: [GC (Allocation Failure) [PSYoungGen: 150769K->960K(155136K)] 217060K->67647K(679424K), 0.0053365 secs] [Times: user=0.05 sys=0.01, real=0.00 secs] 
2016-09-24T00:10:46.699-0400: 21.972: [GC (Allocation Failure) [PSYoungGen: 149964K->640K(205824K)] 216652K->67687K(730112K), 0.0107620 secs] [Times: user=0.12 sys=0.00, real=0.01 secs] 
2016-09-24T00:10:47.506-0400: 22.780: [GC (Allocation Failure) [PSYoungGen: 148518K->416K(206336K)] 215566K->67527K(730624K), 0.0097242 secs] [Times: user=0.10 sys=0.00, real=0.01 secs] 
2016-09-24T00:10:48.311-0400: 23.584: [GC (Allocation Failure) [PSYoungGen: 148976K->480K(205312K)] 216088K->67655K(729600K), 0.0266151 secs] [Times: user=0.30 sys=0.00, real=0.03 secs] 
2016-09-24T00:10:49.126-0400: 24.400: [GC (Allocation Failure) [PSYoungGen: 148682K->512K(205824K)] 215857K->67751K(730112K), 0.0195664 secs] [Times: user=0.22 sys=0.01, real=0.02 secs] 
2016-09-24T00:10:51.223-0400: 26.497: [GC (Allocation Failure) [PSYoungGen: 150223K->768K(204288K)] 217462K->68111K(728576K), 0.0093597 secs] [Times: user=0.10 sys=0.00, real=0.00 secs] 
2016-09-24T00:10:51.851-0400: 27.125: [GC (Allocation Failure) [PSYoungGen: 149407K->512K(205312K)] 216750K->67927K(729600K), 0.0056276 secs] [Times: user=0.05 sys=0.00, real=0.01 secs] 
2016-09-24T00:10:52.652-0400: 27.925: [GC (Allocation Failure) [PSYoungGen: 149996K->512K(206848K)] 217412K->67983K(731136K), 0.0093685 secs] [Times: user=0.08 sys=0.01, real=0.01 secs] 
2016-09-24T00:10:53.468-0400: 28.742: [GC (Allocation Failure) [PSYoungGen: 158720K->18919K(207872K)] 226191K->86446K(732160K), 0.0097115 secs] [Times: user=0.09 sys=0.01, real=0.01 secs] 
2016-09-24T00:10:54.297-0400: 29.570: [GC (Allocation Failure) [PSYoungGen: 175819K->480K(208384K)] 243347K->68047K(732672K), 0.0066460 secs] [Times: user=0.04 sys=0.00, real=0.01 secs] 
2016-09-24T00:10:55.124-0400: 30.397: [GC (Allocation Failure) [PSYoungGen: 162324K->18865K(210432K)] 229891K->86520K(734720K), 0.0194950 secs] [Times: user=0.18 sys=0.02, real=0.02 secs] 
2016-09-24T00:10:55.509-0400: 30.782: [GC (Allocation Failure) [PSYoungGen: 182703K->43261K(199680K)] 250359K->141323K(723968K), 0.0294122 secs] [Times: user=0.27 sys=0.01, real=0.03 secs] 
2016-09-24T00:10:55.807-0400: 31.080: [GC (GCLocker Initiated GC) [PSYoungGen: 196860K->50115K(203776K)] 294934K->184687K(728064K), 0.0256377 secs] [Times: user=0.29 sys=0.03, real=0.02 secs] 
2016-09-24T00:10:56.050-0400: 31.323: [GC (GCLocker Initiated GC) [PSYoungGen: 203715K->56390K(174080K)] 338530K->191277K(698368K), 0.0221144 secs] [Times: user=0.21 sys=0.00, real=0.02 secs] 
2016-09-24T00:10:56.213-0400: 31.487: [GC (Allocation Failure) [PSYoungGen: 172102K->68600K(184320K)] 307093K->252271K(708608K), 0.0141921 secs] [Times: user=0.15 sys=0.03, real=0.02 secs] 
2016-09-24T00:10:56.404-0400: 31.678: [GC (GCLocker Initiated GC) [PSYoungGen: 180911K->68312K(165888K)] 370656K->258130K(690176K), 0.0292977 secs] [Times: user=0.26 sys=0.00, real=0.02 secs] 
2016-09-24T00:10:56.536-0400: 31.810: [GC (GCLocker Initiated GC) [PSYoungGen: 156376K->81278K(175104K)] 346376K->319998K(699392K), 0.0110194 secs] [Times: user=0.15 sys=0.01, real=0.01 secs] 
2016-09-24T00:10:56.657-0400: 31.931: [GC (GCLocker Initiated GC) [PSYoungGen: 169342K->86925K(175104K)] 414168K->386538K(699392K), 0.0165780 secs] [Times: user=0.18 sys=0.02, real=0.01 secs] 
2016-09-24T00:10:56.803-0400: 32.077: [GC (GCLocker Initiated GC) [PSYoungGen: 174989K->86637K(175104K)] 480725K->422852K(699392K), 0.0301524 secs] [Times: user=0.29 sys=0.03, real=0.02 secs] 
2016-09-24T00:10:56.946-0400: 32.219: [GC (GCLocker Initiated GC) [PSYoungGen: 174701K->86573K(175104K)] 510948K->495960K(699392K), 0.0189624 secs] [Times: user=0.19 sys=0.03, real=0.02 secs] 
2016-09-24T00:10:57.084-0400: 32.358: [GC (GCLocker Initiated GC) [PSYoungGen: 174637K->85890K(175104K)] 584341K->532780K(699392K), 0.0154507 secs] [Times: user=0.14 sys=0.02, real=0.01 secs] 
2016-09-24T00:10:57.099-0400: 32.373: [Full GC (Ergonomics) [PSYoungGen: 85890K->0K(175104K)] [ParOldGen: 446890K->51209K(524288K)] 532780K->51209K(699392K), [Metaspace: 43812K->43812K(1085440K)], 0.2137545 secs] [Times: user=2.71 sys=0.02, real=0.21 secs] 
2016-09-24T00:10:57.446-0400: 32.720: [GC (GCLocker Initiated GC) [PSYoungGen: 88064K->85826K(175104K)] 145568K->149405K(699392K), 0.0114101 secs] [Times: user=0.08 sys=0.01, real=0.01 secs] 
2016-09-24T00:10:57.597-0400: 32.871: [GC (GCLocker Initiated GC) [PSYoungGen: 173890K->86054K(175104K)] 237471K->167860K(699392K), 0.0152150 secs] [Times: user=0.16 sys=0.00, real=0.01 secs] 
2016-09-24T00:10:57.749-0400: 33.023: [GC (GCLocker Initiated GC) [PSYoungGen: 174118K->85826K(175104K)] 256112K->186045K(699392K), 0.0243251 secs] [Times: user=0.27 sys=0.00, real=0.02 secs] 
2016-09-24T00:10:57.887-0400: 33.160: [GC (GCLocker Initiated GC) [PSYoungGen: 173890K->67697K(175104K)] 274453K->205149K(699392K), 0.0194729 secs] [Times: user=0.17 sys=0.00, real=0.02 secs] 
2016-09-24T00:10:58.025-0400: 33.298: [GC (GCLocker Initiated GC) [PSYoungGen: 155761K->25111K(175104K)] 293395K->199283K(699392K), 0.0127061 secs] [Times: user=0.09 sys=0.01, real=0.01 secs] 
2016-09-24T00:10:58.171-0400: 33.445: [GC (GCLocker Initiated GC) [PSYoungGen: 113175K->55839K(175104K)] 299735K->242877K(699392K), 0.0132760 secs] [Times: user=0.14 sys=0.00, real=0.02 secs] 
2016-09-24T00:10:58.318-0400: 33.591: [GC (GCLocker Initiated GC) [PSYoungGen: 143903K->61426K(175104K)] 337069K->272952K(699392K), 0.0275825 secs] [Times: user=0.28 sys=0.01, real=0.03 secs] 
2016-09-24T00:10:58.456-0400: 33.729: [GC (GCLocker Initiated GC) [PSYoungGen: 149490K->49440K(175104K)] 361069K->303656K(699392K), 0.0128416 secs] [Times: user=0.09 sys=0.02, real=0.01 secs] 
2016-09-24T00:10:58.562-0400: 33.835: [GC (GCLocker Initiated GC) [PSYoungGen: 137504K->49440K(175104K)] 397895K->376987K(699392K), 0.0190677 secs] [Times: user=0.22 sys=0.00, real=0.02 secs] 
2016-09-24T00:10:58.679-0400: 33.953: [GC (GCLocker Initiated GC) [PSYoungGen: 137504K->49408K(175104K)] 465244K->426352K(699392K), 0.0114847 secs] [Times: user=0.09 sys=0.00, real=0.01 secs] 
2016-09-24T00:10:58.813-0400: 34.087: [GC (GCLocker Initiated GC) [PSYoungGen: 137472K->79655K(175104K)] 514765K->487755K(699392K), 0.0301043 secs] [Times: user=0.34 sys=0.01, real=0.04 secs] 
2016-09-24T00:10:58.935-0400: 34.209: [GC (GCLocker Initiated GC) [PSYoungGen: 167719K->79651K(175104K)] 575911K->543146K(699392K), 0.0163743 secs] [Times: user=0.17 sys=0.03, real=0.01 secs] 
2016-09-24T00:10:58.952-0400: 34.225: [Full GC (Ergonomics) [PSYoungGen: 79651K->0K(175104K)] [ParOldGen: 463494K->51482K(524288K)] 543146K->51482K(699392K), [Metaspace: 43831K->43831K(1085440K)], 0.1029561 secs] [Times: user=0.54 sys=0.03, real=0.11 secs] 
2016-09-24T00:10:59.152-0400: 34.426: [GC (GCLocker Initiated GC) [PSYoungGen: 88064K->86178K(175104K)] 139761K->156100K(699392K), 0.0143613 secs] [Times: user=0.18 sys=0.01, real=0.02 secs] 
2016-09-24T00:10:59.289-0400: 34.563: [GC (GCLocker Initiated GC) [PSYoungGen: 174242K->55643K(175104K)] 256636K->181118K(699392K), 0.0119341 secs] [Times: user=0.13 sys=0.00, real=0.01 secs] 
2016-09-24T00:10:59.437-0400: 34.710: [GC (GCLocker Initiated GC) [PSYoungGen: 143707K->73640K(175104K)] 269340K->217782K(699392K), 0.0119086 secs] [Times: user=0.12 sys=0.00, real=0.01 secs] 
2016-09-24T00:10:59.576-0400: 34.850: [GC (GCLocker Initiated GC) [PSYoungGen: 161704K->55351K(175104K)] 305887K->236112K(699392K), 0.0228885 secs] [Times: user=0.23 sys=0.01, real=0.02 secs] 
2016-09-24T00:10:59.715-0400: 34.989: [GC (GCLocker Initiated GC) [PSYoungGen: 143415K->49376K(175104K)] 324437K->266967K(699392K), 0.0123793 secs] [Times: user=0.15 sys=0.01, real=0.01 secs] 
2016-09-24T00:10:59.858-0400: 35.132: [GC (Allocation Failure) [PSYoungGen: 137440K->19656K(175104K)] 373460K->255952K(699392K), 0.0220836 secs] [Times: user=0.22 sys=0.00, real=0.02 secs] 
2016-09-24T00:10:59.998-0400: 35.271: [GC (GCLocker Initiated GC) [PSYoungGen: 107720K->61330K(175104K)] 344023K->298391K(699392K), 0.0090449 secs] [Times: user=0.06 sys=0.00, real=0.01 secs] 
2016-09-24T00:11:00.121-0400: 35.395: [GC (GCLocker Initiated GC) [PSYoungGen: 149394K->25011K(175104K)] 392717K->323121K(699392K), 0.0138495 secs] [Times: user=0.16 sys=0.01, real=0.02 secs] 
2016-09-24T00:11:00.229-0400: 35.503: [GC (GCLocker Initiated GC) [PSYoungGen: 113075K->86118K(175104K)] 411530K->403088K(699392K), 0.0095982 secs] [Times: user=0.11 sys=0.00, real=0.01 secs] 
2016-09-24T00:11:00.336-0400: 35.610: [GC (Allocation Failure) [PSYoungGen: 174182K->79751K(175104K)] 491508K->428071K(699392K), 0.0124498 secs] [Times: user=0.10 sys=0.01, real=0.01 secs] 
2016-09-24T00:11:00.470-0400: 35.744: [GC (GCLocker Initiated GC) [PSYoungGen: 167815K->49148K(175104K)] 528285K->440073K(699392K), 0.0258857 secs] [Times: user=0.26 sys=0.00, real=0.03 secs] 
2016-09-24T00:11:00.621-0400: 35.894: [GC (GCLocker Initiated GC) [PSYoungGen: 137212K->73740K(175104K)] 528346K->464994K(699392K), 0.0081184 secs] [Times: user=0.08 sys=0.00, real=0.01 secs] 
2016-09-24T00:11:00.770-0400: 36.044: [GC (GCLocker Initiated GC) [PSYoungGen: 161804K->43201K(175104K)] 553289K->453359K(699392K), 0.0116624 secs] [Times: user=0.09 sys=0.00, real=0.01 secs] 
2016-09-24T00:11:00.904-0400: 36.178: [GC (Allocation Failure) [PSYoungGen: 131265K->85758K(175104K)] 541582K->526586K(699392K), 0.0236309 secs] [Times: user=0.26 sys=0.01, real=0.02 secs] 
2016-09-24T00:11:00.928-0400: 36.202: [GC (GCLocker Initiated GC) [PSYoungGen: 86132K->64K(175104K)] 526960K->520221K(699392K), 0.0099441 secs] [Times: user=0.07 sys=0.02, real=0.01 secs] 
2016-09-24T00:11:00.938-0400: 36.212: [Full GC (Ergonomics) [PSYoungGen: 64K->0K(175104K)] [ParOldGen: 520157K->51440K(524288K)] 520221K->51440K(699392K), [Metaspace: 43864K->43864K(1087488K)], 0.0493716 secs] [Times: user=0.25 sys=0.02, real=0.05 secs] 
2016-09-24T00:11:01.094-0400: 36.367: [GC (GCLocker Initiated GC) [PSYoungGen: 88064K->86374K(175104K)] 139505K->174265K(699392K), 0.0139886 secs] [Times: user=0.15 sys=0.00, real=0.02 secs] 
2016-09-24T00:11:01.234-0400: 36.508: [GC (GCLocker Initiated GC) [PSYoungGen: 174438K->43105K(175104K)] 268759K->186698K(699392K), 0.0496961 secs] [Times: user=0.50 sys=0.01, real=0.05 secs] 
2016-09-24T00:11:01.371-0400: 36.645: [GC (GCLocker Initiated GC) [PSYoungGen: 131169K->85954K(175104K)] 281148K->260368K(699392K), 0.0108529 secs] [Times: user=0.11 sys=0.00, real=0.01 secs] 
2016-09-24T00:11:01.502-0400: 36.776: [GC (GCLocker Initiated GC) [PSYoungGen: 174018K->43301K(175104K)] 360911K->285292K(699392K), 0.0219409 secs] [Times: user=0.17 sys=0.01, real=0.03 secs] 
2016-09-24T00:11:01.626-0400: 36.900: [GC (GCLocker Initiated GC) [PSYoungGen: 131365K->67533K(175104K)] 373560K->328253K(699392K), 0.0110745 secs] [Times: user=0.11 sys=0.01, real=0.01 secs] 
2016-09-24T00:11:01.756-0400: 37.030: [GC (GCLocker Initiated GC) [PSYoungGen: 155597K->55579K(175104K)] 422742K->359497K(699392K), 0.0099576 secs] [Times: user=0.12 sys=0.00, real=0.01 secs] 
2016-09-24T00:11:01.869-0400: 37.142: [GC (GCLocker Initiated GC) [PSYoungGen: 143643K->73540K(175104K)] 447922K->402599K(699392K), 0.0093049 secs] [Times: user=0.10 sys=0.00, real=0.01 secs] 
2016-09-24T00:11:01.975-0400: 37.248: [GC (GCLocker Initiated GC) [PSYoungGen: 161604K->73708K(175104K)] 490671K->421127K(699392K), 0.0093012 secs] [Times: user=0.10 sys=0.00, real=0.01 secs] 
2016-09-24T00:11:02.087-0400: 37.361: [GC (GCLocker Initiated GC) [PSYoungGen: 161772K->85922K(175104K)] 509267K->439783K(699392K), 0.0147426 secs] [Times: user=0.15 sys=0.00, real=0.02 secs] 
2016-09-24T00:11:02.205-0400: 37.479: [GC (GCLocker Initiated GC) [PSYoungGen: 173986K->67469K(175104K)] 527878K->482246K(699392K), 0.0287309 secs] [Times: user=0.34 sys=0.00, real=0.02 secs] 
2016-09-24T00:11:02.344-0400: 37.618: [GC (GCLocker Initiated GC) [PSYoungGen: 155533K->61494K(175104K)] 570649K->537479K(699392K), 0.0118569 secs] [Times: user=0.15 sys=0.00, real=0.01 secs] 
2016-09-24T00:11:02.356-0400: 37.630: [Full GC (Ergonomics) [PSYoungGen: 61494K->0K(175104K)] [ParOldGen: 475985K->45734K(524288K)] 537479K->45734K(699392K), [Metaspace: 43879K->43879K(1087488K)], 0.0489564 secs] [Times: user=0.37 sys=0.00, real=0.05 secs] 
2016-09-24T00:11:02.509-0400: 37.783: [GC (GCLocker Initiated GC) [PSYoungGen: 88064K->73448K(175104K)] 140161K->125553K(699392K), 0.0147440 secs] [Times: user=0.15 sys=0.00, real=0.02 secs] 
2016-09-24T00:11:02.664-0400: 37.938: [GC (Allocation Failure) [PSYoungGen: 161512K->24979K(175104K)] 226010K->138345K(699392K), 0.0215915 secs] [Times: user=0.23 sys=0.00, real=0.02 secs] 
2016-09-24T00:11:02.783-0400: 38.057: [GC (GCLocker Initiated GC) [PSYoungGen: 113043K->49116K(175104K)] 226416K->162763K(699392K), 0.0160424 secs] [Times: user=0.18 sys=0.00, real=0.01 secs] 
2016-09-24T00:11:02.904-0400: 38.178: [GC (GCLocker Initiated GC) [PSYoungGen: 137180K->55515K(175104K)] 256944K->193795K(699392K), 0.0122364 secs] [Times: user=0.13 sys=0.00, real=0.01 secs] 
2016-09-24T00:11:03.045-0400: 38.319: [GC (GCLocker Initiated GC) [PSYoungGen: 143579K->49212K(175104K)] 287977K->236403K(699392K), 0.0288303 secs] [Times: user=0.29 sys=0.00, real=0.02 secs] 
2016-09-24T00:11:03.210-0400: 38.484: [GC (GCLocker Initiated GC) [PSYoungGen: 137276K->43009K(175104K)] 330897K->261190K(699392K), 0.0106517 secs] [Times: user=0.07 sys=0.00, real=0.01 secs] 
2016-09-24T00:11:03.318-0400: 38.592: [GC (GCLocker Initiated GC) [PSYoungGen: 131073K->79651K(175104K)] 349284K->316395K(699392K), 0.0115911 secs] [Times: user=0.10 sys=0.00, real=0.01 secs] 
2016-09-24T00:11:03.455-0400: 38.729: [GC (Allocation Failure) [PSYoungGen: 167715K->55255K(175104K)] 410654K->359048K(699392K), 0.0194722 secs] [Times: user=0.17 sys=0.01, real=0.02 secs] 
2016-09-24T00:11:03.603-0400: 38.876: [GC (GCLocker Initiated GC) [PSYoungGen: 141696K->49340K(175104K)] 451564K->402016K(699392K), 0.0132047 secs] [Times: user=0.17 sys=0.00, real=0.01 secs] 
2016-09-24T00:11:03.720-0400: 38.994: [GC (GCLocker Initiated GC) [PSYoungGen: 137404K->86054K(175104K)] 490452K->445297K(699392K), 0.0114247 secs] [Times: user=0.12 sys=0.00, real=0.01 secs] 
2016-09-24T00:11:03.872-0400: 39.146: [GC (Allocation Failure) [PSYoungGen: 174118K->49472K(175104K)] 551919K->463998K(699392K), 0.0103969 secs] [Times: user=0.11 sys=0.00, real=0.02 secs] 
2016-09-24T00:11:03.883-0400: 39.157: [GC (GCLocker Initiated GC) [PSYoungGen: 49481K->32K(175104K)] 464008K->469809K(699392K), 0.0060832 secs] [Times: user=0.07 sys=0.00, real=0.00 secs] 
2016-09-24T00:11:03.889-0400: 39.163: [Full GC (Ergonomics) [PSYoungGen: 32K->0K(175104K)] [ParOldGen: 469777K->57812K(524288K)] 469809K->57812K(699392K), [Metaspace: 43925K->43925K(1087488K)], 0.0557681 secs] [Times: user=0.41 sys=0.00, real=0.06 secs] 
2016-09-24T00:11:04.035-0400: 39.308: [GC (GCLocker Initiated GC) [PSYoungGen: 88064K->79879K(175104K)] 145882K->137697K(699392K), 0.0144413 secs] [Times: user=0.13 sys=0.00, real=0.01 secs] 
2016-09-24T00:11:04.154-0400: 39.428: [GC (GCLocker Initiated GC) [PSYoungGen: 167943K->55679K(175104K)] 225764K->168458K(699392K), 0.0130137 secs] [Times: user=0.14 sys=0.01, real=0.02 secs] 
2016-09-24T00:11:04.275-0400: 39.549: [GC (GCLocker Initiated GC) [PSYoungGen: 143743K->85858K(175104K)] 262656K->223608K(699392K), 0.0163513 secs] [Times: user=0.18 sys=0.00, real=0.01 secs] 
2016-09-24T00:11:04.432-0400: 39.706: [GC (GCLocker Initiated GC) [PSYoungGen: 173922K->55775K(175104K)] 317890K->230253K(699392K), 0.0274465 secs] [Times: user=0.30 sys=0.00, real=0.03 secs] 
2016-09-24T00:11:04.589-0400: 39.863: [GC (GCLocker Initiated GC) [PSYoungGen: 143837K->36934K(175104K)] 324751K->218255K(699392K), 0.0073798 secs] [Times: user=0.05 sys=0.01, real=0.01 secs] 
2016-09-24T00:11:04.698-0400: 39.972: [GC (GCLocker Initiated GC) [PSYoungGen: 124998K->49180K(175104K)] 318741K->249094K(699392K), 0.0145033 secs] [Times: user=0.11 sys=0.01, real=0.01 secs] 
2016-09-24T00:11:04.852-0400: 40.125: [GC (Allocation Failure) [PSYoungGen: 137244K->43368K(175104K)] 337165K->261634K(699392K), 0.0179325 secs] [Times: user=0.18 sys=0.00, real=0.02 secs] 
2016-09-24T00:11:04.987-0400: 40.260: [GC (GCLocker Initiated GC) [PSYoungGen: 131432K->73476K(175104K)] 349698K->310406K(699392K), 0.0124165 secs] [Times: user=0.12 sys=0.00, real=0.01 secs] 
2016-09-24T00:11:05.081-0400: 40.355: [GC (Allocation Failure) [PSYoungGen: 161540K->67761K(175104K)] 398478K->341269K(699392K), 0.0164765 secs] [Times: user=0.17 sys=0.00, real=0.02 secs] 
2016-09-24T00:11:05.098-0400: 40.372: [GC (GCLocker Initiated GC) [PSYoungGen: 68404K->192K(175104K)] 341912K->353225K(699392K), 0.0108490 secs] [Times: user=0.13 sys=0.00, real=0.01 secs] 
2016-09-24T00:11:05.211-0400: 40.485: [GC (GCLocker Initiated GC) [PSYoungGen: 86901K->86306K(175104K)] 446010K->487963K(699392K), 0.0139618 secs] [Times: user=0.17 sys=0.00, real=0.02 secs] 
2016-09-24T00:11:05.362-0400: 40.636: [GC (Allocation Failure) [PSYoungGen: 174370K->37354K(175104K)] 588297K->488638K(699392K), 0.0110812 secs] [Times: user=0.12 sys=0.00, real=0.00 secs] 
2016-09-24T00:11:05.374-0400: 40.647: [Full GC (Ergonomics) [PSYoungGen: 37354K->0K(175104K)] [ParOldGen: 451284K->45857K(524288K)] 488638K->45857K(699392K), [Metaspace: 43939K->43939K(1087488K)], 0.0583197 secs] [Times: user=0.49 sys=0.01, real=0.06 secs] 
2016-09-24T00:11:05.524-0400: 40.798: [GC (GCLocker Initiated GC) [PSYoungGen: 84267K->85886K(175104K)] 136200K->143893K(699392K), 0.0103412 secs] [Times: user=0.14 sys=0.00, real=0.01 secs] 
2016-09-24T00:11:05.645-0400: 40.919: [GC (GCLocker Initiated GC) [PSYoungGen: 173950K->55383K(175104K)] 232318K->150548K(699392K), 0.0186805 secs] [Times: user=0.19 sys=0.00, real=0.02 secs] 
2016-09-24T00:11:05.767-0400: 41.041: [GC (GCLocker Initiated GC) [PSYoungGen: 143447K->55455K(175104K)] 251074K->163325K(699392K), 0.0101725 secs] [Times: user=0.07 sys=0.00, real=0.01 secs] 
2016-09-24T00:11:05.880-0400: 41.154: [GC (GCLocker Initiated GC) [PSYoungGen: 143519K->79523K(175104K)] 251549K->206193K(699392K), 0.0310098 secs] [Times: user=0.32 sys=0.00, real=0.03 secs] 
2016-09-24T00:11:06.027-0400: 41.301: [GC (GCLocker Initiated GC) [PSYoungGen: 167587K->61722K(175104K)] 294551K->219164K(699392K), 0.0117619 secs] [Times: user=0.13 sys=0.01, real=0.01 secs] 
2016-09-24T00:11:06.180-0400: 41.454: [GC (Allocation Failure) [PSYoungGen: 149786K->55059K(175104K)] 307270K->212943K(699392K), 0.0089817 secs] [Times: user=0.08 sys=0.01, real=0.01 secs] 
2016-09-24T00:11:06.307-0400: 41.581: [GC (GCLocker Initiated GC) [PSYoungGen: 143123K->73444K(175104K)] 301012K->286136K(699392K), 0.0176397 secs] [Times: user=0.20 sys=0.00, real=0.02 secs] 
2016-09-24T00:11:06.457-0400: 41.731: [GC (GCLocker Initiated GC) [PSYoungGen: 161508K->37322K(175104K)] 392574K->286716K(699392K), 0.0085060 secs] [Times: user=0.09 sys=0.01, real=0.01 secs] 
2016-09-24T00:11:06.568-0400: 41.842: [GC (GCLocker Initiated GC) [PSYoungGen: 125386K->85594K(175104K)] 374890K->347687K(699392K), 0.0225811 secs] [Times: user=0.29 sys=0.01, real=0.02 secs] 
2016-09-24T00:11:06.706-0400: 41.979: [GC (GCLocker Initiated GC) [PSYoungGen: 173658K->37617K(175104K)] 442142K->379146K(699392K), 0.0097344 secs] [Times: user=0.13 sys=0.00, real=0.01 secs] 
2016-09-24T00:11:06.818-0400: 42.091: [GC (GCLocker Initiated GC) [PSYoungGen: 125681K->79783K(175104K)] 467571K->440665K(699392K), 0.0112631 secs] [Times: user=0.10 sys=0.00, real=0.01 secs] 
2016-09-24T00:11:06.928-0400: 42.202: [GC (GCLocker Initiated GC) [PSYoungGen: 167847K->73576K(175104K)] 535120K->496003K(699392K), 0.0146229 secs] [Times: user=0.14 sys=0.01, real=0.02 secs] 
2016-09-24T00:11:07.053-0400: 42.327: [GC (GCLocker Initiated GC) [PSYoungGen: 161640K->67405K(175104K)] 590324K->526723K(699392K), 0.0117403 secs] [Times: user=0.10 sys=0.01, real=0.02 secs] 
2016-09-24T00:11:07.065-0400: 42.338: [Full GC (Ergonomics) [PSYoungGen: 67405K->0K(175104K)] [ParOldGen: 459318K->58012K(524288K)] 526723K->58012K(699392K), [Metaspace: 43951K->43951K(1087488K)], 0.0714829 secs] [Times: user=0.52 sys=0.01, real=0.07 secs] 
2016-09-24T00:11:07.234-0400: 42.508: [GC (GCLocker Initiated GC) [PSYoungGen: 88064K->86566K(175104K)] 152261K->156846K(699392K), 0.0182102 secs] [Times: user=0.20 sys=0.00, real=0.01 secs] 
2016-09-24T00:11:08.446-0400: 43.720: [GC (GCLocker Initiated GC) [PSYoungGen: 174630K->36998K(175104K)] 245081K->181293K(699392K), 0.0178018 secs] [Times: user=0.11 sys=0.01, real=0.02 secs] 
2016-09-24T00:11:08.586-0400: 43.860: [GC (Allocation Failure) [PSYoungGen: 125062K->55515K(175104K)] 275681K->242711K(699392K), 0.0106838 secs] [Times: user=0.10 sys=0.00, real=0.01 secs] 
2016-09-24T00:11:08.705-0400: 43.978: [GC (GCLocker Initiated GC) [PSYoungGen: 143254K->85794K(175104K)] 336526K->303641K(699392K), 0.0139631 secs] [Times: user=0.13 sys=0.02, real=0.01 secs] 
2016-09-24T00:11:08.827-0400: 44.101: [GC (GCLocker Initiated GC) [PSYoungGen: 173858K->73544K(175104K)] 391904K->322084K(699392K), 0.0162761 secs] [Times: user=0.16 sys=0.01, real=0.02 secs] 
2016-09-24T00:11:08.960-0400: 44.233: [GC (GCLocker Initiated GC) [PSYoungGen: 161608K->73708K(175104K)] 410285K->353068K(699392K), 0.0137853 secs] [Times: user=0.12 sys=0.01, real=0.01 secs] 
2016-09-24T00:11:09.108-0400: 44.382: [GC (GCLocker Initiated GC) [PSYoungGen: 161772K->67145K(175104K)] 441224K->389538K(699392K), 0.0231626 secs] [Times: user=0.22 sys=0.01, real=0.02 secs] 
2016-09-24T00:11:09.253-0400: 44.527: [GC (GCLocker Initiated GC) [PSYoungGen: 155209K->61394K(175104K)] 477604K->420342K(699392K), 0.0152475 secs] [Times: user=0.13 sys=0.00, real=0.02 secs] 
2016-09-24T00:11:09.415-0400: 44.688: [GC (GCLocker Initiated GC) [PSYoungGen: 149458K->61526K(175104K)] 508436K->438980K(699392K), 0.0141655 secs] [Times: user=0.13 sys=0.00, real=0.01 secs] 
2016-09-24T00:11:09.542-0400: 44.816: [GC (GCLocker Initiated GC) [PSYoungGen: 149590K->55159K(175104K)] 527377K->451431K(699392K), 0.0231129 secs] [Times: user=0.24 sys=0.00, real=0.03 secs] 
2016-09-24T00:11:09.655-0400: 44.929: [GC (GCLocker Initiated GC) [PSYoungGen: 143221K->85822K(175104K)] 539860K->506904K(699392K), 0.0129231 secs] [Times: user=0.14 sys=0.01, real=0.01 secs] 
2016-09-24T00:11:09.816-0400: 45.089: [GC (GCLocker Initiated GC) [PSYoungGen: 173886K->55319K(175104K)] 601109K->501066K(699392K), 0.0093006 secs] [Times: user=0.10 sys=0.00, real=0.01 secs] 
2016-09-24T00:11:09.929-0400: 45.203: [GC (GCLocker Initiated GC) [PSYoungGen: 143383K->85662K(175104K)] 589322K->550110K(699392K), 0.0108076 secs] [Times: user=0.10 sys=0.00, real=0.01 secs] 
2016-09-24T00:11:09.940-0400: 45.214: [Full GC (Ergonomics) [PSYoungGen: 85662K->0K(175104K)] [ParOldGen: 464448K->58004K(524288K)] 550110K->58004K(699392K), [Metaspace: 43999K->43999K(1087488K)], 0.0635989 secs] [Times: user=0.43 sys=0.01, real=0.07 secs] 
2016-09-24T00:11:10.110-0400: 45.384: [GC (GCLocker Initiated GC) [PSYoungGen: 88064K->86342K(175104K)] 146278K->156706K(699392K), 0.0149213 secs] [Times: user=0.19 sys=0.01, real=0.02 secs] 
2016-09-24T00:11:10.248-0400: 45.522: [GC (Allocation Failure) [PSYoungGen: 174406K->79487K(175104K)] 244896K->181235K(699392K), 0.0091682 secs] [Times: user=0.12 sys=0.00, real=0.01 secs] 
2016-09-24T00:11:10.403-0400: 45.677: [GC (GCLocker Initiated GC) [PSYoungGen: 166008K->55191K(175104K)] 273832K->193469K(699392K), 0.0363854 secs] [Times: user=0.35 sys=0.00, real=0.03 secs] 
2016-09-24T00:11:10.531-0400: 45.805: [GC (GCLocker Initiated GC) [PSYoungGen: 143255K->73476K(175104K)] 287818K->248730K(699392K), 0.0157030 secs] [Times: user=0.18 sys=0.01, real=0.02 secs] 
2016-09-24T00:11:10.654-0400: 45.928: [GC (GCLocker Initiated GC) [PSYoungGen: 161540K->86346K(175104K)] 337155K->304629K(699392K), 0.0117224 secs] [Times: user=0.16 sys=0.00, real=0.02 secs] 
2016-09-24T00:11:10.789-0400: 46.063: [GC (GCLocker Initiated GC) [PSYoungGen: 174410K->37322K(175104K)] 404996K->286581K(699392K), 0.0128267 secs] [Times: user=0.12 sys=0.00, real=0.01 secs] 
2016-09-24T00:11:10.909-0400: 46.183: [GC (GCLocker Initiated GC) [PSYoungGen: 125386K->73380K(175104K)] 375006K->323128K(699392K), 0.0104982 secs] [Times: user=0.10 sys=0.00, real=0.01 secs] 
2016-09-24T00:11:11.047-0400: 46.320: [GC (GCLocker Initiated GC) [PSYoungGen: 161444K->85794K(175104K)] 411474K->354161K(699392K), 0.0168911 secs] [Times: user=0.21 sys=0.00, real=0.02 secs] 
2016-09-24T00:11:11.198-0400: 46.471: [GC (GCLocker Initiated GC) [PSYoungGen: 173858K->37158K(175104K)] 454647K->318550K(699392K), 0.0235275 secs] [Times: user=0.24 sys=0.00, real=0.02 secs] 
2016-09-24T00:11:11.319-0400: 46.593: [GC (GCLocker Initiated GC) [PSYoungGen: 125222K->55479K(175104K)] 412944K->361717K(699392K), 0.0099083 secs] [Times: user=0.12 sys=0.00, real=0.01 secs] 
2016-09-24T00:11:11.447-0400: 46.721: [GC (GCLocker Initiated GC) [PSYoungGen: 143543K->67633K(175104K)] 449790K->373975K(699392K), 0.0107781 secs] [Times: user=0.09 sys=0.00, real=0.01 secs] 
2016-09-24T00:11:11.599-0400: 46.873: [GC (GCLocker Initiated GC) [PSYoungGen: 155697K->55219K(175104K)] 468139K->386145K(699392K), 0.0111110 secs] [Times: user=0.09 sys=0.00, real=0.01 secs] 
2016-09-24T00:11:11.728-0400: 47.002: [GC (GCLocker Initiated GC) [PSYoungGen: 143283K->67469K(175104K)] 486407K->441112K(699392K), 0.0220517 secs] [Times: user=0.26 sys=0.01, real=0.02 secs] 
2016-09-24T00:11:11.851-0400: 47.125: [GC (GCLocker Initiated GC) [PSYoungGen: 155533K->55191K(175104K)] 529263K->465639K(699392K), 0.0122399 secs] [Times: user=0.11 sys=0.00, real=0.02 secs] 
2016-09-24T00:11:11.982-0400: 47.256: [GC (GCLocker Initiated GC) [PSYoungGen: 143255K->73872K(175104K)] 554070K->497112K(699392K), 0.0116101 secs] [Times: user=0.13 sys=0.00, real=0.00 secs] 
2016-09-24T00:11:12.107-0400: 47.381: [GC (GCLocker Initiated GC) [PSYoungGen: 161936K->73740K(175104K)] 585448K->515925K(699392K), 0.0105547 secs] [Times: user=0.13 sys=0.00, real=0.01 secs] 
2016-09-24T00:11:12.228-0400: 47.502: [GC (GCLocker Initiated GC) [PSYoungGen: 161804K->73544K(175104K)] 604019K->534268K(699392K), 0.0144019 secs] [Times: user=0.16 sys=0.00, real=0.02 secs] 
2016-09-24T00:11:12.368-0400: 47.641: [GC (GCLocker Initiated GC) [PSYoungGen: 161608K->73804K(175104K)] 622653K->553194K(699392K), 0.0093909 secs] [Times: user=0.10 sys=0.00, real=0.01 secs] 
2016-09-24T00:11:12.377-0400: 47.651: [Full GC (Ergonomics) [PSYoungGen: 73804K->0K(175104K)] [ParOldGen: 479390K->52544K(524288K)] 553194K->52544K(699392K), [Metaspace: 44004K->44004K(1087488K)], 0.0529043 secs] [Times: user=0.32 sys=0.01, real=0.05 secs] 
2016-09-24T00:11:12.545-0400: 47.818: [GC (GCLocker Initiated GC) [PSYoungGen: 88064K->55319K(175104K)] 159144K->126399K(699392K), 0.0066115 secs] [Times: user=0.06 sys=0.00, real=0.00 secs] 
2016-09-24T00:11:12.650-0400: 47.924: [GC (GCLocker Initiated GC) [PSYoungGen: 143383K->73544K(175104K)] 214673K->181715K(699392K), 0.0107971 secs] [Times: user=0.09 sys=0.00, real=0.01 secs] 
2016-09-24T00:11:12.788-0400: 48.062: [GC (GCLocker Initiated GC) [PSYoungGen: 161608K->37194K(175104K)] 276058K->170144K(699392K), 0.0129476 secs] [Times: user=0.14 sys=0.01, real=0.01 secs] 
2016-09-24T00:11:12.914-0400: 48.188: [GC (GCLocker Initiated GC) [PSYoungGen: 125258K->43141K(175104K)] 270467K->188577K(699392K), 0.0156999 secs] [Times: user=0.06 sys=0.00, real=0.02 secs] 
2016-09-24T00:11:13.057-0400: 48.331: [GC (GCLocker Initiated GC) [PSYoungGen: 131205K->55351K(175104K)] 276975K->219605K(699392K), 0.0191973 secs] [Times: user=0.17 sys=0.01, real=0.02 secs] 
2016-09-24T00:11:13.203-0400: 48.476: [GC (GCLocker Initiated GC) [PSYoungGen: 143415K->61266K(175104K)] 319884K->237830K(699392K), 0.0109870 secs] [Times: user=0.08 sys=0.00, real=0.00 secs] 
2016-09-24T00:11:13.316-0400: 48.589: [GC (Allocation Failure) [PSYoungGen: 149330K->49212K(175104K)] 332224K->280981K(699392K), 0.0180448 secs] [Times: user=0.17 sys=0.00, real=0.01 secs] 
2016-09-24T00:11:13.457-0400: 48.731: [GC (GCLocker Initiated GC) [PSYoungGen: 137276K->73804K(175104K)] 369051K->324119K(699392K), 0.0093518 secs] [Times: user=0.11 sys=0.00, real=0.01 secs] 
2016-09-24T00:11:13.597-0400: 48.870: [GC (GCLocker Initiated GC) [PSYoungGen: 161868K->61522K(175104K)] 412281K->330451K(699392K), 0.0187583 secs] [Times: user=0.18 sys=0.01, real=0.02 secs] 
2016-09-24T00:11:13.735-0400: 49.008: [GC (GCLocker Initiated GC) [PSYoungGen: 149586K->49507K(175104K)] 424671K->385446K(699392K), 0.0175734 secs] [Times: user=0.15 sys=0.00, real=0.01 secs] 
2016-09-24T00:11:13.889-0400: 49.163: [GC (GCLocker Initiated GC) [PSYoungGen: 137571K->48952K(175104K)] 479761K->421808K(699392K), 0.0184778 secs] [Times: user=0.19 sys=0.00, real=0.02 secs] 
2016-09-24T00:11:14.020-0400: 49.294: [GC (GCLocker Initiated GC) [PSYoungGen: 137016K->61330K(149504K)] 509919K->446479K(673792K), 0.0191193 secs] [Times: user=0.20 sys=0.00, real=0.02 secs] 
2016-09-24T00:11:14.151-0400: 49.424: [GC (GCLocker Initiated GC) [PSYoungGen: 149394K->67505K(174080K)] 534567K->489240K(698368K), 0.0206488 secs] [Times: user=0.24 sys=0.00, real=0.02 secs] 
2016-09-24T00:11:14.270-0400: 49.544: [GC (GCLocker Initiated GC) [PSYoungGen: 155057K->85954K(174592K)] 576963K->569082K(698880K), 0.0111898 secs] [Times: user=0.14 sys=0.00, real=0.01 secs] 
2016-09-24T00:11:14.282-0400: 49.555: [Full GC (Ergonomics) [PSYoungGen: 85954K->0K(174592K)] [ParOldGen: 483127K->58996K(524288K)] 569082K->58996K(698880K), [Metaspace: 44023K->44023K(1087488K)], 0.0538400 secs] [Times: user=0.38 sys=0.01, real=0.06 secs] 
2016-09-24T00:11:14.434-0400: 49.708: [GC (GCLocker Initiated GC) [PSYoungGen: 87552K->85982K(175104K)] 146556K->151061K(699392K), 0.0138382 secs] [Times: user=0.18 sys=0.00, real=0.02 secs] 
2016-09-24T00:11:14.552-0400: 49.826: [GC (Allocation Failure) [PSYoungGen: 174046K->49212K(175104K)] 239167K->193893K(699392K), 0.0134805 secs] [Times: user=0.16 sys=0.00, real=0.02 secs] 
2016-09-24T00:11:14.651-0400: 49.925: [GC (GCLocker Initiated GC) [PSYoungGen: 137276K->86406K(175104K)] 281963K->261931K(699392K), 0.0101072 secs] [Times: user=0.14 sys=0.00, real=0.01 secs] 
2016-09-24T00:11:14.758-0400: 50.032: [GC (Allocation Failure) [PSYoungGen: 174470K->79847K(175104K)] 350356K->292895K(699392K), 0.0102247 secs] [Times: user=0.13 sys=0.00, real=0.01 secs] 
2016-09-24T00:11:14.769-0400: 50.042: [GC (GCLocker Initiated GC) [PSYoungGen: 79862K->32K(175104K)] 292910K->304763K(699392K), 0.0071531 secs] [Times: user=0.11 sys=0.00, real=0.01 secs] 
2016-09-24T00:11:14.887-0400: 50.161: [GC (GCLocker Initiated GC) [PSYoungGen: 83363K->73740K(175104K)] 394169K->384546K(699392K), 0.0111053 secs] [Times: user=0.14 sys=0.00, real=0.01 secs] 
2016-09-24T00:11:15.051-0400: 50.325: [GC (GCLocker Initiated GC) [PSYoungGen: 161804K->43169K(175104K)] 472759K->390850K(699392K), 0.0082722 secs] [Times: user=0.07 sys=0.00, real=0.01 secs] 
2016-09-24T00:11:15.214-0400: 50.488: [GC (GCLocker Initiated GC) [PSYoungGen: 131233K->55091K(175104K)] 485299K->409252K(699392K), 0.0145991 secs] [Times: user=0.14 sys=0.01, real=0.01 secs] 
2016-09-24T00:11:15.327-0400: 50.601: [GC (GCLocker Initiated GC) [PSYoungGen: 143155K->61426K(175104K)] 497364K->452212K(699392K), 0.0135110 secs] [Times: user=0.14 sys=0.00, real=0.01 secs] 
2016-09-24T00:11:15.452-0400: 50.726: [GC (GCLocker Initiated GC) [PSYoungGen: 149490K->80107K(175104K)] 546562K->525962K(699392K), 0.0118371 secs] [Times: user=0.17 sys=0.01, real=0.02 secs] 
2016-09-24T00:11:15.464-0400: 50.738: [Full GC (Ergonomics) [PSYoungGen: 80107K->0K(175104K)] [ParOldGen: 445855K->58274K(524288K)] 525962K->58274K(699392K), [Metaspace: 44028K->44028K(1087488K)], 0.0495459 secs] [Times: user=0.34 sys=0.02, real=0.04 secs] 
2016-09-24T00:11:15.610-0400: 50.884: [GC (GCLocker Initiated GC) [PSYoungGen: 88064K->86470K(175104K)] 152539K->175245K(699392K), 0.0101548 secs] [Times: user=0.14 sys=0.01, real=0.01 secs] 
2016-09-24T00:11:15.749-0400: 51.023: [GC (GCLocker Initiated GC) [PSYoungGen: 174534K->19488K(175104K)] 275651K->139714K(699392K), 0.0301315 secs] [Times: user=0.31 sys=0.00, real=0.03 secs] 
2016-09-24T00:11:15.879-0400: 51.152: [GC (GCLocker Initiated GC) [PSYoungGen: 107552K->67633K(175104K)] 227927K->206843K(699392K), 0.0173734 secs] [Times: user=0.21 sys=0.00, real=0.02 secs] 
2016-09-24T00:11:15.978-0400: 51.251: [GC (Allocation Failure) [PSYoungGen: 155697K->67601K(175104K)] 295061K->243698K(699392K), 0.0182805 secs] [Times: user=0.18 sys=0.00, real=0.02 secs] 
2016-09-24T00:11:16.083-0400: 51.357: [GC (GCLocker Initiated GC) [PSYoungGen: 155665K->85890K(175104K)] 331768K->317124K(699392K), 0.0149513 secs] [Times: user=0.14 sys=0.00, real=0.01 secs] 
2016-09-24T00:11:16.233-0400: 51.506: [GC (GCLocker Initiated GC) [PSYoungGen: 173954K->67501K(175104K)] 405386K->317254K(699392K), 0.0225062 secs] [Times: user=0.24 sys=0.01, real=0.03 secs] 
2016-09-24T00:11:16.417-0400: 51.690: [GC (Allocation Failure) [PSYoungGen: 155565K->55155K(175104K)] 411720K->335714K(699392K), 0.0079436 secs] [Times: user=0.11 sys=0.01, real=0.01 secs] 
2016-09-24T00:11:16.552-0400: 51.826: [GC (GCLocker Initiated GC) [PSYoungGen: 138452K->73348K(175104K)] 425086K->378334K(699392K), 0.0246287 secs] [Times: user=0.28 sys=0.00, real=0.03 secs] 
2016-09-24T00:11:16.683-0400: 51.957: [GC (GCLocker Initiated GC) [PSYoungGen: 161412K->86018K(175104K)] 466760K->415833K(699392K), 0.0099814 secs] [Times: user=0.15 sys=0.00, real=0.00 secs] 
2016-09-24T00:11:16.829-0400: 52.103: [GC (GCLocker Initiated GC) [PSYoungGen: 174082K->55483K(175104K)] 510075K->410008K(699392K), 0.0093725 secs] [Times: user=0.13 sys=0.02, real=0.01 secs] 
2016-09-24T00:11:16.929-0400: 52.203: [GC (GCLocker Initiated GC) [PSYoungGen: 143547K->85822K(175104K)] 504252K->452746K(699392K), 0.0103640 secs] [Times: user=0.13 sys=0.01, real=0.01 secs] 
2016-09-24T00:11:17.059-0400: 52.333: [GC (GCLocker Initiated GC) [PSYoungGen: 173886K->85854K(175104K)] 541058K->477658K(699392K), 0.0139309 secs] [Times: user=0.20 sys=0.00, real=0.01 secs] 
2016-09-24T00:11:17.211-0400: 52.485: [GC (GCLocker Initiated GC) [PSYoungGen: 173918K->85726K(175104K)] 565837K->514395K(699392K), 0.0107394 secs] [Times: user=0.13 sys=0.00, real=0.01 secs] 
2016-09-24T00:11:17.381-0400: 52.655: [GC (Allocation Failure) [PSYoungGen: 173790K->18968K(175104K)] 614847K->514812K(699392K), 0.0092050 secs] [Times: user=0.11 sys=0.00, real=0.01 secs] 
2016-09-24T00:11:17.391-0400: 52.664: [Full GC (Ergonomics) [PSYoungGen: 18968K->0K(175104K)] [ParOldGen: 495843K->40162K(524288K)] 514812K->40162K(699392K), [Metaspace: 44059K->44059K(1087488K)], 0.0697296 secs] [Times: user=0.39 sys=0.01, real=0.07 secs] 
2016-09-24T00:11:17.595-0400: 52.869: [GC (GCLocker Initiated GC) [PSYoungGen: 88064K->73476K(175104K)] 128237K->113649K(699392K), 0.0202263 secs] [Times: user=0.28 sys=0.02, real=0.02 secs] 
2016-09-24T00:11:17.732-0400: 53.006: [GC (Allocation Failure) [PSYoungGen: 161540K->67893K(175104K)] 207987K->150925K(699392K), 0.0318114 secs] [Times: user=0.42 sys=0.00, real=0.04 secs] 
2016-09-24T00:11:17.860-0400: 53.133: [GC (GCLocker Initiated GC) [PSYoungGen: 154991K->73868K(175104K)] 244098K->212071K(699392K), 0.0099000 secs] [Times: user=0.13 sys=0.00, real=0.01 secs] 
2016-09-24T00:11:17.952-0400: 53.226: [GC (GCLocker Initiated GC) [PSYoungGen: 161932K->85790K(175104K)] 300295K->273060K(699392K), 0.0103515 secs] [Times: user=0.13 sys=0.00, real=0.02 secs] 
2016-09-24T00:11:18.068-0400: 53.342: [GC (GCLocker Initiated GC) [PSYoungGen: 173854K->67565K(175104K)] 361256K->291568K(699392K), 0.0235846 secs] [Times: user=0.28 sys=0.00, real=0.02 secs] 
2016-09-24T00:11:18.232-0400: 53.506: [GC (GCLocker Initiated GC) [PSYoungGen: 155629K->73544K(175104K)] 379680K->334329K(699392K), 0.0116738 secs] [Times: user=0.11 sys=0.00, real=0.02 secs] 
2016-09-24T00:11:18.355-0400: 53.629: [GC (GCLocker Initiated GC) [PSYoungGen: 161608K->55283K(175104K)] 422417K->377158K(699392K), 0.0211821 secs] [Times: user=0.26 sys=0.00, real=0.02 secs] 
2016-09-24T00:11:18.483-0400: 53.757: [GC (GCLocker Initiated GC) [PSYoungGen: 143347K->73608K(175104K)] 465296K->456459K(699392K), 0.0126776 secs] [Times: user=0.14 sys=0.00, real=0.01 secs] 
2016-09-24T00:11:18.614-0400: 53.888: [GC (GCLocker Initiated GC) [PSYoungGen: 161672K->73316K(175104K)] 550899K->468886K(699392K), 0.0119584 secs] [Times: user=0.10 sys=0.00, real=0.02 secs] 
2016-09-24T00:11:18.743-0400: 54.017: [GC (GCLocker Initiated GC) [PSYoungGen: 161380K->49248K(175104K)] 557086K->469350K(699392K), 0.0343143 secs] [Times: user=0.36 sys=0.00, real=0.03 secs] 
2016-09-24T00:11:18.881-0400: 54.155: [GC (GCLocker Initiated GC) [PSYoungGen: 137312K->79751K(175104K)] 557724K->536905K(699392K), 0.0455055 secs] [Times: user=0.49 sys=0.00, real=0.05 secs] 
2016-09-24T00:11:18.927-0400: 54.201: [Full GC (Ergonomics) [PSYoungGen: 79751K->0K(175104K)] [ParOldGen: 457153K->52551K(524288K)] 536905K->52551K(699392K), [Metaspace: 44099K->44099K(1087488K)], 0.0583606 secs] [Times: user=0.35 sys=0.00, real=0.06 secs] 
2016-09-24T00:11:19.104-0400: 54.378: [GC (GCLocker Initiated GC) [PSYoungGen: 88062K->85758K(175104K)] 147055K->169051K(699392K), 0.0204672 secs] [Times: user=0.23 sys=0.00, real=0.02 secs] 
2016-09-24T00:11:19.279-0400: 54.553: [GC (GCLocker Initiated GC) [PSYoungGen: 173822K->37581K(175104K)] 269536K->170030K(699392K), 0.0158875 secs] [Times: user=0.18 sys=0.01, real=0.02 secs] 
2016-09-24T00:11:19.430-0400: 54.704: [GC (GCLocker Initiated GC) [PSYoungGen: 125645K->67565K(175104K)] 258416K->218859K(699392K), 0.0144870 secs] [Times: user=0.17 sys=0.00, real=0.02 secs] 
2016-09-24T00:11:19.568-0400: 54.842: [GC (GCLocker Initiated GC) [PSYoungGen: 155629K->67661K(175104K)] 313208K->243601K(699392K), 0.0093196 secs] [Times: user=0.12 sys=0.00, real=0.01 secs] 
2016-09-24T00:11:19.710-0400: 54.984: [GC (GCLocker Initiated GC) [PSYoungGen: 155725K->55579K(175104K)] 344011K->292609K(699392K), 0.0107071 secs] [Times: user=0.13 sys=0.00, real=0.01 secs] 
2016-09-24T00:11:19.844-0400: 55.118: [GC (GCLocker Initiated GC) [PSYoungGen: 143643K->73836K(175104K)] 380866K->329599K(699392K), 0.0107533 secs] [Times: user=0.15 sys=0.00, real=0.01 secs] 
2016-09-24T00:11:19.962-0400: 55.236: [GC (GCLocker Initiated GC) [PSYoungGen: 161900K->37322K(175104K)] 429973K->323756K(699392K), 0.0104744 secs] [Times: user=0.14 sys=0.00, real=0.01 secs] 
2016-09-24T00:11:20.089-0400: 55.362: [GC (GCLocker Initiated GC) [PSYoungGen: 125386K->73380K(175104K)] 411939K->360396K(699392K), 0.0103544 secs] [Times: user=0.13 sys=0.00, real=0.01 secs] 
2016-09-24T00:11:20.235-0400: 55.509: [GC (Allocation Failure) [PSYoungGen: 161444K->67569K(175104K)] 454616K->379070K(699392K), 0.0108214 secs] [Times: user=0.10 sys=0.00, real=0.01 secs] 
2016-09-24T00:11:20.363-0400: 55.637: [GC (GCLocker Initiated GC) [PSYoungGen: 155633K->49308K(175104K)] 467139K->428111K(699392K), 0.0101585 secs] [Times: user=0.12 sys=0.00, real=0.00 secs] 
2016-09-24T00:11:20.504-0400: 55.777: [GC (GCLocker Initiated GC) [PSYoungGen: 137372K->55743K(175104K)] 522611K->459358K(699392K), 0.0099340 secs] [Times: user=0.11 sys=0.00, real=0.00 secs] 
2016-09-24T00:11:20.686-0400: 55.959: [GC (GCLocker Initiated GC) [PSYoungGen: 143807K->85466K(175104K)] 547522K->495836K(699392K), 0.0178617 secs] [Times: user=0.17 sys=0.00, real=0.02 secs] 
2016-09-24T00:11:20.838-0400: 56.111: [GC (GCLocker Initiated GC) [PSYoungGen: 173530K->61330K(175104K)] 590011K->538680K(699392K), 0.0273843 secs] [Times: user=0.28 sys=0.00, real=0.03 secs] 
2016-09-24T00:11:20.865-0400: 56.139: [Full GC (Ergonomics) [PSYoungGen: 61330K->0K(175104K)] [ParOldGen: 477350K->58511K(524288K)] 538680K->58511K(699392K), [Metaspace: 44169K->44169K(1087488K)], 0.0624656 secs] [Times: user=0.46 sys=0.00, real=0.06 secs] 
2016-09-24T00:11:21.040-0400: 56.314: [GC (GCLocker Initiated GC) [PSYoungGen: 88064K->86466K(175104K)] 146823K->157375K(699392K), 0.0093945 secs] [Times: user=0.10 sys=0.00, real=0.01 secs] 
2016-09-24T00:11:21.163-0400: 56.437: [GC (GCLocker Initiated GC) [PSYoungGen: 174528K->55643K(175104K)] 257943K->194692K(699392K), 0.0111519 secs] [Times: user=0.15 sys=0.00, real=0.01 secs] 
2016-09-24T00:11:21.284-0400: 56.558: [GC (GCLocker Initiated GC) [PSYoungGen: 143707K->73608K(175104K)] 288935K->218964K(699392K), 0.0111538 secs] [Times: user=0.13 sys=0.01, real=0.01 secs] 
2016-09-24T00:11:21.418-0400: 56.692: [GC (Allocation Failure) [PSYoungGen: 161672K->67697K(175104K)] 307148K->261917K(699392K), 0.0209508 secs] [Times: user=0.28 sys=0.00, real=0.02 secs] 
2016-09-24T00:11:21.569-0400: 56.843: [GC (GCLocker Initiated GC) [PSYoungGen: 155274K->55547K(175104K)] 355569K->304905K(699392K), 0.0107381 secs] [Times: user=0.15 sys=0.00, real=0.01 secs] 
2016-09-24T00:11:21.730-0400: 57.004: [GC (GCLocker Initiated GC) [PSYoungGen: 143611K->61230K(175104K)] 399063K->335543K(699392K), 0.0127692 secs] [Times: user=0.12 sys=0.01, real=0.02 secs] 
2016-09-24T00:11:21.864-0400: 57.138: [GC (GCLocker Initiated GC) [PSYoungGen: 149294K->73412K(175104K)] 424371K->391166K(699392K), 0.0101405 secs] [Times: user=0.12 sys=0.00, real=0.00 secs] 
2016-09-24T00:11:21.994-0400: 57.268: [GC (GCLocker Initiated GC) [PSYoungGen: 161476K->85730K(175104K)] 479456K->403798K(699392K), 0.0108444 secs] [Times: user=0.11 sys=0.00, real=0.02 secs] 
2016-09-24T00:11:22.114-0400: 57.388: [GC (GCLocker Initiated GC) [PSYoungGen: 173794K->67405K(175104K)] 491926K->434436K(699392K), 0.0210912 secs] [Times: user=0.22 sys=0.00, real=0.02 secs] 
2016-09-24T00:11:22.280-0400: 57.554: [GC (GCLocker Initiated GC) [PSYoungGen: 155469K->49084K(175104K)] 522553K->464856K(699392K), 0.0215323 secs] [Times: user=0.22 sys=0.00, real=0.02 secs] 
2016-09-24T00:11:22.442-0400: 57.716: [GC (GCLocker Initiated GC) [PSYoungGen: 137148K->79747K(175104K)] 559272K->550779K(699392K), 0.0111046 secs] [Times: user=0.15 sys=0.00, real=0.00 secs] 
2016-09-24T00:11:22.454-0400: 57.727: [Full GC (Ergonomics) [PSYoungGen: 79747K->0K(175104K)] [ParOldGen: 471031K->52712K(524288K)] 550779K->52712K(699392K), [Metaspace: 44170K->44170K(1087488K)], 0.0495939 secs] [Times: user=0.40 sys=0.00, real=0.06 secs] 
2016-09-24T00:11:22.603-0400: 57.877: [GC (GCLocker Initiated GC) [PSYoungGen: 88064K->86602K(175104K)] 141031K->163869K(699392K), 0.0097314 secs] [Times: user=0.14 sys=0.00, real=0.00 secs] 
2016-09-24T00:11:22.705-0400: 57.979: [GC (GCLocker Initiated GC) [PSYoungGen: 174666K->79779K(175104K)] 251992K->255212K(699392K), 0.0116543 secs] [Times: user=0.18 sys=0.00, real=0.01 secs] 
2016-09-24T00:11:22.810-0400: 58.083: [GC (GCLocker Initiated GC) [PSYoungGen: 167843K->85986K(175104K)] 343437K->328581K(699392K), 0.0127141 secs] [Times: user=0.17 sys=0.00, real=0.02 secs] 
2016-09-24T00:11:22.938-0400: 58.212: [GC (GCLocker Initiated GC) [PSYoungGen: 174050K->73672K(175104K)] 423008K->377964K(699392K), 0.0105310 secs] [Times: user=0.15 sys=0.01, real=0.01 secs] 
2016-09-24T00:11:23.081-0400: 58.355: [GC (GCLocker Initiated GC) [PSYoungGen: 161736K->74032K(175104K)] 466205K->415086K(699392K), 0.0102149 secs] [Times: user=0.15 sys=0.00, real=0.01 secs] 
2016-09-24T00:11:23.225-0400: 58.499: [GC (GCLocker Initiated GC) [PSYoungGen: 162096K->73868K(175104K)] 503472K->433588K(699392K), 0.0091180 secs] [Times: user=0.13 sys=0.00, real=0.01 secs] 
2016-09-24T00:11:23.358-0400: 58.632: [GC (GCLocker Initiated GC) [PSYoungGen: 161932K->43528K(175104K)] 527755K->427868K(699392K), 0.0100592 secs] [Times: user=0.15 sys=0.01, real=0.01 secs] 
2016-09-24T00:11:23.505-0400: 58.779: [GC (Allocation Failure) [PSYoungGen: 131592K->37062K(175104K)] 528117K->457998K(699392K), 0.0090382 secs] [Times: user=0.10 sys=0.00, real=0.00 secs] 
2016-09-24T00:11:23.629-0400: 58.903: [GC (GCLocker Initiated GC) [PSYoungGen: 125126K->86018K(175104K)] 546068K->513358K(699392K), 0.0091924 secs] [Times: user=0.13 sys=0.01, real=0.01 secs] 
2016-09-24T00:11:23.733-0400: 59.007: [GC (GCLocker Initiated GC) [PSYoungGen: 174082K->85854K(175104K)] 601493K->580413K(699392K), 0.0110176 secs] [Times: user=0.18 sys=0.00, real=0.02 secs] 
2016-09-24T00:11:23.744-0400: 59.018: [Full GC (Ergonomics) [PSYoungGen: 85854K->0K(175104K)] [ParOldGen: 494559K->59120K(524288K)] 580413K->59120K(699392K), [Metaspace: 44191K->44191K(1087488K)], 0.0518970 secs] [Times: user=0.43 sys=0.00, real=0.05 secs] 
2016-09-24T00:11:23.898-0400: 59.171: [GC (GCLocker Initiated GC) [PSYoungGen: 88064K->86598K(175104K)] 147281K->145815K(699392K), 0.0075493 secs] [Times: user=0.08 sys=0.00, real=0.01 secs] 
2016-09-24T00:11:24.036-0400: 59.310: [GC (GCLocker Initiated GC) [PSYoungGen: 174662K->55515K(175104K)] 246272K->146474K(699392K), 0.0120426 secs] [Times: user=0.12 sys=0.00, real=0.01 secs] 
2016-09-24T00:11:24.200-0400: 59.474: [GC (GCLocker Initiated GC) [PSYoungGen: 143579K->36966K(175104K)] 240649K->134311K(699392K), 0.0061770 secs] [Times: user=0.05 sys=0.00, real=0.01 secs] 
2016-09-24T00:11:24.332-0400: 59.606: [GC (GCLocker Initiated GC) [PSYoungGen: 125030K->55287K(175104K)] 235395K->165919K(699392K), 0.0157515 secs] [Times: user=0.12 sys=0.00, real=0.02 secs] 
2016-09-24T00:11:24.463-0400: 59.736: [GC (Allocation Failure) [PSYoungGen: 143351K->73968K(175104K)] 254174K->203315K(699392K), 0.0105220 secs] [Times: user=0.14 sys=0.00, real=0.00 secs] 
2016-09-24T00:11:24.584-0400: 59.858: [GC (GCLocker Initiated GC) [PSYoungGen: 160296K->37485K(175104K)] 295719K->191604K(699392K), 0.0065355 secs] [Times: user=0.09 sys=0.00, real=0.00 secs] 
2016-09-24T00:11:24.714-0400: 59.987: [GC (GCLocker Initiated GC) [PSYoungGen: 125549K->55319K(175104K)] 285953K->215842K(699392K), 0.0221866 secs] [Times: user=0.32 sys=0.00, real=0.03 secs] 
2016-09-24T00:11:24.853-0400: 60.126: [GC (GCLocker Initiated GC) [PSYoungGen: 143383K->79551K(175104K)] 303964K->258656K(699392K), 0.0091886 secs] [Times: user=0.13 sys=0.00, real=0.01 secs] 
2016-09-24T00:11:24.948-0400: 60.221: [GC (GCLocker Initiated GC) [PSYoungGen: 167615K->85986K(175104K)] 346769K->338183K(699392K), 0.0118839 secs] [Times: user=0.16 sys=0.00, real=0.01 secs] 
2016-09-24T00:11:25.092-0400: 60.365: [GC (GCLocker Initiated GC) [PSYoungGen: 174050K->85758K(175104K)] 426608K->362924K(699392K), 0.0107680 secs] [Times: user=0.14 sys=0.00, real=0.02 secs] 
2016-09-24T00:11:25.238-0400: 60.512: [GC (GCLocker Initiated GC) [PSYoungGen: 173822K->36998K(175104K)] 457368K->351138K(699392K), 0.0184941 secs] [Times: user=0.13 sys=0.00, real=0.02 secs] 
2016-09-24T00:11:25.390-0400: 60.664: [GC (GCLocker Initiated GC) [PSYoungGen: 125062K->55323K(175104K)] 445319K->375667K(699392K), 0.0206459 secs] [Times: user=0.22 sys=0.00, real=0.02 secs] 
2016-09-24T00:11:25.525-0400: 60.798: [GC (GCLocker Initiated GC) [PSYoungGen: 143387K->73672K(175104K)] 464036K->412790K(699392K), 0.0135522 secs] [Times: user=0.16 sys=0.00, real=0.01 secs] 
2016-09-24T00:11:25.659-0400: 60.933: [GC (GCLocker Initiated GC) [PSYoungGen: 161736K->61266K(175104K)] 501020K->437079K(699392K), 0.0362384 secs] [Times: user=0.36 sys=0.00, real=0.04 secs] 
2016-09-24T00:11:25.826-0400: 61.099: [GC (GCLocker Initiated GC) [PSYoungGen: 149330K->67697K(175104K)] 525398K->486418K(699392K), 0.0141603 secs] [Times: user=0.15 sys=0.01, real=0.01 secs] 
2016-09-24T00:11:25.963-0400: 61.237: [GC (Allocation Failure) [PSYoungGen: 155761K->37717K(175104K)] 580676K->462948K(699392K), 0.0084781 secs] [Times: user=0.10 sys=0.00, real=0.00 secs] 
2016-09-24T00:11:26.093-0400: 61.367: [GC (GCLocker Initiated GC) [PSYoungGen: 125781K->73480K(175104K)] 551018K->498960K(699392K), 0.0103055 secs] [Times: user=0.07 sys=0.01, real=0.02 secs] 
2016-09-24T00:11:26.253-0400: 61.527: [GC (GCLocker Initiated GC) [PSYoungGen: 161544K->73672K(175104K)] 605369K->554091K(699392K), 0.0104050 secs] [Times: user=0.14 sys=0.00, real=0.02 secs] 
2016-09-24T00:11:26.264-0400: 61.538: [Full GC (Ergonomics) [PSYoungGen: 73672K->0K(175104K)] [ParOldGen: 480419K->58670K(524288K)] 554091K->58670K(699392K), [Metaspace: 44193K->44193K(1087488K)], 0.0525384 secs] [Times: user=0.40 sys=0.00, real=0.05 secs] 
2016-09-24T00:11:26.440-0400: 61.714: [GC (GCLocker Initiated GC) [PSYoungGen: 88064K->86274K(175104K)] 146804K->169314K(699392K), 0.0124755 secs] [Times: user=0.18 sys=0.00, real=0.01 secs] 
2016-09-24T00:11:26.559-0400: 61.833: [GC (GCLocker Initiated GC) [PSYoungGen: 174338K->54995K(175104K)] 257955K->175726K(699392K), 0.0327721 secs] [Times: user=0.32 sys=0.00, real=0.03 secs] 
2016-09-24T00:11:26.689-0400: 61.962: [GC (Allocation Failure) [PSYoungGen: 143059K->73544K(175104K)] 263814K->230877K(699392K), 0.0105472 secs] [Times: user=0.11 sys=0.00, real=0.01 secs] 
2016-09-24T00:11:26.803-0400: 62.077: [GC (GCLocker Initiated GC) [PSYoungGen: 161608K->85762K(175104K)] 318946K->261601K(699392K), 0.0243002 secs] [Times: user=0.20 sys=0.00, real=0.02 secs] 
2016-09-24T00:11:26.961-0400: 62.235: [GC (Allocation Failure) [PSYoungGen: 173826K->73804K(175104K)] 361913K->298632K(699392K), 0.0152055 secs] [Times: user=0.17 sys=0.01, real=0.02 secs] 
2016-09-24T00:11:27.057-0400: 62.330: [GC (GCLocker Initiated GC) [PSYoungGen: 157261K->79651K(175104K)] 388165K->347140K(699392K), 0.0170002 secs] [Times: user=0.21 sys=0.00, real=0.01 secs] 
2016-09-24T00:11:27.198-0400: 62.472: [GC (Allocation Failure) [PSYoungGen: 167715K->67469K(175104K)] 435223K->353338K(699392K), 0.0152340 secs] [Times: user=0.19 sys=0.00, real=0.01 secs] 
2016-09-24T00:11:27.306-0400: 62.579: [GC (GCLocker Initiated GC) [PSYoungGen: 155533K->55155K(175104K)] 441407K->371672K(699392K), 0.0257519 secs] [Times: user=0.31 sys=0.00, real=0.02 secs] 
2016-09-24T00:11:27.442-0400: 62.715: [GC (GCLocker Initiated GC) [PSYoungGen: 143219K->85922K(175104K)] 459957K->439214K(699392K), 0.0100427 secs] [Times: user=0.11 sys=0.01, real=0.01 secs] 
2016-09-24T00:11:27.580-0400: 62.853: [GC (GCLocker Initiated GC) [PSYoungGen: 173986K->61298K(175104K)] 527348K->445318K(699392K), 0.0102220 secs] [Times: user=0.09 sys=0.00, real=0.01 secs] 
2016-09-24T00:11:27.704-0400: 62.978: [GC (GCLocker Initiated GC) [PSYoungGen: 149362K->73804K(175104K)] 539801K->488851K(699392K), 0.0075894 secs] [Times: user=0.10 sys=0.00, real=0.00 secs] 
2016-09-24T00:11:27.846-0400: 63.120: [GC (GCLocker Initiated GC) [PSYoungGen: 161868K->55383K(175104K)] 583072K->495275K(699392K), 0.0102610 secs] [Times: user=0.09 sys=0.01, real=0.01 secs] 
2016-09-24T00:11:28.000-0400: 63.274: [GC (GCLocker Initiated GC) [PSYoungGen: 143447K->85922K(175104K)] 583345K->574572K(699392K), 0.0221859 secs] [Times: user=0.25 sys=0.00, real=0.03 secs] 
2016-09-24T00:11:28.022-0400: 63.296: [Full GC (Ergonomics) [PSYoungGen: 85922K->0K(175104K)] [ParOldGen: 488650K->52871K(524288K)] 574572K->52871K(699392K), [Metaspace: 44198K->44198K(1087488K)], 0.0572382 secs] [Times: user=0.29 sys=0.01, real=0.05 secs] 
2016-09-24T00:11:28.197-0400: 63.471: [GC (GCLocker Initiated GC) [PSYoungGen: 88064K->67725K(175104K)] 147079K->126741K(699392K), 0.0104453 secs] [Times: user=0.09 sys=0.00, real=0.01 secs] 
2016-09-24T00:11:28.314-0400: 63.588: [GC (GCLocker Initiated GC) [PSYoungGen: 155789K->49436K(175104K)] 214925K->188135K(699392K), 0.0328664 secs] [Times: user=0.36 sys=0.00, real=0.03 secs] 
2016-09-24T00:11:28.454-0400: 63.728: [GC (GCLocker Initiated GC) [PSYoungGen: 137500K->67537K(175104K)] 276453K->224991K(699392K), 0.0153288 secs] [Times: user=0.15 sys=0.00, real=0.01 secs] 
2016-09-24T00:11:28.613-0400: 63.886: [GC (GCLocker Initiated GC) [PSYoungGen: 155601K->55351K(175104K)] 313231K->249894K(699392K), 0.0099491 secs] [Times: user=0.14 sys=0.00, real=0.02 secs] 
2016-09-24T00:11:28.729-0400: 64.003: [GC (GCLocker Initiated GC) [PSYoungGen: 143415K->85594K(175104K)] 338142K->286547K(699392K), 0.0103492 secs] [Times: user=0.11 sys=0.01, real=0.01 secs] 
2016-09-24T00:11:28.849-0400: 64.123: [GC (GCLocker Initiated GC) [PSYoungGen: 173658K->86018K(175104K)] 374972K->366459K(699392K), 0.0127208 secs] [Times: user=0.20 sys=0.00, real=0.01 secs] 
2016-09-24T00:11:28.990-0400: 64.264: [GC (GCLocker Initiated GC) [PSYoungGen: 174082K->67861K(175104K)] 454884K->349078K(699392K), 0.0096520 secs] [Times: user=0.10 sys=0.00, real=0.01 secs] 
2016-09-24T00:11:29.105-0400: 64.378: [GC (GCLocker Initiated GC) [PSYoungGen: 155925K->85854K(175104K)] 437252K->415933K(699392K), 0.0098827 secs] [Times: user=0.14 sys=0.00, real=0.01 secs] 
2016-09-24T00:11:29.256-0400: 64.530: [GC (GCLocker Initiated GC) [PSYoungGen: 173918K->61554K(175104K)] 510203K->458724K(699392K), 0.0098444 secs] [Times: user=0.13 sys=0.00, real=0.01 secs] 
2016-09-24T00:11:29.405-0400: 64.679: [GC (GCLocker Initiated GC) [PSYoungGen: 149618K->85758K(175104K)] 559014K->495461K(699392K), 0.0160661 secs] [Times: user=0.22 sys=0.00, real=0.01 secs] 
2016-09-24T00:11:29.529-0400: 64.803: [GC (GCLocker Initiated GC) [PSYoungGen: 173822K->73476K(175104K)] 583795K->508056K(699392K), 0.0103446 secs] [Times: user=0.13 sys=0.00, real=0.01 secs] 
2016-09-24T00:11:29.676-0400: 64.950: [Full GC (Ergonomics) [PSYoungGen: 161540K->0K(175104K)] [ParOldGen: 447080K->46589K(524288K)] 608620K->46589K(699392K), [Metaspace: 44206K->44206K(1087488K)], 0.0470228 secs] [Times: user=0.38 sys=0.01, real=0.05 secs] 
2016-09-24T00:11:29.835-0400: 65.109: [GC (GCLocker Initiated GC) [PSYoungGen: 88064K->86406K(175104K)] 140853K->181720K(699392K), 0.0093654 secs] [Times: user=0.14 sys=0.00, real=0.01 secs] 
2016-09-24T00:11:29.970-0400: 65.243: [GC (Allocation Failure) [PSYoungGen: 174470K->55155K(175104K)] 269820K->236463K(699392K), 0.0111784 secs] [Times: user=0.17 sys=0.00, real=0.01 secs] 
2016-09-24T00:11:30.088-0400: 65.362: [GC (GCLocker Initiated GC) [PSYoungGen: 143219K->43592K(175104K)] 324527K->285803K(699392K), 0.0105219 secs] [Times: user=0.15 sys=0.00, real=0.01 secs] 
2016-09-24T00:11:30.234-0400: 65.508: [GC (GCLocker Initiated GC) [PSYoungGen: 131656K->85790K(175104K)] 373898K->352654K(699392K), 0.0136605 secs] [Times: user=0.17 sys=0.00, real=0.01 secs] 
2016-09-24T00:11:30.338-0400: 65.611: [GC (GCLocker Initiated GC) [PSYoungGen: 173854K->67597K(175104K)] 440860K->383519K(699392K), 0.0110257 secs] [Times: user=0.14 sys=0.00, real=0.01 secs] 
2016-09-24T00:11:30.496-0400: 65.770: [GC (Allocation Failure) [PSYoungGen: 155661K->61718K(175104K)] 477991K->420773K(699392K), 0.0116353 secs] [Times: user=0.12 sys=0.00, real=0.01 secs] 
2016-09-24T00:11:30.633-0400: 65.907: [GC (GCLocker Initiated GC) [PSYoungGen: 149779K->73772K(175104K)] 508840K->451349K(699392K), 0.0110919 secs] [Times: user=0.11 sys=0.00, real=0.02 secs] 
2016-09-24T00:11:30.743-0400: 66.017: [GC (GCLocker Initiated GC) [PSYoungGen: 161836K->79587K(175104K)] 539679K->463781K(699392K), 0.0166332 secs] [Times: user=0.17 sys=0.01, real=0.01 secs] 
2016-09-24T00:11:30.890-0400: 66.164: [GC (GCLocker Initiated GC) [PSYoungGen: 167651K->85790K(175104K)] 551887K->531075K(699392K), 0.0122529 secs] [Times: user=0.18 sys=0.00, real=0.02 secs] 
2016-09-24T00:11:30.903-0400: 66.177: [Full GC (Ergonomics) [PSYoungGen: 85790K->0K(175104K)] [ParOldGen: 445285K->46616K(524288K)] 531075K->46616K(699392K), [Metaspace: 44251K->44251K(1087488K)], 0.0490501 secs] [Times: user=0.39 sys=0.00, real=0.04 secs] 
2016-09-24T00:11:31.090-0400: 66.363: [GC (GCLocker Initiated GC) [PSYoungGen: 88064K->86306K(175104K)] 140999K->163541K(699392K), 0.0093276 secs] [Times: user=0.14 sys=0.00, real=0.01 secs] 
2016-09-24T00:11:31.223-0400: 66.497: [GC (GCLocker Initiated GC) [PSYoungGen: 174370K->55483K(175104K)] 251611K->188126K(699392K), 0.0111352 secs] [Times: user=0.16 sys=0.00, real=0.01 secs] 
2016-09-24T00:11:31.351-0400: 66.624: [GC (GCLocker Initiated GC) [PSYoungGen: 143547K->85626K(175104K)] 276479K->225105K(699392K), 0.0132796 secs] [Times: user=0.17 sys=0.01, real=0.02 secs] 
2016-09-24T00:11:31.473-0400: 66.747: [GC (GCLocker Initiated GC) [PSYoungGen: 173690K->73836K(175104K)] 313272K->280426K(699392K), 0.0123793 secs] [Times: user=0.20 sys=0.00, real=0.02 secs] 
2016-09-24T00:11:31.592-0400: 66.866: [GC (GCLocker Initiated GC) [PSYoungGen: 161900K->79779K(175104K)] 368700K->347661K(699392K), 0.0107756 secs] [Times: user=0.16 sys=0.00, real=0.02 secs] 
2016-09-24T00:11:31.706-0400: 66.980: [GC (GCLocker Initiated GC) [PSYoungGen: 167843K->67601K(175104K)] 441920K->378247K(699392K), 0.0167353 secs] [Times: user=0.18 sys=0.01, real=0.02 secs] 
2016-09-24T00:11:31.858-0400: 67.132: [GC (GCLocker Initiated GC) [PSYoungGen: 155665K->55351K(175104K)] 479204K->434045K(699392K), 0.0114673 secs] [Times: user=0.14 sys=0.01, real=0.01 secs] 
2016-09-24T00:11:32.020-0400: 67.294: [GC (GCLocker Initiated GC) [PSYoungGen: 143415K->67533K(175104K)] 534295K->458704K(699392K), 0.0090339 secs] [Times: user=0.12 sys=0.01, real=0.01 secs] 
2016-09-24T00:11:32.159-0400: 67.432: [GC (Allocation Failure) [PSYoungGen: 155597K->37354K(175104K)] 553058K->489821K(699392K), 0.0103344 secs] [Times: user=0.14 sys=0.00, real=0.01 secs] 
2016-09-24T00:11:32.169-0400: 67.443: [Full GC (Ergonomics) [PSYoungGen: 37354K->0K(175104K)] [ParOldGen: 452467K->41126K(524288K)] 489821K->41126K(699392K), [Metaspace: 44251K->44251K(1087488K)], 0.0490659 secs] [Times: user=0.42 sys=0.00, real=0.05 secs] 
2016-09-24T00:11:32.326-0400: 67.600: [GC (GCLocker Initiated GC) [PSYoungGen: 83666K->73672K(175104K)] 130868K->120873K(699392K), 0.0088553 secs] [Times: user=0.12 sys=0.01, real=0.01 secs] 
2016-09-24T00:11:32.458-0400: 67.731: [GC (Allocation Failure) [PSYoungGen: 161736K->61818K(175104K)] 209214K->146217K(699392K), 0.0092810 secs] [Times: user=0.11 sys=0.01, real=0.01 secs] 
2016-09-24T00:11:32.593-0400: 67.867: [GC (GCLocker Initiated GC) [PSYoungGen: 149882K->73804K(175104K)] 234287K->158493K(699392K), 0.0099827 secs] [Times: user=0.12 sys=0.00, real=0.02 secs] 
2016-09-24T00:11:32.715-0400: 67.989: [GC (GCLocker Initiated GC) [PSYoungGen: 161868K->43265K(175104K)] 252842K->170816K(699392K), 0.0106883 secs] [Times: user=0.13 sys=0.01, real=0.01 secs] 
2016-09-24T00:11:32.858-0400: 68.131: [GC (GCLocker Initiated GC) [PSYoungGen: 131329K->37749K(175104K)] 265132K->171688K(699392K), 0.0075127 secs] [Times: user=0.11 sys=0.00, real=0.01 secs] 
2016-09-24T00:11:33.007-0400: 68.281: [GC (GCLocker Initiated GC) [PSYoungGen: 125813K->85626K(175104K)] 265869K->226013K(699392K), 0.0093828 secs] [Times: user=0.11 sys=0.00, real=0.01 secs] 
2016-09-24T00:11:33.124-0400: 68.398: [GC (GCLocker Initiated GC) [PSYoungGen: 173690K->85658K(175104K)] 314202K->299206K(699392K), 0.0116841 secs] [Times: user=0.13 sys=0.01, real=0.01 secs] 
2016-09-24T00:11:33.270-0400: 68.544: [GC (GCLocker Initiated GC) [PSYoungGen: 173722K->79619K(175104K)] 387312K->348004K(699392K), 0.0137434 secs] [Times: user=0.16 sys=0.00, real=0.02 secs] 
2016-09-24T00:11:33.391-0400: 68.665: [GC (Allocation Failure) [PSYoungGen: 167683K->61654K(175104K)] 436255K->385192K(699392K), 0.0105580 secs] [Times: user=0.15 sys=0.00, real=0.01 secs] 
2016-09-24T00:11:33.492-0400: 68.766: [GC (GCLocker Initiated GC) [PSYoungGen: 149718K->85854K(175104K)] 473262K->476538K(699392K), 0.0119359 secs] [Times: user=0.17 sys=0.00, real=0.02 secs] 
2016-09-24T00:11:33.620-0400: 68.893: [GC (GCLocker Initiated GC) [PSYoungGen: 173918K->85790K(175104K)] 570938K->519420K(699392K), 0.0100153 secs] [Times: user=0.16 sys=0.00, real=0.01 secs] 
2016-09-24T00:11:33.630-0400: 68.903: [Full GC (Ergonomics) [PSYoungGen: 85790K->0K(175104K)] [ParOldGen: 433629K->51721K(524288K)] 519420K->51721K(699392K), [Metaspace: 44290K->44290K(1087488K)], 0.1689000 secs] [Times: user=2.42 sys=0.01, real=0.17 secs] 
2016-09-24T00:11:33.897-0400: 69.171: [GC (GCLocker Initiated GC) [PSYoungGen: 88064K->86110K(175104K)] 139899K->162246K(699392K), 0.0095674 secs] [Times: user=0.13 sys=0.00, real=0.01 secs] 
2016-09-24T00:11:34.002-0400: 69.276: [GC (GCLocker Initiated GC) [PSYoungGen: 174174K->86182K(175104K)] 250430K->254338K(699392K), 0.0121644 secs] [Times: user=0.18 sys=0.00, real=0.01 secs] 
2016-09-24T00:11:34.142-0400: 69.416: [GC (GCLocker Initiated GC) [PSYoungGen: 174246K->79747K(175104K)] 342606K->327578K(699392K), 0.0108109 secs] [Times: user=0.17 sys=0.00, real=0.01 secs] 
2016-09-24T00:11:34.295-0400: 69.568: [GC (GCLocker Initiated GC) [PSYoungGen: 167811K->61362K(175104K)] 421984K->364418K(699392K), 0.0093622 secs] [Times: user=0.10 sys=0.00, real=0.01 secs] 
2016-09-24T00:11:34.424-0400: 69.698: [GC (GCLocker Initiated GC) [PSYoungGen: 149426K->73704K(175104K)] 452574K->413454K(699392K), 0.0102114 secs] [Times: user=0.15 sys=0.00, real=0.01 secs] 
2016-09-24T00:11:34.541-0400: 69.815: [GC (Allocation Failure) [PSYoungGen: 161768K->73968K(175104K)] 501627K->432187K(699392K), 0.0098169 secs] [Times: user=0.12 sys=0.00, real=0.01 secs] 
2016-09-24T00:11:34.678-0400: 69.952: [GC (GCLocker Initiated GC) [PSYoungGen: 156590K->37485K(175104K)] 520885K->438670K(699392K), 0.0093926 secs] [Times: user=0.10 sys=0.00, real=0.01 secs] 
2016-09-24T00:11:34.798-0400: 70.072: [GC (GCLocker Initiated GC) [PSYoungGen: 125549K->55287K(175104K)] 526804K->456980K(699392K), 0.0074531 secs] [Times: user=0.06 sys=0.00, real=0.01 secs] 
2016-09-24T00:11:34.906-0400: 70.180: [GC (GCLocker Initiated GC) [PSYoungGen: 143351K->79655K(175104K)] 551235K->512106K(699392K), 0.0222740 secs] [Times: user=0.24 sys=0.00, real=0.02 secs] 
2016-09-24T00:11:34.929-0400: 70.203: [Full GC (Ergonomics) [PSYoungGen: 79655K->0K(175104K)] [ParOldGen: 432451K->52297K(524288K)] 512106K->52297K(699392K), [Metaspace: 44296K->44296K(1087488K)], 0.0497787 secs] [Times: user=0.34 sys=0.01, real=0.05 secs] 
2016-09-24T00:11:35.066-0400: 70.340: [GC (GCLocker Initiated GC) [PSYoungGen: 88064K->86078K(175104K)] 146550K->150640K(699392K), 0.0069078 secs] [Times: user=0.08 sys=0.00, real=0.00 secs] 
2016-09-24T00:11:35.210-0400: 70.484: [GC (GCLocker Initiated GC) [PSYoungGen: 174142K->37546K(175104K)] 251074K->151616K(699392K), 0.0098768 secs] [Times: user=0.12 sys=0.00, real=0.01 secs] 
2016-09-24T00:11:35.314-0400: 70.588: [GC (Allocation Failure) [PSYoungGen: 125610K->85790K(175104K)] 239900K->206711K(699392K), 0.0216809 secs] [Times: user=0.25 sys=0.00, real=0.03 secs] 
2016-09-24T00:11:35.465-0400: 70.739: [GC (GCLocker Initiated GC) [PSYoungGen: 170661K->55451K(175104K)] 297657K->225068K(699392K), 0.0293486 secs] [Times: user=0.31 sys=0.01, real=0.03 secs] 
2016-09-24T00:11:35.606-0400: 70.880: [GC (GCLocker Initiated GC) [PSYoungGen: 143515K->55159K(175104K)] 325469K->237364K(699392K), 0.0224086 secs] [Times: user=0.22 sys=0.00, real=0.02 secs] 
2016-09-24T00:11:35.751-0400: 71.025: [GC (GCLocker Initiated GC) [PSYoungGen: 143223K->61266K(175104K)] 325464K->243619K(699392K), 0.0321229 secs] [Times: user=0.30 sys=0.00, real=0.04 secs] 
2016-09-24T00:11:35.925-0400: 71.199: [GC (GCLocker Initiated GC) [PSYoungGen: 149330K->42845K(175104K)] 337844K->280374K(699392K), 0.0300506 secs] [Times: user=0.26 sys=0.00, real=0.03 secs] 
2016-09-24T00:11:36.111-0400: 71.384: [GC (Allocation Failure) [PSYoungGen: 130909K->85466K(175104K)] 368570K->323262K(699392K), 0.0150121 secs] [Times: user=0.15 sys=0.00, real=0.02 secs] 
2016-09-24T00:11:36.231-0400: 71.505: [GC (GCLocker Initiated GC) [PSYoungGen: 173530K->48952K(175104K)] 417401K->317211K(699392K), 0.0224450 secs] [Times: user=0.20 sys=0.00, real=0.02 secs] 
2016-09-24T00:11:36.411-0400: 71.684: [GC (Allocation Failure) [PSYoungGen: 137016K->55615K(175104K)] 417701K->336428K(699392K), 0.0191273 secs] [Times: user=0.21 sys=0.00, real=0.02 secs] 
2016-09-24T00:11:36.430-0400: 71.704: [GC (GCLocker Initiated GC) [PSYoungGen: 55625K->32K(175104K)] 336438K->336194K(699392K), 0.0069801 secs] [Times: user=0.08 sys=0.00, real=0.01 secs] 
2016-09-24T00:11:36.557-0400: 71.831: [GC (GCLocker Initiated GC) [PSYoungGen: 88096K->85662K(175104K)] 424258K->427900K(699392K), 0.0222162 secs] [Times: user=0.24 sys=0.01, real=0.02 secs] 
2016-09-24T00:11:36.704-0400: 71.978: [GC (GCLocker Initiated GC) [PSYoungGen: 173726K->55287K(175104K)] 522130K->458658K(699392K), 0.0095832 secs] [Times: user=0.10 sys=0.01, real=0.00 secs] 
2016-09-24T00:11:36.835-0400: 72.108: [GC (GCLocker Initiated GC) [PSYoungGen: 143351K->79391K(175104K)] 546775K->501308K(699392K), 0.0317828 secs] [Times: user=0.33 sys=0.01, real=0.03 secs] 
2016-09-24T00:11:36.950-0400: 72.224: [GC (GCLocker Initiated GC) [PSYoungGen: 167455K->85954K(175104K)] 589599K->562924K(699392K), 0.0154940 secs] [Times: user=0.15 sys=0.01, real=0.02 secs] 
2016-09-24T00:11:36.966-0400: 72.239: [Full GC (Ergonomics) [PSYoungGen: 85954K->0K(175104K)] [ParOldGen: 476970K->58169K(524288K)] 562924K->58169K(699392K), [Metaspace: 44305K->44305K(1087488K)], 0.0820601 secs] [Times: user=0.33 sys=0.02, real=0.08 secs] 
2016-09-24T00:11:37.153-0400: 72.427: [GC (GCLocker Initiated GC) [PSYoungGen: 88064K->74316K(175104K)] 152664K->138916K(699392K), 0.0062968 secs] [Times: user=0.06 sys=0.00, real=0.01 secs] 
2016-09-24T00:11:37.286-0400: 72.560: [GC (Allocation Failure) [PSYoungGen: 162380K->67373K(175104K)] 227111K->151241K(699392K), 0.0178110 secs] [Times: user=0.15 sys=0.00, real=0.02 secs] 
2016-09-24T00:11:37.418-0400: 72.692: [GC (GCLocker Initiated GC) [PSYoungGen: 153884K->74032K(175104K)] 243827K->188419K(699392K), 0.0106453 secs] [Times: user=0.15 sys=0.01, real=0.01 secs] 
2016-09-24T00:11:37.552-0400: 72.826: [GC (GCLocker Initiated GC) [PSYoungGen: 162096K->37094K(175104K)] 282864K->176387K(699392K), 0.0061609 secs] [Times: user=0.07 sys=0.00, real=0.01 secs] 
2016-09-24T00:11:37.688-0400: 72.962: [GC (GCLocker Initiated GC) [PSYoungGen: 125158K->55515K(175104K)] 276821K->207314K(699392K), 0.0091319 secs] [Times: user=0.09 sys=0.00, real=0.01 secs] 
2016-09-24T00:11:37.821-0400: 73.094: [GC (GCLocker Initiated GC) [PSYoungGen: 143579K->86050K(175104K)] 295588K->274784K(699392K), 0.0110649 secs] [Times: user=0.14 sys=0.01, real=0.01 secs] 
2016-09-24T00:11:37.943-0400: 73.217: [GC (GCLocker Initiated GC) [PSYoungGen: 174114K->86346K(175104K)] 369106K->317971K(699392K), 0.0117252 secs] [Times: user=0.17 sys=0.00, real=0.01 secs] 
2016-09-24T00:11:38.069-0400: 73.343: [GC (GCLocker Initiated GC) [PSYoungGen: 174410K->49144K(175104K)] 412466K->360384K(699392K), 0.0198140 secs] [Times: user=0.22 sys=0.01, real=0.02 secs] 
2016-09-24T00:11:38.206-0400: 73.480: [GC (Allocation Failure) [PSYoungGen: 137208K->79655K(175104K)] 448792K->391334K(699392K), 0.0094126 secs] [Times: user=0.09 sys=0.00, real=0.01 secs] 
2016-09-24T00:11:38.337-0400: 73.610: [GC (GCLocker Initiated GC) [PSYoungGen: 167719K->55187K(175104K)] 479399K->385391K(699392K), 0.0080726 secs] [Times: user=0.10 sys=0.00, real=0.01 secs] 
2016-09-24T00:11:38.471-0400: 73.745: [GC (Allocation Failure) [PSYoungGen: 143251K->85990K(175104K)] 473503K->422429K(699392K), 0.0099324 secs] [Times: user=0.10 sys=0.01, real=0.01 secs] 
2016-09-24T00:11:38.603-0400: 73.877: [GC (GCLocker Initiated GC) [PSYoungGen: 168167K->55223K(175104K)] 510681K->440545K(699392K), 0.0162335 secs] [Times: user=0.17 sys=0.00, real=0.01 secs] 
2016-09-24T00:11:38.746-0400: 74.019: [GC (Allocation Failure) [PSYoungGen: 143287K->55355K(175104K)] 535017K->447353K(699392K), 0.0069755 secs] [Times: user=0.06 sys=0.00, real=0.00 secs] 
2016-09-24T00:11:38.870-0400: 74.144: [GC (GCLocker Initiated GC) [PSYoungGen: 143419K->79715K(175104K)] 535422K->490227K(699392K), 0.0177181 secs] [Times: user=0.21 sys=0.01, real=0.02 secs] 
2016-09-24T00:11:39.011-0400: 74.285: [GC (Allocation Failure) [PSYoungGen: 167779K->37194K(175104K)] 584575K->490560K(699392K), 0.0109097 secs] [Times: user=0.10 sys=0.00, real=0.01 secs] 
2016-09-24T00:11:39.022-0400: 74.296: [Full GC (Ergonomics) [PSYoungGen: 37194K->0K(175104K)] [ParOldGen: 453366K->52075K(524288K)] 490560K->52075K(699392K), [Metaspace: 44318K->44318K(1087488K)], 0.0551573 secs] [Times: user=0.35 sys=0.02, real=0.06 secs] 
2016-09-24T00:11:39.165-0400: 74.439: [GC (GCLocker Initiated GC) [PSYoungGen: 82074K->85826K(175104K)] 140225K->150052K(699392K), 0.0211415 secs] [Times: user=0.23 sys=0.01, real=0.02 secs] 
2016-09-24T00:11:39.284-0400: 74.558: [GC (Allocation Failure) [PSYoungGen: 173890K->73740K(175104K)] 238426K->205400K(699392K), 0.0208117 secs] [Times: user=0.23 sys=0.00, real=0.02 secs] 
2016-09-24T00:11:39.409-0400: 74.683: [GC (GCLocker Initiated GC) [PSYoungGen: 161804K->73576K(175104K)] 293467K->242120K(699392K), 0.0224587 secs] [Times: user=0.24 sys=0.00, real=0.02 secs] 
2016-09-24T00:11:39.541-0400: 74.815: [GC (GCLocker Initiated GC) [PSYoungGen: 161640K->67569K(175104K)] 336497K->260754K(699392K), 0.0096919 secs] [Times: user=0.09 sys=0.00, real=0.01 secs] 
2016-09-24T00:11:39.657-0400: 74.931: [GC (GCLocker Initiated GC) [PSYoungGen: 155633K->61266K(175104K)] 348860K->291202K(699392K), 0.0187553 secs] [Times: user=0.15 sys=0.01, real=0.02 secs] 
2016-09-24T00:11:39.784-0400: 75.057: [GC (GCLocker Initiated GC) [PSYoungGen: 149330K->61590K(175104K)] 379470K->334563K(699392K), 0.0103025 secs] [Times: user=0.10 sys=0.00, real=0.00 secs] 
2016-09-24T00:11:39.902-0400: 75.176: [GC (Allocation Failure) [PSYoungGen: 149654K->36866K(175104K)] 423368K->341378K(699392K), 0.0108586 secs] [Times: user=0.09 sys=0.00, real=0.00 secs] 
2016-09-24T00:11:39.914-0400: 75.188: [GC (GCLocker Initiated GC) [PSYoungGen: 37164K->192K(175104K)] 341676K->365619K(699392K), 0.0094915 secs] [Times: user=0.08 sys=0.00, real=0.02 secs] 
2016-09-24T00:11:40.027-0400: 75.301: [GC (GCLocker Initiated GC) [PSYoungGen: 88256K->85854K(175104K)] 453684K->457381K(699392K), 0.0099266 secs] [Times: user=0.08 sys=0.00, real=0.01 secs] 
2016-09-24T00:11:40.144-0400: 75.418: [GC (GCLocker Initiated GC) [PSYoungGen: 173918K->85922K(175104K)] 545548K->500625K(699392K), 0.0244498 secs] [Times: user=0.25 sys=0.00, real=0.02 secs] 
2016-09-24T00:11:40.278-0400: 75.552: [GC (GCLocker Initiated GC) [PSYoungGen: 173986K->67337K(175104K)] 594990K->543612K(699392K), 0.0231003 secs] [Times: user=0.29 sys=0.00, real=0.02 secs] 
2016-09-24T00:11:40.301-0400: 75.575: [Full GC (Ergonomics) [PSYoungGen: 67337K->0K(175104K)] [ParOldGen: 476274K->52141K(524288K)] 543612K->52141K(699392K), [Metaspace: 44320K->44320K(1087488K)], 0.0562941 secs] [Times: user=0.36 sys=0.01, real=0.06 secs] 
2016-09-24T00:11:40.459-0400: 75.732: [GC (Allocation Failure) [PSYoungGen: 88064K->86146K(175104K)] 140567K->162949K(699392K), 0.0325531 secs] [Times: user=0.45 sys=0.01, real=0.03 secs] 
2016-09-24T00:11:40.492-0400: 75.765: [GC (GCLocker Initiated GC) [PSYoungGen: 86155K->32K(175104K)] 162958K->187163K(699392K), 0.0100992 secs] [Times: user=0.14 sys=0.00, real=0.01 secs] 
2016-09-24T00:11:40.613-0400: 75.887: [GC (GCLocker Initiated GC) [PSYoungGen: 88096K->85790K(175104K)] 275233K->291152K(699392K), 0.0107559 secs] [Times: user=0.14 sys=0.01, real=0.02 secs] 
2016-09-24T00:11:40.731-0400: 76.005: [GC (GCLocker Initiated GC) [PSYoungGen: 173854K->74000K(175104K)] 385456K->322532K(699392K), 0.0198565 secs] [Times: user=0.20 sys=0.00, real=0.02 secs] 
2016-09-24T00:11:40.885-0400: 76.159: [GC (GCLocker Initiated GC) [PSYoungGen: 162064K->61786K(175104K)] 416942K->353413K(699392K), 0.0171190 secs] [Times: user=0.23 sys=0.00, real=0.01 secs] 
2016-09-24T00:11:41.027-0400: 76.301: [GC (GCLocker Initiated GC) [PSYoungGen: 149850K->49376K(175104K)] 441765K->359636K(699392K), 0.0080040 secs] [Times: user=0.07 sys=0.00, real=0.01 secs] 
2016-09-24T00:11:41.162-0400: 76.436: [GC (Allocation Failure) [PSYoungGen: 137440K->24784K(175104K)] 453794K->371764K(699392K), 0.0180192 secs] [Times: user=0.17 sys=0.00, real=0.01 secs] 
2016-09-24T00:11:41.267-0400: 76.541: [GC (GCLocker Initiated GC) [PSYoungGen: 112848K->43009K(175104K)] 459829K->408466K(699392K), 0.0254812 secs] [Times: user=0.29 sys=0.00, real=0.02 secs] 
2016-09-24T00:11:41.389-0400: 76.662: [GC (GCLocker Initiated GC) [PSYoungGen: 131073K->85954K(175104K)] 496763K->458198K(699392K), 0.0081981 secs] [Times: user=0.10 sys=0.00, real=0.01 secs] 
2016-09-24T00:11:41.526-0400: 76.800: [GC (GCLocker Initiated GC) [PSYoungGen: 174018K->24652K(175104K)] 546275K->458098K(699392K), 0.0097065 secs] [Times: user=0.07 sys=0.00, real=0.01 secs] 
2016-09-24T00:11:41.624-0400: 76.898: [GC (GCLocker Initiated GC) [PSYoungGen: 112716K->85890K(175104K)] 546417K->525770K(699392K), 0.0165594 secs] [Times: user=0.17 sys=0.01, real=0.01 secs] 
2016-09-24T00:11:41.641-0400: 76.915: [Full GC (Ergonomics) [PSYoungGen: 85890K->0K(175104K)] [ParOldGen: 439879K->52319K(524288K)] 525770K->52319K(699392K), [Metaspace: 44321K->44321K(1087488K)], 0.0498933 secs] [Times: user=0.22 sys=0.01, real=0.05 secs] 
2016-09-24T00:11:41.811-0400: 77.084: [GC (GCLocker Initiated GC) [PSYoungGen: 88064K->86178K(175104K)] 146791K->157055K(699392K), 0.0271680 secs] [Times: user=0.29 sys=0.01, real=0.03 secs] 
2016-09-24T00:11:41.956-0400: 77.230: [GC (GCLocker Initiated GC) [PSYoungGen: 174242K->49699K(175104K)] 257530K->206959K(699392K), 0.0125403 secs] [Times: user=0.18 sys=0.00, real=0.01 secs] 
2016-09-24T00:11:42.077-0400: 77.351: [GC (GCLocker Initiated GC) [PSYoungGen: 137763K->79911K(175104K)] 295165K->255657K(699392K), 0.0093783 secs] [Times: user=0.09 sys=0.01, real=0.01 secs] 
2016-09-24T00:11:42.221-0400: 77.494: [GC (Allocation Failure) [PSYoungGen: 167975K->67565K(175104K)] 349910K->292301K(699392K), 0.0104710 secs] [Times: user=0.11 sys=0.00, real=0.01 secs] 
2016-09-24T00:11:42.330-0400: 77.604: [GC (GCLocker Initiated GC) [PSYoungGen: 155629K->67341K(175104K)] 380371K->316658K(699392K), 0.0204807 secs] [Times: user=0.21 sys=0.01, real=0.02 secs] 
2016-09-24T00:11:42.456-0400: 77.730: [GC (GCLocker Initiated GC) [PSYoungGen: 155405K->85694K(175104K)] 404786K->371801K(699392K), 0.0218959 secs] [Times: user=0.26 sys=0.00, real=0.02 secs] 
2016-09-24T00:11:42.606-0400: 77.880: [GC (GCLocker Initiated GC) [PSYoungGen: 173758K->73772K(175104K)] 459894K->414859K(699392K), 0.0217984 secs] [Times: user=0.23 sys=0.00, real=0.02 secs] 
2016-09-24T00:11:42.727-0400: 78.001: [GC (GCLocker Initiated GC) [PSYoungGen: 161836K->49084K(175104K)] 509191K->414736K(699392K), 0.0255059 secs] [Times: user=0.26 sys=0.00, real=0.02 secs] 
2016-09-24T00:11:42.866-0400: 78.140: [GC (GCLocker Initiated GC) [PSYoungGen: 137148K->67469K(175104K)] 503066K->457806K(699392K), 0.0221999 secs] [Times: user=0.22 sys=0.00, real=0.02 secs] 
2016-09-24T00:11:43.015-0400: 78.289: [GC (GCLocker Initiated GC) [PSYoungGen: 155533K->67505K(175104K)] 545963K->476419K(699392K), 0.0173924 secs] [Times: user=0.14 sys=0.00, real=0.01 secs] 
2016-09-24T00:11:43.153-0400: 78.427: [GC (GCLocker Initiated GC) [PSYoungGen: 155569K->36966K(175104K)] 570801K->513208K(699392K), 0.0126987 secs] [Times: user=0.11 sys=0.00, real=0.02 secs] 
2016-09-24T00:11:43.166-0400: 78.439: [Full GC (Ergonomics) [PSYoungGen: 36966K->0K(175104K)] [ParOldGen: 476242K->51977K(524288K)] 513208K->51977K(699392K), [Metaspace: 44322K->44322K(1087488K)], 0.0681325 secs] [Times: user=0.40 sys=0.01, real=0.06 secs] 
2016-09-24T00:11:43.338-0400: 78.612: [GC (GCLocker Initiated GC) [PSYoungGen: 88064K->73996K(175104K)] 146337K->132269K(699392K), 0.0243522 secs] [Times: user=0.28 sys=0.01, real=0.03 secs] 
2016-09-24T00:11:43.488-0400: 78.762: [GC (GCLocker Initiated GC) [PSYoungGen: 162060K->55415K(175104K)] 232783K->145043K(699392K), 0.0094217 secs] [Times: user=0.09 sys=0.00, real=0.01 secs] 
2016-09-24T00:11:43.621-0400: 78.895: [GC (GCLocker Initiated GC) [PSYoungGen: 143479K->80043K(175104K)] 233294K->188210K(699392K), 0.0179563 secs] [Times: user=0.18 sys=0.00, real=0.02 secs] 
2016-09-24T00:11:43.743-0400: 79.017: [GC (GCLocker Initiated GC) [PSYoungGen: 168107K->73836K(175104K)] 276278K->182306K(699392K), 0.0091508 secs] [Times: user=0.11 sys=0.00, real=0.00 secs] 
2016-09-24T00:11:43.868-0400: 79.142: [GC (GCLocker Initiated GC) [PSYoungGen: 161900K->73508K(175104K)] 276516K->218954K(699392K), 0.0096824 secs] [Times: user=0.09 sys=0.00, real=0.01 secs] 
2016-09-24T00:11:43.979-0400: 79.253: [GC (GCLocker Initiated GC) [PSYoungGen: 161572K->55743K(175104K)] 307055K->249985K(699392K), 0.0289817 secs] [Times: user=0.35 sys=0.01, real=0.03 secs] 
2016-09-24T00:11:44.099-0400: 79.373: [GC (GCLocker Initiated GC) [PSYoungGen: 143807K->86086K(175104K)] 338097K->299056K(699392K), 0.0241858 secs] [Times: user=0.30 sys=0.00, real=0.03 secs] 
2016-09-24T00:11:44.256-0400: 79.530: [GC (GCLocker Initiated GC) [PSYoungGen: 174150K->61426K(175104K)] 399317K->347611K(699392K), 0.0155427 secs] [Times: user=0.17 sys=0.01, real=0.01 secs] 
2016-09-24T00:11:44.409-0400: 79.683: [GC (GCLocker Initiated GC) [PSYoungGen: 149490K->67437K(175104K)] 447906K->384386K(699392K), 0.0070631 secs] [Times: user=0.09 sys=0.00, real=0.01 secs] 
2016-09-24T00:11:44.529-0400: 79.803: [GC (GCLocker Initiated GC) [PSYoungGen: 155501K->67533K(175104K)] 478655K->439595K(699392K), 0.0108540 secs] [Times: user=0.14 sys=0.00, real=0.01 secs] 
2016-09-24T00:11:44.671-0400: 79.945: [GC (GCLocker Initiated GC) [PSYoungGen: 155597K->73672K(175104K)] 534089K->488921K(699392K), 0.0100544 secs] [Times: user=0.12 sys=0.01, real=0.01 secs] 
2016-09-24T00:11:44.804-0400: 80.078: [GC (GCLocker Initiated GC) [PSYoungGen: 161736K->73676K(175104K)] 583109K->513385K(699392K), 0.0175059 secs] [Times: user=0.19 sys=0.01, real=0.01 secs] 
2016-09-24T00:11:44.927-0400: 80.201: [GC (GCLocker Initiated GC) [PSYoungGen: 161740K->73512K(175104K)] 607823K->556321K(699392K), 0.0322440 secs] [Times: user=0.37 sys=0.00, real=0.03 secs] 
2016-09-24T00:11:44.960-0400: 80.233: [Full GC (Ergonomics) [PSYoungGen: 73512K->0K(175104K)] [ParOldGen: 482809K->58423K(524288K)] 556321K->58423K(699392K), [Metaspace: 44341K->44341K(1087488K)], 0.0494984 secs] [Times: user=0.24 sys=0.00, real=0.05 secs] 
2016-09-24T00:11:45.124-0400: 80.398: [GC (GCLocker Initiated GC) [PSYoungGen: 88064K->86310K(175104K)] 146697K->151018K(699392K), 0.0235702 secs] [Times: user=0.28 sys=0.01, real=0.02 secs] 
2016-09-24T00:11:45.252-0400: 80.525: [GC (GCLocker Initiated GC) [PSYoungGen: 174374K->61394K(175104K)] 239269K->175585K(699392K), 0.0313846 secs] [Times: user=0.37 sys=0.01, real=0.04 secs] 
2016-09-24T00:11:45.379-0400: 80.653: [GC (Allocation Failure) [PSYoungGen: 149458K->85630K(175104K)] 263691K->218207K(699392K), 0.0171740 secs] [Times: user=0.14 sys=0.00, real=0.02 secs] 
2016-09-24T00:11:45.489-0400: 80.762: [GC (GCLocker Initiated GC) [PSYoungGen: 170738K->43009K(175104K)] 309391K->236760K(699392K), 0.0537621 secs] [Times: user=0.61 sys=0.00, real=0.06 secs] 
2016-09-24T00:11:45.665-0400: 80.939: [GC (GCLocker Initiated GC) [PSYoungGen: 131073K->85822K(175104K)] 331109K->292256K(699392K), 0.0139727 secs] [Times: user=0.17 sys=0.00, real=0.01 secs] 
2016-09-24T00:11:45.816-0400: 81.090: [GC (Allocation Failure) [PSYoungGen: 173886K->55255K(175104K)] 386432K->304526K(699392K), 0.0186332 secs] [Times: user=0.21 sys=0.00, real=0.02 secs] 
2016-09-24T00:11:45.939-0400: 81.213: [GC (GCLocker Initiated GC) [PSYoungGen: 143319K->67337K(175104K)] 392595K->365497K(699392K), 0.0109938 secs] [Times: user=0.12 sys=0.00, real=0.01 secs] 
2016-09-24T00:11:46.064-0400: 81.338: [GC (GCLocker Initiated GC) [PSYoungGen: 155401K->67405K(175104K)] 459813K->402303K(699392K), 0.0147009 secs] [Times: user=0.13 sys=0.00, real=0.01 secs] 
2016-09-24T00:11:46.211-0400: 81.485: [GC (GCLocker Initiated GC) [PSYoungGen: 155469K->30987K(175104K)] 496523K->426991K(699392K), 0.0356504 secs] [Times: user=0.39 sys=0.01, real=0.04 secs] 
2016-09-24T00:11:46.346-0400: 81.620: [GC (GCLocker Initiated GC) [PSYoungGen: 119051K->73836K(175104K)] 521379K->524908K(699392K), 0.0163136 secs] [Times: user=0.20 sys=0.00, real=0.02 secs] 
2016-09-24T00:11:46.362-0400: 81.636: [Full GC (Ergonomics) [PSYoungGen: 73836K->0K(175104K)] [ParOldGen: 451072K->52350K(524288K)] 524908K->52350K(699392K), [Metaspace: 44343K->44343K(1087488K)], 0.0519453 secs] [Times: user=0.29 sys=0.01, real=0.05 secs] 
2016-09-24T00:11:46.521-0400: 81.795: [GC (GCLocker Initiated GC) [PSYoungGen: 88064K->61658K(175104K)] 146816K->120410K(699392K), 0.0214107 secs] [Times: user=0.21 sys=0.01, real=0.03 secs] 
2016-09-24T00:11:46.647-0400: 81.921: [GC (Allocation Failure) [PSYoungGen: 149722K->67469K(175104K)] 208756K->145520K(699392K), 0.0206048 secs] [Times: user=0.23 sys=0.00, real=0.02 secs] 
2016-09-24T00:11:46.789-0400: 82.063: [GC (GCLocker Initiated GC) [PSYoungGen: 155533K->61266K(175104K)] 233589K->157815K(699392K), 0.0215608 secs] [Times: user=0.22 sys=0.00, real=0.02 secs] 
2016-09-24T00:11:46.928-0400: 82.201: [GC (GCLocker Initiated GC) [PSYoungGen: 149330K->73708K(175104K)] 245882K->170527K(699392K), 0.0101360 secs] [Times: user=0.07 sys=0.00, real=0.01 secs] 
2016-09-24T00:11:47.045-0400: 82.318: [GC (GCLocker Initiated GC) [PSYoungGen: 161772K->67565K(175104K)] 264714K->189195K(699392K), 0.0123236 secs] [Times: user=0.10 sys=0.00, real=0.01 secs] 
2016-09-24T00:11:47.191-0400: 82.465: [GC (GCLocker Initiated GC) [PSYoungGen: 155629K->55387K(175104K)] 283409K->207578K(699392K), 0.0170525 secs] [Times: user=0.21 sys=0.00, real=0.02 secs] 
2016-09-24T00:11:47.334-0400: 82.607: [GC (GCLocker Initiated GC) [PSYoungGen: 143451K->18936K(175104K)] 314211K->190237K(699392K), 0.0237254 secs] [Times: user=0.23 sys=0.00, real=0.03 secs] 
2016-09-24T00:11:47.460-0400: 82.734: [GC (Allocation Failure) [PSYoungGen: 107000K->55155K(175104K)] 284445K->232883K(699392K), 0.0328754 secs] [Times: user=0.43 sys=0.00, real=0.03 secs] 
2016-09-24T00:11:47.602-0400: 82.876: [GC (GCLocker Initiated GC) [PSYoungGen: 138336K->74459K(175104K)] 322139K->258414K(699392K), 0.0073749 secs] [Times: user=0.08 sys=0.00, real=0.00 secs] 
2016-09-24T00:11:47.704-0400: 82.978: [GC (GCLocker Initiated GC) [PSYoungGen: 162523K->43233K(175104K)] 346593K->246467K(699392K), 0.0166711 secs] [Times: user=0.16 sys=0.01, real=0.01 secs] 
2016-09-24T00:11:47.868-0400: 83.141: [GC (GCLocker Initiated GC) [PSYoungGen: 131297K->55287K(175104K)] 340720K->301436K(699392K), 0.0173955 secs] [Times: user=0.16 sys=0.00, real=0.02 secs] 
2016-09-24T00:11:48.003-0400: 83.277: [GC (GCLocker Initiated GC) [PSYoungGen: 143351K->55515K(175104K)] 390118K->302589K(699392K), 0.0142929 secs] [Times: user=0.15 sys=0.00, real=0.01 secs] 
2016-09-24T00:11:48.115-0400: 83.389: [GC (GCLocker Initiated GC) [PSYoungGen: 143579K->55187K(175104K)] 396753K->326853K(699392K), 0.0098986 secs] [Times: user=0.08 sys=0.00, real=0.01 secs] 
2016-09-24T00:11:48.234-0400: 83.508: [GC (GCLocker Initiated GC) [PSYoungGen: 143251K->67537K(175104K)] 414999K->351538K(699392K), 0.0231627 secs] [Times: user=0.18 sys=0.01, real=0.03 secs] 
2016-09-24T00:11:48.355-0400: 83.628: [GC (GCLocker Initiated GC) [PSYoungGen: 155601K->85630K(175104K)] 439689K->394474K(699392K), 0.0096686 secs] [Times: user=0.09 sys=0.00, real=0.01 secs] 
2016-09-24T00:11:48.470-0400: 83.744: [GC (GCLocker Initiated GC) [PSYoungGen: 173694K->55387K(175104K)] 482742K->449744K(699392K), 0.0231110 secs] [Times: user=0.26 sys=0.01, real=0.02 secs] 
2016-09-24T00:11:48.607-0400: 83.881: [GC (GCLocker Initiated GC) [PSYoungGen: 143451K->43137K(175104K)] 550247K->474492K(699392K), 0.0129326 secs] [Times: user=0.14 sys=0.00, real=0.01 secs] 
2016-09-24T00:11:48.740-0400: 84.013: [GC (GCLocker Initiated GC) [PSYoungGen: 131201K->79523K(175104K)] 562604K->529263K(699392K), 0.0172066 secs] [Times: user=0.16 sys=0.00, real=0.02 secs] 
2016-09-24T00:11:48.885-0400: 84.158: [GC (GCLocker Initiated GC) [PSYoungGen: 167587K->55159K(175104K)] 617374K->541491K(699392K), 0.0131910 secs] [Times: user=0.11 sys=0.00, real=0.01 secs] 
2016-09-24T00:11:48.898-0400: 84.172: [Full GC (Ergonomics) [PSYoungGen: 55159K->0K(175104K)] [ParOldGen: 486332K->46213K(524288K)] 541491K->46213K(699392K), [Metaspace: 44352K->44352K(1087488K)], 0.0567510 secs] [Times: user=0.30 sys=0.02, real=0.06 secs] 
2016-09-24T00:11:49.045-0400: 84.319: [GC (Allocation Failure) [PSYoungGen: 88064K->86598K(175104K)] 134437K->157271K(699392K), 0.0455668 secs] [Times: user=0.54 sys=0.00, real=0.04 secs] 
2016-09-24T00:11:49.091-0400: 84.365: [GC (GCLocker Initiated GC) [PSYoungGen: 86607K->32K(175104K)] 157281K->168991K(699392K), 0.0118258 secs] [Times: user=0.12 sys=0.00, real=0.02 secs] 
2016-09-24T00:11:49.210-0400: 84.484: [GC (GCLocker Initiated GC) [PSYoungGen: 83632K->80103K(175104K)] 258667K->255138K(699392K), 0.0136748 secs] [Times: user=0.16 sys=0.00, real=0.02 secs] 
2016-09-24T00:11:49.322-0400: 84.596: [GC (GCLocker Initiated GC) [PSYoungGen: 168167K->73512K(175104K)] 349638K->279954K(699392K), 0.0257041 secs] [Times: user=0.23 sys=0.01, real=0.03 secs] 
2016-09-24T00:11:49.451-0400: 84.725: [GC (GCLocker Initiated GC) [PSYoungGen: 161576K->85858K(175104K)] 374443K->304912K(699392K), 0.0175401 secs] [Times: user=0.19 sys=0.00, real=0.02 secs] 
2016-09-24T00:11:49.588-0400: 84.862: [GC (GCLocker Initiated GC) [PSYoungGen: 173922K->49148K(175104K)] 399238K->299203K(699392K), 0.0246704 secs] [Times: user=0.27 sys=0.02, real=0.02 secs] 
2016-09-24T00:11:49.719-0400: 84.993: [GC (GCLocker Initiated GC) [PSYoungGen: 137212K->49408K(175104K)] 399571K->336163K(699392K), 0.0108679 secs] [Times: user=0.11 sys=0.00, real=0.01 secs] 
2016-09-24T00:11:49.869-0400: 85.143: [GC (GCLocker Initiated GC) [PSYoungGen: 137472K->61362K(175104K)] 424375K->366765K(699392K), 0.0217331 secs] [Times: user=0.19 sys=0.01, real=0.02 secs] 
2016-09-24T00:11:50.010-0400: 85.284: [GC (GCLocker Initiated GC) [PSYoungGen: 149426K->61298K(175104K)] 455011K->385211K(699392K), 0.0226301 secs] [Times: user=0.22 sys=0.00, real=0.02 secs] 
2016-09-24T00:11:50.125-0400: 85.399: [GC (Allocation Failure) [PSYoungGen: 149362K->73804K(175104K)] 479649K->446752K(699392K), 0.0282811 secs] [Times: user=0.36 sys=0.01, real=0.02 secs] 
2016-09-24T00:11:50.246-0400: 85.520: [GC (GCLocker Initiated GC) [PSYoungGen: 161863K->73612K(175104K)] 534817K->495433K(699392K), 0.0243583 secs] [Times: user=0.23 sys=0.00, real=0.02 secs] 
2016-09-24T00:11:50.365-0400: 85.638: [GC (GCLocker Initiated GC) [PSYoungGen: 161676K->73704K(175104K)] 583723K->514268K(699392K), 0.0218319 secs] [Times: user=0.28 sys=0.00, real=0.02 secs] 
2016-09-24T00:11:50.526-0400: 85.800: [GC (GCLocker Initiated GC) [PSYoungGen: 161768K->67733K(175104K)] 602682K->508742K(699392K), 0.0128843 secs] [Times: user=0.11 sys=0.00, real=0.01 secs] 
2016-09-24T00:11:50.661-0400: 85.934: [GC (Allocation Failure) [PSYoungGen: 155797K->30859K(175104K)] 603147K->502932K(699392K), 0.0183490 secs] [Times: user=0.16 sys=0.00, real=0.02 secs] 
2016-09-24T00:11:50.679-0400: 85.953: [Full GC (Ergonomics) [PSYoungGen: 30859K->0K(175104K)] [ParOldGen: 472073K->46340K(524288K)] 502932K->46340K(699392K), [Metaspace: 44354K->44354K(1087488K)], 0.0693033 secs] [Times: user=0.43 sys=0.02, real=0.07 secs] 
2016-09-24T00:11:50.847-0400: 86.121: [GC (GCLocker Initiated GC) [PSYoungGen: 85937K->86178K(175104K)] 138353K->150744K(699392K), 0.0095825 secs] [Times: user=0.09 sys=0.00, real=0.01 secs] 
2016-09-24T00:11:50.969-0400: 86.242: [GC (GCLocker Initiated GC) [PSYoungGen: 174242K->49148K(175104K)] 238860K->150755K(699392K), 0.0098636 secs] [Times: user=0.08 sys=0.00, real=0.01 secs] 
2016-09-24T00:11:51.100-0400: 86.374: [GC (GCLocker Initiated GC) [PSYoungGen: 137212K->61394K(175104K)] 245194K->206110K(699392K), 0.0287038 secs] [Times: user=0.32 sys=0.00, real=0.03 secs] 
2016-09-24T00:11:51.250-0400: 86.524: [GC (Allocation Failure) [PSYoungGen: 149458K->61330K(175104K)] 294362K->230646K(699392K), 0.0382626 secs] [Times: user=0.43 sys=0.00, real=0.04 secs] 
2016-09-24T00:11:51.289-0400: 86.563: [GC (GCLocker Initiated GC) [PSYoungGen: 62310K->192K(175104K)] 231626K->236644K(699392K), 0.0094048 secs] [Times: user=0.09 sys=0.00, real=0.01 secs] 
2016-09-24T00:11:51.399-0400: 86.673: [GC (GCLocker Initiated GC) [PSYoungGen: 88256K->85886K(175104K)] 324709K->334521K(699392K), 0.0135484 secs] [Times: user=0.14 sys=0.00, real=0.01 secs] 
2016-09-24T00:11:51.515-0400: 86.789: [GC (GCLocker Initiated GC) [PSYoungGen: 173950K->61686K(175104K)] 422621K->383985K(699392K), 0.0114474 secs] [Times: user=0.13 sys=0.01, real=0.01 secs] 
2016-09-24T00:11:51.639-0400: 86.913: [GC (GCLocker Initiated GC) [PSYoungGen: 149750K->67501K(175104K)] 472298K->451082K(699392K), 0.0141955 secs] [Times: user=0.16 sys=0.00, real=0.01 secs] 
2016-09-24T00:11:51.759-0400: 87.032: [GC (GCLocker Initiated GC) [PSYoungGen: 155565K->73772K(175104K)] 539350K->476090K(699392K), 0.0112190 secs] [Times: user=0.16 sys=0.00, real=0.01 secs] 
2016-09-24T00:11:51.879-0400: 87.153: [GC (GCLocker Initiated GC) [PSYoungGen: 161836K->49308K(175104K)] 570573K->494802K(699392K), 0.0115194 secs] [Times: user=0.13 sys=0.00, real=0.01 secs] 
2016-09-24T00:11:51.891-0400: 87.164: [Full GC (Ergonomics) [PSYoungGen: 49308K->0K(175104K)] [ParOldGen: 445494K->46546K(524288K)] 494802K->46546K(699392K), [Metaspace: 44357K->44357K(1087488K)], 0.0532749 secs] [Times: user=0.44 sys=0.00, real=0.06 secs] 
2016-09-24T00:11:52.057-0400: 87.331: [GC (GCLocker Initiated GC) [PSYoungGen: 88064K->86734K(175104K)] 140850K->163820K(699392K), 0.0122758 secs] [Times: user=0.18 sys=0.00, real=0.01 secs] 
2016-09-24T00:11:52.197-0400: 87.471: [GC (GCLocker Initiated GC) [PSYoungGen: 174798K->55447K(175104K)] 258157K->176139K(699392K), 0.0191407 secs] [Times: user=0.26 sys=0.00, real=0.02 secs] 
2016-09-24T00:11:52.319-0400: 87.593: [GC (Allocation Failure) [PSYoungGen: 143511K->55319K(175104K)] 270579K->200748K(699392K), 0.0095999 secs] [Times: user=0.12 sys=0.00, real=0.01 secs] 
2016-09-24T00:11:52.462-0400: 87.736: [GC (GCLocker Initiated GC) [PSYoungGen: 142605K->73576K(175104K)] 294110K->243588K(699392K), 0.0136648 secs] [Times: user=0.17 sys=0.00, real=0.01 secs] 
2016-09-24T00:11:52.604-0400: 87.878: [GC (GCLocker Initiated GC) [PSYoungGen: 161640K->73772K(175104K)] 331924K->262556K(699392K), 0.0127653 secs] [Times: user=0.13 sys=0.01, real=0.01 secs] 
2016-09-24T00:11:52.713-0400: 87.987: [GC (GCLocker Initiated GC) [PSYoungGen: 161836K->85694K(175104K)] 350735K->329560K(699392K), 0.0348936 secs] [Times: user=0.39 sys=0.00, real=0.04 secs] 
2016-09-24T00:11:52.872-0400: 88.146: [GC (GCLocker Initiated GC) [PSYoungGen: 173758K->55419K(175104K)] 430018K->360546K(699392K), 0.0127535 secs] [Times: user=0.12 sys=0.00, real=0.02 secs] 
2016-09-24T00:11:53.012-0400: 88.286: [GC (GCLocker Initiated GC) [PSYoungGen: 143483K->67437K(175104K)] 454739K->379140K(699392K), 0.0228731 secs] [Times: user=0.24 sys=0.00, real=0.03 secs] 
2016-09-24T00:11:53.132-0400: 88.406: [GC (GCLocker Initiated GC) [PSYoungGen: 155501K->49116K(175104K)] 467817K->391895K(699392K), 0.0094020 secs] [Times: user=0.08 sys=0.00, real=0.01 secs] 
2016-09-24T00:11:53.272-0400: 88.546: [GC (GCLocker Initiated GC) [PSYoungGen: 137180K->67405K(175104K)] 479989K->446956K(699392K), 0.0101634 secs] [Times: user=0.09 sys=0.00, real=0.01 secs] 
2016-09-24T00:11:53.441-0400: 88.715: [GC (GCLocker Initiated GC) [PSYoungGen: 155469K->36898K(175104K)] 541113K->447118K(699392K), 0.0201540 secs] [Times: user=0.19 sys=0.00, real=0.02 secs] 
2016-09-24T00:11:53.569-0400: 88.842: [GC (GCLocker Initiated GC) [PSYoungGen: 124962K->79423K(175104K)] 535274K->514163K(699392K), 0.0105496 secs] [Times: user=0.10 sys=0.00, real=0.01 secs] 
2016-09-24T00:11:53.698-0400: 88.971: [GC (GCLocker Initiated GC) [PSYoungGen: 167487K->67437K(175104K)] 608349K->563070K(699392K), 0.0253363 secs] [Times: user=0.27 sys=0.00, real=0.03 secs] 
2016-09-24T00:11:53.723-0400: 88.997: [Full GC (Ergonomics) [PSYoungGen: 67437K->0K(175104K)] [ParOldGen: 495632K->52891K(524288K)] 563070K->52891K(699392K), [Metaspace: 44369K->44369K(1087488K)], 0.0519578 secs] [Times: user=0.26 sys=0.00, real=0.05 secs] 
2016-09-24T00:11:53.874-0400: 89.147: [GC (GCLocker Initiated GC) [PSYoungGen: 88064K->86242K(175104K)] 141076K->139254K(699392K), 0.0192596 secs] [Times: user=0.13 sys=0.00, real=0.02 secs] 
2016-09-24T00:11:53.979-0400: 89.253: [GC (GCLocker Initiated GC) [PSYoungGen: 174306K->79715K(175104K)] 227398K->230991K(699392K), 0.0391635 secs] [Times: user=0.48 sys=0.01, real=0.04 secs] 
2016-09-24T00:11:54.116-0400: 89.389: [GC (GCLocker Initiated GC) [PSYoungGen: 167779K->86150K(175104K)] 319227K->286334K(699392K), 0.0155836 secs] [Times: user=0.21 sys=0.00, real=0.01 secs] 
2016-09-24T00:11:54.264-0400: 89.538: [GC (GCLocker Initiated GC) [PSYoungGen: 174214K->19064K(175104K)] 398947K->305176K(699392K), 0.0166564 secs] [Times: user=0.19 sys=0.00, real=0.01 secs] 
2016-09-24T00:11:54.412-0400: 89.685: [GC (Allocation Failure) [PSYoungGen: 107128K->73544K(175104K)] 393477K->360152K(699392K), 0.0086019 secs] [Times: user=0.09 sys=0.00, real=0.01 secs] 
2016-09-24T00:11:54.518-0400: 89.791: [GC (GCLocker Initiated GC) [PSYoungGen: 161608K->73640K(175104K)] 448222K->396800K(699392K), 0.0104750 secs] [Times: user=0.07 sys=0.00, real=0.01 secs] 
2016-09-24T00:11:54.647-0400: 89.921: [GC (GCLocker Initiated GC) [PSYoungGen: 161704K->55451K(175104K)] 497116K->421350K(699392K), 0.0148789 secs] [Times: user=0.14 sys=0.00, real=0.02 secs] 
2016-09-24T00:11:54.802-0400: 90.076: [GC (GCLocker Initiated GC) [PSYoungGen: 143515K->85854K(175104K)] 509462K->482647K(699392K), 0.0100276 secs] [Times: user=0.13 sys=0.00, real=0.00 secs] 
2016-09-24T00:11:54.958-0400: 90.232: [GC (Allocation Failure) [PSYoungGen: 173918K->43205K(175104K)] 576811K->494981K(699392K), 0.0140535 secs] [Times: user=0.12 sys=0.00, real=0.01 secs] 
2016-09-24T00:11:54.972-0400: 90.246: [Full GC (Ergonomics) [PSYoungGen: 43205K->0K(175104K)] [ParOldGen: 451776K->40528K(524288K)] 494981K->40528K(699392K), [Metaspace: 44371K->44371K(1087488K)], 0.0720406 secs] [Times: user=0.45 sys=0.01, real=0.08 secs] 
2016-09-24T00:11:55.144-0400: 90.417: [GC (GCLocker Initiated GC) [PSYoungGen: 88064K->86146K(175104K)] 128592K->126674K(699392K), 0.0136414 secs] [Times: user=0.13 sys=0.00, real=0.01 secs] 
2016-09-24T00:11:55.267-0400: 90.541: [GC (GCLocker Initiated GC) [PSYoungGen: 174210K->49440K(175104K)] 214803K->139180K(699392K), 0.0172187 secs] [Times: user=0.18 sys=0.00, real=0.02 secs] 
2016-09-24T00:11:55.371-0400: 90.645: [GC (GCLocker Initiated GC) [PSYoungGen: 137504K->61330K(175104K)] 233389K->187842K(699392K), 0.0217891 secs] [Times: user=0.23 sys=0.00, real=0.02 secs] 
2016-09-24T00:11:55.500-0400: 90.774: [GC (GCLocker Initiated GC) [PSYoungGen: 149394K->67569K(175104K)] 276116K->212776K(699392K), 0.0211163 secs] [Times: user=0.21 sys=0.01, real=0.02 secs] 
2016-09-24T00:11:55.672-0400: 90.945: [GC (GCLocker Initiated GC) [PSYoungGen: 155633K->61230K(175104K)] 300948K->225202K(699392K), 0.0234335 secs] [Times: user=0.29 sys=0.01, real=0.03 secs] 
2016-09-24T00:11:55.803-0400: 91.077: [GC (GCLocker Initiated GC) [PSYoungGen: 149294K->79651K(175104K)] 313336K->280255K(699392K), 0.0187200 secs] [Times: user=0.18 sys=0.01, real=0.01 secs] 
2016-09-24T00:11:55.934-0400: 91.207: [GC (GCLocker Initiated GC) [PSYoungGen: 167715K->61686K(175104K)] 374749K->329598K(699392K), 0.0110261 secs] [Times: user=0.11 sys=0.00, real=0.02 secs] 
2016-09-24T00:11:56.040-0400: 91.313: [GC (GCLocker Initiated GC) [PSYoungGen: 149750K->55419K(175104K)] 417715K->372299K(699392K), 0.0180001 secs] [Times: user=0.20 sys=0.00, real=0.02 secs] 
2016-09-24T00:11:56.167-0400: 91.441: [GC (GCLocker Initiated GC) [PSYoungGen: 143483K->37066K(175104K)] 467233K->373225K(699392K), 0.0224187 secs] [Times: user=0.20 sys=0.00, real=0.02 secs] 
2016-09-24T00:11:56.284-0400: 91.558: [GC (GCLocker Initiated GC) [PSYoungGen: 125130K->79391K(175104K)] 461337K->434287K(699392K), 0.0169723 secs] [Times: user=0.18 sys=0.00, real=0.01 secs] 
2016-09-24T00:11:56.431-0400: 91.705: [GC (GCLocker Initiated GC) [PSYoungGen: 167455K->55223K(175104K)] 528646K->459051K(699392K), 0.0095187 secs] [Times: user=0.08 sys=0.00, real=0.01 secs] 
2016-09-24T00:11:56.543-0400: 91.816: [GC (GCLocker Initiated GC) [PSYoungGen: 143287K->85530K(175104K)] 547263K->489797K(699392K), 0.0183254 secs] [Times: user=0.16 sys=0.00, real=0.01 secs] 
2016-09-24T00:11:56.658-0400: 91.932: [GC (GCLocker Initiated GC) [PSYoungGen: 173594K->61362K(175104K)] 578172K->520719K(699392K), 0.0206162 secs] [Times: user=0.20 sys=0.00, real=0.02 secs] 
2016-09-24T00:11:56.679-0400: 91.953: [Full GC (Ergonomics) [PSYoungGen: 61362K->0K(175104K)] [ParOldGen: 459357K->53383K(524288K)] 520719K->53383K(699392K), [Metaspace: 44371K->44371K(1087488K)], 0.0587491 secs] [Times: user=0.34 sys=0.03, real=0.06 secs] 
2016-09-24T00:11:56.840-0400: 92.113: [GC (GCLocker Initiated GC) [PSYoungGen: 88064K->86274K(175104K)] 147759K->170269K(699392K), 0.0271621 secs] [Times: user=0.33 sys=0.01, real=0.03 secs] 
2016-09-24T00:11:56.979-0400: 92.253: [GC (Allocation Failure) [PSYoungGen: 174338K->73672K(175104K)] 258421K->194948K(699392K), 0.0103027 secs] [Times: user=0.12 sys=0.01, real=0.01 secs] 
2016-09-24T00:11:56.990-0400: 92.263: [GC (GCLocker Initiated GC) [PSYoungGen: 73911K->32K(175104K)] 195188K->212795K(699392K), 0.0093367 secs] [Times: user=0.08 sys=0.00, real=0.01 secs] 
2016-09-24T00:11:57.090-0400: 92.363: [GC (GCLocker Initiated GC) [PSYoungGen: 88096K->86114K(175104K)] 300865K->304958K(699392K), 0.0167030 secs] [Times: user=0.18 sys=0.00, real=0.02 secs] 
2016-09-24T00:11:57.216-0400: 92.490: [GC (GCLocker Initiated GC) [PSYoungGen: 174178K->49216K(175104K)] 399223K->299068K(699392K), 0.0259865 secs] [Times: user=0.24 sys=0.00, real=0.02 secs] 
2016-09-24T00:11:57.347-0400: 92.621: [GC (GCLocker Initiated GC) [PSYoungGen: 137280K->67337K(175104K)] 387174K->348045K(699392K), 0.0312568 secs] [Times: user=0.33 sys=0.00, real=0.03 secs] 
2016-09-24T00:11:57.488-0400: 92.762: [GC (GCLocker Initiated GC) [PSYoungGen: 155401K->49440K(175104K)] 442406K->366931K(699392K), 0.0218234 secs] [Times: user=0.25 sys=0.00, real=0.02 secs] 
2016-09-24T00:11:57.623-0400: 92.897: [GC (GCLocker Initiated GC) [PSYoungGen: 137504K->73772K(175104K)] 455133K->391865K(699392K), 0.0112115 secs] [Times: user=0.13 sys=0.00, real=0.01 secs] 
2016-09-24T00:11:57.740-0400: 93.014: [GC (GCLocker Initiated GC) [PSYoungGen: 161836K->73640K(175104K)] 486164K->416641K(699392K), 0.0256571 secs] [Times: user=0.26 sys=0.00, real=0.03 secs] 
2016-09-24T00:11:57.900-0400: 93.174: [GC (GCLocker Initiated GC) [PSYoungGen: 161704K->37062K(175104K)] 511520K->441664K(699392K), 0.0092259 secs] [Times: user=0.09 sys=0.00, real=0.01 secs] 
2016-09-24T00:11:58.028-0400: 93.302: [GC (GCLocker Initiated GC) [PSYoungGen: 125126K->85758K(175104K)] 536097K->515245K(699392K), 0.0175032 secs] [Times: user=0.20 sys=0.00, real=0.02 secs] 
2016-09-24T00:11:58.203-0400: 93.477: [GC (GCLocker Initiated GC) [PSYoungGen: 173822K->37062K(175104K)] 609460K->521435K(699392K), 0.0082218 secs] [Times: user=0.09 sys=0.00, real=0.00 secs] 
2016-09-24T00:11:58.211-0400: 93.485: [Full GC (Ergonomics) [PSYoungGen: 37062K->0K(175104K)] [ParOldGen: 484373K->46705K(524288K)] 521435K->46705K(699392K), [Metaspace: 44371K->44371K(1087488K)], 0.0560390 secs] [Times: user=0.34 sys=0.01, real=0.06 secs] 
2016-09-24T00:11:58.366-0400: 93.640: [GC (GCLocker Initiated GC) [PSYoungGen: 88064K->86274K(175104K)] 134839K->157349K(699392K), 0.0208342 secs] [Times: user=0.23 sys=0.01, real=0.02 secs] 
2016-09-24T00:11:58.504-0400: 93.777: [GC (GCLocker Initiated GC) [PSYoungGen: 174338K->55643K(175104K)] 251580K->249022K(699392K), 0.0174055 secs] [Times: user=0.19 sys=0.00, real=0.01 secs] 
2016-09-24T00:11:58.620-0400: 93.893: [GC (GCLocker Initiated GC) [PSYoungGen: 143707K->55483K(175104K)] 337335K->285868K(699392K), 0.0082070 secs] [Times: user=0.08 sys=0.00, real=0.01 secs] 
2016-09-24T00:11:58.728-0400: 94.002: [GC (GCLocker Initiated GC) [PSYoungGen: 143547K->49148K(175104K)] 380094K->322405K(699392K), 0.0244703 secs] [Times: user=0.24 sys=0.00, real=0.02 secs] 
2016-09-24T00:11:58.867-0400: 94.140: [GC (Allocation Failure) [PSYoungGen: 137212K->85954K(175104K)] 416625K->408020K(699392K), 0.0118447 secs] [Times: user=0.15 sys=0.00, real=0.01 secs] 
2016-09-24T00:11:58.879-0400: 94.153: [GC (GCLocker Initiated GC) [PSYoungGen: 85965K->64K(175104K)] 408032K->419888K(699392K), 0.0086342 secs] [Times: user=0.09 sys=0.00, real=0.01 secs] 
2016-09-24T00:11:58.888-0400: 94.162: [Full GC (Ergonomics) [PSYoungGen: 64K->0K(175104K)] [ParOldGen: 419824K->52435K(524288K)] 419888K->52435K(699392K), [Metaspace: 44372K->44372K(1087488K)], 0.0513103 secs] [Times: user=0.33 sys=0.00, real=0.05 secs] 
2016-09-24T00:11:59.035-0400: 94.309: [GC (GCLocker Initiated GC) [PSYoungGen: 88064K->86014K(175104K)] 140505K->156680K(699392K), 0.0247326 secs] [Times: user=0.31 sys=0.00, real=0.02 secs] 
2016-09-24T00:11:59.158-0400: 94.432: [GC (GCLocker Initiated GC) [PSYoungGen: 174078K->86182K(175104K)] 244893K->206332K(699392K), 0.0150016 secs] [Times: user=0.24 sys=0.00, real=0.01 secs] 
2016-09-24T00:11:59.279-0400: 94.553: [GC (GCLocker Initiated GC) [PSYoungGen: 174246K->73672K(175104K)] 294600K->261143K(699392K), 0.0129786 secs] [Times: user=0.17 sys=0.00, real=0.01 secs] 
2016-09-24T00:11:59.416-0400: 94.690: [GC (GCLocker Initiated GC) [PSYoungGen: 161736K->73804K(175104K)] 355307K->285915K(699392K), 0.0112738 secs] [Times: user=0.12 sys=0.00, real=0.01 secs] 
2016-09-24T00:11:59.508-0400: 94.782: [GC (Allocation Failure) [PSYoungGen: 161868K->85826K(175104K)] 374150K->334857K(699392K), 0.0288140 secs] [Times: user=0.38 sys=0.00, real=0.03 secs] 
2016-09-24T00:11:59.537-0400: 94.811: [GC (GCLocker Initiated GC) [PSYoungGen: 85835K->32K(175104K)] 334867K->365204K(699392K), 0.0118703 secs] [Times: user=0.11 sys=0.00, real=0.01 secs] 
2016-09-24T00:11:59.666-0400: 94.940: [GC (GCLocker Initiated GC) [PSYoungGen: 88095K->73964K(175104K)] 453274K->439142K(699392K), 0.0305848 secs] [Times: user=0.30 sys=0.02, real=0.03 secs] 
2016-09-24T00:11:59.825-0400: 95.099: [GC (GCLocker Initiated GC) [PSYoungGen: 162028K->61362K(175104K)] 527522K->458067K(699392K), 0.0214725 secs] [Times: user=0.22 sys=0.01, real=0.02 secs] 
2016-09-24T00:11:59.957-0400: 95.231: [GC (GCLocker Initiated GC) [PSYoungGen: 149426K->43009K(175104K)] 546167K->482370K(699392K), 0.0357321 secs] [Times: user=0.38 sys=0.02, real=0.03 secs] 
2016-09-24T00:11:59.993-0400: 95.266: [Full GC (Ergonomics) [PSYoungGen: 43009K->0K(175104K)] [ParOldGen: 439361K->52315K(524288K)] 482370K->52315K(699392K), [Metaspace: 44375K->44375K(1087488K)], 0.0513688 secs] [Times: user=0.35 sys=0.00, real=0.06 secs] 
2016-09-24T00:12:00.156-0400: 95.429: [GC (GCLocker Initiated GC) [PSYoungGen: 88064K->74224K(175104K)] 146714K->132874K(699392K), 0.0099770 secs] [Times: user=0.14 sys=0.00, real=0.01 secs] 
2016-09-24T00:12:00.277-0400: 95.551: [GC (GCLocker Initiated GC) [PSYoungGen: 162288K->85758K(175104K)] 221098K->175835K(699392K), 0.0131055 secs] [Times: user=0.15 sys=0.00, real=0.01 secs] 
2016-09-24T00:12:00.407-0400: 95.680: [GC (GCLocker Initiated GC) [PSYoungGen: 173822K->55355K(175104K)] 270250K->170268K(699392K), 0.0089299 secs] [Times: user=0.09 sys=0.00, real=0.01 secs] 
2016-09-24T00:12:00.533-0400: 95.807: [GC (Allocation Failure) [PSYoungGen: 143419K->79615K(175104K)] 264684K->243900K(699392K), 0.0137744 secs] [Times: user=0.19 sys=0.00, real=0.02 secs] 
2016-09-24T00:12:00.661-0400: 95.935: [GC (GCLocker Initiated GC) [PSYoungGen: 164661K->49276K(175104K)] 335022K->262273K(699392K), 0.0085227 secs] [Times: user=0.10 sys=0.00, real=0.01 secs] 
2016-09-24T00:12:00.787-0400: 96.061: [GC (GCLocker Initiated GC) [PSYoungGen: 137340K->86118K(175104K)] 350435K->323820K(699392K), 0.0094881 secs] [Times: user=0.14 sys=0.00, real=0.01 secs] 
2016-09-24T00:12:00.890-0400: 96.164: [GC (GCLocker Initiated GC) [PSYoungGen: 174182K->79651K(175104K)] 412026K->360172K(699392K), 0.0173305 secs] [Times: user=0.21 sys=0.00, real=0.02 secs] 
2016-09-24T00:12:01.074-0400: 96.348: [GC (GCLocker Initiated GC) [PSYoungGen: 167715K->54995K(175104K)] 448468K->354209K(699392K), 0.0474337 secs] [Times: user=0.46 sys=0.00, real=0.05 secs] 
2016-09-24T00:12:01.222-0400: 96.496: [GC (GCLocker Initiated GC) [PSYoungGen: 143059K->61134K(175104K)] 442331K->384802K(699392K), 0.0170956 secs] [Times: user=0.17 sys=0.00, real=0.01 secs] 
2016-09-24T00:12:01.362-0400: 96.636: [GC (Allocation Failure) [PSYoungGen: 149198K->55615K(175104K)] 479234K->422213K(699392K), 0.0159676 secs] [Times: user=0.16 sys=0.00, real=0.01 secs] 
2016-09-24T00:12:01.485-0400: 96.759: [GC (GCLocker Initiated GC) [PSYoungGen: 143679K->79651K(175104K)] 510278K->458856K(699392K), 0.0181769 secs] [Times: user=0.18 sys=0.00, real=0.02 secs] 
2016-09-24T00:12:01.619-0400: 96.893: [GC (Allocation Failure) [PSYoungGen: 167715K->85598K(175104K)] 546967K->489417K(699392K), 0.0342804 secs] [Times: user=0.38 sys=0.01, real=0.03 secs] 
2016-09-24T00:12:01.792-0400: 97.066: [GC (Allocation Failure) [PSYoungGen: 173662K->36966K(175104K)] 577481K->477503K(699392K), 0.0193769 secs] [Times: user=0.20 sys=0.00, real=0.02 secs] 
2016-09-24T00:12:01.906-0400: 97.180: [GC (GCLocker Initiated GC) [PSYoungGen: 121897K->42813K(175104K)] 568510K->489700K(699392K), 0.0070544 secs] [Times: user=0.04 sys=0.00, real=0.00 secs] 
2016-09-24T00:12:02.004-0400: 97.277: [GC (GCLocker Initiated GC) [PSYoungGen: 130877K->79719K(175104K)] 577801K->544987K(699392K), 0.0224415 secs] [Times: user=0.23 sys=0.00, real=0.02 secs] 
2016-09-24T00:12:02.026-0400: 97.300: [Full GC (Ergonomics) [PSYoungGen: 79719K->0K(175104K)] [ParOldGen: 465268K->58674K(524288K)] 544987K->58674K(699392K), [Metaspace: 44375K->44375K(1087488K)], 0.0569946 secs] [Times: user=0.26 sys=0.01, real=0.06 secs] 
2016-09-24T00:12:02.183-0400: 97.456: [GC (GCLocker Initiated GC) [PSYoungGen: 88064K->86466K(175104K)] 146919K->157471K(699392K), 0.0098890 secs] [Times: user=0.09 sys=0.00, real=0.00 secs] 
2016-09-24T00:12:02.311-0400: 97.585: [GC (GCLocker Initiated GC) [PSYoungGen: 174530K->36966K(175104K)] 251944K->176042K(699392K), 0.0180644 secs] [Times: user=0.16 sys=0.00, real=0.02 secs] 
2016-09-24T00:12:02.454-0400: 97.727: [GC (GCLocker Initiated GC) [PSYoungGen: 125030K->43173K(175104K)] 264309K->194681K(699392K), 0.0103443 secs] [Times: user=0.06 sys=0.01, real=0.02 secs] 
2016-09-24T00:12:02.585-0400: 97.859: [GC (GCLocker Initiated GC) [PSYoungGen: 131237K->73608K(175104K)] 282967K->225645K(699392K), 0.0067759 secs] [Times: user=0.07 sys=0.00, real=0.00 secs] 
2016-09-24T00:12:02.694-0400: 97.968: [GC (GCLocker Initiated GC) [PSYoungGen: 161672K->55447K(175104K)] 320095K->250479K(699392K), 0.0116222 secs] [Times: user=0.14 sys=0.00, real=0.01 secs] 
2016-09-24T00:12:02.823-0400: 98.097: [GC (GCLocker Initiated GC) [PSYoungGen: 143511K->79751K(175104K)] 338674K->293259K(699392K), 0.0141288 secs] [Times: user=0.17 sys=0.00, real=0.01 secs] 
2016-09-24T00:12:02.940-0400: 98.214: [GC (GCLocker Initiated GC) [PSYoungGen: 167815K->86346K(175104K)] 381662K->324848K(699392K), 0.0101176 secs] [Times: user=0.16 sys=0.00, real=0.01 secs] 
2016-09-24T00:12:03.059-0400: 98.333: [GC (GCLocker Initiated GC) [PSYoungGen: 174410K->85854K(175104K)] 412942K->367227K(699392K), 0.0127921 secs] [Times: user=0.20 sys=0.01, real=0.01 secs] 
2016-09-24T00:12:03.179-0400: 98.453: [GC (GCLocker Initiated GC) [PSYoungGen: 173918K->73868K(175104K)] 461436K->398135K(699392K), 0.0115435 secs] [Times: user=0.18 sys=0.00, real=0.01 secs] 
2016-09-24T00:12:03.299-0400: 98.572: [GC (GCLocker Initiated GC) [PSYoungGen: 161932K->49052K(175104K)] 486292K->404062K(699392K), 0.0172056 secs] [Times: user=0.17 sys=0.00, real=0.02 secs] 
2016-09-24T00:12:03.425-0400: 98.698: [GC (GCLocker Initiated GC) [PSYoungGen: 137116K->85890K(175104K)] 492291K->483849K(699392K), 0.0118306 secs] [Times: user=0.13 sys=0.00, real=0.01 secs] 
2016-09-24T00:12:03.591-0400: 98.865: [GC (Allocation Failure) [PSYoungGen: 173954K->48888K(175104K)] 578007K->453193K(699392K), 0.0097611 secs] [Times: user=0.08 sys=0.00, real=0.01 secs] 
2016-09-24T00:12:03.688-0400: 98.962: [GC (GCLocker Initiated GC) [PSYoungGen: 136952K->85594K(175104K)] 541268K->514321K(699392K), 0.0098065 secs] [Times: user=0.10 sys=0.00, real=0.01 secs] 
2016-09-24T00:12:03.827-0400: 99.100: [GC (GCLocker Initiated GC) [PSYoungGen: 173658K->85858K(175104K)] 602623K->545302K(699392K), 0.0207333 secs] [Times: user=0.19 sys=0.00, real=0.02 secs] 
2016-09-24T00:12:03.971-0400: 99.245: [Full GC (Ergonomics) [PSYoungGen: 173922K->0K(175104K)] [ParOldGen: 465550K->46352K(524288K)] 639472K->46352K(699392K), [Metaspace: 44378K->44378K(1087488K)], 0.0504752 secs] [Times: user=0.25 sys=0.01, real=0.05 secs] 
2016-09-24T00:12:04.140-0400: 99.413: [GC (GCLocker Initiated GC) [PSYoungGen: 88064K->79651K(175104K)] 134536K->126123K(699392K), 0.0106564 secs] [Times: user=0.14 sys=0.00, real=0.01 secs] 
2016-09-24T00:12:04.261-0400: 99.535: [GC (GCLocker Initiated GC) [PSYoungGen: 167715K->61458K(175104K)] 214543K->145011K(699392K), 0.0133471 secs] [Times: user=0.14 sys=0.00, real=0.02 secs] 
2016-09-24T00:12:04.411-0400: 99.685: [GC (GCLocker Initiated GC) [PSYoungGen: 149522K->74000K(175104K)] 239377K->164138K(699392K), 0.0097543 secs] [Times: user=0.12 sys=0.00, real=0.01 secs] 
2016-09-24T00:12:04.547-0400: 99.821: [GC (GCLocker Initiated GC) [PSYoungGen: 162064K->85658K(175104K)] 258421K->206622K(699392K), 0.0114304 secs] [Times: user=0.16 sys=0.00, real=0.01 secs] 
2016-09-24T00:12:04.693-0400: 99.967: [GC (GCLocker Initiated GC) [PSYoungGen: 173722K->61426K(175104K)] 313043K->261616K(699392K), 0.0110264 secs] [Times: user=0.11 sys=0.00, real=0.02 secs] 
2016-09-24T00:12:04.853-0400: 100.127: [GC (Allocation Failure) [PSYoungGen: 149490K->37325K(175104K)] 368221K->286699K(699392K), 0.0127655 secs] [Times: user=0.10 sys=0.01, real=0.02 secs] 
2016-09-24T00:12:04.989-0400: 100.263: [GC (GCLocker Initiated GC) [PSYoungGen: 125389K->49475K(175104K)] 374769K->299154K(699392K), 0.0218865 secs] [Times: user=0.21 sys=0.01, real=0.02 secs] 
2016-09-24T00:12:05.115-0400: 100.389: [GC (GCLocker Initiated GC) [PSYoungGen: 137539K->67209K(175104K)] 387288K->353675K(699392K), 0.0126626 secs] [Times: user=0.11 sys=0.00, real=0.01 secs] 
2016-09-24T00:12:05.227-0400: 100.500: [GC (GCLocker Initiated GC) [PSYoungGen: 155273K->85826K(175104K)] 442118K->409232K(699392K), 0.0163224 secs] [Times: user=0.14 sys=0.01, real=0.02 secs] 
2016-09-24T00:12:05.359-0400: 100.632: [GC (GCLocker Initiated GC) [PSYoungGen: 173890K->36934K(175104K)] 509544K->397319K(699392K), 0.0499507 secs] [Times: user=0.55 sys=0.00, real=0.05 secs] 
2016-09-24T00:12:05.516-0400: 100.790: [GC (GCLocker Initiated GC) [PSYoungGen: 124998K->55447K(175104K)] 485515K->464872K(699392K), 0.0121976 secs] [Times: user=0.17 sys=0.00, real=0.01 secs] 
2016-09-24T00:12:05.642-0400: 100.916: [GC (Allocation Failure) [PSYoungGen: 143511K->85790K(175104K)] 553017K->544047K(699392K), 0.0127740 secs] [Times: user=0.20 sys=0.01, real=0.01 secs] 
2016-09-24T00:12:05.655-0400: 100.929: [Full GC (Ergonomics) [PSYoungGen: 85790K->0K(175104K)] [ParOldGen: 458257K->52674K(524288K)] 544047K->52674K(699392K), [Metaspace: 44378K->44378K(1087488K)], 0.0516500 secs] [Times: user=0.40 sys=0.01, real=0.05 secs] 
2016-09-24T00:12:05.810-0400: 101.083: [GC (GCLocker Initiated GC) [PSYoungGen: 84829K->86562K(175104K)] 143578K->151386K(699392K), 0.0107050 secs] [Times: user=0.14 sys=0.00, real=0.01 secs] 
2016-09-24T00:12:05.924-0400: 101.198: [GC (GCLocker Initiated GC) [PSYoungGen: 174626K->73672K(175104K)] 239565K->206443K(699392K), 0.0128753 secs] [Times: user=0.19 sys=0.00, real=0.01 secs] 
2016-09-24T00:12:06.077-0400: 101.351: [GC (GCLocker Initiated GC) [PSYoungGen: 161736K->67697K(175104K)] 294510K->249355K(699392K), 0.0163404 secs] [Times: user=0.17 sys=0.00, real=0.01 secs] 
2016-09-24T00:12:06.250-0400: 101.524: [GC (GCLocker Initiated GC) [PSYoungGen: 155761K->55287K(175104K)] 349907K->268074K(699392K), 0.0132641 secs] [Times: user=0.14 sys=0.01, real=0.02 secs] 
2016-09-24T00:12:06.406-0400: 101.679: [GC (GCLocker Initiated GC) [PSYoungGen: 143351K->37094K(175104K)] 368441K->262271K(699392K), 0.0097784 secs] [Times: user=0.11 sys=0.00, real=0.01 secs] 
2016-09-24T00:12:06.530-0400: 101.803: [GC (Allocation Failure) [PSYoungGen: 125158K->73868K(175104K)] 356760K->305754K(699392K), 0.0138291 secs] [Times: user=0.15 sys=0.00, real=0.02 secs] 
2016-09-24T00:12:06.654-0400: 101.927: [GC (GCLocker Initiated GC) [PSYoungGen: 161932K->73608K(175104K)] 393818K->342259K(699392K), 0.0176668 secs] [Times: user=0.25 sys=0.00, real=0.02 secs] 
2016-09-24T00:12:06.800-0400: 102.074: [GC (GCLocker Initiated GC) [PSYoungGen: 161672K->73740K(175104K)] 430420K->342616K(699392K), 0.0076958 secs] [Times: user=0.10 sys=0.00, real=0.01 secs] 
2016-09-24T00:12:06.926-0400: 102.200: [GC (GCLocker Initiated GC) [PSYoungGen: 161804K->73640K(175104K)] 431025K->373543K(699392K), 0.0126010 secs] [Times: user=0.16 sys=0.00, real=0.01 secs] 
2016-09-24T00:12:07.050-0400: 102.324: [GC (Allocation Failure) [PSYoungGen: 161704K->61818K(175104K)] 467942K->386400K(699392K), 0.0100366 secs] [Times: user=0.13 sys=0.00, real=0.01 secs] 
2016-09-24T00:12:07.175-0400: 102.448: [GC (GCLocker Initiated GC) [PSYoungGen: 145270K->55547K(175104K)] 475928K->429053K(699392K), 0.0113718 secs] [Times: user=0.18 sys=0.00, real=0.01 secs] 
2016-09-24T00:12:07.290-0400: 102.564: [GC (GCLocker Initiated GC) [PSYoungGen: 143611K->85822K(175104K)] 523240K->477917K(699392K), 0.0255478 secs] [Times: user=0.30 sys=0.00, real=0.03 secs] 
2016-09-24T00:12:07.452-0400: 102.726: [GC (GCLocker Initiated GC) [PSYoungGen: 173886K->37062K(175104K)] 578363K->532980K(699392K), 0.0167464 secs] [Times: user=0.20 sys=0.00, real=0.02 secs] 
2016-09-24T00:12:07.469-0400: 102.743: [Full GC (Ergonomics) [PSYoungGen: 37062K->0K(175104K)] [ParOldGen: 495918K->45847K(524288K)] 532980K->45847K(699392K), [Metaspace: 44384K->44384K(1087488K)], 0.0836753 secs] [Times: user=0.85 sys=0.01, real=0.08 secs] 
2016-09-24T00:12:07.677-0400: 102.950: [GC (GCLocker Initiated GC) [PSYoungGen: 88064K->86210K(175104K)] 134337K->138559K(699392K), 0.0086467 secs] [Times: user=0.12 sys=0.00, real=0.01 secs] 
2016-09-24T00:12:07.767-0400: 103.040: [GC (GCLocker Initiated GC) [PSYoungGen: 174274K->67565K(175104K)] 226866K->132839K(699392K), 0.0098618 secs] [Times: user=0.06 sys=0.00, real=0.01 secs] 
2016-09-24T00:12:07.869-0400: 103.143: [GC (GCLocker Initiated GC) [PSYoungGen: 155629K->79911K(175104K)] 221147K->206518K(699392K), 0.0152308 secs] [Times: user=0.19 sys=0.00, real=0.02 secs] 
2016-09-24T00:12:07.989-0400: 103.263: [GC (Allocation Failure) [PSYoungGen: 167975K->61426K(175104K)] 294685K->243259K(699392K), 0.0171160 secs] [Times: user=0.22 sys=0.00, real=0.02 secs] 
2016-09-24T00:12:08.102-0400: 103.376: [GC (GCLocker Initiated GC) [PSYoungGen: 144154K->55287K(175104K)] 332063K->267615K(699392K), 0.0081183 secs] [Times: user=0.07 sys=0.00, real=0.01 secs] 
2016-09-24T00:12:08.259-0400: 103.532: [GC (Allocation Failure) [PSYoungGen: 143351K->37162K(175104K)] 361930K->256017K(699392K), 0.0066824 secs] [Times: user=0.06 sys=0.00, real=0.01 secs] 
2016-09-24T00:12:08.402-0400: 103.676: [GC (GCLocker Initiated GC) [PSYoungGen: 120569K->55187K(175104K)] 345499K->304864K(699392K), 0.0106829 secs] [Times: user=0.13 sys=0.01, real=0.00 secs] 
2016-09-24T00:12:08.512-0400: 103.785: [GC (GCLocker Initiated GC) [PSYoungGen: 143251K->73640K(175104K)] 393065K->366139K(699392K), 0.0112804 secs] [Times: user=0.17 sys=0.00, real=0.02 secs] 
2016-09-24T00:12:08.660-0400: 103.933: [GC (GCLocker Initiated GC) [PSYoungGen: 161704K->55743K(175104K)] 466526K->397158K(699392K), 0.0128958 secs] [Times: user=0.14 sys=0.00, real=0.01 secs] 
2016-09-24T00:12:08.812-0400: 104.086: [GC (GCLocker Initiated GC) [PSYoungGen: 143807K->85858K(175104K)] 485224K->446275K(699392K), 0.0153767 secs] [Times: user=0.12 sys=0.01, real=0.02 secs] 
2016-09-24T00:12:08.931-0400: 104.205: [GC (GCLocker Initiated GC) [PSYoungGen: 173922K->61458K(175104K)] 540764K->464894K(699392K), 0.0174697 secs] [Times: user=0.18 sys=0.00, real=0.02 secs] 
2016-09-24T00:12:09.053-0400: 104.327: [GC (GCLocker Initiated GC) [PSYoungGen: 149519K->73444K(175104K)] 559391K->501676K(699392K), 0.0170724 secs] [Times: user=0.20 sys=0.00, real=0.02 secs] 
2016-09-24T00:12:09.193-0400: 104.467: [GC (GCLocker Initiated GC) [PSYoungGen: 161508K->37293K(175104K)] 596093K->490207K(699392K), 0.0137310 secs] [Times: user=0.12 sys=0.00, real=0.02 secs] 
2016-09-24T00:12:09.309-0400: 104.583: [GC (Allocation Failure) [PSYoungGen: 125357K->73608K(175104K)] 578480K->557577K(699392K), 0.0240482 secs] [Times: user=0.25 sys=0.00, real=0.02 secs] 
2016-09-24T00:12:09.333-0400: 104.607: [Full GC (Ergonomics) [PSYoungGen: 73608K->0K(175104K)] [ParOldGen: 483969K->52385K(524288K)] 557577K->52385K(699392K), [Metaspace: 44385K->44385K(1087488K)], 0.0543155 secs] [Times: user=0.35 sys=0.00, real=0.06 secs] 
2016-09-24T00:12:09.503-0400: 104.777: [GC (Allocation Failure) [PSYoungGen: 88064K->67661K(175104K)] 140449K->120047K(699392K), 0.0147142 secs] [Times: user=0.09 sys=0.01, real=0.01 secs] 
2016-09-24T00:12:09.606-0400: 104.880: [GC (Allocation Failure) [PSYoungGen: 155725K->79715K(175104K)] 208111K->163023K(699392K), 0.0265403 secs] [Times: user=0.32 sys=0.00, real=0.02 secs] 
2016-09-24T00:12:09.743-0400: 105.017: [GC (GCLocker Initiated GC) [PSYoungGen: 167779K->79911K(175104K)] 251088K->199962K(699392K), 0.0119314 secs] [Times: user=0.17 sys=0.01, real=0.01 secs] 
2016-09-24T00:12:09.868-0400: 105.141: [GC (GCLocker Initiated GC) [PSYoungGen: 167975K->79747K(175104K)] 300374K->267137K(699392K), 0.0125676 secs] [Times: user=0.20 sys=0.00, real=0.01 secs] 
2016-09-24T00:12:09.988-0400: 105.262: [GC (GCLocker Initiated GC) [PSYoungGen: 167810K->55515K(175104K)] 361636K->273760K(699392K), 0.0112624 secs] [Times: user=0.12 sys=0.01, real=0.01 secs] 
2016-09-24T00:12:10.107-0400: 105.381: [GC (GCLocker Initiated GC) [PSYoungGen: 143579K->67533K(175104K)] 367975K->310609K(699392K), 0.0215948 secs] [Times: user=0.29 sys=0.00, real=0.02 secs] 
2016-09-24T00:12:10.246-0400: 105.519: [GC (GCLocker Initiated GC) [PSYoungGen: 155597K->37162K(175104K)] 410979K->316932K(699392K), 0.0066637 secs] [Times: user=0.05 sys=0.00, real=0.00 secs] 
2016-09-24T00:12:10.373-0400: 105.646: [GC (GCLocker Initiated GC) [PSYoungGen: 125226K->85562K(175104K)] 405161K->378078K(699392K), 0.0111681 secs] [Times: user=0.11 sys=0.00, real=0.02 secs] 
2016-09-24T00:12:10.510-0400: 105.784: [GC (Allocation Failure) [PSYoungGen: 173626K->79879K(175104K)] 466268K->433430K(699392K), 0.0134778 secs] [Times: user=0.19 sys=0.00, real=0.02 secs] 
2016-09-24T00:12:10.636-0400: 105.909: [GC (GCLocker Initiated GC) [PSYoungGen: 167943K->67469K(175104K)] 521500K->457767K(699392K), 0.0157095 secs] [Times: user=0.13 sys=0.01, real=0.01 secs] 
2016-09-24T00:12:10.753-0400: 106.027: [GC (GCLocker Initiated GC) [PSYoungGen: 155533K->43173K(175104K)] 545884K->463994K(699392K), 0.0109977 secs] [Times: user=0.07 sys=0.00, real=0.02 secs] 
2016-09-24T00:12:10.855-0400: 106.129: [GC (GCLocker Initiated GC) [PSYoungGen: 131237K->49372K(175104K)] 552106K->549539K(699392K), 0.0119980 secs] [Times: user=0.18 sys=0.00, real=0.01 secs] 
2016-09-24T00:12:10.867-0400: 106.141: [Full GC (Ergonomics) [PSYoungGen: 49372K->0K(175104K)] [ParOldGen: 500167K->52370K(524288K)] 549539K->52370K(699392K), [Metaspace: 44387K->44387K(1087488K)], 0.0496421 secs] [Times: user=0.33 sys=0.02, real=0.05 secs] 
2016-09-24T00:12:11.026-0400: 106.299: [GC (GCLocker Initiated GC) [PSYoungGen: 88064K->86274K(175104K)] 140632K->181368K(699392K), 0.0115865 secs] [Times: user=0.17 sys=0.01, real=0.01 secs] 
2016-09-24T00:12:11.150-0400: 106.424: [GC (GCLocker Initiated GC) [PSYoungGen: 174338K->73836K(175104K)] 275711K->212394K(699392K), 0.0156026 secs] [Times: user=0.19 sys=0.01, real=0.02 secs] 
2016-09-24T00:12:11.266-0400: 106.540: [GC (GCLocker Initiated GC) [PSYoungGen: 161900K->85954K(175104K)] 300735K->279608K(699392K), 0.0185693 secs] [Times: user=0.22 sys=0.00, real=0.02 secs] 
2016-09-24T00:12:11.421-0400: 106.694: [GC (GCLocker Initiated GC) [PSYoungGen: 174018K->49276K(175104K)] 373979K->286111K(699392K), 0.0306627 secs] [Times: user=0.34 sys=0.01, real=0.03 secs] 
2016-09-24T00:12:11.566-0400: 106.840: [GC (GCLocker Initiated GC) [PSYoungGen: 137340K->49376K(175104K)] 374278K->298559K(699392K), 0.0101457 secs] [Times: user=0.09 sys=0.01, real=0.01 secs] 
2016-09-24T00:12:11.681-0400: 106.954: [GC (GCLocker Initiated GC) [PSYoungGen: 137440K->49176K(175104K)] 392830K->365631K(699392K), 0.0163223 secs] [Times: user=0.19 sys=0.00, real=0.02 secs] 
2016-09-24T00:12:11.803-0400: 107.077: [GC (GCLocker Initiated GC) [PSYoungGen: 137240K->86445K(175104K)] 453900K->409324K(699392K), 0.0101150 secs] [Times: user=0.12 sys=0.00, real=0.00 secs] 
2016-09-24T00:12:11.898-0400: 107.171: [GC (GCLocker Initiated GC) [PSYoungGen: 174509K->85822K(175104K)] 497547K->427711K(699392K), 0.0111770 secs] [Times: user=0.13 sys=0.00, real=0.01 secs] 
2016-09-24T00:12:12.034-0400: 107.308: [GC (GCLocker Initiated GC) [PSYoungGen: 173886K->55483K(175104K)] 521903K->446161K(699392K), 0.0136929 secs] [Times: user=0.13 sys=0.00, real=0.01 secs] 
2016-09-24T00:12:12.155-0400: 107.429: [GC (GCLocker Initiated GC) [PSYoungGen: 143547K->43233K(175104K)] 534586K->495485K(699392K), 0.0113534 secs] [Times: user=0.11 sys=0.00, real=0.01 secs] 
2016-09-24T00:12:12.167-0400: 107.441: [Full GC (Ergonomics) [PSYoungGen: 43233K->0K(175104K)] [ParOldGen: 452252K->46257K(524288K)] 495485K->46257K(699392K), [Metaspace: 44395K->44395K(1087488K)], 0.0614011 secs] [Times: user=0.39 sys=0.00, real=0.06 secs] 
2016-09-24T00:12:12.334-0400: 107.608: [GC (GCLocker Initiated GC) [PSYoungGen: 88064K->86374K(175104K)] 140595K->144980K(699392K), 0.0117823 secs] [Times: user=0.16 sys=0.00, real=0.02 secs] 
2016-09-24T00:12:12.453-0400: 107.727: [GC (GCLocker Initiated GC) [PSYoungGen: 174438K->43201K(175104K)] 239227K->145324K(699392K), 0.0145900 secs] [Times: user=0.15 sys=0.01, real=0.02 secs] 
2016-09-24T00:12:12.573-0400: 107.847: [GC (GCLocker Initiated GC) [PSYoungGen: 131265K->55387K(175104K)] 233535K->188300K(699392K), 0.0096058 secs] [Times: user=0.08 sys=0.00, real=0.02 secs] 
2016-09-24T00:12:12.689-0400: 107.962: [GC (GCLocker Initiated GC) [PSYoungGen: 143451K->67597K(175104K)] 282525K->243593K(699392K), 0.0099479 secs] [Times: user=0.16 sys=0.00, real=0.01 secs] 
2016-09-24T00:12:12.833-0400: 108.106: [GC (Allocation Failure) [PSYoungGen: 155661K->61558K(175104K)] 337963K->274323K(699392K), 0.0107814 secs] [Times: user=0.09 sys=0.00, real=0.02 secs] 
2016-09-24T00:12:12.958-0400: 108.232: [GC (GCLocker Initiated GC) [PSYoungGen: 149622K->56102K(175104K)] 362398K->287427K(699392K), 0.0079298 secs] [Times: user=0.10 sys=0.00, real=0.01 secs] 
2016-09-24T00:12:13.088-0400: 108.361: [GC (GCLocker Initiated GC) [PSYoungGen: 144166K->80043K(175104K)] 381614K->335858K(699392K), 0.0118410 secs] [Times: user=0.17 sys=0.00, real=0.01 secs] 
2016-09-24T00:12:13.234-0400: 108.508: [GC (Allocation Failure) [PSYoungGen: 168107K->61490K(175104K)] 424098K->360150K(699392K), 0.0099374 secs] [Times: user=0.11 sys=0.00, real=0.01 secs] 
2016-09-24T00:12:13.346-0400: 108.620: [GC (GCLocker Initiated GC) [PSYoungGen: 149554K->55219K(175104K)] 448214K->372404K(699392K), 0.0121841 secs] [Times: user=0.16 sys=0.00, real=0.01 secs] 
2016-09-24T00:12:13.451-0400: 108.724: [GC (GCLocker Initiated GC) [PSYoungGen: 143283K->86050K(175104K)] 466803K->421840K(699392K), 0.0249144 secs] [Times: user=0.30 sys=0.01, real=0.03 secs] 
2016-09-24T00:12:13.599-0400: 108.873: [GC (GCLocker Initiated GC) [PSYoungGen: 174114K->85758K(175104K)] 510091K->470683K(699392K), 0.0142472 secs] [Times: user=0.22 sys=0.00, real=0.01 secs] 
2016-09-24T00:12:13.717-0400: 108.991: [GC (Allocation Failure) [PSYoungGen: 173822K->85758K(175104K)] 558788K->543948K(699392K), 0.0137556 secs] [Times: user=0.22 sys=0.01, real=0.01 secs] 
2016-09-24T00:12:13.732-0400: 109.006: [Full GC (Ergonomics) [PSYoungGen: 85758K->0K(175104K)] [ParOldGen: 458190K->46164K(524288K)] 543948K->46164K(699392K), [Metaspace: 44397K->44397K(1087488K)], 0.0469921 secs] [Times: user=0.40 sys=0.00, real=0.05 secs] 
2016-09-24T00:12:13.882-0400: 109.156: [GC (GCLocker Initiated GC) [PSYoungGen: 88064K->86470K(175104K)] 134229K->156936K(699392K), 0.0124519 secs] [Times: user=0.19 sys=0.00, real=0.02 secs] 
2016-09-24T00:12:14.032-0400: 109.306: [GC (GCLocker Initiated GC) [PSYoungGen: 174534K->73672K(175104K)] 245310K->200186K(699392K), 0.0131090 secs] [Times: user=0.17 sys=0.00, real=0.02 secs] 
2016-09-24T00:12:14.152-0400: 109.426: [GC (GCLocker Initiated GC) [PSYoungGen: 161736K->85726K(175104K)] 288309K->236718K(699392K), 0.0224353 secs] [Times: user=0.29 sys=0.00, real=0.03 secs] 
2016-09-24T00:12:14.277-0400: 109.551: [GC (GCLocker Initiated GC) [PSYoungGen: 173790K->68120K(175104K)] 330893K->267884K(699392K), 0.0151801 secs] [Times: user=0.15 sys=0.00, real=0.01 secs] 
2016-09-24T00:12:14.397-0400: 109.671: [GC (GCLocker Initiated GC) [PSYoungGen: 156184K->61690K(175104K)] 356107K->280129K(699392K), 0.0139806 secs] [Times: user=0.14 sys=0.00, real=0.01 secs] 
2016-09-24T00:12:14.496-0400: 109.770: [GC (Allocation Failure) [PSYoungGen: 149754K->85986K(175104K)] 368368K->335275K(699392K), 0.0105049 secs] [Times: user=0.15 sys=0.00, real=0.01 secs] 
2016-09-24T00:12:14.618-0400: 109.892: [GC (GCLocker Initiated GC) [PSYoungGen: 174050K->73740K(175104K)] 423340K->323337K(699392K), 0.0069272 secs] [Times: user=0.09 sys=0.00, real=0.01 secs] 
2016-09-24T00:12:14.726-0400: 110.000: [GC (GCLocker Initiated GC) [PSYoungGen: 161804K->79619K(175104K)] 411752K->348263K(699392K), 0.0143691 secs] [Times: user=0.16 sys=0.00, real=0.01 secs] 
2016-09-24T00:12:14.884-0400: 110.158: [GC (GCLocker Initiated GC) [PSYoungGen: 167683K->49440K(175104K)] 448761K->367064K(699392K), 0.0290874 secs] [Times: user=0.33 sys=0.01, real=0.02 secs] 
2016-09-24T00:12:15.052-0400: 110.326: [GC (GCLocker Initiated GC) [PSYoungGen: 137504K->55679K(175104K)] 467406K->385864K(699392K), 0.0133419 secs] [Times: user=0.18 sys=0.00, real=0.02 secs] 
2016-09-24T00:12:15.204-0400: 110.478: [GC (GCLocker Initiated GC) [PSYoungGen: 143743K->79783K(175104K)] 486165K->422316K(699392K), 0.0180028 secs] [Times: user=0.18 sys=0.01, real=0.01 secs] 
2016-09-24T00:12:15.346-0400: 110.620: [GC (GCLocker Initiated GC) [PSYoungGen: 167847K->18936K(175104K)] 528821K->416776K(699392K), 0.0066948 secs] [Times: user=0.05 sys=0.00, real=0.00 secs] 
2016-09-24T00:12:15.453-0400: 110.727: [GC (GCLocker Initiated GC) [PSYoungGen: 107000K->79619K(175104K)] 511041K->483927K(699392K), 0.0098275 secs] [Times: user=0.10 sys=0.00, real=0.02 secs] 
2016-09-24T00:12:15.567-0400: 110.841: [GC (GCLocker Initiated GC) [PSYoungGen: 167683K->49312K(175104K)] 572055K->496484K(699392K), 0.0167302 secs] [Times: user=0.16 sys=0.00, real=0.02 secs] 
2016-09-24T00:12:15.694-0400: 110.968: [Full GC (Ergonomics) [PSYoungGen: 137376K->0K(175104K)] [ParOldGen: 453541K->46638K(524288K)] 590917K->46638K(699392K), [Metaspace: 44400K->44400K(1087488K)], 0.0594955 secs] [Times: user=0.31 sys=0.02, real=0.06 secs] 
2016-09-24T00:12:15.869-0400: 111.143: [GC (GCLocker Initiated GC) [PSYoungGen: 88064K->86210K(175104K)] 134839K->139060K(699392K), 0.0177992 secs] [Times: user=0.22 sys=0.00, real=0.02 secs] 
2016-09-24T00:12:15.988-0400: 111.262: [GC (GCLocker Initiated GC) [PSYoungGen: 174274K->79879K(175104K)] 227479K->152045K(699392K), 0.0132624 secs] [Times: user=0.16 sys=0.01, real=0.01 secs] 
2016-09-24T00:12:16.096-0400: 111.369: [GC (GCLocker Initiated GC) [PSYoungGen: 167943K->61490K(175104K)] 240157K->164370K(699392K), 0.0125076 secs] [Times: user=0.10 sys=0.00, real=0.01 secs] 
2016-09-24T00:12:16.236-0400: 111.510: [GC (GCLocker Initiated GC) [PSYoungGen: 149554K->55583K(175104K)] 252623K->176988K(699392K), 0.0302134 secs] [Times: user=0.34 sys=0.00, real=0.03 secs] 
2016-09-24T00:12:16.388-0400: 111.662: [GC (GCLocker Initiated GC) [PSYoungGen: 143647K->55447K(175104K)] 271483K->208202K(699392K), 0.0099668 secs] [Times: user=0.11 sys=0.00, real=0.01 secs] 
2016-09-24T00:12:16.504-0400: 111.778: [GC (GCLocker Initiated GC) [PSYoungGen: 143511K->55579K(175104K)] 302500K->232929K(699392K), 0.0153635 secs] [Times: user=0.15 sys=0.00, real=0.01 secs] 
2016-09-24T00:12:16.668-0400: 111.941: [GC (Allocation Failure) [PSYoungGen: 143643K->37098K(175104K)] 333318K->226845K(699392K), 0.0063824 secs] [Times: user=0.04 sys=0.00, real=0.00 secs] 
2016-09-24T00:12:16.799-0400: 112.073: [GC (GCLocker Initiated GC) [PSYoungGen: 125162K->73608K(175104K)] 314915K->263676K(699392K), 0.0266189 secs] [Times: user=0.36 sys=0.00, real=0.03 secs] 
2016-09-24T00:12:16.934-0400: 112.208: [GC (GCLocker Initiated GC) [PSYoungGen: 161672K->61394K(175104K)] 352202K->306726K(699392K), 0.0227981 secs] [Times: user=0.26 sys=0.00, real=0.02 secs] 
2016-09-24T00:12:17.070-0400: 112.344: [GC (GCLocker Initiated GC) [PSYoungGen: 149458K->43265K(175104K)] 407189K->362054K(699392K), 0.0102597 secs] [Times: user=0.09 sys=0.00, real=0.01 secs] 
2016-09-24T00:12:17.207-0400: 112.481: [GC (GCLocker Initiated GC) [PSYoungGen: 131329K->61526K(175104K)] 456442K->405131K(699392K), 0.0129740 secs] [Times: user=0.13 sys=0.00, real=0.01 secs] 
2016-09-24T00:12:17.302-0400: 112.575: [GC (GCLocker Initiated GC) [PSYoungGen: 149590K->55191K(175104K)] 493511K->442053K(699392K), 0.0244313 secs] [Times: user=0.22 sys=0.00, real=0.03 secs] 
2016-09-24T00:12:17.445-0400: 112.718: [GC (Allocation Failure) [PSYoungGen: 143255K->55355K(175104K)] 542572K->491225K(699392K), 0.0146681 secs] [Times: user=0.10 sys=0.00, real=0.01 secs] 
2016-09-24T00:12:17.582-0400: 112.856: [GC (GCLocker Initiated GC) [PSYoungGen: 142182K->55223K(175104K)] 584128K->497576K(699392K), 0.0124263 secs] [Times: user=0.10 sys=0.00, real=0.02 secs] 
2016-09-24T00:12:17.701-0400: 112.975: [GC (GCLocker Initiated GC) [PSYoungGen: 143287K->61298K(174080K)] 585973K->540545K(698368K), 0.0312130 secs] [Times: user=0.31 sys=0.00, real=0.03 secs] 
2016-09-24T00:12:17.732-0400: 113.006: [Full GC (Ergonomics) [PSYoungGen: 61298K->0K(174080K)] [ParOldGen: 479247K->52938K(524288K)] 540545K->52938K(698368K), [Metaspace: 44402K->44402K(1087488K)], 0.0568725 secs] [Times: user=0.30 sys=0.00, real=0.06 secs] 
2016-09-24T00:12:17.893-0400: 113.167: [GC (GCLocker Initiated GC) [PSYoungGen: 88064K->86210K(174592K)] 141139K->163585K(698880K), 0.0112770 secs] [Times: user=0.13 sys=0.00, real=0.02 secs] 
2016-09-24T00:12:18.009-0400: 113.283: [GC (GCLocker Initiated GC) [PSYoungGen: 174274K->24684K(175104K)] 257916K->145799K(699392K), 0.0109677 secs] [Times: user=0.10 sys=0.01, real=0.01 secs] 
2016-09-24T00:12:18.139-0400: 113.413: [GC (GCLocker Initiated GC) [PSYoungGen: 112748K->73836K(175104K)] 234021K->213494K(699392K), 0.0074520 secs] [Times: user=0.09 sys=0.00, real=0.01 secs] 
2016-09-24T00:12:18.247-0400: 113.521: [GC (GCLocker Initiated GC) [PSYoungGen: 161900K->85822K(175104K)] 301807K->268545K(699392K), 0.0193242 secs] [Times: user=0.16 sys=0.01, real=0.02 secs] 
2016-09-24T00:12:18.400-0400: 113.674: [GC (GCLocker Initiated GC) [PSYoungGen: 173886K->49244K(175104K)] 356857K->287174K(699392K), 0.0092734 secs] [Times: user=0.08 sys=0.00, real=0.01 secs] 
2016-09-24T00:12:18.513-0400: 113.787: [GC (GCLocker Initiated GC) [PSYoungGen: 137308K->85858K(175104K)] 375436K->354488K(699392K), 0.0184928 secs] [Times: user=0.17 sys=0.00, real=0.02 secs] 
2016-09-24T00:12:18.674-0400: 113.948: [GC (GCLocker Initiated GC) [PSYoungGen: 173922K->55255K(175104K)] 442913K->360964K(699392K), 0.0176397 secs] [Times: user=0.17 sys=0.00, real=0.02 secs] 
2016-09-24T00:12:18.816-0400: 114.090: [GC (GCLocker Initiated GC) [PSYoungGen: 143319K->49116K(175104K)] 449114K->373215K(699392K), 0.0173701 secs] [Times: user=0.15 sys=0.00, real=0.01 secs] 
2016-09-24T00:12:18.935-0400: 114.209: [GC (GCLocker Initiated GC) [PSYoungGen: 137180K->67729K(175104K)] 461360K->410246K(699392K), 0.0093413 secs] [Times: user=0.07 sys=0.00, real=0.01 secs] 
2016-09-24T00:12:19.040-0400: 114.314: [GC (GCLocker Initiated GC) [PSYoungGen: 155793K->85822K(175104K)] 498413K->513815K(699392K), 0.0189315 secs] [Times: user=0.26 sys=0.00, real=0.02 secs] 
2016-09-24T00:12:19.181-0400: 114.455: [GC (GCLocker Initiated GC) [PSYoungGen: 173886K->49280K(175104K)] 608002K->519957K(699392K), 0.0102357 secs] [Times: user=0.08 sys=0.00, real=0.01 secs] 
2016-09-24T00:12:19.192-0400: 114.465: [Full GC (Ergonomics) [PSYoungGen: 49280K->0K(175104K)] [ParOldGen: 470677K->47017K(524288K)] 519957K->47017K(699392K), [Metaspace: 44402K->44402K(1087488K)], 0.0498180 secs] [Times: user=0.35 sys=0.01, real=0.05 secs] 
2016-09-24T00:12:19.330-0400: 114.604: [GC (Allocation Failure) [PSYoungGen: 88064K->86046K(175104K)] 135308K->139365K(699392K), 0.0115396 secs] [Times: user=0.16 sys=0.00, real=0.01 secs] 
2016-09-24T00:12:19.469-0400: 114.742: [GC (GCLocker Initiated GC) [PSYoungGen: 171757K->55547K(175104K)] 231152K->133706K(699392K), 0.0226217 secs] [Times: user=0.23 sys=0.00, real=0.02 secs] 
2016-09-24T00:12:19.604-0400: 114.877: [GC (GCLocker Initiated GC) [PSYoungGen: 143611K->85758K(175104K)] 227887K->176401K(699392K), 0.0097825 secs] [Times: user=0.10 sys=0.00, real=0.00 secs] 
2016-09-24T00:12:19.720-0400: 114.993: [GC (GCLocker Initiated GC) [PSYoungGen: 173822K->55906K(175104K)] 264680K->207666K(699392K), 0.0295250 secs] [Times: user=0.29 sys=0.01, real=0.03 secs] 
2016-09-24T00:12:19.871-0400: 115.145: [GC (GCLocker Initiated GC) [PSYoungGen: 143970K->67501K(175104K)] 295822K->250019K(699392K), 0.0231426 secs] [Times: user=0.25 sys=0.00, real=0.02 secs] 
2016-09-24T00:12:20.014-0400: 115.288: [GC (GCLocker Initiated GC) [PSYoungGen: 155565K->43205K(175104K)] 344351K->238326K(699392K), 0.0294904 secs] [Times: user=0.21 sys=0.01, real=0.04 secs] 
2016-09-24T00:12:20.140-0400: 115.414: [GC (GCLocker Initiated GC) [PSYoungGen: 131269K->85726K(175104K)] 326751K->287738K(699392K), 0.0205830 secs] [Times: user=0.21 sys=0.00, real=0.02 secs] 
2016-09-24T00:12:20.280-0400: 115.553: [GC (GCLocker Initiated GC) [PSYoungGen: 173790K->43400K(175104K)] 382008K->300470K(699392K), 0.0159351 secs] [Times: user=0.11 sys=0.01, real=0.02 secs] 
2016-09-24T00:12:20.404-0400: 115.677: [GC (GCLocker Initiated GC) [PSYoungGen: 131464K->74000K(175104K)] 394982K->337832K(699392K), 0.0088227 secs] [Times: user=0.11 sys=0.00, real=0.00 secs] 
2016-09-24T00:12:20.537-0400: 115.811: [GC (GCLocker Initiated GC) [PSYoungGen: 162064K->61850K(175104K)] 438217K->356379K(699392K), 0.0101740 secs] [Times: user=0.14 sys=0.00, real=0.01 secs] 
2016-09-24T00:12:20.679-0400: 115.953: [GC (Allocation Failure) [PSYoungGen: 149914K->37713K(175104K)] 463001K->393626K(699392K), 0.0083099 secs] [Times: user=0.11 sys=0.00, real=0.01 secs] 
2016-09-24T00:12:20.806-0400: 116.080: [GC (GCLocker Initiated GC) [PSYoungGen: 125777K->73936K(175104K)] 481696K->430161K(699392K), 0.0083261 secs] [Times: user=0.10 sys=0.00, real=0.01 secs] 
2016-09-24T00:12:20.918-0400: 116.192: [GC (GCLocker Initiated GC) [PSYoungGen: 162000K->73380K(175104K)] 518250K->460140K(699392K), 0.0099995 secs] [Times: user=0.14 sys=0.00, real=0.01 secs] 
2016-09-24T00:12:21.054-0400: 116.327: [GC (Allocation Failure) [PSYoungGen: 161444K->67569K(175104K)] 554388K->503166K(699392K), 0.0149645 secs] [Times: user=0.16 sys=0.01, real=0.02 secs] 
2016-09-24T00:12:21.174-0400: 116.448: [GC (GCLocker Initiated GC) [PSYoungGen: 155633K->55059K(175104K)] 591235K->521468K(699392K), 0.0125946 secs] [Times: user=0.12 sys=0.00, real=0.02 secs] 
2016-09-24T00:12:21.187-0400: 116.460: [Full GC (Ergonomics) [PSYoungGen: 55059K->0K(175104K)] [ParOldGen: 466409K->47131K(524288K)] 521468K->47131K(699392K), [Metaspace: 44406K->44406K(1087488K)], 0.0594699 secs] [Times: user=0.34 sys=0.02, real=0.06 secs] 
2016-09-24T00:12:21.335-0400: 116.609: [GC (GCLocker Initiated GC) [PSYoungGen: 88064K->86630K(175104K)] 135225K->139867K(699392K), 0.0095002 secs] [Times: user=0.08 sys=0.00, real=0.01 secs] 
2016-09-24T00:12:21.452-0400: 116.726: [GC (Allocation Failure) [PSYoungGen: 174694K->73772K(175104K)] 228067K->152592K(699392K), 0.0220811 secs] [Times: user=0.25 sys=0.01, real=0.03 secs] 
2016-09-24T00:12:21.578-0400: 116.852: [GC (GCLocker Initiated GC) [PSYoungGen: 161836K->49308K(175104K)] 240662K->189144K(699392K), 0.0213209 secs] [Times: user=0.26 sys=0.00, real=0.02 secs] 
2016-09-24T00:12:21.710-0400: 116.984: [GC (GCLocker Initiated GC) [PSYoungGen: 137372K->55483K(175104K)] 289713K->208092K(699392K), 0.0082463 secs] [Times: user=0.10 sys=0.00, real=0.01 secs] 
2016-09-24T00:12:21.851-0400: 117.125: [GC (GCLocker Initiated GC) [PSYoungGen: 143547K->79683K(175104K)] 302290K->256927K(699392K), 0.0323720 secs] [Times: user=0.40 sys=0.00, real=0.04 secs] 
2016-09-24T00:12:22.012-0400: 117.285: [GC (GCLocker Initiated GC) [PSYoungGen: 167747K->55547K(175104K)] 351253K->299954K(699392K), 0.0101853 secs] [Times: user=0.11 sys=0.00, real=0.01 secs] 
2016-09-24T00:12:22.131-0400: 117.405: [GC (GCLocker Initiated GC) [PSYoungGen: 143608K->85954K(175104K)] 388388K->331025K(699392K), 0.0112249 secs] [Times: user=0.09 sys=0.00, real=0.02 secs] 
2016-09-24T00:12:22.247-0400: 117.521: [GC (GCLocker Initiated GC) [PSYoungGen: 174018K->85562K(175104K)] 419125K->391703K(699392K), 0.0334990 secs] [Times: user=0.37 sys=0.00, real=0.03 secs] 
2016-09-24T00:12:22.408-0400: 117.681: [GC (GCLocker Initiated GC) [PSYoungGen: 173626K->61462K(175104K)] 485895K->398151K(699392K), 0.0257613 secs] [Times: user=0.30 sys=0.00, real=0.02 secs] 
2016-09-24T00:12:22.566-0400: 117.840: [GC (GCLocker Initiated GC) [PSYoungGen: 149526K->67305K(175104K)] 492365K->465267K(699392K), 0.0101688 secs] [Times: user=0.09 sys=0.00, real=0.01 secs] 
2016-09-24T00:12:22.679-0400: 117.953: [GC (GCLocker Initiated GC) [PSYoungGen: 155369K->67665K(175104K)] 553394K->508335K(699392K), 0.0204485 secs] [Times: user=0.22 sys=0.01, real=0.02 secs] 
2016-09-24T00:12:22.700-0400: 117.974: [Full GC (Ergonomics) [PSYoungGen: 67665K->0K(175104K)] [ParOldGen: 440669K->53422K(524288K)] 508335K->53422K(699392K), [Metaspace: 44408K->44408K(1087488K)], 0.0559438 secs] [Times: user=0.31 sys=0.01, real=0.06 secs] 
2016-09-24T00:12:22.858-0400: 118.132: [GC (GCLocker Initiated GC) [PSYoungGen: 88064K->80071K(175104K)] 141488K->133495K(699392K), 0.0263737 secs] [Times: user=0.30 sys=0.01, real=0.03 secs] 
2016-09-24T00:12:22.983-0400: 118.257: [GC (Allocation Failure) [PSYoungGen: 168135K->79979K(175104K)] 227838K->176868K(699392K), 0.0194908 secs] [Times: user=0.23 sys=0.00, real=0.02 secs] 
2016-09-24T00:12:23.107-0400: 118.381: [GC (GCLocker Initiated GC) [PSYoungGen: 163428K->43333K(175104K)] 266392K->164781K(699392K), 0.0174069 secs] [Times: user=0.17 sys=0.00, real=0.02 secs] 
2016-09-24T00:12:23.246-0400: 118.520: [GC (GCLocker Initiated GC) [PSYoungGen: 131397K->67405K(175104K)] 265154K->219459K(699392K), 0.0103201 secs] [Times: user=0.07 sys=0.00, real=0.01 secs] 
2016-09-24T00:12:23.390-0400: 118.663: [GC (GCLocker Initiated GC) [PSYoungGen: 155469K->55355K(175104K)] 313701K->231891K(699392K), 0.0095131 secs] [Times: user=0.09 sys=0.01, real=0.01 secs] 
2016-09-24T00:12:23.488-0400: 118.761: [GC (GCLocker Initiated GC) [PSYoungGen: 143419K->55579K(175104K)] 332164K->274967K(699392K), 0.0234477 secs] [Times: user=0.25 sys=0.00, real=0.02 secs] 
2016-09-24T00:12:23.631-0400: 118.905: [GC (GCLocker Initiated GC) [PSYoungGen: 143643K->61398K(175104K)] 369220K->287054K(699392K), 0.0138296 secs] [Times: user=0.11 sys=0.00, real=0.02 secs] 
2016-09-24T00:12:23.754-0400: 119.028: [GC (Allocation Failure) [PSYoungGen: 149462K->67305K(175104K)] 375748K->293866K(699392K), 0.0135114 secs] [Times: user=0.11 sys=0.01, real=0.01 secs] 
2016-09-24T00:12:23.881-0400: 119.155: [GC (GCLocker Initiated GC) [PSYoungGen: 155230K->73448K(175104K)] 387866K->336571K(699392K), 0.0182411 secs] [Times: user=0.19 sys=0.00, real=0.02 secs] 
2016-09-24T00:12:24.018-0400: 119.291: [GC (GCLocker Initiated GC) [PSYoungGen: 161512K->73836K(175104K)] 430998K->343606K(699392K), 0.0105093 secs] [Times: user=0.11 sys=0.00, real=0.01 secs] 
2016-09-24T00:12:24.169-0400: 119.443: [GC (GCLocker Initiated GC) [PSYoungGen: 161900K->49148K(175104K)] 437764K->343676K(699392K), 0.0157899 secs] [Times: user=0.19 sys=0.00, real=0.02 secs] 
2016-09-24T00:12:24.290-0400: 119.563: [GC (GCLocker Initiated GC) [PSYoungGen: 137212K->67437K(175104K)] 432000K->405033K(699392K), 0.0107316 secs] [Times: user=0.10 sys=0.00, real=0.01 secs] 
2016-09-24T00:12:24.410-0400: 119.684: [GC (GCLocker Initiated GC) [PSYoungGen: 155501K->67729K(175104K)] 493409K->448297K(699392K), 0.0104908 secs] [Times: user=0.11 sys=0.00, real=0.01 secs] 
2016-09-24T00:12:24.517-0400: 119.790: [GC (GCLocker Initiated GC) [PSYoungGen: 155793K->85922K(175104K)] 536487K->491215K(699392K), 0.0107262 secs] [Times: user=0.12 sys=0.00, real=0.01 secs] 
2016-09-24T00:12:24.669-0400: 119.943: [GC (GCLocker Initiated GC) [PSYoungGen: 173986K->42973K(175104K)] 591471K->521640K(699392K), 0.0143267 secs] [Times: user=0.14 sys=0.00, real=0.02 secs] 
2016-09-24T00:12:24.684-0400: 119.957: [Full GC (Ergonomics) [PSYoungGen: 42973K->0K(175104K)] [ParOldGen: 478667K->47186K(524288K)] 521640K->47186K(699392K), [Metaspace: 44408K->44408K(1087488K)], 0.0477688 secs] [Times: user=0.34 sys=0.01, real=0.04 secs] 
2016-09-24T00:12:24.838-0400: 120.111: [GC (GCLocker Initiated GC) [PSYoungGen: 88064K->86110K(175104K)] 135299K->169795K(699392K), 0.0116834 secs] [Times: user=0.18 sys=0.00, real=0.01 secs] 
2016-09-24T00:12:24.945-0400: 120.219: [GC (GCLocker Initiated GC) [PSYoungGen: 174174K->86150K(175104K)] 258085K->237630K(699392K), 0.0133539 secs] [Times: user=0.21 sys=0.00, real=0.01 secs] 
2016-09-24T00:12:25.057-0400: 120.331: [GC (GCLocker Initiated GC) [PSYoungGen: 174214K->79779K(175104K)] 325981K->280462K(699392K), 0.0133474 secs] [Times: user=0.21 sys=0.00, real=0.01 secs] 
2016-09-24T00:12:25.185-0400: 120.459: [GC (GCLocker Initiated GC) [PSYoungGen: 167843K->86118K(175104K)] 368551K->323427K(699392K), 0.0129511 secs] [Times: user=0.20 sys=0.00, real=0.01 secs] 
2016-09-24T00:12:25.314-0400: 120.588: [GC (GCLocker Initiated GC) [PSYoungGen: 174182K->55383K(175104K)] 423835K->341785K(699392K), 0.0114014 secs] [Times: user=0.16 sys=0.00, real=0.01 secs] 
2016-09-24T00:12:25.460-0400: 120.734: [GC (GCLocker Initiated GC) [PSYoungGen: 143447K->79683K(175104K)] 435972K->372319K(699392K), 0.0077450 secs] [Times: user=0.08 sys=0.00, real=0.01 secs] 
2016-09-24T00:12:25.595-0400: 120.869: [GC (GCLocker Initiated GC) [PSYoungGen: 167747K->67633K(175104K)] 460553K->403240K(699392K), 0.0137545 secs] [Times: user=0.16 sys=0.00, real=0.01 secs] 
2016-09-24T00:12:25.710-0400: 120.984: [GC (GCLocker Initiated GC) [PSYoungGen: 155697K->48920K(175104K)] 497566K->409281K(699392K), 0.0132139 secs] [Times: user=0.12 sys=0.00, real=0.02 secs] 
2016-09-24T00:12:25.851-0400: 121.124: [GC (GCLocker Initiated GC) [PSYoungGen: 136984K->67633K(175104K)] 503748K->464907K(699392K), 0.0125733 secs] [Times: user=0.13 sys=0.01, real=0.02 secs] 
2016-09-24T00:12:26.002-0400: 121.276: [GC (GCLocker Initiated GC) [PSYoungGen: 155697K->36966K(175104K)] 571301K->471210K(699392K), 0.0065390 secs] [Times: user=0.05 sys=0.00, real=0.01 secs] 
2016-09-24T00:12:26.127-0400: 121.401: [GC (Allocation Failure) [PSYoungGen: 125030K->61786K(175104K)] 559332K->496372K(699392K), 0.0115496 secs] [Times: user=0.13 sys=0.01, real=0.01 secs] 
2016-09-24T00:12:26.262-0400: 121.536: [GC (GCLocker Initiated GC) [PSYoungGen: 145317K->55351K(175104K)] 585978K->538664K(699392K), 0.0103861 secs] [Times: user=0.14 sys=0.00, real=0.00 secs] 
2016-09-24T00:12:26.273-0400: 121.547: [Full GC (Ergonomics) [PSYoungGen: 55351K->0K(175104K)] [ParOldGen: 483313K->47599K(524288K)] 538664K->47599K(699392K), [Metaspace: 44408K->44408K(1087488K)], 0.0516646 secs] [Times: user=0.33 sys=0.01, real=0.06 secs] 
2016-09-24T00:12:26.435-0400: 121.709: [GC (GCLocker Initiated GC) [PSYoungGen: 88064K->86146K(175104K)] 135838K->146071K(699392K), 0.0252174 secs] [Times: user=0.32 sys=0.00, real=0.02 secs] 
2016-09-24T00:12:26.560-0400: 121.834: [GC (GCLocker Initiated GC) [PSYoungGen: 174210K->55387K(175104K)] 234271K->158521K(699392K), 0.0109766 secs] [Times: user=0.08 sys=0.00, real=0.01 secs] 
2016-09-24T00:12:26.679-0400: 121.953: [GC (GCLocker Initiated GC) [PSYoungGen: 143451K->61590K(175104K)] 246700K->195489K(699392K), 0.0212022 secs] [Times: user=0.26 sys=0.00, real=0.02 secs] 
2016-09-24T00:12:26.793-0400: 122.067: [GC (Allocation Failure) [PSYoungGen: 149654K->85854K(175104K)] 283663K->268754K(699392K), 0.0121005 secs] [Times: user=0.17 sys=0.00, real=0.02 secs] 
2016-09-24T00:12:26.910-0400: 122.183: [GC (GCLocker Initiated GC) [PSYoungGen: 172953K->49312K(175104K)] 361929K->286983K(699392K), 0.0216420 secs] [Times: user=0.20 sys=0.00, real=0.02 secs] 
2016-09-24T00:12:27.056-0400: 122.330: [GC (GCLocker Initiated GC) [PSYoungGen: 137376K->55123K(175104K)] 381433K->323755K(699392K), 0.0094111 secs] [Times: user=0.09 sys=0.00, real=0.01 secs] 
2016-09-24T00:12:27.187-0400: 122.461: [GC (Allocation Failure) [PSYoungGen: 143182K->55615K(175104K)] 418234K->349027K(699392K), 0.0098754 secs] [Times: user=0.11 sys=0.00, real=0.01 secs] 
2016-09-24T00:12:27.317-0400: 122.591: [GC (GCLocker Initiated GC) [PSYoungGen: 138732K->19228K(175104K)] 438219K->319655K(699392K), 0.0058008 secs] [Times: user=0.06 sys=0.01, real=0.01 secs] 
2016-09-24T00:12:27.435-0400: 122.709: [GC (GCLocker Initiated GC) [PSYoungGen: 107292K->79715K(175104K)] 420068K->392765K(699392K), 0.0083294 secs] [Times: user=0.08 sys=0.01, real=0.01 secs] 
2016-09-24T00:12:27.557-0400: 122.831: [GC (Allocation Failure) [PSYoungGen: 167779K->31214K(175104K)] 480871K->380892K(699392K), 0.0154609 secs] [Times: user=0.14 sys=0.01, real=0.01 secs] 
2016-09-24T00:12:27.668-0400: 122.942: [GC (GCLocker Initiated GC) [PSYoungGen: 119278K->73480K(175104K)] 468963K->459881K(699392K), 0.0108336 secs] [Times: user=0.09 sys=0.00, real=0.01 secs] 
2016-09-24T00:12:27.807-0400: 123.081: [GC (Allocation Failure) [PSYoungGen: 161544K->55547K(175104K)] 560417K->472741K(699392K), 0.0147843 secs] [Times: user=0.17 sys=0.00, real=0.01 secs] 
2016-09-24T00:12:27.927-0400: 123.201: [GC (GCLocker Initiated GC) [PSYoungGen: 143611K->67405K(175104K)] 560810K->503129K(699392K), 0.0279684 secs] [Times: user=0.29 sys=0.00, real=0.03 secs] 
2016-09-24T00:12:28.078-0400: 123.352: [GC (GCLocker Initiated GC) [PSYoungGen: 155469K->31118K(175104K)] 597563K->509782K(699392K), 0.0150635 secs] [Times: user=0.16 sys=0.01, real=0.01 secs] 
2016-09-24T00:12:28.093-0400: 123.367: [Full GC (Ergonomics) [PSYoungGen: 31118K->0K(175104K)] [ParOldGen: 478663K->47805K(524288K)] 509782K->47805K(699392K), [Metaspace: 44416K->44416K(1087488K)], 0.0507557 secs] [Times: user=0.24 sys=0.00, real=0.06 secs] 
2016-09-24T00:12:28.261-0400: 123.535: [GC (GCLocker Initiated GC) [PSYoungGen: 88064K->85626K(175104K)] 136045K->151833K(699392K), 0.0093724 secs] [Times: user=0.11 sys=0.00, real=0.01 secs] 
2016-09-24T00:12:28.429-0400: 123.703: [GC (GCLocker Initiated GC) [PSYoungGen: 173690K->55970K(175104K)] 252273K->219787K(699392K), 0.0126423 secs] [Times: user=0.18 sys=0.00, real=0.01 secs] 
2016-09-24T00:12:28.569-0400: 123.843: [GC (Allocation Failure) [PSYoungGen: 144034K->37485K(175104K)] 320345K->214439K(699392K), 0.0141601 secs] [Times: user=0.18 sys=0.00, real=0.02 secs] 
2016-09-24T00:12:28.691-0400: 123.965: [GC (GCLocker Initiated GC) [PSYoungGen: 125549K->55287K(175104K)] 302510K->250559K(699392K), 0.0104412 secs] [Times: user=0.07 sys=0.01, real=0.01 secs] 
2016-09-24T00:12:28.841-0400: 124.114: [GC (GCLocker Initiated GC) [PSYoungGen: 143351K->55938K(175104K)] 351033K->282317K(699392K), 0.0100161 secs] [Times: user=0.14 sys=0.00, real=0.01 secs] 
2016-09-24T00:12:28.959-0400: 124.232: [GC (GCLocker Initiated GC) [PSYoungGen: 144002K->36834K(175104K)] 376915K->288731K(699392K), 0.0101220 secs] [Times: user=0.07 sys=0.00, real=0.01 secs] 
2016-09-24T00:12:29.054-0400: 124.328: [GC (GCLocker Initiated GC) [PSYoungGen: 124898K->73672K(175104K)] 376843K->350068K(699392K), 0.0168012 secs] [Times: user=0.17 sys=0.01, real=0.02 secs] 
2016-09-24T00:12:29.196-0400: 124.469: [GC (GCLocker Initiated GC) [PSYoungGen: 161736K->30859K(175104K)] 444327K->344076K(699392K), 0.0137865 secs] [Times: user=0.14 sys=0.00, real=0.01 secs] 
2016-09-24T00:12:29.339-0400: 124.613: [GC (GCLocker Initiated GC) [PSYoungGen: 118923K->55383K(175104K)] 432295K->387288K(699392K), 0.0098814 secs] [Times: user=0.10 sys=0.00, real=0.01 secs] 
2016-09-24T00:12:29.469-0400: 124.742: [GC (GCLocker Initiated GC) [PSYoungGen: 143447K->61298K(175104K)] 481502K->417674K(699392K), 0.0201117 secs] [Times: user=0.19 sys=0.00, real=0.02 secs] 
2016-09-24T00:12:29.594-0400: 124.867: [GC (GCLocker Initiated GC) [PSYoungGen: 149362K->79555K(175104K)] 505869K->448512K(699392K), 0.0217352 secs] [Times: user=0.20 sys=0.01, real=0.03 secs] 
2016-09-24T00:12:29.708-0400: 124.982: [GC (GCLocker Initiated GC) [PSYoungGen: 167619K->67469K(175104K)] 536791K->491592K(699392K), 0.0222364 secs] [Times: user=0.26 sys=0.00, real=0.02 secs] 
2016-09-24T00:12:29.851-0400: 125.125: [GC (GCLocker Initiated GC) [PSYoungGen: 155533K->61330K(175104K)] 580011K->504105K(699392K), 0.0460352 secs] [Times: user=0.42 sys=0.01, real=0.05 secs] 
2016-09-24T00:12:30.022-0400: 125.296: [GC (GCLocker Initiated GC) [PSYoungGen: 149394K->43237K(175104K)] 598599K->510762K(699392K), 0.0146282 secs] [Times: user=0.14 sys=0.01, real=0.01 secs] 
2016-09-24T00:12:30.037-0400: 125.311: [Full GC (Ergonomics) [PSYoungGen: 43237K->0K(175104K)] [ParOldGen: 467525K->53722K(524288K)] 510762K->53722K(699392K), [Metaspace: 44416K->44416K(1087488K)], 0.0496685 secs] [Times: user=0.25 sys=0.01, real=0.05 secs] 
2016-09-24T00:12:30.203-0400: 125.477: [GC (GCLocker Initiated GC) [PSYoungGen: 88064K->79815K(175104K)] 160198K->151950K(699392K), 0.0300759 secs] [Times: user=0.36 sys=0.00, real=0.02 secs] 
2016-09-24T00:12:30.339-0400: 125.612: [GC (GCLocker Initiated GC) [PSYoungGen: 167879K->43269K(175104K)] 240173K->194821K(699392K), 0.0113260 secs] [Times: user=0.11 sys=0.00, real=0.01 secs] 
2016-09-24T00:12:30.447-0400: 125.721: [GC (Allocation Failure) [PSYoungGen: 131333K->80011K(175104K)] 283072K->268500K(699392K), 0.0164485 secs] [Times: user=0.20 sys=0.00, real=0.02 secs] 
2016-09-24T00:12:30.464-0400: 125.738: [GC (GCLocker Initiated GC) [PSYoungGen: 80018K->288K(175104K)] 268508K->280640K(699392K), 0.0083656 secs] [Times: user=0.13 sys=0.00, real=0.00 secs] 
2016-09-24T00:12:30.604-0400: 125.877: [GC (GCLocker Initiated GC) [PSYoungGen: 84742K->85918K(175104K)] 371170K->372345K(699392K), 0.0216063 secs] [Times: user=0.21 sys=0.00, real=0.02 secs] 
2016-09-24T00:12:30.739-0400: 126.012: [GC (GCLocker Initiated GC) [PSYoungGen: 173982K->73612K(175104K)] 466633K->403260K(699392K), 0.0107255 secs] [Times: user=0.09 sys=0.00, real=0.01 secs] 
2016-09-24T00:12:30.860-0400: 126.134: [GC (GCLocker Initiated GC) [PSYoungGen: 161676K->43329K(175104K)] 509834K->464663K(699392K), 0.0241019 secs] [Times: user=0.25 sys=0.00, real=0.03 secs] 
2016-09-24T00:12:31.003-0400: 126.277: [Full GC (Ergonomics) [PSYoungGen: 131393K->0K(175104K)] [ParOldGen: 427691K->53986K(524288K)] 559084K->53986K(699392K), [Metaspace: 44416K->44416K(1087488K)], 0.0579115 secs] [Times: user=0.32 sys=0.01, real=0.05 secs] 
2016-09-24T00:12:31.150-0400: 126.423: [GC (GCLocker Initiated GC) [PSYoungGen: 88064K->79459K(175104K)] 142051K->133446K(699392K), 0.0177220 secs] [Times: user=0.14 sys=0.01, real=0.02 secs] 
2016-09-24T00:12:31.258-0400: 126.532: [GC (GCLocker Initiated GC) [PSYoungGen: 167523K->61590K(175104K)] 221540K->200924K(699392K), 0.0379240 secs] [Times: user=0.43 sys=0.00, real=0.04 secs] 
2016-09-24T00:12:31.429-0400: 126.702: [GC (GCLocker Initiated GC) [PSYoungGen: 149654K->61426K(175104K)] 295357K->244706K(699392K), 0.0108341 secs] [Times: user=0.15 sys=0.00, real=0.01 secs] 
2016-09-24T00:12:31.561-0400: 126.835: [GC (Allocation Failure) [PSYoungGen: 149490K->49080K(175104K)] 332862K->256856K(699392K), 0.0076111 secs] [Times: user=0.07 sys=0.00, real=0.01 secs] 
2016-09-24T00:12:31.690-0400: 126.964: [GC (Allocation Failure) [PSYoungGen: 134239K->37226K(175104K)] 342015K->275472K(699392K), 0.0315378 secs] [Times: user=0.37 sys=0.00, real=0.03 secs] 
2016-09-24T00:12:31.826-0400: 127.100: [GC (GCLocker Initiated GC) [PSYoungGen: 125290K->79715K(175104K)] 363542K->336680K(699392K), 0.0120165 secs] [Times: user=0.15 sys=0.00, real=0.01 secs] 
2016-09-24T00:12:31.940-0400: 127.213: [GC (GCLocker Initiated GC) [PSYoungGen: 167779K->86150K(175104K)] 431022K->392062K(699392K), 0.0161072 secs] [Times: user=0.22 sys=0.01, real=0.02 secs] 
2016-09-24T00:12:32.089-0400: 127.363: [GC (Allocation Failure) [PSYoungGen: 174214K->79359K(175104K)] 480179K->440283K(699392K), 0.0282545 secs] [Times: user=0.30 sys=0.00, real=0.03 secs] 
2016-09-24T00:12:32.118-0400: 127.392: [GC (GCLocker Initiated GC) [PSYoungGen: 79709K->128K(175104K)] 440633K->428033K(699392K), 0.0145962 secs] [Times: user=0.15 sys=0.00, real=0.01 secs] 
2016-09-24T00:12:32.133-0400: 127.406: [Full GC (Ergonomics) [PSYoungGen: 128K->0K(175104K)] [ParOldGen: 427905K->46515K(524288K)] 428033K->46515K(699392K), [Metaspace: 44416K->44416K(1087488K)], 0.0569701 secs] [Times: user=0.41 sys=0.00, real=0.06 secs] 
2016-09-24T00:12:32.300-0400: 127.573: [GC (GCLocker Initiated GC) [PSYoungGen: 88064K->86110K(175104K)] 134585K->156931K(699392K), 0.0153209 secs] [Times: user=0.22 sys=0.00, real=0.02 secs] 
2016-09-24T00:12:32.412-0400: 127.686: [GC (GCLocker Initiated GC) [PSYoungGen: 174174K->74032K(175104K)] 251202K->206502K(699392K), 0.0122865 secs] [Times: user=0.18 sys=0.00, real=0.02 secs] 
2016-09-24T00:12:32.565-0400: 127.839: [GC (Allocation Failure) [PSYoungGen: 162096K->48984K(175104K)] 294579K->224416K(699392K), 0.0088265 secs] [Times: user=0.09 sys=0.00, real=0.01 secs] 
2016-09-24T00:12:32.681-0400: 127.955: [GC (GCLocker Initiated GC) [PSYoungGen: 137048K->79615K(175104K)] 312480K->285574K(699392K), 0.0110932 secs] [Times: user=0.15 sys=0.01, real=0.01 secs] 
2016-09-24T00:12:32.828-0400: 128.101: [GC (GCLocker Initiated GC) [PSYoungGen: 167679K->61458K(175104K)] 379939K->292071K(699392K), 0.0135137 secs] [Times: user=0.17 sys=0.00, real=0.01 secs] 
2016-09-24T00:12:32.947-0400: 128.221: [GC (GCLocker Initiated GC) [PSYoungGen: 149522K->85690K(175104K)] 380238K->341030K(699392K), 0.0221613 secs] [Times: user=0.27 sys=0.01, real=0.02 secs] 
2016-09-24T00:12:33.080-0400: 128.354: [GC (Allocation Failure) [PSYoungGen: 173754K->49212K(175104K)] 429152K->371578K(699392K), 0.0201508 secs] [Times: user=0.22 sys=0.00, real=0.02 secs] 
2016-09-24T00:12:33.229-0400: 128.502: [GC (GCLocker Initiated GC) [PSYoungGen: 137276K->85530K(175104K)] 459648K->408162K(699392K), 0.0171546 secs] [Times: user=0.16 sys=0.01, real=0.02 secs] 
2016-09-24T00:12:33.346-0400: 128.620: [GC (GCLocker Initiated GC) [PSYoungGen: 173594K->67341K(175104K)] 496335K->402327K(699392K), 0.0147998 secs] [Times: user=0.14 sys=0.01, real=0.01 secs] 
2016-09-24T00:12:33.465-0400: 128.739: [GC (Allocation Failure) [PSYoungGen: 155405K->55123K(175104K)] 496653K->427014K(699392K), 0.0141748 secs] [Times: user=0.11 sys=0.00, real=0.01 secs] 
2016-09-24T00:12:33.607-0400: 128.881: [GC (GCLocker Initiated GC) [PSYoungGen: 143187K->43301K(175104K)] 515084K->451735K(699392K), 0.0107539 secs] [Times: user=0.08 sys=0.00, real=0.01 secs] 
2016-09-24T00:12:33.704-0400: 128.978: [GC (GCLocker Initiated GC) [PSYoungGen: 131365K->85662K(175104K)] 539818K->500450K(699392K), 0.0214734 secs] [Times: user=0.22 sys=0.00, real=0.02 secs] 
2016-09-24T00:12:33.864-0400: 129.138: [GC (GCLocker Initiated GC) [PSYoungGen: 173726K->49116K(175104K)] 594641K->524982K(699392K), 0.0178392 secs] [Times: user=0.17 sys=0.01, real=0.01 secs] 
2016-09-24T00:12:33.882-0400: 129.156: [Full GC (Ergonomics) [PSYoungGen: 49116K->0K(175104K)] [ParOldGen: 475866K->46822K(524288K)] 524982K->46822K(699392K), [Metaspace: 44420K->44420K(1087488K)], 0.0603690 secs] [Times: user=0.34 sys=0.00, real=0.07 secs] 
2016-09-24T00:12:34.057-0400: 129.331: [GC (GCLocker Initiated GC) [PSYoungGen: 88064K->85982K(175104K)] 141009K->145003K(699392K), 0.0173944 secs] [Times: user=0.18 sys=0.00, real=0.02 secs] 
2016-09-24T00:12:34.212-0400: 129.486: [GC (GCLocker Initiated GC) [PSYoungGen: 174046K->37162K(175104K)] 245510K->182090K(699392K), 0.0098918 secs] [Times: user=0.10 sys=0.00, real=0.02 secs] 
2016-09-24T00:12:34.316-0400: 129.590: [GC (GCLocker Initiated GC) [PSYoungGen: 125226K->85694K(175104K)] 270481K->243554K(699392K), 0.0107767 secs] [Times: user=0.09 sys=0.01, real=0.01 secs] 
2016-09-24T00:12:34.445-0400: 129.718: [GC (GCLocker Initiated GC) [PSYoungGen: 173758K->55223K(175104K)] 343812K->280040K(699392K), 0.0226136 secs] [Times: user=0.22 sys=0.01, real=0.02 secs] 
2016-09-24T00:12:34.587-0400: 129.860: [GC (Allocation Failure) [PSYoungGen: 143287K->61298K(175104K)] 368157K->316803K(699392K), 0.0098826 secs] [Times: user=0.08 sys=0.00, real=0.01 secs] 
2016-09-24T00:12:34.685-0400: 129.959: [GC (GCLocker Initiated GC) [PSYoungGen: 144426K->61558K(175104K)] 406006K->372037K(699392K), 0.0098029 secs] [Times: user=0.11 sys=0.00, real=0.01 secs] 
2016-09-24T00:12:34.855-0400: 130.129: [GC (GCLocker Initiated GC) [PSYoungGen: 149622K->55351K(175104K)] 472501K->396870K(699392K), 0.0193821 secs] [Times: user=0.21 sys=0.00, real=0.02 secs] 
2016-09-24T00:12:34.992-0400: 130.265: [GC (Allocation Failure) [PSYoungGen: 143415K->73576K(175104K)] 485133K->415405K(699392K), 0.0081624 secs] [Times: user=0.09 sys=0.00, real=0.01 secs] 
2016-09-24T00:12:35.000-0400: 130.274: [GC (GCLocker Initiated GC) [PSYoungGen: 74063K->128K(175104K)] 415892K->415243K(699392K), 0.0070536 secs] [Times: user=0.06 sys=0.00, real=0.01 secs] 
2016-09-24T00:12:35.114-0400: 130.388: [GC (GCLocker Initiated GC) [PSYoungGen: 82705K->55807K(175104K)] 503896K->477013K(699392K), 0.0087181 secs] [Times: user=0.07 sys=0.00, real=0.01 secs] 
2016-09-24T00:12:35.271-0400: 130.545: [Full GC (Ergonomics) [PSYoungGen: 143871K->0K(175104K)] [ParOldGen: 433920K->53006K(524288K)] 577791K->53006K(699392K), [Metaspace: 44421K->44421K(1087488K)], 0.0624649 secs] [Times: user=0.42 sys=0.01, real=0.06 secs] 
2016-09-24T00:12:35.452-0400: 130.726: [GC (GCLocker Initiated GC) [PSYoungGen: 83385K->86210K(175104K)] 142467K->151366K(699392K), 0.0145923 secs] [Times: user=0.18 sys=0.00, real=0.02 secs] 
2016-09-24T00:12:35.601-0400: 130.875: [GC (GCLocker Initiated GC) [PSYoungGen: 174274K->73640K(175104K)] 245564K->200512K(699392K), 0.0120878 secs] [Times: user=0.17 sys=0.01, real=0.01 secs] 
2016-09-24T00:12:35.706-0400: 130.980: [GC (GCLocker Initiated GC) [PSYoungGen: 161704K->43329K(175104K)] 294682K->273659K(699392K), 0.0111830 secs] [Times: user=0.14 sys=0.01, real=0.01 secs] 
2016-09-24T00:12:35.855-0400: 131.129: [GC (Allocation Failure) [PSYoungGen: 131393K->24784K(175104K)] 367929K->279812K(699392K), 0.0078355 secs] [Times: user=0.06 sys=0.00, real=0.01 secs] 
2016-09-24T00:12:35.979-0400: 131.252: [GC (GCLocker Initiated GC) [PSYoungGen: 112848K->61102K(175104K)] 367882K->316403K(699392K), 0.0091097 secs] [Times: user=0.06 sys=0.00, real=0.01 secs] 
2016-09-24T00:12:36.089-0400: 131.363: [GC (GCLocker Initiated GC) [PSYoungGen: 149166K->85790K(175104K)] 404581K->365673K(699392K), 0.0118414 secs] [Times: user=0.17 sys=0.00, real=0.01 secs] 
2016-09-24T00:12:36.230-0400: 131.504: [GC (GCLocker Initiated GC) [PSYoungGen: 173854K->73672K(175104K)] 460173K->360306K(699392K), 0.0105914 secs] [Times: user=0.16 sys=0.00, real=0.01 secs] 
2016-09-24T00:12:36.383-0400: 131.656: [GC (Allocation Failure) [PSYoungGen: 161736K->19164K(175104K)] 454996K->330769K(699392K), 0.0061923 secs] [Times: user=0.07 sys=0.01, real=0.00 secs] 
2016-09-24T00:12:36.502-0400: 131.776: [GC (GCLocker Initiated GC) [PSYoungGen: 104793K->55351K(175104K)] 422473K->373150K(699392K), 0.0120051 secs] [Times: user=0.11 sys=0.00, real=0.01 secs] 
2016-09-24T00:12:36.639-0400: 131.913: [GC (Allocation Failure) [PSYoungGen: 143415K->55419K(175104K)] 473445K->403933K(699392K), 0.0162429 secs] [Times: user=0.16 sys=0.00, real=0.02 secs] 
2016-09-24T00:12:36.773-0400: 132.046: [GC (GCLocker Initiated GC) [PSYoungGen: 137936K->55223K(175104K)] 492525K->410079K(699392K), 0.0180915 secs] [Times: user=0.17 sys=0.00, real=0.02 secs] 
2016-09-24T00:12:36.911-0400: 132.185: [GC (GCLocker Initiated GC) [PSYoungGen: 143287K->55255K(175104K)] 504411K->422730K(699392K), 0.0267831 secs] [Times: user=0.28 sys=0.01, real=0.03 secs] 
2016-09-24T00:12:37.050-0400: 132.323: [GC (GCLocker Initiated GC) [PSYoungGen: 143319K->79719K(175104K)] 510863K->447515K(699392K), 0.0303670 secs] [Times: user=0.27 sys=0.00, real=0.03 secs] 
2016-09-24T00:12:37.206-0400: 132.480: [GC (GCLocker Initiated GC) [PSYoungGen: 167783K->73544K(175104K)] 535654K->478149K(699392K), 0.0162259 secs] [Times: user=0.20 sys=0.00, real=0.02 secs] 
2016-09-24T00:12:37.345-0400: 132.618: [GC (GCLocker Initiated GC) [PSYoungGen: 161608K->55579K(175104K)] 578506K->527328K(699392K), 0.0111699 secs] [Times: user=0.15 sys=0.00, real=0.01 secs] 
2016-09-24T00:12:37.356-0400: 132.630: [Full GC (Ergonomics) [PSYoungGen: 55579K->0K(175104K)] [ParOldGen: 471749K->52915K(524288K)] 527328K->52915K(699392K), [Metaspace: 44422K->44422K(1087488K)], 0.0536657 secs] [Times: user=0.45 sys=0.00, real=0.05 secs] 
2016-09-24T00:12:37.537-0400: 132.811: [GC (GCLocker Initiated GC) [PSYoungGen: 88064K->73740K(175104K)] 141306K->126983K(699392K), 0.0080539 secs] [Times: user=0.11 sys=0.00, real=0.01 secs] 
2016-09-24T00:12:37.664-0400: 132.937: [GC (Allocation Failure) [PSYoungGen: 161804K->85886K(175104K)] 215329K->182400K(699392K), 0.0159885 secs] [Times: user=0.24 sys=0.00, real=0.01 secs] 
2016-09-24T00:12:37.812-0400: 133.085: [GC (GCLocker Initiated GC) [PSYoungGen: 170238K->55807K(175104K)] 272827K->176772K(699392K), 0.0079893 secs] [Times: user=0.13 sys=0.00, real=0.01 secs] 
2016-09-24T00:12:37.933-0400: 133.207: [GC (GCLocker Initiated GC) [PSYoungGen: 143871K->73704K(175104K)] 265006K->195131K(699392K), 0.0083250 secs] [Times: user=0.11 sys=0.00, real=0.01 secs] 
2016-09-24T00:12:38.085-0400: 133.359: [GC (GCLocker Initiated GC) [PSYoungGen: 161768K->43101K(175104K)] 295628K->213539K(699392K), 0.0099923 secs] [Times: user=0.08 sys=0.00, real=0.01 secs] 
2016-09-24T00:12:38.217-0400: 133.491: [GC (GCLocker Initiated GC) [PSYoungGen: 131165K->85822K(175104K)] 301645K->298978K(699392K), 0.0114845 secs] [Times: user=0.14 sys=0.00, real=0.01 secs] 
2016-09-24T00:12:38.337-0400: 133.610: [GC (GCLocker Initiated GC) [PSYoungGen: 173886K->55483K(175104K)] 393153K->329725K(699392K), 0.0102594 secs] [Times: user=0.10 sys=0.00, real=0.01 secs] 
2016-09-24T00:12:38.463-0400: 133.737: [GC (GCLocker Initiated GC) [PSYoungGen: 143547K->61326K(175104K)] 423919K->408839K(699392K), 0.0335004 secs] [Times: user=0.37 sys=0.01, real=0.03 secs] 
2016-09-24T00:12:38.608-0400: 133.881: [GC (GCLocker Initiated GC) [PSYoungGen: 149390K->67797K(175104K)] 503283K->446101K(699392K), 0.0205816 secs] [Times: user=0.20 sys=0.01, real=0.02 secs] 
2016-09-24T00:12:38.749-0400: 134.023: [GC (Allocation Failure) [PSYoungGen: 155861K->55906K(175104K)] 546592K->471410K(699392K), 0.0103814 secs] [Times: user=0.14 sys=0.00, real=0.01 secs] 
2016-09-24T00:12:38.871-0400: 134.145: [GC (GCLocker Initiated GC) [PSYoungGen: 143970K->61522K(175104K)] 559479K->513788K(699392K), 0.0107675 secs] [Times: user=0.12 sys=0.00, real=0.01 secs] 
2016-09-24T00:12:38.882-0400: 134.155: [Full GC (Ergonomics) [PSYoungGen: 61522K->0K(175104K)] [ParOldGen: 452266K->53344K(524288K)] 513788K->53344K(699392K), [Metaspace: 44428K->44428K(1087488K)], 0.0490450 secs] [Times: user=0.43 sys=0.00, real=0.05 secs] 
2016-09-24T00:12:39.029-0400: 134.303: [GC (GCLocker Initiated GC) [PSYoungGen: 88064K->86046K(175104K)] 142062K->164345K(699392K), 0.0129486 secs] [Times: user=0.19 sys=0.01, real=0.02 secs] 
2016-09-24T00:12:39.174-0400: 134.448: [GC (GCLocker Initiated GC) [PSYoungGen: 174110K->80075K(175104K)] 252545K->195720K(699392K), 0.0129253 secs] [Times: user=0.19 sys=0.01, real=0.01 secs] 
2016-09-24T00:12:39.291-0400: 134.564: [GC (GCLocker Initiated GC) [PSYoungGen: 168139K->73476K(175104K)] 283854K->232015K(699392K), 0.0126881 secs] [Times: user=0.18 sys=0.01, real=0.02 secs] 
2016-09-24T00:12:39.426-0400: 134.700: [GC (GCLocker Initiated GC) [PSYoungGen: 161540K->67341K(175104K)] 320138K->268551K(699392K), 0.0099162 secs] [Times: user=0.07 sys=0.01, real=0.01 secs] 
2016-09-24T00:12:39.557-0400: 134.831: [GC (GCLocker Initiated GC) [PSYoungGen: 155405K->43073K(175104K)] 356680K->281073K(699392K), 0.0100865 secs] [Times: user=0.08 sys=0.00, real=0.01 secs] 
2016-09-24T00:12:39.689-0400: 134.963: [GC (Allocation Failure) [PSYoungGen: 131137K->67569K(175104K)] 375399K->336399K(699392K), 0.0094112 secs] [Times: user=0.07 sys=0.00, real=0.01 secs] 
2016-09-24T00:12:39.699-0400: 134.973: [GC (GCLocker Initiated GC) [PSYoungGen: 67579K->160K(175104K)] 336410K->330266K(699392K), 0.0145198 secs] [Times: user=0.12 sys=0.00, real=0.01 secs] 
2016-09-24T00:12:39.853-0400: 135.126: [GC (Allocation Failure) [PSYoungGen: 88224K->67309K(175104K)] 418330K->397415K(699392K), 0.0152103 secs] [Times: user=0.11 sys=0.00, real=0.02 secs] 
2016-09-24T00:12:40.002-0400: 135.275: [GC (GCLocker Initiated GC) [PSYoungGen: 150884K->55451K(175104K)] 487066K->410149K(699392K), 0.0134839 secs] [Times: user=0.13 sys=0.00, real=0.02 secs] 
2016-09-24T00:12:40.143-0400: 135.416: [GC (GCLocker Initiated GC) [PSYoungGen: 143515K->48984K(175104K)] 498261K->440455K(699392K), 0.0164436 secs] [Times: user=0.14 sys=0.02, real=0.01 secs] 
2016-09-24T00:12:40.275-0400: 135.549: [GC (GCLocker Initiated GC) [PSYoungGen: 137048K->67765K(175104K)] 528550K->507987K(699392K), 0.0099973 secs] [Times: user=0.10 sys=0.00, real=0.01 secs] 
2016-09-24T00:12:40.410-0400: 135.684: [GC (GCLocker Initiated GC) [PSYoungGen: 155829K->42909K(175104K)] 602230K->520116K(699392K), 0.0115572 secs] [Times: user=0.12 sys=0.00, real=0.01 secs] 
2016-09-24T00:12:40.422-0400: 135.696: [Full GC (Ergonomics) [PSYoungGen: 42909K->0K(175104K)] [ParOldGen: 477207K->53215K(524288K)] 520116K->53215K(699392K), [Metaspace: 44433K->44433K(1087488K)], 0.0725849 secs] [Times: user=0.48 sys=0.02, real=0.08 secs] 
2016-09-24T00:12:40.599-0400: 135.873: [GC (Allocation Failure) [PSYoungGen: 88064K->86498K(175104K)] 141640K->164374K(699392K), 0.0199909 secs] [Times: user=0.25 sys=0.00, real=0.02 secs] 
2016-09-24T00:12:40.620-0400: 135.894: [GC (GCLocker Initiated GC) [PSYoungGen: 86824K->64K(175104K)] 164701K->188508K(699392K), 0.0151796 secs] [Times: user=0.15 sys=0.01, real=0.02 secs] 
2016-09-24T00:12:40.733-0400: 136.007: [GC (GCLocker Initiated GC) [PSYoungGen: 88128K->86178K(175104K)] 276584K->298934K(699392K), 0.0147793 secs] [Times: user=0.19 sys=0.00, real=0.02 secs] 
2016-09-24T00:12:40.866-0400: 136.140: [GC (GCLocker Initiated GC) [PSYoungGen: 174242K->49212K(175104K)] 387098K->311363K(699392K), 0.0193882 secs] [Times: user=0.19 sys=0.01, real=0.02 secs] 
2016-09-24T00:12:41.009-0400: 136.283: [GC (GCLocker Initiated GC) [PSYoungGen: 137276K->73608K(175104K)] 399709K->372635K(699392K), 0.0213774 secs] [Times: user=0.23 sys=0.00, real=0.02 secs] 
2016-09-24T00:12:41.141-0400: 136.415: [GC (GCLocker Initiated GC) [PSYoungGen: 161672K->85726K(175104K)] 466884K->397304K(699392K), 0.0130678 secs] [Times: user=0.14 sys=0.00, real=0.02 secs] 
2016-09-24T00:12:41.274-0400: 136.548: [GC (GCLocker Initiated GC) [PSYoungGen: 173790K->61821K(175104K)] 491698K->428621K(699392K), 0.0175906 secs] [Times: user=0.16 sys=0.00, real=0.02 secs] 
2016-09-24T00:12:41.405-0400: 136.679: [GC (GCLocker Initiated GC) [PSYoungGen: 149885K->85598K(175104K)] 516795K->489404K(699392K), 0.0180580 secs] [Times: user=0.18 sys=0.00, real=0.02 secs] 
2016-09-24T00:12:41.536-0400: 136.810: [GC (GCLocker Initiated GC) [PSYoungGen: 173662K->73352K(175104K)] 577527K->483364K(699392K), 0.0128067 secs] [Times: user=0.10 sys=0.00, real=0.01 secs] 
2016-09-24T00:12:41.661-0400: 136.934: [GC (GCLocker Initiated GC) [PSYoungGen: 161416K->67437K(175104K)] 577662K->526476K(699392K), 0.0335451 secs] [Times: user=0.38 sys=0.01, real=0.04 secs] 
2016-09-24T00:12:41.694-0400: 136.968: [Full GC (Ergonomics) [PSYoungGen: 67437K->0K(175104K)] [ParOldGen: 459038K->52424K(524288K)] 526476K->52424K(699392K), [Metaspace: 44433K->44433K(1087488K)], 0.0840182 secs] [Times: user=0.90 sys=0.01, real=0.08 secs] 
2016-09-24T00:12:41.891-0400: 137.165: [GC (Allocation Failure) [PSYoungGen: 88064K->86210K(175104K)] 140591K->150887K(699392K), 0.0098698 secs] [Times: user=0.13 sys=0.00, real=0.01 secs] 
2016-09-24T00:12:42.027-0400: 137.300: [GC (GCLocker Initiated GC) [PSYoungGen: 169921K->43173K(175104K)] 240674K->132658K(699392K), 0.0375905 secs] [Times: user=0.33 sys=0.00, real=0.04 secs] 
2016-09-24T00:12:42.214-0400: 137.487: [GC (Allocation Failure) [PSYoungGen: 131237K->30759K(175104K)] 226912K->145074K(699392K), 0.0136490 secs] [Times: user=0.12 sys=0.01, real=0.02 secs] 
2016-09-24T00:12:42.316-0400: 137.590: [GC (GCLocker Initiated GC) [PSYoungGen: 118823K->85954K(175104K)] 233144K->249034K(699392K), 0.0109472 secs] [Times: user=0.11 sys=0.00, real=0.01 secs] 
2016-09-24T00:12:42.450-0400: 137.723: [GC (GCLocker Initiated GC) [PSYoungGen: 174018K->43205K(175104K)] 349386K->261513K(699392K), 0.0203898 secs] [Times: user=0.18 sys=0.00, real=0.02 secs] 
2016-09-24T00:12:42.597-0400: 137.871: [GC (GCLocker Initiated GC) [PSYoungGen: 131269K->37190K(175104K)] 362065K->322961K(699392K), 0.0221872 secs] [Times: user=0.29 sys=0.00, real=0.02 secs] 
2016-09-24T00:12:42.750-0400: 138.024: [GC (GCLocker Initiated GC) [PSYoungGen: 125254K->55351K(175104K)] 417134K->365560K(699392K), 0.0213385 secs] [Times: user=0.23 sys=0.00, real=0.02 secs] 
2016-09-24T00:12:42.899-0400: 138.173: [GC (Allocation Failure) [PSYoungGen: 143415K->55287K(175104K)] 453962K->384170K(699392K), 0.0244739 secs] [Times: user=0.30 sys=0.00, real=0.03 secs] 
2016-09-24T00:12:43.085-0400: 138.359: [GC (GCLocker Initiated GC) [PSYoungGen: 139730K->55027K(175104K)] 474689K->390081K(699392K), 0.0183019 secs] [Times: user=0.18 sys=0.00, real=0.02 secs] 
2016-09-24T00:12:43.243-0400: 138.517: [GC (GCLocker Initiated GC) [PSYoungGen: 143091K->73284K(175104K)] 484279K->432808K(699392K), 0.0097722 secs] [Times: user=0.09 sys=0.00, real=0.00 secs] 
2016-09-24T00:12:43.356-0400: 138.629: [GC (GCLocker Initiated GC) [PSYoungGen: 161348K->55255K(175104K)] 521060K->463679K(699392K), 0.0115351 secs] [Times: user=0.11 sys=0.00, real=0.01 secs] 
2016-09-24T00:12:43.481-0400: 138.755: [GC (GCLocker Initiated GC) [PSYoungGen: 143319K->79719K(175104K)] 552065K->525198K(699392K), 0.0173112 secs] [Times: user=0.13 sys=0.00, real=0.02 secs] 
2016-09-24T00:12:43.628-0400: 138.902: [Full GC (Ergonomics) [PSYoungGen: 167783K->0K(175104K)] [ParOldGen: 457957K->53031K(524288K)] 625740K->53031K(699392K), [Metaspace: 44439K->44439K(1087488K)], 0.0751212 secs] [Times: user=0.61 sys=0.01, real=0.08 secs] 
2016-09-24T00:12:43.811-0400: 139.085: [GC (GCLocker Initiated GC) [PSYoungGen: 88064K->86078K(175104K)] 141244K->157483K(699392K), 0.0105990 secs] [Times: user=0.14 sys=0.00, real=0.01 secs] 
2016-09-24T00:12:43.953-0400: 139.227: [GC (Allocation Failure) [PSYoungGen: 174142K->30823K(175104K)] 245560K->175829K(699392K), 0.0091043 secs] [Times: user=0.08 sys=0.01, real=0.02 secs] 
2016-09-24T00:12:44.085-0400: 139.359: [GC (GCLocker Initiated GC) [PSYoungGen: 118887K->85626K(175104K)] 263899K->236816K(699392K), 0.0118340 secs] [Times: user=0.09 sys=0.00, real=0.01 secs] 
2016-09-24T00:12:44.209-0400: 139.483: [GC (GCLocker Initiated GC) [PSYoungGen: 173690K->85986K(175104K)] 325039K->261771K(699392K), 0.0102013 secs] [Times: user=0.13 sys=0.00, real=0.01 secs] 
2016-09-24T00:12:44.312-0400: 139.586: [GC (GCLocker Initiated GC) [PSYoungGen: 174050K->85954K(175104K)] 349882K->280459K(699392K), 0.0096137 secs] [Times: user=0.12 sys=0.00, real=0.01 secs] 
2016-09-24T00:12:44.435-0400: 139.709: [GC (GCLocker Initiated GC) [PSYoungGen: 174018K->61262K(175104K)] 374802K->341281K(699392K), 0.0225805 secs] [Times: user=0.26 sys=0.00, real=0.02 secs] 
2016-09-24T00:12:44.575-0400: 139.849: [GC (GCLocker Initiated GC) [PSYoungGen: 149326K->85758K(175104K)] 429398K->396349K(699392K), 0.0098521 secs] [Times: user=0.11 sys=0.01, real=0.01 secs] 
2016-09-24T00:12:44.706-0400: 139.980: [GC (Allocation Failure) [PSYoungGen: 173822K->42877K(175104K)] 490664K->396412K(699392K), 0.0178337 secs] [Times: user=0.16 sys=0.00, real=0.02 secs] 
2016-09-24T00:12:44.847-0400: 140.121: [GC (GCLocker Initiated GC) [PSYoungGen: 130941K->85986K(175104K)] 484482K->470030K(699392K), 0.0100462 secs] [Times: user=0.10 sys=0.00, real=0.01 secs] 
2016-09-24T00:12:45.010-0400: 140.284: [GC (GCLocker Initiated GC) [PSYoungGen: 174050K->67437K(175104K)] 564525K->482479K(699392K), 0.0134236 secs] [Times: user=0.13 sys=0.00, real=0.02 secs] 
2016-09-24T00:12:45.148-0400: 140.422: [GC (GCLocker Initiated GC) [PSYoungGen: 155501K->43528K(175104K)] 570703K->477067K(699392K), 0.0225311 secs] [Times: user=0.25 sys=0.01, real=0.02 secs] 
2016-09-24T00:12:45.296-0400: 140.570: [GC (GCLocker Initiated GC) [PSYoungGen: 131592K->61298K(175104K)] 565397K->513587K(699392K), 0.0093523 secs] [Times: user=0.09 sys=0.00, real=0.01 secs] 
2016-09-24T00:12:45.406-0400: 140.680: [GC (GCLocker Initiated GC) [PSYoungGen: 149362K->85694K(175104K)] 601861K->562604K(699392K), 0.0142874 secs] [Times: user=0.13 sys=0.00, real=0.01 secs] 
2016-09-24T00:12:45.421-0400: 140.695: [Full GC (Ergonomics) [PSYoungGen: 85694K->0K(175104K)] [ParOldGen: 476910K->52724K(524288K)] 562604K->52724K(699392K), [Metaspace: 44453K->44453K(1087488K)], 0.0582878 secs] [Times: user=0.33 sys=0.01, real=0.06 secs] 
2016-09-24T00:12:45.600-0400: 140.873: [GC (GCLocker Initiated GC) [PSYoungGen: 88064K->86306K(175104K)] 140919K->151311K(699392K), 0.0116410 secs] [Times: user=0.11 sys=0.01, real=0.01 secs] 
2016-09-24T00:12:45.733-0400: 141.007: [GC (Allocation Failure) [PSYoungGen: 174370K->42845K(175104K)] 245509K->169610K(699392K), 0.0177113 secs] [Times: user=0.17 sys=0.00, real=0.02 secs] 
2016-09-24T00:12:45.858-0400: 141.131: [GC (GCLocker Initiated GC) [PSYoungGen: 130909K->67369K(175104K)] 257674K->248937K(699392K), 0.0098835 secs] [Times: user=0.10 sys=0.00, real=0.01 secs] 
2016-09-24T00:12:45.984-0400: 141.257: [GC (GCLocker Initiated GC) [PSYoungGen: 155433K->61330K(175104K)] 337053K->261287K(699392K), 0.0100495 secs] [Times: user=0.10 sys=0.00, real=0.00 secs] 
2016-09-24T00:12:46.108-0400: 141.382: [GC (GCLocker Initiated GC) [PSYoungGen: 149394K->73580K(175104K)] 349583K->274013K(699392K), 0.0168632 secs] [Times: user=0.16 sys=0.00, real=0.02 secs] 
2016-09-24T00:12:46.265-0400: 141.539: [GC (GCLocker Initiated GC) [PSYoungGen: 161644K->55287K(175104K)] 368440K->298653K(699392K), 0.0099994 secs] [Times: user=0.08 sys=0.00, real=0.01 secs] 
2016-09-24T00:12:46.376-0400: 141.650: [GC (GCLocker Initiated GC) [PSYoungGen: 143351K->85758K(175104K)] 386787K->353661K(699392K), 0.0244486 secs] [Times: user=0.28 sys=0.00, real=0.02 secs] 
2016-09-24T00:12:46.503-0400: 141.776: [GC (GCLocker Initiated GC) [PSYoungGen: 173822K->73512K(175104K)] 441811K->366077K(699392K), 0.0098665 secs] [Times: user=0.08 sys=0.00, real=0.00 secs] 
2016-09-24T00:12:46.635-0400: 141.909: [GC (GCLocker Initiated GC) [PSYoungGen: 161576K->49148K(175104K)] 454284K->384656K(699392K), 0.0169645 secs] [Times: user=0.17 sys=0.00, real=0.01 secs] 
2016-09-24T00:12:46.747-0400: 142.021: [GC (Allocation Failure) [PSYoungGen: 137212K->49475K(175104K)] 472824K->403564K(699392K), 0.0199102 secs] [Times: user=0.17 sys=0.00, real=0.02 secs] 
2016-09-24T00:12:46.881-0400: 142.154: [GC (GCLocker Initiated GC) [PSYoungGen: 136702K->48984K(175104K)] 496866K->433863K(699392K), 0.0266451 secs] [Times: user=0.25 sys=0.00, real=0.03 secs] 
2016-09-24T00:12:47.030-0400: 142.304: [GC (GCLocker Initiated GC) [PSYoungGen: 137048K->73644K(175104K)] 528268K->464968K(699392K), 0.0203540 secs] [Times: user=0.22 sys=0.01, real=0.02 secs] 
2016-09-24T00:12:47.173-0400: 142.447: [GC (Allocation Failure) [PSYoungGen: 161708K->49084K(175104K)] 559277K->446905K(699392K), 0.0084954 secs] [Times: user=0.05 sys=0.02, real=0.01 secs] 
2016-09-24T00:12:47.310-0400: 142.584: [GC (GCLocker Initiated GC) [PSYoungGen: 137148K->67373K(175104K)] 534974K->471526K(699392K), 0.0103192 secs] [Times: user=0.06 sys=0.00, real=0.01 secs] 
2016-09-24T00:12:47.445-0400: 142.719: [GC (GCLocker Initiated GC) [PSYoungGen: 155437K->61462K(175104K)] 559923K->502477K(699392K), 0.0092186 secs] [Times: user=0.09 sys=0.00, real=0.01 secs] 
2016-09-24T00:12:47.561-0400: 142.835: [GC (GCLocker Initiated GC) [PSYoungGen: 149526K->73416K(175104K)] 590584K->514742K(699392K), 0.0090487 secs] [Times: user=0.06 sys=0.01, real=0.01 secs] 
2016-09-24T00:12:47.701-0400: 142.975: [GC (GCLocker Initiated GC) [PSYoungGen: 161480K->55159K(175104K)] 602831K->551289K(699392K), 0.0163977 secs] [Times: user=0.17 sys=0.00, real=0.02 secs] 
2016-09-24T00:12:47.718-0400: 142.992: [Full GC (Ergonomics) [PSYoungGen: 55159K->0K(175104K)] [ParOldGen: 496130K->41026K(524288K)] 551289K->41026K(699392K), [Metaspace: 44453K->44453K(1087488K)], 0.0590437 secs] [Times: user=0.32 sys=0.01, real=0.06 secs] 
2016-09-24T00:12:47.867-0400: 143.141: [GC (GCLocker Initiated GC) [PSYoungGen: 88064K->85918K(175104K)] 129138K->139142K(699392K), 0.0162128 secs] [Times: user=0.20 sys=0.00, real=0.02 secs] 
2016-09-24T00:12:48.006-0400: 143.280: [GC (GCLocker Initiated GC) [PSYoungGen: 173982K->85822K(175104K)] 227248K->212764K(699392K), 0.0122986 secs] [Times: user=0.19 sys=0.00, real=0.01 secs] 
2016-09-24T00:12:48.146-0400: 143.420: [GC (GCLocker Initiated GC) [PSYoungGen: 173886K->43037K(175104K)] 300876K->212835K(699392K), 0.0081069 secs] [Times: user=0.07 sys=0.01, real=0.00 secs] 
2016-09-24T00:12:48.295-0400: 143.569: [GC (GCLocker Initiated GC) [PSYoungGen: 131101K->55091K(175104K)] 313192K->285894K(699392K), 0.0257803 secs] [Times: user=0.26 sys=0.00, real=0.02 secs] 
2016-09-24T00:12:48.467-0400: 143.741: [GC (Allocation Failure) [PSYoungGen: 143155K->25139K(175104K)] 392342K->316955K(699392K), 0.0206941 secs] [Times: user=0.22 sys=0.00, real=0.02 secs] 
2016-09-24T00:12:48.604-0400: 143.877: [GC (GCLocker Initiated GC) [PSYoungGen: 110434K->61266K(175104K)] 408325K->359423K(699392K), 0.0265679 secs] [Times: user=0.23 sys=0.00, real=0.02 secs] 
2016-09-24T00:12:48.733-0400: 144.007: [GC (GCLocker Initiated GC) [PSYoungGen: 149330K->49048K(175104K)] 447630K->389976K(699392K), 0.0127918 secs] [Times: user=0.12 sys=0.00, real=0.02 secs] 
2016-09-24T00:12:48.877-0400: 144.150: [GC (GCLocker Initiated GC) [PSYoungGen: 137112K->49639K(175104K)] 490450K->427390K(699392K), 0.0190809 secs] [Times: user=0.14 sys=0.00, real=0.02 secs] 
2016-09-24T00:12:49.009-0400: 144.283: [GC (GCLocker Initiated GC) [PSYoungGen: 137703K->79747K(175104K)] 521638K->482854K(699392K), 0.0271096 secs] [Times: user=0.28 sys=0.00, real=0.03 secs] 
2016-09-24T00:12:49.133-0400: 144.407: [GC (GCLocker Initiated GC) [PSYoungGen: 167811K->49180K(175104K)] 570976K->525349K(699392K), 0.0123620 secs] [Times: user=0.10 sys=0.01, real=0.02 secs] 
2016-09-24T00:12:49.146-0400: 144.420: [Full GC (Ergonomics) [PSYoungGen: 49180K->0K(175104K)] [ParOldGen: 476168K->52942K(524288K)] 525349K->52942K(699392K), [Metaspace: 44453K->44453K(1087488K)], 0.0757695 secs] [Times: user=0.49 sys=0.01, real=0.07 secs] 
2016-09-24T00:12:49.320-0400: 144.594: [GC (GCLocker Initiated GC) [PSYoungGen: 88064K->85950K(175104K)] 141077K->138963K(699392K), 0.0334728 secs] [Times: user=0.37 sys=0.00, real=0.03 secs] 
2016-09-24T00:12:49.452-0400: 144.725: [GC (GCLocker Initiated GC) [PSYoungGen: 174014K->67633K(175104K)] 227299K->176304K(699392K), 0.0198026 secs] [Times: user=0.20 sys=0.00, real=0.02 secs] 
2016-09-24T00:12:49.605-0400: 144.879: [GC (GCLocker Initiated GC) [PSYoungGen: 155697K->37030K(175104K)] 264561K->182603K(699392K), 0.0160632 secs] [Times: user=0.14 sys=0.00, real=0.01 secs] 
2016-09-24T00:12:49.717-0400: 144.991: [GC (GCLocker Initiated GC) [PSYoungGen: 125094K->85890K(175104K)] 271000K->231916K(699392K), 0.0193373 secs] [Times: user=0.21 sys=0.00, real=0.02 secs] 
2016-09-24T00:12:49.851-0400: 145.125: [GC (GCLocker Initiated GC) [PSYoungGen: 173954K->49116K(175104K)] 320100K->238038K(699392K), 0.0392419 secs] [Times: user=0.40 sys=0.00, real=0.04 secs] 
2016-09-24T00:12:49.996-0400: 145.270: [GC (GCLocker Initiated GC) [PSYoungGen: 137180K->73544K(175104K)] 326132K->280849K(699392K), 0.0160861 secs] [Times: user=0.16 sys=0.00, real=0.01 secs] 
2016-09-24T00:12:50.101-0400: 145.375: [GC (GCLocker Initiated GC) [PSYoungGen: 161608K->73740K(175104K)] 368949K->336055K(699392K), 0.0148322 secs] [Times: user=0.16 sys=0.00, real=0.02 secs] 
2016-09-24T00:12:50.259-0400: 145.533: [GC (Allocation Failure) [PSYoungGen: 161804K->55059K(175104K)] 424177K->354470K(699392K), 0.0095203 secs] [Times: user=0.07 sys=0.00, real=0.01 secs] 
2016-09-24T00:12:50.391-0400: 145.665: [GC (GCLocker Initiated GC) [PSYoungGen: 137738K->37425K(175104K)] 443224K->343007K(699392K), 0.0123339 secs] [Times: user=0.11 sys=0.00, real=0.02 secs] 
2016-09-24T00:12:50.496-0400: 145.769: [GC (Allocation Failure) [PSYoungGen: 125489K->67437K(175104K)] 431342K->373565K(699392K), 0.0256021 secs] [Times: user=0.29 sys=0.00, real=0.02 secs] 
2016-09-24T00:12:50.644-0400: 145.918: [GC (GCLocker Initiated GC) [PSYoungGen: 151963K->55059K(175104K)] 464166K->385778K(699392K), 0.0313981 secs] [Times: user=0.34 sys=0.00, real=0.03 secs] 
2016-09-24T00:12:50.777-0400: 146.051: [GC (GCLocker Initiated GC) [PSYoungGen: 143123K->85986K(175104K)] 479965K->447256K(699392K), 0.0140029 secs] [Times: user=0.18 sys=0.00, real=0.01 secs] 
2016-09-24T00:12:50.926-0400: 146.200: [GC (GCLocker Initiated GC) [PSYoungGen: 174050K->73836K(175104K)] 553587K->532671K(699392K), 0.0140782 secs] [Times: user=0.21 sys=0.00, real=0.01 secs] 
2016-09-24T00:12:50.941-0400: 146.214: [Full GC (Ergonomics) [PSYoungGen: 73836K->0K(175104K)] [ParOldGen: 458835K->52681K(524288K)] 532671K->52681K(699392K), [Metaspace: 44463K->44463K(1087488K)], 0.0568340 secs] [Times: user=0.38 sys=0.00, real=0.06 secs] 
2016-09-24T00:12:51.121-0400: 146.395: [GC (GCLocker Initiated GC) [PSYoungGen: 88064K->55639K(175104K)] 153043K->120619K(699392K), 0.0066947 secs] [Times: user=0.09 sys=0.00, real=0.01 secs] 
2016-09-24T00:12:51.245-0400: 146.519: [GC (GCLocker Initiated GC) [PSYoungGen: 143703K->73444K(175104K)] 215029K->163543K(699392K), 0.0156074 secs] [Times: user=0.15 sys=0.00, real=0.01 secs] 
2016-09-24T00:12:51.389-0400: 146.663: [GC (GCLocker Initiated GC) [PSYoungGen: 161508K->43696K(175104K)] 251705K->152222K(699392K), 0.0081862 secs] [Times: user=0.07 sys=0.00, real=0.01 secs] 
2016-09-24T00:12:51.484-0400: 146.758: [GC (GCLocker Initiated GC) [PSYoungGen: 131760K->85790K(175104K)] 240547K->201287K(699392K), 0.0108042 secs] [Times: user=0.15 sys=0.01, real=0.01 secs] 
2016-09-24T00:12:51.614-0400: 146.888: [GC (GCLocker Initiated GC) [PSYoungGen: 173854K->86018K(175104K)] 289562K->226170K(699392K), 0.0113014 secs] [Times: user=0.16 sys=0.00, real=0.02 secs] 
2016-09-24T00:12:51.731-0400: 147.005: [GC (GCLocker Initiated GC) [PSYoungGen: 174082K->79683K(175104K)] 314483K->256825K(699392K), 0.0097592 secs] [Times: user=0.11 sys=0.00, real=0.01 secs] 
2016-09-24T00:12:51.849-0400: 147.123: [GC (GCLocker Initiated GC) [PSYoungGen: 167747K->79779K(175104K)] 344999K->299684K(699392K), 0.0308435 secs] [Times: user=0.36 sys=0.01, real=0.03 secs] 
2016-09-24T00:12:52.007-0400: 147.280: [GC (GCLocker Initiated GC) [PSYoungGen: 167843K->67533K(175104K)] 394032K->342637K(699392K), 0.0174950 secs] [Times: user=0.20 sys=0.00, real=0.02 secs] 
2016-09-24T00:12:52.145-0400: 147.419: [GC (GCLocker Initiated GC) [PSYoungGen: 155597K->61266K(175104K)] 437021K->355083K(699392K), 0.0087064 secs] [Times: user=0.06 sys=0.00, real=0.00 secs] 
2016-09-24T00:12:52.270-0400: 147.544: [GC (GCLocker Initiated GC) [PSYoungGen: 149330K->73836K(175104K)] 443159K->410506K(699392K), 0.0116522 secs] [Times: user=0.18 sys=0.00, real=0.02 secs] 
2016-09-24T00:12:52.402-0400: 147.676: [GC (GCLocker Initiated GC) [PSYoungGen: 161900K->73284K(175104K)] 504698K->416350K(699392K), 0.0075201 secs] [Times: user=0.05 sys=0.00, real=0.01 secs] 
2016-09-24T00:12:52.521-0400: 147.794: [GC (GCLocker Initiated GC) [PSYoungGen: 161348K->86018K(175104K)] 504652K->508448K(699392K), 0.0157676 secs] [Times: user=0.18 sys=0.01, real=0.02 secs] 
2016-09-24T00:12:52.666-0400: 147.939: [GC (GCLocker Initiated GC) [PSYoungGen: 174082K->55123K(175104K)] 597275K->515370K(699392K), 0.0127167 secs] [Times: user=0.16 sys=0.00, real=0.01 secs] 
2016-09-24T00:12:52.678-0400: 147.952: [Full GC (Ergonomics) [PSYoungGen: 55123K->0K(175104K)] [ParOldGen: 460247K->40650K(524288K)] 515370K->40650K(699392K), [Metaspace: 44463K->44463K(1087488K)], 0.0532445 secs] [Times: user=0.36 sys=0.00, real=0.05 secs] 
2016-09-24T00:12:52.839-0400: 148.113: [GC (GCLocker Initiated GC) [PSYoungGen: 88064K->85854K(175104K)] 129075K->157240K(699392K), 0.0100796 secs] [Times: user=0.11 sys=0.00, real=0.01 secs] 
2016-09-24T00:12:52.960-0400: 148.234: [GC (Allocation Failure) [PSYoungGen: 173918K->79683K(175104K)] 245408K->224380K(699392K), 0.0131584 secs] [Times: user=0.18 sys=0.00, real=0.01 secs] 
2016-09-24T00:12:53.091-0400: 148.365: [GC (GCLocker Initiated GC) [PSYoungGen: 167747K->73576K(175104K)] 312572K->273344K(699392K), 0.0191220 secs] [Times: user=0.18 sys=0.00, real=0.02 secs] 
2016-09-24T00:12:53.227-0400: 148.501: [GC (Allocation Failure) [PSYoungGen: 161640K->55223K(175104K)] 361478K->273553K(699392K), 0.0088262 secs] [Times: user=0.08 sys=0.00, real=0.01 secs] 
2016-09-24T00:12:53.353-0400: 148.627: [GC (GCLocker Initiated GC) [PSYoungGen: 141867K->37290K(175104K)] 366273K->316834K(699392K), 0.0079393 secs] [Times: user=0.08 sys=0.00, real=0.01 secs] 
2016-09-24T00:12:53.483-0400: 148.757: [GC (GCLocker Initiated GC) [PSYoungGen: 125354K->73512K(175104K)] 404934K->353352K(699392K), 0.0342425 secs] [Times: user=0.34 sys=0.00, real=0.03 secs] 
2016-09-24T00:12:53.657-0400: 148.931: [GC (Allocation Failure) [PSYoungGen: 161576K->55351K(175104K)] 447516K->426500K(699392K), 0.0106985 secs] [Times: user=0.12 sys=0.00, real=0.01 secs] 
2016-09-24T00:12:53.778-0400: 149.052: [GC (GCLocker Initiated GC) [PSYoungGen: 143415K->61266K(175104K)] 514570K->475205K(699392K), 0.0185495 secs] [Times: user=0.19 sys=0.00, real=0.02 secs] 
2016-09-24T00:12:53.901-0400: 149.174: [GC (GCLocker Initiated GC) [PSYoungGen: 149330K->49116K(175104K)] 563636K->487989K(699392K), 0.0206135 secs] [Times: user=0.18 sys=0.01, real=0.02 secs] 
2016-09-24T00:12:53.921-0400: 149.195: [Full GC (Ergonomics) [PSYoungGen: 49116K->0K(175104K)] [ParOldGen: 438873K->52829K(524288K)] 487989K->52829K(699392K), [Metaspace: 44468K->44468K(1087488K)], 0.0573900 secs] [Times: user=0.26 sys=0.01, real=0.06 secs] 
2016-09-24T00:12:54.076-0400: 149.350: [GC (GCLocker Initiated GC) [PSYoungGen: 88064K->86242K(175104K)] 141086K->145339K(699392K), 0.0096650 secs] [Times: user=0.13 sys=0.00, real=0.01 secs] 
2016-09-24T00:12:54.204-0400: 149.477: [GC (GCLocker Initiated GC) [PSYoungGen: 174306K->73936K(175104K)] 233618K->170442K(699392K), 0.0114152 secs] [Times: user=0.13 sys=0.00, real=0.01 secs] 
2016-09-24T00:12:54.311-0400: 149.585: [GC (Allocation Failure) [PSYoungGen: 162000K->85822K(175104K)] 258564K->243444K(699392K), 0.0193380 secs] [Times: user=0.23 sys=0.01, real=0.02 secs] 
2016-09-24T00:12:54.444-0400: 149.718: [GC (GCLocker Initiated GC) [PSYoungGen: 169494K->67597K(175104K)] 333191K->310577K(699392K), 0.0144121 secs] [Times: user=0.14 sys=0.00, real=0.01 secs] 
2016-09-24T00:12:54.586-0400: 149.860: [GC (Allocation Failure) [PSYoungGen: 155661K->55483K(175104K)] 398799K->317114K(699392K), 0.0160312 secs] [Times: user=0.18 sys=0.00, real=0.02 secs] 
2016-09-24T00:12:54.704-0400: 149.978: [GC (GCLocker Initiated GC) [PSYoungGen: 143488K->42941K(175104K)] 405184K->341181K(699392K), 0.0145732 secs] [Times: user=0.15 sys=0.00, real=0.01 secs] 
2016-09-24T00:12:54.846-0400: 150.120: [GC (GCLocker Initiated GC) [PSYoungGen: 131005K->37713K(175104K)] 447669K->354505K(699392K), 0.0081653 secs] [Times: user=0.08 sys=0.02, real=0.01 secs] 
2016-09-24T00:12:54.984-0400: 150.258: [GC (GCLocker Initiated GC) [PSYoungGen: 125777K->85758K(175104K)] 442617K->415218K(699392K), 0.0194865 secs] [Times: user=0.23 sys=0.00, real=0.02 secs] 
2016-09-24T00:12:55.100-0400: 150.374: [GC (GCLocker Initiated GC) [PSYoungGen: 173822K->49244K(175104K)] 509925K->446208K(699392K), 0.0143563 secs] [Times: user=0.18 sys=0.01, real=0.02 secs] 
2016-09-24T00:12:55.228-0400: 150.502: [GC (GCLocker Initiated GC) [PSYoungGen: 137308K->61266K(175104K)] 534308K->476767K(699392K), 0.0096619 secs] [Times: user=0.10 sys=0.00, real=0.01 secs] 
2016-09-24T00:12:55.343-0400: 150.617: [GC (Allocation Failure) [PSYoungGen: 149330K->73740K(175104K)] 565068K->520129K(699392K), 0.0091956 secs] [Times: user=0.11 sys=0.00, real=0.00 secs] 
2016-09-24T00:12:55.352-0400: 150.626: [Full GC (Ergonomics) [PSYoungGen: 73740K->0K(175104K)] [ParOldGen: 446389K->46783K(524288K)] 520129K->46783K(699392K), [Metaspace: 44470K->44470K(1087488K)], 0.0515070 secs] [Times: user=0.33 sys=0.01, real=0.06 secs] 
2016-09-24T00:12:55.529-0400: 150.803: [GC (GCLocker Initiated GC) [PSYoungGen: 88064K->55187K(175104K)] 134853K->101976K(699392K), 0.0070111 secs] [Times: user=0.06 sys=0.00, real=0.01 secs] 
2016-09-24T00:12:55.649-0400: 150.923: [GC (GCLocker Initiated GC) [PSYoungGen: 143251K->67765K(175104K)] 190177K->133027K(699392K), 0.0212991 secs] [Times: user=0.22 sys=0.01, real=0.02 secs] 
2016-09-24T00:12:55.780-0400: 151.054: [GC (GCLocker Initiated GC) [PSYoungGen: 155829K->61166K(175104K)] 221144K->157304K(699392K), 0.0096185 secs] [Times: user=0.09 sys=0.00, real=0.01 secs] 
2016-09-24T00:12:55.887-0400: 151.161: [GC (GCLocker Initiated GC) [PSYoungGen: 149230K->55515K(175104K)] 245427K->224708K(699392K), 0.0200407 secs] [Times: user=0.21 sys=0.00, real=0.02 secs] 
2016-09-24T00:12:56.062-0400: 151.335: [GC (GCLocker Initiated GC) [PSYoungGen: 143579K->49216K(175104K)] 318978K->230957K(699392K), 0.0090582 secs] [Times: user=0.07 sys=0.01, real=0.01 secs] 
2016-09-24T00:12:56.181-0400: 151.455: [GC (GCLocker Initiated GC) [PSYoungGen: 137280K->85790K(175104K)] 319187K->304455K(699392K), 0.0328463 secs] [Times: user=0.34 sys=0.01, real=0.03 secs] 
2016-09-24T00:12:56.324-0400: 151.598: [GC (GCLocker Initiated GC) [PSYoungGen: 173854K->43169K(175104K)] 392572K->316689K(699392K), 0.0190866 secs] [Times: user=0.20 sys=0.00, real=0.02 secs] 
2016-09-24T00:12:56.448-0400: 151.722: [GC (GCLocker Initiated GC) [PSYoungGen: 131233K->37290K(175104K)] 423322K->347888K(699392K), 0.0222494 secs] [Times: user=0.26 sys=0.00, real=0.02 secs] 
2016-09-24T00:12:56.589-0400: 151.862: [GC (GCLocker Initiated GC) [PSYoungGen: 125354K->61530K(175104K)] 436190K->372633K(699392K), 0.0071395 secs] [Times: user=0.05 sys=0.00, real=0.01 secs] 
2016-09-24T00:12:56.721-0400: 151.995: [GC (Allocation Failure) [PSYoungGen: 149594K->37222K(175104K)] 479069K->385394K(699392K), 0.0065724 secs] [Times: user=0.08 sys=0.00, real=0.01 secs] 
2016-09-24T00:12:56.885-0400: 152.159: [GC (GCLocker Initiated GC) [PSYoungGen: 125286K->36930K(175104K)] 479533K->391281K(699392K), 0.0062574 secs] [Times: user=0.07 sys=0.00, real=0.00 secs] 
2016-09-24T00:12:57.051-0400: 152.325: [GC (GCLocker Initiated GC) [PSYoungGen: 124994K->79423K(175104K)] 485540K->440064K(699392K), 0.0203954 secs] [Times: user=0.22 sys=0.00, real=0.02 secs] 
2016-09-24T00:12:57.200-0400: 152.474: [GC (GCLocker Initiated GC) [PSYoungGen: 167487K->48984K(175104K)] 534358K->446357K(699392K), 0.0164764 secs] [Times: user=0.18 sys=0.00, real=0.02 secs] 
2016-09-24T00:12:57.313-0400: 152.587: [GC (GCLocker Initiated GC) [PSYoungGen: 137048K->61426K(175104K)] 540537K->501477K(699392K), 0.0189528 secs] [Times: user=0.17 sys=0.00, real=0.02 secs] 
2016-09-24T00:12:57.428-0400: 152.702: [GC (GCLocker Initiated GC) [PSYoungGen: 149490K->80011K(175104K)] 589639K->569100K(699392K), 0.0230898 secs] [Times: user=0.23 sys=0.00, real=0.02 secs] 
2016-09-24T00:12:57.452-0400: 152.725: [Full GC (Ergonomics) [PSYoungGen: 80011K->0K(175104K)] [ParOldGen: 489089K->53920K(524288K)] 569100K->53920K(699392K), [Metaspace: 44470K->44470K(1087488K)], 0.0593478 secs] [Times: user=0.53 sys=0.00, real=0.06 secs] 
2016-09-24T00:12:57.620-0400: 152.894: [GC (GCLocker Initiated GC) [PSYoungGen: 88064K->86110K(175104K)] 142043K->194764K(699392K), 0.0119614 secs] [Times: user=0.19 sys=0.00, real=0.01 secs] 
2016-09-24T00:12:57.733-0400: 153.007: [GC (GCLocker Initiated GC) [PSYoungGen: 174174K->85790K(175104K)] 283180K->268440K(699392K), 0.0135627 secs] [Times: user=0.23 sys=0.00, real=0.02 secs] 
2016-09-24T00:12:57.860-0400: 153.134: [GC (GCLocker Initiated GC) [PSYoungGen: 173854K->85954K(175104K)] 356797K->311526K(699392K), 0.0175225 secs] [Times: user=0.21 sys=0.00, real=0.02 secs] 
2016-09-24T00:12:58.012-0400: 153.286: [GC (GCLocker Initiated GC) [PSYoungGen: 174018K->18869K(175104K)] 417941K->329909K(699392K), 0.0117028 secs] [Times: user=0.12 sys=0.00, real=0.02 secs] 
2016-09-24T00:12:58.122-0400: 153.396: [GC (GCLocker Initiated GC) [PSYoungGen: 106933K->55287K(175104K)] 418037K->366667K(699392K), 0.0115588 secs] [Times: user=0.08 sys=0.01, real=0.00 secs] 
2016-09-24T00:12:58.261-0400: 153.535: [GC (GCLocker Initiated GC) [PSYoungGen: 143351K->55483K(175104K)] 461499K->428762K(699392K), 0.0103391 secs] [Times: user=0.12 sys=0.02, real=0.01 secs] 
2016-09-24T00:12:58.386-0400: 153.660: [GC (GCLocker Initiated GC) [PSYoungGen: 143547K->67305K(175104K)] 516856K->441038K(699392K), 0.0131040 secs] [Times: user=0.14 sys=0.00, real=0.01 secs] 
2016-09-24T00:12:58.496-0400: 153.770: [GC (Allocation Failure) [PSYoungGen: 155369K->55415K(175104K)] 541439K->508446K(699392K), 0.0104497 secs] [Times: user=0.16 sys=0.00, real=0.01 secs] 
2016-09-24T00:12:58.507-0400: 153.781: [Full GC (Ergonomics) [PSYoungGen: 55415K->0K(175104K)] [ParOldGen: 453030K->46650K(524288K)] 508446K->46650K(699392K), [Metaspace: 44470K->44470K(1087488K)], 0.0485937 secs] [Times: user=0.42 sys=0.00, real=0.05 secs] 
2016-09-24T00:12:58.673-0400: 153.947: [GC (GCLocker Initiated GC) [PSYoungGen: 85139K->86570K(175104K)] 137865K->145370K(699392K), 0.0156749 secs] [Times: user=0.19 sys=0.00, real=0.02 secs] 
2016-09-24T00:12:58.812-0400: 154.086: [GC (GCLocker Initiated GC) [PSYoungGen: 174634K->43073K(175104K)] 233560K->139113K(699392K), 0.0178495 secs] [Times: user=0.16 sys=0.00, real=0.02 secs] 
2016-09-24T00:12:58.935-0400: 154.208: [GC (GCLocker Initiated GC) [PSYoungGen: 131137K->73640K(175104K)] 227431K->188303K(699392K), 0.0112089 secs] [Times: user=0.11 sys=0.00, real=0.01 secs] 
2016-09-24T00:12:59.072-0400: 154.346: [GC (GCLocker Initiated GC) [PSYoungGen: 161704K->73772K(175104K)] 276420K->225230K(699392K), 0.0176008 secs] [Times: user=0.17 sys=0.01, real=0.02 secs] 
2016-09-24T00:12:59.238-0400: 154.512: [GC (GCLocker Initiated GC) [PSYoungGen: 161836K->49116K(175104K)] 313342K->231412K(699392K), 0.0209358 secs] [Times: user=0.18 sys=0.01, real=0.02 secs] 
2016-09-24T00:12:59.364-0400: 154.638: [GC (GCLocker Initiated GC) [PSYoungGen: 137180K->73444K(175104K)] 319541K->298637K(699392K), 0.0124164 secs] [Times: user=0.15 sys=0.00, real=0.01 secs] 
2016-09-24T00:12:59.476-0400: 154.750: [GC (GCLocker Initiated GC) [PSYoungGen: 161508K->67505K(175104K)] 386933K->317318K(699392K), 0.0176779 secs] [Times: user=0.17 sys=0.00, real=0.01 secs] 
2016-09-24T00:12:59.603-0400: 154.877: [GC (GCLocker Initiated GC) [PSYoungGen: 155569K->85626K(175104K)] 405609K->366348K(699392K), 0.0164148 secs] [Times: user=0.19 sys=0.00, real=0.01 secs] 
2016-09-24T00:12:59.731-0400: 155.005: [GC (GCLocker Initiated GC) [PSYoungGen: 173690K->37521K(175104K)] 454585K->342828K(699392K), 0.0122552 secs] [Times: user=0.13 sys=0.01, real=0.02 secs] 
2016-09-24T00:12:59.844-0400: 155.118: [GC (GCLocker Initiated GC) [PSYoungGen: 125585K->49148K(175104K)] 443224K->391830K(699392K), 0.0141811 secs] [Times: user=0.09 sys=0.00, real=0.01 secs] 
2016-09-24T00:12:59.991-0400: 155.265: [GC (GCLocker Initiated GC) [PSYoungGen: 137212K->43265K(175104K)] 486189K->465286K(699392K), 0.0245172 secs] [Times: user=0.27 sys=0.00, real=0.03 secs] 
2016-09-24T00:13:00.126-0400: 155.400: [GC (GCLocker Initiated GC) [PSYoungGen: 131329K->61590K(175104K)] 559595K->490131K(699392K), 0.0068859 secs] [Times: user=0.05 sys=0.01, real=0.00 secs] 
2016-09-24T00:13:00.264-0400: 155.538: [GC (GCLocker Initiated GC) [PSYoungGen: 149654K->67433K(175104K)] 578214K->514470K(699392K), 0.0294008 secs] [Times: user=0.25 sys=0.01, real=0.02 secs] 
2016-09-24T00:13:00.294-0400: 155.567: [Full GC (Ergonomics) [PSYoungGen: 67433K->0K(175104K)] [ParOldGen: 447037K->47111K(524288K)] 514470K->47111K(699392K), [Metaspace: 44479K->44479K(1087488K)], 0.0656174 secs] [Times: user=0.39 sys=0.01, real=0.07 secs] 
2016-09-24T00:13:00.465-0400: 155.739: [GC (Allocation Failure) [PSYoungGen: 88064K->86078K(175104K)] 135368K->163757K(699392K), 0.0102666 secs] [Times: user=0.14 sys=0.00, real=0.01 secs] 
2016-09-24T00:13:00.595-0400: 155.868: [GC (GCLocker Initiated GC) [PSYoungGen: 172141K->37354K(175104K)] 255895K->188528K(699392K), 0.0109341 secs] [Times: user=0.16 sys=0.01, real=0.01 secs] 
2016-09-24T00:13:00.698-0400: 155.972: [GC (GCLocker Initiated GC) [PSYoungGen: 125418K->85822K(175104K)] 276662K->267921K(699392K), 0.0119849 secs] [Times: user=0.14 sys=0.00, real=0.01 secs] 
2016-09-24T00:13:00.866-0400: 156.140: [GC (GCLocker Initiated GC) [PSYoungGen: 173886K->55643K(175104K)] 368439K->323232K(699392K), 0.0178475 secs] [Times: user=0.23 sys=0.00, real=0.02 secs] 
2016-09-24T00:13:01.014-0400: 156.288: [GC (GCLocker Initiated GC) [PSYoungGen: 143707K->55091K(175104K)] 417480K->329140K(699392K), 0.0142340 secs] [Times: user=0.14 sys=0.01, real=0.01 secs] 
2016-09-24T00:13:01.136-0400: 156.410: [GC (GCLocker Initiated GC) [PSYoungGen: 143155K->67697K(175104K)] 423382K->366292K(699392K), 0.0107954 secs] [Times: user=0.10 sys=0.00, real=0.01 secs] 
2016-09-24T00:13:01.263-0400: 156.537: [GC (GCLocker Initiated GC) [PSYoungGen: 155761K->61394K(175104K)] 454404K->378725K(699392K), 0.0420847 secs] [Times: user=0.43 sys=0.01, real=0.04 secs] 
2016-09-24T00:13:01.409-0400: 156.683: [GC (GCLocker Initiated GC) [PSYoungGen: 149458K->86250K(175104K)] 466903K->428311K(699392K), 0.0312134 secs] [Times: user=0.40 sys=0.00, real=0.03 secs] 
2016-09-24T00:13:01.544-0400: 156.818: [GC (GCLocker Initiated GC) [PSYoungGen: 174314K->49084K(175104K)] 516629K->416123K(699392K), 0.0179193 secs] [Times: user=0.17 sys=0.00, real=0.01 secs] 
2016-09-24T00:13:01.676-0400: 156.950: [GC (GCLocker Initiated GC) [PSYoungGen: 137148K->73676K(175104K)] 504448K->465559K(699392K), 0.0091781 secs] [Times: user=0.08 sys=0.00, real=0.01 secs] 
2016-09-24T00:13:01.819-0400: 157.093: [GC (GCLocker Initiated GC) [PSYoungGen: 161740K->54963K(175104K)] 553664K->465676K(699392K), 0.0394957 secs] [Times: user=0.41 sys=0.00, real=0.04 secs] 
2016-09-24T00:13:01.973-0400: 157.247: [GC (GCLocker Initiated GC) [PSYoungGen: 143027K->55515K(175104K)] 559974K->515090K(699392K), 0.0098605 secs] [Times: user=0.09 sys=0.01, real=0.02 secs] 
2016-09-24T00:13:01.983-0400: 157.257: [Full GC (Ergonomics) [PSYoungGen: 55515K->0K(175104K)] [ParOldGen: 459575K->47325K(524288K)] 515090K->47325K(699392K), [Metaspace: 44479K->44479K(1087488K)], 0.0563339 secs] [Times: user=0.29 sys=0.00, real=0.05 secs] 
2016-09-24T00:13:02.164-0400: 157.438: [GC (Allocation Failure) [PSYoungGen: 88064K->85950K(175104K)] 135425K->139386K(699392K), 0.0091038 secs] [Times: user=0.11 sys=0.00, real=0.00 secs] 
2016-09-24T00:13:02.281-0400: 157.555: [GC (GCLocker Initiated GC) [PSYoungGen: 174014K->73476K(175104K)] 227456K->169991K(699392K), 0.0187494 secs] [Times: user=0.23 sys=0.00, real=0.02 secs] 
2016-09-24T00:13:02.425-0400: 157.699: [GC (GCLocker Initiated GC) [PSYoungGen: 161540K->85822K(175104K)] 258153K->231162K(699392K), 0.0116928 secs] [Times: user=0.17 sys=0.00, real=0.01 secs] 
2016-09-24T00:13:02.542-0400: 157.816: [GC (GCLocker Initiated GC) [PSYoungGen: 173886K->85790K(175104K)] 319285K->267939K(699392K), 0.0120518 secs] [Times: user=0.16 sys=0.00, real=0.01 secs] 
2016-09-24T00:13:02.665-0400: 157.939: [GC (GCLocker Initiated GC) [PSYoungGen: 173854K->86018K(175104K)] 356364K->329413K(699392K), 0.0130109 secs] [Times: user=0.20 sys=0.00, real=0.01 secs] 
2016-09-24T00:13:02.837-0400: 158.111: [GC (Allocation Failure) [PSYoungGen: 174082K->55251K(175104K)] 423706K->323563K(699392K), 0.0115884 secs] [Times: user=0.11 sys=0.01, real=0.01 secs] 
2016-09-24T00:13:02.966-0400: 158.240: [GC (GCLocker Initiated GC) [PSYoungGen: 143315K->61134K(175104K)] 411628K->329558K(699392K), 0.0090959 secs] [Times: user=0.06 sys=0.01, real=0.01 secs] 
2016-09-24T00:13:03.083-0400: 158.357: [GC (GCLocker Initiated GC) [PSYoungGen: 149198K->61458K(175104K)] 423985K->354590K(699392K), 0.0248763 secs] [Times: user=0.27 sys=0.00, real=0.02 secs] 
2016-09-24T00:13:03.218-0400: 158.492: [GC (GCLocker Initiated GC) [PSYoungGen: 149522K->79911K(175104K)] 443004K->397992K(699392K), 0.0126234 secs] [Times: user=0.16 sys=0.00, real=0.01 secs] 
2016-09-24T00:13:03.366-0400: 158.640: [GC (GCLocker Initiated GC) [PSYoungGen: 167975K->37062K(175104K)] 486167K->373762K(699392K), 0.0152423 secs] [Times: user=0.13 sys=0.00, real=0.01 secs] 
2016-09-24T00:13:03.486-0400: 158.760: [GC (GCLocker Initiated GC) [PSYoungGen: 125126K->79651K(175104K)] 467932K->422749K(699392K), 0.0097486 secs] [Times: user=0.10 sys=0.00, real=0.01 secs] 
2016-09-24T00:13:03.637-0400: 158.910: [GC (GCLocker Initiated GC) [PSYoungGen: 167715K->49084K(175104K)] 510823K->410676K(699392K), 0.0431732 secs] [Times: user=0.40 sys=0.00, real=0.04 secs] 
2016-09-24T00:13:03.798-0400: 159.071: [GC (GCLocker Initiated GC) [PSYoungGen: 137148K->67277K(175104K)] 498782K->429155K(699392K), 0.0282907 secs] [Times: user=0.27 sys=0.01, real=0.03 secs] 
2016-09-24T00:13:03.950-0400: 159.223: [GC (Allocation Failure) [PSYoungGen: 155341K->55419K(175104K)] 517440K->472476K(699392K), 0.0347395 secs] [Times: user=0.35 sys=0.00, real=0.04 secs] 
2016-09-24T00:13:04.081-0400: 159.355: [GC (GCLocker Initiated GC) [PSYoungGen: 143483K->73608K(175104K)] 560551K->527410K(699392K), 0.0106421 secs] [Times: user=0.11 sys=0.00, real=0.01 secs] 
2016-09-24T00:13:04.092-0400: 159.366: [Full GC (Ergonomics) [PSYoungGen: 73608K->0K(175104K)] [ParOldGen: 453802K->53456K(524288K)] 527410K->53456K(699392K), [Metaspace: 44489K->44489K(1087488K)], 0.0545144 secs] [Times: user=0.36 sys=0.00, real=0.06 secs] 
2016-09-24T00:13:04.253-0400: 159.527: [GC (GCLocker Initiated GC) [PSYoungGen: 88064K->74124K(175104K)] 154232K->140292K(699392K), 0.0135067 secs] [Times: user=0.18 sys=0.00, real=0.02 secs] 
2016-09-24T00:13:04.389-0400: 159.663: [GC (GCLocker Initiated GC) [PSYoungGen: 162188K->55187K(175104K)] 228616K->158605K(699392K), 0.0086395 secs] [Times: user=0.11 sys=0.00, real=0.01 secs] 
2016-09-24T00:13:04.505-0400: 159.778: [GC (GCLocker Initiated GC) [PSYoungGen: 143251K->61494K(175104K)] 247002K->183565K(699392K), 0.0171496 secs] [Times: user=0.16 sys=0.00, real=0.01 secs] 
2016-09-24T00:13:04.646-0400: 159.920: [GC (GCLocker Initiated GC) [PSYoungGen: 149558K->73544K(175104K)] 271789K->214276K(699392K), 0.0284823 secs] [Times: user=0.30 sys=0.00, real=0.03 secs] 
2016-09-24T00:13:04.800-0400: 160.074: [GC (Allocation Failure) [PSYoungGen: 161608K->31118K(175104K)] 314722K->196462K(699392K), 0.0081570 secs] [Times: user=0.06 sys=0.00, real=0.01 secs] 
2016-09-24T00:13:04.913-0400: 160.187: [GC (GCLocker Initiated GC) [PSYoungGen: 119182K->61298K(175104K)] 284527K->245307K(699392K), 0.0271945 secs] [Times: user=0.29 sys=0.00, real=0.03 secs] 
2016-09-24T00:13:05.045-0400: 160.319: [GC (GCLocker Initiated GC) [PSYoungGen: 149362K->85662K(175104K)] 339488K->281950K(699392K), 0.0097102 secs] [Times: user=0.08 sys=0.00, real=0.01 secs] 
2016-09-24T00:13:05.184-0400: 160.458: [GC (GCLocker Initiated GC) [PSYoungGen: 173726K->49180K(175104K)] 376148K->300501K(699392K), 0.0145414 secs] [Times: user=0.16 sys=0.00, real=0.01 secs] 
2016-09-24T00:13:05.320-0400: 160.593: [GC (Allocation Failure) [PSYoungGen: 137244K->36834K(175104K)] 394857K->325066K(699392K), 0.0253744 secs] [Times: user=0.26 sys=0.00, real=0.03 secs] 
2016-09-24T00:13:05.459-0400: 160.733: [GC (GCLocker Initiated GC) [PSYoungGen: 119006K->73480K(175104K)] 413313K->367890K(699392K), 0.0198564 secs] [Times: user=0.18 sys=0.00, real=0.02 secs] 
2016-09-24T00:13:05.604-0400: 160.877: [GC (GCLocker Initiated GC) [PSYoungGen: 161544K->67601K(175104K)] 455997K->380578K(699392K), 0.0090661 secs] [Times: user=0.08 sys=0.01, real=0.00 secs] 
2016-09-24T00:13:05.712-0400: 160.986: [GC (GCLocker Initiated GC) [PSYoungGen: 155665K->79819K(175104K)] 480908K->411404K(699392K), 0.0327207 secs] [Times: user=0.27 sys=0.00, real=0.04 secs] 
2016-09-24T00:13:05.866-0400: 161.139: [GC (GCLocker Initiated GC) [PSYoungGen: 167883K->67761K(175104K)] 499818K->467164K(699392K), 0.0126093 secs] [Times: user=0.17 sys=0.00, real=0.01 secs] 
2016-09-24T00:13:06.008-0400: 161.282: [GC (GCLocker Initiated GC) [PSYoungGen: 155825K->67501K(175104K)] 567630K->497815K(699392K), 0.0203775 secs] [Times: user=0.25 sys=0.00, real=0.02 secs] 
2016-09-24T00:13:06.142-0400: 161.416: [GC (Allocation Failure) [PSYoungGen: 155565K->85762K(175104K)] 586100K->534625K(699392K), 0.0164533 secs] [Times: user=0.17 sys=0.00, real=0.02 secs] 
2016-09-24T00:13:06.251-0400: 161.525: [GC (GCLocker Initiated GC) [PSYoungGen: 173826K->67501K(175104K)] 622696K->559196K(699392K), 0.0189910 secs] [Times: user=0.18 sys=0.00, real=0.02 secs] 
2016-09-24T00:13:06.270-0400: 161.544: [Full GC (Ergonomics) [PSYoungGen: 67501K->0K(175104K)] [ParOldGen: 491695K->53919K(524288K)] 559196K->53919K(699392K), [Metaspace: 44490K->44490K(1087488K)], 0.0577884 secs] [Times: user=0.32 sys=0.00, real=0.06 secs] 
2016-09-24T00:13:06.436-0400: 161.709: [GC (GCLocker Initiated GC) [PSYoungGen: 88064K->85950K(175104K)] 142630K->164816K(699392K), 0.0139785 secs] [Times: user=0.16 sys=0.01, real=0.01 secs] 
2016-09-24T00:13:06.563-0400: 161.836: [GC (GCLocker Initiated GC) [PSYoungGen: 174014K->43073K(175104K)] 252950K->152915K(699392K), 0.0084375 secs] [Times: user=0.05 sys=0.01, real=0.00 secs] 
2016-09-24T00:13:06.699-0400: 161.972: [GC (GCLocker Initiated GC) [PSYoungGen: 131137K->55191K(175104K)] 247479K->202152K(699392K), 0.0258465 secs] [Times: user=0.25 sys=0.00, real=0.03 secs] 
2016-09-24T00:13:06.845-0400: 162.119: [GC (GCLocker Initiated GC) [PSYoungGen: 143252K->73640K(175104K)] 296649K->245569K(699392K), 0.0232797 secs] [Times: user=0.25 sys=0.00, real=0.02 secs] 
2016-09-24T00:13:06.993-0400: 162.267: [GC (Allocation Failure) [PSYoungGen: 161704K->37517K(175104K)] 340013K->234172K(699392K), 0.0094633 secs] [Times: user=0.14 sys=0.00, real=0.02 secs] 
2016-09-24T00:13:07.003-0400: 162.277: [GC (GCLocker Initiated GC) [PSYoungGen: 37993K->160K(175104K)] 234648K->233928K(699392K), 0.0058283 secs] [Times: user=0.05 sys=0.01, real=0.00 secs] 
2016-09-24T00:13:07.104-0400: 162.378: [GC (GCLocker Initiated GC) [PSYoungGen: 82878K->61618K(175104K)] 322722K->301461K(699392K), 0.0068185 secs] [Times: user=0.05 sys=0.00, real=0.00 secs] 
2016-09-24T00:13:07.248-0400: 162.521: [GC (GCLocker Initiated GC) [PSYoungGen: 149682K->67337K(175104K)] 389633K->344294K(699392K), 0.0201792 secs] [Times: user=0.20 sys=0.00, real=0.02 secs] 
2016-09-24T00:13:07.369-0400: 162.643: [GC (GCLocker Initiated GC) [PSYoungGen: 155401K->85562K(175104K)] 432406K->393069K(699392K), 0.0107772 secs] [Times: user=0.13 sys=0.00, real=0.01 secs] 
2016-09-24T00:13:07.494-0400: 162.768: [GC (GCLocker Initiated GC) [PSYoungGen: 173626K->67793K(175104K)] 487262K->472713K(699392K), 0.0124598 secs] [Times: user=0.16 sys=0.00, real=0.01 secs] 
2016-09-24T00:13:07.637-0400: 162.911: [GC (GCLocker Initiated GC) [PSYoungGen: 155857K->61398K(175104K)] 567039K->497148K(699392K), 0.0230836 secs] [Times: user=0.23 sys=0.00, real=0.02 secs] 
2016-09-24T00:13:07.782-0400: 163.056: [Full GC (Ergonomics) [PSYoungGen: 149462K->0K(175104K)] [ParOldGen: 448244K->47190K(524288K)] 597706K->47190K(699392K), [Metaspace: 44494K->44494K(1087488K)], 0.0696405 secs] [Times: user=0.41 sys=0.01, real=0.07 secs] 
2016-09-24T00:13:07.947-0400: 163.220: [GC (GCLocker Initiated GC) [PSYoungGen: 88064K->73544K(175104K)] 141489K->126969K(699392K), 0.0077530 secs] [Times: user=0.07 sys=0.00, real=0.01 secs] 
2016-09-24T00:13:08.058-0400: 163.332: [GC (GCLocker Initiated GC) [PSYoungGen: 161608K->49148K(175104K)] 221133K->139299K(699392K), 0.0135553 secs] [Times: user=0.09 sys=0.01, real=0.01 secs] 
2016-09-24T00:13:08.188-0400: 163.462: [GC (Allocation Failure) [PSYoungGen: 137212K->73708K(175104K)] 227416K->206721K(699392K), 0.0228484 secs] [Times: user=0.24 sys=0.00, real=0.02 secs] 
2016-09-24T00:13:08.300-0400: 163.574: [GC (GCLocker Initiated GC) [PSYoungGen: 161772K->49280K(175104K)] 294791K->231306K(699392K), 0.0235582 secs] [Times: user=0.25 sys=0.00, real=0.03 secs] 
2016-09-24T00:13:08.444-0400: 163.718: [GC (GCLocker Initiated GC) [PSYoungGen: 137344K->67565K(175104K)] 331613K->280358K(699392K), 0.0135929 secs] [Times: user=0.16 sys=0.00, real=0.01 secs] 
2016-09-24T00:13:08.570-0400: 163.843: [GC (GCLocker Initiated GC) [PSYoungGen: 155629K->85986K(175104K)] 368481K->365815K(699392K), 0.0139553 secs] [Times: user=0.20 sys=0.00, real=0.02 secs] 
2016-09-24T00:13:08.692-0400: 163.966: [GC (GCLocker Initiated GC) [PSYoungGen: 174050K->37190K(175104K)] 460315K->420954K(699392K), 0.0117336 secs] [Times: user=0.15 sys=0.00, real=0.02 secs] 
2016-09-24T00:13:08.841-0400: 164.115: [GC (GCLocker Initiated GC) [PSYoungGen: 125254K->67441K(175104K)] 509301K->451575K(699392K), 0.0111987 secs] [Times: user=0.08 sys=0.00, real=0.01 secs] 
2016-09-24T00:13:08.969-0400: 164.243: [GC (GCLocker Initiated GC) [PSYoungGen: 155505K->67729K(175104K)] 540000K->488950K(699392K), 0.0102502 secs] [Times: user=0.10 sys=0.00, real=0.01 secs] 
2016-09-24T00:13:09.089-0400: 164.363: [GC (Allocation Failure) [PSYoungGen: 155793K->43237K(175104K)] 577341K->483097K(699392K), 0.0303441 secs] [Times: user=0.34 sys=0.00, real=0.03 secs] 
2016-09-24T00:13:09.119-0400: 164.393: [Full GC (Ergonomics) [PSYoungGen: 43237K->0K(175104K)] [ParOldGen: 439860K->47391K(524288K)] 483097K->47391K(699392K), [Metaspace: 44494K->44494K(1087488K)], 0.0584265 secs] [Times: user=0.34 sys=0.01, real=0.06 secs] 
2016-09-24T00:13:09.291-0400: 164.565: [GC (GCLocker Initiated GC) [PSYoungGen: 85610K->73476K(175104K)] 139077K->126942K(699392K), 0.0133153 secs] [Times: user=0.19 sys=0.00, real=0.02 secs] 
2016-09-24T00:13:09.402-0400: 164.676: [GC (GCLocker Initiated GC) [PSYoungGen: 161540K->86150K(175104K)] 221415K->152243K(699392K), 0.0126471 secs] [Times: user=0.13 sys=0.00, real=0.01 secs] 
2016-09-24T00:13:09.514-0400: 164.788: [GC (GCLocker Initiated GC) [PSYoungGen: 174214K->73608K(175104K)] 240314K->152306K(699392K), 0.0190319 secs] [Times: user=0.23 sys=0.00, real=0.02 secs] 
2016-09-24T00:13:09.650-0400: 164.924: [GC (GCLocker Initiated GC) [PSYoungGen: 161672K->73672K(175104K)] 246694K->177226K(699392K), 0.0108834 secs] [Times: user=0.16 sys=0.00, real=0.01 secs] 
2016-09-24T00:13:09.787-0400: 165.061: [GC (GCLocker Initiated GC) [PSYoungGen: 161736K->55970K(175104K)] 271721K->184504K(699392K), 0.0078579 secs] [Times: user=0.10 sys=0.00, real=0.01 secs] 
2016-09-24T00:13:09.904-0400: 165.178: [GC (GCLocker Initiated GC) [PSYoungGen: 144034K->73576K(175104K)] 272929K->202925K(699392K), 0.0094684 secs] [Times: user=0.11 sys=0.00, real=0.00 secs] 
2016-09-24T00:13:10.048-0400: 165.322: [GC (GCLocker Initiated GC) [PSYoungGen: 161640K->73608K(175104K)] 297420K->215722K(699392K), 0.0216659 secs] [Times: user=0.24 sys=0.00, real=0.02 secs] 
2016-09-24T00:13:10.204-0400: 165.478: [GC (GCLocker Initiated GC) [PSYoungGen: 161672K->30891K(175104K)] 316124K->203663K(699392K), 0.0070861 secs] [Times: user=0.05 sys=0.00, real=0.00 secs] 
2016-09-24T00:13:10.338-0400: 165.612: [GC (GCLocker Initiated GC) [PSYoungGen: 118955K->18968K(175104K)] 304042K->222540K(699392K), 0.0266396 secs] [Times: user=0.30 sys=0.01, real=0.03 secs] 
2016-09-24T00:13:10.482-0400: 165.756: [GC (GCLocker Initiated GC) [PSYoungGen: 107032K->79587K(175104K)] 316721K->289394K(699392K), 0.0217613 secs] [Times: user=0.25 sys=0.00, real=0.02 secs] 
2016-09-24T00:13:10.611-0400: 165.884: [GC (GCLocker Initiated GC) [PSYoungGen: 167651K->79651K(175104K)] 377613K->332274K(699392K), 0.0122255 secs] [Times: user=0.12 sys=0.00, real=0.02 secs] 
2016-09-24T00:13:10.724-0400: 165.998: [GC (GCLocker Initiated GC) [PSYoungGen: 167715K->73836K(175104K)] 420525K->375553K(699392K), 0.0156238 secs] [Times: user=0.15 sys=0.02, real=0.01 secs] 
2016-09-24T00:13:10.852-0400: 166.126: [GC (GCLocker Initiated GC) [PSYoungGen: 161900K->79487K(175104K)] 463659K->418004K(699392K), 0.0142661 secs] [Times: user=0.18 sys=0.01, real=0.02 secs] 
2016-09-24T00:13:11.000-0400: 166.274: [GC (GCLocker Initiated GC) [PSYoungGen: 167551K->55451K(175104K)] 512202K->430580K(699392K), 0.0114753 secs] [Times: user=0.13 sys=0.00, real=0.01 secs] 
2016-09-24T00:13:11.130-0400: 166.404: [GC (GCLocker Initiated GC) [PSYoungGen: 143515K->61298K(175104K)] 518904K->449113K(699392K), 0.0205894 secs] [Times: user=0.19 sys=0.00, real=0.02 secs] 
2016-09-24T00:13:11.258-0400: 166.532: [GC (Allocation Failure) [PSYoungGen: 149362K->79815K(175104K)] 543360K->492150K(699392K), 0.0152423 secs] [Times: user=0.16 sys=0.00, real=0.01 secs] 
2016-09-24T00:13:11.402-0400: 166.676: [GC (GCLocker Initiated GC) [PSYoungGen: 167879K->49276K(175104K)] 580216K->522998K(699392K), 0.0118214 secs] [Times: user=0.11 sys=0.01, real=0.01 secs] 
2016-09-24T00:13:11.414-0400: 166.688: [Full GC (Ergonomics) [PSYoungGen: 49276K->0K(175104K)] [ParOldGen: 473722K->47151K(524288K)] 522998K->47151K(699392K), [Metaspace: 44507K->44507K(1087488K)], 0.0623265 secs] [Times: user=0.36 sys=0.02, real=0.07 secs] 
2016-09-24T00:13:11.587-0400: 166.861: [GC (GCLocker Initiated GC) [PSYoungGen: 88064K->86146K(175104K)] 141344K->181951K(699392K), 0.0171037 secs] [Times: user=0.17 sys=0.00, real=0.02 secs] 
2016-09-24T00:13:11.714-0400: 166.988: [GC (GCLocker Initiated GC) [PSYoungGen: 174210K->55383K(175104K)] 270231K->255406K(699392K), 0.0270628 secs] [Times: user=0.32 sys=0.00, real=0.02 secs] 
2016-09-24T00:13:11.857-0400: 167.131: [GC (GCLocker Initiated GC) [PSYoungGen: 143447K->31086K(175104K)] 355790K->273901K(699392K), 0.0092719 secs] [Times: user=0.05 sys=0.00, real=0.01 secs] 
2016-09-24T00:13:12.000-0400: 167.274: [GC (GCLocker Initiated GC) [PSYoungGen: 119150K->67533K(175104K)] 368177K->335223K(699392K), 0.0234531 secs] [Times: user=0.27 sys=0.01, real=0.03 secs] 
2016-09-24T00:13:12.117-0400: 167.390: [GC (GCLocker Initiated GC) [PSYoungGen: 155597K->85890K(175104K)] 429639K->390426K(699392K), 0.0112240 secs] [Times: user=0.10 sys=0.00, real=0.01 secs] 
2016-09-24T00:13:12.254-0400: 167.528: [GC (Allocation Failure) [PSYoungGen: 173954K->79715K(175104K)] 484669K->403035K(699392K), 0.0091671 secs] [Times: user=0.09 sys=0.00, real=0.01 secs] 
2016-09-24T00:13:12.374-0400: 167.648: [GC (GCLocker Initiated GC) [PSYoungGen: 167779K->73708K(175104K)] 491105K->427685K(699392K), 0.0204091 secs] [Times: user=0.24 sys=0.01, real=0.03 secs] 
2016-09-24T00:13:12.521-0400: 167.795: [GC (Allocation Failure) [PSYoungGen: 161772K->61298K(175104K)] 521888K->427920K(699392K), 0.0223514 secs] [Times: user=0.24 sys=0.00, real=0.03 secs] 
2016-09-24T00:13:12.660-0400: 167.934: [GC (GCLocker Initiated GC) [PSYoungGen: 149362K->73316K(175104K)] 515990K->464528K(699392K), 0.0120921 secs] [Times: user=0.11 sys=0.00, real=0.01 secs] 
2016-09-24T00:13:12.770-0400: 168.044: [GC (GCLocker Initiated GC) [PSYoungGen: 161380K->85922K(175104K)] 552712K->489547K(699392K), 0.0100429 secs] [Times: user=0.09 sys=0.00, real=0.01 secs] 
2016-09-24T00:13:12.890-0400: 168.164: [GC (GCLocker Initiated GC) [PSYoungGen: 173986K->43009K(175104K)] 589939K->507837K(699392K), 0.0165712 secs] [Times: user=0.18 sys=0.00, real=0.02 secs] 
2016-09-24T00:13:12.907-0400: 168.181: [Full GC (Ergonomics) [PSYoungGen: 43009K->0K(175104K)] [ParOldGen: 464828K->53427K(524288K)] 507837K->53427K(699392K), [Metaspace: 44508K->44508K(1087488K)], 0.0506981 secs] [Times: user=0.35 sys=0.00, real=0.05 secs] 
2016-09-24T00:13:13.070-0400: 168.343: [GC (Allocation Failure) [PSYoungGen: 88064K->86242K(175104K)] 141516K->151844K(699392K), 0.0097164 secs] [Times: user=0.12 sys=0.01, real=0.01 secs] 
2016-09-24T00:13:13.202-0400: 168.476: [GC (GCLocker Initiated GC) [PSYoungGen: 170954K->73672K(175104K)] 242631K->164301K(699392K), 0.0109675 secs] [Times: user=0.16 sys=0.00, real=0.01 secs] 
2016-09-24T00:13:13.317-0400: 168.590: [GC (GCLocker Initiated GC) [PSYoungGen: 161736K->79747K(175104K)] 252531K->207315K(699392K), 0.0126157 secs] [Times: user=0.21 sys=0.00, real=0.01 secs] 
2016-09-24T00:13:13.445-0400: 168.718: [GC (GCLocker Initiated GC) [PSYoungGen: 167811K->79943K(175104K)] 307588K->280605K(699392K), 0.0124089 secs] [Times: user=0.20 sys=0.00, real=0.01 secs] 
2016-09-24T00:13:13.587-0400: 168.861: [GC (GCLocker Initiated GC) [PSYoungGen: 168007K->61426K(175104K)] 374804K->341439K(699392K), 0.0147807 secs] [Times: user=0.21 sys=0.00, real=0.01 secs] 
2016-09-24T00:13:13.713-0400: 168.987: [GC (GCLocker Initiated GC) [PSYoungGen: 149490K->80175K(175104K)] 429628K->384913K(699392K), 0.0105682 secs] [Times: user=0.12 sys=0.01, real=0.02 secs] 
2016-09-24T00:13:13.851-0400: 169.124: [GC (GCLocker Initiated GC) [PSYoungGen: 168239K->73412K(175104K)] 473091K->396781K(699392K), 0.0208380 secs] [Times: user=0.24 sys=0.00, real=0.02 secs] 
2016-09-24T00:13:14.004-0400: 169.278: [GC (GCLocker Initiated GC) [PSYoungGen: 161476K->55419K(175104K)] 490974K->421470K(699392K), 0.0089290 secs] [Times: user=0.08 sys=0.00, real=0.00 secs] 
2016-09-24T00:13:14.126-0400: 169.400: [GC (GCLocker Initiated GC) [PSYoungGen: 143483K->61330K(175104K)] 509605K->445920K(699392K), 0.0201237 secs] [Times: user=0.20 sys=0.00, real=0.02 secs] 
2016-09-24T00:13:14.279-0400: 169.552: [GC (GCLocker Initiated GC) [PSYoungGen: 149394K->12765K(175104K)] 546293K->470510K(699392K), 0.0185989 secs] [Times: user=0.17 sys=0.01, real=0.02 secs] 
2016-09-24T00:13:14.297-0400: 169.571: [Full GC (Ergonomics) [PSYoungGen: 12765K->0K(175104K)] [ParOldGen: 457744K->47343K(524288K)] 470510K->47343K(699392K), [Metaspace: 44508K->44508K(1087488K)], 0.0653065 secs] [Times: user=0.45 sys=0.01, real=0.07 secs] 
2016-09-24T00:13:14.474-0400: 169.748: [GC (GCLocker Initiated GC) [PSYoungGen: 88064K->79811K(175104K)] 141664K->133411K(699392K), 0.0159174 secs] [Times: user=0.13 sys=0.00, real=0.02 secs] 
2016-09-24T00:13:14.596-0400: 169.870: [GC (GCLocker Initiated GC) [PSYoungGen: 167875K->67241K(175104K)] 221578K->151851K(699392K), 0.0220168 secs] [Times: user=0.22 sys=0.00, real=0.02 secs] 
2016-09-24T00:13:14.734-0400: 170.008: [GC (GCLocker Initiated GC) [PSYoungGen: 155305K->49504K(175104K)] 246038K->213273K(699392K), 0.0108877 secs] [Times: user=0.12 sys=0.00, real=0.02 secs] 
2016-09-24T00:13:14.857-0400: 170.131: [GC (GCLocker Initiated GC) [PSYoungGen: 137568K->73672K(175104K)] 307610K->262262K(699392K), 0.0091185 secs] [Times: user=0.13 sys=0.00, real=0.01 secs] 
2016-09-24T00:13:14.973-0400: 170.246: [GC (GCLocker Initiated GC) [PSYoungGen: 161736K->85890K(175104K)] 350374K->293216K(699392K), 0.0098852 secs] [Times: user=0.13 sys=0.00, real=0.02 secs] 
2016-09-24T00:13:15.080-0400: 170.353: [GC (GCLocker Initiated GC) [PSYoungGen: 173954K->85986K(175104K)] 381597K->318212K(699392K), 0.0129433 secs] [Times: user=0.17 sys=0.01, real=0.01 secs] 
2016-09-24T00:13:15.195-0400: 170.469: [GC (GCLocker Initiated GC) [PSYoungGen: 174050K->73804K(175104K)] 406492K->324755K(699392K), 0.0087101 secs] [Times: user=0.11 sys=0.00, real=0.01 secs] 
2016-09-24T00:13:15.309-0400: 170.582: [GC (GCLocker Initiated GC) [PSYoungGen: 161868K->67829K(175104K)] 418941K->343426K(699392K), 0.0133999 secs] [Times: user=0.20 sys=0.00, real=0.01 secs] 
2016-09-24T00:13:15.428-0400: 170.702: [GC (GCLocker Initiated GC) [PSYoungGen: 155893K->85822K(175104K)] 431538K->416286K(699392K), 0.0135212 secs] [Times: user=0.20 sys=0.00, real=0.01 secs] 
2016-09-24T00:13:15.535-0400: 170.809: [GC (GCLocker Initiated GC) [PSYoungGen: 173886K->55255K(175104K)] 504593K->440920K(699392K), 0.0159525 secs] [Times: user=0.14 sys=0.00, real=0.01 secs] 
2016-09-24T00:13:15.656-0400: 170.930: [GC (GCLocker Initiated GC) [PSYoungGen: 143319K->49276K(175104K)] 529049K->483874K(699392K), 0.0097201 secs] [Times: user=0.08 sys=0.00, real=0.01 secs] 
2016-09-24T00:13:15.788-0400: 171.062: [GC (Allocation Failure) [PSYoungGen: 137340K->61462K(175104K)] 572130K->514573K(699392K), 0.0219418 secs] [Times: user=0.19 sys=0.00, real=0.02 secs] 
2016-09-24T00:13:15.810-0400: 171.084: [Full GC (Ergonomics) [PSYoungGen: 61462K->0K(175104K)] [ParOldGen: 453110K->47783K(524288K)] 514573K->47783K(699392K), [Metaspace: 44510K->44510K(1087488K)], 0.0569277 secs] [Times: user=0.28 sys=0.01, real=0.06 secs] 
2016-09-24T00:13:16.008-0400: 171.281: [GC (GCLocker Initiated GC) [PSYoungGen: 83955K->61462K(175104K)] 137813K->115320K(699392K), 0.0143741 secs] [Times: user=0.10 sys=0.01, real=0.01 secs] 
2016-09-24T00:13:16.123-0400: 171.397: [GC (GCLocker Initiated GC) [PSYoungGen: 149526K->55323K(175104K)] 203627K->133992K(699392K), 0.0127739 secs] [Times: user=0.06 sys=0.00, real=0.01 secs] 
2016-09-24T00:13:16.294-0400: 171.567: [GC (GCLocker Initiated GC) [PSYoungGen: 143387K->55155K(175104K)] 228290K->177120K(699392K), 0.0213894 secs] [Times: user=0.24 sys=0.01, real=0.03 secs] 
2016-09-24T00:13:16.414-0400: 171.687: [GC (GCLocker Initiated GC) [PSYoungGen: 143219K->85626K(175104K)] 265384K->238269K(699392K), 0.0141692 secs] [Times: user=0.13 sys=0.00, real=0.02 secs] 
2016-09-24T00:13:16.560-0400: 171.834: [GC (GCLocker Initiated GC) [PSYoungGen: 173690K->37162K(175104K)] 338772K->238829K(699392K), 0.0080420 secs] [Times: user=0.08 sys=0.00, real=0.01 secs] 
2016-09-24T00:13:16.671-0400: 171.945: [GC (GCLocker Initiated GC) [PSYoungGen: 125226K->85466K(175104K)] 327024K->317923K(699392K), 0.0099921 secs] [Times: user=0.09 sys=0.00, real=0.01 secs] 
2016-09-24T00:13:16.803-0400: 172.077: [GC (GCLocker Initiated GC) [PSYoungGen: 173530K->74228K(175104K)] 418286K->361653K(699392K), 0.0301629 secs] [Times: user=0.33 sys=0.00, real=0.02 secs] 
2016-09-24T00:13:16.937-0400: 172.211: [GC (GCLocker Initiated GC) [PSYoungGen: 162292K->73380K(175104K)] 450262K->379891K(699392K), 0.0180554 secs] [Times: user=0.22 sys=0.00, real=0.02 secs] 
2016-09-24T00:13:17.049-0400: 172.322: [GC (GCLocker Initiated GC) [PSYoungGen: 161444K->79555K(175104K)] 468159K->422832K(699392K), 0.0142376 secs] [Times: user=0.11 sys=0.01, real=0.02 secs] 
2016-09-24T00:13:17.178-0400: 172.452: [GC (GCLocker Initiated GC) [PSYoungGen: 167619K->79911K(175104K)] 510949K->453924K(699392K), 0.0089219 secs] [Times: user=0.10 sys=0.00, real=0.01 secs] 
2016-09-24T00:13:17.296-0400: 172.570: [GC (GCLocker Initiated GC) [PSYoungGen: 167975K->43137K(175104K)] 542349K->466574K(699392K), 0.0124825 secs] [Times: user=0.14 sys=0.00, real=0.01 secs] 
2016-09-24T00:13:17.436-0400: 172.710: [GC (GCLocker Initiated GC) [PSYoungGen: 131201K->85694K(175104K)] 554680K->515508K(699392K), 0.0161522 secs] [Times: user=0.18 sys=0.00, real=0.01 secs] 
2016-09-24T00:13:17.549-0400: 172.823: [GC (GCLocker Initiated GC) [PSYoungGen: 173758K->61426K(175104K)] 603792K->552526K(699392K), 0.0235152 secs] [Times: user=0.28 sys=0.00, real=0.02 secs] 
2016-09-24T00:13:17.572-0400: 172.846: [Full GC (Ergonomics) [PSYoungGen: 61426K->0K(175104K)] [ParOldGen: 491100K->46734K(524288K)] 552526K->46734K(699392K), [Metaspace: 44510K->44510K(1087488K)], 0.0889505 secs] [Times: user=0.77 sys=0.00, real=0.09 secs] 
2016-09-24T00:13:17.772-0400: 173.046: [GC (Allocation Failure) [PSYoungGen: 88064K->73864K(175104K)] 135679K->121479K(699392K), 0.0105718 secs] [Times: user=0.10 sys=0.00, real=0.02 secs] 
2016-09-24T00:13:17.896-0400: 173.170: [GC (GCLocker Initiated GC) [PSYoungGen: 161279K->85822K(175104K)] 214969K->164344K(699392K), 0.0248808 secs] [Times: user=0.32 sys=0.00, real=0.02 secs] 
2016-09-24T00:13:18.057-0400: 173.330: [GC (GCLocker Initiated GC) [PSYoungGen: 173886K->67565K(175104K)] 258614K->189058K(699392K), 0.0127702 secs] [Times: user=0.17 sys=0.00, real=0.01 secs] 
2016-09-24T00:13:18.213-0400: 173.487: [GC (GCLocker Initiated GC) [PSYoungGen: 155629K->55059K(175104K)] 283220K->213300K(699392K), 0.0094772 secs] [Times: user=0.08 sys=0.00, real=0.02 secs] 
2016-09-24T00:13:18.328-0400: 173.602: [GC (GCLocker Initiated GC) [PSYoungGen: 143123K->73772K(175104K)] 301485K->250463K(699392K), 0.0183092 secs] [Times: user=0.18 sys=0.01, real=0.02 secs] 
2016-09-24T00:13:18.458-0400: 173.732: [GC (GCLocker Initiated GC) [PSYoungGen: 161836K->55419K(175104K)] 344829K->317678K(699392K), 0.0252945 secs] [Times: user=0.28 sys=0.01, real=0.03 secs] 
2016-09-24T00:13:18.598-0400: 173.872: [GC (GCLocker Initiated GC) [PSYoungGen: 143483K->43009K(175104K)] 405835K->336004K(699392K), 0.0084184 secs] [Times: user=0.06 sys=0.00, real=0.01 secs] 
2016-09-24T00:13:18.725-0400: 173.999: [GC (GCLocker Initiated GC) [PSYoungGen: 131073K->61390K(175104K)] 430360K->415495K(699392K), 0.0102999 secs] [Times: user=0.11 sys=0.00, real=0.01 secs] 
2016-09-24T00:13:18.878-0400: 174.152: [GC (Allocation Failure) [PSYoungGen: 149454K->36802K(175104K)] 504387K->434363K(699392K), 0.0137344 secs] [Times: user=0.14 sys=0.01, real=0.01 secs] 
2016-09-24T00:13:19.022-0400: 174.296: [GC (GCLocker Initiated GC) [PSYoungGen: 124866K->85694K(175104K)] 522433K->483349K(699392K), 0.0390819 secs] [Times: user=0.36 sys=0.01, real=0.04 secs] 
2016-09-24T00:13:19.177-0400: 174.451: [GC (GCLocker Initiated GC) [PSYoungGen: 173758K->85594K(175104K)] 571527K->501731K(699392K), 0.0102914 secs] [Times: user=0.10 sys=0.00, real=0.01 secs] 
2016-09-24T00:13:19.303-0400: 174.576: [GC (GCLocker Initiated GC) [PSYoungGen: 173658K->55255K(175104K)] 589859K->508010K(699392K), 0.0170736 secs] [Times: user=0.17 sys=0.00, real=0.01 secs] 
2016-09-24T00:13:19.320-0400: 174.594: [Full GC (Ergonomics) [PSYoungGen: 55255K->0K(175104K)] [ParOldGen: 452755K->46820K(524288K)] 508010K->46820K(699392K), [Metaspace: 44510K->44510K(1087488K)], 0.0622672 secs] [Times: user=0.38 sys=0.01, real=0.07 secs] 
2016-09-24T00:13:19.480-0400: 174.754: [GC (GCLocker Initiated GC) [PSYoungGen: 88064K->85918K(175104K)] 135127K->151206K(699392K), 0.0248972 secs] [Times: user=0.26 sys=0.00, real=0.03 secs] 
2016-09-24T00:13:19.603-0400: 174.877: [GC (GCLocker Initiated GC) [PSYoungGen: 173982K->61166K(175104K)] 239328K->175660K(699392K), 0.0302183 secs] [Times: user=0.32 sys=0.00, real=0.02 secs] 
2016-09-24T00:13:19.712-0400: 174.986: [GC (GCLocker Initiated GC) [PSYoungGen: 149230K->86118K(175104K)] 263817K->291973K(699392K), 0.0137276 secs] [Times: user=0.15 sys=0.01, real=0.02 secs] 
2016-09-24T00:13:19.839-0400: 175.113: [GC (GCLocker Initiated GC) [PSYoungGen: 174182K->67733K(175104K)] 380079K->328572K(699392K), 0.0184884 secs] [Times: user=0.17 sys=0.00, real=0.02 secs] 
2016-09-24T00:13:19.962-0400: 175.236: [GC (GCLocker Initiated GC) [PSYoungGen: 155797K->43105K(175104K)] 416684K->353204K(699392K), 0.0262114 secs] [Times: user=0.27 sys=0.00, real=0.03 secs] 
2016-09-24T00:13:20.078-0400: 175.351: [GC (GCLocker Initiated GC) [PSYoungGen: 131169K->55319K(175104K)] 441383K->420476K(699392K), 0.0145609 secs] [Times: user=0.12 sys=0.00, real=0.01 secs] 
2016-09-24T00:13:20.200-0400: 175.474: [GC (GCLocker Initiated GC) [PSYoungGen: 143383K->55515K(175104K)] 508542K->469566K(699392K), 0.0122614 secs] [Times: user=0.14 sys=0.00, real=0.01 secs] 
2016-09-24T00:13:20.308-0400: 175.582: [GC (GCLocker Initiated GC) [PSYoungGen: 143579K->85498K(175104K)] 558099K->542991K(699392K), 0.0103582 secs] [Times: user=0.12 sys=0.00, real=0.01 secs] 
2016-09-24T00:13:20.319-0400: 175.593: [Full GC (Ergonomics) [PSYoungGen: 85498K->0K(175104K)] [ParOldGen: 457492K->46762K(524288K)] 542991K->46762K(699392K), [Metaspace: 44516K->44516K(1087488K)], 0.0581176 secs] [Times: user=0.37 sys=0.01, real=0.06 secs] 
2016-09-24T00:13:20.459-0400: 175.733: [GC (GCLocker Initiated GC) [PSYoungGen: 88064K->86014K(175104K)] 134870K->132820K(699392K), 0.0106535 secs] [Times: user=0.09 sys=0.00, real=0.01 secs] 
2016-09-24T00:13:20.582-0400: 175.855: [GC (Allocation Failure) [PSYoungGen: 174078K->61394K(175104K)] 227146K->133211K(699392K), 0.0140786 secs] [Times: user=0.14 sys=0.00, real=0.02 secs] 
2016-09-24T00:13:20.706-0400: 175.980: [GC (GCLocker Initiated GC) [PSYoungGen: 149458K->31019K(175104K)] 221280K->139419K(699392K), 0.0178409 secs] [Times: user=0.20 sys=0.01, real=0.02 secs] 
2016-09-24T00:13:20.852-0400: 176.126: [GC (GCLocker Initiated GC) [PSYoungGen: 119083K->55611K(175104K)] 239753K->176565K(699392K), 0.0123732 secs] [Times: user=0.17 sys=0.01, real=0.02 secs] 
2016-09-24T00:13:20.997-0400: 176.270: [GC (Allocation Failure) [PSYoungGen: 143675K->55515K(175104K)] 264833K->176964K(699392K), 0.0177101 secs] [Times: user=0.22 sys=0.00, real=0.02 secs] 
2016-09-24T00:13:21.015-0400: 176.288: [GC (GCLocker Initiated GC) [PSYoungGen: 55962K->0K(175104K)] 177411K->170589K(699392K), 0.0068827 secs] [Times: user=0.05 sys=0.00, real=0.00 secs] 
2016-09-24T00:13:21.122-0400: 176.396: [GC (GCLocker Initiated GC) [PSYoungGen: 83448K->73444K(175104K)] 260113K->250108K(699392K), 0.0106204 secs] [Times: user=0.11 sys=0.00, real=0.00 secs] 
2016-09-24T00:13:21.242-0400: 176.516: [GC (GCLocker Initiated GC) [PSYoungGen: 161508K->55551K(175104K)] 338377K->250764K(699392K), 0.0207195 secs] [Times: user=0.20 sys=0.00, real=0.03 secs] 
2016-09-24T00:13:21.369-0400: 176.643: [GC (GCLocker Initiated GC) [PSYoungGen: 143615K->67437K(175104K)] 338881K->281368K(699392K), 0.0090405 secs] [Times: user=0.08 sys=0.00, real=0.01 secs] 
2016-09-24T00:13:21.492-0400: 176.766: [GC (GCLocker Initiated GC) [PSYoungGen: 155501K->55415K(175104K)] 375761K->318680K(699392K), 0.0097549 secs] [Times: user=0.13 sys=0.00, real=0.01 secs] 
2016-09-24T00:13:21.634-0400: 176.908: [GC (GCLocker Initiated GC) [PSYoungGen: 143479K->79519K(175104K)] 406831K->343178K(699392K), 0.0253512 secs] [Times: user=0.33 sys=0.00, real=0.02 secs] 
2016-09-24T00:13:21.744-0400: 177.018: [GC (GCLocker Initiated GC) [PSYoungGen: 167583K->79911K(175104K)] 437504K->386426K(699392K), 0.0105368 secs] [Times: user=0.13 sys=0.00, real=0.01 secs] 
2016-09-24T00:13:21.871-0400: 177.144: [GC (GCLocker Initiated GC) [PSYoungGen: 167975K->49376K(175104K)] 480630K->386606K(699392K), 0.0322065 secs] [Times: user=0.34 sys=0.00, real=0.04 secs] 
2016-09-24T00:13:22.004-0400: 177.277: [GC (GCLocker Initiated GC) [PSYoungGen: 137440K->73608K(175104K)] 480904K->453674K(699392K), 0.0113461 secs] [Times: user=0.12 sys=0.00, real=0.01 secs] 
2016-09-24T00:13:22.115-0400: 177.389: [GC (GCLocker Initiated GC) [PSYoungGen: 161672K->79783K(175104K)] 542015K->478634K(699392K), 0.0222643 secs] [Times: user=0.26 sys=0.00, real=0.02 secs] 
2016-09-24T00:13:22.267-0400: 177.540: [GC (GCLocker Initiated GC) [PSYoungGen: 167847K->43269K(175104K)] 572994K->485142K(699392K), 0.0137014 secs] [Times: user=0.15 sys=0.00, real=0.01 secs] 
2016-09-24T00:13:22.400-0400: 177.674: [GC (GCLocker Initiated GC) [PSYoungGen: 131333K->85598K(175104K)] 573410K->528106K(699392K), 0.0174428 secs] [Times: user=0.18 sys=0.00, real=0.02 secs] 
2016-09-24T00:13:22.516-0400: 177.790: [GC (Allocation Failure) [PSYoungGen: 173662K->55383K(175104K)] 622438K->553051K(699392K), 0.0252493 secs] [Times: user=0.32 sys=0.00, real=0.02 secs] 
2016-09-24T00:13:22.542-0400: 177.815: [Full GC (Ergonomics) [PSYoungGen: 55383K->0K(175104K)] [ParOldGen: 497668K->52819K(524288K)] 553051K->52819K(699392K), [Metaspace: 44522K->44522K(1087488K)], 0.0565492 secs] [Times: user=0.33 sys=0.00, real=0.06 secs] 
2016-09-24T00:13:22.701-0400: 177.975: [GC (Allocation Failure) [PSYoungGen: 88064K->68085K(175104K)] 140883K->120904K(699392K), 0.0296247 secs] [Times: user=0.33 sys=0.01, real=0.03 secs] 
2016-09-24T00:13:22.841-0400: 178.115: [GC (GCLocker Initiated GC) [PSYoungGen: 156149K->55255K(175104K)] 208974K->145209K(699392K), 0.0133375 secs] [Times: user=0.15 sys=0.00, real=0.02 secs] 
2016-09-24T00:13:22.967-0400: 178.241: [GC (GCLocker Initiated GC) [PSYoungGen: 143319K->55842K(175104K)] 239704K->152355K(699392K), 0.0093950 secs] [Times: user=0.13 sys=0.00, real=0.01 secs] 
2016-09-24T00:13:23.100-0400: 178.373: [GC (GCLocker Initiated GC) [PSYoungGen: 143906K->73772K(175104K)] 240674K->189251K(699392K), 0.0162242 secs] [Times: user=0.21 sys=0.00, real=0.02 secs] 
2016-09-24T00:13:23.249-0400: 178.523: [GC (GCLocker Initiated GC) [PSYoungGen: 161836K->67437K(175104K)] 283701K->207638K(699392K), 0.0144509 secs] [Times: user=0.14 sys=0.00, real=0.02 secs] 
2016-09-24T00:13:23.384-0400: 178.658: [GC (GCLocker Initiated GC) [PSYoungGen: 155501K->67925K(175104K)] 301825K->256909K(699392K), 0.0121713 secs] [Times: user=0.19 sys=0.00, real=0.01 secs] 
2016-09-24T00:13:23.480-0400: 178.754: [GC (GCLocker Initiated GC) [PSYoungGen: 155989K->73704K(175104K)] 345173K->330380K(699392K), 0.0126286 secs] [Times: user=0.18 sys=0.00, real=0.01 secs] 
2016-09-24T00:13:23.600-0400: 178.874: [GC (GCLocker Initiated GC) [PSYoungGen: 161768K->67533K(175104K)] 418621K->421738K(699392K), 0.0181048 secs] [Times: user=0.25 sys=0.00, real=0.02 secs] 
2016-09-24T00:13:23.727-0400: 179.001: [GC (GCLocker Initiated GC) [PSYoungGen: 155597K->61398K(175104K)] 516020K->428147K(699392K), 0.0207088 secs] [Times: user=0.15 sys=0.00, real=0.02 secs] 
2016-09-24T00:13:23.880-0400: 179.154: [GC (GCLocker Initiated GC) [PSYoungGen: 149462K->25139K(175104K)] 534780K->471804K(699392K), 0.0151336 secs] [Times: user=0.14 sys=0.00, real=0.02 secs] 
2016-09-24T00:13:23.895-0400: 179.169: [Full GC (Ergonomics) [PSYoungGen: 25139K->0K(175104K)] [ParOldGen: 446664K->52928K(524288K)] 471804K->52928K(699392K), [Metaspace: 44522K->44522K(1087488K)], 0.0585836 secs] [Times: user=0.32 sys=0.02, real=0.05 secs] 
2016-09-24T00:13:24.080-0400: 179.353: [GC (GCLocker Initiated GC) [PSYoungGen: 88064K->85694K(175104K)] 141140K->138770K(699392K), 0.0139719 secs] [Times: user=0.15 sys=0.00, real=0.01 secs] 
2016-09-24T00:13:24.225-0400: 179.498: [GC (GCLocker Initiated GC) [PSYoungGen: 173758K->67565K(175104K)] 226904K->175669K(699392K), 0.0261260 secs] [Times: user=0.33 sys=0.00, real=0.02 secs] 
2016-09-24T00:13:24.360-0400: 179.634: [GC (GCLocker Initiated GC) [PSYoungGen: 155629K->85986K(175104K)] 269923K->230791K(699392K), 0.0134855 secs] [Times: user=0.18 sys=0.01, real=0.01 secs] 
2016-09-24T00:13:24.477-0400: 179.751: [GC (GCLocker Initiated GC) [PSYoungGen: 174050K->49308K(175104K)] 318952K->267394K(699392K), 0.0132158 secs] [Times: user=0.14 sys=0.00, real=0.01 secs] 
2016-09-24T00:13:24.601-0400: 179.875: [GC (GCLocker Initiated GC) [PSYoungGen: 137372K->86086K(175104K)] 355477K->304490K(699392K), 0.0096924 secs] [Times: user=0.11 sys=0.00, real=0.01 secs] 
2016-09-24T00:13:24.704-0400: 179.977: [GC (GCLocker Initiated GC) [PSYoungGen: 174150K->55351K(175104K)] 392809K->323254K(699392K), 0.0195699 secs] [Times: user=0.21 sys=0.00, real=0.02 secs] 
2016-09-24T00:13:24.852-0400: 180.126: [GC (GCLocker Initiated GC) [PSYoungGen: 143415K->49372K(175104K)] 423745K->360353K(699392K), 0.0099371 secs] [Times: user=0.09 sys=0.00, real=0.01 secs] 
2016-09-24T00:13:25.009-0400: 180.283: [GC (GCLocker Initiated GC) [PSYoungGen: 137436K->48984K(175104K)] 460782K->409056K(699392K), 0.0231845 secs] [Times: user=0.23 sys=0.01, real=0.02 secs] 
2016-09-24T00:13:25.133-0400: 180.407: [GC (GCLocker Initiated GC) [PSYoungGen: 137048K->73676K(175104K)] 497274K->458313K(699392K), 0.0249591 secs] [Times: user=0.26 sys=0.00, real=0.03 secs] 
2016-09-24T00:13:25.287-0400: 180.561: [GC (Allocation Failure) [PSYoungGen: 161740K->36898K(175104K)] 546402K->482593K(699392K), 0.0119180 secs] [Times: user=0.13 sys=0.00, real=0.01 secs] 
2016-09-24T00:13:25.299-0400: 180.573: [Full GC (Ergonomics) [PSYoungGen: 36898K->0K(175104K)] [ParOldGen: 445695K->40952K(524288K)] 482593K->40952K(699392K), [Metaspace: 44522K->44522K(1087488K)], 0.0521077 secs] [Times: user=0.37 sys=0.00, real=0.05 secs] 
2016-09-24T00:13:25.466-0400: 180.739: [GC (GCLocker Initiated GC) [PSYoungGen: 85989K->85950K(175104K)] 133017K->132978K(699392K), 0.0096820 secs] [Times: user=0.07 sys=0.00, real=0.01 secs] 
2016-09-24T00:13:25.613-0400: 180.886: [GC (GCLocker Initiated GC) [PSYoungGen: 174014K->37094K(175104K)] 233475K->133544K(699392K), 0.0207254 secs] [Times: user=0.21 sys=0.00, real=0.02 secs] 
2016-09-24T00:13:25.742-0400: 181.015: [GC (Allocation Failure) [PSYoungGen: 125158K->86118K(175104K)] 221963K->189298K(699392K), 0.0108931 secs] [Times: user=0.16 sys=0.00, real=0.01 secs] 
2016-09-24T00:13:25.885-0400: 181.159: [GC (GCLocker Initiated GC) [PSYoungGen: 169017K->43201K(175104K)] 278273K->189189K(699392K), 0.0093457 secs] [Times: user=0.09 sys=0.00, real=0.01 secs] 
2016-09-24T00:13:26.034-0400: 181.308: [GC (GCLocker Initiated GC) [PSYoungGen: 131265K->85790K(175104K)] 283416K->250211K(699392K), 0.0095295 secs] [Times: user=0.09 sys=0.00, real=0.02 secs] 
2016-09-24T00:13:26.142-0400: 181.415: [GC (GCLocker Initiated GC) [PSYoungGen: 173854K->43073K(175104K)] 338328K->250191K(699392K), 0.0338237 secs] [Times: user=0.33 sys=0.00, real=0.04 secs] 
2016-09-24T00:13:26.275-0400: 181.548: [GC (GCLocker Initiated GC) [PSYoungGen: 131135K->43592K(175104K)] 338593K->330324K(699392K), 0.0411235 secs] [Times: user=0.47 sys=0.01, real=0.04 secs] 
2016-09-24T00:13:26.411-0400: 181.685: [GC (GCLocker Initiated GC) [PSYoungGen: 131656K->73704K(175104K)] 430899K->391635K(699392K), 0.0204198 secs] [Times: user=0.26 sys=0.01, real=0.02 secs] 
2016-09-24T00:13:26.531-0400: 181.804: [GC (GCLocker Initiated GC) [PSYoungGen: 161768K->61590K(175104K)] 480060K->380009K(699392K), 0.0279175 secs] [Times: user=0.32 sys=0.01, real=0.03 secs] 
2016-09-24T00:13:26.669-0400: 181.943: [GC (GCLocker Initiated GC) [PSYoungGen: 149654K->79715K(175104K)] 474358K->435086K(699392K), 0.0125901 secs] [Times: user=0.17 sys=0.00, real=0.01 secs] 
2016-09-24T00:13:26.810-0400: 182.083: [GC (Allocation Failure) [PSYoungGen: 167775K->85890K(175104K)] 523502K->472267K(699392K), 0.0100614 secs] [Times: user=0.09 sys=0.00, real=0.01 secs] 
2016-09-24T00:13:26.944-0400: 182.217: [GC (GCLocker Initiated GC) [PSYoungGen: 171151K->37030K(175104K)] 563604K->466371K(699392K), 0.0134743 secs] [Times: user=0.14 sys=0.00, real=0.01 secs] 
2016-09-24T00:13:27.077-0400: 182.351: [GC (GCLocker Initiated GC) [PSYoungGen: 125094K->55579K(175104K)] 566806K->497387K(699392K), 0.0116904 secs] [Times: user=0.13 sys=0.00, real=0.01 secs] 
2016-09-24T00:13:27.221-0400: 182.495: [Full GC (Ergonomics) [PSYoungGen: 143643K->0K(175104K)] [ParOldGen: 448137K->53576K(524288K)] 591780K->53576K(699392K), [Metaspace: 44522K->44522K(1087488K)], 0.0677595 secs] [Times: user=0.40 sys=0.02, real=0.07 secs] 
2016-09-24T00:13:27.410-0400: 182.684: [GC (GCLocker Initiated GC) [PSYoungGen: 88064K->85498K(175104K)] 147763K->145198K(699392K), 0.0128552 secs] [Times: user=0.10 sys=0.00, real=0.02 secs] 
2016-09-24T00:13:27.509-0400: 182.783: [GC (GCLocker Initiated GC) [PSYoungGen: 173562K->79879K(175104K)] 239385K->212694K(699392K), 0.0112095 secs] [Times: user=0.14 sys=0.00, real=0.01 secs] 
2016-09-24T00:13:27.640-0400: 182.914: [GC (GCLocker Initiated GC) [PSYoungGen: 167943K->49276K(175104K)] 301007K->249792K(699392K), 0.0107442 secs] [Times: user=0.09 sys=0.00, real=0.01 secs] 
2016-09-24T00:13:27.753-0400: 183.027: [GC (GCLocker Initiated GC) [PSYoungGen: 137340K->37226K(175104K)] 338023K->256238K(699392K), 0.0184869 secs] [Times: user=0.15 sys=0.00, real=0.02 secs] 
2016-09-24T00:13:27.894-0400: 183.167: [GC (GCLocker Initiated GC) [PSYoungGen: 125290K->85822K(175104K)] 350727K->311878K(699392K), 0.0249698 secs] [Times: user=0.29 sys=0.00, real=0.03 secs] 
2016-09-24T00:13:28.068-0400: 183.342: [GC (GCLocker Initiated GC) [PSYoungGen: 173886K->55287K(175104K)] 400011K->330124K(699392K), 0.0183246 secs] [Times: user=0.17 sys=0.00, real=0.02 secs] 
2016-09-24T00:13:28.217-0400: 183.490: [GC (GCLocker Initiated GC) [PSYoungGen: 143351K->79523K(175104K)] 418414K->372899K(699392K), 0.0310563 secs] [Times: user=0.28 sys=0.00, real=0.03 secs] 
2016-09-24T00:13:28.377-0400: 183.651: [GC (Allocation Failure) [PSYoungGen: 167587K->37098K(175104K)] 461301K->349124K(699392K), 0.0166380 secs] [Times: user=0.16 sys=0.00, real=0.01 secs] 
2016-09-24T00:13:28.487-0400: 183.761: [GC (GCLocker Initiated GC) [PSYoungGen: 121026K->61426K(175104K)] 439127K->398028K(699392K), 0.0152485 secs] [Times: user=0.19 sys=0.00, real=0.02 secs] 
2016-09-24T00:13:28.608-0400: 183.882: [GC (GCLocker Initiated GC) [PSYoungGen: 149490K->74000K(175104K)] 492232K->435110K(699392K), 0.0109823 secs] [Times: user=0.14 sys=0.00, real=0.01 secs] 
2016-09-24T00:13:28.743-0400: 184.016: [GC (GCLocker Initiated GC) [PSYoungGen: 162064K->25075K(175104K)] 523373K->477966K(699392K), 0.0149523 secs] [Times: user=0.14 sys=0.00, real=0.01 secs] 
2016-09-24T00:13:28.758-0400: 184.032: [Full GC (Ergonomics) [PSYoungGen: 25075K->0K(175104K)] [ParOldGen: 452890K->47476K(524288K)] 477966K->47476K(699392K), [Metaspace: 44522K->44522K(1087488K)], 0.0650808 secs] [Times: user=0.39 sys=0.02, real=0.07 secs] 
2016-09-24T00:13:28.928-0400: 184.202: [GC (GCLocker Initiated GC) [PSYoungGen: 88063K->86598K(175104K)] 135901K->140510K(699392K), 0.0144057 secs] [Times: user=0.17 sys=0.00, real=0.02 secs] 
2016-09-24T00:13:29.045-0400: 184.319: [GC (GCLocker Initiated GC) [PSYoungGen: 174662K->55255K(175104K)] 240951K->146771K(699392K), 0.0215767 secs] [Times: user=0.20 sys=0.00, real=0.02 secs] 
2016-09-24T00:13:29.163-0400: 184.437: [GC (GCLocker Initiated GC) [PSYoungGen: 143319K->49244K(175104K)] 234989K->195701K(699392K), 0.0367321 secs] [Times: user=0.40 sys=0.00, real=0.03 secs] 
2016-09-24T00:13:29.297-0400: 184.571: [GC (GCLocker Initiated GC) [PSYoungGen: 137308K->31282K(175104K)] 289848K->250908K(699392K), 0.0104083 secs] [Times: user=0.07 sys=0.00, real=0.01 secs] 
2016-09-24T00:13:29.428-0400: 184.701: [GC (GCLocker Initiated GC) [PSYoungGen: 119346K->85758K(175104K)] 339014K->330337K(699392K), 0.0193572 secs] [Times: user=0.20 sys=0.00, real=0.02 secs] 
2016-09-24T00:13:29.537-0400: 184.811: [GC (GCLocker Initiated GC) [PSYoungGen: 173822K->85630K(175104K)] 418488K->348648K(699392K), 0.0189158 secs] [Times: user=0.17 sys=0.00, real=0.02 secs] 
2016-09-24T00:13:29.668-0400: 184.942: [GC (GCLocker Initiated GC) [PSYoungGen: 173694K->30955K(175104K)] 448893K->361097K(699392K), 0.0235748 secs] [Times: user=0.21 sys=0.01, real=0.02 secs] 
2016-09-24T00:13:29.819-0400: 185.093: [GC (GCLocker Initiated GC) [PSYoungGen: 119019K->61526K(175104K)] 455389K->428555K(699392K), 0.0182047 secs] [Times: user=0.20 sys=0.00, real=0.02 secs] 
2016-09-24T00:13:29.961-0400: 185.235: [GC (GCLocker Initiated GC) [PSYoungGen: 149590K->36966K(175104K)] 522932K->428801K(699392K), 0.0180196 secs] [Times: user=0.19 sys=0.01, real=0.02 secs] 
2016-09-24T00:13:30.086-0400: 185.360: [GC (GCLocker Initiated GC) [PSYoungGen: 125030K->55451K(175104K)] 529146K->459671K(699392K), 0.0111434 secs] [Times: user=0.11 sys=0.00, real=0.01 secs] 
2016-09-24T00:13:30.241-0400: 185.514: [GC (GCLocker Initiated GC) [PSYoungGen: 143515K->67341K(175104K)] 553953K->496419K(699392K), 0.0176146 secs] [Times: user=0.17 sys=0.00, real=0.02 secs] 
2016-09-24T00:13:30.376-0400: 185.650: [GC (GCLocker Initiated GC) [PSYoungGen: 155405K->67537K(175104K)] 584542K->527160K(699392K), 0.0209545 secs] [Times: user=0.20 sys=0.00, real=0.02 secs] 
2016-09-24T00:13:30.397-0400: 185.671: [Full GC (Ergonomics) [PSYoungGen: 67537K->0K(175104K)] [ParOldGen: 459623K->53874K(524288K)] 527160K->53874K(699392K), [Metaspace: 44524K->44524K(1087488K)], 0.0584484 secs] [Times: user=0.30 sys=0.00, real=0.06 secs] 
2016-09-24T00:13:30.574-0400: 185.848: [GC (GCLocker Initiated GC) [PSYoungGen: 88064K->86210K(175104K)] 142103K->146325K(699392K), 0.0108016 secs] [Times: user=0.17 sys=0.00, real=0.02 secs] 
2016-09-24T00:13:30.685-0400: 185.959: [GC (GCLocker Initiated GC) [PSYoungGen: 174274K->61522K(175104K)] 234576K->158970K(699392K), 0.0156529 secs] [Times: user=0.20 sys=0.00, real=0.01 secs] 
2016-09-24T00:13:30.819-0400: 186.093: [GC (GCLocker Initiated GC) [PSYoungGen: 149586K->55515K(175104K)] 247238K->171675K(699392K), 0.0222872 secs] [Times: user=0.21 sys=0.00, real=0.02 secs] 
2016-09-24T00:13:30.982-0400: 186.256: [GC (Allocation Failure) [PSYoungGen: 143579K->73284K(175104K)] 259837K->208026K(699392K), 0.0091628 secs] [Times: user=0.07 sys=0.01, real=0.01 secs] 
2016-09-24T00:13:31.086-0400: 186.360: [GC (GCLocker Initiated GC) [PSYoungGen: 158411K->67729K(175104K)] 299229K->275539K(699392K), 0.0123072 secs] [Times: user=0.17 sys=0.01, real=0.01 secs] 
2016-09-24T00:13:31.237-0400: 186.511: [GC (GCLocker Initiated GC) [PSYoungGen: 155791K->79979K(175104K)] 363968K->324709K(699392K), 0.0173356 secs] [Times: user=0.20 sys=0.00, real=0.02 secs] 
2016-09-24T00:13:31.353-0400: 186.627: [GC (GCLocker Initiated GC) [PSYoungGen: 168043K->73708K(175104K)] 412888K->318820K(699392K), 0.0086264 secs] [Times: user=0.11 sys=0.00, real=0.01 secs] 
2016-09-24T00:13:31.459-0400: 186.733: [GC (GCLocker Initiated GC) [PSYoungGen: 161772K->85890K(175104K)] 406966K->355471K(699392K), 0.0204905 secs] [Times: user=0.24 sys=0.00, real=0.02 secs] 
2016-09-24T00:13:31.599-0400: 186.873: [GC (GCLocker Initiated GC) [PSYoungGen: 173954K->49504K(175104K)] 449692K->361803K(699392K), 0.0107665 secs] [Times: user=0.10 sys=0.01, real=0.01 secs] 
2016-09-24T00:13:31.714-0400: 186.987: [GC (GCLocker Initiated GC) [PSYoungGen: 137568K->30923K(175104K)] 456264K->392567K(699392K), 0.0222212 secs] [Times: user=0.23 sys=0.00, real=0.03 secs] 
2016-09-24T00:13:31.858-0400: 187.131: [GC (GCLocker Initiated GC) [PSYoungGen: 118987K->85826K(175104K)] 480993K->447952K(699392K), 0.0078599 secs] [Times: user=0.07 sys=0.00, real=0.01 secs] 
2016-09-24T00:13:32.003-0400: 187.277: [GC (Allocation Failure) [PSYoungGen: 173890K->37354K(175104K)] 548398K->448759K(699392K), 0.0105239 secs] [Times: user=0.09 sys=0.00, real=0.00 secs] 
2016-09-24T00:13:32.131-0400: 187.405: [GC (GCLocker Initiated GC) [PSYoungGen: 119561K->55191K(175104K)] 537041K->472750K(699392K), 0.0176895 secs] [Times: user=0.16 sys=0.01, real=0.02 secs] 
2016-09-24T00:13:32.295-0400: 187.569: [GC (GCLocker Initiated GC) [PSYoungGen: 143255K->24720K(175104K)] 567216K->454820K(699392K), 0.0072894 secs] [Times: user=0.04 sys=0.00, real=0.01 secs] 
2016-09-24T00:13:32.430-0400: 187.704: [GC (GCLocker Initiated GC) [PSYoungGen: 112784K->79847K(175104K)] 543200K->528616K(699392K), 0.0211438 secs] [Times: user=0.26 sys=0.01, real=0.02 secs] 
2016-09-24T00:13:32.551-0400: 187.825: [GC (GCLocker Initiated GC) [PSYoungGen: 167911K->73772K(175104K)] 622819K->565266K(699392K), 0.0128708 secs] [Times: user=0.17 sys=0.01, real=0.02 secs] 
2016-09-24T00:13:32.564-0400: 187.838: [Full GC (Ergonomics) [PSYoungGen: 73772K->0K(175104K)] [ParOldGen: 491494K->53689K(524288K)] 565266K->53689K(699392K), [Metaspace: 44524K->44524K(1087488K)], 0.0589345 secs] [Times: user=0.51 sys=0.01, real=0.06 secs] 
2016-09-24T00:13:32.724-0400: 187.998: [GC (GCLocker Initiated GC) [PSYoungGen: 88064K->74420K(175104K)] 141771K->128127K(699392K), 0.0111980 secs] [Times: user=0.17 sys=0.00, real=0.01 secs] 
2016-09-24T00:13:32.847-0400: 188.121: [GC (GCLocker Initiated GC) [PSYoungGen: 162484K->73640K(175104K)] 222694K->189285K(699392K), 0.0131471 secs] [Times: user=0.20 sys=0.01, real=0.01 secs] 
2016-09-24T00:13:32.946-0400: 188.220: [GC (GCLocker Initiated GC) [PSYoungGen: 161704K->55027K(175104K)] 277391K->243865K(699392K), 0.0179990 secs] [Times: user=0.12 sys=0.00, real=0.02 secs] 
2016-09-24T00:13:33.073-0400: 188.346: [GC (GCLocker Initiated GC) [PSYoungGen: 143091K->86018K(175104K)] 332229K->348224K(699392K), 0.0137679 secs] [Times: user=0.21 sys=0.00, real=0.02 secs] 
2016-09-24T00:13:33.212-0400: 188.485: [GC (GCLocker Initiated GC) [PSYoungGen: 174082K->85986K(175104K)] 436649K->385451K(699392K), 0.0307348 secs] [Times: user=0.35 sys=0.00, real=0.04 secs] 
2016-09-24T00:13:33.358-0400: 188.632: [GC (GCLocker Initiated GC) [PSYoungGen: 174050K->85790K(175104K)] 485830K->428220K(699392K), 0.0135087 secs] [Times: user=0.19 sys=0.00, real=0.01 secs] 
2016-09-24T00:13:33.491-0400: 188.765: [GC (GCLocker Initiated GC) [PSYoungGen: 173854K->37258K(175104K)] 534719K->446851K(699392K), 0.0104820 secs] [Times: user=0.11 sys=0.00, real=0.01 secs] 
2016-09-24T00:13:33.626-0400: 188.900: [GC (GCLocker Initiated GC) [PSYoungGen: 125322K->49148K(175104K)] 534990K->459076K(699392K), 0.0352761 secs] [Times: user=0.34 sys=0.00, real=0.03 secs] 
2016-09-24T00:13:33.751-0400: 189.024: [GC (GCLocker Initiated GC) [PSYoungGen: 137212K->67601K(175104K)] 547322K->496072K(699392K), 0.0088479 secs] [Times: user=0.09 sys=0.00, real=0.01 secs] 
2016-09-24T00:13:33.877-0400: 189.151: [GC (GCLocker Initiated GC) [PSYoungGen: 155665K->85658K(175104K)] 584419K->533248K(699392K), 0.0184070 secs] [Times: user=0.25 sys=0.00, real=0.02 secs] 
2016-09-24T00:13:33.895-0400: 189.169: [Full GC (Ergonomics) [PSYoungGen: 85658K->0K(175104K)] [ParOldGen: 447590K->53678K(524288K)] 533248K->53678K(699392K), [Metaspace: 44528K->44528K(1087488K)], 0.0553400 secs] [Times: user=0.40 sys=0.01, real=0.05 secs] 
2016-09-24T00:13:34.075-0400: 189.349: [GC (GCLocker Initiated GC) [PSYoungGen: 88064K->86670K(175104K)] 148100K->164931K(699392K), 0.0184622 secs] [Times: user=0.24 sys=0.00, real=0.01 secs] 
2016-09-24T00:13:34.206-0400: 189.480: [GC (GCLocker Initiated GC) [PSYoungGen: 174734K->49148K(175104K)] 253137K->158746K(699392K), 0.0124495 secs] [Times: user=0.08 sys=0.01, real=0.01 secs] 
2016-09-24T00:13:34.307-0400: 189.581: [GC (GCLocker Initiated GC) [PSYoungGen: 137212K->79715K(175104K)] 247031K->226291K(699392K), 0.0159305 secs] [Times: user=0.18 sys=0.00, real=0.02 secs] 
2016-09-24T00:13:34.428-0400: 189.701: [GC (GCLocker Initiated GC) [PSYoungGen: 167779K->67633K(175104K)] 314508K->263238K(699392K), 0.0127700 secs] [Times: user=0.14 sys=0.00, real=0.01 secs] 
2016-09-24T00:13:34.549-0400: 189.823: [GC (GCLocker Initiated GC) [PSYoungGen: 155697K->55451K(175104K)] 357654K->258012K(699392K), 0.0129349 secs] [Times: user=0.15 sys=0.00, real=0.02 secs] 
2016-09-24T00:13:34.712-0400: 189.986: [GC (GCLocker Initiated GC) [PSYoungGen: 143515K->55711K(175104K)] 352461K->283157K(699392K), 0.0086745 secs] [Times: user=0.08 sys=0.00, real=0.01 secs] 
2016-09-24T00:13:34.878-0400: 190.152: [GC (GCLocker Initiated GC) [PSYoungGen: 143775K->37098K(175104K)] 383694K->295494K(699392K), 0.0092822 secs] [Times: user=0.09 sys=0.00, real=0.01 secs] 
2016-09-24T00:13:35.013-0400: 190.286: [GC (GCLocker Initiated GC) [PSYoungGen: 125162K->55611K(175104K)] 389994K->338960K(699392K), 0.0156307 secs] [Times: user=0.18 sys=0.00, real=0.02 secs] 
2016-09-24T00:13:35.131-0400: 190.404: [GC (GCLocker Initiated GC) [PSYoungGen: 143675K->55319K(175104K)] 433392K->363405K(699392K), 0.0096699 secs] [Times: user=0.15 sys=0.01, real=0.01 secs] 
2016-09-24T00:13:35.256-0400: 190.529: [GC (GCLocker Initiated GC) [PSYoungGen: 143383K->85726K(175104K)] 451518K->424355K(699392K), 0.0100071 secs] [Times: user=0.13 sys=0.00, real=0.01 secs] 
2016-09-24T00:13:35.388-0400: 190.662: [GC (GCLocker Initiated GC) [PSYoungGen: 173790K->67501K(175104K)] 518737K->455257K(699392K), 0.0109748 secs] [Times: user=0.10 sys=0.01, real=0.01 secs] 
2016-09-24T00:13:35.506-0400: 190.779: [GC (GCLocker Initiated GC) [PSYoungGen: 155565K->55451K(175104K)] 543470K->480097K(699392K), 0.0149884 secs] [Times: user=0.18 sys=0.00, real=0.01 secs] 
2016-09-24T00:13:35.650-0400: 190.924: [GC (Allocation Failure) [PSYoungGen: 143515K->67665K(175104K)] 580572K->541480K(699392K), 0.0231656 secs] [Times: user=0.26 sys=0.00, real=0.02 secs] 
2016-09-24T00:13:35.673-0400: 190.947: [Full GC (Ergonomics) [PSYoungGen: 67665K->0K(175104K)] [ParOldGen: 473815K->60342K(524288K)] 541480K->60342K(699392K), [Metaspace: 44528K->44528K(1087488K)], 0.0591439 secs] [Times: user=0.34 sys=0.02, real=0.06 secs] 
2016-09-24T00:13:35.822-0400: 191.095: [GC (GCLocker Initiated GC) [PSYoungGen: 88064K->86078K(175104K)] 148412K->170726K(699392K), 0.0101606 secs] [Times: user=0.14 sys=0.00, real=0.01 secs] 
2016-09-24T00:13:35.925-0400: 191.198: [GC (GCLocker Initiated GC) [PSYoungGen: 174142K->85986K(175104K)] 258932K->207790K(699392K), 0.0216135 secs] [Times: user=0.29 sys=0.00, real=0.02 secs] 
2016-09-24T00:13:36.072-0400: 191.346: [GC (GCLocker Initiated GC) [PSYoungGen: 174050K->42909K(175104K)] 302004K->232037K(699392K), 0.0187282 secs] [Times: user=0.17 sys=0.00, real=0.02 secs] 
2016-09-24T00:13:36.211-0400: 191.485: [GC (GCLocker Initiated GC) [PSYoungGen: 130973K->61362K(175104K)] 326509K->281318K(699392K), 0.0099813 secs] [Times: user=0.08 sys=0.00, real=0.01 secs] 
2016-09-24T00:13:36.345-0400: 191.618: [GC (GCLocker Initiated GC) [PSYoungGen: 149426K->36966K(175104K)] 381741K->269509K(699392K), 0.0294050 secs] [Times: user=0.28 sys=0.01, real=0.03 secs] 
2016-09-24T00:13:36.493-0400: 191.767: [GC (GCLocker Initiated GC) [PSYoungGen: 125030K->73448K(175104K)] 357704K->324435K(699392K), 0.0194352 secs] [Times: user=0.17 sys=0.00, real=0.02 secs] 
2016-09-24T00:13:36.621-0400: 191.895: [GC (GCLocker Initiated GC) [PSYoungGen: 161512K->49248K(175104K)] 418924K->337130K(699392K), 0.0184089 secs] [Times: user=0.16 sys=0.01, real=0.02 secs] 
2016-09-24T00:13:36.773-0400: 192.046: [GC (GCLocker Initiated GC) [PSYoungGen: 137312K->30791K(175104K)] 431339K->343310K(699392K), 0.0128182 secs] [Times: user=0.13 sys=0.00, real=0.02 secs] 
2016-09-24T00:13:36.899-0400: 192.172: [GC (GCLocker Initiated GC) [PSYoungGen: 118855K->67341K(175104K)] 431500K->380081K(699392K), 0.0202809 secs] [Times: user=0.21 sys=0.01, real=0.02 secs] 
2016-09-24T00:13:37.021-0400: 192.295: [GC (GCLocker Initiated GC) [PSYoungGen: 155405K->79783K(175104K)] 468316K->417277K(699392K), 0.0105829 secs] [Times: user=0.09 sys=0.00, real=0.01 secs] 
2016-09-24T00:13:37.144-0400: 192.417: [GC (GCLocker Initiated GC) [PSYoungGen: 167847K->55387K(175104K)] 511760K->436002K(699392K), 0.0197065 secs] [Times: user=0.15 sys=0.00, real=0.02 secs] 
2016-09-24T00:13:37.293-0400: 192.567: [GC (GCLocker Initiated GC) [PSYoungGen: 143451K->55351K(175104K)] 530390K->460814K(699392K), 0.0189813 secs] [Times: user=0.21 sys=0.01, real=0.02 secs] 
2016-09-24T00:13:37.443-0400: 192.717: [GC (GCLocker Initiated GC) [PSYoungGen: 143415K->61494K(175104K)] 548988K->485379K(699392K), 0.0255928 secs] [Times: user=0.27 sys=0.00, real=0.02 secs] 
2016-09-24T00:13:37.572-0400: 192.845: [GC (GCLocker Initiated GC) [PSYoungGen: 149558K->73772K(175104K)] 573659K->516413K(699392K), 0.0207738 secs] [Times: user=0.28 sys=0.00, real=0.02 secs] 
2016-09-24T00:13:37.695-0400: 192.969: [GC (GCLocker Initiated GC) [PSYoungGen: 161836K->43105K(175104K)] 610740K->534637K(699392K), 0.0104379 secs] [Times: user=0.09 sys=0.00, real=0.01 secs] 
2016-09-24T00:13:37.706-0400: 192.980: [Full GC (Ergonomics) [PSYoungGen: 43105K->0K(175104K)] [ParOldGen: 491532K->60053K(524288K)] 534637K->60053K(699392K), [Metaspace: 44528K->44528K(1087488K)], 0.0572554 secs] [Times: user=0.36 sys=0.01, real=0.06 secs] 
2016-09-24T00:13:37.858-0400: 193.132: [GC (GCLocker Initiated GC) [PSYoungGen: 88064K->86274K(175104K)] 148142K->164577K(699392K), 0.0093349 secs] [Times: user=0.10 sys=0.00, real=0.01 secs] 
2016-09-24T00:13:38.001-0400: 193.275: [GC (GCLocker Initiated GC) [PSYoungGen: 174338K->85658K(175104K)] 258775K->225669K(699392K), 0.0215794 secs] [Times: user=0.26 sys=0.01, real=0.03 secs] 
2016-09-24T00:13:38.123-0400: 193.397: [GC (GCLocker Initiated GC) [PSYoungGen: 173722K->86018K(175104K)] 313793K->286998K(699392K), 0.0135440 secs] [Times: user=0.22 sys=0.00, real=0.01 secs] 
2016-09-24T00:13:38.275-0400: 193.549: [GC (GCLocker Initiated GC) [PSYoungGen: 174082K->67565K(175104K)] 375176K->341883K(699392K), 0.0239025 secs] [Times: user=0.29 sys=0.00, real=0.02 secs] 
2016-09-24T00:13:38.442-0400: 193.716: [GC (GCLocker Initiated GC) [PSYoungGen: 155629K->79391K(175104K)] 430011K->354048K(699392K), 0.0076515 secs] [Times: user=0.06 sys=0.00, real=0.01 secs] 
2016-09-24T00:13:38.582-0400: 193.855: [GC (GCLocker Initiated GC) [PSYoungGen: 167455K->55842K(175104K)] 448234K->354942K(699392K), 0.0107107 secs] [Times: user=0.09 sys=0.00, real=0.01 secs] 
2016-09-24T00:13:38.698-0400: 193.971: [GC (GCLocker Initiated GC) [PSYoungGen: 143906K->55155K(175104K)] 449213K->409345K(699392K), 0.0110911 secs] [Times: user=0.12 sys=0.00, real=0.01 secs] 
2016-09-24T00:13:38.825-0400: 194.098: [GC (GCLocker Initiated GC) [PSYoungGen: 143219K->86054K(175104K)] 497585K->446591K(699392K), 0.0156943 secs] [Times: user=0.16 sys=0.00, real=0.01 secs] 
2016-09-24T00:13:38.973-0400: 194.247: [GC (GCLocker Initiated GC) [PSYoungGen: 174118K->55615K(175104K)] 541063K->423015K(699392K), 0.0138647 secs] [Times: user=0.13 sys=0.00, real=0.02 secs] 
2016-09-24T00:13:39.105-0400: 194.379: [GC (GCLocker Initiated GC) [PSYoungGen: 143679K->49016K(175104K)] 511333K->453388K(699392K), 0.0164759 secs] [Times: user=0.14 sys=0.01, real=0.01 secs] 
2016-09-24T00:13:39.221-0400: 194.495: [GC (GCLocker Initiated GC) [PSYoungGen: 137080K->67537K(175104K)] 541517K->472085K(699392K), 0.0185457 secs] [Times: user=0.17 sys=0.00, real=0.02 secs] 
2016-09-24T00:13:39.341-0400: 194.615: [GC (GCLocker Initiated GC) [PSYoungGen: 155601K->49212K(175104K)] 566232K->521205K(699392K), 0.0136870 secs] [Times: user=0.13 sys=0.00, real=0.02 secs] 
2016-09-24T00:13:39.355-0400: 194.629: [Full GC (Ergonomics) [PSYoungGen: 49212K->0K(175104K)] [ParOldGen: 471993K->53990K(524288K)] 521205K->53990K(699392K), [Metaspace: 44528K->44528K(1087488K)], 0.0652654 secs] [Times: user=0.50 sys=0.00, real=0.06 secs] 
2016-09-24T00:13:39.528-0400: 194.801: [GC (GCLocker Initiated GC) [PSYoungGen: 88064K->74028K(175104K)] 148372K->134336K(699392K), 0.0077783 secs] [Times: user=0.10 sys=0.00, real=0.01 secs] 
2016-09-24T00:13:39.650-0400: 194.924: [GC (GCLocker Initiated GC) [PSYoungGen: 162092K->86182K(175104K)] 222750K->171720K(699392K), 0.0105910 secs] [Times: user=0.13 sys=0.01, real=0.01 secs] 
2016-09-24T00:13:39.785-0400: 195.059: [GC (GCLocker Initiated GC) [PSYoungGen: 174246K->55647K(175104K)] 260005K->160227K(699392K), 0.0166359 secs] [Times: user=0.19 sys=0.00, real=0.01 secs] 
2016-09-24T00:13:39.904-0400: 195.178: [GC (GCLocker Initiated GC) [PSYoungGen: 143711K->73608K(175104K)] 254474K->202896K(699392K), 0.0140921 secs] [Times: user=0.13 sys=0.00, real=0.01 secs] 
2016-09-24T00:13:40.025-0400: 195.299: [GC (GCLocker Initiated GC) [PSYoungGen: 161672K->73804K(175104K)] 297085K->245795K(699392K), 0.0143734 secs] [Times: user=0.16 sys=0.01, real=0.01 secs] 
2016-09-24T00:13:40.157-0400: 195.431: [GC (Allocation Failure) [PSYoungGen: 161868K->55187K(175104K)] 340014K->252014K(699392K), 0.0074927 secs] [Times: user=0.07 sys=0.00, real=0.01 secs] 
2016-09-24T00:13:40.275-0400: 195.549: [GC (GCLocker Initiated GC) [PSYoungGen: 139117K->73708K(175104K)] 342019K->325338K(699392K), 0.0108194 secs] [Times: user=0.08 sys=0.00, real=0.01 secs] 
2016-09-24T00:13:40.443-0400: 195.716: [GC (GCLocker Initiated GC) [PSYoungGen: 161772K->67437K(175104K)] 413674K->338019K(699392K), 0.0130938 secs] [Times: user=0.12 sys=0.00, real=0.01 secs] 
2016-09-24T00:13:40.582-0400: 195.856: [GC (GCLocker Initiated GC) [PSYoungGen: 155501K->73640K(175104K)] 432278K->368785K(699392K), 0.0076355 secs] [Times: user=0.08 sys=0.00, real=0.00 secs] 
2016-09-24T00:13:40.698-0400: 195.972: [GC (GCLocker Initiated GC) [PSYoungGen: 161704K->37357K(175104K)] 463084K->393525K(699392K), 0.0106456 secs] [Times: user=0.09 sys=0.00, real=0.01 secs] 
2016-09-24T00:13:40.823-0400: 196.097: [GC (Allocation Failure) [PSYoungGen: 125421K->85922K(175104K)] 488013K->491314K(699392K), 0.0162225 secs] [Times: user=0.17 sys=0.00, real=0.01 secs] 
2016-09-24T00:13:40.941-0400: 196.215: [GC (GCLocker Initiated GC) [PSYoungGen: 173986K->73804K(175104K)] 585453K->485578K(699392K), 0.0082070 secs] [Times: user=0.08 sys=0.00, real=0.01 secs] 
2016-09-24T00:13:41.051-0400: 196.325: [GC (GCLocker Initiated GC) [PSYoungGen: 161868K->48984K(175104K)] 573886K->515772K(699392K), 0.0400855 secs] [Times: user=0.46 sys=0.01, real=0.04 secs] 
2016-09-24T00:13:41.091-0400: 196.365: [Full GC (Ergonomics) [PSYoungGen: 48984K->0K(175104K)] [ParOldGen: 466788K->54197K(524288K)] 515772K->54197K(699392K), [Metaspace: 44529K->44529K(1087488K)], 0.0556199 secs] [Times: user=0.38 sys=0.01, real=0.06 secs] 
2016-09-24T00:13:41.248-0400: 196.522: [GC (GCLocker Initiated GC) [PSYoungGen: 88064K->86630K(175104K)] 142421K->147062K(699392K), 0.0151579 secs] [Times: user=0.22 sys=0.00, real=0.02 secs] 
2016-09-24T00:13:41.383-0400: 196.657: [GC (Allocation Failure) [PSYoungGen: 174694K->73740K(175104K)] 235375K->190416K(699392K), 0.0140081 secs] [Times: user=0.23 sys=0.01, real=0.01 secs] 
2016-09-24T00:13:41.518-0400: 196.792: [GC (GCLocker Initiated GC) [PSYoungGen: 160555K->67533K(175104K)] 283306K->227009K(699392K), 0.0127893 secs] [Times: user=0.17 sys=0.00, real=0.01 secs] 
2016-09-24T00:13:41.635-0400: 196.909: [GC (GCLocker Initiated GC) [PSYoungGen: 155597K->49244K(175104K)] 315132K->275724K(699392K), 0.0124657 secs] [Times: user=0.13 sys=0.00, real=0.01 secs] 
2016-09-24T00:13:41.758-0400: 197.032: [GC (GCLocker Initiated GC) [PSYoungGen: 137308K->61462K(175104K)] 369916K->294173K(699392K), 0.0161242 secs] [Times: user=0.16 sys=0.00, real=0.02 secs] 
2016-09-24T00:13:41.896-0400: 197.170: [GC (Allocation Failure) [PSYoungGen: 149526K->42909K(175104K)] 388589K->312787K(699392K), 0.0157527 secs] [Times: user=0.17 sys=0.00, real=0.01 secs] 
2016-09-24T00:13:42.026-0400: 197.300: [GC (GCLocker Initiated GC) [PSYoungGen: 130973K->67405K(175104K)] 400856K->337400K(699392K), 0.0096719 secs] [Times: user=0.07 sys=0.00, real=0.01 secs] 
2016-09-24T00:13:42.124-0400: 197.397: [GC (GCLocker Initiated GC) [PSYoungGen: 155469K->85922K(175104K)] 425628K->380689K(699392K), 0.0133273 secs] [Times: user=0.15 sys=0.00, real=0.01 secs] 
2016-09-24T00:13:42.249-0400: 197.523: [GC (GCLocker Initiated GC) [PSYoungGen: 173986K->30827K(175104K)] 474892K->380421K(699392K), 0.0171005 secs] [Times: user=0.13 sys=0.00, real=0.02 secs] 
2016-09-24T00:13:42.378-0400: 197.652: [GC (GCLocker Initiated GC) [PSYoungGen: 118891K->61234K(175104K)] 468711K->411290K(699392K), 0.0145722 secs] [Times: user=0.13 sys=0.00, real=0.01 secs] 
2016-09-24T00:13:42.503-0400: 197.777: [GC (GCLocker Initiated GC) [PSYoungGen: 149298K->67565K(175104K)] 505610K->454404K(699392K), 0.0256268 secs] [Times: user=0.30 sys=0.00, real=0.02 secs] 
2016-09-24T00:13:42.659-0400: 197.932: [GC (GCLocker Initiated GC) [PSYoungGen: 155629K->55383K(175104K)] 554850K->485114K(699392K), 0.0166325 secs] [Times: user=0.20 sys=0.00, real=0.02 secs] 
2016-09-24T00:13:42.815-0400: 198.089: [GC (GCLocker Initiated GC) [PSYoungGen: 143447K->48888K(175104K)] 573180K->497113K(699392K), 0.0111735 secs] [Times: user=0.10 sys=0.00, real=0.01 secs] 
2016-09-24T00:13:42.969-0400: 198.243: [Full GC (Ergonomics) [PSYoungGen: 136952K->0K(175104K)] [ParOldGen: 460631K->48371K(524288K)] 597583K->48371K(699392K), [Metaspace: 44530K->44530K(1087488K)], 0.0832776 secs] [Times: user=0.62 sys=0.00, real=0.08 secs] 
2016-09-24T00:13:43.178-0400: 198.452: [GC (GCLocker Initiated GC) [PSYoungGen: 88064K->49052K(175104K)] 142551K->103539K(699392K), 0.0110184 secs] [Times: user=0.09 sys=0.01, real=0.01 secs] 
2016-09-24T00:13:43.290-0400: 198.564: [GC (GCLocker Initiated GC) [PSYoungGen: 137116K->55743K(175104K)] 197725K->134837K(699392K), 0.0092739 secs] [Times: user=0.09 sys=0.00, real=0.01 secs] 
2016-09-24T00:13:43.416-0400: 198.690: [GC (GCLocker Initiated GC) [PSYoungGen: 143807K->55583K(175104K)] 235221K->165654K(699392K), 0.0161338 secs] [Times: user=0.15 sys=0.00, real=0.01 secs] 
2016-09-24T00:13:43.533-0400: 198.807: [GC (GCLocker Initiated GC) [PSYoungGen: 143647K->73576K(175104K)] 253944K->214712K(699392K), 0.0177840 secs] [Times: user=0.19 sys=0.01, real=0.02 secs] 
2016-09-24T00:13:43.647-0400: 198.920: [GC (GCLocker Initiated GC) [PSYoungGen: 161640K->55159K(175104K)] 308955K->245258K(699392K), 0.0292374 secs] [Times: user=0.24 sys=0.01, real=0.03 secs] 
2016-09-24T00:13:43.774-0400: 199.047: [GC (GCLocker Initiated GC) [PSYoungGen: 143223K->61426K(174080K)] 339595K->312773K(698368K), 0.0157731 secs] [Times: user=0.17 sys=0.01, real=0.02 secs] 
2016-09-24T00:13:43.900-0400: 199.174: [GC (GCLocker Initiated GC) [PSYoungGen: 149490K->73740K(174592K)] 406998K->331556K(698880K), 0.0119888 secs] [Times: user=0.11 sys=0.00, real=0.01 secs] 
2016-09-24T00:13:44.053-0400: 199.327: [GC (GCLocker Initiated GC) [PSYoungGen: 161804K->55255K(175104K)] 425915K->337859K(699392K), 0.0385947 secs] [Times: user=0.40 sys=0.00, real=0.04 secs] 
2016-09-24T00:13:44.207-0400: 199.481: [GC (GCLocker Initiated GC) [PSYoungGen: 143319K->67177K(175104K)] 425971K->350088K(699392K), 0.0110201 secs] [Times: user=0.10 sys=0.01, real=0.01 secs] 
2016-09-24T00:13:44.316-0400: 199.590: [GC (GCLocker Initiated GC) [PSYoungGen: 155241K->85758K(175104K)] 444484K->417686K(699392K), 0.0121945 secs] [Times: user=0.18 sys=0.00, real=0.01 secs] 
2016-09-24T00:13:44.452-0400: 199.726: [GC (Allocation Failure) [PSYoungGen: 173818K->55579K(175104K)] 512171K->430704K(699392K), 0.0116068 secs] [Times: user=0.18 sys=0.01, real=0.02 secs] 
2016-09-24T00:13:44.558-0400: 199.832: [GC (GCLocker Initiated GC) [PSYoungGen: 143641K->73608K(175104K)] 518773K->449023K(699392K), 0.0094741 secs] [Times: user=0.12 sys=0.00, real=0.01 secs] 
2016-09-24T00:13:44.680-0400: 199.954: [GC (GCLocker Initiated GC) [PSYoungGen: 161672K->67633K(175104K)] 537319K->461608K(699392K), 0.0144157 secs] [Times: user=0.12 sys=0.00, real=0.02 secs] 
2016-09-24T00:13:44.813-0400: 200.087: [GC (GCLocker Initiated GC) [PSYoungGen: 155697K->67469K(175104K)] 555856K->504510K(699392K), 0.0447623 secs] [Times: user=0.49 sys=0.00, real=0.05 secs] 
2016-09-24T00:13:44.962-0400: 200.235: [GC (GCLocker Initiated GC) [PSYoungGen: 155533K->67633K(175104K)] 592896K->553747K(699392K), 0.0102625 secs] [Times: user=0.11 sys=0.00, real=0.01 secs] 
2016-09-24T00:13:44.972-0400: 200.246: [Full GC (Ergonomics) [PSYoungGen: 67633K->0K(175104K)] [ParOldGen: 486114K->54468K(524288K)] 553747K->54468K(699392K), [Metaspace: 44535K->44535K(1087488K)], 0.0570105 secs] [Times: user=0.33 sys=0.01, real=0.06 secs] 
2016-09-24T00:13:45.158-0400: 200.432: [GC (GCLocker Initiated GC) [PSYoungGen: 88063K->74192K(175104K)] 155032K->141160K(699392K), 0.0112546 secs] [Times: user=0.12 sys=0.00, real=0.01 secs] 
2016-09-24T00:13:45.293-0400: 200.566: [GC (GCLocker Initiated GC) [PSYoungGen: 162256K->67501K(175104K)] 229360K->153534K(699392K), 0.0319058 secs] [Times: user=0.36 sys=0.00, real=0.04 secs] 
2016-09-24T00:13:45.459-0400: 200.733: [GC (GCLocker Initiated GC) [PSYoungGen: 155565K->49148K(175104K)] 247726K->171779K(699392K), 0.0113237 secs] [Times: user=0.10 sys=0.00, real=0.01 secs] 
2016-09-24T00:13:45.560-0400: 200.834: [GC (GCLocker Initiated GC) [PSYoungGen: 137212K->73220K(175104K)] 259891K->226542K(699392K), 0.0275828 secs] [Times: user=0.25 sys=0.01, real=0.03 secs] 
2016-09-24T00:13:45.696-0400: 200.969: [GC (GCLocker Initiated GC) [PSYoungGen: 161284K->49571K(175104K)] 314828K->282218K(699392K), 0.0320907 secs] [Times: user=0.36 sys=0.01, real=0.03 secs] 
2016-09-24T00:13:45.817-0400: 201.090: [GC (GCLocker Initiated GC) [PSYoungGen: 137635K->85890K(175104K)] 370447K->343316K(699392K), 0.0133610 secs] [Times: user=0.14 sys=0.00, real=0.01 secs] 
2016-09-24T00:13:45.923-0400: 201.197: [GC (Allocation Failure) [PSYoungGen: 173954K->85822K(175104K)] 431602K->362166K(699392K), 0.0127109 secs] [Times: user=0.15 sys=0.00, real=0.01 secs] 
2016-09-24T00:13:46.054-0400: 201.328: [GC (GCLocker Initiated GC) [PSYoungGen: 170765K->31054K(175104K)] 453184K->350004K(699392K), 0.0099778 secs] [Times: user=0.06 sys=0.00, real=0.02 secs] 
2016-09-24T00:13:46.212-0400: 201.486: [GC (GCLocker Initiated GC) [PSYoungGen: 119118K->37190K(175104K)] 444146K->362508K(699392K), 0.0080613 secs] [Times: user=0.12 sys=0.00, real=0.01 secs] 
2016-09-24T00:13:46.322-0400: 201.596: [GC (Allocation Failure) [PSYoungGen: 125254K->85758K(175104K)] 450721K->423682K(699392K), 0.0178312 secs] [Times: user=0.24 sys=0.00, real=0.02 secs] 
2016-09-24T00:13:46.455-0400: 201.728: [GC (GCLocker Initiated GC) [PSYoungGen: 173392K->61718K(175104K)] 517391K->478940K(699392K), 0.0129421 secs] [Times: user=0.21 sys=0.00, real=0.01 secs] 
2016-09-24T00:13:46.588-0400: 201.862: [GC (Allocation Failure) [PSYoungGen: 149782K->61266K(175104K)] 567360K->479103K(699392K), 0.0093425 secs] [Times: user=0.06 sys=0.00, real=0.01 secs] 
2016-09-24T00:13:46.705-0400: 201.979: [GC (Allocation Failure) [PSYoungGen: 145748K->37126K(175104K)] 563586K->491681K(699392K), 0.0143037 secs] [Times: user=0.14 sys=0.00, real=0.01 secs] 
2016-09-24T00:13:46.720-0400: 201.993: [Full GC (Ergonomics) [PSYoungGen: 37126K->0K(175104K)] [ParOldGen: 454554K->42706K(524288K)] 491681K->42706K(699392K), [Metaspace: 44537K->44537K(1087488K)], 0.0545273 secs] [Times: user=0.35 sys=0.00, real=0.06 secs] 
2016-09-24T00:13:46.885-0400: 202.158: [GC (GCLocker Initiated GC) [PSYoungGen: 88064K->55803K(175104K)] 130770K->98509K(699392K), 0.0097022 secs] [Times: user=0.14 sys=0.00, real=0.01 secs] 
2016-09-24T00:13:47.011-0400: 202.284: [GC (GCLocker Initiated GC) [PSYoungGen: 143867K->85790K(175104K)] 186643K->214204K(699392K), 0.0127971 secs] [Times: user=0.20 sys=0.00, real=0.02 secs] 
2016-09-24T00:13:47.159-0400: 202.433: [GC (GCLocker Initiated GC) [PSYoungGen: 173854K->55447K(175104K)] 308503K->232944K(699392K), 0.0095245 secs] [Times: user=0.14 sys=0.00, real=0.01 secs] 
2016-09-24T00:13:47.293-0400: 202.567: [GC (GCLocker Initiated GC) [PSYoungGen: 143511K->73672K(175104K)] 321584K->270294K(699392K), 0.0105149 secs] [Times: user=0.16 sys=0.00, real=0.02 secs] 
2016-09-24T00:13:47.417-0400: 202.691: [GC (GCLocker Initiated GC) [PSYoungGen: 161736K->86118K(175104K)] 358406K->331539K(699392K), 0.0125539 secs] [Times: user=0.20 sys=0.00, real=0.01 secs] 
2016-09-24T00:13:47.543-0400: 202.817: [GC (GCLocker Initiated GC) [PSYoungGen: 174182K->73672K(175104K)] 425715K->374292K(699392K), 0.0103037 secs] [Times: user=0.15 sys=0.00, real=0.00 secs] 
2016-09-24T00:13:47.666-0400: 202.940: [GC (GCLocker Initiated GC) [PSYoungGen: 161736K->79747K(175104K)] 462399K->417191K(699392K), 0.0119649 secs] [Times: user=0.17 sys=0.00, real=0.01 secs] 
2016-09-24T00:13:47.836-0400: 203.110: [GC (GCLocker Initiated GC) [PSYoungGen: 167811K->43269K(175104K)] 517631K->435866K(699392K), 0.0109611 secs] [Times: user=0.09 sys=0.00, real=0.01 secs] 
2016-09-24T00:13:47.963-0400: 203.237: [GC (GCLocker Initiated GC) [PSYoungGen: 131333K->49116K(175104K)] 530052K->448095K(699392K), 0.0149715 secs] [Times: user=0.11 sys=0.01, real=0.01 secs] 
2016-09-24T00:13:48.075-0400: 203.349: [GC (GCLocker Initiated GC) [PSYoungGen: 137177K->73836K(175104K)] 542587K->527981K(699392K), 0.0173658 secs] [Times: user=0.20 sys=0.00, real=0.01 secs] 
2016-09-24T00:13:48.092-0400: 203.366: [Full GC (Ergonomics) [PSYoungGen: 73836K->0K(175104K)] [ParOldGen: 454145K->54905K(524288K)] 527981K->54905K(699392K), [Metaspace: 44543K->44543K(1087488K)], 0.0496681 secs] [Times: user=0.46 sys=0.00, real=0.05 secs] 
2016-09-24T00:13:48.255-0400: 203.529: [GC (GCLocker Initiated GC) [PSYoungGen: 88064K->86210K(175104K)] 149080K->153301K(699392K), 0.0108447 secs] [Times: user=0.17 sys=0.00, real=0.01 secs] 
2016-09-24T00:13:48.411-0400: 203.685: [GC (GCLocker Initiated GC) [PSYoungGen: 174274K->55415K(175104K)] 253804K->172123K(699392K), 0.0102724 secs] [Times: user=0.14 sys=0.01, real=0.01 secs] 
2016-09-24T00:13:48.549-0400: 203.823: [GC (GCLocker Initiated GC) [PSYoungGen: 143479K->85594K(175104K)] 260229K->220900K(699392K), 0.0091890 secs] [Times: user=0.13 sys=0.00, real=0.01 secs] 
2016-09-24T00:13:48.678-0400: 203.952: [GC (GCLocker Initiated GC) [PSYoungGen: 173658K->79519K(175104K)] 309107K->269778K(699392K), 0.0093904 secs] [Times: user=0.11 sys=0.00, real=0.01 secs] 
2016-09-24T00:13:48.808-0400: 204.082: [GC (GCLocker Initiated GC) [PSYoungGen: 167583K->85566K(175104K)] 357901K->294197K(699392K), 0.0135365 secs] [Times: user=0.11 sys=0.00, real=0.01 secs] 
2016-09-24T00:13:48.919-0400: 204.193: [GC (GCLocker Initiated GC) [PSYoungGen: 173630K->55383K(175104K)] 382392K->343412K(699392K), 0.0239827 secs] [Times: user=0.27 sys=0.00, real=0.03 secs] 
2016-09-24T00:13:49.049-0400: 204.323: [GC (GCLocker Initiated GC) [PSYoungGen: 143447K->67633K(175104K)] 437676K->398416K(699392K), 0.0262404 secs] [Times: user=0.27 sys=0.00, real=0.03 secs] 
2016-09-24T00:13:49.197-0400: 204.471: [GC (GCLocker Initiated GC) [PSYoungGen: 155697K->49084K(175104K)] 492592K->410703K(699392K), 0.0094707 secs] [Times: user=0.07 sys=0.00, real=0.01 secs] 
2016-09-24T00:13:49.309-0400: 204.582: [GC (GCLocker Initiated GC) [PSYoungGen: 137148K->55255K(175104K)] 505051K->465967K(699392K), 0.0305144 secs] [Times: user=0.33 sys=0.01, real=0.03 secs] 
2016-09-24T00:13:49.459-0400: 204.733: [GC (GCLocker Initiated GC) [PSYoungGen: 143319K->61558K(175104K)] 560287K->502946K(699392K), 0.0159677 secs] [Times: user=0.17 sys=0.01, real=0.02 secs] 
2016-09-24T00:13:49.627-0400: 204.901: [GC (Allocation Failure) [PSYoungGen: 149622K->73380K(175104K)] 591365K->515415K(699392K), 0.0082494 secs] [Times: user=0.07 sys=0.01, real=0.01 secs] 
2016-09-24T00:13:49.744-0400: 205.017: [GC (GCLocker Initiated GC) [PSYoungGen: 161444K->73348K(175104K)] 603479K->515494K(699392K), 0.0239507 secs] [Times: user=0.26 sys=0.00, real=0.02 secs] 
2016-09-24T00:13:49.900-0400: 205.174: [Full GC (Ergonomics) [PSYoungGen: 161412K->0K(175104K)] [ParOldGen: 448234K->48652K(524288K)] 609646K->48652K(699392K), [Metaspace: 44545K->44545K(1087488K)], 0.0733701 secs] [Times: user=0.44 sys=0.00, real=0.07 secs] 
2016-09-24T00:13:50.090-0400: 205.363: [GC (GCLocker Initiated GC) [PSYoungGen: 88064K->61750K(175104K)] 142927K->116614K(699392K), 0.0143740 secs] [Times: user=0.13 sys=0.00, real=0.02 secs] 
2016-09-24T00:13:50.252-0400: 205.526: [GC (GCLocker Initiated GC) [PSYoungGen: 149814K->67305K(175104K)] 204865K->153262K(699392K), 0.0143349 secs] [Times: user=0.14 sys=0.00, real=0.02 secs] 
2016-09-24T00:13:50.355-0400: 205.628: [GC (Allocation Failure) [PSYoungGen: 155369K->36934K(175104K)] 241519K->141389K(699392K), 0.0215097 secs] [Times: user=0.19 sys=0.00, real=0.02 secs] 
2016-09-24T00:13:50.499-0400: 205.773: [GC (GCLocker Initiated GC) [PSYoungGen: 120526K->55447K(175104K)] 231056K->208833K(699392K), 0.0111920 secs] [Times: user=0.15 sys=0.00, real=0.01 secs] 
2016-09-24T00:13:50.631-0400: 205.904: [GC (GCLocker Initiated GC) [PSYoungGen: 143511K->85758K(175104K)] 297074K->263904K(699392K), 0.0109794 secs] [Times: user=0.15 sys=0.01, real=0.01 secs] 
2016-09-24T00:13:50.735-0400: 206.009: [GC (GCLocker Initiated GC) [PSYoungGen: 173822K->73640K(175104K)] 352196K->282548K(699392K), 0.0105841 secs] [Times: user=0.15 sys=0.01, real=0.01 secs] 
2016-09-24T00:13:50.863-0400: 206.137: [GC (GCLocker Initiated GC) [PSYoungGen: 161704K->86314K(175104K)] 370642K->350250K(699392K), 0.0115289 secs] [Times: user=0.17 sys=0.00, real=0.01 secs] 
2016-09-24T00:13:51.005-0400: 206.279: [GC (GCLocker Initiated GC) [PSYoungGen: 174378K->61462K(175104K)] 444649K->356293K(699392K), 0.0164956 secs] [Times: user=0.14 sys=0.01, real=0.01 secs] 
2016-09-24T00:13:51.139-0400: 206.413: [GC (GCLocker Initiated GC) [PSYoungGen: 149526K->43041K(175104K)] 450541K->362524K(699392K), 0.0255682 secs] [Times: user=0.24 sys=0.00, real=0.03 secs] 
2016-09-24T00:13:51.270-0400: 206.543: [GC (GCLocker Initiated GC) [PSYoungGen: 131105K->55319K(175104K)] 450820K->417671K(699392K), 0.0253873 secs] [Times: user=0.25 sys=0.01, real=0.03 secs] 
2016-09-24T00:13:51.409-0400: 206.682: [GC (GCLocker Initiated GC) [PSYoungGen: 143383K->61818K(175104K)] 511964K->448915K(699392K), 0.0219746 secs] [Times: user=0.26 sys=0.00, real=0.02 secs] 
2016-09-24T00:13:51.542-0400: 206.815: [GC (GCLocker Initiated GC) [PSYoungGen: 149882K->73704K(175104K)] 537077K->503920K(699392K), 0.0124998 secs] [Times: user=0.18 sys=0.00, real=0.02 secs] 
2016-09-24T00:13:51.672-0400: 206.946: [GC (GCLocker Initiated GC) [PSYoungGen: 161768K->67633K(175104K)] 598387K->534918K(699392K), 0.0116601 secs] [Times: user=0.11 sys=0.00, real=0.02 secs] 
2016-09-24T00:13:51.684-0400: 206.958: [Full GC (Ergonomics) [PSYoungGen: 67633K->0K(175104K)] [ParOldGen: 467285K->54896K(524288K)] 534918K->54896K(699392K), [Metaspace: 44545K->44545K(1087488K)], 0.0570705 secs] [Times: user=0.38 sys=0.02, real=0.05 secs] 
2016-09-24T00:13:51.858-0400: 207.132: [GC (GCLocker Initiated GC) [PSYoungGen: 88064K->86406K(175104K)] 149245K->171887K(699392K), 0.0096062 secs] [Times: user=0.14 sys=0.00, real=0.01 secs] 
2016-09-24T00:13:51.992-0400: 207.265: [GC (Allocation Failure) [PSYoungGen: 174470K->67597K(175104K)] 259981K->190302K(699392K), 0.0105325 secs] [Times: user=0.15 sys=0.00, real=0.02 secs] 
2016-09-24T00:13:52.096-0400: 207.370: [GC (GCLocker Initiated GC) [PSYoungGen: 155661K->85854K(175104K)] 278367K->263387K(699392K), 0.0122614 secs] [Times: user=0.18 sys=0.00, real=0.01 secs] 
2016-09-24T00:13:52.222-0400: 207.496: [GC (GCLocker Initiated GC) [PSYoungGen: 173918K->86182K(175104K)] 351487K->306607K(699392K), 0.0114622 secs] [Times: user=0.17 sys=0.00, real=0.00 secs] 
2016-09-24T00:13:52.346-0400: 207.620: [GC (GCLocker Initiated GC) [PSYoungGen: 174246K->67337K(175104K)] 394741K->300282K(699392K), 0.0083326 secs] [Times: user=0.09 sys=0.00, real=0.01 secs] 
2016-09-24T00:13:52.457-0400: 207.731: [GC (GCLocker Initiated GC) [PSYoungGen: 155401K->86018K(175104K)] 388500K->386093K(699392K), 0.0133803 secs] [Times: user=0.19 sys=0.00, real=0.01 secs] 
2016-09-24T00:13:52.606-0400: 207.880: [GC (Allocation Failure) [PSYoungGen: 174082K->37777K(175104K)] 492716K->399212K(699392K), 0.0100984 secs] [Times: user=0.12 sys=0.00, real=0.01 secs] 
2016-09-24T00:13:52.735-0400: 208.008: [GC (GCLocker Initiated GC) [PSYoungGen: 125841K->73608K(175104K)] 487281K->435315K(699392K), 0.0135315 secs] [Times: user=0.15 sys=0.00, real=0.01 secs] 
2016-09-24T00:13:52.904-0400: 208.178: [GC (GCLocker Initiated GC) [PSYoungGen: 161672K->37158K(175104K)] 530202K->442266K(699392K), 0.0147297 secs] [Times: user=0.20 sys=0.00, real=0.01 secs] 
2016-09-24T00:13:53.041-0400: 208.315: [GC (GCLocker Initiated GC) [PSYoungGen: 125222K->74000K(175104K)] 536597K->485683K(699392K), 0.0075244 secs] [Times: user=0.10 sys=0.00, real=0.01 secs] 
2016-09-24T00:13:53.141-0400: 208.414: [GC (GCLocker Initiated GC) [PSYoungGen: 162064K->85790K(175104K)] 573794K->503731K(699392K), 0.0083896 secs] [Times: user=0.10 sys=0.00, real=0.01 secs] 
2016-09-24T00:13:53.256-0400: 208.530: [GC (GCLocker Initiated GC) [PSYoungGen: 173854K->85790K(175104K)] 591893K->552729K(699392K), 0.0120951 secs] [Times: user=0.20 sys=0.00, real=0.01 secs] 
2016-09-24T00:13:53.268-0400: 208.542: [Full GC (Ergonomics) [PSYoungGen: 85790K->0K(175104K)] [ParOldGen: 466939K->53132K(524288K)] 552729K->53132K(699392K), [Metaspace: 44545K->44545K(1087488K)], 0.0648951 secs] [Times: user=0.74 sys=0.00, real=0.06 secs] 
2016-09-24T00:13:53.428-0400: 208.702: [GC (GCLocker Initiated GC) [PSYoungGen: 88064K->86274K(175104K)] 141233K->163743K(699392K), 0.0111474 secs] [Times: user=0.17 sys=0.00, real=0.01 secs] 
2016-09-24T00:13:53.532-0400: 208.806: [GC (GCLocker Initiated GC) [PSYoungGen: 174338K->79943K(175104K)] 251971K->212863K(699392K), 0.0122971 secs] [Times: user=0.19 sys=0.00, real=0.02 secs] 
2016-09-24T00:13:53.665-0400: 208.939: [GC (GCLocker Initiated GC) [PSYoungGen: 168007K->85854K(175104K)] 301036K->280113K(699392K), 0.0128005 secs] [Times: user=0.20 sys=0.00, real=0.01 secs] 
2016-09-24T00:13:53.792-0400: 209.066: [GC (Allocation Failure) [PSYoungGen: 173918K->86314K(175104K)] 368213K->323442K(699392K), 0.0113456 secs] [Times: user=0.16 sys=0.00, real=0.02 secs] 
2016-09-24T00:13:53.917-0400: 209.190: [GC (Allocation Failure) [PSYoungGen: 174020K->55283K(175104K)] 411148K->365814K(699392K), 0.0111832 secs] [Times: user=0.18 sys=0.00, real=0.01 secs] 
2016-09-24T00:13:54.030-0400: 209.304: [GC (GCLocker Initiated GC) [PSYoungGen: 143347K->86150K(175104K)] 453884K->402913K(699392K), 0.0103584 secs] [Times: user=0.15 sys=0.00, real=0.01 secs] 
2016-09-24T00:13:54.185-0400: 209.459: [GC (GCLocker Initiated GC) [PSYoungGen: 174214K->55351K(175104K)] 491080K->390758K(699392K), 0.0102792 secs] [Times: user=0.16 sys=0.00, real=0.01 secs] 
2016-09-24T00:13:54.295-0400: 209.569: [GC (GCLocker Initiated GC) [PSYoungGen: 143415K->85986K(175104K)] 479194K->446404K(699392K), 0.0143843 secs] [Times: user=0.22 sys=0.00, real=0.01 secs] 
2016-09-24T00:13:54.436-0400: 209.710: [GC (GCLocker Initiated GC) [PSYoungGen: 174050K->85986K(175104K)] 534830K->489418K(699392K), 0.0120493 secs] [Times: user=0.17 sys=0.00, real=0.01 secs] 
2016-09-24T00:13:54.560-0400: 209.834: [GC (GCLocker Initiated GC) [PSYoungGen: 174050K->18709K(175104K)] 589660K->434570K(699392K), 0.0064719 secs] [Times: user=0.09 sys=0.00, real=0.01 secs] 
2016-09-24T00:13:54.689-0400: 209.962: [GC (GCLocker Initiated GC) [PSYoungGen: 106773K->37158K(175104K)] 541058K->471579K(699392K), 0.0104788 secs] [Times: user=0.13 sys=0.00, real=0.01 secs] 
2016-09-24T00:13:54.812-0400: 210.086: [GC (GCLocker Initiated GC) [PSYoungGen: 125222K->86182K(175104K)] 559904K->563556K(699392K), 0.0120278 secs] [Times: user=0.18 sys=0.00, real=0.02 secs] 
2016-09-24T00:13:54.824-0400: 210.098: [Full GC (Ergonomics) [PSYoungGen: 86182K->0K(175104K)] [ParOldGen: 477374K->53359K(524288K)] 563556K->53359K(699392K), [Metaspace: 44545K->44545K(1087488K)], 0.0484210 secs] [Times: user=0.41 sys=0.01, real=0.04 secs] 
2016-09-24T00:13:54.988-0400: 210.261: [GC (GCLocker Initiated GC) [PSYoungGen: 88064K->86342K(175104K)] 147550K->151903K(699392K), 0.0077047 secs] [Times: user=0.08 sys=0.00, real=0.01 secs] 
2016-09-24T00:13:55.091-0400: 210.365: [GC (GCLocker Initiated GC) [PSYoungGen: 174406K->67565K(175104K)] 240137K->207104K(699392K), 0.0204901 secs] [Times: user=0.29 sys=0.00, real=0.02 secs] 
2016-09-24T00:13:55.268-0400: 210.542: [GC (GCLocker Initiated GC) [PSYoungGen: 155629K->37322K(175104K)] 313659K->213869K(699392K), 0.0098622 secs] [Times: user=0.10 sys=0.00, real=0.01 secs] 
2016-09-24T00:13:55.438-0400: 210.711: [GC (GCLocker Initiated GC) [PSYoungGen: 125386K->85434K(175104K)] 308056K->274462K(699392K), 0.0372420 secs] [Times: user=0.41 sys=0.01, real=0.04 secs] 
2016-09-24T00:13:55.613-0400: 210.887: [GC (GCLocker Initiated GC) [PSYoungGen: 173498K->48984K(175104K)] 368728K->268625K(699392K), 0.0107142 secs] [Times: user=0.09 sys=0.01, real=0.02 secs] 
2016-09-24T00:13:55.707-0400: 210.981: [GC (GCLocker Initiated GC) [PSYoungGen: 137048K->73704K(175104K)] 356860K->342260K(699392K), 0.0110309 secs] [Times: user=0.10 sys=0.00, real=0.01 secs] 
2016-09-24T00:13:55.857-0400: 211.130: [GC (GCLocker Initiated GC) [PSYoungGen: 161768K->86118K(175104K)] 430372K->397398K(699392K), 0.0176185 secs] [Times: user=0.24 sys=0.00, real=0.02 secs] 
2016-09-24T00:13:55.981-0400: 211.254: [GC (GCLocker Initiated GC) [PSYoungGen: 174182K->31083K(175104K)] 485464K->421812K(699392K), 0.0187251 secs] [Times: user=0.21 sys=0.00, real=0.02 secs] 
2016-09-24T00:13:56.104-0400: 211.377: [GC (GCLocker Initiated GC) [PSYoungGen: 119147K->43009K(175104K)] 516155K->458322K(699392K), 0.0099867 secs] [Times: user=0.05 sys=0.01, real=0.00 secs] 
2016-09-24T00:13:56.248-0400: 211.522: [GC (GCLocker Initiated GC) [PSYoungGen: 131073K->55415K(175104K)] 558690K->519626K(699392K), 0.0103749 secs] [Times: user=0.13 sys=0.01, real=0.01 secs] 
2016-09-24T00:13:56.258-0400: 211.532: [Full GC (Ergonomics) [PSYoungGen: 55415K->0K(175104K)] [ParOldGen: 464211K->53370K(524288K)] 519626K->53370K(699392K), [Metaspace: 44545K->44545K(1087488K)], 0.0601730 secs] [Times: user=0.39 sys=0.01, real=0.06 secs] 
2016-09-24T00:13:56.431-0400: 211.705: [GC (Allocation Failure) [PSYoungGen: 88064K->86078K(175104K)] 147685K->151774K(699392K), 0.0098873 secs] [Times: user=0.12 sys=0.00, real=0.01 secs] 
2016-09-24T00:13:56.561-0400: 211.835: [GC (GCLocker Initiated GC) [PSYoungGen: 174142K->86150K(175104K)] 239844K->176723K(699392K), 0.0101265 secs] [Times: user=0.10 sys=0.00, real=0.01 secs] 
2016-09-24T00:13:56.698-0400: 211.971: [GC (GCLocker Initiated GC) [PSYoungGen: 174214K->30923K(175104K)] 277293K->164612K(699392K), 0.0214406 secs] [Times: user=0.17 sys=0.01, real=0.02 secs] 
2016-09-24T00:13:56.847-0400: 212.121: [GC (GCLocker Initiated GC) [PSYoungGen: 118987K->79655K(175104K)] 252719K->213482K(699392K), 0.0319335 secs] [Times: user=0.29 sys=0.00, real=0.03 secs] 
2016-09-24T00:13:57.034-0400: 212.308: [GC (GCLocker Initiated GC) [PSYoungGen: 167719K->43073K(175104K)] 301897K->226102K(699392K), 0.0233298 secs] [Times: user=0.21 sys=0.00, real=0.02 secs] 
2016-09-24T00:13:57.156-0400: 212.430: [GC (GCLocker Initiated GC) [PSYoungGen: 131137K->79587K(175104K)] 314421K->275304K(699392K), 0.0250999 secs] [Times: user=0.25 sys=0.00, real=0.02 secs] 
2016-09-24T00:13:57.309-0400: 212.583: [GC (GCLocker Initiated GC) [PSYoungGen: 167651K->37681K(175104K)] 375689K->312680K(699392K), 0.0223277 secs] [Times: user=0.29 sys=0.00, real=0.02 secs] 
2016-09-24T00:13:57.452-0400: 212.725: [GC (GCLocker Initiated GC) [PSYoungGen: 125745K->55091K(175104K)] 413604K->361777K(699392K), 0.0092236 secs] [Times: user=0.06 sys=0.00, real=0.01 secs] 
2016-09-24T00:13:57.577-0400: 212.851: [GC (GCLocker Initiated GC) [PSYoungGen: 143155K->85854K(175104K)] 449900K->465674K(699392K), 0.0147518 secs] [Times: user=0.22 sys=0.00, real=0.01 secs] 
2016-09-24T00:13:57.688-0400: 212.962: [GC (Allocation Failure) [PSYoungGen: 173918K->67533K(175104K)] 560090K->514919K(699392K), 0.0207096 secs] [Times: user=0.26 sys=0.00, real=0.02 secs] 
2016-09-24T00:13:57.709-0400: 212.983: [Full GC (Ergonomics) [PSYoungGen: 67533K->0K(175104K)] [ParOldGen: 447386K->53389K(524288K)] 514919K->53389K(699392K), [Metaspace: 44548K->44548K(1087488K)], 0.0571113 secs] [Times: user=0.37 sys=0.00, real=0.06 secs] 
2016-09-24T00:13:57.900-0400: 213.174: [GC (GCLocker Initiated GC) [PSYoungGen: 88064K->86210K(175104K)] 141459K->145680K(699392K), 0.0091019 secs] [Times: user=0.13 sys=0.00, real=0.01 secs] 
2016-09-24T00:13:58.033-0400: 213.306: [GC (Allocation Failure) [PSYoungGen: 174274K->85954K(175104K)] 233803K->170355K(699392K), 0.0105040 secs] [Times: user=0.12 sys=0.00, real=0.02 secs] 
2016-09-24T00:13:58.150-0400: 213.424: [GC (GCLocker Initiated GC) [PSYoungGen: 174018K->55415K(175104K)] 258420K->195035K(699392K), 0.0095317 secs] [Times: user=0.14 sys=0.00, real=0.01 secs] 
2016-09-24T00:13:58.292-0400: 213.565: [GC (GCLocker Initiated GC) [PSYoungGen: 143479K->74132K(175104K)] 289530K->238715K(699392K), 0.0079308 secs] [Times: user=0.11 sys=0.00, real=0.01 secs] 
2016-09-24T00:13:58.437-0400: 213.711: [GC (Allocation Failure) [PSYoungGen: 162196K->73672K(175104K)] 332980K->263168K(699392K), 0.0141822 secs] [Times: user=0.19 sys=0.00, real=0.01 secs] 
2016-09-24T00:13:58.452-0400: 213.726: [GC (GCLocker Initiated GC) [PSYoungGen: 74272K->160K(175104K)] 263769K->275085K(699392K), 0.0093677 secs] [Times: user=0.15 sys=0.00, real=0.01 secs] 
2016-09-24T00:13:58.571-0400: 213.845: [GC (GCLocker Initiated GC) [PSYoungGen: 88224K->86342K(175104K)] 363150K->385592K(699392K), 0.0101669 secs] [Times: user=0.13 sys=0.00, real=0.01 secs] 
2016-09-24T00:13:58.699-0400: 213.973: [GC (Allocation Failure) [PSYoungGen: 174406K->37190K(175104K)] 485977K->422725K(699392K), 0.0118706 secs] [Times: user=0.15 sys=0.01, real=0.01 secs] 
2016-09-24T00:13:58.845-0400: 214.119: [GC (GCLocker Initiated GC) [PSYoungGen: 125254K->85854K(175104K)] 510800K->496000K(699392K), 0.0113676 secs] [Times: user=0.17 sys=0.01, real=0.01 secs] 
2016-09-24T00:13:58.978-0400: 214.252: [Full GC (Ergonomics) [PSYoungGen: 173918K->0K(175104K)] [ParOldGen: 422646K->53468K(524288K)] 596564K->53468K(699392K), [Metaspace: 44548K->44548K(1087488K)], 0.0538623 secs] [Times: user=0.37 sys=0.00, real=0.05 secs] 
2016-09-24T00:13:59.136-0400: 214.409: [GC (GCLocker Initiated GC) [PSYoungGen: 88064K->86438K(175104K)] 141731K->146181K(699392K), 0.0255295 secs] [Times: user=0.31 sys=0.00, real=0.02 secs] 
2016-09-24T00:13:59.282-0400: 214.556: [GC (Allocation Failure) [PSYoungGen: 174502K->61262K(175104K)] 234393K->170424K(699392K), 0.0129674 secs] [Times: user=0.08 sys=0.00, real=0.01 secs] 
2016-09-24T00:13:59.402-0400: 214.676: [GC (GCLocker Initiated GC) [PSYoungGen: 148622K->67697K(175104K)] 263860K->213437K(699392K), 0.0111262 secs] [Times: user=0.11 sys=0.00, real=0.00 secs] 
2016-09-24T00:13:59.554-0400: 214.828: [GC (GCLocker Initiated GC) [PSYoungGen: 155761K->1003K(175104K)] 319756K->201872K(699392K), 0.0255878 secs] [Times: user=0.33 sys=0.01, real=0.02 secs] 
2016-09-24T00:13:59.689-0400: 214.962: [GC (Allocation Failure) [PSYoungGen: 89067K->79683K(175104K)] 296042K->286932K(699392K), 0.0087559 secs] [Times: user=0.13 sys=0.00, real=0.01 secs] 
2016-09-24T00:13:59.818-0400: 215.092: [GC (GCLocker Initiated GC) [PSYoungGen: 163440K->55579K(175104K)] 376765K->329797K(699392K), 0.0108785 secs] [Times: user=0.17 sys=0.01, real=0.01 secs] 
2016-09-24T00:13:59.945-0400: 215.219: [GC (GCLocker Initiated GC) [PSYoungGen: 143643K->55319K(175104K)] 423945K->336068K(699392K), 0.0089911 secs] [Times: user=0.10 sys=0.00, real=0.00 secs] 
2016-09-24T00:14:00.065-0400: 215.339: [GC (GCLocker Initiated GC) [PSYoungGen: 143383K->55383K(175104K)] 430478K->361003K(699392K), 0.0164419 secs] [Times: user=0.20 sys=0.00, real=0.01 secs] 
2016-09-24T00:14:00.218-0400: 215.491: [GC (GCLocker Initiated GC) [PSYoungGen: 143447K->79947K(175104K)] 449277K->386052K(699392K), 0.0137377 secs] [Times: user=0.14 sys=0.00, real=0.01 secs] 
2016-09-24T00:14:00.344-0400: 215.618: [GC (GCLocker Initiated GC) [PSYoungGen: 168011K->79715K(175104K)] 474198K->441229K(699392K), 0.0115069 secs] [Times: user=0.18 sys=0.00, real=0.01 secs] 
2016-09-24T00:14:00.475-0400: 215.749: [GC (GCLocker Initiated GC) [PSYoungGen: 167779K->85986K(175104K)] 529654K->502852K(699392K), 0.0120402 secs] [Times: user=0.17 sys=0.01, real=0.01 secs] 
2016-09-24T00:14:00.616-0400: 215.890: [GC (GCLocker Initiated GC) [PSYoungGen: 174050K->73640K(175104K)] 597256K->515363K(699392K), 0.0145770 secs] [Times: user=0.20 sys=0.00, real=0.01 secs] 
2016-09-24T00:14:00.631-0400: 215.905: [Full GC (Ergonomics) [PSYoungGen: 73640K->0K(175104K)] [ParOldGen: 441723K->53697K(524288K)] 515363K->53697K(699392K), [Metaspace: 44548K->44548K(1087488K)], 0.0549157 secs] [Times: user=0.57 sys=0.00, real=0.06 secs] 
2016-09-24T00:14:00.799-0400: 216.072: [GC (GCLocker Initiated GC) [PSYoungGen: 88064K->86114K(175104K)] 147872K->158072K(699392K), 0.0135222 secs] [Times: user=0.16 sys=0.00, real=0.01 secs] 
2016-09-24T00:14:00.914-0400: 216.187: [GC (GCLocker Initiated GC) [PSYoungGen: 174178K->61522K(175104K)] 246397K->225602K(699392K), 0.0147813 secs] [Times: user=0.23 sys=0.00, real=0.02 secs] 
2016-09-24T00:14:01.046-0400: 216.320: [GC (GCLocker Initiated GC) [PSYoungGen: 149586K->85854K(175104K)] 313814K->280765K(699392K), 0.0099555 secs] [Times: user=0.15 sys=0.00, real=0.01 secs] 
2016-09-24T00:14:01.200-0400: 216.474: [GC (GCLocker Initiated GC) [PSYoungGen: 173918K->43301K(175104K)] 374940K->305373K(699392K), 0.0102045 secs] [Times: user=0.12 sys=0.00, real=0.01 secs] 
2016-09-24T00:14:01.303-0400: 216.577: [GC (GCLocker Initiated GC) [PSYoungGen: 131365K->79879K(175104K)] 399650K->403319K(699392K), 0.0122850 secs] [Times: user=0.20 sys=0.00, real=0.01 secs] 
2016-09-24T00:14:01.458-0400: 216.732: [GC (GCLocker Initiated GC) [PSYoungGen: 167943K->55219K(175104K)] 497813K->440088K(699392K), 0.0132652 secs] [Times: user=0.20 sys=0.01, real=0.01 secs] 
2016-09-24T00:14:01.578-0400: 216.851: [GC (GCLocker Initiated GC) [PSYoungGen: 143283K->85758K(175104K)] 528272K->489076K(699392K), 0.0096227 secs] [Times: user=0.15 sys=0.00, real=0.01 secs] 
2016-09-24T00:14:01.702-0400: 216.976: [GC (GCLocker Initiated GC) [PSYoungGen: 173822K->73608K(175104K)] 577345K->513864K(699392K), 0.0174473 secs] [Times: user=0.21 sys=0.00, real=0.02 secs] 
2016-09-24T00:14:01.720-0400: 216.993: [Full GC (Ergonomics) [PSYoungGen: 73608K->0K(175104K)] [ParOldGen: 440256K->47598K(524288K)] 513864K->47598K(699392K), [Metaspace: 44548K->44548K(1087488K)], 0.0444707 secs] [Times: user=0.39 sys=0.00, real=0.05 secs] 
2016-09-24T00:14:01.852-0400: 217.125: [GC (GCLocker Initiated GC) [PSYoungGen: 88064K->86110K(175104K)] 135688K->182334K(699392K), 0.0118133 secs] [Times: user=0.18 sys=0.00, real=0.02 secs] 
2016-09-24T00:14:01.998-0400: 217.271: [GC (GCLocker Initiated GC) [PSYoungGen: 174174K->25267K(175104K)] 276684K->183048K(699392K), 0.0149891 secs] [Times: user=0.17 sys=0.00, real=0.01 secs] 
2016-09-24T00:14:02.112-0400: 217.386: [GC (GCLocker Initiated GC) [PSYoungGen: 113331K->55415K(175104K)] 277480K->244311K(699392K), 0.0092962 secs] [Times: user=0.14 sys=0.00, real=0.01 secs] 
2016-09-24T00:14:02.247-0400: 217.521: [GC (GCLocker Initiated GC) [PSYoungGen: 143479K->85954K(175104K)] 338548K->311721K(699392K), 0.0122028 secs] [Times: user=0.21 sys=0.01, real=0.01 secs] 
2016-09-24T00:14:02.404-0400: 217.678: [GC (GCLocker Initiated GC) [PSYoungGen: 174018K->55383K(175104K)] 406210K->318545K(699392K), 0.0117685 secs] [Times: user=0.14 sys=0.00, real=0.01 secs] 
2016-09-24T00:14:02.552-0400: 217.826: [GC (GCLocker Initiated GC) [PSYoungGen: 143447K->73772K(175104K)] 406982K->355675K(699392K), 0.0109144 secs] [Times: user=0.15 sys=0.00, real=0.02 secs] 
2016-09-24T00:14:02.677-0400: 217.950: [GC (GCLocker Initiated GC) [PSYoungGen: 161836K->85790K(175104K)] 443910K->422682K(699392K), 0.0113294 secs] [Times: user=0.17 sys=0.00, real=0.01 secs] 
2016-09-24T00:14:02.823-0400: 218.096: [GC (GCLocker Initiated GC) [PSYoungGen: 173854K->73676K(175104K)] 511029K->423080K(699392K), 0.0131736 secs] [Times: user=0.13 sys=0.00, real=0.01 secs] 
2016-09-24T00:14:02.934-0400: 218.207: [GC (GCLocker Initiated GC) [PSYoungGen: 161740K->85726K(175104K)] 511511K->460113K(699392K), 0.0128965 secs] [Times: user=0.15 sys=0.00, real=0.02 secs] 
2016-09-24T00:14:03.073-0400: 218.346: [GC (GCLocker Initiated GC) [PSYoungGen: 173790K->73836K(175104K)] 554317K->503115K(699392K), 0.0131532 secs] [Times: user=0.18 sys=0.01, real=0.02 secs] 
2016-09-24T00:14:03.207-0400: 218.480: [GC (Allocation Failure) [PSYoungGen: 161900K->37126K(175104K)] 603583K->533799K(699392K), 0.0086099 secs] [Times: user=0.10 sys=0.00, real=0.01 secs] 
2016-09-24T00:14:03.215-0400: 218.489: [Full GC (Ergonomics) [PSYoungGen: 37126K->0K(175104K)] [ParOldGen: 496673K->47826K(524288K)] 533799K->47826K(699392K), [Metaspace: 44548K->44548K(1087488K)], 0.0470117 secs] [Times: user=0.37 sys=0.00, real=0.05 secs] 
2016-09-24T00:14:03.368-0400: 218.642: [GC (GCLocker Initiated GC) [PSYoungGen: 88063K->85790K(175104K)] 135895K->145772K(699392K), 0.0120665 secs] [Times: user=0.12 sys=0.00, real=0.01 secs] 
2016-09-24T00:14:03.503-0400: 218.777: [GC (GCLocker Initiated GC) [PSYoungGen: 173854K->55775K(175104K)] 240233K->213595K(699392K), 0.0129884 secs] [Times: user=0.19 sys=0.01, real=0.01 secs] 
2016-09-24T00:14:03.620-0400: 218.893: [GC (GCLocker Initiated GC) [PSYoungGen: 143839K->85854K(175104K)] 301779K->298769K(699392K), 0.0107053 secs] [Times: user=0.17 sys=0.00, real=0.01 secs] 
2016-09-24T00:14:03.735-0400: 219.009: [GC (GCLocker Initiated GC) [PSYoungGen: 173918K->67629K(175104K)] 386936K->347624K(699392K), 0.0111553 secs] [Times: user=0.12 sys=0.01, real=0.01 secs] 
2016-09-24T00:14:03.870-0400: 219.144: [GC (GCLocker Initiated GC) [PSYoungGen: 155693K->86150K(175104K)] 435853K->415234K(699392K), 0.0117226 secs] [Times: user=0.14 sys=0.00, real=0.01 secs] 
2016-09-24T00:14:04.008-0400: 219.282: [GC (Allocation Failure) [PSYoungGen: 174214K->85822K(175104K)] 503373K->482442K(699392K), 0.0137000 secs] [Times: user=0.20 sys=0.00, real=0.01 secs] 
2016-09-24T00:14:04.138-0400: 219.412: [GC (GCLocker Initiated GC) [PSYoungGen: 173886K->79779K(175104K)] 570507K->525315K(699392K), 0.0119766 secs] [Times: user=0.18 sys=0.00, real=0.01 secs] 
2016-09-24T00:14:04.150-0400: 219.424: [Full GC (Ergonomics) [PSYoungGen: 79779K->0K(175104K)] [ParOldGen: 445536K->54302K(524288K)] 525315K->54302K(699392K), [Metaspace: 44548K->44548K(1087488K)], 0.0496745 secs] [Times: user=0.49 sys=0.00, real=0.05 secs] 
2016-09-24T00:14:04.317-0400: 219.591: [GC (GCLocker Initiated GC) [PSYoungGen: 88064K->86374K(175104K)] 148662K->153047K(699392K), 0.0099380 secs] [Times: user=0.15 sys=0.00, real=0.01 secs] 
2016-09-24T00:14:04.455-0400: 219.729: [GC (GCLocker Initiated GC) [PSYoungGen: 174438K->73736K(175104K)] 247526K->202235K(699392K), 0.0122750 secs] [Times: user=0.19 sys=0.00, real=0.01 secs] 
2016-09-24T00:14:04.599-0400: 219.873: [GC (Allocation Failure) [PSYoungGen: 161800K->37453K(175104K)] 291051K->185230K(699392K), 0.0098967 secs] [Times: user=0.15 sys=0.00, real=0.01 secs] 
2016-09-24T00:14:04.696-0400: 219.970: [GC (GCLocker Initiated GC) [PSYoungGen: 122845K->74000K(175104K)] 276696K->227994K(699392K), 0.0075550 secs] [Times: user=0.11 sys=0.00, real=0.01 secs] 
2016-09-24T00:14:04.847-0400: 220.121: [GC (GCLocker Initiated GC) [PSYoungGen: 162064K->49340K(175104K)] 322159K->227756K(699392K), 0.0082167 secs] [Times: user=0.09 sys=0.00, real=0.01 secs] 
2016-09-24T00:14:04.988-0400: 220.261: [GC (GCLocker Initiated GC) [PSYoungGen: 137404K->74100K(175104K)] 316114K->289592K(699392K), 0.0105232 secs] [Times: user=0.17 sys=0.00, real=0.01 secs] 
2016-09-24T00:14:05.112-0400: 220.386: [GC (GCLocker Initiated GC) [PSYoungGen: 162164K->55123K(175104K)] 383829K->295296K(699392K), 0.0130758 secs] [Times: user=0.14 sys=0.00, real=0.02 secs] 
2016-09-24T00:14:05.281-0400: 220.554: [GC (Allocation Failure) [PSYoungGen: 143187K->43009K(175104K)] 395854K->307906K(699392K), 0.0346010 secs] [Times: user=0.35 sys=0.00, real=0.04 secs] 
2016-09-24T00:14:05.424-0400: 220.698: [GC (GCLocker Initiated GC) [PSYoungGen: 129617K->55547K(175104K)] 400589K->326802K(699392K), 0.0089074 secs] [Times: user=0.10 sys=0.00, real=0.00 secs] 
2016-09-24T00:14:05.537-0400: 220.811: [GC (GCLocker Initiated GC) [PSYoungGen: 143611K->55283K(175104K)] 415070K->363531K(699392K), 0.0100785 secs] [Times: user=0.16 sys=0.00, real=0.01 secs] 
2016-09-24T00:14:05.659-0400: 220.933: [GC (GCLocker Initiated GC) [PSYoungGen: 143347K->73968K(175104K)] 451833K->400798K(699392K), 0.0096951 secs] [Times: user=0.15 sys=0.00, real=0.01 secs] 
2016-09-24T00:14:05.781-0400: 221.054: [GC (GCLocker Initiated GC) [PSYoungGen: 162032K->85758K(175104K)] 488966K->413319K(699392K), 0.0100757 secs] [Times: user=0.16 sys=0.01, real=0.01 secs] 
2016-09-24T00:14:05.911-0400: 221.185: [GC (GCLocker Initiated GC) [PSYoungGen: 173822K->61490K(175104K)] 501666K->438101K(699392K), 0.0105676 secs] [Times: user=0.16 sys=0.00, real=0.01 secs] 
2016-09-24T00:14:06.048-0400: 221.322: [GC (GCLocker Initiated GC) [PSYoungGen: 149554K->43169K(175104K)] 538469K->444494K(699392K), 0.0083942 secs] [Times: user=0.07 sys=0.00, real=0.01 secs] 
2016-09-24T00:14:06.171-0400: 221.445: [GC (GCLocker Initiated GC) [PSYoungGen: 131233K->73836K(175104K)] 532913K->518372K(699392K), 0.0121529 secs] [Times: user=0.16 sys=0.01, real=0.02 secs] 
2016-09-24T00:14:06.183-0400: 221.457: [Full GC (Ergonomics) [PSYoungGen: 73836K->0K(175104K)] [ParOldGen: 444536K->48061K(524288K)] 518372K->48061K(699392K), [Metaspace: 44559K->44559K(1087488K)], 0.0493754 secs] [Times: user=0.42 sys=0.00, real=0.04 secs] 
2016-09-24T00:14:06.355-0400: 221.629: [GC (GCLocker Initiated GC) [PSYoungGen: 88064K->73708K(175104K)] 142528K->128172K(699392K), 0.0087507 secs] [Times: user=0.13 sys=0.00, real=0.01 secs] 
2016-09-24T00:14:06.500-0400: 221.774: [GC (GCLocker Initiated GC) [PSYoungGen: 161772K->55447K(175104K)] 222577K->134932K(699392K), 0.0096092 secs] [Times: user=0.09 sys=0.00, real=0.01 secs] 
2016-09-24T00:14:06.632-0400: 221.905: [GC (GCLocker Initiated GC) [PSYoungGen: 143511K->85790K(175104K)] 223302K->220407K(699392K), 0.0139307 secs] [Times: user=0.17 sys=0.01, real=0.02 secs] 
2016-09-24T00:14:06.762-0400: 222.036: [GC (GCLocker Initiated GC) [PSYoungGen: 173854K->31346K(175104K)] 314901K->202889K(699392K), 0.0089645 secs] [Times: user=0.06 sys=0.01, real=0.00 secs] 
2016-09-24T00:14:06.881-0400: 222.155: [GC (GCLocker Initiated GC) [PSYoungGen: 119410K->85726K(175104K)] 297177K->276089K(699392K), 0.0183411 secs] [Times: user=0.23 sys=0.00, real=0.02 secs] 
2016-09-24T00:14:07.020-0400: 222.294: [GC (GCLocker Initiated GC) [PSYoungGen: 173790K->55447K(175104K)] 370803K->307271K(699392K), 0.0113050 secs] [Times: user=0.16 sys=0.00, real=0.01 secs] 
2016-09-24T00:14:07.173-0400: 222.446: [GC (GCLocker Initiated GC) [PSYoungGen: 143511K->43169K(175104K)] 401580K->301522K(699392K), 0.0287177 secs] [Times: user=0.36 sys=0.00, real=0.03 secs] 
2016-09-24T00:14:07.302-0400: 222.576: [GC (GCLocker Initiated GC) [PSYoungGen: 131233K->73540K(175104K)] 389604K->356511K(699392K), 0.0129576 secs] [Times: user=0.18 sys=0.00, real=0.01 secs] 
2016-09-24T00:14:07.439-0400: 222.713: [GC (GCLocker Initiated GC) [PSYoungGen: 161604K->73772K(175104K)] 456930K->369225K(699392K), 0.0178825 secs] [Times: user=0.25 sys=0.00, real=0.02 secs] 
2016-09-24T00:14:07.559-0400: 222.833: [GC (GCLocker Initiated GC) [PSYoungGen: 161836K->67501K(175104K)] 457291K->381472K(699392K), 0.0103910 secs] [Times: user=0.09 sys=0.00, real=0.01 secs] 
2016-09-24T00:14:07.693-0400: 222.967: [GC (GCLocker Initiated GC) [PSYoungGen: 155565K->73708K(175104K)] 469802K->424678K(699392K), 0.0195253 secs] [Times: user=0.21 sys=0.00, real=0.02 secs] 
2016-09-24T00:14:07.869-0400: 223.143: [GC (GCLocker Initiated GC) [PSYoungGen: 161772K->36930K(175104K)] 512744K->388522K(699392K), 0.0063954 secs] [Times: user=0.10 sys=0.00, real=0.01 secs] 
2016-09-24T00:14:07.980-0400: 223.253: [GC (GCLocker Initiated GC) [PSYoungGen: 124994K->73444K(175104K)] 476947K->425548K(699392K), 0.0101711 secs] [Times: user=0.15 sys=0.00, real=0.01 secs] 
2016-09-24T00:14:08.095-0400: 223.369: [GC (GCLocker Initiated GC) [PSYoungGen: 161508K->73672K(175104K)] 513642K->444174K(699392K), 0.0105608 secs] [Times: user=0.17 sys=0.00, real=0.01 secs] 
2016-09-24T00:14:08.218-0400: 223.492: [GC (GCLocker Initiated GC) [PSYoungGen: 161736K->73868K(175104K)] 544609K->475281K(699392K), 0.0099100 secs] [Times: user=0.12 sys=0.00, real=0.01 secs] 
2016-09-24T00:14:08.324-0400: 223.598: [GC (GCLocker Initiated GC) [PSYoungGen: 161932K->80075K(175104K)] 563685K->481955K(699392K), 0.0095264 secs] [Times: user=0.11 sys=0.00, real=0.00 secs] 
2016-09-24T00:14:08.463-0400: 223.737: [GC (GCLocker Initiated GC) [PSYoungGen: 168139K->73608K(175104K)] 570251K->512634K(699392K), 0.0368804 secs] [Times: user=0.46 sys=0.00, real=0.03 secs] 
2016-09-24T00:14:08.608-0400: 223.882: [GC (GCLocker Initiated GC) [PSYoungGen: 161672K->55547K(175104K)] 607083K->519295K(699392K), 0.0131830 secs] [Times: user=0.17 sys=0.00, real=0.01 secs] 
2016-09-24T00:14:08.736-0400: 224.010: [Full GC (Ergonomics) [PSYoungGen: 143611K->0K(175104K)] [ParOldGen: 470038K->54404K(524288K)] 613649K->54404K(699392K), [Metaspace: 44559K->44559K(1087488K)], 0.0477221 secs] [Times: user=0.43 sys=0.00, real=0.05 secs] 
2016-09-24T00:14:08.893-0400: 224.167: [GC (GCLocker Initiated GC) [PSYoungGen: 88064K->85890K(175104K)] 142661K->146562K(699392K), 0.0101707 secs] [Times: user=0.16 sys=0.00, real=0.02 secs] 
2016-09-24T00:14:09.022-0400: 224.296: [GC (Allocation Failure) [PSYoungGen: 173954K->67629K(175104K)] 240883K->153434K(699392K), 0.0095529 secs] [Times: user=0.15 sys=0.00, real=0.00 secs] 
2016-09-24T00:14:09.155-0400: 224.428: [GC (GCLocker Initiated GC) [PSYoungGen: 155693K->73640K(175104K)] 241504K->196061K(699392K), 0.0105923 secs] [Times: user=0.15 sys=0.01, real=0.01 secs] 
2016-09-24T00:14:09.283-0400: 224.557: [GC (GCLocker Initiated GC) [PSYoungGen: 161704K->85626K(175104K)] 284172K->244860K(699392K), 0.0112720 secs] [Times: user=0.17 sys=0.00, real=0.01 secs] 
2016-09-24T00:14:09.397-0400: 224.670: [GC (GCLocker Initiated GC) [PSYoungGen: 173690K->86018K(175104K)] 333168K->306405K(699392K), 0.0120994 secs] [Times: user=0.19 sys=0.00, real=0.01 secs] 
2016-09-24T00:14:09.501-0400: 224.774: [GC (GCLocker Initiated GC) [PSYoungGen: 174082K->55611K(175104K)] 400573K->337092K(699392K), 0.0112064 secs] [Times: user=0.19 sys=0.00, real=0.01 secs] 
2016-09-24T00:14:09.627-0400: 224.901: [GC (GCLocker Initiated GC) [PSYoungGen: 143675K->73544K(175104K)] 425311K->355299K(699392K), 0.0108324 secs] [Times: user=0.10 sys=0.00, real=0.01 secs] 
2016-09-24T00:14:09.733-0400: 225.007: [GC (GCLocker Initiated GC) [PSYoungGen: 161608K->79783K(175104K)] 443618K->380129K(699392K), 0.0191053 secs] [Times: user=0.21 sys=0.01, real=0.02 secs] 
2016-09-24T00:14:09.876-0400: 225.150: [GC (GCLocker Initiated GC) [PSYoungGen: 167847K->49667K(175104K)] 474335K->387126K(699392K), 0.0193888 secs] [Times: user=0.20 sys=0.00, real=0.02 secs] 
2016-09-24T00:14:10.042-0400: 225.316: [GC (GCLocker Initiated GC) [PSYoungGen: 137731K->73608K(175104K)] 475513K->411672K(699392K), 0.0159902 secs] [Times: user=0.22 sys=0.00, real=0.01 secs] 
2016-09-24T00:14:10.179-0400: 225.453: [GC (Allocation Failure) [PSYoungGen: 161672K->73804K(175104K)] 499974K->430466K(699392K), 0.0098070 secs] [Times: user=0.14 sys=0.00, real=0.01 secs] 
2016-09-24T00:14:10.298-0400: 225.571: [GC (GCLocker Initiated GC) [PSYoungGen: 160519K->55679K(175104K)] 523257K->448895K(699392K), 0.0110997 secs] [Times: user=0.13 sys=0.00, real=0.01 secs] 
2016-09-24T00:14:10.418-0400: 225.692: [GC (GCLocker Initiated GC) [PSYoungGen: 143743K->73508K(175104K)] 537017K->515706K(699392K), 0.0106797 secs] [Times: user=0.16 sys=0.00, real=0.01 secs] 
2016-09-24T00:14:10.530-0400: 225.804: [GC (GCLocker Initiated GC) [PSYoungGen: 161572K->67637K(175104K)] 604114K->516358K(699392K), 0.0145935 secs] [Times: user=0.10 sys=0.00, real=0.02 secs] 
2016-09-24T00:14:10.650-0400: 225.924: [GC (Allocation Failure) [PSYoungGen: 155701K->55123K(175104K)] 610701K->547176K(699392K), 0.0105306 secs] [Times: user=0.10 sys=0.01, real=0.01 secs] 
2016-09-24T00:14:10.661-0400: 225.935: [Full GC (Ergonomics) [PSYoungGen: 55123K->0K(175104K)] [ParOldGen: 492053K->48169K(524288K)] 547176K->48169K(699392K), [Metaspace: 44559K->44559K(1087488K)], 0.0468200 secs] [Times: user=0.39 sys=0.00, real=0.05 secs] 
2016-09-24T00:14:10.812-0400: 226.086: [GC (GCLocker Initiated GC) [PSYoungGen: 88064K->86634K(175104K)] 136239K->177334K(699392K), 0.0115809 secs] [Times: user=0.19 sys=0.00, real=0.02 secs] 
2016-09-24T00:14:10.962-0400: 226.235: [GC (Allocation Failure) [PSYoungGen: 174698K->55383K(175104K)] 265658K->219995K(699392K), 0.0127137 secs] [Times: user=0.19 sys=0.01, real=0.02 secs] 
2016-09-24T00:14:11.086-0400: 226.360: [GC (GCLocker Initiated GC) [PSYoungGen: 143447K->61590K(175104K)] 308064K->244520K(699392K), 0.0189971 secs] [Times: user=0.20 sys=0.00, real=0.02 secs] 
2016-09-24T00:14:11.223-0400: 226.496: [GC (GCLocker Initiated GC) [PSYoungGen: 149653K->73640K(175104K)] 339014K->281517K(699392K), 0.0113082 secs] [Times: user=0.15 sys=0.00, real=0.00 secs] 
2016-09-24T00:14:11.361-0400: 226.635: [GC (GCLocker Initiated GC) [PSYoungGen: 161704K->55579K(175104K)] 369775K->282158K(699392K), 0.0074392 secs] [Times: user=0.09 sys=0.00, real=0.01 secs] 
2016-09-24T00:14:11.469-0400: 226.743: [GC (GCLocker Initiated GC) [PSYoungGen: 143643K->85822K(175104K)] 376441K->355362K(699392K), 0.0116206 secs] [Times: user=0.17 sys=0.00, real=0.01 secs] 
2016-09-24T00:14:11.606-0400: 226.879: [GC (GCLocker Initiated GC) [PSYoungGen: 173886K->43237K(175104K)] 455920K->361817K(699392K), 0.0179597 secs] [Times: user=0.16 sys=0.00, real=0.02 secs] 
2016-09-24T00:14:11.779-0400: 227.053: [GC (GCLocker Initiated GC) [PSYoungGen: 131301K->42813K(175104K)] 456070K->386082K(699392K), 0.0152733 secs] [Times: user=0.14 sys=0.01, real=0.02 secs] 
2016-09-24T00:14:11.893-0400: 227.167: [GC (GCLocker Initiated GC) [PSYoungGen: 130877K->85434K(175104K)] 474306K->453290K(699392K), 0.0279567 secs] [Times: user=0.28 sys=0.00, real=0.03 secs] 
2016-09-24T00:14:12.056-0400: 227.329: [GC (GCLocker Initiated GC) [PSYoungGen: 173498K->49472K(175104K)] 547566K->478327K(699392K), 0.0147660 secs] [Times: user=0.15 sys=0.00, real=0.01 secs] 
2016-09-24T00:14:12.211-0400: 227.484: [GC (GCLocker Initiated GC) [PSYoungGen: 137536K->55059K(175104K)] 572485K->490283K(699392K), 0.0207005 secs] [Times: user=0.21 sys=0.00, real=0.02 secs] 
2016-09-24T00:14:12.331-0400: 227.605: [GC (GCLocker Initiated GC) [PSYoungGen: 143123K->61690K(175104K)] 578401K->515320K(699392K), 0.0085626 secs] [Times: user=0.07 sys=0.00, real=0.01 secs] 
2016-09-24T00:14:12.467-0400: 227.741: [Full GC (Ergonomics) [PSYoungGen: 149754K->0K(175104K)] [ParOldGen: 466125K->54459K(524288K)] 615879K->54459K(699392K), [Metaspace: 44560K->44560K(1087488K)], 0.0627372 secs] [Times: user=0.38 sys=0.00, real=0.06 secs] 
2016-09-24T00:14:12.658-0400: 227.931: [GC (GCLocker Initiated GC) [PSYoungGen: 88064K->61298K(175104K)] 148646K->121880K(699392K), 0.0178818 secs] [Times: user=0.17 sys=0.00, real=0.02 secs] 
2016-09-24T00:14:12.806-0400: 228.079: [GC (GCLocker Initiated GC) [PSYoungGen: 149362K->67533K(175104K)] 210249K->183363K(699392K), 0.0179355 secs] [Times: user=0.20 sys=0.01, real=0.02 secs] 
2016-09-24T00:14:12.932-0400: 228.205: [GC (GCLocker Initiated GC) [PSYoungGen: 155597K->85726K(175104K)] 271788K->208307K(699392K), 0.0088569 secs] [Times: user=0.09 sys=0.00, real=0.01 secs] 
2016-09-24T00:14:13.068-0400: 228.342: [GC (GCLocker Initiated GC) [PSYoungGen: 173790K->61394K(175104K)] 302719K->227040K(699392K), 0.0144972 secs] [Times: user=0.14 sys=0.00, real=0.02 secs] 
2016-09-24T00:14:13.207-0400: 228.481: [GC (Allocation Failure) [PSYoungGen: 149458K->79879K(175104K)] 315246K->264347K(699392K), 0.0187834 secs] [Times: user=0.22 sys=0.01, real=0.02 secs] 
2016-09-24T00:14:13.340-0400: 228.614: [GC (GCLocker Initiated GC) [PSYoungGen: 167943K->55579K(175104K)] 352417K->258554K(699392K), 0.0084500 secs] [Times: user=0.10 sys=0.00, real=0.01 secs] 
2016-09-24T00:14:13.459-0400: 228.733: [GC (GCLocker Initiated GC) [PSYoungGen: 143643K->85854K(175104K)] 346979K->331850K(699392K), 0.0182286 secs] [Times: user=0.25 sys=0.00, real=0.02 secs] 
2016-09-24T00:14:13.611-0400: 228.885: [GC (GCLocker Initiated GC) [PSYoungGen: 173918K->55383K(175104K)] 426188K->362611K(699392K), 0.0099576 secs] [Times: user=0.12 sys=0.00, real=0.01 secs] 
2016-09-24T00:14:13.726-0400: 229.000: [GC (GCLocker Initiated GC) [PSYoungGen: 143447K->73644K(175104K)] 457078K->387387K(699392K), 0.0169234 secs] [Times: user=0.17 sys=0.00, real=0.02 secs] 
2016-09-24T00:14:13.867-0400: 229.141: [GC (Allocation Failure) [PSYoungGen: 161708K->73284K(175104K)] 475605K->417995K(699392K), 0.0221086 secs] [Times: user=0.24 sys=0.00, real=0.02 secs] 
2016-09-24T00:14:14.010-0400: 229.284: [GC (GCLocker Initiated GC) [PSYoungGen: 161348K->67601K(175104K)] 506065K->442796K(699392K), 0.0213662 secs] [Times: user=0.21 sys=0.00, real=0.02 secs] 
2016-09-24T00:14:14.191-0400: 229.464: [GC (Allocation Failure) [PSYoungGen: 155665K->37062K(175104K)] 531019K->449314K(699392K), 0.0178869 secs] [Times: user=0.18 sys=0.00, real=0.02 secs] 
2016-09-24T00:14:14.297-0400: 229.570: [GC (GCLocker Initiated GC) [PSYoungGen: 125126K->85758K(175104K)] 537378K->522446K(699392K), 0.0105567 secs] [Times: user=0.11 sys=0.00, real=0.01 secs] 
2016-09-24T00:14:14.453-0400: 229.726: [GC (GCLocker Initiated GC) [PSYoungGen: 173822K->43141K(175104K)] 628972K->510692K(699392K), 0.0186836 secs] [Times: user=0.18 sys=0.00, real=0.02 secs] 
2016-09-24T00:14:14.471-0400: 229.745: [Full GC (Ergonomics) [PSYoungGen: 43141K->0K(175104K)] [ParOldGen: 467551K->54293K(524288K)] 510692K->54293K(699392K), [Metaspace: 44563K->44563K(1087488K)], 0.0541504 secs] [Times: user=0.31 sys=0.01, real=0.06 secs] 
2016-09-24T00:14:14.621-0400: 229.895: [GC (Allocation Failure) [PSYoungGen: 88064K->86110K(175104K)] 142712K->165058K(699392K), 0.0220588 secs] [Times: user=0.31 sys=0.02, real=0.03 secs] 
2016-09-24T00:14:14.759-0400: 230.032: [GC (GCLocker Initiated GC) [PSYoungGen: 174174K->67829K(175104K)] 253128K->195946K(699392K), 0.0104795 secs] [Times: user=0.09 sys=0.00, real=0.01 secs] 
2016-09-24T00:14:14.893-0400: 230.167: [GC (Allocation Failure) [PSYoungGen: 155893K->73476K(175104K)] 284253K->220673K(699392K), 0.0248834 secs] [Times: user=0.28 sys=0.00, real=0.03 secs] 
2016-09-24T00:14:15.044-0400: 230.317: [GC (GCLocker Initiated GC) [PSYoungGen: 161540K->86118K(175104K)] 308743K->239523K(699392K), 0.0091054 secs] [Times: user=0.11 sys=0.00, real=0.00 secs] 
2016-09-24T00:14:15.180-0400: 230.454: [GC (GCLocker Initiated GC) [PSYoungGen: 174182K->36834K(175104K)] 333922K->215058K(699392K), 0.0098825 secs] [Times: user=0.09 sys=0.00, real=0.01 secs] 
2016-09-24T00:14:15.289-0400: 230.563: [GC (GCLocker Initiated GC) [PSYoungGen: 124898K->61234K(175104K)] 303759K->240167K(699392K), 0.0214824 secs] [Times: user=0.18 sys=0.01, real=0.02 secs] 
2016-09-24T00:14:15.448-0400: 230.722: [GC (GCLocker Initiated GC) [PSYoungGen: 149298K->54995K(175104K)] 328368K->252549K(699392K), 0.0233739 secs] [Times: user=0.22 sys=0.00, real=0.02 secs] 
2016-09-24T00:14:15.610-0400: 230.884: [GC (GCLocker Initiated GC) [PSYoungGen: 143059K->43137K(175104K)] 352916K->283449K(699392K), 0.0141529 secs] [Times: user=0.15 sys=0.01, real=0.02 secs] 
2016-09-24T00:14:15.751-0400: 231.025: [GC (GCLocker Initiated GC) [PSYoungGen: 131201K->55351K(175104K)] 371661K->295930K(699392K), 0.0067781 secs] [Times: user=0.07 sys=0.00, real=0.01 secs] 
2016-09-24T00:14:15.863-0400: 231.136: [GC (GCLocker Initiated GC) [PSYoungGen: 143415K->86445K(175104K)] 384063K->345423K(699392K), 0.0094110 secs] [Times: user=0.10 sys=0.01, real=0.00 secs] 
2016-09-24T00:14:15.999-0400: 231.272: [GC (GCLocker Initiated GC) [PSYoungGen: 174509K->55383K(175104K)] 439637K->369426K(699392K), 0.0098846 secs] [Times: user=0.12 sys=0.00, real=0.01 secs] 
2016-09-24T00:14:16.134-0400: 231.408: [GC (GCLocker Initiated GC) [PSYoungGen: 143447K->55419K(175104K)] 463814K->406428K(699392K), 0.0105360 secs] [Times: user=0.11 sys=0.00, real=0.02 secs] 
2016-09-24T00:14:16.282-0400: 231.556: [GC (GCLocker Initiated GC) [PSYoungGen: 143483K->55319K(175104K)] 494540K->443126K(699392K), 0.0134950 secs] [Times: user=0.16 sys=0.00, real=0.01 secs] 
2016-09-24T00:14:16.421-0400: 231.695: [GC (GCLocker Initiated GC) [PSYoungGen: 143383K->86438K(175104K)] 531361K->529234K(699392K), 0.0130508 secs] [Times: user=0.20 sys=0.01, real=0.02 secs] 
2016-09-24T00:14:16.572-0400: 231.846: [GC (GCLocker Initiated GC) [PSYoungGen: 174502K->55319K(175104K)] 623398K->565356K(699392K), 0.0203139 secs] [Times: user=0.25 sys=0.00, real=0.02 secs] 
2016-09-24T00:14:16.592-0400: 231.866: [Full GC (Ergonomics) [PSYoungGen: 55319K->0K(175104K)] [ParOldGen: 510037K->42183K(524288K)] 565356K->42183K(699392K), [Metaspace: 44563K->44563K(1087488K)], 0.0590048 secs] [Times: user=0.44 sys=0.01, real=0.06 secs] 
2016-09-24T00:14:16.741-0400: 232.015: [GC (Allocation Failure) [PSYoungGen: 88064K->86210K(175104K)] 130390K->134611K(699392K), 0.0107079 secs] [Times: user=0.16 sys=0.00, real=0.01 secs] 
2016-09-24T00:14:16.856-0400: 232.129: [GC (GCLocker Initiated GC) [PSYoungGen: 174274K->86018K(175104K)] 222681K->177521K(699392K), 0.0170131 secs] [Times: user=0.22 sys=0.00, real=0.01 secs] 
2016-09-24T00:14:17.022-0400: 232.295: [GC (Allocation Failure) [PSYoungGen: 174082K->37030K(175104K)] 272364K->172085K(699392K), 0.0096094 secs] [Times: user=0.12 sys=0.00, real=0.01 secs] 
2016-09-24T00:14:17.146-0400: 232.420: [GC (GCLocker Initiated GC) [PSYoungGen: 119241K->55383K(175104K)] 260372K->196805K(699392K), 0.0081899 secs] [Times: user=0.11 sys=0.00, real=0.01 secs] 
2016-09-24T00:14:17.283-0400: 232.556: [GC (Allocation Failure) [PSYoungGen: 143447K->73672K(175104K)] 285112K->251939K(699392K), 0.0098133 secs] [Times: user=0.15 sys=0.00, real=0.00 secs] 
2016-09-24T00:14:17.402-0400: 232.676: [GC (GCLocker Initiated GC) [PSYoungGen: 161736K->85790K(175104K)] 340008K->270281K(699392K), 0.0099303 secs] [Times: user=0.13 sys=0.00, real=0.01 secs] 
2016-09-24T00:14:17.516-0400: 232.790: [GC (GCLocker Initiated GC) [PSYoungGen: 173854K->73480K(175104K)] 358713K->258606K(699392K), 0.0143237 secs] [Times: user=0.11 sys=0.00, real=0.01 secs] 
2016-09-24T00:14:17.678-0400: 232.952: [GC (Allocation Failure) [PSYoungGen: 161544K->24947K(175104K)] 365233K->265339K(699392K), 0.0094230 secs] [Times: user=0.08 sys=0.00, real=0.01 secs] 
2016-09-24T00:14:17.835-0400: 233.109: [GC (Allocation Failure) [PSYoungGen: 113011K->61818K(175104K)] 353403K->302508K(699392K), 0.0091647 secs] [Times: user=0.13 sys=0.00, real=0.01 secs] 
2016-09-24T00:14:17.935-0400: 233.209: [GC (GCLocker Initiated GC) [PSYoungGen: 149882K->85854K(175104K)] 390578K->332793K(699392K), 0.0084672 secs] [Times: user=0.12 sys=0.00, real=0.01 secs] 
2016-09-24T00:14:18.073-0400: 233.347: [GC (GCLocker Initiated GC) [PSYoungGen: 173918K->67597K(175104K)] 420971K->351431K(699392K), 0.0206338 secs] [Times: user=0.22 sys=0.02, real=0.03 secs] 
2016-09-24T00:14:18.206-0400: 233.480: [GC (GCLocker Initiated GC) [PSYoungGen: 155661K->85626K(175104K)] 439671K->376018K(699392K), 0.0127287 secs] [Times: user=0.12 sys=0.01, real=0.01 secs] 
2016-09-24T00:14:18.357-0400: 233.631: [GC (GCLocker Initiated GC) [PSYoungGen: 173690K->37229K(175104K)] 470297K->352197K(699392K), 0.0106807 secs] [Times: user=0.12 sys=0.00, real=0.01 secs] 
2016-09-24T00:14:18.474-0400: 233.748: [GC (GCLocker Initiated GC) [PSYoungGen: 125293K->73544K(175104K)] 440488K->407419K(699392K), 0.0088854 secs] [Times: user=0.10 sys=0.00, real=0.01 secs] 
2016-09-24T00:14:18.604-0400: 233.877: [GC (GCLocker Initiated GC) [PSYoungGen: 161608K->73548K(175104K)] 501606K->431850K(699392K), 0.0119064 secs] [Times: user=0.08 sys=0.00, real=0.01 secs] 
2016-09-24T00:14:18.751-0400: 234.024: [GC (GCLocker Initiated GC) [PSYoungGen: 161612K->43237K(175104K)] 532320K->468895K(699392K), 0.0175824 secs] [Times: user=0.17 sys=0.00, real=0.02 secs] 
2016-09-24T00:14:18.895-0400: 234.169: [GC (GCLocker Initiated GC) [PSYoungGen: 131301K->49084K(175104K)] 563177K->499428K(699392K), 0.0181030 secs] [Times: user=0.15 sys=0.01, real=0.01 secs] 
2016-09-24T00:14:19.030-0400: 234.304: [GC (GCLocker Initiated GC) [PSYoungGen: 137148K->61394K(175104K)] 587763K->572879K(699392K), 0.0222294 secs] [Times: user=0.24 sys=0.00, real=0.02 secs] 
2016-09-24T00:14:19.053-0400: 234.327: [Full GC (Ergonomics) [PSYoungGen: 61394K->0K(175104K)] [ParOldGen: 511485K->60569K(524288K)] 572879K->60569K(699392K), [Metaspace: 44567K->44567K(1087488K)], 0.0608947 secs] [Times: user=0.35 sys=0.01, real=0.06 secs] 
2016-09-24T00:14:19.227-0400: 234.501: [GC (GCLocker Initiated GC) [PSYoungGen: 88064K->86150K(175104K)] 148894K->146980K(699392K), 0.0154431 secs] [Times: user=0.15 sys=0.00, real=0.02 secs] 
2016-09-24T00:14:19.337-0400: 234.610: [GC (Allocation Failure) [PSYoungGen: 174214K->67373K(175104K)] 235276K->165729K(699392K), 0.0309866 secs] [Times: user=0.28 sys=0.00, real=0.03 secs] 
2016-09-24T00:14:19.492-0400: 234.765: [GC (GCLocker Initiated GC) [PSYoungGen: 154743K->79747K(175104K)] 259174K->214844K(699392K), 0.0203917 secs] [Times: user=0.21 sys=0.00, real=0.02 secs] 
2016-09-24T00:14:19.656-0400: 234.930: [GC (Allocation Failure) [PSYoungGen: 167811K->48920K(175104K)] 315285K->220946K(699392K), 0.0162246 secs] [Times: user=0.14 sys=0.00, real=0.01 secs] 
2016-09-24T00:14:19.801-0400: 235.075: [GC (GCLocker Initiated GC) [PSYoungGen: 131607K->49180K(175104K)] 309707K->257759K(699392K), 0.0339762 secs] [Times: user=0.38 sys=0.00, real=0.04 secs] 
2016-09-24T00:14:19.964-0400: 235.238: [GC (GCLocker Initiated GC) [PSYoungGen: 137244K->67469K(175104K)] 346184K->294926K(699392K), 0.0218622 secs] [Times: user=0.25 sys=0.00, real=0.02 secs] 
2016-09-24T00:14:20.116-0400: 235.390: [GC (GCLocker Initiated GC) [PSYoungGen: 155533K->67373K(175104K)] 383037K->325356K(699392K), 0.0120165 secs] [Times: user=0.12 sys=0.00, real=0.01 secs] 
2016-09-24T00:14:20.255-0400: 235.529: [GC (GCLocker Initiated GC) [PSYoungGen: 155437K->43301K(175104K)] 425768K->332117K(699392K), 0.0241341 secs] [Times: user=0.24 sys=0.00, real=0.02 secs] 
2016-09-24T00:14:20.413-0400: 235.686: [GC (GCLocker Initiated GC) [PSYoungGen: 131365K->55351K(175104K)] 426454K->399340K(699392K), 0.0246738 secs] [Times: user=0.28 sys=0.00, real=0.03 secs] 
2016-09-24T00:14:20.547-0400: 235.821: [GC (GCLocker Initiated GC) [PSYoungGen: 143415K->85726K(175104K)] 487686K->436331K(699392K), 0.0160604 secs] [Times: user=0.17 sys=0.01, real=0.02 secs] 
2016-09-24T00:14:20.679-0400: 235.953: [GC (Allocation Failure) [PSYoungGen: 173790K->43105K(175104K)] 524751K->436842K(699392K), 0.0100925 secs] [Times: user=0.10 sys=0.00, real=0.01 secs] 
2016-09-24T00:14:20.812-0400: 236.086: [GC (GCLocker Initiated GC) [PSYoungGen: 131169K->61526K(175104K)] 524912K->455381K(699392K), 0.0137510 secs] [Times: user=0.12 sys=0.00, real=0.02 secs] 
2016-09-24T00:14:20.986-0400: 236.260: [GC (GCLocker Initiated GC) [PSYoungGen: 149590K->55091K(175104K)] 549563K->473768K(699392K), 0.0135940 secs] [Times: user=0.16 sys=0.00, real=0.01 secs] 
2016-09-24T00:14:21.110-0400: 236.384: [GC (GCLocker Initiated GC) [PSYoungGen: 143155K->73544K(175104K)] 562110K->547270K(699392K), 0.0298533 secs] [Times: user=0.30 sys=0.01, real=0.03 secs] 
2016-09-24T00:14:21.140-0400: 236.414: [Full GC (Ergonomics) [PSYoungGen: 73544K->0K(175104K)] [ParOldGen: 473726K->60576K(524288K)] 547270K->60576K(699392K), [Metaspace: 44570K->44570K(1087488K)], 0.0587425 secs] [Times: user=0.38 sys=0.01, real=0.06 secs] 
2016-09-24T00:14:21.312-0400: 236.586: [GC (GCLocker Initiated GC) [PSYoungGen: 88064K->86406K(175104K)] 155071K->159488K(699392K), 0.0096475 secs] [Times: user=0.15 sys=0.00, real=0.01 secs] 
2016-09-24T00:14:21.430-0400: 236.704: [GC (GCLocker Initiated GC) [PSYoungGen: 174470K->73672K(175104K)] 247924K->184640K(699392K), 0.0097029 secs] [Times: user=0.12 sys=0.00, real=0.01 secs] 
2016-09-24T00:14:21.546-0400: 236.819: [GC (GCLocker Initiated GC) [PSYoungGen: 161736K->73804K(175104K)] 272992K->203436K(699392K), 0.0146025 secs] [Times: user=0.16 sys=0.00, real=0.01 secs] 
2016-09-24T00:14:21.683-0400: 236.957: [GC (GCLocker Initiated GC) [PSYoungGen: 161868K->73608K(175104K)] 291822K->234540K(699392K), 0.0246441 secs] [Times: user=0.26 sys=0.00, real=0.02 secs] 
2016-09-24T00:14:21.818-0400: 237.091: [GC (GCLocker Initiated GC) [PSYoungGen: 161672K->79847K(175104K)] 322836K->241163K(699392K), 0.0147618 secs] [Times: user=0.19 sys=0.00, real=0.01 secs] 
2016-09-24T00:14:21.958-0400: 237.232: [GC (Allocation Failure) [PSYoungGen: 167911K->67437K(175104K)] 329269K->247327K(699392K), 0.0193169 secs] [Times: user=0.21 sys=0.01, real=0.02 secs] 
2016-09-24T00:14:22.086-0400: 237.360: [GC (GCLocker Initiated GC) [PSYoungGen: 155209K->73544K(175104K)] 341175K->290176K(699392K), 0.0239376 secs] [Times: user=0.27 sys=0.00, real=0.02 secs] 
2016-09-24T00:14:22.257-0400: 237.530: [GC (GCLocker Initiated GC) [PSYoungGen: 161608K->73576K(175104K)] 384373K->314858K(699392K), 0.0215800 secs] [Times: user=0.22 sys=0.00, real=0.02 secs] 
2016-09-24T00:14:22.432-0400: 237.706: [GC (GCLocker Initiated GC) [PSYoungGen: 161640K->49080K(175104K)] 409242K->357699K(699392K), 0.0219672 secs] [Times: user=0.23 sys=0.00, real=0.02 secs] 
2016-09-24T00:14:22.568-0400: 237.842: [GC (GCLocker Initiated GC) [PSYoungGen: 137144K->73544K(175104K)] 445995K->382507K(699392K), 0.0512392 secs] [Times: user=0.57 sys=0.00, real=0.05 secs] 
2016-09-24T00:14:22.739-0400: 238.013: [GC (GCLocker Initiated GC) [PSYoungGen: 161608K->73672K(175104K)] 470904K->419701K(699392K), 0.0245636 secs] [Times: user=0.32 sys=0.00, real=0.03 secs] 
2016-09-24T00:14:22.888-0400: 238.162: [GC (GCLocker Initiated GC) [PSYoungGen: 161736K->61494K(175104K)] 507963K->413884K(699392K), 0.0080833 secs] [Times: user=0.07 sys=0.00, real=0.01 secs] 
2016-09-24T00:14:23.028-0400: 238.302: [GC (GCLocker Initiated GC) [PSYoungGen: 149558K->73640K(175104K)] 501967K->444730K(699392K), 0.0098494 secs] [Times: user=0.13 sys=0.00, real=0.01 secs] 
2016-09-24T00:14:23.174-0400: 238.448: [GC (GCLocker Initiated GC) [PSYoungGen: 161704K->37354K(175104K)] 544968K->469393K(699392K), 0.0205938 secs] [Times: user=0.22 sys=0.01, real=0.03 secs] 
2016-09-24T00:14:23.321-0400: 238.595: [GC (Allocation Failure) [PSYoungGen: 125418K->73672K(175104K)] 557796K->506521K(699392K), 0.0142873 secs] [Times: user=0.17 sys=0.00, real=0.02 secs] 
2016-09-24T00:14:23.453-0400: 238.726: [GC (GCLocker Initiated GC) [PSYoungGen: 161736K->61458K(175104K)] 594586K->530885K(699392K), 0.0099592 secs] [Times: user=0.11 sys=0.00, real=0.02 secs] 
2016-09-24T00:14:23.463-0400: 238.737: [Full GC (Ergonomics) [PSYoungGen: 61458K->0K(175104K)] [ParOldGen: 469427K->54896K(524288K)] 530885K->54896K(699392K), [Metaspace: 44572K->44572K(1087488K)], 0.0583621 secs] [Times: user=0.36 sys=0.02, real=0.05 secs] 
2016-09-24T00:14:23.652-0400: 238.926: [GC (GCLocker Initiated GC) [PSYoungGen: 88064K->86602K(175104K)] 149038K->153651K(699392K), 0.0232112 secs] [Times: user=0.23 sys=0.00, real=0.03 secs] 
2016-09-24T00:14:23.841-0400: 239.115: [GC (GCLocker Initiated GC) [PSYoungGen: 174666K->43201K(175104K)] 253912K->178178K(699392K), 0.0124729 secs] [Times: user=0.14 sys=0.00, real=0.01 secs] 
2016-09-24T00:14:23.955-0400: 239.229: [GC (GCLocker Initiated GC) [PSYoungGen: 131265K->85594K(175104K)] 266290K->251262K(699392K), 0.0165363 secs] [Times: user=0.16 sys=0.00, real=0.01 secs] 
2016-09-24T00:14:24.082-0400: 239.356: [GC (GCLocker Initiated GC) [PSYoungGen: 173658K->61394K(175104K)] 339693K->306532K(699392K), 0.0119530 secs] [Times: user=0.13 sys=0.00, real=0.01 secs] 
2016-09-24T00:14:24.237-0400: 239.511: [GC (GCLocker Initiated GC) [PSYoungGen: 149458K->55515K(175104K)] 407079K->313427K(699392K), 0.0097155 secs] [Times: user=0.10 sys=0.00, real=0.01 secs] 
2016-09-24T00:14:24.364-0400: 239.638: [GC (GCLocker Initiated GC) [PSYoungGen: 143579K->67501K(175104K)] 401628K->344034K(699392K), 0.0088810 secs] [Times: user=0.10 sys=0.00, real=0.00 secs] 
2016-09-24T00:14:24.470-0400: 239.744: [GC (GCLocker Initiated GC) [PSYoungGen: 155565K->49180K(175104K)] 432140K->374467K(699392K), 0.0092787 secs] [Times: user=0.07 sys=0.00, real=0.01 secs] 
2016-09-24T00:14:24.603-0400: 239.877: [GC (GCLocker Initiated GC) [PSYoungGen: 137239K->55355K(175104K)] 468957K->423790K(699392K), 0.0216813 secs] [Times: user=0.21 sys=0.00, real=0.02 secs] 
2016-09-24T00:14:24.744-0400: 240.018: [GC (GCLocker Initiated GC) [PSYoungGen: 143419K->73608K(175104K)] 518290K->449091K(699392K), 0.0075194 secs] [Times: user=0.07 sys=0.00, real=0.00 secs] 
2016-09-24T00:14:24.870-0400: 240.143: [GC (GCLocker Initiated GC) [PSYoungGen: 161672K->67405K(175104K)] 537202K->479669K(699392K), 0.0404763 secs] [Times: user=0.47 sys=0.01, real=0.04 secs] 
2016-09-24T00:14:25.022-0400: 240.295: [GC (GCLocker Initiated GC) [PSYoungGen: 155469K->67501K(175104K)] 568459K->529203K(699392K), 0.0236087 secs] [Times: user=0.25 sys=0.00, real=0.03 secs] 
2016-09-24T00:14:25.045-0400: 240.319: [Full GC (Ergonomics) [PSYoungGen: 67501K->0K(175104K)] [ParOldGen: 461702K->54923K(524288K)] 529203K->54923K(699392K), [Metaspace: 44573K->44573K(1087488K)], 0.0540407 secs] [Times: user=0.27 sys=0.00, real=0.05 secs] 
2016-09-24T00:14:25.216-0400: 240.489: [GC (Allocation Failure) [PSYoungGen: 88064K->85726K(175104K)] 143258K->140920K(699392K), 0.0214407 secs] [Times: user=0.25 sys=0.00, real=0.02 secs] 
2016-09-24T00:14:25.328-0400: 240.602: [GC (GCLocker Initiated GC) [PSYoungGen: 173790K->49308K(175104K)] 228985K->171775K(699392K), 0.0097218 secs] [Times: user=0.11 sys=0.00, real=0.01 secs] 
2016-09-24T00:14:25.449-0400: 240.722: [GC (GCLocker Initiated GC) [PSYoungGen: 137372K->55483K(175104K)] 266164K->208687K(699392K), 0.0306721 secs] [Times: user=0.35 sys=0.01, real=0.03 secs] 
2016-09-24T00:14:25.638-0400: 240.912: [GC (GCLocker Initiated GC) [PSYoungGen: 143547K->61522K(175104K)] 303136K->270183K(699392K), 0.0184012 secs] [Times: user=0.19 sys=0.00, real=0.02 secs] 
2016-09-24T00:14:25.769-0400: 241.043: [GC (GCLocker Initiated GC) [PSYoungGen: 149586K->55842K(175104K)] 358507K->264899K(699392K), 0.0096338 secs] [Times: user=0.13 sys=0.00, real=0.01 secs] 
2016-09-24T00:14:25.898-0400: 241.172: [GC (GCLocker Initiated GC) [PSYoungGen: 143906K->55383K(175104K)] 359169K->276995K(699392K), 0.0140896 secs] [Times: user=0.10 sys=0.01, real=0.01 secs] 
2016-09-24T00:14:26.016-0400: 241.289: [GC (GCLocker Initiated GC) [PSYoungGen: 143447K->61234K(175104K)] 365202K->289159K(699392K), 0.0086715 secs] [Times: user=0.07 sys=0.00, real=0.01 secs] 
2016-09-24T00:14:26.131-0400: 241.405: [GC (GCLocker Initiated GC) [PSYoungGen: 149298K->43265K(175104K)] 383491K->338672K(699392K), 0.0211290 secs] [Times: user=0.24 sys=0.01, real=0.02 secs] 
2016-09-24T00:14:26.279-0400: 241.553: [GC (GCLocker Initiated GC) [PSYoungGen: 131329K->73804K(175104K)] 433003K->393995K(699392K), 0.0159791 secs] [Times: user=0.17 sys=0.00, real=0.02 secs] 
2016-09-24T00:14:26.464-0400: 241.738: [GC (Allocation Failure) [PSYoungGen: 161868K->43169K(175104K)] 494429K->375842K(699392K), 0.0063892 secs] [Times: user=0.07 sys=0.00, real=0.00 secs] 
2016-09-24T00:14:26.621-0400: 241.895: [GC (GCLocker Initiated GC) [PSYoungGen: 130467K->55287K(175104K)] 469215K->394302K(699392K), 0.0187966 secs] [Times: user=0.22 sys=0.00, real=0.02 secs] 
2016-09-24T00:14:26.728-0400: 242.002: [GC (GCLocker Initiated GC) [PSYoungGen: 143351K->73540K(175104K)] 482396K->455246K(699392K), 0.0109600 secs] [Times: user=0.14 sys=0.00, real=0.01 secs] 
2016-09-24T00:14:26.858-0400: 242.132: [GC (GCLocker Initiated GC) [PSYoungGen: 161604K->74196K(175104K)] 549707K->498925K(699392K), 0.0117832 secs] [Times: user=0.16 sys=0.00, real=0.01 secs] 
2016-09-24T00:14:27.000-0400: 242.274: [GC (GCLocker Initiated GC) [PSYoungGen: 162260K->61426K(175104K)] 586995K->504990K(699392K), 0.0111708 secs] [Times: user=0.12 sys=0.00, real=0.01 secs] 
2016-09-24T00:14:27.125-0400: 242.399: [GC (GCLocker Initiated GC) [PSYoungGen: 149490K->85858K(175104K)] 593090K->566003K(699392K), 0.0188568 secs] [Times: user=0.18 sys=0.01, real=0.02 secs] 
2016-09-24T00:14:27.144-0400: 242.418: [Full GC (Ergonomics) [PSYoungGen: 85858K->0K(175104K)] [ParOldGen: 480145K->55131K(524288K)] 566003K->55131K(699392K), [Metaspace: 44574K->44574K(1087488K)], 0.0825522 secs] [Times: user=0.62 sys=0.00, real=0.08 secs] 
2016-09-24T00:14:27.337-0400: 242.610: [GC (GCLocker Initiated GC) [PSYoungGen: 88064K->85982K(175104K)] 143556K->141474K(699392K), 0.0099193 secs] [Times: user=0.10 sys=0.00, real=0.01 secs] 
2016-09-24T00:14:27.466-0400: 242.740: [GC (GCLocker Initiated GC) [PSYoungGen: 174046K->79747K(175104K)] 235661K->160298K(699392K), 0.0166556 secs] [Times: user=0.20 sys=0.01, real=0.02 secs] 
2016-09-24T00:14:27.617-0400: 242.891: [GC (GCLocker Initiated GC) [PSYoungGen: 167811K->19160K(175104K)] 273253K->197794K(699392K), 0.0081438 secs] [Times: user=0.09 sys=0.00, real=0.01 secs] 
2016-09-24T00:14:27.752-0400: 243.026: [GC (GCLocker Initiated GC) [PSYoungGen: 107224K->55255K(175104K)] 292232K->240521K(699392K), 0.0090075 secs] [Times: user=0.07 sys=0.00, real=0.01 secs] 
2016-09-24T00:14:27.875-0400: 243.149: [GC (GCLocker Initiated GC) [PSYoungGen: 143319K->73868K(175104K)] 328946K->277840K(699392K), 0.0086632 secs] [Times: user=0.10 sys=0.00, real=0.01 secs] 
2016-09-24T00:14:27.998-0400: 243.272: [GC (GCLocker Initiated GC) [PSYoungGen: 161932K->85922K(175104K)] 366120K->290238K(699392K), 0.0090053 secs] [Times: user=0.10 sys=0.00, real=0.01 secs] 
2016-09-24T00:14:28.116-0400: 243.390: [GC (GCLocker Initiated GC) [PSYoungGen: 173986K->49308K(175104K)] 384419K->320962K(699392K), 0.0161168 secs] [Times: user=0.20 sys=0.00, real=0.01 secs] 
2016-09-24T00:14:28.255-0400: 243.529: [GC (GCLocker Initiated GC) [PSYoungGen: 137372K->85794K(175104K)] 415306K->370070K(699392K), 0.0095764 secs] [Times: user=0.09 sys=0.00, real=0.01 secs] 
2016-09-24T00:14:28.413-0400: 243.687: [GC (GCLocker Initiated GC) [PSYoungGen: 173858K->37094K(175104K)] 476630K->400900K(699392K), 0.0312097 secs] [Times: user=0.35 sys=0.00, real=0.04 secs] 
2016-09-24T00:14:28.571-0400: 243.844: [GC (GCLocker Initiated GC) [PSYoungGen: 125158K->73480K(175104K)] 489286K->437703K(699392K), 0.0095361 secs] [Times: user=0.11 sys=0.00, real=0.01 secs] 
2016-09-24T00:14:28.686-0400: 243.959: [GC (GCLocker Initiated GC) [PSYoungGen: 161544K->49276K(175104K)] 532035K->480613K(699392K), 0.0174359 secs] [Times: user=0.12 sys=0.00, real=0.02 secs] 
2016-09-24T00:14:28.703-0400: 243.977: [Full GC (Ergonomics) [PSYoungGen: 49276K->0K(175104K)] [ParOldGen: 431337K->60708K(524288K)] 480613K->60708K(699392K), [Metaspace: 44575K->44575K(1087488K)], 0.0493970 secs] [Times: user=0.39 sys=0.00, real=0.04 secs] 
2016-09-24T00:14:28.854-0400: 244.128: [GC (Allocation Failure) [PSYoungGen: 88064K->86406K(175104K)] 149031K->153448K(699392K), 0.0080698 secs] [Times: user=0.12 sys=0.00, real=0.01 secs] 
2016-09-24T00:14:28.993-0400: 244.266: [GC (GCLocker Initiated GC) [PSYoungGen: 173244K->37130K(175104K)] 246362K->147385K(699392K), 0.0098912 secs] [Times: user=0.09 sys=0.00, real=0.02 secs] 
2016-09-24T00:14:29.101-0400: 244.375: [GC (GCLocker Initiated GC) [PSYoungGen: 125194K->85758K(175104K)] 235670K->196517K(699392K), 0.0266136 secs] [Times: user=0.24 sys=0.00, real=0.03 secs] 
2016-09-24T00:14:29.276-0400: 244.550: [GC (GCLocker Initiated GC) [PSYoungGen: 173822K->37158K(175104K)] 291231K->172880K(699392K), 0.0151547 secs] [Times: user=0.14 sys=0.00, real=0.01 secs] 
2016-09-24T00:14:29.415-0400: 244.689: [GC (GCLocker Initiated GC) [PSYoungGen: 125222K->79523K(175104K)] 267274K->221842K(699392K), 0.0256141 secs] [Times: user=0.23 sys=0.00, real=0.02 secs] 
2016-09-24T00:14:29.581-0400: 244.855: [GC (Allocation Failure) [PSYoungGen: 167587K->18936K(175104K)] 328290K->216350K(699392K), 0.0144506 secs] [Times: user=0.13 sys=0.01, real=0.02 secs] 
2016-09-24T00:14:29.701-0400: 244.974: [GC (GCLocker Initiated GC) [PSYoungGen: 101018K->37062K(175104K)] 304506K->240981K(699392K), 0.0135378 secs] [Times: user=0.15 sys=0.00, real=0.02 secs] 
2016-09-24T00:14:29.822-0400: 245.096: [GC (GCLocker Initiated GC) [PSYoungGen: 125126K->61330K(175104K)] 329412K->265875K(699392K), 0.0169582 secs] [Times: user=0.15 sys=0.01, real=0.02 secs] 
2016-09-24T00:14:29.941-0400: 245.215: [GC (GCLocker Initiated GC) [PSYoungGen: 149394K->73872K(175104K)] 354205K->297223K(699392K), 0.0279410 secs] [Times: user=0.28 sys=0.00, real=0.03 secs] 
2016-09-24T00:14:30.095-0400: 245.369: [GC (GCLocker Initiated GC) [PSYoungGen: 161936K->37030K(175104K)] 403868K->309760K(699392K), 0.0291737 secs] [Times: user=0.28 sys=0.00, real=0.03 secs] 
2016-09-24T00:14:30.255-0400: 245.528: [GC (GCLocker Initiated GC) [PSYoungGen: 125094K->55223K(175104K)] 404255K->334651K(699392K), 0.0171435 secs] [Times: user=0.17 sys=0.00, real=0.01 secs] 
2016-09-24T00:14:30.400-0400: 245.674: [GC (GCLocker Initiated GC) [PSYoungGen: 143287K->67665K(175104K)] 422729K->347235K(699392K), 0.0154690 secs] [Times: user=0.16 sys=0.00, real=0.02 secs] 
2016-09-24T00:14:30.527-0400: 245.801: [GC (GCLocker Initiated GC) [PSYoungGen: 155729K->73448K(175104K)] 435368K->389969K(699392K), 0.0241394 secs] [Times: user=0.26 sys=0.00, real=0.02 secs] 
2016-09-24T00:14:30.676-0400: 245.950: [GC (GCLocker Initiated GC) [PSYoungGen: 161512K->79683K(175104K)] 484357K->420865K(699392K), 0.0091033 secs] [Times: user=0.10 sys=0.00, real=0.01 secs] 
2016-09-24T00:14:30.812-0400: 246.086: [GC (GCLocker Initiated GC) [PSYoungGen: 167747K->55383K(175104K)] 515365K->433683K(699392K), 0.0143348 secs] [Times: user=0.15 sys=0.00, real=0.02 secs] 
2016-09-24T00:14:30.942-0400: 246.216: [GC (GCLocker Initiated GC) [PSYoungGen: 143447K->73872K(175104K)] 522108K->458908K(699392K), 0.0109876 secs] [Times: user=0.10 sys=0.00, real=0.00 secs] 
2016-09-24T00:14:31.070-0400: 246.344: [GC (GCLocker Initiated GC) [PSYoungGen: 161936K->67373K(175104K)] 547019K->489181K(699392K), 0.0252370 secs] [Times: user=0.28 sys=0.01, real=0.03 secs] 
2016-09-24T00:14:31.233-0400: 246.507: [GC (GCLocker Initiated GC) [PSYoungGen: 155437K->55351K(175104K)] 577253K->519820K(699392K), 0.0143709 secs] [Times: user=0.18 sys=0.00, real=0.02 secs] 
2016-09-24T00:14:31.247-0400: 246.521: [Full GC (Ergonomics) [PSYoungGen: 55351K->0K(175104K)] [ParOldGen: 464469K->41236K(524288K)] 519820K->41236K(699392K), [Metaspace: 44577K->44577K(1087488K)], 0.0662414 secs] [Times: user=0.48 sys=0.02, real=0.06 secs] 
2016-09-24T00:14:31.396-0400: 246.670: [GC (Allocation Failure) [PSYoungGen: 88064K->86078K(175104K)] 129420K->182109K(699392K), 0.0109240 secs] [Times: user=0.15 sys=0.01, real=0.01 secs] 
2016-09-24T00:14:31.525-0400: 246.799: [GC (GCLocker Initiated GC) [PSYoungGen: 174142K->80075K(175104K)] 276248K->243683K(699392K), 0.0101527 secs] [Times: user=0.15 sys=0.00, real=0.01 secs] 
2016-09-24T00:14:31.641-0400: 246.915: [GC (GCLocker Initiated GC) [PSYoungGen: 168139K->61262K(175104K)] 331761K->255731K(699392K), 0.0101217 secs] [Times: user=0.12 sys=0.00, real=0.01 secs] 
2016-09-24T00:14:31.759-0400: 247.033: [GC (Allocation Failure) [PSYoungGen: 149326K->55419K(175104K)] 349912K->280408K(699392K), 0.0236011 secs] [Times: user=0.24 sys=0.00, real=0.03 secs] 
2016-09-24T00:14:31.891-0400: 247.164: [GC (GCLocker Initiated GC) [PSYoungGen: 143483K->85626K(175104K)] 368478K->359700K(699392K), 0.0154328 secs] [Times: user=0.18 sys=0.00, real=0.02 secs] 
2016-09-24T00:14:32.005-0400: 247.279: [GC (GCLocker Initiated GC) [PSYoungGen: 173690K->85986K(175104K)] 447812K->408820K(699392K), 0.0254927 secs] [Times: user=0.32 sys=0.00, real=0.02 secs] 
2016-09-24T00:14:32.134-0400: 247.408: [GC (Allocation Failure) [PSYoungGen: 174050K->67533K(175104K)] 497162K->433469K(699392K), 0.0180875 secs] [Times: user=0.22 sys=0.00, real=0.01 secs] 
2016-09-24T00:14:32.266-0400: 247.540: [GC (GCLocker Initiated GC) [PSYoungGen: 155597K->67469K(175104K)] 521540K->458003K(699392K), 0.0151023 secs] [Times: user=0.13 sys=0.00, real=0.01 secs] 
2016-09-24T00:14:32.415-0400: 247.688: [GC (GCLocker Initiated GC) [PSYoungGen: 155533K->43301K(175104K)] 558449K->464710K(699392K), 0.0092011 secs] [Times: user=0.06 sys=0.01, real=0.01 secs] 
2016-09-24T00:14:32.544-0400: 247.818: [GC (GCLocker Initiated GC) [PSYoungGen: 131365K->67209K(175104K)] 558952K->495072K(699392K), 0.0184573 secs] [Times: user=0.19 sys=0.00, real=0.02 secs] 
2016-09-24T00:14:32.685-0400: 247.959: [GC (GCLocker Initiated GC) [PSYoungGen: 155273K->61394K(175104K)] 583205K->525887K(699392K), 0.0184613 secs] [Times: user=0.20 sys=0.00, real=0.02 secs] 
2016-09-24T00:14:32.704-0400: 247.977: [Full GC (Ergonomics) [PSYoungGen: 61394K->0K(175104K)] [ParOldGen: 464493K->53711K(524288K)] 525887K->53711K(699392K), [Metaspace: 44577K->44577K(1087488K)], 0.0585113 secs] [Times: user=0.36 sys=0.01, real=0.06 secs] 
2016-09-24T00:14:32.861-0400: 248.135: [GC (Allocation Failure) [PSYoungGen: 88064K->86730K(175104K)] 148087K->152828K(699392K), 0.0104678 secs] [Times: user=0.12 sys=0.00, real=0.01 secs] 
2016-09-24T00:14:33.002-0400: 248.276: [GC (GCLocker Initiated GC) [PSYoungGen: 173773K->73508K(175104K)] 245947K->213522K(699392K), 0.0112733 secs] [Times: user=0.14 sys=0.00, real=0.01 secs] 
2016-09-24T00:14:33.117-0400: 248.391: [GC (Allocation Failure) [PSYoungGen: 161572K->85758K(175104K)] 301712K->256432K(699392K), 0.0104390 secs] [Times: user=0.11 sys=0.00, real=0.01 secs] 
2016-09-24T00:14:33.280-0400: 248.554: [GC (GCLocker Initiated GC) [PSYoungGen: 173822K->61294K(175104K)] 344502K->268715K(699392K), 0.0113383 secs] [Times: user=0.15 sys=0.00, real=0.01 secs] 
2016-09-24T00:14:33.419-0400: 248.693: [GC (GCLocker Initiated GC) [PSYoungGen: 149358K->73444K(175104K)] 362875K->287080K(699392K), 0.0088836 secs] [Times: user=0.09 sys=0.00, real=0.01 secs] 
2016-09-24T00:14:33.515-0400: 248.789: [GC (GCLocker Initiated GC) [PSYoungGen: 161508K->85986K(175104K)] 375404K->312151K(699392K), 0.0116445 secs] [Times: user=0.13 sys=0.00, real=0.01 secs] 
2016-09-24T00:14:33.649-0400: 248.923: [GC (GCLocker Initiated GC) [PSYoungGen: 174050K->61490K(175104K)] 406450K->330639K(699392K), 0.0129889 secs] [Times: user=0.14 sys=0.00, real=0.02 secs] 
2016-09-24T00:14:33.793-0400: 249.067: [GC (Allocation Failure) [PSYoungGen: 149554K->55415K(175104K)] 424915K->367345K(699392K), 0.0153991 secs] [Times: user=0.17 sys=0.00, real=0.02 secs] 
2016-09-24T00:14:33.929-0400: 249.203: [GC (GCLocker Initiated GC) [PSYoungGen: 138316K->30859K(175104K)] 456322K->367333K(699392K), 0.0170476 secs] [Times: user=0.15 sys=0.00, real=0.02 secs] 
2016-09-24T00:14:34.066-0400: 249.340: [GC (GCLocker Initiated GC) [PSYoungGen: 118923K->49212K(175104K)] 455735K->404337K(699392K), 0.0217642 secs] [Times: user=0.21 sys=0.01, real=0.02 secs] 
2016-09-24T00:14:34.203-0400: 249.476: [GC (GCLocker Initiated GC) [PSYoungGen: 137276K->42977K(175104K)] 499038K->423060K(699392K), 0.0246887 secs] [Times: user=0.22 sys=0.00, real=0.02 secs] 
2016-09-24T00:14:34.345-0400: 249.618: [GC (GCLocker Initiated GC) [PSYoungGen: 131041K->55091K(175104K)] 511683K->435992K(699392K), 0.0117157 secs] [Times: user=0.12 sys=0.00, real=0.01 secs] 
2016-09-24T00:14:34.479-0400: 249.753: [GC (GCLocker Initiated GC) [PSYoungGen: 143155K->67437K(175104K)] 524417K->485277K(699392K), 0.0151706 secs] [Times: user=0.14 sys=0.01, real=0.02 secs] 
2016-09-24T00:14:34.618-0400: 249.892: [GC (GCLocker Initiated GC) [PSYoungGen: 155501K->67373K(175104K)] 573713K->503906K(699392K), 0.0104712 secs] [Times: user=0.08 sys=0.00, real=0.01 secs] 
2016-09-24T00:14:34.743-0400: 250.017: [GC (GCLocker Initiated GC) [PSYoungGen: 155437K->61590K(175104K)] 592280K->535026K(699392K), 0.0194998 secs] [Times: user=0.20 sys=0.00, real=0.02 secs] 
2016-09-24T00:14:34.763-0400: 250.036: [Full GC (Ergonomics) [PSYoungGen: 61590K->0K(175104K)] [ParOldGen: 473436K->54093K(524288K)] 535026K->54093K(699392K), [Metaspace: 44578K->44578K(1087488K)], 0.0567014 secs] [Times: user=0.32 sys=0.01, real=0.05 secs] 
2016-09-24T00:14:34.913-0400: 250.187: [GC (GCLocker Initiated GC) [PSYoungGen: 88064K->86374K(175104K)] 142216K->176976K(699392K), 0.0103176 secs] [Times: user=0.14 sys=0.00, real=0.02 secs] 
2016-09-24T00:14:35.042-0400: 250.316: [GC (Allocation Failure) [PSYoungGen: 174438K->79747K(175104K)] 265199K->237881K(699392K), 0.0224890 secs] [Times: user=0.24 sys=0.01, real=0.03 secs] 
2016-09-24T00:14:35.175-0400: 250.449: [GC (GCLocker Initiated GC) [PSYoungGen: 167811K->85758K(175104K)] 325951K->262430K(699392K), 0.0222203 secs] [Times: user=0.24 sys=0.00, real=0.02 secs] 
2016-09-24T00:14:35.304-0400: 250.578: [GC (GCLocker Initiated GC) [PSYoungGen: 173822K->67629K(175104K)] 356622K->305396K(699392K), 0.0112103 secs] [Times: user=0.16 sys=0.00, real=0.01 secs] 
2016-09-24T00:14:35.427-0400: 250.701: [GC (GCLocker Initiated GC) [PSYoungGen: 155693K->79751K(175104K)] 393508K->341961K(699392K), 0.0178263 secs] [Times: user=0.18 sys=0.00, real=0.02 secs] 
2016-09-24T00:14:35.582-0400: 250.855: [GC (Allocation Failure) [PSYoungGen: 167815K->73348K(175104K)] 430207K->384795K(699392K), 0.0118812 secs] [Times: user=0.13 sys=0.00, real=0.01 secs] 
2016-09-24T00:14:35.694-0400: 250.968: [GC (GCLocker Initiated GC) [PSYoungGen: 159970K->61266K(175104K)] 477493K->415326K(699392K), 0.0116237 secs] [Times: user=0.08 sys=0.00, real=0.02 secs] 
2016-09-24T00:14:35.855-0400: 251.128: [GC (GCLocker Initiated GC) [PSYoungGen: 149330K->18545K(175104K)] 510021K->397728K(699392K), 0.0127708 secs] [Times: user=0.12 sys=0.00, real=0.01 secs] 
2016-09-24T00:14:35.993-0400: 251.267: [GC (GCLocker Initiated GC) [PSYoungGen: 106609K->61266K(175104K)] 491964K->446709K(699392K), 0.0105447 secs] [Times: user=0.08 sys=0.00, real=0.02 secs] 
2016-09-24T00:14:36.109-0400: 251.382: [GC (Allocation Failure) [PSYoungGen: 149330K->73608K(175104K)] 541019K->507973K(699392K), 0.0108236 secs] [Times: user=0.13 sys=0.00, real=0.01 secs] 
2016-09-24T00:14:36.241-0400: 251.515: [GC (GCLocker Initiated GC) [PSYoungGen: 161672K->79719K(175104K)] 596043K->544725K(699392K), 0.0139632 secs] [Times: user=0.14 sys=0.00, real=0.02 secs] 
2016-09-24T00:14:36.255-0400: 251.529: [Full GC (Ergonomics) [PSYoungGen: 79719K->0K(175104K)] [ParOldGen: 465006K->53911K(524288K)] 544725K->53911K(699392K), [Metaspace: 44578K->44578K(1087488K)], 0.0553823 secs] [Times: user=0.29 sys=0.01, real=0.05 secs] 
2016-09-24T00:14:36.416-0400: 251.690: [GC (Allocation Failure) [PSYoungGen: 88064K->85982K(175104K)] 148400K->158468K(699392K), 0.0223806 secs] [Times: user=0.22 sys=0.00, real=0.02 secs] 
2016-09-24T00:14:36.538-0400: 251.812: [GC (GCLocker Initiated GC) [PSYoungGen: 174046K->73608K(175104K)] 246772K->219946K(699392K), 0.0107978 secs] [Times: user=0.10 sys=0.00, real=0.01 secs] 
2016-09-24T00:14:36.676-0400: 251.950: [GC (GCLocker Initiated GC) [PSYoungGen: 161672K->73804K(175104K)] 308035K->256956K(699392K), 0.0134500 secs] [Times: user=0.19 sys=0.00, real=0.01 secs] 
2016-09-24T00:14:36.808-0400: 252.082: [GC (GCLocker Initiated GC) [PSYoungGen: 161868K->73476K(175104K)] 351199K->299892K(699392K), 0.0121266 secs] [Times: user=0.14 sys=0.00, real=0.01 secs] 
2016-09-24T00:14:36.918-0400: 252.191: [GC (GCLocker Initiated GC) [PSYoungGen: 161540K->73836K(175104K)] 394201K->361324K(699392K), 0.0177698 secs] [Times: user=0.22 sys=0.01, real=0.02 secs] 
2016-09-24T00:14:37.036-0400: 252.310: [GC (GCLocker Initiated GC) [PSYoungGen: 161900K->85922K(175104K)] 449503K->392041K(699392K), 0.0106006 secs] [Times: user=0.12 sys=0.00, real=0.01 secs] 
2016-09-24T00:14:37.165-0400: 252.439: [GC (Allocation Failure) [PSYoungGen: 173986K->61458K(175104K)] 480248K->447011K(699392K), 0.0114467 secs] [Times: user=0.16 sys=0.01, real=0.01 secs] 
2016-09-24T00:14:37.284-0400: 252.558: [GC (GCLocker Initiated GC) [PSYoungGen: 144566K->73672K(175104K)] 536194K->489883K(699392K), 0.0097277 secs] [Times: user=0.12 sys=0.00, real=0.01 secs] 
2016-09-24T00:14:37.408-0400: 252.682: [GC (Allocation Failure) [PSYoungGen: 161736K->79619K(175104K)] 578005K->514380K(699392K), 0.0113575 secs] [Times: user=0.09 sys=0.00, real=0.01 secs] 
2016-09-24T00:14:37.527-0400: 252.801: [Full GC (Ergonomics) [PSYoungGen: 164709K->0K(175104K)] [ParOldGen: 440836K->53944K(524288K)] 605546K->53944K(699392K), [Metaspace: 44578K->44578K(1087488K)], 0.0481033 secs] [Times: user=0.42 sys=0.00, real=0.05 secs] 
2016-09-24T00:14:37.693-0400: 252.966: [GC (GCLocker Initiated GC) [PSYoungGen: 88064K->79391K(175104K)] 142118K->133445K(699392K), 0.0091350 secs] [Times: user=0.09 sys=0.01, real=0.01 secs] 
2016-09-24T00:14:37.809-0400: 253.083: [GC (GCLocker Initiated GC) [PSYoungGen: 167455K->61754K(175104K)] 221859K->158827K(699392K), 0.0366191 secs] [Times: user=0.40 sys=0.00, real=0.04 secs] 
2016-09-24T00:14:37.956-0400: 253.230: [GC (Allocation Failure) [PSYoungGen: 149818K->43041K(175104K)] 247134K->171303K(699392K), 0.0117295 secs] [Times: user=0.07 sys=0.00, real=0.01 secs] 
2016-09-24T00:14:38.086-0400: 253.360: [GC (GCLocker Initiated GC) [PSYoungGen: 130652K->24947K(175104K)] 264990K->201906K(699392K), 0.0143737 secs] [Times: user=0.11 sys=0.00, real=0.01 secs] 
2016-09-24T00:14:38.229-0400: 253.502: [GC (GCLocker Initiated GC) [PSYoungGen: 113011K->85822K(175104K)] 290207K->269524K(699392K), 0.0126918 secs] [Times: user=0.15 sys=0.00, real=0.01 secs] 
2016-09-24T00:14:38.373-0400: 253.647: [GC (Allocation Failure) [PSYoungGen: 173886K->49084K(175104K)] 357842K->251361K(699392K), 0.0089020 secs] [Times: user=0.06 sys=0.00, real=0.01 secs] 
2016-09-24T00:14:38.498-0400: 253.771: [GC (GCLocker Initiated GC) [PSYoungGen: 131779K->55319K(175104K)] 340131K->288246K(699392K), 0.0259522 secs] [Times: user=0.26 sys=0.00, real=0.03 secs] 
2016-09-24T00:14:38.639-0400: 253.913: [GC (GCLocker Initiated GC) [PSYoungGen: 143383K->85858K(175104K)] 376341K->331069K(699392K), 0.0258842 secs] [Times: user=0.28 sys=0.00, real=0.03 secs] 
2016-09-24T00:14:38.804-0400: 254.077: [GC (Allocation Failure) [PSYoungGen: 173922K->55255K(175104K)] 419164K->343305K(699392K), 0.0103415 secs] [Times: user=0.09 sys=0.00, real=0.00 secs] 
2016-09-24T00:14:38.909-0400: 254.183: [GC (GCLocker Initiated GC) [PSYoungGen: 138238K->73476K(175104K)] 432363K->398260K(699392K), 0.0193154 secs] [Times: user=0.20 sys=0.00, real=0.02 secs] 
2016-09-24T00:14:39.062-0400: 254.336: [GC (GCLocker Initiated GC) [PSYoungGen: 161540K->43301K(175104K)] 498672K->398777K(699392K), 0.0191487 secs] [Times: user=0.18 sys=0.00, real=0.01 secs] 
2016-09-24T00:14:39.197-0400: 254.471: [GC (Allocation Failure) [PSYoungGen: 131365K->55419K(175104K)] 486888K->411225K(699392K), 0.0086353 secs] [Times: user=0.09 sys=0.00, real=0.01 secs] 
2016-09-24T00:14:39.298-0400: 254.572: [GC (GCLocker Initiated GC) [PSYoungGen: 143483K->79587K(175104K)] 499295K->453891K(699392K), 0.0177769 secs] [Times: user=0.21 sys=0.00, real=0.02 secs] 
2016-09-24T00:14:39.413-0400: 254.687: [GC (GCLocker Initiated GC) [PSYoungGen: 167651K->79783K(175104K)] 542138K->466523K(699392K), 0.0187153 secs] [Times: user=0.18 sys=0.00, real=0.02 secs] 
2016-09-24T00:14:39.583-0400: 254.857: [GC (Allocation Failure) [PSYoungGen: 167847K->36834K(175104K)] 560793K->448305K(699392K), 0.0100640 secs] [Times: user=0.10 sys=0.00, real=0.00 secs] 
2016-09-24T00:14:39.698-0400: 254.971: [GC (GCLocker Initiated GC) [PSYoungGen: 124012K->73380K(175104K)] 541557K->491037K(699392K), 0.0090000 secs] [Times: user=0.09 sys=0.00, real=0.01 secs] 
2016-09-24T00:14:39.831-0400: 255.105: [GC (GCLocker Initiated GC) [PSYoungGen: 161444K->61298K(175104K)] 585843K->504001K(699392K), 0.0118225 secs] [Times: user=0.10 sys=0.00, real=0.02 secs] 
2016-09-24T00:14:39.939-0400: 255.213: [GC (GCLocker Initiated GC) [PSYoungGen: 149362K->79523K(175104K)] 598300K->528736K(699392K), 0.0232854 secs] [Times: user=0.25 sys=0.00, real=0.03 secs] 
2016-09-24T00:14:40.061-0400: 255.335: [GC (GCLocker Initiated GC) --[PSYoungGen: 167587K->167587K(175104K)] 617107K->690143K(699392K), 0.0149089 secs] [Times: user=0.18 sys=0.00, real=0.02 secs] 
2016-09-24T00:14:40.076-0400: 255.350: [Full GC (Ergonomics) [PSYoungGen: 167587K->0K(175104K)] [ParOldGen: 522555K->48595K(524288K)] 690143K->48595K(699392K), [Metaspace: 44578K->44578K(1087488K)], 0.0645301 secs] [Times: user=0.49 sys=0.01, real=0.06 secs] 
2016-09-24T00:14:40.245-0400: 255.519: [GC (GCLocker Initiated GC) [PSYoungGen: 88064K->86142K(175104K)] 136992K->177596K(699392K), 0.0103289 secs] [Times: user=0.15 sys=0.01, real=0.01 secs] 
2016-09-24T00:14:40.400-0400: 255.674: [GC (GCLocker Initiated GC) [PSYoungGen: 174206K->43560K(175104K)] 271783K->178307K(699392K), 0.0110951 secs] [Times: user=0.13 sys=0.00, real=0.01 secs] 
2016-09-24T00:14:40.510-0400: 255.784: [GC (Allocation Failure) [PSYoungGen: 131624K->85790K(175104K)] 272505K->251269K(699392K), 0.0148039 secs] [Times: user=0.13 sys=0.01, real=0.02 secs] 
2016-09-24T00:14:40.650-0400: 255.924: [GC (GCLocker Initiated GC) [PSYoungGen: 169199K->61494K(175104K)] 340754K->288007K(699392K), 0.0160411 secs] [Times: user=0.16 sys=0.00, real=0.02 secs] 
2016-09-24T00:14:40.804-0400: 256.077: [GC (GCLocker Initiated GC) [PSYoungGen: 149558K->67533K(175104K)] 388270K->306692K(699392K), 0.0076371 secs] [Times: user=0.06 sys=0.00, real=0.00 secs] 
2016-09-24T00:14:40.916-0400: 256.190: [GC (GCLocker Initiated GC) [PSYoungGen: 155597K->61362K(175104K)] 400873K->361425K(699392K), 0.0366975 secs] [Times: user=0.39 sys=0.00, real=0.03 secs] 
2016-09-24T00:14:41.061-0400: 256.335: [GC (GCLocker Initiated GC) [PSYoungGen: 149426K->61362K(175104K)] 449692K->392271K(699392K), 0.0318635 secs] [Times: user=0.27 sys=0.00, real=0.03 secs] 
2016-09-24T00:14:41.204-0400: 256.477: [GC (GCLocker Initiated GC) [PSYoungGen: 149426K->73772K(175104K)] 486586K->411355K(699392K), 0.0251904 secs] [Times: user=0.26 sys=0.01, real=0.02 secs] 
2016-09-24T00:14:41.357-0400: 256.631: [GC (GCLocker Initiated GC) [PSYoungGen: 161836K->55155K(175104K)] 505692K->423619K(699392K), 0.0123762 secs] [Times: user=0.14 sys=0.00, real=0.01 secs] 
2016-09-24T00:14:41.485-0400: 256.759: [GC (GCLocker Initiated GC) [PSYoungGen: 143219K->85758K(175104K)] 511893K->478875K(699392K), 0.0279173 secs] [Times: user=0.34 sys=0.00, real=0.02 secs] 
2016-09-24T00:14:41.639-0400: 256.913: [GC (GCLocker Initiated GC) [PSYoungGen: 173822K->61458K(175104K)] 573027K->497397K(699392K), 0.0118528 secs] [Times: user=0.13 sys=0.00, real=0.01 secs] 
2016-09-24T00:14:41.752-0400: 257.026: [GC (GCLocker Initiated GC) [PSYoungGen: 149522K->67341K(175104K)] 585765K->522085K(699392K), 0.0145520 secs] [Times: user=0.14 sys=0.00, real=0.02 secs] 
2016-09-24T00:14:41.899-0400: 257.173: [Full GC (Ergonomics) [PSYoungGen: 155402K->0K(175104K)] [ParOldGen: 479388K->54405K(524288K)] 634791K->54405K(699392K), [Metaspace: 44580K->44580K(1087488K)], 0.0563528 secs] [Times: user=0.30 sys=0.00, real=0.06 secs] 
2016-09-24T00:14:42.069-0400: 257.343: [GC (GCLocker Initiated GC) [PSYoungGen: 88064K->74164K(175104K)] 154957K->141057K(699392K), 0.0073944 secs] [Times: user=0.09 sys=0.00, real=0.01 secs] 
2016-09-24T00:14:42.194-0400: 257.468: [GC (GCLocker Initiated GC) [PSYoungGen: 162228K->61398K(175104K)] 229186K->147013K(699392K), 0.0085832 secs] [Times: user=0.07 sys=0.01, real=0.02 secs] 
2016-09-24T00:14:42.330-0400: 257.603: [GC (GCLocker Initiated GC) [PSYoungGen: 149462K->49308K(175104K)] 241171K->177750K(699392K), 0.0088815 secs] [Times: user=0.11 sys=0.01, real=0.01 secs] 
2016-09-24T00:14:42.452-0400: 257.726: [GC (GCLocker Initiated GC) [PSYoungGen: 137372K->85790K(175104K)] 272037K->263108K(699392K), 0.0122599 secs] [Times: user=0.18 sys=0.00, real=0.02 secs] 
2016-09-24T00:14:42.583-0400: 257.857: [GC (GCLocker Initiated GC) [PSYoungGen: 173854K->85822K(175104K)] 357429K->330487K(699392K), 0.0106970 secs] [Times: user=0.17 sys=0.00, real=0.00 secs] 
2016-09-24T00:14:42.698-0400: 257.972: [GC (GCLocker Initiated GC) [PSYoungGen: 173886K->85954K(175104K)] 430743K->379576K(699392K), 0.0106973 secs] [Times: user=0.16 sys=0.00, real=0.01 secs] 
2016-09-24T00:14:42.842-0400: 258.116: [GC (GCLocker Initiated GC) [PSYoungGen: 174018K->85822K(175104K)] 468007K->446951K(699392K), 0.0120558 secs] [Times: user=0.17 sys=0.01, real=0.01 secs] 
2016-09-24T00:14:42.971-0400: 258.244: [GC (Allocation Failure) [PSYoungGen: 173886K->85726K(175104K)] 535102K->447209K(699392K), 0.0089902 secs] [Times: user=0.11 sys=0.00, real=0.01 secs] 
2016-09-24T00:14:43.088-0400: 258.362: [GC (GCLocker Initiated GC) [PSYoungGen: 173790K->61458K(175104K)] 535274K->459700K(699392K), 0.0088403 secs] [Times: user=0.10 sys=0.00, real=0.01 secs] 
2016-09-24T00:14:43.215-0400: 258.488: [GC (GCLocker Initiated GC) [PSYoungGen: 149522K->86314K(175104K)] 548091K->509351K(699392K), 0.0098810 secs] [Times: user=0.13 sys=0.01, real=0.01 secs] 
2016-09-24T00:14:43.351-0400: 258.624: [GC (GCLocker Initiated GC) [PSYoungGen: 174378K->61522K(175104K)] 603772K->533905K(699392K), 0.0099712 secs] [Times: user=0.12 sys=0.01, real=0.01 secs] 
2016-09-24T00:14:43.361-0400: 258.635: [Full GC (Ergonomics) [PSYoungGen: 61522K->0K(175104K)] [ParOldGen: 472382K->60466K(524288K)] 533905K->60466K(699392K), [Metaspace: 44580K->44580K(1087488K)], 0.0546474 secs] [Times: user=0.47 sys=0.00, real=0.06 secs] 
2016-09-24T00:14:43.528-0400: 258.802: [GC (GCLocker Initiated GC) [PSYoungGen: 88064K->73772K(175104K)] 148835K->134543K(699392K), 0.0090904 secs] [Times: user=0.13 sys=0.00, real=0.01 secs] 
2016-09-24T00:14:43.648-0400: 258.922: [GC (Allocation Failure) [PSYoungGen: 161836K->85790K(175104K)] 222833K->171707K(699392K), 0.0098721 secs] [Times: user=0.15 sys=0.00, real=0.01 secs] 
2016-09-24T00:14:43.766-0400: 259.039: [GC (GCLocker Initiated GC) [PSYoungGen: 173854K->55351K(175104K)] 259776K->159634K(699392K), 0.0078313 secs] [Times: user=0.09 sys=0.00, real=0.00 secs] 
2016-09-24T00:14:43.892-0400: 259.166: [GC (GCLocker Initiated GC) [PSYoungGen: 143415K->73836K(175104K)] 254128K->203050K(699392K), 0.0090282 secs] [Times: user=0.12 sys=0.00, real=0.01 secs] 
2016-09-24T00:14:44.019-0400: 259.293: [GC (Allocation Failure) [PSYoungGen: 161900K->85822K(175104K)] 291469K->222094K(699392K), 0.0094610 secs] [Times: user=0.13 sys=0.00, real=0.01 secs] 
2016-09-24T00:14:44.156-0400: 259.430: [GC (GCLocker Initiated GC) [PSYoungGen: 170534K->55611K(175104K)] 312881K->234567K(699392K), 0.0092224 secs] [Times: user=0.13 sys=0.00, real=0.01 secs] 
2016-09-24T00:14:44.271-0400: 259.545: [GC (GCLocker Initiated GC) [PSYoungGen: 143675K->85854K(175104K)] 322684K->313623K(699392K), 0.0098493 secs] [Times: user=0.14 sys=0.01, real=0.01 secs] 
2016-09-24T00:14:44.414-0400: 259.688: [GC (GCLocker Initiated GC) [PSYoungGen: 173918K->37322K(175104K)] 413955K->332357K(699392K), 0.0140391 secs] [Times: user=0.14 sys=0.01, real=0.02 secs] 
2016-09-24T00:14:44.546-0400: 259.820: [GC (GCLocker Initiated GC) [PSYoungGen: 125386K->61166K(175104K)] 420442K->374894K(699392K), 0.0129330 secs] [Times: user=0.12 sys=0.00, real=0.01 secs] 
2016-09-24T00:14:44.658-0400: 259.931: [GC (GCLocker Initiated GC) [PSYoungGen: 149230K->61330K(175104K)] 463191K->423995K(699392K), 0.0345190 secs] [Times: user=0.38 sys=0.00, real=0.03 secs] 
2016-09-24T00:14:44.800-0400: 260.074: [GC (GCLocker Initiated GC) [PSYoungGen: 149394K->67405K(175104K)] 518238K->460808K(699392K), 0.0269246 secs] [Times: user=0.32 sys=0.01, real=0.03 secs] 
2016-09-24T00:14:44.936-0400: 260.209: [GC (GCLocker Initiated GC) [PSYoungGen: 155469K->73480K(175104K)] 549015K->509670K(699392K), 0.0199885 secs] [Times: user=0.20 sys=0.00, real=0.02 secs] 
2016-09-24T00:14:45.064-0400: 260.338: [GC (GCLocker Initiated GC) [PSYoungGen: 161544K->67697K(175104K)] 597988K->552853K(699392K), 0.0418695 secs] [Times: user=0.49 sys=0.01, real=0.04 secs] 
2016-09-24T00:14:45.106-0400: 260.380: [Full GC (Ergonomics) [PSYoungGen: 67697K->0K(175104K)] [ParOldGen: 485156K->54413K(524288K)] 552853K->54413K(699392K), [Metaspace: 44583K->44583K(1087488K)], 0.0570929 secs] [Times: user=0.29 sys=0.01, real=0.06 secs] 
2016-09-24T00:14:45.277-0400: 260.550: [GC (GCLocker Initiated GC) [PSYoungGen: 88064K->85626K(175104K)] 142643K->164505K(699392K), 0.0231993 secs] [Times: user=0.30 sys=0.00, real=0.02 secs] 
2016-09-24T00:14:45.411-0400: 260.685: [GC (GCLocker Initiated GC) [PSYoungGen: 173690K->61622K(175104K)] 258826K->207652K(699392K), 0.0168990 secs] [Times: user=0.22 sys=0.00, real=0.02 secs] 
2016-09-24T00:14:45.536-0400: 260.810: [GC (GCLocker Initiated GC) [PSYoungGen: 149686K->85922K(175104K)] 295864K->250796K(699392K), 0.0179059 secs] [Times: user=0.21 sys=0.01, real=0.01 secs] 
2016-09-24T00:14:45.658-0400: 260.932: [GC (GCLocker Initiated GC) [PSYoungGen: 173986K->67661K(175104K)] 344960K->311835K(699392K), 0.0122097 secs] [Times: user=0.14 sys=0.00, real=0.01 secs] 
2016-09-24T00:14:45.772-0400: 261.046: [GC (GCLocker Initiated GC) [PSYoungGen: 155725K->73772K(175104K)] 400226K->336633K(699392K), 0.0087452 secs] [Times: user=0.09 sys=0.00, real=0.01 secs] 
2016-09-24T00:14:45.905-0400: 261.179: [GC (GCLocker Initiated GC) [PSYoungGen: 161836K->43037K(175104K)] 430983K->349058K(699392K), 0.0099900 secs] [Times: user=0.10 sys=0.01, real=0.01 secs] 
2016-09-24T00:14:46.028-0400: 261.302: [GC (GCLocker Initiated GC) [PSYoungGen: 131101K->79587K(175104K)] 437472K->386061K(699392K), 0.0088970 secs] [Times: user=0.09 sys=0.00, real=0.01 secs] 
2016-09-24T00:14:46.152-0400: 261.425: [GC (GCLocker Initiated GC) [PSYoungGen: 167651K->73476K(175104K)] 474441K->398823K(699392K), 0.0120861 secs] [Times: user=0.17 sys=0.00, real=0.02 secs] 
2016-09-24T00:14:46.258-0400: 261.532: [GC (Allocation Failure) [PSYoungGen: 161540K->85890K(175104K)] 486984K->435722K(699392K), 0.0178525 secs] [Times: user=0.19 sys=0.00, real=0.02 secs] 
2016-09-24T00:14:46.410-0400: 261.684: [GC (GCLocker Initiated GC) [PSYoungGen: 173101K->67373K(175104K)] 529009K->478230K(699392K), 0.0147335 secs] [Times: user=0.11 sys=0.00, real=0.02 secs] 
2016-09-24T00:14:46.552-0400: 261.826: [GC (GCLocker Initiated GC) [PSYoungGen: 155437K->55255K(175104K)] 578800K->478877K(699392K), 0.0151571 secs] [Times: user=0.14 sys=0.00, real=0.02 secs] 
2016-09-24T00:14:46.693-0400: 261.967: [GC (GCLocker Initiated GC) [PSYoungGen: 143319K->49312K(175104K)] 573198K->497676K(699392K), 0.0097659 secs] [Times: user=0.07 sys=0.00, real=0.02 secs] 
2016-09-24T00:14:46.703-0400: 261.977: [Full GC (Ergonomics) [PSYoungGen: 49312K->0K(175104K)] [ParOldGen: 448364K->54619K(524288K)] 497676K->54619K(699392K), [Metaspace: 44584K->44584K(1087488K)], 0.0595889 secs] [Times: user=0.39 sys=0.01, real=0.06 secs] 
2016-09-24T00:14:46.898-0400: 262.171: [GC (GCLocker Initiated GC) [PSYoungGen: 88064K->85726K(175104K)] 149018K->152763K(699392K), 0.0095321 secs] [Times: user=0.09 sys=0.01, real=0.01 secs] 
2016-09-24T00:14:47.032-0400: 262.306: [GC (GCLocker Initiated GC) [PSYoungGen: 173790K->43169K(175104K)] 247263K->159403K(699392K), 0.0311322 secs] [Times: user=0.25 sys=0.01, real=0.04 secs] 
2016-09-24T00:14:47.176-0400: 262.450: [GC (GCLocker Initiated GC) [PSYoungGen: 131233K->73676K(175104K)] 247655K->208443K(699392K), 0.0433662 secs] [Times: user=0.48 sys=0.00, real=0.04 secs] 
2016-09-24T00:14:47.348-0400: 262.621: [GC (GCLocker Initiated GC) [PSYoungGen: 161740K->49116K(175104K)] 302881K->220891K(699392K), 0.0341971 secs] [Times: user=0.36 sys=0.00, real=0.03 secs] 
2016-09-24T00:14:47.482-0400: 262.756: [GC (GCLocker Initiated GC) [PSYoungGen: 137180K->73804K(175104K)] 309322K->246066K(699392K), 0.0233844 secs] [Times: user=0.25 sys=0.00, real=0.03 secs] 
2016-09-24T00:14:47.628-0400: 262.901: [GC (GCLocker Initiated GC) [PSYoungGen: 161868K->61298K(175104K)] 340246K->246003K(699392K), 0.0196497 secs] [Times: user=0.15 sys=0.00, real=0.02 secs] 
2016-09-24T00:14:47.745-0400: 263.018: [GC (GCLocker Initiated GC) [PSYoungGen: 149362K->55323K(175104K)] 334422K->301229K(699392K), 0.0366338 secs] [Times: user=0.34 sys=0.00, real=0.03 secs] 
2016-09-24T00:14:47.915-0400: 263.188: [GC (GCLocker Initiated GC) [PSYoungGen: 143387K->55287K(175104K)] 389989K->375089K(699392K), 0.0165678 secs] [Times: user=0.18 sys=0.00, real=0.01 secs] 
2016-09-24T00:14:48.031-0400: 263.304: [GC (GCLocker Initiated GC) [PSYoungGen: 143351K->73412K(175104K)] 475519K->423917K(699392K), 0.0105971 secs] [Times: user=0.11 sys=0.00, real=0.01 secs] 
2016-09-24T00:14:48.140-0400: 263.414: [GC (GCLocker Initiated GC) [PSYoungGen: 161476K->67565K(175104K)] 518210K->442676K(699392K), 0.0113796 secs] [Times: user=0.14 sys=0.00, real=0.01 secs] 
2016-09-24T00:14:48.272-0400: 263.546: [GC (GCLocker Initiated GC) [PSYoungGen: 155629K->49248K(175104K)] 530791K->467187K(699392K), 0.0197032 secs] [Times: user=0.19 sys=0.00, real=0.02 secs] 
2016-09-24T00:14:48.400-0400: 263.674: [GC (GCLocker Initiated GC) [PSYoungGen: 137312K->85698K(175104K)] 555290K->509831K(699392K), 0.0353085 secs] [Times: user=0.42 sys=0.00, real=0.04 secs] 
2016-09-24T00:14:48.533-0400: 263.807: [GC (GCLocker Initiated GC) [PSYoungGen: 173762K->85758K(175104K)] 598088K->570954K(699392K), 0.0136784 secs] [Times: user=0.16 sys=0.00, real=0.02 secs] 
2016-09-24T00:14:48.547-0400: 263.821: [Full GC (Ergonomics) [PSYoungGen: 85758K->0K(175104K)] [ParOldGen: 485196K->54432K(524288K)] 570954K->54432K(699392K), [Metaspace: 44603K->44603K(1087488K)], 0.0725168 secs] [Times: user=0.56 sys=0.01, real=0.07 secs] 
2016-09-24T00:14:48.731-0400: 264.005: [GC (GCLocker Initiated GC) [PSYoungGen: 88064K->85822K(175104K)] 142784K->152692K(699392K), 0.0090708 secs] [Times: user=0.12 sys=0.00, real=0.01 secs] 
2016-09-24T00:14:48.866-0400: 264.139: [GC (GCLocker Initiated GC) [PSYoungGen: 173886K->79715K(175104K)] 240792K->207687K(699392K), 0.0134401 secs] [Times: user=0.19 sys=0.02, real=0.01 secs] 
2016-09-24T00:14:49.008-0400: 264.282: [GC (GCLocker Initiated GC) [PSYoungGen: 167779K->55515K(175104K)] 301952K->244671K(699392K), 0.0085657 secs] [Times: user=0.12 sys=0.00, real=0.01 secs] 
2016-09-24T00:14:49.135-0400: 264.408: [GC (GCLocker Initiated GC) [PSYoungGen: 143579K->85790K(175104K)] 332777K->305694K(699392K), 0.0088629 secs] [Times: user=0.12 sys=0.01, real=0.01 secs] 
2016-09-24T00:14:49.251-0400: 264.525: [GC (GCLocker Initiated GC) [PSYoungGen: 173854K->79583K(175104K)] 393847K->354542K(699392K), 0.0171379 secs] [Times: user=0.21 sys=0.01, real=0.02 secs] 
2016-09-24T00:14:49.395-0400: 264.669: [GC (GCLocker Initiated GC) [PSYoungGen: 167647K->73676K(175104K)] 442632K->367013K(699392K), 0.0088307 secs] [Times: user=0.08 sys=0.00, real=0.01 secs] 
2016-09-24T00:14:49.509-0400: 264.783: [GC (GCLocker Initiated GC) [PSYoungGen: 161740K->85630K(175104K)] 461200K->409674K(699392K), 0.0185618 secs] [Times: user=0.23 sys=0.00, real=0.02 secs] 
2016-09-24T00:14:49.643-0400: 264.917: [GC (GCLocker Initiated GC) [PSYoungGen: 173694K->79879K(175104K)] 504050K->465046K(699392K), 0.0121627 secs] [Times: user=0.13 sys=0.00, real=0.01 secs] 
2016-09-24T00:14:49.765-0400: 265.039: [GC (GCLocker Initiated GC) [PSYoungGen: 167943K->61526K(175104K)] 553426K->465518K(699392K), 0.0344585 secs] [Times: user=0.35 sys=0.00, real=0.03 secs] 
2016-09-24T00:14:49.902-0400: 265.175: [GC (Allocation Failure) [PSYoungGen: 149590K->73608K(175104K)] 553735K->514495K(699392K), 0.0137802 secs] [Times: user=0.15 sys=0.00, real=0.02 secs] 
2016-09-24T00:14:50.025-0400: 265.298: [GC (GCLocker Initiated GC) [PSYoungGen: 161667K->61494K(175104K)] 602559K->520887K(699392K), 0.0113408 secs] [Times: user=0.11 sys=0.00, real=0.01 secs] 
2016-09-24T00:14:50.036-0400: 265.310: [Full GC (Ergonomics) [PSYoungGen: 61494K->0K(175104K)] [ParOldGen: 459393K->55059K(524288K)] 520887K->55059K(699392K), [Metaspace: 44610K->44610K(1087488K)], 0.0608103 secs] [Times: user=0.37 sys=0.01, real=0.06 secs] 
2016-09-24T00:14:50.213-0400: 265.487: [GC (GCLocker Initiated GC) [PSYoungGen: 88064K->85694K(175104K)] 149301K->159081K(699392K), 0.0215573 secs] [Times: user=0.24 sys=0.00, real=0.03 secs] 
2016-09-24T00:14:50.339-0400: 265.613: [GC (GCLocker Initiated GC) [PSYoungGen: 173758K->67469K(175104K)] 247832K->184352K(699392K), 0.0183772 secs] [Times: user=0.20 sys=0.00, real=0.02 secs] 
2016-09-24T00:14:50.468-0400: 265.742: [GC (GCLocker Initiated GC) [PSYoungGen: 155533K->67309K(175104K)] 278650K->220897K(699392K), 0.0216041 secs] [Times: user=0.19 sys=0.00, real=0.02 secs] 
2016-09-24T00:14:50.600-0400: 265.874: [GC (GCLocker Initiated GC) [PSYoungGen: 155373K->73608K(175104K)] 308970K->263938K(699392K), 0.0215876 secs] [Times: user=0.25 sys=0.00, real=0.02 secs] 
2016-09-24T00:14:50.731-0400: 266.005: [GC (GCLocker Initiated GC) [PSYoungGen: 161672K->85826K(175104K)] 352033K->306657K(699392K), 0.0298883 secs] [Times: user=0.34 sys=0.01, real=0.03 secs] 
2016-09-24T00:14:50.880-0400: 266.153: [GC (GCLocker Initiated GC) [PSYoungGen: 173890K->43169K(175104K)] 401001K->349694K(699392K), 0.0310237 secs] [Times: user=0.35 sys=0.00, real=0.03 secs] 
2016-09-24T00:14:51.051-0400: 266.325: [GC (Allocation Failure) [PSYoungGen: 131233K->25011K(175104K)] 456271K->386783K(699392K), 0.0168343 secs] [Times: user=0.15 sys=0.00, real=0.02 secs] 
2016-09-24T00:14:51.202-0400: 266.476: [GC (GCLocker Initiated GC) [PSYoungGen: 112277K->37521K(175104K)] 480124K->405636K(699392K), 0.0145496 secs] [Times: user=0.13 sys=0.00, real=0.02 secs] 
2016-09-24T00:14:51.343-0400: 266.617: [GC (GCLocker Initiated GC) [PSYoungGen: 125585K->67405K(175104K)] 493898K->454374K(699392K), 0.0098742 secs] [Times: user=0.08 sys=0.00, real=0.00 secs] 
2016-09-24T00:14:51.484-0400: 266.758: [GC (GCLocker Initiated GC) [PSYoungGen: 155469K->55319K(175104K)] 554731K->509547K(699392K), 0.0170639 secs] [Times: user=0.19 sys=0.00, real=0.01 secs] 
2016-09-24T00:14:51.502-0400: 266.775: [Full GC (Ergonomics) [PSYoungGen: 55319K->0K(175104K)] [ParOldGen: 454228K->54496K(524288K)] 509547K->54496K(699392K), [Metaspace: 44610K->44610K(1087488K)], 0.0668234 secs] [Times: user=0.45 sys=0.00, real=0.07 secs] 
2016-09-24T00:14:51.674-0400: 266.947: [GC (GCLocker Initiated GC) [PSYoungGen: 88064K->86406K(175104K)] 154842K->159259K(699392K), 0.0118014 secs] [Times: user=0.10 sys=0.01, real=0.02 secs] 
2016-09-24T00:14:51.776-0400: 267.050: [GC (GCLocker Initiated GC) [PSYoungGen: 174470K->79747K(175104K)] 247376K->214115K(699392K), 0.0151662 secs] [Times: user=0.16 sys=0.00, real=0.01 secs] 
2016-09-24T00:14:51.880-0400: 267.153: [GC (GCLocker Initiated GC) [PSYoungGen: 167811K->79783K(175104K)] 302382K->256975K(699392K), 0.0115711 secs] [Times: user=0.08 sys=0.01, real=0.01 secs] 
2016-09-24T00:14:52.005-0400: 267.279: [GC (GCLocker Initiated GC) [PSYoungGen: 167847K->73704K(175104K)] 345412K->288191K(699392K), 0.0102699 secs] [Times: user=0.15 sys=0.01, real=0.01 secs] 
2016-09-24T00:14:52.135-0400: 267.408: [GC (Allocation Failure) [PSYoungGen: 161768K->86150K(175104K)] 376341K->331241K(699392K), 0.0106089 secs] [Times: user=0.12 sys=0.00, real=0.01 secs] 
2016-09-24T00:14:52.285-0400: 267.559: [GC (Allocation Failure) [PSYoungGen: 172893K->24944K(175104K)] 417984K->349310K(699392K), 0.0185156 secs] [Times: user=0.18 sys=0.01, real=0.02 secs] 
2016-09-24T00:14:52.422-0400: 267.695: [GC (GCLocker Initiated GC) [PSYoungGen: 113008K->73348K(175104K)] 437375K->397982K(699392K), 0.0093418 secs] [Times: user=0.09 sys=0.01, real=0.01 secs] 
2016-09-24T00:14:52.534-0400: 267.808: [GC (GCLocker Initiated GC) [PSYoungGen: 161412K->73804K(175104K)] 498422K->410942K(699392K), 0.0188635 secs] [Times: user=0.22 sys=0.01, real=0.02 secs] 
2016-09-24T00:14:52.651-0400: 267.925: [GC (GCLocker Initiated GC) [PSYoungGen: 161868K->85858K(175104K)] 499142K->447732K(699392K), 0.0126875 secs] [Times: user=0.12 sys=0.00, real=0.02 secs] 
2016-09-24T00:14:52.794-0400: 268.067: [GC (GCLocker Initiated GC) [PSYoungGen: 173922K->55223K(175104K)] 536039K->460133K(699392K), 0.0099621 secs] [Times: user=0.08 sys=0.00, real=0.02 secs] 
2016-09-24T00:14:52.922-0400: 268.196: [GC (Allocation Failure) [PSYoungGen: 143287K->36966K(175104K)] 566458K->490771K(699392K), 0.0226936 secs] [Times: user=0.26 sys=0.00, real=0.02 secs] 
2016-09-24T00:14:52.945-0400: 268.219: [Full GC (Ergonomics) [PSYoungGen: 36966K->0K(175104K)] [ParOldGen: 453805K->54891K(524288K)] 490771K->54891K(699392K), [Metaspace: 44610K->44610K(1087488K)], 0.0627562 secs] [Times: user=0.44 sys=0.01, real=0.06 secs] 
2016-09-24T00:14:53.148-0400: 268.422: [GC (GCLocker Initiated GC) [PSYoungGen: 88064K->73864K(175104K)] 142961K->128761K(699392K), 0.0068964 secs] [Times: user=0.08 sys=0.00, real=0.01 secs] 
2016-09-24T00:14:53.267-0400: 268.540: [GC (GCLocker Initiated GC) [PSYoungGen: 161928K->36934K(175104K)] 216840K->128809K(699392K), 0.0135277 secs] [Times: user=0.11 sys=0.01, real=0.01 secs] 
2016-09-24T00:14:53.382-0400: 268.656: [GC (GCLocker Initiated GC) [PSYoungGen: 124998K->79491K(175104K)] 223096K->177857K(699392K), 0.0346231 secs] [Times: user=0.34 sys=0.00, real=0.04 secs] 
2016-09-24T00:14:53.530-0400: 268.804: [GC (GCLocker Initiated GC) [PSYoungGen: 167555K->49571K(175104K)] 272250K->191000K(699392K), 0.0172817 secs] [Times: user=0.16 sys=0.00, real=0.02 secs] 
2016-09-24T00:14:53.671-0400: 268.945: [GC (GCLocker Initiated GC) [PSYoungGen: 137635K->55383K(175104K)] 285501K->240113K(699392K), 0.0098829 secs] [Times: user=0.08 sys=0.00, real=0.01 secs] 
2016-09-24T00:14:53.813-0400: 269.087: [GC (GCLocker Initiated GC) [PSYoungGen: 143447K->55387K(175104K)] 340555K->252606K(699392K), 0.0298829 secs] [Times: user=0.26 sys=0.00, real=0.04 secs] 
2016-09-24T00:14:53.950-0400: 269.223: [GC (GCLocker Initiated GC) [PSYoungGen: 143451K->49148K(175104K)] 340947K->265293K(699392K), 0.0116435 secs] [Times: user=0.10 sys=0.00, real=0.01 secs] 
2016-09-24T00:14:54.062-0400: 269.336: [GC (GCLocker Initiated GC) [PSYoungGen: 137212K->61558K(175104K)] 353393K->308241K(699392K), 0.0251913 secs] [Times: user=0.27 sys=0.00, real=0.02 secs] 
2016-09-24T00:14:54.227-0400: 269.500: [GC (GCLocker Initiated GC) [PSYoungGen: 149622K->67273K(175104K)] 396661K->351030K(699392K), 0.0368607 secs] [Times: user=0.40 sys=0.01, real=0.04 secs] 
2016-09-24T00:14:54.398-0400: 269.672: [GC (GCLocker Initiated GC) [PSYoungGen: 155337K->73476K(175104K)] 439153K->399937K(699392K), 0.0121021 secs] [Times: user=0.11 sys=0.00, real=0.01 secs] 
2016-09-24T00:14:54.523-0400: 269.797: [GC (GCLocker Initiated GC) [PSYoungGen: 161540K->49376K(175104K)] 494325K->418738K(699392K), 0.0211835 secs] [Times: user=0.22 sys=0.01, real=0.02 secs] 
2016-09-24T00:14:54.663-0400: 269.937: [GC (Allocation Failure) [PSYoungGen: 137440K->67729K(175104K)] 507124K->456069K(699392K), 0.0095617 secs] [Times: user=0.10 sys=0.00, real=0.00 secs] 
2016-09-24T00:14:54.802-0400: 270.075: [GC (GCLocker Initiated GC) [PSYoungGen: 153916K->73480K(175104K)] 548332K->474222K(699392K), 0.0179088 secs] [Times: user=0.16 sys=0.00, real=0.02 secs] 
2016-09-24T00:14:54.937-0400: 270.210: [GC (GCLocker Initiated GC) [PSYoungGen: 161544K->67437K(175104K)] 562417K->486646K(699392K), 0.0148391 secs] [Times: user=0.17 sys=0.00, real=0.01 secs] 
2016-09-24T00:14:55.076-0400: 270.349: [GC (Allocation Failure) [PSYoungGen: 155501K->49603K(175104K)] 581073K->560370K(699392K), 0.0209205 secs] [Times: user=0.25 sys=0.00, real=0.02 secs] 
2016-09-24T00:14:55.097-0400: 270.370: [Full GC (Ergonomics) [PSYoungGen: 49603K->0K(175104K)] [ParOldGen: 510766K->55124K(524288K)] 560370K->55124K(699392K), [Metaspace: 44610K->44610K(1087488K)], 0.0522574 secs] [Times: user=0.26 sys=0.01, real=0.05 secs] 
2016-09-24T00:14:55.245-0400: 270.519: [GC (GCLocker Initiated GC) [PSYoungGen: 88064K->85982K(175104K)] 143194K->159337K(699392K), 0.0102201 secs] [Times: user=0.12 sys=0.01, real=0.01 secs] 
2016-09-24T00:14:55.363-0400: 270.637: [GC (GCLocker Initiated GC) [PSYoungGen: 174046K->55091K(175104K)] 247460K->165463K(699392K), 0.0220475 secs] [Times: user=0.18 sys=0.00, real=0.02 secs] 
2016-09-24T00:14:55.511-0400: 270.784: [GC (GCLocker Initiated GC) [PSYoungGen: 143155K->67765K(175104K)] 259811K->227074K(699392K), 0.0515735 secs] [Times: user=0.44 sys=0.01, real=0.06 secs] 
2016-09-24T00:14:55.662-0400: 270.935: [GC (GCLocker Initiated GC) [PSYoungGen: 155829K->55383K(175104K)] 321305K->263840K(699392K), 0.0172222 secs] [Times: user=0.17 sys=0.00, real=0.02 secs] 
2016-09-24T00:14:55.786-0400: 271.060: [GC (GCLocker Initiated GC) [PSYoungGen: 143447K->73544K(175104K)] 351940K->318607K(699392K), 0.0169786 secs] [Times: user=0.16 sys=0.00, real=0.02 secs] 
2016-09-24T00:14:55.913-0400: 271.187: [GC (GCLocker Initiated GC) [PSYoungGen: 161608K->67505K(175104K)] 418964K->361571K(699392K), 0.0285968 secs] [Times: user=0.28 sys=0.01, real=0.03 secs] 
2016-09-24T00:14:56.040-0400: 271.314: [GC (GCLocker Initiated GC) [PSYoungGen: 155569K->49404K(175104K)] 449996K->417062K(699392K), 0.0263805 secs] [Times: user=0.27 sys=0.03, real=0.03 secs] 
2016-09-24T00:14:56.156-0400: 271.429: [GC (GCLocker Initiated GC) [PSYoungGen: 137468K->85762K(175104K)] 505292K->471922K(699392K), 0.0099583 secs] [Times: user=0.09 sys=0.01, real=0.01 secs] 
2016-09-24T00:14:56.296-0400: 271.570: [GC (GCLocker Initiated GC) [PSYoungGen: 173826K->19096K(175104K)] 584456K->515249K(699392K), 0.0122652 secs] [Times: user=0.14 sys=0.01, real=0.01 secs] 
2016-09-24T00:14:56.309-0400: 271.582: [Full GC (Ergonomics) [PSYoungGen: 19096K->0K(175104K)] [ParOldGen: 496152K->54950K(524288K)] 515249K->54950K(699392K), [Metaspace: 44610K->44610K(1087488K)], 0.0600196 secs] [Times: user=0.38 sys=0.01, real=0.06 secs] 
2016-09-24T00:14:56.502-0400: 271.775: [GC (Allocation Failure) [PSYoungGen: 88064K->73772K(175104K)] 149231K->134940K(699392K), 0.0103998 secs] [Times: user=0.13 sys=0.00, real=0.01 secs] 
2016-09-24T00:14:56.640-0400: 271.914: [GC (GCLocker Initiated GC) [PSYoungGen: 161836K->61490K(175104K)] 223009K->159405K(699392K), 0.0175993 secs] [Times: user=0.21 sys=0.00, real=0.02 secs] 
2016-09-24T00:14:56.758-0400: 272.032: [GC (GCLocker Initiated GC) [PSYoungGen: 149554K->73740K(175104K)] 247690K->190268K(699392K), 0.0226653 secs] [Times: user=0.30 sys=0.00, real=0.02 secs] 
2016-09-24T00:14:56.901-0400: 272.174: [GC (Allocation Failure) [PSYoungGen: 161804K->43073K(175104K)] 284466K->208856K(699392K), 0.0188998 secs] [Times: user=0.18 sys=0.00, real=0.02 secs] 
2016-09-24T00:14:57.045-0400: 272.319: [GC (GCLocker Initiated GC) [PSYoungGen: 131135K->67337K(175104K)] 296924K->269851K(699392K), 0.0169828 secs] [Times: user=0.17 sys=0.00, real=0.01 secs] 
2016-09-24T00:14:57.146-0400: 272.419: [GC (GCLocker Initiated GC) [PSYoungGen: 155401K->73608K(175104K)] 358276K->294843K(699392K), 0.0102050 secs] [Times: user=0.09 sys=0.00, real=0.01 secs] 
2016-09-24T00:14:57.254-0400: 272.528: [GC (GCLocker Initiated GC) [PSYoungGen: 161672K->85922K(175104K)] 383044K->344019K(699392K), 0.0299351 secs] [Times: user=0.32 sys=0.00, real=0.04 secs] 
2016-09-24T00:14:57.429-0400: 272.703: [GC (Allocation Failure) [PSYoungGen: 173986K->67241K(175104K)] 432254K->344141K(699392K), 0.0116450 secs] [Times: user=0.11 sys=0.00, real=0.01 secs] 
2016-09-24T00:14:57.546-0400: 272.820: [GC (GCLocker Initiated GC) [PSYoungGen: 155305K->73380K(175104K)] 432211K->392938K(699392K), 0.0189975 secs] [Times: user=0.19 sys=0.01, real=0.02 secs] 
2016-09-24T00:14:57.669-0400: 272.943: [GC (Allocation Failure) [PSYoungGen: 161444K->55355K(175104K)] 481178K->411635K(699392K), 0.0204105 secs] [Times: user=0.18 sys=0.00, real=0.02 secs] 
2016-09-24T00:14:57.789-0400: 273.063: [GC (GCLocker Initiated GC) [PSYoungGen: 142401K->49052K(175104K)] 504757K->423816K(699392K), 0.0303310 secs] [Times: user=0.31 sys=0.00, real=0.03 secs] 
2016-09-24T00:14:57.938-0400: 273.212: [GC (GCLocker Initiated GC) [PSYoungGen: 137116K->73412K(175104K)] 518048K->466598K(699392K), 0.0126219 secs] [Times: user=0.14 sys=0.01, real=0.01 secs] 
2016-09-24T00:14:58.069-0400: 273.342: [GC (GCLocker Initiated GC) [PSYoungGen: 161476K->61590K(175104K)] 554910K->509803K(699392K), 0.0169772 secs] [Times: user=0.21 sys=0.00, real=0.02 secs] 
2016-09-24T00:14:58.193-0400: 273.467: [GC (GCLocker Initiated GC) [PSYoungGen: 149654K->55191K(175104K)] 597953K->515899K(699392K), 0.0370836 secs] [Times: user=0.42 sys=0.00, real=0.04 secs] 
2016-09-24T00:14:58.231-0400: 273.504: [Full GC (Ergonomics) [PSYoungGen: 55191K->0K(175104K)] [ParOldGen: 460708K->49340K(524288K)] 515899K->49340K(699392K), [Metaspace: 44610K->44610K(1087488K)], 0.0591716 secs] [Times: user=0.36 sys=0.01, real=0.06 secs] 
2016-09-24T00:14:58.395-0400: 273.668: [GC (GCLocker Initiated GC) [PSYoungGen: 88064K->86734K(175104K)] 143645K->148390K(699392K), 0.0097366 secs] [Times: user=0.12 sys=0.00, real=0.01 secs] 
2016-09-24T00:14:58.524-0400: 273.798: [GC (GCLocker Initiated GC) [PSYoungGen: 174798K->43329K(175104K)] 236558K->160671K(699392K), 0.0087175 secs] [Times: user=0.09 sys=0.00, real=0.00 secs] 
2016-09-24T00:14:58.625-0400: 273.898: [GC (Allocation Failure) [PSYoungGen: 131393K->85854K(175104K)] 248938K->227843K(699392K), 0.0097629 secs] [Times: user=0.15 sys=0.00, real=0.01 secs] 
2016-09-24T00:14:58.635-0400: 273.909: [GC (GCLocker Initiated GC) [PSYoungGen: 85859K->0K(175104K)] 227849K->233526K(699392K), 0.0076239 secs] [Times: user=0.09 sys=0.00, real=0.01 secs] 
2016-09-24T00:14:58.748-0400: 274.022: [GC (GCLocker Initiated GC) [PSYoungGen: 86448K->86406K(175104K)] 326049K->338157K(699392K), 0.0120987 secs] [Times: user=0.16 sys=0.00, real=0.01 secs] 
2016-09-24T00:14:58.864-0400: 274.138: [GC (GCLocker Initiated GC) [PSYoungGen: 174470K->55287K(175104K)] 426252K->344207K(699392K), 0.0118594 secs] [Times: user=0.11 sys=0.00, real=0.01 secs] 
2016-09-24T00:14:58.990-0400: 274.264: [GC (GCLocker Initiated GC) [PSYoungGen: 143351K->49184K(175104K)] 432307K->344302K(699392K), 0.0428561 secs] [Times: user=0.37 sys=0.00, real=0.04 secs] 
2016-09-24T00:14:59.141-0400: 274.415: [GC (Allocation Failure) [PSYoungGen: 137248K->49116K(175104K)] 432402K->375077K(699392K), 0.0157342 secs] [Times: user=0.16 sys=0.00, real=0.02 secs] 
2016-09-24T00:14:59.259-0400: 274.533: [GC (GCLocker Initiated GC) [PSYoungGen: 137180K->49212K(175104K)] 463146K->417987K(699392K), 0.0152473 secs] [Times: user=0.16 sys=0.00, real=0.02 secs] 
2016-09-24T00:14:59.409-0400: 274.683: [GC (GCLocker Initiated GC) [PSYoungGen: 137276K->79491K(175104K)] 518310K->479010K(699392K), 0.0249927 secs] [Times: user=0.25 sys=0.00, real=0.02 secs] 
2016-09-24T00:14:59.549-0400: 274.822: [GC (GCLocker Initiated GC) [PSYoungGen: 167555K->67601K(175104K)] 567435K->492056K(699392K), 0.0172980 secs] [Times: user=0.17 sys=0.00, real=0.02 secs] 
2016-09-24T00:14:59.702-0400: 274.976: [GC (Allocation Failure) [PSYoungGen: 155665K->43073K(175104K)] 586545K->516729K(699392K), 0.0169172 secs] [Times: user=0.17 sys=0.00, real=0.01 secs] 
2016-09-24T00:14:59.719-0400: 274.993: [Full GC (Ergonomics) [PSYoungGen: 43073K->0K(175104K)] [ParOldGen: 473656K->55006K(524288K)] 516729K->55006K(699392K), [Metaspace: 44610K->44610K(1087488K)], 0.0558601 secs] [Times: user=0.28 sys=0.02, real=0.06 secs] 
2016-09-24T00:14:59.876-0400: 275.150: [GC (GCLocker Initiated GC) [PSYoungGen: 88064K->73804K(175104K)] 143076K->128816K(699392K), 0.0172276 secs] [Times: user=0.19 sys=0.01, real=0.01 secs] 
2016-09-24T00:14:59.996-0400: 275.270: [GC (GCLocker Initiated GC) [PSYoungGen: 161868K->67633K(175104K)] 216944K->159458K(699392K), 0.0131616 secs] [Times: user=0.14 sys=0.00, real=0.01 secs] 
2016-09-24T00:15:00.123-0400: 275.397: [GC (GCLocker Initiated GC) [PSYoungGen: 155697K->18904K(175104K)] 253947K->166179K(699392K), 0.0109622 secs] [Times: user=0.08 sys=0.00, real=0.01 secs] 
2016-09-24T00:15:00.248-0400: 275.522: [GC (GCLocker Initiated GC) [PSYoungGen: 106968K->67405K(175104K)] 260489K->239253K(699392K), 0.0111970 secs] [Times: user=0.08 sys=0.00, real=0.01 secs] 
2016-09-24T00:15:00.389-0400: 275.662: [GC (GCLocker Initiated GC) [PSYoungGen: 155469K->73644K(175104K)] 327677K->245956K(699392K), 0.0266889 secs] [Times: user=0.29 sys=0.01, real=0.03 secs] 
2016-09-24T00:15:00.522-0400: 275.796: [GC (Allocation Failure) [PSYoungGen: 161708K->30663K(175104K)] 340137K->245981K(699392K), 0.0333366 secs] [Times: user=0.30 sys=0.01, real=0.04 secs] 
2016-09-24T00:15:00.651-0400: 275.925: [GC (GCLocker Initiated GC) [PSYoungGen: 118727K->79683K(175104K)] 334051K->319427K(699392K), 0.0164626 secs] [Times: user=0.16 sys=0.00, real=0.02 secs] 
2016-09-24T00:15:00.810-0400: 276.084: [GC (GCLocker Initiated GC) [PSYoungGen: 167747K->49308K(175104K)] 419953K->320030K(699392K), 0.0150096 secs] [Times: user=0.16 sys=0.01, real=0.02 secs] 
2016-09-24T00:15:00.950-0400: 276.223: [GC (GCLocker Initiated GC) [PSYoungGen: 137372K->49084K(175104K)] 408410K->320373K(699392K), 0.0090046 secs] [Times: user=0.09 sys=0.00, real=0.01 secs] 
2016-09-24T00:15:01.061-0400: 276.335: [GC (GCLocker Initiated GC) [PSYoungGen: 137148K->61490K(175104K)] 414588K->400011K(699392K), 0.0139413 secs] [Times: user=0.17 sys=0.00, real=0.02 secs] 
2016-09-24T00:15:01.211-0400: 276.485: [GC (GCLocker Initiated GC) [PSYoungGen: 149554K->86054K(175104K)] 500329K->437276K(699392K), 0.0164519 secs] [Times: user=0.21 sys=0.00, real=0.02 secs] 
2016-09-24T00:15:01.335-0400: 276.608: [GC (GCLocker Initiated GC) [PSYoungGen: 174118K->49016K(175104K)] 525466K->461562K(699392K), 0.0184157 secs] [Times: user=0.20 sys=0.00, real=0.01 secs] 
2016-09-24T00:15:01.447-0400: 276.720: [GC (GCLocker Initiated GC) [PSYoungGen: 137080K->85954K(175104K)] 549684K->529053K(699392K), 0.0190125 secs] [Times: user=0.23 sys=0.00, real=0.02 secs] 
2016-09-24T00:15:01.595-0400: 276.868: [GC (Allocation Failure) [PSYoungGen: 174018K->49244K(175104K)] 617225K->553673K(699392K), 0.0108644 secs] [Times: user=0.12 sys=0.00, real=0.01 secs] 
2016-09-24T00:15:01.606-0400: 276.879: [Full GC (Ergonomics) [PSYoungGen: 49244K->0K(175104K)] [ParOldGen: 504429K->43082K(524288K)] 553673K->43082K(699392K), [Metaspace: 44610K->44610K(1087488K)], 0.0562409 secs] [Times: user=0.42 sys=0.01, real=0.05 secs] 
2016-09-24T00:15:01.756-0400: 277.029: [GC (GCLocker Initiated GC) [PSYoungGen: 88064K->86602K(175104K)] 131152K->153990K(699392K), 0.0130697 secs] [Times: user=0.17 sys=0.00, real=0.01 secs] 
2016-09-24T00:15:01.890-0400: 277.164: [GC (GCLocker Initiated GC) [PSYoungGen: 174666K->55743K(175104K)] 242257K->179073K(699392K), 0.0119935 secs] [Times: user=0.18 sys=0.01, real=0.01 secs] 
2016-09-24T00:15:02.052-0400: 277.326: [GC (GCLocker Initiated GC) [PSYoungGen: 143807K->36930K(175104K)] 273214K->166589K(699392K), 0.0117136 secs] [Times: user=0.15 sys=0.00, real=0.02 secs] 
2016-09-24T00:15:02.224-0400: 277.498: [GC (GCLocker Initiated GC) [PSYoungGen: 124994K->55283K(175104K)] 260893K->191309K(699392K), 0.0105006 secs] [Times: user=0.13 sys=0.00, real=0.01 secs] 
2016-09-24T00:15:02.339-0400: 277.613: [GC (GCLocker Initiated GC) [PSYoungGen: 143347K->85658K(175104K)] 279415K->227944K(699392K), 0.0107591 secs] [Times: user=0.10 sys=0.00, real=0.01 secs] 
2016-09-24T00:15:02.468-0400: 277.742: [GC (GCLocker Initiated GC) [PSYoungGen: 173722K->49244K(175104K)] 322421K->258829K(699392K), 0.0102306 secs] [Times: user=0.09 sys=0.00, real=0.01 secs] 
2016-09-24T00:15:02.617-0400: 277.891: [GC (GCLocker Initiated GC) [PSYoungGen: 137308K->61266K(175104K)] 347115K->271332K(699392K), 0.0271884 secs] [Times: user=0.26 sys=0.00, real=0.03 secs] 
2016-09-24T00:15:02.750-0400: 278.024: [GC (GCLocker Initiated GC) [PSYoungGen: 149330K->67960K(175104K)] 359641K->296928K(699392K), 0.0102331 secs] [Times: user=0.10 sys=0.01, real=0.01 secs] 
2016-09-24T00:15:02.858-0400: 278.131: [GC (GCLocker Initiated GC) [PSYoungGen: 156024K->67469K(175104K)] 403265K->345367K(699392K), 0.0343234 secs] [Times: user=0.40 sys=0.01, real=0.03 secs] 
2016-09-24T00:15:03.003-0400: 278.277: [GC (GCLocker Initiated GC) [PSYoungGen: 155533K->49536K(175104K)] 433535K->406673K(699392K), 0.0111545 secs] [Times: user=0.13 sys=0.00, real=0.00 secs] 
2016-09-24T00:15:03.095-0400: 278.369: [GC (GCLocker Initiated GC) [PSYoungGen: 137600K->86182K(175104K)] 495332K->492846K(699392K), 0.0153257 secs] [Times: user=0.17 sys=0.00, real=0.01 secs] 
2016-09-24T00:15:03.240-0400: 278.513: [GC (GCLocker Initiated GC) [PSYoungGen: 174246K->49475K(175104K)] 587113K->523516K(699392K), 0.0208731 secs] [Times: user=0.20 sys=0.00, real=0.02 secs] 
2016-09-24T00:15:03.261-0400: 278.534: [Full GC (Ergonomics) [PSYoungGen: 49475K->0K(175104K)] [ParOldGen: 474040K->50038K(524288K)] 523516K->50038K(699392K), [Metaspace: 44617K->44617K(1087488K)], 0.0590123 secs] [Times: user=0.30 sys=0.00, real=0.06 secs] 
2016-09-24T00:15:03.416-0400: 278.690: [GC (GCLocker Initiated GC) [PSYoungGen: 88064K->86078K(175104K)] 156537K->178851K(699392K), 0.0164689 secs] [Times: user=0.23 sys=0.00, real=0.01 secs] 
2016-09-24T00:15:03.522-0400: 278.796: [GC (GCLocker Initiated GC) [PSYoungGen: 174142K->85886K(175104K)] 266957K->258271K(699392K), 0.0166756 secs] [Times: user=0.23 sys=0.00, real=0.02 secs] 
2016-09-24T00:15:03.650-0400: 278.924: [GC (GCLocker Initiated GC) [PSYoungGen: 173950K->73740K(175104K)] 352446K->301300K(699392K), 0.0121750 secs] [Times: user=0.16 sys=0.00, real=0.02 secs] 
2016-09-24T00:15:03.769-0400: 279.043: [GC (GCLocker Initiated GC) [PSYoungGen: 161804K->55187K(175104K)] 395741K->338211K(699392K), 0.0095866 secs] [Times: user=0.13 sys=0.00, real=0.01 secs] 
2016-09-24T00:15:03.890-0400: 279.164: [GC (GCLocker Initiated GC) [PSYoungGen: 143251K->85822K(175104K)] 432398K->387271K(699392K), 0.0170724 secs] [Times: user=0.25 sys=0.00, real=0.02 secs] 
2016-09-24T00:15:04.015-0400: 279.289: [GC (GCLocker Initiated GC) [PSYoungGen: 173886K->73672K(175104K)] 475383K->405868K(699392K), 0.0114199 secs] [Times: user=0.16 sys=0.00, real=0.01 secs] 
2016-09-24T00:15:04.128-0400: 279.402: [GC (Allocation Failure) [PSYoungGen: 161736K->86150K(175104K)] 494170K->449298K(699392K), 0.0118976 secs] [Times: user=0.19 sys=0.00, real=0.01 secs] 
2016-09-24T00:15:04.257-0400: 279.530: [GC (GCLocker Initiated GC) [PSYoungGen: 174214K->79779K(175104K)] 537368K->510402K(699392K), 0.0114305 secs] [Times: user=0.16 sys=0.00, real=0.01 secs] 
2016-09-24T00:15:04.268-0400: 279.542: [Full GC (Ergonomics) [PSYoungGen: 79779K->0K(175104K)] [ParOldGen: 430622K->55290K(524288K)] 510402K->55290K(699392K), [Metaspace: 44617K->44617K(1087488K)], 0.0522101 secs] [Times: user=0.44 sys=0.00, real=0.05 secs] 
2016-09-24T00:15:04.450-0400: 279.723: [GC (GCLocker Initiated GC) [PSYoungGen: 88064K->86406K(175104K)] 143457K->184324K(699392K), 0.0158988 secs] [Times: user=0.21 sys=0.01, real=0.02 secs] 
2016-09-24T00:15:04.573-0400: 279.846: [GC (GCLocker Initiated GC) [PSYoungGen: 174470K->73736K(175104K)] 272430K->239601K(699392K), 0.0126817 secs] [Times: user=0.19 sys=0.00, real=0.02 secs] 
2016-09-24T00:15:04.713-0400: 279.986: [GC (GCLocker Initiated GC) [PSYoungGen: 161800K->67793K(175104K)] 333821K->276399K(699392K), 0.0098303 secs] [Times: user=0.15 sys=0.00, real=0.02 secs] 
2016-09-24T00:15:04.850-0400: 280.124: [GC (GCLocker Initiated GC) [PSYoungGen: 155857K->67177K(175104K)] 364512K->294488K(699392K), 0.0181299 secs] [Times: user=0.19 sys=0.01, real=0.02 secs] 
2016-09-24T00:15:04.973-0400: 280.247: [GC (Allocation Failure) [PSYoungGen: 155241K->37094K(175104K)] 382666K->301065K(699392K), 0.0142135 secs] [Times: user=0.13 sys=0.00, real=0.02 secs] 
2016-09-24T00:15:05.089-0400: 280.363: [GC (GCLocker Initiated GC) [PSYoungGen: 125158K->85890K(175104K)] 389135K->423090K(699392K), 0.0242609 secs] [Times: user=0.29 sys=0.00, real=0.02 secs] 
2016-09-24T00:15:05.226-0400: 280.500: [GC (GCLocker Initiated GC) [PSYoungGen: 173954K->73676K(175104K)] 511516K->429714K(699392K), 0.0274862 secs] [Times: user=0.25 sys=0.00, real=0.02 secs] 
2016-09-24T00:15:05.388-0400: 280.662: [GC (GCLocker Initiated GC) [PSYoungGen: 161740K->37162K(175104K)] 530126K->442453K(699392K), 0.0093508 secs] [Times: user=0.08 sys=0.00, real=0.01 secs] 
2016-09-24T00:15:05.483-0400: 280.757: [GC (GCLocker Initiated GC) [PSYoungGen: 125226K->79519K(175104K)] 530884K->515984K(699392K), 0.0258232 secs] [Times: user=0.27 sys=0.00, real=0.02 secs] 
2016-09-24T00:15:05.622-0400: 280.896: [GC (GCLocker Initiated GC) [PSYoungGen: 167583K->86018K(175104K)] 604096K->565207K(699392K), 0.0305161 secs] [Times: user=0.41 sys=0.00, real=0.02 secs] 
2016-09-24T00:15:05.653-0400: 280.927: [Full GC (Ergonomics) [PSYoungGen: 86018K->0K(175104K)] [ParOldGen: 479189K->53749K(524288K)] 565207K->53749K(699392K), [Metaspace: 44617K->44617K(1087488K)], 0.0747185 secs] [Times: user=0.65 sys=0.02, real=0.08 secs] 
2016-09-24T00:15:05.827-0400: 281.101: [GC (GCLocker Initiated GC) [PSYoungGen: 88064K->86982K(175104K)] 148048K->177341K(699392K), 0.0119065 secs] [Times: user=0.16 sys=0.02, real=0.01 secs] 
2016-09-24T00:15:05.950-0400: 281.223: [GC (GCLocker Initiated GC) [PSYoungGen: 175046K->55251K(175104K)] 265464K->220480K(699392K), 0.0213568 secs] [Times: user=0.24 sys=0.01, real=0.02 secs] 
2016-09-24T00:15:06.072-0400: 281.346: [GC (GCLocker Initiated GC) [PSYoungGen: 143315K->86150K(175104K)] 320826K->318472K(699392K), 0.0139324 secs] [Times: user=0.21 sys=0.00, real=0.02 secs] 
2016-09-24T00:15:06.206-0400: 281.480: [GC (GCLocker Initiated GC) [PSYoungGen: 174214K->67597K(175104K)] 424803K->373325K(699392K), 0.0133174 secs] [Times: user=0.15 sys=0.00, real=0.01 secs] 
2016-09-24T00:15:06.324-0400: 281.598: [GC (GCLocker Initiated GC) [PSYoungGen: 155661K->73608K(175104K)] 461711K->428426K(699392K), 0.0110662 secs] [Times: user=0.15 sys=0.00, real=0.01 secs] 
2016-09-24T00:15:06.481-0400: 281.755: [GC (GCLocker Initiated GC) [PSYoungGen: 161672K->67633K(175104K)] 528855K->471394K(699392K), 0.0098564 secs] [Times: user=0.11 sys=0.00, real=0.01 secs] 
2016-09-24T00:15:06.624-0400: 281.898: [GC (GCLocker Initiated GC) [PSYoungGen: 155697K->61166K(175104K)] 559646K->495814K(699392K), 0.0094887 secs] [Times: user=0.09 sys=0.01, real=0.00 secs] 
2016-09-24T00:15:06.715-0400: 281.989: [GC (GCLocker Initiated GC) [PSYoungGen: 149230K->85854K(175104K)] 584194K->569578K(699392K), 0.0117644 secs] [Times: user=0.14 sys=0.00, real=0.01 secs] 
2016-09-24T00:15:06.727-0400: 282.000: [Full GC (Ergonomics) [PSYoungGen: 85854K->0K(175104K)] [ParOldGen: 483723K->66155K(524288K)] 569578K->66155K(699392K), [Metaspace: 44617K->44617K(1087488K)], 0.0610945 secs] [Times: user=0.44 sys=0.01, real=0.06 secs] 
2016-09-24T00:15:06.887-0400: 282.161: [GC (GCLocker Initiated GC) [PSYoungGen: 88064K->80491K(175104K)] 154428K->146855K(699392K), 0.0094310 secs] [Times: user=0.06 sys=0.00, real=0.01 secs] 
2016-09-24T00:15:07.012-0400: 282.286: [GC (GCLocker Initiated GC) [PSYoungGen: 168555K->85954K(175104K)] 241047K->190453K(699392K), 0.0143977 secs] [Times: user=0.20 sys=0.01, real=0.02 secs] 
2016-09-24T00:15:07.124-0400: 282.398: [GC (GCLocker Initiated GC) [PSYoungGen: 174018K->73672K(175104K)] 284836K->257870K(699392K), 0.0136012 secs] [Times: user=0.21 sys=0.00, real=0.01 secs] 
2016-09-24T00:15:07.248-0400: 282.521: [GC (Allocation Failure) [PSYoungGen: 161736K->61590K(175104K)] 352280K->307109K(699392K), 0.0100314 secs] [Times: user=0.10 sys=0.00, real=0.01 secs] 
2016-09-24T00:15:07.372-0400: 282.645: [GC (GCLocker Initiated GC) [PSYoungGen: 149649K->73544K(175104K)] 395174K->337537K(699392K), 0.0170135 secs] [Times: user=0.18 sys=0.00, real=0.02 secs] 
2016-09-24T00:15:07.497-0400: 282.771: [GC (GCLocker Initiated GC) [PSYoungGen: 161608K->55611K(175104K)] 431706K->344069K(699392K), 0.0080795 secs] [Times: user=0.09 sys=0.00, real=0.01 secs] 
2016-09-24T00:15:07.643-0400: 282.917: [GC (GCLocker Initiated GC) [PSYoungGen: 143675K->67401K(175104K)] 444382K->404858K(699392K), 0.0159816 secs] [Times: user=0.16 sys=0.01, real=0.01 secs] 
2016-09-24T00:15:07.782-0400: 283.056: [GC (Allocation Failure) [PSYoungGen: 155465K->37357K(175104K)] 499346K->405675K(699392K), 0.0297715 secs] [Times: user=0.32 sys=0.01, real=0.02 secs] 
2016-09-24T00:15:07.922-0400: 283.195: [GC (GCLocker Initiated GC) [PSYoungGen: 125421K->74032K(175104K)] 493740K->442985K(699392K), 0.0104732 secs] [Times: user=0.12 sys=0.01, real=0.01 secs] 
2016-09-24T00:15:08.045-0400: 283.319: [GC (GCLocker Initiated GC) [PSYoungGen: 162096K->61618K(175104K)] 537173K->461146K(699392K), 0.0133340 secs] [Times: user=0.15 sys=0.00, real=0.01 secs] 
2016-09-24T00:15:08.164-0400: 283.437: [GC (GCLocker Initiated GC) [PSYoungGen: 149682K->31378K(175104K)] 549361K->491983K(699392K), 0.0176289 secs] [Times: user=0.20 sys=0.00, real=0.01 secs] 
2016-09-24T00:15:08.181-0400: 283.455: [Full GC (Ergonomics) [PSYoungGen: 31378K->0K(175104K)] [ParOldGen: 460604K->48149K(524288K)] 491983K->48149K(699392K), [Metaspace: 44617K->44617K(1087488K)], 0.0581966 secs] [Times: user=0.37 sys=0.00, real=0.06 secs] 
2016-09-24T00:15:08.343-0400: 283.617: [GC (GCLocker Initiated GC) [PSYoungGen: 88064K->86046K(175104K)] 142397K->152529K(699392K), 0.0095884 secs] [Times: user=0.13 sys=0.00, real=0.00 secs] 
2016-09-24T00:15:08.453-0400: 283.727: [GC (GCLocker Initiated GC) [PSYoungGen: 174110K->85822K(175104K)] 246710K->244020K(699392K), 0.0138673 secs] [Times: user=0.22 sys=0.00, real=0.02 secs] 
2016-09-24T00:15:08.578-0400: 283.852: [GC (GCLocker Initiated GC) [PSYoungGen: 173886K->49376K(175104K)] 332294K->244525K(699392K), 0.0089528 secs] [Times: user=0.06 sys=0.01, real=0.01 secs] 
2016-09-24T00:15:08.700-0400: 283.974: [GC (GCLocker Initiated GC) [PSYoungGen: 137440K->74000K(175104K)] 332860K->300267K(699392K), 0.0311046 secs] [Times: user=0.41 sys=0.00, real=0.03 secs] 
2016-09-24T00:15:08.847-0400: 284.121: [GC (GCLocker Initiated GC) [PSYoungGen: 162064K->61590K(175104K)] 394671K->294277K(699392K), 0.0162456 secs] [Times: user=0.16 sys=0.00, real=0.02 secs] 
2016-09-24T00:15:08.989-0400: 284.263: [GC (GCLocker Initiated GC) [PSYoungGen: 149654K->73672K(175104K)] 382472K->325015K(699392K), 0.0122303 secs] [Times: user=0.14 sys=0.00, real=0.01 secs] 
2016-09-24T00:15:09.118-0400: 284.391: [GC (Allocation Failure) [PSYoungGen: 161736K->55579K(175104K)] 425573K->368160K(699392K), 0.0130264 secs] [Times: user=0.13 sys=0.00, real=0.01 secs] 
2016-09-24T00:15:09.280-0400: 284.553: [GC (Allocation Failure) [PSYoungGen: 143643K->48888K(175104K)] 456224K->361728K(699392K), 0.0289979 secs] [Times: user=0.30 sys=0.01, real=0.03 secs] 
2016-09-24T00:15:09.418-0400: 284.691: [GC (GCLocker Initiated GC) [PSYoungGen: 136952K->85630K(175104K)] 449792K->410708K(699392K), 0.0311823 secs] [Times: user=0.33 sys=0.00, real=0.03 secs] 
2016-09-24T00:15:09.553-0400: 284.827: [GC (Allocation Failure) [PSYoungGen: 173694K->67373K(175104K)] 498819K->410835K(699392K), 0.0202569 secs] [Times: user=0.23 sys=0.01, real=0.02 secs] 
2016-09-24T00:15:09.671-0400: 284.945: [GC (GCLocker Initiated GC) [PSYoungGen: 155431K->85758K(175104K)] 498899K->490283K(699392K), 0.0280943 secs] [Times: user=0.36 sys=0.00, real=0.03 secs] 
2016-09-24T00:15:09.827-0400: 285.101: [GC (GCLocker Initiated GC) [PSYoungGen: 173822K->61298K(175104K)] 584458K->472013K(699392K), 0.0104656 secs] [Times: user=0.09 sys=0.01, real=0.01 secs] 
2016-09-24T00:15:09.938-0400: 285.211: [GC (GCLocker Initiated GC) [PSYoungGen: 149362K->79815K(175104K)] 560083K->527262K(699392K), 0.0184839 secs] [Times: user=0.21 sys=0.00, real=0.02 secs] 
2016-09-24T00:15:09.956-0400: 285.230: [Full GC (Ergonomics) [PSYoungGen: 79815K->0K(175104K)] [ParOldGen: 447447K->60461K(524288K)] 527262K->60461K(699392K), [Metaspace: 44618K->44618K(1087488K)], 0.0597402 secs] [Times: user=0.48 sys=0.01, real=0.06 secs] 
2016-09-24T00:15:10.150-0400: 285.424: [GC (GCLocker Initiated GC) [PSYoungGen: 88064K->55607K(175104K)] 148527K->116070K(699392K), 0.0099636 secs] [Times: user=0.09 sys=0.00, real=0.01 secs] 
2016-09-24T00:15:10.261-0400: 285.534: [GC (GCLocker Initiated GC) [PSYoungGen: 143671K->85922K(175104K)] 210459K->177606K(699392K), 0.0165830 secs] [Times: user=0.23 sys=0.00, real=0.02 secs] 
2016-09-24T00:15:10.404-0400: 285.677: [GC (GCLocker Initiated GC) [PSYoungGen: 173986K->55906K(175104K)] 278181K->178798K(699392K), 0.0108637 secs] [Times: user=0.16 sys=0.00, real=0.01 secs] 
2016-09-24T00:15:10.544-0400: 285.818: [GC (GCLocker Initiated GC) [PSYoungGen: 143970K->37126K(175104K)] 273075K->208882K(699392K), 0.0157717 secs] [Times: user=0.16 sys=0.01, real=0.01 secs] 
2016-09-24T00:15:10.671-0400: 285.945: [GC (GCLocker Initiated GC) [PSYoungGen: 125190K->86282K(175104K)] 297307K->264790K(699392K), 0.0115915 secs] [Times: user=0.15 sys=0.00, real=0.02 secs] 
2016-09-24T00:15:10.811-0400: 286.085: [GC (GCLocker Initiated GC) [PSYoungGen: 174346K->85790K(175104K)] 359015K->301290K(699392K), 0.0109795 secs] [Times: user=0.16 sys=0.01, real=0.01 secs] 
2016-09-24T00:15:10.952-0400: 286.226: [GC (GCLocker Initiated GC) [PSYoungGen: 173854K->49603K(175104K)] 389547K->320115K(699392K), 0.0135222 secs] [Times: user=0.16 sys=0.00, real=0.02 secs] 
2016-09-24T00:15:11.076-0400: 286.349: [GC (Allocation Failure) [PSYoungGen: 137667K->73480K(175104K)] 408456K->387069K(699392K), 0.0389179 secs] [Times: user=0.46 sys=0.00, real=0.04 secs] 
2016-09-24T00:15:11.228-0400: 286.501: [GC (GCLocker Initiated GC) [PSYoungGen: 161544K->73544K(175104K)] 475138K->423700K(699392K), 0.0126708 secs] [Times: user=0.14 sys=0.00, real=0.01 secs] 
2016-09-24T00:15:11.365-0400: 286.639: [GC (GCLocker Initiated GC) [PSYoungGen: 161608K->55551K(175104K)] 511967K->424247K(699392K), 0.0076430 secs] [Times: user=0.07 sys=0.00, real=0.00 secs] 
2016-09-24T00:15:11.474-0400: 286.748: [GC (GCLocker Initiated GC) [PSYoungGen: 143615K->85790K(175104K)] 512459K->503550K(699392K), 0.0124599 secs] [Times: user=0.18 sys=0.00, real=0.01 secs] 
2016-09-24T00:15:11.618-0400: 286.891: [GC (GCLocker Initiated GC) [PSYoungGen: 173854K->73772K(175104K)] 591641K->528121K(699392K), 0.0207245 secs] [Times: user=0.23 sys=0.01, real=0.02 secs] 
2016-09-24T00:15:11.638-0400: 286.912: [Full GC (Ergonomics) [PSYoungGen: 73772K->0K(175104K)] [ParOldGen: 454349K->48492K(524288K)] 528121K->48492K(699392K), [Metaspace: 44618K->44618K(1087488K)], 0.0608100 secs] [Times: user=0.39 sys=0.01, real=0.06 secs] 
2016-09-24T00:15:11.795-0400: 287.069: [GC (GCLocker Initiated GC) [PSYoungGen: 88064K->86078K(175104K)] 136889K->159203K(699392K), 0.0098194 secs] [Times: user=0.11 sys=0.00, real=0.01 secs] 
2016-09-24T00:15:11.913-0400: 287.187: [GC (GCLocker Initiated GC) [PSYoungGen: 174142K->49372K(175104K)] 247943K->215009K(699392K), 0.0134100 secs] [Times: user=0.18 sys=0.00, real=0.02 secs] 
2016-09-24T00:15:12.023-0400: 287.297: [GC (GCLocker Initiated GC) [PSYoungGen: 137436K->67533K(175104K)] 303078K->269925K(699392K), 0.0095040 secs] [Times: user=0.11 sys=0.00, real=0.00 secs] 
2016-09-24T00:15:12.130-0400: 287.404: [GC (GCLocker Initiated GC) [PSYoungGen: 155597K->79815K(175104K)] 358204K->319180K(699392K), 0.0102780 secs] [Times: user=0.12 sys=0.00, real=0.01 secs] 
2016-09-24T00:15:12.244-0400: 287.517: [GC (GCLocker Initiated GC) [PSYoungGen: 167879K->85822K(175104K)] 407376K->404742K(699392K), 0.0184485 secs] [Times: user=0.18 sys=0.00, real=0.02 secs] 
2016-09-24T00:15:12.378-0400: 287.651: [GC (Allocation Failure) [PSYoungGen: 173886K->67665K(175104K)] 492949K->423477K(699392K), 0.0201893 secs] [Times: user=0.23 sys=0.00, real=0.02 secs] 
2016-09-24T00:15:12.487-0400: 287.761: [GC (Allocation Failure) [PSYoungGen: 155729K->79587K(175104K)] 511541K->459983K(699392K), 0.0175575 secs] [Times: user=0.18 sys=0.00, real=0.02 secs] 
2016-09-24T00:15:12.662-0400: 287.935: [GC (GCLocker Initiated GC) [PSYoungGen: 167651K->73544K(175104K)] 548052K->466379K(699392K), 0.0137000 secs] [Times: user=0.12 sys=0.00, real=0.02 secs] 
2016-09-24T00:15:12.792-0400: 288.066: [GC (GCLocker Initiated GC) [PSYoungGen: 161608K->61298K(175104K)] 554580K->454521K(699392K), 0.0147624 secs] [Times: user=0.12 sys=0.00, real=0.02 secs] 
2016-09-24T00:15:12.914-0400: 288.187: [GC (GCLocker Initiated GC) [PSYoungGen: 149362K->67469K(175104K)] 542739K->497587K(699392K), 0.0134187 secs] [Times: user=0.11 sys=0.02, real=0.02 secs] 
2016-09-24T00:15:13.051-0400: 288.325: [Full GC (Ergonomics) [PSYoungGen: 155533K->0K(175104K)] [ParOldGen: 442473K->54212K(524288K)] 598006K->54212K(699392K), [Metaspace: 44618K->44618K(1087488K)], 0.0570991 secs] [Times: user=0.25 sys=0.01, real=0.06 secs] 
2016-09-24T00:15:13.214-0400: 288.487: [GC (Allocation Failure) [PSYoungGen: 88060K->86114K(175104K)] 148709K->146763K(699392K), 0.0301302 secs] [Times: user=0.33 sys=0.01, real=0.04 secs] 
2016-09-24T00:15:13.244-0400: 288.518: [GC (GCLocker Initiated GC) [PSYoungGen: 86130K->128K(175104K)] 146778K->170794K(699392K), 0.0092186 secs] [Times: user=0.10 sys=0.00, real=0.00 secs] 
2016-09-24T00:15:13.348-0400: 288.622: [GC (GCLocker Initiated GC) [PSYoungGen: 88192K->86210K(175104K)] 258859K->281177K(699392K), 0.0105495 secs] [Times: user=0.15 sys=0.00, real=0.01 secs] 
2016-09-24T00:15:13.473-0400: 288.747: [GC (GCLocker Initiated GC) [PSYoungGen: 174274K->30759K(175104K)] 369597K->275353K(699392K), 0.0206605 secs] [Times: user=0.18 sys=0.02, real=0.03 secs] 
2016-09-24T00:15:13.625-0400: 288.899: [GC (GCLocker Initiated GC) [PSYoungGen: 118823K->67373K(175104K)] 363465K->354644K(699392K), 0.0230818 secs] [Times: user=0.25 sys=0.01, real=0.02 secs] 
2016-09-24T00:15:13.739-0400: 289.013: [GC (GCLocker Initiated GC) [PSYoungGen: 155437K->67665K(175104K)] 443002K->416131K(699392K), 0.0127750 secs] [Times: user=0.16 sys=0.00, real=0.01 secs] 
2016-09-24T00:15:13.860-0400: 289.134: [GC (GCLocker Initiated GC) [PSYoungGen: 155729K->73508K(175104K)] 504405K->465328K(699392K), 0.0155011 secs] [Times: user=0.17 sys=0.01, real=0.02 secs] 
2016-09-24T00:15:13.998-0400: 289.272: [GC (GCLocker Initiated GC) [PSYoungGen: 161572K->61558K(175104K)] 553759K->472089K(699392K), 0.0093834 secs] [Times: user=0.09 sys=0.00, real=0.01 secs] 
2016-09-24T00:15:14.118-0400: 289.392: [GC (GCLocker Initiated GC) [PSYoungGen: 149622K->55419K(175104K)] 566270K->490715K(699392K), 0.0250455 secs] [Times: user=0.23 sys=0.01, real=0.03 secs] 
2016-09-24T00:15:14.143-0400: 289.417: [Full GC (Ergonomics) [PSYoungGen: 55419K->0K(175104K)] [ParOldGen: 435296K->54510K(524288K)] 490715K->54510K(699392K), [Metaspace: 44623K->44623K(1087488K)], 0.0535179 secs] [Times: user=0.33 sys=0.01, real=0.05 secs] 
2016-09-24T00:15:14.311-0400: 289.585: [GC (Allocation Failure) [PSYoungGen: 88064K->55127K(175104K)] 154884K->121947K(699392K), 0.0175190 secs] [Times: user=0.19 sys=0.00, real=0.02 secs] 
2016-09-24T00:15:14.437-0400: 289.711: [GC (GCLocker Initiated GC) [PSYoungGen: 143191K->85854K(175104K)] 210017K->213918K(699392K), 0.0122187 secs] [Times: user=0.16 sys=0.00, real=0.01 secs] 
2016-09-24T00:15:14.552-0400: 289.826: [GC (GCLocker Initiated GC) [PSYoungGen: 173918K->85726K(175104K)] 302287K->238711K(699392K), 0.0247331 secs] [Times: user=0.28 sys=0.00, real=0.03 secs] 
2016-09-24T00:15:14.691-0400: 289.964: [GC (GCLocker Initiated GC) [PSYoungGen: 173790K->43005K(175104K)] 338999K->244916K(699392K), 0.0223193 secs] [Times: user=0.24 sys=0.00, real=0.02 secs] 
2016-09-24T00:15:14.839-0400: 290.112: [GC (GCLocker Initiated GC) [PSYoungGen: 131069K->80043K(175104K)] 333201K->282302K(699392K), 0.0091268 secs] [Times: user=0.10 sys=0.00, real=0.01 secs] 
2016-09-24T00:15:14.973-0400: 290.247: [GC (GCLocker Initiated GC) [PSYoungGen: 168107K->55615K(175104K)] 370548K->258331K(699392K), 0.0220685 secs] [Times: user=0.22 sys=0.01, real=0.03 secs] 
2016-09-24T00:15:15.107-0400: 290.380: [GC (GCLocker Initiated GC) [PSYoungGen: 143679K->73772K(175104K)] 352826K->301459K(699392K), 0.0095569 secs] [Times: user=0.12 sys=0.00, real=0.01 secs] 
2016-09-24T00:15:15.249-0400: 290.523: [GC (GCLocker Initiated GC) [PSYoungGen: 161836K->55611K(175104K)] 402012K->314296K(699392K), 0.0081485 secs] [Times: user=0.11 sys=0.00, real=0.01 secs] 
2016-09-24T00:15:15.399-0400: 290.673: [GC (Allocation Failure) [PSYoungGen: 143675K->61330K(175104K)] 402552K->320631K(699392K), 0.0202359 secs] [Times: user=0.21 sys=0.01, real=0.02 secs] 
2016-09-24T00:15:15.537-0400: 290.811: [GC (GCLocker Initiated GC) [PSYoungGen: 149394K->43205K(175104K)] 408695K->320818K(699392K), 0.0082922 secs] [Times: user=0.06 sys=0.01, real=0.01 secs] 
2016-09-24T00:15:15.648-0400: 290.922: [GC (GCLocker Initiated GC) [PSYoungGen: 131268K->73512K(175104K)] 415318K->357813K(699392K), 0.0177446 secs] [Times: user=0.19 sys=0.00, real=0.02 secs] 
2016-09-24T00:15:15.785-0400: 291.059: [GC (GCLocker Initiated GC) [PSYoungGen: 161576K->61494K(175104K)] 452005K->370259K(699392K), 0.0157230 secs] [Times: user=0.16 sys=0.01, real=0.01 secs] 
2016-09-24T00:15:15.897-0400: 291.171: [GC (GCLocker Initiated GC) [PSYoungGen: 149554K->49116K(175104K)] 458675K->382788K(699392K), 0.0115051 secs] [Times: user=0.09 sys=0.00, real=0.01 secs] 
2016-09-24T00:15:16.025-0400: 291.299: [GC (Allocation Failure) [PSYoungGen: 137180K->86150K(175104K)] 471207K->444761K(699392K), 0.0124489 secs] [Times: user=0.19 sys=0.00, real=0.01 secs] 
2016-09-24T00:15:16.159-0400: 291.432: [GC (Allocation Failure) [PSYoungGen: 173877K->37158K(175104K)] 532488K->450907K(699392K), 0.0116603 secs] [Times: user=0.15 sys=0.01, real=0.01 secs] 
2016-09-24T00:15:16.262-0400: 291.536: [GC (GCLocker Initiated GC) [PSYoungGen: 125222K->85854K(175104K)] 538972K->524056K(699392K), 0.0120469 secs] [Times: user=0.14 sys=0.00, real=0.01 secs] 
2016-09-24T00:15:16.411-0400: 291.685: [GC (Allocation Failure) [PSYoungGen: 173918K->37094K(175104K)] 624277K->518111K(699392K), 0.0118299 secs] [Times: user=0.14 sys=0.00, real=0.02 secs] 
2016-09-24T00:15:16.423-0400: 291.697: [Full GC (Ergonomics) [PSYoungGen: 37094K->0K(175104K)] [ParOldGen: 481017K->48166K(524288K)] 518111K->48166K(699392K), [Metaspace: 44623K->44623K(1087488K)], 0.0533879 secs] [Times: user=0.29 sys=0.02, real=0.05 secs] 
2016-09-24T00:15:16.579-0400: 291.853: [GC (GCLocker Initiated GC) [PSYoungGen: 88064K->86210K(175104K)] 136236K->158682K(699392K), 0.0123770 secs] [Times: user=0.17 sys=0.00, real=0.01 secs] 
2016-09-24T00:15:16.687-0400: 291.961: [GC (GCLocker Initiated GC) [PSYoungGen: 174274K->73740K(175104K)] 252914K->183464K(699392K), 0.0331909 secs] [Times: user=0.36 sys=0.00, real=0.03 secs] 
2016-09-24T00:15:16.834-0400: 292.108: [GC (GCLocker Initiated GC) [PSYoungGen: 161804K->67501K(175104K)] 272101K->226682K(699392K), 0.0099335 secs] [Times: user=0.11 sys=0.00, real=0.02 secs] 
2016-09-24T00:15:16.962-0400: 292.236: [GC (GCLocker Initiated GC) [PSYoungGen: 155565K->36934K(175104K)] 314749K->220685K(699392K), 0.0074335 secs] [Times: user=0.05 sys=0.00, real=0.00 secs] 
2016-09-24T00:15:17.095-0400: 292.368: [GC (GCLocker Initiated GC) [PSYoungGen: 124998K->55287K(175104K)] 327172K->257737K(699392K), 0.0133924 secs] [Times: user=0.13 sys=0.00, real=0.01 secs] 
2016-09-24T00:15:17.253-0400: 292.526: [GC (GCLocker Initiated GC) [PSYoungGen: 143351K->43073K(175104K)] 352113K->282461K(699392K), 0.0200790 secs] [Times: user=0.18 sys=0.00, real=0.02 secs] 
2016-09-24T00:15:17.388-0400: 292.662: [GC (GCLocker Initiated GC) [PSYoungGen: 131137K->67537K(175104K)] 370741K->307220K(699392K), 0.0230386 secs] [Times: user=0.22 sys=0.00, real=0.02 secs] 
2016-09-24T00:15:17.539-0400: 292.813: [GC (GCLocker Initiated GC) [PSYoungGen: 155601K->49176K(175104K)] 395567K->332122K(699392K), 0.0307005 secs] [Times: user=0.38 sys=0.00, real=0.03 secs] 
2016-09-24T00:15:17.695-0400: 292.969: [GC (GCLocker Initiated GC) [PSYoungGen: 137240K->36934K(175104K)] 432631K->350622K(699392K), 0.0224066 secs] [Times: user=0.23 sys=0.00, real=0.02 secs] 
2016-09-24T00:15:17.859-0400: 293.132: [GC (GCLocker Initiated GC) [PSYoungGen: 124998K->85954K(175104K)] 438745K->436434K(699392K), 0.0104177 secs] [Times: user=0.13 sys=0.00, real=0.01 secs] 
2016-09-24T00:15:18.031-0400: 293.305: [GC (GCLocker Initiated GC) [PSYoungGen: 174018K->67305K(175104K)] 530929K->479362K(699392K), 0.0208894 secs] [Times: user=0.25 sys=0.00, real=0.02 secs] 
2016-09-24T00:15:18.165-0400: 293.438: [GC (GCLocker Initiated GC) [PSYoungGen: 155369K->73512K(175104K)] 567787K->510374K(699392K), 0.0117165 secs] [Times: user=0.12 sys=0.00, real=0.01 secs] 
2016-09-24T00:15:18.291-0400: 293.565: [GC (GCLocker Initiated GC) [PSYoungGen: 161576K->79651K(175104K)] 610636K->565420K(699392K), 0.0124775 secs] [Times: user=0.17 sys=0.00, real=0.02 secs] 
2016-09-24T00:15:18.304-0400: 293.578: [Full GC (Ergonomics) [PSYoungGen: 79651K->0K(175104K)] [ParOldGen: 485769K->60572K(524288K)] 565420K->60572K(699392K), [Metaspace: 44626K->44626K(1087488K)], 0.0567463 secs] [Times: user=0.40 sys=0.00, real=0.05 secs] 
2016-09-24T00:15:18.471-0400: 293.745: [GC (Allocation Failure) [PSYoungGen: 88064K->86702K(175104K)] 148963K->153676K(699392K), 0.0144918 secs] [Times: user=0.18 sys=0.00, real=0.02 secs] 
2016-09-24T00:15:18.486-0400: 293.760: [GC (GCLocker Initiated GC) [PSYoungGen: 86719K->96K(175104K)] 153693K->159010K(699392K), 0.0117286 secs] [Times: user=0.16 sys=0.00, real=0.01 secs] 
2016-09-24T00:15:18.609-0400: 293.883: [GC (GCLocker Initiated GC) [PSYoungGen: 88160K->85758K(175104K)] 247079K->256852K(699392K), 0.0104516 secs] [Times: user=0.10 sys=0.00, real=0.01 secs] 
2016-09-24T00:15:18.719-0400: 293.993: [GC (GCLocker Initiated GC) [PSYoungGen: 173822K->73676K(175104K)] 351352K->281856K(699392K), 0.0100295 secs] [Times: user=0.12 sys=0.00, real=0.01 secs] 
2016-09-24T00:15:18.856-0400: 294.130: [GC (GCLocker Initiated GC) [PSYoungGen: 161740K->73640K(175104K)] 370074K->318911K(699392K), 0.0100637 secs] [Times: user=0.12 sys=0.00, real=0.01 secs] 
2016-09-24T00:15:18.992-0400: 294.266: [GC (GCLocker Initiated GC) [PSYoungGen: 161704K->67601K(175104K)] 413087K->319243K(699392K), 0.0123538 secs] [Times: user=0.16 sys=0.00, real=0.02 secs] 
2016-09-24T00:15:19.108-0400: 294.382: [GC (GCLocker Initiated GC) [PSYoungGen: 155665K->49212K(175104K)] 413620K->349983K(699392K), 0.0090546 secs] [Times: user=0.08 sys=0.01, real=0.01 secs] 
2016-09-24T00:15:19.252-0400: 294.526: [GC (GCLocker Initiated GC) [PSYoungGen: 137276K->55355K(175104K)] 444343K->380914K(699392K), 0.0169225 secs] [Times: user=0.13 sys=0.01, real=0.02 secs] 
2016-09-24T00:15:19.368-0400: 294.642: [GC (GCLocker Initiated GC) [PSYoungGen: 143419K->73708K(175104K)] 469165K->399722K(699392K), 0.0215955 secs] [Times: user=0.22 sys=0.00, real=0.02 secs] 
2016-09-24T00:15:19.490-0400: 294.764: [GC (GCLocker Initiated GC) [PSYoungGen: 161772K->73480K(175104K)] 488018K->418226K(699392K), 0.0100233 secs] [Times: user=0.07 sys=0.00, real=0.01 secs] 
2016-09-24T00:15:19.621-0400: 294.895: [GC (GCLocker Initiated GC) [PSYoungGen: 161544K->55255K(175104K)] 506473K->436877K(699392K), 0.0146444 secs] [Times: user=0.16 sys=0.00, real=0.02 secs] 
2016-09-24T00:15:19.758-0400: 295.032: [GC (GCLocker Initiated GC) [PSYoungGen: 143319K->67505K(175104K)] 525010K->485750K(699392K), 0.0333830 secs] [Times: user=0.34 sys=0.00, real=0.03 secs] 
2016-09-24T00:15:19.913-0400: 295.187: [GC (Allocation Failure) [PSYoungGen: 155569K->61262K(175104K)] 579941K->522516K(699392K), 0.0254551 secs] [Times: user=0.32 sys=0.00, real=0.03 secs] 
2016-09-24T00:15:19.939-0400: 295.213: [Full GC (Ergonomics) [PSYoungGen: 61262K->0K(175104K)] [ParOldGen: 461254K->48181K(524288K)] 522516K->48181K(699392K), [Metaspace: 44626K->44626K(1087488K)], 0.0550713 secs] [Times: user=0.34 sys=0.01, real=0.05 secs] 
2016-09-24T00:15:20.097-0400: 295.371: [GC (GCLocker Initiated GC) [PSYoungGen: 88064K->80431K(175104K)] 136251K->128618K(699392K), 0.0217307 secs] [Times: user=0.29 sys=0.01, real=0.02 secs] 
2016-09-24T00:15:20.215-0400: 295.489: [GC (GCLocker Initiated GC) [PSYoungGen: 168495K->85822K(175104K)] 222844K->189686K(699392K), 0.0129258 secs] [Times: user=0.18 sys=0.00, real=0.01 secs] 
2016-09-24T00:15:20.335-0400: 295.609: [GC (GCLocker Initiated GC) [PSYoungGen: 173886K->73704K(175104K)] 277978K->226719K(699392K), 0.0196931 secs] [Times: user=0.18 sys=0.00, real=0.02 secs] 
2016-09-24T00:15:20.475-0400: 295.749: [GC (GCLocker Initiated GC) [PSYoungGen: 161768K->67537K(175104K)] 315061K->239306K(699392K), 0.0122935 secs] [Times: user=0.11 sys=0.00, real=0.01 secs] 
2016-09-24T00:15:20.631-0400: 295.905: [GC (GCLocker Initiated GC) [PSYoungGen: 155601K->61394K(175104K)] 333706K->264402K(699392K), 0.0320284 secs] [Times: user=0.32 sys=0.00, real=0.04 secs] 
2016-09-24T00:15:20.775-0400: 296.049: [GC (GCLocker Initiated GC) [PSYoungGen: 149458K->79883K(175104K)] 352637K->307490K(699392K), 0.0201082 secs] [Times: user=0.19 sys=0.00, real=0.02 secs] 
2016-09-24T00:15:20.908-0400: 296.182: [GC (GCLocker Initiated GC) [PSYoungGen: 167947K->49084K(175104K)] 395578K->307514K(699392K), 0.0296750 secs] [Times: user=0.32 sys=0.00, real=0.03 secs] 
2016-09-24T00:15:21.054-0400: 296.328: [GC (Allocation Failure) [PSYoungGen: 137148K->55319K(175104K)] 401886K->362865K(699392K), 0.0086995 secs] [Times: user=0.08 sys=0.01, real=0.01 secs] 
2016-09-24T00:15:21.187-0400: 296.461: [GC (GCLocker Initiated GC) [PSYoungGen: 143378K->73448K(175104K)] 450930K->399500K(699392K), 0.0314714 secs] [Times: user=0.34 sys=0.00, real=0.03 secs] 
2016-09-24T00:15:21.318-0400: 296.592: [GC (GCLocker Initiated GC) [PSYoungGen: 161512K->55319K(175104K)] 500406K->394505K(699392K), 0.0097048 secs] [Times: user=0.11 sys=0.00, real=0.01 secs] 
2016-09-24T00:15:21.445-0400: 296.719: [GC (GCLocker Initiated GC) [PSYoungGen: 143383K->85822K(175104K)] 482723K->437587K(699392K), 0.0106606 secs] [Times: user=0.10 sys=0.01, real=0.01 secs] 
2016-09-24T00:15:21.598-0400: 296.872: [GC (GCLocker Initiated GC) [PSYoungGen: 173886K->79943K(175104K)] 531756K->474407K(699392K), 0.0115034 secs] [Times: user=0.17 sys=0.00, real=0.01 secs] 
2016-09-24T00:15:21.781-0400: 297.054: [GC (GCLocker Initiated GC) [PSYoungGen: 168007K->42945K(175104K)] 568700K->450136K(699392K), 0.0074734 secs] [Times: user=0.05 sys=0.00, real=0.01 secs] 
2016-09-24T00:15:21.951-0400: 297.225: [GC (GCLocker Initiated GC) [PSYoungGen: 131009K->37126K(175104K)] 544787K->481570K(699392K), 0.0250341 secs] [Times: user=0.29 sys=0.01, real=0.03 secs] 
2016-09-24T00:15:22.202-0400: 297.476: [GC (GCLocker Initiated GC) [PSYoungGen: 125190K->55319K(175104K)] 575863K->506267K(699392K), 0.0144401 secs] [Times: user=0.16 sys=0.00, real=0.02 secs] 
2016-09-24T00:15:22.384-0400: 297.657: [Full GC (Ergonomics) [PSYoungGen: 143383K->0K(175104K)] [ParOldGen: 463263K->49039K(524288K)] 606646K->49039K(699392K), [Metaspace: 44660K->44660K(1087488K)], 0.0783748 secs] [Times: user=0.51 sys=0.00, real=0.07 secs] 
2016-09-24T00:15:22.591-0400: 297.865: [GC (GCLocker Initiated GC) [PSYoungGen: 88064K->86014K(175104K)] 143298K->159474K(699392K), 0.0187336 secs] [Times: user=0.22 sys=0.00, real=0.02 secs] 
2016-09-24T00:15:22.765-0400: 298.039: [GC (GCLocker Initiated GC) [PSYoungGen: 174078K->43429K(175104K)] 259953K->214918K(699392K), 0.0143038 secs] [Times: user=0.16 sys=0.01, real=0.01 secs] 
2016-09-24T00:15:22.915-0400: 298.189: [GC (Allocation Failure) [PSYoungGen: 131493K->49084K(175104K)] 303175K->233363K(699392K), 0.0289361 secs] [Times: user=0.30 sys=0.00, real=0.03 secs] 
2016-09-24T00:15:23.091-0400: 298.365: [GC (GCLocker Initiated GC) [PSYoungGen: 136555K->37258K(175104K)] 326909K->252031K(699392K), 0.0120868 secs] [Times: user=0.12 sys=0.00, real=0.02 secs] 
2016-09-24T00:15:23.270-0400: 298.543: [GC (GCLocker Initiated GC) [PSYoungGen: 125322K->67373K(175104K)] 340198K->282689K(699392K), 0.0262557 secs] [Times: user=0.26 sys=0.01, real=0.03 secs] 
2016-09-24T00:15:23.475-0400: 298.749: [GC (Allocation Failure) [PSYoungGen: 155437K->42973K(175104K)] 376959K->295145K(699392K), 0.0066258 secs] [Times: user=0.06 sys=0.00, real=0.00 secs] 
2016-09-24T00:15:23.638-0400: 298.911: [GC (GCLocker Initiated GC) [PSYoungGen: 131037K->55187K(175104K)] 383215K->307500K(699392K), 0.0198224 secs] [Times: user=0.22 sys=0.01, real=0.02 secs] 
2016-09-24T00:15:23.822-0400: 299.096: [GC (GCLocker Initiated GC) [PSYoungGen: 143251K->61266K(175104K)] 401843K->319953K(699392K), 0.0086292 secs] [Times: user=0.07 sys=0.00, real=0.01 secs] 
2016-09-24T00:15:23.992-0400: 299.266: [GC (GCLocker Initiated GC) [PSYoungGen: 149330K->85566K(175104K)] 408280K->369083K(699392K), 0.0198917 secs] [Times: user=0.12 sys=0.00, real=0.02 secs] 
2016-09-24T00:15:24.174-0400: 299.448: [GC (GCLocker Initiated GC) [PSYoungGen: 173630K->85890K(175104K)] 457385K->375847K(699392K), 0.0125768 secs] [Times: user=0.12 sys=0.01, real=0.02 secs] 
2016-09-24T00:15:24.329-0400: 299.603: [GC (GCLocker Initiated GC) [PSYoungGen: 173954K->85790K(175104K)] 463964K->412534K(699392K), 0.0417753 secs] [Times: user=0.46 sys=0.00, real=0.04 secs] 
2016-09-24T00:15:24.511-0400: 299.784: [GC (GCLocker Initiated GC) [PSYoungGen: 173854K->55323K(175104K)] 500662K->388457K(699392K), 0.0215777 secs] [Times: user=0.19 sys=0.00, real=0.02 secs] 
2016-09-24T00:15:24.680-0400: 299.954: [GC (GCLocker Initiated GC) [PSYoungGen: 143387K->43073K(175104K)] 476585K->388664K(699392K), 0.0184171 secs] [Times: user=0.16 sys=0.02, real=0.02 secs] 
2016-09-24T00:15:24.902-0400: 300.176: [GC (GCLocker Initiated GC) [PSYoungGen: 131137K->55255K(175104K)] 476730K->401123K(699392K), 0.0249685 secs] [Times: user=0.24 sys=0.02, real=0.03 secs] 
2016-09-24T00:15:25.092-0400: 300.366: [GC (GCLocker Initiated GC) [PSYoungGen: 143319K->73544K(175104K)] 489487K->420011K(699392K), 0.0336977 secs] [Times: user=0.36 sys=0.00, real=0.04 secs] 
2016-09-24T00:15:25.303-0400: 300.577: [GC (Allocation Failure) [PSYoungGen: 161608K->49184K(175104K)] 508250K->401981K(699392K), 0.0084938 secs] [Times: user=0.06 sys=0.00, real=0.00 secs] 
2016-09-24T00:15:25.488-0400: 300.761: [GC (GCLocker Initiated GC) [PSYoungGen: 137248K->73512K(175104K)] 490051K->426778K(699392K), 0.0252314 secs] [Times: user=0.28 sys=0.00, real=0.02 secs] 
2016-09-24T00:15:25.721-0400: 300.995: [GC (GCLocker Initiated GC) [PSYoungGen: 161576K->55127K(175104K)] 520942K->414588K(699392K), 0.0139455 secs] [Times: user=0.15 sys=0.00, real=0.02 secs] 
2016-09-24T00:15:25.892-0400: 301.166: [GC (Allocation Failure) [PSYoungGen: 143191K->37194K(175104K)] 508925K->409286K(699392K), 0.0107840 secs] [Times: user=0.08 sys=0.01, real=0.02 secs] 
2016-09-24T00:15:26.080-0400: 301.354: [GC (Allocation Failure) [PSYoungGen: 124839K->36998K(175104K)] 496931K->409185K(699392K), 0.0123389 secs] [Times: user=0.10 sys=0.00, real=0.01 secs] 
2016-09-24T00:15:26.254-0400: 301.528: [GC (Allocation Failure) [PSYoungGen: 125062K->48952K(175104K)] 497249K->421235K(699392K), 0.0162317 secs] [Times: user=0.12 sys=0.00, real=0.01 secs] 
2016-09-24T00:15:26.430-0400: 301.704: [GC (GCLocker Initiated GC) [PSYoungGen: 135487K->37293K(175104K)] 513845K->415755K(699392K), 0.0094236 secs] [Times: user=0.09 sys=0.00, real=0.01 secs] 
2016-09-24T00:15:26.596-0400: 301.869: [GC (GCLocker Initiated GC) [PSYoungGen: 125357K->55547K(175104K)] 510133K->440777K(699392K), 0.0065871 secs] [Times: user=0.08 sys=0.00, real=0.01 secs] 
2016-09-24T00:15:26.763-0400: 302.037: [GC (GCLocker Initiated GC) [PSYoungGen: 143611K->55355K(175104K)] 529202K->441033K(699392K), 0.0202233 secs] [Times: user=0.16 sys=0.00, real=0.02 secs] 
2016-09-24T00:15:26.963-0400: 302.237: [GC (GCLocker Initiated GC) [PSYoungGen: 143419K->73416K(175104K)] 529111K->459360K(699392K), 0.0323918 secs] [Times: user=0.37 sys=0.00, real=0.03 secs] 
2016-09-24T00:15:27.171-0400: 302.444: [GC (GCLocker Initiated GC) [PSYoungGen: 161480K->30990K(175104K)] 553848K->466175K(699392K), 0.0152428 secs] [Times: user=0.12 sys=0.00, real=0.02 secs] 
2016-09-24T00:15:27.343-0400: 302.617: [GC (GCLocker Initiated GC) [PSYoungGen: 119054K->67373K(175104K)] 554595K->503344K(699392K), 0.0301322 secs] [Times: user=0.29 sys=0.00, real=0.02 secs] 
2016-09-24T00:15:27.559-0400: 302.833: [GC (GCLocker Initiated GC) [PSYoungGen: 155437K->73384K(175104K)] 591775K->509793K(699392K), 0.0205466 secs] [Times: user=0.19 sys=0.00, real=0.02 secs] 
2016-09-24T00:15:27.802-0400: 303.076: [GC (Allocation Failure) [PSYoungGen: 161448K->36934K(175104K)] 610345K->486067K(699392K), 0.0092215 secs] [Times: user=0.08 sys=0.01, real=0.00 secs] 
2016-09-24T00:15:27.965-0400: 303.238: [GC (GCLocker Initiated GC) [PSYoungGen: 124699K->55419K(175104K)] 579908K->510714K(699392K), 0.0186388 secs] [Times: user=0.17 sys=0.01, real=0.02 secs] 
2016-09-24T00:15:28.129-0400: 303.402: [GC (Allocation Failure) [PSYoungGen: 143483K->73416K(175104K)] 599100K->529316K(699392K), 0.0133130 secs] [Times: user=0.11 sys=0.00, real=0.01 secs] 
2016-09-24T00:15:28.299-0400: 303.573: [GC (GCLocker Initiated GC) [PSYoungGen: 161480K->73480K(175104K)] 617386K->547706K(699392K), 0.0235662 secs] [Times: user=0.24 sys=0.00, real=0.03 secs] 
2016-09-24T00:15:28.486-0400: 303.760: [GC (GCLocker Initiated GC) [PSYoungGen: 161544K->73448K(175104K)] 636131K->548122K(699392K), 0.0229145 secs] [Times: user=0.23 sys=0.00, real=0.02 secs] 
2016-09-24T00:15:28.688-0400: 303.961: [GC (GCLocker Initiated GC) [PSYoungGen: 161512K->73576K(175104K)] 636407K->548762K(699392K), 0.0159256 secs] [Times: user=0.17 sys=0.00, real=0.02 secs] 
2016-09-24T00:15:28.862-0400: 304.135: [GC (GCLocker Initiated GC) [PSYoungGen: 161640K->55319K(175104K)] 636968K->530922K(699392K), 0.0094935 secs] [Times: user=0.11 sys=0.00, real=0.01 secs] 
2016-09-24T00:15:29.015-0400: 304.289: [GC (GCLocker Initiated GC) [PSYoungGen: 143383K->73576K(175104K)] 625288K->555592K(699392K), 0.0170409 secs] [Times: user=0.18 sys=0.00, real=0.01 secs] 
2016-09-24T00:15:29.175-0400: 304.449: [GC (GCLocker Initiated GC) [PSYoungGen: 161640K->43137K(175104K)] 650086K->544017K(699392K), 0.0178786 secs] [Times: user=0.15 sys=0.00, real=0.01 secs] 
2016-09-24T00:15:29.193-0400: 304.467: [Full GC (Ergonomics) [PSYoungGen: 43137K->0K(175104K)] [ParOldGen: 500879K->48978K(524288K)] 544017K->48978K(699392K), [Metaspace: 44675K->44675K(1087488K)], 0.0621831 secs] [Times: user=0.39 sys=0.01, real=0.07 secs] 
2016-09-24T00:15:29.433-0400: 304.707: [GC (Allocation Failure) [PSYoungGen: 88064K->86114K(175104K)] 137084K->135134K(699392K), 0.0091472 secs] [Times: user=0.08 sys=0.00, real=0.02 secs] 
2016-09-24T00:15:29.574-0400: 304.848: [GC (GCLocker Initiated GC) [PSYoungGen: 168522K->49472K(175104K)] 223617K->190360K(699392K), 0.0151991 secs] [Times: user=0.19 sys=0.00, real=0.01 secs] 
2016-09-24T00:15:29.756-0400: 305.030: [GC (GCLocker Initiated GC) [PSYoungGen: 137536K->79651K(175104K)] 278467K->220874K(699392K), 0.0092108 secs] [Times: user=0.09 sys=0.00, real=0.01 secs] 
2016-09-24T00:15:29.945-0400: 305.219: [GC (Allocation Failure) [PSYoungGen: 167715K->37290K(175104K)] 309030K->251844K(699392K), 0.0141050 secs] [Times: user=0.13 sys=0.00, real=0.01 secs] 
2016-09-24T00:15:30.119-0400: 305.392: [GC (GCLocker Initiated GC) [PSYoungGen: 125350K->61494K(175104K)] 339911K->294539K(699392K), 0.0233253 secs] [Times: user=0.20 sys=0.00, real=0.03 secs] 
2016-09-24T00:15:30.295-0400: 305.569: [GC (GCLocker Initiated GC) [PSYoungGen: 149558K->73512K(175104K)] 382629K->306874K(699392K), 0.0068022 secs] [Times: user=0.06 sys=0.00, real=0.00 secs] 
2016-09-24T00:15:30.454-0400: 305.728: [GC (GCLocker Initiated GC) [PSYoungGen: 161576K->61722K(175104K)] 395102K->319848K(699392K), 0.0222893 secs] [Times: user=0.21 sys=0.00, real=0.02 secs] 
2016-09-24T00:15:30.667-0400: 305.941: [GC (GCLocker Initiated GC) [PSYoungGen: 149786K->67633K(175104K)] 414035K->350398K(699392K), 0.0121547 secs] [Times: user=0.12 sys=0.00, real=0.01 secs] 
2016-09-24T00:15:30.837-0400: 306.111: [GC (GCLocker Initiated GC) [PSYoungGen: 155697K->43173K(175104K)] 438498K->356617K(699392K), 0.0176410 secs] [Times: user=0.15 sys=0.00, real=0.02 secs] 
2016-09-24T00:15:31.047-0400: 306.321: [GC (GCLocker Initiated GC) [PSYoungGen: 131237K->43169K(175104K)] 456963K->399734K(699392K), 0.0202895 secs] [Times: user=0.21 sys=0.00, real=0.02 secs] 
2016-09-24T00:15:31.218-0400: 306.492: [GC (GCLocker Initiated GC) [PSYoungGen: 131233K->73612K(175104K)] 488148K->436713K(699392K), 0.0096860 secs] [Times: user=0.07 sys=0.01, real=0.01 secs] 
2016-09-24T00:15:31.379-0400: 306.653: [GC (GCLocker Initiated GC) [PSYoungGen: 161676K->73544K(175104K)] 531084K->443227K(699392K), 0.0160817 secs] [Times: user=0.15 sys=0.01, real=0.02 secs] 
2016-09-24T00:15:31.534-0400: 306.808: [GC (GCLocker Initiated GC) [PSYoungGen: 161608K->55223K(175104K)] 537564K->431446K(699392K), 0.0177620 secs] [Times: user=0.19 sys=0.00, real=0.02 secs] 
2016-09-24T00:15:31.706-0400: 306.979: [GC (Allocation Failure) [PSYoungGen: 143287K->67537K(175104K)] 525627K->450145K(699392K), 0.0089758 secs] [Times: user=0.07 sys=0.00, real=0.01 secs] 
2016-09-24T00:15:31.858-0400: 307.131: [GC (GCLocker Initiated GC) [PSYoungGen: 150051K->49507K(175104K)] 538734K->474924K(699392K), 0.0086560 secs] [Times: user=0.08 sys=0.00, real=0.01 secs] 
2016-09-24T00:15:32.024-0400: 307.298: [GC (GCLocker Initiated GC) [PSYoungGen: 137571K->85694K(175104K)] 563019K->517483K(699392K), 0.0186083 secs] [Times: user=0.18 sys=0.00, real=0.02 secs] 
2016-09-24T00:15:32.202-0400: 307.475: [GC (GCLocker Initiated GC) [PSYoungGen: 173758K->73772K(175104K)] 605863K->536372K(699392K), 0.0209606 secs] [Times: user=0.23 sys=0.00, real=0.03 secs] 
2016-09-24T00:15:32.407-0400: 307.680: [GC (GCLocker Initiated GC) [PSYoungGen: 161836K->61234K(175104K)] 624741K->524562K(699392K), 0.0215960 secs] [Times: user=0.21 sys=0.00, real=0.02 secs] 
2016-09-24T00:15:32.576-0400: 307.850: [GC (GCLocker Initiated GC) [PSYoungGen: 149298K->79491K(175104K)] 612668K->543136K(699392K), 0.0262938 secs] [Times: user=0.28 sys=0.01, real=0.03 secs] 
2016-09-24T00:15:32.777-0400: 308.050: [GC (Allocation Failure) [PSYoungGen: 167555K->55255K(175104K)] 631539K->562040K(699392K), 0.0101992 secs] [Times: user=0.09 sys=0.01, real=0.01 secs] 
2016-09-24T00:15:32.787-0400: 308.061: [Full GC (Ergonomics) [PSYoungGen: 55255K->0K(175104K)] [ParOldGen: 506784K->42775K(524288K)] 562040K->42775K(699392K), [Metaspace: 44676K->44676K(1087488K)], 0.0636748 secs] [Times: user=0.34 sys=0.01, real=0.06 secs] 
2016-09-24T00:15:33.055-0400: 308.329: [GC (GCLocker Initiated GC) [PSYoungGen: 86732K->86022K(175104K)] 135583K->140947K(699392K), 0.0189798 secs] [Times: user=0.17 sys=0.00, real=0.01 secs] 
2016-09-24T00:15:33.271-0400: 308.545: [GC (GCLocker Initiated GC) [PSYoungGen: 174086K->61198K(175104K)] 229048K->135004K(699392K), 0.0096720 secs] [Times: user=0.09 sys=0.00, real=0.01 secs] 
2016-09-24T00:15:33.449-0400: 308.723: [GC (GCLocker Initiated GC) [PSYoungGen: 149262K->18904K(175104K)] 235361K->153707K(699392K), 0.0197623 secs] [Times: user=0.19 sys=0.01, real=0.02 secs] 
2016-09-24T00:15:33.666-0400: 308.939: [GC (GCLocker Initiated GC) [PSYoungGen: 106968K->49148K(175104K)] 242132K->221185K(699392K), 0.0127641 secs] [Times: user=0.12 sys=0.00, real=0.01 secs] 
2016-09-24T00:15:33.836-0400: 309.110: [GC (GCLocker Initiated GC) [PSYoungGen: 137212K->73640K(175104K)] 309615K->246171K(699392K), 0.0191008 secs] [Times: user=0.21 sys=0.00, real=0.02 secs] 
2016-09-24T00:15:34.019-0400: 309.292: [GC (GCLocker Initiated GC) [PSYoungGen: 161704K->61362K(175104K)] 334590K->234351K(699392K), 0.0325866 secs] [Times: user=0.36 sys=0.01, real=0.03 secs] 
2016-09-24T00:15:34.253-0400: 309.527: [GC (GCLocker Initiated GC) [PSYoungGen: 149426K->73676K(175104K)] 322776K->247130K(699392K), 0.0092801 secs] [Times: user=0.10 sys=0.00, real=0.02 secs] 
2016-09-24T00:15:34.419-0400: 309.693: [GC (Allocation Failure) [PSYoungGen: 161739K->73576K(175104K)] 335549K->247661K(699392K), 0.0142202 secs] [Times: user=0.15 sys=0.00, real=0.01 secs] 
2016-09-24T00:15:34.585-0400: 309.859: [GC (GCLocker Initiated GC) [PSYoungGen: 156238K->55483K(175104K)] 336398K->235746K(699392K), 0.0303616 secs] [Times: user=0.33 sys=0.00, real=0.03 secs] 
2016-09-24T00:15:34.816-0400: 310.089: [GC (GCLocker Initiated GC) [PSYoungGen: 143547K->55387K(175104K)] 330156K->242099K(699392K), 0.0297709 secs] [Times: user=0.31 sys=0.01, real=0.03 secs] 
2016-09-24T00:15:35.016-0400: 310.290: [GC (GCLocker Initiated GC) [PSYoungGen: 143451K->73968K(175104K)] 330491K->261291K(699392K), 0.0270221 secs] [Times: user=0.31 sys=0.00, real=0.03 secs] 
2016-09-24T00:15:35.232-0400: 310.506: [GC (GCLocker Initiated GC) [PSYoungGen: 162032K->67565K(175104K)] 355466K->261291K(699392K), 0.0087758 secs] [Times: user=0.08 sys=0.00, real=0.01 secs] 
2016-09-24T00:15:35.397-0400: 310.671: [GC (GCLocker Initiated GC) [PSYoungGen: 155629K->73708K(175104K)] 349592K->298338K(699392K), 0.0140499 secs] [Times: user=0.18 sys=0.00, real=0.01 secs] 
2016-09-24T00:15:35.582-0400: 310.856: [GC (GCLocker Initiated GC) [PSYoungGen: 161772K->73772K(175104K)] 386684K->317357K(699392K), 0.0100906 secs] [Times: user=0.14 sys=0.00, real=0.00 secs] 
2016-09-24T00:15:35.743-0400: 311.017: [GC (GCLocker Initiated GC) [PSYoungGen: 161836K->73640K(175104K)] 405529K->317428K(699392K), 0.0145568 secs] [Times: user=0.16 sys=0.00, real=0.01 secs] 
2016-09-24T00:15:35.933-0400: 311.207: [GC (Allocation Failure) [PSYoungGen: 161704K->61266K(175104K)] 405848K->305521K(699392K), 0.0079469 secs] [Times: user=0.06 sys=0.00, real=0.01 secs] 
2016-09-24T00:15:36.106-0400: 311.379: [GC (GCLocker Initiated GC) [PSYoungGen: 149330K->61266K(175104K)] 393597K->305784K(699392K), 0.0189366 secs] [Times: user=0.17 sys=0.00, real=0.02 secs] 
2016-09-24T00:15:36.288-0400: 311.562: [GC (Allocation Failure) [PSYoungGen: 149330K->73544K(175104K)] 394153K->318650K(699392K), 0.0124131 secs] [Times: user=0.13 sys=0.00, real=0.01 secs] 
2016-09-24T00:15:36.475-0400: 311.749: [GC (GCLocker Initiated GC) [PSYoungGen: 161608K->55223K(175104K)] 406720K->300562K(699392K), 0.0070545 secs] [Times: user=0.06 sys=0.00, real=0.00 secs] 
2016-09-24T00:15:36.638-0400: 311.912: [GC (GCLocker Initiated GC) [PSYoungGen: 143287K->73576K(175104K)] 388898K->319298K(699392K), 0.0065065 secs] [Times: user=0.06 sys=0.00, real=0.01 secs] 
2016-09-24T00:15:36.838-0400: 312.112: [GC (GCLocker Initiated GC) [PSYoungGen: 161640K->49376K(175104K)] 413490K->301485K(699392K), 0.0067667 secs] [Times: user=0.05 sys=0.00, real=0.01 secs] 
2016-09-24T00:15:36.997-0400: 312.271: [GC (GCLocker Initiated GC) [PSYoungGen: 137440K->85890K(175104K)] 389597K->344406K(699392K), 0.0218427 secs] [Times: user=0.24 sys=0.00, real=0.02 secs] 
2016-09-24T00:15:37.200-0400: 312.473: [GC (GCLocker Initiated GC) [PSYoungGen: 173954K->61494K(175104K)] 432651K->338863K(699392K), 0.0186488 secs] [Times: user=0.21 sys=0.00, real=0.02 secs] 
2016-09-24T00:15:37.406-0400: 312.680: [GC (GCLocker Initiated GC) [PSYoungGen: 149558K->73740K(175104K)] 427277K->351703K(699392K), 0.0107649 secs] [Times: user=0.12 sys=0.00, real=0.01 secs] 
2016-09-24T00:15:37.607-0400: 312.881: [GC (GCLocker Initiated GC) [PSYoungGen: 161804K->73480K(175104K)] 440056K->352007K(699392K), 0.0249292 secs] [Times: user=0.29 sys=0.00, real=0.02 secs] 
2016-09-24T00:15:37.781-0400: 313.055: [GC (Allocation Failure) [PSYoungGen: 161544K->73512K(175104K)] 440280K->352516K(699392K), 0.0466882 secs] [Times: user=0.55 sys=0.00, real=0.05 secs] 
2016-09-24T00:15:38.031-0400: 313.305: [GC (GCLocker Initiated GC) [PSYoungGen: 161576K->73608K(175104K)] 440581K->352756K(699392K), 0.0146818 secs] [Times: user=0.19 sys=0.00, real=0.02 secs] 
2016-09-24T00:15:38.182-0400: 313.456: [GC (GCLocker Initiated GC) [PSYoungGen: 161672K->55515K(175104K)] 447172K->341314K(699392K), 0.0095821 secs] [Times: user=0.12 sys=0.00, real=0.01 secs] 
2016-09-24T00:15:38.386-0400: 313.660: [GC (Allocation Failure) [PSYoungGen: 143579K->73968K(175104K)] 429733K->360570K(699392K), 0.0106468 secs] [Times: user=0.12 sys=0.00, real=0.01 secs] 
2016-09-24T00:15:38.539-0400: 313.813: [GC (GCLocker Initiated GC) [PSYoungGen: 156160K->55615K(175104K)] 448837K->348419K(699392K), 0.0099191 secs] [Times: user=0.13 sys=0.00, real=0.01 secs] 
2016-09-24T00:15:38.740-0400: 314.014: [GC (GCLocker Initiated GC) [PSYoungGen: 143679K->73740K(175104K)] 436805K->367150K(699392K), 0.0130259 secs] [Times: user=0.14 sys=0.00, real=0.01 secs] 
2016-09-24T00:15:38.906-0400: 314.180: [GC (GCLocker Initiated GC) [PSYoungGen: 161804K->85954K(175104K)] 455261K->410086K(699392K), 0.0140528 secs] [Times: user=0.15 sys=0.00, real=0.01 secs] 
2016-09-24T00:15:39.112-0400: 314.386: [GC (GCLocker Initiated GC) [PSYoungGen: 174018K->73608K(175104K)] 498309K->434672K(699392K), 0.0106288 secs] [Times: user=0.13 sys=0.01, real=0.02 secs] 
2016-09-24T00:15:39.288-0400: 314.562: [GC (GCLocker Initiated GC) [PSYoungGen: 161672K->73480K(175104K)] 522867K->434934K(699392K), 0.0217074 secs] [Times: user=0.22 sys=0.00, real=0.02 secs] 
2016-09-24T00:15:39.522-0400: 314.796: [GC (GCLocker Initiated GC) [PSYoungGen: 161544K->67273K(175104K)] 523023K->429020K(699392K), 0.0103221 secs] [Times: user=0.09 sys=0.00, real=0.01 secs] 
2016-09-24T00:15:39.672-0400: 314.946: [GC (GCLocker Initiated GC) [PSYoungGen: 155337K->61298K(175104K)] 517248K->441546K(699392K), 0.0171126 secs] [Times: user=0.15 sys=0.00, real=0.02 secs] 
2016-09-24T00:15:39.843-0400: 315.117: [GC (GCLocker Initiated GC) [PSYoungGen: 149362K->67273K(175104K)] 529635K->478212K(699392K), 0.0129053 secs] [Times: user=0.11 sys=0.00, real=0.01 secs] 
2016-09-24T00:15:40.023-0400: 315.297: [GC (Allocation Failure) [PSYoungGen: 155337K->55159K(175104K)] 566560K->490762K(699392K), 0.0224985 secs] [Times: user=0.24 sys=0.00, real=0.02 secs] 
2016-09-24T00:15:40.245-0400: 315.519: [GC (GCLocker Initiated GC) [PSYoungGen: 139815K->43173K(175104K)] 581493K->515477K(699392K), 0.0104180 secs] [Times: user=0.08 sys=0.00, real=0.01 secs] 
2016-09-24T00:15:40.419-0400: 315.693: [GC (GCLocker Initiated GC) [PSYoungGen: 131237K->55387K(175104K)] 603684K->528109K(699392K), 0.0116754 secs] [Times: user=0.09 sys=0.00, real=0.01 secs] 
2016-09-24T00:15:40.564-0400: 315.838: [GC (Allocation Failure) [PSYoungGen: 143451K->73644K(175104K)] 616444K->546733K(699392K), 0.0210092 secs] [Times: user=0.21 sys=0.00, real=0.02 secs] 
2016-09-24T00:15:40.809-0400: 316.083: [Full GC (Ergonomics) [PSYoungGen: 161074K->0K(175104K)] [ParOldGen: 479164K->42860K(524288K)] 640238K->42860K(699392K), [Metaspace: 44678K->44678K(1087488K)], 0.0718167 secs] [Times: user=0.59 sys=0.00, real=0.07 secs] 
2016-09-24T00:15:41.053-0400: 316.327: [GC (GCLocker Initiated GC) [PSYoungGen: 88064K->67505K(175104K)] 130926K->110367K(699392K), 0.0157687 secs] [Times: user=0.16 sys=0.00, real=0.02 secs] 
2016-09-24T00:15:41.210-0400: 316.484: [GC (GCLocker Initiated GC) [PSYoungGen: 155569K->67569K(175104K)] 198567K->141234K(699392K), 0.0236562 secs] [Times: user=0.25 sys=0.01, real=0.03 secs] 
2016-09-24T00:15:41.391-0400: 316.665: [GC (GCLocker Initiated GC) [PSYoungGen: 155633K->55351K(175104K)] 235605K->153839K(699392K), 0.0109732 secs] [Times: user=0.13 sys=0.00, real=0.01 secs] 
2016-09-24T00:15:41.592-0400: 316.866: [GC (GCLocker Initiated GC) [PSYoungGen: 143415K->79747K(175104K)] 248020K->184644K(699392K), 0.0095783 secs] [Times: user=0.14 sys=0.00, real=0.01 secs] 
2016-09-24T00:15:41.758-0400: 317.031: [GC (GCLocker Initiated GC) [PSYoungGen: 167811K->85986K(175104K)] 272755K->245741K(699392K), 0.0119708 secs] [Times: user=0.14 sys=0.01, real=0.01 secs] 
2016-09-24T00:15:41.966-0400: 317.240: [GC (Allocation Failure) [PSYoungGen: 174050K->55483K(175104K)] 340230K->252321K(699392K), 0.0171689 secs] [Times: user=0.12 sys=0.01, real=0.02 secs] 
2016-09-24T00:15:42.140-0400: 317.414: [GC (GCLocker Initiated GC) [PSYoungGen: 143547K->55355K(175104K)] 340385K->252280K(699392K), 0.0068623 secs] [Times: user=0.04 sys=0.01, real=0.01 secs] 
2016-09-24T00:15:42.319-0400: 317.593: [GC (GCLocker Initiated GC) [PSYoungGen: 143419K->73448K(175104K)] 340705K->271018K(699392K), 0.0095246 secs] [Times: user=0.10 sys=0.00, real=0.01 secs] 
2016-09-24T00:15:42.503-0400: 317.777: [GC (GCLocker Initiated GC) [PSYoungGen: 161512K->49376K(175104K)] 365512K->265589K(699392K), 0.0361899 secs] [Times: user=0.34 sys=0.00, real=0.03 secs] 
2016-09-24T00:15:42.708-0400: 317.981: [GC (GCLocker Initiated GC) [PSYoungGen: 137440K->85566K(175104K)] 353707K->302116K(699392K), 0.0295765 secs] [Times: user=0.32 sys=0.00, real=0.03 secs] 
2016-09-24T00:15:42.881-0400: 318.155: [GC (GCLocker Initiated GC) [PSYoungGen: 173630K->55319K(175104K)] 396571K->321077K(699392K), 0.0194562 secs] [Times: user=0.22 sys=0.00, real=0.02 secs] 
2016-09-24T00:15:43.099-0400: 318.373: [GC (GCLocker Initiated GC) [PSYoungGen: 143383K->18869K(175104K)] 421541K->297146K(699392K), 0.0074765 secs] [Times: user=0.07 sys=0.01, real=0.01 secs] 
2016-09-24T00:15:43.336-0400: 318.610: [GC (Allocation Failure) [PSYoungGen: 106933K->18741K(175104K)] 397922K->309997K(699392K), 0.0131631 secs] [Times: user=0.14 sys=0.00, real=0.01 secs] 
2016-09-24T00:15:43.483-0400: 318.757: [GC (GCLocker Initiated GC) [PSYoungGen: 106805K->73480K(175104K)] 398067K->365009K(699392K), 0.0250243 secs] [Times: user=0.25 sys=0.00, real=0.02 secs] 
2016-09-24T00:15:43.658-0400: 318.932: [GC (GCLocker Initiated GC) [PSYoungGen: 161544K->55714K(175104K)] 459510K->372025K(699392K), 0.0266254 secs] [Times: user=0.27 sys=0.00, real=0.03 secs] 
2016-09-24T00:15:43.840-0400: 319.114: [GC (GCLocker Initiated GC) [PSYoungGen: 143778K->43237K(175104K)] 472264K->372169K(699392K), 0.0148107 secs] [Times: user=0.14 sys=0.00, real=0.02 secs] 
2016-09-24T00:15:43.995-0400: 319.268: [GC (Allocation Failure) [PSYoungGen: 131301K->49084K(175104K)] 460275K->402454K(699392K), 0.0097571 secs] [Times: user=0.08 sys=0.00, real=0.01 secs] 
2016-09-24T00:15:44.189-0400: 319.463: [GC (GCLocker Initiated GC) [PSYoungGen: 137148K->61394K(175104K)] 490523K->457430K(699392K), 0.0158519 secs] [Times: user=0.17 sys=0.00, real=0.02 secs] 
2016-09-24T00:15:44.379-0400: 319.652: [GC (GCLocker Initiated GC) [PSYoungGen: 149458K->55451K(175104K)] 551817K->457913K(699392K), 0.0205979 secs] [Times: user=0.20 sys=0.00, real=0.02 secs] 
2016-09-24T00:15:44.554-0400: 319.827: [GC (GCLocker Initiated GC) [PSYoungGen: 143515K->55223K(175104K)] 558365K->470332K(699392K), 0.0243073 secs] [Times: user=0.24 sys=0.00, real=0.03 secs] 
2016-09-24T00:15:44.733-0400: 320.006: [GC (GCLocker Initiated GC) [PSYoungGen: 143287K->36966K(175104K)] 565296K->459062K(699392K), 0.0063563 secs] [Times: user=0.06 sys=0.00, real=0.01 secs] 
2016-09-24T00:15:44.922-0400: 320.196: [GC (GCLocker Initiated GC) [PSYoungGen: 125030K->55159K(172032K)] 553556K->483921K(696320K), 0.0258625 secs] [Times: user=0.23 sys=0.01, real=0.03 secs] 
2016-09-24T00:15:45.177-0400: 320.451: [GC (Allocation Failure) [PSYoungGen: 143223K->55387K(173568K)] 578230K->490466K(697856K), 0.0114998 secs] [Times: user=0.10 sys=0.00, real=0.01 secs] 
2016-09-24T00:15:45.339-0400: 320.613: [GC (GCLocker Initiated GC) [PSYoungGen: 140981K->55127K(172544K)] 582136K->496360K(696832K), 0.0088986 secs] [Times: user=0.08 sys=0.00, real=0.01 secs] 
2016-09-24T00:15:45.525-0400: 320.798: [GC (GCLocker Initiated GC) [PSYoungGen: 148823K->73612K(174080K)] 590311K->515343K(698368K), 0.0095633 secs] [Times: user=0.08 sys=0.01, real=0.01 secs] 
2016-09-24T00:15:45.733-0400: 321.006: [GC (GCLocker Initiated GC) [PSYoungGen: 167308K->61202K(178176K)] 615201K->509323K(702464K), 0.0354178 secs] [Times: user=0.33 sys=0.00, real=0.04 secs] 
2016-09-24T00:15:45.912-0400: 321.186: [GC (GCLocker Initiated GC) [PSYoungGen: 154386K->61398K(154624K)] 602623K->534022K(678912K), 0.0247807 secs] [Times: user=0.21 sys=0.00, real=0.03 secs] 
2016-09-24T00:15:46.108-0400: 321.381: [GC (GCLocker Initiated GC) [PSYoungGen: 154582K->79523K(171008K)] 627316K->552517K(695296K), 0.0134688 secs] [Times: user=0.12 sys=0.00, real=0.01 secs] 
2016-09-24T00:15:46.277-0400: 321.550: [GC (GCLocker Initiated GC) [PSYoungGen: 167587K->61658K(175104K)] 646687K->540877K(699392K), 0.0277166 secs] [Times: user=0.27 sys=0.00, real=0.03 secs] 
2016-09-24T00:15:46.451-0400: 321.724: [Full GC (Ergonomics) [PSYoungGen: 149722K->0K(175104K)] [ParOldGen: 491471K->48909K(524288K)] 641193K->48909K(699392K), [Metaspace: 44678K->44678K(1087488K)], 0.0600247 secs] [Times: user=0.34 sys=0.01, real=0.06 secs] 
2016-09-24T00:15:46.719-0400: 321.992: [GC (GCLocker Initiated GC) [PSYoungGen: 88064K->85926K(174592K)] 143230K->141092K(698880K), 0.0224893 secs] [Times: user=0.23 sys=0.01, real=0.02 secs] 
2016-09-24T00:15:46.896-0400: 322.170: [GC (GCLocker Initiated GC) [PSYoungGen: 173990K->61558K(175104K)] 229517K->165984K(699392K), 0.0258608 secs] [Times: user=0.30 sys=0.00, real=0.03 secs] 
2016-09-24T00:15:47.114-0400: 322.388: [GC (GCLocker Initiated GC) [PSYoungGen: 149622K->73448K(175104K)] 254409K->178675K(699392K), 0.0172073 secs] [Times: user=0.16 sys=0.00, real=0.02 secs] 
2016-09-24T00:15:47.291-0400: 322.564: [GC (GCLocker Initiated GC) [PSYoungGen: 161512K->73352K(175104K)] 267100K->179199K(699392K), 0.0169108 secs] [Times: user=0.15 sys=0.01, real=0.02 secs] 
2016-09-24T00:15:47.475-0400: 322.748: [GC (GCLocker Initiated GC) [PSYoungGen: 161416K->67405K(175104K)] 267333K->173606K(699392K), 0.0068853 secs] [Times: user=0.06 sys=0.00, real=0.00 secs] 
2016-09-24T00:15:47.653-0400: 322.926: [GC (Allocation Failure) [PSYoungGen: 155469K->73804K(175104K)] 261980K->198808K(699392K), 0.0091283 secs] [Times: user=0.12 sys=0.00, real=0.01 secs] 
2016-09-24T00:15:47.873-0400: 323.147: [GC (GCLocker Initiated GC) [PSYoungGen: 161868K->55351K(175104K)] 286877K->180620K(699392K), 0.0107157 secs] [Times: user=0.10 sys=0.00, real=0.02 secs] 
2016-09-24T00:15:48.043-0400: 323.317: [GC (GCLocker Initiated GC) [PSYoungGen: 143415K->55287K(175104K)] 268754K->180721K(699392K), 0.0114351 secs] [Times: user=0.12 sys=0.00, real=0.01 secs] 
2016-09-24T00:15:48.201-0400: 323.475: [GC (Allocation Failure) [PSYoungGen: 143351K->55938K(175104K)] 275204K->206513K(699392K), 0.0098067 secs] [Times: user=0.14 sys=0.00, real=0.01 secs] 
2016-09-24T00:15:48.364-0400: 323.638: [GC (GCLocker Initiated GC) [PSYoungGen: 142432K->56038K(175104K)] 299081K->213003K(699392K), 0.0080615 secs] [Times: user=0.12 sys=0.00, real=0.00 secs] 
2016-09-24T00:15:48.502-0400: 323.776: [GC (GCLocker Initiated GC) [PSYoungGen: 144102K->74132K(175104K)] 301119K->231464K(699392K), 0.0075653 secs] [Times: user=0.10 sys=0.00, real=0.00 secs] 
2016-09-24T00:15:48.704-0400: 323.977: [GC (GCLocker Initiated GC) [PSYoungGen: 162196K->49184K(175104K)] 319821K->225286K(699392K), 0.0286148 secs] [Times: user=0.25 sys=0.00, real=0.02 secs] 
2016-09-24T00:15:48.877-0400: 324.151: [GC (GCLocker Initiated GC) [PSYoungGen: 137248K->55159K(175104K)] 313398K->231560K(699392K), 0.0092880 secs] [Times: user=0.07 sys=0.00, real=0.01 secs] 
2016-09-24T00:15:49.076-0400: 324.350: [GC (GCLocker Initiated GC) [PSYoungGen: 143223K->55319K(143872K)] 325820K->286808K(668160K), 0.0139755 secs] [Times: user=0.12 sys=0.00, real=0.01 secs] 
2016-09-24T00:15:49.253-0400: 324.527: [GC (Allocation Failure) [PSYoungGen: 143383K->85990K(173056K)] 375042K->317933K(697344K), 0.0123011 secs] [Times: user=0.11 sys=0.00, real=0.02 secs] 
2016-09-24T00:15:49.445-0400: 324.718: [GC (GCLocker Initiated GC) [PSYoungGen: 173030K->55191K(174080K)] 404973K->305619K(698368K), 0.0270351 secs] [Times: user=0.28 sys=0.00, real=0.02 secs] 
2016-09-24T00:15:49.644-0400: 324.918: [GC (GCLocker Initiated GC) [PSYoungGen: 142231K->73644K(175104K)] 392987K->324519K(699392K), 0.0078281 secs] [Times: user=0.06 sys=0.00, real=0.00 secs] 
2016-09-24T00:15:49.858-0400: 325.132: [GC (Allocation Failure) [PSYoungGen: 161708K->55223K(175104K)] 418856K->312779K(699392K), 0.0159784 secs] [Times: user=0.17 sys=0.00, real=0.01 secs] 
2016-09-24T00:15:50.021-0400: 325.295: [GC (GCLocker Initiated GC) [PSYoungGen: 143287K->55387K(175104K)] 400849K->313052K(699392K), 0.0297011 secs] [Times: user=0.35 sys=0.00, real=0.03 secs] 
2016-09-24T00:15:50.171-0400: 325.445: [GC (GCLocker Initiated GC) [PSYoungGen: 143451K->73936K(175104K)] 401407K->332200K(699392K), 0.0143474 secs] [Times: user=0.19 sys=0.00, real=0.02 secs] 
2016-09-24T00:15:50.344-0400: 325.618: [GC (GCLocker Initiated GC) [PSYoungGen: 162000K->67665K(175104K)] 420434K->344623K(699392K), 0.0090677 secs] [Times: user=0.10 sys=0.00, real=0.00 secs] 
2016-09-24T00:15:50.539-0400: 325.813: [GC (GCLocker Initiated GC) [PSYoungGen: 155729K->49116K(175104K)] 433003K->326681K(699392K), 0.0357279 secs] [Times: user=0.34 sys=0.00, real=0.04 secs] 
2016-09-24T00:15:50.855-0400: 326.129: [GC (Allocation Failure) [PSYoungGen: 137180K->18837K(175104K)] 420856K->302608K(699392K), 0.0128848 secs] [Times: user=0.11 sys=0.00, real=0.01 secs] 
2016-09-24T00:15:51.403-0400: 326.677: [GC (Allocation Failure) [PSYoungGen: 106901K->18673K(175104K)] 390672K->320993K(699392K), 0.0142910 secs] [Times: user=0.14 sys=0.00, real=0.01 secs] 
