Java HotSpot(TM) 64-Bit Server VM (25.101-b13) for linux-amd64 JRE (1.8.0_101-b13), built on Jun 22 2016 02:59:44 by "java_re" with gcc 4.3.0 20080428 (Red Hat 4.3.0-8)
Memory: 4k page, physical 264122320k(255388072k free), swap 268399612k(268399612k free)
CommandLine flags: -XX:GCLogFileSize=1048576 -XX:+HeapDumpOnOutOfMemoryError -XX:HeapDumpPath=artifacts/heapdump -XX:InitialHeapSize=805306368 -XX:MaxHeapSize=805306368 -XX:NumberOfGCLogFiles=10 -XX:+PrintGC -XX:+PrintGCDateStamps -XX:+PrintGCDetails -XX:+PrintGCTimeStamps -XX:+UseCompressedClassPointers -XX:+UseCompressedOops -XX:+UseGCLogFileRotation -XX:+UseParallelGC 
2016-09-24T00:17:14.952-0400: 2.191: [GC (Metadata GC Threshold) [PSYoungGen: 121898K->15543K(229376K)] 121898K->15631K(753664K), 0.0244002 secs] [Times: user=0.12 sys=0.00, real=0.03 secs] 
2016-09-24T00:17:14.976-0400: 2.216: [Full GC (Metadata GC Threshold) [PSYoungGen: 15543K->0K(229376K)] [ParOldGen: 88K->14603K(336384K)] 15631K->14603K(565760K), [Metaspace: 21077K->21077K(1067008K)], 0.0405810 secs] [Times: user=0.26 sys=0.00, real=0.04 secs] 
2016-09-24T00:17:16.784-0400: 4.023: [GC (Metadata GC Threshold) [PSYoungGen: 121718K->14809K(229376K)] 136321K->29549K(565760K), 0.0183112 secs] [Times: user=0.13 sys=0.01, real=0.01 secs] 
2016-09-24T00:17:16.802-0400: 4.042: [Full GC (Metadata GC Threshold) [PSYoungGen: 14809K->0K(229376K)] [ParOldGen: 14739K->20225K(524288K)] 29549K->20225K(753664K), [Metaspace: 35066K->35066K(1079296K)], 0.0660163 secs] [Times: user=0.48 sys=0.02, real=0.06 secs] 
2016-09-24T00:17:18.416-0400: 5.655: [GC (GCLocker Initiated GC) [PSYoungGen: 196608K->24284K(229376K)] 222908K->50592K(753664K), 0.0099381 secs] [Times: user=0.09 sys=0.03, real=0.01 secs] 
2016-09-24T00:17:19.317-0400: 6.556: [GC (GCLocker Initiated GC) [PSYoungGen: 220892K->27344K(229376K)] 247561K->66172K(753664K), 0.0093190 secs] [Times: user=0.08 sys=0.02, real=0.01 secs] 
2016-09-24T00:17:20.415-0400: 7.655: [GC (GCLocker Initiated GC) [PSYoungGen: 223952K->21655K(218624K)] 269210K->66921K(742912K), 0.0078340 secs] [Times: user=0.08 sys=0.02, real=0.01 secs] 
2016-09-24T00:17:21.459-0400: 8.698: [GC (Allocation Failure) [PSYoungGen: 218263K->21589K(227328K)] 269954K->73288K(751616K), 0.0071957 secs] [Times: user=0.07 sys=0.01, real=0.01 secs] 
2016-09-24T00:17:22.630-0400: 9.869: [GC (Allocation Failure) [PSYoungGen: 215294K->21365K(226304K)] 266993K->73072K(750592K), 0.0065071 secs] [Times: user=0.05 sys=0.01, real=0.01 secs] 
2016-09-24T00:17:23.528-0400: 10.767: [GC (Allocation Failure) [PSYoungGen: 218997K->27600K(228864K)] 270704K->91465K(753152K), 0.0083405 secs] [Times: user=0.10 sys=0.00, real=0.01 secs] 
2016-09-24T00:17:24.661-0400: 11.901: [GC (Allocation Failure) [PSYoungGen: 228816K->27696K(229376K)] 292681K->103719K(753664K), 0.0110497 secs] [Times: user=0.12 sys=0.03, real=0.01 secs] 
2016-09-24T00:17:25.685-0400: 12.924: [GC (Allocation Failure) [PSYoungGen: 228044K->21461K(231424K)] 304067K->97492K(755712K), 0.0077843 secs] [Times: user=0.06 sys=0.00, real=0.00 secs] 
2016-09-24T00:17:26.757-0400: 13.997: [GC (Allocation Failure) [PSYoungGen: 221141K->21653K(221696K)] 297172K->97692K(745984K), 0.0095851 secs] [Times: user=0.07 sys=0.02, real=0.01 secs] 
2016-09-24T00:17:27.870-0400: 15.110: [GC (Allocation Failure) [PSYoungGen: 220769K->21525K(230912K)] 296808K->97572K(755200K), 0.0131058 secs] [Times: user=0.09 sys=0.03, real=0.02 secs] 
2016-09-24T00:17:28.890-0400: 16.129: [GC (Allocation Failure) [PSYoungGen: 221417K->9247K(229888K)] 297463K->85294K(754176K), 0.0662474 secs] [Times: user=0.08 sys=0.07, real=0.07 secs] 
2016-09-24T00:17:30.002-0400: 17.241: [GC (Allocation Failure) [PSYoungGen: 209519K->21685K(231936K)] 285565K->97740K(756224K), 0.0111311 secs] [Times: user=0.13 sys=0.01, real=0.01 secs] 
2016-09-24T00:17:30.832-0400: 18.072: [GC (GCLocker Initiated GC) [PSYoungGen: 222897K->28060K(229376K)] 298957K->152729K(753664K), 0.0172037 secs] [Times: user=0.21 sys=0.03, real=0.02 secs] 
2016-09-24T00:17:31.144-0400: 18.384: [GC (GCLocker Initiated GC) [PSYoungGen: 229276K->28244K(227328K)] 360123K->195549K(751616K), 0.0119293 secs] [Times: user=0.08 sys=0.02, real=0.01 secs] 
2016-09-24T00:17:31.422-0400: 18.662: [GC (GCLocker Initiated GC) [PSYoungGen: 223828K->33259K(228864K)] 391248K->304875K(753152K), 0.0148011 secs] [Times: user=0.14 sys=0.06, real=0.01 secs] 
2016-09-24T00:17:31.683-0400: 18.922: [GC (GCLocker Initiated GC) [PSYoungGen: 228843K->31723K(153088K)] 500500K->384389K(677376K), 0.0170916 secs] [Times: user=0.18 sys=0.03, real=0.01 secs] 
2016-09-24T00:17:31.907-0400: 19.146: [GC (GCLocker Initiated GC) [PSYoungGen: 151531K->67917K(187904K)] 522767K->506370K(712192K), 0.0146192 secs] [Times: user=0.16 sys=0.05, real=0.01 secs] 
2016-09-24T00:17:31.922-0400: 19.161: [Full GC (Ergonomics) [PSYoungGen: 67917K->0K(187904K)] [ParOldGen: 438453K->51016K(524288K)] 506370K->51016K(712192K), [Metaspace: 43661K->43661K(1085440K)], 0.1800366 secs] [Times: user=2.40 sys=0.02, real=0.18 secs] 
2016-09-24T00:17:32.275-0400: 19.515: [GC (Allocation Failure) [PSYoungGen: 119808K->73868K(162304K)] 176946K->167464K(686592K), 0.0102415 secs] [Times: user=0.14 sys=0.01, real=0.01 secs] 
2016-09-24T00:17:32.286-0400: 19.525: [GC (GCLocker Initiated GC) [PSYoungGen: 74061K->86218K(175104K)] 167658K->185889K(699392K), 0.0083732 secs] [Times: user=0.10 sys=0.01, real=0.01 secs] 
2016-09-24T00:17:32.400-0400: 19.639: [GC (GCLocker Initiated GC) [PSYoungGen: 174282K->86182K(175104K)] 273959K->246609K(699392K), 0.0112169 secs] [Times: user=0.15 sys=0.01, real=0.01 secs] 
2016-09-24T00:17:32.515-0400: 19.755: [GC (GCLocker Initiated GC) [PSYoungGen: 174246K->86182K(175104K)] 334825K->313586K(699392K), 0.0136213 secs] [Times: user=0.21 sys=0.00, real=0.01 secs] 
2016-09-24T00:17:32.665-0400: 19.905: [GC (GCLocker Initiated GC) [PSYoungGen: 174246K->86577K(175104K)] 413840K->344397K(699392K), 0.0141970 secs] [Times: user=0.19 sys=0.00, real=0.01 secs] 
2016-09-24T00:17:32.787-0400: 20.026: [GC (GCLocker Initiated GC) [PSYoungGen: 174641K->86477K(175104K)] 432570K->362631K(699392K), 0.0110272 secs] [Times: user=0.13 sys=0.01, real=0.01 secs] 
2016-09-24T00:17:32.909-0400: 20.148: [GC (GCLocker Initiated GC) [PSYoungGen: 174541K->86246K(175104K)] 457098K->430343K(699392K), 0.0117299 secs] [Times: user=0.16 sys=0.01, real=0.01 secs] 
2016-09-24T00:17:33.040-0400: 20.279: [GC (GCLocker Initiated GC) [PSYoungGen: 174310K->85822K(175104K)] 524681K->466828K(699392K), 0.0126116 secs] [Times: user=0.20 sys=0.00, real=0.01 secs] 
2016-09-24T00:17:33.178-0400: 20.417: [GC (GCLocker Initiated GC) [PSYoungGen: 173886K->85726K(175104K)] 555253K->473287K(699392K), 0.0172702 secs] [Times: user=0.21 sys=0.00, real=0.02 secs] 
2016-09-24T00:17:33.305-0400: 20.545: [GC (GCLocker Initiated GC) [PSYoungGen: 173790K->85854K(175104K)] 561589K->498065K(699392K), 0.0182069 secs] [Times: user=0.27 sys=0.00, real=0.02 secs] 
2016-09-24T00:17:33.474-0400: 20.713: [GC (GCLocker Initiated GC) [PSYoungGen: 173918K->55874K(175104K)] 598443K->480488K(699392K), 0.0137104 secs] [Times: user=0.16 sys=0.01, real=0.02 secs] 
2016-09-24T00:17:33.642-0400: 20.881: [GC (GCLocker Initiated GC) [PSYoungGen: 143938K->73904K(175104K)] 568874K->499138K(699392K), 0.0141867 secs] [Times: user=0.20 sys=0.00, real=0.02 secs] 
2016-09-24T00:17:33.800-0400: 21.039: [GC (GCLocker Initiated GC) [PSYoungGen: 161968K->55611K(175104K)] 593560K->505547K(699392K), 0.0077335 secs] [Times: user=0.09 sys=0.00, real=0.01 secs] 
2016-09-24T00:17:33.808-0400: 21.047: [Full GC (Ergonomics) [PSYoungGen: 55611K->0K(175104K)] [ParOldGen: 449936K->51469K(524288K)] 505547K->51469K(699392K), [Metaspace: 43727K->43727K(1085440K)], 0.0466258 secs] [Times: user=0.37 sys=0.00, real=0.05 secs] 
2016-09-24T00:17:33.945-0400: 21.184: [GC (GCLocker Initiated GC) [PSYoungGen: 88064K->85790K(175104K)] 139670K->161696K(699392K), 0.0161521 secs] [Times: user=0.22 sys=0.00, real=0.01 secs] 
2016-09-24T00:17:34.107-0400: 21.347: [GC (GCLocker Initiated GC) [PSYoungGen: 173854K->37489K(175104K)] 268027K->180531K(699392K), 0.0104975 secs] [Times: user=0.08 sys=0.01, real=0.01 secs] 
2016-09-24T00:17:34.232-0400: 21.472: [GC (GCLocker Initiated GC) [PSYoungGen: 125553K->85922K(175104K)] 274717K->265924K(699392K), 0.0107747 secs] [Times: user=0.12 sys=0.01, real=0.02 secs] 
2016-09-24T00:17:34.355-0400: 21.594: [GC (GCLocker Initiated GC) [PSYoungGen: 173986K->73868K(175104K)] 360223K->333501K(699392K), 0.0109490 secs] [Times: user=0.15 sys=0.02, real=0.01 secs] 
2016-09-24T00:17:34.456-0400: 21.696: [GC (GCLocker Initiated GC) [PSYoungGen: 161932K->85790K(175104K)] 421798K->406885K(699392K), 0.0122539 secs] [Times: user=0.18 sys=0.01, real=0.01 secs] 
2016-09-24T00:17:34.577-0400: 21.816: [GC (GCLocker Initiated GC) [PSYoungGen: 173854K->61490K(175104K)] 495261K->443971K(699392K), 0.0127677 secs] [Times: user=0.15 sys=0.01, real=0.01 secs] 
2016-09-24T00:17:34.696-0400: 21.935: [GC (GCLocker Initiated GC) [PSYoungGen: 149554K->73936K(175104K)] 538354K->481260K(699392K), 0.0105636 secs] [Times: user=0.12 sys=0.01, real=0.01 secs] 
2016-09-24T00:17:34.847-0400: 22.086: [GC (GCLocker Initiated GC) [PSYoungGen: 162000K->73544K(175104K)] 581516K->511905K(699392K), 0.0079846 secs] [Times: user=0.09 sys=0.01, real=0.01 secs] 
2016-09-24T00:17:34.855-0400: 22.094: [Full GC (Ergonomics) [PSYoungGen: 73544K->0K(175104K)] [ParOldGen: 438360K->45537K(524288K)] 511905K->45537K(699392K), [Metaspace: 43796K->43796K(1087488K)], 0.0609922 secs] [Times: user=0.35 sys=0.02, real=0.06 secs] 
2016-09-24T00:17:35.021-0400: 22.261: [GC (GCLocker Initiated GC) [PSYoungGen: 88064K->86274K(175104K)] 133626K->168286K(699392K), 0.0119503 secs] [Times: user=0.18 sys=0.00, real=0.01 secs] 
2016-09-24T00:17:35.144-0400: 22.383: [GC (GCLocker Initiated GC) [PSYoungGen: 174338K->79747K(175104K)] 262575K->205013K(699392K), 0.0104594 secs] [Times: user=0.15 sys=0.00, real=0.01 secs] 
2016-09-24T00:17:35.265-0400: 22.504: [GC (Allocation Failure) [PSYoungGen: 167811K->74000K(175104K)] 293628K->242626K(699392K), 0.0114667 secs] [Times: user=0.17 sys=0.00, real=0.01 secs] 
2016-09-24T00:17:35.399-0400: 22.638: [GC (GCLocker Initiated GC) [PSYoungGen: 159364K->73640K(175104K)] 334065K->266685K(699392K), 0.0110022 secs] [Times: user=0.11 sys=0.01, real=0.01 secs] 
2016-09-24T00:17:35.528-0400: 22.767: [GC (GCLocker Initiated GC) [PSYoungGen: 161704K->73740K(175104K)] 354914K->285310K(699392K), 0.0101876 secs] [Times: user=0.14 sys=0.01, real=0.01 secs] 
2016-09-24T00:17:35.653-0400: 22.893: [GC (GCLocker Initiated GC) [PSYoungGen: 161804K->85922K(175104K)] 373562K->316188K(699392K), 0.0120354 secs] [Times: user=0.16 sys=0.01, real=0.02 secs] 
2016-09-24T00:17:35.805-0400: 23.044: [GC (GCLocker Initiated GC) [PSYoungGen: 173986K->55611K(175104K)] 404256K->316399K(699392K), 0.0112484 secs] [Times: user=0.16 sys=0.00, real=0.01 secs] 
2016-09-24T00:17:35.947-0400: 23.187: [GC (Allocation Failure) [PSYoungGen: 143670K->36930K(175104K)] 417100K->310699K(699392K), 0.0069155 secs] [Times: user=0.07 sys=0.00, real=0.01 secs] 
2016-09-24T00:17:36.078-0400: 23.317: [GC (GCLocker Initiated GC) [PSYoungGen: 124723K->73676K(175104K)] 404567K->353607K(699392K), 0.0141721 secs] [Times: user=0.17 sys=0.01, real=0.01 secs] 
2016-09-24T00:17:36.212-0400: 23.452: [GC (GCLocker Initiated GC) [PSYoungGen: 161740K->55547K(175104K)] 454064K->348155K(699392K), 0.0078610 secs] [Times: user=0.11 sys=0.00, real=0.01 secs] 
2016-09-24T00:17:36.352-0400: 23.592: [GC (Allocation Failure) [PSYoungGen: 143611K->37094K(175104K)] 448618K->360485K(699392K), 0.0079436 secs] [Times: user=0.13 sys=0.00, real=0.01 secs] 
2016-09-24T00:17:36.486-0400: 23.725: [GC (GCLocker Initiated GC) [PSYoungGen: 125158K->73936K(175104K)] 448554K->397436K(699392K), 0.0090542 secs] [Times: user=0.10 sys=0.00, real=0.01 secs] 
2016-09-24T00:17:36.636-0400: 23.875: [GC (GCLocker Initiated GC) [PSYoungGen: 162000K->55255K(175104K)] 485644K->397391K(699392K), 0.0103781 secs] [Times: user=0.09 sys=0.00, real=0.01 secs] 
2016-09-24T00:17:36.748-0400: 23.988: [GC (GCLocker Initiated GC) [PSYoungGen: 143319K->85790K(175104K)] 485492K->458474K(699392K), 0.0098057 secs] [Times: user=0.14 sys=0.00, real=0.01 secs] 
2016-09-24T00:17:36.885-0400: 24.124: [GC (GCLocker Initiated GC) [PSYoungGen: 173854K->43493K(175104K)] 546618K->495399K(699392K), 0.0129502 secs] [Times: user=0.18 sys=0.01, real=0.01 secs] 
2016-09-24T00:17:36.898-0400: 24.137: [Full GC (Ergonomics) [PSYoungGen: 43493K->0K(175104K)] [ParOldGen: 451906K->45942K(524288K)] 495399K->45942K(699392K), [Metaspace: 43842K->43842K(1087488K)], 0.0573699 secs] [Times: user=0.34 sys=0.02, real=0.06 secs] 
2016-09-24T00:17:37.051-0400: 24.290: [GC (GCLocker Initiated GC) [PSYoungGen: 88064K->86046K(175104K)] 152284K->174566K(699392K), 0.0090185 secs] [Times: user=0.12 sys=0.00, real=0.01 secs] 
2016-09-24T00:17:37.183-0400: 24.422: [GC (GCLocker Initiated GC) [PSYoungGen: 174110K->55319K(175104K)] 268954K->241892K(699392K), 0.0239956 secs] [Times: user=0.32 sys=0.01, real=0.02 secs] 
2016-09-24T00:17:37.321-0400: 24.561: [GC (GCLocker Initiated GC) [PSYoungGen: 143383K->55123K(175104K)] 330081K->242105K(699392K), 0.0144382 secs] [Times: user=0.23 sys=0.00, real=0.02 secs] 
2016-09-24T00:17:37.470-0400: 24.710: [GC (GCLocker Initiated GC) [PSYoungGen: 143187K->85758K(175104K)] 330263K->297245K(699392K), 0.0116650 secs] [Times: user=0.13 sys=0.01, real=0.02 secs] 
2016-09-24T00:17:37.573-0400: 24.812: [GC (GCLocker Initiated GC) [PSYoungGen: 173822K->79747K(175104K)] 391421K->370726K(699392K), 0.0114976 secs] [Times: user=0.18 sys=0.00, real=0.02 secs] 
2016-09-24T00:17:37.708-0400: 24.947: [GC (GCLocker Initiated GC) [PSYoungGen: 167811K->79715K(175104K)] 459084K->383437K(699392K), 0.0141729 secs] [Times: user=0.17 sys=0.01, real=0.01 secs] 
2016-09-24T00:17:37.850-0400: 25.089: [GC (GCLocker Initiated GC) [PSYoungGen: 167779K->49144K(175104K)] 483860K->383718K(699392K), 0.0117254 secs] [Times: user=0.11 sys=0.00, real=0.01 secs] 
2016-09-24T00:17:37.995-0400: 25.234: [GC (Allocation Failure) [PSYoungGen: 137205K->61526K(175104K)] 478204K->426944K(699392K), 0.0148856 secs] [Times: user=0.15 sys=0.01, real=0.01 secs] 
2016-09-24T00:17:38.114-0400: 25.354: [GC (GCLocker Initiated GC) [PSYoungGen: 149100K->67665K(175104K)] 520593K->439418K(699392K), 0.0156398 secs] [Times: user=0.18 sys=0.01, real=0.01 secs] 
2016-09-24T00:17:38.246-0400: 25.486: [GC (GCLocker Initiated GC) [PSYoungGen: 155729K->55807K(175104K)] 533862K->452464K(699392K), 0.0119886 secs] [Times: user=0.14 sys=0.01, real=0.01 secs] 
2016-09-24T00:17:38.386-0400: 25.625: [GC (GCLocker Initiated GC) [PSYoungGen: 143871K->55351K(175104K)] 540614K->494879K(699392K), 0.0217922 secs] [Times: user=0.26 sys=0.00, real=0.02 secs] 
2016-09-24T00:17:38.534-0400: 25.773: [Full GC (Ergonomics) [PSYoungGen: 143415K->0K(175104K)] [ParOldGen: 445645K->39995K(524288K)] 589060K->39995K(699392K), [Metaspace: 43846K->43846K(1087488K)], 0.0539650 secs] [Times: user=0.30 sys=0.01, real=0.06 secs] 
2016-09-24T00:17:38.704-0400: 25.944: [GC (GCLocker Initiated GC) [PSYoungGen: 88064K->86046K(175104K)] 128386K->132451K(699392K), 0.0122266 secs] [Times: user=0.17 sys=0.00, real=0.01 secs] 
2016-09-24T00:17:38.855-0400: 26.094: [GC (GCLocker Initiated GC) [PSYoungGen: 174110K->85594K(175104K)] 220703K->175260K(699392K), 0.0115936 secs] [Times: user=0.16 sys=0.01, real=0.01 secs] 
2016-09-24T00:17:38.976-0400: 26.216: [GC (GCLocker Initiated GC) [PSYoungGen: 173658K->31246K(175104K)] 269469K->206152K(699392K), 0.0234326 secs] [Times: user=0.24 sys=0.00, real=0.02 secs] 
2016-09-24T00:17:39.096-0400: 26.335: [GC (GCLocker Initiated GC) [PSYoungGen: 119310K->67765K(175104K)] 300433K->267396K(699392K), 0.0246615 secs] [Times: user=0.28 sys=0.00, real=0.02 secs] 
2016-09-24T00:17:39.249-0400: 26.488: [GC (GCLocker Initiated GC) [PSYoungGen: 155829K->79747K(175104K)] 355579K->297998K(699392K), 0.0121729 secs] [Times: user=0.18 sys=0.00, real=0.01 secs] 
2016-09-24T00:17:39.392-0400: 26.631: [GC (GCLocker Initiated GC) [PSYoungGen: 167811K->37226K(175104K)] 398360K->292350K(699392K), 0.0090599 secs] [Times: user=0.09 sys=0.00, real=0.01 secs] 
2016-09-24T00:17:39.499-0400: 26.739: [GC (Allocation Failure) [PSYoungGen: 125290K->55319K(175104K)] 380484K->341204K(699392K), 0.0081747 secs] [Times: user=0.10 sys=0.00, real=0.01 secs] 
2016-09-24T00:17:39.642-0400: 26.882: [GC (Allocation Failure) [PSYoungGen: 143383K->85986K(175104K)] 429268K->378238K(699392K), 0.0189847 secs] [Times: user=0.20 sys=0.00, real=0.01 secs] 
2016-09-24T00:17:39.784-0400: 27.023: [GC (GCLocker Initiated GC) [PSYoungGen: 169487K->30987K(175104K)] 467814K->360300K(699392K), 0.0076664 secs] [Times: user=0.07 sys=0.00, real=0.00 secs] 
2016-09-24T00:17:39.900-0400: 27.139: [GC (GCLocker Initiated GC) [PSYoungGen: 119051K->55383K(175104K)] 454543K->409235K(699392K), 0.0199026 secs] [Times: user=0.21 sys=0.00, real=0.02 secs] 
2016-09-24T00:17:43.780-0400: 31.019: [GC (GCLocker Initiated GC) [PSYoungGen: 143447K->73872K(175104K)] 497313K->446059K(699392K), 0.0257782 secs] [Times: user=0.22 sys=0.02, real=0.03 secs] 
2016-09-24T00:17:43.918-0400: 31.158: [GC (GCLocker Initiated GC) [PSYoungGen: 161936K->85854K(175104K)] 540402K->489108K(699392K), 0.0130004 secs] [Times: user=0.19 sys=0.00, real=0.01 secs] 
2016-09-24T00:17:44.054-0400: 31.294: [GC (GCLocker Initiated GC) [PSYoungGen: 173918K->49440K(175104K)] 583305K->537914K(699392K), 0.0190968 secs] [Times: user=0.19 sys=0.02, real=0.01 secs] 
2016-09-24T00:17:44.074-0400: 31.313: [Full GC (Ergonomics) [PSYoungGen: 49440K->0K(175104K)] [ParOldGen: 488474K->52042K(524288K)] 537914K->52042K(699392K), [Metaspace: 43884K->43884K(1087488K)], 0.0607555 secs] [Times: user=0.32 sys=0.01, real=0.07 secs] 
2016-09-24T00:17:44.247-0400: 31.486: [GC (GCLocker Initiated GC) [PSYoungGen: 88064K->68113K(175104K)] 152611K->132660K(699392K), 0.0100410 secs] [Times: user=0.07 sys=0.00, real=0.01 secs] 
2016-09-24T00:17:44.372-0400: 31.612: [GC (GCLocker Initiated GC) [PSYoungGen: 156177K->73580K(175104K)] 226909K->175630K(699392K), 0.0182788 secs] [Times: user=0.21 sys=0.01, real=0.02 secs] 
2016-09-24T00:17:44.524-0400: 31.763: [GC (GCLocker Initiated GC) [PSYoungGen: 161644K->74000K(175104K)] 269837K->237176K(699392K), 0.0203967 secs] [Times: user=0.25 sys=0.01, real=0.02 secs] 
2016-09-24T00:17:44.640-0400: 31.879: [GC (GCLocker Initiated GC) [PSYoungGen: 162064K->67569K(175104K)] 325271K->267494K(699392K), 0.0224153 secs] [Times: user=0.30 sys=0.01, real=0.03 secs] 
2016-09-24T00:17:44.794-0400: 32.033: [GC (GCLocker Initiated GC) [PSYoungGen: 155633K->86118K(175104K)] 355639K->359519K(699392K), 0.0147150 secs] [Times: user=0.20 sys=0.01, real=0.02 secs] 
2016-09-24T00:17:44.935-0400: 32.174: [GC (GCLocker Initiated GC) [PSYoungGen: 174182K->55155K(175104K)] 447944K->420342K(699392K), 0.0222497 secs] [Times: user=0.23 sys=0.01, real=0.02 secs] 
2016-09-24T00:17:45.061-0400: 32.301: [GC (GCLocker Initiated GC) [PSYoungGen: 143219K->49212K(175104K)] 508521K->493585K(699392K), 0.0269263 secs] [Times: user=0.29 sys=0.00, real=0.03 secs] 
2016-09-24T00:17:45.088-0400: 32.328: [Full GC (Ergonomics) [PSYoungGen: 49212K->0K(175104K)] [ParOldGen: 444372K->64543K(524288K)] 493585K->64543K(699392K), [Metaspace: 43889K->43889K(1087488K)], 0.0487065 secs] [Times: user=0.33 sys=0.00, real=0.05 secs] 
2016-09-24T00:17:45.265-0400: 32.505: [GC (GCLocker Initiated GC) [PSYoungGen: 88064K->86538K(175104K)] 152968K->157517K(699392K), 0.0218944 secs] [Times: user=0.27 sys=0.00, real=0.02 secs] 
2016-09-24T00:17:45.389-0400: 32.628: [GC (Allocation Failure) [PSYoungGen: 174602K->79555K(175104K)] 251844K->206249K(699392K), 0.0119935 secs] [Times: user=0.11 sys=0.00, real=0.01 secs] 
2016-09-24T00:17:45.402-0400: 32.641: [GC (GCLocker Initiated GC) [PSYoungGen: 80176K->192K(175104K)] 206870K->206201K(699392K), 0.0082194 secs] [Times: user=0.06 sys=0.00, real=0.01 secs] 
2016-09-24T00:17:45.517-0400: 32.756: [GC (GCLocker Initiated GC) [PSYoungGen: 84453K->85982K(175104K)] 296537K->310249K(699392K), 0.0329838 secs] [Times: user=0.40 sys=0.00, real=0.03 secs] 
2016-09-24T00:17:45.682-0400: 32.921: [GC (GCLocker Initiated GC) [PSYoungGen: 174044K->85954K(175104K)] 398671K->396235K(699392K), 0.0149100 secs] [Times: user=0.22 sys=0.01, real=0.02 secs] 
2016-09-24T00:17:45.838-0400: 33.077: [GC (GCLocker Initiated GC) [PSYoungGen: 174018K->79619K(175104K)] 490534K->445190K(699392K), 0.0167571 secs] [Times: user=0.19 sys=0.00, real=0.02 secs] 
2016-09-24T00:17:46.002-0400: 33.241: [GC (GCLocker Initiated GC) [PSYoungGen: 167683K->61298K(175104K)] 545480K->494022K(699392K), 0.0138899 secs] [Times: user=0.12 sys=0.00, real=0.02 secs] 
2016-09-24T00:17:46.016-0400: 33.255: [Full GC (Ergonomics) [PSYoungGen: 61298K->0K(175104K)] [ParOldGen: 432723K->46059K(524288K)] 494022K->46059K(699392K), [Metaspace: 43891K->43891K(1087488K)], 0.0525093 secs] [Times: user=0.35 sys=0.01, real=0.05 secs] 
2016-09-24T00:17:46.197-0400: 33.436: [GC (GCLocker Initiated GC) [PSYoungGen: 88064K->86210K(175104K)] 134261K->144558K(699392K), 0.0187479 secs] [Times: user=0.22 sys=0.00, real=0.02 secs] 
2016-09-24T00:17:46.326-0400: 33.566: [GC (GCLocker Initiated GC) [PSYoungGen: 174274K->79683K(175104K)] 239041K->217922K(699392K), 0.0219220 secs] [Times: user=0.26 sys=0.01, real=0.02 secs] 
2016-09-24T00:17:46.479-0400: 33.718: [GC (Allocation Failure) [PSYoungGen: 167747K->73836K(175104K)] 312321K->273384K(699392K), 0.0145370 secs] [Times: user=0.21 sys=0.00, real=0.01 secs] 
2016-09-24T00:17:46.619-0400: 33.858: [GC (GCLocker Initiated GC) [PSYoungGen: 157383K->79783K(175104K)] 363007K->328059K(699392K), 0.0123563 secs] [Times: user=0.13 sys=0.00, real=0.01 secs] 
2016-09-24T00:17:46.776-0400: 34.015: [GC (GCLocker Initiated GC) [PSYoungGen: 167847K->79523K(175104K)] 422559K->382923K(699392K), 0.0175168 secs] [Times: user=0.15 sys=0.00, real=0.01 secs] 
2016-09-24T00:17:46.931-0400: 34.170: [GC (GCLocker Initiated GC) [PSYoungGen: 167587K->49244K(175104K)] 483349K->431966K(699392K), 0.0277598 secs] [Times: user=0.25 sys=0.00, real=0.03 secs] 
2016-09-24T00:17:47.099-0400: 34.338: [GC (GCLocker Initiated GC) [PSYoungGen: 137308K->43173K(175104K)] 532206K->480683K(699392K), 0.0183542 secs] [Times: user=0.16 sys=0.00, real=0.02 secs] 
2016-09-24T00:17:47.117-0400: 34.357: [Full GC (Ergonomics) [PSYoungGen: 43173K->0K(175104K)] [ParOldGen: 437510K->52154K(524288K)] 480683K->52154K(699392K), [Metaspace: 43926K->43926K(1087488K)], 0.0606558 secs] [Times: user=0.29 sys=0.01, real=0.06 secs] 
2016-09-24T00:17:47.329-0400: 34.568: [GC (GCLocker Initiated GC) [PSYoungGen: 88064K->86246K(175104K)] 158793K->156975K(699392K), 0.0119652 secs] [Times: user=0.07 sys=0.00, real=0.01 secs] 
2016-09-24T00:17:47.438-0400: 34.677: [GC (GCLocker Initiated GC) [PSYoungGen: 174310K->61298K(175104K)] 245210K->200054K(699392K), 0.0371218 secs] [Times: user=0.38 sys=0.00, real=0.04 secs] 
2016-09-24T00:17:47.600-0400: 34.839: [GC (GCLocker Initiated GC) [PSYoungGen: 149362K->55355K(175104K)] 294397K->267459K(699392K), 0.0194344 secs] [Times: user=0.17 sys=0.00, real=0.02 secs] 
2016-09-24T00:17:47.750-0400: 34.989: [GC (GCLocker Initiated GC) [PSYoungGen: 143419K->61458K(175104K)] 361730K->346861K(699392K), 0.0257336 secs] [Times: user=0.26 sys=0.00, real=0.03 secs] 
2016-09-24T00:17:47.873-0400: 35.113: [GC (GCLocker Initiated GC) [PSYoungGen: 149522K->61330K(175104K)] 434951K->389403K(699392K), 0.0274627 secs] [Times: user=0.29 sys=0.00, real=0.03 secs] 
2016-09-24T00:17:48.034-0400: 35.274: [GC (GCLocker Initiated GC) [PSYoungGen: 149394K->49475K(175104K)] 489905K->463138K(699392K), 0.0263278 secs] [Times: user=0.25 sys=0.00, real=0.02 secs] 
2016-09-24T00:17:48.206-0400: 35.446: [Full GC (Ergonomics) [PSYoungGen: 137539K->0K(175104K)] [ParOldGen: 432170K->52294K(524288K)] 569710K->52294K(699392K), [Metaspace: 43962K->43962K(1087488K)], 0.0677784 secs] [Times: user=0.35 sys=0.00, real=0.06 secs] 
2016-09-24T00:17:48.408-0400: 35.648: [GC (GCLocker Initiated GC) [PSYoungGen: 84522K->85726K(175104K)] 142891K->144095K(699392K), 0.0224476 secs] [Times: user=0.24 sys=0.00, real=0.02 secs] 
2016-09-24T00:17:48.532-0400: 35.772: [GC (GCLocker Initiated GC) [PSYoungGen: 173790K->49212K(175104K)] 232297K->162661K(699392K), 0.0187255 secs] [Times: user=0.18 sys=0.00, real=0.02 secs] 
2016-09-24T00:17:48.682-0400: 35.921: [GC (GCLocker Initiated GC) [PSYoungGen: 137276K->73612K(175104K)] 257015K->242227K(699392K), 0.0389867 secs] [Times: user=0.28 sys=0.00, real=0.04 secs] 
2016-09-24T00:17:48.847-0400: 36.087: [GC (Allocation Failure) [PSYoungGen: 161676K->85790K(175104K)] 330423K->315734K(699392K), 0.0208388 secs] [Times: user=0.21 sys=0.00, real=0.02 secs] 
2016-09-24T00:17:48.869-0400: 36.108: [GC (GCLocker Initiated GC) [PSYoungGen: 86115K->96K(175104K)] 316060K->321512K(699392K), 0.0169674 secs] [Times: user=0.14 sys=0.01, real=0.02 secs] 
2016-09-24T00:17:49.000-0400: 36.239: [GC (GCLocker Initiated GC) [PSYoungGen: 88158K->85822K(175104K)] 409580K->407244K(699392K), 0.0196003 secs] [Times: user=0.17 sys=0.01, real=0.02 secs] 
2016-09-24T00:17:49.134-0400: 36.373: [GC (GCLocker Initiated GC) [PSYoungGen: 173886K->79815K(175104K)] 507769K->462853K(699392K), 0.0207860 secs] [Times: user=0.23 sys=0.01, real=0.03 secs] 
2016-09-24T00:17:49.290-0400: 36.530: [GC (GCLocker Initiated GC) [PSYoungGen: 167879K->49244K(175104K)] 557039K->505833K(699392K), 0.0203533 secs] [Times: user=0.18 sys=0.01, real=0.02 secs] 
2016-09-24T00:17:49.311-0400: 36.550: [Full GC (Ergonomics) [PSYoungGen: 49244K->0K(175104K)] [ParOldGen: 456589K->46056K(524288K)] 505833K->46056K(699392K), [Metaspace: 43964K->43964K(1087488K)], 0.0550516 secs] [Times: user=0.30 sys=0.00, real=0.06 secs] 
2016-09-24T00:17:49.488-0400: 36.728: [GC (GCLocker Initiated GC) [PSYoungGen: 88064K->86114K(175104K)] 140365K->156640K(699392K), 0.0325551 secs] [Times: user=0.36 sys=0.00, real=0.03 secs] 
2016-09-24T00:17:49.651-0400: 36.890: [GC (GCLocker Initiated GC) [PSYoungGen: 174178K->67405K(175104K)] 250787K->211519K(699392K), 0.0297291 secs] [Times: user=0.29 sys=0.00, real=0.03 secs] 
2016-09-24T00:17:49.807-0400: 37.047: [GC (GCLocker Initiated GC) [PSYoungGen: 155469K->67469K(175104K)] 305850K->254584K(699392K), 0.0231452 secs] [Times: user=0.24 sys=0.00, real=0.02 secs] 
2016-09-24T00:17:52.844-0400: 40.084: [GC (GCLocker Initiated GC) [PSYoungGen: 155533K->79587K(175104K)] 342702K->309556K(699392K), 0.0322755 secs] [Times: user=0.38 sys=0.01, real=0.03 secs] 
2016-09-24T00:17:53.006-0400: 40.246: [GC (Allocation Failure) [PSYoungGen: 167651K->67437K(175104K)] 397813K->334325K(699392K), 0.0221450 secs] [Times: user=0.26 sys=0.01, real=0.02 secs] 
2016-09-24T00:17:53.159-0400: 40.398: [GC (GCLocker Initiated GC) [PSYoungGen: 155501K->67661K(175104K)] 422394K->438153K(699392K), 0.0157340 secs] [Times: user=0.18 sys=0.01, real=0.02 secs] 
2016-09-24T00:17:53.310-0400: 40.550: [GC (GCLocker Initiated GC) [PSYoungGen: 155725K->79655K(175104K)] 526578K->511369K(699392K), 0.0374886 secs] [Times: user=0.36 sys=0.00, real=0.04 secs] 
2016-09-24T00:17:53.348-0400: 40.587: [Full GC (Ergonomics) [PSYoungGen: 79655K->0K(175104K)] [ParOldGen: 431714K->46247K(524288K)] 511369K->46247K(699392K), [Metaspace: 43971K->43971K(1087488K)], 0.0563983 secs] [Times: user=0.28 sys=0.00, real=0.06 secs] 
2016-09-24T00:17:53.535-0400: 40.775: [GC (GCLocker Initiated GC) [PSYoungGen: 88064K->85886K(175104K)] 134666K->162864K(699392K), 0.0118320 secs] [Times: user=0.12 sys=0.02, real=0.01 secs] 
2016-09-24T00:17:53.677-0400: 40.916: [GC (GCLocker Initiated GC) [PSYoungGen: 173950K->79683K(175104K)] 257241K->242428K(699392K), 0.0238241 secs] [Times: user=0.26 sys=0.00, real=0.02 secs] 
2016-09-24T00:17:53.839-0400: 41.078: [GC (GCLocker Initiated GC) [PSYoungGen: 167747K->49863K(175104K)] 342998K->273818K(699392K), 0.0212520 secs] [Times: user=0.23 sys=0.00, real=0.02 secs] 
2016-09-24T00:17:54.000-0400: 41.239: [GC (GCLocker Initiated GC) [PSYoungGen: 137927K->67337K(175104K)] 368100K->334587K(699392K), 0.0150866 secs] [Times: user=0.13 sys=0.00, real=0.02 secs] 
2016-09-24T00:17:54.134-0400: 41.373: [GC (GCLocker Initiated GC) [PSYoungGen: 155401K->85794K(175104K)] 422737K->407917K(699392K), 0.0165274 secs] [Times: user=0.11 sys=0.00, real=0.02 secs] 
2016-09-24T00:17:54.283-0400: 41.522: [GC (GCLocker Initiated GC) [PSYoungGen: 173858K->61262K(175104K)] 496024K->468942K(699392K), 0.0142558 secs] [Times: user=0.14 sys=0.00, real=0.01 secs] 
2016-09-24T00:17:54.400-0400: 41.640: [GC (GCLocker Initiated GC) [PSYoungGen: 149326K->85630K(175104K)] 557045K->548160K(699392K), 0.0135049 secs] [Times: user=0.13 sys=0.00, real=0.01 secs] 
2016-09-24T00:17:54.414-0400: 41.653: [Full GC (Ergonomics) [PSYoungGen: 85630K->0K(175104K)] [ParOldGen: 462530K->52774K(524288K)] 548160K->52774K(699392K), [Metaspace: 43979K->43979K(1087488K)], 0.0741716 secs] [Times: user=0.40 sys=0.01, real=0.08 secs] 
2016-09-24T00:17:54.608-0400: 41.847: [GC (Allocation Failure) [PSYoungGen: 88064K->85826K(175104K)] 141182K->151094K(699392K), 0.0212522 secs] [Times: user=0.22 sys=0.00, real=0.02 secs] 
2016-09-24T00:17:54.751-0400: 41.990: [GC (GCLocker Initiated GC) [PSYoungGen: 172095K->73480K(175104K)] 243439K->212096K(699392K), 0.0280100 secs] [Times: user=0.27 sys=0.00, real=0.03 secs] 
2016-09-24T00:17:54.915-0400: 42.154: [GC (GCLocker Initiated GC) [PSYoungGen: 161544K->67665K(175104K)] 312620K->261550K(699392K), 0.0161863 secs] [Times: user=0.15 sys=0.01, real=0.01 secs] 
2016-09-24T00:17:55.049-0400: 42.288: [GC (GCLocker Initiated GC) [PSYoungGen: 155729K->67305K(175104K)] 355831K->322382K(699392K), 0.0110295 secs] [Times: user=0.12 sys=0.00, real=0.01 secs] 
2016-09-24T00:17:55.189-0400: 42.429: [GC (GCLocker Initiated GC) [PSYoungGen: 155369K->67569K(175104K)] 416725K->371562K(699392K), 0.0194101 secs] [Times: user=0.18 sys=0.01, real=0.02 secs] 
2016-09-24T00:17:55.354-0400: 42.594: [GC (GCLocker Initiated GC) [PSYoungGen: 155633K->79423K(175104K)] 465933K->426620K(699392K), 0.0236392 secs] [Times: user=0.26 sys=0.01, real=0.02 secs] 
2016-09-24T00:17:55.480-0400: 42.719: [GC (GCLocker Initiated GC) [PSYoungGen: 167487K->36930K(175104K)] 520846K->481517K(699392K), 0.0221890 secs] [Times: user=0.22 sys=0.00, real=0.02 secs] 
2016-09-24T00:17:55.502-0400: 42.741: [Full GC (Ergonomics) [PSYoungGen: 36930K->0K(175104K)] [ParOldGen: 444587K->58336K(524288K)] 481517K->58336K(699392K), [Metaspace: 43984K->43984K(1087488K)], 0.0563328 secs] [Times: user=0.30 sys=0.01, real=0.06 secs] 
2016-09-24T00:17:55.675-0400: 42.914: [GC (GCLocker Initiated GC) [PSYoungGen: 88064K->86666K(175104K)] 146436K->157188K(699392K), 0.0109046 secs] [Times: user=0.11 sys=0.00, real=0.01 secs] 
2016-09-24T00:17:55.817-0400: 43.056: [GC (GCLocker Initiated GC) [PSYoungGen: 174730K->43237K(175104K)] 245536K->187895K(699392K), 0.0116924 secs] [Times: user=0.12 sys=0.00, real=0.01 secs] 
2016-09-24T00:17:55.964-0400: 43.204: [GC (GCLocker Initiated GC) [PSYoungGen: 131301K->55711K(175104K)] 288442K->261728K(699392K), 0.0107926 secs] [Times: user=0.10 sys=0.01, real=0.01 secs] 
2016-09-24T00:17:56.105-0400: 43.345: [GC (Allocation Failure) [PSYoungGen: 143775K->49180K(175104K)] 356059K->316415K(699392K), 0.0171935 secs] [Times: user=0.18 sys=0.00, real=0.02 secs] 
2016-09-24T00:17:56.215-0400: 43.454: [GC (GCLocker Initiated GC) [PSYoungGen: 137244K->85790K(175104K)] 404485K->426067K(699392K), 0.0155732 secs] [Times: user=0.23 sys=0.00, real=0.01 secs] 
2016-09-24T00:17:56.350-0400: 43.589: [GC (Allocation Failure) [PSYoungGen: 173854K->85790K(175104K)] 514245K->462954K(699392K), 0.0130600 secs] [Times: user=0.15 sys=0.00, real=0.02 secs] 
2016-09-24T00:17:56.488-0400: 43.727: [GC (GCLocker Initiated GC) [PSYoungGen: 173854K->85726K(175104K)] 551024K->536080K(699392K), 0.0228553 secs] [Times: user=0.30 sys=0.00, real=0.02 secs] 
2016-09-24T00:17:56.511-0400: 43.750: [Full GC (Ergonomics) [PSYoungGen: 85726K->0K(175104K)] [ParOldGen: 450353K->46698K(524288K)] 536080K->46698K(699392K), [Metaspace: 43985K->43985K(1087488K)], 0.0601197 secs] [Times: user=0.47 sys=0.01, real=0.06 secs] 
2016-09-24T00:17:56.692-0400: 43.932: [GC (GCLocker Initiated GC) [PSYoungGen: 88064K->85986K(175104K)] 134768K->132690K(699392K), 0.0519029 secs] [Times: user=0.64 sys=0.00, real=0.06 secs] 
2016-09-24T00:17:56.862-0400: 44.101: [GC (GCLocker Initiated GC) [PSYoungGen: 174050K->85690K(175104K)] 233148K->218431K(699392K), 0.0162457 secs] [Times: user=0.22 sys=0.00, real=0.02 secs] 
2016-09-24T00:17:56.979-0400: 44.218: [GC (GCLocker Initiated GC) [PSYoungGen: 173754K->55547K(175104K)] 312618K->249245K(699392K), 0.0104587 secs] [Times: user=0.10 sys=0.00, real=0.01 secs] 
2016-09-24T00:17:57.099-0400: 44.338: [GC (GCLocker Initiated GC) [PSYoungGen: 143611K->55515K(175104K)] 337380K->310317K(699392K), 0.0197648 secs] [Times: user=0.22 sys=0.00, real=0.02 secs] 
2016-09-24T00:17:57.228-0400: 44.467: [GC (GCLocker Initiated GC) [PSYoungGen: 143579K->85726K(175104K)] 404504K->401422K(699392K), 0.0305283 secs] [Times: user=0.31 sys=0.00, real=0.03 secs] 
2016-09-24T00:17:57.375-0400: 44.615: [GC (GCLocker Initiated GC) [PSYoungGen: 173790K->85630K(175104K)] 495654K->444063K(699392K), 0.0220998 secs] [Times: user=0.23 sys=0.00, real=0.02 secs] 
2016-09-24T00:17:57.506-0400: 44.746: [GC (GCLocker Initiated GC) [PSYoungGen: 173694K->43205K(175104K)] 532174K->456611K(699392K), 0.0193657 secs] [Times: user=0.18 sys=0.00, real=0.02 secs] 
2016-09-24T00:17:57.667-0400: 44.907: [GC (GCLocker Initiated GC) [PSYoungGen: 131269K->73348K(175104K)] 550809K->529598K(699392K), 0.0179327 secs] [Times: user=0.19 sys=0.00, real=0.02 secs] 
2016-09-24T00:17:57.685-0400: 44.925: [Full GC (Ergonomics) [PSYoungGen: 73348K->0K(175104K)] [ParOldGen: 456250K->40506K(524288K)] 529598K->40506K(699392K), [Metaspace: 43989K->43989K(1087488K)], 0.0640526 secs] [Times: user=0.35 sys=0.01, real=0.06 secs] 
2016-09-24T00:17:57.890-0400: 45.130: [GC (GCLocker Initiated GC) [PSYoungGen: 88064K->86014K(175104K)] 134669K->156920K(699392K), 0.0209978 secs] [Times: user=0.24 sys=0.01, real=0.02 secs] 
2016-09-24T00:17:58.000-0400: 45.240: [GC (GCLocker Initiated GC) [PSYoungGen: 174078K->73348K(175104K)] 244992K->223932K(699392K), 0.0205405 secs] [Times: user=0.15 sys=0.00, real=0.02 secs] 
2016-09-24T00:17:58.109-0400: 45.349: [GC (GCLocker Initiated GC) [PSYoungGen: 161412K->67893K(175104K)] 312128K->285562K(699392K), 0.0138848 secs] [Times: user=0.11 sys=0.00, real=0.02 secs] 
2016-09-24T00:17:58.234-0400: 45.474: [GC (GCLocker Initiated GC) [PSYoungGen: 155957K->79915K(175104K)] 373875K->346732K(699392K), 0.0212983 secs] [Times: user=0.25 sys=0.00, real=0.02 secs] 
2016-09-24T00:17:58.368-0400: 45.607: [GC (GCLocker Initiated GC) [PSYoungGen: 167979K->79487K(175104K)] 441008K->420133K(699392K), 0.0125355 secs] [Times: user=0.16 sys=0.00, real=0.01 secs] 
2016-09-24T00:17:58.461-0400: 45.700: [GC (GCLocker Initiated GC) [PSYoungGen: 167551K->85954K(175104K)] 508384K->505898K(699392K), 0.0260908 secs] [Times: user=0.29 sys=0.00, real=0.03 secs] 
2016-09-24T00:17:58.586-0400: 45.826: [GC (GCLocker Initiated GC) [PSYoungGen: 174018K->73672K(175104K)] 594166K->579318K(699392K), 0.0190273 secs] [Times: user=0.21 sys=0.02, real=0.02 secs] 
2016-09-24T00:17:58.606-0400: 45.845: [Full GC (Ergonomics) [PSYoungGen: 73672K->0K(175104K)] [ParOldGen: 505646K->59130K(524288K)] 579318K->59130K(699392K), [Metaspace: 44010K->44010K(1087488K)], 0.0493147 secs] [Times: user=0.34 sys=0.00, real=0.05 secs] 
2016-09-24T00:17:58.763-0400: 46.002: [GC (GCLocker Initiated GC) [PSYoungGen: 88064K->86434K(175104K)] 147269K->169940K(699392K), 0.0101755 secs] [Times: user=0.11 sys=0.00, real=0.00 secs] 
2016-09-24T00:17:58.899-0400: 46.138: [GC (Allocation Failure) [PSYoungGen: 174498K->48856K(175104K)] 270408K->188366K(699392K), 0.0166478 secs] [Times: user=0.13 sys=0.00, real=0.02 secs] 
2016-09-24T00:17:59.023-0400: 46.263: [GC (GCLocker Initiated GC) [PSYoungGen: 136920K->79455K(175104K)] 276431K->255543K(699392K), 0.0207430 secs] [Times: user=0.24 sys=0.00, real=0.02 secs] 
2016-09-24T00:17:59.163-0400: 46.403: [GC (GCLocker Initiated GC) [PSYoungGen: 167519K->79715K(175104K)] 349853K->316860K(699392K), 0.0113009 secs] [Times: user=0.16 sys=0.00, real=0.01 secs] 
2016-09-24T00:17:59.284-0400: 46.523: [GC (GCLocker Initiated GC) [PSYoungGen: 167779K->73640K(175104K)] 405026K->384111K(699392K), 0.0122476 secs] [Times: user=0.16 sys=0.00, real=0.01 secs] 
2016-09-24T00:17:59.402-0400: 46.642: [GC (Allocation Failure) [PSYoungGen: 161704K->73804K(175104K)] 472391K->427339K(699392K), 0.0197631 secs] [Times: user=0.25 sys=0.01, real=0.02 secs] 
2016-09-24T00:17:59.522-0400: 46.762: [GC (GCLocker Initiated GC) [PSYoungGen: 161863K->73480K(175104K)] 515404K->469977K(699392K), 0.0232307 secs] [Times: user=0.21 sys=0.00, real=0.02 secs] 
2016-09-24T00:17:59.663-0400: 46.903: [GC (Allocation Failure) [PSYoungGen: 161544K->79719K(175104K)] 558296K->537488K(699392K), 0.0280186 secs] [Times: user=0.30 sys=0.00, real=0.02 secs] 
2016-09-24T00:17:59.692-0400: 46.931: [Full GC (Ergonomics) [PSYoungGen: 79719K->0K(175104K)] [ParOldGen: 457769K->53064K(524288K)] 537488K->53064K(699392K), [Metaspace: 44048K->44048K(1087488K)], 0.0512223 secs] [Times: user=0.28 sys=0.01, real=0.06 secs] 
2016-09-24T00:17:59.862-0400: 47.101: [GC (GCLocker Initiated GC) [PSYoungGen: 88064K->86078K(175104K)] 141134K->163448K(699392K), 0.0122745 secs] [Times: user=0.17 sys=0.01, real=0.02 secs] 
2016-09-24T00:17:59.986-0400: 47.226: [GC (GCLocker Initiated GC) [PSYoungGen: 174142K->85790K(175104K)] 257836K->230798K(699392K), 0.0132139 secs] [Times: user=0.15 sys=0.00, real=0.01 secs] 
2016-09-24T00:18:00.128-0400: 47.367: [GC (GCLocker Initiated GC) [PSYoungGen: 173854K->67729K(175104K)] 319174K->255725K(699392K), 0.0173548 secs] [Times: user=0.20 sys=0.00, real=0.02 secs] 
2016-09-24T00:18:00.229-0400: 47.469: [GC (GCLocker Initiated GC) [PSYoungGen: 155793K->67369K(175104K)] 344004K->316786K(699392K), 0.0115015 secs] [Times: user=0.11 sys=0.00, real=0.01 secs] 
2016-09-24T00:18:00.337-0400: 47.576: [GC (Allocation Failure) [PSYoungGen: 155433K->61530K(175104K)] 404942K->359742K(699392K), 0.0175272 secs] [Times: user=0.14 sys=0.00, real=0.02 secs] 
2016-09-24T00:18:00.459-0400: 47.698: [GC (GCLocker Initiated GC) [PSYoungGen: 148897K->42913K(175104K)] 453185K->396520K(699392K), 0.0239987 secs] [Times: user=0.19 sys=0.00, real=0.03 secs] 
2016-09-24T00:18:00.618-0400: 47.857: [GC (GCLocker Initiated GC) [PSYoungGen: 130977K->61654K(175104K)] 503097K->470336K(699392K), 0.0110841 secs] [Times: user=0.11 sys=0.00, real=0.01 secs] 
2016-09-24T00:18:00.765-0400: 48.004: [GC (GCLocker Initiated GC) [PSYoungGen: 149718K->67533K(175104K)] 570580K->543549K(699392K), 0.0326434 secs] [Times: user=0.37 sys=0.01, real=0.03 secs] 
2016-09-24T00:18:00.798-0400: 48.037: [Full GC (Ergonomics) [PSYoungGen: 67533K->0K(175104K)] [ParOldGen: 476016K->52508K(524288K)] 543549K->52508K(699392K), [Metaspace: 44090K->44090K(1087488K)], 0.0558154 secs] [Times: user=0.28 sys=0.01, real=0.05 secs] 
2016-09-24T00:18:00.967-0400: 48.207: [GC (GCLocker Initiated GC) [PSYoungGen: 88064K->86046K(175104K)] 141190K->157397K(699392K), 0.0140155 secs] [Times: user=0.15 sys=0.00, real=0.01 secs] 
2016-09-24T00:18:01.120-0400: 48.359: [GC (GCLocker Initiated GC) [PSYoungGen: 174110K->85822K(175104K)] 257956K->237064K(699392K), 0.0135377 secs] [Times: user=0.18 sys=0.00, real=0.01 secs] 
2016-09-24T00:18:01.253-0400: 48.493: [GC (GCLocker Initiated GC) [PSYoungGen: 173886K->73772K(175104K)] 331452K->255757K(699392K), 0.0184143 secs] [Times: user=0.21 sys=0.00, real=0.02 secs] 
2016-09-24T00:18:01.390-0400: 48.630: [GC (GCLocker Initiated GC) [PSYoungGen: 161836K->85694K(175104K)] 350173K->341000K(699392K), 0.0194840 secs] [Times: user=0.21 sys=0.00, real=0.02 secs] 
2016-09-24T00:18:01.533-0400: 48.773: [GC (GCLocker Initiated GC) [PSYoungGen: 173758K->73544K(175104K)] 429235K->396130K(699392K), 0.0291637 secs] [Times: user=0.27 sys=0.01, real=0.04 secs] 
2016-09-24T00:18:01.700-0400: 48.940: [GC (GCLocker Initiated GC) [PSYoungGen: 161608K->49344K(175104K)] 496363K->438885K(699392K), 0.0178946 secs] [Times: user=0.15 sys=0.01, real=0.02 secs] 
2016-09-24T00:18:01.851-0400: 49.090: [GC (GCLocker Initiated GC) [PSYoungGen: 137408K->49212K(175104K)] 539197K->518257K(699392K), 0.0349230 secs] [Times: user=0.37 sys=0.00, real=0.04 secs] 
2016-09-24T00:18:01.886-0400: 49.125: [Full GC (Ergonomics) [PSYoungGen: 49212K->0K(175104K)] [ParOldGen: 469045K->52772K(524288K)] 518257K->52772K(699392K), [Metaspace: 44092K->44092K(1087488K)], 0.0535633 secs] [Times: user=0.26 sys=0.01, real=0.05 secs] 
2016-09-24T00:18:02.068-0400: 49.307: [GC (GCLocker Initiated GC) [PSYoungGen: 88064K->85918K(175104K)] 140945K->150949K(699392K), 0.0194766 secs] [Times: user=0.19 sys=0.00, real=0.02 secs] 
2016-09-24T00:18:02.220-0400: 49.459: [GC (GCLocker Initiated GC) [PSYoungGen: 173982K->61594K(175104K)] 251385K->212428K(699392K), 0.0162522 secs] [Times: user=0.13 sys=0.01, real=0.02 secs] 
2016-09-24T00:18:02.356-0400: 49.595: [GC (Allocation Failure) [PSYoungGen: 149658K->85758K(175104K)] 300737K->286049K(699392K), 0.0211919 secs] [Times: user=0.24 sys=0.00, real=0.02 secs] 
2016-09-24T00:18:02.378-0400: 49.617: [GC (GCLocker Initiated GC) [PSYoungGen: 85768K->32K(175104K)] 286059K->267543K(699392K), 0.0083433 secs] [Times: user=0.06 sys=0.00, real=0.01 secs] 
2016-09-24T00:18:02.501-0400: 49.741: [GC (GCLocker Initiated GC) [PSYoungGen: 88096K->79779K(175104K)] 355613K->347296K(699392K), 0.0101435 secs] [Times: user=0.09 sys=0.00, real=0.01 secs] 
2016-09-24T00:18:02.620-0400: 49.859: [GC (GCLocker Initiated GC) [PSYoungGen: 167843K->67441K(175104K)] 447591K->390378K(699392K), 0.0347015 secs] [Times: user=0.32 sys=0.00, real=0.04 secs] 
2016-09-24T00:18:02.793-0400: 50.032: [GC (GCLocker Initiated GC) [PSYoungGen: 155505K->79683K(175104K)] 484812K->482354K(699392K), 0.0215544 secs] [Times: user=0.21 sys=0.00, real=0.03 secs] 
2016-09-24T00:18:02.949-0400: 50.188: [GC (GCLocker Initiated GC) [PSYoungGen: 167747K->55583K(175104K)] 582873K->525503K(699392K), 0.0194919 secs] [Times: user=0.21 sys=0.00, real=0.02 secs] 
2016-09-24T00:18:02.968-0400: 50.208: [Full GC (Ergonomics) [PSYoungGen: 55583K->0K(175104K)] [ParOldGen: 469920K->52831K(524288K)] 525503K->52831K(699392K), [Metaspace: 44136K->44136K(1087488K)], 0.0554049 secs] [Times: user=0.24 sys=0.02, real=0.06 secs] 
2016-09-24T00:18:03.140-0400: 50.379: [GC (GCLocker Initiated GC) [PSYoungGen: 88064K->86082K(175104K)] 147107K->169433K(699392K), 0.0346126 secs] [Times: user=0.39 sys=0.00, real=0.04 secs] 
2016-09-24T00:18:03.296-0400: 50.535: [GC (GCLocker Initiated GC) [PSYoungGen: 174146K->85954K(175104K)] 257552K->279438K(699392K), 0.0453343 secs] [Times: user=0.53 sys=0.00, real=0.04 secs] 
2016-09-24T00:18:03.469-0400: 50.709: [GC (GCLocker Initiated GC) [PSYoungGen: 174018K->73544K(175104K)] 373731K->322304K(699392K), 0.0227858 secs] [Times: user=0.24 sys=0.01, real=0.02 secs] 
2016-09-24T00:18:03.612-0400: 50.851: [GC (GCLocker Initiated GC) [PSYoungGen: 161608K->55159K(175104K)] 410483K->365028K(699392K), 0.0367313 secs] [Times: user=0.32 sys=0.01, real=0.04 secs] 
2016-09-24T00:18:03.781-0400: 51.020: [GC (GCLocker Initiated GC) [PSYoungGen: 143223K->67733K(175104K)] 459314K->438775K(699392K), 0.0358150 secs] [Times: user=0.33 sys=0.00, real=0.04 secs] 
2016-09-24T00:18:03.983-0400: 51.223: [GC (GCLocker Initiated GC) [PSYoungGen: 155797K->48952K(175104K)] 539232K->469253K(699392K), 0.0258873 secs] [Times: user=0.29 sys=0.00, real=0.02 secs] 
2016-09-24T00:18:04.122-0400: 51.362: [GC (GCLocker Initiated GC) [PSYoungGen: 137016K->61394K(175104K)] 557376K->536564K(699392K), 0.0129633 secs] [Times: user=0.14 sys=0.00, real=0.01 secs] 
2016-09-24T00:18:04.135-0400: 51.375: [Full GC (Ergonomics) [PSYoungGen: 61394K->0K(175104K)] [ParOldGen: 475170K->51296K(524288K)] 536564K->51296K(699392K), [Metaspace: 44155K->44155K(1087488K)], 0.1167690 secs] [Times: user=1.37 sys=0.01, real=0.11 secs] 
2016-09-24T00:18:04.372-0400: 51.611: [GC (Allocation Failure) [PSYoungGen: 88064K->86274K(175104K)] 145634K->143844K(699392K), 0.0127340 secs] [Times: user=0.11 sys=0.00, real=0.02 secs] 
2016-09-24T00:18:04.486-0400: 51.726: [GC (GCLocker Initiated GC) [PSYoungGen: 174338K->79519K(175104K)] 231914K->204904K(699392K), 0.0225318 secs] [Times: user=0.26 sys=0.01, real=0.02 secs] 
2016-09-24T00:18:04.644-0400: 51.884: [GC (GCLocker Initiated GC) [PSYoungGen: 167583K->79683K(175104K)] 299168K->253945K(699392K), 0.0111300 secs] [Times: user=0.13 sys=0.00, real=0.01 secs] 
2016-09-24T00:18:04.769-0400: 52.008: [GC (GCLocker Initiated GC) [PSYoungGen: 167747K->79619K(175104K)] 354403K->333384K(699392K), 0.0255342 secs] [Times: user=0.27 sys=0.00, real=0.03 secs] 
2016-09-24T00:18:04.911-0400: 52.150: [GC (GCLocker Initiated GC) [PSYoungGen: 167683K->85730K(175104K)] 421652K->364266K(699392K), 0.0291138 secs] [Times: user=0.30 sys=0.00, real=0.03 secs] 
2016-09-24T00:18:05.081-0400: 52.320: [GC (GCLocker Initiated GC) [PSYoungGen: 173794K->85598K(175104K)] 452496K->431565K(699392K), 0.0597904 secs] [Times: user=0.56 sys=0.00, real=0.06 secs] 
2016-09-24T00:18:05.258-0400: 52.497: [GC (GCLocker Initiated GC) [PSYoungGen: 173662K->73448K(175104K)] 519945K->462524K(699392K), 0.0580808 secs] [Times: user=0.62 sys=0.01, real=0.06 secs] 
2016-09-24T00:18:05.449-0400: 52.688: [GC (GCLocker Initiated GC) [PSYoungGen: 161512K->49308K(175104K)] 568882K->511676K(699392K), 0.0112104 secs] [Times: user=0.13 sys=0.00, real=0.01 secs] 
2016-09-24T00:18:05.460-0400: 52.699: [Full GC (Ergonomics) [PSYoungGen: 49308K->0K(175104K)] [ParOldGen: 462368K->51794K(524288K)] 511676K->51794K(699392K), [Metaspace: 44155K->44155K(1087488K)], 0.0593305 secs] [Times: user=0.31 sys=0.01, real=0.06 secs] 
2016-09-24T00:18:05.651-0400: 52.890: [GC (Allocation Failure) [PSYoungGen: 88064K->86310K(175104K)] 146243K->144489K(699392K), 0.0096216 secs] [Times: user=0.09 sys=0.00, real=0.01 secs] 
2016-09-24T00:18:05.769-0400: 53.009: [GC (GCLocker Initiated GC) [PSYoungGen: 172133K->85726K(175104K)] 236388K->205523K(699392K), 0.0187675 secs] [Times: user=0.21 sys=0.00, real=0.02 secs] 
2016-09-24T00:18:05.915-0400: 53.154: [GC (GCLocker Initiated GC) [PSYoungGen: 173790K->55127K(175104K)] 293622K->217736K(699392K), 0.0205519 secs] [Times: user=0.21 sys=0.00, real=0.02 secs] 
2016-09-24T00:18:06.058-0400: 53.297: [GC (GCLocker Initiated GC) [PSYoungGen: 143191K->79783K(175104K)] 312163K->297615K(699392K), 0.0206679 secs] [Times: user=0.20 sys=0.01, real=0.02 secs] 
2016-09-24T00:18:06.207-0400: 53.446: [GC (GCLocker Initiated GC) [PSYoungGen: 167847K->67373K(175104K)] 386006K->328316K(699392K), 0.0172514 secs] [Times: user=0.14 sys=0.00, real=0.02 secs] 
2016-09-24T00:18:06.349-0400: 53.588: [GC (Allocation Failure) [PSYoungGen: 155437K->49344K(175104K)] 422738K->377491K(699392K), 0.0114094 secs] [Times: user=0.11 sys=0.00, real=0.01 secs] 
2016-09-24T00:18:06.478-0400: 53.717: [GC (Allocation Failure) [PSYoungGen: 134256K->49440K(175104K)] 462403K->426510K(699392K), 0.0143171 secs] [Times: user=0.13 sys=0.01, real=0.01 secs] 
2016-09-24T00:18:06.624-0400: 53.863: [GC (GCLocker Initiated GC) [PSYoungGen: 135468K->79683K(175104K)] 518614K->493495K(699392K), 0.0189069 secs] [Times: user=0.20 sys=0.01, real=0.02 secs] 
2016-09-24T00:18:06.779-0400: 54.019: [GC (GCLocker Initiated GC) [PSYoungGen: 167747K->61426K(175104K)] 600133K->560929K(699392K), 0.0121433 secs] [Times: user=0.10 sys=0.01, real=0.01 secs] 
2016-09-24T00:18:06.792-0400: 54.031: [Full GC (Ergonomics) [PSYoungGen: 61426K->0K(175104K)] [ParOldGen: 499503K->57913K(524288K)] 560929K->57913K(699392K), [Metaspace: 44155K->44155K(1087488K)], 0.0695974 secs] [Times: user=0.43 sys=0.00, real=0.07 secs] 
2016-09-24T00:18:06.987-0400: 54.227: [GC (GCLocker Initiated GC) [PSYoungGen: 88064K->80043K(175104K)] 152089K->144068K(699392K), 0.0105383 secs] [Times: user=0.09 sys=0.01, real=0.01 secs] 
2016-09-24T00:18:07.080-0400: 54.320: [GC (GCLocker Initiated GC) [PSYoungGen: 168107K->55191K(175104K)] 232264K->180785K(699392K), 0.0264547 secs] [Times: user=0.24 sys=0.00, real=0.03 secs] 
2016-09-24T00:18:07.216-0400: 54.455: [GC (Allocation Failure) [PSYoungGen: 143255K->67765K(175104K)] 274972K->278569K(699392K), 0.0316510 secs] [Times: user=0.35 sys=0.00, real=0.03 secs] 
2016-09-24T00:18:07.248-0400: 54.487: [GC (GCLocker Initiated GC) [PSYoungGen: 67936K->0K(175104K)] 278740K->284255K(699392K), 0.0092828 secs] [Times: user=0.07 sys=0.00, real=0.01 secs] 
2016-09-24T00:18:07.367-0400: 54.607: [GC (GCLocker Initiated GC) [PSYoungGen: 86570K->86050K(175104K)] 376901K->376381K(699392K), 0.0180260 secs] [Times: user=0.16 sys=0.00, real=0.02 secs] 
2016-09-24T00:18:07.502-0400: 54.741: [GC (GCLocker Initiated GC) [PSYoungGen: 174114K->85662K(175104K)] 464560K->449712K(699392K), 0.0432080 secs] [Times: user=0.48 sys=0.00, real=0.05 secs] 
2016-09-24T00:18:07.702-0400: 54.942: [GC (GCLocker Initiated GC) [PSYoungGen: 173726K->61426K(175104K)] 550639K->529748K(699392K), 0.0122164 secs] [Times: user=0.13 sys=0.01, real=0.01 secs] 
2016-09-24T00:18:07.715-0400: 54.954: [Full GC (Ergonomics) [PSYoungGen: 61426K->0K(175104K)] [ParOldGen: 468322K->45704K(524288K)] 529748K->45704K(699392K), [Metaspace: 44155K->44155K(1087488K)], 0.0551837 secs] [Times: user=0.29 sys=0.00, real=0.05 secs] 
2016-09-24T00:18:07.911-0400: 55.151: [GC (GCLocker Initiated GC) [PSYoungGen: 88064K->86118K(175104K)] 152281K->156410K(699392K), 0.0152046 secs] [Times: user=0.19 sys=0.00, real=0.02 secs] 
2016-09-24T00:18:08.066-0400: 55.305: [GC (GCLocker Initiated GC) [PSYoungGen: 174182K->37162K(175104K)] 256806K->174564K(699392K), 0.0383227 secs] [Times: user=0.37 sys=0.00, real=0.04 secs] 
2016-09-24T00:18:08.220-0400: 55.459: [GC (GCLocker Initiated GC) [PSYoungGen: 125226K->85466K(175104K)] 262777K->302267K(699392K), 0.0144548 secs] [Times: user=0.14 sys=0.01, real=0.02 secs] 
2016-09-24T00:18:08.380-0400: 55.619: [GC (Allocation Failure) [PSYoungGen: 173530K->67701K(175104K)] 390373K->321090K(699392K), 0.0180854 secs] [Times: user=0.20 sys=0.01, real=0.02 secs] 
2016-09-24T00:18:08.514-0400: 55.754: [GC (GCLocker Initiated GC) [PSYoungGen: 155765K->49148K(175104K)] 409159K->381941K(699392K), 0.0369732 secs] [Times: user=0.38 sys=0.01, real=0.03 secs] 
2016-09-24T00:18:08.673-0400: 55.912: [GC (GCLocker Initiated GC) [PSYoungGen: 137212K->85790K(175104K)] 476262K->485905K(699392K), 0.0136872 secs] [Times: user=0.19 sys=0.00, real=0.02 secs] 
2016-09-24T00:18:08.811-0400: 56.050: [GC (GCLocker Initiated GC) [PSYoungGen: 173854K->85758K(175104K)] 574157K->541028K(699392K), 0.0182700 secs] [Times: user=0.20 sys=0.00, real=0.02 secs] 
2016-09-24T00:18:08.829-0400: 56.069: [Full GC (Ergonomics) [PSYoungGen: 85758K->0K(175104K)] [ParOldGen: 455270K->51853K(524288K)] 541028K->51853K(699392K), [Metaspace: 44156K->44156K(1087488K)], 0.0561920 secs] [Times: user=0.35 sys=0.01, real=0.06 secs] 
2016-09-24T00:18:09.017-0400: 56.256: [GC (GCLocker Initiated GC) [PSYoungGen: 88064K->85982K(175104K)] 140105K->162323K(699392K), 0.0173619 secs] [Times: user=0.19 sys=0.00, real=0.02 secs] 
2016-09-24T00:18:09.169-0400: 56.408: [GC (GCLocker Initiated GC) [PSYoungGen: 174046K->85566K(175104K)] 250448K->241473K(699392K), 0.0201382 secs] [Times: user=0.21 sys=0.00, real=0.02 secs] 
2016-09-24T00:18:09.317-0400: 56.556: [GC (GCLocker Initiated GC) [PSYoungGen: 173630K->85562K(175104K)] 329596K->314711K(699392K), 0.0184170 secs] [Times: user=0.17 sys=0.01, real=0.02 secs] 
2016-09-24T00:18:09.467-0400: 56.706: [GC (GCLocker Initiated GC) [PSYoungGen: 173626K->85794K(175104K)] 408893K->400132K(699392K), 0.0427778 secs] [Times: user=0.44 sys=0.01, real=0.04 secs] 
2016-09-24T00:18:09.600-0400: 56.840: [GC (GCLocker Initiated GC) [PSYoungGen: 173858K->73512K(175104K)] 488204K->454967K(699392K), 0.0129257 secs] [Times: user=0.12 sys=0.00, real=0.01 secs] 
2016-09-24T00:18:09.713-0400: 56.953: [GC (GCLocker Initiated GC) [PSYoungGen: 161576K->61462K(175104K)] 543386K->491952K(699392K), 0.0363295 secs] [Times: user=0.35 sys=0.00, real=0.04 secs] 
2016-09-24T00:18:09.750-0400: 56.989: [Full GC (Ergonomics) [PSYoungGen: 61462K->0K(175104K)] [ParOldGen: 430490K->58143K(524288K)] 491952K->58143K(699392K), [Metaspace: 44156K->44156K(1087488K)], 0.0622861 secs] [Times: user=0.33 sys=0.01, real=0.06 secs] 
2016-09-24T00:18:09.912-0400: 57.152: [GC (GCLocker Initiated GC) [PSYoungGen: 88064K->86274K(175104K)] 146271K->174857K(699392K), 0.0127625 secs] [Times: user=0.17 sys=0.00, real=0.02 secs] 
2016-09-24T00:18:10.044-0400: 57.283: [GC (GCLocker Initiated GC) [PSYoungGen: 174338K->85662K(175104K)] 263119K->266264K(699392K), 0.0398385 secs] [Times: user=0.44 sys=0.00, real=0.04 secs] 
2016-09-24T00:18:10.218-0400: 57.457: [GC (GCLocker Initiated GC) [PSYoungGen: 173726K->85726K(175104K)] 354520K->315224K(699392K), 0.0113017 secs] [Times: user=0.10 sys=0.00, real=0.01 secs] 
2016-09-24T00:18:10.351-0400: 57.591: [GC (GCLocker Initiated GC) [PSYoungGen: 173790K->85854K(175104K)] 403649K->370540K(699392K), 0.0157665 secs] [Times: user=0.20 sys=0.00, real=0.02 secs] 
2016-09-24T00:18:10.491-0400: 57.731: [GC (Allocation Failure) [PSYoungGen: 173918K->43368K(175104K)] 458611K->388916K(699392K), 0.0131916 secs] [Times: user=0.11 sys=0.00, real=0.02 secs] 
2016-09-24T00:18:10.598-0400: 57.837: [GC (GCLocker Initiated GC) [PSYoungGen: 131432K->61330K(175104K)] 476986K->480206K(699392K), 0.0377428 secs] [Times: user=0.38 sys=0.00, real=0.04 secs] 
2016-09-24T00:18:10.636-0400: 57.875: [Full GC (Ergonomics) [PSYoungGen: 61330K->0K(175104K)] [ParOldGen: 418876K->58682K(524288K)] 480206K->58682K(699392K), [Metaspace: 44156K->44156K(1087488K)], 0.0752572 secs] [Times: user=0.44 sys=0.00, real=0.07 secs] 
2016-09-24T00:18:10.847-0400: 58.086: [GC (GCLocker Initiated GC) [PSYoungGen: 88064K->86182K(175104K)] 152869K->157062K(699392K), 0.0095199 secs] [Times: user=0.11 sys=0.00, real=0.01 secs] 
2016-09-24T00:18:10.969-0400: 58.208: [GC (GCLocker Initiated GC) [PSYoungGen: 174246K->85854K(175104K)] 257342K->230179K(699392K), 0.0372296 secs] [Times: user=0.36 sys=0.00, real=0.04 secs] 
2016-09-24T00:18:11.128-0400: 58.368: [GC (GCLocker Initiated GC) [PSYoungGen: 173918K->73708K(175104K)] 324386K->260918K(699392K), 0.0141641 secs] [Times: user=0.14 sys=0.00, real=0.02 secs] 
2016-09-24T00:18:11.268-0400: 58.507: [GC (GCLocker Initiated GC) [PSYoungGen: 161772K->61362K(175104K)] 355412K->285849K(699392K), 0.0160401 secs] [Times: user=0.16 sys=0.00, real=0.02 secs] 
2016-09-24T00:18:11.405-0400: 58.644: [GC (GCLocker Initiated GC) [PSYoungGen: 149426K->85694K(175104K)] 380125K->371344K(699392K), 0.0222050 secs] [Times: user=0.23 sys=0.00, real=0.02 secs] 
2016-09-24T00:18:11.538-0400: 58.777: [GC (GCLocker Initiated GC) [PSYoungGen: 173758K->61558K(175104K)] 459741K->396268K(699392K), 0.0160957 secs] [Times: user=0.13 sys=0.00, real=0.01 secs] 
2016-09-24T00:18:11.678-0400: 58.918: [GC (GCLocker Initiated GC) [PSYoungGen: 149622K->85370K(175104K)] 490461K->462910K(699392K), 0.0239314 secs] [Times: user=0.21 sys=0.00, real=0.03 secs] 
2016-09-24T00:18:11.833-0400: 59.073: [GC (Allocation Failure) [PSYoungGen: 173434K->55123K(175104K)] 551240K->481617K(699392K), 0.0264218 secs] [Times: user=0.23 sys=0.00, real=0.03 secs] 
2016-09-24T00:18:11.962-0400: 59.202: [GC (GCLocker Initiated GC) [PSYoungGen: 140984K->67473K(175104K)] 573553K->524445K(699392K), 0.0163681 secs] [Times: user=0.13 sys=0.01, real=0.01 secs] 
2016-09-24T00:18:11.979-0400: 59.218: [Full GC (Ergonomics) [PSYoungGen: 67473K->0K(175104K)] [ParOldGen: 456972K->46208K(524288K)] 524445K->46208K(699392K), [Metaspace: 44159K->44159K(1087488K)], 0.0522406 secs] [Times: user=0.27 sys=0.00, real=0.05 secs] 
2016-09-24T00:18:12.131-0400: 59.370: [GC (GCLocker Initiated GC) [PSYoungGen: 88064K->86014K(175104K)] 134600K->144700K(699392K), 0.0141320 secs] [Times: user=0.12 sys=0.01, real=0.02 secs] 
2016-09-24T00:18:12.275-0400: 59.515: [GC (GCLocker Initiated GC) [PSYoungGen: 174078K->67729K(175104K)] 245124K->224545K(699392K), 0.0204077 secs] [Times: user=0.25 sys=0.01, real=0.02 secs] 
2016-09-24T00:18:12.399-0400: 59.639: [GC (GCLocker Initiated GC) [PSYoungGen: 155793K->73704K(175104K)] 318894K->273570K(699392K), 0.0110621 secs] [Times: user=0.14 sys=0.01, real=0.01 secs] 
2016-09-24T00:18:12.518-0400: 59.757: [GC (GCLocker Initiated GC) [PSYoungGen: 161768K->67633K(175104K)] 367941K->316615K(699392K), 0.0103029 secs] [Times: user=0.12 sys=0.00, real=0.01 secs] 
2016-09-24T00:18:12.643-0400: 59.882: [GC (GCLocker Initiated GC) [PSYoungGen: 155697K->86118K(175104K)] 404721K->377974K(699392K), 0.0133207 secs] [Times: user=0.15 sys=0.00, real=0.01 secs] 
2016-09-24T00:18:12.771-0400: 60.011: [GC (Allocation Failure) [PSYoungGen: 174182K->61198K(175104K)] 466220K->432667K(699392K), 0.0528084 secs] [Times: user=0.59 sys=0.00, real=0.06 secs] 
2016-09-24T00:18:12.929-0400: 60.168: [GC (GCLocker Initiated GC) [PSYoungGen: 146580K->85758K(175104K)] 524124K->524163K(699392K), 0.0133758 secs] [Times: user=0.16 sys=0.00, real=0.02 secs] 
2016-09-24T00:18:12.942-0400: 60.182: [Full GC (Ergonomics) [PSYoungGen: 85758K->0K(175104K)] [ParOldGen: 438405K->52304K(524288K)] 524163K->52304K(699392K), [Metaspace: 44162K->44162K(1087488K)], 0.0499799 secs] [Times: user=0.28 sys=0.01, real=0.04 secs] 
2016-09-24T00:18:13.113-0400: 60.353: [GC (GCLocker Initiated GC) [PSYoungGen: 88064K->86018K(175104K)] 146798K->150827K(699392K), 0.0108089 secs] [Times: user=0.15 sys=0.00, real=0.02 secs] 
2016-09-24T00:18:13.230-0400: 60.470: [GC (GCLocker Initiated GC) [PSYoungGen: 174082K->73608K(175104K)] 251162K->224223K(699392K), 0.0133971 secs] [Times: user=0.16 sys=0.00, real=0.02 secs] 
2016-09-24T00:18:13.342-0400: 60.582: [GC (GCLocker Initiated GC) [PSYoungGen: 161672K->79523K(175104K)] 312340K->260669K(699392K), 0.0415842 secs] [Times: user=0.41 sys=0.01, real=0.04 secs] 
2016-09-24T00:18:13.484-0400: 60.724: [GC (GCLocker Initiated GC) [PSYoungGen: 167587K->85954K(175104K)] 355001K->346576K(699392K), 0.0164897 secs] [Times: user=0.20 sys=0.00, real=0.01 secs] 
2016-09-24T00:18:13.609-0400: 60.849: [GC (Allocation Failure) [PSYoungGen: 174018K->73608K(175104K)] 440908K->419796K(699392K), 0.0143101 secs] [Times: user=0.18 sys=0.01, real=0.02 secs] 
2016-09-24T00:18:13.723-0400: 60.963: [GC (GCLocker Initiated GC) [PSYoungGen: 161672K->85758K(175104K)] 507860K->511245K(699392K), 0.0139854 secs] [Times: user=0.18 sys=0.00, real=0.01 secs] 
2016-09-24T00:18:13.738-0400: 60.977: [Full GC (Ergonomics) [PSYoungGen: 85758K->0K(175104K)] [ParOldGen: 425487K->58028K(524288K)] 511245K->58028K(699392K), [Metaspace: 44162K->44162K(1087488K)], 0.0424055 secs] [Times: user=0.27 sys=0.00, real=0.04 secs] 
2016-09-24T00:18:13.877-0400: 61.117: [GC (GCLocker Initiated GC) [PSYoungGen: 88064K->86374K(175104K)] 146212K->168830K(699392K), 0.0100162 secs] [Times: user=0.13 sys=0.00, real=0.01 secs] 
2016-09-24T00:18:13.984-0400: 61.223: [GC (GCLocker Initiated GC) [PSYoungGen: 174438K->73416K(175104K)] 257098K->229648K(699392K), 0.0194553 secs] [Times: user=0.19 sys=0.00, real=0.02 secs] 
2016-09-24T00:18:14.096-0400: 61.336: [GC (GCLocker Initiated GC) [PSYoungGen: 161480K->55319K(175104K)] 317765K->309104K(699392K), 0.0225475 secs] [Times: user=0.25 sys=0.00, real=0.02 secs] 
2016-09-24T00:18:14.221-0400: 61.460: [GC (GCLocker Initiated GC) [PSYoungGen: 143383K->85986K(175104K)] 397204K->419130K(699392K), 0.0304544 secs] [Times: user=0.40 sys=0.00, real=0.03 secs] 
2016-09-24T00:18:14.381-0400: 61.620: [GC (GCLocker Initiated GC) [PSYoungGen: 174050K->85626K(175104K)] 513395K->474034K(699392K), 0.0161674 secs] [Times: user=0.18 sys=0.00, real=0.02 secs] 
2016-09-24T00:18:14.490-0400: 61.729: [GC (GCLocker Initiated GC) [PSYoungGen: 173690K->73708K(175104K)] 562302K->541423K(699392K), 0.0168034 secs] [Times: user=0.19 sys=0.01, real=0.02 secs] 
2016-09-24T00:18:14.507-0400: 61.746: [Full GC (Ergonomics) [PSYoungGen: 73708K->0K(175104K)] [ParOldGen: 467715K->52292K(524288K)] 541423K->52292K(699392K), [Metaspace: 44176K->44176K(1087488K)], 0.0466119 secs] [Times: user=0.23 sys=0.00, real=0.04 secs] 
2016-09-24T00:18:14.670-0400: 61.909: [GC (GCLocker Initiated GC) [PSYoungGen: 88064K->85986K(175104K)] 146474K->180846K(699392K), 0.0135996 secs] [Times: user=0.14 sys=0.00, real=0.02 secs] 
2016-09-24T00:18:14.818-0400: 62.058: [GC (GCLocker Initiated GC) [PSYoungGen: 174050K->55255K(175104K)] 269199K->205355K(699392K), 0.0107978 secs] [Times: user=0.09 sys=0.00, real=0.01 secs] 
2016-09-24T00:18:14.932-0400: 62.171: [GC (GCLocker Initiated GC) [PSYoungGen: 143319K->85594K(175104K)] 299547K->308954K(699392K), 0.0154084 secs] [Times: user=0.19 sys=0.01, real=0.02 secs] 
2016-09-24T00:18:15.041-0400: 62.281: [GC (Allocation Failure) [PSYoungGen: 173658K->61850K(175104K)] 403315K->370609K(699392K), 0.0130994 secs] [Times: user=0.15 sys=0.00, real=0.02 secs] 
2016-09-24T00:18:15.149-0400: 62.388: [GC (GCLocker Initiated GC) [PSYoungGen: 148182K->67597K(175104K)] 463016K->473840K(699392K), 0.0148435 secs] [Times: user=0.13 sys=0.00, real=0.02 secs] 
2016-09-24T00:18:15.164-0400: 62.403: [Full GC (Ergonomics) [PSYoungGen: 67597K->0K(175104K)] [ParOldGen: 406243K->52288K(524288K)] 473840K->52288K(699392K), [Metaspace: 44176K->44176K(1087488K)], 0.0546246 secs] [Times: user=0.26 sys=0.01, real=0.05 secs] 
2016-09-24T00:18:15.333-0400: 62.572: [GC (GCLocker Initiated GC) [PSYoungGen: 88064K->86018K(175104K)] 140364K->156543K(699392K), 0.0170676 secs] [Times: user=0.16 sys=0.00, real=0.02 secs] 
2016-09-24T00:18:15.468-0400: 62.707: [GC (GCLocker Initiated GC) [PSYoungGen: 174082K->85694K(175104K)] 244711K->247996K(699392K), 0.0219472 secs] [Times: user=0.23 sys=0.00, real=0.02 secs] 
2016-09-24T00:18:15.578-0400: 62.818: [GC (GCLocker Initiated GC) [PSYoungGen: 173758K->85822K(175104K)] 336113K->345690K(699392K), 0.0128621 secs] [Times: user=0.14 sys=0.00, real=0.01 secs] 
2016-09-24T00:18:15.707-0400: 62.946: [GC (Allocation Failure) [PSYoungGen: 173886K->55287K(175104K)] 434031K->400774K(699392K), 0.0270620 secs] [Times: user=0.30 sys=0.00, real=0.02 secs] 
2016-09-24T00:18:15.851-0400: 63.091: [GC (GCLocker Initiated GC) [PSYoungGen: 143351K->67565K(175104K)] 488849K->474097K(699392K), 0.0177820 secs] [Times: user=0.17 sys=0.00, real=0.02 secs] 
2016-09-24T00:18:15.869-0400: 63.109: [Full GC (Ergonomics) [PSYoungGen: 67565K->0K(175104K)] [ParOldGen: 406532K->52312K(524288K)] 474097K->52312K(699392K), [Metaspace: 44176K->44176K(1087488K)], 0.0508392 secs] [Times: user=0.37 sys=0.00, real=0.05 secs] 
2016-09-24T00:18:16.025-0400: 63.264: [GC (GCLocker Initiated GC) [PSYoungGen: 88064K->86342K(175104K)] 146610K->169188K(699392K), 0.0242762 secs] [Times: user=0.32 sys=0.00, real=0.02 secs] 
2016-09-24T00:18:16.176-0400: 63.415: [GC (GCLocker Initiated GC) [PSYoungGen: 174406K->79651K(175104K)] 263505K->242713K(699392K), 0.0137716 secs] [Times: user=0.16 sys=0.00, real=0.01 secs] 
2016-09-24T00:18:16.315-0400: 63.555: [GC (GCLocker Initiated GC) [PSYoungGen: 167715K->61198K(175104K)] 331037K->273240K(699392K), 0.0144132 secs] [Times: user=0.13 sys=0.00, real=0.01 secs] 
2016-09-24T00:18:16.419-0400: 63.659: [GC (GCLocker Initiated GC) [PSYoungGen: 149262K->85630K(175104K)] 361391K->358605K(699392K), 0.0339204 secs] [Times: user=0.34 sys=0.00, real=0.03 secs] 
2016-09-24T00:18:16.570-0400: 63.809: [GC (GCLocker Initiated GC) [PSYoungGen: 173694K->79651K(175104K)] 452780K->444086K(699392K), 0.0122104 secs] [Times: user=0.12 sys=0.00, real=0.01 secs] 
2016-09-24T00:18:16.708-0400: 63.947: [GC (GCLocker Initiated GC) [PSYoungGen: 167715K->49116K(175104K)] 538570K->505281K(699392K), 0.0306354 secs] [Times: user=0.33 sys=0.00, real=0.03 secs] 
2016-09-24T00:18:16.738-0400: 63.978: [Full GC (Ergonomics) [PSYoungGen: 49116K->0K(175104K)] [ParOldGen: 456165K->46069K(524288K)] 505281K->46069K(699392K), [Metaspace: 44214K->44214K(1087488K)], 0.0480022 secs] [Times: user=0.32 sys=0.01, real=0.05 secs] 
2016-09-24T00:18:16.897-0400: 64.136: [GC (GCLocker Initiated GC) [PSYoungGen: 88064K->86406K(175104K)] 146291K->156783K(699392K), 0.0093530 secs] [Times: user=0.11 sys=0.00, real=0.01 secs] 
2016-09-24T00:18:17.019-0400: 64.259: [GC (GCLocker Initiated GC) [PSYoungGen: 174470K->79715K(175104K)] 245142K->205977K(699392K), 0.0124649 secs] [Times: user=0.16 sys=0.00, real=0.01 secs] 
2016-09-24T00:18:17.158-0400: 64.397: [GC (GCLocker Initiated GC) [PSYoungGen: 167779K->79487K(175104K)] 300152K->266647K(699392K), 0.0145780 secs] [Times: user=0.18 sys=0.01, real=0.01 secs] 
2016-09-24T00:18:17.287-0400: 64.526: [GC (GCLocker Initiated GC) [PSYoungGen: 167551K->55319K(175104K)] 354961K->327898K(699392K), 0.0291454 secs] [Times: user=0.32 sys=0.00, real=0.03 secs] 
2016-09-24T00:18:17.412-0400: 64.651: [GC (GCLocker Initiated GC) [PSYoungGen: 143383K->85730K(175104K)] 422365K->413400K(699392K), 0.0241963 secs] [Times: user=0.21 sys=0.00, real=0.03 secs] 
2016-09-24T00:18:17.550-0400: 64.789: [GC (GCLocker Initiated GC) [PSYoungGen: 173794K->73676K(175104K)] 507816K->462656K(699392K), 0.0237107 secs] [Times: user=0.23 sys=0.01, real=0.02 secs] 
2016-09-24T00:18:17.668-0400: 64.908: [GC (GCLocker Initiated GC) [PSYoungGen: 161740K->85758K(175104K)] 556900K->529786K(699392K), 0.0216672 secs] [Times: user=0.25 sys=0.00, real=0.02 secs] 
2016-09-24T00:18:17.690-0400: 64.929: [Full GC (Ergonomics) [PSYoungGen: 85758K->0K(175104K)] [ParOldGen: 444027K->52352K(524288K)] 529786K->52352K(699392K), [Metaspace: 44247K->44247K(1087488K)], 0.0543317 secs] [Times: user=0.31 sys=0.01, real=0.06 secs] 
2016-09-24T00:18:17.858-0400: 65.098: [GC (GCLocker Initiated GC) [PSYoungGen: 88064K->85790K(175104K)] 140626K->138352K(699392K), 0.0178715 secs] [Times: user=0.15 sys=0.00, real=0.02 secs] 
2016-09-24T00:18:17.972-0400: 65.212: [GC (GCLocker Initiated GC) [PSYoungGen: 173854K->55479K(175104K)] 226458K->211938K(699392K), 0.0250652 secs] [Times: user=0.26 sys=0.01, real=0.03 secs] 
2016-09-24T00:18:18.088-0400: 65.327: [GC (Allocation Failure) [PSYoungGen: 143541K->85762K(175104K)] 300356K->285221K(699392K), 0.0108761 secs] [Times: user=0.08 sys=0.00, real=0.01 secs] 
2016-09-24T00:18:18.225-0400: 65.464: [GC (GCLocker Initiated GC) [PSYoungGen: 171114K->61298K(175104K)] 376648K->328169K(699392K), 0.0119106 secs] [Times: user=0.10 sys=0.00, real=0.01 secs] 
2016-09-24T00:18:18.375-0400: 65.614: [GC (Allocation Failure) [PSYoungGen: 149362K->61006K(175104K)] 422321K->358345K(699392K), 0.0177901 secs] [Times: user=0.14 sys=0.01, real=0.01 secs] 
2016-09-24T00:18:18.485-0400: 65.725: [GC (GCLocker Initiated GC) [PSYoungGen: 149070K->73480K(175104K)] 446420K->431668K(699392K), 0.0144635 secs] [Times: user=0.10 sys=0.00, real=0.01 secs] 
2016-09-24T00:18:18.606-0400: 65.845: [GC (GCLocker Initiated GC) [PSYoungGen: 161544K->67633K(175104K)] 520042K->487001K(699392K), 0.0144755 secs] [Times: user=0.16 sys=0.00, real=0.01 secs] 
2016-09-24T00:18:18.620-0400: 65.860: [Full GC (Ergonomics) [PSYoungGen: 67633K->0K(175104K)] [ParOldGen: 419368K->52575K(524288K)] 487001K->52575K(699392K), [Metaspace: 44258K->44258K(1087488K)], 0.0518722 secs] [Times: user=0.26 sys=0.01, real=0.05 secs] 
2016-09-24T00:18:18.796-0400: 66.035: [GC (GCLocker Initiated GC) [PSYoungGen: 88064K->79655K(175104K)] 147064K->138655K(699392K), 0.0148361 secs] [Times: user=0.07 sys=0.01, real=0.01 secs] 
2016-09-24T00:18:18.904-0400: 66.144: [GC (GCLocker Initiated GC) [PSYoungGen: 167719K->61394K(175104K)] 232898K->206019K(699392K), 0.0227242 secs] [Times: user=0.23 sys=0.00, real=0.02 secs] 
2016-09-24T00:18:19.040-0400: 66.279: [GC (GCLocker Initiated GC) [PSYoungGen: 149458K->85922K(175104K)] 294096K->315721K(699392K), 0.0212544 secs] [Times: user=0.20 sys=0.00, real=0.02 secs] 
2016-09-24T00:18:19.153-0400: 66.392: [GC (GCLocker Initiated GC) [PSYoungGen: 173986K->48952K(175104K)] 403946K->352228K(699392K), 0.0235743 secs] [Times: user=0.23 sys=0.00, real=0.03 secs] 
2016-09-24T00:18:19.288-0400: 66.527: [GC (GCLocker Initiated GC) [PSYoungGen: 137016K->49312K(175104K)] 440429K->431796K(699392K), 0.0182569 secs] [Times: user=0.16 sys=0.00, real=0.02 secs] 
2016-09-24T00:18:19.427-0400: 66.667: [GC (GCLocker Initiated GC) [PSYoungGen: 137376K->79391K(175104K)] 519896K->529340K(699392K), 0.0403221 secs] [Times: user=0.45 sys=0.00, real=0.04 secs] 
2016-09-24T00:18:19.468-0400: 66.707: [Full GC (Ergonomics) [PSYoungGen: 79391K->0K(175104K)] [ParOldGen: 449949K->40402K(524288K)] 529340K->40402K(699392K), [Metaspace: 44265K->44265K(1087488K)], 0.0478051 secs] [Times: user=0.21 sys=0.03, real=0.05 secs] 
2016-09-24T00:18:19.604-0400: 66.844: [GC (GCLocker Initiated GC) [PSYoungGen: 88064K->85918K(175104K)] 128520K->168899K(699392K), 0.0149735 secs] [Times: user=0.16 sys=0.00, real=0.01 secs] 
2016-09-24T00:18:19.728-0400: 66.967: [GC (GCLocker Initiated GC) [PSYoungGen: 173981K->79715K(175104K)] 269468K->285131K(699392K), 0.0334927 secs] [Times: user=0.44 sys=0.00, real=0.03 secs] 
2016-09-24T00:18:19.869-0400: 67.109: [GC (GCLocker Initiated GC) [PSYoungGen: 167779K->55255K(175104K)] 373568K->297730K(699392K), 0.0177532 secs] [Times: user=0.17 sys=0.00, real=0.02 secs] 
2016-09-24T00:18:19.983-0400: 67.222: [GC (GCLocker Initiated GC) [PSYoungGen: 143319K->85922K(175104K)] 385981K->383378K(699392K), 0.0149145 secs] [Times: user=0.10 sys=0.00, real=0.01 secs] 
2016-09-24T00:18:20.103-0400: 67.342: [GC (GCLocker Initiated GC) [PSYoungGen: 173985K->85854K(175104K)] 471808K->457049K(699392K), 0.0158658 secs] [Times: user=0.21 sys=0.01, real=0.01 secs] 
2016-09-24T00:18:20.228-0400: 67.468: [GC (GCLocker Initiated GC) [PSYoungGen: 173918K->79747K(175104K)] 551313K->511969K(699392K), 0.0128187 secs] [Times: user=0.16 sys=0.01, real=0.01 secs] 
2016-09-24T00:18:20.241-0400: 67.481: [Full GC (Ergonomics) [PSYoungGen: 79747K->0K(175104K)] [ParOldGen: 432222K->52644K(524288K)] 511969K->52644K(699392K), [Metaspace: 44293K->44293K(1087488K)], 0.0444483 secs] [Times: user=0.37 sys=0.00, real=0.05 secs] 
2016-09-24T00:18:20.392-0400: 67.632: [GC (Allocation Failure) [PSYoungGen: 88064K->86242K(175104K)] 140850K->151178K(699392K), 0.0232858 secs] [Times: user=0.30 sys=0.01, real=0.03 secs] 
2016-09-24T00:18:20.546-0400: 67.785: [GC (GCLocker Initiated GC) [PSYoungGen: 173857K->79587K(175104K)] 244869K->181857K(699392K), 0.0109607 secs] [Times: user=0.10 sys=0.00, real=0.01 secs] 
2016-09-24T00:18:20.682-0400: 67.922: [GC (Allocation Failure) [PSYoungGen: 167651K->67793K(175104K)] 282225K->255583K(699392K), 0.0217618 secs] [Times: user=0.29 sys=0.00, real=0.02 secs] 
2016-09-24T00:18:20.826-0400: 68.065: [GC (GCLocker Initiated GC) [PSYoungGen: 155857K->85758K(175104K)] 343653K->310483K(699392K), 0.0126017 secs] [Times: user=0.17 sys=0.01, real=0.01 secs] 
2016-09-24T00:18:20.947-0400: 68.187: [GC (GCLocker Initiated GC) [PSYoungGen: 173822K->73448K(175104K)] 404715K->340871K(699392K), 0.0148867 secs] [Times: user=0.07 sys=0.01, real=0.02 secs] 
2016-09-24T00:18:21.054-0400: 68.293: [GC (GCLocker Initiated GC) [PSYoungGen: 161512K->85790K(175104K)] 429049K->432470K(699392K), 0.0191912 secs] [Times: user=0.24 sys=0.02, real=0.02 secs] 
2016-09-24T00:18:21.185-0400: 68.425: [GC (GCLocker Initiated GC) [PSYoungGen: 173854K->67437K(175104K)] 520890K->481589K(699392K), 0.0106855 secs] [Times: user=0.12 sys=0.00, real=0.01 secs] 
2016-09-24T00:18:21.196-0400: 68.435: [Full GC (Ergonomics) [PSYoungGen: 67437K->0K(175104K)] [ParOldGen: 414152K->52818K(524288K)] 481589K->52818K(699392K), [Metaspace: 44302K->44302K(1087488K)], 0.0607034 secs] [Times: user=0.44 sys=0.03, real=0.06 secs] 
2016-09-24T00:18:21.359-0400: 68.598: [GC (GCLocker Initiated GC) [PSYoungGen: 88064K->86210K(175104K)] 140887K->175483K(699392K), 0.0100050 secs] [Times: user=0.12 sys=0.00, real=0.01 secs] 
2016-09-24T00:18:21.484-0400: 68.723: [GC (GCLocker Initiated GC) [PSYoungGen: 174274K->43205K(175104K)] 263785K->206139K(699392K), 0.0428657 secs] [Times: user=0.48 sys=0.01, real=0.04 secs] 
2016-09-24T00:18:21.638-0400: 68.877: [GC (GCLocker Initiated GC) [PSYoungGen: 131269K->67565K(175104K)] 300634K->279738K(699392K), 0.0178932 secs] [Times: user=0.21 sys=0.00, real=0.02 secs] 
2016-09-24T00:18:21.769-0400: 69.008: [GC (GCLocker Initiated GC) [PSYoungGen: 155629K->67341K(175104K)] 367839K->340381K(699392K), 0.0128288 secs] [Times: user=0.10 sys=0.00, real=0.01 secs] 
2016-09-24T00:18:21.897-0400: 69.136: [GC (GCLocker Initiated GC) [PSYoungGen: 155405K->55223K(175104K)] 428554K->371149K(699392K), 0.0122670 secs] [Times: user=0.09 sys=0.01, real=0.01 secs] 
2016-09-24T00:18:22.029-0400: 69.268: [GC (GCLocker Initiated GC) [PSYoungGen: 143287K->61462K(175104K)] 465352K->456718K(699392K), 0.0213961 secs] [Times: user=0.24 sys=0.00, real=0.02 secs] 
2016-09-24T00:18:22.189-0400: 69.428: [GC (GCLocker Initiated GC) [PSYoungGen: 149526K->67241K(175104K)] 544846K->499622K(699392K), 0.0196526 secs] [Times: user=0.23 sys=0.00, real=0.02 secs] 
2016-09-24T00:18:22.209-0400: 69.448: [Full GC (Ergonomics) [PSYoungGen: 67241K->0K(175104K)] [ParOldGen: 432381K->40508K(524288K)] 499622K->40508K(699392K), [Metaspace: 44302K->44302K(1087488K)], 0.0527662 secs] [Times: user=0.33 sys=0.00, real=0.05 secs] 
2016-09-24T00:18:22.351-0400: 69.590: [GC (GCLocker Initiated GC) [PSYoungGen: 88064K->86078K(175104K)] 128620K->169159K(699392K), 0.0146833 secs] [Times: user=0.19 sys=0.00, real=0.02 secs] 
2016-09-24T00:18:22.465-0400: 69.705: [GC (GCLocker Initiated GC) [PSYoungGen: 174142K->61490K(175104K)] 257484K->248866K(699392K), 0.0138554 secs] [Times: user=0.22 sys=0.00, real=0.01 secs] 
2016-09-24T00:18:22.587-0400: 69.826: [GC (GCLocker Initiated GC) [PSYoungGen: 149554K->85954K(175104K)] 336980K->358902K(699392K), 0.0136141 secs] [Times: user=0.22 sys=0.01, real=0.01 secs] 
2016-09-24T00:18:22.702-0400: 69.941: [GC (GCLocker Initiated GC) [PSYoungGen: 174018K->79555K(175104K)] 453194K->407591K(699392K), 0.0293648 secs] [Times: user=0.40 sys=0.01, real=0.03 secs] 
2016-09-24T00:18:22.844-0400: 70.083: [GC (GCLocker Initiated GC) [PSYoungGen: 167619K->79751K(175104K)] 495888K->462979K(699392K), 0.0121344 secs] [Times: user=0.11 sys=0.00, real=0.01 secs] 
2016-09-24T00:18:22.966-0400: 70.205: [GC (GCLocker Initiated GC) [PSYoungGen: 167815K->85822K(175104K)] 551168K->536456K(699392K), 0.0137818 secs] [Times: user=0.18 sys=0.00, real=0.01 secs] 
2016-09-24T00:18:22.980-0400: 70.219: [Full GC (Ergonomics) [PSYoungGen: 85822K->0K(175104K)] [ParOldGen: 450634K->52859K(524288K)] 536456K->52859K(699392K), [Metaspace: 44305K->44305K(1087488K)], 0.0445736 secs] [Times: user=0.43 sys=0.00, real=0.05 secs] 
2016-09-24T00:18:23.133-0400: 70.373: [GC (GCLocker Initiated GC) [PSYoungGen: 88064K->85854K(175104K)] 140976K->163066K(699392K), 0.0121663 secs] [Times: user=0.18 sys=0.00, real=0.02 secs] 
2016-09-24T00:18:23.259-0400: 70.499: [GC (GCLocker Initiated GC) [PSYoungGen: 173918K->67597K(175104K)] 251317K->266984K(699392K), 0.0162980 secs] [Times: user=0.26 sys=0.00, real=0.02 secs] 
2016-09-24T00:18:23.365-0400: 70.604: [GC (GCLocker Initiated GC) [PSYoungGen: 155661K->86018K(175104K)] 355146K->376928K(699392K), 0.0137495 secs] [Times: user=0.21 sys=0.00, real=0.01 secs] 
2016-09-24T00:18:23.482-0400: 70.722: [GC (Allocation Failure) [PSYoungGen: 174082K->61362K(175104K)] 465336K->450287K(699392K), 0.0286719 secs] [Times: user=0.32 sys=0.00, real=0.02 secs] 
2016-09-24T00:18:23.511-0400: 70.750: [Full GC (Ergonomics) [PSYoungGen: 61362K->0K(175104K)] [ParOldGen: 388925K->51667K(524288K)] 450287K->51667K(699392K), [Metaspace: 44305K->44305K(1087488K)], 0.1520841 secs] [Times: user=1.80 sys=0.02, real=0.16 secs] 
2016-09-24T00:18:23.788-0400: 71.027: [GC (GCLocker Initiated GC) [PSYoungGen: 87615K->86078K(175104K)] 145358K->162045K(699392K), 0.0106332 secs] [Times: user=0.14 sys=0.00, real=0.01 secs] 
2016-09-24T00:18:23.903-0400: 71.142: [GC (GCLocker Initiated GC) [PSYoungGen: 174142K->73804K(175104K)] 256545K->211454K(699392K), 0.0146739 secs] [Times: user=0.16 sys=0.00, real=0.01 secs] 
2016-09-24T00:18:24.034-0400: 71.273: [GC (GCLocker Initiated GC) [PSYoungGen: 161868K->61330K(175104K)] 299812K->223841K(699392K), 0.0214773 secs] [Times: user=0.22 sys=0.01, real=0.03 secs] 
2016-09-24T00:18:24.151-0400: 71.390: [GC (GCLocker Initiated GC) [PSYoungGen: 149394K->61590K(175104K)] 311991K->279138K(699392K), 0.0217599 secs] [Times: user=0.25 sys=0.00, real=0.02 secs] 
2016-09-24T00:18:24.271-0400: 71.510: [GC (GCLocker Initiated GC) [PSYoungGen: 149654K->67533K(175104K)] 367446K->364623K(699392K), 0.0183170 secs] [Times: user=0.22 sys=0.00, real=0.02 secs] 
2016-09-24T00:18:24.394-0400: 71.633: [GC (GCLocker Initiated GC) [PSYoungGen: 155597K->85630K(175104K)] 452886K->419652K(699392K), 0.0120376 secs] [Times: user=0.13 sys=0.00, real=0.02 secs] 
2016-09-24T00:18:24.521-0400: 71.761: [GC (GCLocker Initiated GC) [PSYoungGen: 173694K->67437K(175104K)] 513917K->444385K(699392K), 0.0158686 secs] [Times: user=0.18 sys=0.00, real=0.02 secs] 
2016-09-24T00:18:24.666-0400: 71.906: [GC (GCLocker Initiated GC) [PSYoungGen: 155500K->73480K(175104K)] 532810K->487539K(699392K), 0.0100664 secs] [Times: user=0.10 sys=0.00, real=0.01 secs] 
2016-09-24T00:18:24.677-0400: 71.916: [Full GC (Ergonomics) [PSYoungGen: 73480K->0K(175104K)] [ParOldGen: 414059K->51771K(524288K)] 487539K->51771K(699392K), [Metaspace: 44305K->44305K(1087488K)], 0.0501247 secs] [Times: user=0.24 sys=0.00, real=0.05 secs] 
2016-09-24T00:18:24.838-0400: 72.078: [GC (GCLocker Initiated GC) [PSYoungGen: 88064K->85726K(175104K)] 146265K->150002K(699392K), 0.0171282 secs] [Times: user=0.15 sys=0.00, real=0.02 secs] 
2016-09-24T00:18:24.968-0400: 72.207: [GC (GCLocker Initiated GC) [PSYoungGen: 173790K->67633K(175104K)] 238182K->205364K(699392K), 0.0210173 secs] [Times: user=0.21 sys=0.00, real=0.02 secs] 
2016-09-24T00:18:25.080-0400: 72.319: [GC (GCLocker Initiated GC) [PSYoungGen: 155697K->49084K(175104K)] 293554K->241883K(699392K), 0.0254043 secs] [Times: user=0.22 sys=0.01, real=0.03 secs] 
2016-09-24T00:18:25.207-0400: 72.446: [GC (GCLocker Initiated GC) [PSYoungGen: 137148K->43009K(175104K)] 336136K->272616K(699392K), 0.0198638 secs] [Times: user=0.19 sys=0.00, real=0.02 secs] 
2016-09-24T00:18:25.347-0400: 72.586: [GC (GCLocker Initiated GC) [PSYoungGen: 131073K->55255K(175104K)] 360822K->321738K(699392K), 0.0182523 secs] [Times: user=0.16 sys=0.00, real=0.02 secs] 
2016-09-24T00:18:25.496-0400: 72.736: [GC (Allocation Failure) [PSYoungGen: 143319K->37062K(175104K)] 416058K->328334K(699392K), 0.0212257 secs] [Times: user=0.24 sys=0.00, real=0.02 secs] 
2016-09-24T00:18:25.649-0400: 72.889: [GC (GCLocker Initiated GC) [PSYoungGen: 119481K->55351K(175104K)] 416828K->352997K(699392K), 0.0063331 secs] [Times: user=0.06 sys=0.00, real=0.01 secs] 
2016-09-24T00:18:25.783-0400: 73.022: [GC (GCLocker Initiated GC) [PSYoungGen: 143415K->37258K(175104K)] 453263K->365442K(699392K), 0.0071308 secs] [Times: user=0.06 sys=0.00, real=0.00 secs] 
2016-09-24T00:18:25.896-0400: 73.135: [GC (GCLocker Initiated GC) [PSYoungGen: 125322K->85726K(175104K)] 459634K->432636K(699392K), 0.0181478 secs] [Times: user=0.19 sys=0.00, real=0.01 secs] 
2016-09-24T00:18:26.028-0400: 73.267: [GC (GCLocker Initiated GC) [PSYoungGen: 173790K->37098K(175104K)] 527130K->433035K(699392K), 0.0236246 secs] [Times: user=0.18 sys=0.00, real=0.02 secs] 
2016-09-24T00:18:26.152-0400: 73.391: [GC (GCLocker Initiated GC) [PSYoungGen: 125162K->67405K(175104K)] 521169K->463679K(699392K), 0.0099144 secs] [Times: user=0.08 sys=0.00, real=0.01 secs] 
2016-09-24T00:18:26.282-0400: 73.522: [GC (GCLocker Initiated GC) [PSYoungGen: 155469K->48920K(175104K)] 551768K->481921K(699392K), 0.0212736 secs] [Times: user=0.18 sys=0.01, real=0.02 secs] 
2016-09-24T00:18:26.304-0400: 73.543: [Full GC (Ergonomics) [PSYoungGen: 48920K->0K(175104K)] [ParOldGen: 433000K->45581K(524288K)] 481921K->45581K(699392K), [Metaspace: 44307K->44307K(1087488K)], 0.0515165 secs] [Times: user=0.24 sys=0.00, real=0.05 secs] 
2016-09-24T00:18:26.440-0400: 73.679: [GC (GCLocker Initiated GC) [PSYoungGen: 88064K->86466K(175104K)] 139929K->174782K(699392K), 0.0118738 secs] [Times: user=0.14 sys=0.00, real=0.01 secs] 
2016-09-24T00:18:26.559-0400: 73.798: [GC (GCLocker Initiated GC) [PSYoungGen: 174530K->61558K(175104K)] 263100K->224175K(699392K), 0.0334065 secs] [Times: user=0.41 sys=0.00, real=0.03 secs] 
2016-09-24T00:18:26.708-0400: 73.948: [GC (GCLocker Initiated GC) [PSYoungGen: 149622K->73608K(175104K)] 330619K->291158K(699392K), 0.0217261 secs] [Times: user=0.26 sys=0.00, real=0.02 secs] 
2016-09-24T00:18:26.847-0400: 74.086: [GC (GCLocker Initiated GC) [PSYoungGen: 161672K->61558K(175104K)] 385366K->327905K(699392K), 0.0081271 secs] [Times: user=0.08 sys=0.00, real=0.01 secs] 
2016-09-24T00:18:26.969-0400: 74.208: [GC (GCLocker Initiated GC) [PSYoungGen: 149622K->49148K(175104K)] 416606K->334625K(699392K), 0.0164067 secs] [Times: user=0.15 sys=0.00, real=0.02 secs] 
2016-09-24T00:18:27.084-0400: 74.323: [GC (GCLocker Initiated GC) [PSYoungGen: 137212K->73448K(175104K)] 422893K->377450K(699392K), 0.0218087 secs] [Times: user=0.22 sys=0.00, real=0.02 secs] 
2016-09-24T00:18:27.243-0400: 74.482: [GC (GCLocker Initiated GC) [PSYoungGen: 161512K->67309K(175104K)] 465729K->389987K(699392K), 0.0203587 secs] [Times: user=0.18 sys=0.01, real=0.02 secs] 
2016-09-24T00:18:27.368-0400: 74.608: [GC (GCLocker Initiated GC) [PSYoungGen: 155373K->49180K(175104K)] 484285K->402676K(699392K), 0.0152867 secs] [Times: user=0.13 sys=0.00, real=0.02 secs] 
2016-09-24T00:18:27.483-0400: 74.722: [GC (GCLocker Initiated GC) [PSYoungGen: 137244K->79943K(175104K)] 490915K->476479K(699392K), 0.0280138 secs] [Times: user=0.39 sys=0.01, real=0.02 secs] 
2016-09-24T00:18:27.634-0400: 74.873: [GC (GCLocker Initiated GC) [PSYoungGen: 168007K->74100K(175104K)] 564831K->489464K(699392K), 0.0117663 secs] [Times: user=0.18 sys=0.00, real=0.02 secs] 
2016-09-24T00:18:27.781-0400: 75.020: [GC (GCLocker Initiated GC) [PSYoungGen: 162164K->55319K(175104K)] 577749K->489569K(699392K), 0.0077862 secs] [Times: user=0.10 sys=0.00, real=0.01 secs] 
2016-09-24T00:18:27.906-0400: 75.146: [GC (GCLocker Initiated GC) [PSYoungGen: 143383K->61394K(175104K)] 584002K->538583K(699392K), 0.0098273 secs] [Times: user=0.10 sys=0.00, real=0.01 secs] 
2016-09-24T00:18:27.916-0400: 75.156: [Full GC (Ergonomics) [PSYoungGen: 61394K->0K(175104K)] [ParOldGen: 477189K->57996K(524288K)] 538583K->57996K(699392K), [Metaspace: 44310K->44310K(1087488K)], 0.0549504 secs] [Times: user=0.27 sys=0.01, real=0.05 secs] 
2016-09-24T00:18:28.078-0400: 75.318: [GC (GCLocker Initiated GC) [PSYoungGen: 88064K->85794K(175104K)] 146292K->150098K(699392K), 0.0138929 secs] [Times: user=0.13 sys=0.00, real=0.01 secs] 
2016-09-24T00:18:28.207-0400: 75.446: [GC (GCLocker Initiated GC) [PSYoungGen: 173858K->37130K(175104K)] 244424K->144701K(699392K), 0.0349844 secs] [Times: user=0.34 sys=0.01, real=0.03 secs] 
2016-09-24T00:18:28.343-0400: 75.583: [GC (GCLocker Initiated GC) [PSYoungGen: 125194K->67565K(175104K)] 232936K->230617K(699392K), 0.0148456 secs] [Times: user=0.15 sys=0.00, real=0.01 secs] 
2016-09-24T00:18:28.454-0400: 75.693: [GC (GCLocker Initiated GC) [PSYoungGen: 155629K->85822K(175104K)] 324804K->334303K(699392K), 0.0275058 secs] [Times: user=0.32 sys=0.00, real=0.03 secs] 
2016-09-24T00:18:28.599-0400: 75.838: [GC (GCLocker Initiated GC) [PSYoungGen: 173886K->43141K(175104K)] 422561K->340668K(699392K), 0.0234610 secs] [Times: user=0.25 sys=0.00, real=0.03 secs] 
2016-09-24T00:18:28.716-0400: 75.955: [GC (GCLocker Initiated GC) [PSYoungGen: 131204K->73676K(175104K)] 429093K->390033K(699392K), 0.0170352 secs] [Times: user=0.16 sys=0.00, real=0.01 secs] 
2016-09-24T00:18:28.857-0400: 76.096: [GC (GCLocker Initiated GC) [PSYoungGen: 161740K->73576K(175104K)] 484534K->414722K(699392K), 0.0274772 secs] [Times: user=0.33 sys=0.00, real=0.03 secs] 
2016-09-24T00:18:29.033-0400: 76.272: [GC (GCLocker Initiated GC) [PSYoungGen: 161640K->42973K(175104K)] 503404K->403050K(699392K), 0.0347636 secs] [Times: user=0.38 sys=0.01, real=0.04 secs] 
2016-09-24T00:18:29.167-0400: 76.406: [GC (GCLocker Initiated GC) [PSYoungGen: 131037K->85466K(175104K)] 497299K->463990K(699392K), 0.0112873 secs] [Times: user=0.12 sys=0.00, real=0.01 secs] 
2016-09-24T00:18:29.281-0400: 76.521: [GC (Allocation Failure) [PSYoungGen: 173530K->73640K(175104K)] 552213K->507134K(699392K), 0.0338723 secs] [Times: user=0.36 sys=0.01, real=0.04 secs] 
2016-09-24T00:18:29.431-0400: 76.670: [GC (Allocation Failure) [PSYoungGen: 161704K->49148K(175104K)] 595198K->501134K(699392K), 0.0164195 secs] [Times: user=0.19 sys=0.01, real=0.02 secs] 
2016-09-24T00:18:29.447-0400: 76.687: [Full GC (Ergonomics) [PSYoungGen: 49148K->0K(175104K)] [ParOldGen: 451986K->46056K(524288K)] 501134K->46056K(699392K), [Metaspace: 44335K->44335K(1087488K)], 0.0507866 secs] [Times: user=0.32 sys=0.01, real=0.05 secs] 
2016-09-24T00:18:29.593-0400: 76.833: [GC (GCLocker Initiated GC) [PSYoungGen: 83430K->86530K(175104K)] 135561K->162961K(699392K), 0.0171749 secs] [Times: user=0.23 sys=0.00, real=0.02 secs] 
2016-09-24T00:18:29.708-0400: 76.947: [GC (GCLocker Initiated GC) [PSYoungGen: 174594K->73540K(175104K)] 257231K->212032K(699392K), 0.0123361 secs] [Times: user=0.20 sys=0.00, real=0.01 secs] 
2016-09-24T00:18:29.832-0400: 77.071: [GC (GCLocker Initiated GC) [PSYoungGen: 161604K->85822K(175104K)] 300328K->242898K(699392K), 0.0102101 secs] [Times: user=0.11 sys=0.01, real=0.01 secs] 
2016-09-24T00:18:29.938-0400: 77.178: [GC (GCLocker Initiated GC) [PSYoungGen: 173886K->73640K(175104K)] 331121K->249392K(699392K), 0.0180640 secs] [Times: user=0.19 sys=0.00, real=0.02 secs] 
2016-09-24T00:18:30.068-0400: 77.308: [GC (GCLocker Initiated GC) [PSYoungGen: 161704K->73740K(175104K)] 343646K->280281K(699392K), 0.0215942 secs] [Times: user=0.24 sys=0.00, real=0.02 secs] 
2016-09-24T00:18:30.203-0400: 77.443: [GC (GCLocker Initiated GC) [PSYoungGen: 161804K->85790K(175104K)] 374551K->323301K(699392K), 0.0228889 secs] [Times: user=0.30 sys=0.00, real=0.02 secs] 
2016-09-24T00:18:30.358-0400: 77.598: [GC (GCLocker Initiated GC) [PSYoungGen: 173854K->49340K(175104K)] 417577K->341806K(699392K), 0.0147694 secs] [Times: user=0.17 sys=0.00, real=0.01 secs] 
2016-09-24T00:18:30.483-0400: 77.723: [GC (GCLocker Initiated GC) [PSYoungGen: 137404K->61426K(175104K)] 430114K->390885K(699392K), 0.0221617 secs] [Times: user=0.24 sys=0.00, real=0.02 secs] 
2016-09-24T00:18:30.628-0400: 77.867: [GC (GCLocker Initiated GC) [PSYoungGen: 149490K->55191K(175104K)] 485049K->409234K(699392K), 0.0207781 secs] [Times: user=0.22 sys=0.00, real=0.02 secs] 
2016-09-24T00:18:30.751-0400: 77.991: [GC (GCLocker Initiated GC) [PSYoungGen: 143255K->55091K(175104K)] 497436K->433855K(699392K), 0.0285417 secs] [Times: user=0.26 sys=0.00, real=0.03 secs] 
2016-09-24T00:18:30.888-0400: 78.127: [GC (GCLocker Initiated GC) [PSYoungGen: 143155K->79683K(175104K)] 522079K->489126K(699392K), 0.0144931 secs] [Times: user=0.14 sys=0.01, real=0.02 secs] 
2016-09-24T00:18:31.015-0400: 78.255: [GC (GCLocker Initiated GC) [PSYoungGen: 167747K->49539K(175104K)] 583345K->489698K(699392K), 0.0309063 secs] [Times: user=0.31 sys=0.01, real=0.03 secs] 
2016-09-24T00:18:31.169-0400: 78.409: [GC (GCLocker Initiated GC) [PSYoungGen: 137603K->55287K(175104K)] 577791K->513991K(699392K), 0.0111580 secs] [Times: user=0.14 sys=0.00, real=0.01 secs] 
2016-09-24T00:18:31.273-0400: 78.512: [GC (GCLocker Initiated GC) [PSYoungGen: 143351K->85758K(175104K)] 602181K->587249K(699392K), 0.0231885 secs] [Times: user=0.27 sys=0.00, real=0.03 secs] 
2016-09-24T00:18:31.296-0400: 78.536: [Full GC (Ergonomics) [PSYoungGen: 85758K->0K(175104K)] [ParOldGen: 501490K->51844K(524288K)] 587249K->51844K(699392K), [Metaspace: 44336K->44336K(1087488K)], 0.0518227 secs] [Times: user=0.26 sys=0.00, real=0.05 secs] 
2016-09-24T00:18:31.455-0400: 78.695: [GC (Allocation Failure) [PSYoungGen: 88064K->86274K(175104K)] 146081K->150366K(699392K), 0.0163749 secs] [Times: user=0.17 sys=0.00, real=0.01 secs] 
2016-09-24T00:18:31.588-0400: 78.828: [GC (GCLocker Initiated GC) [PSYoungGen: 173304K->61362K(175104K)] 243472K->174998K(699392K), 0.0300224 secs] [Times: user=0.30 sys=0.00, real=0.03 secs] 
2016-09-24T00:18:31.748-0400: 78.988: [GC (GCLocker Initiated GC) [PSYoungGen: 149426K->24652K(175104K)] 263176K->193173K(699392K), 0.0184100 secs] [Times: user=0.17 sys=0.01, real=0.02 secs] 
2016-09-24T00:18:31.884-0400: 79.123: [GC (GCLocker Initiated GC) [PSYoungGen: 112716K->86182K(175104K)] 287354K->291338K(699392K), 0.0203101 secs] [Times: user=0.29 sys=0.00, real=0.02 secs] 
2016-09-24T00:18:32.019-0400: 79.258: [GC (GCLocker Initiated GC) [PSYoungGen: 174246K->73608K(175104K)] 385648K->315872K(699392K), 0.0185316 secs] [Times: user=0.21 sys=0.00, real=0.02 secs] 
2016-09-24T00:18:32.147-0400: 79.387: [GC (GCLocker Initiated GC) [PSYoungGen: 161672K->55255K(175104K)] 404164K->316067K(699392K), 0.0145988 secs] [Times: user=0.18 sys=0.00, real=0.01 secs] 
2016-09-24T00:18:32.273-0400: 79.512: [GC (GCLocker Initiated GC) [PSYoungGen: 143319K->74000K(175104K)] 410556K->341536K(699392K), 0.0123810 secs] [Times: user=0.19 sys=0.00, real=0.02 secs] 
2016-09-24T00:18:32.406-0400: 79.645: [GC (GCLocker Initiated GC) [PSYoungGen: 162064K->73608K(175104K)] 435829K->365922K(699392K), 0.0097768 secs] [Times: user=0.11 sys=0.01, real=0.01 secs] 
2016-09-24T00:18:32.528-0400: 79.768: [GC (GCLocker Initiated GC) [PSYoungGen: 161672K->85926K(175104K)] 454021K->384641K(699392K), 0.0145495 secs] [Times: user=0.16 sys=0.00, real=0.02 secs] 
2016-09-24T00:18:32.660-0400: 79.899: [GC (GCLocker Initiated GC) [PSYoungGen: 173990K->36966K(175104K)] 478951K->390771K(699392K), 0.0284806 secs] [Times: user=0.27 sys=0.00, real=0.03 secs] 
2016-09-24T00:18:32.807-0400: 80.046: [GC (GCLocker Initiated GC) [PSYoungGen: 125030K->61366K(175104K)] 478943K->415367K(699392K), 0.0283999 secs] [Times: user=0.25 sys=0.00, real=0.03 secs] 
2016-09-24T00:18:32.971-0400: 80.211: [GC (GCLocker Initiated GC) [PSYoungGen: 149430K->61102K(175104K)] 503511K->415451K(699392K), 0.0098247 secs] [Times: user=0.08 sys=0.00, real=0.01 secs] 
2016-09-24T00:18:33.119-0400: 80.359: [GC (GCLocker Initiated GC) [PSYoungGen: 149166K->42845K(175104K)] 509726K->427784K(699392K), 0.0346082 secs] [Times: user=0.30 sys=0.00, real=0.03 secs] 
2016-09-24T00:18:33.281-0400: 80.521: [GC (GCLocker Initiated GC) [PSYoungGen: 130909K->73412K(175104K)] 522077K->464691K(699392K), 0.0331331 secs] [Times: user=0.38 sys=0.01, real=0.04 secs] 
2016-09-24T00:18:33.423-0400: 80.662: [GC (GCLocker Initiated GC) [PSYoungGen: 161476K->85822K(175104K)] 553077K->483657K(699392K), 0.0135331 secs] [Times: user=0.19 sys=0.00, real=0.01 secs] 
2016-09-24T00:18:33.535-0400: 80.775: [GC (GCLocker Initiated GC) [PSYoungGen: 173886K->85594K(175104K)] 571921K->532536K(699392K), 0.0114466 secs] [Times: user=0.15 sys=0.00, real=0.01 secs] 
2016-09-24T00:18:33.663-0400: 80.903: [GC (GCLocker Initiated GC) --[PSYoungGen: 173658K->173658K(175104K)] 626735K->693703K(699392K), 0.0194375 secs] [Times: user=0.19 sys=0.01, real=0.02 secs] 
2016-09-24T00:18:33.683-0400: 80.922: [Full GC (Ergonomics) [PSYoungGen: 173658K->0K(175104K)] [ParOldGen: 520045K->52915K(524288K)] 693703K->52915K(699392K), [Metaspace: 44336K->44336K(1087488K)], 0.0536107 secs] [Times: user=0.36 sys=0.00, real=0.05 secs] 
2016-09-24T00:18:33.835-0400: 81.075: [GC (GCLocker Initiated GC) [PSYoungGen: 88064K->86046K(175104K)] 141171K->163454K(699392K), 0.0223530 secs] [Times: user=0.33 sys=0.01, real=0.02 secs] 
2016-09-24T00:18:33.966-0400: 81.206: [GC (Allocation Failure) [PSYoungGen: 174110K->73936K(175104K)] 257841K->206831K(699392K), 0.0284992 secs] [Times: user=0.40 sys=0.01, real=0.03 secs] 
2016-09-24T00:18:34.094-0400: 81.333: [GC (GCLocker Initiated GC) [PSYoungGen: 162000K->55251K(175104K)] 294895K->225248K(699392K), 0.0105928 secs] [Times: user=0.17 sys=0.00, real=0.02 secs] 
2016-09-24T00:18:34.202-0400: 81.442: [GC (GCLocker Initiated GC) [PSYoungGen: 143315K->85890K(175104K)] 313432K->262169K(699392K), 0.0101651 secs] [Times: user=0.11 sys=0.00, real=0.00 secs] 
2016-09-24T00:18:34.318-0400: 81.558: [GC (GCLocker Initiated GC) [PSYoungGen: 173954K->79683K(175104K)] 350392K->299290K(699392K), 0.0120205 secs] [Times: user=0.17 sys=0.00, real=0.01 secs] 
2016-09-24T00:18:34.456-0400: 81.695: [GC (GCLocker Initiated GC) [PSYoungGen: 167747K->85822K(175104K)] 387440K->366401K(699392K), 0.0153929 secs] [Times: user=0.18 sys=0.00, real=0.01 secs] 
2016-09-24T00:18:34.615-0400: 81.854: [GC (GCLocker Initiated GC) [PSYoungGen: 173886K->37162K(175104K)] 472804K->348333K(699392K), 0.0073808 secs] [Times: user=0.06 sys=0.00, real=0.01 secs] 
2016-09-24T00:18:34.753-0400: 81.992: [GC (GCLocker Initiated GC) [PSYoungGen: 125226K->61490K(175104K)] 442542K->379293K(699392K), 0.0094626 secs] [Times: user=0.09 sys=0.00, real=0.01 secs] 
2016-09-24T00:18:34.853-0400: 82.092: [GC (GCLocker Initiated GC) [PSYoungGen: 149554K->85658K(175104K)] 467466K->452478K(699392K), 0.0120223 secs] [Times: user=0.18 sys=0.00, real=0.02 secs] 
2016-09-24T00:18:34.977-0400: 82.217: [GC (Allocation Failure) [PSYoungGen: 173722K->67960K(175104K)] 540607K->453206K(699392K), 0.0160450 secs] [Times: user=0.21 sys=0.01, real=0.01 secs] 
2016-09-24T00:18:35.098-0400: 82.337: [GC (GCLocker Initiated GC) [PSYoungGen: 156024K->85758K(175104K)] 541275K->507930K(699392K), 0.0124167 secs] [Times: user=0.17 sys=0.00, real=0.01 secs] 
2016-09-24T00:18:35.215-0400: 82.455: [GC (GCLocker Initiated GC) [PSYoungGen: 173822K->85822K(175104K)] 596058K->544652K(699392K), 0.0118248 secs] [Times: user=0.16 sys=0.00, real=0.01 secs] 
2016-09-24T00:18:35.227-0400: 82.467: [Full GC (Ergonomics) [PSYoungGen: 85822K->0K(175104K)] [ParOldGen: 458830K->52284K(524288K)] 544652K->52284K(699392K), [Metaspace: 44349K->44349K(1087488K)], 0.0547644 secs] [Times: user=0.33 sys=0.00, real=0.05 secs] 
2016-09-24T00:18:35.378-0400: 82.618: [GC (GCLocker Initiated GC) [PSYoungGen: 88064K->86598K(175104K)] 140480K->175464K(699392K), 0.0358928 secs] [Times: user=0.36 sys=0.00, real=0.04 secs] 
2016-09-24T00:18:35.542-0400: 82.781: [GC (GCLocker Initiated GC) [PSYoungGen: 174662K->43265K(175104K)] 270120K->224765K(699392K), 0.0110931 secs] [Times: user=0.12 sys=0.01, real=0.01 secs] 
2016-09-24T00:18:35.674-0400: 82.913: [GC (GCLocker Initiated GC) [PSYoungGen: 131329K->31019K(175104K)] 337278K->255444K(699392K), 0.0357616 secs] [Times: user=0.40 sys=0.00, real=0.04 secs] 
2016-09-24T00:18:35.822-0400: 83.062: [GC (GCLocker Initiated GC) [PSYoungGen: 119083K->67633K(175104K)] 343819K->323027K(699392K), 0.0089966 secs] [Times: user=0.07 sys=0.00, real=0.00 secs] 
2016-09-24T00:18:35.957-0400: 83.196: [GC (GCLocker Initiated GC) [PSYoungGen: 155697K->30955K(175104K)] 417353K->329305K(699392K), 0.0142829 secs] [Times: user=0.11 sys=0.00, real=0.01 secs] 
2016-09-24T00:18:36.088-0400: 83.328: [GC (GCLocker Initiated GC) [PSYoungGen: 119019K->55643K(175104K)] 423799K->378751K(699392K), 0.0125960 secs] [Times: user=0.15 sys=0.00, real=0.01 secs] 
2016-09-24T00:18:36.214-0400: 83.453: [GC (GCLocker Initiated GC) [PSYoungGen: 143707K->67597K(175104K)] 467042K->409449K(699392K), 0.0094524 secs] [Times: user=0.08 sys=0.00, real=0.02 secs] 
2016-09-24T00:18:36.318-0400: 83.558: [GC (GCLocker Initiated GC) [PSYoungGen: 155661K->79683K(175104K)] 497554K->458170K(699392K), 0.0102489 secs] [Times: user=0.09 sys=0.00, real=0.01 secs] 
2016-09-24T00:18:36.449-0400: 83.688: [GC (GCLocker Initiated GC) [PSYoungGen: 167747K->43169K(175104K)] 558717K->489089K(699392K), 0.0113240 secs] [Times: user=0.11 sys=0.00, real=0.01 secs] 
2016-09-24T00:18:36.579-0400: 83.818: [GC (GCLocker Initiated GC) [PSYoungGen: 131233K->67309K(175104K)] 577184K->513535K(699392K), 0.0105503 secs] [Times: user=0.10 sys=0.00, real=0.01 secs] 
2016-09-24T00:18:36.589-0400: 83.829: [Full GC (Ergonomics) [PSYoungGen: 67309K->0K(175104K)] [ParOldGen: 446226K->40191K(524288K)] 513535K->40191K(699392K), [Metaspace: 44353K->44353K(1087488K)], 0.0620301 secs] [Times: user=0.34 sys=0.01, real=0.06 secs] 
2016-09-24T00:18:36.760-0400: 83.999: [GC (GCLocker Initiated GC) [PSYoungGen: 88064K->86014K(175104K)] 140452K->156628K(699392K), 0.0095854 secs] [Times: user=0.10 sys=0.00, real=0.01 secs] 
2016-09-24T00:18:36.870-0400: 84.109: [GC (GCLocker Initiated GC) [PSYoungGen: 174078K->85890K(175104K)] 244716K->211759K(699392K), 0.0213364 secs] [Times: user=0.23 sys=0.00, real=0.02 secs] 
2016-09-24T00:18:37.027-0400: 84.266: [GC (GCLocker Initiated GC) [PSYoungGen: 173954K->49016K(175104K)] 306174K->230096K(699392K), 0.0100575 secs] [Times: user=0.09 sys=0.00, real=0.01 secs] 
2016-09-24T00:18:37.139-0400: 84.378: [GC (GCLocker Initiated GC) [PSYoungGen: 137080K->49116K(175104K)] 318275K->230414K(699392K), 0.0288619 secs] [Times: user=0.33 sys=0.00, real=0.03 secs] 
2016-09-24T00:18:37.280-0400: 84.519: [GC (GCLocker Initiated GC) [PSYoungGen: 137180K->79551K(175104K)] 318682K->309945K(699392K), 0.0125767 secs] [Times: user=0.17 sys=0.01, real=0.01 secs] 
2016-09-24T00:18:37.408-0400: 84.648: [GC (GCLocker Initiated GC) [PSYoungGen: 167615K->85986K(175104K)] 398359K->347248K(699392K), 0.0119845 secs] [Times: user=0.16 sys=0.00, real=0.01 secs] 
2016-09-24T00:18:37.528-0400: 84.767: [GC (GCLocker Initiated GC) [PSYoungGen: 174050K->73640K(175104K)] 435646K->372165K(699392K), 0.0132256 secs] [Times: user=0.16 sys=0.01, real=0.01 secs] 
2016-09-24T00:18:37.648-0400: 84.887: [GC (GCLocker Initiated GC) [PSYoungGen: 161704K->85954K(175104K)] 460522K->433476K(699392K), 0.0176606 secs] [Times: user=0.19 sys=0.01, real=0.02 secs] 
2016-09-24T00:18:37.803-0400: 85.042: [GC (Allocation Failure) [PSYoungGen: 174018K->55223K(175104K)] 521609K->439523K(699392K), 0.0218651 secs] [Times: user=0.20 sys=0.00, real=0.02 secs] 
2016-09-24T00:18:37.825-0400: 85.065: [GC (GCLocker Initiated GC) [PSYoungGen: 55581K->224K(175104K)] 439882K->445629K(699392K), 0.0197455 secs] [Times: user=0.21 sys=0.00, real=0.02 secs] 
2016-09-24T00:18:37.845-0400: 85.085: [Full GC (Ergonomics) [PSYoungGen: 224K->0K(175104K)] [ParOldGen: 445405K->52071K(524288K)] 445629K->52071K(699392K), [Metaspace: 44353K->44353K(1087488K)], 0.0529634 secs] [Times: user=0.35 sys=0.02, real=0.05 secs] 
2016-09-24T00:18:38.023-0400: 85.263: [GC (GCLocker Initiated GC) [PSYoungGen: 86926K->79491K(175104K)] 145072K->137637K(699392K), 0.0167341 secs] [Times: user=0.21 sys=0.00, real=0.01 secs] 
2016-09-24T00:18:38.172-0400: 85.411: [GC (GCLocker Initiated GC) [PSYoungGen: 167555K->55874K(175104K)] 238200K->199736K(699392K), 0.0233712 secs] [Times: user=0.27 sys=0.00, real=0.03 secs] 
2016-09-24T00:18:38.318-0400: 85.557: [GC (GCLocker Initiated GC) [PSYoungGen: 143938K->55219K(175104K)] 287887K->235916K(699392K), 0.0097319 secs] [Times: user=0.09 sys=0.00, real=0.01 secs] 
2016-09-24T00:18:38.484-0400: 85.724: [GC (GCLocker Initiated GC) [PSYoungGen: 143283K->37913K(175104K)] 342438K->237196K(699392K), 0.0114726 secs] [Times: user=0.13 sys=0.00, real=0.01 secs] 
2016-09-24T00:18:38.623-0400: 85.863: [GC (Allocation Failure) [PSYoungGen: 125977K->73672K(175104K)] 331578K->279736K(699392K), 0.0105582 secs] [Times: user=0.13 sys=0.00, real=0.00 secs] 
2016-09-24T00:18:38.739-0400: 85.979: [GC (GCLocker Initiated GC) [PSYoungGen: 161736K->55643K(175104K)] 367806K->280073K(699392K), 0.0106110 secs] [Times: user=0.14 sys=0.00, real=0.01 secs] 
2016-09-24T00:18:38.852-0400: 86.091: [GC (GCLocker Initiated GC) [PSYoungGen: 143707K->86314K(175104K)] 368196K->371868K(699392K), 0.0180352 secs] [Times: user=0.21 sys=0.00, real=0.02 secs] 
2016-09-24T00:18:38.978-0400: 86.218: [GC (GCLocker Initiated GC) [PSYoungGen: 174378K->86018K(175104K)] 459974K->420726K(699392K), 0.0149031 secs] [Times: user=0.20 sys=0.01, real=0.01 secs] 
2016-09-24T00:18:39.091-0400: 86.331: [GC (GCLocker Initiated GC) [PSYoungGen: 174082K->55419K(175104K)] 514974K->469486K(699392K), 0.0112387 secs] [Times: user=0.08 sys=0.00, real=0.02 secs] 
2016-09-24T00:18:39.215-0400: 86.455: [GC (GCLocker Initiated GC) [PSYoungGen: 143483K->85826K(175104K)] 557889K->518904K(699392K), 0.0151803 secs] [Times: user=0.15 sys=0.00, real=0.01 secs] 
2016-09-24T00:18:39.231-0400: 86.470: [Full GC (Ergonomics) [PSYoungGen: 85826K->0K(175104K)] [ParOldGen: 433078K->59384K(524288K)] 518904K->59384K(699392K), [Metaspace: 44357K->44357K(1087488K)], 0.0549818 secs] [Times: user=0.34 sys=0.01, real=0.06 secs] 
2016-09-24T00:18:39.411-0400: 86.651: [GC (GCLocker Initiated GC) [PSYoungGen: 88064K->86178K(175104K)] 153884K->164148K(699392K), 0.0093889 secs] [Times: user=0.09 sys=0.00, real=0.01 secs] 
2016-09-24T00:18:39.530-0400: 86.769: [GC (GCLocker Initiated GC) [PSYoungGen: 174242K->55415K(175104K)] 264606K->225514K(699392K), 0.0217208 secs] [Times: user=0.28 sys=0.00, real=0.02 secs] 
2016-09-24T00:18:39.641-0400: 86.880: [GC (GCLocker Initiated GC) [PSYoungGen: 143479K->79879K(175104K)] 319712K->292877K(699392K), 0.0138511 secs] [Times: user=0.17 sys=0.00, real=0.02 secs] 
2016-09-24T00:18:39.746-0400: 86.985: [GC (GCLocker Initiated GC) [PSYoungGen: 167943K->79911K(175104K)] 381150K->360259K(699392K), 0.0191166 secs] [Times: user=0.26 sys=0.00, real=0.02 secs] 
2016-09-24T00:18:39.865-0400: 87.104: [GC (GCLocker Initiated GC) [PSYoungGen: 167975K->85822K(175104K)] 454457K->427271K(699392K), 0.0116228 secs] [Times: user=0.19 sys=0.00, real=0.01 secs] 
2016-09-24T00:18:39.971-0400: 87.210: [GC (GCLocker Initiated GC) [PSYoungGen: 173886K->74000K(175104K)] 515634K->470567K(699392K), 0.0122299 secs] [Times: user=0.18 sys=0.00, real=0.02 secs] 
2016-09-24T00:18:40.094-0400: 87.334: [GC (Allocation Failure) [PSYoungGen: 162064K->74064K(175104K)] 565056K->495564K(699392K), 0.0172898 secs] [Times: user=0.25 sys=0.00, real=0.01 secs] 
2016-09-24T00:18:40.222-0400: 87.462: [GC (GCLocker Initiated GC) [PSYoungGen: 162128K->79843K(175104K)] 583634K->520046K(699392K), 0.0110619 secs] [Times: user=0.15 sys=0.01, real=0.00 secs] 
2016-09-24T00:18:40.233-0400: 87.473: [Full GC (Ergonomics) [PSYoungGen: 79843K->0K(175104K)] [ParOldGen: 440202K->58425K(524288K)] 520046K->58425K(699392K), [Metaspace: 44357K->44357K(1087488K)], 0.0491826 secs] [Times: user=0.35 sys=0.00, real=0.06 secs] 
2016-09-24T00:18:40.389-0400: 87.628: [GC (Allocation Failure) [PSYoungGen: 88064K->86630K(175104K)] 146810K->157527K(699392K), 0.0146088 secs] [Times: user=0.19 sys=0.00, real=0.02 secs] 
2016-09-24T00:18:40.501-0400: 87.740: [GC (GCLocker Initiated GC) [PSYoungGen: 174694K->85790K(175104K)] 245592K->224660K(699392K), 0.0130420 secs] [Times: user=0.13 sys=0.00, real=0.01 secs] 
2016-09-24T00:18:40.631-0400: 87.871: [GC (GCLocker Initiated GC) [PSYoungGen: 173854K->73580K(175104K)] 313085K->231132K(699392K), 0.0382183 secs] [Times: user=0.40 sys=0.01, real=0.04 secs] 
2016-09-24T00:18:40.780-0400: 88.019: [GC (GCLocker Initiated GC) [PSYoungGen: 161644K->85626K(175104K)] 319271K->279995K(699392K), 0.0168827 secs] [Times: user=0.18 sys=0.00, real=0.02 secs] 
2016-09-24T00:18:40.896-0400: 88.136: [GC (GCLocker Initiated GC) [PSYoungGen: 173690K->49799K(175104K)] 374490K->323643K(699392K), 0.0259752 secs] [Times: user=0.28 sys=0.00, real=0.03 secs] 
2016-09-24T00:18:41.027-0400: 88.266: [GC (GCLocker Initiated GC) [PSYoungGen: 137863K->61298K(175104K)] 411873K->354103K(699392K), 0.0169587 secs] [Times: user=0.17 sys=0.00, real=0.02 secs] 
2016-09-24T00:18:41.140-0400: 88.379: [GC (GCLocker Initiated GC) [PSYoungGen: 149362K->85922K(175104K)] 448279K->445708K(699392K), 0.0164322 secs] [Times: user=0.17 sys=0.00, real=0.02 secs] 
2016-09-24T00:18:41.271-0400: 88.510: [GC (GCLocker Initiated GC) [PSYoungGen: 173986K->61394K(175104K)] 533898K->488603K(699392K), 0.0205763 secs] [Times: user=0.20 sys=0.00, real=0.02 secs] 
2016-09-24T00:18:41.292-0400: 88.531: [Full GC (Ergonomics) [PSYoungGen: 61394K->0K(175104K)] [ParOldGen: 427209K->46068K(524288K)] 488603K->46068K(699392K), [Metaspace: 44358K->44358K(1087488K)], 0.0506398 secs] [Times: user=0.26 sys=0.00, real=0.06 secs] 
2016-09-24T00:18:41.443-0400: 88.682: [GC (GCLocker Initiated GC) [PSYoungGen: 88064K->86570K(175104K)] 134493K->145157K(699392K), 0.0092327 secs] [Times: user=0.10 sys=0.00, real=0.00 secs] 
2016-09-24T00:18:41.551-0400: 88.790: [GC (GCLocker Initiated GC) [PSYoungGen: 174634K->73576K(175104K)] 233560K->163744K(699392K), 0.0129317 secs] [Times: user=0.13 sys=0.00, real=0.02 secs] 
2016-09-24T00:18:41.680-0400: 88.919: [GC (Allocation Failure) [PSYoungGen: 161640K->73772K(175104K)] 252057K->182706K(699392K), 0.0082764 secs] [Times: user=0.08 sys=0.00, real=0.01 secs] 
2016-09-24T00:18:41.816-0400: 89.056: [GC (GCLocker Initiated GC) [PSYoungGen: 159842K->67469K(175104K)] 274851K->200978K(699392K), 0.0223035 secs] [Times: user=0.22 sys=0.00, real=0.02 secs] 
2016-09-24T00:18:41.994-0400: 89.233: [GC (GCLocker Initiated GC) [PSYoungGen: 155533K->36738K(175104K)] 295164K->176464K(699392K), 0.0302206 secs] [Times: user=0.25 sys=0.00, real=0.04 secs] 
2016-09-24T00:18:42.112-0400: 89.351: [GC (GCLocker Initiated GC) [PSYoungGen: 124802K->85498K(175104K)] 264587K->237552K(699392K), 0.0296156 secs] [Times: user=0.32 sys=0.00, real=0.03 secs] 
2016-09-24T00:18:42.253-0400: 89.492: [GC (Allocation Failure) [PSYoungGen: 173562K->43269K(175104K)] 331716K->256185K(699392K), 0.0223865 secs] [Times: user=0.21 sys=0.01, real=0.03 secs] 
2016-09-24T00:18:42.399-0400: 89.638: [GC (Allocation Failure) [PSYoungGen: 131333K->49216K(175104K)] 344249K->286684K(699392K), 0.0114138 secs] [Times: user=0.07 sys=0.00, real=0.01 secs] 
2016-09-24T00:18:42.487-0400: 89.726: [GC (GCLocker Initiated GC) [PSYoungGen: 137280K->85986K(175104K)] 374754K->384361K(699392K), 0.0377173 secs] [Times: user=0.47 sys=0.00, real=0.04 secs] 
2016-09-24T00:18:42.645-0400: 89.885: [GC (GCLocker Initiated GC) [PSYoungGen: 174049K->55615K(175104K)] 472791K->390919K(699392K), 0.0104599 secs] [Times: user=0.10 sys=0.01, real=0.01 secs] 
2016-09-24T00:18:42.775-0400: 90.014: [GC (Allocation Failure) [PSYoungGen: 143679K->73384K(175104K)] 479092K->409041K(699392K), 0.0243690 secs] [Times: user=0.20 sys=0.00, real=0.02 secs] 
2016-09-24T00:18:42.895-0400: 90.135: [GC (GCLocker Initiated GC) [PSYoungGen: 161448K->61362K(175104K)] 497105K->427498K(699392K), 0.0104677 secs] [Times: user=0.08 sys=0.00, real=0.01 secs] 
2016-09-24T00:18:43.021-0400: 90.261: [GC (GCLocker Initiated GC) [PSYoungGen: 149426K->67537K(175104K)] 521667K->458099K(699392K), 0.0300182 secs] [Times: user=0.34 sys=0.00, real=0.03 secs] 
2016-09-24T00:18:43.157-0400: 90.396: [GC (GCLocker Initiated GC) [PSYoungGen: 155599K->67601K(175104K)] 546522K->513506K(699392K), 0.0207828 secs] [Times: user=0.26 sys=0.00, real=0.02 secs] 
2016-09-24T00:18:43.178-0400: 90.417: [Full GC (Ergonomics) [PSYoungGen: 67601K->0K(175104K)] [ParOldGen: 445905K->52558K(524288K)] 513506K->52558K(699392K), [Metaspace: 44370K->44370K(1087488K)], 0.0518249 secs] [Times: user=0.31 sys=0.01, real=0.05 secs] 
2016-09-24T00:18:43.325-0400: 90.564: [GC (GCLocker Initiated GC) [PSYoungGen: 88064K->73508K(175104K)] 146851K->132295K(699392K), 0.0189452 secs] [Times: user=0.23 sys=0.00, real=0.02 secs] 
2016-09-24T00:18:43.449-0400: 90.689: [GC (GCLocker Initiated GC) [PSYoungGen: 161572K->80075K(175104K)] 220564K->193917K(699392K), 0.0112881 secs] [Times: user=0.17 sys=0.00, real=0.01 secs] 
2016-09-24T00:18:43.570-0400: 90.809: [GC (GCLocker Initiated GC) [PSYoungGen: 168139K->55447K(175104K)] 282163K->224937K(699392K), 0.0085723 secs] [Times: user=0.11 sys=0.01, real=0.01 secs] 
2016-09-24T00:18:43.672-0400: 90.912: [GC (GCLocker Initiated GC) [PSYoungGen: 143511K->85594K(175104K)] 313121K->267817K(699392K), 0.0100663 secs] [Times: user=0.12 sys=0.00, real=0.02 secs] 
2016-09-24T00:18:43.804-0400: 91.043: [GC (GCLocker Initiated GC) [PSYoungGen: 173658K->85790K(175104K)] 356136K->304854K(699392K), 0.0185973 secs] [Times: user=0.23 sys=0.00, real=0.02 secs] 
2016-09-24T00:18:43.950-0400: 91.190: [GC (GCLocker Initiated GC) [PSYoungGen: 173854K->42877K(175104K)] 399343K->305060K(699392K), 0.0218531 secs] [Times: user=0.20 sys=0.00, real=0.02 secs] 
2016-09-24T00:18:44.085-0400: 91.324: [GC (GCLocker Initiated GC) [PSYoungGen: 130941K->55159K(175104K)] 393328K->317649K(699392K), 0.0257564 secs] [Times: user=0.26 sys=0.01, real=0.02 secs] 
2016-09-24T00:18:44.223-0400: 91.462: [GC (GCLocker Initiated GC) [PSYoungGen: 143223K->67437K(175104K)] 405873K->342497K(699392K), 0.0095447 secs] [Times: user=0.07 sys=0.00, real=0.00 secs] 
2016-09-24T00:18:44.337-0400: 91.577: [GC (Allocation Failure) [PSYoungGen: 155501K->61494K(175104K)] 430820K->367284K(699392K), 0.0138025 secs] [Times: user=0.09 sys=0.01, real=0.01 secs] 
2016-09-24T00:18:44.455-0400: 91.695: [GC (GCLocker Initiated GC) [PSYoungGen: 149558K->55191K(175104K)] 455353K->379455K(699392K), 0.0213393 secs] [Times: user=0.19 sys=0.01, real=0.02 secs] 
2016-09-24T00:18:44.610-0400: 91.849: [GC (GCLocker Initiated GC) [PSYoungGen: 143252K->31022K(175104K)] 486086K->392184K(699392K), 0.0095663 secs] [Times: user=0.06 sys=0.01, real=0.01 secs] 
2016-09-24T00:18:44.742-0400: 91.981: [GC (GCLocker Initiated GC) [PSYoungGen: 119086K->55611K(175104K)] 492630K->429438K(699392K), 0.0170912 secs] [Times: user=0.18 sys=0.01, real=0.02 secs] 
2016-09-24T00:18:44.880-0400: 92.120: [GC (GCLocker Initiated GC) [PSYoungGen: 143675K->67405K(175104K)] 517550K->478161K(699392K), 0.0116847 secs] [Times: user=0.11 sys=0.00, real=0.01 secs] 
2016-09-24T00:18:45.006-0400: 92.245: [GC (GCLocker Initiated GC) [PSYoungGen: 155469K->55579K(175104K)] 572454K->496968K(699392K), 0.0120515 secs] [Times: user=0.11 sys=0.00, real=0.01 secs] 
2016-09-24T00:18:45.159-0400: 92.398: [GC (Allocation Failure) [PSYoungGen: 143643K->42941K(175104K)] 585074K->515038K(699392K), 0.0217591 secs] [Times: user=0.23 sys=0.00, real=0.02 secs] 
2016-09-24T00:18:45.181-0400: 92.420: [Full GC (Ergonomics) [PSYoungGen: 42941K->0K(175104K)] [ParOldGen: 472097K->34407K(524288K)] 515038K->34407K(699392K), [Metaspace: 44371K->44371K(1087488K)], 0.0566646 secs] [Times: user=0.31 sys=0.00, real=0.06 secs] 
2016-09-24T00:18:45.357-0400: 92.596: [GC (GCLocker Initiated GC) [PSYoungGen: 82688K->73996K(175104K)] 123171K->114478K(699392K), 0.0174623 secs] [Times: user=0.18 sys=0.00, real=0.02 secs] 
2016-09-24T00:18:45.476-0400: 92.715: [GC (GCLocker Initiated GC) [PSYoungGen: 162060K->48920K(175104K)] 202590K->114265K(699392K), 0.0252444 secs] [Times: user=0.27 sys=0.00, real=0.02 secs] 
2016-09-24T00:18:45.603-0400: 92.843: [GC (GCLocker Initiated GC) [PSYoungGen: 136984K->86118K(175104K)] 202690K->200568K(699392K), 0.0181790 secs] [Times: user=0.20 sys=0.00, real=0.01 secs] 
2016-09-24T00:18:45.734-0400: 92.974: [GC (GCLocker Initiated GC) [PSYoungGen: 174182K->55091K(175104K)] 301014K->218665K(699392K), 0.0216598 secs] [Times: user=0.23 sys=0.00, real=0.02 secs] 
2016-09-24T00:18:45.856-0400: 93.095: [GC (GCLocker Initiated GC) [PSYoungGen: 143155K->73900K(175104K)] 313159K->268348K(699392K), 0.0088389 secs] [Times: user=0.09 sys=0.00, real=0.01 secs] 
2016-09-24T00:18:45.987-0400: 93.227: [GC (GCLocker Initiated GC) [PSYoungGen: 161964K->79719K(175104K)] 362529K->280583K(699392K), 0.0162555 secs] [Times: user=0.18 sys=0.00, real=0.02 secs] 
2016-09-24T00:18:46.118-0400: 93.357: [GC (Allocation Failure) [PSYoungGen: 167783K->37098K(175104K)] 381141K->287322K(699392K), 0.0143775 secs] [Times: user=0.14 sys=0.00, real=0.01 secs] 
2016-09-24T00:18:46.275-0400: 93.515: [GC (GCLocker Initiated GC) [PSYoungGen: 120578K->49276K(175104K)] 376877K->324075K(699392K), 0.0297505 secs] [Times: user=0.37 sys=0.00, real=0.03 secs] 
2016-09-24T00:18:46.443-0400: 93.682: [GC (GCLocker Initiated GC) [PSYoungGen: 137340K->79295K(175104K)] 412164K->354206K(699392K), 0.0203228 secs] [Times: user=0.24 sys=0.00, real=0.02 secs] 
2016-09-24T00:18:46.574-0400: 93.813: [GC (GCLocker Initiated GC) [PSYoungGen: 167359K->43005K(175104K)] 442318K->342392K(699392K), 0.0159184 secs] [Times: user=0.16 sys=0.00, real=0.02 secs] 
2016-09-24T00:18:46.689-0400: 93.929: [GC (GCLocker Initiated GC) [PSYoungGen: 131069K->49475K(175104K)] 436735K->391711K(699392K), 0.0102358 secs] [Times: user=0.07 sys=0.00, real=0.01 secs] 
2016-09-24T00:18:46.815-0400: 94.054: [GC (GCLocker Initiated GC) [PSYoungGen: 137539K->79811K(175104K)] 486127K->446907K(699392K), 0.0116396 secs] [Times: user=0.13 sys=0.01, real=0.01 secs] 
2016-09-24T00:18:46.938-0400: 94.178: [GC (GCLocker Initiated GC) [PSYoungGen: 167875K->67665K(175104K)] 541098K->459240K(699392K), 0.0116024 secs] [Times: user=0.12 sys=0.01, real=0.01 secs] 
2016-09-24T00:18:47.046-0400: 94.286: [GC (GCLocker Initiated GC) [PSYoungGen: 155729K->85790K(175104K)] 547576K->556756K(699392K), 0.0118365 secs] [Times: user=0.14 sys=0.00, real=0.01 secs] 
2016-09-24T00:18:47.058-0400: 94.298: [Full GC (Ergonomics) [PSYoungGen: 85790K->0K(175104K)] [ParOldGen: 470966K->52906K(524288K)] 556756K->52906K(699392K), [Metaspace: 44372K->44372K(1087488K)], 0.0570044 secs] [Times: user=0.34 sys=0.01, real=0.06 secs] 
2016-09-24T00:18:47.232-0400: 94.472: [GC (Allocation Failure) [PSYoungGen: 88064K->85986K(175104K)] 153268K->151190K(699392K), 0.0371182 secs] [Times: user=0.34 sys=0.00, real=0.04 secs] 
2016-09-24T00:18:47.375-0400: 94.615: [GC (GCLocker Initiated GC) [PSYoungGen: 174050K->61198K(175104K)] 239260K->206119K(699392K), 0.0117670 secs] [Times: user=0.13 sys=0.01, real=0.01 secs] 
2016-09-24T00:18:47.491-0400: 94.730: [GC (GCLocker Initiated GC) [PSYoungGen: 149262K->18805K(175104K)] 300311K->230715K(699392K), 0.0147062 secs] [Times: user=0.14 sys=0.00, real=0.02 secs] 
2016-09-24T00:18:47.652-0400: 94.891: [GC (GCLocker Initiated GC) [PSYoungGen: 106869K->67861K(175104K)] 331038K->310399K(699392K), 0.0147630 secs] [Times: user=0.16 sys=0.00, real=0.02 secs] 
2016-09-24T00:18:47.804-0400: 95.043: [GC (GCLocker Initiated GC) [PSYoungGen: 155925K->55059K(175104K)] 404540K->316459K(699392K), 0.0199158 secs] [Times: user=0.18 sys=0.00, real=0.02 secs] 
2016-09-24T00:18:47.920-0400: 95.159: [GC (GCLocker Initiated GC) [PSYoungGen: 143123K->85822K(175104K)] 404890K->365933K(699392K), 0.0299241 secs] [Times: user=0.38 sys=0.00, real=0.03 secs] 
2016-09-24T00:18:48.069-0400: 95.308: [GC (GCLocker Initiated GC) [PSYoungGen: 173886K->79747K(175104K)] 460176K->402786K(699392K), 0.0104366 secs] [Times: user=0.11 sys=0.00, real=0.01 secs] 
2016-09-24T00:18:48.167-0400: 95.406: [GC (GCLocker Initiated GC) [PSYoungGen: 167811K->79715K(175104K)] 491228K->470265K(699392K), 0.0242747 secs] [Times: user=0.29 sys=0.01, real=0.02 secs] 
2016-09-24T00:18:48.341-0400: 95.580: [GC (GCLocker Initiated GC) [PSYoungGen: 167779K->25043K(175104K)] 570694K->482893K(699392K), 0.0174619 secs] [Times: user=0.14 sys=0.00, real=0.02 secs] 
2016-09-24T00:18:48.359-0400: 95.598: [Full GC (Ergonomics) [PSYoungGen: 25043K->0K(175104K)] [ParOldGen: 457849K->52681K(524288K)] 482893K->52681K(699392K), [Metaspace: 44374K->44374K(1087488K)], 0.0551736 secs] [Times: user=0.28 sys=0.01, real=0.05 secs] 
2016-09-24T00:18:48.501-0400: 95.741: [GC (GCLocker Initiated GC) [PSYoungGen: 88064K->86078K(175104K)] 146902K->181366K(699392K), 0.0245267 secs] [Times: user=0.29 sys=0.00, real=0.03 secs] 
2016-09-24T00:18:48.651-0400: 95.891: [GC (GCLocker Initiated GC) [PSYoungGen: 174142K->31378K(175104K)] 269584K->188102K(699392K), 0.0090143 secs] [Times: user=0.09 sys=0.00, real=0.01 secs] 
2016-09-24T00:18:48.740-0400: 95.979: [GC (GCLocker Initiated GC) [PSYoungGen: 119442K->86150K(175104K)] 276382K->285906K(699392K), 0.0127947 secs] [Times: user=0.19 sys=0.00, real=0.01 secs] 
2016-09-24T00:18:48.875-0400: 96.115: [GC (GCLocker Initiated GC) [PSYoungGen: 174214K->55807K(175104K)] 386284K->304658K(699392K), 0.0100313 secs] [Times: user=0.11 sys=0.00, real=0.01 secs] 
2016-09-24T00:18:49.009-0400: 96.249: [GC (GCLocker Initiated GC) [PSYoungGen: 143871K->73708K(175104K)] 392892K->323005K(699392K), 0.0126500 secs] [Times: user=0.12 sys=0.01, real=0.02 secs] 
2016-09-24T00:18:49.139-0400: 96.378: [GC (GCLocker Initiated GC) [PSYoungGen: 161772K->42977K(175104K)] 411346K->311027K(699392K), 0.0158134 secs] [Times: user=0.14 sys=0.00, real=0.02 secs] 
2016-09-24T00:18:49.274-0400: 96.514: [GC (GCLocker Initiated GC) [PSYoungGen: 131041K->73576K(175104K)] 399256K->366179K(699392K), 0.0160812 secs] [Times: user=0.16 sys=0.00, real=0.01 secs] 
2016-09-24T00:18:49.405-0400: 96.645: [GC (GCLocker Initiated GC) [PSYoungGen: 161640K->31218K(175104K)] 460471K->366603K(699392K), 0.0204862 secs] [Times: user=0.20 sys=0.00, real=0.02 secs] 
2016-09-24T00:18:49.530-0400: 96.769: [GC (GCLocker Initiated GC) [PSYoungGen: 119282K->67665K(175104K)] 454726K->421781K(699392K), 0.0260564 secs] [Times: user=0.26 sys=0.00, real=0.03 secs] 
2016-09-24T00:18:49.654-0400: 96.893: [GC (GCLocker Initiated GC) [PSYoungGen: 155729K->67597K(175104K)] 509999K->489351K(699392K), 0.0127124 secs] [Times: user=0.20 sys=0.00, real=0.02 secs] 
2016-09-24T00:18:49.772-0400: 97.012: [GC (Allocation Failure) [PSYoungGen: 155661K->36934K(175104K)] 577434K->495245K(699392K), 0.0082245 secs] [Times: user=0.06 sys=0.00, real=0.01 secs] 
2016-09-24T00:18:49.781-0400: 97.020: [Full GC (Ergonomics) [PSYoungGen: 36934K->0K(175104K)] [ParOldGen: 458310K->46711K(524288K)] 495245K->46711K(699392K), [Metaspace: 44375K->44375K(1087488K)], 0.0533920 secs] [Times: user=0.40 sys=0.01, real=0.05 secs] 
2016-09-24T00:18:49.929-0400: 97.168: [GC (GCLocker Initiated GC) [PSYoungGen: 82258K->80007K(175104K)] 135045K->132793K(699392K), 0.0078609 secs] [Times: user=0.07 sys=0.00, real=0.01 secs] 
2016-09-24T00:18:50.047-0400: 97.286: [GC (GCLocker Initiated GC) [PSYoungGen: 168071K->55351K(175104K)] 226985K->151590K(699392K), 0.0124110 secs] [Times: user=0.14 sys=0.00, real=0.01 secs] 
2016-09-24T00:18:50.208-0400: 97.447: [GC (GCLocker Initiated GC) [PSYoungGen: 143415K->37322K(175104K)] 258021K->152187K(699392K), 0.0121441 secs] [Times: user=0.17 sys=0.00, real=0.01 secs] 
2016-09-24T00:18:50.334-0400: 97.573: [GC (GCLocker Initiated GC) [PSYoungGen: 125386K->55906K(175104K)] 246341K->177317K(699392K), 0.0066658 secs] [Times: user=0.05 sys=0.00, real=0.01 secs] 
2016-09-24T00:18:50.450-0400: 97.690: [GC (GCLocker Initiated GC) [PSYoungGen: 143970K->67437K(175104K)] 265406K->219358K(699392K), 0.0100029 secs] [Times: user=0.10 sys=0.00, real=0.01 secs] 
2016-09-24T00:18:50.591-0400: 97.831: [GC (GCLocker Initiated GC) [PSYoungGen: 155501K->85694K(175104K)] 307526K->298597K(699392K), 0.0159486 secs] [Times: user=0.22 sys=0.00, real=0.02 secs] 
2016-09-24T00:18:50.712-0400: 97.951: [GC (GCLocker Initiated GC) [PSYoungGen: 173758K->85954K(175104K)] 392794K->372139K(699392K), 0.0167519 secs] [Times: user=0.25 sys=0.00, real=0.02 secs] 
2016-09-24T00:18:50.848-0400: 98.088: [GC (GCLocker Initiated GC) [PSYoungGen: 174018K->55091K(175104K)] 460496K->366121K(699392K), 0.0186744 secs] [Times: user=0.18 sys=0.00, real=0.02 secs] 
2016-09-24T00:18:50.975-0400: 98.215: [GC (GCLocker Initiated GC) [PSYoungGen: 143155K->73740K(175104K)] 454490K->385203K(699392K), 0.0102373 secs] [Times: user=0.14 sys=0.00, real=0.01 secs] 
2016-09-24T00:18:51.106-0400: 98.346: [GC (Allocation Failure) [PSYoungGen: 161804K->55187K(175104K)] 479557K->391644K(699392K), 0.0081660 secs] [Times: user=0.11 sys=0.00, real=0.01 secs] 
2016-09-24T00:18:51.236-0400: 98.475: [GC (GCLocker Initiated GC) [PSYoungGen: 142541K->61494K(175104K)] 485073K->428413K(699392K), 0.0120071 secs] [Times: user=0.11 sys=0.00, real=0.01 secs] 
2016-09-24T00:18:51.345-0400: 98.584: [GC (Allocation Failure) [PSYoungGen: 149558K->73512K(175104K)] 516782K->453146K(699392K), 0.0115752 secs] [Times: user=0.07 sys=0.00, real=0.01 secs] 
2016-09-24T00:18:51.474-0400: 98.713: [GC (GCLocker Initiated GC) [PSYoungGen: 161576K->49280K(175104K)] 541211K->465632K(699392K), 0.0158358 secs] [Times: user=0.15 sys=0.01, real=0.02 secs] 
2016-09-24T00:18:51.604-0400: 98.843: [GC (GCLocker Initiated GC) [PSYoungGen: 137344K->73608K(175104K)] 553862K->508823K(699392K), 0.0172918 secs] [Times: user=0.21 sys=0.00, real=0.01 secs] 
2016-09-24T00:18:51.733-0400: 98.972: [GC (GCLocker Initiated GC) [PSYoungGen: 161672K->61622K(175104K)] 597147K->557966K(699392K), 0.0115067 secs] [Times: user=0.10 sys=0.00, real=0.02 secs] 
2016-09-24T00:18:51.745-0400: 98.984: [Full GC (Ergonomics) [PSYoungGen: 61622K->0K(175104K)] [ParOldGen: 496344K->53056K(524288K)] 557966K->53056K(699392K), [Metaspace: 44375K->44375K(1087488K)], 0.0549742 secs] [Times: user=0.28 sys=0.02, real=0.05 secs] 
2016-09-24T00:18:51.882-0400: 99.121: [GC (GCLocker Initiated GC) [PSYoungGen: 88064K->86078K(175104K)] 147383K->151472K(699392K), 0.0093165 secs] [Times: user=0.12 sys=0.00, real=0.01 secs] 
2016-09-24T00:18:52.010-0400: 99.249: [GC (GCLocker Initiated GC) [PSYoungGen: 174142K->43333K(175104K)] 252030K->158211K(699392K), 0.0215376 secs] [Times: user=0.28 sys=0.00, real=0.02 secs] 
2016-09-24T00:18:52.164-0400: 99.403: [GC (GCLocker Initiated GC) [PSYoungGen: 131397K->37030K(175104K)] 252408K->158628K(699392K), 0.0058155 secs] [Times: user=0.05 sys=0.00, real=0.00 secs] 
2016-09-24T00:18:52.287-0400: 99.526: [GC (GCLocker Initiated GC) [PSYoungGen: 125094K->79619K(175104K)] 258903K->231936K(699392K), 0.0224069 secs] [Times: user=0.24 sys=0.00, real=0.02 secs] 
2016-09-24T00:18:52.436-0400: 99.675: [GC (GCLocker Initiated GC) [PSYoungGen: 167683K->61654K(175104K)] 326168K->262947K(699392K), 0.0258723 secs] [Times: user=0.28 sys=0.00, real=0.02 secs] 
2016-09-24T00:18:52.575-0400: 99.814: [GC (Allocation Failure) [PSYoungGen: 149718K->55091K(175104K)] 351293K->262977K(699392K), 0.0296874 secs] [Times: user=0.32 sys=0.00, real=0.03 secs] 
2016-09-24T00:18:52.709-0400: 99.948: [GC (GCLocker Initiated GC) [PSYoungGen: 139751K->55287K(175104K)] 353712K->311893K(699392K), 0.0261967 secs] [Times: user=0.29 sys=0.00, real=0.03 secs] 
2016-09-24T00:18:52.857-0400: 100.096: [GC (GCLocker Initiated GC) [PSYoungGen: 143351K->86086K(175104K)] 400234K->349359K(699392K), 0.0182683 secs] [Times: user=0.25 sys=0.00, real=0.02 secs] 
2016-09-24T00:18:53.010-0400: 100.250: [GC (Allocation Failure) [PSYoungGen: 174150K->55187K(175104K)] 437819K->337512K(699392K), 0.0117551 secs] [Times: user=0.16 sys=0.00, real=0.02 secs] 
2016-09-24T00:18:53.115-0400: 100.354: [GC (GCLocker Initiated GC) [PSYoungGen: 143251K->79715K(175104K)] 425582K->362174K(699392K), 0.0101163 secs] [Times: user=0.10 sys=0.00, real=0.01 secs] 
2016-09-24T00:18:53.274-0400: 100.514: [GC (Allocation Failure) [PSYoungGen: 167779K->73608K(175104K)] 450419K->392997K(699392K), 0.0137181 secs] [Times: user=0.17 sys=0.00, real=0.01 secs] 
2016-09-24T00:18:53.425-0400: 100.664: [GC (GCLocker Initiated GC) [PSYoungGen: 157088K->73444K(175104K)] 482553K->399208K(699392K), 0.0096927 secs] [Times: user=0.12 sys=0.01, real=0.01 secs] 
2016-09-24T00:18:53.557-0400: 100.796: [GC (GCLocker Initiated GC) [PSYoungGen: 161508K->85630K(175104K)] 493445K->417694K(699392K), 0.0188145 secs] [Times: user=0.21 sys=0.01, real=0.02 secs] 
2016-09-24T00:18:53.675-0400: 100.914: [GC (GCLocker Initiated GC) [PSYoungGen: 173694K->55319K(175104K)] 512098K->448682K(699392K), 0.0106437 secs] [Times: user=0.08 sys=0.00, real=0.01 secs] 
2016-09-24T00:18:53.813-0400: 101.052: [GC (GCLocker Initiated GC) [PSYoungGen: 143383K->49511K(175104K)] 549246K->455462K(699392K), 0.0188092 secs] [Times: user=0.14 sys=0.01, real=0.02 secs] 
2016-09-24T00:18:53.922-0400: 101.162: [GC (GCLocker Initiated GC) [PSYoungGen: 137575K->73412K(175104K)] 543624K->510611K(699392K), 0.0212423 secs] [Times: user=0.22 sys=0.00, real=0.02 secs] 
2016-09-24T00:18:54.044-0400: 101.284: [GC (GCLocker Initiated GC) [PSYoungGen: 161476K->67864K(175104K)] 604939K->553956K(699392K), 0.0108660 secs] [Times: user=0.09 sys=0.01, real=0.01 secs] 
2016-09-24T00:18:54.055-0400: 101.295: [Full GC (Ergonomics) [PSYoungGen: 67864K->0K(175104K)] [ParOldGen: 486091K->53111K(524288K)] 553956K->53111K(699392K), [Metaspace: 44380K->44380K(1087488K)], 0.0559561 secs] [Times: user=0.33 sys=0.00, real=0.05 secs] 
2016-09-24T00:18:54.215-0400: 101.455: [GC (Allocation Failure) [PSYoungGen: 88064K->86014K(175104K)] 141323K->169648K(699392K), 0.0121608 secs] [Times: user=0.15 sys=0.00, real=0.01 secs] 
2016-09-24T00:18:54.370-0400: 101.609: [GC (GCLocker Initiated GC) [PSYoungGen: 174078K->43233K(175104K)] 257718K->206420K(699392K), 0.0121694 secs] [Times: user=0.14 sys=0.01, real=0.02 secs] 
2016-09-24T00:18:54.488-0400: 101.728: [GC (GCLocker Initiated GC) [PSYoungGen: 131297K->85858K(175104K)] 300589K->255418K(699392K), 0.0159776 secs] [Times: user=0.18 sys=0.00, real=0.02 secs] 
2016-09-24T00:18:54.636-0400: 101.876: [GC (GCLocker Initiated GC) [PSYoungGen: 173922K->55191K(175104K)] 343793K->267862K(699392K), 0.0217544 secs] [Times: user=0.20 sys=0.00, real=0.02 secs] 
2016-09-24T00:18:54.757-0400: 101.996: [GC (GCLocker Initiated GC) [PSYoungGen: 143255K->79751K(175104K)] 356175K->323322K(699392K), 0.0326848 secs] [Times: user=0.34 sys=0.00, real=0.03 secs] 
2016-09-24T00:18:54.905-0400: 102.145: [GC (GCLocker Initiated GC) [PSYoungGen: 167815K->61426K(175104K)] 411428K->360013K(699392K), 0.0419278 secs] [Times: user=0.47 sys=0.01, real=0.04 secs] 
2016-09-24T00:18:55.060-0400: 102.299: [GC (GCLocker Initiated GC) [PSYoungGen: 149490K->73672K(175104K)] 448427K->439734K(699392K), 0.0135984 secs] [Times: user=0.18 sys=0.00, real=0.01 secs] 
2016-09-24T00:18:55.214-0400: 102.454: [GC (Allocation Failure) [PSYoungGen: 161736K->61266K(175104K)] 534161K->433958K(699392K), 0.0075139 secs] [Times: user=0.07 sys=0.00, real=0.00 secs] 
2016-09-24T00:18:55.312-0400: 102.551: [GC (GCLocker Initiated GC) [PSYoungGen: 149330K->67405K(175104K)] 522028K->458603K(699392K), 0.0349597 secs] [Times: user=0.36 sys=0.00, real=0.04 secs] 
2016-09-24T00:18:55.470-0400: 102.709: [GC (GCLocker Initiated GC) [PSYoungGen: 155469K->55483K(175104K)] 552790K->507606K(699392K), 0.0214036 secs] [Times: user=0.24 sys=0.01, real=0.02 secs] 
2016-09-24T00:18:55.491-0400: 102.731: [Full GC (Ergonomics) [PSYoungGen: 55483K->0K(175104K)] [ParOldGen: 452123K->53105K(524288K)] 507606K->53105K(699392K), [Metaspace: 44380K->44380K(1087488K)], 0.0506233 secs] [Times: user=0.29 sys=0.00, real=0.05 secs] 
2016-09-24T00:18:55.659-0400: 102.898: [GC (GCLocker Initiated GC) [PSYoungGen: 88064K->86310K(175104K)] 147549K->170095K(699392K), 0.0094326 secs] [Times: user=0.11 sys=0.00, real=0.01 secs] 
2016-09-24T00:18:55.778-0400: 103.018: [GC (Allocation Failure) [PSYoungGen: 174374K->24944K(175104K)] 270501K->188600K(699392K), 0.0143368 secs] [Times: user=0.16 sys=0.00, real=0.01 secs] 
2016-09-24T00:18:55.893-0400: 103.133: [GC (GCLocker Initiated GC) [PSYoungGen: 113008K->73608K(175104K)] 276669K->237389K(699392K), 0.0084318 secs] [Times: user=0.08 sys=0.01, real=0.01 secs] 
2016-09-24T00:18:56.019-0400: 103.258: [GC (GCLocker Initiated GC) [PSYoungGen: 161672K->55551K(175104K)] 325457K->237828K(699392K), 0.0214289 secs] [Times: user=0.17 sys=0.00, real=0.02 secs] 
2016-09-24T00:18:56.172-0400: 103.411: [GC (Allocation Failure) [PSYoungGen: 143615K->37062K(175104K)] 332255K->226133K(699392K), 0.0328128 secs] [Times: user=0.38 sys=0.00, real=0.04 secs] 
2016-09-24T00:18:56.319-0400: 103.558: [GC (GCLocker Initiated GC) [PSYoungGen: 125126K->73480K(175104K)] 314203K->262801K(699392K), 0.0112131 secs] [Times: user=0.09 sys=0.00, real=0.01 secs] 
2016-09-24T00:18:56.445-0400: 103.684: [GC (GCLocker Initiated GC) [PSYoungGen: 161544K->49244K(175104K)] 357135K->299605K(699392K), 0.0230576 secs] [Times: user=0.23 sys=0.00, real=0.02 secs] 
2016-09-24T00:18:56.590-0400: 103.829: [GC (GCLocker Initiated GC) [PSYoungGen: 137308K->55387K(175104K)] 387828K->306026K(699392K), 0.0060989 secs] [Times: user=0.06 sys=0.00, real=0.01 secs] 
2016-09-24T00:18:56.703-0400: 103.942: [GC (GCLocker Initiated GC) [PSYoungGen: 143451K->85954K(175104K)] 394457K->349558K(699392K), 0.0221961 secs] [Times: user=0.21 sys=0.00, real=0.02 secs] 
2016-09-24T00:18:56.871-0400: 104.110: [GC (GCLocker Initiated GC) [PSYoungGen: 174018K->24816K(175104K)] 443739K->349315K(699392K), 0.0302203 secs] [Times: user=0.30 sys=0.00, real=0.03 secs] 
2016-09-24T00:18:57.003-0400: 104.243: [GC (GCLocker Initiated GC) [PSYoungGen: 112880K->85858K(175104K)] 437550K->435111K(699392K), 0.0132139 secs] [Times: user=0.14 sys=0.00, real=0.01 secs] 
2016-09-24T00:18:57.109-0400: 104.349: [GC (GCLocker Initiated GC) [PSYoungGen: 173922K->85922K(175104K)] 523346K->496732K(699392K), 0.0167929 secs] [Times: user=0.18 sys=0.01, real=0.02 secs] 
2016-09-24T00:18:57.234-0400: 104.473: [GC (Allocation Failure) [PSYoungGen: 173986K->67373K(175104K)] 585011K->539416K(699392K), 0.0343532 secs] [Times: user=0.44 sys=0.00, real=0.04 secs] 
2016-09-24T00:18:57.268-0400: 104.507: [Full GC (Ergonomics) [PSYoungGen: 67373K->0K(175104K)] [ParOldGen: 472043K->52068K(524288K)] 539416K->52068K(699392K), [Metaspace: 44387K->44387K(1087488K)], 0.0767732 secs] [Times: user=0.60 sys=0.01, real=0.08 secs] 
2016-09-24T00:18:57.448-0400: 104.687: [GC (GCLocker Initiated GC) [PSYoungGen: 88064K->86210K(175104K)] 140139K->156510K(699392K), 0.0152824 secs] [Times: user=0.16 sys=0.00, real=0.02 secs] 
2016-09-24T00:18:57.556-0400: 104.796: [GC (GCLocker Initiated GC) [PSYoungGen: 174274K->73936K(175104K)] 244578K->217883K(699392K), 0.0121964 secs] [Times: user=0.16 sys=0.00, real=0.01 secs] 
2016-09-24T00:18:57.661-0400: 104.901: [GC (GCLocker Initiated GC) [PSYoungGen: 162000K->79455K(175104K)] 306185K->242157K(699392K), 0.0120352 secs] [Times: user=0.13 sys=0.01, real=0.01 secs] 
2016-09-24T00:18:57.812-0400: 105.051: [GC (Allocation Failure) [PSYoungGen: 167519K->73936K(175104K)] 336646K->285707K(699392K), 0.0318017 secs] [Times: user=0.38 sys=0.00, real=0.04 secs] 
2016-09-24T00:18:57.955-0400: 105.194: [GC (GCLocker Initiated GC) [PSYoungGen: 162000K->73672K(175104K)] 373772K->340622K(699392K), 0.0138328 secs] [Times: user=0.22 sys=0.00, real=0.01 secs] 
2016-09-24T00:18:58.067-0400: 105.306: [GC (GCLocker Initiated GC) [PSYoungGen: 161736K->85822K(175104K)] 429165K->377694K(699392K), 0.0118581 secs] [Times: user=0.18 sys=0.00, real=0.01 secs] 
2016-09-24T00:18:58.218-0400: 105.457: [GC (GCLocker Initiated GC) [PSYoungGen: 173886K->55315K(175104K)] 478168K->414612K(699392K), 0.0125929 secs] [Times: user=0.16 sys=0.00, real=0.01 secs] 
2016-09-24T00:18:58.337-0400: 105.576: [GC (GCLocker Initiated GC) [PSYoungGen: 143379K->85694K(175104K)] 502819K->451337K(699392K), 0.0305534 secs] [Times: user=0.34 sys=0.00, real=0.03 secs] 
2016-09-24T00:18:58.500-0400: 105.739: [GC (GCLocker Initiated GC) [PSYoungGen: 173758K->48952K(175104K)] 539471K->469583K(699392K), 0.0208757 secs] [Times: user=0.18 sys=0.01, real=0.02 secs] 
2016-09-24T00:18:58.613-0400: 105.853: [GC (GCLocker Initiated GC) [PSYoungGen: 137016K->79915K(175104K)] 557767K->537267K(699392K), 0.0166478 secs] [Times: user=0.17 sys=0.00, real=0.02 secs] 
2016-09-24T00:18:58.630-0400: 105.869: [Full GC (Ergonomics) [PSYoungGen: 79915K->0K(175104K)] [ParOldGen: 457352K->52468K(524288K)] 537267K->52468K(699392K), [Metaspace: 44387K->44387K(1087488K)], 0.0581225 secs] [Times: user=0.33 sys=0.01, real=0.06 secs] 
2016-09-24T00:18:58.837-0400: 106.077: [GC (GCLocker Initiated GC) [PSYoungGen: 88064K->85918K(175104K)] 140589K->144519K(699392K), 0.0177585 secs] [Times: user=0.19 sys=0.00, real=0.02 secs] 
2016-09-24T00:18:59.004-0400: 106.244: [GC (GCLocker Initiated GC) [PSYoungGen: 173982K->24784K(175104K)] 251152K->144986K(699392K), 0.0153199 secs] [Times: user=0.14 sys=0.00, real=0.01 secs] 
2016-09-24T00:18:59.148-0400: 106.388: [GC (GCLocker Initiated GC) [PSYoungGen: 112848K->55319K(175104K)] 239324K->200139K(699392K), 0.0098683 secs] [Times: user=0.08 sys=0.00, real=0.01 secs] 
2016-09-24T00:18:59.300-0400: 106.539: [GC (GCLocker Initiated GC) [PSYoungGen: 143383K->49080K(175104K)] 294282K->218307K(699392K), 0.0112515 secs] [Times: user=0.12 sys=0.00, real=0.01 secs] 
2016-09-24T00:18:59.455-0400: 106.694: [GC (GCLocker Initiated GC) [PSYoungGen: 137144K->85658K(175104K)] 312493K->279336K(699392K), 0.0129355 secs] [Times: user=0.16 sys=0.00, real=0.01 secs] 
2016-09-24T00:18:59.610-0400: 106.850: [GC (GCLocker Initiated GC) [PSYoungGen: 173722K->61298K(175104K)] 379581K->285510K(699392K), 0.0250085 secs] [Times: user=0.23 sys=0.00, real=0.03 secs] 
2016-09-24T00:18:59.731-0400: 106.971: [GC (Allocation Failure) [PSYoungGen: 149362K->73448K(175104K)] 373935K->328655K(699392K), 0.0360369 secs] [Times: user=0.31 sys=0.00, real=0.04 secs] 
2016-09-24T00:18:59.768-0400: 107.007: [GC (GCLocker Initiated GC) [PSYoungGen: 73463K->32K(175104K)] 328671K->352813K(699392K), 0.0193832 secs] [Times: user=0.19 sys=0.01, real=0.02 secs] 
2016-09-24T00:18:59.878-0400: 107.117: [GC (GCLocker Initiated GC) [PSYoungGen: 83805K->86730K(175104K)] 442661K->451661K(699392K), 0.0130164 secs] [Times: user=0.15 sys=0.00, real=0.01 secs] 
2016-09-24T00:18:59.988-0400: 107.227: [GC (Allocation Failure) [PSYoungGen: 174794K->85726K(175104K)] 545938K->494795K(699392K), 0.0125654 secs] [Times: user=0.20 sys=0.00, real=0.01 secs] 
2016-09-24T00:19:00.115-0400: 107.354: [GC (GCLocker Initiated GC) [PSYoungGen: 173719K->30795K(175104K)] 582952K->488724K(699392K), 0.0095477 secs] [Times: user=0.06 sys=0.01, real=0.01 secs] 
2016-09-24T00:19:00.125-0400: 107.364: [Full GC (Ergonomics) [PSYoungGen: 30795K->0K(175104K)] [ParOldGen: 457929K->46237K(524288K)] 488724K->46237K(699392K), [Metaspace: 44388K->44388K(1087488K)], 0.0511267 secs] [Times: user=0.28 sys=0.01, real=0.05 secs] 
2016-09-24T00:19:00.295-0400: 107.534: [GC (GCLocker Initiated GC) [PSYoungGen: 88064K->55383K(175104K)] 146761K->114080K(699392K), 0.0064657 secs] [Times: user=0.07 sys=0.00, real=0.00 secs] 
2016-09-24T00:19:00.444-0400: 107.683: [GC (Allocation Failure) [PSYoungGen: 143447K->67565K(175104K)] 208305K->150760K(699392K), 0.0360659 secs] [Times: user=0.43 sys=0.00, real=0.03 secs] 
2016-09-24T00:19:00.588-0400: 107.827: [GC (GCLocker Initiated GC) [PSYoungGen: 155629K->49376K(175104K)] 238825K->169313K(699392K), 0.0254195 secs] [Times: user=0.31 sys=0.00, real=0.02 secs] 
2016-09-24T00:19:00.742-0400: 107.981: [GC (GCLocker Initiated GC) [PSYoungGen: 137440K->24752K(175104K)] 257380K->163184K(699392K), 0.0254136 secs] [Times: user=0.21 sys=0.01, real=0.03 secs] 
2016-09-24T00:19:00.890-0400: 108.130: [GC (GCLocker Initiated GC) [PSYoungGen: 112816K->73576K(175104K)] 257521K->218557K(699392K), 0.0296431 secs] [Times: user=0.32 sys=0.01, real=0.03 secs] 
2016-09-24T00:19:01.058-0400: 108.297: [GC (GCLocker Initiated GC) [PSYoungGen: 161640K->55447K(175104K)] 312861K->225216K(699392K), 0.0090909 secs] [Times: user=0.10 sys=0.00, real=0.01 secs] 
2016-09-24T00:19:01.177-0400: 108.417: [GC (Allocation Failure) [PSYoungGen: 143511K->85530K(175104K)] 313378K->273938K(699392K), 0.0106466 secs] [Times: user=0.11 sys=0.02, real=0.01 secs] 
2016-09-24T00:19:01.341-0400: 108.581: [GC (GCLocker Initiated GC) [PSYoungGen: 173594K->61590K(175104K)] 362007K->298723K(699392K), 0.0138041 secs] [Times: user=0.13 sys=0.01, real=0.02 secs] 
2016-09-24T00:19:01.451-0400: 108.690: [GC (GCLocker Initiated GC) [PSYoungGen: 149654K->85594K(175104K)] 386835K->341275K(699392K), 0.0095462 secs] [Times: user=0.09 sys=0.00, real=0.01 secs] 
2016-09-24T00:19:01.576-0400: 108.816: [GC (GCLocker Initiated GC) [PSYoungGen: 173658K->85790K(175104K)] 429571K->408664K(699392K), 0.0163444 secs] [Times: user=0.22 sys=0.00, real=0.01 secs] 
2016-09-24T00:19:01.691-0400: 108.930: [GC (GCLocker Initiated GC) [PSYoungGen: 173854K->43073K(175104K)] 496792K->402721K(699392K), 0.0098384 secs] [Times: user=0.07 sys=0.01, real=0.01 secs] 
2016-09-24T00:19:01.820-0400: 109.059: [GC (GCLocker Initiated GC) [PSYoungGen: 131137K->67601K(175104K)] 490938K->457889K(699392K), 0.0104770 secs] [Times: user=0.08 sys=0.01, real=0.01 secs] 
2016-09-24T00:19:01.989-0400: 109.229: [GC (GCLocker Initiated GC) [PSYoungGen: 155665K->36998K(175104K)] 552086K->452099K(699392K), 0.0183458 secs] [Times: user=0.20 sys=0.00, real=0.02 secs] 
2016-09-24T00:19:02.153-0400: 109.392: [GC (GCLocker Initiated GC) [PSYoungGen: 125062K->36966K(175104K)] 558530K->470685K(699392K), 0.0067744 secs] [Times: user=0.04 sys=0.00, real=0.01 secs] 
2016-09-24T00:19:02.276-0400: 109.515: [GC (GCLocker Initiated GC) [PSYoungGen: 125030K->85662K(175104K)] 558914K->525725K(699392K), 0.0228935 secs] [Times: user=0.24 sys=0.00, real=0.02 secs] 
2016-09-24T00:19:02.439-0400: 109.678: [GC (GCLocker Initiated GC) [PSYoungGen: 173726K->55711K(175104K)] 619989K->544611K(699392K), 0.0106210 secs] [Times: user=0.11 sys=0.00, real=0.01 secs] 
2016-09-24T00:19:02.450-0400: 109.689: [Full GC (Ergonomics) [PSYoungGen: 55711K->0K(175104K)] [ParOldGen: 488900K->52609K(524288K)] 544611K->52609K(699392K), [Metaspace: 44389K->44389K(1087488K)], 0.0520713 secs] [Times: user=0.24 sys=0.00, real=0.05 secs] 
2016-09-24T00:19:02.595-0400: 109.835: [GC (GCLocker Initiated GC) [PSYoungGen: 88064K->85982K(175104K)] 141040K->169333K(699392K), 0.0165311 secs] [Times: user=0.18 sys=0.00, real=0.01 secs] 
2016-09-24T00:19:02.714-0400: 109.953: [GC (GCLocker Initiated GC) [PSYoungGen: 174046K->67565K(175104K)] 257613K->218677K(699392K), 0.0116702 secs] [Times: user=0.12 sys=0.01, real=0.02 secs] 
2016-09-24T00:19:02.850-0400: 110.090: [GC (GCLocker Initiated GC) [PSYoungGen: 155629K->55287K(175104K)] 306951K->243319K(699392K), 0.0291845 secs] [Times: user=0.27 sys=0.00, real=0.03 secs] 
2016-09-24T00:19:03.015-0400: 110.254: [GC (GCLocker Initiated GC) [PSYoungGen: 143351K->55223K(175104K)] 337932K->249891K(699392K), 0.0129932 secs] [Times: user=0.11 sys=0.00, real=0.01 secs] 
2016-09-24T00:19:03.185-0400: 110.425: [GC (GCLocker Initiated GC) [PSYoungGen: 143287K->37162K(175104K)] 350339K->262722K(699392K), 0.0228260 secs] [Times: user=0.22 sys=0.00, real=0.02 secs] 
2016-09-24T00:19:03.321-0400: 110.560: [GC (GCLocker Initiated GC) [PSYoungGen: 125226K->43205K(175104K)] 363152K->299459K(699392K), 0.0118806 secs] [Times: user=0.11 sys=0.00, real=0.01 secs] 
2016-09-24T00:19:03.470-0400: 110.709: [GC (Allocation Failure) [PSYoungGen: 131269K->73544K(175104K)] 387582K->330108K(699392K), 0.0099785 secs] [Times: user=0.11 sys=0.00, real=0.01 secs] 
2016-09-24T00:19:03.617-0400: 110.856: [GC (GCLocker Initiated GC) [PSYoungGen: 161220K->30990K(175104K)] 423860K->324093K(699392K), 0.0132248 secs] [Times: user=0.14 sys=0.00, real=0.01 secs] 
2016-09-24T00:19:03.747-0400: 110.987: [GC (Allocation Failure) [PSYoungGen: 119054K->18773K(175104K)] 425083K->325068K(699392K), 0.0084293 secs] [Times: user=0.09 sys=0.00, real=0.01 secs] 
2016-09-24T00:19:03.858-0400: 111.098: [GC (GCLocker Initiated GC) [PSYoungGen: 106837K->85690K(175104K)] 413138K->404252K(699392K), 0.0133172 secs] [Times: user=0.13 sys=0.00, real=0.01 secs] 
2016-09-24T00:19:04.003-0400: 111.242: [GC (GCLocker Initiated GC) [PSYoungGen: 173754K->85922K(175104K)] 504508K->428914K(699392K), 0.0168867 secs] [Times: user=0.16 sys=0.00, real=0.01 secs] 
2016-09-24T00:19:04.142-0400: 111.382: [GC (GCLocker Initiated GC) [PSYoungGen: 173986K->55191K(175104K)] 523111K->416890K(699392K), 0.0171229 secs] [Times: user=0.17 sys=0.00, real=0.01 secs] 
2016-09-24T00:19:04.266-0400: 111.505: [GC (GCLocker Initiated GC) [PSYoungGen: 143255K->61394K(175104K)] 511261K->460034K(699392K), 0.0130876 secs] [Times: user=0.11 sys=0.01, real=0.01 secs] 
2016-09-24T00:19:04.414-0400: 111.653: [GC (GCLocker Initiated GC) [PSYoungGen: 149458K->67341K(175104K)] 548102K->466244K(699392K), 0.0237286 secs] [Times: user=0.22 sys=0.00, real=0.03 secs] 
2016-09-24T00:19:04.561-0400: 111.801: [GC (GCLocker Initiated GC) [PSYoungGen: 155405K->49048K(175104K)] 554433K->448328K(699392K), 0.0264477 secs] [Times: user=0.24 sys=0.00, real=0.03 secs] 
2016-09-24T00:19:04.691-0400: 111.930: [GC (Allocation Failure) [PSYoungGen: 137112K->67341K(175104K)] 548779K->479096K(699392K), 0.0260316 secs] [Times: user=0.25 sys=0.00, real=0.03 secs] 
2016-09-24T00:19:04.845-0400: 112.085: [GC (GCLocker Initiated GC) [PSYoungGen: 155405K->49276K(175104K)] 567166K->509936K(699392K), 0.0135547 secs] [Times: user=0.14 sys=0.00, real=0.01 secs] 
2016-09-24T00:19:04.859-0400: 112.098: [Full GC (Ergonomics) [PSYoungGen: 49276K->0K(175104K)] [ParOldGen: 460660K->46645K(524288K)] 509936K->46645K(699392K), [Metaspace: 44402K->44402K(1087488K)], 0.0517650 secs] [Times: user=0.32 sys=0.00, real=0.05 secs] 
2016-09-24T00:19:05.037-0400: 112.276: [GC (GCLocker Initiated GC) [PSYoungGen: 88064K->86274K(175104K)] 134790K->157301K(699392K), 0.0118369 secs] [Times: user=0.17 sys=0.00, real=0.01 secs] 
2016-09-24T00:19:05.160-0400: 112.399: [GC (GCLocker Initiated GC) [PSYoungGen: 174338K->73804K(175104K)] 245432K->181951K(699392K), 0.0110782 secs] [Times: user=0.16 sys=0.00, real=0.01 secs] 
2016-09-24T00:19:05.305-0400: 112.544: [GC (GCLocker Initiated GC) [PSYoungGen: 161868K->73640K(175104K)] 276373K->206973K(699392K), 0.0092945 secs] [Times: user=0.09 sys=0.00, real=0.00 secs] 
2016-09-24T00:19:05.440-0400: 112.680: [GC (GCLocker Initiated GC) [PSYoungGen: 161704K->55483K(175104K)] 295046K->207341K(699392K), 0.0163923 secs] [Times: user=0.18 sys=0.00, real=0.02 secs] 
2016-09-24T00:19:05.562-0400: 112.801: [GC (GCLocker Initiated GC) [PSYoungGen: 143547K->85662K(175104K)] 301528K->243762K(699392K), 0.0190361 secs] [Times: user=0.20 sys=0.00, real=0.02 secs] 
2016-09-24T00:19:05.684-0400: 112.924: [GC (Allocation Failure) [PSYoungGen: 173726K->67405K(175104K)] 331896K->262316K(699392K), 0.0157851 secs] [Times: user=0.17 sys=0.00, real=0.01 secs] 
2016-09-24T00:19:05.826-0400: 113.065: [GC (GCLocker Initiated GC) [PSYoungGen: 154761K->42941K(175104K)] 355748K->286696K(699392K), 0.0151800 secs] [Times: user=0.13 sys=0.00, real=0.01 secs] 
2016-09-24T00:19:05.955-0400: 113.195: [GC (GCLocker Initiated GC) [PSYoungGen: 131005K->73708K(175104K)] 374864K->317702K(699392K), 0.0072273 secs] [Times: user=0.08 sys=0.00, real=0.01 secs] 
2016-09-24T00:19:06.109-0400: 113.348: [GC (GCLocker Initiated GC) [PSYoungGen: 161772K->55059K(175104K)] 411978K->323741K(699392K), 0.0088146 secs] [Times: user=0.08 sys=0.00, real=0.01 secs] 
2016-09-24T00:19:06.244-0400: 113.484: [GC (GCLocker Initiated GC) [PSYoungGen: 143123K->73380K(175104K)] 411847K->342208K(699392K), 0.0263355 secs] [Times: user=0.29 sys=0.01, real=0.02 secs] 
2016-09-24T00:19:06.389-0400: 113.628: [GC (Allocation Failure) [PSYoungGen: 161444K->73644K(175104K)] 430408K->360945K(699392K), 0.0093945 secs] [Times: user=0.08 sys=0.00, real=0.01 secs] 
2016-09-24T00:19:06.487-0400: 113.727: [GC (GCLocker Initiated GC) [PSYoungGen: 161543K->85694K(175104K)] 454919K->385420K(699392K), 0.0461573 secs] [Times: user=0.53 sys=0.00, real=0.04 secs] 
2016-09-24T00:19:06.672-0400: 113.911: [GC (GCLocker Initiated GC) [PSYoungGen: 173758K->49148K(175104K)] 479820K->373530K(699392K), 0.0472707 secs] [Times: user=0.49 sys=0.00, real=0.05 secs] 
2016-09-24T00:19:06.851-0400: 114.090: [GC (GCLocker Initiated GC) [PSYoungGen: 137212K->42877K(175104K)] 461674K->391899K(699392K), 0.0126757 secs] [Times: user=0.10 sys=0.00, real=0.02 secs] 
2016-09-24T00:19:06.998-0400: 114.238: [GC (GCLocker Initiated GC) [PSYoungGen: 130941K->55615K(175104K)] 492429K->435463K(699392K), 0.0210331 secs] [Times: user=0.25 sys=0.00, real=0.02 secs] 
2016-09-24T00:19:07.128-0400: 114.367: [GC (GCLocker Initiated GC) [PSYoungGen: 143679K->73936K(175104K)] 523737K->454465K(699392K), 0.0078633 secs] [Times: user=0.08 sys=0.01, real=0.01 secs] 
2016-09-24T00:19:07.256-0400: 114.495: [GC (GCLocker Initiated GC) [PSYoungGen: 162000K->61326K(175104K)] 542621K->478681K(699392K), 0.0123657 secs] [Times: user=0.14 sys=0.00, real=0.01 secs] 
2016-09-24T00:19:07.387-0400: 114.626: [GC (GCLocker Initiated GC) [PSYoungGen: 149390K->74000K(175104K)] 567040K->534310K(699392K), 0.0111323 secs] [Times: user=0.14 sys=0.00, real=0.01 secs] 
2016-09-24T00:19:07.504-0400: 114.743: [GC (GCLocker Initiated GC) [PSYoungGen: 162064K->55027K(175104K)] 622422K->546371K(699392K), 0.0162561 secs] [Times: user=0.18 sys=0.00, real=0.01 secs] 
2016-09-24T00:19:07.520-0400: 114.760: [Full GC (Ergonomics) [PSYoungGen: 55027K->0K(175104K)] [ParOldGen: 491344K->52409K(524288K)] 546371K->52409K(699392K), [Metaspace: 44403K->44403K(1087488K)], 0.0520094 secs] [Times: user=0.30 sys=0.00, real=0.05 secs] 
2016-09-24T00:19:07.677-0400: 114.917: [GC (Allocation Failure) [PSYoungGen: 88064K->86598K(175104K)] 140497K->151181K(699392K), 0.0096744 secs] [Times: user=0.13 sys=0.00, real=0.01 secs] 
2016-09-24T00:19:07.808-0400: 115.047: [GC (GCLocker Initiated GC) [PSYoungGen: 174662K->61134K(175104K)] 239251K->150967K(699392K), 0.0098446 secs] [Times: user=0.08 sys=0.00, real=0.01 secs] 
2016-09-24T00:19:07.915-0400: 115.155: [GC (GCLocker Initiated GC) [PSYoungGen: 149198K->85822K(175104K)] 239067K->212308K(699392K), 0.0117019 secs] [Times: user=0.16 sys=0.00, real=0.01 secs] 
2016-09-24T00:19:08.058-0400: 115.297: [GC (GCLocker Initiated GC) [PSYoungGen: 173886K->73444K(175104K)] 306495K->267095K(699392K), 0.0284044 secs] [Times: user=0.32 sys=0.00, real=0.03 secs] 
2016-09-24T00:19:08.202-0400: 115.441: [GC (GCLocker Initiated GC) [PSYoungGen: 161508K->73612K(175104K)] 355223K->316039K(699392K), 0.0244817 secs] [Times: user=0.24 sys=0.02, real=0.03 secs] 
2016-09-24T00:19:08.334-0400: 115.574: [GC (GCLocker Initiated GC) [PSYoungGen: 161676K->43169K(175104K)] 404385K->334754K(699392K), 0.0125378 secs] [Times: user=0.09 sys=0.01, real=0.01 secs] 
2016-09-24T00:19:08.471-0400: 115.711: [GC (GCLocker Initiated GC) [PSYoungGen: 131233K->55583K(175104K)] 423162K->396207K(699392K), 0.0296069 secs] [Times: user=0.32 sys=0.01, real=0.03 secs] 
2016-09-24T00:19:08.613-0400: 115.853: [GC (GCLocker Initiated GC) [PSYoungGen: 143647K->73612K(175104K)] 490624K->420857K(699392K), 0.0180111 secs] [Times: user=0.18 sys=0.00, real=0.02 secs] 
2016-09-24T00:19:08.758-0400: 115.997: [GC (GCLocker Initiated GC) [PSYoungGen: 161676K->61070K(175104K)] 509586K->427472K(699392K), 0.0365496 secs] [Times: user=0.39 sys=0.01, real=0.04 secs] 
2016-09-24T00:19:08.901-0400: 116.141: [GC (GCLocker Initiated GC) [PSYoungGen: 149134K->43233K(175104K)] 527834K->458487K(699392K), 0.0143055 secs] [Times: user=0.17 sys=0.00, real=0.02 secs] 
2016-09-24T00:19:09.044-0400: 116.283: [GC (GCLocker Initiated GC) [PSYoungGen: 131297K->73644K(175104K)] 552651K->525649K(699392K), 0.0118195 secs] [Times: user=0.11 sys=0.00, real=0.01 secs] 
2016-09-24T00:19:09.206-0400: 116.446: [Full GC (Ergonomics) [PSYoungGen: 161708K->0K(175104K)] [ParOldGen: 470574K->52839K(524288K)] 632282K->52839K(699392K), [Metaspace: 44406K->44406K(1087488K)], 0.0650378 secs] [Times: user=0.35 sys=0.01, real=0.06 secs] 
2016-09-24T00:19:09.382-0400: 116.621: [GC (GCLocker Initiated GC) [PSYoungGen: 88064K->79587K(175104K)] 141265K->132788K(699392K), 0.0096494 secs] [Times: user=0.09 sys=0.00, real=0.01 secs] 
2016-09-24T00:19:09.500-0400: 116.740: [GC (GCLocker Initiated GC) [PSYoungGen: 167651K->55383K(175104K)] 226939K->187855K(699392K), 0.0263744 secs] [Times: user=0.29 sys=0.00, real=0.03 secs] 
2016-09-24T00:19:09.641-0400: 116.881: [GC (GCLocker Initiated GC) [PSYoungGen: 143447K->85926K(175104K)] 275978K->224815K(699392K), 0.0104489 secs] [Times: user=0.09 sys=0.00, real=0.01 secs] 
2016-09-24T00:19:09.793-0400: 117.033: [GC (GCLocker Initiated GC) [PSYoungGen: 173990K->49144K(175104K)] 319008K->243217K(699392K), 0.0217117 secs] [Times: user=0.23 sys=0.00, real=0.03 secs] 
2016-09-24T00:19:09.926-0400: 117.165: [GC (GCLocker Initiated GC) [PSYoungGen: 137208K->49084K(175104K)] 337667K->292163K(699392K), 0.0240063 secs] [Times: user=0.23 sys=0.00, real=0.02 secs] 
2016-09-24T00:19:10.083-0400: 117.323: [GC (GCLocker Initiated GC) [PSYoungGen: 137148K->61102K(175104K)] 380397K->322828K(699392K), 0.0130073 secs] [Times: user=0.15 sys=0.00, real=0.01 secs] 
2016-09-24T00:19:10.214-0400: 117.453: [GC (Allocation Failure) [PSYoungGen: 149166K->85598K(175104K)] 411141K->347661K(699392K), 0.0220339 secs] [Times: user=0.19 sys=0.00, real=0.03 secs] 
2016-09-24T00:19:10.383-0400: 117.622: [GC (Allocation Failure) [PSYoungGen: 173662K->36834K(175104K)] 435725K->335622K(699392K), 0.0229426 secs] [Times: user=0.23 sys=0.00, real=0.02 secs] 
2016-09-24T00:19:10.516-0400: 117.755: [GC (GCLocker Initiated GC) [PSYoungGen: 124898K->73544K(175104K)] 423692K->372449K(699392K), 0.0138147 secs] [Times: user=0.14 sys=0.00, real=0.01 secs] 
2016-09-24T00:19:10.646-0400: 117.886: [GC (GCLocker Initiated GC) [PSYoungGen: 161608K->85854K(175104K)] 466659K->427662K(699392K), 0.0367666 secs] [Times: user=0.44 sys=0.01, real=0.04 secs] 
2016-09-24T00:19:10.833-0400: 118.073: [GC (GCLocker Initiated GC) [PSYoungGen: 173918K->85626K(175104K)] 515768K->476360K(699392K), 0.0154184 secs] [Times: user=0.16 sys=0.00, real=0.02 secs] 
2016-09-24T00:19:10.959-0400: 118.198: [GC (Allocation Failure) [PSYoungGen: 173690K->85594K(175104K)] 564561K->513058K(699392K), 0.0115761 secs] [Times: user=0.13 sys=0.00, real=0.01 secs] 
2016-09-24T00:19:11.076-0400: 118.315: [GC (GCLocker Initiated GC) [PSYoungGen: 169325K->73608K(175104K)] 602864K->543717K(699392K), 0.0270567 secs] [Times: user=0.34 sys=0.00, real=0.03 secs] 
2016-09-24T00:19:11.103-0400: 118.343: [Full GC (Ergonomics) [PSYoungGen: 73608K->0K(175104K)] [ParOldGen: 470109K->52900K(524288K)] 543717K->52900K(699392K), [Metaspace: 44406K->44406K(1087488K)], 0.0541036 secs] [Times: user=0.39 sys=0.01, real=0.05 secs] 
2016-09-24T00:19:11.262-0400: 118.502: [GC (GCLocker Initiated GC) [PSYoungGen: 88064K->86146K(175104K)] 147148K->145230K(699392K), 0.0094099 secs] [Times: user=0.10 sys=0.00, real=0.00 secs] 
2016-09-24T00:19:11.405-0400: 118.644: [GC (GCLocker Initiated GC) [PSYoungGen: 174210K->55223K(175104K)] 239412K->145262K(699392K), 0.0166910 secs] [Times: user=0.16 sys=0.00, real=0.01 secs] 
2016-09-24T00:19:11.556-0400: 118.795: [GC (GCLocker Initiated GC) [PSYoungGen: 143287K->61458K(175104K)] 233348K->182186K(699392K), 0.0165207 secs] [Times: user=0.16 sys=0.00, real=0.01 secs] 
2016-09-24T00:19:11.669-0400: 118.908: [GC (GCLocker Initiated GC) [PSYoungGen: 149522K->85890K(175104K)] 270359K->279926K(699392K), 0.0155965 secs] [Times: user=0.16 sys=0.00, real=0.02 secs] 
2016-09-24T00:19:11.823-0400: 119.062: [GC (GCLocker Initiated GC) [PSYoungGen: 173954K->55255K(175104K)] 368138K->292387K(699392K), 0.0238048 secs] [Times: user=0.24 sys=0.01, real=0.02 secs] 
2016-09-24T00:19:11.956-0400: 119.195: [GC (GCLocker Initiated GC) [PSYoungGen: 143319K->85694K(175104K)] 380494K->329228K(699392K), 0.0262472 secs] [Times: user=0.32 sys=0.00, real=0.03 secs] 
2016-09-24T00:19:12.094-0400: 119.333: [GC (GCLocker Initiated GC) [PSYoungGen: 173758K->37162K(175104K)] 423677K->329866K(699392K), 0.0164464 secs] [Times: user=0.17 sys=0.00, real=0.02 secs] 
2016-09-24T00:19:12.234-0400: 119.474: [GC (GCLocker Initiated GC) [PSYoungGen: 125226K->85726K(175104K)] 424086K->397004K(699392K), 0.0105767 secs] [Times: user=0.12 sys=0.00, real=0.01 secs] 
2016-09-24T00:19:12.367-0400: 119.606: [GC (GCLocker Initiated GC) [PSYoungGen: 173790K->37190K(175104K)] 485255K->409532K(699392K), 0.0137817 secs] [Times: user=0.16 sys=0.00, real=0.01 secs] 
2016-09-24T00:19:12.517-0400: 119.756: [GC (GCLocker Initiated GC) [PSYoungGen: 125254K->73444K(175104K)] 497773K->494847K(699392K), 0.0312463 secs] [Times: user=0.35 sys=0.01, real=0.03 secs] 
2016-09-24T00:19:12.660-0400: 119.899: [GC (GCLocker Initiated GC) [PSYoungGen: 161508K->61558K(175104K)] 583025K->525728K(699392K), 0.0094046 secs] [Times: user=0.10 sys=0.00, real=0.01 secs] 
2016-09-24T00:19:12.669-0400: 119.909: [Full GC (Ergonomics) [PSYoungGen: 61558K->0K(175104K)] [ParOldGen: 464169K->46664K(524288K)] 525728K->46664K(699392K), [Metaspace: 44408K->44408K(1087488K)], 0.0615416 secs] [Times: user=0.39 sys=0.01, real=0.06 secs] 
2016-09-24T00:19:12.880-0400: 120.119: [GC (GCLocker Initiated GC) [PSYoungGen: 88064K->86014K(175104K)] 140822K->150922K(699392K), 0.0096392 secs] [Times: user=0.10 sys=0.00, real=0.01 secs] 
2016-09-24T00:19:13.034-0400: 120.273: [GC (Allocation Failure) [PSYoungGen: 174078K->24944K(175104K)] 251452K->175905K(699392K), 0.0154663 secs] [Times: user=0.18 sys=0.00, real=0.02 secs] 
2016-09-24T00:19:13.169-0400: 120.409: [GC (GCLocker Initiated GC) [PSYoungGen: 107267K->55647K(175104K)] 264304K->212803K(699392K), 0.0132907 secs] [Times: user=0.17 sys=0.00, real=0.02 secs] 
2016-09-24T00:19:13.307-0400: 120.546: [GC (Allocation Failure) [PSYoungGen: 143711K->37290K(175104K)] 313361K->225300K(699392K), 0.0114588 secs] [Times: user=0.13 sys=0.00, real=0.01 secs] 
2016-09-24T00:19:13.425-0400: 120.664: [GC (GCLocker Initiated GC) [PSYoungGen: 122498K->74164K(175104K)] 316584K->268549K(699392K), 0.0080681 secs] [Times: user=0.10 sys=0.00, real=0.00 secs] 
2016-09-24T00:19:13.529-0400: 120.768: [GC (GCLocker Initiated GC) [PSYoungGen: 162228K->79491K(175104K)] 356643K->292399K(699392K), 0.0097895 secs] [Times: user=0.09 sys=0.00, real=0.01 secs] 
2016-09-24T00:19:13.664-0400: 120.904: [GC (Allocation Failure) [PSYoungGen: 167555K->85694K(175104K)] 380633K->378023K(699392K), 0.0190105 secs] [Times: user=0.21 sys=0.00, real=0.02 secs] 
2016-09-24T00:19:13.805-0400: 121.045: [GC (GCLocker Initiated GC) [PSYoungGen: 173758K->86018K(175104K)] 466093K->409043K(699392K), 0.0133613 secs] [Times: user=0.18 sys=0.00, real=0.01 secs] 
2016-09-24T00:19:13.952-0400: 121.191: [GC (GCLocker Initiated GC) [PSYoungGen: 174082K->61490K(175104K)] 503336K->427673K(699392K), 0.0101142 secs] [Times: user=0.16 sys=0.00, real=0.02 secs] 
2016-09-24T00:19:14.077-0400: 121.317: [GC (GCLocker Initiated GC) [PSYoungGen: 149554K->85922K(175104K)] 515908K->495133K(699392K), 0.0111561 secs] [Times: user=0.14 sys=0.00, real=0.01 secs] 
2016-09-24T00:19:14.236-0400: 121.475: [GC (GCLocker Initiated GC) [PSYoungGen: 173986K->37226K(175104K)] 595697K->495810K(699392K), 0.0273545 secs] [Times: user=0.29 sys=0.00, real=0.03 secs] 
2016-09-24T00:19:14.263-0400: 121.503: [Full GC (Ergonomics) [PSYoungGen: 37226K->0K(175104K)] [ParOldGen: 458584K->53068K(524288K)] 495810K->53068K(699392K), [Metaspace: 44408K->44408K(1087488K)], 0.0540216 secs] [Times: user=0.30 sys=0.00, real=0.05 secs] 
2016-09-24T00:19:14.440-0400: 121.680: [GC (GCLocker Initiated GC) [PSYoungGen: 88064K->85826K(175104K)] 141140K->138902K(699392K), 0.0269495 secs] [Times: user=0.28 sys=0.00, real=0.03 secs] 
2016-09-24T00:19:14.585-0400: 121.824: [GC (GCLocker Initiated GC) [PSYoungGen: 173890K->37681K(175104K)] 245333K->164280K(699392K), 0.0125803 secs] [Times: user=0.16 sys=0.00, real=0.01 secs] 
2016-09-24T00:19:14.709-0400: 121.949: [GC (GCLocker Initiated GC) [PSYoungGen: 125745K->67597K(175104K)] 258684K->219060K(699392K), 0.0075488 secs] [Times: user=0.07 sys=0.01, real=0.01 secs] 
2016-09-24T00:19:14.864-0400: 122.103: [GC (GCLocker Initiated GC) [PSYoungGen: 155661K->43041K(175104K)] 313296K->231171K(699392K), 0.0221965 secs] [Times: user=0.21 sys=0.00, real=0.02 secs] 
2016-09-24T00:19:15.022-0400: 122.262: [GC (Allocation Failure) [PSYoungGen: 131105K->55355K(175104K)] 331566K->255928K(699392K), 0.0069753 secs] [Times: user=0.05 sys=0.00, real=0.00 secs] 
2016-09-24T00:19:15.142-0400: 122.381: [GC (GCLocker Initiated GC) [PSYoungGen: 139060K->30955K(175104K)] 345708K->256087K(699392K), 0.0092657 secs] [Times: user=0.07 sys=0.01, real=0.01 secs] 
2016-09-24T00:19:15.275-0400: 122.514: [GC (GCLocker Initiated GC) [PSYoungGen: 119019K->86022K(175104K)] 344288K->329627K(699392K), 0.0343186 secs] [Times: user=0.34 sys=0.01, real=0.03 secs] 
2016-09-24T00:19:15.441-0400: 122.680: [GC (GCLocker Initiated GC) [PSYoungGen: 174086K->37290K(175104K)] 430152K->330245K(699392K), 0.0076985 secs] [Times: user=0.07 sys=0.00, real=0.01 secs] 
2016-09-24T00:19:15.558-0400: 122.798: [GC (GCLocker Initiated GC) [PSYoungGen: 125354K->67341K(175104K)] 418345K->360600K(699392K), 0.0092477 secs] [Times: user=0.08 sys=0.00, real=0.01 secs] 
2016-09-24T00:19:15.692-0400: 122.931: [GC (Allocation Failure) [PSYoungGen: 155405K->61394K(175104K)] 448706K->391248K(699392K), 0.0087103 secs] [Times: user=0.08 sys=0.00, real=0.01 secs] 
2016-09-24T00:19:15.843-0400: 123.082: [GC (Allocation Failure) [PSYoungGen: 144641K->43269K(175104K)] 474496K->415916K(699392K), 0.0099607 secs] [Times: user=0.09 sys=0.00, real=0.00 secs] 
2016-09-24T00:19:15.988-0400: 123.227: [GC (GCLocker Initiated GC) [PSYoungGen: 131333K->73416K(175104K)] 503986K->464561K(699392K), 0.0093505 secs] [Times: user=0.10 sys=0.00, real=0.01 secs] 
2016-09-24T00:19:16.097-0400: 123.336: [GC (GCLocker Initiated GC) [PSYoungGen: 161480K->85822K(175104K)] 552778K->495497K(699392K), 0.0123505 secs] [Times: user=0.14 sys=0.00, real=0.01 secs] 
2016-09-24T00:19:16.238-0400: 123.477: [GC (GCLocker Initiated GC) [PSYoungGen: 173886K->55355K(175104K)] 583602K->489443K(699392K), 0.0131142 secs] [Times: user=0.14 sys=0.00, real=0.01 secs] 
2016-09-24T00:19:16.357-0400: 123.596: [GC (GCLocker Initiated GC) [PSYoungGen: 143419K->73772K(175104K)] 583859K->544878K(699392K), 0.0170374 secs] [Times: user=0.18 sys=0.01, real=0.01 secs] 
2016-09-24T00:19:16.374-0400: 123.613: [Full GC (Ergonomics) [PSYoungGen: 73772K->0K(175104K)] [ParOldGen: 471106K->53490K(524288K)] 544878K->53490K(699392K), [Metaspace: 44408K->44408K(1087488K)], 0.0580927 secs] [Times: user=0.42 sys=0.00, real=0.06 secs] 
2016-09-24T00:19:16.550-0400: 123.789: [GC (GCLocker Initiated GC) [PSYoungGen: 88064K->86078K(175104K)] 141889K->139904K(699392K), 0.0336437 secs] [Times: user=0.31 sys=0.01, real=0.04 secs] 
2016-09-24T00:19:16.710-0400: 123.950: [GC (GCLocker Initiated GC) [PSYoungGen: 174142K->42977K(175104K)] 228285K->121911K(699392K), 0.0175124 secs] [Times: user=0.10 sys=0.00, real=0.02 secs] 
2016-09-24T00:19:16.848-0400: 124.088: [GC (Allocation Failure) [PSYoungGen: 131041K->37094K(175104K)] 216310K->159081K(699392K), 0.0110884 secs] [Times: user=0.11 sys=0.00, real=0.01 secs] 
2016-09-24T00:19:16.980-0400: 124.220: [GC (GCLocker Initiated GC) [PSYoungGen: 125158K->73544K(175104K)] 247151K->195796K(699392K), 0.0072850 secs] [Times: user=0.07 sys=0.00, real=0.01 secs] 
2016-09-24T00:19:17.095-0400: 124.335: [GC (GCLocker Initiated GC) [PSYoungGen: 161608K->55287K(175104K)] 284076K->202346K(699392K), 0.0166112 secs] [Times: user=0.13 sys=0.00, real=0.01 secs] 
2016-09-24T00:19:17.239-0400: 124.479: [GC (GCLocker Initiated GC) [PSYoungGen: 143351K->85822K(175104K)] 290480K->245385K(699392K), 0.0184125 secs] [Times: user=0.17 sys=0.00, real=0.02 secs] 
2016-09-24T00:19:17.385-0400: 124.625: [GC (GCLocker Initiated GC) [PSYoungGen: 173886K->55187K(175104K)] 333614K->269921K(699392K), 0.0103199 secs] [Times: user=0.12 sys=0.00, real=0.01 secs] 
2016-09-24T00:19:17.497-0400: 124.736: [GC (GCLocker Initiated GC) [PSYoungGen: 143251K->73804K(175104K)] 364405K->295093K(699392K), 0.0078228 secs] [Times: user=0.09 sys=0.00, real=0.01 secs] 
2016-09-24T00:19:17.664-0400: 124.904: [GC (GCLocker Initiated GC) [PSYoungGen: 161868K->55187K(175104K)] 389281K->301084K(699392K), 0.0072132 secs] [Times: user=0.06 sys=0.00, real=0.00 secs] 
2016-09-24T00:19:17.814-0400: 125.054: [GC (GCLocker Initiated GC) [PSYoungGen: 143251K->48952K(175104K)] 395283K->319312K(699392K), 0.0228090 secs] [Times: user=0.20 sys=0.01, real=0.02 secs] 
2016-09-24T00:19:17.956-0400: 125.196: [GC (GCLocker Initiated GC) [PSYoungGen: 137016K->55583K(175104K)] 413627K->380913K(699392K), 0.0217426 secs] [Times: user=0.24 sys=0.00, real=0.02 secs] 
2016-09-24T00:19:18.081-0400: 125.321: [GC (GCLocker Initiated GC) [PSYoungGen: 143647K->85594K(175104K)] 469008K->453795K(699392K), 0.0133305 secs] [Times: user=0.17 sys=0.01, real=0.02 secs] 
2016-09-24T00:19:18.206-0400: 125.445: [GC (GCLocker Initiated GC) [PSYoungGen: 173658K->55287K(175104K)] 542198K->484665K(699392K), 0.0183857 secs] [Times: user=0.15 sys=0.00, real=0.02 secs] 
2016-09-24T00:19:18.336-0400: 125.575: [GC (GCLocker Initiated GC) [PSYoungGen: 143351K->61166K(175104K)] 572950K->509258K(699392K), 0.0254889 secs] [Times: user=0.29 sys=0.00, real=0.02 secs] 
2016-09-24T00:19:18.474-0400: 125.714: [GC (GCLocker Initiated GC) [PSYoungGen: 149230K->73740K(175104K)] 597520K->564674K(699392K), 0.0165055 secs] [Times: user=0.16 sys=0.00, real=0.01 secs] 
2016-09-24T00:19:18.491-0400: 125.730: [Full GC (Ergonomics) [PSYoungGen: 73740K->0K(175104K)] [ParOldGen: 490934K->53426K(524288K)] 564674K->53426K(699392K), [Metaspace: 44417K->44417K(1087488K)], 0.0555550 secs] [Times: user=0.30 sys=0.00, real=0.06 secs] 
2016-09-24T00:19:18.676-0400: 125.916: [GC (Allocation Failure) [PSYoungGen: 88064K->85726K(175104K)] 147718K->151456K(699392K), 0.0145588 secs] [Times: user=0.16 sys=0.00, real=0.01 secs] 
2016-09-24T00:19:18.809-0400: 126.048: [GC (GCLocker Initiated GC) [PSYoungGen: 173790K->85726K(175104K)] 239521K->182124K(699392K), 0.0174735 secs] [Times: user=0.20 sys=0.00, real=0.02 secs] 
2016-09-24T00:19:18.965-0400: 126.204: [GC (Allocation Failure) [PSYoungGen: 173790K->49212K(175104K)] 270330K->182493K(699392K), 0.0176072 secs] [Times: user=0.20 sys=0.00, real=0.02 secs] 
2016-09-24T00:19:19.094-0400: 126.333: [GC (GCLocker Initiated GC) [PSYoungGen: 131221K->55319K(175104K)] 270578K->213020K(699392K), 0.0133802 secs] [Times: user=0.15 sys=0.01, real=0.02 secs] 
2016-09-24T00:19:19.238-0400: 126.477: [GC (GCLocker Initiated GC) [PSYoungGen: 143383K->85922K(175104K)] 301355K->250229K(699392K), 0.0179483 secs] [Times: user=0.17 sys=0.00, real=0.02 secs] 
2016-09-24T00:19:19.400-0400: 126.639: [GC (Allocation Failure) [PSYoungGen: 173986K->42845K(175104K)] 344583K->232099K(699392K), 0.0065812 secs] [Times: user=0.06 sys=0.00, real=0.01 secs] 
2016-09-24T00:19:19.527-0400: 126.767: [GC (GCLocker Initiated GC) [PSYoungGen: 130909K->61654K(175104K)] 320168K->305716K(699392K), 0.0165428 secs] [Times: user=0.17 sys=0.01, real=0.02 secs] 
2016-09-24T00:19:19.660-0400: 126.900: [GC (GCLocker Initiated GC) [PSYoungGen: 149718K->73480K(175104K)] 393883K->330062K(699392K), 0.0131321 secs] [Times: user=0.12 sys=0.01, real=0.01 secs] 
2016-09-24T00:19:19.809-0400: 127.048: [GC (GCLocker Initiated GC) [PSYoungGen: 161544K->73512K(175104K)] 424277K->342431K(699392K), 0.0301058 secs] [Times: user=0.31 sys=0.01, real=0.03 secs] 
2016-09-24T00:19:19.938-0400: 127.178: [GC (GCLocker Initiated GC) [PSYoungGen: 161576K->79587K(175104K)] 430683K->391510K(699392K), 0.0113225 secs] [Times: user=0.11 sys=0.00, real=0.01 secs] 
2016-09-24T00:19:20.082-0400: 127.322: [GC (Allocation Failure) [PSYoungGen: 167651K->43169K(175104K)] 491973K->428509K(699392K), 0.0104322 secs] [Times: user=0.08 sys=0.00, real=0.00 secs] 
2016-09-24T00:19:20.222-0400: 127.462: [GC (GCLocker Initiated GC) [PSYoungGen: 131233K->61686K(175104K)] 516578K->447151K(699392K), 0.0140461 secs] [Times: user=0.16 sys=0.00, real=0.01 secs] 
2016-09-24T00:19:20.344-0400: 127.583: [GC (GCLocker Initiated GC) [PSYoungGen: 149750K->73640K(175104K)] 535525K->477784K(699392K), 0.0106455 secs] [Times: user=0.15 sys=0.01, real=0.01 secs] 
2016-09-24T00:19:20.472-0400: 127.711: [GC (GCLocker Initiated GC) [PSYoungGen: 161704K->61690K(175104K)] 566019K->490596K(699392K), 0.0189551 secs] [Times: user=0.20 sys=0.00, real=0.02 secs] 
2016-09-24T00:19:20.624-0400: 127.864: [GC (GCLocker Initiated GC) [PSYoungGen: 149754K->55287K(175104K)] 590942K->551590K(699392K), 0.0110258 secs] [Times: user=0.10 sys=0.00, real=0.01 secs] 
2016-09-24T00:19:20.635-0400: 127.875: [Full GC (Ergonomics) [PSYoungGen: 55287K->0K(175104K)] [ParOldGen: 496302K->53456K(524288K)] 551590K->53456K(699392K), [Metaspace: 44417K->44417K(1087488K)], 0.0878873 secs] [Times: user=0.64 sys=0.01, real=0.09 secs] 
2016-09-24T00:19:20.838-0400: 128.077: [GC (GCLocker Initiated GC) [PSYoungGen: 88064K->85790K(175104K)] 141601K->169702K(699392K), 0.0165339 secs] [Times: user=0.20 sys=0.00, real=0.02 secs] 
2016-09-24T00:19:21.019-0400: 128.258: [GC (GCLocker Initiated GC) [PSYoungGen: 173854K->24848K(175104K)] 270048K->182207K(699392K), 0.0259212 secs] [Times: user=0.27 sys=0.01, real=0.03 secs] 
2016-09-24T00:19:21.164-0400: 128.404: [GC (GCLocker Initiated GC) [PSYoungGen: 112912K->67337K(175104K)] 270325K->243258K(699392K), 0.0139145 secs] [Times: user=0.16 sys=0.00, real=0.01 secs] 
2016-09-24T00:19:21.285-0400: 128.525: [GC (Allocation Failure) [PSYoungGen: 155401K->61394K(175104K)] 331358K->304296K(699392K), 0.0111040 secs] [Times: user=0.11 sys=0.01, real=0.01 secs] 
2016-09-24T00:19:21.444-0400: 128.683: [GC (GCLocker Initiated GC) [PSYoungGen: 144090K->55091K(175104K)] 393067K->352943K(699392K), 0.0114093 secs] [Times: user=0.11 sys=0.00, real=0.01 secs] 
2016-09-24T00:19:21.577-0400: 128.817: [GC (Allocation Failure) [PSYoungGen: 143155K->73772K(175104K)] 441363K->372115K(699392K), 0.0100852 secs] [Times: user=0.11 sys=0.00, real=0.01 secs] 
2016-09-24T00:19:21.696-0400: 128.936: [GC (GCLocker Initiated GC) [PSYoungGen: 161836K->48984K(175104K)] 460185K->390117K(699392K), 0.0198265 secs] [Times: user=0.18 sys=0.00, real=0.02 secs] 
2016-09-24T00:19:21.840-0400: 129.080: [GC (GCLocker Initiated GC) [PSYoungGen: 137048K->49443K(175104K)] 484293K->415025K(699392K), 0.0180865 secs] [Times: user=0.18 sys=0.00, real=0.02 secs] 
2016-09-24T00:19:21.978-0400: 129.218: [GC (GCLocker Initiated GC) [PSYoungGen: 137507K->42877K(175104K)] 503159K->476268K(699392K), 0.0135712 secs] [Times: user=0.12 sys=0.00, real=0.01 secs] 
2016-09-24T00:19:21.992-0400: 129.232: [Full GC (Ergonomics) [PSYoungGen: 42877K->0K(175104K)] [ParOldGen: 433391K->41480K(524288K)] 476268K->41480K(699392K), [Metaspace: 44417K->44417K(1087488K)], 0.0562609 secs] [Times: user=0.31 sys=0.00, real=0.06 secs] 
2016-09-24T00:19:22.145-0400: 129.384: [GC (GCLocker Initiated GC) [PSYoungGen: 88064K->86210K(175104K)] 129855K->134076K(699392K), 0.0350079 secs] [Times: user=0.42 sys=0.00, real=0.03 secs] 
2016-09-24T00:19:22.296-0400: 129.535: [GC (GCLocker Initiated GC) [PSYoungGen: 174274K->67501K(175104K)] 222479K->153023K(699392K), 0.0151553 secs] [Times: user=0.16 sys=0.01, real=0.01 secs] 
2016-09-24T00:19:22.434-0400: 129.673: [GC (Allocation Failure) [PSYoungGen: 155565K->55027K(175104K)] 241370K->146962K(699392K), 0.0096998 secs] [Times: user=0.07 sys=0.01, real=0.02 secs] 
2016-09-24T00:19:22.538-0400: 129.777: [GC (GCLocker Initiated GC) [PSYoungGen: 143091K->79815K(175104K)] 235032K->171868K(699392K), 0.0207378 secs] [Times: user=0.20 sys=0.00, real=0.02 secs] 
2016-09-24T00:19:22.692-0400: 129.932: [GC (GCLocker Initiated GC) [PSYoungGen: 167879K->55319K(175104K)] 260276K->202674K(699392K), 0.0203006 secs] [Times: user=0.23 sys=0.00, real=0.02 secs] 
2016-09-24T00:19:22.847-0400: 130.087: [GC (GCLocker Initiated GC) [PSYoungGen: 143383K->43105K(175104K)] 296900K->214943K(699392K), 0.0167003 secs] [Times: user=0.16 sys=0.00, real=0.02 secs] 
2016-09-24T00:19:22.995-0400: 130.235: [GC (Allocation Failure) [PSYoungGen: 131169K->43041K(175104K)] 309387K->233684K(699392K), 0.0211086 secs] [Times: user=0.21 sys=0.00, real=0.02 secs] 
2016-09-24T00:19:23.120-0400: 130.360: [GC (GCLocker Initiated GC) [PSYoungGen: 125709K->55387K(175104K)] 322428K->276665K(699392K), 0.0101688 secs] [Times: user=0.08 sys=0.00, real=0.01 secs] 
2016-09-24T00:19:23.256-0400: 130.495: [GC (GCLocker Initiated GC) [PSYoungGen: 143451K->85826K(175104K)] 364731K->307350K(699392K), 0.0403624 secs] [Times: user=0.46 sys=0.00, real=0.04 secs] 
2016-09-24T00:19:23.418-0400: 130.658: [GC (GCLocker Initiated GC) [PSYoungGen: 173890K->30827K(175104K)] 395607K->277095K(699392K), 0.0105405 secs] [Times: user=0.05 sys=0.00, real=0.01 secs] 
2016-09-24T00:19:23.531-0400: 130.771: [GC (GCLocker Initiated GC) [PSYoungGen: 118891K->79751K(175104K)] 365481K->326600K(699392K), 0.0237107 secs] [Times: user=0.25 sys=0.01, real=0.03 secs] 
2016-09-24T00:19:23.697-0400: 130.936: [GC (GCLocker Initiated GC) [PSYoungGen: 167815K->49116K(175104K)] 420954K->345024K(699392K), 0.0135554 secs] [Times: user=0.07 sys=0.00, real=0.01 secs] 
2016-09-24T00:19:23.840-0400: 131.079: [GC (GCLocker Initiated GC) [PSYoungGen: 137180K->85890K(175104K)] 433129K->400168K(699392K), 0.0111325 secs] [Times: user=0.10 sys=0.00, real=0.01 secs] 
2016-09-24T00:19:23.978-0400: 131.217: [GC (GCLocker Initiated GC) [PSYoungGen: 173954K->24784K(175104K)] 494308K->394006K(699392K), 0.0122633 secs] [Times: user=0.10 sys=0.01, real=0.01 secs] 
2016-09-24T00:19:24.125-0400: 131.365: [GC (Allocation Failure) [PSYoungGen: 112848K->55319K(175104K)] 494418K->437157K(699392K), 0.0182758 secs] [Times: user=0.19 sys=0.00, real=0.02 secs] 
2016-09-24T00:19:24.277-0400: 131.517: [GC (GCLocker Initiated GC) [PSYoungGen: 139991K->43169K(175104K)] 527904K->449590K(699392K), 0.0065033 secs] [Times: user=0.05 sys=0.00, real=0.01 secs] 
2016-09-24T00:19:24.413-0400: 131.652: [GC (GCLocker Initiated GC) [PSYoungGen: 131233K->67665K(175104K)] 549868K->486420K(699392K), 0.0170198 secs] [Times: user=0.18 sys=0.00, real=0.02 secs] 
2016-09-24T00:19:24.536-0400: 131.775: [GC (GCLocker Initiated GC) [PSYoungGen: 155729K->67633K(175104K)] 574704K->517267K(699392K), 0.0179837 secs] [Times: user=0.20 sys=0.00, real=0.01 secs] 
2016-09-24T00:19:24.705-0400: 131.944: [GC (GCLocker Initiated GC) [PSYoungGen: 155697K->43269K(175104K)] 605490K->548004K(699392K), 0.0110379 secs] [Times: user=0.10 sys=0.00, real=0.01 secs] 
2016-09-24T00:19:24.716-0400: 131.955: [Full GC (Ergonomics) [PSYoungGen: 43269K->0K(175104K)] [ParOldGen: 504735K->48014K(524288K)] 548004K->48014K(699392K), [Metaspace: 44421K->44421K(1087488K)], 0.0536988 secs] [Times: user=0.29 sys=0.01, real=0.05 secs] 
2016-09-24T00:19:24.879-0400: 132.119: [GC (GCLocker Initiated GC) [PSYoungGen: 88064K->80007K(175104K)] 148578K->140521K(699392K), 0.0210451 secs] [Times: user=0.21 sys=0.00, real=0.02 secs] 
2016-09-24T00:19:25.056-0400: 132.295: [GC (Allocation Failure) [PSYoungGen: 168071K->18837K(175104K)] 246997K->152993K(699392K), 0.0149580 secs] [Times: user=0.16 sys=0.00, real=0.01 secs] 
2016-09-24T00:19:25.206-0400: 132.446: [GC (GCLocker Initiated GC) [PSYoungGen: 105232K->49212K(175104K)] 245463K->189523K(699392K), 0.0091586 secs] [Times: user=0.07 sys=0.00, real=0.01 secs] 
2016-09-24T00:19:25.327-0400: 132.567: [GC (GCLocker Initiated GC) [PSYoungGen: 137276K->61362K(175104K)] 277629K->220051K(699392K), 0.0300645 secs] [Times: user=0.29 sys=0.00, real=0.03 secs] 
2016-09-24T00:19:25.488-0400: 132.727: [GC (GCLocker Initiated GC) [PSYoungGen: 149426K->49408K(175104K)] 308465K->263249K(699392K), 0.0206801 secs] [Times: user=0.22 sys=0.00, real=0.02 secs] 
2016-09-24T00:19:25.618-0400: 132.857: [GC (GCLocker Initiated GC) [PSYoungGen: 137472K->61134K(175104K)] 351417K->293539K(699392K), 0.0154448 secs] [Times: user=0.13 sys=0.01, real=0.01 secs] 
2016-09-24T00:19:25.737-0400: 132.976: [GC (GCLocker Initiated GC) [PSYoungGen: 149198K->73708K(175104K)] 381953K->324800K(699392K), 0.0101134 secs] [Times: user=0.10 sys=0.00, real=0.01 secs] 
2016-09-24T00:19:25.885-0400: 133.124: [GC (GCLocker Initiated GC) [PSYoungGen: 161772K->49376K(175104K)] 419093K->349653K(699392K), 0.0426762 secs] [Times: user=0.44 sys=0.00, real=0.04 secs] 
2016-09-24T00:19:26.043-0400: 133.282: [GC (GCLocker Initiated GC) [PSYoungGen: 137440K->73772K(175104K)] 450222K->386666K(699392K), 0.0218082 secs] [Times: user=0.23 sys=0.00, real=0.02 secs] 
2016-09-24T00:19:26.172-0400: 133.411: [GC (GCLocker Initiated GC) [PSYoungGen: 161836K->85922K(175104K)] 474884K->411232K(699392K), 0.0157609 secs] [Times: user=0.20 sys=0.00, real=0.02 secs] 
2016-09-24T00:19:26.306-0400: 133.546: [GC (GCLocker Initiated GC) [PSYoungGen: 173986K->43169K(175104K)] 505502K->435718K(699392K), 0.0089655 secs] [Times: user=0.08 sys=0.00, real=0.01 secs] 
2016-09-24T00:19:26.436-0400: 133.675: [GC (GCLocker Initiated GC) [PSYoungGen: 131233K->67241K(175104K)] 523953K->460229K(699392K), 0.0221088 secs] [Times: user=0.23 sys=0.00, real=0.02 secs] 
2016-09-24T00:19:26.578-0400: 133.817: [GC (GCLocker Initiated GC) [PSYoungGen: 155305K->67309K(175104K)] 548486K->478827K(699392K), 0.0091590 secs] [Times: user=0.07 sys=0.00, real=0.01 secs] 
2016-09-24T00:19:26.690-0400: 133.930: [GC (GCLocker Initiated GC) [PSYoungGen: 155373K->36834K(175104K)] 567129K->497450K(699392K), 0.0267358 secs] [Times: user=0.25 sys=0.00, real=0.03 secs] 
2016-09-24T00:19:26.717-0400: 133.957: [Full GC (Ergonomics) [PSYoungGen: 36834K->0K(175104K)] [ParOldGen: 460616K->48110K(524288K)] 497450K->48110K(699392K), [Metaspace: 44428K->44428K(1087488K)], 0.0543161 secs] [Times: user=0.25 sys=0.02, real=0.05 secs] 
2016-09-24T00:19:26.886-0400: 134.126: [GC (GCLocker Initiated GC) [PSYoungGen: 88064K->68117K(175104K)] 142380K->122433K(699392K), 0.0188620 secs] [Times: user=0.18 sys=0.01, real=0.02 secs] 
2016-09-24T00:19:27.055-0400: 134.295: [GC (GCLocker Initiated GC) [PSYoungGen: 156181K->54995K(175104K)] 222705K->140432K(699392K), 0.0477909 secs] [Times: user=0.50 sys=0.00, real=0.05 secs] 
2016-09-24T00:19:27.219-0400: 134.459: [GC (GCLocker Initiated GC) [PSYoungGen: 143059K->85822K(175104K)] 228711K->220209K(699392K), 0.0278738 secs] [Times: user=0.32 sys=0.00, real=0.03 secs] 
2016-09-24T00:19:27.351-0400: 134.591: [GC (GCLocker Initiated GC) [PSYoungGen: 173886K->55319K(175104K)] 308601K->244993K(699392K), 0.0209154 secs] [Times: user=0.26 sys=0.00, real=0.02 secs] 
2016-09-24T00:19:27.496-0400: 134.735: [GC (GCLocker Initiated GC) [PSYoungGen: 143383K->73508K(175104K)] 333245K->300120K(699392K), 0.0113500 secs] [Times: user=0.17 sys=0.00, real=0.01 secs] 
2016-09-24T00:19:27.640-0400: 134.879: [GC (GCLocker Initiated GC) [PSYoungGen: 161572K->86182K(175104K)] 388505K->319318K(699392K), 0.0130949 secs] [Times: user=0.15 sys=0.00, real=0.01 secs] 
2016-09-24T00:19:27.773-0400: 135.013: [GC (GCLocker Initiated GC) [PSYoungGen: 174246K->61590K(175104K)] 407586K->313454K(699392K), 0.0100656 secs] [Times: user=0.12 sys=0.00, real=0.02 secs] 
2016-09-24T00:19:27.896-0400: 135.135: [GC (GCLocker Initiated GC) [PSYoungGen: 149654K->73772K(175104K)] 407786K->356315K(699392K), 0.0154319 secs] [Times: user=0.19 sys=0.00, real=0.01 secs] 
2016-09-24T00:19:28.044-0400: 135.284: [GC (GCLocker Initiated GC) [PSYoungGen: 161836K->73444K(175104K)] 444656K->374789K(699392K), 0.0083896 secs] [Times: user=0.09 sys=0.00, real=0.00 secs] 
2016-09-24T00:19:28.164-0400: 135.403: [GC (GCLocker Initiated GC) [PSYoungGen: 161508K->85726K(175104K)] 462962K->393382K(699392K), 0.0380089 secs] [Times: user=0.45 sys=0.00, real=0.03 secs] 
2016-09-24T00:19:28.302-0400: 135.542: [GC (GCLocker Initiated GC) [PSYoungGen: 173790K->67597K(175104K)] 481662K->442594K(699392K), 0.0113682 secs] [Times: user=0.12 sys=0.00, real=0.00 secs] 
2016-09-24T00:19:28.427-0400: 135.666: [GC (GCLocker Initiated GC) [PSYoungGen: 155661K->73544K(175104K)] 536756K->454923K(699392K), 0.0101486 secs] [Times: user=0.12 sys=0.00, real=0.01 secs] 
2016-09-24T00:19:28.565-0400: 135.805: [GC (Allocation Failure) [PSYoungGen: 161608K->61234K(175104K)] 549103K->454892K(699392K), 0.0134269 secs] [Times: user=0.14 sys=0.01, real=0.01 secs] 
2016-09-24T00:19:28.694-0400: 135.934: [GC (GCLocker Initiated GC) [PSYoungGen: 149298K->49411K(175104K)] 542956K->461539K(699392K), 0.0285406 secs] [Times: user=0.26 sys=0.00, real=0.03 secs] 
2016-09-24T00:19:28.848-0400: 136.087: [GC (GCLocker Initiated GC) [PSYoungGen: 137475K->73412K(175104K)] 549970K->510629K(699392K), 0.0090961 secs] [Times: user=0.10 sys=0.00, real=0.01 secs] 
2016-09-24T00:19:28.962-0400: 136.202: [GC (GCLocker Initiated GC) [PSYoungGen: 161476K->73936K(175104K)] 598796K->535708K(699392K), 0.0092336 secs] [Times: user=0.13 sys=0.00, real=0.00 secs] 
2016-09-24T00:19:28.972-0400: 136.211: [Full GC (Ergonomics) [PSYoungGen: 73936K->0K(175104K)] [ParOldGen: 461772K->54058K(524288K)] 535708K->54058K(699392K), [Metaspace: 44429K->44429K(1087488K)], 0.0547113 secs] [Times: user=0.33 sys=0.00, real=0.06 secs] 
2016-09-24T00:19:29.119-0400: 136.358: [GC (GCLocker Initiated GC) [PSYoungGen: 88064K->86242K(175104K)] 142254K->140432K(699392K), 0.0141654 secs] [Times: user=0.14 sys=0.01, real=0.01 secs] 
2016-09-24T00:19:29.276-0400: 136.515: [GC (GCLocker Initiated GC) [PSYoungGen: 174306K->49080K(175104K)] 234696K->134450K(699392K), 0.0363670 secs] [Times: user=0.36 sys=0.01, real=0.03 secs] 
2016-09-24T00:19:29.435-0400: 136.675: [GC (GCLocker Initiated GC) [PSYoungGen: 137144K->79747K(175104K)] 222678K->183610K(699392K), 0.0147684 secs] [Times: user=0.16 sys=0.00, real=0.01 secs] 
2016-09-24T00:19:29.583-0400: 136.822: [GC (GCLocker Initiated GC) [PSYoungGen: 167811K->37030K(175104K)] 271681K->177634K(699392K), 0.0100828 secs] [Times: user=0.12 sys=0.00, real=0.00 secs] 
2016-09-24T00:19:29.685-0400: 136.925: [GC (GCLocker Initiated GC) [PSYoungGen: 125094K->85726K(175104K)] 265880K->232706K(699392K), 0.0090013 secs] [Times: user=0.09 sys=0.00, real=0.01 secs] 
2016-09-24T00:19:29.821-0400: 137.060: [GC (GCLocker Initiated GC) [PSYoungGen: 173790K->55191K(175104K)] 321120K->221029K(699392K), 0.0257599 secs] [Times: user=0.20 sys=0.01, real=0.03 secs] 
2016-09-24T00:19:29.992-0400: 137.231: [GC (GCLocker Initiated GC) [PSYoungGen: 143255K->37094K(175104K)] 315277K->227609K(699392K), 0.0143054 secs] [Times: user=0.17 sys=0.00, real=0.02 secs] 
2016-09-24T00:19:30.123-0400: 137.363: [GC (GCLocker Initiated GC) [PSYoungGen: 125158K->55255K(175104K)] 321817K->251994K(699392K), 0.0222928 secs] [Times: user=0.26 sys=0.00, real=0.02 secs] 
2016-09-24T00:19:30.258-0400: 137.497: [GC (Allocation Failure) [PSYoungGen: 143318K->61298K(175104K)] 340413K->276729K(699392K), 0.0092044 secs] [Times: user=0.09 sys=0.00, real=0.01 secs] 
2016-09-24T00:19:30.396-0400: 137.635: [GC (GCLocker Initiated GC) [PSYoungGen: 149362K->73612K(175104K)] 364798K->289308K(699392K), 0.0275930 secs] [Times: user=0.27 sys=0.00, real=0.03 secs] 
2016-09-24T00:19:30.557-0400: 137.797: [GC (Allocation Failure) [PSYoungGen: 161676K->67469K(175104K)] 383584K->307885K(699392K), 0.0220759 secs] [Times: user=0.24 sys=0.01, real=0.02 secs] 
2016-09-24T00:19:30.695-0400: 137.934: [GC (GCLocker Initiated GC) [PSYoungGen: 152134K->43301K(175104K)] 398625K->332617K(699392K), 0.0207728 secs] [Times: user=0.24 sys=0.00, real=0.02 secs] 
2016-09-24T00:19:30.849-0400: 138.088: [GC (GCLocker Initiated GC) [PSYoungGen: 131365K->49148K(175104K)] 433018K->363366K(699392K), 0.0230702 secs] [Times: user=0.20 sys=0.00, real=0.02 secs] 
2016-09-24T00:19:30.986-0400: 138.226: [GC (GCLocker Initiated GC) [PSYoungGen: 137212K->73548K(175104K)] 451679K->388118K(699392K), 0.0123880 secs] [Times: user=0.11 sys=0.01, real=0.01 secs] 
2016-09-24T00:19:31.114-0400: 138.353: [GC (Allocation Failure) [PSYoungGen: 161612K->42845K(175104K)] 482400K->370123K(699392K), 0.0150002 secs] [Times: user=0.10 sys=0.00, real=0.02 secs] 
2016-09-24T00:19:31.244-0400: 138.483: [GC (GCLocker Initiated GC) [PSYoungGen: 126508K->73772K(175104K)] 459861K->407221K(699392K), 0.0081665 secs] [Times: user=0.08 sys=0.00, real=0.00 secs] 
2016-09-24T00:19:31.397-0400: 138.636: [GC (Allocation Failure) [PSYoungGen: 161836K->49372K(175104K)] 501710K->425995K(699392K), 0.0176659 secs] [Times: user=0.17 sys=0.00, real=0.02 secs] 
2016-09-24T00:19:31.550-0400: 138.789: [GC (GCLocker Initiated GC) [PSYoungGen: 134995K->49248K(175104K)] 517693K->432033K(699392K), 0.0310580 secs] [Times: user=0.34 sys=0.00, real=0.03 secs] 
2016-09-24T00:19:31.691-0400: 138.931: [GC (GCLocker Initiated GC) [PSYoungGen: 137306K->67665K(175104K)] 520453K->469312K(699392K), 0.0166109 secs] [Times: user=0.17 sys=0.00, real=0.02 secs] 
2016-09-24T00:19:31.825-0400: 139.064: [GC (GCLocker Initiated GC) [PSYoungGen: 155729K->61430K(175104K)] 557659K->481837K(699392K), 0.0250389 secs] [Times: user=0.25 sys=0.00, real=0.02 secs] 
2016-09-24T00:19:31.977-0400: 139.217: [GC (Allocation Failure) [PSYoungGen: 149494K->55351K(175104K)] 576095K->500452K(699392K), 0.0130105 secs] [Times: user=0.14 sys=0.01, real=0.01 secs] 
2016-09-24T00:19:32.102-0400: 139.342: [GC (GCLocker Initiated GC) [PSYoungGen: 143415K->55191K(175104K)] 588522K->518759K(699392K), 0.0166296 secs] [Times: user=0.14 sys=0.01, real=0.01 secs] 
2016-09-24T00:19:32.227-0400: 139.466: [GC (Allocation Failure) [PSYoungGen: 143255K->86150K(175104K)] 607173K->574511K(699392K), 0.0123975 secs] [Times: user=0.13 sys=0.01, real=0.01 secs] 
2016-09-24T00:19:32.240-0400: 139.479: [Full GC (Ergonomics) [PSYoungGen: 86150K->0K(175104K)] [ParOldGen: 488361K->54444K(524288K)] 574511K->54444K(699392K), [Metaspace: 44434K->44434K(1087488K)], 0.0522350 secs] [Times: user=0.33 sys=0.01, real=0.05 secs] 
2016-09-24T00:19:32.406-0400: 139.646: [GC (GCLocker Initiated GC) [PSYoungGen: 88064K->86182K(175104K)] 142514K->183157K(699392K), 0.0156203 secs] [Times: user=0.22 sys=0.00, real=0.01 secs] 
2016-09-24T00:19:32.535-0400: 139.774: [GC (GCLocker Initiated GC) [PSYoungGen: 174246K->73968K(175104K)] 271594K->195883K(699392K), 0.0087851 secs] [Times: user=0.11 sys=0.00, real=0.01 secs] 
2016-09-24T00:19:32.666-0400: 139.906: [GC (GCLocker Initiated GC) [PSYoungGen: 162032K->86018K(175104K)] 284134K->250961K(699392K), 0.0133002 secs] [Times: user=0.21 sys=0.00, real=0.01 secs] 
2016-09-24T00:19:32.816-0400: 140.056: [GC (Allocation Failure) [PSYoungGen: 174082K->55611K(175104K)] 345287K->245161K(699392K), 0.0091784 secs] [Times: user=0.13 sys=0.00, real=0.01 secs] 
2016-09-24T00:19:32.955-0400: 140.195: [GC (GCLocker Initiated GC) [PSYoungGen: 143675K->73640K(175104K)] 333225K->263661K(699392K), 0.0122957 secs] [Times: user=0.13 sys=0.00, real=0.01 secs] 
2016-09-24T00:19:33.084-0400: 140.324: [GC (GCLocker Initiated GC) [PSYoungGen: 161704K->85854K(175104K)] 352086K->319077K(699392K), 0.0121792 secs] [Times: user=0.20 sys=0.00, real=0.01 secs] 
2016-09-24T00:19:33.231-0400: 140.471: [GC (GCLocker Initiated GC) [PSYoungGen: 173918K->55807K(175104K)] 413442K->331949K(699392K), 0.0107729 secs] [Times: user=0.17 sys=0.00, real=0.02 secs] 
2016-09-24T00:19:33.341-0400: 140.581: [GC (GCLocker Initiated GC) [PSYoungGen: 143871K->73608K(175104K)] 426375K->356396K(699392K), 0.0099201 secs] [Times: user=0.14 sys=0.01, real=0.01 secs] 
2016-09-24T00:19:33.486-0400: 140.726: [GC (GCLocker Initiated GC) [PSYoungGen: 161672K->86118K(175104K)] 444558K->429890K(699392K), 0.0220775 secs] [Times: user=0.32 sys=0.00, real=0.02 secs] 
2016-09-24T00:19:33.626-0400: 140.865: [GC (GCLocker Initiated GC) [PSYoungGen: 174182K->79651K(175104K)] 518270K->472631K(699392K), 0.0178232 secs] [Times: user=0.22 sys=0.00, real=0.02 secs] 
2016-09-24T00:19:33.756-0400: 140.995: [GC (GCLocker Initiated GC) [PSYoungGen: 167715K->55319K(175104K)] 560870K->491315K(699392K), 0.0111774 secs] [Times: user=0.18 sys=0.00, real=0.01 secs] 
2016-09-24T00:19:33.874-0400: 141.113: [GC (GCLocker Initiated GC) [PSYoungGen: 143383K->85954K(175104K)] 579438K->546600K(699392K), 0.0206598 secs] [Times: user=0.20 sys=0.01, real=0.03 secs] 
2016-09-24T00:19:33.895-0400: 141.134: [Full GC (Ergonomics) [PSYoungGen: 85954K->0K(175104K)] [ParOldGen: 460646K->54401K(524288K)] 546600K->54401K(699392K), [Metaspace: 44434K->44434K(1087488K)], 0.0505809 secs] [Times: user=0.47 sys=0.00, real=0.05 secs] 
2016-09-24T00:19:34.050-0400: 141.289: [GC (GCLocker Initiated GC) [PSYoungGen: 88064K->86274K(175104K)] 148750K->159110K(699392K), 0.0120931 secs] [Times: user=0.15 sys=0.00, real=0.02 secs] 
2016-09-24T00:19:34.193-0400: 141.432: [GC (Allocation Failure) [PSYoungGen: 174338K->55479K(175104K)] 247395K->165901K(699392K), 0.0104936 secs] [Times: user=0.15 sys=0.00, real=0.02 secs] 
2016-09-24T00:19:34.300-0400: 141.539: [GC (GCLocker Initiated GC) [PSYoungGen: 143543K->55283K(175104K)] 253971K->214586K(699392K), 0.0104037 secs] [Times: user=0.14 sys=0.00, real=0.01 secs] 
2016-09-24T00:19:34.439-0400: 141.678: [GC (GCLocker Initiated GC) [PSYoungGen: 143347K->74327K(175104K)] 308840K->258197K(699392K), 0.0092921 secs] [Times: user=0.11 sys=0.00, real=0.01 secs] 
2016-09-24T00:19:34.583-0400: 141.823: [GC (Allocation Failure) [PSYoungGen: 162391K->37222K(175104K)] 358755K->282977K(699392K), 0.0104917 secs] [Times: user=0.12 sys=0.00, real=0.00 secs] 
2016-09-24T00:19:34.698-0400: 141.937: [GC (GCLocker Initiated GC) [PSYoungGen: 122890K->55807K(175104K)] 374721K->326013K(699392K), 0.0096918 secs] [Times: user=0.16 sys=0.00, real=0.01 secs] 
2016-09-24T00:19:34.824-0400: 142.063: [GC (GCLocker Initiated GC) [PSYoungGen: 143871K->86150K(175104K)] 414422K->362928K(699392K), 0.0101443 secs] [Times: user=0.14 sys=0.00, real=0.00 secs] 
2016-09-24T00:19:34.959-0400: 142.198: [GC (Allocation Failure) [PSYoungGen: 174214K->61362K(175104K)] 451050K->356887K(699392K), 0.0098897 secs] [Times: user=0.15 sys=0.00, real=0.01 secs] 
2016-09-24T00:19:35.086-0400: 142.326: [GC (GCLocker Initiated GC) [PSYoungGen: 147192K->55547K(175104K)] 448791K->406030K(699392K), 0.0106927 secs] [Times: user=0.17 sys=0.01, real=0.01 secs] 
2016-09-24T00:19:35.236-0400: 142.475: [GC (GCLocker Initiated GC) [PSYoungGen: 143611K->79651K(175104K)] 500257K->436557K(699392K), 0.0128171 secs] [Times: user=0.14 sys=0.00, real=0.01 secs] 
2016-09-24T00:19:35.379-0400: 142.619: [GC (GCLocker Initiated GC) [PSYoungGen: 167715K->55775K(175104K)] 530849K->473751K(699392K), 0.0102715 secs] [Times: user=0.14 sys=0.00, real=0.01 secs] 
2016-09-24T00:19:35.507-0400: 142.746: [GC (GCLocker Initiated GC) [PSYoungGen: 143839K->55283K(175104K)] 562567K->492692K(699392K), 0.0097945 secs] [Times: user=0.15 sys=0.00, real=0.01 secs] 
2016-09-24T00:19:35.629-0400: 142.868: [GC (GCLocker Initiated GC) [PSYoungGen: 143347K->73772K(175104K)] 587071K->517631K(699392K), 0.0100770 secs] [Times: user=0.15 sys=0.01, real=0.01 secs] 
2016-09-24T00:19:35.772-0400: 143.012: [Full GC (Ergonomics) [PSYoungGen: 161836K->0K(175104K)] [ParOldGen: 450110K->42110K(524288K)] 611946K->42110K(699392K), [Metaspace: 44438K->44438K(1087488K)], 0.0471226 secs] [Times: user=0.41 sys=0.00, real=0.05 secs] 
2016-09-24T00:19:35.932-0400: 143.171: [GC (GCLocker Initiated GC) [PSYoungGen: 88064K->74060K(175104K)] 142332K->128336K(699392K), 0.0094912 secs] [Times: user=0.14 sys=0.00, real=0.01 secs] 
2016-09-24T00:19:36.076-0400: 143.316: [GC (GCLocker Initiated GC) [PSYoungGen: 162124K->73444K(175104K)] 216425K->146681K(699392K), 0.0077593 secs] [Times: user=0.10 sys=0.00, real=0.01 secs] 
2016-09-24T00:19:36.225-0400: 143.464: [GC (GCLocker Initiated GC) [PSYoungGen: 161508K->73708K(175104K)] 241176K->171704K(699392K), 0.0126841 secs] [Times: user=0.14 sys=0.00, real=0.01 secs] 
2016-09-24T00:19:36.377-0400: 143.616: [GC (GCLocker Initiated GC) [PSYoungGen: 161772K->55383K(175104K)] 259950K->172053K(699392K), 0.0150641 secs] [Times: user=0.18 sys=0.00, real=0.01 secs] 
2016-09-24T00:19:36.493-0400: 143.732: [GC (GCLocker Initiated GC) [PSYoungGen: 143447K->85694K(175104K)] 260142K->232875K(699392K), 0.0178656 secs] [Times: user=0.20 sys=0.00, real=0.02 secs] 
2016-09-24T00:19:36.655-0400: 143.895: [GC (GCLocker Initiated GC) [PSYoungGen: 173758K->19132K(175104K)] 345550K->239596K(699392K), 0.0142601 secs] [Times: user=0.15 sys=0.00, real=0.01 secs] 
2016-09-24T00:19:36.810-0400: 144.049: [GC (GCLocker Initiated GC) [PSYoungGen: 107196K->37030K(175104K)] 339812K->270076K(699392K), 0.0099906 secs] [Times: user=0.12 sys=0.01, real=0.01 secs] 
2016-09-24T00:19:36.937-0400: 144.176: [GC (Allocation Failure) [PSYoungGen: 125094K->67373K(175104K)] 358159K->300526K(699392K), 0.0163335 secs] [Times: user=0.16 sys=0.00, real=0.01 secs] 
2016-09-24T00:19:37.095-0400: 144.334: [GC (GCLocker Initiated GC) [PSYoungGen: 153566K->43041K(175104K)] 392795K->325069K(699392K), 0.0210992 secs] [Times: user=0.23 sys=0.00, real=0.02 secs] 
2016-09-24T00:19:37.240-0400: 144.479: [GC (GCLocker Initiated GC) [PSYoungGen: 131105K->67633K(175104K)] 419384K->355984K(699392K), 0.0100478 secs] [Times: user=0.09 sys=0.00, real=0.01 secs] 
2016-09-24T00:19:37.382-0400: 144.621: [GC (Allocation Failure) [PSYoungGen: 155697K->42977K(175104K)] 450366K->356155K(699392K), 0.0199903 secs] [Times: user=0.18 sys=0.00, real=0.02 secs] 
2016-09-24T00:19:37.503-0400: 144.743: [GC (GCLocker Initiated GC) [PSYoungGen: 131041K->67469K(175104K)] 444224K->411131K(699392K), 0.0088267 secs] [Times: user=0.08 sys=0.00, real=0.00 secs] 
2016-09-24T00:19:37.658-0400: 144.898: [GC (Allocation Failure) [PSYoungGen: 155533K->85594K(175104K)] 499265K->441759K(699392K), 0.0128232 secs] [Times: user=0.14 sys=0.01, real=0.01 secs] 
2016-09-24T00:19:37.778-0400: 145.018: [GC (GCLocker Initiated GC) [PSYoungGen: 173658K->55547K(175104K)] 529829K->460446K(699392K), 0.0150959 secs] [Times: user=0.18 sys=0.00, real=0.01 secs] 
2016-09-24T00:19:37.922-0400: 145.161: [GC (GCLocker Initiated GC) [PSYoungGen: 143611K->43269K(175104K)] 560807K->478957K(699392K), 0.0132165 secs] [Times: user=0.13 sys=0.00, real=0.02 secs] 
2016-09-24T00:19:38.050-0400: 145.289: [GC (GCLocker Initiated GC) [PSYoungGen: 131333K->55679K(175104K)] 573452K->516135K(699392K), 0.0075011 secs] [Times: user=0.07 sys=0.01, real=0.01 secs] 
2016-09-24T00:19:38.169-0400: 145.409: [GC (GCLocker Initiated GC) [PSYoungGen: 143743K->85790K(175104K)] 604246K->583011K(699392K), 0.0162213 secs] [Times: user=0.22 sys=0.00, real=0.02 secs] 
2016-09-24T00:19:38.186-0400: 145.425: [Full GC (Ergonomics) [PSYoungGen: 85790K->0K(175104K)] [ParOldGen: 497221K->48796K(524288K)] 583011K->48796K(699392K), [Metaspace: 44453K->44453K(1087488K)], 0.0561059 secs] [Times: user=0.35 sys=0.01, real=0.05 secs] 
2016-09-24T00:19:38.362-0400: 145.601: [GC (GCLocker Initiated GC) [PSYoungGen: 88064K->86146K(175104K)] 142994K->141076K(699392K), 0.0147811 secs] [Times: user=0.19 sys=0.00, real=0.02 secs] 
2016-09-24T00:19:38.483-0400: 145.722: [GC (GCLocker Initiated GC) [PSYoungGen: 174210K->79587K(175104K)] 229165K->177599K(699392K), 0.0216332 secs] [Times: user=0.21 sys=0.00, real=0.02 secs] 
2016-09-24T00:19:38.626-0400: 145.866: [GC (GCLocker Initiated GC) [PSYoungGen: 167651K->73252K(175104K)] 265727K->226286K(699392K), 0.0171648 secs] [Times: user=0.18 sys=0.00, real=0.02 secs] 
2016-09-24T00:19:38.802-0400: 146.041: [GC (GCLocker Initiated GC) [PSYoungGen: 161316K->37162K(175104K)] 332914K->257448K(699392K), 0.0120313 secs] [Times: user=0.09 sys=0.00, real=0.01 secs] 
2016-09-24T00:19:38.940-0400: 146.179: [GC (GCLocker Initiated GC) [PSYoungGen: 125226K->55287K(175104K)] 345637K->275957K(699392K), 0.0072863 secs] [Times: user=0.06 sys=0.00, real=0.01 secs] 
2016-09-24T00:19:39.057-0400: 146.297: [GC (GCLocker Initiated GC) [PSYoungGen: 143351K->73704K(175104K)] 370335K->319048K(699392K), 0.0124724 secs] [Times: user=0.13 sys=0.02, real=0.01 secs] 
2016-09-24T00:19:39.184-0400: 146.424: [GC (GCLocker Initiated GC) [PSYoungGen: 161768K->73608K(175104K)] 407199K->337563K(699392K), 0.0102409 secs] [Times: user=0.12 sys=0.01, real=0.01 secs] 
2016-09-24T00:19:39.296-0400: 146.536: [GC (Allocation Failure) [PSYoungGen: 161672K->73608K(175104K)] 431956K->368484K(699392K), 0.0110396 secs] [Times: user=0.14 sys=0.00, real=0.01 secs] 
2016-09-24T00:19:39.445-0400: 146.685: [GC (GCLocker Initiated GC) [PSYoungGen: 157949K->55515K(175104K)] 458900K->374826K(699392K), 0.0217492 secs] [Times: user=0.29 sys=0.00, real=0.02 secs] 
2016-09-24T00:19:39.588-0400: 146.827: [GC (Allocation Failure) [PSYoungGen: 143579K->37261K(175104K)] 462921K->356700K(699392K), 0.0107931 secs] [Times: user=0.11 sys=0.00, real=0.01 secs] 
2016-09-24T00:19:39.686-0400: 146.926: [GC (GCLocker Initiated GC) [PSYoungGen: 122027K->43073K(175104K)] 447540K->387398K(699392K), 0.0229227 secs] [Times: user=0.24 sys=0.00, real=0.02 secs] 
2016-09-24T00:19:39.834-0400: 147.074: [GC (GCLocker Initiated GC) [PSYoungGen: 131137K->61562K(175104K)] 475632K->424362K(699392K), 0.0096195 secs] [Times: user=0.07 sys=0.00, real=0.01 secs] 
2016-09-24T00:19:39.938-0400: 147.177: [GC (Allocation Failure) [PSYoungGen: 149626K->73608K(175104K)] 518778K->461300K(699392K), 0.0156711 secs] [Times: user=0.16 sys=0.00, real=0.01 secs] 
2016-09-24T00:19:40.067-0400: 147.307: [GC (GCLocker Initiated GC) [PSYoungGen: 161672K->73708K(175104K)] 549370K->479750K(699392K), 0.0135079 secs] [Times: user=0.14 sys=0.01, real=0.01 secs] 
2016-09-24T00:19:40.195-0400: 147.434: [GC (GCLocker Initiated GC) [PSYoungGen: 161772K->55419K(175104K)] 574066K->467981K(699392K), 0.0061119 secs] [Times: user=0.05 sys=0.00, real=0.00 secs] 
2016-09-24T00:19:40.292-0400: 147.531: [GC (GCLocker Initiated GC) [PSYoungGen: 143483K->85530K(175104K)] 556143K->510624K(699392K), 0.0195908 secs] [Times: user=0.20 sys=0.00, real=0.02 secs] 
2016-09-24T00:19:40.434-0400: 147.673: [GC (Allocation Failure) [PSYoungGen: 173594K->49312K(175104K)] 598724K->541371K(699392K), 0.0130220 secs] [Times: user=0.11 sys=0.00, real=0.02 secs] 
2016-09-24T00:19:40.447-0400: 147.687: [Full GC (Ergonomics) [PSYoungGen: 49312K->0K(175104K)] [ParOldGen: 492059K->46297K(524288K)] 541371K->46297K(699392K), [Metaspace: 44453K->44453K(1087488K)], 0.0814237 secs] [Times: user=0.79 sys=0.01, real=0.08 secs] 
2016-09-24T00:19:40.644-0400: 147.884: [GC (GCLocker Initiated GC) [PSYoungGen: 88064K->86242K(175104K)] 134362K->156840K(699392K), 0.0112214 secs] [Times: user=0.16 sys=0.00, real=0.01 secs] 
2016-09-24T00:19:40.747-0400: 147.986: [GC (GCLocker Initiated GC) [PSYoungGen: 174306K->85758K(175104K)] 245271K->206043K(699392K), 0.0144871 secs] [Times: user=0.19 sys=0.00, real=0.01 secs] 
2016-09-24T00:19:40.893-0400: 148.133: [GC (Allocation Failure) [PSYoungGen: 173822K->12761K(175104K)] 318735K->194360K(699392K), 0.0064745 secs] [Times: user=0.05 sys=0.00, real=0.01 secs] 
2016-09-24T00:19:40.900-0400: 148.140: [GC (GCLocker Initiated GC) [PSYoungGen: 12777K->160K(175104K)] 194376K->200353K(699392K), 0.0085438 secs] [Times: user=0.11 sys=0.00, real=0.01 secs] 
2016-09-24T00:19:41.049-0400: 148.288: [GC (GCLocker Initiated GC) [PSYoungGen: 88224K->73772K(175104K)] 288419K->273967K(699392K), 0.0130183 secs] [Times: user=0.16 sys=0.00, real=0.02 secs] 
2016-09-24T00:19:41.181-0400: 148.420: [GC (GCLocker Initiated GC) [PSYoungGen: 161836K->85790K(175104K)] 362090K->304569K(699392K), 0.0143534 secs] [Times: user=0.17 sys=0.00, real=0.02 secs] 
2016-09-24T00:19:41.289-0400: 148.528: [GC (GCLocker Initiated GC) [PSYoungGen: 173854K->79847K(175104K)] 392680K->347596K(699392K), 0.0159568 secs] [Times: user=0.18 sys=0.00, real=0.02 secs] 
2016-09-24T00:19:41.443-0400: 148.682: [GC (Allocation Failure) [PSYoungGen: 167911K->73512K(175104K)] 441889K->365959K(699392K), 0.0165417 secs] [Times: user=0.18 sys=0.00, real=0.01 secs] 
2016-09-24T00:19:41.587-0400: 148.827: [GC (GCLocker Initiated GC) [PSYoungGen: 158035K->37094K(175104K)] 456557K->353936K(699392K), 0.0096024 secs] [Times: user=0.10 sys=0.01, real=0.01 secs] 
2016-09-24T00:19:41.722-0400: 148.962: [GC (GCLocker Initiated GC) [PSYoungGen: 125158K->61234K(175104K)] 442019K->378182K(699392K), 0.0151504 secs] [Times: user=0.16 sys=0.00, real=0.01 secs] 
2016-09-24T00:19:41.856-0400: 149.095: [GC (GCLocker Initiated GC) [PSYoungGen: 149298K->55611K(175104K)] 478550K->403387K(699392K), 0.0218357 secs] [Times: user=0.30 sys=0.00, real=0.02 secs] 
2016-09-24T00:19:42.024-0400: 149.264: [GC (Allocation Failure) [PSYoungGen: 143675K->55479K(175104K)] 503945K->416369K(699392K), 0.0062458 secs] [Times: user=0.06 sys=0.00, real=0.00 secs] 
2016-09-24T00:19:42.153-0400: 149.392: [GC (Allocation Failure) [PSYoungGen: 142570K->18904K(175104K)] 503460K->398139K(699392K), 0.0182077 secs] [Times: user=0.17 sys=0.01, real=0.02 secs] 
2016-09-24T00:19:42.286-0400: 149.526: [GC (GCLocker Initiated GC) [PSYoungGen: 102059K->48920K(175104K)] 487368K->434465K(699392K), 0.0298541 secs] [Times: user=0.30 sys=0.00, real=0.03 secs] 
2016-09-24T00:19:42.448-0400: 149.687: [GC (GCLocker Initiated GC) [PSYoungGen: 136984K->43237K(175104K)] 540930K->483736K(699392K), 0.0082025 secs] [Times: user=0.06 sys=0.00, real=0.01 secs] 
2016-09-24T00:19:42.591-0400: 149.830: [GC (Allocation Failure) [PSYoungGen: 131301K->25043K(175104K)] 577956K->514508K(699392K), 0.0529473 secs] [Times: user=0.61 sys=0.00, real=0.06 secs] 
2016-09-24T00:19:42.644-0400: 149.883: [Full GC (Ergonomics) [PSYoungGen: 25043K->0K(175104K)] [ParOldGen: 489464K->40658K(524288K)] 514508K->40658K(699392K), [Metaspace: 44453K->44453K(1087488K)], 0.0473530 secs] [Times: user=0.22 sys=0.01, real=0.04 secs] 
2016-09-24T00:19:42.794-0400: 150.034: [GC (GCLocker Initiated GC) [PSYoungGen: 85149K->86046K(175104K)] 131882K->138854K(699392K), 0.0114116 secs] [Times: user=0.13 sys=0.00, real=0.01 secs] 
2016-09-24T00:19:42.936-0400: 150.175: [GC (GCLocker Initiated GC) [PSYoungGen: 174110K->18997K(175104K)] 251349K->115172K(699392K), 0.0171082 secs] [Times: user=0.24 sys=0.00, real=0.01 secs] 
2016-09-24T00:19:43.066-0400: 150.305: [GC (GCLocker Initiated GC) [PSYoungGen: 107061K->56070K(175104K)] 209650K->158944K(699392K), 0.0139406 secs] [Times: user=0.13 sys=0.02, real=0.01 secs] 
2016-09-24T00:19:43.200-0400: 150.440: [GC (GCLocker Initiated GC) [PSYoungGen: 144134K->36934K(175104K)] 253526K->164802K(699392K), 0.0280669 secs] [Times: user=0.29 sys=0.00, real=0.03 secs] 
2016-09-24T00:19:43.349-0400: 150.588: [GC (GCLocker Initiated GC) [PSYoungGen: 124998K->73576K(175104K)] 265131K->213820K(699392K), 0.0106098 secs] [Times: user=0.10 sys=0.00, real=0.01 secs] 
2016-09-24T00:19:43.488-0400: 150.727: [GC (GCLocker Initiated GC) [PSYoungGen: 161640K->55287K(175104K)] 314316K->244517K(699392K), 0.0350898 secs] [Times: user=0.39 sys=0.00, real=0.04 secs] 
2016-09-24T00:19:43.655-0400: 150.894: [GC (GCLocker Initiated GC) [PSYoungGen: 143351K->67697K(175104K)] 332741K->269348K(699392K), 0.0075920 secs] [Times: user=0.07 sys=0.00, real=0.01 secs] 
2016-09-24T00:19:43.774-0400: 151.013: [GC (GCLocker Initiated GC) [PSYoungGen: 155761K->55191K(175104K)] 357689K->263430K(699392K), 0.0131253 secs] [Times: user=0.08 sys=0.00, real=0.02 secs] 
2016-09-24T00:19:43.904-0400: 151.144: [GC (Allocation Failure) [PSYoungGen: 143255K->55451K(175104K)] 363954K->276238K(699392K), 0.0278969 secs] [Times: user=0.26 sys=0.00, real=0.02 secs] 
2016-09-24T00:19:44.064-0400: 151.304: [GC (GCLocker Initiated GC) [PSYoungGen: 143515K->73252K(175104K)] 364313K->294326K(699392K), 0.0104864 secs] [Times: user=0.09 sys=0.00, real=0.01 secs] 
2016-09-24T00:19:44.208-0400: 151.448: [GC (GCLocker Initiated GC) [PSYoungGen: 161316K->73576K(175104K)] 388820K->301200K(699392K), 0.0113371 secs] [Times: user=0.13 sys=0.00, real=0.01 secs] 
2016-09-24T00:19:44.341-0400: 151.581: [GC (GCLocker Initiated GC) [PSYoungGen: 161640K->49212K(175104K)] 389485K->313782K(699392K), 0.0126294 secs] [Times: user=0.13 sys=0.00, real=0.01 secs] 
2016-09-24T00:19:44.470-0400: 151.709: [GC (GCLocker Initiated GC) [PSYoungGen: 137276K->61394K(175104K)] 402157K->362829K(699392K), 0.0146932 secs] [Times: user=0.16 sys=0.00, real=0.02 secs] 
2016-09-24T00:19:44.617-0400: 151.856: [GC (GCLocker Initiated GC) [PSYoungGen: 149458K->37229K(175104K)] 457137K->363237K(699392K), 0.0128711 secs] [Times: user=0.12 sys=0.00, real=0.01 secs] 
2016-09-24T00:19:44.720-0400: 151.959: [GC (GCLocker Initiated GC) [PSYoungGen: 125293K->61134K(175104K)] 451416K->405897K(699392K), 0.0115082 secs] [Times: user=0.08 sys=0.00, real=0.01 secs] 
2016-09-24T00:19:44.842-0400: 152.082: [GC (GCLocker Initiated GC) [PSYoungGen: 149198K->55223K(175104K)] 494215K->442868K(699392K), 0.0216341 secs] [Times: user=0.17 sys=0.00, real=0.02 secs] 
2016-09-24T00:19:44.978-0400: 152.217: [GC (GCLocker Initiated GC) [PSYoungGen: 143287K->61298K(175104K)] 531002K->467498K(699392K), 0.0134866 secs] [Times: user=0.13 sys=0.00, real=0.01 secs] 
2016-09-24T00:19:45.107-0400: 152.346: [GC (GCLocker Initiated GC) [PSYoungGen: 149362K->24947K(175104K)] 561685K->504371K(699392K), 0.0169270 secs] [Times: user=0.14 sys=0.00, real=0.02 secs] 
2016-09-24T00:19:45.124-0400: 152.364: [Full GC (Ergonomics) [PSYoungGen: 24947K->0K(175104K)] [ParOldGen: 479423K->46797K(524288K)] 504371K->46797K(699392K), [Metaspace: 44468K->44468K(1087488K)], 0.0603449 secs] [Times: user=0.36 sys=0.00, real=0.06 secs] 
2016-09-24T00:19:45.296-0400: 152.535: [GC (GCLocker Initiated GC) [PSYoungGen: 88064K->79911K(175104K)] 141090K->132937K(699392K), 0.0292608 secs] [Times: user=0.29 sys=0.00, real=0.03 secs] 
2016-09-24T00:19:45.442-0400: 152.681: [GC (GCLocker Initiated GC) [PSYoungGen: 167975K->55319K(175104K)] 221339K->151748K(699392K), 0.0176919 secs] [Times: user=0.15 sys=0.00, real=0.02 secs] 
2016-09-24T00:19:45.600-0400: 152.840: [GC (GCLocker Initiated GC) [PSYoungGen: 143383K->55319K(175104K)] 239832K->170268K(699392K), 0.0275754 secs] [Times: user=0.26 sys=0.00, real=0.03 secs] 
2016-09-24T00:19:45.747-0400: 152.986: [GC (GCLocker Initiated GC) [PSYoungGen: 143383K->85630K(175104K)] 264461K->206976K(699392K), 0.0193550 secs] [Times: user=0.16 sys=0.00, real=0.02 secs] 
2016-09-24T00:19:45.859-0400: 153.098: [GC (Allocation Failure) [PSYoungGen: 173694K->61330K(175104K)] 295076K->237654K(699392K), 0.0534301 secs] [Times: user=0.53 sys=0.00, real=0.05 secs] 
2016-09-24T00:19:46.043-0400: 153.283: [GC (GCLocker Initiated GC) [PSYoungGen: 145238K->43069K(175104K)] 327637K->298676K(699392K), 0.0158957 secs] [Times: user=0.18 sys=0.00, real=0.01 secs] 
2016-09-24T00:19:46.216-0400: 153.455: [GC (GCLocker Initiated GC) [PSYoungGen: 131133K->55255K(175104K)] 399246K->335597K(699392K), 0.0145100 secs] [Times: user=0.16 sys=0.00, real=0.01 secs] 
2016-09-24T00:19:46.346-0400: 153.585: [GC (GCLocker Initiated GC) [PSYoungGen: 143319K->49440K(175104K)] 429784K->336000K(699392K), 0.0157699 secs] [Times: user=0.12 sys=0.00, real=0.01 secs] 
2016-09-24T00:19:46.487-0400: 153.727: [GC (GCLocker Initiated GC) [PSYoungGen: 137504K->73872K(175104K)] 424107K->397028K(699392K), 0.0119747 secs] [Times: user=0.11 sys=0.00, real=0.01 secs] 
2016-09-24T00:19:46.639-0400: 153.879: [GC (GCLocker Initiated GC) [PSYoungGen: 161936K->55091K(175104K)] 491484K->403123K(699392K), 0.0082130 secs] [Times: user=0.08 sys=0.00, real=0.01 secs] 
2016-09-24T00:19:46.748-0400: 153.987: [GC (Allocation Failure) [PSYoungGen: 143155K->55319K(173056K)] 491313K->421813K(697344K), 0.0085881 secs] [Times: user=0.08 sys=0.00, real=0.01 secs] 
2016-09-24T00:19:46.872-0400: 154.111: [GC (GCLocker Initiated GC) [PSYoungGen: 143383K->80079K(174080K)] 509883K->464900K(698368K), 0.0263037 secs] [Times: user=0.30 sys=0.00, real=0.03 secs] 
2016-09-24T00:19:47.005-0400: 154.245: [GC (Allocation Failure) [PSYoungGen: 168143K->61458K(175104K)] 559276K->477354K(699392K), 0.0240604 secs] [Times: user=0.34 sys=0.00, real=0.02 secs] 
2016-09-24T00:19:47.148-0400: 154.388: [GC (GCLocker Initiated GC) [PSYoungGen: 149522K->49020K(175104K)] 565419K->465004K(699392K), 0.0087118 secs] [Times: user=0.06 sys=0.00, real=0.01 secs] 
2016-09-24T00:19:47.272-0400: 154.512: [GC (GCLocker Initiated GC) [PSYoungGen: 137084K->48952K(174080K)] 553133K->501734K(698368K), 0.0100293 secs] [Times: user=0.09 sys=0.01, real=0.02 secs] 
2016-09-24T00:19:47.405-0400: 154.644: [GC (GCLocker Initiated GC) [PSYoungGen: 137016K->85758K(174592K)] 589834K->550846K(698880K), 0.0088856 secs] [Times: user=0.10 sys=0.00, real=0.00 secs] 
2016-09-24T00:19:47.414-0400: 154.653: [Full GC (Ergonomics) [PSYoungGen: 85758K->0K(174592K)] [ParOldGen: 465088K->47149K(524288K)] 550846K->47149K(698880K), [Metaspace: 44468K->44468K(1087488K)], 0.0526187 secs] [Times: user=0.32 sys=0.00, real=0.06 secs] 
2016-09-24T00:19:47.614-0400: 154.853: [GC (GCLocker Initiated GC) [PSYoungGen: 88064K->74124K(175104K)] 159622K->145682K(699392K), 0.0163963 secs] [Times: user=0.16 sys=0.00, real=0.02 secs] 
2016-09-24T00:19:47.736-0400: 154.975: [GC (GCLocker Initiated GC) [PSYoungGen: 162188K->55415K(175104K)] 233760K->182389K(699392K), 0.0143024 secs] [Times: user=0.12 sys=0.00, real=0.01 secs] 
2016-09-24T00:19:47.855-0400: 155.095: [GC (GCLocker Initiated GC) [PSYoungGen: 143479K->61626K(175104K)] 270658K->225530K(699392K), 0.0223415 secs] [Times: user=0.23 sys=0.01, real=0.02 secs] 
2016-09-24T00:19:48.014-0400: 155.253: [GC (GCLocker Initiated GC) [PSYoungGen: 149690K->55383K(175104K)] 320002K->262741K(699392K), 0.0096336 secs] [Times: user=0.09 sys=0.01, real=0.02 secs] 
2016-09-24T00:19:48.126-0400: 155.365: [GC (Allocation Failure) [PSYoungGen: 143447K->85794K(175104K)] 351042K->299568K(699392K), 0.0196341 secs] [Times: user=0.19 sys=0.00, real=0.02 secs] 
2016-09-24T00:19:48.276-0400: 155.516: [GC (GCLocker Initiated GC) [PSYoungGen: 171445K->37062K(175104K)] 391294K->312017K(699392K), 0.0322242 secs] [Times: user=0.36 sys=0.00, real=0.03 secs] 
2016-09-24T00:19:48.451-0400: 155.690: [GC (Allocation Failure) [PSYoungGen: 125126K->55483K(175104K)] 412385K->342846K(699392K), 0.0086966 secs] [Times: user=0.08 sys=0.00, real=0.01 secs] 
2016-09-24T00:19:48.578-0400: 155.817: [GC (GCLocker Initiated GC) [PSYoungGen: 142409K->43105K(175104K)] 435847K->355011K(699392K), 0.0140649 secs] [Times: user=0.13 sys=0.00, real=0.01 secs] 
2016-09-24T00:19:48.686-0400: 155.926: [GC (GCLocker Initiated GC) [PSYoungGen: 131169K->67505K(175104K)] 443087K->379682K(699392K), 0.0181228 secs] [Times: user=0.18 sys=0.00, real=0.02 secs] 
2016-09-24T00:19:48.827-0400: 156.067: [GC (GCLocker Initiated GC) [PSYoungGen: 155569K->67501K(175104K)] 467850K->410596K(699392K), 0.0149288 secs] [Times: user=0.15 sys=0.01, real=0.02 secs] 
2016-09-24T00:19:48.950-0400: 156.189: [GC (Allocation Failure) [PSYoungGen: 155565K->85762K(175104K)] 499016K->465938K(699392K), 0.0345688 secs] [Times: user=0.38 sys=0.00, real=0.04 secs] 
2016-09-24T00:19:49.106-0400: 156.345: [GC (Allocation Failure) [PSYoungGen: 172692K->24848K(175104K)] 552869K->459983K(699392K), 0.0075802 secs] [Times: user=0.08 sys=0.00, real=0.00 secs] 
2016-09-24T00:19:49.216-0400: 156.455: [GC (GCLocker Initiated GC) [PSYoungGen: 112912K->73448K(175104K)] 548047K->508678K(699392K), 0.0182456 secs] [Times: user=0.16 sys=0.01, real=0.02 secs] 
2016-09-24T00:19:49.334-0400: 156.573: [GC (GCLocker Initiated GC) [PSYoungGen: 161512K->67569K(175104K)] 596986K->521543K(699392K), 0.0300771 secs] [Times: user=0.30 sys=0.00, real=0.04 secs] 
2016-09-24T00:19:49.364-0400: 156.603: [Full GC (Ergonomics) [PSYoungGen: 67569K->0K(175104K)] [ParOldGen: 453974K->53393K(524288K)] 521543K->53393K(699392K), [Metaspace: 44470K->44470K(1087488K)], 0.0517113 secs] [Times: user=0.29 sys=0.00, real=0.05 secs] 
2016-09-24T00:19:49.546-0400: 156.786: [GC (GCLocker Initiated GC) [PSYoungGen: 88064K->86046K(175104K)] 141493K->163776K(699392K), 0.0095000 secs] [Times: user=0.12 sys=0.00, real=0.01 secs] 
2016-09-24T00:19:49.669-0400: 156.908: [GC (GCLocker Initiated GC) [PSYoungGen: 174110K->85594K(175104K)] 252005K->243200K(699392K), 0.0132807 secs] [Times: user=0.16 sys=0.00, real=0.01 secs] 
2016-09-24T00:19:49.805-0400: 157.045: [GC (GCLocker Initiated GC) [PSYoungGen: 173658K->85694K(175104K)] 331407K->280052K(699392K), 0.0117404 secs] [Times: user=0.14 sys=0.00, real=0.01 secs] 
2016-09-24T00:19:49.941-0400: 157.180: [GC (Allocation Failure) [PSYoungGen: 173758K->55187K(175104K)] 374457K->274387K(699392K), 0.0141792 secs] [Times: user=0.18 sys=0.00, real=0.02 secs] 
2016-09-24T00:19:50.068-0400: 157.308: [GC (GCLocker Initiated GC) [PSYoungGen: 143251K->79683K(175104K)] 362457K->299016K(699392K), 0.0279441 secs] [Times: user=0.27 sys=0.00, real=0.03 secs] 
2016-09-24T00:19:50.239-0400: 157.478: [GC (GCLocker Initiated GC) [PSYoungGen: 167747K->73576K(175104K)] 393312K->317634K(699392K), 0.0220141 secs] [Times: user=0.23 sys=0.00, real=0.02 secs] 
2016-09-24T00:19:50.360-0400: 157.600: [GC (GCLocker Initiated GC) [PSYoungGen: 161640K->85954K(175104K)] 405847K->354924K(699392K), 0.0259917 secs] [Times: user=0.29 sys=0.00, real=0.03 secs] 
2016-09-24T00:19:50.515-0400: 157.754: [GC (GCLocker Initiated GC) [PSYoungGen: 174018K->67373K(175104K)] 443108K->373173K(699392K), 0.0307182 secs] [Times: user=0.33 sys=0.00, real=0.03 secs] 
2016-09-24T00:19:50.688-0400: 157.928: [GC (GCLocker Initiated GC) [PSYoungGen: 155437K->43237K(175104K)] 473442K->404027K(699392K), 0.0096477 secs] [Times: user=0.08 sys=0.01, real=0.01 secs] 
2016-09-24T00:19:50.843-0400: 158.083: [GC (Allocation Failure) [PSYoungGen: 131301K->61362K(175104K)] 498409K->447142K(699392K), 0.0128587 secs] [Times: user=0.13 sys=0.00, real=0.01 secs] 
2016-09-24T00:19:50.968-0400: 158.208: [GC (GCLocker Initiated GC) [PSYoungGen: 149426K->67665K(175104K)] 535207K->478046K(699392K), 0.0127649 secs] [Times: user=0.13 sys=0.00, real=0.01 secs] 
2016-09-24T00:19:51.106-0400: 158.345: [GC (GCLocker Initiated GC) [PSYoungGen: 155729K->43073K(175104K)] 572238K->508457K(699392K), 0.0099965 secs] [Times: user=0.11 sys=0.00, real=0.01 secs] 
2016-09-24T00:19:51.116-0400: 158.355: [Full GC (Ergonomics) [PSYoungGen: 43073K->0K(175104K)] [ParOldGen: 465384K->46930K(524288K)] 508457K->46930K(699392K), [Metaspace: 44479K->44479K(1087488K)], 0.0676530 secs] [Times: user=0.42 sys=0.01, real=0.07 secs] 
2016-09-24T00:19:51.296-0400: 158.536: [GC (GCLocker Initiated GC) [PSYoungGen: 88064K->79875K(175104K)] 147247K->139058K(699392K), 0.0150205 secs] [Times: user=0.16 sys=0.01, real=0.01 secs] 
2016-09-24T00:19:51.440-0400: 158.680: [GC (GCLocker Initiated GC) [PSYoungGen: 167939K->49244K(175104K)] 227173K->157601K(699392K), 0.0231876 secs] [Times: user=0.22 sys=0.00, real=0.03 secs] 
2016-09-24T00:19:51.610-0400: 158.849: [GC (GCLocker Initiated GC) [PSYoungGen: 137308K->37030K(175104K)] 264206K->200809K(699392K), 0.0137209 secs] [Times: user=0.12 sys=0.01, real=0.02 secs] 
2016-09-24T00:19:51.771-0400: 159.010: [GC (GCLocker Initiated GC) [PSYoungGen: 125094K->36770K(175104K)] 288887K->200658K(699392K), 0.0123529 secs] [Times: user=0.10 sys=0.00, real=0.02 secs] 
2016-09-24T00:19:51.891-0400: 159.131: [GC (GCLocker Initiated GC) [PSYoungGen: 124834K->55287K(175104K)] 295102K->243876K(699392K), 0.0288786 secs] [Times: user=0.30 sys=0.00, real=0.03 secs] 
2016-09-24T00:19:52.048-0400: 159.288: [GC (GCLocker Initiated GC) [PSYoungGen: 143351K->67633K(175104K)] 332240K->274866K(699392K), 0.0093939 secs] [Times: user=0.08 sys=0.00, real=0.01 secs] 
2016-09-24T00:19:52.184-0400: 159.424: [GC (GCLocker Initiated GC) [PSYoungGen: 155697K->67501K(175104K)] 363094K->311632K(699392K), 0.0091317 secs] [Times: user=0.10 sys=0.00, real=0.00 secs] 
2016-09-24T00:19:52.302-0400: 159.542: [GC (GCLocker Initiated GC) [PSYoungGen: 155565K->86250K(175104K)] 399851K->330632K(699392K), 0.0258950 secs] [Times: user=0.30 sys=0.00, real=0.02 secs] 
2016-09-24T00:19:52.455-0400: 159.694: [GC (GCLocker Initiated GC) [PSYoungGen: 174314K->55607K(175104K)] 418697K->336708K(699392K), 0.0117228 secs] [Times: user=0.12 sys=0.00, real=0.01 secs] 
2016-09-24T00:19:52.595-0400: 159.835: [GC (GCLocker Initiated GC) [PSYoungGen: 143671K->73416K(175104K)] 424988K->355240K(699392K), 0.0358592 secs] [Times: user=0.36 sys=0.00, real=0.03 secs] 
2016-09-24T00:19:52.736-0400: 159.976: [GC (GCLocker Initiated GC) [PSYoungGen: 161480K->73608K(175104K)] 449533K->416635K(699392K), 0.0131288 secs] [Times: user=0.18 sys=0.00, real=0.01 secs] 
2016-09-24T00:19:52.857-0400: 160.097: [GC (GCLocker Initiated GC) [PSYoungGen: 161672K->73640K(175104K)] 505357K->417633K(699392K), 0.0077399 secs] [Times: user=0.10 sys=0.00, real=0.01 secs] 
2016-09-24T00:19:53.009-0400: 160.248: [GC (GCLocker Initiated GC) [PSYoungGen: 161704K->73576K(175104K)] 518074K->448470K(699392K), 0.0142451 secs] [Times: user=0.17 sys=0.00, real=0.02 secs] 
2016-09-24T00:19:53.135-0400: 160.375: [GC (GCLocker Initiated GC) [PSYoungGen: 161640K->49084K(175104K)] 542931K->467084K(699392K), 0.0245832 secs] [Times: user=0.23 sys=0.00, real=0.02 secs] 
2016-09-24T00:19:53.294-0400: 160.533: [GC (GCLocker Initiated GC) [PSYoungGen: 137148K->85726K(175104K)] 555269K->546516K(699392K), 0.0116114 secs] [Times: user=0.14 sys=0.01, real=0.02 secs] 
2016-09-24T00:19:53.305-0400: 160.545: [Full GC (Ergonomics) [PSYoungGen: 85726K->0K(175104K)] [ParOldGen: 460789K->53384K(524288K)] 546516K->53384K(699392K), [Metaspace: 44480K->44480K(1087488K)], 0.0566576 secs] [Times: user=0.32 sys=0.02, real=0.06 secs] 
2016-09-24T00:19:53.477-0400: 160.717: [GC (GCLocker Initiated GC) [PSYoungGen: 88064K->85982K(175104K)] 141607K->145601K(699392K), 0.0078163 secs] [Times: user=0.08 sys=0.00, real=0.01 secs] 
2016-09-24T00:19:53.611-0400: 160.850: [GC (GCLocker Initiated GC) [PSYoungGen: 174046K->67665K(175104K)] 239770K->170395K(699392K), 0.0221757 secs] [Times: user=0.23 sys=0.00, real=0.02 secs] 
2016-09-24T00:19:53.773-0400: 161.013: [GC (GCLocker Initiated GC) [PSYoungGen: 155729K->18741K(175104K)] 276916K->195206K(699392K), 0.0225363 secs] [Times: user=0.18 sys=0.00, real=0.03 secs] 
2016-09-24T00:19:53.927-0400: 161.167: [GC (GCLocker Initiated GC) [PSYoungGen: 106805K->55387K(175104K)] 283631K->232332K(699392K), 0.0152121 secs] [Times: user=0.16 sys=0.00, real=0.02 secs] 
2016-09-24T00:19:54.082-0400: 161.322: [GC (GCLocker Initiated GC) [PSYoungGen: 143451K->73380K(175104K)] 326669K->274927K(699392K), 0.0214298 secs] [Times: user=0.22 sys=0.00, real=0.02 secs] 
2016-09-24T00:19:54.227-0400: 161.466: [GC (GCLocker Initiated GC) [PSYoungGen: 161444K->85822K(175104K)] 363039K->311844K(699392K), 0.0114604 secs] [Times: user=0.18 sys=0.01, real=0.01 secs] 
2016-09-24T00:19:54.341-0400: 161.580: [GC (GCLocker Initiated GC) [PSYoungGen: 173884K->67729K(175104K)] 400279K->361264K(699392K), 0.0126258 secs] [Times: user=0.17 sys=0.01, real=0.01 secs] 
2016-09-24T00:19:54.456-0400: 161.696: [GC (GCLocker Initiated GC) [PSYoungGen: 155793K->73708K(175104K)] 449689K->385925K(699392K), 0.0145040 secs] [Times: user=0.13 sys=0.01, real=0.01 secs] 
2016-09-24T00:19:54.605-0400: 161.845: [GC (GCLocker Initiated GC) [PSYoungGen: 161772K->67305K(175104K)] 474177K->398218K(699392K), 0.0161499 secs] [Times: user=0.18 sys=0.00, real=0.01 secs] 
2016-09-24T00:19:54.725-0400: 161.965: [GC (GCLocker Initiated GC) [PSYoungGen: 155369K->48952K(175104K)] 486986K->411040K(699392K), 0.0094142 secs] [Times: user=0.07 sys=0.01, real=0.01 secs] 
2016-09-24T00:19:54.869-0400: 162.109: [GC (GCLocker Initiated GC) [PSYoungGen: 137016K->42813K(175104K)] 499375K->441725K(699392K), 0.0258665 secs] [Times: user=0.26 sys=0.00, real=0.03 secs] 
2016-09-24T00:19:55.004-0400: 162.244: [GC (GCLocker Initiated GC) [PSYoungGen: 130877K->79327K(175104K)] 529876K->478406K(699392K), 0.0245443 secs] [Times: user=0.28 sys=0.00, real=0.02 secs] 
2016-09-24T00:19:55.138-0400: 162.378: [GC (GCLocker Initiated GC) [PSYoungGen: 167391K->73416K(175104K)] 572715K->527451K(699392K), 0.0231484 secs] [Times: user=0.26 sys=0.00, real=0.02 secs] 
2016-09-24T00:19:55.161-0400: 162.401: [Full GC (Ergonomics) [PSYoungGen: 73416K->0K(175104K)] [ParOldGen: 454035K->53401K(524288K)] 527451K->53401K(699392K), [Metaspace: 44487K->44487K(1087488K)], 0.0576503 secs] [Times: user=0.39 sys=0.00, real=0.06 secs] 
2016-09-24T00:19:55.340-0400: 162.579: [GC (GCLocker Initiated GC) [PSYoungGen: 88064K->55579K(175104K)] 153886K->121401K(699392K), 0.0067892 secs] [Times: user=0.10 sys=0.00, real=0.01 secs] 
2016-09-24T00:19:55.457-0400: 162.696: [GC (GCLocker Initiated GC) [PSYoungGen: 143643K->85854K(175104K)] 209647K->176646K(699392K), 0.0115888 secs] [Times: user=0.16 sys=0.00, real=0.01 secs] 
2016-09-24T00:19:55.612-0400: 162.851: [GC (GCLocker Initiated GC) [PSYoungGen: 173918K->55938K(175104K)] 276861K->177399K(699392K), 0.0097391 secs] [Times: user=0.15 sys=0.00, real=0.01 secs] 
2016-09-24T00:19:55.752-0400: 162.991: [GC (Allocation Failure) [PSYoungGen: 144002K->85758K(175104K)] 271591K->219656K(699392K), 0.0153433 secs] [Times: user=0.18 sys=0.00, real=0.02 secs] 
2016-09-24T00:19:55.884-0400: 163.124: [GC (GCLocker Initiated GC) [PSYoungGen: 172950K->67793K(175104K)] 312924K->256494K(699392K), 0.0104226 secs] [Times: user=0.13 sys=0.00, real=0.01 secs] 
2016-09-24T00:19:56.044-0400: 163.283: [GC (Allocation Failure) [PSYoungGen: 155857K->49212K(175104K)] 350703K->262574K(699392K), 0.0161485 secs] [Times: user=0.16 sys=0.00, real=0.01 secs] 
2016-09-24T00:19:56.198-0400: 163.437: [GC (GCLocker Initiated GC) [PSYoungGen: 136664K->25075K(175104K)] 356101K->274991K(699392K), 0.0132500 secs] [Times: user=0.17 sys=0.00, real=0.01 secs] 
2016-09-24T00:19:56.329-0400: 163.568: [GC (GCLocker Initiated GC) [PSYoungGen: 113139K->73936K(175104K)] 363322K->324433K(699392K), 0.0079094 secs] [Times: user=0.12 sys=0.00, real=0.01 secs] 
2016-09-24T00:19:56.460-0400: 163.699: [GC (GCLocker Initiated GC) [PSYoungGen: 162000K->73640K(175104K)] 412623K->360840K(699392K), 0.0112776 secs] [Times: user=0.17 sys=0.00, real=0.01 secs] 
2016-09-24T00:19:56.587-0400: 163.826: [GC (GCLocker Initiated GC) [PSYoungGen: 161704K->67761K(175104K)] 449125K->373543K(699392K), 0.0169776 secs] [Times: user=0.16 sys=0.00, real=0.02 secs] 
2016-09-24T00:19:56.718-0400: 163.958: [GC (Allocation Failure) [PSYoungGen: 155825K->49344K(175104K)] 467818K->386084K(699392K), 0.0219386 secs] [Times: user=0.22 sys=0.01, real=0.02 secs] 
2016-09-24T00:19:56.838-0400: 164.077: [GC (GCLocker Initiated GC) [PSYoungGen: 137408K->61330K(175104K)] 474154K->410650K(699392K), 0.0270582 secs] [Times: user=0.25 sys=0.00, real=0.03 secs] 
2016-09-24T00:19:56.967-0400: 164.207: [GC (Allocation Failure) [PSYoungGen: 149394K->61462K(175104K)] 504970K->417306K(699392K), 0.0074324 secs] [Times: user=0.05 sys=0.00, real=0.01 secs] 
2016-09-24T00:19:57.092-0400: 164.331: [GC (Allocation Failure) [PSYoungGen: 149526K->79587K(175104K)] 505370K->454079K(699392K), 0.0106106 secs] [Times: user=0.07 sys=0.01, real=0.02 secs] 
2016-09-24T00:19:57.235-0400: 164.474: [GC (Allocation Failure) [PSYoungGen: 167651K->55515K(175104K)] 542143K->466617K(699392K), 0.0165584 secs] [Times: user=0.19 sys=0.00, real=0.01 secs] 
2016-09-24T00:19:57.359-0400: 164.598: [GC (Allocation Failure) [PSYoungGen: 143579K->73640K(175104K)] 554681K->485197K(699392K), 0.0100764 secs] [Times: user=0.14 sys=0.00, real=0.01 secs] 
2016-09-24T00:19:57.495-0400: 164.735: [GC (GCLocker Initiated GC) [PSYoungGen: 155631K->37062K(175104K)] 573264K->491452K(699392K), 0.0096267 secs] [Times: user=0.16 sys=0.00, real=0.01 secs] 
2016-09-24T00:19:57.631-0400: 164.871: [GC (GCLocker Initiated GC) [PSYoungGen: 125126K->85790K(175104K)] 579613K->570780K(699392K), 0.0113380 secs] [Times: user=0.14 sys=0.00, real=0.02 secs] 
2016-09-24T00:19:57.643-0400: 164.882: [Full GC (Ergonomics) [PSYoungGen: 85790K->0K(175104K)] [ParOldGen: 484990K->53288K(524288K)] 570780K->53288K(699392K), [Metaspace: 44493K->44493K(1087488K)], 0.0548018 secs] [Times: user=0.41 sys=0.02, real=0.05 secs] 
2016-09-24T00:19:57.799-0400: 165.038: [GC (GCLocker Initiated GC) [PSYoungGen: 88064K->86662K(175104K)] 141489K->146162K(699392K), 0.0094585 secs] [Times: user=0.13 sys=0.00, real=0.01 secs] 
2016-09-24T00:19:57.920-0400: 165.160: [GC (Allocation Failure) [PSYoungGen: 174726K->67369K(175104K)] 234290K->176673K(699392K), 0.0149214 secs] [Times: user=0.20 sys=0.01, real=0.02 secs] 
2016-09-24T00:19:58.050-0400: 165.289: [GC (GCLocker Initiated GC) [PSYoungGen: 155433K->67473K(175104K)] 264742K->195087K(699392K), 0.0100670 secs] [Times: user=0.07 sys=0.00, real=0.01 secs] 
2016-09-24T00:19:58.197-0400: 165.436: [GC (Allocation Failure) [PSYoungGen: 155536K->37453K(175104K)] 283505K->202164K(699392K), 0.0213807 secs] [Times: user=0.24 sys=0.00, real=0.02 secs] 
2016-09-24T00:19:58.307-0400: 165.546: [GC (GCLocker Initiated GC) [PSYoungGen: 124666K->73544K(175104K)] 295452K->244433K(699392K), 0.0094684 secs] [Times: user=0.10 sys=0.00, real=0.01 secs] 
2016-09-24T00:19:58.451-0400: 165.691: [GC (GCLocker Initiated GC) [PSYoungGen: 161608K->55255K(175104K)] 338737K->250884K(699392K), 0.0247121 secs] [Times: user=0.28 sys=0.00, real=0.03 secs] 
2016-09-24T00:19:58.600-0400: 165.839: [GC (GCLocker Initiated GC) [PSYoungGen: 143319K->73580K(175104K)] 339169K->269706K(699392K), 0.0083937 secs] [Times: user=0.06 sys=0.00, real=0.01 secs] 
2016-09-24T00:19:58.717-0400: 165.957: [GC (GCLocker Initiated GC) [PSYoungGen: 161644K->61298K(175104K)] 357800K->276118K(699392K), 0.0219846 secs] [Times: user=0.24 sys=0.00, real=0.02 secs] 
2016-09-24T00:19:58.881-0400: 166.121: [GC (GCLocker Initiated GC) [PSYoungGen: 149362K->49276K(175104K)] 370344K->331284K(699392K), 0.0131309 secs] [Times: user=0.13 sys=0.00, real=0.02 secs] 
2016-09-24T00:19:59.023-0400: 166.263: [GC (GCLocker Initiated GC) [PSYoungGen: 137340K->67341K(175104K)] 419456K->374025K(699392K), 0.0151141 secs] [Times: user=0.14 sys=0.00, real=0.01 secs] 
2016-09-24T00:19:59.170-0400: 166.410: [GC (GCLocker Initiated GC) [PSYoungGen: 155405K->73316K(175104K)] 468194K->392440K(699392K), 0.0334250 secs] [Times: user=0.30 sys=0.00, real=0.04 secs] 
2016-09-24T00:19:59.322-0400: 166.562: [GC (GCLocker Initiated GC) [PSYoungGen: 161380K->55419K(175104K)] 486659K->423350K(699392K), 0.0304467 secs] [Times: user=0.34 sys=0.01, real=0.02 secs] 
2016-09-24T00:19:59.481-0400: 166.721: [GC (Allocation Failure) [PSYoungGen: 143483K->61330K(175104K)] 511770K->448265K(699392K), 0.0147718 secs] [Times: user=0.15 sys=0.00, real=0.02 secs] 
2016-09-24T00:19:59.608-0400: 166.847: [GC (GCLocker Initiated GC) [PSYoungGen: 149394K->73644K(175104K)] 536335K->460845K(699392K), 0.0175894 secs] [Times: user=0.16 sys=0.00, real=0.02 secs] 
2016-09-24T00:19:59.758-0400: 166.997: [GC (Allocation Failure) [PSYoungGen: 161708K->43041K(175104K)] 555070K->448984K(699392K), 0.0066079 secs] [Times: user=0.05 sys=0.00, real=0.01 secs] 
2016-09-24T00:19:59.876-0400: 167.116: [GC (GCLocker Initiated GC) [PSYoungGen: 130071K->49212K(175104K)] 542090K->504039K(699392K), 0.0196937 secs] [Times: user=0.17 sys=0.00, real=0.02 secs] 
2016-09-24T00:20:00.035-0400: 167.274: [Full GC (Ergonomics) [PSYoungGen: 137276K->0K(175104K)] [ParOldGen: 461140K->47643K(524288K)] 598416K->47643K(699392K), [Metaspace: 44505K->44505K(1087488K)], 0.0801871 secs] [Times: user=0.52 sys=0.00, real=0.08 secs] 
2016-09-24T00:20:00.234-0400: 167.473: [GC (GCLocker Initiated GC) [PSYoungGen: 88064K->86438K(175104K)] 148056K->146430K(699392K), 0.0131982 secs] [Times: user=0.14 sys=0.00, real=0.02 secs] 
2016-09-24T00:20:00.379-0400: 167.619: [GC (GCLocker Initiated GC) [PSYoungGen: 174502K->31083K(175104K)] 240684K->152823K(699392K), 0.0086850 secs] [Times: user=0.09 sys=0.00, real=0.01 secs] 
2016-09-24T00:20:00.526-0400: 167.765: [GC (GCLocker Initiated GC) [PSYoungGen: 119147K->55255K(175104K)] 247021K->183381K(699392K), 0.0075787 secs] [Times: user=0.05 sys=0.00, real=0.00 secs] 
2016-09-24T00:20:00.659-0400: 167.899: [GC (GCLocker Initiated GC) [PSYoungGen: 143319K->43237K(175104K)] 271492K->208136K(699392K), 0.0216594 secs] [Times: user=0.27 sys=0.00, real=0.02 secs] 
2016-09-24T00:20:00.812-0400: 168.052: [GC (GCLocker Initiated GC) [PSYoungGen: 131301K->79519K(175104K)] 302361K->287649K(699392K), 0.0181639 secs] [Times: user=0.22 sys=0.00, real=0.02 secs] 
2016-09-24T00:20:00.932-0400: 168.171: [GC (GCLocker Initiated GC) [PSYoungGen: 167583K->79715K(175104K)] 375828K->336727K(699392K), 0.0210350 secs] [Times: user=0.28 sys=0.00, real=0.02 secs] 
2016-09-24T00:20:01.070-0400: 168.309: [GC (GCLocker Initiated GC) [PSYoungGen: 167779K->79683K(175104K)] 424872K->416043K(699392K), 0.0124112 secs] [Times: user=0.14 sys=0.01, real=0.02 secs] 
2016-09-24T00:20:01.211-0400: 168.451: [GC (GCLocker Initiated GC) [PSYoungGen: 167747K->49344K(175104K)] 510193K->440658K(699392K), 0.0141935 secs] [Times: user=0.16 sys=0.00, real=0.02 secs] 
2016-09-24T00:20:01.343-0400: 168.583: [GC (GCLocker Initiated GC) [PSYoungGen: 137408K->42877K(175104K)] 528724K->452857K(699392K), 0.0152672 secs] [Times: user=0.16 sys=0.00, real=0.01 secs] 
2016-09-24T00:20:01.489-0400: 168.729: [GC (GCLocker Initiated GC) [PSYoungGen: 130941K->73740K(175104K)] 547279K->544864K(699392K), 0.0118485 secs] [Times: user=0.11 sys=0.00, real=0.01 secs] 
2016-09-24T00:20:01.501-0400: 168.741: [Full GC (Ergonomics) [PSYoungGen: 73740K->0K(175104K)] [ParOldGen: 471124K->53892K(524288K)] 544864K->53892K(699392K), [Metaspace: 44505K->44505K(1087488K)], 0.0581035 secs] [Times: user=0.33 sys=0.02, real=0.06 secs] 
2016-09-24T00:20:01.668-0400: 168.907: [GC (GCLocker Initiated GC) [PSYoungGen: 88064K->73772K(175104K)] 148346K->134054K(699392K), 0.0138359 secs] [Times: user=0.17 sys=0.00, real=0.01 secs] 
2016-09-24T00:20:01.784-0400: 169.023: [GC (Allocation Failure) [PSYoungGen: 161836K->73612K(175104K)] 222160K->170669K(699392K), 0.0112724 secs] [Times: user=0.11 sys=0.00, real=0.01 secs] 
2016-09-24T00:20:01.907-0400: 169.146: [GC (GCLocker Initiated GC) [PSYoungGen: 160083K->43069K(175104K)] 263215K->207431K(699392K), 0.0281865 secs] [Times: user=0.32 sys=0.01, real=0.03 secs] 
2016-09-24T00:20:02.054-0400: 169.293: [GC (GCLocker Initiated GC) [PSYoungGen: 131133K->79751K(175104K)] 295777K->244499K(699392K), 0.0093514 secs] [Times: user=0.06 sys=0.01, real=0.02 secs] 
2016-09-24T00:20:02.200-0400: 169.439: [GC (Allocation Failure) [PSYoungGen: 167815K->49408K(175104K)] 332615K->251122K(699392K), 0.0275185 secs] [Times: user=0.34 sys=0.00, real=0.03 secs] 
2016-09-24T00:20:02.351-0400: 169.591: [GC (GCLocker Initiated GC) [PSYoungGen: 132533K->73740K(175104K)] 340322K->281656K(699392K), 0.0090392 secs] [Times: user=0.11 sys=0.00, real=0.01 secs] 
2016-09-24T00:20:02.484-0400: 169.723: [GC (GCLocker Initiated GC) [PSYoungGen: 161804K->55319K(175104K)] 375911K->306323K(699392K), 0.0116102 secs] [Times: user=0.11 sys=0.01, real=0.01 secs] 
2016-09-24T00:20:02.646-0400: 169.886: [GC (GCLocker Initiated GC) [PSYoungGen: 143383K->36902K(175104K)] 407090K->318913K(699392K), 0.0215987 secs] [Times: user=0.18 sys=0.00, real=0.02 secs] 
2016-09-24T00:20:02.800-0400: 170.039: [GC (GCLocker Initiated GC) [PSYoungGen: 124966K->55255K(175104K)] 413054K->361820K(699392K), 0.0230975 secs] [Times: user=0.22 sys=0.01, real=0.03 secs] 
2016-09-24T00:20:02.928-0400: 170.168: [GC (GCLocker Initiated GC) [PSYoungGen: 143319K->73804K(175104K)] 456292K->387077K(699392K), 0.0130573 secs] [Times: user=0.15 sys=0.00, real=0.01 secs] 
2016-09-24T00:20:03.066-0400: 170.306: [GC (GCLocker Initiated GC) [PSYoungGen: 161868K->73576K(175104K)] 475153K->405526K(699392K), 0.0099784 secs] [Times: user=0.12 sys=0.01, real=0.01 secs] 
2016-09-24T00:20:03.198-0400: 170.438: [GC (GCLocker Initiated GC) [PSYoungGen: 161640K->61298K(175104K)] 499713K->423939K(699392K), 0.0115374 secs] [Times: user=0.07 sys=0.00, real=0.01 secs] 
2016-09-24T00:20:03.323-0400: 170.563: [GC (GCLocker Initiated GC) [PSYoungGen: 149362K->73576K(175104K)] 512004K->497300K(699392K), 0.0171552 secs] [Times: user=0.21 sys=0.00, real=0.01 secs] 
2016-09-24T00:20:03.499-0400: 170.739: [GC (GCLocker Initiated GC) [PSYoungGen: 161640K->67241K(175104K)] 591683K->515597K(699392K), 0.0118464 secs] [Times: user=0.11 sys=0.01, real=0.01 secs] 
2016-09-24T00:20:03.655-0400: 170.895: [Full GC (Ergonomics) [PSYoungGen: 155305K->0K(175104K)] [ParOldGen: 466695K->53574K(524288K)] 622001K->53574K(699392K), [Metaspace: 44510K->44510K(1087488K)], 0.0535501 secs] [Times: user=0.26 sys=0.01, real=0.05 secs] 
2016-09-24T00:20:03.806-0400: 171.046: [GC (GCLocker Initiated GC) [PSYoungGen: 88064K->86146K(175104K)] 141803K->139885K(699392K), 0.0096631 secs] [Times: user=0.10 sys=0.00, real=0.01 secs] 
2016-09-24T00:20:03.924-0400: 171.163: [GC (GCLocker Initiated GC) [PSYoungGen: 174210K->79911K(175104K)] 228046K->188994K(699392K), 0.0115119 secs] [Times: user=0.13 sys=0.00, real=0.01 secs] 
2016-09-24T00:20:04.082-0400: 171.321: [GC (GCLocker Initiated GC) [PSYoungGen: 167975K->61294K(175104K)] 277280K->207316K(699392K), 0.0136623 secs] [Times: user=0.15 sys=0.00, real=0.02 secs] 
2016-09-24T00:20:04.204-0400: 171.443: [GC (GCLocker Initiated GC) [PSYoungGen: 149358K->85890K(175104K)] 295500K->238203K(699392K), 0.0106789 secs] [Times: user=0.13 sys=0.00, real=0.01 secs] 
2016-09-24T00:20:04.321-0400: 171.560: [GC (GCLocker Initiated GC) [PSYoungGen: 173954K->85690K(175104K)] 326370K->256654K(699392K), 0.0113949 secs] [Times: user=0.17 sys=0.00, real=0.01 secs] 
2016-09-24T00:20:04.457-0400: 171.697: [GC (GCLocker Initiated GC) [PSYoungGen: 173754K->73804K(175104K)] 350992K->299778K(699392K), 0.0126269 secs] [Times: user=0.16 sys=0.01, real=0.01 secs] 
2016-09-24T00:20:04.608-0400: 171.847: [GC (GCLocker Initiated GC) [PSYoungGen: 161868K->61134K(175104K)] 387905K->305820K(699392K), 0.0120997 secs] [Times: user=0.09 sys=0.00, real=0.01 secs] 
2016-09-24T00:20:04.733-0400: 171.972: [GC (GCLocker Initiated GC) [PSYoungGen: 149198K->73480K(175104K)] 394014K->324475K(699392K), 0.0192201 secs] [Times: user=0.19 sys=0.00, real=0.02 secs] 
2016-09-24T00:20:04.884-0400: 172.123: [GC (Allocation Failure) [PSYoungGen: 161544K->73840K(175104K)] 412575K->355537K(699392K), 0.0362113 secs] [Times: user=0.40 sys=0.00, real=0.03 secs] 
2016-09-24T00:20:05.042-0400: 172.282: [GC (Allocation Failure) [PSYoungGen: 159499K->55155K(175104K)] 441196K->355525K(699392K), 0.0172846 secs] [Times: user=0.20 sys=0.00, real=0.01 secs] 
2016-09-24T00:20:05.185-0400: 172.424: [GC (GCLocker Initiated GC) [PSYoungGen: 143219K->55287K(175104K)] 443594K->373999K(699392K), 0.0073969 secs] [Times: user=0.06 sys=0.00, real=0.00 secs] 
2016-09-24T00:20:05.301-0400: 172.540: [GC (GCLocker Initiated GC) [PSYoungGen: 143351K->73704K(175104K)] 468437K->411068K(699392K), 0.0100698 secs] [Times: user=0.11 sys=0.00, real=0.01 secs] 
2016-09-24T00:20:05.446-0400: 172.686: [GC (GCLocker Initiated GC) [PSYoungGen: 161768K->55743K(175104K)] 505490K->417809K(699392K), 0.0099181 secs] [Times: user=0.10 sys=0.00, real=0.01 secs] 
2016-09-24T00:20:05.577-0400: 172.816: [GC (GCLocker Initiated GC) [PSYoungGen: 143807K->55451K(175104K)] 512101K->423997K(699392K), 0.0073874 secs] [Times: user=0.06 sys=0.00, real=0.01 secs] 
2016-09-24T00:20:05.706-0400: 172.946: [GC (GCLocker Initiated GC) [PSYoungGen: 143515K->61234K(175104K)] 518267K->436074K(699392K), 0.0129916 secs] [Times: user=0.11 sys=0.01, real=0.01 secs] 
2016-09-24T00:20:05.849-0400: 173.089: [GC (GCLocker Initiated GC) [PSYoungGen: 149298K->49344K(175104K)] 530489K->460982K(699392K), 0.0218652 secs] [Times: user=0.20 sys=0.00, real=0.02 secs] 
2016-09-24T00:20:05.995-0400: 173.234: [GC (GCLocker Initiated GC) [PSYoungGen: 137408K->73416K(175104K)] 549251K->485526K(699392K), 0.0147833 secs] [Times: user=0.17 sys=0.00, real=0.01 secs] 
2016-09-24T00:20:06.119-0400: 173.359: [GC (GCLocker Initiated GC) [PSYoungGen: 161480K->55387K(175104K)] 573778K->485998K(699392K), 0.0106472 secs] [Times: user=0.10 sys=0.00, real=0.01 secs] 
2016-09-24T00:20:06.237-0400: 173.477: [GC (Allocation Failure) [PSYoungGen: 143451K->79459K(175104K)] 574108K->510360K(699392K), 0.0258437 secs] [Times: user=0.24 sys=0.00, real=0.03 secs] 
2016-09-24T00:20:06.402-0400: 173.641: [GC (GCLocker Initiated GC) [PSYoungGen: 166818K->36934K(175104K)] 603794K->498469K(699392K), 0.0142594 secs] [Times: user=0.14 sys=0.00, real=0.02 secs] 
2016-09-24T00:20:06.536-0400: 173.775: [GC (GCLocker Initiated GC) [PSYoungGen: 124998K->85758K(175104K)] 586581K->565850K(699392K), 0.0183752 secs] [Times: user=0.19 sys=0.00, real=0.02 secs] 
2016-09-24T00:20:06.554-0400: 173.794: [Full GC (Ergonomics) [PSYoungGen: 85758K->0K(175104K)] [ParOldGen: 480092K->53763K(524288K)] 565850K->53763K(699392K), [Metaspace: 44510K->44510K(1087488K)], 0.0585817 secs] [Times: user=0.38 sys=0.01, real=0.05 secs] 
2016-09-24T00:20:06.718-0400: 173.958: [GC (GCLocker Initiated GC) [PSYoungGen: 88064K->86662K(175104K)] 141886K->164784K(699392K), 0.0103616 secs] [Times: user=0.12 sys=0.00, real=0.01 secs] 
2016-09-24T00:20:06.867-0400: 174.106: [GC (Allocation Failure) [PSYoungGen: 174726K->37190K(175104K)] 253471K->177841K(699392K), 0.0121404 secs] [Times: user=0.16 sys=0.01, real=0.01 secs] 
2016-09-24T00:20:06.999-0400: 174.238: [GC (GCLocker Initiated GC) [PSYoungGen: 122422K->55679K(175104K)] 269148K->202689K(699392K), 0.0147885 secs] [Times: user=0.19 sys=0.01, real=0.01 secs] 
2016-09-24T00:20:07.116-0400: 174.356: [GC (GCLocker Initiated GC) [PSYoungGen: 143743K->67501K(175104K)] 296864K->238990K(699392K), 0.0096055 secs] [Times: user=0.12 sys=0.01, real=0.01 secs] 
2016-09-24T00:20:07.252-0400: 174.491: [GC (GCLocker Initiated GC) [PSYoungGen: 155565K->85822K(175104K)] 327550K->300655K(699392K), 0.0104609 secs] [Times: user=0.11 sys=0.00, real=0.02 secs] 
2016-09-24T00:20:07.405-0400: 174.645: [GC (GCLocker Initiated GC) [PSYoungGen: 173886K->49116K(175104K)] 388776K->300724K(699392K), 0.0109861 secs] [Times: user=0.09 sys=0.00, real=0.01 secs] 
2016-09-24T00:20:07.555-0400: 174.794: [GC (Allocation Failure) [PSYoungGen: 137180K->61362K(175104K)] 388812K->313482K(699392K), 0.0086060 secs] [Times: user=0.12 sys=0.00, real=0.01 secs] 
2016-09-24T00:20:07.695-0400: 174.934: [GC (GCLocker Initiated GC) [PSYoungGen: 148778K->30763K(175104K)] 406973K->307418K(699392K), 0.0135735 secs] [Times: user=0.08 sys=0.00, real=0.01 secs] 
2016-09-24T00:20:07.857-0400: 175.096: [GC (GCLocker Initiated GC) [PSYoungGen: 118827K->55159K(175104K)] 395681K->350333K(699392K), 0.0097809 secs] [Times: user=0.07 sys=0.00, real=0.01 secs] 
2016-09-24T00:20:07.985-0400: 175.224: [GC (GCLocker Initiated GC) [PSYoungGen: 143223K->85598K(175104K)] 438512K->393140K(699392K), 0.0126608 secs] [Times: user=0.11 sys=0.00, real=0.01 secs] 
2016-09-24T00:20:08.098-0400: 175.337: [GC (GCLocker Initiated GC) [PSYoungGen: 173662K->49376K(175104K)] 481342K->399684K(699392K), 0.0177599 secs] [Times: user=0.15 sys=0.00, real=0.02 secs] 
2016-09-24T00:20:08.249-0400: 175.488: [GC (GCLocker Initiated GC) [PSYoungGen: 137440K->61462K(175104K)] 493881K->436372K(699392K), 0.0347188 secs] [Times: user=0.33 sys=0.00, real=0.04 secs] 
2016-09-24T00:20:08.377-0400: 175.616: [GC (GCLocker Initiated GC) [PSYoungGen: 149526K->73612K(175104K)] 524724K->467482K(699392K), 0.0197239 secs] [Times: user=0.21 sys=0.00, real=0.02 secs] 
2016-09-24T00:20:08.506-0400: 175.746: [GC (GCLocker Initiated GC) [PSYoungGen: 161676K->43137K(175104K)] 568052K->504783K(699392K), 0.0117993 secs] [Times: user=0.11 sys=0.00, real=0.01 secs] 
2016-09-24T00:20:08.518-0400: 175.758: [Full GC (Ergonomics) [PSYoungGen: 43137K->0K(175104K)] [ParOldGen: 461646K->54105K(524288K)] 504783K->54105K(699392K), [Metaspace: 44510K->44510K(1087488K)], 0.0590041 secs] [Times: user=0.36 sys=0.01, real=0.06 secs] 
2016-09-24T00:20:08.692-0400: 175.931: [GC (GCLocker Initiated GC) [PSYoungGen: 88064K->85790K(175104K)] 148381K->152182K(699392K), 0.0160551 secs] [Times: user=0.17 sys=0.00, real=0.02 secs] 
2016-09-24T00:20:08.820-0400: 176.060: [GC (GCLocker Initiated GC) [PSYoungGen: 173854K->85986K(175104K)] 240300K->195436K(699392K), 0.0141333 secs] [Times: user=0.16 sys=0.00, real=0.02 secs] 
2016-09-24T00:20:08.932-0400: 176.172: [GC (GCLocker Initiated GC) [PSYoungGen: 174050K->55547K(175104K)] 283518K->226229K(699392K), 0.0121402 secs] [Times: user=0.16 sys=0.00, real=0.02 secs] 
2016-09-24T00:20:09.057-0400: 176.297: [GC (GCLocker Initiated GC) [PSYoungGen: 143611K->61266K(175104K)] 314358K->250490K(699392K), 0.0303307 secs] [Times: user=0.27 sys=0.00, real=0.03 secs] 
2016-09-24T00:20:09.218-0400: 176.457: [GC (GCLocker Initiated GC) [PSYoungGen: 149330K->61490K(175104K)] 338860K->305995K(699392K), 0.0145442 secs] [Times: user=0.13 sys=0.00, real=0.01 secs] 
2016-09-24T00:20:09.351-0400: 176.590: [GC (Allocation Failure) [PSYoungGen: 149554K->61230K(175104K)] 394157K->324317K(699392K), 0.0141071 secs] [Times: user=0.14 sys=0.01, real=0.02 secs] 
2016-09-24T00:20:09.494-0400: 176.734: [GC (GCLocker Initiated GC) [PSYoungGen: 149294K->73804K(175104K)] 412387K->385625K(699392K), 0.0121033 secs] [Times: user=0.17 sys=0.00, real=0.01 secs] 
2016-09-24T00:20:09.654-0400: 176.893: [GC (GCLocker Initiated GC) [PSYoungGen: 161868K->73608K(175104K)] 480074K->410298K(699392K), 0.0084172 secs] [Times: user=0.09 sys=0.00, real=0.01 secs] 
2016-09-24T00:20:09.777-0400: 177.016: [GC (Allocation Failure) [PSYoungGen: 161672K->79747K(175104K)] 498645K->435088K(699392K), 0.0109647 secs] [Times: user=0.14 sys=0.00, real=0.01 secs] 
2016-09-24T00:20:09.905-0400: 177.144: [GC (GCLocker Initiated GC) [PSYoungGen: 167811K->73612K(175104K)] 523158K->489821K(699392K), 0.0162652 secs] [Times: user=0.13 sys=0.00, real=0.01 secs] 
2016-09-24T00:20:10.017-0400: 177.257: [GC (GCLocker Initiated GC) [PSYoungGen: 161676K->85858K(175104K)] 578045K->514668K(699392K), 0.0221801 secs] [Times: user=0.24 sys=0.00, real=0.02 secs] 
2016-09-24T00:20:10.147-0400: 177.386: [GC (GCLocker Initiated GC) [PSYoungGen: 173922K->79391K(175104K)] 602762K->538874K(699392K), 0.0099859 secs] [Times: user=0.10 sys=0.00, real=0.01 secs] 
2016-09-24T00:20:10.157-0400: 177.396: [Full GC (Ergonomics) [PSYoungGen: 79391K->0K(175104K)] [ParOldGen: 459483K->48100K(524288K)] 538874K->48100K(699392K), [Metaspace: 44510K->44510K(1087488K)], 0.0558998 secs] [Times: user=0.30 sys=0.00, real=0.05 secs] 
2016-09-24T00:20:10.356-0400: 177.595: [GC (Allocation Failure) [PSYoungGen: 88064K->67857K(175104K)] 142269K->122062K(699392K), 0.0077715 secs] [Times: user=0.08 sys=0.01, real=0.01 secs] 
2016-09-24T00:20:10.484-0400: 177.723: [GC (GCLocker Initiated GC) [PSYoungGen: 154983K->55351K(175104K)] 215263K->158696K(699392K), 0.0099363 secs] [Times: user=0.10 sys=0.00, real=0.00 secs] 
2016-09-24T00:20:10.645-0400: 177.884: [GC (Allocation Failure) [PSYoungGen: 143415K->37354K(175104K)] 265250K->177681K(699392K), 0.0078182 secs] [Times: user=0.08 sys=0.01, real=0.00 secs] 
2016-09-24T00:20:10.786-0400: 178.026: [GC (GCLocker Initiated GC) [PSYoungGen: 125418K->55127K(175104K)] 265745K->195714K(699392K), 0.0093299 secs] [Times: user=0.06 sys=0.00, real=0.01 secs] 
2016-09-24T00:20:10.907-0400: 178.147: [GC (GCLocker Initiated GC) [PSYoungGen: 143191K->49180K(175104K)] 290113K->220505K(699392K), 0.0158182 secs] [Times: user=0.14 sys=0.00, real=0.02 secs] 
2016-09-24T00:20:11.048-0400: 178.287: [GC (GCLocker Initiated GC) [PSYoungGen: 137244K->85922K(175104K)] 308785K->294048K(699392K), 0.0149817 secs] [Times: user=0.15 sys=0.00, real=0.02 secs] 
2016-09-24T00:20:11.204-0400: 178.443: [GC (GCLocker Initiated GC) [PSYoungGen: 173986K->79391K(175104K)] 382155K->336616K(699392K), 0.0148667 secs] [Times: user=0.14 sys=0.01, real=0.01 secs] 
2016-09-24T00:20:11.316-0400: 178.555: [GC (Allocation Failure) [PSYoungGen: 167455K->67373K(175104K)] 425007K->343230K(699392K), 0.0166211 secs] [Times: user=0.15 sys=0.00, real=0.01 secs] 
2016-09-24T00:20:11.462-0400: 178.702: [GC (Allocation Failure) [PSYoungGen: 155437K->55287K(175104K)] 431294K->380019K(699392K), 0.0255881 secs] [Times: user=0.28 sys=0.00, real=0.03 secs] 
2016-09-24T00:20:11.621-0400: 178.860: [GC (GCLocker Initiated GC) [PSYoungGen: 143351K->73708K(175104K)] 468084K->416786K(699392K), 0.0097226 secs] [Times: user=0.09 sys=0.01, real=0.01 secs] 
2016-09-24T00:20:11.754-0400: 178.993: [GC (GCLocker Initiated GC) [PSYoungGen: 161772K->36870K(175104K)] 511118K->404692K(699392K), 0.0212516 secs] [Times: user=0.22 sys=0.01, real=0.03 secs] 
2016-09-24T00:20:11.901-0400: 179.141: [GC (GCLocker Initiated GC) [PSYoungGen: 124934K->37030K(175104K)] 499674K->411865K(699392K), 0.0078403 secs] [Times: user=0.07 sys=0.00, real=0.01 secs] 
2016-09-24T00:20:12.029-0400: 179.269: [GC (Allocation Failure) [PSYoungGen: 125094K->67373K(175104K)] 506208K->466972K(699392K), 0.0237851 secs] [Times: user=0.26 sys=0.00, real=0.02 secs] 
2016-09-24T00:20:12.145-0400: 179.384: [GC (GCLocker Initiated GC) [PSYoungGen: 153042K->73804K(175104K)] 558716K->479769K(699392K), 0.0174538 secs] [Times: user=0.20 sys=0.00, real=0.02 secs] 
2016-09-24T00:20:12.294-0400: 179.534: [GC (GCLocker Initiated GC) [PSYoungGen: 161868K->24848K(175104K)] 580032K->473802K(699392K), 0.0272155 secs] [Times: user=0.26 sys=0.00, real=0.02 secs] 
2016-09-24T00:20:12.445-0400: 179.685: [GC (GCLocker Initiated GC) [PSYoungGen: 112912K->73772K(175104K)] 562030K->553353K(699392K), 0.0233059 secs] [Times: user=0.25 sys=0.00, real=0.02 secs] 
2016-09-24T00:20:12.469-0400: 179.708: [Full GC (Ergonomics) [PSYoungGen: 73772K->0K(175104K)] [ParOldGen: 479581K->54418K(524288K)] 553353K->54418K(699392K), [Metaspace: 44517K->44517K(1087488K)], 0.0535444 secs] [Times: user=0.30 sys=0.00, real=0.06 secs] 
2016-09-24T00:20:12.632-0400: 179.872: [GC (GCLocker Initiated GC) [PSYoungGen: 88064K->79911K(175104K)] 142541K->134388K(699392K), 0.0096867 secs] [Times: user=0.05 sys=0.00, real=0.01 secs] 
2016-09-24T00:20:12.758-0400: 179.998: [GC (Allocation Failure) [PSYoungGen: 167975K->37357K(175104K)] 228866K->177747K(699392K), 0.0259067 secs] [Times: user=0.29 sys=0.00, real=0.03 secs] 
2016-09-24T00:20:12.889-0400: 180.129: [GC (GCLocker Initiated GC) [PSYoungGen: 125421K->85854K(175104K)] 265818K->250873K(699392K), 0.0117183 secs] [Times: user=0.17 sys=0.00, real=0.01 secs] 
2016-09-24T00:20:13.045-0400: 180.284: [GC (GCLocker Initiated GC) [PSYoungGen: 173918K->55351K(175104K)] 339635K->239412K(699392K), 0.0099450 secs] [Times: user=0.13 sys=0.00, real=0.01 secs] 
2016-09-24T00:20:13.171-0400: 180.410: [GC (GCLocker Initiated GC) [PSYoungGen: 143415K->61262K(175104K)] 327518K->245641K(699392K), 0.0150447 secs] [Times: user=0.19 sys=0.00, real=0.02 secs] 
2016-09-24T00:20:13.282-0400: 180.522: [GC (GCLocker Initiated GC) [PSYoungGen: 149326K->79943K(175104K)] 333869K->288914K(699392K), 0.0103793 secs] [Times: user=0.11 sys=0.00, real=0.00 secs] 
2016-09-24T00:20:13.425-0400: 180.664: [GC (GCLocker Initiated GC) [PSYoungGen: 168007K->85658K(175104K)] 383173K->331827K(699392K), 0.0107550 secs] [Times: user=0.15 sys=0.00, real=0.01 secs] 
2016-09-24T00:20:13.567-0400: 180.807: [GC (Allocation Failure) [PSYoungGen: 173722K->19164K(175104K)] 432205K->326383K(699392K), 0.0078120 secs] [Times: user=0.08 sys=0.00, real=0.01 secs] 
2016-09-24T00:20:13.714-0400: 180.953: [GC (GCLocker Initiated GC) [PSYoungGen: 106025K->55319K(175104K)] 419319K->368904K(699392K), 0.0069601 secs] [Times: user=0.09 sys=0.00, real=0.01 secs] 
2016-09-24T00:20:13.842-0400: 181.082: [GC (GCLocker Initiated GC) [PSYoungGen: 143383K->85822K(175104K)] 457022K->436210K(699392K), 0.0113772 secs] [Times: user=0.16 sys=0.01, real=0.00 secs] 
2016-09-24T00:20:13.982-0400: 181.221: [GC (GCLocker Initiated GC) [PSYoungGen: 173886K->43301K(175104K)] 524496K->442630K(699392K), 0.0172369 secs] [Times: user=0.17 sys=0.00, real=0.02 secs] 
2016-09-24T00:20:14.102-0400: 181.342: [GC (GCLocker Initiated GC) [PSYoungGen: 131365K->55351K(175104K)] 548961K->491455K(699392K), 0.0102999 secs] [Times: user=0.09 sys=0.01, real=0.00 secs] 
2016-09-24T00:20:14.254-0400: 181.493: [GC (GCLocker Initiated GC) [PSYoungGen: 143415K->37453K(175104K)] 592014K->498290K(699392K), 0.0144303 secs] [Times: user=0.13 sys=0.00, real=0.02 secs] 
2016-09-24T00:20:14.268-0400: 181.508: [Full GC (Ergonomics) [PSYoungGen: 37453K->0K(175104K)] [ParOldGen: 460836K->54372K(524288K)] 498290K->54372K(699392K), [Metaspace: 44517K->44517K(1087488K)], 0.0559463 secs] [Times: user=0.34 sys=0.01, real=0.06 secs] 
2016-09-24T00:20:14.431-0400: 181.671: [GC (GCLocker Initiated GC) [PSYoungGen: 88064K->85658K(175104K)] 149275K->171169K(699392K), 0.0121956 secs] [Times: user=0.16 sys=0.00, real=0.02 secs] 
2016-09-24T00:20:14.563-0400: 181.803: [GC (GCLocker Initiated GC) [PSYoungGen: 173722K->37517K(175104K)] 271531K->190129K(699392K), 0.0165035 secs] [Times: user=0.17 sys=0.00, real=0.01 secs] 
2016-09-24T00:20:14.706-0400: 181.945: [GC (GCLocker Initiated GC) [PSYoungGen: 125581K->55319K(175104K)] 284321K->232723K(699392K), 0.0217963 secs] [Times: user=0.21 sys=0.00, real=0.02 secs] 
2016-09-24T00:20:14.848-0400: 182.087: [GC (GCLocker Initiated GC) [PSYoungGen: 143383K->73544K(175104K)] 327049K->257298K(699392K), 0.0132961 secs] [Times: user=0.13 sys=0.00, real=0.01 secs] 
2016-09-24T00:20:14.999-0400: 182.238: [GC (GCLocker Initiated GC) [PSYoungGen: 161608K->73644K(175104K)] 345656K->257819K(699392K), 0.0068409 secs] [Times: user=0.06 sys=0.00, real=0.01 secs] 
2016-09-24T00:20:15.121-0400: 182.360: [GC (GCLocker Initiated GC) [PSYoungGen: 161708K->61426K(175104K)] 346009K->276353K(699392K), 0.0086834 secs] [Times: user=0.09 sys=0.00, real=0.01 secs] 
2016-09-24T00:20:15.244-0400: 182.484: [GC (GCLocker Initiated GC) [PSYoungGen: 149490K->73740K(175104K)] 370730K->295083K(699392K), 0.0174891 secs] [Times: user=0.19 sys=0.00, real=0.01 secs] 
2016-09-24T00:20:15.419-0400: 182.659: [GC (GCLocker Initiated GC) [PSYoungGen: 161804K->55255K(175104K)] 383239K->295198K(699392K), 0.0219438 secs] [Times: user=0.24 sys=0.00, real=0.02 secs] 
2016-09-24T00:20:15.536-0400: 182.776: [GC (GCLocker Initiated GC) [PSYoungGen: 143319K->85726K(175104K)] 383528K->332286K(699392K), 0.0325778 secs] [Times: user=0.36 sys=0.01, real=0.03 secs] 
2016-09-24T00:20:15.718-0400: 182.957: [GC (GCLocker Initiated GC) [PSYoungGen: 173790K->61298K(175104K)] 420632K->344882K(699392K), 0.0154095 secs] [Times: user=0.17 sys=0.02, real=0.01 secs] 
2016-09-24T00:20:15.846-0400: 183.085: [GC (GCLocker Initiated GC) [PSYoungGen: 149362K->61330K(175104K)] 433082K->357460K(699392K), 0.0258649 secs] [Times: user=0.22 sys=0.00, real=0.02 secs] 
2016-09-24T00:20:16.004-0400: 183.243: [GC (Allocation Failure) [PSYoungGen: 149394K->43173K(175104K)] 445683K->375999K(699392K), 0.0239119 secs] [Times: user=0.20 sys=0.00, real=0.02 secs] 
2016-09-24T00:20:16.124-0400: 183.364: [GC (GCLocker Initiated GC) [PSYoungGen: 131237K->73448K(175104K)] 464069K->406547K(699392K), 0.0131563 secs] [Times: user=0.11 sys=0.00, real=0.01 secs] 
2016-09-24T00:20:16.265-0400: 183.504: [GC (GCLocker Initiated GC) [PSYoungGen: 161512K->61166K(175104K)] 494771K->443113K(699392K), 0.0224933 secs] [Times: user=0.22 sys=0.00, real=0.02 secs] 
2016-09-24T00:20:16.409-0400: 183.649: [GC (GCLocker Initiated GC) [PSYoungGen: 149230K->80271K(175104K)] 543419K->504979K(699392K), 0.0093552 secs] [Times: user=0.12 sys=0.01, real=0.01 secs] 
2016-09-24T00:20:16.534-0400: 183.774: [GC (GCLocker Initiated GC) [PSYoungGen: 168335K->55255K(175104K)] 599130K->529187K(699392K), 0.0106664 secs] [Times: user=0.10 sys=0.00, real=0.01 secs] 
2016-09-24T00:20:16.545-0400: 183.784: [Full GC (Ergonomics) [PSYoungGen: 55255K->0K(175104K)] [ParOldGen: 473932K->48274K(524288K)] 529187K->48274K(699392K), [Metaspace: 44522K->44522K(1087488K)], 0.0583101 secs] [Times: user=0.37 sys=0.01, real=0.06 secs] 
2016-09-24T00:20:16.710-0400: 183.950: [GC (GCLocker Initiated GC) [PSYoungGen: 88064K->85758K(175104K)] 136375K->158369K(699392K), 0.0169710 secs] [Times: user=0.21 sys=0.00, real=0.02 secs] 
2016-09-24T00:20:16.883-0400: 184.122: [GC (GCLocker Initiated GC) [PSYoungGen: 173822K->37190K(175104K)] 246876K->189526K(699392K), 0.0154807 secs] [Times: user=0.17 sys=0.00, real=0.01 secs] 
2016-09-24T00:20:17.012-0400: 184.251: [GC (GCLocker Initiated GC) [PSYoungGen: 125254K->85626K(175104K)] 277638K->256511K(699392K), 0.0173941 secs] [Times: user=0.18 sys=0.00, real=0.02 secs] 
2016-09-24T00:20:17.140-0400: 184.380: [GC (Allocation Failure) [PSYoungGen: 173690K->61558K(175104K)] 344930K->281533K(699392K), 0.0234820 secs] [Times: user=0.26 sys=0.00, real=0.03 secs] 
2016-09-24T00:20:17.275-0400: 184.514: [GC (GCLocker Initiated GC) [PSYoungGen: 149622K->85726K(175104K)] 369603K->324380K(699392K), 0.0168140 secs] [Times: user=0.16 sys=0.00, real=0.01 secs] 
2016-09-24T00:20:17.411-0400: 184.650: [GC (GCLocker Initiated GC) [PSYoungGen: 173790K->85726K(175104K)] 412659K->349179K(699392K), 0.0221432 secs] [Times: user=0.21 sys=0.00, real=0.02 secs] 
2016-09-24T00:20:17.582-0400: 184.821: [GC (GCLocker Initiated GC) [PSYoungGen: 173790K->19000K(175104K)] 455818K->343821K(699392K), 0.0101616 secs] [Times: user=0.10 sys=0.00, real=0.01 secs] 
2016-09-24T00:20:17.718-0400: 184.957: [GC (GCLocker Initiated GC) [PSYoungGen: 107064K->73448K(175104K)] 432246K->398897K(699392K), 0.0205239 secs] [Times: user=0.21 sys=0.02, real=0.02 secs] 
2016-09-24T00:20:17.869-0400: 185.109: [GC (GCLocker Initiated GC) [PSYoungGen: 161512K->79551K(175104K)] 486997K->411222K(699392K), 0.0266170 secs] [Times: user=0.28 sys=0.00, real=0.03 secs] 
2016-09-24T00:20:18.012-0400: 185.252: [GC (GCLocker Initiated GC) [PSYoungGen: 167615K->79847K(175104K)] 499598K->436273K(699392K), 0.0159657 secs] [Times: user=0.19 sys=0.00, real=0.02 secs] 
2016-09-24T00:20:18.154-0400: 185.393: [GC (GCLocker Initiated GC) [PSYoungGen: 167911K->49048K(175104K)] 530566K->430204K(699392K), 0.0140672 secs] [Times: user=0.17 sys=0.00, real=0.02 secs] 
2016-09-24T00:20:18.285-0400: 185.524: [GC (GCLocker Initiated GC) [PSYoungGen: 137112K->79847K(175104K)] 518478K->485657K(699392K), 0.0114269 secs] [Times: user=0.12 sys=0.00, real=0.01 secs] 
2016-09-24T00:20:18.451-0400: 185.691: [GC (GCLocker Initiated GC) [PSYoungGen: 167911K->37062K(175104K)] 586114K->491991K(699392K), 0.0089505 secs] [Times: user=0.07 sys=0.00, real=0.01 secs] 
2016-09-24T00:20:18.590-0400: 185.830: [GC (Allocation Failure) [PSYoungGen: 125126K->55159K(175104K)] 580494K->510614K(699392K), 0.0409406 secs] [Times: user=0.45 sys=0.00, real=0.04 secs] 
2016-09-24T00:20:18.719-0400: 185.958: [GC (Allocation Failure) [PSYoungGen: 140149K->49216K(175104K)] 595605K->529223K(699392K), 0.0246501 secs] [Times: user=0.24 sys=0.00, real=0.03 secs] 
2016-09-24T00:20:18.744-0400: 185.983: [Full GC (Ergonomics) [PSYoungGen: 49216K->0K(175104K)] [ParOldGen: 480007K->48349K(524288K)] 529223K->48349K(699392K), [Metaspace: 44526K->44526K(1087488K)], 0.0556410 secs] [Times: user=0.42 sys=0.01, real=0.05 secs] 
2016-09-24T00:20:18.907-0400: 186.147: [GC (GCLocker Initiated GC) [PSYoungGen: 85568K->86082K(175104K)] 139993K->146581K(699392K), 0.0182688 secs] [Times: user=0.22 sys=0.00, real=0.02 secs] 
2016-09-24T00:20:19.059-0400: 186.299: [GC (GCLocker Initiated GC) [PSYoungGen: 174146K->61654K(175104K)] 234995K->159697K(699392K), 0.0183080 secs] [Times: user=0.20 sys=0.01, real=0.02 secs] 
2016-09-24T00:20:19.211-0400: 186.451: [GC (GCLocker Initiated GC) [PSYoungGen: 149718K->43105K(175104K)] 254203K->184627K(699392K), 0.0144665 secs] [Times: user=0.17 sys=0.00, real=0.02 secs] 
2016-09-24T00:20:19.336-0400: 186.576: [GC (Allocation Failure) [PSYoungGen: 131169K->55451K(175104K)] 273047K->215649K(699392K), 0.0107862 secs] [Times: user=0.09 sys=0.01, real=0.01 secs] 
2016-09-24T00:20:19.466-0400: 186.705: [GC (GCLocker Initiated GC) [PSYoungGen: 143509K->67277K(175104K)] 303714K->258099K(699392K), 0.0140242 secs] [Times: user=0.10 sys=0.00, real=0.01 secs] 
2016-09-24T00:20:19.605-0400: 186.844: [GC (GCLocker Initiated GC) [PSYoungGen: 155341K->61298K(175104K)] 346300K->276637K(699392K), 0.0302925 secs] [Times: user=0.29 sys=0.00, real=0.03 secs] 
2016-09-24T00:20:19.741-0400: 186.980: [GC (GCLocker Initiated GC) [PSYoungGen: 149362K->86022K(175104K)] 364911K->332073K(699392K), 0.0517155 secs] [Times: user=0.60 sys=0.00, real=0.05 secs] 
2016-09-24T00:20:19.919-0400: 187.158: [GC (GCLocker Initiated GC) [PSYoungGen: 174086K->61330K(175104K)] 420347K->350383K(699392K), 0.0188882 secs] [Times: user=0.18 sys=0.00, real=0.02 secs] 
2016-09-24T00:20:20.072-0400: 187.311: [GC (GCLocker Initiated GC) [PSYoungGen: 149394K->49016K(175104K)] 444688K->374928K(699392K), 0.0208707 secs] [Times: user=0.18 sys=0.00, real=0.02 secs] 
2016-09-24T00:20:20.215-0400: 187.455: [GC (Allocation Failure) [PSYoungGen: 137080K->67601K(175104K)] 469176K->405859K(699392K), 0.0311329 secs] [Times: user=0.34 sys=0.00, real=0.03 secs] 
2016-09-24T00:20:20.378-0400: 187.617: [GC (GCLocker Initiated GC) [PSYoungGen: 151363K->37098K(175104K)] 495697K->412222K(699392K), 0.0179322 secs] [Times: user=0.15 sys=0.01, real=0.02 secs] 
2016-09-24T00:20:20.502-0400: 187.742: [GC (GCLocker Initiated GC) [PSYoungGen: 125162K->42941K(175104K)] 500288K->436723K(699392K), 0.0217291 secs] [Times: user=0.23 sys=0.00, real=0.02 secs] 
2016-09-24T00:20:20.629-0400: 187.868: [GC (GCLocker Initiated GC) [PSYoungGen: 131005K->85922K(175104K)] 524836K->485940K(699392K), 0.0183599 secs] [Times: user=0.20 sys=0.00, real=0.02 secs] 
2016-09-24T00:20:20.763-0400: 188.002: [GC (GCLocker Initiated GC) [PSYoungGen: 173986K->73576K(175104K)] 574230K->492500K(699392K), 0.0119192 secs] [Times: user=0.10 sys=0.00, real=0.01 secs] 
2016-09-24T00:20:20.895-0400: 188.134: [GC (GCLocker Initiated GC) [PSYoungGen: 161639K->49148K(175104K)] 586982K->511029K(699392K), 0.0146945 secs] [Times: user=0.15 sys=0.01, real=0.01 secs] 
2016-09-24T00:20:21.023-0400: 188.262: [GC (GCLocker Initiated GC) [PSYoungGen: 137212K->73580K(175104K)] 599129K->535585K(699392K), 0.0112424 secs] [Times: user=0.09 sys=0.00, real=0.00 secs] 
2016-09-24T00:20:21.197-0400: 188.436: [GC (GCLocker Initiated GC) [PSYoungGen: 161644K->30727K(175104K)] 629832K->554030K(699392K), 0.0161235 secs] [Times: user=0.16 sys=0.01, real=0.01 secs] 
2016-09-24T00:20:21.213-0400: 188.452: [Full GC (Ergonomics) [PSYoungGen: 30727K->0K(175104K)] [ParOldGen: 523303K->42560K(524288K)] 554030K->42560K(699392K), [Metaspace: 44526K->44526K(1087488K)], 0.0603438 secs] [Times: user=0.31 sys=0.01, real=0.06 secs] 
2016-09-24T00:20:21.388-0400: 188.628: [GC (GCLocker Initiated GC) [PSYoungGen: 88064K->67757K(175104K)] 136741K->116434K(699392K), 0.0229828 secs] [Times: user=0.20 sys=0.00, real=0.02 secs] 
2016-09-24T00:20:21.539-0400: 188.778: [GC (GCLocker Initiated GC) [PSYoungGen: 155821K->61426K(175104K)] 210923K->189951K(699392K), 0.0136899 secs] [Times: user=0.12 sys=0.00, real=0.01 secs] 
2016-09-24T00:20:21.664-0400: 188.904: [GC (GCLocker Initiated GC) [PSYoungGen: 149490K->73512K(175104K)] 284373K->208679K(699392K), 0.0074101 secs] [Times: user=0.06 sys=0.00, real=0.00 secs] 
2016-09-24T00:20:21.819-0400: 189.059: [GC (GCLocker Initiated GC) [PSYoungGen: 161576K->49276K(175104K)] 309125K->233395K(699392K), 0.0073923 secs] [Times: user=0.08 sys=0.00, real=0.01 secs] 
2016-09-24T00:20:21.934-0400: 189.173: [GC (GCLocker Initiated GC) [PSYoungGen: 137340K->73416K(175104K)] 321507K->269836K(699392K), 0.0107450 secs] [Times: user=0.07 sys=0.00, real=0.02 secs] 
2016-09-24T00:20:22.065-0400: 189.304: [GC (GCLocker Initiated GC) [PSYoungGen: 161480K->61426K(175104K)] 358245K->331382K(699392K), 0.0109772 secs] [Times: user=0.12 sys=0.00, real=0.01 secs] 
2016-09-24T00:20:22.228-0400: 189.468: [GC (GCLocker Initiated GC) [PSYoungGen: 149490K->37130K(175104K)] 431912K->319804K(699392K), 0.0135814 secs] [Times: user=0.15 sys=0.00, real=0.01 secs] 
2016-09-24T00:20:22.368-0400: 189.607: [GC (GCLocker Initiated GC) [PSYoungGen: 125194K->37453K(175104K)] 414259K->326794K(699392K), 0.0086595 secs] [Times: user=0.10 sys=0.01, real=0.01 secs] 
2016-09-24T00:20:22.483-0400: 189.723: [GC (GCLocker Initiated GC) [PSYoungGen: 125517K->73676K(175104K)] 415202K->381697K(699392K), 0.0285724 secs] [Times: user=0.29 sys=0.00, real=0.02 secs] 
2016-09-24T00:20:22.631-0400: 189.871: [GC (GCLocker Initiated GC) [PSYoungGen: 161740K->85822K(175104K)] 469858K->430698K(699392K), 0.0105908 secs] [Times: user=0.15 sys=0.01, real=0.02 secs] 
2016-09-24T00:20:22.744-0400: 189.983: [GC (GCLocker Initiated GC) [PSYoungGen: 173886K->49340K(175104K)] 519067K->449503K(699392K), 0.0109617 secs] [Times: user=0.12 sys=0.00, real=0.01 secs] 
2016-09-24T00:20:22.855-0400: 190.095: [GC (GCLocker Initiated GC) [PSYoungGen: 137404K->73644K(175104K)] 543768K->516750K(699392K), 0.0325270 secs] [Times: user=0.35 sys=0.00, real=0.03 secs] 
2016-09-24T00:20:22.888-0400: 190.127: [Full GC (Ergonomics) [PSYoungGen: 73644K->0K(175104K)] [ParOldGen: 443106K->60969K(524288K)] 516750K->60969K(699392K), [Metaspace: 44527K->44527K(1087488K)], 0.0584203 secs] [Times: user=0.34 sys=0.01, real=0.06 secs] 
2016-09-24T00:20:23.042-0400: 190.282: [GC (GCLocker Initiated GC) [PSYoungGen: 88064K->86694K(175104K)] 149208K->172139K(699392K), 0.0181961 secs] [Times: user=0.23 sys=0.01, real=0.01 secs] 
2016-09-24T00:20:23.172-0400: 190.412: [GC (GCLocker Initiated GC) [PSYoungGen: 174758K->79455K(175104K)] 266376K->214557K(699392K), 0.0120025 secs] [Times: user=0.15 sys=0.00, real=0.02 secs] 
2016-09-24T00:20:23.302-0400: 190.541: [GC (GCLocker Initiated GC) [PSYoungGen: 167519K->43205K(175104K)] 315021K->227260K(699392K), 0.0181396 secs] [Times: user=0.17 sys=0.00, real=0.02 secs] 
2016-09-24T00:20:23.465-0400: 190.704: [GC (GCLocker Initiated GC) [PSYoungGen: 131269K->55255K(175104K)] 315382K->258032K(699392K), 0.0129267 secs] [Times: user=0.12 sys=0.01, real=0.01 secs] 
2016-09-24T00:20:23.596-0400: 190.836: [GC (Allocation Failure) [PSYoungGen: 143319K->85598K(175104K)] 346138K->294572K(699392K), 0.0187865 secs] [Times: user=0.18 sys=0.00, real=0.02 secs] 
2016-09-24T00:20:23.704-0400: 190.943: [GC (GCLocker Initiated GC) [PSYoungGen: 168767K->55387K(175104K)] 383817K->319327K(699392K), 0.0174922 secs] [Times: user=0.17 sys=0.00, real=0.01 secs] 
2016-09-24T00:20:23.846-0400: 191.086: [GC (GCLocker Initiated GC) [PSYoungGen: 143451K->73480K(175104K)] 407551K->356080K(699392K), 0.0251043 secs] [Times: user=0.23 sys=0.00, real=0.02 secs] 
2016-09-24T00:20:23.986-0400: 191.226: [GC (GCLocker Initiated GC) [PSYoungGen: 161544K->85986K(175104K)] 444192K->417534K(699392K), 0.0120900 secs] [Times: user=0.18 sys=0.01, real=0.01 secs] 
2016-09-24T00:20:24.122-0400: 191.361: [GC (GCLocker Initiated GC) [PSYoungGen: 174050K->61326K(175104K)] 511716K->478306K(699392K), 0.0113252 secs] [Times: user=0.16 sys=0.00, real=0.01 secs] 
2016-09-24T00:20:24.251-0400: 191.491: [GC (GCLocker Initiated GC) [PSYoungGen: 149390K->79783K(175104K)] 566468K->515190K(699392K), 0.0244311 secs] [Times: user=0.26 sys=0.00, real=0.03 secs] 
2016-09-24T00:20:24.415-0400: 191.654: [Full GC (Ergonomics) [PSYoungGen: 167847K->0K(175104K)] [ParOldGen: 441685K->46740K(524288K)] 609532K->46740K(699392K), [Metaspace: 44527K->44527K(1087488K)], 0.1252467 secs] [Times: user=1.15 sys=0.03, real=0.12 secs] 
2016-09-24T00:20:24.646-0400: 191.886: [GC (GCLocker Initiated GC) [PSYoungGen: 88064K->86602K(175104K)] 141128K->163966K(699392K), 0.0109027 secs] [Times: user=0.17 sys=0.00, real=0.01 secs] 
2016-09-24T00:20:24.770-0400: 192.010: [GC (Allocation Failure) [PSYoungGen: 174666K->73672K(175104K)] 252117K->206549K(699392K), 0.0131711 secs] [Times: user=0.18 sys=0.00, real=0.02 secs] 
2016-09-24T00:20:24.888-0400: 192.128: [GC (GCLocker Initiated GC) [PSYoungGen: 161736K->73672K(175104K)] 294613K->285856K(699392K), 0.0141621 secs] [Times: user=0.20 sys=0.00, real=0.02 secs] 
2016-09-24T00:20:25.032-0400: 192.271: [GC (Allocation Failure) [PSYoungGen: 161736K->61426K(175104K)] 380294K->298337K(699392K), 0.0102256 secs] [Times: user=0.13 sys=0.00, real=0.02 secs] 
2016-09-24T00:20:25.150-0400: 192.390: [GC (GCLocker Initiated GC) [PSYoungGen: 146485K->55223K(175104K)] 389471K->316701K(699392K), 0.0169400 secs] [Times: user=0.15 sys=0.01, real=0.02 secs] 
2016-09-24T00:20:25.289-0400: 192.528: [GC (GCLocker Initiated GC) [PSYoungGen: 143286K->61234K(175104K)] 411201K->329408K(699392K), 0.0319886 secs] [Times: user=0.31 sys=0.01, real=0.03 secs] 
2016-09-24T00:20:25.461-0400: 192.700: [GC (GCLocker Initiated GC) [PSYoungGen: 149298K->67337K(175104K)] 423706K->360238K(699392K), 0.0165546 secs] [Times: user=0.17 sys=0.01, real=0.02 secs] 
2016-09-24T00:20:25.599-0400: 192.838: [GC (GCLocker Initiated GC) [PSYoungGen: 155401K->49248K(175104K)] 448540K->372850K(699392K), 0.0143777 secs] [Times: user=0.13 sys=0.00, real=0.01 secs] 
2016-09-24T00:20:25.713-0400: 192.952: [GC (GCLocker Initiated GC) [PSYoungGen: 137312K->36902K(175104K)] 460950K->391174K(699392K), 0.0350054 secs] [Times: user=0.33 sys=0.00, real=0.04 secs] 
2016-09-24T00:20:25.860-0400: 193.099: [GC (GCLocker Initiated GC) [PSYoungGen: 124966K->61330K(175104K)] 479736K->434437K(699392K), 0.0083536 secs] [Times: user=0.08 sys=0.00, real=0.01 secs] 
2016-09-24T00:20:25.995-0400: 193.235: [GC (GCLocker Initiated GC) [PSYoungGen: 149394K->67729K(175104K)] 522627K->465521K(699392K), 0.0173760 secs] [Times: user=0.14 sys=0.00, real=0.01 secs] 
2016-09-24T00:20:26.112-0400: 193.352: [GC (GCLocker Initiated GC) [PSYoungGen: 155793K->55027K(175104K)] 553812K->483936K(699392K), 0.0383154 secs] [Times: user=0.38 sys=0.00, real=0.04 secs] 
2016-09-24T00:20:26.262-0400: 193.501: [GC (GCLocker Initiated GC) [PSYoungGen: 143091K->85826K(175104K)] 572160K->533255K(699392K), 0.0142151 secs] [Times: user=0.14 sys=0.01, real=0.02 secs] 
2016-09-24T00:20:26.406-0400: 193.645: [GC (GCLocker Initiated GC) [PSYoungGen: 173890K->79359K(175104K)] 621372K->575873K(699392K), 0.0423689 secs] [Times: user=0.48 sys=0.01, real=0.04 secs] 
2016-09-24T00:20:26.448-0400: 193.688: [Full GC (Ergonomics) [PSYoungGen: 79359K->0K(175104K)] [ParOldGen: 496514K->47104K(524288K)] 575873K->47104K(699392K), [Metaspace: 44527K->44527K(1087488K)], 0.0622067 secs] [Times: user=0.32 sys=0.01, real=0.06 secs] 
2016-09-24T00:20:26.609-0400: 193.849: [GC (GCLocker Initiated GC) [PSYoungGen: 88064K->86210K(175104K)] 135366K->157812K(699392K), 0.0101628 secs] [Times: user=0.11 sys=0.00, real=0.01 secs] 
2016-09-24T00:20:26.772-0400: 194.011: [GC (Allocation Failure) [PSYoungGen: 174274K->49180K(175104K)] 246091K->188502K(699392K), 0.0108698 secs] [Times: user=0.10 sys=0.00, real=0.02 secs] 
2016-09-24T00:20:26.890-0400: 194.129: [GC (GCLocker Initiated GC) [PSYoungGen: 137244K->85726K(175104K)] 276566K->280015K(699392K), 0.0177472 secs] [Times: user=0.18 sys=0.00, real=0.02 secs] 
2016-09-24T00:20:27.023-0400: 194.262: [GC (GCLocker Initiated GC) [PSYoungGen: 173790K->55027K(175104K)] 368323K->286277K(699392K), 0.0192514 secs] [Times: user=0.19 sys=0.00, real=0.01 secs] 
2016-09-24T00:20:27.150-0400: 194.390: [GC (GCLocker Initiated GC) [PSYoungGen: 143091K->49539K(175104K)] 386841K->311634K(699392K), 0.0134000 secs] [Times: user=0.13 sys=0.00, real=0.02 secs] 
2016-09-24T00:20:27.279-0400: 194.519: [GC (GCLocker Initiated GC) [PSYoungGen: 137603K->73544K(175104K)] 406028K->342243K(699392K), 0.0176815 secs] [Times: user=0.16 sys=0.00, real=0.02 secs] 
2016-09-24T00:20:27.427-0400: 194.667: [GC (GCLocker Initiated GC) [PSYoungGen: 161608K->55579K(175104K)] 442655K->354955K(699392K), 0.0339142 secs] [Times: user=0.41 sys=0.00, real=0.03 secs] 
2016-09-24T00:20:27.596-0400: 194.835: [GC (GCLocker Initiated GC) [PSYoungGen: 143643K->37098K(175104K)] 443106K->336812K(699392K), 0.0056550 secs] [Times: user=0.04 sys=0.00, real=0.00 secs] 
2016-09-24T00:20:27.695-0400: 194.934: [GC (GCLocker Initiated GC) [PSYoungGen: 125162K->73448K(175104K)] 425057K->373423K(699392K), 0.0101435 secs] [Times: user=0.09 sys=0.01, real=0.01 secs] 
2016-09-24T00:20:27.820-0400: 195.059: [GC (GCLocker Initiated GC) [PSYoungGen: 161512K->85922K(175104K)] 461646K->410656K(699392K), 0.0131206 secs] [Times: user=0.16 sys=0.01, real=0.01 secs] 
2016-09-24T00:20:27.932-0400: 195.172: [GC (GCLocker Initiated GC) [PSYoungGen: 173986K->79747K(175104K)] 498773K->465608K(699392K), 0.0222060 secs] [Times: user=0.28 sys=0.00, real=0.03 secs] 
2016-09-24T00:20:28.064-0400: 195.303: [GC (GCLocker Initiated GC) [PSYoungGen: 167811K->55483K(175104K)] 553993K->502699K(699392K), 0.0159072 secs] [Times: user=0.18 sys=0.00, real=0.01 secs] 
2016-09-24T00:20:28.080-0400: 195.319: [Full GC (Ergonomics) [PSYoungGen: 55483K->0K(175104K)] [ParOldGen: 447216K->53391K(524288K)] 502699K->53391K(699392K), [Metaspace: 44527K->44527K(1087488K)], 0.0616871 secs] [Times: user=0.41 sys=0.01, real=0.06 secs] 
2016-09-24T00:20:28.277-0400: 195.516: [GC (GCLocker Initiated GC) [PSYoungGen: 88064K->55519K(175104K)] 154256K->121711K(699392K), 0.0572825 secs] [Times: user=0.55 sys=0.00, real=0.05 secs] 
2016-09-24T00:20:28.482-0400: 195.721: [GC (GCLocker Initiated GC) [PSYoungGen: 143583K->67273K(175104K)] 209929K->158179K(699392K), 0.0288034 secs] [Times: user=0.27 sys=0.00, real=0.03 secs] 
2016-09-24T00:20:28.652-0400: 195.892: [GC (GCLocker Initiated GC) [PSYoungGen: 155337K->61622K(175104K)] 246245K->189123K(699392K), 0.0117752 secs] [Times: user=0.13 sys=0.00, real=0.02 secs] 
2016-09-24T00:20:28.766-0400: 196.006: [GC (GCLocker Initiated GC) [PSYoungGen: 149686K->85854K(175104K)] 277291K->262515K(699392K), 0.0188225 secs] [Times: user=0.20 sys=0.00, real=0.02 secs] 
2016-09-24T00:20:28.900-0400: 196.139: [GC (Allocation Failure) [PSYoungGen: 173918K->61330K(175104K)] 356914K->286970K(699392K), 0.0221233 secs] [Times: user=0.24 sys=0.00, real=0.02 secs] 
2016-09-24T00:20:29.061-0400: 196.300: [GC (GCLocker Initiated GC) [PSYoungGen: 149394K->49112K(175104K)] 375040K->311491K(699392K), 0.0086874 secs] [Times: user=0.09 sys=0.00, real=0.01 secs] 
2016-09-24T00:20:29.168-0400: 196.408: [GC (GCLocker Initiated GC) [PSYoungGen: 137176K->85758K(175104K)] 399603K->360463K(699392K), 0.0215548 secs] [Times: user=0.28 sys=0.00, real=0.02 secs] 
2016-09-24T00:20:29.294-0400: 196.533: [GC (GCLocker Initiated GC) [PSYoungGen: 173822K->79619K(175104K)] 454650K->403256K(699392K), 0.0162078 secs] [Times: user=0.15 sys=0.01, real=0.02 secs] 
2016-09-24T00:20:29.454-0400: 196.693: [GC (GCLocker Initiated GC) [PSYoungGen: 167683K->37421K(175104K)] 509558K->428156K(699392K), 0.0128360 secs] [Times: user=0.11 sys=0.00, real=0.02 secs] 
2016-09-24T00:20:29.623-0400: 196.863: [GC (GCLocker Initiated GC) [PSYoungGen: 125485K->36770K(175104K)] 516659K->428195K(699392K), 0.0066763 secs] [Times: user=0.05 sys=0.01, real=0.00 secs] 
2016-09-24T00:20:29.726-0400: 196.965: [GC (GCLocker Initiated GC) [PSYoungGen: 124834K->79327K(175104K)] 516306K->470871K(699392K), 0.0175013 secs] [Times: user=0.16 sys=0.00, real=0.02 secs] 
2016-09-24T00:20:29.857-0400: 197.096: [GC (GCLocker Initiated GC) [PSYoungGen: 167391K->79815K(175104K)] 558982K->538367K(699392K), 0.0357750 secs] [Times: user=0.38 sys=0.00, real=0.03 secs] 
2016-09-24T00:20:29.893-0400: 197.132: [Full GC (Ergonomics) [PSYoungGen: 79815K->0K(175104K)] [ParOldGen: 458552K->53431K(524288K)] 538367K->53431K(699392K), [Metaspace: 44527K->44527K(1087488K)], 0.0632789 secs] [Times: user=0.37 sys=0.01, real=0.07 secs] 
2016-09-24T00:20:30.098-0400: 197.337: [GC (GCLocker Initiated GC) [PSYoungGen: 88064K->85854K(175104K)] 147757K->145547K(699392K), 0.0143885 secs] [Times: user=0.15 sys=0.01, real=0.01 secs] 
2016-09-24T00:20:30.222-0400: 197.462: [GC (GCLocker Initiated GC) [PSYoungGen: 173918K->85790K(175104K)] 239739K->225075K(699392K), 0.0160622 secs] [Times: user=0.23 sys=0.00, real=0.01 secs] 
2016-09-24T00:20:30.358-0400: 197.597: [GC (Allocation Failure) [PSYoungGen: 173854K->55447K(175104K)] 313259K->268083K(699392K), 0.0111015 secs] [Times: user=0.15 sys=0.01, real=0.01 secs] 
2016-09-24T00:20:30.485-0400: 197.724: [GC (Allocation Failure) [PSYoungGen: 142487K->73904K(175104K)] 355123K->286807K(699392K), 0.0092256 secs] [Times: user=0.11 sys=0.00, real=0.00 secs] 
2016-09-24T00:20:30.618-0400: 197.858: [GC (GCLocker Initiated GC) [PSYoungGen: 161968K->49244K(175104K)] 374877K->280637K(699392K), 0.0159425 secs] [Times: user=0.19 sys=0.00, real=0.02 secs] 
2016-09-24T00:20:30.777-0400: 198.017: [GC (Allocation Failure) [PSYoungGen: 137308K->37322K(175104K)] 368710K->269024K(699392K), 0.0059834 secs] [Times: user=0.07 sys=0.01, real=0.01 secs] 
2016-09-24T00:20:30.888-0400: 198.127: [GC (GCLocker Initiated GC) [PSYoungGen: 123193K->55219K(175104K)] 360970K->311504K(699392K), 0.0069680 secs] [Times: user=0.10 sys=0.00, real=0.01 secs] 
2016-09-24T00:20:31.004-0400: 198.243: [GC (GCLocker Initiated GC) [PSYoungGen: 143283K->86182K(175104K)] 399677K->379170K(699392K), 0.0108702 secs] [Times: user=0.16 sys=0.00, real=0.01 secs] 
2016-09-24T00:20:31.136-0400: 198.375: [GC (GCLocker Initiated GC) [PSYoungGen: 174246K->85858K(175104K)] 467377K->446277K(699392K), 0.0167917 secs] [Times: user=0.15 sys=0.00, real=0.01 secs] 
2016-09-24T00:20:31.267-0400: 198.506: [GC (GCLocker Initiated GC) [PSYoungGen: 173922K->73576K(175104K)] 534412K->507086K(699392K), 0.0295381 secs] [Times: user=0.31 sys=0.00, real=0.03 secs] 
2016-09-24T00:20:31.297-0400: 198.536: [Full GC (Ergonomics) [PSYoungGen: 73576K->0K(175104K)] [ParOldGen: 433509K->53832K(524288K)] 507086K->53832K(699392K), [Metaspace: 44528K->44528K(1087488K)], 0.0574578 secs] [Times: user=0.38 sys=0.00, real=0.05 secs] 
2016-09-24T00:20:31.477-0400: 198.716: [GC (Allocation Failure) [PSYoungGen: 88064K->86274K(175104K)] 142246K->182981K(699392K), 0.0135269 secs] [Times: user=0.20 sys=0.00, real=0.01 secs] 
2016-09-24T00:20:31.638-0400: 198.877: [GC (GCLocker Initiated GC) [PSYoungGen: 174338K->55579K(175104K)] 271051K->220024K(699392K), 0.0355510 secs] [Times: user=0.42 sys=0.01, real=0.03 secs] 
2016-09-24T00:20:31.776-0400: 199.016: [GC (GCLocker Initiated GC) [PSYoungGen: 143643K->55319K(175104K)] 308248K->238245K(699392K), 0.0176134 secs] [Times: user=0.17 sys=0.00, real=0.01 secs] 
2016-09-24T00:20:31.901-0400: 199.141: [GC (GCLocker Initiated GC) [PSYoungGen: 143383K->43173K(175104K)] 327052K->269462K(699392K), 0.0125232 secs] [Times: user=0.12 sys=0.00, real=0.01 secs] 
2016-09-24T00:20:32.036-0400: 199.276: [GC (GCLocker Initiated GC) [PSYoungGen: 131237K->67437K(175104K)] 357731K->324582K(699392K), 0.0177286 secs] [Times: user=0.20 sys=0.00, real=0.02 secs] 
2016-09-24T00:20:32.203-0400: 199.442: [GC (GCLocker Initiated GC) [PSYoungGen: 155501K->19032K(175104K)] 430876K->294683K(699392K), 0.0090116 secs] [Times: user=0.11 sys=0.00, real=0.00 secs] 
2016-09-24T00:20:32.336-0400: 199.576: [GC (GCLocker Initiated GC) [PSYoungGen: 107096K->55191K(175104K)] 389049K->337418K(699392K), 0.0113689 secs] [Times: user=0.12 sys=0.00, real=0.01 secs] 
2016-09-24T00:20:32.457-0400: 199.696: [GC (Allocation Failure) [PSYoungGen: 143255K->49148K(175104K)] 425546K->362081K(699392K), 0.0289945 secs] [Times: user=0.29 sys=0.00, real=0.03 secs] 
2016-09-24T00:20:32.610-0400: 199.849: [GC (GCLocker Initiated GC) [PSYoungGen: 137212K->43301K(175104K)] 450151K->417266K(699392K), 0.0096164 secs] [Times: user=0.10 sys=0.01, real=0.01 secs] 
2016-09-24T00:20:32.717-0400: 199.957: [GC (GCLocker Initiated GC) [PSYoungGen: 131365K->79519K(175104K)] 505456K->454213K(699392K), 0.0222550 secs] [Times: user=0.26 sys=0.01, real=0.02 secs] 
2016-09-24T00:20:32.861-0400: 200.101: [GC (GCLocker Initiated GC) [PSYoungGen: 167583K->79683K(175104K)] 542353K->527496K(699392K), 0.0383847 secs] [Times: user=0.49 sys=0.00, real=0.04 secs] 
2016-09-24T00:20:32.900-0400: 200.139: [Full GC (Ergonomics) [PSYoungGen: 79683K->0K(175104K)] [ParOldGen: 447813K->47777K(524288K)] 527496K->47777K(699392K), [Metaspace: 44528K->44528K(1087488K)], 0.0562705 secs] [Times: user=0.30 sys=0.01, real=0.06 secs] 
2016-09-24T00:20:33.082-0400: 200.322: [GC (GCLocker Initiated GC) [PSYoungGen: 88064K->86078K(175104K)] 142160K->164474K(699392K), 0.0211683 secs] [Times: user=0.26 sys=0.00, real=0.02 secs] 
2016-09-24T00:20:33.210-0400: 200.450: [GC (Allocation Failure) [PSYoungGen: 174142K->55515K(175104K)] 252636K->171014K(699392K), 0.0096422 secs] [Times: user=0.09 sys=0.00, real=0.01 secs] 
2016-09-24T00:20:33.321-0400: 200.560: [GC (GCLocker Initiated GC) [PSYoungGen: 143579K->55255K(175104K)] 259084K->225695K(699392K), 0.0299929 secs] [Times: user=0.30 sys=0.00, real=0.03 secs] 
2016-09-24T00:20:33.482-0400: 200.722: [GC (GCLocker Initiated GC) [PSYoungGen: 143319K->55419K(175104K)] 326142K->274967K(699392K), 0.0154418 secs] [Times: user=0.14 sys=0.01, real=0.02 secs] 
2016-09-24T00:20:33.632-0400: 200.871: [GC (GCLocker Initiated GC) [PSYoungGen: 143483K->85498K(175104K)] 363073K->323753K(699392K), 0.0219122 secs] [Times: user=0.25 sys=0.00, real=0.02 secs] 
2016-09-24T00:20:33.763-0400: 201.002: [GC (GCLocker Initiated GC) [PSYoungGen: 173562K->43201K(175104K)] 411915K->360656K(699392K), 0.0109897 secs] [Times: user=0.09 sys=0.01, real=0.01 secs] 
2016-09-24T00:20:33.896-0400: 201.135: [GC (GCLocker Initiated GC) [PSYoungGen: 131265K->67601K(175104K)] 448903K->403584K(699392K), 0.0154332 secs] [Times: user=0.16 sys=0.00, real=0.01 secs] 
2016-09-24T00:20:34.043-0400: 201.283: [GC (Allocation Failure) [PSYoungGen: 155665K->55223K(175104K)] 504136K->440552K(699392K), 0.0337455 secs] [Times: user=0.35 sys=0.01, real=0.03 secs] 
2016-09-24T00:20:34.209-0400: 201.449: [GC (GCLocker Initiated GC) [PSYoungGen: 143287K->61202K(175104K)] 528622K->446625K(699392K), 0.0218675 secs] [Times: user=0.22 sys=0.00, real=0.02 secs] 
2016-09-24T00:20:34.353-0400: 201.592: [GC (GCLocker Initiated GC) [PSYoungGen: 149266K->49084K(175104K)] 535010K->471530K(699392K), 0.0185931 secs] [Times: user=0.19 sys=0.00, real=0.02 secs] 
2016-09-24T00:20:34.497-0400: 201.736: [GC (GCLocker Initiated GC) [PSYoungGen: 137148K->85790K(175104K)] 571893K->520647K(699392K), 0.0105378 secs] [Times: user=0.13 sys=0.00, real=0.01 secs] 
2016-09-24T00:20:34.664-0400: 201.903: [Full GC (Ergonomics) [PSYoungGen: 173854K->0K(175104K)] [ParOldGen: 453359K->53505K(524288K)] 627213K->53505K(699392K), [Metaspace: 44529K->44529K(1087488K)], 0.0589156 secs] [Times: user=0.32 sys=0.01, real=0.06 secs] 
2016-09-24T00:20:34.854-0400: 202.094: [GC (GCLocker Initiated GC) [PSYoungGen: 88064K->49116K(175104K)] 148011K->109063K(699392K), 0.0090074 secs] [Times: user=0.06 sys=0.00, real=0.01 secs] 
2016-09-24T00:20:35.017-0400: 202.256: [GC (GCLocker Initiated GC) [PSYoungGen: 137180K->67597K(175104K)] 197253K->164444K(699392K), 0.0105700 secs] [Times: user=0.14 sys=0.00, real=0.01 secs] 
2016-09-24T00:20:35.134-0400: 202.373: [GC (GCLocker Initiated GC) [PSYoungGen: 155661K->85662K(175104K)] 252538K->194980K(699392K), 0.0189855 secs] [Times: user=0.19 sys=0.00, real=0.02 secs] 
2016-09-24T00:20:35.259-0400: 202.498: [GC (GCLocker Initiated GC) [PSYoungGen: 173726K->55223K(175104K)] 283265K->219689K(699392K), 0.0181788 secs] [Times: user=0.18 sys=0.01, real=0.02 secs] 
2016-09-24T00:20:35.394-0400: 202.633: [GC (GCLocker Initiated GC) [PSYoungGen: 143287K->85758K(175104K)] 307974K->250736K(699392K), 0.0135456 secs] [Times: user=0.16 sys=0.00, real=0.02 secs] 
2016-09-24T00:20:35.516-0400: 202.755: [GC (GCLocker Initiated GC) [PSYoungGen: 173822K->49148K(175104K)] 339161K->275341K(699392K), 0.0183820 secs] [Times: user=0.22 sys=0.00, real=0.02 secs] 
2016-09-24T00:20:35.684-0400: 202.924: [GC (Allocation Failure) [PSYoungGen: 137212K->61234K(175104K)] 363665K->306008K(699392K), 0.0272812 secs] [Times: user=0.30 sys=0.00, real=0.02 secs] 
2016-09-24T00:20:35.819-0400: 203.058: [GC (GCLocker Initiated GC) [PSYoungGen: 149298K->85854K(175104K)] 394072K->367354K(699392K), 0.0152334 secs] [Times: user=0.20 sys=0.00, real=0.01 secs] 
2016-09-24T00:20:35.984-0400: 203.223: [GC (Allocation Failure) [PSYoungGen: 173918K->19132K(175104K)] 473981K->337720K(699392K), 0.0059547 secs] [Times: user=0.06 sys=0.00, real=0.00 secs] 
2016-09-24T00:20:36.115-0400: 203.355: [GC (GCLocker Initiated GC) [PSYoungGen: 107196K->73480K(175104K)] 425784K->392319K(699392K), 0.0092184 secs] [Times: user=0.08 sys=0.00, real=0.01 secs] 
2016-09-24T00:20:36.261-0400: 203.500: [GC (GCLocker Initiated GC) [PSYoungGen: 161544K->30990K(175104K)] 486813K->386691K(699392K), 0.0161135 secs] [Times: user=0.12 sys=0.00, real=0.02 secs] 
2016-09-24T00:20:36.408-0400: 203.648: [GC (GCLocker Initiated GC) [PSYoungGen: 119054K->79683K(175104K)] 475111K->436014K(699392K), 0.0190677 secs] [Times: user=0.20 sys=0.00, real=0.02 secs] 
2016-09-24T00:20:36.572-0400: 203.811: [GC (Allocation Failure) [PSYoungGen: 167747K->18936K(175104K)] 536572K->406075K(699392K), 0.0172670 secs] [Times: user=0.17 sys=0.00, real=0.02 secs] 
2016-09-24T00:20:36.718-0400: 203.958: [GC (GCLocker Initiated GC) [PSYoungGen: 107000K->61330K(175104K)] 494144K->448889K(699392K), 0.0209174 secs] [Times: user=0.20 sys=0.00, real=0.02 secs] 
2016-09-24T00:20:36.852-0400: 204.092: [GC (Allocation Failure) [PSYoungGen: 149394K->61330K(175104K)] 543143K->473431K(699392K), 0.0128522 secs] [Times: user=0.14 sys=0.00, real=0.02 secs] 
2016-09-24T00:20:36.991-0400: 204.230: [GC (GCLocker Initiated GC) [PSYoungGen: 149394K->61462K(175104K)] 561495K->510265K(699392K), 0.0107257 secs] [Times: user=0.09 sys=0.00, real=0.01 secs] 
2016-09-24T00:20:37.109-0400: 204.349: [GC (GCLocker Initiated GC) [PSYoungGen: 149526K->85498K(175104K)] 598377K->546798K(699392K), 0.0419674 secs] [Times: user=0.46 sys=0.00, real=0.04 secs] 
2016-09-24T00:20:37.152-0400: 204.391: [Full GC (Ergonomics) [PSYoungGen: 85498K->0K(175104K)] [ParOldGen: 461300K->47633K(524288K)] 546798K->47633K(699392K), [Metaspace: 44535K->44535K(1087488K)], 0.0580640 secs] [Times: user=0.35 sys=0.00, real=0.06 secs] 
2016-09-24T00:20:37.331-0400: 204.570: [GC (GCLocker Initiated GC) [PSYoungGen: 88064K->55575K(175104K)] 148305K->115816K(699392K), 0.0131372 secs] [Times: user=0.16 sys=0.00, real=0.02 secs] 
2016-09-24T00:20:37.461-0400: 204.700: [GC (GCLocker Initiated GC) [PSYoungGen: 143639K->49212K(175104K)] 203882K->128172K(699392K), 0.0102139 secs] [Times: user=0.06 sys=0.01, real=0.01 secs] 
2016-09-24T00:20:37.615-0400: 204.855: [GC (GCLocker Initiated GC) [PSYoungGen: 137276K->49504K(175104K)] 234559K->165287K(699392K), 0.0096298 secs] [Times: user=0.10 sys=0.00, real=0.01 secs] 
2016-09-24T00:20:37.764-0400: 205.004: [GC (GCLocker Initiated GC) [PSYoungGen: 137568K->73576K(175104K)] 259501K->250500K(699392K), 0.0174984 secs] [Times: user=0.23 sys=0.01, real=0.01 secs] 
2016-09-24T00:20:37.901-0400: 205.140: [GC (GCLocker Initiated GC) [PSYoungGen: 161640K->61590K(175104K)] 344978K->305978K(699392K), 0.0108725 secs] [Times: user=0.12 sys=0.00, real=0.01 secs] 
2016-09-24T00:20:38.054-0400: 205.293: [GC (GCLocker Initiated GC) [PSYoungGen: 149654K->55287K(175104K)] 394308K->318613K(699392K), 0.0129396 secs] [Times: user=0.14 sys=0.00, real=0.02 secs] 
2016-09-24T00:20:38.213-0400: 205.452: [GC (GCLocker Initiated GC) [PSYoungGen: 143351K->55611K(175104K)] 419115K->361886K(699392K), 0.0098351 secs] [Times: user=0.09 sys=0.00, real=0.02 secs] 
2016-09-24T00:20:38.340-0400: 205.579: [GC (Allocation Failure) [PSYoungGen: 143675K->43233K(175104K)] 456167K->374210K(699392K), 0.0169677 secs] [Times: user=0.16 sys=0.00, real=0.02 secs] 
2016-09-24T00:20:38.466-0400: 205.706: [GC (GCLocker Initiated GC) [PSYoungGen: 131297K->85986K(175104K)] 462279K->447495K(699392K), 0.0123289 secs] [Times: user=0.18 sys=0.01, real=0.01 secs] 
2016-09-24T00:20:38.617-0400: 205.856: [GC (GCLocker Initiated GC) [PSYoungGen: 174050K->61426K(175104K)] 535729K->453763K(699392K), 0.0262392 secs] [Times: user=0.26 sys=0.00, real=0.03 secs] 
2016-09-24T00:20:38.755-0400: 205.995: [GC (GCLocker Initiated GC) [PSYoungGen: 149490K->55355K(175104K)] 542188K->466366K(699392K), 0.0228402 secs] [Times: user=0.22 sys=0.00, real=0.02 secs] 
2016-09-24T00:20:38.889-0400: 206.129: [GC (GCLocker Initiated GC) [PSYoungGen: 143419K->61298K(175104K)] 554797K->491168K(699392K), 0.0136083 secs] [Times: user=0.11 sys=0.01, real=0.02 secs] 
2016-09-24T00:20:39.033-0400: 206.273: [GC (GCLocker Initiated GC) [PSYoungGen: 149362K->49440K(175104K)] 585618K->522234K(699392K), 0.0222178 secs] [Times: user=0.23 sys=0.00, real=0.03 secs] 
2016-09-24T00:20:39.056-0400: 206.295: [Full GC (Ergonomics) [PSYoungGen: 49440K->0K(175104K)] [ParOldGen: 472794K->54050K(524288K)] 522234K->54050K(699392K), [Metaspace: 44543K->44543K(1087488K)], 0.0569445 secs] [Times: user=0.41 sys=0.00, real=0.05 secs] 
2016-09-24T00:20:39.233-0400: 206.473: [GC (GCLocker Initiated GC) [PSYoungGen: 88064K->85986K(175104K)] 148544K->164691K(699392K), 0.0095534 secs] [Times: user=0.14 sys=0.00, real=0.02 secs] 
2016-09-24T00:20:39.392-0400: 206.631: [GC (GCLocker Initiated GC) [PSYoungGen: 174050K->37222K(175104K)] 258990K->159083K(699392K), 0.0117108 secs] [Times: user=0.15 sys=0.00, real=0.02 secs] 
2016-09-24T00:20:39.498-0400: 206.738: [GC (GCLocker Initiated GC) [PSYoungGen: 125286K->85954K(175104K)] 247218K->220311K(699392K), 0.0124938 secs] [Times: user=0.16 sys=0.01, real=0.01 secs] 
2016-09-24T00:20:39.648-0400: 206.888: [GC (GCLocker Initiated GC) [PSYoungGen: 174018K->49404K(175104K)] 320562K->269327K(699392K), 0.0103307 secs] [Times: user=0.15 sys=0.00, real=0.01 secs] 
2016-09-24T00:20:39.793-0400: 207.032: [GC (Allocation Failure) [PSYoungGen: 137468K->73772K(175104K)] 357746K->336891K(699392K), 0.0113116 secs] [Times: user=0.17 sys=0.00, real=0.02 secs] 
2016-09-24T00:20:39.930-0400: 207.170: [GC (GCLocker Initiated GC) [PSYoungGen: 158498K->43233K(175104K)] 427693K->349324K(699392K), 0.0109655 secs] [Times: user=0.09 sys=0.00, real=0.01 secs] 
2016-09-24T00:20:40.060-0400: 207.299: [GC (GCLocker Initiated GC) [PSYoungGen: 131297K->49440K(175104K)] 443650K->361905K(699392K), 0.0268012 secs] [Times: user=0.30 sys=0.00, real=0.03 secs] 
2016-09-24T00:20:40.236-0400: 207.476: [GC (GCLocker Initiated GC) [PSYoungGen: 137504K->55287K(175104K)] 449970K->386238K(699392K), 0.0111296 secs] [Times: user=0.11 sys=0.01, real=0.01 secs] 
2016-09-24T00:20:40.344-0400: 207.583: [GC (GCLocker Initiated GC) [PSYoungGen: 143351K->73480K(175104K)] 474344K->422966K(699392K), 0.0309772 secs] [Times: user=0.30 sys=0.00, real=0.03 secs] 
2016-09-24T00:20:40.489-0400: 207.728: [GC (GCLocker Initiated GC) [PSYoungGen: 161544K->67601K(175104K)] 517147K->459945K(699392K), 0.0094633 secs] [Times: user=0.09 sys=0.00, real=0.01 secs] 
2016-09-24T00:20:40.615-0400: 207.854: [GC (GCLocker Initiated GC) [PSYoungGen: 155665K->55159K(175104K)] 554282K->472245K(699392K), 0.0150329 secs] [Times: user=0.11 sys=0.01, real=0.01 secs] 
2016-09-24T00:20:40.756-0400: 207.996: [GC (GCLocker Initiated GC) [PSYoungGen: 143223K->55159K(175104K)] 560351K->484532K(699392K), 0.0135045 secs] [Times: user=0.12 sys=0.00, real=0.01 secs] 
2016-09-24T00:20:40.871-0400: 208.111: [GC (GCLocker Initiated GC) [PSYoungGen: 143223K->79619K(175104K)] 572851K->527583K(699392K), 0.0165856 secs] [Times: user=0.18 sys=0.00, real=0.02 secs] 
2016-09-24T00:20:41.011-0400: 208.251: [GC (GCLocker Initiated GC) [PSYoungGen: 167683K->55127K(175104K)] 615823K->515668K(699392K), 0.0224232 secs] [Times: user=0.21 sys=0.00, real=0.02 secs] 
2016-09-24T00:20:41.165-0400: 208.405: [GC (Allocation Failure) [PSYoungGen: 143191K->73284K(175104K)] 603836K->534212K(699392K), 0.0280803 secs] [Times: user=0.31 sys=0.01, real=0.02 secs] 
2016-09-24T00:20:41.321-0400: 208.560: [Full GC (Ergonomics) [PSYoungGen: 158256K->0K(175104K)] [ParOldGen: 467003K->47727K(524288K)] 625260K->47727K(699392K), [Metaspace: 44543K->44543K(1087488K)], 0.0728163 secs] [Times: user=0.44 sys=0.02, real=0.07 secs] 
2016-09-24T00:20:41.496-0400: 208.736: [GC (GCLocker Initiated GC) [PSYoungGen: 88064K->86014K(175104K)] 135838K->139864K(699392K), 0.0095522 secs] [Times: user=0.12 sys=0.00, real=0.01 secs] 
2016-09-24T00:20:41.637-0400: 208.876: [GC (GCLocker Initiated GC) [PSYoungGen: 174078K->86150K(175104K)] 228739K->220358K(699392K), 0.0280419 secs] [Times: user=0.31 sys=0.00, real=0.03 secs] 
2016-09-24T00:20:41.782-0400: 209.021: [GC (GCLocker Initiated GC) [PSYoungGen: 174214K->24684K(175104K)] 309073K->196441K(699392K), 0.0305855 secs] [Times: user=0.36 sys=0.00, real=0.03 secs] 
2016-09-24T00:20:41.903-0400: 209.143: [GC (GCLocker Initiated GC) [PSYoungGen: 112748K->85790K(175104K)] 284866K->258027K(699392K), 0.0132603 secs] [Times: user=0.15 sys=0.00, real=0.01 secs] 
2016-09-24T00:20:42.010-0400: 209.250: [GC (GCLocker Initiated GC) [PSYoungGen: 173854K->85890K(175104K)] 346278K->276791K(699392K), 0.0103224 secs] [Times: user=0.09 sys=0.00, real=0.01 secs] 
2016-09-24T00:20:42.159-0400: 209.398: [GC (GCLocker Initiated GC) [PSYoungGen: 173954K->24816K(175104K)] 371291K->265109K(699392K), 0.0111251 secs] [Times: user=0.09 sys=0.00, real=0.01 secs] 
2016-09-24T00:20:42.291-0400: 209.530: [GC (Allocation Failure) [PSYoungGen: 112880K->85730K(175104K)] 359329K->332431K(699392K), 0.0277865 secs] [Times: user=0.29 sys=0.00, real=0.03 secs] 
2016-09-24T00:20:42.427-0400: 209.667: [GC (GCLocker Initiated GC) [PSYoungGen: 173794K->61490K(175104K)] 420501K->351013K(699392K), 0.0098910 secs] [Times: user=0.09 sys=0.00, real=0.01 secs] 
2016-09-24T00:20:42.556-0400: 209.795: [GC (GCLocker Initiated GC) [PSYoungGen: 149554K->55711K(175104K)] 445395K->351843K(699392K), 0.0080797 secs] [Times: user=0.10 sys=0.00, real=0.01 secs] 
2016-09-24T00:20:42.686-0400: 209.925: [GC (GCLocker Initiated GC) [PSYoungGen: 143775K->55611K(175104K)] 439914K->370250K(699392K), 0.0099577 secs] [Times: user=0.12 sys=0.00, real=0.01 secs] 
2016-09-24T00:20:42.815-0400: 210.055: [GC (Allocation Failure) [PSYoungGen: 143675K->79879K(175104K)] 464683K->400998K(699392K), 0.0153239 secs] [Times: user=0.18 sys=0.01, real=0.01 secs] 
2016-09-24T00:20:42.957-0400: 210.197: [GC (GCLocker Initiated GC) [PSYoungGen: 166313K->24588K(175104K)] 493508K->394583K(699392K), 0.0123173 secs] [Times: user=0.13 sys=0.01, real=0.01 secs] 
2016-09-24T00:20:43.092-0400: 210.332: [GC (GCLocker Initiated GC) [PSYoungGen: 112652K->55255K(175104K)] 488859K->431558K(699392K), 0.0099570 secs] [Times: user=0.07 sys=0.00, real=0.02 secs] 
2016-09-24T00:20:43.226-0400: 210.465: [GC (GCLocker Initiated GC) [PSYoungGen: 143319K->73676K(175104K)] 519960K->468850K(699392K), 0.0171436 secs] [Times: user=0.18 sys=0.01, real=0.02 secs] 
2016-09-24T00:20:43.357-0400: 210.596: [GC (GCLocker Initiated GC) [PSYoungGen: 161740K->55419K(175104K)] 563046K->457157K(699392K), 0.0136906 secs] [Times: user=0.14 sys=0.00, real=0.01 secs] 
2016-09-24T00:20:43.518-0400: 210.758: [GC (Allocation Failure) [PSYoungGen: 143483K->49212K(175104K)] 551326K->475571K(699392K), 0.0249749 secs] [Times: user=0.29 sys=0.00, real=0.03 secs] 
2016-09-24T00:20:43.652-0400: 210.891: [GC (GCLocker Initiated GC) [PSYoungGen: 137276K->73480K(175104K)] 563641K->518322K(699392K), 0.0326906 secs] [Times: user=0.35 sys=0.00, real=0.04 secs] 
2016-09-24T00:20:43.806-0400: 211.045: [GC (GCLocker Initiated GC) [PSYoungGen: 161544K->67405K(175104K)] 606435K->530813K(699392K), 0.0194413 secs] [Times: user=0.21 sys=0.00, real=0.02 secs] 
2016-09-24T00:20:43.976-0400: 211.216: [Full GC (Ergonomics) [PSYoungGen: 155469K->0K(175104K)] [ParOldGen: 475739K->48378K(524288K)] 631208K->48378K(699392K), [Metaspace: 44544K->44544K(1087488K)], 0.0687678 secs] [Times: user=0.38 sys=0.01, real=0.07 secs] 
2016-09-24T00:20:44.167-0400: 211.406: [GC (Allocation Failure) [PSYoungGen: 88064K->67565K(175104K)] 136797K->116299K(699392K), 0.0082332 secs] [Times: user=0.08 sys=0.00, real=0.01 secs] 
2016-09-24T00:20:44.286-0400: 211.526: [GC (GCLocker Initiated GC) [PSYoungGen: 154869K->49440K(175104K)] 209678K->140974K(699392K), 0.0170885 secs] [Times: user=0.21 sys=0.00, real=0.02 secs] 
2016-09-24T00:20:44.436-0400: 211.675: [GC (GCLocker Initiated GC) [PSYoungGen: 137504K->73772K(175104K)] 235183K->171539K(699392K), 0.0095997 secs] [Times: user=0.08 sys=0.00, real=0.01 secs] 
2016-09-24T00:20:44.581-0400: 211.820: [GC (GCLocker Initiated GC) [PSYoungGen: 161836K->18968K(175104K)] 278161K->190252K(699392K), 0.0126477 secs] [Times: user=0.13 sys=0.00, real=0.01 secs] 
2016-09-24T00:20:44.732-0400: 211.971: [GC (GCLocker Initiated GC) [PSYoungGen: 107032K->73544K(175104K)] 290564K->257343K(699392K), 0.0303642 secs] [Times: user=0.34 sys=0.00, real=0.03 secs] 
2016-09-24T00:20:44.868-0400: 212.107: [GC (GCLocker Initiated GC) [PSYoungGen: 161608K->49376K(175104K)] 345606K->263829K(699392K), 0.0096314 secs] [Times: user=0.06 sys=0.00, real=0.01 secs] 
2016-09-24T00:20:45.025-0400: 212.264: [GC (GCLocker Initiated GC) [PSYoungGen: 137440K->30795K(175104K)] 364051K->276046K(699392K), 0.0309944 secs] [Times: user=0.29 sys=0.00, real=0.03 secs] 
2016-09-24T00:20:45.176-0400: 212.416: [GC (GCLocker Initiated GC) [PSYoungGen: 118859K->85566K(175104K)] 370238K->337221K(699392K), 0.0230172 secs] [Times: user=0.20 sys=0.00, real=0.02 secs] 
2016-09-24T00:20:45.297-0400: 212.537: [GC (GCLocker Initiated GC) [PSYoungGen: 173630K->49244K(175104K)] 431548K->374286K(699392K), 0.0121663 secs] [Times: user=0.12 sys=0.00, real=0.01 secs] 
2016-09-24T00:20:45.436-0400: 212.675: [GC (Allocation Failure) [PSYoungGen: 137308K->79783K(175104K)] 462363K->405122K(699392K), 0.0311452 secs] [Times: user=0.34 sys=0.00, real=0.03 secs] 
2016-09-24T00:20:45.467-0400: 212.707: [GC (GCLocker Initiated GC) [PSYoungGen: 79797K->96K(175104K)] 405136K->417118K(699392K), 0.0115088 secs] [Times: user=0.10 sys=0.01, real=0.01 secs] 
2016-09-24T00:20:45.604-0400: 212.843: [GC (GCLocker Initiated GC) [PSYoungGen: 86432K->85598K(175104K)] 509530K->520845K(699392K), 0.0156885 secs] [Times: user=0.16 sys=0.00, real=0.01 secs] 
2016-09-24T00:20:45.619-0400: 212.859: [Full GC (Ergonomics) [PSYoungGen: 85598K->0K(175104K)] [ParOldGen: 435247K->54078K(524288K)] 520845K->54078K(699392K), [Metaspace: 44544K->44544K(1087488K)], 0.0490127 secs] [Times: user=0.27 sys=0.00, real=0.05 secs] 
2016-09-24T00:20:45.800-0400: 213.040: [GC (GCLocker Initiated GC) [PSYoungGen: 88064K->86606K(175104K)] 154591K->159208K(699392K), 0.0089293 secs] [Times: user=0.08 sys=0.00, real=0.01 secs] 
2016-09-24T00:20:45.933-0400: 213.173: [GC (GCLocker Initiated GC) [PSYoungGen: 174670K->43297K(175104K)] 253517K->165418K(699392K), 0.0169931 secs] [Times: user=0.20 sys=0.00, real=0.02 secs] 
2016-09-24T00:20:46.061-0400: 213.300: [GC (GCLocker Initiated GC) [PSYoungGen: 131361K->73704K(175104K)] 253501K->232429K(699392K), 0.0120013 secs] [Times: user=0.19 sys=0.00, real=0.01 secs] 
2016-09-24T00:20:46.210-0400: 213.449: [GC (Allocation Failure) [PSYoungGen: 161768K->37322K(175104K)] 332937K->226867K(699392K), 0.0065173 secs] [Times: user=0.07 sys=0.01, real=0.01 secs] 
2016-09-24T00:20:46.335-0400: 213.574: [GC (GCLocker Initiated GC) [PSYoungGen: 125386K->73804K(175104K)] 314937K->282084K(699392K), 0.0174235 secs] [Times: user=0.19 sys=0.00, real=0.01 secs] 
2016-09-24T00:20:46.488-0400: 213.728: [GC (GCLocker Initiated GC) [PSYoungGen: 161868K->85890K(175104K)] 370425K->324965K(699392K), 0.0340128 secs] [Times: user=0.38 sys=0.00, real=0.04 secs] 
2016-09-24T00:20:46.630-0400: 213.869: [GC (Allocation Failure) [PSYoungGen: 173954K->73640K(175104K)] 413664K->332195K(699392K), 0.0097395 secs] [Times: user=0.10 sys=0.00, real=0.01 secs] 
2016-09-24T00:20:46.755-0400: 213.995: [GC (GCLocker Initiated GC) [PSYoungGen: 161704K->55223K(175104K)] 420264K->332104K(699392K), 0.0199028 secs] [Times: user=0.21 sys=0.00, real=0.02 secs] 
2016-09-24T00:20:46.893-0400: 214.132: [GC (GCLocker Initiated GC) [PSYoungGen: 143287K->55127K(175104K)] 420243K->350544K(699392K), 0.0339102 secs] [Times: user=0.36 sys=0.00, real=0.04 secs] 
2016-09-24T00:20:47.053-0400: 214.293: [GC (GCLocker Initiated GC) [PSYoungGen: 143191K->55419K(175104K)] 450967K->393870K(699392K), 0.0079346 secs] [Times: user=0.08 sys=0.01, real=0.01 secs] 
2016-09-24T00:20:47.210-0400: 214.449: [GC (GCLocker Initiated GC) [PSYoungGen: 143483K->61262K(175104K)] 488286K->406356K(699392K), 0.0226377 secs] [Times: user=0.22 sys=0.01, real=0.02 secs] 
2016-09-24T00:20:47.339-0400: 214.579: [GC (GCLocker Initiated GC) [PSYoungGen: 149326K->79687K(175104K)] 500610K->455359K(699392K), 0.0133985 secs] [Times: user=0.13 sys=0.00, real=0.01 secs] 
2016-09-24T00:20:47.474-0400: 214.714: [GC (GCLocker Initiated GC) [PSYoungGen: 167751K->55127K(175104K)] 543527K->455462K(699392K), 0.0536697 secs] [Times: user=0.50 sys=0.01, real=0.05 secs] 
2016-09-24T00:20:47.654-0400: 214.894: [GC (GCLocker Initiated GC) [PSYoungGen: 143191K->85950K(175104K)] 543731K->553631K(699392K), 0.0141523 secs] [Times: user=0.15 sys=0.00, real=0.02 secs] 
2016-09-24T00:20:47.668-0400: 214.908: [Full GC (Ergonomics) [PSYoungGen: 85950K->0K(175104K)] [ParOldGen: 467680K->60511K(524288K)] 553631K->60511K(699392K), [Metaspace: 44544K->44544K(1087488K)], 0.0630193 secs] [Times: user=0.48 sys=0.01, real=0.06 secs] 
2016-09-24T00:20:47.843-0400: 215.083: [GC (GCLocker Initiated GC) [PSYoungGen: 88064K->86794K(175104K)] 160929K->183959K(699392K), 0.0100251 secs] [Times: user=0.12 sys=0.00, real=0.00 secs] 
2016-09-24T00:20:47.992-0400: 215.232: [GC (Allocation Failure) [PSYoungGen: 174857K->37094K(175104K)] 284517K->202404K(699392K), 0.0118751 secs] [Times: user=0.12 sys=0.00, real=0.02 secs] 
2016-09-24T00:20:48.106-0400: 215.346: [GC (GCLocker Initiated GC) [PSYoungGen: 124752K->55447K(175104K)] 296137K->245160K(699392K), 0.0141680 secs] [Times: user=0.14 sys=0.00, real=0.01 secs] 
2016-09-24T00:20:48.252-0400: 215.491: [GC (GCLocker Initiated GC) [PSYoungGen: 143511K->55319K(175104K)] 339347K->275583K(699392K), 0.0191261 secs] [Times: user=0.21 sys=0.00, real=0.02 secs] 
2016-09-24T00:20:48.407-0400: 215.646: [GC (GCLocker Initiated GC) [PSYoungGen: 143383K->85986K(175104K)] 369949K->337183K(699392K), 0.0114222 secs] [Times: user=0.16 sys=0.01, real=0.01 secs] 
2016-09-24T00:20:48.543-0400: 215.782: [GC (GCLocker Initiated GC) [PSYoungGen: 174050K->73672K(175104K)] 425385K->361780K(699392K), 0.0122071 secs] [Times: user=0.16 sys=0.00, real=0.01 secs] 
2016-09-24T00:20:48.659-0400: 215.899: [GC (GCLocker Initiated GC) [PSYoungGen: 161736K->73508K(175104K)] 456112K->398551K(699392K), 0.0120066 secs] [Times: user=0.12 sys=0.00, real=0.01 secs] 
2016-09-24T00:20:48.790-0400: 216.029: [GC (Allocation Failure) [PSYoungGen: 161572K->73872K(175104K)] 486858K->399277K(699392K), 0.0129186 secs] [Times: user=0.12 sys=0.01, real=0.02 secs] 
2016-09-24T00:20:48.923-0400: 216.162: [GC (GCLocker Initiated GC) [PSYoungGen: 161936K->67305K(175104K)] 487347K->411381K(699392K), 0.0087109 secs] [Times: user=0.10 sys=0.00, real=0.00 secs] 
2016-09-24T00:20:49.067-0400: 216.307: [GC (GCLocker Initiated GC) [PSYoungGen: 155369K->85658K(175104K)] 505669K->472535K(699392K), 0.0127268 secs] [Times: user=0.20 sys=0.00, real=0.01 secs] 
2016-09-24T00:20:49.209-0400: 216.449: [GC (GCLocker Initiated GC) [PSYoungGen: 173722K->79747K(175104K)] 560720K->515488K(699392K), 0.0116273 secs] [Times: user=0.17 sys=0.01, real=0.01 secs] 
2016-09-24T00:20:49.328-0400: 216.568: [GC (GCLocker Initiated GC) [PSYoungGen: 167811K->85690K(175104K)] 603751K->570561K(699392K), 0.0141223 secs] [Times: user=0.20 sys=0.00, real=0.02 secs] 
2016-09-24T00:20:49.342-0400: 216.582: [Full GC (Ergonomics) [PSYoungGen: 85690K->0K(175104K)] [ParOldGen: 484871K->54320K(524288K)] 570561K->54320K(699392K), [Metaspace: 44544K->44544K(1087488K)], 0.0482961 secs] [Times: user=0.43 sys=0.00, real=0.04 secs] 
2016-09-24T00:20:49.497-0400: 216.737: [GC (GCLocker Initiated GC) [PSYoungGen: 88064K->74420K(175104K)] 142752K->129108K(699392K), 0.0095150 secs] [Times: user=0.15 sys=0.00, real=0.01 secs] 
2016-09-24T00:20:49.662-0400: 216.901: [GC (GCLocker Initiated GC) [PSYoungGen: 162484K->18737K(175104K)] 229937K->105455K(699392K), 0.0059187 secs] [Times: user=0.08 sys=0.00, real=0.01 secs] 
2016-09-24T00:20:49.811-0400: 217.051: [GC (GCLocker Initiated GC) [PSYoungGen: 106801K->67501K(175104K)] 211876K->172703K(699392K), 0.0153323 secs] [Times: user=0.19 sys=0.00, real=0.02 secs] 
2016-09-24T00:20:49.940-0400: 217.179: [GC (GCLocker Initiated GC) [PSYoungGen: 155565K->74000K(175104K)] 267149K->234351K(699392K), 0.0132714 secs] [Times: user=0.17 sys=0.00, real=0.01 secs] 
2016-09-24T00:20:50.090-0400: 217.329: [GC (GCLocker Initiated GC) [PSYoungGen: 162064K->55579K(175104K)] 340774K->271014K(699392K), 0.0141346 secs] [Times: user=0.16 sys=0.00, real=0.02 secs] 
2016-09-24T00:20:50.234-0400: 217.474: [GC (GCLocker Initiated GC) [PSYoungGen: 143643K->61462K(175104K)] 365318K->319691K(699392K), 0.0130024 secs] [Times: user=0.14 sys=0.00, real=0.01 secs] 
2016-09-24T00:20:50.363-0400: 217.602: [GC (GCLocker Initiated GC) [PSYoungGen: 149526K->49048K(175104K)] 420116K->319905K(699392K), 0.0063942 secs] [Times: user=0.07 sys=0.00, real=0.00 secs] 
2016-09-24T00:20:50.497-0400: 217.736: [GC (GCLocker Initiated GC) [PSYoungGen: 137109K->73444K(175104K)] 408328K->375189K(699392K), 0.0110786 secs] [Times: user=0.17 sys=0.00, real=0.01 secs] 
2016-09-24T00:20:50.619-0400: 217.859: [GC (Allocation Failure) [PSYoungGen: 161508K->73708K(175104K)] 463407K->393935K(699392K), 0.0092303 secs] [Times: user=0.09 sys=0.00, real=0.01 secs] 
2016-09-24T00:20:50.718-0400: 217.958: [GC (GCLocker Initiated GC) [PSYoungGen: 161772K->61426K(175104K)] 482006K->412310K(699392K), 0.0098117 secs] [Times: user=0.09 sys=0.01, real=0.01 secs] 
2016-09-24T00:20:50.851-0400: 218.090: [GC (GCLocker Initiated GC) [PSYoungGen: 149490K->73900K(175104K)] 506609K->449388K(699392K), 0.0101933 secs] [Times: user=0.13 sys=0.00, real=0.01 secs] 
2016-09-24T00:20:51.017-0400: 218.256: [GC (GCLocker Initiated GC) [PSYoungGen: 161964K->55091K(175104K)] 543781K->455572K(699392K), 0.0278816 secs] [Times: user=0.31 sys=0.01, real=0.03 secs] 
2016-09-24T00:20:51.145-0400: 218.385: [GC (GCLocker Initiated GC) [PSYoungGen: 143155K->85790K(175104K)] 543684K->516853K(699392K), 0.0121312 secs] [Times: user=0.18 sys=0.02, real=0.01 secs] 
2016-09-24T00:20:51.269-0400: 218.509: [GC (GCLocker Initiated GC) [PSYoungGen: 173854K->85954K(175104K)] 605211K->566063K(699392K), 0.0138451 secs] [Times: user=0.16 sys=0.01, real=0.02 secs] 
2016-09-24T00:20:51.283-0400: 218.523: [Full GC (Ergonomics) [PSYoungGen: 85954K->0K(175104K)] [ParOldGen: 480108K->61158K(524288K)] 566063K->61158K(699392K), [Metaspace: 44544K->44544K(1087488K)], 0.0542528 secs] [Times: user=0.49 sys=0.00, real=0.05 secs] 
2016-09-24T00:20:51.438-0400: 218.677: [GC (GCLocker Initiated GC) [PSYoungGen: 88064K->85954K(175104K)] 149470K->165586K(699392K), 0.0121632 secs] [Times: user=0.13 sys=0.01, real=0.01 secs] 
2016-09-24T00:20:51.581-0400: 218.821: [GC (GCLocker Initiated GC) [PSYoungGen: 174018K->74000K(175104K)] 253782K->209230K(699392K), 0.0096134 secs] [Times: user=0.12 sys=0.00, real=0.01 secs] 
2016-09-24T00:20:51.702-0400: 218.941: [GC (GCLocker Initiated GC) [PSYoungGen: 162064K->55319K(175104K)] 303665K->215233K(699392K), 0.0126417 secs] [Times: user=0.12 sys=0.01, real=0.02 secs] 
2016-09-24T00:20:51.843-0400: 219.083: [GC (GCLocker Initiated GC) [PSYoungGen: 143383K->61462K(175104K)] 303309K->245955K(699392K), 0.0093736 secs] [Times: user=0.08 sys=0.00, real=0.00 secs] 
2016-09-24T00:20:51.975-0400: 219.214: [GC (Allocation Failure) [PSYoungGen: 149526K->67373K(175104K)] 334117K->270473K(699392K), 0.0206488 secs] [Times: user=0.22 sys=0.00, real=0.02 secs] 
2016-09-24T00:20:52.106-0400: 219.345: [GC (GCLocker Initiated GC) [PSYoungGen: 154645K->73740K(175104K)] 363820K->307514K(699392K), 0.0087855 secs] [Times: user=0.10 sys=0.00, real=0.01 secs] 
2016-09-24T00:20:52.271-0400: 219.510: [GC (GCLocker Initiated GC) [PSYoungGen: 161804K->43073K(175104K)] 401673K->301606K(699392K), 0.0167848 secs] [Times: user=0.18 sys=0.00, real=0.02 secs] 
2016-09-24T00:20:52.408-0400: 219.648: [GC (GCLocker Initiated GC) [PSYoungGen: 131137K->79807K(175104K)] 389869K->356867K(699392K), 0.0111081 secs] [Times: user=0.12 sys=0.00, real=0.01 secs] 
2016-09-24T00:20:52.530-0400: 219.770: [GC (GCLocker Initiated GC) [PSYoungGen: 167871K->43141K(175104K)] 445181K->345109K(699392K), 0.0080625 secs] [Times: user=0.05 sys=0.01, real=0.01 secs] 
2016-09-24T00:20:52.656-0400: 219.896: [GC (GCLocker Initiated GC) [PSYoungGen: 131205K->67337K(175104K)] 433394K->400169K(699392K), 0.0151957 secs] [Times: user=0.15 sys=0.00, real=0.01 secs] 
2016-09-24T00:20:52.769-0400: 220.009: [GC (Allocation Failure) [PSYoungGen: 155401K->61526K(175104K)] 494461K->412856K(699392K), 0.0133841 secs] [Times: user=0.14 sys=0.00, real=0.02 secs] 
2016-09-24T00:20:52.887-0400: 220.126: [GC (GCLocker Initiated GC) [PSYoungGen: 147486K->30923K(175104K)] 504891K->431276K(699392K), 0.0283498 secs] [Times: user=0.28 sys=0.00, real=0.03 secs] 
2016-09-24T00:20:53.054-0400: 220.293: [GC (GCLocker Initiated GC) [PSYoungGen: 118987K->79655K(175104K)] 519512K->498680K(699392K), 0.0105588 secs] [Times: user=0.09 sys=0.00, real=0.02 secs] 
2016-09-24T00:20:53.181-0400: 220.421: [GC (GCLocker Initiated GC) [PSYoungGen: 167719K->67469K(175104K)] 587055K->541748K(699392K), 0.0104849 secs] [Times: user=0.09 sys=0.00, real=0.01 secs] 
2016-09-24T00:20:53.192-0400: 220.431: [Full GC (Ergonomics) [PSYoungGen: 67469K->0K(175104K)] [ParOldGen: 474279K->54956K(524288K)] 541748K->54956K(699392K), [Metaspace: 44544K->44544K(1087488K)], 0.0623233 secs] [Times: user=0.37 sys=0.01, real=0.06 secs] 
2016-09-24T00:20:53.361-0400: 220.600: [GC (GCLocker Initiated GC) [PSYoungGen: 88064K->86542K(175104K)] 143045K->147598K(699392K), 0.0216533 secs] [Times: user=0.22 sys=0.00, real=0.03 secs] 
2016-09-24T00:20:53.494-0400: 220.733: [GC (Allocation Failure) [PSYoungGen: 174606K->49408K(175104K)] 235923K->147862K(699392K), 0.0217012 secs] [Times: user=0.21 sys=0.00, real=0.03 secs] 
2016-09-24T00:20:53.644-0400: 220.884: [GC (GCLocker Initiated GC) [PSYoungGen: 136384K->61330K(175104K)] 240914K->208472K(699392K), 0.0101321 secs] [Times: user=0.08 sys=0.00, real=0.01 secs] 
2016-09-24T00:20:53.807-0400: 221.047: [GC (GCLocker Initiated GC) [PSYoungGen: 149394K->36998K(175104K)] 302653K->190540K(699392K), 0.0052388 secs] [Times: user=0.05 sys=0.00, real=0.00 secs] 
2016-09-24T00:20:53.958-0400: 221.197: [GC (Allocation Failure) [PSYoungGen: 125062K->37094K(175104K)] 284748K->197056K(699392K), 0.0136692 secs] [Times: user=0.14 sys=0.00, real=0.01 secs] 
2016-09-24T00:20:54.106-0400: 221.345: [GC (GCLocker Initiated GC) [PSYoungGen: 125158K->55059K(175104K)] 285120K->215296K(699392K), 0.0216883 secs] [Times: user=0.24 sys=0.00, real=0.02 secs] 
2016-09-24T00:20:54.228-0400: 221.468: [GC (GCLocker Initiated GC) [PSYoungGen: 143123K->85986K(175104K)] 303565K->264748K(699392K), 0.0099661 secs] [Times: user=0.08 sys=0.00, real=0.01 secs] 
2016-09-24T00:20:54.347-0400: 221.587: [GC (GCLocker Initiated GC) [PSYoungGen: 174050K->55647K(175104K)] 358895K->289563K(699392K), 0.0114674 secs] [Times: user=0.15 sys=0.00, real=0.01 secs] 
2016-09-24T00:20:54.483-0400: 221.723: [GC (GCLocker Initiated GC) [PSYoungGen: 143711K->73704K(175104K)] 377754K->320048K(699392K), 0.0144016 secs] [Times: user=0.18 sys=0.00, real=0.01 secs] 
2016-09-24T00:20:54.612-0400: 221.851: [GC (GCLocker Initiated GC) [PSYoungGen: 161768K->67437K(175104K)] 408322K->314250K(699392K), 0.0181500 secs] [Times: user=0.21 sys=0.01, real=0.02 secs] 
2016-09-24T00:20:54.747-0400: 221.986: [GC (GCLocker Initiated GC) [PSYoungGen: 155501K->61522K(175104K)] 402502K->345280K(699392K), 0.0121275 secs] [Times: user=0.11 sys=0.00, real=0.01 secs] 
2016-09-24T00:20:54.884-0400: 222.123: [GC (GCLocker Initiated GC) [PSYoungGen: 149586K->73804K(175104K)] 439702K->382281K(699392K), 0.0106770 secs] [Times: user=0.12 sys=0.00, real=0.01 secs] 
2016-09-24T00:20:55.021-0400: 222.260: [GC (GCLocker Initiated GC) [PSYoungGen: 161868K->54995K(175104K)] 470392K->382184K(699392K), 0.0129071 secs] [Times: user=0.14 sys=0.00, real=0.01 secs] 
2016-09-24T00:20:55.128-0400: 222.368: [GC (GCLocker Initiated GC) [PSYoungGen: 143059K->67241K(175104K)] 470368K->449321K(699392K), 0.0298339 secs] [Times: user=0.31 sys=0.00, real=0.03 secs] 
2016-09-24T00:20:55.284-0400: 222.523: [GC (GCLocker Initiated GC) [PSYoungGen: 155305K->43269K(175104K)] 537505K->498496K(699392K), 0.0137947 secs] [Times: user=0.14 sys=0.00, real=0.01 secs] 
2016-09-24T00:20:55.298-0400: 222.537: [Full GC (Ergonomics) [PSYoungGen: 43269K->0K(175104K)] [ParOldGen: 455227K->48737K(524288K)] 498496K->48737K(699392K), [Metaspace: 44545K->44545K(1087488K)], 0.0554844 secs] [Times: user=0.31 sys=0.01, real=0.05 secs] 
2016-09-24T00:20:55.464-0400: 222.703: [GC (GCLocker Initiated GC) [PSYoungGen: 88064K->86078K(175104K)] 136848K->189537K(699392K), 0.0113640 secs] [Times: user=0.17 sys=0.00, real=0.01 secs] 
2016-09-24T00:20:55.600-0400: 222.839: [GC (Allocation Failure) [PSYoungGen: 174142K->67729K(175104K)] 277906K->257295K(699392K), 0.0130252 secs] [Times: user=0.19 sys=0.00, real=0.01 secs] 
2016-09-24T00:20:55.731-0400: 222.971: [GC (Allocation Failure) [PSYoungGen: 155793K->55415K(175104K)] 345359K->287813K(699392K), 0.0243908 secs] [Times: user=0.32 sys=0.00, real=0.03 secs] 
2016-09-24T00:20:55.887-0400: 223.126: [GC (GCLocker Initiated GC) [PSYoungGen: 137521K->55187K(175104K)] 375995K->293944K(699392K), 0.0067937 secs] [Times: user=0.08 sys=0.00, real=0.00 secs] 
2016-09-24T00:20:56.040-0400: 223.279: [GC (GCLocker Initiated GC) [PSYoungGen: 143251K->61490K(175104K)] 388271K->324871K(699392K), 0.0081502 secs] [Times: user=0.10 sys=0.00, real=0.01 secs] 
2016-09-24T00:20:56.137-0400: 223.376: [GC (GCLocker Initiated GC) [PSYoungGen: 149554K->86018K(175104K)] 413095K->380257K(699392K), 0.0232501 secs] [Times: user=0.28 sys=0.01, real=0.02 secs] 
2016-09-24T00:20:56.270-0400: 223.509: [GC (GCLocker Initiated GC) [PSYoungGen: 174082K->85694K(175104K)] 468458K->416624K(699392K), 0.0105603 secs] [Times: user=0.10 sys=0.00, real=0.01 secs] 
2016-09-24T00:20:56.422-0400: 223.661: [GC (GCLocker Initiated GC) [PSYoungGen: 173758K->42913K(175104K)] 504735K->398425K(699392K), 0.0165183 secs] [Times: user=0.16 sys=0.00, real=0.02 secs] 
2016-09-24T00:20:56.547-0400: 223.786: [GC (GCLocker Initiated GC) [PSYoungGen: 130977K->85630K(175104K)] 486626K->447590K(699392K), 0.0097308 secs] [Times: user=0.08 sys=0.01, real=0.01 secs] 
2016-09-24T00:20:56.682-0400: 223.921: [GC (GCLocker Initiated GC) [PSYoungGen: 173694K->55319K(175104K)] 535993K->454352K(699392K), 0.0275625 secs] [Times: user=0.27 sys=0.00, real=0.03 secs] 
2016-09-24T00:20:56.826-0400: 224.065: [GC (GCLocker Initiated GC) [PSYoungGen: 143383K->73868K(175104K)] 542502K->491495K(699392K), 0.0350835 secs] [Times: user=0.33 sys=0.01, real=0.03 secs] 
2016-09-24T00:20:57.006-0400: 224.245: [GC (GCLocker Initiated GC) [PSYoungGen: 161932K->55287K(175104K)] 585844K->497676K(699392K), 0.0219753 secs] [Times: user=0.27 sys=0.01, real=0.02 secs] 
2016-09-24T00:20:57.140-0400: 224.380: [GC (GCLocker Initiated GC) [PSYoungGen: 143351K->43009K(175104K)] 585918K->528368K(699392K), 0.0093500 secs] [Times: user=0.09 sys=0.00, real=0.01 secs] 
2016-09-24T00:20:57.150-0400: 224.389: [Full GC (Ergonomics) [PSYoungGen: 43009K->0K(175104K)] [ParOldGen: 485359K->49463K(524288K)] 528368K->49463K(699392K), [Metaspace: 44555K->44555K(1087488K)], 0.0547091 secs] [Times: user=0.41 sys=0.01, real=0.06 secs] 
2016-09-24T00:20:57.323-0400: 224.562: [GC (GCLocker Initiated GC) [PSYoungGen: 88064K->85822K(175104K)] 143795K->147628K(699392K), 0.0104231 secs] [Times: user=0.15 sys=0.00, real=0.00 secs] 
2016-09-24T00:20:57.461-0400: 224.700: [GC (GCLocker Initiated GC) [PSYoungGen: 173886K->79879K(175104K)] 241848K->184574K(699392K), 0.0099582 secs] [Times: user=0.13 sys=0.00, real=0.01 secs] 
2016-09-24T00:20:57.599-0400: 224.838: [GC (Allocation Failure) [PSYoungGen: 167943K->61622K(175104K)] 278861K->215209K(699392K), 0.0123408 secs] [Times: user=0.15 sys=0.00, real=0.01 secs] 
2016-09-24T00:20:57.710-0400: 224.950: [GC (GCLocker Initiated GC) [PSYoungGen: 145866K->55319K(175104K)] 305529K->251862K(699392K), 0.0185131 secs] [Times: user=0.20 sys=0.01, real=0.02 secs] 
2016-09-24T00:20:57.849-0400: 225.089: [GC (GCLocker Initiated GC) [PSYoungGen: 143383K->73612K(175104K)] 346099K->276424K(699392K), 0.0076877 secs] [Times: user=0.07 sys=0.01, real=0.01 secs] 
2016-09-24T00:20:58.013-0400: 225.252: [GC (GCLocker Initiated GC) [PSYoungGen: 161676K->37098K(175104K)] 383052K->295355K(699392K), 0.0340048 secs] [Times: user=0.32 sys=0.00, real=0.04 secs] 
2016-09-24T00:20:58.175-0400: 225.414: [GC (GCLocker Initiated GC) [PSYoungGen: 125162K->49212K(175104K)] 395599K->319933K(699392K), 0.0260170 secs] [Times: user=0.27 sys=0.01, real=0.02 secs] 
2016-09-24T00:20:58.297-0400: 225.536: [GC (GCLocker Initiated GC) [PSYoungGen: 137276K->61394K(175104K)] 414276K->374972K(699392K), 0.0101471 secs] [Times: user=0.09 sys=0.00, real=0.01 secs] 
2016-09-24T00:20:58.456-0400: 225.695: [GC (GCLocker Initiated GC) [PSYoungGen: 149458K->37226K(175104K)] 475345K->399854K(699392K), 0.0199931 secs] [Times: user=0.25 sys=0.00, real=0.02 secs] 
2016-09-24T00:20:58.591-0400: 225.830: [GC (GCLocker Initiated GC) [PSYoungGen: 125290K->73904K(175104K)] 488246K->437479K(699392K), 0.0099055 secs] [Times: user=0.13 sys=0.00, real=0.01 secs] 
2016-09-24T00:20:58.729-0400: 225.969: [GC (GCLocker Initiated GC) [PSYoungGen: 161968K->54963K(175104K)] 525591K->431003K(699392K), 0.0217942 secs] [Times: user=0.21 sys=0.02, real=0.02 secs] 
2016-09-24T00:20:58.894-0400: 226.134: [GC (GCLocker Initiated GC) [PSYoungGen: 143027K->67241K(175104K)] 519177K->467803K(699392K), 0.0304054 secs] [Times: user=0.34 sys=0.00, real=0.03 secs] 
2016-09-24T00:20:59.063-0400: 226.302: [GC (Allocation Failure) [PSYoungGen: 155305K->55155K(175104K)] 561972K->510557K(699392K), 0.0087854 secs] [Times: user=0.08 sys=0.00, real=0.00 secs] 
2016-09-24T00:20:59.072-0400: 226.311: [Full GC (Ergonomics) [PSYoungGen: 55155K->0K(175104K)] [ParOldGen: 455402K->49196K(524288K)] 510557K->49196K(699392K), [Metaspace: 44555K->44555K(1087488K)], 0.0715772 secs] [Times: user=0.47 sys=0.01, real=0.08 secs] 
2016-09-24T00:20:59.257-0400: 226.496: [GC (GCLocker Initiated GC) [PSYoungGen: 87267K->86402K(175104K)] 142538K->147748K(699392K), 0.0140497 secs] [Times: user=0.15 sys=0.00, real=0.01 secs] 
2016-09-24T00:20:59.397-0400: 226.636: [GC (GCLocker Initiated GC) [PSYoungGen: 174466K->73316K(175104K)] 236021K->160154K(699392K), 0.0096988 secs] [Times: user=0.10 sys=0.00, real=0.01 secs] 
2016-09-24T00:20:59.501-0400: 226.740: [GC (GCLocker Initiated GC) [PSYoungGen: 161380K->49344K(175104K)] 248500K->185160K(699392K), 0.0250308 secs] [Times: user=0.24 sys=0.00, real=0.03 secs] 
2016-09-24T00:20:59.664-0400: 226.903: [GC (Allocation Failure) [PSYoungGen: 137408K->79551K(175104K)] 273535K->234210K(699392K), 0.0114660 secs] [Times: user=0.12 sys=0.00, real=0.01 secs] 
2016-09-24T00:20:59.789-0400: 227.028: [GC (GCLocker Initiated GC) [PSYoungGen: 167615K->61558K(175104K)] 322280K->240650K(699392K), 0.0103025 secs] [Times: user=0.10 sys=0.00, real=0.01 secs] 
2016-09-24T00:20:59.950-0400: 227.190: [GC (Allocation Failure) [PSYoungGen: 149622K->61166K(175104K)] 334837K->264865K(699392K), 0.0111075 secs] [Times: user=0.10 sys=0.00, real=0.01 secs] 
2016-09-24T00:21:00.090-0400: 227.329: [GC (GCLocker Initiated GC) [PSYoungGen: 147503K->61230K(175104K)] 357277K->307582K(699392K), 0.0093370 secs] [Times: user=0.08 sys=0.00, real=0.01 secs] 
2016-09-24T00:21:00.203-0400: 227.442: [GC (GCLocker Initiated GC) [PSYoungGen: 149294K->73740K(175104K)] 395811K->320361K(699392K), 0.0100435 secs] [Times: user=0.09 sys=0.00, real=0.00 secs] 
2016-09-24T00:21:00.314-0400: 227.554: [GC (GCLocker Initiated GC) [PSYoungGen: 161804K->79883K(175104K)] 408786K->327133K(699392K), 0.0105554 secs] [Times: user=0.08 sys=0.00, real=0.01 secs] 
2016-09-24T00:21:00.460-0400: 227.700: [GC (GCLocker Initiated GC) [PSYoungGen: 167947K->67597K(175104K)] 415249K->375940K(699392K), 0.0174381 secs] [Times: user=0.19 sys=0.00, real=0.02 secs] 
2016-09-24T00:21:00.605-0400: 227.844: [GC (Allocation Failure) [PSYoungGen: 155661K->43269K(175104K)] 470312K->376240K(699392K), 0.0262666 secs] [Times: user=0.28 sys=0.00, real=0.02 secs] 
2016-09-24T00:21:00.733-0400: 227.973: [GC (Allocation Failure) [PSYoungGen: 131333K->79651K(175104K)] 464304K->431147K(699392K), 0.0168485 secs] [Times: user=0.19 sys=0.00, real=0.02 secs] 
2016-09-24T00:21:00.751-0400: 227.990: [GC (GCLocker Initiated GC) [PSYoungGen: 80010K->64K(175104K)] 431506K->424798K(699392K), 0.0084943 secs] [Times: user=0.06 sys=0.00, real=0.01 secs] 
2016-09-24T00:21:00.893-0400: 228.132: [GC (GCLocker Initiated GC) [PSYoungGen: 85142K->61298K(175104K)] 515951K->492123K(699392K), 0.0350257 secs] [Times: user=0.38 sys=0.00, real=0.04 secs] 
2016-09-24T00:21:01.047-0400: 228.286: [GC (GCLocker Initiated GC) [PSYoungGen: 149362K->73740K(175104K)] 586321K->529224K(699392K), 0.0101687 secs] [Times: user=0.09 sys=0.01, real=0.01 secs] 
2016-09-24T00:21:01.057-0400: 228.297: [Full GC (Ergonomics) [PSYoungGen: 73740K->0K(175104K)] [ParOldGen: 455483K->48442K(524288K)] 529224K->48442K(699392K), [Metaspace: 44560K->44560K(1087488K)], 0.0590608 secs] [Times: user=0.38 sys=0.00, real=0.06 secs] 
2016-09-24T00:21:01.248-0400: 228.487: [GC (GCLocker Initiated GC) [PSYoungGen: 88064K->86178K(175104K)] 136738K->140927K(699392K), 0.0192674 secs] [Times: user=0.26 sys=0.00, real=0.02 secs] 
2016-09-24T00:21:01.410-0400: 228.650: [GC (GCLocker Initiated GC) [PSYoungGen: 174242K->67469K(175104K)] 235119K->165484K(699392K), 0.0356172 secs] [Times: user=0.37 sys=0.00, real=0.04 secs] 
2016-09-24T00:21:01.545-0400: 228.785: [GC (GCLocker Initiated GC) [PSYoungGen: 155533K->85890K(175104K)] 253635K->226824K(699392K), 0.0120809 secs] [Times: user=0.13 sys=0.00, real=0.01 secs] 
2016-09-24T00:21:01.696-0400: 228.935: [GC (GCLocker Initiated GC) [PSYoungGen: 173954K->43101K(175104K)] 321011K->281575K(699392K), 0.0119349 secs] [Times: user=0.18 sys=0.00, real=0.01 secs] 
2016-09-24T00:21:01.829-0400: 229.069: [GC (GCLocker Initiated GC) [PSYoungGen: 131165K->85626K(175104K)] 369720K->379000K(699392K), 0.0140303 secs] [Times: user=0.14 sys=0.00, real=0.02 secs] 
2016-09-24T00:21:01.953-0400: 229.192: [GC (GCLocker Initiated GC) [PSYoungGen: 173690K->49308K(175104K)] 467284K->409879K(699392K), 0.0131334 secs] [Times: user=0.12 sys=0.00, real=0.02 secs] 
2016-09-24T00:21:02.081-0400: 229.321: [GC (GCLocker Initiated GC) [PSYoungGen: 137372K->79523K(175104K)] 504110K->452604K(699392K), 0.0152335 secs] [Times: user=0.15 sys=0.00, real=0.02 secs] 
2016-09-24T00:21:02.208-0400: 229.447: [GC (GCLocker Initiated GC) [PSYoungGen: 167587K->67469K(175104K)] 546950K->489649K(699392K), 0.0156103 secs] [Times: user=0.16 sys=0.00, real=0.02 secs] 
2016-09-24T00:21:02.333-0400: 229.572: [GC (GCLocker Initiated GC) [PSYoungGen: 155533K->85922K(175104K)] 577916K->532921K(699392K), 0.0126286 secs] [Times: user=0.13 sys=0.00, real=0.02 secs] 
2016-09-24T00:21:02.346-0400: 229.585: [Full GC (Ergonomics) [PSYoungGen: 85922K->0K(175104K)] [ParOldGen: 446999K->54884K(524288K)] 532921K->54884K(699392K), [Metaspace: 44560K->44560K(1087488K)], 0.0639653 secs] [Times: user=0.44 sys=0.02, real=0.06 secs] 
2016-09-24T00:21:02.547-0400: 229.786: [GC (Allocation Failure) [PSYoungGen: 88064K->85954K(175104K)] 143018K->140908K(699392K), 0.0078739 secs] [Times: user=0.07 sys=0.00, real=0.01 secs] 
2016-09-24T00:21:02.662-0400: 229.902: [GC (GCLocker Initiated GC) [PSYoungGen: 174018K->42877K(175104K)] 228973K->140608K(699392K), 0.0250504 secs] [Times: user=0.21 sys=0.01, real=0.02 secs] 
2016-09-24T00:21:02.815-0400: 230.054: [GC (GCLocker Initiated GC) [PSYoungGen: 130941K->79719K(175104K)] 228726K->195832K(699392K), 0.0225653 secs] [Times: user=0.23 sys=0.00, real=0.02 secs] 
2016-09-24T00:21:02.945-0400: 230.184: [GC (GCLocker Initiated GC) [PSYoungGen: 167783K->61134K(175104K)] 284051K->226270K(699392K), 0.0178332 secs] [Times: user=0.18 sys=0.01, real=0.02 secs] 
2016-09-24T00:21:03.072-0400: 230.312: [GC (Allocation Failure) [PSYoungGen: 149198K->79883K(175104K)] 314678K->251533K(699392K), 0.0100157 secs] [Times: user=0.09 sys=0.00, real=0.02 secs] 
2016-09-24T00:21:03.220-0400: 230.459: [GC (GCLocker Initiated GC) [PSYoungGen: 167947K->67405K(175104K)] 339603K->275934K(699392K), 0.0225463 secs] [Times: user=0.22 sys=0.00, real=0.03 secs] 
2016-09-24T00:21:03.349-0400: 230.589: [GC (GCLocker Initiated GC) [PSYoungGen: 155469K->73772K(175104K)] 364107K->300762K(699392K), 0.0098679 secs] [Times: user=0.10 sys=0.01, real=0.01 secs] 
2016-09-24T00:21:03.475-0400: 230.715: [GC (GCLocker Initiated GC) [PSYoungGen: 161836K->79619K(175104K)] 389036K->343552K(699392K), 0.0286302 secs] [Times: user=0.32 sys=0.00, real=0.03 secs] 
2016-09-24T00:21:03.655-0400: 230.895: [GC (GCLocker Initiated GC) [PSYoungGen: 167683K->55191K(175104K)] 437745K->343713K(699392K), 0.0107342 secs] [Times: user=0.09 sys=0.00, real=0.01 secs] 
2016-09-24T00:21:03.777-0400: 231.016: [GC (GCLocker Initiated GC) [PSYoungGen: 143255K->67209K(175104K)] 431796K->374259K(699392K), 0.0310079 secs] [Times: user=0.29 sys=0.00, real=0.03 secs] 
2016-09-24T00:21:03.899-0400: 231.139: [GC (GCLocker Initiated GC) [PSYoungGen: 155273K->49312K(175104K)] 462387K->405146K(699392K), 0.0115341 secs] [Times: user=0.12 sys=0.01, real=0.01 secs] 
2016-09-24T00:21:04.034-0400: 231.273: [GC (GCLocker Initiated GC) [PSYoungGen: 137376K->85986K(175104K)] 493565K->466759K(699392K), 0.0128108 secs] [Times: user=0.15 sys=0.00, real=0.02 secs] 
2016-09-24T00:21:04.165-0400: 231.405: [GC (GCLocker Initiated GC) [PSYoungGen: 174050K->49372K(175104K)] 554909K->485393K(699392K), 0.0114865 secs] [Times: user=0.18 sys=0.00, real=0.01 secs] 
2016-09-24T00:21:04.305-0400: 231.544: [Full GC (Ergonomics) [PSYoungGen: 137436K->0K(175104K)] [ParOldGen: 448521K->53451K(524288K)] 585957K->53451K(699392K), [Metaspace: 44562K->44562K(1087488K)], 0.0825946 secs] [Times: user=0.69 sys=0.01, real=0.08 secs] 
2016-09-24T00:21:04.524-0400: 231.763: [GC (GCLocker Initiated GC) [PSYoungGen: 88064K->73708K(175104K)] 141726K->127370K(699392K), 0.0066139 secs] [Times: user=0.07 sys=0.01, real=0.00 secs] 
2016-09-24T00:21:04.646-0400: 231.886: [GC (GCLocker Initiated GC) [PSYoungGen: 161772K->85758K(175104K)] 215548K->194509K(699392K), 0.0133031 secs] [Times: user=0.19 sys=0.00, real=0.01 secs] 
2016-09-24T00:21:04.787-0400: 232.027: [GC (GCLocker Initiated GC) [PSYoungGen: 173822K->61686K(175104K)] 282677K->231450K(699392K), 0.0136124 secs] [Times: user=0.18 sys=0.00, real=0.01 secs] 
2016-09-24T00:21:04.892-0400: 232.131: [GC (GCLocker Initiated GC) [PSYoungGen: 149750K->37130K(175104K)] 325793K->237732K(699392K), 0.0169712 secs] [Times: user=0.17 sys=0.00, real=0.02 secs] 
2016-09-24T00:21:05.024-0400: 232.263: [GC (GCLocker Initiated GC) [PSYoungGen: 125194K->79911K(175104K)] 331930K->305015K(699392K), 0.0086072 secs] [Times: user=0.12 sys=0.01, real=0.00 secs] 
2016-09-24T00:21:05.169-0400: 232.408: [GC (GCLocker Initiated GC) [PSYoungGen: 167975K->37517K(175104K)] 405553K->300039K(699392K), 0.0061740 secs] [Times: user=0.08 sys=0.00, real=0.01 secs] 
2016-09-24T00:21:05.299-0400: 232.539: [GC (Allocation Failure) [PSYoungGen: 125581K->67565K(175104K)] 388391K->348915K(699392K), 0.0091107 secs] [Times: user=0.10 sys=0.00, real=0.01 secs] 
2016-09-24T00:21:05.309-0400: 232.548: [GC (GCLocker Initiated GC) [PSYoungGen: 67573K->32K(175104K)] 348923K->355004K(699392K), 0.0062860 secs] [Times: user=0.08 sys=0.01, real=0.01 secs] 
2016-09-24T00:21:05.434-0400: 232.674: [GC (GCLocker Initiated GC) [PSYoungGen: 88096K->85890K(175104K)] 443074K->446943K(699392K), 0.0089380 secs] [Times: user=0.09 sys=0.01, real=0.01 secs] 
2016-09-24T00:21:05.549-0400: 232.788: [GC (Allocation Failure) [PSYoungGen: 173954K->55351K(175104K)] 541123K->459441K(699392K), 0.0135585 secs] [Times: user=0.15 sys=0.00, real=0.02 secs] 
2016-09-24T00:21:05.688-0400: 232.928: [GC (GCLocker Initiated GC) [PSYoungGen: 143192K->43073K(175104K)] 553358K->471723K(699392K), 0.0135804 secs] [Times: user=0.12 sys=0.00, real=0.01 secs] 
2016-09-24T00:21:05.841-0400: 233.080: [GC (GCLocker Initiated GC) [PSYoungGen: 131137K->85894K(175104K)] 565926K->539028K(699392K), 0.0233950 secs] [Times: user=0.24 sys=0.00, real=0.03 secs] 
2016-09-24T00:21:05.864-0400: 233.104: [Full GC (Ergonomics) [PSYoungGen: 85894K->0K(175104K)] [ParOldGen: 453134K->47596K(524288K)] 539028K->47596K(699392K), [Metaspace: 44563K->44563K(1087488K)], 0.0586351 secs] [Times: user=0.31 sys=0.00, real=0.06 secs] 
2016-09-24T00:21:06.019-0400: 233.258: [GC (GCLocker Initiated GC) [PSYoungGen: 88064K->85982K(175104K)] 135724K->139718K(699392K), 0.0334907 secs] [Times: user=0.38 sys=0.00, real=0.03 secs] 
2016-09-24T00:21:06.159-0400: 233.398: [GC (GCLocker Initiated GC) [PSYoungGen: 174046K->67565K(175104K)] 227823K->200873K(699392K), 0.0153900 secs] [Times: user=0.18 sys=0.01, real=0.01 secs] 
2016-09-24T00:21:06.265-0400: 233.504: [GC (GCLocker Initiated GC) [PSYoungGen: 155629K->67597K(175104K)] 289163K->262189K(699392K), 0.0178897 secs] [Times: user=0.20 sys=0.00, real=0.02 secs] 
2016-09-24T00:21:06.412-0400: 233.652: [GC (GCLocker Initiated GC) [PSYoungGen: 155661K->55419K(175104K)] 356347K->292674K(699392K), 0.0085326 secs] [Times: user=0.09 sys=0.00, real=0.01 secs] 
2016-09-24T00:21:06.542-0400: 233.782: [GC (GCLocker Initiated GC) [PSYoungGen: 143483K->43201K(175104K)] 380922K->311314K(699392K), 0.0122729 secs] [Times: user=0.12 sys=0.01, real=0.01 secs] 
2016-09-24T00:21:06.656-0400: 233.895: [GC (GCLocker Initiated GC) [PSYoungGen: 131265K->73708K(175104K)] 405601K->366569K(699392K), 0.0095163 secs] [Times: user=0.09 sys=0.00, real=0.01 secs] 
2016-09-24T00:21:06.803-0400: 234.043: [GC (GCLocker Initiated GC) [PSYoungGen: 161772K->79551K(175104K)] 460907K->403450K(699392K), 0.0119780 secs] [Times: user=0.17 sys=0.00, real=0.01 secs] 
2016-09-24T00:21:06.932-0400: 234.171: [GC (GCLocker Initiated GC) [PSYoungGen: 167615K->85790K(175104K)] 503713K->464573K(699392K), 0.0112488 secs] [Times: user=0.15 sys=0.01, real=0.02 secs] 
2016-09-24T00:21:07.071-0400: 234.311: [GC (GCLocker Initiated GC) [PSYoungGen: 173854K->55059K(175104K)] 552699K->482771K(699392K), 0.0234042 secs] [Times: user=0.24 sys=0.00, real=0.03 secs] 
2016-09-24T00:21:07.213-0400: 234.452: [GC (Allocation Failure) [PSYoungGen: 143123K->67629K(175104K)] 570877K->519779K(699392K), 0.0246743 secs] [Times: user=0.25 sys=0.00, real=0.03 secs] 
2016-09-24T00:21:07.238-0400: 234.477: [Full GC (Ergonomics) [PSYoungGen: 67629K->0K(175104K)] [ParOldGen: 452149K->47614K(524288K)] 519779K->47614K(699392K), [Metaspace: 44563K->44563K(1087488K)], 0.0541783 secs] [Times: user=0.30 sys=0.00, real=0.05 secs] 
2016-09-24T00:21:07.409-0400: 234.649: [GC (GCLocker Initiated GC) [PSYoungGen: 87745K->85982K(175104K)] 141434K->163971K(699392K), 0.0099822 secs] [Times: user=0.13 sys=0.00, real=0.01 secs] 
2016-09-24T00:21:07.533-0400: 234.773: [GC (GCLocker Initiated GC) [PSYoungGen: 174046K->79879K(175104K)] 252385K->201455K(699392K), 0.0104454 secs] [Times: user=0.10 sys=0.01, real=0.02 secs] 
2016-09-24T00:21:07.678-0400: 234.918: [GC (GCLocker Initiated GC) [PSYoungGen: 167943K->55447K(175104K)] 289751K->232253K(699392K), 0.0160170 secs] [Times: user=0.16 sys=0.01, real=0.02 secs] 
2016-09-24T00:21:07.839-0400: 235.079: [GC (GCLocker Initiated GC) [PSYoungGen: 143511K->55483K(175104K)] 332733K->275184K(699392K), 0.0151238 secs] [Times: user=0.14 sys=0.00, real=0.02 secs] 
2016-09-24T00:21:07.964-0400: 235.203: [GC (GCLocker Initiated GC) [PSYoungGen: 143547K->67597K(175104K)] 363369K->305935K(699392K), 0.0174777 secs] [Times: user=0.20 sys=0.00, real=0.01 secs] 
2016-09-24T00:21:08.104-0400: 235.344: [GC (GCLocker Initiated GC) [PSYoungGen: 155661K->49212K(175104K)] 394214K->330402K(699392K), 0.0106476 secs] [Times: user=0.08 sys=0.01, real=0.01 secs] 
2016-09-24T00:21:08.242-0400: 235.481: [GC (GCLocker Initiated GC) [PSYoungGen: 137276K->73804K(175104K)] 418547K->373591K(699392K), 0.0321233 secs] [Times: user=0.32 sys=0.01, real=0.04 secs] 
2016-09-24T00:21:08.404-0400: 235.643: [GC (GCLocker Initiated GC) [PSYoungGen: 161868K->61134K(175104K)] 473892K->410204K(699392K), 0.0149370 secs] [Times: user=0.14 sys=0.00, real=0.01 secs] 
2016-09-24T00:21:08.526-0400: 235.765: [GC (GCLocker Initiated GC) [PSYoungGen: 149198K->67373K(175104K)] 498573K->465459K(699392K), 0.0175333 secs] [Times: user=0.15 sys=0.00, real=0.02 secs] 
2016-09-24T00:21:08.689-0400: 235.929: [GC (GCLocker Initiated GC) [PSYoungGen: 155437K->19228K(175104K)] 577977K->478471K(699392K), 0.0168548 secs] [Times: user=0.17 sys=0.00, real=0.02 secs] 
2016-09-24T00:21:08.706-0400: 235.946: [Full GC (Ergonomics) [PSYoungGen: 19228K->0K(175104K)] [ParOldGen: 459242K->53512K(524288K)] 478471K->53512K(699392K), [Metaspace: 44563K->44563K(1087488K)], 0.0735913 secs] [Times: user=0.45 sys=0.01, real=0.07 secs] 
2016-09-24T00:21:08.912-0400: 236.151: [GC (GCLocker Initiated GC) [PSYoungGen: 88064K->79683K(175104K)] 147709K->139329K(699392K), 0.0141748 secs] [Times: user=0.14 sys=0.00, real=0.02 secs] 
2016-09-24T00:21:09.056-0400: 236.295: [GC (Allocation Failure) [PSYoungGen: 167747K->55287K(175104K)] 227647K->170122K(699392K), 0.0193924 secs] [Times: user=0.22 sys=0.01, real=0.02 secs] 
2016-09-24T00:21:09.194-0400: 236.433: [GC (GCLocker Initiated GC) [PSYoungGen: 143351K->73804K(175104K)] 258191K->219327K(699392K), 0.0083187 secs] [Times: user=0.12 sys=0.00, real=0.01 secs] 
2016-09-24T00:21:09.339-0400: 236.578: [GC (Allocation Failure) [PSYoungGen: 161868K->61230K(175104K)] 308041K->225935K(699392K), 0.0102766 secs] [Times: user=0.11 sys=0.01, real=0.01 secs] 
2016-09-24T00:21:09.485-0400: 236.724: [GC (Allocation Failure) [PSYoungGen: 147726K->49084K(175104K)] 312431K->232093K(699392K), 0.0383186 secs] [Times: user=0.41 sys=0.00, real=0.04 secs] 
2016-09-24T00:21:09.653-0400: 236.893: [GC (GCLocker Initiated GC) [PSYoungGen: 137148K->85758K(175104K)] 320163K->269064K(699392K), 0.0127546 secs] [Times: user=0.13 sys=0.01, real=0.02 secs] 
2016-09-24T00:21:09.810-0400: 237.050: [GC (Allocation Failure) [PSYoungGen: 173822K->67533K(175104K)] 363553K->306000K(699392K), 0.0092874 secs] [Times: user=0.10 sys=0.00, real=0.01 secs] 
2016-09-24T00:21:09.957-0400: 237.196: [GC (GCLocker Initiated GC) [PSYoungGen: 155597K->55515K(175104K)] 394075K->312361K(699392K), 0.0145051 secs] [Times: user=0.20 sys=0.01, real=0.01 secs] 
2016-09-24T00:21:10.059-0400: 237.298: [GC (GCLocker Initiated GC) [PSYoungGen: 143579K->86018K(175104K)] 400641K->367696K(699392K), 0.0111189 secs] [Times: user=0.16 sys=0.01, real=0.01 secs] 
2016-09-24T00:21:10.189-0400: 237.428: [GC (GCLocker Initiated GC) [PSYoungGen: 174082K->73836K(175104K)] 455778K->374048K(699392K), 0.0094967 secs] [Times: user=0.14 sys=0.00, real=0.01 secs] 
2016-09-24T00:21:10.317-0400: 237.557: [GC (GCLocker Initiated GC) [PSYoungGen: 161900K->37094K(175104K)] 468402K->380337K(699392K), 0.0069587 secs] [Times: user=0.07 sys=0.00, real=0.01 secs] 
2016-09-24T00:21:10.460-0400: 237.699: [GC (GCLocker Initiated GC) [PSYoungGen: 125158K->85662K(175104K)] 474731K->435503K(699392K), 0.0096951 secs] [Times: user=0.10 sys=0.00, real=0.01 secs] 
2016-09-24T00:21:10.582-0400: 237.822: [GC (Allocation Failure) [PSYoungGen: 173726K->61362K(175104K)] 523670K->460189K(699392K), 0.0100537 secs] [Times: user=0.09 sys=0.00, real=0.00 secs] 
2016-09-24T00:21:10.697-0400: 237.936: [GC (GCLocker Initiated GC) [PSYoungGen: 149426K->49244K(175104K)] 548260K->478729K(699392K), 0.0277563 secs] [Times: user=0.26 sys=0.00, real=0.03 secs] 
2016-09-24T00:21:10.854-0400: 238.093: [GC (GCLocker Initiated GC) [PSYoungGen: 137308K->85986K(175104K)] 566840K->534059K(699392K), 0.0156580 secs] [Times: user=0.19 sys=0.00, real=0.02 secs] 
2016-09-24T00:21:11.020-0400: 238.260: [Full GC (Ergonomics) [PSYoungGen: 174048K->0K(175104K)] [ParOldGen: 460578K->53887K(524288K)] 634627K->53887K(699392K), [Metaspace: 44565K->44565K(1087488K)], 0.0647396 secs] [Times: user=0.39 sys=0.00, real=0.07 secs] 
2016-09-24T00:21:11.212-0400: 238.451: [GC (GCLocker Initiated GC) [PSYoungGen: 88064K->85466K(175104K)] 141998K->145476K(699392K), 0.0256956 secs] [Times: user=0.26 sys=0.00, real=0.03 secs] 
2016-09-24T00:21:11.331-0400: 238.570: [GC (GCLocker Initiated GC) [PSYoungGen: 173530K->67925K(175104K)] 233789K->170836K(699392K), 0.0167051 secs] [Times: user=0.18 sys=0.00, real=0.02 secs] 
2016-09-24T00:21:11.451-0400: 238.690: [GC (GCLocker Initiated GC) [PSYoungGen: 155989K->55223K(175104K)] 264996K->201259K(699392K), 0.0141327 secs] [Times: user=0.11 sys=0.00, real=0.02 secs] 
2016-09-24T00:21:11.625-0400: 238.865: [GC (GCLocker Initiated GC) [PSYoungGen: 143287K->49212K(175104K)] 295541K->268591K(699392K), 0.0313453 secs] [Times: user=0.32 sys=0.00, real=0.03 secs] 
2016-09-24T00:21:11.782-0400: 239.021: [GC (GCLocker Initiated GC) [PSYoungGen: 137276K->67273K(175104K)] 356893K->305390K(699392K), 0.0193311 secs] [Times: user=0.19 sys=0.00, real=0.02 secs] 
2016-09-24T00:21:11.900-0400: 239.139: [GC (GCLocker Initiated GC) [PSYoungGen: 155337K->36966K(175104K)] 393473K->323806K(699392K), 0.0430070 secs] [Times: user=0.49 sys=0.01, real=0.05 secs] 
2016-09-24T00:21:12.074-0400: 239.313: [GC (GCLocker Initiated GC) [PSYoungGen: 125030K->85530K(175104K)] 411956K->415281K(699392K), 0.0110186 secs] [Times: user=0.12 sys=0.00, real=0.02 secs] 
2016-09-24T00:21:12.207-0400: 239.447: [GC (GCLocker Initiated GC) [PSYoungGen: 173594K->61298K(175104K)] 504025K->428298K(699392K), 0.0123011 secs] [Times: user=0.11 sys=0.01, real=0.01 secs] 
2016-09-24T00:21:12.323-0400: 239.562: [GC (GCLocker Initiated GC) [PSYoungGen: 149362K->61330K(175104K)] 522513K->452973K(699392K), 0.0212863 secs] [Times: user=0.22 sys=0.00, real=0.02 secs] 
2016-09-24T00:21:12.456-0400: 239.695: [GC (GCLocker Initiated GC) [PSYoungGen: 149394K->85790K(175104K)] 541247K->526535K(699392K), 0.0258189 secs] [Times: user=0.28 sys=0.00, real=0.02 secs] 
2016-09-24T00:21:12.618-0400: 239.857: [GC (GCLocker Initiated GC) [PSYoungGen: 173854K->79683K(175104K)] 614809K->538966K(699392K), 0.0314399 secs] [Times: user=0.33 sys=0.01, real=0.03 secs] 
2016-09-24T00:21:12.649-0400: 239.889: [Full GC (Ergonomics) [PSYoungGen: 79683K->0K(175104K)] [ParOldGen: 459283K->47699K(524288K)] 538966K->47699K(699392K), [Metaspace: 44566K->44566K(1087488K)], 0.0642175 secs] [Times: user=0.39 sys=0.03, real=0.06 secs] 
2016-09-24T00:21:12.830-0400: 240.069: [GC (GCLocker Initiated GC) [PSYoungGen: 88064K->86146K(175104K)] 142025K->152257K(699392K), 0.0398734 secs] [Times: user=0.52 sys=0.01, real=0.04 secs] 
2016-09-24T00:21:12.985-0400: 240.224: [GC (Allocation Failure) [PSYoungGen: 174210K->55351K(175104K)] 240350K->189215K(699392K), 0.0108936 secs] [Times: user=0.14 sys=0.00, real=0.01 secs] 
2016-09-24T00:21:13.090-0400: 240.329: [GC (GCLocker Initiated GC) [PSYoungGen: 143415K->85790K(175104K)] 277290K->292709K(699392K), 0.0135839 secs] [Times: user=0.19 sys=0.01, real=0.02 secs] 
2016-09-24T00:21:13.207-0400: 240.446: [GC (GCLocker Initiated GC) [PSYoungGen: 173854K->85954K(175104K)] 380802K->323569K(699392K), 0.0139190 secs] [Times: user=0.18 sys=0.00, real=0.01 secs] 
2016-09-24T00:21:13.340-0400: 240.579: [GC (GCLocker Initiated GC) [PSYoungGen: 174018K->67437K(175104K)] 411714K->348105K(699392K), 0.0110450 secs] [Times: user=0.09 sys=0.01, real=0.01 secs] 
2016-09-24T00:21:13.487-0400: 240.727: [GC (GCLocker Initiated GC) [PSYoungGen: 155501K->61622K(175104K)] 442527K->433979K(699392K), 0.0140393 secs] [Times: user=0.16 sys=0.01, real=0.01 secs] 
2016-09-24T00:21:13.640-0400: 240.880: [GC (GCLocker Initiated GC) [PSYoungGen: 149686K->55383K(175104K)] 522226K->446603K(699392K), 0.0151337 secs] [Times: user=0.18 sys=0.00, real=0.02 secs] 
2016-09-24T00:21:13.746-0400: 240.986: [GC (Allocation Failure) [PSYoungGen: 143447K->85822K(175104K)] 534955K->483549K(699392K), 0.0130448 secs] [Times: user=0.18 sys=0.00, real=0.01 secs] 
2016-09-24T00:21:13.872-0400: 241.111: [GC (GCLocker Initiated GC) [PSYoungGen: 173886K->73608K(175104K)] 571619K->508106K(699392K), 0.0112990 secs] [Times: user=0.17 sys=0.01, real=0.02 secs] 
2016-09-24T00:21:13.883-0400: 241.122: [Full GC (Ergonomics) [PSYoungGen: 73608K->0K(175104K)] [ParOldGen: 434498K->47805K(524288K)] 508106K->47805K(699392K), [Metaspace: 44566K->44566K(1087488K)], 0.0602815 secs] [Times: user=0.36 sys=0.00, real=0.06 secs] 
2016-09-24T00:21:14.067-0400: 241.307: [GC (GCLocker Initiated GC) [PSYoungGen: 88064K->80039K(175104K)] 141991K->133966K(699392K), 0.0142669 secs] [Times: user=0.15 sys=0.00, real=0.01 secs] 
2016-09-24T00:21:14.224-0400: 241.463: [GC (GCLocker Initiated GC) [PSYoungGen: 168103K->67401K(175104K)] 228309K->182994K(699392K), 0.0289584 secs] [Times: user=0.30 sys=0.00, real=0.02 secs] 
2016-09-24T00:21:14.369-0400: 241.608: [GC (Allocation Failure) [PSYoungGen: 155465K->85922K(175104K)] 271190K->213948K(699392K), 0.0095489 secs] [Times: user=0.13 sys=0.00, real=0.01 secs] 
2016-09-24T00:21:14.480-0400: 241.719: [GC (GCLocker Initiated GC) [PSYoungGen: 173986K->85854K(175104K)] 302012K->274954K(699392K), 0.0128962 secs] [Times: user=0.19 sys=0.00, real=0.01 secs] 
2016-09-24T00:21:14.604-0400: 241.844: [GC (GCLocker Initiated GC) [PSYoungGen: 173918K->55511K(175104K)] 375484K->293671K(699392K), 0.0113724 secs] [Times: user=0.16 sys=0.00, real=0.01 secs] 
2016-09-24T00:21:14.716-0400: 241.956: [GC (GCLocker Initiated GC) [PSYoungGen: 143575K->85790K(175104K)] 381782K->342546K(699392K), 0.0112807 secs] [Times: user=0.14 sys=0.00, real=0.01 secs] 
2016-09-24T00:21:14.879-0400: 242.118: [GC (Allocation Failure) [PSYoungGen: 173854K->55187K(175104K)] 430680K->373022K(699392K), 0.0142763 secs] [Times: user=0.13 sys=0.00, real=0.01 secs] 
2016-09-24T00:21:15.009-0400: 242.248: [GC (GCLocker Initiated GC) [PSYoungGen: 143251K->24620K(175104K)] 461092K->397247K(699392K), 0.0557317 secs] [Times: user=0.50 sys=0.00, real=0.06 secs] 
2016-09-24T00:21:15.178-0400: 242.417: [GC (GCLocker Initiated GC) [PSYoungGen: 112684K->85662K(175104K)] 485336K->464509K(699392K), 0.0096753 secs] [Times: user=0.09 sys=0.00, real=0.01 secs] 
2016-09-24T00:21:15.300-0400: 242.539: [GC (GCLocker Initiated GC) [PSYoungGen: 173726K->49080K(175104K)] 552609K->495087K(699392K), 0.0200013 secs] [Times: user=0.23 sys=0.01, real=0.02 secs] 
2016-09-24T00:21:15.320-0400: 242.559: [Full GC (Ergonomics) [PSYoungGen: 49080K->0K(175104K)] [ParOldGen: 446007K->48116K(524288K)] 495087K->48116K(699392K), [Metaspace: 44570K->44570K(1087488K)], 0.0544475 secs] [Times: user=0.31 sys=0.00, real=0.06 secs] 
2016-09-24T00:21:15.473-0400: 242.712: [GC (GCLocker Initiated GC) [PSYoungGen: 88064K->86046K(175104K)] 136227K->146360K(699392K), 0.0225837 secs] [Times: user=0.27 sys=0.01, real=0.03 secs] 
2016-09-24T00:21:15.621-0400: 242.860: [GC (GCLocker Initiated GC) [PSYoungGen: 174110K->31150K(175104K)] 246778K->146891K(699392K), 0.0323767 secs] [Times: user=0.33 sys=0.00, real=0.03 secs] 
2016-09-24T00:21:15.761-0400: 243.001: [GC (GCLocker Initiated GC) [PSYoungGen: 119214K->73672K(175104K)] 235025K->189781K(699392K), 0.0085086 secs] [Times: user=0.11 sys=0.00, real=0.01 secs] 
2016-09-24T00:21:15.878-0400: 243.118: [GC (GCLocker Initiated GC) [PSYoungGen: 161736K->85986K(175104K)] 277972K->250965K(699392K), 0.0191160 secs] [Times: user=0.26 sys=0.00, real=0.02 secs] 
2016-09-24T00:21:16.019-0400: 243.258: [GC (Allocation Failure) [PSYoungGen: 174050K->49376K(175104K)] 345454K->257670K(699392K), 0.0121763 secs] [Times: user=0.12 sys=0.00, real=0.01 secs] 
2016-09-24T00:21:16.125-0400: 243.364: [GC (GCLocker Initiated GC) [PSYoungGen: 131751K->55515K(175104K)] 346120K->288212K(699392K), 0.0155815 secs] [Times: user=0.14 sys=0.00, real=0.01 secs] 
2016-09-24T00:21:16.258-0400: 243.497: [GC (GCLocker Initiated GC) [PSYoungGen: 143579K->61590K(175104K)] 382388K->318735K(699392K), 0.0104455 secs] [Times: user=0.11 sys=0.00, real=0.01 secs] 
2016-09-24T00:21:16.378-0400: 243.618: [GC (Allocation Failure) [PSYoungGen: 149654K->61426K(175104K)] 412988K->337194K(699392K), 0.0293027 secs] [Times: user=0.36 sys=0.00, real=0.03 secs] 
2016-09-24T00:21:16.532-0400: 243.771: [GC (GCLocker Initiated GC) [PSYoungGen: 147097K->67469K(175104K)] 428941K->349603K(699392K), 0.0332949 secs] [Times: user=0.33 sys=0.00, real=0.04 secs] 
2016-09-24T00:21:16.697-0400: 243.937: [GC (GCLocker Initiated GC) [PSYoungGen: 155533K->73576K(175104K)] 437894K->380520K(699392K), 0.0316669 secs] [Times: user=0.35 sys=0.01, real=0.03 secs] 
2016-09-24T00:21:16.842-0400: 244.081: [GC (GCLocker Initiated GC) [PSYoungGen: 161640K->73676K(175104K)] 474964K->387260K(699392K), 0.0123771 secs] [Times: user=0.10 sys=0.00, real=0.02 secs] 
2016-09-24T00:21:16.998-0400: 244.237: [GC (GCLocker Initiated GC) [PSYoungGen: 161740K->67597K(175104K)] 475500K->400053K(699392K), 0.0133356 secs] [Times: user=0.15 sys=0.01, real=0.01 secs] 
2016-09-24T00:21:17.135-0400: 244.374: [GC (GCLocker Initiated GC) [PSYoungGen: 155661K->43105K(175104K)] 488478K->442859K(699392K), 0.0112080 secs] [Times: user=0.09 sys=0.00, real=0.01 secs] 
2016-09-24T00:21:17.263-0400: 244.503: [GC (GCLocker Initiated GC) [PSYoungGen: 131169K->67341K(175104K)] 530970K->485487K(699392K), 0.0128500 secs] [Times: user=0.13 sys=0.01, real=0.01 secs] 
2016-09-24T00:21:17.377-0400: 244.616: [GC (GCLocker Initiated GC) [PSYoungGen: 155405K->67569K(175104K)] 573828K->516634K(699392K), 0.0294635 secs] [Times: user=0.32 sys=0.00, real=0.03 secs] 
2016-09-24T00:21:17.406-0400: 244.646: [Full GC (Ergonomics) [PSYoungGen: 67569K->0K(175104K)] [ParOldGen: 449065K->54623K(524288K)] 516634K->54623K(699392K), [Metaspace: 44572K->44572K(1087488K)], 0.0565883 secs] [Times: user=0.36 sys=0.01, real=0.06 secs] 
2016-09-24T00:21:17.598-0400: 244.837: [GC (GCLocker Initiated GC) [PSYoungGen: 88064K->55775K(175104K)] 149089K->116800K(699392K), 0.0445289 secs] [Times: user=0.44 sys=0.00, real=0.05 secs] 
2016-09-24T00:21:17.779-0400: 245.019: [GC (GCLocker Initiated GC) [PSYoungGen: 143839K->37322K(175104K)] 217826K->130246K(699392K), 0.0173279 secs] [Times: user=0.20 sys=0.00, real=0.02 secs] 
2016-09-24T00:21:17.913-0400: 245.152: [GC (GCLocker Initiated GC) [PSYoungGen: 125386K->55223K(175104K)] 230619K->160552K(699392K), 0.0215637 secs] [Times: user=0.26 sys=0.00, real=0.03 secs] 
2016-09-24T00:21:18.077-0400: 245.317: [GC (GCLocker Initiated GC) [PSYoungGen: 143287K->73544K(175104K)] 248971K->197596K(699392K), 0.0087256 secs] [Times: user=0.10 sys=0.00, real=0.01 secs] 
2016-09-24T00:21:18.207-0400: 245.447: [GC (GCLocker Initiated GC) [PSYoungGen: 161608K->79747K(175104K)] 285819K->222319K(699392K), 0.0158060 secs] [Times: user=0.17 sys=0.01, real=0.02 secs] 
2016-09-24T00:21:18.327-0400: 245.566: [GC (GCLocker Initiated GC) [PSYoungGen: 167811K->55643K(175104K)] 310476K->234845K(699392K), 0.0230872 secs] [Times: user=0.21 sys=0.00, real=0.02 secs] 
2016-09-24T00:21:18.457-0400: 245.696: [GC (GCLocker Initiated GC) [PSYoungGen: 143707K->67697K(175104K)] 329200K->271715K(699392K), 0.0152760 secs] [Times: user=0.16 sys=0.00, real=0.01 secs] 
2016-09-24T00:21:18.618-0400: 245.858: [GC (GCLocker Initiated GC) [PSYoungGen: 155761K->61490K(175104K)] 371960K->277980K(699392K), 0.0116316 secs] [Times: user=0.14 sys=0.01, real=0.01 secs] 
2016-09-24T00:21:18.741-0400: 245.981: [GC (Allocation Failure) [PSYoungGen: 149554K->55251K(175104K)] 366153K->314667K(699392K), 0.0117198 secs] [Times: user=0.13 sys=0.00, real=0.01 secs] 
2016-09-24T00:21:18.878-0400: 246.117: [GC (GCLocker Initiated GC) [PSYoungGen: 141938K->73936K(175104K)] 407429K->357795K(699392K), 0.0309072 secs] [Times: user=0.36 sys=0.00, real=0.03 secs] 
2016-09-24T00:21:19.024-0400: 246.264: [GC (Allocation Failure) [PSYoungGen: 162000K->49312K(175104K)] 446186K->352311K(699392K), 0.0142644 secs] [Times: user=0.12 sys=0.00, real=0.01 secs] 
2016-09-24T00:21:19.153-0400: 246.392: [GC (GCLocker Initiated GC) [PSYoungGen: 137376K->67501K(175104K)] 440377K->389042K(699392K), 0.0108283 secs] [Times: user=0.11 sys=0.00, real=0.02 secs] 
2016-09-24T00:21:19.292-0400: 246.531: [GC (GCLocker Initiated GC) [PSYoungGen: 155565K->79587K(175104K)] 477170K->419692K(699392K), 0.0124760 secs] [Times: user=0.11 sys=0.00, real=0.02 secs] 
2016-09-24T00:21:19.432-0400: 246.671: [GC (GCLocker Initiated GC) [PSYoungGen: 167651K->61558K(175104K)] 508067K->420630K(699392K), 0.0278908 secs] [Times: user=0.31 sys=0.00, real=0.03 secs] 
2016-09-24T00:21:19.559-0400: 246.798: [GC (GCLocker Initiated GC) [PSYoungGen: 149622K->55319K(175104K)] 508730K->463303K(699392K), 0.0097221 secs] [Times: user=0.13 sys=0.00, real=0.01 secs] 
2016-09-24T00:21:19.669-0400: 246.909: [GC (GCLocker Initiated GC) [PSYoungGen: 143383K->85790K(175104K)] 551415K->548649K(699392K), 0.0112243 secs] [Times: user=0.15 sys=0.00, real=0.01 secs] 
2016-09-24T00:21:19.681-0400: 246.920: [Full GC (Ergonomics) [PSYoungGen: 85790K->0K(175104K)] [ParOldGen: 462859K->54290K(524288K)] 548649K->54290K(699392K), [Metaspace: 44574K->44574K(1087488K)], 0.0561698 secs] [Times: user=0.35 sys=0.00, real=0.06 secs] 
2016-09-24T00:21:19.844-0400: 247.083: [GC (GCLocker Initiated GC) [PSYoungGen: 88064K->86434K(175104K)] 148589K->153035K(699392K), 0.0081466 secs] [Times: user=0.09 sys=0.01, real=0.00 secs] 
2016-09-24T00:21:19.988-0400: 247.227: [GC (GCLocker Initiated GC) [PSYoungGen: 174498K->55187K(175104K)] 241146K->159261K(699392K), 0.0083057 secs] [Times: user=0.10 sys=0.00, real=0.01 secs] 
2016-09-24T00:21:20.106-0400: 247.346: [GC (GCLocker Initiated GC) [PSYoungGen: 143251K->73480K(175104K)] 253448K->189856K(699392K), 0.0133500 secs] [Times: user=0.16 sys=0.00, real=0.01 secs] 
2016-09-24T00:21:20.241-0400: 247.480: [GC (GCLocker Initiated GC) [PSYoungGen: 161544K->67337K(175104K)] 278040K->226633K(699392K), 0.0119133 secs] [Times: user=0.08 sys=0.00, real=0.01 secs] 
2016-09-24T00:21:20.367-0400: 247.606: [GC (GCLocker Initiated GC) [PSYoungGen: 155401K->55287K(175104K)] 320853K->245174K(699392K), 0.0132593 secs] [Times: user=0.15 sys=0.00, real=0.01 secs] 
2016-09-24T00:21:20.503-0400: 247.742: [GC (GCLocker Initiated GC) [PSYoungGen: 143351K->73804K(175104K)] 339461K->270198K(699392K), 0.0089776 secs] [Times: user=0.11 sys=0.00, real=0.00 secs] 
2016-09-24T00:21:20.648-0400: 247.887: [GC (GCLocker Initiated GC) [PSYoungGen: 161868K->61234K(175104K)] 358360K->263897K(699392K), 0.0098495 secs] [Times: user=0.08 sys=0.00, real=0.01 secs] 
2016-09-24T00:21:20.811-0400: 248.050: [GC (GCLocker Initiated GC) [PSYoungGen: 149298K->55219K(175104K)] 364410K->270427K(699392K), 0.0090427 secs] [Times: user=0.11 sys=0.00, real=0.01 secs] 
2016-09-24T00:21:20.925-0400: 248.164: [GC (GCLocker Initiated GC) [PSYoungGen: 143283K->74032K(175104K)] 358840K->307982K(699392K), 0.0114649 secs] [Times: user=0.18 sys=0.00, real=0.01 secs] 
2016-09-24T00:21:21.050-0400: 248.290: [GC (GCLocker Initiated GC) [PSYoungGen: 162096K->73836K(175104K)] 396255K->344925K(699392K), 0.0153336 secs] [Times: user=0.17 sys=0.00, real=0.02 secs] 
2016-09-24T00:21:21.170-0400: 248.409: [GC (Allocation Failure) [PSYoungGen: 161900K->55159K(175104K)] 433282K->345190K(699392K), 0.0100295 secs] [Times: user=0.07 sys=0.01, real=0.01 secs] 
2016-09-24T00:21:21.286-0400: 248.526: [GC (GCLocker Initiated GC) [PSYoungGen: 139799K->55355K(175104K)] 435905K->351548K(699392K), 0.0223307 secs] [Times: user=0.25 sys=0.00, real=0.02 secs] 
2016-09-24T00:21:21.430-0400: 248.669: [GC (GCLocker Initiated GC) [PSYoungGen: 143419K->85530K(175104K)] 439660K->430687K(699392K), 0.0137532 secs] [Times: user=0.15 sys=0.00, real=0.02 secs] 
2016-09-24T00:21:21.545-0400: 248.784: [GC (Allocation Failure) [PSYoungGen: 173594K->37325K(175104K)] 524985K->431361K(699392K), 0.0079911 secs] [Times: user=0.06 sys=0.00, real=0.00 secs] 
2016-09-24T00:21:21.645-0400: 248.884: [GC (GCLocker Initiated GC) [PSYoungGen: 125389K->73580K(175104K)] 519426K->486452K(699392K), 0.0228221 secs] [Times: user=0.19 sys=0.00, real=0.02 secs] 
2016-09-24T00:21:21.775-0400: 249.015: [GC (GCLocker Initiated GC) [PSYoungGen: 161644K->43173K(175104K)] 580593K->492585K(699392K), 0.0229902 secs] [Times: user=0.21 sys=0.00, real=0.02 secs] 
2016-09-24T00:21:21.895-0400: 249.135: [GC (GCLocker Initiated GC) [PSYoungGen: 131237K->55223K(175104K)] 586850K->510907K(699392K), 0.0149271 secs] [Times: user=0.14 sys=0.01, real=0.01 secs] 
2016-09-24T00:21:22.019-0400: 249.259: [GC (GCLocker Initiated GC) [PSYoungGen: 143287K->79655K(175104K)] 599019K->535475K(699392K), 0.0201879 secs] [Times: user=0.18 sys=0.00, real=0.02 secs] 
2016-09-24T00:21:22.152-0400: 249.391: [GC (GCLocker Initiated GC) [PSYoungGen: 167719K->36966K(175104K)] 623608K->541723K(699392K), 0.0100974 secs] [Times: user=0.08 sys=0.00, real=0.01 secs] 
2016-09-24T00:21:22.162-0400: 249.401: [Full GC (Ergonomics) [PSYoungGen: 36966K->0K(175104K)] [ParOldGen: 504757K->48689K(524288K)] 541723K->48689K(699392K), [Metaspace: 44574K->44574K(1087488K)], 0.0640152 secs] [Times: user=0.38 sys=0.01, real=0.07 secs] 
2016-09-24T00:21:22.322-0400: 249.562: [GC (GCLocker Initiated GC) [PSYoungGen: 88064K->86242K(175104K)] 142910K->147163K(699392K), 0.0115992 secs] [Times: user=0.13 sys=0.01, real=0.00 secs] 
2016-09-24T00:21:22.438-0400: 249.677: [GC (GCLocker Initiated GC) [PSYoungGen: 174306K->67697K(175104K)] 235313K->190009K(699392K), 0.0216314 secs] [Times: user=0.22 sys=0.01, real=0.02 secs] 
2016-09-24T00:21:22.567-0400: 249.807: [GC (GCLocker Initiated GC) [PSYoungGen: 155761K->55187K(175104K)] 278430K->178328K(699392K), 0.0243291 secs] [Times: user=0.32 sys=0.00, real=0.02 secs] 
2016-09-24T00:21:22.706-0400: 249.945: [GC (GCLocker Initiated GC) [PSYoungGen: 143251K->30923K(175104K)] 272592K->178592K(699392K), 0.0229021 secs] [Times: user=0.16 sys=0.01, real=0.02 secs] 
2016-09-24T00:21:22.875-0400: 250.115: [GC (GCLocker Initiated GC) [PSYoungGen: 118987K->49180K(175104K)] 266680K->196977K(699392K), 0.0190339 secs] [Times: user=0.19 sys=0.00, real=0.02 secs] 
2016-09-24T00:21:23.017-0400: 250.256: [GC (GCLocker Initiated GC) [PSYoungGen: 137244K->67437K(175104K)] 291169K->239895K(699392K), 0.0113059 secs] [Times: user=0.11 sys=0.00, real=0.01 secs] 
2016-09-24T00:21:23.128-0400: 250.367: [GC (GCLocker Initiated GC) [PSYoungGen: 155501K->67405K(175104K)] 334064K->276642K(699392K), 0.0148614 secs] [Times: user=0.18 sys=0.00, real=0.02 secs] 
2016-09-24T00:21:23.257-0400: 250.496: [GC (Allocation Failure) [PSYoungGen: 155469K->55287K(175104K)] 364904K->301440K(699392K), 0.0101833 secs] [Times: user=0.10 sys=0.01, real=0.01 secs] 
2016-09-24T00:21:23.379-0400: 250.619: [GC (Allocation Failure) [PSYoungGen: 143351K->79683K(175104K)] 389504K->326128K(699392K), 0.0081656 secs] [Times: user=0.08 sys=0.00, real=0.01 secs] 
2016-09-24T00:21:23.487-0400: 250.726: [GC (GCLocker Initiated GC) [PSYoungGen: 162785K->73708K(175104K)] 415305K->344776K(699392K), 0.0259760 secs] [Times: user=0.26 sys=0.01, real=0.02 secs] 
2016-09-24T00:21:23.647-0400: 250.886: [GC (GCLocker Initiated GC) [PSYoungGen: 161772K->37094K(175104K)] 451145K->344952K(699392K), 0.0144190 secs] [Times: user=0.14 sys=0.00, real=0.01 secs] 
2016-09-24T00:21:23.816-0400: 251.055: [GC (GCLocker Initiated GC) [PSYoungGen: 125158K->55383K(175104K)] 439306K->369634K(699392K), 0.0212469 secs] [Times: user=0.24 sys=0.00, real=0.02 secs] 
2016-09-24T00:21:23.933-0400: 251.173: [GC (GCLocker Initiated GC) [PSYoungGen: 143447K->85758K(175104K)] 457723K->406252K(699392K), 0.0154358 secs] [Times: user=0.14 sys=0.01, real=0.02 secs] 
2016-09-24T00:21:24.046-0400: 251.285: [GC (GCLocker Initiated GC) [PSYoungGen: 173822K->67405K(175104K)] 494353K->455028K(699392K), 0.0200670 secs] [Times: user=0.22 sys=0.00, real=0.02 secs] 
2016-09-24T00:21:24.192-0400: 251.431: [GC (GCLocker Initiated GC) [PSYoungGen: 155469K->86086K(175104K)] 549327K->522769K(699392K), 0.0236423 secs] [Times: user=0.28 sys=0.00, real=0.03 secs] 
2016-09-24T00:21:24.325-0400: 251.564: [GC (GCLocker Initiated GC) [PSYoungGen: 174150K->67341K(175104K)] 610942K->534783K(699392K), 0.0153875 secs] [Times: user=0.16 sys=0.00, real=0.01 secs] 
2016-09-24T00:21:24.341-0400: 251.580: [Full GC (Ergonomics) [PSYoungGen: 67341K->0K(175104K)] [ParOldGen: 467442K->55008K(524288K)] 534783K->55008K(699392K), [Metaspace: 44574K->44574K(1087488K)], 0.0607363 secs] [Times: user=0.32 sys=0.00, real=0.06 secs] 
2016-09-24T00:21:24.512-0400: 251.751: [GC (GCLocker Initiated GC) [PSYoungGen: 88064K->86078K(175104K)] 143265K->153429K(699392K), 0.0131723 secs] [Times: user=0.16 sys=0.00, real=0.02 secs] 
2016-09-24T00:21:24.642-0400: 251.882: [GC (GCLocker Initiated GC) [PSYoungGen: 174142K->61494K(175104K)] 241788K->178280K(699392K), 0.0201595 secs] [Times: user=0.23 sys=0.00, real=0.02 secs] 
2016-09-24T00:21:24.807-0400: 252.046: [GC (GCLocker Initiated GC) [PSYoungGen: 149558K->19064K(175104K)] 290960K->178967K(699392K), 0.0060515 secs] [Times: user=0.06 sys=0.00, real=0.00 secs] 
2016-09-24T00:21:24.933-0400: 252.172: [GC (Allocation Failure) [PSYoungGen: 107128K->36902K(175104K)] 267347K->197356K(699392K), 0.0163738 secs] [Times: user=0.19 sys=0.00, real=0.02 secs] 
2016-09-24T00:21:25.068-0400: 252.307: [GC (GCLocker Initiated GC) [PSYoungGen: 124966K->74164K(175104K)] 285421K->253004K(699392K), 0.0109659 secs] [Times: user=0.17 sys=0.00, real=0.01 secs] 
2016-09-24T00:21:25.212-0400: 252.451: [GC (GCLocker Initiated GC) [PSYoungGen: 162228K->74032K(175104K)] 347414K->277758K(699392K), 0.0102852 secs] [Times: user=0.13 sys=0.00, real=0.01 secs] 
2016-09-24T00:21:25.343-0400: 252.582: [GC (GCLocker Initiated GC) [PSYoungGen: 162096K->73608K(175104K)] 366178K->296042K(699392K), 0.0135203 secs] [Times: user=0.16 sys=0.00, real=0.01 secs] 
2016-09-24T00:21:25.462-0400: 252.702: [GC (Allocation Failure) [PSYoungGen: 161672K->43137K(175104K)] 384439K->308517K(699392K), 0.0293053 secs] [Times: user=0.31 sys=0.00, real=0.02 secs] 
2016-09-24T00:21:25.607-0400: 252.846: [GC (GCLocker Initiated GC) [PSYoungGen: 131201K->55743K(175104K)] 396581K->357717K(699392K), 0.0126509 secs] [Times: user=0.15 sys=0.00, real=0.01 secs] 
2016-09-24T00:21:25.713-0400: 252.952: [GC (GCLocker Initiated GC) [PSYoungGen: 143807K->85790K(175104K)] 446018K->412937K(699392K), 0.0100542 secs] [Times: user=0.13 sys=0.00, real=0.02 secs] 
2016-09-24T00:21:25.834-0400: 253.074: [GC (Allocation Failure) [PSYoungGen: 173854K->85986K(175104K)] 501356K->480425K(699392K), 0.0181059 secs] [Times: user=0.22 sys=0.00, real=0.01 secs] 
2016-09-24T00:21:25.963-0400: 253.202: [GC (GCLocker Initiated GC) [PSYoungGen: 173761K->55451K(175104K)] 574275K->474489K(699392K), 0.0130217 secs] [Times: user=0.17 sys=0.00, real=0.01 secs] 
2016-09-24T00:21:26.095-0400: 253.334: [GC (GCLocker Initiated GC) [PSYoungGen: 143515K->73448K(175104K)] 562680K->510950K(699392K), 0.0088268 secs] [Times: user=0.08 sys=0.00, real=0.01 secs] 
2016-09-24T00:21:26.212-0400: 253.451: [GC (Allocation Failure) [PSYoungGen: 161512K->79687K(175104K)] 599156K->517575K(699392K), 0.0098506 secs] [Times: user=0.06 sys=0.01, real=0.01 secs] 
2016-09-24T00:21:26.337-0400: 253.577: [GC (GCLocker Initiated GC) [PSYoungGen: 164133K->49016K(175104K)] 608096K->554216K(699392K), 0.0137348 secs] [Times: user=0.17 sys=0.00, real=0.01 secs] 
2016-09-24T00:21:26.351-0400: 253.591: [Full GC (Ergonomics) [PSYoungGen: 49016K->0K(175104K)] [ParOldGen: 505200K->48684K(524288K)] 554216K->48684K(699392K), [Metaspace: 44574K->44574K(1087488K)], 0.0578578 secs] [Times: user=0.32 sys=0.02, real=0.06 secs] 
2016-09-24T00:21:26.540-0400: 253.779: [GC (GCLocker Initiated GC) [PSYoungGen: 88064K->43429K(175104K)] 148964K->104329K(699392K), 0.0140914 secs] [Times: user=0.12 sys=0.00, real=0.01 secs] 
2016-09-24T00:21:26.693-0400: 253.932: [GC (GCLocker Initiated GC) [PSYoungGen: 131493K->55351K(175104K)] 192686K->153878K(699392K), 0.0085044 secs] [Times: user=0.09 sys=0.00, real=0.01 secs] 
2016-09-24T00:21:26.823-0400: 254.062: [GC (GCLocker Initiated GC) [PSYoungGen: 143415K->73868K(175104K)] 242236K->191206K(699392K), 0.0088462 secs] [Times: user=0.13 sys=0.00, real=0.00 secs] 
2016-09-24T00:21:26.944-0400: 254.183: [GC (Allocation Failure) [PSYoungGen: 161932K->42913K(175104K)] 285488K->172771K(699392K), 0.0077847 secs] [Times: user=0.04 sys=0.00, real=0.00 secs] 
2016-09-24T00:21:27.064-0400: 254.303: [GC (GCLocker Initiated GC) [PSYoungGen: 128610K->55355K(175104K)] 264543K->209601K(699392K), 0.0216050 secs] [Times: user=0.24 sys=0.00, real=0.02 secs] 
2016-09-24T00:21:27.223-0400: 254.462: [GC (GCLocker Initiated GC) [PSYoungGen: 143419K->55315K(175104K)] 303821K->252474K(699392K), 0.0081404 secs] [Times: user=0.08 sys=0.01, real=0.00 secs] 
2016-09-24T00:21:27.334-0400: 254.573: [GC (GCLocker Initiated GC) [PSYoungGen: 143379K->74068K(175104K)] 346852K->277676K(699392K), 0.0136376 secs] [Times: user=0.14 sys=0.00, real=0.02 secs] 
2016-09-24T00:21:27.469-0400: 254.708: [GC (GCLocker Initiated GC) [PSYoungGen: 162132K->49180K(175104K)] 366050K->284053K(699392K), 0.0213991 secs] [Times: user=0.19 sys=0.00, real=0.02 secs] 
2016-09-24T00:21:27.621-0400: 254.861: [GC (GCLocker Initiated GC) [PSYoungGen: 137244K->85726K(175104K)] 378268K->326846K(699392K), 0.0189876 secs] [Times: user=0.18 sys=0.00, real=0.02 secs] 
2016-09-24T00:21:27.786-0400: 255.026: [GC (GCLocker Initiated GC) [PSYoungGen: 173790K->43169K(175104K)] 421278K->339572K(699392K), 0.0269807 secs] [Times: user=0.29 sys=0.00, real=0.02 secs] 
2016-09-24T00:21:27.914-0400: 255.153: [GC (Allocation Failure) [PSYoungGen: 131233K->73576K(175104K)] 427913K->394856K(699392K), 0.0102724 secs] [Times: user=0.10 sys=0.00, real=0.02 secs] 
2016-09-24T00:21:28.044-0400: 255.283: [GC (GCLocker Initiated GC) [PSYoungGen: 158869K->55551K(175104K)] 486225K->401398K(699392K), 0.0100210 secs] [Times: user=0.07 sys=0.00, real=0.01 secs] 
2016-09-24T00:21:28.182-0400: 255.421: [GC (Allocation Failure) [PSYoungGen: 143615K->55351K(175104K)] 495876K->426104K(699392K), 0.0101831 secs] [Times: user=0.09 sys=0.00, real=0.01 secs] 
2016-09-24T00:21:28.302-0400: 255.541: [GC (GCLocker Initiated GC) [PSYoungGen: 143415K->67533K(175104K)] 514174K->456824K(699392K), 0.0142755 secs] [Times: user=0.19 sys=0.00, real=0.02 secs] 
2016-09-24T00:21:28.461-0400: 255.700: [GC (Allocation Failure) [PSYoungGen: 155597K->55675K(175104K)] 557281K->475728K(699392K), 0.0083176 secs] [Times: user=0.09 sys=0.00, real=0.01 secs] 
2016-09-24T00:21:28.602-0400: 255.841: [GC (GCLocker Initiated GC) [PSYoungGen: 140717K->55255K(175104K)] 566845K->481806K(699392K), 0.0151071 secs] [Times: user=0.14 sys=0.00, real=0.02 secs] 
2016-09-24T00:21:28.733-0400: 255.972: [GC (GCLocker Initiated GC) [PSYoungGen: 143319K->67633K(175104K)] 576138K->500572K(699392K), 0.0075417 secs] [Times: user=0.06 sys=0.00, real=0.01 secs] 
2016-09-24T00:21:28.857-0400: 256.096: [GC (GCLocker Initiated GC) [PSYoungGen: 155697K->55419K(175104K)] 588795K->525235K(699392K), 0.0152944 secs] [Times: user=0.15 sys=0.00, real=0.01 secs] 
2016-09-24T00:21:28.872-0400: 256.111: [Full GC (Ergonomics) [PSYoungGen: 55419K->0K(175104K)] [ParOldGen: 469815K->55418K(524288K)] 525235K->55418K(699392K), [Metaspace: 44574K->44574K(1087488K)], 0.0599755 secs] [Times: user=0.34 sys=0.02, real=0.06 secs] 
2016-09-24T00:21:29.040-0400: 256.279: [GC (GCLocker Initiated GC) [PSYoungGen: 88064K->80007K(175104K)] 149901K->141844K(699392K), 0.0094320 secs] [Times: user=0.06 sys=0.01, real=0.01 secs] 
2016-09-24T00:21:29.170-0400: 256.410: [GC (GCLocker Initiated GC) [PSYoungGen: 168071K->67501K(175104K)] 236104K->190952K(699392K), 0.0108492 secs] [Times: user=0.16 sys=0.00, real=0.01 secs] 
2016-09-24T00:21:29.296-0400: 256.535: [GC (GCLocker Initiated GC) [PSYoungGen: 155565K->37681K(175104K)] 291213K->222074K(699392K), 0.0105380 secs] [Times: user=0.16 sys=0.00, real=0.01 secs] 
2016-09-24T00:21:29.455-0400: 256.694: [GC (Allocation Failure) [PSYoungGen: 125745K->74064K(175104K)] 310482K->259271K(699392K), 0.0119881 secs] [Times: user=0.16 sys=0.00, real=0.01 secs] 
2016-09-24T00:21:29.587-0400: 256.827: [GC (GCLocker Initiated GC) [PSYoungGen: 160608K->55579K(175104K)] 351891K->265229K(699392K), 0.0110301 secs] [Times: user=0.15 sys=0.01, real=0.01 secs] 
2016-09-24T00:21:29.712-0400: 256.951: [GC (GCLocker Initiated GC) [PSYoungGen: 143643K->37322K(175104K)] 353441K->265637K(699392K), 0.0159974 secs] [Times: user=0.20 sys=0.01, real=0.02 secs] 
2016-09-24T00:21:29.827-0400: 257.067: [GC (GCLocker Initiated GC) [PSYoungGen: 125386K->85694K(175104K)] 353737K->320256K(699392K), 0.0154746 secs] [Times: user=0.18 sys=0.00, real=0.02 secs] 
2016-09-24T00:21:29.932-0400: 257.172: [GC (GCLocker Initiated GC) [PSYoungGen: 173758K->85758K(175104K)] 408575K->351429K(699392K), 0.0213905 secs] [Times: user=0.28 sys=0.00, real=0.02 secs] 
2016-09-24T00:21:30.059-0400: 257.298: [GC (GCLocker Initiated GC) [PSYoungGen: 173822K->55383K(175104K)] 439706K->382293K(699392K), 0.0222909 secs] [Times: user=0.24 sys=0.00, real=0.02 secs] 
2016-09-24T00:21:30.200-0400: 257.440: [GC (GCLocker Initiated GC) [PSYoungGen: 143447K->73640K(175104K)] 470360K->461462K(699392K), 0.0147336 secs] [Times: user=0.18 sys=0.00, real=0.02 secs] 
2016-09-24T00:21:30.310-0400: 257.550: [GC (GCLocker Initiated GC) [PSYoungGen: 161704K->85886K(175104K)] 549646K->522760K(699392K), 0.0112357 secs] [Times: user=0.15 sys=0.00, real=0.01 secs] 
2016-09-24T00:21:30.440-0400: 257.680: [GC (GCLocker Initiated GC) [PSYoungGen: 173950K->86018K(175104K)] 610960K->583906K(699392K), 0.0132764 secs] [Times: user=0.20 sys=0.00, real=0.01 secs] 
2016-09-24T00:21:30.454-0400: 257.693: [Full GC (Ergonomics) [PSYoungGen: 86018K->0K(175104K)] [ParOldGen: 497888K->61705K(524288K)] 583906K->61705K(699392K), [Metaspace: 44575K->44575K(1087488K)], 0.0586166 secs] [Times: user=0.38 sys=0.01, real=0.06 secs] 
2016-09-24T00:21:30.615-0400: 257.855: [GC (Allocation Failure) [PSYoungGen: 88064K->86602K(175104K)] 150040K->172879K(699392K), 0.0104099 secs] [Times: user=0.14 sys=0.01, real=0.01 secs] 
2016-09-24T00:21:30.718-0400: 257.958: [GC (GCLocker Initiated GC) [PSYoungGen: 169031K->61590K(175104K)] 261383K->209312K(699392K), 0.0144133 secs] [Times: user=0.16 sys=0.00, real=0.01 secs] 
2016-09-24T00:21:30.872-0400: 258.111: [GC (GCLocker Initiated GC) [PSYoungGen: 149654K->55383K(175104K)] 303510K->227731K(699392K), 0.0076852 secs] [Times: user=0.08 sys=0.00, real=0.01 secs] 
2016-09-24T00:21:31.004-0400: 258.244: [GC (GCLocker Initiated GC) [PSYoungGen: 143444K->73836K(175104K)] 322190K->252896K(699392K), 0.0163242 secs] [Times: user=0.19 sys=0.00, real=0.01 secs] 
2016-09-24T00:21:31.116-0400: 258.356: [GC (GCLocker Initiated GC) [PSYoungGen: 161900K->85722K(175104K)] 341070K->301666K(699392K), 0.0117751 secs] [Times: user=0.18 sys=0.00, real=0.01 secs] 
2016-09-24T00:21:31.246-0400: 258.486: [GC (GCLocker Initiated GC) [PSYoungGen: 173786K->62013K(175104K)] 395947K->369392K(699392K), 0.0106707 secs] [Times: user=0.16 sys=0.01, real=0.01 secs] 
2016-09-24T00:21:31.371-0400: 258.610: [GC (GCLocker Initiated GC) [PSYoungGen: 150077K->79555K(175104K)] 457504K->424379K(699392K), 0.0184389 secs] [Times: user=0.24 sys=0.00, real=0.02 secs] 
2016-09-24T00:21:31.497-0400: 258.737: [GC (GCLocker Initiated GC) [PSYoungGen: 167616K->73772K(175104K)] 512812K->461620K(699392K), 0.0108566 secs] [Times: user=0.10 sys=0.00, real=0.01 secs] 
2016-09-24T00:21:31.619-0400: 258.858: [GC (GCLocker Initiated GC) [PSYoungGen: 161836K->73676K(175104K)] 555986K->468093K(699392K), 0.0174723 secs] [Times: user=0.19 sys=0.00, real=0.02 secs] 
2016-09-24T00:21:31.754-0400: 258.994: [GC (GCLocker Initiated GC) [PSYoungGen: 161740K->49276K(175104K)] 569113K->475289K(699392K), 0.0246024 secs] [Times: user=0.25 sys=0.00, real=0.02 secs] 
2016-09-24T00:21:31.877-0400: 259.117: [GC (GCLocker Initiated GC) [PSYoungGen: 137340K->85922K(175104K)] 563591K->530558K(699392K), 0.0288945 secs] [Times: user=0.33 sys=0.00, real=0.03 secs] 
2016-09-24T00:21:31.906-0400: 259.146: [Full GC (Ergonomics) [PSYoungGen: 85922K->0K(175104K)] [ParOldGen: 444636K->55628K(524288K)] 530558K->55628K(699392K), [Metaspace: 44575K->44575K(1087488K)], 0.0566230 secs] [Times: user=0.42 sys=0.02, real=0.06 secs] 
2016-09-24T00:21:32.053-0400: 259.293: [GC (GCLocker Initiated GC) [PSYoungGen: 88064K->86110K(175104K)] 144025K->184596K(699392K), 0.0116013 secs] [Times: user=0.17 sys=0.00, real=0.02 secs] 
2016-09-24T00:21:32.170-0400: 259.409: [GC (GCLocker Initiated GC) [PSYoungGen: 174174K->73704K(175104K)] 272747K->239674K(699392K), 0.0119358 secs] [Times: user=0.15 sys=0.01, real=0.01 secs] 
2016-09-24T00:21:32.282-0400: 259.521: [GC (GCLocker Initiated GC) [PSYoungGen: 161768K->86218K(175104K)] 328093K->295195K(699392K), 0.0181645 secs] [Times: user=0.22 sys=0.00, real=0.02 secs] 
2016-09-24T00:21:32.433-0400: 259.673: [GC (GCLocker Initiated GC) [PSYoungGen: 174282K->55351K(175104K)] 389510K->289244K(699392K), 0.0098532 secs] [Times: user=0.10 sys=0.00, real=0.02 secs] 
2016-09-24T00:21:32.582-0400: 259.821: [GC (GCLocker Initiated GC) [PSYoungGen: 143415K->49052K(175104K)] 383570K->289458K(699392K), 0.0173244 secs] [Times: user=0.16 sys=0.01, real=0.02 secs] 
2016-09-24T00:21:32.695-0400: 259.935: [GC (GCLocker Initiated GC) [PSYoungGen: 137116K->85758K(175104K)] 377586K->362798K(699392K), 0.0142869 secs] [Times: user=0.14 sys=0.00, real=0.01 secs] 
2016-09-24T00:21:32.842-0400: 260.081: [GC (GCLocker Initiated GC) [PSYoungGen: 173822K->55419K(175104K)] 457090K->381284K(699392K), 0.0225376 secs] [Times: user=0.20 sys=0.00, real=0.03 secs] 
2016-09-24T00:21:32.964-0400: 260.203: [GC (Allocation Failure) [PSYoungGen: 143483K->67665K(175104K)] 469703K->394184K(699392K), 0.0142737 secs] [Times: user=0.15 sys=0.00, real=0.01 secs] 
2016-09-24T00:21:33.085-0400: 260.325: [GC (GCLocker Initiated GC) [PSYoungGen: 151945K->67597K(175104K)] 484539K->418504K(699392K), 0.0145957 secs] [Times: user=0.17 sys=0.00, real=0.01 secs] 
2016-09-24T00:21:33.227-0400: 260.467: [GC (GCLocker Initiated GC) [PSYoungGen: 155661K->37357K(175104K)] 518944K->400713K(699392K), 0.0157677 secs] [Times: user=0.18 sys=0.00, real=0.02 secs] 
2016-09-24T00:21:33.354-0400: 260.593: [GC (Allocation Failure) [PSYoungGen: 125421K->36834K(175104K)] 495497K->407193K(699392K), 0.0219479 secs] [Times: user=0.23 sys=0.00, real=0.03 secs] 
2016-09-24T00:21:33.479-0400: 260.719: [GC (GCLocker Initiated GC) [PSYoungGen: 124898K->67437K(175104K)] 495262K->456162K(699392K), 0.0448457 secs] [Times: user=0.45 sys=0.00, real=0.05 secs] 
2016-09-24T00:21:33.637-0400: 260.877: [GC (Allocation Failure) [PSYoungGen: 155501K->55351K(175104K)] 550505K->468887K(699392K), 0.0115567 secs] [Times: user=0.16 sys=0.01, real=0.01 secs] 
2016-09-24T00:21:33.770-0400: 261.009: [GC (GCLocker Initiated GC) [PSYoungGen: 143415K->55451K(175104K)] 556957K->469285K(699392K), 0.0093026 secs] [Times: user=0.09 sys=0.01, real=0.01 secs] 
2016-09-24T00:21:33.899-0400: 261.139: [GC (GCLocker Initiated GC) [PSYoungGen: 143515K->73480K(175104K)] 563560K->512010K(699392K), 0.0091649 secs] [Times: user=0.09 sys=0.00, real=0.01 secs] 
2016-09-24T00:21:34.063-0400: 261.302: [GC (GCLocker Initiated GC) [PSYoungGen: 161544K->55351K(175104K)] 606192K->554981K(699392K), 0.0110686 secs] [Times: user=0.11 sys=0.01, real=0.00 secs] 
2016-09-24T00:21:34.074-0400: 261.313: [Full GC (Ergonomics) [PSYoungGen: 55351K->0K(175104K)] [ParOldGen: 499630K->55751K(524288K)] 554981K->55751K(699392K), [Metaspace: 44578K->44578K(1087488K)], 0.0576931 secs] [Times: user=0.40 sys=0.00, real=0.06 secs] 
2016-09-24T00:21:34.262-0400: 261.502: [GC (Allocation Failure) [PSYoungGen: 88064K->86570K(175104K)] 150240K->154821K(699392K), 0.0090779 secs] [Times: user=0.11 sys=0.01, real=0.00 secs] 
2016-09-24T00:21:34.418-0400: 261.658: [GC (GCLocker Initiated GC) [PSYoungGen: 174634K->73444K(175104K)] 242886K->179193K(699392K), 0.0103636 secs] [Times: user=0.13 sys=0.00, real=0.01 secs] 
2016-09-24T00:21:34.534-0400: 261.773: [GC (GCLocker Initiated GC) [PSYoungGen: 161508K->85822K(175104K)] 267305K->252529K(699392K), 0.0120566 secs] [Times: user=0.18 sys=0.01, real=0.02 secs] 
2016-09-24T00:21:34.674-0400: 261.914: [GC (GCLocker Initiated GC) [PSYoungGen: 173886K->80075K(175104K)] 352869K->344259K(699392K), 0.0117193 secs] [Times: user=0.18 sys=0.01, real=0.01 secs] 
2016-09-24T00:21:34.812-0400: 262.051: [GC (GCLocker Initiated GC) [PSYoungGen: 168139K->73704K(175104K)] 438609K->387023K(699392K), 0.0111296 secs] [Times: user=0.17 sys=0.00, real=0.02 secs] 
2016-09-24T00:21:34.928-0400: 262.167: [GC (GCLocker Initiated GC) [PSYoungGen: 161768K->73412K(175104K)] 475185K->405338K(699392K), 0.0080405 secs] [Times: user=0.10 sys=0.00, real=0.01 secs] 
2016-09-24T00:21:35.053-0400: 262.293: [GC (GCLocker Initiated GC) [PSYoungGen: 161476K->55387K(175104K)] 493611K->405843K(699392K), 0.0100466 secs] [Times: user=0.08 sys=0.00, real=0.02 secs] 
2016-09-24T00:21:35.203-0400: 262.442: [GC (GCLocker Initiated GC) [PSYoungGen: 143451K->73380K(175104K)] 494161K->466907K(699392K), 0.0168028 secs] [Times: user=0.21 sys=0.01, real=0.01 secs] 
2016-09-24T00:21:35.330-0400: 262.570: [GC (GCLocker Initiated GC) [PSYoungGen: 161444K->73448K(175104K)] 561363K->473454K(699392K), 0.0290248 secs] [Times: user=0.29 sys=0.00, real=0.03 secs] 
2016-09-24T00:21:35.502-0400: 262.742: [GC (GCLocker Initiated GC) [PSYoungGen: 161512K->55383K(175104K)] 567904K->498516K(699392K), 0.0096586 secs] [Times: user=0.10 sys=0.00, real=0.00 secs] 
2016-09-24T00:21:35.512-0400: 262.752: [Full GC (Ergonomics) [PSYoungGen: 55383K->0K(175104K)] [ParOldGen: 443133K->54344K(524288K)] 498516K->54344K(699392K), [Metaspace: 44580K->44580K(1087488K)], 0.0602175 secs] [Times: user=0.41 sys=0.00, real=0.06 secs] 
2016-09-24T00:21:35.690-0400: 262.929: [GC (GCLocker Initiated GC) [PSYoungGen: 88064K->85990K(175104K)] 142673K->140599K(699392K), 0.0134663 secs] [Times: user=0.12 sys=0.00, real=0.02 secs] 
2016-09-24T00:21:35.828-0400: 263.067: [GC (Allocation Failure) [PSYoungGen: 174054K->67565K(175104K)] 228834K->159610K(699392K), 0.0100133 secs] [Times: user=0.13 sys=0.00, real=0.01 secs] 
2016-09-24T00:21:35.978-0400: 263.218: [GC (Allocation Failure) [PSYoungGen: 151901K->18933K(175104K)] 243946K->129314K(699392K), 0.0105991 secs] [Times: user=0.13 sys=0.00, real=0.01 secs] 
2016-09-24T00:21:36.106-0400: 263.345: [GC (GCLocker Initiated GC) [PSYoungGen: 104946K->55287K(175104K)] 221403K->171995K(699392K), 0.0096277 secs] [Times: user=0.13 sys=0.00, real=0.01 secs] 
2016-09-24T00:21:36.247-0400: 263.487: [GC (GCLocker Initiated GC) [PSYoungGen: 143351K->37094K(175104K)] 266331K->178418K(699392K), 0.0080726 secs] [Times: user=0.10 sys=0.00, real=0.01 secs] 
2016-09-24T00:21:36.362-0400: 263.601: [GC (GCLocker Initiated GC) [PSYoungGen: 125158K->79487K(175104K)] 266541K->220958K(699392K), 0.0070646 secs] [Times: user=0.10 sys=0.00, real=0.01 secs] 
2016-09-24T00:21:36.478-0400: 263.717: [GC (Allocation Failure) [PSYoungGen: 167551K->61462K(175104K)] 309119K->227425K(699392K), 0.0091035 secs] [Times: user=0.09 sys=0.00, real=0.01 secs] 
2016-09-24T00:21:36.612-0400: 263.852: [GC (GCLocker Initiated GC) [PSYoungGen: 149526K->79715K(175104K)] 315495K->270448K(699392K), 0.0101924 secs] [Times: user=0.11 sys=0.00, real=0.02 secs] 
2016-09-24T00:21:36.723-0400: 263.963: [GC (GCLocker Initiated GC) [PSYoungGen: 167779K->79651K(175104K)] 358766K->289179K(699392K), 0.0265563 secs] [Times: user=0.25 sys=0.00, real=0.02 secs] 
2016-09-24T00:21:36.883-0400: 264.122: [GC (GCLocker Initiated GC) [PSYoungGen: 167715K->55223K(175104K)] 377452K->289512K(699392K), 0.0267272 secs] [Times: user=0.28 sys=0.00, real=0.02 secs] 
2016-09-24T00:21:37.018-0400: 264.257: [GC (GCLocker Initiated GC) [PSYoungGen: 143287K->85726K(175104K)] 377624K->356797K(699392K), 0.0237119 secs] [Times: user=0.29 sys=0.00, real=0.02 secs] 
2016-09-24T00:21:37.183-0400: 264.422: [GC (GCLocker Initiated GC) [PSYoungGen: 173790K->24752K(175104K)] 451011K->350840K(699392K), 0.0315114 secs] [Times: user=0.35 sys=0.00, real=0.02 secs] 
2016-09-24T00:21:37.325-0400: 264.565: [GC (GCLocker Initiated GC) [PSYoungGen: 112816K->73872K(175104K)] 445183K->406499K(699392K), 0.0092228 secs] [Times: user=0.08 sys=0.00, real=0.01 secs] 
2016-09-24T00:21:37.478-0400: 264.717: [GC (GCLocker Initiated GC) [PSYoungGen: 161936K->73672K(175104K)] 494829K->425089K(699392K), 0.0161534 secs] [Times: user=0.21 sys=0.01, real=0.02 secs] 
2016-09-24T00:21:37.609-0400: 264.849: [GC (Allocation Failure) [PSYoungGen: 161736K->73900K(175104K)] 513317K->443834K(699392K), 0.0110138 secs] [Times: user=0.14 sys=0.00, real=0.01 secs] 
2016-09-24T00:21:37.717-0400: 264.956: [GC (GCLocker Initiated GC) [PSYoungGen: 161964K->85822K(175104K)] 531905K->480386K(699392K), 0.0101737 secs] [Times: user=0.14 sys=0.01, real=0.01 secs] 
2016-09-24T00:21:37.861-0400: 265.100: [GC (GCLocker Initiated GC) [PSYoungGen: 173886K->73672K(175104K)] 574706K->511086K(699392K), 0.0094277 secs] [Times: user=0.12 sys=0.00, real=0.01 secs] 
2016-09-24T00:21:37.999-0400: 265.238: [GC (GCLocker Initiated GC) [PSYoungGen: 161736K->73640K(175104K)] 599366K->511577K(699392K), 0.0104172 secs] [Times: user=0.14 sys=0.01, real=0.01 secs] 
2016-09-24T00:21:38.122-0400: 265.361: [GC (GCLocker Initiated GC) [PSYoungGen: 161704K->55415K(175104K)] 606300K->518520K(699392K), 0.0074262 secs] [Times: user=0.09 sys=0.00, real=0.01 secs] 
2016-09-24T00:21:38.258-0400: 265.498: [Full GC (Ergonomics) [PSYoungGen: 143479K->0K(175104K)] [ParOldGen: 469434K->54431K(524288K)] 612913K->54431K(699392K), [Metaspace: 44587K->44587K(1087488K)], 0.0612798 secs] [Times: user=0.31 sys=0.01, real=0.06 secs] 
2016-09-24T00:21:38.434-0400: 265.674: [GC (GCLocker Initiated GC) [PSYoungGen: 88064K->61266K(175104K)] 142643K->115845K(699392K), 0.0108238 secs] [Times: user=0.08 sys=0.00, real=0.01 secs] 
2016-09-24T00:21:38.553-0400: 265.792: [GC (GCLocker Initiated GC) [PSYoungGen: 149330K->24979K(175104K)] 203917K->134533K(699392K), 0.0216301 secs] [Times: user=0.21 sys=0.00, real=0.03 secs] 
2016-09-24T00:21:38.699-0400: 265.938: [GC (GCLocker Initiated GC) [PSYoungGen: 113043K->67501K(175104K)] 222919K->214085K(699392K), 0.0102190 secs] [Times: user=0.09 sys=0.01, real=0.01 secs] 
2016-09-24T00:21:38.836-0400: 266.075: [GC (GCLocker Initiated GC) [PSYoungGen: 155565K->79783K(175104K)] 308272K->232594K(699392K), 0.0092611 secs] [Times: user=0.07 sys=0.00, real=0.01 secs] 
2016-09-24T00:21:38.949-0400: 266.188: [GC (GCLocker Initiated GC) [PSYoungGen: 167847K->55383K(175104K)] 321019K->263521K(699392K), 0.0150270 secs] [Times: user=0.16 sys=0.00, real=0.02 secs] 
2016-09-24T00:21:39.086-0400: 266.325: [GC (GCLocker Initiated GC) [PSYoungGen: 143447K->73676K(175104K)] 351599K->281948K(699392K), 0.0072098 secs] [Times: user=0.07 sys=0.01, real=0.00 secs] 
2016-09-24T00:21:39.213-0400: 266.452: [GC (Allocation Failure) [PSYoungGen: 161740K->85790K(175104K)] 370166K->343107K(699392K), 0.0144142 secs] [Times: user=0.18 sys=0.00, real=0.02 secs] 
2016-09-24T00:21:39.333-0400: 266.572: [GC (GCLocker Initiated GC) [PSYoungGen: 172862K->73804K(175104K)] 436254K->379857K(699392K), 0.0096394 secs] [Times: user=0.12 sys=0.00, real=0.02 secs] 
2016-09-24T00:21:39.473-0400: 266.713: [GC (GCLocker Initiated GC) [PSYoungGen: 161868K->55351K(175104K)] 474183K->398488K(699392K), 0.0106693 secs] [Times: user=0.10 sys=0.00, real=0.02 secs] 
2016-09-24T00:21:39.612-0400: 266.852: [GC (GCLocker Initiated GC) [PSYoungGen: 143415K->37226K(175104K)] 498934K->423263K(699392K), 0.0183869 secs] [Times: user=0.20 sys=0.01, real=0.02 secs] 
2016-09-24T00:21:39.710-0400: 266.950: [GC (GCLocker Initiated GC) [PSYoungGen: 125290K->85854K(175104K)] 511386K->484408K(699392K), 0.0167284 secs] [Times: user=0.18 sys=0.00, real=0.02 secs] 
2016-09-24T00:21:39.846-0400: 267.086: [GC (Allocation Failure) [PSYoungGen: 173918K->30891K(175104K)] 584725K->496648K(699392K), 0.0177457 secs] [Times: user=0.17 sys=0.00, real=0.02 secs] 
2016-09-24T00:21:39.864-0400: 267.103: [Full GC (Ergonomics) [PSYoungGen: 30891K->0K(175104K)] [ParOldGen: 465757K->54428K(524288K)] 496648K->54428K(699392K), [Metaspace: 44603K->44603K(1087488K)], 0.0492294 secs] [Times: user=0.28 sys=0.01, real=0.04 secs] 
2016-09-24T00:21:40.025-0400: 267.265: [GC (GCLocker Initiated GC) [PSYoungGen: 83472K->67761K(175104K)] 143976K->128265K(699392K), 0.0105701 secs] [Times: user=0.05 sys=0.00, real=0.01 secs] 
2016-09-24T00:21:40.163-0400: 267.402: [GC (Allocation Failure) [PSYoungGen: 155825K->43105K(175104K)] 222725K->165375K(699392K), 0.0332647 secs] [Times: user=0.35 sys=0.00, real=0.03 secs] 
2016-09-24T00:21:40.298-0400: 267.537: [GC (GCLocker Initiated GC) [PSYoungGen: 131169K->49312K(175104K)] 253609K->190065K(699392K), 0.0092015 secs] [Times: user=0.06 sys=0.01, real=0.01 secs] 
2016-09-24T00:21:40.414-0400: 267.653: [GC (GCLocker Initiated GC) [PSYoungGen: 137376K->61590K(175104K)] 278562K->221276K(699392K), 0.0215614 secs] [Times: user=0.23 sys=0.00, real=0.03 secs] 
2016-09-24T00:21:40.528-0400: 267.767: [GC (Allocation Failure) [PSYoungGen: 149654K->55159K(175104K)] 309404K->227319K(699392K), 0.0145925 secs] [Times: user=0.14 sys=0.00, real=0.02 secs] 
2016-09-24T00:21:40.645-0400: 267.885: [GC (GCLocker Initiated GC) [PSYoungGen: 137655K->79947K(175104K)] 315890K->276674K(699392K), 0.0203492 secs] [Times: user=0.21 sys=0.00, real=0.02 secs] 
2016-09-24T00:21:40.809-0400: 268.049: [GC (GCLocker Initiated GC) [PSYoungGen: 168011K->37094K(175104K)] 383117K->289269K(699392K), 0.0117032 secs] [Times: user=0.11 sys=0.00, real=0.01 secs] 
2016-09-24T00:21:40.940-0400: 268.179: [GC (GCLocker Initiated GC) [PSYoungGen: 125158K->55255K(175104K)] 377520K->307908K(699392K), 0.0102160 secs] [Times: user=0.10 sys=0.00, real=0.01 secs] 
2016-09-24T00:21:41.065-0400: 268.305: [GC (GCLocker Initiated GC) [PSYoungGen: 143319K->61490K(175104K)] 396014K->375047K(699392K), 0.0158952 secs] [Times: user=0.17 sys=0.00, real=0.01 secs] 
2016-09-24T00:21:41.211-0400: 268.451: [GC (GCLocker Initiated GC) [PSYoungGen: 149554K->73904K(175104K)] 469541K->412244K(699392K), 0.0187913 secs] [Times: user=0.18 sys=0.00, real=0.02 secs] 
2016-09-24T00:21:41.383-0400: 268.623: [GC (GCLocker Initiated GC) [PSYoungGen: 161968K->36802K(175104K)] 506654K->381755K(699392K), 0.0178743 secs] [Times: user=0.19 sys=0.01, real=0.01 secs] 
2016-09-24T00:21:41.506-0400: 268.745: [GC (Allocation Failure) [PSYoungGen: 124866K->67537K(175104K)] 469939K->430915K(699392K), 0.0178616 secs] [Times: user=0.16 sys=0.00, real=0.02 secs] 
2016-09-24T00:21:41.635-0400: 268.875: [GC (GCLocker Initiated GC) [PSYoungGen: 153820K->61394K(175104K)] 523273K->491896K(699392K), 0.0124721 secs] [Times: user=0.11 sys=0.00, real=0.01 secs] 
2016-09-24T00:21:41.751-0400: 268.990: [GC (GCLocker Initiated GC) [PSYoungGen: 149458K->86150K(175104K)] 580019K->565463K(699392K), 0.0113805 secs] [Times: user=0.17 sys=0.00, real=0.02 secs] 
2016-09-24T00:21:41.762-0400: 269.002: [Full GC (Ergonomics) [PSYoungGen: 86150K->0K(175104K)] [ParOldGen: 479313K->61147K(524288K)] 565463K->61147K(699392K), [Metaspace: 44603K->44603K(1087488K)], 0.0582744 secs] [Times: user=0.36 sys=0.01, real=0.05 secs] 
2016-09-24T00:21:41.946-0400: 269.186: [GC (GCLocker Initiated GC) [PSYoungGen: 88064K->86374K(175104K)] 161538K->165923K(699392K), 0.0094896 secs] [Times: user=0.11 sys=0.00, real=0.01 secs] 
2016-09-24T00:21:42.052-0400: 269.291: [GC (GCLocker Initiated GC) [PSYoungGen: 174438K->55447K(175104K)] 260093K->220992K(699392K), 0.0164347 secs] [Times: user=0.21 sys=0.01, real=0.02 secs] 
2016-09-24T00:21:42.180-0400: 269.420: [GC (GCLocker Initiated GC) [PSYoungGen: 143511K->86150K(175104K)] 315179K->288524K(699392K), 0.0089530 secs] [Times: user=0.14 sys=0.00, real=0.01 secs] 
2016-09-24T00:21:42.322-0400: 269.562: [GC (GCLocker Initiated GC) [PSYoungGen: 174214K->37158K(175104K)] 388881K->300717K(699392K), 0.0244737 secs] [Times: user=0.28 sys=0.00, real=0.02 secs] 
2016-09-24T00:21:42.468-0400: 269.707: [GC (GCLocker Initiated GC) [PSYoungGen: 125222K->73836K(175104K)] 389024K->356171K(699392K), 0.0226188 secs] [Times: user=0.29 sys=0.00, real=0.02 secs] 
2016-09-24T00:21:42.629-0400: 269.868: [GC (GCLocker Initiated GC) [PSYoungGen: 161900K->55191K(175104K)] 444242K->356017K(699392K), 0.0208689 secs] [Times: user=0.18 sys=0.00, real=0.02 secs] 
2016-09-24T00:21:42.770-0400: 270.010: [GC (GCLocker Initiated GC) [PSYoungGen: 143255K->55223K(175104K)] 456464K->368699K(699392K), 0.0079555 secs] [Times: user=0.07 sys=0.00, real=0.01 secs] 
2016-09-24T00:21:42.890-0400: 270.129: [GC (GCLocker Initiated GC) [PSYoungGen: 143287K->61362K(175104K)] 456905K->411721K(699392K), 0.0211872 secs] [Times: user=0.21 sys=0.01, real=0.02 secs] 
2016-09-24T00:21:43.059-0400: 270.299: [GC (GCLocker Initiated GC) [PSYoungGen: 149426K->42977K(175104K)] 512068K->423931K(699392K), 0.0241711 secs] [Times: user=0.26 sys=0.00, real=0.03 secs] 
2016-09-24T00:21:43.214-0400: 270.453: [GC (GCLocker Initiated GC) [PSYoungGen: 131041K->73416K(175104K)] 518213K->466930K(699392K), 0.0145597 secs] [Times: user=0.14 sys=0.00, real=0.02 secs] 
2016-09-24T00:21:43.344-0400: 270.584: [GC (GCLocker Initiated GC) [PSYoungGen: 161480K->49344K(175104K)] 561156K->491813K(699392K), 0.0229920 secs] [Times: user=0.23 sys=0.00, real=0.02 secs] 
2016-09-24T00:21:43.497-0400: 270.737: [Full GC (Ergonomics) [PSYoungGen: 137408K->0K(175104K)] [ParOldGen: 448647K->47725K(524288K)] 586055K->47725K(699392K), [Metaspace: 44604K->44604K(1087488K)], 0.0732755 secs] [Times: user=0.56 sys=0.01, real=0.07 secs] 
2016-09-24T00:21:43.687-0400: 270.926: [GC (Allocation Failure) [PSYoungGen: 88064K->86014K(175104K)] 142012K->139962K(699392K), 0.0096684 secs] [Times: user=0.10 sys=0.01, real=0.01 secs] 
2016-09-24T00:21:43.830-0400: 271.069: [GC (GCLocker Initiated GC) [PSYoungGen: 174078K->79779K(175104K)] 228031K->170738K(699392K), 0.0127151 secs] [Times: user=0.16 sys=0.00, real=0.02 secs] 
2016-09-24T00:21:43.972-0400: 271.212: [GC (GCLocker Initiated GC) [PSYoungGen: 167843K->73476K(175104K)] 258894K->183059K(699392K), 0.0125508 secs] [Times: user=0.15 sys=0.00, real=0.02 secs] 
2016-09-24T00:21:44.098-0400: 271.337: [GC (GCLocker Initiated GC) [PSYoungGen: 161540K->55938K(175104K)] 283483K->196226K(699392K), 0.0071586 secs] [Times: user=0.08 sys=0.00, real=0.01 secs] 
2016-09-24T00:21:44.252-0400: 271.492: [GC (GCLocker Initiated GC) [PSYoungGen: 144002K->49016K(175104K)] 290518K->214040K(699392K), 0.0162487 secs] [Times: user=0.14 sys=0.00, real=0.02 secs] 
2016-09-24T00:21:44.395-0400: 271.634: [GC (GCLocker Initiated GC) [PSYoungGen: 137080K->49216K(175104K)] 302124K->214323K(699392K), 0.0255581 secs] [Times: user=0.21 sys=0.00, real=0.02 secs] 
2016-09-24T00:21:44.541-0400: 271.780: [GC (GCLocker Initiated GC) [PSYoungGen: 137280K->67305K(175104K)] 308493K->269480K(699392K), 0.0098051 secs] [Times: user=0.09 sys=0.00, real=0.01 secs] 
2016-09-24T00:21:44.675-0400: 271.914: [GC (GCLocker Initiated GC) [PSYoungGen: 155369K->61494K(175104K)] 363667K->300279K(699392K), 0.0175940 secs] [Times: user=0.17 sys=0.00, real=0.01 secs] 
2016-09-24T00:21:44.846-0400: 272.085: [GC (GCLocker Initiated GC) [PSYoungGen: 149558K->18968K(175104K)] 412987K->337348K(699392K), 0.0177480 secs] [Times: user=0.16 sys=0.01, real=0.02 secs] 
2016-09-24T00:21:44.997-0400: 272.237: [GC (GCLocker Initiated GC) [PSYoungGen: 107032K->61330K(175104K)] 425460K->380032K(699392K), 0.0096071 secs] [Times: user=0.09 sys=0.00, real=0.01 secs] 
2016-09-24T00:21:45.115-0400: 272.354: [GC (GCLocker Initiated GC) [PSYoungGen: 149394K->30923K(175104K)] 474829K->392928K(699392K), 0.0269697 secs] [Times: user=0.29 sys=0.00, real=0.02 secs] 
2016-09-24T00:21:45.270-0400: 272.509: [GC (GCLocker Initiated GC) [PSYoungGen: 118987K->67341K(175104K)] 481029K->429642K(699392K), 0.0300187 secs] [Times: user=0.30 sys=0.01, real=0.03 secs] 
2016-09-24T00:21:45.446-0400: 272.686: [GC (GCLocker Initiated GC) [PSYoungGen: 155405K->43137K(175104K)] 529948K->472443K(699392K), 0.0129588 secs] [Times: user=0.13 sys=0.00, real=0.01 secs] 
2016-09-24T00:21:45.592-0400: 272.832: [GC (GCLocker Initiated GC) [PSYoungGen: 131201K->55223K(175104K)] 566937K->491235K(699392K), 0.0099254 secs] [Times: user=0.10 sys=0.00, real=0.02 secs] 
2016-09-24T00:21:45.728-0400: 272.967: [GC (GCLocker Initiated GC) [PSYoungGen: 143287K->55059K(175104K)] 585646K->497686K(699392K), 0.0227915 secs] [Times: user=0.22 sys=0.01, real=0.02 secs] 
2016-09-24T00:21:45.884-0400: 273.123: [GC (GCLocker Initiated GC) [PSYoungGen: 143123K->61262K(175104K)] 586004K->522472K(699392K), 0.0134136 secs] [Times: user=0.14 sys=0.01, real=0.01 secs] 
2016-09-24T00:21:45.898-0400: 273.137: [Full GC (Ergonomics) [PSYoungGen: 61262K->0K(175104K)] [ParOldGen: 461210K->53776K(524288K)] 522472K->53776K(699392K), [Metaspace: 44604K->44604K(1087488K)], 0.0564444 secs] [Times: user=0.26 sys=0.02, real=0.06 secs] 
2016-09-24T00:21:46.060-0400: 273.300: [GC (GCLocker Initiated GC) [PSYoungGen: 88064K->86762K(175104K)] 148019K->146717K(699392K), 0.0213988 secs] [Times: user=0.24 sys=0.00, real=0.02 secs] 
2016-09-24T00:21:46.200-0400: 273.439: [GC (GCLocker Initiated GC) [PSYoungGen: 174826K->79655K(175104K)] 234816K->164880K(699392K), 0.0109210 secs] [Times: user=0.10 sys=0.00, real=0.01 secs] 
2016-09-24T00:21:46.321-0400: 273.561: [GC (GCLocker Initiated GC) [PSYoungGen: 167719K->67373K(175104K)] 253083K->207695K(699392K), 0.0313418 secs] [Times: user=0.32 sys=0.01, real=0.03 secs] 
2016-09-24T00:21:46.499-0400: 273.738: [GC (GCLocker Initiated GC) [PSYoungGen: 155437K->37386K(175104K)] 314300K->245149K(699392K), 0.0169509 secs] [Times: user=0.18 sys=0.00, real=0.02 secs] 
2016-09-24T00:21:46.651-0400: 273.891: [GC (GCLocker Initiated GC) [PSYoungGen: 125450K->55319K(175104K)] 339570K->287939K(699392K), 0.0140786 secs] [Times: user=0.13 sys=0.00, real=0.02 secs] 
2016-09-24T00:21:46.777-0400: 274.016: [GC (GCLocker Initiated GC) [PSYoungGen: 143383K->73708K(175104K)] 376292K->306720K(699392K), 0.0228873 secs] [Times: user=0.21 sys=0.00, real=0.02 secs] 
2016-09-24T00:21:46.935-0400: 274.174: [GC (Allocation Failure) [PSYoungGen: 161772K->67405K(175104K)] 394808K->319114K(699392K), 0.0233973 secs] [Times: user=0.23 sys=0.00, real=0.02 secs] 
2016-09-24T00:21:47.052-0400: 274.291: [GC (GCLocker Initiated GC) [PSYoungGen: 155469K->85790K(175104K)] 407183K->343895K(699392K), 0.0086995 secs] [Times: user=0.09 sys=0.01, real=0.01 secs] 
2016-09-24T00:21:47.211-0400: 274.451: [GC (GCLocker Initiated GC) [PSYoungGen: 173854K->49148K(175104K)] 438052K->331831K(699392K), 0.0339242 secs] [Times: user=0.37 sys=0.02, real=0.04 secs] 
2016-09-24T00:21:47.392-0400: 274.631: [GC (GCLocker Initiated GC) [PSYoungGen: 137212K->49016K(175104K)] 420566K->350854K(699392K), 0.0101789 secs] [Times: user=0.08 sys=0.00, real=0.01 secs] 
2016-09-24T00:21:47.492-0400: 274.732: [GC (GCLocker Initiated GC) [PSYoungGen: 137080K->79391K(175104K)] 439144K->399800K(699392K), 0.0276706 secs] [Times: user=0.33 sys=0.00, real=0.03 secs] 
2016-09-24T00:21:47.649-0400: 274.889: [GC (GCLocker Initiated GC) [PSYoungGen: 167455K->73544K(175104K)] 487925K->412367K(699392K), 0.0215211 secs] [Times: user=0.20 sys=0.00, real=0.02 secs] 
2016-09-24T00:21:47.802-0400: 275.041: [GC (Allocation Failure) [PSYoungGen: 161608K->43009K(175104K)] 512745K->394390K(699392K), 0.0070291 secs] [Times: user=0.05 sys=0.00, real=0.01 secs] 
2016-09-24T00:21:47.933-0400: 275.173: [GC (GCLocker Initiated GC) [PSYoungGen: 131073K->73576K(175104K)] 482465K->443336K(699392K), 0.0142354 secs] [Times: user=0.15 sys=0.00, real=0.02 secs] 
2016-09-24T00:21:48.065-0400: 275.305: [GC (GCLocker Initiated GC) [PSYoungGen: 161640K->73772K(175104K)] 537758K->468259K(699392K), 0.0217142 secs] [Times: user=0.27 sys=0.01, real=0.02 secs] 
2016-09-24T00:21:48.241-0400: 275.480: [GC (GCLocker Initiated GC) [PSYoungGen: 161836K->55027K(175104K)] 556499K->468346K(699392K), 0.0262668 secs] [Times: user=0.26 sys=0.01, real=0.03 secs] 
2016-09-24T00:21:48.379-0400: 275.619: [GC (GCLocker Initiated GC) [PSYoungGen: 143091K->73512K(175104K)] 556625K->487158K(699392K), 0.0100718 secs] [Times: user=0.10 sys=0.00, real=0.01 secs] 
2016-09-24T00:21:48.490-0400: 275.730: [GC (GCLocker Initiated GC) [PSYoungGen: 161576K->67537K(175104K)] 575246K->505783K(699392K), 0.0289238 secs] [Times: user=0.29 sys=0.00, real=0.03 secs] 
2016-09-24T00:21:48.654-0400: 275.894: [GC (GCLocker Initiated GC) [PSYoungGen: 155601K->25203K(175104K)] 606341K->530887K(699392K), 0.0092961 secs] [Times: user=0.10 sys=0.00, real=0.01 secs] 
2016-09-24T00:21:48.664-0400: 275.903: [Full GC (Ergonomics) [PSYoungGen: 25203K->0K(175104K)] [ParOldGen: 505683K->47907K(524288K)] 530887K->47907K(699392K), [Metaspace: 44604K->44604K(1087488K)], 0.0579735 secs] [Times: user=0.35 sys=0.01, real=0.05 secs] 
2016-09-24T00:21:48.860-0400: 276.100: [GC (GCLocker Initiated GC) [PSYoungGen: 88064K->79683K(175104K)] 142138K->133757K(699392K), 0.0099984 secs] [Times: user=0.10 sys=0.00, real=0.01 secs] 
2016-09-24T00:21:49.023-0400: 276.263: [GC (GCLocker Initiated GC) [PSYoungGen: 167747K->55611K(175104K)] 222086K->183322K(699392K), 0.0158915 secs] [Times: user=0.17 sys=0.00, real=0.01 secs] 
2016-09-24T00:21:49.153-0400: 276.392: [GC (GCLocker Initiated GC) [PSYoungGen: 143675K->55191K(175104K)] 271602K->201446K(699392K), 0.0183914 secs] [Times: user=0.18 sys=0.01, real=0.02 secs] 
2016-09-24T00:21:49.294-0400: 276.533: [GC (GCLocker Initiated GC) [PSYoungGen: 143255K->55515K(175104K)] 295940K->226537K(699392K), 0.0104596 secs] [Times: user=0.11 sys=0.00, real=0.02 secs] 
2016-09-24T00:21:49.432-0400: 276.672: [GC (GCLocker Initiated GC) [PSYoungGen: 143579K->73444K(175104K)] 321032K->269405K(699392K), 0.0173566 secs] [Times: user=0.15 sys=0.00, real=0.02 secs] 
2016-09-24T00:21:49.574-0400: 276.813: [GC (GCLocker Initiated GC) [PSYoungGen: 161508K->61298K(175104K)] 357785K->281986K(699392K), 0.0153393 secs] [Times: user=0.12 sys=0.00, real=0.02 secs] 
2016-09-24T00:21:49.691-0400: 276.930: [GC (GCLocker Initiated GC) [PSYoungGen: 149362K->61686K(175104K)] 370115K->361550K(699392K), 0.0202537 secs] [Times: user=0.24 sys=0.00, real=0.02 secs] 
2016-09-24T00:21:49.819-0400: 277.058: [GC (Allocation Failure) [PSYoungGen: 149750K->61526K(175104K)] 455965K->392333K(699392K), 0.0309779 secs] [Times: user=0.36 sys=0.00, real=0.03 secs] 
2016-09-24T00:21:49.955-0400: 277.195: [GC (GCLocker Initiated GC) [PSYoungGen: 149590K->85854K(175104K)] 480397K->453591K(699392K), 0.0109668 secs] [Times: user=0.16 sys=0.00, real=0.01 secs] 
2016-09-24T00:21:50.072-0400: 277.312: [GC (GCLocker Initiated GC) [PSYoungGen: 173918K->86086K(175104K)] 541731K->527278K(699392K), 0.0139150 secs] [Times: user=0.21 sys=0.00, real=0.02 secs] 
2016-09-24T00:21:50.222-0400: 277.461: [Full GC (Ergonomics) [PSYoungGen: 174150K->0K(175104K)] [ParOldGen: 447370K->54207K(524288K)] 621521K->54207K(699392K), [Metaspace: 44604K->44604K(1087488K)], 0.0824050 secs] [Times: user=0.55 sys=0.01, real=0.09 secs] 
2016-09-24T00:21:50.433-0400: 277.672: [GC (GCLocker Initiated GC) [PSYoungGen: 88064K->86470K(175104K)] 142436K->159067K(699392K), 0.0181420 secs] [Times: user=0.17 sys=0.03, real=0.02 secs] 
2016-09-24T00:21:50.582-0400: 277.821: [GC (Allocation Failure) [PSYoungGen: 174534K->61294K(175104K)] 253399K->226185K(699392K), 0.0156205 secs] [Times: user=0.18 sys=0.01, real=0.02 secs] 
2016-09-24T00:21:50.704-0400: 277.944: [GC (GCLocker Initiated GC) [PSYoungGen: 149358K->67533K(175104K)] 314255K->244667K(699392K), 0.0173995 secs] [Times: user=0.15 sys=0.00, real=0.01 secs] 
2016-09-24T00:21:50.849-0400: 278.089: [GC (GCLocker Initiated GC) [PSYoungGen: 155597K->43073K(175104K)] 338976K->263162K(699392K), 0.0218228 secs] [Times: user=0.19 sys=0.02, real=0.02 secs] 
2016-09-24T00:21:50.987-0400: 278.226: [GC (Allocation Failure) [PSYoungGen: 131137K->61298K(175104K)] 351693K->281934K(699392K), 0.0227611 secs] [Times: user=0.18 sys=0.00, real=0.02 secs] 
2016-09-24T00:21:51.109-0400: 278.348: [GC (GCLocker Initiated GC) [PSYoungGen: 149362K->85726K(175104K)] 370004K->343125K(699392K), 0.0159511 secs] [Times: user=0.16 sys=0.00, real=0.02 secs] 
2016-09-24T00:21:51.275-0400: 278.514: [GC (GCLocker Initiated GC) [PSYoungGen: 173790K->37226K(175104K)] 449629K->331558K(699392K), 0.0452195 secs] [Times: user=0.48 sys=0.00, real=0.04 secs] 
2016-09-24T00:21:51.449-0400: 278.688: [GC (GCLocker Initiated GC) [PSYoungGen: 125290K->36870K(175104K)] 425699K->337686K(699392K), 0.0312753 secs] [Times: user=0.30 sys=0.00, real=0.03 secs] 
2016-09-24T00:21:51.594-0400: 278.834: [GC (GCLocker Initiated GC) [PSYoungGen: 124934K->55387K(175104K)] 432119K->362675K(699392K), 0.0357020 secs] [Times: user=0.40 sys=0.00, real=0.03 secs] 
2016-09-24T00:21:51.752-0400: 278.991: [GC (GCLocker Initiated GC) [PSYoungGen: 143451K->79555K(175104K)] 450770K->399291K(699392K), 0.0101919 secs] [Times: user=0.09 sys=0.00, real=0.02 secs] 
2016-09-24T00:21:51.899-0400: 279.138: [GC (GCLocker Initiated GC) [PSYoungGen: 167619K->42845K(175104K)] 499771K->405623K(699392K), 0.0169729 secs] [Times: user=0.15 sys=0.00, real=0.02 secs] 
2016-09-24T00:21:52.047-0400: 279.286: [GC (GCLocker Initiated GC) [PSYoungGen: 130909K->79523K(175104K)] 493791K->442509K(699392K), 0.0192180 secs] [Times: user=0.19 sys=0.00, real=0.02 secs] 
2016-09-24T00:21:52.198-0400: 279.438: [GC (Allocation Failure) [PSYoungGen: 167587K->37062K(175104K)] 536811K->424795K(699392K), 0.0117086 secs] [Times: user=0.12 sys=0.00, real=0.01 secs] 
2016-09-24T00:21:52.323-0400: 279.563: [GC (GCLocker Initiated GC) [PSYoungGen: 125126K->85986K(175104K)] 512859K->480078K(699392K), 0.0115390 secs] [Times: user=0.13 sys=0.00, real=0.01 secs] 
2016-09-24T00:21:52.469-0400: 279.709: [GC (GCLocker Initiated GC) [PSYoungGen: 174050K->67597K(175104K)] 568390K->516740K(699392K), 0.0190127 secs] [Times: user=0.22 sys=0.01, real=0.02 secs] 
2016-09-24T00:21:52.488-0400: 279.728: [Full GC (Ergonomics) [PSYoungGen: 67597K->0K(175104K)] [ParOldGen: 449143K->54424K(524288K)] 516740K->54424K(699392K), [Metaspace: 44604K->44604K(1087488K)], 0.0598619 secs] [Times: user=0.31 sys=0.00, real=0.06 secs] 
2016-09-24T00:21:52.669-0400: 279.909: [GC (GCLocker Initiated GC) [PSYoungGen: 88064K->86538K(175104K)] 148717K->171491K(699392K), 0.0099646 secs] [Times: user=0.12 sys=0.00, real=0.01 secs] 
2016-09-24T00:21:52.814-0400: 280.053: [GC (GCLocker Initiated GC) [PSYoungGen: 174602K->25008K(175104K)] 271988K->220362K(699392K), 0.0158613 secs] [Times: user=0.25 sys=0.00, real=0.02 secs] 
2016-09-24T00:21:52.942-0400: 280.181: [GC (GCLocker Initiated GC) [PSYoungGen: 113072K->73640K(175104K)] 314856K->275724K(699392K), 0.0088466 secs] [Times: user=0.13 sys=0.00, real=0.01 secs] 
2016-09-24T00:21:53.080-0400: 280.320: [GC (GCLocker Initiated GC) [PSYoungGen: 161704K->61362K(175104K)] 364009K->300424K(699392K), 0.0300549 secs] [Times: user=0.32 sys=0.00, real=0.03 secs] 
2016-09-24T00:21:53.228-0400: 280.467: [GC (Allocation Failure) [PSYoungGen: 149426K->73580K(175104K)] 394773K->319022K(699392K), 0.0094992 secs] [Times: user=0.07 sys=0.00, real=0.01 secs] 
2016-09-24T00:21:53.363-0400: 280.602: [GC (GCLocker Initiated GC) [PSYoungGen: 156385K->55155K(175104K)] 407902K->361671K(699392K), 0.0123923 secs] [Times: user=0.19 sys=0.00, real=0.01 secs] 
2016-09-24T00:21:53.494-0400: 280.734: [GC (GCLocker Initiated GC) [PSYoungGen: 143219K->73672K(175104K)] 449771K->410735K(699392K), 0.0111393 secs] [Times: user=0.16 sys=0.01, real=0.01 secs] 
2016-09-24T00:21:53.629-0400: 280.868: [GC (GCLocker Initiated GC) [PSYoungGen: 161736K->73580K(175104K)] 498885K->429074K(699392K), 0.0096344 secs] [Times: user=0.09 sys=0.00, real=0.01 secs] 
2016-09-24T00:21:53.753-0400: 280.992: [GC (Allocation Failure) [PSYoungGen: 161644K->48984K(175104K)] 517437K->423418K(699392K), 0.0099423 secs] [Times: user=0.08 sys=0.00, real=0.02 secs] 
2016-09-24T00:21:53.869-0400: 281.108: [GC (GCLocker Initiated GC) [PSYoungGen: 137048K->79655K(175104K)] 511488K->466341K(699392K), 0.0149596 secs] [Times: user=0.14 sys=0.00, real=0.02 secs] 
2016-09-24T00:21:54.017-0400: 281.256: [GC (GCLocker Initiated GC) [PSYoungGen: 167719K->73444K(175104K)] 554621K->479027K(699392K), 0.0334405 secs] [Times: user=0.33 sys=0.01, real=0.03 secs] 
2016-09-24T00:21:54.162-0400: 281.401: [GC (GCLocker Initiated GC) [PSYoungGen: 161508K->85922K(175104K)] 567396K->534462K(699392K), 0.0113433 secs] [Times: user=0.15 sys=0.00, real=0.01 secs] 
2016-09-24T00:21:54.310-0400: 281.550: [Full GC (Ergonomics) [PSYoungGen: 173986K->0K(175104K)] [ParOldGen: 454663K->48198K(524288K)] 628649K->48198K(699392K), [Metaspace: 44604K->44604K(1087488K)], 0.0782637 secs] [Times: user=0.54 sys=0.01, real=0.08 secs] 
2016-09-24T00:21:54.500-0400: 281.739: [GC (GCLocker Initiated GC) [PSYoungGen: 88064K->86242K(175104K)] 142391K->164869K(699392K), 0.0152717 secs] [Times: user=0.16 sys=0.00, real=0.02 secs] 
2016-09-24T00:21:54.622-0400: 281.861: [GC (Allocation Failure) [PSYoungGen: 174306K->49248K(175104K)] 253143K->189366K(699392K), 0.0374393 secs] [Times: user=0.37 sys=0.01, real=0.04 secs] 
2016-09-24T00:21:54.790-0400: 282.029: [GC (GCLocker Initiated GC) [PSYoungGen: 137312K->55251K(175104K)] 277436K->250669K(699392K), 0.0177820 secs] [Times: user=0.20 sys=0.00, real=0.02 secs] 
2016-09-24T00:21:54.903-0400: 282.142: [GC (GCLocker Initiated GC) [PSYoungGen: 143315K->85694K(175104K)] 338999K->287581K(699392K), 0.0095715 secs] [Times: user=0.11 sys=0.00, real=0.00 secs] 
2016-09-24T00:21:55.052-0400: 282.292: [GC (GCLocker Initiated GC) [PSYoungGen: 173758K->30859K(175104K)] 388032K->263609K(699392K), 0.0184692 secs] [Times: user=0.17 sys=0.00, real=0.02 secs] 
2016-09-24T00:21:55.184-0400: 282.423: [GC (Allocation Failure) [PSYoungGen: 118923K->79751K(175104K)] 351939K->313035K(699392K), 0.0215464 secs] [Times: user=0.20 sys=0.00, real=0.02 secs] 
2016-09-24T00:21:55.311-0400: 282.550: [GC (GCLocker Initiated GC) [PSYoungGen: 165724K->55091K(175104K)] 405083K->337250K(699392K), 0.0212666 secs] [Times: user=0.23 sys=0.00, real=0.02 secs] 
2016-09-24T00:21:55.454-0400: 282.693: [GC (GCLocker Initiated GC) [PSYoungGen: 143155K->79687K(175104K)] 425423K->362059K(699392K), 0.0090610 secs] [Times: user=0.08 sys=0.00, real=0.02 secs] 
2016-09-24T00:21:55.614-0400: 282.854: [GC (GCLocker Initiated GC) [PSYoungGen: 167751K->19000K(175104K)] 468667K->338589K(699392K), 0.0191216 secs] [Times: user=0.20 sys=0.00, real=0.01 secs] 
2016-09-24T00:21:55.756-0400: 282.995: [GC (GCLocker Initiated GC) [PSYoungGen: 107064K->73448K(175104K)] 426740K->393383K(699392K), 0.0143585 secs] [Times: user=0.13 sys=0.00, real=0.01 secs] 
2016-09-24T00:21:55.878-0400: 283.117: [GC (Allocation Failure) [PSYoungGen: 161512K->67405K(175104K)] 481483K->448230K(699392K), 0.0233571 secs] [Times: user=0.22 sys=0.00, real=0.02 secs] 
2016-09-24T00:21:56.022-0400: 283.261: [GC (GCLocker Initiated GC) [PSYoungGen: 150021K->73612K(175104K)] 536921K->472937K(699392K), 0.0098807 secs] [Times: user=0.10 sys=0.00, real=0.01 secs] 
2016-09-24T00:21:56.148-0400: 283.387: [GC (Allocation Failure) [PSYoungGen: 161676K->55223K(175104K)] 567152K->479347K(699392K), 0.0095793 secs] [Times: user=0.06 sys=0.00, real=0.01 secs] 
2016-09-24T00:21:56.267-0400: 283.506: [GC (GCLocker Initiated GC) [PSYoungGen: 141414K->61462K(175104K)] 571613K->516056K(699392K), 0.0212673 secs] [Times: user=0.19 sys=0.00, real=0.02 secs] 
2016-09-24T00:21:56.288-0400: 283.528: [Full GC (Ergonomics) [PSYoungGen: 61462K->0K(175104K)] [ParOldGen: 454594K->54492K(524288K)] 516056K->54492K(699392K), [Metaspace: 44604K->44604K(1087488K)], 0.0641466 secs] [Times: user=0.39 sys=0.01, real=0.06 secs] 
2016-09-24T00:21:56.473-0400: 283.712: [GC (GCLocker Initiated GC) [PSYoungGen: 88064K->86146K(175104K)] 142922K->141005K(699392K), 0.0168240 secs] [Times: user=0.18 sys=0.00, real=0.02 secs] 
2016-09-24T00:21:56.642-0400: 283.881: [GC (GCLocker Initiated GC) [PSYoungGen: 174210K->55027K(175104K)] 229123K->146889K(699392K), 0.0213135 secs] [Times: user=0.20 sys=0.00, real=0.03 secs] 
2016-09-24T00:21:56.805-0400: 284.044: [GC (GCLocker Initiated GC) [PSYoungGen: 143091K->31083K(175104K)] 253311K->165690K(699392K), 0.0107132 secs] [Times: user=0.09 sys=0.00, real=0.01 secs] 
2016-09-24T00:21:56.971-0400: 284.210: [GC (GCLocker Initiated GC) [PSYoungGen: 119147K->43432K(175104K)] 265928K->190326K(699392K), 0.0123815 secs] [Times: user=0.12 sys=0.00, real=0.02 secs] 
2016-09-24T00:21:57.094-0400: 284.334: [GC (GCLocker Initiated GC) [PSYoungGen: 131496K->55351K(175104K)] 284563K->227097K(699392K), 0.0095372 secs] [Times: user=0.08 sys=0.00, real=0.01 secs] 
2016-09-24T00:21:57.215-0400: 284.455: [GC (GCLocker Initiated GC) [PSYoungGen: 143415K->85854K(175104K)] 315215K->300314K(699392K), 0.0147345 secs] [Times: user=0.20 sys=0.00, real=0.01 secs] 
2016-09-24T00:21:57.338-0400: 284.577: [GC (GCLocker Initiated GC) [PSYoungGen: 173918K->85854K(175104K)] 394591K->361657K(699392K), 0.0114480 secs] [Times: user=0.15 sys=0.01, real=0.01 secs] 
2016-09-24T00:21:57.477-0400: 284.716: [GC (GCLocker Initiated GC) [PSYoungGen: 173918K->61394K(175104K)] 456123K->386408K(699392K), 0.0098069 secs] [Times: user=0.10 sys=0.00, real=0.01 secs] 
2016-09-24T00:21:57.625-0400: 284.864: [GC (GCLocker Initiated GC) [PSYoungGen: 149458K->49084K(175104K)] 474581K->392691K(699392K), 0.0096753 secs] [Times: user=0.07 sys=0.01, real=0.01 secs] 
2016-09-24T00:21:57.729-0400: 284.968: [GC (Allocation Failure) [PSYoungGen: 137148K->73640K(175104K)] 480887K->447874K(699392K), 0.0105331 secs] [Times: user=0.08 sys=0.00, real=0.01 secs] 
2016-09-24T00:21:57.858-0400: 285.097: [GC (GCLocker Initiated GC) [PSYoungGen: 161704K->67569K(175104K)] 535943K->466392K(699392K), 0.0185394 secs] [Times: user=0.18 sys=0.00, real=0.02 secs] 
2016-09-24T00:21:57.997-0400: 285.236: [GC (GCLocker Initiated GC) [PSYoungGen: 155633K->85694K(175104K)] 554559K->491299K(699392K), 0.0176681 secs] [Times: user=0.19 sys=0.00, real=0.02 secs] 
2016-09-24T00:21:58.103-0400: 285.343: [GC (GCLocker Initiated GC) [PSYoungGen: 173758K->61298K(175104K)] 579422K->521920K(699392K), 0.0199577 secs] [Times: user=0.18 sys=0.00, real=0.02 secs] 
2016-09-24T00:21:58.124-0400: 285.363: [Full GC (Ergonomics) [PSYoungGen: 61298K->0K(175104K)] [ParOldGen: 460622K->54895K(524288K)] 521920K->54895K(699392K), [Metaspace: 44606K->44606K(1087488K)], 0.0609412 secs] [Times: user=0.34 sys=0.01, real=0.06 secs] 
2016-09-24T00:21:58.298-0400: 285.537: [GC (GCLocker Initiated GC) [PSYoungGen: 88064K->86274K(175104K)] 143118K->159553K(699392K), 0.0081133 secs] [Times: user=0.12 sys=0.01, real=0.01 secs] 
2016-09-24T00:21:58.420-0400: 285.659: [GC (GCLocker Initiated GC) [PSYoungGen: 174338K->85854K(175104K)] 247928K->214847K(699392K), 0.0104148 secs] [Times: user=0.14 sys=0.01, real=0.01 secs] 
2016-09-24T00:21:58.553-0400: 285.792: [GC (GCLocker Initiated GC) [PSYoungGen: 173918K->55383K(175104K)] 309313K->221412K(699392K), 0.0240026 secs] [Times: user=0.26 sys=0.00, real=0.03 secs] 
2016-09-24T00:21:58.704-0400: 285.943: [GC (GCLocker Initiated GC) [PSYoungGen: 143447K->73708K(175104K)] 309663K->240028K(699392K), 0.0097161 secs] [Times: user=0.08 sys=0.00, real=0.00 secs] 
2016-09-24T00:21:58.808-0400: 286.047: [GC (GCLocker Initiated GC) [PSYoungGen: 161772K->85854K(175104K)] 328275K->307348K(699392K), 0.0179983 secs] [Times: user=0.20 sys=0.00, real=0.02 secs] 
2016-09-24T00:21:58.926-0400: 286.165: [GC (Allocation Failure) [PSYoungGen: 173918K->61490K(175104K)] 395661K->344290K(699392K), 0.0096117 secs] [Times: user=0.12 sys=0.00, real=0.01 secs] 
2016-09-24T00:21:59.046-0400: 286.285: [GC (GCLocker Initiated GC) [PSYoungGen: 149554K->61622K(175104K)] 432360K->381177K(699392K), 0.0259899 secs] [Times: user=0.31 sys=0.00, real=0.02 secs] 
2016-09-24T00:21:59.208-0400: 286.447: [GC (GCLocker Initiated GC) [PSYoungGen: 149686K->55351K(175104K)] 481747K->387859K(699392K), 0.0060070 secs] [Times: user=0.06 sys=0.00, real=0.00 secs] 
2016-09-24T00:21:59.332-0400: 286.572: [GC (GCLocker Initiated GC) [PSYoungGen: 143415K->79651K(175104K)] 475965K->430709K(699392K), 0.0164876 secs] [Times: user=0.21 sys=0.00, real=0.02 secs] 
2016-09-24T00:21:59.448-0400: 286.687: [GC (GCLocker Initiated GC) [PSYoungGen: 167715K->85758K(175104K)] 518810K->479498K(699392K), 0.0106899 secs] [Times: user=0.11 sys=0.00, real=0.01 secs] 
2016-09-24T00:21:59.572-0400: 286.811: [GC (GCLocker Initiated GC) [PSYoungGen: 173822K->73640K(175104K)] 567778K->522578K(699392K), 0.0171749 secs] [Times: user=0.21 sys=0.01, real=0.02 secs] 
2016-09-24T00:21:59.589-0400: 286.829: [Full GC (Ergonomics) [PSYoungGen: 73640K->0K(175104K)] [ParOldGen: 448938K->48792K(524288K)] 522578K->48792K(699392K), [Metaspace: 44606K->44606K(1087488K)], 0.0640829 secs] [Times: user=0.54 sys=0.00, real=0.06 secs] 
2016-09-24T00:21:59.753-0400: 286.992: [GC (GCLocker Initiated GC) [PSYoungGen: 88064K->85986K(175104K)] 137093K->141091K(699392K), 0.0100067 secs] [Times: user=0.15 sys=0.00, real=0.02 secs] 
2016-09-24T00:21:59.877-0400: 287.117: [GC (GCLocker Initiated GC) [PSYoungGen: 174050K->73476K(175104K)] 229767K->166131K(699392K), 0.0103939 secs] [Times: user=0.15 sys=0.00, real=0.01 secs] 
2016-09-24T00:22:00.013-0400: 287.253: [GC (GCLocker Initiated GC) [PSYoungGen: 161540K->37354K(175104K)] 266459K->184926K(699392K), 0.0068789 secs] [Times: user=0.08 sys=0.00, real=0.01 secs] 
2016-09-24T00:22:00.139-0400: 287.378: [GC (Allocation Failure) [PSYoungGen: 125418K->61298K(175104K)] 273277K->209597K(699392K), 0.0150449 secs] [Times: user=0.14 sys=0.00, real=0.01 secs] 
2016-09-24T00:22:00.301-0400: 287.541: [GC (GCLocker Initiated GC) [PSYoungGen: 149362K->61330K(175104K)] 297662K->240249K(699392K), 0.0102354 secs] [Times: user=0.08 sys=0.00, real=0.01 secs] 
2016-09-24T00:22:00.451-0400: 287.690: [GC (GCLocker Initiated GC) [PSYoungGen: 149394K->61102K(175104K)] 334418K->246222K(699392K), 0.0078034 secs] [Times: user=0.07 sys=0.01, real=0.01 secs] 
2016-09-24T00:22:00.579-0400: 287.819: [GC (GCLocker Initiated GC) [PSYoungGen: 149166K->68156K(175104K)] 334328K->295995K(699392K), 0.0144648 secs] [Times: user=0.17 sys=0.00, real=0.01 secs] 
2016-09-24T00:22:00.690-0400: 287.929: [GC (GCLocker Initiated GC) [PSYoungGen: 156220K->24912K(175104K)] 390244K->332095K(699392K), 0.0164776 secs] [Times: user=0.16 sys=0.01, real=0.02 secs] 
2016-09-24T00:22:00.814-0400: 288.054: [GC (GCLocker Initiated GC) [PSYoungGen: 112976K->85662K(175104K)] 420351K->423532K(699392K), 0.0101433 secs] [Times: user=0.08 sys=0.00, real=0.01 secs] 
2016-09-24T00:22:00.965-0400: 288.204: [GC (Allocation Failure) [PSYoungGen: 173726K->37194K(175104K)] 511716K->442300K(699392K), 0.0195744 secs] [Times: user=0.23 sys=0.00, real=0.02 secs] 
2016-09-24T00:22:01.087-0400: 288.326: [GC (GCLocker Initiated GC) [PSYoungGen: 123819K->61394K(175104K)] 535001K->472851K(699392K), 0.0083531 secs] [Times: user=0.08 sys=0.01, real=0.01 secs] 
2016-09-24T00:22:01.242-0400: 288.481: [GC (Allocation Failure) [PSYoungGen: 149458K->73836K(175104K)] 561018K->503740K(699392K), 0.0149272 secs] [Times: user=0.22 sys=0.01, real=0.02 secs] 
2016-09-24T00:22:01.345-0400: 288.585: [GC (GCLocker Initiated GC) [PSYoungGen: 161900K->85954K(175104K)] 591810K->540471K(699392K), 0.0104113 secs] [Times: user=0.13 sys=0.00, real=0.01 secs] 
2016-09-24T00:22:01.356-0400: 288.595: [Full GC (Ergonomics) [PSYoungGen: 85954K->0K(175104K)] [ParOldGen: 454517K->54953K(524288K)] 540471K->54953K(699392K), [Metaspace: 44611K->44611K(1087488K)], 0.0594521 secs] [Times: user=0.45 sys=0.01, real=0.06 secs] 
2016-09-24T00:22:01.535-0400: 288.774: [GC (GCLocker Initiated GC) [PSYoungGen: 88064K->55775K(175104K)] 149256K->116967K(699392K), 0.0056845 secs] [Times: user=0.08 sys=0.00, real=0.00 secs] 
2016-09-24T00:22:01.649-0400: 288.888: [GC (GCLocker Initiated GC) [PSYoungGen: 143839K->55647K(175104K)] 211305K->160026K(699392K), 0.0204956 secs] [Times: user=0.23 sys=0.00, real=0.02 secs] 
2016-09-24T00:22:01.779-0400: 289.018: [GC (GCLocker Initiated GC) [PSYoungGen: 143711K->73804K(175104K)] 248171K->197116K(699392K), 0.0099453 secs] [Times: user=0.11 sys=0.00, real=0.01 secs] 
2016-09-24T00:22:01.926-0400: 289.166: [GC (GCLocker Initiated GC) [PSYoungGen: 161868K->67405K(175104K)] 291314K->215343K(699392K), 0.0169796 secs] [Times: user=0.16 sys=0.00, real=0.02 secs] 
2016-09-24T00:22:02.039-0400: 289.279: [GC (GCLocker Initiated GC) [PSYoungGen: 155469K->67405K(175104K)] 303533K->258106K(699392K), 0.0167948 secs] [Times: user=0.19 sys=0.01, real=0.02 secs] 
2016-09-24T00:22:02.164-0400: 289.403: [GC (GCLocker Initiated GC) [PSYoungGen: 155469K->55415K(175104K)] 346184K->301104K(699392K), 0.0114213 secs] [Times: user=0.15 sys=0.01, real=0.01 secs] 
2016-09-24T00:22:02.298-0400: 289.538: [GC (Allocation Failure) [PSYoungGen: 143479K->55807K(175104K)] 401657K->332493K(699392K), 0.0126437 secs] [Times: user=0.16 sys=0.01, real=0.01 secs] 
2016-09-24T00:22:02.431-0400: 289.671: [GC (GCLocker Initiated GC) [PSYoungGen: 143871K->49116K(175104K)] 420558K->350362K(699392K), 0.0268537 secs] [Times: user=0.28 sys=0.00, real=0.03 secs] 
2016-09-24T00:22:02.549-0400: 289.789: [GC (GCLocker Initiated GC) [PSYoungGen: 137180K->85662K(175104K)] 438474K->405301K(699392K), 0.0133240 secs] [Times: user=0.14 sys=0.00, real=0.02 secs] 
2016-09-24T00:22:02.674-0400: 289.914: [GC (GCLocker Initiated GC) [PSYoungGen: 173726K->49539K(175104K)] 499723K->424420K(699392K), 0.0150066 secs] [Times: user=0.14 sys=0.00, real=0.01 secs] 
2016-09-24T00:22:02.823-0400: 290.062: [GC (GCLocker Initiated GC) [PSYoungGen: 137603K->49148K(175104K)] 518847K->430815K(699392K), 0.0066043 secs] [Times: user=0.05 sys=0.00, real=0.00 secs] 
2016-09-24T00:22:02.955-0400: 290.194: [GC (GCLocker Initiated GC) [PSYoungGen: 137212K->61298K(175104K)] 519032K->461447K(699392K), 0.0084038 secs] [Times: user=0.08 sys=0.00, real=0.01 secs] 
2016-09-24T00:22:03.085-0400: 290.324: [GC (GCLocker Initiated GC) [PSYoungGen: 149362K->67469K(175104K)] 549759K->492302K(699392K), 0.0187018 secs] [Times: user=0.19 sys=0.00, real=0.02 secs] 
2016-09-24T00:22:03.217-0400: 290.457: [GC (GCLocker Initiated GC) [PSYoungGen: 155533K->85826K(175104K)] 580425K->529226K(699392K), 0.0101693 secs] [Times: user=0.09 sys=0.00, real=0.01 secs] 
2016-09-24T00:22:03.339-0400: 290.578: [GC (GCLocker Initiated GC) [PSYoungGen: 173890K->55351K(175104K)] 617349K->535528K(699392K), 0.0126121 secs] [Times: user=0.12 sys=0.00, real=0.01 secs] 
2016-09-24T00:22:03.351-0400: 290.591: [Full GC (Ergonomics) [PSYoungGen: 55351K->0K(175104K)] [ParOldGen: 480177K->49154K(524288K)] 535528K->49154K(699392K), [Metaspace: 44611K->44611K(1087488K)], 0.0621810 secs] [Times: user=0.41 sys=0.00, real=0.06 secs] 
2016-09-24T00:22:03.516-0400: 290.755: [GC (Allocation Failure) [PSYoungGen: 88064K->86442K(175104K)] 137473K->141926K(699392K), 0.0224530 secs] [Times: user=0.30 sys=0.00, real=0.02 secs] 
2016-09-24T00:22:03.658-0400: 290.898: [GC (GCLocker Initiated GC) [PSYoungGen: 170117K->67565K(175104K)] 231676K->154127K(699392K), 0.0160284 secs] [Times: user=0.18 sys=0.00, real=0.02 secs] 
2016-09-24T00:22:03.818-0400: 291.057: [GC (Allocation Failure) [PSYoungGen: 155629K->49180K(175104K)] 254680K->166559K(699392K), 0.0143075 secs] [Times: user=0.14 sys=0.00, real=0.01 secs] 
2016-09-24T00:22:03.946-0400: 291.186: [GC (GCLocker Initiated GC) [PSYoungGen: 133149K->55127K(175104K)] 256603K->178832K(699392K), 0.0342959 secs] [Times: user=0.30 sys=0.00, real=0.03 secs] 
2016-09-24T00:22:04.101-0400: 291.340: [GC (GCLocker Initiated GC) [PSYoungGen: 143191K->67896K(175104K)] 267090K->210124K(699392K), 0.0207730 secs] [Times: user=0.23 sys=0.00, real=0.02 secs] 
2016-09-24T00:22:04.274-0400: 291.513: [GC (GCLocker Initiated GC) [PSYoungGen: 155960K->55351K(175104K)] 310424K->228487K(699392K), 0.0109139 secs] [Times: user=0.12 sys=0.00, real=0.02 secs] 
2016-09-24T00:22:04.416-0400: 291.656: [GC (GCLocker Initiated GC) [PSYoungGen: 143415K->67501K(175104K)] 316912K->259514K(699392K), 0.0104131 secs] [Times: user=0.12 sys=0.01, real=0.01 secs] 
2016-09-24T00:22:04.515-0400: 291.754: [GC (GCLocker Initiated GC) [PSYoungGen: 155565K->79651K(175104K)] 347793K->302374K(699392K), 0.0112602 secs] [Times: user=0.11 sys=0.00, real=0.01 secs] 
2016-09-24T00:22:04.658-0400: 291.897: [GC (GCLocker Initiated GC) [PSYoungGen: 167715K->55906K(175104K)] 396582K->339592K(699392K), 0.0103479 secs] [Times: user=0.11 sys=0.00, real=0.01 secs] 
2016-09-24T00:22:04.769-0400: 292.009: [GC (GCLocker Initiated GC) [PSYoungGen: 143970K->73544K(175104K)] 433807K->382241K(699392K), 0.0282221 secs] [Times: user=0.32 sys=0.00, real=0.03 secs] 
2016-09-24T00:22:04.893-0400: 292.132: [GC (GCLocker Initiated GC) [PSYoungGen: 161608K->86086K(175104K)] 470375K->461829K(699392K), 0.0121258 secs] [Times: user=0.15 sys=0.00, real=0.02 secs] 
2016-09-24T00:22:05.028-0400: 292.267: [GC (Allocation Failure) [PSYoungGen: 174150K->37094K(175104K)] 549946K->443688K(699392K), 0.0147967 secs] [Times: user=0.12 sys=0.00, real=0.02 secs] 
2016-09-24T00:22:05.140-0400: 292.380: [GC (GCLocker Initiated GC) [PSYoungGen: 125158K->79651K(175104K)] 531758K->529068K(699392K), 0.0156177 secs] [Times: user=0.18 sys=0.00, real=0.02 secs] 
2016-09-24T00:22:05.282-0400: 292.522: [GC (GCLocker Initiated GC) [PSYoungGen: 167715K->55419K(175104K)] 623277K->547698K(699392K), 0.0128276 secs] [Times: user=0.11 sys=0.02, real=0.01 secs] 
2016-09-24T00:22:05.295-0400: 292.535: [Full GC (Ergonomics) [PSYoungGen: 55419K->0K(175104K)] [ParOldGen: 492279K->55183K(524288K)] 547698K->55183K(699392K), [Metaspace: 44613K->44613K(1087488K)], 0.0655846 secs] [Times: user=0.47 sys=0.01, real=0.06 secs] 
2016-09-24T00:22:05.457-0400: 292.697: [GC (GCLocker Initiated GC) [PSYoungGen: 88064K->86210K(175104K)] 143394K->147615K(699392K), 0.0089344 secs] [Times: user=0.12 sys=0.00, real=0.01 secs] 
2016-09-24T00:22:05.591-0400: 292.830: [GC (GCLocker Initiated GC) [PSYoungGen: 174274K->67601K(175104K)] 235979K->166304K(699392K), 0.0114604 secs] [Times: user=0.11 sys=0.00, real=0.02 secs] 
2016-09-24T00:22:05.716-0400: 292.956: [GC (GCLocker Initiated GC) [PSYoungGen: 155665K->61426K(175104K)] 254600K->215352K(699392K), 0.0142822 secs] [Times: user=0.17 sys=0.00, real=0.01 secs] 
2016-09-24T00:22:05.856-0400: 293.096: [GC (GCLocker Initiated GC) [PSYoungGen: 149490K->85790K(175104K)] 309661K->276472K(699392K), 0.0110119 secs] [Times: user=0.16 sys=0.00, real=0.01 secs] 
2016-09-24T00:22:05.972-0400: 293.212: [GC (Allocation Failure) [PSYoungGen: 173854K->43073K(175104K)] 364578K->282680K(699392K), 0.0130948 secs] [Times: user=0.16 sys=0.00, real=0.02 secs] 
2016-09-24T00:22:06.088-0400: 293.328: [GC (GCLocker Initiated GC) [PSYoungGen: 126798K->61522K(175104K)] 372481K->362203K(699392K), 0.0123888 secs] [Times: user=0.13 sys=0.01, real=0.01 secs] 
2016-09-24T00:22:06.252-0400: 293.491: [GC (GCLocker Initiated GC) [PSYoungGen: 149586K->73608K(175104K)] 456698K->399080K(699392K), 0.0229359 secs] [Times: user=0.30 sys=0.00, real=0.03 secs] 
2016-09-24T00:22:06.408-0400: 293.647: [GC (GCLocker Initiated GC) [PSYoungGen: 161672K->55355K(175104K)] 487426K->381188K(699392K), 0.0091866 secs] [Times: user=0.07 sys=0.00, real=0.01 secs] 
2016-09-24T00:22:06.514-0400: 293.754: [GC (GCLocker Initiated GC) [PSYoungGen: 143419K->85790K(175104K)] 469569K->418306K(699392K), 0.0102123 secs] [Times: user=0.11 sys=0.00, real=0.01 secs] 
2016-09-24T00:22:06.656-0400: 293.895: [GC (GCLocker Initiated GC) [PSYoungGen: 173854K->61526K(175104K)] 512510K->436727K(699392K), 0.0127577 secs] [Times: user=0.12 sys=0.00, real=0.01 secs] 
2016-09-24T00:22:06.765-0400: 294.004: [GC (GCLocker Initiated GC) [PSYoungGen: 149590K->55287K(175104K)] 524923K->503827K(699392K), 0.0156831 secs] [Times: user=0.17 sys=0.00, real=0.01 secs] 
2016-09-24T00:22:06.781-0400: 294.020: [Full GC (Ergonomics) [PSYoungGen: 55287K->0K(175104K)] [ParOldGen: 448540K->49263K(524288K)] 503827K->49263K(699392K), [Metaspace: 44613K->44613K(1087488K)], 0.0570367 secs] [Times: user=0.44 sys=0.01, real=0.06 secs] 
2016-09-24T00:22:06.951-0400: 294.191: [GC (GCLocker Initiated GC) [PSYoungGen: 88064K->74160K(175104K)] 143528K->129624K(699392K), 0.0101111 secs] [Times: user=0.14 sys=0.00, real=0.01 secs] 
2016-09-24T00:22:07.104-0400: 294.343: [GC (Allocation Failure) [PSYoungGen: 162224K->73672K(175104K)] 217774K->166383K(699392K), 0.0097614 secs] [Times: user=0.08 sys=0.00, real=0.00 secs] 
2016-09-24T00:22:07.246-0400: 294.485: [GC (GCLocker Initiated GC) [PSYoungGen: 161736K->49116K(175104K)] 254453K->160145K(699392K), 0.0081861 secs] [Times: user=0.08 sys=0.00, real=0.01 secs] 
2016-09-24T00:22:07.367-0400: 294.606: [GC (GCLocker Initiated GC) [PSYoungGen: 137180K->85758K(175104K)] 248234K->203163K(699392K), 0.0083427 secs] [Times: user=0.09 sys=0.00, real=0.01 secs] 
2016-09-24T00:22:07.498-0400: 294.738: [GC (GCLocker Initiated GC) [PSYoungGen: 173822K->31118K(175104K)] 297318K->215632K(699392K), 0.0133569 secs] [Times: user=0.13 sys=0.00, real=0.01 secs] 
2016-09-24T00:22:07.637-0400: 294.877: [GC (GCLocker Initiated GC) [PSYoungGen: 119182K->85694K(175104K)] 303800K->270742K(699392K), 0.0140639 secs] [Times: user=0.14 sys=0.00, real=0.01 secs] 
2016-09-24T00:22:07.790-0400: 295.029: [GC (GCLocker Initiated GC) [PSYoungGen: 173758K->37286K(175104K)] 371071K->289401K(699392K), 0.0123751 secs] [Times: user=0.13 sys=0.00, real=0.02 secs] 
2016-09-24T00:22:07.899-0400: 295.138: [GC (Allocation Failure) [PSYoungGen: 125350K->55351K(175104K)] 377820K->307941K(699392K), 0.0080648 secs] [Times: user=0.06 sys=0.00, real=0.01 secs] 
2016-09-24T00:22:08.012-0400: 295.252: [GC (GCLocker Initiated GC) [PSYoungGen: 143415K->86054K(175104K)] 396010K->351091K(699392K), 0.0243352 secs] [Times: user=0.23 sys=0.00, real=0.03 secs] 
2016-09-24T00:22:08.154-0400: 295.394: [GC (GCLocker Initiated GC) [PSYoungGen: 174118K->37258K(175104K)] 445501K->345710K(699392K), 0.0209010 secs] [Times: user=0.22 sys=0.00, real=0.02 secs] 
2016-09-24T00:22:08.277-0400: 295.517: [GC (GCLocker Initiated GC) [PSYoungGen: 125322K->67373K(175104K)] 434131K->376269K(699392K), 0.0169739 secs] [Times: user=0.16 sys=0.00, real=0.02 secs] 
2016-09-24T00:22:08.406-0400: 295.645: [GC (GCLocker Initiated GC) [PSYoungGen: 155437K->85890K(175104K)] 470440K->431380K(699392K), 0.0149172 secs] [Times: user=0.16 sys=0.00, real=0.01 secs] 
2016-09-24T00:22:08.570-0400: 295.809: [GC (GCLocker Initiated GC) [PSYoungGen: 173954K->85630K(175104K)] 519575K->456171K(699392K), 0.0121677 secs] [Times: user=0.12 sys=0.00, real=0.02 secs] 
2016-09-24T00:22:08.748-0400: 295.988: [GC (GCLocker Initiated GC) [PSYoungGen: 173694K->49084K(175104K)] 544511K->456627K(699392K), 0.0358268 secs] [Times: user=0.40 sys=0.00, real=0.04 secs] 
2016-09-24T00:22:08.980-0400: 296.219: [GC (Allocation Failure) [PSYoungGen: 137148K->61234K(175104K)] 545029K->469343K(699392K), 0.0104645 secs] [Times: user=0.07 sys=0.01, real=0.01 secs] 
2016-09-24T00:22:09.201-0400: 296.441: [GC (GCLocker Initiated GC) [PSYoungGen: 144471K->37126K(175104K)] 558655K->451389K(699392K), 0.0071973 secs] [Times: user=0.06 sys=0.01, real=0.01 secs] 
2016-09-24T00:22:09.363-0400: 296.602: [GC (GCLocker Initiated GC) [PSYoungGen: 125190K->85794K(175104K)] 539495K->500194K(699392K), 0.0097120 secs] [Times: user=0.08 sys=0.00, real=0.00 secs] 
2016-09-24T00:22:09.569-0400: 296.808: [GC (GCLocker Initiated GC) [PSYoungGen: 173858K->37030K(175104K)] 600758K->500639K(699392K), 0.0186409 secs] [Times: user=0.19 sys=0.00, real=0.02 secs] 
2016-09-24T00:22:09.588-0400: 296.827: [Full GC (Ergonomics) [PSYoungGen: 37030K->0K(175104K)] [ParOldGen: 463609K->49356K(524288K)] 500639K->49356K(699392K), [Metaspace: 44646K->44646K(1087488K)], 0.0592369 secs] [Times: user=0.42 sys=0.00, real=0.06 secs] 
2016-09-24T00:22:09.818-0400: 297.057: [GC (GCLocker Initiated GC) [PSYoungGen: 88064K->85926K(175104K)] 137461K->141398K(699392K), 0.0141155 secs] [Times: user=0.15 sys=0.00, real=0.01 secs] 
2016-09-24T00:22:10.003-0400: 297.242: [GC (GCLocker Initiated GC) [PSYoungGen: 173990K->6814K(175104K)] 248423K->173000K(699392K), 0.0197404 secs] [Times: user=0.22 sys=0.00, real=0.02 secs] 
2016-09-24T00:22:10.181-0400: 297.420: [GC (Allocation Failure) [PSYoungGen: 94878K->42781K(175104K)] 261341K->209346K(699392K), 0.0072613 secs] [Times: user=0.06 sys=0.00, real=0.01 secs] 
2016-09-24T00:22:10.341-0400: 297.581: [GC (Allocation Failure) [PSYoungGen: 130845K->61526K(175104K)] 297410K->228195K(699392K), 0.0203285 secs] [Times: user=0.20 sys=0.00, real=0.02 secs] 
2016-09-24T00:22:10.523-0400: 297.762: [GC (GCLocker Initiated GC) [PSYoungGen: 149590K->49212K(175104K)] 316264K->216333K(699392K), 0.0120498 secs] [Times: user=0.13 sys=0.01, real=0.01 secs] 
2016-09-24T00:22:10.692-0400: 297.931: [GC (Allocation Failure) [PSYoungGen: 137276K->55515K(175104K)] 304490K->223028K(699392K), 0.0190243 secs] [Times: user=0.24 sys=0.00, real=0.02 secs] 
2016-09-24T00:22:10.865-0400: 298.105: [GC (GCLocker Initiated GC) [PSYoungGen: 137705K->43041K(175104K)] 311293K->235138K(699392K), 0.0077244 secs] [Times: user=0.07 sys=0.00, real=0.00 secs] 
2016-09-24T00:22:11.038-0400: 298.277: [GC (Allocation Failure) [PSYoungGen: 131105K->61426K(175104K)] 323490K->253978K(699392K), 0.0101373 secs] [Times: user=0.13 sys=0.00, real=0.01 secs] 
2016-09-24T00:22:11.212-0400: 298.451: [GC (GCLocker Initiated GC) [PSYoungGen: 149490K->61234K(175104K)] 342042K->278362K(699392K), 0.0277327 secs] [Times: user=0.31 sys=0.00, real=0.03 secs] 
2016-09-24T00:22:11.415-0400: 298.654: [GC (Allocation Failure) [PSYoungGen: 149298K->48888K(175104K)] 372542K->272236K(699392K), 0.0095314 secs] [Times: user=0.07 sys=0.00, real=0.01 secs] 
2016-09-24T00:22:11.568-0400: 298.807: [GC (GCLocker Initiated GC) [PSYoungGen: 136952K->73544K(175104K)] 360305K->321301K(699392K), 0.0168554 secs] [Times: user=0.18 sys=0.00, real=0.02 secs] 
2016-09-24T00:22:11.756-0400: 298.995: [GC (Allocation Failure) [PSYoungGen: 161608K->55319K(175104K)] 415650K->309660K(699392K), 0.0103646 secs] [Times: user=0.12 sys=0.00, real=0.01 secs] 
2016-09-24T00:22:11.935-0400: 299.174: [GC (Allocation Failure) [PSYoungGen: 137843K->19064K(175104K)] 392184K->310147K(699392K), 0.0132092 secs] [Times: user=0.17 sys=0.00, real=0.01 secs] 
2016-09-24T00:22:12.083-0400: 299.322: [GC (GCLocker Initiated GC) [PSYoungGen: 101737K->55287K(175104K)] 398895K->352703K(699392K), 0.0088576 secs] [Times: user=0.11 sys=0.00, real=0.00 secs] 
2016-09-24T00:22:12.262-0400: 299.501: [GC (Allocation Failure) [PSYoungGen: 143351K->67373K(175104K)] 440815K->364925K(699392K), 0.0103648 secs] [Times: user=0.10 sys=0.00, real=0.01 secs] 
2016-09-24T00:22:12.436-0400: 299.676: [GC (GCLocker Initiated GC) [PSYoungGen: 155437K->73772K(175104K)] 452989K->420256K(699392K), 0.0104103 secs] [Times: user=0.13 sys=0.00, real=0.01 secs] 
2016-09-24T00:22:12.607-0400: 299.847: [GC (GCLocker Initiated GC) [PSYoungGen: 161836K->67309K(175104K)] 514459K->420191K(699392K), 0.0294188 secs] [Times: user=0.28 sys=0.00, real=0.03 secs] 
2016-09-24T00:22:12.820-0400: 300.059: [GC (GCLocker Initiated GC) [PSYoungGen: 155373K->30923K(175104K)] 514395K->444919K(699392K), 0.0190774 secs] [Times: user=0.21 sys=0.00, real=0.02 secs] 
2016-09-24T00:22:13.002-0400: 300.241: [GC (GCLocker Initiated GC) [PSYoungGen: 118987K->55255K(175104K)] 533029K->512106K(699392K), 0.0229209 secs] [Times: user=0.26 sys=0.00, real=0.03 secs] 
2016-09-24T00:22:13.025-0400: 300.264: [Full GC (Ergonomics) [PSYoungGen: 55255K->0K(175104K)] [ParOldGen: 456851K->43558K(524288K)] 512106K->43558K(699392K), [Metaspace: 44650K->44650K(1087488K)], 0.0583306 secs] [Times: user=0.32 sys=0.01, real=0.06 secs] 
2016-09-24T00:22:13.281-0400: 300.520: [GC (GCLocker Initiated GC) [PSYoungGen: 88064K->73772K(175104K)] 137745K->123453K(699392K), 0.0159183 secs] [Times: user=0.15 sys=0.00, real=0.02 secs] 
2016-09-24T00:22:13.453-0400: 300.693: [GC (Allocation Failure) [PSYoungGen: 161836K->43105K(175104K)] 211620K->142184K(699392K), 0.0411575 secs] [Times: user=0.42 sys=0.00, real=0.05 secs] 
2016-09-24T00:22:13.645-0400: 300.885: [GC (GCLocker Initiated GC) [PSYoungGen: 131169K->55251K(175104K)] 230254K->178943K(699392K), 0.0092904 secs] [Times: user=0.13 sys=0.01, real=0.01 secs] 
2016-09-24T00:22:13.811-0400: 301.051: [GC (GCLocker Initiated GC) [PSYoungGen: 143315K->85758K(175104K)] 267049K->215703K(699392K), 0.0099672 secs] [Times: user=0.15 sys=0.00, real=0.01 secs] 
2016-09-24T00:22:13.965-0400: 301.204: [GC (Allocation Failure) [PSYoungGen: 173822K->85822K(175104K)] 303836K->258685K(699392K), 0.0259102 secs] [Times: user=0.36 sys=0.00, real=0.02 secs] 
2016-09-24T00:22:14.146-0400: 301.385: [GC (GCLocker Initiated GC) [PSYoungGen: 168071K->37030K(175104K)] 347009K->258776K(699392K), 0.0170128 secs] [Times: user=0.19 sys=0.02, real=0.02 secs] 
2016-09-24T00:22:14.336-0400: 301.576: [GC (Allocation Failure) [PSYoungGen: 125094K->61266K(175104K)] 353063K->289518K(699392K), 0.0099042 secs] [Times: user=0.11 sys=0.01, real=0.01 secs] 
2016-09-24T00:22:14.507-0400: 301.746: [GC (GCLocker Initiated GC) [PSYoungGen: 149330K->43265K(175104K)] 377588K->314331K(699392K), 0.0118113 secs] [Times: user=0.14 sys=0.01, real=0.01 secs] 
2016-09-24T00:22:14.671-0400: 301.910: [GC (Allocation Failure) [PSYoungGen: 131329K->85630K(175104K)] 402459K->357044K(699392K), 0.0306293 secs] [Times: user=0.35 sys=0.00, real=0.03 secs] 
2016-09-24T00:22:14.867-0400: 302.106: [GC (Allocation Failure) [PSYoungGen: 170205K->18904K(175104K)] 441620K->320953K(699392K), 0.0184876 secs] [Times: user=0.17 sys=0.00, real=0.02 secs] 
2016-09-24T00:22:15.054-0400: 302.294: [GC (GCLocker Initiated GC) [PSYoungGen: 101679K->36834K(175104K)] 409803K->345428K(699392K), 0.0095205 secs] [Times: user=0.08 sys=0.00, real=0.01 secs] 
2016-09-24T00:22:15.223-0400: 302.462: [GC (GCLocker Initiated GC) [PSYoungGen: 124898K->73644K(175104K)] 433500K->382364K(699392K), 0.0072246 secs] [Times: user=0.07 sys=0.00, real=0.00 secs] 
2016-09-24T00:22:15.383-0400: 302.622: [GC (Allocation Failure) [PSYoungGen: 161708K->61266K(175104K)] 470610K->370435K(699392K), 0.0375329 secs] [Times: user=0.37 sys=0.01, real=0.03 secs] 
2016-09-24T00:22:15.599-0400: 302.838: [GC (GCLocker Initiated GC) [PSYoungGen: 148524K->55515K(175104K)] 463769K->370854K(699392K), 0.0082765 secs] [Times: user=0.07 sys=0.00, real=0.01 secs] 
2016-09-24T00:22:15.756-0400: 302.996: [GC (GCLocker Initiated GC) [PSYoungGen: 143579K->73576K(175104K)] 465041K->395353K(699392K), 0.0091754 secs] [Times: user=0.12 sys=0.00, real=0.01 secs] 
2016-09-24T00:22:15.963-0400: 303.203: [GC (GCLocker Initiated GC) [PSYoungGen: 161640K->73640K(175104K)] 483465K->420057K(699392K), 0.0128597 secs] [Times: user=0.10 sys=0.00, real=0.01 secs] 
2016-09-24T00:22:16.138-0400: 303.377: [GC (Allocation Failure) [PSYoungGen: 161704K->55383K(175104K)] 514947K->439316K(699392K), 0.0166497 secs] [Times: user=0.19 sys=0.00, real=0.02 secs] 
2016-09-24T00:22:16.321-0400: 303.560: [GC (GCLocker Initiated GC) [PSYoungGen: 142556K->37293K(175104K)] 532565K->427390K(699392K), 0.0149919 secs] [Times: user=0.14 sys=0.00, real=0.02 secs] 
2016-09-24T00:22:16.512-0400: 303.752: [GC (Allocation Failure) [PSYoungGen: 125357K->73352K(175104K)] 515524K->463925K(699392K), 0.0208408 secs] [Times: user=0.18 sys=0.00, real=0.02 secs] 
2016-09-24T00:22:16.717-0400: 303.956: [GC (GCLocker Initiated GC) [PSYoungGen: 156924K->43041K(175104K)] 553572K->476446K(699392K), 0.0142494 secs] [Times: user=0.14 sys=0.00, real=0.01 secs] 
2016-09-24T00:22:16.906-0400: 304.146: [GC (GCLocker Initiated GC) [PSYoungGen: 131105K->61234K(175104K)] 570717K->501121K(699392K), 0.0164637 secs] [Times: user=0.14 sys=0.00, real=0.02 secs] 
2016-09-24T00:22:17.083-0400: 304.323: [GC (GCLocker Initiated GC) [PSYoungGen: 149298K->55419K(175104K)] 595431K->544352K(699392K), 0.0308616 secs] [Times: user=0.29 sys=0.00, real=0.03 secs] 
2016-09-24T00:22:17.114-0400: 304.354: [Full GC (Ergonomics) [PSYoungGen: 55419K->0K(175104K)] [ParOldGen: 488933K->49420K(524288K)] 544352K->49420K(699392K), [Metaspace: 44657K->44657K(1087488K)], 0.0565528 secs] [Times: user=0.29 sys=0.01, real=0.05 secs] 
2016-09-24T00:22:17.381-0400: 304.620: [GC (Allocation Failure) [PSYoungGen: 88064K->85890K(175104K)] 143601K->165727K(699392K), 0.0142673 secs] [Times: user=0.14 sys=0.01, real=0.02 secs] 
2016-09-24T00:22:17.570-0400: 304.810: [GC (GCLocker Initiated GC) [PSYoungGen: 173954K->49440K(175104K)] 253797K->165976K(699392K), 0.0088691 secs] [Times: user=0.07 sys=0.00, real=0.01 secs] 
2016-09-24T00:22:17.773-0400: 305.013: [GC (GCLocker Initiated GC) [PSYoungGen: 137504K->79327K(175104K)] 254099K->196181K(699392K), 0.0384616 secs] [Times: user=0.38 sys=0.00, real=0.04 secs] 
2016-09-24T00:22:17.980-0400: 305.219: [GC (GCLocker Initiated GC) [PSYoungGen: 167391K->55451K(175104K)] 290325K->202805K(699392K), 0.0191568 secs] [Times: user=0.22 sys=0.00, real=0.02 secs] 
2016-09-24T00:22:18.187-0400: 305.426: [GC (GCLocker Initiated GC) [PSYoungGen: 143515K->73776K(175104K)] 290983K->221487K(699392K), 0.0066786 secs] [Times: user=0.05 sys=0.00, real=0.00 secs] 
2016-09-24T00:22:18.356-0400: 305.596: [GC (GCLocker Initiated GC) [PSYoungGen: 161840K->85926K(175104K)] 309745K->234082K(699392K), 0.0159820 secs] [Times: user=0.17 sys=0.00, real=0.01 secs] 
2016-09-24T00:22:18.568-0400: 305.808: [GC (GCLocker Initiated GC) [PSYoungGen: 173990K->85954K(175104K)] 328375K->283328K(699392K), 0.0104545 secs] [Times: user=0.13 sys=0.00, real=0.01 secs] 
2016-09-24T00:22:18.744-0400: 305.983: [GC (GCLocker Initiated GC) [PSYoungGen: 174018K->61590K(175104K)] 371562K->289792K(699392K), 0.0118976 secs] [Times: user=0.12 sys=0.00, real=0.01 secs] 
2016-09-24T00:22:18.914-0400: 306.153: [GC (GCLocker Initiated GC) [PSYoungGen: 149654K->55127K(175104K)] 378168K->284056K(699392K), 0.0104797 secs] [Times: user=0.09 sys=0.01, real=0.02 secs] 
2016-09-24T00:22:19.100-0400: 306.339: [GC (GCLocker Initiated GC) [PSYoungGen: 143191K->73480K(175104K)] 372481K->302850K(699392K), 0.0085686 secs] [Times: user=0.07 sys=0.00, real=0.01 secs] 
2016-09-24T00:22:19.295-0400: 306.534: [GC (GCLocker Initiated GC) [PSYoungGen: 161544K->85498K(175104K)] 390938K->314996K(699392K), 0.0095547 secs] [Times: user=0.08 sys=0.00, real=0.01 secs] 
2016-09-24T00:22:19.438-0400: 306.677: [GC (GCLocker Initiated GC) [PSYoungGen: 173562K->85922K(175104K)] 403219K->358248K(699392K), 0.0311209 secs] [Times: user=0.42 sys=0.00, real=0.03 secs] 
2016-09-24T00:22:19.637-0400: 306.876: [GC (GCLocker Initiated GC) [PSYoungGen: 173986K->85726K(175104K)] 446499K->395152K(699392K), 0.0116635 secs] [Times: user=0.16 sys=0.00, real=0.01 secs] 
2016-09-24T00:22:19.802-0400: 307.042: [GC (Allocation Failure) [PSYoungGen: 173790K->49180K(175104K)] 483521K->383299K(699392K), 0.0099435 secs] [Times: user=0.07 sys=0.00, real=0.00 secs] 
2016-09-24T00:22:19.992-0400: 307.232: [GC (GCLocker Initiated GC) [PSYoungGen: 137244K->61462K(175104K)] 471364K->401916K(699392K), 0.0083077 secs] [Times: user=0.08 sys=0.00, real=0.01 secs] 
2016-09-24T00:22:20.196-0400: 307.435: [GC (GCLocker Initiated GC) [PSYoungGen: 149526K->55551K(175104K)] 496237K->402521K(699392K), 0.0106339 secs] [Times: user=0.09 sys=0.00, real=0.01 secs] 
2016-09-24T00:22:20.402-0400: 307.641: [GC (Allocation Failure) [PSYoungGen: 143615K->43205K(175104K)] 497010K->396704K(699392K), 0.0148493 secs] [Times: user=0.14 sys=0.00, real=0.02 secs] 
2016-09-24T00:22:20.542-0400: 307.781: [GC (GCLocker Initiated GC) [PSYoungGen: 126664K->55906K(175104K)] 486238K->415772K(699392K), 0.0106325 secs] [Times: user=0.14 sys=0.00, real=0.01 secs] 
2016-09-24T00:22:20.736-0400: 307.976: [GC (Allocation Failure) [PSYoungGen: 143970K->43333K(175104K)] 510048K->409709K(699392K), 0.0063526 secs] [Times: user=0.06 sys=0.00, real=0.01 secs] 
2016-09-24T00:22:20.926-0400: 308.165: [GC (Allocation Failure) [PSYoungGen: 131338K->37062K(175104K)] 497715K->422094K(699392K), 0.0137203 secs] [Times: user=0.11 sys=0.00, real=0.01 secs] 
2016-09-24T00:22:21.076-0400: 308.315: [GC (GCLocker Initiated GC) [PSYoungGen: 125126K->79719K(175104K)] 510158K->465035K(699392K), 0.0215331 secs] [Times: user=0.23 sys=0.01, real=0.02 secs] 
2016-09-24T00:22:21.259-0400: 308.498: [GC (Allocation Failure) [PSYoungGen: 167783K->49180K(175104K)] 559238K->440894K(699392K), 0.0271787 secs] [Times: user=0.29 sys=0.01, real=0.03 secs] 
2016-09-24T00:22:21.480-0400: 308.720: [GC (GCLocker Initiated GC) [PSYoungGen: 131874K->36902K(175104K)] 529663K->447108K(699392K), 0.0151153 secs] [Times: user=0.14 sys=0.00, real=0.02 secs] 
2016-09-24T00:22:21.657-0400: 308.897: [GC (GCLocker Initiated GC) [PSYoungGen: 124966K->73512K(175104K)] 541496K->490317K(699392K), 0.0168433 secs] [Times: user=0.16 sys=0.01, real=0.01 secs] 
2016-09-24T00:22:21.812-0400: 309.051: [GC (GCLocker Initiated GC) [PSYoungGen: 161576K->55355K(175104K)] 578458K->472332K(699392K), 0.0128160 secs] [Times: user=0.10 sys=0.01, real=0.02 secs] 
2016-09-24T00:22:21.967-0400: 309.206: [GC (GCLocker Initiated GC) [PSYoungGen: 143419K->67505K(175104K)] 560505K->503215K(699392K), 0.0187086 secs] [Times: user=0.15 sys=0.00, real=0.02 secs] 
2016-09-24T00:22:22.173-0400: 309.412: [GC (GCLocker Initiated GC) [PSYoungGen: 155569K->18936K(175104K)] 609546K->521781K(699392K), 0.0073844 secs] [Times: user=0.07 sys=0.00, real=0.01 secs] 
2016-09-24T00:22:22.180-0400: 309.420: [Full GC (Ergonomics) [PSYoungGen: 18936K->0K(175104K)] [ParOldGen: 502844K->49507K(524288K)] 521781K->49507K(699392K), [Metaspace: 44657K->44657K(1087488K)], 0.0616621 secs] [Times: user=0.35 sys=0.00, real=0.06 secs] 
2016-09-24T00:22:22.419-0400: 309.658: [GC (Allocation Failure) [PSYoungGen: 88064K->55650K(175104K)] 143788K->111375K(699392K), 0.0214051 secs] [Times: user=0.23 sys=0.00, real=0.02 secs] 
2016-09-24T00:22:22.621-0400: 309.861: [GC (GCLocker Initiated GC) [PSYoungGen: 143714K->61362K(175104K)] 199444K->135740K(699392K), 0.0142708 secs] [Times: user=0.12 sys=0.01, real=0.02 secs] 
2016-09-24T00:22:22.817-0400: 310.056: [GC (GCLocker Initiated GC) [PSYoungGen: 149426K->67501K(175104K)] 224059K->142245K(699392K), 0.0073454 secs] [Times: user=0.06 sys=0.00, real=0.01 secs] 
2016-09-24T00:22:23.025-0400: 310.264: [GC (GCLocker Initiated GC) [PSYoungGen: 155565K->79423K(175104K)] 230351K->154468K(699392K), 0.0322404 secs] [Times: user=0.36 sys=0.00, real=0.03 secs] 
2016-09-24T00:22:23.214-0400: 310.454: [GC (GCLocker Initiated GC) [PSYoungGen: 167487K->73676K(175104K)] 248655K->191373K(699392K), 0.0171037 secs] [Times: user=0.18 sys=0.00, real=0.01 secs] 
2016-09-24T00:22:23.426-0400: 310.665: [GC (GCLocker Initiated GC) [PSYoungGen: 161740K->79847K(175104K)] 279648K->252697K(699392K), 0.0180590 secs] [Times: user=0.16 sys=0.00, real=0.02 secs] 
2016-09-24T00:22:23.605-0400: 310.844: [GC (GCLocker Initiated GC) [PSYoungGen: 167911K->55355K(175104K)] 340775K->258861K(699392K), 0.0144768 secs] [Times: user=0.14 sys=0.00, real=0.01 secs] 
2016-09-24T00:22:23.789-0400: 311.029: [GC (Allocation Failure) [PSYoungGen: 143419K->61558K(175104K)] 347280K->289987K(699392K), 0.0167831 secs] [Times: user=0.16 sys=0.00, real=0.02 secs] 
2016-09-24T00:22:24.002-0400: 311.241: [GC (GCLocker Initiated GC) [PSYoungGen: 149622K->67569K(175104K)] 378051K->296266K(699392K), 0.0077645 secs] [Times: user=0.08 sys=0.00, real=0.01 secs] 
2016-09-24T00:22:24.160-0400: 311.399: [GC (Allocation Failure) [PSYoungGen: 155633K->79587K(175104K)] 384371K->308577K(699392K), 0.0115344 secs] [Times: user=0.10 sys=0.00, real=0.01 secs] 
2016-09-24T00:22:24.337-0400: 311.576: [GC (GCLocker Initiated GC) [PSYoungGen: 167651K->42977K(175104K)] 396642K->290265K(699392K), 0.0136524 secs] [Times: user=0.10 sys=0.01, real=0.01 secs] 
2016-09-24T00:22:24.531-0400: 311.770: [GC (Allocation Failure) [PSYoungGen: 131041K->61366K(175104K)] 378684K->309088K(699392K), 0.0090572 secs] [Times: user=0.05 sys=0.00, real=0.01 secs] 
2016-09-24T00:22:24.706-0400: 311.946: [GC (GCLocker Initiated GC) [PSYoungGen: 149430K->42945K(175104K)] 397158K->290908K(699392K), 0.0214201 secs] [Times: user=0.20 sys=0.00, real=0.02 secs] 
2016-09-24T00:22:24.946-0400: 312.185: [GC (GCLocker Initiated GC) [PSYoungGen: 131009K->37325K(175104K)] 391472K->297869K(699392K), 0.0096117 secs] [Times: user=0.09 sys=0.01, real=0.01 secs] 
2016-09-24T00:22:25.114-0400: 312.354: [GC (GCLocker Initiated GC) [PSYoungGen: 125389K->55874K(175104K)] 392021K->322625K(699392K), 0.0074968 secs] [Times: user=0.09 sys=0.00, real=0.00 secs] 
2016-09-24T00:22:25.280-0400: 312.519: [GC (Allocation Failure) [PSYoungGen: 143938K->79715K(175104K)] 410781K->346896K(699392K), 0.0101703 secs] [Times: user=0.12 sys=0.00, real=0.01 secs] 
2016-09-24T00:22:25.412-0400: 312.651: [GC (GCLocker Initiated GC) [PSYoungGen: 164487K->43137K(175104K)] 437743K->353126K(699392K), 0.0324763 secs] [Times: user=0.35 sys=0.00, real=0.04 secs] 
2016-09-24T00:22:25.602-0400: 312.842: [GC (GCLocker Initiated GC) [PSYoungGen: 131201K->55387K(175104K)] 441383K->365681K(699392K), 0.0074886 secs] [Times: user=0.07 sys=0.00, real=0.00 secs] 
2016-09-24T00:22:25.777-0400: 313.017: [GC (GCLocker Initiated GC) [PSYoungGen: 143451K->67569K(175104K)] 453927K->378328K(699392K), 0.0141264 secs] [Times: user=0.13 sys=0.01, real=0.01 secs] 
2016-09-24T00:22:25.971-0400: 313.210: [GC (GCLocker Initiated GC) [PSYoungGen: 155633K->54963K(175104K)] 466416K->366021K(699392K), 0.0292990 secs] [Times: user=0.31 sys=0.00, real=0.03 secs] 
2016-09-24T00:22:26.149-0400: 313.389: [GC (GCLocker Initiated GC) [PSYoungGen: 143027K->43664K(175104K)] 460393K->379335K(699392K), 0.0143288 secs] [Times: user=0.11 sys=0.00, real=0.02 secs] 
2016-09-24T00:22:26.287-0400: 313.526: [GC (GCLocker Initiated GC) [PSYoungGen: 131728K->61330K(175104K)] 473527K->422120K(699392K), 0.0096694 secs] [Times: user=0.09 sys=0.00, real=0.01 secs] 
2016-09-24T00:22:26.431-0400: 313.670: [GC (Allocation Failure) [PSYoungGen: 149394K->55387K(143872K)] 510260K->440672K(668160K), 0.0166180 secs] [Times: user=0.16 sys=0.00, real=0.02 secs] 
2016-09-24T00:22:26.604-0400: 313.843: [GC (GCLocker Initiated GC) [PSYoungGen: 143451K->49212K(175104K)] 528741K->471400K(699392K), 0.0153475 secs] [Times: user=0.15 sys=0.00, real=0.01 secs] 
2016-09-24T00:22:26.810-0400: 314.050: [GC (GCLocker Initiated GC) [PSYoungGen: 138812K->18872K(173568K)] 579424K->459596K(697856K), 0.0047586 secs] [Times: user=0.05 sys=0.00, real=0.01 secs] 
2016-09-24T00:22:27.045-0400: 314.285: [GC (GCLocker Initiated GC) [PSYoungGen: 108472K->37130K(175104K)] 561628K->490537K(699392K), 0.0084788 secs] [Times: user=0.08 sys=0.00, real=0.00 secs] 
2016-09-24T00:22:27.211-0400: 314.450: [GC (GCLocker Initiated GC) [PSYoungGen: 125194K->61430K(175104K)] 584724K->521039K(699392K), 0.0080591 secs] [Times: user=0.07 sys=0.00, real=0.01 secs] 
2016-09-24T00:22:27.369-0400: 314.609: [GC (GCLocker Initiated GC) [PSYoungGen: 149494K->73512K(175104K)] 609122K->545581K(699392K), 0.0098042 secs] [Times: user=0.08 sys=0.00, real=0.01 secs] 
2016-09-24T00:22:27.556-0400: 314.795: [GC (GCLocker Initiated GC) [PSYoungGen: 161576K->73544K(175104K)] 633676K->588288K(699392K), 0.0194213 secs] [Times: user=0.21 sys=0.01, real=0.02 secs] 
2016-09-24T00:22:27.575-0400: 314.815: [Full GC (Ergonomics) [PSYoungGen: 73544K->0K(175104K)] [ParOldGen: 514744K->49861K(524288K)] 588288K->49861K(699392K), [Metaspace: 44661K->44661K(1087488K)], 0.0671903 secs] [Times: user=0.47 sys=0.00, real=0.07 secs] 
2016-09-24T00:22:27.795-0400: 315.034: [GC (Allocation Failure) [PSYoungGen: 88064K->86082K(175104K)] 137961K->135979K(699392K), 0.0129701 secs] [Times: user=0.13 sys=0.00, real=0.01 secs] 
2016-09-24T00:22:27.999-0400: 315.238: [GC (GCLocker Initiated GC) [PSYoungGen: 172662K->49376K(175104K)] 228635K->154604K(699392K), 0.0117622 secs] [Times: user=0.09 sys=0.00, real=0.01 secs] 
2016-09-24T00:22:28.172-0400: 315.411: [GC (GCLocker Initiated GC) [PSYoungGen: 137440K->55255K(175104K)] 248851K->166926K(699392K), 0.0118470 secs] [Times: user=0.12 sys=0.00, real=0.02 secs] 
2016-09-24T00:22:28.374-0400: 315.614: [GC (GCLocker Initiated GC) [PSYoungGen: 143319K->37194K(175104K)] 261180K->155323K(699392K), 0.0060103 secs] [Times: user=0.04 sys=0.00, real=0.00 secs] 
2016-09-24T00:22:28.544-0400: 315.784: [GC (GCLocker Initiated GC) [PSYoungGen: 125258K->37226K(175104K)] 255718K->186210K(699392K), 0.0218237 secs] [Times: user=0.25 sys=0.01, real=0.02 secs] 
2016-09-24T00:22:28.751-0400: 315.990: [GC (GCLocker Initiated GC) [PSYoungGen: 125290K->55775K(175104K)] 280480K->211225K(699392K), 0.0164085 secs] [Times: user=0.17 sys=0.00, real=0.02 secs] 
2016-09-24T00:22:28.956-0400: 316.196: [GC (GCLocker Initiated GC) [PSYoungGen: 143839K->85562K(175104K)] 299307K->241314K(699392K), 0.0087566 secs] [Times: user=0.09 sys=0.00, real=0.01 secs] 
2016-09-24T00:22:29.132-0400: 316.372: [GC (GCLocker Initiated GC) [PSYoungGen: 173620K->55387K(175104K)] 335803K->248064K(699392K), 0.0112970 secs] [Times: user=0.10 sys=0.00, real=0.02 secs] 
2016-09-24T00:22:29.321-0400: 316.560: [GC (GCLocker Initiated GC) [PSYoungGen: 143451K->55191K(175104K)] 342469K->254624K(699392K), 0.0351157 secs] [Times: user=0.37 sys=0.00, real=0.04 secs] 
2016-09-24T00:22:29.561-0400: 316.801: [GC (Allocation Failure) [PSYoungGen: 143255K->55711K(175104K)] 349102K->261669K(699392K), 0.0098868 secs] [Times: user=0.12 sys=0.00, real=0.01 secs] 
2016-09-24T00:22:29.738-0400: 316.978: [GC (GCLocker Initiated GC) [PSYoungGen: 143775K->55547K(173056K)] 349739K->261786K(697344K), 0.0071539 secs] [Times: user=0.06 sys=0.00, real=0.01 secs] 
2016-09-24T00:22:29.922-0400: 317.161: [GC (Allocation Failure) [PSYoungGen: 143611K->19228K(174080K)] 362422K->238355K(698368K), 0.0069154 secs] [Times: user=0.08 sys=0.00, real=0.01 secs] 
2016-09-24T00:22:30.064-0400: 317.303: [GC (GCLocker Initiated GC) [PSYoungGen: 101950K->55191K(175616K)] 327152K->280472K(699904K), 0.0090201 secs] [Times: user=0.09 sys=0.00, real=0.00 secs] 
2016-09-24T00:22:30.238-0400: 317.477: [GC (GCLocker Initiated GC) [PSYoungGen: 143767K->37094K(125952K)] 375332K->268786K(650240K), 0.0134637 secs] [Times: user=0.15 sys=0.00, real=0.01 secs] 
2016-09-24T00:22:30.444-0400: 317.683: [GC (GCLocker Initiated GC) [PSYoungGen: 125670K->18968K(173568K)] 375932K->269482K(697856K), 0.0113217 secs] [Times: user=0.11 sys=0.01, real=0.01 secs] 
2016-09-24T00:22:30.624-0400: 317.863: [GC (GCLocker Initiated GC) [PSYoungGen: 106520K->85626K(174592K)] 357311K->336739K(698880K), 0.0228211 secs] [Times: user=0.23 sys=0.00, real=0.02 secs] 
2016-09-24T00:22:30.812-0400: 318.052: [GC (GCLocker Initiated GC) [PSYoungGen: 173178K->43009K(175104K)] 424573K->324891K(699392K), 0.0100180 secs] [Times: user=0.07 sys=0.00, real=0.02 secs] 
2016-09-24T00:22:30.956-0400: 318.196: [GC (GCLocker Initiated GC) [PSYoungGen: 131073K->37258K(175104K)] 425454K->331923K(699392K), 0.0112324 secs] [Times: user=0.12 sys=0.00, real=0.01 secs] 
2016-09-24T00:22:31.117-0400: 318.356: [GC (GCLocker Initiated GC) [PSYoungGen: 125322K->55223K(175104K)] 420232K->350236K(699392K), 0.0078596 secs] [Times: user=0.06 sys=0.00, real=0.01 secs] 
2016-09-24T00:22:31.243-0400: 318.483: [GC (GCLocker Initiated GC) [PSYoungGen: 143287K->73708K(175104K)] 438437K->369165K(699392K), 0.0114759 secs] [Times: user=0.11 sys=0.00, real=0.01 secs] 
2016-09-24T00:22:31.440-0400: 318.679: [GC (GCLocker Initiated GC) [PSYoungGen: 161772K->43137K(175104K)] 463413K->363598K(699392K), 0.0083280 secs] [Times: user=0.07 sys=0.00, real=0.01 secs] 
2016-09-24T00:22:31.599-0400: 318.838: [GC (GCLocker Initiated GC) [PSYoungGen: 131201K->73580K(175104K)] 451710K->394176K(699392K), 0.0106667 secs] [Times: user=0.09 sys=0.00, real=0.01 secs] 
2016-09-24T00:22:31.799-0400: 319.039: [GC (GCLocker Initiated GC) [PSYoungGen: 161644K->36998K(175104K)] 494740K->400721K(699392K), 0.0238176 secs] [Times: user=0.24 sys=0.01, real=0.03 secs] 
2016-09-24T00:22:32.004-0400: 319.244: [GC (Allocation Failure) [PSYoungGen: 125062K->18805K(175104K)] 495421K->389259K(699392K), 0.0083409 secs] [Times: user=0.08 sys=0.01, real=0.00 secs] 
2016-09-24T00:22:32.190-0400: 319.430: [GC (Allocation Failure) [PSYoungGen: 102465K->18773K(175104K)] 472920K->389470K(699392K), 0.0262078 secs] [Times: user=0.25 sys=0.00, real=0.03 secs] 
2016-09-24T00:22:32.356-0400: 319.596: [GC (GCLocker Initiated GC) [PSYoungGen: 106837K->61266K(175104K)] 477540K->432212K(699392K), 0.0187470 secs] [Times: user=0.19 sys=0.00, real=0.02 secs] 
2016-09-24T00:22:32.533-0400: 319.773: [GC (GCLocker Initiated GC) [PSYoungGen: 149330K->55223K(175104K)] 526388K->432360K(699392K), 0.0224052 secs] [Times: user=0.24 sys=0.00, real=0.03 secs] 
2016-09-24T00:22:32.747-0400: 319.987: [GC (GCLocker Initiated GC) [PSYoungGen: 143287K->48952K(175104K)] 520466K->456798K(699392K), 0.0085013 secs] [Times: user=0.07 sys=0.00, real=0.01 secs] 
2016-09-24T00:22:32.912-0400: 320.151: [GC (GCLocker Initiated GC) [PSYoungGen: 137016K->55191K(175104K)] 544915K->481426K(699392K), 0.0135143 secs] [Times: user=0.11 sys=0.01, real=0.02 secs] 
2016-09-24T00:22:33.075-0400: 320.314: [GC (GCLocker Initiated GC) [PSYoungGen: 143255K->49440K(137728K)] 575618K->524416K(662016K), 0.0205309 secs] [Times: user=0.21 sys=0.00, real=0.02 secs] 
2016-09-24T00:22:33.096-0400: 320.335: [Full GC (Ergonomics) [PSYoungGen: 49440K->0K(137728K)] [ParOldGen: 474976K->49910K(524288K)] 524416K->49910K(662016K), [Metaspace: 44661K->44661K(1087488K)], 0.0706049 secs] [Times: user=0.50 sys=0.01, real=0.07 secs] 
2016-09-24T00:22:33.333-0400: 320.572: [GC (GCLocker Initiated GC) [PSYoungGen: 88064K->80299K(172032K)] 138335K->136645K(696320K), 0.0085744 secs] [Times: user=0.10 sys=0.00, real=0.01 secs] 
2016-09-24T00:22:33.490-0400: 320.729: [GC (GCLocker Initiated GC) [PSYoungGen: 166827K->67437K(173568K)] 223249K->161168K(697856K), 0.0122593 secs] [Times: user=0.12 sys=0.00, real=0.01 secs] 
2016-09-24T00:22:33.662-0400: 320.901: [GC (GCLocker Initiated GC) [PSYoungGen: 153965K->49176K(175104K)] 253813K->185757K(699392K), 0.0209912 secs] [Times: user=0.23 sys=0.00, real=0.03 secs] 
2016-09-24T00:22:33.826-0400: 321.066: [GC (GCLocker Initiated GC) [PSYoungGen: 137240K->49312K(175104K)] 279898K->222472K(699392K), 0.0127282 secs] [Times: user=0.11 sys=0.01, real=0.01 secs] 
2016-09-24T00:22:33.979-0400: 321.219: [GC (GCLocker Initiated GC) [PSYoungGen: 137376K->85694K(175104K)] 310859K->265527K(699392K), 0.0176143 secs] [Times: user=0.19 sys=0.00, real=0.02 secs] 
2016-09-24T00:22:34.162-0400: 321.402: [GC (GCLocker Initiated GC) [PSYoungGen: 173758K->73644K(175104K)] 359714K->259695K(699392K), 0.0344164 secs] [Times: user=0.33 sys=0.01, real=0.03 secs] 
2016-09-24T00:22:34.347-0400: 321.586: [GC (GCLocker Initiated GC) [PSYoungGen: 161708K->68024K(175104K)] 353904K->266587K(699392K), 0.0098289 secs] [Times: user=0.11 sys=0.00, real=0.01 secs] 
2016-09-24T00:22:34.516-0400: 321.755: [GC (GCLocker Initiated GC) [PSYoungGen: 156088K->85498K(175104K)] 354726K->314810K(699392K), 0.0099251 secs] [Times: user=0.06 sys=0.02, real=0.01 secs] 
2016-09-24T00:22:34.660-0400: 321.900: [GC (GCLocker Initiated GC) [PSYoungGen: 173562K->73576K(175104K)] 403229K->345904K(699392K), 0.0205116 secs] [Times: user=0.23 sys=0.00, real=0.02 secs] 
2016-09-24T00:22:34.860-0400: 322.100: [GC (GCLocker Initiated GC) [PSYoungGen: 161640K->55287K(175104K)] 440151K->334057K(699392K), 0.0214342 secs] [Times: user=0.23 sys=0.00, real=0.02 secs] 
2016-09-24T00:22:35.084-0400: 322.323: [GC (Allocation Failure) [PSYoungGen: 143351K->67209K(175104K)] 422225K->346350K(699392K), 0.0283008 secs] [Times: user=0.32 sys=0.00, real=0.02 secs] 
2016-09-24T00:22:35.267-0400: 322.507: [GC (GCLocker Initiated GC) [PSYoungGen: 153107K->55419K(175104K)] 438323K->383296K(699392K), 0.0213851 secs] [Times: user=0.23 sys=0.00, real=0.02 secs] 
2016-09-24T00:22:35.498-0400: 322.737: [GC (GCLocker Initiated GC) [PSYoungGen: 143483K->79651K(175104K)] 477622K->414206K(699392K), 0.0114928 secs] [Times: user=0.11 sys=0.01, real=0.01 secs] 
2016-09-24T00:22:35.681-0400: 322.920: [GC (Allocation Failure) [PSYoungGen: 167715K->49376K(175104K)] 502603K->420825K(699392K), 0.0091912 secs] [Times: user=0.08 sys=0.00, real=0.01 secs] 
2016-09-24T00:22:35.886-0400: 323.125: [GC (GCLocker Initiated GC) [PSYoungGen: 137440K->55187K(175104K)] 508889K->427067K(699392K), 0.0094949 secs] [Times: user=0.11 sys=0.00, real=0.01 secs] 
2016-09-24T00:22:36.048-0400: 323.288: [GC (GCLocker Initiated GC) [PSYoungGen: 143251K->55515K(175104K)] 515138K->427521K(699392K), 0.0106609 secs] [Times: user=0.12 sys=0.00, real=0.01 secs] 
2016-09-24T00:22:36.213-0400: 323.453: [GC (Allocation Failure) [PSYoungGen: 143579K->61722K(175104K)] 521847K->440306K(699392K), 0.0092344 secs] [Times: user=0.14 sys=0.00, real=0.02 secs] 
2016-09-24T00:22:36.355-0400: 323.595: [GC (GCLocker Initiated GC) [PSYoungGen: 149786K->73672K(175104K)] 528375K->495110K(699392K), 0.0136215 secs] [Times: user=0.17 sys=0.00, real=0.01 secs] 
2016-09-24T00:22:36.528-0400: 323.768: [GC (GCLocker Initiated GC) [PSYoungGen: 161736K->67537K(175104K)] 583249K->507378K(699392K), 0.0263937 secs] [Times: user=0.26 sys=0.01, real=0.03 secs] 
2016-09-24T00:22:36.719-0400: 323.958: [GC (GCLocker Initiated GC) [PSYoungGen: 155601K->55451K(175104K)] 595652K->526160K(699392K), 0.0156343 secs] [Times: user=0.16 sys=0.00, real=0.02 secs] 
2016-09-24T00:22:36.735-0400: 323.974: [Full GC (Ergonomics) [PSYoungGen: 55451K->0K(175104K)] [ParOldGen: 470709K->49865K(524288K)] 526160K->49865K(699392K), [Metaspace: 44674K->44674K(1087488K)], 0.0569394 secs] [Times: user=0.31 sys=0.00, real=0.05 secs] 
2016-09-24T00:22:36.978-0400: 324.217: [GC (GCLocker Initiated GC) [PSYoungGen: 88064K->79943K(175104K)] 137970K->129849K(699392K), 0.0104921 secs] [Times: user=0.06 sys=0.00, real=0.01 secs] 
2016-09-24T00:22:37.158-0400: 324.397: [GC (GCLocker Initiated GC) [PSYoungGen: 168007K->73772K(175104K)] 217915K->166932K(699392K), 0.0129750 secs] [Times: user=0.15 sys=0.00, real=0.01 secs] 
2016-09-24T00:22:37.333-0400: 324.572: [GC (GCLocker Initiated GC) [PSYoungGen: 161836K->74100K(175104K)] 254999K->167547K(699392K), 0.0105693 secs] [Times: user=0.12 sys=0.00, real=0.02 secs] 
2016-09-24T00:22:37.537-0400: 324.776: [GC (GCLocker Initiated GC) [PSYoungGen: 162164K->85530K(175104K)] 255731K->191563K(699392K), 0.0101610 secs] [Times: user=0.10 sys=0.00, real=0.01 secs] 
2016-09-24T00:22:37.683-0400: 324.922: [GC (Allocation Failure) [PSYoungGen: 173594K->61718K(175104K)] 279971K->216870K(699392K), 0.0105044 secs] [Times: user=0.13 sys=0.00, real=0.00 secs] 
2016-09-24T00:22:37.877-0400: 325.117: [GC (GCLocker Initiated GC) [PSYoungGen: 149777K->73804K(175104K)] 304935K->229245K(699392K), 0.0140733 secs] [Times: user=0.19 sys=0.01, real=0.01 secs] 
2016-09-24T00:22:38.297-0400: 325.536: [GC (Allocation Failure) [PSYoungGen: 161868K->512K(175104K)] 323442K->180562K(699392K), 0.0101246 secs] [Times: user=0.11 sys=0.00, real=0.01 secs] 
2016-09-24T00:22:38.847-0400: 326.086: [GC (Allocation Failure) [PSYoungGen: 88576K->18737K(175104K)] 268626K->198994K(699392K), 0.0060986 secs] [Times: user=0.04 sys=0.00, real=0.00 secs] 
