Java HotSpot(TM) 64-Bit Server VM (25.101-b13) for linux-amd64 JRE (1.8.0_101-b13), built on Jun 22 2016 02:59:44 by "java_re" with gcc 4.3.0 20080428 (Red Hat 4.3.0-8)
Memory: 4k page, physical 264122320k(171797944k free), swap 268399612k(268399612k free)
CommandLine flags: -XX:GCLogFileSize=1048576 -XX:+HeapDumpOnOutOfMemoryError -XX:HeapDumpPath=artifacts/heapdump -XX:InitialHeapSize=805306368 -XX:MaxHeapSize=805306368 -XX:NumberOfGCLogFiles=10 -XX:+PrintGC -XX:+PrintGCDateStamps -XX:+PrintGCDetails -XX:+PrintGCTimeStamps -XX:+UseCompressedClassPointers -XX:+UseCompressedOops -XX:+UseGCLogFileRotation -XX:+UseParallelGC 
2016-09-24T04:17:02.432-0400: 2.217: [GC (Metadata GC Threshold) [PSYoungGen: 125830K->15594K(229376K)] 125830K->15682K(753664K), 0.0359177 secs] [Times: user=0.31 sys=0.03, real=0.04 secs] 
2016-09-24T04:17:02.468-0400: 2.253: [Full GC (Metadata GC Threshold) [PSYoungGen: 15594K->0K(229376K)] [ParOldGen: 88K->14600K(315904K)] 15682K->14600K(545280K), [Metaspace: 21083K->21083K(1067008K)], 0.0398177 secs] [Times: user=0.35 sys=0.02, real=0.04 secs] 
2016-09-24T04:17:04.169-0400: 3.954: [GC (Metadata GC Threshold) [PSYoungGen: 123383K->15475K(229376K)] 137984K->30212K(545280K), 0.0188463 secs] [Times: user=0.17 sys=0.02, real=0.02 secs] 
2016-09-24T04:17:04.188-0400: 3.973: [Full GC (Metadata GC Threshold) [PSYoungGen: 15475K->0K(229376K)] [ParOldGen: 14736K->20915K(517632K)] 30212K->20915K(747008K), [Metaspace: 35073K->35073K(1079296K)], 0.0533418 secs] [Times: user=0.52 sys=0.00, real=0.05 secs] 
2016-09-24T04:17:05.973-0400: 5.758: [GC (GCLocker Initiated GC) [PSYoungGen: 194407K->32741K(229376K)] 218022K->58734K(747008K), 0.0101558 secs] [Times: user=0.13 sys=0.00, real=0.02 secs] 
2016-09-24T04:17:06.229-0400: 6.014: [GC (GCLocker Initiated GC) [PSYoungGen: 229349K->32752K(229376K)] 255587K->115004K(747008K), 0.0105842 secs] [Times: user=0.12 sys=0.01, real=0.01 secs] 
2016-09-24T04:17:06.337-0400: 6.122: [GC (GCLocker Initiated GC) [PSYoungGen: 229360K->32743K(229376K)] 318476K->162980K(747008K), 0.0109561 secs] [Times: user=0.12 sys=0.03, real=0.01 secs] 
2016-09-24T04:17:06.425-0400: 6.210: [GC (GCLocker Initiated GC) [PSYoungGen: 229351K->32763K(120832K)] 362371K->221522K(638464K), 0.0180698 secs] [Times: user=0.16 sys=0.03, real=0.02 secs] 
2016-09-24T04:17:06.488-0400: 6.273: [GC (GCLocker Initiated GC) [PSYoungGen: 120827K->85882K(175104K)] 309653K->285516K(692736K), 0.0092685 secs] [Times: user=0.16 sys=0.00, real=0.01 secs] 
2016-09-24T04:17:06.537-0400: 6.323: [GC (GCLocker Initiated GC) [PSYoungGen: 173946K->86475K(175104K)] 384505K->321106K(692736K), 0.0107171 secs] [Times: user=0.13 sys=0.07, real=0.01 secs] 
2016-09-24T04:17:06.598-0400: 6.384: [GC (GCLocker Initiated GC) [PSYoungGen: 174539K->68453K(175104K)] 411948K->328040K(692736K), 0.0080553 secs] [Times: user=0.12 sys=0.01, real=0.01 secs] 
2016-09-24T04:17:06.643-0400: 6.428: [GC (GCLocker Initiated GC) [PSYoungGen: 156517K->84649K(175104K)] 420247K->398755K(692736K), 0.0097233 secs] [Times: user=0.14 sys=0.04, real=0.00 secs] 
2016-09-24T04:17:06.699-0400: 6.484: [GC (GCLocker Initiated GC) [PSYoungGen: 172713K->49435K(175104K)] 501868K->441117K(692736K), 0.0112582 secs] [Times: user=0.14 sys=0.04, real=0.01 secs] 
2016-09-24T04:17:06.747-0400: 6.532: [GC (GCLocker Initiated GC) [PSYoungGen: 137499K->54832K(175104K)] 536065K->482048K(692736K), 0.0079674 secs] [Times: user=0.09 sys=0.02, real=0.01 secs] 
2016-09-24T04:17:06.793-0400: 6.578: [GC (GCLocker Initiated GC) [PSYoungGen: 142896K->52071K(175104K)] 586666K->517750K(692736K), 0.0079235 secs] [Times: user=0.07 sys=0.04, real=0.01 secs] 
2016-09-24T04:17:06.801-0400: 6.586: [Full GC (Ergonomics) [PSYoungGen: 52071K->0K(175104K)] [ParOldGen: 465679K->81744K(524288K)] 517750K->81744K(699392K), [Metaspace: 42825K->42805K(1085440K)], 0.1853926 secs] [Times: user=2.54 sys=0.11, real=0.19 secs] 
2016-09-24T04:17:07.041-0400: 6.826: [GC (GCLocker Initiated GC) [PSYoungGen: 88064K->62964K(175104K)] 176679K->151588K(699392K), 0.0069966 secs] [Times: user=0.11 sys=0.00, real=0.01 secs] 
2016-09-24T04:17:07.079-0400: 6.864: [GC (GCLocker Initiated GC) [PSYoungGen: 151028K->72432K(175104K)] 246533K->194016K(699392K), 0.0072216 secs] [Times: user=0.10 sys=0.00, real=0.01 secs] 
2016-09-24T04:17:07.125-0400: 6.910: [GC (GCLocker Initiated GC) [PSYoungGen: 160496K->61585K(175104K)] 283534K->209321K(699392K), 0.0090558 secs] [Times: user=0.11 sys=0.04, real=0.00 secs] 
2016-09-24T04:17:07.163-0400: 6.948: [GC (GCLocker Initiated GC) [PSYoungGen: 149649K->68237K(175104K)] 297593K->229975K(699392K), 0.0078894 secs] [Times: user=0.08 sys=0.01, real=0.00 secs] 
2016-09-24T04:17:07.207-0400: 6.992: [GC (GCLocker Initiated GC) [PSYoungGen: 156301K->53436K(175104K)] 325058K->254970K(699392K), 0.0076133 secs] [Times: user=0.09 sys=0.01, real=0.01 secs] 
2016-09-24T04:17:07.250-0400: 7.035: [GC (GCLocker Initiated GC) [PSYoungGen: 141500K->65504K(175104K)] 348586K->291802K(699392K), 0.0099335 secs] [Times: user=0.15 sys=0.00, real=0.01 secs] 
2016-09-24T04:17:07.292-0400: 7.077: [GC (GCLocker Initiated GC) [PSYoungGen: 153568K->57614K(175104K)] 382738K->322170K(699392K), 0.0066455 secs] [Times: user=0.11 sys=0.00, real=0.01 secs] 
2016-09-24T04:17:07.336-0400: 7.121: [GC (GCLocker Initiated GC) [PSYoungGen: 145678K->49499K(175104K)] 415742K->336162K(699392K), 0.0067402 secs] [Times: user=0.08 sys=0.00, real=0.01 secs] 
2016-09-24T04:17:07.383-0400: 7.168: [GC (GCLocker Initiated GC) [PSYoungGen: 137563K->49403K(175104K)] 432505K->379859K(699392K), 0.0083644 secs] [Times: user=0.10 sys=0.01, real=0.00 secs] 
2016-09-24T04:17:07.421-0400: 7.206: [GC (GCLocker Initiated GC) [PSYoungGen: 137467K->81978K(175104K)] 473523K->427862K(699392K), 0.0081072 secs] [Times: user=0.12 sys=0.01, real=0.01 secs] 
2016-09-24T04:17:07.465-0400: 7.250: [GC (GCLocker Initiated GC) [PSYoungGen: 170042K->53499K(175104K)] 516000K->430935K(699392K), 0.0073874 secs] [Times: user=0.09 sys=0.00, real=0.00 secs] 
2016-09-24T04:17:07.503-0400: 7.288: [GC (Allocation Failure) [PSYoungGen: 141563K->65760K(175104K)] 528637K->489667K(699392K), 0.0081384 secs] [Times: user=0.12 sys=0.01, real=0.00 secs] 
2016-09-24T04:17:07.550-0400: 7.335: [GC (GCLocker Initiated GC) [PSYoungGen: 153824K->71096K(175104K)] 577746K->517064K(699392K), 0.0078136 secs] [Times: user=0.10 sys=0.01, real=0.01 secs] 
2016-09-24T04:17:07.590-0400: 7.375: [GC (GCLocker Initiated GC) [PSYoungGen: 159160K->48082K(175104K)] 605315K->526984K(699392K), 0.0072896 secs] [Times: user=0.07 sys=0.02, real=0.01 secs] 
2016-09-24T04:17:07.597-0400: 7.383: [Full GC (Ergonomics) [PSYoungGen: 48082K->0K(175104K)] [ParOldGen: 478901K->71594K(524288K)] 526984K->71594K(699392K), [Metaspace: 42956K->42956K(1085440K)], 0.0546206 secs] [Times: user=0.60 sys=0.00, real=0.05 secs] 
2016-09-24T04:17:07.687-0400: 7.472: [GC (GCLocker Initiated GC) [PSYoungGen: 88064K->56298K(175104K)] 170520K->138763K(699392K), 0.0220577 secs] [Times: user=0.28 sys=0.00, real=0.02 secs] 
2016-09-24T04:17:07.749-0400: 7.534: [GC (GCLocker Initiated GC) [PSYoungGen: 144362K->49275K(175104K)] 228221K->159343K(699392K), 0.0073539 secs] [Times: user=0.07 sys=0.00, real=0.01 secs] 
2016-09-24T04:17:07.787-0400: 7.572: [GC (GCLocker Initiated GC) [PSYoungGen: 137339K->75068K(175104K)] 247568K->204537K(699392K), 0.0165070 secs] [Times: user=0.24 sys=0.00, real=0.02 secs] 
2016-09-24T04:17:07.840-0400: 7.625: [GC (GCLocker Initiated GC) [PSYoungGen: 163132K->38556K(175104K)] 297768K->209957K(699392K), 0.0154310 secs] [Times: user=0.20 sys=0.02, real=0.02 secs] 
2016-09-24T04:17:07.879-0400: 7.665: [GC (GCLocker Initiated GC) [PSYoungGen: 126620K->34407K(175104K)] 300879K->246860K(699392K), 0.0074738 secs] [Times: user=0.08 sys=0.00, real=0.01 secs] 
2016-09-24T04:17:07.925-0400: 7.711: [GC (GCLocker Initiated GC) [PSYoungGen: 122471K->53371K(175104K)] 337762K->305452K(699392K), 0.0099266 secs] [Times: user=0.10 sys=0.01, real=0.01 secs] 
2016-09-24T04:17:07.966-0400: 7.751: [GC (GCLocker Initiated GC) [PSYoungGen: 141435K->68414K(175104K)] 401744K->356076K(699392K), 0.0130550 secs] [Times: user=0.15 sys=0.00, real=0.01 secs] 
2016-09-24T04:17:08.018-0400: 7.803: [GC (GCLocker Initiated GC) [PSYoungGen: 156478K->57372K(175104K)] 452397K->369953K(699392K), 0.0076402 secs] [Times: user=0.07 sys=0.00, real=0.01 secs] 
2016-09-24T04:17:08.059-0400: 7.844: [GC (GCLocker Initiated GC) [PSYoungGen: 145436K->61535K(175104K)] 458054K->406889K(699392K), 0.0087677 secs] [Times: user=0.09 sys=0.00, real=0.01 secs] 
2016-09-24T04:17:08.097-0400: 7.882: [GC (GCLocker Initiated GC) [PSYoungGen: 149599K->73947K(175104K)] 508568K->449440K(699392K), 0.0097814 secs] [Times: user=0.10 sys=0.01, real=0.01 secs] 
2016-09-24T04:17:08.152-0400: 7.937: [GC (GCLocker Initiated GC) [PSYoungGen: 162011K->49481K(175104K)] 544362K->480840K(699392K), 0.0079535 secs] [Times: user=0.11 sys=0.00, real=0.01 secs] 
2016-09-24T04:17:08.188-0400: 7.973: [GC (GCLocker Initiated GC) [PSYoungGen: 137545K->83232K(175104K)] 569037K->533942K(699392K), 0.0079027 secs] [Times: user=0.13 sys=0.00, real=0.01 secs] 
2016-09-24T04:17:08.233-0400: 8.018: [GC (GCLocker Initiated GC) [PSYoungGen: 171296K->57596K(175104K)] 627481K->558711K(699392K), 0.0084987 secs] [Times: user=0.12 sys=0.01, real=0.01 secs] 
2016-09-24T04:17:08.242-0400: 8.027: [Full GC (Ergonomics) [PSYoungGen: 57596K->0K(175104K)] [ParOldGen: 501114K->82012K(524288K)] 558711K->82012K(699392K), [Metaspace: 43084K->43084K(1085440K)], 0.0439826 secs] [Times: user=0.39 sys=0.00, real=0.05 secs] 
2016-09-24T04:17:08.318-0400: 8.103: [GC (GCLocker Initiated GC) [PSYoungGen: 88064K->84739K(175104K)] 171609K->168292K(699392K), 0.0067077 secs] [Times: user=0.11 sys=0.00, real=0.01 secs] 
2016-09-24T04:17:08.357-0400: 8.142: [GC (GCLocker Initiated GC) [PSYoungGen: 172803K->65845K(175104K)] 270032K->183873K(699392K), 0.0064961 secs] [Times: user=0.09 sys=0.01, real=0.01 secs] 
2016-09-24T04:17:08.402-0400: 8.187: [GC (GCLocker Initiated GC) [PSYoungGen: 153909K->57635K(175104K)] 277426K->208791K(699392K), 0.0068804 secs] [Times: user=0.09 sys=0.00, real=0.01 secs] 
2016-09-24T04:17:08.442-0400: 8.227: [GC (GCLocker Initiated GC) [PSYoungGen: 145699K->72627K(175104K)] 302407K->254118K(699392K), 0.0072754 secs] [Times: user=0.12 sys=0.00, real=0.01 secs] 
2016-09-24T04:17:08.485-0400: 8.271: [GC (GCLocker Initiated GC) [PSYoungGen: 160691K->63066K(175104K)] 345038K->292641K(699392K), 0.0070364 secs] [Times: user=0.10 sys=0.00, real=0.00 secs] 
2016-09-24T04:17:08.531-0400: 8.316: [GC (GCLocker Initiated GC) [PSYoungGen: 151130K->62045K(175104K)] 388913K->323253K(699392K), 0.0073196 secs] [Times: user=0.11 sys=0.00, real=0.01 secs] 
2016-09-24T04:17:08.573-0400: 8.358: [GC (GCLocker Initiated GC) [PSYoungGen: 150109K->72626K(175104K)] 418189K->355025K(699392K), 0.0067251 secs] [Times: user=0.11 sys=0.00, real=0.01 secs] 
2016-09-24T04:17:08.616-0400: 8.401: [GC (GCLocker Initiated GC) [PSYoungGen: 160690K->63098K(175104K)] 452667K->400221K(699392K), 0.0072748 secs] [Times: user=0.12 sys=0.00, real=0.01 secs] 
2016-09-24T04:17:08.654-0400: 8.439: [GC (GCLocker Initiated GC) [PSYoungGen: 151162K->84744K(175104K)] 491212K->444196K(699392K), 0.0080771 secs] [Times: user=0.13 sys=0.01, real=0.01 secs] 
2016-09-24T04:17:08.695-0400: 8.481: [GC (GCLocker Initiated GC) [PSYoungGen: 172808K->59034K(175104K)] 532305K->458318K(699392K), 0.0075034 secs] [Times: user=0.12 sys=0.00, real=0.01 secs] 
2016-09-24T04:17:08.729-0400: 8.515: [GC (GCLocker Initiated GC) [PSYoungGen: 147098K->56522K(175104K)] 547242K->482864K(699392K), 0.0065076 secs] [Times: user=0.09 sys=0.00, real=0.01 secs] 
2016-09-24T04:17:08.769-0400: 8.554: [GC (GCLocker Initiated GC) [PSYoungGen: 144586K->55112K(175104K)] 573740K->512059K(699392K), 0.0075681 secs] [Times: user=0.09 sys=0.01, real=0.01 secs] 
2016-09-24T04:17:08.807-0400: 8.592: [GC (GCLocker Initiated GC) [PSYoungGen: 143176K->66051K(175104K)] 600168K->553395K(699392K), 0.0076895 secs] [Times: user=0.12 sys=0.01, real=0.01 secs] 
2016-09-24T04:17:08.815-0400: 8.600: [Full GC (Ergonomics) [PSYoungGen: 66051K->0K(175104K)] [ParOldGen: 487344K->79409K(524288K)] 553395K->79409K(699392K), [Metaspace: 43188K->43188K(1085440K)], 0.0450444 secs] [Times: user=0.36 sys=0.00, real=0.04 secs] 
2016-09-24T04:17:08.900-0400: 8.685: [GC (GCLocker Initiated GC) [PSYoungGen: 88064K->83573K(175104K)] 171587K->167096K(699392K), 0.0069023 secs] [Times: user=0.09 sys=0.00, real=0.01 secs] 
2016-09-24T04:17:08.933-0400: 8.718: [GC (GCLocker Initiated GC) [PSYoungGen: 171637K->74009K(175104K)] 257908K->196159K(699392K), 0.0078113 secs] [Times: user=0.11 sys=0.00, real=0.01 secs] 
2016-09-24T04:17:08.980-0400: 8.765: [GC (GCLocker Initiated GC) [PSYoungGen: 162073K->48262K(175104K)] 291135K->209011K(699392K), 0.0073281 secs] [Times: user=0.08 sys=0.01, real=0.01 secs] 
2016-09-24T04:17:09.017-0400: 8.802: [GC (GCLocker Initiated GC) [PSYoungGen: 136326K->63258K(175104K)] 297332K->256038K(699392K), 0.0083922 secs] [Times: user=0.08 sys=0.00, real=0.01 secs] 
2016-09-24T04:17:09.062-0400: 8.847: [GC (GCLocker Initiated GC) [PSYoungGen: 151322K->63222K(175104K)] 350964K->294528K(699392K), 0.0066949 secs] [Times: user=0.10 sys=0.00, real=0.00 secs] 
2016-09-24T04:17:09.103-0400: 8.888: [GC (GCLocker Initiated GC) [PSYoungGen: 151286K->63226K(151552K)] 385372K->325038K(675840K), 0.0069324 secs] [Times: user=0.07 sys=0.01, real=0.00 secs] 
2016-09-24T04:17:09.145-0400: 8.930: [GC (GCLocker Initiated GC) [PSYoungGen: 151290K->63176K(176640K)] 418728K->375802K(700928K), 0.0077658 secs] [Times: user=0.13 sys=0.00, real=0.00 secs] 
2016-09-24T04:17:09.191-0400: 8.976: [GC (GCLocker Initiated GC) [PSYoungGen: 153288K->65908K(156160K)] 468977K->402435K(680448K), 0.0067812 secs] [Times: user=0.11 sys=0.01, real=0.01 secs] 
2016-09-24T04:17:09.231-0400: 9.016: [GC (GCLocker Initiated GC) [PSYoungGen: 156020K->71134K(173568K)] 492788K->432883K(697856K), 0.0082120 secs] [Times: user=0.11 sys=0.00, real=0.01 secs] 
2016-09-24T04:17:09.273-0400: 9.059: [GC (GCLocker Initiated GC) [PSYoungGen: 161758K->68622K(174080K)] 526366K->451270K(698368K), 0.0076127 secs] [Times: user=0.11 sys=0.00, real=0.01 secs] 
2016-09-24T04:17:09.319-0400: 9.104: [GC (GCLocker Initiated GC) [PSYoungGen: 159246K->50948K(177152K)] 543402K->474904K(701440K), 0.0071390 secs] [Times: user=0.10 sys=0.00, real=0.01 secs] 
2016-09-24T04:17:09.360-0400: 9.145: [GC (GCLocker Initiated GC) [PSYoungGen: 145156K->71386K(165888K)] 574550K->514834K(690176K), 0.0068866 secs] [Times: user=0.12 sys=0.00, real=0.01 secs] 
2016-09-24T04:17:09.407-0400: 9.192: [GC (GCLocker Initiated GC) [PSYoungGen: 165594K->79422K(172544K)] 622650K->556084K(696832K), 0.0076076 secs] [Times: user=0.11 sys=0.01, real=0.01 secs] 
2016-09-24T04:17:09.415-0400: 9.200: [Full GC (Ergonomics) [PSYoungGen: 79422K->0K(172544K)] [ParOldGen: 476661K->93423K(524288K)] 556084K->93423K(696832K), [Metaspace: 43211K->43211K(1085440K)], 0.0529566 secs] [Times: user=0.51 sys=0.00, real=0.05 secs] 
2016-09-24T04:17:09.510-0400: 9.295: [GC (GCLocker Initiated GC) [PSYoungGen: 88064K->72850K(175104K)] 189695K->174490K(699392K), 0.0064474 secs] [Times: user=0.10 sys=0.00, real=0.01 secs] 
2016-09-24T04:17:09.546-0400: 9.331: [GC (GCLocker Initiated GC) [PSYoungGen: 160914K->77994K(175104K)] 266150K->211030K(699392K), 0.0085113 secs] [Times: user=0.12 sys=0.00, real=0.01 secs] 
2016-09-24T04:17:09.592-0400: 9.377: [GC (GCLocker Initiated GC) [PSYoungGen: 166058K->67116K(175104K)] 307372K->233302K(699392K), 0.0077882 secs] [Times: user=0.11 sys=0.00, real=0.01 secs] 
2016-09-24T04:17:09.633-0400: 9.418: [GC (GCLocker Initiated GC) [PSYoungGen: 155180K->74008K(175104K)] 328333K->267938K(699392K), 0.0070372 secs] [Times: user=0.11 sys=0.00, real=0.01 secs] 
2016-09-24T04:17:09.676-0400: 9.461: [GC (GCLocker Initiated GC) [PSYoungGen: 162072K->71216K(175104K)] 366900K->292840K(699392K), 0.0072180 secs] [Times: user=0.10 sys=0.00, real=0.01 secs] 
2016-09-24T04:17:09.744-0400: 9.529: [GC (GCLocker Initiated GC) [PSYoungGen: 159280K->79294K(175104K)] 383794K->324566K(699392K), 0.0093032 secs] [Times: user=0.08 sys=0.00, real=0.00 secs] 
2016-09-24T04:17:09.790-0400: 9.575: [GC (GCLocker Initiated GC) [PSYoungGen: 167358K->68452K(175104K)] 412701K->348083K(699392K), 0.0075036 secs] [Times: user=0.08 sys=0.00, real=0.01 secs] 
2016-09-24T04:17:09.831-0400: 9.616: [GC (GCLocker Initiated GC) [PSYoungGen: 156516K->64522K(175104K)] 443127K->365080K(699392K), 0.0070602 secs] [Times: user=0.07 sys=0.00, real=0.01 secs] 
2016-09-24T04:17:09.869-0400: 9.655: [GC (GCLocker Initiated GC) [PSYoungGen: 152586K->73880K(175104K)] 458576K->391422K(699392K), 0.0074288 secs] [Times: user=0.07 sys=0.01, real=0.01 secs] 
2016-09-24T04:17:09.916-0400: 9.701: [GC (GCLocker Initiated GC) [PSYoungGen: 161944K->56252K(175104K)] 482402K->408344K(699392K), 0.0067398 secs] [Times: user=0.09 sys=0.00, real=0.01 secs] 
2016-09-24T04:17:09.952-0400: 9.737: [GC (GCLocker Initiated GC) [PSYoungGen: 144316K->73930K(175104K)] 496636K->455094K(699392K), 0.0069762 secs] [Times: user=0.10 sys=0.00, real=0.01 secs] 
2016-09-24T04:17:09.993-0400: 9.778: [GC (GCLocker Initiated GC) [PSYoungGen: 161994K->72673K(175104K)] 551428K->485639K(699392K), 0.0070194 secs] [Times: user=0.10 sys=0.00, real=0.01 secs] 
2016-09-24T04:17:10.038-0400: 9.823: [GC (GCLocker Initiated GC) [PSYoungGen: 160737K->59177K(175104K)] 573919K->497310K(699392K), 0.0064367 secs] [Times: user=0.09 sys=0.00, real=0.01 secs] 
2016-09-24T04:17:10.070-0400: 9.856: [GC (GCLocker Initiated GC) [PSYoungGen: 147241K->75377K(175104K)] 585557K->531882K(699392K), 0.0068114 secs] [Times: user=0.08 sys=0.00, real=0.01 secs] 
2016-09-24T04:17:10.107-0400: 9.892: [GC (GCLocker Initiated GC) [PSYoungGen: 163441K->71308K(175104K)] 626873K->573156K(699392K), 0.0084035 secs] [Times: user=0.11 sys=0.00, real=0.01 secs] 
2016-09-24T04:17:10.116-0400: 9.901: [Full GC (Ergonomics) [PSYoungGen: 71308K->0K(175104K)] [ParOldGen: 501847K->95918K(524288K)] 573156K->95918K(699392K), [Metaspace: 43258K->43258K(1085440K)], 0.0469696 secs] [Times: user=0.36 sys=0.00, real=0.05 secs] 
2016-09-24T04:17:10.197-0400: 9.982: [GC (GCLocker Initiated GC) [PSYoungGen: 88064K->86382K(175104K)] 189623K->190642K(699392K), 0.0065467 secs] [Times: user=0.09 sys=0.00, real=0.01 secs] 
2016-09-24T04:17:10.237-0400: 10.022: [GC (GCLocker Initiated GC) [PSYoungGen: 174446K->59016K(175104K)] 278814K->191232K(699392K), 0.0075667 secs] [Times: user=0.06 sys=0.00, real=0.01 secs] 
2016-09-24T04:17:10.276-0400: 10.061: [GC (GCLocker Initiated GC) [PSYoungGen: 147080K->64622K(175104K)] 282087K->242118K(699392K), 0.0072589 secs] [Times: user=0.10 sys=0.00, real=0.01 secs] 
2016-09-24T04:17:10.314-0400: 10.099: [GC (GCLocker Initiated GC) [PSYoungGen: 152686K->78122K(175104K)] 333008K->283492K(699392K), 0.0070032 secs] [Times: user=0.09 sys=0.00, real=0.01 secs] 
2016-09-24T04:17:10.355-0400: 10.140: [GC (GCLocker Initiated GC) [PSYoungGen: 166186K->52458K(175104K)] 371808K->297962K(699392K), 0.0067845 secs] [Times: user=0.09 sys=0.00, real=0.00 secs] 
2016-09-24T04:17:10.390-0400: 10.175: [GC (GCLocker Initiated GC) [PSYoungGen: 140522K->68608K(175104K)] 386098K->345940K(699392K), 0.0073381 secs] [Times: user=0.11 sys=0.00, real=0.01 secs] 
2016-09-24T04:17:10.429-0400: 10.214: [GC (GCLocker Initiated GC) [PSYoungGen: 156672K->45849K(175104K)] 446649K->379707K(699392K), 0.0062050 secs] [Times: user=0.08 sys=0.00, real=0.01 secs] 
2016-09-24T04:17:10.471-0400: 10.256: [GC (GCLocker Initiated GC) [PSYoungGen: 133913K->50966K(175104K)] 470708K->408798K(699392K), 0.0064689 secs] [Times: user=0.06 sys=0.00, real=0.01 secs] 
2016-09-24T04:17:10.507-0400: 10.292: [GC (GCLocker Initiated GC) [PSYoungGen: 139030K->61812K(175104K)] 499777K->444739K(699392K), 0.0084390 secs] [Times: user=0.07 sys=0.00, real=0.01 secs] 
2016-09-24T04:17:10.543-0400: 10.329: [GC (GCLocker Initiated GC) [PSYoungGen: 149876K->62078K(175104K)] 538926K->480164K(699392K), 0.0069728 secs] [Times: user=0.08 sys=0.00, real=0.00 secs] 
2016-09-24T04:17:10.585-0400: 10.370: [GC (GCLocker Initiated GC) [PSYoungGen: 150142K->69738K(175104K)] 576442K->511716K(699392K), 0.0066964 secs] [Times: user=0.09 sys=0.00, real=0.00 secs] 
2016-09-24T04:17:10.621-0400: 10.406: [GC (GCLocker Initiated GC) [PSYoungGen: 157802K->72562K(175104K)] 599806K->529876K(699392K), 0.0066600 secs] [Times: user=0.07 sys=0.00, real=0.01 secs] 
2016-09-24T04:17:10.662-0400: 10.447: [GC (GCLocker Initiated GC) [PSYoungGen: 160626K->60490K(174080K)] 630239K->544166K(698368K), 0.0062147 secs] [Times: user=0.08 sys=0.00, real=0.00 secs] 
2016-09-24T04:17:10.668-0400: 10.454: [Full GC (Ergonomics) [PSYoungGen: 60490K->0K(174080K)] [ParOldGen: 483676K->95010K(524288K)] 544166K->95010K(698368K), [Metaspace: 43303K->43303K(1085440K)], 0.0464587 secs] [Times: user=0.32 sys=0.00, real=0.05 secs] 
2016-09-24T04:17:10.749-0400: 10.534: [GC (GCLocker Initiated GC) [PSYoungGen: 88064K->73916K(174592K)] 183383K->169235K(698880K), 0.0062614 secs] [Times: user=0.08 sys=0.00, real=0.01 secs] 
2016-09-24T04:17:10.783-0400: 10.568: [GC (GCLocker Initiated GC) [PSYoungGen: 161980K->68562K(175104K)] 257422K->198406K(699392K), 0.0071694 secs] [Times: user=0.08 sys=0.00, real=0.00 secs] 
2016-09-24T04:17:10.818-0400: 10.603: [GC (GCLocker Initiated GC) [PSYoungGen: 157138K->61922K(150528K)] 287154K->249256K(674816K), 0.0087265 secs] [Times: user=0.12 sys=0.00, real=0.01 secs] 
2016-09-24T04:17:10.856-0400: 10.641: [GC (GCLocker Initiated GC) [PSYoungGen: 150498K->59268K(175616K)] 342007K->283909K(699904K), 0.0068764 secs] [Times: user=0.09 sys=0.00, real=0.01 secs] 
2016-09-24T04:17:10.900-0400: 10.685: [GC (GCLocker Initiated GC) [PSYoungGen: 149380K->65876K(174592K)] 387538K->322338K(698880K), 0.0064801 secs] [Times: user=0.09 sys=0.00, real=0.01 secs] 
2016-09-24T04:17:10.940-0400: 10.725: [GC (GCLocker Initiated GC) [PSYoungGen: 155988K->66050K(176128K)] 416614K->339454K(700416K), 0.0070934 secs] [Times: user=0.08 sys=0.01, real=0.01 secs] 
2016-09-24T04:17:10.984-0400: 10.769: [GC (GCLocker Initiated GC) [PSYoungGen: 159746K->67210K(175104K)] 438716K->365770K(699392K), 0.0070036 secs] [Times: user=0.08 sys=0.01, real=0.00 secs] 
2016-09-24T04:17:11.030-0400: 10.815: [GC (GCLocker Initiated GC) [PSYoungGen: 160906K->68480K(178688K)] 471685K->395983K(702976K), 0.0074883 secs] [Times: user=0.08 sys=0.00, real=0.01 secs] 
2016-09-24T04:17:11.077-0400: 10.862: [GC (GCLocker Initiated GC) [PSYoungGen: 166784K->76736K(178688K)] 510575K->450711K(702976K), 0.0070111 secs] [Times: user=0.10 sys=0.00, real=0.01 secs] 
2016-09-24T04:17:11.125-0400: 10.910: [GC (GCLocker Initiated GC) [PSYoungGen: 175040K->67254K(180224K)] 558623K->473029K(704512K), 0.0073842 secs] [Times: user=0.11 sys=0.00, real=0.00 secs] 
2016-09-24T04:17:11.159-0400: 10.944: [GC (GCLocker Initiated GC) [PSYoungGen: 165046K->79234K(177152K)] 571541K->513381K(701440K), 0.0076800 secs] [Times: user=0.10 sys=0.00, real=0.01 secs] 
2016-09-24T04:17:11.208-0400: 10.993: [GC (GCLocker Initiated GC) [PSYoungGen: 177026K->63094K(178176K)] 620768K->535653K(702464K), 0.0072044 secs] [Times: user=0.10 sys=0.00, real=0.01 secs] 
2016-09-24T04:17:11.248-0400: 11.033: [GC (GCLocker Initiated GC) [PSYoungGen: 156790K->63066K(157184K)] 630889K->574164K(681472K), 0.0078164 secs] [Times: user=0.10 sys=0.01, real=0.01 secs] 
2016-09-24T04:17:11.256-0400: 11.041: [Full GC (Ergonomics) [PSYoungGen: 63066K->0K(157184K)] [ParOldGen: 511097K->107673K(524288K)] 574164K->107673K(681472K), [Metaspace: 43326K->43326K(1085440K)], 0.0468414 secs] [Times: user=0.42 sys=0.00, real=0.05 secs] 
2016-09-24T04:17:11.334-0400: 11.119: [GC (GCLocker Initiated GC) [PSYoungGen: 93696K->80904K(172032K)] 201642K->194251K(696320K), 0.0063056 secs] [Times: user=0.08 sys=0.00, real=0.01 secs] 
2016-09-24T04:17:11.374-0400: 11.159: [GC (GCLocker Initiated GC) [PSYoungGen: 169992K->67368K(175616K)] 287467K->215304K(699904K), 0.0067626 secs] [Times: user=0.09 sys=0.00, real=0.01 secs] 
2016-09-24T04:17:11.411-0400: 11.196: [GC (GCLocker Initiated GC) [PSYoungGen: 156456K->64512K(172032K)] 305832K->234940K(696320K), 0.0070709 secs] [Times: user=0.09 sys=0.00, real=0.01 secs] 
2016-09-24T04:17:11.449-0400: 11.234: [GC (GCLocker Initiated GC) [PSYoungGen: 155136K->76804K(174592K)] 327115K->272363K(698880K), 0.0079065 secs] [Times: user=0.09 sys=0.00, real=0.01 secs] 
2016-09-24T04:17:11.489-0400: 11.274: [GC (GCLocker Initiated GC) [PSYoungGen: 167428K->59158K(176640K)] 363124K->304218K(700928K), 0.0071421 secs] [Times: user=0.11 sys=0.00, real=0.01 secs] 
2016-09-24T04:17:11.533-0400: 11.319: [GC (GCLocker Initiated GC) [PSYoungGen: 150294K->56426K(147968K)] 399561K->334707K(672256K), 0.0060452 secs] [Times: user=0.08 sys=0.00, real=0.01 secs] 
2016-09-24T04:17:11.570-0400: 11.355: [GC (GCLocker Initiated GC) [PSYoungGen: 147562K->59112K(176640K)] 434047K->366487K(700928K), 0.0068054 secs] [Times: user=0.09 sys=0.00, real=0.01 secs] 
2016-09-24T04:17:11.609-0400: 11.394: [GC (GCLocker Initiated GC) [PSYoungGen: 149736K->83458K(174592K)] 462571K->410339K(698880K), 0.0064820 secs] [Times: user=0.09 sys=0.00, real=0.01 secs] 
2016-09-24T04:17:11.649-0400: 11.434: [GC (GCLocker Initiated GC) [PSYoungGen: 174082K->67272K(175104K)] 509143K->433982K(699392K), 0.0073466 secs] [Times: user=0.10 sys=0.00, real=0.01 secs] 
2016-09-24T04:17:11.687-0400: 11.472: [GC (GCLocker Initiated GC) [PSYoungGen: 155336K->72612K(175104K)] 524949K->469891K(699392K), 0.0080350 secs] [Times: user=0.08 sys=0.00, real=0.01 secs] 
2016-09-24T04:17:11.728-0400: 11.514: [GC (GCLocker Initiated GC) [PSYoungGen: 160676K->71262K(175104K)] 560852K->501704K(699392K), 0.0071830 secs] [Times: user=0.10 sys=0.00, real=0.01 secs] 
2016-09-24T04:17:11.764-0400: 11.549: [GC (GCLocker Initiated GC) [PSYoungGen: 159326K->84904K(175104K)] 592583K->553839K(699392K), 0.0083916 secs] [Times: user=0.12 sys=0.00, real=0.00 secs] 
2016-09-24T04:17:11.800-0400: 11.585: [GC (GCLocker Initiated GC) [PSYoungGen: 172968K->74040K(175104K)] 644776K->584336K(699392K), 0.0077479 secs] [Times: user=0.11 sys=0.00, real=0.01 secs] 
2016-09-24T04:17:11.808-0400: 11.593: [Full GC (Ergonomics) [PSYoungGen: 74040K->0K(175104K)] [ParOldGen: 510296K->109193K(524288K)] 584336K->109193K(699392K), [Metaspace: 43326K->43326K(1085440K)], 0.0514547 secs] [Times: user=0.43 sys=0.01, real=0.05 secs] 
2016-09-24T04:17:11.895-0400: 11.680: [GC (GCLocker Initiated GC) [PSYoungGen: 88064K->63414K(175104K)] 200121K->175471K(699392K), 0.0060279 secs] [Times: user=0.06 sys=0.00, real=0.00 secs] 
2016-09-24T04:17:11.930-0400: 11.715: [GC (GCLocker Initiated GC) [PSYoungGen: 151478K->56586K(175104K)] 273198K->223725K(699392K), 0.0074900 secs] [Times: user=0.10 sys=0.00, real=0.01 secs] 
2016-09-24T04:17:11.974-0400: 11.759: [GC (GCLocker Initiated GC) [PSYoungGen: 144650K->57776K(175104K)] 320031K->259547K(699392K), 0.0066185 secs] [Times: user=0.10 sys=0.00, real=0.01 secs] 
2016-09-24T04:17:12.008-0400: 11.793: [GC (GCLocker Initiated GC) [PSYoungGen: 145840K->60494K(175104K)] 350542K->310346K(699392K), 0.0081890 secs] [Times: user=0.10 sys=0.00, real=0.01 secs] 
2016-09-24T04:17:12.049-0400: 11.834: [GC (GCLocker Initiated GC) [PSYoungGen: 148558K->46834K(175104K)] 406695K->348822K(699392K), 0.0070696 secs] [Times: user=0.08 sys=0.00, real=0.01 secs] 
2016-09-24T04:17:12.091-0400: 11.876: [GC (GCLocker Initiated GC) [PSYoungGen: 134898K->53836K(175104K)] 453390K->401204K(699392K), 0.0065024 secs] [Times: user=0.09 sys=0.00, real=0.01 secs] 
2016-09-24T04:17:12.129-0400: 11.914: [GC (GCLocker Initiated GC) [PSYoungGen: 141900K->69802K(175104K)] 489893K->441512K(699392K), 0.0069878 secs] [Times: user=0.10 sys=0.00, real=0.01 secs] 
2016-09-24T04:17:12.164-0400: 11.949: [GC (GCLocker Initiated GC) [PSYoungGen: 157866K->73930K(175104K)] 532442K->466572K(699392K), 0.0075596 secs] [Times: user=0.07 sys=0.00, real=0.00 secs] 
2016-09-24T04:17:12.202-0400: 11.987: [GC (GCLocker Initiated GC) [PSYoungGen: 161994K->53506K(175104K)] 554787K->476566K(699392K), 0.0077288 secs] [Times: user=0.07 sys=0.00, real=0.01 secs] 
2016-09-24T04:17:12.243-0400: 12.028: [GC (GCLocker Initiated GC) [PSYoungGen: 141570K->52503K(175104K)] 567455K->511385K(699392K), 0.0068434 secs] [Times: user=0.08 sys=0.00, real=0.00 secs] 
2016-09-24T04:17:12.279-0400: 12.064: [GC (GCLocker Initiated GC) [PSYoungGen: 140567K->71418K(175104K)] 607657K->558175K(699392K), 0.0074423 secs] [Times: user=0.08 sys=0.01, real=0.01 secs] 
2016-09-24T04:17:12.287-0400: 12.072: [Full GC (Ergonomics) [PSYoungGen: 71418K->0K(175104K)] [ParOldGen: 486757K->115467K(524288K)] 558175K->115467K(699392K), [Metaspace: 43332K->43332K(1085440K)], 0.0466303 secs] [Times: user=0.36 sys=0.00, real=0.04 secs] 
2016-09-24T04:17:12.367-0400: 12.152: [GC (GCLocker Initiated GC) [PSYoungGen: 88064K->76931K(175104K)] 206351K->195219K(699392K), 0.0099336 secs] [Times: user=0.14 sys=0.00, real=0.01 secs] 
2016-09-24T04:17:12.410-0400: 12.195: [GC (GCLocker Initiated GC) [PSYoungGen: 164995K->63111K(175104K)] 291525K->228284K(699392K), 0.0090918 secs] [Times: user=0.09 sys=0.00, real=0.01 secs] 
2016-09-24T04:17:12.467-0400: 12.252: [GC (GCLocker Initiated GC) [PSYoungGen: 151175K->33365K(175104K)] 317724K->247744K(699392K), 0.0067246 secs] [Times: user=0.06 sys=0.00, real=0.00 secs] 
2016-09-24T04:17:12.503-0400: 12.288: [GC (GCLocker Initiated GC) [PSYoungGen: 121429K->74039K(175104K)] 338767K->309493K(699392K), 0.0070421 secs] [Times: user=0.06 sys=0.00, real=0.00 secs] 
2016-09-24T04:17:12.542-0400: 12.328: [GC (GCLocker Initiated GC) [PSYoungGen: 162103K->64475K(175104K)] 404458K->323649K(699392K), 0.0082365 secs] [Times: user=0.06 sys=0.00, real=0.00 secs] 
2016-09-24T04:17:12.590-0400: 12.375: [GC (GCLocker Initiated GC) [PSYoungGen: 152539K->68593K(175104K)] 417295K->350243K(699392K), 0.0064673 secs] [Times: user=0.09 sys=0.00, real=0.01 secs] 
2016-09-24T04:17:12.630-0400: 12.415: [GC (GCLocker Initiated GC) [PSYoungGen: 156657K->60443K(175104K)] 442501K->363037K(699392K), 0.0066337 secs] [Times: user=0.06 sys=0.00, real=0.01 secs] 
2016-09-24T04:17:12.672-0400: 12.457: [GC (GCLocker Initiated GC) [PSYoungGen: 148507K->74085K(175104K)] 458047K->403125K(699392K), 0.0068911 secs] [Times: user=0.09 sys=0.00, real=0.01 secs] 
2016-09-24T04:17:12.713-0400: 12.498: [GC (GCLocker Initiated GC) [PSYoungGen: 162149K->54933K(175104K)] 494360K->404005K(699392K), 0.0090604 secs] [Times: user=0.09 sys=0.00, real=0.01 secs] 
2016-09-24T04:17:12.746-0400: 12.531: [GC (GCLocker Initiated GC) [PSYoungGen: 142997K->64525K(175104K)] 494959K->453550K(699392K), 0.0073881 secs] [Times: user=0.11 sys=0.00, real=0.00 secs] 
2016-09-24T04:17:12.794-0400: 12.579: [GC (GCLocker Initiated GC) [PSYoungGen: 152589K->59111K(172032K)] 548542K->473225K(696320K), 0.0065265 secs] [Times: user=0.08 sys=0.00, real=0.01 secs] 
2016-09-24T04:17:12.825-0400: 12.610: [GC (GCLocker Initiated GC) [PSYoungGen: 147175K->72612K(173568K)] 564254K->518682K(697856K), 0.0073152 secs] [Times: user=0.10 sys=0.01, real=0.00 secs] 
2016-09-24T04:17:12.874-0400: 12.659: [GC (GCLocker Initiated GC) [PSYoungGen: 160676K->53789K(176128K)] 616380K->530361K(700416K), 0.0061804 secs] [Times: user=0.09 sys=0.00, real=0.01 secs] 
2016-09-24T04:17:12.880-0400: 12.666: [Full GC (Ergonomics) [PSYoungGen: 53789K->0K(176128K)] [ParOldGen: 476572K->106230K(524288K)] 530361K->106230K(700416K), [Metaspace: 43336K->43336K(1085440K)], 0.0489532 secs] [Times: user=0.44 sys=0.00, real=0.05 secs] 
2016-09-24T04:17:12.954-0400: 12.739: [GC (GCLocker Initiated GC) [PSYoungGen: 89600K->85063K(175104K)] 201453K->205017K(699392K), 0.0069354 secs] [Times: user=0.10 sys=0.00, real=0.01 secs] 
2016-09-24T04:17:12.998-0400: 12.783: [GC (GCLocker Initiated GC) [PSYoungGen: 174663K->57679K(175104K)] 299511K->204962K(699392K), 0.0072972 secs] [Times: user=0.06 sys=0.01, real=0.01 secs] 
2016-09-24T04:17:13.027-0400: 12.812: [GC (GCLocker Initiated GC) [PSYoungGen: 145743K->72657K(175104K)] 296386K->252262K(699392K), 0.0080315 secs] [Times: user=0.06 sys=0.00, real=0.01 secs] 
2016-09-24T04:17:13.076-0400: 12.861: [GC (GCLocker Initiated GC) [PSYoungGen: 160721K->45501K(175104K)] 343107K->267733K(699392K), 0.0066450 secs] [Times: user=0.09 sys=0.00, real=0.01 secs] 
2016-09-24T04:17:13.105-0400: 12.890: [GC (GCLocker Initiated GC) [PSYoungGen: 133565K->72767K(175104K)] 364020K->329355K(699392K), 0.0069073 secs] [Times: user=0.09 sys=0.00, real=0.00 secs] 
2016-09-24T04:17:13.150-0400: 12.935: [GC (GCLocker Initiated GC) [PSYoungGen: 160831K->55043K(175104K)] 422863K->355648K(699392K), 0.0068022 secs] [Times: user=0.10 sys=0.00, real=0.01 secs] 
2016-09-24T04:17:13.191-0400: 12.976: [GC (GCLocker Initiated GC) [PSYoungGen: 143107K->64639K(175104K)] 443842K->398350K(699392K), 0.0073600 secs] [Times: user=0.10 sys=0.00, real=0.01 secs] 
2016-09-24T04:17:13.225-0400: 13.010: [GC (GCLocker Initiated GC) [PSYoungGen: 152703K->75467K(175104K)] 494645K->443741K(699392K), 0.0068042 secs] [Times: user=0.09 sys=0.00, real=0.00 secs] 
2016-09-24T04:17:13.269-0400: 13.054: [GC (GCLocker Initiated GC) [PSYoungGen: 163531K->69893K(175104K)] 542890K->455334K(699392K), 0.0059344 secs] [Times: user=0.09 sys=0.00, real=0.01 secs] 
2016-09-24T04:17:13.310-0400: 13.095: [GC (GCLocker Initiated GC) [PSYoungGen: 157957K->68465K(175104K)] 548951K->472217K(699392K), 0.0063590 secs] [Times: user=0.09 sys=0.00, real=0.01 secs] 
2016-09-24T04:17:13.344-0400: 13.129: [GC (GCLocker Initiated GC) [PSYoungGen: 156529K->79408K(175104K)] 565921K->516321K(699392K), 0.0074784 secs] [Times: user=0.11 sys=0.00, real=0.00 secs] 
2016-09-24T04:17:13.387-0400: 13.172: [GC (GCLocker Initiated GC) [PSYoungGen: 167472K->65907K(175104K)] 612608K->535935K(699392K), 0.0069376 secs] [Times: user=0.10 sys=0.00, real=0.01 secs] 
2016-09-24T04:17:13.424-0400: 13.209: [GC (GCLocker Initiated GC) [PSYoungGen: 153971K->60429K(175104K)] 624187K->559683K(699392K), 0.0074033 secs] [Times: user=0.10 sys=0.00, real=0.00 secs] 
2016-09-24T04:17:13.432-0400: 13.217: [Full GC (Ergonomics) [PSYoungGen: 60429K->0K(175104K)] [ParOldGen: 499253K->121380K(524288K)] 559683K->121380K(699392K), [Metaspace: 43338K->43338K(1085440K)], 0.0455155 secs] [Times: user=0.37 sys=0.00, real=0.05 secs] 
2016-09-24T04:17:13.511-0400: 13.296: [GC (GCLocker Initiated GC) [PSYoungGen: 88064K->77183K(175104K)] 219147K->208267K(699392K), 0.0064399 secs] [Times: user=0.08 sys=0.00, real=0.01 secs] 
2016-09-24T04:17:13.552-0400: 13.337: [GC (GCLocker Initiated GC) [PSYoungGen: 165247K->48156K(175104K)] 296429K->210149K(699392K), 0.0072964 secs] [Times: user=0.08 sys=0.00, real=0.01 secs] 
2016-09-24T04:17:13.590-0400: 13.375: [GC (GCLocker Initiated GC) [PSYoungGen: 136220K->80931K(175104K)] 303787K->271915K(699392K), 0.0075664 secs] [Times: user=0.11 sys=0.00, real=0.01 secs] 
2016-09-24T04:17:13.628-0400: 13.413: [GC (GCLocker Initiated GC) [PSYoungGen: 168995K->59111K(175104K)] 361533K->287542K(699392K), 0.0079349 secs] [Times: user=0.12 sys=0.00, real=0.01 secs] 
2016-09-24T04:17:13.669-0400: 13.454: [GC (GCLocker Initiated GC) [PSYoungGen: 147175K->75357K(175104K)] 382427K->330150K(699392K), 0.0073827 secs] [Times: user=0.08 sys=0.00, real=0.01 secs] 
2016-09-24T04:17:13.703-0400: 13.488: [GC (GCLocker Initiated GC) [PSYoungGen: 163421K->69976K(175104K)] 420960K->363338K(699392K), 0.0072252 secs] [Times: user=0.09 sys=0.00, real=0.00 secs] 
2016-09-24T04:17:13.740-0400: 13.526: [GC (GCLocker Initiated GC) [PSYoungGen: 158040K->61876K(175104K)] 454299K->401997K(699392K), 0.0074315 secs] [Times: user=0.11 sys=0.00, real=0.01 secs] 
2016-09-24T04:17:13.778-0400: 13.563: [GC (GCLocker Initiated GC) [PSYoungGen: 149940K->67386K(175104K)] 490257K->438045K(699392K), 0.0077355 secs] [Times: user=0.08 sys=0.00, real=0.01 secs] 
2016-09-24T04:17:13.816-0400: 13.602: [GC (GCLocker Initiated GC) [PSYoungGen: 155450K->64608K(174080K)] 528963K->482117K(698368K), 0.0065777 secs] [Times: user=0.09 sys=0.00, real=0.01 secs] 
2016-09-24T04:17:13.851-0400: 13.636: [GC (GCLocker Initiated GC) [PSYoungGen: 152672K->67385K(174592K)] 571639K->518097K(698880K), 0.0071653 secs] [Times: user=0.08 sys=0.01, real=0.01 secs] 
2016-09-24T04:17:13.890-0400: 13.675: [GC (GCLocker Initiated GC) [PSYoungGen: 155449K->68671K(174592K)] 608935K->545879K(698880K), 0.0073444 secs] [Times: user=0.10 sys=0.00, real=0.01 secs] 
2016-09-24T04:17:13.898-0400: 13.683: [Full GC (Ergonomics) [PSYoungGen: 68671K->0K(174592K)] [ParOldGen: 477207K->122375K(524288K)] 545879K->122375K(698880K), [Metaspace: 43342K->43342K(1085440K)], 0.0498239 secs] [Times: user=0.44 sys=0.00, real=0.05 secs] 
2016-09-24T04:17:13.978-0400: 13.763: [GC (GCLocker Initiated GC) [PSYoungGen: 90624K->79632K(174592K)] 213250K->202258K(698880K), 0.0090249 secs] [Times: user=0.12 sys=0.01, real=0.01 secs] 
2016-09-24T04:17:14.024-0400: 13.809: [GC (GCLocker Initiated GC) [PSYoungGen: 170256K->65953K(176640K)] 301167K->219304K(700928K), 0.0067796 secs] [Times: user=0.09 sys=0.00, real=0.00 secs] 
2016-09-24T04:17:14.060-0400: 13.845: [GC (GCLocker Initiated GC) [PSYoungGen: 155553K->77980K(175104K)] 309069K->267336K(699392K), 0.0085133 secs] [Times: user=0.13 sys=0.00, real=0.01 secs] 
2016-09-24T04:17:14.107-0400: 13.892: [GC (GCLocker Initiated GC) [PSYoungGen: 167580K->52531K(175104K)] 362401K->280318K(699392K), 0.0061784 secs] [Times: user=0.09 sys=0.01, real=0.00 secs] 
2016-09-24T04:17:14.137-0400: 13.922: [GC (GCLocker Initiated GC) [PSYoungGen: 140595K->63019K(175104K)] 368638K->325612K(699392K), 0.0077718 secs] [Times: user=0.09 sys=0.00, real=0.01 secs] 
2016-09-24T04:17:14.178-0400: 13.963: [GC (GCLocker Initiated GC) [PSYoungGen: 151083K->47039K(175104K)] 413802K->373748K(699392K), 0.0069601 secs] [Times: user=0.09 sys=0.02, real=0.01 secs] 
2016-09-24T04:17:14.278-0400: 14.064: [GC (GCLocker Initiated GC) [PSYoungGen: 135103K->52375K(175104K)] 466024K->413643K(699392K), 0.0071235 secs] [Times: user=0.08 sys=0.01, real=0.01 secs] 
2016-09-24T04:17:14.400-0400: 14.186: [GC (GCLocker Initiated GC) [PSYoungGen: 140439K->68511K(175104K)] 507511K->456577K(699392K), 0.0072940 secs] [Times: user=0.10 sys=0.00, real=0.01 secs] 
2016-09-24T04:17:14.452-0400: 14.238: [GC (GCLocker Initiated GC) [PSYoungGen: 156575K->52110K(175104K)] 544689K->474505K(699392K), 0.0067111 secs] [Times: user=0.09 sys=0.01, real=0.01 secs] 
2016-09-24T04:17:14.488-0400: 14.273: [GC (GCLocker Initiated GC) [PSYoungGen: 140174K->75467K(175104K)] 565397K->515950K(699392K), 0.0071153 secs] [Times: user=0.08 sys=0.02, real=0.01 secs] 
2016-09-24T04:17:14.531-0400: 14.316: [GC (GCLocker Initiated GC) [PSYoungGen: 163531K->61844K(175104K)] 604182K->541076K(699392K), 0.0077754 secs] [Times: user=0.10 sys=0.02, real=0.01 secs] 
2016-09-24T04:17:14.539-0400: 14.324: [Full GC (Ergonomics) [PSYoungGen: 61844K->0K(175104K)] [ParOldGen: 479232K->120504K(524288K)] 541076K->120504K(699392K), [Metaspace: 43345K->43345K(1085440K)], 0.0484314 secs] [Times: user=0.36 sys=0.05, real=0.05 secs] 
2016-09-24T04:17:14.616-0400: 14.401: [GC (GCLocker Initiated GC) [PSYoungGen: 88064K->86382K(175104K)] 211430K->220548K(699392K), 0.0076927 secs] [Times: user=0.09 sys=0.01, real=0.01 secs] 
2016-09-24T04:17:14.670-0400: 14.455: [GC (GCLocker Initiated GC) [PSYoungGen: 174446K->65893K(175104K)] 308732K->232085K(699392K), 0.0096866 secs] [Times: user=0.07 sys=0.01, real=0.01 secs] 
2016-09-24T04:17:14.710-0400: 14.495: [GC (GCLocker Initiated GC) [PSYoungGen: 153957K->63349K(175104K)] 325618K->258581K(699392K), 0.0067252 secs] [Times: user=0.09 sys=0.00, real=0.01 secs] 
2016-09-24T04:17:14.750-0400: 14.535: [GC (GCLocker Initiated GC) [PSYoungGen: 151413K->52407K(175104K)] 354835K->283582K(699392K), 0.0061444 secs] [Times: user=0.10 sys=0.01, real=0.01 secs] 
2016-09-24T04:17:14.792-0400: 14.578: [GC (GCLocker Initiated GC) [PSYoungGen: 140471K->71134K(175104K)] 375659K->324535K(699392K), 0.0070260 secs] [Times: user=0.10 sys=0.01, real=0.01 secs] 
2016-09-24T04:17:14.828-0400: 14.613: [GC (GCLocker Initiated GC) [PSYoungGen: 159198K->72721K(175104K)] 418122K->364500K(699392K), 0.0082224 secs] [Times: user=0.07 sys=0.01, real=0.01 secs] 
2016-09-24T04:17:14.873-0400: 14.659: [GC (GCLocker Initiated GC) [PSYoungGen: 160785K->65715K(175104K)] 456324K->383461K(699392K), 0.0066847 secs] [Times: user=0.09 sys=0.00, real=0.01 secs] 
2016-09-24T04:17:14.912-0400: 14.697: [GC (GCLocker Initiated GC) [PSYoungGen: 153779K->57633K(145920K)] 474363K->416517K(670208K), 0.0077715 secs] [Times: user=0.07 sys=0.01, real=0.01 secs] 
2016-09-24T04:17:14.949-0400: 14.734: [GC (GCLocker Initiated GC) [PSYoungGen: 145697K->67367K(176128K)] 518253K->467500K(700416K), 0.0078215 secs] [Times: user=0.10 sys=0.00, real=0.01 secs] 
2016-09-24T04:17:14.998-0400: 14.783: [GC (GCLocker Initiated GC) [PSYoungGen: 156967K->52123K(174592K)] 557196K->474633K(698880K), 0.0074972 secs] [Times: user=0.06 sys=0.01, real=0.01 secs] 
2016-09-24T04:17:15.029-0400: 14.814: [GC (GCLocker Initiated GC) [PSYoungGen: 141723K->72863K(174592K)] 567142K->516275K(698880K), 0.0072561 secs] [Times: user=0.09 sys=0.01, real=0.01 secs] 
2016-09-24T04:17:15.085-0400: 14.870: [GC (GCLocker Initiated GC) [PSYoungGen: 161951K->68607K(175616K)] 613500K->554711K(699904K), 0.0072081 secs] [Times: user=0.11 sys=0.00, real=0.00 secs] 
2016-09-24T04:17:15.092-0400: 14.878: [Full GC (Ergonomics) [PSYoungGen: 68607K->0K(175616K)] [ParOldGen: 486104K->132566K(524288K)] 554711K->132566K(699904K), [Metaspace: 43351K->43351K(1085440K)], 0.0715438 secs] [Times: user=0.41 sys=0.09, real=0.08 secs] 
2016-09-24T04:17:15.201-0400: 14.986: [GC (GCLocker Initiated GC) [PSYoungGen: 89088K->78313K(174080K)] 227420K->216646K(698368K), 0.0059470 secs] [Times: user=0.07 sys=0.00, real=0.01 secs] 
2016-09-24T04:17:15.239-0400: 15.024: [GC (GCLocker Initiated GC) [PSYoungGen: 166377K->71133K(175104K)] 304950K->226754K(699392K), 0.0085028 secs] [Times: user=0.12 sys=0.01, real=0.01 secs] 
2016-09-24T04:17:15.276-0400: 15.061: [GC (GCLocker Initiated GC) [PSYoungGen: 159197K->64447K(174080K)] 314941K->265243K(698368K), 0.0075245 secs] [Times: user=0.11 sys=0.01, real=0.01 secs] 
2016-09-24T04:17:15.315-0400: 15.100: [GC (GCLocker Initiated GC) [PSYoungGen: 152511K->53757K(174592K)] 358964K->306684K(698880K), 0.0072553 secs] [Times: user=0.10 sys=0.00, real=0.01 secs] 
2016-09-24T04:17:15.357-0400: 15.142: [GC (GCLocker Initiated GC) [PSYoungGen: 141821K->67321K(173568K)] 397654K->344051K(697856K), 0.0067075 secs] [Times: user=0.09 sys=0.01, real=0.01 secs] 
2016-09-24T04:17:15.394-0400: 15.180: [GC (GCLocker Initiated GC) [PSYoungGen: 156409K->68543K(174592K)] 436157K->384082K(698880K), 0.0074669 secs] [Times: user=0.11 sys=0.01, real=0.00 secs] 
2016-09-24T04:17:15.431-0400: 15.216: [GC (GCLocker Initiated GC) [PSYoungGen: 157631K->63020K(173568K)] 473323K->411703K(697856K), 0.0100653 secs] [Times: user=0.10 sys=0.01, real=0.01 secs] 
2016-09-24T04:17:15.512-0400: 15.297: [GC (GCLocker Initiated GC) [PSYoungGen: 155180K->51121K(175104K)] 510717K->447691K(699392K), 0.0071460 secs] [Times: user=0.10 sys=0.01, real=0.01 secs] 
2016-09-24T04:17:15.557-0400: 15.342: [GC (GCLocker Initiated GC) [PSYoungGen: 143281K->83773K(172032K)] 546759K->513584K(696320K), 0.0081293 secs] [Times: user=0.08 sys=0.02, real=0.01 secs] 
2016-09-24T04:17:15.608-0400: 15.393: [GC (GCLocker Initiated GC) [PSYoungGen: 171837K->68387K(175104K)] 607256K->530299K(699392K), 0.0096772 secs] [Times: user=0.15 sys=0.01, real=0.01 secs] 
2016-09-24T04:17:15.644-0400: 15.429: [GC (GCLocker Initiated GC) [PSYoungGen: 156451K->75485K(175104K)] 621168K->556822K(699392K), 0.0079553 secs] [Times: user=0.11 sys=0.00, real=0.00 secs] 
2016-09-24T04:17:15.652-0400: 15.437: [Full GC (Ergonomics) [PSYoungGen: 75485K->0K(175104K)] [ParOldGen: 481336K->132113K(524288K)] 556822K->132113K(699392K), [Metaspace: 43352K->43352K(1085440K)], 0.0497196 secs] [Times: user=0.43 sys=0.04, real=0.05 secs] 
2016-09-24T04:17:15.741-0400: 15.526: [GC (GCLocker Initiated GC) [PSYoungGen: 88064K->72675K(175104K)] 229756K->214367K(699392K), 0.0062941 secs] [Times: user=0.08 sys=0.01, real=0.01 secs] 
2016-09-24T04:17:15.775-0400: 15.561: [GC (GCLocker Initiated GC) [PSYoungGen: 160739K->72722K(175104K)] 309421K->247719K(699392K), 0.0071472 secs] [Times: user=0.10 sys=0.00, real=0.01 secs] 
2016-09-24T04:17:15.818-0400: 15.604: [GC (GCLocker Initiated GC) [PSYoungGen: 160786K->65811K(175104K)] 341343K->270010K(699392K), 0.0077335 secs] [Times: user=0.06 sys=0.01, real=0.01 secs] 
2016-09-24T04:17:15.863-0400: 15.648: [GC (GCLocker Initiated GC) [PSYoungGen: 153875K->53757K(175104K)] 368466K->299978K(699392K), 0.0066394 secs] [Times: user=0.08 sys=0.01, real=0.00 secs] 
2016-09-24T04:17:15.900-0400: 15.685: [GC (GCLocker Initiated GC) [PSYoungGen: 141821K->86204K(175104K)] 393618K->356249K(699392K), 0.0078599 secs] [Times: user=0.10 sys=0.01, real=0.01 secs] 
2016-09-24T04:17:15.947-0400: 15.732: [GC (GCLocker Initiated GC) [PSYoungGen: 174268K->50728K(175104K)] 444367K->361997K(699392K), 0.0071093 secs] [Times: user=0.09 sys=0.01, real=0.01 secs] 
2016-09-24T04:17:15.978-0400: 15.763: [GC (GCLocker Initiated GC) [PSYoungGen: 138792K->75482K(175104K)] 454363K->426547K(699392K), 0.0089602 secs] [Times: user=0.09 sys=0.01, real=0.01 secs] 
2016-09-24T04:17:16.022-0400: 15.807: [GC (GCLocker Initiated GC) [PSYoungGen: 163546K->57931K(175104K)] 530918K->432845K(699392K), 0.0115863 secs] [Times: user=0.13 sys=0.01, real=0.00 secs] 
2016-09-24T04:17:16.070-0400: 15.855: [GC (GCLocker Initiated GC) [PSYoungGen: 145995K->65688K(175104K)] 523780K->467138K(699392K), 0.0079985 secs] [Times: user=0.10 sys=0.01, real=0.01 secs] 
2016-09-24T04:17:16.117-0400: 15.902: [GC (GCLocker Initiated GC) [PSYoungGen: 153752K->86094K(175104K)] 562108K->509779K(699392K), 0.0069873 secs] [Times: user=0.10 sys=0.00, real=0.01 secs] 
2016-09-24T04:17:16.160-0400: 15.945: [GC (GCLocker Initiated GC) [PSYoungGen: 174158K->42879K(175104K)] 600657K->527989K(699392K), 0.0077242 secs] [Times: user=0.12 sys=0.00, real=0.01 secs] 
2016-09-24T04:17:16.168-0400: 15.953: [Full GC (Ergonomics) [PSYoungGen: 42879K->0K(175104K)] [ParOldGen: 485109K->131578K(524288K)] 527989K->131578K(699392K), [Metaspace: 43357K->43357K(1085440K)], 0.0436551 secs] [Times: user=0.36 sys=0.00, real=0.04 secs] 
2016-09-24T04:17:16.241-0400: 16.027: [GC (GCLocker Initiated GC) [PSYoungGen: 88064K->78437K(175104K)] 226607K->216981K(699392K), 0.0059565 secs] [Times: user=0.07 sys=0.01, real=0.01 secs] 
2016-09-24T04:17:16.283-0400: 16.068: [GC (GCLocker Initiated GC) [PSYoungGen: 166501K->61779K(175104K)] 310546K->237872K(699392K), 0.0068048 secs] [Times: user=0.10 sys=0.00, real=0.00 secs] 
2016-09-24T04:17:16.317-0400: 16.103: [GC (GCLocker Initiated GC) [PSYoungGen: 149843K->75389K(175104K)] 326027K->276435K(699392K), 0.0077562 secs] [Times: user=0.09 sys=0.01, real=0.01 secs] 
2016-09-24T04:17:16.360-0400: 16.145: [GC (GCLocker Initiated GC) [PSYoungGen: 163453K->52393K(175104K)] 364658K->319086K(699392K), 0.0076821 secs] [Times: user=0.12 sys=0.00, real=0.01 secs] 
2016-09-24T04:17:16.399-0400: 16.184: [GC (GCLocker Initiated GC) [PSYoungGen: 140457K->59363K(175104K)] 410045K->359285K(699392K), 0.0072966 secs] [Times: user=0.10 sys=0.01, real=0.01 secs] 
2016-09-24T04:17:16.439-0400: 16.224: [GC (GCLocker Initiated GC) [PSYoungGen: 147427K->61875K(175104K)] 447467K->404589K(699392K), 0.0086129 secs] [Times: user=0.09 sys=0.01, real=0.01 secs] 
2016-09-24T04:17:16.479-0400: 16.264: [GC (GCLocker Initiated GC) [PSYoungGen: 149939K->60649K(175104K)] 500910K->456843K(699392K), 0.0083084 secs] [Times: user=0.11 sys=0.01, real=0.01 secs] 
2016-09-24T04:17:16.529-0400: 16.314: [GC (GCLocker Initiated GC) [PSYoungGen: 148713K->53679K(175104K)] 550428K->470982K(699392K), 0.0098312 secs] [Times: user=0.09 sys=0.02, real=0.01 secs] 
2016-09-24T04:17:16.572-0400: 16.357: [GC (GCLocker Initiated GC) [PSYoungGen: 141743K->71244K(175104K)] 561835K->508172K(699392K), 0.0082692 secs] [Times: user=0.09 sys=0.01, real=0.01 secs] 
2016-09-24T04:17:16.623-0400: 16.408: [GC (GCLocker Initiated GC) [PSYoungGen: 159308K->53579K(175104K)] 601700K->514162K(699392K), 0.0067548 secs] [Times: user=0.07 sys=0.01, real=0.00 secs] 
2016-09-24T04:17:16.630-0400: 16.415: [Full GC (Ergonomics) [PSYoungGen: 53579K->0K(175104K)] [ParOldGen: 460582K->136406K(524288K)] 514162K->136406K(699392K), [Metaspace: 43359K->43359K(1085440K)], 0.0436757 secs] [Times: user=0.37 sys=0.04, real=0.04 secs] 
2016-09-24T04:17:16.707-0400: 16.492: [GC (GCLocker Initiated GC) [PSYoungGen: 88064K->71389K(175104K)] 234081K->217407K(699392K), 0.0073633 secs] [Times: user=0.08 sys=0.01, real=0.01 secs] 
2016-09-24T04:17:16.748-0400: 16.533: [GC (GCLocker Initiated GC) [PSYoungGen: 159453K->75294K(175104K)] 308335K->251925K(699392K), 0.0075906 secs] [Times: user=0.10 sys=0.01, real=0.01 secs] 
2016-09-24T04:17:16.793-0400: 16.578: [GC (GCLocker Initiated GC) [PSYoungGen: 163358K->63097K(175104K)] 348236K->268829K(699392K), 0.0066041 secs] [Times: user=0.11 sys=0.01, real=0.01 secs] 
2016-09-24T04:17:16.837-0400: 16.622: [GC (GCLocker Initiated GC) [PSYoungGen: 151161K->56265K(175104K)] 362513K->289763K(699392K), 0.0066282 secs] [Times: user=0.07 sys=0.00, real=0.01 secs] 
2016-09-24T04:17:16.876-0400: 16.661: [GC (GCLocker Initiated GC) [PSYoungGen: 144329K->65889K(174080K)] 391520K->337960K(698368K), 0.0065267 secs] [Times: user=0.08 sys=0.01, real=0.01 secs] 
2016-09-24T04:17:16.927-0400: 16.712: [GC (GCLocker Initiated GC) [PSYoungGen: 153953K->71257K(174592K)] 436991K->373840K(698880K), 0.0068093 secs] [Times: user=0.09 sys=0.00, real=0.00 secs] 
2016-09-24T04:17:16.959-0400: 16.744: [GC (GCLocker Initiated GC) [PSYoungGen: 159321K->72580K(175104K)] 464727K->389451K(699392K), 0.0062415 secs] [Times: user=0.09 sys=0.01, real=0.01 secs] 
2016-09-24T04:17:17.005-0400: 16.790: [GC (GCLocker Initiated GC) [PSYoungGen: 160644K->53726K(175104K)] 485764K->419883K(699392K), 0.0070872 secs] [Times: user=0.10 sys=0.01, real=0.00 secs] 
2016-09-24T04:17:17.053-0400: 16.838: [GC (GCLocker Initiated GC) [PSYoungGen: 141790K->61794K(172032K)] 509438K->442168K(696320K), 0.0067960 secs] [Times: user=0.08 sys=0.01, real=0.01 secs] 
2016-09-24T04:17:17.097-0400: 16.882: [GC (GCLocker Initiated GC) [PSYoungGen: 149858K->84762K(173568K)] 530322K->490151K(697856K), 0.0082146 secs] [Times: user=0.11 sys=0.01, real=0.01 secs] 
2016-09-24T04:17:17.140-0400: 16.925: [GC (GCLocker Initiated GC) [PSYoungGen: 172826K->63208K(175104K)] 583867K->513957K(699392K), 0.0073869 secs] [Times: user=0.09 sys=0.02, real=0.01 secs] 
2016-09-24T04:17:17.180-0400: 16.965: [GC (GCLocker Initiated GC) [PSYoungGen: 151272K->82204K(175104K)] 604844K->566144K(699392K), 0.0082674 secs] [Times: user=0.12 sys=0.00, real=0.01 secs] 
2016-09-24T04:17:17.188-0400: 16.973: [Full GC (Ergonomics) [PSYoungGen: 82204K->0K(175104K)] [ParOldGen: 483940K->147275K(524288K)] 566144K->147275K(699392K), [Metaspace: 43359K->43359K(1085440K)], 0.0499071 secs] [Times: user=0.39 sys=0.02, real=0.05 secs] 
2016-09-24T04:17:17.278-0400: 17.063: [GC (GCLocker Initiated GC) [PSYoungGen: 88064K->70072K(175104K)] 238126K->220134K(699392K), 0.0054366 secs] [Times: user=0.08 sys=0.00, real=0.01 secs] 
2016-09-24T04:17:17.307-0400: 17.093: [GC (GCLocker Initiated GC) [PSYoungGen: 158136K->83503K(175104K)] 312147K->258514K(699392K), 0.0072590 secs] [Times: user=0.10 sys=0.01, real=0.01 secs] 
2016-09-24T04:17:17.353-0400: 17.138: [GC (GCLocker Initiated GC) [PSYoungGen: 171567K->45299K(175104K)] 349354K->250803K(699392K), 0.0062899 secs] [Times: user=0.08 sys=0.01, real=0.01 secs] 
2016-09-24T04:17:17.380-0400: 17.166: [GC (GCLocker Initiated GC) [PSYoungGen: 133363K->86414K(175104K)] 339098K->310072K(699392K), 0.0075154 secs] [Times: user=0.10 sys=0.01, real=0.01 secs] 
2016-09-24T04:17:17.429-0400: 17.214: [GC (GCLocker Initiated GC) [PSYoungGen: 174478K->46806K(175104K)] 398385K->314742K(699392K), 0.0068778 secs] [Times: user=0.09 sys=0.00, real=0.01 secs] 
2016-09-24T04:17:17.456-0400: 17.241: [GC (GCLocker Initiated GC) [PSYoungGen: 134870K->82281K(175104K)] 413673K->371009K(699392K), 0.0072128 secs] [Times: user=0.10 sys=0.01, real=0.01 secs] 
2016-09-24T04:17:17.500-0400: 17.286: [GC (GCLocker Initiated GC) [PSYoungGen: 170345K->52142K(175104K)] 459239K->379613K(699392K), 0.0067483 secs] [Times: user=0.08 sys=0.01, real=0.01 secs] 
2016-09-24T04:17:17.540-0400: 17.326: [GC (GCLocker Initiated GC) [PSYoungGen: 140206K->83361K(175104K)] 478660K->442464K(699392K), 0.0076411 secs] [Times: user=0.11 sys=0.00, real=0.01 secs] 
2016-09-24T04:17:17.583-0400: 17.368: [GC (GCLocker Initiated GC) [PSYoungGen: 171425K->59015K(175104K)] 534863K->444576K(699392K), 0.0100763 secs] [Times: user=0.12 sys=0.01, real=0.00 secs] 
2016-09-24T04:17:17.624-0400: 17.409: [GC (GCLocker Initiated GC) [PSYoungGen: 147079K->76520K(175104K)] 538304K->493906K(699392K), 0.0079126 secs] [Times: user=0.11 sys=0.01, real=0.00 secs] 
2016-09-24T04:17:17.663-0400: 17.448: [GC (GCLocker Initiated GC) [PSYoungGen: 164584K->76478K(175104K)] 584732K->514616K(699392K), 0.0072313 secs] [Times: user=0.10 sys=0.01, real=0.00 secs] 
2016-09-24T04:17:17.695-0400: 17.480: [GC (GCLocker Initiated GC) [PSYoungGen: 164542K->67271K(175104K)] 602747K->543710K(699392K), 0.0071150 secs] [Times: user=0.10 sys=0.01, real=0.00 secs] 
2016-09-24T04:17:17.702-0400: 17.487: [Full GC (Ergonomics) [PSYoungGen: 67271K->0K(175104K)] [ParOldGen: 476438K->148114K(524288K)] 543710K->148114K(699392K), [Metaspace: 43365K->43365K(1085440K)], 0.0500036 secs] [Times: user=0.44 sys=0.03, real=0.05 secs] 
2016-09-24T04:17:17.782-0400: 17.568: [GC (GCLocker Initiated GC) [PSYoungGen: 88064K->75288K(175104K)] 236371K->223596K(699392K), 0.0056082 secs] [Times: user=0.07 sys=0.01, real=0.00 secs] 
2016-09-24T04:17:17.812-0400: 17.597: [GC (GCLocker Initiated GC) [PSYoungGen: 163352K->80844K(175104K)] 317274K->255493K(699392K), 0.0073054 secs] [Times: user=0.10 sys=0.00, real=0.01 secs] 
2016-09-24T04:17:17.854-0400: 17.640: [GC (GCLocker Initiated GC) [PSYoungGen: 168908K->58835K(175104K)] 350456K->269419K(699392K), 0.0070702 secs] [Times: user=0.10 sys=0.01, real=0.00 secs] 
2016-09-24T04:17:17.886-0400: 17.671: [GC (GCLocker Initiated GC) [PSYoungGen: 146899K->61706K(175104K)] 363005K->298431K(699392K), 0.0066858 secs] [Times: user=0.09 sys=0.01, real=0.00 secs] 
2016-09-24T04:17:17.926-0400: 17.711: [GC (GCLocker Initiated GC) [PSYoungGen: 149770K->66950K(175104K)] 391998K->347474K(699392K), 0.0072035 secs] [Times: user=0.09 sys=0.01, real=0.00 secs] 
2016-09-24T04:17:17.965-0400: 17.750: [GC (GCLocker Initiated GC) [PSYoungGen: 155014K->57563K(175104K)] 439782K->377797K(699392K), 0.0069943 secs] [Times: user=0.09 sys=0.00, real=0.00 secs] 
2016-09-24T04:17:17.999-0400: 17.784: [GC (GCLocker Initiated GC) [PSYoungGen: 145627K->77895K(175104K)] 475663K->428571K(699392K), 0.0074631 secs] [Times: user=0.09 sys=0.02, real=0.01 secs] 
2016-09-24T04:17:18.053-0400: 17.838: [GC (GCLocker Initiated GC) [PSYoungGen: 165959K->35869K(175104K)] 519357K->413959K(699392K), 0.0067494 secs] [Times: user=0.06 sys=0.00, real=0.01 secs] 
2016-09-24T04:17:18.088-0400: 17.873: [GC (GCLocker Initiated GC) [PSYoungGen: 123933K->72606K(175104K)] 511583K->474074K(699392K), 0.0073594 secs] [Times: user=0.10 sys=0.01, real=0.01 secs] 
2016-09-24T04:17:18.134-0400: 17.919: [GC (GCLocker Initiated GC) [PSYoungGen: 160670K->53482K(175104K)] 567636K->496012K(699392K), 0.0070559 secs] [Times: user=0.09 sys=0.02, real=0.00 secs] 
2016-09-24T04:17:18.168-0400: 17.953: [GC (GCLocker Initiated GC) [PSYoungGen: 141546K->69714K(175104K)] 584209K->542440K(699392K), 0.0078107 secs] [Times: user=0.10 sys=0.00, real=0.01 secs] 
2016-09-24T04:17:18.200-0400: 17.986: [GC (GCLocker Initiated GC) --[PSYoungGen: 157778K->157778K(175104K)] 630627K->679620K(699392K), 0.0142030 secs] [Times: user=0.14 sys=0.02, real=0.02 secs] 
2016-09-24T04:17:18.215-0400: 18.000: [Full GC (Ergonomics) [PSYoungGen: 157778K->0K(175104K)] [ParOldGen: 521841K->150097K(524288K)] 679620K->150097K(699392K), [Metaspace: 43367K->43367K(1085440K)], 0.0537205 secs] [Times: user=0.38 sys=0.06, real=0.05 secs] 
2016-09-24T04:17:18.300-0400: 18.086: [GC (GCLocker Initiated GC) [PSYoungGen: 88064K->71160K(175104K)] 245179K->228276K(699392K), 0.0056475 secs] [Times: user=0.08 sys=0.00, real=0.01 secs] 
2016-09-24T04:17:18.339-0400: 18.124: [GC (GCLocker Initiated GC) [PSYoungGen: 159224K->61614K(175104K)] 319280K->261330K(699392K), 0.0093916 secs] [Times: user=0.14 sys=0.01, real=0.01 secs] 
2016-09-24T04:17:18.387-0400: 18.172: [GC (GCLocker Initiated GC) [PSYoungGen: 149678K->86010K(175104K)] 350832K->306423K(699392K), 0.0071996 secs] [Times: user=0.10 sys=0.01, real=0.01 secs] 
2016-09-24T04:17:18.427-0400: 18.212: [GC (GCLocker Initiated GC) [PSYoungGen: 174074K->43904K(175104K)] 406752K->309423K(699392K), 0.0056763 secs] [Times: user=0.07 sys=0.01, real=0.00 secs] 
2016-09-24T04:17:18.481-0400: 18.266: [GC (GCLocker Initiated GC) [PSYoungGen: 131968K->66998K(175104K)] 397599K->353218K(699392K), 0.0062113 secs] [Times: user=0.09 sys=0.01, real=0.01 secs] 
2016-09-24T04:17:18.516-0400: 18.301: [GC (GCLocker Initiated GC) [PSYoungGen: 155062K->65728K(175104K)] 444207K->402505K(699392K), 0.0078419 secs] [Times: user=0.11 sys=0.01, real=0.01 secs] 
2016-09-24T04:17:18.566-0400: 18.351: [GC (GCLocker Initiated GC) [PSYoungGen: 153792K->69732K(175104K)] 490673K->435383K(699392K), 0.0093357 secs] [Times: user=0.13 sys=0.02, real=0.01 secs] 
2016-09-24T04:17:18.605-0400: 18.390: [GC (GCLocker Initiated GC) [PSYoungGen: 157796K->86078K(175104K)] 534410K->492787K(699392K), 0.0091165 secs] [Times: user=0.14 sys=0.02, real=0.00 secs] 
2016-09-24T04:17:18.663-0400: 18.448: [GC (GCLocker Initiated GC) [PSYoungGen: 174142K->51958K(175104K)] 580921K->473995K(699392K), 0.0080385 secs] [Times: user=0.07 sys=0.01, real=0.00 secs] 
2016-09-24T04:17:18.696-0400: 18.481: [GC (GCLocker Initiated GC) [PSYoungGen: 140022K->85947K(175104K)] 564915K->530124K(699392K), 0.0081492 secs] [Times: user=0.11 sys=0.00, real=0.01 secs] 
2016-09-24T04:17:18.760-0400: 18.545: [GC (GCLocker Initiated GC) [PSYoungGen: 174010K->68414K(175104K)] 635975K->555042K(699392K), 0.0080723 secs] [Times: user=0.12 sys=0.00, real=0.01 secs] 
2016-09-24T04:17:18.768-0400: 18.553: [Full GC (Ergonomics) [PSYoungGen: 68414K->0K(175104K)] [ParOldGen: 486628K->144944K(524288K)] 555042K->144944K(699392K), [Metaspace: 43367K->43367K(1085440K)], 0.1786036 secs] [Times: user=2.44 sys=0.07, real=0.18 secs] 
2016-09-24T04:17:19.013-0400: 18.799: [GC (GCLocker Initiated GC) [PSYoungGen: 88064K->67032K(175104K)] 238531K->217500K(699392K), 0.0081657 secs] [Times: user=0.10 sys=0.02, real=0.01 secs] 
2016-09-24T04:17:19.063-0400: 18.848: [GC (GCLocker Initiated GC) [PSYoungGen: 155096K->76450K(175104K)] 308453K->250475K(699392K), 0.0112946 secs] [Times: user=0.15 sys=0.01, real=0.01 secs] 
2016-09-24T04:17:19.139-0400: 18.924: [GC (GCLocker Initiated GC) [PSYoungGen: 164514K->57532K(175104K)] 346754K->267131K(699392K), 0.0138331 secs] [Times: user=0.16 sys=0.00, real=0.01 secs] 
2016-09-24T04:17:19.188-0400: 18.973: [GC (GCLocker Initiated GC) [PSYoungGen: 145596K->77782K(175104K)] 355295K->299923K(699392K), 0.0069109 secs] [Times: user=0.09 sys=0.00, real=0.01 secs] 
2016-09-24T04:17:19.240-0400: 19.026: [GC (GCLocker Initiated GC) [PSYoungGen: 165846K->45304K(175104K)] 405666K->316484K(699392K), 0.0060696 secs] [Times: user=0.08 sys=0.00, real=0.01 secs] 
2016-09-24T04:17:19.283-0400: 19.068: [GC (GCLocker Initiated GC) [PSYoungGen: 133368K->53450K(175104K)] 407385K->345333K(699392K), 0.0071327 secs] [Times: user=0.06 sys=0.01, real=0.00 secs] 
2016-09-24T04:17:19.320-0400: 19.105: [GC (GCLocker Initiated GC) [PSYoungGen: 141514K->75051K(175104K)] 444271K->399713K(699392K), 0.0072693 secs] [Times: user=0.11 sys=0.00, real=0.01 secs] 
2016-09-24T04:17:19.363-0400: 19.148: [GC (GCLocker Initiated GC) [PSYoungGen: 163115K->68414K(175104K)] 492315K->422236K(699392K), 0.0082327 secs] [Times: user=0.11 sys=0.01, real=0.00 secs] 
2016-09-24T04:17:19.405-0400: 19.190: [GC (GCLocker Initiated GC) [PSYoungGen: 156478K->60200K(175104K)] 511111K->448968K(699392K), 0.0068450 secs] [Times: user=0.11 sys=0.00, real=0.00 secs] 
2016-09-24T04:17:19.448-0400: 19.233: [GC (GCLocker Initiated GC) [PSYoungGen: 148264K->79039K(175104K)] 543954K->481776K(699392K), 0.0083868 secs] [Times: user=0.09 sys=0.00, real=0.01 secs] 
2016-09-24T04:17:19.494-0400: 19.279: [GC (GCLocker Initiated GC) [PSYoungGen: 167103K->50671K(175104K)] 579354K->491601K(699392K), 0.0067371 secs] [Times: user=0.08 sys=0.00, real=0.01 secs] 
2016-09-24T04:17:19.561-0400: 19.346: [GC (GCLocker Initiated GC) [PSYoungGen: 138735K->41190K(175104K)] 595156K->532980K(699392K), 0.0091399 secs] [Times: user=0.10 sys=0.01, real=0.01 secs] 
2016-09-24T04:17:19.570-0400: 19.355: [Full GC (Ergonomics) [PSYoungGen: 41190K->0K(175104K)] [ParOldGen: 491789K->118566K(524288K)] 532980K->118566K(699392K), [Metaspace: 43367K->43367K(1085440K)], 0.0608032 secs] [Times: user=0.32 sys=0.03, real=0.06 secs] 
2016-09-24T04:17:19.688-0400: 19.473: [GC (GCLocker Initiated GC) [PSYoungGen: 88064K->56214K(175104K)] 217548K->185699K(699392K), 0.0066483 secs] [Times: user=0.08 sys=0.00, real=0.01 secs] 
2016-09-24T04:17:19.731-0400: 19.516: [GC (GCLocker Initiated GC) [PSYoungGen: 144278K->62694K(175104K)] 275176K->203388K(699392K), 0.0066921 secs] [Times: user=0.06 sys=0.01, real=0.01 secs] 
2016-09-24T04:17:19.783-0400: 19.568: [GC (GCLocker Initiated GC) [PSYoungGen: 150758K->45400K(175104K)] 299634K->239063K(699392K), 0.0076529 secs] [Times: user=0.12 sys=0.00, real=0.00 secs] 
2016-09-24T04:17:19.831-0400: 19.616: [GC (GCLocker Initiated GC) [PSYoungGen: 133464K->41236K(175104K)] 329882K->281161K(699392K), 0.0073183 secs] [Times: user=0.08 sys=0.01, real=0.01 secs] 
2016-09-24T04:17:19.869-0400: 19.654: [GC (GCLocker Initiated GC) [PSYoungGen: 129300K->71114K(175104K)] 370757K->339888K(699392K), 0.0089502 secs] [Times: user=0.10 sys=0.00, real=0.01 secs] 
2016-09-24T04:17:19.915-0400: 19.700: [GC (GCLocker Initiated GC) [PSYoungGen: 159178K->50846K(175104K)] 434867K->352619K(699392K), 0.0072482 secs] [Times: user=0.08 sys=0.01, real=0.01 secs] 
2016-09-24T04:17:19.954-0400: 19.739: [GC (GCLocker Initiated GC) [PSYoungGen: 138910K->53436K(175104K)] 440747K->375899K(699392K), 0.0073932 secs] [Times: user=0.05 sys=0.00, real=0.01 secs] 
2016-09-24T04:17:20.000-0400: 19.785: [GC (GCLocker Initiated GC) [PSYoungGen: 141500K->44050K(175104K)] 465497K->394080K(699392K), 0.0093171 secs] [Times: user=0.10 sys=0.01, real=0.01 secs] 
2016-09-24T04:17:20.045-0400: 19.830: [GC (GCLocker Initiated GC) [PSYoungGen: 132114K->64369K(175104K)] 491749K->444582K(699392K), 0.0081863 secs] [Times: user=0.07 sys=0.01, real=0.00 secs] 
2016-09-24T04:17:20.095-0400: 19.880: [GC (GCLocker Initiated GC) [PSYoungGen: 152433K->57358K(145920K)] 536822K->462432K(670208K), 0.0068883 secs] [Times: user=0.09 sys=0.00, real=0.01 secs] 
2016-09-24T04:17:20.131-0400: 19.916: [GC (GCLocker Initiated GC) [PSYoungGen: 145422K->51978K(174592K)] 553444K->465598K(698880K), 0.0072171 secs] [Times: user=0.05 sys=0.01, real=0.01 secs] 
2016-09-24T04:17:20.174-0400: 19.960: [GC (GCLocker Initiated GC) [PSYoungGen: 141578K->55848K(173056K)] 560759K->494255K(697344K), 0.0116374 secs] [Times: user=0.11 sys=0.00, real=0.01 secs] 
2016-09-24T04:17:20.218-0400: 20.004: [GC (GCLocker Initiated GC) [PSYoungGen: 145448K->65600K(173568K)] 585262K->536748K(697856K), 0.0089376 secs] [Times: user=0.08 sys=0.00, real=0.01 secs] 
2016-09-24T04:17:20.262-0400: 20.047: [GC (GCLocker Initiated GC) [PSYoungGen: 158272K->37314K(174592K)] 632895K->554140K(698880K), 0.0079241 secs] [Times: user=0.07 sys=0.01, real=0.01 secs] 
2016-09-24T04:17:20.270-0400: 20.055: [Full GC (Ergonomics) [PSYoungGen: 37314K->0K(174592K)] [ParOldGen: 516825K->134121K(524288K)] 554140K->134121K(698880K), [Metaspace: 43367K->43367K(1085440K)], 0.0435119 secs] [Times: user=0.30 sys=0.02, real=0.04 secs] 
2016-09-24T04:17:20.343-0400: 20.128: [GC (GCLocker Initiated GC) [PSYoungGen: 92672K->52310K(177152K)] 229717K->189356K(701440K), 0.0092508 secs] [Times: user=0.11 sys=0.00, real=0.00 secs] 
2016-09-24T04:17:20.394-0400: 20.179: [GC (GCLocker Initiated GC) [PSYoungGen: 149590K->79100K(176640K)] 292123K->231687K(700928K), 0.0081512 secs] [Times: user=0.11 sys=0.00, real=0.02 secs] 
2016-09-24T04:17:20.443-0400: 20.228: [GC (GCLocker Initiated GC) [PSYoungGen: 176380K->66983K(173568K)] 331898K->255188K(697856K), 0.0082426 secs] [Times: user=0.12 sys=0.00, real=0.00 secs] 
2016-09-24T04:17:20.490-0400: 20.275: [GC (GCLocker Initiated GC) [PSYoungGen: 155047K->51926K(175104K)] 348765K->268840K(699392K), 0.0076906 secs] [Times: user=0.08 sys=0.01, real=0.01 secs] 
2016-09-24T04:17:20.528-0400: 20.313: [GC (GCLocker Initiated GC) [PSYoungGen: 139990K->45161K(173568K)] 367894K->292223K(697856K), 0.0084560 secs] [Times: user=0.09 sys=0.00, real=0.01 secs] 
2016-09-24T04:17:20.581-0400: 20.366: [GC (GCLocker Initiated GC) [PSYoungGen: 134249K->42700K(174592K)] 389448K->333328K(698880K), 0.0058899 secs] [Times: user=0.09 sys=0.00, real=0.01 secs] 
2016-09-24T04:17:20.631-0400: 20.416: [GC (GCLocker Initiated GC) [PSYoungGen: 131788K->73793K(173056K)] 424011K->373111K(697344K), 0.0080104 secs] [Times: user=0.13 sys=0.00, real=0.01 secs] 
2016-09-24T04:17:20.702-0400: 20.487: [GC (GCLocker Initiated GC) [PSYoungGen: 161857K->68302K(175104K)] 461348K->395186K(699392K), 0.0077991 secs] [Times: user=0.13 sys=0.01, real=0.00 secs] 
2016-09-24T04:17:20.812-0400: 20.597: [GC (Allocation Failure) [PSYoungGen: 156366K->66862K(175104K)] 487379K->423780K(699392K), 0.0114541 secs] [Times: user=0.13 sys=0.01, real=0.02 secs] 
2016-09-24T04:17:20.855-0400: 20.640: [GC (GCLocker Initiated GC) [PSYoungGen: 66862K->32K(175104K)] 423780K->438483K(699392K), 0.0102519 secs] [Times: user=0.16 sys=0.01, real=0.01 secs] 
2016-09-24T04:17:21.018-0400: 20.803: [GC (GCLocker Initiated GC) [PSYoungGen: 86039K->47861K(175104K)] 529891K->491720K(699392K), 0.0147325 secs] [Times: user=0.21 sys=0.02, real=0.01 secs] 
2016-09-24T04:17:21.128-0400: 20.914: [GC (GCLocker Initiated GC) [PSYoungGen: 135925K->61548K(175104K)] 585453K->531624K(699392K), 0.0154415 secs] [Times: user=0.15 sys=0.01, real=0.02 secs] 
2016-09-24T04:17:21.144-0400: 20.929: [Full GC (Ergonomics) [PSYoungGen: 61548K->0K(175104K)] [ParOldGen: 470075K->150597K(524288K)] 531624K->150597K(699392K), [Metaspace: 43373K->43373K(1085440K)], 0.0701692 secs] [Times: user=0.77 sys=0.07, real=0.07 secs] 
2016-09-24T04:17:21.267-0400: 21.052: [GC (GCLocker Initiated GC) [PSYoungGen: 88064K->41244K(175104K)] 246258K->199439K(699392K), 0.0129073 secs] [Times: user=0.21 sys=0.01, real=0.01 secs] 
2016-09-24T04:17:21.329-0400: 21.114: [GC (GCLocker Initiated GC) [PSYoungGen: 129308K->45322K(175104K)] 301211K->244708K(699392K), 0.0088766 secs] [Times: user=0.10 sys=0.01, real=0.01 secs] 
2016-09-24T04:17:21.375-0400: 21.160: [GC (GCLocker Initiated GC) [PSYoungGen: 133386K->54610K(172032K)] 335587K->267953K(696320K), 0.0153514 secs] [Times: user=0.18 sys=0.02, real=0.01 secs] 
2016-09-24T04:17:21.436-0400: 21.221: [GC (GCLocker Initiated GC) [PSYoungGen: 142674K->68236K(173568K)] 360324K->306475K(697856K), 0.0166893 secs] [Times: user=0.12 sys=0.01, real=0.01 secs] 
2016-09-24T04:17:21.498-0400: 21.283: [GC (GCLocker Initiated GC) [PSYoungGen: 156300K->57499K(175616K)] 394666K->323179K(699904K), 0.0142503 secs] [Times: user=0.22 sys=0.01, real=0.01 secs] 
2016-09-24T04:17:21.567-0400: 21.352: [GC (Allocation Failure) [PSYoungGen: 146075K->64272K(175104K)] 425481K->361630K(699392K), 0.0074217 secs] [Times: user=0.10 sys=0.01, real=0.01 secs] 
2016-09-24T04:17:21.582-0400: 21.368: [GC (GCLocker Initiated GC) [PSYoungGen: 64467K->32K(175104K)] 361825K->362780K(699392K), 0.0063290 secs] [Times: user=0.09 sys=0.00, real=0.00 secs] 
2016-09-24T04:17:21.677-0400: 21.462: [GC (GCLocker Initiated GC) [PSYoungGen: 88024K->48036K(175104K)] 456172K->416192K(699392K), 0.0143916 secs] [Times: user=0.15 sys=0.01, real=0.01 secs] 
2016-09-24T04:17:21.734-0400: 21.519: [GC (GCLocker Initiated GC) [PSYoungGen: 136100K->49397K(171008K)] 511224K->452003K(695296K), 0.0098474 secs] [Times: user=0.12 sys=0.01, real=0.01 secs] 
2016-09-24T04:17:21.837-0400: 21.622: [GC (GCLocker Initiated GC) [PSYoungGen: 137461K->64392K(173056K)] 553661K->499953K(697344K), 0.0080868 secs] [Times: user=0.10 sys=0.01, real=0.01 secs] 
2016-09-24T04:17:21.928-0400: 21.713: [GC (GCLocker Initiated GC) [PSYoungGen: 152456K->45407K(174080K)] 598976K->508513K(698368K), 0.0131565 secs] [Times: user=0.10 sys=0.02, real=0.01 secs] 
2016-09-24T04:17:22.031-0400: 21.817: [GC (GCLocker Initiated GC) [PSYoungGen: 135519K->73873K(174592K)] 601470K->572677K(698880K), 0.0080416 secs] [Times: user=0.11 sys=0.00, real=0.01 secs] 
2016-09-24T04:17:22.040-0400: 21.825: [Full GC (Ergonomics) [PSYoungGen: 73873K->0K(174592K)] [ParOldGen: 498804K->152858K(524288K)] 572677K->152858K(698880K), [Metaspace: 43385K->43385K(1085440K)], 0.0490110 secs] [Times: user=0.47 sys=0.04, real=0.05 secs] 
2016-09-24T04:17:22.215-0400: 22.000: [GC (GCLocker Initiated GC) [PSYoungGen: 90112K->75549K(175104K)] 251198K->236636K(699392K), 0.0090459 secs] [Times: user=0.16 sys=0.00, real=0.01 secs] 
2016-09-24T04:17:22.336-0400: 22.121: [GC (GCLocker Initiated GC) [PSYoungGen: 163613K->57456K(175104K)] 324802K->236995K(699392K), 0.0101415 secs] [Times: user=0.12 sys=0.00, real=0.01 secs] 
2016-09-24T04:17:22.437-0400: 22.223: [GC (GCLocker Initiated GC) [PSYoungGen: 145520K->58820K(175104K)] 333336K->269908K(699392K), 0.0133533 secs] [Times: user=0.19 sys=0.00, real=0.01 secs] 
2016-09-24T04:17:22.541-0400: 22.326: [GC (GCLocker Initiated GC) [PSYoungGen: 146884K->61789K(175104K)] 364919K->299133K(699392K), 0.0114544 secs] [Times: user=0.16 sys=0.01, real=0.01 secs] 
2016-09-24T04:17:22.668-0400: 22.453: [GC (GCLocker Initiated GC) [PSYoungGen: 149853K->58805K(173056K)] 394317K->329523K(697344K), 0.0079391 secs] [Times: user=0.12 sys=0.00, real=0.01 secs] 
2016-09-24T04:17:22.713-0400: 22.498: [GC (GCLocker Initiated GC) [PSYoungGen: 146869K->57598K(174080K)] 423122K->358530K(698368K), 0.0132386 secs] [Times: user=0.20 sys=0.01, real=0.02 secs] 
2016-09-24T04:17:22.774-0400: 22.559: [GC (GCLocker Initiated GC) [PSYoungGen: 145662K->71163K(172032K)] 457632K->402487K(696320K), 0.0079202 secs] [Times: user=0.12 sys=0.01, real=0.01 secs] 
2016-09-24T04:17:22.819-0400: 22.604: [GC (GCLocker Initiated GC) [PSYoungGen: 159739K->54929K(174592K)] 496560K->411172K(698880K), 0.0095215 secs] [Times: user=0.09 sys=0.01, real=0.01 secs] 
2016-09-24T04:17:22.864-0400: 22.649: [GC (GCLocker Initiated GC) [PSYoungGen: 143505K->60340K(172544K)] 506641K->452256K(696832K), 0.0121037 secs] [Times: user=0.13 sys=0.01, real=0.01 secs] 
2016-09-24T04:17:22.925-0400: 22.710: [GC (GCLocker Initiated GC) [PSYoungGen: 152500K->35888K(174592K)] 547313K->446147K(698880K), 0.0105058 secs] [Times: user=0.10 sys=0.03, real=0.01 secs] 
2016-09-24T04:17:22.979-0400: 22.765: [GC (GCLocker Initiated GC) [PSYoungGen: 128048K->68606K(174592K)] 551958K->513306K(698880K), 0.0145975 secs] [Times: user=0.21 sys=0.03, real=0.01 secs] 
2016-09-24T04:17:23.069-0400: 22.854: [GC (GCLocker Initiated GC) [PSYoungGen: 159742K->49533K(176640K)] 612651K->515302K(700928K), 0.0123081 secs] [Times: user=0.15 sys=0.06, real=0.01 secs] 
2016-09-24T04:17:23.190-0400: 22.975: [GC (GCLocker Initiated GC) [PSYoungGen: 140669K->37163K(176640K)] 617383K->525106K(700928K), 0.0110009 secs] [Times: user=0.11 sys=0.08, real=0.01 secs] 
2016-09-24T04:17:23.201-0400: 22.986: [Full GC (Ergonomics) [PSYoungGen: 37163K->0K(176640K)] [ParOldGen: 487943K->146017K(524288K)] 525106K->146017K(700928K), [Metaspace: 43385K->43385K(1085440K)], 0.0860353 secs] [Times: user=0.71 sys=0.28, real=0.09 secs] 
2016-09-24T04:17:23.351-0400: 23.136: [GC (GCLocker Initiated GC) [PSYoungGen: 92672K->70330K(163328K)] 253731K->231397K(687616K), 0.0091037 secs] [Times: user=0.12 sys=0.02, real=0.01 secs] 
2016-09-24T04:17:23.413-0400: 23.198: [GC (GCLocker Initiated GC) [PSYoungGen: 163002K->53896K(177152K)] 329724K->231036K(701440K), 0.0204131 secs] [Times: user=0.31 sys=0.06, real=0.02 secs] 
2016-09-24T04:17:23.523-0400: 23.308: [GC (GCLocker Initiated GC) [PSYoungGen: 144008K->48271K(138752K)] 331103K->248133K(663040K), 0.0173523 secs] [Times: user=0.25 sys=0.08, real=0.01 secs] 
2016-09-24T04:17:23.606-0400: 23.391: [GC (GCLocker Initiated GC) [PSYoungGen: 138383K->65677K(171520K)] 341057K->283950K(695808K), 0.0225243 secs] [Times: user=0.35 sys=0.06, real=0.02 secs] 
2016-09-24T04:17:23.704-0400: 23.489: [GC (GCLocker Initiated GC) [PSYoungGen: 154253K->54957K(173056K)] 391545K->310368K(697344K), 0.0191657 secs] [Times: user=0.27 sys=0.02, real=0.02 secs] 
2016-09-24T04:17:23.795-0400: 23.580: [GC (GCLocker Initiated GC) [PSYoungGen: 143533K->32000K(175104K)] 424779K->322007K(699392K), 0.0093803 secs] [Times: user=0.10 sys=0.02, real=0.01 secs] 
2016-09-24T04:17:23.854-0400: 23.639: [GC (GCLocker Initiated GC) [PSYoungGen: 125184K->50744K(176640K)] 418215K->356679K(700928K), 0.0066066 secs] [Times: user=0.06 sys=0.00, real=0.01 secs] 
2016-09-24T04:17:23.892-0400: 23.677: [GC (GCLocker Initiated GC) [PSYoungGen: 143928K->71219K(174080K)] 450043K->414339K(698368K), 0.0082242 secs] [Times: user=0.12 sys=0.00, real=0.01 secs] 
2016-09-24T04:17:23.935-0400: 23.721: [GC (GCLocker Initiated GC) [PSYoungGen: 164403K->59288K(177664K)] 511747K->436860K(701952K), 0.0090632 secs] [Times: user=0.09 sys=0.00, real=0.01 secs] 
2016-09-24T04:17:23.986-0400: 23.771: [GC (GCLocker Initiated GC) [PSYoungGen: 152472K->56362K(171520K)] 533002K->470030K(695808K), 0.0085809 secs] [Times: user=0.12 sys=0.00, real=0.01 secs] 
2016-09-24T04:17:24.027-0400: 23.812: [GC (GCLocker Initiated GC) [PSYoungGen: 150570K->79432K(175104K)] 567085K->523519K(699392K), 0.0183539 secs] [Times: user=0.31 sys=0.00, real=0.02 secs] 
2016-09-24T04:17:24.085-0400: 23.870: [GC (GCLocker Initiated GC) [PSYoungGen: 173640K->83499K(175104K)] 619212K->548607K(699392K), 0.0084338 secs] [Times: user=0.10 sys=0.02, real=0.00 secs] 
2016-09-24T04:17:24.129-0400: 23.915: [GC (GCLocker Initiated GC) [PSYoungGen: 171563K->54887K(175104K)] 640767K->536922K(699392K), 0.0071993 secs] [Times: user=0.09 sys=0.00, real=0.01 secs] 
2016-09-24T04:17:24.171-0400: 23.956: [Full GC (Ergonomics) [PSYoungGen: 142951K->0K(175104K)] [ParOldGen: 484894K->162555K(524288K)] 627845K->162555K(699392K), [Metaspace: 43389K->43389K(1085440K)], 0.0527654 secs] [Times: user=0.52 sys=0.01, real=0.06 secs] 
2016-09-24T04:17:24.261-0400: 24.046: [GC (GCLocker Initiated GC) [PSYoungGen: 88064K->49712K(175104K)] 256076K->217725K(699392K), 0.0081320 secs] [Times: user=0.06 sys=0.00, real=0.01 secs] 
2016-09-24T04:17:24.299-0400: 24.085: [GC (GCLocker Initiated GC) [PSYoungGen: 137776K->66089K(175104K)] 305915K->252574K(699392K), 0.0065306 secs] [Times: user=0.09 sys=0.01, real=0.01 secs] 
2016-09-24T04:17:24.347-0400: 24.132: [GC (GCLocker Initiated GC) [PSYoungGen: 154153K->63181K(175104K)] 350417K->285944K(699392K), 0.0074008 secs] [Times: user=0.11 sys=0.01, real=0.01 secs] 
2016-09-24T04:17:24.425-0400: 24.210: [GC (GCLocker Initiated GC) [PSYoungGen: 151245K->46889K(175104K)] 376884K->292049K(699392K), 0.0079690 secs] [Times: user=0.06 sys=0.01, real=0.00 secs] 
2016-09-24T04:17:24.468-0400: 24.253: [GC (GCLocker Initiated GC) [PSYoungGen: 134953K->68637K(175104K)] 382976K->351127K(699392K), 0.0078140 secs] [Times: user=0.08 sys=0.00, real=0.01 secs] 
2016-09-24T04:17:24.552-0400: 24.337: [GC (GCLocker Initiated GC) [PSYoungGen: 156701K->61894K(150016K)] 442471K->372617K(674304K), 0.0077138 secs] [Times: user=0.11 sys=0.01, real=0.01 secs] 
2016-09-24T04:17:24.594-0400: 24.379: [GC (GCLocker Initiated GC) [PSYoungGen: 149958K->76656K(173056K)] 460838K->424706K(697344K), 0.0086894 secs] [Times: user=0.11 sys=0.01, real=0.02 secs] 
2016-09-24T04:17:24.635-0400: 24.420: [GC (GCLocker Initiated GC) [PSYoungGen: 163696K->67358K(174080K)] 517243K->444496K(698368K), 0.0079965 secs] [Times: user=0.11 sys=0.01, real=0.01 secs] 
2016-09-24T04:17:24.683-0400: 24.468: [GC (GCLocker Initiated GC) [PSYoungGen: 154398K->45655K(175104K)] 538396K->450592K(699392K), 0.0090539 secs] [Times: user=0.06 sys=0.01, real=0.00 secs] 
2016-09-24T04:17:24.724-0400: 24.509: [GC (GCLocker Initiated GC) [PSYoungGen: 133719K->57692K(175104K)] 538824K->487758K(699392K), 0.0076960 secs] [Times: user=0.08 sys=0.01, real=0.00 secs] 
2016-09-24T04:17:24.770-0400: 24.556: [GC (GCLocker Initiated GC) [PSYoungGen: 145756K->44307K(175104K)] 590747K->522318K(699392K), 0.0109022 secs] [Times: user=0.11 sys=0.01, real=0.01 secs] 
2016-09-24T04:17:24.827-0400: 24.612: [Full GC (Ergonomics) [PSYoungGen: 132371K->0K(175104K)] [ParOldGen: 484362K->160445K(524288K)] 616733K->160445K(699392K), [Metaspace: 43407K->43407K(1085440K)], 0.0460036 secs] [Times: user=0.35 sys=0.05, real=0.04 secs] 
2016-09-24T04:17:24.904-0400: 24.689: [GC (GCLocker Initiated GC) [PSYoungGen: 88064K->76949K(175104K)] 251312K->240198K(699392K), 0.0071713 secs] [Times: user=0.11 sys=0.00, real=0.00 secs] 
2016-09-24T04:17:24.948-0400: 24.733: [GC (GCLocker Initiated GC) [PSYoungGen: 165013K->69995K(175104K)] 331089K->263940K(699392K), 0.0073073 secs] [Times: user=0.11 sys=0.01, real=0.01 secs] 
2016-09-24T04:17:24.996-0400: 24.781: [GC (GCLocker Initiated GC) [PSYoungGen: 158059K->37343K(175104K)] 357770K->251155K(699392K), 0.0078540 secs] [Times: user=0.06 sys=0.01, real=0.01 secs] 
2016-09-24T04:17:25.039-0400: 24.824: [GC (GCLocker Initiated GC) [PSYoungGen: 125407K->50755K(175104K)] 342042K->292424K(699392K), 0.0085015 secs] [Times: user=0.09 sys=0.01, real=0.01 secs] 
2016-09-24T04:17:25.084-0400: 24.869: [GC (GCLocker Initiated GC) [PSYoungGen: 138819K->47059K(175104K)] 388800K->335302K(699392K), 0.0116710 secs] [Times: user=0.10 sys=0.02, real=0.01 secs] 
2016-09-24T04:17:25.128-0400: 24.914: [GC (GCLocker Initiated GC) [PSYoungGen: 135123K->61586K(175104K)] 423639K->376499K(699392K), 0.0113386 secs] [Times: user=0.11 sys=0.01, real=0.01 secs] 
2016-09-24T04:17:25.199-0400: 24.984: [GC (GCLocker Initiated GC) [PSYoungGen: 149650K->48640K(137216K)] 474209K->392574K(661504K), 0.0118348 secs] [Times: user=0.13 sys=0.02, real=0.01 secs] 
2016-09-24T04:17:25.245-0400: 25.030: [GC (GCLocker Initiated GC) [PSYoungGen: 136704K->64092K(175104K)] 483475K->425303K(699392K), 0.0078282 secs] [Times: user=0.10 sys=0.01, real=0.00 secs] 
2016-09-24T04:17:25.304-0400: 25.089: [GC (GCLocker Initiated GC) [PSYoungGen: 152668K->41394K(174592K)] 519357K->442148K(698880K), 0.0074630 secs] [Times: user=0.09 sys=0.01, real=0.00 secs] 
2016-09-24T04:17:25.352-0400: 25.137: [GC (GCLocker Initiated GC) [PSYoungGen: 129970K->28082K(174080K)] 536261K->470112K(698368K), 0.0063424 secs] [Times: user=0.07 sys=0.00, real=0.01 secs] 
2016-09-24T04:17:25.392-0400: 25.177: [GC (GCLocker Initiated GC) [PSYoungGen: 116146K->58022K(175104K)] 566456K->522514K(699392K), 0.0079178 secs] [Times: user=0.10 sys=0.00, real=0.01 secs] 
2016-09-24T04:17:25.439-0400: 25.224: [GC (GCLocker Initiated GC) [PSYoungGen: 146086K->52322K(168960K)] 617394K->540750K(693248K), 0.0084797 secs] [Times: user=0.06 sys=0.01, real=0.01 secs] 
2016-09-24T04:17:25.448-0400: 25.233: [Full GC (Ergonomics) [PSYoungGen: 52322K->0K(168960K)] [ParOldGen: 488427K->161220K(524288K)] 540750K->161220K(693248K), [Metaspace: 43416K->43416K(1085440K)], 0.0461372 secs] [Times: user=0.37 sys=0.05, real=0.05 secs] 
2016-09-24T04:17:25.539-0400: 25.324: [GC (GCLocker Initiated GC) [PSYoungGen: 89088K->68941K(172032K)] 265265K->245119K(696320K), 0.0129456 secs] [Times: user=0.15 sys=0.01, real=0.01 secs] 
2016-09-24T04:17:25.584-0400: 25.369: [GC (GCLocker Initiated GC) [PSYoungGen: 158029K->65955K(174080K)] 337137K->264972K(698368K), 0.0073992 secs] [Times: user=0.07 sys=0.01, real=0.00 secs] 
2016-09-24T04:17:25.628-0400: 25.413: [GC (GCLocker Initiated GC) [PSYoungGen: 154019K->59202K(147456K)] 357309K->282052K(671744K), 0.0098760 secs] [Times: user=0.15 sys=0.01, real=0.01 secs] 
2016-09-24T04:17:25.674-0400: 25.460: [GC (GCLocker Initiated GC) [PSYoungGen: 147266K->38589K(174080K)] 370236K->293353K(698368K), 0.0070138 secs] [Times: user=0.06 sys=0.01, real=0.00 secs] 
2016-09-24T04:17:25.724-0400: 25.509: [GC (GCLocker Initiated GC) [PSYoungGen: 127677K->68813K(174080K)] 390810K->366045K(698368K), 0.0083672 secs] [Times: user=0.11 sys=0.01, real=0.00 secs] 
2016-09-24T04:17:25.783-0400: 25.568: [GC (GCLocker Initiated GC) [PSYoungGen: 157901K->34523K(175104K)] 457965K->355663K(699392K), 0.0061885 secs] [Times: user=0.06 sys=0.00, real=0.00 secs] 
2016-09-24T04:17:25.815-0400: 25.600: [GC (GCLocker Initiated GC) [PSYoungGen: 122587K->53510K(141824K)] 443960K->390206K(666112K), 0.0084522 secs] [Times: user=0.08 sys=0.01, real=0.01 secs] 
2016-09-24T04:17:25.864-0400: 25.649: [GC (GCLocker Initiated GC) [PSYoungGen: 141574K->72616K(169984K)] 478399K->441139K(694272K), 0.0083684 secs] [Times: user=0.12 sys=0.00, real=0.00 secs] 
2016-09-24T04:17:25.905-0400: 25.690: [GC (GCLocker Initiated GC) [PSYoungGen: 158120K->64634K(172544K)] 530828K->486580K(696832K), 0.0088462 secs] [Times: user=0.13 sys=0.01, real=0.00 secs] 
2016-09-24T04:17:25.956-0400: 25.741: [GC (GCLocker Initiated GC) [PSYoungGen: 150138K->63296K(175104K)] 577581K->515775K(699392K), 0.0068448 secs] [Times: user=0.09 sys=0.01, real=0.01 secs] 
2016-09-24T04:17:25.998-0400: 25.783: [GC (GCLocker Initiated GC) [PSYoungGen: 151360K->74112K(175104K)] 606654K->543658K(699392K), 0.0101506 secs] [Times: user=0.09 sys=0.01, real=0.01 secs] 
2016-09-24T04:17:26.045-0400: 25.830: [Full GC (Ergonomics) [PSYoungGen: 162176K->0K(175104K)] [ParOldGen: 477786K->171716K(524288K)] 639963K->171716K(699392K), [Metaspace: 43417K->43417K(1085440K)], 0.0531436 secs] [Times: user=0.36 sys=0.05, real=0.05 secs] 
2016-09-24T04:17:26.134-0400: 25.919: [GC (GCLocker Initiated GC) [PSYoungGen: 88064K->77358K(175104K)] 265367K->254661K(699392K), 0.0086744 secs] [Times: user=0.09 sys=0.00, real=0.01 secs] 
2016-09-24T04:17:26.179-0400: 25.965: [GC (GCLocker Initiated GC) [PSYoungGen: 165422K->53854K(175104K)] 348364K->275903K(699392K), 0.0085328 secs] [Times: user=0.08 sys=0.01, real=0.01 secs] 
2016-09-24T04:17:26.235-0400: 26.020: [GC (GCLocker Initiated GC) [PSYoungGen: 141918K->56655K(175104K)] 364052K->307919K(699392K), 0.0072183 secs] [Times: user=0.08 sys=0.01, real=0.01 secs] 
2016-09-24T04:17:26.284-0400: 26.069: [GC (GCLocker Initiated GC) [PSYoungGen: 144719K->75734K(175104K)] 397450K->338768K(699392K), 0.0079320 secs] [Times: user=0.11 sys=0.00, real=0.00 secs] 
2016-09-24T04:17:26.330-0400: 26.115: [GC (GCLocker Initiated GC) [PSYoungGen: 163798K->72640K(175104K)] 426994K->370614K(699392K), 0.0088331 secs] [Times: user=0.07 sys=0.01, real=0.01 secs] 
2016-09-24T04:17:26.371-0400: 26.156: [GC (GCLocker Initiated GC) [PSYoungGen: 160704K->67566K(175104K)] 458913K->405672K(699392K), 0.0070723 secs] [Times: user=0.10 sys=0.00, real=0.01 secs] 
2016-09-24T04:17:26.418-0400: 26.204: [GC (GCLocker Initiated GC) [PSYoungGen: 155630K->63331K(175104K)] 496558K->420021K(699392K), 0.0067745 secs] [Times: user=0.07 sys=0.00, real=0.01 secs] 
2016-09-24T04:17:26.461-0400: 26.246: [GC (GCLocker Initiated GC) [PSYoungGen: 151395K->54238K(175104K)] 510886K->449789K(699392K), 0.0066840 secs] [Times: user=0.09 sys=0.01, real=0.01 secs] 
2016-09-24T04:17:26.548-0400: 26.333: [GC (GCLocker Initiated GC) [PSYoungGen: 142302K->52578K(175104K)] 540602K->472123K(699392K), 0.0074623 secs] [Times: user=0.07 sys=0.02, real=0.01 secs] 
2016-09-24T04:17:26.590-0400: 26.375: [GC (GCLocker Initiated GC) [PSYoungGen: 140642K->59340K(147456K)] 560316K->517872K(671744K), 0.0071947 secs] [Times: user=0.09 sys=0.01, real=0.01 secs] 
2016-09-24T04:17:26.641-0400: 26.427: [GC (Allocation Failure) [PSYoungGen: 147404K->59972K(176128K)] 612893K->553324K(700416K), 0.0079244 secs] [Times: user=0.07 sys=0.00, real=0.01 secs] 
2016-09-24T04:17:26.649-0400: 26.435: [Full GC (Ergonomics) [PSYoungGen: 59972K->0K(176128K)] [ParOldGen: 493351K->176863K(524288K)] 553324K->176863K(700416K), [Metaspace: 43427K->43427K(1085440K)], 0.0550229 secs] [Times: user=0.29 sys=0.06, real=0.06 secs] 
2016-09-24T04:17:26.754-0400: 26.539: [GC (GCLocker Initiated GC) [PSYoungGen: 89767K->66501K(173568K)] 269331K->246065K(697856K), 0.0057594 secs] [Times: user=0.09 sys=0.00, real=0.01 secs] 
2016-09-24T04:17:26.801-0400: 26.586: [GC (GCLocker Initiated GC) [PSYoungGen: 157125K->64751K(177664K)] 336785K->272680K(701952K), 0.0070251 secs] [Times: user=0.10 sys=0.01, real=0.01 secs] 
2016-09-24T04:17:26.842-0400: 26.627: [GC (GCLocker Initiated GC) [PSYoungGen: 159471K->68991K(176640K)] 367821K->305171K(700928K), 0.0078289 secs] [Times: user=0.08 sys=0.02, real=0.01 secs] 
2016-09-24T04:17:26.889-0400: 26.674: [GC (GCLocker Initiated GC) [PSYoungGen: 163711K->75776K(174080K)] 406893K->338889K(698368K), 0.0071565 secs] [Times: user=0.10 sys=0.00, real=0.01 secs] 
2016-09-24T04:17:26.934-0400: 26.720: [GC (GCLocker Initiated GC) [PSYoungGen: 166912K->60775K(176640K)] 438182K->349276K(700928K), 0.0101672 secs] [Times: user=0.13 sys=0.00, real=0.01 secs] 
2016-09-24T04:17:26.982-0400: 26.768: [GC (GCLocker Initiated GC) [PSYoungGen: 151911K->40314K(174080K)] 440536K->356848K(698368K), 0.0071934 secs] [Times: user=0.07 sys=0.00, real=0.00 secs] 
2016-09-24T04:17:27.028-0400: 26.813: [GC (GCLocker Initiated GC) [PSYoungGen: 130426K->74425K(164864K)] 448665K->416463K(689152K), 0.0073843 secs] [Times: user=0.10 sys=0.00, real=0.01 secs] 
2016-09-24T04:17:27.075-0400: 26.860: [GC (GCLocker Initiated GC) [PSYoungGen: 164537K->37592K(175104K)] 518901K->422649K(699392K), 0.0069692 secs] [Times: user=0.04 sys=0.01, real=0.01 secs] 
2016-09-24T04:17:27.122-0400: 26.907: [GC (GCLocker Initiated GC) [PSYoungGen: 125656K->47011K(175104K)] 513637K->461521K(699392K), 0.0065560 secs] [Times: user=0.05 sys=0.01, real=0.01 secs] 
2016-09-24T04:17:27.163-0400: 26.948: [GC (GCLocker Initiated GC) [PSYoungGen: 135075K->66330K(175104K)] 552432K->515633K(699392K), 0.0080508 secs] [Times: user=0.08 sys=0.01, real=0.00 secs] 
2016-09-24T04:17:27.208-0400: 26.994: [GC (GCLocker Initiated GC) [PSYoungGen: 154394K->70316K(175104K)] 603954K->564139K(699392K), 0.0148350 secs] [Times: user=0.20 sys=0.02, real=0.02 secs] 
2016-09-24T04:17:27.223-0400: 27.009: [Full GC (Ergonomics) [PSYoungGen: 70316K->0K(175104K)] [ParOldGen: 493822K->177164K(524288K)] 564139K->177164K(699392K), [Metaspace: 43428K->43428K(1085440K)], 0.0477338 secs] [Times: user=0.43 sys=0.05, real=0.04 secs] 
2016-09-24T04:17:27.313-0400: 27.098: [GC (GCLocker Initiated GC) [PSYoungGen: 88064K->68077K(175104K)] 265348K->245361K(699392K), 0.0064736 secs] [Times: user=0.05 sys=0.01, real=0.01 secs] 
2016-09-24T04:17:27.359-0400: 27.144: [GC (GCLocker Initiated GC) [PSYoungGen: 156141K->58247K(175104K)] 343117K->288521K(699392K), 0.0083466 secs] [Times: user=0.11 sys=0.01, real=0.01 secs] 
2016-09-24T04:17:27.403-0400: 27.188: [GC (GCLocker Initiated GC) [PSYoungGen: 146311K->74424K(175104K)] 380855K->326240K(699392K), 0.0104474 secs] [Times: user=0.17 sys=0.00, real=0.00 secs] 
2016-09-24T04:17:27.456-0400: 27.241: [GC (GCLocker Initiated GC) [PSYoungGen: 162488K->71452K(175104K)] 419776K->355475K(699392K), 0.0071992 secs] [Times: user=0.11 sys=0.01, real=0.01 secs] 
2016-09-24T04:17:27.502-0400: 27.287: [GC (GCLocker Initiated GC) [PSYoungGen: 159516K->70208K(175104K)] 443642K->390267K(699392K), 0.0074099 secs] [Times: user=0.11 sys=0.01, real=0.01 secs] 
2016-09-24T04:17:27.547-0400: 27.332: [GC (GCLocker Initiated GC) [PSYoungGen: 158272K->64878K(175104K)] 478458K->415651K(699392K), 0.0078576 secs] [Times: user=0.11 sys=0.01, real=0.01 secs] 
2016-09-24T04:17:27.605-0400: 27.390: [GC (GCLocker Initiated GC) [PSYoungGen: 152942K->47573K(175104K)] 510732K->430631K(699392K), 0.0071248 secs] [Times: user=0.08 sys=0.01, real=0.00 secs] 
2016-09-24T04:17:27.659-0400: 27.444: [GC (GCLocker Initiated GC) [PSYoungGen: 135637K->58212K(146432K)] 520168K->458923K(670720K), 0.0211374 secs] [Times: user=0.28 sys=0.02, real=0.02 secs] 
2016-09-24T04:17:27.723-0400: 27.508: [GC (GCLocker Initiated GC) [PSYoungGen: 146276K->79684K(174080K)] 557908K->504386K(698368K), 0.0074803 secs] [Times: user=0.10 sys=0.00, real=0.00 secs] 
2016-09-24T04:17:27.787-0400: 27.572: [GC (GCLocker Initiated GC) [PSYoungGen: 167236K->59400K(174592K)] 592035K->528247K(698880K), 0.0069396 secs] [Times: user=0.09 sys=0.01, real=0.01 secs] 
2016-09-24T04:17:27.831-0400: 27.616: [GC (GCLocker Initiated GC) [PSYoungGen: 146952K->66221K(175104K)] 615889K->556326K(699392K), 0.0094066 secs] [Times: user=0.11 sys=0.01, real=0.01 secs] 
2016-09-24T04:17:27.840-0400: 27.625: [Full GC (Ergonomics) [PSYoungGen: 66221K->0K(175104K)] [ParOldGen: 490105K->182882K(524288K)] 556326K->182882K(699392K), [Metaspace: 43433K->43433K(1085440K)], 0.0598814 secs] [Times: user=0.53 sys=0.07, real=0.06 secs] 
2016-09-24T04:17:27.961-0400: 27.747: [GC (GCLocker Initiated GC) [PSYoungGen: 88064K->62411K(150528K)] 273713K->248060K(674816K), 0.0058903 secs] [Times: user=0.05 sys=0.02, real=0.01 secs] 
2016-09-24T04:17:28.007-0400: 27.792: [GC (GCLocker Initiated GC) [PSYoungGen: 150475K->56796K(174592K)] 336266K->274990K(698880K), 0.0126617 secs] [Times: user=0.09 sys=0.01, real=0.01 secs] 
2016-09-24T04:17:28.090-0400: 27.875: [GC (GCLocker Initiated GC) [PSYoungGen: 145884K->60780K(173568K)] 369578K->307284K(697856K), 0.0133697 secs] [Times: user=0.12 sys=0.02, real=0.02 secs] 
2016-09-24T04:17:28.175-0400: 27.960: [GC (GCLocker Initiated GC) [PSYoungGen: 149868K->37647K(172032K)] 399125K->318954K(696320K), 0.0270630 secs] [Times: user=0.29 sys=0.03, real=0.02 secs] 
2016-09-24T04:17:28.254-0400: 28.039: [GC (GCLocker Initiated GC) [PSYoungGen: 127247K->44483K(174592K)] 412717K->345732K(698880K), 0.0077995 secs] [Times: user=0.06 sys=0.01, real=0.01 secs] 
2016-09-24T04:17:28.310-0400: 28.095: [GC (GCLocker Initiated GC) [PSYoungGen: 134083K->51150K(174080K)] 440869K->387325K(698368K), 0.0090680 secs] [Times: user=0.09 sys=0.01, real=0.01 secs] 
2016-09-24T04:17:28.375-0400: 28.160: [GC (GCLocker Initiated GC) [PSYoungGen: 143310K->60816K(175616K)] 484957K->415418K(699904K), 0.0078684 secs] [Times: user=0.06 sys=0.00, real=0.01 secs] 
2016-09-24T04:17:28.437-0400: 28.222: [GC (GCLocker Initiated GC) [PSYoungGen: 152976K->53335K(174080K)] 519799K->442834K(698368K), 0.0104943 secs] [Times: user=0.12 sys=0.00, real=0.01 secs] 
2016-09-24T04:17:28.492-0400: 28.277: [GC (GCLocker Initiated GC) [PSYoungGen: 149591K->62286K(176640K)] 539270K->487192K(700928K), 0.0077182 secs] [Times: user=0.11 sys=0.00, real=0.01 secs] 
2016-09-24T04:17:28.544-0400: 28.329: [GC (GCLocker Initiated GC) [PSYoungGen: 158542K->54335K(178176K)] 593028K->510043K(702464K), 0.0086145 secs] [Times: user=0.09 sys=0.00, real=0.00 secs] 
2016-09-24T04:17:28.610-0400: 28.395: [GC (GCLocker Initiated GC) [PSYoungGen: 156223K->36553K(180224K)] 621508K->530275K(704512K), 0.0081645 secs] [Times: user=0.08 sys=0.01, real=0.01 secs] 
2016-09-24T04:17:28.618-0400: 28.404: [Full GC (Ergonomics) [PSYoungGen: 36553K->0K(180224K)] [ParOldGen: 493721K->184670K(524288K)] 530275K->184670K(704512K), [Metaspace: 43593K->43593K(1085440K)], 0.0528279 secs] [Times: user=0.31 sys=0.00, real=0.05 secs] 
2016-09-24T04:17:28.722-0400: 28.507: [GC (GCLocker Initiated GC) [PSYoungGen: 101888K->70687K(175104K)] 293507K->262307K(699392K), 0.0087327 secs] [Times: user=0.10 sys=0.00, real=0.01 secs] 
2016-09-24T04:17:28.781-0400: 28.566: [GC (GCLocker Initiated GC) [PSYoungGen: 165919K->54044K(178688K)] 360493K->278340K(702976K), 0.0082006 secs] [Times: user=0.08 sys=0.00, real=0.01 secs] 
2016-09-24T04:17:28.851-0400: 28.636: [GC (GCLocker Initiated GC) [PSYoungGen: 149276K->47697K(175104K)] 387591K->310069K(699392K), 0.0066330 secs] [Times: user=0.08 sys=0.00, real=0.01 secs] 
2016-09-24T04:17:28.902-0400: 28.687: [GC (GCLocker Initiated GC) [PSYoungGen: 144977K->52452K(177664K)] 414192K->327011K(701952K), 0.0089927 secs] [Times: user=0.08 sys=0.00, real=0.01 secs] 
2016-09-24T04:17:28.970-0400: 28.755: [GC (GCLocker Initiated GC) [PSYoungGen: 149732K->37494K(181248K)] 431267K->336117K(705536K), 0.0067435 secs] [Times: user=0.06 sys=0.00, real=0.01 secs] 
2016-09-24T04:17:29.037-0400: 28.822: [GC (GCLocker Initiated GC) [PSYoungGen: 140406K->67733K(171008K)] 456424K->397928K(695296K), 0.0099317 secs] [Times: user=0.08 sys=0.00, real=0.01 secs] 
2016-09-24T04:17:29.115-0400: 28.900: [GC (GCLocker Initiated GC) [PSYoungGen: 170645K->38916K(180224K)] 507726K->404156K(704512K), 0.0083199 secs] [Times: user=0.11 sys=0.00, real=0.01 secs] 
2016-09-24T04:17:29.177-0400: 28.962: [GC (GCLocker Initiated GC) [PSYoungGen: 137220K->47058K(145408K)] 502528K->434711K(669696K), 0.0133480 secs] [Times: user=0.20 sys=0.00, real=0.01 secs] 
2016-09-24T04:17:29.233-0400: 29.018: [GC (GCLocker Initiated GC) [PSYoungGen: 145362K->78576K(168448K)] 533212K->483556K(692736K), 0.0090498 secs] [Times: user=0.08 sys=0.01, real=0.01 secs] 
2016-09-24T04:17:29.298-0400: 29.083: [GC (GCLocker Initiated GC) [PSYoungGen: 166640K->52741K(175104K)] 582662K->491500K(699392K), 0.0093692 secs] [Times: user=0.09 sys=0.01, real=0.01 secs] 
2016-09-24T04:17:29.367-0400: 29.152: [GC (GCLocker Initiated GC) [PSYoungGen: 140805K->47124K(169472K)] 586473K->509985K(693760K), 0.0071863 secs] [Times: user=0.07 sys=0.00, real=0.00 secs] 
2016-09-24T04:17:29.415-0400: 29.200: [GC (GCLocker Initiated GC) [PSYoungGen: 137748K->59339K(173568K)] 608821K->556954K(697856K), 0.0074483 secs] [Times: user=0.11 sys=0.00, real=0.01 secs] 
2016-09-24T04:17:29.422-0400: 29.208: [Full GC (Ergonomics) [PSYoungGen: 59339K->0K(173568K)] [ParOldGen: 497615K->206421K(524288K)] 556954K->206421K(697856K), [Metaspace: 43613K->43613K(1087488K)], 0.0489805 secs] [Times: user=0.41 sys=0.01, real=0.04 secs] 
2016-09-24T04:17:29.523-0400: 29.309: [GC (GCLocker Initiated GC) [PSYoungGen: 90624K->62550K(178176K)] 297092K->269019K(702464K), 0.0139015 secs] [Times: user=0.17 sys=0.00, real=0.01 secs] 
2016-09-24T04:17:29.588-0400: 29.373: [GC (GCLocker Initiated GC) [PSYoungGen: 159830K->68988K(166400K)] 366386K->290320K(690688K), 0.0180995 secs] [Times: user=0.21 sys=0.01, real=0.02 secs] 
2016-09-24T04:17:29.667-0400: 29.452: [GC (GCLocker Initiated GC) [PSYoungGen: 166268K->56802K(180224K)] 397083K->314271K(704512K), 0.0085289 secs] [Times: user=0.11 sys=0.00, real=0.01 secs] 
2016-09-24T04:17:29.716-0400: 29.501: [GC (GCLocker Initiated GC) [PSYoungGen: 152546K->68876K(177664K)] 412814K->346356K(701952K), 0.0072822 secs] [Times: user=0.08 sys=0.00, real=0.01 secs] 
2016-09-24T04:17:29.778-0400: 29.563: [GC (GCLocker Initiated GC) [PSYoungGen: 164620K->65936K(177664K)] 442171K->371503K(701952K), 0.0075783 secs] [Times: user=0.09 sys=0.01, real=0.01 secs] 
2016-09-24T04:17:29.827-0400: 29.612: [GC (GCLocker Initiated GC) [PSYoungGen: 160144K->62136K(156672K)] 472591K->387397K(680960K), 0.0085981 secs] [Times: user=0.09 sys=0.00, real=0.01 secs] 
2016-09-24T04:17:29.886-0400: 29.671: [GC (GCLocker Initiated GC) [PSYoungGen: 156344K->36139K(176128K)] 491220K->408495K(700416K), 0.0091697 secs] [Times: user=0.09 sys=0.00, real=0.01 secs] 
2016-09-24T04:17:29.950-0400: 29.735: [GC (GCLocker Initiated GC) [PSYoungGen: 129323K->41740K(177664K)] 516817K->440777K(701952K), 0.0179279 secs] [Times: user=0.23 sys=0.00, real=0.02 secs] 
2016-09-24T04:17:30.013-0400: 29.799: [GC (GCLocker Initiated GC) [PSYoungGen: 134924K->32148K(175104K)] 534004K->444314K(699392K), 0.0092769 secs] [Times: user=0.12 sys=0.00, real=0.02 secs] 
2016-09-24T04:17:30.072-0400: 29.857: [GC (GCLocker Initiated GC) [PSYoungGen: 123284K->82320K(173568K)] 539763K->526498K(697856K), 0.0126209 secs] [Times: user=0.12 sys=0.00, real=0.02 secs] 
2016-09-24T04:17:30.148-0400: 29.933: [GC (GCLocker Initiated GC) [PSYoungGen: 173456K->41639K(175104K)] 624476K->515127K(699392K), 0.0185317 secs] [Times: user=0.22 sys=0.00, real=0.02 secs] 
2016-09-24T04:17:30.213-0400: 29.998: [Full GC (Ergonomics) [PSYoungGen: 129703K->0K(175104K)] [ParOldGen: 484372K->203916K(524288K)] 614076K->203916K(699392K), [Metaspace: 43621K->43621K(1087488K)], 0.0719763 secs] [Times: user=0.45 sys=0.01, real=0.08 secs] 
2016-09-24T04:17:30.330-0400: 30.115: [GC (GCLocker Initiated GC) [PSYoungGen: 88064K->59446K(175104K)] 293983K->265365K(699392K), 0.0069370 secs] [Times: user=0.08 sys=0.00, real=0.01 secs] 
2016-09-24T04:17:30.379-0400: 30.164: [GC (GCLocker Initiated GC) [PSYoungGen: 147510K->53785K(174080K)] 359028K->304123K(698368K), 0.0126763 secs] [Times: user=0.18 sys=0.01, real=0.01 secs] 
2016-09-24T04:17:30.432-0400: 30.217: [GC (GCLocker Initiated GC) [PSYoungGen: 141849K->71531K(174592K)] 392353K->338941K(698880K), 0.0074954 secs] [Times: user=0.09 sys=0.02, real=0.01 secs] 
2016-09-24T04:17:30.473-0400: 30.258: [GC (GCLocker Initiated GC) [PSYoungGen: 159595K->64800K(175104K)] 436539K->360193K(699392K), 0.0078271 secs] [Times: user=0.11 sys=0.00, real=0.01 secs] 
2016-09-24T04:17:30.521-0400: 30.306: [GC (GCLocker Initiated GC) [PSYoungGen: 152864K->55134K(143360K)] 448442K->385444K(667648K), 0.0070821 secs] [Times: user=0.10 sys=0.00, real=0.01 secs] 
2016-09-24T04:17:30.561-0400: 30.347: [GC (GCLocker Initiated GC) [PSYoungGen: 143198K->57986K(177152K)] 476364K->435010K(701440K), 0.0087661 secs] [Times: user=0.13 sys=0.00, real=0.01 secs] 
2016-09-24T04:17:30.612-0400: 30.397: [GC (GCLocker Initiated GC) [PSYoungGen: 148610K->59094K(150016K)] 533856K->470797K(674304K), 0.0079871 secs] [Times: user=0.07 sys=0.01, real=0.01 secs] 
2016-09-24T04:17:30.672-0400: 30.457: [GC (GCLocker Initiated GC) [PSYoungGen: 149718K->52665K(175104K)] 572401K->512550K(699392K), 0.0072976 secs] [Times: user=0.10 sys=0.00, real=0.01 secs] 
2016-09-24T04:17:30.715-0400: 30.500: [GC (GCLocker Initiated GC) [PSYoungGen: 145849K->71435K(173568K)] 608659K->551347K(697856K), 0.0090474 secs] [Times: user=0.15 sys=0.00, real=0.01 secs] 
2016-09-24T04:17:30.724-0400: 30.509: [Full GC (Ergonomics) [PSYoungGen: 71435K->0K(173568K)] [ParOldGen: 479911K->223318K(524288K)] 551347K->223318K(697856K), [Metaspace: 43637K->43637K(1087488K)], 0.0514512 secs] [Times: user=0.52 sys=0.01, real=0.05 secs] 
2016-09-24T04:17:30.819-0400: 30.604: [GC (GCLocker Initiated GC) [PSYoungGen: 93184K->78556K(171520K)] 324754K->310126K(695808K), 0.0081646 secs] [Times: user=0.13 sys=0.00, real=0.01 secs] 
2016-09-24T04:17:30.879-0400: 30.664: [GC (GCLocker Initiated GC) [PSYoungGen: 166620K->32235K(175104K)] 401151K->284112K(699392K), 0.0054190 secs] [Times: user=0.07 sys=0.00, real=0.01 secs] 
2016-09-24T04:17:30.917-0400: 30.702: [GC (GCLocker Initiated GC) [PSYoungGen: 120299K->79517K(175104K)] 372308K->351123K(699392K), 0.0071851 secs] [Times: user=0.12 sys=0.00, real=0.01 secs] 
2016-09-24T04:17:30.969-0400: 30.754: [GC (GCLocker Initiated GC) [PSYoungGen: 167581K->60704K(175104K)] 452695K->374849K(699392K), 0.0089843 secs] [Times: user=0.07 sys=0.00, real=0.01 secs] 
2016-09-24T04:17:31.022-0400: 30.808: [GC (GCLocker Initiated GC) [PSYoungGen: 148768K->41690K(175104K)] 480561K->391905K(699392K), 0.0058640 secs] [Times: user=0.06 sys=0.00, real=0.00 secs] 
2016-09-24T04:17:31.066-0400: 30.851: [GC (GCLocker Initiated GC) [PSYoungGen: 129754K->65841K(175104K)] 490851K->446573K(699392K), 0.0065981 secs] [Times: user=0.10 sys=0.00, real=0.00 secs] 
2016-09-24T04:17:31.108-0400: 30.894: [GC (GCLocker Initiated GC) [PSYoungGen: 153905K->53787K(175104K)] 536231K->459660K(699392K), 0.0071953 secs] [Times: user=0.10 sys=0.00, real=0.01 secs] 
2016-09-24T04:17:31.154-0400: 30.939: [GC (GCLocker Initiated GC) [PSYoungGen: 141851K->64601K(175104K)] 550626K->491736K(699392K), 0.0075093 secs] [Times: user=0.09 sys=0.00, real=0.01 secs] 
2016-09-24T04:17:31.194-0400: 30.979: [GC (GCLocker Initiated GC) [PSYoungGen: 152665K->59315K(172032K)] 585283K->522409K(696320K), 0.0073423 secs] [Times: user=0.11 sys=0.00, real=0.00 secs] 
2016-09-24T04:17:31.239-0400: 31.024: [GC (GCLocker Initiated GC) [PSYoungGen: 147379K->67527K(173568K)] 616627K->560558K(697856K), 0.0072197 secs] [Times: user=0.11 sys=0.00, real=0.01 secs] 
2016-09-24T04:17:31.247-0400: 31.032: [Full GC (Ergonomics) [PSYoungGen: 67527K->0K(173568K)] [ParOldGen: 493031K->219027K(524288K)] 560558K->219027K(697856K), [Metaspace: 43638K->43638K(1087488K)], 0.0471977 secs] [Times: user=0.38 sys=0.00, real=0.04 secs] 
2016-09-24T04:17:31.329-0400: 31.114: [GC (GCLocker Initiated GC) [PSYoungGen: 88064K->78212K(174080K)] 309919K->300067K(698368K), 0.0227771 secs] [Times: user=0.34 sys=0.00, real=0.02 secs] 
2016-09-24T04:17:31.386-0400: 31.171: [GC (GCLocker Initiated GC) [PSYoungGen: 166276K->68947K(175104K)] 396468K->312079K(699392K), 0.0069481 secs] [Times: user=0.10 sys=0.00, real=0.00 secs] 
2016-09-24T04:17:31.433-0400: 31.218: [GC (GCLocker Initiated GC) [PSYoungGen: 157011K->61690K(175104K)] 401734K->334297K(699392K), 0.0073859 secs] [Times: user=0.12 sys=0.00, real=0.01 secs] 
2016-09-24T04:17:31.472-0400: 31.258: [GC (GCLocker Initiated GC) [PSYoungGen: 149754K->70063K(175104K)] 427884K->370317K(699392K), 0.0076768 secs] [Times: user=0.12 sys=0.00, real=0.01 secs] 
2016-09-24T04:17:31.519-0400: 31.304: [GC (GCLocker Initiated GC) [PSYoungGen: 158127K->62093K(172032K)] 461155K->394268K(696320K), 0.0070144 secs] [Times: user=0.10 sys=0.00, real=0.01 secs] 
2016-09-24T04:17:31.557-0400: 31.342: [GC (GCLocker Initiated GC) [PSYoungGen: 150157K->53913K(173568K)] 485062K->405889K(697856K), 0.0069464 secs] [Times: user=0.08 sys=0.00, real=0.01 secs] 
2016-09-24T04:17:31.599-0400: 31.384: [GC (Allocation Failure) [PSYoungGen: 141977K->49882K(176128K)] 502160K->425718K(700416K), 0.0063130 secs] [Times: user=0.06 sys=0.00, real=0.01 secs] 
2016-09-24T04:17:31.606-0400: 31.391: [GC (GCLocker Initiated GC) [PSYoungGen: 53107K->2732K(94720K)] 428943K->455242K(619008K), 0.0070901 secs] [Times: user=0.08 sys=0.00, real=0.00 secs] 
2016-09-24T04:17:31.651-0400: 31.437: [GC (GCLocker Initiated GC) [PSYoungGen: 94373K->74387K(175104K)] 546996K->535126K(699392K), 0.0066556 secs] [Times: user=0.09 sys=0.00, real=0.01 secs] 
2016-09-24T04:17:31.691-0400: 31.476: [GC (GCLocker Initiated GC) [PSYoungGen: 162451K->68742K(175104K)] 625904K->553425K(699392K), 0.0076889 secs] [Times: user=0.09 sys=0.00, real=0.01 secs] 
2016-09-24T04:17:31.699-0400: 31.484: [Full GC (Ergonomics) [PSYoungGen: 68742K->0K(175104K)] [ParOldGen: 484683K->222131K(524288K)] 553425K->222131K(699392K), [Metaspace: 43651K->43651K(1087488K)], 0.0530476 secs] [Times: user=0.39 sys=0.02, real=0.05 secs] 
2016-09-24T04:17:31.785-0400: 31.570: [GC (GCLocker Initiated GC) [PSYoungGen: 88064K->78595K(175104K)] 314329K->304861K(699392K), 0.0060984 secs] [Times: user=0.07 sys=0.00, real=0.00 secs] 
2016-09-24T04:17:31.830-0400: 31.615: [GC (GCLocker Initiated GC) [PSYoungGen: 166659K->51131K(175104K)] 392940K->308234K(699392K), 0.0092351 secs] [Times: user=0.13 sys=0.00, real=0.01 secs] 
2016-09-24T04:17:31.867-0400: 31.652: [GC (GCLocker Initiated GC) [PSYoungGen: 139195K->68759K(175104K)] 396369K->342923K(699392K), 0.0069688 secs] [Times: user=0.07 sys=0.01, real=0.00 secs] 
2016-09-24T04:17:31.911-0400: 31.696: [GC (Allocation Failure) [PSYoungGen: 156823K->62017K(175104K)] 433737K->374850K(699392K), 0.0073795 secs] [Times: user=0.10 sys=0.01, real=0.01 secs] 
2016-09-24T04:17:31.954-0400: 31.739: [GC (GCLocker Initiated GC) [PSYoungGen: 150081K->59396K(175104K)] 463127K->390791K(699392K), 0.0064836 secs] [Times: user=0.08 sys=0.00, real=0.00 secs] 
2016-09-24T04:17:31.990-0400: 31.775: [GC (GCLocker Initiated GC) [PSYoungGen: 147460K->60611K(175104K)] 481720K->425423K(699392K), 0.0074143 secs] [Times: user=0.09 sys=0.00, real=0.01 secs] 
2016-09-24T04:17:32.030-0400: 31.815: [GC (GCLocker Initiated GC) [PSYoungGen: 148675K->72807K(175104K)] 519045K->488443K(699392K), 0.0101710 secs] [Times: user=0.16 sys=0.01, real=0.01 secs] 
2016-09-24T04:17:32.079-0400: 31.864: [GC (GCLocker Initiated GC) [PSYoungGen: 160871K->63411K(175104K)] 579306K->508325K(699392K), 0.0066579 secs] [Times: user=0.09 sys=0.00, real=0.01 secs] 
2016-09-24T04:17:32.117-0400: 31.902: [GC (GCLocker Initiated GC) [PSYoungGen: 151475K->56546K(173056K)] 596612K->543062K(697344K), 0.0071979 secs] [Times: user=0.11 sys=0.00, real=0.01 secs] 
2016-09-24T04:17:32.124-0400: 31.909: [Full GC (Ergonomics) [PSYoungGen: 56546K->0K(173056K)] [ParOldGen: 486516K->223845K(524288K)] 543062K->223845K(697344K), [Metaspace: 43651K->43651K(1087488K)], 0.0461345 secs] [Times: user=0.42 sys=0.00, real=0.04 secs] 
2016-09-24T04:17:32.207-0400: 31.992: [GC (GCLocker Initiated GC) [PSYoungGen: 88064K->81246K(174080K)] 320125K->313307K(698368K), 0.0070099 secs] [Times: user=0.11 sys=0.00, real=0.00 secs] 
2016-09-24T04:17:32.245-0400: 32.030: [GC (GCLocker Initiated GC) [PSYoungGen: 169310K->67457K(175104K)] 402555K->338313K(699392K), 0.0071812 secs] [Times: user=0.10 sys=0.00, real=0.00 secs] 
2016-09-24T04:17:32.283-0400: 32.068: [GC (GCLocker Initiated GC) [PSYoungGen: 155521K->72824K(175104K)] 428012K->371761K(699392K), 0.0080759 secs] [Times: user=0.12 sys=0.00, real=0.00 secs] 
2016-09-24T04:17:32.328-0400: 32.113: [GC (GCLocker Initiated GC) [PSYoungGen: 160888K->48463K(175104K)] 465347K->371225K(699392K), 0.0078734 secs] [Times: user=0.07 sys=0.00, real=0.01 secs] 
2016-09-24T04:17:32.369-0400: 32.154: [GC (GCLocker Initiated GC) [PSYoungGen: 136527K->58047K(175104K)] 470210K->418145K(699392K), 0.0070823 secs] [Times: user=0.10 sys=0.00, real=0.01 secs] 
2016-09-24T04:17:32.409-0400: 32.194: [GC (GCLocker Initiated GC) [PSYoungGen: 146111K->74137K(175104K)] 511740K->454145K(699392K), 0.0070021 secs] [Times: user=0.10 sys=0.00, real=0.01 secs] 
2016-09-24T04:17:32.453-0400: 32.238: [GC (GCLocker Initiated GC) [PSYoungGen: 162201K->66011K(175104K)] 545086K->478019K(699392K), 0.0071595 secs] [Times: user=0.12 sys=0.00, real=0.01 secs] 
2016-09-24T04:17:32.491-0400: 32.277: [GC (GCLocker Initiated GC) [PSYoungGen: 154075K->67548K(175104K)] 568870K->508768K(699392K), 0.0075369 secs] [Times: user=0.12 sys=0.00, real=0.01 secs] 
2016-09-24T04:17:32.534-0400: 32.319: [GC (GCLocker Initiated GC) [PSYoungGen: 155612K->56551K(144896K)] 599621K->521700K(669184K), 0.0096265 secs] [Times: user=0.11 sys=0.00, real=0.02 secs] 
2016-09-24T04:17:32.577-0400: 32.362: [GC (GCLocker Initiated GC) [PSYoungGen: 144615K->53933K(175104K)] 612576K->552515K(699392K), 0.0080508 secs] [Times: user=0.10 sys=0.00, real=0.01 secs] 
2016-09-24T04:17:32.585-0400: 32.370: [Full GC (Ergonomics) [PSYoungGen: 53933K->0K(175104K)] [ParOldGen: 498582K->228796K(524288K)] 552515K->228796K(699392K), [Metaspace: 43653K->43653K(1087488K)], 0.0478434 secs] [Times: user=0.41 sys=0.00, real=0.04 secs] 
2016-09-24T04:17:32.666-0400: 32.451: [GC (GCLocker Initiated GC) [PSYoungGen: 88576K->84076K(174592K)] 331892K->327392K(698880K), 0.0073595 secs] [Times: user=0.08 sys=0.01, real=0.00 secs] 
2016-09-24T04:17:32.711-0400: 32.496: [GC (GCLocker Initiated GC) [PSYoungGen: 172652K->63201K(175104K)] 416058K->337561K(699392K), 0.0069436 secs] [Times: user=0.11 sys=0.00, real=0.01 secs] 
2016-09-24T04:17:32.752-0400: 32.537: [GC (GCLocker Initiated GC) [PSYoungGen: 151265K->49873K(175104K)] 428429K->380381K(699392K), 0.0074409 secs] [Times: user=0.11 sys=0.00, real=0.01 secs] 
2016-09-24T04:17:32.790-0400: 32.575: [GC (GCLocker Initiated GC) [PSYoungGen: 137937K->63316K(175104K)] 468523K->428509K(699392K), 0.0077782 secs] [Times: user=0.12 sys=0.00, real=0.01 secs] 
2016-09-24T04:17:32.835-0400: 32.620: [GC (GCLocker Initiated GC) [PSYoungGen: 151380K->71621K(175104K)] 530249K->478295K(699392K), 0.0077394 secs] [Times: user=0.11 sys=0.00, real=0.01 secs] 
2016-09-24T04:17:32.878-0400: 32.663: [GC (GCLocker Initiated GC) [PSYoungGen: 159685K->63370K(172032K)] 569227K->490074K(696320K), 0.0071909 secs] [Times: user=0.10 sys=0.00, real=0.01 secs] 
2016-09-24T04:17:32.920-0400: 32.705: [GC (GCLocker Initiated GC) [PSYoungGen: 151434K->68779K(173568K)] 586336K->542277K(697856K), 0.0086697 secs] [Times: user=0.12 sys=0.00, real=0.01 secs] 
2016-09-24T04:17:32.929-0400: 32.714: [Full GC (Ergonomics) [PSYoungGen: 68779K->0K(173568K)] [ParOldGen: 473497K->225270K(524288K)] 542277K->225270K(697856K), [Metaspace: 43657K->43657K(1087488K)], 0.1309222 secs] [Times: user=1.73 sys=0.00, real=0.13 secs] 
2016-09-24T04:17:33.095-0400: 32.880: [GC (GCLocker Initiated GC) [PSYoungGen: 88064K->71578K(176128K)] 313940K->297454K(700416K), 0.0061936 secs] [Times: user=0.08 sys=0.00, real=0.00 secs] 
2016-09-24T04:17:33.127-0400: 32.912: [GC (GCLocker Initiated GC) [PSYoungGen: 162714K->84999K(176640K)] 391451K->337636K(700928K), 0.0083391 secs] [Times: user=0.12 sys=0.01, real=0.01 secs] 
2016-09-24T04:17:33.178-0400: 32.963: [GC (GCLocker Initiated GC) [PSYoungGen: 176135K->55070K(173568K)] 431715K->346513K(697856K), 0.0069837 secs] [Times: user=0.09 sys=0.00, real=0.01 secs] 
2016-09-24T04:17:33.213-0400: 32.998: [GC (GCLocker Initiated GC) [PSYoungGen: 143134K->66110K(175104K)] 442709K->390651K(699392K), 0.0066621 secs] [Times: user=0.10 sys=0.00, real=0.01 secs] 
2016-09-24T04:17:33.258-0400: 33.043: [GC (GCLocker Initiated GC) [PSYoungGen: 154174K->70135K(175104K)] 484887K->425981K(699392K), 0.0084412 secs] [Times: user=0.06 sys=0.01, real=0.01 secs] 
2016-09-24T04:17:33.296-0400: 33.081: [GC (GCLocker Initiated GC) [PSYoungGen: 158199K->78219K(175104K)] 516977K->467562K(699392K), 0.0087216 secs] [Times: user=0.11 sys=0.01, real=0.01 secs] 
2016-09-24T04:17:33.338-0400: 33.123: [GC (GCLocker Initiated GC) [PSYoungGen: 166283K->53724K(175104K)] 558552K->475144K(699392K), 0.0083166 secs] [Times: user=0.08 sys=0.01, real=0.01 secs] 
2016-09-24T04:17:33.378-0400: 33.163: [GC (GCLocker Initiated GC) [PSYoungGen: 141788K->67382K(175104K)] 568709K->517967K(699392K), 0.0082804 secs] [Times: user=0.10 sys=0.01, real=0.01 secs] 
2016-09-24T04:17:36.338-0400: 36.123: [GC (GCLocker Initiated GC) [PSYoungGen: 155446K->68790K(175104K)] 606257K->554168K(699392K), 0.0083367 secs] [Times: user=0.12 sys=0.00, real=0.01 secs] 
2016-09-24T04:17:36.346-0400: 36.131: [Full GC (Ergonomics) [PSYoungGen: 68790K->0K(175104K)] [ParOldGen: 485377K->227119K(524288K)] 554168K->227119K(699392K), [Metaspace: 43657K->43657K(1087488K)], 0.0544700 secs] [Times: user=0.39 sys=0.01, real=0.05 secs] 
2016-09-24T04:17:36.443-0400: 36.228: [GC (GCLocker Initiated GC) [PSYoungGen: 88064K->59506K(147968K)] 318076K->289519K(672256K), 0.0102190 secs] [Times: user=0.10 sys=0.00, real=0.00 secs] 
2016-09-24T04:17:36.497-0400: 36.282: [GC (GCLocker Initiated GC) [PSYoungGen: 147570K->62044K(175104K)] 381830K->306750K(699392K), 0.0066692 secs] [Times: user=0.08 sys=0.00, real=0.01 secs] 
2016-09-24T04:17:36.545-0400: 36.330: [GC (GCLocker Initiated GC) [PSYoungGen: 151132K->60734K(174080K)] 397283K->329396K(698368K), 0.0074210 secs] [Times: user=0.09 sys=0.00, real=0.00 secs] 
2016-09-24T04:17:36.594-0400: 36.379: [GC (Allocation Failure) [PSYoungGen: 149822K->49789K(173568K)] 421459K->356107K(697856K), 0.0078320 secs] [Times: user=0.08 sys=0.00, real=0.01 secs] 
2016-09-24T04:17:36.603-0400: 36.388: [GC (GCLocker Initiated GC) [PSYoungGen: 49892K->64K(174592K)] 356210K->370722K(698880K), 0.0128266 secs] [Times: user=0.17 sys=0.00, real=0.01 secs] 
2016-09-24T04:17:36.672-0400: 36.457: [GC (GCLocker Initiated GC) [PSYoungGen: 90176K->69096K(175104K)] 460849K->439777K(699392K), 0.0166059 secs] [Times: user=0.22 sys=0.00, real=0.02 secs] 
2016-09-24T04:17:36.722-0400: 36.507: [GC (GCLocker Initiated GC) [PSYoungGen: 157160K->63179K(175104K)] 533398K->456801K(699392K), 0.0137322 secs] [Times: user=0.21 sys=0.00, real=0.02 secs] 
2016-09-24T04:17:36.779-0400: 36.564: [GC (GCLocker Initiated GC) [PSYoungGen: 151243K->59257K(175104K)] 553171K->490258K(699392K), 0.0086725 secs] [Times: user=0.10 sys=0.01, real=0.01 secs] 
2016-09-24T04:17:36.831-0400: 36.616: [GC (GCLocker Initiated GC) [PSYoungGen: 147321K->64840K(175104K)] 585203K->530457K(699392K), 0.0083133 secs] [Times: user=0.10 sys=0.00, real=0.01 secs] 
2016-09-24T04:17:36.878-0400: 36.664: [Full GC (Ergonomics) [PSYoungGen: 152904K->0K(175104K)] [ParOldGen: 474022K->233157K(524288K)] 626926K->233157K(699392K), [Metaspace: 43658K->43658K(1087488K)], 0.0541702 secs] [Times: user=0.36 sys=0.00, real=0.05 secs] 
2016-09-24T04:17:36.987-0400: 36.772: [GC (GCLocker Initiated GC) [PSYoungGen: 88064K->31103K(175104K)] 338899K->281938K(699392K), 0.0079811 secs] [Times: user=0.10 sys=0.00, real=0.01 secs] 
2016-09-24T04:17:37.025-0400: 36.810: [GC (GCLocker Initiated GC) [PSYoungGen: 119167K->86315K(175104K)] 375564K->365448K(699392K), 0.0079959 secs] [Times: user=0.10 sys=0.00, real=0.00 secs] 
2016-09-24T04:17:37.070-0400: 36.856: [GC (GCLocker Initiated GC) [PSYoungGen: 174379K->52489K(175104K)] 455560K->366834K(699392K), 0.0071913 secs] [Times: user=0.09 sys=0.01, real=0.01 secs] 
2016-09-24T04:17:37.113-0400: 36.898: [GC (GCLocker Initiated GC) [PSYoungGen: 140553K->42717K(175104K)] 455037K->388941K(699392K), 0.0182993 secs] [Times: user=0.19 sys=0.00, real=0.02 secs] 
2016-09-24T04:17:37.170-0400: 36.956: [GC (GCLocker Initiated GC) [PSYoungGen: 130781K->49803K(175104K)] 481898K->424494K(699392K), 0.0097981 secs] [Times: user=0.12 sys=0.00, real=0.01 secs] 
2016-09-24T04:17:37.219-0400: 37.004: [GC (GCLocker Initiated GC) [PSYoungGen: 137867K->50894K(175104K)] 516690K->446804K(699392K), 0.0130866 secs] [Times: user=0.14 sys=0.00, real=0.01 secs] 
2016-09-24T04:17:37.279-0400: 37.064: [GC (GCLocker Initiated GC) [PSYoungGen: 138958K->64670K(175104K)] 547063K->493709K(699392K), 0.0101404 secs] [Times: user=0.10 sys=0.00, real=0.01 secs] 
2016-09-24T04:17:37.349-0400: 37.134: [GC (GCLocker Initiated GC) [PSYoungGen: 152734K->37394K(175104K)] 588866K->479610K(699392K), 0.0119813 secs] [Times: user=0.12 sys=0.00, real=0.01 secs] 
2016-09-24T04:17:37.401-0400: 37.187: [GC (GCLocker Initiated GC) [PSYoungGen: 125458K->49644K(175104K)] 573329K->513117K(699392K), 0.0104289 secs] [Times: user=0.09 sys=0.00, real=0.01 secs] 
2016-09-24T04:17:37.468-0400: 37.253: [GC (GCLocker Initiated GC) [PSYoungGen: 137708K->45721K(134144K)] 610757K->549151K(658432K), 0.0068168 secs] [Times: user=0.07 sys=0.00, real=0.01 secs] 
2016-09-24T04:17:37.475-0400: 37.260: [Full GC (Ergonomics) [PSYoungGen: 45721K->0K(134144K)] [ParOldGen: 503429K->228638K(524288K)] 549151K->228638K(658432K), [Metaspace: 43699K->43699K(1087488K)], 0.0502896 secs] [Times: user=0.39 sys=0.00, real=0.05 secs] 
2016-09-24T04:17:37.569-0400: 37.354: [GC (GCLocker Initiated GC) [PSYoungGen: 88064K->64900K(172032K)] 319547K->296383K(696320K), 0.0077981 secs] [Times: user=0.10 sys=0.00, real=0.01 secs] 
2016-09-24T04:17:37.614-0400: 37.399: [GC (GCLocker Initiated GC) [PSYoungGen: 151940K->54033K(173056K)] 395753K->316358K(697344K), 0.0099342 secs] [Times: user=0.09 sys=0.00, real=0.02 secs] 
2016-09-24T04:17:37.663-0400: 37.448: [GC (GCLocker Initiated GC) [PSYoungGen: 141073K->69997K(171008K)] 406185K->360284K(695296K), 0.0092026 secs] [Times: user=0.07 sys=0.00, real=0.00 secs] 
2016-09-24T04:17:37.716-0400: 37.501: [GC (GCLocker Initiated GC) [PSYoungGen: 158061K->64538K(174080K)] 448503K->371859K(698368K), 0.0081487 secs] [Times: user=0.08 sys=0.00, real=0.01 secs] 
2016-09-24T04:17:37.765-0400: 37.550: [GC (GCLocker Initiated GC) [PSYoungGen: 152602K->49749K(173056K)] 468137K->378166K(697344K), 0.0071875 secs] [Times: user=0.06 sys=0.00, real=0.00 secs] 
2016-09-24T04:17:37.813-0400: 37.598: [GC (GCLocker Initiated GC) [PSYoungGen: 139860K->44321K(174592K)] 473930K->404918K(698880K), 0.0081131 secs] [Times: user=0.08 sys=0.00, real=0.01 secs] 
2016-09-24T04:17:37.860-0400: 37.645: [GC (GCLocker Initiated GC) [PSYoungGen: 134433K->53811K(171008K)] 499222K->430101K(695296K), 0.0073506 secs] [Times: user=0.06 sys=0.01, real=0.01 secs] 
2016-09-24T04:17:37.908-0400: 37.694: [GC (GCLocker Initiated GC) [PSYoungGen: 147507K->43076K(174592K)] 529360K->448676K(698880K), 0.0078817 secs] [Times: user=0.06 sys=0.00, real=0.01 secs] 
2016-09-24T04:17:37.965-0400: 37.750: [GC (GCLocker Initiated GC) [PSYoungGen: 136772K->74120K(171520K)] 545206K->502348K(695808K), 0.0104891 secs] [Times: user=0.12 sys=0.00, real=0.01 secs] 
2016-09-24T04:17:38.013-0400: 37.798: [GC (GCLocker Initiated GC) [PSYoungGen: 165256K->66221K(157696K)] 593612K->526416K(681984K), 0.0086165 secs] [Times: user=0.10 sys=0.00, real=0.01 secs] 
2016-09-24T04:17:38.063-0400: 37.848: [GC (GCLocker Initiated GC) [PSYoungGen: 157357K->55223K(178688K)] 625815K->540857K(702976K), 0.0078316 secs] [Times: user=0.07 sys=0.01, real=0.00 secs] 
2016-09-24T04:17:38.071-0400: 37.856: [Full GC (Ergonomics) [PSYoungGen: 55223K->0K(178688K)] [ParOldGen: 485634K->242457K(524288K)] 540857K->242457K(702976K), [Metaspace: 43700K->43700K(1087488K)], 0.0612902 secs] [Times: user=0.33 sys=0.00, real=0.06 secs] 
2016-09-24T04:17:38.181-0400: 37.966: [GC (GCLocker Initiated GC) [PSYoungGen: 92160K->51315K(143872K)] 341579K->300735K(668160K), 0.0062054 secs] [Times: user=0.06 sys=0.00, real=0.01 secs] 
2016-09-24T04:17:38.224-0400: 38.009: [GC (GCLocker Initiated GC) [PSYoungGen: 143475K->63104K(174080K)] 395769K->347490K(698368K), 0.0089764 secs] [Times: user=0.10 sys=0.00, real=0.00 secs] 
2016-09-24T04:17:38.274-0400: 38.059: [GC (GCLocker Initiated GC) [PSYoungGen: 155264K->74131K(174080K)] 442537K->391768K(698368K), 0.0087452 secs] [Times: user=0.11 sys=0.01, real=0.02 secs] 
2016-09-24T04:17:38.328-0400: 38.113: [GC (GCLocker Initiated GC) [PSYoungGen: 166291K->53865K(178176K)] 487178K->405263K(702464K), 0.0069023 secs] [Times: user=0.07 sys=0.00, real=0.01 secs] 
2016-09-24T04:17:38.364-0400: 38.149: [GC (GCLocker Initiated GC) [PSYoungGen: 146025K->79521K(172032K)] 501560K->445309K(696320K), 0.0078365 secs] [Times: user=0.08 sys=0.00, real=0.00 secs] 
2016-09-24T04:17:38.418-0400: 38.203: [GC (GCLocker Initiated GC) [PSYoungGen: 171681K->52435K(175104K)] 537607K->451566K(699392K), 0.0079401 secs] [Times: user=0.08 sys=0.01, real=0.01 secs] 
2016-09-24T04:17:38.472-0400: 38.257: [GC (GCLocker Initiated GC) [PSYoungGen: 140499K->38792K(175104K)] 541056K->464365K(699392K), 0.0087073 secs] [Times: user=0.07 sys=0.00, real=0.01 secs] 
2016-09-24T04:17:38.524-0400: 38.309: [GC (GCLocker Initiated GC) [PSYoungGen: 126856K->47193K(175104K)] 569013K->500902K(699392K), 0.0079931 secs] [Times: user=0.06 sys=0.00, real=0.00 secs] 
2016-09-24T04:17:38.577-0400: 38.362: [GC (GCLocker Initiated GC) [PSYoungGen: 135257K->54903K(143360K)] 591756K->515090K(667648K), 0.0070225 secs] [Times: user=0.06 sys=0.00, real=0.01 secs] 
2016-09-24T04:17:38.625-0400: 38.410: [GC (GCLocker Initiated GC) [PSYoungGen: 142967K->40181K(172544K)] 612905K->558017K(696832K), 0.0106794 secs] [Times: user=0.09 sys=0.00, real=0.01 secs] 
2016-09-24T04:17:38.635-0400: 38.421: [Full GC (Ergonomics) [PSYoungGen: 40181K->0K(172544K)] [ParOldGen: 517835K->232934K(524288K)] 558017K->232934K(696832K), [Metaspace: 43700K->43700K(1087488K)], 0.0578271 secs] [Times: user=0.37 sys=0.00, real=0.05 secs] 
2016-09-24T04:17:38.741-0400: 38.526: [GC (GCLocker Initiated GC) [PSYoungGen: 88064K->68578K(172544K)] 321227K->301741K(696832K), 0.0066895 secs] [Times: user=0.05 sys=0.00, real=0.01 secs] 
2016-09-24T04:17:38.777-0400: 38.562: [GC (GCLocker Initiated GC) [PSYoungGen: 156642K->49772K(175616K)] 398131K->315037K(699904K), 0.0084774 secs] [Times: user=0.06 sys=0.00, real=0.01 secs] 
2016-09-24T04:17:38.833-0400: 38.618: [GC (Allocation Failure) [PSYoungGen: 140908K->45691K(175616K)] 419787K->345640K(699904K), 0.0109538 secs] [Times: user=0.11 sys=0.00, real=0.02 secs] 
2016-09-24T04:17:38.880-0400: 38.665: [GC (GCLocker Initiated GC) [PSYoungGen: 136037K->64571K(176128K)] 437336K->382979K(700416K), 0.0071095 secs] [Times: user=0.06 sys=0.02, real=0.01 secs] 
2016-09-24T04:17:38.920-0400: 38.705: [GC (GCLocker Initiated GC) [PSYoungGen: 157243K->76866K(169984K)] 478383K->418921K(694272K), 0.0076137 secs] [Times: user=0.09 sys=0.00, real=0.01 secs] 
2016-09-24T04:17:38.975-0400: 38.760: [GC (Allocation Failure) [PSYoungGen: 169538K->66162K(175104K)] 514526K->425372K(699392K), 0.0074258 secs] [Times: user=0.09 sys=0.00, real=0.01 secs] 
2016-09-24T04:17:39.015-0400: 38.800: [GC (GCLocker Initiated GC) [PSYoungGen: 154226K->68579K(175104K)] 513453K->457055K(699392K), 0.0078811 secs] [Times: user=0.09 sys=0.01, real=0.01 secs] 
2016-09-24T04:17:39.067-0400: 38.852: [GC (GCLocker Initiated GC) [PSYoungGen: 156643K->66236K(175104K)] 553378K->475752K(699392K), 0.0070168 secs] [Times: user=0.07 sys=0.00, real=0.01 secs] 
2016-09-24T04:17:39.115-0400: 38.900: [GC (GCLocker Initiated GC) [PSYoungGen: 154300K->65849K(175104K)] 566769K->502252K(699392K), 0.0075801 secs] [Times: user=0.09 sys=0.00, real=0.01 secs] 
2016-09-24T04:17:39.162-0400: 38.947: [GC (GCLocker Initiated GC) [PSYoungGen: 153913K->63176K(175104K)] 590472K->516552K(699392K), 0.0187425 secs] [Times: user=0.26 sys=0.01, real=0.02 secs] 
2016-09-24T04:17:39.215-0400: 39.000: [GC (GCLocker Initiated GC) [PSYoungGen: 151240K->66136K(154624K)] 608829K->558271K(678912K), 0.0079633 secs] [Times: user=0.11 sys=0.00, real=0.01 secs] 
2016-09-24T04:17:39.223-0400: 39.008: [Full GC (Ergonomics) [PSYoungGen: 66136K->0K(154624K)] [ParOldGen: 492135K->245319K(524288K)] 558271K->245319K(678912K), [Metaspace: 43702K->43702K(1087488K)], 0.0514108 secs] [Times: user=0.41 sys=0.00, real=0.05 secs] 
2016-09-24T04:17:39.326-0400: 39.112: [GC (GCLocker Initiated GC) [PSYoungGen: 88064K->39154K(173056K)] 345810K->296909K(697344K), 0.0055333 secs] [Times: user=0.05 sys=0.00, real=0.00 secs] 
2016-09-24T04:17:39.365-0400: 39.151: [GC (GCLocker Initiated GC) [PSYoungGen: 126194K->71312K(174080K)] 387468K->339016K(698368K), 0.0079160 secs] [Times: user=0.06 sys=0.00, real=0.00 secs] 
2016-09-24T04:17:39.419-0400: 39.204: [GC (GCLocker Initiated GC) [PSYoungGen: 158352K->58000K(174080K)] 430288K->348190K(698368K), 0.0062024 secs] [Times: user=0.07 sys=0.01, real=0.01 secs] 
2016-09-24T04:17:39.459-0400: 39.244: [GC (GCLocker Initiated GC) [PSYoungGen: 146064K->61854K(174592K)] 436315K->388030K(698880K), 0.0097844 secs] [Times: user=0.10 sys=0.01, real=0.01 secs] 
2016-09-24T04:17:39.508-0400: 39.293: [GC (GCLocker Initiated GC) [PSYoungGen: 149918K->63412K(173568K)] 481653K->425508K(697856K), 0.0082824 secs] [Times: user=0.09 sys=0.00, real=0.01 secs] 
2016-09-24T04:17:39.559-0400: 39.344: [GC (GCLocker Initiated GC) [PSYoungGen: 154036K->56568K(174080K)] 518977K->438561K(698368K), 0.0096791 secs] [Times: user=0.09 sys=0.00, real=0.01 secs] 
2016-09-24T04:17:39.617-0400: 39.402: [GC (GCLocker Initiated GC) [PSYoungGen: 147192K->51344K(178176K)] 538788K->472144K(702464K), 0.0064160 secs] [Times: user=0.09 sys=0.00, real=0.01 secs] 
2016-09-24T04:17:39.661-0400: 39.446: [GC (GCLocker Initiated GC) [PSYoungGen: 147600K->79527K(176128K)] 572609K->524350K(700416K), 0.0097333 secs] [Times: user=0.08 sys=0.00, real=0.01 secs] 
2016-09-24T04:17:39.716-0400: 39.501: [GC (GCLocker Initiated GC) [PSYoungGen: 175783K->34696K(174080K)] 627420K->515435K(698368K), 0.0108147 secs] [Times: user=0.10 sys=0.00, real=0.01 secs] 
2016-09-24T04:17:39.727-0400: 39.512: [Full GC (Ergonomics) [PSYoungGen: 34696K->0K(174080K)] [ParOldGen: 480738K->247157K(524288K)] 515435K->247157K(698368K), [Metaspace: 43719K->43719K(1087488K)], 0.0540534 secs] [Times: user=0.38 sys=0.02, real=0.05 secs] 
2016-09-24T04:17:39.827-0400: 39.612: [GC (GCLocker Initiated GC) [PSYoungGen: 88064K->55489K(175104K)] 344788K->312214K(699392K), 0.0091987 secs] [Times: user=0.08 sys=0.00, real=0.01 secs] 
2016-09-24T04:17:39.880-0400: 39.665: [GC (GCLocker Initiated GC) [PSYoungGen: 143553K->68500K(174080K)] 401675K->341232K(698368K), 0.0073177 secs] [Times: user=0.08 sys=0.00, real=0.01 secs] 
2016-09-24T04:17:39.917-0400: 39.702: [GC (GCLocker Initiated GC) [PSYoungGen: 156564K->71408K(175104K)] 432157K->371917K(699392K), 0.0082916 secs] [Times: user=0.09 sys=0.01, real=0.01 secs] 
2016-09-24T04:17:39.975-0400: 39.760: [GC (GCLocker Initiated GC) [PSYoungGen: 159472K->38787K(175104K)] 460128K->372535K(699392K), 0.0072264 secs] [Times: user=0.06 sys=0.01, real=0.00 secs] 
2016-09-24T04:17:40.014-0400: 39.799: [GC (GCLocker Initiated GC) [PSYoungGen: 126851K->74125K(175104K)] 460923K->425097K(699392K), 0.0078112 secs] [Times: user=0.08 sys=0.00, real=0.01 secs] 
2016-09-24T04:17:40.067-0400: 39.852: [GC (GCLocker Initiated GC) [PSYoungGen: 162189K->49827K(175104K)] 517265K->439423K(699392K), 0.0072307 secs] [Times: user=0.09 sys=0.00, real=0.01 secs] 
2016-09-24T04:17:40.110-0400: 39.895: [GC (GCLocker Initiated GC) [PSYoungGen: 137891K->67417K(175104K)] 533038K->478193K(699392K), 0.0087057 secs] [Times: user=0.08 sys=0.00, real=0.01 secs] 
2016-09-24T04:17:40.162-0400: 39.947: [GC (GCLocker Initiated GC) [PSYoungGen: 155481K->44359K(175104K)] 574556K->481826K(699392K), 0.0091756 secs] [Times: user=0.08 sys=0.01, real=0.00 secs] 
2016-09-24T04:17:40.210-0400: 39.995: [GC (GCLocker Initiated GC) [PSYoungGen: 132423K->51006K(175104K)] 574108K->518956K(699392K), 0.0112187 secs] [Times: user=0.10 sys=0.00, real=0.01 secs] 
2016-09-24T04:17:40.254-0400: 40.039: [GC (GCLocker Initiated GC) [PSYoungGen: 139070K->52286K(174080K)] 607146K->553594K(698368K), 0.0078752 secs] [Times: user=0.08 sys=0.01, real=0.01 secs] 
2016-09-24T04:17:40.262-0400: 40.047: [Full GC (Ergonomics) [PSYoungGen: 52286K->0K(174080K)] [ParOldGen: 501308K->257195K(524288K)] 553594K->257195K(698368K), [Metaspace: 43719K->43719K(1087488K)], 0.0459827 secs] [Times: user=0.31 sys=0.01, real=0.04 secs] 
2016-09-24T04:17:40.348-0400: 40.133: [GC (GCLocker Initiated GC) [PSYoungGen: 88064K->78532K(174592K)] 350784K->341260K(698880K), 0.0089694 secs] [Times: user=0.11 sys=0.00, real=0.01 secs] 
2016-09-24T04:17:40.400-0400: 40.186: [GC (GCLocker Initiated GC) [PSYoungGen: 166596K->49919K(175104K)] 434915K->344916K(699392K), 0.0071221 secs] [Times: user=0.07 sys=0.00, real=0.01 secs] 
2016-09-24T04:17:40.441-0400: 40.226: [GC (GCLocker Initiated GC) [PSYoungGen: 137983K->63412K(175104K)] 447995K->383677K(699392K), 0.0065466 secs] [Times: user=0.08 sys=0.01, real=0.01 secs] 
2016-09-24T04:17:40.492-0400: 40.277: [GC (GCLocker Initiated GC) [PSYoungGen: 151476K->38751K(175104K)] 471836K->382885K(699392K), 0.0058165 secs] [Times: user=0.07 sys=0.00, real=0.01 secs] 
2016-09-24T04:17:40.526-0400: 40.311: [GC (GCLocker Initiated GC) [PSYoungGen: 126815K->80934K(175104K)] 471107K->454244K(699392K), 0.0077806 secs] [Times: user=0.11 sys=0.00, real=0.00 secs] 
2016-09-24T04:17:40.583-0400: 40.368: [GC (GCLocker Initiated GC) [PSYoungGen: 168998K->48682K(175104K)] 558709K->456759K(699392K), 0.0074709 secs] [Times: user=0.07 sys=0.01, real=0.00 secs] 
2016-09-24T04:17:40.627-0400: 40.413: [GC (GCLocker Initiated GC) [PSYoungGen: 136746K->57917K(175104K)] 551705K->484548K(699392K), 0.0062469 secs] [Times: user=0.08 sys=0.00, real=0.00 secs] 
2016-09-24T04:17:40.669-0400: 40.454: [GC (GCLocker Initiated GC) [PSYoungGen: 145981K->68677K(175104K)] 582261K->519202K(699392K), 0.0088267 secs] [Times: user=0.09 sys=0.00, real=0.01 secs] 
2016-09-24T04:17:40.718-0400: 40.503: [GC (GCLocker Initiated GC) [PSYoungGen: 156741K->61810K(175104K)] 610323K->557987K(699392K), 0.0077933 secs] [Times: user=0.10 sys=0.01, real=0.01 secs] 
2016-09-24T04:17:40.726-0400: 40.511: [Full GC (Ergonomics) [PSYoungGen: 61810K->0K(175104K)] [ParOldGen: 496177K->264205K(524288K)] 557987K->264205K(699392K), [Metaspace: 43729K->43729K(1087488K)], 0.0511668 secs] [Times: user=0.38 sys=0.01, real=0.05 secs] 
2016-09-24T04:17:40.829-0400: 40.615: [GC (GCLocker Initiated GC) [PSYoungGen: 88064K->60551K(173056K)] 357701K->330189K(697344K), 0.0137623 secs] [Times: user=0.14 sys=0.01, real=0.02 secs] 
2016-09-24T04:17:40.877-0400: 40.662: [GC (GCLocker Initiated GC) [PSYoungGen: 148615K->56623K(174080K)] 427868K->361143K(698368K), 0.0152032 secs] [Times: user=0.18 sys=0.00, real=0.01 secs] 
2016-09-24T04:17:40.944-0400: 40.729: [GC (GCLocker Initiated GC) [PSYoungGen: 144687K->40313K(173568K)] 453435K->362004K(697856K), 0.0131643 secs] [Times: user=0.13 sys=0.00, real=0.01 secs] 
2016-09-24T04:17:41.000-0400: 40.785: [GC (GCLocker Initiated GC) [PSYoungGen: 130425K->65939K(174592K)] 454952K->415497K(698880K), 0.0071662 secs] [Times: user=0.11 sys=0.01, real=0.01 secs] 
2016-09-24T04:17:41.047-0400: 40.832: [GC (GCLocker Initiated GC) [PSYoungGen: 156051K->40248K(176128K)] 508475K->417599K(700416K), 0.0064781 secs] [Times: user=0.07 sys=0.00, real=0.00 secs] 
2016-09-24T04:17:41.095-0400: 40.880: [GC (GCLocker Initiated GC) [PSYoungGen: 131384K->51209K(142848K)] 514389K->459317K(667136K), 0.0069247 secs] [Times: user=0.08 sys=0.00, real=0.01 secs] 
2016-09-24T04:17:41.141-0400: 40.926: [GC (GCLocker Initiated GC) [PSYoungGen: 142345K->53684K(177664K)] 553255K->484334K(701952K), 0.0094839 secs] [Times: user=0.07 sys=0.00, real=0.01 secs] 
2016-09-24T04:17:41.198-0400: 40.983: [GC (GCLocker Initiated GC) [PSYoungGen: 147892K->56437K(175104K)] 578610K->508191K(699392K), 0.0152888 secs] [Times: user=0.07 sys=0.01, real=0.01 secs] 
2016-09-24T04:17:41.243-0400: 41.029: [GC (GCLocker Initiated GC) [PSYoungGen: 150645K->70466K(173568K)] 603954K->551530K(697856K), 0.0182244 secs] [Times: user=0.21 sys=0.01, real=0.01 secs] 
2016-09-24T04:17:41.310-0400: 41.095: [GC (GCLocker Initiated GC) [PSYoungGen: 165186K->41553K(176640K)] 647689K->546539K(700928K), 0.0096249 secs] [Times: user=0.07 sys=0.00, real=0.01 secs] 
2016-09-24T04:17:41.320-0400: 41.105: [Full GC (Ergonomics) [PSYoungGen: 41553K->0K(176640K)] [ParOldGen: 504986K->263699K(524288K)] 546539K->263699K(700928K), [Metaspace: 43732K->43732K(1087488K)], 0.0615821 secs] [Times: user=0.45 sys=0.01, real=0.06 secs] 
2016-09-24T04:17:41.431-0400: 41.217: [GC (GCLocker Initiated GC) [PSYoungGen: 94720K->71652K(173568K)] 361254K->338187K(697856K), 0.0116983 secs] [Times: user=0.16 sys=0.00, real=0.02 secs] 
2016-09-24T04:17:41.478-0400: 41.263: [GC (GCLocker Initiated GC) [PSYoungGen: 162788K->60563K(176640K)] 432176K->352551K(700928K), 0.0081452 secs] [Times: user=0.07 sys=0.00, real=0.01 secs] 
2016-09-24T04:17:41.530-0400: 41.315: [GC (GCLocker Initiated GC) [PSYoungGen: 151699K->42980K(175104K)] 453210K->364198K(699392K), 0.0064322 secs] [Times: user=0.05 sys=0.00, real=0.01 secs] 
2016-09-24T04:17:41.574-0400: 41.359: [GC (GCLocker Initiated GC) [PSYoungGen: 135652K->59405K(176640K)] 458264K->405757K(700928K), 0.0071536 secs] [Times: user=0.08 sys=0.01, real=0.00 secs] 
2016-09-24T04:17:41.625-0400: 41.411: [GC (GCLocker Initiated GC) [PSYoungGen: 152077K->76839K(170496K)] 506664K->447076K(694784K), 0.0070758 secs] [Times: user=0.10 sys=0.00, real=0.00 secs] 
2016-09-24T04:17:41.659-0400: 41.445: [GC (GCLocker Initiated GC) [PSYoungGen: 164903K->71318K(175104K)] 535383K->466861K(699392K), 0.0070956 secs] [Times: user=0.10 sys=0.00, real=0.01 secs] 
2016-09-24T04:17:41.710-0400: 41.495: [GC (GCLocker Initiated GC) [PSYoungGen: 159382K->46916K(175104K)] 560464K->466235K(699392K), 0.0060177 secs] [Times: user=0.06 sys=0.00, real=0.01 secs] 
2016-09-24T04:17:41.740-0400: 41.525: [GC (GCLocker Initiated GC) [PSYoungGen: 134980K->64805K(175104K)] 558533K->502573K(699392K), 0.0075003 secs] [Times: user=0.07 sys=0.00, real=0.01 secs] 
2016-09-24T04:17:41.791-0400: 41.576: [GC (GCLocker Initiated GC) [PSYoungGen: 152869K->49763K(174080K)] 602980K->539947K(698368K), 0.0074594 secs] [Times: user=0.11 sys=0.00, real=0.01 secs] 
2016-09-24T04:17:41.799-0400: 41.584: [Full GC (Ergonomics) [PSYoungGen: 49763K->0K(174080K)] [ParOldGen: 490184K->267702K(524288K)] 539947K->267702K(698368K), [Metaspace: 43740K->43740K(1087488K)], 0.0548901 secs] [Times: user=0.41 sys=0.02, real=0.05 secs] 
2016-09-24T04:17:41.885-0400: 41.670: [GC (GCLocker Initiated GC) [PSYoungGen: 88064K->85291K(174592K)] 361252K->366580K(698880K), 0.0065614 secs] [Times: user=0.10 sys=0.00, real=0.00 secs] 
2016-09-24T04:17:41.926-0400: 41.711: [GC (GCLocker Initiated GC) [PSYoungGen: 173355K->56359K(175104K)] 455477K->366576K(699392K), 0.0070424 secs] [Times: user=0.07 sys=0.00, real=0.00 secs] 
2016-09-24T04:17:41.967-0400: 41.752: [GC (Allocation Failure) [PSYoungGen: 144423K->75521K(175104K)] 464129K->407887K(699392K), 0.0071105 secs] [Times: user=0.09 sys=0.01, real=0.01 secs] 
2016-09-24T04:17:41.999-0400: 41.784: [GC (GCLocker Initiated GC) [PSYoungGen: 163585K->64599K(175104K)] 498676K->422149K(699392K), 0.0068677 secs] [Times: user=0.10 sys=0.00, real=0.01 secs] 
2016-09-24T04:17:42.043-0400: 41.829: [GC (GCLocker Initiated GC) [PSYoungGen: 152663K->52313K(175104K)] 523963K->436428K(699392K), 0.0066384 secs] [Times: user=0.06 sys=0.01, real=0.00 secs] 
2016-09-24T04:17:42.084-0400: 41.869: [GC (GCLocker Initiated GC) [PSYoungGen: 140377K->71380K(175104K)] 530014K->480686K(699392K), 0.0071378 secs] [Times: user=0.09 sys=0.00, real=0.00 secs] 
2016-09-24T04:17:42.125-0400: 41.910: [GC (GCLocker Initiated GC) [PSYoungGen: 159444K->55130K(175104K)] 574284K->504408K(699392K), 0.0079428 secs] [Times: user=0.08 sys=0.00, real=0.00 secs] 
2016-09-24T04:17:42.161-0400: 41.946: [GC (GCLocker Initiated GC) [PSYoungGen: 143194K->53905K(175104K)] 592588K->537728K(699392K), 0.0072171 secs] [Times: user=0.09 sys=0.00, real=0.01 secs] 
2016-09-24T04:17:42.169-0400: 41.954: [Full GC (Ergonomics) [PSYoungGen: 53905K->0K(175104K)] [ParOldGen: 483822K->274026K(524288K)] 537728K->274026K(699392K), [Metaspace: 43740K->43740K(1087488K)], 0.0488144 secs] [Times: user=0.43 sys=0.00, real=0.05 secs] 
2016-09-24T04:17:42.253-0400: 42.038: [GC (GCLocker Initiated GC) [PSYoungGen: 88064K->85119K(175104K)] 364891K->361947K(699392K), 0.0063222 secs] [Times: user=0.08 sys=0.00, real=0.01 secs] 
2016-09-24T04:17:42.286-0400: 42.071: [GC (GCLocker Initiated GC) [PSYoungGen: 173183K->60687K(175104K)] 450168K->373735K(699392K), 0.0073696 secs] [Times: user=0.10 sys=0.00, real=0.00 secs] 
2016-09-24T04:17:42.332-0400: 42.117: [GC (GCLocker Initiated GC) [PSYoungGen: 148751K->67311K(175104K)] 471406K->420525K(699392K), 0.0068067 secs] [Times: user=0.10 sys=0.00, real=0.01 secs] 
2016-09-24T04:17:42.373-0400: 42.158: [GC (GCLocker Initiated GC) [PSYoungGen: 155375K->59326K(175104K)] 508640K->438903K(699392K), 0.0070135 secs] [Times: user=0.09 sys=0.00, real=0.01 secs] 
2016-09-24T04:17:44.899-0400: 44.684: [GC (Allocation Failure) [PSYoungGen: 147390K->12289K(175104K)] 526971K->403378K(699392K), 0.0054516 secs] [Times: user=0.05 sys=0.00, real=0.01 secs] 
2016-09-24T04:17:49.837-0400: 49.622: [GC (Allocation Failure) [PSYoungGen: 100353K->20004K(175104K)] 491442K->422993K(699392K), 0.0078679 secs] [Times: user=0.04 sys=0.00, real=0.01 secs] 
2016-09-24T04:17:54.490-0400: 54.275: [GC (Allocation Failure) [PSYoungGen: 108068K->22181K(175104K)] 511057K->444838K(699392K), 0.0098694 secs] [Times: user=0.09 sys=0.00, real=0.01 secs] 
2016-09-24T04:17:59.134-0400: 58.919: [GC (Allocation Failure) [PSYoungGen: 110245K->21605K(175104K)] 532902K->466155K(699392K), 0.0114795 secs] [Times: user=0.10 sys=0.01, real=0.02 secs] 
2016-09-24T04:18:03.675-0400: 63.461: [GC (Allocation Failure) [PSYoungGen: 109669K->20868K(175104K)] 554219K->486616K(699392K), 0.0084445 secs] [Times: user=0.06 sys=0.01, real=0.01 secs] 
2016-09-24T04:18:08.292-0400: 68.077: [GC (Allocation Failure) [PSYoungGen: 108932K->20900K(175104K)] 574680K->507365K(699392K), 0.0083902 secs] [Times: user=0.04 sys=0.01, real=0.01 secs] 
2016-09-24T04:18:08.301-0400: 68.086: [Full GC (Ergonomics) [PSYoungGen: 20900K->0K(175104K)] [ParOldGen: 486464K->209245K(524288K)] 507365K->209245K(699392K), [Metaspace: 43963K->43963K(1087488K)], 0.0831615 secs] [Times: user=0.64 sys=0.01, real=0.09 secs] 
